2025-08-17T01:42:22.1170978Z Current runner version: '2.327.1'
2025-08-17T01:42:22.1193873Z ##[group]Runner Image Provisioner
2025-08-17T01:42:22.1194670Z Hosted Compute Agent
2025-08-17T01:42:22.1195169Z Version: 20250812.370
2025-08-17T01:42:22.1195857Z Commit: 4a2b2bf7520004e3e907c2150c8cabe342a3da32
2025-08-17T01:42:22.1196498Z Build Date: 2025-08-12T16:08:14Z
2025-08-17T01:42:22.1197083Z ##[endgroup]
2025-08-17T01:42:22.1197641Z ##[group]Operating System
2025-08-17T01:42:22.1198207Z Ubuntu
2025-08-17T01:42:22.1198636Z 24.04.2
2025-08-17T01:42:22.1199123Z LTS
2025-08-17T01:42:22.1199543Z ##[endgroup]
2025-08-17T01:42:22.1200021Z ##[group]Runner Image
2025-08-17T01:42:22.1200616Z Image: ubuntu-24.04
2025-08-17T01:42:22.1201085Z Version: 20250810.1.0
2025-08-17T01:42:22.1202073Z Included Software: https://github.com/actions/runner-images/blob/ubuntu24/20250810.1/images/ubuntu/Ubuntu2404-Readme.md
2025-08-17T01:42:22.1203844Z Image Release: https://github.com/actions/runner-images/releases/tag/ubuntu24%2F20250810.1
2025-08-17T01:42:22.1204833Z ##[endgroup]
2025-08-17T01:42:22.1207274Z ##[group]GITHUB_TOKEN Permissions
2025-08-17T01:42:22.1209163Z Actions: write
2025-08-17T01:42:22.1209648Z Attestations: write
2025-08-17T01:42:22.1210291Z Checks: write
2025-08-17T01:42:22.1210734Z Contents: write
2025-08-17T01:42:22.1211232Z Deployments: write
2025-08-17T01:42:22.1211767Z Discussions: write
2025-08-17T01:42:22.1212263Z Issues: write
2025-08-17T01:42:22.1212924Z Metadata: read
2025-08-17T01:42:22.1213487Z Models: read
2025-08-17T01:42:22.1213928Z Packages: write
2025-08-17T01:42:22.1214441Z Pages: write
2025-08-17T01:42:22.1214983Z PullRequests: write
2025-08-17T01:42:22.1215467Z RepositoryProjects: write
2025-08-17T01:42:22.1216016Z SecurityEvents: write
2025-08-17T01:42:22.1216623Z Statuses: write
2025-08-17T01:42:22.1217134Z ##[endgroup]
2025-08-17T01:42:22.1219059Z Secret source: Actions
2025-08-17T01:42:22.1219823Z Prepare workflow directory
2025-08-17T01:42:22.1544305Z Prepare all required actions
2025-08-17T01:42:22.1581399Z Getting action download info
2025-08-17T01:42:22.5108824Z Download action repository 'actions/checkout@v4' (SHA:08eba0b27e820071cde6df949e0beb9ba4906955)
2025-08-17T01:42:23.0051358Z Download action repository 'actions/setup-python@v5' (SHA:a26af69be951a213d495a4c3e4e4022e16d87065)
2025-08-17T01:42:23.5054813Z Download action repository 'peaceiris/actions-gh-pages@v3' (SHA:373f7f263a76c20808c831209c920827a82a2847)
2025-08-17T01:42:24.0406435Z Complete job name: publish
2025-08-17T01:42:24.1162021Z ##[group]Run actions/checkout@v4
2025-08-17T01:42:24.1163427Z with:
2025-08-17T01:42:24.1164144Z   repository: AlexBomber12/AWA-App
2025-08-17T01:42:24.1165314Z   token: ***
2025-08-17T01:42:24.1166002Z   ssh-strict: true
2025-08-17T01:42:24.1166696Z   ssh-user: git
2025-08-17T01:42:24.1167427Z   persist-credentials: true
2025-08-17T01:42:24.1168239Z   clean: true
2025-08-17T01:42:24.1168939Z   sparse-checkout-cone-mode: true
2025-08-17T01:42:24.1169811Z   fetch-depth: 1
2025-08-17T01:42:24.1170495Z   fetch-tags: false
2025-08-17T01:42:24.1171226Z   show-progress: true
2025-08-17T01:42:24.1171954Z   lfs: false
2025-08-17T01:42:24.1172761Z   submodules: false
2025-08-17T01:42:24.1173481Z   set-safe-directory: true
2025-08-17T01:42:24.1174527Z ##[endgroup]
2025-08-17T01:42:24.2256445Z Syncing repository: AlexBomber12/AWA-App
2025-08-17T01:42:24.2259801Z ##[group]Getting Git version info
2025-08-17T01:42:24.2261110Z Working directory is '/home/runner/work/AWA-App/AWA-App'
2025-08-17T01:42:24.2263084Z [command]/usr/bin/git version
2025-08-17T01:42:24.2288243Z git version 2.50.1
2025-08-17T01:42:24.2314703Z ##[endgroup]
2025-08-17T01:42:24.2330651Z Temporarily overriding HOME='/home/runner/work/_temp/b1d529bf-fe3f-4bbc-97a3-a13865794324' before making global git config changes
2025-08-17T01:42:24.2335356Z Adding repository directory to the temporary git global config as a safe directory
2025-08-17T01:42:24.2337518Z [command]/usr/bin/git config --global --add safe.directory /home/runner/work/AWA-App/AWA-App
2025-08-17T01:42:24.2371010Z Deleting the contents of '/home/runner/work/AWA-App/AWA-App'
2025-08-17T01:42:24.2374095Z ##[group]Initializing the repository
2025-08-17T01:42:24.2377891Z [command]/usr/bin/git init /home/runner/work/AWA-App/AWA-App
2025-08-17T01:42:24.2428705Z hint: Using 'master' as the name for the initial branch. This default branch name
2025-08-17T01:42:24.2431383Z hint: is subject to change. To configure the initial branch name to use in all
2025-08-17T01:42:24.2434727Z hint: of your new repositories, which will suppress this warning, call:
2025-08-17T01:42:24.2437028Z hint:
2025-08-17T01:42:24.2438494Z hint: 	git config --global init.defaultBranch <name>
2025-08-17T01:42:24.2440442Z hint:
2025-08-17T01:42:24.2442498Z hint: Names commonly chosen instead of 'master' are 'main', 'trunk' and
2025-08-17T01:42:24.2446168Z hint: 'development'. The just-created branch can be renamed via this command:
2025-08-17T01:42:24.2448527Z hint:
2025-08-17T01:42:24.2449639Z hint: 	git branch -m <name>
2025-08-17T01:42:24.2450695Z hint:
2025-08-17T01:42:24.2451848Z hint: Disable this message with "git config set advice.defaultBranchName false"
2025-08-17T01:42:24.2454009Z Initialized empty Git repository in /home/runner/work/AWA-App/AWA-App/.git/
2025-08-17T01:42:24.2458567Z [command]/usr/bin/git remote add origin https://github.com/AlexBomber12/AWA-App
2025-08-17T01:42:24.2476147Z ##[endgroup]
2025-08-17T01:42:24.2477643Z ##[group]Disabling automatic garbage collection
2025-08-17T01:42:24.2479567Z [command]/usr/bin/git config --local gc.auto 0
2025-08-17T01:42:24.2507796Z ##[endgroup]
2025-08-17T01:42:24.2508993Z ##[group]Setting up auth
2025-08-17T01:42:24.2513598Z [command]/usr/bin/git config --local --name-only --get-regexp core\.sshCommand
2025-08-17T01:42:24.2542387Z [command]/usr/bin/git submodule foreach --recursive sh -c "git config --local --name-only --get-regexp 'core\.sshCommand' && git config --local --unset-all 'core.sshCommand' || :"
2025-08-17T01:42:24.2788098Z [command]/usr/bin/git config --local --name-only --get-regexp http\.https\:\/\/github\.com\/\.extraheader
2025-08-17T01:42:24.2816469Z [command]/usr/bin/git submodule foreach --recursive sh -c "git config --local --name-only --get-regexp 'http\.https\:\/\/github\.com\/\.extraheader' && git config --local --unset-all 'http.https://github.com/.extraheader' || :"
2025-08-17T01:42:24.3029528Z [command]/usr/bin/git config --local http.https://github.com/.extraheader AUTHORIZATION: basic ***
2025-08-17T01:42:24.3062208Z ##[endgroup]
2025-08-17T01:42:24.3070377Z ##[group]Fetching the repository
2025-08-17T01:42:24.3073263Z [command]/usr/bin/git -c protocol.version=2 fetch --no-tags --prune --no-recurse-submodules --depth=1 origin +de08747566a3d28e0b074d731c493827256929e4:refs/remotes/pull/218/merge
2025-08-17T01:42:24.7056995Z From https://github.com/AlexBomber12/AWA-App
2025-08-17T01:42:24.7060055Z  * [new ref]         de08747566a3d28e0b074d731c493827256929e4 -> pull/218/merge
2025-08-17T01:42:24.7151749Z ##[endgroup]
2025-08-17T01:42:24.7154718Z ##[group]Determining the checkout info
2025-08-17T01:42:24.7157058Z ##[endgroup]
2025-08-17T01:42:24.7159853Z [command]/usr/bin/git sparse-checkout disable
2025-08-17T01:42:24.7197540Z [command]/usr/bin/git config --local --unset-all extensions.worktreeConfig
2025-08-17T01:42:24.7225522Z ##[group]Checking out the ref
2025-08-17T01:42:24.7228448Z [command]/usr/bin/git checkout --progress --force refs/remotes/pull/218/merge
2025-08-17T01:42:24.7530988Z Note: switching to 'refs/remotes/pull/218/merge'.
2025-08-17T01:42:24.7533212Z 
2025-08-17T01:42:24.7534606Z You are in 'detached HEAD' state. You can look around, make experimental
2025-08-17T01:42:24.7536773Z changes and commit them, and you can discard any commits you make in this
2025-08-17T01:42:24.7540163Z state without impacting any branches by switching back to a branch.
2025-08-17T01:42:24.7541907Z 
2025-08-17T01:42:24.7543193Z If you want to create a new branch to retain commits you create, you may
2025-08-17T01:42:24.7545762Z do so (now or later) by using -c with the switch command. Example:
2025-08-17T01:42:24.7547687Z 
2025-08-17T01:42:24.7548241Z   git switch -c <new-branch-name>
2025-08-17T01:42:24.7549235Z 
2025-08-17T01:42:24.7549753Z Or undo this operation with:
2025-08-17T01:42:24.7550641Z 
2025-08-17T01:42:24.7551075Z   git switch -
2025-08-17T01:42:24.7551748Z 
2025-08-17T01:42:24.7552847Z Turn off this advice by setting config variable advice.detachedHead to false
2025-08-17T01:42:24.7553917Z 
2025-08-17T01:42:24.7555121Z HEAD is now at de08747 Merge 84c8358272342badaa199cb34e38de9ab654d51c into 8627efd052811a1ca92af64ada9ad05d4c7cd043
2025-08-17T01:42:24.7559413Z ##[endgroup]
2025-08-17T01:42:24.7578110Z [command]/usr/bin/git log -1 --format=%H
2025-08-17T01:42:24.7599267Z de08747566a3d28e0b074d731c493827256929e4
2025-08-17T01:42:24.7878000Z ##[group]Run actions/setup-python@v5
2025-08-17T01:42:24.7878918Z with:
2025-08-17T01:42:24.7879543Z   python-version: 3.11
2025-08-17T01:42:24.7880296Z   check-latest: false
2025-08-17T01:42:24.7881231Z   token: ***
2025-08-17T01:42:24.7881934Z   update-environment: true
2025-08-17T01:42:24.7883061Z   allow-prereleases: false
2025-08-17T01:42:24.7883891Z   freethreaded: false
2025-08-17T01:42:24.7884609Z ##[endgroup]
2025-08-17T01:42:24.9527311Z ##[group]Installed versions
2025-08-17T01:42:25.0201019Z Successfully set up CPython (3.11.13)
2025-08-17T01:42:25.0203196Z ##[endgroup]
2025-08-17T01:42:25.0343445Z ##[group]Run pip install pydoc-markdown
2025-08-17T01:42:25.0344516Z [36;1mpip install pydoc-markdown[0m
2025-08-17T01:42:25.0508714Z shell: /usr/bin/bash -e {0}
2025-08-17T01:42:25.0509498Z env:
2025-08-17T01:42:25.0577295Z   pythonLocation: /opt/hostedtoolcache/Python/3.11.13/x64
2025-08-17T01:42:25.0579721Z   PKG_CONFIG_PATH: /opt/hostedtoolcache/Python/3.11.13/x64/lib/pkgconfig
2025-08-17T01:42:25.0582165Z   Python_ROOT_DIR: /opt/hostedtoolcache/Python/3.11.13/x64
2025-08-17T01:42:25.0584618Z   Python2_ROOT_DIR: /opt/hostedtoolcache/Python/3.11.13/x64
2025-08-17T01:42:25.0586854Z   Python3_ROOT_DIR: /opt/hostedtoolcache/Python/3.11.13/x64
2025-08-17T01:42:25.0589114Z   LD_LIBRARY_PATH: /opt/hostedtoolcache/Python/3.11.13/x64/lib
2025-08-17T01:42:25.0590745Z ##[endgroup]
2025-08-17T01:42:28.3081817Z Collecting pydoc-markdown
2025-08-17T01:42:28.4247339Z   Downloading pydoc_markdown-4.8.2-py3-none-any.whl.metadata (5.9 kB)
2025-08-17T01:42:28.4888955Z Collecting PyYAML<7.0,>=5.0 (from pydoc-markdown)
2025-08-17T01:42:28.5051211Z   Downloading PyYAML-6.0.2-cp311-cp311-manylinux_2_17_x86_64.manylinux2014_x86_64.whl.metadata (2.1 kB)
2025-08-17T01:42:28.5436386Z Collecting click<9.0,>=7.1 (from pydoc-markdown)
2025-08-17T01:42:28.5593345Z   Downloading click-8.2.1-py3-none-any.whl.metadata (2.5 kB)
2025-08-17T01:42:28.5951851Z Collecting databind.core<5.0.0,>=4.4.0 (from pydoc-markdown)
2025-08-17T01:42:28.6139067Z   Downloading databind.core-4.5.2-py3-none-any.whl.metadata (1.1 kB)
2025-08-17T01:42:28.6483503Z Collecting databind.json<5.0.0,>=4.4.0 (from pydoc-markdown)
2025-08-17T01:42:28.6665744Z   Downloading databind.json-4.5.2-py3-none-any.whl.metadata (1.1 kB)
2025-08-17T01:42:28.7069320Z Collecting docspec<3.0.0,>=2.2.1 (from pydoc-markdown)
2025-08-17T01:42:28.7253465Z   Downloading docspec-2.2.2-py3-none-any.whl.metadata (1.0 kB)
2025-08-17T01:42:28.7525285Z Collecting docspec-python<3.0.0,>=2.2.1 (from pydoc-markdown)
2025-08-17T01:42:28.7721172Z   Downloading docspec_python-2.2.2-py3-none-any.whl.metadata (1.0 kB)
2025-08-17T01:42:28.7989480Z Collecting docstring-parser<0.12,>=0.11 (from pydoc-markdown)
2025-08-17T01:42:28.8165232Z   Downloading docstring_parser-0.11.tar.gz (22 kB)
2025-08-17T01:42:28.8324433Z   Installing build dependencies: started
2025-08-17T01:42:30.1684249Z   Installing build dependencies: finished with status 'done'
2025-08-17T01:42:30.1689815Z   Getting requirements to build wheel: started
2025-08-17T01:42:30.5425416Z   Getting requirements to build wheel: finished with status 'done'
2025-08-17T01:42:30.5433114Z   Preparing metadata (pyproject.toml): started
2025-08-17T01:42:30.7156750Z   Preparing metadata (pyproject.toml): finished with status 'done'
2025-08-17T01:42:30.7438664Z Collecting jinja2<4.0.0,>=3.0.0 (from pydoc-markdown)
2025-08-17T01:42:30.7594633Z   Downloading jinja2-3.1.6-py3-none-any.whl.metadata (2.9 kB)
2025-08-17T01:42:30.7990358Z Collecting nr.util<1.0.0,>=0.7.5 (from pydoc-markdown)
2025-08-17T01:42:30.8155186Z   Downloading nr.util-0.8.12-py3-none-any.whl.metadata (813 bytes)
2025-08-17T01:42:30.8558819Z Collecting requests<3.0.0,>=2.23.0 (from pydoc-markdown)
2025-08-17T01:42:30.8723551Z   Downloading requests-2.32.4-py3-none-any.whl.metadata (4.9 kB)
2025-08-17T01:42:30.9004197Z Collecting tomli<3.0.0,>=2.0.0 (from pydoc-markdown)
2025-08-17T01:42:30.9175071Z   Downloading tomli-2.2.1-cp311-cp311-manylinux_2_17_x86_64.manylinux2014_x86_64.whl.metadata (11 kB)
2025-08-17T01:42:30.9480489Z Collecting tomli_w<2.0.0,>=1.0.0 (from pydoc-markdown)
2025-08-17T01:42:30.9650640Z   Downloading tomli_w-1.2.0-py3-none-any.whl.metadata (5.7 kB)
2025-08-17T01:42:31.0322235Z Collecting watchdog (from pydoc-markdown)
2025-08-17T01:42:31.0504166Z   Downloading watchdog-6.0.0-py3-none-manylinux2014_x86_64.whl.metadata (44 kB)
2025-08-17T01:42:31.1184366Z Collecting yapf>=0.30.0 (from pydoc-markdown)
2025-08-17T01:42:31.1351548Z   Downloading yapf-0.43.0-py3-none-any.whl.metadata (46 kB)
2025-08-17T01:42:31.1769528Z Collecting databind<5.0.0,>=4.5.2 (from databind.core<5.0.0,>=4.4.0->pydoc-markdown)
2025-08-17T01:42:31.1947998Z   Downloading databind-4.5.2-py3-none-any.whl.metadata (4.3 kB)
2025-08-17T01:42:31.2224350Z Collecting Deprecated<2.0.0,>=1.2.12 (from databind<5.0.0,>=4.5.2->databind.core<5.0.0,>=4.4.0->pydoc-markdown)
2025-08-17T01:42:31.2401311Z   Downloading Deprecated-1.2.18-py2.py3-none-any.whl.metadata (5.7 kB)
2025-08-17T01:42:31.2647436Z Collecting nr-date<3.0.0,>=2.0.0 (from databind<5.0.0,>=4.5.2->databind.core<5.0.0,>=4.4.0->pydoc-markdown)
2025-08-17T01:42:31.2835932Z   Downloading nr_date-2.1.0-py3-none-any.whl.metadata (746 bytes)
2025-08-17T01:42:31.3205776Z Collecting nr-stream<2.0.0,>=1.0.0 (from databind<5.0.0,>=4.5.2->databind.core<5.0.0,>=4.4.0->pydoc-markdown)
2025-08-17T01:42:31.3380437Z   Downloading nr_stream-1.1.5-py3-none-any.whl.metadata (3.6 kB)
2025-08-17T01:42:31.3750033Z Collecting typeapi<3,>=2.0.1 (from databind<5.0.0,>=4.5.2->databind.core<5.0.0,>=4.4.0->pydoc-markdown)
2025-08-17T01:42:31.3987489Z   Downloading typeapi-2.2.4-py3-none-any.whl.metadata (1.5 kB)
2025-08-17T01:42:31.4365244Z Collecting typing-extensions<5,>=3.10.0 (from databind<5.0.0,>=4.5.2->databind.core<5.0.0,>=4.4.0->pydoc-markdown)
2025-08-17T01:42:31.4548042Z   Downloading typing_extensions-4.14.1-py3-none-any.whl.metadata (3.0 kB)
2025-08-17T01:42:31.5760558Z Collecting wrapt<2,>=1.10 (from Deprecated<2.0.0,>=1.2.12->databind<5.0.0,>=4.5.2->databind.core<5.0.0,>=4.4.0->pydoc-markdown)
2025-08-17T01:42:31.5941923Z   Downloading wrapt-1.17.3-cp311-cp311-manylinux1_x86_64.manylinux_2_28_x86_64.manylinux_2_5_x86_64.whl.metadata (6.4 kB)
2025-08-17T01:42:31.6583673Z Collecting black>=24.8.0 (from docspec-python<3.0.0,>=2.2.1->pydoc-markdown)
2025-08-17T01:42:31.6765183Z   Downloading black-25.1.0-cp311-cp311-manylinux_2_17_x86_64.manylinux2014_x86_64.manylinux_2_28_x86_64.whl.metadata (81 kB)
2025-08-17T01:42:31.6936100Z Collecting docspec<3.0.0,>=2.2.1 (from pydoc-markdown)
2025-08-17T01:42:31.7226884Z   Downloading docspec-2.2.1-py3-none-any.whl.metadata (1.5 kB)
2025-08-17T01:42:31.7886462Z Collecting MarkupSafe>=2.0 (from jinja2<4.0.0,>=3.0.0->pydoc-markdown)
2025-08-17T01:42:31.8061656Z   Downloading MarkupSafe-3.0.2-cp311-cp311-manylinux_2_17_x86_64.manylinux2014_x86_64.whl.metadata (4.0 kB)
2025-08-17T01:42:31.9061721Z Collecting charset_normalizer<4,>=2 (from requests<3.0.0,>=2.23.0->pydoc-markdown)
2025-08-17T01:42:31.9224121Z   Downloading charset_normalizer-3.4.3-cp311-cp311-manylinux2014_x86_64.manylinux_2_17_x86_64.manylinux_2_28_x86_64.whl.metadata (36 kB)
2025-08-17T01:42:31.9503669Z Collecting idna<4,>=2.5 (from requests<3.0.0,>=2.23.0->pydoc-markdown)
2025-08-17T01:42:31.9659588Z   Downloading idna-3.10-py3-none-any.whl.metadata (10 kB)
2025-08-17T01:42:32.0062231Z Collecting urllib3<3,>=1.21.1 (from requests<3.0.0,>=2.23.0->pydoc-markdown)
2025-08-17T01:42:32.0222372Z   Downloading urllib3-2.5.0-py3-none-any.whl.metadata (6.5 kB)
2025-08-17T01:42:32.0557282Z Collecting certifi>=2017.4.17 (from requests<3.0.0,>=2.23.0->pydoc-markdown)
2025-08-17T01:42:32.0711891Z   Downloading certifi-2025.8.3-py3-none-any.whl.metadata (2.4 kB)
2025-08-17T01:42:32.1144753Z Collecting mypy-extensions>=0.4.3 (from black>=24.8.0->docspec-python<3.0.0,>=2.2.1->pydoc-markdown)
2025-08-17T01:42:32.1304296Z   Downloading mypy_extensions-1.1.0-py3-none-any.whl.metadata (1.1 kB)
2025-08-17T01:42:32.1580552Z Collecting packaging>=22.0 (from black>=24.8.0->docspec-python<3.0.0,>=2.2.1->pydoc-markdown)
2025-08-17T01:42:32.1739147Z   Downloading packaging-25.0-py3-none-any.whl.metadata (3.3 kB)
2025-08-17T01:42:32.1991756Z Collecting pathspec>=0.9.0 (from black>=24.8.0->docspec-python<3.0.0,>=2.2.1->pydoc-markdown)
2025-08-17T01:42:32.2156960Z   Downloading pathspec-0.12.1-py3-none-any.whl.metadata (21 kB)
2025-08-17T01:42:32.2486890Z Collecting platformdirs>=2 (from black>=24.8.0->docspec-python<3.0.0,>=2.2.1->pydoc-markdown)
2025-08-17T01:42:32.2676670Z   Downloading platformdirs-4.3.8-py3-none-any.whl.metadata (12 kB)
2025-08-17T01:42:32.3084761Z Downloading pydoc_markdown-4.8.2-py3-none-any.whl (67 kB)
2025-08-17T01:42:32.3345023Z Downloading click-8.2.1-py3-none-any.whl (102 kB)
2025-08-17T01:42:32.3667242Z Downloading databind.core-4.5.2-py3-none-any.whl (1.5 kB)
2025-08-17T01:42:32.4011066Z Downloading databind-4.5.2-py3-none-any.whl (49 kB)
2025-08-17T01:42:32.4196951Z Downloading databind.json-4.5.2-py3-none-any.whl (1.5 kB)
2025-08-17T01:42:32.4369412Z Downloading Deprecated-1.2.18-py2.py3-none-any.whl (10.0 kB)
2025-08-17T01:42:32.4603499Z Downloading docspec_python-2.2.2-py3-none-any.whl (15 kB)
2025-08-17T01:42:32.4799712Z Downloading docspec-2.2.1-py3-none-any.whl (9.8 kB)
2025-08-17T01:42:32.4975784Z Downloading jinja2-3.1.6-py3-none-any.whl (134 kB)
2025-08-17T01:42:32.5196733Z Downloading nr_date-2.1.0-py3-none-any.whl (10 kB)
2025-08-17T01:42:32.5375649Z Downloading nr_stream-1.1.5-py3-none-any.whl (10 kB)
2025-08-17T01:42:32.5560120Z Downloading nr.util-0.8.12-py3-none-any.whl (90 kB)
2025-08-17T01:42:32.5745940Z Downloading PyYAML-6.0.2-cp311-cp311-manylinux_2_17_x86_64.manylinux2014_x86_64.whl (762 kB)
2025-08-17T01:42:32.6066688Z    ━━━━━━━━━━━━━━━━━━━━━━━━━━━━━━━━━━━━━━━━ 763.0/763.0 kB 20.4 MB/s  0:00:00
2025-08-17T01:42:32.6224284Z Downloading requests-2.32.4-py3-none-any.whl (64 kB)
2025-08-17T01:42:32.6423870Z Downloading charset_normalizer-3.4.3-cp311-cp311-manylinux2014_x86_64.manylinux_2_17_x86_64.manylinux_2_28_x86_64.whl (150 kB)
2025-08-17T01:42:32.6624902Z Downloading idna-3.10-py3-none-any.whl (70 kB)
2025-08-17T01:42:32.6828618Z Downloading tomli-2.2.1-cp311-cp311-manylinux_2_17_x86_64.manylinux2014_x86_64.whl (236 kB)
2025-08-17T01:42:32.7018648Z Downloading tomli_w-1.2.0-py3-none-any.whl (6.7 kB)
2025-08-17T01:42:32.7215074Z Downloading typeapi-2.2.4-py3-none-any.whl (26 kB)
2025-08-17T01:42:32.7457623Z Downloading typing_extensions-4.14.1-py3-none-any.whl (43 kB)
2025-08-17T01:42:32.7657648Z Downloading urllib3-2.5.0-py3-none-any.whl (129 kB)
2025-08-17T01:42:32.7840235Z Downloading wrapt-1.17.3-cp311-cp311-manylinux1_x86_64.manylinux_2_28_x86_64.manylinux_2_5_x86_64.whl (82 kB)
2025-08-17T01:42:32.8044017Z Downloading black-25.1.0-cp311-cp311-manylinux_2_17_x86_64.manylinux2014_x86_64.manylinux_2_28_x86_64.whl (1.7 MB)
2025-08-17T01:42:32.8332883Z    ━━━━━━━━━━━━━━━━━━━━━━━━━━━━━━━━━━━━━━━━ 1.7/1.7 MB 57.1 MB/s  0:00:00
2025-08-17T01:42:32.8492283Z Downloading certifi-2025.8.3-py3-none-any.whl (161 kB)
2025-08-17T01:42:32.8770494Z Downloading MarkupSafe-3.0.2-cp311-cp311-manylinux_2_17_x86_64.manylinux2014_x86_64.whl (23 kB)
2025-08-17T01:42:32.9088653Z Downloading mypy_extensions-1.1.0-py3-none-any.whl (5.0 kB)
2025-08-17T01:42:32.9279059Z Downloading packaging-25.0-py3-none-any.whl (66 kB)
2025-08-17T01:42:32.9458282Z Downloading pathspec-0.12.1-py3-none-any.whl (31 kB)
2025-08-17T01:42:32.9640284Z Downloading platformdirs-4.3.8-py3-none-any.whl (18 kB)
2025-08-17T01:42:32.9860637Z Downloading yapf-0.43.0-py3-none-any.whl (256 kB)
2025-08-17T01:42:33.0182527Z Downloading watchdog-6.0.0-py3-none-manylinux2014_x86_64.whl (79 kB)
2025-08-17T01:42:33.0440179Z Building wheels for collected packages: docstring-parser
2025-08-17T01:42:33.0448222Z   Building wheel for docstring-parser (pyproject.toml): started
2025-08-17T01:42:33.2465931Z   Building wheel for docstring-parser (pyproject.toml): finished with status 'done'
2025-08-17T01:42:33.2471387Z   Created wheel for docstring-parser: filename=docstring_parser-0.11-py3-none-any.whl size=31551 sha256=6fd226319cc89df23319faaa57d0fb115122685b13a5c9e97eeffcf653230f71
2025-08-17T01:42:33.2472954Z   Stored in directory: /home/runner/.cache/pip/wheels/0f/f9/78/1186f8bf3425dbd3fb3fa32beee828876c792f49eb2554e888
2025-08-17T01:42:33.2489079Z Successfully built docstring-parser
2025-08-17T01:42:33.2948924Z Installing collected packages: wrapt, watchdog, urllib3, typing-extensions, tomli_w, tomli, PyYAML, platformdirs, pathspec, packaging, nr-stream, nr-date, mypy-extensions, MarkupSafe, idna, docstring-parser, click, charset_normalizer, certifi, yapf, typeapi, requests, jinja2, Deprecated, black, nr.util, databind, databind.json, databind.core, docspec, docspec-python, pydoc-markdown
2025-08-17T01:42:34.3944755Z 
2025-08-17T01:42:34.3967065Z Successfully installed Deprecated-1.2.18 MarkupSafe-3.0.2 PyYAML-6.0.2 black-25.1.0 certifi-2025.8.3 charset_normalizer-3.4.3 click-8.2.1 databind-4.5.2 databind.core-4.5.2 databind.json-4.5.2 docspec-2.2.1 docspec-python-2.2.2 docstring-parser-0.11 idna-3.10 jinja2-3.1.6 mypy-extensions-1.1.0 nr-date-2.1.0 nr-stream-1.1.5 nr.util-0.8.12 packaging-25.0 pathspec-0.12.1 platformdirs-4.3.8 pydoc-markdown-4.8.2 requests-2.32.4 tomli-2.2.1 tomli_w-1.2.0 typeapi-2.2.4 typing-extensions-4.14.1 urllib3-2.5.0 watchdog-6.0.0 wrapt-1.17.3 yapf-0.43.0
2025-08-17T01:42:34.5992367Z ##[group]Run pydoc-markdown
2025-08-17T01:42:34.5992892Z [36;1mpydoc-markdown[0m
2025-08-17T01:42:34.6033539Z shell: /usr/bin/bash -e {0}
2025-08-17T01:42:34.6033776Z env:
2025-08-17T01:42:34.6034007Z   pythonLocation: /opt/hostedtoolcache/Python/3.11.13/x64
2025-08-17T01:42:34.6034406Z   PKG_CONFIG_PATH: /opt/hostedtoolcache/Python/3.11.13/x64/lib/pkgconfig
2025-08-17T01:42:34.6034800Z   Python_ROOT_DIR: /opt/hostedtoolcache/Python/3.11.13/x64
2025-08-17T01:42:34.6035137Z   Python2_ROOT_DIR: /opt/hostedtoolcache/Python/3.11.13/x64
2025-08-17T01:42:34.6035476Z   Python3_ROOT_DIR: /opt/hostedtoolcache/Python/3.11.13/x64
2025-08-17T01:42:34.6035816Z   LD_LIBRARY_PATH: /opt/hostedtoolcache/Python/3.11.13/x64/lib
2025-08-17T01:42:34.6036100Z ##[endgroup]
2025-08-17T01:42:35.0418404Z [WARNING - pydoc_markdown.main]: Unknown configuration options:
2025-08-17T01:42:35.0419214Z Unknown key(s) "{'output_directory'}" at:
2025-08-17T01:42:35.0419713Z In "pydoc-markdown.yml"
2025-08-17T01:42:35.0420246Z   $: TypeHint(pydoc_markdown.PydocMarkdown)
2025-08-17T01:42:35.0420838Z   .renderer: TypeHint(pydoc_markdown.interfaces.Renderer)
2025-08-17T01:42:35.0421628Z   ^: TypeHint(pydoc_markdown.contrib.renderers.markdown.MarkdownRenderer)
2025-08-17T01:42:35.0422172Z 
2025-08-17T01:42:35.2494158Z <a id="__init__"></a>
2025-08-17T01:42:35.2494506Z 
2025-08-17T01:42:35.2494628Z # \_\_init\_\_
2025-08-17T01:42:35.2494838Z 
2025-08-17T01:42:35.2494970Z <a id="api"></a>
2025-08-17T01:42:35.2495186Z 
2025-08-17T01:42:35.2495309Z # api
2025-08-17T01:42:35.2495493Z 
2025-08-17T01:42:35.2495654Z <a id="api.tests.test_llm"></a>
2025-08-17T01:42:35.2495943Z 
2025-08-17T01:42:35.2496097Z # api.tests.test\_llm
2025-08-17T01:42:35.2496330Z 
2025-08-17T01:42:35.2496493Z <a id="api.tests.test_imports"></a>
2025-08-17T01:42:35.2496803Z 
2025-08-17T01:42:35.2496963Z # api.tests.test\_imports
2025-08-17T01:42:35.2497211Z 
2025-08-17T01:42:35.2497382Z <a id="api.tests.test_entrypoint"></a>
2025-08-17T01:42:35.2498053Z 
2025-08-17T01:42:35.2498233Z # api.tests.test\_entrypoint
2025-08-17T01:42:35.2498500Z 
2025-08-17T01:42:35.2498673Z <a id="api.tests.test_health"></a>
2025-08-17T01:42:35.2498971Z 
2025-08-17T01:42:35.2499122Z # api.tests.test\_health
2025-08-17T01:42:35.2499376Z 
2025-08-17T01:42:35.2499546Z <a id="api.migrations.env"></a>
2025-08-17T01:42:35.2499829Z 
2025-08-17T01:42:35.2499973Z # api.migrations.env
2025-08-17T01:42:35.2500196Z 
2025-08-17T01:42:35.2500407Z <a id="api.migrations.versions.0022_fix_roi_view"></a>
2025-08-17T01:42:35.2500766Z 
2025-08-17T01:42:35.2500958Z # api.migrations.versions.0022\_fix\_roi\_view
2025-08-17T01:42:35.2501284Z 
2025-08-17T01:42:35.2501474Z <a id="api.migrations.versions.0004_fee_cron"></a>
2025-08-17T01:42:35.2501808Z 
2025-08-17T01:42:35.2501979Z # api.migrations.versions.0004\_fee\_cron
2025-08-17T01:42:35.2502283Z 
2025-08-17T01:42:35.2502547Z <a id="api.migrations.versions.3e9d5c5aff2c_rename_fulf_fee"></a>
2025-08-17T01:42:35.2503163Z 
2025-08-17T01:42:35.2503370Z # api.migrations.versions.3e9d5c5aff2c\_rename\_fulf\_fee
2025-08-17T01:42:35.2503613Z 
2025-08-17T01:42:35.2503768Z <a id="api.migrations.versions.0003_vendor_prices"></a>
2025-08-17T01:42:35.2503996Z 
2025-08-17T01:42:35.2504142Z # api.migrations.versions.0003\_vendor\_prices
2025-08-17T01:42:35.2504348Z 
2025-08-17T01:42:35.2504505Z <a id="api.migrations.versions.0024_create_buybox"></a>
2025-08-17T01:42:35.2504727Z 
2025-08-17T01:42:35.2504860Z # api.migrations.versions.0024\_create\_buybox
2025-08-17T01:42:35.2505063Z 
2025-08-17T01:42:35.2505214Z <a id="api.migrations.versions.0002_create_roi_view"></a>
2025-08-17T01:42:35.2505433Z 
2025-08-17T01:42:35.2505565Z # api.migrations.versions.0002\_create\_roi\_view
2025-08-17T01:42:35.2505773Z 
2025-08-17T01:42:35.2505909Z <a id="api.migrations.versions.0006_fix_roi_views"></a>
2025-08-17T01:42:35.2506133Z 
2025-08-17T01:42:35.2506272Z # api.migrations.versions.0006\_fix\_roi\_views
2025-08-17T01:42:35.2506474Z 
2025-08-17T01:42:35.2506883Z <a id="api.migrations.versions.0020_unified_schema"></a>
2025-08-17T01:42:35.2507131Z 
2025-08-17T01:42:35.2507262Z # api.migrations.versions.0020\_unified\_schema
2025-08-17T01:42:35.2507462Z 
2025-08-17T01:42:35.2507611Z <a id="api.migrations.versions.0023_add_storage_fee"></a>
2025-08-17T01:42:35.2507823Z 
2025-08-17T01:42:35.2507953Z # api.migrations.versions.0023\_add\_storage\_fee
2025-08-17T01:42:35.2508163Z 
2025-08-17T01:42:35.2508293Z <a id="api.migrations.versions.0001_baseline"></a>
2025-08-17T01:42:35.2508499Z 
2025-08-17T01:42:35.2508628Z # api.migrations.versions.0001\_baseline
2025-08-17T01:42:35.2508820Z 
2025-08-17T01:42:35.2508931Z <a id="api.migrations.versions"></a>
2025-08-17T01:42:35.2509109Z 
2025-08-17T01:42:35.2509222Z # api.migrations.versions
2025-08-17T01:42:35.2509371Z 
2025-08-17T01:42:35.2509466Z <a id="api.migrations"></a>
2025-08-17T01:42:35.2509620Z 
2025-08-17T01:42:35.2509722Z # api.migrations
2025-08-17T01:42:35.2509845Z 
2025-08-17T01:42:35.2509945Z <a id="api.db"></a>
2025-08-17T01:42:35.2510090Z 
2025-08-17T01:42:35.2510186Z # api.db
2025-08-17T01:42:35.2510299Z 
2025-08-17T01:42:35.2510418Z <a id="api.routes.stats"></a>
2025-08-17T01:42:35.2510569Z 
2025-08-17T01:42:35.2510679Z # api.routes.stats
2025-08-17T01:42:35.2510813Z 
2025-08-17T01:42:35.2510935Z <a id="api.routes.stats.kpi"></a>
2025-08-17T01:42:35.2511108Z 
2025-08-17T01:42:35.2511203Z #### kpi
2025-08-17T01:42:35.2511331Z 
2025-08-17T01:42:35.2511430Z ```python
2025-08-17T01:42:35.2511666Z @router.get("/stats/kpi")
2025-08-17T01:42:35.2511941Z def kpi() -> List[Dict[str, int]]
2025-08-17T01:42:35.2512193Z ```
2025-08-17T01:42:35.2512311Z 
2025-08-17T01:42:35.2512423Z Return KPI metrics (mock).
2025-08-17T01:42:35.2512573Z 
2025-08-17T01:42:35.2512938Z <a id="api.routes.stats.roi_by_vendor"></a>
2025-08-17T01:42:35.2513134Z 
2025-08-17T01:42:35.2513241Z #### roi\_by\_vendor
2025-08-17T01:42:35.2513378Z 
2025-08-17T01:42:35.2513469Z ```python
2025-08-17T01:42:35.2513691Z @router.get("/stats/roi_by_vendor")
2025-08-17T01:42:35.2514122Z def roi_by_vendor() -> List[Dict[str, int]]
2025-08-17T01:42:35.2514410Z ```
2025-08-17T01:42:35.2514519Z 
2025-08-17T01:42:35.2514626Z Return ROI percent by vendor.
2025-08-17T01:42:35.2514781Z 
2025-08-17T01:42:35.2514902Z <a id="api.routes.stats.roi_trend"></a>
2025-08-17T01:42:35.2515088Z 
2025-08-17T01:42:35.2515181Z #### roi\_trend
2025-08-17T01:42:35.2515314Z 
2025-08-17T01:42:35.2515419Z ```python
2025-08-17T01:42:35.2515642Z @router.get("/stats/roi_trend")
2025-08-17T01:42:35.2515921Z def roi_trend() -> List[Dict[str, int | str]]
2025-08-17T01:42:35.2516210Z ```
2025-08-17T01:42:35.2516321Z 
2025-08-17T01:42:35.2516435Z Return 30-day ROI trend.
2025-08-17T01:42:35.2516572Z 
2025-08-17T01:42:35.2516693Z <a id="api.routes.roi"></a>
2025-08-17T01:42:35.2516841Z 
2025-08-17T01:42:35.2516954Z # api.routes.roi
2025-08-17T01:42:35.2517162Z 
2025-08-17T01:42:35.2517270Z <a id="api.routes.health"></a>
2025-08-17T01:42:35.2517463Z 
2025-08-17T01:42:35.2517573Z # api.routes.health
2025-08-17T01:42:35.2517710Z 
2025-08-17T01:42:35.2517821Z <a id="api.routes.health.MAX_SKEW"></a>
2025-08-17T01:42:35.2518010Z 
2025-08-17T01:42:35.2518099Z #### MAX\_SKEW
2025-08-17T01:42:35.2518219Z 
2025-08-17T01:42:35.2518335Z seconds
2025-08-17T01:42:35.2518448Z 
2025-08-17T01:42:35.2518562Z <a id="api.routes.health.health"></a>
2025-08-17T01:42:35.2518740Z 
2025-08-17T01:42:35.2518837Z #### health
2025-08-17T01:42:35.2518951Z 
2025-08-17T01:42:35.2519046Z ```python
2025-08-17T01:42:35.2519282Z @router.get("/health", include_in_schema=False)
2025-08-17T01:42:35.2519690Z async def health(session: AsyncSession = Depends(get_session)) -> JSONResponse
2025-08-17T01:42:35.2520089Z ```
2025-08-17T01:42:35.2520198Z 
2025-08-17T01:42:35.2520340Z Return 200 when DB reachable and clocks are in sync.
2025-08-17T01:42:35.2520545Z 
2025-08-17T01:42:35.2520654Z <a id="api.routes.repository"></a>
2025-08-17T01:42:35.2520830Z 
2025-08-17T01:42:35.2520942Z # api.routes.repository
2025-08-17T01:42:35.2521088Z 
2025-08-17T01:42:35.2521344Z <a id="api.routes"></a>
2025-08-17T01:42:35.2521695Z 
2025-08-17T01:42:35.2521828Z # api.routes
2025-08-17T01:42:35.2522030Z 
2025-08-17T01:42:35.2522187Z <a id="api.models.fee"></a>
2025-08-17T01:42:35.2522445Z 
2025-08-17T01:42:35.2522577Z # api.models.fee
2025-08-17T01:42:35.2523012Z 
2025-08-17T01:42:35.2523166Z <a id="api.models"></a>
2025-08-17T01:42:35.2523400Z 
2025-08-17T01:42:35.2523525Z # api.models
2025-08-17T01:42:35.2523727Z 
2025-08-17T01:42:35.2523833Z <a id="api.roi_repository"></a>
2025-08-17T01:42:35.2523996Z 
2025-08-17T01:42:35.2524099Z # api.roi\_repository
2025-08-17T01:42:35.2524233Z 
2025-08-17T01:42:35.2524332Z <a id="api.main"></a>
2025-08-17T01:42:35.2524464Z 
2025-08-17T01:42:35.2524582Z # api.main
2025-08-17T01:42:35.2524703Z 
2025-08-17T01:42:35.2524811Z <a id="api.main.ready"></a>
2025-08-17T01:42:35.2524970Z 
2025-08-17T01:42:35.2525082Z #### ready
2025-08-17T01:42:35.2525188Z 
2025-08-17T01:42:35.2525282Z ```python
2025-08-17T01:42:35.2525598Z @app.get("/ready", status_code=status.HTTP_200_OK, include_in_schema=False)
2025-08-17T01:42:35.2526062Z async def ready(session: AsyncSession = Depends(get_session)) -> dict[str,
2025-08-17T01:42:35.2526436Z                                                                       str]
2025-08-17T01:42:35.2526713Z ```
2025-08-17T01:42:35.2526831Z 
2025-08-17T01:42:35.2526951Z Return 200 only when migrations are at head.
2025-08-17T01:42:35.2527144Z 
2025-08-17T01:42:35.2527243Z <a id="api.config"></a>
2025-08-17T01:42:35.2527381Z 
2025-08-17T01:42:35.2527484Z # api.config
2025-08-17T01:42:35.2527602Z 
2025-08-17T01:42:35.2527704Z <a id="etl"></a>
2025-08-17T01:42:35.2527832Z 
2025-08-17T01:42:35.2527945Z # etl
2025-08-17T01:42:35.2528060Z 
2025-08-17T01:42:35.2528172Z <a id="etl.fba_fee_ingestor"></a>
2025-08-17T01:42:35.2528338Z 
2025-08-17T01:42:35.2528460Z # etl.fba\_fee\_ingestor
2025-08-17T01:42:35.2528600Z 
2025-08-17T01:42:35.2528701Z <a id="etl.sp_fees_ingestor"></a>
2025-08-17T01:42:35.2528868Z 
2025-08-17T01:42:35.2528967Z # etl.sp\_fees\_ingestor
2025-08-17T01:42:35.2529279Z 
2025-08-17T01:42:35.2529383Z <a id="etl.keepa_ingestor"></a>
2025-08-17T01:42:35.2529548Z 
2025-08-17T01:42:35.2529644Z # etl.keepa\_ingestor
2025-08-17T01:42:35.2529776Z 
2025-08-17T01:42:35.2529874Z <a id="etl.db"></a>
2025-08-17T01:42:35.2530005Z 
2025-08-17T01:42:35.2530101Z # etl.db
2025-08-17T01:42:35.2530224Z 
2025-08-17T01:42:35.2530364Z <a id="etl.dialects.amazon_reimbursements"></a>
2025-08-17T01:42:35.2530564Z 
2025-08-17T01:42:35.2530682Z # etl.dialects.amazon\_reimbursements
2025-08-17T01:42:35.2530875Z 
2025-08-17T01:42:35.2530996Z <a id="etl.dialects.amazon_returns"></a>
2025-08-17T01:42:35.2531175Z 
2025-08-17T01:42:35.2531292Z # etl.dialects.amazon\_returns
2025-08-17T01:42:35.2531448Z 
2025-08-17T01:42:35.2531545Z <a id="etl.dialects"></a>
2025-08-17T01:42:35.2531683Z 
2025-08-17T01:42:35.2531789Z # etl.dialects
2025-08-17T01:42:35.2531908Z 
2025-08-17T01:42:35.2531999Z <a id="ingest"></a>
2025-08-17T01:42:35.2532135Z 
2025-08-17T01:42:35.2532244Z # ingest
2025-08-17T01:42:35.2532355Z 
2025-08-17T01:42:35.2532467Z <a id="ingest.tests.test_smoke"></a>
2025-08-17T01:42:35.2532854Z 
2025-08-17T01:42:35.2532984Z # ingest.tests.test\_smoke
2025-08-17T01:42:35.2533150Z 
2025-08-17T01:42:35.2533261Z <a id="ingest.tests"></a>
2025-08-17T01:42:35.2533409Z 
2025-08-17T01:42:35.2533504Z # ingest.tests
2025-08-17T01:42:35.2533631Z 
2025-08-17T01:42:35.2533746Z <a id="ingest.upload_router"></a>
2025-08-17T01:42:35.2533920Z 
2025-08-17T01:42:35.2534031Z # ingest.upload\_router
2025-08-17T01:42:35.2534175Z 
2025-08-17T01:42:35.2534281Z <a id="ingest.email_watcher"></a>
2025-08-17T01:42:35.2534443Z 
2025-08-17T01:42:35.2534549Z # ingest.email\_watcher
2025-08-17T01:42:35.2534685Z 
2025-08-17T01:42:35.2534793Z <a id="ingest.email_watcher.main"></a>
2025-08-17T01:42:35.2534978Z 
2025-08-17T01:42:35.2535078Z #### main
2025-08-17T01:42:35.2535185Z 
2025-08-17T01:42:35.2535270Z ```python
2025-08-17T01:42:35.2535501Z def main() -> dict[str, str]
2025-08-17T01:42:35.2535743Z ```
2025-08-17T01:42:35.2535978Z 
2025-08-17T01:42:35.2536143Z Upload CSV/XLSX attachments to MinIO and trigger ingestion.
2025-08-17T01:42:35.2536379Z 
2025-08-17T01:42:35.2536585Z Returns {"status": "success"} when processing completes.
2025-08-17T01:42:35.2536808Z 
2025-08-17T01:42:35.2536915Z <a id="ingest.ingest_router"></a>
2025-08-17T01:42:35.2537085Z 
2025-08-17T01:42:35.2537191Z # ingest.ingest\_router
2025-08-17T01:42:35.2537332Z 
2025-08-17T01:42:35.2537437Z <a id="logistics_etl"></a>
2025-08-17T01:42:35.2537582Z 
2025-08-17T01:42:35.2537687Z # logistics\_etl
2025-08-17T01:42:35.2537814Z 
2025-08-17T01:42:35.2537927Z Daily logistics ETL job.
2025-08-17T01:42:35.2538063Z 
2025-08-17T01:42:35.2538175Z <a id="logistics_etl.__main__"></a>
2025-08-17T01:42:35.2538345Z 
2025-08-17T01:42:35.2538442Z # logistics\_etl.\_\_main\_\_
2025-08-17T01:42:35.2538594Z 
2025-08-17T01:42:35.2538730Z <a id="logistics_etl.tests.conftest"></a>
2025-08-17T01:42:35.2538913Z 
2025-08-17T01:42:35.2539020Z # logistics\_etl.tests.conftest
2025-08-17T01:42:35.2539184Z 
2025-08-17T01:42:35.2539317Z <a id="logistics_etl.tests.test_repository"></a>
2025-08-17T01:42:35.2539515Z 
2025-08-17T01:42:35.2539629Z # logistics\_etl.tests.test\_repository
2025-08-17T01:42:35.2539812Z 
2025-08-17T01:42:35.2539925Z <a id="logistics_etl.tests.test_cron"></a>
2025-08-17T01:42:35.2540107Z 
2025-08-17T01:42:35.2540220Z # logistics\_etl.tests.test\_cron
2025-08-17T01:42:35.2540386Z 
2025-08-17T01:42:35.2540499Z <a id="logistics_etl.tests.test_imports"></a>
2025-08-17T01:42:35.2540688Z 
2025-08-17T01:42:35.2540800Z # logistics\_etl.tests.test\_imports
2025-08-17T01:42:35.2540968Z 
2025-08-17T01:42:35.2541084Z <a id="logistics_etl.tests.test_smoke"></a>
2025-08-17T01:42:35.2541268Z 
2025-08-17T01:42:35.2541371Z # logistics\_etl.tests.test\_smoke
2025-08-17T01:42:35.2541536Z 
2025-08-17T01:42:35.2541664Z <a id="logistics_etl.tests.test_client"></a>
2025-08-17T01:42:35.2541848Z 
2025-08-17T01:42:35.2541952Z # logistics\_etl.tests.test\_client
2025-08-17T01:42:35.2542236Z 
2025-08-17T01:42:35.2542339Z <a id="logistics_etl.tests"></a>
2025-08-17T01:42:35.2542502Z 
2025-08-17T01:42:35.2542756Z # logistics\_etl.tests
2025-08-17T01:42:35.2542950Z 
2025-08-17T01:42:35.2543064Z <a id="logistics_etl.flow"></a>
2025-08-17T01:42:35.2543217Z 
2025-08-17T01:42:35.2543313Z # logistics\_etl.flow
2025-08-17T01:42:35.2543447Z 
2025-08-17T01:42:35.2543547Z <a id="logistics_etl.client"></a>
2025-08-17T01:42:35.2543712Z 
2025-08-17T01:42:35.2543822Z # logistics\_etl.client
2025-08-17T01:42:35.2543960Z 
2025-08-17T01:42:35.2544072Z <a id="logistics_etl.cron"></a>
2025-08-17T01:42:35.2544238Z 
2025-08-17T01:42:35.2544342Z # logistics\_etl.cron
2025-08-17T01:42:35.2544478Z 
2025-08-17T01:42:35.2544574Z <a id="logistics_etl.db"></a>
2025-08-17T01:42:35.2544734Z 
2025-08-17T01:42:35.2544827Z # logistics\_etl.db
2025-08-17T01:42:35.2544951Z 
2025-08-17T01:42:35.2545071Z <a id="logistics_etl.repository"></a>
2025-08-17T01:42:35.2545242Z 
2025-08-17T01:42:35.2545347Z # logistics\_etl.repository
2025-08-17T01:42:35.2545505Z 
2025-08-17T01:42:35.2545605Z <a id="alert_bot"></a>
2025-08-17T01:42:35.2545737Z 
2025-08-17T01:42:35.2545824Z # alert\_bot
2025-08-17T01:42:35.2545942Z 
2025-08-17T01:42:35.2546052Z <a id="alert_bot.tests.test_smoke"></a>
2025-08-17T01:42:35.2546232Z 
2025-08-17T01:42:35.2546339Z # alert\_bot.tests.test\_smoke
2025-08-17T01:42:35.2546495Z 
2025-08-17T01:42:35.2546596Z <a id="alert_bot.tests"></a>
2025-08-17T01:42:35.2546751Z 
2025-08-17T01:42:35.2546845Z # alert\_bot.tests
2025-08-17T01:42:35.2546967Z 
2025-08-17T01:42:35.2547064Z <a id="alert_bot.alert_bot"></a>
2025-08-17T01:42:35.2547229Z 
2025-08-17T01:42:35.2547333Z # alert\_bot.alert\_bot
2025-08-17T01:42:35.2547467Z 
2025-08-17T01:42:35.2547568Z <a id="alert_bot.rules"></a>
2025-08-17T01:42:35.2547718Z 
2025-08-17T01:42:35.2547809Z # alert\_bot.rules
2025-08-17T01:42:35.2547931Z 
2025-08-17T01:42:35.2548026Z <a id="common"></a>
2025-08-17T01:42:35.2548153Z 
2025-08-17T01:42:35.2548245Z # common
2025-08-17T01:42:35.2548490Z 
2025-08-17T01:42:35.2548591Z <a id="common.dsn"></a>
2025-08-17T01:42:35.2548733Z 
2025-08-17T01:42:35.2548823Z # common.dsn
2025-08-17T01:42:35.2548946Z 
2025-08-17T01:42:35.2549055Z <a id="common.dsn.build_dsn"></a>
2025-08-17T01:42:35.2549219Z 
2025-08-17T01:42:35.2549328Z #### build\_dsn
2025-08-17T01:42:35.2549452Z 
2025-08-17T01:42:35.2549546Z ```python
2025-08-17T01:42:35.2549762Z def build_dsn(sync: bool = True) -> str
2025-08-17T01:42:35.2550009Z ```
2025-08-17T01:42:35.2550129Z 
2025-08-17T01:42:35.2550267Z Return a Postgres DSN, validating required variables.
2025-08-17T01:42:35.2550483Z 
2025-08-17T01:42:35.2550701Z The function prefers explicit DSNs via ``PG_SYNC_DSN`` / ``PG_ASYNC_DSN`` or
2025-08-17T01:42:35.2551164Z ``DATABASE_URL``.  If those are absent it assembles a connection string from
2025-08-17T01:42:35.2551616Z ``PG_HOST`` and related variables and raises a helpful error when any are
2025-08-17T01:42:35.2551998Z missing.
2025-08-17T01:42:35.2552122Z 
2025-08-17T01:42:35.2552241Z <a id="common.models_vendor"></a>
2025-08-17T01:42:35.2552408Z 
2025-08-17T01:42:35.2552505Z # common.models\_vendor
2025-08-17T01:42:35.2552788Z 
2025-08-17T01:42:35.2552907Z <a id="common.models_vendor.Vendor"></a>
2025-08-17T01:42:35.2553095Z 
2025-08-17T01:42:35.2553204Z ## Vendor Objects
2025-08-17T01:42:35.2553334Z 
2025-08-17T01:42:35.2553420Z ```python
2025-08-17T01:42:35.2553624Z class Vendor(Base)
2025-08-17T01:42:35.2553849Z ```
2025-08-17T01:42:35.2553960Z 
2025-08-17T01:42:35.2554070Z Vendor of inventory items.
2025-08-17T01:42:35.2554226Z 
2025-08-17T01:42:35.2554343Z <a id="common.models_vendor.VendorPrice"></a>
2025-08-17T01:42:35.2554538Z 
2025-08-17T01:42:35.2554638Z ## VendorPrice Objects
2025-08-17T01:42:35.2554775Z 
2025-08-17T01:42:35.2554870Z ```python
2025-08-17T01:42:35.2555106Z class VendorPrice(Base)
2025-08-17T01:42:35.2555325Z ```
2025-08-17T01:42:35.2555443Z 
2025-08-17T01:42:35.2555576Z Association table linking vendors to pricing.
2025-08-17T01:42:35.2555773Z 
2025-08-17T01:42:35.2556183Z <a id="common.db_url"></a>
2025-08-17T01:42:35.2556460Z 
2025-08-17T01:42:35.2556599Z # common.db\_url
2025-08-17T01:42:35.2556801Z 
2025-08-17T01:42:35.2556966Z <a id="common.db_url.build_url"></a>
2025-08-17T01:42:35.2557275Z 
2025-08-17T01:42:35.2557402Z #### build\_url
2025-08-17T01:42:35.2557597Z 
2025-08-17T01:42:35.2557696Z ```python
2025-08-17T01:42:35.2557926Z def build_url(async_: bool = True) -> str
2025-08-17T01:42:35.2558201Z ```
2025-08-17T01:42:35.2558309Z 
2025-08-17T01:42:35.2558431Z Return Postgres DSN from env or PG_* parts.
2025-08-17T01:42:35.2558639Z 
2025-08-17T01:42:35.2558748Z <a id="common.keepa"></a>
2025-08-17T01:42:35.2558897Z 
2025-08-17T01:42:35.2559004Z # common.keepa
2025-08-17T01:42:35.2559125Z 
2025-08-17T01:42:35.2559234Z <a id="common.llm"></a>
2025-08-17T01:42:35.2559458Z 
2025-08-17T01:42:35.2559582Z # common.llm
2025-08-17T01:42:35.2559755Z 
2025-08-17T01:42:35.2559893Z <a id="common.settings"></a>
2025-08-17T01:42:35.2560148Z 
2025-08-17T01:42:35.2560288Z # common.settings
2025-08-17T01:42:35.2560474Z 
2025-08-17T01:42:35.2560606Z <a id="common.db"></a>
2025-08-17T01:42:35.2560808Z 
2025-08-17T01:42:35.2560918Z # common.db
2025-08-17T01:42:35.2561081Z 
2025-08-17T01:42:35.2561247Z <a id="common.db.build_sqlalchemy_url"></a>
2025-08-17T01:42:35.2561549Z 
2025-08-17T01:42:35.2561683Z #### build\_sqlalchemy\_url
2025-08-17T01:42:35.2561920Z 
2025-08-17T01:42:35.2562028Z ```python
2025-08-17T01:42:35.2562322Z def build_sqlalchemy_url() -> str
2025-08-17T01:42:35.2562876Z ```
2025-08-17T01:42:35.2563029Z 
2025-08-17T01:42:35.2563205Z Return Postgres URL for SQLAlchemy engines.
2025-08-17T01:42:35.2563511Z 
2025-08-17T01:42:35.2563632Z <a id="common.db.build_asyncpg_dsn"></a>
2025-08-17T01:42:35.2563827Z 
2025-08-17T01:42:35.2563925Z #### build\_asyncpg\_dsn
2025-08-17T01:42:35.2564069Z 
2025-08-17T01:42:35.2564166Z ```python
2025-08-17T01:42:35.2564382Z def build_asyncpg_dsn() -> str
2025-08-17T01:42:35.2564619Z ```
2025-08-17T01:42:35.2564736Z 
2025-08-17T01:42:35.2565265Z Return DSN suitable for asyncpg (without driver suffix).
2025-08-17T01:42:35.2565559Z 
2025-08-17T01:42:35.2565680Z <a id="common.db.refresh_mvs"></a>
2025-08-17T01:42:35.2565851Z 
2025-08-17T01:42:35.2565944Z #### refresh\_mvs
2025-08-17T01:42:35.2566075Z 
2025-08-17T01:42:35.2566164Z ```python
2025-08-17T01:42:35.2566405Z def refresh_mvs(conn: Engine | Connection) -> None
2025-08-17T01:42:35.2566710Z ```
2025-08-17T01:42:35.2566817Z 
2025-08-17T01:42:35.2566981Z Refresh materialized views, using CONCURRENTLY when safe.
2025-08-17T01:42:35.2567212Z 
2025-08-17T01:42:35.2567311Z <a id="common.config"></a>
2025-08-17T01:42:35.2567461Z 
2025-08-17T01:42:35.2567573Z # common.config
2025-08-17T01:42:35.2567701Z 
2025-08-17T01:42:35.2567806Z <a id="common.base"></a>
2025-08-17T01:42:35.2567958Z 
2025-08-17T01:42:35.2568053Z # common.base
2025-08-17T01:42:35.2568172Z 
2025-08-17T01:42:35.2568292Z <a id="common.base.Base"></a>
2025-08-17T01:42:35.2568447Z 
2025-08-17T01:42:35.2568547Z ## Base Objects
2025-08-17T01:42:35.2568681Z 
2025-08-17T01:42:35.2568800Z ```python
2025-08-17T01:42:35.2569023Z class Base(DeclarativeBase)
2025-08-17T01:42:35.2569274Z ```
2025-08-17T01:42:35.2569384Z 
2025-08-17T01:42:35.2569499Z Base class for SQLAlchemy models.
2025-08-17T01:42:35.2569673Z 
2025-08-17T01:42:35.2569777Z <a id="repricer"></a>
2025-08-17T01:42:35.2569914Z 
2025-08-17T01:42:35.2570034Z # repricer
2025-08-17T01:42:35.2570148Z 
2025-08-17T01:42:35.2570258Z <a id="repricer.app.schemas"></a>
2025-08-17T01:42:35.2570426Z 
2025-08-17T01:42:35.2570543Z # repricer.app.schemas
2025-08-17T01:42:35.2570680Z 
2025-08-17T01:42:35.2570789Z <a id="repricer.app.deps"></a>
2025-08-17T01:42:35.2570965Z 
2025-08-17T01:42:35.2571085Z # repricer.app.deps
2025-08-17T01:42:35.2571219Z 
2025-08-17T01:42:35.2571353Z Placeholder module for Keepa / SP-API clients.
2025-08-17T01:42:35.2571567Z 
2025-08-17T01:42:35.2571680Z <a id="repricer.app.logic"></a>
2025-08-17T01:42:35.2571839Z 
2025-08-17T01:42:35.2571957Z # repricer.app.logic
2025-08-17T01:42:35.2572225Z 
2025-08-17T01:42:35.2572345Z <a id="repricer.app.logic.MIN_MARGIN"></a>
2025-08-17T01:42:35.2572541Z 
2025-08-17T01:42:35.2572784Z #### MIN\_MARGIN
2025-08-17T01:42:35.2572911Z 
2025-08-17T01:42:35.2573006Z 15 % ROI
2025-08-17T01:42:35.2573122Z 
2025-08-17T01:42:35.2573248Z <a id="repricer.app.logic.compute_price"></a>
2025-08-17T01:42:35.2573455Z 
2025-08-17T01:42:35.2573566Z #### compute\_price
2025-08-17T01:42:35.2573692Z 
2025-08-17T01:42:35.2573792Z ```python
2025-08-17T01:42:35.2574091Z def compute_price(asin: str, cost: Decimal, fees: Decimal) -> Decimal
2025-08-17T01:42:35.2574438Z ```
2025-08-17T01:42:35.2574553Z 
2025-08-17T01:42:35.2574683Z Toy algorithm: ensure 15 % ROI and round to cents.
2025-08-17T01:42:35.2574988Z Replace with real competitive logic later.
2025-08-17T01:42:35.2575180Z 
2025-08-17T01:42:35.2575286Z <a id="repricer.app.main"></a>
2025-08-17T01:42:35.2575445Z 
2025-08-17T01:42:35.2575561Z # repricer.app.main
2025-08-17T01:42:35.2575686Z 
2025-08-17T01:42:35.2575796Z <a id="repricer.app"></a>
2025-08-17T01:42:35.2575946Z 
2025-08-17T01:42:35.2576043Z # repricer.app
2025-08-17T01:42:35.2576161Z 
2025-08-17T01:42:35.2576275Z <a id="repricer.tests.test_imports"></a>
2025-08-17T01:42:35.2576476Z 
2025-08-17T01:42:35.2576586Z # repricer.tests.test\_imports
2025-08-17T01:42:35.2576755Z 
2025-08-17T01:42:35.2576877Z <a id="repricer.tests.test_smoke"></a>
2025-08-17T01:42:35.2577060Z 
2025-08-17T01:42:35.2577169Z # repricer.tests.test\_smoke
2025-08-17T01:42:35.2577328Z 
2025-08-17T01:42:35.2577439Z <a id="repricer.tests"></a>
2025-08-17T01:42:35.2577592Z 
2025-08-17T01:42:35.2577742Z # repricer.tests
2025-08-17T01:42:35.2577870Z 
2025-08-17T01:42:35.2577969Z <a id="db"></a>
2025-08-17T01:42:35.2578091Z 
2025-08-17T01:42:35.2578195Z # db
2025-08-17T01:42:35.2578299Z 
2025-08-17T01:42:35.2578399Z <a id="db.utils.views"></a>
2025-08-17T01:42:35.2578558Z 
2025-08-17T01:42:35.2578658Z # db.utils.views
2025-08-17T01:42:35.2578780Z 
2025-08-17T01:42:35.2579015Z <a id="db.utils.views.replace_view"></a>
2025-08-17T01:42:35.2579219Z 
2025-08-17T01:42:35.2579309Z #### replace\_view
2025-08-17T01:42:35.2579438Z 
2025-08-17T01:42:35.2579539Z ```python
2025-08-17T01:42:35.2579779Z def replace_view(name: str, new_sql: str) -> None
2025-08-17T01:42:35.2580078Z ```
2025-08-17T01:42:35.2580184Z 
2025-08-17T01:42:35.2580301Z Drop and recreate a SQL view atomically.
2025-08-17T01:42:35.2580489Z 
2025-08-17T01:42:35.2580601Z <a id="db.utils"></a>
2025-08-17T01:42:35.2580738Z 
2025-08-17T01:42:35.2580860Z # db.utils
2025-08-17T01:42:35.2580980Z 
2025-08-17T01:42:35.2581088Z <a id="price_importer"></a>
2025-08-17T01:42:35.2581240Z 
2025-08-17T01:42:35.2581354Z # price\_importer
2025-08-17T01:42:35.2581487Z 
2025-08-17T01:42:35.2581616Z <a id="price_importer.services_common.dsn"></a>
2025-08-17T01:42:35.2581813Z 
2025-08-17T01:42:35.2581937Z # price\_importer.services\_common.dsn
2025-08-17T01:42:35.2582115Z 
2025-08-17T01:42:35.2582257Z <a id="price_importer.services_common.dsn.build_dsn"></a>
2025-08-17T01:42:35.2582483Z 
2025-08-17T01:42:35.2582583Z #### build\_dsn
2025-08-17T01:42:35.2582812Z 
2025-08-17T01:42:35.2582920Z ```python
2025-08-17T01:42:35.2583143Z def build_dsn(sync: bool = True) -> str
2025-08-17T01:42:35.2583409Z ```
2025-08-17T01:42:35.2583524Z 
2025-08-17T01:42:35.2583735Z Return safe DSN.
2025-08-17T01:42:35.2583874Z 
2025-08-17T01:42:35.2584239Z sync=True → SQLAlchemy (+psycopg) else plain asyncpg.
2025-08-17T01:42:35.2584457Z 
2025-08-17T01:42:35.2584603Z <a id="price_importer.services_common.models_vendor"></a>
2025-08-17T01:42:35.2584828Z 
2025-08-17T01:42:35.2584960Z # price\_importer.services\_common.models\_vendor
2025-08-17T01:42:35.2585165Z 
2025-08-17T01:42:35.2585304Z <a id="price_importer.services_common.db_url"></a>
2025-08-17T01:42:35.2585512Z 
2025-08-17T01:42:35.2585632Z # price\_importer.services\_common.db\_url
2025-08-17T01:42:35.2585828Z 
2025-08-17T01:42:35.2585978Z <a id="price_importer.services_common.db_url.build_url"></a>
2025-08-17T01:42:35.2586340Z 
2025-08-17T01:42:35.2586431Z #### build\_url
2025-08-17T01:42:35.2586559Z 
2025-08-17T01:42:35.2586649Z ```python
2025-08-17T01:42:35.2586887Z def build_url(async_: bool = True) -> str
2025-08-17T01:42:35.2587158Z ```
2025-08-17T01:42:35.2587268Z 
2025-08-17T01:42:35.2587394Z Return Postgres DSN from env or PG_* parts.
2025-08-17T01:42:35.2587580Z 
2025-08-17T01:42:35.2587706Z <a id="price_importer.services_common.keepa"></a>
2025-08-17T01:42:35.2587909Z 
2025-08-17T01:42:35.2588023Z # price\_importer.services\_common.keepa
2025-08-17T01:42:35.2588203Z 
2025-08-17T01:42:35.2588341Z <a id="price_importer.services_common.llm"></a>
2025-08-17T01:42:35.2588533Z 
2025-08-17T01:42:35.2588647Z # price\_importer.services\_common.llm
2025-08-17T01:42:35.2588821Z 
2025-08-17T01:42:35.2588962Z <a id="price_importer.services_common.settings"></a>
2025-08-17T01:42:35.2589163Z 
2025-08-17T01:42:35.2589281Z # price\_importer.services\_common.settings
2025-08-17T01:42:35.2589475Z 
2025-08-17T01:42:35.2589605Z <a id="price_importer.services_common.db"></a>
2025-08-17T01:42:35.2589800Z 
2025-08-17T01:42:35.2589923Z # price\_importer.services\_common.db
2025-08-17T01:42:35.2590101Z 
2025-08-17T01:42:35.2590270Z <a id="price_importer.services_common.db.build_sqlalchemy_url"></a>
2025-08-17T01:42:35.2590523Z 
2025-08-17T01:42:35.2590628Z #### build\_sqlalchemy\_url
2025-08-17T01:42:35.2590780Z 
2025-08-17T01:42:35.2590875Z ```python
2025-08-17T01:42:35.2591096Z def build_sqlalchemy_url() -> str
2025-08-17T01:42:35.2591357Z ```
2025-08-17T01:42:35.2591470Z 
2025-08-17T01:42:35.2591592Z Return Postgres URL for SQLAlchemy engines.
2025-08-17T01:42:35.2591777Z 
2025-08-17T01:42:35.2591944Z <a id="price_importer.services_common.db.build_asyncpg_dsn"></a>
2025-08-17T01:42:35.2592183Z 
2025-08-17T01:42:35.2592285Z #### build\_asyncpg\_dsn
2025-08-17T01:42:35.2592437Z 
2025-08-17T01:42:35.2592527Z ```python
2025-08-17T01:42:35.2592908Z def build_asyncpg_dsn() -> str
2025-08-17T01:42:35.2593159Z ```
2025-08-17T01:42:35.2593277Z 
2025-08-17T01:42:35.2593551Z Return DSN suitable for asyncpg (without driver suffix).
2025-08-17T01:42:35.2593790Z 
2025-08-17T01:42:35.2593945Z <a id="price_importer.services_common.db.refresh_mvs"></a>
2025-08-17T01:42:35.2594167Z 
2025-08-17T01:42:35.2594276Z #### refresh\_mvs
2025-08-17T01:42:35.2594398Z 
2025-08-17T01:42:35.2594488Z ```python
2025-08-17T01:42:35.2594729Z def refresh_mvs(conn: Engine | Connection) -> None
2025-08-17T01:42:35.2595028Z ```
2025-08-17T01:42:35.2595150Z 
2025-08-17T01:42:35.2595298Z Refresh materialized views, using CONCURRENTLY when safe.
2025-08-17T01:42:35.2595526Z 
2025-08-17T01:42:35.2595654Z <a id="price_importer.services_common"></a>
2025-08-17T01:42:35.2595846Z 
2025-08-17T01:42:35.2595962Z # price\_importer.services\_common
2025-08-17T01:42:35.2596137Z 
2025-08-17T01:42:35.2596260Z <a id="price_importer.services_common.base"></a>
2025-08-17T01:42:35.2596455Z 
2025-08-17T01:42:35.2596566Z # price\_importer.services\_common.base
2025-08-17T01:42:35.2596752Z 
2025-08-17T01:42:35.2596870Z <a id="price_importer.normaliser"></a>
2025-08-17T01:42:35.2597045Z 
2025-08-17T01:42:35.2597161Z # price\_importer.normaliser
2025-08-17T01:42:35.2597314Z 
2025-08-17T01:42:35.2597441Z <a id="price_importer.common.models_vendor"></a>
2025-08-17T01:42:35.2597641Z 
2025-08-17T01:42:35.2597754Z # price\_importer.common.models\_vendor
2025-08-17T01:42:35.2597934Z 
2025-08-17T01:42:35.2598051Z <a id="price_importer.common.db_url"></a>
2025-08-17T01:42:35.2598243Z 
2025-08-17T01:42:35.2598351Z # price\_importer.common.db\_url
2025-08-17T01:42:35.2598516Z 
2025-08-17T01:42:35.2598645Z <a id="price_importer.common.db_url.make_dsn"></a>
2025-08-17T01:42:35.2598841Z 
2025-08-17T01:42:35.2598932Z #### make\_dsn
2025-08-17T01:42:35.2599065Z 
2025-08-17T01:42:35.2599167Z ```python
2025-08-17T01:42:35.2599392Z def make_dsn(async_: bool = False) -> str
2025-08-17T01:42:35.2599671Z ```
2025-08-17T01:42:35.2599774Z 
2025-08-17T01:42:35.2599913Z Return DSN built from either PG_* or POSTGRES_* vars.
2025-08-17T01:42:35.2600254Z 
2025-08-17T01:42:35.2600391Z <a id="price_importer.common.db_url.build_url"></a>
2025-08-17T01:42:35.2600598Z 
2025-08-17T01:42:35.2600700Z #### build\_url
2025-08-17T01:42:35.2600829Z 
2025-08-17T01:42:35.2600930Z ```python
2025-08-17T01:42:35.2601168Z def build_url(async_: bool = False) -> str
2025-08-17T01:42:35.2601425Z ```
2025-08-17T01:42:35.2601545Z 
2025-08-17T01:42:35.2601688Z Return Postgres DSN built from environment variables.
2025-08-17T01:42:35.2601903Z 
2025-08-17T01:42:35.2602024Z <a id="price_importer.common"></a>
2025-08-17T01:42:35.2602189Z 
2025-08-17T01:42:35.2602306Z # price\_importer.common
2025-08-17T01:42:35.2602453Z 
2025-08-17T01:42:35.2602571Z <a id="price_importer.common.base"></a>
2025-08-17T01:42:35.2602856Z 
2025-08-17T01:42:35.2602965Z # price\_importer.common.base
2025-08-17T01:42:35.2603124Z 
2025-08-17T01:42:35.2603240Z <a id="price_importer.tests.conftest"></a>
2025-08-17T01:42:35.2603426Z 
2025-08-17T01:42:35.2603539Z # price\_importer.tests.conftest
2025-08-17T01:42:35.2603712Z 
2025-08-17T01:42:35.2603838Z <a id="price_importer.tests.test_reader"></a>
2025-08-17T01:42:35.2604029Z 
2025-08-17T01:42:35.2604151Z # price\_importer.tests.test\_reader
2025-08-17T01:42:35.2604327Z 
2025-08-17T01:42:35.2604444Z <a id="price_importer.tests.test_imports"></a>
2025-08-17T01:42:35.2604634Z 
2025-08-17T01:42:35.2604752Z # price\_importer.tests.test\_imports
2025-08-17T01:42:35.2604928Z 
2025-08-17T01:42:35.2605054Z <a id="price_importer.tests.test_smoke"></a>
2025-08-17T01:42:35.2605239Z 
2025-08-17T01:42:35.2605349Z # price\_importer.tests.test\_smoke
2025-08-17T01:42:35.2605520Z 
2025-08-17T01:42:35.2605654Z <a id="price_importer.tests.test_normaliser"></a>
2025-08-17T01:42:35.2605851Z 
2025-08-17T01:42:35.2605966Z # price\_importer.tests.test\_normaliser
2025-08-17T01:42:35.2606152Z 
2025-08-17T01:42:35.2606269Z <a id="price_importer.tests"></a>
2025-08-17T01:42:35.2606433Z 
2025-08-17T01:42:35.2606545Z # price\_importer.tests
2025-08-17T01:42:35.2606688Z 
2025-08-17T01:42:35.2606950Z <a id="price_importer.reader"></a>
2025-08-17T01:42:35.2607126Z 
2025-08-17T01:42:35.2607230Z # price\_importer.reader
2025-08-17T01:42:35.2607371Z 
2025-08-17T01:42:35.2607493Z <a id="price_importer.reader.load_file"></a>
2025-08-17T01:42:35.2607685Z 
2025-08-17T01:42:35.2607777Z #### load\_file
2025-08-17T01:42:35.2607894Z 
2025-08-17T01:42:35.2607987Z ```python
2025-08-17T01:42:35.2608224Z def load_file(path: str | Path) -> Any
2025-08-17T01:42:35.2608494Z ```
2025-08-17T01:42:35.2608610Z 
2025-08-17T01:42:35.2608728Z Return DataFrame from CSV or Excel file.
2025-08-17T01:42:35.2608918Z 
2025-08-17T01:42:35.2609043Z Raises RuntimeError if pandas is unavailable.
2025-08-17T01:42:35.2609250Z 
2025-08-17T01:42:35.2609367Z <a id="price_importer.repository"></a>
2025-08-17T01:42:35.2609554Z 
2025-08-17T01:42:35.2609659Z # price\_importer.repository
2025-08-17T01:42:35.2609817Z 
2025-08-17T01:42:35.2609938Z <a id="price_importer.import"></a>
2025-08-17T01:42:35.2610107Z 
2025-08-17T01:42:35.2610225Z # price\_importer.import
2025-08-17T01:42:35.2610375Z 
2025-08-17T01:42:35.2610481Z <a id="fees_h10"></a>
2025-08-17T01:42:35.2610610Z 
2025-08-17T01:42:35.2610705Z # fees\_h10
2025-08-17T01:42:35.2610830Z 
2025-08-17T01:42:35.2610931Z <a id="fees_h10.worker"></a>
2025-08-17T01:42:35.2611076Z 
2025-08-17T01:42:35.2611186Z # fees\_h10.worker
2025-08-17T01:42:35.2611311Z 
2025-08-17T01:42:35.2611442Z <a id="fees_h10.worker.list_active_asins"></a>
2025-08-17T01:42:35.2611637Z 
2025-08-17T01:42:35.2611748Z #### list\_active\_asins
2025-08-17T01:42:35.2611888Z 
2025-08-17T01:42:35.2611984Z ```python
2025-08-17T01:42:35.2612212Z def list_active_asins() -> list[str]
2025-08-17T01:42:35.2612466Z ```
2025-08-17T01:42:35.2612578Z 
2025-08-17T01:42:35.2612845Z Return known ASINs or an empty list if unavailable.
2025-08-17T01:42:35.2613054Z 
2025-08-17T01:42:35.2613168Z <a id="fees_h10.tests.test_smoke"></a>
2025-08-17T01:42:35.2613337Z 
2025-08-17T01:42:35.2613445Z # fees\_h10.tests.test\_smoke
2025-08-17T01:42:35.2613730Z 
2025-08-17T01:42:35.2613841Z <a id="fees_h10.tests"></a>
2025-08-17T01:42:35.2613988Z 
2025-08-17T01:42:35.2614082Z # fees\_h10.tests
2025-08-17T01:42:35.2614216Z 
2025-08-17T01:42:35.2614318Z <a id="fees_h10.client"></a>
2025-08-17T01:42:35.2614467Z 
2025-08-17T01:42:35.2614572Z # fees\_h10.client
2025-08-17T01:42:35.2614698Z 
2025-08-17T01:42:35.2614801Z <a id="fees_h10.repository"></a>
2025-08-17T01:42:35.2614956Z 
2025-08-17T01:42:35.2615067Z # fees\_h10.repository
2025-08-17T01:42:35.2615199Z 
2025-08-17T01:42:35.2615305Z <a id="emailer"></a>
2025-08-17T01:42:35.2615441Z 
2025-08-17T01:42:35.2615528Z # emailer
2025-08-17T01:42:35.2615635Z 
2025-08-17T01:42:35.2615757Z <a id="emailer.tests.test_import_emailer"></a>
2025-08-17T01:42:35.2615953Z 
2025-08-17T01:42:35.2616068Z # emailer.tests.test\_import\_emailer
2025-08-17T01:42:35.2616243Z 
2025-08-17T01:42:35.2616357Z <a id="emailer.tests.test_smoke"></a>
2025-08-17T01:42:35.2616527Z 
2025-08-17T01:42:35.2616627Z # emailer.tests.test\_smoke
2025-08-17T01:42:35.2616787Z 
2025-08-17T01:42:35.2616887Z <a id="emailer.tests"></a>
2025-08-17T01:42:35.2617036Z 
2025-08-17T01:42:35.2617125Z # emailer.tests
2025-08-17T01:42:35.2617250Z 
2025-08-17T01:42:35.2617355Z <a id="emailer.generate_body"></a>
2025-08-17T01:42:35.2617523Z 
2025-08-17T01:42:35.2617639Z # emailer.generate\_body
2025-08-17T01:42:35.2617783Z 
2025-08-17T01:42:35.2617886Z <a id="llm_server"></a>
2025-08-17T01:42:35.2618026Z 
2025-08-17T01:42:35.2618129Z # llm\_server
2025-08-17T01:42:35.2618251Z 
2025-08-17T01:42:35.2618351Z <a id="llm_server.app"></a>
2025-08-17T01:42:35.2618508Z 
2025-08-17T01:42:35.2618610Z # llm\_server.app
2025-08-17T01:42:35.2618733Z 
2025-08-17T01:42:35.2971683Z ##[group]Run peaceiris/actions-gh-pages@v3
2025-08-17T01:42:35.2971967Z with:
2025-08-17T01:42:35.2972399Z   github_token: ***
2025-08-17T01:42:35.2972594Z   publish_branch: gh-pages
2025-08-17T01:42:35.2973053Z   publish_dir: docs/api
2025-08-17T01:42:35.2973264Z   allow_empty_commit: false
2025-08-17T01:42:35.2973479Z   keep_files: false
2025-08-17T01:42:35.2973650Z   force_orphan: false
2025-08-17T01:42:35.2973827Z   enable_jekyll: false
2025-08-17T01:42:35.2974014Z   disable_nojekyll: false
2025-08-17T01:42:35.2974202Z   exclude_assets: .github
2025-08-17T01:42:35.2974379Z env:
2025-08-17T01:42:35.2974591Z   pythonLocation: /opt/hostedtoolcache/Python/3.11.13/x64
2025-08-17T01:42:35.2974992Z   PKG_CONFIG_PATH: /opt/hostedtoolcache/Python/3.11.13/x64/lib/pkgconfig
2025-08-17T01:42:35.2975365Z   Python_ROOT_DIR: /opt/hostedtoolcache/Python/3.11.13/x64
2025-08-17T01:42:35.2975696Z   Python2_ROOT_DIR: /opt/hostedtoolcache/Python/3.11.13/x64
2025-08-17T01:42:35.2976059Z   Python3_ROOT_DIR: /opt/hostedtoolcache/Python/3.11.13/x64
2025-08-17T01:42:35.2976387Z   LD_LIBRARY_PATH: /opt/hostedtoolcache/Python/3.11.13/x64/lib
2025-08-17T01:42:35.2976668Z ##[endgroup]
2025-08-17T01:42:35.3581059Z [INFO] Usage https://github.com/peaceiris/actions-gh-pages#readme
2025-08-17T01:42:35.3586377Z ##[group]Dump inputs
2025-08-17T01:42:35.3586763Z [INFO] GithubToken: true
2025-08-17T01:42:35.3587118Z [INFO] PublishBranch: gh-pages
2025-08-17T01:42:35.3587493Z [INFO] PublishDir: docs/api
2025-08-17T01:42:35.3587854Z [INFO] DestinationDir: 
2025-08-17T01:42:35.3588190Z [INFO] ExternalRepository: 
2025-08-17T01:42:35.3588545Z [INFO] AllowEmptyCommit: false
2025-08-17T01:42:35.3588846Z [INFO] KeepFiles: false
2025-08-17T01:42:35.3589036Z [INFO] ForceOrphan: false
2025-08-17T01:42:35.3589230Z [INFO] UserName: 
2025-08-17T01:42:35.3589406Z [INFO] UserEmail: 
2025-08-17T01:42:35.3589623Z [INFO] CommitMessage: 
2025-08-17T01:42:35.3589957Z [INFO] FullCommitMessage: 
2025-08-17T01:42:35.3590338Z [INFO] TagName: 
2025-08-17T01:42:35.3590617Z [INFO] TagMessage: 
2025-08-17T01:42:35.3590949Z [INFO] EnableJekyll (DisableNoJekyll): false
2025-08-17T01:42:35.3591280Z [INFO] CNAME: 
2025-08-17T01:42:35.3591568Z [INFO] ExcludeAssets .github
2025-08-17T01:42:35.3591810Z 
2025-08-17T01:42:35.3592161Z ##[endgroup]
2025-08-17T01:42:35.3592828Z ##[group]Setup auth token
2025-08-17T01:42:35.3593546Z [INFO] setup GITHUB_TOKEN
2025-08-17T01:42:35.3594514Z ##[endgroup]
2025-08-17T01:42:35.3594840Z ##[group]Prepare publishing assets
2025-08-17T01:42:35.3596496Z [INFO] ForceOrphan: false
2025-08-17T01:42:35.3641876Z [command]/usr/bin/git clone --depth=1 --single-branch --branch gh-pages ***github.com/AlexBomber12/AWA-App.git /home/runner/actions_github_pages_1755394955359
2025-08-17T01:42:35.3676535Z Cloning into '/home/runner/actions_github_pages_1755394955359'...
2025-08-17T01:42:35.6124909Z [INFO] clean up /home/runner/actions_github_pages_1755394955359
2025-08-17T01:42:35.6125636Z [INFO] chdir /home/runner/actions_github_pages_1755394955359
2025-08-17T01:42:35.6143055Z [command]/usr/bin/git rm -r --ignore-unmatch *
2025-08-17T01:42:35.6168505Z rm '.gitkeep'
2025-08-17T01:42:35.6168985Z rm '.nojekyll'
2025-08-17T01:42:35.6172957Z [INFO] chdir /home/runner/actions_github_pages_1755394955359
2025-08-17T01:42:35.6173858Z [INFO] prepare publishing assets
2025-08-17T01:42:35.6175259Z [INFO] copy /home/runner/work/AWA-App/AWA-App/docs/api to /home/runner/actions_github_pages_1755394955359
2025-08-17T01:42:35.6204679Z cp: no such file or directory: /home/runner/work/AWA-App/AWA-App/docs/api/*
2025-08-17T01:42:35.6214590Z [INFO] delete excluded assets
2025-08-17T01:42:35.6242511Z rm: no paths given
2025-08-17T01:42:35.6243989Z [INFO] Created /home/runner/actions_github_pages_1755394955359/.nojekyll
2025-08-17T01:42:35.6245705Z ##[endgroup]
2025-08-17T01:42:35.6246079Z ##[group]Setup Git config
2025-08-17T01:42:35.6262305Z [command]/usr/bin/git remote rm origin
2025-08-17T01:42:35.6363579Z [command]/usr/bin/git remote add origin ***github.com/AlexBomber12/AWA-App.git
2025-08-17T01:42:35.6405750Z [command]/usr/bin/git add --all
2025-08-17T01:42:35.6450745Z [command]/usr/bin/git config user.name AlexBomber12
2025-08-17T01:42:35.6491575Z [command]/usr/bin/git config user.email AlexBomber12@users.noreply.github.com
2025-08-17T01:42:35.6519667Z ##[endgroup]
2025-08-17T01:42:35.6520220Z ##[group]Create a commit
2025-08-17T01:42:35.6533184Z [command]/usr/bin/git commit -m deploy: de08747566a3d28e0b074d731c493827256929e4
2025-08-17T01:42:35.6560161Z On branch gh-pages
2025-08-17T01:42:35.6560553Z nothing to commit, working tree clean
2025-08-17T01:42:35.6565225Z [INFO] skip commit
2025-08-17T01:42:35.6566147Z ##[endgroup]
2025-08-17T01:42:35.6566782Z ##[group]Push the commit or tag
2025-08-17T01:42:35.6576587Z [command]/usr/bin/git push origin gh-pages
2025-08-17T01:42:35.9452464Z Everything up-to-date
2025-08-17T01:42:35.9484295Z ##[endgroup]
2025-08-17T01:42:35.9484629Z [INFO] Action successfully completed
2025-08-17T01:42:35.9572962Z Post job cleanup.
2025-08-17T01:42:36.1275578Z Post job cleanup.
2025-08-17T01:42:36.2205950Z [command]/usr/bin/git version
2025-08-17T01:42:36.2240387Z git version 2.50.1
2025-08-17T01:42:36.2288091Z Temporarily overriding HOME='/home/runner/work/_temp/dba893bb-92c6-4bf6-b2a5-7f0865ed3358' before making global git config changes
2025-08-17T01:42:36.2289211Z Adding repository directory to the temporary git global config as a safe directory
2025-08-17T01:42:36.2293185Z [command]/usr/bin/git config --global --add safe.directory /home/runner/work/AWA-App/AWA-App
2025-08-17T01:42:36.2326161Z [command]/usr/bin/git config --local --name-only --get-regexp core\.sshCommand
2025-08-17T01:42:36.2358951Z [command]/usr/bin/git submodule foreach --recursive sh -c "git config --local --name-only --get-regexp 'core\.sshCommand' && git config --local --unset-all 'core.sshCommand' || :"
2025-08-17T01:42:36.3430298Z [command]/usr/bin/git config --local --name-only --get-regexp http\.https\:\/\/github\.com\/\.extraheader
2025-08-17T01:42:36.3452267Z http.https://github.com/.extraheader
2025-08-17T01:42:36.3464883Z [command]/usr/bin/git config --local --unset-all http.https://github.com/.extraheader
2025-08-17T01:42:36.3494689Z [command]/usr/bin/git submodule foreach --recursive sh -c "git config --local --name-only --get-regexp 'http\.https\:\/\/github\.com\/\.extraheader' && git config --local --unset-all 'http.https://github.com/.extraheader' || :"
2025-08-17T01:42:36.3811560Z Cleaning up orphan processes
