2025-08-19T10:33:04.8873965Z Current runner version: '2.327.1'
2025-08-19T10:33:04.8905988Z ##[group]Runner Image Provisioner
2025-08-19T10:33:04.8907265Z Hosted Compute Agent
2025-08-19T10:33:04.8908088Z Version: 20250818.377
2025-08-19T10:33:04.8908977Z Commit: 3c593e9f75fe0b87e893bca80d6e12ba089c61fc
2025-08-19T10:33:04.8910276Z Build Date: 2025-08-18T14:52:18Z
2025-08-19T10:33:04.8911141Z ##[endgroup]
2025-08-19T10:33:04.8911920Z ##[group]Operating System
2025-08-19T10:33:04.8912910Z Ubuntu
2025-08-19T10:33:04.8914144Z 24.04.2
2025-08-19T10:33:04.8914828Z LTS
2025-08-19T10:33:04.8915694Z ##[endgroup]
2025-08-19T10:33:04.8916450Z ##[group]Runner Image
2025-08-19T10:33:04.8917303Z Image: ubuntu-24.04
2025-08-19T10:33:04.8918157Z Version: 20250810.1.0
2025-08-19T10:33:04.8919794Z Included Software: https://github.com/actions/runner-images/blob/ubuntu24/20250810.1/images/ubuntu/Ubuntu2404-Readme.md
2025-08-19T10:33:04.8922556Z Image Release: https://github.com/actions/runner-images/releases/tag/ubuntu24%2F20250810.1
2025-08-19T10:33:04.8924350Z ##[endgroup]
2025-08-19T10:33:04.8928547Z ##[group]GITHUB_TOKEN Permissions
2025-08-19T10:33:04.8931176Z Actions: write
2025-08-19T10:33:04.8932165Z Attestations: write
2025-08-19T10:33:04.8933076Z Checks: write
2025-08-19T10:33:04.8934023Z Contents: write
2025-08-19T10:33:04.8934783Z Deployments: write
2025-08-19T10:33:04.8935754Z Discussions: write
2025-08-19T10:33:04.8936499Z Issues: write
2025-08-19T10:33:04.8937256Z Metadata: read
2025-08-19T10:33:04.8938122Z Models: read
2025-08-19T10:33:04.8938915Z Packages: write
2025-08-19T10:33:04.8939632Z Pages: write
2025-08-19T10:33:04.8940461Z PullRequests: write
2025-08-19T10:33:04.8941347Z RepositoryProjects: write
2025-08-19T10:33:04.8942173Z SecurityEvents: write
2025-08-19T10:33:04.8943286Z Statuses: write
2025-08-19T10:33:04.8944474Z ##[endgroup]
2025-08-19T10:33:04.8947719Z Secret source: Actions
2025-08-19T10:33:04.8949207Z Prepare workflow directory
2025-08-19T10:33:04.9405125Z Prepare all required actions
2025-08-19T10:33:04.9462361Z Getting action download info
2025-08-19T10:33:05.2367420Z Download action repository 'actions/checkout@v4' (SHA:08eba0b27e820071cde6df949e0beb9ba4906955)
2025-08-19T10:33:05.5317243Z Download action repository 'actions/setup-python@v5' (SHA:a26af69be951a213d495a4c3e4e4022e16d87065)
2025-08-19T10:33:05.8108023Z Download action repository 'peaceiris/actions-gh-pages@v3' (SHA:373f7f263a76c20808c831209c920827a82a2847)
2025-08-19T10:33:06.1752214Z Complete job name: publish
2025-08-19T10:33:06.2449853Z ##[group]Run actions/checkout@v4
2025-08-19T10:33:06.2451073Z with:
2025-08-19T10:33:06.2452344Z   repository: AlexBomber12/AWA-App
2025-08-19T10:33:06.2453249Z   token: ***
2025-08-19T10:33:06.2453914Z   ssh-strict: true
2025-08-19T10:33:06.2454402Z   ssh-user: git
2025-08-19T10:33:06.2454903Z   persist-credentials: true
2025-08-19T10:33:06.2455455Z   clean: true
2025-08-19T10:33:06.2455942Z   sparse-checkout-cone-mode: true
2025-08-19T10:33:06.2456527Z   fetch-depth: 1
2025-08-19T10:33:06.2457005Z   fetch-tags: false
2025-08-19T10:33:06.2457517Z   show-progress: true
2025-08-19T10:33:06.2458020Z   lfs: false
2025-08-19T10:33:06.2458483Z   submodules: false
2025-08-19T10:33:06.2458980Z   set-safe-directory: true
2025-08-19T10:33:06.2459852Z ##[endgroup]
2025-08-19T10:33:06.3537303Z Syncing repository: AlexBomber12/AWA-App
2025-08-19T10:33:06.3539600Z ##[group]Getting Git version info
2025-08-19T10:33:06.3540453Z Working directory is '/home/runner/work/AWA-App/AWA-App'
2025-08-19T10:33:06.3541661Z [command]/usr/bin/git version
2025-08-19T10:33:06.3608689Z git version 2.50.1
2025-08-19T10:33:06.3634902Z ##[endgroup]
2025-08-19T10:33:06.3651340Z Temporarily overriding HOME='/home/runner/work/_temp/70648235-55f5-4ea0-99fb-96e8ab4960b5' before making global git config changes
2025-08-19T10:33:06.3654570Z Adding repository directory to the temporary git global config as a safe directory
2025-08-19T10:33:06.3665171Z [command]/usr/bin/git config --global --add safe.directory /home/runner/work/AWA-App/AWA-App
2025-08-19T10:33:06.3702210Z Deleting the contents of '/home/runner/work/AWA-App/AWA-App'
2025-08-19T10:33:06.3706560Z ##[group]Initializing the repository
2025-08-19T10:33:06.3711241Z [command]/usr/bin/git init /home/runner/work/AWA-App/AWA-App
2025-08-19T10:33:06.3806755Z hint: Using 'master' as the name for the initial branch. This default branch name
2025-08-19T10:33:06.3808371Z hint: is subject to change. To configure the initial branch name to use in all
2025-08-19T10:33:06.3809663Z hint: of your new repositories, which will suppress this warning, call:
2025-08-19T10:33:06.3811080Z hint:
2025-08-19T10:33:06.3811729Z hint: 	git config --global init.defaultBranch <name>
2025-08-19T10:33:06.3812941Z hint:
2025-08-19T10:33:06.3814282Z hint: Names commonly chosen instead of 'master' are 'main', 'trunk' and
2025-08-19T10:33:06.3816266Z hint: 'development'. The just-created branch can be renamed via this command:
2025-08-19T10:33:06.3817826Z hint:
2025-08-19T10:33:06.3818592Z hint: 	git branch -m <name>
2025-08-19T10:33:06.3819443Z hint:
2025-08-19T10:33:06.3820631Z hint: Disable this message with "git config set advice.defaultBranchName false"
2025-08-19T10:33:06.3822761Z Initialized empty Git repository in /home/runner/work/AWA-App/AWA-App/.git/
2025-08-19T10:33:06.3826225Z [command]/usr/bin/git remote add origin https://github.com/AlexBomber12/AWA-App
2025-08-19T10:33:06.3857655Z ##[endgroup]
2025-08-19T10:33:06.3858998Z ##[group]Disabling automatic garbage collection
2025-08-19T10:33:06.3862367Z [command]/usr/bin/git config --local gc.auto 0
2025-08-19T10:33:06.3890809Z ##[endgroup]
2025-08-19T10:33:06.3892203Z ##[group]Setting up auth
2025-08-19T10:33:06.3898504Z [command]/usr/bin/git config --local --name-only --get-regexp core\.sshCommand
2025-08-19T10:33:06.3928347Z [command]/usr/bin/git submodule foreach --recursive sh -c "git config --local --name-only --get-regexp 'core\.sshCommand' && git config --local --unset-all 'core.sshCommand' || :"
2025-08-19T10:33:06.4233169Z [command]/usr/bin/git config --local --name-only --get-regexp http\.https\:\/\/github\.com\/\.extraheader
2025-08-19T10:33:06.4262328Z [command]/usr/bin/git submodule foreach --recursive sh -c "git config --local --name-only --get-regexp 'http\.https\:\/\/github\.com\/\.extraheader' && git config --local --unset-all 'http.https://github.com/.extraheader' || :"
2025-08-19T10:33:06.4478372Z [command]/usr/bin/git config --local http.https://github.com/.extraheader AUTHORIZATION: basic ***
2025-08-19T10:33:06.4515023Z ##[endgroup]
2025-08-19T10:33:06.4516575Z ##[group]Fetching the repository
2025-08-19T10:33:06.4524989Z [command]/usr/bin/git -c protocol.version=2 fetch --no-tags --prune --no-recurse-submodules --depth=1 origin +d67dbefa45deea1a33a2b0e6ee846bed9fa29889:refs/remotes/origin/main
2025-08-19T10:33:06.7413965Z From https://github.com/AlexBomber12/AWA-App
2025-08-19T10:33:06.7416790Z  * [new ref]         d67dbefa45deea1a33a2b0e6ee846bed9fa29889 -> origin/main
2025-08-19T10:33:06.7439654Z ##[endgroup]
2025-08-19T10:33:06.7440464Z ##[group]Determining the checkout info
2025-08-19T10:33:06.7441956Z ##[endgroup]
2025-08-19T10:33:06.7447338Z [command]/usr/bin/git sparse-checkout disable
2025-08-19T10:33:06.7486026Z [command]/usr/bin/git config --local --unset-all extensions.worktreeConfig
2025-08-19T10:33:06.7514520Z ##[group]Checking out the ref
2025-08-19T10:33:06.7518661Z [command]/usr/bin/git checkout --progress --force -B main refs/remotes/origin/main
2025-08-19T10:33:06.7947447Z Switched to a new branch 'main'
2025-08-19T10:33:06.7949592Z branch 'main' set up to track 'origin/main'.
2025-08-19T10:33:06.7957330Z ##[endgroup]
2025-08-19T10:33:06.7991020Z [command]/usr/bin/git log -1 --format=%H
2025-08-19T10:33:06.8012669Z d67dbefa45deea1a33a2b0e6ee846bed9fa29889
2025-08-19T10:33:06.8283490Z ##[group]Run actions/setup-python@v5
2025-08-19T10:33:06.8284457Z with:
2025-08-19T10:33:06.8284902Z   python-version: 3.11
2025-08-19T10:33:06.8285473Z   check-latest: false
2025-08-19T10:33:06.8286254Z   token: ***
2025-08-19T10:33:06.8286742Z   update-environment: true
2025-08-19T10:33:06.8287595Z   allow-prereleases: false
2025-08-19T10:33:06.8288219Z   freethreaded: false
2025-08-19T10:33:06.8288754Z ##[endgroup]
2025-08-19T10:33:06.9954573Z ##[group]Installed versions
2025-08-19T10:33:07.0485974Z Successfully set up CPython (3.11.13)
2025-08-19T10:33:07.0487993Z ##[endgroup]
2025-08-19T10:33:07.0619657Z ##[group]Run pip install pydoc-markdown
2025-08-19T10:33:07.0620706Z [36;1mpip install pydoc-markdown[0m
2025-08-19T10:33:07.0781873Z shell: /usr/bin/bash -e {0}
2025-08-19T10:33:07.0782692Z env:
2025-08-19T10:33:07.0783500Z   pythonLocation: /opt/hostedtoolcache/Python/3.11.13/x64
2025-08-19T10:33:07.0785143Z   PKG_CONFIG_PATH: /opt/hostedtoolcache/Python/3.11.13/x64/lib/pkgconfig
2025-08-19T10:33:07.0786578Z   Python_ROOT_DIR: /opt/hostedtoolcache/Python/3.11.13/x64
2025-08-19T10:33:07.0787751Z   Python2_ROOT_DIR: /opt/hostedtoolcache/Python/3.11.13/x64
2025-08-19T10:33:07.0788963Z   Python3_ROOT_DIR: /opt/hostedtoolcache/Python/3.11.13/x64
2025-08-19T10:33:07.0790240Z   LD_LIBRARY_PATH: /opt/hostedtoolcache/Python/3.11.13/x64/lib
2025-08-19T10:33:07.0791272Z ##[endgroup]
2025-08-19T10:33:09.7189406Z Collecting pydoc-markdown
2025-08-19T10:33:09.7646984Z   Downloading pydoc_markdown-4.8.2-py3-none-any.whl.metadata (5.9 kB)
2025-08-19T10:33:09.8135019Z Collecting PyYAML<7.0,>=5.0 (from pydoc-markdown)
2025-08-19T10:33:09.8211311Z   Downloading PyYAML-6.0.2-cp311-cp311-manylinux_2_17_x86_64.manylinux2014_x86_64.whl.metadata (2.1 kB)
2025-08-19T10:33:09.8444531Z Collecting click<9.0,>=7.1 (from pydoc-markdown)
2025-08-19T10:33:09.8518510Z   Downloading click-8.2.1-py3-none-any.whl.metadata (2.5 kB)
2025-08-19T10:33:09.8807003Z Collecting databind.core<5.0.0,>=4.4.0 (from pydoc-markdown)
2025-08-19T10:33:09.8881682Z   Downloading databind.core-4.5.2-py3-none-any.whl.metadata (1.1 kB)
2025-08-19T10:33:09.9267514Z Collecting databind.json<5.0.0,>=4.4.0 (from pydoc-markdown)
2025-08-19T10:33:09.9342070Z   Downloading databind.json-4.5.2-py3-none-any.whl.metadata (1.1 kB)
2025-08-19T10:33:09.9508542Z Collecting docspec<3.0.0,>=2.2.1 (from pydoc-markdown)
2025-08-19T10:33:09.9588151Z   Downloading docspec-2.2.2-py3-none-any.whl.metadata (1.0 kB)
2025-08-19T10:33:09.9769939Z Collecting docspec-python<3.0.0,>=2.2.1 (from pydoc-markdown)
2025-08-19T10:33:09.9857823Z   Downloading docspec_python-2.2.2-py3-none-any.whl.metadata (1.0 kB)
2025-08-19T10:33:10.0009146Z Collecting docstring-parser<0.12,>=0.11 (from pydoc-markdown)
2025-08-19T10:33:10.0081326Z   Downloading docstring_parser-0.11.tar.gz (22 kB)
2025-08-19T10:33:10.0221189Z   Installing build dependencies: started
2025-08-19T10:33:11.3038188Z   Installing build dependencies: finished with status 'done'
2025-08-19T10:33:11.3042685Z   Getting requirements to build wheel: started
2025-08-19T10:33:11.6700757Z   Getting requirements to build wheel: finished with status 'done'
2025-08-19T10:33:11.6709429Z   Preparing metadata (pyproject.toml): started
2025-08-19T10:33:11.8465287Z   Preparing metadata (pyproject.toml): finished with status 'done'
2025-08-19T10:33:11.8663982Z Collecting jinja2<4.0.0,>=3.0.0 (from pydoc-markdown)
2025-08-19T10:33:11.8738069Z   Downloading jinja2-3.1.6-py3-none-any.whl.metadata (2.9 kB)
2025-08-19T10:33:11.8965938Z Collecting nr.util<1.0.0,>=0.7.5 (from pydoc-markdown)
2025-08-19T10:33:11.9124031Z   Downloading nr.util-0.8.12-py3-none-any.whl.metadata (813 bytes)
2025-08-19T10:33:11.9443346Z Collecting requests<3.0.0,>=2.23.0 (from pydoc-markdown)
2025-08-19T10:33:11.9614564Z   Downloading requests-2.32.5-py3-none-any.whl.metadata (4.9 kB)
2025-08-19T10:33:11.9813923Z Collecting tomli<3.0.0,>=2.0.0 (from pydoc-markdown)
2025-08-19T10:33:11.9887448Z   Downloading tomli-2.2.1-cp311-cp311-manylinux_2_17_x86_64.manylinux2014_x86_64.whl.metadata (11 kB)
2025-08-19T10:33:12.0046032Z Collecting tomli_w<2.0.0,>=1.0.0 (from pydoc-markdown)
2025-08-19T10:33:12.0119696Z   Downloading tomli_w-1.2.0-py3-none-any.whl.metadata (5.7 kB)
2025-08-19T10:33:12.0634549Z Collecting watchdog (from pydoc-markdown)
2025-08-19T10:33:12.0712961Z   Downloading watchdog-6.0.0-py3-none-manylinux2014_x86_64.whl.metadata (44 kB)
2025-08-19T10:33:12.0995863Z Collecting yapf>=0.30.0 (from pydoc-markdown)
2025-08-19T10:33:12.1077301Z   Downloading yapf-0.43.0-py3-none-any.whl.metadata (46 kB)
2025-08-19T10:33:12.1375741Z Collecting databind<5.0.0,>=4.5.2 (from databind.core<5.0.0,>=4.4.0->pydoc-markdown)
2025-08-19T10:33:12.1448674Z   Downloading databind-4.5.2-py3-none-any.whl.metadata (4.3 kB)
2025-08-19T10:33:12.1639583Z Collecting Deprecated<2.0.0,>=1.2.12 (from databind<5.0.0,>=4.5.2->databind.core<5.0.0,>=4.4.0->pydoc-markdown)
2025-08-19T10:33:12.1712357Z   Downloading Deprecated-1.2.18-py2.py3-none-any.whl.metadata (5.7 kB)
2025-08-19T10:33:12.1885187Z Collecting nr-date<3.0.0,>=2.0.0 (from databind<5.0.0,>=4.5.2->databind.core<5.0.0,>=4.4.0->pydoc-markdown)
2025-08-19T10:33:12.1955386Z   Downloading nr_date-2.1.0-py3-none-any.whl.metadata (746 bytes)
2025-08-19T10:33:12.2123473Z Collecting nr-stream<2.0.0,>=1.0.0 (from databind<5.0.0,>=4.5.2->databind.core<5.0.0,>=4.4.0->pydoc-markdown)
2025-08-19T10:33:12.2205894Z   Downloading nr_stream-1.1.5-py3-none-any.whl.metadata (3.6 kB)
2025-08-19T10:33:12.2446261Z Collecting typeapi<3,>=2.0.1 (from databind<5.0.0,>=4.5.2->databind.core<5.0.0,>=4.4.0->pydoc-markdown)
2025-08-19T10:33:12.2517283Z   Downloading typeapi-2.2.4-py3-none-any.whl.metadata (1.5 kB)
2025-08-19T10:33:12.2741828Z Collecting typing-extensions<5,>=3.10.0 (from databind<5.0.0,>=4.5.2->databind.core<5.0.0,>=4.4.0->pydoc-markdown)
2025-08-19T10:33:12.2814508Z   Downloading typing_extensions-4.14.1-py3-none-any.whl.metadata (3.0 kB)
2025-08-19T10:33:12.3919014Z Collecting wrapt<2,>=1.10 (from Deprecated<2.0.0,>=1.2.12->databind<5.0.0,>=4.5.2->databind.core<5.0.0,>=4.4.0->pydoc-markdown)
2025-08-19T10:33:12.3994135Z   Downloading wrapt-1.17.3-cp311-cp311-manylinux1_x86_64.manylinux_2_28_x86_64.manylinux_2_5_x86_64.whl.metadata (6.4 kB)
2025-08-19T10:33:12.4603944Z Collecting black>=24.8.0 (from docspec-python<3.0.0,>=2.2.1->pydoc-markdown)
2025-08-19T10:33:12.4682962Z   Downloading black-25.1.0-cp311-cp311-manylinux_2_17_x86_64.manylinux2014_x86_64.manylinux_2_28_x86_64.whl.metadata (81 kB)
2025-08-19T10:33:12.4803952Z Collecting docspec<3.0.0,>=2.2.1 (from pydoc-markdown)
2025-08-19T10:33:12.4875822Z   Downloading docspec-2.2.1-py3-none-any.whl.metadata (1.5 kB)
2025-08-19T10:33:12.5476687Z Collecting MarkupSafe>=2.0 (from jinja2<4.0.0,>=3.0.0->pydoc-markdown)
2025-08-19T10:33:12.5549974Z   Downloading MarkupSafe-3.0.2-cp311-cp311-manylinux_2_17_x86_64.manylinux2014_x86_64.whl.metadata (4.0 kB)
2025-08-19T10:33:12.6534544Z Collecting charset_normalizer<4,>=2 (from requests<3.0.0,>=2.23.0->pydoc-markdown)
2025-08-19T10:33:12.6613452Z   Downloading charset_normalizer-3.4.3-cp311-cp311-manylinux2014_x86_64.manylinux_2_17_x86_64.manylinux_2_28_x86_64.whl.metadata (36 kB)
2025-08-19T10:33:12.6851005Z Collecting idna<4,>=2.5 (from requests<3.0.0,>=2.23.0->pydoc-markdown)
2025-08-19T10:33:12.6921831Z   Downloading idna-3.10-py3-none-any.whl.metadata (10 kB)
2025-08-19T10:33:12.7233469Z Collecting urllib3<3,>=1.21.1 (from requests<3.0.0,>=2.23.0->pydoc-markdown)
2025-08-19T10:33:12.7306966Z   Downloading urllib3-2.5.0-py3-none-any.whl.metadata (6.5 kB)
2025-08-19T10:33:12.7554993Z Collecting certifi>=2017.4.17 (from requests<3.0.0,>=2.23.0->pydoc-markdown)
2025-08-19T10:33:12.7626143Z   Downloading certifi-2025.8.3-py3-none-any.whl.metadata (2.4 kB)
2025-08-19T10:33:12.8010815Z Collecting mypy-extensions>=0.4.3 (from black>=24.8.0->docspec-python<3.0.0,>=2.2.1->pydoc-markdown)
2025-08-19T10:33:12.8085022Z   Downloading mypy_extensions-1.1.0-py3-none-any.whl.metadata (1.1 kB)
2025-08-19T10:33:12.8291404Z Collecting packaging>=22.0 (from black>=24.8.0->docspec-python<3.0.0,>=2.2.1->pydoc-markdown)
2025-08-19T10:33:12.8366435Z   Downloading packaging-25.0-py3-none-any.whl.metadata (3.3 kB)
2025-08-19T10:33:12.8526011Z Collecting pathspec>=0.9.0 (from black>=24.8.0->docspec-python<3.0.0,>=2.2.1->pydoc-markdown)
2025-08-19T10:33:12.8600883Z   Downloading pathspec-0.12.1-py3-none-any.whl.metadata (21 kB)
2025-08-19T10:33:12.8831499Z Collecting platformdirs>=2 (from black>=24.8.0->docspec-python<3.0.0,>=2.2.1->pydoc-markdown)
2025-08-19T10:33:12.8901741Z   Downloading platformdirs-4.3.8-py3-none-any.whl.metadata (12 kB)
2025-08-19T10:33:12.9193082Z Downloading pydoc_markdown-4.8.2-py3-none-any.whl (67 kB)
2025-08-19T10:33:12.9295275Z Downloading click-8.2.1-py3-none-any.whl (102 kB)
2025-08-19T10:33:12.9392959Z Downloading databind.core-4.5.2-py3-none-any.whl (1.5 kB)
2025-08-19T10:33:12.9492136Z Downloading databind-4.5.2-py3-none-any.whl (49 kB)
2025-08-19T10:33:12.9586571Z Downloading databind.json-4.5.2-py3-none-any.whl (1.5 kB)
2025-08-19T10:33:12.9675894Z Downloading Deprecated-1.2.18-py2.py3-none-any.whl (10.0 kB)
2025-08-19T10:33:12.9765779Z Downloading docspec_python-2.2.2-py3-none-any.whl (15 kB)
2025-08-19T10:33:12.9856445Z Downloading docspec-2.2.1-py3-none-any.whl (9.8 kB)
2025-08-19T10:33:12.9949536Z Downloading jinja2-3.1.6-py3-none-any.whl (134 kB)
2025-08-19T10:33:13.0055516Z Downloading nr_date-2.1.0-py3-none-any.whl (10 kB)
2025-08-19T10:33:13.0148885Z Downloading nr_stream-1.1.5-py3-none-any.whl (10 kB)
2025-08-19T10:33:13.0259502Z Downloading nr.util-0.8.12-py3-none-any.whl (90 kB)
2025-08-19T10:33:13.0355759Z Downloading PyYAML-6.0.2-cp311-cp311-manylinux_2_17_x86_64.manylinux2014_x86_64.whl (762 kB)
2025-08-19T10:33:13.0503825Z    ━━━━━━━━━━━━━━━━━━━━━━━━━━━━━━━━━━━━━━━━ 763.0/763.0 kB 45.1 MB/s  0:00:00
2025-08-19T10:33:13.0575971Z Downloading requests-2.32.5-py3-none-any.whl (64 kB)
2025-08-19T10:33:13.0674451Z Downloading charset_normalizer-3.4.3-cp311-cp311-manylinux2014_x86_64.manylinux_2_17_x86_64.manylinux_2_28_x86_64.whl (150 kB)
2025-08-19T10:33:13.0779987Z Downloading idna-3.10-py3-none-any.whl (70 kB)
2025-08-19T10:33:13.0878970Z Downloading tomli-2.2.1-cp311-cp311-manylinux_2_17_x86_64.manylinux2014_x86_64.whl (236 kB)
2025-08-19T10:33:13.0976576Z Downloading tomli_w-1.2.0-py3-none-any.whl (6.7 kB)
2025-08-19T10:33:13.1068736Z Downloading typeapi-2.2.4-py3-none-any.whl (26 kB)
2025-08-19T10:33:13.1166236Z Downloading typing_extensions-4.14.1-py3-none-any.whl (43 kB)
2025-08-19T10:33:13.1261398Z Downloading urllib3-2.5.0-py3-none-any.whl (129 kB)
2025-08-19T10:33:13.1456117Z Downloading wrapt-1.17.3-cp311-cp311-manylinux1_x86_64.manylinux_2_28_x86_64.manylinux_2_5_x86_64.whl (82 kB)
2025-08-19T10:33:13.1553908Z Downloading black-25.1.0-cp311-cp311-manylinux_2_17_x86_64.manylinux2014_x86_64.manylinux_2_28_x86_64.whl (1.7 MB)
2025-08-19T10:33:13.1710538Z    ━━━━━━━━━━━━━━━━━━━━━━━━━━━━━━━━━━━━━━━━ 1.7/1.7 MB 120.7 MB/s  0:00:00
2025-08-19T10:33:13.1786231Z Downloading certifi-2025.8.3-py3-none-any.whl (161 kB)
2025-08-19T10:33:13.1887644Z Downloading MarkupSafe-3.0.2-cp311-cp311-manylinux_2_17_x86_64.manylinux2014_x86_64.whl (23 kB)
2025-08-19T10:33:13.1981700Z Downloading mypy_extensions-1.1.0-py3-none-any.whl (5.0 kB)
2025-08-19T10:33:13.2073282Z Downloading packaging-25.0-py3-none-any.whl (66 kB)
2025-08-19T10:33:13.2170385Z Downloading pathspec-0.12.1-py3-none-any.whl (31 kB)
2025-08-19T10:33:13.2266712Z Downloading platformdirs-4.3.8-py3-none-any.whl (18 kB)
2025-08-19T10:33:13.2361268Z Downloading yapf-0.43.0-py3-none-any.whl (256 kB)
2025-08-19T10:33:13.2474894Z Downloading watchdog-6.0.0-py3-none-manylinux2014_x86_64.whl (79 kB)
2025-08-19T10:33:13.2742784Z Building wheels for collected packages: docstring-parser
2025-08-19T10:33:13.2750990Z   Building wheel for docstring-parser (pyproject.toml): started
2025-08-19T10:33:13.4822046Z   Building wheel for docstring-parser (pyproject.toml): finished with status 'done'
2025-08-19T10:33:13.4829395Z   Created wheel for docstring-parser: filename=docstring_parser-0.11-py3-none-any.whl size=31551 sha256=39df06126a78eb40d1538d05943ec44ebd499792102c1cb23d5a5cc7a9cbd36c
2025-08-19T10:33:13.4831537Z   Stored in directory: /home/runner/.cache/pip/wheels/0f/f9/78/1186f8bf3425dbd3fb3fa32beee828876c792f49eb2554e888
2025-08-19T10:33:13.4847795Z Successfully built docstring-parser
2025-08-19T10:33:13.5308230Z Installing collected packages: wrapt, watchdog, urllib3, typing-extensions, tomli_w, tomli, PyYAML, platformdirs, pathspec, packaging, nr-stream, nr-date, mypy-extensions, MarkupSafe, idna, docstring-parser, click, charset_normalizer, certifi, yapf, typeapi, requests, jinja2, Deprecated, black, nr.util, databind, databind.json, databind.core, docspec, docspec-python, pydoc-markdown
2025-08-19T10:33:14.6727150Z 
2025-08-19T10:33:14.6749328Z Successfully installed Deprecated-1.2.18 MarkupSafe-3.0.2 PyYAML-6.0.2 black-25.1.0 certifi-2025.8.3 charset_normalizer-3.4.3 click-8.2.1 databind-4.5.2 databind.core-4.5.2 databind.json-4.5.2 docspec-2.2.1 docspec-python-2.2.2 docstring-parser-0.11 idna-3.10 jinja2-3.1.6 mypy-extensions-1.1.0 nr-date-2.1.0 nr-stream-1.1.5 nr.util-0.8.12 packaging-25.0 pathspec-0.12.1 platformdirs-4.3.8 pydoc-markdown-4.8.2 requests-2.32.5 tomli-2.2.1 tomli_w-1.2.0 typeapi-2.2.4 typing-extensions-4.14.1 urllib3-2.5.0 watchdog-6.0.0 wrapt-1.17.3 yapf-0.43.0
2025-08-19T10:33:14.8551311Z ##[group]Run pydoc-markdown
2025-08-19T10:33:14.8551616Z [36;1mpydoc-markdown[0m
2025-08-19T10:33:14.8594386Z shell: /usr/bin/bash -e {0}
2025-08-19T10:33:14.8594631Z env:
2025-08-19T10:33:14.8594871Z   pythonLocation: /opt/hostedtoolcache/Python/3.11.13/x64
2025-08-19T10:33:14.8595274Z   PKG_CONFIG_PATH: /opt/hostedtoolcache/Python/3.11.13/x64/lib/pkgconfig
2025-08-19T10:33:14.8595673Z   Python_ROOT_DIR: /opt/hostedtoolcache/Python/3.11.13/x64
2025-08-19T10:33:14.8596015Z   Python2_ROOT_DIR: /opt/hostedtoolcache/Python/3.11.13/x64
2025-08-19T10:33:14.8596349Z   Python3_ROOT_DIR: /opt/hostedtoolcache/Python/3.11.13/x64
2025-08-19T10:33:14.8596685Z   LD_LIBRARY_PATH: /opt/hostedtoolcache/Python/3.11.13/x64/lib
2025-08-19T10:33:14.8596966Z ##[endgroup]
2025-08-19T10:33:15.1842382Z [WARNING - pydoc_markdown.main]: Unknown configuration options:
2025-08-19T10:33:15.1843071Z Unknown key(s) "{'output_directory'}" at:
2025-08-19T10:33:15.1843535Z In "pydoc-markdown.yml"
2025-08-19T10:33:15.1844505Z   $: TypeHint(pydoc_markdown.PydocMarkdown)
2025-08-19T10:33:15.1845109Z   .renderer: TypeHint(pydoc_markdown.interfaces.Renderer)
2025-08-19T10:33:15.1845877Z   ^: TypeHint(pydoc_markdown.contrib.renderers.markdown.MarkdownRenderer)
2025-08-19T10:33:15.1846394Z 
2025-08-19T10:33:15.5003111Z <a id="__init__"></a>
2025-08-19T10:33:15.5003413Z 
2025-08-19T10:33:15.5003561Z # \_\_init\_\_
2025-08-19T10:33:15.5004008Z 
2025-08-19T10:33:15.5004160Z <a id="api"></a>
2025-08-19T10:33:15.5004394Z 
2025-08-19T10:33:15.5004517Z # api
2025-08-19T10:33:15.5004700Z 
2025-08-19T10:33:15.5004880Z <a id="api.errors"></a>
2025-08-19T10:33:15.5005031Z 
2025-08-19T10:33:15.5005111Z # api.errors
2025-08-19T10:33:15.5005231Z 
2025-08-19T10:33:15.5005329Z <a id="api.sentry_config"></a>
2025-08-19T10:33:15.5005525Z 
2025-08-19T10:33:15.5005657Z # api.sentry\_config
2025-08-19T10:33:15.5005875Z 
2025-08-19T10:33:15.5006027Z <a id="api.tests.test_sentry_scrub"></a>
2025-08-19T10:33:15.5006323Z 
2025-08-19T10:33:15.5006528Z # api.tests.test\_sentry\_scrub
2025-08-19T10:33:15.5006891Z 
2025-08-19T10:33:15.5007083Z <a id="api.tests.test_errors_json"></a>
2025-08-19T10:33:15.5007354Z 
2025-08-19T10:33:15.5007509Z # api.tests.test\_errors\_json
2025-08-19T10:33:15.5007766Z 
2025-08-19T10:33:15.5007907Z <a id="api.tests.test_llm"></a>
2025-08-19T10:33:15.5008171Z 
2025-08-19T10:33:15.5008300Z # api.tests.test\_llm
2025-08-19T10:33:15.5008512Z 
2025-08-19T10:33:15.5008676Z <a id="api.tests.test_sentry_event"></a>
2025-08-19T10:33:15.5008982Z 
2025-08-19T10:33:15.5009122Z # api.tests.test\_sentry\_event
2025-08-19T10:33:15.5009377Z 
2025-08-19T10:33:15.5009710Z <a id="api.tests.test_sentry_event.DummyTransport"></a>
2025-08-19T10:33:15.5010087Z 
2025-08-19T10:33:15.5010227Z ## DummyTransport Objects
2025-08-19T10:33:15.5010475Z 
2025-08-19T10:33:15.5010585Z ```python
2025-08-19T10:33:15.5010790Z class DummyTransport()
2025-08-19T10:33:15.5011004Z ```
2025-08-19T10:33:15.5011103Z 
2025-08-19T10:33:15.5011328Z <a id="api.tests.test_sentry_event.DummyTransport.capture_envelope"></a>
2025-08-19T10:33:15.5011910Z 
2025-08-19T10:33:15.5011996Z #### capture\_envelope
2025-08-19T10:33:15.5012145Z 
2025-08-19T10:33:15.5012218Z ```python
2025-08-19T10:33:15.5012418Z def capture_envelope(envelope)
2025-08-19T10:33:15.5012657Z ```
2025-08-19T10:33:15.5012755Z 
2025-08-19T10:33:15.5012912Z Capture events sent as envelopes by Sentry SDK >= 2.0.
2025-08-19T10:33:15.5013168Z 
2025-08-19T10:33:15.5013269Z <a id="api.tests.test_cors"></a>
2025-08-19T10:33:15.5013448Z 
2025-08-19T10:33:15.5013537Z # api.tests.test\_cors
2025-08-19T10:33:15.5013908Z 
2025-08-19T10:33:15.5014008Z <a id="api.tests.test_imports"></a>
2025-08-19T10:33:15.5014204Z 
2025-08-19T10:33:15.5014293Z # api.tests.test\_imports
2025-08-19T10:33:15.5014445Z 
2025-08-19T10:33:15.5014552Z <a id="api.tests.test_rate_limit"></a>
2025-08-19T10:33:15.5014749Z 
2025-08-19T10:33:15.5014845Z # api.tests.test\_rate\_limit
2025-08-19T10:33:15.5015014Z 
2025-08-19T10:33:15.5015350Z <a id="api.tests.test_rate_limit.app"></a>
2025-08-19T10:33:15.5015547Z 
2025-08-19T10:33:15.5015613Z #### app
2025-08-19T10:33:15.5015709Z 
2025-08-19T10:33:15.5015770Z noqa: E402
2025-08-19T10:33:15.5015858Z 
2025-08-19T10:33:15.5015948Z <a id="api.tests.test_entrypoint"></a>
2025-08-19T10:33:15.5016115Z 
2025-08-19T10:33:15.5016196Z # api.tests.test\_entrypoint
2025-08-19T10:33:15.5016330Z 
2025-08-19T10:33:15.5016420Z <a id="api.tests.test_health"></a>
2025-08-19T10:33:15.5016567Z 
2025-08-19T10:33:15.5016639Z # api.tests.test\_health
2025-08-19T10:33:15.5016769Z 
2025-08-19T10:33:15.5016850Z <a id="api.logging_config"></a>
2025-08-19T10:33:15.5016984Z 
2025-08-19T10:33:15.5017053Z # api.logging\_config
2025-08-19T10:33:15.5017173Z 
2025-08-19T10:33:15.5017251Z <a id="api.migrations.env"></a>
2025-08-19T10:33:15.5017387Z 
2025-08-19T10:33:15.5017466Z # api.migrations.env
2025-08-19T10:33:15.5017580Z 
2025-08-19T10:33:15.5017697Z <a id="api.migrations.versions.0022_fix_roi_view"></a>
2025-08-19T10:33:15.5017895Z 
2025-08-19T10:33:15.5018006Z # api.migrations.versions.0022\_fix\_roi\_view
2025-08-19T10:33:15.5018193Z 
2025-08-19T10:33:15.5018302Z <a id="api.migrations.versions.0004_fee_cron"></a>
2025-08-19T10:33:15.5018493Z 
2025-08-19T10:33:15.5018584Z # api.migrations.versions.0004\_fee\_cron
2025-08-19T10:33:15.5018752Z 
2025-08-19T10:33:15.5018908Z <a id="api.migrations.versions.3e9d5c5aff2c_rename_fulf_fee"></a>
2025-08-19T10:33:15.5019139Z 
2025-08-19T10:33:15.5019273Z # api.migrations.versions.3e9d5c5aff2c\_rename\_fulf\_fee
2025-08-19T10:33:15.5019490Z 
2025-08-19T10:33:15.5019609Z <a id="api.migrations.versions.0003_vendor_prices"></a>
2025-08-19T10:33:15.5019802Z 
2025-08-19T10:33:15.5019906Z # api.migrations.versions.0003\_vendor\_prices
2025-08-19T10:33:15.5020092Z 
2025-08-19T10:33:15.5020205Z <a id="api.migrations.versions.0024_create_buybox"></a>
2025-08-19T10:33:15.5020395Z 
2025-08-19T10:33:15.5020500Z # api.migrations.versions.0024\_create\_buybox
2025-08-19T10:33:15.5020673Z 
2025-08-19T10:33:15.5020801Z <a id="api.migrations.versions.0002_create_roi_view"></a>
2025-08-19T10:33:15.5021013Z 
2025-08-19T10:33:15.5021120Z # api.migrations.versions.0002\_create\_roi\_view
2025-08-19T10:33:15.5021306Z 
2025-08-19T10:33:15.5021425Z <a id="api.migrations.versions.0006_fix_roi_views"></a>
2025-08-19T10:33:15.5021618Z 
2025-08-19T10:33:15.5021722Z # api.migrations.versions.0006\_fix\_roi\_views
2025-08-19T10:33:15.5021899Z 
2025-08-19T10:33:15.5022023Z <a id="api.migrations.versions.0020_unified_schema"></a>
2025-08-19T10:33:15.5022217Z 
2025-08-19T10:33:15.5022316Z # api.migrations.versions.0020\_unified\_schema
2025-08-19T10:33:15.5022498Z 
2025-08-19T10:33:15.5022630Z <a id="api.migrations.versions.0025_pr4_indexes_loadlog"></a>
2025-08-19T10:33:15.5022844Z 
2025-08-19T10:33:15.5022969Z # api.migrations.versions.0025\_pr4\_indexes\_loadlog
2025-08-19T10:33:15.5023163Z 
2025-08-19T10:33:15.5023283Z <a id="api.migrations.versions.0023_add_storage_fee"></a>
2025-08-19T10:33:15.5023488Z 
2025-08-19T10:33:15.5023808Z # api.migrations.versions.0023\_add\_storage\_fee
2025-08-19T10:33:15.5024231Z 
2025-08-19T10:33:15.5024384Z <a id="api.migrations.versions.0026_amazon_new_reports"></a>
2025-08-19T10:33:15.5024628Z 
2025-08-19T10:33:15.5024752Z # api.migrations.versions.0026\_amazon\_new\_reports
2025-08-19T10:33:15.5025039Z 
2025-08-19T10:33:15.5025150Z <a id="api.migrations.versions.0001_baseline"></a>
2025-08-19T10:33:15.5025338Z 
2025-08-19T10:33:15.5025437Z # api.migrations.versions.0001\_baseline
2025-08-19T10:33:15.5025604Z 
2025-08-19T10:33:15.5025692Z <a id="api.migrations.versions"></a>
2025-08-19T10:33:15.5025851Z 
2025-08-19T10:33:15.5025935Z # api.migrations.versions
2025-08-19T10:33:15.5026061Z 
2025-08-19T10:33:15.5026136Z <a id="api.migrations"></a>
2025-08-19T10:33:15.5026269Z 
2025-08-19T10:33:15.5026335Z # api.migrations
2025-08-19T10:33:15.5026436Z 
2025-08-19T10:33:15.5026506Z <a id="api.db"></a>
2025-08-19T10:33:15.5026610Z 
2025-08-19T10:33:15.5026670Z # api.db
2025-08-19T10:33:15.5026754Z 
2025-08-19T10:33:15.5027016Z <a id="api.routes.stats"></a>
2025-08-19T10:33:15.5027168Z 
2025-08-19T10:33:15.5027236Z # api.routes.stats
2025-08-19T10:33:15.5027347Z 
2025-08-19T10:33:15.5027431Z <a id="api.routes.stats.kpi"></a>
2025-08-19T10:33:15.5027577Z 
2025-08-19T10:33:15.5027637Z #### kpi
2025-08-19T10:33:15.5027725Z 
2025-08-19T10:33:15.5027792Z ```python
2025-08-19T10:33:15.5027960Z @router.get("/stats/kpi")
2025-08-19T10:33:15.5028199Z def kpi() -> List[Dict[str, int]]
2025-08-19T10:33:15.5028407Z ```
2025-08-19T10:33:15.5028488Z 
2025-08-19T10:33:15.5028567Z Return KPI metrics (mock).
2025-08-19T10:33:15.5028706Z 
2025-08-19T10:33:15.5028805Z <a id="api.routes.stats.roi_by_vendor"></a>
2025-08-19T10:33:15.5028986Z 
2025-08-19T10:33:15.5029053Z #### roi\_by\_vendor
2025-08-19T10:33:15.5029171Z 
2025-08-19T10:33:15.5029231Z ```python
2025-08-19T10:33:15.5029405Z @router.get("/stats/roi_by_vendor")
2025-08-19T10:33:15.5029644Z def roi_by_vendor() -> List[Dict[str, int]]
2025-08-19T10:33:15.5029865Z ```
2025-08-19T10:33:15.5029949Z 
2025-08-19T10:33:15.5030032Z Return ROI percent by vendor.
2025-08-19T10:33:15.5030172Z 
2025-08-19T10:33:15.5030262Z <a id="api.routes.stats.roi_trend"></a>
2025-08-19T10:33:15.5030424Z 
2025-08-19T10:33:15.5030487Z #### roi\_trend
2025-08-19T10:33:15.5030590Z 
2025-08-19T10:33:15.5030650Z ```python
2025-08-19T10:33:15.5030812Z @router.get("/stats/roi_trend")
2025-08-19T10:33:15.5031035Z def roi_trend() -> List[Dict[str, int | str]]
2025-08-19T10:33:15.5031262Z ```
2025-08-19T10:33:15.5031339Z 
2025-08-19T10:33:15.5031412Z Return 30-day ROI trend.
2025-08-19T10:33:15.5031539Z 
2025-08-19T10:33:15.5031616Z <a id="api.routes.roi"></a>
2025-08-19T10:33:15.5031743Z 
2025-08-19T10:33:15.5031810Z # api.routes.roi
2025-08-19T10:33:15.5031920Z 
2025-08-19T10:33:15.5032003Z <a id="api.routes.health"></a>
2025-08-19T10:33:15.5032142Z 
2025-08-19T10:33:15.5032218Z # api.routes.health
2025-08-19T10:33:15.5032328Z 
2025-08-19T10:33:15.5032417Z <a id="api.routes.health.MAX_SKEW"></a>
2025-08-19T10:33:15.5032592Z 
2025-08-19T10:33:15.5032660Z #### MAX\_SKEW
2025-08-19T10:33:15.5032756Z 
2025-08-19T10:33:15.5032817Z seconds
2025-08-19T10:33:15.5032905Z 
2025-08-19T10:33:15.5032992Z <a id="api.routes.health.health"></a>
2025-08-19T10:33:15.5033152Z 
2025-08-19T10:33:15.5033219Z #### health
2025-08-19T10:33:15.5033303Z 
2025-08-19T10:33:15.5033365Z ```python
2025-08-19T10:33:15.5033560Z @router.get("/health", include_in_schema=False)
2025-08-19T10:33:15.5034171Z async def health(session: AsyncSession = Depends(get_session)) -> JSONResponse
2025-08-19T10:33:15.5034509Z ```
2025-08-19T10:33:15.5034587Z 
2025-08-19T10:33:15.5034698Z Return 200 when DB reachable and clocks are in sync.
2025-08-19T10:33:15.5034895Z 
2025-08-19T10:33:15.5034979Z <a id="api.routes.repository"></a>
2025-08-19T10:33:15.5035133Z 
2025-08-19T10:33:15.5035211Z # api.routes.repository
2025-08-19T10:33:15.5035331Z 
2025-08-19T10:33:15.5035402Z <a id="api.routes"></a>
2025-08-19T10:33:15.5035514Z 
2025-08-19T10:33:15.5035581Z # api.routes
2025-08-19T10:33:15.5035680Z 
2025-08-19T10:33:15.5035890Z <a id="api.models.fee"></a>
2025-08-19T10:33:15.5036030Z 
2025-08-19T10:33:15.5036096Z # api.models.fee
2025-08-19T10:33:15.5036199Z 
2025-08-19T10:33:15.5036273Z <a id="api.models"></a>
2025-08-19T10:33:15.5036387Z 
2025-08-19T10:33:15.5036447Z # api.models
2025-08-19T10:33:15.5036537Z 
2025-08-19T10:33:15.5036622Z <a id="api.roi_repository"></a>
2025-08-19T10:33:15.5036758Z 
2025-08-19T10:33:15.5036827Z # api.roi\_repository
2025-08-19T10:33:15.5036946Z 
2025-08-19T10:33:15.5037013Z <a id="api.main"></a>
2025-08-19T10:33:15.5037122Z 
2025-08-19T10:33:15.5037183Z # api.main
2025-08-19T10:33:15.5037280Z 
2025-08-19T10:33:15.5037354Z <a id="api.main.ready"></a>
2025-08-19T10:33:15.5037483Z 
2025-08-19T10:33:15.5037548Z #### ready
2025-08-19T10:33:15.5037634Z 
2025-08-19T10:33:15.5037693Z ```python
2025-08-19T10:33:15.5037954Z @app.get("/ready", status_code=status.HTTP_200_OK, include_in_schema=False)
2025-08-19T10:33:15.5038495Z async def ready(session: AsyncSession = Depends(get_session)) -> dict[str,
2025-08-19T10:33:15.5038854Z                                                                       str]
2025-08-19T10:33:15.5039069Z ```
2025-08-19T10:33:15.5039151Z 
2025-08-19T10:33:15.5039245Z Return 200 only when migrations are at head.
2025-08-19T10:33:15.5039412Z 
2025-08-19T10:33:15.5039488Z <a id="api.config"></a>
2025-08-19T10:33:15.5039602Z 
2025-08-19T10:33:15.5039663Z # api.config
2025-08-19T10:33:15.5039758Z 
2025-08-19T10:33:15.5039822Z <a id="etl"></a>
2025-08-19T10:33:15.5039919Z 
2025-08-19T10:33:15.5039976Z # etl
2025-08-19T10:33:15.5040065Z 
2025-08-19T10:33:15.5040279Z <a id="etl.fba_fee_ingestor"></a>
2025-08-19T10:33:15.5040539Z 
2025-08-19T10:33:15.5040677Z # etl.fba\_fee\_ingestor
2025-08-19T10:33:15.5040881Z 
2025-08-19T10:33:15.5041022Z <a id="etl.sp_fees_ingestor"></a>
2025-08-19T10:33:15.5041276Z 
2025-08-19T10:33:15.5041401Z # etl.sp\_fees\_ingestor
2025-08-19T10:33:15.5041602Z 
2025-08-19T10:33:15.5041759Z <a id="etl.keepa_ingestor"></a>
2025-08-19T10:33:15.5041909Z 
2025-08-19T10:33:15.5041985Z # etl.keepa\_ingestor
2025-08-19T10:33:15.5042102Z 
2025-08-19T10:33:15.5042168Z <a id="etl.db"></a>
2025-08-19T10:33:15.5042270Z 
2025-08-19T10:33:15.5042336Z # etl.db
2025-08-19T10:33:15.5042421Z 
2025-08-19T10:33:15.5042503Z <a id="etl.dialects.schemas"></a>
2025-08-19T10:33:15.5042644Z 
2025-08-19T10:33:15.5042722Z # etl.dialects.schemas
2025-08-19T10:33:15.5042847Z 
2025-08-19T10:33:15.5042955Z <a id="etl.dialects.amazon_reimbursements"></a>
2025-08-19T10:33:15.5043148Z 
2025-08-19T10:33:15.5043237Z # etl.dialects.amazon\_reimbursements
2025-08-19T10:33:15.5043394Z 
2025-08-19T10:33:15.5043496Z <a id="etl.dialects.amazon_ads_sp_cost"></a>
2025-08-19T10:33:15.5043909Z 
2025-08-19T10:33:15.5044012Z # etl.dialects.amazon\_ads\_sp\_cost
2025-08-19T10:33:15.5044171Z 
2025-08-19T10:33:15.5044265Z <a id="etl.dialects.test_generic"></a>
2025-08-19T10:33:15.5044421Z 
2025-08-19T10:33:15.5044499Z # etl.dialects.test\_generic
2025-08-19T10:33:15.5044650Z 
2025-08-19T10:33:15.5044740Z <a id="etl.dialects.amazon_returns"></a>
2025-08-19T10:33:15.5044918Z 
2025-08-19T10:33:15.5045005Z # etl.dialects.amazon\_returns
2025-08-19T10:33:15.5045139Z 
2025-08-19T10:33:15.5045235Z <a id="etl.dialects.amazon_fee_preview"></a>
2025-08-19T10:33:15.5045400Z 
2025-08-19T10:33:15.5045488Z # etl.dialects.amazon\_fee\_preview
2025-08-19T10:33:15.5045637Z 
2025-08-19T10:33:15.5045741Z <a id="etl.dialects.amazon_inventory_ledger"></a>
2025-08-19T10:33:15.5045930Z 
2025-08-19T10:33:15.5046019Z # etl.dialects.amazon\_inventory\_ledger
2025-08-19T10:33:15.5046177Z 
2025-08-19T10:33:15.5046274Z <a id="etl.dialects.amazon_settlements"></a>
2025-08-19T10:33:15.5046438Z 
2025-08-19T10:33:15.5046520Z # etl.dialects.amazon\_settlements
2025-08-19T10:33:15.5046669Z 
2025-08-19T10:33:15.5046750Z <a id="etl.dialects"></a>
2025-08-19T10:33:15.5046873Z 
2025-08-19T10:33:15.5046936Z # etl.dialects
2025-08-19T10:33:15.5047040Z 
2025-08-19T10:33:15.5047104Z <a id="ingest"></a>
2025-08-19T10:33:15.5047211Z 
2025-08-19T10:33:15.5047428Z # ingest
2025-08-19T10:33:15.5047521Z 
2025-08-19T10:33:15.5047603Z <a id="ingest.maintenance"></a>
2025-08-19T10:33:15.5047743Z 
2025-08-19T10:33:15.5047821Z # ingest.maintenance
2025-08-19T10:33:15.5047933Z 
2025-08-19T10:33:15.5048008Z <a id="ingest.copy_loader"></a>
2025-08-19T10:33:15.5048147Z 
2025-08-19T10:33:15.5048215Z # ingest.copy\_loader
2025-08-19T10:33:15.5048326Z 
2025-08-19T10:33:15.5048426Z <a id="ingest.copy_loader.copy_df_via_temp"></a>
2025-08-19T10:33:15.5048609Z 
2025-08-19T10:33:15.5048679Z #### copy\_df\_via\_temp
2025-08-19T10:33:15.5048796Z 
2025-08-19T10:33:15.5048862Z ```python
2025-08-19T10:33:15.5049028Z def copy_df_via_temp(engine: Engine,
2025-08-19T10:33:15.5049264Z                      df: pd.DataFrame,
2025-08-19T10:33:15.5049486Z                      target_table: str,
2025-08-19T10:33:15.5049699Z                      *,
2025-08-19T10:33:15.5049896Z                      target_schema: Optional[str] = None,
2025-08-19T10:33:15.5050264Z                      columns: Sequence[str],
2025-08-19T10:33:15.5050533Z                      conflict_cols: Optional[Sequence[str]] = None,
2025-08-19T10:33:15.5050809Z                      analyze_after: bool = False,
2025-08-19T10:33:15.5051071Z                      connection: Any | None = None) -> int
2025-08-19T10:33:15.5051308Z ```
2025-08-19T10:33:15.5051389Z 
2025-08-19T10:33:15.5051551Z Bulk load *df* into *target_table* using COPY and a staging table.
2025-08-19T10:33:15.5051782Z 
2025-08-19T10:33:15.5051866Z <a id="ingest.tests.test_smoke"></a>
2025-08-19T10:33:15.5052213Z 
2025-08-19T10:33:15.5052293Z # ingest.tests.test\_smoke
2025-08-19T10:33:15.5052423Z 
2025-08-19T10:33:15.5052500Z <a id="ingest.tests"></a>
2025-08-19T10:33:15.5052622Z 
2025-08-19T10:33:15.5052687Z # ingest.tests
2025-08-19T10:33:15.5052785Z 
2025-08-19T10:33:15.5052871Z <a id="ingest.upload_router"></a>
2025-08-19T10:33:15.5053016Z 
2025-08-19T10:33:15.5053090Z # ingest.upload\_router
2025-08-19T10:33:15.5053212Z 
2025-08-19T10:33:15.5053297Z <a id="ingest.email_watcher"></a>
2025-08-19T10:33:15.5053441Z 
2025-08-19T10:33:15.5053516Z # ingest.email\_watcher
2025-08-19T10:33:15.5053867Z 
2025-08-19T10:33:15.5053959Z <a id="ingest.email_watcher.main"></a>
2025-08-19T10:33:15.5054117Z 
2025-08-19T10:33:15.5054184Z #### main
2025-08-19T10:33:15.5054269Z 
2025-08-19T10:33:15.5054330Z ```python
2025-08-19T10:33:15.5054494Z def main() -> dict[str, str]
2025-08-19T10:33:15.5054699Z ```
2025-08-19T10:33:15.5054779Z 
2025-08-19T10:33:15.5054923Z Upload CSV/XLSX attachments to MinIO and trigger ingestion.
2025-08-19T10:33:15.5055143Z 
2025-08-19T10:33:15.5055269Z Returns {"status": "success"} when processing completes.
2025-08-19T10:33:15.5055476Z 
2025-08-19T10:33:15.5055556Z <a id="ingest.tasks"></a>
2025-08-19T10:33:15.5055680Z 
2025-08-19T10:33:15.5055743Z # ingest.tasks
2025-08-19T10:33:15.5055846Z 
2025-08-19T10:33:15.5055940Z <a id="ingest.tasks.task_import_file"></a>
2025-08-19T10:33:15.5056113Z 
2025-08-19T10:33:15.5056198Z #### task\_import\_file
2025-08-19T10:33:15.5056317Z 
2025-08-19T10:33:15.5056376Z ```python
2025-08-19T10:33:15.5056585Z @celery_app.task(name="ingest.import_file", bind=True)
2025-08-19T10:33:15.5056857Z def task_import_file(self: Any,
2025-08-19T10:33:15.5057065Z                      uri: str,
2025-08-19T10:33:15.5057274Z                      report_type: str | None = None,
2025-08-19T10:33:15.5057541Z                      force: bool = False) -> dict[str, Any]
2025-08-19T10:33:15.5057766Z ```
2025-08-19T10:33:15.5057851Z 
2025-08-19T10:33:15.5057976Z Import a file into Postgres using existing ETL pipeline.
2025-08-19T10:33:15.5058179Z 
2025-08-19T10:33:15.5058263Z <a id="ingest.celery_app"></a>
2025-08-19T10:33:15.5058397Z 
2025-08-19T10:33:15.5058467Z # ingest.celery\_app
2025-08-19T10:33:15.5058582Z 
2025-08-19T10:33:15.5058659Z <a id="ingest.ingest_router"></a>
2025-08-19T10:33:15.5058800Z 
2025-08-19T10:33:15.5058869Z # ingest.ingest\_router
2025-08-19T10:33:15.5058987Z 
2025-08-19T10:33:15.5059065Z <a id="logistics_etl"></a>
2025-08-19T10:33:15.5059334Z 
2025-08-19T10:33:15.5059403Z # logistics\_etl
2025-08-19T10:33:15.5059507Z 
2025-08-19T10:33:15.5059582Z Daily logistics ETL job.
2025-08-19T10:33:15.5059700Z 
2025-08-19T10:33:15.5059785Z <a id="logistics_etl.__main__"></a>
2025-08-19T10:33:15.5059934Z 
2025-08-19T10:33:15.5060007Z # logistics\_etl.\_\_main\_\_
2025-08-19T10:33:15.5060143Z 
2025-08-19T10:33:15.5060217Z <a id="logistics_etl.dsn"></a>
2025-08-19T10:33:15.5060349Z 
2025-08-19T10:33:15.5060419Z # logistics\_etl.dsn
2025-08-19T10:33:15.5060526Z 
2025-08-19T10:33:15.5060637Z Local DSN builder to avoid cross-service dependency.
2025-08-19T10:33:15.5060831Z 
2025-08-19T10:33:15.5060926Z <a id="logistics_etl.dsn.build_dsn"></a>
2025-08-19T10:33:15.5061086Z 
2025-08-19T10:33:15.5061148Z #### build\_dsn
2025-08-19T10:33:15.5061249Z 
2025-08-19T10:33:15.5061308Z ```python
2025-08-19T10:33:15.5061471Z def build_dsn(sync: bool = True) -> str
2025-08-19T10:33:15.5061684Z ```
2025-08-19T10:33:15.5061874Z 
2025-08-19T10:33:15.5062021Z Return a Postgres DSN assembled from environment variables.
2025-08-19T10:33:15.5062245Z 
2025-08-19T10:33:15.5062392Z Prefers explicit DSNs via ``PG_SYNC_DSN``/``PG_ASYNC_DSN`` or
2025-08-19T10:33:15.5062782Z ``DATABASE_URL``. Falls back to individual PG_* settings and raises an
2025-08-19T10:33:15.5063115Z error when any required variable is missing.
2025-08-19T10:33:15.5063289Z 
2025-08-19T10:33:15.5063381Z <a id="logistics_etl.tests.conftest"></a>
2025-08-19T10:33:15.5063548Z 
2025-08-19T10:33:15.5063774Z # logistics\_etl.tests.conftest
2025-08-19T10:33:15.5063918Z 
2025-08-19T10:33:15.5064019Z <a id="logistics_etl.tests.test_repository"></a>
2025-08-19T10:33:15.5064199Z 
2025-08-19T10:33:15.5064294Z # logistics\_etl.tests.test\_repository
2025-08-19T10:33:15.5064451Z 
2025-08-19T10:33:15.5064539Z <a id="logistics_etl.tests.test_cron"></a>
2025-08-19T10:33:15.5064711Z 
2025-08-19T10:33:15.5064790Z # logistics\_etl.tests.test\_cron
2025-08-19T10:33:15.5064934Z 
2025-08-19T10:33:15.5065037Z <a id="logistics_etl.tests.test_imports"></a>
2025-08-19T10:33:15.5065211Z 
2025-08-19T10:33:15.5065294Z # logistics\_etl.tests.test\_imports
2025-08-19T10:33:15.5065445Z 
2025-08-19T10:33:15.5065545Z <a id="logistics_etl.tests.test_smoke"></a>
2025-08-19T10:33:15.5065710Z 
2025-08-19T10:33:15.5065792Z # logistics\_etl.tests.test\_smoke
2025-08-19T10:33:15.5065948Z 
2025-08-19T10:33:15.5066040Z <a id="logistics_etl.tests.test_client"></a>
2025-08-19T10:33:15.5066207Z 
2025-08-19T10:33:15.5066295Z # logistics\_etl.tests.test\_client
2025-08-19T10:33:15.5066445Z 
2025-08-19T10:33:15.5066524Z <a id="logistics_etl.tests"></a>
2025-08-19T10:33:15.5066671Z 
2025-08-19T10:33:15.5066747Z # logistics\_etl.tests
2025-08-19T10:33:15.5066861Z 
2025-08-19T10:33:15.5066937Z <a id="logistics_etl.flow"></a>
2025-08-19T10:33:15.5067078Z 
2025-08-19T10:33:15.5067146Z # logistics\_etl.flow
2025-08-19T10:33:15.5067259Z 
2025-08-19T10:33:15.5067345Z <a id="logistics_etl.client"></a>
2025-08-19T10:33:15.5067488Z 
2025-08-19T10:33:15.5108804Z # logistics\_etl.client
2025-08-19T10:33:15.5109205Z 
2025-08-19T10:33:15.5109379Z <a id="logistics_etl.cron"></a>
2025-08-19T10:33:15.5109708Z 
2025-08-19T10:33:15.5109866Z # logistics\_etl.cron
2025-08-19T10:33:15.5110140Z 
2025-08-19T10:33:15.5110335Z <a id="logistics_etl.db"></a>
2025-08-19T10:33:15.5110646Z 
2025-08-19T10:33:15.5110776Z # logistics\_etl.db
2025-08-19T10:33:15.5110973Z 
2025-08-19T10:33:15.5111188Z <a id="logistics_etl.repository"></a>
2025-08-19T10:33:15.5111555Z 
2025-08-19T10:33:15.5111738Z # logistics\_etl.repository
2025-08-19T10:33:15.5112048Z 
2025-08-19T10:33:15.5112197Z <a id="alert_bot"></a>
2025-08-19T10:33:15.5112444Z 
2025-08-19T10:33:15.5112586Z # alert\_bot
2025-08-19T10:33:15.5112787Z 
2025-08-19T10:33:15.5112971Z <a id="alert_bot.tests.test_smoke"></a>
2025-08-19T10:33:15.5113322Z 
2025-08-19T10:33:15.5113496Z # alert\_bot.tests.test\_smoke
2025-08-19T10:33:15.5114015Z 
2025-08-19T10:33:15.5114178Z <a id="alert_bot.tests"></a>
2025-08-19T10:33:15.5114484Z 
2025-08-19T10:33:15.5114865Z # alert\_bot.tests
2025-08-19T10:33:15.5115067Z 
2025-08-19T10:33:15.5115209Z <a id="alert_bot.alert_bot"></a>
2025-08-19T10:33:15.5115459Z 
2025-08-19T10:33:15.5115582Z # alert\_bot.alert\_bot
2025-08-19T10:33:15.5115801Z 
2025-08-19T10:33:15.5115948Z <a id="alert_bot.rules"></a>
2025-08-19T10:33:15.5116181Z 
2025-08-19T10:33:15.5116301Z # alert\_bot.rules
2025-08-19T10:33:15.5116510Z 
2025-08-19T10:33:15.5116632Z <a id="common"></a>
2025-08-19T10:33:15.5116827Z 
2025-08-19T10:33:15.5116941Z # common
2025-08-19T10:33:15.5117108Z 
2025-08-19T10:33:15.5117238Z <a id="common.dsn"></a>
2025-08-19T10:33:15.5117449Z 
2025-08-19T10:33:15.5117572Z # common.dsn
2025-08-19T10:33:15.5117736Z 
2025-08-19T10:33:15.5117875Z <a id="common.dsn.build_dsn"></a>
2025-08-19T10:33:15.5118139Z 
2025-08-19T10:33:15.5118243Z #### build\_dsn
2025-08-19T10:33:15.5118411Z 
2025-08-19T10:33:15.5118515Z ```python
2025-08-19T10:33:15.5118811Z def build_dsn(sync: bool = True) -> str
2025-08-19T10:33:15.5119372Z ```
2025-08-19T10:33:15.5119537Z 
2025-08-19T10:33:15.5119744Z Return a Postgres DSN, validating required variables.
2025-08-19T10:33:15.5120089Z 
2025-08-19T10:33:15.5120417Z The function prefers explicit DSNs via ``PG_SYNC_DSN`` / ``PG_ASYNC_DSN`` or
2025-08-19T10:33:15.5120913Z ``DATABASE_URL``.  If those are absent it assembles a connection string from
2025-08-19T10:33:15.5121344Z ``PG_HOST`` and related variables and raises a helpful error when any are
2025-08-19T10:33:15.5121649Z missing.
2025-08-19T10:33:15.5121744Z 
2025-08-19T10:33:15.5121827Z <a id="common.models_vendor"></a>
2025-08-19T10:33:15.5121979Z 
2025-08-19T10:33:15.5122058Z # common.models\_vendor
2025-08-19T10:33:15.5122182Z 
2025-08-19T10:33:15.5122270Z <a id="common.models_vendor.Vendor"></a>
2025-08-19T10:33:15.5122440Z 
2025-08-19T10:33:15.5122505Z ## Vendor Objects
2025-08-19T10:33:15.5122611Z 
2025-08-19T10:33:15.5122676Z ```python
2025-08-19T10:33:15.5122832Z class Vendor(Base)
2025-08-19T10:33:15.5122995Z ```
2025-08-19T10:33:15.5123088Z 
2025-08-19T10:33:15.5123171Z Vendor of inventory items.
2025-08-19T10:33:15.5123304Z 
2025-08-19T10:33:15.5123410Z <a id="common.models_vendor.VendorPrice"></a>
2025-08-19T10:33:15.5123807Z 
2025-08-19T10:33:15.5123906Z ## VendorPrice Objects
2025-08-19T10:33:15.5124036Z 
2025-08-19T10:33:15.5124097Z ```python
2025-08-19T10:33:15.5124255Z class VendorPrice(Base)
2025-08-19T10:33:15.5124434Z ```
2025-08-19T10:33:15.5124513Z 
2025-08-19T10:33:15.5124615Z Association table linking vendors to pricing.
2025-08-19T10:33:15.5124804Z 
2025-08-19T10:33:15.5124878Z <a id="common.db_url"></a>
2025-08-19T10:33:15.5125004Z 
2025-08-19T10:33:15.5125078Z # common.db\_url
2025-08-19T10:33:15.5125181Z 
2025-08-19T10:33:15.5125263Z <a id="common.db_url.build_url"></a>
2025-08-19T10:33:15.5125420Z 
2025-08-19T10:33:15.5125483Z #### build\_url
2025-08-19T10:33:15.5125582Z 
2025-08-19T10:33:15.5125641Z ```python
2025-08-19T10:33:15.5125821Z def build_url(async_: bool = True) -> str
2025-08-19T10:33:15.5126052Z ```
2025-08-19T10:33:15.5126137Z 
2025-08-19T10:33:15.5126234Z Return Postgres DSN from env or PG_* parts.
2025-08-19T10:33:15.5126405Z 
2025-08-19T10:33:15.5126492Z <a id="common.keepa"></a>
2025-08-19T10:33:15.5126619Z 
2025-08-19T10:33:15.5126685Z # common.keepa
2025-08-19T10:33:15.5126797Z 
2025-08-19T10:33:15.5126869Z <a id="common.llm"></a>
2025-08-19T10:33:15.5126987Z 
2025-08-19T10:33:15.5127050Z # common.llm
2025-08-19T10:33:15.5127154Z 
2025-08-19T10:33:15.5127233Z <a id="common.settings"></a>
2025-08-19T10:33:15.5127371Z 
2025-08-19T10:33:15.5127446Z # common.settings
2025-08-19T10:33:15.5127549Z 
2025-08-19T10:33:15.5127620Z <a id="common.db"></a>
2025-08-19T10:33:15.5127739Z 
2025-08-19T10:33:15.5127802Z # common.db
2025-08-19T10:33:15.5127890Z 
2025-08-19T10:33:15.5127982Z <a id="common.db.build_sqlalchemy_url"></a>
2025-08-19T10:33:15.5128153Z 
2025-08-19T10:33:15.5128228Z #### build\_sqlalchemy\_url
2025-08-19T10:33:15.5128355Z 
2025-08-19T10:33:15.5128421Z ```python
2025-08-19T10:33:15.5128592Z def build_sqlalchemy_url() -> str
2025-08-19T10:33:15.5128944Z ```
2025-08-19T10:33:15.5129022Z 
2025-08-19T10:33:15.5129120Z Return Postgres URL for SQLAlchemy engines.
2025-08-19T10:33:15.5129296Z 
2025-08-19T10:33:15.5129384Z <a id="common.db.build_asyncpg_dsn"></a>
2025-08-19T10:33:15.5129548Z 
2025-08-19T10:33:15.5129620Z #### build\_asyncpg\_dsn
2025-08-19T10:33:15.5129751Z 
2025-08-19T10:33:15.5129812Z ```python
2025-08-19T10:33:15.5129982Z def build_asyncpg_dsn() -> str
2025-08-19T10:33:15.5130171Z ```
2025-08-19T10:33:15.5130251Z 
2025-08-19T10:33:15.5130382Z Return DSN suitable for asyncpg (without driver suffix).
2025-08-19T10:33:15.5130588Z 
2025-08-19T10:33:15.5130669Z <a id="common.db.refresh_mvs"></a>
2025-08-19T10:33:15.5130823Z 
2025-08-19T10:33:15.5130887Z #### refresh\_mvs
2025-08-19T10:33:15.5130987Z 
2025-08-19T10:33:15.5131047Z ```python
2025-08-19T10:33:15.5131243Z def refresh_mvs(conn: Engine | Connection) -> None
2025-08-19T10:33:15.5131488Z ```
2025-08-19T10:33:15.5131566Z 
2025-08-19T10:33:15.5131811Z Refresh materialized views, using CONCURRENTLY when safe.
2025-08-19T10:33:15.5132035Z 
2025-08-19T10:33:15.5132121Z <a id="common.config"></a>
2025-08-19T10:33:15.5132250Z 
2025-08-19T10:33:15.5132316Z # common.config
2025-08-19T10:33:15.5132425Z 
2025-08-19T10:33:15.5132498Z <a id="common.base"></a>
2025-08-19T10:33:15.5132618Z 
2025-08-19T10:33:15.5132688Z # common.base
2025-08-19T10:33:15.5132783Z 
2025-08-19T10:33:15.5132861Z <a id="common.base.Base"></a>
2025-08-19T10:33:15.5132996Z 
2025-08-19T10:33:15.5133066Z ## Base Objects
2025-08-19T10:33:15.5133165Z 
2025-08-19T10:33:15.5133225Z ```python
2025-08-19T10:33:15.5133394Z class Base(DeclarativeBase)
2025-08-19T10:33:15.5133750Z ```
2025-08-19T10:33:15.5133859Z 
2025-08-19T10:33:15.5133944Z Base class for SQLAlchemy models.
2025-08-19T10:33:15.5134093Z 
2025-08-19T10:33:15.5134170Z <a id="repricer"></a>
2025-08-19T10:33:15.5134287Z 
2025-08-19T10:33:15.5134349Z # repricer
2025-08-19T10:33:15.5134437Z 
2025-08-19T10:33:15.5134533Z <a id="repricer.app.schemas"></a>
2025-08-19T10:33:15.5134686Z 
2025-08-19T10:33:15.5134762Z # repricer.app.schemas
2025-08-19T10:33:15.5134886Z 
2025-08-19T10:33:15.5134969Z <a id="repricer.app.deps"></a>
2025-08-19T10:33:15.5135117Z 
2025-08-19T10:33:15.5135190Z # repricer.app.deps
2025-08-19T10:33:15.5135306Z 
2025-08-19T10:33:15.5135424Z Placeholder module for Keepa / SP-API clients.
2025-08-19T10:33:15.5135605Z 
2025-08-19T10:33:15.5135695Z <a id="repricer.app.logic"></a>
2025-08-19T10:33:15.5135837Z 
2025-08-19T10:33:15.5135911Z # repricer.app.logic
2025-08-19T10:33:15.5136032Z 
2025-08-19T10:33:15.5136128Z <a id="repricer.app.logic.MIN_MARGIN"></a>
2025-08-19T10:33:15.5136299Z 
2025-08-19T10:33:15.5136363Z #### MIN\_MARGIN
2025-08-19T10:33:15.5136474Z 
2025-08-19T10:33:15.5136534Z 15 % ROI
2025-08-19T10:33:15.5136618Z 
2025-08-19T10:33:15.5136728Z <a id="repricer.app.logic.compute_price"></a>
2025-08-19T10:33:15.5136905Z 
2025-08-19T10:33:15.5136972Z #### compute\_price
2025-08-19T10:33:15.5137093Z 
2025-08-19T10:33:15.5137155Z ```python
2025-08-19T10:33:15.5137405Z def compute_price(asin: str, cost: Decimal, fees: Decimal) -> Decimal
2025-08-19T10:33:15.5137703Z ```
2025-08-19T10:33:15.5137784Z 
2025-08-19T10:33:15.5137896Z Toy algorithm: ensure 15 % ROI and round to cents.
2025-08-19T10:33:15.5138171Z Replace with real competitive logic later.
2025-08-19T10:33:15.5138338Z 
2025-08-19T10:33:15.5138424Z <a id="repricer.app.main"></a>
2025-08-19T10:33:15.5138560Z 
2025-08-19T10:33:15.5138630Z # repricer.app.main
2025-08-19T10:33:15.5138746Z 
2025-08-19T10:33:15.5138822Z <a id="repricer.app"></a>
2025-08-19T10:33:15.5138947Z 
2025-08-19T10:33:15.5139013Z # repricer.app
2025-08-19T10:33:15.5139120Z 
2025-08-19T10:33:15.5139210Z <a id="repricer.tests.test_imports"></a>
2025-08-19T10:33:15.5139380Z 
2025-08-19T10:33:15.5139469Z # repricer.tests.test\_imports
2025-08-19T10:33:15.5139613Z 
2025-08-19T10:33:15.5139700Z <a id="repricer.tests.test_smoke"></a>
2025-08-19T10:33:15.5139865Z 
2025-08-19T10:33:15.5139949Z # repricer.tests.test\_smoke
2025-08-19T10:33:15.5140251Z 
2025-08-19T10:33:15.5140329Z <a id="repricer.tests"></a>
2025-08-19T10:33:15.5140464Z 
2025-08-19T10:33:15.5140530Z # repricer.tests
2025-08-19T10:33:15.5140633Z 
2025-08-19T10:33:15.5140701Z <a id="db"></a>
2025-08-19T10:33:15.5140797Z 
2025-08-19T10:33:15.5140855Z # db
2025-08-19T10:33:15.5140938Z 
2025-08-19T10:33:15.5141016Z <a id="db.utils.views"></a>
2025-08-19T10:33:15.5141141Z 
2025-08-19T10:33:15.5141207Z # db.utils.views
2025-08-19T10:33:15.5141311Z 
2025-08-19T10:33:15.5141403Z <a id="db.utils.views.replace_view"></a>
2025-08-19T10:33:15.5141573Z 
2025-08-19T10:33:15.5141644Z #### replace\_view
2025-08-19T10:33:15.5141748Z 
2025-08-19T10:33:15.5141813Z ```python
2025-08-19T10:33:15.5142006Z def replace_view(name: str, new_sql: str) -> None
2025-08-19T10:33:15.5142245Z ```
2025-08-19T10:33:15.5142328Z 
2025-08-19T10:33:15.5142416Z Drop and recreate a SQL view atomically.
2025-08-19T10:33:15.5142580Z 
2025-08-19T10:33:15.5142777Z <a id="db.utils"></a>
2025-08-19T10:33:15.5142906Z 
2025-08-19T10:33:15.5142966Z # db.utils
2025-08-19T10:33:15.5143055Z 
2025-08-19T10:33:15.5143138Z <a id="price_importer"></a>
2025-08-19T10:33:15.5143264Z 
2025-08-19T10:33:15.5143331Z # price\_importer
2025-08-19T10:33:15.5143433Z 
2025-08-19T10:33:15.5143541Z <a id="price_importer.services_common.dsn"></a>
2025-08-19T10:33:15.5143913Z 
2025-08-19T10:33:15.5144007Z # price\_importer.services\_common.dsn
2025-08-19T10:33:15.5144173Z 
2025-08-19T10:33:15.5144298Z <a id="price_importer.services_common.dsn.build_dsn"></a>
2025-08-19T10:33:15.5144505Z 
2025-08-19T10:33:15.5144574Z #### build\_dsn
2025-08-19T10:33:15.5144670Z 
2025-08-19T10:33:15.5144729Z ```python
2025-08-19T10:33:15.5144908Z def build_dsn(sync: bool = True) -> str
2025-08-19T10:33:15.5145121Z ```
2025-08-19T10:33:15.5145206Z 
2025-08-19T10:33:15.5145271Z Return safe DSN.
2025-08-19T10:33:15.5145371Z 
2025-08-19T10:33:15.5145720Z sync=True → SQLAlchemy (+psycopg) else plain asyncpg.
2025-08-19T10:33:15.5145938Z 
2025-08-19T10:33:15.5146069Z <a id="price_importer.services_common.models_vendor"></a>
2025-08-19T10:33:15.5146271Z 
2025-08-19T10:33:15.5146387Z # price\_importer.services\_common.models\_vendor
2025-08-19T10:33:15.5146573Z 
2025-08-19T10:33:15.5146678Z <a id="price_importer.services_common.db_url"></a>
2025-08-19T10:33:15.5146867Z 
2025-08-19T10:33:15.5146961Z # price\_importer.services\_common.db\_url
2025-08-19T10:33:15.5147130Z 
2025-08-19T10:33:15.5147263Z <a id="price_importer.services_common.db_url.build_url"></a>
2025-08-19T10:33:15.5147517Z 
2025-08-19T10:33:15.5147587Z #### build\_url
2025-08-19T10:33:15.5147683Z 
2025-08-19T10:33:15.5147745Z ```python
2025-08-19T10:33:15.5147920Z def build_url(async_: bool = True) -> str
2025-08-19T10:33:15.5148142Z ```
2025-08-19T10:33:15.5148228Z 
2025-08-19T10:33:15.5148324Z Return Postgres DSN from env or PG_* parts.
2025-08-19T10:33:15.5148494Z 
2025-08-19T10:33:15.5148599Z <a id="price_importer.services_common.keepa"></a>
2025-08-19T10:33:15.5148797Z 
2025-08-19T10:33:15.5148895Z # price\_importer.services\_common.keepa
2025-08-19T10:33:15.5149060Z 
2025-08-19T10:33:15.5149166Z <a id="price_importer.services_common.llm"></a>
2025-08-19T10:33:15.5149343Z 
2025-08-19T10:33:15.5149431Z # price\_importer.services\_common.llm
2025-08-19T10:33:15.5149596Z 
2025-08-19T10:33:15.5149708Z <a id="price_importer.services_common.settings"></a>
2025-08-19T10:33:15.5149899Z 
2025-08-19T10:33:15.5149994Z # price\_importer.services\_common.settings
2025-08-19T10:33:15.5150170Z 
2025-08-19T10:33:15.5150269Z <a id="price_importer.services_common.db"></a>
2025-08-19T10:33:15.5150443Z 
2025-08-19T10:33:15.5150537Z # price\_importer.services\_common.db
2025-08-19T10:33:15.5150692Z 
2025-08-19T10:33:15.5150842Z <a id="price_importer.services_common.db.build_sqlalchemy_url"></a>
2025-08-19T10:33:15.5151084Z 
2025-08-19T10:33:15.5151161Z #### build\_sqlalchemy\_url
2025-08-19T10:33:15.5151289Z 
2025-08-19T10:33:15.5151360Z ```python
2025-08-19T10:33:15.5151536Z def build_sqlalchemy_url() -> str
2025-08-19T10:33:15.5151879Z ```
2025-08-19T10:33:15.5151959Z 
2025-08-19T10:33:15.5152052Z Return Postgres URL for SQLAlchemy engines.
2025-08-19T10:33:15.5152220Z 
2025-08-19T10:33:15.5152369Z <a id="price_importer.services_common.db.build_asyncpg_dsn"></a>
2025-08-19T10:33:15.5152593Z 
2025-08-19T10:33:15.5152666Z #### build\_asyncpg\_dsn
2025-08-19T10:33:15.5152797Z 
2025-08-19T10:33:15.5152857Z ```python
2025-08-19T10:33:15.5153026Z def build_asyncpg_dsn() -> str
2025-08-19T10:33:15.5153214Z ```
2025-08-19T10:33:15.5153293Z 
2025-08-19T10:33:15.5153422Z Return DSN suitable for asyncpg (without driver suffix).
2025-08-19T10:33:15.5153804Z 
2025-08-19T10:33:15.5153936Z <a id="price_importer.services_common.db.refresh_mvs"></a>
2025-08-19T10:33:15.5154145Z 
2025-08-19T10:33:15.5154210Z #### refresh\_mvs
2025-08-19T10:33:15.5154312Z 
2025-08-19T10:33:15.5154372Z ```python
2025-08-19T10:33:15.5154565Z def refresh_mvs(conn: Engine | Connection) -> None
2025-08-19T10:33:15.5154807Z ```
2025-08-19T10:33:15.5155002Z 
2025-08-19T10:33:15.5155154Z Refresh materialized views, using CONCURRENTLY when safe.
2025-08-19T10:33:15.5155369Z 
2025-08-19T10:33:15.5155471Z <a id="price_importer.services_common"></a>
2025-08-19T10:33:15.5155645Z 
2025-08-19T10:33:15.5155731Z # price\_importer.services\_common
2025-08-19T10:33:15.5155890Z 
2025-08-19T10:33:15.5155992Z <a id="price_importer.services_common.base"></a>
2025-08-19T10:33:15.5156177Z 
2025-08-19T10:33:15.5156272Z # price\_importer.services\_common.base
2025-08-19T10:33:15.5156436Z 
2025-08-19T10:33:15.5156524Z <a id="price_importer.normaliser"></a>
2025-08-19T10:33:15.5156684Z 
2025-08-19T10:33:15.5156772Z # price\_importer.normaliser
2025-08-19T10:33:15.5156909Z 
2025-08-19T10:33:15.5157013Z <a id="price_importer.common.models_vendor"></a>
2025-08-19T10:33:15.5157197Z 
2025-08-19T10:33:15.5157285Z # price\_importer.common.models\_vendor
2025-08-19T10:33:15.5157446Z 
2025-08-19T10:33:15.5157543Z <a id="price_importer.common.db_url"></a>
2025-08-19T10:33:15.5157717Z 
2025-08-19T10:33:15.5157806Z # price\_importer.common.db\_url
2025-08-19T10:33:15.5157953Z 
2025-08-19T10:33:15.5158062Z <a id="price_importer.common.db_url.make_dsn"></a>
2025-08-19T10:33:15.5158245Z 
2025-08-19T10:33:15.5158309Z #### make\_dsn
2025-08-19T10:33:15.5158412Z 
2025-08-19T10:33:15.5158473Z ```python
2025-08-19T10:33:15.5158646Z def make_dsn(async_: bool = False) -> str
2025-08-19T10:33:15.5158874Z ```
2025-08-19T10:33:15.5158957Z 
2025-08-19T10:33:15.5159082Z Return DSN built from either PG_* or POSTGRES_* vars.
2025-08-19T10:33:15.5159281Z 
2025-08-19T10:33:15.5159388Z <a id="price_importer.common.db_url.build_url"></a>
2025-08-19T10:33:15.5159585Z 
2025-08-19T10:33:15.5159649Z #### build\_url
2025-08-19T10:33:15.5159747Z 
2025-08-19T10:33:15.5159807Z ```python
2025-08-19T10:33:15.5159987Z def build_url(async_: bool = False) -> str
2025-08-19T10:33:15.5160206Z ```
2025-08-19T10:33:15.5160294Z 
2025-08-19T10:33:15.5160427Z Return Postgres DSN built from environment variables.
2025-08-19T10:33:15.5160625Z 
2025-08-19T10:33:15.5160726Z <a id="price_importer.common"></a>
2025-08-19T10:33:15.5160883Z 
2025-08-19T10:33:15.5160964Z # price\_importer.common
2025-08-19T10:33:15.5161097Z 
2025-08-19T10:33:15.5161185Z <a id="price_importer.common.base"></a>
2025-08-19T10:33:15.5161349Z 
2025-08-19T10:33:15.5161432Z # price\_importer.common.base
2025-08-19T10:33:15.5161604Z 
2025-08-19T10:33:15.5161701Z <a id="price_importer.tests.conftest"></a>
2025-08-19T10:33:15.5161872Z 
2025-08-19T10:33:15.5161964Z # price\_importer.tests.conftest
2025-08-19T10:33:15.5162110Z 
2025-08-19T10:33:15.5162210Z <a id="price_importer.tests.test_reader"></a>
2025-08-19T10:33:15.5162389Z 
2025-08-19T10:33:15.5162476Z # price\_importer.tests.test\_reader
2025-08-19T10:33:15.5162631Z 
2025-08-19T10:33:15.5162733Z <a id="price_importer.tests.test_imports"></a>
2025-08-19T10:33:15.5162910Z 
2025-08-19T10:33:15.5162999Z # price\_importer.tests.test\_imports
2025-08-19T10:33:15.5163156Z 
2025-08-19T10:33:15.5163263Z <a id="price_importer.tests.test_smoke"></a>
2025-08-19T10:33:15.5163564Z 
2025-08-19T10:33:15.5163867Z # price\_importer.tests.test\_smoke
2025-08-19T10:33:15.5164043Z 
2025-08-19T10:33:15.5164154Z <a id="price_importer.tests.test_normaliser"></a>
2025-08-19T10:33:15.5164338Z 
2025-08-19T10:33:15.5164434Z # price\_importer.tests.test\_normaliser
2025-08-19T10:33:15.5164598Z 
2025-08-19T10:33:15.5164681Z <a id="price_importer.tests"></a>
2025-08-19T10:33:15.5164827Z 
2025-08-19T10:33:15.5164908Z # price\_importer.tests
2025-08-19T10:33:15.5165030Z 
2025-08-19T10:33:15.5165113Z <a id="price_importer.reader"></a>
2025-08-19T10:33:15.5165271Z 
2025-08-19T10:33:15.5165347Z # price\_importer.reader
2025-08-19T10:33:15.5165472Z 
2025-08-19T10:33:15.5165568Z <a id="price_importer.repository"></a>
2025-08-19T10:33:15.5165730Z 
2025-08-19T10:33:15.5165814Z # price\_importer.repository
2025-08-19T10:33:15.5165949Z 
2025-08-19T10:33:15.5166039Z <a id="price_importer.import"></a>
2025-08-19T10:33:15.5166186Z 
2025-08-19T10:33:15.5166390Z # price\_importer.import
2025-08-19T10:33:15.5166536Z 
2025-08-19T10:33:15.5166606Z <a id="fees_h10"></a>
2025-08-19T10:33:15.5166718Z 
2025-08-19T10:33:15.5166782Z # fees\_h10
2025-08-19T10:33:15.5166914Z 
2025-08-19T10:33:15.5166991Z <a id="fees_h10.worker"></a>
2025-08-19T10:33:15.5167124Z 
2025-08-19T10:33:15.5167196Z # fees\_h10.worker
2025-08-19T10:33:15.5167301Z 
2025-08-19T10:33:15.5167396Z <a id="fees_h10.worker.list_active_asins"></a>
2025-08-19T10:33:15.5167574Z 
2025-08-19T10:33:15.5167646Z #### list\_active\_asins
2025-08-19T10:33:15.5167765Z 
2025-08-19T10:33:15.5167827Z ```python
2025-08-19T10:33:15.5168000Z def list_active_asins() -> list[str]
2025-08-19T10:33:15.5168211Z ```
2025-08-19T10:33:15.5168294Z 
2025-08-19T10:33:15.5168404Z Return known ASINs or an empty list if unavailable.
2025-08-19T10:33:15.5168594Z 
2025-08-19T10:33:15.5168683Z <a id="fees_h10.tests.test_smoke"></a>
2025-08-19T10:33:15.5168838Z 
2025-08-19T10:33:15.5168916Z # fees\_h10.tests.test\_smoke
2025-08-19T10:33:15.5169063Z 
2025-08-19T10:33:15.5169142Z <a id="fees_h10.tests"></a>
2025-08-19T10:33:15.5169272Z 
2025-08-19T10:33:15.5169336Z # fees\_h10.tests
2025-08-19T10:33:15.5169443Z 
2025-08-19T10:33:15.5169517Z <a id="fees_h10.client"></a>
2025-08-19T10:33:15.5169645Z 
2025-08-19T10:33:15.5169717Z # fees\_h10.client
2025-08-19T10:33:15.5169819Z 
2025-08-19T10:33:15.5169900Z <a id="fees_h10.repository"></a>
2025-08-19T10:33:15.5170049Z 
2025-08-19T10:33:15.5170120Z # fees\_h10.repository
2025-08-19T10:33:15.5170238Z 
2025-08-19T10:33:15.5170308Z <a id="emailer"></a>
2025-08-19T10:33:15.5170424Z 
2025-08-19T10:33:15.5170487Z # emailer
2025-08-19T10:33:15.5170577Z 
2025-08-19T10:33:15.5170686Z <a id="emailer.tests.test_import_emailer"></a>
2025-08-19T10:33:15.5170861Z 
2025-08-19T10:33:15.5170948Z # emailer.tests.test\_import\_emailer
2025-08-19T10:33:15.5171111Z 
2025-08-19T10:33:15.5171196Z <a id="emailer.tests.test_smoke"></a>
2025-08-19T10:33:15.5171347Z 
2025-08-19T10:33:15.5171432Z # emailer.tests.test\_smoke
2025-08-19T10:33:15.5171575Z 
2025-08-19T10:33:15.5171650Z <a id="emailer.tests"></a>
2025-08-19T10:33:15.5171776Z 
2025-08-19T10:33:15.5171847Z # emailer.tests
2025-08-19T10:33:15.5171952Z 
2025-08-19T10:33:15.5172037Z <a id="emailer.generate_body"></a>
2025-08-19T10:33:15.5172185Z 
2025-08-19T10:33:15.5172266Z # emailer.generate\_body
2025-08-19T10:33:15.5172389Z 
2025-08-19T10:33:15.5172458Z <a id="llm_server"></a>
2025-08-19T10:33:15.5172580Z 
2025-08-19T10:33:15.5172647Z # llm\_server
2025-08-19T10:33:15.5172746Z 
2025-08-19T10:33:15.5172828Z <a id="llm_server.app"></a>
2025-08-19T10:33:15.5172960Z 
2025-08-19T10:33:15.5173026Z # llm\_server.app
2025-08-19T10:33:15.5173129Z 
2025-08-19T10:33:15.5490423Z ##[group]Run peaceiris/actions-gh-pages@v3
2025-08-19T10:33:15.5490702Z with:
2025-08-19T10:33:15.5491179Z   github_token: ***
2025-08-19T10:33:15.5491377Z   publish_branch: gh-pages
2025-08-19T10:33:15.5491594Z   publish_dir: docs/api
2025-08-19T10:33:15.5491793Z   allow_empty_commit: false
2025-08-19T10:33:15.5491987Z   keep_files: false
2025-08-19T10:33:15.5492329Z   force_orphan: false
2025-08-19T10:33:15.5492507Z   enable_jekyll: false
2025-08-19T10:33:15.5492691Z   disable_nojekyll: false
2025-08-19T10:33:15.5492879Z   exclude_assets: .github
2025-08-19T10:33:15.5493060Z env:
2025-08-19T10:33:15.5493271Z   pythonLocation: /opt/hostedtoolcache/Python/3.11.13/x64
2025-08-19T10:33:15.5493891Z   PKG_CONFIG_PATH: /opt/hostedtoolcache/Python/3.11.13/x64/lib/pkgconfig
2025-08-19T10:33:15.5494490Z   Python_ROOT_DIR: /opt/hostedtoolcache/Python/3.11.13/x64
2025-08-19T10:33:15.5494823Z   Python2_ROOT_DIR: /opt/hostedtoolcache/Python/3.11.13/x64
2025-08-19T10:33:15.5495187Z   Python3_ROOT_DIR: /opt/hostedtoolcache/Python/3.11.13/x64
2025-08-19T10:33:15.5495554Z   LD_LIBRARY_PATH: /opt/hostedtoolcache/Python/3.11.13/x64/lib
2025-08-19T10:33:15.5495840Z ##[endgroup]
2025-08-19T10:33:15.6114692Z [INFO] Usage https://github.com/peaceiris/actions-gh-pages#readme
2025-08-19T10:33:15.6119830Z ##[group]Dump inputs
2025-08-19T10:33:15.6120191Z [INFO] GithubToken: true
2025-08-19T10:33:15.6120451Z [INFO] PublishBranch: gh-pages
2025-08-19T10:33:15.6120813Z [INFO] PublishDir: docs/api
2025-08-19T10:33:15.6121127Z [INFO] DestinationDir: 
2025-08-19T10:33:15.6121333Z [INFO] ExternalRepository: 
2025-08-19T10:33:15.6121541Z [INFO] AllowEmptyCommit: false
2025-08-19T10:33:15.6121755Z [INFO] KeepFiles: false
2025-08-19T10:33:15.6121944Z [INFO] ForceOrphan: false
2025-08-19T10:33:15.6122131Z [INFO] UserName: 
2025-08-19T10:33:15.6122305Z [INFO] UserEmail: 
2025-08-19T10:33:15.6122473Z [INFO] CommitMessage: 
2025-08-19T10:33:15.6122803Z [INFO] FullCommitMessage: 
2025-08-19T10:33:15.6123112Z [INFO] TagName: 
2025-08-19T10:33:15.6123422Z [INFO] TagMessage: 
2025-08-19T10:33:15.6124158Z [INFO] EnableJekyll (DisableNoJekyll): false
2025-08-19T10:33:15.6144710Z [INFO] CNAME: 
2025-08-19T10:33:15.6145044Z [INFO] ExcludeAssets .github
2025-08-19T10:33:15.6145311Z 
2025-08-19T10:33:15.6145759Z ##[endgroup]
2025-08-19T10:33:15.6146286Z ##[group]Setup auth token
2025-08-19T10:33:15.6146652Z [INFO] setup GITHUB_TOKEN
2025-08-19T10:33:15.6147921Z ##[endgroup]
2025-08-19T10:33:15.6148295Z ##[group]Prepare publishing assets
2025-08-19T10:33:15.6148695Z [INFO] ForceOrphan: false
2025-08-19T10:33:15.6180130Z [command]/usr/bin/git clone --depth=1 --single-branch --branch gh-pages ***github.com/AlexBomber12/AWA-App.git /home/runner/actions_github_pages_1755599595612
2025-08-19T10:33:15.6224289Z Cloning into '/home/runner/actions_github_pages_1755599595612'...
2025-08-19T10:33:15.7973335Z [INFO] clean up /home/runner/actions_github_pages_1755599595612
2025-08-19T10:33:15.7974267Z [INFO] chdir /home/runner/actions_github_pages_1755599595612
2025-08-19T10:33:15.7995567Z [command]/usr/bin/git rm -r --ignore-unmatch *
2025-08-19T10:33:15.8028196Z rm '.gitkeep'
2025-08-19T10:33:15.8028709Z rm '.nojekyll'
2025-08-19T10:33:15.8035254Z [INFO] chdir /home/runner/actions_github_pages_1755599595612
2025-08-19T10:33:15.8036436Z [INFO] prepare publishing assets
2025-08-19T10:33:15.8038390Z [INFO] copy /home/runner/work/AWA-App/AWA-App/docs/api to /home/runner/actions_github_pages_1755599595612
2025-08-19T10:33:15.8086128Z cp: no such file or directory: /home/runner/work/AWA-App/AWA-App/docs/api/*
2025-08-19T10:33:15.8101670Z [INFO] delete excluded assets
2025-08-19T10:33:15.8145337Z rm: no paths given
2025-08-19T10:33:15.8147666Z [INFO] Created /home/runner/actions_github_pages_1755599595612/.nojekyll
2025-08-19T10:33:15.8149394Z ##[endgroup]
2025-08-19T10:33:15.8149930Z ##[group]Setup Git config
2025-08-19T10:33:15.8164530Z [command]/usr/bin/git remote rm origin
2025-08-19T10:33:15.8270148Z [command]/usr/bin/git remote add origin ***github.com/AlexBomber12/AWA-App.git
2025-08-19T10:33:15.8316987Z [command]/usr/bin/git add --all
2025-08-19T10:33:15.8367885Z [command]/usr/bin/git config user.name AlexBomber12
2025-08-19T10:33:15.8416337Z [command]/usr/bin/git config user.email AlexBomber12@users.noreply.github.com
2025-08-19T10:33:15.8447777Z ##[endgroup]
2025-08-19T10:33:15.8448776Z ##[group]Create a commit
2025-08-19T10:33:15.8466490Z [command]/usr/bin/git commit -m deploy: d67dbefa45deea1a33a2b0e6ee846bed9fa29889
2025-08-19T10:33:15.8498628Z On branch gh-pages
2025-08-19T10:33:15.8499361Z nothing to commit, working tree clean
2025-08-19T10:33:15.8504346Z [INFO] skip commit
2025-08-19T10:33:15.8506222Z ##[endgroup]
2025-08-19T10:33:15.8506907Z ##[group]Push the commit or tag
2025-08-19T10:33:15.8522035Z [command]/usr/bin/git push origin gh-pages
2025-08-19T10:33:16.1077996Z Everything up-to-date
2025-08-19T10:33:16.1116972Z ##[endgroup]
2025-08-19T10:33:16.1117306Z [INFO] Action successfully completed
2025-08-19T10:33:16.1214548Z Post job cleanup.
2025-08-19T10:33:16.2798689Z Post job cleanup.
2025-08-19T10:33:16.3727838Z [command]/usr/bin/git version
2025-08-19T10:33:16.3763889Z git version 2.50.1
2025-08-19T10:33:16.3805719Z Temporarily overriding HOME='/home/runner/work/_temp/9440fa6e-fb9d-41b8-a200-597d3cbf1e43' before making global git config changes
2025-08-19T10:33:16.3806843Z Adding repository directory to the temporary git global config as a safe directory
2025-08-19T10:33:16.3818437Z [command]/usr/bin/git config --global --add safe.directory /home/runner/work/AWA-App/AWA-App
2025-08-19T10:33:16.3851442Z [command]/usr/bin/git config --local --name-only --get-regexp core\.sshCommand
2025-08-19T10:33:16.3882616Z [command]/usr/bin/git submodule foreach --recursive sh -c "git config --local --name-only --get-regexp 'core\.sshCommand' && git config --local --unset-all 'core.sshCommand' || :"
2025-08-19T10:33:16.4109036Z [command]/usr/bin/git config --local --name-only --get-regexp http\.https\:\/\/github\.com\/\.extraheader
2025-08-19T10:33:16.4129644Z http.https://github.com/.extraheader
2025-08-19T10:33:16.4142219Z [command]/usr/bin/git config --local --unset-all http.https://github.com/.extraheader
2025-08-19T10:33:16.4172371Z [command]/usr/bin/git submodule foreach --recursive sh -c "git config --local --name-only --get-regexp 'http\.https\:\/\/github\.com\/\.extraheader' && git config --local --unset-all 'http.https://github.com/.extraheader' || :"
2025-08-19T10:33:16.4491362Z Cleaning up orphan processes
