2025-08-17T21:47:40.0771257Z Current runner version: '2.327.1'
2025-08-17T21:47:40.0794298Z ##[group]Runner Image Provisioner
2025-08-17T21:47:40.0795210Z Hosted Compute Agent
2025-08-17T21:47:40.0795742Z Version: 20250812.370
2025-08-17T21:47:40.0796348Z Commit: 4a2b2bf7520004e3e907c2150c8cabe342a3da32
2025-08-17T21:47:40.0797085Z Build Date: 2025-08-12T16:08:14Z
2025-08-17T21:47:40.0797688Z ##[endgroup]
2025-08-17T21:47:40.0798206Z ##[group]Operating System
2025-08-17T21:47:40.0798774Z Ubuntu
2025-08-17T21:47:40.0799272Z 24.04.2
2025-08-17T21:47:40.0799694Z LTS
2025-08-17T21:47:40.0800218Z ##[endgroup]
2025-08-17T21:47:40.0800687Z ##[group]Runner Image
2025-08-17T21:47:40.0801219Z Image: ubuntu-24.04
2025-08-17T21:47:40.0801662Z Version: 20250810.1.0
2025-08-17T21:47:40.0802739Z Included Software: https://github.com/actions/runner-images/blob/ubuntu24/20250810.1/images/ubuntu/Ubuntu2404-Readme.md
2025-08-17T21:47:40.0804620Z Image Release: https://github.com/actions/runner-images/releases/tag/ubuntu24%2F20250810.1
2025-08-17T21:47:40.0805671Z ##[endgroup]
2025-08-17T21:47:40.0808098Z ##[group]GITHUB_TOKEN Permissions
2025-08-17T21:47:40.0810049Z Actions: write
2025-08-17T21:47:40.0810573Z Attestations: write
2025-08-17T21:47:40.0811218Z Checks: write
2025-08-17T21:47:40.0811694Z Contents: write
2025-08-17T21:47:40.0812197Z Deployments: write
2025-08-17T21:47:40.0812759Z Discussions: write
2025-08-17T21:47:40.0813542Z Issues: write
2025-08-17T21:47:40.0814049Z Metadata: read
2025-08-17T21:47:40.0814510Z Models: read
2025-08-17T21:47:40.0815105Z Packages: write
2025-08-17T21:47:40.0815569Z Pages: write
2025-08-17T21:47:40.0816038Z PullRequests: write
2025-08-17T21:47:40.0816647Z RepositoryProjects: write
2025-08-17T21:47:40.0817208Z SecurityEvents: write
2025-08-17T21:47:40.0818288Z Statuses: write
2025-08-17T21:47:40.0818806Z ##[endgroup]
2025-08-17T21:47:40.0821179Z Secret source: Actions
2025-08-17T21:47:40.0822182Z Prepare workflow directory
2025-08-17T21:47:40.1143013Z Prepare all required actions
2025-08-17T21:47:40.1180921Z Getting action download info
2025-08-17T21:47:40.4020065Z Download action repository 'actions/checkout@v4' (SHA:08eba0b27e820071cde6df949e0beb9ba4906955)
2025-08-17T21:47:40.6274429Z Download action repository 'actions/setup-python@v5' (SHA:a26af69be951a213d495a4c3e4e4022e16d87065)
2025-08-17T21:47:40.8282470Z Download action repository 'peaceiris/actions-gh-pages@v3' (SHA:373f7f263a76c20808c831209c920827a82a2847)
2025-08-17T21:47:41.1188537Z Complete job name: publish
2025-08-17T21:47:41.1902876Z ##[group]Run actions/checkout@v4
2025-08-17T21:47:41.1904045Z with:
2025-08-17T21:47:41.1904519Z   repository: AlexBomber12/AWA-App
2025-08-17T21:47:41.1905419Z   token: ***
2025-08-17T21:47:41.1905872Z   ssh-strict: true
2025-08-17T21:47:41.1906334Z   ssh-user: git
2025-08-17T21:47:41.1906830Z   persist-credentials: true
2025-08-17T21:47:41.1907400Z   clean: true
2025-08-17T21:47:41.1907896Z   sparse-checkout-cone-mode: true
2025-08-17T21:47:41.1908519Z   fetch-depth: 1
2025-08-17T21:47:41.1908978Z   fetch-tags: false
2025-08-17T21:47:41.1909479Z   show-progress: true
2025-08-17T21:47:41.1909974Z   lfs: false
2025-08-17T21:47:41.1910405Z   submodules: false
2025-08-17T21:47:41.1910905Z   set-safe-directory: true
2025-08-17T21:47:41.1911678Z ##[endgroup]
2025-08-17T21:47:41.2995027Z Syncing repository: AlexBomber12/AWA-App
2025-08-17T21:47:41.2997176Z ##[group]Getting Git version info
2025-08-17T21:47:41.2998131Z Working directory is '/home/runner/work/AWA-App/AWA-App'
2025-08-17T21:47:41.2999533Z [command]/usr/bin/git version
2025-08-17T21:47:41.3028089Z git version 2.50.1
2025-08-17T21:47:41.3054763Z ##[endgroup]
2025-08-17T21:47:41.3076540Z Temporarily overriding HOME='/home/runner/work/_temp/8bd740a8-fc35-43da-b135-c277a6b481fe' before making global git config changes
2025-08-17T21:47:41.3079296Z Adding repository directory to the temporary git global config as a safe directory
2025-08-17T21:47:41.3082132Z [command]/usr/bin/git config --global --add safe.directory /home/runner/work/AWA-App/AWA-App
2025-08-17T21:47:41.3113771Z Deleting the contents of '/home/runner/work/AWA-App/AWA-App'
2025-08-17T21:47:41.3117397Z ##[group]Initializing the repository
2025-08-17T21:47:41.3121113Z [command]/usr/bin/git init /home/runner/work/AWA-App/AWA-App
2025-08-17T21:47:41.3186053Z hint: Using 'master' as the name for the initial branch. This default branch name
2025-08-17T21:47:41.3188451Z hint: is subject to change. To configure the initial branch name to use in all
2025-08-17T21:47:41.3190502Z hint: of your new repositories, which will suppress this warning, call:
2025-08-17T21:47:41.3191511Z hint:
2025-08-17T21:47:41.3192128Z hint: 	git config --global init.defaultBranch <name>
2025-08-17T21:47:41.3192917Z hint:
2025-08-17T21:47:41.3193910Z hint: Names commonly chosen instead of 'master' are 'main', 'trunk' and
2025-08-17T21:47:41.3195609Z hint: 'development'. The just-created branch can be renamed via this command:
2025-08-17T21:47:41.3196667Z hint:
2025-08-17T21:47:41.3197092Z hint: 	git branch -m <name>
2025-08-17T21:47:41.3197636Z hint:
2025-08-17T21:47:41.3198479Z hint: Disable this message with "git config set advice.defaultBranchName false"
2025-08-17T21:47:41.3200071Z Initialized empty Git repository in /home/runner/work/AWA-App/AWA-App/.git/
2025-08-17T21:47:41.3203028Z [command]/usr/bin/git remote add origin https://github.com/AlexBomber12/AWA-App
2025-08-17T21:47:41.3232534Z ##[endgroup]
2025-08-17T21:47:41.3233763Z ##[group]Disabling automatic garbage collection
2025-08-17T21:47:41.3237665Z [command]/usr/bin/git config --local gc.auto 0
2025-08-17T21:47:41.3268056Z ##[endgroup]
2025-08-17T21:47:41.3269533Z ##[group]Setting up auth
2025-08-17T21:47:41.3275939Z [command]/usr/bin/git config --local --name-only --get-regexp core\.sshCommand
2025-08-17T21:47:41.3308198Z [command]/usr/bin/git submodule foreach --recursive sh -c "git config --local --name-only --get-regexp 'core\.sshCommand' && git config --local --unset-all 'core.sshCommand' || :"
2025-08-17T21:47:41.3578857Z [command]/usr/bin/git config --local --name-only --get-regexp http\.https\:\/\/github\.com\/\.extraheader
2025-08-17T21:47:41.3613414Z [command]/usr/bin/git submodule foreach --recursive sh -c "git config --local --name-only --get-regexp 'http\.https\:\/\/github\.com\/\.extraheader' && git config --local --unset-all 'http.https://github.com/.extraheader' || :"
2025-08-17T21:47:41.3830825Z [command]/usr/bin/git config --local http.https://github.com/.extraheader AUTHORIZATION: basic ***
2025-08-17T21:47:41.3874962Z ##[endgroup]
2025-08-17T21:47:41.3876569Z ##[group]Fetching the repository
2025-08-17T21:47:41.3885956Z [command]/usr/bin/git -c protocol.version=2 fetch --no-tags --prune --no-recurse-submodules --depth=1 origin +43b1b60dda4a27c6a259657d46939079ad6f4103:refs/remotes/origin/main
2025-08-17T21:47:41.6298447Z From https://github.com/AlexBomber12/AWA-App
2025-08-17T21:47:41.6300669Z  * [new ref]         43b1b60dda4a27c6a259657d46939079ad6f4103 -> origin/main
2025-08-17T21:47:41.6327736Z ##[endgroup]
2025-08-17T21:47:41.6329718Z ##[group]Determining the checkout info
2025-08-17T21:47:41.6332037Z ##[endgroup]
2025-08-17T21:47:41.6336088Z [command]/usr/bin/git sparse-checkout disable
2025-08-17T21:47:41.6376848Z [command]/usr/bin/git config --local --unset-all extensions.worktreeConfig
2025-08-17T21:47:41.6406466Z ##[group]Checking out the ref
2025-08-17T21:47:41.6410183Z [command]/usr/bin/git checkout --progress --force -B main refs/remotes/origin/main
2025-08-17T21:47:41.6693507Z Switched to a new branch 'main'
2025-08-17T21:47:41.6696233Z branch 'main' set up to track 'origin/main'.
2025-08-17T21:47:41.6705108Z ##[endgroup]
2025-08-17T21:47:41.6738579Z [command]/usr/bin/git log -1 --format=%H
2025-08-17T21:47:41.6760615Z 43b1b60dda4a27c6a259657d46939079ad6f4103
2025-08-17T21:47:41.7060968Z ##[group]Run actions/setup-python@v5
2025-08-17T21:47:41.7062055Z with:
2025-08-17T21:47:41.7062848Z   python-version: 3.11
2025-08-17T21:47:41.7063898Z   check-latest: false
2025-08-17T21:47:41.7065005Z   token: ***
2025-08-17T21:47:41.7065858Z   update-environment: true
2025-08-17T21:47:41.7067094Z   allow-prereleases: false
2025-08-17T21:47:41.7068070Z   freethreaded: false
2025-08-17T21:47:41.7068944Z ##[endgroup]
2025-08-17T21:47:41.8715713Z ##[group]Installed versions
2025-08-17T21:47:41.8803505Z Successfully set up CPython (3.11.13)
2025-08-17T21:47:41.8806106Z ##[endgroup]
2025-08-17T21:47:41.8951456Z ##[group]Run pip install pydoc-markdown
2025-08-17T21:47:41.8952824Z [36;1mpip install pydoc-markdown[0m
2025-08-17T21:47:41.9188142Z shell: /usr/bin/bash -e {0}
2025-08-17T21:47:41.9189298Z env:
2025-08-17T21:47:41.9190342Z   pythonLocation: /opt/hostedtoolcache/Python/3.11.13/x64
2025-08-17T21:47:41.9192010Z   PKG_CONFIG_PATH: /opt/hostedtoolcache/Python/3.11.13/x64/lib/pkgconfig
2025-08-17T21:47:41.9193977Z   Python_ROOT_DIR: /opt/hostedtoolcache/Python/3.11.13/x64
2025-08-17T21:47:41.9195443Z   Python2_ROOT_DIR: /opt/hostedtoolcache/Python/3.11.13/x64
2025-08-17T21:47:41.9196924Z   Python3_ROOT_DIR: /opt/hostedtoolcache/Python/3.11.13/x64
2025-08-17T21:47:41.9198482Z   LD_LIBRARY_PATH: /opt/hostedtoolcache/Python/3.11.13/x64/lib
2025-08-17T21:47:41.9199819Z ##[endgroup]
2025-08-17T21:47:44.4204447Z Collecting pydoc-markdown
2025-08-17T21:47:44.4583871Z   Downloading pydoc_markdown-4.8.2-py3-none-any.whl.metadata (5.9 kB)
2025-08-17T21:47:44.5013795Z Collecting PyYAML<7.0,>=5.0 (from pydoc-markdown)
2025-08-17T21:47:44.5051235Z   Downloading PyYAML-6.0.2-cp311-cp311-manylinux_2_17_x86_64.manylinux2014_x86_64.whl.metadata (2.1 kB)
2025-08-17T21:47:44.5268258Z Collecting click<9.0,>=7.1 (from pydoc-markdown)
2025-08-17T21:47:44.5310519Z   Downloading click-8.2.1-py3-none-any.whl.metadata (2.5 kB)
2025-08-17T21:47:44.5536602Z Collecting databind.core<5.0.0,>=4.4.0 (from pydoc-markdown)
2025-08-17T21:47:44.5666621Z   Downloading databind.core-4.5.2-py3-none-any.whl.metadata (1.1 kB)
2025-08-17T21:47:44.5897408Z Collecting databind.json<5.0.0,>=4.4.0 (from pydoc-markdown)
2025-08-17T21:47:44.5944040Z   Downloading databind.json-4.5.2-py3-none-any.whl.metadata (1.1 kB)
2025-08-17T21:47:44.6207727Z Collecting docspec<3.0.0,>=2.2.1 (from pydoc-markdown)
2025-08-17T21:47:44.6268592Z   Downloading docspec-2.2.2-py3-none-any.whl.metadata (1.0 kB)
2025-08-17T21:47:44.6444545Z Collecting docspec-python<3.0.0,>=2.2.1 (from pydoc-markdown)
2025-08-17T21:47:44.6489535Z   Downloading docspec_python-2.2.2-py3-none-any.whl.metadata (1.0 kB)
2025-08-17T21:47:44.6622201Z Collecting docstring-parser<0.12,>=0.11 (from pydoc-markdown)
2025-08-17T21:47:44.6686638Z   Downloading docstring_parser-0.11.tar.gz (22 kB)
2025-08-17T21:47:44.6809528Z   Installing build dependencies: started
2025-08-17T21:47:45.4508430Z   Installing build dependencies: finished with status 'done'
2025-08-17T21:47:45.4513794Z   Getting requirements to build wheel: started
2025-08-17T21:47:45.8137829Z   Getting requirements to build wheel: finished with status 'done'
2025-08-17T21:47:45.8145738Z   Preparing metadata (pyproject.toml): started
2025-08-17T21:47:45.9877873Z   Preparing metadata (pyproject.toml): finished with status 'done'
2025-08-17T21:47:46.0049140Z Collecting jinja2<4.0.0,>=3.0.0 (from pydoc-markdown)
2025-08-17T21:47:46.0094038Z   Downloading jinja2-3.1.6-py3-none-any.whl.metadata (2.9 kB)
2025-08-17T21:47:46.0289450Z Collecting nr.util<1.0.0,>=0.7.5 (from pydoc-markdown)
2025-08-17T21:47:46.0347203Z   Downloading nr.util-0.8.12-py3-none-any.whl.metadata (813 bytes)
2025-08-17T21:47:46.0636923Z Collecting requests<3.0.0,>=2.23.0 (from pydoc-markdown)
2025-08-17T21:47:46.0677532Z   Downloading requests-2.32.4-py3-none-any.whl.metadata (4.9 kB)
2025-08-17T21:47:46.0851780Z Collecting tomli<3.0.0,>=2.0.0 (from pydoc-markdown)
2025-08-17T21:47:46.0890281Z   Downloading tomli-2.2.1-cp311-cp311-manylinux_2_17_x86_64.manylinux2014_x86_64.whl.metadata (11 kB)
2025-08-17T21:47:46.1009231Z Collecting tomli_w<2.0.0,>=1.0.0 (from pydoc-markdown)
2025-08-17T21:47:46.1041671Z   Downloading tomli_w-1.2.0-py3-none-any.whl.metadata (5.7 kB)
2025-08-17T21:47:46.1630137Z Collecting watchdog (from pydoc-markdown)
2025-08-17T21:47:46.1665226Z   Downloading watchdog-6.0.0-py3-none-manylinux2014_x86_64.whl.metadata (44 kB)
2025-08-17T21:47:46.1908519Z Collecting yapf>=0.30.0 (from pydoc-markdown)
2025-08-17T21:47:46.1952571Z   Downloading yapf-0.43.0-py3-none-any.whl.metadata (46 kB)
2025-08-17T21:47:46.2841184Z Collecting databind<5.0.0,>=4.5.2 (from databind.core<5.0.0,>=4.4.0->pydoc-markdown)
2025-08-17T21:47:46.2884102Z   Downloading databind-4.5.2-py3-none-any.whl.metadata (4.3 kB)
2025-08-17T21:47:46.3032985Z Collecting Deprecated<2.0.0,>=1.2.12 (from databind<5.0.0,>=4.5.2->databind.core<5.0.0,>=4.4.0->pydoc-markdown)
2025-08-17T21:47:46.3067554Z   Downloading Deprecated-1.2.18-py2.py3-none-any.whl.metadata (5.7 kB)
2025-08-17T21:47:46.3221703Z Collecting nr-date<3.0.0,>=2.0.0 (from databind<5.0.0,>=4.5.2->databind.core<5.0.0,>=4.4.0->pydoc-markdown)
2025-08-17T21:47:46.3263943Z   Downloading nr_date-2.1.0-py3-none-any.whl.metadata (746 bytes)
2025-08-17T21:47:46.3405926Z Collecting nr-stream<2.0.0,>=1.0.0 (from databind<5.0.0,>=4.5.2->databind.core<5.0.0,>=4.4.0->pydoc-markdown)
2025-08-17T21:47:46.3468929Z   Downloading nr_stream-1.1.5-py3-none-any.whl.metadata (3.6 kB)
2025-08-17T21:47:46.3664929Z Collecting typeapi<3,>=2.0.1 (from databind<5.0.0,>=4.5.2->databind.core<5.0.0,>=4.4.0->pydoc-markdown)
2025-08-17T21:47:46.3711169Z   Downloading typeapi-2.2.4-py3-none-any.whl.metadata (1.5 kB)
2025-08-17T21:47:46.3901666Z Collecting typing-extensions<5,>=3.10.0 (from databind<5.0.0,>=4.5.2->databind.core<5.0.0,>=4.4.0->pydoc-markdown)
2025-08-17T21:47:46.3937071Z   Downloading typing_extensions-4.14.1-py3-none-any.whl.metadata (3.0 kB)
2025-08-17T21:47:46.4887258Z Collecting wrapt<2,>=1.10 (from Deprecated<2.0.0,>=1.2.12->databind<5.0.0,>=4.5.2->databind.core<5.0.0,>=4.4.0->pydoc-markdown)
2025-08-17T21:47:46.4925402Z   Downloading wrapt-1.17.3-cp311-cp311-manylinux1_x86_64.manylinux_2_28_x86_64.manylinux_2_5_x86_64.whl.metadata (6.4 kB)
2025-08-17T21:47:46.5443283Z Collecting black>=24.8.0 (from docspec-python<3.0.0,>=2.2.1->pydoc-markdown)
2025-08-17T21:47:46.5476829Z   Downloading black-25.1.0-cp311-cp311-manylinux_2_17_x86_64.manylinux2014_x86_64.manylinux_2_28_x86_64.whl.metadata (81 kB)
2025-08-17T21:47:46.5585264Z Collecting docspec<3.0.0,>=2.2.1 (from pydoc-markdown)
2025-08-17T21:47:46.5635729Z   Downloading docspec-2.2.1-py3-none-any.whl.metadata (1.5 kB)
2025-08-17T21:47:46.6190397Z Collecting MarkupSafe>=2.0 (from jinja2<4.0.0,>=3.0.0->pydoc-markdown)
2025-08-17T21:47:46.6226503Z   Downloading MarkupSafe-3.0.2-cp311-cp311-manylinux_2_17_x86_64.manylinux2014_x86_64.whl.metadata (4.0 kB)
2025-08-17T21:47:46.7125082Z Collecting charset_normalizer<4,>=2 (from requests<3.0.0,>=2.23.0->pydoc-markdown)
2025-08-17T21:47:46.7163797Z   Downloading charset_normalizer-3.4.3-cp311-cp311-manylinux2014_x86_64.manylinux_2_17_x86_64.manylinux_2_28_x86_64.whl.metadata (36 kB)
2025-08-17T21:47:46.7327096Z Collecting idna<4,>=2.5 (from requests<3.0.0,>=2.23.0->pydoc-markdown)
2025-08-17T21:47:46.7385461Z   Downloading idna-3.10-py3-none-any.whl.metadata (10 kB)
2025-08-17T21:47:46.7677992Z Collecting urllib3<3,>=1.21.1 (from requests<3.0.0,>=2.23.0->pydoc-markdown)
2025-08-17T21:47:46.7733567Z   Downloading urllib3-2.5.0-py3-none-any.whl.metadata (6.5 kB)
2025-08-17T21:47:46.7965430Z Collecting certifi>=2017.4.17 (from requests<3.0.0,>=2.23.0->pydoc-markdown)
2025-08-17T21:47:46.7998928Z   Downloading certifi-2025.8.3-py3-none-any.whl.metadata (2.4 kB)
2025-08-17T21:47:46.8281877Z Collecting mypy-extensions>=0.4.3 (from black>=24.8.0->docspec-python<3.0.0,>=2.2.1->pydoc-markdown)
2025-08-17T21:47:46.8316836Z   Downloading mypy_extensions-1.1.0-py3-none-any.whl.metadata (1.1 kB)
2025-08-17T21:47:46.8490390Z Collecting packaging>=22.0 (from black>=24.8.0->docspec-python<3.0.0,>=2.2.1->pydoc-markdown)
2025-08-17T21:47:46.8524072Z   Downloading packaging-25.0-py3-none-any.whl.metadata (3.3 kB)
2025-08-17T21:47:46.8692837Z Collecting pathspec>=0.9.0 (from black>=24.8.0->docspec-python<3.0.0,>=2.2.1->pydoc-markdown)
2025-08-17T21:47:46.8736016Z   Downloading pathspec-0.12.1-py3-none-any.whl.metadata (21 kB)
2025-08-17T21:47:46.8998063Z Collecting platformdirs>=2 (from black>=24.8.0->docspec-python<3.0.0,>=2.2.1->pydoc-markdown)
2025-08-17T21:47:46.9006134Z   Downloading platformdirs-4.3.8-py3-none-any.whl.metadata (12 kB)
2025-08-17T21:47:46.9256883Z Downloading pydoc_markdown-4.8.2-py3-none-any.whl (67 kB)
2025-08-17T21:47:46.9312714Z Downloading click-8.2.1-py3-none-any.whl (102 kB)
2025-08-17T21:47:46.9382175Z Downloading databind.core-4.5.2-py3-none-any.whl (1.5 kB)
2025-08-17T21:47:46.9448387Z Downloading databind-4.5.2-py3-none-any.whl (49 kB)
2025-08-17T21:47:46.9525054Z Downloading databind.json-4.5.2-py3-none-any.whl (1.5 kB)
2025-08-17T21:47:46.9591078Z Downloading Deprecated-1.2.18-py2.py3-none-any.whl (10.0 kB)
2025-08-17T21:47:46.9653955Z Downloading docspec_python-2.2.2-py3-none-any.whl (15 kB)
2025-08-17T21:47:46.9734731Z Downloading docspec-2.2.1-py3-none-any.whl (9.8 kB)
2025-08-17T21:47:46.9790891Z Downloading jinja2-3.1.6-py3-none-any.whl (134 kB)
2025-08-17T21:47:46.9892126Z Downloading nr_date-2.1.0-py3-none-any.whl (10 kB)
2025-08-17T21:47:46.9950848Z Downloading nr_stream-1.1.5-py3-none-any.whl (10 kB)
2025-08-17T21:47:47.0014786Z Downloading nr.util-0.8.12-py3-none-any.whl (90 kB)
2025-08-17T21:47:47.0076069Z Downloading PyYAML-6.0.2-cp311-cp311-manylinux_2_17_x86_64.manylinux2014_x86_64.whl (762 kB)
2025-08-17T21:47:47.0399307Z    ━━━━━━━━━━━━━━━━━━━━━━━━━━━━━━━━━━━━━━━━ 763.0/763.0 kB 34.1 MB/s  0:00:00
2025-08-17T21:47:47.0435078Z Downloading requests-2.32.4-py3-none-any.whl (64 kB)
2025-08-17T21:47:47.0492422Z Downloading charset_normalizer-3.4.3-cp311-cp311-manylinux2014_x86_64.manylinux_2_17_x86_64.manylinux_2_28_x86_64.whl (150 kB)
2025-08-17T21:47:47.0592468Z Downloading idna-3.10-py3-none-any.whl (70 kB)
2025-08-17T21:47:47.0709240Z Downloading tomli-2.2.1-cp311-cp311-manylinux_2_17_x86_64.manylinux2014_x86_64.whl (236 kB)
2025-08-17T21:47:47.0802611Z Downloading tomli_w-1.2.0-py3-none-any.whl (6.7 kB)
2025-08-17T21:47:47.0879974Z Downloading typeapi-2.2.4-py3-none-any.whl (26 kB)
2025-08-17T21:47:47.0939333Z Downloading typing_extensions-4.14.1-py3-none-any.whl (43 kB)
2025-08-17T21:47:47.1001312Z Downloading urllib3-2.5.0-py3-none-any.whl (129 kB)
2025-08-17T21:47:47.1072345Z Downloading wrapt-1.17.3-cp311-cp311-manylinux1_x86_64.manylinux_2_28_x86_64.manylinux_2_5_x86_64.whl (82 kB)
2025-08-17T21:47:47.1130536Z Downloading black-25.1.0-cp311-cp311-manylinux_2_17_x86_64.manylinux2014_x86_64.manylinux_2_28_x86_64.whl (1.7 MB)
2025-08-17T21:47:47.1322532Z    ━━━━━━━━━━━━━━━━━━━━━━━━━━━━━━━━━━━━━━━━ 1.7/1.7 MB 95.6 MB/s  0:00:00
2025-08-17T21:47:47.1361628Z Downloading certifi-2025.8.3-py3-none-any.whl (161 kB)
2025-08-17T21:47:47.1424928Z Downloading MarkupSafe-3.0.2-cp311-cp311-manylinux_2_17_x86_64.manylinux2014_x86_64.whl (23 kB)
2025-08-17T21:47:47.1496778Z Downloading mypy_extensions-1.1.0-py3-none-any.whl (5.0 kB)
2025-08-17T21:47:47.1559347Z Downloading packaging-25.0-py3-none-any.whl (66 kB)
2025-08-17T21:47:47.1616471Z Downloading pathspec-0.12.1-py3-none-any.whl (31 kB)
2025-08-17T21:47:47.1680479Z Downloading platformdirs-4.3.8-py3-none-any.whl (18 kB)
2025-08-17T21:47:47.1753597Z Downloading yapf-0.43.0-py3-none-any.whl (256 kB)
2025-08-17T21:47:47.1818749Z Downloading watchdog-6.0.0-py3-none-manylinux2014_x86_64.whl (79 kB)
2025-08-17T21:47:47.2094013Z Building wheels for collected packages: docstring-parser
2025-08-17T21:47:47.2101375Z   Building wheel for docstring-parser (pyproject.toml): started
2025-08-17T21:47:47.4183729Z   Building wheel for docstring-parser (pyproject.toml): finished with status 'done'
2025-08-17T21:47:47.4188766Z   Created wheel for docstring-parser: filename=docstring_parser-0.11-py3-none-any.whl size=31551 sha256=ce3c11b42cda51f2eb722344021e69e883cf52715a1b06861f9656e307f2abe8
2025-08-17T21:47:47.4190167Z   Stored in directory: /home/runner/.cache/pip/wheels/0f/f9/78/1186f8bf3425dbd3fb3fa32beee828876c792f49eb2554e888
2025-08-17T21:47:47.4206286Z Successfully built docstring-parser
2025-08-17T21:47:47.4666145Z Installing collected packages: wrapt, watchdog, urllib3, typing-extensions, tomli_w, tomli, PyYAML, platformdirs, pathspec, packaging, nr-stream, nr-date, mypy-extensions, MarkupSafe, idna, docstring-parser, click, charset_normalizer, certifi, yapf, typeapi, requests, jinja2, Deprecated, black, nr.util, databind, databind.json, databind.core, docspec, docspec-python, pydoc-markdown
2025-08-17T21:47:48.5856595Z 
2025-08-17T21:47:48.5879420Z Successfully installed Deprecated-1.2.18 MarkupSafe-3.0.2 PyYAML-6.0.2 black-25.1.0 certifi-2025.8.3 charset_normalizer-3.4.3 click-8.2.1 databind-4.5.2 databind.core-4.5.2 databind.json-4.5.2 docspec-2.2.1 docspec-python-2.2.2 docstring-parser-0.11 idna-3.10 jinja2-3.1.6 mypy-extensions-1.1.0 nr-date-2.1.0 nr-stream-1.1.5 nr.util-0.8.12 packaging-25.0 pathspec-0.12.1 platformdirs-4.3.8 pydoc-markdown-4.8.2 requests-2.32.4 tomli-2.2.1 tomli_w-1.2.0 typeapi-2.2.4 typing-extensions-4.14.1 urllib3-2.5.0 watchdog-6.0.0 wrapt-1.17.3 yapf-0.43.0
2025-08-17T21:47:48.7549166Z ##[group]Run pydoc-markdown
2025-08-17T21:47:48.7549463Z [36;1mpydoc-markdown[0m
2025-08-17T21:47:48.7590476Z shell: /usr/bin/bash -e {0}
2025-08-17T21:47:48.7590708Z env:
2025-08-17T21:47:48.7590938Z   pythonLocation: /opt/hostedtoolcache/Python/3.11.13/x64
2025-08-17T21:47:48.7591341Z   PKG_CONFIG_PATH: /opt/hostedtoolcache/Python/3.11.13/x64/lib/pkgconfig
2025-08-17T21:47:48.7591721Z   Python_ROOT_DIR: /opt/hostedtoolcache/Python/3.11.13/x64
2025-08-17T21:47:48.7592052Z   Python2_ROOT_DIR: /opt/hostedtoolcache/Python/3.11.13/x64
2025-08-17T21:47:48.7592389Z   Python3_ROOT_DIR: /opt/hostedtoolcache/Python/3.11.13/x64
2025-08-17T21:47:48.7592724Z   LD_LIBRARY_PATH: /opt/hostedtoolcache/Python/3.11.13/x64/lib
2025-08-17T21:47:48.7593004Z ##[endgroup]
2025-08-17T21:47:49.1512273Z [WARNING - pydoc_markdown.main]: Unknown configuration options:
2025-08-17T21:47:49.1513254Z Unknown key(s) "{'output_directory'}" at:
2025-08-17T21:47:49.1513730Z In "pydoc-markdown.yml"
2025-08-17T21:47:49.1514234Z   $: TypeHint(pydoc_markdown.PydocMarkdown)
2025-08-17T21:47:49.1514812Z   .renderer: TypeHint(pydoc_markdown.interfaces.Renderer)
2025-08-17T21:47:49.1515539Z   ^: TypeHint(pydoc_markdown.contrib.renderers.markdown.MarkdownRenderer)
2025-08-17T21:47:49.1516044Z 
2025-08-17T21:47:49.4354198Z <a id="__init__"></a>
2025-08-17T21:47:49.4354613Z 
2025-08-17T21:47:49.4354750Z # \_\_init\_\_
2025-08-17T21:47:49.4354971Z 
2025-08-17T21:47:49.4355108Z <a id="api"></a>
2025-08-17T21:47:49.4355321Z 
2025-08-17T21:47:49.4355456Z # api
2025-08-17T21:47:49.4355627Z 
2025-08-17T21:47:49.4355797Z <a id="api.tests.test_llm"></a>
2025-08-17T21:47:49.4356097Z 
2025-08-17T21:47:49.4356196Z # api.tests.test\_llm
2025-08-17T21:47:49.4356355Z 
2025-08-17T21:47:49.4356470Z <a id="api.tests.test_imports"></a>
2025-08-17T21:47:49.4356683Z 
2025-08-17T21:47:49.4356782Z # api.tests.test\_imports
2025-08-17T21:47:49.4356947Z 
2025-08-17T21:47:49.4357065Z <a id="api.tests.test_entrypoint"></a>
2025-08-17T21:47:49.4357273Z 
2025-08-17T21:47:49.4357399Z # api.tests.test\_entrypoint
2025-08-17T21:47:49.4357580Z 
2025-08-17T21:47:49.4357687Z <a id="api.tests.test_health"></a>
2025-08-17T21:47:49.4357871Z 
2025-08-17T21:47:49.4357964Z # api.tests.test\_health
2025-08-17T21:47:49.4358132Z 
2025-08-17T21:47:49.4358233Z <a id="api.migrations.env"></a>
2025-08-17T21:47:49.4358404Z 
2025-08-17T21:47:49.4358499Z # api.migrations.env
2025-08-17T21:47:49.4358639Z 
2025-08-17T21:47:49.4358786Z <a id="api.migrations.versions.0022_fix_roi_view"></a>
2025-08-17T21:47:49.4359039Z 
2025-08-17T21:47:49.4359185Z # api.migrations.versions.0022\_fix\_roi\_view
2025-08-17T21:47:49.4359411Z 
2025-08-17T21:47:49.4359546Z <a id="api.migrations.versions.0004_fee_cron"></a>
2025-08-17T21:47:49.4359781Z 
2025-08-17T21:47:49.4359896Z # api.migrations.versions.0004\_fee\_cron
2025-08-17T21:47:49.4360102Z 
2025-08-17T21:47:49.4360296Z <a id="api.migrations.versions.3e9d5c5aff2c_rename_fulf_fee"></a>
2025-08-17T21:47:49.4360577Z 
2025-08-17T21:47:49.4360745Z # api.migrations.versions.3e9d5c5aff2c\_rename\_fulf\_fee
2025-08-17T21:47:49.4361386Z 
2025-08-17T21:47:49.4361537Z <a id="api.migrations.versions.0003_vendor_prices"></a>
2025-08-17T21:47:49.4361793Z 
2025-08-17T21:47:49.4361925Z # api.migrations.versions.0003\_vendor\_prices
2025-08-17T21:47:49.4362152Z 
2025-08-17T21:47:49.4362295Z <a id="api.migrations.versions.0024_create_buybox"></a>
2025-08-17T21:47:49.4362529Z 
2025-08-17T21:47:49.4362658Z # api.migrations.versions.0024\_create\_buybox
2025-08-17T21:47:49.4362872Z 
2025-08-17T21:47:49.4363020Z <a id="api.migrations.versions.0002_create_roi_view"></a>
2025-08-17T21:47:49.4363459Z 
2025-08-17T21:47:49.4363590Z # api.migrations.versions.0002\_create\_roi\_view
2025-08-17T21:47:49.4363817Z 
2025-08-17T21:47:49.4363952Z <a id="api.migrations.versions.0006_fix_roi_views"></a>
2025-08-17T21:47:49.4364188Z 
2025-08-17T21:47:49.4364314Z # api.migrations.versions.0006\_fix\_roi\_views
2025-08-17T21:47:49.4364547Z 
2025-08-17T21:47:49.4364901Z <a id="api.migrations.versions.0020_unified_schema"></a>
2025-08-17T21:47:49.4365112Z 
2025-08-17T21:47:49.4365215Z # api.migrations.versions.0020\_unified\_schema
2025-08-17T21:47:49.4365398Z 
2025-08-17T21:47:49.4365531Z <a id="api.migrations.versions.0025_pr4_indexes_loadlog"></a>
2025-08-17T21:47:49.4365746Z 
2025-08-17T21:47:49.4365868Z # api.migrations.versions.0025\_pr4\_indexes\_loadlog
2025-08-17T21:47:49.4366059Z 
2025-08-17T21:47:49.4366176Z <a id="api.migrations.versions.0023_add_storage_fee"></a>
2025-08-17T21:47:49.4366370Z 
2025-08-17T21:47:49.4366480Z # api.migrations.versions.0023\_add\_storage\_fee
2025-08-17T21:47:49.4366663Z 
2025-08-17T21:47:49.4366795Z <a id="api.migrations.versions.0026_amazon_new_reports"></a>
2025-08-17T21:47:49.4367015Z 
2025-08-17T21:47:49.4367127Z # api.migrations.versions.0026\_amazon\_new\_reports
2025-08-17T21:47:49.4367317Z 
2025-08-17T21:47:49.4367428Z <a id="api.migrations.versions.0001_baseline"></a>
2025-08-17T21:47:49.4367615Z 
2025-08-17T21:47:49.4367711Z # api.migrations.versions.0001\_baseline
2025-08-17T21:47:49.4367886Z 
2025-08-17T21:47:49.4367977Z <a id="api.migrations.versions"></a>
2025-08-17T21:47:49.4368134Z 
2025-08-17T21:47:49.4368215Z # api.migrations.versions
2025-08-17T21:47:49.4368348Z 
2025-08-17T21:47:49.4368429Z <a id="api.migrations"></a>
2025-08-17T21:47:49.4368562Z 
2025-08-17T21:47:49.4368635Z # api.migrations
2025-08-17T21:47:49.4368742Z 
2025-08-17T21:47:49.4368808Z <a id="api.db"></a>
2025-08-17T21:47:49.4368913Z 
2025-08-17T21:47:49.4368982Z # api.db
2025-08-17T21:47:49.4369068Z 
2025-08-17T21:47:49.4369149Z <a id="api.routes.stats"></a>
2025-08-17T21:47:49.4369290Z 
2025-08-17T21:47:49.4369359Z # api.routes.stats
2025-08-17T21:47:49.4369463Z 
2025-08-17T21:47:49.4369554Z <a id="api.routes.stats.kpi"></a>
2025-08-17T21:47:49.4369703Z 
2025-08-17T21:47:49.4369765Z #### kpi
2025-08-17T21:47:49.4369853Z 
2025-08-17T21:47:49.4369924Z ```python
2025-08-17T21:47:49.4370090Z @router.get("/stats/kpi")
2025-08-17T21:47:49.4370335Z def kpi() -> List[Dict[str, int]]
2025-08-17T21:47:49.4370536Z ```
2025-08-17T21:47:49.4370629Z 
2025-08-17T21:47:49.4370707Z Return KPI metrics (mock).
2025-08-17T21:47:49.4370834Z 
2025-08-17T21:47:49.4370932Z <a id="api.routes.stats.roi_by_vendor"></a>
2025-08-17T21:47:49.4371114Z 
2025-08-17T21:47:49.4371182Z #### roi\_by\_vendor
2025-08-17T21:47:49.4371292Z 
2025-08-17T21:47:49.4371361Z ```python
2025-08-17T21:47:49.4371529Z @router.get("/stats/roi_by_vendor")
2025-08-17T21:47:49.4371784Z def roi_by_vendor() -> List[Dict[str, int]]
2025-08-17T21:47:49.4372008Z ```
2025-08-17T21:47:49.4372094Z 
2025-08-17T21:47:49.4372175Z Return ROI percent by vendor.
2025-08-17T21:47:49.4372313Z 
2025-08-17T21:47:49.4372401Z <a id="api.routes.stats.roi_trend"></a>
2025-08-17T21:47:49.4372573Z 
2025-08-17T21:47:49.4372637Z #### roi\_trend
2025-08-17T21:47:49.4372735Z 
2025-08-17T21:47:49.4372804Z ```python
2025-08-17T21:47:49.4372969Z @router.get("/stats/roi_trend")
2025-08-17T21:47:49.4373347Z def roi_trend() -> List[Dict[str, int | str]]
2025-08-17T21:47:49.4373613Z ```
2025-08-17T21:47:49.4373930Z 
2025-08-17T21:47:49.4374004Z Return 30-day ROI trend.
2025-08-17T21:47:49.4374132Z 
2025-08-17T21:47:49.4374215Z <a id="api.routes.roi"></a>
2025-08-17T21:47:49.4374347Z 
2025-08-17T21:47:49.4374414Z # api.routes.roi
2025-08-17T21:47:49.4374523Z 
2025-08-17T21:47:49.4374604Z <a id="api.routes.health"></a>
2025-08-17T21:47:49.4374743Z 
2025-08-17T21:47:49.4374820Z # api.routes.health
2025-08-17T21:47:49.4374927Z 
2025-08-17T21:47:49.4375018Z <a id="api.routes.health.MAX_SKEW"></a>
2025-08-17T21:47:49.4375179Z 
2025-08-17T21:47:49.4375247Z #### MAX\_SKEW
2025-08-17T21:47:49.4375343Z 
2025-08-17T21:47:49.4375404Z seconds
2025-08-17T21:47:49.4375492Z 
2025-08-17T21:47:49.4375582Z <a id="api.routes.health.health"></a>
2025-08-17T21:47:49.4375742Z 
2025-08-17T21:47:49.4375803Z #### health
2025-08-17T21:47:49.4375896Z 
2025-08-17T21:47:49.4375957Z ```python
2025-08-17T21:47:49.4376153Z @router.get("/health", include_in_schema=False)
2025-08-17T21:47:49.4376651Z async def health(session: AsyncSession = Depends(get_session)) -> JSONResponse
2025-08-17T21:47:49.4376998Z ```
2025-08-17T21:47:49.4377089Z 
2025-08-17T21:47:49.4377202Z Return 200 when DB reachable and clocks are in sync.
2025-08-17T21:47:49.4377398Z 
2025-08-17T21:47:49.4377487Z <a id="api.routes.repository"></a>
2025-08-17T21:47:49.4377638Z 
2025-08-17T21:47:49.4377721Z # api.routes.repository
2025-08-17T21:47:49.4377839Z 
2025-08-17T21:47:49.4377909Z <a id="api.routes"></a>
2025-08-17T21:47:49.4378021Z 
2025-08-17T21:47:49.4378088Z # api.routes
2025-08-17T21:47:49.4378182Z 
2025-08-17T21:47:49.4378257Z <a id="api.models.fee"></a>
2025-08-17T21:47:49.4378391Z 
2025-08-17T21:47:49.4378456Z # api.models.fee
2025-08-17T21:47:49.4378557Z 
2025-08-17T21:47:49.4378628Z <a id="api.models"></a>
2025-08-17T21:47:49.4378744Z 
2025-08-17T21:47:49.4378808Z # api.models
2025-08-17T21:47:49.4378896Z 
2025-08-17T21:47:49.4378980Z <a id="api.roi_repository"></a>
2025-08-17T21:47:49.4379116Z 
2025-08-17T21:47:49.4379190Z # api.roi\_repository
2025-08-17T21:47:49.4379307Z 
2025-08-17T21:47:49.4379375Z <a id="api.main"></a>
2025-08-17T21:47:49.4379483Z 
2025-08-17T21:47:49.4379545Z # api.main
2025-08-17T21:47:49.4379641Z 
2025-08-17T21:47:49.4379715Z <a id="api.main.ready"></a>
2025-08-17T21:47:49.4379840Z 
2025-08-17T21:47:49.4379906Z #### ready
2025-08-17T21:47:49.4379990Z 
2025-08-17T21:47:49.4380051Z ```python
2025-08-17T21:47:49.4380305Z @app.get("/ready", status_code=status.HTTP_200_OK, include_in_schema=False)
2025-08-17T21:47:49.4380722Z async def ready(session: AsyncSession = Depends(get_session)) -> dict[str,
2025-08-17T21:47:49.4381062Z                                                                       str]
2025-08-17T21:47:49.4381281Z ```
2025-08-17T21:47:49.4381365Z 
2025-08-17T21:47:49.4381457Z Return 200 only when migrations are at head.
2025-08-17T21:47:49.4381625Z 
2025-08-17T21:47:49.4381700Z <a id="api.config"></a>
2025-08-17T21:47:49.4381814Z 
2025-08-17T21:47:49.4381878Z # api.config
2025-08-17T21:47:49.4381972Z 
2025-08-17T21:47:49.4382043Z <a id="etl"></a>
2025-08-17T21:47:49.4382142Z 
2025-08-17T21:47:49.4382202Z # etl
2025-08-17T21:47:49.4382291Z 
2025-08-17T21:47:49.4382369Z <a id="etl.fba_fee_ingestor"></a>
2025-08-17T21:47:49.4382514Z 
2025-08-17T21:47:49.4382591Z # etl.fba\_fee\_ingestor
2025-08-17T21:47:49.4382711Z 
2025-08-17T21:47:49.4382789Z <a id="etl.sp_fees_ingestor"></a>
2025-08-17T21:47:49.4382928Z 
2025-08-17T21:47:49.4383005Z # etl.sp\_fees\_ingestor
2025-08-17T21:47:49.4383225Z 
2025-08-17T21:47:49.4383307Z <a id="etl.keepa_ingestor"></a>
2025-08-17T21:47:49.4383446Z 
2025-08-17T21:47:49.4383513Z # etl.keepa\_ingestor
2025-08-17T21:47:49.4383622Z 
2025-08-17T21:47:49.4383686Z <a id="etl.db"></a>
2025-08-17T21:47:49.4383795Z 
2025-08-17T21:47:49.4383857Z # etl.db
2025-08-17T21:47:49.4383941Z 
2025-08-17T21:47:49.4384029Z <a id="etl.dialects.schemas"></a>
2025-08-17T21:47:49.4384175Z 
2025-08-17T21:47:49.4384247Z # etl.dialects.schemas
2025-08-17T21:47:49.4384370Z 
2025-08-17T21:47:49.4384481Z <a id="etl.dialects.amazon_reimbursements"></a>
2025-08-17T21:47:49.4384795Z 
2025-08-17T21:47:49.4384884Z # etl.dialects.amazon\_reimbursements
2025-08-17T21:47:49.4385049Z 
2025-08-17T21:47:49.4385141Z <a id="etl.dialects.amazon_ads_sp_cost"></a>
2025-08-17T21:47:49.4385309Z 
2025-08-17T21:47:49.4385398Z # etl.dialects.amazon\_ads\_sp\_cost
2025-08-17T21:47:49.4385551Z 
2025-08-17T21:47:49.4385645Z <a id="etl.dialects.amazon_returns"></a>
2025-08-17T21:47:49.4385809Z 
2025-08-17T21:47:49.4385894Z # etl.dialects.amazon\_returns
2025-08-17T21:47:49.4386030Z 
2025-08-17T21:47:49.4386124Z <a id="etl.dialects.amazon_fee_preview"></a>
2025-08-17T21:47:49.4386288Z 
2025-08-17T21:47:49.4386378Z # etl.dialects.amazon\_fee\_preview
2025-08-17T21:47:49.4386528Z 
2025-08-17T21:47:49.4386632Z <a id="etl.dialects.amazon_inventory_ledger"></a>
2025-08-17T21:47:49.4386820Z 
2025-08-17T21:47:49.4386907Z # etl.dialects.amazon\_inventory\_ledger
2025-08-17T21:47:49.4387068Z 
2025-08-17T21:47:49.4387271Z <a id="etl.dialects.amazon_settlements"></a>
2025-08-17T21:47:49.4387449Z 
2025-08-17T21:47:49.4387533Z # etl.dialects.amazon\_settlements
2025-08-17T21:47:49.4387681Z 
2025-08-17T21:47:49.4387761Z <a id="etl.dialects"></a>
2025-08-17T21:47:49.4387884Z 
2025-08-17T21:47:49.4387948Z # etl.dialects
2025-08-17T21:47:49.4388048Z 
2025-08-17T21:47:49.4388113Z <a id="ingest"></a>
2025-08-17T21:47:49.4388218Z 
2025-08-17T21:47:49.4388277Z # ingest
2025-08-17T21:47:49.4388367Z 
2025-08-17T21:47:49.4388448Z <a id="ingest.maintenance"></a>
2025-08-17T21:47:49.4388585Z 
2025-08-17T21:47:49.4388661Z # ingest.maintenance
2025-08-17T21:47:49.4388770Z 
2025-08-17T21:47:49.4388845Z <a id="ingest.copy_loader"></a>
2025-08-17T21:47:49.4388984Z 
2025-08-17T21:47:49.4389053Z # ingest.copy\_loader
2025-08-17T21:47:49.4389163Z 
2025-08-17T21:47:49.4389263Z <a id="ingest.copy_loader.copy_df_via_temp"></a>
2025-08-17T21:47:49.4389444Z 
2025-08-17T21:47:49.4389516Z #### copy\_df\_via\_temp
2025-08-17T21:47:49.4389635Z 
2025-08-17T21:47:49.4389707Z ```python
2025-08-17T21:47:49.4389873Z def copy_df_via_temp(engine: Engine,
2025-08-17T21:47:49.4390111Z                      df: pd.DataFrame,
2025-08-17T21:47:49.4390334Z                      target_table: str,
2025-08-17T21:47:49.4390554Z                      *,
2025-08-17T21:47:49.4390755Z                      target_schema: Optional[str] = None,
2025-08-17T21:47:49.4391015Z                      columns: Sequence[str],
2025-08-17T21:47:49.4391274Z                      conflict_cols: Optional[Sequence[str]] = None,
2025-08-17T21:47:49.4391550Z                      analyze_after: bool = False,
2025-08-17T21:47:49.4391807Z                      connection: Any | None = None) -> int
2025-08-17T21:47:49.4392034Z ```
2025-08-17T21:47:49.4392117Z 
2025-08-17T21:47:49.4392273Z Bulk load *df* into *target_table* using COPY and a staging table.
2025-08-17T21:47:49.4392498Z 
2025-08-17T21:47:49.4392585Z <a id="ingest.tests.test_smoke"></a>
2025-08-17T21:47:49.4392749Z 
2025-08-17T21:47:49.4392831Z # ingest.tests.test\_smoke
2025-08-17T21:47:49.4392957Z 
2025-08-17T21:47:49.4393161Z <a id="ingest.tests"></a>
2025-08-17T21:47:49.4393289Z 
2025-08-17T21:47:49.4393353Z # ingest.tests
2025-08-17T21:47:49.4393451Z 
2025-08-17T21:47:49.4393543Z <a id="ingest.upload_router"></a>
2025-08-17T21:47:49.4393685Z 
2025-08-17T21:47:49.4393757Z # ingest.upload\_router
2025-08-17T21:47:49.4393879Z 
2025-08-17T21:47:49.4393957Z <a id="ingest.email_watcher"></a>
2025-08-17T21:47:49.4394098Z 
2025-08-17T21:47:49.4394173Z # ingest.email\_watcher
2025-08-17T21:47:49.4394286Z 
2025-08-17T21:47:49.4394373Z <a id="ingest.email_watcher.main"></a>
2025-08-17T21:47:49.4394531Z 
2025-08-17T21:47:49.4394606Z #### main
2025-08-17T21:47:49.4394692Z 
2025-08-17T21:47:49.4394755Z ```python
2025-08-17T21:47:49.4394927Z def main() -> dict[str, str]
2025-08-17T21:47:49.4395117Z ```
2025-08-17T21:47:49.4395207Z 
2025-08-17T21:47:49.4395344Z Upload CSV/XLSX attachments to MinIO and trigger ingestion.
2025-08-17T21:47:49.4395565Z 
2025-08-17T21:47:49.4395701Z Returns {"status": "success"} when processing completes.
2025-08-17T21:47:49.4396033Z 
2025-08-17T21:47:49.4396141Z <a id="ingest.tasks"></a>
2025-08-17T21:47:49.4396264Z 
2025-08-17T21:47:49.4396329Z # ingest.tasks
2025-08-17T21:47:49.4396436Z 
2025-08-17T21:47:49.4396530Z <a id="ingest.tasks.task_import_file"></a>
2025-08-17T21:47:49.4396700Z 
2025-08-17T21:47:49.4396777Z #### task\_import\_file
2025-08-17T21:47:49.4396893Z 
2025-08-17T21:47:49.4396954Z ```python
2025-08-17T21:47:49.4397159Z @celery_app.task(name="ingest.import_file", bind=True)
2025-08-17T21:47:49.4397427Z def task_import_file(self,
2025-08-17T21:47:49.4397624Z                      uri: str,
2025-08-17T21:47:49.4397833Z                      report_type: Optional[str] = None,
2025-08-17T21:47:49.4398131Z                      force: bool = False) -> Dict[str, Any]
2025-08-17T21:47:49.4398357Z ```
2025-08-17T21:47:49.4398444Z 
2025-08-17T21:47:49.4398569Z Import a file into Postgres using existing ETL pipeline.
2025-08-17T21:47:49.4398769Z 
2025-08-17T21:47:49.4398969Z <a id="ingest.celery_app"></a>
2025-08-17T21:47:49.4399113Z 
2025-08-17T21:47:49.4399183Z # ingest.celery\_app
2025-08-17T21:47:49.4399300Z 
2025-08-17T21:47:49.4399381Z <a id="ingest.ingest_router"></a>
2025-08-17T21:47:49.4399524Z 
2025-08-17T21:47:49.4399595Z # ingest.ingest\_router
2025-08-17T21:47:49.4399712Z 
2025-08-17T21:47:49.4399787Z <a id="logistics_etl"></a>
2025-08-17T21:47:49.4399909Z 
2025-08-17T21:47:49.4399982Z # logistics\_etl
2025-08-17T21:47:49.4400085Z 
2025-08-17T21:47:49.4400158Z Daily logistics ETL job.
2025-08-17T21:47:49.4400277Z 
2025-08-17T21:47:49.4400364Z <a id="logistics_etl.__main__"></a>
2025-08-17T21:47:49.4400512Z 
2025-08-17T21:47:49.4400585Z # logistics\_etl.\_\_main\_\_
2025-08-17T21:47:49.4400721Z 
2025-08-17T21:47:49.4400795Z <a id="logistics_etl.dsn"></a>
2025-08-17T21:47:49.4400924Z 
2025-08-17T21:47:49.4400998Z # logistics\_etl.dsn
2025-08-17T21:47:49.4401109Z 
2025-08-17T21:47:49.4401220Z Local DSN builder to avoid cross-service dependency.
2025-08-17T21:47:49.4401418Z 
2025-08-17T21:47:49.4401517Z <a id="logistics_etl.dsn.build_dsn"></a>
2025-08-17T21:47:49.4401675Z 
2025-08-17T21:47:49.4401737Z #### build\_dsn
2025-08-17T21:47:49.4401841Z 
2025-08-17T21:47:49.4401902Z ```python
2025-08-17T21:47:49.4402068Z def build_dsn(sync: bool = True) -> str
2025-08-17T21:47:49.4402287Z ```
2025-08-17T21:47:49.4402382Z 
2025-08-17T21:47:49.4402516Z Return a Postgres DSN assembled from environment variables.
2025-08-17T21:47:49.4402730Z 
2025-08-17T21:47:49.4402881Z Prefers explicit DSNs via ``PG_SYNC_DSN``/``PG_ASYNC_DSN`` or
2025-08-17T21:47:49.4403362Z ``DATABASE_URL``. Falls back to individual PG_* settings and raises an
2025-08-17T21:47:49.4403699Z error when any required variable is missing.
2025-08-17T21:47:49.4403868Z 
2025-08-17T21:47:49.4403959Z <a id="logistics_etl.tests.conftest"></a>
2025-08-17T21:47:49.4404130Z 
2025-08-17T21:47:49.4404212Z # logistics\_etl.tests.conftest
2025-08-17T21:47:49.4404356Z 
2025-08-17T21:47:49.4404470Z <a id="logistics_etl.tests.test_repository"></a>
2025-08-17T21:47:49.4404654Z 
2025-08-17T21:47:49.4404741Z # logistics\_etl.tests.test\_repository
2025-08-17T21:47:49.4404904Z 
2025-08-17T21:47:49.4404994Z <a id="logistics_etl.tests.test_cron"></a>
2025-08-17T21:47:49.4405158Z 
2025-08-17T21:47:49.4405239Z # logistics\_etl.tests.test\_cron
2025-08-17T21:47:49.4405388Z 
2025-08-17T21:47:49.4405485Z <a id="logistics_etl.tests.test_imports"></a>
2025-08-17T21:47:49.4405655Z 
2025-08-17T21:47:49.4405744Z # logistics\_etl.tests.test\_imports
2025-08-17T21:47:49.4405897Z 
2025-08-17T21:47:49.4405986Z <a id="logistics_etl.tests.test_smoke"></a>
2025-08-17T21:47:49.4406158Z 
2025-08-17T21:47:49.4406244Z # logistics\_etl.tests.test\_smoke
2025-08-17T21:47:49.4406391Z 
2025-08-17T21:47:49.4406488Z <a id="logistics_etl.tests.test_client"></a>
2025-08-17T21:47:49.4406657Z 
2025-08-17T21:47:49.4406741Z # logistics\_etl.tests.test\_client
2025-08-17T21:47:49.4406893Z 
2025-08-17T21:47:49.4406979Z <a id="logistics_etl.tests"></a>
2025-08-17T21:47:49.4407124Z 
2025-08-17T21:47:49.4407338Z # logistics\_etl.tests
2025-08-17T21:47:49.4407464Z 
2025-08-17T21:47:49.4407541Z <a id="logistics_etl.flow"></a>
2025-08-17T21:47:49.4407675Z 
2025-08-17T21:47:49.4407746Z # logistics\_etl.flow
2025-08-17T21:47:49.4407863Z 
2025-08-17T21:47:49.4407943Z <a id="logistics_etl.client"></a>
2025-08-17T21:47:49.4408084Z 
2025-08-17T21:47:49.4408163Z # logistics\_etl.client
2025-08-17T21:47:49.4408281Z 
2025-08-17T21:47:49.4408356Z <a id="logistics_etl.cron"></a>
2025-08-17T21:47:49.4408498Z 
2025-08-17T21:47:49.4408566Z # logistics\_etl.cron
2025-08-17T21:47:49.4408673Z 
2025-08-17T21:47:49.4408749Z <a id="logistics_etl.db"></a>
2025-08-17T21:47:49.4408888Z 
2025-08-17T21:47:49.4408954Z # logistics\_etl.db
2025-08-17T21:47:49.4409058Z 
2025-08-17T21:47:49.4409149Z <a id="logistics_etl.repository"></a>
2025-08-17T21:47:49.4409305Z 
2025-08-17T21:47:49.4409381Z # logistics\_etl.repository
2025-08-17T21:47:49.4409516Z 
2025-08-17T21:47:49.4409692Z <a id="alert_bot"></a>
2025-08-17T21:47:49.4409806Z 
2025-08-17T21:47:49.4409874Z # alert\_bot
2025-08-17T21:47:49.4409970Z 
2025-08-17T21:47:49.4410054Z <a id="alert_bot.tests.test_smoke"></a>
2025-08-17T21:47:49.4410211Z 
2025-08-17T21:47:49.4410292Z # alert\_bot.tests.test\_smoke
2025-08-17T21:47:49.4410425Z 
2025-08-17T21:47:49.4410499Z <a id="alert_bot.tests"></a>
2025-08-17T21:47:49.4410627Z 
2025-08-17T21:47:49.4410698Z # alert\_bot.tests
2025-08-17T21:47:49.4410803Z 
2025-08-17T21:47:49.4410880Z <a id="alert_bot.alert_bot"></a>
2025-08-17T21:47:49.4411024Z 
2025-08-17T21:47:49.4411093Z # alert\_bot.alert\_bot
2025-08-17T21:47:49.4411206Z 
2025-08-17T21:47:49.4411284Z <a id="alert_bot.rules"></a>
2025-08-17T21:47:49.4411411Z 
2025-08-17T21:47:49.4411475Z # alert\_bot.rules
2025-08-17T21:47:49.4411576Z 
2025-08-17T21:47:49.4411646Z <a id="common"></a>
2025-08-17T21:47:49.4411748Z 
2025-08-17T21:47:49.4411806Z # common
2025-08-17T21:47:49.4411899Z 
2025-08-17T21:47:49.4411968Z <a id="common.dsn"></a>
2025-08-17T21:47:49.4412087Z 
2025-08-17T21:47:49.4412153Z # common.dsn
2025-08-17T21:47:49.4412250Z 
2025-08-17T21:47:49.4412332Z <a id="common.dsn.build_dsn"></a>
2025-08-17T21:47:49.4412474Z 
2025-08-17T21:47:49.4412544Z #### build\_dsn
2025-08-17T21:47:49.4412641Z 
2025-08-17T21:47:49.4412702Z ```python
2025-08-17T21:47:49.4412872Z def build_dsn(sync: bool = True) -> str
2025-08-17T21:47:49.4413205Z ```
2025-08-17T21:47:49.4413297Z 
2025-08-17T21:47:49.4413413Z Return a Postgres DSN, validating required variables.
2025-08-17T21:47:49.4413613Z 
2025-08-17T21:47:49.4413796Z The function prefers explicit DSNs via ``PG_SYNC_DSN`` / ``PG_ASYNC_DSN`` or
2025-08-17T21:47:49.4414220Z ``DATABASE_URL``.  If those are absent it assembles a connection string from
2025-08-17T21:47:49.4414627Z ``PG_HOST`` and related variables and raises a helpful error when any are
2025-08-17T21:47:49.4414928Z missing.
2025-08-17T21:47:49.4415020Z 
2025-08-17T21:47:49.4415100Z <a id="common.models_vendor"></a>
2025-08-17T21:47:49.4415243Z 
2025-08-17T21:47:49.4450302Z # common.models\_vendor
2025-08-17T21:47:49.4450656Z 
2025-08-17T21:47:49.4450783Z <a id="common.models_vendor.Vendor"></a>
2025-08-17T21:47:49.4451038Z 
2025-08-17T21:47:49.4451125Z ## Vendor Objects
2025-08-17T21:47:49.4451263Z 
2025-08-17T21:47:49.4451352Z ```python
2025-08-17T21:47:49.4451549Z class Vendor(Base)
2025-08-17T21:47:49.4451759Z ```
2025-08-17T21:47:49.4451861Z 
2025-08-17T21:47:49.4451971Z Vendor of inventory items.
2025-08-17T21:47:49.4452139Z 
2025-08-17T21:47:49.4452276Z <a id="common.models_vendor.VendorPrice"></a>
2025-08-17T21:47:49.4452500Z 
2025-08-17T21:47:49.4452591Z ## VendorPrice Objects
2025-08-17T21:47:49.4452743Z 
2025-08-17T21:47:49.4452821Z ```python
2025-08-17T21:47:49.4453017Z class VendorPrice(Base)
2025-08-17T21:47:49.4453437Z ```
2025-08-17T21:47:49.4453539Z 
2025-08-17T21:47:49.4453672Z Association table linking vendors to pricing.
2025-08-17T21:47:49.4453895Z 
2025-08-17T21:47:49.4453986Z <a id="common.db_url"></a>
2025-08-17T21:47:49.4454148Z 
2025-08-17T21:47:49.4454235Z # common.db\_url
2025-08-17T21:47:49.4454589Z 
2025-08-17T21:47:49.4454692Z <a id="common.db_url.build_url"></a>
2025-08-17T21:47:49.4454896Z 
2025-08-17T21:47:49.4454982Z #### build\_url
2025-08-17T21:47:49.4455102Z 
2025-08-17T21:47:49.4455167Z ```python
2025-08-17T21:47:49.4455343Z def build_url(async_: bool = True) -> str
2025-08-17T21:47:49.4455570Z ```
2025-08-17T21:47:49.4455651Z 
2025-08-17T21:47:49.4455747Z Return Postgres DSN from env or PG_* parts.
2025-08-17T21:47:49.4455926Z 
2025-08-17T21:47:49.4456003Z <a id="common.keepa"></a>
2025-08-17T21:47:49.4456128Z 
2025-08-17T21:47:49.4456193Z # common.keepa
2025-08-17T21:47:49.4456296Z 
2025-08-17T21:47:49.4456369Z <a id="common.llm"></a>
2025-08-17T21:47:49.4456485Z 
2025-08-17T21:47:49.4456553Z # common.llm
2025-08-17T21:47:49.4456646Z 
2025-08-17T21:47:49.4456722Z <a id="common.settings"></a>
2025-08-17T21:47:49.4456862Z 
2025-08-17T21:47:49.4456928Z # common.settings
2025-08-17T21:47:49.4457032Z 
2025-08-17T21:47:49.4457209Z <a id="common.db"></a>
2025-08-17T21:47:49.4457338Z 
2025-08-17T21:47:49.4457398Z # common.db
2025-08-17T21:47:49.4457486Z 
2025-08-17T21:47:49.4457583Z <a id="common.db.build_sqlalchemy_url"></a>
2025-08-17T21:47:49.4457748Z 
2025-08-17T21:47:49.4457820Z #### build\_sqlalchemy\_url
2025-08-17T21:47:49.4457944Z 
2025-08-17T21:47:49.4458013Z ```python
2025-08-17T21:47:49.4458183Z def build_sqlalchemy_url() -> str
2025-08-17T21:47:49.4458394Z ```
2025-08-17T21:47:49.4458474Z 
2025-08-17T21:47:49.4458568Z Return Postgres URL for SQLAlchemy engines.
2025-08-17T21:47:49.4458739Z 
2025-08-17T21:47:49.4458828Z <a id="common.db.build_asyncpg_dsn"></a>
2025-08-17T21:47:49.4458991Z 
2025-08-17T21:47:49.4459071Z #### build\_asyncpg\_dsn
2025-08-17T21:47:49.4459191Z 
2025-08-17T21:47:49.4459253Z ```python
2025-08-17T21:47:49.4459476Z def build_asyncpg_dsn() -> str
2025-08-17T21:47:49.4459668Z ```
2025-08-17T21:47:49.4459753Z 
2025-08-17T21:47:49.4459882Z Return DSN suitable for asyncpg (without driver suffix).
2025-08-17T21:47:49.4460096Z 
2025-08-17T21:47:49.4460189Z <a id="common.db.refresh_mvs"></a>
2025-08-17T21:47:49.4460334Z 
2025-08-17T21:47:49.4460397Z #### refresh\_mvs
2025-08-17T21:47:49.4460499Z 
2025-08-17T21:47:49.4460568Z ```python
2025-08-17T21:47:49.4460757Z def refresh_mvs(conn: Engine | Connection) -> None
2025-08-17T21:47:49.4461003Z ```
2025-08-17T21:47:49.4461081Z 
2025-08-17T21:47:49.4461215Z Refresh materialized views, using CONCURRENTLY when safe.
2025-08-17T21:47:49.4461431Z 
2025-08-17T21:47:49.4461507Z <a id="common.config"></a>
2025-08-17T21:47:49.4461633Z 
2025-08-17T21:47:49.4461708Z # common.config
2025-08-17T21:47:49.4461810Z 
2025-08-17T21:47:49.4461886Z <a id="common.base"></a>
2025-08-17T21:47:49.4462002Z 
2025-08-17T21:47:49.4462072Z # common.base
2025-08-17T21:47:49.4462168Z 
2025-08-17T21:47:49.4462245Z <a id="common.base.Base"></a>
2025-08-17T21:47:49.4462384Z 
2025-08-17T21:47:49.4462446Z ## Base Objects
2025-08-17T21:47:49.4462542Z 
2025-08-17T21:47:49.4462610Z ```python
2025-08-17T21:47:49.4462776Z class Base(DeclarativeBase)
2025-08-17T21:47:49.4462971Z ```
2025-08-17T21:47:49.4463152Z 
2025-08-17T21:47:49.4463237Z Base class for SQLAlchemy models.
2025-08-17T21:47:49.4463382Z 
2025-08-17T21:47:49.4463459Z <a id="repricer"></a>
2025-08-17T21:47:49.4463571Z 
2025-08-17T21:47:49.4463633Z # repricer
2025-08-17T21:47:49.4463726Z 
2025-08-17T21:47:49.4463809Z <a id="repricer.app.schemas"></a>
2025-08-17T21:47:49.4463950Z 
2025-08-17T21:47:49.4464030Z # repricer.app.schemas
2025-08-17T21:47:49.4464145Z 
2025-08-17T21:47:49.4464227Z <a id="repricer.app.deps"></a>
2025-08-17T21:47:49.4464364Z 
2025-08-17T21:47:49.4464445Z # repricer.app.deps
2025-08-17T21:47:49.4464551Z 
2025-08-17T21:47:49.4464664Z Placeholder module for Keepa / SP-API clients.
2025-08-17T21:47:49.4464847Z 
2025-08-17T21:47:49.4464935Z <a id="repricer.app.logic"></a>
2025-08-17T21:47:49.4465070Z 
2025-08-17T21:47:49.4465141Z # repricer.app.logic
2025-08-17T21:47:49.4465258Z 
2025-08-17T21:47:49.4465358Z <a id="repricer.app.logic.MIN_MARGIN"></a>
2025-08-17T21:47:49.4465702Z 
2025-08-17T21:47:49.4465770Z #### MIN\_MARGIN
2025-08-17T21:47:49.4465868Z 
2025-08-17T21:47:49.4465927Z 15 % ROI
2025-08-17T21:47:49.4466018Z 
2025-08-17T21:47:49.4466117Z <a id="repricer.app.logic.compute_price"></a>
2025-08-17T21:47:49.4466292Z 
2025-08-17T21:47:49.4466358Z #### compute\_price
2025-08-17T21:47:49.4466465Z 
2025-08-17T21:47:49.4466525Z ```python
2025-08-17T21:47:49.4466765Z def compute_price(asin: str, cost: Decimal, fees: Decimal) -> Decimal
2025-08-17T21:47:49.4467058Z ```
2025-08-17T21:47:49.4467136Z 
2025-08-17T21:47:49.4467245Z Toy algorithm: ensure 15 % ROI and round to cents.
2025-08-17T21:47:49.4467512Z Replace with real competitive logic later.
2025-08-17T21:47:49.4467685Z 
2025-08-17T21:47:49.4467765Z <a id="repricer.app.main"></a>
2025-08-17T21:47:49.4467899Z 
2025-08-17T21:47:49.4467966Z # repricer.app.main
2025-08-17T21:47:49.4468075Z 
2025-08-17T21:47:49.4468152Z <a id="repricer.app"></a>
2025-08-17T21:47:49.4468276Z 
2025-08-17T21:47:49.4468464Z # repricer.app
2025-08-17T21:47:49.4468571Z 
2025-08-17T21:47:49.4468659Z <a id="repricer.tests.test_imports"></a>
2025-08-17T21:47:49.4468825Z 
2025-08-17T21:47:49.4468905Z # repricer.tests.test\_imports
2025-08-17T21:47:49.4469041Z 
2025-08-17T21:47:49.4469128Z <a id="repricer.tests.test_smoke"></a>
2025-08-17T21:47:49.4469293Z 
2025-08-17T21:47:49.4469372Z # repricer.tests.test\_smoke
2025-08-17T21:47:49.4469507Z 
2025-08-17T21:47:49.4469590Z <a id="repricer.tests"></a>
2025-08-17T21:47:49.4469720Z 
2025-08-17T21:47:49.4469786Z # repricer.tests
2025-08-17T21:47:49.4469898Z 
2025-08-17T21:47:49.4469961Z <a id="db"></a>
2025-08-17T21:47:49.4470059Z 
2025-08-17T21:47:49.4470116Z # db
2025-08-17T21:47:49.4470204Z 
2025-08-17T21:47:49.4470277Z <a id="db.utils.views"></a>
2025-08-17T21:47:49.4470400Z 
2025-08-17T21:47:49.4470469Z # db.utils.views
2025-08-17T21:47:49.4470570Z 
2025-08-17T21:47:49.4470658Z <a id="db.utils.views.replace_view"></a>
2025-08-17T21:47:49.4470820Z 
2025-08-17T21:47:49.4470896Z #### replace\_view
2025-08-17T21:47:49.4471001Z 
2025-08-17T21:47:49.4471061Z ```python
2025-08-17T21:47:49.4471256Z def replace_view(name: str, new_sql: str) -> None
2025-08-17T21:47:49.4471489Z ```
2025-08-17T21:47:49.4471577Z 
2025-08-17T21:47:49.4471664Z Drop and recreate a SQL view atomically.
2025-08-17T21:47:49.4471823Z 
2025-08-17T21:47:49.4471897Z <a id="db.utils"></a>
2025-08-17T21:47:49.4472009Z 
2025-08-17T21:47:49.4472070Z # db.utils
2025-08-17T21:47:49.4472156Z 
2025-08-17T21:47:49.4472238Z <a id="price_importer"></a>
2025-08-17T21:47:49.4472364Z 
2025-08-17T21:47:49.4472434Z # price\_importer
2025-08-17T21:47:49.4472546Z 
2025-08-17T21:47:49.4472645Z <a id="price_importer.services_common.dsn"></a>
2025-08-17T21:47:49.4472822Z 
2025-08-17T21:47:49.4472914Z # price\_importer.services\_common.dsn
2025-08-17T21:47:49.4473188Z 
2025-08-17T21:47:49.4473311Z <a id="price_importer.services_common.dsn.build_dsn"></a>
2025-08-17T21:47:49.4473509Z 
2025-08-17T21:47:49.4473578Z #### build\_dsn
2025-08-17T21:47:49.4473679Z 
2025-08-17T21:47:49.4473744Z ```python
2025-08-17T21:47:49.4473915Z def build_dsn(sync: bool = True) -> str
2025-08-17T21:47:49.4474122Z ```
2025-08-17T21:47:49.4474209Z 
2025-08-17T21:47:49.4474274Z Return safe DSN.
2025-08-17T21:47:49.4474375Z 
2025-08-17T21:47:49.4474733Z sync=True → SQLAlchemy (+psycopg) else plain asyncpg.
2025-08-17T21:47:49.4474928Z 
2025-08-17T21:47:49.4475056Z <a id="price_importer.services_common.models_vendor"></a>
2025-08-17T21:47:49.4475267Z 
2025-08-17T21:47:49.4475374Z # price\_importer.services\_common.models\_vendor
2025-08-17T21:47:49.4475561Z 
2025-08-17T21:47:49.4475670Z <a id="price_importer.services_common.db_url"></a>
2025-08-17T21:47:49.4475857Z 
2025-08-17T21:47:49.4475949Z # price\_importer.services\_common.db\_url
2025-08-17T21:47:49.4476114Z 
2025-08-17T21:47:49.4476248Z <a id="price_importer.services_common.db_url.build_url"></a>
2025-08-17T21:47:49.4476455Z 
2025-08-17T21:47:49.4476518Z #### build\_url
2025-08-17T21:47:49.4476619Z 
2025-08-17T21:47:49.4476692Z ```python
2025-08-17T21:47:49.4476993Z def build_url(async_: bool = True) -> str
2025-08-17T21:47:49.4477213Z ```
2025-08-17T21:47:49.4477293Z 
2025-08-17T21:47:49.4477396Z Return Postgres DSN from env or PG_* parts.
2025-08-17T21:47:49.4477561Z 
2025-08-17T21:47:49.4477667Z <a id="price_importer.services_common.keepa"></a>
2025-08-17T21:47:49.4477847Z 
2025-08-17T21:47:49.4477942Z # price\_importer.services\_common.keepa
2025-08-17T21:47:49.4478106Z 
2025-08-17T21:47:49.4478207Z <a id="price_importer.services_common.llm"></a>
2025-08-17T21:47:49.4478389Z 
2025-08-17T21:47:49.4478476Z # price\_importer.services\_common.llm
2025-08-17T21:47:49.4478633Z 
2025-08-17T21:47:49.4478749Z <a id="price_importer.services_common.settings"></a>
2025-08-17T21:47:49.4478935Z 
2025-08-17T21:47:49.4479030Z # price\_importer.services\_common.settings
2025-08-17T21:47:49.4479201Z 
2025-08-17T21:47:49.4479307Z <a id="price_importer.services_common.db"></a>
2025-08-17T21:47:49.4479478Z 
2025-08-17T21:47:49.4479675Z # price\_importer.services\_common.db
2025-08-17T21:47:49.4479849Z 
2025-08-17T21:47:49.4480002Z <a id="price_importer.services_common.db.build_sqlalchemy_url"></a>
2025-08-17T21:47:49.4480236Z 
2025-08-17T21:47:49.4480316Z #### build\_sqlalchemy\_url
2025-08-17T21:47:49.4480447Z 
2025-08-17T21:47:49.4480508Z ```python
2025-08-17T21:47:49.4480685Z def build_sqlalchemy_url() -> str
2025-08-17T21:47:49.4480883Z ```
2025-08-17T21:47:49.4480971Z 
2025-08-17T21:47:49.4481065Z Return Postgres URL for SQLAlchemy engines.
2025-08-17T21:47:49.4481231Z 
2025-08-17T21:47:49.4481370Z <a id="price_importer.services_common.db.build_asyncpg_dsn"></a>
2025-08-17T21:47:49.4481598Z 
2025-08-17T21:47:49.4481670Z #### build\_asyncpg\_dsn
2025-08-17T21:47:49.4481792Z 
2025-08-17T21:47:49.4481858Z ```python
2025-08-17T21:47:49.4482020Z def build_asyncpg_dsn() -> str
2025-08-17T21:47:49.4482216Z ```
2025-08-17T21:47:49.4482295Z 
2025-08-17T21:47:49.4482419Z Return DSN suitable for asyncpg (without driver suffix).
2025-08-17T21:47:49.4482636Z 
2025-08-17T21:47:49.4482764Z <a id="price_importer.services_common.db.refresh_mvs"></a>
2025-08-17T21:47:49.4482964Z 
2025-08-17T21:47:49.4483035Z #### refresh\_mvs
2025-08-17T21:47:49.4483240Z 
2025-08-17T21:47:49.4483300Z ```python
2025-08-17T21:47:49.4483495Z def refresh_mvs(conn: Engine | Connection) -> None
2025-08-17T21:47:49.4483738Z ```
2025-08-17T21:47:49.4483822Z 
2025-08-17T21:47:49.4483955Z Refresh materialized views, using CONCURRENTLY when safe.
2025-08-17T21:47:49.4484162Z 
2025-08-17T21:47:49.4484254Z <a id="price_importer.services_common"></a>
2025-08-17T21:47:49.4484425Z 
2025-08-17T21:47:49.4484509Z # price\_importer.services\_common
2025-08-17T21:47:49.4484657Z 
2025-08-17T21:47:49.4484765Z <a id="price_importer.services_common.base"></a>
2025-08-17T21:47:49.4484944Z 
2025-08-17T21:47:49.4485032Z # price\_importer.services\_common.base
2025-08-17T21:47:49.4485199Z 
2025-08-17T21:47:49.4485287Z <a id="price_importer.normaliser"></a>
2025-08-17T21:47:49.4485443Z 
2025-08-17T21:47:49.4485528Z # price\_importer.normaliser
2025-08-17T21:47:49.4485672Z 
2025-08-17T21:47:49.4485774Z <a id="price_importer.common.models_vendor"></a>
2025-08-17T21:47:49.4485953Z 
2025-08-17T21:47:49.4486046Z # price\_importer.common.models\_vendor
2025-08-17T21:47:49.4486205Z 
2025-08-17T21:47:49.4486294Z <a id="price_importer.common.db_url"></a>
2025-08-17T21:47:49.4486468Z 
2025-08-17T21:47:49.4486550Z # price\_importer.common.db\_url
2025-08-17T21:47:49.4486693Z 
2025-08-17T21:47:49.4486796Z <a id="price_importer.common.db_url.make_dsn"></a>
2025-08-17T21:47:49.4486980Z 
2025-08-17T21:47:49.4487043Z #### make\_dsn
2025-08-17T21:47:49.4487139Z 
2025-08-17T21:47:49.4487206Z ```python
2025-08-17T21:47:49.4487375Z def make_dsn(async_: bool = False) -> str
2025-08-17T21:47:49.4487596Z ```
2025-08-17T21:47:49.4487675Z 
2025-08-17T21:47:49.4487790Z Return DSN built from either PG_* or POSTGRES_* vars.
2025-08-17T21:47:49.4487987Z 
2025-08-17T21:47:49.4488096Z <a id="price_importer.common.db_url.build_url"></a>
2025-08-17T21:47:49.4488401Z 
2025-08-17T21:47:49.4488463Z #### build\_url
2025-08-17T21:47:49.4488566Z 
2025-08-17T21:47:49.4488625Z ```python
2025-08-17T21:47:49.4488800Z def build_url(async_: bool = False) -> str
2025-08-17T21:47:49.4489016Z ```
2025-08-17T21:47:49.4489093Z 
2025-08-17T21:47:49.4489216Z Return Postgres DSN built from environment variables.
2025-08-17T21:47:49.4489409Z 
2025-08-17T21:47:49.4489495Z <a id="price_importer.common"></a>
2025-08-17T21:47:49.4489649Z 
2025-08-17T21:47:49.4489723Z # price\_importer.common
2025-08-17T21:47:49.4489845Z 
2025-08-17T21:47:49.4489936Z <a id="price_importer.common.base"></a>
2025-08-17T21:47:49.4490094Z 
2025-08-17T21:47:49.4490175Z # price\_importer.common.base
2025-08-17T21:47:49.4490313Z 
2025-08-17T21:47:49.4490413Z <a id="price_importer.tests.conftest"></a>
2025-08-17T21:47:49.4490579Z 
2025-08-17T21:47:49.4490665Z # price\_importer.tests.conftest
2025-08-17T21:47:49.4490812Z 
2025-08-17T21:47:49.4491015Z <a id="price_importer.tests.test_reader"></a>
2025-08-17T21:47:49.4491197Z 
2025-08-17T21:47:49.4491286Z # price\_importer.tests.test\_reader
2025-08-17T21:47:49.4491438Z 
2025-08-17T21:47:49.4491536Z <a id="price_importer.tests.test_imports"></a>
2025-08-17T21:47:49.4491707Z 
2025-08-17T21:47:49.4491798Z # price\_importer.tests.test\_imports
2025-08-17T21:47:49.4491950Z 
2025-08-17T21:47:49.4492044Z <a id="price_importer.tests.test_smoke"></a>
2025-08-17T21:47:49.4492215Z 
2025-08-17T21:47:49.4492298Z # price\_importer.tests.test\_smoke
2025-08-17T21:47:49.4492447Z 
2025-08-17T21:47:49.4492555Z <a id="price_importer.tests.test_normaliser"></a>
2025-08-17T21:47:49.4492733Z 
2025-08-17T21:47:49.4492825Z # price\_importer.tests.test\_normaliser
2025-08-17T21:47:49.4492986Z 
2025-08-17T21:47:49.4493188Z <a id="price_importer.tests"></a>
2025-08-17T21:47:49.4493336Z 
2025-08-17T21:47:49.4493409Z # price\_importer.tests
2025-08-17T21:47:49.4493533Z 
2025-08-17T21:47:49.4493615Z <a id="price_importer.reader"></a>
2025-08-17T21:47:49.4493759Z 
2025-08-17T21:47:49.4493844Z # price\_importer.reader
2025-08-17T21:47:49.4493968Z 
2025-08-17T21:47:49.4494055Z <a id="price_importer.repository"></a>
2025-08-17T21:47:49.4494213Z 
2025-08-17T21:47:49.4494298Z # price\_importer.repository
2025-08-17T21:47:49.4494432Z 
2025-08-17T21:47:49.4494513Z <a id="price_importer.import"></a>
2025-08-17T21:47:49.4494663Z 
2025-08-17T21:47:49.4494737Z # price\_importer.import
2025-08-17T21:47:49.4494858Z 
2025-08-17T21:47:49.4494933Z <a id="fees_h10"></a>
2025-08-17T21:47:49.4495043Z 
2025-08-17T21:47:49.4495105Z # fees\_h10
2025-08-17T21:47:49.4495193Z 
2025-08-17T21:47:49.4495273Z <a id="fees_h10.worker"></a>
2025-08-17T21:47:49.4495401Z 
2025-08-17T21:47:49.4495466Z # fees\_h10.worker
2025-08-17T21:47:49.4495572Z 
2025-08-17T21:47:49.4495668Z <a id="fees_h10.worker.list_active_asins"></a>
2025-08-17T21:47:49.4495835Z 
2025-08-17T21:47:49.4495906Z #### list\_active\_asins
2025-08-17T21:47:49.4496027Z 
2025-08-17T21:47:49.4496087Z ```python
2025-08-17T21:47:49.4496270Z def list_active_asins() -> list[str]
2025-08-17T21:47:49.4496477Z ```
2025-08-17T21:47:49.4496557Z 
2025-08-17T21:47:49.4496672Z Return known ASINs or an empty list if unavailable.
2025-08-17T21:47:49.4496856Z 
2025-08-17T21:47:49.4496937Z <a id="fees_h10.tests.test_smoke"></a>
2025-08-17T21:47:49.4497096Z 
2025-08-17T21:47:49.4497173Z # fees\_h10.tests.test\_smoke
2025-08-17T21:47:49.4497305Z 
2025-08-17T21:47:49.4497384Z <a id="fees_h10.tests"></a>
2025-08-17T21:47:49.4497509Z 
2025-08-17T21:47:49.4497573Z # fees\_h10.tests
2025-08-17T21:47:49.4497693Z 
2025-08-17T21:47:49.4497772Z <a id="fees_h10.client"></a>
2025-08-17T21:47:49.4497897Z 
2025-08-17T21:47:49.4497960Z # fees\_h10.client
2025-08-17T21:47:49.4498066Z 
2025-08-17T21:47:49.4498145Z <a id="fees_h10.repository"></a>
2025-08-17T21:47:49.4498284Z 
2025-08-17T21:47:49.4498359Z # fees\_h10.repository
2025-08-17T21:47:49.4498472Z 
2025-08-17T21:47:49.4498539Z <a id="emailer"></a>
2025-08-17T21:47:49.4498647Z 
2025-08-17T21:47:49.4498713Z # emailer
2025-08-17T21:47:49.4498803Z 
2025-08-17T21:47:49.4499038Z <a id="emailer.tests.test_import_emailer"></a>
2025-08-17T21:47:49.4499215Z 
2025-08-17T21:47:49.4499300Z # emailer.tests.test\_import\_emailer
2025-08-17T21:47:49.4499452Z 
2025-08-17T21:47:49.4499534Z <a id="emailer.tests.test_smoke"></a>
2025-08-17T21:47:49.4499691Z 
2025-08-17T21:47:49.4499767Z # emailer.tests.test\_smoke
2025-08-17T21:47:49.4499896Z 
2025-08-17T21:47:49.4499980Z <a id="emailer.tests"></a>
2025-08-17T21:47:49.4500108Z 
2025-08-17T21:47:49.4500173Z # emailer.tests
2025-08-17T21:47:49.4500279Z 
2025-08-17T21:47:49.4500358Z <a id="emailer.generate_body"></a>
2025-08-17T21:47:49.4500506Z 
2025-08-17T21:47:49.4500580Z # emailer.generate\_body
2025-08-17T21:47:49.4500707Z 
2025-08-17T21:47:49.4500777Z <a id="llm_server"></a>
2025-08-17T21:47:49.4500891Z 
2025-08-17T21:47:49.4500959Z # llm\_server
2025-08-17T21:47:49.4501053Z 
2025-08-17T21:47:49.4501127Z <a id="llm_server.app"></a>
2025-08-17T21:47:49.4501259Z 
2025-08-17T21:47:49.4501428Z # llm\_server.app
2025-08-17T21:47:49.4501540Z 
2025-08-17T21:47:49.4794204Z ##[group]Run peaceiris/actions-gh-pages@v3
2025-08-17T21:47:49.4794481Z with:
2025-08-17T21:47:49.4794892Z   github_token: ***
2025-08-17T21:47:49.4795084Z   publish_branch: gh-pages
2025-08-17T21:47:49.4795298Z   publish_dir: docs/api
2025-08-17T21:47:49.4795503Z   allow_empty_commit: false
2025-08-17T21:47:49.4795698Z   keep_files: false
2025-08-17T21:47:49.4795872Z   force_orphan: false
2025-08-17T21:47:49.4796051Z   enable_jekyll: false
2025-08-17T21:47:49.4796240Z   disable_nojekyll: false
2025-08-17T21:47:49.4796429Z   exclude_assets: .github
2025-08-17T21:47:49.4796614Z env:
2025-08-17T21:47:49.4796826Z   pythonLocation: /opt/hostedtoolcache/Python/3.11.13/x64
2025-08-17T21:47:49.4797218Z   PKG_CONFIG_PATH: /opt/hostedtoolcache/Python/3.11.13/x64/lib/pkgconfig
2025-08-17T21:47:49.4797591Z   Python_ROOT_DIR: /opt/hostedtoolcache/Python/3.11.13/x64
2025-08-17T21:47:49.4797918Z   Python2_ROOT_DIR: /opt/hostedtoolcache/Python/3.11.13/x64
2025-08-17T21:47:49.4798286Z   Python3_ROOT_DIR: /opt/hostedtoolcache/Python/3.11.13/x64
2025-08-17T21:47:49.4798640Z   LD_LIBRARY_PATH: /opt/hostedtoolcache/Python/3.11.13/x64/lib
2025-08-17T21:47:49.4798920Z ##[endgroup]
2025-08-17T21:47:49.5402259Z [INFO] Usage https://github.com/peaceiris/actions-gh-pages#readme
2025-08-17T21:47:49.5407405Z ##[group]Dump inputs
2025-08-17T21:47:49.5407756Z [INFO] GithubToken: true
2025-08-17T21:47:49.5408097Z [INFO] PublishBranch: gh-pages
2025-08-17T21:47:49.5408465Z [INFO] PublishDir: docs/api
2025-08-17T21:47:49.5408813Z [INFO] DestinationDir: 
2025-08-17T21:47:49.5409137Z [INFO] ExternalRepository: 
2025-08-17T21:47:49.5409480Z [INFO] AllowEmptyCommit: false
2025-08-17T21:47:49.5409725Z [INFO] KeepFiles: false
2025-08-17T21:47:49.5409927Z [INFO] ForceOrphan: false
2025-08-17T21:47:49.5410119Z [INFO] UserName: 
2025-08-17T21:47:49.5410291Z [INFO] UserEmail: 
2025-08-17T21:47:49.5410555Z [INFO] CommitMessage: 
2025-08-17T21:47:49.5410875Z [INFO] FullCommitMessage: 
2025-08-17T21:47:49.5411210Z [INFO] TagName: 
2025-08-17T21:47:49.5411497Z [INFO] TagMessage: 
2025-08-17T21:47:49.5411809Z [INFO] EnableJekyll (DisableNoJekyll): false
2025-08-17T21:47:49.5412051Z [INFO] CNAME: 
2025-08-17T21:47:49.5412363Z [INFO] ExcludeAssets .github
2025-08-17T21:47:49.5412602Z 
2025-08-17T21:47:49.5412935Z ##[endgroup]
2025-08-17T21:47:49.5413559Z ##[group]Setup auth token
2025-08-17T21:47:49.5413852Z [INFO] setup GITHUB_TOKEN
2025-08-17T21:47:49.5414954Z ##[endgroup]
2025-08-17T21:47:49.5415282Z ##[group]Prepare publishing assets
2025-08-17T21:47:49.5417371Z [INFO] ForceOrphan: false
2025-08-17T21:47:49.5462412Z [command]/usr/bin/git clone --depth=1 --single-branch --branch gh-pages ***github.com/AlexBomber12/AWA-App.git /home/runner/actions_github_pages_1755467269541
2025-08-17T21:47:49.5496691Z Cloning into '/home/runner/actions_github_pages_1755467269541'...
2025-08-17T21:47:49.6953890Z [INFO] clean up /home/runner/actions_github_pages_1755467269541
2025-08-17T21:47:49.6954655Z [INFO] chdir /home/runner/actions_github_pages_1755467269541
2025-08-17T21:47:49.6955590Z [command]/usr/bin/git rm -r --ignore-unmatch *
2025-08-17T21:47:49.6976248Z rm '.gitkeep'
2025-08-17T21:47:49.6977379Z rm '.nojekyll'
2025-08-17T21:47:49.6981089Z [INFO] chdir /home/runner/actions_github_pages_1755467269541
2025-08-17T21:47:49.6981827Z [INFO] prepare publishing assets
2025-08-17T21:47:49.6983663Z [INFO] copy /home/runner/work/AWA-App/AWA-App/docs/api to /home/runner/actions_github_pages_1755467269541
2025-08-17T21:47:49.7016419Z cp: no such file or directory: /home/runner/work/AWA-App/AWA-App/docs/api/*
2025-08-17T21:47:49.7026095Z [INFO] delete excluded assets
2025-08-17T21:47:49.7056596Z rm: no paths given
2025-08-17T21:47:49.7058769Z [INFO] Created /home/runner/actions_github_pages_1755467269541/.nojekyll
2025-08-17T21:47:49.7060421Z ##[endgroup]
2025-08-17T21:47:49.7061056Z ##[group]Setup Git config
2025-08-17T21:47:49.7077515Z [command]/usr/bin/git remote rm origin
2025-08-17T21:47:49.7134428Z [command]/usr/bin/git remote add origin ***github.com/AlexBomber12/AWA-App.git
2025-08-17T21:47:49.7181630Z [command]/usr/bin/git add --all
2025-08-17T21:47:49.7230103Z [command]/usr/bin/git config user.name AlexBomber12
2025-08-17T21:47:49.7275115Z [command]/usr/bin/git config user.email AlexBomber12@users.noreply.github.com
2025-08-17T21:47:49.7303603Z ##[endgroup]
2025-08-17T21:47:49.7304488Z ##[group]Create a commit
2025-08-17T21:47:49.7319792Z [command]/usr/bin/git commit -m deploy: 43b1b60dda4a27c6a259657d46939079ad6f4103
2025-08-17T21:47:49.7349291Z On branch gh-pages
2025-08-17T21:47:49.7350012Z nothing to commit, working tree clean
2025-08-17T21:47:49.7355148Z [INFO] skip commit
2025-08-17T21:47:49.7357346Z ##[endgroup]
2025-08-17T21:47:49.7357943Z ##[group]Push the commit or tag
2025-08-17T21:47:49.7371144Z [command]/usr/bin/git push origin gh-pages
2025-08-17T21:47:49.9236439Z Everything up-to-date
2025-08-17T21:47:49.9272085Z ##[endgroup]
2025-08-17T21:47:49.9273731Z [INFO] Action successfully completed
2025-08-17T21:47:49.9360907Z Post job cleanup.
2025-08-17T21:47:50.0942375Z Post job cleanup.
2025-08-17T21:47:50.1862847Z [command]/usr/bin/git version
2025-08-17T21:47:50.1898438Z git version 2.50.1
2025-08-17T21:47:50.1941968Z Temporarily overriding HOME='/home/runner/work/_temp/e40cfca6-dd7f-4948-a36b-be8e7b541a5a' before making global git config changes
2025-08-17T21:47:50.1943426Z Adding repository directory to the temporary git global config as a safe directory
2025-08-17T21:47:50.1954821Z [command]/usr/bin/git config --global --add safe.directory /home/runner/work/AWA-App/AWA-App
2025-08-17T21:47:50.1988341Z [command]/usr/bin/git config --local --name-only --get-regexp core\.sshCommand
2025-08-17T21:47:50.2019602Z [command]/usr/bin/git submodule foreach --recursive sh -c "git config --local --name-only --get-regexp 'core\.sshCommand' && git config --local --unset-all 'core.sshCommand' || :"
2025-08-17T21:47:50.2244913Z [command]/usr/bin/git config --local --name-only --get-regexp http\.https\:\/\/github\.com\/\.extraheader
2025-08-17T21:47:50.2264469Z http.https://github.com/.extraheader
2025-08-17T21:47:50.2276402Z [command]/usr/bin/git config --local --unset-all http.https://github.com/.extraheader
2025-08-17T21:47:50.2305746Z [command]/usr/bin/git submodule foreach --recursive sh -c "git config --local --name-only --get-regexp 'http\.https\:\/\/github\.com\/\.extraheader' && git config --local --unset-all 'http.https://github.com/.extraheader' || :"
2025-08-17T21:47:50.2621280Z Cleaning up orphan processes
