2025-08-18T23:48:50.3434006Z Current runner version: '2.327.1'
2025-08-18T23:48:50.3457197Z ##[group]Runner Image Provisioner
2025-08-18T23:48:50.3458212Z Hosted Compute Agent
2025-08-18T23:48:50.3458739Z Version: 20250818.377
2025-08-18T23:48:50.3459406Z Commit: 3c593e9f75fe0b87e893bca80d6e12ba089c61fc
2025-08-18T23:48:50.3460118Z Build Date: 2025-08-18T14:52:18Z
2025-08-18T23:48:50.3460683Z ##[endgroup]
2025-08-18T23:48:50.3461462Z ##[group]Operating System
2025-08-18T23:48:50.3462012Z Ubuntu
2025-08-18T23:48:50.3462503Z 24.04.2
2025-08-18T23:48:50.3462918Z LTS
2025-08-18T23:48:50.3463444Z ##[endgroup]
2025-08-18T23:48:50.3463911Z ##[group]Runner Image
2025-08-18T23:48:50.3464482Z Image: ubuntu-24.04
2025-08-18T23:48:50.3465062Z Version: 20250810.1.0
2025-08-18T23:48:50.3466034Z Included Software: https://github.com/actions/runner-images/blob/ubuntu24/20250810.1/images/ubuntu/Ubuntu2404-Readme.md
2025-08-18T23:48:50.3467543Z Image Release: https://github.com/actions/runner-images/releases/tag/ubuntu24%2F20250810.1
2025-08-18T23:48:50.3468511Z ##[endgroup]
2025-08-18T23:48:50.3471193Z ##[group]GITHUB_TOKEN Permissions
2025-08-18T23:48:50.3473369Z Actions: write
2025-08-18T23:48:50.3473909Z Attestations: write
2025-08-18T23:48:50.3474526Z Checks: write
2025-08-18T23:48:50.3474986Z Contents: write
2025-08-18T23:48:50.3475506Z Deployments: write
2025-08-18T23:48:50.3476064Z Discussions: write
2025-08-18T23:48:50.3476575Z Issues: write
2025-08-18T23:48:50.3477105Z Metadata: read
2025-08-18T23:48:50.3477608Z Models: read
2025-08-18T23:48:50.3478126Z Packages: write
2025-08-18T23:48:50.3478601Z Pages: write
2025-08-18T23:48:50.3479138Z PullRequests: write
2025-08-18T23:48:50.3479725Z RepositoryProjects: write
2025-08-18T23:48:50.3480318Z SecurityEvents: write
2025-08-18T23:48:50.3481265Z Statuses: write
2025-08-18T23:48:50.3481805Z ##[endgroup]
2025-08-18T23:48:50.3483847Z Secret source: Actions
2025-08-18T23:48:50.3484513Z Prepare workflow directory
2025-08-18T23:48:50.3801279Z Prepare all required actions
2025-08-18T23:48:50.3844552Z Getting action download info
2025-08-18T23:48:50.8325929Z Download action repository 'actions/checkout@v4' (SHA:08eba0b27e820071cde6df949e0beb9ba4906955)
2025-08-18T23:48:51.3213229Z Download action repository 'actions/setup-python@v5' (SHA:a26af69be951a213d495a4c3e4e4022e16d87065)
2025-08-18T23:48:51.8851715Z Download action repository 'peaceiris/actions-gh-pages@v3' (SHA:373f7f263a76c20808c831209c920827a82a2847)
2025-08-18T23:48:52.4979108Z Complete job name: publish
2025-08-18T23:48:52.5764384Z ##[group]Run actions/checkout@v4
2025-08-18T23:48:52.5765660Z with:
2025-08-18T23:48:52.5766371Z   repository: AlexBomber12/AWA-App
2025-08-18T23:48:52.5767568Z   token: ***
2025-08-18T23:48:52.5768262Z   ssh-strict: true
2025-08-18T23:48:52.5768965Z   ssh-user: git
2025-08-18T23:48:52.5769676Z   persist-credentials: true
2025-08-18T23:48:52.5770501Z   clean: true
2025-08-18T23:48:52.5771503Z   sparse-checkout-cone-mode: true
2025-08-18T23:48:52.5772409Z   fetch-depth: 1
2025-08-18T23:48:52.5773105Z   fetch-tags: false
2025-08-18T23:48:52.5773832Z   show-progress: true
2025-08-18T23:48:52.5774556Z   lfs: false
2025-08-18T23:48:52.5775220Z   submodules: false
2025-08-18T23:48:52.5775943Z   set-safe-directory: true
2025-08-18T23:48:52.5777020Z ##[endgroup]
2025-08-18T23:48:52.6894415Z Syncing repository: AlexBomber12/AWA-App
2025-08-18T23:48:52.6896920Z ##[group]Getting Git version info
2025-08-18T23:48:52.6898166Z Working directory is '/home/runner/work/AWA-App/AWA-App'
2025-08-18T23:48:52.6900331Z [command]/usr/bin/git version
2025-08-18T23:48:52.6913645Z git version 2.50.1
2025-08-18T23:48:52.6939650Z ##[endgroup]
2025-08-18T23:48:52.6954326Z Temporarily overriding HOME='/home/runner/work/_temp/29e68133-1c6b-4d41-8ead-9d1928bdc89c' before making global git config changes
2025-08-18T23:48:52.6958333Z Adding repository directory to the temporary git global config as a safe directory
2025-08-18T23:48:52.6962189Z [command]/usr/bin/git config --global --add safe.directory /home/runner/work/AWA-App/AWA-App
2025-08-18T23:48:52.6997386Z Deleting the contents of '/home/runner/work/AWA-App/AWA-App'
2025-08-18T23:48:52.7001610Z ##[group]Initializing the repository
2025-08-18T23:48:52.7006492Z [command]/usr/bin/git init /home/runner/work/AWA-App/AWA-App
2025-08-18T23:48:52.7066280Z hint: Using 'master' as the name for the initial branch. This default branch name
2025-08-18T23:48:52.7069012Z hint: is subject to change. To configure the initial branch name to use in all
2025-08-18T23:48:52.7072382Z hint: of your new repositories, which will suppress this warning, call:
2025-08-18T23:48:52.7074739Z hint:
2025-08-18T23:48:52.7076249Z hint: 	git config --global init.defaultBranch <name>
2025-08-18T23:48:52.7078107Z hint:
2025-08-18T23:48:52.7079899Z hint: Names commonly chosen instead of 'master' are 'main', 'trunk' and
2025-08-18T23:48:52.7083197Z hint: 'development'. The just-created branch can be renamed via this command:
2025-08-18T23:48:52.7085503Z hint:
2025-08-18T23:48:52.7086601Z hint: 	git branch -m <name>
2025-08-18T23:48:52.7087851Z hint:
2025-08-18T23:48:52.7088995Z hint: Disable this message with "git config set advice.defaultBranchName false"
2025-08-18T23:48:52.7091090Z Initialized empty Git repository in /home/runner/work/AWA-App/AWA-App/.git/
2025-08-18T23:48:52.7095421Z [command]/usr/bin/git remote add origin https://github.com/AlexBomber12/AWA-App
2025-08-18T23:48:52.7116963Z ##[endgroup]
2025-08-18T23:48:52.7119212Z ##[group]Disabling automatic garbage collection
2025-08-18T23:48:52.7121565Z [command]/usr/bin/git config --local gc.auto 0
2025-08-18T23:48:52.7150552Z ##[endgroup]
2025-08-18T23:48:52.7152899Z ##[group]Setting up auth
2025-08-18T23:48:52.7158345Z [command]/usr/bin/git config --local --name-only --get-regexp core\.sshCommand
2025-08-18T23:48:52.7191247Z [command]/usr/bin/git submodule foreach --recursive sh -c "git config --local --name-only --get-regexp 'core\.sshCommand' && git config --local --unset-all 'core.sshCommand' || :"
2025-08-18T23:48:52.7447175Z [command]/usr/bin/git config --local --name-only --get-regexp http\.https\:\/\/github\.com\/\.extraheader
2025-08-18T23:48:52.7477577Z [command]/usr/bin/git submodule foreach --recursive sh -c "git config --local --name-only --get-regexp 'http\.https\:\/\/github\.com\/\.extraheader' && git config --local --unset-all 'http.https://github.com/.extraheader' || :"
2025-08-18T23:48:52.7694061Z [command]/usr/bin/git config --local http.https://github.com/.extraheader AUTHORIZATION: basic ***
2025-08-18T23:48:52.7727588Z ##[endgroup]
2025-08-18T23:48:52.7729809Z ##[group]Fetching the repository
2025-08-18T23:48:52.7738909Z [command]/usr/bin/git -c protocol.version=2 fetch --no-tags --prune --no-recurse-submodules --depth=1 origin +0ede8016d9ec4509d2317d7ca0b02ab0b02b1738:refs/remotes/origin/main
2025-08-18T23:48:53.2824484Z From https://github.com/AlexBomber12/AWA-App
2025-08-18T23:48:53.2825988Z  * [new ref]         0ede8016d9ec4509d2317d7ca0b02ab0b02b1738 -> origin/main
2025-08-18T23:48:53.2849046Z ##[endgroup]
2025-08-18T23:48:53.2851812Z ##[group]Determining the checkout info
2025-08-18T23:48:53.2852722Z ##[endgroup]
2025-08-18T23:48:53.2857006Z [command]/usr/bin/git sparse-checkout disable
2025-08-18T23:48:53.2895515Z [command]/usr/bin/git config --local --unset-all extensions.worktreeConfig
2025-08-18T23:48:53.2922534Z ##[group]Checking out the ref
2025-08-18T23:48:53.2926005Z [command]/usr/bin/git checkout --progress --force -B main refs/remotes/origin/main
2025-08-18T23:48:53.3295174Z Switched to a new branch 'main'
2025-08-18T23:48:53.3298001Z branch 'main' set up to track 'origin/main'.
2025-08-18T23:48:53.3306905Z ##[endgroup]
2025-08-18T23:48:53.3345007Z [command]/usr/bin/git log -1 --format=%H
2025-08-18T23:48:53.3366843Z 0ede8016d9ec4509d2317d7ca0b02ab0b02b1738
2025-08-18T23:48:53.3596532Z ##[group]Run actions/setup-python@v5
2025-08-18T23:48:53.3596877Z with:
2025-08-18T23:48:53.3597104Z   python-version: 3.11
2025-08-18T23:48:53.3597369Z   check-latest: false
2025-08-18T23:48:53.3597745Z   token: ***
2025-08-18T23:48:53.3597981Z   update-environment: true
2025-08-18T23:48:53.3598561Z   allow-prereleases: false
2025-08-18T23:48:53.3598820Z   freethreaded: false
2025-08-18T23:48:53.3599059Z ##[endgroup]
2025-08-18T23:48:53.5268005Z ##[group]Installed versions
2025-08-18T23:48:53.5367644Z Successfully set up CPython (3.11.13)
2025-08-18T23:48:53.5368964Z ##[endgroup]
2025-08-18T23:48:53.5493201Z ##[group]Run pip install pydoc-markdown
2025-08-18T23:48:53.5493783Z [36;1mpip install pydoc-markdown[0m
2025-08-18T23:48:53.5580105Z shell: /usr/bin/bash -e {0}
2025-08-18T23:48:53.5580475Z env:
2025-08-18T23:48:53.5581215Z   pythonLocation: /opt/hostedtoolcache/Python/3.11.13/x64
2025-08-18T23:48:53.5581829Z   PKG_CONFIG_PATH: /opt/hostedtoolcache/Python/3.11.13/x64/lib/pkgconfig
2025-08-18T23:48:53.5582417Z   Python_ROOT_DIR: /opt/hostedtoolcache/Python/3.11.13/x64
2025-08-18T23:48:53.5582920Z   Python2_ROOT_DIR: /opt/hostedtoolcache/Python/3.11.13/x64
2025-08-18T23:48:53.5583417Z   Python3_ROOT_DIR: /opt/hostedtoolcache/Python/3.11.13/x64
2025-08-18T23:48:53.5583941Z   LD_LIBRARY_PATH: /opt/hostedtoolcache/Python/3.11.13/x64/lib
2025-08-18T23:48:53.5584410Z ##[endgroup]
2025-08-18T23:48:54.2403909Z Collecting pydoc-markdown
2025-08-18T23:48:54.2750006Z   Downloading pydoc_markdown-4.8.2-py3-none-any.whl.metadata (5.9 kB)
2025-08-18T23:48:54.3170108Z Collecting PyYAML<7.0,>=5.0 (from pydoc-markdown)
2025-08-18T23:48:54.3206753Z   Downloading PyYAML-6.0.2-cp311-cp311-manylinux_2_17_x86_64.manylinux2014_x86_64.whl.metadata (2.1 kB)
2025-08-18T23:48:54.3385330Z Collecting click<9.0,>=7.1 (from pydoc-markdown)
2025-08-18T23:48:54.3423195Z   Downloading click-8.2.1-py3-none-any.whl.metadata (2.5 kB)
2025-08-18T23:48:54.3637491Z Collecting databind.core<5.0.0,>=4.4.0 (from pydoc-markdown)
2025-08-18T23:48:54.4217444Z   Downloading databind.core-4.5.2-py3-none-any.whl.metadata (1.1 kB)
2025-08-18T23:48:54.4451438Z Collecting databind.json<5.0.0,>=4.4.0 (from pydoc-markdown)
2025-08-18T23:48:54.4492882Z   Downloading databind.json-4.5.2-py3-none-any.whl.metadata (1.1 kB)
2025-08-18T23:48:54.4712289Z Collecting docspec<3.0.0,>=2.2.1 (from pydoc-markdown)
2025-08-18T23:48:54.4757905Z   Downloading docspec-2.2.2-py3-none-any.whl.metadata (1.0 kB)
2025-08-18T23:48:54.4891147Z Collecting docspec-python<3.0.0,>=2.2.1 (from pydoc-markdown)
2025-08-18T23:48:54.4934242Z   Downloading docspec_python-2.2.2-py3-none-any.whl.metadata (1.0 kB)
2025-08-18T23:48:54.5042824Z Collecting docstring-parser<0.12,>=0.11 (from pydoc-markdown)
2025-08-18T23:48:54.5089529Z   Downloading docstring_parser-0.11.tar.gz (22 kB)
2025-08-18T23:48:54.5217594Z   Installing build dependencies: started
2025-08-18T23:48:55.2567174Z   Installing build dependencies: finished with status 'done'
2025-08-18T23:48:55.2573366Z   Getting requirements to build wheel: started
2025-08-18T23:48:55.5834199Z   Getting requirements to build wheel: finished with status 'done'
2025-08-18T23:48:55.5841936Z   Preparing metadata (pyproject.toml): started
2025-08-18T23:48:55.7523240Z   Preparing metadata (pyproject.toml): finished with status 'done'
2025-08-18T23:48:55.7667492Z Collecting jinja2<4.0.0,>=3.0.0 (from pydoc-markdown)
2025-08-18T23:48:55.7703987Z   Downloading jinja2-3.1.6-py3-none-any.whl.metadata (2.9 kB)
2025-08-18T23:48:55.7880081Z Collecting nr.util<1.0.0,>=0.7.5 (from pydoc-markdown)
2025-08-18T23:48:55.7920683Z   Downloading nr.util-0.8.12-py3-none-any.whl.metadata (813 bytes)
2025-08-18T23:48:55.8199198Z Collecting requests<3.0.0,>=2.23.0 (from pydoc-markdown)
2025-08-18T23:48:55.8230426Z   Downloading requests-2.32.5-py3-none-any.whl.metadata (4.9 kB)
2025-08-18T23:48:55.8386516Z Collecting tomli<3.0.0,>=2.0.0 (from pydoc-markdown)
2025-08-18T23:48:55.8434536Z   Downloading tomli-2.2.1-cp311-cp311-manylinux_2_17_x86_64.manylinux2014_x86_64.whl.metadata (11 kB)
2025-08-18T23:48:55.8561749Z Collecting tomli_w<2.0.0,>=1.0.0 (from pydoc-markdown)
2025-08-18T23:48:55.8601712Z   Downloading tomli_w-1.2.0-py3-none-any.whl.metadata (5.7 kB)
2025-08-18T23:48:55.9037689Z Collecting watchdog (from pydoc-markdown)
2025-08-18T23:48:55.9070411Z   Downloading watchdog-6.0.0-py3-none-manylinux2014_x86_64.whl.metadata (44 kB)
2025-08-18T23:48:55.9273220Z Collecting yapf>=0.30.0 (from pydoc-markdown)
2025-08-18T23:48:55.9311317Z   Downloading yapf-0.43.0-py3-none-any.whl.metadata (46 kB)
2025-08-18T23:48:55.9539511Z Collecting databind<5.0.0,>=4.5.2 (from databind.core<5.0.0,>=4.4.0->pydoc-markdown)
2025-08-18T23:48:55.9577201Z   Downloading databind-4.5.2-py3-none-any.whl.metadata (4.3 kB)
2025-08-18T23:48:55.9737999Z Collecting Deprecated<2.0.0,>=1.2.12 (from databind<5.0.0,>=4.5.2->databind.core<5.0.0,>=4.4.0->pydoc-markdown)
2025-08-18T23:48:55.9774527Z   Downloading Deprecated-1.2.18-py2.py3-none-any.whl.metadata (5.7 kB)
2025-08-18T23:48:55.9892664Z Collecting nr-date<3.0.0,>=2.0.0 (from databind<5.0.0,>=4.5.2->databind.core<5.0.0,>=4.4.0->pydoc-markdown)
2025-08-18T23:48:55.9932281Z   Downloading nr_date-2.1.0-py3-none-any.whl.metadata (746 bytes)
2025-08-18T23:48:56.0074191Z Collecting nr-stream<2.0.0,>=1.0.0 (from databind<5.0.0,>=4.5.2->databind.core<5.0.0,>=4.4.0->pydoc-markdown)
2025-08-18T23:48:56.0120446Z   Downloading nr_stream-1.1.5-py3-none-any.whl.metadata (3.6 kB)
2025-08-18T23:48:56.0321472Z Collecting typeapi<3,>=2.0.1 (from databind<5.0.0,>=4.5.2->databind.core<5.0.0,>=4.4.0->pydoc-markdown)
2025-08-18T23:48:56.0366930Z   Downloading typeapi-2.2.4-py3-none-any.whl.metadata (1.5 kB)
2025-08-18T23:48:56.0538878Z Collecting typing-extensions<5,>=3.10.0 (from databind<5.0.0,>=4.5.2->databind.core<5.0.0,>=4.4.0->pydoc-markdown)
2025-08-18T23:48:56.0570074Z   Downloading typing_extensions-4.14.1-py3-none-any.whl.metadata (3.0 kB)
2025-08-18T23:48:56.1484124Z Collecting wrapt<2,>=1.10 (from Deprecated<2.0.0,>=1.2.12->databind<5.0.0,>=4.5.2->databind.core<5.0.0,>=4.4.0->pydoc-markdown)
2025-08-18T23:48:56.1519957Z   Downloading wrapt-1.17.3-cp311-cp311-manylinux1_x86_64.manylinux_2_28_x86_64.manylinux_2_5_x86_64.whl.metadata (6.4 kB)
2025-08-18T23:48:56.2043851Z Collecting black>=24.8.0 (from docspec-python<3.0.0,>=2.2.1->pydoc-markdown)
2025-08-18T23:48:56.2077571Z   Downloading black-25.1.0-cp311-cp311-manylinux_2_17_x86_64.manylinux2014_x86_64.manylinux_2_28_x86_64.whl.metadata (81 kB)
2025-08-18T23:48:56.2183575Z Collecting docspec<3.0.0,>=2.2.1 (from pydoc-markdown)
2025-08-18T23:48:56.2227927Z   Downloading docspec-2.2.1-py3-none-any.whl.metadata (1.5 kB)
2025-08-18T23:48:56.2772807Z Collecting MarkupSafe>=2.0 (from jinja2<4.0.0,>=3.0.0->pydoc-markdown)
2025-08-18T23:48:56.2812273Z   Downloading MarkupSafe-3.0.2-cp311-cp311-manylinux_2_17_x86_64.manylinux2014_x86_64.whl.metadata (4.0 kB)
2025-08-18T23:48:56.3716586Z Collecting charset_normalizer<4,>=2 (from requests<3.0.0,>=2.23.0->pydoc-markdown)
2025-08-18T23:48:56.3753910Z   Downloading charset_normalizer-3.4.3-cp311-cp311-manylinux2014_x86_64.manylinux_2_17_x86_64.manylinux_2_28_x86_64.whl.metadata (36 kB)
2025-08-18T23:48:56.3911225Z Collecting idna<4,>=2.5 (from requests<3.0.0,>=2.23.0->pydoc-markdown)
2025-08-18T23:48:56.3942635Z   Downloading idna-3.10-py3-none-any.whl.metadata (10 kB)
2025-08-18T23:48:56.4213810Z Collecting urllib3<3,>=1.21.1 (from requests<3.0.0,>=2.23.0->pydoc-markdown)
2025-08-18T23:48:56.4246428Z   Downloading urllib3-2.5.0-py3-none-any.whl.metadata (6.5 kB)
2025-08-18T23:48:56.4449051Z Collecting certifi>=2017.4.17 (from requests<3.0.0,>=2.23.0->pydoc-markdown)
2025-08-18T23:48:56.4479252Z   Downloading certifi-2025.8.3-py3-none-any.whl.metadata (2.4 kB)
2025-08-18T23:48:56.4707820Z Collecting mypy-extensions>=0.4.3 (from black>=24.8.0->docspec-python<3.0.0,>=2.2.1->pydoc-markdown)
2025-08-18T23:48:56.4747954Z   Downloading mypy_extensions-1.1.0-py3-none-any.whl.metadata (1.1 kB)
2025-08-18T23:48:56.4902292Z Collecting packaging>=22.0 (from black>=24.8.0->docspec-python<3.0.0,>=2.2.1->pydoc-markdown)
2025-08-18T23:48:56.4935722Z   Downloading packaging-25.0-py3-none-any.whl.metadata (3.3 kB)
2025-08-18T23:48:56.5057030Z Collecting pathspec>=0.9.0 (from black>=24.8.0->docspec-python<3.0.0,>=2.2.1->pydoc-markdown)
2025-08-18T23:48:56.5088502Z   Downloading pathspec-0.12.1-py3-none-any.whl.metadata (21 kB)
2025-08-18T23:48:56.5274647Z Collecting platformdirs>=2 (from black>=24.8.0->docspec-python<3.0.0,>=2.2.1->pydoc-markdown)
2025-08-18T23:48:56.5307302Z   Downloading platformdirs-4.3.8-py3-none-any.whl.metadata (12 kB)
2025-08-18T23:48:56.5551172Z Downloading pydoc_markdown-4.8.2-py3-none-any.whl (67 kB)
2025-08-18T23:48:56.5630593Z Downloading click-8.2.1-py3-none-any.whl (102 kB)
2025-08-18T23:48:56.5703454Z Downloading databind.core-4.5.2-py3-none-any.whl (1.5 kB)
2025-08-18T23:48:56.5768377Z Downloading databind-4.5.2-py3-none-any.whl (49 kB)
2025-08-18T23:48:56.5837038Z Downloading databind.json-4.5.2-py3-none-any.whl (1.5 kB)
2025-08-18T23:48:56.5893389Z Downloading Deprecated-1.2.18-py2.py3-none-any.whl (10.0 kB)
2025-08-18T23:48:56.5977706Z Downloading docspec_python-2.2.2-py3-none-any.whl (15 kB)
2025-08-18T23:48:56.6049450Z Downloading docspec-2.2.1-py3-none-any.whl (9.8 kB)
2025-08-18T23:48:56.6101107Z Downloading jinja2-3.1.6-py3-none-any.whl (134 kB)
2025-08-18T23:48:56.6173755Z Downloading nr_date-2.1.0-py3-none-any.whl (10 kB)
2025-08-18T23:48:56.6237154Z Downloading nr_stream-1.1.5-py3-none-any.whl (10 kB)
2025-08-18T23:48:56.6302151Z Downloading nr.util-0.8.12-py3-none-any.whl (90 kB)
2025-08-18T23:48:56.6358129Z Downloading PyYAML-6.0.2-cp311-cp311-manylinux_2_17_x86_64.manylinux2014_x86_64.whl (762 kB)
2025-08-18T23:48:56.6463905Z    ━━━━━━━━━━━━━━━━━━━━━━━━━━━━━━━━━━━━━━━━ 763.0/763.0 kB 63.0 MB/s  0:00:00
2025-08-18T23:48:56.6495302Z Downloading requests-2.32.5-py3-none-any.whl (64 kB)
2025-08-18T23:48:56.6553083Z Downloading charset_normalizer-3.4.3-cp311-cp311-manylinux2014_x86_64.manylinux_2_17_x86_64.manylinux_2_28_x86_64.whl (150 kB)
2025-08-18T23:48:56.6670524Z Downloading idna-3.10-py3-none-any.whl (70 kB)
2025-08-18T23:48:56.8190321Z Downloading tomli-2.2.1-cp311-cp311-manylinux_2_17_x86_64.manylinux2014_x86_64.whl (236 kB)
2025-08-18T23:48:56.8264558Z Downloading tomli_w-1.2.0-py3-none-any.whl (6.7 kB)
2025-08-18T23:48:56.8371038Z Downloading typeapi-2.2.4-py3-none-any.whl (26 kB)
2025-08-18T23:48:56.8470972Z Downloading typing_extensions-4.14.1-py3-none-any.whl (43 kB)
2025-08-18T23:48:56.8532327Z Downloading urllib3-2.5.0-py3-none-any.whl (129 kB)
2025-08-18T23:48:56.8596939Z Downloading wrapt-1.17.3-cp311-cp311-manylinux1_x86_64.manylinux_2_28_x86_64.manylinux_2_5_x86_64.whl (82 kB)
2025-08-18T23:48:56.8671848Z Downloading black-25.1.0-cp311-cp311-manylinux_2_17_x86_64.manylinux2014_x86_64.manylinux_2_28_x86_64.whl (1.7 MB)
2025-08-18T23:48:56.8969801Z    ━━━━━━━━━━━━━━━━━━━━━━━━━━━━━━━━━━━━━━━━ 1.7/1.7 MB 58.5 MB/s  0:00:00
2025-08-18T23:48:56.9008336Z Downloading certifi-2025.8.3-py3-none-any.whl (161 kB)
2025-08-18T23:48:56.9069782Z Downloading MarkupSafe-3.0.2-cp311-cp311-manylinux_2_17_x86_64.manylinux2014_x86_64.whl (23 kB)
2025-08-18T23:48:56.9122685Z Downloading mypy_extensions-1.1.0-py3-none-any.whl (5.0 kB)
2025-08-18T23:48:56.9179294Z Downloading packaging-25.0-py3-none-any.whl (66 kB)
2025-08-18T23:48:56.9234401Z Downloading pathspec-0.12.1-py3-none-any.whl (31 kB)
2025-08-18T23:48:56.9286455Z Downloading platformdirs-4.3.8-py3-none-any.whl (18 kB)
2025-08-18T23:48:56.9353274Z Downloading yapf-0.43.0-py3-none-any.whl (256 kB)
2025-08-18T23:48:56.9418041Z Downloading watchdog-6.0.0-py3-none-manylinux2014_x86_64.whl (79 kB)
2025-08-18T23:48:56.9678305Z Building wheels for collected packages: docstring-parser
2025-08-18T23:48:56.9686255Z   Building wheel for docstring-parser (pyproject.toml): started
2025-08-18T23:48:57.1691249Z   Building wheel for docstring-parser (pyproject.toml): finished with status 'done'
2025-08-18T23:48:57.1696331Z   Created wheel for docstring-parser: filename=docstring_parser-0.11-py3-none-any.whl size=31551 sha256=0545045746cf3bf54441c7eaef490b09b54fb8d57099bec47665b08d0164504f
2025-08-18T23:48:57.1697687Z   Stored in directory: /home/runner/.cache/pip/wheels/0f/f9/78/1186f8bf3425dbd3fb3fa32beee828876c792f49eb2554e888
2025-08-18T23:48:57.1714250Z Successfully built docstring-parser
2025-08-18T23:48:57.2174203Z Installing collected packages: wrapt, watchdog, urllib3, typing-extensions, tomli_w, tomli, PyYAML, platformdirs, pathspec, packaging, nr-stream, nr-date, mypy-extensions, MarkupSafe, idna, docstring-parser, click, charset_normalizer, certifi, yapf, typeapi, requests, jinja2, Deprecated, black, nr.util, databind, databind.json, databind.core, docspec, docspec-python, pydoc-markdown
2025-08-18T23:48:58.3262071Z 
2025-08-18T23:48:58.3283699Z Successfully installed Deprecated-1.2.18 MarkupSafe-3.0.2 PyYAML-6.0.2 black-25.1.0 certifi-2025.8.3 charset_normalizer-3.4.3 click-8.2.1 databind-4.5.2 databind.core-4.5.2 databind.json-4.5.2 docspec-2.2.1 docspec-python-2.2.2 docstring-parser-0.11 idna-3.10 jinja2-3.1.6 mypy-extensions-1.1.0 nr-date-2.1.0 nr-stream-1.1.5 nr.util-0.8.12 packaging-25.0 pathspec-0.12.1 platformdirs-4.3.8 pydoc-markdown-4.8.2 requests-2.32.5 tomli-2.2.1 tomli_w-1.2.0 typeapi-2.2.4 typing-extensions-4.14.1 urllib3-2.5.0 watchdog-6.0.0 wrapt-1.17.3 yapf-0.43.0
2025-08-18T23:48:58.5009497Z ##[group]Run pydoc-markdown
2025-08-18T23:48:58.5009814Z [36;1mpydoc-markdown[0m
2025-08-18T23:48:58.5050510Z shell: /usr/bin/bash -e {0}
2025-08-18T23:48:58.5050884Z env:
2025-08-18T23:48:58.5051142Z   pythonLocation: /opt/hostedtoolcache/Python/3.11.13/x64
2025-08-18T23:48:58.5051546Z   PKG_CONFIG_PATH: /opt/hostedtoolcache/Python/3.11.13/x64/lib/pkgconfig
2025-08-18T23:48:58.5051940Z   Python_ROOT_DIR: /opt/hostedtoolcache/Python/3.11.13/x64
2025-08-18T23:48:58.5052284Z   Python2_ROOT_DIR: /opt/hostedtoolcache/Python/3.11.13/x64
2025-08-18T23:48:58.5052623Z   Python3_ROOT_DIR: /opt/hostedtoolcache/Python/3.11.13/x64
2025-08-18T23:48:58.5052961Z   LD_LIBRARY_PATH: /opt/hostedtoolcache/Python/3.11.13/x64/lib
2025-08-18T23:48:58.5053232Z ##[endgroup]
2025-08-18T23:48:58.8349117Z [WARNING - pydoc_markdown.main]: Unknown configuration options:
2025-08-18T23:48:58.8349611Z Unknown key(s) "{'output_directory'}" at:
2025-08-18T23:48:58.8349937Z In "pydoc-markdown.yml"
2025-08-18T23:48:58.8350316Z   $: TypeHint(pydoc_markdown.PydocMarkdown)
2025-08-18T23:48:58.8350719Z   .renderer: TypeHint(pydoc_markdown.interfaces.Renderer)
2025-08-18T23:48:58.8351454Z   ^: TypeHint(pydoc_markdown.contrib.renderers.markdown.MarkdownRenderer)
2025-08-18T23:48:58.8351802Z 
2025-08-18T23:48:59.1514100Z <a id="__init__"></a>
2025-08-18T23:48:59.1514635Z 
2025-08-18T23:48:59.1514770Z # \_\_init\_\_
2025-08-18T23:48:59.1514973Z 
2025-08-18T23:48:59.1515100Z <a id="api"></a>
2025-08-18T23:48:59.1515298Z 
2025-08-18T23:48:59.1515408Z # api
2025-08-18T23:48:59.1515580Z 
2025-08-18T23:48:59.1515718Z <a id="api.errors"></a>
2025-08-18T23:48:59.1515952Z 
2025-08-18T23:48:59.1516084Z # api.errors
2025-08-18T23:48:59.1516273Z 
2025-08-18T23:48:59.1516429Z <a id="api.sentry_config"></a>
2025-08-18T23:48:59.1516700Z 
2025-08-18T23:48:59.1516834Z # api.sentry\_config
2025-08-18T23:48:59.1517054Z 
2025-08-18T23:48:59.1517227Z <a id="api.tests.test_sentry_scrub"></a>
2025-08-18T23:48:59.1517562Z 
2025-08-18T23:48:59.1517740Z # api.tests.test\_sentry\_scrub
2025-08-18T23:48:59.1518022Z 
2025-08-18T23:48:59.1518194Z <a id="api.tests.test_errors_json"></a>
2025-08-18T23:48:59.1518505Z 
2025-08-18T23:48:59.1518650Z # api.tests.test\_errors\_json
2025-08-18T23:48:59.1518922Z 
2025-08-18T23:48:59.1519068Z <a id="api.tests.test_llm"></a>
2025-08-18T23:48:59.1519331Z 
2025-08-18T23:48:59.1519462Z # api.tests.test\_llm
2025-08-18T23:48:59.1519691Z 
2025-08-18T23:48:59.1519858Z <a id="api.tests.test_sentry_event"></a>
2025-08-18T23:48:59.1520176Z 
2025-08-18T23:48:59.1520333Z # api.tests.test\_sentry\_event
2025-08-18T23:48:59.1520600Z 
2025-08-18T23:48:59.1521035Z <a id="api.tests.test_sentry_event.DummyTransport"></a>
2025-08-18T23:48:59.1521442Z 
2025-08-18T23:48:59.1521594Z ## DummyTransport Objects
2025-08-18T23:48:59.1521838Z 
2025-08-18T23:48:59.1521957Z ```python
2025-08-18T23:48:59.1522269Z class DummyTransport()
2025-08-18T23:48:59.1522605Z ```
2025-08-18T23:48:59.1522778Z 
2025-08-18T23:48:59.1523119Z <a id="api.tests.test_sentry_event.DummyTransport.capture_envelope"></a>
2025-08-18T23:48:59.1523971Z 
2025-08-18T23:48:59.1524122Z #### capture\_envelope
2025-08-18T23:48:59.1524348Z 
2025-08-18T23:48:59.1524468Z ```python
2025-08-18T23:48:59.1524801Z def capture_envelope(envelope)
2025-08-18T23:48:59.1525174Z ```
2025-08-18T23:48:59.1525337Z 
2025-08-18T23:48:59.1525573Z Capture events sent as envelopes by Sentry SDK >= 2.0.
2025-08-18T23:48:59.1525962Z 
2025-08-18T23:48:59.1526131Z <a id="api.tests.test_cors"></a>
2025-08-18T23:48:59.1526410Z 
2025-08-18T23:48:59.1526552Z # api.tests.test\_cors
2025-08-18T23:48:59.1526773Z 
2025-08-18T23:48:59.1526939Z <a id="api.tests.test_imports"></a>
2025-08-18T23:48:59.1527237Z 
2025-08-18T23:48:59.1527381Z # api.tests.test\_imports
2025-08-18T23:48:59.1527639Z 
2025-08-18T23:48:59.1527795Z <a id="api.tests.test_rate_limit"></a>
2025-08-18T23:48:59.1528105Z 
2025-08-18T23:48:59.1528269Z # api.tests.test\_rate\_limit
2025-08-18T23:48:59.1528545Z 
2025-08-18T23:48:59.1529053Z <a id="api.tests.test_rate_limit.app"></a>
2025-08-18T23:48:59.1529423Z 
2025-08-18T23:48:59.1529554Z #### app
2025-08-18T23:48:59.1529727Z 
2025-08-18T23:48:59.1529846Z noqa: E402
2025-08-18T23:48:59.1530022Z 
2025-08-18T23:48:59.1530190Z <a id="api.tests.test_entrypoint"></a>
2025-08-18T23:48:59.1530497Z 
2025-08-18T23:48:59.1530646Z # api.tests.test\_entrypoint
2025-08-18T23:48:59.1531105Z 
2025-08-18T23:48:59.1531262Z <a id="api.tests.test_health"></a>
2025-08-18T23:48:59.1531548Z 
2025-08-18T23:48:59.1531697Z # api.tests.test\_health
2025-08-18T23:48:59.1531930Z 
2025-08-18T23:48:59.1532079Z <a id="api.logging_config"></a>
2025-08-18T23:48:59.1532352Z 
2025-08-18T23:48:59.1532482Z # api.logging\_config
2025-08-18T23:48:59.1532699Z 
2025-08-18T23:48:59.1532849Z <a id="api.migrations.env"></a>
2025-08-18T23:48:59.1533123Z 
2025-08-18T23:48:59.1533264Z # api.migrations.env
2025-08-18T23:48:59.1533487Z 
2025-08-18T23:48:59.1533721Z <a id="api.migrations.versions.0022_fix_roi_view"></a>
2025-08-18T23:48:59.1534104Z 
2025-08-18T23:48:59.1534321Z # api.migrations.versions.0022\_fix\_roi\_view
2025-08-18T23:48:59.1534682Z 
2025-08-18T23:48:59.1534888Z <a id="api.migrations.versions.0004_fee_cron"></a>
2025-08-18T23:48:59.1535246Z 
2025-08-18T23:48:59.1535422Z # api.migrations.versions.0004\_fee\_cron
2025-08-18T23:48:59.1535753Z 
2025-08-18T23:48:59.1536044Z <a id="api.migrations.versions.3e9d5c5aff2c_rename_fulf_fee"></a>
2025-08-18T23:48:59.1536485Z 
2025-08-18T23:48:59.1536756Z # api.migrations.versions.3e9d5c5aff2c\_rename\_fulf\_fee
2025-08-18T23:48:59.1537165Z 
2025-08-18T23:48:59.1537396Z <a id="api.migrations.versions.0003_vendor_prices"></a>
2025-08-18T23:48:59.1537778Z 
2025-08-18T23:48:59.1537973Z # api.migrations.versions.0003\_vendor\_prices
2025-08-18T23:48:59.1538317Z 
2025-08-18T23:48:59.1538549Z <a id="api.migrations.versions.0024_create_buybox"></a>
2025-08-18T23:48:59.1538917Z 
2025-08-18T23:48:59.1539111Z # api.migrations.versions.0024\_create\_buybox
2025-08-18T23:48:59.1539456Z 
2025-08-18T23:48:59.1539706Z <a id="api.migrations.versions.0002_create_roi_view"></a>
2025-08-18T23:48:59.1540096Z 
2025-08-18T23:48:59.1540300Z # api.migrations.versions.0002\_create\_roi\_view
2025-08-18T23:48:59.1540668Z 
2025-08-18T23:48:59.1541059Z <a id="api.migrations.versions.0006_fix_roi_views"></a>
2025-08-18T23:48:59.1541438Z 
2025-08-18T23:48:59.1541648Z # api.migrations.versions.0006\_fix\_roi\_views
2025-08-18T23:48:59.1542001Z 
2025-08-18T23:48:59.1542233Z <a id="api.migrations.versions.0020_unified_schema"></a>
2025-08-18T23:48:59.1542622Z 
2025-08-18T23:48:59.1542832Z # api.migrations.versions.0020\_unified\_schema
2025-08-18T23:48:59.1543189Z 
2025-08-18T23:48:59.1543450Z <a id="api.migrations.versions.0025_pr4_indexes_loadlog"></a>
2025-08-18T23:48:59.1543884Z 
2025-08-18T23:48:59.1544113Z # api.migrations.versions.0025\_pr4\_indexes\_loadlog
2025-08-18T23:48:59.1544493Z 
2025-08-18T23:48:59.1544737Z <a id="api.migrations.versions.0023_add_storage_fee"></a>
2025-08-18T23:48:59.1545118Z 
2025-08-18T23:48:59.1545330Z # api.migrations.versions.0023\_add\_storage\_fee
2025-08-18T23:48:59.1545922Z 
2025-08-18T23:48:59.1546181Z <a id="api.migrations.versions.0026_amazon_new_reports"></a>
2025-08-18T23:48:59.1546608Z 
2025-08-18T23:48:59.1546838Z # api.migrations.versions.0026\_amazon\_new\_reports
2025-08-18T23:48:59.1547277Z 
2025-08-18T23:48:59.1547547Z <a id="api.migrations.versions.0001_baseline"></a>
2025-08-18T23:48:59.1547921Z 
2025-08-18T23:48:59.1548096Z # api.migrations.versions.0001\_baseline
2025-08-18T23:48:59.1548416Z 
2025-08-18T23:48:59.1548589Z <a id="api.migrations.versions"></a>
2025-08-18T23:48:59.1548897Z 
2025-08-18T23:48:59.1549052Z # api.migrations.versions
2025-08-18T23:48:59.1549310Z 
2025-08-18T23:48:59.1549465Z <a id="api.migrations"></a>
2025-08-18T23:48:59.1549723Z 
2025-08-18T23:48:59.1549849Z # api.migrations
2025-08-18T23:48:59.1550057Z 
2025-08-18T23:48:59.1550181Z <a id="api.db"></a>
2025-08-18T23:48:59.1550379Z 
2025-08-18T23:48:59.1550493Z # api.db
2025-08-18T23:48:59.1550663Z 
2025-08-18T23:48:59.1551222Z <a id="api.routes.stats"></a>
2025-08-18T23:48:59.1551539Z 
2025-08-18T23:48:59.1551683Z # api.routes.stats
2025-08-18T23:48:59.1551893Z 
2025-08-18T23:48:59.1552056Z <a id="api.routes.stats.kpi"></a>
2025-08-18T23:48:59.1552355Z 
2025-08-18T23:48:59.1552471Z #### kpi
2025-08-18T23:48:59.1552636Z 
2025-08-18T23:48:59.1552749Z ```python
2025-08-18T23:48:59.1553063Z @router.get("/stats/kpi")
2025-08-18T23:48:59.1553507Z def kpi() -> List[Dict[str, int]]
2025-08-18T23:48:59.1553891Z ```
2025-08-18T23:48:59.1554044Z 
2025-08-18T23:48:59.1554194Z Return KPI metrics (mock).
2025-08-18T23:48:59.1554443Z 
2025-08-18T23:48:59.1554627Z <a id="api.routes.stats.roi_by_vendor"></a>
2025-08-18T23:48:59.1554978Z 
2025-08-18T23:48:59.1555112Z #### roi\_by\_vendor
2025-08-18T23:48:59.1555327Z 
2025-08-18T23:48:59.1555449Z ```python
2025-08-18T23:48:59.1555779Z @router.get("/stats/roi_by_vendor")
2025-08-18T23:48:59.1556243Z def roi_by_vendor() -> List[Dict[str, int]]
2025-08-18T23:48:59.1556663Z ```
2025-08-18T23:48:59.1556825Z 
2025-08-18T23:48:59.1556989Z Return ROI percent by vendor.
2025-08-18T23:48:59.1557255Z 
2025-08-18T23:48:59.1557425Z <a id="api.routes.stats.roi_trend"></a>
2025-08-18T23:48:59.1557747Z 
2025-08-18T23:48:59.1557865Z #### roi\_trend
2025-08-18T23:48:59.1558050Z 
2025-08-18T23:48:59.1558163Z ```python
2025-08-18T23:48:59.1558471Z @router.get("/stats/roi_trend")
2025-08-18T23:48:59.1558908Z def roi_trend() -> List[Dict[str, int | str]]
2025-08-18T23:48:59.1559330Z ```
2025-08-18T23:48:59.1559478Z 
2025-08-18T23:48:59.1559621Z Return 30-day ROI trend.
2025-08-18T23:48:59.1559854Z 
2025-08-18T23:48:59.1559999Z <a id="api.routes.roi"></a>
2025-08-18T23:48:59.1560257Z 
2025-08-18T23:48:59.1560379Z # api.routes.roi
2025-08-18T23:48:59.1560575Z 
2025-08-18T23:48:59.1560721Z <a id="api.routes.health"></a>
2025-08-18T23:48:59.1561240Z 
2025-08-18T23:48:59.1561375Z # api.routes.health
2025-08-18T23:48:59.1561580Z 
2025-08-18T23:48:59.1561754Z <a id="api.routes.health.MAX_SKEW"></a>
2025-08-18T23:48:59.1562075Z 
2025-08-18T23:48:59.1562209Z #### MAX\_SKEW
2025-08-18T23:48:59.1562422Z 
2025-08-18T23:48:59.1562541Z seconds
2025-08-18T23:48:59.1562697Z 
2025-08-18T23:48:59.1562866Z <a id="api.routes.health.health"></a>
2025-08-18T23:48:59.1563184Z 
2025-08-18T23:48:59.1563294Z #### health
2025-08-18T23:48:59.1563459Z 
2025-08-18T23:48:59.1563581Z ```python
2025-08-18T23:48:59.1563949Z @router.get("/health", include_in_schema=False)
2025-08-18T23:48:59.1564692Z async def health(session: AsyncSession = Depends(get_session)) -> JSONResponse
2025-08-18T23:48:59.1565324Z ```
2025-08-18T23:48:59.1565475Z 
2025-08-18T23:48:59.1565705Z Return 200 when DB reachable and clocks are in sync.
2025-08-18T23:48:59.1566069Z 
2025-08-18T23:48:59.1566227Z <a id="api.routes.repository"></a>
2025-08-18T23:48:59.1566534Z 
2025-08-18T23:48:59.1566686Z # api.routes.repository
2025-08-18T23:48:59.1566916Z 
2025-08-18T23:48:59.1567058Z <a id="api.routes"></a>
2025-08-18T23:48:59.1567281Z 
2025-08-18T23:48:59.1567399Z # api.routes
2025-08-18T23:48:59.1567587Z 
2025-08-18T23:48:59.1567961Z <a id="api.models.fee"></a>
2025-08-18T23:48:59.1568216Z 
2025-08-18T23:48:59.1568337Z # api.models.fee
2025-08-18T23:48:59.1568521Z 
2025-08-18T23:48:59.1568646Z <a id="api.models"></a>
2025-08-18T23:48:59.1568851Z 
2025-08-18T23:48:59.1568968Z # api.models
2025-08-18T23:48:59.1569135Z 
2025-08-18T23:48:59.1569268Z <a id="api.roi_repository"></a>
2025-08-18T23:48:59.1569531Z 
2025-08-18T23:48:59.1569670Z # api.roi\_repository
2025-08-18T23:48:59.1569884Z 
2025-08-18T23:48:59.1570013Z <a id="api.main"></a>
2025-08-18T23:48:59.1570236Z 
2025-08-18T23:48:59.1570351Z # api.main
2025-08-18T23:48:59.1570522Z 
2025-08-18T23:48:59.1570666Z <a id="api.main.ready"></a>
2025-08-18T23:48:59.1571107Z 
2025-08-18T23:48:59.1571230Z #### ready
2025-08-18T23:48:59.1571401Z 
2025-08-18T23:48:59.1571527Z ```python
2025-08-18T23:48:59.1572009Z @app.get("/ready", status_code=status.HTTP_200_OK, include_in_schema=False)
2025-08-18T23:48:59.1573031Z async def ready(session: AsyncSession = Depends(get_session)) -> dict[str,
2025-08-18T23:48:59.1573713Z                                                                       str]
2025-08-18T23:48:59.1574147Z ```
2025-08-18T23:48:59.1574307Z 
2025-08-18T23:48:59.1574489Z Return 200 only when migrations are at head.
2025-08-18T23:48:59.1574815Z 
2025-08-18T23:48:59.1574964Z <a id="api.config"></a>
2025-08-18T23:48:59.1575187Z 
2025-08-18T23:48:59.1575303Z # api.config
2025-08-18T23:48:59.1575486Z 
2025-08-18T23:48:59.1575603Z <a id="etl"></a>
2025-08-18T23:48:59.1575796Z 
2025-08-18T23:48:59.1575908Z # etl
2025-08-18T23:48:59.1576074Z 
2025-08-18T23:48:59.1576221Z <a id="etl.fba_fee_ingestor"></a>
2025-08-18T23:48:59.1576496Z 
2025-08-18T23:48:59.1576639Z # etl.fba\_fee\_ingestor
2025-08-18T23:48:59.1576867Z 
2025-08-18T23:48:59.1577012Z <a id="etl.sp_fees_ingestor"></a>
2025-08-18T23:48:59.1577281Z 
2025-08-18T23:48:59.1577422Z # etl.sp\_fees\_ingestor
2025-08-18T23:48:59.1577647Z 
2025-08-18T23:48:59.1577802Z <a id="etl.keepa_ingestor"></a>
2025-08-18T23:48:59.1578070Z 
2025-08-18T23:48:59.1578205Z # etl.keepa\_ingestor
2025-08-18T23:48:59.1578418Z 
2025-08-18T23:48:59.1578551Z <a id="etl.db"></a>
2025-08-18T23:48:59.1578750Z 
2025-08-18T23:48:59.1578860Z # etl.db
2025-08-18T23:48:59.1579022Z 
2025-08-18T23:48:59.1579180Z <a id="etl.dialects.schemas"></a>
2025-08-18T23:48:59.1579458Z 
2025-08-18T23:48:59.1579595Z # etl.dialects.schemas
2025-08-18T23:48:59.1579971Z 
2025-08-18T23:48:59.1580178Z <a id="etl.dialects.amazon_reimbursements"></a>
2025-08-18T23:48:59.1580526Z 
2025-08-18T23:48:59.1580689Z # etl.dialects.amazon\_reimbursements
2025-08-18T23:48:59.1581173Z 
2025-08-18T23:48:59.1581361Z <a id="etl.dialects.amazon_ads_sp_cost"></a>
2025-08-18T23:48:59.1581699Z 
2025-08-18T23:48:59.1581868Z # etl.dialects.amazon\_ads\_sp\_cost
2025-08-18T23:48:59.1582166Z 
2025-08-18T23:48:59.1582329Z <a id="etl.dialects.amazon_returns"></a>
2025-08-18T23:48:59.1582644Z 
2025-08-18T23:48:59.1582795Z # etl.dialects.amazon\_returns
2025-08-18T23:48:59.1583071Z 
2025-08-18T23:48:59.1583261Z <a id="etl.dialects.amazon_fee_preview"></a>
2025-08-18T23:48:59.1583597Z 
2025-08-18T23:48:59.1583759Z # etl.dialects.amazon\_fee\_preview
2025-08-18T23:48:59.1584063Z 
2025-08-18T23:48:59.1584283Z <a id="etl.dialects.amazon_inventory_ledger"></a>
2025-08-18T23:48:59.1584644Z 
2025-08-18T23:48:59.1584814Z # etl.dialects.amazon\_inventory\_ledger
2025-08-18T23:48:59.1585139Z 
2025-08-18T23:48:59.1585320Z <a id="etl.dialects.amazon_settlements"></a>
2025-08-18T23:48:59.1585650Z 
2025-08-18T23:48:59.1585806Z # etl.dialects.amazon\_settlements
2025-08-18T23:48:59.1586102Z 
2025-08-18T23:48:59.1586244Z <a id="etl.dialects"></a>
2025-08-18T23:48:59.1586478Z 
2025-08-18T23:48:59.1586602Z # etl.dialects
2025-08-18T23:48:59.1586788Z 
2025-08-18T23:48:59.1586911Z <a id="ingest"></a>
2025-08-18T23:48:59.1587115Z 
2025-08-18T23:48:59.1587226Z # ingest
2025-08-18T23:48:59.1587387Z 
2025-08-18T23:48:59.1587537Z <a id="ingest.maintenance"></a>
2025-08-18T23:48:59.1587816Z 
2025-08-18T23:48:59.1587961Z # ingest.maintenance
2025-08-18T23:48:59.1588402Z 
2025-08-18T23:48:59.1588561Z <a id="ingest.copy_loader"></a>
2025-08-18T23:48:59.1588863Z 
2025-08-18T23:48:59.1588993Z # ingest.copy\_loader
2025-08-18T23:48:59.1589218Z 
2025-08-18T23:48:59.1589409Z <a id="ingest.copy_loader.copy_df_via_temp"></a>
2025-08-18T23:48:59.1589752Z 
2025-08-18T23:48:59.1589886Z #### copy\_df\_via\_temp
2025-08-18T23:48:59.1590126Z 
2025-08-18T23:48:59.1590243Z ```python
2025-08-18T23:48:59.1590565Z def copy_df_via_temp(engine: Engine,
2025-08-18T23:48:59.1591181Z                      df: pd.DataFrame,
2025-08-18T23:48:59.1591617Z                      target_table: str,
2025-08-18T23:48:59.1592013Z                      *,
2025-08-18T23:48:59.1592396Z                      target_schema: Optional[str] = None,
2025-08-18T23:48:59.1592882Z                      columns: Sequence[str],
2025-08-18T23:48:59.1593391Z                      conflict_cols: Optional[Sequence[str]] = None,
2025-08-18T23:48:59.1594112Z                      analyze_after: bool = False,
2025-08-18T23:48:59.1594662Z                      connection: Any | None = None) -> int
2025-08-18T23:48:59.1595123Z ```
2025-08-18T23:48:59.1595276Z 
2025-08-18T23:48:59.1595566Z Bulk load *df* into *target_table* using COPY and a staging table.
2025-08-18T23:48:59.1595995Z 
2025-08-18T23:48:59.1596163Z <a id="ingest.tests.test_smoke"></a>
2025-08-18T23:48:59.1596466Z 
2025-08-18T23:48:59.1596611Z # ingest.tests.test\_smoke
2025-08-18T23:48:59.1596868Z 
2025-08-18T23:48:59.1597008Z <a id="ingest.tests"></a>
2025-08-18T23:48:59.1597246Z 
2025-08-18T23:48:59.1597376Z # ingest.tests
2025-08-18T23:48:59.1597565Z 
2025-08-18T23:48:59.1597716Z <a id="ingest.upload_router"></a>
2025-08-18T23:48:59.1598005Z 
2025-08-18T23:48:59.1598150Z # ingest.upload\_router
2025-08-18T23:48:59.1598376Z 
2025-08-18T23:48:59.1598526Z <a id="ingest.email_watcher"></a>
2025-08-18T23:48:59.1598812Z 
2025-08-18T23:48:59.1598945Z # ingest.email\_watcher
2025-08-18T23:48:59.1599164Z 
2025-08-18T23:48:59.1599335Z <a id="ingest.email_watcher.main"></a>
2025-08-18T23:48:59.1599655Z 
2025-08-18T23:48:59.1599770Z #### main
2025-08-18T23:48:59.1599933Z 
2025-08-18T23:48:59.1600055Z ```python
2025-08-18T23:48:59.1600353Z def main() -> dict[str, str]
2025-08-18T23:48:59.1600714Z ```
2025-08-18T23:48:59.1601042Z 
2025-08-18T23:48:59.1601314Z Upload CSV/XLSX attachments to MinIO and trigger ingestion.
2025-08-18T23:48:59.1601761Z 
2025-08-18T23:48:59.1602043Z Returns {"status": "success"} when processing completes.
2025-08-18T23:48:59.1602449Z 
2025-08-18T23:48:59.1602589Z <a id="ingest.tasks"></a>
2025-08-18T23:48:59.1602825Z 
2025-08-18T23:48:59.1602953Z # ingest.tasks
2025-08-18T23:48:59.1603142Z 
2025-08-18T23:48:59.1603326Z <a id="ingest.tasks.task_import_file"></a>
2025-08-18T23:48:59.1603667Z 
2025-08-18T23:48:59.1603809Z #### task\_import\_file
2025-08-18T23:48:59.1604037Z 
2025-08-18T23:48:59.1604157Z ```python
2025-08-18T23:48:59.1604563Z @celery_app.task(name="ingest.import_file", bind=True)
2025-08-18T23:48:59.1605103Z def task_import_file(self: Any,
2025-08-18T23:48:59.1605498Z                      uri: str,
2025-08-18T23:48:59.1605914Z                      report_type: Optional[str] = None,
2025-08-18T23:48:59.1606404Z                      force: bool = False) -> Dict[str, Any]
2025-08-18T23:48:59.1606846Z ```
2025-08-18T23:48:59.1606997Z 
2025-08-18T23:48:59.1607242Z Import a file into Postgres using existing ETL pipeline.
2025-08-18T23:48:59.1607644Z 
2025-08-18T23:48:59.1607790Z <a id="ingest.celery_app"></a>
2025-08-18T23:48:59.1608049Z 
2025-08-18T23:48:59.1608185Z # ingest.celery\_app
2025-08-18T23:48:59.1608397Z 
2025-08-18T23:48:59.1608547Z <a id="ingest.ingest_router"></a>
2025-08-18T23:48:59.1608827Z 
2025-08-18T23:48:59.1608978Z # ingest.ingest\_router
2025-08-18T23:48:59.1609203Z 
2025-08-18T23:48:59.1609344Z <a id="logistics_etl"></a>
2025-08-18T23:48:59.1609593Z 
2025-08-18T23:48:59.1609715Z # logistics\_etl
2025-08-18T23:48:59.1609911Z 
2025-08-18T23:48:59.1610066Z Daily logistics ETL job.
2025-08-18T23:48:59.1610303Z 
2025-08-18T23:48:59.1610697Z <a id="logistics_etl.__main__"></a>
2025-08-18T23:48:59.1611200Z 
2025-08-18T23:48:59.1611353Z # logistics\_etl.\_\_main\_\_
2025-08-18T23:48:59.1611617Z 
2025-08-18T23:48:59.1611762Z <a id="logistics_etl.dsn"></a>
2025-08-18T23:48:59.1612034Z 
2025-08-18T23:48:59.1612161Z # logistics\_etl.dsn
2025-08-18T23:48:59.1612373Z 
2025-08-18T23:48:59.1612596Z Local DSN builder to avoid cross-service dependency.
2025-08-18T23:48:59.1612991Z 
2025-08-18T23:48:59.1613164Z <a id="logistics_etl.dsn.build_dsn"></a>
2025-08-18T23:48:59.1613484Z 
2025-08-18T23:48:59.1613616Z #### build\_dsn
2025-08-18T23:48:59.1613813Z 
2025-08-18T23:48:59.1613930Z ```python
2025-08-18T23:48:59.1614261Z def build_dsn(sync: bool = True) -> str
2025-08-18T23:48:59.1614667Z ```
2025-08-18T23:48:59.1614823Z 
2025-08-18T23:48:59.1615086Z Return a Postgres DSN assembled from environment variables.
2025-08-18T23:48:59.1615506Z 
2025-08-18T23:48:59.1616001Z Prefers explicit DSNs via ``PG_SYNC_DSN``/``PG_ASYNC_DSN`` or
2025-08-18T23:48:59.1616770Z ``DATABASE_URL``. Falls back to individual PG_* settings and raises an
2025-08-18T23:48:59.1617432Z error when any required variable is missing.
2025-08-18T23:48:59.1617764Z 
2025-08-18T23:48:59.1617941Z <a id="logistics_etl.tests.conftest"></a>
2025-08-18T23:48:59.1618274Z 
2025-08-18T23:48:59.1618426Z # logistics\_etl.tests.conftest
2025-08-18T23:48:59.1618699Z 
2025-08-18T23:48:59.1618908Z <a id="logistics_etl.tests.test_repository"></a>
2025-08-18T23:48:59.1619278Z 
2025-08-18T23:48:59.1619450Z # logistics\_etl.tests.test\_repository
2025-08-18T23:48:59.1619768Z 
2025-08-18T23:48:59.1619956Z <a id="logistics_etl.tests.test_cron"></a>
2025-08-18T23:48:59.1620283Z 
2025-08-18T23:48:59.1620437Z # logistics\_etl.tests.test\_cron
2025-08-18T23:48:59.1620901Z 
2025-08-18T23:48:59.1621092Z <a id="logistics_etl.tests.test_imports"></a>
2025-08-18T23:48:59.1621432Z 
2025-08-18T23:48:59.1621594Z # logistics\_etl.tests.test\_imports
2025-08-18T23:48:59.1621899Z 
2025-08-18T23:48:59.1622075Z <a id="logistics_etl.tests.test_smoke"></a>
2025-08-18T23:48:59.1622411Z 
2025-08-18T23:48:59.1622574Z # logistics\_etl.tests.test\_smoke
2025-08-18T23:48:59.1622861Z 
2025-08-18T23:48:59.1623036Z <a id="logistics_etl.tests.test_client"></a>
2025-08-18T23:48:59.1623373Z 
2025-08-18T23:48:59.1623526Z # logistics\_etl.tests.test\_client
2025-08-18T23:48:59.1623821Z 
2025-08-18T23:48:59.1623977Z <a id="logistics_etl.tests"></a>
2025-08-18T23:48:59.1624257Z 
2025-08-18T23:48:59.1624389Z # logistics\_etl.tests
2025-08-18T23:48:59.1624613Z 
2025-08-18T23:48:59.1624768Z <a id="logistics_etl.flow"></a>
2025-08-18T23:48:59.1625038Z 
2025-08-18T23:48:59.1625172Z # logistics\_etl.flow
2025-08-18T23:48:59.1625403Z 
2025-08-18T23:48:59.1625557Z <a id="logistics_etl.client"></a>
2025-08-18T23:48:59.1625836Z 
2025-08-18T23:48:59.1625970Z # logistics\_etl.client
2025-08-18T23:48:59.1626207Z 
2025-08-18T23:48:59.1626351Z <a id="logistics_etl.cron"></a>
2025-08-18T23:48:59.1626616Z 
2025-08-18T23:48:59.1626764Z # logistics\_etl.cron
2025-08-18T23:48:59.1626989Z 
2025-08-18T23:48:59.1627133Z <a id="logistics_etl.db"></a>
2025-08-18T23:48:59.1627402Z 
2025-08-18T23:48:59.1654466Z # logistics\_etl.db
2025-08-18T23:48:59.1654733Z 
2025-08-18T23:48:59.1654905Z <a id="logistics_etl.repository"></a>
2025-08-18T23:48:59.1655178Z 
2025-08-18T23:48:59.1655311Z # logistics\_etl.repository
2025-08-18T23:48:59.1655532Z 
2025-08-18T23:48:59.1655643Z <a id="alert_bot"></a>
2025-08-18T23:48:59.1655838Z 
2025-08-18T23:48:59.1655942Z # alert\_bot
2025-08-18T23:48:59.1656096Z 
2025-08-18T23:48:59.1656232Z <a id="alert_bot.tests.test_smoke"></a>
2025-08-18T23:48:59.1656499Z 
2025-08-18T23:48:59.1656624Z # alert\_bot.tests.test\_smoke
2025-08-18T23:48:59.1656848Z 
2025-08-18T23:48:59.1656975Z <a id="alert_bot.tests"></a>
2025-08-18T23:48:59.1657190Z 
2025-08-18T23:48:59.1657289Z # alert\_bot.tests
2025-08-18T23:48:59.1657452Z 
2025-08-18T23:48:59.1657586Z <a id="alert_bot.alert_bot"></a>
2025-08-18T23:48:59.1657818Z 
2025-08-18T23:48:59.1657926Z # alert\_bot.alert\_bot
2025-08-18T23:48:59.1658338Z 
2025-08-18T23:48:59.1658460Z <a id="alert_bot.rules"></a>
2025-08-18T23:48:59.1658666Z 
2025-08-18T23:48:59.1658773Z # alert\_bot.rules
2025-08-18T23:48:59.1658931Z 
2025-08-18T23:48:59.1659039Z <a id="common"></a>
2025-08-18T23:48:59.1659200Z 
2025-08-18T23:48:59.1659297Z # common
2025-08-18T23:48:59.1659432Z 
2025-08-18T23:48:59.1659551Z <a id="common.dsn"></a>
2025-08-18T23:48:59.1659748Z 
2025-08-18T23:48:59.1659845Z # common.dsn
2025-08-18T23:48:59.1659996Z 
2025-08-18T23:48:59.1660124Z <a id="common.dsn.build_dsn"></a>
2025-08-18T23:48:59.1660372Z 
2025-08-18T23:48:59.1660471Z #### build\_dsn
2025-08-18T23:48:59.1660627Z 
2025-08-18T23:48:59.1660956Z ```python
2025-08-18T23:48:59.1661240Z def build_dsn(sync: bool = True) -> str
2025-08-18T23:48:59.1661603Z ```
2025-08-18T23:48:59.1661729Z 
2025-08-18T23:48:59.1661934Z Return a Postgres DSN, validating required variables.
2025-08-18T23:48:59.1662267Z 
2025-08-18T23:48:59.1662768Z The function prefers explicit DSNs via ``PG_SYNC_DSN`` / ``PG_ASYNC_DSN`` or
2025-08-18T23:48:59.1663517Z ``DATABASE_URL``.  If those are absent it assembles a connection string from
2025-08-18T23:48:59.1664153Z ``PG_HOST`` and related variables and raises a helpful error when any are
2025-08-18T23:48:59.1664665Z missing.
2025-08-18T23:48:59.1664801Z 
2025-08-18T23:48:59.1664927Z <a id="common.models_vendor"></a>
2025-08-18T23:48:59.1665161Z 
2025-08-18T23:48:59.1665275Z # common.models\_vendor
2025-08-18T23:48:59.1665453Z 
2025-08-18T23:48:59.1665593Z <a id="common.models_vendor.Vendor"></a>
2025-08-18T23:48:59.1665867Z 
2025-08-18T23:48:59.1665964Z ## Vendor Objects
2025-08-18T23:48:59.1666125Z 
2025-08-18T23:48:59.1666227Z ```python
2025-08-18T23:48:59.1666466Z class Vendor(Base)
2025-08-18T23:48:59.1666723Z ```
2025-08-18T23:48:59.1666850Z 
2025-08-18T23:48:59.1666969Z Vendor of inventory items.
2025-08-18T23:48:59.1667182Z 
2025-08-18T23:48:59.1667351Z <a id="common.models_vendor.VendorPrice"></a>
2025-08-18T23:48:59.1667633Z 
2025-08-18T23:48:59.1667749Z ## VendorPrice Objects
2025-08-18T23:48:59.1667937Z 
2025-08-18T23:48:59.1668029Z ```python
2025-08-18T23:48:59.1668291Z class VendorPrice(Base)
2025-08-18T23:48:59.1668558Z ```
2025-08-18T23:48:59.1668683Z 
2025-08-18T23:48:59.1668847Z Association table linking vendors to pricing.
2025-08-18T23:48:59.1669129Z 
2025-08-18T23:48:59.1669239Z <a id="common.db_url"></a>
2025-08-18T23:48:59.1669438Z 
2025-08-18T23:48:59.1669537Z # common.db\_url
2025-08-18T23:48:59.1669698Z 
2025-08-18T23:48:59.1669825Z <a id="common.db_url.build_url"></a>
2025-08-18T23:48:59.1670091Z 
2025-08-18T23:48:59.1670189Z #### build\_url
2025-08-18T23:48:59.1670348Z 
2025-08-18T23:48:59.1670456Z ```python
2025-08-18T23:48:59.1670873Z def build_url(async_: bool = True) -> str
2025-08-18T23:48:59.1671241Z ```
2025-08-18T23:48:59.1671361Z 
2025-08-18T23:48:59.1671514Z Return Postgres DSN from env or PG_* parts.
2025-08-18T23:48:59.1671797Z 
2025-08-18T23:48:59.1671919Z <a id="common.keepa"></a>
2025-08-18T23:48:59.1672126Z 
2025-08-18T23:48:59.1672233Z # common.keepa
2025-08-18T23:48:59.1672392Z 
2025-08-18T23:48:59.1672503Z <a id="common.llm"></a>
2025-08-18T23:48:59.1672691Z 
2025-08-18T23:48:59.1672794Z # common.llm
2025-08-18T23:48:59.1672948Z 
2025-08-18T23:48:59.1673067Z <a id="common.settings"></a>
2025-08-18T23:48:59.1673291Z 
2025-08-18T23:48:59.1673400Z # common.settings
2025-08-18T23:48:59.1673555Z 
2025-08-18T23:48:59.1673660Z <a id="common.db"></a>
2025-08-18T23:48:59.1673854Z 
2025-08-18T23:48:59.1673953Z # common.db
2025-08-18T23:48:59.1674094Z 
2025-08-18T23:48:59.1674245Z <a id="common.db.build_sqlalchemy_url"></a>
2025-08-18T23:48:59.1674517Z 
2025-08-18T23:48:59.1674636Z #### build\_sqlalchemy\_url
2025-08-18T23:48:59.1674844Z 
2025-08-18T23:48:59.1674939Z ```python
2025-08-18T23:48:59.1675194Z def build_sqlalchemy_url() -> str
2025-08-18T23:48:59.1675518Z ```
2025-08-18T23:48:59.1675638Z 
2025-08-18T23:48:59.1675784Z Return Postgres URL for SQLAlchemy engines.
2025-08-18T23:48:59.1676066Z 
2025-08-18T23:48:59.1676376Z <a id="common.db.build_asyncpg_dsn"></a>
2025-08-18T23:48:59.1676642Z 
2025-08-18T23:48:59.1676761Z #### build\_asyncpg\_dsn
2025-08-18T23:48:59.1676956Z 
2025-08-18T23:48:59.1677057Z ```python
2025-08-18T23:48:59.1677324Z def build_asyncpg_dsn() -> str
2025-08-18T23:48:59.1677631Z ```
2025-08-18T23:48:59.1677764Z 
2025-08-18T23:48:59.1677970Z Return DSN suitable for asyncpg (without driver suffix).
2025-08-18T23:48:59.1678303Z 
2025-08-18T23:48:59.1678438Z <a id="common.db.refresh_mvs"></a>
2025-08-18T23:48:59.1678672Z 
2025-08-18T23:48:59.1678779Z #### refresh\_mvs
2025-08-18T23:48:59.1679015Z 
2025-08-18T23:48:59.1679122Z ```python
2025-08-18T23:48:59.1679426Z def refresh_mvs(conn: Engine | Connection) -> None
2025-08-18T23:48:59.1679831Z ```
2025-08-18T23:48:59.1679959Z 
2025-08-18T23:48:59.1680187Z Refresh materialized views, using CONCURRENTLY when safe.
2025-08-18T23:48:59.1680541Z 
2025-08-18T23:48:59.1680665Z <a id="common.config"></a>
2025-08-18T23:48:59.1681182Z 
2025-08-18T23:48:59.1681313Z # common.config
2025-08-18T23:48:59.1681480Z 
2025-08-18T23:48:59.1681598Z <a id="common.base"></a>
2025-08-18T23:48:59.1681798Z 
2025-08-18T23:48:59.1681901Z # common.base
2025-08-18T23:48:59.1682055Z 
2025-08-18T23:48:59.1682181Z <a id="common.base.Base"></a>
2025-08-18T23:48:59.1682406Z 
2025-08-18T23:48:59.1682511Z ## Base Objects
2025-08-18T23:48:59.1682660Z 
2025-08-18T23:48:59.1682761Z ```python
2025-08-18T23:48:59.1683011Z class Base(DeclarativeBase)
2025-08-18T23:48:59.1683308Z ```
2025-08-18T23:48:59.1683431Z 
2025-08-18T23:48:59.1683559Z Base class for SQLAlchemy models.
2025-08-18T23:48:59.1683799Z 
2025-08-18T23:48:59.1683911Z <a id="repricer"></a>
2025-08-18T23:48:59.1684085Z 
2025-08-18T23:48:59.1684176Z # repricer
2025-08-18T23:48:59.1684319Z 
2025-08-18T23:48:59.1684447Z <a id="repricer.app.schemas"></a>
2025-08-18T23:48:59.1684678Z 
2025-08-18T23:48:59.1684802Z # repricer.app.schemas
2025-08-18T23:48:59.1684986Z 
2025-08-18T23:48:59.1685123Z <a id="repricer.app.deps"></a>
2025-08-18T23:48:59.1685348Z 
2025-08-18T23:48:59.1685471Z # repricer.app.deps
2025-08-18T23:48:59.1685648Z 
2025-08-18T23:48:59.1685821Z Placeholder module for Keepa / SP-API clients.
2025-08-18T23:48:59.1686131Z 
2025-08-18T23:48:59.1686260Z <a id="repricer.app.logic"></a>
2025-08-18T23:48:59.1686478Z 
2025-08-18T23:48:59.1686598Z # repricer.app.logic
2025-08-18T23:48:59.1686780Z 
2025-08-18T23:48:59.1686935Z <a id="repricer.app.logic.MIN_MARGIN"></a>
2025-08-18T23:48:59.1687202Z 
2025-08-18T23:48:59.1687311Z #### MIN\_MARGIN
2025-08-18T23:48:59.1687467Z 
2025-08-18T23:48:59.1687563Z 15 % ROI
2025-08-18T23:48:59.1687703Z 
2025-08-18T23:48:59.1687863Z <a id="repricer.app.logic.compute_price"></a>
2025-08-18T23:48:59.1688156Z 
2025-08-18T23:48:59.1688274Z #### compute\_price
2025-08-18T23:48:59.1688438Z 
2025-08-18T23:48:59.1688534Z ```python
2025-08-18T23:48:59.1688913Z def compute_price(asin: str, cost: Decimal, fees: Decimal) -> Decimal
2025-08-18T23:48:59.1689368Z ```
2025-08-18T23:48:59.1689505Z 
2025-08-18T23:48:59.1689684Z Toy algorithm: ensure 15 % ROI and round to cents.
2025-08-18T23:48:59.1690121Z Replace with real competitive logic later.
2025-08-18T23:48:59.1690388Z 
2025-08-18T23:48:59.1690510Z <a id="repricer.app.main"></a>
2025-08-18T23:48:59.1690869Z 
2025-08-18T23:48:59.1690991Z # repricer.app.main
2025-08-18T23:48:59.1691167Z 
2025-08-18T23:48:59.1691293Z <a id="repricer.app"></a>
2025-08-18T23:48:59.1691498Z 
2025-08-18T23:48:59.1691615Z # repricer.app
2025-08-18T23:48:59.1691783Z 
2025-08-18T23:48:59.1691931Z <a id="repricer.tests.test_imports"></a>
2025-08-18T23:48:59.1692197Z 
2025-08-18T23:48:59.1692327Z # repricer.tests.test\_imports
2025-08-18T23:48:59.1692540Z 
2025-08-18T23:48:59.1692688Z <a id="repricer.tests.test_smoke"></a>
2025-08-18T23:48:59.1692941Z 
2025-08-18T23:48:59.1693069Z # repricer.tests.test\_smoke
2025-08-18T23:48:59.1693290Z 
2025-08-18T23:48:59.1693418Z <a id="repricer.tests"></a>
2025-08-18T23:48:59.1693625Z 
2025-08-18T23:48:59.1693740Z # repricer.tests
2025-08-18T23:48:59.1694086Z 
2025-08-18T23:48:59.1694189Z <a id="db"></a>
2025-08-18T23:48:59.1694349Z 
2025-08-18T23:48:59.1694444Z # db
2025-08-18T23:48:59.1694583Z 
2025-08-18T23:48:59.1694697Z <a id="db.utils.views"></a>
2025-08-18T23:48:59.1694902Z 
2025-08-18T23:48:59.1695015Z # db.utils.views
2025-08-18T23:48:59.1695172Z 
2025-08-18T23:48:59.1695318Z <a id="db.utils.views.replace_view"></a>
2025-08-18T23:48:59.1695594Z 
2025-08-18T23:48:59.1695700Z #### replace\_view
2025-08-18T23:48:59.1695858Z 
2025-08-18T23:48:59.1695952Z ```python
2025-08-18T23:48:59.1696259Z def replace_view(name: str, new_sql: str) -> None
2025-08-18T23:48:59.1696630Z ```
2025-08-18T23:48:59.1696765Z 
2025-08-18T23:48:59.1696908Z Drop and recreate a SQL view atomically.
2025-08-18T23:48:59.1697173Z 
2025-08-18T23:48:59.1697293Z <a id="db.utils"></a>
2025-08-18T23:48:59.1697475Z 
2025-08-18T23:48:59.1697571Z # db.utils
2025-08-18T23:48:59.1697720Z 
2025-08-18T23:48:59.1697841Z <a id="price_importer"></a>
2025-08-18T23:48:59.1698259Z 
2025-08-18T23:48:59.1698381Z # price\_importer
2025-08-18T23:48:59.1698549Z 
2025-08-18T23:48:59.1698714Z <a id="price_importer.services_common.dsn"></a>
2025-08-18T23:48:59.1698997Z 
2025-08-18T23:48:59.1699141Z # price\_importer.services\_common.dsn
2025-08-18T23:48:59.1699391Z 
2025-08-18T23:48:59.1699580Z <a id="price_importer.services_common.dsn.build_dsn"></a>
2025-08-18T23:48:59.1699912Z 
2025-08-18T23:48:59.1700013Z #### build\_dsn
2025-08-18T23:48:59.1700170Z 
2025-08-18T23:48:59.1700265Z ```python
2025-08-18T23:48:59.1700534Z def build_dsn(sync: bool = True) -> str
2025-08-18T23:48:59.1701062Z ```
2025-08-18T23:48:59.1701206Z 
2025-08-18T23:48:59.1701311Z Return safe DSN.
2025-08-18T23:48:59.1701479Z 
2025-08-18T23:48:59.1702033Z sync=True → SQLAlchemy (+psycopg) else plain asyncpg.
2025-08-18T23:48:59.1702359Z 
2025-08-18T23:48:59.1702568Z <a id="price_importer.services_common.models_vendor"></a>
2025-08-18T23:48:59.1702908Z 
2025-08-18T23:48:59.1703098Z # price\_importer.services\_common.models\_vendor
2025-08-18T23:48:59.1703427Z 
2025-08-18T23:48:59.1703610Z <a id="price_importer.services_common.db_url"></a>
2025-08-18T23:48:59.1703936Z 
2025-08-18T23:48:59.1704095Z # price\_importer.services\_common.db\_url
2025-08-18T23:48:59.1704391Z 
2025-08-18T23:48:59.1704628Z <a id="price_importer.services_common.db_url.build_url"></a>
2025-08-18T23:48:59.1705000Z 
2025-08-18T23:48:59.1705111Z #### build\_url
2025-08-18T23:48:59.1705288Z 
2025-08-18T23:48:59.1705391Z ```python
2025-08-18T23:48:59.1705687Z def build_url(async_: bool = True) -> str
2025-08-18T23:48:59.1706068Z ```
2025-08-18T23:48:59.1706201Z 
2025-08-18T23:48:59.1706381Z Return Postgres DSN from env or PG_* parts.
2025-08-18T23:48:59.1706713Z 
2025-08-18T23:48:59.1706889Z <a id="price_importer.services_common.keepa"></a>
2025-08-18T23:48:59.1707210Z 
2025-08-18T23:48:59.1707362Z # price\_importer.services\_common.keepa
2025-08-18T23:48:59.1707647Z 
2025-08-18T23:48:59.1707816Z <a id="price_importer.services_common.llm"></a>
2025-08-18T23:48:59.1708141Z 
2025-08-18T23:48:59.1708293Z # price\_importer.services\_common.llm
2025-08-18T23:48:59.1708568Z 
2025-08-18T23:48:59.1708763Z <a id="price_importer.services_common.settings"></a>
2025-08-18T23:48:59.1709091Z 
2025-08-18T23:48:59.1709244Z # price\_importer.services\_common.settings
2025-08-18T23:48:59.1709537Z 
2025-08-18T23:48:59.1709698Z <a id="price_importer.services_common.db"></a>
2025-08-18T23:48:59.1709997Z 
2025-08-18T23:48:59.1710146Z # price\_importer.services\_common.db
2025-08-18T23:48:59.1710422Z 
2025-08-18T23:48:59.1710673Z <a id="price_importer.services_common.db.build_sqlalchemy_url"></a>
2025-08-18T23:48:59.1711224Z 
2025-08-18T23:48:59.1711366Z #### build\_sqlalchemy\_url
2025-08-18T23:48:59.1711582Z 
2025-08-18T23:48:59.1711687Z ```python
2025-08-18T23:48:59.1711978Z def build_sqlalchemy_url() -> str
2025-08-18T23:48:59.1712329Z ```
2025-08-18T23:48:59.1712478Z 
2025-08-18T23:48:59.1712643Z Return Postgres URL for SQLAlchemy engines.
2025-08-18T23:48:59.1712950Z 
2025-08-18T23:48:59.1713204Z <a id="price_importer.services_common.db.build_asyncpg_dsn"></a>
2025-08-18T23:48:59.1713778Z 
2025-08-18T23:48:59.1713905Z #### build\_asyncpg\_dsn
2025-08-18T23:48:59.1714111Z 
2025-08-18T23:48:59.1714219Z ```python
2025-08-18T23:48:59.1714494Z def build_asyncpg_dsn() -> str
2025-08-18T23:48:59.1714822Z ```
2025-08-18T23:48:59.1714955Z 
2025-08-18T23:48:59.1715169Z Return DSN suitable for asyncpg (without driver suffix).
2025-08-18T23:48:59.1715533Z 
2025-08-18T23:48:59.1715753Z <a id="price_importer.services_common.db.refresh_mvs"></a>
2025-08-18T23:48:59.1716116Z 
2025-08-18T23:48:59.1716234Z #### refresh\_mvs
2025-08-18T23:48:59.1716412Z 
2025-08-18T23:48:59.1716516Z ```python
2025-08-18T23:48:59.1716854Z def refresh_mvs(conn: Engine | Connection) -> None
2025-08-18T23:48:59.1717268Z ```
2025-08-18T23:48:59.1717415Z 
2025-08-18T23:48:59.1717648Z Refresh materialized views, using CONCURRENTLY when safe.
2025-08-18T23:48:59.1718015Z 
2025-08-18T23:48:59.1718333Z <a id="price_importer.services_common"></a>
2025-08-18T23:48:59.1718668Z 
2025-08-18T23:48:59.1718814Z # price\_importer.services\_common
2025-08-18T23:48:59.1719078Z 
2025-08-18T23:48:59.1719265Z <a id="price_importer.services_common.base"></a>
2025-08-18T23:48:59.1719595Z 
2025-08-18T23:48:59.1719746Z # price\_importer.services\_common.base
2025-08-18T23:48:59.1720037Z 
2025-08-18T23:48:59.1720189Z <a id="price_importer.normaliser"></a>
2025-08-18T23:48:59.1720471Z 
2025-08-18T23:48:59.1720610Z # price\_importer.normaliser
2025-08-18T23:48:59.1721016Z 
2025-08-18T23:48:59.1721197Z <a id="price_importer.common.models_vendor"></a>
2025-08-18T23:48:59.1721525Z 
2025-08-18T23:48:59.1721690Z # price\_importer.common.models\_vendor
2025-08-18T23:48:59.1721980Z 
2025-08-18T23:48:59.1722139Z <a id="price_importer.common.db_url"></a>
2025-08-18T23:48:59.1722437Z 
2025-08-18T23:48:59.1722580Z # price\_importer.common.db\_url
2025-08-18T23:48:59.1722837Z 
2025-08-18T23:48:59.1723075Z <a id="price_importer.common.db_url.make_dsn"></a>
2025-08-18T23:48:59.1723417Z 
2025-08-18T23:48:59.1723527Z #### make\_dsn
2025-08-18T23:48:59.1723693Z 
2025-08-18T23:48:59.1723808Z ```python
2025-08-18T23:48:59.1724098Z def make_dsn(async_: bool = False) -> str
2025-08-18T23:48:59.1724483Z ```
2025-08-18T23:48:59.1724624Z 
2025-08-18T23:48:59.1724829Z Return DSN built from either PG_* or POSTGRES_* vars.
2025-08-18T23:48:59.1725193Z 
2025-08-18T23:48:59.1725389Z <a id="price_importer.common.db_url.build_url"></a>
2025-08-18T23:48:59.1725729Z 
2025-08-18T23:48:59.1725846Z #### build\_url
2025-08-18T23:48:59.1726017Z 
2025-08-18T23:48:59.1726120Z ```python
2025-08-18T23:48:59.1726391Z def build_url(async_: bool = False) -> str
2025-08-18T23:48:59.1726739Z ```
2025-08-18T23:48:59.1726869Z 
2025-08-18T23:48:59.1727078Z Return Postgres DSN built from environment variables.
2025-08-18T23:48:59.1727432Z 
2025-08-18T23:48:59.1727578Z <a id="price_importer.common"></a>
2025-08-18T23:48:59.1727858Z 
2025-08-18T23:48:59.1727991Z # price\_importer.common
2025-08-18T23:48:59.1728219Z 
2025-08-18T23:48:59.1728391Z <a id="price_importer.common.base"></a>
2025-08-18T23:48:59.1728665Z 
2025-08-18T23:48:59.1728797Z # price\_importer.common.base
2025-08-18T23:48:59.1729030Z 
2025-08-18T23:48:59.1729186Z <a id="price_importer.tests.conftest"></a>
2025-08-18T23:48:59.1729471Z 
2025-08-18T23:48:59.1729607Z # price\_importer.tests.conftest
2025-08-18T23:48:59.1729879Z 
2025-08-18T23:48:59.1730041Z <a id="price_importer.tests.test_reader"></a>
2025-08-18T23:48:59.1730331Z 
2025-08-18T23:48:59.1730476Z # price\_importer.tests.test\_reader
2025-08-18T23:48:59.1730876Z 
2025-08-18T23:48:59.1731044Z <a id="price_importer.tests.test_imports"></a>
2025-08-18T23:48:59.1731339Z 
2025-08-18T23:48:59.1731479Z # price\_importer.tests.test\_imports
2025-08-18T23:48:59.1731738Z 
2025-08-18T23:48:59.1731887Z <a id="price_importer.tests.test_smoke"></a>
2025-08-18T23:48:59.1732172Z 
2025-08-18T23:48:59.1732310Z # price\_importer.tests.test\_smoke
2025-08-18T23:48:59.1732558Z 
2025-08-18T23:48:59.1732741Z <a id="price_importer.tests.test_normaliser"></a>
2025-08-18T23:48:59.1733212Z 
2025-08-18T23:48:59.1733367Z # price\_importer.tests.test\_normaliser
2025-08-18T23:48:59.1733657Z 
2025-08-18T23:48:59.1733797Z <a id="price_importer.tests"></a>
2025-08-18T23:48:59.1734045Z 
2025-08-18T23:48:59.1734167Z # price\_importer.tests
2025-08-18T23:48:59.1734378Z 
2025-08-18T23:48:59.1734515Z <a id="price_importer.reader"></a>
2025-08-18T23:48:59.1734769Z 
2025-08-18T23:48:59.1734900Z # price\_importer.reader
2025-08-18T23:48:59.1735107Z 
2025-08-18T23:48:59.1735251Z <a id="price_importer.repository"></a>
2025-08-18T23:48:59.1735527Z 
2025-08-18T23:48:59.1735660Z # price\_importer.repository
2025-08-18T23:48:59.1735889Z 
2025-08-18T23:48:59.1736026Z <a id="price_importer.import"></a>
2025-08-18T23:48:59.1736281Z 
2025-08-18T23:48:59.1736407Z # price\_importer.import
2025-08-18T23:48:59.1736611Z 
2025-08-18T23:48:59.1736730Z <a id="fees_h10"></a>
2025-08-18T23:48:59.1736911Z 
2025-08-18T23:48:59.1737179Z # fees\_h10
2025-08-18T23:48:59.1737357Z 
2025-08-18T23:48:59.1737479Z <a id="fees_h10.worker"></a>
2025-08-18T23:48:59.1737698Z 
2025-08-18T23:48:59.1737800Z # fees\_h10.worker
2025-08-18T23:48:59.1737969Z 
2025-08-18T23:48:59.1738118Z <a id="fees_h10.worker.list_active_asins"></a>
2025-08-18T23:48:59.1738384Z 
2025-08-18T23:48:59.1738500Z #### list\_active\_asins
2025-08-18T23:48:59.1738682Z 
2025-08-18T23:48:59.1738772Z ```python
2025-08-18T23:48:59.1739016Z def list_active_asins() -> list[str]
2025-08-18T23:48:59.1739313Z ```
2025-08-18T23:48:59.1739432Z 
2025-08-18T23:48:59.1739591Z Return known ASINs or an empty list if unavailable.
2025-08-18T23:48:59.1739863Z 
2025-08-18T23:48:59.1739981Z <a id="fees_h10.tests.test_smoke"></a>
2025-08-18T23:48:59.1740210Z 
2025-08-18T23:48:59.1740320Z # fees\_h10.tests.test\_smoke
2025-08-18T23:48:59.1740512Z 
2025-08-18T23:48:59.1740625Z <a id="fees_h10.tests"></a>
2025-08-18T23:48:59.1740959Z 
2025-08-18T23:48:59.1741055Z # fees\_h10.tests
2025-08-18T23:48:59.1741220Z 
2025-08-18T23:48:59.1741327Z <a id="fees_h10.client"></a>
2025-08-18T23:48:59.1741520Z 
2025-08-18T23:48:59.1741610Z # fees\_h10.client
2025-08-18T23:48:59.1741760Z 
2025-08-18T23:48:59.1741873Z <a id="fees_h10.repository"></a>
2025-08-18T23:48:59.1742073Z 
2025-08-18T23:48:59.1742180Z # fees\_h10.repository
2025-08-18T23:48:59.1742342Z 
2025-08-18T23:48:59.1742444Z <a id="emailer"></a>
2025-08-18T23:48:59.1742602Z 
2025-08-18T23:48:59.1742697Z # emailer
2025-08-18T23:48:59.1742821Z 
2025-08-18T23:48:59.1742962Z <a id="emailer.tests.test_import_emailer"></a>
2025-08-18T23:48:59.1743221Z 
2025-08-18T23:48:59.1743350Z # emailer.tests.test\_import\_emailer
2025-08-18T23:48:59.1743600Z 
2025-08-18T23:48:59.1743751Z <a id="emailer.tests.test_smoke"></a>
2025-08-18T23:48:59.1744037Z 
2025-08-18T23:48:59.1744157Z # emailer.tests.test\_smoke
2025-08-18T23:48:59.1744364Z 
2025-08-18T23:48:59.1744505Z <a id="emailer.tests"></a>
2025-08-18T23:48:59.1744729Z 
2025-08-18T23:48:59.1744839Z # emailer.tests
2025-08-18T23:48:59.1745029Z 
2025-08-18T23:48:59.1745177Z <a id="emailer.generate_body"></a>
2025-08-18T23:48:59.1745425Z 
2025-08-18T23:48:59.1745546Z # emailer.generate\_body
2025-08-18T23:48:59.1745732Z 
2025-08-18T23:48:59.1745835Z <a id="llm_server"></a>
2025-08-18T23:48:59.1746008Z 
2025-08-18T23:48:59.1746123Z # llm\_server
2025-08-18T23:48:59.1746288Z 
2025-08-18T23:48:59.1746424Z <a id="llm_server.app"></a>
2025-08-18T23:48:59.1746657Z 
2025-08-18T23:48:59.1746768Z # llm\_server.app
2025-08-18T23:48:59.1746947Z 
2025-08-18T23:48:59.2032275Z ##[group]Run peaceiris/actions-gh-pages@v3
2025-08-18T23:48:59.2032565Z with:
2025-08-18T23:48:59.2032954Z   github_token: ***
2025-08-18T23:48:59.2033159Z   publish_branch: gh-pages
2025-08-18T23:48:59.2033375Z   publish_dir: docs/api
2025-08-18T23:48:59.2033577Z   allow_empty_commit: false
2025-08-18T23:48:59.2033771Z   keep_files: false
2025-08-18T23:48:59.2033947Z   force_orphan: false
2025-08-18T23:48:59.2034132Z   enable_jekyll: false
2025-08-18T23:48:59.2034323Z   disable_nojekyll: false
2025-08-18T23:48:59.2034700Z   exclude_assets: .github
2025-08-18T23:48:59.2034884Z env:
2025-08-18T23:48:59.2035102Z   pythonLocation: /opt/hostedtoolcache/Python/3.11.13/x64
2025-08-18T23:48:59.2035495Z   PKG_CONFIG_PATH: /opt/hostedtoolcache/Python/3.11.13/x64/lib/pkgconfig
2025-08-18T23:48:59.2035877Z   Python_ROOT_DIR: /opt/hostedtoolcache/Python/3.11.13/x64
2025-08-18T23:48:59.2036206Z   Python2_ROOT_DIR: /opt/hostedtoolcache/Python/3.11.13/x64
2025-08-18T23:48:59.2036558Z   Python3_ROOT_DIR: /opt/hostedtoolcache/Python/3.11.13/x64
2025-08-18T23:48:59.2036906Z   LD_LIBRARY_PATH: /opt/hostedtoolcache/Python/3.11.13/x64/lib
2025-08-18T23:48:59.2037182Z ##[endgroup]
2025-08-18T23:48:59.2645899Z [INFO] Usage https://github.com/peaceiris/actions-gh-pages#readme
2025-08-18T23:48:59.2651506Z ##[group]Dump inputs
2025-08-18T23:48:59.2651940Z [INFO] GithubToken: true
2025-08-18T23:48:59.2652356Z [INFO] PublishBranch: gh-pages
2025-08-18T23:48:59.2652805Z [INFO] PublishDir: docs/api
2025-08-18T23:48:59.2653202Z [INFO] DestinationDir: 
2025-08-18T23:48:59.2653627Z [INFO] ExternalRepository: 
2025-08-18T23:48:59.2654042Z [INFO] AllowEmptyCommit: false
2025-08-18T23:48:59.2654474Z [INFO] KeepFiles: false
2025-08-18T23:48:59.2654854Z [INFO] ForceOrphan: false
2025-08-18T23:48:59.2655528Z [INFO] UserName: 
2025-08-18T23:48:59.2684642Z [INFO] UserEmail: 
2025-08-18T23:48:59.2684998Z [INFO] CommitMessage: 
2025-08-18T23:48:59.2685367Z [INFO] FullCommitMessage: 
2025-08-18T23:48:59.2685712Z [INFO] TagName: 
2025-08-18T23:48:59.2686003Z [INFO] TagMessage: 
2025-08-18T23:48:59.2686361Z [INFO] EnableJekyll (DisableNoJekyll): false
2025-08-18T23:48:59.2686811Z [INFO] CNAME: 
2025-08-18T23:48:59.2687130Z [INFO] ExcludeAssets .github
2025-08-18T23:48:59.2687374Z 
2025-08-18T23:48:59.2687789Z ##[endgroup]
2025-08-18T23:48:59.2688320Z ##[group]Setup auth token
2025-08-18T23:48:59.2688675Z [INFO] setup GITHUB_TOKEN
2025-08-18T23:48:59.2689958Z ##[endgroup]
2025-08-18T23:48:59.2690482Z ##[group]Prepare publishing assets
2025-08-18T23:48:59.2691292Z [INFO] ForceOrphan: false
2025-08-18T23:48:59.2717370Z [command]/usr/bin/git clone --depth=1 --single-branch --branch gh-pages ***github.com/AlexBomber12/AWA-App.git /home/runner/actions_github_pages_1755560939265
2025-08-18T23:48:59.2752989Z Cloning into '/home/runner/actions_github_pages_1755560939265'...
2025-08-18T23:48:59.7166221Z [INFO] clean up /home/runner/actions_github_pages_1755560939265
2025-08-18T23:48:59.7166938Z [INFO] chdir /home/runner/actions_github_pages_1755560939265
2025-08-18T23:48:59.7179787Z [command]/usr/bin/git rm -r --ignore-unmatch *
2025-08-18T23:48:59.7206030Z rm '.gitkeep'
2025-08-18T23:48:59.7206351Z rm '.nojekyll'
2025-08-18T23:48:59.7211198Z [INFO] chdir /home/runner/actions_github_pages_1755560939265
2025-08-18T23:48:59.7211977Z [INFO] prepare publishing assets
2025-08-18T23:48:59.7213527Z [INFO] copy /home/runner/work/AWA-App/AWA-App/docs/api to /home/runner/actions_github_pages_1755560939265
2025-08-18T23:48:59.7243854Z cp: no such file or directory: /home/runner/work/AWA-App/AWA-App/docs/api/*
2025-08-18T23:48:59.7253190Z [INFO] delete excluded assets
2025-08-18T23:48:59.7283469Z rm: no paths given
2025-08-18T23:48:59.7285396Z [INFO] Created /home/runner/actions_github_pages_1755560939265/.nojekyll
2025-08-18T23:48:59.7286916Z ##[endgroup]
2025-08-18T23:48:59.7287647Z ##[group]Setup Git config
2025-08-18T23:48:59.7305081Z [command]/usr/bin/git remote rm origin
2025-08-18T23:48:59.7354666Z [command]/usr/bin/git remote add origin ***github.com/AlexBomber12/AWA-App.git
2025-08-18T23:48:59.7394013Z [command]/usr/bin/git add --all
2025-08-18T23:48:59.7435741Z [command]/usr/bin/git config user.name AlexBomber12
2025-08-18T23:48:59.7476869Z [command]/usr/bin/git config user.email AlexBomber12@users.noreply.github.com
2025-08-18T23:48:59.7505515Z ##[endgroup]
2025-08-18T23:48:59.7505892Z ##[group]Create a commit
2025-08-18T23:48:59.7516928Z [command]/usr/bin/git commit -m deploy: 0ede8016d9ec4509d2317d7ca0b02ab0b02b1738
2025-08-18T23:48:59.7544246Z On branch gh-pages
2025-08-18T23:48:59.7544929Z nothing to commit, working tree clean
2025-08-18T23:48:59.7549225Z [INFO] skip commit
2025-08-18T23:48:59.7550157Z ##[endgroup]
2025-08-18T23:48:59.7551006Z ##[group]Push the commit or tag
2025-08-18T23:48:59.7562053Z [command]/usr/bin/git push origin gh-pages
2025-08-18T23:49:00.1305854Z Everything up-to-date
2025-08-18T23:49:00.1339103Z ##[endgroup]
2025-08-18T23:49:00.1339472Z [INFO] Action successfully completed
2025-08-18T23:49:00.1430324Z Post job cleanup.
2025-08-18T23:49:00.3094971Z Post job cleanup.
2025-08-18T23:49:00.4031158Z [command]/usr/bin/git version
2025-08-18T23:49:00.4067095Z git version 2.50.1
2025-08-18T23:49:00.4111855Z Temporarily overriding HOME='/home/runner/work/_temp/565ffd64-fde9-4f72-afee-c3ab07db8b6b' before making global git config changes
2025-08-18T23:49:00.4113191Z Adding repository directory to the temporary git global config as a safe directory
2025-08-18T23:49:00.4125445Z [command]/usr/bin/git config --global --add safe.directory /home/runner/work/AWA-App/AWA-App
2025-08-18T23:49:00.4159576Z [command]/usr/bin/git config --local --name-only --get-regexp core\.sshCommand
2025-08-18T23:49:00.4191891Z [command]/usr/bin/git submodule foreach --recursive sh -c "git config --local --name-only --get-regexp 'core\.sshCommand' && git config --local --unset-all 'core.sshCommand' || :"
2025-08-18T23:49:00.4417152Z [command]/usr/bin/git config --local --name-only --get-regexp http\.https\:\/\/github\.com\/\.extraheader
2025-08-18T23:49:00.4437494Z http.https://github.com/.extraheader
2025-08-18T23:49:00.4452388Z [command]/usr/bin/git config --local --unset-all http.https://github.com/.extraheader
2025-08-18T23:49:00.4481616Z [command]/usr/bin/git submodule foreach --recursive sh -c "git config --local --name-only --get-regexp 'http\.https\:\/\/github\.com\/\.extraheader' && git config --local --unset-all 'http.https://github.com/.extraheader' || :"
2025-08-18T23:49:00.4801077Z Cleaning up orphan processes
