2025-08-19T14:21:43.0037651Z Current runner version: '2.327.1'
2025-08-19T14:21:43.0071637Z ##[group]Runner Image Provisioner
2025-08-19T14:21:43.0072867Z Hosted Compute Agent
2025-08-19T14:21:43.0073681Z Version: 20250818.377
2025-08-19T14:21:43.0075077Z Commit: 3c593e9f75fe0b87e893bca80d6e12ba089c61fc
2025-08-19T14:21:43.0076269Z Build Date: 2025-08-18T14:52:18Z
2025-08-19T14:21:43.0077306Z ##[endgroup]
2025-08-19T14:21:43.0078210Z ##[group]Operating System
2025-08-19T14:21:43.0079069Z Ubuntu
2025-08-19T14:21:43.0079990Z 24.04.2
2025-08-19T14:21:43.0080713Z LTS
2025-08-19T14:21:43.0081448Z ##[endgroup]
2025-08-19T14:21:43.0082268Z ##[group]Runner Image
2025-08-19T14:21:43.0083257Z Image: ubuntu-24.04
2025-08-19T14:21:43.0084110Z Version: 20250810.1.0
2025-08-19T14:21:43.0086279Z Included Software: https://github.com/actions/runner-images/blob/ubuntu24/20250810.1/images/ubuntu/Ubuntu2404-Readme.md
2025-08-19T14:21:43.0089005Z Image Release: https://github.com/actions/runner-images/releases/tag/ubuntu24%2F20250810.1
2025-08-19T14:21:43.0090882Z ##[endgroup]
2025-08-19T14:21:43.0095472Z ##[group]GITHUB_TOKEN Permissions
2025-08-19T14:21:43.0098147Z Actions: write
2025-08-19T14:21:43.0098956Z Attestations: write
2025-08-19T14:21:43.0099884Z Checks: write
2025-08-19T14:21:43.0100688Z Contents: write
2025-08-19T14:21:43.0101484Z Deployments: write
2025-08-19T14:21:43.0102404Z Discussions: write
2025-08-19T14:21:43.0103218Z Issues: write
2025-08-19T14:21:43.0104060Z Metadata: read
2025-08-19T14:21:43.0105039Z Models: read
2025-08-19T14:21:43.0105839Z Packages: write
2025-08-19T14:21:43.0106629Z Pages: write
2025-08-19T14:21:43.0107603Z PullRequests: write
2025-08-19T14:21:43.0108477Z RepositoryProjects: write
2025-08-19T14:21:43.0109435Z SecurityEvents: write
2025-08-19T14:21:43.0110639Z Statuses: write
2025-08-19T14:21:43.0111436Z ##[endgroup]
2025-08-19T14:21:43.0114571Z Secret source: Actions
2025-08-19T14:21:43.0116058Z Prepare workflow directory
2025-08-19T14:21:43.0590436Z Prepare all required actions
2025-08-19T14:21:43.0648665Z Getting action download info
2025-08-19T14:21:43.2987045Z Download action repository 'actions/checkout@v4' (SHA:08eba0b27e820071cde6df949e0beb9ba4906955)
2025-08-19T14:21:43.5645464Z Download action repository 'actions/setup-python@v5' (SHA:a26af69be951a213d495a4c3e4e4022e16d87065)
2025-08-19T14:21:43.9971370Z Download action repository 'peaceiris/actions-gh-pages@v3' (SHA:373f7f263a76c20808c831209c920827a82a2847)
2025-08-19T14:21:44.2491159Z Complete job name: publish
2025-08-19T14:21:44.3177243Z ##[group]Run actions/checkout@v4
2025-08-19T14:21:44.3178106Z with:
2025-08-19T14:21:44.3178521Z   repository: AlexBomber12/AWA-App
2025-08-19T14:21:44.3179208Z   token: ***
2025-08-19T14:21:44.3179608Z   ssh-strict: true
2025-08-19T14:21:44.3180022Z   ssh-user: git
2025-08-19T14:21:44.3180448Z   persist-credentials: true
2025-08-19T14:21:44.3181068Z   clean: true
2025-08-19T14:21:44.3181498Z   sparse-checkout-cone-mode: true
2025-08-19T14:21:44.3181993Z   fetch-depth: 1
2025-08-19T14:21:44.3182404Z   fetch-tags: false
2025-08-19T14:21:44.3182846Z   show-progress: true
2025-08-19T14:21:44.3183288Z   lfs: false
2025-08-19T14:21:44.3183681Z   submodules: false
2025-08-19T14:21:44.3184112Z   set-safe-directory: true
2025-08-19T14:21:44.3185045Z ##[endgroup]
2025-08-19T14:21:44.4245257Z Syncing repository: AlexBomber12/AWA-App
2025-08-19T14:21:44.4247134Z ##[group]Getting Git version info
2025-08-19T14:21:44.4247848Z Working directory is '/home/runner/work/AWA-App/AWA-App'
2025-08-19T14:21:44.4248900Z [command]/usr/bin/git version
2025-08-19T14:21:44.4310000Z git version 2.50.1
2025-08-19T14:21:44.4342692Z ##[endgroup]
2025-08-19T14:21:44.4356490Z Temporarily overriding HOME='/home/runner/work/_temp/ea804a26-0b4d-409b-82e7-ee742d206459' before making global git config changes
2025-08-19T14:21:44.4358093Z Adding repository directory to the temporary git global config as a safe directory
2025-08-19T14:21:44.4361263Z [command]/usr/bin/git config --global --add safe.directory /home/runner/work/AWA-App/AWA-App
2025-08-19T14:21:44.4397511Z Deleting the contents of '/home/runner/work/AWA-App/AWA-App'
2025-08-19T14:21:44.4401008Z ##[group]Initializing the repository
2025-08-19T14:21:44.4404573Z [command]/usr/bin/git init /home/runner/work/AWA-App/AWA-App
2025-08-19T14:21:44.4468420Z hint: Using 'master' as the name for the initial branch. This default branch name
2025-08-19T14:21:44.4470278Z hint: is subject to change. To configure the initial branch name to use in all
2025-08-19T14:21:44.4471976Z hint: of your new repositories, which will suppress this warning, call:
2025-08-19T14:21:44.4473165Z hint:
2025-08-19T14:21:44.4473919Z hint: 	git config --global init.defaultBranch <name>
2025-08-19T14:21:44.4474519Z hint:
2025-08-19T14:21:44.4475324Z hint: Names commonly chosen instead of 'master' are 'main', 'trunk' and
2025-08-19T14:21:44.4476252Z hint: 'development'. The just-created branch can be renamed via this command:
2025-08-19T14:21:44.4476967Z hint:
2025-08-19T14:21:44.4477370Z hint: 	git branch -m <name>
2025-08-19T14:21:44.4477959Z hint:
2025-08-19T14:21:44.4478963Z hint: Disable this message with "git config set advice.defaultBranchName false"
2025-08-19T14:21:44.4479964Z Initialized empty Git repository in /home/runner/work/AWA-App/AWA-App/.git/
2025-08-19T14:21:44.4483345Z [command]/usr/bin/git remote add origin https://github.com/AlexBomber12/AWA-App
2025-08-19T14:21:44.4515945Z ##[endgroup]
2025-08-19T14:21:44.4516708Z ##[group]Disabling automatic garbage collection
2025-08-19T14:21:44.4519661Z [command]/usr/bin/git config --local gc.auto 0
2025-08-19T14:21:44.4547024Z ##[endgroup]
2025-08-19T14:21:44.4547734Z ##[group]Setting up auth
2025-08-19T14:21:44.4553819Z [command]/usr/bin/git config --local --name-only --get-regexp core\.sshCommand
2025-08-19T14:21:44.4583136Z [command]/usr/bin/git submodule foreach --recursive sh -c "git config --local --name-only --get-regexp 'core\.sshCommand' && git config --local --unset-all 'core.sshCommand' || :"
2025-08-19T14:21:44.4891449Z [command]/usr/bin/git config --local --name-only --get-regexp http\.https\:\/\/github\.com\/\.extraheader
2025-08-19T14:21:44.4920315Z [command]/usr/bin/git submodule foreach --recursive sh -c "git config --local --name-only --get-regexp 'http\.https\:\/\/github\.com\/\.extraheader' && git config --local --unset-all 'http.https://github.com/.extraheader' || :"
2025-08-19T14:21:44.5138137Z [command]/usr/bin/git config --local http.https://github.com/.extraheader AUTHORIZATION: basic ***
2025-08-19T14:21:44.5173155Z ##[endgroup]
2025-08-19T14:21:44.5174602Z ##[group]Fetching the repository
2025-08-19T14:21:44.5183008Z [command]/usr/bin/git -c protocol.version=2 fetch --no-tags --prune --no-recurse-submodules --depth=1 origin +b491c44cad8af5386e7cf26f283349d557a58864:refs/remotes/pull/278/merge
2025-08-19T14:21:44.7801286Z From https://github.com/AlexBomber12/AWA-App
2025-08-19T14:21:44.7802465Z  * [new ref]         b491c44cad8af5386e7cf26f283349d557a58864 -> pull/278/merge
2025-08-19T14:21:44.7828080Z ##[endgroup]
2025-08-19T14:21:44.7829738Z ##[group]Determining the checkout info
2025-08-19T14:21:44.7831612Z ##[endgroup]
2025-08-19T14:21:44.7836425Z [command]/usr/bin/git sparse-checkout disable
2025-08-19T14:21:44.7876287Z [command]/usr/bin/git config --local --unset-all extensions.worktreeConfig
2025-08-19T14:21:44.7904124Z ##[group]Checking out the ref
2025-08-19T14:21:44.7907255Z [command]/usr/bin/git checkout --progress --force refs/remotes/pull/278/merge
2025-08-19T14:21:44.8198560Z Note: switching to 'refs/remotes/pull/278/merge'.
2025-08-19T14:21:44.8199684Z 
2025-08-19T14:21:44.8200589Z You are in 'detached HEAD' state. You can look around, make experimental
2025-08-19T14:21:44.8202879Z changes and commit them, and you can discard any commits you make in this
2025-08-19T14:21:44.8205199Z state without impacting any branches by switching back to a branch.
2025-08-19T14:21:44.8206127Z 
2025-08-19T14:21:44.8206704Z If you want to create a new branch to retain commits you create, you may
2025-08-19T14:21:44.8208490Z do so (now or later) by using -c with the switch command. Example:
2025-08-19T14:21:44.8209592Z 
2025-08-19T14:21:44.8209917Z   git switch -c <new-branch-name>
2025-08-19T14:21:44.8210484Z 
2025-08-19T14:21:44.8210784Z Or undo this operation with:
2025-08-19T14:21:44.8211312Z 
2025-08-19T14:21:44.8211721Z   git switch -
2025-08-19T14:21:44.8212144Z 
2025-08-19T14:21:44.8212815Z Turn off this advice by setting config variable advice.detachedHead to false
2025-08-19T14:21:44.8213807Z 
2025-08-19T14:21:44.8215194Z HEAD is now at b491c44 Merge 38bbb547644d7a7c30ca7d098dfdab3b9cfe93d8 into 7705e749c343d37ba92544ceea13f534fe099dc9
2025-08-19T14:21:44.8218624Z ##[endgroup]
2025-08-19T14:21:44.8243509Z [command]/usr/bin/git log -1 --format=%H
2025-08-19T14:21:44.8264607Z b491c44cad8af5386e7cf26f283349d557a58864
2025-08-19T14:21:44.8548381Z ##[group]Run actions/setup-python@v5
2025-08-19T14:21:44.8549429Z with:
2025-08-19T14:21:44.8550119Z   python-version: 3.11
2025-08-19T14:21:44.8550928Z   check-latest: false
2025-08-19T14:21:44.8551950Z   token: ***
2025-08-19T14:21:44.8552694Z   update-environment: true
2025-08-19T14:21:44.8553580Z   allow-prereleases: false
2025-08-19T14:21:44.8554452Z   freethreaded: false
2025-08-19T14:21:44.8555380Z ##[endgroup]
2025-08-19T14:21:45.0216238Z ##[group]Installed versions
2025-08-19T14:21:45.0375935Z Successfully set up CPython (3.11.13)
2025-08-19T14:21:45.0384053Z ##[endgroup]
2025-08-19T14:21:45.0534063Z ##[group]Run pip install pydoc-markdown
2025-08-19T14:21:45.0535457Z [36;1mpip install pydoc-markdown[0m
2025-08-19T14:21:45.0761128Z shell: /usr/bin/bash -e {0}
2025-08-19T14:21:45.0761996Z env:
2025-08-19T14:21:45.0762867Z   pythonLocation: /opt/hostedtoolcache/Python/3.11.13/x64
2025-08-19T14:21:45.0764408Z   PKG_CONFIG_PATH: /opt/hostedtoolcache/Python/3.11.13/x64/lib/pkgconfig
2025-08-19T14:21:45.0766083Z   Python_ROOT_DIR: /opt/hostedtoolcache/Python/3.11.13/x64
2025-08-19T14:21:45.0767415Z   Python2_ROOT_DIR: /opt/hostedtoolcache/Python/3.11.13/x64
2025-08-19T14:21:45.0768793Z   Python3_ROOT_DIR: /opt/hostedtoolcache/Python/3.11.13/x64
2025-08-19T14:21:45.0770186Z   LD_LIBRARY_PATH: /opt/hostedtoolcache/Python/3.11.13/x64/lib
2025-08-19T14:21:45.0771306Z ##[endgroup]
2025-08-19T14:21:47.6958378Z Collecting pydoc-markdown
2025-08-19T14:21:47.7363238Z   Downloading pydoc_markdown-4.8.2-py3-none-any.whl.metadata (5.9 kB)
2025-08-19T14:21:47.7791666Z Collecting PyYAML<7.0,>=5.0 (from pydoc-markdown)
2025-08-19T14:21:47.7840270Z   Downloading PyYAML-6.0.2-cp311-cp311-manylinux_2_17_x86_64.manylinux2014_x86_64.whl.metadata (2.1 kB)
2025-08-19T14:21:47.8138783Z Collecting click<9.0,>=7.1 (from pydoc-markdown)
2025-08-19T14:21:47.8179002Z   Downloading click-8.2.1-py3-none-any.whl.metadata (2.5 kB)
2025-08-19T14:21:47.8405500Z Collecting databind.core<5.0.0,>=4.4.0 (from pydoc-markdown)
2025-08-19T14:21:47.8469849Z   Downloading databind.core-4.5.2-py3-none-any.whl.metadata (1.1 kB)
2025-08-19T14:21:47.8683235Z Collecting databind.json<5.0.0,>=4.4.0 (from pydoc-markdown)
2025-08-19T14:21:47.8733272Z   Downloading databind.json-4.5.2-py3-none-any.whl.metadata (1.1 kB)
2025-08-19T14:21:47.8978797Z Collecting docspec<3.0.0,>=2.2.1 (from pydoc-markdown)
2025-08-19T14:21:47.9025817Z   Downloading docspec-2.2.2-py3-none-any.whl.metadata (1.0 kB)
2025-08-19T14:21:47.9157664Z Collecting docspec-python<3.0.0,>=2.2.1 (from pydoc-markdown)
2025-08-19T14:21:47.9217542Z   Downloading docspec_python-2.2.2-py3-none-any.whl.metadata (1.0 kB)
2025-08-19T14:21:47.9365513Z Collecting docstring-parser<0.12,>=0.11 (from pydoc-markdown)
2025-08-19T14:21:47.9414980Z   Downloading docstring_parser-0.11.tar.gz (22 kB)
2025-08-19T14:21:47.9538640Z   Installing build dependencies: started
2025-08-19T14:21:48.6869541Z   Installing build dependencies: finished with status 'done'
2025-08-19T14:21:48.6875126Z   Getting requirements to build wheel: started
2025-08-19T14:21:49.0663212Z   Getting requirements to build wheel: finished with status 'done'
2025-08-19T14:21:49.0671977Z   Preparing metadata (pyproject.toml): started
2025-08-19T14:21:49.2440007Z   Preparing metadata (pyproject.toml): finished with status 'done'
2025-08-19T14:21:49.2691442Z Collecting jinja2<4.0.0,>=3.0.0 (from pydoc-markdown)
2025-08-19T14:21:49.2939670Z   Downloading jinja2-3.1.6-py3-none-any.whl.metadata (2.9 kB)
2025-08-19T14:21:49.3287873Z Collecting nr.util<1.0.0,>=0.7.5 (from pydoc-markdown)
2025-08-19T14:21:49.3340143Z   Downloading nr.util-0.8.12-py3-none-any.whl.metadata (813 bytes)
2025-08-19T14:21:49.3627768Z Collecting requests<3.0.0,>=2.23.0 (from pydoc-markdown)
2025-08-19T14:21:49.3673379Z   Downloading requests-2.32.5-py3-none-any.whl.metadata (4.9 kB)
2025-08-19T14:21:49.3833981Z Collecting tomli<3.0.0,>=2.0.0 (from pydoc-markdown)
2025-08-19T14:21:49.3873493Z   Downloading tomli-2.2.1-cp311-cp311-manylinux_2_17_x86_64.manylinux2014_x86_64.whl.metadata (11 kB)
2025-08-19T14:21:49.4025529Z Collecting tomli_w<2.0.0,>=1.0.0 (from pydoc-markdown)
2025-08-19T14:21:49.4063893Z   Downloading tomli_w-1.2.0-py3-none-any.whl.metadata (5.7 kB)
2025-08-19T14:21:49.4517642Z Collecting watchdog (from pydoc-markdown)
2025-08-19T14:21:49.4557750Z   Downloading watchdog-6.0.0-py3-none-manylinux2014_x86_64.whl.metadata (44 kB)
2025-08-19T14:21:49.4780661Z Collecting yapf>=0.30.0 (from pydoc-markdown)
2025-08-19T14:21:49.4820226Z   Downloading yapf-0.43.0-py3-none-any.whl.metadata (46 kB)
2025-08-19T14:21:49.5077816Z Collecting databind<5.0.0,>=4.5.2 (from databind.core<5.0.0,>=4.4.0->pydoc-markdown)
2025-08-19T14:21:49.5134347Z   Downloading databind-4.5.2-py3-none-any.whl.metadata (4.3 kB)
2025-08-19T14:21:49.5306478Z Collecting Deprecated<2.0.0,>=1.2.12 (from databind<5.0.0,>=4.5.2->databind.core<5.0.0,>=4.4.0->pydoc-markdown)
2025-08-19T14:21:49.5349283Z   Downloading Deprecated-1.2.18-py2.py3-none-any.whl.metadata (5.7 kB)
2025-08-19T14:21:49.5503578Z Collecting nr-date<3.0.0,>=2.0.0 (from databind<5.0.0,>=4.5.2->databind.core<5.0.0,>=4.4.0->pydoc-markdown)
2025-08-19T14:21:49.5553308Z   Downloading nr_date-2.1.0-py3-none-any.whl.metadata (746 bytes)
2025-08-19T14:21:49.5682299Z Collecting nr-stream<2.0.0,>=1.0.0 (from databind<5.0.0,>=4.5.2->databind.core<5.0.0,>=4.4.0->pydoc-markdown)
2025-08-19T14:21:49.5741487Z   Downloading nr_stream-1.1.5-py3-none-any.whl.metadata (3.6 kB)
2025-08-19T14:21:49.5930952Z Collecting typeapi<3,>=2.0.1 (from databind<5.0.0,>=4.5.2->databind.core<5.0.0,>=4.4.0->pydoc-markdown)
2025-08-19T14:21:49.5982184Z   Downloading typeapi-2.2.4-py3-none-any.whl.metadata (1.5 kB)
2025-08-19T14:21:49.6171021Z Collecting typing-extensions<5,>=3.10.0 (from databind<5.0.0,>=4.5.2->databind.core<5.0.0,>=4.4.0->pydoc-markdown)
2025-08-19T14:21:49.6207888Z   Downloading typing_extensions-4.14.1-py3-none-any.whl.metadata (3.0 kB)
2025-08-19T14:21:49.7214524Z Collecting wrapt<2,>=1.10 (from Deprecated<2.0.0,>=1.2.12->databind<5.0.0,>=4.5.2->databind.core<5.0.0,>=4.4.0->pydoc-markdown)
2025-08-19T14:21:49.7254642Z   Downloading wrapt-1.17.3-cp311-cp311-manylinux1_x86_64.manylinux_2_28_x86_64.manylinux_2_5_x86_64.whl.metadata (6.4 kB)
2025-08-19T14:21:49.7833518Z Collecting black>=24.8.0 (from docspec-python<3.0.0,>=2.2.1->pydoc-markdown)
2025-08-19T14:21:49.7876076Z   Downloading black-25.1.0-cp311-cp311-manylinux_2_17_x86_64.manylinux2014_x86_64.manylinux_2_28_x86_64.whl.metadata (81 kB)
2025-08-19T14:21:49.7980732Z Collecting docspec<3.0.0,>=2.2.1 (from pydoc-markdown)
2025-08-19T14:21:49.8033404Z   Downloading docspec-2.2.1-py3-none-any.whl.metadata (1.5 kB)
2025-08-19T14:21:49.8576140Z Collecting MarkupSafe>=2.0 (from jinja2<4.0.0,>=3.0.0->pydoc-markdown)
2025-08-19T14:21:49.8615552Z   Downloading MarkupSafe-3.0.2-cp311-cp311-manylinux_2_17_x86_64.manylinux2014_x86_64.whl.metadata (4.0 kB)
2025-08-19T14:21:49.9496327Z Collecting charset_normalizer<4,>=2 (from requests<3.0.0,>=2.23.0->pydoc-markdown)
2025-08-19T14:21:49.9541717Z   Downloading charset_normalizer-3.4.3-cp311-cp311-manylinux2014_x86_64.manylinux_2_17_x86_64.manylinux_2_28_x86_64.whl.metadata (36 kB)
2025-08-19T14:21:49.9702697Z Collecting idna<4,>=2.5 (from requests<3.0.0,>=2.23.0->pydoc-markdown)
2025-08-19T14:21:49.9740865Z   Downloading idna-3.10-py3-none-any.whl.metadata (10 kB)
2025-08-19T14:21:50.0023654Z Collecting urllib3<3,>=1.21.1 (from requests<3.0.0,>=2.23.0->pydoc-markdown)
2025-08-19T14:21:50.0062883Z   Downloading urllib3-2.5.0-py3-none-any.whl.metadata (6.5 kB)
2025-08-19T14:21:50.0279478Z Collecting certifi>=2017.4.17 (from requests<3.0.0,>=2.23.0->pydoc-markdown)
2025-08-19T14:21:50.0317974Z   Downloading certifi-2025.8.3-py3-none-any.whl.metadata (2.4 kB)
2025-08-19T14:21:50.0572247Z Collecting mypy-extensions>=0.4.3 (from black>=24.8.0->docspec-python<3.0.0,>=2.2.1->pydoc-markdown)
2025-08-19T14:21:50.0610548Z   Downloading mypy_extensions-1.1.0-py3-none-any.whl.metadata (1.1 kB)
2025-08-19T14:21:50.0775466Z Collecting packaging>=22.0 (from black>=24.8.0->docspec-python<3.0.0,>=2.2.1->pydoc-markdown)
2025-08-19T14:21:50.0812955Z   Downloading packaging-25.0-py3-none-any.whl.metadata (3.3 kB)
2025-08-19T14:21:50.0938369Z Collecting pathspec>=0.9.0 (from black>=24.8.0->docspec-python<3.0.0,>=2.2.1->pydoc-markdown)
2025-08-19T14:21:50.0975865Z   Downloading pathspec-0.12.1-py3-none-any.whl.metadata (21 kB)
2025-08-19T14:21:50.1172578Z Collecting platformdirs>=2 (from black>=24.8.0->docspec-python<3.0.0,>=2.2.1->pydoc-markdown)
2025-08-19T14:21:50.1212105Z   Downloading platformdirs-4.3.8-py3-none-any.whl.metadata (12 kB)
2025-08-19T14:21:50.1444126Z Downloading pydoc_markdown-4.8.2-py3-none-any.whl (67 kB)
2025-08-19T14:21:50.1505376Z Downloading click-8.2.1-py3-none-any.whl (102 kB)
2025-08-19T14:21:50.1584620Z Downloading databind.core-4.5.2-py3-none-any.whl (1.5 kB)
2025-08-19T14:21:50.1647519Z Downloading databind-4.5.2-py3-none-any.whl (49 kB)
2025-08-19T14:21:50.1714577Z Downloading databind.json-4.5.2-py3-none-any.whl (1.5 kB)
2025-08-19T14:21:50.1772412Z Downloading Deprecated-1.2.18-py2.py3-none-any.whl (10.0 kB)
2025-08-19T14:21:50.1840471Z Downloading docspec_python-2.2.2-py3-none-any.whl (15 kB)
2025-08-19T14:21:50.1911192Z Downloading docspec-2.2.1-py3-none-any.whl (9.8 kB)
2025-08-19T14:21:50.1974651Z Downloading jinja2-3.1.6-py3-none-any.whl (134 kB)
2025-08-19T14:21:50.2047280Z Downloading nr_date-2.1.0-py3-none-any.whl (10 kB)
2025-08-19T14:21:50.2115778Z Downloading nr_stream-1.1.5-py3-none-any.whl (10 kB)
2025-08-19T14:21:50.2250152Z Downloading nr.util-0.8.12-py3-none-any.whl (90 kB)
2025-08-19T14:21:50.2560099Z Downloading PyYAML-6.0.2-cp311-cp311-manylinux_2_17_x86_64.manylinux2014_x86_64.whl (762 kB)
2025-08-19T14:21:50.2658083Z    ━━━━━━━━━━━━━━━━━━━━━━━━━━━━━━━━━━━━━━━━ 763.0/763.0 kB 70.9 MB/s  0:00:00
2025-08-19T14:21:50.2697007Z Downloading requests-2.32.5-py3-none-any.whl (64 kB)
2025-08-19T14:21:50.2759170Z Downloading charset_normalizer-3.4.3-cp311-cp311-manylinux2014_x86_64.manylinux_2_17_x86_64.manylinux_2_28_x86_64.whl (150 kB)
2025-08-19T14:21:50.2823693Z Downloading idna-3.10-py3-none-any.whl (70 kB)
2025-08-19T14:21:50.2887842Z Downloading tomli-2.2.1-cp311-cp311-manylinux_2_17_x86_64.manylinux2014_x86_64.whl (236 kB)
2025-08-19T14:21:50.2960023Z Downloading tomli_w-1.2.0-py3-none-any.whl (6.7 kB)
2025-08-19T14:21:50.3025837Z Downloading typeapi-2.2.4-py3-none-any.whl (26 kB)
2025-08-19T14:21:50.3083718Z Downloading typing_extensions-4.14.1-py3-none-any.whl (43 kB)
2025-08-19T14:21:50.3145705Z Downloading urllib3-2.5.0-py3-none-any.whl (129 kB)
2025-08-19T14:21:50.3208939Z Downloading wrapt-1.17.3-cp311-cp311-manylinux1_x86_64.manylinux_2_28_x86_64.manylinux_2_5_x86_64.whl (82 kB)
2025-08-19T14:21:50.3274993Z Downloading black-25.1.0-cp311-cp311-manylinux_2_17_x86_64.manylinux2014_x86_64.manylinux_2_28_x86_64.whl (1.7 MB)
2025-08-19T14:21:50.3387366Z    ━━━━━━━━━━━━━━━━━━━━━━━━━━━━━━━━━━━━━━━━ 1.7/1.7 MB 174.3 MB/s  0:00:00
2025-08-19T14:21:50.3427352Z Downloading certifi-2025.8.3-py3-none-any.whl (161 kB)
2025-08-19T14:21:50.3492570Z Downloading MarkupSafe-3.0.2-cp311-cp311-manylinux_2_17_x86_64.manylinux2014_x86_64.whl (23 kB)
2025-08-19T14:21:50.3549131Z Downloading mypy_extensions-1.1.0-py3-none-any.whl (5.0 kB)
2025-08-19T14:21:50.3606232Z Downloading packaging-25.0-py3-none-any.whl (66 kB)
2025-08-19T14:21:50.3666757Z Downloading pathspec-0.12.1-py3-none-any.whl (31 kB)
2025-08-19T14:21:50.3725746Z Downloading platformdirs-4.3.8-py3-none-any.whl (18 kB)
2025-08-19T14:21:50.3783199Z Downloading yapf-0.43.0-py3-none-any.whl (256 kB)
2025-08-19T14:21:50.3877631Z Downloading watchdog-6.0.0-py3-none-manylinux2014_x86_64.whl (79 kB)
2025-08-19T14:21:50.4133537Z Building wheels for collected packages: docstring-parser
2025-08-19T14:21:50.4141060Z   Building wheel for docstring-parser (pyproject.toml): started
2025-08-19T14:21:50.6172450Z   Building wheel for docstring-parser (pyproject.toml): finished with status 'done'
2025-08-19T14:21:50.6177830Z   Created wheel for docstring-parser: filename=docstring_parser-0.11-py3-none-any.whl size=31551 sha256=4b36cdd534890fcda69ce504870886e751eecf175ca31c9fd367e352fc65ac4d
2025-08-19T14:21:50.6179261Z   Stored in directory: /home/runner/.cache/pip/wheels/0f/f9/78/1186f8bf3425dbd3fb3fa32beee828876c792f49eb2554e888
2025-08-19T14:21:50.6195326Z Successfully built docstring-parser
2025-08-19T14:21:50.6653089Z Installing collected packages: wrapt, watchdog, urllib3, typing-extensions, tomli_w, tomli, PyYAML, platformdirs, pathspec, packaging, nr-stream, nr-date, mypy-extensions, MarkupSafe, idna, docstring-parser, click, charset_normalizer, certifi, yapf, typeapi, requests, jinja2, Deprecated, black, nr.util, databind, databind.json, databind.core, docspec, docspec-python, pydoc-markdown
2025-08-19T14:21:51.7672246Z 
2025-08-19T14:21:51.7695173Z Successfully installed Deprecated-1.2.18 MarkupSafe-3.0.2 PyYAML-6.0.2 black-25.1.0 certifi-2025.8.3 charset_normalizer-3.4.3 click-8.2.1 databind-4.5.2 databind.core-4.5.2 databind.json-4.5.2 docspec-2.2.1 docspec-python-2.2.2 docstring-parser-0.11 idna-3.10 jinja2-3.1.6 mypy-extensions-1.1.0 nr-date-2.1.0 nr-stream-1.1.5 nr.util-0.8.12 packaging-25.0 pathspec-0.12.1 platformdirs-4.3.8 pydoc-markdown-4.8.2 requests-2.32.5 tomli-2.2.1 tomli_w-1.2.0 typeapi-2.2.4 typing-extensions-4.14.1 urllib3-2.5.0 watchdog-6.0.0 wrapt-1.17.3 yapf-0.43.0
2025-08-19T14:21:51.9432084Z ##[group]Run pydoc-markdown
2025-08-19T14:21:51.9432363Z [36;1mpydoc-markdown[0m
2025-08-19T14:21:51.9475223Z shell: /usr/bin/bash -e {0}
2025-08-19T14:21:51.9475462Z env:
2025-08-19T14:21:51.9475692Z   pythonLocation: /opt/hostedtoolcache/Python/3.11.13/x64
2025-08-19T14:21:51.9476100Z   PKG_CONFIG_PATH: /opt/hostedtoolcache/Python/3.11.13/x64/lib/pkgconfig
2025-08-19T14:21:51.9476489Z   Python_ROOT_DIR: /opt/hostedtoolcache/Python/3.11.13/x64
2025-08-19T14:21:51.9476824Z   Python2_ROOT_DIR: /opt/hostedtoolcache/Python/3.11.13/x64
2025-08-19T14:21:51.9477160Z   Python3_ROOT_DIR: /opt/hostedtoolcache/Python/3.11.13/x64
2025-08-19T14:21:51.9477491Z   LD_LIBRARY_PATH: /opt/hostedtoolcache/Python/3.11.13/x64/lib
2025-08-19T14:21:51.9477773Z ##[endgroup]
2025-08-19T14:21:52.2732281Z [WARNING - pydoc_markdown.main]: Unknown configuration options:
2025-08-19T14:21:52.2733092Z Unknown key(s) "{'output_directory'}" at:
2025-08-19T14:21:52.2733543Z In "pydoc-markdown.yml"
2025-08-19T14:21:52.2734046Z   $: TypeHint(pydoc_markdown.PydocMarkdown)
2025-08-19T14:21:52.2734640Z   .renderer: TypeHint(pydoc_markdown.interfaces.Renderer)
2025-08-19T14:21:52.2735513Z   ^: TypeHint(pydoc_markdown.contrib.renderers.markdown.MarkdownRenderer)
2025-08-19T14:21:52.2735825Z 
2025-08-19T14:21:52.6108780Z <a id="__init__"></a>
2025-08-19T14:21:52.6109178Z 
2025-08-19T14:21:52.6109363Z # \_\_init\_\_
2025-08-19T14:21:52.6109603Z 
2025-08-19T14:21:52.6109749Z <a id="api"></a>
2025-08-19T14:21:52.6109963Z 
2025-08-19T14:21:52.6110089Z # api
2025-08-19T14:21:52.6110269Z 
2025-08-19T14:21:52.6110438Z <a id="api.errors"></a>
2025-08-19T14:21:52.6110707Z 
2025-08-19T14:21:52.6110857Z # api.errors
2025-08-19T14:21:52.6111077Z 
2025-08-19T14:21:52.6111265Z <a id="api.sentry_config"></a>
2025-08-19T14:21:52.6111515Z 
2025-08-19T14:21:52.6111653Z # api.sentry\_config
2025-08-19T14:21:52.6111876Z 
2025-08-19T14:21:52.6112039Z <a id="api.tests.test_stats_contracts"></a>
2025-08-19T14:21:52.6112338Z 
2025-08-19T14:21:52.6112998Z # api.tests.test\_stats\_contracts
2025-08-19T14:21:52.6113288Z 
2025-08-19T14:21:52.6113447Z <a id="api.tests.test_sentry_scrub"></a>
2025-08-19T14:21:52.6113790Z 
2025-08-19T14:21:52.6113928Z # api.tests.test\_sentry\_scrub
2025-08-19T14:21:52.6114214Z 
2025-08-19T14:21:52.6114387Z <a id="api.tests.test_roi_basic_auth"></a>
2025-08-19T14:21:52.6114713Z 
2025-08-19T14:21:52.6115061Z # api.tests.test\_roi\_basic\_auth
2025-08-19T14:21:52.6115348Z 
2025-08-19T14:21:52.6115483Z <a id="api.tests.test_errors_json"></a>
2025-08-19T14:21:52.6115680Z 
2025-08-19T14:21:52.6115775Z # api.tests.test\_errors\_json
2025-08-19T14:21:52.6115945Z 
2025-08-19T14:21:52.6116039Z <a id="api.tests.test_llm"></a>
2025-08-19T14:21:52.6116203Z 
2025-08-19T14:21:52.6116289Z # api.tests.test\_llm
2025-08-19T14:21:52.6116433Z 
2025-08-19T14:21:52.6116536Z <a id="api.tests.test_roi_filters"></a>
2025-08-19T14:21:52.6116733Z 
2025-08-19T14:21:52.6116832Z # api.tests.test\_roi\_filters
2025-08-19T14:21:52.6116996Z 
2025-08-19T14:21:52.6117113Z <a id="api.tests.test_sentry_event"></a>
2025-08-19T14:21:52.6117316Z 
2025-08-19T14:21:52.6117410Z # api.tests.test\_sentry\_event
2025-08-19T14:21:52.6117573Z 
2025-08-19T14:21:52.6117719Z <a id="api.tests.test_sentry_event.DummyTransport"></a>
2025-08-19T14:21:52.6117989Z 
2025-08-19T14:21:52.6118085Z ## DummyTransport Objects
2025-08-19T14:21:52.6118246Z 
2025-08-19T14:21:52.6118330Z ```python
2025-08-19T14:21:52.6118534Z class DummyTransport()
2025-08-19T14:21:52.6118761Z ```
2025-08-19T14:21:52.6118863Z 
2025-08-19T14:21:52.6119079Z <a id="api.tests.test_sentry_event.DummyTransport.capture_envelope"></a>
2025-08-19T14:21:52.6119411Z 
2025-08-19T14:21:52.6119497Z #### capture\_envelope
2025-08-19T14:21:52.6119638Z 
2025-08-19T14:21:52.6119718Z ```python
2025-08-19T14:21:52.6119929Z def capture_envelope(envelope)
2025-08-19T14:21:52.6120177Z ```
2025-08-19T14:21:52.6120275Z 
2025-08-19T14:21:52.6120425Z Capture events sent as envelopes by Sentry SDK >= 2.0.
2025-08-19T14:21:52.6120691Z 
2025-08-19T14:21:52.6121032Z <a id="api.tests.test_cors"></a>
2025-08-19T14:21:52.6121218Z 
2025-08-19T14:21:52.6121305Z # api.tests.test\_cors
2025-08-19T14:21:52.6121452Z 
2025-08-19T14:21:52.6121551Z <a id="api.tests.test_imports"></a>
2025-08-19T14:21:52.6121749Z 
2025-08-19T14:21:52.6121845Z # api.tests.test\_imports
2025-08-19T14:21:52.6121998Z 
2025-08-19T14:21:52.6122100Z <a id="api.tests.test_rate_limit"></a>
2025-08-19T14:21:52.6122298Z 
2025-08-19T14:21:52.6122397Z # api.tests.test\_rate\_limit
2025-08-19T14:21:52.6122543Z 
2025-08-19T14:21:52.6122645Z <a id="api.tests.test_rate_limit.app"></a>
2025-08-19T14:21:52.6122828Z 
2025-08-19T14:21:52.6122892Z #### app
2025-08-19T14:21:52.6122982Z 
2025-08-19T14:21:52.6123052Z noqa: E402
2025-08-19T14:21:52.6123141Z 
2025-08-19T14:21:52.6123227Z <a id="api.tests.test_entrypoint"></a>
2025-08-19T14:21:52.6123385Z 
2025-08-19T14:21:52.6123472Z # api.tests.test\_entrypoint
2025-08-19T14:21:52.6123606Z 
2025-08-19T14:21:52.6123694Z <a id="api.tests.test_health"></a>
2025-08-19T14:21:52.6123853Z 
2025-08-19T14:21:52.6123930Z # api.tests.test\_health
2025-08-19T14:21:52.6124052Z 
2025-08-19T14:21:52.6124137Z <a id="api.tests.test_score"></a>
2025-08-19T14:21:52.6124283Z 
2025-08-19T14:21:52.6124354Z # api.tests.test\_score
2025-08-19T14:21:52.6124474Z 
2025-08-19T14:21:52.6124559Z <a id="api.logging_config"></a>
2025-08-19T14:21:52.6124694Z 
2025-08-19T14:21:52.6124943Z # api.logging\_config
2025-08-19T14:21:52.6125108Z 
2025-08-19T14:21:52.6125190Z <a id="api.migrations.env"></a>
2025-08-19T14:21:52.6125328Z 
2025-08-19T14:21:52.6125400Z # api.migrations.env
2025-08-19T14:21:52.6125520Z 
2025-08-19T14:21:52.6125637Z <a id="api.migrations.versions.0022_fix_roi_view"></a>
2025-08-19T14:21:52.6125839Z 
2025-08-19T14:21:52.6125950Z # api.migrations.versions.0022\_fix\_roi\_view
2025-08-19T14:21:52.6126134Z 
2025-08-19T14:21:52.6126243Z <a id="api.migrations.versions.0004_fee_cron"></a>
2025-08-19T14:21:52.6126438Z 
2025-08-19T14:21:52.6126538Z # api.migrations.versions.0004\_fee\_cron
2025-08-19T14:21:52.6126844Z 
2025-08-19T14:21:52.6126998Z <a id="api.migrations.versions.3e9d5c5aff2c_rename_fulf_fee"></a>
2025-08-19T14:21:52.6127239Z 
2025-08-19T14:21:52.6127374Z # api.migrations.versions.3e9d5c5aff2c\_rename\_fulf\_fee
2025-08-19T14:21:52.6127590Z 
2025-08-19T14:21:52.6127716Z <a id="api.migrations.versions.0003_vendor_prices"></a>
2025-08-19T14:21:52.6127918Z 
2025-08-19T14:21:52.6128023Z # api.migrations.versions.0003\_vendor\_prices
2025-08-19T14:21:52.6128211Z 
2025-08-19T14:21:52.6128326Z <a id="api.migrations.versions.0024_create_buybox"></a>
2025-08-19T14:21:52.6128519Z 
2025-08-19T14:21:52.6128625Z # api.migrations.versions.0024\_create\_buybox
2025-08-19T14:21:52.6128803Z 
2025-08-19T14:21:52.6128957Z <a id="api.migrations.versions.0002_create_roi_view"></a>
2025-08-19T14:21:52.6129161Z 
2025-08-19T14:21:52.6129276Z # api.migrations.versions.0002\_create\_roi\_view
2025-08-19T14:21:52.6129463Z 
2025-08-19T14:21:52.6129582Z <a id="api.migrations.versions.0006_fix_roi_views"></a>
2025-08-19T14:21:52.6129803Z 
2025-08-19T14:21:52.6129907Z # api.migrations.versions.0006\_fix\_roi\_views
2025-08-19T14:21:52.6130188Z 
2025-08-19T14:21:52.6130309Z <a id="api.migrations.versions.0020_unified_schema"></a>
2025-08-19T14:21:52.6130508Z 
2025-08-19T14:21:52.6130616Z # api.migrations.versions.0020\_unified\_schema
2025-08-19T14:21:52.6130801Z 
2025-08-19T14:21:52.6130935Z <a id="api.migrations.versions.0025_pr4_indexes_loadlog"></a>
2025-08-19T14:21:52.6131155Z 
2025-08-19T14:21:52.6131282Z # api.migrations.versions.0025\_pr4\_indexes\_loadlog
2025-08-19T14:21:52.6131481Z 
2025-08-19T14:21:52.6131602Z <a id="api.migrations.versions.0023_add_storage_fee"></a>
2025-08-19T14:21:52.6131809Z 
2025-08-19T14:21:52.6131915Z # api.migrations.versions.0023\_add\_storage\_fee
2025-08-19T14:21:52.6132102Z 
2025-08-19T14:21:52.6132243Z <a id="api.migrations.versions.0026_amazon_new_reports"></a>
2025-08-19T14:21:52.6132457Z 
2025-08-19T14:21:52.6132697Z # api.migrations.versions.0026\_amazon\_new\_reports
2025-08-19T14:21:52.6132901Z 
2025-08-19T14:21:52.6133015Z <a id="api.migrations.versions.0001_baseline"></a>
2025-08-19T14:21:52.6133202Z 
2025-08-19T14:21:52.6133293Z # api.migrations.versions.0001\_baseline
2025-08-19T14:21:52.6133468Z 
2025-08-19T14:21:52.6133555Z <a id="api.migrations.versions"></a>
2025-08-19T14:21:52.6133715Z 
2025-08-19T14:21:52.6133801Z # api.migrations.versions
2025-08-19T14:21:52.6133928Z 
2025-08-19T14:21:52.6134004Z <a id="api.migrations"></a>
2025-08-19T14:21:52.6134134Z 
2025-08-19T14:21:52.6134210Z # api.migrations
2025-08-19T14:21:52.6134326Z 
2025-08-19T14:21:52.6134391Z <a id="api.db"></a>
2025-08-19T14:21:52.6134504Z 
2025-08-19T14:21:52.6134566Z # api.db
2025-08-19T14:21:52.6134652Z 
2025-08-19T14:21:52.6134738Z <a id="api.routes.score"></a>
2025-08-19T14:21:52.6135064Z 
2025-08-19T14:21:52.6135136Z # api.routes.score
2025-08-19T14:21:52.6135243Z 
2025-08-19T14:21:52.6135329Z <a id="api.routes.stats"></a>
2025-08-19T14:21:52.6135464Z 
2025-08-19T14:21:52.6135543Z # api.routes.stats
2025-08-19T14:21:52.6135653Z 
2025-08-19T14:21:52.6135728Z <a id="api.routes.roi"></a>
2025-08-19T14:21:52.6135856Z 
2025-08-19T14:21:52.6135921Z # api.routes.roi
2025-08-19T14:21:52.6136032Z 
2025-08-19T14:21:52.6136113Z <a id="api.routes.health"></a>
2025-08-19T14:21:52.6136249Z 
2025-08-19T14:21:52.6136323Z # api.routes.health
2025-08-19T14:21:52.6136430Z 
2025-08-19T14:21:52.6136520Z <a id="api.routes.health.MAX_SKEW"></a>
2025-08-19T14:21:52.6136690Z 
2025-08-19T14:21:52.6136754Z #### MAX\_SKEW
2025-08-19T14:21:52.6136851Z 
2025-08-19T14:21:52.6136915Z seconds
2025-08-19T14:21:52.6137006Z 
2025-08-19T14:21:52.6137094Z <a id="api.routes.health.health"></a>
2025-08-19T14:21:52.6137252Z 
2025-08-19T14:21:52.6137318Z #### health
2025-08-19T14:21:52.6137405Z 
2025-08-19T14:21:52.6137468Z ```python
2025-08-19T14:21:52.6137663Z @router.get("/health", include_in_schema=False)
2025-08-19T14:21:52.6138059Z async def health(session: AsyncSession = Depends(get_session)) -> JSONResponse
2025-08-19T14:21:52.6138531Z ```
2025-08-19T14:21:52.6138615Z 
2025-08-19T14:21:52.6138727Z Return 200 when DB reachable and clocks are in sync.
2025-08-19T14:21:52.6138931Z 
2025-08-19T14:21:52.6139018Z <a id="api.routes.repository"></a>
2025-08-19T14:21:52.6139172Z 
2025-08-19T14:21:52.6139255Z # api.routes.repository
2025-08-19T14:21:52.6139376Z 
2025-08-19T14:21:52.6139446Z <a id="api.routes"></a>
2025-08-19T14:21:52.6139570Z 
2025-08-19T14:21:52.6139634Z # api.routes
2025-08-19T14:21:52.6139728Z 
2025-08-19T14:21:52.6139802Z <a id="api.models.fee"></a>
2025-08-19T14:21:52.6139935Z 
2025-08-19T14:21:52.6140000Z # api.models.fee
2025-08-19T14:21:52.6140099Z 
2025-08-19T14:21:52.6140174Z <a id="api.models"></a>
2025-08-19T14:21:52.6140287Z 
2025-08-19T14:21:52.6140348Z # api.models
2025-08-19T14:21:52.6140441Z 
2025-08-19T14:21:52.6140526Z <a id="api.roi_repository"></a>
2025-08-19T14:21:52.6140664Z 
2025-08-19T14:21:52.6140734Z # api.roi\_repository
2025-08-19T14:21:52.6140851Z 
2025-08-19T14:21:52.6140931Z <a id="api.main"></a>
2025-08-19T14:21:52.6141041Z 
2025-08-19T14:21:52.6141109Z # api.main
2025-08-19T14:21:52.6141198Z 
2025-08-19T14:21:52.6141274Z <a id="api.main.ready"></a>
2025-08-19T14:21:52.6141402Z 
2025-08-19T14:21:52.6141469Z #### ready
2025-08-19T14:21:52.6141554Z 
2025-08-19T14:21:52.6141623Z ```python
2025-08-19T14:21:52.6141882Z @app.get("/ready", status_code=status.HTTP_200_OK, include_in_schema=False)
2025-08-19T14:21:52.6142311Z async def ready(session: AsyncSession = Depends(get_session)) -> dict[str,
2025-08-19T14:21:52.6142666Z                                                                       str]
2025-08-19T14:21:52.6142910Z ```
2025-08-19T14:21:52.6142996Z 
2025-08-19T14:21:52.6143089Z Return 200 only when migrations are at head.
2025-08-19T14:21:52.6143258Z 
2025-08-19T14:21:52.6143337Z <a id="api.config"></a>
2025-08-19T14:21:52.6143453Z 
2025-08-19T14:21:52.6143517Z # api.config
2025-08-19T14:21:52.6143609Z 
2025-08-19T14:21:52.6143690Z <a id="api.security"></a>
2025-08-19T14:21:52.6143933Z 
2025-08-19T14:21:52.6144005Z # api.security
2025-08-19T14:21:52.6144115Z 
2025-08-19T14:21:52.6144178Z <a id="etl"></a>
2025-08-19T14:21:52.6144278Z 
2025-08-19T14:21:52.6144344Z # etl
2025-08-19T14:21:52.6144428Z 
2025-08-19T14:21:52.6144509Z <a id="etl.fba_fee_ingestor"></a>
2025-08-19T14:21:52.6144652Z 
2025-08-19T14:21:52.6144731Z # etl.fba\_fee\_ingestor
2025-08-19T14:21:52.6145023Z 
2025-08-19T14:21:52.6145107Z <a id="etl.sp_fees_ingestor"></a>
2025-08-19T14:21:52.6145259Z 
2025-08-19T14:21:52.6145331Z # etl.sp\_fees\_ingestor
2025-08-19T14:21:52.6145450Z 
2025-08-19T14:21:52.6145527Z <a id="etl.keepa_ingestor"></a>
2025-08-19T14:21:52.6145670Z 
2025-08-19T14:21:52.6145740Z # etl.keepa\_ingestor
2025-08-19T14:21:52.6145851Z 
2025-08-19T14:21:52.6145922Z <a id="etl.db"></a>
2025-08-19T14:21:52.6146025Z 
2025-08-19T14:21:52.6146086Z # etl.db
2025-08-19T14:21:52.6146175Z 
2025-08-19T14:21:52.6146256Z <a id="etl.dialects.schemas"></a>
2025-08-19T14:21:52.6146400Z 
2025-08-19T14:21:52.6146483Z # etl.dialects.schemas
2025-08-19T14:21:52.6146605Z 
2025-08-19T14:21:52.6146709Z <a id="etl.dialects.amazon_reimbursements"></a>
2025-08-19T14:21:52.6146891Z 
2025-08-19T14:21:52.6146984Z # etl.dialects.amazon\_reimbursements
2025-08-19T14:21:52.6147142Z 
2025-08-19T14:21:52.6147235Z <a id="etl.dialects.amazon_ads_sp_cost"></a>
2025-08-19T14:21:52.6147414Z 
2025-08-19T14:21:52.6147498Z # etl.dialects.amazon\_ads\_sp\_cost
2025-08-19T14:21:52.6147650Z 
2025-08-19T14:21:52.6147735Z <a id="etl.dialects.test_generic"></a>
2025-08-19T14:21:52.6147897Z 
2025-08-19T14:21:52.6147978Z # etl.dialects.test\_generic
2025-08-19T14:21:52.6148110Z 
2025-08-19T14:21:52.6148203Z <a id="etl.dialects.amazon_returns"></a>
2025-08-19T14:21:52.6148367Z 
2025-08-19T14:21:52.6148444Z # etl.dialects.amazon\_returns
2025-08-19T14:21:52.6148588Z 
2025-08-19T14:21:52.6148682Z <a id="etl.dialects.amazon_fee_preview"></a>
2025-08-19T14:21:52.6148886Z 
2025-08-19T14:21:52.6148969Z # etl.dialects.amazon\_fee\_preview
2025-08-19T14:21:52.6149251Z 
2025-08-19T14:21:52.6149361Z <a id="etl.dialects.amazon_inventory_ledger"></a>
2025-08-19T14:21:52.6149544Z 
2025-08-19T14:21:52.6149631Z # etl.dialects.amazon\_inventory\_ledger
2025-08-19T14:21:52.6149796Z 
2025-08-19T14:21:52.6149895Z <a id="etl.dialects.amazon_settlements"></a>
2025-08-19T14:21:52.6150063Z 
2025-08-19T14:21:52.6150151Z # etl.dialects.amazon\_settlements
2025-08-19T14:21:52.6150307Z 
2025-08-19T14:21:52.6150380Z <a id="etl.dialects"></a>
2025-08-19T14:21:52.6150504Z 
2025-08-19T14:21:52.6150578Z # etl.dialects
2025-08-19T14:21:52.6150674Z 
2025-08-19T14:21:52.6150740Z <a id="ingest"></a>
2025-08-19T14:21:52.6150844Z 
2025-08-19T14:21:52.6150909Z # ingest
2025-08-19T14:21:52.6150993Z 
2025-08-19T14:21:52.6151073Z <a id="ingest.maintenance"></a>
2025-08-19T14:21:52.6151218Z 
2025-08-19T14:21:52.6151290Z # ingest.maintenance
2025-08-19T14:21:52.6151403Z 
2025-08-19T14:21:52.6151488Z <a id="ingest.copy_loader"></a>
2025-08-19T14:21:52.6151632Z 
2025-08-19T14:21:52.6151710Z # ingest.copy\_loader
2025-08-19T14:21:52.6151834Z 
2025-08-19T14:21:52.6151947Z <a id="ingest.copy_loader.copy_df_via_temp"></a>
2025-08-19T14:21:52.6152136Z 
2025-08-19T14:21:52.6152210Z #### copy\_df\_via\_temp
2025-08-19T14:21:52.6152339Z 
2025-08-19T14:21:52.6152404Z ```python
2025-08-19T14:21:52.6152571Z def copy_df_via_temp(engine: Engine,
2025-08-19T14:21:52.6152807Z                      df: pd.DataFrame,
2025-08-19T14:21:52.6153045Z                      target_table: str,
2025-08-19T14:21:52.6153260Z                      *,
2025-08-19T14:21:52.6153466Z                      target_schema: Optional[str] = None,
2025-08-19T14:21:52.6153724Z                      columns: Sequence[str],
2025-08-19T14:21:52.6154001Z                      conflict_cols: Optional[Sequence[str]] = None,
2025-08-19T14:21:52.6154282Z                      analyze_after: bool = False,
2025-08-19T14:21:52.6154549Z                      connection: Any | None = None) -> int
2025-08-19T14:21:52.6154997Z ```
2025-08-19T14:21:52.6155116Z 
2025-08-19T14:21:52.6155406Z Bulk load *df* into *target_table* using COPY and a staging table.
2025-08-19T14:21:52.6155642Z 
2025-08-19T14:21:52.6155736Z <a id="ingest.tests.test_smoke"></a>
2025-08-19T14:21:52.6155894Z 
2025-08-19T14:21:52.6155976Z # ingest.tests.test\_smoke
2025-08-19T14:21:52.6156108Z 
2025-08-19T14:21:52.6156181Z <a id="ingest.tests"></a>
2025-08-19T14:21:52.6156303Z 
2025-08-19T14:21:52.6156368Z # ingest.tests
2025-08-19T14:21:52.6156473Z 
2025-08-19T14:21:52.6156563Z <a id="ingest.upload_router"></a>
2025-08-19T14:21:52.6156719Z 
2025-08-19T14:21:52.6156797Z # ingest.upload\_router
2025-08-19T14:21:52.6156915Z 
2025-08-19T14:21:52.6156994Z <a id="ingest.email_watcher"></a>
2025-08-19T14:21:52.6157139Z 
2025-08-19T14:21:52.6157208Z # ingest.email\_watcher
2025-08-19T14:21:52.6157321Z 
2025-08-19T14:21:52.6157405Z <a id="ingest.email_watcher.main"></a>
2025-08-19T14:21:52.6157568Z 
2025-08-19T14:21:52.6157628Z #### main
2025-08-19T14:21:52.6157713Z 
2025-08-19T14:21:52.6157780Z ```python
2025-08-19T14:21:52.6157951Z def main() -> dict[str, str]
2025-08-19T14:21:52.6158144Z ```
2025-08-19T14:21:52.6158223Z 
2025-08-19T14:21:52.6158360Z Upload CSV/XLSX attachments to MinIO and trigger ingestion.
2025-08-19T14:21:52.6158588Z 
2025-08-19T14:21:52.6158712Z Returns {"status": "success"} when processing completes.
2025-08-19T14:21:52.6158918Z 
2025-08-19T14:21:52.6158991Z <a id="ingest.tasks"></a>
2025-08-19T14:21:52.6159117Z 
2025-08-19T14:21:52.6159180Z # ingest.tasks
2025-08-19T14:21:52.6159277Z 
2025-08-19T14:21:52.6159376Z <a id="ingest.tasks.task_import_file"></a>
2025-08-19T14:21:52.6159546Z 
2025-08-19T14:21:52.6159616Z #### task\_import\_file
2025-08-19T14:21:52.6159735Z 
2025-08-19T14:21:52.6159796Z ```python
2025-08-19T14:21:52.6160001Z @celery_app.task(name="ingest.import_file", bind=True)
2025-08-19T14:21:52.6160290Z def task_import_file(self: Any,
2025-08-19T14:21:52.6160501Z                      uri: str,
2025-08-19T14:21:52.6160719Z                      report_type: str | None = None,
2025-08-19T14:21:52.6161107Z                      force: bool = False) -> dict[str, Any]
2025-08-19T14:21:52.6161349Z ```
2025-08-19T14:21:52.6161431Z 
2025-08-19T14:21:52.6161560Z Import a file into Postgres using existing ETL pipeline.
2025-08-19T14:21:52.6161779Z 
2025-08-19T14:21:52.6161859Z <a id="ingest.celery_app"></a>
2025-08-19T14:21:52.6161995Z 
2025-08-19T14:21:52.6162066Z # ingest.celery\_app
2025-08-19T14:21:52.6162184Z 
2025-08-19T14:21:52.6162263Z <a id="ingest.ingest_router"></a>
2025-08-19T14:21:52.6162407Z 
2025-08-19T14:21:52.6162484Z # ingest.ingest\_router
2025-08-19T14:21:52.6162600Z 
2025-08-19T14:21:52.6162677Z <a id="logistics_etl"></a>
2025-08-19T14:21:52.6162807Z 
2025-08-19T14:21:52.6162872Z # logistics\_etl
2025-08-19T14:21:52.6162976Z 
2025-08-19T14:21:52.6163050Z Daily logistics ETL job.
2025-08-19T14:21:52.6163177Z 
2025-08-19T14:21:52.6163256Z <a id="logistics_etl.__main__"></a>
2025-08-19T14:21:52.6163406Z 
2025-08-19T14:21:52.6163486Z # logistics\_etl.\_\_main\_\_
2025-08-19T14:21:52.6163628Z 
2025-08-19T14:21:52.6163703Z <a id="logistics_etl.dsn"></a>
2025-08-19T14:21:52.6163840Z 
2025-08-19T14:21:52.6163912Z # logistics\_etl.dsn
2025-08-19T14:21:52.6164022Z 
2025-08-19T14:21:52.6164134Z Local DSN builder to avoid cross-service dependency.
2025-08-19T14:21:52.6164338Z 
2025-08-19T14:21:52.6164424Z <a id="logistics_etl.dsn.build_dsn"></a>
2025-08-19T14:21:52.6164590Z 
2025-08-19T14:21:52.6164658Z #### build\_dsn
2025-08-19T14:21:52.6164916Z 
2025-08-19T14:21:52.6165031Z ```python
2025-08-19T14:21:52.6165222Z def build_dsn(sync: bool = True) -> str
2025-08-19T14:21:52.6165439Z ```
2025-08-19T14:21:52.6165526Z 
2025-08-19T14:21:52.6165665Z Return a Postgres DSN assembled from environment variables.
2025-08-19T14:21:52.6165886Z 
2025-08-19T14:21:52.6166032Z Prefers explicit DSNs via ``PG_SYNC_DSN``/``PG_ASYNC_DSN`` or
2025-08-19T14:21:52.6166422Z ``DATABASE_URL``. Falls back to individual PG_* settings and raises an
2025-08-19T14:21:52.6166767Z error when any required variable is missing.
2025-08-19T14:21:52.6167074Z 
2025-08-19T14:21:52.6167171Z <a id="logistics_etl.tests.conftest"></a>
2025-08-19T14:21:52.6167348Z 
2025-08-19T14:21:52.6167438Z # logistics\_etl.tests.conftest
2025-08-19T14:21:52.6167585Z 
2025-08-19T14:21:52.6167687Z <a id="logistics_etl.tests.test_repository"></a>
2025-08-19T14:21:52.6167875Z 
2025-08-19T14:21:52.6167963Z # logistics\_etl.tests.test\_repository
2025-08-19T14:21:52.6168137Z 
2025-08-19T14:21:52.6168238Z <a id="logistics_etl.tests.test_cron"></a>
2025-08-19T14:21:52.6168406Z 
2025-08-19T14:21:52.6168488Z # logistics\_etl.tests.test\_cron
2025-08-19T14:21:52.6168640Z 
2025-08-19T14:21:52.6168735Z <a id="logistics_etl.tests.test_imports"></a>
2025-08-19T14:21:52.6168910Z 
2025-08-19T14:21:52.6168993Z # logistics\_etl.tests.test\_imports
2025-08-19T14:21:52.6169152Z 
2025-08-19T14:21:52.6169242Z <a id="logistics_etl.tests.test_smoke"></a>
2025-08-19T14:21:52.6169413Z 
2025-08-19T14:21:52.6169500Z # logistics\_etl.tests.test\_smoke
2025-08-19T14:21:52.6169654Z 
2025-08-19T14:21:52.6169754Z <a id="logistics_etl.tests.test_client"></a>
2025-08-19T14:21:52.6169925Z 
2025-08-19T14:21:52.6170006Z # logistics\_etl.tests.test\_client
2025-08-19T14:21:52.6170156Z 
2025-08-19T14:21:52.6170234Z <a id="logistics_etl.tests"></a>
2025-08-19T14:21:52.6170382Z 
2025-08-19T14:21:52.6170452Z # logistics\_etl.tests
2025-08-19T14:21:52.6170567Z 
2025-08-19T14:21:52.6170648Z <a id="logistics_etl.flow"></a>
2025-08-19T14:21:52.6170787Z 
2025-08-19T14:21:52.6170858Z # logistics\_etl.flow
2025-08-19T14:21:52.6170975Z 
2025-08-19T14:21:52.6171054Z <a id="logistics_etl.client"></a>
2025-08-19T14:21:52.6171195Z 
2025-08-19T14:21:52.6171267Z # logistics\_etl.client
2025-08-19T14:21:52.6171398Z 
2025-08-19T14:21:52.6171473Z <a id="logistics_etl.cron"></a>
2025-08-19T14:21:52.6171606Z 
2025-08-19T14:21:52.6171679Z # logistics\_etl.cron
2025-08-19T14:21:52.6171789Z 
2025-08-19T14:21:52.6171865Z <a id="logistics_etl.db"></a>
2025-08-19T14:21:52.6172001Z 
2025-08-19T14:21:52.6172080Z # logistics\_etl.db
2025-08-19T14:21:52.6172328Z 
2025-08-19T14:21:52.6172423Z <a id="logistics_etl.repository"></a>
2025-08-19T14:21:52.6172585Z 
2025-08-19T14:21:52.6214213Z # logistics\_etl.repository
2025-08-19T14:21:52.6214537Z 
2025-08-19T14:21:52.6214695Z <a id="alert_bot"></a>
2025-08-19T14:21:52.6215147Z 
2025-08-19T14:21:52.6215284Z # alert\_bot
2025-08-19T14:21:52.6215500Z 
2025-08-19T14:21:52.6215688Z <a id="alert_bot.tests.test_smoke"></a>
2025-08-19T14:21:52.6216044Z 
2025-08-19T14:21:52.6216215Z # alert\_bot.tests.test\_smoke
2025-08-19T14:21:52.6216523Z 
2025-08-19T14:21:52.6216682Z <a id="alert_bot.tests"></a>
2025-08-19T14:21:52.6216967Z 
2025-08-19T14:21:52.6217114Z # alert\_bot.tests
2025-08-19T14:21:52.6217337Z 
2025-08-19T14:21:52.6217503Z <a id="alert_bot.alert_bot"></a>
2025-08-19T14:21:52.6217815Z 
2025-08-19T14:21:52.6217969Z # alert\_bot.alert\_bot
2025-08-19T14:21:52.6218219Z 
2025-08-19T14:21:52.6218374Z <a id="alert_bot.rules"></a>
2025-08-19T14:21:52.6218663Z 
2025-08-19T14:21:52.6218821Z # alert\_bot.rules
2025-08-19T14:21:52.6219041Z 
2025-08-19T14:21:52.6219190Z <a id="common"></a>
2025-08-19T14:21:52.6219429Z 
2025-08-19T14:21:52.6219526Z # common
2025-08-19T14:21:52.6219639Z 
2025-08-19T14:21:52.6219737Z <a id="common.dsn"></a>
2025-08-19T14:21:52.6219880Z 
2025-08-19T14:21:52.6219956Z # common.dsn
2025-08-19T14:21:52.6220076Z 
2025-08-19T14:21:52.6220177Z <a id="common.dsn.build_dsn"></a>
2025-08-19T14:21:52.6220443Z 
2025-08-19T14:21:52.6220529Z #### build\_dsn
2025-08-19T14:21:52.6220655Z 
2025-08-19T14:21:52.6220733Z ```python
2025-08-19T14:21:52.6220953Z def build_dsn(sync: bool = True) -> str
2025-08-19T14:21:52.6221224Z ```
2025-08-19T14:21:52.6221330Z 
2025-08-19T14:21:52.6221466Z Return a Postgres DSN, validating required variables.
2025-08-19T14:21:52.6221670Z 
2025-08-19T14:21:52.6221857Z The function prefers explicit DSNs via ``PG_SYNC_DSN`` / ``PG_ASYNC_DSN`` or
2025-08-19T14:21:52.6222296Z ``DATABASE_URL``.  If those are absent it assembles a connection string from
2025-08-19T14:21:52.6222879Z ``PG_HOST`` and related variables and raises a helpful error when any are
2025-08-19T14:21:52.6223189Z missing.
2025-08-19T14:21:52.6223277Z 
2025-08-19T14:21:52.6223369Z <a id="common.models_vendor"></a>
2025-08-19T14:21:52.6223517Z 
2025-08-19T14:21:52.6223589Z # common.models\_vendor
2025-08-19T14:21:52.6223710Z 
2025-08-19T14:21:52.6223798Z <a id="common.models_vendor.Vendor"></a>
2025-08-19T14:21:52.6223962Z 
2025-08-19T14:21:52.6224028Z ## Vendor Objects
2025-08-19T14:21:52.6224137Z 
2025-08-19T14:21:52.6224199Z ```python
2025-08-19T14:21:52.6224357Z class Vendor(Base)
2025-08-19T14:21:52.6224515Z ```
2025-08-19T14:21:52.6224595Z 
2025-08-19T14:21:52.6224676Z Vendor of inventory items.
2025-08-19T14:21:52.6224948Z 
2025-08-19T14:21:52.6225050Z <a id="common.models_vendor.VendorPrice"></a>
2025-08-19T14:21:52.6225233Z 
2025-08-19T14:21:52.6225304Z ## VendorPrice Objects
2025-08-19T14:21:52.6225418Z 
2025-08-19T14:21:52.6225485Z ```python
2025-08-19T14:21:52.6225637Z class VendorPrice(Base)
2025-08-19T14:21:52.6225823Z ```
2025-08-19T14:21:52.6225902Z 
2025-08-19T14:21:52.6226001Z Association table linking vendors to pricing.
2025-08-19T14:21:52.6226177Z 
2025-08-19T14:21:52.6226254Z <a id="common.db_url"></a>
2025-08-19T14:21:52.6226377Z 
2025-08-19T14:21:52.6226441Z # common.db\_url
2025-08-19T14:21:52.6226549Z 
2025-08-19T14:21:52.6226629Z <a id="common.db_url.build_url"></a>
2025-08-19T14:21:52.6226784Z 
2025-08-19T14:21:52.6226854Z #### build\_url
2025-08-19T14:21:52.6226950Z 
2025-08-19T14:21:52.6227010Z ```python
2025-08-19T14:21:52.6227180Z def build_url(async_: bool = True) -> str
2025-08-19T14:21:52.6227396Z ```
2025-08-19T14:21:52.6227481Z 
2025-08-19T14:21:52.6227576Z Return Postgres DSN from env or PG_* parts.
2025-08-19T14:21:52.6227748Z 
2025-08-19T14:21:52.6227824Z <a id="common.keepa"></a>
2025-08-19T14:21:52.6227955Z 
2025-08-19T14:21:52.6228024Z # common.keepa
2025-08-19T14:21:52.6228124Z 
2025-08-19T14:21:52.6228201Z <a id="common.llm"></a>
2025-08-19T14:21:52.6228440Z 
2025-08-19T14:21:52.6228506Z # common.llm
2025-08-19T14:21:52.6228598Z 
2025-08-19T14:21:52.6228685Z <a id="common.settings"></a>
2025-08-19T14:21:52.6228818Z 
2025-08-19T14:21:52.6228884Z # common.settings
2025-08-19T14:21:52.6228992Z 
2025-08-19T14:21:52.6229060Z <a id="common.db"></a>
2025-08-19T14:21:52.6229173Z 
2025-08-19T14:21:52.6229239Z # common.db
2025-08-19T14:21:52.6229326Z 
2025-08-19T14:21:52.6229416Z <a id="common.db.build_sqlalchemy_url"></a>
2025-08-19T14:21:52.6229583Z 
2025-08-19T14:21:52.6229661Z #### build\_sqlalchemy\_url
2025-08-19T14:21:52.6229788Z 
2025-08-19T14:21:52.6229849Z ```python
2025-08-19T14:21:52.6230015Z def build_sqlalchemy_url() -> str
2025-08-19T14:21:52.6230214Z ```
2025-08-19T14:21:52.6230299Z 
2025-08-19T14:21:52.6230391Z Return Postgres URL for SQLAlchemy engines.
2025-08-19T14:21:52.6230561Z 
2025-08-19T14:21:52.6230653Z <a id="common.db.build_asyncpg_dsn"></a>
2025-08-19T14:21:52.6230817Z 
2025-08-19T14:21:52.6230889Z #### build\_asyncpg\_dsn
2025-08-19T14:21:52.6231020Z 
2025-08-19T14:21:52.6231091Z ```python
2025-08-19T14:21:52.6231253Z def build_asyncpg_dsn() -> str
2025-08-19T14:21:52.6231458Z ```
2025-08-19T14:21:52.6231537Z 
2025-08-19T14:21:52.6231662Z Return DSN suitable for asyncpg (without driver suffix).
2025-08-19T14:21:52.6231879Z 
2025-08-19T14:21:52.6231961Z <a id="common.db.refresh_mvs"></a>
2025-08-19T14:21:52.6232112Z 
2025-08-19T14:21:52.6232189Z #### refresh\_mvs
2025-08-19T14:21:52.6232291Z 
2025-08-19T14:21:52.6232352Z ```python
2025-08-19T14:21:52.6232550Z def refresh_mvs(conn: Engine | Connection) -> None
2025-08-19T14:21:52.6232796Z ```
2025-08-19T14:21:52.6232882Z 
2025-08-19T14:21:52.6233013Z Refresh materialized views, using CONCURRENTLY when safe.
2025-08-19T14:21:52.6233228Z 
2025-08-19T14:21:52.6233301Z <a id="common.config"></a>
2025-08-19T14:21:52.6233435Z 
2025-08-19T14:21:52.6233500Z # common.config
2025-08-19T14:21:52.6233600Z 
2025-08-19T14:21:52.6233677Z <a id="common.base"></a>
2025-08-19T14:21:52.6233795Z 
2025-08-19T14:21:52.6233975Z # common.base
2025-08-19T14:21:52.6234083Z 
2025-08-19T14:21:52.6234164Z <a id="common.base.Base"></a>
2025-08-19T14:21:52.6234305Z 
2025-08-19T14:21:52.6234370Z ## Base Objects
2025-08-19T14:21:52.6234476Z 
2025-08-19T14:21:52.6234537Z ```python
2025-08-19T14:21:52.6234702Z class Base(DeclarativeBase)
2025-08-19T14:21:52.6234990Z ```
2025-08-19T14:21:52.6235074Z 
2025-08-19T14:21:52.6235159Z Base class for SQLAlchemy models.
2025-08-19T14:21:52.6235306Z 
2025-08-19T14:21:52.6235378Z <a id="repricer"></a>
2025-08-19T14:21:52.6235498Z 
2025-08-19T14:21:52.6235559Z # repricer
2025-08-19T14:21:52.6235649Z 
2025-08-19T14:21:52.6235735Z <a id="repricer.app.schemas"></a>
2025-08-19T14:21:52.6235886Z 
2025-08-19T14:21:52.6235962Z # repricer.app.schemas
2025-08-19T14:21:52.6236081Z 
2025-08-19T14:21:52.6236165Z <a id="repricer.app.deps"></a>
2025-08-19T14:21:52.6236303Z 
2025-08-19T14:21:52.6236376Z # repricer.app.deps
2025-08-19T14:21:52.6236491Z 
2025-08-19T14:21:52.6236612Z Placeholder module for Keepa / SP-API clients.
2025-08-19T14:21:52.6236805Z 
2025-08-19T14:21:52.6236886Z <a id="repricer.app.logic"></a>
2025-08-19T14:21:52.6237032Z 
2025-08-19T14:21:52.6237105Z # repricer.app.logic
2025-08-19T14:21:52.6237218Z 
2025-08-19T14:21:52.6237320Z <a id="repricer.app.logic.MIN_MARGIN"></a>
2025-08-19T14:21:52.6237493Z 
2025-08-19T14:21:52.6237556Z #### MIN\_MARGIN
2025-08-19T14:21:52.6237655Z 
2025-08-19T14:21:52.6237721Z 15 % ROI
2025-08-19T14:21:52.6237805Z 
2025-08-19T14:21:52.6237906Z <a id="repricer.app.logic.compute_price"></a>
2025-08-19T14:21:52.6238091Z 
2025-08-19T14:21:52.6238157Z #### compute\_price
2025-08-19T14:21:52.6238261Z 
2025-08-19T14:21:52.6238329Z ```python
2025-08-19T14:21:52.6238572Z def compute_price(asin: str, cost: Decimal, fees: Decimal) -> Decimal
2025-08-19T14:21:52.6238877Z ```
2025-08-19T14:21:52.6238959Z 
2025-08-19T14:21:52.6239064Z Toy algorithm: ensure 15 % ROI and round to cents.
2025-08-19T14:21:52.6239344Z Replace with real competitive logic later.
2025-08-19T14:21:52.6239639Z 
2025-08-19T14:21:52.6239728Z <a id="repricer.app.main"></a>
2025-08-19T14:21:52.6239873Z 
2025-08-19T14:21:52.6239942Z # repricer.app.main
2025-08-19T14:21:52.6240047Z 
2025-08-19T14:21:52.6240127Z <a id="repricer.app"></a>
2025-08-19T14:21:52.6240252Z 
2025-08-19T14:21:52.6240318Z # repricer.app
2025-08-19T14:21:52.6240417Z 
2025-08-19T14:21:52.6240514Z <a id="repricer.tests.test_imports"></a>
2025-08-19T14:21:52.6240679Z 
2025-08-19T14:21:52.6240759Z # repricer.tests.test\_imports
2025-08-19T14:21:52.6240904Z 
2025-08-19T14:21:52.6240993Z <a id="repricer.tests.test_smoke"></a>
2025-08-19T14:21:52.6241152Z 
2025-08-19T14:21:52.6241236Z # repricer.tests.test\_smoke
2025-08-19T14:21:52.6241375Z 
2025-08-19T14:21:52.6241454Z <a id="repricer.tests"></a>
2025-08-19T14:21:52.6241582Z 
2025-08-19T14:21:52.6241655Z # repricer.tests
2025-08-19T14:21:52.6241757Z 
2025-08-19T14:21:52.6241822Z <a id="db"></a>
2025-08-19T14:21:52.6241925Z 
2025-08-19T14:21:52.6241984Z # db
2025-08-19T14:21:52.6242065Z 
2025-08-19T14:21:52.6242151Z <a id="db.utils.views"></a>
2025-08-19T14:21:52.6242286Z 
2025-08-19T14:21:52.6242352Z # db.utils.views
2025-08-19T14:21:52.6242453Z 
2025-08-19T14:21:52.6242549Z <a id="db.utils.views.replace_view"></a>
2025-08-19T14:21:52.6242715Z 
2025-08-19T14:21:52.6242780Z #### replace\_view
2025-08-19T14:21:52.6242889Z 
2025-08-19T14:21:52.6242951Z ```python
2025-08-19T14:21:52.6243140Z def replace_view(name: str, new_sql: str) -> None
2025-08-19T14:21:52.6243386Z ```
2025-08-19T14:21:52.6243468Z 
2025-08-19T14:21:52.6243563Z Drop and recreate a SQL view atomically.
2025-08-19T14:21:52.6243724Z 
2025-08-19T14:21:52.6243793Z <a id="db.utils"></a>
2025-08-19T14:21:52.6243911Z 
2025-08-19T14:21:52.6243981Z # db.utils
2025-08-19T14:21:52.6244067Z 
2025-08-19T14:21:52.6244142Z <a id="price_importer"></a>
2025-08-19T14:21:52.6244274Z 
2025-08-19T14:21:52.6244341Z # price\_importer
2025-08-19T14:21:52.6244449Z 
2025-08-19T14:21:52.6244548Z <a id="price_importer.services_common.dsn"></a>
2025-08-19T14:21:52.6244747Z 
2025-08-19T14:21:52.6245082Z # price\_importer.services\_common.dsn
2025-08-19T14:21:52.6245248Z 
2025-08-19T14:21:52.6245376Z <a id="price_importer.services_common.dsn.build_dsn"></a>
2025-08-19T14:21:52.6245582Z 
2025-08-19T14:21:52.6245644Z #### build\_dsn
2025-08-19T14:21:52.6245750Z 
2025-08-19T14:21:52.6245812Z ```python
2025-08-19T14:21:52.6245980Z def build_dsn(sync: bool = True) -> str
2025-08-19T14:21:52.6246201Z ```
2025-08-19T14:21:52.6246279Z 
2025-08-19T14:21:52.6246349Z Return safe DSN.
2025-08-19T14:21:52.6246449Z 
2025-08-19T14:21:52.6246789Z sync=True → SQLAlchemy (+psycopg) else plain asyncpg.
2025-08-19T14:21:52.6246990Z 
2025-08-19T14:21:52.6247121Z <a id="price_importer.services_common.models_vendor"></a>
2025-08-19T14:21:52.6247325Z 
2025-08-19T14:21:52.6247432Z # price\_importer.services\_common.models\_vendor
2025-08-19T14:21:52.6247627Z 
2025-08-19T14:21:52.6247730Z <a id="price_importer.services_common.db_url"></a>
2025-08-19T14:21:52.6247920Z 
2025-08-19T14:21:52.6248035Z # price\_importer.services\_common.db\_url
2025-08-19T14:21:52.6248207Z 
2025-08-19T14:21:52.6248338Z <a id="price_importer.services_common.db_url.build_url"></a>
2025-08-19T14:21:52.6248554Z 
2025-08-19T14:21:52.6248624Z #### build\_url
2025-08-19T14:21:52.6248723Z 
2025-08-19T14:21:52.6248786Z ```python
2025-08-19T14:21:52.6248958Z def build_url(async_: bool = True) -> str
2025-08-19T14:21:52.6249177Z ```
2025-08-19T14:21:52.6249264Z 
2025-08-19T14:21:52.6249359Z Return Postgres DSN from env or PG_* parts.
2025-08-19T14:21:52.6249529Z 
2025-08-19T14:21:52.6249641Z <a id="price_importer.services_common.keepa"></a>
2025-08-19T14:21:52.6249827Z 
2025-08-19T14:21:52.6249916Z # price\_importer.services\_common.keepa
2025-08-19T14:21:52.6250086Z 
2025-08-19T14:21:52.6250185Z <a id="price_importer.services_common.llm"></a>
2025-08-19T14:21:52.6250362Z 
2025-08-19T14:21:52.6250451Z # price\_importer.services\_common.llm
2025-08-19T14:21:52.6250615Z 
2025-08-19T14:21:52.6250732Z <a id="price_importer.services_common.settings"></a>
2025-08-19T14:21:52.6251053Z 
2025-08-19T14:21:52.6251152Z # price\_importer.services\_common.settings
2025-08-19T14:21:52.6251323Z 
2025-08-19T14:21:52.6251420Z <a id="price_importer.services_common.db"></a>
2025-08-19T14:21:52.6251606Z 
2025-08-19T14:21:52.6251692Z # price\_importer.services\_common.db
2025-08-19T14:21:52.6251848Z 
2025-08-19T14:21:52.6252001Z <a id="price_importer.services_common.db.build_sqlalchemy_url"></a>
2025-08-19T14:21:52.6252246Z 
2025-08-19T14:21:52.6252324Z #### build\_sqlalchemy\_url
2025-08-19T14:21:52.6252456Z 
2025-08-19T14:21:52.6252525Z ```python
2025-08-19T14:21:52.6252697Z def build_sqlalchemy_url() -> str
2025-08-19T14:21:52.6252909Z ```
2025-08-19T14:21:52.6252991Z 
2025-08-19T14:21:52.6253087Z Return Postgres URL for SQLAlchemy engines.
2025-08-19T14:21:52.6253269Z 
2025-08-19T14:21:52.6253417Z <a id="price_importer.services_common.db.build_asyncpg_dsn"></a>
2025-08-19T14:21:52.6253645Z 
2025-08-19T14:21:52.6253726Z #### build\_asyncpg\_dsn
2025-08-19T14:21:52.6253861Z 
2025-08-19T14:21:52.6253924Z ```python
2025-08-19T14:21:52.6254102Z def build_asyncpg_dsn() -> str
2025-08-19T14:21:52.6254294Z ```
2025-08-19T14:21:52.6254379Z 
2025-08-19T14:21:52.6254506Z Return DSN suitable for asyncpg (without driver suffix).
2025-08-19T14:21:52.6254717Z 
2025-08-19T14:21:52.6254940Z <a id="price_importer.services_common.db.refresh_mvs"></a>
2025-08-19T14:21:52.6255157Z 
2025-08-19T14:21:52.6255222Z #### refresh\_mvs
2025-08-19T14:21:52.6255324Z 
2025-08-19T14:21:52.6255394Z ```python
2025-08-19T14:21:52.6255587Z def refresh_mvs(conn: Engine | Connection) -> None
2025-08-19T14:21:52.6255845Z ```
2025-08-19T14:21:52.6255926Z 
2025-08-19T14:21:52.6256059Z Refresh materialized views, using CONCURRENTLY when safe.
2025-08-19T14:21:52.6256286Z 
2025-08-19T14:21:52.6256383Z <a id="price_importer.services_common"></a>
2025-08-19T14:21:52.6256558Z 
2025-08-19T14:21:52.6256649Z # price\_importer.services\_common
2025-08-19T14:21:52.6256801Z 
2025-08-19T14:21:52.6257019Z <a id="price_importer.services_common.base"></a>
2025-08-19T14:21:52.6257218Z 
2025-08-19T14:21:52.6257315Z # price\_importer.services\_common.base
2025-08-19T14:21:52.6257479Z 
2025-08-19T14:21:52.6257568Z <a id="price_importer.normaliser"></a>
2025-08-19T14:21:52.6257735Z 
2025-08-19T14:21:52.6257817Z # price\_importer.normaliser
2025-08-19T14:21:52.6257956Z 
2025-08-19T14:21:52.6258066Z <a id="price_importer.common.models_vendor"></a>
2025-08-19T14:21:52.6258247Z 
2025-08-19T14:21:52.6258336Z # price\_importer.common.models\_vendor
2025-08-19T14:21:52.6258498Z 
2025-08-19T14:21:52.6258592Z <a id="price_importer.common.db_url"></a>
2025-08-19T14:21:52.6258759Z 
2025-08-19T14:21:52.6258842Z # price\_importer.common.db\_url
2025-08-19T14:21:52.6258991Z 
2025-08-19T14:21:52.6259096Z <a id="price_importer.common.db_url.make_dsn"></a>
2025-08-19T14:21:52.6259282Z 
2025-08-19T14:21:52.6259352Z #### make\_dsn
2025-08-19T14:21:52.6259450Z 
2025-08-19T14:21:52.6259511Z ```python
2025-08-19T14:21:52.6259690Z def make_dsn(async_: bool = False) -> str
2025-08-19T14:21:52.6259920Z ```
2025-08-19T14:21:52.6260007Z 
2025-08-19T14:21:52.6260125Z Return DSN built from either PG_* or POSTGRES_* vars.
2025-08-19T14:21:52.6260327Z 
2025-08-19T14:21:52.6260432Z <a id="price_importer.common.db_url.build_url"></a>
2025-08-19T14:21:52.6260624Z 
2025-08-19T14:21:52.6260687Z #### build\_url
2025-08-19T14:21:52.6260785Z 
2025-08-19T14:21:52.6260854Z ```python
2025-08-19T14:21:52.6261024Z def build_url(async_: bool = False) -> str
2025-08-19T14:21:52.6261251Z ```
2025-08-19T14:21:52.6261330Z 
2025-08-19T14:21:52.6261450Z Return Postgres DSN built from environment variables.
2025-08-19T14:21:52.6261656Z 
2025-08-19T14:21:52.6261741Z <a id="price_importer.common"></a>
2025-08-19T14:21:52.6261892Z 
2025-08-19T14:21:52.6261969Z # price\_importer.common
2025-08-19T14:21:52.6262103Z 
2025-08-19T14:21:52.6262193Z <a id="price_importer.common.base"></a>
2025-08-19T14:21:52.6262358Z 
2025-08-19T14:21:52.6262446Z # price\_importer.common.base
2025-08-19T14:21:52.6262708Z 
2025-08-19T14:21:52.6262805Z <a id="price_importer.tests.conftest"></a>
2025-08-19T14:21:52.6262982Z 
2025-08-19T14:21:52.6263065Z # price\_importer.tests.conftest
2025-08-19T14:21:52.6263211Z 
2025-08-19T14:21:52.6263308Z <a id="price_importer.tests.test_reader"></a>
2025-08-19T14:21:52.6263490Z 
2025-08-19T14:21:52.6263576Z # price\_importer.tests.test\_reader
2025-08-19T14:21:52.6263731Z 
2025-08-19T14:21:52.6263839Z <a id="price_importer.tests.test_imports"></a>
2025-08-19T14:21:52.6264028Z 
2025-08-19T14:21:52.6264116Z # price\_importer.tests.test\_imports
2025-08-19T14:21:52.6264279Z 
2025-08-19T14:21:52.6264374Z <a id="price_importer.tests.test_smoke"></a>
2025-08-19T14:21:52.6264545Z 
2025-08-19T14:21:52.6264629Z # price\_importer.tests.test\_smoke
2025-08-19T14:21:52.6264912Z 
2025-08-19T14:21:52.6265019Z <a id="price_importer.tests.test_normaliser"></a>
2025-08-19T14:21:52.6265222Z 
2025-08-19T14:21:52.6265319Z # price\_importer.tests.test\_normaliser
2025-08-19T14:21:52.6265484Z 
2025-08-19T14:21:52.6265579Z <a id="price_importer.tests"></a>
2025-08-19T14:21:52.6265736Z 
2025-08-19T14:21:52.6265811Z # price\_importer.tests
2025-08-19T14:21:52.6265933Z 
2025-08-19T14:21:52.6266017Z <a id="price_importer.reader"></a>
2025-08-19T14:21:52.6266172Z 
2025-08-19T14:21:52.6266247Z # price\_importer.reader
2025-08-19T14:21:52.6266370Z 
2025-08-19T14:21:52.6266464Z <a id="price_importer.repository"></a>
2025-08-19T14:21:52.6266624Z 
2025-08-19T14:21:52.6266705Z # price\_importer.repository
2025-08-19T14:21:52.6266844Z 
2025-08-19T14:21:52.6266927Z <a id="price_importer.import"></a>
2025-08-19T14:21:52.6267073Z 
2025-08-19T14:21:52.6267148Z # price\_importer.import
2025-08-19T14:21:52.6267278Z 
2025-08-19T14:21:52.6267347Z <a id="fees_h10"></a>
2025-08-19T14:21:52.6267462Z 
2025-08-19T14:21:52.6267531Z # fees\_h10
2025-08-19T14:21:52.6267620Z 
2025-08-19T14:21:52.6267694Z <a id="fees_h10.worker"></a>
2025-08-19T14:21:52.6267830Z 
2025-08-19T14:21:52.6267896Z # fees\_h10.worker
2025-08-19T14:21:52.6268120Z 
2025-08-19T14:21:52.6268221Z <a id="fees_h10.worker.list_active_asins"></a>
2025-08-19T14:21:52.6268406Z 
2025-08-19T14:21:52.6268478Z #### list\_active\_asins
2025-08-19T14:21:52.6268597Z 
2025-08-19T14:21:52.6268667Z ```python
2025-08-19T14:21:52.6268832Z def list_active_asins() -> list[str]
2025-08-19T14:21:52.6269046Z ```
2025-08-19T14:21:52.6269158Z 
2025-08-19T14:21:52.6269269Z Return known ASINs or an empty list if unavailable.
2025-08-19T14:21:52.6269467Z 
2025-08-19T14:21:52.6269549Z <a id="fees_h10.tests.test_smoke"></a>
2025-08-19T14:21:52.6269703Z 
2025-08-19T14:21:52.6269783Z # fees\_h10.tests.test\_smoke
2025-08-19T14:21:52.6269922Z 
2025-08-19T14:21:52.6269997Z <a id="fees_h10.tests"></a>
2025-08-19T14:21:52.6270124Z 
2025-08-19T14:21:52.6270195Z # fees\_h10.tests
2025-08-19T14:21:52.6270296Z 
2025-08-19T14:21:52.6270368Z <a id="fees_h10.client"></a>
2025-08-19T14:21:52.6270500Z 
2025-08-19T14:21:52.6270563Z # fees\_h10.client
2025-08-19T14:21:52.6270664Z 
2025-08-19T14:21:52.6270752Z <a id="fees_h10.repository"></a>
2025-08-19T14:21:52.6270897Z 
2025-08-19T14:21:52.6270967Z # fees\_h10.repository
2025-08-19T14:21:52.6271083Z 
2025-08-19T14:21:52.6271156Z <a id="emailer"></a>
2025-08-19T14:21:52.6271266Z 
2025-08-19T14:21:52.6271335Z # emailer
2025-08-19T14:21:52.6271422Z 
2025-08-19T14:21:52.6271525Z <a id="emailer.tests.test_import_emailer"></a>
2025-08-19T14:21:52.6271703Z 
2025-08-19T14:21:52.6271789Z # emailer.tests.test\_import\_emailer
2025-08-19T14:21:52.6271951Z 
2025-08-19T14:21:52.6272034Z <a id="emailer.tests.test_smoke"></a>
2025-08-19T14:21:52.6272188Z 
2025-08-19T14:21:52.6272269Z # emailer.tests.test\_smoke
2025-08-19T14:21:52.6272401Z 
2025-08-19T14:21:52.6272476Z <a id="emailer.tests"></a>
2025-08-19T14:21:52.6272600Z 
2025-08-19T14:21:52.6272674Z # emailer.tests
2025-08-19T14:21:52.6272775Z 
2025-08-19T14:21:52.6272858Z <a id="emailer.generate_body"></a>
2025-08-19T14:21:52.6273011Z 
2025-08-19T14:21:52.6273084Z # emailer.generate\_body
2025-08-19T14:21:52.6273208Z 
2025-08-19T14:21:52.6273409Z <a id="llm_server"></a>
2025-08-19T14:21:52.6273527Z 
2025-08-19T14:21:52.6273592Z # llm\_server
2025-08-19T14:21:52.6273688Z 
2025-08-19T14:21:52.6273771Z <a id="llm_server.app"></a>
2025-08-19T14:21:52.6273899Z 
2025-08-19T14:21:52.6273965Z # llm\_server.app
2025-08-19T14:21:52.6274073Z 
2025-08-19T14:21:52.6619370Z ##[group]Run peaceiris/actions-gh-pages@v3
2025-08-19T14:21:52.6619642Z with:
2025-08-19T14:21:52.6620077Z   github_token: ***
2025-08-19T14:21:52.6620273Z   publish_branch: gh-pages
2025-08-19T14:21:52.6620481Z   publish_dir: docs/api
2025-08-19T14:21:52.6620680Z   allow_empty_commit: false
2025-08-19T14:21:52.6620873Z   keep_files: false
2025-08-19T14:21:52.6621048Z   force_orphan: false
2025-08-19T14:21:52.6621225Z   enable_jekyll: false
2025-08-19T14:21:52.6621410Z   disable_nojekyll: false
2025-08-19T14:21:52.6621600Z   exclude_assets: .github
2025-08-19T14:21:52.6621782Z env:
2025-08-19T14:21:52.6621996Z   pythonLocation: /opt/hostedtoolcache/Python/3.11.13/x64
2025-08-19T14:21:52.6622400Z   PKG_CONFIG_PATH: /opt/hostedtoolcache/Python/3.11.13/x64/lib/pkgconfig
2025-08-19T14:21:52.6622778Z   Python_ROOT_DIR: /opt/hostedtoolcache/Python/3.11.13/x64
2025-08-19T14:21:52.6623104Z   Python2_ROOT_DIR: /opt/hostedtoolcache/Python/3.11.13/x64
2025-08-19T14:21:52.6623464Z   Python3_ROOT_DIR: /opt/hostedtoolcache/Python/3.11.13/x64
2025-08-19T14:21:52.6623805Z   LD_LIBRARY_PATH: /opt/hostedtoolcache/Python/3.11.13/x64/lib
2025-08-19T14:21:52.6624088Z ##[endgroup]
2025-08-19T14:21:52.7235998Z [INFO] Usage https://github.com/peaceiris/actions-gh-pages#readme
2025-08-19T14:21:52.7240932Z ##[group]Dump inputs
2025-08-19T14:21:52.7241323Z [INFO] GithubToken: true
2025-08-19T14:21:52.7241711Z [INFO] PublishBranch: gh-pages
2025-08-19T14:21:52.7242123Z [INFO] PublishDir: docs/api
2025-08-19T14:21:52.7242500Z [INFO] DestinationDir: 
2025-08-19T14:21:52.7242867Z [INFO] ExternalRepository: 
2025-08-19T14:21:52.7243268Z [INFO] AllowEmptyCommit: false
2025-08-19T14:21:52.7243665Z [INFO] KeepFiles: false
2025-08-19T14:21:52.7244044Z [INFO] ForceOrphan: false
2025-08-19T14:21:52.7244403Z [INFO] UserName: 
2025-08-19T14:21:52.7244713Z [INFO] UserEmail: 
2025-08-19T14:21:52.7245193Z [INFO] CommitMessage: 
2025-08-19T14:21:52.7245550Z [INFO] FullCommitMessage: 
2025-08-19T14:21:52.7245917Z [INFO] TagName: 
2025-08-19T14:21:52.7246231Z [INFO] TagMessage: 
2025-08-19T14:21:52.7246595Z [INFO] EnableJekyll (DisableNoJekyll): false
2025-08-19T14:21:52.7247048Z [INFO] CNAME: 
2025-08-19T14:21:52.7247367Z [INFO] ExcludeAssets .github
2025-08-19T14:21:52.7247624Z 
2025-08-19T14:21:52.7247997Z ##[endgroup]
2025-08-19T14:21:52.7248538Z ##[group]Setup auth token
2025-08-19T14:21:52.7248909Z [INFO] setup GITHUB_TOKEN
2025-08-19T14:21:52.7250207Z ##[endgroup]
2025-08-19T14:21:52.7250744Z ##[group]Prepare publishing assets
2025-08-19T14:21:52.7251391Z [INFO] ForceOrphan: false
2025-08-19T14:21:52.7297658Z [command]/usr/bin/git clone --depth=1 --single-branch --branch gh-pages ***github.com/AlexBomber12/AWA-App.git /home/runner/actions_github_pages_1755613312724
2025-08-19T14:21:52.7339021Z Cloning into '/home/runner/actions_github_pages_1755613312724'...
2025-08-19T14:21:52.9068640Z [INFO] clean up /home/runner/actions_github_pages_1755613312724
2025-08-19T14:21:52.9069339Z [INFO] chdir /home/runner/actions_github_pages_1755613312724
2025-08-19T14:21:52.9086126Z [command]/usr/bin/git rm -r --ignore-unmatch *
2025-08-19T14:21:52.9115209Z rm '.gitkeep'
2025-08-19T14:21:52.9115811Z rm '.nojekyll'
2025-08-19T14:21:52.9119791Z [INFO] chdir /home/runner/actions_github_pages_1755613312724
2025-08-19T14:21:52.9120592Z [INFO] prepare publishing assets
2025-08-19T14:21:52.9122103Z [INFO] copy /home/runner/work/AWA-App/AWA-App/docs/api to /home/runner/actions_github_pages_1755613312724
2025-08-19T14:21:52.9153131Z cp: no such file or directory: /home/runner/work/AWA-App/AWA-App/docs/api/*
2025-08-19T14:21:52.9163405Z [INFO] delete excluded assets
2025-08-19T14:21:52.9195430Z rm: no paths given
2025-08-19T14:21:52.9197584Z [INFO] Created /home/runner/actions_github_pages_1755613312724/.nojekyll
2025-08-19T14:21:52.9199216Z ##[endgroup]
2025-08-19T14:21:52.9199743Z ##[group]Setup Git config
2025-08-19T14:21:52.9215342Z [command]/usr/bin/git remote rm origin
2025-08-19T14:21:52.9275887Z [command]/usr/bin/git remote add origin ***github.com/AlexBomber12/AWA-App.git
2025-08-19T14:21:52.9322574Z [command]/usr/bin/git add --all
2025-08-19T14:21:52.9375717Z [command]/usr/bin/git config user.name AlexBomber12
2025-08-19T14:21:52.9425380Z [command]/usr/bin/git config user.email AlexBomber12@users.noreply.github.com
2025-08-19T14:21:52.9461336Z ##[endgroup]
2025-08-19T14:21:52.9462007Z ##[group]Create a commit
2025-08-19T14:21:52.9477036Z [command]/usr/bin/git commit -m deploy: b491c44cad8af5386e7cf26f283349d557a58864
2025-08-19T14:21:52.9514549Z On branch gh-pages
2025-08-19T14:21:52.9521813Z nothing to commit, working tree clean
2025-08-19T14:21:52.9522225Z [INFO] skip commit
2025-08-19T14:21:52.9523028Z ##[endgroup]
2025-08-19T14:21:52.9523574Z ##[group]Push the commit or tag
2025-08-19T14:21:52.9540707Z [command]/usr/bin/git push origin gh-pages
2025-08-19T14:21:53.1804611Z Everything up-to-date
2025-08-19T14:21:53.1838992Z ##[endgroup]
2025-08-19T14:21:53.1840650Z [INFO] Action successfully completed
2025-08-19T14:21:53.1930038Z Post job cleanup.
2025-08-19T14:21:53.3509559Z Post job cleanup.
2025-08-19T14:21:53.4447183Z [command]/usr/bin/git version
2025-08-19T14:21:53.4483416Z git version 2.50.1
2025-08-19T14:21:53.4532889Z Temporarily overriding HOME='/home/runner/work/_temp/316cb0c9-bc01-42e6-a535-2445d9267ed4' before making global git config changes
2025-08-19T14:21:53.4534177Z Adding repository directory to the temporary git global config as a safe directory
2025-08-19T14:21:53.4538295Z [command]/usr/bin/git config --global --add safe.directory /home/runner/work/AWA-App/AWA-App
2025-08-19T14:21:53.4573230Z [command]/usr/bin/git config --local --name-only --get-regexp core\.sshCommand
2025-08-19T14:21:53.4606622Z [command]/usr/bin/git submodule foreach --recursive sh -c "git config --local --name-only --get-regexp 'core\.sshCommand' && git config --local --unset-all 'core.sshCommand' || :"
2025-08-19T14:21:53.4837720Z [command]/usr/bin/git config --local --name-only --get-regexp http\.https\:\/\/github\.com\/\.extraheader
2025-08-19T14:21:53.4859150Z http.https://github.com/.extraheader
2025-08-19T14:21:53.4871557Z [command]/usr/bin/git config --local --unset-all http.https://github.com/.extraheader
2025-08-19T14:21:53.4903121Z [command]/usr/bin/git submodule foreach --recursive sh -c "git config --local --name-only --get-regexp 'http\.https\:\/\/github\.com\/\.extraheader' && git config --local --unset-all 'http.https://github.com/.extraheader' || :"
2025-08-19T14:21:53.5227255Z Cleaning up orphan processes
