2025-08-16T21:01:05.1369321Z Current runner version: '2.327.1'
2025-08-16T21:01:05.1394099Z ##[group]Runner Image Provisioner
2025-08-16T21:01:05.1394895Z Hosted Compute Agent
2025-08-16T21:01:05.1395524Z Version: 20250812.370
2025-08-16T21:01:05.1396103Z Commit: 4a2b2bf7520004e3e907c2150c8cabe342a3da32
2025-08-16T21:01:05.1397129Z Build Date: 2025-08-12T16:08:14Z
2025-08-16T21:01:05.1397675Z ##[endgroup]
2025-08-16T21:01:05.1398410Z ##[group]Operating System
2025-08-16T21:01:05.1398950Z Ubuntu
2025-08-16T21:01:05.1399407Z 24.04.2
2025-08-16T21:01:05.1399886Z LTS
2025-08-16T21:01:05.1400334Z ##[endgroup]
2025-08-16T21:01:05.1400807Z ##[group]Runner Image
2025-08-16T21:01:05.1401435Z Image: ubuntu-24.04
2025-08-16T21:01:05.1401971Z Version: 20250810.1.0
2025-08-16T21:01:05.1402920Z Included Software: https://github.com/actions/runner-images/blob/ubuntu24/20250810.1/images/ubuntu/Ubuntu2404-Readme.md
2025-08-16T21:01:05.1404512Z Image Release: https://github.com/actions/runner-images/releases/tag/ubuntu24%2F20250810.1
2025-08-16T21:01:05.1405463Z ##[endgroup]
2025-08-16T21:01:05.1408078Z ##[group]GITHUB_TOKEN Permissions
2025-08-16T21:01:05.1410282Z Actions: write
2025-08-16T21:01:05.1410875Z Attestations: write
2025-08-16T21:01:05.1411407Z Checks: write
2025-08-16T21:01:05.1411886Z Contents: write
2025-08-16T21:01:05.1412404Z Deployments: write
2025-08-16T21:01:05.1412918Z Discussions: write
2025-08-16T21:01:05.1413417Z Issues: write
2025-08-16T21:01:05.1413938Z Metadata: read
2025-08-16T21:01:05.1414396Z Models: read
2025-08-16T21:01:05.1414883Z Packages: write
2025-08-16T21:01:05.1415318Z Pages: write
2025-08-16T21:01:05.1415874Z PullRequests: write
2025-08-16T21:01:05.1416816Z RepositoryProjects: write
2025-08-16T21:01:05.1417361Z SecurityEvents: write
2025-08-16T21:01:05.1418079Z Statuses: write
2025-08-16T21:01:05.1418549Z ##[endgroup]
2025-08-16T21:01:05.1420528Z Secret source: Actions
2025-08-16T21:01:05.1421763Z Prepare workflow directory
2025-08-16T21:01:05.1747938Z Prepare all required actions
2025-08-16T21:01:05.1786945Z Getting action download info
2025-08-16T21:01:05.5004856Z Download action repository 'actions/checkout@v4' (SHA:08eba0b27e820071cde6df949e0beb9ba4906955)
2025-08-16T21:01:06.1578414Z Download action repository 'actions/setup-python@v5' (SHA:a26af69be951a213d495a4c3e4e4022e16d87065)
2025-08-16T21:01:06.8394155Z Download action repository 'peaceiris/actions-gh-pages@v3' (SHA:373f7f263a76c20808c831209c920827a82a2847)
2025-08-16T21:01:07.4020520Z Complete job name: publish
2025-08-16T21:01:07.4731489Z ##[group]Run actions/checkout@v4
2025-08-16T21:01:07.4732478Z with:
2025-08-16T21:01:07.4733092Z   repository: AlexBomber12/AWA-App
2025-08-16T21:01:07.4734009Z   token: ***
2025-08-16T21:01:07.4734580Z   ssh-strict: true
2025-08-16T21:01:07.4735160Z   ssh-user: git
2025-08-16T21:01:07.4735768Z   persist-credentials: true
2025-08-16T21:01:07.4736653Z   clean: true
2025-08-16T21:01:07.4737274Z   sparse-checkout-cone-mode: true
2025-08-16T21:01:07.4737962Z   fetch-depth: 1
2025-08-16T21:01:07.4738568Z   fetch-tags: false
2025-08-16T21:01:07.4739215Z   show-progress: true
2025-08-16T21:01:07.4739832Z   lfs: false
2025-08-16T21:01:07.4740416Z   submodules: false
2025-08-16T21:01:07.4741029Z   set-safe-directory: true
2025-08-16T21:01:07.4741931Z ##[endgroup]
2025-08-16T21:01:07.5803398Z Syncing repository: AlexBomber12/AWA-App
2025-08-16T21:01:07.5805455Z ##[group]Getting Git version info
2025-08-16T21:01:07.5806654Z Working directory is '/home/runner/work/AWA-App/AWA-App'
2025-08-16T21:01:07.5808032Z [command]/usr/bin/git version
2025-08-16T21:01:07.6556858Z git version 2.50.1
2025-08-16T21:01:07.6583019Z ##[endgroup]
2025-08-16T21:01:07.6599257Z Temporarily overriding HOME='/home/runner/work/_temp/85092125-1927-4205-a48d-02d29a968643' before making global git config changes
2025-08-16T21:01:07.6600783Z Adding repository directory to the temporary git global config as a safe directory
2025-08-16T21:01:07.6604588Z [command]/usr/bin/git config --global --add safe.directory /home/runner/work/AWA-App/AWA-App
2025-08-16T21:01:07.6668759Z Deleting the contents of '/home/runner/work/AWA-App/AWA-App'
2025-08-16T21:01:07.6672578Z ##[group]Initializing the repository
2025-08-16T21:01:07.6676001Z [command]/usr/bin/git init /home/runner/work/AWA-App/AWA-App
2025-08-16T21:01:07.7078111Z hint: Using 'master' as the name for the initial branch. This default branch name
2025-08-16T21:01:07.7079887Z hint: is subject to change. To configure the initial branch name to use in all
2025-08-16T21:01:07.7081332Z hint: of your new repositories, which will suppress this warning, call:
2025-08-16T21:01:07.7082334Z hint:
2025-08-16T21:01:07.7083138Z hint: 	git config --global init.defaultBranch <name>
2025-08-16T21:01:07.7083987Z hint:
2025-08-16T21:01:07.7084822Z hint: Names commonly chosen instead of 'master' are 'main', 'trunk' and
2025-08-16T21:01:07.7085956Z hint: 'development'. The just-created branch can be renamed via this command:
2025-08-16T21:01:07.7087151Z hint:
2025-08-16T21:01:07.7087834Z hint: 	git branch -m <name>
2025-08-16T21:01:07.7088560Z hint:
2025-08-16T21:01:07.7089430Z hint: Disable this message with "git config set advice.defaultBranchName false"
2025-08-16T21:01:07.7108429Z Initialized empty Git repository in /home/runner/work/AWA-App/AWA-App/.git/
2025-08-16T21:01:07.7120699Z [command]/usr/bin/git remote add origin https://github.com/AlexBomber12/AWA-App
2025-08-16T21:01:07.7187426Z ##[endgroup]
2025-08-16T21:01:07.7188533Z ##[group]Disabling automatic garbage collection
2025-08-16T21:01:07.7190951Z [command]/usr/bin/git config --local gc.auto 0
2025-08-16T21:01:07.7222082Z ##[endgroup]
2025-08-16T21:01:07.7223732Z ##[group]Setting up auth
2025-08-16T21:01:07.7231228Z [command]/usr/bin/git config --local --name-only --get-regexp core\.sshCommand
2025-08-16T21:01:07.7262659Z [command]/usr/bin/git submodule foreach --recursive sh -c "git config --local --name-only --get-regexp 'core\.sshCommand' && git config --local --unset-all 'core.sshCommand' || :"
2025-08-16T21:01:07.8673252Z [command]/usr/bin/git config --local --name-only --get-regexp http\.https\:\/\/github\.com\/\.extraheader
2025-08-16T21:01:07.8715301Z [command]/usr/bin/git submodule foreach --recursive sh -c "git config --local --name-only --get-regexp 'http\.https\:\/\/github\.com\/\.extraheader' && git config --local --unset-all 'http.https://github.com/.extraheader' || :"
2025-08-16T21:01:07.8943450Z [command]/usr/bin/git config --local http.https://github.com/.extraheader AUTHORIZATION: basic ***
2025-08-16T21:01:07.8992320Z ##[endgroup]
2025-08-16T21:01:07.8993333Z ##[group]Fetching the repository
2025-08-16T21:01:07.9001210Z [command]/usr/bin/git -c protocol.version=2 fetch --no-tags --prune --no-recurse-submodules --depth=1 origin +4b2ad1d7cd4a12bc7cb1117a806508d6884ac4a2:refs/remotes/pull/210/merge
2025-08-16T21:01:08.3608097Z From https://github.com/AlexBomber12/AWA-App
2025-08-16T21:01:08.3608846Z  * [new ref]         4b2ad1d7cd4a12bc7cb1117a806508d6884ac4a2 -> pull/210/merge
2025-08-16T21:01:08.3672250Z ##[endgroup]
2025-08-16T21:01:08.3672785Z ##[group]Determining the checkout info
2025-08-16T21:01:08.3674665Z ##[endgroup]
2025-08-16T21:01:08.3679647Z [command]/usr/bin/git sparse-checkout disable
2025-08-16T21:01:08.3781451Z [command]/usr/bin/git config --local --unset-all extensions.worktreeConfig
2025-08-16T21:01:08.3809281Z ##[group]Checking out the ref
2025-08-16T21:01:08.3813372Z [command]/usr/bin/git checkout --progress --force refs/remotes/pull/210/merge
2025-08-16T21:01:08.4108503Z Note: switching to 'refs/remotes/pull/210/merge'.
2025-08-16T21:01:08.4108965Z 
2025-08-16T21:01:08.4109320Z You are in 'detached HEAD' state. You can look around, make experimental
2025-08-16T21:01:08.4110057Z changes and commit them, and you can discard any commits you make in this
2025-08-16T21:01:08.4110564Z state without impacting any branches by switching back to a branch.
2025-08-16T21:01:08.4110846Z 
2025-08-16T21:01:08.4111041Z If you want to create a new branch to retain commits you create, you may
2025-08-16T21:01:08.4111490Z do so (now or later) by using -c with the switch command. Example:
2025-08-16T21:01:08.4111991Z 
2025-08-16T21:01:08.4112116Z   git switch -c <new-branch-name>
2025-08-16T21:01:08.4112300Z 
2025-08-16T21:01:08.4112420Z Or undo this operation with:
2025-08-16T21:01:08.4112585Z 
2025-08-16T21:01:08.4112681Z   git switch -
2025-08-16T21:01:08.4112817Z 
2025-08-16T21:01:08.4113094Z Turn off this advice by setting config variable advice.detachedHead to false
2025-08-16T21:01:08.4113654Z 
2025-08-16T21:01:08.4114307Z HEAD is now at 4b2ad1d Merge 927bb588357815985003d852fbcb15b554e60f9d into 4e36509e134aa92dde3c86717ac78816940f2736
2025-08-16T21:01:08.4118361Z ##[endgroup]
2025-08-16T21:01:08.4153627Z [command]/usr/bin/git log -1 --format=%H
2025-08-16T21:01:08.4175083Z 4b2ad1d7cd4a12bc7cb1117a806508d6884ac4a2
2025-08-16T21:01:08.4406988Z ##[group]Run actions/setup-python@v5
2025-08-16T21:01:08.4407330Z with:
2025-08-16T21:01:08.4407544Z   python-version: 3.11
2025-08-16T21:01:08.4407782Z   check-latest: false
2025-08-16T21:01:08.4408129Z   token: ***
2025-08-16T21:01:08.4408370Z   update-environment: true
2025-08-16T21:01:08.4408627Z   allow-prereleases: false
2025-08-16T21:01:08.4408864Z   freethreaded: false
2025-08-16T21:01:08.4409091Z ##[endgroup]
2025-08-16T21:01:08.6042266Z ##[group]Installed versions
2025-08-16T21:01:08.6491220Z Successfully set up CPython (3.11.13)
2025-08-16T21:01:08.6492026Z ##[endgroup]
2025-08-16T21:01:08.6609822Z ##[group]Run pip install pydoc-markdown
2025-08-16T21:01:08.6610251Z [36;1mpip install pydoc-markdown[0m
2025-08-16T21:01:08.6795228Z shell: /usr/bin/bash -e {0}
2025-08-16T21:01:08.6857452Z env:
2025-08-16T21:01:08.6857779Z   pythonLocation: /opt/hostedtoolcache/Python/3.11.13/x64
2025-08-16T21:01:08.6858256Z   PKG_CONFIG_PATH: /opt/hostedtoolcache/Python/3.11.13/x64/lib/pkgconfig
2025-08-16T21:01:08.6858696Z   Python_ROOT_DIR: /opt/hostedtoolcache/Python/3.11.13/x64
2025-08-16T21:01:08.6859102Z   Python2_ROOT_DIR: /opt/hostedtoolcache/Python/3.11.13/x64
2025-08-16T21:01:08.6859485Z   Python3_ROOT_DIR: /opt/hostedtoolcache/Python/3.11.13/x64
2025-08-16T21:01:08.6859887Z   LD_LIBRARY_PATH: /opt/hostedtoolcache/Python/3.11.13/x64/lib
2025-08-16T21:01:08.6860207Z ##[endgroup]
2025-08-16T21:01:11.0735459Z Collecting pydoc-markdown
2025-08-16T21:01:11.1600213Z   Downloading pydoc_markdown-4.8.2-py3-none-any.whl.metadata (5.9 kB)
2025-08-16T21:01:11.2265662Z Collecting PyYAML<7.0,>=5.0 (from pydoc-markdown)
2025-08-16T21:01:11.2425203Z   Downloading PyYAML-6.0.2-cp311-cp311-manylinux_2_17_x86_64.manylinux2014_x86_64.whl.metadata (2.1 kB)
2025-08-16T21:01:11.2749255Z Collecting click<9.0,>=7.1 (from pydoc-markdown)
2025-08-16T21:01:11.2907202Z   Downloading click-8.2.1-py3-none-any.whl.metadata (2.5 kB)
2025-08-16T21:01:11.3268358Z Collecting databind.core<5.0.0,>=4.4.0 (from pydoc-markdown)
2025-08-16T21:01:11.3433998Z   Downloading databind.core-4.5.2-py3-none-any.whl.metadata (1.1 kB)
2025-08-16T21:01:11.3885718Z Collecting databind.json<5.0.0,>=4.4.0 (from pydoc-markdown)
2025-08-16T21:01:11.4061946Z   Downloading databind.json-4.5.2-py3-none-any.whl.metadata (1.1 kB)
2025-08-16T21:01:11.4317007Z Collecting docspec<3.0.0,>=2.2.1 (from pydoc-markdown)
2025-08-16T21:01:11.4513019Z   Downloading docspec-2.2.2-py3-none-any.whl.metadata (1.0 kB)
2025-08-16T21:01:11.4847011Z Collecting docspec-python<3.0.0,>=2.2.1 (from pydoc-markdown)
2025-08-16T21:01:11.5010785Z   Downloading docspec_python-2.2.2-py3-none-any.whl.metadata (1.0 kB)
2025-08-16T21:01:11.5267708Z Collecting docstring-parser<0.12,>=0.11 (from pydoc-markdown)
2025-08-16T21:01:11.5438305Z   Downloading docstring_parser-0.11.tar.gz (22 kB)
2025-08-16T21:01:11.5606119Z   Installing build dependencies: started
2025-08-16T21:01:12.9153868Z   Installing build dependencies: finished with status 'done'
2025-08-16T21:01:12.9159720Z   Getting requirements to build wheel: started
2025-08-16T21:01:13.2667710Z   Getting requirements to build wheel: finished with status 'done'
2025-08-16T21:01:13.2675654Z   Preparing metadata (pyproject.toml): started
2025-08-16T21:01:13.4390927Z   Preparing metadata (pyproject.toml): finished with status 'done'
2025-08-16T21:01:13.4669829Z Collecting jinja2<4.0.0,>=3.0.0 (from pydoc-markdown)
2025-08-16T21:01:13.4823484Z   Downloading jinja2-3.1.6-py3-none-any.whl.metadata (2.9 kB)
2025-08-16T21:01:13.5125428Z Collecting nr.util<1.0.0,>=0.7.5 (from pydoc-markdown)
2025-08-16T21:01:13.5288245Z   Downloading nr.util-0.8.12-py3-none-any.whl.metadata (813 bytes)
2025-08-16T21:01:13.5716084Z Collecting requests<3.0.0,>=2.23.0 (from pydoc-markdown)
2025-08-16T21:01:13.5870362Z   Downloading requests-2.32.4-py3-none-any.whl.metadata (4.9 kB)
2025-08-16T21:01:13.6165512Z Collecting tomli<3.0.0,>=2.0.0 (from pydoc-markdown)
2025-08-16T21:01:13.6359481Z   Downloading tomli-2.2.1-cp311-cp311-manylinux_2_17_x86_64.manylinux2014_x86_64.whl.metadata (11 kB)
2025-08-16T21:01:13.6660630Z Collecting tomli_w<2.0.0,>=1.0.0 (from pydoc-markdown)
2025-08-16T21:01:13.6835670Z   Downloading tomli_w-1.2.0-py3-none-any.whl.metadata (5.7 kB)
2025-08-16T21:01:13.7496488Z Collecting watchdog (from pydoc-markdown)
2025-08-16T21:01:13.7649860Z   Downloading watchdog-6.0.0-py3-none-manylinux2014_x86_64.whl.metadata (44 kB)
2025-08-16T21:01:13.8041184Z Collecting yapf>=0.30.0 (from pydoc-markdown)
2025-08-16T21:01:13.8231574Z   Downloading yapf-0.43.0-py3-none-any.whl.metadata (46 kB)
2025-08-16T21:01:13.8612655Z Collecting databind<5.0.0,>=4.5.2 (from databind.core<5.0.0,>=4.4.0->pydoc-markdown)
2025-08-16T21:01:13.8814440Z   Downloading databind-4.5.2-py3-none-any.whl.metadata (4.3 kB)
2025-08-16T21:01:13.9102538Z Collecting Deprecated<2.0.0,>=1.2.12 (from databind<5.0.0,>=4.5.2->databind.core<5.0.0,>=4.4.0->pydoc-markdown)
2025-08-16T21:01:13.9254705Z   Downloading Deprecated-1.2.18-py2.py3-none-any.whl.metadata (5.7 kB)
2025-08-16T21:01:13.9495848Z Collecting nr-date<3.0.0,>=2.0.0 (from databind<5.0.0,>=4.5.2->databind.core<5.0.0,>=4.4.0->pydoc-markdown)
2025-08-16T21:01:13.9653993Z   Downloading nr_date-2.1.0-py3-none-any.whl.metadata (746 bytes)
2025-08-16T21:01:13.9918520Z Collecting nr-stream<2.0.0,>=1.0.0 (from databind<5.0.0,>=4.5.2->databind.core<5.0.0,>=4.4.0->pydoc-markdown)
2025-08-16T21:01:14.0079719Z   Downloading nr_stream-1.1.5-py3-none-any.whl.metadata (3.6 kB)
2025-08-16T21:01:14.0396887Z Collecting typeapi<3,>=2.0.1 (from databind<5.0.0,>=4.5.2->databind.core<5.0.0,>=4.4.0->pydoc-markdown)
2025-08-16T21:01:14.0565323Z   Downloading typeapi-2.2.4-py3-none-any.whl.metadata (1.5 kB)
2025-08-16T21:01:14.0888556Z Collecting typing-extensions<5,>=3.10.0 (from databind<5.0.0,>=4.5.2->databind.core<5.0.0,>=4.4.0->pydoc-markdown)
2025-08-16T21:01:14.1042786Z   Downloading typing_extensions-4.14.1-py3-none-any.whl.metadata (3.0 kB)
2025-08-16T21:01:14.2232139Z Collecting wrapt<2,>=1.10 (from Deprecated<2.0.0,>=1.2.12->databind<5.0.0,>=4.5.2->databind.core<5.0.0,>=4.4.0->pydoc-markdown)
2025-08-16T21:01:14.2391921Z   Downloading wrapt-1.17.3-cp311-cp311-manylinux1_x86_64.manylinux_2_28_x86_64.manylinux_2_5_x86_64.whl.metadata (6.4 kB)
2025-08-16T21:01:14.3104631Z Collecting black>=24.8.0 (from docspec-python<3.0.0,>=2.2.1->pydoc-markdown)
2025-08-16T21:01:14.3274197Z   Downloading black-25.1.0-cp311-cp311-manylinux_2_17_x86_64.manylinux2014_x86_64.manylinux_2_28_x86_64.whl.metadata (81 kB)
2025-08-16T21:01:14.3430890Z Collecting docspec<3.0.0,>=2.2.1 (from pydoc-markdown)
2025-08-16T21:01:14.3607363Z   Downloading docspec-2.2.1-py3-none-any.whl.metadata (1.5 kB)
2025-08-16T21:01:14.4271946Z Collecting MarkupSafe>=2.0 (from jinja2<4.0.0,>=3.0.0->pydoc-markdown)
2025-08-16T21:01:14.4431985Z   Downloading MarkupSafe-3.0.2-cp311-cp311-manylinux_2_17_x86_64.manylinux2014_x86_64.whl.metadata (4.0 kB)
2025-08-16T21:01:14.5463133Z Collecting charset_normalizer<4,>=2 (from requests<3.0.0,>=2.23.0->pydoc-markdown)
2025-08-16T21:01:14.5620861Z   Downloading charset_normalizer-3.4.3-cp311-cp311-manylinux2014_x86_64.manylinux_2_17_x86_64.manylinux_2_28_x86_64.whl.metadata (36 kB)
2025-08-16T21:01:14.5902329Z Collecting idna<4,>=2.5 (from requests<3.0.0,>=2.23.0->pydoc-markdown)
2025-08-16T21:01:14.6054878Z   Downloading idna-3.10-py3-none-any.whl.metadata (10 kB)
2025-08-16T21:01:14.6470071Z Collecting urllib3<3,>=1.21.1 (from requests<3.0.0,>=2.23.0->pydoc-markdown)
2025-08-16T21:01:14.6622742Z   Downloading urllib3-2.5.0-py3-none-any.whl.metadata (6.5 kB)
2025-08-16T21:01:14.6981715Z Collecting certifi>=2017.4.17 (from requests<3.0.0,>=2.23.0->pydoc-markdown)
2025-08-16T21:01:14.7133613Z   Downloading certifi-2025.8.3-py3-none-any.whl.metadata (2.4 kB)
2025-08-16T21:01:14.7489190Z Collecting mypy-extensions>=0.4.3 (from black>=24.8.0->docspec-python<3.0.0,>=2.2.1->pydoc-markdown)
2025-08-16T21:01:14.7643928Z   Downloading mypy_extensions-1.1.0-py3-none-any.whl.metadata (1.1 kB)
2025-08-16T21:01:14.7931532Z Collecting packaging>=22.0 (from black>=24.8.0->docspec-python<3.0.0,>=2.2.1->pydoc-markdown)
2025-08-16T21:01:14.8104000Z   Downloading packaging-25.0-py3-none-any.whl.metadata (3.3 kB)
2025-08-16T21:01:14.8389237Z Collecting pathspec>=0.9.0 (from black>=24.8.0->docspec-python<3.0.0,>=2.2.1->pydoc-markdown)
2025-08-16T21:01:14.8543615Z   Downloading pathspec-0.12.1-py3-none-any.whl.metadata (21 kB)
2025-08-16T21:01:14.8882986Z Collecting platformdirs>=2 (from black>=24.8.0->docspec-python<3.0.0,>=2.2.1->pydoc-markdown)
2025-08-16T21:01:14.9050373Z   Downloading platformdirs-4.3.8-py3-none-any.whl.metadata (12 kB)
2025-08-16T21:01:14.9415999Z Downloading pydoc_markdown-4.8.2-py3-none-any.whl (67 kB)
2025-08-16T21:01:14.9603046Z Downloading click-8.2.1-py3-none-any.whl (102 kB)
2025-08-16T21:01:14.9813063Z Downloading databind.core-4.5.2-py3-none-any.whl (1.5 kB)
2025-08-16T21:01:15.0024987Z Downloading databind-4.5.2-py3-none-any.whl (49 kB)
2025-08-16T21:01:15.0252566Z Downloading databind.json-4.5.2-py3-none-any.whl (1.5 kB)
2025-08-16T21:01:15.0429357Z Downloading Deprecated-1.2.18-py2.py3-none-any.whl (10.0 kB)
2025-08-16T21:01:15.0631816Z Downloading docspec_python-2.2.2-py3-none-any.whl (15 kB)
2025-08-16T21:01:15.0815427Z Downloading docspec-2.2.1-py3-none-any.whl (9.8 kB)
2025-08-16T21:01:15.0989223Z Downloading jinja2-3.1.6-py3-none-any.whl (134 kB)
2025-08-16T21:01:15.1198492Z Downloading nr_date-2.1.0-py3-none-any.whl (10 kB)
2025-08-16T21:01:15.1380000Z Downloading nr_stream-1.1.5-py3-none-any.whl (10 kB)
2025-08-16T21:01:15.1566086Z Downloading nr.util-0.8.12-py3-none-any.whl (90 kB)
2025-08-16T21:01:15.1753459Z Downloading PyYAML-6.0.2-cp311-cp311-manylinux_2_17_x86_64.manylinux2014_x86_64.whl (762 kB)
2025-08-16T21:01:15.2073602Z    ━━━━━━━━━━━━━━━━━━━━━━━━━━━━━━━━━━━━━━━━ 763.0/763.0 kB 31.1 MB/s  0:00:00
2025-08-16T21:01:15.2228090Z Downloading requests-2.32.4-py3-none-any.whl (64 kB)
2025-08-16T21:01:15.2416457Z Downloading charset_normalizer-3.4.3-cp311-cp311-manylinux2014_x86_64.manylinux_2_17_x86_64.manylinux_2_28_x86_64.whl (150 kB)
2025-08-16T21:01:15.2595223Z Downloading idna-3.10-py3-none-any.whl (70 kB)
2025-08-16T21:01:15.2773980Z Downloading tomli-2.2.1-cp311-cp311-manylinux_2_17_x86_64.manylinux2014_x86_64.whl (236 kB)
2025-08-16T21:01:15.2973307Z Downloading tomli_w-1.2.0-py3-none-any.whl (6.7 kB)
2025-08-16T21:01:15.3193569Z Downloading typeapi-2.2.4-py3-none-any.whl (26 kB)
2025-08-16T21:01:15.3370293Z Downloading typing_extensions-4.14.1-py3-none-any.whl (43 kB)
2025-08-16T21:01:15.3541490Z Downloading urllib3-2.5.0-py3-none-any.whl (129 kB)
2025-08-16T21:01:15.3738909Z Downloading wrapt-1.17.3-cp311-cp311-manylinux1_x86_64.manylinux_2_28_x86_64.manylinux_2_5_x86_64.whl (82 kB)
2025-08-16T21:01:15.3913594Z Downloading black-25.1.0-cp311-cp311-manylinux_2_17_x86_64.manylinux2014_x86_64.manylinux_2_28_x86_64.whl (1.7 MB)
2025-08-16T21:01:15.4146908Z    ━━━━━━━━━━━━━━━━━━━━━━━━━━━━━━━━━━━━━━━━ 1.7/1.7 MB 73.0 MB/s  0:00:00
2025-08-16T21:01:15.4300541Z Downloading certifi-2025.8.3-py3-none-any.whl (161 kB)
2025-08-16T21:01:15.4512142Z Downloading MarkupSafe-3.0.2-cp311-cp311-manylinux_2_17_x86_64.manylinux2014_x86_64.whl (23 kB)
2025-08-16T21:01:15.4692558Z Downloading mypy_extensions-1.1.0-py3-none-any.whl (5.0 kB)
2025-08-16T21:01:15.4865046Z Downloading packaging-25.0-py3-none-any.whl (66 kB)
2025-08-16T21:01:15.5042852Z Downloading pathspec-0.12.1-py3-none-any.whl (31 kB)
2025-08-16T21:01:15.5215058Z Downloading platformdirs-4.3.8-py3-none-any.whl (18 kB)
2025-08-16T21:01:15.5402666Z Downloading yapf-0.43.0-py3-none-any.whl (256 kB)
2025-08-16T21:01:15.5601424Z Downloading watchdog-6.0.0-py3-none-manylinux2014_x86_64.whl (79 kB)
2025-08-16T21:01:15.5870999Z Building wheels for collected packages: docstring-parser
2025-08-16T21:01:15.5878894Z   Building wheel for docstring-parser (pyproject.toml): started
2025-08-16T21:01:15.7931662Z   Building wheel for docstring-parser (pyproject.toml): finished with status 'done'
2025-08-16T21:01:15.7938332Z   Created wheel for docstring-parser: filename=docstring_parser-0.11-py3-none-any.whl size=31551 sha256=bd8fc1f67c9725eb52e997715258e6218115262a1c1d4c0b33ddcaf0bf6e22cf
2025-08-16T21:01:15.7939921Z   Stored in directory: /home/runner/.cache/pip/wheels/0f/f9/78/1186f8bf3425dbd3fb3fa32beee828876c792f49eb2554e888
2025-08-16T21:01:15.7957585Z Successfully built docstring-parser
2025-08-16T21:01:15.8417092Z Installing collected packages: wrapt, watchdog, urllib3, typing-extensions, tomli_w, tomli, PyYAML, platformdirs, pathspec, packaging, nr-stream, nr-date, mypy-extensions, MarkupSafe, idna, docstring-parser, click, charset_normalizer, certifi, yapf, typeapi, requests, jinja2, Deprecated, black, nr.util, databind, databind.json, databind.core, docspec, docspec-python, pydoc-markdown
2025-08-16T21:01:16.9538489Z 
2025-08-16T21:01:16.9560802Z Successfully installed Deprecated-1.2.18 MarkupSafe-3.0.2 PyYAML-6.0.2 black-25.1.0 certifi-2025.8.3 charset_normalizer-3.4.3 click-8.2.1 databind-4.5.2 databind.core-4.5.2 databind.json-4.5.2 docspec-2.2.1 docspec-python-2.2.2 docstring-parser-0.11 idna-3.10 jinja2-3.1.6 mypy-extensions-1.1.0 nr-date-2.1.0 nr-stream-1.1.5 nr.util-0.8.12 packaging-25.0 pathspec-0.12.1 platformdirs-4.3.8 pydoc-markdown-4.8.2 requests-2.32.4 tomli-2.2.1 tomli_w-1.2.0 typeapi-2.2.4 typing-extensions-4.14.1 urllib3-2.5.0 watchdog-6.0.0 wrapt-1.17.3 yapf-0.43.0
2025-08-16T21:01:17.1683753Z ##[group]Run pydoc-markdown
2025-08-16T21:01:17.1684037Z [36;1mpydoc-markdown[0m
2025-08-16T21:01:17.1723984Z shell: /usr/bin/bash -e {0}
2025-08-16T21:01:17.1724198Z env:
2025-08-16T21:01:17.1724429Z   pythonLocation: /opt/hostedtoolcache/Python/3.11.13/x64
2025-08-16T21:01:17.1724840Z   PKG_CONFIG_PATH: /opt/hostedtoolcache/Python/3.11.13/x64/lib/pkgconfig
2025-08-16T21:01:17.1725224Z   Python_ROOT_DIR: /opt/hostedtoolcache/Python/3.11.13/x64
2025-08-16T21:01:17.1725557Z   Python2_ROOT_DIR: /opt/hostedtoolcache/Python/3.11.13/x64
2025-08-16T21:01:17.1725901Z   Python3_ROOT_DIR: /opt/hostedtoolcache/Python/3.11.13/x64
2025-08-16T21:01:17.1726428Z   LD_LIBRARY_PATH: /opt/hostedtoolcache/Python/3.11.13/x64/lib
2025-08-16T21:01:17.1726727Z ##[endgroup]
2025-08-16T21:01:17.4922295Z [WARNING - pydoc_markdown.main]: Unknown configuration options:
2025-08-16T21:01:17.4923012Z Unknown key(s) "{'output_directory'}" at:
2025-08-16T21:01:17.4923409Z In "pydoc-markdown.yml"
2025-08-16T21:01:17.4923862Z   $: TypeHint(pydoc_markdown.PydocMarkdown)
2025-08-16T21:01:17.4924353Z   .renderer: TypeHint(pydoc_markdown.interfaces.Renderer)
2025-08-16T21:01:17.4924979Z   ^: TypeHint(pydoc_markdown.contrib.renderers.markdown.MarkdownRenderer)
2025-08-16T21:01:17.4925418Z 
2025-08-16T21:01:17.7049206Z <a id="__init__"></a>
2025-08-16T21:01:17.7049669Z 
2025-08-16T21:01:17.7050025Z # \_\_init\_\_
2025-08-16T21:01:17.7050223Z 
2025-08-16T21:01:17.7050348Z <a id="api"></a>
2025-08-16T21:01:17.7050539Z 
2025-08-16T21:01:17.7050655Z # api
2025-08-16T21:01:17.7050811Z 
2025-08-16T21:01:17.7050959Z <a id="api.tests.test_llm"></a>
2025-08-16T21:01:17.7051227Z 
2025-08-16T21:01:17.7051368Z # api.tests.test\_llm
2025-08-16T21:01:17.7051595Z 
2025-08-16T21:01:17.7051860Z <a id="api.tests.test_imports"></a>
2025-08-16T21:01:17.7052154Z 
2025-08-16T21:01:17.7052291Z # api.tests.test\_imports
2025-08-16T21:01:17.7052529Z 
2025-08-16T21:01:17.7052697Z <a id="api.tests.test_entrypoint"></a>
2025-08-16T21:01:17.7053305Z 
2025-08-16T21:01:17.7053467Z # api.tests.test\_entrypoint
2025-08-16T21:01:17.7053732Z 
2025-08-16T21:01:17.7053894Z <a id="api.tests.test_health"></a>
2025-08-16T21:01:17.7054185Z 
2025-08-16T21:01:17.7054332Z # api.tests.test\_health
2025-08-16T21:01:17.7054581Z 
2025-08-16T21:01:17.7054732Z <a id="api.migrations.env"></a>
2025-08-16T21:01:17.7055011Z 
2025-08-16T21:01:17.7055172Z # api.migrations.env
2025-08-16T21:01:17.7055386Z 
2025-08-16T21:01:17.7055604Z <a id="api.migrations.versions.0022_fix_roi_view"></a>
2025-08-16T21:01:17.7055991Z 
2025-08-16T21:01:17.7056417Z # api.migrations.versions.0022\_fix\_roi\_view
2025-08-16T21:01:17.7056778Z 
2025-08-16T21:01:17.7056989Z <a id="api.migrations.versions.0004_fee_cron"></a>
2025-08-16T21:01:17.7057376Z 
2025-08-16T21:01:17.7057559Z # api.migrations.versions.0004\_fee\_cron
2025-08-16T21:01:17.7057892Z 
2025-08-16T21:01:17.7058179Z <a id="api.migrations.versions.3e9d5c5aff2c_rename_fulf_fee"></a>
2025-08-16T21:01:17.7058629Z 
2025-08-16T21:01:17.7058891Z # api.migrations.versions.3e9d5c5aff2c\_rename\_fulf\_fee
2025-08-16T21:01:17.7059282Z 
2025-08-16T21:01:17.7059513Z <a id="api.migrations.versions.0003_vendor_prices"></a>
2025-08-16T21:01:17.7059883Z 
2025-08-16T21:01:17.7060070Z # api.migrations.versions.0003\_vendor\_prices
2025-08-16T21:01:17.7060414Z 
2025-08-16T21:01:17.7060627Z <a id="api.migrations.versions.0024_create_buybox"></a>
2025-08-16T21:01:17.7061007Z 
2025-08-16T21:01:17.7061207Z # api.migrations.versions.0024\_create\_buybox
2025-08-16T21:01:17.7061540Z 
2025-08-16T21:01:17.7061757Z <a id="api.migrations.versions.0002_create_roi_view"></a>
2025-08-16T21:01:17.7062148Z 
2025-08-16T21:01:17.7062351Z # api.migrations.versions.0002\_create\_roi\_view
2025-08-16T21:01:17.7062704Z 
2025-08-16T21:01:17.7062917Z <a id="api.migrations.versions.0006_fix_roi_views"></a>
2025-08-16T21:01:17.7063288Z 
2025-08-16T21:01:17.7063476Z # api.migrations.versions.0006\_fix\_roi\_views
2025-08-16T21:01:17.7063814Z 
2025-08-16T21:01:17.7064363Z <a id="api.migrations.versions.0020_unified_schema"></a>
2025-08-16T21:01:17.7064773Z 
2025-08-16T21:01:17.7064979Z # api.migrations.versions.0020\_unified\_schema
2025-08-16T21:01:17.7065341Z 
2025-08-16T21:01:17.7065575Z <a id="api.migrations.versions.0023_add_storage_fee"></a>
2025-08-16T21:01:17.7065957Z 
2025-08-16T21:01:17.7066365Z # api.migrations.versions.0023\_add\_storage\_fee
2025-08-16T21:01:17.7066750Z 
2025-08-16T21:01:17.7066994Z <a id="api.migrations.versions.0001_baseline"></a>
2025-08-16T21:01:17.7067387Z 
2025-08-16T21:01:17.7067571Z # api.migrations.versions.0001\_baseline
2025-08-16T21:01:17.7067899Z 
2025-08-16T21:01:17.7068063Z <a id="api.migrations.versions"></a>
2025-08-16T21:01:17.7068370Z 
2025-08-16T21:01:17.7068522Z # api.migrations.versions
2025-08-16T21:01:17.7068765Z 
2025-08-16T21:01:17.7068909Z <a id="api.migrations"></a>
2025-08-16T21:01:17.7069174Z 
2025-08-16T21:01:17.7069346Z # api.migrations
2025-08-16T21:01:17.7069542Z 
2025-08-16T21:01:17.7069673Z <a id="api.db"></a>
2025-08-16T21:01:17.7069897Z 
2025-08-16T21:01:17.7070011Z # api.db
2025-08-16T21:01:17.7070180Z 
2025-08-16T21:01:17.7070324Z <a id="api.routes.stats"></a>
2025-08-16T21:01:17.7070586Z 
2025-08-16T21:01:17.7070713Z # api.routes.stats
2025-08-16T21:01:17.7070925Z 
2025-08-16T21:01:17.7071078Z <a id="api.routes.stats.kpi"></a>
2025-08-16T21:01:17.7071363Z 
2025-08-16T21:01:17.7071487Z #### kpi
2025-08-16T21:01:17.7071646Z 
2025-08-16T21:01:17.7071759Z ```python
2025-08-16T21:01:17.7072066Z @router.get("/stats/kpi")
2025-08-16T21:01:17.7072461Z def kpi() -> List[Dict[str, int]]
2025-08-16T21:01:17.7072834Z ```
2025-08-16T21:01:17.7072985Z 
2025-08-16T21:01:17.7073129Z Return KPI metrics (mock).
2025-08-16T21:01:17.7073380Z 
2025-08-16T21:01:17.7073563Z <a id="api.routes.stats.roi_by_vendor"></a>
2025-08-16T21:01:17.7073878Z 
2025-08-16T21:01:17.7074004Z #### roi\_by\_vendor
2025-08-16T21:01:17.7074197Z 
2025-08-16T21:01:17.7074309Z ```python
2025-08-16T21:01:17.7074627Z @router.get("/stats/roi_by_vendor")
2025-08-16T21:01:17.7075339Z def roi_by_vendor() -> List[Dict[str, int]]
2025-08-16T21:01:17.7075761Z ```
2025-08-16T21:01:17.7075904Z 
2025-08-16T21:01:17.7076044Z Return ROI percent by vendor.
2025-08-16T21:01:17.7076509Z 
2025-08-16T21:01:17.7076672Z <a id="api.routes.stats.roi_trend"></a>
2025-08-16T21:01:17.7076980Z 
2025-08-16T21:01:17.7077105Z #### roi\_trend
2025-08-16T21:01:17.7077279Z 
2025-08-16T21:01:17.7077390Z ```python
2025-08-16T21:01:17.7077696Z @router.get("/stats/roi_trend")
2025-08-16T21:01:17.7078116Z def roi_trend() -> List[Dict[str, int | str]]
2025-08-16T21:01:17.7078551Z ```
2025-08-16T21:01:17.7078698Z 
2025-08-16T21:01:17.7078827Z Return 30-day ROI trend.
2025-08-16T21:01:17.7079063Z 
2025-08-16T21:01:17.7079199Z <a id="api.routes.roi"></a>
2025-08-16T21:01:17.7079434Z 
2025-08-16T21:01:17.7079556Z # api.routes.roi
2025-08-16T21:01:17.7079759Z 
2025-08-16T21:01:17.7079899Z <a id="api.routes.health"></a>
2025-08-16T21:01:17.7080208Z 
2025-08-16T21:01:17.7080327Z # api.routes.health
2025-08-16T21:01:17.7080542Z 
2025-08-16T21:01:17.7080707Z <a id="api.routes.health.MAX_SKEW"></a>
2025-08-16T21:01:17.7081007Z 
2025-08-16T21:01:17.7081115Z #### MAX\_SKEW
2025-08-16T21:01:17.7081288Z 
2025-08-16T21:01:17.7081392Z seconds
2025-08-16T21:01:17.7081538Z 
2025-08-16T21:01:17.7081693Z <a id="api.routes.health.health"></a>
2025-08-16T21:01:17.7081988Z 
2025-08-16T21:01:17.7082094Z #### health
2025-08-16T21:01:17.7082250Z 
2025-08-16T21:01:17.7082366Z ```python
2025-08-16T21:01:17.7082695Z @router.get("/health", include_in_schema=False)
2025-08-16T21:01:17.7083389Z async def health(session: AsyncSession = Depends(get_session)) -> JSONResponse
2025-08-16T21:01:17.7083998Z ```
2025-08-16T21:01:17.7084147Z 
2025-08-16T21:01:17.7084352Z Return 200 when DB reachable and clocks are in sync.
2025-08-16T21:01:17.7084706Z 
2025-08-16T21:01:17.7084858Z <a id="api.routes.repository"></a>
2025-08-16T21:01:17.7085148Z 
2025-08-16T21:01:17.7085285Z # api.routes.repository
2025-08-16T21:01:17.7085507Z 
2025-08-16T21:01:17.7085870Z <a id="api.routes"></a>
2025-08-16T21:01:17.7086320Z 
2025-08-16T21:01:17.7086446Z # api.routes
2025-08-16T21:01:17.7086638Z 
2025-08-16T21:01:17.7086776Z <a id="api.models.fee"></a>
2025-08-16T21:01:17.7087014Z 
2025-08-16T21:01:17.7087131Z # api.models.fee
2025-08-16T21:01:17.7087328Z 
2025-08-16T21:01:17.7087453Z <a id="api.models"></a>
2025-08-16T21:01:17.7087666Z 
2025-08-16T21:01:17.7087783Z # api.models
2025-08-16T21:01:17.7087949Z 
2025-08-16T21:01:17.7088087Z <a id="api.roi_repository"></a>
2025-08-16T21:01:17.7088336Z 
2025-08-16T21:01:17.7088467Z # api.roi\_repository
2025-08-16T21:01:17.7088668Z 
2025-08-16T21:01:17.7088789Z <a id="api.main"></a>
2025-08-16T21:01:17.7088997Z 
2025-08-16T21:01:17.7089103Z # api.main
2025-08-16T21:01:17.7089259Z 
2025-08-16T21:01:17.7089391Z <a id="api.main.ready"></a>
2025-08-16T21:01:17.7089635Z 
2025-08-16T21:01:17.7089741Z #### ready
2025-08-16T21:01:17.7089896Z 
2025-08-16T21:01:17.7090018Z ```python
2025-08-16T21:01:17.7090485Z @app.get("/ready", status_code=status.HTTP_200_OK, include_in_schema=False)
2025-08-16T21:01:17.7091296Z async def ready(session: AsyncSession = Depends(get_session)) -> dict[str,
2025-08-16T21:01:17.7091923Z                                                                       str]
2025-08-16T21:01:17.7092339Z ```
2025-08-16T21:01:17.7092486Z 
2025-08-16T21:01:17.7092671Z Return 200 only when migrations are at head.
2025-08-16T21:01:17.7092986Z 
2025-08-16T21:01:17.7093115Z <a id="api.config"></a>
2025-08-16T21:01:17.7093332Z 
2025-08-16T21:01:17.7093451Z # api.config
2025-08-16T21:01:17.7093621Z 
2025-08-16T21:01:17.7093739Z <a id="etl"></a>
2025-08-16T21:01:17.7093936Z 
2025-08-16T21:01:17.7094046Z # etl
2025-08-16T21:01:17.7094200Z 
2025-08-16T21:01:17.7094344Z <a id="etl.fba_fee_ingestor"></a>
2025-08-16T21:01:17.7094616Z 
2025-08-16T21:01:17.7094742Z # etl.fba\_fee\_ingestor
2025-08-16T21:01:17.7094958Z 
2025-08-16T21:01:17.7095102Z <a id="etl.sp_fees_ingestor"></a>
2025-08-16T21:01:17.7095363Z 
2025-08-16T21:01:17.7095496Z # etl.sp\_fees\_ingestor
2025-08-16T21:01:17.7095982Z 
2025-08-16T21:01:17.7096120Z <a id="etl.keepa_ingestor"></a>
2025-08-16T21:01:17.7096552Z 
2025-08-16T21:01:17.7096673Z # etl.keepa\_ingestor
2025-08-16T21:01:17.7096880Z 
2025-08-16T21:01:17.7096992Z <a id="etl.db"></a>
2025-08-16T21:01:17.7097177Z 
2025-08-16T21:01:17.7097286Z # etl.db
2025-08-16T21:01:17.7097435Z 
2025-08-16T21:01:17.7097620Z <a id="etl.dialects.amazon_reimbursements"></a>
2025-08-16T21:01:17.7097978Z 
2025-08-16T21:01:17.7098133Z # etl.dialects.amazon\_reimbursements
2025-08-16T21:01:17.7098423Z 
2025-08-16T21:01:17.7098594Z <a id="etl.dialects.amazon_returns"></a>
2025-08-16T21:01:17.7098898Z 
2025-08-16T21:01:17.7099039Z # etl.dialects.amazon\_returns
2025-08-16T21:01:17.7099293Z 
2025-08-16T21:01:17.7099428Z <a id="etl.dialects"></a>
2025-08-16T21:01:17.7099652Z 
2025-08-16T21:01:17.7099765Z # etl.dialects
2025-08-16T21:01:17.7099942Z 
2025-08-16T21:01:17.7100055Z <a id="ingest"></a>
2025-08-16T21:01:17.7100239Z 
2025-08-16T21:01:17.7100367Z # ingest
2025-08-16T21:01:17.7100518Z 
2025-08-16T21:01:17.7100664Z <a id="ingest.tests.test_smoke"></a>
2025-08-16T21:01:17.7100950Z 
2025-08-16T21:01:17.7101095Z # ingest.tests.test\_smoke
2025-08-16T21:01:17.7101328Z 
2025-08-16T21:01:17.7101459Z <a id="ingest.tests"></a>
2025-08-16T21:01:17.7101702Z 
2025-08-16T21:01:17.7101821Z # ingest.tests
2025-08-16T21:01:17.7102002Z 
2025-08-16T21:01:17.7102154Z <a id="ingest.upload_router"></a>
2025-08-16T21:01:17.7102419Z 
2025-08-16T21:01:17.7102547Z # ingest.upload\_router
2025-08-16T21:01:17.7102758Z 
2025-08-16T21:01:17.7102902Z <a id="ingest.email_watcher"></a>
2025-08-16T21:01:17.7103161Z 
2025-08-16T21:01:17.7103283Z # ingest.email\_watcher
2025-08-16T21:01:17.7103495Z 
2025-08-16T21:01:17.7103644Z <a id="ingest.email_watcher.main"></a>
2025-08-16T21:01:17.7103933Z 
2025-08-16T21:01:17.7104047Z #### main
2025-08-16T21:01:17.7104197Z 
2025-08-16T21:01:17.7104302Z ```python
2025-08-16T21:01:17.7104584Z def main() -> dict[str, str]
2025-08-16T21:01:17.7104924Z ```
2025-08-16T21:01:17.7105243Z 
2025-08-16T21:01:17.7105499Z Upload CSV/XLSX attachments to MinIO and trigger ingestion.
2025-08-16T21:01:17.7105906Z 
2025-08-16T21:01:17.7106139Z Returns {"status": "success"} when processing completes.
2025-08-16T21:01:17.7106717Z 
2025-08-16T21:01:17.7106861Z <a id="ingest.ingest_router"></a>
2025-08-16T21:01:17.7107126Z 
2025-08-16T21:01:17.7107255Z # ingest.ingest\_router
2025-08-16T21:01:17.7107465Z 
2025-08-16T21:01:17.7107593Z <a id="logistics_etl"></a>
2025-08-16T21:01:17.7107819Z 
2025-08-16T21:01:17.7107941Z # logistics\_etl
2025-08-16T21:01:17.7108125Z 
2025-08-16T21:01:17.7108257Z Daily logistics ETL job.
2025-08-16T21:01:17.7108485Z 
2025-08-16T21:01:17.7108632Z <a id="logistics_etl.__main__"></a>
2025-08-16T21:01:17.7108906Z 
2025-08-16T21:01:17.7109048Z # logistics\_etl.\_\_main\_\_
2025-08-16T21:01:17.7109299Z 
2025-08-16T21:01:17.7109467Z <a id="logistics_etl.tests.conftest"></a>
2025-08-16T21:01:17.7109781Z 
2025-08-16T21:01:17.7109941Z # logistics\_etl.tests.conftest
2025-08-16T21:01:17.7110197Z 
2025-08-16T21:01:17.7110374Z <a id="logistics_etl.tests.test_repository"></a>
2025-08-16T21:01:17.7110708Z 
2025-08-16T21:01:17.7110858Z # logistics\_etl.tests.test\_repository
2025-08-16T21:01:17.7111147Z 
2025-08-16T21:01:17.7111312Z <a id="logistics_etl.tests.test_cron"></a>
2025-08-16T21:01:17.7111616Z 
2025-08-16T21:01:17.7111756Z # logistics\_etl.tests.test\_cron
2025-08-16T21:01:17.7112011Z 
2025-08-16T21:01:17.7112182Z <a id="logistics_etl.tests.test_imports"></a>
2025-08-16T21:01:17.7112494Z 
2025-08-16T21:01:17.7112646Z # logistics\_etl.tests.test\_imports
2025-08-16T21:01:17.7112928Z 
2025-08-16T21:01:17.7113085Z <a id="logistics_etl.tests.test_smoke"></a>
2025-08-16T21:01:17.7113386Z 
2025-08-16T21:01:17.7113538Z # logistics\_etl.tests.test\_smoke
2025-08-16T21:01:17.7113808Z 
2025-08-16T21:01:17.7113973Z <a id="logistics_etl.tests.test_client"></a>
2025-08-16T21:01:17.7114281Z 
2025-08-16T21:01:17.7114433Z # logistics\_etl.tests.test\_client
2025-08-16T21:01:17.7115107Z 
2025-08-16T21:01:17.7115255Z <a id="logistics_etl.tests"></a>
2025-08-16T21:01:17.7115523Z 
2025-08-16T21:01:17.7115649Z # logistics\_etl.tests
2025-08-16T21:01:17.7115853Z 
2025-08-16T21:01:17.7116005Z <a id="logistics_etl.flow"></a>
2025-08-16T21:01:17.7116448Z 
2025-08-16T21:01:17.7116571Z # logistics\_etl.flow
2025-08-16T21:01:17.7116776Z 
2025-08-16T21:01:17.7116928Z <a id="logistics_etl.client"></a>
2025-08-16T21:01:17.7117192Z 
2025-08-16T21:01:17.7117321Z # logistics\_etl.client
2025-08-16T21:01:17.7117551Z 
2025-08-16T21:01:17.7117690Z <a id="logistics_etl.cron"></a>
2025-08-16T21:01:17.7117943Z 
2025-08-16T21:01:17.7118069Z # logistics\_etl.cron
2025-08-16T21:01:17.7118290Z 
2025-08-16T21:01:17.7118431Z <a id="logistics_etl.db"></a>
2025-08-16T21:01:17.7118685Z 
2025-08-16T21:01:17.7118812Z # logistics\_etl.db
2025-08-16T21:01:17.7119006Z 
2025-08-16T21:01:17.7119160Z <a id="logistics_etl.repository"></a>
2025-08-16T21:01:17.7119454Z 
2025-08-16T21:01:17.7119599Z # logistics\_etl.repository
2025-08-16T21:01:17.7119842Z 
2025-08-16T21:01:17.7119962Z <a id="alert_bot"></a>
2025-08-16T21:01:17.7120172Z 
2025-08-16T21:01:17.7120279Z # alert\_bot
2025-08-16T21:01:17.7120443Z 
2025-08-16T21:01:17.7120597Z <a id="alert_bot.tests.test_smoke"></a>
2025-08-16T21:01:17.7120890Z 
2025-08-16T21:01:17.7121023Z # alert\_bot.tests.test\_smoke
2025-08-16T21:01:17.7121273Z 
2025-08-16T21:01:17.7121401Z <a id="alert_bot.tests"></a>
2025-08-16T21:01:17.7121636Z 
2025-08-16T21:01:17.7121749Z # alert\_bot.tests
2025-08-16T21:01:17.7121939Z 
2025-08-16T21:01:17.7122076Z <a id="alert_bot.alert_bot"></a>
2025-08-16T21:01:17.7122325Z 
2025-08-16T21:01:17.7122454Z # alert\_bot.alert\_bot
2025-08-16T21:01:17.7122663Z 
2025-08-16T21:01:17.7122803Z <a id="alert_bot.rules"></a>
2025-08-16T21:01:17.7123051Z 
2025-08-16T21:01:17.7123179Z # alert\_bot.rules
2025-08-16T21:01:17.7123366Z 
2025-08-16T21:01:17.7123490Z <a id="common"></a>
2025-08-16T21:01:17.7123685Z 
2025-08-16T21:01:17.7123790Z # common
2025-08-16T21:01:17.7124159Z 
2025-08-16T21:01:17.7124316Z <a id="common.dsn"></a>
2025-08-16T21:01:17.7124541Z 
2025-08-16T21:01:17.7124658Z # common.dsn
2025-08-16T21:01:17.7124834Z 
2025-08-16T21:01:17.7124991Z <a id="common.dsn.build_dsn"></a>
2025-08-16T21:01:17.7125264Z 
2025-08-16T21:01:17.7125378Z #### build\_dsn
2025-08-16T21:01:17.7125563Z 
2025-08-16T21:01:17.7125675Z ```python
2025-08-16T21:01:17.7125984Z def build_dsn(sync: bool = True) -> str
2025-08-16T21:01:17.7126587Z ```
2025-08-16T21:01:17.7126730Z 
2025-08-16T21:01:17.7126948Z Return a Postgres DSN, validating required variables.
2025-08-16T21:01:17.7127330Z 
2025-08-16T21:01:17.7127681Z The function prefers explicit DSNs via ``PG_SYNC_DSN`` / ``PG_ASYNC_DSN`` or
2025-08-16T21:01:17.7128512Z ``DATABASE_URL``.  If those are absent it assembles a connection string from
2025-08-16T21:01:17.7129308Z ``PG_HOST`` and related variables and raises a helpful error when any are
2025-08-16T21:01:17.7129894Z missing.
2025-08-16T21:01:17.7130057Z 
2025-08-16T21:01:17.7130227Z <a id="common.models_vendor"></a>
2025-08-16T21:01:17.7130522Z 
2025-08-16T21:01:17.7130662Z # common.models\_vendor
2025-08-16T21:01:17.7130885Z 
2025-08-16T21:01:17.7131062Z <a id="common.models_vendor.Vendor"></a>
2025-08-16T21:01:17.7131390Z 
2025-08-16T21:01:17.7131514Z ## Vendor Objects
2025-08-16T21:01:17.7131726Z 
2025-08-16T21:01:17.7131842Z ```python
2025-08-16T21:01:17.7132126Z class Vendor(Base)
2025-08-16T21:01:17.7132457Z ```
2025-08-16T21:01:17.7132619Z 
2025-08-16T21:01:17.7132762Z Vendor of inventory items.
2025-08-16T21:01:17.7133011Z 
2025-08-16T21:01:17.7133205Z <a id="common.models_vendor.VendorPrice"></a>
2025-08-16T21:01:17.7133545Z 
2025-08-16T21:01:17.7133681Z ## VendorPrice Objects
2025-08-16T21:01:17.7133913Z 
2025-08-16T21:01:17.7134033Z ```python
2025-08-16T21:01:17.7134335Z class VendorPrice(Base)
2025-08-16T21:01:17.7134664Z ```
2025-08-16T21:01:17.7134811Z 
2025-08-16T21:01:17.7134998Z Association table linking vendors to pricing.
2025-08-16T21:01:17.7135350Z 
2025-08-16T21:01:17.7135757Z <a id="common.db_url"></a>
2025-08-16T21:01:17.7136004Z 
2025-08-16T21:01:17.7136131Z # common.db\_url
2025-08-16T21:01:17.7136532Z 
2025-08-16T21:01:17.7136685Z <a id="common.db_url.build_url"></a>
2025-08-16T21:01:17.7136983Z 
2025-08-16T21:01:17.7137099Z #### build\_url
2025-08-16T21:01:17.7137288Z 
2025-08-16T21:01:17.7137401Z ```python
2025-08-16T21:01:17.7137730Z def build_url(async_: bool = True) -> str
2025-08-16T21:01:17.7138163Z ```
2025-08-16T21:01:17.7138316Z 
2025-08-16T21:01:17.7138495Z Return Postgres DSN from env or PG_* parts.
2025-08-16T21:01:17.7138819Z 
2025-08-16T21:01:17.7138970Z <a id="common.keepa"></a>
2025-08-16T21:01:17.7139220Z 
2025-08-16T21:01:17.7139342Z # common.keepa
2025-08-16T21:01:17.7139538Z 
2025-08-16T21:01:17.7139671Z <a id="common.llm"></a>
2025-08-16T21:01:17.7139896Z 
2025-08-16T21:01:17.7140018Z # common.llm
2025-08-16T21:01:17.7140204Z 
2025-08-16T21:01:17.7140349Z <a id="common.settings"></a>
2025-08-16T21:01:17.7140612Z 
2025-08-16T21:01:17.7140765Z # common.settings
2025-08-16T21:01:17.7140963Z 
2025-08-16T21:01:17.7141098Z <a id="common.db"></a>
2025-08-16T21:01:17.7141324Z 
2025-08-16T21:01:17.7141443Z # common.db
2025-08-16T21:01:17.7141613Z 
2025-08-16T21:01:17.7141786Z <a id="common.db.build_sqlalchemy_url"></a>
2025-08-16T21:01:17.7142124Z 
2025-08-16T21:01:17.7142270Z #### build\_sqlalchemy\_url
2025-08-16T21:01:17.7142520Z 
2025-08-16T21:01:17.7142641Z ```python
2025-08-16T21:01:17.7142953Z def build_sqlalchemy_url() -> str
2025-08-16T21:01:17.7143345Z ```
2025-08-16T21:01:17.7143495Z 
2025-08-16T21:01:17.7143674Z Return Postgres URL for SQLAlchemy engines.
2025-08-16T21:01:17.7144013Z 
2025-08-16T21:01:17.7144177Z <a id="common.db.build_asyncpg_dsn"></a>
2025-08-16T21:01:17.7144490Z 
2025-08-16T21:01:17.7144619Z #### build\_asyncpg\_dsn
2025-08-16T21:01:17.7144850Z 
2025-08-16T21:01:17.7144964Z ```python
2025-08-16T21:01:17.7145281Z def build_asyncpg_dsn() -> str
2025-08-16T21:01:17.7145637Z ```
2025-08-16T21:01:17.7145789Z 
2025-08-16T21:01:17.7146433Z Return DSN suitable for asyncpg (without driver suffix).
2025-08-16T21:01:17.7146874Z 
2025-08-16T21:01:17.7147038Z <a id="common.db.refresh_mvs"></a>
2025-08-16T21:01:17.7147336Z 
2025-08-16T21:01:17.7147458Z #### refresh\_mvs
2025-08-16T21:01:17.7147713Z 
2025-08-16T21:01:17.7147832Z ```python
2025-08-16T21:01:17.7148212Z def refresh_mvs(conn: Engine | Connection) -> None
2025-08-16T21:01:17.7148688Z ```
2025-08-16T21:01:17.7148869Z 
2025-08-16T21:01:17.7149129Z Refresh materialized views, using CONCURRENTLY when safe.
2025-08-16T21:01:17.7149550Z 
2025-08-16T21:01:17.7149699Z <a id="common.config"></a>
2025-08-16T21:01:17.7149949Z 
2025-08-16T21:01:17.7150081Z # common.config
2025-08-16T21:01:17.7150274Z 
2025-08-16T21:01:17.7150412Z <a id="common.base"></a>
2025-08-16T21:01:17.7150647Z 
2025-08-16T21:01:17.7150760Z # common.base
2025-08-16T21:01:17.7150936Z 
2025-08-16T21:01:17.7151079Z <a id="common.base.Base"></a>
2025-08-16T21:01:17.7151329Z 
2025-08-16T21:01:17.7151438Z ## Base Objects
2025-08-16T21:01:17.7151630Z 
2025-08-16T21:01:17.7151751Z ```python
2025-08-16T21:01:17.7152072Z class Base(DeclarativeBase)
2025-08-16T21:01:17.7152456Z ```
2025-08-16T21:01:17.7152601Z 
2025-08-16T21:01:17.7152747Z Base class for SQLAlchemy models.
2025-08-16T21:01:17.7153027Z 
2025-08-16T21:01:17.7153187Z <a id="repricer"></a>
2025-08-16T21:01:17.7153388Z 
2025-08-16T21:01:17.7153503Z # repricer
2025-08-16T21:01:17.7153667Z 
2025-08-16T21:01:17.7153827Z <a id="repricer.app.schemas"></a>
2025-08-16T21:01:17.7154105Z 
2025-08-16T21:01:17.7154249Z # repricer.app.schemas
2025-08-16T21:01:17.7154469Z 
2025-08-16T21:01:17.7154614Z <a id="repricer.app.deps"></a>
2025-08-16T21:01:17.7154875Z 
2025-08-16T21:01:17.7154999Z # repricer.app.deps
2025-08-16T21:01:17.7155195Z 
2025-08-16T21:01:17.7155402Z Placeholder module for Keepa / SP-API clients.
2025-08-16T21:01:17.7155757Z 
2025-08-16T21:01:17.7155908Z <a id="repricer.app.logic"></a>
2025-08-16T21:01:17.7156367Z 
2025-08-16T21:01:17.7156514Z # repricer.app.logic
2025-08-16T21:01:17.7156980Z 
2025-08-16T21:01:17.7157165Z <a id="repricer.app.logic.MIN_MARGIN"></a>
2025-08-16T21:01:17.7157503Z 
2025-08-16T21:01:17.7157621Z #### MIN\_MARGIN
2025-08-16T21:01:17.7157809Z 
2025-08-16T21:01:17.7157920Z 15 % ROI
2025-08-16T21:01:17.7158089Z 
2025-08-16T21:01:17.7158277Z <a id="repricer.app.logic.compute_price"></a>
2025-08-16T21:01:17.7158611Z 
2025-08-16T21:01:17.7158745Z #### compute\_price
2025-08-16T21:01:17.7158942Z 
2025-08-16T21:01:17.7159057Z ```python
2025-08-16T21:01:17.7159493Z def compute_price(asin: str, cost: Decimal, fees: Decimal) -> Decimal
2025-08-16T21:01:17.7160009Z ```
2025-08-16T21:01:17.7160144Z 
2025-08-16T21:01:17.7160323Z Toy algorithm: ensure 15 % ROI and round to cents.
2025-08-16T21:01:17.7160817Z Replace with real competitive logic later.
2025-08-16T21:01:17.7161136Z 
2025-08-16T21:01:17.7161280Z <a id="repricer.app.main"></a>
2025-08-16T21:01:17.7161528Z 
2025-08-16T21:01:17.7161660Z # repricer.app.main
2025-08-16T21:01:17.7161852Z 
2025-08-16T21:01:17.7161993Z <a id="repricer.app"></a>
2025-08-16T21:01:17.7162228Z 
2025-08-16T21:01:17.7162342Z # repricer.app
2025-08-16T21:01:17.7162513Z 
2025-08-16T21:01:17.7162675Z <a id="repricer.tests.test_imports"></a>
2025-08-16T21:01:17.7162981Z 
2025-08-16T21:01:17.7163121Z # repricer.tests.test\_imports
2025-08-16T21:01:17.7163366Z 
2025-08-16T21:01:17.7163522Z <a id="repricer.tests.test_smoke"></a>
2025-08-16T21:01:17.7163810Z 
2025-08-16T21:01:17.7163948Z # repricer.tests.test\_smoke
2025-08-16T21:01:17.7164196Z 
2025-08-16T21:01:17.7164324Z <a id="repricer.tests"></a>
2025-08-16T21:01:17.7164558Z 
2025-08-16T21:01:17.7164743Z # repricer.tests
2025-08-16T21:01:17.7164928Z 
2025-08-16T21:01:17.7165046Z <a id="db"></a>
2025-08-16T21:01:17.7165217Z 
2025-08-16T21:01:17.7165318Z # db
2025-08-16T21:01:17.7165456Z 
2025-08-16T21:01:17.7165594Z <a id="db.utils.views"></a>
2025-08-16T21:01:17.7165832Z 
2025-08-16T21:01:17.7165959Z # db.utils.views
2025-08-16T21:01:17.7166346Z 
2025-08-16T21:01:17.7166713Z <a id="db.utils.views.replace_view"></a>
2025-08-16T21:01:17.7167033Z 
2025-08-16T21:01:17.7167153Z #### replace\_view
2025-08-16T21:01:17.7167351Z 
2025-08-16T21:01:17.7167462Z ```python
2025-08-16T21:01:17.7167805Z def replace_view(name: str, new_sql: str) -> None
2025-08-16T21:01:17.7168238Z ```
2025-08-16T21:01:17.7168376Z 
2025-08-16T21:01:17.7168536Z Drop and recreate a SQL view atomically.
2025-08-16T21:01:17.7168838Z 
2025-08-16T21:01:17.7168958Z <a id="db.utils"></a>
2025-08-16T21:01:17.7169172Z 
2025-08-16T21:01:17.7169280Z # db.utils
2025-08-16T21:01:17.7169438Z 
2025-08-16T21:01:17.7169577Z <a id="price_importer"></a>
2025-08-16T21:01:17.7169824Z 
2025-08-16T21:01:17.7169945Z # price\_importer
2025-08-16T21:01:17.7170130Z 
2025-08-16T21:01:17.7170320Z <a id="price_importer.services_common.dsn"></a>
2025-08-16T21:01:17.7170657Z 
2025-08-16T21:01:17.7170816Z # price\_importer.services\_common.dsn
2025-08-16T21:01:17.7171118Z 
2025-08-16T21:01:17.7171350Z <a id="price_importer.services_common.dsn.build_dsn"></a>
2025-08-16T21:01:17.7171733Z 
2025-08-16T21:01:17.7171856Z #### build\_dsn
2025-08-16T21:01:17.7172038Z 
2025-08-16T21:01:17.7172150Z ```python
2025-08-16T21:01:17.7172474Z def build_dsn(sync: bool = True) -> str
2025-08-16T21:01:17.7172872Z ```
2025-08-16T21:01:17.7173016Z 
2025-08-16T21:01:17.7173141Z Return safe DSN.
2025-08-16T21:01:17.7173330Z 
2025-08-16T21:01:17.7173812Z sync=True → SQLAlchemy (+psycopg) else plain asyncpg.
2025-08-16T21:01:17.7174184Z 
2025-08-16T21:01:17.7174405Z <a id="price_importer.services_common.models_vendor"></a>
2025-08-16T21:01:17.7174774Z 
2025-08-16T21:01:17.7174969Z # price\_importer.services\_common.models\_vendor
2025-08-16T21:01:17.7175457Z 
2025-08-16T21:01:17.7175642Z <a id="price_importer.services_common.db_url"></a>
2025-08-16T21:01:17.7175981Z 
2025-08-16T21:01:17.7176383Z # price\_importer.services\_common.db\_url
2025-08-16T21:01:17.7176695Z 
2025-08-16T21:01:17.7176921Z <a id="price_importer.services_common.db_url.build_url"></a>
2025-08-16T21:01:17.7177532Z 
2025-08-16T21:01:17.7177648Z #### build\_url
2025-08-16T21:01:17.7177823Z 
2025-08-16T21:01:17.7177934Z ```python
2025-08-16T21:01:17.7178235Z def build_url(async_: bool = True) -> str
2025-08-16T21:01:17.7178635Z ```
2025-08-16T21:01:17.7178781Z 
2025-08-16T21:01:17.7178955Z Return Postgres DSN from env or PG_* parts.
2025-08-16T21:01:17.7179330Z 
2025-08-16T21:01:17.7179574Z <a id="price_importer.services_common.keepa"></a>
2025-08-16T21:01:17.7179926Z 
2025-08-16T21:01:17.7180092Z # price\_importer.services\_common.keepa
2025-08-16T21:01:17.7180397Z 
2025-08-16T21:01:17.7180575Z <a id="price_importer.services_common.llm"></a>
2025-08-16T21:01:17.7180899Z 
2025-08-16T21:01:17.7181060Z # price\_importer.services\_common.llm
2025-08-16T21:01:17.7181346Z 
2025-08-16T21:01:17.7181547Z <a id="price_importer.services_common.settings"></a>
2025-08-16T21:01:17.7181904Z 
2025-08-16T21:01:17.7182069Z # price\_importer.services\_common.settings
2025-08-16T21:01:17.7182379Z 
2025-08-16T21:01:17.7182558Z <a id="price_importer.services_common.db"></a>
2025-08-16T21:01:17.7182897Z 
2025-08-16T21:01:17.7183048Z # price\_importer.services\_common.db
2025-08-16T21:01:17.7183335Z 
2025-08-16T21:01:17.7183617Z <a id="price_importer.services_common.db.build_sqlalchemy_url"></a>
2025-08-16T21:01:17.7184042Z 
2025-08-16T21:01:17.7184174Z #### build\_sqlalchemy\_url
2025-08-16T21:01:17.7184408Z 
2025-08-16T21:01:17.7184517Z ```python
2025-08-16T21:01:17.7184812Z def build_sqlalchemy_url() -> str
2025-08-16T21:01:17.7185173Z ```
2025-08-16T21:01:17.7185315Z 
2025-08-16T21:01:17.7185485Z Return Postgres URL for SQLAlchemy engines.
2025-08-16T21:01:17.7185790Z 
2025-08-16T21:01:17.7186040Z <a id="price_importer.services_common.db.build_asyncpg_dsn"></a>
2025-08-16T21:01:17.7186647Z 
2025-08-16T21:01:17.7186782Z #### build\_asyncpg\_dsn
2025-08-16T21:01:17.7186994Z 
2025-08-16T21:01:17.7187095Z ```python
2025-08-16T21:01:17.7187367Z def build_asyncpg_dsn() -> str
2025-08-16T21:01:17.7187674Z ```
2025-08-16T21:01:17.7187808Z 
2025-08-16T21:01:17.7188205Z Return DSN suitable for asyncpg (without driver suffix).
2025-08-16T21:01:17.7188585Z 
2025-08-16T21:01:17.7188813Z <a id="price_importer.services_common.db.refresh_mvs"></a>
2025-08-16T21:01:17.7189188Z 
2025-08-16T21:01:17.7189301Z #### refresh\_mvs
2025-08-16T21:01:17.7189492Z 
2025-08-16T21:01:17.7189601Z ```python
2025-08-16T21:01:17.7189935Z def refresh_mvs(conn: Engine | Connection) -> None
2025-08-16T21:01:17.7190381Z ```
2025-08-16T21:01:17.7190525Z 
2025-08-16T21:01:17.7190776Z Refresh materialized views, using CONCURRENTLY when safe.
2025-08-16T21:01:17.7191172Z 
2025-08-16T21:01:17.7191345Z <a id="price_importer.services_common"></a>
2025-08-16T21:01:17.7191665Z 
2025-08-16T21:01:17.7191821Z # price\_importer.services\_common
2025-08-16T21:01:17.7192101Z 
2025-08-16T21:01:17.7192285Z <a id="price_importer.services_common.base"></a>
2025-08-16T21:01:17.7192637Z 
2025-08-16T21:01:17.7192800Z # price\_importer.services\_common.base
2025-08-16T21:01:17.7193099Z 
2025-08-16T21:01:17.7193279Z <a id="price_importer.normaliser"></a>
2025-08-16T21:01:17.7193579Z 
2025-08-16T21:01:17.7193722Z # price\_importer.normaliser
2025-08-16T21:01:17.7193980Z 
2025-08-16T21:01:17.7194179Z <a id="price_importer.common.models_vendor"></a>
2025-08-16T21:01:17.7194525Z 
2025-08-16T21:01:17.7194684Z # price\_importer.common.models\_vendor
2025-08-16T21:01:17.7194982Z 
2025-08-16T21:01:17.7195143Z <a id="price_importer.common.db_url"></a>
2025-08-16T21:01:17.7195457Z 
2025-08-16T21:01:17.7195620Z # price\_importer.common.db\_url
2025-08-16T21:01:17.7195888Z 
2025-08-16T21:01:17.7196074Z <a id="price_importer.common.db_url.make_dsn"></a>
2025-08-16T21:01:17.7196598Z 
2025-08-16T21:01:17.7196721Z #### make\_dsn
2025-08-16T21:01:17.7196898Z 
2025-08-16T21:01:17.7197006Z ```python
2025-08-16T21:01:17.7197324Z def make_dsn(async_: bool = False) -> str
2025-08-16T21:01:17.7197725Z ```
2025-08-16T21:01:17.7197874Z 
2025-08-16T21:01:17.7198083Z Return DSN built from either PG_* or POSTGRES_* vars.
2025-08-16T21:01:17.7198629Z 
2025-08-16T21:01:17.7198831Z <a id="price_importer.common.db_url.build_url"></a>
2025-08-16T21:01:17.7199173Z 
2025-08-16T21:01:17.7199285Z #### build\_url
2025-08-16T21:01:17.7199471Z 
2025-08-16T21:01:17.7199580Z ```python
2025-08-16T21:01:17.7199885Z def build_url(async_: bool = False) -> str
2025-08-16T21:01:17.7200290Z ```
2025-08-16T21:01:17.7200436Z 
2025-08-16T21:01:17.7200652Z Return Postgres DSN built from environment variables.
2025-08-16T21:01:17.7201025Z 
2025-08-16T21:01:17.7201191Z <a id="price_importer.common"></a>
2025-08-16T21:01:17.7201581Z 
2025-08-16T21:01:17.7201769Z # price\_importer.common
2025-08-16T21:01:17.7202088Z 
2025-08-16T21:01:17.7202310Z <a id="price_importer.common.base"></a>
2025-08-16T21:01:17.7202705Z 
2025-08-16T21:01:17.7202846Z # price\_importer.common.base
2025-08-16T21:01:17.7203110Z 
2025-08-16T21:01:17.7203286Z <a id="price_importer.tests.conftest"></a>
2025-08-16T21:01:17.7203613Z 
2025-08-16T21:01:17.7203760Z # price\_importer.tests.conftest
2025-08-16T21:01:17.7204039Z 
2025-08-16T21:01:17.7204220Z <a id="price_importer.tests.test_reader"></a>
2025-08-16T21:01:17.7204546Z 
2025-08-16T21:01:17.7204694Z # price\_importer.tests.test\_reader
2025-08-16T21:01:17.7204986Z 
2025-08-16T21:01:17.7205164Z <a id="price_importer.tests.test_imports"></a>
2025-08-16T21:01:17.7205490Z 
2025-08-16T21:01:17.7205644Z # price\_importer.tests.test\_imports
2025-08-16T21:01:17.7205940Z 
2025-08-16T21:01:17.7206114Z <a id="price_importer.tests.test_smoke"></a>
2025-08-16T21:01:17.7206590Z 
2025-08-16T21:01:17.7206751Z # price\_importer.tests.test\_smoke
2025-08-16T21:01:17.7207035Z 
2025-08-16T21:01:17.7207220Z <a id="price_importer.tests.test_normaliser"></a>
2025-08-16T21:01:17.7207569Z 
2025-08-16T21:01:17.7207730Z # price\_importer.tests.test\_normaliser
2025-08-16T21:01:17.7208034Z 
2025-08-16T21:01:17.7208193Z <a id="price_importer.tests"></a>
2025-08-16T21:01:17.7208474Z 
2025-08-16T21:01:17.7208600Z # price\_importer.tests
2025-08-16T21:01:17.7208814Z 
2025-08-16T21:01:17.7209145Z <a id="price_importer.reader"></a>
2025-08-16T21:01:17.7209434Z 
2025-08-16T21:01:17.7209570Z # price\_importer.reader
2025-08-16T21:01:17.7209802Z 
2025-08-16T21:01:17.7209964Z <a id="price_importer.reader.load_file"></a>
2025-08-16T21:01:17.7210278Z 
2025-08-16T21:01:17.7210393Z #### load\_file
2025-08-16T21:01:17.7210586Z 
2025-08-16T21:01:17.7210699Z ```python
2025-08-16T21:01:17.7211016Z def load_file(path: str | Path) -> Any
2025-08-16T21:01:17.7211420Z ```
2025-08-16T21:01:17.7211574Z 
2025-08-16T21:01:17.7211744Z Return DataFrame from CSV or Excel file.
2025-08-16T21:01:17.7212055Z 
2025-08-16T21:01:17.7212249Z Raises RuntimeError if pandas is unavailable.
2025-08-16T21:01:17.7212597Z 
2025-08-16T21:01:17.7212760Z <a id="price_importer.repository"></a>
2025-08-16T21:01:17.7213070Z 
2025-08-16T21:01:17.7213229Z # price\_importer.repository
2025-08-16T21:01:17.7213490Z 
2025-08-16T21:01:17.7213643Z <a id="price_importer.import"></a>
2025-08-16T21:01:17.7213911Z 
2025-08-16T21:01:17.7214066Z # price\_importer.import
2025-08-16T21:01:17.7214284Z 
2025-08-16T21:01:17.7214405Z <a id="fees_h10"></a>
2025-08-16T21:01:17.7214618Z 
2025-08-16T21:01:17.7214732Z # fees\_h10
2025-08-16T21:01:17.7214896Z 
2025-08-16T21:01:17.7215030Z <a id="fees_h10.worker"></a>
2025-08-16T21:01:17.7215281Z 
2025-08-16T21:01:17.7215393Z # fees\_h10.worker
2025-08-16T21:01:17.7215580Z 
2025-08-16T21:01:17.7215736Z <a id="fees_h10.tests.test_smoke"></a>
2025-08-16T21:01:17.7216012Z 
2025-08-16T21:01:17.7216327Z # fees\_h10.tests.test\_smoke
2025-08-16T21:01:17.7216586Z 
2025-08-16T21:01:17.7216713Z <a id="fees_h10.tests"></a>
2025-08-16T21:01:17.7216936Z 
2025-08-16T21:01:17.7217052Z # fees\_h10.tests
2025-08-16T21:01:17.7217244Z 
2025-08-16T21:01:17.7217375Z <a id="fees_h10.client"></a>
2025-08-16T21:01:17.7217603Z 
2025-08-16T21:01:17.7217755Z # fees\_h10.client
2025-08-16T21:01:17.7217939Z 
2025-08-16T21:01:17.7218087Z <a id="fees_h10.repository"></a>
2025-08-16T21:01:17.7218278Z 
2025-08-16T21:01:17.7218360Z # fees\_h10.repository
2025-08-16T21:01:17.7218652Z 
2025-08-16T21:01:17.7218725Z <a id="emailer"></a>
2025-08-16T21:01:17.7218847Z 
2025-08-16T21:01:17.7218910Z # emailer
2025-08-16T21:01:17.7218998Z 
2025-08-16T21:01:17.7219116Z <a id="emailer.tests.test_import_emailer"></a>
2025-08-16T21:01:17.7219306Z 
2025-08-16T21:01:17.7219396Z # emailer.tests.test\_import\_emailer
2025-08-16T21:01:17.7219557Z 
2025-08-16T21:01:17.7219653Z <a id="emailer.tests.test_smoke"></a>
2025-08-16T21:01:17.7219808Z 
2025-08-16T21:01:17.7219887Z # emailer.tests.test\_smoke
2025-08-16T21:01:17.7220033Z 
2025-08-16T21:01:17.7220110Z <a id="emailer.tests"></a>
2025-08-16T21:01:17.7220240Z 
2025-08-16T21:01:17.7220315Z # emailer.tests
2025-08-16T21:01:17.7220421Z 
2025-08-16T21:01:17.7220510Z <a id="emailer.generate_body"></a>
2025-08-16T21:01:17.7220673Z 
2025-08-16T21:01:17.7220757Z # emailer.generate\_body
2025-08-16T21:01:17.7220885Z 
2025-08-16T21:01:17.7220956Z <a id="llm_server"></a>
2025-08-16T21:01:17.7221080Z 
2025-08-16T21:01:17.7221152Z # llm\_server
2025-08-16T21:01:17.7221250Z 
2025-08-16T21:01:17.7221330Z <a id="llm_server.app"></a>
2025-08-16T21:01:17.7221468Z 
2025-08-16T21:01:17.7221536Z # llm\_server.app
2025-08-16T21:01:17.7221642Z 
2025-08-16T21:01:17.7527791Z ##[group]Run peaceiris/actions-gh-pages@v3
2025-08-16T21:01:17.7528076Z with:
2025-08-16T21:01:17.7528476Z   github_token: ***
2025-08-16T21:01:17.7528683Z   publish_branch: gh-pages
2025-08-16T21:01:17.7528900Z   publish_dir: docs/api
2025-08-16T21:01:17.7529092Z   allow_empty_commit: false
2025-08-16T21:01:17.7529294Z   keep_files: false
2025-08-16T21:01:17.7529465Z   force_orphan: false
2025-08-16T21:01:17.7529657Z   enable_jekyll: false
2025-08-16T21:01:17.7529839Z   disable_nojekyll: false
2025-08-16T21:01:17.7530037Z   exclude_assets: .github
2025-08-16T21:01:17.7530218Z env:
2025-08-16T21:01:17.7530438Z   pythonLocation: /opt/hostedtoolcache/Python/3.11.13/x64
2025-08-16T21:01:17.7530838Z   PKG_CONFIG_PATH: /opt/hostedtoolcache/Python/3.11.13/x64/lib/pkgconfig
2025-08-16T21:01:17.7531222Z   Python_ROOT_DIR: /opt/hostedtoolcache/Python/3.11.13/x64
2025-08-16T21:01:17.7531558Z   Python2_ROOT_DIR: /opt/hostedtoolcache/Python/3.11.13/x64
2025-08-16T21:01:17.7531920Z   Python3_ROOT_DIR: /opt/hostedtoolcache/Python/3.11.13/x64
2025-08-16T21:01:17.7532259Z   LD_LIBRARY_PATH: /opt/hostedtoolcache/Python/3.11.13/x64/lib
2025-08-16T21:01:17.7532543Z ##[endgroup]
2025-08-16T21:01:17.8141621Z [INFO] Usage https://github.com/peaceiris/actions-gh-pages#readme
2025-08-16T21:01:17.8146899Z ##[group]Dump inputs
2025-08-16T21:01:17.8147303Z [INFO] GithubToken: true
2025-08-16T21:01:17.8147605Z [INFO] PublishBranch: gh-pages
2025-08-16T21:01:17.8147874Z [INFO] PublishDir: docs/api
2025-08-16T21:01:17.8148212Z [INFO] DestinationDir: 
2025-08-16T21:01:17.8148497Z [INFO] ExternalRepository: 
2025-08-16T21:01:17.8148763Z [INFO] AllowEmptyCommit: false
2025-08-16T21:01:17.8149014Z [INFO] KeepFiles: false
2025-08-16T21:01:17.8149252Z [INFO] ForceOrphan: false
2025-08-16T21:01:17.8149512Z [INFO] UserName: 
2025-08-16T21:01:17.8149725Z [INFO] UserEmail: 
2025-08-16T21:01:17.8149941Z [INFO] CommitMessage: 
2025-08-16T21:01:17.8150264Z [INFO] FullCommitMessage: 
2025-08-16T21:01:17.8150633Z [INFO] TagName: 
2025-08-16T21:01:17.8150900Z [INFO] TagMessage: 
2025-08-16T21:01:17.8151147Z [INFO] EnableJekyll (DisableNoJekyll): false
2025-08-16T21:01:17.8151435Z [INFO] CNAME: 
2025-08-16T21:01:17.8151653Z [INFO] ExcludeAssets .github
2025-08-16T21:01:17.8151925Z 
2025-08-16T21:01:17.8152297Z ##[endgroup]
2025-08-16T21:01:17.8152731Z ##[group]Setup auth token
2025-08-16T21:01:17.8152972Z [INFO] setup GITHUB_TOKEN
2025-08-16T21:01:17.8154010Z ##[endgroup]
2025-08-16T21:01:17.8154360Z ##[group]Prepare publishing assets
2025-08-16T21:01:17.8157260Z [INFO] ForceOrphan: false
2025-08-16T21:01:17.8204893Z [command]/usr/bin/git clone --depth=1 --single-branch --branch gh-pages ***github.com/AlexBomber12/AWA-App.git /home/runner/actions_github_pages_1755378077815
2025-08-16T21:01:17.8243812Z Cloning into '/home/runner/actions_github_pages_1755378077815'...
2025-08-16T21:01:18.0725636Z [INFO] clean up /home/runner/actions_github_pages_1755378077815
2025-08-16T21:01:18.0726528Z [INFO] chdir /home/runner/actions_github_pages_1755378077815
2025-08-16T21:01:18.0743111Z [command]/usr/bin/git rm -r --ignore-unmatch *
2025-08-16T21:01:18.0771734Z rm '.gitkeep'
2025-08-16T21:01:18.0772793Z rm '.nojekyll'
2025-08-16T21:01:18.0776929Z [INFO] chdir /home/runner/actions_github_pages_1755378077815
2025-08-16T21:01:18.0777653Z [INFO] prepare publishing assets
2025-08-16T21:01:18.0779151Z [INFO] copy /home/runner/work/AWA-App/AWA-App/docs/api to /home/runner/actions_github_pages_1755378077815
2025-08-16T21:01:18.0809847Z cp: no such file or directory: /home/runner/work/AWA-App/AWA-App/docs/api/*
2025-08-16T21:01:18.0819977Z [INFO] delete excluded assets
2025-08-16T21:01:18.0849490Z rm: no paths given
2025-08-16T21:01:18.0851751Z [INFO] Created /home/runner/actions_github_pages_1755378077815/.nojekyll
2025-08-16T21:01:18.0853104Z ##[endgroup]
2025-08-16T21:01:18.0853713Z ##[group]Setup Git config
2025-08-16T21:01:18.0870801Z [command]/usr/bin/git remote rm origin
2025-08-16T21:01:18.0962052Z [command]/usr/bin/git remote add origin ***github.com/AlexBomber12/AWA-App.git
2025-08-16T21:01:18.1003865Z [command]/usr/bin/git add --all
2025-08-16T21:01:18.1050130Z [command]/usr/bin/git config user.name AlexBomber12
2025-08-16T21:01:18.1092126Z [command]/usr/bin/git config user.email AlexBomber12@users.noreply.github.com
2025-08-16T21:01:18.1118929Z ##[endgroup]
2025-08-16T21:01:18.1119459Z ##[group]Create a commit
2025-08-16T21:01:18.1134117Z [command]/usr/bin/git commit -m deploy: 4b2ad1d7cd4a12bc7cb1117a806508d6884ac4a2
2025-08-16T21:01:18.1161608Z On branch gh-pages
2025-08-16T21:01:18.1161991Z nothing to commit, working tree clean
2025-08-16T21:01:18.1166104Z [INFO] skip commit
2025-08-16T21:01:18.1167019Z ##[endgroup]
2025-08-16T21:01:18.1167448Z ##[group]Push the commit or tag
2025-08-16T21:01:18.1181217Z [command]/usr/bin/git push origin gh-pages
2025-08-16T21:01:18.3968640Z Everything up-to-date
2025-08-16T21:01:18.4003562Z ##[endgroup]
2025-08-16T21:01:18.4003902Z [INFO] Action successfully completed
2025-08-16T21:01:18.4092534Z Post job cleanup.
2025-08-16T21:01:18.5691422Z Post job cleanup.
2025-08-16T21:01:18.6619477Z [command]/usr/bin/git version
2025-08-16T21:01:18.6655038Z git version 2.50.1
2025-08-16T21:01:18.6706564Z Temporarily overriding HOME='/home/runner/work/_temp/ffbe39c4-c476-4722-b559-b91e460608ca' before making global git config changes
2025-08-16T21:01:18.6707903Z Adding repository directory to the temporary git global config as a safe directory
2025-08-16T21:01:18.6712813Z [command]/usr/bin/git config --global --add safe.directory /home/runner/work/AWA-App/AWA-App
2025-08-16T21:01:18.6747086Z [command]/usr/bin/git config --local --name-only --get-regexp core\.sshCommand
2025-08-16T21:01:18.6779596Z [command]/usr/bin/git submodule foreach --recursive sh -c "git config --local --name-only --get-regexp 'core\.sshCommand' && git config --local --unset-all 'core.sshCommand' || :"
2025-08-16T21:01:18.7004269Z [command]/usr/bin/git config --local --name-only --get-regexp http\.https\:\/\/github\.com\/\.extraheader
2025-08-16T21:01:18.7024916Z http.https://github.com/.extraheader
2025-08-16T21:01:18.7038082Z [command]/usr/bin/git config --local --unset-all http.https://github.com/.extraheader
2025-08-16T21:01:18.7068390Z [command]/usr/bin/git submodule foreach --recursive sh -c "git config --local --name-only --get-regexp 'http\.https\:\/\/github\.com\/\.extraheader' && git config --local --unset-all 'http.https://github.com/.extraheader' || :"
2025-08-16T21:01:18.7387435Z Cleaning up orphan processes
