2025-08-18T21:30:21.2364251Z Current runner version: '2.327.1'
2025-08-18T21:30:21.2389123Z ##[group]Runner Image Provisioner
2025-08-18T21:30:21.2389937Z Hosted Compute Agent
2025-08-18T21:30:21.2390789Z Version: 20250818.377
2025-08-18T21:30:21.2391453Z Commit: 3c593e9f75fe0b87e893bca80d6e12ba089c61fc
2025-08-18T21:30:21.2392110Z Build Date: 2025-08-18T14:52:18Z
2025-08-18T21:30:21.2392755Z ##[endgroup]
2025-08-18T21:30:21.2393292Z ##[group]Operating System
2025-08-18T21:30:21.2393849Z Ubuntu
2025-08-18T21:30:21.2394275Z 24.04.2
2025-08-18T21:30:21.2394822Z LTS
2025-08-18T21:30:21.2395235Z ##[endgroup]
2025-08-18T21:30:21.2395710Z ##[group]Runner Image
2025-08-18T21:30:21.2396342Z Image: ubuntu-24.04
2025-08-18T21:30:21.2396803Z Version: 20250810.1.0
2025-08-18T21:30:21.2397826Z Included Software: https://github.com/actions/runner-images/blob/ubuntu24/20250810.1/images/ubuntu/Ubuntu2404-Readme.md
2025-08-18T21:30:21.2399429Z Image Release: https://github.com/actions/runner-images/releases/tag/ubuntu24%2F20250810.1
2025-08-18T21:30:21.2400658Z ##[endgroup]
2025-08-18T21:30:21.2403104Z ##[group]GITHUB_TOKEN Permissions
2025-08-18T21:30:21.2405421Z Actions: write
2025-08-18T21:30:21.2405990Z Attestations: write
2025-08-18T21:30:21.2406512Z Checks: write
2025-08-18T21:30:21.2406954Z Contents: write
2025-08-18T21:30:21.2407525Z Deployments: write
2025-08-18T21:30:21.2407995Z Discussions: write
2025-08-18T21:30:21.2408522Z Issues: write
2025-08-18T21:30:21.2409027Z Metadata: read
2025-08-18T21:30:21.2409509Z Models: read
2025-08-18T21:30:21.2409954Z Packages: write
2025-08-18T21:30:21.2410667Z Pages: write
2025-08-18T21:30:21.2411168Z PullRequests: write
2025-08-18T21:30:21.2411685Z RepositoryProjects: write
2025-08-18T21:30:21.2412330Z SecurityEvents: write
2025-08-18T21:30:21.2412906Z Statuses: write
2025-08-18T21:30:21.2413389Z ##[endgroup]
2025-08-18T21:30:21.2415456Z Secret source: Actions
2025-08-18T21:30:21.2416170Z Prepare workflow directory
2025-08-18T21:30:21.2789962Z Prepare all required actions
2025-08-18T21:30:21.2839957Z Getting action download info
2025-08-18T21:30:21.6214538Z Download action repository 'actions/checkout@v4' (SHA:08eba0b27e820071cde6df949e0beb9ba4906955)
2025-08-18T21:30:21.8951294Z Download action repository 'actions/setup-python@v5' (SHA:a26af69be951a213d495a4c3e4e4022e16d87065)
2025-08-18T21:30:22.1758937Z Download action repository 'peaceiris/actions-gh-pages@v3' (SHA:373f7f263a76c20808c831209c920827a82a2847)
2025-08-18T21:30:22.5838816Z Complete job name: publish
2025-08-18T21:30:22.6629359Z ##[group]Run actions/checkout@v4
2025-08-18T21:30:22.6631187Z with:
2025-08-18T21:30:22.6632017Z   repository: AlexBomber12/AWA-App
2025-08-18T21:30:22.6633330Z   token: ***
2025-08-18T21:30:22.6634119Z   ssh-strict: true
2025-08-18T21:30:22.6634911Z   ssh-user: git
2025-08-18T21:30:22.6635736Z   persist-credentials: true
2025-08-18T21:30:22.6636653Z   clean: true
2025-08-18T21:30:22.6637469Z   sparse-checkout-cone-mode: true
2025-08-18T21:30:22.6638447Z   fetch-depth: 1
2025-08-18T21:30:22.6639231Z   fetch-tags: false
2025-08-18T21:30:22.6640078Z   show-progress: true
2025-08-18T21:30:22.6641036Z   lfs: false
2025-08-18T21:30:22.6641796Z   submodules: false
2025-08-18T21:30:22.6642597Z   set-safe-directory: true
2025-08-18T21:30:22.6643802Z ##[endgroup]
2025-08-18T21:30:22.7780044Z Syncing repository: AlexBomber12/AWA-App
2025-08-18T21:30:22.7782963Z ##[group]Getting Git version info
2025-08-18T21:30:22.7784555Z Working directory is '/home/runner/work/AWA-App/AWA-App'
2025-08-18T21:30:22.7787731Z [command]/usr/bin/git version
2025-08-18T21:30:22.7838394Z git version 2.50.1
2025-08-18T21:30:22.7864784Z ##[endgroup]
2025-08-18T21:30:22.7878949Z Temporarily overriding HOME='/home/runner/work/_temp/2b58e28e-a06a-42d3-a88a-284b74281522' before making global git config changes
2025-08-18T21:30:22.7882270Z Adding repository directory to the temporary git global config as a safe directory
2025-08-18T21:30:22.7885077Z [command]/usr/bin/git config --global --add safe.directory /home/runner/work/AWA-App/AWA-App
2025-08-18T21:30:22.7921255Z Deleting the contents of '/home/runner/work/AWA-App/AWA-App'
2025-08-18T21:30:22.7925268Z ##[group]Initializing the repository
2025-08-18T21:30:22.7929211Z [command]/usr/bin/git init /home/runner/work/AWA-App/AWA-App
2025-08-18T21:30:22.7997922Z hint: Using 'master' as the name for the initial branch. This default branch name
2025-08-18T21:30:22.8001297Z hint: is subject to change. To configure the initial branch name to use in all
2025-08-18T21:30:22.8004167Z hint: of your new repositories, which will suppress this warning, call:
2025-08-18T21:30:22.8005524Z hint:
2025-08-18T21:30:22.8006457Z hint: 	git config --global init.defaultBranch <name>
2025-08-18T21:30:22.8007721Z hint:
2025-08-18T21:30:22.8009154Z hint: Names commonly chosen instead of 'master' are 'main', 'trunk' and
2025-08-18T21:30:22.8011708Z hint: 'development'. The just-created branch can be renamed via this command:
2025-08-18T21:30:22.8013271Z hint:
2025-08-18T21:30:22.8014306Z hint: 	git branch -m <name>
2025-08-18T21:30:22.8015179Z hint:
2025-08-18T21:30:22.8016379Z hint: Disable this message with "git config set advice.defaultBranchName false"
2025-08-18T21:30:22.8018354Z Initialized empty Git repository in /home/runner/work/AWA-App/AWA-App/.git/
2025-08-18T21:30:22.8021743Z [command]/usr/bin/git remote add origin https://github.com/AlexBomber12/AWA-App
2025-08-18T21:30:22.8051306Z ##[endgroup]
2025-08-18T21:30:22.8055026Z ##[group]Disabling automatic garbage collection
2025-08-18T21:30:22.8056332Z [command]/usr/bin/git config --local gc.auto 0
2025-08-18T21:30:22.8084509Z ##[endgroup]
2025-08-18T21:30:22.8086165Z ##[group]Setting up auth
2025-08-18T21:30:22.8090738Z [command]/usr/bin/git config --local --name-only --get-regexp core\.sshCommand
2025-08-18T21:30:22.8120386Z [command]/usr/bin/git submodule foreach --recursive sh -c "git config --local --name-only --get-regexp 'core\.sshCommand' && git config --local --unset-all 'core.sshCommand' || :"
2025-08-18T21:30:22.8426214Z [command]/usr/bin/git config --local --name-only --get-regexp http\.https\:\/\/github\.com\/\.extraheader
2025-08-18T21:30:22.8458334Z [command]/usr/bin/git submodule foreach --recursive sh -c "git config --local --name-only --get-regexp 'http\.https\:\/\/github\.com\/\.extraheader' && git config --local --unset-all 'http.https://github.com/.extraheader' || :"
2025-08-18T21:30:22.8685212Z [command]/usr/bin/git config --local http.https://github.com/.extraheader AUTHORIZATION: basic ***
2025-08-18T21:30:22.8722678Z ##[endgroup]
2025-08-18T21:30:22.8724456Z ##[group]Fetching the repository
2025-08-18T21:30:22.8731333Z [command]/usr/bin/git -c protocol.version=2 fetch --no-tags --prune --no-recurse-submodules --depth=1 origin +4f0af0e5fae4424fb9dfe6a082337cf9ce79b94d:refs/remotes/pull/258/merge
2025-08-18T21:30:23.1056098Z From https://github.com/AlexBomber12/AWA-App
2025-08-18T21:30:23.1061242Z  * [new ref]         4f0af0e5fae4424fb9dfe6a082337cf9ce79b94d -> pull/258/merge
2025-08-18T21:30:23.1082109Z ##[endgroup]
2025-08-18T21:30:23.1083560Z ##[group]Determining the checkout info
2025-08-18T21:30:23.1085061Z ##[endgroup]
2025-08-18T21:30:23.1088728Z [command]/usr/bin/git sparse-checkout disable
2025-08-18T21:30:23.1198778Z [command]/usr/bin/git config --local --unset-all extensions.worktreeConfig
2025-08-18T21:30:23.1225685Z ##[group]Checking out the ref
2025-08-18T21:30:23.1228902Z [command]/usr/bin/git checkout --progress --force refs/remotes/pull/258/merge
2025-08-18T21:30:23.1503457Z Note: switching to 'refs/remotes/pull/258/merge'.
2025-08-18T21:30:23.1504922Z 
2025-08-18T21:30:23.1505982Z You are in 'detached HEAD' state. You can look around, make experimental
2025-08-18T21:30:23.1508541Z changes and commit them, and you can discard any commits you make in this
2025-08-18T21:30:23.1510206Z state without impacting any branches by switching back to a branch.
2025-08-18T21:30:23.1511674Z 
2025-08-18T21:30:23.1512563Z If you want to create a new branch to retain commits you create, you may
2025-08-18T21:30:23.1514075Z do so (now or later) by using -c with the switch command. Example:
2025-08-18T21:30:23.1515483Z 
2025-08-18T21:30:23.1515854Z   git switch -c <new-branch-name>
2025-08-18T21:30:23.1516458Z 
2025-08-18T21:30:23.1516787Z Or undo this operation with:
2025-08-18T21:30:23.1517330Z 
2025-08-18T21:30:23.1517612Z   git switch -
2025-08-18T21:30:23.1518044Z 
2025-08-18T21:30:23.1518745Z Turn off this advice by setting config variable advice.detachedHead to false
2025-08-18T21:30:23.1519779Z 
2025-08-18T21:30:23.1521206Z HEAD is now at 4f0af0e Merge 108e2d47cb01db8c0f660363c055d50edd77ca1e into dfd6918d4aad13c263cb16e442ff89d94db5df82
2025-08-18T21:30:23.1524602Z ##[endgroup]
2025-08-18T21:30:23.1549909Z [command]/usr/bin/git log -1 --format=%H
2025-08-18T21:30:23.1571382Z 4f0af0e5fae4424fb9dfe6a082337cf9ce79b94d
2025-08-18T21:30:23.1848531Z ##[group]Run actions/setup-python@v5
2025-08-18T21:30:23.1849458Z with:
2025-08-18T21:30:23.1850092Z   python-version: 3.11
2025-08-18T21:30:23.1851067Z   check-latest: false
2025-08-18T21:30:23.1852034Z   token: ***
2025-08-18T21:30:23.1852747Z   update-environment: true
2025-08-18T21:30:23.1853590Z   allow-prereleases: false
2025-08-18T21:30:23.1854387Z   freethreaded: false
2025-08-18T21:30:23.1855108Z ##[endgroup]
2025-08-18T21:30:23.3650397Z ##[group]Installed versions
2025-08-18T21:30:23.4308010Z Successfully set up CPython (3.11.13)
2025-08-18T21:30:23.4310142Z ##[endgroup]
2025-08-18T21:30:23.4457064Z ##[group]Run pip install pydoc-markdown
2025-08-18T21:30:23.4458202Z [36;1mpip install pydoc-markdown[0m
2025-08-18T21:30:23.4710827Z shell: /usr/bin/bash -e {0}
2025-08-18T21:30:23.4711645Z env:
2025-08-18T21:30:23.4712479Z   pythonLocation: /opt/hostedtoolcache/Python/3.11.13/x64
2025-08-18T21:30:23.4713926Z   PKG_CONFIG_PATH: /opt/hostedtoolcache/Python/3.11.13/x64/lib/pkgconfig
2025-08-18T21:30:23.4715344Z   Python_ROOT_DIR: /opt/hostedtoolcache/Python/3.11.13/x64
2025-08-18T21:30:23.4716614Z   Python2_ROOT_DIR: /opt/hostedtoolcache/Python/3.11.13/x64
2025-08-18T21:30:23.4717894Z   Python3_ROOT_DIR: /opt/hostedtoolcache/Python/3.11.13/x64
2025-08-18T21:30:23.4719196Z   LD_LIBRARY_PATH: /opt/hostedtoolcache/Python/3.11.13/x64/lib
2025-08-18T21:30:23.4720273Z ##[endgroup]
2025-08-18T21:30:26.3220328Z Collecting pydoc-markdown
2025-08-18T21:30:26.3674636Z   Downloading pydoc_markdown-4.8.2-py3-none-any.whl.metadata (5.9 kB)
2025-08-18T21:30:26.4116565Z Collecting PyYAML<7.0,>=5.0 (from pydoc-markdown)
2025-08-18T21:30:26.4157885Z   Downloading PyYAML-6.0.2-cp311-cp311-manylinux_2_17_x86_64.manylinux2014_x86_64.whl.metadata (2.1 kB)
2025-08-18T21:30:26.4349544Z Collecting click<9.0,>=7.1 (from pydoc-markdown)
2025-08-18T21:30:26.4388524Z   Downloading click-8.2.1-py3-none-any.whl.metadata (2.5 kB)
2025-08-18T21:30:26.4617271Z Collecting databind.core<5.0.0,>=4.4.0 (from pydoc-markdown)
2025-08-18T21:30:26.4671492Z   Downloading databind.core-4.5.2-py3-none-any.whl.metadata (1.1 kB)
2025-08-18T21:30:26.4893416Z Collecting databind.json<5.0.0,>=4.4.0 (from pydoc-markdown)
2025-08-18T21:30:26.4939282Z   Downloading databind.json-4.5.2-py3-none-any.whl.metadata (1.1 kB)
2025-08-18T21:30:26.5168729Z Collecting docspec<3.0.0,>=2.2.1 (from pydoc-markdown)
2025-08-18T21:30:26.5218545Z   Downloading docspec-2.2.2-py3-none-any.whl.metadata (1.0 kB)
2025-08-18T21:30:26.5361461Z Collecting docspec-python<3.0.0,>=2.2.1 (from pydoc-markdown)
2025-08-18T21:30:26.5406376Z   Downloading docspec_python-2.2.2-py3-none-any.whl.metadata (1.0 kB)
2025-08-18T21:30:26.5527600Z Collecting docstring-parser<0.12,>=0.11 (from pydoc-markdown)
2025-08-18T21:30:26.5580974Z   Downloading docstring_parser-0.11.tar.gz (22 kB)
2025-08-18T21:30:26.5711018Z   Installing build dependencies: started
2025-08-18T21:30:27.7874003Z   Installing build dependencies: finished with status 'done'
2025-08-18T21:30:27.7879167Z   Getting requirements to build wheel: started
2025-08-18T21:30:28.1521471Z   Getting requirements to build wheel: finished with status 'done'
2025-08-18T21:30:28.1529366Z   Preparing metadata (pyproject.toml): started
2025-08-18T21:30:28.3297034Z   Preparing metadata (pyproject.toml): finished with status 'done'
2025-08-18T21:30:28.3455276Z Collecting jinja2<4.0.0,>=3.0.0 (from pydoc-markdown)
2025-08-18T21:30:28.3502554Z   Downloading jinja2-3.1.6-py3-none-any.whl.metadata (2.9 kB)
2025-08-18T21:30:28.3705346Z Collecting nr.util<1.0.0,>=0.7.5 (from pydoc-markdown)
2025-08-18T21:30:28.3765206Z   Downloading nr.util-0.8.12-py3-none-any.whl.metadata (813 bytes)
2025-08-18T21:30:28.4061679Z Collecting requests<3.0.0,>=2.23.0 (from pydoc-markdown)
2025-08-18T21:30:28.4104084Z   Downloading requests-2.32.5-py3-none-any.whl.metadata (4.9 kB)
2025-08-18T21:30:28.4279766Z Collecting tomli<3.0.0,>=2.0.0 (from pydoc-markdown)
2025-08-18T21:30:28.4321879Z   Downloading tomli-2.2.1-cp311-cp311-manylinux_2_17_x86_64.manylinux2014_x86_64.whl.metadata (11 kB)
2025-08-18T21:30:28.4488823Z Collecting tomli_w<2.0.0,>=1.0.0 (from pydoc-markdown)
2025-08-18T21:30:28.4545480Z   Downloading tomli_w-1.2.0-py3-none-any.whl.metadata (5.7 kB)
2025-08-18T21:30:28.5139494Z Collecting watchdog (from pydoc-markdown)
2025-08-18T21:30:28.5191580Z   Downloading watchdog-6.0.0-py3-none-manylinux2014_x86_64.whl.metadata (44 kB)
2025-08-18T21:30:28.5408344Z Collecting yapf>=0.30.0 (from pydoc-markdown)
2025-08-18T21:30:28.5452730Z   Downloading yapf-0.43.0-py3-none-any.whl.metadata (46 kB)
2025-08-18T21:30:28.5697592Z Collecting databind<5.0.0,>=4.5.2 (from databind.core<5.0.0,>=4.4.0->pydoc-markdown)
2025-08-18T21:30:28.5750872Z   Downloading databind-4.5.2-py3-none-any.whl.metadata (4.3 kB)
2025-08-18T21:30:28.5905245Z Collecting Deprecated<2.0.0,>=1.2.12 (from databind<5.0.0,>=4.5.2->databind.core<5.0.0,>=4.4.0->pydoc-markdown)
2025-08-18T21:30:28.5945925Z   Downloading Deprecated-1.2.18-py2.py3-none-any.whl.metadata (5.7 kB)
2025-08-18T21:30:28.6070230Z Collecting nr-date<3.0.0,>=2.0.0 (from databind<5.0.0,>=4.5.2->databind.core<5.0.0,>=4.4.0->pydoc-markdown)
2025-08-18T21:30:28.6137866Z   Downloading nr_date-2.1.0-py3-none-any.whl.metadata (746 bytes)
2025-08-18T21:30:28.6274777Z Collecting nr-stream<2.0.0,>=1.0.0 (from databind<5.0.0,>=4.5.2->databind.core<5.0.0,>=4.4.0->pydoc-markdown)
2025-08-18T21:30:28.6324873Z   Downloading nr_stream-1.1.5-py3-none-any.whl.metadata (3.6 kB)
2025-08-18T21:30:28.6511903Z Collecting typeapi<3,>=2.0.1 (from databind<5.0.0,>=4.5.2->databind.core<5.0.0,>=4.4.0->pydoc-markdown)
2025-08-18T21:30:28.6591177Z   Downloading typeapi-2.2.4-py3-none-any.whl.metadata (1.5 kB)
2025-08-18T21:30:28.6784069Z Collecting typing-extensions<5,>=3.10.0 (from databind<5.0.0,>=4.5.2->databind.core<5.0.0,>=4.4.0->pydoc-markdown)
2025-08-18T21:30:28.6822715Z   Downloading typing_extensions-4.14.1-py3-none-any.whl.metadata (3.0 kB)
2025-08-18T21:30:28.7803309Z Collecting wrapt<2,>=1.10 (from Deprecated<2.0.0,>=1.2.12->databind<5.0.0,>=4.5.2->databind.core<5.0.0,>=4.4.0->pydoc-markdown)
2025-08-18T21:30:28.7845741Z   Downloading wrapt-1.17.3-cp311-cp311-manylinux1_x86_64.manylinux_2_28_x86_64.manylinux_2_5_x86_64.whl.metadata (6.4 kB)
2025-08-18T21:30:28.8384342Z Collecting black>=24.8.0 (from docspec-python<3.0.0,>=2.2.1->pydoc-markdown)
2025-08-18T21:30:28.8428365Z   Downloading black-25.1.0-cp311-cp311-manylinux_2_17_x86_64.manylinux2014_x86_64.manylinux_2_28_x86_64.whl.metadata (81 kB)
2025-08-18T21:30:28.8536022Z Collecting docspec<3.0.0,>=2.2.1 (from pydoc-markdown)
2025-08-18T21:30:28.8588959Z   Downloading docspec-2.2.1-py3-none-any.whl.metadata (1.5 kB)
2025-08-18T21:30:28.9161543Z Collecting MarkupSafe>=2.0 (from jinja2<4.0.0,>=3.0.0->pydoc-markdown)
2025-08-18T21:30:28.9207894Z   Downloading MarkupSafe-3.0.2-cp311-cp311-manylinux_2_17_x86_64.manylinux2014_x86_64.whl.metadata (4.0 kB)
2025-08-18T21:30:29.0120185Z Collecting charset_normalizer<4,>=2 (from requests<3.0.0,>=2.23.0->pydoc-markdown)
2025-08-18T21:30:29.0165176Z   Downloading charset_normalizer-3.4.3-cp311-cp311-manylinux2014_x86_64.manylinux_2_17_x86_64.manylinux_2_28_x86_64.whl.metadata (36 kB)
2025-08-18T21:30:29.0341852Z Collecting idna<4,>=2.5 (from requests<3.0.0,>=2.23.0->pydoc-markdown)
2025-08-18T21:30:29.0384207Z   Downloading idna-3.10-py3-none-any.whl.metadata (10 kB)
2025-08-18T21:30:29.0813396Z Collecting urllib3<3,>=1.21.1 (from requests<3.0.0,>=2.23.0->pydoc-markdown)
2025-08-18T21:30:29.0854431Z   Downloading urllib3-2.5.0-py3-none-any.whl.metadata (6.5 kB)
2025-08-18T21:30:29.1072957Z Collecting certifi>=2017.4.17 (from requests<3.0.0,>=2.23.0->pydoc-markdown)
2025-08-18T21:30:29.1110329Z   Downloading certifi-2025.8.3-py3-none-any.whl.metadata (2.4 kB)
2025-08-18T21:30:29.1347959Z Collecting mypy-extensions>=0.4.3 (from black>=24.8.0->docspec-python<3.0.0,>=2.2.1->pydoc-markdown)
2025-08-18T21:30:29.1385737Z   Downloading mypy_extensions-1.1.0-py3-none-any.whl.metadata (1.1 kB)
2025-08-18T21:30:29.1557477Z Collecting packaging>=22.0 (from black>=24.8.0->docspec-python<3.0.0,>=2.2.1->pydoc-markdown)
2025-08-18T21:30:29.1596773Z   Downloading packaging-25.0-py3-none-any.whl.metadata (3.3 kB)
2025-08-18T21:30:29.1724826Z Collecting pathspec>=0.9.0 (from black>=24.8.0->docspec-python<3.0.0,>=2.2.1->pydoc-markdown)
2025-08-18T21:30:29.1763389Z   Downloading pathspec-0.12.1-py3-none-any.whl.metadata (21 kB)
2025-08-18T21:30:29.1959451Z Collecting platformdirs>=2 (from black>=24.8.0->docspec-python<3.0.0,>=2.2.1->pydoc-markdown)
2025-08-18T21:30:29.1998423Z   Downloading platformdirs-4.3.8-py3-none-any.whl.metadata (12 kB)
2025-08-18T21:30:29.2228512Z Downloading pydoc_markdown-4.8.2-py3-none-any.whl (67 kB)
2025-08-18T21:30:29.2288902Z Downloading click-8.2.1-py3-none-any.whl (102 kB)
2025-08-18T21:30:29.2363004Z Downloading databind.core-4.5.2-py3-none-any.whl (1.5 kB)
2025-08-18T21:30:29.2432382Z Downloading databind-4.5.2-py3-none-any.whl (49 kB)
2025-08-18T21:30:29.2500662Z Downloading databind.json-4.5.2-py3-none-any.whl (1.5 kB)
2025-08-18T21:30:29.2561033Z Downloading Deprecated-1.2.18-py2.py3-none-any.whl (10.0 kB)
2025-08-18T21:30:29.2626576Z Downloading docspec_python-2.2.2-py3-none-any.whl (15 kB)
2025-08-18T21:30:29.2687978Z Downloading docspec-2.2.1-py3-none-any.whl (9.8 kB)
2025-08-18T21:30:29.2745857Z Downloading jinja2-3.1.6-py3-none-any.whl (134 kB)
2025-08-18T21:30:29.2818191Z Downloading nr_date-2.1.0-py3-none-any.whl (10 kB)
2025-08-18T21:30:29.2883125Z Downloading nr_stream-1.1.5-py3-none-any.whl (10 kB)
2025-08-18T21:30:29.2950333Z Downloading nr.util-0.8.12-py3-none-any.whl (90 kB)
2025-08-18T21:30:29.3020805Z Downloading PyYAML-6.0.2-cp311-cp311-manylinux_2_17_x86_64.manylinux2014_x86_64.whl (762 kB)
2025-08-18T21:30:29.3117288Z    ━━━━━━━━━━━━━━━━━━━━━━━━━━━━━━━━━━━━━━━━ 763.0/763.0 kB 86.3 MB/s  0:00:00
2025-08-18T21:30:29.3156907Z Downloading requests-2.32.5-py3-none-any.whl (64 kB)
2025-08-18T21:30:29.3219868Z Downloading charset_normalizer-3.4.3-cp311-cp311-manylinux2014_x86_64.manylinux_2_17_x86_64.manylinux_2_28_x86_64.whl (150 kB)
2025-08-18T21:30:29.3282715Z Downloading idna-3.10-py3-none-any.whl (70 kB)
2025-08-18T21:30:29.3342848Z Downloading tomli-2.2.1-cp311-cp311-manylinux_2_17_x86_64.manylinux2014_x86_64.whl (236 kB)
2025-08-18T21:30:29.3417169Z Downloading tomli_w-1.2.0-py3-none-any.whl (6.7 kB)
2025-08-18T21:30:29.3485321Z Downloading typeapi-2.2.4-py3-none-any.whl (26 kB)
2025-08-18T21:30:29.3545508Z Downloading typing_extensions-4.14.1-py3-none-any.whl (43 kB)
2025-08-18T21:30:29.3603864Z Downloading urllib3-2.5.0-py3-none-any.whl (129 kB)
2025-08-18T21:30:29.3665675Z Downloading wrapt-1.17.3-cp311-cp311-manylinux1_x86_64.manylinux_2_28_x86_64.manylinux_2_5_x86_64.whl (82 kB)
2025-08-18T21:30:29.3732240Z Downloading black-25.1.0-cp311-cp311-manylinux_2_17_x86_64.manylinux2014_x86_64.manylinux_2_28_x86_64.whl (1.7 MB)
2025-08-18T21:30:29.3920740Z    ━━━━━━━━━━━━━━━━━━━━━━━━━━━━━━━━━━━━━━━━ 1.7/1.7 MB 98.6 MB/s  0:00:00
2025-08-18T21:30:29.3975474Z Downloading certifi-2025.8.3-py3-none-any.whl (161 kB)
2025-08-18T21:30:29.4039670Z Downloading MarkupSafe-3.0.2-cp311-cp311-manylinux_2_17_x86_64.manylinux2014_x86_64.whl (23 kB)
2025-08-18T21:30:29.4100678Z Downloading mypy_extensions-1.1.0-py3-none-any.whl (5.0 kB)
2025-08-18T21:30:29.4159948Z Downloading packaging-25.0-py3-none-any.whl (66 kB)
2025-08-18T21:30:29.4236430Z Downloading pathspec-0.12.1-py3-none-any.whl (31 kB)
2025-08-18T21:30:29.4294237Z Downloading platformdirs-4.3.8-py3-none-any.whl (18 kB)
2025-08-18T21:30:29.4348778Z Downloading yapf-0.43.0-py3-none-any.whl (256 kB)
2025-08-18T21:30:29.4425397Z Downloading watchdog-6.0.0-py3-none-manylinux2014_x86_64.whl (79 kB)
2025-08-18T21:30:29.4685268Z Building wheels for collected packages: docstring-parser
2025-08-18T21:30:29.4693670Z   Building wheel for docstring-parser (pyproject.toml): started
2025-08-18T21:30:29.6801689Z   Building wheel for docstring-parser (pyproject.toml): finished with status 'done'
2025-08-18T21:30:29.6807675Z   Created wheel for docstring-parser: filename=docstring_parser-0.11-py3-none-any.whl size=31551 sha256=e6a6a25a19dcd44d7c25d6b4a299cad0a8d48344ada6b9f660f0116a0ab0ab13
2025-08-18T21:30:29.6809769Z   Stored in directory: /home/runner/.cache/pip/wheels/0f/f9/78/1186f8bf3425dbd3fb3fa32beee828876c792f49eb2554e888
2025-08-18T21:30:29.6826398Z Successfully built docstring-parser
2025-08-18T21:30:29.7288599Z Installing collected packages: wrapt, watchdog, urllib3, typing-extensions, tomli_w, tomli, PyYAML, platformdirs, pathspec, packaging, nr-stream, nr-date, mypy-extensions, MarkupSafe, idna, docstring-parser, click, charset_normalizer, certifi, yapf, typeapi, requests, jinja2, Deprecated, black, nr.util, databind, databind.json, databind.core, docspec, docspec-python, pydoc-markdown
2025-08-18T21:30:30.8385949Z 
2025-08-18T21:30:30.8408793Z Successfully installed Deprecated-1.2.18 MarkupSafe-3.0.2 PyYAML-6.0.2 black-25.1.0 certifi-2025.8.3 charset_normalizer-3.4.3 click-8.2.1 databind-4.5.2 databind.core-4.5.2 databind.json-4.5.2 docspec-2.2.1 docspec-python-2.2.2 docstring-parser-0.11 idna-3.10 jinja2-3.1.6 mypy-extensions-1.1.0 nr-date-2.1.0 nr-stream-1.1.5 nr.util-0.8.12 packaging-25.0 pathspec-0.12.1 platformdirs-4.3.8 pydoc-markdown-4.8.2 requests-2.32.5 tomli-2.2.1 tomli_w-1.2.0 typeapi-2.2.4 typing-extensions-4.14.1 urllib3-2.5.0 watchdog-6.0.0 wrapt-1.17.3 yapf-0.43.0
2025-08-18T21:30:31.0184817Z ##[group]Run pydoc-markdown
2025-08-18T21:30:31.0185091Z [36;1mpydoc-markdown[0m
2025-08-18T21:30:31.0225513Z shell: /usr/bin/bash -e {0}
2025-08-18T21:30:31.0225732Z env:
2025-08-18T21:30:31.0225970Z   pythonLocation: /opt/hostedtoolcache/Python/3.11.13/x64
2025-08-18T21:30:31.0226387Z   PKG_CONFIG_PATH: /opt/hostedtoolcache/Python/3.11.13/x64/lib/pkgconfig
2025-08-18T21:30:31.0226781Z   Python_ROOT_DIR: /opt/hostedtoolcache/Python/3.11.13/x64
2025-08-18T21:30:31.0227119Z   Python2_ROOT_DIR: /opt/hostedtoolcache/Python/3.11.13/x64
2025-08-18T21:30:31.0227456Z   Python3_ROOT_DIR: /opt/hostedtoolcache/Python/3.11.13/x64
2025-08-18T21:30:31.0227791Z   LD_LIBRARY_PATH: /opt/hostedtoolcache/Python/3.11.13/x64/lib
2025-08-18T21:30:31.0228075Z ##[endgroup]
2025-08-18T21:30:31.3635852Z [WARNING - pydoc_markdown.main]: Unknown configuration options:
2025-08-18T21:30:31.3636737Z Unknown key(s) "{'output_directory'}" at:
2025-08-18T21:30:31.3637179Z In "pydoc-markdown.yml"
2025-08-18T21:30:31.3637665Z   $: TypeHint(pydoc_markdown.PydocMarkdown)
2025-08-18T21:30:31.3638192Z   .renderer: TypeHint(pydoc_markdown.interfaces.Renderer)
2025-08-18T21:30:31.3638893Z   ^: TypeHint(pydoc_markdown.contrib.renderers.markdown.MarkdownRenderer)
2025-08-18T21:30:31.3639371Z 
2025-08-18T21:30:31.6873151Z <a id="__init__"></a>
2025-08-18T21:30:31.6873482Z 
2025-08-18T21:30:31.6873637Z # \_\_init\_\_
2025-08-18T21:30:31.6873886Z 
2025-08-18T21:30:31.6874048Z <a id="api"></a>
2025-08-18T21:30:31.6874301Z 
2025-08-18T21:30:31.6874451Z # api
2025-08-18T21:30:31.6874646Z 
2025-08-18T21:30:31.6874817Z <a id="api.errors"></a>
2025-08-18T21:30:31.6875109Z 
2025-08-18T21:30:31.6875228Z # api.errors
2025-08-18T21:30:31.6875361Z 
2025-08-18T21:30:31.6875508Z <a id="api.sentry_config"></a>
2025-08-18T21:30:31.6875848Z 
2025-08-18T21:30:31.6876011Z # api.sentry\_config
2025-08-18T21:30:31.6876249Z 
2025-08-18T21:30:31.6876441Z <a id="api.tests.test_sentry_scrub"></a>
2025-08-18T21:30:31.6876878Z 
2025-08-18T21:30:31.6877469Z # api.tests.test\_sentry\_scrub
2025-08-18T21:30:31.6877777Z 
2025-08-18T21:30:31.6877972Z <a id="api.tests.test_errors_json"></a>
2025-08-18T21:30:31.6878389Z 
2025-08-18T21:30:31.6878557Z # api.tests.test\_errors\_json
2025-08-18T21:30:31.6878862Z 
2025-08-18T21:30:31.6879024Z <a id="api.tests.test_llm"></a>
2025-08-18T21:30:31.6879319Z 
2025-08-18T21:30:31.6879467Z # api.tests.test\_llm
2025-08-18T21:30:31.6879720Z 
2025-08-18T21:30:31.6880020Z <a id="api.tests.test_sentry_event"></a>
2025-08-18T21:30:31.6880374Z 
2025-08-18T21:30:31.6880756Z # api.tests.test\_sentry\_event
2025-08-18T21:30:31.6881070Z 
2025-08-18T21:30:31.6881300Z <a id="api.tests.test_sentry_event.DummyTransport"></a>
2025-08-18T21:30:31.6881580Z 
2025-08-18T21:30:31.6881680Z ## DummyTransport Objects
2025-08-18T21:30:31.6881848Z 
2025-08-18T21:30:31.6881937Z ```python
2025-08-18T21:30:31.6882151Z class DummyTransport()
2025-08-18T21:30:31.6882398Z ```
2025-08-18T21:30:31.6882505Z 
2025-08-18T21:30:31.6882848Z <a id="api.tests.test_sentry_event.DummyTransport.capture_envelope"></a>
2025-08-18T21:30:31.6883483Z 
2025-08-18T21:30:31.6883618Z #### capture\_envelope
2025-08-18T21:30:31.6883835Z 
2025-08-18T21:30:31.6883942Z ```python
2025-08-18T21:30:31.6884157Z def capture_envelope(envelope)
2025-08-18T21:30:31.6884402Z ```
2025-08-18T21:30:31.6884503Z 
2025-08-18T21:30:31.6884650Z Capture events sent as envelopes by Sentry SDK >= 2.0.
2025-08-18T21:30:31.6884900Z 
2025-08-18T21:30:31.6885005Z <a id="api.tests.test_cors"></a>
2025-08-18T21:30:31.6885182Z 
2025-08-18T21:30:31.6885267Z # api.tests.test\_cors
2025-08-18T21:30:31.6885413Z 
2025-08-18T21:30:31.6885512Z <a id="api.tests.test_imports"></a>
2025-08-18T21:30:31.6885702Z 
2025-08-18T21:30:31.6885792Z # api.tests.test\_imports
2025-08-18T21:30:31.6885950Z 
2025-08-18T21:30:31.6886051Z <a id="api.tests.test_rate_limit"></a>
2025-08-18T21:30:31.6886251Z 
2025-08-18T21:30:31.6886349Z # api.tests.test\_rate\_limit
2025-08-18T21:30:31.6886516Z 
2025-08-18T21:30:31.6886875Z <a id="api.tests.test_rate_limit.app"></a>
2025-08-18T21:30:31.6887099Z 
2025-08-18T21:30:31.6887174Z #### app
2025-08-18T21:30:31.6887278Z 
2025-08-18T21:30:31.6887353Z noqa: E402
2025-08-18T21:30:31.6887466Z 
2025-08-18T21:30:31.6887567Z <a id="api.tests.test_entrypoint"></a>
2025-08-18T21:30:31.6887759Z 
2025-08-18T21:30:31.6887856Z # api.tests.test\_entrypoint
2025-08-18T21:30:31.6888021Z 
2025-08-18T21:30:31.6888117Z <a id="api.tests.test_health"></a>
2025-08-18T21:30:31.6888306Z 
2025-08-18T21:30:31.6888394Z # api.tests.test\_health
2025-08-18T21:30:31.6888547Z 
2025-08-18T21:30:31.6888642Z <a id="api.logging_config"></a>
2025-08-18T21:30:31.6888818Z 
2025-08-18T21:30:31.6888904Z # api.logging\_config
2025-08-18T21:30:31.6889043Z 
2025-08-18T21:30:31.6889143Z <a id="api.migrations.env"></a>
2025-08-18T21:30:31.6889315Z 
2025-08-18T21:30:31.6889403Z # api.migrations.env
2025-08-18T21:30:31.6889540Z 
2025-08-18T21:30:31.6889685Z <a id="api.migrations.versions.0022_fix_roi_view"></a>
2025-08-18T21:30:31.6889933Z 
2025-08-18T21:30:31.6890064Z # api.migrations.versions.0022\_fix\_roi\_view
2025-08-18T21:30:31.6890295Z 
2025-08-18T21:30:31.6890606Z <a id="api.migrations.versions.0004_fee_cron"></a>
2025-08-18T21:30:31.6890872Z 
2025-08-18T21:30:31.6890994Z # api.migrations.versions.0004\_fee\_cron
2025-08-18T21:30:31.6891207Z 
2025-08-18T21:30:31.6891393Z <a id="api.migrations.versions.3e9d5c5aff2c_rename_fulf_fee"></a>
2025-08-18T21:30:31.6891688Z 
2025-08-18T21:30:31.6891850Z # api.migrations.versions.3e9d5c5aff2c\_rename\_fulf\_fee
2025-08-18T21:30:31.6892115Z 
2025-08-18T21:30:31.6892258Z <a id="api.migrations.versions.0003_vendor_prices"></a>
2025-08-18T21:30:31.6892506Z 
2025-08-18T21:30:31.6892631Z # api.migrations.versions.0003\_vendor\_prices
2025-08-18T21:30:31.6892852Z 
2025-08-18T21:30:31.6892997Z <a id="api.migrations.versions.0024_create_buybox"></a>
2025-08-18T21:30:31.6893234Z 
2025-08-18T21:30:31.6893356Z # api.migrations.versions.0024\_create\_buybox
2025-08-18T21:30:31.6893588Z 
2025-08-18T21:30:31.6893868Z <a id="api.migrations.versions.0002_create_roi_view"></a>
2025-08-18T21:30:31.6894117Z 
2025-08-18T21:30:31.6894246Z # api.migrations.versions.0002\_create\_roi\_view
2025-08-18T21:30:31.6894485Z 
2025-08-18T21:30:31.6894601Z <a id="api.migrations.versions.0006_fix_roi_views"></a>
2025-08-18T21:30:31.6894804Z 
2025-08-18T21:30:31.6894920Z # api.migrations.versions.0006\_fix\_roi\_views
2025-08-18T21:30:31.6895110Z 
2025-08-18T21:30:31.6895238Z <a id="api.migrations.versions.0020_unified_schema"></a>
2025-08-18T21:30:31.6895449Z 
2025-08-18T21:30:31.6895553Z # api.migrations.versions.0020\_unified\_schema
2025-08-18T21:30:31.6895737Z 
2025-08-18T21:30:31.6895881Z <a id="api.migrations.versions.0025_pr4_indexes_loadlog"></a>
2025-08-18T21:30:31.6896098Z 
2025-08-18T21:30:31.6896216Z # api.migrations.versions.0025\_pr4\_indexes\_loadlog
2025-08-18T21:30:31.6896414Z 
2025-08-18T21:30:31.6896542Z <a id="api.migrations.versions.0023_add_storage_fee"></a>
2025-08-18T21:30:31.6896740Z 
2025-08-18T21:30:31.6896854Z # api.migrations.versions.0023\_add\_storage\_fee
2025-08-18T21:30:31.6897049Z 
2025-08-18T21:30:31.6897183Z <a id="api.migrations.versions.0026_amazon_new_reports"></a>
2025-08-18T21:30:31.6897416Z 
2025-08-18T21:30:31.6897530Z # api.migrations.versions.0026\_amazon\_new\_reports
2025-08-18T21:30:31.6897816Z 
2025-08-18T21:30:31.6897922Z <a id="api.migrations.versions.0001_baseline"></a>
2025-08-18T21:30:31.6898115Z 
2025-08-18T21:30:31.6898204Z # api.migrations.versions.0001\_baseline
2025-08-18T21:30:31.6898372Z 
2025-08-18T21:30:31.6898466Z <a id="api.migrations.versions"></a>
2025-08-18T21:30:31.6898622Z 
2025-08-18T21:30:31.6898702Z # api.migrations.versions
2025-08-18T21:30:31.6898838Z 
2025-08-18T21:30:31.6898914Z <a id="api.migrations"></a>
2025-08-18T21:30:31.6899047Z 
2025-08-18T21:30:31.6899114Z # api.migrations
2025-08-18T21:30:31.6899224Z 
2025-08-18T21:30:31.6899289Z <a id="api.db"></a>
2025-08-18T21:30:31.6899394Z 
2025-08-18T21:30:31.6899460Z # api.db
2025-08-18T21:30:31.6899544Z 
2025-08-18T21:30:31.6899759Z <a id="api.routes.stats"></a>
2025-08-18T21:30:31.6899909Z 
2025-08-18T21:30:31.6899977Z # api.routes.stats
2025-08-18T21:30:31.6900083Z 
2025-08-18T21:30:31.6900169Z <a id="api.routes.stats.kpi"></a>
2025-08-18T21:30:31.6900324Z 
2025-08-18T21:30:31.6900384Z #### kpi
2025-08-18T21:30:31.6900684Z 
2025-08-18T21:30:31.6900794Z ```python
2025-08-18T21:30:31.6900964Z @router.get("/stats/kpi")
2025-08-18T21:30:31.6901228Z def kpi() -> List[Dict[str, int]]
2025-08-18T21:30:31.6901436Z ```
2025-08-18T21:30:31.6901519Z 
2025-08-18T21:30:31.6901647Z Return KPI metrics (mock).
2025-08-18T21:30:31.6901777Z 
2025-08-18T21:30:31.6901875Z <a id="api.routes.stats.roi_by_vendor"></a>
2025-08-18T21:30:31.6902055Z 
2025-08-18T21:30:31.6902120Z #### roi\_by\_vendor
2025-08-18T21:30:31.6902231Z 
2025-08-18T21:30:31.6902298Z ```python
2025-08-18T21:30:31.6902464Z @router.get("/stats/roi_by_vendor")
2025-08-18T21:30:31.6902710Z def roi_by_vendor() -> List[Dict[str, int]]
2025-08-18T21:30:31.6902934Z ```
2025-08-18T21:30:31.6903027Z 
2025-08-18T21:30:31.6903118Z Return ROI percent by vendor.
2025-08-18T21:30:31.6903254Z 
2025-08-18T21:30:31.6903344Z <a id="api.routes.stats.roi_trend"></a>
2025-08-18T21:30:31.6903515Z 
2025-08-18T21:30:31.6903578Z #### roi\_trend
2025-08-18T21:30:31.6903677Z 
2025-08-18T21:30:31.6903745Z ```python
2025-08-18T21:30:31.6903905Z @router.get("/stats/roi_trend")
2025-08-18T21:30:31.6904142Z def roi_trend() -> List[Dict[str, int | str]]
2025-08-18T21:30:31.6904376Z ```
2025-08-18T21:30:31.6904455Z 
2025-08-18T21:30:31.6904534Z Return 30-day ROI trend.
2025-08-18T21:30:31.6904658Z 
2025-08-18T21:30:31.6904733Z <a id="api.routes.roi"></a>
2025-08-18T21:30:31.6904869Z 
2025-08-18T21:30:31.6904940Z # api.routes.roi
2025-08-18T21:30:31.6905043Z 
2025-08-18T21:30:31.6905129Z <a id="api.routes.health"></a>
2025-08-18T21:30:31.6905268Z 
2025-08-18T21:30:31.6905337Z # api.routes.health
2025-08-18T21:30:31.6905443Z 
2025-08-18T21:30:31.6905536Z <a id="api.routes.health.MAX_SKEW"></a>
2025-08-18T21:30:31.6905834Z 
2025-08-18T21:30:31.6905896Z #### MAX\_SKEW
2025-08-18T21:30:31.6905998Z 
2025-08-18T21:30:31.6906058Z seconds
2025-08-18T21:30:31.6906140Z 
2025-08-18T21:30:31.6906230Z <a id="api.routes.health.health"></a>
2025-08-18T21:30:31.6906398Z 
2025-08-18T21:30:31.6906458Z #### health
2025-08-18T21:30:31.6906566Z 
2025-08-18T21:30:31.6906628Z ```python
2025-08-18T21:30:31.6906821Z @router.get("/health", include_in_schema=False)
2025-08-18T21:30:31.6907188Z async def health(session: AsyncSession = Depends(get_session)) -> JSONResponse
2025-08-18T21:30:31.6907531Z ```
2025-08-18T21:30:31.6907611Z 
2025-08-18T21:30:31.6907726Z Return 200 when DB reachable and clocks are in sync.
2025-08-18T21:30:31.6907928Z 
2025-08-18T21:30:31.6908016Z <a id="api.routes.repository"></a>
2025-08-18T21:30:31.6908172Z 
2025-08-18T21:30:31.6908254Z # api.routes.repository
2025-08-18T21:30:31.6908378Z 
2025-08-18T21:30:31.6908448Z <a id="api.routes"></a>
2025-08-18T21:30:31.6908568Z 
2025-08-18T21:30:31.6908632Z # api.routes
2025-08-18T21:30:31.6908739Z 
2025-08-18T21:30:31.6908816Z <a id="api.models.fee"></a>
2025-08-18T21:30:31.6908961Z 
2025-08-18T21:30:31.6909027Z # api.models.fee
2025-08-18T21:30:31.6909134Z 
2025-08-18T21:30:31.6909211Z <a id="api.models"></a>
2025-08-18T21:30:31.6909325Z 
2025-08-18T21:30:31.6909386Z # api.models
2025-08-18T21:30:31.6909478Z 
2025-08-18T21:30:31.6909560Z <a id="api.roi_repository"></a>
2025-08-18T21:30:31.6909698Z 
2025-08-18T21:30:31.6909769Z # api.roi\_repository
2025-08-18T21:30:31.6909891Z 
2025-08-18T21:30:31.6909958Z <a id="api.main"></a>
2025-08-18T21:30:31.6910065Z 
2025-08-18T21:30:31.6910132Z # api.main
2025-08-18T21:30:31.6910222Z 
2025-08-18T21:30:31.6910298Z <a id="api.main.ready"></a>
2025-08-18T21:30:31.6910591Z 
2025-08-18T21:30:31.6910700Z #### ready
2025-08-18T21:30:31.6910788Z 
2025-08-18T21:30:31.6910852Z ```python
2025-08-18T21:30:31.6911109Z @app.get("/ready", status_code=status.HTTP_200_OK, include_in_schema=False)
2025-08-18T21:30:31.6911656Z async def ready(session: AsyncSession = Depends(get_session)) -> dict[str,
2025-08-18T21:30:31.6912017Z                                                                       str]
2025-08-18T21:30:31.6912247Z ```
2025-08-18T21:30:31.6912327Z 
2025-08-18T21:30:31.6912422Z Return 200 only when migrations are at head.
2025-08-18T21:30:31.6912591Z 
2025-08-18T21:30:31.6912669Z <a id="api.config"></a>
2025-08-18T21:30:31.6912784Z 
2025-08-18T21:30:31.6912846Z # api.config
2025-08-18T21:30:31.6912943Z 
2025-08-18T21:30:31.6913008Z <a id="etl"></a>
2025-08-18T21:30:31.6913109Z 
2025-08-18T21:30:31.6913174Z # etl
2025-08-18T21:30:31.6913257Z 
2025-08-18T21:30:31.6913336Z <a id="etl.fba_fee_ingestor"></a>
2025-08-18T21:30:31.6913490Z 
2025-08-18T21:30:31.6913570Z # etl.fba\_fee\_ingestor
2025-08-18T21:30:31.6913695Z 
2025-08-18T21:30:31.6913773Z <a id="etl.sp_fees_ingestor"></a>
2025-08-18T21:30:31.6913922Z 
2025-08-18T21:30:31.6913993Z # etl.sp\_fees\_ingestor
2025-08-18T21:30:31.6914110Z 
2025-08-18T21:30:31.6914192Z <a id="etl.keepa_ingestor"></a>
2025-08-18T21:30:31.6914341Z 
2025-08-18T21:30:31.6914411Z # etl.keepa\_ingestor
2025-08-18T21:30:31.6914525Z 
2025-08-18T21:30:31.6914596Z <a id="etl.db"></a>
2025-08-18T21:30:31.6914699Z 
2025-08-18T21:30:31.6914760Z # etl.db
2025-08-18T21:30:31.6914855Z 
2025-08-18T21:30:31.6914937Z <a id="etl.dialects.schemas"></a>
2025-08-18T21:30:31.6915081Z 
2025-08-18T21:30:31.6915154Z # etl.dialects.schemas
2025-08-18T21:30:31.6915276Z 
2025-08-18T21:30:31.6915379Z <a id="etl.dialects.amazon_reimbursements"></a>
2025-08-18T21:30:31.6915563Z 
2025-08-18T21:30:31.6915654Z # etl.dialects.amazon\_reimbursements
2025-08-18T21:30:31.6915815Z 
2025-08-18T21:30:31.6915907Z <a id="etl.dialects.amazon_ads_sp_cost"></a>
2025-08-18T21:30:31.6916081Z 
2025-08-18T21:30:31.6916164Z # etl.dialects.amazon\_ads\_sp\_cost
2025-08-18T21:30:31.6916320Z 
2025-08-18T21:30:31.6916408Z <a id="etl.dialects.amazon_returns"></a>
2025-08-18T21:30:31.6916576Z 
2025-08-18T21:30:31.6916656Z # etl.dialects.amazon\_returns
2025-08-18T21:30:31.6916916Z 
2025-08-18T21:30:31.6917015Z <a id="etl.dialects.amazon_fee_preview"></a>
2025-08-18T21:30:31.6917184Z 
2025-08-18T21:30:31.6917264Z # etl.dialects.amazon\_fee\_preview
2025-08-18T21:30:31.6917422Z 
2025-08-18T21:30:31.6917526Z <a id="etl.dialects.amazon_inventory_ledger"></a>
2025-08-18T21:30:31.6917711Z 
2025-08-18T21:30:31.6917797Z # etl.dialects.amazon\_inventory\_ledger
2025-08-18T21:30:31.6917966Z 
2025-08-18T21:30:31.6918057Z <a id="etl.dialects.amazon_settlements"></a>
2025-08-18T21:30:31.6918223Z 
2025-08-18T21:30:31.6918312Z # etl.dialects.amazon\_settlements
2025-08-18T21:30:31.6918461Z 
2025-08-18T21:30:31.6918536Z <a id="etl.dialects"></a>
2025-08-18T21:30:31.6918666Z 
2025-08-18T21:30:31.6918731Z # etl.dialects
2025-08-18T21:30:31.6918829Z 
2025-08-18T21:30:31.6918898Z <a id="ingest"></a>
2025-08-18T21:30:31.6919011Z 
2025-08-18T21:30:31.6919071Z # ingest
2025-08-18T21:30:31.6919155Z 
2025-08-18T21:30:31.6919241Z <a id="ingest.maintenance"></a>
2025-08-18T21:30:31.6919382Z 
2025-08-18T21:30:31.6919463Z # ingest.maintenance
2025-08-18T21:30:31.6919578Z 
2025-08-18T21:30:31.6919662Z <a id="ingest.copy_loader"></a>
2025-08-18T21:30:31.6919797Z 
2025-08-18T21:30:31.6919868Z # ingest.copy\_loader
2025-08-18T21:30:31.6919988Z 
2025-08-18T21:30:31.6920087Z <a id="ingest.copy_loader.copy_df_via_temp"></a>
2025-08-18T21:30:31.6920268Z 
2025-08-18T21:30:31.6920345Z #### copy\_df\_via\_temp
2025-08-18T21:30:31.6920719Z 
2025-08-18T21:30:31.6920837Z ```python
2025-08-18T21:30:31.6921029Z def copy_df_via_temp(engine: Engine,
2025-08-18T21:30:31.6921263Z                      df: pd.DataFrame,
2025-08-18T21:30:31.6921494Z                      target_table: str,
2025-08-18T21:30:31.6921709Z                      *,
2025-08-18T21:30:31.6921919Z                      target_schema: Optional[str] = None,
2025-08-18T21:30:31.6922173Z                      columns: Sequence[str],
2025-08-18T21:30:31.6922447Z                      conflict_cols: Optional[Sequence[str]] = None,
2025-08-18T21:30:31.6922853Z                      analyze_after: bool = False,
2025-08-18T21:30:31.6923122Z                      connection: Any | None = None) -> int
2025-08-18T21:30:31.6923355Z ```
2025-08-18T21:30:31.6923436Z 
2025-08-18T21:30:31.6923587Z Bulk load *df* into *target_table* using COPY and a staging table.
2025-08-18T21:30:31.6923822Z 
2025-08-18T21:30:31.6923907Z <a id="ingest.tests.test_smoke"></a>
2025-08-18T21:30:31.6924064Z 
2025-08-18T21:30:31.6924140Z # ingest.tests.test\_smoke
2025-08-18T21:30:31.6924274Z 
2025-08-18T21:30:31.6924347Z <a id="ingest.tests"></a>
2025-08-18T21:30:31.6924471Z 
2025-08-18T21:30:31.6924542Z # ingest.tests
2025-08-18T21:30:31.6924641Z 
2025-08-18T21:30:31.6924722Z <a id="ingest.upload_router"></a>
2025-08-18T21:30:31.6924873Z 
2025-08-18T21:30:31.6924947Z # ingest.upload\_router
2025-08-18T21:30:31.6925063Z 
2025-08-18T21:30:31.6925141Z <a id="ingest.email_watcher"></a>
2025-08-18T21:30:31.6925287Z 
2025-08-18T21:30:31.6925360Z # ingest.email\_watcher
2025-08-18T21:30:31.6925474Z 
2025-08-18T21:30:31.6925573Z <a id="ingest.email_watcher.main"></a>
2025-08-18T21:30:31.6925734Z 
2025-08-18T21:30:31.6925795Z #### main
2025-08-18T21:30:31.6925888Z 
2025-08-18T21:30:31.6925950Z ```python
2025-08-18T21:30:31.6926112Z def main() -> dict[str, str]
2025-08-18T21:30:31.6926307Z ```
2025-08-18T21:30:31.6926389Z 
2025-08-18T21:30:31.6926526Z Upload CSV/XLSX attachments to MinIO and trigger ingestion.
2025-08-18T21:30:31.6926762Z 
2025-08-18T21:30:31.6926896Z Returns {"status": "success"} when processing completes.
2025-08-18T21:30:31.6927107Z 
2025-08-18T21:30:31.6927180Z <a id="ingest.tasks"></a>
2025-08-18T21:30:31.6927310Z 
2025-08-18T21:30:31.6927375Z # ingest.tasks
2025-08-18T21:30:31.6927473Z 
2025-08-18T21:30:31.6927566Z <a id="ingest.tasks.task_import_file"></a>
2025-08-18T21:30:31.6927741Z 
2025-08-18T21:30:31.6927811Z #### task\_import\_file
2025-08-18T21:30:31.6927926Z 
2025-08-18T21:30:31.6927992Z ```python
2025-08-18T21:30:31.6928193Z @celery_app.task(name="ingest.import_file", bind=True)
2025-08-18T21:30:31.6928610Z def task_import_file(self: Any,
2025-08-18T21:30:31.6928820Z                      uri: str,
2025-08-18T21:30:31.6929046Z                      report_type: Optional[str] = None,
2025-08-18T21:30:31.6929315Z                      force: bool = False) -> Dict[str, Any]
2025-08-18T21:30:31.6929552Z ```
2025-08-18T21:30:31.6929637Z 
2025-08-18T21:30:31.6929768Z Import a file into Postgres using existing ETL pipeline.
2025-08-18T21:30:31.6929981Z 
2025-08-18T21:30:31.6930062Z <a id="ingest.celery_app"></a>
2025-08-18T21:30:31.6930202Z 
2025-08-18T21:30:31.6930282Z # ingest.celery\_app
2025-08-18T21:30:31.6930396Z 
2025-08-18T21:30:31.6930700Z <a id="ingest.ingest_router"></a>
2025-08-18T21:30:31.6930866Z 
2025-08-18T21:30:31.6930940Z # ingest.ingest\_router
2025-08-18T21:30:31.6931060Z 
2025-08-18T21:30:31.6931136Z <a id="logistics_etl"></a>
2025-08-18T21:30:31.6931270Z 
2025-08-18T21:30:31.6931334Z # logistics\_etl
2025-08-18T21:30:31.6931439Z 
2025-08-18T21:30:31.6931524Z Daily logistics ETL job.
2025-08-18T21:30:31.6931654Z 
2025-08-18T21:30:31.6931735Z <a id="logistics_etl.__main__"></a>
2025-08-18T21:30:31.6931894Z 
2025-08-18T21:30:31.6931970Z # logistics\_etl.\_\_main\_\_
2025-08-18T21:30:31.6932104Z 
2025-08-18T21:30:31.6932180Z <a id="logistics_etl.dsn"></a>
2025-08-18T21:30:31.6932322Z 
2025-08-18T21:30:31.6932392Z # logistics\_etl.dsn
2025-08-18T21:30:31.6932505Z 
2025-08-18T21:30:31.6932626Z Local DSN builder to avoid cross-service dependency.
2025-08-18T21:30:31.6932829Z 
2025-08-18T21:30:31.6932916Z <a id="logistics_etl.dsn.build_dsn"></a>
2025-08-18T21:30:31.6933089Z 
2025-08-18T21:30:31.6933153Z #### build\_dsn
2025-08-18T21:30:31.6933252Z 
2025-08-18T21:30:31.6933313Z ```python
2025-08-18T21:30:31.6933495Z def build_dsn(sync: bool = True) -> str
2025-08-18T21:30:31.6933712Z ```
2025-08-18T21:30:31.6933797Z 
2025-08-18T21:30:31.6933933Z Return a Postgres DSN assembled from environment variables.
2025-08-18T21:30:31.6934156Z 
2025-08-18T21:30:31.6934432Z Prefers explicit DSNs via ``PG_SYNC_DSN``/``PG_ASYNC_DSN`` or
2025-08-18T21:30:31.6934823Z ``DATABASE_URL``. Falls back to individual PG_* settings and raises an
2025-08-18T21:30:31.6935161Z error when any required variable is missing.
2025-08-18T21:30:31.6935333Z 
2025-08-18T21:30:31.6935423Z <a id="logistics_etl.tests.conftest"></a>
2025-08-18T21:30:31.6935593Z 
2025-08-18T21:30:31.6935673Z # logistics\_etl.tests.conftest
2025-08-18T21:30:31.6935816Z 
2025-08-18T21:30:31.6935922Z <a id="logistics_etl.tests.test_repository"></a>
2025-08-18T21:30:31.6936103Z 
2025-08-18T21:30:31.6936191Z # logistics\_etl.tests.test\_repository
2025-08-18T21:30:31.6936357Z 
2025-08-18T21:30:31.6936445Z <a id="logistics_etl.tests.test_cron"></a>
2025-08-18T21:30:31.6936610Z 
2025-08-18T21:30:31.6936690Z # logistics\_etl.tests.test\_cron
2025-08-18T21:30:31.6936845Z 
2025-08-18T21:30:31.6936940Z <a id="logistics_etl.tests.test_imports"></a>
2025-08-18T21:30:31.6937111Z 
2025-08-18T21:30:31.6937200Z # logistics\_etl.tests.test\_imports
2025-08-18T21:30:31.6937364Z 
2025-08-18T21:30:31.6937455Z <a id="logistics_etl.tests.test_smoke"></a>
2025-08-18T21:30:31.6937628Z 
2025-08-18T21:30:31.6937710Z # logistics\_etl.tests.test\_smoke
2025-08-18T21:30:31.6937857Z 
2025-08-18T21:30:31.6937948Z <a id="logistics_etl.tests.test_client"></a>
2025-08-18T21:30:31.6938119Z 
2025-08-18T21:30:31.6938199Z # logistics\_etl.tests.test\_client
2025-08-18T21:30:31.6938347Z 
2025-08-18T21:30:31.6938432Z <a id="logistics_etl.tests"></a>
2025-08-18T21:30:31.6938576Z 
2025-08-18T21:30:31.6938646Z # logistics\_etl.tests
2025-08-18T21:30:31.6938768Z 
2025-08-18T21:30:31.6938847Z <a id="logistics_etl.flow"></a>
2025-08-18T21:30:31.6938983Z 
2025-08-18T21:30:31.6939053Z # logistics\_etl.flow
2025-08-18T21:30:31.6939178Z 
2025-08-18T21:30:31.6939258Z <a id="logistics_etl.client"></a>
2025-08-18T21:30:31.6939400Z 
2025-08-18T21:30:31.6939479Z # logistics\_etl.client
2025-08-18T21:30:31.6939598Z 
2025-08-18T21:30:31.6939674Z <a id="logistics_etl.cron"></a>
2025-08-18T21:30:31.6939815Z 
2025-08-18T21:30:31.6940011Z # logistics\_etl.cron
2025-08-18T21:30:31.6940123Z 
2025-08-18T21:30:31.6940201Z <a id="logistics_etl.db"></a>
2025-08-18T21:30:31.6940342Z 
2025-08-18T21:30:31.6979597Z # logistics\_etl.db
2025-08-18T21:30:31.6979863Z 
2025-08-18T21:30:31.6980053Z <a id="logistics_etl.repository"></a>
2025-08-18T21:30:31.6980609Z 
2025-08-18T21:30:31.6980790Z # logistics\_etl.repository
2025-08-18T21:30:31.6981089Z 
2025-08-18T21:30:31.6981236Z <a id="alert_bot"></a>
2025-08-18T21:30:31.6981485Z 
2025-08-18T21:30:31.6981626Z # alert\_bot
2025-08-18T21:30:31.6981830Z 
2025-08-18T21:30:31.6982015Z <a id="alert_bot.tests.test_smoke"></a>
2025-08-18T21:30:31.6982371Z 
2025-08-18T21:30:31.6982547Z # alert\_bot.tests.test\_smoke
2025-08-18T21:30:31.6982845Z 
2025-08-18T21:30:31.6983016Z <a id="alert_bot.tests"></a>
2025-08-18T21:30:31.6983210Z 
2025-08-18T21:30:31.6983293Z # alert\_bot.tests
2025-08-18T21:30:31.6983432Z 
2025-08-18T21:30:31.6983536Z <a id="alert_bot.alert_bot"></a>
2025-08-18T21:30:31.6983731Z 
2025-08-18T21:30:31.6983804Z # alert\_bot.alert\_bot
2025-08-18T21:30:31.6983923Z 
2025-08-18T21:30:31.6984003Z <a id="alert_bot.rules"></a>
2025-08-18T21:30:31.6984135Z 
2025-08-18T21:30:31.6984201Z # alert\_bot.rules
2025-08-18T21:30:31.6984312Z 
2025-08-18T21:30:31.6984380Z <a id="common"></a>
2025-08-18T21:30:31.6984485Z 
2025-08-18T21:30:31.6984547Z # common
2025-08-18T21:30:31.6984641Z 
2025-08-18T21:30:31.6984712Z <a id="common.dsn"></a>
2025-08-18T21:30:31.6984828Z 
2025-08-18T21:30:31.6984899Z # common.dsn
2025-08-18T21:30:31.6984994Z 
2025-08-18T21:30:31.6985074Z <a id="common.dsn.build_dsn"></a>
2025-08-18T21:30:31.6985220Z 
2025-08-18T21:30:31.6985288Z #### build\_dsn
2025-08-18T21:30:31.6985386Z 
2025-08-18T21:30:31.6985449Z ```python
2025-08-18T21:30:31.6985696Z def build_dsn(sync: bool = True) -> str
2025-08-18T21:30:31.6985919Z ```
2025-08-18T21:30:31.6986009Z 
2025-08-18T21:30:31.6986134Z Return a Postgres DSN, validating required variables.
2025-08-18T21:30:31.6986341Z 
2025-08-18T21:30:31.6986690Z The function prefers explicit DSNs via ``PG_SYNC_DSN`` / ``PG_ASYNC_DSN`` or
2025-08-18T21:30:31.6987129Z ``DATABASE_URL``.  If those are absent it assembles a connection string from
2025-08-18T21:30:31.6987547Z ``PG_HOST`` and related variables and raises a helpful error when any are
2025-08-18T21:30:31.6987855Z missing.
2025-08-18T21:30:31.6987949Z 
2025-08-18T21:30:31.6988034Z <a id="common.models_vendor"></a>
2025-08-18T21:30:31.6988180Z 
2025-08-18T21:30:31.6988258Z # common.models\_vendor
2025-08-18T21:30:31.6988376Z 
2025-08-18T21:30:31.6988463Z <a id="common.models_vendor.Vendor"></a>
2025-08-18T21:30:31.6988636Z 
2025-08-18T21:30:31.6988700Z ## Vendor Objects
2025-08-18T21:30:31.6988805Z 
2025-08-18T21:30:31.6988867Z ```python
2025-08-18T21:30:31.6989027Z class Vendor(Base)
2025-08-18T21:30:31.6989187Z ```
2025-08-18T21:30:31.6989277Z 
2025-08-18T21:30:31.6989353Z Vendor of inventory items.
2025-08-18T21:30:31.6989484Z 
2025-08-18T21:30:31.6989595Z <a id="common.models_vendor.VendorPrice"></a>
2025-08-18T21:30:31.6989777Z 
2025-08-18T21:30:31.6989849Z ## VendorPrice Objects
2025-08-18T21:30:31.6989973Z 
2025-08-18T21:30:31.6990034Z ```python
2025-08-18T21:30:31.6990190Z class VendorPrice(Base)
2025-08-18T21:30:31.6990367Z ```
2025-08-18T21:30:31.6990647Z 
2025-08-18T21:30:31.6990788Z Association table linking vendors to pricing.
2025-08-18T21:30:31.6990977Z 
2025-08-18T21:30:31.6991051Z <a id="common.db_url"></a>
2025-08-18T21:30:31.6991178Z 
2025-08-18T21:30:31.6991250Z # common.db\_url
2025-08-18T21:30:31.6991356Z 
2025-08-18T21:30:31.6991438Z <a id="common.db_url.build_url"></a>
2025-08-18T21:30:31.6991599Z 
2025-08-18T21:30:31.6991663Z #### build\_url
2025-08-18T21:30:31.6991760Z 
2025-08-18T21:30:31.6991820Z ```python
2025-08-18T21:30:31.6991993Z def build_url(async_: bool = True) -> str
2025-08-18T21:30:31.6992219Z ```
2025-08-18T21:30:31.6992297Z 
2025-08-18T21:30:31.6992391Z Return Postgres DSN from env or PG_* parts.
2025-08-18T21:30:31.6992564Z 
2025-08-18T21:30:31.6992651Z <a id="common.keepa"></a>
2025-08-18T21:30:31.6992954Z 
2025-08-18T21:30:31.6993021Z # common.keepa
2025-08-18T21:30:31.6993128Z 
2025-08-18T21:30:31.6993208Z <a id="common.llm"></a>
2025-08-18T21:30:31.6993324Z 
2025-08-18T21:30:31.6993386Z # common.llm
2025-08-18T21:30:31.6993488Z 
2025-08-18T21:30:31.6993572Z <a id="common.settings"></a>
2025-08-18T21:30:31.6993707Z 
2025-08-18T21:30:31.6993781Z # common.settings
2025-08-18T21:30:31.6993885Z 
2025-08-18T21:30:31.6993954Z <a id="common.db"></a>
2025-08-18T21:30:31.6994077Z 
2025-08-18T21:30:31.6994139Z # common.db
2025-08-18T21:30:31.6994229Z 
2025-08-18T21:30:31.6994319Z <a id="common.db.build_sqlalchemy_url"></a>
2025-08-18T21:30:31.6994493Z 
2025-08-18T21:30:31.6994568Z #### build\_sqlalchemy\_url
2025-08-18T21:30:31.6994697Z 
2025-08-18T21:30:31.6994766Z ```python
2025-08-18T21:30:31.6994932Z def build_sqlalchemy_url() -> str
2025-08-18T21:30:31.6995141Z ```
2025-08-18T21:30:31.6995220Z 
2025-08-18T21:30:31.6995313Z Return Postgres URL for SQLAlchemy engines.
2025-08-18T21:30:31.6995498Z 
2025-08-18T21:30:31.6995584Z <a id="common.db.build_asyncpg_dsn"></a>
2025-08-18T21:30:31.6995749Z 
2025-08-18T21:30:31.6995825Z #### build\_asyncpg\_dsn
2025-08-18T21:30:31.6995951Z 
2025-08-18T21:30:31.6996011Z ```python
2025-08-18T21:30:31.6996185Z def build_asyncpg_dsn() -> str
2025-08-18T21:30:31.6996377Z ```
2025-08-18T21:30:31.6996454Z 
2025-08-18T21:30:31.6996590Z Return DSN suitable for asyncpg (without driver suffix).
2025-08-18T21:30:31.6996798Z 
2025-08-18T21:30:31.6996881Z <a id="common.db.refresh_mvs"></a>
2025-08-18T21:30:31.6997036Z 
2025-08-18T21:30:31.6997100Z #### refresh\_mvs
2025-08-18T21:30:31.6997204Z 
2025-08-18T21:30:31.6997265Z ```python
2025-08-18T21:30:31.6997462Z def refresh_mvs(conn: Engine | Connection) -> None
2025-08-18T21:30:31.6997709Z ```
2025-08-18T21:30:31.6997788Z 
2025-08-18T21:30:31.6997922Z Refresh materialized views, using CONCURRENTLY when safe.
2025-08-18T21:30:31.6998140Z 
2025-08-18T21:30:31.6998215Z <a id="common.config"></a>
2025-08-18T21:30:31.6998463Z 
2025-08-18T21:30:31.6998531Z # common.config
2025-08-18T21:30:31.6998639Z 
2025-08-18T21:30:31.6998711Z <a id="common.base"></a>
2025-08-18T21:30:31.6998830Z 
2025-08-18T21:30:31.6998898Z # common.base
2025-08-18T21:30:31.6998994Z 
2025-08-18T21:30:31.6999071Z <a id="common.base.Base"></a>
2025-08-18T21:30:31.6999207Z 
2025-08-18T21:30:31.6999276Z ## Base Objects
2025-08-18T21:30:31.6999373Z 
2025-08-18T21:30:31.6999432Z ```python
2025-08-18T21:30:31.6999599Z class Base(DeclarativeBase)
2025-08-18T21:30:31.6999789Z ```
2025-08-18T21:30:31.6999874Z 
2025-08-18T21:30:31.6999956Z Base class for SQLAlchemy models.
2025-08-18T21:30:31.7000105Z 
2025-08-18T21:30:31.7000180Z <a id="repricer"></a>
2025-08-18T21:30:31.7000298Z 
2025-08-18T21:30:31.7000359Z # repricer
2025-08-18T21:30:31.7000561Z 
2025-08-18T21:30:31.7000653Z <a id="repricer.app.schemas"></a>
2025-08-18T21:30:31.7000800Z 
2025-08-18T21:30:31.7000877Z # repricer.app.schemas
2025-08-18T21:30:31.7001003Z 
2025-08-18T21:30:31.7001094Z <a id="repricer.app.deps"></a>
2025-08-18T21:30:31.7001233Z 
2025-08-18T21:30:31.7001312Z # repricer.app.deps
2025-08-18T21:30:31.7001420Z 
2025-08-18T21:30:31.7001537Z Placeholder module for Keepa / SP-API clients.
2025-08-18T21:30:31.7001717Z 
2025-08-18T21:30:31.7001803Z <a id="repricer.app.logic"></a>
2025-08-18T21:30:31.7001948Z 
2025-08-18T21:30:31.7002020Z # repricer.app.logic
2025-08-18T21:30:31.7002139Z 
2025-08-18T21:30:31.7002235Z <a id="repricer.app.logic.MIN_MARGIN"></a>
2025-08-18T21:30:31.7002406Z 
2025-08-18T21:30:31.7002468Z #### MIN\_MARGIN
2025-08-18T21:30:31.7002573Z 
2025-08-18T21:30:31.7002633Z 15 % ROI
2025-08-18T21:30:31.7002717Z 
2025-08-18T21:30:31.7002823Z <a id="repricer.app.logic.compute_price"></a>
2025-08-18T21:30:31.7003000Z 
2025-08-18T21:30:31.7003065Z #### compute\_price
2025-08-18T21:30:31.7003182Z 
2025-08-18T21:30:31.7003243Z ```python
2025-08-18T21:30:31.7003489Z def compute_price(asin: str, cost: Decimal, fees: Decimal) -> Decimal
2025-08-18T21:30:31.7003800Z ```
2025-08-18T21:30:31.7004004Z 
2025-08-18T21:30:31.7004118Z Toy algorithm: ensure 15 % ROI and round to cents.
2025-08-18T21:30:31.7004391Z Replace with real competitive logic later.
2025-08-18T21:30:31.7004564Z 
2025-08-18T21:30:31.7004651Z <a id="repricer.app.main"></a>
2025-08-18T21:30:31.7004792Z 
2025-08-18T21:30:31.7004863Z # repricer.app.main
2025-08-18T21:30:31.7004979Z 
2025-08-18T21:30:31.7005054Z <a id="repricer.app"></a>
2025-08-18T21:30:31.7005180Z 
2025-08-18T21:30:31.7005247Z # repricer.app
2025-08-18T21:30:31.7005353Z 
2025-08-18T21:30:31.7005443Z <a id="repricer.tests.test_imports"></a>
2025-08-18T21:30:31.7005610Z 
2025-08-18T21:30:31.7005695Z # repricer.tests.test\_imports
2025-08-18T21:30:31.7005831Z 
2025-08-18T21:30:31.7005916Z <a id="repricer.tests.test_smoke"></a>
2025-08-18T21:30:31.7006083Z 
2025-08-18T21:30:31.7006163Z # repricer.tests.test\_smoke
2025-08-18T21:30:31.7006299Z 
2025-08-18T21:30:31.7006375Z <a id="repricer.tests"></a>
2025-08-18T21:30:31.7006509Z 
2025-08-18T21:30:31.7006587Z # repricer.tests
2025-08-18T21:30:31.7006692Z 
2025-08-18T21:30:31.7006760Z <a id="db"></a>
2025-08-18T21:30:31.7006858Z 
2025-08-18T21:30:31.7006915Z # db
2025-08-18T21:30:31.7006996Z 
2025-08-18T21:30:31.7007076Z <a id="db.utils.views"></a>
2025-08-18T21:30:31.7007202Z 
2025-08-18T21:30:31.7007268Z # db.utils.views
2025-08-18T21:30:31.7007373Z 
2025-08-18T21:30:31.7007463Z <a id="db.utils.views.replace_view"></a>
2025-08-18T21:30:31.7007629Z 
2025-08-18T21:30:31.7007703Z #### replace\_view
2025-08-18T21:30:31.7007805Z 
2025-08-18T21:30:31.7007866Z ```python
2025-08-18T21:30:31.7008059Z def replace_view(name: str, new_sql: str) -> None
2025-08-18T21:30:31.7008299Z ```
2025-08-18T21:30:31.7008384Z 
2025-08-18T21:30:31.7008471Z Drop and recreate a SQL view atomically.
2025-08-18T21:30:31.7008631Z 
2025-08-18T21:30:31.7008700Z <a id="db.utils"></a>
2025-08-18T21:30:31.7008818Z 
2025-08-18T21:30:31.7008879Z # db.utils
2025-08-18T21:30:31.7008966Z 
2025-08-18T21:30:31.7009046Z <a id="price_importer"></a>
2025-08-18T21:30:31.7009295Z 
2025-08-18T21:30:31.7009365Z # price\_importer
2025-08-18T21:30:31.7009469Z 
2025-08-18T21:30:31.7009578Z <a id="price_importer.services_common.dsn"></a>
2025-08-18T21:30:31.7009757Z 
2025-08-18T21:30:31.7009845Z # price\_importer.services\_common.dsn
2025-08-18T21:30:31.7010011Z 
2025-08-18T21:30:31.7010133Z <a id="price_importer.services_common.dsn.build_dsn"></a>
2025-08-18T21:30:31.7010338Z 
2025-08-18T21:30:31.7010504Z #### build\_dsn
2025-08-18T21:30:31.7010606Z 
2025-08-18T21:30:31.7010667Z ```python
2025-08-18T21:30:31.7010842Z def build_dsn(sync: bool = True) -> str
2025-08-18T21:30:31.7011061Z ```
2025-08-18T21:30:31.7011150Z 
2025-08-18T21:30:31.7011216Z Return safe DSN.
2025-08-18T21:30:31.7011316Z 
2025-08-18T21:30:31.7011658Z sync=True → SQLAlchemy (+psycopg) else plain asyncpg.
2025-08-18T21:30:31.7011866Z 
2025-08-18T21:30:31.7011989Z <a id="price_importer.services_common.models_vendor"></a>
2025-08-18T21:30:31.7012191Z 
2025-08-18T21:30:31.7012317Z # price\_importer.services\_common.models\_vendor
2025-08-18T21:30:31.7012508Z 
2025-08-18T21:30:31.7012614Z <a id="price_importer.services_common.db_url"></a>
2025-08-18T21:30:31.7012806Z 
2025-08-18T21:30:31.7012899Z # price\_importer.services\_common.db\_url
2025-08-18T21:30:31.7013071Z 
2025-08-18T21:30:31.7013202Z <a id="price_importer.services_common.db_url.build_url"></a>
2025-08-18T21:30:31.7013421Z 
2025-08-18T21:30:31.7013486Z #### build\_url
2025-08-18T21:30:31.7013585Z 
2025-08-18T21:30:31.7013654Z ```python
2025-08-18T21:30:31.7013825Z def build_url(async_: bool = True) -> str
2025-08-18T21:30:31.7014054Z ```
2025-08-18T21:30:31.7014136Z 
2025-08-18T21:30:31.7014231Z Return Postgres DSN from env or PG_* parts.
2025-08-18T21:30:31.7014409Z 
2025-08-18T21:30:31.7014512Z <a id="price_importer.services_common.keepa"></a>
2025-08-18T21:30:31.7014698Z 
2025-08-18T21:30:31.7014794Z # price\_importer.services\_common.keepa
2025-08-18T21:30:31.7014961Z 
2025-08-18T21:30:31.7015066Z <a id="price_importer.services_common.llm"></a>
2025-08-18T21:30:31.7015374Z 
2025-08-18T21:30:31.7015473Z # price\_importer.services\_common.llm
2025-08-18T21:30:31.7015636Z 
2025-08-18T21:30:31.7015754Z <a id="price_importer.services_common.settings"></a>
2025-08-18T21:30:31.7015987Z 
2025-08-18T21:30:31.7016080Z # price\_importer.services\_common.settings
2025-08-18T21:30:31.7016254Z 
2025-08-18T21:30:31.7016359Z <a id="price_importer.services_common.db"></a>
2025-08-18T21:30:31.7016533Z 
2025-08-18T21:30:31.7016621Z # price\_importer.services\_common.db
2025-08-18T21:30:31.7016780Z 
2025-08-18T21:30:31.7016945Z <a id="price_importer.services_common.db.build_sqlalchemy_url"></a>
2025-08-18T21:30:31.7017181Z 
2025-08-18T21:30:31.7017258Z #### build\_sqlalchemy\_url
2025-08-18T21:30:31.7017396Z 
2025-08-18T21:30:31.7017459Z ```python
2025-08-18T21:30:31.7017640Z def build_sqlalchemy_url() -> str
2025-08-18T21:30:31.7017847Z ```
2025-08-18T21:30:31.7017928Z 
2025-08-18T21:30:31.7018033Z Return Postgres URL for SQLAlchemy engines.
2025-08-18T21:30:31.7018212Z 
2025-08-18T21:30:31.7018356Z <a id="price_importer.services_common.db.build_asyncpg_dsn"></a>
2025-08-18T21:30:31.7018588Z 
2025-08-18T21:30:31.7018660Z #### build\_asyncpg\_dsn
2025-08-18T21:30:31.7018782Z 
2025-08-18T21:30:31.7018843Z ```python
2025-08-18T21:30:31.7019015Z def build_asyncpg_dsn() -> str
2025-08-18T21:30:31.7019214Z ```
2025-08-18T21:30:31.7019291Z 
2025-08-18T21:30:31.7019416Z Return DSN suitable for asyncpg (without driver suffix).
2025-08-18T21:30:31.7019624Z 
2025-08-18T21:30:31.7019752Z <a id="price_importer.services_common.db.refresh_mvs"></a>
2025-08-18T21:30:31.7019956Z 
2025-08-18T21:30:31.7020020Z #### refresh\_mvs
2025-08-18T21:30:31.7020128Z 
2025-08-18T21:30:31.7020188Z ```python
2025-08-18T21:30:31.7020376Z def refresh_mvs(conn: Engine | Connection) -> None
2025-08-18T21:30:31.7020726Z ```
2025-08-18T21:30:31.7020804Z 
2025-08-18T21:30:31.7020941Z Refresh materialized views, using CONCURRENTLY when safe.
2025-08-18T21:30:31.7021154Z 
2025-08-18T21:30:31.7021377Z <a id="price_importer.services_common"></a>
2025-08-18T21:30:31.7021556Z 
2025-08-18T21:30:31.7021642Z # price\_importer.services\_common
2025-08-18T21:30:31.7021797Z 
2025-08-18T21:30:31.7021897Z <a id="price_importer.services_common.base"></a>
2025-08-18T21:30:31.7022085Z 
2025-08-18T21:30:31.7022173Z # price\_importer.services\_common.base
2025-08-18T21:30:31.7022336Z 
2025-08-18T21:30:31.7022430Z <a id="price_importer.normaliser"></a>
2025-08-18T21:30:31.7022592Z 
2025-08-18T21:30:31.7022671Z # price\_importer.normaliser
2025-08-18T21:30:31.7022815Z 
2025-08-18T21:30:31.7022917Z <a id="price_importer.common.models_vendor"></a>
2025-08-18T21:30:31.7023096Z 
2025-08-18T21:30:31.7023185Z # price\_importer.common.models\_vendor
2025-08-18T21:30:31.7023354Z 
2025-08-18T21:30:31.7023442Z <a id="price_importer.common.db_url"></a>
2025-08-18T21:30:31.7023610Z 
2025-08-18T21:30:31.7023699Z # price\_importer.common.db\_url
2025-08-18T21:30:31.7023846Z 
2025-08-18T21:30:31.7023959Z <a id="price_importer.common.db_url.make_dsn"></a>
2025-08-18T21:30:31.7024158Z 
2025-08-18T21:30:31.7024220Z #### make\_dsn
2025-08-18T21:30:31.7024320Z 
2025-08-18T21:30:31.7024381Z ```python
2025-08-18T21:30:31.7024560Z def make_dsn(async_: bool = False) -> str
2025-08-18T21:30:31.7024779Z ```
2025-08-18T21:30:31.7024865Z 
2025-08-18T21:30:31.7024983Z Return DSN built from either PG_* or POSTGRES_* vars.
2025-08-18T21:30:31.7025182Z 
2025-08-18T21:30:31.7025296Z <a id="price_importer.common.db_url.build_url"></a>
2025-08-18T21:30:31.7025483Z 
2025-08-18T21:30:31.7025550Z #### build\_url
2025-08-18T21:30:31.7025654Z 
2025-08-18T21:30:31.7025716Z ```python
2025-08-18T21:30:31.7025885Z def build_url(async_: bool = False) -> str
2025-08-18T21:30:31.7026115Z ```
2025-08-18T21:30:31.7026195Z 
2025-08-18T21:30:31.7026322Z Return Postgres DSN built from environment variables.
2025-08-18T21:30:31.7026519Z 
2025-08-18T21:30:31.7026602Z <a id="price_importer.common"></a>
2025-08-18T21:30:31.7026753Z 
2025-08-18T21:30:31.7026835Z # price\_importer.common
2025-08-18T21:30:31.7027083Z 
2025-08-18T21:30:31.7027171Z <a id="price_importer.common.base"></a>
2025-08-18T21:30:31.7027341Z 
2025-08-18T21:30:31.7027422Z # price\_importer.common.base
2025-08-18T21:30:31.7027561Z 
2025-08-18T21:30:31.7027661Z <a id="price_importer.tests.conftest"></a>
2025-08-18T21:30:31.7027832Z 
2025-08-18T21:30:31.7027917Z # price\_importer.tests.conftest
2025-08-18T21:30:31.7028089Z 
2025-08-18T21:30:31.7028197Z <a id="price_importer.tests.test_reader"></a>
2025-08-18T21:30:31.7028373Z 
2025-08-18T21:30:31.7028461Z # price\_importer.tests.test\_reader
2025-08-18T21:30:31.7028624Z 
2025-08-18T21:30:31.7028724Z <a id="price_importer.tests.test_imports"></a>
2025-08-18T21:30:31.7028900Z 
2025-08-18T21:30:31.7028993Z # price\_importer.tests.test\_imports
2025-08-18T21:30:31.7029150Z 
2025-08-18T21:30:31.7029244Z <a id="price_importer.tests.test_smoke"></a>
2025-08-18T21:30:31.7029418Z 
2025-08-18T21:30:31.7029502Z # price\_importer.tests.test\_smoke
2025-08-18T21:30:31.7029658Z 
2025-08-18T21:30:31.7029778Z <a id="price_importer.tests.test_normaliser"></a>
2025-08-18T21:30:31.7029969Z 
2025-08-18T21:30:31.7030060Z # price\_importer.tests.test\_normaliser
2025-08-18T21:30:31.7030225Z 
2025-08-18T21:30:31.7030313Z <a id="price_importer.tests"></a>
2025-08-18T21:30:31.7030664Z 
2025-08-18T21:30:31.7030759Z # price\_importer.tests
2025-08-18T21:30:31.7030887Z 
2025-08-18T21:30:31.7030976Z <a id="price_importer.reader"></a>
2025-08-18T21:30:31.7031126Z 
2025-08-18T21:30:31.7031202Z # price\_importer.reader
2025-08-18T21:30:31.7031330Z 
2025-08-18T21:30:31.7031415Z <a id="price_importer.repository"></a>
2025-08-18T21:30:31.7031576Z 
2025-08-18T21:30:31.7031659Z # price\_importer.repository
2025-08-18T21:30:31.7031796Z 
2025-08-18T21:30:31.7031876Z <a id="price_importer.import"></a>
2025-08-18T21:30:31.7032021Z 
2025-08-18T21:30:31.7032101Z # price\_importer.import
2025-08-18T21:30:31.7032224Z 
2025-08-18T21:30:31.7032291Z <a id="fees_h10"></a>
2025-08-18T21:30:31.7032408Z 
2025-08-18T21:30:31.7032599Z # fees\_h10
2025-08-18T21:30:31.7032694Z 
2025-08-18T21:30:31.7032775Z <a id="fees_h10.worker"></a>
2025-08-18T21:30:31.7032905Z 
2025-08-18T21:30:31.7032970Z # fees\_h10.worker
2025-08-18T21:30:31.7033073Z 
2025-08-18T21:30:31.7033173Z <a id="fees_h10.worker.list_active_asins"></a>
2025-08-18T21:30:31.7033341Z 
2025-08-18T21:30:31.7033410Z #### list\_active\_asins
2025-08-18T21:30:31.7033534Z 
2025-08-18T21:30:31.7033594Z ```python
2025-08-18T21:30:31.7033762Z def list_active_asins() -> list[str]
2025-08-18T21:30:31.7033973Z ```
2025-08-18T21:30:31.7034050Z 
2025-08-18T21:30:31.7034166Z Return known ASINs or an empty list if unavailable.
2025-08-18T21:30:31.7034359Z 
2025-08-18T21:30:31.7034440Z <a id="fees_h10.tests.test_smoke"></a>
2025-08-18T21:30:31.7034595Z 
2025-08-18T21:30:31.7034678Z # fees\_h10.tests.test\_smoke
2025-08-18T21:30:31.7034813Z 
2025-08-18T21:30:31.7034889Z <a id="fees_h10.tests"></a>
2025-08-18T21:30:31.7035023Z 
2025-08-18T21:30:31.7035089Z # fees\_h10.tests
2025-08-18T21:30:31.7035201Z 
2025-08-18T21:30:31.7035280Z <a id="fees_h10.client"></a>
2025-08-18T21:30:31.7035410Z 
2025-08-18T21:30:31.7035474Z # fees\_h10.client
2025-08-18T21:30:31.7035582Z 
2025-08-18T21:30:31.7035669Z <a id="fees_h10.repository"></a>
2025-08-18T21:30:31.7035809Z 
2025-08-18T21:30:31.7035880Z # fees\_h10.repository
2025-08-18T21:30:31.7036001Z 
2025-08-18T21:30:31.7036072Z <a id="emailer"></a>
2025-08-18T21:30:31.7036181Z 
2025-08-18T21:30:31.7036240Z # emailer
2025-08-18T21:30:31.7036335Z 
2025-08-18T21:30:31.7036435Z <a id="emailer.tests.test_import_emailer"></a>
2025-08-18T21:30:31.7036611Z 
2025-08-18T21:30:31.7036705Z # emailer.tests.test\_import\_emailer
2025-08-18T21:30:31.7036863Z 
2025-08-18T21:30:31.7036946Z <a id="emailer.tests.test_smoke"></a>
2025-08-18T21:30:31.7037107Z 
2025-08-18T21:30:31.7037187Z # emailer.tests.test\_smoke
2025-08-18T21:30:31.7037320Z 
2025-08-18T21:30:31.7037398Z <a id="emailer.tests"></a>
2025-08-18T21:30:31.7037534Z 
2025-08-18T21:30:31.7037600Z # emailer.tests
2025-08-18T21:30:31.7037827Z 
2025-08-18T21:30:31.7037917Z <a id="emailer.generate_body"></a>
2025-08-18T21:30:31.7038067Z 
2025-08-18T21:30:31.7038140Z # emailer.generate\_body
2025-08-18T21:30:31.7038270Z 
2025-08-18T21:30:31.7038341Z <a id="llm_server"></a>
2025-08-18T21:30:31.7038456Z 
2025-08-18T21:30:31.7038518Z # llm\_server
2025-08-18T21:30:31.7038619Z 
2025-08-18T21:30:31.7038696Z <a id="llm_server.app"></a>
2025-08-18T21:30:31.7038823Z 
2025-08-18T21:30:31.7059060Z # llm\_server.app
2025-08-18T21:30:31.7059290Z 
2025-08-18T21:30:31.7428499Z ##[group]Run peaceiris/actions-gh-pages@v3
2025-08-18T21:30:31.7428778Z with:
2025-08-18T21:30:31.7429192Z   github_token: ***
2025-08-18T21:30:31.7429397Z   publish_branch: gh-pages
2025-08-18T21:30:31.7429607Z   publish_dir: docs/api
2025-08-18T21:30:31.7429806Z   allow_empty_commit: false
2025-08-18T21:30:31.7429998Z   keep_files: false
2025-08-18T21:30:31.7430174Z   force_orphan: false
2025-08-18T21:30:31.7430350Z   enable_jekyll: false
2025-08-18T21:30:31.7430804Z   disable_nojekyll: false
2025-08-18T21:30:31.7430997Z   exclude_assets: .github
2025-08-18T21:30:31.7431183Z env:
2025-08-18T21:30:31.7431397Z   pythonLocation: /opt/hostedtoolcache/Python/3.11.13/x64
2025-08-18T21:30:31.7431787Z   PKG_CONFIG_PATH: /opt/hostedtoolcache/Python/3.11.13/x64/lib/pkgconfig
2025-08-18T21:30:31.7432171Z   Python_ROOT_DIR: /opt/hostedtoolcache/Python/3.11.13/x64
2025-08-18T21:30:31.7432499Z   Python2_ROOT_DIR: /opt/hostedtoolcache/Python/3.11.13/x64
2025-08-18T21:30:31.7432859Z   Python3_ROOT_DIR: /opt/hostedtoolcache/Python/3.11.13/x64
2025-08-18T21:30:31.7433188Z   LD_LIBRARY_PATH: /opt/hostedtoolcache/Python/3.11.13/x64/lib
2025-08-18T21:30:31.7433470Z ##[endgroup]
2025-08-18T21:30:31.8036845Z [INFO] Usage https://github.com/peaceiris/actions-gh-pages#readme
2025-08-18T21:30:31.8041742Z ##[group]Dump inputs
2025-08-18T21:30:31.8042080Z [INFO] GithubToken: true
2025-08-18T21:30:31.8042314Z [INFO] PublishBranch: gh-pages
2025-08-18T21:30:31.8042550Z [INFO] PublishDir: docs/api
2025-08-18T21:30:31.8042912Z [INFO] DestinationDir: 
2025-08-18T21:30:31.8043125Z [INFO] ExternalRepository: 
2025-08-18T21:30:31.8043341Z [INFO] AllowEmptyCommit: false
2025-08-18T21:30:31.8043551Z [INFO] KeepFiles: false
2025-08-18T21:30:31.8043746Z [INFO] ForceOrphan: false
2025-08-18T21:30:31.8043937Z [INFO] UserName: 
2025-08-18T21:30:31.8044114Z [INFO] UserEmail: 
2025-08-18T21:30:31.8044292Z [INFO] CommitMessage: 
2025-08-18T21:30:31.8044490Z [INFO] FullCommitMessage: 
2025-08-18T21:30:31.8044704Z [INFO] TagName: 
2025-08-18T21:30:31.8045000Z [INFO] TagMessage: 
2025-08-18T21:30:31.8045249Z [INFO] EnableJekyll (DisableNoJekyll): false
2025-08-18T21:30:31.8045652Z [INFO] CNAME: 
2025-08-18T21:30:31.8045840Z [INFO] ExcludeAssets .github
2025-08-18T21:30:31.8045985Z 
2025-08-18T21:30:31.8046222Z ##[endgroup]
2025-08-18T21:30:31.8046655Z ##[group]Setup auth token
2025-08-18T21:30:31.8046959Z [INFO] setup GITHUB_TOKEN
2025-08-18T21:30:31.8047850Z ##[endgroup]
2025-08-18T21:30:31.8048298Z ##[group]Prepare publishing assets
2025-08-18T21:30:31.8052810Z [INFO] ForceOrphan: false
2025-08-18T21:30:31.8099304Z [command]/usr/bin/git clone --depth=1 --single-branch --branch gh-pages ***github.com/AlexBomber12/AWA-App.git /home/runner/actions_github_pages_1755552631804
2025-08-18T21:30:31.8135216Z Cloning into '/home/runner/actions_github_pages_1755552631804'...
2025-08-18T21:30:31.9619692Z [INFO] clean up /home/runner/actions_github_pages_1755552631804
2025-08-18T21:30:31.9620287Z [INFO] chdir /home/runner/actions_github_pages_1755552631804
2025-08-18T21:30:31.9632610Z [command]/usr/bin/git rm -r --ignore-unmatch *
2025-08-18T21:30:31.9659140Z rm '.gitkeep'
2025-08-18T21:30:31.9659685Z rm '.nojekyll'
2025-08-18T21:30:31.9663505Z [INFO] chdir /home/runner/actions_github_pages_1755552631804
2025-08-18T21:30:31.9664434Z [INFO] prepare publishing assets
2025-08-18T21:30:31.9665943Z [INFO] copy /home/runner/work/AWA-App/AWA-App/docs/api to /home/runner/actions_github_pages_1755552631804
2025-08-18T21:30:31.9696236Z cp: no such file or directory: /home/runner/work/AWA-App/AWA-App/docs/api/*
2025-08-18T21:30:31.9705623Z [INFO] delete excluded assets
2025-08-18T21:30:31.9735493Z rm: no paths given
2025-08-18T21:30:31.9737518Z [INFO] Created /home/runner/actions_github_pages_1755552631804/.nojekyll
2025-08-18T21:30:31.9738911Z ##[endgroup]
2025-08-18T21:30:31.9739510Z ##[group]Setup Git config
2025-08-18T21:30:31.9751834Z [command]/usr/bin/git remote rm origin
2025-08-18T21:30:31.9849941Z [command]/usr/bin/git remote add origin ***github.com/AlexBomber12/AWA-App.git
2025-08-18T21:30:31.9894617Z [command]/usr/bin/git add --all
2025-08-18T21:30:31.9940140Z [command]/usr/bin/git config user.name AlexBomber12
2025-08-18T21:30:31.9981681Z [command]/usr/bin/git config user.email AlexBomber12@users.noreply.github.com
2025-08-18T21:30:32.0009540Z ##[endgroup]
2025-08-18T21:30:32.0010097Z ##[group]Create a commit
2025-08-18T21:30:32.0022792Z [command]/usr/bin/git commit -m deploy: 4f0af0e5fae4424fb9dfe6a082337cf9ce79b94d
2025-08-18T21:30:32.0050643Z On branch gh-pages
2025-08-18T21:30:32.0051041Z nothing to commit, working tree clean
2025-08-18T21:30:32.0055025Z [INFO] skip commit
2025-08-18T21:30:32.0055761Z ##[endgroup]
2025-08-18T21:30:32.0056131Z ##[group]Push the commit or tag
2025-08-18T21:30:32.0068315Z [command]/usr/bin/git push origin gh-pages
2025-08-18T21:30:32.2055009Z Everything up-to-date
2025-08-18T21:30:32.2092027Z ##[endgroup]
2025-08-18T21:30:32.2092463Z [INFO] Action successfully completed
2025-08-18T21:30:32.2206140Z Post job cleanup.
2025-08-18T21:30:32.3790067Z Post job cleanup.
2025-08-18T21:30:32.4718525Z [command]/usr/bin/git version
2025-08-18T21:30:32.4755269Z git version 2.50.1
2025-08-18T21:30:32.4804223Z Temporarily overriding HOME='/home/runner/work/_temp/40597924-5582-41cb-bf5b-3b121f14bc0d' before making global git config changes
2025-08-18T21:30:32.4805525Z Adding repository directory to the temporary git global config as a safe directory
2025-08-18T21:30:32.4810071Z [command]/usr/bin/git config --global --add safe.directory /home/runner/work/AWA-App/AWA-App
2025-08-18T21:30:32.4844269Z [command]/usr/bin/git config --local --name-only --get-regexp core\.sshCommand
2025-08-18T21:30:32.4877227Z [command]/usr/bin/git submodule foreach --recursive sh -c "git config --local --name-only --get-regexp 'core\.sshCommand' && git config --local --unset-all 'core.sshCommand' || :"
2025-08-18T21:30:32.5101442Z [command]/usr/bin/git config --local --name-only --get-regexp http\.https\:\/\/github\.com\/\.extraheader
2025-08-18T21:30:32.5121527Z http.https://github.com/.extraheader
2025-08-18T21:30:32.5134289Z [command]/usr/bin/git config --local --unset-all http.https://github.com/.extraheader
2025-08-18T21:30:32.5164110Z [command]/usr/bin/git submodule foreach --recursive sh -c "git config --local --name-only --get-regexp 'http\.https\:\/\/github\.com\/\.extraheader' && git config --local --unset-all 'http.https://github.com/.extraheader' || :"
2025-08-18T21:30:32.5522647Z Cleaning up orphan processes
