2025-08-16T20:38:57.5394559Z Current runner version: '2.327.1'
2025-08-16T20:38:57.5418641Z ##[group]Runner Image Provisioner
2025-08-16T20:38:57.5419384Z Hosted Compute Agent
2025-08-16T20:38:57.5420012Z Version: 20250812.370
2025-08-16T20:38:57.5420567Z Commit: 4a2b2bf7520004e3e907c2150c8cabe342a3da32
2025-08-16T20:38:57.5421264Z Build Date: 2025-08-12T16:08:14Z
2025-08-16T20:38:57.5421868Z ##[endgroup]
2025-08-16T20:38:57.5422443Z ##[group]Operating System
2025-08-16T20:38:57.5423001Z Ubuntu
2025-08-16T20:38:57.5423474Z 24.04.2
2025-08-16T20:38:57.5423954Z LTS
2025-08-16T20:38:57.5424372Z ##[endgroup]
2025-08-16T20:38:57.5425064Z ##[group]Runner Image
2025-08-16T20:38:57.5425637Z Image: ubuntu-24.04
2025-08-16T20:38:57.5426137Z Version: 20250810.1.0
2025-08-16T20:38:57.5427109Z Included Software: https://github.com/actions/runner-images/blob/ubuntu24/20250810.1/images/ubuntu/Ubuntu2404-Readme.md
2025-08-16T20:38:57.5428749Z Image Release: https://github.com/actions/runner-images/releases/tag/ubuntu24%2F20250810.1
2025-08-16T20:38:57.5429804Z ##[endgroup]
2025-08-16T20:38:57.5432311Z ##[group]GITHUB_TOKEN Permissions
2025-08-16T20:38:57.5434499Z Actions: write
2025-08-16T20:38:57.5435512Z Attestations: write
2025-08-16T20:38:57.5436000Z Checks: write
2025-08-16T20:38:57.5436471Z Contents: write
2025-08-16T20:38:57.5437018Z Deployments: write
2025-08-16T20:38:57.5437519Z Discussions: write
2025-08-16T20:38:57.5438013Z Issues: write
2025-08-16T20:38:57.5438589Z Metadata: read
2025-08-16T20:38:57.5439066Z Models: read
2025-08-16T20:38:57.5439513Z Packages: write
2025-08-16T20:38:57.5440057Z Pages: write
2025-08-16T20:38:57.5440512Z PullRequests: write
2025-08-16T20:38:57.5441094Z RepositoryProjects: write
2025-08-16T20:38:57.5441669Z SecurityEvents: write
2025-08-16T20:38:57.5442310Z Statuses: write
2025-08-16T20:38:57.5442812Z ##[endgroup]
2025-08-16T20:38:57.5445102Z Secret source: Actions
2025-08-16T20:38:57.5446237Z Prepare workflow directory
2025-08-16T20:38:57.5771662Z Prepare all required actions
2025-08-16T20:38:57.5810158Z Getting action download info
2025-08-16T20:38:57.8925625Z Download action repository 'actions/checkout@v4' (SHA:08eba0b27e820071cde6df949e0beb9ba4906955)
2025-08-16T20:38:58.2596915Z Download action repository 'actions/setup-python@v5' (SHA:a26af69be951a213d495a4c3e4e4022e16d87065)
2025-08-16T20:39:03.6522239Z Download action repository 'peaceiris/actions-gh-pages@v3' (SHA:373f7f263a76c20808c831209c920827a82a2847)
2025-08-16T20:39:04.1007517Z Complete job name: publish
2025-08-16T20:39:04.1707266Z ##[group]Run actions/checkout@v4
2025-08-16T20:39:04.1708139Z with:
2025-08-16T20:39:04.1708575Z   repository: AlexBomber12/AWA-App
2025-08-16T20:39:04.1709320Z   token: ***
2025-08-16T20:39:04.1709737Z   ssh-strict: true
2025-08-16T20:39:04.1710163Z   ssh-user: git
2025-08-16T20:39:04.1710605Z   persist-credentials: true
2025-08-16T20:39:04.1711109Z   clean: true
2025-08-16T20:39:04.1711535Z   sparse-checkout-cone-mode: true
2025-08-16T20:39:04.1712060Z   fetch-depth: 1
2025-08-16T20:39:04.1712470Z   fetch-tags: false
2025-08-16T20:39:04.1712933Z   show-progress: true
2025-08-16T20:39:04.1713369Z   lfs: false
2025-08-16T20:39:04.1713771Z   submodules: false
2025-08-16T20:39:04.1714200Z   set-safe-directory: true
2025-08-16T20:39:04.1715058Z ##[endgroup]
2025-08-16T20:39:04.2818154Z Syncing repository: AlexBomber12/AWA-App
2025-08-16T20:39:04.2820332Z ##[group]Getting Git version info
2025-08-16T20:39:04.2821243Z Working directory is '/home/runner/work/AWA-App/AWA-App'
2025-08-16T20:39:04.2822412Z [command]/usr/bin/git version
2025-08-16T20:39:04.2842175Z git version 2.50.1
2025-08-16T20:39:04.2869143Z ##[endgroup]
2025-08-16T20:39:04.2884572Z Temporarily overriding HOME='/home/runner/work/_temp/f0085135-7adf-4cc0-8671-c473a81101d4' before making global git config changes
2025-08-16T20:39:04.2886581Z Adding repository directory to the temporary git global config as a safe directory
2025-08-16T20:39:04.2897912Z [command]/usr/bin/git config --global --add safe.directory /home/runner/work/AWA-App/AWA-App
2025-08-16T20:39:04.2934668Z Deleting the contents of '/home/runner/work/AWA-App/AWA-App'
2025-08-16T20:39:04.2938840Z ##[group]Initializing the repository
2025-08-16T20:39:04.2943406Z [command]/usr/bin/git init /home/runner/work/AWA-App/AWA-App
2025-08-16T20:39:04.2996878Z hint: Using 'master' as the name for the initial branch. This default branch name
2025-08-16T20:39:04.2998841Z hint: is subject to change. To configure the initial branch name to use in all
2025-08-16T20:39:04.3000491Z hint: of your new repositories, which will suppress this warning, call:
2025-08-16T20:39:04.3001302Z hint:
2025-08-16T20:39:04.3001853Z hint: 	git config --global init.defaultBranch <name>
2025-08-16T20:39:04.3002505Z hint:
2025-08-16T20:39:04.3003113Z hint: Names commonly chosen instead of 'master' are 'main', 'trunk' and
2025-08-16T20:39:04.3004148Z hint: 'development'. The just-created branch can be renamed via this command:
2025-08-16T20:39:04.3005455Z hint:
2025-08-16T20:39:04.3006105Z hint: 	git branch -m <name>
2025-08-16T20:39:04.3006620Z hint:
2025-08-16T20:39:04.3007313Z hint: Disable this message with "git config set advice.defaultBranchName false"
2025-08-16T20:39:04.3008718Z Initialized empty Git repository in /home/runner/work/AWA-App/AWA-App/.git/
2025-08-16T20:39:04.3011000Z [command]/usr/bin/git remote add origin https://github.com/AlexBomber12/AWA-App
2025-08-16T20:39:04.3042535Z ##[endgroup]
2025-08-16T20:39:04.3043760Z ##[group]Disabling automatic garbage collection
2025-08-16T20:39:04.3046488Z [command]/usr/bin/git config --local gc.auto 0
2025-08-16T20:39:04.3074303Z ##[endgroup]
2025-08-16T20:39:04.3075877Z ##[group]Setting up auth
2025-08-16T20:39:04.3081007Z [command]/usr/bin/git config --local --name-only --get-regexp core\.sshCommand
2025-08-16T20:39:04.3111005Z [command]/usr/bin/git submodule foreach --recursive sh -c "git config --local --name-only --get-regexp 'core\.sshCommand' && git config --local --unset-all 'core.sshCommand' || :"
2025-08-16T20:39:04.3371167Z [command]/usr/bin/git config --local --name-only --get-regexp http\.https\:\/\/github\.com\/\.extraheader
2025-08-16T20:39:04.3400438Z [command]/usr/bin/git submodule foreach --recursive sh -c "git config --local --name-only --get-regexp 'http\.https\:\/\/github\.com\/\.extraheader' && git config --local --unset-all 'http.https://github.com/.extraheader' || :"
2025-08-16T20:39:04.3624544Z [command]/usr/bin/git config --local http.https://github.com/.extraheader AUTHORIZATION: basic ***
2025-08-16T20:39:04.3660623Z ##[endgroup]
2025-08-16T20:39:04.3661492Z ##[group]Fetching the repository
2025-08-16T20:39:04.3679140Z [command]/usr/bin/git -c protocol.version=2 fetch --no-tags --prune --no-recurse-submodules --depth=1 origin +438eeccd7502ff2910e55bb3cc82031505a57bf2:refs/remotes/origin/main
2025-08-16T20:39:04.6616579Z From https://github.com/AlexBomber12/AWA-App
2025-08-16T20:39:04.6618178Z  * [new ref]         438eeccd7502ff2910e55bb3cc82031505a57bf2 -> origin/main
2025-08-16T20:39:04.6644205Z ##[endgroup]
2025-08-16T20:39:04.6646182Z ##[group]Determining the checkout info
2025-08-16T20:39:04.6648073Z ##[endgroup]
2025-08-16T20:39:04.6651045Z [command]/usr/bin/git sparse-checkout disable
2025-08-16T20:39:04.6689273Z [command]/usr/bin/git config --local --unset-all extensions.worktreeConfig
2025-08-16T20:39:04.6717060Z ##[group]Checking out the ref
2025-08-16T20:39:04.6720411Z [command]/usr/bin/git checkout --progress --force -B main refs/remotes/origin/main
2025-08-16T20:39:04.6951154Z Switched to a new branch 'main'
2025-08-16T20:39:04.6954205Z branch 'main' set up to track 'origin/main'.
2025-08-16T20:39:04.6960858Z ##[endgroup]
2025-08-16T20:39:04.6992437Z [command]/usr/bin/git log -1 --format=%H
2025-08-16T20:39:04.7013418Z 438eeccd7502ff2910e55bb3cc82031505a57bf2
2025-08-16T20:39:04.7307216Z ##[group]Run actions/setup-python@v5
2025-08-16T20:39:04.7308259Z with:
2025-08-16T20:39:04.7308953Z   python-version: 3.11
2025-08-16T20:39:04.7309785Z   check-latest: false
2025-08-16T20:39:04.7310898Z   token: ***
2025-08-16T20:39:04.7311643Z   update-environment: true
2025-08-16T20:39:04.7312805Z   allow-prereleases: false
2025-08-16T20:39:04.7313696Z   freethreaded: false
2025-08-16T20:39:04.7314479Z ##[endgroup]
2025-08-16T20:39:04.9037022Z ##[group]Installed versions
2025-08-16T20:39:04.9117299Z Successfully set up CPython (3.11.13)
2025-08-16T20:39:04.9119999Z ##[endgroup]
2025-08-16T20:39:04.9268649Z ##[group]Run pip install pydoc-markdown
2025-08-16T20:39:04.9269883Z [36;1mpip install pydoc-markdown[0m
2025-08-16T20:39:04.9349708Z shell: /usr/bin/bash -e {0}
2025-08-16T20:39:04.9350674Z env:
2025-08-16T20:39:04.9351598Z   pythonLocation: /opt/hostedtoolcache/Python/3.11.13/x64
2025-08-16T20:39:04.9353312Z   PKG_CONFIG_PATH: /opt/hostedtoolcache/Python/3.11.13/x64/lib/pkgconfig
2025-08-16T20:39:04.9355147Z   Python_ROOT_DIR: /opt/hostedtoolcache/Python/3.11.13/x64
2025-08-16T20:39:04.9356604Z   Python2_ROOT_DIR: /opt/hostedtoolcache/Python/3.11.13/x64
2025-08-16T20:39:04.9358173Z   Python3_ROOT_DIR: /opt/hostedtoolcache/Python/3.11.13/x64
2025-08-16T20:39:04.9359641Z   LD_LIBRARY_PATH: /opt/hostedtoolcache/Python/3.11.13/x64/lib
2025-08-16T20:39:04.9360908Z ##[endgroup]
2025-08-16T20:39:05.5548801Z Collecting pydoc-markdown
2025-08-16T20:39:05.5933060Z   Downloading pydoc_markdown-4.8.2-py3-none-any.whl.metadata (5.9 kB)
2025-08-16T20:39:05.6396887Z Collecting PyYAML<7.0,>=5.0 (from pydoc-markdown)
2025-08-16T20:39:05.6445402Z   Downloading PyYAML-6.0.2-cp311-cp311-manylinux_2_17_x86_64.manylinux2014_x86_64.whl.metadata (2.1 kB)
2025-08-16T20:39:05.6653954Z Collecting click<9.0,>=7.1 (from pydoc-markdown)
2025-08-16T20:39:05.6695756Z   Downloading click-8.2.1-py3-none-any.whl.metadata (2.5 kB)
2025-08-16T20:39:05.6972891Z Collecting databind.core<5.0.0,>=4.4.0 (from pydoc-markdown)
2025-08-16T20:39:05.7059975Z   Downloading databind.core-4.5.2-py3-none-any.whl.metadata (1.1 kB)
2025-08-16T20:39:05.7415677Z Collecting databind.json<5.0.0,>=4.4.0 (from pydoc-markdown)
2025-08-16T20:39:05.7463840Z   Downloading databind.json-4.5.2-py3-none-any.whl.metadata (1.1 kB)
2025-08-16T20:39:05.7625739Z Collecting docspec<3.0.0,>=2.2.1 (from pydoc-markdown)
2025-08-16T20:39:05.7681447Z   Downloading docspec-2.2.2-py3-none-any.whl.metadata (1.0 kB)
2025-08-16T20:39:05.7836869Z Collecting docspec-python<3.0.0,>=2.2.1 (from pydoc-markdown)
2025-08-16T20:39:05.7947977Z   Downloading docspec_python-2.2.2-py3-none-any.whl.metadata (1.0 kB)
2025-08-16T20:39:05.8070579Z Collecting docstring-parser<0.12,>=0.11 (from pydoc-markdown)
2025-08-16T20:39:05.8123496Z   Downloading docstring_parser-0.11.tar.gz (22 kB)
2025-08-16T20:39:05.8260920Z   Installing build dependencies: started
2025-08-16T20:39:06.5904438Z   Installing build dependencies: finished with status 'done'
2025-08-16T20:39:06.5910312Z   Getting requirements to build wheel: started
2025-08-16T20:39:06.9600551Z   Getting requirements to build wheel: finished with status 'done'
2025-08-16T20:39:06.9608317Z   Preparing metadata (pyproject.toml): started
2025-08-16T20:39:07.1381217Z   Preparing metadata (pyproject.toml): finished with status 'done'
2025-08-16T20:39:07.1543147Z Collecting jinja2<4.0.0,>=3.0.0 (from pydoc-markdown)
2025-08-16T20:39:07.1586008Z   Downloading jinja2-3.1.6-py3-none-any.whl.metadata (2.9 kB)
2025-08-16T20:39:07.1828510Z Collecting nr.util<1.0.0,>=0.7.5 (from pydoc-markdown)
2025-08-16T20:39:07.1889277Z   Downloading nr.util-0.8.12-py3-none-any.whl.metadata (813 bytes)
2025-08-16T20:39:07.2182923Z Collecting requests<3.0.0,>=2.23.0 (from pydoc-markdown)
2025-08-16T20:39:07.2246189Z   Downloading requests-2.32.4-py3-none-any.whl.metadata (4.9 kB)
2025-08-16T20:39:07.2437100Z Collecting tomli<3.0.0,>=2.0.0 (from pydoc-markdown)
2025-08-16T20:39:07.2486518Z   Downloading tomli-2.2.1-cp311-cp311-manylinux_2_17_x86_64.manylinux2014_x86_64.whl.metadata (11 kB)
2025-08-16T20:39:07.2618746Z Collecting tomli_w<2.0.0,>=1.0.0 (from pydoc-markdown)
2025-08-16T20:39:07.2671980Z   Downloading tomli_w-1.2.0-py3-none-any.whl.metadata (5.7 kB)
2025-08-16T20:39:07.3146739Z Collecting watchdog (from pydoc-markdown)
2025-08-16T20:39:07.3210115Z   Downloading watchdog-6.0.0-py3-none-manylinux2014_x86_64.whl.metadata (44 kB)
2025-08-16T20:39:07.3469317Z Collecting yapf>=0.30.0 (from pydoc-markdown)
2025-08-16T20:39:07.3534613Z   Downloading yapf-0.43.0-py3-none-any.whl.metadata (46 kB)
2025-08-16T20:39:07.3803250Z Collecting databind<5.0.0,>=4.5.2 (from databind.core<5.0.0,>=4.4.0->pydoc-markdown)
2025-08-16T20:39:07.3853315Z   Downloading databind-4.5.2-py3-none-any.whl.metadata (4.3 kB)
2025-08-16T20:39:07.4017453Z Collecting Deprecated<2.0.0,>=1.2.12 (from databind<5.0.0,>=4.5.2->databind.core<5.0.0,>=4.4.0->pydoc-markdown)
2025-08-16T20:39:07.4060912Z   Downloading Deprecated-1.2.18-py2.py3-none-any.whl.metadata (5.7 kB)
2025-08-16T20:39:07.4195089Z Collecting nr-date<3.0.0,>=2.0.0 (from databind<5.0.0,>=4.5.2->databind.core<5.0.0,>=4.4.0->pydoc-markdown)
2025-08-16T20:39:07.4246796Z   Downloading nr_date-2.1.0-py3-none-any.whl.metadata (746 bytes)
2025-08-16T20:39:07.4389238Z Collecting nr-stream<2.0.0,>=1.0.0 (from databind<5.0.0,>=4.5.2->databind.core<5.0.0,>=4.4.0->pydoc-markdown)
2025-08-16T20:39:07.4441428Z   Downloading nr_stream-1.1.5-py3-none-any.whl.metadata (3.6 kB)
2025-08-16T20:39:07.4619623Z Collecting typeapi<3,>=2.0.1 (from databind<5.0.0,>=4.5.2->databind.core<5.0.0,>=4.4.0->pydoc-markdown)
2025-08-16T20:39:07.4666277Z   Downloading typeapi-2.2.4-py3-none-any.whl.metadata (1.5 kB)
2025-08-16T20:39:07.4856909Z Collecting typing-extensions<5,>=3.10.0 (from databind<5.0.0,>=4.5.2->databind.core<5.0.0,>=4.4.0->pydoc-markdown)
2025-08-16T20:39:07.4892498Z   Downloading typing_extensions-4.14.1-py3-none-any.whl.metadata (3.0 kB)
2025-08-16T20:39:07.5844595Z Collecting wrapt<2,>=1.10 (from Deprecated<2.0.0,>=1.2.12->databind<5.0.0,>=4.5.2->databind.core<5.0.0,>=4.4.0->pydoc-markdown)
2025-08-16T20:39:07.5887748Z   Downloading wrapt-1.17.3-cp311-cp311-manylinux1_x86_64.manylinux_2_28_x86_64.manylinux_2_5_x86_64.whl.metadata (6.4 kB)
2025-08-16T20:39:07.6540979Z Collecting black>=24.8.0 (from docspec-python<3.0.0,>=2.2.1->pydoc-markdown)
2025-08-16T20:39:07.6625886Z   Downloading black-25.1.0-cp311-cp311-manylinux_2_17_x86_64.manylinux2014_x86_64.manylinux_2_28_x86_64.whl.metadata (81 kB)
2025-08-16T20:39:07.6731905Z Collecting docspec<3.0.0,>=2.2.1 (from pydoc-markdown)
2025-08-16T20:39:07.6785619Z   Downloading docspec-2.2.1-py3-none-any.whl.metadata (1.5 kB)
2025-08-16T20:39:07.7346472Z Collecting MarkupSafe>=2.0 (from jinja2<4.0.0,>=3.0.0->pydoc-markdown)
2025-08-16T20:39:07.7385408Z   Downloading MarkupSafe-3.0.2-cp311-cp311-manylinux_2_17_x86_64.manylinux2014_x86_64.whl.metadata (4.0 kB)
2025-08-16T20:39:07.8309257Z Collecting charset_normalizer<4,>=2 (from requests<3.0.0,>=2.23.0->pydoc-markdown)
2025-08-16T20:39:07.8363209Z   Downloading charset_normalizer-3.4.3-cp311-cp311-manylinux2014_x86_64.manylinux_2_17_x86_64.manylinux_2_28_x86_64.whl.metadata (36 kB)
2025-08-16T20:39:07.8552592Z Collecting idna<4,>=2.5 (from requests<3.0.0,>=2.23.0->pydoc-markdown)
2025-08-16T20:39:07.8592116Z   Downloading idna-3.10-py3-none-any.whl.metadata (10 kB)
2025-08-16T20:39:07.8875690Z Collecting urllib3<3,>=1.21.1 (from requests<3.0.0,>=2.23.0->pydoc-markdown)
2025-08-16T20:39:07.8911025Z   Downloading urllib3-2.5.0-py3-none-any.whl.metadata (6.5 kB)
2025-08-16T20:39:07.9209607Z Collecting certifi>=2017.4.17 (from requests<3.0.0,>=2.23.0->pydoc-markdown)
2025-08-16T20:39:07.9259596Z   Downloading certifi-2025.8.3-py3-none-any.whl.metadata (2.4 kB)
2025-08-16T20:39:07.9518130Z Collecting mypy-extensions>=0.4.3 (from black>=24.8.0->docspec-python<3.0.0,>=2.2.1->pydoc-markdown)
2025-08-16T20:39:07.9557381Z   Downloading mypy_extensions-1.1.0-py3-none-any.whl.metadata (1.1 kB)
2025-08-16T20:39:07.9724133Z Collecting packaging>=22.0 (from black>=24.8.0->docspec-python<3.0.0,>=2.2.1->pydoc-markdown)
2025-08-16T20:39:07.9763189Z   Downloading packaging-25.0-py3-none-any.whl.metadata (3.3 kB)
2025-08-16T20:39:07.9907491Z Collecting pathspec>=0.9.0 (from black>=24.8.0->docspec-python<3.0.0,>=2.2.1->pydoc-markdown)
2025-08-16T20:39:08.0049385Z   Downloading pathspec-0.12.1-py3-none-any.whl.metadata (21 kB)
2025-08-16T20:39:08.0254657Z Collecting platformdirs>=2 (from black>=24.8.0->docspec-python<3.0.0,>=2.2.1->pydoc-markdown)
2025-08-16T20:39:08.0292064Z   Downloading platformdirs-4.3.8-py3-none-any.whl.metadata (12 kB)
2025-08-16T20:39:08.0539920Z Downloading pydoc_markdown-4.8.2-py3-none-any.whl (67 kB)
2025-08-16T20:39:08.0597958Z Downloading click-8.2.1-py3-none-any.whl (102 kB)
2025-08-16T20:39:08.0680525Z Downloading databind.core-4.5.2-py3-none-any.whl (1.5 kB)
2025-08-16T20:39:08.0748511Z Downloading databind-4.5.2-py3-none-any.whl (49 kB)
2025-08-16T20:39:08.0815568Z Downloading databind.json-4.5.2-py3-none-any.whl (1.5 kB)
2025-08-16T20:39:08.0880042Z Downloading Deprecated-1.2.18-py2.py3-none-any.whl (10.0 kB)
2025-08-16T20:39:08.0953889Z Downloading docspec_python-2.2.2-py3-none-any.whl (15 kB)
2025-08-16T20:39:08.1029193Z Downloading docspec-2.2.1-py3-none-any.whl (9.8 kB)
2025-08-16T20:39:08.1092343Z Downloading jinja2-3.1.6-py3-none-any.whl (134 kB)
2025-08-16T20:39:08.1186497Z Downloading nr_date-2.1.0-py3-none-any.whl (10 kB)
2025-08-16T20:39:08.1260748Z Downloading nr_stream-1.1.5-py3-none-any.whl (10 kB)
2025-08-16T20:39:08.1331311Z Downloading nr.util-0.8.12-py3-none-any.whl (90 kB)
2025-08-16T20:39:08.1400919Z Downloading PyYAML-6.0.2-cp311-cp311-manylinux_2_17_x86_64.manylinux2014_x86_64.whl (762 kB)
2025-08-16T20:39:08.1495203Z    ━━━━━━━━━━━━━━━━━━━━━━━━━━━━━━━━━━━━━━━━ 763.0/763.0 kB 79.7 MB/s  0:00:00
2025-08-16T20:39:08.1540509Z Downloading requests-2.32.4-py3-none-any.whl (64 kB)
2025-08-16T20:39:08.1621360Z Downloading charset_normalizer-3.4.3-cp311-cp311-manylinux2014_x86_64.manylinux_2_17_x86_64.manylinux_2_28_x86_64.whl (150 kB)
2025-08-16T20:39:08.1691817Z Downloading idna-3.10-py3-none-any.whl (70 kB)
2025-08-16T20:39:08.1754715Z Downloading tomli-2.2.1-cp311-cp311-manylinux_2_17_x86_64.manylinux2014_x86_64.whl (236 kB)
2025-08-16T20:39:08.1825898Z Downloading tomli_w-1.2.0-py3-none-any.whl (6.7 kB)
2025-08-16T20:39:08.1900971Z Downloading typeapi-2.2.4-py3-none-any.whl (26 kB)
2025-08-16T20:39:08.1961182Z Downloading typing_extensions-4.14.1-py3-none-any.whl (43 kB)
2025-08-16T20:39:08.2020455Z Downloading urllib3-2.5.0-py3-none-any.whl (129 kB)
2025-08-16T20:39:08.2100220Z Downloading wrapt-1.17.3-cp311-cp311-manylinux1_x86_64.manylinux_2_28_x86_64.manylinux_2_5_x86_64.whl (82 kB)
2025-08-16T20:39:08.2161634Z Downloading black-25.1.0-cp311-cp311-manylinux_2_17_x86_64.manylinux2014_x86_64.manylinux_2_28_x86_64.whl (1.7 MB)
2025-08-16T20:39:08.2267269Z    ━━━━━━━━━━━━━━━━━━━━━━━━━━━━━━━━━━━━━━━━ 1.7/1.7 MB 180.8 MB/s  0:00:00
2025-08-16T20:39:08.2303118Z Downloading certifi-2025.8.3-py3-none-any.whl (161 kB)
2025-08-16T20:39:08.2365272Z Downloading MarkupSafe-3.0.2-cp311-cp311-manylinux_2_17_x86_64.manylinux2014_x86_64.whl (23 kB)
2025-08-16T20:39:08.2424609Z Downloading mypy_extensions-1.1.0-py3-none-any.whl (5.0 kB)
2025-08-16T20:39:08.2487084Z Downloading packaging-25.0-py3-none-any.whl (66 kB)
2025-08-16T20:39:08.2548106Z Downloading pathspec-0.12.1-py3-none-any.whl (31 kB)
2025-08-16T20:39:08.2609661Z Downloading platformdirs-4.3.8-py3-none-any.whl (18 kB)
2025-08-16T20:39:08.2685765Z Downloading yapf-0.43.0-py3-none-any.whl (256 kB)
2025-08-16T20:39:08.2751403Z Downloading watchdog-6.0.0-py3-none-manylinux2014_x86_64.whl (79 kB)
2025-08-16T20:39:08.3016519Z Building wheels for collected packages: docstring-parser
2025-08-16T20:39:08.3024463Z   Building wheel for docstring-parser (pyproject.toml): started
2025-08-16T20:39:08.5143767Z   Building wheel for docstring-parser (pyproject.toml): finished with status 'done'
2025-08-16T20:39:08.5150532Z   Created wheel for docstring-parser: filename=docstring_parser-0.11-py3-none-any.whl size=31551 sha256=7d0c8ef8a5abee4b1def00f80c940388a47c51de11c3de12d817e84e47bf2d60
2025-08-16T20:39:08.5152043Z   Stored in directory: /home/runner/.cache/pip/wheels/0f/f9/78/1186f8bf3425dbd3fb3fa32beee828876c792f49eb2554e888
2025-08-16T20:39:08.5168835Z Successfully built docstring-parser
2025-08-16T20:39:08.5630004Z Installing collected packages: wrapt, watchdog, urllib3, typing-extensions, tomli_w, tomli, PyYAML, platformdirs, pathspec, packaging, nr-stream, nr-date, mypy-extensions, MarkupSafe, idna, docstring-parser, click, charset_normalizer, certifi, yapf, typeapi, requests, jinja2, Deprecated, black, nr.util, databind, databind.json, databind.core, docspec, docspec-python, pydoc-markdown
2025-08-16T20:39:09.6847799Z 
2025-08-16T20:39:09.6870696Z Successfully installed Deprecated-1.2.18 MarkupSafe-3.0.2 PyYAML-6.0.2 black-25.1.0 certifi-2025.8.3 charset_normalizer-3.4.3 click-8.2.1 databind-4.5.2 databind.core-4.5.2 databind.json-4.5.2 docspec-2.2.1 docspec-python-2.2.2 docstring-parser-0.11 idna-3.10 jinja2-3.1.6 mypy-extensions-1.1.0 nr-date-2.1.0 nr-stream-1.1.5 nr.util-0.8.12 packaging-25.0 pathspec-0.12.1 platformdirs-4.3.8 pydoc-markdown-4.8.2 requests-2.32.4 tomli-2.2.1 tomli_w-1.2.0 typeapi-2.2.4 typing-extensions-4.14.1 urllib3-2.5.0 watchdog-6.0.0 wrapt-1.17.3 yapf-0.43.0
2025-08-16T20:39:09.8691796Z ##[group]Run pydoc-markdown
2025-08-16T20:39:09.8692105Z [36;1mpydoc-markdown[0m
2025-08-16T20:39:09.8733066Z shell: /usr/bin/bash -e {0}
2025-08-16T20:39:09.8733311Z env:
2025-08-16T20:39:09.8733556Z   pythonLocation: /opt/hostedtoolcache/Python/3.11.13/x64
2025-08-16T20:39:09.8733963Z   PKG_CONFIG_PATH: /opt/hostedtoolcache/Python/3.11.13/x64/lib/pkgconfig
2025-08-16T20:39:09.8734342Z   Python_ROOT_DIR: /opt/hostedtoolcache/Python/3.11.13/x64
2025-08-16T20:39:09.8734686Z   Python2_ROOT_DIR: /opt/hostedtoolcache/Python/3.11.13/x64
2025-08-16T20:39:09.8735260Z   Python3_ROOT_DIR: /opt/hostedtoolcache/Python/3.11.13/x64
2025-08-16T20:39:09.8735610Z   LD_LIBRARY_PATH: /opt/hostedtoolcache/Python/3.11.13/x64/lib
2025-08-16T20:39:09.8735900Z ##[endgroup]
2025-08-16T20:39:10.2641031Z [WARNING - pydoc_markdown.main]: Unknown configuration options:
2025-08-16T20:39:10.2641962Z Unknown key(s) "{'output_directory'}" at:
2025-08-16T20:39:10.2642360Z In "pydoc-markdown.yml"
2025-08-16T20:39:10.2642785Z   $: TypeHint(pydoc_markdown.PydocMarkdown)
2025-08-16T20:39:10.2643279Z   .renderer: TypeHint(pydoc_markdown.interfaces.Renderer)
2025-08-16T20:39:10.2643902Z   ^: TypeHint(pydoc_markdown.contrib.renderers.markdown.MarkdownRenderer)
2025-08-16T20:39:10.2644325Z 
2025-08-16T20:39:10.4705608Z <a id="__init__"></a>
2025-08-16T20:39:10.4706099Z 
2025-08-16T20:39:10.4706242Z # \_\_init\_\_
2025-08-16T20:39:10.4706496Z 
2025-08-16T20:39:10.4706648Z <a id="api"></a>
2025-08-16T20:39:10.4706879Z 
2025-08-16T20:39:10.4706973Z # api
2025-08-16T20:39:10.4707096Z 
2025-08-16T20:39:10.4707216Z <a id="api.tests.test_llm"></a>
2025-08-16T20:39:10.4707431Z 
2025-08-16T20:39:10.4707540Z # api.tests.test\_llm
2025-08-16T20:39:10.4707709Z 
2025-08-16T20:39:10.4707836Z <a id="api.tests.test_imports"></a>
2025-08-16T20:39:10.4708060Z 
2025-08-16T20:39:10.4708168Z # api.tests.test\_imports
2025-08-16T20:39:10.4708351Z 
2025-08-16T20:39:10.4708480Z <a id="api.tests.test_entrypoint"></a>
2025-08-16T20:39:10.4708709Z 
2025-08-16T20:39:10.4708849Z # api.tests.test\_entrypoint
2025-08-16T20:39:10.4709059Z 
2025-08-16T20:39:10.4709172Z <a id="api.tests.test_health"></a>
2025-08-16T20:39:10.4709380Z 
2025-08-16T20:39:10.4709483Z # api.tests.test\_health
2025-08-16T20:39:10.4709660Z 
2025-08-16T20:39:10.4709773Z <a id="api.migrations.env"></a>
2025-08-16T20:39:10.4709969Z 
2025-08-16T20:39:10.4710075Z # api.migrations.env
2025-08-16T20:39:10.4710233Z 
2025-08-16T20:39:10.4710397Z <a id="api.migrations.versions.0022_fix_roi_view"></a>
2025-08-16T20:39:10.4710684Z 
2025-08-16T20:39:10.4710827Z # api.migrations.versions.0022\_fix\_roi\_view
2025-08-16T20:39:10.4711079Z 
2025-08-16T20:39:10.4711224Z <a id="api.migrations.versions.0004_fee_cron"></a>
2025-08-16T20:39:10.4711495Z 
2025-08-16T20:39:10.4711623Z # api.migrations.versions.0004\_fee\_cron
2025-08-16T20:39:10.4711856Z 
2025-08-16T20:39:10.4712091Z <a id="api.migrations.versions.3e9d5c5aff2c_rename_fulf_fee"></a>
2025-08-16T20:39:10.4712422Z 
2025-08-16T20:39:10.4712610Z # api.migrations.versions.3e9d5c5aff2c\_rename\_fulf\_fee
2025-08-16T20:39:10.4713230Z 
2025-08-16T20:39:10.4713396Z <a id="api.migrations.versions.0003_vendor_prices"></a>
2025-08-16T20:39:10.4713673Z 
2025-08-16T20:39:10.4713821Z # api.migrations.versions.0003\_vendor\_prices
2025-08-16T20:39:10.4714074Z 
2025-08-16T20:39:10.4714231Z <a id="api.migrations.versions.0024_create_buybox"></a>
2025-08-16T20:39:10.4714502Z 
2025-08-16T20:39:10.4714646Z # api.migrations.versions.0024\_create\_buybox
2025-08-16T20:39:10.4715108Z 
2025-08-16T20:39:10.4715284Z <a id="api.migrations.versions.0002_create_roi_view"></a>
2025-08-16T20:39:10.4715602Z 
2025-08-16T20:39:10.4715760Z # api.migrations.versions.0002\_create\_roi\_view
2025-08-16T20:39:10.4716049Z 
2025-08-16T20:39:10.4716198Z <a id="api.migrations.versions.0006_fix_roi_views"></a>
2025-08-16T20:39:10.4716433Z 
2025-08-16T20:39:10.4716559Z # api.migrations.versions.0006\_fix\_roi\_views
2025-08-16T20:39:10.4716788Z 
2025-08-16T20:39:10.4717150Z <a id="api.migrations.versions.0020_unified_schema"></a>
2025-08-16T20:39:10.4717405Z 
2025-08-16T20:39:10.4717529Z # api.migrations.versions.0020\_unified\_schema
2025-08-16T20:39:10.4717757Z 
2025-08-16T20:39:10.4717901Z <a id="api.migrations.versions.0023_add_storage_fee"></a>
2025-08-16T20:39:10.4718143Z 
2025-08-16T20:39:10.4718278Z # api.migrations.versions.0023\_add\_storage\_fee
2025-08-16T20:39:10.4718507Z 
2025-08-16T20:39:10.4718634Z <a id="api.migrations.versions.0001_baseline"></a>
2025-08-16T20:39:10.4718868Z 
2025-08-16T20:39:10.4718979Z # api.migrations.versions.0001\_baseline
2025-08-16T20:39:10.4719181Z 
2025-08-16T20:39:10.4719285Z <a id="api.migrations.versions"></a>
2025-08-16T20:39:10.4719484Z 
2025-08-16T20:39:10.4719580Z # api.migrations.versions
2025-08-16T20:39:10.4719734Z 
2025-08-16T20:39:10.4719831Z <a id="api.migrations"></a>
2025-08-16T20:39:10.4719992Z 
2025-08-16T20:39:10.4720075Z # api.migrations
2025-08-16T20:39:10.4720204Z 
2025-08-16T20:39:10.4720288Z <a id="api.db"></a>
2025-08-16T20:39:10.4720420Z 
2025-08-16T20:39:10.4720500Z # api.db
2025-08-16T20:39:10.4720610Z 
2025-08-16T20:39:10.4720704Z <a id="api.routes.stats"></a>
2025-08-16T20:39:10.4720870Z 
2025-08-16T20:39:10.4720959Z # api.routes.stats
2025-08-16T20:39:10.4721086Z 
2025-08-16T20:39:10.4721187Z <a id="api.routes.stats.kpi"></a>
2025-08-16T20:39:10.4721368Z 
2025-08-16T20:39:10.4721450Z #### kpi
2025-08-16T20:39:10.4721553Z 
2025-08-16T20:39:10.4721630Z ```python
2025-08-16T20:39:10.4721855Z @router.get("/stats/kpi")
2025-08-16T20:39:10.4722144Z def kpi() -> List[Dict[str, int]]
2025-08-16T20:39:10.4722397Z ```
2025-08-16T20:39:10.4722495Z 
2025-08-16T20:39:10.4722596Z Return KPI metrics (mock).
2025-08-16T20:39:10.4722751Z 
2025-08-16T20:39:10.4722867Z <a id="api.routes.stats.roi_by_vendor"></a>
2025-08-16T20:39:10.4723087Z 
2025-08-16T20:39:10.4723174Z #### roi\_by\_vendor
2025-08-16T20:39:10.4723307Z 
2025-08-16T20:39:10.4723383Z ```python
2025-08-16T20:39:10.4723593Z @router.get("/stats/roi_by_vendor")
2025-08-16T20:39:10.4723893Z def roi_by_vendor() -> List[Dict[str, int]]
2025-08-16T20:39:10.4724175Z ```
2025-08-16T20:39:10.4724272Z 
2025-08-16T20:39:10.4724373Z Return ROI percent by vendor.
2025-08-16T20:39:10.4724540Z 
2025-08-16T20:39:10.4724647Z <a id="api.routes.stats.roi_trend"></a>
2025-08-16T20:39:10.4724965Z 
2025-08-16T20:39:10.4725049Z #### roi\_trend
2025-08-16T20:39:10.4725169Z 
2025-08-16T20:39:10.4725243Z ```python
2025-08-16T20:39:10.4725453Z @router.get("/stats/roi_trend")
2025-08-16T20:39:10.4725736Z def roi_trend() -> List[Dict[str, int | str]]
2025-08-16T20:39:10.4726020Z ```
2025-08-16T20:39:10.4726116Z 
2025-08-16T20:39:10.4726210Z Return 30-day ROI trend.
2025-08-16T20:39:10.4726359Z 
2025-08-16T20:39:10.4726452Z <a id="api.routes.roi"></a>
2025-08-16T20:39:10.4726603Z 
2025-08-16T20:39:10.4726677Z # api.routes.roi
2025-08-16T20:39:10.4726808Z 
2025-08-16T20:39:10.4726899Z <a id="api.routes.health"></a>
2025-08-16T20:39:10.4727144Z 
2025-08-16T20:39:10.4727217Z # api.routes.health
2025-08-16T20:39:10.4727337Z 
2025-08-16T20:39:10.4727436Z <a id="api.routes.health.MAX_SKEW"></a>
2025-08-16T20:39:10.4727739Z 
2025-08-16T20:39:10.4727805Z #### MAX\_SKEW
2025-08-16T20:39:10.4727911Z 
2025-08-16T20:39:10.4727975Z seconds
2025-08-16T20:39:10.4728061Z 
2025-08-16T20:39:10.4728157Z <a id="api.routes.health.health"></a>
2025-08-16T20:39:10.4728319Z 
2025-08-16T20:39:10.4728382Z #### health
2025-08-16T20:39:10.4728471Z 
2025-08-16T20:39:10.4728542Z ```python
2025-08-16T20:39:10.4728730Z @router.get("/health", include_in_schema=False)
2025-08-16T20:39:10.4729120Z async def health(session: AsyncSession = Depends(get_session)) -> JSONResponse
2025-08-16T20:39:10.4729470Z ```
2025-08-16T20:39:10.4729561Z 
2025-08-16T20:39:10.4729676Z Return 200 when DB reachable and clocks are in sync.
2025-08-16T20:39:10.4729873Z 
2025-08-16T20:39:10.4729967Z <a id="api.routes.repository"></a>
2025-08-16T20:39:10.4730124Z 
2025-08-16T20:39:10.4730202Z # api.routes.repository
2025-08-16T20:39:10.4730330Z 
2025-08-16T20:39:10.4730613Z <a id="api.routes"></a>
2025-08-16T20:39:10.4730752Z 
2025-08-16T20:39:10.4730817Z # api.routes
2025-08-16T20:39:10.4730922Z 
2025-08-16T20:39:10.4731000Z <a id="api.models.fee"></a>
2025-08-16T20:39:10.4731133Z 
2025-08-16T20:39:10.4731208Z # api.models.fee
2025-08-16T20:39:10.4731311Z 
2025-08-16T20:39:10.4731384Z <a id="api.models"></a>
2025-08-16T20:39:10.4731503Z 
2025-08-16T20:39:10.4731573Z # api.models
2025-08-16T20:39:10.4731666Z 
2025-08-16T20:39:10.4731747Z <a id="api.roi_repository"></a>
2025-08-16T20:39:10.4731892Z 
2025-08-16T20:39:10.4731965Z # api.roi\_repository
2025-08-16T20:39:10.4732081Z 
2025-08-16T20:39:10.4732151Z <a id="api.main"></a>
2025-08-16T20:39:10.4732267Z 
2025-08-16T20:39:10.4732330Z # api.main
2025-08-16T20:39:10.4732421Z 
2025-08-16T20:39:10.4732502Z <a id="api.main.ready"></a>
2025-08-16T20:39:10.4732633Z 
2025-08-16T20:39:10.4732694Z #### ready
2025-08-16T20:39:10.4732787Z 
2025-08-16T20:39:10.4732849Z ```python
2025-08-16T20:39:10.4733110Z @app.get("/ready", status_code=status.HTTP_200_OK, include_in_schema=False)
2025-08-16T20:39:10.4733545Z async def ready(session: AsyncSession = Depends(get_session)) -> dict[str,
2025-08-16T20:39:10.4733896Z                                                                       str]
2025-08-16T20:39:10.4734129Z ```
2025-08-16T20:39:10.4734211Z 
2025-08-16T20:39:10.4734316Z Return 200 only when migrations are at head.
2025-08-16T20:39:10.4734490Z 
2025-08-16T20:39:10.4734564Z <a id="api.config"></a>
2025-08-16T20:39:10.4734689Z 
2025-08-16T20:39:10.4734752Z # api.config
2025-08-16T20:39:10.4734969Z 
2025-08-16T20:39:10.4735035Z <a id="etl"></a>
2025-08-16T20:39:10.4735144Z 
2025-08-16T20:39:10.4735204Z # etl
2025-08-16T20:39:10.4735291Z 
2025-08-16T20:39:10.4735377Z <a id="etl.fba_fee_ingestor"></a>
2025-08-16T20:39:10.4735526Z 
2025-08-16T20:39:10.4735600Z # etl.fba\_fee\_ingestor
2025-08-16T20:39:10.4735723Z 
2025-08-16T20:39:10.4735810Z <a id="etl.sp_fees_ingestor"></a>
2025-08-16T20:39:10.4735962Z 
2025-08-16T20:39:10.4736040Z # etl.sp\_fees\_ingestor
2025-08-16T20:39:10.4736170Z 
2025-08-16T20:39:10.4736250Z <a id="etl.keepa_ingestor"></a>
2025-08-16T20:39:10.4736389Z 
2025-08-16T20:39:10.4736466Z # etl.keepa\_ingestor
2025-08-16T20:39:10.4736581Z 
2025-08-16T20:39:10.4736648Z <a id="etl.db"></a>
2025-08-16T20:39:10.4736754Z 
2025-08-16T20:39:10.4736823Z # etl.db
2025-08-16T20:39:10.4736910Z 
2025-08-16T20:39:10.4737016Z <a id="etl.dialects.amazon_reimbursements"></a>
2025-08-16T20:39:10.4737207Z 
2025-08-16T20:39:10.4737298Z # etl.dialects.amazon\_reimbursements
2025-08-16T20:39:10.4737460Z 
2025-08-16T20:39:10.4737555Z <a id="etl.dialects.amazon_returns"></a>
2025-08-16T20:39:10.4737729Z 
2025-08-16T20:39:10.4737811Z # etl.dialects.amazon\_returns
2025-08-16T20:39:10.4737952Z 
2025-08-16T20:39:10.4738035Z <a id="etl.dialects"></a>
2025-08-16T20:39:10.4738160Z 
2025-08-16T20:39:10.4738226Z # etl.dialects
2025-08-16T20:39:10.4738332Z 
2025-08-16T20:39:10.4738399Z <a id="ingest"></a>
2025-08-16T20:39:10.4738509Z 
2025-08-16T20:39:10.4738575Z # ingest
2025-08-16T20:39:10.4738665Z 
2025-08-16T20:39:10.4738872Z <a id="ingest.tests.test_smoke"></a>
2025-08-16T20:39:10.4739029Z 
2025-08-16T20:39:10.4739114Z # ingest.tests.test\_smoke
2025-08-16T20:39:10.4739244Z 
2025-08-16T20:39:10.4739318Z <a id="ingest.tests"></a>
2025-08-16T20:39:10.4739448Z 
2025-08-16T20:39:10.4739514Z # ingest.tests
2025-08-16T20:39:10.4739614Z 
2025-08-16T20:39:10.4739696Z <a id="ingest.upload_router"></a>
2025-08-16T20:39:10.4739850Z 
2025-08-16T20:39:10.4739924Z # ingest.upload\_router
2025-08-16T20:39:10.4740044Z 
2025-08-16T20:39:10.4740129Z <a id="ingest.email_watcher"></a>
2025-08-16T20:39:10.4740274Z 
2025-08-16T20:39:10.4740347Z # ingest.email\_watcher
2025-08-16T20:39:10.4740470Z 
2025-08-16T20:39:10.4740558Z <a id="ingest.email_watcher.main"></a>
2025-08-16T20:39:10.4740716Z 
2025-08-16T20:39:10.4740780Z #### main
2025-08-16T20:39:10.4740876Z 
2025-08-16T20:39:10.4740940Z ```python
2025-08-16T20:39:10.4741113Z def main() -> dict[str, str]
2025-08-16T20:39:10.4741304Z ```
2025-08-16T20:39:10.4741497Z 
2025-08-16T20:39:10.4741653Z Upload CSV/XLSX attachments to MinIO and trigger ingestion.
2025-08-16T20:39:10.4741876Z 
2025-08-16T20:39:10.4742005Z Returns {"status": "success"} when processing completes.
2025-08-16T20:39:10.4742217Z 
2025-08-16T20:39:10.4742300Z <a id="ingest.ingest_router"></a>
2025-08-16T20:39:10.4742447Z 
2025-08-16T20:39:10.4742522Z # ingest.ingest\_router
2025-08-16T20:39:10.4742647Z 
2025-08-16T20:39:10.4742723Z <a id="logistics_etl"></a>
2025-08-16T20:39:10.4742853Z 
2025-08-16T20:39:10.4742925Z # logistics\_etl
2025-08-16T20:39:10.4743029Z 
2025-08-16T20:39:10.4743104Z Daily logistics ETL job.
2025-08-16T20:39:10.4743234Z 
2025-08-16T20:39:10.4743315Z <a id="logistics_etl.__main__"></a>
2025-08-16T20:39:10.4743467Z 
2025-08-16T20:39:10.4743543Z # logistics\_etl.\_\_main\_\_
2025-08-16T20:39:10.4743683Z 
2025-08-16T20:39:10.4743778Z <a id="logistics_etl.tests.conftest"></a>
2025-08-16T20:39:10.4743947Z 
2025-08-16T20:39:10.4744039Z # logistics\_etl.tests.conftest
2025-08-16T20:39:10.4744187Z 
2025-08-16T20:39:10.4744289Z <a id="logistics_etl.tests.test_repository"></a>
2025-08-16T20:39:10.4744483Z 
2025-08-16T20:39:10.4744571Z # logistics\_etl.tests.test\_repository
2025-08-16T20:39:10.4744735Z 
2025-08-16T20:39:10.4744962Z <a id="logistics_etl.tests.test_cron"></a>
2025-08-16T20:39:10.4745135Z 
2025-08-16T20:39:10.4745217Z # logistics\_etl.tests.test\_cron
2025-08-16T20:39:10.4745371Z 
2025-08-16T20:39:10.4745466Z <a id="logistics_etl.tests.test_imports"></a>
2025-08-16T20:39:10.4745648Z 
2025-08-16T20:39:10.4745732Z # logistics\_etl.tests.test\_imports
2025-08-16T20:39:10.4745893Z 
2025-08-16T20:39:10.4745984Z <a id="logistics_etl.tests.test_smoke"></a>
2025-08-16T20:39:10.4746152Z 
2025-08-16T20:39:10.4746240Z # logistics\_etl.tests.test\_smoke
2025-08-16T20:39:10.4746392Z 
2025-08-16T20:39:10.4746483Z <a id="logistics_etl.tests.test_client"></a>
2025-08-16T20:39:10.4746660Z 
2025-08-16T20:39:10.4746743Z # logistics\_etl.tests.test\_client
2025-08-16T20:39:10.4746898Z 
2025-08-16T20:39:10.4746983Z <a id="logistics_etl.tests"></a>
2025-08-16T20:39:10.4747131Z 
2025-08-16T20:39:10.4747203Z # logistics\_etl.tests
2025-08-16T20:39:10.4747321Z 
2025-08-16T20:39:10.4747405Z <a id="logistics_etl.flow"></a>
2025-08-16T20:39:10.4747543Z 
2025-08-16T20:39:10.4747613Z # logistics\_etl.flow
2025-08-16T20:39:10.4747730Z 
2025-08-16T20:39:10.4747816Z <a id="logistics_etl.client"></a>
2025-08-16T20:39:10.4747963Z 
2025-08-16T20:39:10.4748036Z # logistics\_etl.client
2025-08-16T20:39:10.4748163Z 
2025-08-16T20:39:10.4748241Z <a id="logistics_etl.cron"></a>
2025-08-16T20:39:10.4748378Z 
2025-08-16T20:39:10.4748453Z # logistics\_etl.cron
2025-08-16T20:39:10.4748567Z 
2025-08-16T20:39:10.4748645Z <a id="logistics_etl.db"></a>
2025-08-16T20:39:10.4748782Z 
2025-08-16T20:39:10.4748857Z # logistics\_etl.db
2025-08-16T20:39:10.4748965Z 
2025-08-16T20:39:10.4749054Z <a id="logistics_etl.repository"></a>
2025-08-16T20:39:10.4749220Z 
2025-08-16T20:39:10.4749301Z # logistics\_etl.repository
2025-08-16T20:39:10.4749435Z 
2025-08-16T20:39:10.4749633Z <a id="alert_bot"></a>
2025-08-16T20:39:10.4749748Z 
2025-08-16T20:39:10.4749813Z # alert\_bot
2025-08-16T20:39:10.4749907Z 
2025-08-16T20:39:10.4749998Z <a id="alert_bot.tests.test_smoke"></a>
2025-08-16T20:39:10.4750159Z 
2025-08-16T20:39:10.4750239Z # alert\_bot.tests.test\_smoke
2025-08-16T20:39:10.4750382Z 
2025-08-16T20:39:10.4750460Z <a id="alert_bot.tests"></a>
2025-08-16T20:39:10.4750592Z 
2025-08-16T20:39:10.4750660Z # alert\_bot.tests
2025-08-16T20:39:10.4750774Z 
2025-08-16T20:39:10.4750854Z <a id="alert_bot.alert_bot"></a>
2025-08-16T20:39:10.4750995Z 
2025-08-16T20:39:10.4751074Z # alert\_bot.alert\_bot
2025-08-16T20:39:10.4751192Z 
2025-08-16T20:39:10.4751266Z <a id="alert_bot.rules"></a>
2025-08-16T20:39:10.4751402Z 
2025-08-16T20:39:10.4751469Z # alert\_bot.rules
2025-08-16T20:39:10.4751573Z 
2025-08-16T20:39:10.4751643Z <a id="common"></a>
2025-08-16T20:39:10.4751753Z 
2025-08-16T20:39:10.4751815Z # common
2025-08-16T20:39:10.4752014Z 
2025-08-16T20:39:10.4752103Z <a id="common.dsn"></a>
2025-08-16T20:39:10.4752221Z 
2025-08-16T20:39:10.4752286Z # common.dsn
2025-08-16T20:39:10.4752380Z 
2025-08-16T20:39:10.4752468Z <a id="common.dsn.build_dsn"></a>
2025-08-16T20:39:10.4752616Z 
2025-08-16T20:39:10.4752682Z #### build\_dsn
2025-08-16T20:39:10.4752789Z 
2025-08-16T20:39:10.4752853Z ```python
2025-08-16T20:39:10.4753026Z def build_dsn(sync: bool = True) -> str
2025-08-16T20:39:10.4753249Z ```
2025-08-16T20:39:10.4753332Z 
2025-08-16T20:39:10.4753460Z Return a Postgres DSN, validating required variables.
2025-08-16T20:39:10.4753663Z 
2025-08-16T20:39:10.4753854Z The function prefers explicit DSNs via ``PG_SYNC_DSN`` / ``PG_ASYNC_DSN`` or
2025-08-16T20:39:10.4754305Z ``DATABASE_URL``.  If those are absent it assembles a connection string from
2025-08-16T20:39:10.4754723Z ``PG_HOST`` and related variables and raises a helpful error when any are
2025-08-16T20:39:10.4755163Z missing.
2025-08-16T20:39:10.4755254Z 
2025-08-16T20:39:10.4755349Z <a id="common.models_vendor"></a>
2025-08-16T20:39:10.4755503Z 
2025-08-16T20:39:10.4755577Z # common.models\_vendor
2025-08-16T20:39:10.4755697Z 
2025-08-16T20:39:10.4755790Z <a id="common.models_vendor.Vendor"></a>
2025-08-16T20:39:10.4755955Z 
2025-08-16T20:39:10.4756023Z ## Vendor Objects
2025-08-16T20:39:10.4756133Z 
2025-08-16T20:39:10.4756197Z ```python
2025-08-16T20:39:10.4756350Z class Vendor(Base)
2025-08-16T20:39:10.4756526Z ```
2025-08-16T20:39:10.4756614Z 
2025-08-16T20:39:10.4756692Z Vendor of inventory items.
2025-08-16T20:39:10.4756825Z 
2025-08-16T20:39:10.4756932Z <a id="common.models_vendor.VendorPrice"></a>
2025-08-16T20:39:10.4757113Z 
2025-08-16T20:39:10.4757187Z ## VendorPrice Objects
2025-08-16T20:39:10.4757309Z 
2025-08-16T20:39:10.4757371Z ```python
2025-08-16T20:39:10.4757530Z class VendorPrice(Base)
2025-08-16T20:39:10.4757711Z ```
2025-08-16T20:39:10.4757791Z 
2025-08-16T20:39:10.4757897Z Association table linking vendors to pricing.
2025-08-16T20:39:10.4758075Z 
2025-08-16T20:39:10.4758155Z <a id="common.db_url"></a>
2025-08-16T20:39:10.4758290Z 
2025-08-16T20:39:10.4758363Z # common.db\_url
2025-08-16T20:39:10.4758466Z 
2025-08-16T20:39:10.4758550Z <a id="common.db_url.build_url"></a>
2025-08-16T20:39:10.4758710Z 
2025-08-16T20:39:10.4758773Z #### build\_url
2025-08-16T20:39:10.4758872Z 
2025-08-16T20:39:10.4758933Z ```python
2025-08-16T20:39:10.4759112Z def build_url(async_: bool = True) -> str
2025-08-16T20:39:10.4759339Z ```
2025-08-16T20:39:10.4759419Z 
2025-08-16T20:39:10.4759515Z Return Postgres DSN from env or PG_* parts.
2025-08-16T20:39:10.4759688Z 
2025-08-16T20:39:10.4759770Z <a id="common.keepa"></a>
2025-08-16T20:39:10.4759898Z 
2025-08-16T20:39:10.4759966Z # common.keepa
2025-08-16T20:39:10.4760075Z 
2025-08-16T20:39:10.4760148Z <a id="common.llm"></a>
2025-08-16T20:39:10.4760267Z 
2025-08-16T20:39:10.4760338Z # common.llm
2025-08-16T20:39:10.4760433Z 
2025-08-16T20:39:10.4760516Z <a id="common.settings"></a>
2025-08-16T20:39:10.4760652Z 
2025-08-16T20:39:10.4760729Z # common.settings
2025-08-16T20:39:10.4760970Z 
2025-08-16T20:39:10.4761041Z <a id="common.db"></a>
2025-08-16T20:39:10.4761164Z 
2025-08-16T20:39:10.4761230Z # common.db
2025-08-16T20:39:10.4761324Z 
2025-08-16T20:39:10.4761416Z <a id="common.db.build_sqlalchemy_url"></a>
2025-08-16T20:39:10.4761592Z 
2025-08-16T20:39:10.4761669Z #### build\_sqlalchemy\_url
2025-08-16T20:39:10.4761833Z 
2025-08-16T20:39:10.4761898Z ```python
2025-08-16T20:39:10.4762066Z def build_sqlalchemy_url() -> str
2025-08-16T20:39:10.4762282Z ```
2025-08-16T20:39:10.4762364Z 
2025-08-16T20:39:10.4762466Z Return Postgres URL for SQLAlchemy engines.
2025-08-16T20:39:10.4762637Z 
2025-08-16T20:39:10.4762725Z <a id="common.db.build_asyncpg_dsn"></a>
2025-08-16T20:39:10.4762969Z 
2025-08-16T20:39:10.4763104Z #### build\_asyncpg\_dsn
2025-08-16T20:39:10.4763320Z 
2025-08-16T20:39:10.4763430Z ```python
2025-08-16T20:39:10.4763731Z def build_asyncpg_dsn() -> str
2025-08-16T20:39:10.4764043Z ```
2025-08-16T20:39:10.4764136Z 
2025-08-16T20:39:10.4764405Z Return DSN suitable for asyncpg (without driver suffix).
2025-08-16T20:39:10.4764628Z 
2025-08-16T20:39:10.4764723Z <a id="common.db.refresh_mvs"></a>
2025-08-16T20:39:10.4764996Z 
2025-08-16T20:39:10.4765062Z #### refresh\_mvs
2025-08-16T20:39:10.4765179Z 
2025-08-16T20:39:10.4765242Z ```python
2025-08-16T20:39:10.4765438Z def refresh_mvs(conn: Engine | Connection) -> None
2025-08-16T20:39:10.4765691Z ```
2025-08-16T20:39:10.4765773Z 
2025-08-16T20:39:10.4765918Z Refresh materialized views, using CONCURRENTLY when safe.
2025-08-16T20:39:10.4766135Z 
2025-08-16T20:39:10.4766213Z <a id="common.config"></a>
2025-08-16T20:39:10.4766343Z 
2025-08-16T20:39:10.4766416Z # common.config
2025-08-16T20:39:10.4766519Z 
2025-08-16T20:39:10.4766592Z <a id="common.base"></a>
2025-08-16T20:39:10.4766722Z 
2025-08-16T20:39:10.4766787Z # common.base
2025-08-16T20:39:10.4766886Z 
2025-08-16T20:39:10.4766968Z <a id="common.base.Base"></a>
2025-08-16T20:39:10.4767114Z 
2025-08-16T20:39:10.4767179Z ## Base Objects
2025-08-16T20:39:10.4767282Z 
2025-08-16T20:39:10.4767354Z ```python
2025-08-16T20:39:10.4767520Z class Base(DeclarativeBase)
2025-08-16T20:39:10.4767717Z ```
2025-08-16T20:39:10.4767797Z 
2025-08-16T20:39:10.4767882Z Base class for SQLAlchemy models.
2025-08-16T20:39:10.4768035Z 
2025-08-16T20:39:10.4768107Z <a id="repricer"></a>
2025-08-16T20:39:10.4768224Z 
2025-08-16T20:39:10.4768287Z # repricer
2025-08-16T20:39:10.4768383Z 
2025-08-16T20:39:10.4768470Z <a id="repricer.app.schemas"></a>
2025-08-16T20:39:10.4768635Z 
2025-08-16T20:39:10.4768712Z # repricer.app.schemas
2025-08-16T20:39:10.4768840Z 
2025-08-16T20:39:10.4768925Z <a id="repricer.app.deps"></a>
2025-08-16T20:39:10.4769066Z 
2025-08-16T20:39:10.4769144Z # repricer.app.deps
2025-08-16T20:39:10.4769254Z 
2025-08-16T20:39:10.4769365Z Placeholder module for Keepa / SP-API clients.
2025-08-16T20:39:10.4769557Z 
2025-08-16T20:39:10.4769640Z <a id="repricer.app.logic"></a>
2025-08-16T20:39:10.4769785Z 
2025-08-16T20:39:10.4769862Z # repricer.app.logic
2025-08-16T20:39:10.4769988Z 
2025-08-16T20:39:10.4770089Z <a id="repricer.app.logic.MIN_MARGIN"></a>
2025-08-16T20:39:10.4770263Z 
2025-08-16T20:39:10.4770334Z #### MIN\_MARGIN
2025-08-16T20:39:10.4770437Z 
2025-08-16T20:39:10.4770499Z 15 % ROI
2025-08-16T20:39:10.4770586Z 
2025-08-16T20:39:10.4770695Z <a id="repricer.app.logic.compute_price"></a>
2025-08-16T20:39:10.4770878Z 
2025-08-16T20:39:10.4770947Z #### compute\_price
2025-08-16T20:39:10.4771057Z 
2025-08-16T20:39:10.4771120Z ```python
2025-08-16T20:39:10.4771365Z def compute_price(asin: str, cost: Decimal, fees: Decimal) -> Decimal
2025-08-16T20:39:10.4771669Z ```
2025-08-16T20:39:10.4771750Z 
2025-08-16T20:39:10.4771863Z Toy algorithm: ensure 15 % ROI and round to cents.
2025-08-16T20:39:10.4772142Z Replace with real competitive logic later.
2025-08-16T20:39:10.4772321Z 
2025-08-16T20:39:10.4772405Z <a id="repricer.app.main"></a>
2025-08-16T20:39:10.4772546Z 
2025-08-16T20:39:10.4772617Z # repricer.app.main
2025-08-16T20:39:10.4772733Z 
2025-08-16T20:39:10.4772815Z <a id="repricer.app"></a>
2025-08-16T20:39:10.4773083Z 
2025-08-16T20:39:10.4773161Z # repricer.app
2025-08-16T20:39:10.4773263Z 
2025-08-16T20:39:10.4773353Z <a id="repricer.tests.test_imports"></a>
2025-08-16T20:39:10.4773523Z 
2025-08-16T20:39:10.4773609Z # repricer.tests.test\_imports
2025-08-16T20:39:10.4773748Z 
2025-08-16T20:39:10.4773836Z <a id="repricer.tests.test_smoke"></a>
2025-08-16T20:39:10.4774003Z 
2025-08-16T20:39:10.4774084Z # repricer.tests.test\_smoke
2025-08-16T20:39:10.4774224Z 
2025-08-16T20:39:10.4774307Z <a id="repricer.tests"></a>
2025-08-16T20:39:10.4774439Z 
2025-08-16T20:39:10.4774550Z # repricer.tests
2025-08-16T20:39:10.4774656Z 
2025-08-16T20:39:10.4774721Z <a id="db"></a>
2025-08-16T20:39:10.4774928Z 
2025-08-16T20:39:10.4774988Z # db
2025-08-16T20:39:10.4775075Z 
2025-08-16T20:39:10.4775150Z <a id="db.utils.views"></a>
2025-08-16T20:39:10.4775287Z 
2025-08-16T20:39:10.4775354Z # db.utils.views
2025-08-16T20:39:10.4775457Z 
2025-08-16T20:39:10.4775674Z <a id="db.utils.views.replace_view"></a>
2025-08-16T20:39:10.4775887Z 
2025-08-16T20:39:10.4775955Z #### replace\_view
2025-08-16T20:39:10.4776061Z 
2025-08-16T20:39:10.4776131Z ```python
2025-08-16T20:39:10.4776323Z def replace_view(name: str, new_sql: str) -> None
2025-08-16T20:39:10.4776573Z ```
2025-08-16T20:39:10.4776655Z 
2025-08-16T20:39:10.4776743Z Drop and recreate a SQL view atomically.
2025-08-16T20:39:10.4776911Z 
2025-08-16T20:39:10.4776983Z <a id="db.utils"></a>
2025-08-16T20:39:10.4777098Z 
2025-08-16T20:39:10.4777166Z # db.utils
2025-08-16T20:39:10.4777255Z 
2025-08-16T20:39:10.4777333Z <a id="price_importer"></a>
2025-08-16T20:39:10.4777467Z 
2025-08-16T20:39:10.4777536Z # price\_importer
2025-08-16T20:39:10.4777641Z 
2025-08-16T20:39:10.4777744Z <a id="price_importer.services_common.dsn"></a>
2025-08-16T20:39:10.4777936Z 
2025-08-16T20:39:10.4778027Z # price\_importer.services\_common.dsn
2025-08-16T20:39:10.4778190Z 
2025-08-16T20:39:10.4778325Z <a id="price_importer.services_common.dsn.build_dsn"></a>
2025-08-16T20:39:10.4778531Z 
2025-08-16T20:39:10.4778600Z #### build\_dsn
2025-08-16T20:39:10.4778706Z 
2025-08-16T20:39:10.4778770Z ```python
2025-08-16T20:39:10.4778943Z def build_dsn(sync: bool = True) -> str
2025-08-16T20:39:10.4779170Z ```
2025-08-16T20:39:10.4779252Z 
2025-08-16T20:39:10.4779322Z Return safe DSN.
2025-08-16T20:39:10.4779432Z 
2025-08-16T20:39:10.4779782Z sync=True → SQLAlchemy (+psycopg) else plain asyncpg.
2025-08-16T20:39:10.4779987Z 
2025-08-16T20:39:10.4780118Z <a id="price_importer.services_common.models_vendor"></a>
2025-08-16T20:39:10.4780326Z 
2025-08-16T20:39:10.4780436Z # price\_importer.services\_common.models\_vendor
2025-08-16T20:39:10.4780632Z 
2025-08-16T20:39:10.4780738Z <a id="price_importer.services_common.db_url"></a>
2025-08-16T20:39:10.4780926Z 
2025-08-16T20:39:10.4781021Z # price\_importer.services\_common.db\_url
2025-08-16T20:39:10.4781201Z 
2025-08-16T20:39:10.4781332Z <a id="price_importer.services_common.db_url.build_url"></a>
2025-08-16T20:39:10.4781556Z 
2025-08-16T20:39:10.4781629Z #### build\_url
2025-08-16T20:39:10.4781736Z 
2025-08-16T20:39:10.4781801Z ```python
2025-08-16T20:39:10.4781982Z def build_url(async_: bool = True) -> str
2025-08-16T20:39:10.4782206Z ```
2025-08-16T20:39:10.4782299Z 
2025-08-16T20:39:10.4782395Z Return Postgres DSN from env or PG_* parts.
2025-08-16T20:39:10.4782570Z 
2025-08-16T20:39:10.4782682Z <a id="price_importer.services_common.keepa"></a>
2025-08-16T20:39:10.4782869Z 
2025-08-16T20:39:10.4782964Z # price\_importer.services\_common.keepa
2025-08-16T20:39:10.4783132Z 
2025-08-16T20:39:10.4783241Z <a id="price_importer.services_common.llm"></a>
2025-08-16T20:39:10.4783422Z 
2025-08-16T20:39:10.4783511Z # price\_importer.services\_common.llm
2025-08-16T20:39:10.4783678Z 
2025-08-16T20:39:10.4783791Z <a id="price_importer.services_common.settings"></a>
2025-08-16T20:39:10.4783984Z 
2025-08-16T20:39:10.4784084Z # price\_importer.services\_common.settings
2025-08-16T20:39:10.4784256Z 
2025-08-16T20:39:10.4784362Z <a id="price_importer.services_common.db"></a>
2025-08-16T20:39:10.4784669Z 
2025-08-16T20:39:10.4784892Z # price\_importer.services\_common.db
2025-08-16T20:39:10.4785061Z 
2025-08-16T20:39:10.4785218Z <a id="price_importer.services_common.db.build_sqlalchemy_url"></a>
2025-08-16T20:39:10.4785459Z 
2025-08-16T20:39:10.4785537Z #### build\_sqlalchemy\_url
2025-08-16T20:39:10.4785669Z 
2025-08-16T20:39:10.4785737Z ```python
2025-08-16T20:39:10.4785908Z def build_sqlalchemy_url() -> str
2025-08-16T20:39:10.4786118Z ```
2025-08-16T20:39:10.4786200Z 
2025-08-16T20:39:10.4786294Z Return Postgres URL for SQLAlchemy engines.
2025-08-16T20:39:10.4786470Z 
2025-08-16T20:39:10.4786613Z <a id="price_importer.services_common.db.build_asyncpg_dsn"></a>
2025-08-16T20:39:10.4786840Z 
2025-08-16T20:39:10.4786922Z #### build\_asyncpg\_dsn
2025-08-16T20:39:10.4787048Z 
2025-08-16T20:39:10.4787112Z ```python
2025-08-16T20:39:10.4787281Z def build_asyncpg_dsn() -> str
2025-08-16T20:39:10.4787476Z ```
2025-08-16T20:39:10.4787556Z 
2025-08-16T20:39:10.4787807Z Return DSN suitable for asyncpg (without driver suffix).
2025-08-16T20:39:10.4788028Z 
2025-08-16T20:39:10.4788155Z <a id="price_importer.services_common.db.refresh_mvs"></a>
2025-08-16T20:39:10.4788366Z 
2025-08-16T20:39:10.4788432Z #### refresh\_mvs
2025-08-16T20:39:10.4788536Z 
2025-08-16T20:39:10.4788603Z ```python
2025-08-16T20:39:10.4788795Z def refresh_mvs(conn: Engine | Connection) -> None
2025-08-16T20:39:10.4789046Z ```
2025-08-16T20:39:10.4789127Z 
2025-08-16T20:39:10.4789262Z Refresh materialized views, using CONCURRENTLY when safe.
2025-08-16T20:39:10.4789486Z 
2025-08-16T20:39:10.4789579Z <a id="price_importer.services_common"></a>
2025-08-16T20:39:10.4789752Z 
2025-08-16T20:39:10.4789839Z # price\_importer.services\_common
2025-08-16T20:39:10.4789998Z 
2025-08-16T20:39:10.4790100Z <a id="price_importer.services_common.base"></a>
2025-08-16T20:39:10.4790286Z 
2025-08-16T20:39:10.4790383Z # price\_importer.services\_common.base
2025-08-16T20:39:10.4790549Z 
2025-08-16T20:39:10.4790645Z <a id="price_importer.normaliser"></a>
2025-08-16T20:39:10.4790819Z 
2025-08-16T20:39:10.4790903Z # price\_importer.normaliser
2025-08-16T20:39:10.4791040Z 
2025-08-16T20:39:10.4791144Z <a id="price_importer.common.models_vendor"></a>
2025-08-16T20:39:10.4791335Z 
2025-08-16T20:39:10.4791426Z # price\_importer.common.models\_vendor
2025-08-16T20:39:10.4791594Z 
2025-08-16T20:39:10.4791691Z <a id="price_importer.common.db_url"></a>
2025-08-16T20:39:10.4791862Z 
2025-08-16T20:39:10.4791946Z # price\_importer.common.db\_url
2025-08-16T20:39:10.4792097Z 
2025-08-16T20:39:10.4792201Z <a id="price_importer.common.db_url.make_dsn"></a>
2025-08-16T20:39:10.4792387Z 
2025-08-16T20:39:10.4792451Z #### make\_dsn
2025-08-16T20:39:10.4792556Z 
2025-08-16T20:39:10.4792619Z ```python
2025-08-16T20:39:10.4792798Z def make_dsn(async_: bool = False) -> str
2025-08-16T20:39:10.4793023Z ```
2025-08-16T20:39:10.4793104Z 
2025-08-16T20:39:10.4793229Z Return DSN built from either PG_* or POSTGRES_* vars.
2025-08-16T20:39:10.4793435Z 
2025-08-16T20:39:10.4793548Z <a id="price_importer.common.db_url.build_url"></a>
2025-08-16T20:39:10.4793749Z 
2025-08-16T20:39:10.4793815Z #### build\_url
2025-08-16T20:39:10.4793915Z 
2025-08-16T20:39:10.4793984Z ```python
2025-08-16T20:39:10.4794161Z def build_url(async_: bool = False) -> str
2025-08-16T20:39:10.4794392Z ```
2025-08-16T20:39:10.4794473Z 
2025-08-16T20:39:10.4794592Z Return Postgres DSN built from environment variables.
2025-08-16T20:39:10.4794923Z 
2025-08-16T20:39:10.4795013Z <a id="price_importer.common"></a>
2025-08-16T20:39:10.4795172Z 
2025-08-16T20:39:10.4795252Z # price\_importer.common
2025-08-16T20:39:10.4795387Z 
2025-08-16T20:39:10.4795477Z <a id="price_importer.common.base"></a>
2025-08-16T20:39:10.4795642Z 
2025-08-16T20:39:10.4795732Z # price\_importer.common.base
2025-08-16T20:39:10.4795872Z 
2025-08-16T20:39:10.4795977Z <a id="price_importer.tests.conftest"></a>
2025-08-16T20:39:10.4796155Z 
2025-08-16T20:39:10.4796241Z # price\_importer.tests.conftest
2025-08-16T20:39:10.4796396Z 
2025-08-16T20:39:10.4796616Z <a id="price_importer.tests.test_reader"></a>
2025-08-16T20:39:10.4796800Z 
2025-08-16T20:39:10.4796886Z # price\_importer.tests.test\_reader
2025-08-16T20:39:10.4797043Z 
2025-08-16T20:39:10.4797150Z <a id="price_importer.tests.test_imports"></a>
2025-08-16T20:39:10.4797328Z 
2025-08-16T20:39:10.4797418Z # price\_importer.tests.test\_imports
2025-08-16T20:39:10.4797584Z 
2025-08-16T20:39:10.4797679Z <a id="price_importer.tests.test_smoke"></a>
2025-08-16T20:39:10.4797851Z 
2025-08-16T20:39:10.4797935Z # price\_importer.tests.test\_smoke
2025-08-16T20:39:10.4798093Z 
2025-08-16T20:39:10.4798198Z <a id="price_importer.tests.test_normaliser"></a>
2025-08-16T20:39:10.4798394Z 
2025-08-16T20:39:10.4798493Z # price\_importer.tests.test\_normaliser
2025-08-16T20:39:10.4798658Z 
2025-08-16T20:39:10.4798740Z <a id="price_importer.tests"></a>
2025-08-16T20:39:10.4798928Z 
2025-08-16T20:39:10.4799007Z # price\_importer.tests
2025-08-16T20:39:10.4799138Z 
2025-08-16T20:39:10.4799382Z <a id="price_importer.reader"></a>
2025-08-16T20:39:10.4799547Z 
2025-08-16T20:39:10.4799624Z # price\_importer.reader
2025-08-16T20:39:10.4799749Z 
2025-08-16T20:39:10.4799851Z <a id="price_importer.reader.load_file"></a>
2025-08-16T20:39:10.4800023Z 
2025-08-16T20:39:10.4800087Z #### load\_file
2025-08-16T20:39:10.4800189Z 
2025-08-16T20:39:10.4800257Z ```python
2025-08-16T20:39:10.4800430Z def load_file(path: str | Path) -> Any
2025-08-16T20:39:10.4800656Z ```
2025-08-16T20:39:10.4800737Z 
2025-08-16T20:39:10.4800829Z Return DataFrame from CSV or Excel file.
2025-08-16T20:39:10.4801002Z 
2025-08-16T20:39:10.4801106Z Raises RuntimeError if pandas is unavailable.
2025-08-16T20:39:10.4801285Z 
2025-08-16T20:39:10.4801379Z <a id="price_importer.repository"></a>
2025-08-16T20:39:10.4801541Z 
2025-08-16T20:39:10.4801624Z # price\_importer.repository
2025-08-16T20:39:10.4801768Z 
2025-08-16T20:39:10.4801851Z <a id="price_importer.import"></a>
2025-08-16T20:39:10.4802003Z 
2025-08-16T20:39:10.4802085Z # price\_importer.import
2025-08-16T20:39:10.4802222Z 
2025-08-16T20:39:10.4802295Z <a id="fees_h10"></a>
2025-08-16T20:39:10.4802410Z 
2025-08-16T20:39:10.4802481Z # fees\_h10
2025-08-16T20:39:10.4802574Z 
2025-08-16T20:39:10.4802650Z <a id="fees_h10.worker"></a>
2025-08-16T20:39:10.4802782Z 
2025-08-16T20:39:10.4802854Z # fees\_h10.worker
2025-08-16T20:39:10.4802960Z 
2025-08-16T20:39:10.4803044Z <a id="fees_h10.tests.test_smoke"></a>
2025-08-16T20:39:10.4803206Z 
2025-08-16T20:39:10.4803284Z # fees\_h10.tests.test\_smoke
2025-08-16T20:39:10.4803419Z 
2025-08-16T20:39:10.4803499Z <a id="fees_h10.tests"></a>
2025-08-16T20:39:10.4803629Z 
2025-08-16T20:39:10.4803695Z # fees\_h10.tests
2025-08-16T20:39:10.4803798Z 
2025-08-16T20:39:10.4803879Z <a id="fees_h10.client"></a>
2025-08-16T20:39:10.4804008Z 
2025-08-16T20:39:10.4804074Z # fees\_h10.client
2025-08-16T20:39:10.4804183Z 
2025-08-16T20:39:10.4804264Z <a id="fees_h10.repository"></a>
2025-08-16T20:39:10.4804405Z 
2025-08-16T20:39:10.4804492Z # fees\_h10.repository
2025-08-16T20:39:10.4804613Z 
2025-08-16T20:39:10.4804684Z <a id="emailer"></a>
2025-08-16T20:39:10.4804902Z 
2025-08-16T20:39:10.4804973Z # emailer
2025-08-16T20:39:10.4805064Z 
2025-08-16T20:39:10.4805165Z <a id="emailer.tests.test_import_emailer"></a>
2025-08-16T20:39:10.4805351Z 
2025-08-16T20:39:10.4805442Z # emailer.tests.test\_import\_emailer
2025-08-16T20:39:10.4805607Z 
2025-08-16T20:39:10.4805691Z <a id="emailer.tests.test_smoke"></a>
2025-08-16T20:39:10.4805853Z 
2025-08-16T20:39:10.4805932Z # emailer.tests.test\_smoke
2025-08-16T20:39:10.4806066Z 
2025-08-16T20:39:10.4806152Z <a id="emailer.tests"></a>
2025-08-16T20:39:10.4806285Z 
2025-08-16T20:39:10.4806353Z # emailer.tests
2025-08-16T20:39:10.4806465Z 
2025-08-16T20:39:10.4806549Z <a id="emailer.generate_body"></a>
2025-08-16T20:39:10.4806697Z 
2025-08-16T20:39:10.4806773Z # emailer.generate\_body
2025-08-16T20:39:10.4806908Z 
2025-08-16T20:39:10.4806980Z <a id="llm_server"></a>
2025-08-16T20:39:10.4807098Z 
2025-08-16T20:39:10.4807172Z # llm\_server
2025-08-16T20:39:10.4807389Z 
2025-08-16T20:39:10.4807465Z <a id="llm_server.app"></a>
2025-08-16T20:39:10.4807599Z 
2025-08-16T20:39:10.4807667Z # llm\_server.app
2025-08-16T20:39:10.4807770Z 
2025-08-16T20:39:10.5170436Z ##[group]Run peaceiris/actions-gh-pages@v3
2025-08-16T20:39:10.5170725Z with:
2025-08-16T20:39:10.5171127Z   github_token: ***
2025-08-16T20:39:10.5171325Z   publish_branch: gh-pages
2025-08-16T20:39:10.5171544Z   publish_dir: docs/api
2025-08-16T20:39:10.5171752Z   allow_empty_commit: false
2025-08-16T20:39:10.5171955Z   keep_files: false
2025-08-16T20:39:10.5172136Z   force_orphan: false
2025-08-16T20:39:10.5172322Z   enable_jekyll: false
2025-08-16T20:39:10.5172516Z   disable_nojekyll: false
2025-08-16T20:39:10.5172712Z   exclude_assets: .github
2025-08-16T20:39:10.5172899Z env:
2025-08-16T20:39:10.5173117Z   pythonLocation: /opt/hostedtoolcache/Python/3.11.13/x64
2025-08-16T20:39:10.5173509Z   PKG_CONFIG_PATH: /opt/hostedtoolcache/Python/3.11.13/x64/lib/pkgconfig
2025-08-16T20:39:10.5173887Z   Python_ROOT_DIR: /opt/hostedtoolcache/Python/3.11.13/x64
2025-08-16T20:39:10.5174235Z   Python2_ROOT_DIR: /opt/hostedtoolcache/Python/3.11.13/x64
2025-08-16T20:39:10.5174601Z   Python3_ROOT_DIR: /opt/hostedtoolcache/Python/3.11.13/x64
2025-08-16T20:39:10.5175195Z   LD_LIBRARY_PATH: /opt/hostedtoolcache/Python/3.11.13/x64/lib
2025-08-16T20:39:10.5175486Z ##[endgroup]
2025-08-16T20:39:10.5787732Z [INFO] Usage https://github.com/peaceiris/actions-gh-pages#readme
2025-08-16T20:39:10.5793302Z ##[group]Dump inputs
2025-08-16T20:39:10.5793715Z [INFO] GithubToken: true
2025-08-16T20:39:10.5794014Z [INFO] PublishBranch: gh-pages
2025-08-16T20:39:10.5794353Z [INFO] PublishDir: docs/api
2025-08-16T20:39:10.5794666Z [INFO] DestinationDir: 
2025-08-16T20:39:10.5795032Z [INFO] ExternalRepository: 
2025-08-16T20:39:10.5795295Z [INFO] AllowEmptyCommit: false
2025-08-16T20:39:10.5795570Z [INFO] KeepFiles: false
2025-08-16T20:39:10.5795807Z [INFO] ForceOrphan: false
2025-08-16T20:39:10.5796042Z [INFO] UserName: 
2025-08-16T20:39:10.5796270Z [INFO] UserEmail: 
2025-08-16T20:39:10.5796491Z [INFO] CommitMessage: 
2025-08-16T20:39:10.5796718Z [INFO] FullCommitMessage: 
2025-08-16T20:39:10.5797084Z [INFO] TagName: 
2025-08-16T20:39:10.5797367Z [INFO] TagMessage: 
2025-08-16T20:39:10.5797728Z [INFO] EnableJekyll (DisableNoJekyll): false
2025-08-16T20:39:10.5798025Z [INFO] CNAME: 
2025-08-16T20:39:10.5798243Z [INFO] ExcludeAssets .github
2025-08-16T20:39:10.5798409Z 
2025-08-16T20:39:10.5798729Z ##[endgroup]
2025-08-16T20:39:10.5799224Z ##[group]Setup auth token
2025-08-16T20:39:10.5799565Z [INFO] setup GITHUB_TOKEN
2025-08-16T20:39:10.5800540Z ##[endgroup]
2025-08-16T20:39:10.5800945Z ##[group]Prepare publishing assets
2025-08-16T20:39:10.5805189Z [INFO] ForceOrphan: false
2025-08-16T20:39:10.5854542Z [command]/usr/bin/git clone --depth=1 --single-branch --branch gh-pages ***github.com/AlexBomber12/AWA-App.git /home/runner/actions_github_pages_1755376750579
2025-08-16T20:39:10.5890419Z Cloning into '/home/runner/actions_github_pages_1755376750579'...
2025-08-16T20:39:10.8019023Z [INFO] clean up /home/runner/actions_github_pages_1755376750579
2025-08-16T20:39:10.8019732Z [INFO] chdir /home/runner/actions_github_pages_1755376750579
2025-08-16T20:39:10.8036405Z [command]/usr/bin/git rm -r --ignore-unmatch *
2025-08-16T20:39:10.8064282Z rm '.gitkeep'
2025-08-16T20:39:10.8066608Z rm '.nojekyll'
2025-08-16T20:39:10.8070798Z [INFO] chdir /home/runner/actions_github_pages_1755376750579
2025-08-16T20:39:10.8072522Z [INFO] prepare publishing assets
2025-08-16T20:39:10.8073889Z [INFO] copy /home/runner/work/AWA-App/AWA-App/docs/api to /home/runner/actions_github_pages_1755376750579
2025-08-16T20:39:10.8106465Z cp: no such file or directory: /home/runner/work/AWA-App/AWA-App/docs/api/*
2025-08-16T20:39:10.8116561Z [INFO] delete excluded assets
2025-08-16T20:39:10.8147510Z rm: no paths given
2025-08-16T20:39:10.8149747Z [INFO] Created /home/runner/actions_github_pages_1755376750579/.nojekyll
2025-08-16T20:39:10.8152380Z ##[endgroup]
2025-08-16T20:39:10.8153130Z ##[group]Setup Git config
2025-08-16T20:39:10.8169405Z [command]/usr/bin/git remote rm origin
2025-08-16T20:39:10.8220620Z [command]/usr/bin/git remote add origin ***github.com/AlexBomber12/AWA-App.git
2025-08-16T20:39:10.8265354Z [command]/usr/bin/git add --all
2025-08-16T20:39:10.8310140Z [command]/usr/bin/git config user.name AlexBomber12
2025-08-16T20:39:10.8351610Z [command]/usr/bin/git config user.email AlexBomber12@users.noreply.github.com
2025-08-16T20:39:10.8380344Z ##[endgroup]
2025-08-16T20:39:10.8380724Z ##[group]Create a commit
2025-08-16T20:39:10.8394290Z [command]/usr/bin/git commit -m deploy: 438eeccd7502ff2910e55bb3cc82031505a57bf2
2025-08-16T20:39:10.8421920Z On branch gh-pages
2025-08-16T20:39:10.8422294Z nothing to commit, working tree clean
2025-08-16T20:39:10.8427121Z [INFO] skip commit
2025-08-16T20:39:10.8428064Z ##[endgroup]
2025-08-16T20:39:10.8428690Z ##[group]Push the commit or tag
2025-08-16T20:39:10.8441141Z [command]/usr/bin/git push origin gh-pages
2025-08-16T20:39:11.0826944Z Everything up-to-date
2025-08-16T20:39:11.0862008Z ##[endgroup]
2025-08-16T20:39:11.0862255Z [INFO] Action successfully completed
2025-08-16T20:39:11.0977775Z Post job cleanup.
2025-08-16T20:39:11.2572896Z Post job cleanup.
2025-08-16T20:39:11.3506787Z [command]/usr/bin/git version
2025-08-16T20:39:11.3542363Z git version 2.50.1
2025-08-16T20:39:11.3584258Z Temporarily overriding HOME='/home/runner/work/_temp/745306f9-4b11-4545-b958-270024cf2b64' before making global git config changes
2025-08-16T20:39:11.3585617Z Adding repository directory to the temporary git global config as a safe directory
2025-08-16T20:39:11.3596817Z [command]/usr/bin/git config --global --add safe.directory /home/runner/work/AWA-App/AWA-App
2025-08-16T20:39:11.3631672Z [command]/usr/bin/git config --local --name-only --get-regexp core\.sshCommand
2025-08-16T20:39:11.3663342Z [command]/usr/bin/git submodule foreach --recursive sh -c "git config --local --name-only --get-regexp 'core\.sshCommand' && git config --local --unset-all 'core.sshCommand' || :"
2025-08-16T20:39:11.3888868Z [command]/usr/bin/git config --local --name-only --get-regexp http\.https\:\/\/github\.com\/\.extraheader
2025-08-16T20:39:11.3909637Z http.https://github.com/.extraheader
2025-08-16T20:39:11.3921263Z [command]/usr/bin/git config --local --unset-all http.https://github.com/.extraheader
2025-08-16T20:39:11.3950783Z [command]/usr/bin/git submodule foreach --recursive sh -c "git config --local --name-only --get-regexp 'http\.https\:\/\/github\.com\/\.extraheader' && git config --local --unset-all 'http.https://github.com/.extraheader' || :"
2025-08-16T20:39:11.4275515Z Cleaning up orphan processes
