2025-08-20T14:09:34.9473967Z Current runner version: '2.327.1'
2025-08-20T14:09:34.9498391Z ##[group]Runner Image Provisioner
2025-08-20T14:09:34.9499387Z Hosted Compute Agent
2025-08-20T14:09:34.9499978Z Version: 20250818.377
2025-08-20T14:09:34.9500642Z Commit: 3c593e9f75fe0b87e893bca80d6e12ba089c61fc
2025-08-20T14:09:34.9501386Z Build Date: 2025-08-18T14:52:18Z
2025-08-20T14:09:34.9501994Z ##[endgroup]
2025-08-20T14:09:34.9502604Z ##[group]Operating System
2025-08-20T14:09:34.9503318Z Ubuntu
2025-08-20T14:09:34.9503862Z 24.04.2
2025-08-20T14:09:34.9504418Z LTS
2025-08-20T14:09:34.9504926Z ##[endgroup]
2025-08-20T14:09:34.9505472Z ##[group]Runner Image
2025-08-20T14:09:34.9506300Z Image: ubuntu-24.04
2025-08-20T14:09:34.9506998Z Version: 20250810.1.0
2025-08-20T14:09:34.9507999Z Included Software: https://github.com/actions/runner-images/blob/ubuntu24/20250810.1/images/ubuntu/Ubuntu2404-Readme.md
2025-08-20T14:09:34.9509601Z Image Release: https://github.com/actions/runner-images/releases/tag/ubuntu24%2F20250810.1
2025-08-20T14:09:34.9510639Z ##[endgroup]
2025-08-20T14:09:34.9513189Z ##[group]GITHUB_TOKEN Permissions
2025-08-20T14:09:34.9515436Z Actions: write
2025-08-20T14:09:34.9516309Z Attestations: write
2025-08-20T14:09:34.9516974Z Checks: write
2025-08-20T14:09:34.9517523Z Contents: write
2025-08-20T14:09:34.9518037Z Deployments: write
2025-08-20T14:09:34.9518664Z Discussions: write
2025-08-20T14:09:34.9519222Z Issues: write
2025-08-20T14:09:34.9519767Z Metadata: read
2025-08-20T14:09:34.9520312Z Models: read
2025-08-20T14:09:34.9520881Z Packages: write
2025-08-20T14:09:34.9521421Z Pages: write
2025-08-20T14:09:34.9521976Z PullRequests: write
2025-08-20T14:09:34.9522585Z RepositoryProjects: write
2025-08-20T14:09:34.9523175Z SecurityEvents: write
2025-08-20T14:09:34.9523900Z Statuses: write
2025-08-20T14:09:34.9524452Z ##[endgroup]
2025-08-20T14:09:34.9526817Z Secret source: Actions
2025-08-20T14:09:34.9527645Z Prepare workflow directory
2025-08-20T14:09:34.9941897Z Prepare all required actions
2025-08-20T14:09:34.9993949Z Getting action download info
2025-08-20T14:09:35.4707284Z Download action repository 'actions/checkout@v4' (SHA:08eba0b27e820071cde6df949e0beb9ba4906955)
2025-08-20T14:09:36.0344176Z Download action repository 'actions/setup-python@v5' (SHA:a26af69be951a213d495a4c3e4e4022e16d87065)
2025-08-20T14:09:36.6624549Z Download action repository 'peaceiris/actions-gh-pages@v3' (SHA:373f7f263a76c20808c831209c920827a82a2847)
2025-08-20T14:09:37.2732193Z Complete job name: publish
2025-08-20T14:09:37.3531196Z ##[group]Run actions/checkout@v4
2025-08-20T14:09:37.3532442Z with:
2025-08-20T14:09:37.3533151Z   repository: AlexBomber12/AWA-App
2025-08-20T14:09:37.3534372Z   token: ***
2025-08-20T14:09:37.3535054Z   ssh-strict: true
2025-08-20T14:09:37.3535902Z   ssh-user: git
2025-08-20T14:09:37.3536619Z   persist-credentials: true
2025-08-20T14:09:37.3537430Z   clean: true
2025-08-20T14:09:37.3538142Z   sparse-checkout-cone-mode: true
2025-08-20T14:09:37.3539016Z   fetch-depth: 1
2025-08-20T14:09:37.3539707Z   fetch-tags: false
2025-08-20T14:09:37.3540456Z   show-progress: true
2025-08-20T14:09:37.3541192Z   lfs: false
2025-08-20T14:09:37.3541857Z   submodules: false
2025-08-20T14:09:37.3542599Z   set-safe-directory: true
2025-08-20T14:09:37.3543667Z ##[endgroup]
2025-08-20T14:09:37.4670690Z Syncing repository: AlexBomber12/AWA-App
2025-08-20T14:09:37.4673325Z ##[group]Getting Git version info
2025-08-20T14:09:37.4674579Z Working directory is '/home/runner/work/AWA-App/AWA-App'
2025-08-20T14:09:37.4676816Z [command]/usr/bin/git version
2025-08-20T14:09:37.4732544Z git version 2.50.1
2025-08-20T14:09:37.4759570Z ##[endgroup]
2025-08-20T14:09:37.4774628Z Temporarily overriding HOME='/home/runner/work/_temp/7ce94a36-a5e6-4067-8eac-3efc743354d1' before making global git config changes
2025-08-20T14:09:37.4778409Z Adding repository directory to the temporary git global config as a safe directory
2025-08-20T14:09:37.4786663Z [command]/usr/bin/git config --global --add safe.directory /home/runner/work/AWA-App/AWA-App
2025-08-20T14:09:37.4824958Z Deleting the contents of '/home/runner/work/AWA-App/AWA-App'
2025-08-20T14:09:37.4828864Z ##[group]Initializing the repository
2025-08-20T14:09:37.4832789Z [command]/usr/bin/git init /home/runner/work/AWA-App/AWA-App
2025-08-20T14:09:37.4907958Z hint: Using 'master' as the name for the initial branch. This default branch name
2025-08-20T14:09:37.4910552Z hint: is subject to change. To configure the initial branch name to use in all
2025-08-20T14:09:37.4913062Z hint: of your new repositories, which will suppress this warning, call:
2025-08-20T14:09:37.4915269Z hint:
2025-08-20T14:09:37.4917026Z hint: 	git config --global init.defaultBranch <name>
2025-08-20T14:09:37.4918992Z hint:
2025-08-20T14:09:37.4920810Z hint: Names commonly chosen instead of 'master' are 'main', 'trunk' and
2025-08-20T14:09:37.4923886Z hint: 'development'. The just-created branch can be renamed via this command:
2025-08-20T14:09:37.4926477Z hint:
2025-08-20T14:09:37.4927646Z hint: 	git branch -m <name>
2025-08-20T14:09:37.4929006Z hint:
2025-08-20T14:09:37.4930830Z hint: Disable this message with "git config set advice.defaultBranchName false"
2025-08-20T14:09:37.4933933Z Initialized empty Git repository in /home/runner/work/AWA-App/AWA-App/.git/
2025-08-20T14:09:37.4937234Z [command]/usr/bin/git remote add origin https://github.com/AlexBomber12/AWA-App
2025-08-20T14:09:37.4966350Z ##[endgroup]
2025-08-20T14:09:37.4967779Z ##[group]Disabling automatic garbage collection
2025-08-20T14:09:37.4969810Z [command]/usr/bin/git config --local gc.auto 0
2025-08-20T14:09:37.5005066Z ##[endgroup]
2025-08-20T14:09:37.5006518Z ##[group]Setting up auth
2025-08-20T14:09:37.5007839Z [command]/usr/bin/git config --local --name-only --get-regexp core\.sshCommand
2025-08-20T14:09:37.5036598Z [command]/usr/bin/git submodule foreach --recursive sh -c "git config --local --name-only --get-regexp 'core\.sshCommand' && git config --local --unset-all 'core.sshCommand' || :"
2025-08-20T14:09:37.5346859Z [command]/usr/bin/git config --local --name-only --get-regexp http\.https\:\/\/github\.com\/\.extraheader
2025-08-20T14:09:37.5376366Z [command]/usr/bin/git submodule foreach --recursive sh -c "git config --local --name-only --get-regexp 'http\.https\:\/\/github\.com\/\.extraheader' && git config --local --unset-all 'http.https://github.com/.extraheader' || :"
2025-08-20T14:09:37.5599980Z [command]/usr/bin/git config --local http.https://github.com/.extraheader AUTHORIZATION: basic ***
2025-08-20T14:09:37.5635352Z ##[endgroup]
2025-08-20T14:09:37.5637993Z ##[group]Fetching the repository
2025-08-20T14:09:37.5645283Z [command]/usr/bin/git -c protocol.version=2 fetch --no-tags --prune --no-recurse-submodules --depth=1 origin +22e2a55d340dc68eccd297553e901f21e472b41e:refs/remotes/origin/main
2025-08-20T14:09:38.0623682Z From https://github.com/AlexBomber12/AWA-App
2025-08-20T14:09:38.0624607Z  * [new ref]         22e2a55d340dc68eccd297553e901f21e472b41e -> origin/main
2025-08-20T14:09:38.0668772Z ##[endgroup]
2025-08-20T14:09:38.0669602Z ##[group]Determining the checkout info
2025-08-20T14:09:38.0670646Z ##[endgroup]
2025-08-20T14:09:38.0676823Z [command]/usr/bin/git sparse-checkout disable
2025-08-20T14:09:38.0726523Z [command]/usr/bin/git config --local --unset-all extensions.worktreeConfig
2025-08-20T14:09:38.0759205Z ##[group]Checking out the ref
2025-08-20T14:09:38.0763863Z [command]/usr/bin/git checkout --progress --force -B main refs/remotes/origin/main
2025-08-20T14:09:38.1101538Z Switched to a new branch 'main'
2025-08-20T14:09:38.1102318Z branch 'main' set up to track 'origin/main'.
2025-08-20T14:09:38.1109829Z ##[endgroup]
2025-08-20T14:09:38.1151036Z [command]/usr/bin/git log -1 --format=%H
2025-08-20T14:09:38.1175566Z 22e2a55d340dc68eccd297553e901f21e472b41e
2025-08-20T14:09:38.1426505Z ##[group]Run actions/setup-python@v5
2025-08-20T14:09:38.1426905Z with:
2025-08-20T14:09:38.1427154Z   python-version: 3.11
2025-08-20T14:09:38.1427415Z   check-latest: false
2025-08-20T14:09:38.1427830Z   token: ***
2025-08-20T14:09:38.1428062Z   update-environment: true
2025-08-20T14:09:38.1428664Z   allow-prereleases: false
2025-08-20T14:09:38.1428917Z   freethreaded: false
2025-08-20T14:09:38.1429153Z ##[endgroup]
2025-08-20T14:09:38.3239801Z ##[group]Installed versions
2025-08-20T14:09:38.3415274Z Successfully set up CPython (3.11.13)
2025-08-20T14:09:38.3417122Z ##[endgroup]
2025-08-20T14:09:38.3548306Z ##[group]Run pip install pydoc-markdown
2025-08-20T14:09:38.3548838Z [36;1mpip install pydoc-markdown[0m
2025-08-20T14:09:38.3633938Z shell: /usr/bin/bash -e {0}
2025-08-20T14:09:38.3634377Z env:
2025-08-20T14:09:38.3634991Z   pythonLocation: /opt/hostedtoolcache/Python/3.11.13/x64
2025-08-20T14:09:38.3635621Z   PKG_CONFIG_PATH: /opt/hostedtoolcache/Python/3.11.13/x64/lib/pkgconfig
2025-08-20T14:09:38.3636493Z   Python_ROOT_DIR: /opt/hostedtoolcache/Python/3.11.13/x64
2025-08-20T14:09:38.3637116Z   Python2_ROOT_DIR: /opt/hostedtoolcache/Python/3.11.13/x64
2025-08-20T14:09:38.3637659Z   Python3_ROOT_DIR: /opt/hostedtoolcache/Python/3.11.13/x64
2025-08-20T14:09:38.3638224Z   LD_LIBRARY_PATH: /opt/hostedtoolcache/Python/3.11.13/x64/lib
2025-08-20T14:09:38.3638702Z ##[endgroup]
2025-08-20T14:09:39.0293769Z Collecting pydoc-markdown
2025-08-20T14:09:39.0633791Z   Downloading pydoc_markdown-4.8.2-py3-none-any.whl.metadata (5.9 kB)
2025-08-20T14:09:39.1109790Z Collecting PyYAML<7.0,>=5.0 (from pydoc-markdown)
2025-08-20T14:09:39.1212573Z   Downloading PyYAML-6.0.2-cp311-cp311-manylinux_2_17_x86_64.manylinux2014_x86_64.whl.metadata (2.1 kB)
2025-08-20T14:09:39.1425365Z Collecting click<9.0,>=7.1 (from pydoc-markdown)
2025-08-20T14:09:39.1457872Z   Downloading click-8.2.1-py3-none-any.whl.metadata (2.5 kB)
2025-08-20T14:09:39.1688617Z Collecting databind.core<5.0.0,>=4.4.0 (from pydoc-markdown)
2025-08-20T14:09:39.1727334Z   Downloading databind.core-4.5.2-py3-none-any.whl.metadata (1.1 kB)
2025-08-20T14:09:39.1963997Z Collecting databind.json<5.0.0,>=4.4.0 (from pydoc-markdown)
2025-08-20T14:09:39.2007623Z   Downloading databind.json-4.5.2-py3-none-any.whl.metadata (1.1 kB)
2025-08-20T14:09:39.2299150Z Collecting docspec<3.0.0,>=2.2.1 (from pydoc-markdown)
2025-08-20T14:09:39.2339423Z   Downloading docspec-2.2.2-py3-none-any.whl.metadata (1.0 kB)
2025-08-20T14:09:39.2478520Z Collecting docspec-python<3.0.0,>=2.2.1 (from pydoc-markdown)
2025-08-20T14:09:39.2517817Z   Downloading docspec_python-2.2.2-py3-none-any.whl.metadata (1.0 kB)
2025-08-20T14:09:39.2644096Z Collecting docstring-parser<0.12,>=0.11 (from pydoc-markdown)
2025-08-20T14:09:39.2690295Z   Downloading docstring_parser-0.11.tar.gz (22 kB)
2025-08-20T14:09:39.2830237Z   Installing build dependencies: started
2025-08-20T14:09:40.0769091Z   Installing build dependencies: finished with status 'done'
2025-08-20T14:09:40.0774916Z   Getting requirements to build wheel: started
2025-08-20T14:09:40.4906587Z   Getting requirements to build wheel: finished with status 'done'
2025-08-20T14:09:40.4915154Z   Preparing metadata (pyproject.toml): started
2025-08-20T14:09:40.6755038Z   Preparing metadata (pyproject.toml): finished with status 'done'
2025-08-20T14:09:40.6916454Z Collecting jinja2<4.0.0,>=3.0.0 (from pydoc-markdown)
2025-08-20T14:09:40.6945136Z   Downloading jinja2-3.1.6-py3-none-any.whl.metadata (2.9 kB)
2025-08-20T14:09:40.7129902Z Collecting nr.util<1.0.0,>=0.7.5 (from pydoc-markdown)
2025-08-20T14:09:40.7197282Z   Downloading nr.util-0.8.12-py3-none-any.whl.metadata (813 bytes)
2025-08-20T14:09:40.7494508Z Collecting requests<3.0.0,>=2.23.0 (from pydoc-markdown)
2025-08-20T14:09:40.7528679Z   Downloading requests-2.32.5-py3-none-any.whl.metadata (4.9 kB)
2025-08-20T14:09:40.7698249Z Collecting tomli<3.0.0,>=2.0.0 (from pydoc-markdown)
2025-08-20T14:09:40.7753217Z   Downloading tomli-2.2.1-cp311-cp311-manylinux_2_17_x86_64.manylinux2014_x86_64.whl.metadata (11 kB)
2025-08-20T14:09:40.7873905Z Collecting tomli_w<2.0.0,>=1.0.0 (from pydoc-markdown)
2025-08-20T14:09:40.7903072Z   Downloading tomli_w-1.2.0-py3-none-any.whl.metadata (5.7 kB)
2025-08-20T14:09:40.8417571Z Collecting watchdog (from pydoc-markdown)
2025-08-20T14:09:40.8449234Z   Downloading watchdog-6.0.0-py3-none-manylinux2014_x86_64.whl.metadata (44 kB)
2025-08-20T14:09:40.8679200Z Collecting yapf>=0.30.0 (from pydoc-markdown)
2025-08-20T14:09:40.8750272Z   Downloading yapf-0.43.0-py3-none-any.whl.metadata (46 kB)
2025-08-20T14:09:40.9005421Z Collecting databind<5.0.0,>=4.5.2 (from databind.core<5.0.0,>=4.4.0->pydoc-markdown)
2025-08-20T14:09:40.9043410Z   Downloading databind-4.5.2-py3-none-any.whl.metadata (4.3 kB)
2025-08-20T14:09:40.9201787Z Collecting Deprecated<2.0.0,>=1.2.12 (from databind<5.0.0,>=4.5.2->databind.core<5.0.0,>=4.4.0->pydoc-markdown)
2025-08-20T14:09:40.9234004Z   Downloading Deprecated-1.2.18-py2.py3-none-any.whl.metadata (5.7 kB)
2025-08-20T14:09:40.9360436Z Collecting nr-date<3.0.0,>=2.0.0 (from databind<5.0.0,>=4.5.2->databind.core<5.0.0,>=4.4.0->pydoc-markdown)
2025-08-20T14:09:40.9408038Z   Downloading nr_date-2.1.0-py3-none-any.whl.metadata (746 bytes)
2025-08-20T14:09:40.9533658Z Collecting nr-stream<2.0.0,>=1.0.0 (from databind<5.0.0,>=4.5.2->databind.core<5.0.0,>=4.4.0->pydoc-markdown)
2025-08-20T14:09:40.9570730Z   Downloading nr_stream-1.1.5-py3-none-any.whl.metadata (3.6 kB)
2025-08-20T14:09:40.9754330Z Collecting typeapi<3,>=2.0.1 (from databind<5.0.0,>=4.5.2->databind.core<5.0.0,>=4.4.0->pydoc-markdown)
2025-08-20T14:09:40.9797774Z   Downloading typeapi-2.2.4-py3-none-any.whl.metadata (1.5 kB)
2025-08-20T14:09:40.9981946Z Collecting typing-extensions<5,>=3.10.0 (from databind<5.0.0,>=4.5.2->databind.core<5.0.0,>=4.4.0->pydoc-markdown)
2025-08-20T14:09:41.0011875Z   Downloading typing_extensions-4.14.1-py3-none-any.whl.metadata (3.0 kB)
2025-08-20T14:09:41.1033235Z Collecting wrapt<2,>=1.10 (from Deprecated<2.0.0,>=1.2.12->databind<5.0.0,>=4.5.2->databind.core<5.0.0,>=4.4.0->pydoc-markdown)
2025-08-20T14:09:41.1128601Z   Downloading wrapt-1.17.3-cp311-cp311-manylinux1_x86_64.manylinux_2_28_x86_64.manylinux_2_5_x86_64.whl.metadata (6.4 kB)
2025-08-20T14:09:41.1715073Z Collecting black>=24.8.0 (from docspec-python<3.0.0,>=2.2.1->pydoc-markdown)
2025-08-20T14:09:41.1749169Z   Downloading black-25.1.0-cp311-cp311-manylinux_2_17_x86_64.manylinux2014_x86_64.manylinux_2_28_x86_64.whl.metadata (81 kB)
2025-08-20T14:09:41.1880027Z Collecting docspec<3.0.0,>=2.2.1 (from pydoc-markdown)
2025-08-20T14:09:41.1922541Z   Downloading docspec-2.2.1-py3-none-any.whl.metadata (1.5 kB)
2025-08-20T14:09:41.2509805Z Collecting MarkupSafe>=2.0 (from jinja2<4.0.0,>=3.0.0->pydoc-markdown)
2025-08-20T14:09:41.2551950Z   Downloading MarkupSafe-3.0.2-cp311-cp311-manylinux_2_17_x86_64.manylinux2014_x86_64.whl.metadata (4.0 kB)
2025-08-20T14:09:41.3496642Z Collecting charset_normalizer<4,>=2 (from requests<3.0.0,>=2.23.0->pydoc-markdown)
2025-08-20T14:09:41.3528711Z   Downloading charset_normalizer-3.4.3-cp311-cp311-manylinux2014_x86_64.manylinux_2_17_x86_64.manylinux_2_28_x86_64.whl.metadata (36 kB)
2025-08-20T14:09:41.3695174Z Collecting idna<4,>=2.5 (from requests<3.0.0,>=2.23.0->pydoc-markdown)
2025-08-20T14:09:41.3722548Z   Downloading idna-3.10-py3-none-any.whl.metadata (10 kB)
2025-08-20T14:09:41.4010720Z Collecting urllib3<3,>=1.21.1 (from requests<3.0.0,>=2.23.0->pydoc-markdown)
2025-08-20T14:09:41.4045402Z   Downloading urllib3-2.5.0-py3-none-any.whl.metadata (6.5 kB)
2025-08-20T14:09:41.4260975Z Collecting certifi>=2017.4.17 (from requests<3.0.0,>=2.23.0->pydoc-markdown)
2025-08-20T14:09:41.4289798Z   Downloading certifi-2025.8.3-py3-none-any.whl.metadata (2.4 kB)
2025-08-20T14:09:41.4545480Z Collecting mypy-extensions>=0.4.3 (from black>=24.8.0->docspec-python<3.0.0,>=2.2.1->pydoc-markdown)
2025-08-20T14:09:41.4582066Z   Downloading mypy_extensions-1.1.0-py3-none-any.whl.metadata (1.1 kB)
2025-08-20T14:09:41.4749172Z Collecting packaging>=22.0 (from black>=24.8.0->docspec-python<3.0.0,>=2.2.1->pydoc-markdown)
2025-08-20T14:09:41.4776723Z   Downloading packaging-25.0-py3-none-any.whl.metadata (3.3 kB)
2025-08-20T14:09:41.4901925Z Collecting pathspec>=0.9.0 (from black>=24.8.0->docspec-python<3.0.0,>=2.2.1->pydoc-markdown)
2025-08-20T14:09:41.4931520Z   Downloading pathspec-0.12.1-py3-none-any.whl.metadata (21 kB)
2025-08-20T14:09:41.5197035Z Collecting platformdirs>=2 (from black>=24.8.0->docspec-python<3.0.0,>=2.2.1->pydoc-markdown)
2025-08-20T14:09:41.5198191Z   Downloading platformdirs-4.3.8-py3-none-any.whl.metadata (12 kB)
2025-08-20T14:09:41.5400312Z Downloading pydoc_markdown-4.8.2-py3-none-any.whl (67 kB)
2025-08-20T14:09:41.5454824Z Downloading click-8.2.1-py3-none-any.whl (102 kB)
2025-08-20T14:09:41.5521156Z Downloading databind.core-4.5.2-py3-none-any.whl (1.5 kB)
2025-08-20T14:09:41.5586344Z Downloading databind-4.5.2-py3-none-any.whl (49 kB)
2025-08-20T14:09:41.5641480Z Downloading databind.json-4.5.2-py3-none-any.whl (1.5 kB)
2025-08-20T14:09:41.5694041Z Downloading Deprecated-1.2.18-py2.py3-none-any.whl (10.0 kB)
2025-08-20T14:09:41.5749128Z Downloading docspec_python-2.2.2-py3-none-any.whl (15 kB)
2025-08-20T14:09:41.5805708Z Downloading docspec-2.2.1-py3-none-any.whl (9.8 kB)
2025-08-20T14:09:41.5893623Z Downloading jinja2-3.1.6-py3-none-any.whl (134 kB)
2025-08-20T14:09:41.5970917Z Downloading nr_date-2.1.0-py3-none-any.whl (10 kB)
2025-08-20T14:09:41.6049116Z Downloading nr_stream-1.1.5-py3-none-any.whl (10 kB)
2025-08-20T14:09:41.6102619Z Downloading nr.util-0.8.12-py3-none-any.whl (90 kB)
2025-08-20T14:09:41.6157609Z Downloading PyYAML-6.0.2-cp311-cp311-manylinux_2_17_x86_64.manylinux2014_x86_64.whl (762 kB)
2025-08-20T14:09:41.6282813Z    ━━━━━━━━━━━━━━━━━━━━━━━━━━━━━━━━━━━━━━━━ 763.0/763.0 kB 67.5 MB/s  0:00:00
2025-08-20T14:09:41.6311070Z Downloading requests-2.32.5-py3-none-any.whl (64 kB)
2025-08-20T14:09:41.6366230Z Downloading charset_normalizer-3.4.3-cp311-cp311-manylinux2014_x86_64.manylinux_2_17_x86_64.manylinux_2_28_x86_64.whl (150 kB)
2025-08-20T14:09:41.6424818Z Downloading idna-3.10-py3-none-any.whl (70 kB)
2025-08-20T14:09:41.6474820Z Downloading tomli-2.2.1-cp311-cp311-manylinux_2_17_x86_64.manylinux2014_x86_64.whl (236 kB)
2025-08-20T14:09:41.6552947Z Downloading tomli_w-1.2.0-py3-none-any.whl (6.7 kB)
2025-08-20T14:09:41.6611433Z Downloading typeapi-2.2.4-py3-none-any.whl (26 kB)
2025-08-20T14:09:41.6660183Z Downloading typing_extensions-4.14.1-py3-none-any.whl (43 kB)
2025-08-20T14:09:41.6734266Z Downloading urllib3-2.5.0-py3-none-any.whl (129 kB)
2025-08-20T14:09:41.6794913Z Downloading wrapt-1.17.3-cp311-cp311-manylinux1_x86_64.manylinux_2_28_x86_64.manylinux_2_5_x86_64.whl (82 kB)
2025-08-20T14:09:41.6851090Z Downloading black-25.1.0-cp311-cp311-manylinux_2_17_x86_64.manylinux2014_x86_64.manylinux_2_28_x86_64.whl (1.7 MB)
2025-08-20T14:09:41.7051987Z    ━━━━━━━━━━━━━━━━━━━━━━━━━━━━━━━━━━━━━━━━ 1.7/1.7 MB 96.5 MB/s  0:00:00
2025-08-20T14:09:41.7086044Z Downloading certifi-2025.8.3-py3-none-any.whl (161 kB)
2025-08-20T14:09:41.7143766Z Downloading MarkupSafe-3.0.2-cp311-cp311-manylinux_2_17_x86_64.manylinux2014_x86_64.whl (23 kB)
2025-08-20T14:09:41.7198378Z Downloading mypy_extensions-1.1.0-py3-none-any.whl (5.0 kB)
2025-08-20T14:09:41.7262036Z Downloading packaging-25.0-py3-none-any.whl (66 kB)
2025-08-20T14:09:41.7317806Z Downloading pathspec-0.12.1-py3-none-any.whl (31 kB)
2025-08-20T14:09:41.7369146Z Downloading platformdirs-4.3.8-py3-none-any.whl (18 kB)
2025-08-20T14:09:41.7419407Z Downloading yapf-0.43.0-py3-none-any.whl (256 kB)
2025-08-20T14:09:41.7484799Z Downloading watchdog-6.0.0-py3-none-manylinux2014_x86_64.whl (79 kB)
2025-08-20T14:09:41.7750693Z Building wheels for collected packages: docstring-parser
2025-08-20T14:09:41.7759076Z   Building wheel for docstring-parser (pyproject.toml): started
2025-08-20T14:09:41.9864004Z   Building wheel for docstring-parser (pyproject.toml): finished with status 'done'
2025-08-20T14:09:41.9870547Z   Created wheel for docstring-parser: filename=docstring_parser-0.11-py3-none-any.whl size=31551 sha256=0bf8600e83290541ea4d1bea190566a4bf86b40e506f13f0d92a0003a3bd9693
2025-08-20T14:09:41.9871821Z   Stored in directory: /home/runner/.cache/pip/wheels/0f/f9/78/1186f8bf3425dbd3fb3fa32beee828876c792f49eb2554e888
2025-08-20T14:09:41.9888927Z Successfully built docstring-parser
2025-08-20T14:09:42.0360042Z Installing collected packages: wrapt, watchdog, urllib3, typing-extensions, tomli_w, tomli, PyYAML, platformdirs, pathspec, packaging, nr-stream, nr-date, mypy-extensions, MarkupSafe, idna, docstring-parser, click, charset_normalizer, certifi, yapf, typeapi, requests, jinja2, Deprecated, black, nr.util, databind, databind.json, databind.core, docspec, docspec-python, pydoc-markdown
2025-08-20T14:09:43.1809625Z 
2025-08-20T14:09:43.1833139Z Successfully installed Deprecated-1.2.18 MarkupSafe-3.0.2 PyYAML-6.0.2 black-25.1.0 certifi-2025.8.3 charset_normalizer-3.4.3 click-8.2.1 databind-4.5.2 databind.core-4.5.2 databind.json-4.5.2 docspec-2.2.1 docspec-python-2.2.2 docstring-parser-0.11 idna-3.10 jinja2-3.1.6 mypy-extensions-1.1.0 nr-date-2.1.0 nr-stream-1.1.5 nr.util-0.8.12 packaging-25.0 pathspec-0.12.1 platformdirs-4.3.8 pydoc-markdown-4.8.2 requests-2.32.5 tomli-2.2.1 tomli_w-1.2.0 typeapi-2.2.4 typing-extensions-4.14.1 urllib3-2.5.0 watchdog-6.0.0 wrapt-1.17.3 yapf-0.43.0
2025-08-20T14:09:43.3771597Z ##[group]Run pydoc-markdown
2025-08-20T14:09:43.3771879Z [36;1mpydoc-markdown[0m
2025-08-20T14:09:43.3813693Z shell: /usr/bin/bash -e {0}
2025-08-20T14:09:43.3813915Z env:
2025-08-20T14:09:43.3814147Z   pythonLocation: /opt/hostedtoolcache/Python/3.11.13/x64
2025-08-20T14:09:43.3814546Z   PKG_CONFIG_PATH: /opt/hostedtoolcache/Python/3.11.13/x64/lib/pkgconfig
2025-08-20T14:09:43.3814925Z   Python_ROOT_DIR: /opt/hostedtoolcache/Python/3.11.13/x64
2025-08-20T14:09:43.3815283Z   Python2_ROOT_DIR: /opt/hostedtoolcache/Python/3.11.13/x64
2025-08-20T14:09:43.3815625Z   Python3_ROOT_DIR: /opt/hostedtoolcache/Python/3.11.13/x64
2025-08-20T14:09:43.3816286Z   LD_LIBRARY_PATH: /opt/hostedtoolcache/Python/3.11.13/x64/lib
2025-08-20T14:09:43.3816577Z ##[endgroup]
2025-08-20T14:09:43.6763641Z [WARNING - pydoc_markdown.main]: Unknown configuration options:
2025-08-20T14:09:43.6764266Z Unknown key(s) "{'output_directory'}" at:
2025-08-20T14:09:43.6764724Z In "pydoc-markdown.yml"
2025-08-20T14:09:43.6765214Z   $: TypeHint(pydoc_markdown.PydocMarkdown)
2025-08-20T14:09:43.6765976Z   .renderer: TypeHint(pydoc_markdown.interfaces.Renderer)
2025-08-20T14:09:43.6767113Z   ^: TypeHint(pydoc_markdown.contrib.renderers.markdown.MarkdownRenderer)
2025-08-20T14:09:43.6767667Z 
2025-08-20T14:09:44.0355688Z <a id="__init__"></a>
2025-08-20T14:09:44.0356439Z 
2025-08-20T14:09:44.0356592Z # \_\_init\_\_
2025-08-20T14:09:44.0356803Z 
2025-08-20T14:09:44.0356950Z <a id="api"></a>
2025-08-20T14:09:44.0357187Z 
2025-08-20T14:09:44.0357309Z # api
2025-08-20T14:09:44.0357514Z 
2025-08-20T14:09:44.0357692Z <a id="api.errors"></a>
2025-08-20T14:09:44.0358020Z 
2025-08-20T14:09:44.0358158Z # api.errors
2025-08-20T14:09:44.0358346Z 
2025-08-20T14:09:44.0358503Z <a id="api.sentry_config"></a>
2025-08-20T14:09:44.0358784Z 
2025-08-20T14:09:44.0358930Z # api.sentry\_config
2025-08-20T14:09:44.0359184Z 
2025-08-20T14:09:44.0359407Z <a id="api.tests.test_stats_contracts"></a>
2025-08-20T14:09:44.0359788Z 
2025-08-20T14:09:44.0359995Z # api.tests.test\_stats\_contracts
2025-08-20T14:09:44.0360348Z 
2025-08-20T14:09:44.0360534Z <a id="api.tests.test_sentry_scrub"></a>
2025-08-20T14:09:44.0360895Z 
2025-08-20T14:09:44.0361071Z # api.tests.test\_sentry\_scrub
2025-08-20T14:09:44.0361371Z 
2025-08-20T14:09:44.0361561Z <a id="api.tests.test_roi_basic_auth"></a>
2025-08-20T14:09:44.0361923Z 
2025-08-20T14:09:44.0362115Z # api.tests.test\_roi\_basic\_auth
2025-08-20T14:09:44.0362440Z 
2025-08-20T14:09:44.0362666Z <a id="api.tests.test_errors_json"></a>
2025-08-20T14:09:44.0363119Z 
2025-08-20T14:09:44.0363305Z # api.tests.test\_errors\_json
2025-08-20T14:09:44.0363673Z 
2025-08-20T14:09:44.0363896Z <a id="api.tests.test_llm"></a>
2025-08-20T14:09:44.0364261Z 
2025-08-20T14:09:44.0364468Z # api.tests.test\_llm
2025-08-20T14:09:44.0364746Z 
2025-08-20T14:09:44.0364948Z <a id="api.tests.test_roi_filters"></a>
2025-08-20T14:09:44.0365322Z 
2025-08-20T14:09:44.0365511Z # api.tests.test\_roi\_filters
2025-08-20T14:09:44.0366033Z 
2025-08-20T14:09:44.0366224Z <a id="api.tests.test_sentry_event"></a>
2025-08-20T14:09:44.0366990Z 
2025-08-20T14:09:44.0367164Z # api.tests.test\_sentry\_event
2025-08-20T14:09:44.0367446Z 
2025-08-20T14:09:44.0367688Z <a id="api.tests.test_sentry_event.DummyTransport"></a>
2025-08-20T14:09:44.0368120Z 
2025-08-20T14:09:44.0368302Z ## DummyTransport Objects
2025-08-20T14:09:44.0368594Z 
2025-08-20T14:09:44.0368735Z ```python
2025-08-20T14:09:44.0369106Z class DummyTransport()
2025-08-20T14:09:44.0369475Z ```
2025-08-20T14:09:44.0369663Z 
2025-08-20T14:09:44.0370024Z <a id="api.tests.test_sentry_event.DummyTransport.capture_envelope"></a>
2025-08-20T14:09:44.0370556Z 
2025-08-20T14:09:44.0370735Z #### capture\_envelope
2025-08-20T14:09:44.0370966Z 
2025-08-20T14:09:44.0371095Z ```python
2025-08-20T14:09:44.0371448Z def capture_envelope(envelope)
2025-08-20T14:09:44.0371854Z ```
2025-08-20T14:09:44.0372026Z 
2025-08-20T14:09:44.0372275Z Capture events sent as envelopes by Sentry SDK >= 2.0.
2025-08-20T14:09:44.0372695Z 
2025-08-20T14:09:44.0373178Z <a id="api.tests.test_cors"></a>
2025-08-20T14:09:44.0373491Z 
2025-08-20T14:09:44.0373633Z # api.tests.test\_cors
2025-08-20T14:09:44.0373878Z 
2025-08-20T14:09:44.0374048Z <a id="api.tests.test_imports"></a>
2025-08-20T14:09:44.0374373Z 
2025-08-20T14:09:44.0374527Z # api.tests.test\_imports
2025-08-20T14:09:44.0374799Z 
2025-08-20T14:09:44.0374976Z <a id="api.tests.test_rate_limit"></a>
2025-08-20T14:09:44.0375258Z 
2025-08-20T14:09:44.0375403Z # api.tests.test\_rate\_limit
2025-08-20T14:09:44.0375633Z 
2025-08-20T14:09:44.0375992Z <a id="api.tests.test_rate_limit.app"></a>
2025-08-20T14:09:44.0376283Z 
2025-08-20T14:09:44.0376395Z #### app
2025-08-20T14:09:44.0376539Z 
2025-08-20T14:09:44.0376650Z noqa: E402
2025-08-20T14:09:44.0376803Z 
2025-08-20T14:09:44.0376943Z <a id="api.tests.test_stats_sql"></a>
2025-08-20T14:09:44.0377205Z 
2025-08-20T14:09:44.0377332Z # api.tests.test\_stats\_sql
2025-08-20T14:09:44.0377563Z 
2025-08-20T14:09:44.0377719Z <a id="api.tests.test_entrypoint"></a>
2025-08-20T14:09:44.0377987Z 
2025-08-20T14:09:44.0378131Z # api.tests.test\_entrypoint
2025-08-20T14:09:44.0378364Z 
2025-08-20T14:09:44.0378598Z <a id="api.tests.test_stats_future_contracts"></a>
2025-08-20T14:09:44.0378943Z 
2025-08-20T14:09:44.0379116Z # api.tests.test\_stats\_future\_contracts
2025-08-20T14:09:44.0379389Z 
2025-08-20T14:09:44.0379540Z <a id="api.tests.test_health"></a>
2025-08-20T14:09:44.0379803Z 
2025-08-20T14:09:44.0379927Z # api.tests.test\_health
2025-08-20T14:09:44.0380130Z 
2025-08-20T14:09:44.0380270Z <a id="api.tests.test_score"></a>
2025-08-20T14:09:44.0380502Z 
2025-08-20T14:09:44.0380577Z # api.tests.test\_score
2025-08-20T14:09:44.0380718Z 
2025-08-20T14:09:44.0380801Z <a id="api.logging_config"></a>
2025-08-20T14:09:44.0380942Z 
2025-08-20T14:09:44.0381012Z # api.logging\_config
2025-08-20T14:09:44.0381131Z 
2025-08-20T14:09:44.0381209Z <a id="api.migrations.env"></a>
2025-08-20T14:09:44.0381346Z 
2025-08-20T14:09:44.0381423Z # api.migrations.env
2025-08-20T14:09:44.0381543Z 
2025-08-20T14:09:44.0381667Z <a id="api.migrations.versions.0022_fix_roi_view"></a>
2025-08-20T14:09:44.0381873Z 
2025-08-20T14:09:44.0381982Z # api.migrations.versions.0022\_fix\_roi\_view
2025-08-20T14:09:44.0382165Z 
2025-08-20T14:09:44.0382272Z <a id="api.migrations.versions.0004_fee_cron"></a>
2025-08-20T14:09:44.0382473Z 
2025-08-20T14:09:44.0382570Z # api.migrations.versions.0004\_fee\_cron
2025-08-20T14:09:44.0382744Z 
2025-08-20T14:09:44.0382901Z <a id="api.migrations.versions.3e9d5c5aff2c_rename_fulf_fee"></a>
2025-08-20T14:09:44.0383135Z 
2025-08-20T14:09:44.0383268Z # api.migrations.versions.3e9d5c5aff2c\_rename\_fulf\_fee
2025-08-20T14:09:44.0383490Z 
2025-08-20T14:09:44.0383610Z <a id="api.migrations.versions.0003_vendor_prices"></a>
2025-08-20T14:09:44.0383810Z 
2025-08-20T14:09:44.0383913Z # api.migrations.versions.0003\_vendor\_prices
2025-08-20T14:09:44.0384098Z 
2025-08-20T14:09:44.0384211Z <a id="api.migrations.versions.0024_create_buybox"></a>
2025-08-20T14:09:44.0384482Z 
2025-08-20T14:09:44.0384602Z # api.migrations.versions.0024\_create\_buybox
2025-08-20T14:09:44.0384985Z 
2025-08-20T14:09:44.0385114Z <a id="api.migrations.versions.0002_create_roi_view"></a>
2025-08-20T14:09:44.0385320Z 
2025-08-20T14:09:44.0385427Z # api.migrations.versions.0002\_create\_roi\_view
2025-08-20T14:09:44.0385615Z 
2025-08-20T14:09:44.0385728Z <a id="api.migrations.versions.0006_fix_roi_views"></a>
2025-08-20T14:09:44.0386149Z 
2025-08-20T14:09:44.0386257Z # api.migrations.versions.0006\_fix\_roi\_views
2025-08-20T14:09:44.0386448Z 
2025-08-20T14:09:44.0386570Z <a id="api.migrations.versions.0020_unified_schema"></a>
2025-08-20T14:09:44.0386769Z 
2025-08-20T14:09:44.0386877Z # api.migrations.versions.0020\_unified\_schema
2025-08-20T14:09:44.0387054Z 
2025-08-20T14:09:44.0387187Z <a id="api.migrations.versions.0025_pr4_indexes_loadlog"></a>
2025-08-20T14:09:44.0387406Z 
2025-08-20T14:09:44.0387523Z # api.migrations.versions.0025\_pr4\_indexes\_loadlog
2025-08-20T14:09:44.0387718Z 
2025-08-20T14:09:44.0388015Z <a id="api.migrations.versions.0023_add_storage_fee"></a>
2025-08-20T14:09:44.0388241Z 
2025-08-20T14:09:44.0388347Z # api.migrations.versions.0023\_add\_storage\_fee
2025-08-20T14:09:44.0388531Z 
2025-08-20T14:09:44.0388670Z <a id="api.migrations.versions.0026_amazon_new_reports"></a>
2025-08-20T14:09:44.0388883Z 
2025-08-20T14:09:44.0388998Z # api.migrations.versions.0026\_amazon\_new\_reports
2025-08-20T14:09:44.0389199Z 
2025-08-20T14:09:44.0389305Z <a id="api.migrations.versions.0001_baseline"></a>
2025-08-20T14:09:44.0389490Z 
2025-08-20T14:09:44.0389589Z # api.migrations.versions.0001\_baseline
2025-08-20T14:09:44.0389986Z 
2025-08-20T14:09:44.0390140Z <a id="api.migrations.versions"></a>
2025-08-20T14:09:44.0390422Z 
2025-08-20T14:09:44.0390569Z # api.migrations.versions
2025-08-20T14:09:44.0390807Z 
2025-08-20T14:09:44.0390956Z <a id="api.migrations"></a>
2025-08-20T14:09:44.0391194Z 
2025-08-20T14:09:44.0391312Z # api.migrations
2025-08-20T14:09:44.0391493Z 
2025-08-20T14:09:44.0391630Z <a id="api.db"></a>
2025-08-20T14:09:44.0391819Z 
2025-08-20T14:09:44.0391931Z # api.db
2025-08-20T14:09:44.0392085Z 
2025-08-20T14:09:44.0392177Z <a id="api.routes.score"></a>
2025-08-20T14:09:44.0392319Z 
2025-08-20T14:09:44.0392389Z # api.routes.score
2025-08-20T14:09:44.0392500Z 
2025-08-20T14:09:44.0392577Z <a id="api.routes.stats"></a>
2025-08-20T14:09:44.0392709Z 
2025-08-20T14:09:44.0392775Z # api.routes.stats
2025-08-20T14:09:44.0392883Z 
2025-08-20T14:09:44.0392957Z <a id="api.routes.roi"></a>
2025-08-20T14:09:44.0393082Z 
2025-08-20T14:09:44.0393153Z # api.routes.roi
2025-08-20T14:09:44.0393253Z 
2025-08-20T14:09:44.0393334Z <a id="api.routes.health"></a>
2025-08-20T14:09:44.0393475Z 
2025-08-20T14:09:44.0393543Z # api.routes.health
2025-08-20T14:09:44.0393648Z 
2025-08-20T14:09:44.0393739Z <a id="api.routes.health.MAX_SKEW"></a>
2025-08-20T14:09:44.0393911Z 
2025-08-20T14:09:44.0393974Z #### MAX\_SKEW
2025-08-20T14:09:44.0394069Z 
2025-08-20T14:09:44.0394140Z seconds
2025-08-20T14:09:44.0394225Z 
2025-08-20T14:09:44.0394323Z <a id="api.routes.health.health"></a>
2025-08-20T14:09:44.0394493Z 
2025-08-20T14:09:44.0394561Z #### health
2025-08-20T14:09:44.0394650Z 
2025-08-20T14:09:44.0394716Z ```python
2025-08-20T14:09:44.0394918Z @router.get("/health", include_in_schema=False)
2025-08-20T14:09:44.0395323Z async def health(session: AsyncSession = Depends(get_session)) -> JSONResponse
2025-08-20T14:09:44.0395666Z ```
2025-08-20T14:09:44.0396044Z 
2025-08-20T14:09:44.0396178Z Return 200 when DB reachable and clocks are in sync.
2025-08-20T14:09:44.0396376Z 
2025-08-20T14:09:44.0396464Z <a id="api.routes.repository"></a>
2025-08-20T14:09:44.0396628Z 
2025-08-20T14:09:44.0396706Z # api.routes.repository
2025-08-20T14:09:44.0396826Z 
2025-08-20T14:09:44.0396897Z <a id="api.routes"></a>
2025-08-20T14:09:44.0397019Z 
2025-08-20T14:09:44.0397082Z # api.routes
2025-08-20T14:09:44.0397175Z 
2025-08-20T14:09:44.0397255Z <a id="api.models.fee"></a>
2025-08-20T14:09:44.0397382Z 
2025-08-20T14:09:44.0397454Z # api.models.fee
2025-08-20T14:09:44.0397557Z 
2025-08-20T14:09:44.0397829Z <a id="api.models"></a>
2025-08-20T14:09:44.0397943Z 
2025-08-20T14:09:44.0398008Z # api.models
2025-08-20T14:09:44.0398107Z 
2025-08-20T14:09:44.0398185Z <a id="api.roi_repository"></a>
2025-08-20T14:09:44.0398325Z 
2025-08-20T14:09:44.0398398Z # api.roi\_repository
2025-08-20T14:09:44.0398515Z 
2025-08-20T14:09:44.0398583Z <a id="api.main"></a>
2025-08-20T14:09:44.0398695Z 
2025-08-20T14:09:44.0398763Z # api.main
2025-08-20T14:09:44.0398857Z 
2025-08-20T14:09:44.0398930Z <a id="api.main.ready"></a>
2025-08-20T14:09:44.0399062Z 
2025-08-20T14:09:44.0399124Z #### ready
2025-08-20T14:09:44.0399209Z 
2025-08-20T14:09:44.0399272Z ```python
2025-08-20T14:09:44.0399535Z @app.get("/ready", status_code=status.HTTP_200_OK, include_in_schema=False)
2025-08-20T14:09:44.0399960Z async def ready(session: AsyncSession = Depends(get_session)) -> dict[str,
2025-08-20T14:09:44.0400301Z                                                                       str]
2025-08-20T14:09:44.0400650Z ```
2025-08-20T14:09:44.0400744Z 
2025-08-20T14:09:44.0400839Z Return 200 only when migrations are at head.
2025-08-20T14:09:44.0401017Z 
2025-08-20T14:09:44.0401089Z <a id="api.config"></a>
2025-08-20T14:09:44.0401205Z 
2025-08-20T14:09:44.0401268Z # api.config
2025-08-20T14:09:44.0401367Z 
2025-08-20T14:09:44.0401440Z <a id="api.security"></a>
2025-08-20T14:09:44.0401564Z 
2025-08-20T14:09:44.0401638Z # api.security
2025-08-20T14:09:44.0401734Z 
2025-08-20T14:09:44.0401798Z <a id="etl"></a>
2025-08-20T14:09:44.0401906Z 
2025-08-20T14:09:44.0401966Z # etl
2025-08-20T14:09:44.0402049Z 
2025-08-20T14:09:44.0402143Z <a id="etl.fba_fee_ingestor"></a>
2025-08-20T14:09:44.0402287Z 
2025-08-20T14:09:44.0402361Z # etl.fba\_fee\_ingestor
2025-08-20T14:09:44.0402486Z 
2025-08-20T14:09:44.0402566Z <a id="etl.sp_fees_ingestor"></a>
2025-08-20T14:09:44.0402707Z 
2025-08-20T14:09:44.0402785Z # etl.sp\_fees\_ingestor
2025-08-20T14:09:44.0402904Z 
2025-08-20T14:09:44.0402993Z <a id="etl.keepa_ingestor"></a>
2025-08-20T14:09:44.0403134Z 
2025-08-20T14:09:44.0403209Z # etl.keepa\_ingestor
2025-08-20T14:09:44.0403319Z 
2025-08-20T14:09:44.0403386Z <a id="etl.db"></a>
2025-08-20T14:09:44.0403497Z 
2025-08-20T14:09:44.0403558Z # etl.db
2025-08-20T14:09:44.0403644Z 
2025-08-20T14:09:44.0403727Z <a id="etl.dialects.schemas"></a>
2025-08-20T14:09:44.0403879Z 
2025-08-20T14:09:44.0403954Z # etl.dialects.schemas
2025-08-20T14:09:44.0404070Z 
2025-08-20T14:09:44.0404187Z <a id="etl.dialects.amazon_reimbursements"></a>
2025-08-20T14:09:44.0404367Z 
2025-08-20T14:09:44.0404455Z # etl.dialects.amazon\_reimbursements
2025-08-20T14:09:44.0404622Z 
2025-08-20T14:09:44.0404845Z <a id="etl.dialects.amazon_ads_sp_cost"></a>
2025-08-20T14:09:44.0405096Z 
2025-08-20T14:09:44.0405252Z # etl.dialects.amazon\_ads\_sp\_cost
2025-08-20T14:09:44.0405451Z 
2025-08-20T14:09:44.0405538Z <a id="etl.dialects.test_generic"></a>
2025-08-20T14:09:44.0405696Z 
2025-08-20T14:09:44.0405982Z # etl.dialects.test\_generic
2025-08-20T14:09:44.0406126Z 
2025-08-20T14:09:44.0406218Z <a id="etl.dialects.amazon_returns"></a>
2025-08-20T14:09:44.0406387Z 
2025-08-20T14:09:44.0406468Z # etl.dialects.amazon\_returns
2025-08-20T14:09:44.0406603Z 
2025-08-20T14:09:44.0406695Z <a id="etl.dialects.amazon_fee_preview"></a>
2025-08-20T14:09:44.0406866Z 
2025-08-20T14:09:44.0406948Z # etl.dialects.amazon\_fee\_preview
2025-08-20T14:09:44.0407096Z 
2025-08-20T14:09:44.0407202Z <a id="etl.dialects.amazon_inventory_ledger"></a>
2025-08-20T14:09:44.0407383Z 
2025-08-20T14:09:44.0407469Z # etl.dialects.amazon\_inventory\_ledger
2025-08-20T14:09:44.0407634Z 
2025-08-20T14:09:44.0407724Z <a id="etl.dialects.amazon_settlements"></a>
2025-08-20T14:09:44.0407894Z 
2025-08-20T14:09:44.0407978Z # etl.dialects.amazon\_settlements
2025-08-20T14:09:44.0408133Z 
2025-08-20T14:09:44.0408206Z <a id="etl.dialects"></a>
2025-08-20T14:09:44.0408328Z 
2025-08-20T14:09:44.0408397Z # etl.dialects
2025-08-20T14:09:44.0408497Z 
2025-08-20T14:09:44.0408622Z <a id="ingest"></a>
2025-08-20T14:09:44.0408732Z 
2025-08-20T14:09:44.0408922Z # ingest
2025-08-20T14:09:44.0409013Z 
2025-08-20T14:09:44.0409095Z <a id="ingest.maintenance"></a>
2025-08-20T14:09:44.0409232Z 
2025-08-20T14:09:44.0409309Z # ingest.maintenance
2025-08-20T14:09:44.0409420Z 
2025-08-20T14:09:44.0409495Z <a id="ingest.copy_loader"></a>
2025-08-20T14:09:44.0409628Z 
2025-08-20T14:09:44.0409703Z # ingest.copy\_loader
2025-08-20T14:09:44.0409814Z 
2025-08-20T14:09:44.0409912Z <a id="ingest.copy_loader.copy_df_via_temp"></a>
2025-08-20T14:09:44.0410094Z 
2025-08-20T14:09:44.0410165Z #### copy\_df\_via\_temp
2025-08-20T14:09:44.0410284Z 
2025-08-20T14:09:44.0410351Z ```python
2025-08-20T14:09:44.0410517Z def copy_df_via_temp(engine: Engine,
2025-08-20T14:09:44.0410751Z                      df: pd.DataFrame,
2025-08-20T14:09:44.0410972Z                      target_table: str,
2025-08-20T14:09:44.0411187Z                      *,
2025-08-20T14:09:44.0411384Z                      target_schema: Optional[str] = None,
2025-08-20T14:09:44.0411753Z                      columns: Sequence[str],
2025-08-20T14:09:44.0412025Z                      conflict_cols: Optional[Sequence[str]] = None,
2025-08-20T14:09:44.0412304Z                      analyze_after: bool = False,
2025-08-20T14:09:44.0412566Z                      connection: Any | None = None) -> int
2025-08-20T14:09:44.0412799Z ```
2025-08-20T14:09:44.0412883Z 
2025-08-20T14:09:44.0413038Z Bulk load *df* into *target_table* using COPY and a staging table.
2025-08-20T14:09:44.0413267Z 
2025-08-20T14:09:44.0413353Z <a id="ingest.tests.test_smoke"></a>
2025-08-20T14:09:44.0413512Z 
2025-08-20T14:09:44.0413591Z # ingest.tests.test\_smoke
2025-08-20T14:09:44.0413716Z 
2025-08-20T14:09:44.0413789Z <a id="ingest.tests"></a>
2025-08-20T14:09:44.0413919Z 
2025-08-20T14:09:44.0413983Z # ingest.tests
2025-08-20T14:09:44.0414080Z 
2025-08-20T14:09:44.0414167Z <a id="ingest.upload_router"></a>
2025-08-20T14:09:44.0414310Z 
2025-08-20T14:09:44.0414382Z # ingest.upload\_router
2025-08-20T14:09:44.0414514Z 
2025-08-20T14:09:44.0414597Z <a id="ingest.email_watcher"></a>
2025-08-20T14:09:44.0414742Z 
2025-08-20T14:09:44.0414811Z # ingest.email\_watcher
2025-08-20T14:09:44.0414929Z 
2025-08-20T14:09:44.0415016Z <a id="ingest.email_watcher.main"></a>
2025-08-20T14:09:44.0415173Z 
2025-08-20T14:09:44.0415240Z #### main
2025-08-20T14:09:44.0415325Z 
2025-08-20T14:09:44.0415386Z ```python
2025-08-20T14:09:44.0415555Z def main() -> dict[str, str]
2025-08-20T14:09:44.0415898Z ```
2025-08-20T14:09:44.0416012Z 
2025-08-20T14:09:44.0416153Z Upload CSV/XLSX attachments to MinIO and trigger ingestion.
2025-08-20T14:09:44.0416373Z 
2025-08-20T14:09:44.0416497Z Returns {"status": "success"} when processing completes.
2025-08-20T14:09:44.0416704Z 
2025-08-20T14:09:44.0416780Z <a id="ingest.tasks"></a>
2025-08-20T14:09:44.0416903Z 
2025-08-20T14:09:44.0416974Z # ingest.tasks
2025-08-20T14:09:44.0417100Z 
2025-08-20T14:09:44.0417198Z <a id="ingest.tasks.task_import_file"></a>
2025-08-20T14:09:44.0417368Z 
2025-08-20T14:09:44.0417446Z #### task\_import\_file
2025-08-20T14:09:44.0417569Z 
2025-08-20T14:09:44.0417630Z ```python
2025-08-20T14:09:44.0417838Z @celery_app.task(name="ingest.import_file", bind=True)
2025-08-20T14:09:44.0418106Z def task_import_file(self: Any,
2025-08-20T14:09:44.0418318Z                      uri: str,
2025-08-20T14:09:44.0418530Z                      report_type: str | None = None,
2025-08-20T14:09:44.0418796Z                      force: bool = False) -> dict[str, Any]
2025-08-20T14:09:44.0419027Z ```
2025-08-20T14:09:44.0419112Z 
2025-08-20T14:09:44.0419240Z Import a file into Postgres using existing ETL pipeline.
2025-08-20T14:09:44.0419444Z 
2025-08-20T14:09:44.0419535Z <a id="ingest.celery_app"></a>
2025-08-20T14:09:44.0419672Z 
2025-08-20T14:09:44.0419743Z # ingest.celery\_app
2025-08-20T14:09:44.0419861Z 
2025-08-20T14:09:44.0419949Z <a id="ingest.ingest_router"></a>
2025-08-20T14:09:44.0420097Z 
2025-08-20T14:09:44.0420170Z # ingest.ingest\_router
2025-08-20T14:09:44.0420291Z 
2025-08-20T14:09:44.0420375Z <a id="logistics_etl"></a>
2025-08-20T14:09:44.0420885Z 
2025-08-20T14:09:44.0420997Z # logistics\_etl
2025-08-20T14:09:44.0421179Z 
2025-08-20T14:09:44.0421308Z Daily logistics ETL job.
2025-08-20T14:09:44.0421521Z 
2025-08-20T14:09:44.0421669Z <a id="logistics_etl.__main__"></a>
2025-08-20T14:09:44.0421934Z 
2025-08-20T14:09:44.0422065Z # logistics\_etl.\_\_main\_\_
2025-08-20T14:09:44.0422300Z 
2025-08-20T14:09:44.0422430Z <a id="logistics_etl.dsn"></a>
2025-08-20T14:09:44.0422653Z 
2025-08-20T14:09:44.0422725Z # logistics\_etl.dsn
2025-08-20T14:09:44.0422843Z 
2025-08-20T14:09:44.0422959Z Local DSN builder to avoid cross-service dependency.
2025-08-20T14:09:44.0423161Z 
2025-08-20T14:09:44.0423261Z <a id="logistics_etl.dsn.build_dsn"></a>
2025-08-20T14:09:44.0423428Z 
2025-08-20T14:09:44.0423493Z #### build\_dsn
2025-08-20T14:09:44.0423597Z 
2025-08-20T14:09:44.0423660Z ```python
2025-08-20T14:09:44.0423838Z def build_dsn(sync: bool = True) -> str
2025-08-20T14:09:44.0424062Z ```
2025-08-20T14:09:44.0424594Z 
2025-08-20T14:09:44.0424779Z Return a Postgres DSN assembled from environment variables.
2025-08-20T14:09:44.0425067Z 
2025-08-20T14:09:44.0425228Z Prefers explicit DSNs via ``PG_SYNC_DSN``/``PG_ASYNC_DSN`` or
2025-08-20T14:09:44.0425629Z ``DATABASE_URL``. Falls back to individual PG_* settings and raises an
2025-08-20T14:09:44.0426287Z error when any required variable is missing.
2025-08-20T14:09:44.0426475Z 
2025-08-20T14:09:44.0426568Z <a id="logistics_etl.tests.conftest"></a>
2025-08-20T14:09:44.0426737Z 
2025-08-20T14:09:44.0426821Z # logistics\_etl.tests.conftest
2025-08-20T14:09:44.0426972Z 
2025-08-20T14:09:44.0427082Z <a id="logistics_etl.tests.test_repository"></a>
2025-08-20T14:09:44.0427265Z 
2025-08-20T14:09:44.0427365Z # logistics\_etl.tests.test\_repository
2025-08-20T14:09:44.0427524Z 
2025-08-20T14:09:44.0427617Z <a id="logistics_etl.tests.test_cron"></a>
2025-08-20T14:09:44.0427787Z 
2025-08-20T14:09:44.0427870Z # logistics\_etl.tests.test\_cron
2025-08-20T14:09:44.0428016Z 
2025-08-20T14:09:44.0428122Z <a id="logistics_etl.tests.test_imports"></a>
2025-08-20T14:09:44.0428310Z 
2025-08-20T14:09:44.0428395Z # logistics\_etl.tests.test\_imports
2025-08-20T14:09:44.0428550Z 
2025-08-20T14:09:44.0428654Z <a id="logistics_etl.tests.test_smoke"></a>
2025-08-20T14:09:44.0428822Z 
2025-08-20T14:09:44.0428907Z # logistics\_etl.tests.test\_smoke
2025-08-20T14:09:44.0429067Z 
2025-08-20T14:09:44.0429159Z <a id="logistics_etl.tests.test_client"></a>
2025-08-20T14:09:44.0429326Z 
2025-08-20T14:09:44.0429412Z # logistics\_etl.tests.test\_client
2025-08-20T14:09:44.0429570Z 
2025-08-20T14:09:44.0429650Z <a id="logistics_etl.tests"></a>
2025-08-20T14:09:44.0429792Z 
2025-08-20T14:09:44.0429875Z # logistics\_etl.tests
2025-08-20T14:09:44.0429993Z 
2025-08-20T14:09:44.0430072Z <a id="logistics_etl.flow"></a>
2025-08-20T14:09:44.0430223Z 
2025-08-20T14:09:44.0430297Z # logistics\_etl.flow
2025-08-20T14:09:44.0430411Z 
2025-08-20T14:09:44.0430494Z <a id="logistics_etl.client"></a>
2025-08-20T14:09:44.0430653Z 
2025-08-20T14:09:44.0508157Z # logistics\_etl.client
2025-08-20T14:09:44.0508431Z 
2025-08-20T14:09:44.0508580Z <a id="logistics_etl.cron"></a>
2025-08-20T14:09:44.0508810Z 
2025-08-20T14:09:44.0508921Z # logistics\_etl.cron
2025-08-20T14:09:44.0509128Z 
2025-08-20T14:09:44.0509265Z <a id="logistics_etl.db"></a>
2025-08-20T14:09:44.0509504Z 
2025-08-20T14:09:44.0509633Z # logistics\_etl.db
2025-08-20T14:09:44.0509810Z 
2025-08-20T14:09:44.0509955Z <a id="logistics_etl.repository"></a>
2025-08-20T14:09:44.0510231Z 
2025-08-20T14:09:44.0510363Z # logistics\_etl.repository
2025-08-20T14:09:44.0510587Z 
2025-08-20T14:09:44.0510701Z <a id="alert_bot"></a>
2025-08-20T14:09:44.0510899Z 
2025-08-20T14:09:44.0511006Z # alert\_bot
2025-08-20T14:09:44.0511165Z 
2025-08-20T14:09:44.0511313Z <a id="alert_bot.tests.test_smoke"></a>
2025-08-20T14:09:44.0511582Z 
2025-08-20T14:09:44.0511713Z # alert\_bot.tests.test\_smoke
2025-08-20T14:09:44.0511951Z 
2025-08-20T14:09:44.0512079Z <a id="alert_bot.tests"></a>
2025-08-20T14:09:44.0512311Z 
2025-08-20T14:09:44.0512799Z # alert\_bot.tests
2025-08-20T14:09:44.0512983Z 
2025-08-20T14:09:44.0513112Z <a id="alert_bot.alert_bot"></a>
2025-08-20T14:09:44.0513347Z 
2025-08-20T14:09:44.0513477Z # alert\_bot.alert\_bot
2025-08-20T14:09:44.0513686Z 
2025-08-20T14:09:44.0513783Z <a id="alert_bot.rules"></a>
2025-08-20T14:09:44.0513925Z 
2025-08-20T14:09:44.0513993Z # alert\_bot.rules
2025-08-20T14:09:44.0514105Z 
2025-08-20T14:09:44.0514172Z <a id="common"></a>
2025-08-20T14:09:44.0514288Z 
2025-08-20T14:09:44.0514349Z # common
2025-08-20T14:09:44.0514440Z 
2025-08-20T14:09:44.0514523Z <a id="common.dsn"></a>
2025-08-20T14:09:44.0514719Z 
2025-08-20T14:09:44.0514785Z # common.dsn
2025-08-20T14:09:44.0514880Z 
2025-08-20T14:09:44.0514973Z <a id="common.dsn.build_dsn"></a>
2025-08-20T14:09:44.0515123Z 
2025-08-20T14:09:44.0515186Z #### build\_dsn
2025-08-20T14:09:44.0515292Z 
2025-08-20T14:09:44.0515357Z ```python
2025-08-20T14:09:44.0515535Z def build_dsn(sync: bool = True) -> str
2025-08-20T14:09:44.0516208Z ```
2025-08-20T14:09:44.0516317Z 
2025-08-20T14:09:44.0516457Z Return a Postgres DSN, validating required variables.
2025-08-20T14:09:44.0516667Z 
2025-08-20T14:09:44.0516858Z The function prefers explicit DSNs via ``PG_SYNC_DSN`` / ``PG_ASYNC_DSN`` or
2025-08-20T14:09:44.0517299Z ``DATABASE_URL``.  If those are absent it assembles a connection string from
2025-08-20T14:09:44.0517713Z ``PG_HOST`` and related variables and raises a helpful error when any are
2025-08-20T14:09:44.0518027Z missing.
2025-08-20T14:09:44.0518116Z 
2025-08-20T14:09:44.0518206Z <a id="common.models_vendor"></a>
2025-08-20T14:09:44.0518357Z 
2025-08-20T14:09:44.0518430Z # common.models\_vendor
2025-08-20T14:09:44.0518550Z 
2025-08-20T14:09:44.0518645Z <a id="common.models_vendor.Vendor"></a>
2025-08-20T14:09:44.0518811Z 
2025-08-20T14:09:44.0518879Z ## Vendor Objects
2025-08-20T14:09:44.0518993Z 
2025-08-20T14:09:44.0519057Z ```python
2025-08-20T14:09:44.0519209Z class Vendor(Base)
2025-08-20T14:09:44.0519384Z ```
2025-08-20T14:09:44.0519466Z 
2025-08-20T14:09:44.0519555Z Vendor of inventory items.
2025-08-20T14:09:44.0519688Z 
2025-08-20T14:09:44.0519788Z <a id="common.models_vendor.VendorPrice"></a>
2025-08-20T14:09:44.0519969Z 
2025-08-20T14:09:44.0520051Z ## VendorPrice Objects
2025-08-20T14:09:44.0520168Z 
2025-08-20T14:09:44.0520229Z ```python
2025-08-20T14:09:44.0520393Z class VendorPrice(Base)
2025-08-20T14:09:44.0520571Z ```
2025-08-20T14:09:44.0520661Z 
2025-08-20T14:09:44.0520763Z Association table linking vendors to pricing.
2025-08-20T14:09:44.0520943Z 
2025-08-20T14:09:44.0521025Z <a id="common.db_url"></a>
2025-08-20T14:09:44.0521151Z 
2025-08-20T14:09:44.0521217Z # common.db\_url
2025-08-20T14:09:44.0521329Z 
2025-08-20T14:09:44.0521410Z <a id="common.db_url.build_url"></a>
2025-08-20T14:09:44.0521565Z 
2025-08-20T14:09:44.0521630Z #### build\_url
2025-08-20T14:09:44.0521737Z 
2025-08-20T14:09:44.0521798Z ```python
2025-08-20T14:09:44.0521977Z def build_url(async_: bool = True) -> str
2025-08-20T14:09:44.0522212Z ```
2025-08-20T14:09:44.0522298Z 
2025-08-20T14:09:44.0522406Z Return Postgres DSN from env or PG_* parts.
2025-08-20T14:09:44.0522583Z 
2025-08-20T14:09:44.0522662Z <a id="common.keepa"></a>
2025-08-20T14:09:44.0522796Z 
2025-08-20T14:09:44.0522864Z # common.keepa
2025-08-20T14:09:44.0522964Z 
2025-08-20T14:09:44.0523037Z <a id="common.llm"></a>
2025-08-20T14:09:44.0523160Z 
2025-08-20T14:09:44.0523224Z # common.llm
2025-08-20T14:09:44.0523321Z 
2025-08-20T14:09:44.0523407Z <a id="common.settings"></a>
2025-08-20T14:09:44.0523544Z 
2025-08-20T14:09:44.0523613Z # common.settings
2025-08-20T14:09:44.0523720Z 
2025-08-20T14:09:44.0523800Z <a id="common.db"></a>
2025-08-20T14:09:44.0523919Z 
2025-08-20T14:09:44.0523983Z # common.db
2025-08-20T14:09:44.0524079Z 
2025-08-20T14:09:44.0524172Z <a id="common.db.build_sqlalchemy_url"></a>
2025-08-20T14:09:44.0524345Z 
2025-08-20T14:09:44.0524427Z #### build\_sqlalchemy\_url
2025-08-20T14:09:44.0524557Z 
2025-08-20T14:09:44.0524620Z ```python
2025-08-20T14:09:44.0524796Z def build_sqlalchemy_url() -> str
2025-08-20T14:09:44.0525129Z ```
2025-08-20T14:09:44.0525217Z 
2025-08-20T14:09:44.0525312Z Return Postgres URL for SQLAlchemy engines.
2025-08-20T14:09:44.0525480Z 
2025-08-20T14:09:44.0525569Z <a id="common.db.build_asyncpg_dsn"></a>
2025-08-20T14:09:44.0525865Z 
2025-08-20T14:09:44.0525943Z #### build\_asyncpg\_dsn
2025-08-20T14:09:44.0526064Z 
2025-08-20T14:09:44.0526131Z ```python
2025-08-20T14:09:44.0526300Z def build_asyncpg_dsn() -> str
2025-08-20T14:09:44.0526499Z ```
2025-08-20T14:09:44.0526578Z 
2025-08-20T14:09:44.0526703Z Return DSN suitable for asyncpg (without driver suffix).
2025-08-20T14:09:44.0526915Z 
2025-08-20T14:09:44.0526999Z <a id="common.db.refresh_mvs"></a>
2025-08-20T14:09:44.0527148Z 
2025-08-20T14:09:44.0527212Z #### refresh\_mvs
2025-08-20T14:09:44.0527320Z 
2025-08-20T14:09:44.0527380Z ```python
2025-08-20T14:09:44.0527574Z def refresh_mvs(conn: Engine | Connection) -> None
2025-08-20T14:09:44.0527817Z ```
2025-08-20T14:09:44.0528019Z 
2025-08-20T14:09:44.0528166Z Refresh materialized views, using CONCURRENTLY when safe.
2025-08-20T14:09:44.0528384Z 
2025-08-20T14:09:44.0528459Z <a id="common.config"></a>
2025-08-20T14:09:44.0528589Z 
2025-08-20T14:09:44.0528655Z # common.config
2025-08-20T14:09:44.0528756Z 
2025-08-20T14:09:44.0528826Z <a id="common.base"></a>
2025-08-20T14:09:44.0528948Z 
2025-08-20T14:09:44.0529011Z # common.base
2025-08-20T14:09:44.0529107Z 
2025-08-20T14:09:44.0529191Z <a id="common.base.Base"></a>
2025-08-20T14:09:44.0529324Z 
2025-08-20T14:09:44.0529387Z ## Base Objects
2025-08-20T14:09:44.0529490Z 
2025-08-20T14:09:44.0529550Z ```python
2025-08-20T14:09:44.0529711Z class Base(DeclarativeBase)
2025-08-20T14:09:44.0529904Z ```
2025-08-20T14:09:44.0529982Z 
2025-08-20T14:09:44.0530068Z Base class for SQLAlchemy models.
2025-08-20T14:09:44.0530215Z 
2025-08-20T14:09:44.0530284Z <a id="repricer"></a>
2025-08-20T14:09:44.0530397Z 
2025-08-20T14:09:44.0530466Z # repricer
2025-08-20T14:09:44.0530554Z 
2025-08-20T14:09:44.0530645Z <a id="repricer.app.schemas"></a>
2025-08-20T14:09:44.0530803Z 
2025-08-20T14:09:44.0530877Z # repricer.app.schemas
2025-08-20T14:09:44.0530993Z 
2025-08-20T14:09:44.0531074Z <a id="repricer.app.deps"></a>
2025-08-20T14:09:44.0531219Z 
2025-08-20T14:09:44.0531289Z # repricer.app.deps
2025-08-20T14:09:44.0531401Z 
2025-08-20T14:09:44.0531537Z Placeholder module for Keepa / SP-API clients.
2025-08-20T14:09:44.0531719Z 
2025-08-20T14:09:44.0531800Z <a id="repricer.app.logic"></a>
2025-08-20T14:09:44.0531948Z 
2025-08-20T14:09:44.0532020Z # repricer.app.logic
2025-08-20T14:09:44.0532131Z 
2025-08-20T14:09:44.0532226Z <a id="repricer.app.logic.MIN_MARGIN"></a>
2025-08-20T14:09:44.0532401Z 
2025-08-20T14:09:44.0532464Z #### MIN\_MARGIN
2025-08-20T14:09:44.0532567Z 
2025-08-20T14:09:44.0532635Z 15 % ROI
2025-08-20T14:09:44.0532719Z 
2025-08-20T14:09:44.0532819Z <a id="repricer.app.logic.compute_price"></a>
2025-08-20T14:09:44.0533004Z 
2025-08-20T14:09:44.0533072Z #### compute\_price
2025-08-20T14:09:44.0533181Z 
2025-08-20T14:09:44.0533248Z ```python
2025-08-20T14:09:44.0533497Z def compute_price(asin: str, cost: Decimal, fees: Decimal) -> Decimal
2025-08-20T14:09:44.0533786Z ```
2025-08-20T14:09:44.0533873Z 
2025-08-20T14:09:44.0533980Z Toy algorithm: ensure 15 % ROI and round to cents.
2025-08-20T14:09:44.0534258Z Replace with real competitive logic later.
2025-08-20T14:09:44.0534425Z 
2025-08-20T14:09:44.0534505Z <a id="repricer.app.main"></a>
2025-08-20T14:09:44.0534648Z 
2025-08-20T14:09:44.0534718Z # repricer.app.main
2025-08-20T14:09:44.0534823Z 
2025-08-20T14:09:44.0534901Z <a id="repricer.app"></a>
2025-08-20T14:09:44.0535033Z 
2025-08-20T14:09:44.0535100Z # repricer.app
2025-08-20T14:09:44.0535197Z 
2025-08-20T14:09:44.0535291Z <a id="repricer.tests.test_imports"></a>
2025-08-20T14:09:44.0535457Z 
2025-08-20T14:09:44.0535536Z # repricer.tests.test\_imports
2025-08-20T14:09:44.0535675Z 
2025-08-20T14:09:44.0535860Z <a id="repricer.tests.test_smoke"></a>
2025-08-20T14:09:44.0536020Z 
2025-08-20T14:09:44.0536104Z # repricer.tests.test\_smoke
2025-08-20T14:09:44.0536359Z 
2025-08-20T14:09:44.0536435Z <a id="repricer.tests"></a>
2025-08-20T14:09:44.0536563Z 
2025-08-20T14:09:44.0536636Z # repricer.tests
2025-08-20T14:09:44.0536739Z 
2025-08-20T14:09:44.0536801Z <a id="db"></a>
2025-08-20T14:09:44.0536895Z 
2025-08-20T14:09:44.0536963Z # db
2025-08-20T14:09:44.0537044Z 
2025-08-20T14:09:44.0537121Z <a id="db.utils.views"></a>
2025-08-20T14:09:44.0537255Z 
2025-08-20T14:09:44.0537319Z # db.utils.views
2025-08-20T14:09:44.0537417Z 
2025-08-20T14:09:44.0537507Z <a id="db.utils.views.replace_view"></a>
2025-08-20T14:09:44.0537673Z 
2025-08-20T14:09:44.0537738Z #### replace\_view
2025-08-20T14:09:44.0537842Z 
2025-08-20T14:09:44.0537910Z ```python
2025-08-20T14:09:44.0538095Z def replace_view(name: str, new_sql: str) -> None
2025-08-20T14:09:44.0538337Z ```
2025-08-20T14:09:44.0538418Z 
2025-08-20T14:09:44.0538506Z Drop and recreate a SQL view atomically.
2025-08-20T14:09:44.0538672Z 
2025-08-20T14:09:44.0538855Z <a id="db.utils"></a>
2025-08-20T14:09:44.0538982Z 
2025-08-20T14:09:44.0539052Z # db.utils
2025-08-20T14:09:44.0539140Z 
2025-08-20T14:09:44.0539216Z <a id="price_importer"></a>
2025-08-20T14:09:44.0539345Z 
2025-08-20T14:09:44.0539426Z # price\_importer
2025-08-20T14:09:44.0539530Z 
2025-08-20T14:09:44.0539630Z <a id="price_importer.services_common.dsn"></a>
2025-08-20T14:09:44.0539817Z 
2025-08-20T14:09:44.0539907Z # price\_importer.services\_common.dsn
2025-08-20T14:09:44.0540070Z 
2025-08-20T14:09:44.0540203Z <a id="price_importer.services_common.dsn.build_dsn"></a>
2025-08-20T14:09:44.0540407Z 
2025-08-20T14:09:44.0540471Z #### build\_dsn
2025-08-20T14:09:44.0540571Z 
2025-08-20T14:09:44.0540641Z ```python
2025-08-20T14:09:44.0540808Z def build_dsn(sync: bool = True) -> str
2025-08-20T14:09:44.0541029Z ```
2025-08-20T14:09:44.0541108Z 
2025-08-20T14:09:44.0541175Z Return safe DSN.
2025-08-20T14:09:44.0541286Z 
2025-08-20T14:09:44.0541711Z sync=True → SQLAlchemy (+psycopg) else plain asyncpg.
2025-08-20T14:09:44.0541926Z 
2025-08-20T14:09:44.0542067Z <a id="price_importer.services_common.models_vendor"></a>
2025-08-20T14:09:44.0542269Z 
2025-08-20T14:09:44.0542381Z # price\_importer.services\_common.models\_vendor
2025-08-20T14:09:44.0542575Z 
2025-08-20T14:09:44.0542680Z <a id="price_importer.services_common.db_url"></a>
2025-08-20T14:09:44.0542866Z 
2025-08-20T14:09:44.0542961Z # price\_importer.services\_common.db\_url
2025-08-20T14:09:44.0543138Z 
2025-08-20T14:09:44.0543267Z <a id="price_importer.services_common.db_url.build_url"></a>
2025-08-20T14:09:44.0543481Z 
2025-08-20T14:09:44.0543551Z #### build\_url
2025-08-20T14:09:44.0543653Z 
2025-08-20T14:09:44.0543714Z ```python
2025-08-20T14:09:44.0543894Z def build_url(async_: bool = True) -> str
2025-08-20T14:09:44.0544117Z ```
2025-08-20T14:09:44.0544207Z 
2025-08-20T14:09:44.0544305Z Return Postgres DSN from env or PG_* parts.
2025-08-20T14:09:44.0544476Z 
2025-08-20T14:09:44.0544583Z <a id="price_importer.services_common.keepa"></a>
2025-08-20T14:09:44.0544787Z 
2025-08-20T14:09:44.0544882Z # price\_importer.services\_common.keepa
2025-08-20T14:09:44.0545050Z 
2025-08-20T14:09:44.0545164Z <a id="price_importer.services_common.llm"></a>
2025-08-20T14:09:44.0545342Z 
2025-08-20T14:09:44.0545430Z # price\_importer.services\_common.llm
2025-08-20T14:09:44.0545596Z 
2025-08-20T14:09:44.0545707Z <a id="price_importer.services_common.settings"></a>
2025-08-20T14:09:44.0546001Z 
2025-08-20T14:09:44.0546095Z # price\_importer.services\_common.settings
2025-08-20T14:09:44.0546269Z 
2025-08-20T14:09:44.0546366Z <a id="price_importer.services_common.db"></a>
2025-08-20T14:09:44.0546539Z 
2025-08-20T14:09:44.0546631Z # price\_importer.services\_common.db
2025-08-20T14:09:44.0546786Z 
2025-08-20T14:09:44.0546938Z <a id="price_importer.services_common.db.build_sqlalchemy_url"></a>
2025-08-20T14:09:44.0547176Z 
2025-08-20T14:09:44.0547251Z #### build\_sqlalchemy\_url
2025-08-20T14:09:44.0547382Z 
2025-08-20T14:09:44.0547450Z ```python
2025-08-20T14:09:44.0547625Z def build_sqlalchemy_url() -> str
2025-08-20T14:09:44.0547978Z ```
2025-08-20T14:09:44.0548061Z 
2025-08-20T14:09:44.0548155Z Return Postgres URL for SQLAlchemy engines.
2025-08-20T14:09:44.0548322Z 
2025-08-20T14:09:44.0548466Z <a id="price_importer.services_common.db.build_asyncpg_dsn"></a>
2025-08-20T14:09:44.0548686Z 
2025-08-20T14:09:44.0548760Z #### build\_asyncpg\_dsn
2025-08-20T14:09:44.0548891Z 
2025-08-20T14:09:44.0548953Z ```python
2025-08-20T14:09:44.0549122Z def build_asyncpg_dsn() -> str
2025-08-20T14:09:44.0549317Z ```
2025-08-20T14:09:44.0549396Z 
2025-08-20T14:09:44.0549528Z Return DSN suitable for asyncpg (without driver suffix).
2025-08-20T14:09:44.0549737Z 
2025-08-20T14:09:44.0549861Z <a id="price_importer.services_common.db.refresh_mvs"></a>
2025-08-20T14:09:44.0550071Z 
2025-08-20T14:09:44.0550137Z #### refresh\_mvs
2025-08-20T14:09:44.0550240Z 
2025-08-20T14:09:44.0550301Z ```python
2025-08-20T14:09:44.0550497Z def refresh_mvs(conn: Engine | Connection) -> None
2025-08-20T14:09:44.0550857Z ```
2025-08-20T14:09:44.0550941Z 
2025-08-20T14:09:44.0551082Z Refresh materialized views, using CONCURRENTLY when safe.
2025-08-20T14:09:44.0551293Z 
2025-08-20T14:09:44.0551397Z <a id="price_importer.services_common"></a>
2025-08-20T14:09:44.0551567Z 
2025-08-20T14:09:44.0551655Z # price\_importer.services\_common
2025-08-20T14:09:44.0551815Z 
2025-08-20T14:09:44.0551917Z <a id="price_importer.services_common.base"></a>
2025-08-20T14:09:44.0552096Z 
2025-08-20T14:09:44.0552190Z # price\_importer.services\_common.base
2025-08-20T14:09:44.0552351Z 
2025-08-20T14:09:44.0552440Z <a id="price_importer.normaliser"></a>
2025-08-20T14:09:44.0552598Z 
2025-08-20T14:09:44.0552686Z # price\_importer.normaliser
2025-08-20T14:09:44.0552821Z 
2025-08-20T14:09:44.0552921Z <a id="price_importer.common.models_vendor"></a>
2025-08-20T14:09:44.0553113Z 
2025-08-20T14:09:44.0553199Z # price\_importer.common.models\_vendor
2025-08-20T14:09:44.0553357Z 
2025-08-20T14:09:44.0553451Z <a id="price_importer.common.db_url"></a>
2025-08-20T14:09:44.0553625Z 
2025-08-20T14:09:44.0553714Z # price\_importer.common.db\_url
2025-08-20T14:09:44.0553857Z 
2025-08-20T14:09:44.0553964Z <a id="price_importer.common.db_url.make_dsn"></a>
2025-08-20T14:09:44.0554148Z 
2025-08-20T14:09:44.0554209Z #### make\_dsn
2025-08-20T14:09:44.0554314Z 
2025-08-20T14:09:44.0554377Z ```python
2025-08-20T14:09:44.0554544Z def make_dsn(async_: bool = False) -> str
2025-08-20T14:09:44.0554767Z ```
2025-08-20T14:09:44.0554847Z 
2025-08-20T14:09:44.0554975Z Return DSN built from either PG_* or POSTGRES_* vars.
2025-08-20T14:09:44.0555168Z 
2025-08-20T14:09:44.0555273Z <a id="price_importer.common.db_url.build_url"></a>
2025-08-20T14:09:44.0555461Z 
2025-08-20T14:09:44.0555524Z #### build\_url
2025-08-20T14:09:44.0555623Z 
2025-08-20T14:09:44.0555684Z ```python
2025-08-20T14:09:44.0556123Z def build_url(async_: bool = False) -> str
2025-08-20T14:09:44.0556360Z ```
2025-08-20T14:09:44.0556465Z 
2025-08-20T14:09:44.0556596Z Return Postgres DSN built from environment variables.
2025-08-20T14:09:44.0556794Z 
2025-08-20T14:09:44.0556893Z <a id="price_importer.common"></a>
2025-08-20T14:09:44.0557045Z 
2025-08-20T14:09:44.0557124Z # price\_importer.common
2025-08-20T14:09:44.0557256Z 
2025-08-20T14:09:44.0557347Z <a id="price_importer.common.base"></a>
2025-08-20T14:09:44.0557509Z 
2025-08-20T14:09:44.0557593Z # price\_importer.common.base
2025-08-20T14:09:44.0557742Z 
2025-08-20T14:09:44.0557839Z <a id="price_importer.tests.conftest"></a>
2025-08-20T14:09:44.0558009Z 
2025-08-20T14:09:44.0558114Z # price\_importer.tests.conftest
2025-08-20T14:09:44.0558262Z 
2025-08-20T14:09:44.0558363Z <a id="price_importer.tests.test_reader"></a>
2025-08-20T14:09:44.0558545Z 
2025-08-20T14:09:44.0558633Z # price\_importer.tests.test\_reader
2025-08-20T14:09:44.0558789Z 
2025-08-20T14:09:44.0558889Z <a id="price_importer.tests.test_imports"></a>
2025-08-20T14:09:44.0559119Z 
2025-08-20T14:09:44.0559205Z # price\_importer.tests.test\_imports
2025-08-20T14:09:44.0559361Z 
2025-08-20T14:09:44.0559468Z <a id="price_importer.tests.test_smoke"></a>
2025-08-20T14:09:44.0559770Z 
2025-08-20T14:09:44.0559853Z # price\_importer.tests.test\_smoke
2025-08-20T14:09:44.0560010Z 
2025-08-20T14:09:44.0560112Z <a id="price_importer.tests.test_normaliser"></a>
2025-08-20T14:09:44.0560295Z 
2025-08-20T14:09:44.0560406Z # price\_importer.tests.test\_normaliser
2025-08-20T14:09:44.0560568Z 
2025-08-20T14:09:44.0560653Z <a id="price_importer.tests"></a>
2025-08-20T14:09:44.0560798Z 
2025-08-20T14:09:44.0560879Z # price\_importer.tests
2025-08-20T14:09:44.0560999Z 
2025-08-20T14:09:44.0561081Z <a id="price_importer.reader"></a>
2025-08-20T14:09:44.0561239Z 
2025-08-20T14:09:44.0561317Z # price\_importer.reader
2025-08-20T14:09:44.0561443Z 
2025-08-20T14:09:44.0561536Z <a id="price_importer.repository"></a>
2025-08-20T14:09:44.0561698Z 
2025-08-20T14:09:44.0561782Z # price\_importer.repository
2025-08-20T14:09:44.0561916Z 
2025-08-20T14:09:44.0562007Z <a id="price_importer.import"></a>
2025-08-20T14:09:44.0562153Z 
2025-08-20T14:09:44.0562336Z # price\_importer.import
2025-08-20T14:09:44.0562476Z 
2025-08-20T14:09:44.0562545Z <a id="fees_h10"></a>
2025-08-20T14:09:44.0562655Z 
2025-08-20T14:09:44.0562719Z # fees\_h10
2025-08-20T14:09:44.0562813Z 
2025-08-20T14:09:44.0562888Z <a id="fees_h10.worker"></a>
2025-08-20T14:09:44.0563015Z 
2025-08-20T14:09:44.0563087Z # fees\_h10.worker
2025-08-20T14:09:44.0563190Z 
2025-08-20T14:09:44.0563284Z <a id="fees_h10.worker.list_active_asins"></a>
2025-08-20T14:09:44.0563463Z 
2025-08-20T14:09:44.0563536Z #### list\_active\_asins
2025-08-20T14:09:44.0563652Z 
2025-08-20T14:09:44.0563714Z ```python
2025-08-20T14:09:44.0563884Z def list_active_asins() -> list[str]
2025-08-20T14:09:44.0564094Z ```
2025-08-20T14:09:44.0564173Z 
2025-08-20T14:09:44.0564282Z Return known ASINs or an empty list if unavailable.
2025-08-20T14:09:44.0564472Z 
2025-08-20T14:09:44.0564561Z <a id="fees_h10.tests.test_smoke"></a>
2025-08-20T14:09:44.0564713Z 
2025-08-20T14:09:44.0564789Z # fees\_h10.tests.test\_smoke
2025-08-20T14:09:44.0564935Z 
2025-08-20T14:09:44.0565012Z <a id="fees_h10.tests"></a>
2025-08-20T14:09:44.0565139Z 
2025-08-20T14:09:44.0565204Z # fees\_h10.tests
2025-08-20T14:09:44.0565311Z 
2025-08-20T14:09:44.0565383Z <a id="fees_h10.client"></a>
2025-08-20T14:09:44.0565511Z 
2025-08-20T14:09:44.0565582Z # fees\_h10.client
2025-08-20T14:09:44.0565683Z 
2025-08-20T14:09:44.0565874Z <a id="fees_h10.repository"></a>
2025-08-20T14:09:44.0566021Z 
2025-08-20T14:09:44.0566091Z # fees\_h10.repository
2025-08-20T14:09:44.0566204Z 
2025-08-20T14:09:44.0566304Z <a id="fees_h10.repository.upsert_fees_raw"></a>
2025-08-20T14:09:44.0566488Z 
2025-08-20T14:09:44.0566558Z #### upsert\_fees\_raw
2025-08-20T14:09:44.0566669Z 
2025-08-20T14:09:44.0566737Z ```python
2025-08-20T14:09:44.0566901Z def upsert_fees_raw(engine: Engine,
2025-08-20T14:09:44.0567148Z                     rows: Iterable[Mapping[str, Any]],
2025-08-20T14:09:44.0567380Z                     *,
2025-08-20T14:09:44.0567611Z                     testing: bool = False) -> Optional[Dict[str, int]]
2025-08-20T14:09:44.0567876Z ```
2025-08-20T14:09:44.0567961Z 
2025-08-20T14:09:44.0568039Z Idempotent upsert for fees.
2025-08-20T14:09:44.0568171Z 
2025-08-20T14:09:44.0568333Z TESTING-only: returns counts for inserted/updated/skipped rows.
2025-08-20T14:09:44.0568671Z Assumes logical key (asin, marketplace, fee_type).
2025-08-20T14:09:44.0568978Z Only updates when one of the mutable fields changes.
2025-08-20T14:09:44.0569174Z 
2025-08-20T14:09:44.0569244Z <a id="emailer"></a>
2025-08-20T14:09:44.0569361Z 
2025-08-20T14:09:44.0569425Z # emailer
2025-08-20T14:09:44.0569512Z 
2025-08-20T14:09:44.0569612Z <a id="emailer.tests.test_import_emailer"></a>
2025-08-20T14:09:44.0569797Z 
2025-08-20T14:09:44.0569887Z # emailer.tests.test\_import\_emailer
2025-08-20T14:09:44.0570042Z 
2025-08-20T14:09:44.0570135Z <a id="emailer.tests.test_smoke"></a>
2025-08-20T14:09:44.0570288Z 
2025-08-20T14:09:44.0570366Z # emailer.tests.test\_smoke
2025-08-20T14:09:44.0570506Z 
2025-08-20T14:09:44.0570591Z <a id="emailer.tests"></a>
2025-08-20T14:09:44.0570842Z 
2025-08-20T14:09:44.0570910Z # emailer.tests
2025-08-20T14:09:44.0571025Z 
2025-08-20T14:09:44.0571107Z <a id="emailer.generate_body"></a>
2025-08-20T14:09:44.0571254Z 
2025-08-20T14:09:44.0571339Z # emailer.generate\_body
2025-08-20T14:09:44.0571461Z 
2025-08-20T14:09:44.0571533Z <a id="llm_server"></a>
2025-08-20T14:09:44.0571655Z 
2025-08-20T14:09:44.0571719Z # llm\_server
2025-08-20T14:09:44.0571812Z 
2025-08-20T14:09:44.0571889Z <a id="llm_server.app"></a>
2025-08-20T14:09:44.0572021Z 
2025-08-20T14:09:44.0572091Z # llm\_server.app
2025-08-20T14:09:44.0572193Z 
2025-08-20T14:09:44.1063578Z ##[group]Run peaceiris/actions-gh-pages@v3
2025-08-20T14:09:44.1063871Z with:
2025-08-20T14:09:44.1064275Z   github_token: ***
2025-08-20T14:09:44.1064477Z   publish_branch: gh-pages
2025-08-20T14:09:44.1064693Z   publish_dir: docs/api
2025-08-20T14:09:44.1064893Z   allow_empty_commit: false
2025-08-20T14:09:44.1065090Z   keep_files: false
2025-08-20T14:09:44.1065268Z   force_orphan: false
2025-08-20T14:09:44.1065464Z   enable_jekyll: false
2025-08-20T14:09:44.1065656Z   disable_nojekyll: false
2025-08-20T14:09:44.1066053Z   exclude_assets: .github
2025-08-20T14:09:44.1066246Z env:
2025-08-20T14:09:44.1066463Z   pythonLocation: /opt/hostedtoolcache/Python/3.11.13/x64
2025-08-20T14:09:44.1066849Z   PKG_CONFIG_PATH: /opt/hostedtoolcache/Python/3.11.13/x64/lib/pkgconfig
2025-08-20T14:09:44.1067226Z   Python_ROOT_DIR: /opt/hostedtoolcache/Python/3.11.13/x64
2025-08-20T14:09:44.1067552Z   Python2_ROOT_DIR: /opt/hostedtoolcache/Python/3.11.13/x64
2025-08-20T14:09:44.1067918Z   Python3_ROOT_DIR: /opt/hostedtoolcache/Python/3.11.13/x64
2025-08-20T14:09:44.1068264Z   LD_LIBRARY_PATH: /opt/hostedtoolcache/Python/3.11.13/x64/lib
2025-08-20T14:09:44.1068546Z ##[endgroup]
2025-08-20T14:09:44.1738678Z [INFO] Usage https://github.com/peaceiris/actions-gh-pages#readme
2025-08-20T14:09:44.1744358Z ##[group]Dump inputs
2025-08-20T14:09:44.1744778Z [INFO] GithubToken: true
2025-08-20T14:09:44.1745171Z [INFO] PublishBranch: gh-pages
2025-08-20T14:09:44.1745621Z [INFO] PublishDir: docs/api
2025-08-20T14:09:44.1746187Z [INFO] DestinationDir: 
2025-08-20T14:09:44.1746557Z [INFO] ExternalRepository: 
2025-08-20T14:09:44.1746940Z [INFO] AllowEmptyCommit: false
2025-08-20T14:09:44.1747342Z [INFO] KeepFiles: false
2025-08-20T14:09:44.1747693Z [INFO] ForceOrphan: false
2025-08-20T14:09:44.1748058Z [INFO] UserName: 
2025-08-20T14:09:44.1748379Z [INFO] UserEmail: 
2025-08-20T14:09:44.1748715Z [INFO] CommitMessage: 
2025-08-20T14:09:44.1749053Z [INFO] FullCommitMessage: 
2025-08-20T14:09:44.1749424Z [INFO] TagName: 
2025-08-20T14:09:44.1749735Z [INFO] TagMessage: 
2025-08-20T14:09:44.1750106Z [INFO] EnableJekyll (DisableNoJekyll): false
2025-08-20T14:09:44.1750559Z [INFO] CNAME: 
2025-08-20T14:09:44.1750886Z [INFO] ExcludeAssets .github
2025-08-20T14:09:44.1751127Z 
2025-08-20T14:09:44.1751636Z ##[endgroup]
2025-08-20T14:09:44.1752258Z ##[group]Setup auth token
2025-08-20T14:09:44.1752622Z [INFO] setup GITHUB_TOKEN
2025-08-20T14:09:44.1754168Z ##[endgroup]
2025-08-20T14:09:44.1754737Z ##[group]Prepare publishing assets
2025-08-20T14:09:44.1757137Z [INFO] ForceOrphan: false
2025-08-20T14:09:44.1808055Z [command]/usr/bin/git clone --depth=1 --single-branch --branch gh-pages ***github.com/AlexBomber12/AWA-App.git /home/runner/actions_github_pages_1755698984175
2025-08-20T14:09:44.1847545Z Cloning into '/home/runner/actions_github_pages_1755698984175'...
2025-08-20T14:09:44.6777969Z [INFO] clean up /home/runner/actions_github_pages_1755698984175
2025-08-20T14:09:44.6778640Z [INFO] chdir /home/runner/actions_github_pages_1755698984175
2025-08-20T14:09:44.6791668Z [command]/usr/bin/git rm -r --ignore-unmatch *
2025-08-20T14:09:44.6820690Z rm '.gitkeep'
2025-08-20T14:09:44.6821240Z rm '.nojekyll'
2025-08-20T14:09:44.6825134Z [INFO] chdir /home/runner/actions_github_pages_1755698984175
2025-08-20T14:09:44.6826269Z [INFO] prepare publishing assets
2025-08-20T14:09:44.6827990Z [INFO] copy /home/runner/work/AWA-App/AWA-App/docs/api to /home/runner/actions_github_pages_1755698984175
2025-08-20T14:09:44.6859427Z cp: no such file or directory: /home/runner/work/AWA-App/AWA-App/docs/api/*
2025-08-20T14:09:44.6869091Z [INFO] delete excluded assets
2025-08-20T14:09:44.6899788Z rm: no paths given
2025-08-20T14:09:44.6901456Z [INFO] Created /home/runner/actions_github_pages_1755698984175/.nojekyll
2025-08-20T14:09:44.6903460Z ##[endgroup]
2025-08-20T14:09:44.6904252Z ##[group]Setup Git config
2025-08-20T14:09:44.6921550Z [command]/usr/bin/git remote rm origin
2025-08-20T14:09:44.6994819Z [command]/usr/bin/git remote add origin ***github.com/AlexBomber12/AWA-App.git
2025-08-20T14:09:44.7041381Z [command]/usr/bin/git add --all
2025-08-20T14:09:44.7087362Z [command]/usr/bin/git config user.name AlexBomber12
2025-08-20T14:09:44.7129280Z [command]/usr/bin/git config user.email AlexBomber12@users.noreply.github.com
2025-08-20T14:09:44.7157150Z ##[endgroup]
2025-08-20T14:09:44.7157689Z ##[group]Create a commit
2025-08-20T14:09:44.7170393Z [command]/usr/bin/git commit -m deploy: 22e2a55d340dc68eccd297553e901f21e472b41e
2025-08-20T14:09:44.7198432Z On branch gh-pages
2025-08-20T14:09:44.7198733Z nothing to commit, working tree clean
2025-08-20T14:09:44.7203025Z [INFO] skip commit
2025-08-20T14:09:44.7204918Z ##[endgroup]
2025-08-20T14:09:44.7205354Z ##[group]Push the commit or tag
2025-08-20T14:09:44.7215978Z [command]/usr/bin/git push origin gh-pages
2025-08-20T14:09:45.1466904Z Everything up-to-date
2025-08-20T14:09:45.1506983Z ##[endgroup]
2025-08-20T14:09:45.1507261Z [INFO] Action successfully completed
2025-08-20T14:09:45.1600945Z Post job cleanup.
2025-08-20T14:09:45.3405573Z Post job cleanup.
2025-08-20T14:09:45.4346664Z [command]/usr/bin/git version
2025-08-20T14:09:45.4382883Z git version 2.50.1
2025-08-20T14:09:45.4427199Z Temporarily overriding HOME='/home/runner/work/_temp/50dc57e0-039e-42ff-922f-b2cc6ee5fea6' before making global git config changes
2025-08-20T14:09:45.4428460Z Adding repository directory to the temporary git global config as a safe directory
2025-08-20T14:09:45.4433454Z [command]/usr/bin/git config --global --add safe.directory /home/runner/work/AWA-App/AWA-App
2025-08-20T14:09:45.4469747Z [command]/usr/bin/git config --local --name-only --get-regexp core\.sshCommand
2025-08-20T14:09:45.4502511Z [command]/usr/bin/git submodule foreach --recursive sh -c "git config --local --name-only --get-regexp 'core\.sshCommand' && git config --local --unset-all 'core.sshCommand' || :"
2025-08-20T14:09:45.4730407Z [command]/usr/bin/git config --local --name-only --get-regexp http\.https\:\/\/github\.com\/\.extraheader
2025-08-20T14:09:45.4752081Z http.https://github.com/.extraheader
2025-08-20T14:09:45.4765124Z [command]/usr/bin/git config --local --unset-all http.https://github.com/.extraheader
2025-08-20T14:09:45.4796222Z [command]/usr/bin/git submodule foreach --recursive sh -c "git config --local --name-only --get-regexp 'http\.https\:\/\/github\.com\/\.extraheader' && git config --local --unset-all 'http.https://github.com/.extraheader' || :"
2025-08-20T14:09:45.5122158Z Cleaning up orphan processes
