2025-08-19T08:54:51.3026380Z Current runner version: '2.327.1'
2025-08-19T08:54:51.3050779Z ##[group]Runner Image Provisioner
2025-08-19T08:54:51.3051571Z Hosted Compute Agent
2025-08-19T08:54:51.3052166Z Version: 20250818.377
2025-08-19T08:54:51.3052742Z Commit: 3c593e9f75fe0b87e893bca80d6e12ba089c61fc
2025-08-19T08:54:51.3053710Z Build Date: 2025-08-18T14:52:18Z
2025-08-19T08:54:51.3054281Z ##[endgroup]
2025-08-19T08:54:51.3054929Z ##[group]Operating System
2025-08-19T08:54:51.3055453Z Ubuntu
2025-08-19T08:54:51.3055923Z 24.04.2
2025-08-19T08:54:51.3056423Z LTS
2025-08-19T08:54:51.3056872Z ##[endgroup]
2025-08-19T08:54:51.3057317Z ##[group]Runner Image
2025-08-19T08:54:51.3057939Z Image: ubuntu-24.04
2025-08-19T08:54:51.3058534Z Version: 20250810.1.0
2025-08-19T08:54:51.3059514Z Included Software: https://github.com/actions/runner-images/blob/ubuntu24/20250810.1/images/ubuntu/Ubuntu2404-Readme.md
2025-08-19T08:54:51.3061081Z Image Release: https://github.com/actions/runner-images/releases/tag/ubuntu24%2F20250810.1
2025-08-19T08:54:51.3062008Z ##[endgroup]
2025-08-19T08:54:51.3064603Z ##[group]GITHUB_TOKEN Permissions
2025-08-19T08:54:51.3066534Z Actions: write
2025-08-19T08:54:51.3067160Z Attestations: write
2025-08-19T08:54:51.3067625Z Checks: write
2025-08-19T08:54:51.3068108Z Contents: write
2025-08-19T08:54:51.3068638Z Deployments: write
2025-08-19T08:54:51.3069156Z Discussions: write
2025-08-19T08:54:51.3069605Z Issues: write
2025-08-19T08:54:51.3070100Z Metadata: read
2025-08-19T08:54:51.3070555Z Models: read
2025-08-19T08:54:51.3071032Z Packages: write
2025-08-19T08:54:51.3071496Z Pages: write
2025-08-19T08:54:51.3072033Z PullRequests: write
2025-08-19T08:54:51.3072549Z RepositoryProjects: write
2025-08-19T08:54:51.3073097Z SecurityEvents: write
2025-08-19T08:54:51.3074155Z Statuses: write
2025-08-19T08:54:51.3074615Z ##[endgroup]
2025-08-19T08:54:51.3076910Z Secret source: Actions
2025-08-19T08:54:51.3077689Z Prepare workflow directory
2025-08-19T08:54:51.3404584Z Prepare all required actions
2025-08-19T08:54:51.3442214Z Getting action download info
2025-08-19T08:54:51.8272952Z Download action repository 'actions/checkout@v4' (SHA:08eba0b27e820071cde6df949e0beb9ba4906955)
2025-08-19T08:54:52.4391488Z Download action repository 'actions/setup-python@v5' (SHA:a26af69be951a213d495a4c3e4e4022e16d87065)
2025-08-19T08:54:53.0662655Z Download action repository 'peaceiris/actions-gh-pages@v3' (SHA:373f7f263a76c20808c831209c920827a82a2847)
2025-08-19T08:54:53.7585269Z Complete job name: publish
2025-08-19T08:54:53.8261192Z ##[group]Run actions/checkout@v4
2025-08-19T08:54:53.8261878Z with:
2025-08-19T08:54:53.8262163Z   repository: AlexBomber12/AWA-App
2025-08-19T08:54:53.8262683Z   token: ***
2025-08-19T08:54:53.8262952Z   ssh-strict: true
2025-08-19T08:54:53.8263217Z   ssh-user: git
2025-08-19T08:54:53.8263665Z   persist-credentials: true
2025-08-19T08:54:53.8263975Z   clean: true
2025-08-19T08:54:53.8264260Z   sparse-checkout-cone-mode: true
2025-08-19T08:54:53.8264584Z   fetch-depth: 1
2025-08-19T08:54:53.8264849Z   fetch-tags: false
2025-08-19T08:54:53.8265143Z   show-progress: true
2025-08-19T08:54:53.8265433Z   lfs: false
2025-08-19T08:54:53.8265692Z   submodules: false
2025-08-19T08:54:53.8265962Z   set-safe-directory: true
2025-08-19T08:54:53.8266515Z ##[endgroup]
2025-08-19T08:54:53.9348778Z Syncing repository: AlexBomber12/AWA-App
2025-08-19T08:54:53.9350398Z ##[group]Getting Git version info
2025-08-19T08:54:53.9350905Z Working directory is '/home/runner/work/AWA-App/AWA-App'
2025-08-19T08:54:53.9351709Z [command]/usr/bin/git version
2025-08-19T08:54:53.9425650Z git version 2.50.1
2025-08-19T08:54:53.9452605Z ##[endgroup]
2025-08-19T08:54:53.9469274Z Temporarily overriding HOME='/home/runner/work/_temp/1eac7273-9843-460a-befa-b1e2760d7b58' before making global git config changes
2025-08-19T08:54:53.9471002Z Adding repository directory to the temporary git global config as a safe directory
2025-08-19T08:54:53.9476134Z [command]/usr/bin/git config --global --add safe.directory /home/runner/work/AWA-App/AWA-App
2025-08-19T08:54:53.9514285Z Deleting the contents of '/home/runner/work/AWA-App/AWA-App'
2025-08-19T08:54:53.9518165Z ##[group]Initializing the repository
2025-08-19T08:54:53.9522719Z [command]/usr/bin/git init /home/runner/work/AWA-App/AWA-App
2025-08-19T08:54:53.9629354Z hint: Using 'master' as the name for the initial branch. This default branch name
2025-08-19T08:54:53.9630077Z hint: is subject to change. To configure the initial branch name to use in all
2025-08-19T08:54:53.9630718Z hint: of your new repositories, which will suppress this warning, call:
2025-08-19T08:54:53.9631170Z hint:
2025-08-19T08:54:53.9631671Z hint: 	git config --global init.defaultBranch <name>
2025-08-19T08:54:53.9632409Z hint:
2025-08-19T08:54:53.9633134Z hint: Names commonly chosen instead of 'master' are 'main', 'trunk' and
2025-08-19T08:54:53.9634492Z hint: 'development'. The just-created branch can be renamed via this command:
2025-08-19T08:54:53.9635374Z hint:
2025-08-19T08:54:53.9635858Z hint: 	git branch -m <name>
2025-08-19T08:54:53.9636381Z hint:
2025-08-19T08:54:53.9637113Z hint: Disable this message with "git config set advice.defaultBranchName false"
2025-08-19T08:54:53.9637974Z Initialized empty Git repository in /home/runner/work/AWA-App/AWA-App/.git/
2025-08-19T08:54:53.9647716Z [command]/usr/bin/git remote add origin https://github.com/AlexBomber12/AWA-App
2025-08-19T08:54:53.9684454Z ##[endgroup]
2025-08-19T08:54:53.9685319Z ##[group]Disabling automatic garbage collection
2025-08-19T08:54:53.9688293Z [command]/usr/bin/git config --local gc.auto 0
2025-08-19T08:54:53.9716469Z ##[endgroup]
2025-08-19T08:54:53.9716995Z ##[group]Setting up auth
2025-08-19T08:54:53.9723002Z [command]/usr/bin/git config --local --name-only --get-regexp core\.sshCommand
2025-08-19T08:54:53.9751767Z [command]/usr/bin/git submodule foreach --recursive sh -c "git config --local --name-only --get-regexp 'core\.sshCommand' && git config --local --unset-all 'core.sshCommand' || :"
2025-08-19T08:54:54.0067884Z [command]/usr/bin/git config --local --name-only --get-regexp http\.https\:\/\/github\.com\/\.extraheader
2025-08-19T08:54:54.0099376Z [command]/usr/bin/git submodule foreach --recursive sh -c "git config --local --name-only --get-regexp 'http\.https\:\/\/github\.com\/\.extraheader' && git config --local --unset-all 'http.https://github.com/.extraheader' || :"
2025-08-19T08:54:54.0329741Z [command]/usr/bin/git config --local http.https://github.com/.extraheader AUTHORIZATION: basic ***
2025-08-19T08:54:54.0367191Z ##[endgroup]
2025-08-19T08:54:54.0375062Z ##[group]Fetching the repository
2025-08-19T08:54:54.0376707Z [command]/usr/bin/git -c protocol.version=2 fetch --no-tags --prune --no-recurse-submodules --depth=1 origin +f5a73aa0758da2bd00f6f4770948d849f0a6b638:refs/remotes/pull/270/merge
2025-08-19T08:54:54.6012377Z From https://github.com/AlexBomber12/AWA-App
2025-08-19T08:54:54.6014886Z  * [new ref]         f5a73aa0758da2bd00f6f4770948d849f0a6b638 -> pull/270/merge
2025-08-19T08:54:54.6043751Z ##[endgroup]
2025-08-19T08:54:54.6044377Z ##[group]Determining the checkout info
2025-08-19T08:54:54.6046524Z ##[endgroup]
2025-08-19T08:54:54.6052056Z [command]/usr/bin/git sparse-checkout disable
2025-08-19T08:54:54.6098744Z [command]/usr/bin/git config --local --unset-all extensions.worktreeConfig
2025-08-19T08:54:54.6130286Z ##[group]Checking out the ref
2025-08-19T08:54:54.6134802Z [command]/usr/bin/git checkout --progress --force refs/remotes/pull/270/merge
2025-08-19T08:54:54.6439885Z Note: switching to 'refs/remotes/pull/270/merge'.
2025-08-19T08:54:54.6440397Z 
2025-08-19T08:54:54.6440833Z You are in 'detached HEAD' state. You can look around, make experimental
2025-08-19T08:54:54.6441465Z changes and commit them, and you can discard any commits you make in this
2025-08-19T08:54:54.6442038Z state without impacting any branches by switching back to a branch.
2025-08-19T08:54:54.6442360Z 
2025-08-19T08:54:54.6442584Z If you want to create a new branch to retain commits you create, you may
2025-08-19T08:54:54.6443174Z do so (now or later) by using -c with the switch command. Example:
2025-08-19T08:54:54.6443923Z 
2025-08-19T08:54:54.6444050Z   git switch -c <new-branch-name>
2025-08-19T08:54:54.6444255Z 
2025-08-19T08:54:54.6444368Z Or undo this operation with:
2025-08-19T08:54:54.6444559Z 
2025-08-19T08:54:54.6444654Z   git switch -
2025-08-19T08:54:54.6444803Z 
2025-08-19T08:54:54.6445087Z Turn off this advice by setting config variable advice.detachedHead to false
2025-08-19T08:54:54.6445440Z 
2025-08-19T08:54:54.6445851Z HEAD is now at f5a73aa Merge 0bb57ca6b17fe99844039fd60e1b59c7312b3d0f into 85292d149e45d52b13050e36eabdfbba9ddc6fc7
2025-08-19T08:54:54.6448903Z ##[endgroup]
2025-08-19T08:54:54.6487805Z [command]/usr/bin/git log -1 --format=%H
2025-08-19T08:54:54.6510605Z f5a73aa0758da2bd00f6f4770948d849f0a6b638
2025-08-19T08:54:54.6750005Z ##[group]Run actions/setup-python@v5
2025-08-19T08:54:54.6750308Z with:
2025-08-19T08:54:54.6750487Z   python-version: 3.11
2025-08-19T08:54:54.6750699Z   check-latest: false
2025-08-19T08:54:54.6751030Z   token: ***
2025-08-19T08:54:54.6751249Z   update-environment: true
2025-08-19T08:54:54.6751474Z   allow-prereleases: false
2025-08-19T08:54:54.6751689Z   freethreaded: false
2025-08-19T08:54:54.6751880Z ##[endgroup]
2025-08-19T08:54:54.8481050Z ##[group]Installed versions
2025-08-19T08:54:54.8585916Z Successfully set up CPython (3.11.13)
2025-08-19T08:54:54.8586774Z ##[endgroup]
2025-08-19T08:54:54.8705193Z ##[group]Run pip install pydoc-markdown
2025-08-19T08:54:54.8705591Z [36;1mpip install pydoc-markdown[0m
2025-08-19T08:54:54.8785592Z shell: /usr/bin/bash -e {0}
2025-08-19T08:54:54.8785850Z env:
2025-08-19T08:54:54.8786097Z   pythonLocation: /opt/hostedtoolcache/Python/3.11.13/x64
2025-08-19T08:54:54.8786526Z   PKG_CONFIG_PATH: /opt/hostedtoolcache/Python/3.11.13/x64/lib/pkgconfig
2025-08-19T08:54:54.8786937Z   Python_ROOT_DIR: /opt/hostedtoolcache/Python/3.11.13/x64
2025-08-19T08:54:54.8850705Z   Python2_ROOT_DIR: /opt/hostedtoolcache/Python/3.11.13/x64
2025-08-19T08:54:54.8851378Z   Python3_ROOT_DIR: /opt/hostedtoolcache/Python/3.11.13/x64
2025-08-19T08:54:54.8851991Z   LD_LIBRARY_PATH: /opt/hostedtoolcache/Python/3.11.13/x64/lib
2025-08-19T08:54:54.8852482Z ##[endgroup]
2025-08-19T08:54:55.5366853Z Collecting pydoc-markdown
2025-08-19T08:54:55.5700732Z   Downloading pydoc_markdown-4.8.2-py3-none-any.whl.metadata (5.9 kB)
2025-08-19T08:54:55.6135115Z Collecting PyYAML<7.0,>=5.0 (from pydoc-markdown)
2025-08-19T08:54:55.6169635Z   Downloading PyYAML-6.0.2-cp311-cp311-manylinux_2_17_x86_64.manylinux2014_x86_64.whl.metadata (2.1 kB)
2025-08-19T08:54:55.6365015Z Collecting click<9.0,>=7.1 (from pydoc-markdown)
2025-08-19T08:54:55.6400527Z   Downloading click-8.2.1-py3-none-any.whl.metadata (2.5 kB)
2025-08-19T08:54:55.6618313Z Collecting databind.core<5.0.0,>=4.4.0 (from pydoc-markdown)
2025-08-19T08:54:55.6658786Z   Downloading databind.core-4.5.2-py3-none-any.whl.metadata (1.1 kB)
2025-08-19T08:54:55.6899618Z Collecting databind.json<5.0.0,>=4.4.0 (from pydoc-markdown)
2025-08-19T08:54:55.6939523Z   Downloading databind.json-4.5.2-py3-none-any.whl.metadata (1.1 kB)
2025-08-19T08:54:55.7180720Z Collecting docspec<3.0.0,>=2.2.1 (from pydoc-markdown)
2025-08-19T08:54:55.7223462Z   Downloading docspec-2.2.2-py3-none-any.whl.metadata (1.0 kB)
2025-08-19T08:54:55.7369442Z Collecting docspec-python<3.0.0,>=2.2.1 (from pydoc-markdown)
2025-08-19T08:54:55.7406118Z   Downloading docspec_python-2.2.2-py3-none-any.whl.metadata (1.0 kB)
2025-08-19T08:54:55.7527134Z Collecting docstring-parser<0.12,>=0.11 (from pydoc-markdown)
2025-08-19T08:54:55.7568850Z   Downloading docstring_parser-0.11.tar.gz (22 kB)
2025-08-19T08:54:55.7703721Z   Installing build dependencies: started
2025-08-19T08:54:56.5329271Z   Installing build dependencies: finished with status 'done'
2025-08-19T08:54:56.5335653Z   Getting requirements to build wheel: started
2025-08-19T08:54:56.9257333Z   Getting requirements to build wheel: finished with status 'done'
2025-08-19T08:54:56.9266097Z   Preparing metadata (pyproject.toml): started
2025-08-19T08:54:57.1097080Z   Preparing metadata (pyproject.toml): finished with status 'done'
2025-08-19T08:54:57.1248384Z Collecting jinja2<4.0.0,>=3.0.0 (from pydoc-markdown)
2025-08-19T08:54:57.1278625Z   Downloading jinja2-3.1.6-py3-none-any.whl.metadata (2.9 kB)
2025-08-19T08:54:57.1461064Z Collecting nr.util<1.0.0,>=0.7.5 (from pydoc-markdown)
2025-08-19T08:54:57.1509836Z   Downloading nr.util-0.8.12-py3-none-any.whl.metadata (813 bytes)
2025-08-19T08:54:57.1772081Z Collecting requests<3.0.0,>=2.23.0 (from pydoc-markdown)
2025-08-19T08:54:57.1806544Z   Downloading requests-2.32.5-py3-none-any.whl.metadata (4.9 kB)
2025-08-19T08:54:57.1973189Z Collecting tomli<3.0.0,>=2.0.0 (from pydoc-markdown)
2025-08-19T08:54:57.2020711Z   Downloading tomli-2.2.1-cp311-cp311-manylinux_2_17_x86_64.manylinux2014_x86_64.whl.metadata (11 kB)
2025-08-19T08:54:57.2132140Z Collecting tomli_w<2.0.0,>=1.0.0 (from pydoc-markdown)
2025-08-19T08:54:57.2167393Z   Downloading tomli_w-1.2.0-py3-none-any.whl.metadata (5.7 kB)
2025-08-19T08:54:57.2619780Z Collecting watchdog (from pydoc-markdown)
2025-08-19T08:54:57.2654548Z   Downloading watchdog-6.0.0-py3-none-manylinux2014_x86_64.whl.metadata (44 kB)
2025-08-19T08:54:57.2860547Z Collecting yapf>=0.30.0 (from pydoc-markdown)
2025-08-19T08:54:57.2897319Z   Downloading yapf-0.43.0-py3-none-any.whl.metadata (46 kB)
2025-08-19T08:54:57.3133272Z Collecting databind<5.0.0,>=4.5.2 (from databind.core<5.0.0,>=4.4.0->pydoc-markdown)
2025-08-19T08:54:57.3166221Z   Downloading databind-4.5.2-py3-none-any.whl.metadata (4.3 kB)
2025-08-19T08:54:57.3303226Z Collecting Deprecated<2.0.0,>=1.2.12 (from databind<5.0.0,>=4.5.2->databind.core<5.0.0,>=4.4.0->pydoc-markdown)
2025-08-19T08:54:57.3336452Z   Downloading Deprecated-1.2.18-py2.py3-none-any.whl.metadata (5.7 kB)
2025-08-19T08:54:57.3449862Z Collecting nr-date<3.0.0,>=2.0.0 (from databind<5.0.0,>=4.5.2->databind.core<5.0.0,>=4.4.0->pydoc-markdown)
2025-08-19T08:54:57.3492152Z   Downloading nr_date-2.1.0-py3-none-any.whl.metadata (746 bytes)
2025-08-19T08:54:57.3627318Z Collecting nr-stream<2.0.0,>=1.0.0 (from databind<5.0.0,>=4.5.2->databind.core<5.0.0,>=4.4.0->pydoc-markdown)
2025-08-19T08:54:57.3664695Z   Downloading nr_stream-1.1.5-py3-none-any.whl.metadata (3.6 kB)
2025-08-19T08:54:57.3832123Z Collecting typeapi<3,>=2.0.1 (from databind<5.0.0,>=4.5.2->databind.core<5.0.0,>=4.4.0->pydoc-markdown)
2025-08-19T08:54:57.3868519Z   Downloading typeapi-2.2.4-py3-none-any.whl.metadata (1.5 kB)
2025-08-19T08:54:57.4065283Z Collecting typing-extensions<5,>=3.10.0 (from databind<5.0.0,>=4.5.2->databind.core<5.0.0,>=4.4.0->pydoc-markdown)
2025-08-19T08:54:57.4095573Z   Downloading typing_extensions-4.14.1-py3-none-any.whl.metadata (3.0 kB)
2025-08-19T08:54:57.5084290Z Collecting wrapt<2,>=1.10 (from Deprecated<2.0.0,>=1.2.12->databind<5.0.0,>=4.5.2->databind.core<5.0.0,>=4.4.0->pydoc-markdown)
2025-08-19T08:54:57.5116926Z   Downloading wrapt-1.17.3-cp311-cp311-manylinux1_x86_64.manylinux_2_28_x86_64.manylinux_2_5_x86_64.whl.metadata (6.4 kB)
2025-08-19T08:54:57.5638992Z Collecting black>=24.8.0 (from docspec-python<3.0.0,>=2.2.1->pydoc-markdown)
2025-08-19T08:54:57.5672651Z   Downloading black-25.1.0-cp311-cp311-manylinux_2_17_x86_64.manylinux2014_x86_64.manylinux_2_28_x86_64.whl.metadata (81 kB)
2025-08-19T08:54:57.5784419Z Collecting docspec<3.0.0,>=2.2.1 (from pydoc-markdown)
2025-08-19T08:54:57.5823089Z   Downloading docspec-2.2.1-py3-none-any.whl.metadata (1.5 kB)
2025-08-19T08:54:57.6356664Z Collecting MarkupSafe>=2.0 (from jinja2<4.0.0,>=3.0.0->pydoc-markdown)
2025-08-19T08:54:57.6392929Z   Downloading MarkupSafe-3.0.2-cp311-cp311-manylinux_2_17_x86_64.manylinux2014_x86_64.whl.metadata (4.0 kB)
2025-08-19T08:54:57.7277114Z Collecting charset_normalizer<4,>=2 (from requests<3.0.0,>=2.23.0->pydoc-markdown)
2025-08-19T08:54:57.7314608Z   Downloading charset_normalizer-3.4.3-cp311-cp311-manylinux2014_x86_64.manylinux_2_17_x86_64.manylinux_2_28_x86_64.whl.metadata (36 kB)
2025-08-19T08:54:57.7469216Z Collecting idna<4,>=2.5 (from requests<3.0.0,>=2.23.0->pydoc-markdown)
2025-08-19T08:54:57.7501264Z   Downloading idna-3.10-py3-none-any.whl.metadata (10 kB)
2025-08-19T08:54:57.7779911Z Collecting urllib3<3,>=1.21.1 (from requests<3.0.0,>=2.23.0->pydoc-markdown)
2025-08-19T08:54:57.7811871Z   Downloading urllib3-2.5.0-py3-none-any.whl.metadata (6.5 kB)
2025-08-19T08:54:57.8024186Z Collecting certifi>=2017.4.17 (from requests<3.0.0,>=2.23.0->pydoc-markdown)
2025-08-19T08:54:57.8058029Z   Downloading certifi-2025.8.3-py3-none-any.whl.metadata (2.4 kB)
2025-08-19T08:54:57.8293667Z Collecting mypy-extensions>=0.4.3 (from black>=24.8.0->docspec-python<3.0.0,>=2.2.1->pydoc-markdown)
2025-08-19T08:54:57.8334798Z   Downloading mypy_extensions-1.1.0-py3-none-any.whl.metadata (1.1 kB)
2025-08-19T08:54:57.8487713Z Collecting packaging>=22.0 (from black>=24.8.0->docspec-python<3.0.0,>=2.2.1->pydoc-markdown)
2025-08-19T08:54:57.8520879Z   Downloading packaging-25.0-py3-none-any.whl.metadata (3.3 kB)
2025-08-19T08:54:57.8651990Z Collecting pathspec>=0.9.0 (from black>=24.8.0->docspec-python<3.0.0,>=2.2.1->pydoc-markdown)
2025-08-19T08:54:57.8686193Z   Downloading pathspec-0.12.1-py3-none-any.whl.metadata (21 kB)
2025-08-19T08:54:57.8887022Z Collecting platformdirs>=2 (from black>=24.8.0->docspec-python<3.0.0,>=2.2.1->pydoc-markdown)
2025-08-19T08:54:57.8917888Z   Downloading platformdirs-4.3.8-py3-none-any.whl.metadata (12 kB)
2025-08-19T08:54:57.9146628Z Downloading pydoc_markdown-4.8.2-py3-none-any.whl (67 kB)
2025-08-19T08:54:57.9203114Z Downloading click-8.2.1-py3-none-any.whl (102 kB)
2025-08-19T08:54:57.9269355Z Downloading databind.core-4.5.2-py3-none-any.whl (1.5 kB)
2025-08-19T08:54:57.9380430Z Downloading databind-4.5.2-py3-none-any.whl (49 kB)
2025-08-19T08:54:58.0060015Z Downloading databind.json-4.5.2-py3-none-any.whl (1.5 kB)
2025-08-19T08:54:58.0120923Z Downloading Deprecated-1.2.18-py2.py3-none-any.whl (10.0 kB)
2025-08-19T08:54:58.0184206Z Downloading docspec_python-2.2.2-py3-none-any.whl (15 kB)
2025-08-19T08:54:58.0250305Z Downloading docspec-2.2.1-py3-none-any.whl (9.8 kB)
2025-08-19T08:54:58.0307499Z Downloading jinja2-3.1.6-py3-none-any.whl (134 kB)
2025-08-19T08:54:58.0383687Z Downloading nr_date-2.1.0-py3-none-any.whl (10 kB)
2025-08-19T08:54:58.0448685Z Downloading nr_stream-1.1.5-py3-none-any.whl (10 kB)
2025-08-19T08:54:58.0513668Z Downloading nr.util-0.8.12-py3-none-any.whl (90 kB)
2025-08-19T08:54:58.0572641Z Downloading PyYAML-6.0.2-cp311-cp311-manylinux_2_17_x86_64.manylinux2014_x86_64.whl (762 kB)
2025-08-19T08:54:58.0651914Z    ━━━━━━━━━━━━━━━━━━━━━━━━━━━━━━━━━━━━━━━━ 763.0/763.0 kB 98.8 MB/s  0:00:00
2025-08-19T08:54:58.0685865Z Downloading requests-2.32.5-py3-none-any.whl (64 kB)
2025-08-19T08:54:58.0745324Z Downloading charset_normalizer-3.4.3-cp311-cp311-manylinux2014_x86_64.manylinux_2_17_x86_64.manylinux_2_28_x86_64.whl (150 kB)
2025-08-19T08:54:58.0808573Z Downloading idna-3.10-py3-none-any.whl (70 kB)
2025-08-19T08:54:58.0868600Z Downloading tomli-2.2.1-cp311-cp311-manylinux_2_17_x86_64.manylinux2014_x86_64.whl (236 kB)
2025-08-19T08:54:58.0935507Z Downloading tomli_w-1.2.0-py3-none-any.whl (6.7 kB)
2025-08-19T08:54:58.0998164Z Downloading typeapi-2.2.4-py3-none-any.whl (26 kB)
2025-08-19T08:54:58.1051549Z Downloading typing_extensions-4.14.1-py3-none-any.whl (43 kB)
2025-08-19T08:54:58.1112698Z Downloading urllib3-2.5.0-py3-none-any.whl (129 kB)
2025-08-19T08:54:58.1169195Z Downloading wrapt-1.17.3-cp311-cp311-manylinux1_x86_64.manylinux_2_28_x86_64.manylinux_2_5_x86_64.whl (82 kB)
2025-08-19T08:54:58.1239168Z Downloading black-25.1.0-cp311-cp311-manylinux_2_17_x86_64.manylinux2014_x86_64.manylinux_2_28_x86_64.whl (1.7 MB)
2025-08-19T08:54:58.1364702Z    ━━━━━━━━━━━━━━━━━━━━━━━━━━━━━━━━━━━━━━━━ 1.7/1.7 MB 146.3 MB/s  0:00:00
2025-08-19T08:54:58.1398430Z Downloading certifi-2025.8.3-py3-none-any.whl (161 kB)
2025-08-19T08:54:58.1457436Z Downloading MarkupSafe-3.0.2-cp311-cp311-manylinux_2_17_x86_64.manylinux2014_x86_64.whl (23 kB)
2025-08-19T08:54:58.1513750Z Downloading mypy_extensions-1.1.0-py3-none-any.whl (5.0 kB)
2025-08-19T08:54:58.1572766Z Downloading packaging-25.0-py3-none-any.whl (66 kB)
2025-08-19T08:54:58.1626018Z Downloading pathspec-0.12.1-py3-none-any.whl (31 kB)
2025-08-19T08:54:58.1680170Z Downloading platformdirs-4.3.8-py3-none-any.whl (18 kB)
2025-08-19T08:54:58.1744485Z Downloading yapf-0.43.0-py3-none-any.whl (256 kB)
2025-08-19T08:54:58.1818745Z Downloading watchdog-6.0.0-py3-none-manylinux2014_x86_64.whl (79 kB)
2025-08-19T08:54:58.2088946Z Building wheels for collected packages: docstring-parser
2025-08-19T08:54:58.2097445Z   Building wheel for docstring-parser (pyproject.toml): started
2025-08-19T08:54:58.4176978Z   Building wheel for docstring-parser (pyproject.toml): finished with status 'done'
2025-08-19T08:54:58.4184097Z   Created wheel for docstring-parser: filename=docstring_parser-0.11-py3-none-any.whl size=31551 sha256=d1d6c88b0fa9181a6ff0cca112188576c3a6c9bf30b91b0a6dd6a137a918527f
2025-08-19T08:54:58.4186432Z   Stored in directory: /home/runner/.cache/pip/wheels/0f/f9/78/1186f8bf3425dbd3fb3fa32beee828876c792f49eb2554e888
2025-08-19T08:54:58.4203923Z Successfully built docstring-parser
2025-08-19T08:54:58.4675740Z Installing collected packages: wrapt, watchdog, urllib3, typing-extensions, tomli_w, tomli, PyYAML, platformdirs, pathspec, packaging, nr-stream, nr-date, mypy-extensions, MarkupSafe, idna, docstring-parser, click, charset_normalizer, certifi, yapf, typeapi, requests, jinja2, Deprecated, black, nr.util, databind, databind.json, databind.core, docspec, docspec-python, pydoc-markdown
2025-08-19T08:54:59.6058397Z 
2025-08-19T08:54:59.6082473Z Successfully installed Deprecated-1.2.18 MarkupSafe-3.0.2 PyYAML-6.0.2 black-25.1.0 certifi-2025.8.3 charset_normalizer-3.4.3 click-8.2.1 databind-4.5.2 databind.core-4.5.2 databind.json-4.5.2 docspec-2.2.1 docspec-python-2.2.2 docstring-parser-0.11 idna-3.10 jinja2-3.1.6 mypy-extensions-1.1.0 nr-date-2.1.0 nr-stream-1.1.5 nr.util-0.8.12 packaging-25.0 pathspec-0.12.1 platformdirs-4.3.8 pydoc-markdown-4.8.2 requests-2.32.5 tomli-2.2.1 tomli_w-1.2.0 typeapi-2.2.4 typing-extensions-4.14.1 urllib3-2.5.0 watchdog-6.0.0 wrapt-1.17.3 yapf-0.43.0
2025-08-19T08:54:59.8023548Z ##[group]Run pydoc-markdown
2025-08-19T08:54:59.8023849Z [36;1mpydoc-markdown[0m
2025-08-19T08:54:59.8064071Z shell: /usr/bin/bash -e {0}
2025-08-19T08:54:59.8064297Z env:
2025-08-19T08:54:59.8064537Z   pythonLocation: /opt/hostedtoolcache/Python/3.11.13/x64
2025-08-19T08:54:59.8064951Z   PKG_CONFIG_PATH: /opt/hostedtoolcache/Python/3.11.13/x64/lib/pkgconfig
2025-08-19T08:54:59.8065340Z   Python_ROOT_DIR: /opt/hostedtoolcache/Python/3.11.13/x64
2025-08-19T08:54:59.8065680Z   Python2_ROOT_DIR: /opt/hostedtoolcache/Python/3.11.13/x64
2025-08-19T08:54:59.8066030Z   Python3_ROOT_DIR: /opt/hostedtoolcache/Python/3.11.13/x64
2025-08-19T08:54:59.8066404Z   LD_LIBRARY_PATH: /opt/hostedtoolcache/Python/3.11.13/x64/lib
2025-08-19T08:54:59.8066717Z ##[endgroup]
2025-08-19T08:55:00.1030107Z [WARNING - pydoc_markdown.main]: Unknown configuration options:
2025-08-19T08:55:00.1030813Z Unknown key(s) "{'output_directory'}" at:
2025-08-19T08:55:00.1031306Z In "pydoc-markdown.yml"
2025-08-19T08:55:00.1031951Z   $: TypeHint(pydoc_markdown.PydocMarkdown)
2025-08-19T08:55:00.1032558Z   .renderer: TypeHint(pydoc_markdown.interfaces.Renderer)
2025-08-19T08:55:00.1033622Z   ^: TypeHint(pydoc_markdown.contrib.renderers.markdown.MarkdownRenderer)
2025-08-19T08:55:00.1034183Z 
2025-08-19T08:55:00.4342739Z <a id="__init__"></a>
2025-08-19T08:55:00.4344811Z 
2025-08-19T08:55:00.4345002Z # \_\_init\_\_
2025-08-19T08:55:00.4345242Z 
2025-08-19T08:55:00.4345393Z <a id="api"></a>
2025-08-19T08:55:00.4345618Z 
2025-08-19T08:55:00.4345754Z # api
2025-08-19T08:55:00.4345938Z 
2025-08-19T08:55:00.4346112Z <a id="api.errors"></a>
2025-08-19T08:55:00.4346401Z 
2025-08-19T08:55:00.4346542Z # api.errors
2025-08-19T08:55:00.4346748Z 
2025-08-19T08:55:00.4346928Z <a id="api.sentry_config"></a>
2025-08-19T08:55:00.4347231Z 
2025-08-19T08:55:00.4347384Z # api.sentry\_config
2025-08-19T08:55:00.4347639Z 
2025-08-19T08:55:00.4347841Z <a id="api.tests.test_sentry_scrub"></a>
2025-08-19T08:55:00.4348208Z 
2025-08-19T08:55:00.4348861Z # api.tests.test\_sentry\_scrub
2025-08-19T08:55:00.4349176Z 
2025-08-19T08:55:00.4349363Z <a id="api.tests.test_errors_json"></a>
2025-08-19T08:55:00.4349719Z 
2025-08-19T08:55:00.4349895Z # api.tests.test\_errors\_json
2025-08-19T08:55:00.4350226Z 
2025-08-19T08:55:00.4350407Z <a id="api.tests.test_llm"></a>
2025-08-19T08:55:00.4351327Z 
2025-08-19T08:55:00.4351536Z # api.tests.test\_llm
2025-08-19T08:55:00.4351800Z 
2025-08-19T08:55:00.4351988Z <a id="api.tests.test_sentry_event"></a>
2025-08-19T08:55:00.4352360Z 
2025-08-19T08:55:00.4352531Z # api.tests.test\_sentry\_event
2025-08-19T08:55:00.4352827Z 
2025-08-19T08:55:00.4353105Z <a id="api.tests.test_sentry_event.DummyTransport"></a>
2025-08-19T08:55:00.4353839Z 
2025-08-19T08:55:00.4353990Z ## DummyTransport Objects
2025-08-19T08:55:00.4354236Z 
2025-08-19T08:55:00.4354367Z ```python
2025-08-19T08:55:00.4354669Z class DummyTransport()
2025-08-19T08:55:00.4355004Z ```
2025-08-19T08:55:00.4355155Z 
2025-08-19T08:55:00.4355484Z <a id="api.tests.test_sentry_event.DummyTransport.capture_envelope"></a>
2025-08-19T08:55:00.4355992Z 
2025-08-19T08:55:00.4356125Z #### capture\_envelope
2025-08-19T08:55:00.4356339Z 
2025-08-19T08:55:00.4356463Z ```python
2025-08-19T08:55:00.4356768Z def capture_envelope(envelope)
2025-08-19T08:55:00.4357168Z ```
2025-08-19T08:55:00.4357338Z 
2025-08-19T08:55:00.4357521Z Capture events sent as envelopes by Sentry SDK >= 2.0.
2025-08-19T08:55:00.4357921Z 
2025-08-19T08:55:00.4358079Z <a id="api.tests.test_cors"></a>
2025-08-19T08:55:00.4358353Z 
2025-08-19T08:55:00.4358486Z # api.tests.test\_cors
2025-08-19T08:55:00.4358706Z 
2025-08-19T08:55:00.4358851Z <a id="api.tests.test_imports"></a>
2025-08-19T08:55:00.4359040Z 
2025-08-19T08:55:00.4359134Z # api.tests.test\_imports
2025-08-19T08:55:00.4359286Z 
2025-08-19T08:55:00.4359387Z <a id="api.tests.test_rate_limit"></a>
2025-08-19T08:55:00.4359586Z 
2025-08-19T08:55:00.4359679Z # api.tests.test\_rate\_limit
2025-08-19T08:55:00.4359842Z 
2025-08-19T08:55:00.4360227Z <a id="api.tests.test_rate_limit.app"></a>
2025-08-19T08:55:00.4360464Z 
2025-08-19T08:55:00.4360544Z #### app
2025-08-19T08:55:00.4360650Z 
2025-08-19T08:55:00.4360732Z noqa: E402
2025-08-19T08:55:00.4360838Z 
2025-08-19T08:55:00.4360943Z <a id="api.tests.test_entrypoint"></a>
2025-08-19T08:55:00.4361136Z 
2025-08-19T08:55:00.4361240Z # api.tests.test\_entrypoint
2025-08-19T08:55:00.4361403Z 
2025-08-19T08:55:00.4361504Z <a id="api.tests.test_health"></a>
2025-08-19T08:55:00.4361690Z 
2025-08-19T08:55:00.4361780Z # api.tests.test\_health
2025-08-19T08:55:00.4361929Z 
2025-08-19T08:55:00.4362029Z <a id="api.logging_config"></a>
2025-08-19T08:55:00.4362196Z 
2025-08-19T08:55:00.4362280Z # api.logging\_config
2025-08-19T08:55:00.4362417Z 
2025-08-19T08:55:00.4362519Z <a id="api.migrations.env"></a>
2025-08-19T08:55:00.4362685Z 
2025-08-19T08:55:00.4362772Z # api.migrations.env
2025-08-19T08:55:00.4362905Z 
2025-08-19T08:55:00.4363029Z <a id="api.migrations.versions.0022_fix_roi_view"></a>
2025-08-19T08:55:00.4363247Z 
2025-08-19T08:55:00.4363630Z # api.migrations.versions.0022\_fix\_roi\_view
2025-08-19T08:55:00.4363848Z 
2025-08-19T08:55:00.4363971Z <a id="api.migrations.versions.0004_fee_cron"></a>
2025-08-19T08:55:00.4364170Z 
2025-08-19T08:55:00.4364276Z # api.migrations.versions.0004\_fee\_cron
2025-08-19T08:55:00.4364450Z 
2025-08-19T08:55:00.4364607Z <a id="api.migrations.versions.3e9d5c5aff2c_rename_fulf_fee"></a>
2025-08-19T08:55:00.4364852Z 
2025-08-19T08:55:00.4364992Z # api.migrations.versions.3e9d5c5aff2c\_rename\_fulf\_fee
2025-08-19T08:55:00.4365210Z 
2025-08-19T08:55:00.4365340Z <a id="api.migrations.versions.0003_vendor_prices"></a>
2025-08-19T08:55:00.4365542Z 
2025-08-19T08:55:00.4365649Z # api.migrations.versions.0003\_vendor\_prices
2025-08-19T08:55:00.4365837Z 
2025-08-19T08:55:00.4365954Z <a id="api.migrations.versions.0024_create_buybox"></a>
2025-08-19T08:55:00.4366151Z 
2025-08-19T08:55:00.4366255Z # api.migrations.versions.0024\_create\_buybox
2025-08-19T08:55:00.4366442Z 
2025-08-19T08:55:00.4366720Z <a id="api.migrations.versions.0002_create_roi_view"></a>
2025-08-19T08:55:00.4366937Z 
2025-08-19T08:55:00.4367054Z # api.migrations.versions.0002\_create\_roi\_view
2025-08-19T08:55:00.4367251Z 
2025-08-19T08:55:00.4367368Z <a id="api.migrations.versions.0006_fix_roi_views"></a>
2025-08-19T08:55:00.4367570Z 
2025-08-19T08:55:00.4367677Z # api.migrations.versions.0006\_fix\_roi\_views
2025-08-19T08:55:00.4367863Z 
2025-08-19T08:55:00.4367987Z <a id="api.migrations.versions.0020_unified_schema"></a>
2025-08-19T08:55:00.4368194Z 
2025-08-19T08:55:00.4368301Z # api.migrations.versions.0020\_unified\_schema
2025-08-19T08:55:00.4368484Z 
2025-08-19T08:55:00.4368628Z <a id="api.migrations.versions.0025_pr4_indexes_loadlog"></a>
2025-08-19T08:55:00.4368848Z 
2025-08-19T08:55:00.4368969Z # api.migrations.versions.0025\_pr4\_indexes\_loadlog
2025-08-19T08:55:00.4369176Z 
2025-08-19T08:55:00.4369300Z <a id="api.migrations.versions.0023_add_storage_fee"></a>
2025-08-19T08:55:00.4369502Z 
2025-08-19T08:55:00.4369629Z # api.migrations.versions.0023\_add\_storage\_fee
2025-08-19T08:55:00.4369820Z 
2025-08-19T08:55:00.4369956Z <a id="api.migrations.versions.0026_amazon_new_reports"></a>
2025-08-19T08:55:00.4370263Z 
2025-08-19T08:55:00.4370385Z # api.migrations.versions.0026\_amazon\_new\_reports
2025-08-19T08:55:00.4370617Z 
2025-08-19T08:55:00.4370736Z <a id="api.migrations.versions.0001_baseline"></a>
2025-08-19T08:55:00.4370929Z 
2025-08-19T08:55:00.4371025Z # api.migrations.versions.0001\_baseline
2025-08-19T08:55:00.4371200Z 
2025-08-19T08:55:00.4371293Z <a id="api.migrations.versions"></a>
2025-08-19T08:55:00.4371455Z 
2025-08-19T08:55:00.4371538Z # api.migrations.versions
2025-08-19T08:55:00.4371675Z 
2025-08-19T08:55:00.4371755Z <a id="api.migrations"></a>
2025-08-19T08:55:00.4371893Z 
2025-08-19T08:55:00.4371967Z # api.migrations
2025-08-19T08:55:00.4372075Z 
2025-08-19T08:55:00.4372143Z <a id="api.db"></a>
2025-08-19T08:55:00.4372255Z 
2025-08-19T08:55:00.4372317Z # api.db
2025-08-19T08:55:00.4372404Z 
2025-08-19T08:55:00.4372639Z <a id="api.routes.stats"></a>
2025-08-19T08:55:00.4372791Z 
2025-08-19T08:55:00.4372862Z # api.routes.stats
2025-08-19T08:55:00.4372967Z 
2025-08-19T08:55:00.4373062Z <a id="api.routes.stats.kpi"></a>
2025-08-19T08:55:00.4373213Z 
2025-08-19T08:55:00.4373275Z #### kpi
2025-08-19T08:55:00.4373615Z 
2025-08-19T08:55:00.4373687Z ```python
2025-08-19T08:55:00.4373858Z @router.get("/stats/kpi")
2025-08-19T08:55:00.4374168Z def kpi() -> List[Dict[str, int]]
2025-08-19T08:55:00.4374374Z ```
2025-08-19T08:55:00.4374465Z 
2025-08-19T08:55:00.4374546Z Return KPI metrics (mock).
2025-08-19T08:55:00.4374683Z 
2025-08-19T08:55:00.4374788Z <a id="api.routes.stats.roi_by_vendor"></a>
2025-08-19T08:55:00.4374966Z 
2025-08-19T08:55:00.4375035Z #### roi\_by\_vendor
2025-08-19T08:55:00.4375145Z 
2025-08-19T08:55:00.4375214Z ```python
2025-08-19T08:55:00.4375389Z @router.get("/stats/roi_by_vendor")
2025-08-19T08:55:00.4375640Z def roi_by_vendor() -> List[Dict[str, int]]
2025-08-19T08:55:00.4375864Z ```
2025-08-19T08:55:00.4375964Z 
2025-08-19T08:55:00.4376045Z Return ROI percent by vendor.
2025-08-19T08:55:00.4376183Z 
2025-08-19T08:55:00.4376283Z <a id="api.routes.stats.roi_trend"></a>
2025-08-19T08:55:00.4376455Z 
2025-08-19T08:55:00.4376519Z #### roi\_trend
2025-08-19T08:55:00.4376621Z 
2025-08-19T08:55:00.4376688Z ```python
2025-08-19T08:55:00.4376849Z @router.get("/stats/roi_trend")
2025-08-19T08:55:00.4377087Z def roi_trend() -> List[Dict[str, int | str]]
2025-08-19T08:55:00.4377318Z ```
2025-08-19T08:55:00.4377404Z 
2025-08-19T08:55:00.4377480Z Return 30-day ROI trend.
2025-08-19T08:55:00.4377604Z 
2025-08-19T08:55:00.4377690Z <a id="api.routes.roi"></a>
2025-08-19T08:55:00.4377823Z 
2025-08-19T08:55:00.4377895Z # api.routes.roi
2025-08-19T08:55:00.4377999Z 
2025-08-19T08:55:00.4378089Z <a id="api.routes.health"></a>
2025-08-19T08:55:00.4378230Z 
2025-08-19T08:55:00.4378303Z # api.routes.health
2025-08-19T08:55:00.4378419Z 
2025-08-19T08:55:00.4378510Z <a id="api.routes.health.MAX_SKEW"></a>
2025-08-19T08:55:00.4378857Z 
2025-08-19T08:55:00.4378924Z #### MAX\_SKEW
2025-08-19T08:55:00.4379029Z 
2025-08-19T08:55:00.4379092Z seconds
2025-08-19T08:55:00.4379178Z 
2025-08-19T08:55:00.4379277Z <a id="api.routes.health.health"></a>
2025-08-19T08:55:00.4379441Z 
2025-08-19T08:55:00.4379503Z #### health
2025-08-19T08:55:00.4379597Z 
2025-08-19T08:55:00.4379660Z ```python
2025-08-19T08:55:00.4379849Z @router.get("/health", include_in_schema=False)
2025-08-19T08:55:00.4380228Z async def health(session: AsyncSession = Depends(get_session)) -> JSONResponse
2025-08-19T08:55:00.4380573Z ```
2025-08-19T08:55:00.4380661Z 
2025-08-19T08:55:00.4380775Z Return 200 when DB reachable and clocks are in sync.
2025-08-19T08:55:00.4380972Z 
2025-08-19T08:55:00.4381072Z <a id="api.routes.repository"></a>
2025-08-19T08:55:00.4381229Z 
2025-08-19T08:55:00.4381305Z # api.routes.repository
2025-08-19T08:55:00.4381436Z 
2025-08-19T08:55:00.4381508Z <a id="api.routes"></a>
2025-08-19T08:55:00.4381625Z 
2025-08-19T08:55:00.4381688Z # api.routes
2025-08-19T08:55:00.4381800Z 
2025-08-19T08:55:00.4381881Z <a id="api.models.fee"></a>
2025-08-19T08:55:00.4382010Z 
2025-08-19T08:55:00.4382082Z # api.models.fee
2025-08-19T08:55:00.4382186Z 
2025-08-19T08:55:00.4382256Z <a id="api.models"></a>
2025-08-19T08:55:00.4382379Z 
2025-08-19T08:55:00.4382443Z # api.models
2025-08-19T08:55:00.4382537Z 
2025-08-19T08:55:00.4382615Z <a id="api.roi_repository"></a>
2025-08-19T08:55:00.4382773Z 
2025-08-19T08:55:00.4382852Z # api.roi\_repository
2025-08-19T08:55:00.4382966Z 
2025-08-19T08:55:00.4383040Z <a id="api.main"></a>
2025-08-19T08:55:00.4383158Z 
2025-08-19T08:55:00.4383224Z # api.main
2025-08-19T08:55:00.4383544Z 
2025-08-19T08:55:00.4383681Z <a id="api.main.ready"></a>
2025-08-19T08:55:00.4383829Z 
2025-08-19T08:55:00.4383893Z #### ready
2025-08-19T08:55:00.4383981Z 
2025-08-19T08:55:00.4384054Z ```python
2025-08-19T08:55:00.4384317Z @app.get("/ready", status_code=status.HTTP_200_OK, include_in_schema=False)
2025-08-19T08:55:00.4384912Z async def ready(session: AsyncSession = Depends(get_session)) -> dict[str,
2025-08-19T08:55:00.4385279Z                                                                       str]
2025-08-19T08:55:00.4385517Z ```
2025-08-19T08:55:00.4385598Z 
2025-08-19T08:55:00.4385693Z Return 200 only when migrations are at head.
2025-08-19T08:55:00.4385873Z 
2025-08-19T08:55:00.4385945Z <a id="api.config"></a>
2025-08-19T08:55:00.4386060Z 
2025-08-19T08:55:00.4386130Z # api.config
2025-08-19T08:55:00.4386221Z 
2025-08-19T08:55:00.4386284Z <a id="etl"></a>
2025-08-19T08:55:00.4386392Z 
2025-08-19T08:55:00.4386452Z # etl
2025-08-19T08:55:00.4386536Z 
2025-08-19T08:55:00.4386616Z <a id="etl.fba_fee_ingestor"></a>
2025-08-19T08:55:00.4386769Z 
2025-08-19T08:55:00.4386843Z # etl.fba\_fee\_ingestor
2025-08-19T08:55:00.4386966Z 
2025-08-19T08:55:00.4387051Z <a id="etl.sp_fees_ingestor"></a>
2025-08-19T08:55:00.4387194Z 
2025-08-19T08:55:00.4387267Z # etl.sp\_fees\_ingestor
2025-08-19T08:55:00.4387384Z 
2025-08-19T08:55:00.4387478Z <a id="etl.keepa_ingestor"></a>
2025-08-19T08:55:00.4387622Z 
2025-08-19T08:55:00.4387693Z # etl.keepa\_ingestor
2025-08-19T08:55:00.4387812Z 
2025-08-19T08:55:00.4387877Z <a id="etl.db"></a>
2025-08-19T08:55:00.4387983Z 
2025-08-19T08:55:00.4388051Z # etl.db
2025-08-19T08:55:00.4388139Z 
2025-08-19T08:55:00.4388222Z <a id="etl.dialects.schemas"></a>
2025-08-19T08:55:00.4388371Z 
2025-08-19T08:55:00.4388452Z # etl.dialects.schemas
2025-08-19T08:55:00.4388570Z 
2025-08-19T08:55:00.4388674Z <a id="etl.dialects.amazon_reimbursements"></a>
2025-08-19T08:55:00.4388865Z 
2025-08-19T08:55:00.4388955Z # etl.dialects.amazon\_reimbursements
2025-08-19T08:55:00.4389115Z 
2025-08-19T08:55:00.4389211Z <a id="etl.dialects.amazon_ads_sp_cost"></a>
2025-08-19T08:55:00.4389392Z 
2025-08-19T08:55:00.4389478Z # etl.dialects.amazon\_ads\_sp\_cost
2025-08-19T08:55:00.4389636Z 
2025-08-19T08:55:00.4389733Z <a id="etl.dialects.amazon_returns"></a>
2025-08-19T08:55:00.4389900Z 
2025-08-19T08:55:00.4389984Z # etl.dialects.amazon\_returns
2025-08-19T08:55:00.4390308Z 
2025-08-19T08:55:00.4390440Z <a id="etl.dialects.amazon_fee_preview"></a>
2025-08-19T08:55:00.4390617Z 
2025-08-19T08:55:00.4390702Z # etl.dialects.amazon\_fee\_preview
2025-08-19T08:55:00.4390857Z 
2025-08-19T08:55:00.4390969Z <a id="etl.dialects.amazon_inventory_ledger"></a>
2025-08-19T08:55:00.4391155Z 
2025-08-19T08:55:00.4391245Z # etl.dialects.amazon\_inventory\_ledger
2025-08-19T08:55:00.4391412Z 
2025-08-19T08:55:00.4391507Z <a id="etl.dialects.amazon_settlements"></a>
2025-08-19T08:55:00.4391676Z 
2025-08-19T08:55:00.4391763Z # etl.dialects.amazon\_settlements
2025-08-19T08:55:00.4391921Z 
2025-08-19T08:55:00.4391997Z <a id="etl.dialects"></a>
2025-08-19T08:55:00.4392123Z 
2025-08-19T08:55:00.4392407Z # etl.dialects
2025-08-19T08:55:00.4392589Z 
2025-08-19T08:55:00.4392709Z <a id="ingest"></a>
2025-08-19T08:55:00.4392903Z 
2025-08-19T08:55:00.4393013Z # ingest
2025-08-19T08:55:00.4393167Z 
2025-08-19T08:55:00.4393457Z <a id="ingest.maintenance"></a>
2025-08-19T08:55:00.4393720Z 
2025-08-19T08:55:00.4393817Z # ingest.maintenance
2025-08-19T08:55:00.4393937Z 
2025-08-19T08:55:00.4394022Z <a id="ingest.copy_loader"></a>
2025-08-19T08:55:00.4394271Z 
2025-08-19T08:55:00.4394395Z # ingest.copy\_loader
2025-08-19T08:55:00.4394601Z 
2025-08-19T08:55:00.4394754Z <a id="ingest.copy_loader.copy_df_via_temp"></a>
2025-08-19T08:55:00.4394945Z 
2025-08-19T08:55:00.4395071Z #### copy\_df\_via\_temp
2025-08-19T08:55:00.4395306Z 
2025-08-19T08:55:00.4395380Z ```python
2025-08-19T08:55:00.4395630Z def copy_df_via_temp(engine: Engine,
2025-08-19T08:55:00.4395905Z                      df: pd.DataFrame,
2025-08-19T08:55:00.4396247Z                      target_table: str,
2025-08-19T08:55:00.4396474Z                      *,
2025-08-19T08:55:00.4396698Z                      target_schema: Optional[str] = None,
2025-08-19T08:55:00.4397128Z                      columns: Sequence[str],
2025-08-19T08:55:00.4397498Z                      conflict_cols: Optional[Sequence[str]] = None,
2025-08-19T08:55:00.4398318Z                      analyze_after: bool = False,
2025-08-19T08:55:00.4398810Z                      connection: Any | None = None) -> int
2025-08-19T08:55:00.4399060Z ```
2025-08-19T08:55:00.4399144Z 
2025-08-19T08:55:00.4399304Z Bulk load *df* into *target_table* using COPY and a staging table.
2025-08-19T08:55:00.4399542Z 
2025-08-19T08:55:00.4399642Z <a id="ingest.tests.test_smoke"></a>
2025-08-19T08:55:00.4399801Z 
2025-08-19T08:55:00.4399884Z # ingest.tests.test\_smoke
2025-08-19T08:55:00.4400022Z 
2025-08-19T08:55:00.4400097Z <a id="ingest.tests"></a>
2025-08-19T08:55:00.4400222Z 
2025-08-19T08:55:00.4400290Z # ingest.tests
2025-08-19T08:55:00.4400402Z 
2025-08-19T08:55:00.4400486Z <a id="ingest.upload_router"></a>
2025-08-19T08:55:00.4400634Z 
2025-08-19T08:55:00.4400715Z # ingest.upload\_router
2025-08-19T08:55:00.4400833Z 
2025-08-19T08:55:00.4400915Z <a id="ingest.email_watcher"></a>
2025-08-19T08:55:00.4401063Z 
2025-08-19T08:55:00.4401135Z # ingest.email\_watcher
2025-08-19T08:55:00.4401249Z 
2025-08-19T08:55:00.4401351Z <a id="ingest.email_watcher.main"></a>
2025-08-19T08:55:00.4401518Z 
2025-08-19T08:55:00.4401579Z #### main
2025-08-19T08:55:00.4401669Z 
2025-08-19T08:55:00.4401736Z ```python
2025-08-19T08:55:00.4401900Z def main() -> dict[str, str]
2025-08-19T08:55:00.4402094Z ```
2025-08-19T08:55:00.4402175Z 
2025-08-19T08:55:00.4402316Z Upload CSV/XLSX attachments to MinIO and trigger ingestion.
2025-08-19T08:55:00.4402563Z 
2025-08-19T08:55:00.4402694Z Returns {"status": "success"} when processing completes.
2025-08-19T08:55:00.4402911Z 
2025-08-19T08:55:00.4402985Z <a id="ingest.tasks"></a>
2025-08-19T08:55:00.4403111Z 
2025-08-19T08:55:00.4403181Z # ingest.tasks
2025-08-19T08:55:00.4403282Z 
2025-08-19T08:55:00.4403682Z <a id="ingest.tasks.task_import_file"></a>
2025-08-19T08:55:00.4403870Z 
2025-08-19T08:55:00.4403944Z #### task\_import\_file
2025-08-19T08:55:00.4404063Z 
2025-08-19T08:55:00.4404126Z ```python
2025-08-19T08:55:00.4404337Z @celery_app.task(name="ingest.import_file", bind=True)
2025-08-19T08:55:00.4404976Z def task_import_file(self: Any,
2025-08-19T08:55:00.4405189Z                      uri: str,
2025-08-19T08:55:00.4405414Z                      report_type: Optional[str] = None,
2025-08-19T08:55:00.4405684Z                      force: bool = False) -> Dict[str, Any]
2025-08-19T08:55:00.4405930Z ```
2025-08-19T08:55:00.4406016Z 
2025-08-19T08:55:00.4406150Z Import a file into Postgres using existing ETL pipeline.
2025-08-19T08:55:00.4406371Z 
2025-08-19T08:55:00.4406456Z <a id="ingest.celery_app"></a>
2025-08-19T08:55:00.4406597Z 
2025-08-19T08:55:00.4406675Z # ingest.celery\_app
2025-08-19T08:55:00.4406791Z 
2025-08-19T08:55:00.4406878Z <a id="ingest.ingest_router"></a>
2025-08-19T08:55:00.4407028Z 
2025-08-19T08:55:00.4407111Z # ingest.ingest\_router
2025-08-19T08:55:00.4407231Z 
2025-08-19T08:55:00.4407307Z <a id="logistics_etl"></a>
2025-08-19T08:55:00.4407444Z 
2025-08-19T08:55:00.4407512Z # logistics\_etl
2025-08-19T08:55:00.4407616Z 
2025-08-19T08:55:00.4407698Z Daily logistics ETL job.
2025-08-19T08:55:00.4407846Z 
2025-08-19T08:55:00.4407929Z <a id="logistics_etl.__main__"></a>
2025-08-19T08:55:00.4408081Z 
2025-08-19T08:55:00.4408167Z # logistics\_etl.\_\_main\_\_
2025-08-19T08:55:00.4408300Z 
2025-08-19T08:55:00.4408380Z <a id="logistics_etl.dsn"></a>
2025-08-19T08:55:00.4408521Z 
2025-08-19T08:55:00.4408591Z # logistics\_etl.dsn
2025-08-19T08:55:00.4408703Z 
2025-08-19T08:55:00.4408819Z Local DSN builder to avoid cross-service dependency.
2025-08-19T08:55:00.4409035Z 
2025-08-19T08:55:00.4409126Z <a id="logistics_etl.dsn.build_dsn"></a>
2025-08-19T08:55:00.4409294Z 
2025-08-19T08:55:00.4409365Z #### build\_dsn
2025-08-19T08:55:00.4409472Z 
2025-08-19T08:55:00.4409536Z ```python
2025-08-19T08:55:00.4409718Z def build_dsn(sync: bool = True) -> str
2025-08-19T08:55:00.4409943Z ```
2025-08-19T08:55:00.4410032Z 
2025-08-19T08:55:00.4410175Z Return a Postgres DSN assembled from environment variables.
2025-08-19T08:55:00.4410402Z 
2025-08-19T08:55:00.4410688Z Prefers explicit DSNs via ``PG_SYNC_DSN``/``PG_ASYNC_DSN`` or
2025-08-19T08:55:00.4411094Z ``DATABASE_URL``. Falls back to individual PG_* settings and raises an
2025-08-19T08:55:00.4411447Z error when any required variable is missing.
2025-08-19T08:55:00.4411624Z 
2025-08-19T08:55:00.4411718Z <a id="logistics_etl.tests.conftest"></a>
2025-08-19T08:55:00.4411897Z 
2025-08-19T08:55:00.4411980Z # logistics\_etl.tests.conftest
2025-08-19T08:55:00.4412126Z 
2025-08-19T08:55:00.4412231Z <a id="logistics_etl.tests.test_repository"></a>
2025-08-19T08:55:00.4412423Z 
2025-08-19T08:55:00.4412512Z # logistics\_etl.tests.test\_repository
2025-08-19T08:55:00.4412679Z 
2025-08-19T08:55:00.4412775Z <a id="logistics_etl.tests.test_cron"></a>
2025-08-19T08:55:00.4412947Z 
2025-08-19T08:55:00.4413032Z # logistics\_etl.tests.test\_cron
2025-08-19T08:55:00.4413187Z 
2025-08-19T08:55:00.4413283Z <a id="logistics_etl.tests.test_imports"></a>
2025-08-19T08:55:00.4413731Z 
2025-08-19T08:55:00.4413822Z # logistics\_etl.tests.test\_imports
2025-08-19T08:55:00.4414002Z 
2025-08-19T08:55:00.4414096Z <a id="logistics_etl.tests.test_smoke"></a>
2025-08-19T08:55:00.4414269Z 
2025-08-19T08:55:00.4414362Z # logistics\_etl.tests.test\_smoke
2025-08-19T08:55:00.4414512Z 
2025-08-19T08:55:00.4414606Z <a id="logistics_etl.tests.test_client"></a>
2025-08-19T08:55:00.4414782Z 
2025-08-19T08:55:00.4414866Z # logistics\_etl.tests.test\_client
2025-08-19T08:55:00.4415022Z 
2025-08-19T08:55:00.4415104Z <a id="logistics_etl.tests"></a>
2025-08-19T08:55:00.4415254Z 
2025-08-19T08:55:00.4415326Z # logistics\_etl.tests
2025-08-19T08:55:00.4415443Z 
2025-08-19T08:55:00.4415532Z <a id="logistics_etl.flow"></a>
2025-08-19T08:55:00.4415670Z 
2025-08-19T08:55:00.4415741Z # logistics\_etl.flow
2025-08-19T08:55:00.4415863Z 
2025-08-19T08:55:00.4415946Z <a id="logistics_etl.client"></a>
2025-08-19T08:55:00.4416095Z 
2025-08-19T08:55:00.4416169Z # logistics\_etl.client
2025-08-19T08:55:00.4416293Z 
2025-08-19T08:55:00.4416371Z <a id="logistics_etl.cron"></a>
2025-08-19T08:55:00.4416660Z 
2025-08-19T08:55:00.4416742Z # logistics\_etl.cron
2025-08-19T08:55:00.4416855Z 
2025-08-19T08:55:00.4416933Z <a id="logistics_etl.db"></a>
2025-08-19T08:55:00.4417076Z 
2025-08-19T08:55:00.4460885Z # logistics\_etl.db
2025-08-19T08:55:00.4461159Z 
2025-08-19T08:55:00.4461362Z <a id="logistics_etl.repository"></a>
2025-08-19T08:55:00.4461727Z 
2025-08-19T08:55:00.4461893Z # logistics\_etl.repository
2025-08-19T08:55:00.4462198Z 
2025-08-19T08:55:00.4462347Z <a id="alert_bot"></a>
2025-08-19T08:55:00.4462592Z 
2025-08-19T08:55:00.4462726Z # alert\_bot
2025-08-19T08:55:00.4462936Z 
2025-08-19T08:55:00.4463125Z <a id="alert_bot.tests.test_smoke"></a>
2025-08-19T08:55:00.4463663Z 
2025-08-19T08:55:00.4463784Z # alert\_bot.tests.test\_smoke
2025-08-19T08:55:00.4463963Z 
2025-08-19T08:55:00.4464060Z <a id="alert_bot.tests"></a>
2025-08-19T08:55:00.4464229Z 
2025-08-19T08:55:00.4464319Z # alert\_bot.tests
2025-08-19T08:55:00.4464454Z 
2025-08-19T08:55:00.4464555Z <a id="alert_bot.alert_bot"></a>
2025-08-19T08:55:00.4464756Z 
2025-08-19T08:55:00.4464846Z # alert\_bot.alert\_bot
2025-08-19T08:55:00.4464994Z 
2025-08-19T08:55:00.4465095Z <a id="alert_bot.rules"></a>
2025-08-19T08:55:00.4465260Z 
2025-08-19T08:55:00.4465344Z # alert\_bot.rules
2025-08-19T08:55:00.4465473Z 
2025-08-19T08:55:00.4465564Z <a id="common"></a>
2025-08-19T08:55:00.4465696Z 
2025-08-19T08:55:00.4465773Z # common
2025-08-19T08:55:00.4465890Z 
2025-08-19T08:55:00.4465981Z <a id="common.dsn"></a>
2025-08-19T08:55:00.4466128Z 
2025-08-19T08:55:00.4466207Z # common.dsn
2025-08-19T08:55:00.4466333Z 
2025-08-19T08:55:00.4466438Z <a id="common.dsn.build_dsn"></a>
2025-08-19T08:55:00.4466627Z 
2025-08-19T08:55:00.4466716Z #### build\_dsn
2025-08-19T08:55:00.4466842Z 
2025-08-19T08:55:00.4466926Z ```python
2025-08-19T08:55:00.4467162Z def build_dsn(sync: bool = True) -> str
2025-08-19T08:55:00.4467443Z ```
2025-08-19T08:55:00.4467555Z 
2025-08-19T08:55:00.4467715Z Return a Postgres DSN, validating required variables.
2025-08-19T08:55:00.4467981Z 
2025-08-19T08:55:00.4468427Z The function prefers explicit DSNs via ``PG_SYNC_DSN`` / ``PG_ASYNC_DSN`` or
2025-08-19T08:55:00.4468990Z ``DATABASE_URL``.  If those are absent it assembles a connection string from
2025-08-19T08:55:00.4469521Z ``PG_HOST`` and related variables and raises a helpful error when any are
2025-08-19T08:55:00.4469953Z missing.
2025-08-19T08:55:00.4470069Z 
2025-08-19T08:55:00.4470177Z <a id="common.models_vendor"></a>
2025-08-19T08:55:00.4470369Z 
2025-08-19T08:55:00.4470536Z # common.models\_vendor
2025-08-19T08:55:00.4470694Z 
2025-08-19T08:55:00.4470807Z <a id="common.models_vendor.Vendor"></a>
2025-08-19T08:55:00.4471015Z 
2025-08-19T08:55:00.4471105Z ## Vendor Objects
2025-08-19T08:55:00.4471236Z 
2025-08-19T08:55:00.4471315Z ```python
2025-08-19T08:55:00.4471509Z class Vendor(Base)
2025-08-19T08:55:00.4471713Z ```
2025-08-19T08:55:00.4471821Z 
2025-08-19T08:55:00.4471919Z Vendor of inventory items.
2025-08-19T08:55:00.4472080Z 
2025-08-19T08:55:00.4472215Z <a id="common.models_vendor.VendorPrice"></a>
2025-08-19T08:55:00.4472458Z 
2025-08-19T08:55:00.4472531Z ## VendorPrice Objects
2025-08-19T08:55:00.4472650Z 
2025-08-19T08:55:00.4472720Z ```python
2025-08-19T08:55:00.4472882Z class VendorPrice(Base)
2025-08-19T08:55:00.4473063Z ```
2025-08-19T08:55:00.4473146Z 
2025-08-19T08:55:00.4473249Z Association table linking vendors to pricing.
2025-08-19T08:55:00.4473564Z 
2025-08-19T08:55:00.4473642Z <a id="common.db_url"></a>
2025-08-19T08:55:00.4473769Z 
2025-08-19T08:55:00.4473841Z # common.db\_url
2025-08-19T08:55:00.4473945Z 
2025-08-19T08:55:00.4474029Z <a id="common.db_url.build_url"></a>
2025-08-19T08:55:00.4474187Z 
2025-08-19T08:55:00.4474257Z #### build\_url
2025-08-19T08:55:00.4474358Z 
2025-08-19T08:55:00.4474420Z ```python
2025-08-19T08:55:00.4474596Z def build_url(async_: bool = True) -> str
2025-08-19T08:55:00.4474818Z ```
2025-08-19T08:55:00.4474902Z 
2025-08-19T08:55:00.4475001Z Return Postgres DSN from env or PG_* parts.
2025-08-19T08:55:00.4475178Z 
2025-08-19T08:55:00.4475268Z <a id="common.keepa"></a>
2025-08-19T08:55:00.4475541Z 
2025-08-19T08:55:00.4475609Z # common.keepa
2025-08-19T08:55:00.4475713Z 
2025-08-19T08:55:00.4475795Z <a id="common.llm"></a>
2025-08-19T08:55:00.4475912Z 
2025-08-19T08:55:00.4475976Z # common.llm
2025-08-19T08:55:00.4476077Z 
2025-08-19T08:55:00.4476156Z <a id="common.settings"></a>
2025-08-19T08:55:00.4476293Z 
2025-08-19T08:55:00.4476362Z # common.settings
2025-08-19T08:55:00.4476474Z 
2025-08-19T08:55:00.4476546Z <a id="common.db"></a>
2025-08-19T08:55:00.4476664Z 
2025-08-19T08:55:00.4476733Z # common.db
2025-08-19T08:55:00.4476824Z 
2025-08-19T08:55:00.4476919Z <a id="common.db.build_sqlalchemy_url"></a>
2025-08-19T08:55:00.4477096Z 
2025-08-19T08:55:00.4477175Z #### build\_sqlalchemy\_url
2025-08-19T08:55:00.4477305Z 
2025-08-19T08:55:00.4477368Z ```python
2025-08-19T08:55:00.4477547Z def build_sqlalchemy_url() -> str
2025-08-19T08:55:00.4477764Z ```
2025-08-19T08:55:00.4477848Z 
2025-08-19T08:55:00.4477944Z Return Postgres URL for SQLAlchemy engines.
2025-08-19T08:55:00.4478135Z 
2025-08-19T08:55:00.4478234Z <a id="common.db.build_asyncpg_dsn"></a>
2025-08-19T08:55:00.4478404Z 
2025-08-19T08:55:00.4478478Z #### build\_asyncpg\_dsn
2025-08-19T08:55:00.4478784Z 
2025-08-19T08:55:00.4478849Z ```python
2025-08-19T08:55:00.4479022Z def build_asyncpg_dsn() -> str
2025-08-19T08:55:00.4479226Z ```
2025-08-19T08:55:00.4479308Z 
2025-08-19T08:55:00.4479444Z Return DSN suitable for asyncpg (without driver suffix).
2025-08-19T08:55:00.4479663Z 
2025-08-19T08:55:00.4479748Z <a id="common.db.refresh_mvs"></a>
2025-08-19T08:55:00.4479900Z 
2025-08-19T08:55:00.4479973Z #### refresh\_mvs
2025-08-19T08:55:00.4480078Z 
2025-08-19T08:55:00.4480141Z ```python
2025-08-19T08:55:00.4480338Z def refresh_mvs(conn: Engine | Connection) -> None
2025-08-19T08:55:00.4480587Z ```
2025-08-19T08:55:00.4480674Z 
2025-08-19T08:55:00.4480812Z Refresh materialized views, using CONCURRENTLY when safe.
2025-08-19T08:55:00.4481031Z 
2025-08-19T08:55:00.4481117Z <a id="common.config"></a>
2025-08-19T08:55:00.4481377Z 
2025-08-19T08:55:00.4481452Z # common.config
2025-08-19T08:55:00.4481567Z 
2025-08-19T08:55:00.4481641Z <a id="common.base"></a>
2025-08-19T08:55:00.4481762Z 
2025-08-19T08:55:00.4481829Z # common.base
2025-08-19T08:55:00.4481930Z 
2025-08-19T08:55:00.4482009Z <a id="common.base.Base"></a>
2025-08-19T08:55:00.4482148Z 
2025-08-19T08:55:00.4482218Z ## Base Objects
2025-08-19T08:55:00.4482317Z 
2025-08-19T08:55:00.4482377Z ```python
2025-08-19T08:55:00.4482544Z class Base(DeclarativeBase)
2025-08-19T08:55:00.4482733Z ```
2025-08-19T08:55:00.4482819Z 
2025-08-19T08:55:00.4482903Z Base class for SQLAlchemy models.
2025-08-19T08:55:00.4483054Z 
2025-08-19T08:55:00.4483125Z <a id="repricer"></a>
2025-08-19T08:55:00.4483246Z 
2025-08-19T08:55:00.4483308Z # repricer
2025-08-19T08:55:00.4483673Z 
2025-08-19T08:55:00.4483770Z <a id="repricer.app.schemas"></a>
2025-08-19T08:55:00.4483925Z 
2025-08-19T08:55:00.4484002Z # repricer.app.schemas
2025-08-19T08:55:00.4484121Z 
2025-08-19T08:55:00.4484230Z <a id="repricer.app.deps"></a>
2025-08-19T08:55:00.4484372Z 
2025-08-19T08:55:00.4484444Z # repricer.app.deps
2025-08-19T08:55:00.4484559Z 
2025-08-19T08:55:00.4484685Z Placeholder module for Keepa / SP-API clients.
2025-08-19T08:55:00.4484872Z 
2025-08-19T08:55:00.4484962Z <a id="repricer.app.logic"></a>
2025-08-19T08:55:00.4485105Z 
2025-08-19T08:55:00.4485178Z # repricer.app.logic
2025-08-19T08:55:00.4485296Z 
2025-08-19T08:55:00.4485400Z <a id="repricer.app.logic.MIN_MARGIN"></a>
2025-08-19T08:55:00.4485576Z 
2025-08-19T08:55:00.4485642Z #### MIN\_MARGIN
2025-08-19T08:55:00.4485747Z 
2025-08-19T08:55:00.4485808Z 15 % ROI
2025-08-19T08:55:00.4485896Z 
2025-08-19T08:55:00.4486007Z <a id="repricer.app.logic.compute_price"></a>
2025-08-19T08:55:00.4486193Z 
2025-08-19T08:55:00.4486263Z #### compute\_price
2025-08-19T08:55:00.4486368Z 
2025-08-19T08:55:00.4486435Z ```python
2025-08-19T08:55:00.4486683Z def compute_price(asin: str, cost: Decimal, fees: Decimal) -> Decimal
2025-08-19T08:55:00.4486988Z ```
2025-08-19T08:55:00.4487281Z 
2025-08-19T08:55:00.4487391Z Toy algorithm: ensure 15 % ROI and round to cents.
2025-08-19T08:55:00.4487675Z Replace with real competitive logic later.
2025-08-19T08:55:00.4487847Z 
2025-08-19T08:55:00.4487937Z <a id="repricer.app.main"></a>
2025-08-19T08:55:00.4488080Z 
2025-08-19T08:55:00.4488151Z # repricer.app.main
2025-08-19T08:55:00.4488260Z 
2025-08-19T08:55:00.4488346Z <a id="repricer.app"></a>
2025-08-19T08:55:00.4488473Z 
2025-08-19T08:55:00.4488539Z # repricer.app
2025-08-19T08:55:00.4488645Z 
2025-08-19T08:55:00.4488739Z <a id="repricer.tests.test_imports"></a>
2025-08-19T08:55:00.4488906Z 
2025-08-19T08:55:00.4488994Z # repricer.tests.test\_imports
2025-08-19T08:55:00.4489135Z 
2025-08-19T08:55:00.4489223Z <a id="repricer.tests.test_smoke"></a>
2025-08-19T08:55:00.4489388Z 
2025-08-19T08:55:00.4489475Z # repricer.tests.test\_smoke
2025-08-19T08:55:00.4489613Z 
2025-08-19T08:55:00.4489692Z <a id="repricer.tests"></a>
2025-08-19T08:55:00.4489829Z 
2025-08-19T08:55:00.4489905Z # repricer.tests
2025-08-19T08:55:00.4490011Z 
2025-08-19T08:55:00.4490075Z <a id="db"></a>
2025-08-19T08:55:00.4490182Z 
2025-08-19T08:55:00.4490242Z # db
2025-08-19T08:55:00.4490326Z 
2025-08-19T08:55:00.4490409Z <a id="db.utils.views"></a>
2025-08-19T08:55:00.4490539Z 
2025-08-19T08:55:00.4490605Z # db.utils.views
2025-08-19T08:55:00.4490710Z 
2025-08-19T08:55:00.4490804Z <a id="db.utils.views.replace_view"></a>
2025-08-19T08:55:00.4490971Z 
2025-08-19T08:55:00.4491038Z #### replace\_view
2025-08-19T08:55:00.4491146Z 
2025-08-19T08:55:00.4491208Z ```python
2025-08-19T08:55:00.4491405Z def replace_view(name: str, new_sql: str) -> None
2025-08-19T08:55:00.4491650Z ```
2025-08-19T08:55:00.4491733Z 
2025-08-19T08:55:00.4491829Z Drop and recreate a SQL view atomically.
2025-08-19T08:55:00.4491999Z 
2025-08-19T08:55:00.4492070Z <a id="db.utils"></a>
2025-08-19T08:55:00.4492191Z 
2025-08-19T08:55:00.4492253Z # db.utils
2025-08-19T08:55:00.4492342Z 
2025-08-19T08:55:00.4492427Z <a id="price_importer"></a>
2025-08-19T08:55:00.4492685Z 
2025-08-19T08:55:00.4492756Z # price\_importer
2025-08-19T08:55:00.4492861Z 
2025-08-19T08:55:00.4492972Z <a id="price_importer.services_common.dsn"></a>
2025-08-19T08:55:00.4493154Z 
2025-08-19T08:55:00.4493244Z # price\_importer.services\_common.dsn
2025-08-19T08:55:00.4493559Z 
2025-08-19T08:55:00.4493686Z <a id="price_importer.services_common.dsn.build_dsn"></a>
2025-08-19T08:55:00.4493895Z 
2025-08-19T08:55:00.4493960Z #### build\_dsn
2025-08-19T08:55:00.4494064Z 
2025-08-19T08:55:00.4494126Z ```python
2025-08-19T08:55:00.4494300Z def build_dsn(sync: bool = True) -> str
2025-08-19T08:55:00.4494518Z ```
2025-08-19T08:55:00.4494599Z 
2025-08-19T08:55:00.4494671Z Return safe DSN.
2025-08-19T08:55:00.4494775Z 
2025-08-19T08:55:00.4495126Z sync=True → SQLAlchemy (+psycopg) else plain asyncpg.
2025-08-19T08:55:00.4495334Z 
2025-08-19T08:55:00.4495464Z <a id="price_importer.services_common.models_vendor"></a>
2025-08-19T08:55:00.4495671Z 
2025-08-19T08:55:00.4495791Z # price\_importer.services\_common.models\_vendor
2025-08-19T08:55:00.4495994Z 
2025-08-19T08:55:00.4496102Z <a id="price_importer.services_common.db_url"></a>
2025-08-19T08:55:00.4496288Z 
2025-08-19T08:55:00.4496388Z # price\_importer.services\_common.db\_url
2025-08-19T08:55:00.4496560Z 
2025-08-19T08:55:00.4496694Z <a id="price_importer.services_common.db_url.build_url"></a>
2025-08-19T08:55:00.4496917Z 
2025-08-19T08:55:00.4496982Z #### build\_url
2025-08-19T08:55:00.4497082Z 
2025-08-19T08:55:00.4497150Z ```python
2025-08-19T08:55:00.4497323Z def build_url(async_: bool = True) -> str
2025-08-19T08:55:00.4497552Z ```
2025-08-19T08:55:00.4497634Z 
2025-08-19T08:55:00.4497731Z Return Postgres DSN from env or PG_* parts.
2025-08-19T08:55:00.4497911Z 
2025-08-19T08:55:00.4498020Z <a id="price_importer.services_common.keepa"></a>
2025-08-19T08:55:00.4498208Z 
2025-08-19T08:55:00.4498301Z # price\_importer.services\_common.keepa
2025-08-19T08:55:00.4498476Z 
2025-08-19T08:55:00.4498584Z <a id="price_importer.services_common.llm"></a>
2025-08-19T08:55:00.4498917Z 
2025-08-19T08:55:00.4499016Z # price\_importer.services\_common.llm
2025-08-19T08:55:00.4499182Z 
2025-08-19T08:55:00.4499297Z <a id="price_importer.services_common.settings"></a>
2025-08-19T08:55:00.4499495Z 
2025-08-19T08:55:00.4499593Z # price\_importer.services\_common.settings
2025-08-19T08:55:00.4499768Z 
2025-08-19T08:55:00.4499868Z <a id="price_importer.services_common.db"></a>
2025-08-19T08:55:00.4500052Z 
2025-08-19T08:55:00.4500143Z # price\_importer.services\_common.db
2025-08-19T08:55:00.4500307Z 
2025-08-19T08:55:00.4500468Z <a id="price_importer.services_common.db.build_sqlalchemy_url"></a>
2025-08-19T08:55:00.4500708Z 
2025-08-19T08:55:00.4500787Z #### build\_sqlalchemy\_url
2025-08-19T08:55:00.4500924Z 
2025-08-19T08:55:00.4500988Z ```python
2025-08-19T08:55:00.4501158Z def build_sqlalchemy_url() -> str
2025-08-19T08:55:00.4501371Z ```
2025-08-19T08:55:00.4501456Z 
2025-08-19T08:55:00.4501553Z Return Postgres URL for SQLAlchemy engines.
2025-08-19T08:55:00.4501746Z 
2025-08-19T08:55:00.4501894Z <a id="price_importer.services_common.db.build_asyncpg_dsn"></a>
2025-08-19T08:55:00.4502125Z 
2025-08-19T08:55:00.4502205Z #### build\_asyncpg\_dsn
2025-08-19T08:55:00.4502333Z 
2025-08-19T08:55:00.4502397Z ```python
2025-08-19T08:55:00.4502572Z def build_asyncpg_dsn() -> str
2025-08-19T08:55:00.4502770Z ```
2025-08-19T08:55:00.4502860Z 
2025-08-19T08:55:00.4502987Z Return DSN suitable for asyncpg (without driver suffix).
2025-08-19T08:55:00.4503201Z 
2025-08-19T08:55:00.4503572Z <a id="price_importer.services_common.db.refresh_mvs"></a>
2025-08-19T08:55:00.4503844Z 
2025-08-19T08:55:00.4503912Z #### refresh\_mvs
2025-08-19T08:55:00.4504018Z 
2025-08-19T08:55:00.4504089Z ```python
2025-08-19T08:55:00.4504282Z def refresh_mvs(conn: Engine | Connection) -> None
2025-08-19T08:55:00.4504535Z ```
2025-08-19T08:55:00.4504615Z 
2025-08-19T08:55:00.4504751Z Refresh materialized views, using CONCURRENTLY when safe.
2025-08-19T08:55:00.4504974Z 
2025-08-19T08:55:00.4505227Z <a id="price_importer.services_common"></a>
2025-08-19T08:55:00.4505405Z 
2025-08-19T08:55:00.4505501Z # price\_importer.services\_common
2025-08-19T08:55:00.4505661Z 
2025-08-19T08:55:00.4505766Z <a id="price_importer.services_common.base"></a>
2025-08-19T08:55:00.4505955Z 
2025-08-19T08:55:00.4506045Z # price\_importer.services\_common.base
2025-08-19T08:55:00.4506214Z 
2025-08-19T08:55:00.4506302Z <a id="price_importer.normaliser"></a>
2025-08-19T08:55:00.4506474Z 
2025-08-19T08:55:00.4506556Z # price\_importer.normaliser
2025-08-19T08:55:00.4506693Z 
2025-08-19T08:55:00.4506802Z <a id="price_importer.common.models_vendor"></a>
2025-08-19T08:55:00.4506989Z 
2025-08-19T08:55:00.4507077Z # price\_importer.common.models\_vendor
2025-08-19T08:55:00.4507248Z 
2025-08-19T08:55:00.4507339Z <a id="price_importer.common.db_url"></a>
2025-08-19T08:55:00.4507509Z 
2025-08-19T08:55:00.4507593Z # price\_importer.common.db\_url
2025-08-19T08:55:00.4507746Z 
2025-08-19T08:55:00.4507856Z <a id="price_importer.common.db_url.make_dsn"></a>
2025-08-19T08:55:00.4508046Z 
2025-08-19T08:55:00.4508116Z #### make\_dsn
2025-08-19T08:55:00.4508215Z 
2025-08-19T08:55:00.4508278Z ```python
2025-08-19T08:55:00.4508459Z def make_dsn(async_: bool = False) -> str
2025-08-19T08:55:00.4508679Z ```
2025-08-19T08:55:00.4508769Z 
2025-08-19T08:55:00.4508888Z Return DSN built from either PG_* or POSTGRES_* vars.
2025-08-19T08:55:00.4509087Z 
2025-08-19T08:55:00.4509203Z <a id="price_importer.common.db_url.build_url"></a>
2025-08-19T08:55:00.4509393Z 
2025-08-19T08:55:00.4509455Z #### build\_url
2025-08-19T08:55:00.4509555Z 
2025-08-19T08:55:00.4509622Z ```python
2025-08-19T08:55:00.4509797Z def build_url(async_: bool = False) -> str
2025-08-19T08:55:00.4510024Z ```
2025-08-19T08:55:00.4510106Z 
2025-08-19T08:55:00.4510226Z Return Postgres DSN built from environment variables.
2025-08-19T08:55:00.4510435Z 
2025-08-19T08:55:00.4510522Z <a id="price_importer.common"></a>
2025-08-19T08:55:00.4510674Z 
2025-08-19T08:55:00.4510758Z # price\_importer.common
2025-08-19T08:55:00.4511030Z 
2025-08-19T08:55:00.4511120Z <a id="price_importer.common.base"></a>
2025-08-19T08:55:00.4511291Z 
2025-08-19T08:55:00.4511375Z # price\_importer.common.base
2025-08-19T08:55:00.4511521Z 
2025-08-19T08:55:00.4511617Z <a id="price_importer.tests.conftest"></a>
2025-08-19T08:55:00.4511797Z 
2025-08-19T08:55:00.4511882Z # price\_importer.tests.conftest
2025-08-19T08:55:00.4512069Z 
2025-08-19T08:55:00.4512177Z <a id="price_importer.tests.test_reader"></a>
2025-08-19T08:55:00.4512360Z 
2025-08-19T08:55:00.4512454Z # price\_importer.tests.test\_reader
2025-08-19T08:55:00.4512638Z 
2025-08-19T08:55:00.4512747Z <a id="price_importer.tests.test_imports"></a>
2025-08-19T08:55:00.4512932Z 
2025-08-19T08:55:00.4513024Z # price\_importer.tests.test\_imports
2025-08-19T08:55:00.4513193Z 
2025-08-19T08:55:00.4513293Z <a id="price_importer.tests.test_smoke"></a>
2025-08-19T08:55:00.4513603Z 
2025-08-19T08:55:00.4513701Z # price\_importer.tests.test\_smoke
2025-08-19T08:55:00.4513860Z 
2025-08-19T08:55:00.4513981Z <a id="price_importer.tests.test_normaliser"></a>
2025-08-19T08:55:00.4514178Z 
2025-08-19T08:55:00.4514271Z # price\_importer.tests.test\_normaliser
2025-08-19T08:55:00.4514442Z 
2025-08-19T08:55:00.4514528Z <a id="price_importer.tests"></a>
2025-08-19T08:55:00.4514684Z 
2025-08-19T08:55:00.4514763Z # price\_importer.tests
2025-08-19T08:55:00.4514888Z 
2025-08-19T08:55:00.4514983Z <a id="price_importer.reader"></a>
2025-08-19T08:55:00.4515138Z 
2025-08-19T08:55:00.4515218Z # price\_importer.reader
2025-08-19T08:55:00.4515352Z 
2025-08-19T08:55:00.4515445Z <a id="price_importer.repository"></a>
2025-08-19T08:55:00.4515612Z 
2025-08-19T08:55:00.4515699Z # price\_importer.repository
2025-08-19T08:55:00.4515849Z 
2025-08-19T08:55:00.4515935Z <a id="price_importer.import"></a>
2025-08-19T08:55:00.4516087Z 
2025-08-19T08:55:00.4516177Z # price\_importer.import
2025-08-19T08:55:00.4516303Z 
2025-08-19T08:55:00.4516376Z <a id="fees_h10"></a>
2025-08-19T08:55:00.4516501Z 
2025-08-19T08:55:00.4516713Z # fees\_h10
2025-08-19T08:55:00.4516813Z 
2025-08-19T08:55:00.4516892Z <a id="fees_h10.worker"></a>
2025-08-19T08:55:00.4517033Z 
2025-08-19T08:55:00.4517101Z # fees\_h10.worker
2025-08-19T08:55:00.4517208Z 
2025-08-19T08:55:00.4517313Z <a id="fees_h10.worker.list_active_asins"></a>
2025-08-19T08:55:00.4517489Z 
2025-08-19T08:55:00.4517564Z #### list\_active\_asins
2025-08-19T08:55:00.4517687Z 
2025-08-19T08:55:00.4517759Z ```python
2025-08-19T08:55:00.4517930Z def list_active_asins() -> list[str]
2025-08-19T08:55:00.4518142Z ```
2025-08-19T08:55:00.4518225Z 
2025-08-19T08:55:00.4518338Z Return known ASINs or an empty list if unavailable.
2025-08-19T08:55:00.4518543Z 
2025-08-19T08:55:00.4518629Z <a id="fees_h10.tests.test_smoke"></a>
2025-08-19T08:55:00.4518787Z 
2025-08-19T08:55:00.4518872Z # fees\_h10.tests.test\_smoke
2025-08-19T08:55:00.4519010Z 
2025-08-19T08:55:00.4519086Z <a id="fees_h10.tests"></a>
2025-08-19T08:55:00.4519226Z 
2025-08-19T08:55:00.4519293Z # fees\_h10.tests
2025-08-19T08:55:00.4519409Z 
2025-08-19T08:55:00.4519485Z <a id="fees_h10.client"></a>
2025-08-19T08:55:00.4519621Z 
2025-08-19T08:55:00.4519687Z # fees\_h10.client
2025-08-19T08:55:00.4519790Z 
2025-08-19T08:55:00.4519881Z <a id="fees_h10.repository"></a>
2025-08-19T08:55:00.4520027Z 
2025-08-19T08:55:00.4520098Z # fees\_h10.repository
2025-08-19T08:55:00.4520214Z 
2025-08-19T08:55:00.4520289Z <a id="emailer"></a>
2025-08-19T08:55:00.4520404Z 
2025-08-19T08:55:00.4520467Z # emailer
2025-08-19T08:55:00.4520561Z 
2025-08-19T08:55:00.4520663Z <a id="emailer.tests.test_import_emailer"></a>
2025-08-19T08:55:00.4520842Z 
2025-08-19T08:55:00.4520937Z # emailer.tests.test\_import\_emailer
2025-08-19T08:55:00.4521097Z 
2025-08-19T08:55:00.4521184Z <a id="emailer.tests.test_smoke"></a>
2025-08-19T08:55:00.4521341Z 
2025-08-19T08:55:00.4521431Z # emailer.tests.test\_smoke
2025-08-19T08:55:00.4521565Z 
2025-08-19T08:55:00.4521643Z <a id="emailer.tests"></a>
2025-08-19T08:55:00.4521779Z 
2025-08-19T08:55:00.4521846Z # emailer.tests
2025-08-19T08:55:00.4522107Z 
2025-08-19T08:55:00.4522191Z <a id="emailer.generate_body"></a>
2025-08-19T08:55:00.4522349Z 
2025-08-19T08:55:00.4522423Z # emailer.generate\_body
2025-08-19T08:55:00.4522547Z 
2025-08-19T08:55:00.4522626Z <a id="llm_server"></a>
2025-08-19T08:55:00.4522744Z 
2025-08-19T08:55:00.4522809Z # llm\_server
2025-08-19T08:55:00.4522912Z 
2025-08-19T08:55:00.4522991Z <a id="llm_server.app"></a>
2025-08-19T08:55:00.4523122Z 
2025-08-19T08:55:00.4523194Z # llm\_server.app
2025-08-19T08:55:00.4523306Z 
2025-08-19T08:55:00.4922082Z ##[group]Run peaceiris/actions-gh-pages@v3
2025-08-19T08:55:00.4922368Z with:
2025-08-19T08:55:00.4922746Z   github_token: ***
2025-08-19T08:55:00.4922950Z   publish_branch: gh-pages
2025-08-19T08:55:00.4923171Z   publish_dir: docs/api
2025-08-19T08:55:00.4923590Z   allow_empty_commit: false
2025-08-19T08:55:00.4923802Z   keep_files: false
2025-08-19T08:55:00.4923984Z   force_orphan: false
2025-08-19T08:55:00.4924171Z   enable_jekyll: false
2025-08-19T08:55:00.4924376Z   disable_nojekyll: false
2025-08-19T08:55:00.4924575Z   exclude_assets: .github
2025-08-19T08:55:00.4924763Z env:
2025-08-19T08:55:00.4924985Z   pythonLocation: /opt/hostedtoolcache/Python/3.11.13/x64
2025-08-19T08:55:00.4925383Z   PKG_CONFIG_PATH: /opt/hostedtoolcache/Python/3.11.13/x64/lib/pkgconfig
2025-08-19T08:55:00.4925763Z   Python_ROOT_DIR: /opt/hostedtoolcache/Python/3.11.13/x64
2025-08-19T08:55:00.4926098Z   Python2_ROOT_DIR: /opt/hostedtoolcache/Python/3.11.13/x64
2025-08-19T08:55:00.4926462Z   Python3_ROOT_DIR: /opt/hostedtoolcache/Python/3.11.13/x64
2025-08-19T08:55:00.4926800Z   LD_LIBRARY_PATH: /opt/hostedtoolcache/Python/3.11.13/x64/lib
2025-08-19T08:55:00.4927087Z ##[endgroup]
2025-08-19T08:55:00.5558936Z [INFO] Usage https://github.com/peaceiris/actions-gh-pages#readme
2025-08-19T08:55:00.5565645Z ##[group]Dump inputs
2025-08-19T08:55:00.5566076Z [INFO] GithubToken: true
2025-08-19T08:55:00.5566486Z [INFO] PublishBranch: gh-pages
2025-08-19T08:55:00.5566933Z [INFO] PublishDir: docs/api
2025-08-19T08:55:00.5567373Z [INFO] DestinationDir: 
2025-08-19T08:55:00.5567768Z [INFO] ExternalRepository: 
2025-08-19T08:55:00.5568189Z [INFO] AllowEmptyCommit: false
2025-08-19T08:55:00.5568611Z [INFO] KeepFiles: false
2025-08-19T08:55:00.5568985Z [INFO] ForceOrphan: false
2025-08-19T08:55:00.5569370Z [INFO] UserName: 
2025-08-19T08:55:00.5569716Z [INFO] UserEmail: 
2025-08-19T08:55:00.5570075Z [INFO] CommitMessage: 
2025-08-19T08:55:00.5570451Z [INFO] FullCommitMessage: 
2025-08-19T08:55:00.5570861Z [INFO] TagName: 
2025-08-19T08:55:00.5571205Z [INFO] TagMessage: 
2025-08-19T08:55:00.5571598Z [INFO] EnableJekyll (DisableNoJekyll): false
2025-08-19T08:55:00.5572058Z [INFO] CNAME: 
2025-08-19T08:55:00.5572387Z [INFO] ExcludeAssets .github
2025-08-19T08:55:00.5572662Z 
2025-08-19T08:55:00.5573076Z ##[endgroup]
2025-08-19T08:55:00.5573868Z ##[group]Setup auth token
2025-08-19T08:55:00.5574270Z [INFO] setup GITHUB_TOKEN
2025-08-19T08:55:00.5575749Z ##[endgroup]
2025-08-19T08:55:00.5576358Z ##[group]Prepare publishing assets
2025-08-19T08:55:00.5577094Z [INFO] ForceOrphan: false
2025-08-19T08:55:00.5625505Z [command]/usr/bin/git clone --depth=1 --single-branch --branch gh-pages ***github.com/AlexBomber12/AWA-App.git /home/runner/actions_github_pages_1755593700557
2025-08-19T08:55:00.5661947Z Cloning into '/home/runner/actions_github_pages_1755593700557'...
2025-08-19T08:55:01.0539754Z [INFO] clean up /home/runner/actions_github_pages_1755593700557
2025-08-19T08:55:01.0540383Z [INFO] chdir /home/runner/actions_github_pages_1755593700557
2025-08-19T08:55:01.0557547Z [command]/usr/bin/git rm -r --ignore-unmatch *
2025-08-19T08:55:01.0585844Z rm '.gitkeep'
2025-08-19T08:55:01.0586450Z rm '.nojekyll'
2025-08-19T08:55:01.0590782Z [INFO] chdir /home/runner/actions_github_pages_1755593700557
2025-08-19T08:55:01.0591823Z [INFO] prepare publishing assets
2025-08-19T08:55:01.0594079Z [INFO] copy /home/runner/work/AWA-App/AWA-App/docs/api to /home/runner/actions_github_pages_1755593700557
2025-08-19T08:55:01.0625016Z cp: no such file or directory: /home/runner/work/AWA-App/AWA-App/docs/api/*
2025-08-19T08:55:01.0636059Z [INFO] delete excluded assets
2025-08-19T08:55:01.0667977Z rm: no paths given
2025-08-19T08:55:01.0670222Z [INFO] Created /home/runner/actions_github_pages_1755593700557/.nojekyll
2025-08-19T08:55:01.0671843Z ##[endgroup]
2025-08-19T08:55:01.0672454Z ##[group]Setup Git config
2025-08-19T08:55:01.0685805Z [command]/usr/bin/git remote rm origin
2025-08-19T08:55:01.0742758Z [command]/usr/bin/git remote add origin ***github.com/AlexBomber12/AWA-App.git
2025-08-19T08:55:01.0784671Z [command]/usr/bin/git add --all
2025-08-19T08:55:01.0828856Z [command]/usr/bin/git config user.name AlexBomber12
2025-08-19T08:55:01.0870476Z [command]/usr/bin/git config user.email AlexBomber12@users.noreply.github.com
2025-08-19T08:55:01.0898291Z ##[endgroup]
2025-08-19T08:55:01.0898836Z ##[group]Create a commit
2025-08-19T08:55:01.0913851Z [command]/usr/bin/git commit -m deploy: f5a73aa0758da2bd00f6f4770948d849f0a6b638
2025-08-19T08:55:01.0941733Z On branch gh-pages
2025-08-19T08:55:01.0942287Z nothing to commit, working tree clean
2025-08-19T08:55:01.0947658Z [INFO] skip commit
2025-08-19T08:55:01.0948664Z ##[endgroup]
2025-08-19T08:55:01.0949315Z ##[group]Push the commit or tag
2025-08-19T08:55:01.0960301Z [command]/usr/bin/git push origin gh-pages
2025-08-19T08:55:01.5163944Z Everything up-to-date
2025-08-19T08:55:01.5201286Z ##[endgroup]
2025-08-19T08:55:01.5201662Z [INFO] Action successfully completed
2025-08-19T08:55:01.5301381Z Post job cleanup.
2025-08-19T08:55:01.6910021Z Post job cleanup.
2025-08-19T08:55:01.7860610Z [command]/usr/bin/git version
2025-08-19T08:55:01.7898100Z git version 2.50.1
2025-08-19T08:55:01.7949308Z Temporarily overriding HOME='/home/runner/work/_temp/fb8e93f5-f717-4bda-a726-784418f5c645' before making global git config changes
2025-08-19T08:55:01.7950206Z Adding repository directory to the temporary git global config as a safe directory
2025-08-19T08:55:01.7956148Z [command]/usr/bin/git config --global --add safe.directory /home/runner/work/AWA-App/AWA-App
2025-08-19T08:55:01.7993911Z [command]/usr/bin/git config --local --name-only --get-regexp core\.sshCommand
2025-08-19T08:55:01.8028267Z [command]/usr/bin/git submodule foreach --recursive sh -c "git config --local --name-only --get-regexp 'core\.sshCommand' && git config --local --unset-all 'core.sshCommand' || :"
2025-08-19T08:55:01.8268148Z [command]/usr/bin/git config --local --name-only --get-regexp http\.https\:\/\/github\.com\/\.extraheader
2025-08-19T08:55:01.8290882Z http.https://github.com/.extraheader
2025-08-19T08:55:01.8304031Z [command]/usr/bin/git config --local --unset-all http.https://github.com/.extraheader
2025-08-19T08:55:01.8335826Z [command]/usr/bin/git submodule foreach --recursive sh -c "git config --local --name-only --get-regexp 'http\.https\:\/\/github\.com\/\.extraheader' && git config --local --unset-all 'http.https://github.com/.extraheader' || :"
2025-08-19T08:55:01.8681491Z Cleaning up orphan processes
