2025-08-17T13:33:39.8702735Z Current runner version: '2.327.1'
2025-08-17T13:33:39.8727287Z ##[group]Runner Image Provisioner
2025-08-17T13:33:39.8728099Z Hosted Compute Agent
2025-08-17T13:33:39.8728710Z Version: 20250812.370
2025-08-17T13:33:39.8729308Z Commit: 4a2b2bf7520004e3e907c2150c8cabe342a3da32
2025-08-17T13:33:39.8729979Z Build Date: 2025-08-12T16:08:14Z
2025-08-17T13:33:39.8730605Z ##[endgroup]
2025-08-17T13:33:39.8731155Z ##[group]Operating System
2025-08-17T13:33:39.8731675Z Ubuntu
2025-08-17T13:33:39.8732200Z 24.04.2
2025-08-17T13:33:39.8732696Z LTS
2025-08-17T13:33:39.8733145Z ##[endgroup]
2025-08-17T13:33:39.8733619Z ##[group]Runner Image
2025-08-17T13:33:39.8734210Z Image: ubuntu-24.04
2025-08-17T13:33:39.8734709Z Version: 20250810.1.0
2025-08-17T13:33:39.8735698Z Included Software: https://github.com/actions/runner-images/blob/ubuntu24/20250810.1/images/ubuntu/Ubuntu2404-Readme.md
2025-08-17T13:33:39.8737380Z Image Release: https://github.com/actions/runner-images/releases/tag/ubuntu24%2F20250810.1
2025-08-17T13:33:39.8738418Z ##[endgroup]
2025-08-17T13:33:39.8740808Z ##[group]GITHUB_TOKEN Permissions
2025-08-17T13:33:39.8742811Z Actions: write
2025-08-17T13:33:39.8743342Z Attestations: write
2025-08-17T13:33:39.8743855Z Checks: write
2025-08-17T13:33:39.8744293Z Contents: write
2025-08-17T13:33:39.8744907Z Deployments: write
2025-08-17T13:33:39.8745418Z Discussions: write
2025-08-17T13:33:39.8746091Z Issues: write
2025-08-17T13:33:39.8746777Z Metadata: read
2025-08-17T13:33:39.8747230Z Models: read
2025-08-17T13:33:39.8747700Z Packages: write
2025-08-17T13:33:39.8748258Z Pages: write
2025-08-17T13:33:39.8748749Z PullRequests: write
2025-08-17T13:33:39.8749245Z RepositoryProjects: write
2025-08-17T13:33:39.8749856Z SecurityEvents: write
2025-08-17T13:33:39.8750484Z Statuses: write
2025-08-17T13:33:39.8750942Z ##[endgroup]
2025-08-17T13:33:39.8753483Z Secret source: Actions
2025-08-17T13:33:39.8754153Z Prepare workflow directory
2025-08-17T13:33:39.9083178Z Prepare all required actions
2025-08-17T13:33:39.9120788Z Getting action download info
2025-08-17T13:33:40.3705779Z Download action repository 'actions/checkout@v4' (SHA:08eba0b27e820071cde6df949e0beb9ba4906955)
2025-08-17T13:33:40.9220540Z Download action repository 'actions/setup-python@v5' (SHA:a26af69be951a213d495a4c3e4e4022e16d87065)
2025-08-17T13:33:41.4641229Z Download action repository 'peaceiris/actions-gh-pages@v3' (SHA:373f7f263a76c20808c831209c920827a82a2847)
2025-08-17T13:33:42.0597532Z Complete job name: publish
2025-08-17T13:33:42.1371914Z ##[group]Run actions/checkout@v4
2025-08-17T13:33:42.1373162Z with:
2025-08-17T13:33:42.1373880Z   repository: AlexBomber12/AWA-App
2025-08-17T13:33:42.1375035Z   token: ***
2025-08-17T13:33:42.1375714Z   ssh-strict: true
2025-08-17T13:33:42.1376696Z   ssh-user: git
2025-08-17T13:33:42.1377416Z   persist-credentials: true
2025-08-17T13:33:42.1378241Z   clean: true
2025-08-17T13:33:42.1378961Z   sparse-checkout-cone-mode: true
2025-08-17T13:33:42.1379864Z   fetch-depth: 1
2025-08-17T13:33:42.1380570Z   fetch-tags: false
2025-08-17T13:33:42.1381308Z   show-progress: true
2025-08-17T13:33:42.1382052Z   lfs: false
2025-08-17T13:33:42.1382719Z   submodules: false
2025-08-17T13:33:42.1383454Z   set-safe-directory: true
2025-08-17T13:33:42.1384529Z ##[endgroup]
2025-08-17T13:33:42.2468027Z Syncing repository: AlexBomber12/AWA-App
2025-08-17T13:33:42.2470513Z ##[group]Getting Git version info
2025-08-17T13:33:42.2471731Z Working directory is '/home/runner/work/AWA-App/AWA-App'
2025-08-17T13:33:42.2473553Z [command]/usr/bin/git version
2025-08-17T13:33:42.2509542Z git version 2.50.1
2025-08-17T13:33:42.2535314Z ##[endgroup]
2025-08-17T13:33:42.2549646Z Temporarily overriding HOME='/home/runner/work/_temp/5529dacd-7827-49ce-a74c-dfe6fdfafe37' before making global git config changes
2025-08-17T13:33:42.2553964Z Adding repository directory to the temporary git global config as a safe directory
2025-08-17T13:33:42.2556391Z [command]/usr/bin/git config --global --add safe.directory /home/runner/work/AWA-App/AWA-App
2025-08-17T13:33:42.2589921Z Deleting the contents of '/home/runner/work/AWA-App/AWA-App'
2025-08-17T13:33:42.2593464Z ##[group]Initializing the repository
2025-08-17T13:33:42.2597376Z [command]/usr/bin/git init /home/runner/work/AWA-App/AWA-App
2025-08-17T13:33:42.2657592Z hint: Using 'master' as the name for the initial branch. This default branch name
2025-08-17T13:33:42.2660637Z hint: is subject to change. To configure the initial branch name to use in all
2025-08-17T13:33:42.2662439Z hint: of your new repositories, which will suppress this warning, call:
2025-08-17T13:33:42.2663718Z hint:
2025-08-17T13:33:42.2664821Z hint: 	git config --global init.defaultBranch <name>
2025-08-17T13:33:42.2666536Z hint:
2025-08-17T13:33:42.2667567Z hint: Names commonly chosen instead of 'master' are 'main', 'trunk' and
2025-08-17T13:33:42.2669294Z hint: 'development'. The just-created branch can be renamed via this command:
2025-08-17T13:33:42.2671104Z hint:
2025-08-17T13:33:42.2671793Z hint: 	git branch -m <name>
2025-08-17T13:33:42.2672596Z hint:
2025-08-17T13:33:42.2673736Z hint: Disable this message with "git config set advice.defaultBranchName false"
2025-08-17T13:33:42.2675625Z Initialized empty Git repository in /home/runner/work/AWA-App/AWA-App/.git/
2025-08-17T13:33:42.2678775Z [command]/usr/bin/git remote add origin https://github.com/AlexBomber12/AWA-App
2025-08-17T13:33:42.2707535Z ##[endgroup]
2025-08-17T13:33:42.2708957Z ##[group]Disabling automatic garbage collection
2025-08-17T13:33:42.2710803Z [command]/usr/bin/git config --local gc.auto 0
2025-08-17T13:33:42.2740100Z ##[endgroup]
2025-08-17T13:33:42.2741464Z ##[group]Setting up auth
2025-08-17T13:33:42.2745774Z [command]/usr/bin/git config --local --name-only --get-regexp core\.sshCommand
2025-08-17T13:33:42.2774896Z [command]/usr/bin/git submodule foreach --recursive sh -c "git config --local --name-only --get-regexp 'core\.sshCommand' && git config --local --unset-all 'core.sshCommand' || :"
2025-08-17T13:33:42.3037931Z [command]/usr/bin/git config --local --name-only --get-regexp http\.https\:\/\/github\.com\/\.extraheader
2025-08-17T13:33:42.3066794Z [command]/usr/bin/git submodule foreach --recursive sh -c "git config --local --name-only --get-regexp 'http\.https\:\/\/github\.com\/\.extraheader' && git config --local --unset-all 'http.https://github.com/.extraheader' || :"
2025-08-17T13:33:42.3288736Z [command]/usr/bin/git config --local http.https://github.com/.extraheader AUTHORIZATION: basic ***
2025-08-17T13:33:42.3332278Z ##[endgroup]
2025-08-17T13:33:42.3339635Z ##[group]Fetching the repository
2025-08-17T13:33:42.3342259Z [command]/usr/bin/git -c protocol.version=2 fetch --no-tags --prune --no-recurse-submodules --depth=1 origin +3c0f77aa2234b348e9784e0c17e65f4e18308735:refs/remotes/pull/225/merge
2025-08-17T13:33:42.8361597Z From https://github.com/AlexBomber12/AWA-App
2025-08-17T13:33:42.8363585Z  * [new ref]         3c0f77aa2234b348e9784e0c17e65f4e18308735 -> pull/225/merge
2025-08-17T13:33:42.8394958Z ##[endgroup]
2025-08-17T13:33:42.8397289Z ##[group]Determining the checkout info
2025-08-17T13:33:42.8399712Z ##[endgroup]
2025-08-17T13:33:42.8401366Z [command]/usr/bin/git sparse-checkout disable
2025-08-17T13:33:42.8441115Z [command]/usr/bin/git config --local --unset-all extensions.worktreeConfig
2025-08-17T13:33:42.8470477Z ##[group]Checking out the ref
2025-08-17T13:33:42.8474728Z [command]/usr/bin/git checkout --progress --force refs/remotes/pull/225/merge
2025-08-17T13:33:42.8788276Z Note: switching to 'refs/remotes/pull/225/merge'.
2025-08-17T13:33:42.8789408Z 
2025-08-17T13:33:42.8790255Z You are in 'detached HEAD' state. You can look around, make experimental
2025-08-17T13:33:42.8793383Z changes and commit them, and you can discard any commits you make in this
2025-08-17T13:33:42.8796881Z state without impacting any branches by switching back to a branch.
2025-08-17T13:33:42.8798547Z 
2025-08-17T13:33:42.8799550Z If you want to create a new branch to retain commits you create, you may
2025-08-17T13:33:42.8801951Z do so (now or later) by using -c with the switch command. Example:
2025-08-17T13:33:42.8803829Z 
2025-08-17T13:33:42.8804435Z   git switch -c <new-branch-name>
2025-08-17T13:33:42.8805404Z 
2025-08-17T13:33:42.8806117Z Or undo this operation with:
2025-08-17T13:33:42.8806995Z 
2025-08-17T13:33:42.8807464Z   git switch -
2025-08-17T13:33:42.8808124Z 
2025-08-17T13:33:42.8809269Z Turn off this advice by setting config variable advice.detachedHead to false
2025-08-17T13:33:42.8810980Z 
2025-08-17T13:33:42.8812183Z HEAD is now at 3c0f77a Merge 6fd375da8480cbee8e437d506f98e548244585cb into c9bb926194b4ccf800521943591811df0a2cc5f5
2025-08-17T13:33:42.8815503Z ##[endgroup]
2025-08-17T13:33:42.8838159Z [command]/usr/bin/git log -1 --format=%H
2025-08-17T13:33:42.8860125Z 3c0f77aa2234b348e9784e0c17e65f4e18308735
2025-08-17T13:33:42.9141893Z ##[group]Run actions/setup-python@v5
2025-08-17T13:33:42.9142803Z with:
2025-08-17T13:33:42.9143418Z   python-version: 3.11
2025-08-17T13:33:42.9144159Z   check-latest: false
2025-08-17T13:33:42.9145092Z   token: ***
2025-08-17T13:33:42.9145773Z   update-environment: true
2025-08-17T13:33:42.9146897Z   allow-prereleases: false
2025-08-17T13:33:42.9147678Z   freethreaded: false
2025-08-17T13:33:42.9148383Z ##[endgroup]
2025-08-17T13:33:43.0816089Z ##[group]Installed versions
2025-08-17T13:33:43.0906882Z Successfully set up CPython (3.11.13)
2025-08-17T13:33:43.0909093Z ##[endgroup]
2025-08-17T13:33:43.1051468Z ##[group]Run pip install pydoc-markdown
2025-08-17T13:33:43.1052554Z [36;1mpip install pydoc-markdown[0m
2025-08-17T13:33:43.1193690Z shell: /usr/bin/bash -e {0}
2025-08-17T13:33:43.1194489Z env:
2025-08-17T13:33:43.1195320Z   pythonLocation: /opt/hostedtoolcache/Python/3.11.13/x64
2025-08-17T13:33:43.1196910Z   PKG_CONFIG_PATH: /opt/hostedtoolcache/Python/3.11.13/x64/lib/pkgconfig
2025-08-17T13:33:43.1198346Z   Python_ROOT_DIR: /opt/hostedtoolcache/Python/3.11.13/x64
2025-08-17T13:33:43.1199602Z   Python2_ROOT_DIR: /opt/hostedtoolcache/Python/3.11.13/x64
2025-08-17T13:33:43.1200885Z   Python3_ROOT_DIR: /opt/hostedtoolcache/Python/3.11.13/x64
2025-08-17T13:33:43.1202182Z   LD_LIBRARY_PATH: /opt/hostedtoolcache/Python/3.11.13/x64/lib
2025-08-17T13:33:43.1203251Z ##[endgroup]
2025-08-17T13:33:45.5680471Z Collecting pydoc-markdown
2025-08-17T13:33:45.6045694Z   Downloading pydoc_markdown-4.8.2-py3-none-any.whl.metadata (5.9 kB)
2025-08-17T13:33:45.6478824Z Collecting PyYAML<7.0,>=5.0 (from pydoc-markdown)
2025-08-17T13:33:45.6513765Z   Downloading PyYAML-6.0.2-cp311-cp311-manylinux_2_17_x86_64.manylinux2014_x86_64.whl.metadata (2.1 kB)
2025-08-17T13:33:45.6765158Z Collecting click<9.0,>=7.1 (from pydoc-markdown)
2025-08-17T13:33:45.6802570Z   Downloading click-8.2.1-py3-none-any.whl.metadata (2.5 kB)
2025-08-17T13:33:45.7028894Z Collecting databind.core<5.0.0,>=4.4.0 (from pydoc-markdown)
2025-08-17T13:33:45.7069736Z   Downloading databind.core-4.5.2-py3-none-any.whl.metadata (1.1 kB)
2025-08-17T13:33:45.7308556Z Collecting databind.json<5.0.0,>=4.4.0 (from pydoc-markdown)
2025-08-17T13:33:45.7349812Z   Downloading databind.json-4.5.2-py3-none-any.whl.metadata (1.1 kB)
2025-08-17T13:33:45.7597567Z Collecting docspec<3.0.0,>=2.2.1 (from pydoc-markdown)
2025-08-17T13:33:45.7638055Z   Downloading docspec-2.2.2-py3-none-any.whl.metadata (1.0 kB)
2025-08-17T13:33:45.7794555Z Collecting docspec-python<3.0.0,>=2.2.1 (from pydoc-markdown)
2025-08-17T13:33:45.7833990Z   Downloading docspec_python-2.2.2-py3-none-any.whl.metadata (1.0 kB)
2025-08-17T13:33:45.7954077Z Collecting docstring-parser<0.12,>=0.11 (from pydoc-markdown)
2025-08-17T13:33:45.7992919Z   Downloading docstring_parser-0.11.tar.gz (22 kB)
2025-08-17T13:33:45.8127072Z   Installing build dependencies: started
2025-08-17T13:33:46.5545733Z   Installing build dependencies: finished with status 'done'
2025-08-17T13:33:46.5550098Z   Getting requirements to build wheel: started
2025-08-17T13:33:46.9223367Z   Getting requirements to build wheel: finished with status 'done'
2025-08-17T13:33:46.9231732Z   Preparing metadata (pyproject.toml): started
2025-08-17T13:33:47.1130481Z   Preparing metadata (pyproject.toml): finished with status 'done'
2025-08-17T13:33:47.1289675Z Collecting jinja2<4.0.0,>=3.0.0 (from pydoc-markdown)
2025-08-17T13:33:47.1321985Z   Downloading jinja2-3.1.6-py3-none-any.whl.metadata (2.9 kB)
2025-08-17T13:33:47.1497149Z Collecting nr.util<1.0.0,>=0.7.5 (from pydoc-markdown)
2025-08-17T13:33:47.1531907Z   Downloading nr.util-0.8.12-py3-none-any.whl.metadata (813 bytes)
2025-08-17T13:33:47.1787629Z Collecting requests<3.0.0,>=2.23.0 (from pydoc-markdown)
2025-08-17T13:33:47.1815357Z   Downloading requests-2.32.4-py3-none-any.whl.metadata (4.9 kB)
2025-08-17T13:33:47.1969614Z Collecting tomli<3.0.0,>=2.0.0 (from pydoc-markdown)
2025-08-17T13:33:47.1998725Z   Downloading tomli-2.2.1-cp311-cp311-manylinux_2_17_x86_64.manylinux2014_x86_64.whl.metadata (11 kB)
2025-08-17T13:33:47.2141671Z Collecting tomli_w<2.0.0,>=1.0.0 (from pydoc-markdown)
2025-08-17T13:33:47.2171861Z   Downloading tomli_w-1.2.0-py3-none-any.whl.metadata (5.7 kB)
2025-08-17T13:33:47.2726221Z Collecting watchdog (from pydoc-markdown)
2025-08-17T13:33:47.2760085Z   Downloading watchdog-6.0.0-py3-none-manylinux2014_x86_64.whl.metadata (44 kB)
2025-08-17T13:33:47.2989335Z Collecting yapf>=0.30.0 (from pydoc-markdown)
2025-08-17T13:33:47.3019981Z   Downloading yapf-0.43.0-py3-none-any.whl.metadata (46 kB)
2025-08-17T13:33:47.3256108Z Collecting databind<5.0.0,>=4.5.2 (from databind.core<5.0.0,>=4.4.0->pydoc-markdown)
2025-08-17T13:33:47.3322862Z   Downloading databind-4.5.2-py3-none-any.whl.metadata (4.3 kB)
2025-08-17T13:33:47.3473517Z Collecting Deprecated<2.0.0,>=1.2.12 (from databind<5.0.0,>=4.5.2->databind.core<5.0.0,>=4.4.0->pydoc-markdown)
2025-08-17T13:33:47.3501598Z   Downloading Deprecated-1.2.18-py2.py3-none-any.whl.metadata (5.7 kB)
2025-08-17T13:33:47.3637555Z Collecting nr-date<3.0.0,>=2.0.0 (from databind<5.0.0,>=4.5.2->databind.core<5.0.0,>=4.4.0->pydoc-markdown)
2025-08-17T13:33:47.3672549Z   Downloading nr_date-2.1.0-py3-none-any.whl.metadata (746 bytes)
2025-08-17T13:33:47.3798820Z Collecting nr-stream<2.0.0,>=1.0.0 (from databind<5.0.0,>=4.5.2->databind.core<5.0.0,>=4.4.0->pydoc-markdown)
2025-08-17T13:33:47.3835331Z   Downloading nr_stream-1.1.5-py3-none-any.whl.metadata (3.6 kB)
2025-08-17T13:33:47.4013365Z Collecting typeapi<3,>=2.0.1 (from databind<5.0.0,>=4.5.2->databind.core<5.0.0,>=4.4.0->pydoc-markdown)
2025-08-17T13:33:47.4054078Z   Downloading typeapi-2.2.4-py3-none-any.whl.metadata (1.5 kB)
2025-08-17T13:33:47.4235766Z Collecting typing-extensions<5,>=3.10.0 (from databind<5.0.0,>=4.5.2->databind.core<5.0.0,>=4.4.0->pydoc-markdown)
2025-08-17T13:33:47.4263383Z   Downloading typing_extensions-4.14.1-py3-none-any.whl.metadata (3.0 kB)
2025-08-17T13:33:47.5226706Z Collecting wrapt<2,>=1.10 (from Deprecated<2.0.0,>=1.2.12->databind<5.0.0,>=4.5.2->databind.core<5.0.0,>=4.4.0->pydoc-markdown)
2025-08-17T13:33:47.5265013Z   Downloading wrapt-1.17.3-cp311-cp311-manylinux1_x86_64.manylinux_2_28_x86_64.manylinux_2_5_x86_64.whl.metadata (6.4 kB)
2025-08-17T13:33:47.5812443Z Collecting black>=24.8.0 (from docspec-python<3.0.0,>=2.2.1->pydoc-markdown)
2025-08-17T13:33:47.5846449Z   Downloading black-25.1.0-cp311-cp311-manylinux_2_17_x86_64.manylinux2014_x86_64.manylinux_2_28_x86_64.whl.metadata (81 kB)
2025-08-17T13:33:47.5958969Z Collecting docspec<3.0.0,>=2.2.1 (from pydoc-markdown)
2025-08-17T13:33:47.6001370Z   Downloading docspec-2.2.1-py3-none-any.whl.metadata (1.5 kB)
2025-08-17T13:33:47.6573467Z Collecting MarkupSafe>=2.0 (from jinja2<4.0.0,>=3.0.0->pydoc-markdown)
2025-08-17T13:33:47.6606811Z   Downloading MarkupSafe-3.0.2-cp311-cp311-manylinux_2_17_x86_64.manylinux2014_x86_64.whl.metadata (4.0 kB)
2025-08-17T13:33:47.7534002Z Collecting charset_normalizer<4,>=2 (from requests<3.0.0,>=2.23.0->pydoc-markdown)
2025-08-17T13:33:47.7569715Z   Downloading charset_normalizer-3.4.3-cp311-cp311-manylinux2014_x86_64.manylinux_2_17_x86_64.manylinux_2_28_x86_64.whl.metadata (36 kB)
2025-08-17T13:33:47.7741277Z Collecting idna<4,>=2.5 (from requests<3.0.0,>=2.23.0->pydoc-markdown)
2025-08-17T13:33:47.7771702Z   Downloading idna-3.10-py3-none-any.whl.metadata (10 kB)
2025-08-17T13:33:47.8054120Z Collecting urllib3<3,>=1.21.1 (from requests<3.0.0,>=2.23.0->pydoc-markdown)
2025-08-17T13:33:47.8086805Z   Downloading urllib3-2.5.0-py3-none-any.whl.metadata (6.5 kB)
2025-08-17T13:33:47.8302402Z Collecting certifi>=2017.4.17 (from requests<3.0.0,>=2.23.0->pydoc-markdown)
2025-08-17T13:33:47.8332406Z   Downloading certifi-2025.8.3-py3-none-any.whl.metadata (2.4 kB)
2025-08-17T13:33:47.8574867Z Collecting mypy-extensions>=0.4.3 (from black>=24.8.0->docspec-python<3.0.0,>=2.2.1->pydoc-markdown)
2025-08-17T13:33:47.8605433Z   Downloading mypy_extensions-1.1.0-py3-none-any.whl.metadata (1.1 kB)
2025-08-17T13:33:47.8762668Z Collecting packaging>=22.0 (from black>=24.8.0->docspec-python<3.0.0,>=2.2.1->pydoc-markdown)
2025-08-17T13:33:47.8793499Z   Downloading packaging-25.0-py3-none-any.whl.metadata (3.3 kB)
2025-08-17T13:33:47.8920698Z Collecting pathspec>=0.9.0 (from black>=24.8.0->docspec-python<3.0.0,>=2.2.1->pydoc-markdown)
2025-08-17T13:33:47.8952361Z   Downloading pathspec-0.12.1-py3-none-any.whl.metadata (21 kB)
2025-08-17T13:33:47.9160409Z Collecting platformdirs>=2 (from black>=24.8.0->docspec-python<3.0.0,>=2.2.1->pydoc-markdown)
2025-08-17T13:33:47.9232499Z   Downloading platformdirs-4.3.8-py3-none-any.whl.metadata (12 kB)
2025-08-17T13:33:47.9456735Z Downloading pydoc_markdown-4.8.2-py3-none-any.whl (67 kB)
2025-08-17T13:33:47.9526623Z Downloading click-8.2.1-py3-none-any.whl (102 kB)
2025-08-17T13:33:47.9599049Z Downloading databind.core-4.5.2-py3-none-any.whl (1.5 kB)
2025-08-17T13:33:47.9662093Z Downloading databind-4.5.2-py3-none-any.whl (49 kB)
2025-08-17T13:33:47.9727738Z Downloading databind.json-4.5.2-py3-none-any.whl (1.5 kB)
2025-08-17T13:33:47.9783149Z Downloading Deprecated-1.2.18-py2.py3-none-any.whl (10.0 kB)
2025-08-17T13:33:47.9842019Z Downloading docspec_python-2.2.2-py3-none-any.whl (15 kB)
2025-08-17T13:33:47.9897922Z Downloading docspec-2.2.1-py3-none-any.whl (9.8 kB)
2025-08-17T13:33:47.9950998Z Downloading jinja2-3.1.6-py3-none-any.whl (134 kB)
2025-08-17T13:33:48.0032509Z Downloading nr_date-2.1.0-py3-none-any.whl (10 kB)
2025-08-17T13:33:48.0089289Z Downloading nr_stream-1.1.5-py3-none-any.whl (10 kB)
2025-08-17T13:33:48.0154534Z Downloading nr.util-0.8.12-py3-none-any.whl (90 kB)
2025-08-17T13:33:48.0217921Z Downloading PyYAML-6.0.2-cp311-cp311-manylinux_2_17_x86_64.manylinux2014_x86_64.whl (762 kB)
2025-08-17T13:33:48.0434387Z    ━━━━━━━━━━━━━━━━━━━━━━━━━━━━━━━━━━━━━━━━ 763.0/763.0 kB 32.6 MB/s  0:00:00
2025-08-17T13:33:48.0469739Z Downloading requests-2.32.4-py3-none-any.whl (64 kB)
2025-08-17T13:33:48.0540825Z Downloading charset_normalizer-3.4.3-cp311-cp311-manylinux2014_x86_64.manylinux_2_17_x86_64.manylinux_2_28_x86_64.whl (150 kB)
2025-08-17T13:33:48.0606621Z Downloading idna-3.10-py3-none-any.whl (70 kB)
2025-08-17T13:33:48.0659350Z Downloading tomli-2.2.1-cp311-cp311-manylinux_2_17_x86_64.manylinux2014_x86_64.whl (236 kB)
2025-08-17T13:33:48.0744961Z Downloading tomli_w-1.2.0-py3-none-any.whl (6.7 kB)
2025-08-17T13:33:48.0803213Z Downloading typeapi-2.2.4-py3-none-any.whl (26 kB)
2025-08-17T13:33:48.0855113Z Downloading typing_extensions-4.14.1-py3-none-any.whl (43 kB)
2025-08-17T13:33:48.0907476Z Downloading urllib3-2.5.0-py3-none-any.whl (129 kB)
2025-08-17T13:33:48.0963135Z Downloading wrapt-1.17.3-cp311-cp311-manylinux1_x86_64.manylinux_2_28_x86_64.manylinux_2_5_x86_64.whl (82 kB)
2025-08-17T13:33:48.1016657Z Downloading black-25.1.0-cp311-cp311-manylinux_2_17_x86_64.manylinux2014_x86_64.manylinux_2_28_x86_64.whl (1.7 MB)
2025-08-17T13:33:48.1246683Z    ━━━━━━━━━━━━━━━━━━━━━━━━━━━━━━━━━━━━━━━━ 1.7/1.7 MB 79.0 MB/s  0:00:00
2025-08-17T13:33:48.1278355Z Downloading certifi-2025.8.3-py3-none-any.whl (161 kB)
2025-08-17T13:33:48.1337473Z Downloading MarkupSafe-3.0.2-cp311-cp311-manylinux_2_17_x86_64.manylinux2014_x86_64.whl (23 kB)
2025-08-17T13:33:48.1386168Z Downloading mypy_extensions-1.1.0-py3-none-any.whl (5.0 kB)
2025-08-17T13:33:48.1474118Z Downloading packaging-25.0-py3-none-any.whl (66 kB)
2025-08-17T13:33:48.1527791Z Downloading pathspec-0.12.1-py3-none-any.whl (31 kB)
2025-08-17T13:33:48.1577744Z Downloading platformdirs-4.3.8-py3-none-any.whl (18 kB)
2025-08-17T13:33:48.1656382Z Downloading yapf-0.43.0-py3-none-any.whl (256 kB)
2025-08-17T13:33:48.1727402Z Downloading watchdog-6.0.0-py3-none-manylinux2014_x86_64.whl (79 kB)
2025-08-17T13:33:48.1990052Z Building wheels for collected packages: docstring-parser
2025-08-17T13:33:48.1998509Z   Building wheel for docstring-parser (pyproject.toml): started
2025-08-17T13:33:48.4124655Z   Building wheel for docstring-parser (pyproject.toml): finished with status 'done'
2025-08-17T13:33:48.4131831Z   Created wheel for docstring-parser: filename=docstring_parser-0.11-py3-none-any.whl size=31551 sha256=cf80504d159470d6a1df227e0c70c66f3af16df7cdef36c5e84fcfed20f7d767
2025-08-17T13:33:48.4133885Z   Stored in directory: /home/runner/.cache/pip/wheels/0f/f9/78/1186f8bf3425dbd3fb3fa32beee828876c792f49eb2554e888
2025-08-17T13:33:48.4150549Z Successfully built docstring-parser
2025-08-17T13:33:48.4637011Z Installing collected packages: wrapt, watchdog, urllib3, typing-extensions, tomli_w, tomli, PyYAML, platformdirs, pathspec, packaging, nr-stream, nr-date, mypy-extensions, MarkupSafe, idna, docstring-parser, click, charset_normalizer, certifi, yapf, typeapi, requests, jinja2, Deprecated, black, nr.util, databind, databind.json, databind.core, docspec, docspec-python, pydoc-markdown
2025-08-17T13:33:49.6260685Z 
2025-08-17T13:33:49.6283788Z Successfully installed Deprecated-1.2.18 MarkupSafe-3.0.2 PyYAML-6.0.2 black-25.1.0 certifi-2025.8.3 charset_normalizer-3.4.3 click-8.2.1 databind-4.5.2 databind.core-4.5.2 databind.json-4.5.2 docspec-2.2.1 docspec-python-2.2.2 docstring-parser-0.11 idna-3.10 jinja2-3.1.6 mypy-extensions-1.1.0 nr-date-2.1.0 nr-stream-1.1.5 nr.util-0.8.12 packaging-25.0 pathspec-0.12.1 platformdirs-4.3.8 pydoc-markdown-4.8.2 requests-2.32.4 tomli-2.2.1 tomli_w-1.2.0 typeapi-2.2.4 typing-extensions-4.14.1 urllib3-2.5.0 watchdog-6.0.0 wrapt-1.17.3 yapf-0.43.0
2025-08-17T13:33:49.8173340Z ##[group]Run pydoc-markdown
2025-08-17T13:33:49.8173621Z [36;1mpydoc-markdown[0m
2025-08-17T13:33:49.8213901Z shell: /usr/bin/bash -e {0}
2025-08-17T13:33:49.8214119Z env:
2025-08-17T13:33:49.8214360Z   pythonLocation: /opt/hostedtoolcache/Python/3.11.13/x64
2025-08-17T13:33:49.8214777Z   PKG_CONFIG_PATH: /opt/hostedtoolcache/Python/3.11.13/x64/lib/pkgconfig
2025-08-17T13:33:49.8215173Z   Python_ROOT_DIR: /opt/hostedtoolcache/Python/3.11.13/x64
2025-08-17T13:33:49.8215519Z   Python2_ROOT_DIR: /opt/hostedtoolcache/Python/3.11.13/x64
2025-08-17T13:33:49.8216010Z   Python3_ROOT_DIR: /opt/hostedtoolcache/Python/3.11.13/x64
2025-08-17T13:33:49.8216478Z   LD_LIBRARY_PATH: /opt/hostedtoolcache/Python/3.11.13/x64/lib
2025-08-17T13:33:49.8216770Z ##[endgroup]
2025-08-17T13:33:50.1711014Z [WARNING - pydoc_markdown.main]: Unknown configuration options:
2025-08-17T13:33:50.1711727Z Unknown key(s) "{'output_directory'}" at:
2025-08-17T13:33:50.1712049Z In "pydoc-markdown.yml"
2025-08-17T13:33:50.1712439Z   $: TypeHint(pydoc_markdown.PydocMarkdown)
2025-08-17T13:33:50.1712855Z   .renderer: TypeHint(pydoc_markdown.interfaces.Renderer)
2025-08-17T13:33:50.1713391Z   ^: TypeHint(pydoc_markdown.contrib.renderers.markdown.MarkdownRenderer)
2025-08-17T13:33:50.1713824Z 
2025-08-17T13:33:50.3938192Z <a id="__init__"></a>
2025-08-17T13:33:50.3938683Z 
2025-08-17T13:33:50.3938866Z # \_\_init\_\_
2025-08-17T13:33:50.3939156Z 
2025-08-17T13:33:50.3939326Z <a id="api"></a>
2025-08-17T13:33:50.3939537Z 
2025-08-17T13:33:50.3939653Z # api
2025-08-17T13:33:50.3939826Z 
2025-08-17T13:33:50.3939986Z <a id="api.tests.test_llm"></a>
2025-08-17T13:33:50.3940283Z 
2025-08-17T13:33:50.3940451Z # api.tests.test\_llm
2025-08-17T13:33:50.3940723Z 
2025-08-17T13:33:50.3940903Z <a id="api.tests.test_imports"></a>
2025-08-17T13:33:50.3941221Z 
2025-08-17T13:33:50.3941392Z # api.tests.test\_imports
2025-08-17T13:33:50.3941651Z 
2025-08-17T13:33:50.3941844Z <a id="api.tests.test_entrypoint"></a>
2025-08-17T13:33:50.3942677Z 
2025-08-17T13:33:50.3942856Z # api.tests.test\_entrypoint
2025-08-17T13:33:50.3943150Z 
2025-08-17T13:33:50.3943355Z <a id="api.tests.test_health"></a>
2025-08-17T13:33:50.3943673Z 
2025-08-17T13:33:50.3943859Z # api.tests.test\_health
2025-08-17T13:33:50.3944160Z 
2025-08-17T13:33:50.3944360Z <a id="api.migrations.env"></a>
2025-08-17T13:33:50.3944710Z 
2025-08-17T13:33:50.3944882Z # api.migrations.env
2025-08-17T13:33:50.3945168Z 
2025-08-17T13:33:50.3945459Z <a id="api.migrations.versions.0022_fix_roi_view"></a>
2025-08-17T13:33:50.3946232Z 
2025-08-17T13:33:50.3946514Z # api.migrations.versions.0022\_fix\_roi\_view
2025-08-17T13:33:50.3947014Z 
2025-08-17T13:33:50.3947269Z <a id="api.migrations.versions.0004_fee_cron"></a>
2025-08-17T13:33:50.3947728Z 
2025-08-17T13:33:50.3947974Z # api.migrations.versions.0004\_fee\_cron
2025-08-17T13:33:50.3948249Z 
2025-08-17T13:33:50.3948448Z <a id="api.migrations.versions.3e9d5c5aff2c_rename_fulf_fee"></a>
2025-08-17T13:33:50.3948763Z 
2025-08-17T13:33:50.3948948Z # api.migrations.versions.3e9d5c5aff2c\_rename\_fulf\_fee
2025-08-17T13:33:50.3949218Z 
2025-08-17T13:33:50.3949372Z <a id="api.migrations.versions.0003_vendor_prices"></a>
2025-08-17T13:33:50.3949619Z 
2025-08-17T13:33:50.3949744Z # api.migrations.versions.0003\_vendor\_prices
2025-08-17T13:33:50.3949965Z 
2025-08-17T13:33:50.3950110Z <a id="api.migrations.versions.0024_create_buybox"></a>
2025-08-17T13:33:50.3950348Z 
2025-08-17T13:33:50.3950471Z # api.migrations.versions.0024\_create\_buybox
2025-08-17T13:33:50.3950696Z 
2025-08-17T13:33:50.3950841Z <a id="api.migrations.versions.0002_create_roi_view"></a>
2025-08-17T13:33:50.3951086Z 
2025-08-17T13:33:50.3951219Z # api.migrations.versions.0002\_create\_roi\_view
2025-08-17T13:33:50.3951447Z 
2025-08-17T13:33:50.3951584Z <a id="api.migrations.versions.0006_fix_roi_views"></a>
2025-08-17T13:33:50.3951824Z 
2025-08-17T13:33:50.3951948Z # api.migrations.versions.0006\_fix\_roi\_views
2025-08-17T13:33:50.3952171Z 
2025-08-17T13:33:50.3952598Z <a id="api.migrations.versions.0020_unified_schema"></a>
2025-08-17T13:33:50.3952863Z 
2025-08-17T13:33:50.3952986Z # api.migrations.versions.0020\_unified\_schema
2025-08-17T13:33:50.3953208Z 
2025-08-17T13:33:50.3953359Z <a id="api.migrations.versions.0023_add_storage_fee"></a>
2025-08-17T13:33:50.3953605Z 
2025-08-17T13:33:50.3953731Z # api.migrations.versions.0023\_add\_storage\_fee
2025-08-17T13:33:50.3953964Z 
2025-08-17T13:33:50.3954092Z <a id="api.migrations.versions.0001_baseline"></a>
2025-08-17T13:33:50.3954320Z 
2025-08-17T13:33:50.3954429Z # api.migrations.versions.0001\_baseline
2025-08-17T13:33:50.3954642Z 
2025-08-17T13:33:50.3954748Z <a id="api.migrations.versions"></a>
2025-08-17T13:33:50.3954941Z 
2025-08-17T13:33:50.3955043Z # api.migrations.versions
2025-08-17T13:33:50.3955196Z 
2025-08-17T13:33:50.3955288Z <a id="api.migrations"></a>
2025-08-17T13:33:50.3955451Z 
2025-08-17T13:33:50.3955532Z # api.migrations
2025-08-17T13:33:50.3955656Z 
2025-08-17T13:33:50.3955735Z <a id="api.db"></a>
2025-08-17T13:33:50.3956105Z 
2025-08-17T13:33:50.3956183Z # api.db
2025-08-17T13:33:50.3956288Z 
2025-08-17T13:33:50.3956387Z <a id="api.routes.stats"></a>
2025-08-17T13:33:50.3956554Z 
2025-08-17T13:33:50.3956637Z # api.routes.stats
2025-08-17T13:33:50.3956771Z 
2025-08-17T13:33:50.3956872Z <a id="api.routes.stats.kpi"></a>
2025-08-17T13:33:50.3957054Z 
2025-08-17T13:33:50.3957129Z #### kpi
2025-08-17T13:33:50.3957239Z 
2025-08-17T13:33:50.3957316Z ```python
2025-08-17T13:33:50.3957518Z @router.get("/stats/kpi")
2025-08-17T13:33:50.3957797Z def kpi() -> List[Dict[str, int]]
2025-08-17T13:33:50.3958047Z ```
2025-08-17T13:33:50.3958154Z 
2025-08-17T13:33:50.3958247Z Return KPI metrics (mock).
2025-08-17T13:33:50.3958402Z 
2025-08-17T13:33:50.3958527Z <a id="api.routes.stats.roi_by_vendor"></a>
2025-08-17T13:33:50.3958739Z 
2025-08-17T13:33:50.3958822Z #### roi\_by\_vendor
2025-08-17T13:33:50.3958962Z 
2025-08-17T13:33:50.3959038Z ```python
2025-08-17T13:33:50.3959212Z @router.get("/stats/roi_by_vendor")
2025-08-17T13:33:50.3959600Z def roi_by_vendor() -> List[Dict[str, int]]
2025-08-17T13:33:50.3959843Z ```
2025-08-17T13:33:50.3959929Z 
2025-08-17T13:33:50.3960011Z Return ROI percent by vendor.
2025-08-17T13:33:50.3960152Z 
2025-08-17T13:33:50.3960251Z <a id="api.routes.stats.roi_trend"></a>
2025-08-17T13:33:50.3960419Z 
2025-08-17T13:33:50.3960484Z #### roi\_trend
2025-08-17T13:33:50.3960589Z 
2025-08-17T13:33:50.3960654Z ```python
2025-08-17T13:33:50.3960820Z @router.get("/stats/roi_trend")
2025-08-17T13:33:50.3961060Z def roi_trend() -> List[Dict[str, int | str]]
2025-08-17T13:33:50.3961295Z ```
2025-08-17T13:33:50.3961376Z 
2025-08-17T13:33:50.3961451Z Return 30-day ROI trend.
2025-08-17T13:33:50.3961574Z 
2025-08-17T13:33:50.3961659Z <a id="api.routes.roi"></a>
2025-08-17T13:33:50.3961791Z 
2025-08-17T13:33:50.3961860Z # api.routes.roi
2025-08-17T13:33:50.3962066Z 
2025-08-17T13:33:50.3962149Z <a id="api.routes.health"></a>
2025-08-17T13:33:50.3962330Z 
2025-08-17T13:33:50.3962405Z # api.routes.health
2025-08-17T13:33:50.3962521Z 
2025-08-17T13:33:50.3962610Z <a id="api.routes.health.MAX_SKEW"></a>
2025-08-17T13:33:50.3962778Z 
2025-08-17T13:33:50.3962842Z #### MAX\_SKEW
2025-08-17T13:33:50.3962940Z 
2025-08-17T13:33:50.3963009Z seconds
2025-08-17T13:33:50.3963092Z 
2025-08-17T13:33:50.3963181Z <a id="api.routes.health.health"></a>
2025-08-17T13:33:50.3963339Z 
2025-08-17T13:33:50.3963409Z #### health
2025-08-17T13:33:50.3963498Z 
2025-08-17T13:33:50.3963560Z ```python
2025-08-17T13:33:50.3963758Z @router.get("/health", include_in_schema=False)
2025-08-17T13:33:50.3964128Z async def health(session: AsyncSession = Depends(get_session)) -> JSONResponse
2025-08-17T13:33:50.3964467Z ```
2025-08-17T13:33:50.3964546Z 
2025-08-17T13:33:50.3964668Z Return 200 when DB reachable and clocks are in sync.
2025-08-17T13:33:50.3964862Z 
2025-08-17T13:33:50.3964949Z <a id="api.routes.repository"></a>
2025-08-17T13:33:50.3965110Z 
2025-08-17T13:33:50.3965186Z # api.routes.repository
2025-08-17T13:33:50.3965306Z 
2025-08-17T13:33:50.3965517Z <a id="api.routes"></a>
2025-08-17T13:33:50.3965993Z 
2025-08-17T13:33:50.3966116Z # api.routes
2025-08-17T13:33:50.3966295Z 
2025-08-17T13:33:50.3966443Z <a id="api.models.fee"></a>
2025-08-17T13:33:50.3966686Z 
2025-08-17T13:33:50.3966814Z # api.models.fee
2025-08-17T13:33:50.3967009Z 
2025-08-17T13:33:50.3967145Z <a id="api.models"></a>
2025-08-17T13:33:50.3967365Z 
2025-08-17T13:33:50.3967483Z # api.models
2025-08-17T13:33:50.3967659Z 
2025-08-17T13:33:50.3967804Z <a id="api.roi_repository"></a>
2025-08-17T13:33:50.3968065Z 
2025-08-17T13:33:50.3968146Z # api.roi\_repository
2025-08-17T13:33:50.3968262Z 
2025-08-17T13:33:50.3968332Z <a id="api.main"></a>
2025-08-17T13:33:50.3968442Z 
2025-08-17T13:33:50.3968512Z # api.main
2025-08-17T13:33:50.3968602Z 
2025-08-17T13:33:50.3968679Z <a id="api.main.ready"></a>
2025-08-17T13:33:50.3968813Z 
2025-08-17T13:33:50.3968874Z #### ready
2025-08-17T13:33:50.3968960Z 
2025-08-17T13:33:50.3969024Z ```python
2025-08-17T13:33:50.3969298Z @app.get("/ready", status_code=status.HTTP_200_OK, include_in_schema=False)
2025-08-17T13:33:50.3969735Z async def ready(session: AsyncSession = Depends(get_session)) -> dict[str,
2025-08-17T13:33:50.3970083Z                                                                       str]
2025-08-17T13:33:50.3970323Z ```
2025-08-17T13:33:50.3970405Z 
2025-08-17T13:33:50.3970500Z Return 200 only when migrations are at head.
2025-08-17T13:33:50.3970673Z 
2025-08-17T13:33:50.3970745Z <a id="api.config"></a>
2025-08-17T13:33:50.3970864Z 
2025-08-17T13:33:50.3970930Z # api.config
2025-08-17T13:33:50.3971029Z 
2025-08-17T13:33:50.3971092Z <a id="etl"></a>
2025-08-17T13:33:50.3971194Z 
2025-08-17T13:33:50.3971261Z # etl
2025-08-17T13:33:50.3971345Z 
2025-08-17T13:33:50.3971423Z <a id="etl.fba_fee_ingestor"></a>
2025-08-17T13:33:50.3971573Z 
2025-08-17T13:33:50.3971645Z # etl.fba\_fee\_ingestor
2025-08-17T13:33:50.3971768Z 
2025-08-17T13:33:50.3971848Z <a id="etl.sp_fees_ingestor"></a>
2025-08-17T13:33:50.3971998Z 
2025-08-17T13:33:50.3972074Z # etl.sp\_fees\_ingestor
2025-08-17T13:33:50.3972366Z 
2025-08-17T13:33:50.3972450Z <a id="etl.keepa_ingestor"></a>
2025-08-17T13:33:50.3972586Z 
2025-08-17T13:33:50.3972655Z # etl.keepa\_ingestor
2025-08-17T13:33:50.3972767Z 
2025-08-17T13:33:50.3972839Z <a id="etl.db"></a>
2025-08-17T13:33:50.3972943Z 
2025-08-17T13:33:50.3973005Z # etl.db
2025-08-17T13:33:50.3973098Z 
2025-08-17T13:33:50.3973206Z <a id="etl.dialects.amazon_reimbursements"></a>
2025-08-17T13:33:50.3973388Z 
2025-08-17T13:33:50.3973483Z # etl.dialects.amazon\_reimbursements
2025-08-17T13:33:50.3973647Z 
2025-08-17T13:33:50.3973735Z <a id="etl.dialects.amazon_returns"></a>
2025-08-17T13:33:50.3973895Z 
2025-08-17T13:33:50.3973983Z # etl.dialects.amazon\_returns
2025-08-17T13:33:50.3974123Z 
2025-08-17T13:33:50.3974199Z <a id="etl.dialects"></a>
2025-08-17T13:33:50.3974330Z 
2025-08-17T13:33:50.3974396Z # etl.dialects
2025-08-17T13:33:50.3974493Z 
2025-08-17T13:33:50.3974568Z <a id="ingest"></a>
2025-08-17T13:33:50.3974672Z 
2025-08-17T13:33:50.3974744Z # ingest
2025-08-17T13:33:50.3974833Z 
2025-08-17T13:33:50.3974925Z <a id="ingest.tests.test_smoke"></a>
2025-08-17T13:33:50.3975080Z 
2025-08-17T13:33:50.3975160Z # ingest.tests.test\_smoke
2025-08-17T13:33:50.3975296Z 
2025-08-17T13:33:50.3975369Z <a id="ingest.tests"></a>
2025-08-17T13:33:50.3975492Z 
2025-08-17T13:33:50.3975584Z # ingest.tests
2025-08-17T13:33:50.3975683Z 
2025-08-17T13:33:50.3975766Z <a id="ingest.upload_router"></a>
2025-08-17T13:33:50.3976153Z 
2025-08-17T13:33:50.3976237Z # ingest.upload\_router
2025-08-17T13:33:50.3976360Z 
2025-08-17T13:33:50.3976441Z <a id="ingest.email_watcher"></a>
2025-08-17T13:33:50.3976588Z 
2025-08-17T13:33:50.3976660Z # ingest.email\_watcher
2025-08-17T13:33:50.3976774Z 
2025-08-17T13:33:50.3976867Z <a id="ingest.email_watcher.main"></a>
2025-08-17T13:33:50.3977025Z 
2025-08-17T13:33:50.3977087Z #### main
2025-08-17T13:33:50.3977175Z 
2025-08-17T13:33:50.3977247Z ```python
2025-08-17T13:33:50.3977415Z def main() -> dict[str, str]
2025-08-17T13:33:50.3977617Z ```
2025-08-17T13:33:50.3977816Z 
2025-08-17T13:33:50.3977961Z Upload CSV/XLSX attachments to MinIO and trigger ingestion.
2025-08-17T13:33:50.3978193Z 
2025-08-17T13:33:50.3978319Z Returns {"status": "success"} when processing completes.
2025-08-17T13:33:50.3978532Z 
2025-08-17T13:33:50.3978619Z <a id="ingest.ingest_router"></a>
2025-08-17T13:33:50.3978761Z 
2025-08-17T13:33:50.3978832Z # ingest.ingest\_router
2025-08-17T13:33:50.3978948Z 
2025-08-17T13:33:50.3979031Z <a id="logistics_etl"></a>
2025-08-17T13:33:50.3979155Z 
2025-08-17T13:33:50.3979220Z # logistics\_etl
2025-08-17T13:33:50.3979329Z 
2025-08-17T13:33:50.3979447Z Daily logistics ETL job.
2025-08-17T13:33:50.3979575Z 
2025-08-17T13:33:50.3979653Z <a id="logistics_etl.__main__"></a>
2025-08-17T13:33:50.3979799Z 
2025-08-17T13:33:50.3979879Z # logistics\_etl.\_\_main\_\_
2025-08-17T13:33:50.3980010Z 
2025-08-17T13:33:50.3980086Z <a id="logistics_etl.dsn"></a>
2025-08-17T13:33:50.3980227Z 
2025-08-17T13:33:50.3980295Z # logistics\_etl.dsn
2025-08-17T13:33:50.3980413Z 
2025-08-17T13:33:50.3980526Z Local DSN builder to avoid cross-service dependency.
2025-08-17T13:33:50.3980727Z 
2025-08-17T13:33:50.3980816Z <a id="logistics_etl.dsn.build_dsn"></a>
2025-08-17T13:33:50.3980979Z 
2025-08-17T13:33:50.3981046Z #### build\_dsn
2025-08-17T13:33:50.3981148Z 
2025-08-17T13:33:50.3981210Z ```python
2025-08-17T13:33:50.3981386Z def build_dsn(sync: bool = True) -> str
2025-08-17T13:33:50.3981603Z ```
2025-08-17T13:33:50.3981687Z 
2025-08-17T13:33:50.3981826Z Return a Postgres DSN assembled from environment variables.
2025-08-17T13:33:50.3982041Z 
2025-08-17T13:33:50.3982196Z Prefers explicit DSNs via ``PG_SYNC_DSN``/``PG_ASYNC_DSN`` or
2025-08-17T13:33:50.3982574Z ``DATABASE_URL``. Falls back to individual PG_* settings and raises an
2025-08-17T13:33:50.3982918Z error when any required variable is missing.
2025-08-17T13:33:50.3983088Z 
2025-08-17T13:33:50.3983178Z <a id="logistics_etl.tests.conftest"></a>
2025-08-17T13:33:50.3983348Z 
2025-08-17T13:33:50.3983552Z # logistics\_etl.tests.conftest
2025-08-17T13:33:50.3983699Z 
2025-08-17T13:33:50.3983803Z <a id="logistics_etl.tests.test_repository"></a>
2025-08-17T13:33:50.3983994Z 
2025-08-17T13:33:50.3984083Z # logistics\_etl.tests.test\_repository
2025-08-17T13:33:50.3984245Z 
2025-08-17T13:33:50.3984345Z <a id="logistics_etl.tests.test_cron"></a>
2025-08-17T13:33:50.3984513Z 
2025-08-17T13:33:50.3984599Z # logistics\_etl.tests.test\_cron
2025-08-17T13:33:50.3984752Z 
2025-08-17T13:33:50.3984847Z <a id="logistics_etl.tests.test_imports"></a>
2025-08-17T13:33:50.3985017Z 
2025-08-17T13:33:50.3985102Z # logistics\_etl.tests.test\_imports
2025-08-17T13:33:50.3985267Z 
2025-08-17T13:33:50.3985358Z <a id="logistics_etl.tests.test_smoke"></a>
2025-08-17T13:33:50.3985525Z 
2025-08-17T13:33:50.3985614Z # logistics\_etl.tests.test\_smoke
2025-08-17T13:33:50.3985766Z 
2025-08-17T13:33:50.3986074Z <a id="logistics_etl.tests.test_client"></a>
2025-08-17T13:33:50.3986305Z 
2025-08-17T13:33:50.3986399Z # logistics\_etl.tests.test\_client
2025-08-17T13:33:50.3986564Z 
2025-08-17T13:33:50.3986647Z <a id="logistics_etl.tests"></a>
2025-08-17T13:33:50.3986795Z 
2025-08-17T13:33:50.3986868Z # logistics\_etl.tests
2025-08-17T13:33:50.3986985Z 
2025-08-17T13:33:50.3987069Z <a id="logistics_etl.flow"></a>
2025-08-17T13:33:50.3987208Z 
2025-08-17T13:33:50.3987279Z # logistics\_etl.flow
2025-08-17T13:33:50.3987399Z 
2025-08-17T13:33:50.3987482Z <a id="logistics_etl.client"></a>
2025-08-17T13:33:50.3987625Z 
2025-08-17T13:33:50.3987697Z # logistics\_etl.client
2025-08-17T13:33:50.3987820Z 
2025-08-17T13:33:50.3987895Z <a id="logistics_etl.cron"></a>
2025-08-17T13:33:50.3988028Z 
2025-08-17T13:33:50.3988110Z # logistics\_etl.cron
2025-08-17T13:33:50.3988220Z 
2025-08-17T13:33:50.3988297Z <a id="logistics_etl.db"></a>
2025-08-17T13:33:50.3988436Z 
2025-08-17T13:33:50.3988506Z # logistics\_etl.db
2025-08-17T13:33:50.3988613Z 
2025-08-17T13:33:50.3988702Z <a id="logistics_etl.repository"></a>
2025-08-17T13:33:50.3988863Z 
2025-08-17T13:33:50.3989187Z # logistics\_etl.repository
2025-08-17T13:33:50.3989448Z 
2025-08-17T13:33:50.3989589Z <a id="alert_bot"></a>
2025-08-17T13:33:50.3989799Z 
2025-08-17T13:33:50.3989918Z # alert\_bot
2025-08-17T13:33:50.3990098Z 
2025-08-17T13:33:50.3990265Z <a id="alert_bot.tests.test_smoke"></a>
2025-08-17T13:33:50.3990569Z 
2025-08-17T13:33:50.3990722Z # alert\_bot.tests.test\_smoke
2025-08-17T13:33:50.3990930Z 
2025-08-17T13:33:50.3991012Z <a id="alert_bot.tests"></a>
2025-08-17T13:33:50.3991145Z 
2025-08-17T13:33:50.3991216Z # alert\_bot.tests
2025-08-17T13:33:50.3991322Z 
2025-08-17T13:33:50.3991403Z <a id="alert_bot.alert_bot"></a>
2025-08-17T13:33:50.3991543Z 
2025-08-17T13:33:50.3991619Z # alert\_bot.alert\_bot
2025-08-17T13:33:50.3991736Z 
2025-08-17T13:33:50.3991810Z <a id="alert_bot.rules"></a>
2025-08-17T13:33:50.3991943Z 
2025-08-17T13:33:50.3992009Z # alert\_bot.rules
2025-08-17T13:33:50.3992109Z 
2025-08-17T13:33:50.3992181Z <a id="common"></a>
2025-08-17T13:33:50.3992284Z 
2025-08-17T13:33:50.3992346Z # common
2025-08-17T13:33:50.3992446Z 
2025-08-17T13:33:50.3992524Z <a id="common.dsn"></a>
2025-08-17T13:33:50.3992637Z 
2025-08-17T13:33:50.3992700Z # common.dsn
2025-08-17T13:33:50.3992799Z 
2025-08-17T13:33:50.3992883Z <a id="common.dsn.build_dsn"></a>
2025-08-17T13:33:50.3993029Z 
2025-08-17T13:33:50.3993092Z #### build\_dsn
2025-08-17T13:33:50.3993198Z 
2025-08-17T13:33:50.3993263Z ```python
2025-08-17T13:33:50.3993471Z def build_dsn(sync: bool = True) -> str
2025-08-17T13:33:50.3993710Z ```
2025-08-17T13:33:50.3993792Z 
2025-08-17T13:33:50.3993923Z Return a Postgres DSN, validating required variables.
2025-08-17T13:33:50.3994136Z 
2025-08-17T13:33:50.3994331Z The function prefers explicit DSNs via ``PG_SYNC_DSN`` / ``PG_ASYNC_DSN`` or
2025-08-17T13:33:50.3994778Z ``DATABASE_URL``.  If those are absent it assembles a connection string from
2025-08-17T13:33:50.3995197Z ``PG_HOST`` and related variables and raises a helpful error when any are
2025-08-17T13:33:50.3995508Z missing.
2025-08-17T13:33:50.3996217Z 
2025-08-17T13:33:50.3996312Z <a id="common.models_vendor"></a>
2025-08-17T13:33:50.3996472Z 
2025-08-17T13:33:50.3996553Z # common.models\_vendor
2025-08-17T13:33:50.3996675Z 
2025-08-17T13:33:50.3996767Z <a id="common.models_vendor.Vendor"></a>
2025-08-17T13:33:50.3996942Z 
2025-08-17T13:33:50.3997010Z ## Vendor Objects
2025-08-17T13:33:50.3997120Z 
2025-08-17T13:33:50.3997190Z ```python
2025-08-17T13:33:50.3997346Z class Vendor(Base)
2025-08-17T13:33:50.3997516Z ```
2025-08-17T13:33:50.3997598Z 
2025-08-17T13:33:50.3997676Z Vendor of inventory items.
2025-08-17T13:33:50.3997808Z 
2025-08-17T13:33:50.3997919Z <a id="common.models_vendor.VendorPrice"></a>
2025-08-17T13:33:50.3998100Z 
2025-08-17T13:33:50.3998176Z ## VendorPrice Objects
2025-08-17T13:33:50.3998303Z 
2025-08-17T13:33:50.3998366Z ```python
2025-08-17T13:33:50.3998522Z class VendorPrice(Base)
2025-08-17T13:33:50.3998702Z ```
2025-08-17T13:33:50.3998784Z 
2025-08-17T13:33:50.3998890Z Association table linking vendors to pricing.
2025-08-17T13:33:50.3999074Z 
2025-08-17T13:33:50.3999149Z <a id="common.db_url"></a>
2025-08-17T13:33:50.3999281Z 
2025-08-17T13:33:50.3999347Z # common.db\_url
2025-08-17T13:33:50.3999450Z 
2025-08-17T13:33:50.3999534Z <a id="common.db_url.build_url"></a>
2025-08-17T13:33:50.3999698Z 
2025-08-17T13:33:50.3999764Z #### build\_url
2025-08-17T13:33:50.3999866Z 
2025-08-17T13:33:50.3999935Z ```python
2025-08-17T13:33:50.4000108Z def build_url(async_: bool = True) -> str
2025-08-17T13:33:50.4000338Z ```
2025-08-17T13:33:50.4000417Z 
2025-08-17T13:33:50.4000516Z Return Postgres DSN from env or PG_* parts.
2025-08-17T13:33:50.4000698Z 
2025-08-17T13:33:50.4000778Z <a id="common.keepa"></a>
2025-08-17T13:33:50.4000906Z 
2025-08-17T13:33:50.4000973Z # common.keepa
2025-08-17T13:33:50.4001082Z 
2025-08-17T13:33:50.4001156Z <a id="common.llm"></a>
2025-08-17T13:33:50.4001273Z 
2025-08-17T13:33:50.4001342Z # common.llm
2025-08-17T13:33:50.4001434Z 
2025-08-17T13:33:50.4001515Z <a id="common.settings"></a>
2025-08-17T13:33:50.4001650Z 
2025-08-17T13:33:50.4001892Z # common.settings
2025-08-17T13:33:50.4002003Z 
2025-08-17T13:33:50.4002073Z <a id="common.db"></a>
2025-08-17T13:33:50.4002195Z 
2025-08-17T13:33:50.4002257Z # common.db
2025-08-17T13:33:50.4002345Z 
2025-08-17T13:33:50.4002441Z <a id="common.db.build_sqlalchemy_url"></a>
2025-08-17T13:33:50.4002608Z 
2025-08-17T13:33:50.4002682Z #### build\_sqlalchemy\_url
2025-08-17T13:33:50.4002814Z 
2025-08-17T13:33:50.4002881Z ```python
2025-08-17T13:33:50.4003047Z def build_sqlalchemy_url() -> str
2025-08-17T13:33:50.4003256Z ```
2025-08-17T13:33:50.4003336Z 
2025-08-17T13:33:50.4003429Z Return Postgres URL for SQLAlchemy engines.
2025-08-17T13:33:50.4003602Z 
2025-08-17T13:33:50.4003688Z <a id="common.db.build_asyncpg_dsn"></a>
2025-08-17T13:33:50.4003849Z 
2025-08-17T13:33:50.4003927Z #### build\_asyncpg\_dsn
2025-08-17T13:33:50.4004049Z 
2025-08-17T13:33:50.4004110Z ```python
2025-08-17T13:33:50.4004283Z def build_asyncpg_dsn() -> str
2025-08-17T13:33:50.4004480Z ```
2025-08-17T13:33:50.4004575Z 
2025-08-17T13:33:50.4004703Z Return DSN suitable for asyncpg (without driver suffix).
2025-08-17T13:33:50.4004914Z 
2025-08-17T13:33:50.4005002Z <a id="common.db.refresh_mvs"></a>
2025-08-17T13:33:50.4005159Z 
2025-08-17T13:33:50.4005224Z #### refresh\_mvs
2025-08-17T13:33:50.4005329Z 
2025-08-17T13:33:50.4005396Z ```python
2025-08-17T13:33:50.4005592Z def refresh_mvs(conn: Engine | Connection) -> None
2025-08-17T13:33:50.4006036Z ```
2025-08-17T13:33:50.4006139Z 
2025-08-17T13:33:50.4006277Z Refresh materialized views, using CONCURRENTLY when safe.
2025-08-17T13:33:50.4006498Z 
2025-08-17T13:33:50.4006575Z <a id="common.config"></a>
2025-08-17T13:33:50.4006702Z 
2025-08-17T13:33:50.4006777Z # common.config
2025-08-17T13:33:50.4006878Z 
2025-08-17T13:33:50.4006955Z <a id="common.base"></a>
2025-08-17T13:33:50.4007074Z 
2025-08-17T13:33:50.4007145Z # common.base
2025-08-17T13:33:50.4007239Z 
2025-08-17T13:33:50.4007318Z <a id="common.base.Base"></a>
2025-08-17T13:33:50.4007459Z 
2025-08-17T13:33:50.4007652Z ## Base Objects
2025-08-17T13:33:50.4007749Z 
2025-08-17T13:33:50.4007809Z ```python
2025-08-17T13:33:50.4007976Z class Base(DeclarativeBase)
2025-08-17T13:33:50.4008172Z ```
2025-08-17T13:33:50.4008249Z 
2025-08-17T13:33:50.4008331Z Base class for SQLAlchemy models.
2025-08-17T13:33:50.4008477Z 
2025-08-17T13:33:50.4008554Z <a id="repricer"></a>
2025-08-17T13:33:50.4008667Z 
2025-08-17T13:33:50.4008730Z # repricer
2025-08-17T13:33:50.4008825Z 
2025-08-17T13:33:50.4008911Z <a id="repricer.app.schemas"></a>
2025-08-17T13:33:50.4009058Z 
2025-08-17T13:33:50.4009133Z # repricer.app.schemas
2025-08-17T13:33:50.4009256Z 
2025-08-17T13:33:50.4009339Z <a id="repricer.app.deps"></a>
2025-08-17T13:33:50.4009511Z 
2025-08-17T13:33:50.4009645Z # repricer.app.deps
2025-08-17T13:33:50.4009836Z 
2025-08-17T13:33:50.4010032Z Placeholder module for Keepa / SP-API clients.
2025-08-17T13:33:50.4010355Z 
2025-08-17T13:33:50.4010491Z <a id="repricer.app.logic"></a>
2025-08-17T13:33:50.4010734Z 
2025-08-17T13:33:50.4010879Z # repricer.app.logic
2025-08-17T13:33:50.4011041Z 
2025-08-17T13:33:50.4011142Z <a id="repricer.app.logic.MIN_MARGIN"></a>
2025-08-17T13:33:50.4011333Z 
2025-08-17T13:33:50.4011408Z #### MIN\_MARGIN
2025-08-17T13:33:50.4011512Z 
2025-08-17T13:33:50.4011577Z 15 % ROI
2025-08-17T13:33:50.4011668Z 
2025-08-17T13:33:50.4011774Z <a id="repricer.app.logic.compute_price"></a>
2025-08-17T13:33:50.4011957Z 
2025-08-17T13:33:50.4012085Z #### compute\_price
2025-08-17T13:33:50.4012199Z 
2025-08-17T13:33:50.4012264Z ```python
2025-08-17T13:33:50.4012519Z def compute_price(asin: str, cost: Decimal, fees: Decimal) -> Decimal
2025-08-17T13:33:50.4012818Z ```
2025-08-17T13:33:50.4012898Z 
2025-08-17T13:33:50.4013016Z Toy algorithm: ensure 15 % ROI and round to cents.
2025-08-17T13:33:50.4013294Z Replace with real competitive logic later.
2025-08-17T13:33:50.4013472Z 
2025-08-17T13:33:50.4013557Z <a id="repricer.app.main"></a>
2025-08-17T13:33:50.4013698Z 
2025-08-17T13:33:50.4013769Z # repricer.app.main
2025-08-17T13:33:50.4014061Z 
2025-08-17T13:33:50.4014145Z <a id="repricer.app"></a>
2025-08-17T13:33:50.4014276Z 
2025-08-17T13:33:50.4014348Z # repricer.app
2025-08-17T13:33:50.4014447Z 
2025-08-17T13:33:50.4014540Z <a id="repricer.tests.test_imports"></a>
2025-08-17T13:33:50.4014711Z 
2025-08-17T13:33:50.4014790Z # repricer.tests.test\_imports
2025-08-17T13:33:50.4014924Z 
2025-08-17T13:33:50.4015011Z <a id="repricer.tests.test_smoke"></a>
2025-08-17T13:33:50.4015177Z 
2025-08-17T13:33:50.4015257Z # repricer.tests.test\_smoke
2025-08-17T13:33:50.4015389Z 
2025-08-17T13:33:50.4015473Z <a id="repricer.tests"></a>
2025-08-17T13:33:50.4015600Z 
2025-08-17T13:33:50.4015666Z # repricer.tests
2025-08-17T13:33:50.4015773Z 
2025-08-17T13:33:50.4015958Z <a id="db"></a>
2025-08-17T13:33:50.4016059Z 
2025-08-17T13:33:50.4016117Z # db
2025-08-17T13:33:50.4016209Z 
2025-08-17T13:33:50.4016284Z <a id="db.utils.views"></a>
2025-08-17T13:33:50.4016410Z 
2025-08-17T13:33:50.4016479Z # db.utils.views
2025-08-17T13:33:50.4016579Z 
2025-08-17T13:33:50.4016677Z <a id="db.utils.views.replace_view"></a>
2025-08-17T13:33:50.4016842Z 
2025-08-17T13:33:50.4016916Z #### replace\_view
2025-08-17T13:33:50.4017018Z 
2025-08-17T13:33:50.4017080Z ```python
2025-08-17T13:33:50.4017278Z def replace_view(name: str, new_sql: str) -> None
2025-08-17T13:33:50.4017517Z ```
2025-08-17T13:33:50.4017605Z 
2025-08-17T13:33:50.4017692Z Drop and recreate a SQL view atomically.
2025-08-17T13:33:50.4017851Z 
2025-08-17T13:33:50.4017926Z <a id="db.utils"></a>
2025-08-17T13:33:50.4018037Z 
2025-08-17T13:33:50.4018100Z # db.utils
2025-08-17T13:33:50.4018187Z 
2025-08-17T13:33:50.4018268Z <a id="price_importer"></a>
2025-08-17T13:33:50.4018395Z 
2025-08-17T13:33:50.4018461Z # price\_importer
2025-08-17T13:33:50.4018569Z 
2025-08-17T13:33:50.4018673Z <a id="price_importer.services_common.dsn"></a>
2025-08-17T13:33:50.4018857Z 
2025-08-17T13:33:50.4018953Z # price\_importer.services\_common.dsn
2025-08-17T13:33:50.4019112Z 
2025-08-17T13:33:50.4019241Z <a id="price_importer.services_common.dsn.build_dsn"></a>
2025-08-17T13:33:50.4019571Z 
2025-08-17T13:33:50.4019641Z #### build\_dsn
2025-08-17T13:33:50.4019739Z 
2025-08-17T13:33:50.4019802Z ```python
2025-08-17T13:33:50.4019978Z def build_dsn(sync: bool = True) -> str
2025-08-17T13:33:50.4020194Z ```
2025-08-17T13:33:50.4020279Z 
2025-08-17T13:33:50.4020343Z Return safe DSN.
2025-08-17T13:33:50.4020446Z 
2025-08-17T13:33:50.4020803Z sync=True → SQLAlchemy (+psycopg) else plain asyncpg.
2025-08-17T13:33:50.4021004Z 
2025-08-17T13:33:50.4021134Z <a id="price_importer.services_common.models_vendor"></a>
2025-08-17T13:33:50.4021346Z 
2025-08-17T13:33:50.4021457Z # price\_importer.services\_common.models\_vendor
2025-08-17T13:33:50.4021644Z 
2025-08-17T13:33:50.4021751Z <a id="price_importer.services_common.db_url"></a>
2025-08-17T13:33:50.4021942Z 
2025-08-17T13:33:50.4022037Z # price\_importer.services\_common.db\_url
2025-08-17T13:33:50.4022207Z 
2025-08-17T13:33:50.4022345Z <a id="price_importer.services_common.db_url.build_url"></a>
2025-08-17T13:33:50.4022573Z 
2025-08-17T13:33:50.4022648Z #### build\_url
2025-08-17T13:33:50.4022754Z 
2025-08-17T13:33:50.4022818Z ```python
2025-08-17T13:33:50.4022988Z def build_url(async_: bool = True) -> str
2025-08-17T13:33:50.4023218Z ```
2025-08-17T13:33:50.4023298Z 
2025-08-17T13:33:50.4023403Z Return Postgres DSN from env or PG_* parts.
2025-08-17T13:33:50.4023575Z 
2025-08-17T13:33:50.4023681Z <a id="price_importer.services_common.keepa"></a>
2025-08-17T13:33:50.4023863Z 
2025-08-17T13:33:50.4023963Z # price\_importer.services\_common.keepa
2025-08-17T13:33:50.4024128Z 
2025-08-17T13:33:50.4024227Z <a id="price_importer.services_common.llm"></a>
2025-08-17T13:33:50.4024411Z 
2025-08-17T13:33:50.4024500Z # price\_importer.services\_common.llm
2025-08-17T13:33:50.4024659Z 
2025-08-17T13:33:50.4024779Z <a id="price_importer.services_common.settings"></a>
2025-08-17T13:33:50.4024969Z 
2025-08-17T13:33:50.4025067Z # price\_importer.services\_common.settings
2025-08-17T13:33:50.4025238Z 
2025-08-17T13:33:50.4025465Z <a id="price_importer.services_common.db"></a>
2025-08-17T13:33:50.4025644Z 
2025-08-17T13:33:50.4025733Z # price\_importer.services\_common.db
2025-08-17T13:33:50.4026083Z 
2025-08-17T13:33:50.4026259Z <a id="price_importer.services_common.db.build_sqlalchemy_url"></a>
2025-08-17T13:33:50.4026501Z 
2025-08-17T13:33:50.4026584Z #### build\_sqlalchemy\_url
2025-08-17T13:33:50.4026715Z 
2025-08-17T13:33:50.4026780Z ```python
2025-08-17T13:33:50.4026952Z def build_sqlalchemy_url() -> str
2025-08-17T13:33:50.4027154Z ```
2025-08-17T13:33:50.4027237Z 
2025-08-17T13:33:50.4027328Z Return Postgres URL for SQLAlchemy engines.
2025-08-17T13:33:50.4027494Z 
2025-08-17T13:33:50.4027638Z <a id="price_importer.services_common.db.build_asyncpg_dsn"></a>
2025-08-17T13:33:50.4027869Z 
2025-08-17T13:33:50.4027941Z #### build\_asyncpg\_dsn
2025-08-17T13:33:50.4028064Z 
2025-08-17T13:33:50.4028136Z ```python
2025-08-17T13:33:50.4028300Z def build_asyncpg_dsn() -> str
2025-08-17T13:33:50.4028498Z ```
2025-08-17T13:33:50.4028590Z 
2025-08-17T13:33:50.4028714Z Return DSN suitable for asyncpg (without driver suffix).
2025-08-17T13:33:50.4028929Z 
2025-08-17T13:33:50.4029053Z <a id="price_importer.services_common.db.refresh_mvs"></a>
2025-08-17T13:33:50.4029258Z 
2025-08-17T13:33:50.4029328Z #### refresh\_mvs
2025-08-17T13:33:50.4029431Z 
2025-08-17T13:33:50.4029491Z ```python
2025-08-17T13:33:50.4029686Z def refresh_mvs(conn: Engine | Connection) -> None
2025-08-17T13:33:50.4029931Z ```
2025-08-17T13:33:50.4030015Z 
2025-08-17T13:33:50.4030149Z Refresh materialized views, using CONCURRENTLY when safe.
2025-08-17T13:33:50.4030358Z 
2025-08-17T13:33:50.4030452Z <a id="price_importer.services_common"></a>
2025-08-17T13:33:50.4030630Z 
2025-08-17T13:33:50.4030716Z # price\_importer.services\_common
2025-08-17T13:33:50.4030867Z 
2025-08-17T13:33:50.4030975Z <a id="price_importer.services_common.base"></a>
2025-08-17T13:33:50.4031158Z 
2025-08-17T13:33:50.4031249Z # price\_importer.services\_common.base
2025-08-17T13:33:50.4031542Z 
2025-08-17T13:33:50.4031633Z <a id="price_importer.normaliser"></a>
2025-08-17T13:33:50.4031793Z 
2025-08-17T13:33:50.4031876Z # price\_importer.normaliser
2025-08-17T13:33:50.4032017Z 
2025-08-17T13:33:50.4032119Z <a id="price_importer.common.models_vendor"></a>
2025-08-17T13:33:50.4032297Z 
2025-08-17T13:33:50.4032392Z # price\_importer.common.models\_vendor
2025-08-17T13:33:50.4032551Z 
2025-08-17T13:33:50.4032641Z <a id="price_importer.common.db_url"></a>
2025-08-17T13:33:50.4032813Z 
2025-08-17T13:33:50.4032896Z # price\_importer.common.db\_url
2025-08-17T13:33:50.4033041Z 
2025-08-17T13:33:50.4033146Z <a id="price_importer.common.db_url.make_dsn"></a>
2025-08-17T13:33:50.4033334Z 
2025-08-17T13:33:50.4033398Z #### make\_dsn
2025-08-17T13:33:50.4033493Z 
2025-08-17T13:33:50.4033559Z ```python
2025-08-17T13:33:50.4033728Z def make_dsn(async_: bool = False) -> str
2025-08-17T13:33:50.4033951Z ```
2025-08-17T13:33:50.4034030Z 
2025-08-17T13:33:50.4034146Z Return DSN built from either PG_* or POSTGRES_* vars.
2025-08-17T13:33:50.4034356Z 
2025-08-17T13:33:50.4034464Z <a id="price_importer.common.db_url.build_url"></a>
2025-08-17T13:33:50.4034649Z 
2025-08-17T13:33:50.4034712Z #### build\_url
2025-08-17T13:33:50.4034814Z 
2025-08-17T13:33:50.4034876Z ```python
2025-08-17T13:33:50.4035054Z def build_url(async_: bool = False) -> str
2025-08-17T13:33:50.4035275Z ```
2025-08-17T13:33:50.4035353Z 
2025-08-17T13:33:50.4035478Z Return Postgres DSN built from environment variables.
2025-08-17T13:33:50.4035671Z 
2025-08-17T13:33:50.4035755Z <a id="price_importer.common"></a>
2025-08-17T13:33:50.4036027Z 
2025-08-17T13:33:50.4036105Z # price\_importer.common
2025-08-17T13:33:50.4036230Z 
2025-08-17T13:33:50.4036325Z <a id="price_importer.common.base"></a>
2025-08-17T13:33:50.4036486Z 
2025-08-17T13:33:50.4036568Z # price\_importer.common.base
2025-08-17T13:33:50.4036706Z 
2025-08-17T13:33:50.4036811Z <a id="price_importer.tests.conftest"></a>
2025-08-17T13:33:50.4036980Z 
2025-08-17T13:33:50.4037220Z # price\_importer.tests.conftest
2025-08-17T13:33:50.4037390Z 
2025-08-17T13:33:50.4037496Z <a id="price_importer.tests.test_reader"></a>
2025-08-17T13:33:50.4037674Z 
2025-08-17T13:33:50.4037765Z # price\_importer.tests.test\_reader
2025-08-17T13:33:50.4037923Z 
2025-08-17T13:33:50.4038024Z <a id="price_importer.tests.test_imports"></a>
2025-08-17T13:33:50.4038201Z 
2025-08-17T13:33:50.4038297Z # price\_importer.tests.test\_imports
2025-08-17T13:33:50.4038461Z 
2025-08-17T13:33:50.4038554Z <a id="price_importer.tests.test_smoke"></a>
2025-08-17T13:33:50.4038728Z 
2025-08-17T13:33:50.4038812Z # price\_importer.tests.test\_smoke
2025-08-17T13:33:50.4038965Z 
2025-08-17T13:33:50.4039075Z <a id="price_importer.tests.test_normaliser"></a>
2025-08-17T13:33:50.4039256Z 
2025-08-17T13:33:50.4039348Z # price\_importer.tests.test\_normaliser
2025-08-17T13:33:50.4039516Z 
2025-08-17T13:33:50.4039604Z <a id="price_importer.tests"></a>
2025-08-17T13:33:50.4039751Z 
2025-08-17T13:33:50.4039825Z # price\_importer.tests
2025-08-17T13:33:50.4039956Z 
2025-08-17T13:33:50.4040041Z <a id="price_importer.reader"></a>
2025-08-17T13:33:50.4040188Z 
2025-08-17T13:33:50.4040269Z # price\_importer.reader
2025-08-17T13:33:50.4040391Z 
2025-08-17T13:33:50.4040487Z <a id="price_importer.reader.load_file"></a>
2025-08-17T13:33:50.4040656Z 
2025-08-17T13:33:50.4040725Z #### load\_file
2025-08-17T13:33:50.4040823Z 
2025-08-17T13:33:50.4040884Z ```python
2025-08-17T13:33:50.4041062Z def load_file(path: str | Path) -> Any
2025-08-17T13:33:50.4041275Z ```
2025-08-17T13:33:50.4041361Z 
2025-08-17T13:33:50.4041448Z Return DataFrame from CSV or Excel file.
2025-08-17T13:33:50.4041610Z 
2025-08-17T13:33:50.4041717Z Raises RuntimeError if pandas is unavailable.
2025-08-17T13:33:50.4041897Z 
2025-08-17T13:33:50.4041987Z <a id="price_importer.repository"></a>
2025-08-17T13:33:50.4042153Z 
2025-08-17T13:33:50.4042236Z # price\_importer.repository
2025-08-17T13:33:50.4042371Z 
2025-08-17T13:33:50.4042455Z <a id="price_importer.import"></a>
2025-08-17T13:33:50.4042607Z 
2025-08-17T13:33:50.4042806Z # price\_importer.import
2025-08-17T13:33:50.4042928Z 
2025-08-17T13:33:50.4043005Z <a id="fees_h10"></a>
2025-08-17T13:33:50.4043115Z 
2025-08-17T13:33:50.4043178Z # fees\_h10
2025-08-17T13:33:50.4043267Z 
2025-08-17T13:33:50.4043347Z <a id="fees_h10.worker"></a>
2025-08-17T13:33:50.4043474Z 
2025-08-17T13:33:50.4043540Z # fees\_h10.worker
2025-08-17T13:33:50.4043646Z 
2025-08-17T13:33:50.4043741Z <a id="fees_h10.worker.list_active_asins"></a>
2025-08-17T13:33:50.4043912Z 
2025-08-17T13:33:50.4043992Z #### list\_active\_asins
2025-08-17T13:33:50.4044109Z 
2025-08-17T13:33:50.4044172Z ```python
2025-08-17T13:33:50.4044343Z def list_active_asins() -> list[str]
2025-08-17T13:33:50.4044549Z ```
2025-08-17T13:33:50.4044628Z 
2025-08-17T13:33:50.4044744Z Return known ASINs or an empty list if unavailable.
2025-08-17T13:33:50.4044936Z 
2025-08-17T13:33:50.4045017Z <a id="fees_h10.tests.test_smoke"></a>
2025-08-17T13:33:50.4045177Z 
2025-08-17T13:33:50.4045254Z # fees\_h10.tests.test\_smoke
2025-08-17T13:33:50.4045395Z 
2025-08-17T13:33:50.4045476Z <a id="fees_h10.tests"></a>
2025-08-17T13:33:50.4045603Z 
2025-08-17T13:33:50.4045666Z # fees\_h10.tests
2025-08-17T13:33:50.4045766Z 
2025-08-17T13:33:50.4045945Z <a id="fees_h10.client"></a>
2025-08-17T13:33:50.4046076Z 
2025-08-17T13:33:50.4046140Z # fees\_h10.client
2025-08-17T13:33:50.4046246Z 
2025-08-17T13:33:50.4046326Z <a id="fees_h10.repository"></a>
2025-08-17T13:33:50.4046465Z 
2025-08-17T13:33:50.4046543Z # fees\_h10.repository
2025-08-17T13:33:50.4046656Z 
2025-08-17T13:33:50.4046724Z <a id="emailer"></a>
2025-08-17T13:33:50.4046833Z 
2025-08-17T13:33:50.4046903Z # emailer
2025-08-17T13:33:50.4046989Z 
2025-08-17T13:33:50.4047087Z <a id="emailer.tests.test_import_emailer"></a>
2025-08-17T13:33:50.4047268Z 
2025-08-17T13:33:50.4047355Z # emailer.tests.test\_import\_emailer
2025-08-17T13:33:50.4047509Z 
2025-08-17T13:33:50.4047593Z <a id="emailer.tests.test_smoke"></a>
2025-08-17T13:33:50.4047751Z 
2025-08-17T13:33:50.4047943Z # emailer.tests.test\_smoke
2025-08-17T13:33:50.4048080Z 
2025-08-17T13:33:50.4048163Z <a id="emailer.tests"></a>
2025-08-17T13:33:50.4048290Z 
2025-08-17T13:33:50.4048357Z # emailer.tests
2025-08-17T13:33:50.4048462Z 
2025-08-17T13:33:50.4048554Z <a id="emailer.generate_body"></a>
2025-08-17T13:33:50.4048701Z 
2025-08-17T13:33:50.4048777Z # emailer.generate\_body
2025-08-17T13:33:50.4048909Z 
2025-08-17T13:33:50.4048979Z <a id="llm_server"></a>
2025-08-17T13:33:50.4049093Z 
2025-08-17T13:33:50.4049161Z # llm\_server
2025-08-17T13:33:50.4049255Z 
2025-08-17T13:33:50.4049330Z <a id="llm_server.app"></a>
2025-08-17T13:33:50.4049462Z 
2025-08-17T13:33:50.4049528Z # llm\_server.app
2025-08-17T13:33:50.4049629Z 
2025-08-17T13:33:50.4518297Z ##[group]Run peaceiris/actions-gh-pages@v3
2025-08-17T13:33:50.4518596Z with:
2025-08-17T13:33:50.4519048Z   github_token: ***
2025-08-17T13:33:50.4519264Z   publish_branch: gh-pages
2025-08-17T13:33:50.4519474Z   publish_dir: docs/api
2025-08-17T13:33:50.4519685Z   allow_empty_commit: false
2025-08-17T13:33:50.4519902Z   keep_files: false
2025-08-17T13:33:50.4520084Z   force_orphan: false
2025-08-17T13:33:50.4520268Z   enable_jekyll: false
2025-08-17T13:33:50.4520462Z   disable_nojekyll: false
2025-08-17T13:33:50.4520656Z   exclude_assets: .github
2025-08-17T13:33:50.4520845Z env:
2025-08-17T13:33:50.4521077Z   pythonLocation: /opt/hostedtoolcache/Python/3.11.13/x64
2025-08-17T13:33:50.4521469Z   PKG_CONFIG_PATH: /opt/hostedtoolcache/Python/3.11.13/x64/lib/pkgconfig
2025-08-17T13:33:50.4521868Z   Python_ROOT_DIR: /opt/hostedtoolcache/Python/3.11.13/x64
2025-08-17T13:33:50.4522203Z   Python2_ROOT_DIR: /opt/hostedtoolcache/Python/3.11.13/x64
2025-08-17T13:33:50.4522576Z   Python3_ROOT_DIR: /opt/hostedtoolcache/Python/3.11.13/x64
2025-08-17T13:33:50.4522916Z   LD_LIBRARY_PATH: /opt/hostedtoolcache/Python/3.11.13/x64/lib
2025-08-17T13:33:50.4523206Z ##[endgroup]
2025-08-17T13:33:50.5150993Z [INFO] Usage https://github.com/peaceiris/actions-gh-pages#readme
2025-08-17T13:33:50.5156604Z ##[group]Dump inputs
2025-08-17T13:33:50.5157277Z [INFO] GithubToken: true
2025-08-17T13:33:50.5157510Z [INFO] PublishBranch: gh-pages
2025-08-17T13:33:50.5157830Z [INFO] PublishDir: docs/api
2025-08-17T13:33:50.5158126Z [INFO] DestinationDir: 
2025-08-17T13:33:50.5158336Z [INFO] ExternalRepository: 
2025-08-17T13:33:50.5158569Z [INFO] AllowEmptyCommit: false
2025-08-17T13:33:50.5158789Z [INFO] KeepFiles: false
2025-08-17T13:33:50.5158999Z [INFO] ForceOrphan: false
2025-08-17T13:33:50.5159195Z [INFO] UserName: 
2025-08-17T13:33:50.5159378Z [INFO] UserEmail: 
2025-08-17T13:33:50.5159564Z [INFO] CommitMessage: 
2025-08-17T13:33:50.5159771Z [INFO] FullCommitMessage: 
2025-08-17T13:33:50.5160090Z [INFO] TagName: 
2025-08-17T13:33:50.5160304Z [INFO] TagMessage: 
2025-08-17T13:33:50.5160688Z [INFO] EnableJekyll (DisableNoJekyll): false
2025-08-17T13:33:50.5160958Z [INFO] CNAME: 
2025-08-17T13:33:50.5161146Z [INFO] ExcludeAssets .github
2025-08-17T13:33:50.5161294Z 
2025-08-17T13:33:50.5161588Z ##[endgroup]
2025-08-17T13:33:50.5162085Z ##[group]Setup auth token
2025-08-17T13:33:50.5162381Z [INFO] setup GITHUB_TOKEN
2025-08-17T13:33:50.5163221Z ##[endgroup]
2025-08-17T13:33:50.5163651Z ##[group]Prepare publishing assets
2025-08-17T13:33:50.5168028Z [INFO] ForceOrphan: false
2025-08-17T13:33:50.5216451Z [command]/usr/bin/git clone --depth=1 --single-branch --branch gh-pages ***github.com/AlexBomber12/AWA-App.git /home/runner/actions_github_pages_1755437630516
2025-08-17T13:33:50.5253393Z Cloning into '/home/runner/actions_github_pages_1755437630516'...
2025-08-17T13:33:50.9584831Z [INFO] clean up /home/runner/actions_github_pages_1755437630516
2025-08-17T13:33:50.9585517Z [INFO] chdir /home/runner/actions_github_pages_1755437630516
2025-08-17T13:33:50.9597532Z [command]/usr/bin/git rm -r --ignore-unmatch *
2025-08-17T13:33:50.9623920Z rm '.gitkeep'
2025-08-17T13:33:50.9624229Z rm '.nojekyll'
2025-08-17T13:33:50.9629131Z [INFO] chdir /home/runner/actions_github_pages_1755437630516
2025-08-17T13:33:50.9629897Z [INFO] prepare publishing assets
2025-08-17T13:33:50.9631302Z [INFO] copy /home/runner/work/AWA-App/AWA-App/docs/api to /home/runner/actions_github_pages_1755437630516
2025-08-17T13:33:50.9661637Z cp: no such file or directory: /home/runner/work/AWA-App/AWA-App/docs/api/*
2025-08-17T13:33:50.9671100Z [INFO] delete excluded assets
2025-08-17T13:33:50.9699281Z rm: no paths given
2025-08-17T13:33:50.9701215Z [INFO] Created /home/runner/actions_github_pages_1755437630516/.nojekyll
2025-08-17T13:33:50.9702540Z ##[endgroup]
2025-08-17T13:33:50.9703041Z ##[group]Setup Git config
2025-08-17T13:33:50.9716534Z [command]/usr/bin/git remote rm origin
2025-08-17T13:33:50.9765151Z [command]/usr/bin/git remote add origin ***github.com/AlexBomber12/AWA-App.git
2025-08-17T13:33:50.9805475Z [command]/usr/bin/git add --all
2025-08-17T13:33:50.9848629Z [command]/usr/bin/git config user.name AlexBomber12
2025-08-17T13:33:50.9889864Z [command]/usr/bin/git config user.email AlexBomber12@users.noreply.github.com
2025-08-17T13:33:50.9916840Z ##[endgroup]
2025-08-17T13:33:50.9917386Z ##[group]Create a commit
2025-08-17T13:33:50.9929139Z [command]/usr/bin/git commit -m deploy: 3c0f77aa2234b348e9784e0c17e65f4e18308735
2025-08-17T13:33:50.9956240Z On branch gh-pages
2025-08-17T13:33:50.9956547Z nothing to commit, working tree clean
2025-08-17T13:33:50.9961035Z [INFO] skip commit
2025-08-17T13:33:50.9961695Z ##[endgroup]
2025-08-17T13:33:50.9962064Z ##[group]Push the commit or tag
2025-08-17T13:33:50.9974994Z [command]/usr/bin/git push origin gh-pages
2025-08-17T13:33:51.3644974Z Everything up-to-date
2025-08-17T13:33:51.3680678Z ##[endgroup]
2025-08-17T13:33:51.3681014Z [INFO] Action successfully completed
2025-08-17T13:33:51.3773042Z Post job cleanup.
2025-08-17T13:33:51.5380124Z Post job cleanup.
2025-08-17T13:33:51.6308634Z [command]/usr/bin/git version
2025-08-17T13:33:51.6345102Z git version 2.50.1
2025-08-17T13:33:51.6395409Z Temporarily overriding HOME='/home/runner/work/_temp/386e8fe4-bb63-470a-ab2b-2da2cb7bf2d1' before making global git config changes
2025-08-17T13:33:51.6397222Z Adding repository directory to the temporary git global config as a safe directory
2025-08-17T13:33:51.6400988Z [command]/usr/bin/git config --global --add safe.directory /home/runner/work/AWA-App/AWA-App
2025-08-17T13:33:51.6436440Z [command]/usr/bin/git config --local --name-only --get-regexp core\.sshCommand
2025-08-17T13:33:51.6469424Z [command]/usr/bin/git submodule foreach --recursive sh -c "git config --local --name-only --get-regexp 'core\.sshCommand' && git config --local --unset-all 'core.sshCommand' || :"
2025-08-17T13:33:51.6697291Z [command]/usr/bin/git config --local --name-only --get-regexp http\.https\:\/\/github\.com\/\.extraheader
2025-08-17T13:33:51.6718159Z http.https://github.com/.extraheader
2025-08-17T13:33:51.6730396Z [command]/usr/bin/git config --local --unset-all http.https://github.com/.extraheader
2025-08-17T13:33:51.6760037Z [command]/usr/bin/git submodule foreach --recursive sh -c "git config --local --name-only --get-regexp 'http\.https\:\/\/github\.com\/\.extraheader' && git config --local --unset-all 'http.https://github.com/.extraheader' || :"
2025-08-17T13:33:51.7094196Z Cleaning up orphan processes
