2025-08-17T02:10:02.6070533Z Current runner version: '2.327.1'
2025-08-17T02:10:02.6095280Z ##[group]Runner Image Provisioner
2025-08-17T02:10:02.6096125Z Hosted Compute Agent
2025-08-17T02:10:02.6096673Z Version: 20250812.370
2025-08-17T02:10:02.6097386Z Commit: 4a2b2bf7520004e3e907c2150c8cabe342a3da32
2025-08-17T02:10:02.6098070Z Build Date: 2025-08-12T16:08:14Z
2025-08-17T02:10:02.6098698Z ##[endgroup]
2025-08-17T02:10:02.6099473Z ##[group]Operating System
2025-08-17T02:10:02.6100110Z Ubuntu
2025-08-17T02:10:02.6100627Z 24.04.2
2025-08-17T02:10:02.6101152Z LTS
2025-08-17T02:10:02.6101657Z ##[endgroup]
2025-08-17T02:10:02.6102144Z ##[group]Runner Image
2025-08-17T02:10:02.6102861Z Image: ubuntu-24.04
2025-08-17T02:10:02.6103405Z Version: 20250810.1.0
2025-08-17T02:10:02.6104416Z Included Software: https://github.com/actions/runner-images/blob/ubuntu24/20250810.1/images/ubuntu/Ubuntu2404-Readme.md
2025-08-17T02:10:02.6105971Z Image Release: https://github.com/actions/runner-images/releases/tag/ubuntu24%2F20250810.1
2025-08-17T02:10:02.6106944Z ##[endgroup]
2025-08-17T02:10:02.6109656Z ##[group]GITHUB_TOKEN Permissions
2025-08-17T02:10:02.6111654Z Actions: write
2025-08-17T02:10:02.6112178Z Attestations: write
2025-08-17T02:10:02.6112820Z Checks: write
2025-08-17T02:10:02.6113307Z Contents: write
2025-08-17T02:10:02.6113869Z Deployments: write
2025-08-17T02:10:02.6114453Z Discussions: write
2025-08-17T02:10:02.6115002Z Issues: write
2025-08-17T02:10:02.6115495Z Metadata: read
2025-08-17T02:10:02.6116034Z Models: read
2025-08-17T02:10:02.6116537Z Packages: write
2025-08-17T02:10:02.6117062Z Pages: write
2025-08-17T02:10:02.6117670Z PullRequests: write
2025-08-17T02:10:02.6118192Z RepositoryProjects: write
2025-08-17T02:10:02.6118773Z SecurityEvents: write
2025-08-17T02:10:02.6119646Z Statuses: write
2025-08-17T02:10:02.6120153Z ##[endgroup]
2025-08-17T02:10:02.6122364Z Secret source: Actions
2025-08-17T02:10:02.6123130Z Prepare workflow directory
2025-08-17T02:10:02.6450711Z Prepare all required actions
2025-08-17T02:10:02.6488500Z Getting action download info
2025-08-17T02:10:03.2036484Z Download action repository 'actions/checkout@v4' (SHA:08eba0b27e820071cde6df949e0beb9ba4906955)
2025-08-17T02:10:03.7812876Z Download action repository 'actions/setup-python@v5' (SHA:a26af69be951a213d495a4c3e4e4022e16d87065)
2025-08-17T02:10:04.3688336Z Download action repository 'peaceiris/actions-gh-pages@v3' (SHA:373f7f263a76c20808c831209c920827a82a2847)
2025-08-17T02:10:04.9935415Z Complete job name: publish
2025-08-17T02:10:05.0606186Z ##[group]Run actions/checkout@v4
2025-08-17T02:10:05.0606881Z with:
2025-08-17T02:10:05.0607172Z   repository: AlexBomber12/AWA-App
2025-08-17T02:10:05.0607680Z   token: ***
2025-08-17T02:10:05.0607942Z   ssh-strict: true
2025-08-17T02:10:05.0608203Z   ssh-user: git
2025-08-17T02:10:05.0608479Z   persist-credentials: true
2025-08-17T02:10:05.0608777Z   clean: true
2025-08-17T02:10:05.0609056Z   sparse-checkout-cone-mode: true
2025-08-17T02:10:05.0609539Z   fetch-depth: 1
2025-08-17T02:10:05.0609798Z   fetch-tags: false
2025-08-17T02:10:05.0610094Z   show-progress: true
2025-08-17T02:10:05.0610373Z   lfs: false
2025-08-17T02:10:05.0610626Z   submodules: false
2025-08-17T02:10:05.0610902Z   set-safe-directory: true
2025-08-17T02:10:05.0611429Z ##[endgroup]
2025-08-17T02:10:05.1698583Z Syncing repository: AlexBomber12/AWA-App
2025-08-17T02:10:05.1700477Z ##[group]Getting Git version info
2025-08-17T02:10:05.1701039Z Working directory is '/home/runner/work/AWA-App/AWA-App'
2025-08-17T02:10:05.1701889Z [command]/usr/bin/git version
2025-08-17T02:10:05.1740706Z git version 2.50.1
2025-08-17T02:10:05.1768034Z ##[endgroup]
2025-08-17T02:10:05.1784517Z Temporarily overriding HOME='/home/runner/work/_temp/db3b95d3-9afd-4818-80d7-47f92d6e93eb' before making global git config changes
2025-08-17T02:10:05.1786194Z Adding repository directory to the temporary git global config as a safe directory
2025-08-17T02:10:05.1791278Z [command]/usr/bin/git config --global --add safe.directory /home/runner/work/AWA-App/AWA-App
2025-08-17T02:10:05.1831343Z Deleting the contents of '/home/runner/work/AWA-App/AWA-App'
2025-08-17T02:10:05.1835166Z ##[group]Initializing the repository
2025-08-17T02:10:05.1840107Z [command]/usr/bin/git init /home/runner/work/AWA-App/AWA-App
2025-08-17T02:10:05.1935391Z hint: Using 'master' as the name for the initial branch. This default branch name
2025-08-17T02:10:05.1936634Z hint: is subject to change. To configure the initial branch name to use in all
2025-08-17T02:10:05.1937850Z hint: of your new repositories, which will suppress this warning, call:
2025-08-17T02:10:05.1938743Z hint:
2025-08-17T02:10:05.1939752Z hint: 	git config --global init.defaultBranch <name>
2025-08-17T02:10:05.1940303Z hint:
2025-08-17T02:10:05.1941120Z hint: Names commonly chosen instead of 'master' are 'main', 'trunk' and
2025-08-17T02:10:05.1941932Z hint: 'development'. The just-created branch can be renamed via this command:
2025-08-17T02:10:05.1942525Z hint:
2025-08-17T02:10:05.1942871Z hint: 	git branch -m <name>
2025-08-17T02:10:05.1943254Z hint:
2025-08-17T02:10:05.1944100Z hint: Disable this message with "git config set advice.defaultBranchName false"
2025-08-17T02:10:05.1945174Z Initialized empty Git repository in /home/runner/work/AWA-App/AWA-App/.git/
2025-08-17T02:10:05.1953322Z [command]/usr/bin/git remote add origin https://github.com/AlexBomber12/AWA-App
2025-08-17T02:10:05.1993253Z ##[endgroup]
2025-08-17T02:10:05.1994250Z ##[group]Disabling automatic garbage collection
2025-08-17T02:10:05.1998578Z [command]/usr/bin/git config --local gc.auto 0
2025-08-17T02:10:05.2032065Z ##[endgroup]
2025-08-17T02:10:05.2033065Z ##[group]Setting up auth
2025-08-17T02:10:05.2039872Z [command]/usr/bin/git config --local --name-only --get-regexp core\.sshCommand
2025-08-17T02:10:05.2076826Z [command]/usr/bin/git submodule foreach --recursive sh -c "git config --local --name-only --get-regexp 'core\.sshCommand' && git config --local --unset-all 'core.sshCommand' || :"
2025-08-17T02:10:05.2417439Z [command]/usr/bin/git config --local --name-only --get-regexp http\.https\:\/\/github\.com\/\.extraheader
2025-08-17T02:10:05.2448962Z [command]/usr/bin/git submodule foreach --recursive sh -c "git config --local --name-only --get-regexp 'http\.https\:\/\/github\.com\/\.extraheader' && git config --local --unset-all 'http.https://github.com/.extraheader' || :"
2025-08-17T02:10:05.2683224Z [command]/usr/bin/git config --local http.https://github.com/.extraheader AUTHORIZATION: basic ***
2025-08-17T02:10:05.2720508Z ##[endgroup]
2025-08-17T02:10:05.2721337Z ##[group]Fetching the repository
2025-08-17T02:10:05.2728659Z [command]/usr/bin/git -c protocol.version=2 fetch --no-tags --prune --no-recurse-submodules --depth=1 origin +aed844b3745fef5316ad4f656e3be9e5631db87b:refs/remotes/pull/219/merge
2025-08-17T02:10:05.7484782Z From https://github.com/AlexBomber12/AWA-App
2025-08-17T02:10:05.7485858Z  * [new ref]         aed844b3745fef5316ad4f656e3be9e5631db87b -> pull/219/merge
2025-08-17T02:10:05.7510572Z ##[endgroup]
2025-08-17T02:10:05.7511507Z ##[group]Determining the checkout info
2025-08-17T02:10:05.7513291Z ##[endgroup]
2025-08-17T02:10:05.7518886Z [command]/usr/bin/git sparse-checkout disable
2025-08-17T02:10:05.7558099Z [command]/usr/bin/git config --local --unset-all extensions.worktreeConfig
2025-08-17T02:10:05.7588225Z ##[group]Checking out the ref
2025-08-17T02:10:05.7592872Z [command]/usr/bin/git checkout --progress --force refs/remotes/pull/219/merge
2025-08-17T02:10:05.7864377Z Note: switching to 'refs/remotes/pull/219/merge'.
2025-08-17T02:10:05.7865053Z 
2025-08-17T02:10:05.7866068Z You are in 'detached HEAD' state. You can look around, make experimental
2025-08-17T02:10:05.7867389Z changes and commit them, and you can discard any commits you make in this
2025-08-17T02:10:05.7868645Z state without impacting any branches by switching back to a branch.
2025-08-17T02:10:05.7869152Z 
2025-08-17T02:10:05.7869814Z If you want to create a new branch to retain commits you create, you may
2025-08-17T02:10:05.7870581Z do so (now or later) by using -c with the switch command. Example:
2025-08-17T02:10:05.7871403Z 
2025-08-17T02:10:05.7871612Z   git switch -c <new-branch-name>
2025-08-17T02:10:05.7871940Z 
2025-08-17T02:10:05.7872209Z Or undo this operation with:
2025-08-17T02:10:05.7872670Z 
2025-08-17T02:10:05.7872935Z   git switch -
2025-08-17T02:10:05.7873378Z 
2025-08-17T02:10:05.7873922Z Turn off this advice by setting config variable advice.detachedHead to false
2025-08-17T02:10:05.7874375Z 
2025-08-17T02:10:05.7874877Z HEAD is now at aed844b Merge 2803949c460dbed276807d843ffc99f25db7f31e into 541c5365d442a572ab551db01523d3908e4fa547
2025-08-17T02:10:05.7876647Z ##[endgroup]
2025-08-17T02:10:05.7911988Z [command]/usr/bin/git log -1 --format=%H
2025-08-17T02:10:05.7933688Z aed844b3745fef5316ad4f656e3be9e5631db87b
2025-08-17T02:10:05.8168380Z ##[group]Run actions/setup-python@v5
2025-08-17T02:10:05.8168782Z with:
2025-08-17T02:10:05.8169058Z   python-version: 3.11
2025-08-17T02:10:05.8169522Z   check-latest: false
2025-08-17T02:10:05.8169959Z   token: ***
2025-08-17T02:10:05.8170280Z   update-environment: true
2025-08-17T02:10:05.8170618Z   allow-prereleases: false
2025-08-17T02:10:05.8170930Z   freethreaded: false
2025-08-17T02:10:05.8171222Z ##[endgroup]
2025-08-17T02:10:05.9841766Z ##[group]Installed versions
2025-08-17T02:10:05.9939196Z Successfully set up CPython (3.11.13)
2025-08-17T02:10:05.9940389Z ##[endgroup]
2025-08-17T02:10:06.0062191Z ##[group]Run pip install pydoc-markdown
2025-08-17T02:10:06.0062689Z [36;1mpip install pydoc-markdown[0m
2025-08-17T02:10:06.0281331Z shell: /usr/bin/bash -e {0}
2025-08-17T02:10:06.0347241Z env:
2025-08-17T02:10:06.0347906Z   pythonLocation: /opt/hostedtoolcache/Python/3.11.13/x64
2025-08-17T02:10:06.0349031Z   PKG_CONFIG_PATH: /opt/hostedtoolcache/Python/3.11.13/x64/lib/pkgconfig
2025-08-17T02:10:06.0350185Z   Python_ROOT_DIR: /opt/hostedtoolcache/Python/3.11.13/x64
2025-08-17T02:10:06.0351134Z   Python2_ROOT_DIR: /opt/hostedtoolcache/Python/3.11.13/x64
2025-08-17T02:10:06.0351961Z   Python3_ROOT_DIR: /opt/hostedtoolcache/Python/3.11.13/x64
2025-08-17T02:10:06.0352876Z   LD_LIBRARY_PATH: /opt/hostedtoolcache/Python/3.11.13/x64/lib
2025-08-17T02:10:06.0353619Z ##[endgroup]
2025-08-17T02:10:08.3814058Z Collecting pydoc-markdown
2025-08-17T02:10:08.4185205Z   Downloading pydoc_markdown-4.8.2-py3-none-any.whl.metadata (5.9 kB)
2025-08-17T02:10:08.4640666Z Collecting PyYAML<7.0,>=5.0 (from pydoc-markdown)
2025-08-17T02:10:08.4675309Z   Downloading PyYAML-6.0.2-cp311-cp311-manylinux_2_17_x86_64.manylinux2014_x86_64.whl.metadata (2.1 kB)
2025-08-17T02:10:08.4884160Z Collecting click<9.0,>=7.1 (from pydoc-markdown)
2025-08-17T02:10:08.4923637Z   Downloading click-8.2.1-py3-none-any.whl.metadata (2.5 kB)
2025-08-17T02:10:08.5148699Z Collecting databind.core<5.0.0,>=4.4.0 (from pydoc-markdown)
2025-08-17T02:10:08.5197833Z   Downloading databind.core-4.5.2-py3-none-any.whl.metadata (1.1 kB)
2025-08-17T02:10:08.5433585Z Collecting databind.json<5.0.0,>=4.4.0 (from pydoc-markdown)
2025-08-17T02:10:08.5477728Z   Downloading databind.json-4.5.2-py3-none-any.whl.metadata (1.1 kB)
2025-08-17T02:10:08.5723258Z Collecting docspec<3.0.0,>=2.2.1 (from pydoc-markdown)
2025-08-17T02:10:08.5766439Z   Downloading docspec-2.2.2-py3-none-any.whl.metadata (1.0 kB)
2025-08-17T02:10:08.5915412Z Collecting docspec-python<3.0.0,>=2.2.1 (from pydoc-markdown)
2025-08-17T02:10:08.5966919Z   Downloading docspec_python-2.2.2-py3-none-any.whl.metadata (1.0 kB)
2025-08-17T02:10:08.6099470Z Collecting docstring-parser<0.12,>=0.11 (from pydoc-markdown)
2025-08-17T02:10:08.6131775Z   Downloading docstring_parser-0.11.tar.gz (22 kB)
2025-08-17T02:10:08.6271362Z   Installing build dependencies: started
2025-08-17T02:10:09.3948083Z   Installing build dependencies: finished with status 'done'
2025-08-17T02:10:09.3953876Z   Getting requirements to build wheel: started
2025-08-17T02:10:09.7672926Z   Getting requirements to build wheel: finished with status 'done'
2025-08-17T02:10:09.7681927Z   Preparing metadata (pyproject.toml): started
2025-08-17T02:10:09.9480147Z   Preparing metadata (pyproject.toml): finished with status 'done'
2025-08-17T02:10:09.9638542Z Collecting jinja2<4.0.0,>=3.0.0 (from pydoc-markdown)
2025-08-17T02:10:09.9668088Z   Downloading jinja2-3.1.6-py3-none-any.whl.metadata (2.9 kB)
2025-08-17T02:10:09.9847471Z Collecting nr.util<1.0.0,>=0.7.5 (from pydoc-markdown)
2025-08-17T02:10:09.9895378Z   Downloading nr.util-0.8.12-py3-none-any.whl.metadata (813 bytes)
2025-08-17T02:10:10.0147527Z Collecting requests<3.0.0,>=2.23.0 (from pydoc-markdown)
2025-08-17T02:10:10.0178646Z   Downloading requests-2.32.4-py3-none-any.whl.metadata (4.9 kB)
2025-08-17T02:10:10.0331977Z Collecting tomli<3.0.0,>=2.0.0 (from pydoc-markdown)
2025-08-17T02:10:10.0371194Z   Downloading tomli-2.2.1-cp311-cp311-manylinux_2_17_x86_64.manylinux2014_x86_64.whl.metadata (11 kB)
2025-08-17T02:10:10.0520102Z Collecting tomli_w<2.0.0,>=1.0.0 (from pydoc-markdown)
2025-08-17T02:10:10.0557044Z   Downloading tomli_w-1.2.0-py3-none-any.whl.metadata (5.7 kB)
2025-08-17T02:10:10.1120188Z Collecting watchdog (from pydoc-markdown)
2025-08-17T02:10:10.1160435Z   Downloading watchdog-6.0.0-py3-none-manylinux2014_x86_64.whl.metadata (44 kB)
2025-08-17T02:10:10.1406372Z Collecting yapf>=0.30.0 (from pydoc-markdown)
2025-08-17T02:10:10.1479089Z   Downloading yapf-0.43.0-py3-none-any.whl.metadata (46 kB)
2025-08-17T02:10:10.1732177Z Collecting databind<5.0.0,>=4.5.2 (from databind.core<5.0.0,>=4.4.0->pydoc-markdown)
2025-08-17T02:10:10.1794295Z   Downloading databind-4.5.2-py3-none-any.whl.metadata (4.3 kB)
2025-08-17T02:10:10.1938649Z Collecting Deprecated<2.0.0,>=1.2.12 (from databind<5.0.0,>=4.5.2->databind.core<5.0.0,>=4.4.0->pydoc-markdown)
2025-08-17T02:10:10.1977042Z   Downloading Deprecated-1.2.18-py2.py3-none-any.whl.metadata (5.7 kB)
2025-08-17T02:10:10.2099096Z Collecting nr-date<3.0.0,>=2.0.0 (from databind<5.0.0,>=4.5.2->databind.core<5.0.0,>=4.4.0->pydoc-markdown)
2025-08-17T02:10:10.2141451Z   Downloading nr_date-2.1.0-py3-none-any.whl.metadata (746 bytes)
2025-08-17T02:10:10.2265988Z Collecting nr-stream<2.0.0,>=1.0.0 (from databind<5.0.0,>=4.5.2->databind.core<5.0.0,>=4.4.0->pydoc-markdown)
2025-08-17T02:10:10.2326336Z   Downloading nr_stream-1.1.5-py3-none-any.whl.metadata (3.6 kB)
2025-08-17T02:10:10.2553568Z Collecting typeapi<3,>=2.0.1 (from databind<5.0.0,>=4.5.2->databind.core<5.0.0,>=4.4.0->pydoc-markdown)
2025-08-17T02:10:10.2601337Z   Downloading typeapi-2.2.4-py3-none-any.whl.metadata (1.5 kB)
2025-08-17T02:10:10.2793534Z Collecting typing-extensions<5,>=3.10.0 (from databind<5.0.0,>=4.5.2->databind.core<5.0.0,>=4.4.0->pydoc-markdown)
2025-08-17T02:10:10.2827461Z   Downloading typing_extensions-4.14.1-py3-none-any.whl.metadata (3.0 kB)
2025-08-17T02:10:10.3779903Z Collecting wrapt<2,>=1.10 (from Deprecated<2.0.0,>=1.2.12->databind<5.0.0,>=4.5.2->databind.core<5.0.0,>=4.4.0->pydoc-markdown)
2025-08-17T02:10:10.3832302Z   Downloading wrapt-1.17.3-cp311-cp311-manylinux1_x86_64.manylinux_2_28_x86_64.manylinux_2_5_x86_64.whl.metadata (6.4 kB)
2025-08-17T02:10:10.4352656Z Collecting black>=24.8.0 (from docspec-python<3.0.0,>=2.2.1->pydoc-markdown)
2025-08-17T02:10:10.4423435Z   Downloading black-25.1.0-cp311-cp311-manylinux_2_17_x86_64.manylinux2014_x86_64.manylinux_2_28_x86_64.whl.metadata (81 kB)
2025-08-17T02:10:10.4538882Z Collecting docspec<3.0.0,>=2.2.1 (from pydoc-markdown)
2025-08-17T02:10:10.4592351Z   Downloading docspec-2.2.1-py3-none-any.whl.metadata (1.5 kB)
2025-08-17T02:10:10.5129678Z Collecting MarkupSafe>=2.0 (from jinja2<4.0.0,>=3.0.0->pydoc-markdown)
2025-08-17T02:10:10.5160361Z   Downloading MarkupSafe-3.0.2-cp311-cp311-manylinux_2_17_x86_64.manylinux2014_x86_64.whl.metadata (4.0 kB)
2025-08-17T02:10:10.6053425Z Collecting charset_normalizer<4,>=2 (from requests<3.0.0,>=2.23.0->pydoc-markdown)
2025-08-17T02:10:10.6090788Z   Downloading charset_normalizer-3.4.3-cp311-cp311-manylinux2014_x86_64.manylinux_2_17_x86_64.manylinux_2_28_x86_64.whl.metadata (36 kB)
2025-08-17T02:10:10.6289173Z Collecting idna<4,>=2.5 (from requests<3.0.0,>=2.23.0->pydoc-markdown)
2025-08-17T02:10:10.6319996Z   Downloading idna-3.10-py3-none-any.whl.metadata (10 kB)
2025-08-17T02:10:10.6617730Z Collecting urllib3<3,>=1.21.1 (from requests<3.0.0,>=2.23.0->pydoc-markdown)
2025-08-17T02:10:10.6654185Z   Downloading urllib3-2.5.0-py3-none-any.whl.metadata (6.5 kB)
2025-08-17T02:10:10.6868752Z Collecting certifi>=2017.4.17 (from requests<3.0.0,>=2.23.0->pydoc-markdown)
2025-08-17T02:10:10.6899757Z   Downloading certifi-2025.8.3-py3-none-any.whl.metadata (2.4 kB)
2025-08-17T02:10:10.7170636Z Collecting mypy-extensions>=0.4.3 (from black>=24.8.0->docspec-python<3.0.0,>=2.2.1->pydoc-markdown)
2025-08-17T02:10:10.7214158Z   Downloading mypy_extensions-1.1.0-py3-none-any.whl.metadata (1.1 kB)
2025-08-17T02:10:10.7380546Z Collecting packaging>=22.0 (from black>=24.8.0->docspec-python<3.0.0,>=2.2.1->pydoc-markdown)
2025-08-17T02:10:10.7412413Z   Downloading packaging-25.0-py3-none-any.whl.metadata (3.3 kB)
2025-08-17T02:10:10.7546353Z Collecting pathspec>=0.9.0 (from black>=24.8.0->docspec-python<3.0.0,>=2.2.1->pydoc-markdown)
2025-08-17T02:10:10.7655599Z   Downloading pathspec-0.12.1-py3-none-any.whl.metadata (21 kB)
2025-08-17T02:10:10.7851928Z Collecting platformdirs>=2 (from black>=24.8.0->docspec-python<3.0.0,>=2.2.1->pydoc-markdown)
2025-08-17T02:10:10.7887156Z   Downloading platformdirs-4.3.8-py3-none-any.whl.metadata (12 kB)
2025-08-17T02:10:10.8107099Z Downloading pydoc_markdown-4.8.2-py3-none-any.whl (67 kB)
2025-08-17T02:10:10.8184484Z Downloading click-8.2.1-py3-none-any.whl (102 kB)
2025-08-17T02:10:10.8268190Z Downloading databind.core-4.5.2-py3-none-any.whl (1.5 kB)
2025-08-17T02:10:10.8348463Z Downloading databind-4.5.2-py3-none-any.whl (49 kB)
2025-08-17T02:10:10.8414067Z Downloading databind.json-4.5.2-py3-none-any.whl (1.5 kB)
2025-08-17T02:10:10.8469018Z Downloading Deprecated-1.2.18-py2.py3-none-any.whl (10.0 kB)
2025-08-17T02:10:10.8533038Z Downloading docspec_python-2.2.2-py3-none-any.whl (15 kB)
2025-08-17T02:10:10.8597330Z Downloading docspec-2.2.1-py3-none-any.whl (9.8 kB)
2025-08-17T02:10:10.8650410Z Downloading jinja2-3.1.6-py3-none-any.whl (134 kB)
2025-08-17T02:10:10.8715494Z Downloading nr_date-2.1.0-py3-none-any.whl (10 kB)
2025-08-17T02:10:10.8768008Z Downloading nr_stream-1.1.5-py3-none-any.whl (10 kB)
2025-08-17T02:10:10.8815564Z Downloading nr.util-0.8.12-py3-none-any.whl (90 kB)
2025-08-17T02:10:10.8883297Z Downloading PyYAML-6.0.2-cp311-cp311-manylinux_2_17_x86_64.manylinux2014_x86_64.whl (762 kB)
2025-08-17T02:10:10.9025132Z    ━━━━━━━━━━━━━━━━━━━━━━━━━━━━━━━━━━━━━━━━ 763.0/763.0 kB 57.6 MB/s  0:00:00
2025-08-17T02:10:10.9055890Z Downloading requests-2.32.4-py3-none-any.whl (64 kB)
2025-08-17T02:10:10.9109490Z Downloading charset_normalizer-3.4.3-cp311-cp311-manylinux2014_x86_64.manylinux_2_17_x86_64.manylinux_2_28_x86_64.whl (150 kB)
2025-08-17T02:10:10.9170377Z Downloading idna-3.10-py3-none-any.whl (70 kB)
2025-08-17T02:10:10.9223468Z Downloading tomli-2.2.1-cp311-cp311-manylinux_2_17_x86_64.manylinux2014_x86_64.whl (236 kB)
2025-08-17T02:10:10.9307220Z Downloading tomli_w-1.2.0-py3-none-any.whl (6.7 kB)
2025-08-17T02:10:10.9357867Z Downloading typeapi-2.2.4-py3-none-any.whl (26 kB)
2025-08-17T02:10:10.9508640Z Downloading typing_extensions-4.14.1-py3-none-any.whl (43 kB)
2025-08-17T02:10:10.9563006Z Downloading urllib3-2.5.0-py3-none-any.whl (129 kB)
2025-08-17T02:10:10.9639513Z Downloading wrapt-1.17.3-cp311-cp311-manylinux1_x86_64.manylinux_2_28_x86_64.manylinux_2_5_x86_64.whl (82 kB)
2025-08-17T02:10:10.9730405Z Downloading black-25.1.0-cp311-cp311-manylinux_2_17_x86_64.manylinux2014_x86_64.manylinux_2_28_x86_64.whl (1.7 MB)
2025-08-17T02:10:10.9917741Z    ━━━━━━━━━━━━━━━━━━━━━━━━━━━━━━━━━━━━━━━━ 1.7/1.7 MB 100.0 MB/s  0:00:00
2025-08-17T02:10:10.9948850Z Downloading certifi-2025.8.3-py3-none-any.whl (161 kB)
2025-08-17T02:10:11.0014473Z Downloading MarkupSafe-3.0.2-cp311-cp311-manylinux_2_17_x86_64.manylinux2014_x86_64.whl (23 kB)
2025-08-17T02:10:11.0097520Z Downloading mypy_extensions-1.1.0-py3-none-any.whl (5.0 kB)
2025-08-17T02:10:11.0146922Z Downloading packaging-25.0-py3-none-any.whl (66 kB)
2025-08-17T02:10:11.0203571Z Downloading pathspec-0.12.1-py3-none-any.whl (31 kB)
2025-08-17T02:10:11.0256813Z Downloading platformdirs-4.3.8-py3-none-any.whl (18 kB)
2025-08-17T02:10:11.0308105Z Downloading yapf-0.43.0-py3-none-any.whl (256 kB)
2025-08-17T02:10:11.0388121Z Downloading watchdog-6.0.0-py3-none-manylinux2014_x86_64.whl (79 kB)
2025-08-17T02:10:11.0655010Z Building wheels for collected packages: docstring-parser
2025-08-17T02:10:11.0663428Z   Building wheel for docstring-parser (pyproject.toml): started
2025-08-17T02:10:11.2795832Z   Building wheel for docstring-parser (pyproject.toml): finished with status 'done'
2025-08-17T02:10:11.2802487Z   Created wheel for docstring-parser: filename=docstring_parser-0.11-py3-none-any.whl size=31551 sha256=f1dd41ec6de077a9d9acc202af6a904608194e0a06585aded68e2e967212f3e5
2025-08-17T02:10:11.2804519Z   Stored in directory: /home/runner/.cache/pip/wheels/0f/f9/78/1186f8bf3425dbd3fb3fa32beee828876c792f49eb2554e888
2025-08-17T02:10:11.2821004Z Successfully built docstring-parser
2025-08-17T02:10:11.3288612Z Installing collected packages: wrapt, watchdog, urllib3, typing-extensions, tomli_w, tomli, PyYAML, platformdirs, pathspec, packaging, nr-stream, nr-date, mypy-extensions, MarkupSafe, idna, docstring-parser, click, charset_normalizer, certifi, yapf, typeapi, requests, jinja2, Deprecated, black, nr.util, databind, databind.json, databind.core, docspec, docspec-python, pydoc-markdown
2025-08-17T02:10:12.4809119Z 
2025-08-17T02:10:12.4831074Z Successfully installed Deprecated-1.2.18 MarkupSafe-3.0.2 PyYAML-6.0.2 black-25.1.0 certifi-2025.8.3 charset_normalizer-3.4.3 click-8.2.1 databind-4.5.2 databind.core-4.5.2 databind.json-4.5.2 docspec-2.2.1 docspec-python-2.2.2 docstring-parser-0.11 idna-3.10 jinja2-3.1.6 mypy-extensions-1.1.0 nr-date-2.1.0 nr-stream-1.1.5 nr.util-0.8.12 packaging-25.0 pathspec-0.12.1 platformdirs-4.3.8 pydoc-markdown-4.8.2 requests-2.32.4 tomli-2.2.1 tomli_w-1.2.0 typeapi-2.2.4 typing-extensions-4.14.1 urllib3-2.5.0 watchdog-6.0.0 wrapt-1.17.3 yapf-0.43.0
2025-08-17T02:10:12.6806656Z ##[group]Run pydoc-markdown
2025-08-17T02:10:12.6806950Z [36;1mpydoc-markdown[0m
2025-08-17T02:10:12.6847599Z shell: /usr/bin/bash -e {0}
2025-08-17T02:10:12.6847832Z env:
2025-08-17T02:10:12.6848073Z   pythonLocation: /opt/hostedtoolcache/Python/3.11.13/x64
2025-08-17T02:10:12.6848499Z   PKG_CONFIG_PATH: /opt/hostedtoolcache/Python/3.11.13/x64/lib/pkgconfig
2025-08-17T02:10:12.6848897Z   Python_ROOT_DIR: /opt/hostedtoolcache/Python/3.11.13/x64
2025-08-17T02:10:12.6849480Z   Python2_ROOT_DIR: /opt/hostedtoolcache/Python/3.11.13/x64
2025-08-17T02:10:12.6849859Z   Python3_ROOT_DIR: /opt/hostedtoolcache/Python/3.11.13/x64
2025-08-17T02:10:12.6850214Z   LD_LIBRARY_PATH: /opt/hostedtoolcache/Python/3.11.13/x64/lib
2025-08-17T02:10:12.6850507Z ##[endgroup]
2025-08-17T02:10:13.0627262Z [WARNING - pydoc_markdown.main]: Unknown configuration options:
2025-08-17T02:10:13.0627947Z Unknown key(s) "{'output_directory'}" at:
2025-08-17T02:10:13.0628408Z In "pydoc-markdown.yml"
2025-08-17T02:10:13.0628930Z   $: TypeHint(pydoc_markdown.PydocMarkdown)
2025-08-17T02:10:13.0629796Z   .renderer: TypeHint(pydoc_markdown.interfaces.Renderer)
2025-08-17T02:10:13.0630571Z   ^: TypeHint(pydoc_markdown.contrib.renderers.markdown.MarkdownRenderer)
2025-08-17T02:10:13.0631104Z 
2025-08-17T02:10:13.2765336Z <a id="__init__"></a>
2025-08-17T02:10:13.2765837Z 
2025-08-17T02:10:13.2766018Z # \_\_init\_\_
2025-08-17T02:10:13.2766279Z 
2025-08-17T02:10:13.2766422Z <a id="api"></a>
2025-08-17T02:10:13.2766653Z 
2025-08-17T02:10:13.2766784Z # api
2025-08-17T02:10:13.2766967Z 
2025-08-17T02:10:13.2767146Z <a id="api.tests.test_llm"></a>
2025-08-17T02:10:13.2767468Z 
2025-08-17T02:10:13.2767632Z # api.tests.test\_llm
2025-08-17T02:10:13.2767896Z 
2025-08-17T02:10:13.2768085Z <a id="api.tests.test_imports"></a>
2025-08-17T02:10:13.2768429Z 
2025-08-17T02:10:13.2768597Z # api.tests.test\_imports
2025-08-17T02:10:13.2768884Z 
2025-08-17T02:10:13.2769074Z <a id="api.tests.test_entrypoint"></a>
2025-08-17T02:10:13.2770226Z 
2025-08-17T02:10:13.2770358Z # api.tests.test\_entrypoint
2025-08-17T02:10:13.2770563Z 
2025-08-17T02:10:13.2770682Z <a id="api.tests.test_health"></a>
2025-08-17T02:10:13.2770907Z 
2025-08-17T02:10:13.2771020Z # api.tests.test\_health
2025-08-17T02:10:13.2771198Z 
2025-08-17T02:10:13.2771310Z <a id="api.migrations.env"></a>
2025-08-17T02:10:13.2771514Z 
2025-08-17T02:10:13.2771614Z # api.migrations.env
2025-08-17T02:10:13.2771775Z 
2025-08-17T02:10:13.2771945Z <a id="api.migrations.versions.0022_fix_roi_view"></a>
2025-08-17T02:10:13.2772239Z 
2025-08-17T02:10:13.2772385Z # api.migrations.versions.0022\_fix\_roi\_view
2025-08-17T02:10:13.2772643Z 
2025-08-17T02:10:13.2772794Z <a id="api.migrations.versions.0004_fee_cron"></a>
2025-08-17T02:10:13.2773060Z 
2025-08-17T02:10:13.2773185Z # api.migrations.versions.0004\_fee\_cron
2025-08-17T02:10:13.2773429Z 
2025-08-17T02:10:13.2773599Z <a id="api.migrations.versions.3e9d5c5aff2c_rename_fulf_fee"></a>
2025-08-17T02:10:13.2773864Z 
2025-08-17T02:10:13.2774025Z # api.migrations.versions.3e9d5c5aff2c\_rename\_fulf\_fee
2025-08-17T02:10:13.2774281Z 
2025-08-17T02:10:13.2774418Z <a id="api.migrations.versions.0003_vendor_prices"></a>
2025-08-17T02:10:13.2774655Z 
2025-08-17T02:10:13.2774782Z # api.migrations.versions.0003\_vendor\_prices
2025-08-17T02:10:13.2774992Z 
2025-08-17T02:10:13.2775121Z <a id="api.migrations.versions.0024_create_buybox"></a>
2025-08-17T02:10:13.2775351Z 
2025-08-17T02:10:13.2775462Z # api.migrations.versions.0024\_create\_buybox
2025-08-17T02:10:13.2775669Z 
2025-08-17T02:10:13.2775803Z <a id="api.migrations.versions.0002_create_roi_view"></a>
2025-08-17T02:10:13.2776043Z 
2025-08-17T02:10:13.2776160Z # api.migrations.versions.0002\_create\_roi\_view
2025-08-17T02:10:13.2776374Z 
2025-08-17T02:10:13.2776503Z <a id="api.migrations.versions.0006_fix_roi_views"></a>
2025-08-17T02:10:13.2776722Z 
2025-08-17T02:10:13.2776840Z # api.migrations.versions.0006\_fix\_roi\_views
2025-08-17T02:10:13.2777054Z 
2025-08-17T02:10:13.2777399Z <a id="api.migrations.versions.0020_unified_schema"></a>
2025-08-17T02:10:13.2777656Z 
2025-08-17T02:10:13.2777781Z # api.migrations.versions.0020\_unified\_schema
2025-08-17T02:10:13.2777992Z 
2025-08-17T02:10:13.2778129Z <a id="api.migrations.versions.0023_add_storage_fee"></a>
2025-08-17T02:10:13.2778359Z 
2025-08-17T02:10:13.2778483Z # api.migrations.versions.0023\_add\_storage\_fee
2025-08-17T02:10:13.2778694Z 
2025-08-17T02:10:13.2778813Z <a id="api.migrations.versions.0001_baseline"></a>
2025-08-17T02:10:13.2779032Z 
2025-08-17T02:10:13.2779133Z # api.migrations.versions.0001\_baseline
2025-08-17T02:10:13.2779476Z 
2025-08-17T02:10:13.2779580Z <a id="api.migrations.versions"></a>
2025-08-17T02:10:13.2779762Z 
2025-08-17T02:10:13.2779849Z # api.migrations.versions
2025-08-17T02:10:13.2779992Z 
2025-08-17T02:10:13.2780082Z <a id="api.migrations"></a>
2025-08-17T02:10:13.2780229Z 
2025-08-17T02:10:13.2780304Z # api.migrations
2025-08-17T02:10:13.2780425Z 
2025-08-17T02:10:13.2780499Z <a id="api.db"></a>
2025-08-17T02:10:13.2780626Z 
2025-08-17T02:10:13.2780700Z # api.db
2025-08-17T02:10:13.2780794Z 
2025-08-17T02:10:13.2780882Z <a id="api.routes.stats"></a>
2025-08-17T02:10:13.2781037Z 
2025-08-17T02:10:13.2781121Z # api.routes.stats
2025-08-17T02:10:13.2781239Z 
2025-08-17T02:10:13.2781335Z <a id="api.routes.stats.kpi"></a>
2025-08-17T02:10:13.2781510Z 
2025-08-17T02:10:13.2781579Z #### kpi
2025-08-17T02:10:13.2781678Z 
2025-08-17T02:10:13.2781749Z ```python
2025-08-17T02:10:13.2781937Z @router.get("/stats/kpi")
2025-08-17T02:10:13.2782203Z def kpi() -> List[Dict[str, int]]
2025-08-17T02:10:13.2782433Z ```
2025-08-17T02:10:13.2782524Z 
2025-08-17T02:10:13.2782614Z Return KPI metrics (mock).
2025-08-17T02:10:13.2782758Z 
2025-08-17T02:10:13.2782863Z <a id="api.routes.stats.roi_by_vendor"></a>
2025-08-17T02:10:13.2783064Z 
2025-08-17T02:10:13.2783139Z #### roi\_by\_vendor
2025-08-17T02:10:13.2783260Z 
2025-08-17T02:10:13.2783334Z ```python
2025-08-17T02:10:13.2783537Z @router.get("/stats/roi_by_vendor")
2025-08-17T02:10:13.2783955Z def roi_by_vendor() -> List[Dict[str, int]]
2025-08-17T02:10:13.2784200Z ```
2025-08-17T02:10:13.2784279Z 
2025-08-17T02:10:13.2784364Z Return ROI percent by vendor.
2025-08-17T02:10:13.2784502Z 
2025-08-17T02:10:13.2784593Z <a id="api.routes.stats.roi_trend"></a>
2025-08-17T02:10:13.2784764Z 
2025-08-17T02:10:13.2784828Z #### roi\_trend
2025-08-17T02:10:13.2784931Z 
2025-08-17T02:10:13.2784992Z ```python
2025-08-17T02:10:13.2785161Z @router.get("/stats/roi_trend")
2025-08-17T02:10:13.2785404Z def roi_trend() -> List[Dict[str, int | str]]
2025-08-17T02:10:13.2785635Z ```
2025-08-17T02:10:13.2785712Z 
2025-08-17T02:10:13.2785793Z Return 30-day ROI trend.
2025-08-17T02:10:13.2785916Z 
2025-08-17T02:10:13.2785996Z <a id="api.routes.roi"></a>
2025-08-17T02:10:13.2786135Z 
2025-08-17T02:10:13.2786203Z # api.routes.roi
2025-08-17T02:10:13.2786340Z 
2025-08-17T02:10:13.2786429Z <a id="api.routes.health"></a>
2025-08-17T02:10:13.2786665Z 
2025-08-17T02:10:13.2786734Z # api.routes.health
2025-08-17T02:10:13.2786860Z 
2025-08-17T02:10:13.2786949Z <a id="api.routes.health.MAX_SKEW"></a>
2025-08-17T02:10:13.2787116Z 
2025-08-17T02:10:13.2787181Z #### MAX\_SKEW
2025-08-17T02:10:13.2787286Z 
2025-08-17T02:10:13.2787347Z seconds
2025-08-17T02:10:13.2787429Z 
2025-08-17T02:10:13.2787525Z <a id="api.routes.health.health"></a>
2025-08-17T02:10:13.2787686Z 
2025-08-17T02:10:13.2787747Z #### health
2025-08-17T02:10:13.2787838Z 
2025-08-17T02:10:13.2787900Z ```python
2025-08-17T02:10:13.2788085Z @router.get("/health", include_in_schema=False)
2025-08-17T02:10:13.2788460Z async def health(session: AsyncSession = Depends(get_session)) -> JSONResponse
2025-08-17T02:10:13.2788803Z ```
2025-08-17T02:10:13.2788883Z 
2025-08-17T02:10:13.2788997Z Return 200 when DB reachable and clocks are in sync.
2025-08-17T02:10:13.2789325Z 
2025-08-17T02:10:13.2789421Z <a id="api.routes.repository"></a>
2025-08-17T02:10:13.2789578Z 
2025-08-17T02:10:13.2789654Z # api.routes.repository
2025-08-17T02:10:13.2789783Z 
2025-08-17T02:10:13.2789996Z <a id="api.routes"></a>
2025-08-17T02:10:13.2790131Z 
2025-08-17T02:10:13.2790196Z # api.routes
2025-08-17T02:10:13.2790299Z 
2025-08-17T02:10:13.2790375Z <a id="api.models.fee"></a>
2025-08-17T02:10:13.2790507Z 
2025-08-17T02:10:13.2790579Z # api.models.fee
2025-08-17T02:10:13.2790681Z 
2025-08-17T02:10:13.2790750Z <a id="api.models"></a>
2025-08-17T02:10:13.2790868Z 
2025-08-17T02:10:13.2790931Z # api.models
2025-08-17T02:10:13.2791022Z 
2025-08-17T02:10:13.2791101Z <a id="api.roi_repository"></a>
2025-08-17T02:10:13.2791246Z 
2025-08-17T02:10:13.2791315Z # api.roi\_repository
2025-08-17T02:10:13.2791430Z 
2025-08-17T02:10:13.2791504Z <a id="api.main"></a>
2025-08-17T02:10:13.2791614Z 
2025-08-17T02:10:13.2791680Z # api.main
2025-08-17T02:10:13.2791774Z 
2025-08-17T02:10:13.2791854Z <a id="api.main.ready"></a>
2025-08-17T02:10:13.2791984Z 
2025-08-17T02:10:13.2792047Z #### ready
2025-08-17T02:10:13.2792141Z 
2025-08-17T02:10:13.2792203Z ```python
2025-08-17T02:10:13.2792463Z @app.get("/ready", status_code=status.HTTP_200_OK, include_in_schema=False)
2025-08-17T02:10:13.2792899Z async def ready(session: AsyncSession = Depends(get_session)) -> dict[str,
2025-08-17T02:10:13.2793259Z                                                                       str]
2025-08-17T02:10:13.2793491Z ```
2025-08-17T02:10:13.2793580Z 
2025-08-17T02:10:13.2793680Z Return 200 only when migrations are at head.
2025-08-17T02:10:13.2793854Z 
2025-08-17T02:10:13.2793927Z <a id="api.config"></a>
2025-08-17T02:10:13.2794055Z 
2025-08-17T02:10:13.2794119Z # api.config
2025-08-17T02:10:13.2794214Z 
2025-08-17T02:10:13.2794285Z <a id="etl"></a>
2025-08-17T02:10:13.2794389Z 
2025-08-17T02:10:13.2794452Z # etl
2025-08-17T02:10:13.2794538Z 
2025-08-17T02:10:13.2794633Z <a id="etl.fba_fee_ingestor"></a>
2025-08-17T02:10:13.2794781Z 
2025-08-17T02:10:13.2794855Z # etl.fba\_fee\_ingestor
2025-08-17T02:10:13.2794983Z 
2025-08-17T02:10:13.2795063Z <a id="etl.sp_fees_ingestor"></a>
2025-08-17T02:10:13.2795206Z 
2025-08-17T02:10:13.2795305Z # etl.sp\_fees\_ingestor
2025-08-17T02:10:13.2795553Z 
2025-08-17T02:10:13.2795639Z <a id="etl.keepa_ingestor"></a>
2025-08-17T02:10:13.2795780Z 
2025-08-17T02:10:13.2795851Z # etl.keepa\_ingestor
2025-08-17T02:10:13.2795975Z 
2025-08-17T02:10:13.2796040Z <a id="etl.db"></a>
2025-08-17T02:10:13.2796146Z 
2025-08-17T02:10:13.2796215Z # etl.db
2025-08-17T02:10:13.2796302Z 
2025-08-17T02:10:13.2796407Z <a id="etl.dialects.amazon_reimbursements"></a>
2025-08-17T02:10:13.2796594Z 
2025-08-17T02:10:13.2796690Z # etl.dialects.amazon\_reimbursements
2025-08-17T02:10:13.2796853Z 
2025-08-17T02:10:13.2796941Z <a id="etl.dialects.amazon_returns"></a>
2025-08-17T02:10:13.2797115Z 
2025-08-17T02:10:13.2797198Z # etl.dialects.amazon\_returns
2025-08-17T02:10:13.2797338Z 
2025-08-17T02:10:13.2797413Z <a id="etl.dialects"></a>
2025-08-17T02:10:13.2797547Z 
2025-08-17T02:10:13.2797612Z # etl.dialects
2025-08-17T02:10:13.2797709Z 
2025-08-17T02:10:13.2797782Z <a id="ingest"></a>
2025-08-17T02:10:13.2797888Z 
2025-08-17T02:10:13.2797961Z # ingest
2025-08-17T02:10:13.2798050Z 
2025-08-17T02:10:13.2798133Z <a id="ingest.tests.test_smoke"></a>
2025-08-17T02:10:13.2798288Z 
2025-08-17T02:10:13.2798366Z # ingest.tests.test\_smoke
2025-08-17T02:10:13.2798501Z 
2025-08-17T02:10:13.2798573Z <a id="ingest.tests"></a>
2025-08-17T02:10:13.2798695Z 
2025-08-17T02:10:13.2798762Z # ingest.tests
2025-08-17T02:10:13.2798862Z 
2025-08-17T02:10:13.2798941Z <a id="ingest.upload_router"></a>
2025-08-17T02:10:13.2799090Z 
2025-08-17T02:10:13.2799166Z # ingest.upload\_router
2025-08-17T02:10:13.2799407Z 
2025-08-17T02:10:13.2799489Z <a id="ingest.email_watcher"></a>
2025-08-17T02:10:13.2799638Z 
2025-08-17T02:10:13.2799709Z # ingest.email\_watcher
2025-08-17T02:10:13.2799823Z 
2025-08-17T02:10:13.2799914Z <a id="ingest.email_watcher.main"></a>
2025-08-17T02:10:13.2800072Z 
2025-08-17T02:10:13.2800132Z #### main
2025-08-17T02:10:13.2800217Z 
2025-08-17T02:10:13.2800283Z ```python
2025-08-17T02:10:13.2800446Z def main() -> dict[str, str]
2025-08-17T02:10:13.2800648Z ```
2025-08-17T02:10:13.2800843Z 
2025-08-17T02:10:13.2800988Z Upload CSV/XLSX attachments to MinIO and trigger ingestion.
2025-08-17T02:10:13.2801217Z 
2025-08-17T02:10:13.2801344Z Returns {"status": "success"} when processing completes.
2025-08-17T02:10:13.2801549Z 
2025-08-17T02:10:13.2801637Z <a id="ingest.ingest_router"></a>
2025-08-17T02:10:13.2801783Z 
2025-08-17T02:10:13.2801855Z # ingest.ingest\_router
2025-08-17T02:10:13.2801974Z 
2025-08-17T02:10:13.2802048Z <a id="logistics_etl"></a>
2025-08-17T02:10:13.2802174Z 
2025-08-17T02:10:13.2802239Z # logistics\_etl
2025-08-17T02:10:13.2802349Z 
2025-08-17T02:10:13.2802423Z Daily logistics ETL job.
2025-08-17T02:10:13.2802546Z 
2025-08-17T02:10:13.2802631Z <a id="logistics_etl.__main__"></a>
2025-08-17T02:10:13.2802781Z 
2025-08-17T02:10:13.2802857Z # logistics\_etl.\_\_main\_\_
2025-08-17T02:10:13.2802991Z 
2025-08-17T02:10:13.2803074Z <a id="logistics_etl.dsn"></a>
2025-08-17T02:10:13.2803211Z 
2025-08-17T02:10:13.2803279Z # logistics\_etl.dsn
2025-08-17T02:10:13.2803409Z 
2025-08-17T02:10:13.2803524Z Local DSN builder to avoid cross-service dependency.
2025-08-17T02:10:13.2803724Z 
2025-08-17T02:10:13.2803817Z <a id="logistics_etl.dsn.build_dsn"></a>
2025-08-17T02:10:13.2803980Z 
2025-08-17T02:10:13.2804043Z #### build\_dsn
2025-08-17T02:10:13.2804141Z 
2025-08-17T02:10:13.2804208Z ```python
2025-08-17T02:10:13.2804378Z def build_dsn(sync: bool = True) -> str
2025-08-17T02:10:13.2804600Z ```
2025-08-17T02:10:13.2804681Z 
2025-08-17T02:10:13.2804822Z Return a Postgres DSN assembled from environment variables.
2025-08-17T02:10:13.2805049Z 
2025-08-17T02:10:13.2805197Z Prefers explicit DSNs via ``PG_SYNC_DSN``/``PG_ASYNC_DSN`` or
2025-08-17T02:10:13.2805586Z ``DATABASE_URL``. Falls back to individual PG_* settings and raises an
2025-08-17T02:10:13.2805924Z error when any required variable is missing.
2025-08-17T02:10:13.2806099Z 
2025-08-17T02:10:13.2806198Z <a id="logistics_etl.tests.conftest"></a>
2025-08-17T02:10:13.2806368Z 
2025-08-17T02:10:13.2806570Z # logistics\_etl.tests.conftest
2025-08-17T02:10:13.2806720Z 
2025-08-17T02:10:13.2806824Z <a id="logistics_etl.tests.test_repository"></a>
2025-08-17T02:10:13.2807009Z 
2025-08-17T02:10:13.2807103Z # logistics\_etl.tests.test\_repository
2025-08-17T02:10:13.2807265Z 
2025-08-17T02:10:13.2807359Z <a id="logistics_etl.tests.test_cron"></a>
2025-08-17T02:10:13.2807533Z 
2025-08-17T02:10:13.2807616Z # logistics\_etl.tests.test\_cron
2025-08-17T02:10:13.2807766Z 
2025-08-17T02:10:13.2807861Z <a id="logistics_etl.tests.test_imports"></a>
2025-08-17T02:10:13.2808041Z 
2025-08-17T02:10:13.2808126Z # logistics\_etl.tests.test\_imports
2025-08-17T02:10:13.2808279Z 
2025-08-17T02:10:13.2808380Z <a id="logistics_etl.tests.test_smoke"></a>
2025-08-17T02:10:13.2808547Z 
2025-08-17T02:10:13.2808630Z # logistics\_etl.tests.test\_smoke
2025-08-17T02:10:13.2808786Z 
2025-08-17T02:10:13.2808915Z <a id="logistics_etl.tests.test_client"></a>
2025-08-17T02:10:13.2809092Z 
2025-08-17T02:10:13.2809181Z # logistics\_etl.tests.test\_client
2025-08-17T02:10:13.2809472Z 
2025-08-17T02:10:13.2809559Z <a id="logistics_etl.tests"></a>
2025-08-17T02:10:13.2809704Z 
2025-08-17T02:10:13.2809774Z # logistics\_etl.tests
2025-08-17T02:10:13.2809890Z 
2025-08-17T02:10:13.2809973Z <a id="logistics_etl.flow"></a>
2025-08-17T02:10:13.2810112Z 
2025-08-17T02:10:13.2810181Z # logistics\_etl.flow
2025-08-17T02:10:13.2810301Z 
2025-08-17T02:10:13.2810380Z <a id="logistics_etl.client"></a>
2025-08-17T02:10:13.2810524Z 
2025-08-17T02:10:13.2810598Z # logistics\_etl.client
2025-08-17T02:10:13.2810713Z 
2025-08-17T02:10:13.2810788Z <a id="logistics_etl.cron"></a>
2025-08-17T02:10:13.2810924Z 
2025-08-17T02:10:13.2810998Z # logistics\_etl.cron
2025-08-17T02:10:13.2811109Z 
2025-08-17T02:10:13.2811185Z <a id="logistics_etl.db"></a>
2025-08-17T02:10:13.2811326Z 
2025-08-17T02:10:13.2811392Z # logistics\_etl.db
2025-08-17T02:10:13.2811498Z 
2025-08-17T02:10:13.2811584Z <a id="logistics_etl.repository"></a>
2025-08-17T02:10:13.2811748Z 
2025-08-17T02:10:13.2811961Z # logistics\_etl.repository
2025-08-17T02:10:13.2812096Z 
2025-08-17T02:10:13.2812171Z <a id="alert_bot"></a>
2025-08-17T02:10:13.2812285Z 
2025-08-17T02:10:13.2812349Z # alert\_bot
2025-08-17T02:10:13.2812446Z 
2025-08-17T02:10:13.2812534Z <a id="alert_bot.tests.test_smoke"></a>
2025-08-17T02:10:13.2812693Z 
2025-08-17T02:10:13.2812771Z # alert\_bot.tests.test\_smoke
2025-08-17T02:10:13.2812914Z 
2025-08-17T02:10:13.2812991Z <a id="alert_bot.tests"></a>
2025-08-17T02:10:13.2813124Z 
2025-08-17T02:10:13.2813194Z # alert\_bot.tests
2025-08-17T02:10:13.2813302Z 
2025-08-17T02:10:13.2813381Z <a id="alert_bot.alert_bot"></a>
2025-08-17T02:10:13.2813526Z 
2025-08-17T02:10:13.2813599Z # alert\_bot.alert\_bot
2025-08-17T02:10:13.2813713Z 
2025-08-17T02:10:13.2813787Z <a id="alert_bot.rules"></a>
2025-08-17T02:10:13.2813926Z 
2025-08-17T02:10:13.2813991Z # alert\_bot.rules
2025-08-17T02:10:13.2814096Z 
2025-08-17T02:10:13.2814167Z <a id="common"></a>
2025-08-17T02:10:13.2814269Z 
2025-08-17T02:10:13.2814331Z # common
2025-08-17T02:10:13.2814427Z 
2025-08-17T02:10:13.2814505Z <a id="common.dsn"></a>
2025-08-17T02:10:13.2814619Z 
2025-08-17T02:10:13.2814682Z # common.dsn
2025-08-17T02:10:13.2814819Z 
2025-08-17T02:10:13.2814900Z <a id="common.dsn.build_dsn"></a>
2025-08-17T02:10:13.2815045Z 
2025-08-17T02:10:13.2815108Z #### build\_dsn
2025-08-17T02:10:13.2815212Z 
2025-08-17T02:10:13.2815274Z ```python
2025-08-17T02:10:13.2815457Z def build_dsn(sync: bool = True) -> str
2025-08-17T02:10:13.2815697Z ```
2025-08-17T02:10:13.2815781Z 
2025-08-17T02:10:13.2815904Z Return a Postgres DSN, validating required variables.
2025-08-17T02:10:13.2816115Z 
2025-08-17T02:10:13.2816301Z The function prefers explicit DSNs via ``PG_SYNC_DSN`` / ``PG_ASYNC_DSN`` or
2025-08-17T02:10:13.2816733Z ``DATABASE_URL``.  If those are absent it assembles a connection string from
2025-08-17T02:10:13.2817158Z ``PG_HOST`` and related variables and raises a helpful error when any are
2025-08-17T02:10:13.2817472Z missing.
2025-08-17T02:10:13.2817723Z 
2025-08-17T02:10:13.2817815Z <a id="common.models_vendor"></a>
2025-08-17T02:10:13.2817972Z 
2025-08-17T02:10:13.2818048Z # common.models\_vendor
2025-08-17T02:10:13.2818166Z 
2025-08-17T02:10:13.2818258Z <a id="common.models_vendor.Vendor"></a>
2025-08-17T02:10:13.2818432Z 
2025-08-17T02:10:13.2818499Z ## Vendor Objects
2025-08-17T02:10:13.2818606Z 
2025-08-17T02:10:13.2818674Z ```python
2025-08-17T02:10:13.2818826Z class Vendor(Base)
2025-08-17T02:10:13.2818994Z ```
2025-08-17T02:10:13.2819080Z 
2025-08-17T02:10:13.2819159Z Vendor of inventory items.
2025-08-17T02:10:13.2819410Z 
2025-08-17T02:10:13.2819515Z <a id="common.models_vendor.VendorPrice"></a>
2025-08-17T02:10:13.2819698Z 
2025-08-17T02:10:13.2819770Z ## VendorPrice Objects
2025-08-17T02:10:13.2819894Z 
2025-08-17T02:10:13.2819955Z ```python
2025-08-17T02:10:13.2820119Z class VendorPrice(Base)
2025-08-17T02:10:13.2820295Z ```
2025-08-17T02:10:13.2820375Z 
2025-08-17T02:10:13.2820482Z Association table linking vendors to pricing.
2025-08-17T02:10:13.2820677Z 
2025-08-17T02:10:13.2820753Z <a id="common.db_url"></a>
2025-08-17T02:10:13.2820886Z 
2025-08-17T02:10:13.2820952Z # common.db\_url
2025-08-17T02:10:13.2821056Z 
2025-08-17T02:10:13.2821139Z <a id="common.db_url.build_url"></a>
2025-08-17T02:10:13.2821300Z 
2025-08-17T02:10:13.2821363Z #### build\_url
2025-08-17T02:10:13.2821461Z 
2025-08-17T02:10:13.2821526Z ```python
2025-08-17T02:10:13.2821695Z def build_url(async_: bool = True) -> str
2025-08-17T02:10:13.2821920Z ```
2025-08-17T02:10:13.2821998Z 
2025-08-17T02:10:13.2822094Z Return Postgres DSN from env or PG_* parts.
2025-08-17T02:10:13.2822275Z 
2025-08-17T02:10:13.2822351Z <a id="common.keepa"></a>
2025-08-17T02:10:13.2822479Z 
2025-08-17T02:10:13.2822546Z # common.keepa
2025-08-17T02:10:13.2822652Z 
2025-08-17T02:10:13.2822723Z <a id="common.llm"></a>
2025-08-17T02:10:13.2822839Z 
2025-08-17T02:10:13.2822906Z # common.llm
2025-08-17T02:10:13.2822998Z 
2025-08-17T02:10:13.2823080Z <a id="common.settings"></a>
2025-08-17T02:10:13.2823224Z 
2025-08-17T02:10:13.2823404Z # common.settings
2025-08-17T02:10:13.2823514Z 
2025-08-17T02:10:13.2823583Z <a id="common.db"></a>
2025-08-17T02:10:13.2823702Z 
2025-08-17T02:10:13.2823764Z # common.db
2025-08-17T02:10:13.2823852Z 
2025-08-17T02:10:13.2823945Z <a id="common.db.build_sqlalchemy_url"></a>
2025-08-17T02:10:13.2824112Z 
2025-08-17T02:10:13.2824188Z #### build\_sqlalchemy\_url
2025-08-17T02:10:13.2824318Z 
2025-08-17T02:10:13.2824383Z ```python
2025-08-17T02:10:13.2824551Z def build_sqlalchemy_url() -> str
2025-08-17T02:10:13.2824760Z ```
2025-08-17T02:10:13.2824840Z 
2025-08-17T02:10:13.2824933Z Return Postgres URL for SQLAlchemy engines.
2025-08-17T02:10:13.2825111Z 
2025-08-17T02:10:13.2825201Z <a id="common.db.build_asyncpg_dsn"></a>
2025-08-17T02:10:13.2825366Z 
2025-08-17T02:10:13.2825448Z #### build\_asyncpg\_dsn
2025-08-17T02:10:13.2825571Z 
2025-08-17T02:10:13.2825631Z ```python
2025-08-17T02:10:13.2825801Z def build_asyncpg_dsn() -> str
2025-08-17T02:10:13.2825995Z ```
2025-08-17T02:10:13.2826096Z 
2025-08-17T02:10:13.2826224Z Return DSN suitable for asyncpg (without driver suffix).
2025-08-17T02:10:13.2826437Z 
2025-08-17T02:10:13.2826527Z <a id="common.db.refresh_mvs"></a>
2025-08-17T02:10:13.2826683Z 
2025-08-17T02:10:13.2826748Z #### refresh\_mvs
2025-08-17T02:10:13.2826850Z 
2025-08-17T02:10:13.2826915Z ```python
2025-08-17T02:10:13.2827103Z def refresh_mvs(conn: Engine | Connection) -> None
2025-08-17T02:10:13.2827353Z ```
2025-08-17T02:10:13.2827431Z 
2025-08-17T02:10:13.2827565Z Refresh materialized views, using CONCURRENTLY when safe.
2025-08-17T02:10:13.2827788Z 
2025-08-17T02:10:13.2827863Z <a id="common.config"></a>
2025-08-17T02:10:13.2827992Z 
2025-08-17T02:10:13.2828065Z # common.config
2025-08-17T02:10:13.2828169Z 
2025-08-17T02:10:13.2828241Z <a id="common.base"></a>
2025-08-17T02:10:13.2828362Z 
2025-08-17T02:10:13.2828433Z # common.base
2025-08-17T02:10:13.2828532Z 
2025-08-17T02:10:13.2828611Z <a id="common.base.Base"></a>
2025-08-17T02:10:13.2828760Z 
2025-08-17T02:10:13.2828965Z ## Base Objects
2025-08-17T02:10:13.2829067Z 
2025-08-17T02:10:13.2829130Z ```python
2025-08-17T02:10:13.2829431Z class Base(DeclarativeBase)
2025-08-17T02:10:13.2829643Z ```
2025-08-17T02:10:13.2829728Z 
2025-08-17T02:10:13.2829817Z Base class for SQLAlchemy models.
2025-08-17T02:10:13.2829971Z 
2025-08-17T02:10:13.2830049Z <a id="repricer"></a>
2025-08-17T02:10:13.2830169Z 
2025-08-17T02:10:13.2830232Z # repricer
2025-08-17T02:10:13.2830330Z 
2025-08-17T02:10:13.2830416Z <a id="repricer.app.schemas"></a>
2025-08-17T02:10:13.2830566Z 
2025-08-17T02:10:13.2830648Z # repricer.app.schemas
2025-08-17T02:10:13.2830768Z 
2025-08-17T02:10:13.2830850Z <a id="repricer.app.deps"></a>
2025-08-17T02:10:13.2830992Z 
2025-08-17T02:10:13.2831072Z # repricer.app.deps
2025-08-17T02:10:13.2831183Z 
2025-08-17T02:10:13.2831301Z Placeholder module for Keepa / SP-API clients.
2025-08-17T02:10:13.2831497Z 
2025-08-17T02:10:13.2831772Z <a id="repricer.app.logic"></a>
2025-08-17T02:10:13.2831931Z 
2025-08-17T02:10:13.2832028Z # repricer.app.logic
2025-08-17T02:10:13.2832150Z 
2025-08-17T02:10:13.2832244Z <a id="repricer.app.logic.MIN_MARGIN"></a>
2025-08-17T02:10:13.2832419Z 
2025-08-17T02:10:13.2832487Z #### MIN\_MARGIN
2025-08-17T02:10:13.2832586Z 
2025-08-17T02:10:13.2832646Z 15 % ROI
2025-08-17T02:10:13.2832736Z 
2025-08-17T02:10:13.2832838Z <a id="repricer.app.logic.compute_price"></a>
2025-08-17T02:10:13.2833018Z 
2025-08-17T02:10:13.2840171Z #### compute\_price
2025-08-17T02:10:13.2840460Z 
2025-08-17T02:10:13.2840580Z ```python
2025-08-17T02:10:13.2841030Z def compute_price(asin: str, cost: Decimal, fees: Decimal) -> Decimal
2025-08-17T02:10:13.2841570Z ```
2025-08-17T02:10:13.2841718Z 
2025-08-17T02:10:13.2841914Z Toy algorithm: ensure 15 % ROI and round to cents.
2025-08-17T02:10:13.2842414Z Replace with real competitive logic later.
2025-08-17T02:10:13.2842717Z 
2025-08-17T02:10:13.2842858Z <a id="repricer.app.main"></a>
2025-08-17T02:10:13.2843112Z 
2025-08-17T02:10:13.2843232Z # repricer.app.main
2025-08-17T02:10:13.2843657Z 
2025-08-17T02:10:13.2843803Z <a id="repricer.app"></a>
2025-08-17T02:10:13.2844040Z 
2025-08-17T02:10:13.2844171Z # repricer.app
2025-08-17T02:10:13.2844329Z 
2025-08-17T02:10:13.2844431Z <a id="repricer.tests.test_imports"></a>
2025-08-17T02:10:13.2844609Z 
2025-08-17T02:10:13.2844697Z # repricer.tests.test\_imports
2025-08-17T02:10:13.2844853Z 
2025-08-17T02:10:13.2844946Z <a id="repricer.tests.test_smoke"></a>
2025-08-17T02:10:13.2845115Z 
2025-08-17T02:10:13.2845203Z # repricer.tests.test\_smoke
2025-08-17T02:10:13.2845346Z 
2025-08-17T02:10:13.2845423Z <a id="repricer.tests"></a>
2025-08-17T02:10:13.2845563Z 
2025-08-17T02:10:13.2845633Z # repricer.tests
2025-08-17T02:10:13.2845743Z 
2025-08-17T02:10:13.2845807Z <a id="db"></a>
2025-08-17T02:10:13.2845915Z 
2025-08-17T02:10:13.2845974Z # db
2025-08-17T02:10:13.2846060Z 
2025-08-17T02:10:13.2846141Z <a id="db.utils.views"></a>
2025-08-17T02:10:13.2846274Z 
2025-08-17T02:10:13.2846339Z # db.utils.views
2025-08-17T02:10:13.2846440Z 
2025-08-17T02:10:13.2846552Z <a id="db.utils.views.replace_view"></a>
2025-08-17T02:10:13.2846728Z 
2025-08-17T02:10:13.2846796Z #### replace\_view
2025-08-17T02:10:13.2846909Z 
2025-08-17T02:10:13.2846973Z ```python
2025-08-17T02:10:13.2847172Z def replace_view(name: str, new_sql: str) -> None
2025-08-17T02:10:13.2847427Z ```
2025-08-17T02:10:13.2847510Z 
2025-08-17T02:10:13.2847605Z Drop and recreate a SQL view atomically.
2025-08-17T02:10:13.2847775Z 
2025-08-17T02:10:13.2847850Z <a id="db.utils"></a>
2025-08-17T02:10:13.2847973Z 
2025-08-17T02:10:13.2848035Z # db.utils
2025-08-17T02:10:13.2848124Z 
2025-08-17T02:10:13.2848201Z <a id="price_importer"></a>
2025-08-17T02:10:13.2848354Z 
2025-08-17T02:10:13.2848422Z # price\_importer
2025-08-17T02:10:13.2848527Z 
2025-08-17T02:10:13.2848637Z <a id="price_importer.services_common.dsn"></a>
2025-08-17T02:10:13.2848825Z 
2025-08-17T02:10:13.2848913Z # price\_importer.services\_common.dsn
2025-08-17T02:10:13.2849078Z 
2025-08-17T02:10:13.2849396Z <a id="price_importer.services_common.dsn.build_dsn"></a>
2025-08-17T02:10:13.2849804Z 
2025-08-17T02:10:13.2849867Z #### build\_dsn
2025-08-17T02:10:13.2849974Z 
2025-08-17T02:10:13.2850037Z ```python
2025-08-17T02:10:13.2850213Z def build_dsn(sync: bool = True) -> str
2025-08-17T02:10:13.2850442Z ```
2025-08-17T02:10:13.2850523Z 
2025-08-17T02:10:13.2850596Z Return safe DSN.
2025-08-17T02:10:13.2850703Z 
2025-08-17T02:10:13.2851052Z sync=True → SQLAlchemy (+psycopg) else plain asyncpg.
2025-08-17T02:10:13.2851266Z 
2025-08-17T02:10:13.2851398Z <a id="price_importer.services_common.models_vendor"></a>
2025-08-17T02:10:13.2851603Z 
2025-08-17T02:10:13.2851715Z # price\_importer.services\_common.models\_vendor
2025-08-17T02:10:13.2851909Z 
2025-08-17T02:10:13.2852012Z <a id="price_importer.services_common.db_url"></a>
2025-08-17T02:10:13.2852198Z 
2025-08-17T02:10:13.2852295Z # price\_importer.services\_common.db\_url
2025-08-17T02:10:13.2852465Z 
2025-08-17T02:10:13.2852597Z <a id="price_importer.services_common.db_url.build_url"></a>
2025-08-17T02:10:13.2852833Z 
2025-08-17T02:10:13.2852897Z #### build\_url
2025-08-17T02:10:13.2852996Z 
2025-08-17T02:10:13.2853057Z ```python
2025-08-17T02:10:13.2853233Z def build_url(async_: bool = True) -> str
2025-08-17T02:10:13.2853457Z ```
2025-08-17T02:10:13.2853536Z 
2025-08-17T02:10:13.2853631Z Return Postgres DSN from env or PG_* parts.
2025-08-17T02:10:13.2853804Z 
2025-08-17T02:10:13.2853911Z <a id="price_importer.services_common.keepa"></a>
2025-08-17T02:10:13.2854094Z 
2025-08-17T02:10:13.2854187Z # price\_importer.services\_common.keepa
2025-08-17T02:10:13.2854358Z 
2025-08-17T02:10:13.2854457Z <a id="price_importer.services_common.llm"></a>
2025-08-17T02:10:13.2854636Z 
2025-08-17T02:10:13.2854728Z # price\_importer.services\_common.llm
2025-08-17T02:10:13.2854889Z 
2025-08-17T02:10:13.2855001Z <a id="price_importer.services_common.settings"></a>
2025-08-17T02:10:13.2855191Z 
2025-08-17T02:10:13.2855290Z # price\_importer.services\_common.settings
2025-08-17T02:10:13.2855458Z 
2025-08-17T02:10:13.2855697Z <a id="price_importer.services_common.db"></a>
2025-08-17T02:10:13.2855882Z 
2025-08-17T02:10:13.2855973Z # price\_importer.services\_common.db
2025-08-17T02:10:13.2856133Z 
2025-08-17T02:10:13.2856291Z <a id="price_importer.services_common.db.build_sqlalchemy_url"></a>
2025-08-17T02:10:13.2856529Z 
2025-08-17T02:10:13.2856605Z #### build\_sqlalchemy\_url
2025-08-17T02:10:13.2856735Z 
2025-08-17T02:10:13.2856803Z ```python
2025-08-17T02:10:13.2856975Z def build_sqlalchemy_url() -> str
2025-08-17T02:10:13.2857190Z ```
2025-08-17T02:10:13.2857270Z 
2025-08-17T02:10:13.2857363Z Return Postgres URL for SQLAlchemy engines.
2025-08-17T02:10:13.2857539Z 
2025-08-17T02:10:13.2857685Z <a id="price_importer.services_common.db.build_asyncpg_dsn"></a>
2025-08-17T02:10:13.2857910Z 
2025-08-17T02:10:13.2857990Z #### build\_asyncpg\_dsn
2025-08-17T02:10:13.2858114Z 
2025-08-17T02:10:13.2858174Z ```python
2025-08-17T02:10:13.2858350Z def build_asyncpg_dsn() -> str
2025-08-17T02:10:13.2858548Z ```
2025-08-17T02:10:13.2858646Z 
2025-08-17T02:10:13.2858775Z Return DSN suitable for asyncpg (without driver suffix).
2025-08-17T02:10:13.2858985Z 
2025-08-17T02:10:13.2859119Z <a id="price_importer.services_common.db.refresh_mvs"></a>
2025-08-17T02:10:13.2859438Z 
2025-08-17T02:10:13.2859505Z #### refresh\_mvs
2025-08-17T02:10:13.2859610Z 
2025-08-17T02:10:13.2859677Z ```python
2025-08-17T02:10:13.2859872Z def refresh_mvs(conn: Engine | Connection) -> None
2025-08-17T02:10:13.2860125Z ```
2025-08-17T02:10:13.2860206Z 
2025-08-17T02:10:13.2860341Z Refresh materialized views, using CONCURRENTLY when safe.
2025-08-17T02:10:13.2860562Z 
2025-08-17T02:10:13.2860656Z <a id="price_importer.services_common"></a>
2025-08-17T02:10:13.2860826Z 
2025-08-17T02:10:13.2860917Z # price\_importer.services\_common
2025-08-17T02:10:13.2861075Z 
2025-08-17T02:10:13.2861178Z <a id="price_importer.services_common.base"></a>
2025-08-17T02:10:13.2861367Z 
2025-08-17T02:10:13.2861459Z # price\_importer.services\_common.base
2025-08-17T02:10:13.2861747Z 
2025-08-17T02:10:13.2861846Z <a id="price_importer.normaliser"></a>
2025-08-17T02:10:13.2862023Z 
2025-08-17T02:10:13.2862105Z # price\_importer.normaliser
2025-08-17T02:10:13.2862246Z 
2025-08-17T02:10:13.2862358Z <a id="price_importer.common.models_vendor"></a>
2025-08-17T02:10:13.2862540Z 
2025-08-17T02:10:13.2862627Z # price\_importer.common.models\_vendor
2025-08-17T02:10:13.2862796Z 
2025-08-17T02:10:13.2862888Z <a id="price_importer.common.db_url"></a>
2025-08-17T02:10:13.2863058Z 
2025-08-17T02:10:13.2863142Z # price\_importer.common.db\_url
2025-08-17T02:10:13.2863297Z 
2025-08-17T02:10:13.2863402Z <a id="price_importer.common.db_url.make_dsn"></a>
2025-08-17T02:10:13.2863589Z 
2025-08-17T02:10:13.2863663Z #### make\_dsn
2025-08-17T02:10:13.2863761Z 
2025-08-17T02:10:13.2863824Z ```python
2025-08-17T02:10:13.2864004Z def make_dsn(async_: bool = False) -> str
2025-08-17T02:10:13.2864225Z ```
2025-08-17T02:10:13.2864313Z 
2025-08-17T02:10:13.2864431Z Return DSN built from either PG_* or POSTGRES_* vars.
2025-08-17T02:10:13.2864644Z 
2025-08-17T02:10:13.2864752Z <a id="price_importer.common.db_url.build_url"></a>
2025-08-17T02:10:13.2864944Z 
2025-08-17T02:10:13.2865006Z #### build\_url
2025-08-17T02:10:13.2865104Z 
2025-08-17T02:10:13.2865170Z ```python
2025-08-17T02:10:13.2865340Z def build_url(async_: bool = False) -> str
2025-08-17T02:10:13.2865563Z ```
2025-08-17T02:10:13.2865641Z 
2025-08-17T02:10:13.2865760Z Return Postgres DSN built from environment variables.
2025-08-17T02:10:13.2865967Z 
2025-08-17T02:10:13.2866054Z <a id="price_importer.common"></a>
2025-08-17T02:10:13.2866203Z 
2025-08-17T02:10:13.2866283Z # price\_importer.common
2025-08-17T02:10:13.2866409Z 
2025-08-17T02:10:13.2866498Z <a id="price_importer.common.base"></a>
2025-08-17T02:10:13.2866669Z 
2025-08-17T02:10:13.2866759Z # price\_importer.common.base
2025-08-17T02:10:13.2866904Z 
2025-08-17T02:10:13.2867005Z <a id="price_importer.tests.conftest"></a>
2025-08-17T02:10:13.2867185Z 
2025-08-17T02:10:13.2867382Z # price\_importer.tests.conftest
2025-08-17T02:10:13.2867544Z 
2025-08-17T02:10:13.2867650Z <a id="price_importer.tests.test_reader"></a>
2025-08-17T02:10:13.2867828Z 
2025-08-17T02:10:13.2867913Z # price\_importer.tests.test\_reader
2025-08-17T02:10:13.2868071Z 
2025-08-17T02:10:13.2868177Z <a id="price_importer.tests.test_imports"></a>
2025-08-17T02:10:13.2868355Z 
2025-08-17T02:10:13.2868440Z # price\_importer.tests.test\_imports
2025-08-17T02:10:13.2868605Z 
2025-08-17T02:10:13.2868701Z <a id="price_importer.tests.test_smoke"></a>
2025-08-17T02:10:13.2868872Z 
2025-08-17T02:10:13.2868961Z # price\_importer.tests.test\_smoke
2025-08-17T02:10:13.2869119Z 
2025-08-17T02:10:13.2869355Z <a id="price_importer.tests.test_normaliser"></a>
2025-08-17T02:10:13.2869548Z 
2025-08-17T02:10:13.2869646Z # price\_importer.tests.test\_normaliser
2025-08-17T02:10:13.2869812Z 
2025-08-17T02:10:13.2869897Z <a id="price_importer.tests"></a>
2025-08-17T02:10:13.2870052Z 
2025-08-17T02:10:13.2870126Z # price\_importer.tests
2025-08-17T02:10:13.2870259Z 
2025-08-17T02:10:13.2870350Z <a id="price_importer.reader"></a>
2025-08-17T02:10:13.2870502Z 
2025-08-17T02:10:13.2870578Z # price\_importer.reader
2025-08-17T02:10:13.2870704Z 
2025-08-17T02:10:13.2870808Z <a id="price_importer.reader.load_file"></a>
2025-08-17T02:10:13.2870985Z 
2025-08-17T02:10:13.2871050Z #### load\_file
2025-08-17T02:10:13.2871158Z 
2025-08-17T02:10:13.2871221Z ```python
2025-08-17T02:10:13.2871396Z def load_file(path: str | Path) -> Any
2025-08-17T02:10:13.2871621Z ```
2025-08-17T02:10:13.2871706Z 
2025-08-17T02:10:13.2871799Z Return DataFrame from CSV or Excel file.
2025-08-17T02:10:13.2871966Z 
2025-08-17T02:10:13.2872074Z Raises RuntimeError if pandas is unavailable.
2025-08-17T02:10:13.2872266Z 
2025-08-17T02:10:13.2872376Z <a id="price_importer.repository"></a>
2025-08-17T02:10:13.2872541Z 
2025-08-17T02:10:13.2872629Z # price\_importer.repository
2025-08-17T02:10:13.2872770Z 
2025-08-17T02:10:13.2872855Z <a id="price_importer.import"></a>
2025-08-17T02:10:13.2873011Z 
2025-08-17T02:10:13.2873215Z # price\_importer.import
2025-08-17T02:10:13.2873344Z 
2025-08-17T02:10:13.2873416Z <a id="fees_h10"></a>
2025-08-17T02:10:13.2873537Z 
2025-08-17T02:10:13.2873599Z # fees\_h10
2025-08-17T02:10:13.2873692Z 
2025-08-17T02:10:13.2873777Z <a id="fees_h10.worker"></a>
2025-08-17T02:10:13.2873908Z 
2025-08-17T02:10:13.2873976Z # fees\_h10.worker
2025-08-17T02:10:13.2874088Z 
2025-08-17T02:10:13.2874185Z <a id="fees_h10.worker.list_active_asins"></a>
2025-08-17T02:10:13.2874360Z 
2025-08-17T02:10:13.2874432Z #### list\_active\_asins
2025-08-17T02:10:13.2874558Z 
2025-08-17T02:10:13.2874621Z ```python
2025-08-17T02:10:13.2874796Z def list_active_asins() -> list[str]
2025-08-17T02:10:13.2875008Z ```
2025-08-17T02:10:13.2875090Z 
2025-08-17T02:10:13.2875210Z Return known ASINs or an empty list if unavailable.
2025-08-17T02:10:13.2875408Z 
2025-08-17T02:10:13.2875493Z <a id="fees_h10.tests.test_smoke"></a>
2025-08-17T02:10:13.2875658Z 
2025-08-17T02:10:13.2875736Z # fees\_h10.tests.test\_smoke
2025-08-17T02:10:13.2875886Z 
2025-08-17T02:10:13.2875960Z <a id="fees_h10.tests"></a>
2025-08-17T02:10:13.2876097Z 
2025-08-17T02:10:13.2876162Z # fees\_h10.tests
2025-08-17T02:10:13.2876265Z 
2025-08-17T02:10:13.2876344Z <a id="fees_h10.client"></a>
2025-08-17T02:10:13.2876474Z 
2025-08-17T02:10:13.2876538Z # fees\_h10.client
2025-08-17T02:10:13.2876645Z 
2025-08-17T02:10:13.2876725Z <a id="fees_h10.repository"></a>
2025-08-17T02:10:13.2876870Z 
2025-08-17T02:10:13.2876940Z # fees\_h10.repository
2025-08-17T02:10:13.2877060Z 
2025-08-17T02:10:13.2877127Z <a id="emailer"></a>
2025-08-17T02:10:13.2877237Z 
2025-08-17T02:10:13.2877302Z # emailer
2025-08-17T02:10:13.2877389Z 
2025-08-17T02:10:13.2877491Z <a id="emailer.tests.test_import_emailer"></a>
2025-08-17T02:10:13.2877668Z 
2025-08-17T02:10:13.2877760Z # emailer.tests.test\_import\_emailer
2025-08-17T02:10:13.2877918Z 
2025-08-17T02:10:13.2878003Z <a id="emailer.tests.test_smoke"></a>
2025-08-17T02:10:13.2878169Z 
2025-08-17T02:10:13.2878456Z # emailer.tests.test\_smoke
2025-08-17T02:10:13.2878614Z 
2025-08-17T02:10:13.2878694Z <a id="emailer.tests"></a>
2025-08-17T02:10:13.2878823Z 
2025-08-17T02:10:13.2878888Z # emailer.tests
2025-08-17T02:10:13.2878993Z 
2025-08-17T02:10:13.2879081Z <a id="emailer.generate_body"></a>
2025-08-17T02:10:13.2879340Z 
2025-08-17T02:10:13.2879418Z # emailer.generate\_body
2025-08-17T02:10:13.2879549Z 
2025-08-17T02:10:13.2879618Z <a id="llm_server"></a>
2025-08-17T02:10:13.2879734Z 
2025-08-17T02:10:13.2879801Z # llm\_server
2025-08-17T02:10:13.2879896Z 
2025-08-17T02:10:13.2879972Z <a id="llm_server.app"></a>
2025-08-17T02:10:13.2880103Z 
2025-08-17T02:10:13.2880175Z # llm\_server.app
2025-08-17T02:10:13.2880284Z 
2025-08-17T02:10:13.3328748Z ##[group]Run peaceiris/actions-gh-pages@v3
2025-08-17T02:10:13.3329047Z with:
2025-08-17T02:10:13.3329730Z   github_token: ***
2025-08-17T02:10:13.3329948Z   publish_branch: gh-pages
2025-08-17T02:10:13.3330169Z   publish_dir: docs/api
2025-08-17T02:10:13.3330364Z   allow_empty_commit: false
2025-08-17T02:10:13.3330581Z   keep_files: false
2025-08-17T02:10:13.3330756Z   force_orphan: false
2025-08-17T02:10:13.3330941Z   enable_jekyll: false
2025-08-17T02:10:13.3331126Z   disable_nojekyll: false
2025-08-17T02:10:13.3331326Z   exclude_assets: .github
2025-08-17T02:10:13.3331512Z env:
2025-08-17T02:10:13.3331731Z   pythonLocation: /opt/hostedtoolcache/Python/3.11.13/x64
2025-08-17T02:10:13.3332125Z   PKG_CONFIG_PATH: /opt/hostedtoolcache/Python/3.11.13/x64/lib/pkgconfig
2025-08-17T02:10:13.3332501Z   Python_ROOT_DIR: /opt/hostedtoolcache/Python/3.11.13/x64
2025-08-17T02:10:13.3332838Z   Python2_ROOT_DIR: /opt/hostedtoolcache/Python/3.11.13/x64
2025-08-17T02:10:13.3333202Z   Python3_ROOT_DIR: /opt/hostedtoolcache/Python/3.11.13/x64
2025-08-17T02:10:13.3333539Z   LD_LIBRARY_PATH: /opt/hostedtoolcache/Python/3.11.13/x64/lib
2025-08-17T02:10:13.3333824Z ##[endgroup]
2025-08-17T02:10:13.3957132Z [INFO] Usage https://github.com/peaceiris/actions-gh-pages#readme
2025-08-17T02:10:13.3962946Z ##[group]Dump inputs
2025-08-17T02:10:13.3963731Z [INFO] GithubToken: true
2025-08-17T02:10:13.3964129Z [INFO] PublishBranch: gh-pages
2025-08-17T02:10:13.3964538Z [INFO] PublishDir: docs/api
2025-08-17T02:10:13.3964912Z [INFO] DestinationDir: 
2025-08-17T02:10:13.3965298Z [INFO] ExternalRepository: 
2025-08-17T02:10:13.3965742Z [INFO] AllowEmptyCommit: false
2025-08-17T02:10:13.3966182Z [INFO] KeepFiles: false
2025-08-17T02:10:13.3966572Z [INFO] ForceOrphan: false
2025-08-17T02:10:13.3966972Z [INFO] UserName: 
2025-08-17T02:10:13.3967315Z [INFO] UserEmail: 
2025-08-17T02:10:13.3967685Z [INFO] CommitMessage: 
2025-08-17T02:10:13.3968080Z [INFO] FullCommitMessage: 
2025-08-17T02:10:13.3968499Z [INFO] TagName: 
2025-08-17T02:10:13.3968841Z [INFO] TagMessage: 
2025-08-17T02:10:13.3969420Z [INFO] EnableJekyll (DisableNoJekyll): false
2025-08-17T02:10:13.3969921Z [INFO] CNAME: 
2025-08-17T02:10:13.3970281Z [INFO] ExcludeAssets .github
2025-08-17T02:10:13.3970564Z 
2025-08-17T02:10:13.3971018Z ##[endgroup]
2025-08-17T02:10:13.3971609Z ##[group]Setup auth token
2025-08-17T02:10:13.3972035Z [INFO] setup GITHUB_TOKEN
2025-08-17T02:10:13.3973528Z ##[endgroup]
2025-08-17T02:10:13.3974139Z ##[group]Prepare publishing assets
2025-08-17T02:10:13.3975876Z [INFO] ForceOrphan: false
2025-08-17T02:10:13.4023810Z [command]/usr/bin/git clone --depth=1 --single-branch --branch gh-pages ***github.com/AlexBomber12/AWA-App.git /home/runner/actions_github_pages_1755396613396
2025-08-17T02:10:13.4060607Z Cloning into '/home/runner/actions_github_pages_1755396613396'...
2025-08-17T02:10:13.8222429Z [INFO] clean up /home/runner/actions_github_pages_1755396613396
2025-08-17T02:10:13.8223066Z [INFO] chdir /home/runner/actions_github_pages_1755396613396
2025-08-17T02:10:13.8237952Z [command]/usr/bin/git rm -r --ignore-unmatch *
2025-08-17T02:10:13.8264727Z rm '.gitkeep'
2025-08-17T02:10:13.8265056Z rm '.nojekyll'
2025-08-17T02:10:13.8269565Z [INFO] chdir /home/runner/actions_github_pages_1755396613396
2025-08-17T02:10:13.8270541Z [INFO] prepare publishing assets
2025-08-17T02:10:13.8272004Z [INFO] copy /home/runner/work/AWA-App/AWA-App/docs/api to /home/runner/actions_github_pages_1755396613396
2025-08-17T02:10:13.8303427Z cp: no such file or directory: /home/runner/work/AWA-App/AWA-App/docs/api/*
2025-08-17T02:10:13.8313342Z [INFO] delete excluded assets
2025-08-17T02:10:13.8345837Z rm: no paths given
2025-08-17T02:10:13.8348123Z [INFO] Created /home/runner/actions_github_pages_1755396613396/.nojekyll
2025-08-17T02:10:13.8350053Z ##[endgroup]
2025-08-17T02:10:13.8350614Z ##[group]Setup Git config
2025-08-17T02:10:13.8368518Z [command]/usr/bin/git remote rm origin
2025-08-17T02:10:13.8420421Z [command]/usr/bin/git remote add origin ***github.com/AlexBomber12/AWA-App.git
2025-08-17T02:10:13.8464788Z [command]/usr/bin/git add --all
2025-08-17T02:10:13.8512949Z [command]/usr/bin/git config user.name AlexBomber12
2025-08-17T02:10:13.8555082Z [command]/usr/bin/git config user.email AlexBomber12@users.noreply.github.com
2025-08-17T02:10:13.8584754Z ##[endgroup]
2025-08-17T02:10:13.8585353Z ##[group]Create a commit
2025-08-17T02:10:13.8597580Z [command]/usr/bin/git commit -m deploy: aed844b3745fef5316ad4f656e3be9e5631db87b
2025-08-17T02:10:13.8626554Z On branch gh-pages
2025-08-17T02:10:13.8627011Z nothing to commit, working tree clean
2025-08-17T02:10:13.8631841Z [INFO] skip commit
2025-08-17T02:10:13.8632766Z ##[endgroup]
2025-08-17T02:10:13.8633448Z ##[group]Push the commit or tag
2025-08-17T02:10:13.8643990Z [command]/usr/bin/git push origin gh-pages
2025-08-17T02:10:14.2461699Z Everything up-to-date
2025-08-17T02:10:14.2496921Z ##[endgroup]
2025-08-17T02:10:14.2497278Z [INFO] Action successfully completed
2025-08-17T02:10:14.2589921Z Post job cleanup.
2025-08-17T02:10:14.4195672Z Post job cleanup.
2025-08-17T02:10:14.5162595Z [command]/usr/bin/git version
2025-08-17T02:10:14.5200012Z git version 2.50.1
2025-08-17T02:10:14.5244026Z Temporarily overriding HOME='/home/runner/work/_temp/7ddce376-7943-487a-a97d-bf70529d11ce' before making global git config changes
2025-08-17T02:10:14.5245466Z Adding repository directory to the temporary git global config as a safe directory
2025-08-17T02:10:14.5257626Z [command]/usr/bin/git config --global --add safe.directory /home/runner/work/AWA-App/AWA-App
2025-08-17T02:10:14.5294897Z [command]/usr/bin/git config --local --name-only --get-regexp core\.sshCommand
2025-08-17T02:10:14.5328168Z [command]/usr/bin/git submodule foreach --recursive sh -c "git config --local --name-only --get-regexp 'core\.sshCommand' && git config --local --unset-all 'core.sshCommand' || :"
2025-08-17T02:10:14.5562342Z [command]/usr/bin/git config --local --name-only --get-regexp http\.https\:\/\/github\.com\/\.extraheader
2025-08-17T02:10:14.5584694Z http.https://github.com/.extraheader
2025-08-17T02:10:14.5597839Z [command]/usr/bin/git config --local --unset-all http.https://github.com/.extraheader
2025-08-17T02:10:14.5629634Z [command]/usr/bin/git submodule foreach --recursive sh -c "git config --local --name-only --get-regexp 'http\.https\:\/\/github\.com\/\.extraheader' && git config --local --unset-all 'http.https://github.com/.extraheader' || :"
2025-08-17T02:10:14.5967720Z Cleaning up orphan processes
