2025-08-17T03:00:57.9517178Z Current runner version: '2.327.1'
2025-08-17T03:00:57.9549532Z ##[group]Runner Image Provisioner
2025-08-17T03:00:57.9550808Z Hosted Compute Agent
2025-08-17T03:00:57.9551683Z Version: 20250812.370
2025-08-17T03:00:57.9552640Z Commit: 4a2b2bf7520004e3e907c2150c8cabe342a3da32
2025-08-17T03:00:57.9553723Z Build Date: 2025-08-12T16:08:14Z
2025-08-17T03:00:57.9554619Z ##[endgroup]
2025-08-17T03:00:57.9555498Z ##[group]Operating System
2025-08-17T03:00:57.9556371Z Ubuntu
2025-08-17T03:00:57.9557367Z 24.04.2
2025-08-17T03:00:57.9558076Z LTS
2025-08-17T03:00:57.9558926Z ##[endgroup]
2025-08-17T03:00:57.9559755Z ##[group]Runner Image
2025-08-17T03:00:57.9560534Z Image: ubuntu-24.04
2025-08-17T03:00:57.9561572Z Version: 20250810.1.0
2025-08-17T03:00:57.9563195Z Included Software: https://github.com/actions/runner-images/blob/ubuntu24/20250810.1/images/ubuntu/Ubuntu2404-Readme.md
2025-08-17T03:00:57.9565843Z Image Release: https://github.com/actions/runner-images/releases/tag/ubuntu24%2F20250810.1
2025-08-17T03:00:57.9567647Z ##[endgroup]
2025-08-17T03:00:57.9571878Z ##[group]GITHUB_TOKEN Permissions
2025-08-17T03:00:57.9574614Z Actions: write
2025-08-17T03:00:57.9575545Z Attestations: write
2025-08-17T03:00:57.9576288Z Checks: write
2025-08-17T03:00:57.9577258Z Contents: write
2025-08-17T03:00:57.9578128Z Deployments: write
2025-08-17T03:00:57.9579000Z Discussions: write
2025-08-17T03:00:57.9579711Z Issues: write
2025-08-17T03:00:57.9580531Z Metadata: read
2025-08-17T03:00:57.9581342Z Models: read
2025-08-17T03:00:57.9582109Z Packages: write
2025-08-17T03:00:57.9582958Z Pages: write
2025-08-17T03:00:57.9583713Z PullRequests: write
2025-08-17T03:00:57.9584596Z RepositoryProjects: write
2025-08-17T03:00:57.9586056Z SecurityEvents: write
2025-08-17T03:00:57.9587222Z Statuses: write
2025-08-17T03:00:57.9587963Z ##[endgroup]
2025-08-17T03:00:57.9591275Z Secret source: Actions
2025-08-17T03:00:57.9592829Z Prepare workflow directory
2025-08-17T03:00:58.0040087Z Prepare all required actions
2025-08-17T03:00:58.0094888Z Getting action download info
2025-08-17T03:00:58.2764445Z Download action repository 'actions/checkout@v4' (SHA:08eba0b27e820071cde6df949e0beb9ba4906955)
2025-08-17T03:00:58.5986401Z Download action repository 'actions/setup-python@v5' (SHA:a26af69be951a213d495a4c3e4e4022e16d87065)
2025-08-17T03:00:58.8371311Z Download action repository 'peaceiris/actions-gh-pages@v3' (SHA:373f7f263a76c20808c831209c920827a82a2847)
2025-08-17T03:00:59.1249423Z Complete job name: publish
2025-08-17T03:00:59.1971335Z ##[group]Run actions/checkout@v4
2025-08-17T03:00:59.1972329Z with:
2025-08-17T03:00:59.1972820Z   repository: AlexBomber12/AWA-App
2025-08-17T03:00:59.1973932Z   token: ***
2025-08-17T03:00:59.1974416Z   ssh-strict: true
2025-08-17T03:00:59.1974908Z   ssh-user: git
2025-08-17T03:00:59.1975445Z   persist-credentials: true
2025-08-17T03:00:59.1976112Z   clean: true
2025-08-17T03:00:59.1976810Z   sparse-checkout-cone-mode: true
2025-08-17T03:00:59.1977623Z   fetch-depth: 1
2025-08-17T03:00:59.1978123Z   fetch-tags: false
2025-08-17T03:00:59.1978657Z   show-progress: true
2025-08-17T03:00:59.1979198Z   lfs: false
2025-08-17T03:00:59.1979657Z   submodules: false
2025-08-17T03:00:59.1980226Z   set-safe-directory: true
2025-08-17T03:00:59.1981147Z ##[endgroup]
2025-08-17T03:00:59.3042005Z Syncing repository: AlexBomber12/AWA-App
2025-08-17T03:00:59.3044122Z ##[group]Getting Git version info
2025-08-17T03:00:59.3045067Z Working directory is '/home/runner/work/AWA-App/AWA-App'
2025-08-17T03:00:59.3046512Z [command]/usr/bin/git version
2025-08-17T03:00:59.3072509Z git version 2.50.1
2025-08-17T03:00:59.3098832Z ##[endgroup]
2025-08-17T03:00:59.3120903Z Temporarily overriding HOME='/home/runner/work/_temp/157d0821-2113-4ea6-a2a9-294ff1765d59' before making global git config changes
2025-08-17T03:00:59.3123915Z Adding repository directory to the temporary git global config as a safe directory
2025-08-17T03:00:59.3126808Z [command]/usr/bin/git config --global --add safe.directory /home/runner/work/AWA-App/AWA-App
2025-08-17T03:00:59.3159428Z Deleting the contents of '/home/runner/work/AWA-App/AWA-App'
2025-08-17T03:00:59.3163029Z ##[group]Initializing the repository
2025-08-17T03:00:59.3166758Z [command]/usr/bin/git init /home/runner/work/AWA-App/AWA-App
2025-08-17T03:00:59.3220112Z hint: Using 'master' as the name for the initial branch. This default branch name
2025-08-17T03:00:59.3222008Z hint: is subject to change. To configure the initial branch name to use in all
2025-08-17T03:00:59.3223751Z hint: of your new repositories, which will suppress this warning, call:
2025-08-17T03:00:59.3224744Z hint:
2025-08-17T03:00:59.3225379Z hint: 	git config --global init.defaultBranch <name>
2025-08-17T03:00:59.3226192Z hint:
2025-08-17T03:00:59.3227171Z hint: Names commonly chosen instead of 'master' are 'main', 'trunk' and
2025-08-17T03:00:59.3228780Z hint: 'development'. The just-created branch can be renamed via this command:
2025-08-17T03:00:59.3229855Z hint:
2025-08-17T03:00:59.3230306Z hint: 	git branch -m <name>
2025-08-17T03:00:59.3230920Z hint:
2025-08-17T03:00:59.3231769Z hint: Disable this message with "git config set advice.defaultBranchName false"
2025-08-17T03:00:59.3233515Z Initialized empty Git repository in /home/runner/work/AWA-App/AWA-App/.git/
2025-08-17T03:00:59.3237753Z [command]/usr/bin/git remote add origin https://github.com/AlexBomber12/AWA-App
2025-08-17T03:00:59.3267519Z ##[endgroup]
2025-08-17T03:00:59.3269128Z ##[group]Disabling automatic garbage collection
2025-08-17T03:00:59.3271745Z [command]/usr/bin/git config --local gc.auto 0
2025-08-17T03:00:59.3300653Z ##[endgroup]
2025-08-17T03:00:59.3302234Z ##[group]Setting up auth
2025-08-17T03:00:59.3308409Z [command]/usr/bin/git config --local --name-only --get-regexp core\.sshCommand
2025-08-17T03:00:59.3340116Z [command]/usr/bin/git submodule foreach --recursive sh -c "git config --local --name-only --get-regexp 'core\.sshCommand' && git config --local --unset-all 'core.sshCommand' || :"
2025-08-17T03:00:59.3589375Z [command]/usr/bin/git config --local --name-only --get-regexp http\.https\:\/\/github\.com\/\.extraheader
2025-08-17T03:00:59.3620822Z [command]/usr/bin/git submodule foreach --recursive sh -c "git config --local --name-only --get-regexp 'http\.https\:\/\/github\.com\/\.extraheader' && git config --local --unset-all 'http.https://github.com/.extraheader' || :"
2025-08-17T03:00:59.3838939Z [command]/usr/bin/git config --local http.https://github.com/.extraheader AUTHORIZATION: basic ***
2025-08-17T03:00:59.3872872Z ##[endgroup]
2025-08-17T03:00:59.3874578Z ##[group]Fetching the repository
2025-08-17T03:00:59.3891823Z [command]/usr/bin/git -c protocol.version=2 fetch --no-tags --prune --no-recurse-submodules --depth=1 origin +d311cb98c675c79b46da7308d923ff5c71746a1e:refs/remotes/origin/main
2025-08-17T03:00:59.6390418Z From https://github.com/AlexBomber12/AWA-App
2025-08-17T03:00:59.6394419Z  * [new ref]         d311cb98c675c79b46da7308d923ff5c71746a1e -> origin/main
2025-08-17T03:00:59.6414512Z ##[endgroup]
2025-08-17T03:00:59.6416345Z ##[group]Determining the checkout info
2025-08-17T03:00:59.6418663Z ##[endgroup]
2025-08-17T03:00:59.6422859Z [command]/usr/bin/git sparse-checkout disable
2025-08-17T03:00:59.6463781Z [command]/usr/bin/git config --local --unset-all extensions.worktreeConfig
2025-08-17T03:00:59.6494202Z ##[group]Checking out the ref
2025-08-17T03:00:59.6498640Z [command]/usr/bin/git checkout --progress --force -B main refs/remotes/origin/main
2025-08-17T03:00:59.6816138Z Switched to a new branch 'main'
2025-08-17T03:00:59.6818160Z branch 'main' set up to track 'origin/main'.
2025-08-17T03:00:59.6825918Z ##[endgroup]
2025-08-17T03:00:59.6861853Z [command]/usr/bin/git log -1 --format=%H
2025-08-17T03:00:59.6885497Z d311cb98c675c79b46da7308d923ff5c71746a1e
2025-08-17T03:00:59.7161790Z ##[group]Run actions/setup-python@v5
2025-08-17T03:00:59.7162807Z with:
2025-08-17T03:00:59.7163572Z   python-version: 3.11
2025-08-17T03:00:59.7164431Z   check-latest: false
2025-08-17T03:00:59.7165496Z   token: ***
2025-08-17T03:00:59.7166302Z   update-environment: true
2025-08-17T03:00:59.7167601Z   allow-prereleases: false
2025-08-17T03:00:59.7168501Z   freethreaded: false
2025-08-17T03:00:59.7169328Z ##[endgroup]
2025-08-17T03:00:59.8815587Z ##[group]Installed versions
2025-08-17T03:00:59.8927984Z Successfully set up CPython (3.11.13)
2025-08-17T03:00:59.8930307Z ##[endgroup]
2025-08-17T03:00:59.9071036Z ##[group]Run pip install pydoc-markdown
2025-08-17T03:00:59.9072340Z [36;1mpip install pydoc-markdown[0m
2025-08-17T03:00:59.9274395Z shell: /usr/bin/bash -e {0}
2025-08-17T03:00:59.9275400Z env:
2025-08-17T03:00:59.9276383Z   pythonLocation: /opt/hostedtoolcache/Python/3.11.13/x64
2025-08-17T03:00:59.9278286Z   PKG_CONFIG_PATH: /opt/hostedtoolcache/Python/3.11.13/x64/lib/pkgconfig
2025-08-17T03:00:59.9279756Z   Python_ROOT_DIR: /opt/hostedtoolcache/Python/3.11.13/x64
2025-08-17T03:00:59.9281096Z   Python2_ROOT_DIR: /opt/hostedtoolcache/Python/3.11.13/x64
2025-08-17T03:00:59.9282866Z   Python3_ROOT_DIR: /opt/hostedtoolcache/Python/3.11.13/x64
2025-08-17T03:00:59.9284201Z   LD_LIBRARY_PATH: /opt/hostedtoolcache/Python/3.11.13/x64/lib
2025-08-17T03:00:59.9285408Z ##[endgroup]
2025-08-17T03:01:02.9396235Z Collecting pydoc-markdown
2025-08-17T03:01:02.9785414Z   Downloading pydoc_markdown-4.8.2-py3-none-any.whl.metadata (5.9 kB)
2025-08-17T03:01:03.0217713Z Collecting PyYAML<7.0,>=5.0 (from pydoc-markdown)
2025-08-17T03:01:03.0255771Z   Downloading PyYAML-6.0.2-cp311-cp311-manylinux_2_17_x86_64.manylinux2014_x86_64.whl.metadata (2.1 kB)
2025-08-17T03:01:03.0450182Z Collecting click<9.0,>=7.1 (from pydoc-markdown)
2025-08-17T03:01:03.0486210Z   Downloading click-8.2.1-py3-none-any.whl.metadata (2.5 kB)
2025-08-17T03:01:03.0694262Z Collecting databind.core<5.0.0,>=4.4.0 (from pydoc-markdown)
2025-08-17T03:01:03.0756367Z   Downloading databind.core-4.5.2-py3-none-any.whl.metadata (1.1 kB)
2025-08-17T03:01:03.0961476Z Collecting databind.json<5.0.0,>=4.4.0 (from pydoc-markdown)
2025-08-17T03:01:03.1055359Z   Downloading databind.json-4.5.2-py3-none-any.whl.metadata (1.1 kB)
2025-08-17T03:01:03.1262583Z Collecting docspec<3.0.0,>=2.2.1 (from pydoc-markdown)
2025-08-17T03:01:03.1304668Z   Downloading docspec-2.2.2-py3-none-any.whl.metadata (1.0 kB)
2025-08-17T03:01:03.1437418Z Collecting docspec-python<3.0.0,>=2.2.1 (from pydoc-markdown)
2025-08-17T03:01:03.1473794Z   Downloading docspec_python-2.2.2-py3-none-any.whl.metadata (1.0 kB)
2025-08-17T03:01:03.1588526Z Collecting docstring-parser<0.12,>=0.11 (from pydoc-markdown)
2025-08-17T03:01:03.1629960Z   Downloading docstring_parser-0.11.tar.gz (22 kB)
2025-08-17T03:01:03.1756187Z   Installing build dependencies: started
2025-08-17T03:01:03.9233250Z   Installing build dependencies: finished with status 'done'
2025-08-17T03:01:03.9238516Z   Getting requirements to build wheel: started
2025-08-17T03:01:04.2953606Z   Getting requirements to build wheel: finished with status 'done'
2025-08-17T03:01:04.2968399Z   Preparing metadata (pyproject.toml): started
2025-08-17T03:01:04.4795190Z   Preparing metadata (pyproject.toml): finished with status 'done'
2025-08-17T03:01:04.4947127Z Collecting jinja2<4.0.0,>=3.0.0 (from pydoc-markdown)
2025-08-17T03:01:04.4986113Z   Downloading jinja2-3.1.6-py3-none-any.whl.metadata (2.9 kB)
2025-08-17T03:01:04.5161551Z Collecting nr.util<1.0.0,>=0.7.5 (from pydoc-markdown)
2025-08-17T03:01:04.5223279Z   Downloading nr.util-0.8.12-py3-none-any.whl.metadata (813 bytes)
2025-08-17T03:01:04.5512161Z Collecting requests<3.0.0,>=2.23.0 (from pydoc-markdown)
2025-08-17T03:01:04.5568472Z   Downloading requests-2.32.4-py3-none-any.whl.metadata (4.9 kB)
2025-08-17T03:01:04.5734478Z Collecting tomli<3.0.0,>=2.0.0 (from pydoc-markdown)
2025-08-17T03:01:04.5787194Z   Downloading tomli-2.2.1-cp311-cp311-manylinux_2_17_x86_64.manylinux2014_x86_64.whl.metadata (11 kB)
2025-08-17T03:01:04.5958481Z Collecting tomli_w<2.0.0,>=1.0.0 (from pydoc-markdown)
2025-08-17T03:01:04.6006139Z   Downloading tomli_w-1.2.0-py3-none-any.whl.metadata (5.7 kB)
2025-08-17T03:01:04.6558438Z Collecting watchdog (from pydoc-markdown)
2025-08-17T03:01:04.6599139Z   Downloading watchdog-6.0.0-py3-none-manylinux2014_x86_64.whl.metadata (44 kB)
2025-08-17T03:01:04.6817457Z Collecting yapf>=0.30.0 (from pydoc-markdown)
2025-08-17T03:01:04.6872133Z   Downloading yapf-0.43.0-py3-none-any.whl.metadata (46 kB)
2025-08-17T03:01:04.7104292Z Collecting databind<5.0.0,>=4.5.2 (from databind.core<5.0.0,>=4.4.0->pydoc-markdown)
2025-08-17T03:01:04.7152721Z   Downloading databind-4.5.2-py3-none-any.whl.metadata (4.3 kB)
2025-08-17T03:01:04.7302341Z Collecting Deprecated<2.0.0,>=1.2.12 (from databind<5.0.0,>=4.5.2->databind.core<5.0.0,>=4.4.0->pydoc-markdown)
2025-08-17T03:01:04.7350526Z   Downloading Deprecated-1.2.18-py2.py3-none-any.whl.metadata (5.7 kB)
2025-08-17T03:01:04.7465644Z Collecting nr-date<3.0.0,>=2.0.0 (from databind<5.0.0,>=4.5.2->databind.core<5.0.0,>=4.4.0->pydoc-markdown)
2025-08-17T03:01:04.7520045Z   Downloading nr_date-2.1.0-py3-none-any.whl.metadata (746 bytes)
2025-08-17T03:01:04.7665400Z Collecting nr-stream<2.0.0,>=1.0.0 (from databind<5.0.0,>=4.5.2->databind.core<5.0.0,>=4.4.0->pydoc-markdown)
2025-08-17T03:01:04.7714085Z   Downloading nr_stream-1.1.5-py3-none-any.whl.metadata (3.6 kB)
2025-08-17T03:01:04.7875391Z Collecting typeapi<3,>=2.0.1 (from databind<5.0.0,>=4.5.2->databind.core<5.0.0,>=4.4.0->pydoc-markdown)
2025-08-17T03:01:04.7928095Z   Downloading typeapi-2.2.4-py3-none-any.whl.metadata (1.5 kB)
2025-08-17T03:01:04.8113591Z Collecting typing-extensions<5,>=3.10.0 (from databind<5.0.0,>=4.5.2->databind.core<5.0.0,>=4.4.0->pydoc-markdown)
2025-08-17T03:01:04.8163839Z   Downloading typing_extensions-4.14.1-py3-none-any.whl.metadata (3.0 kB)
2025-08-17T03:01:04.9104637Z Collecting wrapt<2,>=1.10 (from Deprecated<2.0.0,>=1.2.12->databind<5.0.0,>=4.5.2->databind.core<5.0.0,>=4.4.0->pydoc-markdown)
2025-08-17T03:01:04.9145738Z   Downloading wrapt-1.17.3-cp311-cp311-manylinux1_x86_64.manylinux_2_28_x86_64.manylinux_2_5_x86_64.whl.metadata (6.4 kB)
2025-08-17T03:01:04.9681516Z Collecting black>=24.8.0 (from docspec-python<3.0.0,>=2.2.1->pydoc-markdown)
2025-08-17T03:01:04.9728218Z   Downloading black-25.1.0-cp311-cp311-manylinux_2_17_x86_64.manylinux2014_x86_64.manylinux_2_28_x86_64.whl.metadata (81 kB)
2025-08-17T03:01:04.9832272Z Collecting docspec<3.0.0,>=2.2.1 (from pydoc-markdown)
2025-08-17T03:01:04.9873258Z   Downloading docspec-2.2.1-py3-none-any.whl.metadata (1.5 kB)
2025-08-17T03:01:05.0405061Z Collecting MarkupSafe>=2.0 (from jinja2<4.0.0,>=3.0.0->pydoc-markdown)
2025-08-17T03:01:05.0442975Z   Downloading MarkupSafe-3.0.2-cp311-cp311-manylinux_2_17_x86_64.manylinux2014_x86_64.whl.metadata (4.0 kB)
2025-08-17T03:01:05.1345274Z Collecting charset_normalizer<4,>=2 (from requests<3.0.0,>=2.23.0->pydoc-markdown)
2025-08-17T03:01:05.1385911Z   Downloading charset_normalizer-3.4.3-cp311-cp311-manylinux2014_x86_64.manylinux_2_17_x86_64.manylinux_2_28_x86_64.whl.metadata (36 kB)
2025-08-17T03:01:05.1554973Z Collecting idna<4,>=2.5 (from requests<3.0.0,>=2.23.0->pydoc-markdown)
2025-08-17T03:01:05.1595032Z   Downloading idna-3.10-py3-none-any.whl.metadata (10 kB)
2025-08-17T03:01:05.1880612Z Collecting urllib3<3,>=1.21.1 (from requests<3.0.0,>=2.23.0->pydoc-markdown)
2025-08-17T03:01:05.1917772Z   Downloading urllib3-2.5.0-py3-none-any.whl.metadata (6.5 kB)
2025-08-17T03:01:05.2137798Z Collecting certifi>=2017.4.17 (from requests<3.0.0,>=2.23.0->pydoc-markdown)
2025-08-17T03:01:05.2179665Z   Downloading certifi-2025.8.3-py3-none-any.whl.metadata (2.4 kB)
2025-08-17T03:01:05.2411577Z Collecting mypy-extensions>=0.4.3 (from black>=24.8.0->docspec-python<3.0.0,>=2.2.1->pydoc-markdown)
2025-08-17T03:01:05.2454141Z   Downloading mypy_extensions-1.1.0-py3-none-any.whl.metadata (1.1 kB)
2025-08-17T03:01:05.2612338Z Collecting packaging>=22.0 (from black>=24.8.0->docspec-python<3.0.0,>=2.2.1->pydoc-markdown)
2025-08-17T03:01:05.2649758Z   Downloading packaging-25.0-py3-none-any.whl.metadata (3.3 kB)
2025-08-17T03:01:05.2777515Z Collecting pathspec>=0.9.0 (from black>=24.8.0->docspec-python<3.0.0,>=2.2.1->pydoc-markdown)
2025-08-17T03:01:05.2814549Z   Downloading pathspec-0.12.1-py3-none-any.whl.metadata (21 kB)
2025-08-17T03:01:05.3018963Z Collecting platformdirs>=2 (from black>=24.8.0->docspec-python<3.0.0,>=2.2.1->pydoc-markdown)
2025-08-17T03:01:05.3128647Z   Downloading platformdirs-4.3.8-py3-none-any.whl.metadata (12 kB)
2025-08-17T03:01:05.3304983Z Downloading pydoc_markdown-4.8.2-py3-none-any.whl (67 kB)
2025-08-17T03:01:05.3367773Z Downloading click-8.2.1-py3-none-any.whl (102 kB)
2025-08-17T03:01:05.3434804Z Downloading databind.core-4.5.2-py3-none-any.whl (1.5 kB)
2025-08-17T03:01:05.3503524Z Downloading databind-4.5.2-py3-none-any.whl (49 kB)
2025-08-17T03:01:05.3573590Z Downloading databind.json-4.5.2-py3-none-any.whl (1.5 kB)
2025-08-17T03:01:05.3632417Z Downloading Deprecated-1.2.18-py2.py3-none-any.whl (10.0 kB)
2025-08-17T03:01:05.3699879Z Downloading docspec_python-2.2.2-py3-none-any.whl (15 kB)
2025-08-17T03:01:05.3781678Z Downloading docspec-2.2.1-py3-none-any.whl (9.8 kB)
2025-08-17T03:01:05.3836085Z Downloading jinja2-3.1.6-py3-none-any.whl (134 kB)
2025-08-17T03:01:05.3901270Z Downloading nr_date-2.1.0-py3-none-any.whl (10 kB)
2025-08-17T03:01:05.3964925Z Downloading nr_stream-1.1.5-py3-none-any.whl (10 kB)
2025-08-17T03:01:05.4037126Z Downloading nr.util-0.8.12-py3-none-any.whl (90 kB)
2025-08-17T03:01:05.4095306Z Downloading PyYAML-6.0.2-cp311-cp311-manylinux_2_17_x86_64.manylinux2014_x86_64.whl (762 kB)
2025-08-17T03:01:05.4187082Z    ━━━━━━━━━━━━━━━━━━━━━━━━━━━━━━━━━━━━━━━━ 763.0/763.0 kB 99.9 MB/s  0:00:00
2025-08-17T03:01:05.4221573Z Downloading requests-2.32.4-py3-none-any.whl (64 kB)
2025-08-17T03:01:05.4283920Z Downloading charset_normalizer-3.4.3-cp311-cp311-manylinux2014_x86_64.manylinux_2_17_x86_64.manylinux_2_28_x86_64.whl (150 kB)
2025-08-17T03:01:05.4342570Z Downloading idna-3.10-py3-none-any.whl (70 kB)
2025-08-17T03:01:05.4400022Z Downloading tomli-2.2.1-cp311-cp311-manylinux_2_17_x86_64.manylinux2014_x86_64.whl (236 kB)
2025-08-17T03:01:05.4477283Z Downloading tomli_w-1.2.0-py3-none-any.whl (6.7 kB)
2025-08-17T03:01:05.4535480Z Downloading typeapi-2.2.4-py3-none-any.whl (26 kB)
2025-08-17T03:01:05.4590999Z Downloading typing_extensions-4.14.1-py3-none-any.whl (43 kB)
2025-08-17T03:01:05.4647741Z Downloading urllib3-2.5.0-py3-none-any.whl (129 kB)
2025-08-17T03:01:05.4707662Z Downloading wrapt-1.17.3-cp311-cp311-manylinux1_x86_64.manylinux_2_28_x86_64.manylinux_2_5_x86_64.whl (82 kB)
2025-08-17T03:01:05.4764071Z Downloading black-25.1.0-cp311-cp311-manylinux_2_17_x86_64.manylinux2014_x86_64.manylinux_2_28_x86_64.whl (1.7 MB)
2025-08-17T03:01:05.4874812Z    ━━━━━━━━━━━━━━━━━━━━━━━━━━━━━━━━━━━━━━━━ 1.7/1.7 MB 172.2 MB/s  0:00:00
2025-08-17T03:01:05.4912010Z Downloading certifi-2025.8.3-py3-none-any.whl (161 kB)
2025-08-17T03:01:05.4972684Z Downloading MarkupSafe-3.0.2-cp311-cp311-manylinux_2_17_x86_64.manylinux2014_x86_64.whl (23 kB)
2025-08-17T03:01:05.5028478Z Downloading mypy_extensions-1.1.0-py3-none-any.whl (5.0 kB)
2025-08-17T03:01:05.5082757Z Downloading packaging-25.0-py3-none-any.whl (66 kB)
2025-08-17T03:01:05.5140062Z Downloading pathspec-0.12.1-py3-none-any.whl (31 kB)
2025-08-17T03:01:05.5197870Z Downloading platformdirs-4.3.8-py3-none-any.whl (18 kB)
2025-08-17T03:01:05.5256149Z Downloading yapf-0.43.0-py3-none-any.whl (256 kB)
2025-08-17T03:01:05.5366252Z Downloading watchdog-6.0.0-py3-none-manylinux2014_x86_64.whl (79 kB)
2025-08-17T03:01:05.5668314Z Building wheels for collected packages: docstring-parser
2025-08-17T03:01:05.5675838Z   Building wheel for docstring-parser (pyproject.toml): started
2025-08-17T03:01:05.7833055Z   Building wheel for docstring-parser (pyproject.toml): finished with status 'done'
2025-08-17T03:01:05.7839724Z   Created wheel for docstring-parser: filename=docstring_parser-0.11-py3-none-any.whl size=31551 sha256=a8a30fb45b3a5b79b8be312a96a7917e321c065f1f4bdcde12b7d3b238afcf90
2025-08-17T03:01:05.7841013Z   Stored in directory: /home/runner/.cache/pip/wheels/0f/f9/78/1186f8bf3425dbd3fb3fa32beee828876c792f49eb2554e888
2025-08-17T03:01:05.7857489Z Successfully built docstring-parser
2025-08-17T03:01:05.8320714Z Installing collected packages: wrapt, watchdog, urllib3, typing-extensions, tomli_w, tomli, PyYAML, platformdirs, pathspec, packaging, nr-stream, nr-date, mypy-extensions, MarkupSafe, idna, docstring-parser, click, charset_normalizer, certifi, yapf, typeapi, requests, jinja2, Deprecated, black, nr.util, databind, databind.json, databind.core, docspec, docspec-python, pydoc-markdown
2025-08-17T03:01:06.9560529Z 
2025-08-17T03:01:06.9582451Z Successfully installed Deprecated-1.2.18 MarkupSafe-3.0.2 PyYAML-6.0.2 black-25.1.0 certifi-2025.8.3 charset_normalizer-3.4.3 click-8.2.1 databind-4.5.2 databind.core-4.5.2 databind.json-4.5.2 docspec-2.2.1 docspec-python-2.2.2 docstring-parser-0.11 idna-3.10 jinja2-3.1.6 mypy-extensions-1.1.0 nr-date-2.1.0 nr-stream-1.1.5 nr.util-0.8.12 packaging-25.0 pathspec-0.12.1 platformdirs-4.3.8 pydoc-markdown-4.8.2 requests-2.32.4 tomli-2.2.1 tomli_w-1.2.0 typeapi-2.2.4 typing-extensions-4.14.1 urllib3-2.5.0 watchdog-6.0.0 wrapt-1.17.3 yapf-0.43.0
2025-08-17T03:01:07.1336550Z ##[group]Run pydoc-markdown
2025-08-17T03:01:07.1336854Z [36;1mpydoc-markdown[0m
2025-08-17T03:01:07.1380414Z shell: /usr/bin/bash -e {0}
2025-08-17T03:01:07.1380627Z env:
2025-08-17T03:01:07.1380861Z   pythonLocation: /opt/hostedtoolcache/Python/3.11.13/x64
2025-08-17T03:01:07.1381258Z   PKG_CONFIG_PATH: /opt/hostedtoolcache/Python/3.11.13/x64/lib/pkgconfig
2025-08-17T03:01:07.1381630Z   Python_ROOT_DIR: /opt/hostedtoolcache/Python/3.11.13/x64
2025-08-17T03:01:07.1381964Z   Python2_ROOT_DIR: /opt/hostedtoolcache/Python/3.11.13/x64
2025-08-17T03:01:07.1382292Z   Python3_ROOT_DIR: /opt/hostedtoolcache/Python/3.11.13/x64
2025-08-17T03:01:07.1382623Z   LD_LIBRARY_PATH: /opt/hostedtoolcache/Python/3.11.13/x64/lib
2025-08-17T03:01:07.1382893Z ##[endgroup]
2025-08-17T03:01:07.4762516Z [WARNING - pydoc_markdown.main]: Unknown configuration options:
2025-08-17T03:01:07.4763259Z Unknown key(s) "{'output_directory'}" at:
2025-08-17T03:01:07.4763542Z In "pydoc-markdown.yml"
2025-08-17T03:01:07.4763891Z   $: TypeHint(pydoc_markdown.PydocMarkdown)
2025-08-17T03:01:07.4764266Z   .renderer: TypeHint(pydoc_markdown.interfaces.Renderer)
2025-08-17T03:01:07.4764726Z   ^: TypeHint(pydoc_markdown.contrib.renderers.markdown.MarkdownRenderer)
2025-08-17T03:01:07.4765037Z 
2025-08-17T03:01:07.6859837Z <a id="__init__"></a>
2025-08-17T03:01:07.6860231Z 
2025-08-17T03:01:07.6860360Z # \_\_init\_\_
2025-08-17T03:01:07.6860569Z 
2025-08-17T03:01:07.6860698Z <a id="api"></a>
2025-08-17T03:01:07.6860895Z 
2025-08-17T03:01:07.6861009Z # api
2025-08-17T03:01:07.6861178Z 
2025-08-17T03:01:07.6861328Z <a id="api.tests.test_llm"></a>
2025-08-17T03:01:07.6861595Z 
2025-08-17T03:01:07.6861734Z # api.tests.test\_llm
2025-08-17T03:01:07.6861947Z 
2025-08-17T03:01:07.6862101Z <a id="api.tests.test_imports"></a>
2025-08-17T03:01:07.6862405Z 
2025-08-17T03:01:07.6862553Z # api.tests.test\_imports
2025-08-17T03:01:07.6862793Z 
2025-08-17T03:01:07.6862957Z <a id="api.tests.test_entrypoint"></a>
2025-08-17T03:01:07.6863258Z 
2025-08-17T03:01:07.6863436Z # api.tests.test\_entrypoint
2025-08-17T03:01:07.6863706Z 
2025-08-17T03:01:07.6863868Z <a id="api.tests.test_health"></a>
2025-08-17T03:01:07.6864147Z 
2025-08-17T03:01:07.6864286Z # api.tests.test\_health
2025-08-17T03:01:07.6864518Z 
2025-08-17T03:01:07.6864677Z <a id="api.migrations.env"></a>
2025-08-17T03:01:07.6864936Z 
2025-08-17T03:01:07.6865072Z # api.migrations.env
2025-08-17T03:01:07.6865289Z 
2025-08-17T03:01:07.6865513Z <a id="api.migrations.versions.0022_fix_roi_view"></a>
2025-08-17T03:01:07.6865880Z 
2025-08-17T03:01:07.6866081Z # api.migrations.versions.0022\_fix\_roi\_view
2025-08-17T03:01:07.6866428Z 
2025-08-17T03:01:07.6866628Z <a id="api.migrations.versions.0004_fee_cron"></a>
2025-08-17T03:01:07.6867429Z 
2025-08-17T03:01:07.6867674Z # api.migrations.versions.0004\_fee\_cron
2025-08-17T03:01:07.6867997Z 
2025-08-17T03:01:07.6868276Z <a id="api.migrations.versions.3e9d5c5aff2c_rename_fulf_fee"></a>
2025-08-17T03:01:07.6868719Z 
2025-08-17T03:01:07.6868977Z # api.migrations.versions.3e9d5c5aff2c\_rename\_fulf\_fee
2025-08-17T03:01:07.6869753Z 
2025-08-17T03:01:07.6870001Z <a id="api.migrations.versions.0003_vendor_prices"></a>
2025-08-17T03:01:07.6870379Z 
2025-08-17T03:01:07.6870574Z # api.migrations.versions.0003\_vendor\_prices
2025-08-17T03:01:07.6870910Z 
2025-08-17T03:01:07.6871128Z <a id="api.migrations.versions.0024_create_buybox"></a>
2025-08-17T03:01:07.6871502Z 
2025-08-17T03:01:07.6871697Z # api.migrations.versions.0024\_create\_buybox
2025-08-17T03:01:07.6872038Z 
2025-08-17T03:01:07.6872274Z <a id="api.migrations.versions.0002_create_roi_view"></a>
2025-08-17T03:01:07.6872654Z 
2025-08-17T03:01:07.6872864Z # api.migrations.versions.0002\_create\_roi\_view
2025-08-17T03:01:07.6873210Z 
2025-08-17T03:01:07.6873425Z <a id="api.migrations.versions.0006_fix_roi_views"></a>
2025-08-17T03:01:07.6873783Z 
2025-08-17T03:01:07.6873976Z # api.migrations.versions.0006\_fix\_roi\_views
2025-08-17T03:01:07.6874300Z 
2025-08-17T03:01:07.6874855Z <a id="api.migrations.versions.0020_unified_schema"></a>
2025-08-17T03:01:07.6875277Z 
2025-08-17T03:01:07.6875477Z # api.migrations.versions.0020\_unified\_schema
2025-08-17T03:01:07.6875822Z 
2025-08-17T03:01:07.6876061Z <a id="api.migrations.versions.0023_add_storage_fee"></a>
2025-08-17T03:01:07.6876437Z 
2025-08-17T03:01:07.6876640Z # api.migrations.versions.0023\_add\_storage\_fee
2025-08-17T03:01:07.6877231Z 
2025-08-17T03:01:07.6877441Z <a id="api.migrations.versions.0001_baseline"></a>
2025-08-17T03:01:07.6877790Z 
2025-08-17T03:01:07.6877971Z # api.migrations.versions.0001\_baseline
2025-08-17T03:01:07.6878273Z 
2025-08-17T03:01:07.6878430Z <a id="api.migrations.versions"></a>
2025-08-17T03:01:07.6878718Z 
2025-08-17T03:01:07.6878872Z # api.migrations.versions
2025-08-17T03:01:07.6879105Z 
2025-08-17T03:01:07.6879245Z <a id="api.migrations"></a>
2025-08-17T03:01:07.6879492Z 
2025-08-17T03:01:07.6879614Z # api.migrations
2025-08-17T03:01:07.6879807Z 
2025-08-17T03:01:07.6879934Z <a id="api.db"></a>
2025-08-17T03:01:07.6880134Z 
2025-08-17T03:01:07.6880257Z # api.db
2025-08-17T03:01:07.6880412Z 
2025-08-17T03:01:07.6880559Z <a id="api.routes.stats"></a>
2025-08-17T03:01:07.6880809Z 
2025-08-17T03:01:07.6880934Z # api.routes.stats
2025-08-17T03:01:07.6881139Z 
2025-08-17T03:01:07.6881296Z <a id="api.routes.stats.kpi"></a>
2025-08-17T03:01:07.6881568Z 
2025-08-17T03:01:07.6881679Z #### kpi
2025-08-17T03:01:07.6881841Z 
2025-08-17T03:01:07.6881955Z ```python
2025-08-17T03:01:07.6882263Z @router.get("/stats/kpi")
2025-08-17T03:01:07.6882671Z def kpi() -> List[Dict[str, int]]
2025-08-17T03:01:07.6883053Z ```
2025-08-17T03:01:07.6883209Z 
2025-08-17T03:01:07.6883360Z Return KPI metrics (mock).
2025-08-17T03:01:07.6883618Z 
2025-08-17T03:01:07.6883795Z <a id="api.routes.stats.roi_by_vendor"></a>
2025-08-17T03:01:07.6884115Z 
2025-08-17T03:01:07.6884236Z #### roi\_by\_vendor
2025-08-17T03:01:07.6884442Z 
2025-08-17T03:01:07.6884553Z ```python
2025-08-17T03:01:07.6884861Z @router.get("/stats/roi_by_vendor")
2025-08-17T03:01:07.6885305Z def roi_by_vendor() -> List[Dict[str, int]]
2025-08-17T03:01:07.6885921Z ```
2025-08-17T03:01:07.6886072Z 
2025-08-17T03:01:07.6886217Z Return ROI percent by vendor.
2025-08-17T03:01:07.6886481Z 
2025-08-17T03:01:07.6886647Z <a id="api.routes.stats.roi_trend"></a>
2025-08-17T03:01:07.6887121Z 
2025-08-17T03:01:07.6887242Z #### roi\_trend
2025-08-17T03:01:07.6887430Z 
2025-08-17T03:01:07.6887541Z ```python
2025-08-17T03:01:07.6887842Z @router.get("/stats/roi_trend")
2025-08-17T03:01:07.6888260Z def roi_trend() -> List[Dict[str, int | str]]
2025-08-17T03:01:07.6888683Z ```
2025-08-17T03:01:07.6888831Z 
2025-08-17T03:01:07.6888962Z Return 30-day ROI trend.
2025-08-17T03:01:07.6889195Z 
2025-08-17T03:01:07.6889336Z <a id="api.routes.roi"></a>
2025-08-17T03:01:07.6889574Z 
2025-08-17T03:01:07.6889693Z # api.routes.roi
2025-08-17T03:01:07.6889887Z 
2025-08-17T03:01:07.6890031Z <a id="api.routes.health"></a>
2025-08-17T03:01:07.6890284Z 
2025-08-17T03:01:07.6890414Z # api.routes.health
2025-08-17T03:01:07.6890627Z 
2025-08-17T03:01:07.6890791Z <a id="api.routes.health.MAX_SKEW"></a>
2025-08-17T03:01:07.6891412Z 
2025-08-17T03:01:07.6891534Z #### MAX\_SKEW
2025-08-17T03:01:07.6891714Z 
2025-08-17T03:01:07.6891973Z seconds
2025-08-17T03:01:07.6892138Z 
2025-08-17T03:01:07.6892307Z <a id="api.routes.health.health"></a>
2025-08-17T03:01:07.6892611Z 
2025-08-17T03:01:07.6892736Z #### health
2025-08-17T03:01:07.6892897Z 
2025-08-17T03:01:07.6893013Z ```python
2025-08-17T03:01:07.6893375Z @router.get("/health", include_in_schema=False)
2025-08-17T03:01:07.6894050Z async def health(session: AsyncSession = Depends(get_session)) -> JSONResponse
2025-08-17T03:01:07.6894655Z ```
2025-08-17T03:01:07.6894808Z 
2025-08-17T03:01:07.6895026Z Return 200 when DB reachable and clocks are in sync.
2025-08-17T03:01:07.6895377Z 
2025-08-17T03:01:07.6895539Z <a id="api.routes.repository"></a>
2025-08-17T03:01:07.6895821Z 
2025-08-17T03:01:07.6895970Z # api.routes.repository
2025-08-17T03:01:07.6896192Z 
2025-08-17T03:01:07.6896570Z <a id="api.routes"></a>
2025-08-17T03:01:07.6896817Z 
2025-08-17T03:01:07.6897128Z # api.routes
2025-08-17T03:01:07.6897315Z 
2025-08-17T03:01:07.6897465Z <a id="api.models.fee"></a>
2025-08-17T03:01:07.6897712Z 
2025-08-17T03:01:07.6897832Z # api.models.fee
2025-08-17T03:01:07.6898018Z 
2025-08-17T03:01:07.6898157Z <a id="api.models"></a>
2025-08-17T03:01:07.6898366Z 
2025-08-17T03:01:07.6898480Z # api.models
2025-08-17T03:01:07.6898658Z 
2025-08-17T03:01:07.6898799Z <a id="api.roi_repository"></a>
2025-08-17T03:01:07.6899029Z 
2025-08-17T03:01:07.6899148Z # api.roi\_repository
2025-08-17T03:01:07.6899345Z 
2025-08-17T03:01:07.6899460Z <a id="api.main"></a>
2025-08-17T03:01:07.6899647Z 
2025-08-17T03:01:07.6899754Z # api.main
2025-08-17T03:01:07.6899918Z 
2025-08-17T03:01:07.6900051Z <a id="api.main.ready"></a>
2025-08-17T03:01:07.6900291Z 
2025-08-17T03:01:07.6900398Z #### ready
2025-08-17T03:01:07.6900552Z 
2025-08-17T03:01:07.6900666Z ```python
2025-08-17T03:01:07.6901141Z @app.get("/ready", status_code=status.HTTP_200_OK, include_in_schema=False)
2025-08-17T03:01:07.6901926Z async def ready(session: AsyncSession = Depends(get_session)) -> dict[str,
2025-08-17T03:01:07.6902547Z                                                                       str]
2025-08-17T03:01:07.6902968Z ```
2025-08-17T03:01:07.6903115Z 
2025-08-17T03:01:07.6903293Z Return 200 only when migrations are at head.
2025-08-17T03:01:07.6903619Z 
2025-08-17T03:01:07.6903758Z <a id="api.config"></a>
2025-08-17T03:01:07.6903977Z 
2025-08-17T03:01:07.6904093Z # api.config
2025-08-17T03:01:07.6904268Z 
2025-08-17T03:01:07.6904383Z <a id="etl"></a>
2025-08-17T03:01:07.6904565Z 
2025-08-17T03:01:07.6904679Z # etl
2025-08-17T03:01:07.6904831Z 
2025-08-17T03:01:07.6904974Z <a id="etl.fba_fee_ingestor"></a>
2025-08-17T03:01:07.6905243Z 
2025-08-17T03:01:07.6905376Z # etl.fba\_fee\_ingestor
2025-08-17T03:01:07.6905596Z 
2025-08-17T03:01:07.6905741Z <a id="etl.sp_fees_ingestor"></a>
2025-08-17T03:01:07.6906011Z 
2025-08-17T03:01:07.6906151Z # etl.sp\_fees\_ingestor
2025-08-17T03:01:07.6906377Z 
2025-08-17T03:01:07.6906525Z <a id="etl.keepa_ingestor"></a>
2025-08-17T03:01:07.6906774Z 
2025-08-17T03:01:07.6907112Z # etl.keepa\_ingestor
2025-08-17T03:01:07.6907332Z 
2025-08-17T03:01:07.6907463Z <a id="etl.db"></a>
2025-08-17T03:01:07.6907655Z 
2025-08-17T03:01:07.6907763Z # etl.db
2025-08-17T03:01:07.6907927Z 
2025-08-17T03:01:07.6908115Z <a id="etl.dialects.amazon_reimbursements"></a>
2025-08-17T03:01:07.6908449Z 
2025-08-17T03:01:07.6908619Z # etl.dialects.amazon\_reimbursements
2025-08-17T03:01:07.6908911Z 
2025-08-17T03:01:07.6909073Z <a id="etl.dialects.amazon_returns"></a>
2025-08-17T03:01:07.6909382Z 
2025-08-17T03:01:07.6909541Z # etl.dialects.amazon\_returns
2025-08-17T03:01:07.6909800Z 
2025-08-17T03:01:07.6909944Z <a id="etl.dialects"></a>
2025-08-17T03:01:07.6910183Z 
2025-08-17T03:01:07.6910300Z # etl.dialects
2025-08-17T03:01:07.6910482Z 
2025-08-17T03:01:07.6910600Z <a id="ingest"></a>
2025-08-17T03:01:07.6910801Z 
2025-08-17T03:01:07.6910923Z # ingest
2025-08-17T03:01:07.6911077Z 
2025-08-17T03:01:07.6911488Z <a id="ingest.tests.test_smoke"></a>
2025-08-17T03:01:07.6911784Z 
2025-08-17T03:01:07.6911927Z # ingest.tests.test\_smoke
2025-08-17T03:01:07.6912178Z 
2025-08-17T03:01:07.6912311Z <a id="ingest.tests"></a>
2025-08-17T03:01:07.6912561Z 
2025-08-17T03:01:07.6912688Z # ingest.tests
2025-08-17T03:01:07.6912935Z 
2025-08-17T03:01:07.6913088Z <a id="ingest.upload_router"></a>
2025-08-17T03:01:07.6913363Z 
2025-08-17T03:01:07.6913498Z # ingest.upload\_router
2025-08-17T03:01:07.6913717Z 
2025-08-17T03:01:07.6913865Z <a id="ingest.email_watcher"></a>
2025-08-17T03:01:07.6914136Z 
2025-08-17T03:01:07.6914263Z # ingest.email\_watcher
2025-08-17T03:01:07.6914475Z 
2025-08-17T03:01:07.6914637Z <a id="ingest.email_watcher.main"></a>
2025-08-17T03:01:07.6914937Z 
2025-08-17T03:01:07.6915061Z #### main
2025-08-17T03:01:07.6915224Z 
2025-08-17T03:01:07.6915340Z ```python
2025-08-17T03:01:07.6915663Z def main() -> dict[str, str]
2025-08-17T03:01:07.6916014Z ```
2025-08-17T03:01:07.6916402Z 
2025-08-17T03:01:07.6916686Z Upload CSV/XLSX attachments to MinIO and trigger ingestion.
2025-08-17T03:01:07.6917364Z 
2025-08-17T03:01:07.6917676Z Returns {"status": "success"} when processing completes.
2025-08-17T03:01:07.6918054Z 
2025-08-17T03:01:07.6918210Z <a id="ingest.ingest_router"></a>
2025-08-17T03:01:07.6918477Z 
2025-08-17T03:01:07.6918609Z # ingest.ingest\_router
2025-08-17T03:01:07.6918831Z 
2025-08-17T03:01:07.6918965Z <a id="logistics_etl"></a>
2025-08-17T03:01:07.6919213Z 
2025-08-17T03:01:07.6919337Z # logistics\_etl
2025-08-17T03:01:07.6919540Z 
2025-08-17T03:01:07.6919675Z Daily logistics ETL job.
2025-08-17T03:01:07.6919881Z 
2025-08-17T03:01:07.6920021Z <a id="logistics_etl.__main__"></a>
2025-08-17T03:01:07.6920281Z 
2025-08-17T03:01:07.6920418Z # logistics\_etl.\_\_main\_\_
2025-08-17T03:01:07.6920664Z 
2025-08-17T03:01:07.6920815Z <a id="logistics_etl.dsn"></a>
2025-08-17T03:01:07.6921067Z 
2025-08-17T03:01:07.6921194Z # logistics\_etl.dsn
2025-08-17T03:01:07.6921413Z 
2025-08-17T03:01:07.6921633Z Local DSN builder to avoid cross-service dependency.
2025-08-17T03:01:07.6921987Z 
2025-08-17T03:01:07.6922154Z <a id="logistics_etl.dsn.build_dsn"></a>
2025-08-17T03:01:07.6922449Z 
2025-08-17T03:01:07.6922562Z #### build\_dsn
2025-08-17T03:01:07.6922739Z 
2025-08-17T03:01:07.6922857Z ```python
2025-08-17T03:01:07.6923162Z def build_dsn(sync: bool = True) -> str
2025-08-17T03:01:07.6923555Z ```
2025-08-17T03:01:07.6923699Z 
2025-08-17T03:01:07.6923948Z Return a Postgres DSN assembled from environment variables.
2025-08-17T03:01:07.6924356Z 
2025-08-17T03:01:07.6924633Z Prefers explicit DSNs via ``PG_SYNC_DSN``/``PG_ASYNC_DSN`` or
2025-08-17T03:01:07.6925342Z ``DATABASE_URL``. Falls back to individual PG_* settings and raises an
2025-08-17T03:01:07.6925966Z error when any required variable is missing.
2025-08-17T03:01:07.6926292Z 
2025-08-17T03:01:07.6926471Z <a id="logistics_etl.tests.conftest"></a>
2025-08-17T03:01:07.6926780Z 
2025-08-17T03:01:07.6927158Z # logistics\_etl.tests.conftest
2025-08-17T03:01:07.6927443Z 
2025-08-17T03:01:07.6927626Z <a id="logistics_etl.tests.test_repository"></a>
2025-08-17T03:01:07.6927958Z 
2025-08-17T03:01:07.6928124Z # logistics\_etl.tests.test\_repository
2025-08-17T03:01:07.6928420Z 
2025-08-17T03:01:07.6928587Z <a id="logistics_etl.tests.test_cron"></a>
2025-08-17T03:01:07.6928892Z 
2025-08-17T03:01:07.6929051Z # logistics\_etl.tests.test\_cron
2025-08-17T03:01:07.6929329Z 
2025-08-17T03:01:07.6929503Z <a id="logistics_etl.tests.test_imports"></a>
2025-08-17T03:01:07.6929872Z 
2025-08-17T03:01:07.6930029Z # logistics\_etl.tests.test\_imports
2025-08-17T03:01:07.6930312Z 
2025-08-17T03:01:07.6930485Z <a id="logistics_etl.tests.test_smoke"></a>
2025-08-17T03:01:07.6930794Z 
2025-08-17T03:01:07.6930944Z # logistics\_etl.tests.test\_smoke
2025-08-17T03:01:07.6931225Z 
2025-08-17T03:01:07.6931397Z <a id="logistics_etl.tests.test_client"></a>
2025-08-17T03:01:07.6931707Z 
2025-08-17T03:01:07.6931865Z # logistics\_etl.tests.test\_client
2025-08-17T03:01:07.6932152Z 
2025-08-17T03:01:07.6932540Z <a id="logistics_etl.tests"></a>
2025-08-17T03:01:07.6932816Z 
2025-08-17T03:01:07.6932949Z # logistics\_etl.tests
2025-08-17T03:01:07.6933165Z 
2025-08-17T03:01:07.6933305Z <a id="logistics_etl.flow"></a>
2025-08-17T03:01:07.6933556Z 
2025-08-17T03:01:07.6933695Z # logistics\_etl.flow
2025-08-17T03:01:07.6933899Z 
2025-08-17T03:01:07.6934043Z <a id="logistics_etl.client"></a>
2025-08-17T03:01:07.6934319Z 
2025-08-17T03:01:07.6934452Z # logistics\_etl.client
2025-08-17T03:01:07.6934670Z 
2025-08-17T03:01:07.6934811Z <a id="logistics_etl.cron"></a>
2025-08-17T03:01:07.6935060Z 
2025-08-17T03:01:07.6935201Z # logistics\_etl.cron
2025-08-17T03:01:07.6935410Z 
2025-08-17T03:01:07.6935567Z <a id="logistics_etl.db"></a>
2025-08-17T03:01:07.6935824Z 
2025-08-17T03:01:07.6935953Z # logistics\_etl.db
2025-08-17T03:01:07.6936163Z 
2025-08-17T03:01:07.6936319Z <a id="logistics_etl.repository"></a>
2025-08-17T03:01:07.6936604Z 
2025-08-17T03:01:07.6937150Z # logistics\_etl.repository
2025-08-17T03:01:07.6937434Z 
2025-08-17T03:01:07.6937568Z <a id="alert_bot"></a>
2025-08-17T03:01:07.6937787Z 
2025-08-17T03:01:07.6937909Z # alert\_bot
2025-08-17T03:01:07.6938081Z 
2025-08-17T03:01:07.6938235Z <a id="alert_bot.tests.test_smoke"></a>
2025-08-17T03:01:07.6938540Z 
2025-08-17T03:01:07.6938685Z # alert\_bot.tests.test\_smoke
2025-08-17T03:01:07.6938938Z 
2025-08-17T03:01:07.6939076Z <a id="alert_bot.tests"></a>
2025-08-17T03:01:07.6939331Z 
2025-08-17T03:01:07.6939450Z # alert\_bot.tests
2025-08-17T03:01:07.6939638Z 
2025-08-17T03:01:07.6939789Z <a id="alert_bot.alert_bot"></a>
2025-08-17T03:01:07.6940039Z 
2025-08-17T03:01:07.6940163Z # alert\_bot.alert\_bot
2025-08-17T03:01:07.6940382Z 
2025-08-17T03:01:07.6940514Z <a id="alert_bot.rules"></a>
2025-08-17T03:01:07.6940747Z 
2025-08-17T03:01:07.6940861Z # alert\_bot.rules
2025-08-17T03:01:07.6941052Z 
2025-08-17T03:01:07.6941168Z <a id="common"></a>
2025-08-17T03:01:07.6941355Z 
2025-08-17T03:01:07.6941473Z # common
2025-08-17T03:01:07.6941697Z 
2025-08-17T03:01:07.6941834Z <a id="common.dsn"></a>
2025-08-17T03:01:07.6942044Z 
2025-08-17T03:01:07.6942170Z # common.dsn
2025-08-17T03:01:07.6942341Z 
2025-08-17T03:01:07.6942490Z <a id="common.dsn.build_dsn"></a>
2025-08-17T03:01:07.6942767Z 
2025-08-17T03:01:07.6942880Z #### build\_dsn
2025-08-17T03:01:07.6943056Z 
2025-08-17T03:01:07.6943172Z ```python
2025-08-17T03:01:07.6943480Z def build_dsn(sync: bool = True) -> str
2025-08-17T03:01:07.6943876Z ```
2025-08-17T03:01:07.6944023Z 
2025-08-17T03:01:07.6944241Z Return a Postgres DSN, validating required variables.
2025-08-17T03:01:07.6944615Z 
2025-08-17T03:01:07.6944960Z The function prefers explicit DSNs via ``PG_SYNC_DSN`` / ``PG_ASYNC_DSN`` or
2025-08-17T03:01:07.6945739Z ``DATABASE_URL``.  If those are absent it assembles a connection string from
2025-08-17T03:01:07.6946494Z ``PG_HOST`` and related variables and raises a helpful error when any are
2025-08-17T03:01:07.6947271Z missing.
2025-08-17T03:01:07.6947430Z 
2025-08-17T03:01:07.6947584Z <a id="common.models_vendor"></a>
2025-08-17T03:01:07.6947859Z 
2025-08-17T03:01:07.6947998Z # common.models\_vendor
2025-08-17T03:01:07.6948214Z 
2025-08-17T03:01:07.6948372Z <a id="common.models_vendor.Vendor"></a>
2025-08-17T03:01:07.6948683Z 
2025-08-17T03:01:07.6948801Z ## Vendor Objects
2025-08-17T03:01:07.6948990Z 
2025-08-17T03:01:07.6949101Z ```python
2025-08-17T03:01:07.6949377Z class Vendor(Base)
2025-08-17T03:01:07.6949668Z ```
2025-08-17T03:01:07.6949809Z 
2025-08-17T03:01:07.6949948Z Vendor of inventory items.
2025-08-17T03:01:07.6950184Z 
2025-08-17T03:01:07.6950370Z <a id="common.models_vendor.VendorPrice"></a>
2025-08-17T03:01:07.6950699Z 
2025-08-17T03:01:07.6950830Z ## VendorPrice Objects
2025-08-17T03:01:07.6951045Z 
2025-08-17T03:01:07.6951157Z ```python
2025-08-17T03:01:07.6951438Z class VendorPrice(Base)
2025-08-17T03:01:07.6951754Z ```
2025-08-17T03:01:07.6951896Z 
2025-08-17T03:01:07.6952090Z Association table linking vendors to pricing.
2025-08-17T03:01:07.6952430Z 
2025-08-17T03:01:07.6952561Z <a id="common.db_url"></a>
2025-08-17T03:01:07.6953034Z 
2025-08-17T03:01:07.6953164Z # common.db\_url
2025-08-17T03:01:07.6953351Z 
2025-08-17T03:01:07.6953499Z <a id="common.db_url.build_url"></a>
2025-08-17T03:01:07.6953795Z 
2025-08-17T03:01:07.6953909Z #### build\_url
2025-08-17T03:01:07.6954084Z 
2025-08-17T03:01:07.6954206Z ```python
2025-08-17T03:01:07.6954511Z def build_url(async_: bool = True) -> str
2025-08-17T03:01:07.6954925Z ```
2025-08-17T03:01:07.6955127Z 
2025-08-17T03:01:07.6955306Z Return Postgres DSN from env or PG_* parts.
2025-08-17T03:01:07.6955636Z 
2025-08-17T03:01:07.6955790Z <a id="common.keepa"></a>
2025-08-17T03:01:07.6956033Z 
2025-08-17T03:01:07.6956152Z # common.keepa
2025-08-17T03:01:07.6956336Z 
2025-08-17T03:01:07.6956468Z <a id="common.llm"></a>
2025-08-17T03:01:07.6956706Z 
2025-08-17T03:01:07.6956826Z # common.llm
2025-08-17T03:01:07.6957205Z 
2025-08-17T03:01:07.6957351Z <a id="common.settings"></a>
2025-08-17T03:01:07.6957605Z 
2025-08-17T03:01:07.6957942Z # common.settings
2025-08-17T03:01:07.6958157Z 
2025-08-17T03:01:07.6958289Z <a id="common.db"></a>
2025-08-17T03:01:07.6958508Z 
2025-08-17T03:01:07.6958623Z # common.db
2025-08-17T03:01:07.6958785Z 
2025-08-17T03:01:07.6958959Z <a id="common.db.build_sqlalchemy_url"></a>
2025-08-17T03:01:07.6959266Z 
2025-08-17T03:01:07.6959399Z #### build\_sqlalchemy\_url
2025-08-17T03:01:07.6959627Z 
2025-08-17T03:01:07.6959748Z ```python
2025-08-17T03:01:07.6960048Z def build_sqlalchemy_url() -> str
2025-08-17T03:01:07.6960423Z ```
2025-08-17T03:01:07.6960555Z 
2025-08-17T03:01:07.6960715Z Return Postgres URL for SQLAlchemy engines.
2025-08-17T03:01:07.6961021Z 
2025-08-17T03:01:07.6961173Z <a id="common.db.build_asyncpg_dsn"></a>
2025-08-17T03:01:07.6961462Z 
2025-08-17T03:01:07.6961602Z #### build\_asyncpg\_dsn
2025-08-17T03:01:07.6961822Z 
2025-08-17T03:01:07.6961932Z ```python
2025-08-17T03:01:07.6962242Z def build_asyncpg_dsn() -> str
2025-08-17T03:01:07.6962597Z ```
2025-08-17T03:01:07.6962756Z 
2025-08-17T03:01:07.6962986Z Return DSN suitable for asyncpg (without driver suffix).
2025-08-17T03:01:07.6963368Z 
2025-08-17T03:01:07.6963518Z <a id="common.db.refresh_mvs"></a>
2025-08-17T03:01:07.6963802Z 
2025-08-17T03:01:07.6963916Z #### refresh\_mvs
2025-08-17T03:01:07.6964101Z 
2025-08-17T03:01:07.6964222Z ```python
2025-08-17T03:01:07.6964574Z def refresh_mvs(conn: Engine | Connection) -> None
2025-08-17T03:01:07.6965024Z ```
2025-08-17T03:01:07.6965154Z 
2025-08-17T03:01:07.6965394Z Refresh materialized views, using CONCURRENTLY when safe.
2025-08-17T03:01:07.6965781Z 
2025-08-17T03:01:07.6965916Z <a id="common.config"></a>
2025-08-17T03:01:07.6966185Z 
2025-08-17T03:01:07.6966301Z # common.config
2025-08-17T03:01:07.6966489Z 
2025-08-17T03:01:07.6966611Z <a id="common.base"></a>
2025-08-17T03:01:07.6966808Z 
2025-08-17T03:01:07.6967103Z # common.base
2025-08-17T03:01:07.6967277Z 
2025-08-17T03:01:07.6967405Z <a id="common.base.Base"></a>
2025-08-17T03:01:07.6967629Z 
2025-08-17T03:01:07.6967746Z ## Base Objects
2025-08-17T03:01:07.6967908Z 
2025-08-17T03:01:07.6968002Z ```python
2025-08-17T03:01:07.6968250Z class Base(DeclarativeBase)
2025-08-17T03:01:07.6968544Z ```
2025-08-17T03:01:07.6968678Z 
2025-08-17T03:01:07.6968819Z Base class for SQLAlchemy models.
2025-08-17T03:01:07.6969056Z 
2025-08-17T03:01:07.6969185Z <a id="repricer"></a>
2025-08-17T03:01:07.6969382Z 
2025-08-17T03:01:07.6969487Z # repricer
2025-08-17T03:01:07.6969634Z 
2025-08-17T03:01:07.6969779Z <a id="repricer.app.schemas"></a>
2025-08-17T03:01:07.6970039Z 
2025-08-17T03:01:07.6970172Z # repricer.app.schemas
2025-08-17T03:01:07.6970381Z 
2025-08-17T03:01:07.6970513Z <a id="repricer.app.deps"></a>
2025-08-17T03:01:07.6970738Z 
2025-08-17T03:01:07.6970850Z # repricer.app.deps
2025-08-17T03:01:07.6971026Z 
2025-08-17T03:01:07.6971208Z Placeholder module for Keepa / SP-API clients.
2025-08-17T03:01:07.6971487Z 
2025-08-17T03:01:07.6971618Z <a id="repricer.app.logic"></a>
2025-08-17T03:01:07.6971837Z 
2025-08-17T03:01:07.6971968Z # repricer.app.logic
2025-08-17T03:01:07.6972368Z 
2025-08-17T03:01:07.6972521Z <a id="repricer.app.logic.MIN_MARGIN"></a>
2025-08-17T03:01:07.6972791Z 
2025-08-17T03:01:07.6972887Z #### MIN\_MARGIN
2025-08-17T03:01:07.6973044Z 
2025-08-17T03:01:07.6973144Z 15 % ROI
2025-08-17T03:01:07.6973279Z 
2025-08-17T03:01:07.6973436Z <a id="repricer.app.logic.compute_price"></a>
2025-08-17T03:01:07.6973717Z 
2025-08-17T03:01:07.6973887Z #### compute\_price
2025-08-17T03:01:07.6974056Z 
2025-08-17T03:01:07.6974153Z ```python
2025-08-17T03:01:07.6974513Z def compute_price(asin: str, cost: Decimal, fees: Decimal) -> Decimal
2025-08-17T03:01:07.6974963Z ```
2025-08-17T03:01:07.6975080Z 
2025-08-17T03:01:07.6975255Z Toy algorithm: ensure 15 % ROI and round to cents.
2025-08-17T03:01:07.6975670Z Replace with real competitive logic later.
2025-08-17T03:01:07.6975921Z 
2025-08-17T03:01:07.6976046Z <a id="repricer.app.main"></a>
2025-08-17T03:01:07.6976254Z 
2025-08-17T03:01:07.6976353Z # repricer.app.main
2025-08-17T03:01:07.6976686Z 
2025-08-17T03:01:07.6976812Z <a id="repricer.app"></a>
2025-08-17T03:01:07.6977219Z 
2025-08-17T03:01:07.6977325Z # repricer.app
2025-08-17T03:01:07.6977483Z 
2025-08-17T03:01:07.6977619Z <a id="repricer.tests.test_imports"></a>
2025-08-17T03:01:07.6977875Z 
2025-08-17T03:01:07.6978000Z # repricer.tests.test\_imports
2025-08-17T03:01:07.6978212Z 
2025-08-17T03:01:07.6978341Z <a id="repricer.tests.test_smoke"></a>
2025-08-17T03:01:07.6978592Z 
2025-08-17T03:01:07.6978712Z # repricer.tests.test\_smoke
2025-08-17T03:01:07.6978916Z 
2025-08-17T03:01:07.6979028Z <a id="repricer.tests"></a>
2025-08-17T03:01:07.6979229Z 
2025-08-17T03:01:07.6979333Z # repricer.tests
2025-08-17T03:01:07.6979488Z 
2025-08-17T03:01:07.6979592Z <a id="db"></a>
2025-08-17T03:01:07.6979754Z 
2025-08-17T03:01:07.6979846Z # db
2025-08-17T03:01:07.6979976Z 
2025-08-17T03:01:07.6980094Z <a id="db.utils.views"></a>
2025-08-17T03:01:07.6980290Z 
2025-08-17T03:01:07.6980390Z # db.utils.views
2025-08-17T03:01:07.6980552Z 
2025-08-17T03:01:07.6980689Z <a id="db.utils.views.replace_view"></a>
2025-08-17T03:01:07.6980947Z 
2025-08-17T03:01:07.6981056Z #### replace\_view
2025-08-17T03:01:07.6981217Z 
2025-08-17T03:01:07.6981306Z ```python
2025-08-17T03:01:07.6981613Z def replace_view(name: str, new_sql: str) -> None
2025-08-17T03:01:07.6981976Z ```
2025-08-17T03:01:07.6982102Z 
2025-08-17T03:01:07.6982232Z Drop and recreate a SQL view atomically.
2025-08-17T03:01:07.6982476Z 
2025-08-17T03:01:07.6982580Z <a id="db.utils"></a>
2025-08-17T03:01:07.6982768Z 
2025-08-17T03:01:07.6982870Z # db.utils
2025-08-17T03:01:07.6983010Z 
2025-08-17T03:01:07.6983131Z <a id="price_importer"></a>
2025-08-17T03:01:07.6983342Z 
2025-08-17T03:01:07.6983444Z # price\_importer
2025-08-17T03:01:07.6983596Z 
2025-08-17T03:01:07.6983764Z <a id="price_importer.services_common.dsn"></a>
2025-08-17T03:01:07.6984042Z 
2025-08-17T03:01:07.6984174Z # price\_importer.services\_common.dsn
2025-08-17T03:01:07.6984425Z 
2025-08-17T03:01:07.6984625Z <a id="price_importer.services_common.dsn.build_dsn"></a>
2025-08-17T03:01:07.6984948Z 
2025-08-17T03:01:07.6985051Z #### build\_dsn
2025-08-17T03:01:07.6985197Z 
2025-08-17T03:01:07.6985288Z ```python
2025-08-17T03:01:07.6985548Z def build_dsn(sync: bool = True) -> str
2025-08-17T03:01:07.6985870Z ```
2025-08-17T03:01:07.6985990Z 
2025-08-17T03:01:07.6986094Z Return safe DSN.
2025-08-17T03:01:07.6986249Z 
2025-08-17T03:01:07.6986709Z sync=True → SQLAlchemy (+psycopg) else plain asyncpg.
2025-08-17T03:01:07.6987207Z 
2025-08-17T03:01:07.6987399Z <a id="price_importer.services_common.models_vendor"></a>
2025-08-17T03:01:07.6987707Z 
2025-08-17T03:01:07.6987868Z # price\_importer.services\_common.models\_vendor
2025-08-17T03:01:07.6988156Z 
2025-08-17T03:01:07.6988322Z <a id="price_importer.services_common.db_url"></a>
2025-08-17T03:01:07.6988604Z 
2025-08-17T03:01:07.6988736Z # price\_importer.services\_common.db\_url
2025-08-17T03:01:07.6988979Z 
2025-08-17T03:01:07.6989167Z <a id="price_importer.services_common.db_url.build_url"></a>
2025-08-17T03:01:07.6989497Z 
2025-08-17T03:01:07.6989777Z #### build\_url
2025-08-17T03:01:07.6989919Z 
2025-08-17T03:01:07.6990016Z ```python
2025-08-17T03:01:07.6990265Z def build_url(async_: bool = True) -> str
2025-08-17T03:01:07.6990584Z ```
2025-08-17T03:01:07.6990699Z 
2025-08-17T03:01:07.6990838Z Return Postgres DSN from env or PG_* parts.
2025-08-17T03:01:07.6991094Z 
2025-08-17T03:01:07.6991245Z <a id="price_importer.services_common.keepa"></a>
2025-08-17T03:01:07.6991514Z 
2025-08-17T03:01:07.6991648Z # price\_importer.services\_common.keepa
2025-08-17T03:01:07.6991896Z 
2025-08-17T03:01:07.6992037Z <a id="price_importer.services_common.llm"></a>
2025-08-17T03:01:07.6992300Z 
2025-08-17T03:01:07.6992434Z # price\_importer.services\_common.llm
2025-08-17T03:01:07.6992671Z 
2025-08-17T03:01:07.6992829Z <a id="price_importer.services_common.settings"></a>
2025-08-17T03:01:07.6993114Z 
2025-08-17T03:01:07.6993248Z # price\_importer.services\_common.settings
2025-08-17T03:01:07.6993500Z 
2025-08-17T03:01:07.6993844Z <a id="price_importer.services_common.db"></a>
2025-08-17T03:01:07.6994120Z 
2025-08-17T03:01:07.6994253Z # price\_importer.services\_common.db
2025-08-17T03:01:07.6994484Z 
2025-08-17T03:01:07.6994715Z <a id="price_importer.services_common.db.build_sqlalchemy_url"></a>
2025-08-17T03:01:07.6995069Z 
2025-08-17T03:01:07.6995173Z #### build\_sqlalchemy\_url
2025-08-17T03:01:07.6995370Z 
2025-08-17T03:01:07.6995463Z ```python
2025-08-17T03:01:07.6995709Z def build_sqlalchemy_url() -> str
2025-08-17T03:01:07.6996011Z ```
2025-08-17T03:01:07.6996125Z 
2025-08-17T03:01:07.6996268Z Return Postgres URL for SQLAlchemy engines.
2025-08-17T03:01:07.6996522Z 
2025-08-17T03:01:07.6996732Z <a id="price_importer.services_common.db.build_asyncpg_dsn"></a>
2025-08-17T03:01:07.6997244Z 
2025-08-17T03:01:07.6997352Z #### build\_asyncpg\_dsn
2025-08-17T03:01:07.6997536Z 
2025-08-17T03:01:07.6997627Z ```python
2025-08-17T03:01:07.6997868Z def build_asyncpg_dsn() -> str
2025-08-17T03:01:07.6998163Z ```
2025-08-17T03:01:07.6998288Z 
2025-08-17T03:01:07.6998477Z Return DSN suitable for asyncpg (without driver suffix).
2025-08-17T03:01:07.6998785Z 
2025-08-17T03:01:07.6998976Z <a id="price_importer.services_common.db.refresh_mvs"></a>
2025-08-17T03:01:07.6999333Z 
2025-08-17T03:01:07.6999434Z #### refresh\_mvs
2025-08-17T03:01:07.6999629Z 
2025-08-17T03:01:07.6999745Z ```python
2025-08-17T03:01:07.7000106Z def refresh_mvs(conn: Engine | Connection) -> None
2025-08-17T03:01:07.7000478Z ```
2025-08-17T03:01:07.7000594Z 
2025-08-17T03:01:07.7000824Z Refresh materialized views, using CONCURRENTLY when safe.
2025-08-17T03:01:07.7001145Z 
2025-08-17T03:01:07.7001284Z <a id="price_importer.services_common"></a>
2025-08-17T03:01:07.7001537Z 
2025-08-17T03:01:07.7001660Z # price\_importer.services\_common
2025-08-17T03:01:07.7001884Z 
2025-08-17T03:01:07.7002031Z <a id="price_importer.services_common.base"></a>
2025-08-17T03:01:07.7002303Z 
2025-08-17T03:01:07.7002432Z # price\_importer.services\_common.base
2025-08-17T03:01:07.7002672Z 
2025-08-17T03:01:07.7002817Z <a id="price_importer.normaliser"></a>
2025-08-17T03:01:07.7003069Z 
2025-08-17T03:01:07.7003185Z # price\_importer.normaliser
2025-08-17T03:01:07.7003391Z 
2025-08-17T03:01:07.7003553Z <a id="price_importer.common.models_vendor"></a>
2025-08-17T03:01:07.7003823Z 
2025-08-17T03:01:07.7003952Z # price\_importer.common.models\_vendor
2025-08-17T03:01:07.7004199Z 
2025-08-17T03:01:07.7004336Z <a id="price_importer.common.db_url"></a>
2025-08-17T03:01:07.7004589Z 
2025-08-17T03:01:07.7004722Z # price\_importer.common.db\_url
2025-08-17T03:01:07.7004931Z 
2025-08-17T03:01:07.7005083Z <a id="price_importer.common.db_url.make_dsn"></a>
2025-08-17T03:01:07.7005356Z 
2025-08-17T03:01:07.7005448Z #### make\_dsn
2025-08-17T03:01:07.7005588Z 
2025-08-17T03:01:07.7005684Z ```python
2025-08-17T03:01:07.7005939Z def make_dsn(async_: bool = False) -> str
2025-08-17T03:01:07.7006256Z ```
2025-08-17T03:01:07.7006379Z 
2025-08-17T03:01:07.7006549Z Return DSN built from either PG_* or POSTGRES_* vars.
2025-08-17T03:01:07.7006836Z 
2025-08-17T03:01:07.7007454Z <a id="price_importer.common.db_url.build_url"></a>
2025-08-17T03:01:07.7007772Z 
2025-08-17T03:01:07.7007870Z #### build\_url
2025-08-17T03:01:07.7008022Z 
2025-08-17T03:01:07.7008109Z ```python
2025-08-17T03:01:07.7008351Z def build_url(async_: bool = False) -> str
2025-08-17T03:01:07.7008672Z ```
2025-08-17T03:01:07.7008786Z 
2025-08-17T03:01:07.7008971Z Return Postgres DSN built from environment variables.
2025-08-17T03:01:07.7009271Z 
2025-08-17T03:01:07.7009395Z <a id="price_importer.common"></a>
2025-08-17T03:01:07.7009614Z 
2025-08-17T03:01:07.7009734Z # price\_importer.common
2025-08-17T03:01:07.7009918Z 
2025-08-17T03:01:07.7010054Z <a id="price_importer.common.base"></a>
2025-08-17T03:01:07.7010302Z 
2025-08-17T03:01:07.7010424Z # price\_importer.common.base
2025-08-17T03:01:07.7010628Z 
2025-08-17T03:01:07.7010781Z <a id="price_importer.tests.conftest"></a>
2025-08-17T03:01:07.7011030Z 
2025-08-17T03:01:07.7011337Z # price\_importer.tests.conftest
2025-08-17T03:01:07.7011585Z 
2025-08-17T03:01:07.7011745Z <a id="price_importer.tests.test_reader"></a>
2025-08-17T03:01:07.7012007Z 
2025-08-17T03:01:07.7012135Z # price\_importer.tests.test\_reader
2025-08-17T03:01:07.7012379Z 
2025-08-17T03:01:07.7012532Z <a id="price_importer.tests.test_imports"></a>
2025-08-17T03:01:07.7012794Z 
2025-08-17T03:01:07.7012929Z # price\_importer.tests.test\_imports
2025-08-17T03:01:07.7013162Z 
2025-08-17T03:01:07.7013308Z <a id="price_importer.tests.test_smoke"></a>
2025-08-17T03:01:07.7013555Z 
2025-08-17T03:01:07.7013693Z # price\_importer.tests.test\_smoke
2025-08-17T03:01:07.7013923Z 
2025-08-17T03:01:07.7014077Z <a id="price_importer.tests.test_normaliser"></a>
2025-08-17T03:01:07.7014353Z 
2025-08-17T03:01:07.7014489Z # price\_importer.tests.test\_normaliser
2025-08-17T03:01:07.7014730Z 
2025-08-17T03:01:07.7014858Z <a id="price_importer.tests"></a>
2025-08-17T03:01:07.7015069Z 
2025-08-17T03:01:07.7015178Z # price\_importer.tests
2025-08-17T03:01:07.7015367Z 
2025-08-17T03:01:07.7015496Z <a id="price_importer.reader"></a>
2025-08-17T03:01:07.7015721Z 
2025-08-17T03:01:07.7015834Z # price\_importer.reader
2025-08-17T03:01:07.7016027Z 
2025-08-17T03:01:07.7016167Z <a id="price_importer.reader.load_file"></a>
2025-08-17T03:01:07.7016413Z 
2025-08-17T03:01:07.7016516Z #### load\_file
2025-08-17T03:01:07.7016661Z 
2025-08-17T03:01:07.7016752Z ```python
2025-08-17T03:01:07.7017208Z def load_file(path: str | Path) -> Any
2025-08-17T03:01:07.7017528Z ```
2025-08-17T03:01:07.7017647Z 
2025-08-17T03:01:07.7017783Z Return DataFrame from CSV or Excel file.
2025-08-17T03:01:07.7018047Z 
2025-08-17T03:01:07.7018198Z Raises RuntimeError if pandas is unavailable.
2025-08-17T03:01:07.7018462Z 
2025-08-17T03:01:07.7018596Z <a id="price_importer.repository"></a>
2025-08-17T03:01:07.7018836Z 
2025-08-17T03:01:07.7018966Z # price\_importer.repository
2025-08-17T03:01:07.7019167Z 
2025-08-17T03:01:07.7019291Z <a id="price_importer.import"></a>
2025-08-17T03:01:07.7019508Z 
2025-08-17T03:01:07.7019665Z # price\_importer.import
2025-08-17T03:01:07.7019875Z 
2025-08-17T03:01:07.7019977Z <a id="fees_h10"></a>
2025-08-17T03:01:07.7020145Z 
2025-08-17T03:01:07.7020237Z # fees\_h10
2025-08-17T03:01:07.7020365Z 
2025-08-17T03:01:07.7020484Z <a id="fees_h10.worker"></a>
2025-08-17T03:01:07.7020679Z 
2025-08-17T03:01:07.7020777Z # fees\_h10.worker
2025-08-17T03:01:07.7020928Z 
2025-08-17T03:01:07.7021074Z <a id="fees_h10.worker.list_active_asins"></a>
2025-08-17T03:01:07.7021326Z 
2025-08-17T03:01:07.7021431Z #### list\_active\_asins
2025-08-17T03:01:07.7021617Z 
2025-08-17T03:01:07.7021713Z ```python
2025-08-17T03:01:07.7021958Z def list_active_asins() -> list[str]
2025-08-17T03:01:07.7022260Z ```
2025-08-17T03:01:07.7022376Z 
2025-08-17T03:01:07.7022542Z Return known ASINs or an empty list if unavailable.
2025-08-17T03:01:07.7022811Z 
2025-08-17T03:01:07.7022930Z <a id="fees_h10.tests.test_smoke"></a>
2025-08-17T03:01:07.7023153Z 
2025-08-17T03:01:07.7023277Z # fees\_h10.tests.test\_smoke
2025-08-17T03:01:07.7023475Z 
2025-08-17T03:01:07.7023766Z <a id="fees_h10.tests"></a>
2025-08-17T03:01:07.7023964Z 
2025-08-17T03:01:07.7024057Z # fees\_h10.tests
2025-08-17T03:01:07.7024208Z 
2025-08-17T03:01:07.7024323Z <a id="fees_h10.client"></a>
2025-08-17T03:01:07.7024515Z 
2025-08-17T03:01:07.7024609Z # fees\_h10.client
2025-08-17T03:01:07.7024756Z 
2025-08-17T03:01:07.7024883Z <a id="fees_h10.repository"></a>
2025-08-17T03:01:07.7025085Z 
2025-08-17T03:01:07.7025193Z # fees\_h10.repository
2025-08-17T03:01:07.7025369Z 
2025-08-17T03:01:07.7025470Z <a id="emailer"></a>
2025-08-17T03:01:07.7025631Z 
2025-08-17T03:01:07.7025721Z # emailer
2025-08-17T03:01:07.7025860Z 
2025-08-17T03:01:07.7026011Z <a id="emailer.tests.test_import_emailer"></a>
2025-08-17T03:01:07.7026276Z 
2025-08-17T03:01:07.7026409Z # emailer.tests.test\_import\_emailer
2025-08-17T03:01:07.7026637Z 
2025-08-17T03:01:07.7026761Z <a id="emailer.tests.test_smoke"></a>
2025-08-17T03:01:07.7027165Z 
2025-08-17T03:01:07.7027447Z # emailer.tests.test\_smoke
2025-08-17T03:01:07.7027662Z 
2025-08-17T03:01:07.7027776Z <a id="emailer.tests"></a>
2025-08-17T03:01:07.7027972Z 
2025-08-17T03:01:07.7028068Z # emailer.tests
2025-08-17T03:01:07.7028222Z 
2025-08-17T03:01:07.7028349Z <a id="emailer.generate_body"></a>
2025-08-17T03:01:07.7028573Z 
2025-08-17T03:01:07.7028686Z # emailer.generate\_body
2025-08-17T03:01:07.7028878Z 
2025-08-17T03:01:07.7028982Z <a id="llm_server"></a>
2025-08-17T03:01:07.7029150Z 
2025-08-17T03:01:07.7029243Z # llm\_server
2025-08-17T03:01:07.7029388Z 
2025-08-17T03:01:07.7029498Z <a id="llm_server.app"></a>
2025-08-17T03:01:07.7029689Z 
2025-08-17T03:01:07.7029791Z # llm\_server.app
2025-08-17T03:01:07.7029940Z 
2025-08-17T03:01:07.7429904Z ##[group]Run peaceiris/actions-gh-pages@v3
2025-08-17T03:01:07.7430201Z with:
2025-08-17T03:01:07.7430640Z   github_token: ***
2025-08-17T03:01:07.7430839Z   publish_branch: gh-pages
2025-08-17T03:01:07.7431053Z   publish_dir: docs/api
2025-08-17T03:01:07.7431250Z   allow_empty_commit: false
2025-08-17T03:01:07.7431448Z   keep_files: false
2025-08-17T03:01:07.7431630Z   force_orphan: false
2025-08-17T03:01:07.7431815Z   enable_jekyll: false
2025-08-17T03:01:07.7432001Z   disable_nojekyll: false
2025-08-17T03:01:07.7432197Z   exclude_assets: .github
2025-08-17T03:01:07.7432376Z env:
2025-08-17T03:01:07.7432597Z   pythonLocation: /opt/hostedtoolcache/Python/3.11.13/x64
2025-08-17T03:01:07.7432978Z   PKG_CONFIG_PATH: /opt/hostedtoolcache/Python/3.11.13/x64/lib/pkgconfig
2025-08-17T03:01:07.7433339Z   Python_ROOT_DIR: /opt/hostedtoolcache/Python/3.11.13/x64
2025-08-17T03:01:07.7433665Z   Python2_ROOT_DIR: /opt/hostedtoolcache/Python/3.11.13/x64
2025-08-17T03:01:07.7434019Z   Python3_ROOT_DIR: /opt/hostedtoolcache/Python/3.11.13/x64
2025-08-17T03:01:07.7434344Z   LD_LIBRARY_PATH: /opt/hostedtoolcache/Python/3.11.13/x64/lib
2025-08-17T03:01:07.7434623Z ##[endgroup]
2025-08-17T03:01:07.8046493Z [INFO] Usage https://github.com/peaceiris/actions-gh-pages#readme
2025-08-17T03:01:07.8052437Z ##[group]Dump inputs
2025-08-17T03:01:07.8052817Z [INFO] GithubToken: true
2025-08-17T03:01:07.8053224Z [INFO] PublishBranch: gh-pages
2025-08-17T03:01:07.8053501Z [INFO] PublishDir: docs/api
2025-08-17T03:01:07.8053715Z [INFO] DestinationDir: 
2025-08-17T03:01:07.8053906Z [INFO] ExternalRepository: 
2025-08-17T03:01:07.8054117Z [INFO] AllowEmptyCommit: false
2025-08-17T03:01:07.8054322Z [INFO] KeepFiles: false
2025-08-17T03:01:07.8054518Z [INFO] ForceOrphan: false
2025-08-17T03:01:07.8054702Z [INFO] UserName: 
2025-08-17T03:01:07.8054871Z [INFO] UserEmail: 
2025-08-17T03:01:07.8055049Z [INFO] CommitMessage: 
2025-08-17T03:01:07.8055345Z [INFO] FullCommitMessage: 
2025-08-17T03:01:07.8055661Z [INFO] TagName: 
2025-08-17T03:01:07.8055935Z [INFO] TagMessage: 
2025-08-17T03:01:07.8056143Z [INFO] EnableJekyll (DisableNoJekyll): false
2025-08-17T03:01:07.8056377Z [INFO] CNAME: 
2025-08-17T03:01:07.8056551Z [INFO] ExcludeAssets .github
2025-08-17T03:01:07.8056687Z 
2025-08-17T03:01:07.8057198Z ##[endgroup]
2025-08-17T03:01:07.8057603Z ##[group]Setup auth token
2025-08-17T03:01:07.8058082Z [INFO] setup GITHUB_TOKEN
2025-08-17T03:01:07.8059848Z ##[endgroup]
2025-08-17T03:01:07.8060348Z ##[group]Prepare publishing assets
2025-08-17T03:01:07.8063071Z [INFO] ForceOrphan: false
2025-08-17T03:01:07.8110827Z [command]/usr/bin/git clone --depth=1 --single-branch --branch gh-pages ***github.com/AlexBomber12/AWA-App.git /home/runner/actions_github_pages_1755399667805
2025-08-17T03:01:07.8146409Z Cloning into '/home/runner/actions_github_pages_1755399667805'...
2025-08-17T03:01:07.9582026Z [INFO] clean up /home/runner/actions_github_pages_1755399667805
2025-08-17T03:01:07.9582712Z [INFO] chdir /home/runner/actions_github_pages_1755399667805
2025-08-17T03:01:07.9600807Z [command]/usr/bin/git rm -r --ignore-unmatch *
2025-08-17T03:01:07.9628979Z rm '.gitkeep'
2025-08-17T03:01:07.9629593Z rm '.nojekyll'
2025-08-17T03:01:07.9633609Z [INFO] chdir /home/runner/actions_github_pages_1755399667805
2025-08-17T03:01:07.9634434Z [INFO] prepare publishing assets
2025-08-17T03:01:07.9635988Z [INFO] copy /home/runner/work/AWA-App/AWA-App/docs/api to /home/runner/actions_github_pages_1755399667805
2025-08-17T03:01:07.9667298Z cp: no such file or directory: /home/runner/work/AWA-App/AWA-App/docs/api/*
2025-08-17T03:01:07.9677340Z [INFO] delete excluded assets
2025-08-17T03:01:07.9706706Z rm: no paths given
2025-08-17T03:01:07.9708970Z [INFO] Created /home/runner/actions_github_pages_1755399667805/.nojekyll
2025-08-17T03:01:07.9710441Z ##[endgroup]
2025-08-17T03:01:07.9710965Z ##[group]Setup Git config
2025-08-17T03:01:07.9729757Z [command]/usr/bin/git remote rm origin
2025-08-17T03:01:07.9786748Z [command]/usr/bin/git remote add origin ***github.com/AlexBomber12/AWA-App.git
2025-08-17T03:01:07.9833133Z [command]/usr/bin/git add --all
2025-08-17T03:01:07.9882991Z [command]/usr/bin/git config user.name AlexBomber12
2025-08-17T03:01:07.9929110Z [command]/usr/bin/git config user.email AlexBomber12@users.noreply.github.com
2025-08-17T03:01:07.9959981Z ##[endgroup]
2025-08-17T03:01:07.9960897Z ##[group]Create a commit
2025-08-17T03:01:07.9976440Z [command]/usr/bin/git commit -m deploy: d311cb98c675c79b46da7308d923ff5c71746a1e
2025-08-17T03:01:08.0006319Z On branch gh-pages
2025-08-17T03:01:08.0007391Z nothing to commit, working tree clean
2025-08-17T03:01:08.0011841Z [INFO] skip commit
2025-08-17T03:01:08.0012817Z ##[endgroup]
2025-08-17T03:01:08.0013464Z ##[group]Push the commit or tag
2025-08-17T03:01:08.0028953Z [command]/usr/bin/git push origin gh-pages
2025-08-17T03:01:08.2201456Z Everything up-to-date
2025-08-17T03:01:08.2239849Z ##[endgroup]
2025-08-17T03:01:08.2240193Z [INFO] Action successfully completed
2025-08-17T03:01:08.2329603Z Post job cleanup.
2025-08-17T03:01:08.3933963Z Post job cleanup.
2025-08-17T03:01:08.4875195Z [command]/usr/bin/git version
2025-08-17T03:01:08.4912838Z git version 2.50.1
2025-08-17T03:01:08.4957671Z Temporarily overriding HOME='/home/runner/work/_temp/e3512dc6-cb93-4be9-8489-fd61c3cf92d4' before making global git config changes
2025-08-17T03:01:08.4958935Z Adding repository directory to the temporary git global config as a safe directory
2025-08-17T03:01:08.4971140Z [command]/usr/bin/git config --global --add safe.directory /home/runner/work/AWA-App/AWA-App
2025-08-17T03:01:08.5006262Z [command]/usr/bin/git config --local --name-only --get-regexp core\.sshCommand
2025-08-17T03:01:08.5039580Z [command]/usr/bin/git submodule foreach --recursive sh -c "git config --local --name-only --get-regexp 'core\.sshCommand' && git config --local --unset-all 'core.sshCommand' || :"
2025-08-17T03:01:08.5270974Z [command]/usr/bin/git config --local --name-only --get-regexp http\.https\:\/\/github\.com\/\.extraheader
2025-08-17T03:01:08.5292323Z http.https://github.com/.extraheader
2025-08-17T03:01:08.5305405Z [command]/usr/bin/git config --local --unset-all http.https://github.com/.extraheader
2025-08-17T03:01:08.5338903Z [command]/usr/bin/git submodule foreach --recursive sh -c "git config --local --name-only --get-regexp 'http\.https\:\/\/github\.com\/\.extraheader' && git config --local --unset-all 'http.https://github.com/.extraheader' || :"
2025-08-17T03:01:08.5668882Z Cleaning up orphan processes
