2025-08-19T13:33:54.8819093Z Current runner version: '2.327.1'
2025-08-19T13:33:54.8884734Z ##[group]Runner Image Provisioner
2025-08-19T13:33:54.8885903Z Hosted Compute Agent
2025-08-19T13:33:54.8886710Z Version: 20250818.377
2025-08-19T13:33:54.8887745Z Commit: 3c593e9f75fe0b87e893bca80d6e12ba089c61fc
2025-08-19T13:33:54.8888768Z Build Date: 2025-08-18T14:52:18Z
2025-08-19T13:33:54.8889703Z ##[endgroup]
2025-08-19T13:33:54.8890609Z ##[group]Operating System
2025-08-19T13:33:54.8891496Z Ubuntu
2025-08-19T13:33:54.8892351Z 24.04.2
2025-08-19T13:33:54.8893218Z LTS
2025-08-19T13:33:54.8893946Z ##[endgroup]
2025-08-19T13:33:54.8894666Z ##[group]Runner Image
2025-08-19T13:33:54.8895673Z Image: ubuntu-24.04
2025-08-19T13:33:54.8896471Z Version: 20250810.1.0
2025-08-19T13:33:54.8898129Z Included Software: https://github.com/actions/runner-images/blob/ubuntu24/20250810.1/images/ubuntu/Ubuntu2404-Readme.md
2025-08-19T13:33:54.8900716Z Image Release: https://github.com/actions/runner-images/releases/tag/ubuntu24%2F20250810.1
2025-08-19T13:33:54.8902594Z ##[endgroup]
2025-08-19T13:33:54.8906497Z ##[group]GITHUB_TOKEN Permissions
2025-08-19T13:33:54.8909294Z Actions: read
2025-08-19T13:33:54.8910103Z Attestations: read
2025-08-19T13:33:54.8910893Z Checks: read
2025-08-19T13:33:54.8911560Z Contents: read
2025-08-19T13:33:54.8912750Z Deployments: read
2025-08-19T13:33:54.8913528Z Discussions: read
2025-08-19T13:33:54.8914290Z Issues: read
2025-08-19T13:33:54.8915069Z Metadata: read
2025-08-19T13:33:54.8915878Z Models: read
2025-08-19T13:33:54.8916638Z Packages: read
2025-08-19T13:33:54.8917492Z Pages: read
2025-08-19T13:33:54.8918221Z PullRequests: read
2025-08-19T13:33:54.8919032Z RepositoryProjects: read
2025-08-19T13:33:54.8920045Z SecurityEvents: read
2025-08-19T13:33:54.8920940Z Statuses: read
2025-08-19T13:33:54.8921682Z ##[endgroup]
2025-08-19T13:33:54.8924985Z Secret source: Dependabot
2025-08-19T13:33:54.8926056Z Prepare workflow directory
2025-08-19T13:33:54.9379918Z Prepare all required actions
2025-08-19T13:33:54.9434759Z Getting action download info
2025-08-19T13:33:55.2326049Z Download action repository 'actions/checkout@v4' (SHA:08eba0b27e820071cde6df949e0beb9ba4906955)
2025-08-19T13:33:55.4765417Z Download action repository 'actions/setup-python@v5' (SHA:a26af69be951a213d495a4c3e4e4022e16d87065)
2025-08-19T13:33:55.8063001Z Download action repository 'peaceiris/actions-gh-pages@v3' (SHA:373f7f263a76c20808c831209c920827a82a2847)
2025-08-19T13:33:56.0817592Z Complete job name: publish
2025-08-19T13:33:56.1556348Z ##[group]Run actions/checkout@v4
2025-08-19T13:33:56.1557185Z with:
2025-08-19T13:33:56.1557582Z   repository: AlexBomber12/AWA-App
2025-08-19T13:33:56.1558237Z   token: ***
2025-08-19T13:33:56.1558615Z   ssh-strict: true
2025-08-19T13:33:56.1559001Z   ssh-user: git
2025-08-19T13:33:56.1559396Z   persist-credentials: true
2025-08-19T13:33:56.1559835Z   clean: true
2025-08-19T13:33:56.1560227Z   sparse-checkout-cone-mode: true
2025-08-19T13:33:56.1560695Z   fetch-depth: 1
2025-08-19T13:33:56.1561073Z   fetch-tags: false
2025-08-19T13:33:56.1561484Z   show-progress: true
2025-08-19T13:33:56.1561889Z   lfs: false
2025-08-19T13:33:56.1562544Z   submodules: false
2025-08-19T13:33:56.1562948Z   set-safe-directory: true
2025-08-19T13:33:56.1563686Z ##[endgroup]
2025-08-19T13:33:56.2653123Z Syncing repository: AlexBomber12/AWA-App
2025-08-19T13:33:56.2655004Z ##[group]Getting Git version info
2025-08-19T13:33:56.2655773Z Working directory is '/home/runner/work/AWA-App/AWA-App'
2025-08-19T13:33:56.2656918Z [command]/usr/bin/git version
2025-08-19T13:33:56.2684651Z git version 2.50.1
2025-08-19T13:33:56.2709997Z ##[endgroup]
2025-08-19T13:33:56.2723711Z Temporarily overriding HOME='/home/runner/work/_temp/ee91f745-9771-48da-9432-51af120dddf8' before making global git config changes
2025-08-19T13:33:56.2725389Z Adding repository directory to the temporary git global config as a safe directory
2025-08-19T13:33:56.2728524Z [command]/usr/bin/git config --global --add safe.directory /home/runner/work/AWA-App/AWA-App
2025-08-19T13:33:56.2760423Z Deleting the contents of '/home/runner/work/AWA-App/AWA-App'
2025-08-19T13:33:56.2764174Z ##[group]Initializing the repository
2025-08-19T13:33:56.2767780Z [command]/usr/bin/git init /home/runner/work/AWA-App/AWA-App
2025-08-19T13:33:56.2821619Z hint: Using 'master' as the name for the initial branch. This default branch name
2025-08-19T13:33:56.2824395Z hint: is subject to change. To configure the initial branch name to use in all
2025-08-19T13:33:56.2826448Z hint: of your new repositories, which will suppress this warning, call:
2025-08-19T13:33:56.2827272Z hint:
2025-08-19T13:33:56.2827801Z hint: 	git config --global init.defaultBranch <name>
2025-08-19T13:33:56.2828464Z hint:
2025-08-19T13:33:56.2829102Z hint: Names commonly chosen instead of 'master' are 'main', 'trunk' and
2025-08-19T13:33:56.2830243Z hint: 'development'. The just-created branch can be renamed via this command:
2025-08-19T13:33:56.2831453Z hint:
2025-08-19T13:33:56.2831897Z hint: 	git branch -m <name>
2025-08-19T13:33:56.2832660Z hint:
2025-08-19T13:33:56.2833395Z hint: Disable this message with "git config set advice.defaultBranchName false"
2025-08-19T13:33:56.2834517Z Initialized empty Git repository in /home/runner/work/AWA-App/AWA-App/.git/
2025-08-19T13:33:56.2836546Z [command]/usr/bin/git remote add origin https://github.com/AlexBomber12/AWA-App
2025-08-19T13:33:56.2866562Z ##[endgroup]
2025-08-19T13:33:56.2867323Z ##[group]Disabling automatic garbage collection
2025-08-19T13:33:56.2870174Z [command]/usr/bin/git config --local gc.auto 0
2025-08-19T13:33:56.2897456Z ##[endgroup]
2025-08-19T13:33:56.2898206Z ##[group]Setting up auth
2025-08-19T13:33:56.2903804Z [command]/usr/bin/git config --local --name-only --get-regexp core\.sshCommand
2025-08-19T13:33:56.2933799Z [command]/usr/bin/git submodule foreach --recursive sh -c "git config --local --name-only --get-regexp 'core\.sshCommand' && git config --local --unset-all 'core.sshCommand' || :"
2025-08-19T13:33:56.3187933Z [command]/usr/bin/git config --local --name-only --get-regexp http\.https\:\/\/github\.com\/\.extraheader
2025-08-19T13:33:56.3219992Z [command]/usr/bin/git submodule foreach --recursive sh -c "git config --local --name-only --get-regexp 'http\.https\:\/\/github\.com\/\.extraheader' && git config --local --unset-all 'http.https://github.com/.extraheader' || :"
2025-08-19T13:33:56.3445284Z [command]/usr/bin/git config --local http.https://github.com/.extraheader AUTHORIZATION: basic ***
2025-08-19T13:33:56.3479075Z ##[endgroup]
2025-08-19T13:33:56.3479928Z ##[group]Fetching the repository
2025-08-19T13:33:56.3487493Z [command]/usr/bin/git -c protocol.version=2 fetch --no-tags --prune --no-recurse-submodules --depth=1 origin +c54324f9934bbee567946baeddc3ad766268732b:refs/remotes/pull/276/merge
2025-08-19T13:33:56.5972936Z From https://github.com/AlexBomber12/AWA-App
2025-08-19T13:33:56.5976677Z  * [new ref]         c54324f9934bbee567946baeddc3ad766268732b -> pull/276/merge
2025-08-19T13:33:56.5997221Z ##[endgroup]
2025-08-19T13:33:56.5999068Z ##[group]Determining the checkout info
2025-08-19T13:33:56.6001282Z ##[endgroup]
2025-08-19T13:33:56.6005638Z [command]/usr/bin/git sparse-checkout disable
2025-08-19T13:33:56.6046302Z [command]/usr/bin/git config --local --unset-all extensions.worktreeConfig
2025-08-19T13:33:56.6074766Z ##[group]Checking out the ref
2025-08-19T13:33:56.6078416Z [command]/usr/bin/git checkout --progress --force refs/remotes/pull/276/merge
2025-08-19T13:33:56.6370525Z Note: switching to 'refs/remotes/pull/276/merge'.
2025-08-19T13:33:56.6372384Z 
2025-08-19T13:33:56.6373895Z You are in 'detached HEAD' state. You can look around, make experimental
2025-08-19T13:33:56.6378214Z changes and commit them, and you can discard any commits you make in this
2025-08-19T13:33:56.6382671Z state without impacting any branches by switching back to a branch.
2025-08-19T13:33:56.6384639Z 
2025-08-19T13:33:56.6385744Z If you want to create a new branch to retain commits you create, you may
2025-08-19T13:33:56.6388626Z do so (now or later) by using -c with the switch command. Example:
2025-08-19T13:33:56.6390435Z 
2025-08-19T13:33:56.6391082Z   git switch -c <new-branch-name>
2025-08-19T13:33:56.6392402Z 
2025-08-19T13:33:56.6392995Z Or undo this operation with:
2025-08-19T13:33:56.6393620Z 
2025-08-19T13:33:56.6393961Z   git switch -
2025-08-19T13:33:56.6394459Z 
2025-08-19T13:33:56.6395234Z Turn off this advice by setting config variable advice.detachedHead to false
2025-08-19T13:33:56.6396357Z 
2025-08-19T13:33:56.6397884Z HEAD is now at c54324f Merge 6711beb845f9238bf33983dad1fa157a6d31c905 into 076a4a4ddcc936973f2793c5bc33815b65b0b665
2025-08-19T13:33:56.6403064Z ##[endgroup]
2025-08-19T13:33:56.6418995Z [command]/usr/bin/git log -1 --format=%H
2025-08-19T13:33:56.6440719Z c54324f9934bbee567946baeddc3ad766268732b
2025-08-19T13:33:56.6766231Z ##[group]Run actions/setup-python@v5
2025-08-19T13:33:56.6767629Z with:
2025-08-19T13:33:56.6768480Z   python-version: 3.11
2025-08-19T13:33:56.6769492Z   check-latest: false
2025-08-19T13:33:56.6770849Z   token: ***
2025-08-19T13:33:56.6771797Z   update-environment: true
2025-08-19T13:33:56.6773176Z   allow-prereleases: false
2025-08-19T13:33:56.6774331Z   freethreaded: false
2025-08-19T13:33:56.6775334Z ##[endgroup]
2025-08-19T13:33:56.8448876Z ##[group]Installed versions
2025-08-19T13:33:56.9201891Z Successfully set up CPython (3.11.13)
2025-08-19T13:33:56.9210289Z ##[endgroup]
2025-08-19T13:33:56.9374993Z ##[group]Run pip install pydoc-markdown
2025-08-19T13:33:56.9377036Z [36;1mpip install pydoc-markdown[0m
2025-08-19T13:33:56.9547671Z shell: /usr/bin/bash -e {0}
2025-08-19T13:33:56.9548851Z env:
2025-08-19T13:33:56.9549984Z   pythonLocation: /opt/hostedtoolcache/Python/3.11.13/x64
2025-08-19T13:33:56.9551974Z   PKG_CONFIG_PATH: /opt/hostedtoolcache/Python/3.11.13/x64/lib/pkgconfig
2025-08-19T13:33:56.9620733Z   Python_ROOT_DIR: /opt/hostedtoolcache/Python/3.11.13/x64
2025-08-19T13:33:56.9622819Z   Python2_ROOT_DIR: /opt/hostedtoolcache/Python/3.11.13/x64
2025-08-19T13:33:56.9624624Z   Python3_ROOT_DIR: /opt/hostedtoolcache/Python/3.11.13/x64
2025-08-19T13:33:56.9626438Z   LD_LIBRARY_PATH: /opt/hostedtoolcache/Python/3.11.13/x64/lib
2025-08-19T13:33:56.9627815Z ##[endgroup]
2025-08-19T13:33:59.8422767Z Collecting pydoc-markdown
2025-08-19T13:33:59.8836174Z   Downloading pydoc_markdown-4.8.2-py3-none-any.whl.metadata (5.9 kB)
2025-08-19T13:33:59.9270980Z Collecting PyYAML<7.0,>=5.0 (from pydoc-markdown)
2025-08-19T13:33:59.9304966Z   Downloading PyYAML-6.0.2-cp311-cp311-manylinux_2_17_x86_64.manylinux2014_x86_64.whl.metadata (2.1 kB)
2025-08-19T13:33:59.9514869Z Collecting click<9.0,>=7.1 (from pydoc-markdown)
2025-08-19T13:33:59.9547259Z   Downloading click-8.2.1-py3-none-any.whl.metadata (2.5 kB)
2025-08-19T13:33:59.9783274Z Collecting databind.core<5.0.0,>=4.4.0 (from pydoc-markdown)
2025-08-19T13:33:59.9825501Z   Downloading databind.core-4.5.2-py3-none-any.whl.metadata (1.1 kB)
2025-08-19T13:34:00.0183943Z Collecting databind.json<5.0.0,>=4.4.0 (from pydoc-markdown)
2025-08-19T13:34:00.0224397Z   Downloading databind.json-4.5.2-py3-none-any.whl.metadata (1.1 kB)
2025-08-19T13:34:00.0372316Z Collecting docspec<3.0.0,>=2.2.1 (from pydoc-markdown)
2025-08-19T13:34:00.0484665Z   Downloading docspec-2.2.2-py3-none-any.whl.metadata (1.0 kB)
2025-08-19T13:34:00.0631586Z Collecting docspec-python<3.0.0,>=2.2.1 (from pydoc-markdown)
2025-08-19T13:34:00.0680577Z   Downloading docspec_python-2.2.2-py3-none-any.whl.metadata (1.0 kB)
2025-08-19T13:34:00.0801451Z Collecting docstring-parser<0.12,>=0.11 (from pydoc-markdown)
2025-08-19T13:34:00.0850267Z   Downloading docstring_parser-0.11.tar.gz (22 kB)
2025-08-19T13:34:00.0972439Z   Installing build dependencies: started
2025-08-19T13:34:01.3048802Z   Installing build dependencies: finished with status 'done'
2025-08-19T13:34:01.3055281Z   Getting requirements to build wheel: started
2025-08-19T13:34:01.6730604Z   Getting requirements to build wheel: finished with status 'done'
2025-08-19T13:34:01.6738964Z   Preparing metadata (pyproject.toml): started
2025-08-19T13:34:01.8478489Z   Preparing metadata (pyproject.toml): finished with status 'done'
2025-08-19T13:34:01.8664879Z Collecting jinja2<4.0.0,>=3.0.0 (from pydoc-markdown)
2025-08-19T13:34:01.8700716Z   Downloading jinja2-3.1.6-py3-none-any.whl.metadata (2.9 kB)
2025-08-19T13:34:01.8889788Z Collecting nr.util<1.0.0,>=0.7.5 (from pydoc-markdown)
2025-08-19T13:34:01.8929401Z   Downloading nr.util-0.8.12-py3-none-any.whl.metadata (813 bytes)
2025-08-19T13:34:01.9210977Z Collecting requests<3.0.0,>=2.23.0 (from pydoc-markdown)
2025-08-19T13:34:01.9243163Z   Downloading requests-2.32.5-py3-none-any.whl.metadata (4.9 kB)
2025-08-19T13:34:01.9395167Z Collecting tomli<3.0.0,>=2.0.0 (from pydoc-markdown)
2025-08-19T13:34:01.9448184Z   Downloading tomli-2.2.1-cp311-cp311-manylinux_2_17_x86_64.manylinux2014_x86_64.whl.metadata (11 kB)
2025-08-19T13:34:01.9559751Z Collecting tomli_w<2.0.0,>=1.0.0 (from pydoc-markdown)
2025-08-19T13:34:01.9590852Z   Downloading tomli_w-1.2.0-py3-none-any.whl.metadata (5.7 kB)
2025-08-19T13:34:02.0039737Z Collecting watchdog (from pydoc-markdown)
2025-08-19T13:34:02.0072468Z   Downloading watchdog-6.0.0-py3-none-manylinux2014_x86_64.whl.metadata (44 kB)
2025-08-19T13:34:02.0285328Z Collecting yapf>=0.30.0 (from pydoc-markdown)
2025-08-19T13:34:02.0319376Z   Downloading yapf-0.43.0-py3-none-any.whl.metadata (46 kB)
2025-08-19T13:34:02.0575592Z Collecting databind<5.0.0,>=4.5.2 (from databind.core<5.0.0,>=4.4.0->pydoc-markdown)
2025-08-19T13:34:02.0646655Z   Downloading databind-4.5.2-py3-none-any.whl.metadata (4.3 kB)
2025-08-19T13:34:02.0798307Z Collecting Deprecated<2.0.0,>=1.2.12 (from databind<5.0.0,>=4.5.2->databind.core<5.0.0,>=4.4.0->pydoc-markdown)
2025-08-19T13:34:02.0829527Z   Downloading Deprecated-1.2.18-py2.py3-none-any.whl.metadata (5.7 kB)
2025-08-19T13:34:02.0987722Z Collecting nr-date<3.0.0,>=2.0.0 (from databind<5.0.0,>=4.5.2->databind.core<5.0.0,>=4.4.0->pydoc-markdown)
2025-08-19T13:34:02.1027882Z   Downloading nr_date-2.1.0-py3-none-any.whl.metadata (746 bytes)
2025-08-19T13:34:02.1183818Z Collecting nr-stream<2.0.0,>=1.0.0 (from databind<5.0.0,>=4.5.2->databind.core<5.0.0,>=4.4.0->pydoc-markdown)
2025-08-19T13:34:02.1222696Z   Downloading nr_stream-1.1.5-py3-none-any.whl.metadata (3.6 kB)
2025-08-19T13:34:02.1426173Z Collecting typeapi<3,>=2.0.1 (from databind<5.0.0,>=4.5.2->databind.core<5.0.0,>=4.4.0->pydoc-markdown)
2025-08-19T13:34:02.1464518Z   Downloading typeapi-2.2.4-py3-none-any.whl.metadata (1.5 kB)
2025-08-19T13:34:02.1651551Z Collecting typing-extensions<5,>=3.10.0 (from databind<5.0.0,>=4.5.2->databind.core<5.0.0,>=4.4.0->pydoc-markdown)
2025-08-19T13:34:02.1685403Z   Downloading typing_extensions-4.14.1-py3-none-any.whl.metadata (3.0 kB)
2025-08-19T13:34:02.2654183Z Collecting wrapt<2,>=1.10 (from Deprecated<2.0.0,>=1.2.12->databind<5.0.0,>=4.5.2->databind.core<5.0.0,>=4.4.0->pydoc-markdown)
2025-08-19T13:34:02.2689323Z   Downloading wrapt-1.17.3-cp311-cp311-manylinux1_x86_64.manylinux_2_28_x86_64.manylinux_2_5_x86_64.whl.metadata (6.4 kB)
2025-08-19T13:34:02.3218618Z Collecting black>=24.8.0 (from docspec-python<3.0.0,>=2.2.1->pydoc-markdown)
2025-08-19T13:34:02.3253531Z   Downloading black-25.1.0-cp311-cp311-manylinux_2_17_x86_64.manylinux2014_x86_64.manylinux_2_28_x86_64.whl.metadata (81 kB)
2025-08-19T13:34:02.3371612Z Collecting docspec<3.0.0,>=2.2.1 (from pydoc-markdown)
2025-08-19T13:34:02.3416038Z   Downloading docspec-2.2.1-py3-none-any.whl.metadata (1.5 kB)
2025-08-19T13:34:02.3952676Z Collecting MarkupSafe>=2.0 (from jinja2<4.0.0,>=3.0.0->pydoc-markdown)
2025-08-19T13:34:02.3993269Z   Downloading MarkupSafe-3.0.2-cp311-cp311-manylinux_2_17_x86_64.manylinux2014_x86_64.whl.metadata (4.0 kB)
2025-08-19T13:34:02.4875553Z Collecting charset_normalizer<4,>=2 (from requests<3.0.0,>=2.23.0->pydoc-markdown)
2025-08-19T13:34:02.4925678Z   Downloading charset_normalizer-3.4.3-cp311-cp311-manylinux2014_x86_64.manylinux_2_17_x86_64.manylinux_2_28_x86_64.whl.metadata (36 kB)
2025-08-19T13:34:02.5136119Z Collecting idna<4,>=2.5 (from requests<3.0.0,>=2.23.0->pydoc-markdown)
2025-08-19T13:34:02.5168755Z   Downloading idna-3.10-py3-none-any.whl.metadata (10 kB)
2025-08-19T13:34:02.5457075Z Collecting urllib3<3,>=1.21.1 (from requests<3.0.0,>=2.23.0->pydoc-markdown)
2025-08-19T13:34:02.5488613Z   Downloading urllib3-2.5.0-py3-none-any.whl.metadata (6.5 kB)
2025-08-19T13:34:02.5694326Z Collecting certifi>=2017.4.17 (from requests<3.0.0,>=2.23.0->pydoc-markdown)
2025-08-19T13:34:02.5726887Z   Downloading certifi-2025.8.3-py3-none-any.whl.metadata (2.4 kB)
2025-08-19T13:34:02.5958477Z Collecting mypy-extensions>=0.4.3 (from black>=24.8.0->docspec-python<3.0.0,>=2.2.1->pydoc-markdown)
2025-08-19T13:34:02.5988443Z   Downloading mypy_extensions-1.1.0-py3-none-any.whl.metadata (1.1 kB)
2025-08-19T13:34:02.6153994Z Collecting packaging>=22.0 (from black>=24.8.0->docspec-python<3.0.0,>=2.2.1->pydoc-markdown)
2025-08-19T13:34:02.6229999Z   Downloading packaging-25.0-py3-none-any.whl.metadata (3.3 kB)
2025-08-19T13:34:02.6357696Z Collecting pathspec>=0.9.0 (from black>=24.8.0->docspec-python<3.0.0,>=2.2.1->pydoc-markdown)
2025-08-19T13:34:02.6388146Z   Downloading pathspec-0.12.1-py3-none-any.whl.metadata (21 kB)
2025-08-19T13:34:02.6585048Z Collecting platformdirs>=2 (from black>=24.8.0->docspec-python<3.0.0,>=2.2.1->pydoc-markdown)
2025-08-19T13:34:02.6614641Z   Downloading platformdirs-4.3.8-py3-none-any.whl.metadata (12 kB)
2025-08-19T13:34:02.6849993Z Downloading pydoc_markdown-4.8.2-py3-none-any.whl (67 kB)
2025-08-19T13:34:02.6904459Z Downloading click-8.2.1-py3-none-any.whl (102 kB)
2025-08-19T13:34:02.6966947Z Downloading databind.core-4.5.2-py3-none-any.whl (1.5 kB)
2025-08-19T13:34:02.7015569Z Downloading databind-4.5.2-py3-none-any.whl (49 kB)
2025-08-19T13:34:02.7100883Z Downloading databind.json-4.5.2-py3-none-any.whl (1.5 kB)
2025-08-19T13:34:02.7153426Z Downloading Deprecated-1.2.18-py2.py3-none-any.whl (10.0 kB)
2025-08-19T13:34:02.7208586Z Downloading docspec_python-2.2.2-py3-none-any.whl (15 kB)
2025-08-19T13:34:02.7258266Z Downloading docspec-2.2.1-py3-none-any.whl (9.8 kB)
2025-08-19T13:34:02.7305457Z Downloading jinja2-3.1.6-py3-none-any.whl (134 kB)
2025-08-19T13:34:02.7364108Z Downloading nr_date-2.1.0-py3-none-any.whl (10 kB)
2025-08-19T13:34:02.7413989Z Downloading nr_stream-1.1.5-py3-none-any.whl (10 kB)
2025-08-19T13:34:02.7469608Z Downloading nr.util-0.8.12-py3-none-any.whl (90 kB)
2025-08-19T13:34:02.7526203Z Downloading PyYAML-6.0.2-cp311-cp311-manylinux_2_17_x86_64.manylinux2014_x86_64.whl (762 kB)
2025-08-19T13:34:02.7619069Z    ━━━━━━━━━━━━━━━━━━━━━━━━━━━━━━━━━━━━━━━━ 763.0/763.0 kB 77.5 MB/s  0:00:00
2025-08-19T13:34:02.7652412Z Downloading requests-2.32.5-py3-none-any.whl (64 kB)
2025-08-19T13:34:02.7706937Z Downloading charset_normalizer-3.4.3-cp311-cp311-manylinux2014_x86_64.manylinux_2_17_x86_64.manylinux_2_28_x86_64.whl (150 kB)
2025-08-19T13:34:02.7761169Z Downloading idna-3.10-py3-none-any.whl (70 kB)
2025-08-19T13:34:02.7868386Z Downloading tomli-2.2.1-cp311-cp311-manylinux_2_17_x86_64.manylinux2014_x86_64.whl (236 kB)
2025-08-19T13:34:02.7938813Z Downloading tomli_w-1.2.0-py3-none-any.whl (6.7 kB)
2025-08-19T13:34:02.7990615Z Downloading typeapi-2.2.4-py3-none-any.whl (26 kB)
2025-08-19T13:34:02.8057665Z Downloading typing_extensions-4.14.1-py3-none-any.whl (43 kB)
2025-08-19T13:34:02.8109952Z Downloading urllib3-2.5.0-py3-none-any.whl (129 kB)
2025-08-19T13:34:02.8166483Z Downloading wrapt-1.17.3-cp311-cp311-manylinux1_x86_64.manylinux_2_28_x86_64.manylinux_2_5_x86_64.whl (82 kB)
2025-08-19T13:34:02.8225370Z Downloading black-25.1.0-cp311-cp311-manylinux_2_17_x86_64.manylinux2014_x86_64.manylinux_2_28_x86_64.whl (1.7 MB)
2025-08-19T13:34:02.8430316Z    ━━━━━━━━━━━━━━━━━━━━━━━━━━━━━━━━━━━━━━━━ 1.7/1.7 MB 91.3 MB/s  0:00:00
2025-08-19T13:34:02.8461207Z Downloading certifi-2025.8.3-py3-none-any.whl (161 kB)
2025-08-19T13:34:02.8519324Z Downloading MarkupSafe-3.0.2-cp311-cp311-manylinux_2_17_x86_64.manylinux2014_x86_64.whl (23 kB)
2025-08-19T13:34:02.8568737Z Downloading mypy_extensions-1.1.0-py3-none-any.whl (5.0 kB)
2025-08-19T13:34:02.8622386Z Downloading packaging-25.0-py3-none-any.whl (66 kB)
2025-08-19T13:34:02.8682720Z Downloading pathspec-0.12.1-py3-none-any.whl (31 kB)
2025-08-19T13:34:02.8739250Z Downloading platformdirs-4.3.8-py3-none-any.whl (18 kB)
2025-08-19T13:34:02.8810133Z Downloading yapf-0.43.0-py3-none-any.whl (256 kB)
2025-08-19T13:34:02.8874821Z Downloading watchdog-6.0.0-py3-none-manylinux2014_x86_64.whl (79 kB)
2025-08-19T13:34:02.9132769Z Building wheels for collected packages: docstring-parser
2025-08-19T13:34:02.9140873Z   Building wheel for docstring-parser (pyproject.toml): started
2025-08-19T13:34:03.1217980Z   Building wheel for docstring-parser (pyproject.toml): finished with status 'done'
2025-08-19T13:34:03.1225042Z   Created wheel for docstring-parser: filename=docstring_parser-0.11-py3-none-any.whl size=31551 sha256=15491265c3c791fb9d9e43046e9d73bee5507d4c39516bfa16d2f8622834298d
2025-08-19T13:34:03.1227528Z   Stored in directory: /home/runner/.cache/pip/wheels/0f/f9/78/1186f8bf3425dbd3fb3fa32beee828876c792f49eb2554e888
2025-08-19T13:34:03.1244339Z Successfully built docstring-parser
2025-08-19T13:34:03.1704298Z Installing collected packages: wrapt, watchdog, urllib3, typing-extensions, tomli_w, tomli, PyYAML, platformdirs, pathspec, packaging, nr-stream, nr-date, mypy-extensions, MarkupSafe, idna, docstring-parser, click, charset_normalizer, certifi, yapf, typeapi, requests, jinja2, Deprecated, black, nr.util, databind, databind.json, databind.core, docspec, docspec-python, pydoc-markdown
2025-08-19T13:34:04.2945209Z 
2025-08-19T13:34:04.2967711Z Successfully installed Deprecated-1.2.18 MarkupSafe-3.0.2 PyYAML-6.0.2 black-25.1.0 certifi-2025.8.3 charset_normalizer-3.4.3 click-8.2.1 databind-4.5.2 databind.core-4.5.2 databind.json-4.5.2 docspec-2.2.1 docspec-python-2.2.2 docstring-parser-0.11 idna-3.10 jinja2-3.1.6 mypy-extensions-1.1.0 nr-date-2.1.0 nr-stream-1.1.5 nr.util-0.8.12 packaging-25.0 pathspec-0.12.1 platformdirs-4.3.8 pydoc-markdown-4.8.2 requests-2.32.5 tomli-2.2.1 tomli_w-1.2.0 typeapi-2.2.4 typing-extensions-4.14.1 urllib3-2.5.0 watchdog-6.0.0 wrapt-1.17.3 yapf-0.43.0
2025-08-19T13:34:04.4788218Z ##[group]Run pydoc-markdown
2025-08-19T13:34:04.4788540Z [36;1mpydoc-markdown[0m
2025-08-19T13:34:04.4830527Z shell: /usr/bin/bash -e {0}
2025-08-19T13:34:04.4830840Z env:
2025-08-19T13:34:04.4831163Z   pythonLocation: /opt/hostedtoolcache/Python/3.11.13/x64
2025-08-19T13:34:04.4831742Z   PKG_CONFIG_PATH: /opt/hostedtoolcache/Python/3.11.13/x64/lib/pkgconfig
2025-08-19T13:34:04.4832466Z   Python_ROOT_DIR: /opt/hostedtoolcache/Python/3.11.13/x64
2025-08-19T13:34:04.4832995Z   Python2_ROOT_DIR: /opt/hostedtoolcache/Python/3.11.13/x64
2025-08-19T13:34:04.4833488Z   Python3_ROOT_DIR: /opt/hostedtoolcache/Python/3.11.13/x64
2025-08-19T13:34:04.4833991Z   LD_LIBRARY_PATH: /opt/hostedtoolcache/Python/3.11.13/x64/lib
2025-08-19T13:34:04.4834399Z ##[endgroup]
2025-08-19T13:34:04.8604759Z [WARNING - pydoc_markdown.main]: Unknown configuration options:
2025-08-19T13:34:04.8605508Z Unknown key(s) "{'output_directory'}" at:
2025-08-19T13:34:04.8606087Z In "pydoc-markdown.yml"
2025-08-19T13:34:04.8606787Z   $: TypeHint(pydoc_markdown.PydocMarkdown)
2025-08-19T13:34:04.8607797Z   .renderer: TypeHint(pydoc_markdown.interfaces.Renderer)
2025-08-19T13:34:04.8609432Z   ^: TypeHint(pydoc_markdown.contrib.renderers.markdown.MarkdownRenderer)
2025-08-19T13:34:04.8610542Z 
2025-08-19T13:34:05.1866326Z <a id="__init__"></a>
2025-08-19T13:34:05.1866918Z 
2025-08-19T13:34:05.1867048Z # \_\_init\_\_
2025-08-19T13:34:05.1867246Z 
2025-08-19T13:34:05.1867381Z <a id="api"></a>
2025-08-19T13:34:05.1867582Z 
2025-08-19T13:34:05.1867693Z # api
2025-08-19T13:34:05.1867864Z 
2025-08-19T13:34:05.1868009Z <a id="api.errors"></a>
2025-08-19T13:34:05.1868318Z 
2025-08-19T13:34:05.1868444Z # api.errors
2025-08-19T13:34:05.1868622Z 
2025-08-19T13:34:05.1868780Z <a id="api.sentry_config"></a>
2025-08-19T13:34:05.1869055Z 
2025-08-19T13:34:05.1869191Z # api.sentry\_config
2025-08-19T13:34:05.1869414Z 
2025-08-19T13:34:05.1869595Z <a id="api.tests.test_stats_contracts"></a>
2025-08-19T13:34:05.1869930Z 
2025-08-19T13:34:05.1870481Z # api.tests.test\_stats\_contracts
2025-08-19T13:34:05.1870794Z 
2025-08-19T13:34:05.1870964Z <a id="api.tests.test_sentry_scrub"></a>
2025-08-19T13:34:05.1871284Z 
2025-08-19T13:34:05.1871442Z # api.tests.test\_sentry\_scrub
2025-08-19T13:34:05.1871711Z 
2025-08-19T13:34:05.1871883Z <a id="api.tests.test_roi_basic_auth"></a>
2025-08-19T13:34:05.1873198Z 
2025-08-19T13:34:05.1873366Z # api.tests.test\_roi\_basic\_auth
2025-08-19T13:34:05.1873664Z 
2025-08-19T13:34:05.1873825Z <a id="api.tests.test_errors_json"></a>
2025-08-19T13:34:05.1874150Z 
2025-08-19T13:34:05.1874302Z # api.tests.test\_errors\_json
2025-08-19T13:34:05.1874570Z 
2025-08-19T13:34:05.1874732Z <a id="api.tests.test_llm"></a>
2025-08-19T13:34:05.1875002Z 
2025-08-19T13:34:05.1875139Z # api.tests.test\_llm
2025-08-19T13:34:05.1875356Z 
2025-08-19T13:34:05.1875522Z <a id="api.tests.test_roi_filters"></a>
2025-08-19T13:34:05.1875831Z 
2025-08-19T13:34:05.1875974Z # api.tests.test\_roi\_filters
2025-08-19T13:34:05.1876240Z 
2025-08-19T13:34:05.1876419Z <a id="api.tests.test_sentry_event"></a>
2025-08-19T13:34:05.1876738Z 
2025-08-19T13:34:05.1876897Z # api.tests.test\_sentry\_event
2025-08-19T13:34:05.1877161Z 
2025-08-19T13:34:05.1877391Z <a id="api.tests.test_sentry_event.DummyTransport"></a>
2025-08-19T13:34:05.1877779Z 
2025-08-19T13:34:05.1877938Z ## DummyTransport Objects
2025-08-19T13:34:05.1878180Z 
2025-08-19T13:34:05.1878299Z ```python
2025-08-19T13:34:05.1878616Z class DummyTransport()
2025-08-19T13:34:05.1878941Z ```
2025-08-19T13:34:05.1879139Z 
2025-08-19T13:34:05.1879463Z <a id="api.tests.test_sentry_event.DummyTransport.capture_envelope"></a>
2025-08-19T13:34:05.1879959Z 
2025-08-19T13:34:05.1880106Z #### capture\_envelope
2025-08-19T13:34:05.1880324Z 
2025-08-19T13:34:05.1880437Z ```python
2025-08-19T13:34:05.1880757Z def capture_envelope(envelope)
2025-08-19T13:34:05.1881121Z ```
2025-08-19T13:34:05.1881278Z 
2025-08-19T13:34:05.1881512Z Capture events sent as envelopes by Sentry SDK >= 2.0.
2025-08-19T13:34:05.1881899Z 
2025-08-19T13:34:05.1882581Z <a id="api.tests.test_cors"></a>
2025-08-19T13:34:05.1882895Z 
2025-08-19T13:34:05.1883040Z # api.tests.test\_cors
2025-08-19T13:34:05.1883270Z 
2025-08-19T13:34:05.1883432Z <a id="api.tests.test_imports"></a>
2025-08-19T13:34:05.1883727Z 
2025-08-19T13:34:05.1883898Z # api.tests.test\_imports
2025-08-19T13:34:05.1884149Z 
2025-08-19T13:34:05.1884306Z <a id="api.tests.test_rate_limit"></a>
2025-08-19T13:34:05.1884637Z 
2025-08-19T13:34:05.1884799Z # api.tests.test\_rate\_limit
2025-08-19T13:34:05.1885073Z 
2025-08-19T13:34:05.1885245Z <a id="api.tests.test_rate_limit.app"></a>
2025-08-19T13:34:05.1885574Z 
2025-08-19T13:34:05.1885699Z #### app
2025-08-19T13:34:05.1885859Z 
2025-08-19T13:34:05.1885975Z noqa: E402
2025-08-19T13:34:05.1886147Z 
2025-08-19T13:34:05.1886309Z <a id="api.tests.test_entrypoint"></a>
2025-08-19T13:34:05.1886614Z 
2025-08-19T13:34:05.1886760Z # api.tests.test\_entrypoint
2025-08-19T13:34:05.1887032Z 
2025-08-19T13:34:05.1887192Z <a id="api.tests.test_health"></a>
2025-08-19T13:34:05.1887483Z 
2025-08-19T13:34:05.1887627Z # api.tests.test\_health
2025-08-19T13:34:05.1887862Z 
2025-08-19T13:34:05.1888010Z <a id="api.tests.test_score"></a>
2025-08-19T13:34:05.1888296Z 
2025-08-19T13:34:05.1888423Z # api.tests.test\_score
2025-08-19T13:34:05.1888645Z 
2025-08-19T13:34:05.1888787Z <a id="api.logging_config"></a>
2025-08-19T13:34:05.1889057Z 
2025-08-19T13:34:05.1889186Z # api.logging\_config
2025-08-19T13:34:05.1889399Z 
2025-08-19T13:34:05.1889552Z <a id="api.migrations.env"></a>
2025-08-19T13:34:05.1889811Z 
2025-08-19T13:34:05.1889942Z # api.migrations.env
2025-08-19T13:34:05.1890154Z 
2025-08-19T13:34:05.1890382Z <a id="api.migrations.versions.0022_fix_roi_view"></a>
2025-08-19T13:34:05.1890753Z 
2025-08-19T13:34:05.1890946Z # api.migrations.versions.0022\_fix\_roi\_view
2025-08-19T13:34:05.1891298Z 
2025-08-19T13:34:05.1891496Z <a id="api.migrations.versions.0004_fee_cron"></a>
2025-08-19T13:34:05.1891855Z 
2025-08-19T13:34:05.1892038Z # api.migrations.versions.0004\_fee\_cron
2025-08-19T13:34:05.1892812Z 
2025-08-19T13:34:05.1893112Z <a id="api.migrations.versions.3e9d5c5aff2c_rename_fulf_fee"></a>
2025-08-19T13:34:05.1893588Z 
2025-08-19T13:34:05.1893840Z # api.migrations.versions.3e9d5c5aff2c\_rename\_fulf\_fee
2025-08-19T13:34:05.1894248Z 
2025-08-19T13:34:05.1894478Z <a id="api.migrations.versions.0003_vendor_prices"></a>
2025-08-19T13:34:05.1894873Z 
2025-08-19T13:34:05.1895076Z # api.migrations.versions.0003\_vendor\_prices
2025-08-19T13:34:05.1895423Z 
2025-08-19T13:34:05.1895649Z <a id="api.migrations.versions.0024_create_buybox"></a>
2025-08-19T13:34:05.1896021Z 
2025-08-19T13:34:05.1896209Z # api.migrations.versions.0024\_create\_buybox
2025-08-19T13:34:05.1896561Z 
2025-08-19T13:34:05.1896786Z <a id="api.migrations.versions.0002_create_roi_view"></a>
2025-08-19T13:34:05.1897169Z 
2025-08-19T13:34:05.1897368Z # api.migrations.versions.0002\_create\_roi\_view
2025-08-19T13:34:05.1897728Z 
2025-08-19T13:34:05.1897958Z <a id="api.migrations.versions.0006_fix_roi_views"></a>
2025-08-19T13:34:05.1898485Z 
2025-08-19T13:34:05.1898685Z # api.migrations.versions.0006\_fix\_roi\_views
2025-08-19T13:34:05.1899081Z 
2025-08-19T13:34:05.1899315Z <a id="api.migrations.versions.0020_unified_schema"></a>
2025-08-19T13:34:05.1899702Z 
2025-08-19T13:34:05.1899896Z # api.migrations.versions.0020\_unified\_schema
2025-08-19T13:34:05.1900255Z 
2025-08-19T13:34:05.1900514Z <a id="api.migrations.versions.0025_pr4_indexes_loadlog"></a>
2025-08-19T13:34:05.1900937Z 
2025-08-19T13:34:05.1901165Z # api.migrations.versions.0025\_pr4\_indexes\_loadlog
2025-08-19T13:34:05.1901550Z 
2025-08-19T13:34:05.1901779Z <a id="api.migrations.versions.0023_add_storage_fee"></a>
2025-08-19T13:34:05.1902361Z 
2025-08-19T13:34:05.1902575Z # api.migrations.versions.0023\_add\_storage\_fee
2025-08-19T13:34:05.1902931Z 
2025-08-19T13:34:05.1903187Z <a id="api.migrations.versions.0026_amazon_new_reports"></a>
2025-08-19T13:34:05.1903607Z 
2025-08-19T13:34:05.1904062Z # api.migrations.versions.0026\_amazon\_new\_reports
2025-08-19T13:34:05.1904458Z 
2025-08-19T13:34:05.1904658Z <a id="api.migrations.versions.0001_baseline"></a>
2025-08-19T13:34:05.1905031Z 
2025-08-19T13:34:05.1905201Z # api.migrations.versions.0001\_baseline
2025-08-19T13:34:05.1905524Z 
2025-08-19T13:34:05.1905693Z <a id="api.migrations.versions"></a>
2025-08-19T13:34:05.1905998Z 
2025-08-19T13:34:05.1906146Z # api.migrations.versions
2025-08-19T13:34:05.1906462Z 
2025-08-19T13:34:05.1906610Z <a id="api.migrations"></a>
2025-08-19T13:34:05.1906863Z 
2025-08-19T13:34:05.1906989Z # api.migrations
2025-08-19T13:34:05.1907322Z 
2025-08-19T13:34:05.1907444Z <a id="api.db"></a>
2025-08-19T13:34:05.1907644Z 
2025-08-19T13:34:05.1907764Z # api.db
2025-08-19T13:34:05.1907928Z 
2025-08-19T13:34:05.1908074Z <a id="api.routes.score"></a>
2025-08-19T13:34:05.1908341Z 
2025-08-19T13:34:05.1908523Z # api.routes.score
2025-08-19T13:34:05.1908728Z 
2025-08-19T13:34:05.1908869Z <a id="api.routes.stats"></a>
2025-08-19T13:34:05.1909136Z 
2025-08-19T13:34:05.1909275Z # api.routes.stats
2025-08-19T13:34:05.1909529Z 
2025-08-19T13:34:05.1909673Z <a id="api.routes.roi"></a>
2025-08-19T13:34:05.1909921Z 
2025-08-19T13:34:05.1910040Z # api.routes.roi
2025-08-19T13:34:05.1910232Z 
2025-08-19T13:34:05.1910385Z <a id="api.routes.health"></a>
2025-08-19T13:34:05.1910645Z 
2025-08-19T13:34:05.1910770Z # api.routes.health
2025-08-19T13:34:05.1910977Z 
2025-08-19T13:34:05.1911142Z <a id="api.routes.health.MAX_SKEW"></a>
2025-08-19T13:34:05.1911456Z 
2025-08-19T13:34:05.1911577Z #### MAX\_SKEW
2025-08-19T13:34:05.1911756Z 
2025-08-19T13:34:05.1911867Z seconds
2025-08-19T13:34:05.1912020Z 
2025-08-19T13:34:05.1912377Z <a id="api.routes.health.health"></a>
2025-08-19T13:34:05.1912696Z 
2025-08-19T13:34:05.1912808Z #### health
2025-08-19T13:34:05.1912978Z 
2025-08-19T13:34:05.1913091Z ```python
2025-08-19T13:34:05.1913537Z @router.get("/health", include_in_schema=False)
2025-08-19T13:34:05.1914257Z async def health(session: AsyncSession = Depends(get_session)) -> JSONResponse
2025-08-19T13:34:05.1915138Z ```
2025-08-19T13:34:05.1915294Z 
2025-08-19T13:34:05.1915516Z Return 200 when DB reachable and clocks are in sync.
2025-08-19T13:34:05.1915886Z 
2025-08-19T13:34:05.1916058Z <a id="api.routes.repository"></a>
2025-08-19T13:34:05.1916352Z 
2025-08-19T13:34:05.1916492Z # api.routes.repository
2025-08-19T13:34:05.1916734Z 
2025-08-19T13:34:05.1916866Z <a id="api.routes"></a>
2025-08-19T13:34:05.1917088Z 
2025-08-19T13:34:05.1917212Z # api.routes
2025-08-19T13:34:05.1917393Z 
2025-08-19T13:34:05.1917530Z <a id="api.models.fee"></a>
2025-08-19T13:34:05.1917795Z 
2025-08-19T13:34:05.1918239Z # api.models.fee
2025-08-19T13:34:05.1918551Z 
2025-08-19T13:34:05.1918792Z <a id="api.models"></a>
2025-08-19T13:34:05.1919025Z 
2025-08-19T13:34:05.1919142Z # api.models
2025-08-19T13:34:05.1919318Z 
2025-08-19T13:34:05.1919463Z <a id="api.roi_repository"></a>
2025-08-19T13:34:05.1919736Z 
2025-08-19T13:34:05.1919866Z # api.roi\_repository
2025-08-19T13:34:05.1920053Z 
2025-08-19T13:34:05.1920188Z <a id="api.main"></a>
2025-08-19T13:34:05.1920388Z 
2025-08-19T13:34:05.1920493Z # api.main
2025-08-19T13:34:05.1920656Z 
2025-08-19T13:34:05.1920780Z <a id="api.main.ready"></a>
2025-08-19T13:34:05.1921024Z 
2025-08-19T13:34:05.1921234Z #### ready
2025-08-19T13:34:05.1921395Z 
2025-08-19T13:34:05.1921505Z ```python
2025-08-19T13:34:05.1921989Z @app.get("/ready", status_code=status.HTTP_200_OK, include_in_schema=False)
2025-08-19T13:34:05.1922978Z async def ready(session: AsyncSession = Depends(get_session)) -> dict[str,
2025-08-19T13:34:05.1923641Z                                                                       str]
2025-08-19T13:34:05.1924063Z ```
2025-08-19T13:34:05.1924224Z 
2025-08-19T13:34:05.1924443Z Return 200 only when migrations are at head.
2025-08-19T13:34:05.1924789Z 
2025-08-19T13:34:05.1924933Z <a id="api.config"></a>
2025-08-19T13:34:05.1925158Z 
2025-08-19T13:34:05.1925276Z # api.config
2025-08-19T13:34:05.1925458Z 
2025-08-19T13:34:05.1925596Z <a id="api.security"></a>
2025-08-19T13:34:05.1926060Z 
2025-08-19T13:34:05.1926197Z # api.security
2025-08-19T13:34:05.1926396Z 
2025-08-19T13:34:05.1926513Z <a id="etl"></a>
2025-08-19T13:34:05.1926696Z 
2025-08-19T13:34:05.1926813Z # etl
2025-08-19T13:34:05.1926965Z 
2025-08-19T13:34:05.1927109Z <a id="etl.fba_fee_ingestor"></a>
2025-08-19T13:34:05.1927388Z 
2025-08-19T13:34:05.1927528Z # etl.fba\_fee\_ingestor
2025-08-19T13:34:05.1927752Z 
2025-08-19T13:34:05.1927897Z <a id="etl.sp_fees_ingestor"></a>
2025-08-19T13:34:05.1928175Z 
2025-08-19T13:34:05.1928302Z # etl.sp\_fees\_ingestor
2025-08-19T13:34:05.1928524Z 
2025-08-19T13:34:05.1928673Z <a id="etl.keepa_ingestor"></a>
2025-08-19T13:34:05.1928936Z 
2025-08-19T13:34:05.1929070Z # etl.keepa\_ingestor
2025-08-19T13:34:05.1929277Z 
2025-08-19T13:34:05.1929404Z <a id="etl.db"></a>
2025-08-19T13:34:05.1929596Z 
2025-08-19T13:34:05.1929705Z # etl.db
2025-08-19T13:34:05.1929869Z 
2025-08-19T13:34:05.1930020Z <a id="etl.dialects.schemas"></a>
2025-08-19T13:34:05.1930296Z 
2025-08-19T13:34:05.1930436Z # etl.dialects.schemas
2025-08-19T13:34:05.1930668Z 
2025-08-19T13:34:05.1930857Z <a id="etl.dialects.amazon_reimbursements"></a>
2025-08-19T13:34:05.1931204Z 
2025-08-19T13:34:05.1931374Z # etl.dialects.amazon\_reimbursements
2025-08-19T13:34:05.1931677Z 
2025-08-19T13:34:05.1931854Z <a id="etl.dialects.amazon_ads_sp_cost"></a>
2025-08-19T13:34:05.1932409Z 
2025-08-19T13:34:05.1932572Z # etl.dialects.amazon\_ads\_sp\_cost
2025-08-19T13:34:05.1932870Z 
2025-08-19T13:34:05.1933028Z <a id="etl.dialects.test_generic"></a>
2025-08-19T13:34:05.1933352Z 
2025-08-19T13:34:05.1933494Z # etl.dialects.test\_generic
2025-08-19T13:34:05.1933759Z 
2025-08-19T13:34:05.1933938Z <a id="etl.dialects.amazon_returns"></a>
2025-08-19T13:34:05.1934251Z 
2025-08-19T13:34:05.1934398Z # etl.dialects.amazon\_returns
2025-08-19T13:34:05.1934677Z 
2025-08-19T13:34:05.1934852Z <a id="etl.dialects.amazon_fee_preview"></a>
2025-08-19T13:34:05.1935233Z 
2025-08-19T13:34:05.1935390Z # etl.dialects.amazon\_fee\_preview
2025-08-19T13:34:05.1935942Z 
2025-08-19T13:34:05.1936144Z <a id="etl.dialects.amazon_inventory_ledger"></a>
2025-08-19T13:34:05.1936497Z 
2025-08-19T13:34:05.1936667Z # etl.dialects.amazon\_inventory\_ledger
2025-08-19T13:34:05.1936978Z 
2025-08-19T13:34:05.1937156Z <a id="etl.dialects.amazon_settlements"></a>
2025-08-19T13:34:05.1937488Z 
2025-08-19T13:34:05.1937643Z # etl.dialects.amazon\_settlements
2025-08-19T13:34:05.1937928Z 
2025-08-19T13:34:05.1938065Z <a id="etl.dialects"></a>
2025-08-19T13:34:05.1938312Z 
2025-08-19T13:34:05.1938432Z # etl.dialects
2025-08-19T13:34:05.1938615Z 
2025-08-19T13:34:05.1938746Z <a id="ingest"></a>
2025-08-19T13:34:05.1938943Z 
2025-08-19T13:34:05.1939052Z # ingest
2025-08-19T13:34:05.1939217Z 
2025-08-19T13:34:05.1939366Z <a id="ingest.maintenance"></a>
2025-08-19T13:34:05.1939634Z 
2025-08-19T13:34:05.1939761Z # ingest.maintenance
2025-08-19T13:34:05.1939979Z 
2025-08-19T13:34:05.1940121Z <a id="ingest.copy_loader"></a>
2025-08-19T13:34:05.1940383Z 
2025-08-19T13:34:05.1940525Z # ingest.copy\_loader
2025-08-19T13:34:05.1940738Z 
2025-08-19T13:34:05.1940923Z <a id="ingest.copy_loader.copy_df_via_temp"></a>
2025-08-19T13:34:05.1941257Z 
2025-08-19T13:34:05.1941396Z #### copy\_df\_via\_temp
2025-08-19T13:34:05.1941623Z 
2025-08-19T13:34:05.1941735Z ```python
2025-08-19T13:34:05.1942047Z def copy_df_via_temp(engine: Engine,
2025-08-19T13:34:05.1942767Z                      df: pd.DataFrame,
2025-08-19T13:34:05.1943201Z                      target_table: str,
2025-08-19T13:34:05.1943603Z                      *,
2025-08-19T13:34:05.1943973Z                      target_schema: Optional[str] = None,
2025-08-19T13:34:05.1944463Z                      columns: Sequence[str],
2025-08-19T13:34:05.1944961Z                      conflict_cols: Optional[Sequence[str]] = None,
2025-08-19T13:34:05.1945485Z                      analyze_after: bool = False,
2025-08-19T13:34:05.1945978Z                      connection: Any | None = None) -> int
2025-08-19T13:34:05.1946430Z ```
2025-08-19T13:34:05.1946579Z 
2025-08-19T13:34:05.1947113Z Bulk load *df* into *target_table* using COPY and a staging table.
2025-08-19T13:34:05.1947568Z 
2025-08-19T13:34:05.1947728Z <a id="ingest.tests.test_smoke"></a>
2025-08-19T13:34:05.1948034Z 
2025-08-19T13:34:05.1948190Z # ingest.tests.test\_smoke
2025-08-19T13:34:05.1948438Z 
2025-08-19T13:34:05.1948577Z <a id="ingest.tests"></a>
2025-08-19T13:34:05.1948819Z 
2025-08-19T13:34:05.1948939Z # ingest.tests
2025-08-19T13:34:05.1949121Z 
2025-08-19T13:34:05.1949270Z <a id="ingest.upload_router"></a>
2025-08-19T13:34:05.1949558Z 
2025-08-19T13:34:05.1949692Z # ingest.upload\_router
2025-08-19T13:34:05.1949914Z 
2025-08-19T13:34:05.1950070Z <a id="ingest.email_watcher"></a>
2025-08-19T13:34:05.1950340Z 
2025-08-19T13:34:05.1950472Z # ingest.email\_watcher
2025-08-19T13:34:05.1950696Z 
2025-08-19T13:34:05.1950851Z <a id="ingest.email_watcher.main"></a>
2025-08-19T13:34:05.1951155Z 
2025-08-19T13:34:05.1951268Z #### main
2025-08-19T13:34:05.1951436Z 
2025-08-19T13:34:05.1951546Z ```python
2025-08-19T13:34:05.1951862Z def main() -> dict[str, str]
2025-08-19T13:34:05.1952399Z ```
2025-08-19T13:34:05.1952552Z 
2025-08-19T13:34:05.1952822Z Upload CSV/XLSX attachments to MinIO and trigger ingestion.
2025-08-19T13:34:05.1953234Z 
2025-08-19T13:34:05.1953475Z Returns {"status": "success"} when processing completes.
2025-08-19T13:34:05.1953880Z 
2025-08-19T13:34:05.1954015Z <a id="ingest.tasks"></a>
2025-08-19T13:34:05.1954246Z 
2025-08-19T13:34:05.1954369Z # ingest.tasks
2025-08-19T13:34:05.1954558Z 
2025-08-19T13:34:05.1954733Z <a id="ingest.tasks.task_import_file"></a>
2025-08-19T13:34:05.1955064Z 
2025-08-19T13:34:05.1955209Z #### task\_import\_file
2025-08-19T13:34:05.1955431Z 
2025-08-19T13:34:05.1955549Z ```python
2025-08-19T13:34:05.1955964Z @celery_app.task(name="ingest.import_file", bind=True)
2025-08-19T13:34:05.1956554Z def task_import_file(self: Any,
2025-08-19T13:34:05.1956941Z                      uri: str,
2025-08-19T13:34:05.1957350Z                      report_type: str | None = None,
2025-08-19T13:34:05.1958089Z                      force: bool = False) -> dict[str, Any]
2025-08-19T13:34:05.1958536Z ```
2025-08-19T13:34:05.1958686Z 
2025-08-19T13:34:05.1958942Z Import a file into Postgres using existing ETL pipeline.
2025-08-19T13:34:05.1959334Z 
2025-08-19T13:34:05.1959484Z <a id="ingest.celery_app"></a>
2025-08-19T13:34:05.1959755Z 
2025-08-19T13:34:05.1959885Z # ingest.celery\_app
2025-08-19T13:34:05.1960096Z 
2025-08-19T13:34:05.1960251Z <a id="ingest.ingest_router"></a>
2025-08-19T13:34:05.1960528Z 
2025-08-19T13:34:05.1960659Z # ingest.ingest\_router
2025-08-19T13:34:05.1960877Z 
2025-08-19T13:34:05.1961019Z <a id="logistics_etl"></a>
2025-08-19T13:34:05.1961256Z 
2025-08-19T13:34:05.1961379Z # logistics\_etl
2025-08-19T13:34:05.1961577Z 
2025-08-19T13:34:05.1961711Z Daily logistics ETL job.
2025-08-19T13:34:05.1961943Z 
2025-08-19T13:34:05.1962089Z <a id="logistics_etl.__main__"></a>
2025-08-19T13:34:05.1962569Z 
2025-08-19T13:34:05.1962710Z # logistics\_etl.\_\_main\_\_
2025-08-19T13:34:05.1962991Z 
2025-08-19T13:34:05.1963139Z <a id="logistics_etl.dsn"></a>
2025-08-19T13:34:05.1963399Z 
2025-08-19T13:34:05.1963524Z # logistics\_etl.dsn
2025-08-19T13:34:05.1963739Z 
2025-08-19T13:34:05.1963951Z Local DSN builder to avoid cross-service dependency.
2025-08-19T13:34:05.1964330Z 
2025-08-19T13:34:05.1964499Z <a id="logistics_etl.dsn.build_dsn"></a>
2025-08-19T13:34:05.1964825Z 
2025-08-19T13:34:05.1964943Z #### build\_dsn
2025-08-19T13:34:05.1965131Z 
2025-08-19T13:34:05.1965250Z ```python
2025-08-19T13:34:05.1965570Z def build_dsn(sync: bool = True) -> str
2025-08-19T13:34:05.1965984Z ```
2025-08-19T13:34:05.1966133Z 
2025-08-19T13:34:05.1966392Z Return a Postgres DSN assembled from environment variables.
2025-08-19T13:34:05.1966815Z 
2025-08-19T13:34:05.1967091Z Prefers explicit DSNs via ``PG_SYNC_DSN``/``PG_ASYNC_DSN`` or
2025-08-19T13:34:05.1967816Z ``DATABASE_URL``. Falls back to individual PG_* settings and raises an
2025-08-19T13:34:05.1968456Z error when any required variable is missing.
2025-08-19T13:34:05.1969128Z 
2025-08-19T13:34:05.1969340Z <a id="logistics_etl.tests.conftest"></a>
2025-08-19T13:34:05.1969674Z 
2025-08-19T13:34:05.1969826Z # logistics\_etl.tests.conftest
2025-08-19T13:34:05.1970112Z 
2025-08-19T13:34:05.1970307Z <a id="logistics_etl.tests.test_repository"></a>
2025-08-19T13:34:05.1970662Z 
2025-08-19T13:34:05.1970829Z # logistics\_etl.tests.test\_repository
2025-08-19T13:34:05.1971144Z 
2025-08-19T13:34:05.1971314Z <a id="logistics_etl.tests.test_cron"></a>
2025-08-19T13:34:05.1971633Z 
2025-08-19T13:34:05.1971793Z # logistics\_etl.tests.test\_cron
2025-08-19T13:34:05.1972072Z 
2025-08-19T13:34:05.1972439Z <a id="logistics_etl.tests.test_imports"></a>
2025-08-19T13:34:05.1972786Z 
2025-08-19T13:34:05.1972939Z # logistics\_etl.tests.test\_imports
2025-08-19T13:34:05.1973234Z 
2025-08-19T13:34:05.1973402Z <a id="logistics_etl.tests.test_smoke"></a>
2025-08-19T13:34:05.1973737Z 
2025-08-19T13:34:05.1973887Z # logistics\_etl.tests.test\_smoke
2025-08-19T13:34:05.1974169Z 
2025-08-19T13:34:05.1974365Z <a id="logistics_etl.tests.test_client"></a>
2025-08-19T13:34:05.1974689Z 
2025-08-19T13:34:05.1974836Z # logistics\_etl.tests.test\_client
2025-08-19T13:34:05.1975129Z 
2025-08-19T13:34:05.1975274Z <a id="logistics_etl.tests"></a>
2025-08-19T13:34:05.1975546Z 
2025-08-19T13:34:05.1975676Z # logistics\_etl.tests
2025-08-19T13:34:05.1975904Z 
2025-08-19T13:34:05.1976051Z <a id="logistics_etl.flow"></a>
2025-08-19T13:34:05.1976313Z 
2025-08-19T13:34:05.1976449Z # logistics\_etl.flow
2025-08-19T13:34:05.1976665Z 
2025-08-19T13:34:05.1976813Z <a id="logistics_etl.client"></a>
2025-08-19T13:34:05.1977089Z 
2025-08-19T13:34:05.1977221Z # logistics\_etl.client
2025-08-19T13:34:05.1977443Z 
2025-08-19T13:34:05.1977582Z <a id="logistics_etl.cron"></a>
2025-08-19T13:34:05.1977846Z 
2025-08-19T13:34:05.1977975Z # logistics\_etl.cron
2025-08-19T13:34:05.1978186Z 
2025-08-19T13:34:05.1978334Z <a id="logistics_etl.db"></a>
2025-08-19T13:34:05.1978588Z 
2025-08-19T13:34:05.1978718Z # logistics\_etl.db
2025-08-19T13:34:05.1979384Z 
2025-08-19T13:34:05.1979542Z <a id="logistics_etl.repository"></a>
2025-08-19T13:34:05.1979834Z 
2025-08-19T13:34:05.2006120Z # logistics\_etl.repository
2025-08-19T13:34:05.2006499Z 
2025-08-19T13:34:05.2006705Z <a id="alert_bot"></a>
2025-08-19T13:34:05.2007005Z 
2025-08-19T13:34:05.2007195Z # alert\_bot
2025-08-19T13:34:05.2007448Z 
2025-08-19T13:34:05.2007654Z <a id="alert_bot.tests.test_smoke"></a>
2025-08-19T13:34:05.2008063Z 
2025-08-19T13:34:05.2008236Z # alert\_bot.tests.test\_smoke
2025-08-19T13:34:05.2008457Z 
2025-08-19T13:34:05.2008621Z <a id="alert_bot.tests"></a>
2025-08-19T13:34:05.2008950Z 
2025-08-19T13:34:05.2009107Z # alert\_bot.tests
2025-08-19T13:34:05.2009357Z 
2025-08-19T13:34:05.2009550Z <a id="alert_bot.alert_bot"></a>
2025-08-19T13:34:05.2009896Z 
2025-08-19T13:34:05.2010068Z # alert\_bot.alert\_bot
2025-08-19T13:34:05.2010357Z 
2025-08-19T13:34:05.2010535Z <a id="alert_bot.rules"></a>
2025-08-19T13:34:05.2010857Z 
2025-08-19T13:34:05.2011019Z # alert\_bot.rules
2025-08-19T13:34:05.2011280Z 
2025-08-19T13:34:05.2011434Z <a id="common"></a>
2025-08-19T13:34:05.2011678Z 
2025-08-19T13:34:05.2011823Z # common
2025-08-19T13:34:05.2012021Z 
2025-08-19T13:34:05.2012422Z <a id="common.dsn"></a>
2025-08-19T13:34:05.2012795Z 
2025-08-19T13:34:05.2013105Z # common.dsn
2025-08-19T13:34:05.2013350Z 
2025-08-19T13:34:05.2013560Z <a id="common.dsn.build_dsn"></a>
2025-08-19T13:34:05.2013957Z 
2025-08-19T13:34:05.2014122Z #### build\_dsn
2025-08-19T13:34:05.2014381Z 
2025-08-19T13:34:05.2014551Z ```python
2025-08-19T13:34:05.2015006Z def build_dsn(sync: bool = True) -> str
2025-08-19T13:34:05.2015614Z ```
2025-08-19T13:34:05.2015824Z 
2025-08-19T13:34:05.2016122Z Return a Postgres DSN, validating required variables.
2025-08-19T13:34:05.2016669Z 
2025-08-19T13:34:05.2017165Z The function prefers explicit DSNs via ``PG_SYNC_DSN`` / ``PG_ASYNC_DSN`` or
2025-08-19T13:34:05.2018326Z ``DATABASE_URL``.  If those are absent it assembles a connection string from
2025-08-19T13:34:05.2019616Z ``PG_HOST`` and related variables and raises a helpful error when any are
2025-08-19T13:34:05.2020126Z missing.
2025-08-19T13:34:05.2020267Z 
2025-08-19T13:34:05.2020400Z <a id="common.models_vendor"></a>
2025-08-19T13:34:05.2020639Z 
2025-08-19T13:34:05.2020759Z # common.models\_vendor
2025-08-19T13:34:05.2020947Z 
2025-08-19T13:34:05.2021085Z <a id="common.models_vendor.Vendor"></a>
2025-08-19T13:34:05.2021361Z 
2025-08-19T13:34:05.2021464Z ## Vendor Objects
2025-08-19T13:34:05.2021629Z 
2025-08-19T13:34:05.2021731Z ```python
2025-08-19T13:34:05.2021971Z class Vendor(Base)
2025-08-19T13:34:05.2022451Z ```
2025-08-19T13:34:05.2022588Z 
2025-08-19T13:34:05.2022710Z Vendor of inventory items.
2025-08-19T13:34:05.2022927Z 
2025-08-19T13:34:05.2023087Z <a id="common.models_vendor.VendorPrice"></a>
2025-08-19T13:34:05.2023376Z 
2025-08-19T13:34:05.2023489Z ## VendorPrice Objects
2025-08-19T13:34:05.2023679Z 
2025-08-19T13:34:05.2023775Z ```python
2025-08-19T13:34:05.2023999Z class VendorPrice(Base)
2025-08-19T13:34:05.2024190Z ```
2025-08-19T13:34:05.2024273Z 
2025-08-19T13:34:05.2024383Z Association table linking vendors to pricing.
2025-08-19T13:34:05.2024588Z 
2025-08-19T13:34:05.2024669Z <a id="common.db_url"></a>
2025-08-19T13:34:05.2024812Z 
2025-08-19T13:34:05.2024882Z # common.db\_url
2025-08-19T13:34:05.2024988Z 
2025-08-19T13:34:05.2025074Z <a id="common.db_url.build_url"></a>
2025-08-19T13:34:05.2025243Z 
2025-08-19T13:34:05.2025310Z #### build\_url
2025-08-19T13:34:05.2025413Z 
2025-08-19T13:34:05.2025483Z ```python
2025-08-19T13:34:05.2025662Z def build_url(async_: bool = True) -> str
2025-08-19T13:34:05.2025903Z ```
2025-08-19T13:34:05.2025989Z 
2025-08-19T13:34:05.2026091Z Return Postgres DSN from env or PG_* parts.
2025-08-19T13:34:05.2026282Z 
2025-08-19T13:34:05.2026366Z <a id="common.keepa"></a>
2025-08-19T13:34:05.2026499Z 
2025-08-19T13:34:05.2026569Z # common.keepa
2025-08-19T13:34:05.2026683Z 
2025-08-19T13:34:05.2026758Z <a id="common.llm"></a>
2025-08-19T13:34:05.2026882Z 
2025-08-19T13:34:05.2027093Z # common.llm
2025-08-19T13:34:05.2027193Z 
2025-08-19T13:34:05.2027278Z <a id="common.settings"></a>
2025-08-19T13:34:05.2027426Z 
2025-08-19T13:34:05.2027499Z # common.settings
2025-08-19T13:34:05.2027614Z 
2025-08-19T13:34:05.2027687Z <a id="common.db"></a>
2025-08-19T13:34:05.2027813Z 
2025-08-19T13:34:05.2027879Z # common.db
2025-08-19T13:34:05.2027972Z 
2025-08-19T13:34:05.2028078Z <a id="common.db.build_sqlalchemy_url"></a>
2025-08-19T13:34:05.2028262Z 
2025-08-19T13:34:05.2028338Z #### build\_sqlalchemy\_url
2025-08-19T13:34:05.2028474Z 
2025-08-19T13:34:05.2028547Z ```python
2025-08-19T13:34:05.2028722Z def build_sqlalchemy_url() -> str
2025-08-19T13:34:05.2028944Z ```
2025-08-19T13:34:05.2029029Z 
2025-08-19T13:34:05.2029127Z Return Postgres URL for SQLAlchemy engines.
2025-08-19T13:34:05.2029326Z 
2025-08-19T13:34:05.2029451Z <a id="common.db.build_asyncpg_dsn"></a>
2025-08-19T13:34:05.2029630Z 
2025-08-19T13:34:05.2029714Z #### build\_asyncpg\_dsn
2025-08-19T13:34:05.2029853Z 
2025-08-19T13:34:05.2029918Z ```python
2025-08-19T13:34:05.2030099Z def build_asyncpg_dsn() -> str
2025-08-19T13:34:05.2030305Z ```
2025-08-19T13:34:05.2030397Z 
2025-08-19T13:34:05.2030531Z Return DSN suitable for asyncpg (without driver suffix).
2025-08-19T13:34:05.2030754Z 
2025-08-19T13:34:05.2030841Z <a id="common.db.refresh_mvs"></a>
2025-08-19T13:34:05.2031005Z 
2025-08-19T13:34:05.2031074Z #### refresh\_mvs
2025-08-19T13:34:05.2031181Z 
2025-08-19T13:34:05.2031251Z ```python
2025-08-19T13:34:05.2031458Z def refresh_mvs(conn: Engine | Connection) -> None
2025-08-19T13:34:05.2031721Z ```
2025-08-19T13:34:05.2031803Z 
2025-08-19T13:34:05.2031944Z Refresh materialized views, using CONCURRENTLY when safe.
2025-08-19T13:34:05.2032360Z 
2025-08-19T13:34:05.2032444Z <a id="common.config"></a>
2025-08-19T13:34:05.2032578Z 
2025-08-19T13:34:05.2032652Z # common.config
2025-08-19T13:34:05.2032756Z 
2025-08-19T13:34:05.2032833Z <a id="common.base"></a>
2025-08-19T13:34:05.2032959Z 
2025-08-19T13:34:05.2033160Z # common.base
2025-08-19T13:34:05.2033270Z 
2025-08-19T13:34:05.2033351Z <a id="common.base.Base"></a>
2025-08-19T13:34:05.2033500Z 
2025-08-19T13:34:05.2033565Z ## Base Objects
2025-08-19T13:34:05.2033666Z 
2025-08-19T13:34:05.2033729Z ```python
2025-08-19T13:34:05.2033902Z class Base(DeclarativeBase)
2025-08-19T13:34:05.2034102Z ```
2025-08-19T13:34:05.2034183Z 
2025-08-19T13:34:05.2034269Z Base class for SQLAlchemy models.
2025-08-19T13:34:05.2034427Z 
2025-08-19T13:34:05.2034507Z <a id="repricer"></a>
2025-08-19T13:34:05.2034627Z 
2025-08-19T13:34:05.2034691Z # repricer
2025-08-19T13:34:05.2034788Z 
2025-08-19T13:34:05.2034877Z <a id="repricer.app.schemas"></a>
2025-08-19T13:34:05.2035035Z 
2025-08-19T13:34:05.2035117Z # repricer.app.schemas
2025-08-19T13:34:05.2035241Z 
2025-08-19T13:34:05.2035324Z <a id="repricer.app.deps"></a>
2025-08-19T13:34:05.2035472Z 
2025-08-19T13:34:05.2035555Z # repricer.app.deps
2025-08-19T13:34:05.2035669Z 
2025-08-19T13:34:05.2035804Z Placeholder module for Keepa / SP-API clients.
2025-08-19T13:34:05.2036009Z 
2025-08-19T13:34:05.2036094Z <a id="repricer.app.logic"></a>
2025-08-19T13:34:05.2036244Z 
2025-08-19T13:34:05.2036319Z # repricer.app.logic
2025-08-19T13:34:05.2036443Z 
2025-08-19T13:34:05.2036544Z <a id="repricer.app.logic.MIN_MARGIN"></a>
2025-08-19T13:34:05.2036727Z 
2025-08-19T13:34:05.2036799Z #### MIN\_MARGIN
2025-08-19T13:34:05.2036902Z 
2025-08-19T13:34:05.2036967Z 15 % ROI
2025-08-19T13:34:05.2037064Z 
2025-08-19T13:34:05.2037169Z <a id="repricer.app.logic.compute_price"></a>
2025-08-19T13:34:05.2037358Z 
2025-08-19T13:34:05.2037430Z #### compute\_price
2025-08-19T13:34:05.2037544Z 
2025-08-19T13:34:05.2037609Z ```python
2025-08-19T13:34:05.2037869Z def compute_price(asin: str, cost: Decimal, fees: Decimal) -> Decimal
2025-08-19T13:34:05.2038188Z ```
2025-08-19T13:34:05.2038272Z 
2025-08-19T13:34:05.2038387Z Toy algorithm: ensure 15 % ROI and round to cents.
2025-08-19T13:34:05.2038678Z Replace with real competitive logic later.
2025-08-19T13:34:05.2038867Z 
2025-08-19T13:34:05.2039081Z <a id="repricer.app.main"></a>
2025-08-19T13:34:05.2039236Z 
2025-08-19T13:34:05.2039311Z # repricer.app.main
2025-08-19T13:34:05.2039433Z 
2025-08-19T13:34:05.2039512Z <a id="repricer.app"></a>
2025-08-19T13:34:05.2039645Z 
2025-08-19T13:34:05.2039721Z # repricer.app
2025-08-19T13:34:05.2039825Z 
2025-08-19T13:34:05.2039921Z <a id="repricer.tests.test_imports"></a>
2025-08-19T13:34:05.2040106Z 
2025-08-19T13:34:05.2040190Z # repricer.tests.test\_imports
2025-08-19T13:34:05.2040336Z 
2025-08-19T13:34:05.2040426Z <a id="repricer.tests.test_smoke"></a>
2025-08-19T13:34:05.2040601Z 
2025-08-19T13:34:05.2040687Z # repricer.tests.test\_smoke
2025-08-19T13:34:05.2040832Z 
2025-08-19T13:34:05.2040918Z <a id="repricer.tests"></a>
2025-08-19T13:34:05.2041055Z 
2025-08-19T13:34:05.2041125Z # repricer.tests
2025-08-19T13:34:05.2041239Z 
2025-08-19T13:34:05.2041307Z <a id="db"></a>
2025-08-19T13:34:05.2041410Z 
2025-08-19T13:34:05.2041473Z # db
2025-08-19T13:34:05.2041567Z 
2025-08-19T13:34:05.2041654Z <a id="db.utils.views"></a>
2025-08-19T13:34:05.2041790Z 
2025-08-19T13:34:05.2041864Z # db.utils.views
2025-08-19T13:34:05.2041971Z 
2025-08-19T13:34:05.2042067Z <a id="db.utils.views.replace_view"></a>
2025-08-19T13:34:05.2042448Z 
2025-08-19T13:34:05.2042526Z #### replace\_view
2025-08-19T13:34:05.2042644Z 
2025-08-19T13:34:05.2042710Z ```python
2025-08-19T13:34:05.2042913Z def replace_view(name: str, new_sql: str) -> None
2025-08-19T13:34:05.2043163Z ```
2025-08-19T13:34:05.2043249Z 
2025-08-19T13:34:05.2043335Z Drop and recreate a SQL view atomically.
2025-08-19T13:34:05.2043495Z 
2025-08-19T13:34:05.2043567Z <a id="db.utils"></a>
2025-08-19T13:34:05.2043679Z 
2025-08-19T13:34:05.2043738Z # db.utils
2025-08-19T13:34:05.2043823Z 
2025-08-19T13:34:05.2043905Z <a id="price_importer"></a>
2025-08-19T13:34:05.2044031Z 
2025-08-19T13:34:05.2044097Z # price\_importer
2025-08-19T13:34:05.2044204Z 
2025-08-19T13:34:05.2044309Z <a id="price_importer.services_common.dsn"></a>
2025-08-19T13:34:05.2044490Z 
2025-08-19T13:34:05.2044709Z # price\_importer.services\_common.dsn
2025-08-19T13:34:05.2044875Z 
2025-08-19T13:34:05.2045001Z <a id="price_importer.services_common.dsn.build_dsn"></a>
2025-08-19T13:34:05.2045205Z 
2025-08-19T13:34:05.2045273Z #### build\_dsn
2025-08-19T13:34:05.2045369Z 
2025-08-19T13:34:05.2045429Z ```python
2025-08-19T13:34:05.2045603Z def build_dsn(sync: bool = True) -> str
2025-08-19T13:34:05.2045815Z ```
2025-08-19T13:34:05.2045899Z 
2025-08-19T13:34:05.2045966Z Return safe DSN.
2025-08-19T13:34:05.2046066Z 
2025-08-19T13:34:05.2046419Z sync=True → SQLAlchemy (+psycopg) else plain asyncpg.
2025-08-19T13:34:05.2046617Z 
2025-08-19T13:34:05.2046742Z <a id="price_importer.services_common.models_vendor"></a>
2025-08-19T13:34:05.2046948Z 
2025-08-19T13:34:05.2047054Z # price\_importer.services\_common.models\_vendor
2025-08-19T13:34:05.2047238Z 
2025-08-19T13:34:05.2047341Z <a id="price_importer.services_common.db_url"></a>
2025-08-19T13:34:05.2047525Z 
2025-08-19T13:34:05.2047625Z # price\_importer.services\_common.db\_url
2025-08-19T13:34:05.2047798Z 
2025-08-19T13:34:05.2047933Z <a id="price_importer.services_common.db_url.build_url"></a>
2025-08-19T13:34:05.2048140Z 
2025-08-19T13:34:05.2048202Z #### build\_url
2025-08-19T13:34:05.2048303Z 
2025-08-19T13:34:05.2048363Z ```python
2025-08-19T13:34:05.2048531Z def build_url(async_: bool = True) -> str
2025-08-19T13:34:05.2048759Z ```
2025-08-19T13:34:05.2048840Z 
2025-08-19T13:34:05.2048941Z Return Postgres DSN from env or PG_* parts.
2025-08-19T13:34:05.2049111Z 
2025-08-19T13:34:05.2049215Z <a id="price_importer.services_common.keepa"></a>
2025-08-19T13:34:05.2049392Z 
2025-08-19T13:34:05.2049488Z # price\_importer.services\_common.keepa
2025-08-19T13:34:05.2049654Z 
2025-08-19T13:34:05.2049750Z <a id="price_importer.services_common.llm"></a>
2025-08-19T13:34:05.2049932Z 
2025-08-19T13:34:05.2050019Z # price\_importer.services\_common.llm
2025-08-19T13:34:05.2050177Z 
2025-08-19T13:34:05.2050302Z <a id="price_importer.services_common.settings"></a>
2025-08-19T13:34:05.2050613Z 
2025-08-19T13:34:05.2050707Z # price\_importer.services\_common.settings
2025-08-19T13:34:05.2050876Z 
2025-08-19T13:34:05.2050982Z <a id="price_importer.services_common.db"></a>
2025-08-19T13:34:05.2051154Z 
2025-08-19T13:34:05.2051239Z # price\_importer.services\_common.db
2025-08-19T13:34:05.2051402Z 
2025-08-19T13:34:05.2051552Z <a id="price_importer.services_common.db.build_sqlalchemy_url"></a>
2025-08-19T13:34:05.2051785Z 
2025-08-19T13:34:05.2051865Z #### build\_sqlalchemy\_url
2025-08-19T13:34:05.2051994Z 
2025-08-19T13:34:05.2052055Z ```python
2025-08-19T13:34:05.2052423Z def build_sqlalchemy_url() -> str
2025-08-19T13:34:05.2052632Z ```
2025-08-19T13:34:05.2052718Z 
2025-08-19T13:34:05.2052811Z Return Postgres URL for SQLAlchemy engines.
2025-08-19T13:34:05.2052980Z 
2025-08-19T13:34:05.2053120Z <a id="price_importer.services_common.db.build_asyncpg_dsn"></a>
2025-08-19T13:34:05.2053346Z 
2025-08-19T13:34:05.2053419Z #### build\_asyncpg\_dsn
2025-08-19T13:34:05.2053554Z 
2025-08-19T13:34:05.2053620Z ```python
2025-08-19T13:34:05.2053784Z def build_asyncpg_dsn() -> str
2025-08-19T13:34:05.2053987Z ```
2025-08-19T13:34:05.2054066Z 
2025-08-19T13:34:05.2054190Z Return DSN suitable for asyncpg (without driver suffix).
2025-08-19T13:34:05.2054399Z 
2025-08-19T13:34:05.2054522Z <a id="price_importer.services_common.db.refresh_mvs"></a>
2025-08-19T13:34:05.2054725Z 
2025-08-19T13:34:05.2054795Z #### refresh\_mvs
2025-08-19T13:34:05.2054898Z 
2025-08-19T13:34:05.2054958Z ```python
2025-08-19T13:34:05.2055151Z def refresh_mvs(conn: Engine | Connection) -> None
2025-08-19T13:34:05.2055391Z ```
2025-08-19T13:34:05.2055469Z 
2025-08-19T13:34:05.2055612Z Refresh materialized views, using CONCURRENTLY when safe.
2025-08-19T13:34:05.2055822Z 
2025-08-19T13:34:05.2055916Z <a id="price_importer.services_common"></a>
2025-08-19T13:34:05.2056098Z 
2025-08-19T13:34:05.2056182Z # price\_importer.services\_common
2025-08-19T13:34:05.2056334Z 
2025-08-19T13:34:05.2056558Z <a id="price_importer.services_common.base"></a>
2025-08-19T13:34:05.2056750Z 
2025-08-19T13:34:05.2056837Z # price\_importer.services\_common.base
2025-08-19T13:34:05.2057000Z 
2025-08-19T13:34:05.2057087Z <a id="price_importer.normaliser"></a>
2025-08-19T13:34:05.2057246Z 
2025-08-19T13:34:05.2057326Z # price\_importer.normaliser
2025-08-19T13:34:05.2057463Z 
2025-08-19T13:34:05.2057563Z <a id="price_importer.common.models_vendor"></a>
2025-08-19T13:34:05.2057739Z 
2025-08-19T13:34:05.2057829Z # price\_importer.common.models\_vendor
2025-08-19T13:34:05.2057986Z 
2025-08-19T13:34:05.2058073Z <a id="price_importer.common.db_url"></a>
2025-08-19T13:34:05.2058242Z 
2025-08-19T13:34:05.2058323Z # price\_importer.common.db\_url
2025-08-19T13:34:05.2058466Z 
2025-08-19T13:34:05.2058569Z <a id="price_importer.common.db_url.make_dsn"></a>
2025-08-19T13:34:05.2058752Z 
2025-08-19T13:34:05.2058815Z #### make\_dsn
2025-08-19T13:34:05.2058914Z 
2025-08-19T13:34:05.2058980Z ```python
2025-08-19T13:34:05.2059153Z def make_dsn(async_: bool = False) -> str
2025-08-19T13:34:05.2059379Z ```
2025-08-19T13:34:05.2059457Z 
2025-08-19T13:34:05.2059575Z Return DSN built from either PG_* or POSTGRES_* vars.
2025-08-19T13:34:05.2059774Z 
2025-08-19T13:34:05.2059880Z <a id="price_importer.common.db_url.build_url"></a>
2025-08-19T13:34:05.2060063Z 
2025-08-19T13:34:05.2060124Z #### build\_url
2025-08-19T13:34:05.2060228Z 
2025-08-19T13:34:05.2060287Z ```python
2025-08-19T13:34:05.2060461Z def build_url(async_: bool = False) -> str
2025-08-19T13:34:05.2060680Z ```
2025-08-19T13:34:05.2060758Z 
2025-08-19T13:34:05.2060887Z Return Postgres DSN built from environment variables.
2025-08-19T13:34:05.2061080Z 
2025-08-19T13:34:05.2061165Z <a id="price_importer.common"></a>
2025-08-19T13:34:05.2061329Z 
2025-08-19T13:34:05.2061405Z # price\_importer.common
2025-08-19T13:34:05.2061537Z 
2025-08-19T13:34:05.2061634Z <a id="price_importer.common.base"></a>
2025-08-19T13:34:05.2061804Z 
2025-08-19T13:34:05.2061887Z # price\_importer.common.base
2025-08-19T13:34:05.2062332Z 
2025-08-19T13:34:05.2062452Z <a id="price_importer.tests.conftest"></a>
2025-08-19T13:34:05.2062628Z 
2025-08-19T13:34:05.2062712Z # price\_importer.tests.conftest
2025-08-19T13:34:05.2062864Z 
2025-08-19T13:34:05.2062963Z <a id="price_importer.tests.test_reader"></a>
2025-08-19T13:34:05.2063136Z 
2025-08-19T13:34:05.2063226Z # price\_importer.tests.test\_reader
2025-08-19T13:34:05.2063382Z 
2025-08-19T13:34:05.2063479Z <a id="price_importer.tests.test_imports"></a>
2025-08-19T13:34:05.2063654Z 
2025-08-19T13:34:05.2063747Z # price\_importer.tests.test\_imports
2025-08-19T13:34:05.2063901Z 
2025-08-19T13:34:05.2063998Z <a id="price_importer.tests.test_smoke"></a>
2025-08-19T13:34:05.2064170Z 
2025-08-19T13:34:05.2064254Z # price\_importer.tests.test\_smoke
2025-08-19T13:34:05.2064405Z 
2025-08-19T13:34:05.2064514Z <a id="price_importer.tests.test_normaliser"></a>
2025-08-19T13:34:05.2064726Z 
2025-08-19T13:34:05.2064816Z # price\_importer.tests.test\_normaliser
2025-08-19T13:34:05.2064980Z 
2025-08-19T13:34:05.2065078Z <a id="price_importer.tests"></a>
2025-08-19T13:34:05.2065225Z 
2025-08-19T13:34:05.2065298Z # price\_importer.tests
2025-08-19T13:34:05.2065424Z 
2025-08-19T13:34:05.2065508Z <a id="price_importer.reader"></a>
2025-08-19T13:34:05.2065656Z 
2025-08-19T13:34:05.2065736Z # price\_importer.reader
2025-08-19T13:34:05.2065858Z 
2025-08-19T13:34:05.2065944Z <a id="price_importer.repository"></a>
2025-08-19T13:34:05.2066106Z 
2025-08-19T13:34:05.2066196Z # price\_importer.repository
2025-08-19T13:34:05.2066331Z 
2025-08-19T13:34:05.2066414Z <a id="price_importer.import"></a>
2025-08-19T13:34:05.2066572Z 
2025-08-19T13:34:05.2066647Z # price\_importer.import
2025-08-19T13:34:05.2066767Z 
2025-08-19T13:34:05.2066842Z <a id="fees_h10"></a>
2025-08-19T13:34:05.2066954Z 
2025-08-19T13:34:05.2067017Z # fees\_h10
2025-08-19T13:34:05.2067108Z 
2025-08-19T13:34:05.2067190Z <a id="fees_h10.worker"></a>
2025-08-19T13:34:05.2067319Z 
2025-08-19T13:34:05.2067389Z # fees\_h10.worker
2025-08-19T13:34:05.2067620Z 
2025-08-19T13:34:05.2067727Z <a id="fees_h10.worker.list_active_asins"></a>
2025-08-19T13:34:05.2067899Z 
2025-08-19T13:34:05.2067972Z #### list\_active\_asins
2025-08-19T13:34:05.2068095Z 
2025-08-19T13:34:05.2068157Z ```python
2025-08-19T13:34:05.2068325Z def list_active_asins() -> list[str]
2025-08-19T13:34:05.2068528Z ```
2025-08-19T13:34:05.2068604Z 
2025-08-19T13:34:05.2068718Z Return known ASINs or an empty list if unavailable.
2025-08-19T13:34:05.2068908Z 
2025-08-19T13:34:05.2068987Z <a id="fees_h10.tests.test_smoke"></a>
2025-08-19T13:34:05.2069145Z 
2025-08-19T13:34:05.2069221Z # fees\_h10.tests.test\_smoke
2025-08-19T13:34:05.2069353Z 
2025-08-19T13:34:05.2069430Z <a id="fees_h10.tests"></a>
2025-08-19T13:34:05.2069556Z 
2025-08-19T13:34:05.2069619Z # fees\_h10.tests
2025-08-19T13:34:05.2069719Z 
2025-08-19T13:34:05.2069798Z <a id="fees_h10.client"></a>
2025-08-19T13:34:05.2069924Z 
2025-08-19T13:34:05.2069988Z # fees\_h10.client
2025-08-19T13:34:05.2070094Z 
2025-08-19T13:34:05.2070178Z <a id="fees_h10.repository"></a>
2025-08-19T13:34:05.2070321Z 
2025-08-19T13:34:05.2070390Z # fees\_h10.repository
2025-08-19T13:34:05.2070510Z 
2025-08-19T13:34:05.2070575Z <a id="emailer"></a>
2025-08-19T13:34:05.2070684Z 
2025-08-19T13:34:05.2070748Z # emailer
2025-08-19T13:34:05.2070833Z 
2025-08-19T13:34:05.2070931Z <a id="emailer.tests.test_import_emailer"></a>
2025-08-19T13:34:05.2071113Z 
2025-08-19T13:34:05.2071201Z # emailer.tests.test\_import\_emailer
2025-08-19T13:34:05.2071355Z 
2025-08-19T13:34:05.2071438Z <a id="emailer.tests.test_smoke"></a>
2025-08-19T13:34:05.2071595Z 
2025-08-19T13:34:05.2071676Z # emailer.tests.test\_smoke
2025-08-19T13:34:05.2071806Z 
2025-08-19T13:34:05.2071888Z <a id="emailer.tests"></a>
2025-08-19T13:34:05.2072013Z 
2025-08-19T13:34:05.2072077Z # emailer.tests
2025-08-19T13:34:05.2072388Z 
2025-08-19T13:34:05.2072488Z <a id="emailer.generate_body"></a>
2025-08-19T13:34:05.2072648Z 
2025-08-19T13:34:05.2072721Z # emailer.generate\_body
2025-08-19T13:34:05.2072851Z 
2025-08-19T13:34:05.2073054Z <a id="llm_server"></a>
2025-08-19T13:34:05.2073175Z 
2025-08-19T13:34:05.2073243Z # llm\_server
2025-08-19T13:34:05.2073338Z 
2025-08-19T13:34:05.2073414Z <a id="llm_server.app"></a>
2025-08-19T13:34:05.2073542Z 
2025-08-19T13:34:05.2073615Z # llm\_server.app
2025-08-19T13:34:05.2073717Z 
2025-08-19T13:34:05.2399201Z ##[group]Run peaceiris/actions-gh-pages@v3
2025-08-19T13:34:05.2399480Z with:
2025-08-19T13:34:05.2399928Z   github_token: ***
2025-08-19T13:34:05.2400127Z   publish_branch: gh-pages
2025-08-19T13:34:05.2400337Z   publish_dir: docs/api
2025-08-19T13:34:05.2400541Z   allow_empty_commit: false
2025-08-19T13:34:05.2400740Z   keep_files: false
2025-08-19T13:34:05.2400919Z   force_orphan: false
2025-08-19T13:34:05.2401099Z   enable_jekyll: false
2025-08-19T13:34:05.2401291Z   disable_nojekyll: false
2025-08-19T13:34:05.2401485Z   exclude_assets: .github
2025-08-19T13:34:05.2401671Z env:
2025-08-19T13:34:05.2401896Z   pythonLocation: /opt/hostedtoolcache/Python/3.11.13/x64
2025-08-19T13:34:05.2402592Z   PKG_CONFIG_PATH: /opt/hostedtoolcache/Python/3.11.13/x64/lib/pkgconfig
2025-08-19T13:34:05.2402974Z   Python_ROOT_DIR: /opt/hostedtoolcache/Python/3.11.13/x64
2025-08-19T13:34:05.2403308Z   Python2_ROOT_DIR: /opt/hostedtoolcache/Python/3.11.13/x64
2025-08-19T13:34:05.2403674Z   Python3_ROOT_DIR: /opt/hostedtoolcache/Python/3.11.13/x64
2025-08-19T13:34:05.2404013Z   LD_LIBRARY_PATH: /opt/hostedtoolcache/Python/3.11.13/x64/lib
2025-08-19T13:34:05.2404298Z ##[endgroup]
2025-08-19T13:34:05.3027079Z [INFO] Usage https://github.com/peaceiris/actions-gh-pages#readme
2025-08-19T13:34:05.3032015Z ##[group]Dump inputs
2025-08-19T13:34:05.3032602Z [INFO] GithubToken: true
2025-08-19T13:34:05.3033036Z [INFO] PublishBranch: gh-pages
2025-08-19T13:34:05.3033431Z [INFO] PublishDir: docs/api
2025-08-19T13:34:05.3033814Z [INFO] DestinationDir: 
2025-08-19T13:34:05.3034214Z [INFO] ExternalRepository: 
2025-08-19T13:34:05.3034651Z [INFO] AllowEmptyCommit: false
2025-08-19T13:34:05.3034991Z [INFO] KeepFiles: false
2025-08-19T13:34:05.3035272Z [INFO] ForceOrphan: false
2025-08-19T13:34:05.3035518Z [INFO] UserName: 
2025-08-19T13:34:05.3035867Z [INFO] UserEmail: 
2025-08-19T13:34:05.3036225Z [INFO] CommitMessage: 
2025-08-19T13:34:05.3036619Z [INFO] FullCommitMessage: 
2025-08-19T13:34:05.3037033Z [INFO] TagName: 
2025-08-19T13:34:05.3037358Z [INFO] TagMessage: 
2025-08-19T13:34:05.3037772Z [INFO] EnableJekyll (DisableNoJekyll): false
2025-08-19T13:34:05.3038259Z [INFO] CNAME: 
2025-08-19T13:34:05.3038611Z [INFO] ExcludeAssets .github
2025-08-19T13:34:05.3038838Z 
2025-08-19T13:34:05.3039249Z ##[endgroup]
2025-08-19T13:34:05.3039839Z ##[group]Setup auth token
2025-08-19T13:34:05.3040190Z [INFO] setup GITHUB_TOKEN
2025-08-19T13:34:05.3041121Z ##[endgroup]
2025-08-19T13:34:05.3041524Z ##[group]Prepare publishing assets
2025-08-19T13:34:05.3042535Z [INFO] ForceOrphan: false
2025-08-19T13:34:05.3089556Z [command]/usr/bin/git clone --depth=1 --single-branch --branch gh-pages ***github.com/AlexBomber12/AWA-App.git /home/runner/actions_github_pages_1755610445303
2025-08-19T13:34:05.3124565Z Cloning into '/home/runner/actions_github_pages_1755610445303'...
2025-08-19T13:34:05.4726839Z [INFO] clean up /home/runner/actions_github_pages_1755610445303
2025-08-19T13:34:05.4727693Z [INFO] chdir /home/runner/actions_github_pages_1755610445303
2025-08-19T13:34:05.4743862Z [command]/usr/bin/git rm -r --ignore-unmatch *
2025-08-19T13:34:05.4770330Z rm '.gitkeep'
2025-08-19T13:34:05.4770714Z rm '.nojekyll'
2025-08-19T13:34:05.4774997Z [INFO] chdir /home/runner/actions_github_pages_1755610445303
2025-08-19T13:34:05.4775701Z [INFO] prepare publishing assets
2025-08-19T13:34:05.4777233Z [INFO] copy /home/runner/work/AWA-App/AWA-App/docs/api to /home/runner/actions_github_pages_1755610445303
2025-08-19T13:34:05.4807889Z cp: no such file or directory: /home/runner/work/AWA-App/AWA-App/docs/api/*
2025-08-19T13:34:05.4817880Z [INFO] delete excluded assets
2025-08-19T13:34:05.4846252Z rm: no paths given
2025-08-19T13:34:05.4848534Z [INFO] Created /home/runner/actions_github_pages_1755610445303/.nojekyll
2025-08-19T13:34:05.4850083Z ##[endgroup]
2025-08-19T13:34:05.4850801Z ##[group]Setup Git config
2025-08-19T13:34:05.4865734Z [command]/usr/bin/git remote rm origin
2025-08-19T13:34:05.4963712Z [command]/usr/bin/git remote add origin ***github.com/AlexBomber12/AWA-App.git
2025-08-19T13:34:05.5008287Z [command]/usr/bin/git add --all
2025-08-19T13:34:05.5051898Z [command]/usr/bin/git config user.name dependabot[bot]
2025-08-19T13:34:05.5096067Z [command]/usr/bin/git config user.email dependabot[bot]@users.noreply.github.com
2025-08-19T13:34:05.5123814Z ##[endgroup]
2025-08-19T13:34:05.5124365Z ##[group]Create a commit
2025-08-19T13:34:05.5137735Z [command]/usr/bin/git commit -m deploy: c54324f9934bbee567946baeddc3ad766268732b
2025-08-19T13:34:05.5165252Z On branch gh-pages
2025-08-19T13:34:05.5165651Z nothing to commit, working tree clean
2025-08-19T13:34:05.5170254Z [INFO] skip commit
2025-08-19T13:34:05.5171174Z ##[endgroup]
2025-08-19T13:34:05.5171853Z ##[group]Push the commit or tag
2025-08-19T13:34:05.5183256Z [command]/usr/bin/git push origin gh-pages
2025-08-19T13:34:05.6893590Z remote: Permission to AlexBomber12/AWA-App.git denied to github-actions[bot].
2025-08-19T13:34:05.6894868Z fatal: unable to access 'https://github.com/AlexBomber12/AWA-App.git/': The requested URL returned error: 403
2025-08-19T13:34:05.6944087Z ##[error]Action failed with "The process '/usr/bin/git' failed with exit code 128"
2025-08-19T13:34:05.7052370Z Post job cleanup.
2025-08-19T13:34:05.7992416Z [command]/usr/bin/git version
2025-08-19T13:34:05.8027957Z git version 2.50.1
2025-08-19T13:34:05.8069912Z Temporarily overriding HOME='/home/runner/work/_temp/9ec3ef61-d35f-416c-81e0-04367f92f502' before making global git config changes
2025-08-19T13:34:05.8071308Z Adding repository directory to the temporary git global config as a safe directory
2025-08-19T13:34:05.8075142Z [command]/usr/bin/git config --global --add safe.directory /home/runner/work/AWA-App/AWA-App
2025-08-19T13:34:05.8108709Z [command]/usr/bin/git config --local --name-only --get-regexp core\.sshCommand
2025-08-19T13:34:05.8140226Z [command]/usr/bin/git submodule foreach --recursive sh -c "git config --local --name-only --get-regexp 'core\.sshCommand' && git config --local --unset-all 'core.sshCommand' || :"
2025-08-19T13:34:05.8364148Z [command]/usr/bin/git config --local --name-only --get-regexp http\.https\:\/\/github\.com\/\.extraheader
2025-08-19T13:34:05.8385176Z http.https://github.com/.extraheader
2025-08-19T13:34:05.8397216Z [command]/usr/bin/git config --local --unset-all http.https://github.com/.extraheader
2025-08-19T13:34:05.8428439Z [command]/usr/bin/git submodule foreach --recursive sh -c "git config --local --name-only --get-regexp 'http\.https\:\/\/github\.com\/\.extraheader' && git config --local --unset-all 'http.https://github.com/.extraheader' || :"
2025-08-19T13:34:05.8777937Z Cleaning up orphan processes
