2025-08-17T15:24:02.0539679Z Current runner version: '2.327.1'
2025-08-17T15:24:02.0564195Z ##[group]Runner Image Provisioner
2025-08-17T15:24:02.0564966Z Hosted Compute Agent
2025-08-17T15:24:02.0565456Z Version: 20250812.370
2025-08-17T15:24:02.0566177Z Commit: 4a2b2bf7520004e3e907c2150c8cabe342a3da32
2025-08-17T15:24:02.0566977Z Build Date: 2025-08-12T16:08:14Z
2025-08-17T15:24:02.0567568Z ##[endgroup]
2025-08-17T15:24:02.0568180Z ##[group]Operating System
2025-08-17T15:24:02.0568742Z Ubuntu
2025-08-17T15:24:02.0569184Z 24.04.2
2025-08-17T15:24:02.0569716Z LTS
2025-08-17T15:24:02.0570131Z ##[endgroup]
2025-08-17T15:24:02.0570617Z ##[group]Runner Image
2025-08-17T15:24:02.0571238Z Image: ubuntu-24.04
2025-08-17T15:24:02.0571699Z Version: 20250810.1.0
2025-08-17T15:24:02.0572686Z Included Software: https://github.com/actions/runner-images/blob/ubuntu24/20250810.1/images/ubuntu/Ubuntu2404-Readme.md
2025-08-17T15:24:02.0574243Z Image Release: https://github.com/actions/runner-images/releases/tag/ubuntu24%2F20250810.1
2025-08-17T15:24:02.0575184Z ##[endgroup]
2025-08-17T15:24:02.0578201Z ##[group]GITHUB_TOKEN Permissions
2025-08-17T15:24:02.0580581Z Actions: write
2025-08-17T15:24:02.0581215Z Attestations: write
2025-08-17T15:24:02.0581748Z Checks: write
2025-08-17T15:24:02.0582199Z Contents: write
2025-08-17T15:24:02.0582739Z Deployments: write
2025-08-17T15:24:02.0583223Z Discussions: write
2025-08-17T15:24:02.0583750Z Issues: write
2025-08-17T15:24:02.0584177Z Metadata: read
2025-08-17T15:24:02.0584783Z Models: read
2025-08-17T15:24:02.0585230Z Packages: write
2025-08-17T15:24:02.0585710Z Pages: write
2025-08-17T15:24:02.0586271Z PullRequests: write
2025-08-17T15:24:02.0587042Z RepositoryProjects: write
2025-08-17T15:24:02.0587654Z SecurityEvents: write
2025-08-17T15:24:02.0588347Z Statuses: write
2025-08-17T15:24:02.0588849Z ##[endgroup]
2025-08-17T15:24:02.0591108Z Secret source: Actions
2025-08-17T15:24:02.0592580Z Prepare workflow directory
2025-08-17T15:24:02.0930868Z Prepare all required actions
2025-08-17T15:24:02.0969897Z Getting action download info
2025-08-17T15:24:02.4147531Z Download action repository 'actions/checkout@v4' (SHA:08eba0b27e820071cde6df949e0beb9ba4906955)
2025-08-17T15:24:02.7953779Z Download action repository 'actions/setup-python@v5' (SHA:a26af69be951a213d495a4c3e4e4022e16d87065)
2025-08-17T15:24:03.1748154Z Download action repository 'peaceiris/actions-gh-pages@v3' (SHA:373f7f263a76c20808c831209c920827a82a2847)
2025-08-17T15:24:03.6229686Z Complete job name: publish
2025-08-17T15:24:03.7030498Z ##[group]Run actions/checkout@v4
2025-08-17T15:24:03.7031773Z with:
2025-08-17T15:24:03.7032469Z   repository: AlexBomber12/AWA-App
2025-08-17T15:24:03.7033710Z   token: ***
2025-08-17T15:24:03.7034386Z   ssh-strict: true
2025-08-17T15:24:03.7035102Z   ssh-user: git
2025-08-17T15:24:03.7035833Z   persist-credentials: true
2025-08-17T15:24:03.7036643Z   clean: true
2025-08-17T15:24:03.7037794Z   sparse-checkout-cone-mode: true
2025-08-17T15:24:03.7038702Z   fetch-depth: 1
2025-08-17T15:24:03.7039406Z   fetch-tags: false
2025-08-17T15:24:03.7040145Z   show-progress: true
2025-08-17T15:24:03.7040894Z   lfs: false
2025-08-17T15:24:03.7041551Z   submodules: false
2025-08-17T15:24:03.7042276Z   set-safe-directory: true
2025-08-17T15:24:03.7043379Z ##[endgroup]
2025-08-17T15:24:03.8163730Z Syncing repository: AlexBomber12/AWA-App
2025-08-17T15:24:03.8166342Z ##[group]Getting Git version info
2025-08-17T15:24:03.8167725Z Working directory is '/home/runner/work/AWA-App/AWA-App'
2025-08-17T15:24:03.8169580Z [command]/usr/bin/git version
2025-08-17T15:24:03.8193933Z git version 2.50.1
2025-08-17T15:24:03.8221901Z ##[endgroup]
2025-08-17T15:24:03.8239017Z Temporarily overriding HOME='/home/runner/work/_temp/26288583-27fb-4726-8311-4714d828a7a9' before making global git config changes
2025-08-17T15:24:03.8241673Z Adding repository directory to the temporary git global config as a safe directory
2025-08-17T15:24:03.8252579Z [command]/usr/bin/git config --global --add safe.directory /home/runner/work/AWA-App/AWA-App
2025-08-17T15:24:03.8291372Z Deleting the contents of '/home/runner/work/AWA-App/AWA-App'
2025-08-17T15:24:03.8295290Z ##[group]Initializing the repository
2025-08-17T15:24:03.8300021Z [command]/usr/bin/git init /home/runner/work/AWA-App/AWA-App
2025-08-17T15:24:03.8356025Z hint: Using 'master' as the name for the initial branch. This default branch name
2025-08-17T15:24:03.8359087Z hint: is subject to change. To configure the initial branch name to use in all
2025-08-17T15:24:03.8362134Z hint: of your new repositories, which will suppress this warning, call:
2025-08-17T15:24:03.8364281Z hint:
2025-08-17T15:24:03.8365711Z hint: 	git config --global init.defaultBranch <name>
2025-08-17T15:24:03.8367671Z hint:
2025-08-17T15:24:03.8369293Z hint: Names commonly chosen instead of 'master' are 'main', 'trunk' and
2025-08-17T15:24:03.8372221Z hint: 'development'. The just-created branch can be renamed via this command:
2025-08-17T15:24:03.8374486Z hint:
2025-08-17T15:24:03.8375484Z hint: 	git branch -m <name>
2025-08-17T15:24:03.8376661Z hint:
2025-08-17T15:24:03.8378668Z hint: Disable this message with "git config set advice.defaultBranchName false"
2025-08-17T15:24:03.8381226Z Initialized empty Git repository in /home/runner/work/AWA-App/AWA-App/.git/
2025-08-17T15:24:03.8384316Z [command]/usr/bin/git remote add origin https://github.com/AlexBomber12/AWA-App
2025-08-17T15:24:03.8410432Z ##[endgroup]
2025-08-17T15:24:03.8412515Z ##[group]Disabling automatic garbage collection
2025-08-17T15:24:03.8414770Z [command]/usr/bin/git config --local gc.auto 0
2025-08-17T15:24:03.8447774Z ##[endgroup]
2025-08-17T15:24:03.8449780Z ##[group]Setting up auth
2025-08-17T15:24:03.8456012Z [command]/usr/bin/git config --local --name-only --get-regexp core\.sshCommand
2025-08-17T15:24:03.8491681Z [command]/usr/bin/git submodule foreach --recursive sh -c "git config --local --name-only --get-regexp 'core\.sshCommand' && git config --local --unset-all 'core.sshCommand' || :"
2025-08-17T15:24:03.8756268Z [command]/usr/bin/git config --local --name-only --get-regexp http\.https\:\/\/github\.com\/\.extraheader
2025-08-17T15:24:03.8789616Z [command]/usr/bin/git submodule foreach --recursive sh -c "git config --local --name-only --get-regexp 'http\.https\:\/\/github\.com\/\.extraheader' && git config --local --unset-all 'http.https://github.com/.extraheader' || :"
2025-08-17T15:24:03.9024397Z [command]/usr/bin/git config --local http.https://github.com/.extraheader AUTHORIZATION: basic ***
2025-08-17T15:24:03.9061711Z ##[endgroup]
2025-08-17T15:24:03.9063026Z ##[group]Fetching the repository
2025-08-17T15:24:03.9072541Z [command]/usr/bin/git -c protocol.version=2 fetch --no-tags --prune --no-recurse-submodules --depth=1 origin +d077db95f380aef09494540325f7f5d67c2fc186:refs/remotes/origin/main
2025-08-17T15:24:04.2326562Z From https://github.com/AlexBomber12/AWA-App
2025-08-17T15:24:04.2328764Z  * [new ref]         d077db95f380aef09494540325f7f5d67c2fc186 -> origin/main
2025-08-17T15:24:04.2353189Z ##[endgroup]
2025-08-17T15:24:04.2355382Z ##[group]Determining the checkout info
2025-08-17T15:24:04.2357863Z ##[endgroup]
2025-08-17T15:24:04.2361785Z [command]/usr/bin/git sparse-checkout disable
2025-08-17T15:24:04.2402238Z [command]/usr/bin/git config --local --unset-all extensions.worktreeConfig
2025-08-17T15:24:04.2431211Z ##[group]Checking out the ref
2025-08-17T15:24:04.2434818Z [command]/usr/bin/git checkout --progress --force -B main refs/remotes/origin/main
2025-08-17T15:24:04.2753869Z Switched to a new branch 'main'
2025-08-17T15:24:04.2755884Z branch 'main' set up to track 'origin/main'.
2025-08-17T15:24:04.2763322Z ##[endgroup]
2025-08-17T15:24:04.2803891Z [command]/usr/bin/git log -1 --format=%H
2025-08-17T15:24:04.2827229Z d077db95f380aef09494540325f7f5d67c2fc186
2025-08-17T15:24:04.3111755Z ##[group]Run actions/setup-python@v5
2025-08-17T15:24:04.3112711Z with:
2025-08-17T15:24:04.3113310Z   python-version: 3.11
2025-08-17T15:24:04.3114039Z   check-latest: false
2025-08-17T15:24:04.3114998Z   token: ***
2025-08-17T15:24:04.3115641Z   update-environment: true
2025-08-17T15:24:04.3116650Z   allow-prereleases: false
2025-08-17T15:24:04.3117558Z   freethreaded: false
2025-08-17T15:24:04.3118248Z ##[endgroup]
2025-08-17T15:24:04.4858881Z ##[group]Installed versions
2025-08-17T15:24:04.4965196Z Successfully set up CPython (3.11.13)
2025-08-17T15:24:04.4967671Z ##[endgroup]
2025-08-17T15:24:04.5114051Z ##[group]Run pip install pydoc-markdown
2025-08-17T15:24:04.5115255Z [36;1mpip install pydoc-markdown[0m
2025-08-17T15:24:04.5198196Z shell: /usr/bin/bash -e {0}
2025-08-17T15:24:04.5199059Z env:
2025-08-17T15:24:04.5200078Z   pythonLocation: /opt/hostedtoolcache/Python/3.11.13/x64
2025-08-17T15:24:04.5201606Z   PKG_CONFIG_PATH: /opt/hostedtoolcache/Python/3.11.13/x64/lib/pkgconfig
2025-08-17T15:24:04.5203118Z   Python_ROOT_DIR: /opt/hostedtoolcache/Python/3.11.13/x64
2025-08-17T15:24:04.5204563Z   Python2_ROOT_DIR: /opt/hostedtoolcache/Python/3.11.13/x64
2025-08-17T15:24:04.5205905Z   Python3_ROOT_DIR: /opt/hostedtoolcache/Python/3.11.13/x64
2025-08-17T15:24:04.5207514Z   LD_LIBRARY_PATH: /opt/hostedtoolcache/Python/3.11.13/x64/lib
2025-08-17T15:24:04.5208648Z ##[endgroup]
2025-08-17T15:24:05.2527441Z Collecting pydoc-markdown
2025-08-17T15:24:05.3196928Z   Downloading pydoc_markdown-4.8.2-py3-none-any.whl.metadata (5.9 kB)
2025-08-17T15:24:05.3658404Z Collecting PyYAML<7.0,>=5.0 (from pydoc-markdown)
2025-08-17T15:24:05.3802733Z   Downloading PyYAML-6.0.2-cp311-cp311-manylinux_2_17_x86_64.manylinux2014_x86_64.whl.metadata (2.1 kB)
2025-08-17T15:24:05.4021728Z Collecting click<9.0,>=7.1 (from pydoc-markdown)
2025-08-17T15:24:05.4163757Z   Downloading click-8.2.1-py3-none-any.whl.metadata (2.5 kB)
2025-08-17T15:24:05.4418234Z Collecting databind.core<5.0.0,>=4.4.0 (from pydoc-markdown)
2025-08-17T15:24:05.4564479Z   Downloading databind.core-4.5.2-py3-none-any.whl.metadata (1.1 kB)
2025-08-17T15:24:05.4811388Z Collecting databind.json<5.0.0,>=4.4.0 (from pydoc-markdown)
2025-08-17T15:24:05.4954161Z   Downloading databind.json-4.5.2-py3-none-any.whl.metadata (1.1 kB)
2025-08-17T15:24:05.5319002Z Collecting docspec<3.0.0,>=2.2.1 (from pydoc-markdown)
2025-08-17T15:24:05.5472774Z   Downloading docspec-2.2.2-py3-none-any.whl.metadata (1.0 kB)
2025-08-17T15:24:05.5623363Z Collecting docspec-python<3.0.0,>=2.2.1 (from pydoc-markdown)
2025-08-17T15:24:05.5770129Z   Downloading docspec_python-2.2.2-py3-none-any.whl.metadata (1.0 kB)
2025-08-17T15:24:05.5905559Z Collecting docstring-parser<0.12,>=0.11 (from pydoc-markdown)
2025-08-17T15:24:05.6045852Z   Downloading docstring_parser-0.11.tar.gz (22 kB)
2025-08-17T15:24:05.6212264Z   Installing build dependencies: started
2025-08-17T15:24:06.5557838Z   Installing build dependencies: finished with status 'done'
2025-08-17T15:24:06.5562839Z   Getting requirements to build wheel: started
2025-08-17T15:24:06.9154191Z   Getting requirements to build wheel: finished with status 'done'
2025-08-17T15:24:06.9163360Z   Preparing metadata (pyproject.toml): started
2025-08-17T15:24:07.1100203Z   Preparing metadata (pyproject.toml): finished with status 'done'
2025-08-17T15:24:07.1272106Z Collecting jinja2<4.0.0,>=3.0.0 (from pydoc-markdown)
2025-08-17T15:24:07.1417860Z   Downloading jinja2-3.1.6-py3-none-any.whl.metadata (2.9 kB)
2025-08-17T15:24:07.1649305Z Collecting nr.util<1.0.0,>=0.7.5 (from pydoc-markdown)
2025-08-17T15:24:07.1795598Z   Downloading nr.util-0.8.12-py3-none-any.whl.metadata (813 bytes)
2025-08-17T15:24:07.2069549Z Collecting requests<3.0.0,>=2.23.0 (from pydoc-markdown)
2025-08-17T15:24:07.2212157Z   Downloading requests-2.32.4-py3-none-any.whl.metadata (4.9 kB)
2025-08-17T15:24:07.2386049Z Collecting tomli<3.0.0,>=2.0.0 (from pydoc-markdown)
2025-08-17T15:24:07.2534202Z   Downloading tomli-2.2.1-cp311-cp311-manylinux_2_17_x86_64.manylinux2014_x86_64.whl.metadata (11 kB)
2025-08-17T15:24:07.2681594Z Collecting tomli_w<2.0.0,>=1.0.0 (from pydoc-markdown)
2025-08-17T15:24:07.2822664Z   Downloading tomli_w-1.2.0-py3-none-any.whl.metadata (5.7 kB)
2025-08-17T15:24:07.3338268Z Collecting watchdog (from pydoc-markdown)
2025-08-17T15:24:07.3493751Z   Downloading watchdog-6.0.0-py3-none-manylinux2014_x86_64.whl.metadata (44 kB)
2025-08-17T15:24:07.3789798Z Collecting yapf>=0.30.0 (from pydoc-markdown)
2025-08-17T15:24:07.3935602Z   Downloading yapf-0.43.0-py3-none-any.whl.metadata (46 kB)
2025-08-17T15:24:07.4214780Z Collecting databind<5.0.0,>=4.5.2 (from databind.core<5.0.0,>=4.4.0->pydoc-markdown)
2025-08-17T15:24:07.4361425Z   Downloading databind-4.5.2-py3-none-any.whl.metadata (4.3 kB)
2025-08-17T15:24:07.4527504Z Collecting Deprecated<2.0.0,>=1.2.12 (from databind<5.0.0,>=4.5.2->databind.core<5.0.0,>=4.4.0->pydoc-markdown)
2025-08-17T15:24:07.4671485Z   Downloading Deprecated-1.2.18-py2.py3-none-any.whl.metadata (5.7 kB)
2025-08-17T15:24:07.4804157Z Collecting nr-date<3.0.0,>=2.0.0 (from databind<5.0.0,>=4.5.2->databind.core<5.0.0,>=4.4.0->pydoc-markdown)
2025-08-17T15:24:07.4948005Z   Downloading nr_date-2.1.0-py3-none-any.whl.metadata (746 bytes)
2025-08-17T15:24:07.5098141Z Collecting nr-stream<2.0.0,>=1.0.0 (from databind<5.0.0,>=4.5.2->databind.core<5.0.0,>=4.4.0->pydoc-markdown)
2025-08-17T15:24:07.5240914Z   Downloading nr_stream-1.1.5-py3-none-any.whl.metadata (3.6 kB)
2025-08-17T15:24:07.5431292Z Collecting typeapi<3,>=2.0.1 (from databind<5.0.0,>=4.5.2->databind.core<5.0.0,>=4.4.0->pydoc-markdown)
2025-08-17T15:24:07.5582216Z   Downloading typeapi-2.2.4-py3-none-any.whl.metadata (1.5 kB)
2025-08-17T15:24:07.5813499Z Collecting typing-extensions<5,>=3.10.0 (from databind<5.0.0,>=4.5.2->databind.core<5.0.0,>=4.4.0->pydoc-markdown)
2025-08-17T15:24:07.5967926Z   Downloading typing_extensions-4.14.1-py3-none-any.whl.metadata (3.0 kB)
2025-08-17T15:24:07.7009176Z Collecting wrapt<2,>=1.10 (from Deprecated<2.0.0,>=1.2.12->databind<5.0.0,>=4.5.2->databind.core<5.0.0,>=4.4.0->pydoc-markdown)
2025-08-17T15:24:07.7181602Z   Downloading wrapt-1.17.3-cp311-cp311-manylinux1_x86_64.manylinux_2_28_x86_64.manylinux_2_5_x86_64.whl.metadata (6.4 kB)
2025-08-17T15:24:07.7736739Z Collecting black>=24.8.0 (from docspec-python<3.0.0,>=2.2.1->pydoc-markdown)
2025-08-17T15:24:07.7882906Z   Downloading black-25.1.0-cp311-cp311-manylinux_2_17_x86_64.manylinux2014_x86_64.manylinux_2_28_x86_64.whl.metadata (81 kB)
2025-08-17T15:24:07.8035678Z Collecting docspec<3.0.0,>=2.2.1 (from pydoc-markdown)
2025-08-17T15:24:07.8182311Z   Downloading docspec-2.2.1-py3-none-any.whl.metadata (1.5 kB)
2025-08-17T15:24:07.8803279Z Collecting MarkupSafe>=2.0 (from jinja2<4.0.0,>=3.0.0->pydoc-markdown)
2025-08-17T15:24:07.8951794Z   Downloading MarkupSafe-3.0.2-cp311-cp311-manylinux_2_17_x86_64.manylinux2014_x86_64.whl.metadata (4.0 kB)
2025-08-17T15:24:07.9882204Z Collecting charset_normalizer<4,>=2 (from requests<3.0.0,>=2.23.0->pydoc-markdown)
2025-08-17T15:24:08.0030144Z   Downloading charset_normalizer-3.4.3-cp311-cp311-manylinux2014_x86_64.manylinux_2_17_x86_64.manylinux_2_28_x86_64.whl.metadata (36 kB)
2025-08-17T15:24:08.0205520Z Collecting idna<4,>=2.5 (from requests<3.0.0,>=2.23.0->pydoc-markdown)
2025-08-17T15:24:08.0350507Z   Downloading idna-3.10-py3-none-any.whl.metadata (10 kB)
2025-08-17T15:24:08.0649763Z Collecting urllib3<3,>=1.21.1 (from requests<3.0.0,>=2.23.0->pydoc-markdown)
2025-08-17T15:24:08.0794200Z   Downloading urllib3-2.5.0-py3-none-any.whl.metadata (6.5 kB)
2025-08-17T15:24:08.1017738Z Collecting certifi>=2017.4.17 (from requests<3.0.0,>=2.23.0->pydoc-markdown)
2025-08-17T15:24:08.1163162Z   Downloading certifi-2025.8.3-py3-none-any.whl.metadata (2.4 kB)
2025-08-17T15:24:08.1409999Z Collecting mypy-extensions>=0.4.3 (from black>=24.8.0->docspec-python<3.0.0,>=2.2.1->pydoc-markdown)
2025-08-17T15:24:08.1556700Z   Downloading mypy_extensions-1.1.0-py3-none-any.whl.metadata (1.1 kB)
2025-08-17T15:24:08.1750030Z Collecting packaging>=22.0 (from black>=24.8.0->docspec-python<3.0.0,>=2.2.1->pydoc-markdown)
2025-08-17T15:24:08.1898496Z   Downloading packaging-25.0-py3-none-any.whl.metadata (3.3 kB)
2025-08-17T15:24:08.2053323Z Collecting pathspec>=0.9.0 (from black>=24.8.0->docspec-python<3.0.0,>=2.2.1->pydoc-markdown)
2025-08-17T15:24:08.2196261Z   Downloading pathspec-0.12.1-py3-none-any.whl.metadata (21 kB)
2025-08-17T15:24:08.2423460Z Collecting platformdirs>=2 (from black>=24.8.0->docspec-python<3.0.0,>=2.2.1->pydoc-markdown)
2025-08-17T15:24:08.2569901Z   Downloading platformdirs-4.3.8-py3-none-any.whl.metadata (12 kB)
2025-08-17T15:24:08.2906636Z Downloading pydoc_markdown-4.8.2-py3-none-any.whl (67 kB)
2025-08-17T15:24:08.3086341Z Downloading click-8.2.1-py3-none-any.whl (102 kB)
2025-08-17T15:24:08.3273908Z Downloading databind.core-4.5.2-py3-none-any.whl (1.5 kB)
2025-08-17T15:24:08.3442804Z Downloading databind-4.5.2-py3-none-any.whl (49 kB)
2025-08-17T15:24:08.3614078Z Downloading databind.json-4.5.2-py3-none-any.whl (1.5 kB)
2025-08-17T15:24:08.3792869Z Downloading Deprecated-1.2.18-py2.py3-none-any.whl (10.0 kB)
2025-08-17T15:24:08.3966428Z Downloading docspec_python-2.2.2-py3-none-any.whl (15 kB)
2025-08-17T15:24:08.4133447Z Downloading docspec-2.2.1-py3-none-any.whl (9.8 kB)
2025-08-17T15:24:08.4299979Z Downloading jinja2-3.1.6-py3-none-any.whl (134 kB)
2025-08-17T15:24:08.4496675Z Downloading nr_date-2.1.0-py3-none-any.whl (10 kB)
2025-08-17T15:24:08.4659262Z Downloading nr_stream-1.1.5-py3-none-any.whl (10 kB)
2025-08-17T15:24:08.4825089Z Downloading nr.util-0.8.12-py3-none-any.whl (90 kB)
2025-08-17T15:24:08.4990922Z Downloading PyYAML-6.0.2-cp311-cp311-manylinux_2_17_x86_64.manylinux2014_x86_64.whl (762 kB)
2025-08-17T15:24:08.5206480Z    ━━━━━━━━━━━━━━━━━━━━━━━━━━━━━━━━━━━━━━━━ 763.0/763.0 kB 30.9 MB/s  0:00:00
2025-08-17T15:24:08.5353593Z Downloading requests-2.32.4-py3-none-any.whl (64 kB)
2025-08-17T15:24:08.5523110Z Downloading charset_normalizer-3.4.3-cp311-cp311-manylinux2014_x86_64.manylinux_2_17_x86_64.manylinux_2_28_x86_64.whl (150 kB)
2025-08-17T15:24:08.5694717Z Downloading idna-3.10-py3-none-any.whl (70 kB)
2025-08-17T15:24:08.5865620Z Downloading tomli-2.2.1-cp311-cp311-manylinux_2_17_x86_64.manylinux2014_x86_64.whl (236 kB)
2025-08-17T15:24:08.6040514Z Downloading tomli_w-1.2.0-py3-none-any.whl (6.7 kB)
2025-08-17T15:24:08.6202819Z Downloading typeapi-2.2.4-py3-none-any.whl (26 kB)
2025-08-17T15:24:08.6367959Z Downloading typing_extensions-4.14.1-py3-none-any.whl (43 kB)
2025-08-17T15:24:08.6533738Z Downloading urllib3-2.5.0-py3-none-any.whl (129 kB)
2025-08-17T15:24:08.6706346Z Downloading wrapt-1.17.3-cp311-cp311-manylinux1_x86_64.manylinux_2_28_x86_64.manylinux_2_5_x86_64.whl (82 kB)
2025-08-17T15:24:08.6878859Z Downloading black-25.1.0-cp311-cp311-manylinux_2_17_x86_64.manylinux2014_x86_64.manylinux_2_28_x86_64.whl (1.7 MB)
2025-08-17T15:24:08.7090169Z    ━━━━━━━━━━━━━━━━━━━━━━━━━━━━━━━━━━━━━━━━ 1.7/1.7 MB 81.2 MB/s  0:00:00
2025-08-17T15:24:08.7233613Z Downloading certifi-2025.8.3-py3-none-any.whl (161 kB)
2025-08-17T15:24:08.7408273Z Downloading MarkupSafe-3.0.2-cp311-cp311-manylinux_2_17_x86_64.manylinux2014_x86_64.whl (23 kB)
2025-08-17T15:24:08.7576039Z Downloading mypy_extensions-1.1.0-py3-none-any.whl (5.0 kB)
2025-08-17T15:24:08.7744649Z Downloading packaging-25.0-py3-none-any.whl (66 kB)
2025-08-17T15:24:08.7916205Z Downloading pathspec-0.12.1-py3-none-any.whl (31 kB)
2025-08-17T15:24:08.8085942Z Downloading platformdirs-4.3.8-py3-none-any.whl (18 kB)
2025-08-17T15:24:08.8254662Z Downloading yapf-0.43.0-py3-none-any.whl (256 kB)
2025-08-17T15:24:08.8431216Z Downloading watchdog-6.0.0-py3-none-manylinux2014_x86_64.whl (79 kB)
2025-08-17T15:24:08.8702947Z Building wheels for collected packages: docstring-parser
2025-08-17T15:24:08.8712399Z   Building wheel for docstring-parser (pyproject.toml): started
2025-08-17T15:24:09.0956991Z   Building wheel for docstring-parser (pyproject.toml): finished with status 'done'
2025-08-17T15:24:09.0962809Z   Created wheel for docstring-parser: filename=docstring_parser-0.11-py3-none-any.whl size=31551 sha256=b95841d84d4d8717a16e52afc7886da9260ad681a05b74b8882eaf0e7d4e7b37
2025-08-17T15:24:09.0964494Z   Stored in directory: /home/runner/.cache/pip/wheels/0f/f9/78/1186f8bf3425dbd3fb3fa32beee828876c792f49eb2554e888
2025-08-17T15:24:09.0981969Z Successfully built docstring-parser
2025-08-17T15:24:09.1455305Z Installing collected packages: wrapt, watchdog, urllib3, typing-extensions, tomli_w, tomli, PyYAML, platformdirs, pathspec, packaging, nr-stream, nr-date, mypy-extensions, MarkupSafe, idna, docstring-parser, click, charset_normalizer, certifi, yapf, typeapi, requests, jinja2, Deprecated, black, nr.util, databind, databind.json, databind.core, docspec, docspec-python, pydoc-markdown
2025-08-17T15:24:10.3382229Z 
2025-08-17T15:24:10.3405873Z Successfully installed Deprecated-1.2.18 MarkupSafe-3.0.2 PyYAML-6.0.2 black-25.1.0 certifi-2025.8.3 charset_normalizer-3.4.3 click-8.2.1 databind-4.5.2 databind.core-4.5.2 databind.json-4.5.2 docspec-2.2.1 docspec-python-2.2.2 docstring-parser-0.11 idna-3.10 jinja2-3.1.6 mypy-extensions-1.1.0 nr-date-2.1.0 nr-stream-1.1.5 nr.util-0.8.12 packaging-25.0 pathspec-0.12.1 platformdirs-4.3.8 pydoc-markdown-4.8.2 requests-2.32.4 tomli-2.2.1 tomli_w-1.2.0 typeapi-2.2.4 typing-extensions-4.14.1 urllib3-2.5.0 watchdog-6.0.0 wrapt-1.17.3 yapf-0.43.0
2025-08-17T15:24:10.5568658Z ##[group]Run pydoc-markdown
2025-08-17T15:24:10.5568949Z [36;1mpydoc-markdown[0m
2025-08-17T15:24:10.5610620Z shell: /usr/bin/bash -e {0}
2025-08-17T15:24:10.5610867Z env:
2025-08-17T15:24:10.5611118Z   pythonLocation: /opt/hostedtoolcache/Python/3.11.13/x64
2025-08-17T15:24:10.5611518Z   PKG_CONFIG_PATH: /opt/hostedtoolcache/Python/3.11.13/x64/lib/pkgconfig
2025-08-17T15:24:10.5611908Z   Python_ROOT_DIR: /opt/hostedtoolcache/Python/3.11.13/x64
2025-08-17T15:24:10.5612251Z   Python2_ROOT_DIR: /opt/hostedtoolcache/Python/3.11.13/x64
2025-08-17T15:24:10.5612600Z   Python3_ROOT_DIR: /opt/hostedtoolcache/Python/3.11.13/x64
2025-08-17T15:24:10.5612946Z   LD_LIBRARY_PATH: /opt/hostedtoolcache/Python/3.11.13/x64/lib
2025-08-17T15:24:10.5613244Z ##[endgroup]
2025-08-17T15:24:10.9373547Z [WARNING - pydoc_markdown.main]: Unknown configuration options:
2025-08-17T15:24:10.9374350Z Unknown key(s) "{'output_directory'}" at:
2025-08-17T15:24:10.9374802Z In "pydoc-markdown.yml"
2025-08-17T15:24:10.9375296Z   $: TypeHint(pydoc_markdown.PydocMarkdown)
2025-08-17T15:24:10.9375867Z   .renderer: TypeHint(pydoc_markdown.interfaces.Renderer)
2025-08-17T15:24:10.9376618Z   ^: TypeHint(pydoc_markdown.contrib.renderers.markdown.MarkdownRenderer)
2025-08-17T15:24:10.9377659Z 
2025-08-17T15:24:11.1600917Z <a id="__init__"></a>
2025-08-17T15:24:11.1601537Z 
2025-08-17T15:24:11.1601671Z # \_\_init\_\_
2025-08-17T15:24:11.1601876Z 
2025-08-17T15:24:11.1602004Z <a id="api"></a>
2025-08-17T15:24:11.1602205Z 
2025-08-17T15:24:11.1602315Z # api
2025-08-17T15:24:11.1602488Z 
2025-08-17T15:24:11.1602642Z <a id="api.tests.test_llm"></a>
2025-08-17T15:24:11.1602914Z 
2025-08-17T15:24:11.1603059Z # api.tests.test\_llm
2025-08-17T15:24:11.1603278Z 
2025-08-17T15:24:11.1603430Z <a id="api.tests.test_imports"></a>
2025-08-17T15:24:11.1603717Z 
2025-08-17T15:24:11.1603866Z # api.tests.test\_imports
2025-08-17T15:24:11.1604103Z 
2025-08-17T15:24:11.1604264Z <a id="api.tests.test_entrypoint"></a>
2025-08-17T15:24:11.1604605Z 
2025-08-17T15:24:11.1604807Z # api.tests.test\_entrypoint
2025-08-17T15:24:11.1605082Z 
2025-08-17T15:24:11.1605235Z <a id="api.tests.test_health"></a>
2025-08-17T15:24:11.1605510Z 
2025-08-17T15:24:11.1605649Z # api.tests.test\_health
2025-08-17T15:24:11.1605880Z 
2025-08-17T15:24:11.1606035Z <a id="api.migrations.env"></a>
2025-08-17T15:24:11.1606352Z 
2025-08-17T15:24:11.1606486Z # api.migrations.env
2025-08-17T15:24:11.1606706Z 
2025-08-17T15:24:11.1607213Z <a id="api.migrations.versions.0022_fix_roi_view"></a>
2025-08-17T15:24:11.1607593Z 
2025-08-17T15:24:11.1607801Z # api.migrations.versions.0022\_fix\_roi\_view
2025-08-17T15:24:11.1608145Z 
2025-08-17T15:24:11.1608346Z <a id="api.migrations.versions.0004_fee_cron"></a>
2025-08-17T15:24:11.1608694Z 
2025-08-17T15:24:11.1608872Z # api.migrations.versions.0004\_fee\_cron
2025-08-17T15:24:11.1609195Z 
2025-08-17T15:24:11.1609472Z <a id="api.migrations.versions.3e9d5c5aff2c_rename_fulf_fee"></a>
2025-08-17T15:24:11.1609909Z 
2025-08-17T15:24:11.1610169Z # api.migrations.versions.3e9d5c5aff2c\_rename\_fulf\_fee
2025-08-17T15:24:11.1611025Z 
2025-08-17T15:24:11.1611267Z <a id="api.migrations.versions.0003_vendor_prices"></a>
2025-08-17T15:24:11.1611635Z 
2025-08-17T15:24:11.1611824Z # api.migrations.versions.0003\_vendor\_prices
2025-08-17T15:24:11.1612159Z 
2025-08-17T15:24:11.1612380Z <a id="api.migrations.versions.0024_create_buybox"></a>
2025-08-17T15:24:11.1612735Z 
2025-08-17T15:24:11.1612925Z # api.migrations.versions.0024\_create\_buybox
2025-08-17T15:24:11.1613266Z 
2025-08-17T15:24:11.1613501Z <a id="api.migrations.versions.0002_create_roi_view"></a>
2025-08-17T15:24:11.1613876Z 
2025-08-17T15:24:11.1614085Z # api.migrations.versions.0002\_create\_roi\_view
2025-08-17T15:24:11.1614433Z 
2025-08-17T15:24:11.1614649Z <a id="api.migrations.versions.0006_fix_roi_views"></a>
2025-08-17T15:24:11.1615021Z 
2025-08-17T15:24:11.1615213Z # api.migrations.versions.0006\_fix\_roi\_views
2025-08-17T15:24:11.1615549Z 
2025-08-17T15:24:11.1616107Z <a id="api.migrations.versions.0020_unified_schema"></a>
2025-08-17T15:24:11.1616520Z 
2025-08-17T15:24:11.1616717Z # api.migrations.versions.0020\_unified\_schema
2025-08-17T15:24:11.1617277Z 
2025-08-17T15:24:11.1617518Z <a id="api.migrations.versions.0023_add_storage_fee"></a>
2025-08-17T15:24:11.1617885Z 
2025-08-17T15:24:11.1618080Z # api.migrations.versions.0023\_add\_storage\_fee
2025-08-17T15:24:11.1618425Z 
2025-08-17T15:24:11.1618618Z <a id="api.migrations.versions.0001_baseline"></a>
2025-08-17T15:24:11.1618958Z 
2025-08-17T15:24:11.1619128Z # api.migrations.versions.0001\_baseline
2025-08-17T15:24:11.1619439Z 
2025-08-17T15:24:11.1619595Z <a id="api.migrations.versions"></a>
2025-08-17T15:24:11.1619881Z 
2025-08-17T15:24:11.1620033Z # api.migrations.versions
2025-08-17T15:24:11.1620268Z 
2025-08-17T15:24:11.1620415Z <a id="api.migrations"></a>
2025-08-17T15:24:11.1620662Z 
2025-08-17T15:24:11.1620785Z # api.migrations
2025-08-17T15:24:11.1620978Z 
2025-08-17T15:24:11.1621096Z <a id="api.db"></a>
2025-08-17T15:24:11.1621304Z 
2025-08-17T15:24:11.1621421Z # api.db
2025-08-17T15:24:11.1621573Z 
2025-08-17T15:24:11.1621722Z <a id="api.routes.stats"></a>
2025-08-17T15:24:11.1621975Z 
2025-08-17T15:24:11.1622097Z # api.routes.stats
2025-08-17T15:24:11.1622298Z 
2025-08-17T15:24:11.1622450Z <a id="api.routes.stats.kpi"></a>
2025-08-17T15:24:11.1622720Z 
2025-08-17T15:24:11.1622838Z #### kpi
2025-08-17T15:24:11.1623005Z 
2025-08-17T15:24:11.1623127Z ```python
2025-08-17T15:24:11.1623430Z @router.get("/stats/kpi")
2025-08-17T15:24:11.1623893Z def kpi() -> List[Dict[str, int]]
2025-08-17T15:24:11.1624310Z ```
2025-08-17T15:24:11.1624465Z 
2025-08-17T15:24:11.1624611Z Return KPI metrics (mock).
2025-08-17T15:24:11.1624851Z 
2025-08-17T15:24:11.1625036Z <a id="api.routes.stats.roi_by_vendor"></a>
2025-08-17T15:24:11.1625356Z 
2025-08-17T15:24:11.1625483Z #### roi\_by\_vendor
2025-08-17T15:24:11.1625694Z 
2025-08-17T15:24:11.1625810Z ```python
2025-08-17T15:24:11.1626107Z @router.get("/stats/roi_by_vendor")
2025-08-17T15:24:11.1626558Z def roi_by_vendor() -> List[Dict[str, int]]
2025-08-17T15:24:11.1627165Z ```
2025-08-17T15:24:11.1627311Z 
2025-08-17T15:24:11.1627454Z Return ROI percent by vendor.
2025-08-17T15:24:11.1627708Z 
2025-08-17T15:24:11.1627877Z <a id="api.routes.stats.roi_trend"></a>
2025-08-17T15:24:11.1628176Z 
2025-08-17T15:24:11.1628294Z #### roi\_trend
2025-08-17T15:24:11.1628484Z 
2025-08-17T15:24:11.1628601Z ```python
2025-08-17T15:24:11.1628898Z @router.get("/stats/roi_trend")
2025-08-17T15:24:11.1629326Z def roi_trend() -> List[Dict[str, int | str]]
2025-08-17T15:24:11.1629751Z ```
2025-08-17T15:24:11.1629898Z 
2025-08-17T15:24:11.1630033Z Return 30-day ROI trend.
2025-08-17T15:24:11.1630258Z 
2025-08-17T15:24:11.1630406Z <a id="api.routes.roi"></a>
2025-08-17T15:24:11.1630645Z 
2025-08-17T15:24:11.1630778Z # api.routes.roi
2025-08-17T15:24:11.1631009Z 
2025-08-17T15:24:11.1631160Z <a id="api.routes.health"></a>
2025-08-17T15:24:11.1631545Z 
2025-08-17T15:24:11.1631677Z # api.routes.health
2025-08-17T15:24:11.1631883Z 
2025-08-17T15:24:11.1632050Z <a id="api.routes.health.MAX_SKEW"></a>
2025-08-17T15:24:11.1632610Z 
2025-08-17T15:24:11.1632728Z #### MAX\_SKEW
2025-08-17T15:24:11.1632913Z 
2025-08-17T15:24:11.1633035Z seconds
2025-08-17T15:24:11.1633187Z 
2025-08-17T15:24:11.1633343Z <a id="api.routes.health.health"></a>
2025-08-17T15:24:11.1633633Z 
2025-08-17T15:24:11.1633758Z #### health
2025-08-17T15:24:11.1633919Z 
2025-08-17T15:24:11.1634035Z ```python
2025-08-17T15:24:11.1634396Z @router.get("/health", include_in_schema=False)
2025-08-17T15:24:11.1635070Z async def health(session: AsyncSession = Depends(get_session)) -> JSONResponse
2025-08-17T15:24:11.1635682Z ```
2025-08-17T15:24:11.1635831Z 
2025-08-17T15:24:11.1636049Z Return 200 when DB reachable and clocks are in sync.
2025-08-17T15:24:11.1636404Z 
2025-08-17T15:24:11.1636560Z <a id="api.routes.repository"></a>
2025-08-17T15:24:11.1637040Z 
2025-08-17T15:24:11.1637189Z # api.routes.repository
2025-08-17T15:24:11.1637415Z 
2025-08-17T15:24:11.1637795Z <a id="api.routes"></a>
2025-08-17T15:24:11.1638057Z 
2025-08-17T15:24:11.1638178Z # api.routes
2025-08-17T15:24:11.1638356Z 
2025-08-17T15:24:11.1638500Z <a id="api.models.fee"></a>
2025-08-17T15:24:11.1638738Z 
2025-08-17T15:24:11.1638859Z # api.models.fee
2025-08-17T15:24:11.1639047Z 
2025-08-17T15:24:11.1639184Z <a id="api.models"></a>
2025-08-17T15:24:11.1639395Z 
2025-08-17T15:24:11.1639507Z # api.models
2025-08-17T15:24:11.1639686Z 
2025-08-17T15:24:11.1639829Z <a id="api.roi_repository"></a>
2025-08-17T15:24:11.1640083Z 
2025-08-17T15:24:11.1640220Z # api.roi\_repository
2025-08-17T15:24:11.1640424Z 
2025-08-17T15:24:11.1640533Z <a id="api.main"></a>
2025-08-17T15:24:11.1640716Z 
2025-08-17T15:24:11.1640826Z # api.main
2025-08-17T15:24:11.1640978Z 
2025-08-17T15:24:11.1641109Z <a id="api.main.ready"></a>
2025-08-17T15:24:11.1641338Z 
2025-08-17T15:24:11.1641441Z #### ready
2025-08-17T15:24:11.1641596Z 
2025-08-17T15:24:11.1641713Z ```python
2025-08-17T15:24:11.1642289Z @app.get("/ready", status_code=status.HTTP_200_OK, include_in_schema=False)
2025-08-17T15:24:11.1643076Z async def ready(session: AsyncSession = Depends(get_session)) -> dict[str,
2025-08-17T15:24:11.1643703Z                                                                       str]
2025-08-17T15:24:11.1644124Z ```
2025-08-17T15:24:11.1644273Z 
2025-08-17T15:24:11.1644452Z Return 200 only when migrations are at head.
2025-08-17T15:24:11.1644787Z 
2025-08-17T15:24:11.1644927Z <a id="api.config"></a>
2025-08-17T15:24:11.1645154Z 
2025-08-17T15:24:11.1645285Z # api.config
2025-08-17T15:24:11.1645465Z 
2025-08-17T15:24:11.1645587Z <a id="etl"></a>
2025-08-17T15:24:11.1645775Z 
2025-08-17T15:24:11.1645894Z # etl
2025-08-17T15:24:11.1646054Z 
2025-08-17T15:24:11.1646202Z <a id="etl.fba_fee_ingestor"></a>
2025-08-17T15:24:11.1646483Z 
2025-08-17T15:24:11.1646617Z # etl.fba\_fee\_ingestor
2025-08-17T15:24:11.1647041Z 
2025-08-17T15:24:11.1647195Z <a id="etl.sp_fees_ingestor"></a>
2025-08-17T15:24:11.1647476Z 
2025-08-17T15:24:11.1647625Z # etl.sp\_fees\_ingestor
2025-08-17T15:24:11.1647848Z 
2025-08-17T15:24:11.1648010Z <a id="etl.keepa_ingestor"></a>
2025-08-17T15:24:11.1648262Z 
2025-08-17T15:24:11.1648389Z # etl.keepa\_ingestor
2025-08-17T15:24:11.1648601Z 
2025-08-17T15:24:11.1648723Z <a id="etl.db"></a>
2025-08-17T15:24:11.1648914Z 
2025-08-17T15:24:11.1649025Z # etl.db
2025-08-17T15:24:11.1649188Z 
2025-08-17T15:24:11.1649334Z <a id="etl.dialects.schemas"></a>
2025-08-17T15:24:11.1649604Z 
2025-08-17T15:24:11.1649748Z # etl.dialects.schemas
2025-08-17T15:24:11.1649963Z 
2025-08-17T15:24:11.1650150Z <a id="etl.dialects.amazon_reimbursements"></a>
2025-08-17T15:24:11.1650493Z 
2025-08-17T15:24:11.1650657Z # etl.dialects.amazon\_reimbursements
2025-08-17T15:24:11.1650951Z 
2025-08-17T15:24:11.1651153Z <a id="etl.dialects.amazon_returns"></a>
2025-08-17T15:24:11.1651478Z 
2025-08-17T15:24:11.1651632Z # etl.dialects.amazon\_returns
2025-08-17T15:24:11.1651890Z 
2025-08-17T15:24:11.1652036Z <a id="etl.dialects"></a>
2025-08-17T15:24:11.1652276Z 
2025-08-17T15:24:11.1652410Z # etl.dialects
2025-08-17T15:24:11.1652837Z 
2025-08-17T15:24:11.1652971Z <a id="ingest"></a>
2025-08-17T15:24:11.1653168Z 
2025-08-17T15:24:11.1653280Z # ingest
2025-08-17T15:24:11.1653448Z 
2025-08-17T15:24:11.1653605Z <a id="ingest.tests.test_smoke"></a>
2025-08-17T15:24:11.1653892Z 
2025-08-17T15:24:11.1654041Z # ingest.tests.test\_smoke
2025-08-17T15:24:11.1654275Z 
2025-08-17T15:24:11.1654408Z <a id="ingest.tests"></a>
2025-08-17T15:24:11.1654636Z 
2025-08-17T15:24:11.1654766Z # ingest.tests
2025-08-17T15:24:11.1654945Z 
2025-08-17T15:24:11.1655094Z <a id="ingest.upload_router"></a>
2025-08-17T15:24:11.1655378Z 
2025-08-17T15:24:11.1655512Z # ingest.upload\_router
2025-08-17T15:24:11.1655725Z 
2025-08-17T15:24:11.1655870Z <a id="ingest.email_watcher"></a>
2025-08-17T15:24:11.1656141Z 
2025-08-17T15:24:11.1656270Z # ingest.email\_watcher
2025-08-17T15:24:11.1656477Z 
2025-08-17T15:24:11.1656641Z <a id="ingest.email_watcher.main"></a>
2025-08-17T15:24:11.1657127Z 
2025-08-17T15:24:11.1657454Z #### main
2025-08-17T15:24:11.1657643Z 
2025-08-17T15:24:11.1657762Z ```python
2025-08-17T15:24:11.1658068Z def main() -> dict[str, str]
2025-08-17T15:24:11.1658432Z ```
2025-08-17T15:24:11.1658586Z 
2025-08-17T15:24:11.1658841Z Upload CSV/XLSX attachments to MinIO and trigger ingestion.
2025-08-17T15:24:11.1659255Z 
2025-08-17T15:24:11.1659486Z Returns {"status": "success"} when processing completes.
2025-08-17T15:24:11.1659881Z 
2025-08-17T15:24:11.1660045Z <a id="ingest.ingest_router"></a>
2025-08-17T15:24:11.1660329Z 
2025-08-17T15:24:11.1660464Z # ingest.ingest\_router
2025-08-17T15:24:11.1660690Z 
2025-08-17T15:24:11.1660828Z <a id="logistics_etl"></a>
2025-08-17T15:24:11.1661067Z 
2025-08-17T15:24:11.1661187Z # logistics\_etl
2025-08-17T15:24:11.1661383Z 
2025-08-17T15:24:11.1661520Z Daily logistics ETL job.
2025-08-17T15:24:11.1661740Z 
2025-08-17T15:24:11.1661894Z <a id="logistics_etl.__main__"></a>
2025-08-17T15:24:11.1662166Z 
2025-08-17T15:24:11.1662301Z # logistics\_etl.\_\_main\_\_
2025-08-17T15:24:11.1662564Z 
2025-08-17T15:24:11.1662709Z <a id="logistics_etl.dsn"></a>
2025-08-17T15:24:11.1662960Z 
2025-08-17T15:24:11.1663090Z # logistics\_etl.dsn
2025-08-17T15:24:11.1663300Z 
2025-08-17T15:24:11.1663508Z Local DSN builder to avoid cross-service dependency.
2025-08-17T15:24:11.1663868Z 
2025-08-17T15:24:11.1664032Z <a id="logistics_etl.dsn.build_dsn"></a>
2025-08-17T15:24:11.1664327Z 
2025-08-17T15:24:11.1664442Z #### build\_dsn
2025-08-17T15:24:11.1664626Z 
2025-08-17T15:24:11.1664739Z ```python
2025-08-17T15:24:11.1665045Z def build_dsn(sync: bool = True) -> str
2025-08-17T15:24:11.1665445Z ```
2025-08-17T15:24:11.1665603Z 
2025-08-17T15:24:11.1665855Z Return a Postgres DSN assembled from environment variables.
2025-08-17T15:24:11.1666252Z 
2025-08-17T15:24:11.1666541Z Prefers explicit DSNs via ``PG_SYNC_DSN``/``PG_ASYNC_DSN`` or
2025-08-17T15:24:11.1667457Z ``DATABASE_URL``. Falls back to individual PG_* settings and raises an
2025-08-17T15:24:11.1668103Z error when any required variable is missing.
2025-08-17T15:24:11.1668443Z 
2025-08-17T15:24:11.1668613Z <a id="logistics_etl.tests.conftest"></a>
2025-08-17T15:24:11.1668931Z 
2025-08-17T15:24:11.1669080Z # logistics\_etl.tests.conftest
2025-08-17T15:24:11.1669341Z 
2025-08-17T15:24:11.1669529Z <a id="logistics_etl.tests.test_repository"></a>
2025-08-17T15:24:11.1669882Z 
2025-08-17T15:24:11.1670044Z # logistics\_etl.tests.test\_repository
2025-08-17T15:24:11.1670347Z 
2025-08-17T15:24:11.1670517Z <a id="logistics_etl.tests.test_cron"></a>
2025-08-17T15:24:11.1670827Z 
2025-08-17T15:24:11.1670976Z # logistics\_etl.tests.test\_cron
2025-08-17T15:24:11.1671256Z 
2025-08-17T15:24:11.1671433Z <a id="logistics_etl.tests.test_imports"></a>
2025-08-17T15:24:11.1671754Z 
2025-08-17T15:24:11.1671904Z # logistics\_etl.tests.test\_imports
2025-08-17T15:24:11.1672200Z 
2025-08-17T15:24:11.1672364Z <a id="logistics_etl.tests.test_smoke"></a>
2025-08-17T15:24:11.1672672Z 
2025-08-17T15:24:11.1672831Z # logistics\_etl.tests.test\_smoke
2025-08-17T15:24:11.1673119Z 
2025-08-17T15:24:11.1673293Z <a id="logistics_etl.tests.test_client"></a>
2025-08-17T15:24:11.1673946Z 
2025-08-17T15:24:11.1674105Z # logistics\_etl.tests.test\_client
2025-08-17T15:24:11.1674391Z 
2025-08-17T15:24:11.1674538Z <a id="logistics_etl.tests"></a>
2025-08-17T15:24:11.1674807Z 
2025-08-17T15:24:11.1674941Z # logistics\_etl.tests
2025-08-17T15:24:11.1675157Z 
2025-08-17T15:24:11.1675307Z <a id="logistics_etl.flow"></a>
2025-08-17T15:24:11.1675557Z 
2025-08-17T15:24:11.1675684Z # logistics\_etl.flow
2025-08-17T15:24:11.1675900Z 
2025-08-17T15:24:11.1676048Z <a id="logistics_etl.client"></a>
2025-08-17T15:24:11.1676314Z 
2025-08-17T15:24:11.1676448Z # logistics\_etl.client
2025-08-17T15:24:11.1676675Z 
2025-08-17T15:24:11.1677001Z <a id="logistics_etl.cron"></a>
2025-08-17T15:24:11.1677264Z 
2025-08-17T15:24:11.1677408Z # logistics\_etl.cron
2025-08-17T15:24:11.1677621Z 
2025-08-17T15:24:11.1677767Z <a id="logistics_etl.db"></a>
2025-08-17T15:24:11.1678031Z 
2025-08-17T15:24:11.1678372Z # logistics\_etl.db
2025-08-17T15:24:11.1678599Z 
2025-08-17T15:24:11.1678761Z <a id="logistics_etl.repository"></a>
2025-08-17T15:24:11.1679068Z 
2025-08-17T15:24:11.1679210Z # logistics\_etl.repository
2025-08-17T15:24:11.1679451Z 
2025-08-17T15:24:11.1679590Z <a id="alert_bot"></a>
2025-08-17T15:24:11.1679802Z 
2025-08-17T15:24:11.1679919Z # alert\_bot
2025-08-17T15:24:11.1680093Z 
2025-08-17T15:24:11.1680259Z <a id="alert_bot.tests.test_smoke"></a>
2025-08-17T15:24:11.1680555Z 
2025-08-17T15:24:11.1680698Z # alert\_bot.tests.test\_smoke
2025-08-17T15:24:11.1680961Z 
2025-08-17T15:24:11.1681097Z <a id="alert_bot.tests"></a>
2025-08-17T15:24:11.1681340Z 
2025-08-17T15:24:11.1681470Z # alert\_bot.tests
2025-08-17T15:24:11.1681662Z 
2025-08-17T15:24:11.1681807Z <a id="alert_bot.alert_bot"></a>
2025-08-17T15:24:11.1682065Z 
2025-08-17T15:24:11.1682204Z # alert\_bot.alert\_bot
2025-08-17T15:24:11.1682415Z 
2025-08-17T15:24:11.1682552Z <a id="alert_bot.rules"></a>
2025-08-17T15:24:11.1682798Z 
2025-08-17T15:24:11.1682927Z # alert\_bot.rules
2025-08-17T15:24:11.1683127Z 
2025-08-17T15:24:11.1683246Z <a id="common"></a>
2025-08-17T15:24:11.1683443Z 
2025-08-17T15:24:11.1683558Z # common
2025-08-17T15:24:11.1683717Z 
2025-08-17T15:24:11.1683859Z <a id="common.dsn"></a>
2025-08-17T15:24:11.1684069Z 
2025-08-17T15:24:11.1684187Z # common.dsn
2025-08-17T15:24:11.1684369Z 
2025-08-17T15:24:11.1684514Z <a id="common.dsn.build_dsn"></a>
2025-08-17T15:24:11.1684785Z 
2025-08-17T15:24:11.1684897Z #### build\_dsn
2025-08-17T15:24:11.1685117Z 
2025-08-17T15:24:11.1685242Z ```python
2025-08-17T15:24:11.1685556Z def build_dsn(sync: bool = True) -> str
2025-08-17T15:24:11.1685961Z ```
2025-08-17T15:24:11.1686114Z 
2025-08-17T15:24:11.1686333Z Return a Postgres DSN, validating required variables.
2025-08-17T15:24:11.1686710Z 
2025-08-17T15:24:11.1687324Z The function prefers explicit DSNs via ``PG_SYNC_DSN`` / ``PG_ASYNC_DSN`` or
2025-08-17T15:24:11.1688125Z ``DATABASE_URL``.  If those are absent it assembles a connection string from
2025-08-17T15:24:11.1688893Z ``PG_HOST`` and related variables and raises a helpful error when any are
2025-08-17T15:24:11.1689471Z missing.
2025-08-17T15:24:11.1689632Z 
2025-08-17T15:24:11.1689784Z <a id="common.models_vendor"></a>
2025-08-17T15:24:11.1690048Z 
2025-08-17T15:24:11.1690189Z # common.models\_vendor
2025-08-17T15:24:11.1690402Z 
2025-08-17T15:24:11.1690563Z <a id="common.models_vendor.Vendor"></a>
2025-08-17T15:24:11.1690879Z 
2025-08-17T15:24:11.1690999Z ## Vendor Objects
2025-08-17T15:24:11.1691187Z 
2025-08-17T15:24:11.1691301Z ```python
2025-08-17T15:24:11.1691584Z class Vendor(Base)
2025-08-17T15:24:11.1691878Z ```
2025-08-17T15:24:11.1692025Z 
2025-08-17T15:24:11.1692164Z Vendor of inventory items.
2025-08-17T15:24:11.1692403Z 
2025-08-17T15:24:11.1692587Z <a id="common.models_vendor.VendorPrice"></a>
2025-08-17T15:24:11.1692920Z 
2025-08-17T15:24:11.1693054Z ## VendorPrice Objects
2025-08-17T15:24:11.1693276Z 
2025-08-17T15:24:11.1693387Z ```python
2025-08-17T15:24:11.1693688Z class VendorPrice(Base)
2025-08-17T15:24:11.1694230Z ```
2025-08-17T15:24:11.1694379Z 
2025-08-17T15:24:11.1694571Z Association table linking vendors to pricing.
2025-08-17T15:24:11.1694901Z 
2025-08-17T15:24:11.1695034Z <a id="common.db_url"></a>
2025-08-17T15:24:11.1695266Z 
2025-08-17T15:24:11.1695395Z # common.db\_url
2025-08-17T15:24:11.1695584Z 
2025-08-17T15:24:11.1695734Z <a id="common.db_url.build_url"></a>
2025-08-17T15:24:11.1696025Z 
2025-08-17T15:24:11.1696138Z #### build\_url
2025-08-17T15:24:11.1696319Z 
2025-08-17T15:24:11.1696442Z ```python
2025-08-17T15:24:11.1696937Z def build_url(async_: bool = True) -> str
2025-08-17T15:24:11.1697370Z ```
2025-08-17T15:24:11.1697499Z 
2025-08-17T15:24:11.1697664Z Return Postgres DSN from env or PG_* parts.
2025-08-17T15:24:11.1697975Z 
2025-08-17T15:24:11.1698107Z <a id="common.keepa"></a>
2025-08-17T15:24:11.1698331Z 
2025-08-17T15:24:11.1698449Z # common.keepa
2025-08-17T15:24:11.1698632Z 
2025-08-17T15:24:11.1698756Z <a id="common.llm"></a>
2025-08-17T15:24:11.1699152Z 
2025-08-17T15:24:11.1699275Z # common.llm
2025-08-17T15:24:11.1699439Z 
2025-08-17T15:24:11.1699559Z <a id="common.settings"></a>
2025-08-17T15:24:11.1699777Z 
2025-08-17T15:24:11.1699887Z # common.settings
2025-08-17T15:24:11.1700058Z 
2025-08-17T15:24:11.1700169Z <a id="common.db"></a>
2025-08-17T15:24:11.1700353Z 
2025-08-17T15:24:11.1700448Z # common.db
2025-08-17T15:24:11.1700580Z 
2025-08-17T15:24:11.1700718Z <a id="common.db.build_sqlalchemy_url"></a>
2025-08-17T15:24:11.1700982Z 
2025-08-17T15:24:11.1701093Z #### build\_sqlalchemy\_url
2025-08-17T15:24:11.1701300Z 
2025-08-17T15:24:11.1701421Z ```python
2025-08-17T15:24:11.1701695Z def build_sqlalchemy_url() -> str
2025-08-17T15:24:11.1702038Z ```
2025-08-17T15:24:11.1702171Z 
2025-08-17T15:24:11.1702339Z Return Postgres URL for SQLAlchemy engines.
2025-08-17T15:24:11.1702623Z 
2025-08-17T15:24:11.1702769Z <a id="common.db.build_asyncpg_dsn"></a>
2025-08-17T15:24:11.1703047Z 
2025-08-17T15:24:11.1703198Z #### build\_asyncpg\_dsn
2025-08-17T15:24:11.1703446Z 
2025-08-17T15:24:11.1703581Z ```python
2025-08-17T15:24:11.1703868Z def build_asyncpg_dsn() -> str
2025-08-17T15:24:11.1704169Z ```
2025-08-17T15:24:11.1704300Z 
2025-08-17T15:24:11.1704493Z Return DSN suitable for asyncpg (without driver suffix).
2025-08-17T15:24:11.1704832Z 
2025-08-17T15:24:11.1704960Z <a id="common.db.refresh_mvs"></a>
2025-08-17T15:24:11.1705217Z 
2025-08-17T15:24:11.1705316Z #### refresh\_mvs
2025-08-17T15:24:11.1705480Z 
2025-08-17T15:24:11.1705586Z ```python
2025-08-17T15:24:11.1705886Z def refresh_mvs(conn: Engine | Connection) -> None
2025-08-17T15:24:11.1706322Z ```
2025-08-17T15:24:11.1706446Z 
2025-08-17T15:24:11.1706684Z Refresh materialized views, using CONCURRENTLY when safe.
2025-08-17T15:24:11.1707254Z 
2025-08-17T15:24:11.1707378Z <a id="common.config"></a>
2025-08-17T15:24:11.1707579Z 
2025-08-17T15:24:11.1707685Z # common.config
2025-08-17T15:24:11.1707854Z 
2025-08-17T15:24:11.1707974Z <a id="common.base"></a>
2025-08-17T15:24:11.1708159Z 
2025-08-17T15:24:11.1708291Z # common.base
2025-08-17T15:24:11.1708445Z 
2025-08-17T15:24:11.1708562Z <a id="common.base.Base"></a>
2025-08-17T15:24:11.1708782Z 
2025-08-17T15:24:11.1708877Z ## Base Objects
2025-08-17T15:24:11.1709021Z 
2025-08-17T15:24:11.1709119Z ```python
2025-08-17T15:24:11.1709366Z class Base(DeclarativeBase)
2025-08-17T15:24:11.1709652Z ```
2025-08-17T15:24:11.1709771Z 
2025-08-17T15:24:11.1709891Z Base class for SQLAlchemy models.
2025-08-17T15:24:11.1710122Z 
2025-08-17T15:24:11.1710228Z <a id="repricer"></a>
2025-08-17T15:24:11.1710401Z 
2025-08-17T15:24:11.1710491Z # repricer
2025-08-17T15:24:11.1710629Z 
2025-08-17T15:24:11.1710758Z <a id="repricer.app.schemas"></a>
2025-08-17T15:24:11.1710991Z 
2025-08-17T15:24:11.1711114Z # repricer.app.schemas
2025-08-17T15:24:11.1711312Z 
2025-08-17T15:24:11.1711437Z <a id="repricer.app.deps"></a>
2025-08-17T15:24:11.1711665Z 
2025-08-17T15:24:11.1711775Z # repricer.app.deps
2025-08-17T15:24:11.1711941Z 
2025-08-17T15:24:11.1712129Z Placeholder module for Keepa / SP-API clients.
2025-08-17T15:24:11.1712671Z 
2025-08-17T15:24:11.1712796Z <a id="repricer.app.logic"></a>
2025-08-17T15:24:11.1713012Z 
2025-08-17T15:24:11.1713127Z # repricer.app.logic
2025-08-17T15:24:11.1713300Z 
2025-08-17T15:24:11.1713440Z <a id="repricer.app.logic.MIN_MARGIN"></a>
2025-08-17T15:24:11.1713720Z 
2025-08-17T15:24:11.1713819Z #### MIN\_MARGIN
2025-08-17T15:24:11.1713984Z 
2025-08-17T15:24:11.1714078Z 15 % ROI
2025-08-17T15:24:11.1714215Z 
2025-08-17T15:24:11.1714371Z <a id="repricer.app.logic.compute_price"></a>
2025-08-17T15:24:11.1714649Z 
2025-08-17T15:24:11.1714869Z #### compute\_price
2025-08-17T15:24:11.1715031Z 
2025-08-17T15:24:11.1715123Z ```python
2025-08-17T15:24:11.1715499Z def compute_price(asin: str, cost: Decimal, fees: Decimal) -> Decimal
2025-08-17T15:24:11.1715978Z ```
2025-08-17T15:24:11.1716114Z 
2025-08-17T15:24:11.1716276Z Toy algorithm: ensure 15 % ROI and round to cents.
2025-08-17T15:24:11.1716685Z Replace with real competitive logic later.
2025-08-17T15:24:11.1717318Z 
2025-08-17T15:24:11.1717468Z <a id="repricer.app.main"></a>
2025-08-17T15:24:11.1717703Z 
2025-08-17T15:24:11.1717822Z # repricer.app.main
2025-08-17T15:24:11.1717997Z 
2025-08-17T15:24:11.1718117Z <a id="repricer.app"></a>
2025-08-17T15:24:11.1718317Z 
2025-08-17T15:24:11.1718419Z # repricer.app
2025-08-17T15:24:11.1718567Z 
2025-08-17T15:24:11.1718696Z <a id="repricer.tests.test_imports"></a>
2025-08-17T15:24:11.1718962Z 
2025-08-17T15:24:11.1719078Z # repricer.tests.test\_imports
2025-08-17T15:24:11.1719288Z 
2025-08-17T15:24:11.1719429Z <a id="repricer.tests.test_smoke"></a>
2025-08-17T15:24:11.1719672Z 
2025-08-17T15:24:11.1719794Z # repricer.tests.test\_smoke
2025-08-17T15:24:11.1720003Z 
2025-08-17T15:24:11.1720112Z <a id="repricer.tests"></a>
2025-08-17T15:24:11.1720301Z 
2025-08-17T15:24:11.1720400Z # repricer.tests
2025-08-17T15:24:11.1720567Z 
2025-08-17T15:24:11.1720662Z <a id="db"></a>
2025-08-17T15:24:11.1720815Z 
2025-08-17T15:24:11.1720909Z # db
2025-08-17T15:24:11.1721033Z 
2025-08-17T15:24:11.1721148Z <a id="db.utils.views"></a>
2025-08-17T15:24:11.1721353Z 
2025-08-17T15:24:11.1721456Z # db.utils.views
2025-08-17T15:24:11.1721606Z 
2025-08-17T15:24:11.1721745Z <a id="db.utils.views.replace_view"></a>
2025-08-17T15:24:11.1722015Z 
2025-08-17T15:24:11.1722116Z #### replace\_view
2025-08-17T15:24:11.1722269Z 
2025-08-17T15:24:11.1722362Z ```python
2025-08-17T15:24:11.1722651Z def replace_view(name: str, new_sql: str) -> None
2025-08-17T15:24:11.1723023Z ```
2025-08-17T15:24:11.1723139Z 
2025-08-17T15:24:11.1723272Z Drop and recreate a SQL view atomically.
2025-08-17T15:24:11.1723534Z 
2025-08-17T15:24:11.1723648Z <a id="db.utils"></a>
2025-08-17T15:24:11.1723820Z 
2025-08-17T15:24:11.1723910Z # db.utils
2025-08-17T15:24:11.1724046Z 
2025-08-17T15:24:11.1724158Z <a id="price_importer"></a>
2025-08-17T15:24:11.1724342Z 
2025-08-17T15:24:11.1724449Z # price\_importer
2025-08-17T15:24:11.1724600Z 
2025-08-17T15:24:11.1724751Z <a id="price_importer.services_common.dsn"></a>
2025-08-17T15:24:11.1725038Z 
2025-08-17T15:24:11.1725187Z # price\_importer.services\_common.dsn
2025-08-17T15:24:11.1725432Z 
2025-08-17T15:24:11.1725614Z <a id="price_importer.services_common.dsn.build_dsn"></a>
2025-08-17T15:24:11.1725927Z 
2025-08-17T15:24:11.1726025Z #### build\_dsn
2025-08-17T15:24:11.1726167Z 
2025-08-17T15:24:11.1726263Z ```python
2025-08-17T15:24:11.1726514Z def build_dsn(sync: bool = True) -> str
2025-08-17T15:24:11.1727050Z ```
2025-08-17T15:24:11.1727188Z 
2025-08-17T15:24:11.1727300Z Return safe DSN.
2025-08-17T15:24:11.1727483Z 
2025-08-17T15:24:11.1727874Z sync=True → SQLAlchemy (+psycopg) else plain asyncpg.
2025-08-17T15:24:11.1728082Z 
2025-08-17T15:24:11.1728210Z <a id="price_importer.services_common.models_vendor"></a>
2025-08-17T15:24:11.1728420Z 
2025-08-17T15:24:11.1728528Z # price\_importer.services\_common.models\_vendor
2025-08-17T15:24:11.1728715Z 
2025-08-17T15:24:11.1728828Z <a id="price_importer.services_common.db_url"></a>
2025-08-17T15:24:11.1729011Z 
2025-08-17T15:24:11.1729114Z # price\_importer.services\_common.db\_url
2025-08-17T15:24:11.1729448Z 
2025-08-17T15:24:11.1729579Z <a id="price_importer.services_common.db_url.build_url"></a>
2025-08-17T15:24:11.1729789Z 
2025-08-17T15:24:11.1729856Z #### build\_url
2025-08-17T15:24:11.1729960Z 
2025-08-17T15:24:11.1730023Z ```python
2025-08-17T15:24:11.1730196Z def build_url(async_: bool = True) -> str
2025-08-17T15:24:11.1730415Z ```
2025-08-17T15:24:11.1730493Z 
2025-08-17T15:24:11.1730595Z Return Postgres DSN from env or PG_* parts.
2025-08-17T15:24:11.1730775Z 
2025-08-17T15:24:11.1730877Z <a id="price_importer.services_common.keepa"></a>
2025-08-17T15:24:11.1731063Z 
2025-08-17T15:24:11.1731156Z # price\_importer.services\_common.keepa
2025-08-17T15:24:11.1731322Z 
2025-08-17T15:24:11.1731427Z <a id="price_importer.services_common.llm"></a>
2025-08-17T15:24:11.1731607Z 
2025-08-17T15:24:11.1731696Z # price\_importer.services\_common.llm
2025-08-17T15:24:11.1731855Z 
2025-08-17T15:24:11.1732089Z <a id="price_importer.services_common.settings"></a>
2025-08-17T15:24:11.1732287Z 
2025-08-17T15:24:11.1732382Z # price\_importer.services\_common.settings
2025-08-17T15:24:11.1732555Z 
2025-08-17T15:24:11.1732655Z <a id="price_importer.services_common.db"></a>
2025-08-17T15:24:11.1732828Z 
2025-08-17T15:24:11.1732920Z # price\_importer.services\_common.db
2025-08-17T15:24:11.1733078Z 
2025-08-17T15:24:11.1733232Z <a id="price_importer.services_common.db.build_sqlalchemy_url"></a>
2025-08-17T15:24:11.1733469Z 
2025-08-17T15:24:11.1733552Z #### build\_sqlalchemy\_url
2025-08-17T15:24:11.1733680Z 
2025-08-17T15:24:11.1733743Z ```python
2025-08-17T15:24:11.1733915Z def build_sqlalchemy_url() -> str
2025-08-17T15:24:11.1734116Z ```
2025-08-17T15:24:11.1734202Z 
2025-08-17T15:24:11.1734294Z Return Postgres URL for SQLAlchemy engines.
2025-08-17T15:24:11.1734462Z 
2025-08-17T15:24:11.1734610Z <a id="price_importer.services_common.db.build_asyncpg_dsn"></a>
2025-08-17T15:24:11.1734831Z 
2025-08-17T15:24:11.1734905Z #### build\_asyncpg\_dsn
2025-08-17T15:24:11.1735039Z 
2025-08-17T15:24:11.1735106Z ```python
2025-08-17T15:24:11.1735271Z def build_asyncpg_dsn() -> str
2025-08-17T15:24:11.1735475Z ```
2025-08-17T15:24:11.1735553Z 
2025-08-17T15:24:11.1735678Z Return DSN suitable for asyncpg (without driver suffix).
2025-08-17T15:24:11.1735892Z 
2025-08-17T15:24:11.1736016Z <a id="price_importer.services_common.db.refresh_mvs"></a>
2025-08-17T15:24:11.1736219Z 
2025-08-17T15:24:11.1736290Z #### refresh\_mvs
2025-08-17T15:24:11.1736395Z 
2025-08-17T15:24:11.1736457Z ```python
2025-08-17T15:24:11.1736650Z def refresh_mvs(conn: Engine | Connection) -> None
2025-08-17T15:24:11.1737118Z ```
2025-08-17T15:24:11.1737208Z 
2025-08-17T15:24:11.1737343Z Refresh materialized views, using CONCURRENTLY when safe.
2025-08-17T15:24:11.1737557Z 
2025-08-17T15:24:11.1737656Z <a id="price_importer.services_common"></a>
2025-08-17T15:24:11.1737825Z 
2025-08-17T15:24:11.1737911Z # price\_importer.services\_common
2025-08-17T15:24:11.1738063Z 
2025-08-17T15:24:11.1738176Z <a id="price_importer.services_common.base"></a>
2025-08-17T15:24:11.1738362Z 
2025-08-17T15:24:11.1738450Z # price\_importer.services\_common.base
2025-08-17T15:24:11.1738616Z 
2025-08-17T15:24:11.1738703Z <a id="price_importer.normaliser"></a>
2025-08-17T15:24:11.1738864Z 
2025-08-17T15:24:11.1738950Z # price\_importer.normaliser
2025-08-17T15:24:11.1739084Z 
2025-08-17T15:24:11.1739190Z <a id="price_importer.common.models_vendor"></a>
2025-08-17T15:24:11.1739368Z 
2025-08-17T15:24:11.1739462Z # price\_importer.common.models\_vendor
2025-08-17T15:24:11.1739621Z 
2025-08-17T15:24:11.1739709Z <a id="price_importer.common.db_url"></a>
2025-08-17T15:24:11.1739880Z 
2025-08-17T15:24:11.1739966Z # price\_importer.common.db\_url
2025-08-17T15:24:11.1740112Z 
2025-08-17T15:24:11.1740227Z <a id="price_importer.common.db_url.make_dsn"></a>
2025-08-17T15:24:11.1740415Z 
2025-08-17T15:24:11.1740480Z #### make\_dsn
2025-08-17T15:24:11.1740578Z 
2025-08-17T15:24:11.1740654Z ```python
2025-08-17T15:24:11.1740827Z def make_dsn(async_: bool = False) -> str
2025-08-17T15:24:11.1741187Z ```
2025-08-17T15:24:11.1741270Z 
2025-08-17T15:24:11.1741389Z Return DSN built from either PG_* or POSTGRES_* vars.
2025-08-17T15:24:11.1741593Z 
2025-08-17T15:24:11.1741699Z <a id="price_importer.common.db_url.build_url"></a>
2025-08-17T15:24:11.1741887Z 
2025-08-17T15:24:11.1741956Z #### build\_url
2025-08-17T15:24:11.1742054Z 
2025-08-17T15:24:11.1742118Z ```python
2025-08-17T15:24:11.1742293Z def build_url(async_: bool = False) -> str
2025-08-17T15:24:11.1742513Z ```
2025-08-17T15:24:11.1742599Z 
2025-08-17T15:24:11.1742717Z Return Postgres DSN built from environment variables.
2025-08-17T15:24:11.1742911Z 
2025-08-17T15:24:11.1743001Z <a id="price_importer.common"></a>
2025-08-17T15:24:11.1743152Z 
2025-08-17T15:24:11.1743229Z # price\_importer.common
2025-08-17T15:24:11.1743355Z 
2025-08-17T15:24:11.1743450Z <a id="price_importer.common.base"></a>
2025-08-17T15:24:11.1743615Z 
2025-08-17T15:24:11.1743697Z # price\_importer.common.base
2025-08-17T15:24:11.1743952Z 
2025-08-17T15:24:11.1744055Z <a id="price_importer.tests.conftest"></a>
2025-08-17T15:24:11.1744228Z 
2025-08-17T15:24:11.1744320Z # price\_importer.tests.conftest
2025-08-17T15:24:11.1744469Z 
2025-08-17T15:24:11.1744568Z <a id="price_importer.tests.test_reader"></a>
2025-08-17T15:24:11.1744741Z 
2025-08-17T15:24:11.1744833Z # price\_importer.tests.test\_reader
2025-08-17T15:24:11.1744987Z 
2025-08-17T15:24:11.1745088Z <a id="price_importer.tests.test_imports"></a>
2025-08-17T15:24:11.1745269Z 
2025-08-17T15:24:11.1745355Z # price\_importer.tests.test\_imports
2025-08-17T15:24:11.1745512Z 
2025-08-17T15:24:11.1745612Z <a id="price_importer.tests.test_smoke"></a>
2025-08-17T15:24:11.1745782Z 
2025-08-17T15:24:11.1745867Z # price\_importer.tests.test\_smoke
2025-08-17T15:24:11.1746020Z 
2025-08-17T15:24:11.1746134Z <a id="price_importer.tests.test_normaliser"></a>
2025-08-17T15:24:11.1746317Z 
2025-08-17T15:24:11.1746406Z # price\_importer.tests.test\_normaliser
2025-08-17T15:24:11.1746579Z 
2025-08-17T15:24:11.1746662Z <a id="price_importer.tests"></a>
2025-08-17T15:24:11.1746983Z 
2025-08-17T15:24:11.1747108Z # price\_importer.tests
2025-08-17T15:24:11.1747233Z 
2025-08-17T15:24:11.1747319Z <a id="price_importer.reader"></a>
2025-08-17T15:24:11.1747475Z 
2025-08-17T15:24:11.1747559Z # price\_importer.reader
2025-08-17T15:24:11.1747685Z 
2025-08-17T15:24:11.1747778Z <a id="price_importer.repository"></a>
2025-08-17T15:24:11.1747945Z 
2025-08-17T15:24:11.1748027Z # price\_importer.repository
2025-08-17T15:24:11.1748163Z 
2025-08-17T15:24:11.1748247Z <a id="price_importer.import"></a>
2025-08-17T15:24:11.1748398Z 
2025-08-17T15:24:11.1748473Z # price\_importer.import
2025-08-17T15:24:11.1748593Z 
2025-08-17T15:24:11.1748669Z <a id="fees_h10"></a>
2025-08-17T15:24:11.1748783Z 
2025-08-17T15:24:11.1748846Z # fees\_h10
2025-08-17T15:24:11.1748942Z 
2025-08-17T15:24:11.1749019Z <a id="fees_h10.worker"></a>
2025-08-17T15:24:11.1749148Z 
2025-08-17T15:24:11.1749216Z # fees\_h10.worker
2025-08-17T15:24:11.1749332Z 
2025-08-17T15:24:11.1749432Z <a id="fees_h10.worker.list_active_asins"></a>
2025-08-17T15:24:11.1749604Z 
2025-08-17T15:24:11.1749682Z #### list\_active\_asins
2025-08-17T15:24:11.1749800Z 
2025-08-17T15:24:11.1749865Z ```python
2025-08-17T15:24:11.1750038Z def list_active_asins() -> list[str]
2025-08-17T15:24:11.1750243Z ```
2025-08-17T15:24:11.1750329Z 
2025-08-17T15:24:11.1750445Z Return known ASINs or an empty list if unavailable.
2025-08-17T15:24:11.1750638Z 
2025-08-17T15:24:11.1750723Z <a id="fees_h10.tests.test_smoke"></a>
2025-08-17T15:24:11.1750885Z 
2025-08-17T15:24:11.1750964Z # fees\_h10.tests.test\_smoke
2025-08-17T15:24:11.1751099Z 
2025-08-17T15:24:11.1751181Z <a id="fees_h10.tests"></a>
2025-08-17T15:24:11.1751309Z 
2025-08-17T15:24:11.1751378Z # fees\_h10.tests
2025-08-17T15:24:11.1751487Z 
2025-08-17T15:24:11.1751561Z <a id="fees_h10.client"></a>
2025-08-17T15:24:11.1751694Z 
2025-08-17T15:24:11.1751761Z # fees\_h10.client
2025-08-17T15:24:11.1751872Z 
2025-08-17T15:24:11.1751957Z <a id="fees_h10.repository"></a>
2025-08-17T15:24:11.1752227Z 
2025-08-17T15:24:11.1752306Z # fees\_h10.repository
2025-08-17T15:24:11.1752421Z 
2025-08-17T15:24:11.1752489Z <a id="emailer"></a>
2025-08-17T15:24:11.1752604Z 
2025-08-17T15:24:11.1752666Z # emailer
2025-08-17T15:24:11.1752752Z 
2025-08-17T15:24:11.1752855Z <a id="emailer.tests.test_import_emailer"></a>
2025-08-17T15:24:11.1753038Z 
2025-08-17T15:24:11.1753124Z # emailer.tests.test\_import\_emailer
2025-08-17T15:24:11.1753282Z 
2025-08-17T15:24:11.1753369Z <a id="emailer.tests.test_smoke"></a>
2025-08-17T15:24:11.1753523Z 
2025-08-17T15:24:11.1753605Z # emailer.tests.test\_smoke
2025-08-17T15:24:11.1753743Z 
2025-08-17T15:24:11.1753818Z <a id="emailer.tests"></a>
2025-08-17T15:24:11.1753946Z 
2025-08-17T15:24:11.1754011Z # emailer.tests
2025-08-17T15:24:11.1754120Z 
2025-08-17T15:24:11.1754201Z <a id="emailer.generate_body"></a>
2025-08-17T15:24:11.1754354Z 
2025-08-17T15:24:11.1754433Z # emailer.generate\_body
2025-08-17T15:24:11.1754555Z 
2025-08-17T15:24:11.1754740Z <a id="llm_server"></a>
2025-08-17T15:24:11.1754868Z 
2025-08-17T15:24:11.1754938Z # llm\_server
2025-08-17T15:24:11.1755034Z 
2025-08-17T15:24:11.1755110Z <a id="llm_server.app"></a>
2025-08-17T15:24:11.1755243Z 
2025-08-17T15:24:11.1755308Z # llm\_server.app
2025-08-17T15:24:11.1755411Z 
2025-08-17T15:24:11.2242391Z ##[group]Run peaceiris/actions-gh-pages@v3
2025-08-17T15:24:11.2242698Z with:
2025-08-17T15:24:11.2243163Z   github_token: ***
2025-08-17T15:24:11.2243365Z   publish_branch: gh-pages
2025-08-17T15:24:11.2243583Z   publish_dir: docs/api
2025-08-17T15:24:11.2243787Z   allow_empty_commit: false
2025-08-17T15:24:11.2244000Z   keep_files: false
2025-08-17T15:24:11.2244184Z   force_orphan: false
2025-08-17T15:24:11.2244369Z   enable_jekyll: false
2025-08-17T15:24:11.2244563Z   disable_nojekyll: false
2025-08-17T15:24:11.2244760Z   exclude_assets: .github
2025-08-17T15:24:11.2244953Z env:
2025-08-17T15:24:11.2245175Z   pythonLocation: /opt/hostedtoolcache/Python/3.11.13/x64
2025-08-17T15:24:11.2245573Z   PKG_CONFIG_PATH: /opt/hostedtoolcache/Python/3.11.13/x64/lib/pkgconfig
2025-08-17T15:24:11.2245985Z   Python_ROOT_DIR: /opt/hostedtoolcache/Python/3.11.13/x64
2025-08-17T15:24:11.2246319Z   Python2_ROOT_DIR: /opt/hostedtoolcache/Python/3.11.13/x64
2025-08-17T15:24:11.2246685Z   Python3_ROOT_DIR: /opt/hostedtoolcache/Python/3.11.13/x64
2025-08-17T15:24:11.2247323Z   LD_LIBRARY_PATH: /opt/hostedtoolcache/Python/3.11.13/x64/lib
2025-08-17T15:24:11.2247628Z ##[endgroup]
2025-08-17T15:24:11.2895068Z [INFO] Usage https://github.com/peaceiris/actions-gh-pages#readme
2025-08-17T15:24:11.2900667Z ##[group]Dump inputs
2025-08-17T15:24:11.2901052Z [INFO] GithubToken: true
2025-08-17T15:24:11.2901408Z [INFO] PublishBranch: gh-pages
2025-08-17T15:24:11.2901733Z [INFO] PublishDir: docs/api
2025-08-17T15:24:11.2902091Z [INFO] DestinationDir: 
2025-08-17T15:24:11.2902424Z [INFO] ExternalRepository: 
2025-08-17T15:24:11.2902807Z [INFO] AllowEmptyCommit: false
2025-08-17T15:24:11.2903060Z [INFO] KeepFiles: false
2025-08-17T15:24:11.2903322Z [INFO] ForceOrphan: false
2025-08-17T15:24:11.2903536Z [INFO] UserName: 
2025-08-17T15:24:11.2903747Z [INFO] UserEmail: 
2025-08-17T15:24:11.2904056Z [INFO] CommitMessage: 
2025-08-17T15:24:11.2904385Z [INFO] FullCommitMessage: 
2025-08-17T15:24:11.2904720Z [INFO] TagName: 
2025-08-17T15:24:11.2905007Z [INFO] TagMessage: 
2025-08-17T15:24:11.2905325Z [INFO] EnableJekyll (DisableNoJekyll): false
2025-08-17T15:24:11.2905603Z [INFO] CNAME: 
2025-08-17T15:24:11.2905872Z [INFO] ExcludeAssets .github
2025-08-17T15:24:11.2906117Z 
2025-08-17T15:24:11.2906491Z ##[endgroup]
2025-08-17T15:24:11.2907160Z ##[group]Setup auth token
2025-08-17T15:24:11.2907483Z [INFO] setup GITHUB_TOKEN
2025-08-17T15:24:11.2908658Z ##[endgroup]
2025-08-17T15:24:11.2909050Z ##[group]Prepare publishing assets
2025-08-17T15:24:11.2911380Z [INFO] ForceOrphan: false
2025-08-17T15:24:11.2962597Z [command]/usr/bin/git clone --depth=1 --single-branch --branch gh-pages ***github.com/AlexBomber12/AWA-App.git /home/runner/actions_github_pages_1755444251290
2025-08-17T15:24:11.2999965Z Cloning into '/home/runner/actions_github_pages_1755444251290'...
2025-08-17T15:24:11.5239127Z [INFO] clean up /home/runner/actions_github_pages_1755444251290
2025-08-17T15:24:11.5239844Z [INFO] chdir /home/runner/actions_github_pages_1755444251290
2025-08-17T15:24:11.5257589Z [command]/usr/bin/git rm -r --ignore-unmatch *
2025-08-17T15:24:11.5288508Z rm '.gitkeep'
2025-08-17T15:24:11.5288823Z rm '.nojekyll'
2025-08-17T15:24:11.5294104Z [INFO] chdir /home/runner/actions_github_pages_1755444251290
2025-08-17T15:24:11.5295003Z [INFO] prepare publishing assets
2025-08-17T15:24:11.5296468Z [INFO] copy /home/runner/work/AWA-App/AWA-App/docs/api to /home/runner/actions_github_pages_1755444251290
2025-08-17T15:24:11.5327192Z cp: no such file or directory: /home/runner/work/AWA-App/AWA-App/docs/api/*
2025-08-17T15:24:11.5337809Z [INFO] delete excluded assets
2025-08-17T15:24:11.5369245Z rm: no paths given
2025-08-17T15:24:11.5371830Z [INFO] Created /home/runner/actions_github_pages_1755444251290/.nojekyll
2025-08-17T15:24:11.5373776Z ##[endgroup]
2025-08-17T15:24:11.5374346Z ##[group]Setup Git config
2025-08-17T15:24:11.5393022Z [command]/usr/bin/git remote rm origin
2025-08-17T15:24:11.5457039Z [command]/usr/bin/git remote add origin ***github.com/AlexBomber12/AWA-App.git
2025-08-17T15:24:11.5501634Z [command]/usr/bin/git add --all
2025-08-17T15:24:11.5550703Z [command]/usr/bin/git config user.name AlexBomber12
2025-08-17T15:24:11.5593899Z [command]/usr/bin/git config user.email AlexBomber12@users.noreply.github.com
2025-08-17T15:24:11.5623451Z ##[endgroup]
2025-08-17T15:24:11.5624016Z ##[group]Create a commit
2025-08-17T15:24:11.5641097Z [command]/usr/bin/git commit -m deploy: d077db95f380aef09494540325f7f5d67c2fc186
2025-08-17T15:24:11.5671504Z On branch gh-pages
2025-08-17T15:24:11.5671896Z nothing to commit, working tree clean
2025-08-17T15:24:11.5676441Z [INFO] skip commit
2025-08-17T15:24:11.5677466Z ##[endgroup]
2025-08-17T15:24:11.5677957Z ##[group]Push the commit or tag
2025-08-17T15:24:11.5690549Z [command]/usr/bin/git push origin gh-pages
2025-08-17T15:24:11.8074770Z Everything up-to-date
2025-08-17T15:24:11.8114687Z ##[endgroup]
2025-08-17T15:24:11.8115100Z [INFO] Action successfully completed
2025-08-17T15:24:11.8209191Z Post job cleanup.
2025-08-17T15:24:11.9869969Z Post job cleanup.
2025-08-17T15:24:12.0833560Z [command]/usr/bin/git version
2025-08-17T15:24:12.0872861Z git version 2.50.1
2025-08-17T15:24:12.0918365Z Temporarily overriding HOME='/home/runner/work/_temp/ae56281e-e996-4f47-b898-6c9c602f0455' before making global git config changes
2025-08-17T15:24:12.0919718Z Adding repository directory to the temporary git global config as a safe directory
2025-08-17T15:24:12.0924623Z [command]/usr/bin/git config --global --add safe.directory /home/runner/work/AWA-App/AWA-App
2025-08-17T15:24:12.0965733Z [command]/usr/bin/git config --local --name-only --get-regexp core\.sshCommand
2025-08-17T15:24:12.1001524Z [command]/usr/bin/git submodule foreach --recursive sh -c "git config --local --name-only --get-regexp 'core\.sshCommand' && git config --local --unset-all 'core.sshCommand' || :"
2025-08-17T15:24:12.1239713Z [command]/usr/bin/git config --local --name-only --get-regexp http\.https\:\/\/github\.com\/\.extraheader
2025-08-17T15:24:12.1264276Z http.https://github.com/.extraheader
2025-08-17T15:24:12.1278305Z [command]/usr/bin/git config --local --unset-all http.https://github.com/.extraheader
2025-08-17T15:24:12.1312722Z [command]/usr/bin/git submodule foreach --recursive sh -c "git config --local --name-only --get-regexp 'http\.https\:\/\/github\.com\/\.extraheader' && git config --local --unset-all 'http.https://github.com/.extraheader' || :"
2025-08-17T15:24:12.1659693Z Cleaning up orphan processes
