2025-08-19T10:52:14.4501173Z Current runner version: '2.327.1'
2025-08-19T10:52:14.4535511Z ##[group]Runner Image Provisioner
2025-08-19T10:52:14.4536783Z Hosted Compute Agent
2025-08-19T10:52:14.4537618Z Version: 20250818.377
2025-08-19T10:52:14.4538805Z Commit: 3c593e9f75fe0b87e893bca80d6e12ba089c61fc
2025-08-19T10:52:14.4539973Z Build Date: 2025-08-18T14:52:18Z
2025-08-19T10:52:14.4540939Z ##[endgroup]
2025-08-19T10:52:14.4541793Z ##[group]Operating System
2025-08-19T10:52:14.4542764Z Ubuntu
2025-08-19T10:52:14.4543472Z 24.04.2
2025-08-19T10:52:14.4544202Z LTS
2025-08-19T10:52:14.4545031Z ##[endgroup]
2025-08-19T10:52:14.4545794Z ##[group]Runner Image
2025-08-19T10:52:14.4546689Z Image: ubuntu-24.04
2025-08-19T10:52:14.4547414Z Version: 20250810.1.0
2025-08-19T10:52:14.4549443Z Included Software: https://github.com/actions/runner-images/blob/ubuntu24/20250810.1/images/ubuntu/Ubuntu2404-Readme.md
2025-08-19T10:52:14.4551977Z Image Release: https://github.com/actions/runner-images/releases/tag/ubuntu24%2F20250810.1
2025-08-19T10:52:14.4553658Z ##[endgroup]
2025-08-19T10:52:14.4557889Z ##[group]GITHUB_TOKEN Permissions
2025-08-19T10:52:14.4560830Z Actions: write
2025-08-19T10:52:14.4561701Z Attestations: write
2025-08-19T10:52:14.4562531Z Checks: write
2025-08-19T10:52:14.4563315Z Contents: write
2025-08-19T10:52:14.4564090Z Deployments: write
2025-08-19T10:52:14.4565073Z Discussions: write
2025-08-19T10:52:14.4565872Z Issues: write
2025-08-19T10:52:14.4566560Z Metadata: read
2025-08-19T10:52:14.4567436Z Models: read
2025-08-19T10:52:14.4568476Z Packages: write
2025-08-19T10:52:14.4569346Z Pages: write
2025-08-19T10:52:14.4570148Z PullRequests: write
2025-08-19T10:52:14.4571088Z RepositoryProjects: write
2025-08-19T10:52:14.4571965Z SecurityEvents: write
2025-08-19T10:52:14.4573020Z Statuses: write
2025-08-19T10:52:14.4573798Z ##[endgroup]
2025-08-19T10:52:14.4576622Z Secret source: Actions
2025-08-19T10:52:14.4577809Z Prepare workflow directory
2025-08-19T10:52:14.5034991Z Prepare all required actions
2025-08-19T10:52:14.5091622Z Getting action download info
2025-08-19T10:52:14.8162195Z Download action repository 'actions/checkout@v4' (SHA:08eba0b27e820071cde6df949e0beb9ba4906955)
2025-08-19T10:52:15.0470966Z Download action repository 'actions/setup-python@v5' (SHA:a26af69be951a213d495a4c3e4e4022e16d87065)
2025-08-19T10:52:15.2697008Z Download action repository 'peaceiris/actions-gh-pages@v3' (SHA:373f7f263a76c20808c831209c920827a82a2847)
2025-08-19T10:52:15.6552931Z Complete job name: publish
2025-08-19T10:52:15.7305152Z ##[group]Run actions/checkout@v4
2025-08-19T10:52:15.7306370Z with:
2025-08-19T10:52:15.7307072Z   repository: AlexBomber12/AWA-App
2025-08-19T10:52:15.7308371Z   token: ***
2025-08-19T10:52:15.7309063Z   ssh-strict: true
2025-08-19T10:52:15.7309762Z   ssh-user: git
2025-08-19T10:52:15.7310481Z   persist-credentials: true
2025-08-19T10:52:15.7311275Z   clean: true
2025-08-19T10:52:15.7311995Z   sparse-checkout-cone-mode: true
2025-08-19T10:52:15.7312869Z   fetch-depth: 1
2025-08-19T10:52:15.7313552Z   fetch-tags: false
2025-08-19T10:52:15.7314292Z   show-progress: true
2025-08-19T10:52:15.7315023Z   lfs: false
2025-08-19T10:52:15.7315684Z   submodules: false
2025-08-19T10:52:15.7316414Z   set-safe-directory: true
2025-08-19T10:52:15.7317477Z ##[endgroup]
2025-08-19T10:52:15.8418790Z Syncing repository: AlexBomber12/AWA-App
2025-08-19T10:52:15.8421416Z ##[group]Getting Git version info
2025-08-19T10:52:15.8422720Z Working directory is '/home/runner/work/AWA-App/AWA-App'
2025-08-19T10:52:15.8424501Z [command]/usr/bin/git version
2025-08-19T10:52:15.8457612Z git version 2.50.1
2025-08-19T10:52:15.8483456Z ##[endgroup]
2025-08-19T10:52:15.8497653Z Temporarily overriding HOME='/home/runner/work/_temp/c145b001-35e5-4ffa-a18b-76229afa6d96' before making global git config changes
2025-08-19T10:52:15.8501370Z Adding repository directory to the temporary git global config as a safe directory
2025-08-19T10:52:15.8503934Z [command]/usr/bin/git config --global --add safe.directory /home/runner/work/AWA-App/AWA-App
2025-08-19T10:52:15.8535365Z Deleting the contents of '/home/runner/work/AWA-App/AWA-App'
2025-08-19T10:52:15.8538673Z ##[group]Initializing the repository
2025-08-19T10:52:15.8542775Z [command]/usr/bin/git init /home/runner/work/AWA-App/AWA-App
2025-08-19T10:52:15.8602966Z hint: Using 'master' as the name for the initial branch. This default branch name
2025-08-19T10:52:15.8606255Z hint: is subject to change. To configure the initial branch name to use in all
2025-08-19T10:52:15.8608447Z hint: of your new repositories, which will suppress this warning, call:
2025-08-19T10:52:15.8609922Z hint:
2025-08-19T10:52:15.8611173Z hint: 	git config --global init.defaultBranch <name>
2025-08-19T10:52:15.8612581Z hint:
2025-08-19T10:52:15.8613738Z hint: Names commonly chosen instead of 'master' are 'main', 'trunk' and
2025-08-19T10:52:15.8615748Z hint: 'development'. The just-created branch can be renamed via this command:
2025-08-19T10:52:15.8617666Z hint:
2025-08-19T10:52:15.8618562Z hint: 	git branch -m <name>
2025-08-19T10:52:15.8619328Z hint:
2025-08-19T10:52:15.8620384Z hint: Disable this message with "git config set advice.defaultBranchName false"
2025-08-19T10:52:15.8622124Z Initialized empty Git repository in /home/runner/work/AWA-App/AWA-App/.git/
2025-08-19T10:52:15.8624833Z [command]/usr/bin/git remote add origin https://github.com/AlexBomber12/AWA-App
2025-08-19T10:52:15.8650284Z ##[endgroup]
2025-08-19T10:52:15.8651537Z ##[group]Disabling automatic garbage collection
2025-08-19T10:52:15.8653534Z [command]/usr/bin/git config --local gc.auto 0
2025-08-19T10:52:15.8682306Z ##[endgroup]
2025-08-19T10:52:15.8683556Z ##[group]Setting up auth
2025-08-19T10:52:15.8689141Z [command]/usr/bin/git config --local --name-only --get-regexp core\.sshCommand
2025-08-19T10:52:15.8723708Z [command]/usr/bin/git submodule foreach --recursive sh -c "git config --local --name-only --get-regexp 'core\.sshCommand' && git config --local --unset-all 'core.sshCommand' || :"
2025-08-19T10:52:15.9001686Z [command]/usr/bin/git config --local --name-only --get-regexp http\.https\:\/\/github\.com\/\.extraheader
2025-08-19T10:52:15.9032622Z [command]/usr/bin/git submodule foreach --recursive sh -c "git config --local --name-only --get-regexp 'http\.https\:\/\/github\.com\/\.extraheader' && git config --local --unset-all 'http.https://github.com/.extraheader' || :"
2025-08-19T10:52:15.9263849Z [command]/usr/bin/git config --local http.https://github.com/.extraheader AUTHORIZATION: basic ***
2025-08-19T10:52:15.9300616Z ##[endgroup]
2025-08-19T10:52:15.9307824Z ##[group]Fetching the repository
2025-08-19T10:52:15.9311547Z [command]/usr/bin/git -c protocol.version=2 fetch --no-tags --prune --no-recurse-submodules --depth=1 origin +966755ce9e8f5b06d475de9d66911f55bb53e5fb:refs/remotes/pull/273/merge
2025-08-19T10:52:16.1827779Z From https://github.com/AlexBomber12/AWA-App
2025-08-19T10:52:16.1832788Z  * [new ref]         966755ce9e8f5b06d475de9d66911f55bb53e5fb -> pull/273/merge
2025-08-19T10:52:16.1857081Z ##[endgroup]
2025-08-19T10:52:16.1859210Z ##[group]Determining the checkout info
2025-08-19T10:52:16.1860973Z ##[endgroup]
2025-08-19T10:52:16.1864319Z [command]/usr/bin/git sparse-checkout disable
2025-08-19T10:52:16.1903897Z [command]/usr/bin/git config --local --unset-all extensions.worktreeConfig
2025-08-19T10:52:16.1933127Z ##[group]Checking out the ref
2025-08-19T10:52:16.1935847Z [command]/usr/bin/git checkout --progress --force refs/remotes/pull/273/merge
2025-08-19T10:52:16.2222492Z Note: switching to 'refs/remotes/pull/273/merge'.
2025-08-19T10:52:16.2224000Z 
2025-08-19T10:52:16.2225410Z You are in 'detached HEAD' state. You can look around, make experimental
2025-08-19T10:52:16.2228688Z changes and commit them, and you can discard any commits you make in this
2025-08-19T10:52:16.2230595Z state without impacting any branches by switching back to a branch.
2025-08-19T10:52:16.2231673Z 
2025-08-19T10:52:16.2232650Z If you want to create a new branch to retain commits you create, you may
2025-08-19T10:52:16.2234648Z do so (now or later) by using -c with the switch command. Example:
2025-08-19T10:52:16.2235811Z 
2025-08-19T10:52:16.2236334Z   git switch -c <new-branch-name>
2025-08-19T10:52:16.2237109Z 
2025-08-19T10:52:16.2237453Z Or undo this operation with:
2025-08-19T10:52:16.2238193Z 
2025-08-19T10:52:16.2238597Z   git switch -
2025-08-19T10:52:16.2239048Z 
2025-08-19T10:52:16.2239782Z Turn off this advice by setting config variable advice.detachedHead to false
2025-08-19T10:52:16.2240887Z 
2025-08-19T10:52:16.2242144Z HEAD is now at 966755c Merge 93eae62e0a8e31dedb99261b6bdf8a67cbe2eff2 into 5f8505bfea1a17ea3fa956757770f951a5bb4f69
2025-08-19T10:52:16.2245678Z ##[endgroup]
2025-08-19T10:52:16.2269211Z [command]/usr/bin/git log -1 --format=%H
2025-08-19T10:52:16.2290789Z 966755ce9e8f5b06d475de9d66911f55bb53e5fb
2025-08-19T10:52:16.2593515Z ##[group]Run actions/setup-python@v5
2025-08-19T10:52:16.2594555Z with:
2025-08-19T10:52:16.2595284Z   python-version: 3.11
2025-08-19T10:52:16.2596142Z   check-latest: false
2025-08-19T10:52:16.2597201Z   token: ***
2025-08-19T10:52:16.2598206Z   update-environment: true
2025-08-19T10:52:16.2599288Z   allow-prereleases: false
2025-08-19T10:52:16.2600222Z   freethreaded: false
2025-08-19T10:52:16.2601044Z ##[endgroup]
2025-08-19T10:52:16.4394830Z ##[group]Installed versions
2025-08-19T10:52:16.4516424Z Successfully set up CPython (3.11.13)
2025-08-19T10:52:16.4520695Z ##[endgroup]
2025-08-19T10:52:16.4736279Z ##[group]Run pip install pydoc-markdown
2025-08-19T10:52:16.4738442Z [36;1mpip install pydoc-markdown[0m
2025-08-19T10:52:16.4957406Z shell: /usr/bin/bash -e {0}
2025-08-19T10:52:16.4959299Z env:
2025-08-19T10:52:16.4961030Z   pythonLocation: /opt/hostedtoolcache/Python/3.11.13/x64
2025-08-19T10:52:16.4964130Z   PKG_CONFIG_PATH: /opt/hostedtoolcache/Python/3.11.13/x64/lib/pkgconfig
2025-08-19T10:52:16.4967167Z   Python_ROOT_DIR: /opt/hostedtoolcache/Python/3.11.13/x64
2025-08-19T10:52:16.4969863Z   Python2_ROOT_DIR: /opt/hostedtoolcache/Python/3.11.13/x64
2025-08-19T10:52:16.4972383Z   Python3_ROOT_DIR: /opt/hostedtoolcache/Python/3.11.13/x64
2025-08-19T10:52:16.4974929Z   LD_LIBRARY_PATH: /opt/hostedtoolcache/Python/3.11.13/x64/lib
2025-08-19T10:52:16.4977063Z ##[endgroup]
2025-08-19T10:52:19.4234754Z Collecting pydoc-markdown
2025-08-19T10:52:19.4645616Z   Downloading pydoc_markdown-4.8.2-py3-none-any.whl.metadata (5.9 kB)
2025-08-19T10:52:19.5119143Z Collecting PyYAML<7.0,>=5.0 (from pydoc-markdown)
2025-08-19T10:52:19.5166534Z   Downloading PyYAML-6.0.2-cp311-cp311-manylinux_2_17_x86_64.manylinux2014_x86_64.whl.metadata (2.1 kB)
2025-08-19T10:52:19.5375031Z Collecting click<9.0,>=7.1 (from pydoc-markdown)
2025-08-19T10:52:19.5421006Z   Downloading click-8.2.1-py3-none-any.whl.metadata (2.5 kB)
2025-08-19T10:52:19.5650738Z Collecting databind.core<5.0.0,>=4.4.0 (from pydoc-markdown)
2025-08-19T10:52:19.5735041Z   Downloading databind.core-4.5.2-py3-none-any.whl.metadata (1.1 kB)
2025-08-19T10:52:19.5998960Z Collecting databind.json<5.0.0,>=4.4.0 (from pydoc-markdown)
2025-08-19T10:52:19.6047089Z   Downloading databind.json-4.5.2-py3-none-any.whl.metadata (1.1 kB)
2025-08-19T10:52:19.6294226Z Collecting docspec<3.0.0,>=2.2.1 (from pydoc-markdown)
2025-08-19T10:52:19.6358744Z   Downloading docspec-2.2.2-py3-none-any.whl.metadata (1.0 kB)
2025-08-19T10:52:19.6510230Z Collecting docspec-python<3.0.0,>=2.2.1 (from pydoc-markdown)
2025-08-19T10:52:19.6560697Z   Downloading docspec_python-2.2.2-py3-none-any.whl.metadata (1.0 kB)
2025-08-19T10:52:19.6681301Z Collecting docstring-parser<0.12,>=0.11 (from pydoc-markdown)
2025-08-19T10:52:19.6728989Z   Downloading docstring_parser-0.11.tar.gz (22 kB)
2025-08-19T10:52:19.6854197Z   Installing build dependencies: started
2025-08-19T10:52:20.8997354Z   Installing build dependencies: finished with status 'done'
2025-08-19T10:52:20.9003673Z   Getting requirements to build wheel: started
2025-08-19T10:52:21.2750687Z   Getting requirements to build wheel: finished with status 'done'
2025-08-19T10:52:21.2759197Z   Preparing metadata (pyproject.toml): started
2025-08-19T10:52:21.4559850Z   Preparing metadata (pyproject.toml): finished with status 'done'
2025-08-19T10:52:21.4731954Z Collecting jinja2<4.0.0,>=3.0.0 (from pydoc-markdown)
2025-08-19T10:52:21.4772222Z   Downloading jinja2-3.1.6-py3-none-any.whl.metadata (2.9 kB)
2025-08-19T10:52:21.4983928Z Collecting nr.util<1.0.0,>=0.7.5 (from pydoc-markdown)
2025-08-19T10:52:21.5034461Z   Downloading nr.util-0.8.12-py3-none-any.whl.metadata (813 bytes)
2025-08-19T10:52:21.5333962Z Collecting requests<3.0.0,>=2.23.0 (from pydoc-markdown)
2025-08-19T10:52:21.5374293Z   Downloading requests-2.32.5-py3-none-any.whl.metadata (4.9 kB)
2025-08-19T10:52:21.5543410Z Collecting tomli<3.0.0,>=2.0.0 (from pydoc-markdown)
2025-08-19T10:52:21.5597933Z   Downloading tomli-2.2.1-cp311-cp311-manylinux_2_17_x86_64.manylinux2014_x86_64.whl.metadata (11 kB)
2025-08-19T10:52:21.5762362Z Collecting tomli_w<2.0.0,>=1.0.0 (from pydoc-markdown)
2025-08-19T10:52:21.5847508Z   Downloading tomli_w-1.2.0-py3-none-any.whl.metadata (5.7 kB)
2025-08-19T10:52:21.6400818Z Collecting watchdog (from pydoc-markdown)
2025-08-19T10:52:21.6442778Z   Downloading watchdog-6.0.0-py3-none-manylinux2014_x86_64.whl.metadata (44 kB)
2025-08-19T10:52:21.6674059Z Collecting yapf>=0.30.0 (from pydoc-markdown)
2025-08-19T10:52:21.6725785Z   Downloading yapf-0.43.0-py3-none-any.whl.metadata (46 kB)
2025-08-19T10:52:21.7024283Z Collecting databind<5.0.0,>=4.5.2 (from databind.core<5.0.0,>=4.4.0->pydoc-markdown)
2025-08-19T10:52:21.7075407Z   Downloading databind-4.5.2-py3-none-any.whl.metadata (4.3 kB)
2025-08-19T10:52:21.7233342Z Collecting Deprecated<2.0.0,>=1.2.12 (from databind<5.0.0,>=4.5.2->databind.core<5.0.0,>=4.4.0->pydoc-markdown)
2025-08-19T10:52:21.7273347Z   Downloading Deprecated-1.2.18-py2.py3-none-any.whl.metadata (5.7 kB)
2025-08-19T10:52:21.7398258Z Collecting nr-date<3.0.0,>=2.0.0 (from databind<5.0.0,>=4.5.2->databind.core<5.0.0,>=4.4.0->pydoc-markdown)
2025-08-19T10:52:21.7478884Z   Downloading nr_date-2.1.0-py3-none-any.whl.metadata (746 bytes)
2025-08-19T10:52:21.7616017Z Collecting nr-stream<2.0.0,>=1.0.0 (from databind<5.0.0,>=4.5.2->databind.core<5.0.0,>=4.4.0->pydoc-markdown)
2025-08-19T10:52:21.7662824Z   Downloading nr_stream-1.1.5-py3-none-any.whl.metadata (3.6 kB)
2025-08-19T10:52:21.7856805Z Collecting typeapi<3,>=2.0.1 (from databind<5.0.0,>=4.5.2->databind.core<5.0.0,>=4.4.0->pydoc-markdown)
2025-08-19T10:52:21.7908774Z   Downloading typeapi-2.2.4-py3-none-any.whl.metadata (1.5 kB)
2025-08-19T10:52:21.8099098Z Collecting typing-extensions<5,>=3.10.0 (from databind<5.0.0,>=4.5.2->databind.core<5.0.0,>=4.4.0->pydoc-markdown)
2025-08-19T10:52:21.8136250Z   Downloading typing_extensions-4.14.1-py3-none-any.whl.metadata (3.0 kB)
2025-08-19T10:52:21.9141783Z Collecting wrapt<2,>=1.10 (from Deprecated<2.0.0,>=1.2.12->databind<5.0.0,>=4.5.2->databind.core<5.0.0,>=4.4.0->pydoc-markdown)
2025-08-19T10:52:21.9186566Z   Downloading wrapt-1.17.3-cp311-cp311-manylinux1_x86_64.manylinux_2_28_x86_64.manylinux_2_5_x86_64.whl.metadata (6.4 kB)
2025-08-19T10:52:21.9726132Z Collecting black>=24.8.0 (from docspec-python<3.0.0,>=2.2.1->pydoc-markdown)
2025-08-19T10:52:21.9775598Z   Downloading black-25.1.0-cp311-cp311-manylinux_2_17_x86_64.manylinux2014_x86_64.manylinux_2_28_x86_64.whl.metadata (81 kB)
2025-08-19T10:52:21.9896271Z Collecting docspec<3.0.0,>=2.2.1 (from pydoc-markdown)
2025-08-19T10:52:21.9938384Z   Downloading docspec-2.2.1-py3-none-any.whl.metadata (1.5 kB)
2025-08-19T10:52:22.0497316Z Collecting MarkupSafe>=2.0 (from jinja2<4.0.0,>=3.0.0->pydoc-markdown)
2025-08-19T10:52:22.0535812Z   Downloading MarkupSafe-3.0.2-cp311-cp311-manylinux_2_17_x86_64.manylinux2014_x86_64.whl.metadata (4.0 kB)
2025-08-19T10:52:22.1444613Z Collecting charset_normalizer<4,>=2 (from requests<3.0.0,>=2.23.0->pydoc-markdown)
2025-08-19T10:52:22.1487702Z   Downloading charset_normalizer-3.4.3-cp311-cp311-manylinux2014_x86_64.manylinux_2_17_x86_64.manylinux_2_28_x86_64.whl.metadata (36 kB)
2025-08-19T10:52:22.1801070Z Collecting idna<4,>=2.5 (from requests<3.0.0,>=2.23.0->pydoc-markdown)
2025-08-19T10:52:22.1840754Z   Downloading idna-3.10-py3-none-any.whl.metadata (10 kB)
2025-08-19T10:52:22.2136515Z Collecting urllib3<3,>=1.21.1 (from requests<3.0.0,>=2.23.0->pydoc-markdown)
2025-08-19T10:52:22.2176652Z   Downloading urllib3-2.5.0-py3-none-any.whl.metadata (6.5 kB)
2025-08-19T10:52:22.2401166Z Collecting certifi>=2017.4.17 (from requests<3.0.0,>=2.23.0->pydoc-markdown)
2025-08-19T10:52:22.2441527Z   Downloading certifi-2025.8.3-py3-none-any.whl.metadata (2.4 kB)
2025-08-19T10:52:22.2734738Z Collecting mypy-extensions>=0.4.3 (from black>=24.8.0->docspec-python<3.0.0,>=2.2.1->pydoc-markdown)
2025-08-19T10:52:22.2781446Z   Downloading mypy_extensions-1.1.0-py3-none-any.whl.metadata (1.1 kB)
2025-08-19T10:52:22.2942765Z Collecting packaging>=22.0 (from black>=24.8.0->docspec-python<3.0.0,>=2.2.1->pydoc-markdown)
2025-08-19T10:52:22.3000718Z   Downloading packaging-25.0-py3-none-any.whl.metadata (3.3 kB)
2025-08-19T10:52:22.3142637Z Collecting pathspec>=0.9.0 (from black>=24.8.0->docspec-python<3.0.0,>=2.2.1->pydoc-markdown)
2025-08-19T10:52:22.3183177Z   Downloading pathspec-0.12.1-py3-none-any.whl.metadata (21 kB)
2025-08-19T10:52:22.3391806Z Collecting platformdirs>=2 (from black>=24.8.0->docspec-python<3.0.0,>=2.2.1->pydoc-markdown)
2025-08-19T10:52:22.3431370Z   Downloading platformdirs-4.3.8-py3-none-any.whl.metadata (12 kB)
2025-08-19T10:52:22.3673449Z Downloading pydoc_markdown-4.8.2-py3-none-any.whl (67 kB)
2025-08-19T10:52:22.3737288Z Downloading click-8.2.1-py3-none-any.whl (102 kB)
2025-08-19T10:52:22.3821932Z Downloading databind.core-4.5.2-py3-none-any.whl (1.5 kB)
2025-08-19T10:52:22.3893503Z Downloading databind-4.5.2-py3-none-any.whl (49 kB)
2025-08-19T10:52:22.3987203Z Downloading databind.json-4.5.2-py3-none-any.whl (1.5 kB)
2025-08-19T10:52:22.4055024Z Downloading Deprecated-1.2.18-py2.py3-none-any.whl (10.0 kB)
2025-08-19T10:52:22.4123932Z Downloading docspec_python-2.2.2-py3-none-any.whl (15 kB)
2025-08-19T10:52:22.4205623Z Downloading docspec-2.2.1-py3-none-any.whl (9.8 kB)
2025-08-19T10:52:22.4266145Z Downloading jinja2-3.1.6-py3-none-any.whl (134 kB)
2025-08-19T10:52:22.4335851Z Downloading nr_date-2.1.0-py3-none-any.whl (10 kB)
2025-08-19T10:52:22.4413171Z Downloading nr_stream-1.1.5-py3-none-any.whl (10 kB)
2025-08-19T10:52:22.4487438Z Downloading nr.util-0.8.12-py3-none-any.whl (90 kB)
2025-08-19T10:52:22.4554810Z Downloading PyYAML-6.0.2-cp311-cp311-manylinux_2_17_x86_64.manylinux2014_x86_64.whl (762 kB)
2025-08-19T10:52:22.4662685Z    ━━━━━━━━━━━━━━━━━━━━━━━━━━━━━━━━━━━━━━━━ 763.0/763.0 kB 63.7 MB/s  0:00:00
2025-08-19T10:52:22.4701562Z Downloading requests-2.32.5-py3-none-any.whl (64 kB)
2025-08-19T10:52:22.4768536Z Downloading charset_normalizer-3.4.3-cp311-cp311-manylinux2014_x86_64.manylinux_2_17_x86_64.manylinux_2_28_x86_64.whl (150 kB)
2025-08-19T10:52:22.4830639Z Downloading idna-3.10-py3-none-any.whl (70 kB)
2025-08-19T10:52:22.4943375Z Downloading tomli-2.2.1-cp311-cp311-manylinux_2_17_x86_64.manylinux2014_x86_64.whl (236 kB)
2025-08-19T10:52:22.5006271Z Downloading tomli_w-1.2.0-py3-none-any.whl (6.7 kB)
2025-08-19T10:52:22.5061505Z Downloading typeapi-2.2.4-py3-none-any.whl (26 kB)
2025-08-19T10:52:22.5125088Z Downloading typing_extensions-4.14.1-py3-none-any.whl (43 kB)
2025-08-19T10:52:22.5188620Z Downloading urllib3-2.5.0-py3-none-any.whl (129 kB)
2025-08-19T10:52:22.5257271Z Downloading wrapt-1.17.3-cp311-cp311-manylinux1_x86_64.manylinux_2_28_x86_64.manylinux_2_5_x86_64.whl (82 kB)
2025-08-19T10:52:22.5380393Z Downloading black-25.1.0-cp311-cp311-manylinux_2_17_x86_64.manylinux2014_x86_64.manylinux_2_28_x86_64.whl (1.7 MB)
2025-08-19T10:52:22.5538987Z    ━━━━━━━━━━━━━━━━━━━━━━━━━━━━━━━━━━━━━━━━ 1.7/1.7 MB 111.5 MB/s  0:00:00
2025-08-19T10:52:22.5590241Z Downloading certifi-2025.8.3-py3-none-any.whl (161 kB)
2025-08-19T10:52:22.5658694Z Downloading MarkupSafe-3.0.2-cp311-cp311-manylinux_2_17_x86_64.manylinux2014_x86_64.whl (23 kB)
2025-08-19T10:52:22.5723792Z Downloading mypy_extensions-1.1.0-py3-none-any.whl (5.0 kB)
2025-08-19T10:52:22.5788649Z Downloading packaging-25.0-py3-none-any.whl (66 kB)
2025-08-19T10:52:22.5855929Z Downloading pathspec-0.12.1-py3-none-any.whl (31 kB)
2025-08-19T10:52:22.5938337Z Downloading platformdirs-4.3.8-py3-none-any.whl (18 kB)
2025-08-19T10:52:22.6078729Z Downloading yapf-0.43.0-py3-none-any.whl (256 kB)
2025-08-19T10:52:22.6148965Z Downloading watchdog-6.0.0-py3-none-manylinux2014_x86_64.whl (79 kB)
2025-08-19T10:52:22.6411624Z Building wheels for collected packages: docstring-parser
2025-08-19T10:52:22.6419565Z   Building wheel for docstring-parser (pyproject.toml): started
2025-08-19T10:52:22.8495092Z   Building wheel for docstring-parser (pyproject.toml): finished with status 'done'
2025-08-19T10:52:22.8501092Z   Created wheel for docstring-parser: filename=docstring_parser-0.11-py3-none-any.whl size=31551 sha256=aa18b6c334c7dddb00d212efe1f862672b6a26f8a51028d28d547846456aae72
2025-08-19T10:52:22.8503116Z   Stored in directory: /home/runner/.cache/pip/wheels/0f/f9/78/1186f8bf3425dbd3fb3fa32beee828876c792f49eb2554e888
2025-08-19T10:52:22.8520185Z Successfully built docstring-parser
2025-08-19T10:52:22.8986231Z Installing collected packages: wrapt, watchdog, urllib3, typing-extensions, tomli_w, tomli, PyYAML, platformdirs, pathspec, packaging, nr-stream, nr-date, mypy-extensions, MarkupSafe, idna, docstring-parser, click, charset_normalizer, certifi, yapf, typeapi, requests, jinja2, Deprecated, black, nr.util, databind, databind.json, databind.core, docspec, docspec-python, pydoc-markdown
2025-08-19T10:52:24.0461474Z 
2025-08-19T10:52:24.0485551Z Successfully installed Deprecated-1.2.18 MarkupSafe-3.0.2 PyYAML-6.0.2 black-25.1.0 certifi-2025.8.3 charset_normalizer-3.4.3 click-8.2.1 databind-4.5.2 databind.core-4.5.2 databind.json-4.5.2 docspec-2.2.1 docspec-python-2.2.2 docstring-parser-0.11 idna-3.10 jinja2-3.1.6 mypy-extensions-1.1.0 nr-date-2.1.0 nr-stream-1.1.5 nr.util-0.8.12 packaging-25.0 pathspec-0.12.1 platformdirs-4.3.8 pydoc-markdown-4.8.2 requests-2.32.5 tomli-2.2.1 tomli_w-1.2.0 typeapi-2.2.4 typing-extensions-4.14.1 urllib3-2.5.0 watchdog-6.0.0 wrapt-1.17.3 yapf-0.43.0
2025-08-19T10:52:24.2274868Z ##[group]Run pydoc-markdown
2025-08-19T10:52:24.2275222Z [36;1mpydoc-markdown[0m
2025-08-19T10:52:24.2316938Z shell: /usr/bin/bash -e {0}
2025-08-19T10:52:24.2317232Z env:
2025-08-19T10:52:24.2317561Z   pythonLocation: /opt/hostedtoolcache/Python/3.11.13/x64
2025-08-19T10:52:24.2318283Z   PKG_CONFIG_PATH: /opt/hostedtoolcache/Python/3.11.13/x64/lib/pkgconfig
2025-08-19T10:52:24.2318839Z   Python_ROOT_DIR: /opt/hostedtoolcache/Python/3.11.13/x64
2025-08-19T10:52:24.2319330Z   Python2_ROOT_DIR: /opt/hostedtoolcache/Python/3.11.13/x64
2025-08-19T10:52:24.2319814Z   Python3_ROOT_DIR: /opt/hostedtoolcache/Python/3.11.13/x64
2025-08-19T10:52:24.2320314Z   LD_LIBRARY_PATH: /opt/hostedtoolcache/Python/3.11.13/x64/lib
2025-08-19T10:52:24.2320722Z ##[endgroup]
2025-08-19T10:52:24.5663319Z [WARNING - pydoc_markdown.main]: Unknown configuration options:
2025-08-19T10:52:24.5664695Z Unknown key(s) "{'output_directory'}" at:
2025-08-19T10:52:24.5665367Z In "pydoc-markdown.yml"
2025-08-19T10:52:24.5666049Z   $: TypeHint(pydoc_markdown.PydocMarkdown)
2025-08-19T10:52:24.5666864Z   .renderer: TypeHint(pydoc_markdown.interfaces.Renderer)
2025-08-19T10:52:24.5667940Z   ^: TypeHint(pydoc_markdown.contrib.renderers.markdown.MarkdownRenderer)
2025-08-19T10:52:24.5668887Z 
2025-08-19T10:52:24.8787206Z <a id="__init__"></a>
2025-08-19T10:52:24.8787797Z 
2025-08-19T10:52:24.8787958Z # \_\_init\_\_
2025-08-19T10:52:24.8788294Z 
2025-08-19T10:52:24.8788405Z <a id="api"></a>
2025-08-19T10:52:24.8788579Z 
2025-08-19T10:52:24.8788691Z # api
2025-08-19T10:52:24.8788834Z 
2025-08-19T10:52:24.8788961Z <a id="api.errors"></a>
2025-08-19T10:52:24.8789171Z 
2025-08-19T10:52:24.8789277Z # api.errors
2025-08-19T10:52:24.8789432Z 
2025-08-19T10:52:24.8789568Z <a id="api.sentry_config"></a>
2025-08-19T10:52:24.8789810Z 
2025-08-19T10:52:24.8789930Z # api.sentry\_config
2025-08-19T10:52:24.8790119Z 
2025-08-19T10:52:24.8790274Z <a id="api.tests.test_sentry_scrub"></a>
2025-08-19T10:52:24.8790547Z 
2025-08-19T10:52:24.8791016Z # api.tests.test\_sentry\_scrub
2025-08-19T10:52:24.8791254Z 
2025-08-19T10:52:24.8791393Z <a id="api.tests.test_errors_json"></a>
2025-08-19T10:52:24.8791655Z 
2025-08-19T10:52:24.8791782Z # api.tests.test\_errors\_json
2025-08-19T10:52:24.8792013Z 
2025-08-19T10:52:24.8792137Z <a id="api.tests.test_llm"></a>
2025-08-19T10:52:24.8792358Z 
2025-08-19T10:52:24.8792480Z # api.tests.test\_llm
2025-08-19T10:52:24.8792666Z 
2025-08-19T10:52:24.8792805Z <a id="api.tests.test_sentry_event"></a>
2025-08-19T10:52:24.8793075Z 
2025-08-19T10:52:24.8793201Z # api.tests.test\_sentry\_event
2025-08-19T10:52:24.8793422Z 
2025-08-19T10:52:24.8793619Z <a id="api.tests.test_sentry_event.DummyTransport"></a>
2025-08-19T10:52:24.8793956Z 
2025-08-19T10:52:24.8794079Z ## DummyTransport Objects
2025-08-19T10:52:24.8794282Z 
2025-08-19T10:52:24.8794392Z ```python
2025-08-19T10:52:24.8794655Z class DummyTransport()
2025-08-19T10:52:24.8794948Z ```
2025-08-19T10:52:24.8795079Z 
2025-08-19T10:52:24.8795360Z <a id="api.tests.test_sentry_event.DummyTransport.capture_envelope"></a>
2025-08-19T10:52:24.8795789Z 
2025-08-19T10:52:24.8795910Z #### capture\_envelope
2025-08-19T10:52:24.8796093Z 
2025-08-19T10:52:24.8796201Z ```python
2025-08-19T10:52:24.8796476Z def capture_envelope(envelope)
2025-08-19T10:52:24.8796798Z ```
2025-08-19T10:52:24.8796927Z 
2025-08-19T10:52:24.8797127Z Capture events sent as envelopes by Sentry SDK >= 2.0.
2025-08-19T10:52:24.8797457Z 
2025-08-19T10:52:24.8797597Z <a id="api.tests.test_cors"></a>
2025-08-19T10:52:24.8797829Z 
2025-08-19T10:52:24.8797947Z # api.tests.test\_cors
2025-08-19T10:52:24.8798419Z 
2025-08-19T10:52:24.8798554Z <a id="api.tests.test_imports"></a>
2025-08-19T10:52:24.8798803Z 
2025-08-19T10:52:24.8798938Z # api.tests.test\_imports
2025-08-19T10:52:24.8799145Z 
2025-08-19T10:52:24.8799282Z <a id="api.tests.test_rate_limit"></a>
2025-08-19T10:52:24.8799536Z 
2025-08-19T10:52:24.8799674Z # api.tests.test\_rate\_limit
2025-08-19T10:52:24.8799894Z 
2025-08-19T10:52:24.8800293Z <a id="api.tests.test_rate_limit.app"></a>
2025-08-19T10:52:24.8800585Z 
2025-08-19T10:52:24.8800688Z #### app
2025-08-19T10:52:24.8800826Z 
2025-08-19T10:52:24.8800933Z noqa: E402
2025-08-19T10:52:24.8801077Z 
2025-08-19T10:52:24.8801215Z <a id="api.tests.test_entrypoint"></a>
2025-08-19T10:52:24.8801471Z 
2025-08-19T10:52:24.8801610Z # api.tests.test\_entrypoint
2025-08-19T10:52:24.8801828Z 
2025-08-19T10:52:24.8801960Z <a id="api.tests.test_health"></a>
2025-08-19T10:52:24.8802212Z 
2025-08-19T10:52:24.8802332Z # api.tests.test\_health
2025-08-19T10:52:24.8802532Z 
2025-08-19T10:52:24.8802658Z <a id="api.logging_config"></a>
2025-08-19T10:52:24.8802887Z 
2025-08-19T10:52:24.8803001Z # api.logging\_config
2025-08-19T10:52:24.8803189Z 
2025-08-19T10:52:24.8803325Z <a id="api.migrations.env"></a>
2025-08-19T10:52:24.8803552Z 
2025-08-19T10:52:24.8803669Z # api.migrations.env
2025-08-19T10:52:24.8803861Z 
2025-08-19T10:52:24.8804043Z <a id="api.migrations.versions.0022_fix_roi_view"></a>
2025-08-19T10:52:24.8804365Z 
2025-08-19T10:52:24.8804538Z # api.migrations.versions.0022\_fix\_roi\_view
2025-08-19T10:52:24.8804838Z 
2025-08-19T10:52:24.8805007Z <a id="api.migrations.versions.0004_fee_cron"></a>
2025-08-19T10:52:24.8805310Z 
2025-08-19T10:52:24.8805464Z # api.migrations.versions.0004\_fee\_cron
2025-08-19T10:52:24.8805738Z 
2025-08-19T10:52:24.8805979Z <a id="api.migrations.versions.3e9d5c5aff2c_rename_fulf_fee"></a>
2025-08-19T10:52:24.8806363Z 
2025-08-19T10:52:24.8806575Z # api.migrations.versions.3e9d5c5aff2c\_rename\_fulf\_fee
2025-08-19T10:52:24.8806924Z 
2025-08-19T10:52:24.8807123Z <a id="api.migrations.versions.0003_vendor_prices"></a>
2025-08-19T10:52:24.8807447Z 
2025-08-19T10:52:24.8807606Z # api.migrations.versions.0003\_vendor\_prices
2025-08-19T10:52:24.8807844Z 
2025-08-19T10:52:24.8808155Z <a id="api.migrations.versions.0024_create_buybox"></a>
2025-08-19T10:52:24.8808450Z 
2025-08-19T10:52:24.8808605Z # api.migrations.versions.0024\_create\_buybox
2025-08-19T10:52:24.8808848Z 
2025-08-19T10:52:24.8809158Z <a id="api.migrations.versions.0002_create_roi_view"></a>
2025-08-19T10:52:24.8809433Z 
2025-08-19T10:52:24.8809584Z # api.migrations.versions.0002\_create\_roi\_view
2025-08-19T10:52:24.8809839Z 
2025-08-19T10:52:24.8809990Z <a id="api.migrations.versions.0006_fix_roi_views"></a>
2025-08-19T10:52:24.8810258Z 
2025-08-19T10:52:24.8810393Z # api.migrations.versions.0006\_fix\_roi\_views
2025-08-19T10:52:24.8810633Z 
2025-08-19T10:52:24.8810793Z <a id="api.migrations.versions.0020_unified_schema"></a>
2025-08-19T10:52:24.8811062Z 
2025-08-19T10:52:24.8811195Z # api.migrations.versions.0020\_unified\_schema
2025-08-19T10:52:24.8811432Z 
2025-08-19T10:52:24.8811616Z <a id="api.migrations.versions.0025_pr4_indexes_loadlog"></a>
2025-08-19T10:52:24.8811903Z 
2025-08-19T10:52:24.8812054Z # api.migrations.versions.0025\_pr4\_indexes\_loadlog
2025-08-19T10:52:24.8812315Z 
2025-08-19T10:52:24.8812472Z <a id="api.migrations.versions.0023_add_storage_fee"></a>
2025-08-19T10:52:24.8812736Z 
2025-08-19T10:52:24.8812887Z # api.migrations.versions.0023\_add\_storage\_fee
2025-08-19T10:52:24.8813142Z 
2025-08-19T10:52:24.8813315Z <a id="api.migrations.versions.0026_amazon_new_reports"></a>
2025-08-19T10:52:24.8813627Z 
2025-08-19T10:52:24.8813776Z # api.migrations.versions.0026\_amazon\_new\_reports
2025-08-19T10:52:24.8814096Z 
2025-08-19T10:52:24.8814239Z <a id="api.migrations.versions.0001_baseline"></a>
2025-08-19T10:52:24.8814484Z 
2025-08-19T10:52:24.8814603Z # api.migrations.versions.0001\_baseline
2025-08-19T10:52:24.8814829Z 
2025-08-19T10:52:24.8814944Z <a id="api.migrations.versions"></a>
2025-08-19T10:52:24.8815151Z 
2025-08-19T10:52:24.8815258Z # api.migrations.versions
2025-08-19T10:52:24.8815431Z 
2025-08-19T10:52:24.8815532Z <a id="api.migrations"></a>
2025-08-19T10:52:24.8815703Z 
2025-08-19T10:52:24.8815801Z # api.migrations
2025-08-19T10:52:24.8815937Z 
2025-08-19T10:52:24.8816026Z <a id="api.db"></a>
2025-08-19T10:52:24.8816165Z 
2025-08-19T10:52:24.8816269Z # api.db
2025-08-19T10:52:24.8816383Z 
2025-08-19T10:52:24.8816635Z <a id="api.routes.stats"></a>
2025-08-19T10:52:24.8816824Z 
2025-08-19T10:52:24.8816917Z # api.routes.stats
2025-08-19T10:52:24.8817058Z 
2025-08-19T10:52:24.8817176Z <a id="api.routes.stats.kpi"></a>
2025-08-19T10:52:24.8817375Z 
2025-08-19T10:52:24.8817456Z #### kpi
2025-08-19T10:52:24.8817563Z 
2025-08-19T10:52:24.8817643Z ```python
2025-08-19T10:52:24.8817829Z @router.get("/stats/kpi")
2025-08-19T10:52:24.8818273Z def kpi() -> List[Dict[str, int]]
2025-08-19T10:52:24.8818512Z ```
2025-08-19T10:52:24.8818611Z 
2025-08-19T10:52:24.8818700Z Return KPI metrics (mock).
2025-08-19T10:52:24.8818850Z 
2025-08-19T10:52:24.8818965Z <a id="api.routes.stats.roi_by_vendor"></a>
2025-08-19T10:52:24.8819168Z 
2025-08-19T10:52:24.8819247Z #### roi\_by\_vendor
2025-08-19T10:52:24.8819372Z 
2025-08-19T10:52:24.8819457Z ```python
2025-08-19T10:52:24.8819668Z @router.get("/stats/roi_by_vendor")
2025-08-19T10:52:24.8819948Z def roi_by_vendor() -> List[Dict[str, int]]
2025-08-19T10:52:24.8820207Z ```
2025-08-19T10:52:24.8820325Z 
2025-08-19T10:52:24.8820417Z Return ROI percent by vendor.
2025-08-19T10:52:24.8820573Z 
2025-08-19T10:52:24.8820678Z <a id="api.routes.stats.roi_trend"></a>
2025-08-19T10:52:24.8820873Z 
2025-08-19T10:52:24.8820947Z #### roi\_trend
2025-08-19T10:52:24.8821061Z 
2025-08-19T10:52:24.8821143Z ```python
2025-08-19T10:52:24.8821327Z @router.get("/stats/roi_trend")
2025-08-19T10:52:24.8821600Z def roi_trend() -> List[Dict[str, int | str]]
2025-08-19T10:52:24.8821866Z ```
2025-08-19T10:52:24.8821966Z 
2025-08-19T10:52:24.8822052Z Return 30-day ROI trend.
2025-08-19T10:52:24.8822191Z 
2025-08-19T10:52:24.8822282Z <a id="api.routes.roi"></a>
2025-08-19T10:52:24.8822441Z 
2025-08-19T10:52:24.8822519Z # api.routes.roi
2025-08-19T10:52:24.8822636Z 
2025-08-19T10:52:24.8822730Z <a id="api.routes.health"></a>
2025-08-19T10:52:24.8822887Z 
2025-08-19T10:52:24.8822966Z # api.routes.health
2025-08-19T10:52:24.8823095Z 
2025-08-19T10:52:24.8823196Z <a id="api.routes.health.MAX_SKEW"></a>
2025-08-19T10:52:24.8823519Z 
2025-08-19T10:52:24.8823594Z #### MAX\_SKEW
2025-08-19T10:52:24.8823720Z 
2025-08-19T10:52:24.8823796Z seconds
2025-08-19T10:52:24.8823893Z 
2025-08-19T10:52:24.8824005Z <a id="api.routes.health.health"></a>
2025-08-19T10:52:24.8824190Z 
2025-08-19T10:52:24.8824263Z #### health
2025-08-19T10:52:24.8824367Z 
2025-08-19T10:52:24.8824457Z ```python
2025-08-19T10:52:24.8824675Z @router.get("/health", include_in_schema=False)
2025-08-19T10:52:24.8825113Z async def health(session: AsyncSession = Depends(get_session)) -> JSONResponse
2025-08-19T10:52:24.8825501Z ```
2025-08-19T10:52:24.8825609Z 
2025-08-19T10:52:24.8825739Z Return 200 when DB reachable and clocks are in sync.
2025-08-19T10:52:24.8825962Z 
2025-08-19T10:52:24.8826069Z <a id="api.routes.repository"></a>
2025-08-19T10:52:24.8826243Z 
2025-08-19T10:52:24.8826336Z # api.routes.repository
2025-08-19T10:52:24.8826487Z 
2025-08-19T10:52:24.8826571Z <a id="api.routes"></a>
2025-08-19T10:52:24.8826705Z 
2025-08-19T10:52:24.8826782Z # api.routes
2025-08-19T10:52:24.8826911Z 
2025-08-19T10:52:24.8827002Z <a id="api.models.fee"></a>
2025-08-19T10:52:24.8827151Z 
2025-08-19T10:52:24.8827242Z # api.models.fee
2025-08-19T10:52:24.8827359Z 
2025-08-19T10:52:24.8827443Z <a id="api.models"></a>
2025-08-19T10:52:24.8827575Z 
2025-08-19T10:52:24.8827663Z # api.models
2025-08-19T10:52:24.8827770Z 
2025-08-19T10:52:24.8827855Z <a id="api.roi_repository"></a>
2025-08-19T10:52:24.8828122Z 
2025-08-19T10:52:24.8828206Z # api.roi\_repository
2025-08-19T10:52:24.8828333Z 
2025-08-19T10:52:24.8828419Z <a id="api.main"></a>
2025-08-19T10:52:24.8828537Z 
2025-08-19T10:52:24.8828607Z # api.main
2025-08-19T10:52:24.8828705Z 
2025-08-19T10:52:24.8828799Z <a id="api.main.ready"></a>
2025-08-19T10:52:24.8828936Z 
2025-08-19T10:52:24.8829005Z #### ready
2025-08-19T10:52:24.8829111Z 
2025-08-19T10:52:24.8829178Z ```python
2025-08-19T10:52:24.8829442Z @app.get("/ready", status_code=status.HTTP_200_OK, include_in_schema=False)
2025-08-19T10:52:24.8830020Z async def ready(session: AsyncSession = Depends(get_session)) -> dict[str,
2025-08-19T10:52:24.8830404Z                                                                       str]
2025-08-19T10:52:24.8830649Z ```
2025-08-19T10:52:24.8830739Z 
2025-08-19T10:52:24.8830846Z Return 200 only when migrations are at head.
2025-08-19T10:52:24.8831046Z 
2025-08-19T10:52:24.8831124Z <a id="api.config"></a>
2025-08-19T10:52:24.8831246Z 
2025-08-19T10:52:24.8831316Z # api.config
2025-08-19T10:52:24.8831424Z 
2025-08-19T10:52:24.8831496Z <a id="etl"></a>
2025-08-19T10:52:24.8831602Z 
2025-08-19T10:52:24.8831676Z # etl
2025-08-19T10:52:24.8831768Z 
2025-08-19T10:52:24.8831857Z <a id="etl.fba_fee_ingestor"></a>
2025-08-19T10:52:24.8832010Z 
2025-08-19T10:52:24.8832097Z # etl.fba\_fee\_ingestor
2025-08-19T10:52:24.8832227Z 
2025-08-19T10:52:24.8832315Z <a id="etl.sp_fees_ingestor"></a>
2025-08-19T10:52:24.8832476Z 
2025-08-19T10:52:24.8832554Z # etl.sp\_fees\_ingestor
2025-08-19T10:52:24.8832679Z 
2025-08-19T10:52:24.8832778Z <a id="etl.keepa_ingestor"></a>
2025-08-19T10:52:24.8832929Z 
2025-08-19T10:52:24.8833003Z # etl.keepa\_ingestor
2025-08-19T10:52:24.8833123Z 
2025-08-19T10:52:24.8833204Z <a id="etl.db"></a>
2025-08-19T10:52:24.8833316Z 
2025-08-19T10:52:24.8833383Z # etl.db
2025-08-19T10:52:24.8833481Z 
2025-08-19T10:52:24.8833568Z <a id="etl.dialects.schemas"></a>
2025-08-19T10:52:24.8833723Z 
2025-08-19T10:52:24.8833801Z # etl.dialects.schemas
2025-08-19T10:52:24.8833933Z 
2025-08-19T10:52:24.8834042Z <a id="etl.dialects.amazon_reimbursements"></a>
2025-08-19T10:52:24.8834234Z 
2025-08-19T10:52:24.8834340Z # etl.dialects.amazon\_reimbursements
2025-08-19T10:52:24.8834515Z 
2025-08-19T10:52:24.8834619Z <a id="etl.dialects.amazon_ads_sp_cost"></a>
2025-08-19T10:52:24.8834810Z 
2025-08-19T10:52:24.8834899Z # etl.dialects.amazon\_ads\_sp\_cost
2025-08-19T10:52:24.8835066Z 
2025-08-19T10:52:24.8835160Z <a id="etl.dialects.test_generic"></a>
2025-08-19T10:52:24.8835335Z 
2025-08-19T10:52:24.8835420Z # etl.dialects.test\_generic
2025-08-19T10:52:24.8835704Z 
2025-08-19T10:52:24.8835813Z <a id="etl.dialects.amazon_returns"></a>
2025-08-19T10:52:24.8835993Z 
2025-08-19T10:52:24.8836079Z # etl.dialects.amazon\_returns
2025-08-19T10:52:24.8836236Z 
2025-08-19T10:52:24.8836339Z <a id="etl.dialects.amazon_fee_preview"></a>
2025-08-19T10:52:24.8836522Z 
2025-08-19T10:52:24.8836614Z # etl.dialects.amazon\_fee\_preview
2025-08-19T10:52:24.8836786Z 
2025-08-19T10:52:24.8836900Z <a id="etl.dialects.amazon_inventory_ledger"></a>
2025-08-19T10:52:24.8837104Z 
2025-08-19T10:52:24.8837210Z # etl.dialects.amazon\_inventory\_ledger
2025-08-19T10:52:24.8837388Z 
2025-08-19T10:52:24.8837491Z <a id="etl.dialects.amazon_settlements"></a>
2025-08-19T10:52:24.8837676Z 
2025-08-19T10:52:24.8837766Z # etl.dialects.amazon\_settlements
2025-08-19T10:52:24.8837921Z 
2025-08-19T10:52:24.8838000Z <a id="etl.dialects"></a>
2025-08-19T10:52:24.8838239Z 
2025-08-19T10:52:24.8838307Z # etl.dialects
2025-08-19T10:52:24.8838410Z 
2025-08-19T10:52:24.8838488Z <a id="ingest"></a>
2025-08-19T10:52:24.8838608Z 
2025-08-19T10:52:24.8838672Z # ingest
2025-08-19T10:52:24.8838773Z 
2025-08-19T10:52:24.8838858Z <a id="ingest.maintenance"></a>
2025-08-19T10:52:24.8839002Z 
2025-08-19T10:52:24.8839077Z # ingest.maintenance
2025-08-19T10:52:24.8839199Z 
2025-08-19T10:52:24.8839281Z <a id="ingest.copy_loader"></a>
2025-08-19T10:52:24.8839423Z 
2025-08-19T10:52:24.8839505Z # ingest.copy\_loader
2025-08-19T10:52:24.8839623Z 
2025-08-19T10:52:24.8839729Z <a id="ingest.copy_loader.copy_df_via_temp"></a>
2025-08-19T10:52:24.8839916Z 
2025-08-19T10:52:24.8840001Z #### copy\_df\_via\_temp
2025-08-19T10:52:24.8840128Z 
2025-08-19T10:52:24.8840196Z ```python
2025-08-19T10:52:24.8840382Z def copy_df_via_temp(engine: Engine,
2025-08-19T10:52:24.8840635Z                      df: pd.DataFrame,
2025-08-19T10:52:24.8840890Z                      target_table: str,
2025-08-19T10:52:24.8841125Z                      *,
2025-08-19T10:52:24.8841343Z                      target_schema: Optional[str] = None,
2025-08-19T10:52:24.8841759Z                      columns: Sequence[str],
2025-08-19T10:52:24.8842042Z                      conflict_cols: Optional[Sequence[str]] = None,
2025-08-19T10:52:24.8842349Z                      analyze_after: bool = False,
2025-08-19T10:52:24.8842624Z                      connection: Any | None = None) -> int
2025-08-19T10:52:24.8842883Z ```
2025-08-19T10:52:24.8842971Z 
2025-08-19T10:52:24.8843141Z Bulk load *df* into *target_table* using COPY and a staging table.
2025-08-19T10:52:24.8843379Z 
2025-08-19T10:52:24.8843470Z <a id="ingest.tests.test_smoke"></a>
2025-08-19T10:52:24.8843631Z 
2025-08-19T10:52:24.8843725Z # ingest.tests.test\_smoke
2025-08-19T10:52:24.8843861Z 
2025-08-19T10:52:24.8843942Z <a id="ingest.tests"></a>
2025-08-19T10:52:24.8844081Z 
2025-08-19T10:52:24.8844153Z # ingest.tests
2025-08-19T10:52:24.8844259Z 
2025-08-19T10:52:24.8844350Z <a id="ingest.upload_router"></a>
2025-08-19T10:52:24.8844521Z 
2025-08-19T10:52:24.8844601Z # ingest.upload\_router
2025-08-19T10:52:24.8844730Z 
2025-08-19T10:52:24.8844831Z <a id="ingest.email_watcher"></a>
2025-08-19T10:52:24.8844983Z 
2025-08-19T10:52:24.8845057Z # ingest.email\_watcher
2025-08-19T10:52:24.8845181Z 
2025-08-19T10:52:24.8845273Z <a id="ingest.email_watcher.main"></a>
2025-08-19T10:52:24.8845435Z 
2025-08-19T10:52:24.8845499Z #### main
2025-08-19T10:52:24.8845597Z 
2025-08-19T10:52:24.8845661Z ```python
2025-08-19T10:52:24.8845836Z def main() -> dict[str, str]
2025-08-19T10:52:24.8846049Z ```
2025-08-19T10:52:24.8846136Z 
2025-08-19T10:52:24.8846277Z Upload CSV/XLSX attachments to MinIO and trigger ingestion.
2025-08-19T10:52:24.8846509Z 
2025-08-19T10:52:24.8846638Z Returns {"status": "success"} when processing completes.
2025-08-19T10:52:24.8846850Z 
2025-08-19T10:52:24.8846928Z <a id="ingest.tasks"></a>
2025-08-19T10:52:24.8847060Z 
2025-08-19T10:52:24.8847129Z # ingest.tasks
2025-08-19T10:52:24.8847233Z 
2025-08-19T10:52:24.8847338Z <a id="ingest.tasks.task_import_file"></a>
2025-08-19T10:52:24.8847514Z 
2025-08-19T10:52:24.8847726Z #### task\_import\_file
2025-08-19T10:52:24.8847846Z 
2025-08-19T10:52:24.8847912Z ```python
2025-08-19T10:52:24.8848221Z @celery_app.task(name="ingest.import_file", bind=True)
2025-08-19T10:52:24.8848505Z def task_import_file(self: Any,
2025-08-19T10:52:24.8848713Z                      uri: str,
2025-08-19T10:52:24.8848934Z                      report_type: str | None = None,
2025-08-19T10:52:24.8849205Z                      force: bool = False) -> dict[str, Any]
2025-08-19T10:52:24.8849446Z ```
2025-08-19T10:52:24.8849533Z 
2025-08-19T10:52:24.8849673Z Import a file into Postgres using existing ETL pipeline.
2025-08-19T10:52:24.8849881Z 
2025-08-19T10:52:24.8849964Z <a id="ingest.celery_app"></a>
2025-08-19T10:52:24.8850109Z 
2025-08-19T10:52:24.8850182Z # ingest.celery\_app
2025-08-19T10:52:24.8850295Z 
2025-08-19T10:52:24.8850389Z <a id="ingest.ingest_router"></a>
2025-08-19T10:52:24.8850539Z 
2025-08-19T10:52:24.8850614Z # ingest.ingest\_router
2025-08-19T10:52:24.8850732Z 
2025-08-19T10:52:24.8850831Z <a id="logistics_etl"></a>
2025-08-19T10:52:24.8850961Z 
2025-08-19T10:52:24.8851029Z # logistics\_etl
2025-08-19T10:52:24.8851139Z 
2025-08-19T10:52:24.8851216Z Daily logistics ETL job.
2025-08-19T10:52:24.8851338Z 
2025-08-19T10:52:24.8851421Z <a id="logistics_etl.__main__"></a>
2025-08-19T10:52:24.8851576Z 
2025-08-19T10:52:24.8851652Z # logistics\_etl.\_\_main\_\_
2025-08-19T10:52:24.8851791Z 
2025-08-19T10:52:24.8851878Z <a id="logistics_etl.dsn"></a>
2025-08-19T10:52:24.8852013Z 
2025-08-19T10:52:24.8852084Z # logistics\_etl.dsn
2025-08-19T10:52:24.8852204Z 
2025-08-19T10:52:24.8852322Z Local DSN builder to avoid cross-service dependency.
2025-08-19T10:52:24.8852522Z 
2025-08-19T10:52:24.8852613Z <a id="logistics_etl.dsn.build_dsn"></a>
2025-08-19T10:52:24.8852785Z 
2025-08-19T10:52:24.8852857Z #### build\_dsn
2025-08-19T10:52:24.8852962Z 
2025-08-19T10:52:24.8853042Z ```python
2025-08-19T10:52:24.8853224Z def build_dsn(sync: bool = True) -> str
2025-08-19T10:52:24.8853457Z ```
2025-08-19T10:52:24.8853667Z 
2025-08-19T10:52:24.8853811Z Return a Postgres DSN assembled from environment variables.
2025-08-19T10:52:24.8854038Z 
2025-08-19T10:52:24.8854187Z Prefers explicit DSNs via ``PG_SYNC_DSN``/``PG_ASYNC_DSN`` or
2025-08-19T10:52:24.8854575Z ``DATABASE_URL``. Falls back to individual PG_* settings and raises an
2025-08-19T10:52:24.8854912Z error when any required variable is missing.
2025-08-19T10:52:24.8855083Z 
2025-08-19T10:52:24.8855192Z <a id="logistics_etl.tests.conftest"></a>
2025-08-19T10:52:24.8855370Z 
2025-08-19T10:52:24.8855457Z # logistics\_etl.tests.conftest
2025-08-19T10:52:24.8855609Z 
2025-08-19T10:52:24.8855716Z <a id="logistics_etl.tests.test_repository"></a>
2025-08-19T10:52:24.8855900Z 
2025-08-19T10:52:24.8855993Z # logistics\_etl.tests.test\_repository
2025-08-19T10:52:24.8856168Z 
2025-08-19T10:52:24.8856264Z <a id="logistics_etl.tests.test_cron"></a>
2025-08-19T10:52:24.8856437Z 
2025-08-19T10:52:24.8856532Z # logistics\_etl.tests.test\_cron
2025-08-19T10:52:24.8856681Z 
2025-08-19T10:52:24.8856790Z <a id="logistics_etl.tests.test_imports"></a>
2025-08-19T10:52:24.8856972Z 
2025-08-19T10:52:24.8857060Z # logistics\_etl.tests.test\_imports
2025-08-19T10:52:24.8857214Z 
2025-08-19T10:52:24.8857317Z <a id="logistics_etl.tests.test_smoke"></a>
2025-08-19T10:52:24.8857489Z 
2025-08-19T10:52:24.8857577Z # logistics\_etl.tests.test\_smoke
2025-08-19T10:52:24.8857729Z 
2025-08-19T10:52:24.8857832Z <a id="logistics_etl.tests.test_client"></a>
2025-08-19T10:52:24.8858121Z 
2025-08-19T10:52:24.8858209Z # logistics\_etl.tests.test\_client
2025-08-19T10:52:24.8858371Z 
2025-08-19T10:52:24.8858454Z <a id="logistics_etl.tests"></a>
2025-08-19T10:52:24.8858597Z 
2025-08-19T10:52:24.8858671Z # logistics\_etl.tests
2025-08-19T10:52:24.8858797Z 
2025-08-19T10:52:24.8858879Z <a id="logistics_etl.flow"></a>
2025-08-19T10:52:24.8859019Z 
2025-08-19T10:52:24.8859101Z # logistics\_etl.flow
2025-08-19T10:52:24.8859216Z 
2025-08-19T10:52:24.8859298Z <a id="logistics_etl.client"></a>
2025-08-19T10:52:24.8859578Z 
2025-08-19T10:52:24.8888226Z # logistics\_etl.client
2025-08-19T10:52:24.8888505Z 
2025-08-19T10:52:24.8888694Z <a id="logistics_etl.cron"></a>
2025-08-19T10:52:24.8889004Z 
2025-08-19T10:52:24.8889154Z # logistics\_etl.cron
2025-08-19T10:52:24.8889411Z 
2025-08-19T10:52:24.8889547Z <a id="logistics_etl.db"></a>
2025-08-19T10:52:24.8889724Z 
2025-08-19T10:52:24.8889813Z # logistics\_etl.db
2025-08-19T10:52:24.8889956Z 
2025-08-19T10:52:24.8890075Z <a id="logistics_etl.repository"></a>
2025-08-19T10:52:24.8890288Z 
2025-08-19T10:52:24.8890474Z # logistics\_etl.repository
2025-08-19T10:52:24.8890645Z 
2025-08-19T10:52:24.8890738Z <a id="alert_bot"></a>
2025-08-19T10:52:24.8890888Z 
2025-08-19T10:52:24.8890978Z # alert\_bot
2025-08-19T10:52:24.8891100Z 
2025-08-19T10:52:24.8891212Z <a id="alert_bot.tests.test_smoke"></a>
2025-08-19T10:52:24.8891429Z 
2025-08-19T10:52:24.8891534Z # alert\_bot.tests.test\_smoke
2025-08-19T10:52:24.8891712Z 
2025-08-19T10:52:24.8891823Z <a id="alert_bot.tests"></a>
2025-08-19T10:52:24.8892008Z 
2025-08-19T10:52:24.8892096Z # alert\_bot.tests
2025-08-19T10:52:24.8892227Z 
2025-08-19T10:52:24.8892341Z <a id="alert_bot.alert_bot"></a>
2025-08-19T10:52:24.8892519Z 
2025-08-19T10:52:24.8892610Z # alert\_bot.alert\_bot
2025-08-19T10:52:24.8892769Z 
2025-08-19T10:52:24.8892864Z <a id="alert_bot.rules"></a>
2025-08-19T10:52:24.8893027Z 
2025-08-19T10:52:24.8893112Z # alert\_bot.rules
2025-08-19T10:52:24.8893253Z 
2025-08-19T10:52:24.8893336Z <a id="common"></a>
2025-08-19T10:52:24.8893471Z 
2025-08-19T10:52:24.8893561Z # common
2025-08-19T10:52:24.8893673Z 
2025-08-19T10:52:24.8893765Z <a id="common.dsn"></a>
2025-08-19T10:52:24.8893919Z 
2025-08-19T10:52:24.8894002Z # common.dsn
2025-08-19T10:52:24.8894118Z 
2025-08-19T10:52:24.8894225Z <a id="common.dsn.build_dsn"></a>
2025-08-19T10:52:24.8894420Z 
2025-08-19T10:52:24.8894503Z #### build\_dsn
2025-08-19T10:52:24.8894628Z 
2025-08-19T10:52:24.8894718Z ```python
2025-08-19T10:52:24.8894939Z def build_dsn(sync: bool = True) -> str
2025-08-19T10:52:24.8895403Z ```
2025-08-19T10:52:24.8895517Z 
2025-08-19T10:52:24.8895676Z Return a Postgres DSN, validating required variables.
2025-08-19T10:52:24.8895942Z 
2025-08-19T10:52:24.8896183Z The function prefers explicit DSNs via ``PG_SYNC_DSN`` / ``PG_ASYNC_DSN`` or
2025-08-19T10:52:24.8896726Z ``DATABASE_URL``.  If those are absent it assembles a connection string from
2025-08-19T10:52:24.8897233Z ``PG_HOST`` and related variables and raises a helpful error when any are
2025-08-19T10:52:24.8897567Z missing.
2025-08-19T10:52:24.8897661Z 
2025-08-19T10:52:24.8897751Z <a id="common.models_vendor"></a>
2025-08-19T10:52:24.8897910Z 
2025-08-19T10:52:24.8897998Z # common.models\_vendor
2025-08-19T10:52:24.8898271Z 
2025-08-19T10:52:24.8898368Z <a id="common.models_vendor.Vendor"></a>
2025-08-19T10:52:24.8898555Z 
2025-08-19T10:52:24.8898625Z ## Vendor Objects
2025-08-19T10:52:24.8898737Z 
2025-08-19T10:52:24.8898813Z ```python
2025-08-19T10:52:24.8898978Z class Vendor(Base)
2025-08-19T10:52:24.8899169Z ```
2025-08-19T10:52:24.8899264Z 
2025-08-19T10:52:24.8899349Z Vendor of inventory items.
2025-08-19T10:52:24.8899487Z 
2025-08-19T10:52:24.8899606Z <a id="common.models_vendor.VendorPrice"></a>
2025-08-19T10:52:24.8899798Z 
2025-08-19T10:52:24.8899874Z ## VendorPrice Objects
2025-08-19T10:52:24.8900007Z 
2025-08-19T10:52:24.8900074Z ```python
2025-08-19T10:52:24.8900240Z class VendorPrice(Base)
2025-08-19T10:52:24.8900431Z ```
2025-08-19T10:52:24.8900516Z 
2025-08-19T10:52:24.8900629Z Association table linking vendors to pricing.
2025-08-19T10:52:24.8900820Z 
2025-08-19T10:52:24.8900900Z <a id="common.db_url"></a>
2025-08-19T10:52:24.8901045Z 
2025-08-19T10:52:24.8901115Z # common.db\_url
2025-08-19T10:52:24.8901223Z 
2025-08-19T10:52:24.8901309Z <a id="common.db_url.build_url"></a>
2025-08-19T10:52:24.8901480Z 
2025-08-19T10:52:24.8901549Z #### build\_url
2025-08-19T10:52:24.8901653Z 
2025-08-19T10:52:24.8901727Z ```python
2025-08-19T10:52:24.8901907Z def build_url(async_: bool = True) -> str
2025-08-19T10:52:24.8902286Z ```
2025-08-19T10:52:24.8902374Z 
2025-08-19T10:52:24.8902475Z Return Postgres DSN from env or PG_* parts.
2025-08-19T10:52:24.8902664Z 
2025-08-19T10:52:24.8902744Z <a id="common.keepa"></a>
2025-08-19T10:52:24.8902876Z 
2025-08-19T10:52:24.8902947Z # common.keepa
2025-08-19T10:52:24.8903058Z 
2025-08-19T10:52:24.8903133Z <a id="common.llm"></a>
2025-08-19T10:52:24.8903255Z 
2025-08-19T10:52:24.8903332Z # common.llm
2025-08-19T10:52:24.8903430Z 
2025-08-19T10:52:24.8903514Z <a id="common.settings"></a>
2025-08-19T10:52:24.8903661Z 
2025-08-19T10:52:24.8903733Z # common.settings
2025-08-19T10:52:24.8903846Z 
2025-08-19T10:52:24.8903922Z <a id="common.db"></a>
2025-08-19T10:52:24.8904051Z 
2025-08-19T10:52:24.8904120Z # common.db
2025-08-19T10:52:24.8904214Z 
2025-08-19T10:52:24.8904318Z <a id="common.db.build_sqlalchemy_url"></a>
2025-08-19T10:52:24.8904495Z 
2025-08-19T10:52:24.8904576Z #### build\_sqlalchemy\_url
2025-08-19T10:52:24.8904714Z 
2025-08-19T10:52:24.8904789Z ```python
2025-08-19T10:52:24.8904977Z def build_sqlalchemy_url() -> str
2025-08-19T10:52:24.8905201Z ```
2025-08-19T10:52:24.8905286Z 
2025-08-19T10:52:24.8905388Z Return Postgres URL for SQLAlchemy engines.
2025-08-19T10:52:24.8905576Z 
2025-08-19T10:52:24.8905667Z <a id="common.db.build_asyncpg_dsn"></a>
2025-08-19T10:52:24.8905842Z 
2025-08-19T10:52:24.8905926Z #### build\_asyncpg\_dsn
2025-08-19T10:52:24.8906057Z 
2025-08-19T10:52:24.8906123Z ```python
2025-08-19T10:52:24.8906309Z def build_asyncpg_dsn() -> str
2025-08-19T10:52:24.8906518Z ```
2025-08-19T10:52:24.8906611Z 
2025-08-19T10:52:24.8906747Z Return DSN suitable for asyncpg (without driver suffix).
2025-08-19T10:52:24.8906969Z 
2025-08-19T10:52:24.8907058Z <a id="common.db.refresh_mvs"></a>
2025-08-19T10:52:24.8907227Z 
2025-08-19T10:52:24.8907300Z #### refresh\_mvs
2025-08-19T10:52:24.8907410Z 
2025-08-19T10:52:24.8907485Z ```python
2025-08-19T10:52:24.8907686Z def refresh_mvs(conn: Engine | Connection) -> None
2025-08-19T10:52:24.8907953Z ```
2025-08-19T10:52:24.8908149Z 
2025-08-19T10:52:24.8908415Z Refresh materialized views, using CONCURRENTLY when safe.
2025-08-19T10:52:24.8908652Z 
2025-08-19T10:52:24.8908733Z <a id="common.config"></a>
2025-08-19T10:52:24.8908865Z 
2025-08-19T10:52:24.8908949Z # common.config
2025-08-19T10:52:24.8909057Z 
2025-08-19T10:52:24.8909135Z <a id="common.base"></a>
2025-08-19T10:52:24.8909259Z 
2025-08-19T10:52:24.8909335Z # common.base
2025-08-19T10:52:24.8909434Z 
2025-08-19T10:52:24.8909516Z <a id="common.base.Base"></a>
2025-08-19T10:52:24.8909665Z 
2025-08-19T10:52:24.8909733Z ## Base Objects
2025-08-19T10:52:24.8909839Z 
2025-08-19T10:52:24.8909905Z ```python
2025-08-19T10:52:24.8910088Z class Base(DeclarativeBase)
2025-08-19T10:52:24.8910296Z ```
2025-08-19T10:52:24.8910378Z 
2025-08-19T10:52:24.8910463Z Base class for SQLAlchemy models.
2025-08-19T10:52:24.8910611Z 
2025-08-19T10:52:24.8910692Z <a id="repricer"></a>
2025-08-19T10:52:24.8910808Z 
2025-08-19T10:52:24.8910872Z # repricer
2025-08-19T10:52:24.8910968Z 
2025-08-19T10:52:24.8911067Z <a id="repricer.app.schemas"></a>
2025-08-19T10:52:24.8911219Z 
2025-08-19T10:52:24.8911295Z # repricer.app.schemas
2025-08-19T10:52:24.8911455Z 
2025-08-19T10:52:24.8911541Z <a id="repricer.app.deps"></a>
2025-08-19T10:52:24.8911688Z 
2025-08-19T10:52:24.8911767Z # repricer.app.deps
2025-08-19T10:52:24.8911882Z 
2025-08-19T10:52:24.8911998Z Placeholder module for Keepa / SP-API clients.
2025-08-19T10:52:24.8912195Z 
2025-08-19T10:52:24.8912280Z <a id="repricer.app.logic"></a>
2025-08-19T10:52:24.8912426Z 
2025-08-19T10:52:24.8912501Z # repricer.app.logic
2025-08-19T10:52:24.8912623Z 
2025-08-19T10:52:24.8912722Z <a id="repricer.app.logic.MIN_MARGIN"></a>
2025-08-19T10:52:24.8912896Z 
2025-08-19T10:52:24.8912967Z #### MIN\_MARGIN
2025-08-19T10:52:24.8913069Z 
2025-08-19T10:52:24.8913134Z 15 % ROI
2025-08-19T10:52:24.8913228Z 
2025-08-19T10:52:24.8913333Z <a id="repricer.app.logic.compute_price"></a>
2025-08-19T10:52:24.8913514Z 
2025-08-19T10:52:24.8913585Z #### compute\_price
2025-08-19T10:52:24.8913827Z 
2025-08-19T10:52:24.8913893Z ```python
2025-08-19T10:52:24.8914146Z def compute_price(asin: str, cost: Decimal, fees: Decimal) -> Decimal
2025-08-19T10:52:24.8914452Z ```
2025-08-19T10:52:24.8914537Z 
2025-08-19T10:52:24.8914653Z Toy algorithm: ensure 15 % ROI and round to cents.
2025-08-19T10:52:24.8914940Z Replace with real competitive logic later.
2025-08-19T10:52:24.8915122Z 
2025-08-19T10:52:24.8915207Z <a id="repricer.app.main"></a>
2025-08-19T10:52:24.8915351Z 
2025-08-19T10:52:24.8915424Z # repricer.app.main
2025-08-19T10:52:24.8915547Z 
2025-08-19T10:52:24.8915628Z <a id="repricer.app"></a>
2025-08-19T10:52:24.8915761Z 
2025-08-19T10:52:24.8915841Z # repricer.app
2025-08-19T10:52:24.8915943Z 
2025-08-19T10:52:24.8916038Z <a id="repricer.tests.test_imports"></a>
2025-08-19T10:52:24.8916217Z 
2025-08-19T10:52:24.8916299Z # repricer.tests.test\_imports
2025-08-19T10:52:24.8916446Z 
2025-08-19T10:52:24.8916537Z <a id="repricer.tests.test_smoke"></a>
2025-08-19T10:52:24.8916709Z 
2025-08-19T10:52:24.8916816Z # repricer.tests.test\_smoke
2025-08-19T10:52:24.8916958Z 
2025-08-19T10:52:24.8917048Z <a id="repricer.tests"></a>
2025-08-19T10:52:24.8917183Z 
2025-08-19T10:52:24.8917253Z # repricer.tests
2025-08-19T10:52:24.8917361Z 
2025-08-19T10:52:24.8917438Z <a id="db"></a>
2025-08-19T10:52:24.8917553Z 
2025-08-19T10:52:24.8917628Z # db
2025-08-19T10:52:24.8917725Z 
2025-08-19T10:52:24.8917805Z <a id="db.utils.views"></a>
2025-08-19T10:52:24.8917935Z 
2025-08-19T10:52:24.8918106Z # db.utils.views
2025-08-19T10:52:24.8918212Z 
2025-08-19T10:52:24.8918307Z <a id="db.utils.views.replace_view"></a>
2025-08-19T10:52:24.8918476Z 
2025-08-19T10:52:24.8918551Z #### replace\_view
2025-08-19T10:52:24.8918660Z 
2025-08-19T10:52:24.8918723Z ```python
2025-08-19T10:52:24.8918924Z def replace_view(name: str, new_sql: str) -> None
2025-08-19T10:52:24.8919173Z ```
2025-08-19T10:52:24.8919264Z 
2025-08-19T10:52:24.8919352Z Drop and recreate a SQL view atomically.
2025-08-19T10:52:24.8919521Z 
2025-08-19T10:52:24.8919777Z <a id="db.utils"></a>
2025-08-19T10:52:24.8919899Z 
2025-08-19T10:52:24.8919967Z # db.utils
2025-08-19T10:52:24.8920060Z 
2025-08-19T10:52:24.8920149Z <a id="price_importer"></a>
2025-08-19T10:52:24.8920285Z 
2025-08-19T10:52:24.8920356Z # price\_importer
2025-08-19T10:52:24.8920472Z 
2025-08-19T10:52:24.8920578Z <a id="price_importer.services_common.dsn"></a>
2025-08-19T10:52:24.8920766Z 
2025-08-19T10:52:24.8920865Z # price\_importer.services\_common.dsn
2025-08-19T10:52:24.8921033Z 
2025-08-19T10:52:24.8921162Z <a id="price_importer.services_common.dsn.build_dsn"></a>
2025-08-19T10:52:24.8921373Z 
2025-08-19T10:52:24.8921452Z #### build\_dsn
2025-08-19T10:52:24.8921557Z 
2025-08-19T10:52:24.8921622Z ```python
2025-08-19T10:52:24.8921809Z def build_dsn(sync: bool = True) -> str
2025-08-19T10:52:24.8922031Z ```
2025-08-19T10:52:24.8922128Z 
2025-08-19T10:52:24.8922198Z Return safe DSN.
2025-08-19T10:52:24.8922307Z 
2025-08-19T10:52:24.8922720Z sync=True → SQLAlchemy (+psycopg) else plain asyncpg.
2025-08-19T10:52:24.8922942Z 
2025-08-19T10:52:24.8923072Z <a id="price_importer.services_common.models_vendor"></a>
2025-08-19T10:52:24.8923288Z 
2025-08-19T10:52:24.8923405Z # price\_importer.services\_common.models\_vendor
2025-08-19T10:52:24.8923598Z 
2025-08-19T10:52:24.8923705Z <a id="price_importer.services_common.db_url"></a>
2025-08-19T10:52:24.8923898Z 
2025-08-19T10:52:24.8923992Z # price\_importer.services\_common.db\_url
2025-08-19T10:52:24.8924166Z 
2025-08-19T10:52:24.8924311Z <a id="price_importer.services_common.db_url.build_url"></a>
2025-08-19T10:52:24.8924527Z 
2025-08-19T10:52:24.8924594Z #### build\_url
2025-08-19T10:52:24.8924709Z 
2025-08-19T10:52:24.8924776Z ```python
2025-08-19T10:52:24.8924955Z def build_url(async_: bool = True) -> str
2025-08-19T10:52:24.8925196Z ```
2025-08-19T10:52:24.8925282Z 
2025-08-19T10:52:24.8925379Z Return Postgres DSN from env or PG_* parts.
2025-08-19T10:52:24.8925565Z 
2025-08-19T10:52:24.8925673Z <a id="price_importer.services_common.keepa"></a>
2025-08-19T10:52:24.8926008Z 
2025-08-19T10:52:24.8926116Z # price\_importer.services\_common.keepa
2025-08-19T10:52:24.8926288Z 
2025-08-19T10:52:24.8926392Z <a id="price_importer.services_common.llm"></a>
2025-08-19T10:52:24.8926582Z 
2025-08-19T10:52:24.8926671Z # price\_importer.services\_common.llm
2025-08-19T10:52:24.8926834Z 
2025-08-19T10:52:24.8926960Z <a id="price_importer.services_common.settings"></a>
2025-08-19T10:52:24.8927166Z 
2025-08-19T10:52:24.8927268Z # price\_importer.services\_common.settings
2025-08-19T10:52:24.8927451Z 
2025-08-19T10:52:24.8927567Z <a id="price_importer.services_common.db"></a>
2025-08-19T10:52:24.8927756Z 
2025-08-19T10:52:24.8927851Z # price\_importer.services\_common.db
2025-08-19T10:52:24.8928135Z 
2025-08-19T10:52:24.8928297Z <a id="price_importer.services_common.db.build_sqlalchemy_url"></a>
2025-08-19T10:52:24.8928547Z 
2025-08-19T10:52:24.8928639Z #### build\_sqlalchemy\_url
2025-08-19T10:52:24.8928775Z 
2025-08-19T10:52:24.8928844Z ```python
2025-08-19T10:52:24.8929051Z def build_sqlalchemy_url() -> str
2025-08-19T10:52:24.8929263Z ```
2025-08-19T10:52:24.8929357Z 
2025-08-19T10:52:24.8929459Z Return Postgres URL for SQLAlchemy engines.
2025-08-19T10:52:24.8929636Z 
2025-08-19T10:52:24.8929784Z <a id="price_importer.services_common.db.build_asyncpg_dsn"></a>
2025-08-19T10:52:24.8930022Z 
2025-08-19T10:52:24.8930100Z #### build\_asyncpg\_dsn
2025-08-19T10:52:24.8930226Z 
2025-08-19T10:52:24.8930296Z ```python
2025-08-19T10:52:24.8930467Z def build_asyncpg_dsn() -> str
2025-08-19T10:52:24.8930678Z ```
2025-08-19T10:52:24.8930760Z 
2025-08-19T10:52:24.8930890Z Return DSN suitable for asyncpg (without driver suffix).
2025-08-19T10:52:24.8931111Z 
2025-08-19T10:52:24.8931242Z <a id="price_importer.services_common.db.refresh_mvs"></a>
2025-08-19T10:52:24.8931453Z 
2025-08-19T10:52:24.8931523Z #### refresh\_mvs
2025-08-19T10:52:24.8931638Z 
2025-08-19T10:52:24.8931706Z ```python
2025-08-19T10:52:24.8931914Z def refresh_mvs(conn: Engine | Connection) -> None
2025-08-19T10:52:24.8932174Z ```
2025-08-19T10:52:24.8932381Z 
2025-08-19T10:52:24.8932529Z Refresh materialized views, using CONCURRENTLY when safe.
2025-08-19T10:52:24.8932748Z 
2025-08-19T10:52:24.8932846Z <a id="price_importer.services_common"></a>
2025-08-19T10:52:24.8933031Z 
2025-08-19T10:52:24.8933120Z # price\_importer.services\_common
2025-08-19T10:52:24.8933276Z 
2025-08-19T10:52:24.8933390Z <a id="price_importer.services_common.base"></a>
2025-08-19T10:52:24.8933582Z 
2025-08-19T10:52:24.8933674Z # price\_importer.services\_common.base
2025-08-19T10:52:24.8933842Z 
2025-08-19T10:52:24.8933943Z <a id="price_importer.normaliser"></a>
2025-08-19T10:52:24.8934110Z 
2025-08-19T10:52:24.8934193Z # price\_importer.normaliser
2025-08-19T10:52:24.8934341Z 
2025-08-19T10:52:24.8934445Z <a id="price_importer.common.models_vendor"></a>
2025-08-19T10:52:24.8934633Z 
2025-08-19T10:52:24.8934733Z # price\_importer.common.models\_vendor
2025-08-19T10:52:24.8934900Z 
2025-08-19T10:52:24.8934995Z <a id="price_importer.common.db_url"></a>
2025-08-19T10:52:24.8935179Z 
2025-08-19T10:52:24.8935274Z # price\_importer.common.db\_url
2025-08-19T10:52:24.8935426Z 
2025-08-19T10:52:24.8935533Z <a id="price_importer.common.db_url.make_dsn"></a>
2025-08-19T10:52:24.8935729Z 
2025-08-19T10:52:24.8935795Z #### make\_dsn
2025-08-19T10:52:24.8935898Z 
2025-08-19T10:52:24.8935968Z ```python
2025-08-19T10:52:24.8936145Z def make_dsn(async_: bool = False) -> str
2025-08-19T10:52:24.8936376Z ```
2025-08-19T10:52:24.8936459Z 
2025-08-19T10:52:24.8936579Z Return DSN built from either PG_* or POSTGRES_* vars.
2025-08-19T10:52:24.8936789Z 
2025-08-19T10:52:24.8936897Z <a id="price_importer.common.db_url.build_url"></a>
2025-08-19T10:52:24.8937087Z 
2025-08-19T10:52:24.8937150Z #### build\_url
2025-08-19T10:52:24.8937258Z 
2025-08-19T10:52:24.8937321Z ```python
2025-08-19T10:52:24.8937505Z def build_url(async_: bool = False) -> str
2025-08-19T10:52:24.8937731Z ```
2025-08-19T10:52:24.8937811Z 
2025-08-19T10:52:24.8937944Z Return Postgres DSN built from environment variables.
2025-08-19T10:52:24.8938419Z 
2025-08-19T10:52:24.8938508Z <a id="price_importer.common"></a>
2025-08-19T10:52:24.8938665Z 
2025-08-19T10:52:24.8938742Z # price\_importer.common
2025-08-19T10:52:24.8938868Z 
2025-08-19T10:52:24.8938966Z <a id="price_importer.common.base"></a>
2025-08-19T10:52:24.8939131Z 
2025-08-19T10:52:24.8939215Z # price\_importer.common.base
2025-08-19T10:52:24.8939374Z 
2025-08-19T10:52:24.8939480Z <a id="price_importer.tests.conftest"></a>
2025-08-19T10:52:24.8939651Z 
2025-08-19T10:52:24.8939740Z # price\_importer.tests.conftest
2025-08-19T10:52:24.8939896Z 
2025-08-19T10:52:24.8939996Z <a id="price_importer.tests.test_reader"></a>
2025-08-19T10:52:24.8940176Z 
2025-08-19T10:52:24.8940271Z # price\_importer.tests.test\_reader
2025-08-19T10:52:24.8940432Z 
2025-08-19T10:52:24.8940533Z <a id="price_importer.tests.test_imports"></a>
2025-08-19T10:52:24.8940711Z 
2025-08-19T10:52:24.8940809Z # price\_importer.tests.test\_imports
2025-08-19T10:52:24.8940968Z 
2025-08-19T10:52:24.8941078Z <a id="price_importer.tests.test_smoke"></a>
2025-08-19T10:52:24.8941259Z 
2025-08-19T10:52:24.8941348Z # price\_importer.tests.test\_smoke
2025-08-19T10:52:24.8941504Z 
2025-08-19T10:52:24.8941619Z <a id="price_importer.tests.test_normaliser"></a>
2025-08-19T10:52:24.8941803Z 
2025-08-19T10:52:24.8941896Z # price\_importer.tests.test\_normaliser
2025-08-19T10:52:24.8942062Z 
2025-08-19T10:52:24.8942158Z <a id="price_importer.tests"></a>
2025-08-19T10:52:24.8942309Z 
2025-08-19T10:52:24.8942387Z # price\_importer.tests
2025-08-19T10:52:24.8942518Z 
2025-08-19T10:52:24.8942603Z <a id="price_importer.reader"></a>
2025-08-19T10:52:24.8942755Z 
2025-08-19T10:52:24.8942841Z # price\_importer.reader
2025-08-19T10:52:24.8942970Z 
2025-08-19T10:52:24.8943063Z <a id="price_importer.repository"></a>
2025-08-19T10:52:24.8943226Z 
2025-08-19T10:52:24.8943320Z # price\_importer.repository
2025-08-19T10:52:24.8943459Z 
2025-08-19T10:52:24.8943543Z <a id="price_importer.import"></a>
2025-08-19T10:52:24.8943700Z 
2025-08-19T10:52:24.8943901Z # price\_importer.import
2025-08-19T10:52:24.8944029Z 
2025-08-19T10:52:24.8944102Z <a id="fees_h10"></a>
2025-08-19T10:52:24.8944220Z 
2025-08-19T10:52:24.8944284Z # fees\_h10
2025-08-19T10:52:24.8944377Z 
2025-08-19T10:52:24.8944464Z <a id="fees_h10.worker"></a>
2025-08-19T10:52:24.8944597Z 
2025-08-19T10:52:24.8944666Z # fees\_h10.worker
2025-08-19T10:52:24.8944779Z 
2025-08-19T10:52:24.8944876Z <a id="fees_h10.worker.list_active_asins"></a>
2025-08-19T10:52:24.8945052Z 
2025-08-19T10:52:24.8945125Z #### list\_active\_asins
2025-08-19T10:52:24.8945252Z 
2025-08-19T10:52:24.8945316Z ```python
2025-08-19T10:52:24.8945492Z def list_active_asins() -> list[str]
2025-08-19T10:52:24.8945705Z ```
2025-08-19T10:52:24.8945786Z 
2025-08-19T10:52:24.8945906Z Return known ASINs or an empty list if unavailable.
2025-08-19T10:52:24.8946100Z 
2025-08-19T10:52:24.8946184Z <a id="fees_h10.tests.test_smoke"></a>
2025-08-19T10:52:24.8946350Z 
2025-08-19T10:52:24.8946431Z # fees\_h10.tests.test\_smoke
2025-08-19T10:52:24.8946579Z 
2025-08-19T10:52:24.8946663Z <a id="fees_h10.tests"></a>
2025-08-19T10:52:24.8946794Z 
2025-08-19T10:52:24.8946861Z # fees\_h10.tests
2025-08-19T10:52:24.8946966Z 
2025-08-19T10:52:24.8947051Z <a id="fees_h10.client"></a>
2025-08-19T10:52:24.8947181Z 
2025-08-19T10:52:24.8947248Z # fees\_h10.client
2025-08-19T10:52:24.8947361Z 
2025-08-19T10:52:24.8947443Z <a id="fees_h10.repository"></a>
2025-08-19T10:52:24.8947587Z 
2025-08-19T10:52:24.8947664Z # fees\_h10.repository
2025-08-19T10:52:24.8947786Z 
2025-08-19T10:52:24.8947856Z <a id="emailer"></a>
2025-08-19T10:52:24.8947968Z 
2025-08-19T10:52:24.8948141Z # emailer
2025-08-19T10:52:24.8948233Z 
2025-08-19T10:52:24.8948334Z <a id="emailer.tests.test_import_emailer"></a>
2025-08-19T10:52:24.8948515Z 
2025-08-19T10:52:24.8948606Z # emailer.tests.test\_import\_emailer
2025-08-19T10:52:24.8948761Z 
2025-08-19T10:52:24.8948849Z <a id="emailer.tests.test_smoke"></a>
2025-08-19T10:52:24.8949009Z 
2025-08-19T10:52:24.8949095Z # emailer.tests.test\_smoke
2025-08-19T10:52:24.8949355Z 
2025-08-19T10:52:24.8949441Z <a id="emailer.tests"></a>
2025-08-19T10:52:24.8949570Z 
2025-08-19T10:52:24.8949638Z # emailer.tests
2025-08-19T10:52:24.8949747Z 
2025-08-19T10:52:24.8949832Z <a id="emailer.generate_body"></a>
2025-08-19T10:52:24.8949982Z 
2025-08-19T10:52:24.8950058Z # emailer.generate\_body
2025-08-19T10:52:24.8950189Z 
2025-08-19T10:52:24.8950260Z <a id="llm_server"></a>
2025-08-19T10:52:24.8950377Z 
2025-08-19T10:52:24.8950449Z # llm\_server
2025-08-19T10:52:24.8950547Z 
2025-08-19T10:52:24.8950627Z <a id="llm_server.app"></a>
2025-08-19T10:52:24.8950757Z 
2025-08-19T10:52:24.8950832Z # llm\_server.app
2025-08-19T10:52:24.8950938Z 
2025-08-19T10:52:24.9321613Z ##[group]Run peaceiris/actions-gh-pages@v3
2025-08-19T10:52:24.9321925Z with:
2025-08-19T10:52:24.9322426Z   github_token: ***
2025-08-19T10:52:24.9322665Z   publish_branch: gh-pages
2025-08-19T10:52:24.9322909Z   publish_dir: docs/api
2025-08-19T10:52:24.9323152Z   allow_empty_commit: false
2025-08-19T10:52:24.9323404Z   keep_files: false
2025-08-19T10:52:24.9323621Z   force_orphan: false
2025-08-19T10:52:24.9323839Z   enable_jekyll: false
2025-08-19T10:52:24.9324069Z   disable_nojekyll: false
2025-08-19T10:52:24.9324302Z   exclude_assets: .github
2025-08-19T10:52:24.9324524Z env:
2025-08-19T10:52:24.9324779Z   pythonLocation: /opt/hostedtoolcache/Python/3.11.13/x64
2025-08-19T10:52:24.9325241Z   PKG_CONFIG_PATH: /opt/hostedtoolcache/Python/3.11.13/x64/lib/pkgconfig
2025-08-19T10:52:24.9325694Z   Python_ROOT_DIR: /opt/hostedtoolcache/Python/3.11.13/x64
2025-08-19T10:52:24.9326092Z   Python2_ROOT_DIR: /opt/hostedtoolcache/Python/3.11.13/x64
2025-08-19T10:52:24.9326524Z   Python3_ROOT_DIR: /opt/hostedtoolcache/Python/3.11.13/x64
2025-08-19T10:52:24.9326925Z   LD_LIBRARY_PATH: /opt/hostedtoolcache/Python/3.11.13/x64/lib
2025-08-19T10:52:24.9327266Z ##[endgroup]
2025-08-19T10:52:24.9963826Z [INFO] Usage https://github.com/peaceiris/actions-gh-pages#readme
2025-08-19T10:52:24.9969144Z ##[group]Dump inputs
2025-08-19T10:52:24.9969775Z [INFO] GithubToken: true
2025-08-19T10:52:24.9970390Z [INFO] PublishBranch: gh-pages
2025-08-19T10:52:24.9971024Z [INFO] PublishDir: docs/api
2025-08-19T10:52:24.9971505Z [INFO] DestinationDir: 
2025-08-19T10:52:24.9971911Z [INFO] ExternalRepository: 
2025-08-19T10:52:24.9972601Z [INFO] AllowEmptyCommit: false
2025-08-19T10:52:24.9973208Z [INFO] KeepFiles: false
2025-08-19T10:52:24.9973765Z [INFO] ForceOrphan: false
2025-08-19T10:52:24.9974311Z [INFO] UserName: 
2025-08-19T10:52:24.9974822Z [INFO] UserEmail: 
2025-08-19T10:52:24.9975439Z [INFO] CommitMessage: 
2025-08-19T10:52:24.9976021Z [INFO] FullCommitMessage: 
2025-08-19T10:52:24.9976544Z [INFO] TagName: 
2025-08-19T10:52:24.9976848Z [INFO] TagMessage: 
2025-08-19T10:52:24.9977210Z [INFO] EnableJekyll (DisableNoJekyll): false
2025-08-19T10:52:24.9977644Z [INFO] CNAME: 
2025-08-19T10:52:24.9977968Z [INFO] ExcludeAssets .github
2025-08-19T10:52:24.9978487Z 
2025-08-19T10:52:24.9979079Z ##[endgroup]
2025-08-19T10:52:24.9979837Z ##[group]Setup auth token
2025-08-19T10:52:24.9980209Z [INFO] setup GITHUB_TOKEN
2025-08-19T10:52:24.9981497Z ##[endgroup]
2025-08-19T10:52:24.9982034Z ##[group]Prepare publishing assets
2025-08-19T10:52:24.9982668Z [INFO] ForceOrphan: false
2025-08-19T10:52:25.0028390Z [command]/usr/bin/git clone --depth=1 --single-branch --branch gh-pages ***github.com/AlexBomber12/AWA-App.git /home/runner/actions_github_pages_1755600744997
2025-08-19T10:52:25.0064606Z Cloning into '/home/runner/actions_github_pages_1755600744997'...
2025-08-19T10:52:25.1816415Z [INFO] clean up /home/runner/actions_github_pages_1755600744997
2025-08-19T10:52:25.1817257Z [INFO] chdir /home/runner/actions_github_pages_1755600744997
2025-08-19T10:52:25.1831901Z [command]/usr/bin/git rm -r --ignore-unmatch *
2025-08-19T10:52:25.1859939Z rm '.gitkeep'
2025-08-19T10:52:25.1860625Z rm '.nojekyll'
2025-08-19T10:52:25.1864577Z [INFO] chdir /home/runner/actions_github_pages_1755600744997
2025-08-19T10:52:25.1865352Z [INFO] prepare publishing assets
2025-08-19T10:52:25.1866974Z [INFO] copy /home/runner/work/AWA-App/AWA-App/docs/api to /home/runner/actions_github_pages_1755600744997
2025-08-19T10:52:25.1897369Z cp: no such file or directory: /home/runner/work/AWA-App/AWA-App/docs/api/*
2025-08-19T10:52:25.1907574Z [INFO] delete excluded assets
2025-08-19T10:52:25.1936419Z rm: no paths given
2025-08-19T10:52:25.1938802Z [INFO] Created /home/runner/actions_github_pages_1755600744997/.nojekyll
2025-08-19T10:52:25.1940216Z ##[endgroup]
2025-08-19T10:52:25.1941086Z ##[group]Setup Git config
2025-08-19T10:52:25.1956782Z [command]/usr/bin/git remote rm origin
2025-08-19T10:52:25.2046911Z [command]/usr/bin/git remote add origin ***github.com/AlexBomber12/AWA-App.git
2025-08-19T10:52:25.2093857Z [command]/usr/bin/git add --all
2025-08-19T10:52:25.2140687Z [command]/usr/bin/git config user.name AlexBomber12
2025-08-19T10:52:25.2184436Z [command]/usr/bin/git config user.email AlexBomber12@users.noreply.github.com
2025-08-19T10:52:25.2214447Z ##[endgroup]
2025-08-19T10:52:25.2215174Z ##[group]Create a commit
2025-08-19T10:52:25.2226811Z [command]/usr/bin/git commit -m deploy: 966755ce9e8f5b06d475de9d66911f55bb53e5fb
2025-08-19T10:52:25.2254915Z On branch gh-pages
2025-08-19T10:52:25.2255482Z nothing to commit, working tree clean
2025-08-19T10:52:25.2260153Z [INFO] skip commit
2025-08-19T10:52:25.2261201Z ##[endgroup]
2025-08-19T10:52:25.2261897Z ##[group]Push the commit or tag
2025-08-19T10:52:25.2273662Z [command]/usr/bin/git push origin gh-pages
2025-08-19T10:52:25.4391878Z Everything up-to-date
2025-08-19T10:52:25.4437134Z ##[endgroup]
2025-08-19T10:52:25.4437710Z [INFO] Action successfully completed
2025-08-19T10:52:25.4554768Z Post job cleanup.
2025-08-19T10:52:25.6204288Z Post job cleanup.
2025-08-19T10:52:25.7167292Z [command]/usr/bin/git version
2025-08-19T10:52:25.7205219Z git version 2.50.1
2025-08-19T10:52:25.7257244Z Temporarily overriding HOME='/home/runner/work/_temp/81843a7a-f80c-43f6-84aa-9ec4c899c299' before making global git config changes
2025-08-19T10:52:25.7258960Z Adding repository directory to the temporary git global config as a safe directory
2025-08-19T10:52:25.7263697Z [command]/usr/bin/git config --global --add safe.directory /home/runner/work/AWA-App/AWA-App
2025-08-19T10:52:25.7299957Z [command]/usr/bin/git config --local --name-only --get-regexp core\.sshCommand
2025-08-19T10:52:25.7334473Z [command]/usr/bin/git submodule foreach --recursive sh -c "git config --local --name-only --get-regexp 'core\.sshCommand' && git config --local --unset-all 'core.sshCommand' || :"
2025-08-19T10:52:25.7573190Z [command]/usr/bin/git config --local --name-only --get-regexp http\.https\:\/\/github\.com\/\.extraheader
2025-08-19T10:52:25.7595526Z http.https://github.com/.extraheader
2025-08-19T10:52:25.7608613Z [command]/usr/bin/git config --local --unset-all http.https://github.com/.extraheader
2025-08-19T10:52:25.7638994Z [command]/usr/bin/git submodule foreach --recursive sh -c "git config --local --name-only --get-regexp 'http\.https\:\/\/github\.com\/\.extraheader' && git config --local --unset-all 'http.https://github.com/.extraheader' || :"
2025-08-19T10:52:25.7976548Z Cleaning up orphan processes
