2025-08-19T08:15:12.3986417Z Current runner version: '2.327.1'
2025-08-19T08:15:12.4008896Z ##[group]Runner Image Provisioner
2025-08-19T08:15:12.4009968Z Hosted Compute Agent
2025-08-19T08:15:12.4010574Z Version: 20250818.377
2025-08-19T08:15:12.4011194Z Commit: 3c593e9f75fe0b87e893bca80d6e12ba089c61fc
2025-08-19T08:15:12.4011880Z Build Date: 2025-08-18T14:52:18Z
2025-08-19T08:15:12.4012550Z ##[endgroup]
2025-08-19T08:15:12.4013058Z ##[group]Operating System
2025-08-19T08:15:12.4013613Z Ubuntu
2025-08-19T08:15:12.4014122Z 24.04.2
2025-08-19T08:15:12.4014569Z LTS
2025-08-19T08:15:12.4015055Z ##[endgroup]
2025-08-19T08:15:12.4015489Z ##[group]Runner Image
2025-08-19T08:15:12.4016098Z Image: ubuntu-24.04
2025-08-19T08:15:12.4016560Z Version: 20250810.1.0
2025-08-19T08:15:12.4017535Z Included Software: https://github.com/actions/runner-images/blob/ubuntu24/20250810.1/images/ubuntu/Ubuntu2404-Readme.md
2025-08-19T08:15:12.4019124Z Image Release: https://github.com/actions/runner-images/releases/tag/ubuntu24%2F20250810.1
2025-08-19T08:15:12.4020269Z ##[endgroup]
2025-08-19T08:15:12.4022567Z ##[group]GITHUB_TOKEN Permissions
2025-08-19T08:15:12.4024463Z Actions: write
2025-08-19T08:15:12.4025071Z Attestations: write
2025-08-19T08:15:12.4025613Z Checks: write
2025-08-19T08:15:12.4026059Z Contents: write
2025-08-19T08:15:12.4026606Z Deployments: write
2025-08-19T08:15:12.4027078Z Discussions: write
2025-08-19T08:15:12.4027567Z Issues: write
2025-08-19T08:15:12.4028039Z Metadata: read
2025-08-19T08:15:12.4028565Z Models: read
2025-08-19T08:15:12.4029041Z Packages: write
2025-08-19T08:15:12.4029536Z Pages: write
2025-08-19T08:15:12.4030449Z PullRequests: write
2025-08-19T08:15:12.4030951Z RepositoryProjects: write
2025-08-19T08:15:12.4031578Z SecurityEvents: write
2025-08-19T08:15:12.4032216Z Statuses: write
2025-08-19T08:15:12.4032717Z ##[endgroup]
2025-08-19T08:15:12.4035267Z Secret source: Actions
2025-08-19T08:15:12.4035947Z Prepare workflow directory
2025-08-19T08:15:12.4350065Z Prepare all required actions
2025-08-19T08:15:12.4386579Z Getting action download info
2025-08-19T08:15:12.9197847Z Download action repository 'actions/checkout@v4' (SHA:08eba0b27e820071cde6df949e0beb9ba4906955)
2025-08-19T08:15:13.5006898Z Download action repository 'actions/setup-python@v5' (SHA:a26af69be951a213d495a4c3e4e4022e16d87065)
2025-08-19T08:15:14.1622660Z Download action repository 'peaceiris/actions-gh-pages@v3' (SHA:373f7f263a76c20808c831209c920827a82a2847)
2025-08-19T08:15:14.9657911Z Complete job name: publish
2025-08-19T08:15:15.0423622Z ##[group]Run actions/checkout@v4
2025-08-19T08:15:15.0424857Z with:
2025-08-19T08:15:15.0425563Z   repository: AlexBomber12/AWA-App
2025-08-19T08:15:15.0426751Z   token: ***
2025-08-19T08:15:15.0427430Z   ssh-strict: true
2025-08-19T08:15:15.0428139Z   ssh-user: git
2025-08-19T08:15:15.0428871Z   persist-credentials: true
2025-08-19T08:15:15.0429860Z   clean: true
2025-08-19T08:15:15.0430597Z   sparse-checkout-cone-mode: true
2025-08-19T08:15:15.0431492Z   fetch-depth: 1
2025-08-19T08:15:15.0432220Z   fetch-tags: false
2025-08-19T08:15:15.0432960Z   show-progress: true
2025-08-19T08:15:15.0433679Z   lfs: false
2025-08-19T08:15:15.0434341Z   submodules: false
2025-08-19T08:15:15.0435069Z   set-safe-directory: true
2025-08-19T08:15:15.0436127Z ##[endgroup]
2025-08-19T08:15:15.1546154Z Syncing repository: AlexBomber12/AWA-App
2025-08-19T08:15:15.1548795Z ##[group]Getting Git version info
2025-08-19T08:15:15.1550258Z Working directory is '/home/runner/work/AWA-App/AWA-App'
2025-08-19T08:15:15.1552220Z [command]/usr/bin/git version
2025-08-19T08:15:15.1578398Z git version 2.50.1
2025-08-19T08:15:15.1603531Z ##[endgroup]
2025-08-19T08:15:15.1616941Z Temporarily overriding HOME='/home/runner/work/_temp/16aabefb-f1f5-4b40-a32f-c8214bc01ad7' before making global git config changes
2025-08-19T08:15:15.1619928Z Adding repository directory to the temporary git global config as a safe directory
2025-08-19T08:15:15.1622531Z [command]/usr/bin/git config --global --add safe.directory /home/runner/work/AWA-App/AWA-App
2025-08-19T08:15:15.1653428Z Deleting the contents of '/home/runner/work/AWA-App/AWA-App'
2025-08-19T08:15:15.1656878Z ##[group]Initializing the repository
2025-08-19T08:15:15.1660658Z [command]/usr/bin/git init /home/runner/work/AWA-App/AWA-App
2025-08-19T08:15:15.1713306Z hint: Using 'master' as the name for the initial branch. This default branch name
2025-08-19T08:15:15.1716432Z hint: is subject to change. To configure the initial branch name to use in all
2025-08-19T08:15:15.1718300Z hint: of your new repositories, which will suppress this warning, call:
2025-08-19T08:15:15.1719780Z hint:
2025-08-19T08:15:15.1720880Z hint: 	git config --global init.defaultBranch <name>
2025-08-19T08:15:15.1722269Z hint:
2025-08-19T08:15:15.1723288Z hint: Names commonly chosen instead of 'master' are 'main', 'trunk' and
2025-08-19T08:15:15.1725050Z hint: 'development'. The just-created branch can be renamed via this command:
2025-08-19T08:15:15.1726818Z hint:
2025-08-19T08:15:15.1727513Z hint: 	git branch -m <name>
2025-08-19T08:15:15.1728332Z hint:
2025-08-19T08:15:15.1729475Z hint: Disable this message with "git config set advice.defaultBranchName false"
2025-08-19T08:15:15.1731587Z Initialized empty Git repository in /home/runner/work/AWA-App/AWA-App/.git/
2025-08-19T08:15:15.1734553Z [command]/usr/bin/git remote add origin https://github.com/AlexBomber12/AWA-App
2025-08-19T08:15:15.1758190Z ##[endgroup]
2025-08-19T08:15:15.1759470Z ##[group]Disabling automatic garbage collection
2025-08-19T08:15:15.1761470Z [command]/usr/bin/git config --local gc.auto 0
2025-08-19T08:15:15.1789349Z ##[endgroup]
2025-08-19T08:15:15.1790780Z ##[group]Setting up auth
2025-08-19T08:15:15.1795490Z [command]/usr/bin/git config --local --name-only --get-regexp core\.sshCommand
2025-08-19T08:15:15.1825182Z [command]/usr/bin/git submodule foreach --recursive sh -c "git config --local --name-only --get-regexp 'core\.sshCommand' && git config --local --unset-all 'core.sshCommand' || :"
2025-08-19T08:15:15.2076870Z [command]/usr/bin/git config --local --name-only --get-regexp http\.https\:\/\/github\.com\/\.extraheader
2025-08-19T08:15:15.2106174Z [command]/usr/bin/git submodule foreach --recursive sh -c "git config --local --name-only --get-regexp 'http\.https\:\/\/github\.com\/\.extraheader' && git config --local --unset-all 'http.https://github.com/.extraheader' || :"
2025-08-19T08:15:15.2323860Z [command]/usr/bin/git config --local http.https://github.com/.extraheader AUTHORIZATION: basic ***
2025-08-19T08:15:15.2365947Z ##[endgroup]
2025-08-19T08:15:15.2368282Z ##[group]Fetching the repository
2025-08-19T08:15:15.2377218Z [command]/usr/bin/git -c protocol.version=2 fetch --no-tags --prune --no-recurse-submodules --depth=1 origin +385654d44a0c2cfabf2fc1169731b0890188a8e6:refs/remotes/pull/269/merge
2025-08-19T08:15:15.8291427Z From https://github.com/AlexBomber12/AWA-App
2025-08-19T08:15:15.8292210Z  * [new ref]         385654d44a0c2cfabf2fc1169731b0890188a8e6 -> pull/269/merge
2025-08-19T08:15:15.8317711Z ##[endgroup]
2025-08-19T08:15:15.8318494Z ##[group]Determining the checkout info
2025-08-19T08:15:15.8320778Z ##[endgroup]
2025-08-19T08:15:15.8326132Z [command]/usr/bin/git sparse-checkout disable
2025-08-19T08:15:15.8368577Z [command]/usr/bin/git config --local --unset-all extensions.worktreeConfig
2025-08-19T08:15:15.8400174Z ##[group]Checking out the ref
2025-08-19T08:15:15.8405337Z [command]/usr/bin/git checkout --progress --force refs/remotes/pull/269/merge
2025-08-19T08:15:15.8734633Z Note: switching to 'refs/remotes/pull/269/merge'.
2025-08-19T08:15:15.8735146Z 
2025-08-19T08:15:15.8735485Z You are in 'detached HEAD' state. You can look around, make experimental
2025-08-19T08:15:15.8736299Z changes and commit them, and you can discard any commits you make in this
2025-08-19T08:15:15.8737088Z state without impacting any branches by switching back to a branch.
2025-08-19T08:15:15.8737540Z 
2025-08-19T08:15:15.8737843Z If you want to create a new branch to retain commits you create, you may
2025-08-19T08:15:15.8738448Z do so (now or later) by using -c with the switch command. Example:
2025-08-19T08:15:15.8739047Z 
2025-08-19T08:15:15.8739196Z   git switch -c <new-branch-name>
2025-08-19T08:15:15.8739429Z 
2025-08-19T08:15:15.8739751Z Or undo this operation with:
2025-08-19T08:15:15.8740049Z 
2025-08-19T08:15:15.8740179Z   git switch -
2025-08-19T08:15:15.8740368Z 
2025-08-19T08:15:15.8740646Z Turn off this advice by setting config variable advice.detachedHead to false
2025-08-19T08:15:15.8741050Z 
2025-08-19T08:15:15.8741501Z HEAD is now at 385654d Merge b90ddea74492a7a46345b8b4528e894c2d6e24c6 into 13faa42ef299b5421b0f5f48b52901c92170121a
2025-08-19T08:15:15.8743457Z ##[endgroup]
2025-08-19T08:15:15.8776093Z [command]/usr/bin/git log -1 --format=%H
2025-08-19T08:15:15.8797726Z 385654d44a0c2cfabf2fc1169731b0890188a8e6
2025-08-19T08:15:15.9020420Z ##[group]Run actions/setup-python@v5
2025-08-19T08:15:15.9020770Z with:
2025-08-19T08:15:15.9020993Z   python-version: 3.11
2025-08-19T08:15:15.9021252Z   check-latest: false
2025-08-19T08:15:15.9021628Z   token: ***
2025-08-19T08:15:15.9021877Z   update-environment: true
2025-08-19T08:15:15.9022141Z   allow-prereleases: false
2025-08-19T08:15:15.9022398Z   freethreaded: false
2025-08-19T08:15:15.9022631Z ##[endgroup]
2025-08-19T08:15:16.0632238Z ##[group]Installed versions
2025-08-19T08:15:16.0714137Z Successfully set up CPython (3.11.13)
2025-08-19T08:15:16.0715074Z ##[endgroup]
2025-08-19T08:15:16.0834630Z ##[group]Run pip install pydoc-markdown
2025-08-19T08:15:16.0835063Z [36;1mpip install pydoc-markdown[0m
2025-08-19T08:15:16.0997813Z shell: /usr/bin/bash -e {0}
2025-08-19T08:15:16.0998110Z env:
2025-08-19T08:15:16.0998406Z   pythonLocation: /opt/hostedtoolcache/Python/3.11.13/x64
2025-08-19T08:15:16.0998883Z   PKG_CONFIG_PATH: /opt/hostedtoolcache/Python/3.11.13/x64/lib/pkgconfig
2025-08-19T08:15:16.0999335Z   Python_ROOT_DIR: /opt/hostedtoolcache/Python/3.11.13/x64
2025-08-19T08:15:16.0999987Z   Python2_ROOT_DIR: /opt/hostedtoolcache/Python/3.11.13/x64
2025-08-19T08:15:16.1000399Z   Python3_ROOT_DIR: /opt/hostedtoolcache/Python/3.11.13/x64
2025-08-19T08:15:16.1000847Z   LD_LIBRARY_PATH: /opt/hostedtoolcache/Python/3.11.13/x64/lib
2025-08-19T08:15:16.1001183Z ##[endgroup]
2025-08-19T08:15:19.1088739Z Collecting pydoc-markdown
2025-08-19T08:15:19.1414335Z   Downloading pydoc_markdown-4.8.2-py3-none-any.whl.metadata (5.9 kB)
2025-08-19T08:15:19.1814339Z Collecting PyYAML<7.0,>=5.0 (from pydoc-markdown)
2025-08-19T08:15:19.1850308Z   Downloading PyYAML-6.0.2-cp311-cp311-manylinux_2_17_x86_64.manylinux2014_x86_64.whl.metadata (2.1 kB)
2025-08-19T08:15:19.2035427Z Collecting click<9.0,>=7.1 (from pydoc-markdown)
2025-08-19T08:15:19.2065422Z   Downloading click-8.2.1-py3-none-any.whl.metadata (2.5 kB)
2025-08-19T08:15:19.2288535Z Collecting databind.core<5.0.0,>=4.4.0 (from pydoc-markdown)
2025-08-19T08:15:19.2330477Z   Downloading databind.core-4.5.2-py3-none-any.whl.metadata (1.1 kB)
2025-08-19T08:15:19.2644798Z Collecting databind.json<5.0.0,>=4.4.0 (from pydoc-markdown)
2025-08-19T08:15:19.2683145Z   Downloading databind.json-4.5.2-py3-none-any.whl.metadata (1.1 kB)
2025-08-19T08:15:19.2796579Z Collecting docspec<3.0.0,>=2.2.1 (from pydoc-markdown)
2025-08-19T08:15:19.2839057Z   Downloading docspec-2.2.2-py3-none-any.whl.metadata (1.0 kB)
2025-08-19T08:15:19.2992911Z Collecting docspec-python<3.0.0,>=2.2.1 (from pydoc-markdown)
2025-08-19T08:15:19.3033010Z   Downloading docspec_python-2.2.2-py3-none-any.whl.metadata (1.0 kB)
2025-08-19T08:15:19.3140318Z Collecting docstring-parser<0.12,>=0.11 (from pydoc-markdown)
2025-08-19T08:15:19.3178025Z   Downloading docstring_parser-0.11.tar.gz (22 kB)
2025-08-19T08:15:19.3304936Z   Installing build dependencies: started
2025-08-19T08:15:20.0555921Z   Installing build dependencies: finished with status 'done'
2025-08-19T08:15:20.0561269Z   Getting requirements to build wheel: started
2025-08-19T08:15:20.4657450Z   Getting requirements to build wheel: finished with status 'done'
2025-08-19T08:15:20.4665283Z   Preparing metadata (pyproject.toml): started
2025-08-19T08:15:20.6413753Z   Preparing metadata (pyproject.toml): finished with status 'done'
2025-08-19T08:15:20.6560026Z Collecting jinja2<4.0.0,>=3.0.0 (from pydoc-markdown)
2025-08-19T08:15:20.6589083Z   Downloading jinja2-3.1.6-py3-none-any.whl.metadata (2.9 kB)
2025-08-19T08:15:20.6769028Z Collecting nr.util<1.0.0,>=0.7.5 (from pydoc-markdown)
2025-08-19T08:15:20.6810090Z   Downloading nr.util-0.8.12-py3-none-any.whl.metadata (813 bytes)
2025-08-19T08:15:20.7079203Z Collecting requests<3.0.0,>=2.23.0 (from pydoc-markdown)
2025-08-19T08:15:20.7112485Z   Downloading requests-2.32.5-py3-none-any.whl.metadata (4.9 kB)
2025-08-19T08:15:20.7264535Z Collecting tomli<3.0.0,>=2.0.0 (from pydoc-markdown)
2025-08-19T08:15:20.7300848Z   Downloading tomli-2.2.1-cp311-cp311-manylinux_2_17_x86_64.manylinux2014_x86_64.whl.metadata (11 kB)
2025-08-19T08:15:20.7449986Z Collecting tomli_w<2.0.0,>=1.0.0 (from pydoc-markdown)
2025-08-19T08:15:20.7489315Z   Downloading tomli_w-1.2.0-py3-none-any.whl.metadata (5.7 kB)
2025-08-19T08:15:20.8072274Z Collecting watchdog (from pydoc-markdown)
2025-08-19T08:15:20.8101775Z   Downloading watchdog-6.0.0-py3-none-manylinux2014_x86_64.whl.metadata (44 kB)
2025-08-19T08:15:20.8310930Z Collecting yapf>=0.30.0 (from pydoc-markdown)
2025-08-19T08:15:20.8344803Z   Downloading yapf-0.43.0-py3-none-any.whl.metadata (46 kB)
2025-08-19T08:15:20.8577489Z Collecting databind<5.0.0,>=4.5.2 (from databind.core<5.0.0,>=4.4.0->pydoc-markdown)
2025-08-19T08:15:20.8610577Z   Downloading databind-4.5.2-py3-none-any.whl.metadata (4.3 kB)
2025-08-19T08:15:20.8746802Z Collecting Deprecated<2.0.0,>=1.2.12 (from databind<5.0.0,>=4.5.2->databind.core<5.0.0,>=4.4.0->pydoc-markdown)
2025-08-19T08:15:20.8776054Z   Downloading Deprecated-1.2.18-py2.py3-none-any.whl.metadata (5.7 kB)
2025-08-19T08:15:20.8883022Z Collecting nr-date<3.0.0,>=2.0.0 (from databind<5.0.0,>=4.5.2->databind.core<5.0.0,>=4.4.0->pydoc-markdown)
2025-08-19T08:15:20.8951426Z   Downloading nr_date-2.1.0-py3-none-any.whl.metadata (746 bytes)
2025-08-19T08:15:20.9078180Z Collecting nr-stream<2.0.0,>=1.0.0 (from databind<5.0.0,>=4.5.2->databind.core<5.0.0,>=4.4.0->pydoc-markdown)
2025-08-19T08:15:20.9115042Z   Downloading nr_stream-1.1.5-py3-none-any.whl.metadata (3.6 kB)
2025-08-19T08:15:20.9278507Z Collecting typeapi<3,>=2.0.1 (from databind<5.0.0,>=4.5.2->databind.core<5.0.0,>=4.4.0->pydoc-markdown)
2025-08-19T08:15:20.9317064Z   Downloading typeapi-2.2.4-py3-none-any.whl.metadata (1.5 kB)
2025-08-19T08:15:20.9485035Z Collecting typing-extensions<5,>=3.10.0 (from databind<5.0.0,>=4.5.2->databind.core<5.0.0,>=4.4.0->pydoc-markdown)
2025-08-19T08:15:20.9519360Z   Downloading typing_extensions-4.14.1-py3-none-any.whl.metadata (3.0 kB)
2025-08-19T08:15:21.0479044Z Collecting wrapt<2,>=1.10 (from Deprecated<2.0.0,>=1.2.12->databind<5.0.0,>=4.5.2->databind.core<5.0.0,>=4.4.0->pydoc-markdown)
2025-08-19T08:15:21.0509121Z   Downloading wrapt-1.17.3-cp311-cp311-manylinux1_x86_64.manylinux_2_28_x86_64.manylinux_2_5_x86_64.whl.metadata (6.4 kB)
2025-08-19T08:15:21.1045967Z Collecting black>=24.8.0 (from docspec-python<3.0.0,>=2.2.1->pydoc-markdown)
2025-08-19T08:15:21.1091405Z   Downloading black-25.1.0-cp311-cp311-manylinux_2_17_x86_64.manylinux2014_x86_64.manylinux_2_28_x86_64.whl.metadata (81 kB)
2025-08-19T08:15:21.1199934Z Collecting docspec<3.0.0,>=2.2.1 (from pydoc-markdown)
2025-08-19T08:15:21.1236966Z   Downloading docspec-2.2.1-py3-none-any.whl.metadata (1.5 kB)
2025-08-19T08:15:21.1782829Z Collecting MarkupSafe>=2.0 (from jinja2<4.0.0,>=3.0.0->pydoc-markdown)
2025-08-19T08:15:21.1813977Z   Downloading MarkupSafe-3.0.2-cp311-cp311-manylinux_2_17_x86_64.manylinux2014_x86_64.whl.metadata (4.0 kB)
2025-08-19T08:15:21.2689001Z Collecting charset_normalizer<4,>=2 (from requests<3.0.0,>=2.23.0->pydoc-markdown)
2025-08-19T08:15:21.2720343Z   Downloading charset_normalizer-3.4.3-cp311-cp311-manylinux2014_x86_64.manylinux_2_17_x86_64.manylinux_2_28_x86_64.whl.metadata (36 kB)
2025-08-19T08:15:21.2867580Z Collecting idna<4,>=2.5 (from requests<3.0.0,>=2.23.0->pydoc-markdown)
2025-08-19T08:15:21.2902693Z   Downloading idna-3.10-py3-none-any.whl.metadata (10 kB)
2025-08-19T08:15:21.3173562Z Collecting urllib3<3,>=1.21.1 (from requests<3.0.0,>=2.23.0->pydoc-markdown)
2025-08-19T08:15:21.3205024Z   Downloading urllib3-2.5.0-py3-none-any.whl.metadata (6.5 kB)
2025-08-19T08:15:21.3397487Z Collecting certifi>=2017.4.17 (from requests<3.0.0,>=2.23.0->pydoc-markdown)
2025-08-19T08:15:21.3425864Z   Downloading certifi-2025.8.3-py3-none-any.whl.metadata (2.4 kB)
2025-08-19T08:15:21.3651387Z Collecting mypy-extensions>=0.4.3 (from black>=24.8.0->docspec-python<3.0.0,>=2.2.1->pydoc-markdown)
2025-08-19T08:15:21.3682927Z   Downloading mypy_extensions-1.1.0-py3-none-any.whl.metadata (1.1 kB)
2025-08-19T08:15:21.3827253Z Collecting packaging>=22.0 (from black>=24.8.0->docspec-python<3.0.0,>=2.2.1->pydoc-markdown)
2025-08-19T08:15:21.3855182Z   Downloading packaging-25.0-py3-none-any.whl.metadata (3.3 kB)
2025-08-19T08:15:21.3967148Z Collecting pathspec>=0.9.0 (from black>=24.8.0->docspec-python<3.0.0,>=2.2.1->pydoc-markdown)
2025-08-19T08:15:21.3996262Z   Downloading pathspec-0.12.1-py3-none-any.whl.metadata (21 kB)
2025-08-19T08:15:21.4178145Z Collecting platformdirs>=2 (from black>=24.8.0->docspec-python<3.0.0,>=2.2.1->pydoc-markdown)
2025-08-19T08:15:21.4206797Z   Downloading platformdirs-4.3.8-py3-none-any.whl.metadata (12 kB)
2025-08-19T08:15:21.4423075Z Downloading pydoc_markdown-4.8.2-py3-none-any.whl (67 kB)
2025-08-19T08:15:21.4477886Z Downloading click-8.2.1-py3-none-any.whl (102 kB)
2025-08-19T08:15:21.4620089Z Downloading databind.core-4.5.2-py3-none-any.whl (1.5 kB)
2025-08-19T08:15:21.4674457Z Downloading databind-4.5.2-py3-none-any.whl (49 kB)
2025-08-19T08:15:21.4731262Z Downloading databind.json-4.5.2-py3-none-any.whl (1.5 kB)
2025-08-19T08:15:21.4782339Z Downloading Deprecated-1.2.18-py2.py3-none-any.whl (10.0 kB)
2025-08-19T08:15:21.4835821Z Downloading docspec_python-2.2.2-py3-none-any.whl (15 kB)
2025-08-19T08:15:21.4895758Z Downloading docspec-2.2.1-py3-none-any.whl (9.8 kB)
2025-08-19T08:15:21.4945097Z Downloading jinja2-3.1.6-py3-none-any.whl (134 kB)
2025-08-19T08:15:21.5006231Z Downloading nr_date-2.1.0-py3-none-any.whl (10 kB)
2025-08-19T08:15:21.5059878Z Downloading nr_stream-1.1.5-py3-none-any.whl (10 kB)
2025-08-19T08:15:21.5166688Z Downloading nr.util-0.8.12-py3-none-any.whl (90 kB)
2025-08-19T08:15:21.5219033Z Downloading PyYAML-6.0.2-cp311-cp311-manylinux_2_17_x86_64.manylinux2014_x86_64.whl (762 kB)
2025-08-19T08:15:21.5303450Z    ━━━━━━━━━━━━━━━━━━━━━━━━━━━━━━━━━━━━━━━━ 763.0/763.0 kB 101.3 MB/s  0:00:00
2025-08-19T08:15:21.5344208Z Downloading requests-2.32.5-py3-none-any.whl (64 kB)
2025-08-19T08:15:21.5422291Z Downloading charset_normalizer-3.4.3-cp311-cp311-manylinux2014_x86_64.manylinux_2_17_x86_64.manylinux_2_28_x86_64.whl (150 kB)
2025-08-19T08:15:21.5503041Z Downloading idna-3.10-py3-none-any.whl (70 kB)
2025-08-19T08:15:21.5559906Z Downloading tomli-2.2.1-cp311-cp311-manylinux_2_17_x86_64.manylinux2014_x86_64.whl (236 kB)
2025-08-19T08:15:21.5620901Z Downloading tomli_w-1.2.0-py3-none-any.whl (6.7 kB)
2025-08-19T08:15:21.5692272Z Downloading typeapi-2.2.4-py3-none-any.whl (26 kB)
2025-08-19T08:15:21.5747197Z Downloading typing_extensions-4.14.1-py3-none-any.whl (43 kB)
2025-08-19T08:15:21.5796616Z Downloading urllib3-2.5.0-py3-none-any.whl (129 kB)
2025-08-19T08:15:21.5847508Z Downloading wrapt-1.17.3-cp311-cp311-manylinux1_x86_64.manylinux_2_28_x86_64.manylinux_2_5_x86_64.whl (82 kB)
2025-08-19T08:15:21.5913580Z Downloading black-25.1.0-cp311-cp311-manylinux_2_17_x86_64.manylinux2014_x86_64.manylinux_2_28_x86_64.whl (1.7 MB)
2025-08-19T08:15:21.6036150Z    ━━━━━━━━━━━━━━━━━━━━━━━━━━━━━━━━━━━━━━━━ 1.7/1.7 MB 148.0 MB/s  0:00:00
2025-08-19T08:15:21.6064067Z Downloading certifi-2025.8.3-py3-none-any.whl (161 kB)
2025-08-19T08:15:21.6119221Z Downloading MarkupSafe-3.0.2-cp311-cp311-manylinux_2_17_x86_64.manylinux2014_x86_64.whl (23 kB)
2025-08-19T08:15:21.6167440Z Downloading mypy_extensions-1.1.0-py3-none-any.whl (5.0 kB)
2025-08-19T08:15:21.6212918Z Downloading packaging-25.0-py3-none-any.whl (66 kB)
2025-08-19T08:15:21.6263218Z Downloading pathspec-0.12.1-py3-none-any.whl (31 kB)
2025-08-19T08:15:21.6310572Z Downloading platformdirs-4.3.8-py3-none-any.whl (18 kB)
2025-08-19T08:15:21.6365122Z Downloading yapf-0.43.0-py3-none-any.whl (256 kB)
2025-08-19T08:15:21.6427525Z Downloading watchdog-6.0.0-py3-none-manylinux2014_x86_64.whl (79 kB)
2025-08-19T08:15:21.6681146Z Building wheels for collected packages: docstring-parser
2025-08-19T08:15:21.6688838Z   Building wheel for docstring-parser (pyproject.toml): started
2025-08-19T08:15:21.8721085Z   Building wheel for docstring-parser (pyproject.toml): finished with status 'done'
2025-08-19T08:15:21.8727636Z   Created wheel for docstring-parser: filename=docstring_parser-0.11-py3-none-any.whl size=31551 sha256=459f4da364396de64c1ad6cd0d25d7946060d80eadfabf216a2181451af187c1
2025-08-19T08:15:21.8730125Z   Stored in directory: /home/runner/.cache/pip/wheels/0f/f9/78/1186f8bf3425dbd3fb3fa32beee828876c792f49eb2554e888
2025-08-19T08:15:21.8746383Z Successfully built docstring-parser
2025-08-19T08:15:21.9202937Z Installing collected packages: wrapt, watchdog, urllib3, typing-extensions, tomli_w, tomli, PyYAML, platformdirs, pathspec, packaging, nr-stream, nr-date, mypy-extensions, MarkupSafe, idna, docstring-parser, click, charset_normalizer, certifi, yapf, typeapi, requests, jinja2, Deprecated, black, nr.util, databind, databind.json, databind.core, docspec, docspec-python, pydoc-markdown
2025-08-19T08:15:23.0275484Z 
2025-08-19T08:15:23.0299505Z Successfully installed Deprecated-1.2.18 MarkupSafe-3.0.2 PyYAML-6.0.2 black-25.1.0 certifi-2025.8.3 charset_normalizer-3.4.3 click-8.2.1 databind-4.5.2 databind.core-4.5.2 databind.json-4.5.2 docspec-2.2.1 docspec-python-2.2.2 docstring-parser-0.11 idna-3.10 jinja2-3.1.6 mypy-extensions-1.1.0 nr-date-2.1.0 nr-stream-1.1.5 nr.util-0.8.12 packaging-25.0 pathspec-0.12.1 platformdirs-4.3.8 pydoc-markdown-4.8.2 requests-2.32.5 tomli-2.2.1 tomli_w-1.2.0 typeapi-2.2.4 typing-extensions-4.14.1 urllib3-2.5.0 watchdog-6.0.0 wrapt-1.17.3 yapf-0.43.0
2025-08-19T08:15:23.2046685Z ##[group]Run pydoc-markdown
2025-08-19T08:15:23.2046959Z [36;1mpydoc-markdown[0m
2025-08-19T08:15:23.2086671Z shell: /usr/bin/bash -e {0}
2025-08-19T08:15:23.2086879Z env:
2025-08-19T08:15:23.2087113Z   pythonLocation: /opt/hostedtoolcache/Python/3.11.13/x64
2025-08-19T08:15:23.2087505Z   PKG_CONFIG_PATH: /opt/hostedtoolcache/Python/3.11.13/x64/lib/pkgconfig
2025-08-19T08:15:23.2087900Z   Python_ROOT_DIR: /opt/hostedtoolcache/Python/3.11.13/x64
2025-08-19T08:15:23.2088237Z   Python2_ROOT_DIR: /opt/hostedtoolcache/Python/3.11.13/x64
2025-08-19T08:15:23.2088569Z   Python3_ROOT_DIR: /opt/hostedtoolcache/Python/3.11.13/x64
2025-08-19T08:15:23.2088901Z   LD_LIBRARY_PATH: /opt/hostedtoolcache/Python/3.11.13/x64/lib
2025-08-19T08:15:23.2089183Z ##[endgroup]
2025-08-19T08:15:23.5621890Z [WARNING - pydoc_markdown.main]: Unknown configuration options:
2025-08-19T08:15:23.5622599Z Unknown key(s) "{'output_directory'}" at:
2025-08-19T08:15:23.5623056Z In "pydoc-markdown.yml"
2025-08-19T08:15:23.5623592Z   $: TypeHint(pydoc_markdown.PydocMarkdown)
2025-08-19T08:15:23.5624167Z   .renderer: TypeHint(pydoc_markdown.interfaces.Renderer)
2025-08-19T08:15:23.5625003Z   ^: TypeHint(pydoc_markdown.contrib.renderers.markdown.MarkdownRenderer)
2025-08-19T08:15:23.5625639Z 
2025-08-19T08:15:23.8733800Z <a id="__init__"></a>
2025-08-19T08:15:23.8734068Z 
2025-08-19T08:15:23.8734195Z # \_\_init\_\_
2025-08-19T08:15:23.8734388Z 
2025-08-19T08:15:23.8734513Z <a id="api"></a>
2025-08-19T08:15:23.8734708Z 
2025-08-19T08:15:23.8734826Z # api
2025-08-19T08:15:23.8734984Z 
2025-08-19T08:15:23.8735126Z <a id="api.errors"></a>
2025-08-19T08:15:23.8735372Z 
2025-08-19T08:15:23.8735490Z # api.errors
2025-08-19T08:15:23.8735769Z 
2025-08-19T08:15:23.8735930Z <a id="api.sentry_config"></a>
2025-08-19T08:15:23.8736196Z 
2025-08-19T08:15:23.8736325Z # api.sentry\_config
2025-08-19T08:15:23.8736548Z 
2025-08-19T08:15:23.8736774Z <a id="api.tests.test_sentry_scrub"></a>
2025-08-19T08:15:23.8737093Z 
2025-08-19T08:15:23.8737598Z # api.tests.test\_sentry\_scrub
2025-08-19T08:15:23.8737886Z 
2025-08-19T08:15:23.8738046Z <a id="api.tests.test_errors_json"></a>
2025-08-19T08:15:23.8738354Z 
2025-08-19T08:15:23.8738506Z # api.tests.test\_errors\_json
2025-08-19T08:15:23.8738765Z 
2025-08-19T08:15:23.8738907Z <a id="api.tests.test_llm"></a>
2025-08-19T08:15:23.8739161Z 
2025-08-19T08:15:23.8739295Z # api.tests.test\_llm
2025-08-19T08:15:23.8739517Z 
2025-08-19T08:15:23.8739938Z <a id="api.tests.test_sentry_event"></a>
2025-08-19T08:15:23.8740270Z 
2025-08-19T08:15:23.8740457Z # api.tests.test\_sentry\_event
2025-08-19T08:15:23.8740714Z 
2025-08-19T08:15:23.8740951Z <a id="api.tests.test_sentry_event.DummyTransport"></a>
2025-08-19T08:15:23.8741331Z 
2025-08-19T08:15:23.8741475Z ## DummyTransport Objects
2025-08-19T08:15:23.8741715Z 
2025-08-19T08:15:23.8741842Z ```python
2025-08-19T08:15:23.8742141Z class DummyTransport()
2025-08-19T08:15:23.8742478Z ```
2025-08-19T08:15:23.8742631Z 
2025-08-19T08:15:23.8742967Z <a id="api.tests.test_sentry_event.DummyTransport.capture_envelope"></a>
2025-08-19T08:15:23.8743473Z 
2025-08-19T08:15:23.8743609Z #### capture\_envelope
2025-08-19T08:15:23.8743831Z 
2025-08-19T08:15:23.8743949Z ```python
2025-08-19T08:15:23.8744261Z def capture_envelope(envelope)
2025-08-19T08:15:23.8744628Z ```
2025-08-19T08:15:23.8744774Z 
2025-08-19T08:15:23.8745001Z Capture events sent as envelopes by Sentry SDK >= 2.0.
2025-08-19T08:15:23.8745388Z 
2025-08-19T08:15:23.8745538Z <a id="api.tests.test_cors"></a>
2025-08-19T08:15:23.8745809Z 
2025-08-19T08:15:23.8745944Z # api.tests.test\_cors
2025-08-19T08:15:23.8746171Z 
2025-08-19T08:15:23.8746320Z <a id="api.tests.test_imports"></a>
2025-08-19T08:15:23.8746606Z 
2025-08-19T08:15:23.8746755Z # api.tests.test\_imports
2025-08-19T08:15:23.8746995Z 
2025-08-19T08:15:23.8747150Z <a id="api.tests.test_rate_limit"></a>
2025-08-19T08:15:23.8747458Z 
2025-08-19T08:15:23.8747607Z # api.tests.test\_rate\_limit
2025-08-19T08:15:23.8747871Z 
2025-08-19T08:15:23.8748413Z <a id="api.tests.test_rate_limit.app"></a>
2025-08-19T08:15:23.8748784Z 
2025-08-19T08:15:23.8748899Z #### app
2025-08-19T08:15:23.8749059Z 
2025-08-19T08:15:23.8749178Z noqa: E402
2025-08-19T08:15:23.8749341Z 
2025-08-19T08:15:23.8749501Z <a id="api.tests.test_entrypoint"></a>
2025-08-19T08:15:23.8749984Z 
2025-08-19T08:15:23.8750142Z # api.tests.test\_entrypoint
2025-08-19T08:15:23.8750400Z 
2025-08-19T08:15:23.8750547Z <a id="api.tests.test_health"></a>
2025-08-19T08:15:23.8750830Z 
2025-08-19T08:15:23.8750964Z # api.tests.test\_health
2025-08-19T08:15:23.8751196Z 
2025-08-19T08:15:23.8751345Z <a id="api.logging_config"></a>
2025-08-19T08:15:23.8751598Z 
2025-08-19T08:15:23.8751725Z # api.logging\_config
2025-08-19T08:15:23.8751934Z 
2025-08-19T08:15:23.8752089Z <a id="api.migrations.env"></a>
2025-08-19T08:15:23.8752353Z 
2025-08-19T08:15:23.8752483Z # api.migrations.env
2025-08-19T08:15:23.8752702Z 
2025-08-19T08:15:23.8752915Z <a id="api.migrations.versions.0022_fix_roi_view"></a>
2025-08-19T08:15:23.8753302Z 
2025-08-19T08:15:23.8753516Z # api.migrations.versions.0022\_fix\_roi\_view
2025-08-19T08:15:23.8753869Z 
2025-08-19T08:15:23.8754074Z <a id="api.migrations.versions.0004_fee_cron"></a>
2025-08-19T08:15:23.8754431Z 
2025-08-19T08:15:23.8754609Z # api.migrations.versions.0004\_fee\_cron
2025-08-19T08:15:23.8754920Z 
2025-08-19T08:15:23.8755199Z <a id="api.migrations.versions.3e9d5c5aff2c_rename_fulf_fee"></a>
2025-08-19T08:15:23.8755649Z 
2025-08-19T08:15:23.8755902Z # api.migrations.versions.3e9d5c5aff2c\_rename\_fulf\_fee
2025-08-19T08:15:23.8756310Z 
2025-08-19T08:15:23.8756540Z <a id="api.migrations.versions.0003_vendor_prices"></a>
2025-08-19T08:15:23.8756912Z 
2025-08-19T08:15:23.8757107Z # api.migrations.versions.0003\_vendor\_prices
2025-08-19T08:15:23.8757455Z 
2025-08-19T08:15:23.8757666Z <a id="api.migrations.versions.0024_create_buybox"></a>
2025-08-19T08:15:23.8758031Z 
2025-08-19T08:15:23.8758219Z # api.migrations.versions.0024\_create\_buybox
2025-08-19T08:15:23.8758567Z 
2025-08-19T08:15:23.8759037Z <a id="api.migrations.versions.0002_create_roi_view"></a>
2025-08-19T08:15:23.8759427Z 
2025-08-19T08:15:23.8759806Z # api.migrations.versions.0002\_create\_roi\_view
2025-08-19T08:15:23.8760168Z 
2025-08-19T08:15:23.8760388Z <a id="api.migrations.versions.0006_fix_roi_views"></a>
2025-08-19T08:15:23.8760766Z 
2025-08-19T08:15:23.8760960Z # api.migrations.versions.0006\_fix\_roi\_views
2025-08-19T08:15:23.8761308Z 
2025-08-19T08:15:23.8761537Z <a id="api.migrations.versions.0020_unified_schema"></a>
2025-08-19T08:15:23.8761921Z 
2025-08-19T08:15:23.8762114Z # api.migrations.versions.0020\_unified\_schema
2025-08-19T08:15:23.8762464Z 
2025-08-19T08:15:23.8762728Z <a id="api.migrations.versions.0025_pr4_indexes_loadlog"></a>
2025-08-19T08:15:23.8763152Z 
2025-08-19T08:15:23.8763377Z # api.migrations.versions.0025\_pr4\_indexes\_loadlog
2025-08-19T08:15:23.8763758Z 
2025-08-19T08:15:23.8763986Z <a id="api.migrations.versions.0023_add_storage_fee"></a>
2025-08-19T08:15:23.8764360Z 
2025-08-19T08:15:23.8764585Z # api.migrations.versions.0023\_add\_storage\_fee
2025-08-19T08:15:23.8764930Z 
2025-08-19T08:15:23.8765177Z <a id="api.migrations.versions.0026_amazon_new_reports"></a>
2025-08-19T08:15:23.8765600Z 
2025-08-19T08:15:23.8765809Z # api.migrations.versions.0026\_amazon\_new\_reports
2025-08-19T08:15:23.8766269Z 
2025-08-19T08:15:23.8766474Z <a id="api.migrations.versions.0001_baseline"></a>
2025-08-19T08:15:23.8766822Z 
2025-08-19T08:15:23.8766987Z # api.migrations.versions.0001\_baseline
2025-08-19T08:15:23.8767301Z 
2025-08-19T08:15:23.8767459Z <a id="api.migrations.versions"></a>
2025-08-19T08:15:23.8767757Z 
2025-08-19T08:15:23.8767899Z # api.migrations.versions
2025-08-19T08:15:23.8768146Z 
2025-08-19T08:15:23.8768287Z <a id="api.migrations"></a>
2025-08-19T08:15:23.8768538Z 
2025-08-19T08:15:23.8768671Z # api.migrations
2025-08-19T08:15:23.8768865Z 
2025-08-19T08:15:23.8768986Z <a id="api.db"></a>
2025-08-19T08:15:23.8769192Z 
2025-08-19T08:15:23.8769303Z # api.db
2025-08-19T08:15:23.8769461Z 
2025-08-19T08:15:23.8770045Z <a id="api.routes.stats"></a>
2025-08-19T08:15:23.8770352Z 
2025-08-19T08:15:23.8770488Z # api.routes.stats
2025-08-19T08:15:23.8770684Z 
2025-08-19T08:15:23.8770851Z <a id="api.routes.stats.kpi"></a>
2025-08-19T08:15:23.8771135Z 
2025-08-19T08:15:23.8771247Z #### kpi
2025-08-19T08:15:23.8771410Z 
2025-08-19T08:15:23.8771528Z ```python
2025-08-19T08:15:23.8771827Z @router.get("/stats/kpi")
2025-08-19T08:15:23.8772253Z def kpi() -> List[Dict[str, int]]
2025-08-19T08:15:23.8772620Z ```
2025-08-19T08:15:23.8772776Z 
2025-08-19T08:15:23.8772913Z Return KPI metrics (mock).
2025-08-19T08:15:23.8773175Z 
2025-08-19T08:15:23.8773376Z <a id="api.routes.stats.roi_by_vendor"></a>
2025-08-19T08:15:23.8773694Z 
2025-08-19T08:15:23.8773816Z #### roi\_by\_vendor
2025-08-19T08:15:23.8774013Z 
2025-08-19T08:15:23.8774131Z ```python
2025-08-19T08:15:23.8774436Z @router.get("/stats/roi_by_vendor")
2025-08-19T08:15:23.8774900Z def roi_by_vendor() -> List[Dict[str, int]]
2025-08-19T08:15:23.8775319Z ```
2025-08-19T08:15:23.8775500Z 
2025-08-19T08:15:23.8775643Z Return ROI percent by vendor.
2025-08-19T08:15:23.8775900Z 
2025-08-19T08:15:23.8776065Z <a id="api.routes.stats.roi_trend"></a>
2025-08-19T08:15:23.8776370Z 
2025-08-19T08:15:23.8776481Z #### roi\_trend
2025-08-19T08:15:23.8776660Z 
2025-08-19T08:15:23.8776777Z ```python
2025-08-19T08:15:23.8777065Z @router.get("/stats/roi_trend")
2025-08-19T08:15:23.8777494Z def roi_trend() -> List[Dict[str, int | str]]
2025-08-19T08:15:23.8777916Z ```
2025-08-19T08:15:23.8778071Z 
2025-08-19T08:15:23.8778204Z Return 30-day ROI trend.
2025-08-19T08:15:23.8778433Z 
2025-08-19T08:15:23.8778576Z <a id="api.routes.roi"></a>
2025-08-19T08:15:23.8778819Z 
2025-08-19T08:15:23.8778939Z # api.routes.roi
2025-08-19T08:15:23.8779132Z 
2025-08-19T08:15:23.8779287Z <a id="api.routes.health"></a>
2025-08-19T08:15:23.8779741Z 
2025-08-19T08:15:23.8779878Z # api.routes.health
2025-08-19T08:15:23.8780091Z 
2025-08-19T08:15:23.8780255Z <a id="api.routes.health.MAX_SKEW"></a>
2025-08-19T08:15:23.8780804Z 
2025-08-19T08:15:23.8780919Z #### MAX\_SKEW
2025-08-19T08:15:23.8781104Z 
2025-08-19T08:15:23.8781209Z seconds
2025-08-19T08:15:23.8781359Z 
2025-08-19T08:15:23.8781527Z <a id="api.routes.health.health"></a>
2025-08-19T08:15:23.8781831Z 
2025-08-19T08:15:23.8781937Z #### health
2025-08-19T08:15:23.8782106Z 
2025-08-19T08:15:23.8782218Z ```python
2025-08-19T08:15:23.8782558Z @router.get("/health", include_in_schema=False)
2025-08-19T08:15:23.8783251Z async def health(session: AsyncSession = Depends(get_session)) -> JSONResponse
2025-08-19T08:15:23.8783887Z ```
2025-08-19T08:15:23.8784041Z 
2025-08-19T08:15:23.8784255Z Return 200 when DB reachable and clocks are in sync.
2025-08-19T08:15:23.8784618Z 
2025-08-19T08:15:23.8784783Z <a id="api.routes.repository"></a>
2025-08-19T08:15:23.8785071Z 
2025-08-19T08:15:23.8785212Z # api.routes.repository
2025-08-19T08:15:23.8785442Z 
2025-08-19T08:15:23.8785570Z <a id="api.routes"></a>
2025-08-19T08:15:23.8785785Z 
2025-08-19T08:15:23.8785898Z # api.routes
2025-08-19T08:15:23.8786095Z 
2025-08-19T08:15:23.8786233Z <a id="api.models.fee"></a>
2025-08-19T08:15:23.8786476Z 
2025-08-19T08:15:23.8786602Z # api.models.fee
2025-08-19T08:15:23.8786792Z 
2025-08-19T08:15:23.8786936Z <a id="api.models"></a>
2025-08-19T08:15:23.8787159Z 
2025-08-19T08:15:23.8787272Z # api.models
2025-08-19T08:15:23.8787442Z 
2025-08-19T08:15:23.8787587Z <a id="api.roi_repository"></a>
2025-08-19T08:15:23.8787842Z 
2025-08-19T08:15:23.8787953Z # api.roi\_repository
2025-08-19T08:15:23.8788153Z 
2025-08-19T08:15:23.8788268Z <a id="api.main"></a>
2025-08-19T08:15:23.8788453Z 
2025-08-19T08:15:23.8788555Z # api.main
2025-08-19T08:15:23.8788714Z 
2025-08-19T08:15:23.8788837Z <a id="api.main.ready"></a>
2025-08-19T08:15:23.8789071Z 
2025-08-19T08:15:23.8789183Z #### ready
2025-08-19T08:15:23.8789341Z 
2025-08-19T08:15:23.8789450Z ```python
2025-08-19T08:15:23.8790113Z @app.get("/ready", status_code=status.HTTP_200_OK, include_in_schema=False)
2025-08-19T08:15:23.8791158Z async def ready(session: AsyncSession = Depends(get_session)) -> dict[str,
2025-08-19T08:15:23.8791843Z                                                                       str]
2025-08-19T08:15:23.8792262Z ```
2025-08-19T08:15:23.8792417Z 
2025-08-19T08:15:23.8792589Z Return 200 only when migrations are at head.
2025-08-19T08:15:23.8792908Z 
2025-08-19T08:15:23.8793041Z <a id="api.config"></a>
2025-08-19T08:15:23.8793258Z 
2025-08-19T08:15:23.8793370Z # api.config
2025-08-19T08:15:23.8793549Z 
2025-08-19T08:15:23.8793661Z <a id="etl"></a>
2025-08-19T08:15:23.8793846Z 
2025-08-19T08:15:23.8793949Z # etl
2025-08-19T08:15:23.8794109Z 
2025-08-19T08:15:23.8794251Z <a id="etl.fba_fee_ingestor"></a>
2025-08-19T08:15:23.8794522Z 
2025-08-19T08:15:23.8794658Z # etl.fba\_fee\_ingestor
2025-08-19T08:15:23.8794881Z 
2025-08-19T08:15:23.8795023Z <a id="etl.sp_fees_ingestor"></a>
2025-08-19T08:15:23.8795289Z 
2025-08-19T08:15:23.8795454Z # etl.sp\_fees\_ingestor
2025-08-19T08:15:23.8795677Z 
2025-08-19T08:15:23.8795827Z <a id="etl.keepa_ingestor"></a>
2025-08-19T08:15:23.8796099Z 
2025-08-19T08:15:23.8796222Z # etl.keepa\_ingestor
2025-08-19T08:15:23.8796425Z 
2025-08-19T08:15:23.8796552Z <a id="etl.db"></a>
2025-08-19T08:15:23.8796746Z 
2025-08-19T08:15:23.8796855Z # etl.db
2025-08-19T08:15:23.8797010Z 
2025-08-19T08:15:23.8797165Z <a id="etl.dialects.schemas"></a>
2025-08-19T08:15:23.8797434Z 
2025-08-19T08:15:23.8797562Z # etl.dialects.schemas
2025-08-19T08:15:23.8797788Z 
2025-08-19T08:15:23.8797980Z <a id="etl.dialects.amazon_reimbursements"></a>
2025-08-19T08:15:23.8798320Z 
2025-08-19T08:15:23.8798483Z # etl.dialects.amazon\_reimbursements
2025-08-19T08:15:23.8798790Z 
2025-08-19T08:15:23.8798964Z <a id="etl.dialects.amazon_ads_sp_cost"></a>
2025-08-19T08:15:23.8799285Z 
2025-08-19T08:15:23.8799446Z # etl.dialects.amazon\_ads\_sp\_cost
2025-08-19T08:15:23.8799900Z 
2025-08-19T08:15:23.8800062Z <a id="etl.dialects.amazon_returns"></a>
2025-08-19T08:15:23.8800377Z 
2025-08-19T08:15:23.8800521Z # etl.dialects.amazon\_returns
2025-08-19T08:15:23.8800990Z 
2025-08-19T08:15:23.8801168Z <a id="etl.dialects.amazon_fee_preview"></a>
2025-08-19T08:15:23.8801494Z 
2025-08-19T08:15:23.8801648Z # etl.dialects.amazon\_fee\_preview
2025-08-19T08:15:23.8801979Z 
2025-08-19T08:15:23.8802178Z <a id="etl.dialects.amazon_inventory_ledger"></a>
2025-08-19T08:15:23.8802533Z 
2025-08-19T08:15:23.8802697Z # etl.dialects.amazon\_inventory\_ledger
2025-08-19T08:15:23.8803014Z 
2025-08-19T08:15:23.8803191Z <a id="etl.dialects.amazon_settlements"></a>
2025-08-19T08:15:23.8803520Z 
2025-08-19T08:15:23.8803680Z # etl.dialects.amazon\_settlements
2025-08-19T08:15:23.8803981Z 
2025-08-19T08:15:23.8804116Z <a id="etl.dialects"></a>
2025-08-19T08:15:23.8804350Z 
2025-08-19T08:15:23.8804472Z # etl.dialects
2025-08-19T08:15:23.8804652Z 
2025-08-19T08:15:23.8804775Z <a id="ingest"></a>
2025-08-19T08:15:23.8804977Z 
2025-08-19T08:15:23.8805083Z # ingest
2025-08-19T08:15:23.8805235Z 
2025-08-19T08:15:23.8805380Z <a id="ingest.maintenance"></a>
2025-08-19T08:15:23.8805653Z 
2025-08-19T08:15:23.8805801Z # ingest.maintenance
2025-08-19T08:15:23.8806009Z 
2025-08-19T08:15:23.8806158Z <a id="ingest.copy_loader"></a>
2025-08-19T08:15:23.8806410Z 
2025-08-19T08:15:23.8806536Z # ingest.copy\_loader
2025-08-19T08:15:23.8806745Z 
2025-08-19T08:15:23.8806935Z <a id="ingest.copy_loader.copy_df_via_temp"></a>
2025-08-19T08:15:23.8807274Z 
2025-08-19T08:15:23.8807405Z #### copy\_df\_via\_temp
2025-08-19T08:15:23.8807636Z 
2025-08-19T08:15:23.8807745Z ```python
2025-08-19T08:15:23.8808054Z def copy_df_via_temp(engine: Engine,
2025-08-19T08:15:23.8808474Z                      df: pd.DataFrame,
2025-08-19T08:15:23.8808889Z                      target_table: str,
2025-08-19T08:15:23.8809278Z                      *,
2025-08-19T08:15:23.8809833Z                      target_schema: Optional[str] = None,
2025-08-19T08:15:23.8810319Z                      columns: Sequence[str],
2025-08-19T08:15:23.8810813Z                      conflict_cols: Optional[Sequence[str]] = None,
2025-08-19T08:15:23.8811562Z                      analyze_after: bool = False,
2025-08-19T08:15:23.8812062Z                      connection: Any | None = None) -> int
2025-08-19T08:15:23.8812496Z ```
2025-08-19T08:15:23.8812641Z 
2025-08-19T08:15:23.8812922Z Bulk load *df* into *target_table* using COPY and a staging table.
2025-08-19T08:15:23.8813355Z 
2025-08-19T08:15:23.8813519Z <a id="ingest.tests.test_smoke"></a>
2025-08-19T08:15:23.8813812Z 
2025-08-19T08:15:23.8813957Z # ingest.tests.test\_smoke
2025-08-19T08:15:23.8814208Z 
2025-08-19T08:15:23.8814342Z <a id="ingest.tests"></a>
2025-08-19T08:15:23.8814572Z 
2025-08-19T08:15:23.8814694Z # ingest.tests
2025-08-19T08:15:23.8814874Z 
2025-08-19T08:15:23.8815017Z <a id="ingest.upload_router"></a>
2025-08-19T08:15:23.8815291Z 
2025-08-19T08:15:23.8815434Z # ingest.upload\_router
2025-08-19T08:15:23.8815654Z 
2025-08-19T08:15:23.8815800Z <a id="ingest.email_watcher"></a>
2025-08-19T08:15:23.8816078Z 
2025-08-19T08:15:23.8816207Z # ingest.email\_watcher
2025-08-19T08:15:23.8816422Z 
2025-08-19T08:15:23.8816597Z <a id="ingest.email_watcher.main"></a>
2025-08-19T08:15:23.8816907Z 
2025-08-19T08:15:23.8817015Z #### main
2025-08-19T08:15:23.8817174Z 
2025-08-19T08:15:23.8817291Z ```python
2025-08-19T08:15:23.8817578Z def main() -> dict[str, str]
2025-08-19T08:15:23.8817925Z ```
2025-08-19T08:15:23.8818071Z 
2025-08-19T08:15:23.8818328Z Upload CSV/XLSX attachments to MinIO and trigger ingestion.
2025-08-19T08:15:23.8818757Z 
2025-08-19T08:15:23.8818991Z Returns {"status": "success"} when processing completes.
2025-08-19T08:15:23.8819380Z 
2025-08-19T08:15:23.8819517Z <a id="ingest.tasks"></a>
2025-08-19T08:15:23.8819971Z 
2025-08-19T08:15:23.8820098Z # ingest.tasks
2025-08-19T08:15:23.8820281Z 
2025-08-19T08:15:23.8820461Z <a id="ingest.tasks.task_import_file"></a>
2025-08-19T08:15:23.8820816Z 
2025-08-19T08:15:23.8820941Z #### task\_import\_file
2025-08-19T08:15:23.8821152Z 
2025-08-19T08:15:23.8821261Z ```python
2025-08-19T08:15:23.8821637Z @celery_app.task(name="ingest.import_file", bind=True)
2025-08-19T08:15:23.8822388Z def task_import_file(self: Any,
2025-08-19T08:15:23.8822779Z                      uri: str,
2025-08-19T08:15:23.8823192Z                      report_type: Optional[str] = None,
2025-08-19T08:15:23.8823692Z                      force: bool = False) -> Dict[str, Any]
2025-08-19T08:15:23.8824126Z ```
2025-08-19T08:15:23.8824273Z 
2025-08-19T08:15:23.8824507Z Import a file into Postgres using existing ETL pipeline.
2025-08-19T08:15:23.8824904Z 
2025-08-19T08:15:23.8825044Z <a id="ingest.celery_app"></a>
2025-08-19T08:15:23.8825302Z 
2025-08-19T08:15:23.8825435Z # ingest.celery\_app
2025-08-19T08:15:23.8825646Z 
2025-08-19T08:15:23.8825791Z <a id="ingest.ingest_router"></a>
2025-08-19T08:15:23.8826062Z 
2025-08-19T08:15:23.8826201Z # ingest.ingest\_router
2025-08-19T08:15:23.8826416Z 
2025-08-19T08:15:23.8826551Z <a id="logistics_etl"></a>
2025-08-19T08:15:23.8826793Z 
2025-08-19T08:15:23.8826908Z # logistics\_etl
2025-08-19T08:15:23.8827096Z 
2025-08-19T08:15:23.8827248Z Daily logistics ETL job.
2025-08-19T08:15:23.8827483Z 
2025-08-19T08:15:23.8827626Z <a id="logistics_etl.__main__"></a>
2025-08-19T08:15:23.8827906Z 
2025-08-19T08:15:23.8828055Z # logistics\_etl.\_\_main\_\_
2025-08-19T08:15:23.8828302Z 
2025-08-19T08:15:23.8828441Z <a id="logistics_etl.dsn"></a>
2025-08-19T08:15:23.8828704Z 
2025-08-19T08:15:23.8828825Z # logistics\_etl.dsn
2025-08-19T08:15:23.8829031Z 
2025-08-19T08:15:23.8829240Z Local DSN builder to avoid cross-service dependency.
2025-08-19T08:15:23.8829789Z 
2025-08-19T08:15:23.8829951Z <a id="logistics_etl.dsn.build_dsn"></a>
2025-08-19T08:15:23.8830253Z 
2025-08-19T08:15:23.8830373Z #### build\_dsn
2025-08-19T08:15:23.8830555Z 
2025-08-19T08:15:23.8830667Z ```python
2025-08-19T08:15:23.8830985Z def build_dsn(sync: bool = True) -> str
2025-08-19T08:15:23.8831382Z ```
2025-08-19T08:15:23.8831539Z 
2025-08-19T08:15:23.8831799Z Return a Postgres DSN assembled from environment variables.
2025-08-19T08:15:23.8832215Z 
2025-08-19T08:15:23.8832728Z Prefers explicit DSNs via ``PG_SYNC_DSN``/``PG_ASYNC_DSN`` or
2025-08-19T08:15:23.8833473Z ``DATABASE_URL``. Falls back to individual PG_* settings and raises an
2025-08-19T08:15:23.8834110Z error when any required variable is missing.
2025-08-19T08:15:23.8834436Z 
2025-08-19T08:15:23.8834603Z <a id="logistics_etl.tests.conftest"></a>
2025-08-19T08:15:23.8834926Z 
2025-08-19T08:15:23.8835074Z # logistics\_etl.tests.conftest
2025-08-19T08:15:23.8835337Z 
2025-08-19T08:15:23.8835532Z <a id="logistics_etl.tests.test_repository"></a>
2025-08-19T08:15:23.8835871Z 
2025-08-19T08:15:23.8836027Z # logistics\_etl.tests.test\_repository
2025-08-19T08:15:23.8836327Z 
2025-08-19T08:15:23.8836497Z <a id="logistics_etl.tests.test_cron"></a>
2025-08-19T08:15:23.8836808Z 
2025-08-19T08:15:23.8836960Z # logistics\_etl.tests.test\_cron
2025-08-19T08:15:23.8837242Z 
2025-08-19T08:15:23.8837423Z <a id="logistics_etl.tests.test_imports"></a>
2025-08-19T08:15:23.8837757Z 
2025-08-19T08:15:23.8837919Z # logistics\_etl.tests.test\_imports
2025-08-19T08:15:23.8838237Z 
2025-08-19T08:15:23.8838411Z <a id="logistics_etl.tests.test_smoke"></a>
2025-08-19T08:15:23.8838731Z 
2025-08-19T08:15:23.8838885Z # logistics\_etl.tests.test\_smoke
2025-08-19T08:15:23.8839164Z 
2025-08-19T08:15:23.8839332Z <a id="logistics_etl.tests.test_client"></a>
2025-08-19T08:15:23.8839834Z 
2025-08-19T08:15:23.8839987Z # logistics\_etl.tests.test\_client
2025-08-19T08:15:23.8840273Z 
2025-08-19T08:15:23.8840423Z <a id="logistics_etl.tests"></a>
2025-08-19T08:15:23.8840686Z 
2025-08-19T08:15:23.8840812Z # logistics\_etl.tests
2025-08-19T08:15:23.8841026Z 
2025-08-19T08:15:23.8841172Z <a id="logistics_etl.flow"></a>
2025-08-19T08:15:23.8841430Z 
2025-08-19T08:15:23.8841553Z # logistics\_etl.flow
2025-08-19T08:15:23.8841767Z 
2025-08-19T08:15:23.8841911Z <a id="logistics_etl.client"></a>
2025-08-19T08:15:23.8842183Z 
2025-08-19T08:15:23.8842309Z # logistics\_etl.client
2025-08-19T08:15:23.8842529Z 
2025-08-19T08:15:23.8842665Z <a id="logistics_etl.cron"></a>
2025-08-19T08:15:23.8843136Z 
2025-08-19T08:15:23.8843281Z # logistics\_etl.cron
2025-08-19T08:15:23.8843493Z 
2025-08-19T08:15:23.8843633Z <a id="logistics_etl.db"></a>
2025-08-19T08:15:23.8843898Z 
2025-08-19T08:15:23.8872334Z # logistics\_etl.db
2025-08-19T08:15:23.8872547Z 
2025-08-19T08:15:23.8872705Z <a id="logistics_etl.repository"></a>
2025-08-19T08:15:23.8873060Z 
2025-08-19T08:15:23.8873186Z # logistics\_etl.repository
2025-08-19T08:15:23.8873397Z 
2025-08-19T08:15:23.8873512Z <a id="alert_bot"></a>
2025-08-19T08:15:23.8873696Z 
2025-08-19T08:15:23.8873793Z # alert\_bot
2025-08-19T08:15:23.8873948Z 
2025-08-19T08:15:23.8874078Z <a id="alert_bot.tests.test_smoke"></a>
2025-08-19T08:15:23.8874335Z 
2025-08-19T08:15:23.8874458Z # alert\_bot.tests.test\_smoke
2025-08-19T08:15:23.8874697Z 
2025-08-19T08:15:23.8874813Z <a id="alert_bot.tests"></a>
2025-08-19T08:15:23.8875021Z 
2025-08-19T08:15:23.8875201Z # alert\_bot.tests
2025-08-19T08:15:23.8875365Z 
2025-08-19T08:15:23.8875491Z <a id="alert_bot.alert_bot"></a>
2025-08-19T08:15:23.8875739Z 
2025-08-19T08:15:23.8875848Z # alert\_bot.alert\_bot
2025-08-19T08:15:23.8876029Z 
2025-08-19T08:15:23.8876141Z <a id="alert_bot.rules"></a>
2025-08-19T08:15:23.8876356Z 
2025-08-19T08:15:23.8876461Z # alert\_bot.rules
2025-08-19T08:15:23.8876626Z 
2025-08-19T08:15:23.8876732Z <a id="common"></a>
2025-08-19T08:15:23.8876887Z 
2025-08-19T08:15:23.8876976Z # common
2025-08-19T08:15:23.8877112Z 
2025-08-19T08:15:23.8877217Z <a id="common.dsn"></a>
2025-08-19T08:15:23.8877393Z 
2025-08-19T08:15:23.8877487Z # common.dsn
2025-08-19T08:15:23.8877650Z 
2025-08-19T08:15:23.8877783Z <a id="common.dsn.build_dsn"></a>
2025-08-19T08:15:23.8878034Z 
2025-08-19T08:15:23.8878147Z #### build\_dsn
2025-08-19T08:15:23.8878313Z 
2025-08-19T08:15:23.8878418Z ```python
2025-08-19T08:15:23.8878703Z def build_dsn(sync: bool = True) -> str
2025-08-19T08:15:23.8879071Z ```
2025-08-19T08:15:23.8879214Z 
2025-08-19T08:15:23.8879416Z Return a Postgres DSN, validating required variables.
2025-08-19T08:15:23.8879964Z 
2025-08-19T08:15:23.8880509Z The function prefers explicit DSNs via ``PG_SYNC_DSN`` / ``PG_ASYNC_DSN`` or
2025-08-19T08:15:23.8881019Z ``DATABASE_URL``.  If those are absent it assembles a connection string from
2025-08-19T08:15:23.8881448Z ``PG_HOST`` and related variables and raises a helpful error when any are
2025-08-19T08:15:23.8881762Z missing.
2025-08-19T08:15:23.8881855Z 
2025-08-19T08:15:23.8881949Z <a id="common.models_vendor"></a>
2025-08-19T08:15:23.8882103Z 
2025-08-19T08:15:23.8882180Z # common.models\_vendor
2025-08-19T08:15:23.8882307Z 
2025-08-19T08:15:23.8882398Z <a id="common.models_vendor.Vendor"></a>
2025-08-19T08:15:23.8882564Z 
2025-08-19T08:15:23.8882638Z ## Vendor Objects
2025-08-19T08:15:23.8882746Z 
2025-08-19T08:15:23.8882810Z ```python
2025-08-19T08:15:23.8882969Z class Vendor(Base)
2025-08-19T08:15:23.8883135Z ```
2025-08-19T08:15:23.8883218Z 
2025-08-19T08:15:23.8883303Z Vendor of inventory items.
2025-08-19T08:15:23.8883436Z 
2025-08-19T08:15:23.8883547Z <a id="common.models_vendor.VendorPrice"></a>
2025-08-19T08:15:23.8883736Z 
2025-08-19T08:15:23.8883809Z ## VendorPrice Objects
2025-08-19T08:15:23.8883926Z 
2025-08-19T08:15:23.8883997Z ```python
2025-08-19T08:15:23.8884156Z class VendorPrice(Base)
2025-08-19T08:15:23.8884339Z ```
2025-08-19T08:15:23.8884422Z 
2025-08-19T08:15:23.8884525Z Association table linking vendors to pricing.
2025-08-19T08:15:23.8884715Z 
2025-08-19T08:15:23.8884794Z <a id="common.db_url"></a>
2025-08-19T08:15:23.8884924Z 
2025-08-19T08:15:23.8884994Z # common.db\_url
2025-08-19T08:15:23.8885106Z 
2025-08-19T08:15:23.8885189Z <a id="common.db_url.build_url"></a>
2025-08-19T08:15:23.8885346Z 
2025-08-19T08:15:23.8885418Z #### build\_url
2025-08-19T08:15:23.8885520Z 
2025-08-19T08:15:23.8885584Z ```python
2025-08-19T08:15:23.8885764Z def build_url(async_: bool = True) -> str
2025-08-19T08:15:23.8885988Z ```
2025-08-19T08:15:23.8886075Z 
2025-08-19T08:15:23.8886172Z Return Postgres DSN from env or PG_* parts.
2025-08-19T08:15:23.8886345Z 
2025-08-19T08:15:23.8886549Z <a id="common.keepa"></a>
2025-08-19T08:15:23.8886687Z 
2025-08-19T08:15:23.8886755Z # common.keepa
2025-08-19T08:15:23.8886857Z 
2025-08-19T08:15:23.8886937Z <a id="common.llm"></a>
2025-08-19T08:15:23.8887055Z 
2025-08-19T08:15:23.8887120Z # common.llm
2025-08-19T08:15:23.8887223Z 
2025-08-19T08:15:23.8887302Z <a id="common.settings"></a>
2025-08-19T08:15:23.8887438Z 
2025-08-19T08:15:23.8887505Z # common.settings
2025-08-19T08:15:23.8887621Z 
2025-08-19T08:15:23.8887693Z <a id="common.db"></a>
2025-08-19T08:15:23.8887809Z 
2025-08-19T08:15:23.8887879Z # common.db
2025-08-19T08:15:23.8887971Z 
2025-08-19T08:15:23.8888062Z <a id="common.db.build_sqlalchemy_url"></a>
2025-08-19T08:15:23.8888233Z 
2025-08-19T08:15:23.8888314Z #### build\_sqlalchemy\_url
2025-08-19T08:15:23.8888447Z 
2025-08-19T08:15:23.8888511Z ```python
2025-08-19T08:15:23.8888686Z def build_sqlalchemy_url() -> str
2025-08-19T08:15:23.8888892Z ```
2025-08-19T08:15:23.8888982Z 
2025-08-19T08:15:23.8889079Z Return Postgres URL for SQLAlchemy engines.
2025-08-19T08:15:23.8889412Z 
2025-08-19T08:15:23.8889510Z <a id="common.db.build_asyncpg_dsn"></a>
2025-08-19T08:15:23.8889853Z 
2025-08-19T08:15:23.8889930Z #### build\_asyncpg\_dsn
2025-08-19T08:15:23.8890060Z 
2025-08-19T08:15:23.8890124Z ```python
2025-08-19T08:15:23.8890296Z def build_asyncpg_dsn() -> str
2025-08-19T08:15:23.8890495Z ```
2025-08-19T08:15:23.8890577Z 
2025-08-19T08:15:23.8890707Z Return DSN suitable for asyncpg (without driver suffix).
2025-08-19T08:15:23.8890923Z 
2025-08-19T08:15:23.8891007Z <a id="common.db.refresh_mvs"></a>
2025-08-19T08:15:23.8891156Z 
2025-08-19T08:15:23.8891227Z #### refresh\_mvs
2025-08-19T08:15:23.8891331Z 
2025-08-19T08:15:23.8891393Z ```python
2025-08-19T08:15:23.8891590Z def refresh_mvs(conn: Engine | Connection) -> None
2025-08-19T08:15:23.8891836Z ```
2025-08-19T08:15:23.8891922Z 
2025-08-19T08:15:23.8892059Z Refresh materialized views, using CONCURRENTLY when safe.
2025-08-19T08:15:23.8892275Z 
2025-08-19T08:15:23.8892360Z <a id="common.config"></a>
2025-08-19T08:15:23.8892627Z 
2025-08-19T08:15:23.8892698Z # common.config
2025-08-19T08:15:23.8892804Z 
2025-08-19T08:15:23.8892883Z <a id="common.base"></a>
2025-08-19T08:15:23.8893003Z 
2025-08-19T08:15:23.8893067Z # common.base
2025-08-19T08:15:23.8893169Z 
2025-08-19T08:15:23.8893251Z <a id="common.base.Base"></a>
2025-08-19T08:15:23.8893387Z 
2025-08-19T08:15:23.8893450Z ## Base Objects
2025-08-19T08:15:23.8893552Z 
2025-08-19T08:15:23.8893614Z ```python
2025-08-19T08:15:23.8893787Z class Base(DeclarativeBase)
2025-08-19T08:15:23.8893977Z ```
2025-08-19T08:15:23.8894057Z 
2025-08-19T08:15:23.8894146Z Base class for SQLAlchemy models.
2025-08-19T08:15:23.8894292Z 
2025-08-19T08:15:23.8894364Z <a id="repricer"></a>
2025-08-19T08:15:23.8894485Z 
2025-08-19T08:15:23.8894547Z # repricer
2025-08-19T08:15:23.8894639Z 
2025-08-19T08:15:23.8894727Z <a id="repricer.app.schemas"></a>
2025-08-19T08:15:23.8894880Z 
2025-08-19T08:15:23.8894955Z # repricer.app.schemas
2025-08-19T08:15:23.8895074Z 
2025-08-19T08:15:23.8895172Z <a id="repricer.app.deps"></a>
2025-08-19T08:15:23.8895309Z 
2025-08-19T08:15:23.8895384Z # repricer.app.deps
2025-08-19T08:15:23.8895500Z 
2025-08-19T08:15:23.8895614Z Placeholder module for Keepa / SP-API clients.
2025-08-19T08:15:23.8895797Z 
2025-08-19T08:15:23.8895878Z <a id="repricer.app.logic"></a>
2025-08-19T08:15:23.8896024Z 
2025-08-19T08:15:23.8896099Z # repricer.app.logic
2025-08-19T08:15:23.8896214Z 
2025-08-19T08:15:23.8896316Z <a id="repricer.app.logic.MIN_MARGIN"></a>
2025-08-19T08:15:23.8896488Z 
2025-08-19T08:15:23.8896551Z #### MIN\_MARGIN
2025-08-19T08:15:23.8896660Z 
2025-08-19T08:15:23.8896722Z 15 % ROI
2025-08-19T08:15:23.8896809Z 
2025-08-19T08:15:23.8896911Z <a id="repricer.app.logic.compute_price"></a>
2025-08-19T08:15:23.8897095Z 
2025-08-19T08:15:23.8897163Z #### compute\_price
2025-08-19T08:15:23.8897271Z 
2025-08-19T08:15:23.8897339Z ```python
2025-08-19T08:15:23.8897582Z def compute_price(asin: str, cost: Decimal, fees: Decimal) -> Decimal
2025-08-19T08:15:23.8898010Z ```
2025-08-19T08:15:23.8898097Z 
2025-08-19T08:15:23.8898204Z Toy algorithm: ensure 15 % ROI and round to cents.
2025-08-19T08:15:23.8898487Z Replace with real competitive logic later.
2025-08-19T08:15:23.8898654Z 
2025-08-19T08:15:23.8898739Z <a id="repricer.app.main"></a>
2025-08-19T08:15:23.8898883Z 
2025-08-19T08:15:23.8898958Z # repricer.app.main
2025-08-19T08:15:23.8899064Z 
2025-08-19T08:15:23.8899146Z <a id="repricer.app"></a>
2025-08-19T08:15:23.8899272Z 
2025-08-19T08:15:23.8899338Z # repricer.app
2025-08-19T08:15:23.8899443Z 
2025-08-19T08:15:23.8899535Z <a id="repricer.tests.test_imports"></a>
2025-08-19T08:15:23.8899842Z 
2025-08-19T08:15:23.8899922Z # repricer.tests.test\_imports
2025-08-19T08:15:23.8900065Z 
2025-08-19T08:15:23.8900153Z <a id="repricer.tests.test_smoke"></a>
2025-08-19T08:15:23.8900312Z 
2025-08-19T08:15:23.8900399Z # repricer.tests.test\_smoke
2025-08-19T08:15:23.8900538Z 
2025-08-19T08:15:23.8900615Z <a id="repricer.tests"></a>
2025-08-19T08:15:23.8900746Z 
2025-08-19T08:15:23.8900831Z # repricer.tests
2025-08-19T08:15:23.8900938Z 
2025-08-19T08:15:23.8901002Z <a id="db"></a>
2025-08-19T08:15:23.8901109Z 
2025-08-19T08:15:23.8901169Z # db
2025-08-19T08:15:23.8901252Z 
2025-08-19T08:15:23.8901333Z <a id="db.utils.views"></a>
2025-08-19T08:15:23.8901458Z 
2025-08-19T08:15:23.8901524Z # db.utils.views
2025-08-19T08:15:23.8901625Z 
2025-08-19T08:15:23.8901754Z <a id="db.utils.views.replace_view"></a>
2025-08-19T08:15:23.8901922Z 
2025-08-19T08:15:23.8901989Z #### replace\_view
2025-08-19T08:15:23.8902098Z 
2025-08-19T08:15:23.8902160Z ```python
2025-08-19T08:15:23.8902355Z def replace_view(name: str, new_sql: str) -> None
2025-08-19T08:15:23.8902596Z ```
2025-08-19T08:15:23.8902679Z 
2025-08-19T08:15:23.8902771Z Drop and recreate a SQL view atomically.
2025-08-19T08:15:23.8902932Z 
2025-08-19T08:15:23.8903001Z <a id="db.utils"></a>
2025-08-19T08:15:23.8903113Z 
2025-08-19T08:15:23.8903185Z # db.utils
2025-08-19T08:15:23.8903271Z 
2025-08-19T08:15:23.8903346Z <a id="price_importer"></a>
2025-08-19T08:15:23.8903651Z 
2025-08-19T08:15:23.8903725Z # price\_importer
2025-08-19T08:15:23.8903833Z 
2025-08-19T08:15:23.8903941Z <a id="price_importer.services_common.dsn"></a>
2025-08-19T08:15:23.8904120Z 
2025-08-19T08:15:23.8904210Z # price\_importer.services\_common.dsn
2025-08-19T08:15:23.8904374Z 
2025-08-19T08:15:23.8904503Z <a id="price_importer.services_common.dsn.build_dsn"></a>
2025-08-19T08:15:23.8904705Z 
2025-08-19T08:15:23.8904768Z #### build\_dsn
2025-08-19T08:15:23.8904870Z 
2025-08-19T08:15:23.8904935Z ```python
2025-08-19T08:15:23.8905103Z def build_dsn(sync: bool = True) -> str
2025-08-19T08:15:23.8905320Z ```
2025-08-19T08:15:23.8905402Z 
2025-08-19T08:15:23.8905472Z Return safe DSN.
2025-08-19T08:15:23.8905576Z 
2025-08-19T08:15:23.8905925Z sync=True → SQLAlchemy (+psycopg) else plain asyncpg.
2025-08-19T08:15:23.8906123Z 
2025-08-19T08:15:23.8906255Z <a id="price_importer.services_common.models_vendor"></a>
2025-08-19T08:15:23.8906459Z 
2025-08-19T08:15:23.8906575Z # price\_importer.services\_common.models\_vendor
2025-08-19T08:15:23.8906775Z 
2025-08-19T08:15:23.8906880Z <a id="price_importer.services_common.db_url"></a>
2025-08-19T08:15:23.8907063Z 
2025-08-19T08:15:23.8907161Z # price\_importer.services\_common.db\_url
2025-08-19T08:15:23.8907328Z 
2025-08-19T08:15:23.8907459Z <a id="price_importer.services_common.db_url.build_url"></a>
2025-08-19T08:15:23.8907676Z 
2025-08-19T08:15:23.8907740Z #### build\_url
2025-08-19T08:15:23.8907838Z 
2025-08-19T08:15:23.8907901Z ```python
2025-08-19T08:15:23.8908077Z def build_url(async_: bool = True) -> str
2025-08-19T08:15:23.8908295Z ```
2025-08-19T08:15:23.8908382Z 
2025-08-19T08:15:23.8908479Z Return Postgres DSN from env or PG_* parts.
2025-08-19T08:15:23.8908652Z 
2025-08-19T08:15:23.8908764Z <a id="price_importer.services_common.keepa"></a>
2025-08-19T08:15:23.8908947Z 
2025-08-19T08:15:23.8909039Z # price\_importer.services\_common.keepa
2025-08-19T08:15:23.8909209Z 
2025-08-19T08:15:23.8909314Z <a id="price_importer.services_common.llm"></a>
2025-08-19T08:15:23.8909727Z 
2025-08-19T08:15:23.8909819Z # price\_importer.services\_common.llm
2025-08-19T08:15:23.8909986Z 
2025-08-19T08:15:23.8910133Z <a id="price_importer.services_common.settings"></a>
2025-08-19T08:15:23.8910324Z 
2025-08-19T08:15:23.8910418Z # price\_importer.services\_common.settings
2025-08-19T08:15:23.8910592Z 
2025-08-19T08:15:23.8910690Z <a id="price_importer.services_common.db"></a>
2025-08-19T08:15:23.8910864Z 
2025-08-19T08:15:23.8910952Z # price\_importer.services\_common.db
2025-08-19T08:15:23.8911116Z 
2025-08-19T08:15:23.8911268Z <a id="price_importer.services_common.db.build_sqlalchemy_url"></a>
2025-08-19T08:15:23.8911503Z 
2025-08-19T08:15:23.8911585Z #### build\_sqlalchemy\_url
2025-08-19T08:15:23.8911715Z 
2025-08-19T08:15:23.8911780Z ```python
2025-08-19T08:15:23.8911957Z def build_sqlalchemy_url() -> str
2025-08-19T08:15:23.8912159Z ```
2025-08-19T08:15:23.8912248Z 
2025-08-19T08:15:23.8912343Z Return Postgres URL for SQLAlchemy engines.
2025-08-19T08:15:23.8912522Z 
2025-08-19T08:15:23.8912672Z <a id="price_importer.services_common.db.build_asyncpg_dsn"></a>
2025-08-19T08:15:23.8912896Z 
2025-08-19T08:15:23.8912970Z #### build\_asyncpg\_dsn
2025-08-19T08:15:23.8913093Z 
2025-08-19T08:15:23.8913161Z ```python
2025-08-19T08:15:23.8913326Z def build_asyncpg_dsn() -> str
2025-08-19T08:15:23.8913529Z ```
2025-08-19T08:15:23.8913610Z 
2025-08-19T08:15:23.8913739Z Return DSN suitable for asyncpg (without driver suffix).
2025-08-19T08:15:23.8913953Z 
2025-08-19T08:15:23.8914078Z <a id="price_importer.services_common.db.refresh_mvs"></a>
2025-08-19T08:15:23.8914281Z 
2025-08-19T08:15:23.8914353Z #### refresh\_mvs
2025-08-19T08:15:23.8914457Z 
2025-08-19T08:15:23.8914519Z ```python
2025-08-19T08:15:23.8914716Z def refresh_mvs(conn: Engine | Connection) -> None
2025-08-19T08:15:23.8914961Z ```
2025-08-19T08:15:23.8915049Z 
2025-08-19T08:15:23.8915183Z Refresh materialized views, using CONCURRENTLY when safe.
2025-08-19T08:15:23.8915395Z 
2025-08-19T08:15:23.8915624Z <a id="price_importer.services_common"></a>
2025-08-19T08:15:23.8915803Z 
2025-08-19T08:15:23.8915889Z # price\_importer.services\_common
2025-08-19T08:15:23.8916039Z 
2025-08-19T08:15:23.8916147Z <a id="price_importer.services_common.base"></a>
2025-08-19T08:15:23.8916325Z 
2025-08-19T08:15:23.8916415Z # price\_importer.services\_common.base
2025-08-19T08:15:23.8916582Z 
2025-08-19T08:15:23.8916670Z <a id="price_importer.normaliser"></a>
2025-08-19T08:15:23.8916831Z 
2025-08-19T08:15:23.8916917Z # price\_importer.normaliser
2025-08-19T08:15:23.8917053Z 
2025-08-19T08:15:23.8917156Z <a id="price_importer.common.models_vendor"></a>
2025-08-19T08:15:23.8917332Z 
2025-08-19T08:15:23.8917423Z # price\_importer.common.models\_vendor
2025-08-19T08:15:23.8917581Z 
2025-08-19T08:15:23.8917670Z <a id="price_importer.common.db_url"></a>
2025-08-19T08:15:23.8917842Z 
2025-08-19T08:15:23.8917927Z # price\_importer.common.db\_url
2025-08-19T08:15:23.8918070Z 
2025-08-19T08:15:23.8918184Z <a id="price_importer.common.db_url.make_dsn"></a>
2025-08-19T08:15:23.8918370Z 
2025-08-19T08:15:23.8918435Z #### make\_dsn
2025-08-19T08:15:23.8918533Z 
2025-08-19T08:15:23.8918602Z ```python
2025-08-19T08:15:23.8918768Z def make_dsn(async_: bool = False) -> str
2025-08-19T08:15:23.8918992Z ```
2025-08-19T08:15:23.8919073Z 
2025-08-19T08:15:23.8919189Z Return DSN built from either PG_* or POSTGRES_* vars.
2025-08-19T08:15:23.8919388Z 
2025-08-19T08:15:23.8919494Z <a id="price_importer.common.db_url.build_url"></a>
2025-08-19T08:15:23.8919808Z 
2025-08-19T08:15:23.8919878Z #### build\_url
2025-08-19T08:15:23.8919976Z 
2025-08-19T08:15:23.8920037Z ```python
2025-08-19T08:15:23.8920215Z def build_url(async_: bool = False) -> str
2025-08-19T08:15:23.8920435Z ```
2025-08-19T08:15:23.8920520Z 
2025-08-19T08:15:23.8920640Z Return Postgres DSN built from environment variables.
2025-08-19T08:15:23.8920837Z 
2025-08-19T08:15:23.8920922Z <a id="price_importer.common"></a>
2025-08-19T08:15:23.8921079Z 
2025-08-19T08:15:23.8921156Z # price\_importer.common
2025-08-19T08:15:23.8921406Z 
2025-08-19T08:15:23.8921501Z <a id="price_importer.common.base"></a>
2025-08-19T08:15:23.8921664Z 
2025-08-19T08:15:23.8921746Z # price\_importer.common.base
2025-08-19T08:15:23.8921891Z 
2025-08-19T08:15:23.8921988Z <a id="price_importer.tests.conftest"></a>
2025-08-19T08:15:23.8922157Z 
2025-08-19T08:15:23.8922242Z # price\_importer.tests.conftest
2025-08-19T08:15:23.8922416Z 
2025-08-19T08:15:23.8922514Z <a id="price_importer.tests.test_reader"></a>
2025-08-19T08:15:23.8922690Z 
2025-08-19T08:15:23.8922782Z # price\_importer.tests.test\_reader
2025-08-19T08:15:23.8922938Z 
2025-08-19T08:15:23.8923038Z <a id="price_importer.tests.test_imports"></a>
2025-08-19T08:15:23.8923218Z 
2025-08-19T08:15:23.8923306Z # price\_importer.tests.test\_imports
2025-08-19T08:15:23.8923461Z 
2025-08-19T08:15:23.8923558Z <a id="price_importer.tests.test_smoke"></a>
2025-08-19T08:15:23.8923732Z 
2025-08-19T08:15:23.8923815Z # price\_importer.tests.test\_smoke
2025-08-19T08:15:23.8923970Z 
2025-08-19T08:15:23.8924088Z <a id="price_importer.tests.test_normaliser"></a>
2025-08-19T08:15:23.8924270Z 
2025-08-19T08:15:23.8924360Z # price\_importer.tests.test\_normaliser
2025-08-19T08:15:23.8924529Z 
2025-08-19T08:15:23.8924613Z <a id="price_importer.tests"></a>
2025-08-19T08:15:23.8924760Z 
2025-08-19T08:15:23.8924837Z # price\_importer.tests
2025-08-19T08:15:23.8924965Z 
2025-08-19T08:15:23.8925048Z <a id="price_importer.reader"></a>
2025-08-19T08:15:23.8925195Z 
2025-08-19T08:15:23.8925278Z # price\_importer.reader
2025-08-19T08:15:23.8925403Z 
2025-08-19T08:15:23.8925492Z <a id="price_importer.repository"></a>
2025-08-19T08:15:23.8925660Z 
2025-08-19T08:15:23.8925741Z # price\_importer.repository
2025-08-19T08:15:23.8925879Z 
2025-08-19T08:15:23.8925961Z <a id="price_importer.import"></a>
2025-08-19T08:15:23.8926115Z 
2025-08-19T08:15:23.8926190Z # price\_importer.import
2025-08-19T08:15:23.8926312Z 
2025-08-19T08:15:23.8926392Z <a id="fees_h10"></a>
2025-08-19T08:15:23.8926503Z 
2025-08-19T08:15:23.8926696Z # fees\_h10
2025-08-19T08:15:23.8926798Z 
2025-08-19T08:15:23.8926874Z <a id="fees_h10.worker"></a>
2025-08-19T08:15:23.8927004Z 
2025-08-19T08:15:23.8927069Z # fees\_h10.worker
2025-08-19T08:15:23.8927180Z 
2025-08-19T08:15:23.8927274Z <a id="fees_h10.worker.list_active_asins"></a>
2025-08-19T08:15:23.8927445Z 
2025-08-19T08:15:23.8927522Z #### list\_active\_asins
2025-08-19T08:15:23.8927639Z 
2025-08-19T08:15:23.8927700Z ```python
2025-08-19T08:15:23.8927870Z def list_active_asins() -> list[str]
2025-08-19T08:15:23.8928075Z ```
2025-08-19T08:15:23.8928160Z 
2025-08-19T08:15:23.8928274Z Return known ASINs or an empty list if unavailable.
2025-08-19T08:15:23.8928464Z 
2025-08-19T08:15:23.8928545Z <a id="fees_h10.tests.test_smoke"></a>
2025-08-19T08:15:23.8928703Z 
2025-08-19T08:15:23.8928782Z # fees\_h10.tests.test\_smoke
2025-08-19T08:15:23.8928914Z 
2025-08-19T08:15:23.8928992Z <a id="fees_h10.tests"></a>
2025-08-19T08:15:23.8929120Z 
2025-08-19T08:15:23.8929185Z # fees\_h10.tests
2025-08-19T08:15:23.8929307Z 
2025-08-19T08:15:23.8929381Z <a id="fees_h10.client"></a>
2025-08-19T08:15:23.8929509Z 
2025-08-19T08:15:23.8929679Z # fees\_h10.client
2025-08-19T08:15:23.8929788Z 
2025-08-19T08:15:23.8929869Z <a id="fees_h10.repository"></a>
2025-08-19T08:15:23.8930011Z 
2025-08-19T08:15:23.8930086Z # fees\_h10.repository
2025-08-19T08:15:23.8930202Z 
2025-08-19T08:15:23.8930269Z <a id="emailer"></a>
2025-08-19T08:15:23.8930377Z 
2025-08-19T08:15:23.8930444Z # emailer
2025-08-19T08:15:23.8930530Z 
2025-08-19T08:15:23.8930628Z <a id="emailer.tests.test_import_emailer"></a>
2025-08-19T08:15:23.8930804Z 
2025-08-19T08:15:23.8930891Z # emailer.tests.test\_import\_emailer
2025-08-19T08:15:23.8931047Z 
2025-08-19T08:15:23.8931135Z <a id="emailer.tests.test_smoke"></a>
2025-08-19T08:15:23.8931289Z 
2025-08-19T08:15:23.8931369Z # emailer.tests.test\_smoke
2025-08-19T08:15:23.8931504Z 
2025-08-19T08:15:23.8931585Z <a id="emailer.tests"></a>
2025-08-19T08:15:23.8931713Z 
2025-08-19T08:15:23.8931779Z # emailer.tests
2025-08-19T08:15:23.8932009Z 
2025-08-19T08:15:23.8932093Z <a id="emailer.generate_body"></a>
2025-08-19T08:15:23.8932242Z 
2025-08-19T08:15:23.8932323Z # emailer.generate\_body
2025-08-19T08:15:23.8932446Z 
2025-08-19T08:15:23.8932516Z <a id="llm_server"></a>
2025-08-19T08:15:23.8932633Z 
2025-08-19T08:15:23.8932703Z # llm\_server
2025-08-19T08:15:23.8932797Z 
2025-08-19T08:15:23.8932876Z <a id="llm_server.app"></a>
2025-08-19T08:15:23.8933012Z 
2025-08-19T08:15:23.8933079Z # llm\_server.app
2025-08-19T08:15:23.8933183Z 
2025-08-19T08:15:23.9233811Z ##[group]Run peaceiris/actions-gh-pages@v3
2025-08-19T08:15:23.9234094Z with:
2025-08-19T08:15:23.9234521Z   github_token: ***
2025-08-19T08:15:23.9234731Z   publish_branch: gh-pages
2025-08-19T08:15:23.9234940Z   publish_dir: docs/api
2025-08-19T08:15:23.9235152Z   allow_empty_commit: false
2025-08-19T08:15:23.9235353Z   keep_files: false
2025-08-19T08:15:23.9235531Z   force_orphan: false
2025-08-19T08:15:23.9235715Z   enable_jekyll: false
2025-08-19T08:15:23.9235915Z   disable_nojekyll: false
2025-08-19T08:15:23.9236114Z   exclude_assets: .github
2025-08-19T08:15:23.9236295Z env:
2025-08-19T08:15:23.9236511Z   pythonLocation: /opt/hostedtoolcache/Python/3.11.13/x64
2025-08-19T08:15:23.9236909Z   PKG_CONFIG_PATH: /opt/hostedtoolcache/Python/3.11.13/x64/lib/pkgconfig
2025-08-19T08:15:23.9237287Z   Python_ROOT_DIR: /opt/hostedtoolcache/Python/3.11.13/x64
2025-08-19T08:15:23.9237617Z   Python2_ROOT_DIR: /opt/hostedtoolcache/Python/3.11.13/x64
2025-08-19T08:15:23.9237980Z   Python3_ROOT_DIR: /opt/hostedtoolcache/Python/3.11.13/x64
2025-08-19T08:15:23.9238312Z   LD_LIBRARY_PATH: /opt/hostedtoolcache/Python/3.11.13/x64/lib
2025-08-19T08:15:23.9238593Z ##[endgroup]
2025-08-19T08:15:23.9848419Z [INFO] Usage https://github.com/peaceiris/actions-gh-pages#readme
2025-08-19T08:15:23.9853827Z ##[group]Dump inputs
2025-08-19T08:15:23.9854264Z [INFO] GithubToken: true
2025-08-19T08:15:23.9854713Z [INFO] PublishBranch: gh-pages
2025-08-19T08:15:23.9855171Z [INFO] PublishDir: docs/api
2025-08-19T08:15:23.9855625Z [INFO] DestinationDir: 
2025-08-19T08:15:23.9855977Z [INFO] ExternalRepository: 
2025-08-19T08:15:23.9856251Z [INFO] AllowEmptyCommit: false
2025-08-19T08:15:23.9856575Z [INFO] KeepFiles: false
2025-08-19T08:15:23.9856981Z [INFO] ForceOrphan: false
2025-08-19T08:15:23.9857378Z [INFO] UserName: 
2025-08-19T08:15:23.9857720Z [INFO] UserEmail: 
2025-08-19T08:15:23.9858079Z [INFO] CommitMessage: 
2025-08-19T08:15:23.9858471Z [INFO] FullCommitMessage: 
2025-08-19T08:15:23.9858890Z [INFO] TagName: 
2025-08-19T08:15:23.9859227Z [INFO] TagMessage: 
2025-08-19T08:15:23.9859848Z [INFO] EnableJekyll (DisableNoJekyll): false
2025-08-19T08:15:23.9860380Z [INFO] CNAME: 
2025-08-19T08:15:23.9860671Z [INFO] ExcludeAssets .github
2025-08-19T08:15:23.9860914Z 
2025-08-19T08:15:23.9861208Z ##[endgroup]
2025-08-19T08:15:23.9861541Z ##[group]Setup auth token
2025-08-19T08:15:23.9861757Z [INFO] setup GITHUB_TOKEN
2025-08-19T08:15:23.9862584Z ##[endgroup]
2025-08-19T08:15:23.9862959Z ##[group]Prepare publishing assets
2025-08-19T08:15:23.9863595Z [INFO] ForceOrphan: false
2025-08-19T08:15:23.9909378Z [command]/usr/bin/git clone --depth=1 --single-branch --branch gh-pages ***github.com/AlexBomber12/AWA-App.git /home/runner/actions_github_pages_1755591323985
2025-08-19T08:15:23.9944002Z Cloning into '/home/runner/actions_github_pages_1755591323985'...
2025-08-19T08:15:24.3211808Z fatal: Remote branch gh-pages not found in upstream origin
2025-08-19T08:15:24.3253613Z [INFO] first deployment, create new branch gh-pages
2025-08-19T08:15:24.3254312Z [INFO] The process '/usr/bin/git' failed with exit code 128
2025-08-19T08:15:24.3259022Z [INFO] chdir /home/runner/actions_github_pages_1755591323985
2025-08-19T08:15:24.3271508Z [command]/usr/bin/git init
2025-08-19T08:15:24.3308456Z hint: Using 'master' as the name for the initial branch. This default branch name
2025-08-19T08:15:24.3309349Z hint: is subject to change. To configure the initial branch name to use in all
2025-08-19T08:15:24.3310394Z hint: of your new repositories, which will suppress this warning, call:
2025-08-19T08:15:24.3311487Z hint:
2025-08-19T08:15:24.3311899Z hint: 	git config --global init.defaultBranch <name>
2025-08-19T08:15:24.3312391Z hint:
2025-08-19T08:15:24.3312884Z hint: Names commonly chosen instead of 'master' are 'main', 'trunk' and
2025-08-19T08:15:24.3313713Z hint: 'development'. The just-created branch can be renamed via this command:
2025-08-19T08:15:24.3314322Z hint:
2025-08-19T08:15:24.3314637Z hint: 	git branch -m <name>
2025-08-19T08:15:24.3315294Z hint:
2025-08-19T08:15:24.3315837Z hint: Disable this message with "git config set advice.defaultBranchName false"
2025-08-19T08:15:24.3316786Z Initialized empty Git repository in /home/runner/actions_github_pages_1755591323985/.git/
2025-08-19T08:15:24.3328200Z [command]/usr/bin/git checkout --orphan gh-pages
2025-08-19T08:15:24.3350655Z Switched to a new branch 'gh-pages'
2025-08-19T08:15:24.3356455Z [INFO] prepare publishing assets
2025-08-19T08:15:24.3357203Z [INFO] copy /home/runner/work/AWA-App/AWA-App/docs/api to /home/runner/actions_github_pages_1755591323985
2025-08-19T08:15:24.3387389Z cp: no such file or directory: /home/runner/work/AWA-App/AWA-App/docs/api/*
2025-08-19T08:15:24.3397463Z [INFO] delete excluded assets
2025-08-19T08:15:24.3425278Z rm: no paths given
2025-08-19T08:15:24.3427545Z [INFO] Created /home/runner/actions_github_pages_1755591323985/.nojekyll
2025-08-19T08:15:24.3428519Z ##[endgroup]
2025-08-19T08:15:24.3429021Z ##[group]Setup Git config
2025-08-19T08:15:24.3441509Z [command]/usr/bin/git remote rm origin
2025-08-19T08:15:24.3461251Z error: No such remote: 'origin'
2025-08-19T08:15:24.3466484Z [INFO] The process '/usr/bin/git' failed with exit code 2
2025-08-19T08:15:24.3481353Z [command]/usr/bin/git remote add origin ***github.com/AlexBomber12/AWA-App.git
2025-08-19T08:15:24.3523347Z [command]/usr/bin/git add --all
2025-08-19T08:15:24.3566595Z [command]/usr/bin/git config user.name AlexBomber12
2025-08-19T08:15:24.3607650Z [command]/usr/bin/git config user.email AlexBomber12@users.noreply.github.com
2025-08-19T08:15:24.3632882Z ##[endgroup]
2025-08-19T08:15:24.3633229Z ##[group]Create a commit
2025-08-19T08:15:24.3644270Z [command]/usr/bin/git commit -m deploy: 385654d44a0c2cfabf2fc1169731b0890188a8e6
2025-08-19T08:15:24.3694761Z [gh-pages (root-commit) c05b5ef] deploy: 385654d44a0c2cfabf2fc1169731b0890188a8e6
2025-08-19T08:15:24.3695474Z  2 files changed, 0 insertions(+), 0 deletions(-)
2025-08-19T08:15:24.3695785Z  create mode 100644 .gitkeep
2025-08-19T08:15:24.3696024Z  create mode 100644 .nojekyll
2025-08-19T08:15:24.3699094Z ##[endgroup]
2025-08-19T08:15:24.3699487Z ##[group]Push the commit or tag
2025-08-19T08:15:24.3711322Z [command]/usr/bin/git push origin gh-pages
2025-08-19T08:15:25.4546210Z remote: 
2025-08-19T08:15:25.4546904Z remote: Create a pull request for 'gh-pages' on GitHub by visiting:        
2025-08-19T08:15:25.4548002Z remote:      https://github.com/AlexBomber12/AWA-App/pull/new/gh-pages        
2025-08-19T08:15:25.4548738Z remote: 
2025-08-19T08:15:25.4552329Z To https://github.com/AlexBomber12/AWA-App.git
2025-08-19T08:15:25.4552907Z  * [new branch]      gh-pages -> gh-pages
2025-08-19T08:15:25.4600585Z ##[endgroup]
2025-08-19T08:15:25.4600912Z [INFO] Action successfully completed
2025-08-19T08:15:25.4691199Z Post job cleanup.
2025-08-19T08:15:25.6253690Z Post job cleanup.
2025-08-19T08:15:25.7170774Z [command]/usr/bin/git version
2025-08-19T08:15:25.7211699Z git version 2.50.1
2025-08-19T08:15:25.7254331Z Temporarily overriding HOME='/home/runner/work/_temp/601fb2f6-b64a-4077-8d9c-afc0e32ef177' before making global git config changes
2025-08-19T08:15:25.7255705Z Adding repository directory to the temporary git global config as a safe directory
2025-08-19T08:15:25.7260395Z [command]/usr/bin/git config --global --add safe.directory /home/runner/work/AWA-App/AWA-App
2025-08-19T08:15:25.7294842Z [command]/usr/bin/git config --local --name-only --get-regexp core\.sshCommand
2025-08-19T08:15:25.7326402Z [command]/usr/bin/git submodule foreach --recursive sh -c "git config --local --name-only --get-regexp 'core\.sshCommand' && git config --local --unset-all 'core.sshCommand' || :"
2025-08-19T08:15:25.7550437Z [command]/usr/bin/git config --local --name-only --get-regexp http\.https\:\/\/github\.com\/\.extraheader
2025-08-19T08:15:25.7571034Z http.https://github.com/.extraheader
2025-08-19T08:15:25.7583065Z [command]/usr/bin/git config --local --unset-all http.https://github.com/.extraheader
2025-08-19T08:15:25.7612745Z [command]/usr/bin/git submodule foreach --recursive sh -c "git config --local --name-only --get-regexp 'http\.https\:\/\/github\.com\/\.extraheader' && git config --local --unset-all 'http.https://github.com/.extraheader' || :"
2025-08-19T08:15:25.7939148Z Cleaning up orphan processes
