2025-08-17T16:38:57.4056305Z Current runner version: '2.327.1'
2025-08-17T16:38:57.4080855Z ##[group]Runner Image Provisioner
2025-08-17T16:38:57.4081601Z Hosted Compute Agent
2025-08-17T16:38:57.4082143Z Version: 20250812.370
2025-08-17T16:38:57.4083017Z Commit: 4a2b2bf7520004e3e907c2150c8cabe342a3da32
2025-08-17T16:38:57.4083697Z Build Date: 2025-08-12T16:08:14Z
2025-08-17T16:38:57.4084278Z ##[endgroup]
2025-08-17T16:38:57.4084880Z ##[group]Operating System
2025-08-17T16:38:57.4085432Z Ubuntu
2025-08-17T16:38:57.4085866Z 24.04.2
2025-08-17T16:38:57.4086363Z LTS
2025-08-17T16:38:57.4086806Z ##[endgroup]
2025-08-17T16:38:57.4087284Z ##[group]Runner Image
2025-08-17T16:38:57.4087852Z Image: ubuntu-24.04
2025-08-17T16:38:57.4088310Z Version: 20250810.1.0
2025-08-17T16:38:57.4089319Z Included Software: https://github.com/actions/runner-images/blob/ubuntu24/20250810.1/images/ubuntu/Ubuntu2404-Readme.md
2025-08-17T16:38:57.4090839Z Image Release: https://github.com/actions/runner-images/releases/tag/ubuntu24%2F20250810.1
2025-08-17T16:38:57.4091823Z ##[endgroup]
2025-08-17T16:38:57.4094495Z ##[group]GITHUB_TOKEN Permissions
2025-08-17T16:38:57.4096594Z Actions: write
2025-08-17T16:38:57.4097204Z Attestations: write
2025-08-17T16:38:57.4097723Z Checks: write
2025-08-17T16:38:57.4098206Z Contents: write
2025-08-17T16:38:57.4098731Z Deployments: write
2025-08-17T16:38:57.4099204Z Discussions: write
2025-08-17T16:38:57.4099700Z Issues: write
2025-08-17T16:38:57.4100120Z Metadata: read
2025-08-17T16:38:57.4100703Z Models: read
2025-08-17T16:38:57.4101150Z Packages: write
2025-08-17T16:38:57.4101633Z Pages: write
2025-08-17T16:38:57.4102148Z PullRequests: write
2025-08-17T16:38:57.4103036Z RepositoryProjects: write
2025-08-17T16:38:57.4103557Z SecurityEvents: write
2025-08-17T16:38:57.4104271Z Statuses: write
2025-08-17T16:38:57.4104769Z ##[endgroup]
2025-08-17T16:38:57.4107116Z Secret source: Actions
2025-08-17T16:38:57.4107912Z Prepare workflow directory
2025-08-17T16:38:57.4444876Z Prepare all required actions
2025-08-17T16:38:57.4483445Z Getting action download info
2025-08-17T16:38:57.8126303Z Download action repository 'actions/checkout@v4' (SHA:08eba0b27e820071cde6df949e0beb9ba4906955)
2025-08-17T16:38:58.3399030Z Download action repository 'actions/setup-python@v5' (SHA:a26af69be951a213d495a4c3e4e4022e16d87065)
2025-08-17T16:38:58.8582870Z Download action repository 'peaceiris/actions-gh-pages@v3' (SHA:373f7f263a76c20808c831209c920827a82a2847)
2025-08-17T16:38:59.3883135Z Complete job name: publish
2025-08-17T16:38:59.4705473Z ##[group]Run actions/checkout@v4
2025-08-17T16:38:59.4706730Z with:
2025-08-17T16:38:59.4707451Z   repository: AlexBomber12/AWA-App
2025-08-17T16:38:59.4708706Z   token: ***
2025-08-17T16:38:59.4709381Z   ssh-strict: true
2025-08-17T16:38:59.4710107Z   ssh-user: git
2025-08-17T16:38:59.4710822Z   persist-credentials: true
2025-08-17T16:38:59.4711656Z   clean: true
2025-08-17T16:38:59.4712742Z   sparse-checkout-cone-mode: true
2025-08-17T16:38:59.4713690Z   fetch-depth: 1
2025-08-17T16:38:59.4714393Z   fetch-tags: false
2025-08-17T16:38:59.4715135Z   show-progress: true
2025-08-17T16:38:59.4715882Z   lfs: false
2025-08-17T16:38:59.4716548Z   submodules: false
2025-08-17T16:38:59.4717273Z   set-safe-directory: true
2025-08-17T16:38:59.4718386Z ##[endgroup]
2025-08-17T16:38:59.5910601Z Syncing repository: AlexBomber12/AWA-App
2025-08-17T16:38:59.5913762Z ##[group]Getting Git version info
2025-08-17T16:38:59.5915068Z Working directory is '/home/runner/work/AWA-App/AWA-App'
2025-08-17T16:38:59.5916968Z [command]/usr/bin/git version
2025-08-17T16:38:59.5996269Z git version 2.50.1
2025-08-17T16:38:59.6031151Z ##[endgroup]
2025-08-17T16:38:59.6079929Z Temporarily overriding HOME='/home/runner/work/_temp/62e04e90-1f2f-461d-9024-9d4898c0abc8' before making global git config changes
2025-08-17T16:38:59.6083478Z Adding repository directory to the temporary git global config as a safe directory
2025-08-17T16:38:59.6086536Z [command]/usr/bin/git config --global --add safe.directory /home/runner/work/AWA-App/AWA-App
2025-08-17T16:38:59.6134273Z Deleting the contents of '/home/runner/work/AWA-App/AWA-App'
2025-08-17T16:38:59.6138515Z ##[group]Initializing the repository
2025-08-17T16:38:59.6143344Z [command]/usr/bin/git init /home/runner/work/AWA-App/AWA-App
2025-08-17T16:38:59.6265100Z hint: Using 'master' as the name for the initial branch. This default branch name
2025-08-17T16:38:59.6269851Z hint: is subject to change. To configure the initial branch name to use in all
2025-08-17T16:38:59.6273255Z hint: of your new repositories, which will suppress this warning, call:
2025-08-17T16:38:59.6274649Z hint:
2025-08-17T16:38:59.6275525Z hint: 	git config --global init.defaultBranch <name>
2025-08-17T16:38:59.6276639Z hint:
2025-08-17T16:38:59.6277874Z hint: Names commonly chosen instead of 'master' are 'main', 'trunk' and
2025-08-17T16:38:59.6280768Z hint: 'development'. The just-created branch can be renamed via this command:
2025-08-17T16:38:59.6283420Z hint:
2025-08-17T16:38:59.6284535Z hint: 	git branch -m <name>
2025-08-17T16:38:59.6285828Z hint:
2025-08-17T16:38:59.6287628Z hint: Disable this message with "git config set advice.defaultBranchName false"
2025-08-17T16:38:59.6289825Z Initialized empty Git repository in /home/runner/work/AWA-App/AWA-App/.git/
2025-08-17T16:38:59.6293446Z [command]/usr/bin/git remote add origin https://github.com/AlexBomber12/AWA-App
2025-08-17T16:38:59.6337316Z ##[endgroup]
2025-08-17T16:38:59.6339524Z ##[group]Disabling automatic garbage collection
2025-08-17T16:38:59.6341984Z [command]/usr/bin/git config --local gc.auto 0
2025-08-17T16:38:59.6382909Z ##[endgroup]
2025-08-17T16:38:59.6384982Z ##[group]Setting up auth
2025-08-17T16:38:59.6391357Z [command]/usr/bin/git config --local --name-only --get-regexp core\.sshCommand
2025-08-17T16:38:59.6428951Z [command]/usr/bin/git submodule foreach --recursive sh -c "git config --local --name-only --get-regexp 'core\.sshCommand' && git config --local --unset-all 'core.sshCommand' || :"
2025-08-17T16:38:59.6780980Z [command]/usr/bin/git config --local --name-only --get-regexp http\.https\:\/\/github\.com\/\.extraheader
2025-08-17T16:38:59.6816931Z [command]/usr/bin/git submodule foreach --recursive sh -c "git config --local --name-only --get-regexp 'http\.https\:\/\/github\.com\/\.extraheader' && git config --local --unset-all 'http.https://github.com/.extraheader' || :"
2025-08-17T16:38:59.7076161Z [command]/usr/bin/git config --local http.https://github.com/.extraheader AUTHORIZATION: basic ***
2025-08-17T16:38:59.7120642Z ##[endgroup]
2025-08-17T16:38:59.7122604Z ##[group]Fetching the repository
2025-08-17T16:38:59.7130212Z [command]/usr/bin/git -c protocol.version=2 fetch --no-tags --prune --no-recurse-submodules --depth=1 origin +52acd13d6cc5c3f2cc173e8172065b27497186ae:refs/remotes/pull/230/merge
2025-08-17T16:39:00.1290389Z From https://github.com/AlexBomber12/AWA-App
2025-08-17T16:39:00.1293143Z  * [new ref]         52acd13d6cc5c3f2cc173e8172065b27497186ae -> pull/230/merge
2025-08-17T16:39:00.1318962Z ##[endgroup]
2025-08-17T16:39:00.1321353Z ##[group]Determining the checkout info
2025-08-17T16:39:00.1326936Z ##[endgroup]
2025-08-17T16:39:00.1331029Z [command]/usr/bin/git sparse-checkout disable
2025-08-17T16:39:00.1385553Z [command]/usr/bin/git config --local --unset-all extensions.worktreeConfig
2025-08-17T16:39:00.1434555Z ##[group]Checking out the ref
2025-08-17T16:39:00.1436630Z [command]/usr/bin/git checkout --progress --force refs/remotes/pull/230/merge
2025-08-17T16:39:00.1896502Z Note: switching to 'refs/remotes/pull/230/merge'.
2025-08-17T16:39:00.1904293Z 
2025-08-17T16:39:00.1905259Z You are in 'detached HEAD' state. You can look around, make experimental
2025-08-17T16:39:00.1906851Z changes and commit them, and you can discard any commits you make in this
2025-08-17T16:39:00.1910098Z state without impacting any branches by switching back to a branch.
2025-08-17T16:39:00.1913603Z 
2025-08-17T16:39:00.1914029Z If you want to create a new branch to retain commits you create, you may
2025-08-17T16:39:00.1914889Z do so (now or later) by using -c with the switch command. Example:
2025-08-17T16:39:00.1915863Z 
2025-08-17T16:39:00.1916065Z   git switch -c <new-branch-name>
2025-08-17T16:39:00.1916399Z 
2025-08-17T16:39:00.1916594Z Or undo this operation with:
2025-08-17T16:39:00.1916894Z 
2025-08-17T16:39:00.1917068Z   git switch -
2025-08-17T16:39:00.1917356Z 
2025-08-17T16:39:00.1917704Z Turn off this advice by setting config variable advice.detachedHead to false
2025-08-17T16:39:00.1918573Z 
2025-08-17T16:39:00.1919198Z HEAD is now at 52acd13 Merge 42c2033219f7d0375e3e86e0415cc628a4d51bde into 97fd54b5953f3601ee269fa2ee5012f3b0e55cbe
2025-08-17T16:39:00.1921244Z ##[endgroup]
2025-08-17T16:39:00.1953911Z [command]/usr/bin/git log -1 --format=%H
2025-08-17T16:39:00.2024520Z 52acd13d6cc5c3f2cc173e8172065b27497186ae
2025-08-17T16:39:00.2325871Z ##[group]Run actions/setup-python@v5
2025-08-17T16:39:00.2326215Z with:
2025-08-17T16:39:00.2326433Z   python-version: 3.11
2025-08-17T16:39:00.2326698Z   check-latest: false
2025-08-17T16:39:00.2327107Z   token: ***
2025-08-17T16:39:00.2327359Z   update-environment: true
2025-08-17T16:39:00.2327624Z   allow-prereleases: false
2025-08-17T16:39:00.2327866Z   freethreaded: false
2025-08-17T16:39:00.2328100Z ##[endgroup]
2025-08-17T16:39:00.4224875Z ##[group]Installed versions
2025-08-17T16:39:00.4359501Z Successfully set up CPython (3.11.13)
2025-08-17T16:39:00.4360464Z ##[endgroup]
2025-08-17T16:39:00.4508258Z ##[group]Run pip install pydoc-markdown
2025-08-17T16:39:00.4508729Z [36;1mpip install pydoc-markdown[0m
2025-08-17T16:39:00.4600424Z shell: /usr/bin/bash -e {0}
2025-08-17T16:39:00.4600749Z env:
2025-08-17T16:39:00.4601067Z   pythonLocation: /opt/hostedtoolcache/Python/3.11.13/x64
2025-08-17T16:39:00.4601564Z   PKG_CONFIG_PATH: /opt/hostedtoolcache/Python/3.11.13/x64/lib/pkgconfig
2025-08-17T16:39:00.4602049Z   Python_ROOT_DIR: /opt/hostedtoolcache/Python/3.11.13/x64
2025-08-17T16:39:00.4602733Z   Python2_ROOT_DIR: /opt/hostedtoolcache/Python/3.11.13/x64
2025-08-17T16:39:00.4603190Z   Python3_ROOT_DIR: /opt/hostedtoolcache/Python/3.11.13/x64
2025-08-17T16:39:00.4603677Z   LD_LIBRARY_PATH: /opt/hostedtoolcache/Python/3.11.13/x64/lib
2025-08-17T16:39:00.4604040Z ##[endgroup]
2025-08-17T16:39:03.6345176Z Collecting pydoc-markdown
2025-08-17T16:39:03.7392010Z   Downloading pydoc_markdown-4.8.2-py3-none-any.whl.metadata (5.9 kB)
2025-08-17T16:39:03.8121314Z Collecting PyYAML<7.0,>=5.0 (from pydoc-markdown)
2025-08-17T16:39:03.8290405Z   Downloading PyYAML-6.0.2-cp311-cp311-manylinux_2_17_x86_64.manylinux2014_x86_64.whl.metadata (2.1 kB)
2025-08-17T16:39:03.8656377Z Collecting click<9.0,>=7.1 (from pydoc-markdown)
2025-08-17T16:39:03.8814237Z   Downloading click-8.2.1-py3-none-any.whl.metadata (2.5 kB)
2025-08-17T16:39:03.9557962Z Collecting databind.core<5.0.0,>=4.4.0 (from pydoc-markdown)
2025-08-17T16:39:03.9725437Z   Downloading databind.core-4.5.2-py3-none-any.whl.metadata (1.1 kB)
2025-08-17T16:39:04.0858083Z Collecting databind.json<5.0.0,>=4.4.0 (from pydoc-markdown)
2025-08-17T16:39:04.1023530Z   Downloading databind.json-4.5.2-py3-none-any.whl.metadata (1.1 kB)
2025-08-17T16:39:04.1799495Z Collecting docspec<3.0.0,>=2.2.1 (from pydoc-markdown)
2025-08-17T16:39:04.1964998Z   Downloading docspec-2.2.2-py3-none-any.whl.metadata (1.0 kB)
2025-08-17T16:39:04.2570813Z Collecting docspec-python<3.0.0,>=2.2.1 (from pydoc-markdown)
2025-08-17T16:39:04.2758100Z   Downloading docspec_python-2.2.2-py3-none-any.whl.metadata (1.0 kB)
2025-08-17T16:39:04.3011368Z Collecting docstring-parser<0.12,>=0.11 (from pydoc-markdown)
2025-08-17T16:39:04.3180940Z   Downloading docstring_parser-0.11.tar.gz (22 kB)
2025-08-17T16:39:04.3377938Z   Installing build dependencies: started
2025-08-17T16:39:05.3223755Z   Installing build dependencies: finished with status 'done'
2025-08-17T16:39:05.3230273Z   Getting requirements to build wheel: started
2025-08-17T16:39:05.7371466Z   Getting requirements to build wheel: finished with status 'done'
2025-08-17T16:39:05.7380760Z   Preparing metadata (pyproject.toml): started
2025-08-17T16:39:05.9354119Z   Preparing metadata (pyproject.toml): finished with status 'done'
2025-08-17T16:39:05.9625712Z Collecting jinja2<4.0.0,>=3.0.0 (from pydoc-markdown)
2025-08-17T16:39:05.9780562Z   Downloading jinja2-3.1.6-py3-none-any.whl.metadata (2.9 kB)
2025-08-17T16:39:06.0460817Z Collecting nr.util<1.0.0,>=0.7.5 (from pydoc-markdown)
2025-08-17T16:39:06.0627450Z   Downloading nr.util-0.8.12-py3-none-any.whl.metadata (813 bytes)
2025-08-17T16:39:06.1070786Z Collecting requests<3.0.0,>=2.23.0 (from pydoc-markdown)
2025-08-17T16:39:06.1227865Z   Downloading requests-2.32.4-py3-none-any.whl.metadata (4.9 kB)
2025-08-17T16:39:06.1559053Z Collecting tomli<3.0.0,>=2.0.0 (from pydoc-markdown)
2025-08-17T16:39:06.1728065Z   Downloading tomli-2.2.1-cp311-cp311-manylinux_2_17_x86_64.manylinux2014_x86_64.whl.metadata (11 kB)
2025-08-17T16:39:06.1991583Z Collecting tomli_w<2.0.0,>=1.0.0 (from pydoc-markdown)
2025-08-17T16:39:06.2165664Z   Downloading tomli_w-1.2.0-py3-none-any.whl.metadata (5.7 kB)
2025-08-17T16:39:06.2809469Z Collecting watchdog (from pydoc-markdown)
2025-08-17T16:39:06.2968674Z   Downloading watchdog-6.0.0-py3-none-manylinux2014_x86_64.whl.metadata (44 kB)
2025-08-17T16:39:06.3389066Z Collecting yapf>=0.30.0 (from pydoc-markdown)
2025-08-17T16:39:06.3556073Z   Downloading yapf-0.43.0-py3-none-any.whl.metadata (46 kB)
2025-08-17T16:39:06.4287672Z Collecting databind<5.0.0,>=4.5.2 (from databind.core<5.0.0,>=4.4.0->pydoc-markdown)
2025-08-17T16:39:06.4456436Z   Downloading databind-4.5.2-py3-none-any.whl.metadata (4.3 kB)
2025-08-17T16:39:06.4741899Z Collecting Deprecated<2.0.0,>=1.2.12 (from databind<5.0.0,>=4.5.2->databind.core<5.0.0,>=4.4.0->pydoc-markdown)
2025-08-17T16:39:06.4897659Z   Downloading Deprecated-1.2.18-py2.py3-none-any.whl.metadata (5.7 kB)
2025-08-17T16:39:06.5505158Z Collecting nr-date<3.0.0,>=2.0.0 (from databind<5.0.0,>=4.5.2->databind.core<5.0.0,>=4.4.0->pydoc-markdown)
2025-08-17T16:39:06.5675170Z   Downloading nr_date-2.1.0-py3-none-any.whl.metadata (746 bytes)
2025-08-17T16:39:06.6285104Z Collecting nr-stream<2.0.0,>=1.0.0 (from databind<5.0.0,>=4.5.2->databind.core<5.0.0,>=4.4.0->pydoc-markdown)
2025-08-17T16:39:06.6455370Z   Downloading nr_stream-1.1.5-py3-none-any.whl.metadata (3.6 kB)
2025-08-17T16:39:06.7127933Z Collecting typeapi<3,>=2.0.1 (from databind<5.0.0,>=4.5.2->databind.core<5.0.0,>=4.4.0->pydoc-markdown)
2025-08-17T16:39:06.7298652Z   Downloading typeapi-2.2.4-py3-none-any.whl.metadata (1.5 kB)
2025-08-17T16:39:06.7627396Z Collecting typing-extensions<5,>=3.10.0 (from databind<5.0.0,>=4.5.2->databind.core<5.0.0,>=4.4.0->pydoc-markdown)
2025-08-17T16:39:06.7786956Z   Downloading typing_extensions-4.14.1-py3-none-any.whl.metadata (3.0 kB)
2025-08-17T16:39:06.8985569Z Collecting wrapt<2,>=1.10 (from Deprecated<2.0.0,>=1.2.12->databind<5.0.0,>=4.5.2->databind.core<5.0.0,>=4.4.0->pydoc-markdown)
2025-08-17T16:39:06.9146260Z   Downloading wrapt-1.17.3-cp311-cp311-manylinux1_x86_64.manylinux_2_28_x86_64.manylinux_2_5_x86_64.whl.metadata (6.4 kB)
2025-08-17T16:39:06.9867705Z Collecting black>=24.8.0 (from docspec-python<3.0.0,>=2.2.1->pydoc-markdown)
2025-08-17T16:39:07.0048432Z   Downloading black-25.1.0-cp311-cp311-manylinux_2_17_x86_64.manylinux2014_x86_64.manylinux_2_28_x86_64.whl.metadata (81 kB)
2025-08-17T16:39:07.0211523Z Collecting docspec<3.0.0,>=2.2.1 (from pydoc-markdown)
2025-08-17T16:39:07.0476707Z   Downloading docspec-2.2.1-py3-none-any.whl.metadata (1.5 kB)
2025-08-17T16:39:07.1178200Z Collecting MarkupSafe>=2.0 (from jinja2<4.0.0,>=3.0.0->pydoc-markdown)
2025-08-17T16:39:07.1339160Z   Downloading MarkupSafe-3.0.2-cp311-cp311-manylinux_2_17_x86_64.manylinux2014_x86_64.whl.metadata (4.0 kB)
2025-08-17T16:39:07.2388015Z Collecting charset_normalizer<4,>=2 (from requests<3.0.0,>=2.23.0->pydoc-markdown)
2025-08-17T16:39:07.2552743Z   Downloading charset_normalizer-3.4.3-cp311-cp311-manylinux2014_x86_64.manylinux_2_17_x86_64.manylinux_2_28_x86_64.whl.metadata (36 kB)
2025-08-17T16:39:07.2854926Z Collecting idna<4,>=2.5 (from requests<3.0.0,>=2.23.0->pydoc-markdown)
2025-08-17T16:39:07.3014417Z   Downloading idna-3.10-py3-none-any.whl.metadata (10 kB)
2025-08-17T16:39:07.3437901Z Collecting urllib3<3,>=1.21.1 (from requests<3.0.0,>=2.23.0->pydoc-markdown)
2025-08-17T16:39:07.3598764Z   Downloading urllib3-2.5.0-py3-none-any.whl.metadata (6.5 kB)
2025-08-17T16:39:07.3946072Z Collecting certifi>=2017.4.17 (from requests<3.0.0,>=2.23.0->pydoc-markdown)
2025-08-17T16:39:07.4103519Z   Downloading certifi-2025.8.3-py3-none-any.whl.metadata (2.4 kB)
2025-08-17T16:39:07.4471664Z Collecting mypy-extensions>=0.4.3 (from black>=24.8.0->docspec-python<3.0.0,>=2.2.1->pydoc-markdown)
2025-08-17T16:39:07.4629599Z   Downloading mypy_extensions-1.1.0-py3-none-any.whl.metadata (1.1 kB)
2025-08-17T16:39:07.4930139Z Collecting packaging>=22.0 (from black>=24.8.0->docspec-python<3.0.0,>=2.2.1->pydoc-markdown)
2025-08-17T16:39:07.5085624Z   Downloading packaging-25.0-py3-none-any.whl.metadata (3.3 kB)
2025-08-17T16:39:07.5351760Z Collecting pathspec>=0.9.0 (from black>=24.8.0->docspec-python<3.0.0,>=2.2.1->pydoc-markdown)
2025-08-17T16:39:07.5518399Z   Downloading pathspec-0.12.1-py3-none-any.whl.metadata (21 kB)
2025-08-17T16:39:07.5857050Z Collecting platformdirs>=2 (from black>=24.8.0->docspec-python<3.0.0,>=2.2.1->pydoc-markdown)
2025-08-17T16:39:07.6054349Z   Downloading platformdirs-4.3.8-py3-none-any.whl.metadata (12 kB)
2025-08-17T16:39:07.6433614Z Downloading pydoc_markdown-4.8.2-py3-none-any.whl (67 kB)
2025-08-17T16:39:07.6636452Z Downloading click-8.2.1-py3-none-any.whl (102 kB)
2025-08-17T16:39:07.6868191Z Downloading databind.core-4.5.2-py3-none-any.whl (1.5 kB)
2025-08-17T16:39:07.7073663Z Downloading databind-4.5.2-py3-none-any.whl (49 kB)
2025-08-17T16:39:07.7288471Z Downloading databind.json-4.5.2-py3-none-any.whl (1.5 kB)
2025-08-17T16:39:07.7475668Z Downloading Deprecated-1.2.18-py2.py3-none-any.whl (10.0 kB)
2025-08-17T16:39:07.7672841Z Downloading docspec_python-2.2.2-py3-none-any.whl (15 kB)
2025-08-17T16:39:07.7867432Z Downloading docspec-2.2.1-py3-none-any.whl (9.8 kB)
2025-08-17T16:39:07.8056176Z Downloading jinja2-3.1.6-py3-none-any.whl (134 kB)
2025-08-17T16:39:07.8306444Z Downloading nr_date-2.1.0-py3-none-any.whl (10 kB)
2025-08-17T16:39:07.8592057Z Downloading nr_stream-1.1.5-py3-none-any.whl (10 kB)
2025-08-17T16:39:07.8782092Z Downloading nr.util-0.8.12-py3-none-any.whl (90 kB)
2025-08-17T16:39:07.8973904Z Downloading PyYAML-6.0.2-cp311-cp311-manylinux_2_17_x86_64.manylinux2014_x86_64.whl (762 kB)
2025-08-17T16:39:07.9308257Z    ━━━━━━━━━━━━━━━━━━━━━━━━━━━━━━━━━━━━━━━━ 763.0/763.0 kB 19.3 MB/s  0:00:00
2025-08-17T16:39:07.9468935Z Downloading requests-2.32.4-py3-none-any.whl (64 kB)
2025-08-17T16:39:07.9662076Z Downloading charset_normalizer-3.4.3-cp311-cp311-manylinux2014_x86_64.manylinux_2_17_x86_64.manylinux_2_28_x86_64.whl (150 kB)
2025-08-17T16:39:07.9852006Z Downloading idna-3.10-py3-none-any.whl (70 kB)
2025-08-17T16:39:08.0048285Z Downloading tomli-2.2.1-cp311-cp311-manylinux_2_17_x86_64.manylinux2014_x86_64.whl (236 kB)
2025-08-17T16:39:08.0242978Z Downloading tomli_w-1.2.0-py3-none-any.whl (6.7 kB)
2025-08-17T16:39:08.0435822Z Downloading typeapi-2.2.4-py3-none-any.whl (26 kB)
2025-08-17T16:39:08.0627375Z Downloading typing_extensions-4.14.1-py3-none-any.whl (43 kB)
2025-08-17T16:39:08.0817773Z Downloading urllib3-2.5.0-py3-none-any.whl (129 kB)
2025-08-17T16:39:08.1010686Z Downloading wrapt-1.17.3-cp311-cp311-manylinux1_x86_64.manylinux_2_28_x86_64.manylinux_2_5_x86_64.whl (82 kB)
2025-08-17T16:39:08.1230259Z Downloading black-25.1.0-cp311-cp311-manylinux_2_17_x86_64.manylinux2014_x86_64.manylinux_2_28_x86_64.whl (1.7 MB)
2025-08-17T16:39:08.1477844Z    ━━━━━━━━━━━━━━━━━━━━━━━━━━━━━━━━━━━━━━━━ 1.7/1.7 MB 69.9 MB/s  0:00:00
2025-08-17T16:39:08.1644626Z Downloading certifi-2025.8.3-py3-none-any.whl (161 kB)
2025-08-17T16:39:08.1836054Z Downloading MarkupSafe-3.0.2-cp311-cp311-manylinux_2_17_x86_64.manylinux2014_x86_64.whl (23 kB)
2025-08-17T16:39:08.2018727Z Downloading mypy_extensions-1.1.0-py3-none-any.whl (5.0 kB)
2025-08-17T16:39:08.2198839Z Downloading packaging-25.0-py3-none-any.whl (66 kB)
2025-08-17T16:39:08.2377564Z Downloading pathspec-0.12.1-py3-none-any.whl (31 kB)
2025-08-17T16:39:08.2554981Z Downloading platformdirs-4.3.8-py3-none-any.whl (18 kB)
2025-08-17T16:39:08.2815334Z Downloading yapf-0.43.0-py3-none-any.whl (256 kB)
2025-08-17T16:39:08.3085418Z Downloading watchdog-6.0.0-py3-none-manylinux2014_x86_64.whl (79 kB)
2025-08-17T16:39:08.3360382Z Building wheels for collected packages: docstring-parser
2025-08-17T16:39:08.3369023Z   Building wheel for docstring-parser (pyproject.toml): started
2025-08-17T16:39:08.5607035Z   Building wheel for docstring-parser (pyproject.toml): finished with status 'done'
2025-08-17T16:39:08.5616655Z   Created wheel for docstring-parser: filename=docstring_parser-0.11-py3-none-any.whl size=31551 sha256=9eaa034fb473a02226a9c80672dc921491476c8f73d43e06924714cf2b4909b9
2025-08-17T16:39:08.5619441Z   Stored in directory: /home/runner/.cache/pip/wheels/0f/f9/78/1186f8bf3425dbd3fb3fa32beee828876c792f49eb2554e888
2025-08-17T16:39:08.5638647Z Successfully built docstring-parser
2025-08-17T16:39:08.6117357Z Installing collected packages: wrapt, watchdog, urllib3, typing-extensions, tomli_w, tomli, PyYAML, platformdirs, pathspec, packaging, nr-stream, nr-date, mypy-extensions, MarkupSafe, idna, docstring-parser, click, charset_normalizer, certifi, yapf, typeapi, requests, jinja2, Deprecated, black, nr.util, databind, databind.json, databind.core, docspec, docspec-python, pydoc-markdown
2025-08-17T16:39:09.8083894Z 
2025-08-17T16:39:09.8106514Z Successfully installed Deprecated-1.2.18 MarkupSafe-3.0.2 PyYAML-6.0.2 black-25.1.0 certifi-2025.8.3 charset_normalizer-3.4.3 click-8.2.1 databind-4.5.2 databind.core-4.5.2 databind.json-4.5.2 docspec-2.2.1 docspec-python-2.2.2 docstring-parser-0.11 idna-3.10 jinja2-3.1.6 mypy-extensions-1.1.0 nr-date-2.1.0 nr-stream-1.1.5 nr.util-0.8.12 packaging-25.0 pathspec-0.12.1 platformdirs-4.3.8 pydoc-markdown-4.8.2 requests-2.32.4 tomli-2.2.1 tomli_w-1.2.0 typeapi-2.2.4 typing-extensions-4.14.1 urllib3-2.5.0 watchdog-6.0.0 wrapt-1.17.3 yapf-0.43.0
2025-08-17T16:39:10.0585619Z ##[group]Run pydoc-markdown
2025-08-17T16:39:10.0585930Z [36;1mpydoc-markdown[0m
2025-08-17T16:39:10.0627099Z shell: /usr/bin/bash -e {0}
2025-08-17T16:39:10.0627356Z env:
2025-08-17T16:39:10.0627634Z   pythonLocation: /opt/hostedtoolcache/Python/3.11.13/x64
2025-08-17T16:39:10.0628108Z   PKG_CONFIG_PATH: /opt/hostedtoolcache/Python/3.11.13/x64/lib/pkgconfig
2025-08-17T16:39:10.0628553Z   Python_ROOT_DIR: /opt/hostedtoolcache/Python/3.11.13/x64
2025-08-17T16:39:10.0628956Z   Python2_ROOT_DIR: /opt/hostedtoolcache/Python/3.11.13/x64
2025-08-17T16:39:10.0629362Z   Python3_ROOT_DIR: /opt/hostedtoolcache/Python/3.11.13/x64
2025-08-17T16:39:10.0629782Z   LD_LIBRARY_PATH: /opt/hostedtoolcache/Python/3.11.13/x64/lib
2025-08-17T16:39:10.0630126Z ##[endgroup]
2025-08-17T16:39:10.4048138Z [WARNING - pydoc_markdown.main]: Unknown configuration options:
2025-08-17T16:39:10.4048684Z Unknown key(s) "{'output_directory'}" at:
2025-08-17T16:39:10.4049165Z In "pydoc-markdown.yml"
2025-08-17T16:39:10.4049608Z   $: TypeHint(pydoc_markdown.PydocMarkdown)
2025-08-17T16:39:10.4050114Z   .renderer: TypeHint(pydoc_markdown.interfaces.Renderer)
2025-08-17T16:39:10.4050721Z   ^: TypeHint(pydoc_markdown.contrib.renderers.markdown.MarkdownRenderer)
2025-08-17T16:39:10.4051128Z 
2025-08-17T16:39:10.6390753Z <a id="__init__"></a>
2025-08-17T16:39:10.6391352Z 
2025-08-17T16:39:10.6391499Z # \_\_init\_\_
2025-08-17T16:39:10.6391733Z 
2025-08-17T16:39:10.6391890Z <a id="api"></a>
2025-08-17T16:39:10.6392126Z 
2025-08-17T16:39:10.6392505Z # api
2025-08-17T16:39:10.6392690Z 
2025-08-17T16:39:10.6392861Z <a id="api.tests.test_llm"></a>
2025-08-17T16:39:10.6393172Z 
2025-08-17T16:39:10.6393336Z # api.tests.test\_llm
2025-08-17T16:39:10.6393604Z 
2025-08-17T16:39:10.6393798Z <a id="api.tests.test_imports"></a>
2025-08-17T16:39:10.6394117Z 
2025-08-17T16:39:10.6394277Z # api.tests.test\_imports
2025-08-17T16:39:10.6394572Z 
2025-08-17T16:39:10.6394754Z <a id="api.tests.test_entrypoint"></a>
2025-08-17T16:39:10.6395432Z 
2025-08-17T16:39:10.6395592Z # api.tests.test\_entrypoint
2025-08-17T16:39:10.6395850Z 
2025-08-17T16:39:10.6395998Z <a id="api.tests.test_health"></a>
2025-08-17T16:39:10.6396271Z 
2025-08-17T16:39:10.6396403Z # api.tests.test\_health
2025-08-17T16:39:10.6396628Z 
2025-08-17T16:39:10.6396774Z <a id="api.migrations.env"></a>
2025-08-17T16:39:10.6397028Z 
2025-08-17T16:39:10.6397164Z # api.migrations.env
2025-08-17T16:39:10.6397369Z 
2025-08-17T16:39:10.6397576Z <a id="api.migrations.versions.0022_fix_roi_view"></a>
2025-08-17T16:39:10.6397953Z 
2025-08-17T16:39:10.6398140Z # api.migrations.versions.0022\_fix\_roi\_view
2025-08-17T16:39:10.6398420Z 
2025-08-17T16:39:10.6398558Z <a id="api.migrations.versions.0004_fee_cron"></a>
2025-08-17T16:39:10.6398799Z 
2025-08-17T16:39:10.6398911Z # api.migrations.versions.0004\_fee\_cron
2025-08-17T16:39:10.6399116Z 
2025-08-17T16:39:10.6399302Z <a id="api.migrations.versions.3e9d5c5aff2c_rename_fulf_fee"></a>
2025-08-17T16:39:10.6399585Z 
2025-08-17T16:39:10.6399755Z # api.migrations.versions.3e9d5c5aff2c\_rename\_fulf\_fee
2025-08-17T16:39:10.6400020Z 
2025-08-17T16:39:10.6400168Z <a id="api.migrations.versions.0003_vendor_prices"></a>
2025-08-17T16:39:10.6400413Z 
2025-08-17T16:39:10.6400542Z # api.migrations.versions.0003\_vendor\_prices
2025-08-17T16:39:10.6400760Z 
2025-08-17T16:39:10.6400897Z <a id="api.migrations.versions.0024_create_buybox"></a>
2025-08-17T16:39:10.6401130Z 
2025-08-17T16:39:10.6401254Z # api.migrations.versions.0024\_create\_buybox
2025-08-17T16:39:10.6401470Z 
2025-08-17T16:39:10.6401613Z <a id="api.migrations.versions.0002_create_roi_view"></a>
2025-08-17T16:39:10.6401858Z 
2025-08-17T16:39:10.6401984Z # api.migrations.versions.0002\_create\_roi\_view
2025-08-17T16:39:10.6402381Z 
2025-08-17T16:39:10.6402555Z <a id="api.migrations.versions.0006_fix_roi_views"></a>
2025-08-17T16:39:10.6402789Z 
2025-08-17T16:39:10.6402911Z # api.migrations.versions.0006\_fix\_roi\_views
2025-08-17T16:39:10.6403136Z 
2025-08-17T16:39:10.6403545Z <a id="api.migrations.versions.0020_unified_schema"></a>
2025-08-17T16:39:10.6403794Z 
2025-08-17T16:39:10.6403914Z # api.migrations.versions.0020\_unified\_schema
2025-08-17T16:39:10.6404136Z 
2025-08-17T16:39:10.6404277Z <a id="api.migrations.versions.0023_add_storage_fee"></a>
2025-08-17T16:39:10.6404514Z 
2025-08-17T16:39:10.6404647Z # api.migrations.versions.0023\_add\_storage\_fee
2025-08-17T16:39:10.6404870Z 
2025-08-17T16:39:10.6404995Z <a id="api.migrations.versions.0001_baseline"></a>
2025-08-17T16:39:10.6405207Z 
2025-08-17T16:39:10.6405297Z # api.migrations.versions.0001\_baseline
2025-08-17T16:39:10.6405475Z 
2025-08-17T16:39:10.6405566Z <a id="api.migrations.versions"></a>
2025-08-17T16:39:10.6405736Z 
2025-08-17T16:39:10.6405816Z # api.migrations.versions
2025-08-17T16:39:10.6405944Z 
2025-08-17T16:39:10.6406027Z <a id="api.migrations"></a>
2025-08-17T16:39:10.6406160Z 
2025-08-17T16:39:10.6406229Z # api.migrations
2025-08-17T16:39:10.6406340Z 
2025-08-17T16:39:10.6406406Z <a id="api.db"></a>
2025-08-17T16:39:10.6406522Z 
2025-08-17T16:39:10.6406585Z # api.db
2025-08-17T16:39:10.6406679Z 
2025-08-17T16:39:10.6406760Z <a id="api.routes.stats"></a>
2025-08-17T16:39:10.6406928Z 
2025-08-17T16:39:10.6407004Z # api.routes.stats
2025-08-17T16:39:10.6407112Z 
2025-08-17T16:39:10.6407198Z <a id="api.routes.stats.kpi"></a>
2025-08-17T16:39:10.6407350Z 
2025-08-17T16:39:10.6407422Z #### kpi
2025-08-17T16:39:10.6407506Z 
2025-08-17T16:39:10.6407569Z ```python
2025-08-17T16:39:10.6407739Z @router.get("/stats/kpi")
2025-08-17T16:39:10.6407973Z def kpi() -> List[Dict[str, int]]
2025-08-17T16:39:10.6408183Z ```
2025-08-17T16:39:10.6408266Z 
2025-08-17T16:39:10.6408348Z Return KPI metrics (mock).
2025-08-17T16:39:10.6408478Z 
2025-08-17T16:39:10.6408577Z <a id="api.routes.stats.roi_by_vendor"></a>
2025-08-17T16:39:10.6408753Z 
2025-08-17T16:39:10.6408831Z #### roi\_by\_vendor
2025-08-17T16:39:10.6408939Z 
2025-08-17T16:39:10.6409003Z ```python
2025-08-17T16:39:10.6409173Z @router.get("/stats/roi_by_vendor")
2025-08-17T16:39:10.6409549Z def roi_by_vendor() -> List[Dict[str, int]]
2025-08-17T16:39:10.6409776Z ```
2025-08-17T16:39:10.6409856Z 
2025-08-17T16:39:10.6409940Z Return ROI percent by vendor.
2025-08-17T16:39:10.6410079Z 
2025-08-17T16:39:10.6410169Z <a id="api.routes.stats.roi_trend"></a>
2025-08-17T16:39:10.6410341Z 
2025-08-17T16:39:10.6410410Z #### roi\_trend
2025-08-17T16:39:10.6410506Z 
2025-08-17T16:39:10.6410568Z ```python
2025-08-17T16:39:10.6410730Z @router.get("/stats/roi_trend")
2025-08-17T16:39:10.6410955Z def roi_trend() -> List[Dict[str, int | str]]
2025-08-17T16:39:10.6411186Z ```
2025-08-17T16:39:10.6411266Z 
2025-08-17T16:39:10.6411345Z Return 30-day ROI trend.
2025-08-17T16:39:10.6411467Z 
2025-08-17T16:39:10.6411542Z <a id="api.routes.roi"></a>
2025-08-17T16:39:10.6411674Z 
2025-08-17T16:39:10.6411749Z # api.routes.roi
2025-08-17T16:39:10.6411874Z 
2025-08-17T16:39:10.6411960Z <a id="api.routes.health"></a>
2025-08-17T16:39:10.6412157Z 
2025-08-17T16:39:10.6412404Z # api.routes.health
2025-08-17T16:39:10.6412563Z 
2025-08-17T16:39:10.6412663Z <a id="api.routes.health.MAX_SKEW"></a>
2025-08-17T16:39:10.6412827Z 
2025-08-17T16:39:10.6412889Z #### MAX\_SKEW
2025-08-17T16:39:10.6412991Z 
2025-08-17T16:39:10.6413053Z seconds
2025-08-17T16:39:10.6413134Z 
2025-08-17T16:39:10.6413227Z <a id="api.routes.health.health"></a>
2025-08-17T16:39:10.6413385Z 
2025-08-17T16:39:10.6413446Z #### health
2025-08-17T16:39:10.6413532Z 
2025-08-17T16:39:10.6413600Z ```python
2025-08-17T16:39:10.6413786Z @router.get("/health", include_in_schema=False)
2025-08-17T16:39:10.6414156Z async def health(session: AsyncSession = Depends(get_session)) -> JSONResponse
2025-08-17T16:39:10.6414484Z ```
2025-08-17T16:39:10.6414569Z 
2025-08-17T16:39:10.6414687Z Return 200 when DB reachable and clocks are in sync.
2025-08-17T16:39:10.6414879Z 
2025-08-17T16:39:10.6414973Z <a id="api.routes.repository"></a>
2025-08-17T16:39:10.6415128Z 
2025-08-17T16:39:10.6415204Z # api.routes.repository
2025-08-17T16:39:10.6415325Z 
2025-08-17T16:39:10.6415554Z <a id="api.routes"></a>
2025-08-17T16:39:10.6415683Z 
2025-08-17T16:39:10.6415745Z # api.routes
2025-08-17T16:39:10.6415845Z 
2025-08-17T16:39:10.6415920Z <a id="api.models.fee"></a>
2025-08-17T16:39:10.6416048Z 
2025-08-17T16:39:10.6416121Z # api.models.fee
2025-08-17T16:39:10.6416226Z 
2025-08-17T16:39:10.6416298Z <a id="api.models"></a>
2025-08-17T16:39:10.6416410Z 
2025-08-17T16:39:10.6416479Z # api.models
2025-08-17T16:39:10.6416572Z 
2025-08-17T16:39:10.6416652Z <a id="api.roi_repository"></a>
2025-08-17T16:39:10.6416798Z 
2025-08-17T16:39:10.6416870Z # api.roi\_repository
2025-08-17T16:39:10.6416984Z 
2025-08-17T16:39:10.6417052Z <a id="api.main"></a>
2025-08-17T16:39:10.6417168Z 
2025-08-17T16:39:10.6417229Z # api.main
2025-08-17T16:39:10.6417320Z 
2025-08-17T16:39:10.6417400Z <a id="api.main.ready"></a>
2025-08-17T16:39:10.6417526Z 
2025-08-17T16:39:10.6417589Z #### ready
2025-08-17T16:39:10.6417679Z 
2025-08-17T16:39:10.6417740Z ```python
2025-08-17T16:39:10.6417996Z @app.get("/ready", status_code=status.HTTP_200_OK, include_in_schema=False)
2025-08-17T16:39:10.6418433Z async def ready(session: AsyncSession = Depends(get_session)) -> dict[str,
2025-08-17T16:39:10.6418786Z                                                                       str]
2025-08-17T16:39:10.6419011Z ```
2025-08-17T16:39:10.6419091Z 
2025-08-17T16:39:10.6419190Z Return 200 only when migrations are at head.
2025-08-17T16:39:10.6419364Z 
2025-08-17T16:39:10.6419434Z <a id="api.config"></a>
2025-08-17T16:39:10.6419551Z 
2025-08-17T16:39:10.6419632Z # api.config
2025-08-17T16:39:10.6419733Z 
2025-08-17T16:39:10.6419796Z <a id="etl"></a>
2025-08-17T16:39:10.6419895Z 
2025-08-17T16:39:10.6419966Z # etl
2025-08-17T16:39:10.6420051Z 
2025-08-17T16:39:10.6420129Z <a id="etl.fba_fee_ingestor"></a>
2025-08-17T16:39:10.6420279Z 
2025-08-17T16:39:10.6420363Z # etl.fba\_fee\_ingestor
2025-08-17T16:39:10.6420484Z 
2025-08-17T16:39:10.6420562Z <a id="etl.sp_fees_ingestor"></a>
2025-08-17T16:39:10.6420709Z 
2025-08-17T16:39:10.6420784Z # etl.sp\_fees\_ingestor
2025-08-17T16:39:10.6421016Z 
2025-08-17T16:39:10.6421102Z <a id="etl.keepa_ingestor"></a>
2025-08-17T16:39:10.6421237Z 
2025-08-17T16:39:10.6421306Z # etl.keepa\_ingestor
2025-08-17T16:39:10.6421420Z 
2025-08-17T16:39:10.6421493Z <a id="etl.db"></a>
2025-08-17T16:39:10.6421597Z 
2025-08-17T16:39:10.6421658Z # etl.db
2025-08-17T16:39:10.6421746Z 
2025-08-17T16:39:10.6421828Z <a id="etl.dialects.schemas"></a>
2025-08-17T16:39:10.6421970Z 
2025-08-17T16:39:10.6422045Z # etl.dialects.schemas
2025-08-17T16:39:10.6422167Z 
2025-08-17T16:39:10.6422491Z <a id="etl.dialects.amazon_reimbursements"></a>
2025-08-17T16:39:10.6422678Z 
2025-08-17T16:39:10.6422772Z # etl.dialects.amazon\_reimbursements
2025-08-17T16:39:10.6422930Z 
2025-08-17T16:39:10.6423016Z <a id="etl.dialects.amazon_returns"></a>
2025-08-17T16:39:10.6423189Z 
2025-08-17T16:39:10.6423268Z # etl.dialects.amazon\_returns
2025-08-17T16:39:10.6423404Z 
2025-08-17T16:39:10.6423478Z <a id="etl.dialects"></a>
2025-08-17T16:39:10.6423606Z 
2025-08-17T16:39:10.6423687Z # etl.dialects
2025-08-17T16:39:10.6423785Z 
2025-08-17T16:39:10.6423856Z <a id="ingest"></a>
2025-08-17T16:39:10.6423956Z 
2025-08-17T16:39:10.6424014Z # ingest
2025-08-17T16:39:10.6424102Z 
2025-08-17T16:39:10.6424178Z <a id="ingest.copy_loader"></a>
2025-08-17T16:39:10.6424312Z 
2025-08-17T16:39:10.6424380Z # ingest.copy\_loader
2025-08-17T16:39:10.6424496Z 
2025-08-17T16:39:10.6424595Z <a id="ingest.copy_loader.copy_df_via_temp"></a>
2025-08-17T16:39:10.6424771Z 
2025-08-17T16:39:10.6424853Z #### copy\_df\_via\_temp
2025-08-17T16:39:10.6424972Z 
2025-08-17T16:39:10.6425034Z ```python
2025-08-17T16:39:10.6425210Z def copy_df_via_temp(engine: Engine,
2025-08-17T16:39:10.6425439Z                      df: pd.DataFrame,
2025-08-17T16:39:10.6425674Z                      target_table: str,
2025-08-17T16:39:10.6425885Z                      *,
2025-08-17T16:39:10.6426093Z                      target_schema: Optional[str] = None,
2025-08-17T16:39:10.6426478Z                      columns: Sequence[str],
2025-08-17T16:39:10.6426748Z                      conflict_cols: Optional[Sequence[str]] = None,
2025-08-17T16:39:10.6427039Z                      analyze_after: bool = False) -> int
2025-08-17T16:39:10.6427271Z ```
2025-08-17T16:39:10.6427352Z 
2025-08-17T16:39:10.6427512Z Bulk load *df* into *target_table* using COPY and a staging table.
2025-08-17T16:39:10.6427776Z 
2025-08-17T16:39:10.6427947Z The dataframe is first written to a TEMP table created ``LIKE`` the target
2025-08-17T16:39:10.6428382Z including defaults and generated columns.  Data is streamed via ``COPY`` and
2025-08-17T16:39:10.6428819Z then inserted into the final table.  If ``conflict_cols`` is provided an
2025-08-17T16:39:10.6429213Z ``INSERT ... ON CONFLICT DO UPDATE`` is issued for the non-conflicting
2025-08-17T16:39:10.6429544Z columns, otherwise rows are simply appended.
2025-08-17T16:39:10.6429716Z 
2025-08-17T16:39:10.6429816Z Returns the number of rows provided in ``df``.
2025-08-17T16:39:10.6429998Z 
2025-08-17T16:39:10.6430091Z <a id="ingest.tests.test_smoke"></a>
2025-08-17T16:39:10.6430246Z 
2025-08-17T16:39:10.6430331Z # ingest.tests.test\_smoke
2025-08-17T16:39:10.6430459Z 
2025-08-17T16:39:10.6430533Z <a id="ingest.tests"></a>
2025-08-17T16:39:10.6430656Z 
2025-08-17T16:39:10.6430726Z # ingest.tests
2025-08-17T16:39:10.6430821Z 
2025-08-17T16:39:10.6430903Z <a id="ingest.upload_router"></a>
2025-08-17T16:39:10.6431053Z 
2025-08-17T16:39:10.6431125Z # ingest.upload\_router
2025-08-17T16:39:10.6431243Z 
2025-08-17T16:39:10.6431322Z <a id="ingest.email_watcher"></a>
2025-08-17T16:39:10.6431472Z 
2025-08-17T16:39:10.6431543Z # ingest.email\_watcher
2025-08-17T16:39:10.6431655Z 
2025-08-17T16:39:10.6431748Z <a id="ingest.email_watcher.main"></a>
2025-08-17T16:39:10.6431907Z 
2025-08-17T16:39:10.6431970Z #### main
2025-08-17T16:39:10.6432062Z 
2025-08-17T16:39:10.6432125Z ```python
2025-08-17T16:39:10.6432512Z def main() -> dict[str, str]
2025-08-17T16:39:10.6432740Z ```
2025-08-17T16:39:10.6432820Z 
2025-08-17T16:39:10.6433111Z Upload CSV/XLSX attachments to MinIO and trigger ingestion.
2025-08-17T16:39:10.6433334Z 
2025-08-17T16:39:10.6433457Z Returns {"status": "success"} when processing completes.
2025-08-17T16:39:10.6433657Z 
2025-08-17T16:39:10.6433740Z <a id="ingest.tasks"></a>
2025-08-17T16:39:10.6433862Z 
2025-08-17T16:39:10.6433924Z # ingest.tasks
2025-08-17T16:39:10.6434024Z 
2025-08-17T16:39:10.6434117Z <a id="ingest.tasks.task_import_file"></a>
2025-08-17T16:39:10.6434288Z 
2025-08-17T16:39:10.6434364Z #### task\_import\_file
2025-08-17T16:39:10.6434475Z 
2025-08-17T16:39:10.6434536Z ```python
2025-08-17T16:39:10.6434744Z @celery_app.task(name="ingest.import_file", bind=True)
2025-08-17T16:39:10.6435012Z def task_import_file(self,
2025-08-17T16:39:10.6435206Z                      uri: str,
2025-08-17T16:39:10.6435451Z                      report_type: Optional[str] = None) -> Dict[str, Any]
2025-08-17T16:39:10.6435714Z ```
2025-08-17T16:39:10.6435793Z 
2025-08-17T16:39:10.6435918Z Import a file into Postgres using existing ETL pipeline.
2025-08-17T16:39:10.6436132Z 
2025-08-17T16:39:10.6436209Z <a id="ingest.celery_app"></a>
2025-08-17T16:39:10.6436346Z 
2025-08-17T16:39:10.6436422Z # ingest.celery\_app
2025-08-17T16:39:10.6436533Z 
2025-08-17T16:39:10.6436611Z <a id="ingest.ingest_router"></a>
2025-08-17T16:39:10.6436757Z 
2025-08-17T16:39:10.6436828Z # ingest.ingest\_router
2025-08-17T16:39:10.6436942Z 
2025-08-17T16:39:10.6437014Z <a id="logistics_etl"></a>
2025-08-17T16:39:10.6437140Z 
2025-08-17T16:39:10.6437209Z # logistics\_etl
2025-08-17T16:39:10.6437310Z 
2025-08-17T16:39:10.6437390Z Daily logistics ETL job.
2025-08-17T16:39:10.6437508Z 
2025-08-17T16:39:10.6437584Z <a id="logistics_etl.__main__"></a>
2025-08-17T16:39:10.6437740Z 
2025-08-17T16:39:10.6437813Z # logistics\_etl.\_\_main\_\_
2025-08-17T16:39:10.6437944Z 
2025-08-17T16:39:10.6438019Z <a id="logistics_etl.dsn"></a>
2025-08-17T16:39:10.6438156Z 
2025-08-17T16:39:10.6438227Z # logistics\_etl.dsn
2025-08-17T16:39:10.6438333Z 
2025-08-17T16:39:10.6438585Z Local DSN builder to avoid cross-service dependency.
2025-08-17T16:39:10.6438785Z 
2025-08-17T16:39:10.6438871Z <a id="logistics_etl.dsn.build_dsn"></a>
2025-08-17T16:39:10.6439030Z 
2025-08-17T16:39:10.6439100Z #### build\_dsn
2025-08-17T16:39:10.6439198Z 
2025-08-17T16:39:10.6439259Z ```python
2025-08-17T16:39:10.6439431Z def build_dsn(sync: bool = True) -> str
2025-08-17T16:39:10.6439684Z ```
2025-08-17T16:39:10.6439763Z 
2025-08-17T16:39:10.6439898Z Return a Postgres DSN assembled from environment variables.
2025-08-17T16:39:10.6440121Z 
2025-08-17T16:39:10.6440264Z Prefers explicit DSNs via ``PG_SYNC_DSN``/``PG_ASYNC_DSN`` or
2025-08-17T16:39:10.6440645Z ``DATABASE_URL``. Falls back to individual PG_* settings and raises an
2025-08-17T16:39:10.6440976Z error when any required variable is missing.
2025-08-17T16:39:10.6441149Z 
2025-08-17T16:39:10.6441245Z <a id="logistics_etl.tests.conftest"></a>
2025-08-17T16:39:10.6441417Z 
2025-08-17T16:39:10.6441500Z # logistics\_etl.tests.conftest
2025-08-17T16:39:10.6441662Z 
2025-08-17T16:39:10.6441764Z <a id="logistics_etl.tests.test_repository"></a>
2025-08-17T16:39:10.6441946Z 
2025-08-17T16:39:10.6442031Z # logistics\_etl.tests.test\_repository
2025-08-17T16:39:10.6442197Z 
2025-08-17T16:39:10.6442438Z <a id="logistics_etl.tests.test_cron"></a>
2025-08-17T16:39:10.6442603Z 
2025-08-17T16:39:10.6442689Z # logistics\_etl.tests.test\_cron
2025-08-17T16:39:10.6442855Z 
2025-08-17T16:39:10.6442954Z <a id="logistics_etl.tests.test_imports"></a>
2025-08-17T16:39:10.6443126Z 
2025-08-17T16:39:10.6443207Z # logistics\_etl.tests.test\_imports
2025-08-17T16:39:10.6443368Z 
2025-08-17T16:39:10.6443455Z <a id="logistics_etl.tests.test_smoke"></a>
2025-08-17T16:39:10.6443621Z 
2025-08-17T16:39:10.6443710Z # logistics\_etl.tests.test\_smoke
2025-08-17T16:39:10.6443858Z 
2025-08-17T16:39:10.6443950Z <a id="logistics_etl.tests.test_client"></a>
2025-08-17T16:39:10.6444121Z 
2025-08-17T16:39:10.6444202Z # logistics\_etl.tests.test\_client
2025-08-17T16:39:10.6444349Z 
2025-08-17T16:39:10.6444568Z <a id="logistics_etl.tests"></a>
2025-08-17T16:39:10.6444751Z 
2025-08-17T16:39:10.6444821Z # logistics\_etl.tests
2025-08-17T16:39:10.6444936Z 
2025-08-17T16:39:10.6445017Z <a id="logistics_etl.flow"></a>
2025-08-17T16:39:10.6445149Z 
2025-08-17T16:39:10.6445217Z # logistics\_etl.flow
2025-08-17T16:39:10.6445335Z 
2025-08-17T16:39:10.6445415Z <a id="logistics_etl.client"></a>
2025-08-17T16:39:10.6445562Z 
2025-08-17T16:39:10.6445633Z # logistics\_etl.client
2025-08-17T16:39:10.6445757Z 
2025-08-17T16:39:10.6445832Z <a id="logistics_etl.cron"></a>
2025-08-17T16:39:10.6445967Z 
2025-08-17T16:39:10.6446044Z # logistics\_etl.cron
2025-08-17T16:39:10.6446155Z 
2025-08-17T16:39:10.6446233Z <a id="logistics_etl.db"></a>
2025-08-17T16:39:10.6446369Z 
2025-08-17T16:39:10.6446442Z # logistics\_etl.db
2025-08-17T16:39:10.6446547Z 
2025-08-17T16:39:10.6446631Z <a id="logistics_etl.repository"></a>
2025-08-17T16:39:10.6446796Z 
2025-08-17T16:39:10.6446870Z # logistics\_etl.repository
2025-08-17T16:39:10.6447012Z 
2025-08-17T16:39:10.6447084Z <a id="alert_bot"></a>
2025-08-17T16:39:10.6447196Z 
2025-08-17T16:39:10.6447257Z # alert\_bot
2025-08-17T16:39:10.6447346Z 
2025-08-17T16:39:10.6447437Z <a id="alert_bot.tests.test_smoke"></a>
2025-08-17T16:39:10.6447594Z 
2025-08-17T16:39:10.6447671Z # alert\_bot.tests.test\_smoke
2025-08-17T16:39:10.6447812Z 
2025-08-17T16:39:10.6447888Z <a id="alert_bot.tests"></a>
2025-08-17T16:39:10.6448018Z 
2025-08-17T16:39:10.6448085Z # alert\_bot.tests
2025-08-17T16:39:10.6448195Z 
2025-08-17T16:39:10.6448271Z <a id="alert_bot.alert_bot"></a>
2025-08-17T16:39:10.6448410Z 
2025-08-17T16:39:10.6448486Z # alert\_bot.alert\_bot
2025-08-17T16:39:10.6448599Z 
2025-08-17T16:39:10.6448672Z <a id="alert_bot.rules"></a>
2025-08-17T16:39:10.6448805Z 
2025-08-17T16:39:10.6448868Z # alert\_bot.rules
2025-08-17T16:39:10.6448968Z 
2025-08-17T16:39:10.6449033Z <a id="common"></a>
2025-08-17T16:39:10.6449142Z 
2025-08-17T16:39:10.6449202Z # common
2025-08-17T16:39:10.6449290Z 
2025-08-17T16:39:10.6449489Z <a id="common.dsn"></a>
2025-08-17T16:39:10.6449607Z 
2025-08-17T16:39:10.6449668Z # common.dsn
2025-08-17T16:39:10.6449760Z 
2025-08-17T16:39:10.6449847Z <a id="common.dsn.build_dsn"></a>
2025-08-17T16:39:10.6449989Z 
2025-08-17T16:39:10.6450053Z #### build\_dsn
2025-08-17T16:39:10.6450158Z 
2025-08-17T16:39:10.6450218Z ```python
2025-08-17T16:39:10.6450382Z def build_dsn(sync: bool = True) -> str
2025-08-17T16:39:10.6450600Z ```
2025-08-17T16:39:10.6450680Z 
2025-08-17T16:39:10.6450803Z Return a Postgres DSN, validating required variables.
2025-08-17T16:39:10.6451002Z 
2025-08-17T16:39:10.6451183Z The function prefers explicit DSNs via ``PG_SYNC_DSN`` / ``PG_ASYNC_DSN`` or
2025-08-17T16:39:10.6451614Z ``DATABASE_URL``.  If those are absent it assembles a connection string from
2025-08-17T16:39:10.6452019Z ``PG_HOST`` and related variables and raises a helpful error when any are
2025-08-17T16:39:10.6452534Z missing.
2025-08-17T16:39:10.6452623Z 
2025-08-17T16:39:10.6452714Z <a id="common.models_vendor"></a>
2025-08-17T16:39:10.6452864Z 
2025-08-17T16:39:10.6452935Z # common.models\_vendor
2025-08-17T16:39:10.6453049Z 
2025-08-17T16:39:10.6453141Z <a id="common.models_vendor.Vendor"></a>
2025-08-17T16:39:10.6453304Z 
2025-08-17T16:39:10.6453368Z ## Vendor Objects
2025-08-17T16:39:10.6453476Z 
2025-08-17T16:39:10.6453537Z ```python
2025-08-17T16:39:10.6453682Z class Vendor(Base)
2025-08-17T16:39:10.6453844Z ```
2025-08-17T16:39:10.6453923Z 
2025-08-17T16:39:10.6454005Z Vendor of inventory items.
2025-08-17T16:39:10.6454133Z 
2025-08-17T16:39:10.6454233Z <a id="common.models_vendor.VendorPrice"></a>
2025-08-17T16:39:10.6454407Z 
2025-08-17T16:39:10.6454485Z ## VendorPrice Objects
2025-08-17T16:39:10.6454598Z 
2025-08-17T16:39:10.6454658Z ```python
2025-08-17T16:39:10.6454818Z class VendorPrice(Base)
2025-08-17T16:39:10.6454986Z ```
2025-08-17T16:39:10.6455070Z 
2025-08-17T16:39:10.6455173Z Association table linking vendors to pricing.
2025-08-17T16:39:10.6455348Z 
2025-08-17T16:39:10.6455434Z <a id="common.db_url"></a>
2025-08-17T16:39:10.6455684Z 
2025-08-17T16:39:10.6489409Z # common.db\_url
2025-08-17T16:39:10.6489607Z 
2025-08-17T16:39:10.6489750Z <a id="common.db_url.build_url"></a>
2025-08-17T16:39:10.6490013Z 
2025-08-17T16:39:10.6490126Z #### build\_url
2025-08-17T16:39:10.6490280Z 
2025-08-17T16:39:10.6490386Z ```python
2025-08-17T16:39:10.6490682Z def build_url(async_: bool = True) -> str
2025-08-17T16:39:10.6491034Z ```
2025-08-17T16:39:10.6491171Z 
2025-08-17T16:39:10.6491343Z Return Postgres DSN from env or PG_* parts.
2025-08-17T16:39:10.6491624Z 
2025-08-17T16:39:10.6491752Z <a id="common.keepa"></a>
2025-08-17T16:39:10.6491975Z 
2025-08-17T16:39:10.6492086Z # common.keepa
2025-08-17T16:39:10.6492434Z 
2025-08-17T16:39:10.6492575Z <a id="common.llm"></a>
2025-08-17T16:39:10.6492775Z 
2025-08-17T16:39:10.6492879Z # common.llm
2025-08-17T16:39:10.6493033Z 
2025-08-17T16:39:10.6493245Z <a id="common.settings"></a>
2025-08-17T16:39:10.6493482Z 
2025-08-17T16:39:10.6493596Z # common.settings
2025-08-17T16:39:10.6493803Z 
2025-08-17T16:39:10.6493926Z <a id="common.db"></a>
2025-08-17T16:39:10.6494121Z 
2025-08-17T16:39:10.6494233Z # common.db
2025-08-17T16:39:10.6494382Z 
2025-08-17T16:39:10.6494532Z <a id="common.db.build_sqlalchemy_url"></a>
2025-08-17T16:39:10.6494816Z 
2025-08-17T16:39:10.6494956Z #### build\_sqlalchemy\_url
2025-08-17T16:39:10.6495180Z 
2025-08-17T16:39:10.6495287Z ```python
2025-08-17T16:39:10.6495588Z def build_sqlalchemy_url() -> str
2025-08-17T16:39:10.6495828Z ```
2025-08-17T16:39:10.6495916Z 
2025-08-17T16:39:10.6496010Z Return Postgres URL for SQLAlchemy engines.
2025-08-17T16:39:10.6496184Z 
2025-08-17T16:39:10.6496281Z <a id="common.db.build_asyncpg_dsn"></a>
2025-08-17T16:39:10.6496446Z 
2025-08-17T16:39:10.6496519Z #### build\_asyncpg\_dsn
2025-08-17T16:39:10.6496641Z 
2025-08-17T16:39:10.6496709Z ```python
2025-08-17T16:39:10.6496876Z def build_asyncpg_dsn() -> str
2025-08-17T16:39:10.6497076Z ```
2025-08-17T16:39:10.6497156Z 
2025-08-17T16:39:10.6497458Z Return DSN suitable for asyncpg (without driver suffix).
2025-08-17T16:39:10.6497686Z 
2025-08-17T16:39:10.6497772Z <a id="common.db.refresh_mvs"></a>
2025-08-17T16:39:10.6497923Z 
2025-08-17T16:39:10.6497995Z #### refresh\_mvs
2025-08-17T16:39:10.6498098Z 
2025-08-17T16:39:10.6498159Z ```python
2025-08-17T16:39:10.6498359Z def refresh_mvs(conn: Engine | Connection) -> None
2025-08-17T16:39:10.6498602Z ```
2025-08-17T16:39:10.6498691Z 
2025-08-17T16:39:10.6498827Z Refresh materialized views, using CONCURRENTLY when safe.
2025-08-17T16:39:10.6499042Z 
2025-08-17T16:39:10.6499124Z <a id="common.config"></a>
2025-08-17T16:39:10.6499253Z 
2025-08-17T16:39:10.6499318Z # common.config
2025-08-17T16:39:10.6499420Z 
2025-08-17T16:39:10.6499502Z <a id="common.base"></a>
2025-08-17T16:39:10.6499625Z 
2025-08-17T16:39:10.6499687Z # common.base
2025-08-17T16:39:10.6499789Z 
2025-08-17T16:39:10.6499868Z <a id="common.base.Base"></a>
2025-08-17T16:39:10.6500004Z 
2025-08-17T16:39:10.6500066Z ## Base Objects
2025-08-17T16:39:10.6500178Z 
2025-08-17T16:39:10.6500241Z ```python
2025-08-17T16:39:10.6500409Z class Base(DeclarativeBase)
2025-08-17T16:39:10.6500597Z ```
2025-08-17T16:39:10.6500688Z 
2025-08-17T16:39:10.6500778Z Base class for SQLAlchemy models.
2025-08-17T16:39:10.6500929Z 
2025-08-17T16:39:10.6500998Z <a id="repricer"></a>
2025-08-17T16:39:10.6501119Z 
2025-08-17T16:39:10.6501182Z # repricer
2025-08-17T16:39:10.6501270Z 
2025-08-17T16:39:10.6501353Z <a id="repricer.app.schemas"></a>
2025-08-17T16:39:10.6501507Z 
2025-08-17T16:39:10.6501582Z # repricer.app.schemas
2025-08-17T16:39:10.6501700Z 
2025-08-17T16:39:10.6501790Z <a id="repricer.app.deps"></a>
2025-08-17T16:39:10.6501933Z 
2025-08-17T16:39:10.6502006Z # repricer.app.deps
2025-08-17T16:39:10.6502123Z 
2025-08-17T16:39:10.6502429Z Placeholder module for Keepa / SP-API clients.
2025-08-17T16:39:10.6502630Z 
2025-08-17T16:39:10.6502711Z <a id="repricer.app.logic"></a>
2025-08-17T16:39:10.6502861Z 
2025-08-17T16:39:10.6502938Z # repricer.app.logic
2025-08-17T16:39:10.6503181Z 
2025-08-17T16:39:10.6503287Z <a id="repricer.app.logic.MIN_MARGIN"></a>
2025-08-17T16:39:10.6503458Z 
2025-08-17T16:39:10.6503520Z #### MIN\_MARGIN
2025-08-17T16:39:10.6503624Z 
2025-08-17T16:39:10.6503684Z 15 % ROI
2025-08-17T16:39:10.6503769Z 
2025-08-17T16:39:10.6503870Z <a id="repricer.app.logic.compute_price"></a>
2025-08-17T16:39:10.6504050Z 
2025-08-17T16:39:10.6504115Z #### compute\_price
2025-08-17T16:39:10.6504218Z 
2025-08-17T16:39:10.6504284Z ```python
2025-08-17T16:39:10.6504524Z def compute_price(asin: str, cost: Decimal, fees: Decimal) -> Decimal
2025-08-17T16:39:10.6504821Z ```
2025-08-17T16:39:10.6504901Z 
2025-08-17T16:39:10.6505006Z Toy algorithm: ensure 15 % ROI and round to cents.
2025-08-17T16:39:10.6505285Z Replace with real competitive logic later.
2025-08-17T16:39:10.6505456Z 
2025-08-17T16:39:10.6505535Z <a id="repricer.app.main"></a>
2025-08-17T16:39:10.6505680Z 
2025-08-17T16:39:10.6505748Z # repricer.app.main
2025-08-17T16:39:10.6505856Z 
2025-08-17T16:39:10.6505942Z <a id="repricer.app"></a>
2025-08-17T16:39:10.6506075Z 
2025-08-17T16:39:10.6506145Z # repricer.app
2025-08-17T16:39:10.6506243Z 
2025-08-17T16:39:10.6506339Z <a id="repricer.tests.test_imports"></a>
2025-08-17T16:39:10.6506505Z 
2025-08-17T16:39:10.6506583Z # repricer.tests.test\_imports
2025-08-17T16:39:10.6506725Z 
2025-08-17T16:39:10.6506810Z <a id="repricer.tests.test_smoke"></a>
2025-08-17T16:39:10.6506968Z 
2025-08-17T16:39:10.6507056Z # repricer.tests.test\_smoke
2025-08-17T16:39:10.6507195Z 
2025-08-17T16:39:10.6507270Z <a id="repricer.tests"></a>
2025-08-17T16:39:10.6507400Z 
2025-08-17T16:39:10.6507473Z # repricer.tests
2025-08-17T16:39:10.6507576Z 
2025-08-17T16:39:10.6507639Z <a id="db"></a>
2025-08-17T16:39:10.6507743Z 
2025-08-17T16:39:10.6507802Z # db
2025-08-17T16:39:10.6507884Z 
2025-08-17T16:39:10.6507964Z <a id="db.utils.views"></a>
2025-08-17T16:39:10.6508093Z 
2025-08-17T16:39:10.6508159Z # db.utils.views
2025-08-17T16:39:10.6508259Z 
2025-08-17T16:39:10.6508473Z <a id="db.utils.views.replace_view"></a>
2025-08-17T16:39:10.6508754Z 
2025-08-17T16:39:10.6508822Z #### replace\_view
2025-08-17T16:39:10.6508933Z 
2025-08-17T16:39:10.6508994Z ```python
2025-08-17T16:39:10.6509276Z def replace_view(name: str, new_sql: str) -> None
2025-08-17T16:39:10.6509607Z ```
2025-08-17T16:39:10.6509690Z 
2025-08-17T16:39:10.6509785Z Drop and recreate a SQL view atomically.
2025-08-17T16:39:10.6509951Z 
2025-08-17T16:39:10.6510020Z <a id="db.utils"></a>
2025-08-17T16:39:10.6510134Z 
2025-08-17T16:39:10.6510201Z # db.utils
2025-08-17T16:39:10.6510287Z 
2025-08-17T16:39:10.6510363Z <a id="price_importer"></a>
2025-08-17T16:39:10.6510498Z 
2025-08-17T16:39:10.6510563Z # price\_importer
2025-08-17T16:39:10.6510667Z 
2025-08-17T16:39:10.6510766Z <a id="price_importer.services_common.dsn"></a>
2025-08-17T16:39:10.6510954Z 
2025-08-17T16:39:10.6511041Z # price\_importer.services\_common.dsn
2025-08-17T16:39:10.6511202Z 
2025-08-17T16:39:10.6511331Z <a id="price_importer.services_common.dsn.build_dsn"></a>
2025-08-17T16:39:10.6511549Z 
2025-08-17T16:39:10.6511612Z #### build\_dsn
2025-08-17T16:39:10.6511716Z 
2025-08-17T16:39:10.6511776Z ```python
2025-08-17T16:39:10.6511945Z def build_dsn(sync: bool = True) -> str
2025-08-17T16:39:10.6512168Z ```
2025-08-17T16:39:10.6512502Z 
2025-08-17T16:39:10.6512596Z Return safe DSN.
2025-08-17T16:39:10.6512705Z 
2025-08-17T16:39:10.6513057Z sync=True → SQLAlchemy (+psycopg) else plain asyncpg.
2025-08-17T16:39:10.6513260Z 
2025-08-17T16:39:10.6513390Z <a id="price_importer.services_common.models_vendor"></a>
2025-08-17T16:39:10.6513593Z 
2025-08-17T16:39:10.6513700Z # price\_importer.services\_common.models\_vendor
2025-08-17T16:39:10.6513891Z 
2025-08-17T16:39:10.6513994Z <a id="price_importer.services_common.db_url"></a>
2025-08-17T16:39:10.6514176Z 
2025-08-17T16:39:10.6514277Z # price\_importer.services\_common.db\_url
2025-08-17T16:39:10.6514448Z 
2025-08-17T16:39:10.6514579Z <a id="price_importer.services_common.db_url.build_url"></a>
2025-08-17T16:39:10.6514798Z 
2025-08-17T16:39:10.6515066Z #### build\_url
2025-08-17T16:39:10.6515165Z 
2025-08-17T16:39:10.6515227Z ```python
2025-08-17T16:39:10.6515405Z def build_url(async_: bool = True) -> str
2025-08-17T16:39:10.6515622Z ```
2025-08-17T16:39:10.6515707Z 
2025-08-17T16:39:10.6515804Z Return Postgres DSN from env or PG_* parts.
2025-08-17T16:39:10.6515979Z 
2025-08-17T16:39:10.6516090Z <a id="price_importer.services_common.keepa"></a>
2025-08-17T16:39:10.6516276Z 
2025-08-17T16:39:10.6516369Z # price\_importer.services\_common.keepa
2025-08-17T16:39:10.6516537Z 
2025-08-17T16:39:10.6516634Z <a id="price_importer.services_common.llm"></a>
2025-08-17T16:39:10.6516813Z 
2025-08-17T16:39:10.6516899Z # price\_importer.services\_common.llm
2025-08-17T16:39:10.6517062Z 
2025-08-17T16:39:10.6517173Z <a id="price_importer.services_common.settings"></a>
2025-08-17T16:39:10.6517363Z 
2025-08-17T16:39:10.6517461Z # price\_importer.services\_common.settings
2025-08-17T16:39:10.6517629Z 
2025-08-17T16:39:10.6517730Z <a id="price_importer.services_common.db"></a>
2025-08-17T16:39:10.6517916Z 
2025-08-17T16:39:10.6518000Z # price\_importer.services\_common.db
2025-08-17T16:39:10.6518154Z 
2025-08-17T16:39:10.6518307Z <a id="price_importer.services_common.db.build_sqlalchemy_url"></a>
2025-08-17T16:39:10.6518549Z 
2025-08-17T16:39:10.6518623Z #### build\_sqlalchemy\_url
2025-08-17T16:39:10.6518753Z 
2025-08-17T16:39:10.6518819Z ```python
2025-08-17T16:39:10.6518983Z def build_sqlalchemy_url() -> str
2025-08-17T16:39:10.6519192Z ```
2025-08-17T16:39:10.6519273Z 
2025-08-17T16:39:10.6519366Z Return Postgres URL for SQLAlchemy engines.
2025-08-17T16:39:10.6519543Z 
2025-08-17T16:39:10.6519682Z <a id="price_importer.services_common.db.build_asyncpg_dsn"></a>
2025-08-17T16:39:10.6519903Z 
2025-08-17T16:39:10.6519982Z #### build\_asyncpg\_dsn
2025-08-17T16:39:10.6520102Z 
2025-08-17T16:39:10.6520163Z ```python
2025-08-17T16:39:10.6520331Z def build_asyncpg_dsn() -> str
2025-08-17T16:39:10.6520522Z ```
2025-08-17T16:39:10.6520605Z 
2025-08-17T16:39:10.6520839Z Return DSN suitable for asyncpg (without driver suffix).
2025-08-17T16:39:10.6521057Z 
2025-08-17T16:39:10.6521181Z <a id="price_importer.services_common.db.refresh_mvs"></a>
2025-08-17T16:39:10.6521389Z 
2025-08-17T16:39:10.6521453Z #### refresh\_mvs
2025-08-17T16:39:10.6521555Z 
2025-08-17T16:39:10.6521621Z ```python
2025-08-17T16:39:10.6521809Z def refresh_mvs(conn: Engine | Connection) -> None
2025-08-17T16:39:10.6522061Z ```
2025-08-17T16:39:10.6522139Z 
2025-08-17T16:39:10.6522476Z Refresh materialized views, using CONCURRENTLY when safe.
2025-08-17T16:39:10.6522704Z 
2025-08-17T16:39:10.6522797Z <a id="price_importer.services_common"></a>
2025-08-17T16:39:10.6522966Z 
2025-08-17T16:39:10.6523058Z # price\_importer.services\_common
2025-08-17T16:39:10.6523211Z 
2025-08-17T16:39:10.6523311Z <a id="price_importer.services_common.base"></a>
2025-08-17T16:39:10.6523492Z 
2025-08-17T16:39:10.6523586Z # price\_importer.services\_common.base
2025-08-17T16:39:10.6523748Z 
2025-08-17T16:39:10.6523844Z <a id="price_importer.normaliser"></a>
2025-08-17T16:39:10.6524013Z 
2025-08-17T16:39:10.6524092Z # price\_importer.normaliser
2025-08-17T16:39:10.6524229Z 
2025-08-17T16:39:10.6524337Z <a id="price_importer.common.models_vendor"></a>
2025-08-17T16:39:10.6524523Z 
2025-08-17T16:39:10.6524609Z # price\_importer.common.models\_vendor
2025-08-17T16:39:10.6524772Z 
2025-08-17T16:39:10.6524871Z <a id="price_importer.common.db_url"></a>
2025-08-17T16:39:10.6525039Z 
2025-08-17T16:39:10.6525125Z # price\_importer.common.db\_url
2025-08-17T16:39:10.6525278Z 
2025-08-17T16:39:10.6525380Z <a id="price_importer.common.db_url.make_dsn"></a>
2025-08-17T16:39:10.6525563Z 
2025-08-17T16:39:10.6525633Z #### make\_dsn
2025-08-17T16:39:10.6525732Z 
2025-08-17T16:39:10.6525795Z ```python
2025-08-17T16:39:10.6525973Z def make_dsn(async_: bool = False) -> str
2025-08-17T16:39:10.6526188Z ```
2025-08-17T16:39:10.6526275Z 
2025-08-17T16:39:10.6526392Z Return DSN built from either PG_* or POSTGRES_* vars.
2025-08-17T16:39:10.6526589Z 
2025-08-17T16:39:10.6526836Z <a id="price_importer.common.db_url.build_url"></a>
2025-08-17T16:39:10.6527030Z 
2025-08-17T16:39:10.6527092Z #### build\_url
2025-08-17T16:39:10.6527190Z 
2025-08-17T16:39:10.6527259Z ```python
2025-08-17T16:39:10.6527428Z def build_url(async_: bool = False) -> str
2025-08-17T16:39:10.6527654Z ```
2025-08-17T16:39:10.6527734Z 
2025-08-17T16:39:10.6527857Z Return Postgres DSN built from environment variables.
2025-08-17T16:39:10.6528058Z 
2025-08-17T16:39:10.6528140Z <a id="price_importer.common"></a>
2025-08-17T16:39:10.6528289Z 
2025-08-17T16:39:10.6528362Z # price\_importer.common
2025-08-17T16:39:10.6528495Z 
2025-08-17T16:39:10.6528581Z <a id="price_importer.common.base"></a>
2025-08-17T16:39:10.6528744Z 
2025-08-17T16:39:10.6528831Z # price\_importer.common.base
2025-08-17T16:39:10.6528968Z 
2025-08-17T16:39:10.6529061Z <a id="price_importer.tests.conftest"></a>
2025-08-17T16:39:10.6529234Z 
2025-08-17T16:39:10.6529316Z # price\_importer.tests.conftest
2025-08-17T16:39:10.6529483Z 
2025-08-17T16:39:10.6529597Z <a id="price_importer.tests.test_reader"></a>
2025-08-17T16:39:10.6529772Z 
2025-08-17T16:39:10.6529855Z # price\_importer.tests.test\_reader
2025-08-17T16:39:10.6530012Z 
2025-08-17T16:39:10.6530109Z <a id="price_importer.tests.test_imports"></a>
2025-08-17T16:39:10.6530281Z 
2025-08-17T16:39:10.6530373Z # price\_importer.tests.test\_imports
2025-08-17T16:39:10.6530528Z 
2025-08-17T16:39:10.6530621Z <a id="price_importer.tests.test_smoke"></a>
2025-08-17T16:39:10.6530789Z 
2025-08-17T16:39:10.6530880Z # price\_importer.tests.test\_smoke
2025-08-17T16:39:10.6531032Z 
2025-08-17T16:39:10.6531134Z <a id="price_importer.tests.test_normaliser"></a>
2025-08-17T16:39:10.6531325Z 
2025-08-17T16:39:10.6531413Z # price\_importer.tests.test\_normaliser
2025-08-17T16:39:10.6531576Z 
2025-08-17T16:39:10.6531667Z <a id="price_importer.tests"></a>
2025-08-17T16:39:10.6531815Z 
2025-08-17T16:39:10.6531887Z # price\_importer.tests
2025-08-17T16:39:10.6532007Z 
2025-08-17T16:39:10.6532356Z <a id="price_importer.reader"></a>
2025-08-17T16:39:10.6532570Z 
2025-08-17T16:39:10.6532647Z # price\_importer.reader
2025-08-17T16:39:10.6532781Z 
2025-08-17T16:39:10.6532869Z <a id="price_importer.repository"></a>
2025-08-17T16:39:10.6533027Z 
2025-08-17T16:39:10.6533114Z # price\_importer.repository
2025-08-17T16:39:10.6533248Z 
2025-08-17T16:39:10.6533328Z <a id="price_importer.import"></a>
2025-08-17T16:39:10.6533475Z 
2025-08-17T16:39:10.6533556Z # price\_importer.import
2025-08-17T16:39:10.6533677Z 
2025-08-17T16:39:10.6533745Z <a id="fees_h10"></a>
2025-08-17T16:39:10.6533861Z 
2025-08-17T16:39:10.6533923Z # fees\_h10
2025-08-17T16:39:10.6534012Z 
2025-08-17T16:39:10.6534092Z <a id="fees_h10.worker"></a>
2025-08-17T16:39:10.6534222Z 
2025-08-17T16:39:10.6534288Z # fees\_h10.worker
2025-08-17T16:39:10.6534391Z 
2025-08-17T16:39:10.6534493Z <a id="fees_h10.worker.list_active_asins"></a>
2025-08-17T16:39:10.6534666Z 
2025-08-17T16:39:10.6534737Z #### list\_active\_asins
2025-08-17T16:39:10.6534870Z 
2025-08-17T16:39:10.6534941Z ```python
2025-08-17T16:39:10.6535107Z def list_active_asins() -> list[str]
2025-08-17T16:39:10.6535318Z ```
2025-08-17T16:39:10.6535398Z 
2025-08-17T16:39:10.6535515Z Return known ASINs or an empty list if unavailable.
2025-08-17T16:39:10.6535707Z 
2025-08-17T16:39:10.6535788Z <a id="fees_h10.tests.test_smoke"></a>
2025-08-17T16:39:10.6535941Z 
2025-08-17T16:39:10.6536027Z # fees\_h10.tests.test\_smoke
2025-08-17T16:39:10.6536162Z 
2025-08-17T16:39:10.6536235Z <a id="fees_h10.tests"></a>
2025-08-17T16:39:10.6536374Z 
2025-08-17T16:39:10.6536437Z # fees\_h10.tests
2025-08-17T16:39:10.6536538Z 
2025-08-17T16:39:10.6536616Z <a id="fees_h10.client"></a>
2025-08-17T16:39:10.6536746Z 
2025-08-17T16:39:10.6536810Z # fees\_h10.client
2025-08-17T16:39:10.6536913Z 
2025-08-17T16:39:10.6537001Z <a id="fees_h10.repository"></a>
2025-08-17T16:39:10.6537141Z 
2025-08-17T16:39:10.6537211Z # fees\_h10.repository
2025-08-17T16:39:10.6537336Z 
2025-08-17T16:39:10.6537403Z <a id="emailer"></a>
2025-08-17T16:39:10.6537639Z 
2025-08-17T16:39:10.6537700Z # emailer
2025-08-17T16:39:10.6537795Z 
2025-08-17T16:39:10.6537893Z <a id="emailer.tests.test_import_emailer"></a>
2025-08-17T16:39:10.6538066Z 
2025-08-17T16:39:10.6538158Z # emailer.tests.test\_import\_emailer
2025-08-17T16:39:10.6538312Z 
2025-08-17T16:39:10.6538396Z <a id="emailer.tests.test_smoke"></a>
2025-08-17T16:39:10.6538557Z 
2025-08-17T16:39:10.6538635Z # emailer.tests.test\_smoke
2025-08-17T16:39:10.6538801Z 
2025-08-17T16:39:10.6538877Z <a id="emailer.tests"></a>
2025-08-17T16:39:10.6539017Z 
2025-08-17T16:39:10.6539083Z # emailer.tests
2025-08-17T16:39:10.6539184Z 
2025-08-17T16:39:10.6539272Z <a id="emailer.generate_body"></a>
2025-08-17T16:39:10.6539424Z 
2025-08-17T16:39:10.6539497Z # emailer.generate\_body
2025-08-17T16:39:10.6539630Z 
2025-08-17T16:39:10.6539698Z <a id="llm_server"></a>
2025-08-17T16:39:10.6539815Z 
2025-08-17T16:39:10.6539879Z # llm\_server
2025-08-17T16:39:10.6539981Z 
2025-08-17T16:39:10.6540058Z <a id="llm_server.app"></a>
2025-08-17T16:39:10.6540201Z 
2025-08-17T16:39:10.6540275Z # llm\_server.app
2025-08-17T16:39:10.6540380Z 
2025-08-17T16:39:10.6969928Z ##[group]Run peaceiris/actions-gh-pages@v3
2025-08-17T16:39:10.6970214Z with:
2025-08-17T16:39:10.6970607Z   github_token: ***
2025-08-17T16:39:10.6970804Z   publish_branch: gh-pages
2025-08-17T16:39:10.6971026Z   publish_dir: docs/api
2025-08-17T16:39:10.6971220Z   allow_empty_commit: false
2025-08-17T16:39:10.6971421Z   keep_files: false
2025-08-17T16:39:10.6971591Z   force_orphan: false
2025-08-17T16:39:10.6971780Z   enable_jekyll: false
2025-08-17T16:39:10.6971970Z   disable_nojekyll: false
2025-08-17T16:39:10.6972164Z   exclude_assets: .github
2025-08-17T16:39:10.6972643Z env:
2025-08-17T16:39:10.6972981Z   pythonLocation: /opt/hostedtoolcache/Python/3.11.13/x64
2025-08-17T16:39:10.6973425Z   PKG_CONFIG_PATH: /opt/hostedtoolcache/Python/3.11.13/x64/lib/pkgconfig
2025-08-17T16:39:10.6974076Z   Python_ROOT_DIR: /opt/hostedtoolcache/Python/3.11.13/x64
2025-08-17T16:39:10.6974514Z   Python2_ROOT_DIR: /opt/hostedtoolcache/Python/3.11.13/x64
2025-08-17T16:39:10.6974894Z   Python3_ROOT_DIR: /opt/hostedtoolcache/Python/3.11.13/x64
2025-08-17T16:39:10.6975228Z   LD_LIBRARY_PATH: /opt/hostedtoolcache/Python/3.11.13/x64/lib
2025-08-17T16:39:10.6975521Z ##[endgroup]
2025-08-17T16:39:10.7615486Z [INFO] Usage https://github.com/peaceiris/actions-gh-pages#readme
2025-08-17T16:39:10.7620153Z ##[group]Dump inputs
2025-08-17T16:39:10.7620595Z [INFO] GithubToken: true
2025-08-17T16:39:10.7621029Z [INFO] PublishBranch: gh-pages
2025-08-17T16:39:10.7621482Z [INFO] PublishDir: docs/api
2025-08-17T16:39:10.7621901Z [INFO] DestinationDir: 
2025-08-17T16:39:10.7622558Z [INFO] ExternalRepository: 
2025-08-17T16:39:10.7622996Z [INFO] AllowEmptyCommit: false
2025-08-17T16:39:10.7623429Z [INFO] KeepFiles: false
2025-08-17T16:39:10.7623813Z [INFO] ForceOrphan: false
2025-08-17T16:39:10.7624207Z [INFO] UserName: 
2025-08-17T16:39:10.7624556Z [INFO] UserEmail: 
2025-08-17T16:39:10.7624920Z [INFO] CommitMessage: 
2025-08-17T16:39:10.7625349Z [INFO] FullCommitMessage: 
2025-08-17T16:39:10.7625755Z [INFO] TagName: 
2025-08-17T16:39:10.7626105Z [INFO] TagMessage: 
2025-08-17T16:39:10.7626515Z [INFO] EnableJekyll (DisableNoJekyll): false
2025-08-17T16:39:10.7627055Z [INFO] CNAME: 
2025-08-17T16:39:10.7627366Z [INFO] ExcludeAssets .github
2025-08-17T16:39:10.7627620Z 
2025-08-17T16:39:10.7627994Z ##[endgroup]
2025-08-17T16:39:10.7628526Z ##[group]Setup auth token
2025-08-17T16:39:10.7628892Z [INFO] setup GITHUB_TOKEN
2025-08-17T16:39:10.7630213Z ##[endgroup]
2025-08-17T16:39:10.7630737Z ##[group]Prepare publishing assets
2025-08-17T16:39:10.7631368Z [INFO] ForceOrphan: false
2025-08-17T16:39:10.7678071Z [command]/usr/bin/git clone --depth=1 --single-branch --branch gh-pages ***github.com/AlexBomber12/AWA-App.git /home/runner/actions_github_pages_1755448750762
2025-08-17T16:39:10.7720039Z Cloning into '/home/runner/actions_github_pages_1755448750762'...
2025-08-17T16:39:11.0240227Z [INFO] clean up /home/runner/actions_github_pages_1755448750762
2025-08-17T16:39:11.0241399Z [INFO] chdir /home/runner/actions_github_pages_1755448750762
2025-08-17T16:39:11.0254283Z [command]/usr/bin/git rm -r --ignore-unmatch *
2025-08-17T16:39:11.0290694Z rm '.gitkeep'
2025-08-17T16:39:11.0290999Z rm '.nojekyll'
2025-08-17T16:39:11.0298149Z [INFO] chdir /home/runner/actions_github_pages_1755448750762
2025-08-17T16:39:11.0299569Z [INFO] prepare publishing assets
2025-08-17T16:39:11.0300729Z [INFO] copy /home/runner/work/AWA-App/AWA-App/docs/api to /home/runner/actions_github_pages_1755448750762
2025-08-17T16:39:11.0331432Z cp: no such file or directory: /home/runner/work/AWA-App/AWA-App/docs/api/*
2025-08-17T16:39:11.0343062Z [INFO] delete excluded assets
2025-08-17T16:39:11.0372189Z rm: no paths given
2025-08-17T16:39:11.0374446Z [INFO] Created /home/runner/actions_github_pages_1755448750762/.nojekyll
2025-08-17T16:39:11.0375824Z ##[endgroup]
2025-08-17T16:39:11.0376378Z ##[group]Setup Git config
2025-08-17T16:39:11.0391215Z [command]/usr/bin/git remote rm origin
2025-08-17T16:39:11.0450818Z [command]/usr/bin/git remote add origin ***github.com/AlexBomber12/AWA-App.git
2025-08-17T16:39:11.0498902Z [command]/usr/bin/git add --all
2025-08-17T16:39:11.0551652Z [command]/usr/bin/git config user.name AlexBomber12
2025-08-17T16:39:11.0598800Z [command]/usr/bin/git config user.email AlexBomber12@users.noreply.github.com
2025-08-17T16:39:11.0634217Z ##[endgroup]
2025-08-17T16:39:11.0634610Z ##[group]Create a commit
2025-08-17T16:39:11.0646003Z [command]/usr/bin/git commit -m deploy: 52acd13d6cc5c3f2cc173e8172065b27497186ae
2025-08-17T16:39:11.0680815Z On branch gh-pages
2025-08-17T16:39:11.0681187Z nothing to commit, working tree clean
2025-08-17T16:39:11.0686427Z [INFO] skip commit
2025-08-17T16:39:11.0687376Z ##[endgroup]
2025-08-17T16:39:11.0688015Z ##[group]Push the commit or tag
2025-08-17T16:39:11.0700398Z [command]/usr/bin/git push origin gh-pages
2025-08-17T16:39:11.3695151Z Everything up-to-date
2025-08-17T16:39:11.3733310Z ##[endgroup]
2025-08-17T16:39:11.3733732Z [INFO] Action successfully completed
2025-08-17T16:39:11.3831266Z Post job cleanup.
2025-08-17T16:39:11.5488362Z Post job cleanup.
2025-08-17T16:39:11.6463696Z [command]/usr/bin/git version
2025-08-17T16:39:11.6507699Z git version 2.50.1
2025-08-17T16:39:11.6559978Z Temporarily overriding HOME='/home/runner/work/_temp/2a2788c9-23f1-47dc-84bd-85e3162f6345' before making global git config changes
2025-08-17T16:39:11.6561009Z Adding repository directory to the temporary git global config as a safe directory
2025-08-17T16:39:11.6566402Z [command]/usr/bin/git config --global --add safe.directory /home/runner/work/AWA-App/AWA-App
2025-08-17T16:39:11.6611097Z [command]/usr/bin/git config --local --name-only --get-regexp core\.sshCommand
2025-08-17T16:39:11.6649655Z [command]/usr/bin/git submodule foreach --recursive sh -c "git config --local --name-only --get-regexp 'core\.sshCommand' && git config --local --unset-all 'core.sshCommand' || :"
2025-08-17T16:39:11.6951575Z [command]/usr/bin/git config --local --name-only --get-regexp http\.https\:\/\/github\.com\/\.extraheader
2025-08-17T16:39:11.6977161Z http.https://github.com/.extraheader
2025-08-17T16:39:11.6991691Z [command]/usr/bin/git config --local --unset-all http.https://github.com/.extraheader
2025-08-17T16:39:11.7029387Z [command]/usr/bin/git submodule foreach --recursive sh -c "git config --local --name-only --get-regexp 'http\.https\:\/\/github\.com\/\.extraheader' && git config --local --unset-all 'http.https://github.com/.extraheader' || :"
2025-08-17T16:39:11.7385332Z Cleaning up orphan processes
