2025-08-20T17:42:15.8143258Z Current runner version: '2.328.0'
2025-08-20T17:42:15.8168097Z ##[group]Runner Image Provisioner
2025-08-20T17:42:15.8168895Z Hosted Compute Agent
2025-08-20T17:42:15.8169672Z Version: 20250818.377
2025-08-20T17:42:15.8170587Z Commit: 3c593e9f75fe0b87e893bca80d6e12ba089c61fc
2025-08-20T17:42:15.8171424Z Build Date: 2025-08-18T14:52:18Z
2025-08-20T17:42:15.8172173Z ##[endgroup]
2025-08-20T17:42:15.8172958Z ##[group]Operating System
2025-08-20T17:42:15.8173809Z Ubuntu
2025-08-20T17:42:15.8174824Z 24.04.2
2025-08-20T17:42:15.8175699Z LTS
2025-08-20T17:42:15.8176467Z ##[endgroup]
2025-08-20T17:42:15.8177390Z ##[group]Runner Image
2025-08-20T17:42:15.8178187Z Image: ubuntu-24.04
2025-08-20T17:42:15.8178774Z Version: 20250810.1.0
2025-08-20T17:42:15.8179891Z Included Software: https://github.com/actions/runner-images/blob/ubuntu24/20250810.1/images/ubuntu/Ubuntu2404-Readme.md
2025-08-20T17:42:15.8182241Z Image Release: https://github.com/actions/runner-images/releases/tag/ubuntu24%2F20250810.1
2025-08-20T17:42:15.8183383Z ##[endgroup]
2025-08-20T17:42:15.8185876Z ##[group]GITHUB_TOKEN Permissions
2025-08-20T17:42:15.8188343Z Actions: write
2025-08-20T17:42:15.8189005Z Attestations: write
2025-08-20T17:42:15.8189558Z Checks: write
2025-08-20T17:42:15.8190200Z Contents: write
2025-08-20T17:42:15.8191073Z Deployments: write
2025-08-20T17:42:15.8191659Z Discussions: write
2025-08-20T17:42:15.8192211Z Issues: write
2025-08-20T17:42:15.8192895Z Metadata: read
2025-08-20T17:42:15.8193444Z Models: read
2025-08-20T17:42:15.8194040Z Packages: write
2025-08-20T17:42:15.8194720Z Pages: write
2025-08-20T17:42:15.8195250Z PullRequests: write
2025-08-20T17:42:15.8195868Z RepositoryProjects: write
2025-08-20T17:42:15.8196559Z SecurityEvents: write
2025-08-20T17:42:15.8197307Z Statuses: write
2025-08-20T17:42:15.8197839Z ##[endgroup]
2025-08-20T17:42:15.8200132Z Secret source: Actions
2025-08-20T17:42:15.8201541Z Prepare workflow directory
2025-08-20T17:42:15.8572544Z Prepare all required actions
2025-08-20T17:42:15.8631841Z Getting action download info
2025-08-20T17:42:16.2276049Z Download action repository 'actions/checkout@v4' (SHA:08eba0b27e820071cde6df949e0beb9ba4906955)
2025-08-20T17:42:16.8205787Z Download action repository 'actions/setup-python@v5' (SHA:a26af69be951a213d495a4c3e4e4022e16d87065)
2025-08-20T17:42:17.3281981Z Download action repository 'peaceiris/actions-gh-pages@v3' (SHA:373f7f263a76c20808c831209c920827a82a2847)
2025-08-20T17:42:17.9970129Z Complete job name: publish
2025-08-20T17:42:18.0758822Z ##[group]Run actions/checkout@v4
2025-08-20T17:42:18.0760122Z with:
2025-08-20T17:42:18.0761035Z   repository: AlexBomber12/AWA-App
2025-08-20T17:42:18.0762324Z   token: ***
2025-08-20T17:42:18.0763067Z   ssh-strict: true
2025-08-20T17:42:18.0763804Z   ssh-user: git
2025-08-20T17:42:18.0764572Z   persist-credentials: true
2025-08-20T17:42:18.0765436Z   clean: true
2025-08-20T17:42:18.0766208Z   sparse-checkout-cone-mode: true
2025-08-20T17:42:18.0767138Z   fetch-depth: 1
2025-08-20T17:42:18.0767883Z   fetch-tags: false
2025-08-20T17:42:18.0768675Z   show-progress: true
2025-08-20T17:42:18.0769454Z   lfs: false
2025-08-20T17:42:18.0770158Z   submodules: false
2025-08-20T17:42:18.0771055Z   set-safe-directory: true
2025-08-20T17:42:18.0772157Z ##[endgroup]
2025-08-20T17:42:18.1849707Z Syncing repository: AlexBomber12/AWA-App
2025-08-20T17:42:18.1853971Z ##[group]Getting Git version info
2025-08-20T17:42:18.1855931Z Working directory is '/home/runner/work/AWA-App/AWA-App'
2025-08-20T17:42:18.1858421Z [command]/usr/bin/git version
2025-08-20T17:42:18.1917414Z git version 2.50.1
2025-08-20T17:42:18.1944534Z ##[endgroup]
2025-08-20T17:42:18.1960953Z Temporarily overriding HOME='/home/runner/work/_temp/796b7a49-84e2-4f75-a369-9abf61d8ec8d' before making global git config changes
2025-08-20T17:42:18.1965686Z Adding repository directory to the temporary git global config as a safe directory
2025-08-20T17:42:18.1969347Z [command]/usr/bin/git config --global --add safe.directory /home/runner/work/AWA-App/AWA-App
2025-08-20T17:42:18.2004761Z Deleting the contents of '/home/runner/work/AWA-App/AWA-App'
2025-08-20T17:42:18.2008375Z ##[group]Initializing the repository
2025-08-20T17:42:18.2013363Z [command]/usr/bin/git init /home/runner/work/AWA-App/AWA-App
2025-08-20T17:42:18.2104908Z hint: Using 'master' as the name for the initial branch. This default branch name
2025-08-20T17:42:18.2107569Z hint: is subject to change. To configure the initial branch name to use in all
2025-08-20T17:42:18.2110802Z hint: of your new repositories, which will suppress this warning, call:
2025-08-20T17:42:18.2113118Z hint:
2025-08-20T17:42:18.2114699Z hint: 	git config --global init.defaultBranch <name>
2025-08-20T17:42:18.2116735Z hint:
2025-08-20T17:42:18.2118525Z hint: Names commonly chosen instead of 'master' are 'main', 'trunk' and
2025-08-20T17:42:18.2121878Z hint: 'development'. The just-created branch can be renamed via this command:
2025-08-20T17:42:18.2124312Z hint:
2025-08-20T17:42:18.2125532Z hint: 	git branch -m <name>
2025-08-20T17:42:18.2126917Z hint:
2025-08-20T17:42:18.2128712Z hint: Disable this message with "git config set advice.defaultBranchName false"
2025-08-20T17:42:18.2130911Z Initialized empty Git repository in /home/runner/work/AWA-App/AWA-App/.git/
2025-08-20T17:42:18.2134482Z [command]/usr/bin/git remote add origin https://github.com/AlexBomber12/AWA-App
2025-08-20T17:42:18.2157959Z ##[endgroup]
2025-08-20T17:42:18.2160485Z ##[group]Disabling automatic garbage collection
2025-08-20T17:42:18.2162675Z [command]/usr/bin/git config --local gc.auto 0
2025-08-20T17:42:18.2191667Z ##[endgroup]
2025-08-20T17:42:18.2193879Z ##[group]Setting up auth
2025-08-20T17:42:18.2199138Z [command]/usr/bin/git config --local --name-only --get-regexp core\.sshCommand
2025-08-20T17:42:18.2231357Z [command]/usr/bin/git submodule foreach --recursive sh -c "git config --local --name-only --get-regexp 'core\.sshCommand' && git config --local --unset-all 'core.sshCommand' || :"
2025-08-20T17:42:18.2559120Z [command]/usr/bin/git config --local --name-only --get-regexp http\.https\:\/\/github\.com\/\.extraheader
2025-08-20T17:42:18.2592033Z [command]/usr/bin/git submodule foreach --recursive sh -c "git config --local --name-only --get-regexp 'http\.https\:\/\/github\.com\/\.extraheader' && git config --local --unset-all 'http.https://github.com/.extraheader' || :"
2025-08-20T17:42:18.2808361Z [command]/usr/bin/git config --local http.https://github.com/.extraheader AUTHORIZATION: basic ***
2025-08-20T17:42:18.2843163Z ##[endgroup]
2025-08-20T17:42:18.2850688Z ##[group]Fetching the repository
2025-08-20T17:42:18.2853374Z [command]/usr/bin/git -c protocol.version=2 fetch --no-tags --prune --no-recurse-submodules --depth=1 origin +d0db6dc7bd943499fc0e80050cc8d9d3cce74589:refs/remotes/pull/305/merge
2025-08-20T17:42:18.7216612Z From https://github.com/AlexBomber12/AWA-App
2025-08-20T17:42:18.7220592Z  * [new ref]         d0db6dc7bd943499fc0e80050cc8d9d3cce74589 -> pull/305/merge
2025-08-20T17:42:18.7243150Z ##[endgroup]
2025-08-20T17:42:18.7244854Z ##[group]Determining the checkout info
2025-08-20T17:42:18.7246703Z ##[endgroup]
2025-08-20T17:42:18.7250576Z [command]/usr/bin/git sparse-checkout disable
2025-08-20T17:42:18.7288109Z [command]/usr/bin/git config --local --unset-all extensions.worktreeConfig
2025-08-20T17:42:18.7316370Z ##[group]Checking out the ref
2025-08-20T17:42:18.7318471Z [command]/usr/bin/git checkout --progress --force refs/remotes/pull/305/merge
2025-08-20T17:42:18.7649244Z Note: switching to 'refs/remotes/pull/305/merge'.
2025-08-20T17:42:18.7651841Z 
2025-08-20T17:42:18.7653187Z You are in 'detached HEAD' state. You can look around, make experimental
2025-08-20T17:42:18.7655419Z changes and commit them, and you can discard any commits you make in this
2025-08-20T17:42:18.7657432Z state without impacting any branches by switching back to a branch.
2025-08-20T17:42:18.7658704Z 
2025-08-20T17:42:18.7659447Z If you want to create a new branch to retain commits you create, you may
2025-08-20T17:42:18.7661398Z do so (now or later) by using -c with the switch command. Example:
2025-08-20T17:42:18.7662939Z 
2025-08-20T17:42:18.7663347Z   git switch -c <new-branch-name>
2025-08-20T17:42:18.7664052Z 
2025-08-20T17:42:18.7664417Z Or undo this operation with:
2025-08-20T17:42:18.7665055Z 
2025-08-20T17:42:18.7665389Z   git switch -
2025-08-20T17:42:18.7665912Z 
2025-08-20T17:42:18.7666672Z Turn off this advice by setting config variable advice.detachedHead to false
2025-08-20T17:42:18.7667840Z 
2025-08-20T17:42:18.7669126Z HEAD is now at d0db6dc Merge 71c42909f45822f9f74278b6056e8de1e4c00696 into 58f732c854cc9fa63f1ff7b1508bb3c35865ecaa
2025-08-20T17:42:18.7673413Z ##[endgroup]
2025-08-20T17:42:18.7697855Z [command]/usr/bin/git log -1 --format=%H
2025-08-20T17:42:18.7719421Z d0db6dc7bd943499fc0e80050cc8d9d3cce74589
2025-08-20T17:42:18.8012731Z ##[group]Run actions/setup-python@v5
2025-08-20T17:42:18.8013716Z with:
2025-08-20T17:42:18.8014407Z   python-version: 3.11
2025-08-20T17:42:18.8015213Z   check-latest: false
2025-08-20T17:42:18.8016233Z   token: ***
2025-08-20T17:42:18.8016993Z   update-environment: true
2025-08-20T17:42:18.8017857Z   allow-prereleases: false
2025-08-20T17:42:18.8018710Z   freethreaded: false
2025-08-20T17:42:18.8019466Z ##[endgroup]
2025-08-20T17:42:18.9787923Z ##[group]Installed versions
2025-08-20T17:42:18.9895812Z Successfully set up CPython (3.11.13)
2025-08-20T17:42:18.9899005Z ##[endgroup]
2025-08-20T17:42:19.0170162Z ##[group]Run pip install pydoc-markdown
2025-08-20T17:42:19.0171560Z [36;1mpip install pydoc-markdown[0m
2025-08-20T17:42:19.0262906Z shell: /usr/bin/bash -e {0}
2025-08-20T17:42:19.0263770Z env:
2025-08-20T17:42:19.0264677Z   pythonLocation: /opt/hostedtoolcache/Python/3.11.13/x64
2025-08-20T17:42:19.0266188Z   PKG_CONFIG_PATH: /opt/hostedtoolcache/Python/3.11.13/x64/lib/pkgconfig
2025-08-20T17:42:19.0267662Z   Python_ROOT_DIR: /opt/hostedtoolcache/Python/3.11.13/x64
2025-08-20T17:42:19.0268991Z   Python2_ROOT_DIR: /opt/hostedtoolcache/Python/3.11.13/x64
2025-08-20T17:42:19.0270538Z   Python3_ROOT_DIR: /opt/hostedtoolcache/Python/3.11.13/x64
2025-08-20T17:42:19.0332629Z   LD_LIBRARY_PATH: /opt/hostedtoolcache/Python/3.11.13/x64/lib
2025-08-20T17:42:19.0333798Z ##[endgroup]
2025-08-20T17:42:20.1968272Z Collecting pydoc-markdown
2025-08-20T17:42:20.2697055Z   Downloading pydoc_markdown-4.8.2-py3-none-any.whl.metadata (5.9 kB)
2025-08-20T17:42:20.3353245Z Collecting PyYAML<7.0,>=5.0 (from pydoc-markdown)
2025-08-20T17:42:20.3530995Z   Downloading PyYAML-6.0.2-cp311-cp311-manylinux_2_17_x86_64.manylinux2014_x86_64.whl.metadata (2.1 kB)
2025-08-20T17:42:20.3856250Z Collecting click<9.0,>=7.1 (from pydoc-markdown)
2025-08-20T17:42:20.4013829Z   Downloading click-8.2.1-py3-none-any.whl.metadata (2.5 kB)
2025-08-20T17:42:20.4392986Z Collecting databind.core<5.0.0,>=4.4.0 (from pydoc-markdown)
2025-08-20T17:42:20.4574829Z   Downloading databind.core-4.5.2-py3-none-any.whl.metadata (1.1 kB)
2025-08-20T17:42:20.5039332Z Collecting databind.json<5.0.0,>=4.4.0 (from pydoc-markdown)
2025-08-20T17:42:20.5224164Z   Downloading databind.json-4.5.2-py3-none-any.whl.metadata (1.1 kB)
2025-08-20T17:42:20.5489287Z Collecting docspec<3.0.0,>=2.2.1 (from pydoc-markdown)
2025-08-20T17:42:20.5649871Z   Downloading docspec-2.2.2-py3-none-any.whl.metadata (1.0 kB)
2025-08-20T17:42:20.5946610Z Collecting docspec-python<3.0.0,>=2.2.1 (from pydoc-markdown)
2025-08-20T17:42:20.6108878Z   Downloading docspec_python-2.2.2-py3-none-any.whl.metadata (1.0 kB)
2025-08-20T17:42:20.6353554Z Collecting docstring-parser<0.12,>=0.11 (from pydoc-markdown)
2025-08-20T17:42:20.6525024Z   Downloading docstring_parser-0.11.tar.gz (22 kB)
2025-08-20T17:42:20.6701805Z   Installing build dependencies: started
2025-08-20T17:42:21.5562104Z   Installing build dependencies: finished with status 'done'
2025-08-20T17:42:21.5571081Z   Getting requirements to build wheel: started
2025-08-20T17:42:21.8890860Z   Getting requirements to build wheel: finished with status 'done'
2025-08-20T17:42:21.8898486Z   Preparing metadata (pyproject.toml): started
2025-08-20T17:42:22.0568851Z   Preparing metadata (pyproject.toml): finished with status 'done'
2025-08-20T17:42:22.0845688Z Collecting jinja2<4.0.0,>=3.0.0 (from pydoc-markdown)
2025-08-20T17:42:22.1004722Z   Downloading jinja2-3.1.6-py3-none-any.whl.metadata (2.9 kB)
2025-08-20T17:42:22.1306956Z Collecting nr.util<1.0.0,>=0.7.5 (from pydoc-markdown)
2025-08-20T17:42:22.1472833Z   Downloading nr.util-0.8.12-py3-none-any.whl.metadata (813 bytes)
2025-08-20T17:42:22.1902876Z Collecting requests<3.0.0,>=2.23.0 (from pydoc-markdown)
2025-08-20T17:42:22.2058689Z   Downloading requests-2.32.5-py3-none-any.whl.metadata (4.9 kB)
2025-08-20T17:42:22.2342421Z Collecting tomli<3.0.0,>=2.0.0 (from pydoc-markdown)
2025-08-20T17:42:22.2510888Z   Downloading tomli-2.2.1-cp311-cp311-manylinux_2_17_x86_64.manylinux2014_x86_64.whl.metadata (11 kB)
2025-08-20T17:42:22.2822667Z Collecting tomli_w<2.0.0,>=1.0.0 (from pydoc-markdown)
2025-08-20T17:42:22.2989236Z   Downloading tomli_w-1.2.0-py3-none-any.whl.metadata (5.7 kB)
2025-08-20T17:42:22.3604473Z Collecting watchdog (from pydoc-markdown)
2025-08-20T17:42:22.3763457Z   Downloading watchdog-6.0.0-py3-none-manylinux2014_x86_64.whl.metadata (44 kB)
2025-08-20T17:42:22.4174259Z Collecting yapf>=0.30.0 (from pydoc-markdown)
2025-08-20T17:42:22.4355369Z   Downloading yapf-0.43.0-py3-none-any.whl.metadata (46 kB)
2025-08-20T17:42:22.4754048Z Collecting databind<5.0.0,>=4.5.2 (from databind.core<5.0.0,>=4.4.0->pydoc-markdown)
2025-08-20T17:42:22.4917910Z   Downloading databind-4.5.2-py3-none-any.whl.metadata (4.3 kB)
2025-08-20T17:42:22.5202040Z Collecting Deprecated<2.0.0,>=1.2.12 (from databind<5.0.0,>=4.5.2->databind.core<5.0.0,>=4.4.0->pydoc-markdown)
2025-08-20T17:42:22.5359199Z   Downloading Deprecated-1.2.18-py2.py3-none-any.whl.metadata (5.7 kB)
2025-08-20T17:42:22.5607241Z Collecting nr-date<3.0.0,>=2.0.0 (from databind<5.0.0,>=4.5.2->databind.core<5.0.0,>=4.4.0->pydoc-markdown)
2025-08-20T17:42:22.5769895Z   Downloading nr_date-2.1.0-py3-none-any.whl.metadata (746 bytes)
2025-08-20T17:42:22.6064963Z Collecting nr-stream<2.0.0,>=1.0.0 (from databind<5.0.0,>=4.5.2->databind.core<5.0.0,>=4.4.0->pydoc-markdown)
2025-08-20T17:42:22.6235514Z   Downloading nr_stream-1.1.5-py3-none-any.whl.metadata (3.6 kB)
2025-08-20T17:42:22.6539449Z Collecting typeapi<3,>=2.0.1 (from databind<5.0.0,>=4.5.2->databind.core<5.0.0,>=4.4.0->pydoc-markdown)
2025-08-20T17:42:22.6707632Z   Downloading typeapi-2.2.4-py3-none-any.whl.metadata (1.5 kB)
2025-08-20T17:42:22.7024733Z Collecting typing-extensions<5,>=3.10.0 (from databind<5.0.0,>=4.5.2->databind.core<5.0.0,>=4.4.0->pydoc-markdown)
2025-08-20T17:42:22.7178912Z   Downloading typing_extensions-4.14.1-py3-none-any.whl.metadata (3.0 kB)
2025-08-20T17:42:22.8415909Z Collecting wrapt<2,>=1.10 (from Deprecated<2.0.0,>=1.2.12->databind<5.0.0,>=4.5.2->databind.core<5.0.0,>=4.4.0->pydoc-markdown)
2025-08-20T17:42:22.8597130Z   Downloading wrapt-1.17.3-cp311-cp311-manylinux1_x86_64.manylinux_2_28_x86_64.manylinux_2_5_x86_64.whl.metadata (6.4 kB)
2025-08-20T17:42:22.9255755Z Collecting black>=24.8.0 (from docspec-python<3.0.0,>=2.2.1->pydoc-markdown)
2025-08-20T17:42:22.9445337Z   Downloading black-25.1.0-cp311-cp311-manylinux_2_17_x86_64.manylinux2014_x86_64.manylinux_2_28_x86_64.whl.metadata (81 kB)
2025-08-20T17:42:22.9594794Z Collecting docspec<3.0.0,>=2.2.1 (from pydoc-markdown)
2025-08-20T17:42:22.9764827Z   Downloading docspec-2.2.1-py3-none-any.whl.metadata (1.5 kB)
2025-08-20T17:42:23.0432777Z Collecting MarkupSafe>=2.0 (from jinja2<4.0.0,>=3.0.0->pydoc-markdown)
2025-08-20T17:42:23.0591526Z   Downloading MarkupSafe-3.0.2-cp311-cp311-manylinux_2_17_x86_64.manylinux2014_x86_64.whl.metadata (4.0 kB)
2025-08-20T17:42:23.1614246Z Collecting charset_normalizer<4,>=2 (from requests<3.0.0,>=2.23.0->pydoc-markdown)
2025-08-20T17:42:23.1774213Z   Downloading charset_normalizer-3.4.3-cp311-cp311-manylinux2014_x86_64.manylinux_2_17_x86_64.manylinux_2_28_x86_64.whl.metadata (36 kB)
2025-08-20T17:42:23.2068216Z Collecting idna<4,>=2.5 (from requests<3.0.0,>=2.23.0->pydoc-markdown)
2025-08-20T17:42:23.2224945Z   Downloading idna-3.10-py3-none-any.whl.metadata (10 kB)
2025-08-20T17:42:23.2634327Z Collecting urllib3<3,>=1.21.1 (from requests<3.0.0,>=2.23.0->pydoc-markdown)
2025-08-20T17:42:23.2791109Z   Downloading urllib3-2.5.0-py3-none-any.whl.metadata (6.5 kB)
2025-08-20T17:42:23.3122414Z Collecting certifi>=2017.4.17 (from requests<3.0.0,>=2.23.0->pydoc-markdown)
2025-08-20T17:42:23.3279345Z   Downloading certifi-2025.8.3-py3-none-any.whl.metadata (2.4 kB)
2025-08-20T17:42:23.3641551Z Collecting mypy-extensions>=0.4.3 (from black>=24.8.0->docspec-python<3.0.0,>=2.2.1->pydoc-markdown)
2025-08-20T17:42:23.3799746Z   Downloading mypy_extensions-1.1.0-py3-none-any.whl.metadata (1.1 kB)
2025-08-20T17:42:23.4109424Z Collecting packaging>=22.0 (from black>=24.8.0->docspec-python<3.0.0,>=2.2.1->pydoc-markdown)
2025-08-20T17:42:23.4264608Z   Downloading packaging-25.0-py3-none-any.whl.metadata (3.3 kB)
2025-08-20T17:42:23.4518752Z Collecting pathspec>=0.9.0 (from black>=24.8.0->docspec-python<3.0.0,>=2.2.1->pydoc-markdown)
2025-08-20T17:42:23.4676207Z   Downloading pathspec-0.12.1-py3-none-any.whl.metadata (21 kB)
2025-08-20T17:42:23.5009169Z Collecting platformdirs>=2 (from black>=24.8.0->docspec-python<3.0.0,>=2.2.1->pydoc-markdown)
2025-08-20T17:42:23.5164111Z   Downloading platformdirs-4.3.8-py3-none-any.whl.metadata (12 kB)
2025-08-20T17:42:23.5533869Z Downloading pydoc_markdown-4.8.2-py3-none-any.whl (67 kB)
2025-08-20T17:42:23.5729753Z Downloading click-8.2.1-py3-none-any.whl (102 kB)
2025-08-20T17:42:23.5960868Z Downloading databind.core-4.5.2-py3-none-any.whl (1.5 kB)
2025-08-20T17:42:23.6147555Z Downloading databind-4.5.2-py3-none-any.whl (49 kB)
2025-08-20T17:42:23.6345158Z Downloading databind.json-4.5.2-py3-none-any.whl (1.5 kB)
2025-08-20T17:42:23.6519811Z Downloading Deprecated-1.2.18-py2.py3-none-any.whl (10.0 kB)
2025-08-20T17:42:23.6708194Z Downloading docspec_python-2.2.2-py3-none-any.whl (15 kB)
2025-08-20T17:42:23.6894314Z Downloading docspec-2.2.1-py3-none-any.whl (9.8 kB)
2025-08-20T17:42:23.7069213Z Downloading jinja2-3.1.6-py3-none-any.whl (134 kB)
2025-08-20T17:42:23.7285647Z Downloading nr_date-2.1.0-py3-none-any.whl (10 kB)
2025-08-20T17:42:23.7469892Z Downloading nr_stream-1.1.5-py3-none-any.whl (10 kB)
2025-08-20T17:42:23.7663213Z Downloading nr.util-0.8.12-py3-none-any.whl (90 kB)
2025-08-20T17:42:23.7852983Z Downloading PyYAML-6.0.2-cp311-cp311-manylinux_2_17_x86_64.manylinux2014_x86_64.whl (762 kB)
2025-08-20T17:42:23.8184050Z    ━━━━━━━━━━━━━━━━━━━━━━━━━━━━━━━━━━━━━━━━ 763.0/763.0 kB 19.5 MB/s  0:00:00
2025-08-20T17:42:23.8369511Z Downloading requests-2.32.5-py3-none-any.whl (64 kB)
2025-08-20T17:42:23.8551337Z Downloading charset_normalizer-3.4.3-cp311-cp311-manylinux2014_x86_64.manylinux_2_17_x86_64.manylinux_2_28_x86_64.whl (150 kB)
2025-08-20T17:42:23.8733880Z Downloading idna-3.10-py3-none-any.whl (70 kB)
2025-08-20T17:42:23.8919083Z Downloading tomli-2.2.1-cp311-cp311-manylinux_2_17_x86_64.manylinux2014_x86_64.whl (236 kB)
2025-08-20T17:42:23.9107026Z Downloading tomli_w-1.2.0-py3-none-any.whl (6.7 kB)
2025-08-20T17:42:23.9292036Z Downloading typeapi-2.2.4-py3-none-any.whl (26 kB)
2025-08-20T17:42:23.9467813Z Downloading typing_extensions-4.14.1-py3-none-any.whl (43 kB)
2025-08-20T17:42:23.9691302Z Downloading urllib3-2.5.0-py3-none-any.whl (129 kB)
2025-08-20T17:42:23.9873050Z Downloading wrapt-1.17.3-cp311-cp311-manylinux1_x86_64.manylinux_2_28_x86_64.manylinux_2_5_x86_64.whl (82 kB)
2025-08-20T17:42:24.0059239Z Downloading black-25.1.0-cp311-cp311-manylinux_2_17_x86_64.manylinux2014_x86_64.manylinux_2_28_x86_64.whl (1.7 MB)
2025-08-20T17:42:24.0289508Z    ━━━━━━━━━━━━━━━━━━━━━━━━━━━━━━━━━━━━━━━━ 1.7/1.7 MB 77.3 MB/s  0:00:00
2025-08-20T17:42:24.0446038Z Downloading certifi-2025.8.3-py3-none-any.whl (161 kB)
2025-08-20T17:42:24.0630121Z Downloading MarkupSafe-3.0.2-cp311-cp311-manylinux_2_17_x86_64.manylinux2014_x86_64.whl (23 kB)
2025-08-20T17:42:24.0807622Z Downloading mypy_extensions-1.1.0-py3-none-any.whl (5.0 kB)
2025-08-20T17:42:24.0984917Z Downloading packaging-25.0-py3-none-any.whl (66 kB)
2025-08-20T17:42:24.1163671Z Downloading pathspec-0.12.1-py3-none-any.whl (31 kB)
2025-08-20T17:42:24.1353081Z Downloading platformdirs-4.3.8-py3-none-any.whl (18 kB)
2025-08-20T17:42:24.1557116Z Downloading yapf-0.43.0-py3-none-any.whl (256 kB)
2025-08-20T17:42:24.1755965Z Downloading watchdog-6.0.0-py3-none-manylinux2014_x86_64.whl (79 kB)
2025-08-20T17:42:24.2017674Z Building wheels for collected packages: docstring-parser
2025-08-20T17:42:24.2026236Z   Building wheel for docstring-parser (pyproject.toml): started
2025-08-20T17:42:24.4115352Z   Building wheel for docstring-parser (pyproject.toml): finished with status 'done'
2025-08-20T17:42:24.4121493Z   Created wheel for docstring-parser: filename=docstring_parser-0.11-py3-none-any.whl size=31551 sha256=de8037560eca411a574b723e4f72e274cf75bcb2db2c33682ef0dd0cdd3e2608
2025-08-20T17:42:24.4123414Z   Stored in directory: /home/runner/.cache/pip/wheels/0f/f9/78/1186f8bf3425dbd3fb3fa32beee828876c792f49eb2554e888
2025-08-20T17:42:24.4139974Z Successfully built docstring-parser
2025-08-20T17:42:24.4605063Z Installing collected packages: wrapt, watchdog, urllib3, typing-extensions, tomli_w, tomli, PyYAML, platformdirs, pathspec, packaging, nr-stream, nr-date, mypy-extensions, MarkupSafe, idna, docstring-parser, click, charset_normalizer, certifi, yapf, typeapi, requests, jinja2, Deprecated, black, nr.util, databind, databind.json, databind.core, docspec, docspec-python, pydoc-markdown
2025-08-20T17:42:25.6607069Z 
2025-08-20T17:42:25.6630519Z Successfully installed Deprecated-1.2.18 MarkupSafe-3.0.2 PyYAML-6.0.2 black-25.1.0 certifi-2025.8.3 charset_normalizer-3.4.3 click-8.2.1 databind-4.5.2 databind.core-4.5.2 databind.json-4.5.2 docspec-2.2.1 docspec-python-2.2.2 docstring-parser-0.11 idna-3.10 jinja2-3.1.6 mypy-extensions-1.1.0 nr-date-2.1.0 nr-stream-1.1.5 nr.util-0.8.12 packaging-25.0 pathspec-0.12.1 platformdirs-4.3.8 pydoc-markdown-4.8.2 requests-2.32.5 tomli-2.2.1 tomli_w-1.2.0 typeapi-2.2.4 typing-extensions-4.14.1 urllib3-2.5.0 watchdog-6.0.0 wrapt-1.17.3 yapf-0.43.0
2025-08-20T17:42:25.8797175Z ##[group]Run pydoc-markdown
2025-08-20T17:42:25.8797462Z [36;1mpydoc-markdown[0m
2025-08-20T17:42:25.8838879Z shell: /usr/bin/bash -e {0}
2025-08-20T17:42:25.8839107Z env:
2025-08-20T17:42:25.8839351Z   pythonLocation: /opt/hostedtoolcache/Python/3.11.13/x64
2025-08-20T17:42:25.8839763Z   PKG_CONFIG_PATH: /opt/hostedtoolcache/Python/3.11.13/x64/lib/pkgconfig
2025-08-20T17:42:25.8840142Z   Python_ROOT_DIR: /opt/hostedtoolcache/Python/3.11.13/x64
2025-08-20T17:42:25.8840724Z   Python2_ROOT_DIR: /opt/hostedtoolcache/Python/3.11.13/x64
2025-08-20T17:42:25.8841080Z   Python3_ROOT_DIR: /opt/hostedtoolcache/Python/3.11.13/x64
2025-08-20T17:42:25.8841428Z   LD_LIBRARY_PATH: /opt/hostedtoolcache/Python/3.11.13/x64/lib
2025-08-20T17:42:25.8841720Z ##[endgroup]
2025-08-20T17:42:26.2122826Z [WARNING - pydoc_markdown.main]: Unknown configuration options:
2025-08-20T17:42:26.2123502Z Unknown key(s) "{'output_directory'}" at:
2025-08-20T17:42:26.2123980Z In "pydoc-markdown.yml"
2025-08-20T17:42:26.2124504Z   $: TypeHint(pydoc_markdown.PydocMarkdown)
2025-08-20T17:42:26.2125104Z   .renderer: TypeHint(pydoc_markdown.interfaces.Renderer)
2025-08-20T17:42:26.2125754Z   ^: TypeHint(pydoc_markdown.contrib.renderers.markdown.MarkdownRenderer)
2025-08-20T17:42:26.2126043Z 
2025-08-20T17:42:26.5768206Z <a id="__init__"></a>
2025-08-20T17:42:26.5768488Z 
2025-08-20T17:42:26.5768631Z # \_\_init\_\_
2025-08-20T17:42:26.5768866Z 
2025-08-20T17:42:26.5768993Z <a id="api"></a>
2025-08-20T17:42:26.5769242Z 
2025-08-20T17:42:26.5769382Z # api
2025-08-20T17:42:26.5769546Z 
2025-08-20T17:42:26.5769676Z <a id="api.errors"></a>
2025-08-20T17:42:26.5769829Z 
2025-08-20T17:42:26.5769909Z # api.errors
2025-08-20T17:42:26.5770033Z 
2025-08-20T17:42:26.5770132Z <a id="api.sentry_config"></a>
2025-08-20T17:42:26.5770583Z 
2025-08-20T17:42:26.5770678Z # api.sentry\_config
2025-08-20T17:42:26.5770824Z 
2025-08-20T17:42:26.5770944Z <a id="api.tests.test_stats_contracts"></a>
2025-08-20T17:42:26.5771158Z 
2025-08-20T17:42:26.5771580Z # api.tests.test\_stats\_contracts
2025-08-20T17:42:26.5771767Z 
2025-08-20T17:42:26.5771873Z <a id="api.tests.test_sentry_scrub"></a>
2025-08-20T17:42:26.5772152Z 
2025-08-20T17:42:26.5772249Z # api.tests.test\_sentry\_scrub
2025-08-20T17:42:26.5772417Z 
2025-08-20T17:42:26.5772526Z <a id="api.tests.test_roi_basic_auth"></a>
2025-08-20T17:42:26.5772736Z 
2025-08-20T17:42:26.5772833Z # api.tests.test\_roi\_basic\_auth
2025-08-20T17:42:26.5773009Z 
2025-08-20T17:42:26.5773117Z <a id="api.tests.test_errors_json"></a>
2025-08-20T17:42:26.5773312Z 
2025-08-20T17:42:26.5773405Z # api.tests.test\_errors\_json
2025-08-20T17:42:26.5773577Z 
2025-08-20T17:42:26.5773669Z <a id="api.tests.test_llm"></a>
2025-08-20T17:42:26.5773836Z 
2025-08-20T17:42:26.5773922Z # api.tests.test\_llm
2025-08-20T17:42:26.5774065Z 
2025-08-20T17:42:26.5774167Z <a id="api.tests.test_roi_filters"></a>
2025-08-20T17:42:26.5774358Z 
2025-08-20T17:42:26.5774455Z # api.tests.test\_roi\_filters
2025-08-20T17:42:26.5774615Z 
2025-08-20T17:42:26.5774731Z <a id="api.tests.test_sentry_event"></a>
2025-08-20T17:42:26.5774933Z 
2025-08-20T17:42:26.5775027Z # api.tests.test\_sentry\_event
2025-08-20T17:42:26.5775189Z 
2025-08-20T17:42:26.5775335Z <a id="api.tests.test_sentry_event.DummyTransport"></a>
2025-08-20T17:42:26.5775585Z 
2025-08-20T17:42:26.5775678Z ## DummyTransport Objects
2025-08-20T17:42:26.5775830Z 
2025-08-20T17:42:26.5775914Z ```python
2025-08-20T17:42:26.5776114Z class DummyTransport()
2025-08-20T17:42:26.5776336Z ```
2025-08-20T17:42:26.5776436Z 
2025-08-20T17:42:26.5776639Z <a id="api.tests.test_sentry_event.DummyTransport.capture_envelope"></a>
2025-08-20T17:42:26.5776957Z 
2025-08-20T17:42:26.5777045Z #### capture\_envelope
2025-08-20T17:42:26.5777182Z 
2025-08-20T17:42:26.5777264Z ```python
2025-08-20T17:42:26.5777467Z def capture_envelope(envelope)
2025-08-20T17:42:26.5777709Z ```
2025-08-20T17:42:26.5777806Z 
2025-08-20T17:42:26.5777950Z Capture events sent as envelopes by Sentry SDK >= 2.0.
2025-08-20T17:42:26.5778203Z 
2025-08-20T17:42:26.5778520Z <a id="api.tests.test_cors"></a>
2025-08-20T17:42:26.5778702Z 
2025-08-20T17:42:26.5778790Z # api.tests.test\_cors
2025-08-20T17:42:26.5778935Z 
2025-08-20T17:42:26.5779034Z <a id="api.tests.test_imports"></a>
2025-08-20T17:42:26.5779216Z 
2025-08-20T17:42:26.5779312Z # api.tests.test\_imports
2025-08-20T17:42:26.5779466Z 
2025-08-20T17:42:26.5779567Z <a id="api.tests.test_rate_limit"></a>
2025-08-20T17:42:26.5779756Z 
2025-08-20T17:42:26.5779855Z # api.tests.test\_rate\_limit
2025-08-20T17:42:26.5780021Z 
2025-08-20T17:42:26.5780131Z <a id="api.tests.test_rate_limit.app"></a>
2025-08-20T17:42:26.5780542Z 
2025-08-20T17:42:26.5780619Z #### app
2025-08-20T17:42:26.5780725Z 
2025-08-20T17:42:26.5780806Z noqa: E402
2025-08-20T17:42:26.5780911Z 
2025-08-20T17:42:26.5781013Z <a id="api.tests.test_stats_sql"></a>
2025-08-20T17:42:26.5781201Z 
2025-08-20T17:42:26.5781298Z # api.tests.test\_stats\_sql
2025-08-20T17:42:26.5781461Z 
2025-08-20T17:42:26.5781568Z <a id="api.tests.test_entrypoint"></a>
2025-08-20T17:42:26.5781771Z 
2025-08-20T17:42:26.5781862Z # api.tests.test\_entrypoint
2025-08-20T17:42:26.5782022Z 
2025-08-20T17:42:26.5782146Z <a id="api.tests.test_stats_future_contracts"></a>
2025-08-20T17:42:26.5782373Z 
2025-08-20T17:42:26.5782479Z # api.tests.test\_stats\_future\_contracts
2025-08-20T17:42:26.5782683Z 
2025-08-20T17:42:26.5782786Z <a id="api.tests.test_health"></a>
2025-08-20T17:42:26.5782964Z 
2025-08-20T17:42:26.5783051Z # api.tests.test\_health
2025-08-20T17:42:26.5783205Z 
2025-08-20T17:42:26.5783302Z <a id="api.tests.test_score"></a>
2025-08-20T17:42:26.5783474Z 
2025-08-20T17:42:26.5783561Z # api.tests.test\_score
2025-08-20T17:42:26.5783708Z 
2025-08-20T17:42:26.5783802Z <a id="api.logging_config"></a>
2025-08-20T17:42:26.5783966Z 
2025-08-20T17:42:26.5784056Z # api.logging\_config
2025-08-20T17:42:26.5784192Z 
2025-08-20T17:42:26.5784287Z <a id="api.migrations.env"></a>
2025-08-20T17:42:26.5784458Z 
2025-08-20T17:42:26.5784544Z # api.migrations.env
2025-08-20T17:42:26.5784819Z 
2025-08-20T17:42:26.5784955Z <a id="api.migrations.versions.0022_fix_roi_view"></a>
2025-08-20T17:42:26.5785185Z 
2025-08-20T17:42:26.5785292Z # api.migrations.versions.0022\_fix\_roi\_view
2025-08-20T17:42:26.5785473Z 
2025-08-20T17:42:26.5785587Z <a id="api.migrations.versions.0004_fee_cron"></a>
2025-08-20T17:42:26.5785788Z 
2025-08-20T17:42:26.5785889Z # api.migrations.versions.0004\_fee\_cron
2025-08-20T17:42:26.5786067Z 
2025-08-20T17:42:26.5786221Z <a id="api.migrations.versions.3e9d5c5aff2c_rename_fulf_fee"></a>
2025-08-20T17:42:26.5786453Z 
2025-08-20T17:42:26.5786595Z # api.migrations.versions.3e9d5c5aff2c\_rename\_fulf\_fee
2025-08-20T17:42:26.5786811Z 
2025-08-20T17:42:26.5786935Z <a id="api.migrations.versions.0003_vendor_prices"></a>
2025-08-20T17:42:26.5787132Z 
2025-08-20T17:42:26.5787245Z # api.migrations.versions.0003\_vendor\_prices
2025-08-20T17:42:26.5787425Z 
2025-08-20T17:42:26.5787544Z <a id="api.migrations.versions.0024_create_buybox"></a>
2025-08-20T17:42:26.5787759Z 
2025-08-20T17:42:26.5787867Z # api.migrations.versions.0024\_create\_buybox
2025-08-20T17:42:26.5788153Z 
2025-08-20T17:42:26.5788279Z <a id="api.migrations.versions.0002_create_roi_view"></a>
2025-08-20T17:42:26.5788478Z 
2025-08-20T17:42:26.5788588Z # api.migrations.versions.0002\_create\_roi\_view
2025-08-20T17:42:26.5788778Z 
2025-08-20T17:42:26.5788894Z <a id="api.migrations.versions.0006_fix_roi_views"></a>
2025-08-20T17:42:26.5789083Z 
2025-08-20T17:42:26.5789200Z # api.migrations.versions.0006\_fix\_roi\_views
2025-08-20T17:42:26.5789387Z 
2025-08-20T17:42:26.5789511Z <a id="api.migrations.versions.0020_unified_schema"></a>
2025-08-20T17:42:26.5789713Z 
2025-08-20T17:42:26.5789818Z # api.migrations.versions.0020\_unified\_schema
2025-08-20T17:42:26.5789997Z 
2025-08-20T17:42:26.5790140Z <a id="api.migrations.versions.0025_pr4_indexes_loadlog"></a>
2025-08-20T17:42:26.5790505Z 
2025-08-20T17:42:26.5790629Z # api.migrations.versions.0025\_pr4\_indexes\_loadlog
2025-08-20T17:42:26.5790828Z 
2025-08-20T17:42:26.5791098Z <a id="api.migrations.versions.0023_add_storage_fee"></a>
2025-08-20T17:42:26.5791311Z 
2025-08-20T17:42:26.5791427Z # api.migrations.versions.0023\_add\_storage\_fee
2025-08-20T17:42:26.5791625Z 
2025-08-20T17:42:26.5791763Z <a id="api.migrations.versions.0026_amazon_new_reports"></a>
2025-08-20T17:42:26.5791984Z 
2025-08-20T17:42:26.5792111Z # api.migrations.versions.0026\_amazon\_new\_reports
2025-08-20T17:42:26.5792306Z 
2025-08-20T17:42:26.5792417Z <a id="api.migrations.versions.0001_baseline"></a>
2025-08-20T17:42:26.5792606Z 
2025-08-20T17:42:26.5792709Z # api.migrations.versions.0001\_baseline
2025-08-20T17:42:26.5792888Z 
2025-08-20T17:42:26.5792984Z <a id="api.migrations.versions"></a>
2025-08-20T17:42:26.5793187Z 
2025-08-20T17:42:26.5793334Z # api.migrations.versions
2025-08-20T17:42:26.5793540Z 
2025-08-20T17:42:26.5793626Z <a id="api.migrations"></a>
2025-08-20T17:42:26.5793786Z 
2025-08-20T17:42:26.5793871Z # api.migrations
2025-08-20T17:42:26.5793977Z 
2025-08-20T17:42:26.5794065Z <a id="api.db"></a>
2025-08-20T17:42:26.5794174Z 
2025-08-20T17:42:26.5794238Z # api.db
2025-08-20T17:42:26.5794333Z 
2025-08-20T17:42:26.5794415Z <a id="api.routes.score"></a>
2025-08-20T17:42:26.5794551Z 
2025-08-20T17:42:26.5794630Z # api.routes.score
2025-08-20T17:42:26.5794736Z 
2025-08-20T17:42:26.5794816Z <a id="api.routes.stats"></a>
2025-08-20T17:42:26.5794949Z 
2025-08-20T17:42:26.5795025Z # api.routes.stats
2025-08-20T17:42:26.5795128Z 
2025-08-20T17:42:26.5795205Z <a id="api.routes.roi"></a>
2025-08-20T17:42:26.5795339Z 
2025-08-20T17:42:26.5795407Z # api.routes.roi
2025-08-20T17:42:26.5795510Z 
2025-08-20T17:42:26.5795592Z <a id="api.routes.health"></a>
2025-08-20T17:42:26.5795740Z 
2025-08-20T17:42:26.5795812Z # api.routes.health
2025-08-20T17:42:26.5795918Z 
2025-08-20T17:42:26.5796017Z <a id="api.routes.health.MAX_SKEW"></a>
2025-08-20T17:42:26.5796181Z 
2025-08-20T17:42:26.5796246Z #### MAX\_SKEW
2025-08-20T17:42:26.5796349Z 
2025-08-20T17:42:26.5796413Z seconds
2025-08-20T17:42:26.5796636Z 
2025-08-20T17:42:26.5796731Z <a id="api.routes.health.health"></a>
2025-08-20T17:42:26.5796896Z 
2025-08-20T17:42:26.5796960Z #### health
2025-08-20T17:42:26.5797051Z 
2025-08-20T17:42:26.5797123Z ```python
2025-08-20T17:42:26.5797324Z @router.get("/health", include_in_schema=False)
2025-08-20T17:42:26.5797717Z async def health(session: AsyncSession = Depends(get_session)) -> JSONResponse
2025-08-20T17:42:26.5798077Z ```
2025-08-20T17:42:26.5798163Z 
2025-08-20T17:42:26.5798280Z Return 200 when DB reachable and clocks are in sync.
2025-08-20T17:42:26.5798473Z 
2025-08-20T17:42:26.5798569Z <a id="api.routes.repository"></a>
2025-08-20T17:42:26.5798727Z 
2025-08-20T17:42:26.5798806Z # api.routes.repository
2025-08-20T17:42:26.5798938Z 
2025-08-20T17:42:26.5799017Z <a id="api.routes"></a>
2025-08-20T17:42:26.5799140Z 
2025-08-20T17:42:26.5799214Z # api.routes
2025-08-20T17:42:26.5799316Z 
2025-08-20T17:42:26.5799400Z <a id="api.models.fee"></a>
2025-08-20T17:42:26.5799535Z 
2025-08-20T17:42:26.5799616Z # api.models.fee
2025-08-20T17:42:26.5799728Z 
2025-08-20T17:42:26.5799802Z <a id="api.models"></a>
2025-08-20T17:42:26.5799927Z 
2025-08-20T17:42:26.5799994Z # api.models
2025-08-20T17:42:26.5800089Z 
2025-08-20T17:42:26.5800170Z <a id="api.roi_repository"></a>
2025-08-20T17:42:26.5800464Z 
2025-08-20T17:42:26.5800540Z # api.roi\_repository
2025-08-20T17:42:26.5800664Z 
2025-08-20T17:42:26.5800739Z <a id="api.main"></a>
2025-08-20T17:42:26.5800851Z 
2025-08-20T17:42:26.5800918Z # api.main
2025-08-20T17:42:26.5801017Z 
2025-08-20T17:42:26.5801095Z <a id="api.main.ready"></a>
2025-08-20T17:42:26.5801225Z 
2025-08-20T17:42:26.5801288Z #### ready
2025-08-20T17:42:26.5801385Z 
2025-08-20T17:42:26.5801450Z ```python
2025-08-20T17:42:26.5801720Z @app.get("/ready", status_code=status.HTTP_200_OK, include_in_schema=False)
2025-08-20T17:42:26.5802149Z async def ready(session: AsyncSession = Depends(get_session)) -> dict[str,
2025-08-20T17:42:26.5802499Z                                                                       str]
2025-08-20T17:42:26.5802850Z ```
2025-08-20T17:42:26.5802942Z 
2025-08-20T17:42:26.5803042Z Return 200 only when migrations are at head.
2025-08-20T17:42:26.5803214Z 
2025-08-20T17:42:26.5803289Z <a id="api.config"></a>
2025-08-20T17:42:26.5803413Z 
2025-08-20T17:42:26.5803479Z # api.config
2025-08-20T17:42:26.5803574Z 
2025-08-20T17:42:26.5803661Z <a id="api.security"></a>
2025-08-20T17:42:26.5803792Z 
2025-08-20T17:42:26.5803860Z # api.security
2025-08-20T17:42:26.5803960Z 
2025-08-20T17:42:26.5804033Z <a id="etl"></a>
2025-08-20T17:42:26.5804135Z 
2025-08-20T17:42:26.5804199Z # etl
2025-08-20T17:42:26.5804291Z 
2025-08-20T17:42:26.5804376Z <a id="etl.fba_fee_ingestor"></a>
2025-08-20T17:42:26.5804523Z 
2025-08-20T17:42:26.5804604Z # etl.fba\_fee\_ingestor
2025-08-20T17:42:26.5804726Z 
2025-08-20T17:42:26.5804809Z <a id="etl.sp_fees_ingestor"></a>
2025-08-20T17:42:26.5804954Z 
2025-08-20T17:42:26.5805033Z # etl.sp\_fees\_ingestor
2025-08-20T17:42:26.5805153Z 
2025-08-20T17:42:26.5805240Z <a id="etl.keepa_ingestor"></a>
2025-08-20T17:42:26.5805389Z 
2025-08-20T17:42:26.5805461Z # etl.keepa\_ingestor
2025-08-20T17:42:26.5805576Z 
2025-08-20T17:42:26.5805644Z <a id="etl.db"></a>
2025-08-20T17:42:26.5805756Z 
2025-08-20T17:42:26.5805820Z # etl.db
2025-08-20T17:42:26.5805909Z 
2025-08-20T17:42:26.5805999Z <a id="etl.dialects.schemas"></a>
2025-08-20T17:42:26.5806145Z 
2025-08-20T17:42:26.5806222Z # etl.dialects.schemas
2025-08-20T17:42:26.5806344Z 
2025-08-20T17:42:26.5806452Z <a id="etl.dialects.amazon_reimbursements"></a>
2025-08-20T17:42:26.5806633Z 
2025-08-20T17:42:26.5806725Z # etl.dialects.amazon\_reimbursements
2025-08-20T17:42:26.5806889Z 
2025-08-20T17:42:26.5806984Z <a id="etl.dialects.amazon_ads_sp_cost"></a>
2025-08-20T17:42:26.5807160Z 
2025-08-20T17:42:26.5807259Z # etl.dialects.amazon\_ads\_sp\_cost
2025-08-20T17:42:26.5807418Z 
2025-08-20T17:42:26.5807510Z <a id="etl.dialects.test_generic"></a>
2025-08-20T17:42:26.5807676Z 
2025-08-20T17:42:26.5807758Z # etl.dialects.test\_generic
2025-08-20T17:42:26.5808049Z 
2025-08-20T17:42:26.5808142Z <a id="etl.dialects.amazon_returns"></a>
2025-08-20T17:42:26.5808315Z 
2025-08-20T17:42:26.5808402Z # etl.dialects.amazon\_returns
2025-08-20T17:42:26.5808542Z 
2025-08-20T17:42:26.5808647Z <a id="etl.dialects.amazon_fee_preview"></a>
2025-08-20T17:42:26.5808818Z 
2025-08-20T17:42:26.5808905Z # etl.dialects.amazon\_fee\_preview
2025-08-20T17:42:26.5809064Z 
2025-08-20T17:42:26.5809172Z <a id="etl.dialects.amazon_inventory_ledger"></a>
2025-08-20T17:42:26.5809352Z 
2025-08-20T17:42:26.5809444Z # etl.dialects.amazon\_inventory\_ledger
2025-08-20T17:42:26.5809611Z 
2025-08-20T17:42:26.5809707Z <a id="etl.dialects.amazon_settlements"></a>
2025-08-20T17:42:26.5809876Z 
2025-08-20T17:42:26.5809969Z # etl.dialects.amazon\_settlements
2025-08-20T17:42:26.5810118Z 
2025-08-20T17:42:26.5810196Z <a id="etl.dialects"></a>
2025-08-20T17:42:26.5810468Z 
2025-08-20T17:42:26.5810537Z # etl.dialects
2025-08-20T17:42:26.5810641Z 
2025-08-20T17:42:26.5810710Z <a id="ingest"></a>
2025-08-20T17:42:26.5810838Z 
2025-08-20T17:42:26.5810905Z # ingest
2025-08-20T17:42:26.5810994Z 
2025-08-20T17:42:26.5811085Z <a id="ingest.maintenance"></a>
2025-08-20T17:42:26.5811227Z 
2025-08-20T17:42:26.5811302Z # ingest.maintenance
2025-08-20T17:42:26.5811418Z 
2025-08-20T17:42:26.5811507Z <a id="ingest.copy_loader"></a>
2025-08-20T17:42:26.5811645Z 
2025-08-20T17:42:26.5811719Z # ingest.copy\_loader
2025-08-20T17:42:26.5811843Z 
2025-08-20T17:42:26.5811949Z <a id="ingest.copy_loader.copy_df_via_temp"></a>
2025-08-20T17:42:26.5812136Z 
2025-08-20T17:42:26.5812220Z #### copy\_df\_via\_temp
2025-08-20T17:42:26.5812348Z 
2025-08-20T17:42:26.5812413Z ```python
2025-08-20T17:42:26.5812593Z def copy_df_via_temp(engine: Engine,
2025-08-20T17:42:26.5812829Z                      df: pd.DataFrame,
2025-08-20T17:42:26.5813155Z                      target_table: str,
2025-08-20T17:42:26.5813466Z                      *,
2025-08-20T17:42:26.5813680Z                      target_schema: Optional[str] = None,
2025-08-20T17:42:26.5814082Z                      columns: Sequence[str],
2025-08-20T17:42:26.5814360Z                      conflict_cols: Optional[Sequence[str]] = None,
2025-08-20T17:42:26.5814642Z                      analyze_after: bool = False,
2025-08-20T17:42:26.5814909Z                      connection: Any | None = None) -> int
2025-08-20T17:42:26.5815152Z ```
2025-08-20T17:42:26.5815239Z 
2025-08-20T17:42:26.5815393Z Bulk load *df* into *target_table* using COPY and a staging table.
2025-08-20T17:42:26.5815636Z 
2025-08-20T17:42:26.5815724Z <a id="ingest.tests.test_smoke"></a>
2025-08-20T17:42:26.5815882Z 
2025-08-20T17:42:26.5815971Z # ingest.tests.test\_smoke
2025-08-20T17:42:26.5816102Z 
2025-08-20T17:42:26.5816183Z <a id="ingest.tests"></a>
2025-08-20T17:42:26.5816310Z 
2025-08-20T17:42:26.5816384Z # ingest.tests
2025-08-20T17:42:26.5816484Z 
2025-08-20T17:42:26.5816571Z <a id="ingest.upload_router"></a>
2025-08-20T17:42:26.5816727Z 
2025-08-20T17:42:26.5816804Z # ingest.upload\_router
2025-08-20T17:42:26.5816934Z 
2025-08-20T17:42:26.5817018Z <a id="ingest.email_watcher"></a>
2025-08-20T17:42:26.5817169Z 
2025-08-20T17:42:26.5817244Z # ingest.email\_watcher
2025-08-20T17:42:26.5817359Z 
2025-08-20T17:42:26.5817454Z <a id="ingest.email_watcher.main"></a>
2025-08-20T17:42:26.5817614Z 
2025-08-20T17:42:26.5817679Z #### main
2025-08-20T17:42:26.5817775Z 
2025-08-20T17:42:26.5817840Z ```python
2025-08-20T17:42:26.5818006Z def main() -> dict[str, str]
2025-08-20T17:42:26.5818210Z ```
2025-08-20T17:42:26.5818295Z 
2025-08-20T17:42:26.5818435Z Upload CSV/XLSX attachments to MinIO and trigger ingestion.
2025-08-20T17:42:26.5818668Z 
2025-08-20T17:42:26.5818798Z Returns {"status": "success"} when processing completes.
2025-08-20T17:42:26.5819003Z 
2025-08-20T17:42:26.5819086Z <a id="ingest.tasks"></a>
2025-08-20T17:42:26.5819211Z 
2025-08-20T17:42:26.5819279Z # ingest.tasks
2025-08-20T17:42:26.5819399Z 
2025-08-20T17:42:26.5819500Z <a id="ingest.tasks.task_import_file"></a>
2025-08-20T17:42:26.5819678Z 
2025-08-20T17:42:26.5819886Z #### task\_import\_file
2025-08-20T17:42:26.5820005Z 
2025-08-20T17:42:26.5820076Z ```python
2025-08-20T17:42:26.5820437Z @celery_app.task(name="ingest.import_file", bind=True)
2025-08-20T17:42:26.5820727Z def task_import_file(self: Any,
2025-08-20T17:42:26.5820937Z                      uri: str,
2025-08-20T17:42:26.5821160Z                      report_type: str | None = None,
2025-08-20T17:42:26.5821427Z                      force: bool = False) -> dict[str, Any]
2025-08-20T17:42:26.5821676Z ```
2025-08-20T17:42:26.5821763Z 
2025-08-20T17:42:26.5821902Z Import a file into Postgres using existing ETL pipeline.
2025-08-20T17:42:26.5822109Z 
2025-08-20T17:42:26.5822195Z <a id="ingest.celery_app"></a>
2025-08-20T17:42:26.5822340Z 
2025-08-20T17:42:26.5822420Z # ingest.celery\_app
2025-08-20T17:42:26.5822537Z 
2025-08-20T17:42:26.5822624Z <a id="ingest.ingest_router"></a>
2025-08-20T17:42:26.5822779Z 
2025-08-20T17:42:26.5822856Z # ingest.ingest\_router
2025-08-20T17:42:26.5822977Z 
2025-08-20T17:42:26.5823071Z <a id="logistics_etl"></a>
2025-08-20T17:42:26.5823199Z 
2025-08-20T17:42:26.5823269Z # logistics\_etl
2025-08-20T17:42:26.5823376Z 
2025-08-20T17:42:26.5823461Z Daily logistics ETL job.
2025-08-20T17:42:26.5823584Z 
2025-08-20T17:42:26.5823667Z <a id="logistics_etl.__main__"></a>
2025-08-20T17:42:26.5823825Z 
2025-08-20T17:42:26.5823904Z # logistics\_etl.\_\_main\_\_
2025-08-20T17:42:26.5824039Z 
2025-08-20T17:42:26.5824119Z <a id="logistics_etl.dsn"></a>
2025-08-20T17:42:26.5824259Z 
2025-08-20T17:42:26.5824329Z # logistics\_etl.dsn
2025-08-20T17:42:26.5824441Z 
2025-08-20T17:42:26.5824563Z Local DSN builder to avoid cross-service dependency.
2025-08-20T17:42:26.5824760Z 
2025-08-20T17:42:26.5824849Z <a id="logistics_etl.dsn.build_dsn"></a>
2025-08-20T17:42:26.5825019Z 
2025-08-20T17:42:26.5825085Z #### build\_dsn
2025-08-20T17:42:26.5825188Z 
2025-08-20T17:42:26.5825254Z ```python
2025-08-20T17:42:26.5825435Z def build_dsn(sync: bool = True) -> str
2025-08-20T17:42:26.5825662Z ```
2025-08-20T17:42:26.5825869Z 
2025-08-20T17:42:26.5826010Z Return a Postgres DSN assembled from environment variables.
2025-08-20T17:42:26.5826230Z 
2025-08-20T17:42:26.5826381Z Prefers explicit DSNs via ``PG_SYNC_DSN``/``PG_ASYNC_DSN`` or
2025-08-20T17:42:26.5826768Z ``DATABASE_URL``. Falls back to individual PG_* settings and raises an
2025-08-20T17:42:26.5827111Z error when any required variable is missing.
2025-08-20T17:42:26.5827283Z 
2025-08-20T17:42:26.5827377Z <a id="logistics_etl.tests.conftest"></a>
2025-08-20T17:42:26.5827551Z 
2025-08-20T17:42:26.5827636Z # logistics\_etl.tests.conftest
2025-08-20T17:42:26.5827778Z 
2025-08-20T17:42:26.5827890Z <a id="logistics_etl.tests.test_repository"></a>
2025-08-20T17:42:26.5828076Z 
2025-08-20T17:42:26.5828169Z # logistics\_etl.tests.test\_repository
2025-08-20T17:42:26.5828339Z 
2025-08-20T17:42:26.5828433Z <a id="logistics_etl.tests.test_cron"></a>
2025-08-20T17:42:26.5828601Z 
2025-08-20T17:42:26.5828684Z # logistics\_etl.tests.test\_cron
2025-08-20T17:42:26.5828843Z 
2025-08-20T17:42:26.5828947Z <a id="logistics_etl.tests.test_imports"></a>
2025-08-20T17:42:26.5829122Z 
2025-08-20T17:42:26.5829214Z # logistics\_etl.tests.test\_imports
2025-08-20T17:42:26.5829369Z 
2025-08-20T17:42:26.5829461Z <a id="logistics_etl.tests.test_smoke"></a>
2025-08-20T17:42:26.5829633Z 
2025-08-20T17:42:26.5829717Z # logistics\_etl.tests.test\_smoke
2025-08-20T17:42:26.5829866Z 
2025-08-20T17:42:26.5829960Z <a id="logistics_etl.tests.test_client"></a>
2025-08-20T17:42:26.5830135Z 
2025-08-20T17:42:26.5830336Z # logistics\_etl.tests.test\_client
2025-08-20T17:42:26.5830490Z 
2025-08-20T17:42:26.5830579Z <a id="logistics_etl.tests"></a>
2025-08-20T17:42:26.5830722Z 
2025-08-20T17:42:26.5830796Z # logistics\_etl.tests
2025-08-20T17:42:26.5830919Z 
2025-08-20T17:42:26.5830999Z <a id="logistics_etl.flow"></a>
2025-08-20T17:42:26.5831140Z 
2025-08-20T17:42:26.5831213Z # logistics\_etl.flow
2025-08-20T17:42:26.5831335Z 
2025-08-20T17:42:26.5831419Z <a id="logistics_etl.client"></a>
2025-08-20T17:42:26.5831702Z 
2025-08-20T17:42:26.5909657Z # logistics\_etl.client
2025-08-20T17:42:26.5909935Z 
2025-08-20T17:42:26.5910114Z <a id="logistics_etl.cron"></a>
2025-08-20T17:42:26.5910595Z 
2025-08-20T17:42:26.5910744Z # logistics\_etl.cron
2025-08-20T17:42:26.5910998Z 
2025-08-20T17:42:26.5911171Z <a id="logistics_etl.db"></a>
2025-08-20T17:42:26.5911417Z 
2025-08-20T17:42:26.5911508Z # logistics\_etl.db
2025-08-20T17:42:26.5911657Z 
2025-08-20T17:42:26.5911774Z <a id="logistics_etl.repository"></a>
2025-08-20T17:42:26.5911981Z 
2025-08-20T17:42:26.5912094Z # logistics\_etl.repository
2025-08-20T17:42:26.5912271Z 
2025-08-20T17:42:26.5912362Z <a id="alert_bot"></a>
2025-08-20T17:42:26.5912508Z 
2025-08-20T17:42:26.5912599Z # alert\_bot
2025-08-20T17:42:26.5912725Z 
2025-08-20T17:42:26.5912836Z <a id="alert_bot.tests.test_smoke"></a>
2025-08-20T17:42:26.5913110Z 
2025-08-20T17:42:26.5913294Z # alert\_bot.tests.test\_smoke
2025-08-20T17:42:26.5913519Z 
2025-08-20T17:42:26.5913620Z <a id="alert_bot.tests"></a>
2025-08-20T17:42:26.5913817Z 
2025-08-20T17:42:26.5913905Z # alert\_bot.tests
2025-08-20T17:42:26.5914039Z 
2025-08-20T17:42:26.5914149Z <a id="alert_bot.alert_bot"></a>
2025-08-20T17:42:26.5914326Z 
2025-08-20T17:42:26.5914418Z # alert\_bot.alert\_bot
2025-08-20T17:42:26.5914575Z 
2025-08-20T17:42:26.5914671Z <a id="alert_bot.rules"></a>
2025-08-20T17:42:26.5914834Z 
2025-08-20T17:42:26.5914919Z # alert\_bot.rules
2025-08-20T17:42:26.5915029Z 
2025-08-20T17:42:26.5915098Z <a id="common"></a>
2025-08-20T17:42:26.5915204Z 
2025-08-20T17:42:26.5915272Z # common
2025-08-20T17:42:26.5915361Z 
2025-08-20T17:42:26.5915437Z <a id="common.dsn"></a>
2025-08-20T17:42:26.5915556Z 
2025-08-20T17:42:26.5915628Z # common.dsn
2025-08-20T17:42:26.5915726Z 
2025-08-20T17:42:26.5915814Z <a id="common.dsn.build_dsn"></a>
2025-08-20T17:42:26.5915979Z 
2025-08-20T17:42:26.5916046Z #### build\_dsn
2025-08-20T17:42:26.5916150Z 
2025-08-20T17:42:26.5916223Z ```python
2025-08-20T17:42:26.5916405Z def build_dsn(sync: bool = True) -> str
2025-08-20T17:42:26.5916815Z ```
2025-08-20T17:42:26.5916907Z 
2025-08-20T17:42:26.5917032Z Return a Postgres DSN, validating required variables.
2025-08-20T17:42:26.5917244Z 
2025-08-20T17:42:26.5917432Z The function prefers explicit DSNs via ``PG_SYNC_DSN`` / ``PG_ASYNC_DSN`` or
2025-08-20T17:42:26.5917862Z ``DATABASE_URL``.  If those are absent it assembles a connection string from
2025-08-20T17:42:26.5918273Z ``PG_HOST`` and related variables and raises a helpful error when any are
2025-08-20T17:42:26.5918588Z missing.
2025-08-20T17:42:26.5918675Z 
2025-08-20T17:42:26.5918760Z <a id="common.models_vendor"></a>
2025-08-20T17:42:26.5918912Z 
2025-08-20T17:42:26.5919000Z # common.models\_vendor
2025-08-20T17:42:26.5919124Z 
2025-08-20T17:42:26.5919217Z <a id="common.models_vendor.Vendor"></a>
2025-08-20T17:42:26.5919394Z 
2025-08-20T17:42:26.5919464Z ## Vendor Objects
2025-08-20T17:42:26.5919574Z 
2025-08-20T17:42:26.5919641Z ```python
2025-08-20T17:42:26.5919871Z class Vendor(Base)
2025-08-20T17:42:26.5920055Z ```
2025-08-20T17:42:26.5920141Z 
2025-08-20T17:42:26.5920364Z Vendor of inventory items.
2025-08-20T17:42:26.5920500Z 
2025-08-20T17:42:26.5920611Z <a id="common.models_vendor.VendorPrice"></a>
2025-08-20T17:42:26.5920792Z 
2025-08-20T17:42:26.5920868Z ## VendorPrice Objects
2025-08-20T17:42:26.5920994Z 
2025-08-20T17:42:26.5921060Z ```python
2025-08-20T17:42:26.5921227Z class VendorPrice(Base)
2025-08-20T17:42:26.5921406Z ```
2025-08-20T17:42:26.5921489Z 
2025-08-20T17:42:26.5921597Z Association table linking vendors to pricing.
2025-08-20T17:42:26.5921782Z 
2025-08-20T17:42:26.5921859Z <a id="common.db_url"></a>
2025-08-20T17:42:26.5921991Z 
2025-08-20T17:42:26.5922061Z # common.db\_url
2025-08-20T17:42:26.5922167Z 
2025-08-20T17:42:26.5922252Z <a id="common.db_url.build_url"></a>
2025-08-20T17:42:26.5922413Z 
2025-08-20T17:42:26.5922480Z #### build\_url
2025-08-20T17:42:26.5922582Z 
2025-08-20T17:42:26.5922653Z ```python
2025-08-20T17:42:26.5922827Z def build_url(async_: bool = True) -> str
2025-08-20T17:42:26.5923193Z ```
2025-08-20T17:42:26.5923276Z 
2025-08-20T17:42:26.5923385Z Return Postgres DSN from environment variables.
2025-08-20T17:42:26.5923577Z 
2025-08-20T17:42:26.5923657Z <a id="common.keepa"></a>
2025-08-20T17:42:26.5923783Z 
2025-08-20T17:42:26.5923852Z # common.keepa
2025-08-20T17:42:26.5923975Z 
2025-08-20T17:42:26.5924049Z <a id="common.llm"></a>
2025-08-20T17:42:26.5924167Z 
2025-08-20T17:42:26.5924240Z # common.llm
2025-08-20T17:42:26.5924337Z 
2025-08-20T17:42:26.5924418Z <a id="common.settings"></a>
2025-08-20T17:42:26.5924559Z 
2025-08-20T17:42:26.5924629Z # common.settings
2025-08-20T17:42:26.5924735Z 
2025-08-20T17:42:26.5924809Z <a id="common.db"></a>
2025-08-20T17:42:26.5924932Z 
2025-08-20T17:42:26.5925006Z # common.db
2025-08-20T17:42:26.5925100Z 
2025-08-20T17:42:26.5925202Z <a id="common.db.build_sqlalchemy_url"></a>
2025-08-20T17:42:26.5925381Z 
2025-08-20T17:42:26.5925465Z #### build\_sqlalchemy\_url
2025-08-20T17:42:26.5925600Z 
2025-08-20T17:42:26.5925674Z ```python
2025-08-20T17:42:26.5925865Z def build_sqlalchemy_url() -> str
2025-08-20T17:42:26.5926083Z ```
2025-08-20T17:42:26.5926169Z 
2025-08-20T17:42:26.5926300Z Return Postgres URL for SQLAlchemy engines.
2025-08-20T17:42:26.5926482Z 
2025-08-20T17:42:26.5926577Z <a id="common.db.build_asyncpg_dsn"></a>
2025-08-20T17:42:26.5926744Z 
2025-08-20T17:42:26.5926825Z #### build\_asyncpg\_dsn
2025-08-20T17:42:26.5926950Z 
2025-08-20T17:42:26.5927016Z ```python
2025-08-20T17:42:26.5927193Z def build_asyncpg_dsn() -> str
2025-08-20T17:42:26.5927397Z ```
2025-08-20T17:42:26.5927486Z 
2025-08-20T17:42:26.5927616Z Return DSN suitable for asyncpg (without driver suffix).
2025-08-20T17:42:26.5927827Z 
2025-08-20T17:42:26.5927915Z <a id="common.db.refresh_mvs"></a>
2025-08-20T17:42:26.5928073Z 
2025-08-20T17:42:26.5928142Z #### refresh\_mvs
2025-08-20T17:42:26.5928246Z 
2025-08-20T17:42:26.5928316Z ```python
2025-08-20T17:42:26.5928515Z def refresh_mvs(conn: Engine | Connection) -> None
2025-08-20T17:42:26.5928771Z ```
2025-08-20T17:42:26.5928971Z 
2025-08-20T17:42:26.5929112Z Refresh materialized views, using CONCURRENTLY when safe.
2025-08-20T17:42:26.5929336Z 
2025-08-20T17:42:26.5929415Z <a id="common.config"></a>
2025-08-20T17:42:26.5929546Z 
2025-08-20T17:42:26.5929623Z # common.config
2025-08-20T17:42:26.5929727Z 
2025-08-20T17:42:26.5929804Z <a id="common.base"></a>
2025-08-20T17:42:26.5929926Z 
2025-08-20T17:42:26.5929999Z # common.base
2025-08-20T17:42:26.5930098Z 
2025-08-20T17:42:26.5930179Z <a id="common.base.Base"></a>
2025-08-20T17:42:26.5930427Z 
2025-08-20T17:42:26.5930495Z ## Base Objects
2025-08-20T17:42:26.5930596Z 
2025-08-20T17:42:26.5930661Z ```python
2025-08-20T17:42:26.5930842Z class Base(DeclarativeBase)
2025-08-20T17:42:26.5931040Z ```
2025-08-20T17:42:26.5931122Z 
2025-08-20T17:42:26.5931208Z Base class for SQLAlchemy models.
2025-08-20T17:42:26.5931357Z 
2025-08-20T17:42:26.5931440Z <a id="repricer"></a>
2025-08-20T17:42:26.5931557Z 
2025-08-20T17:42:26.5931622Z # repricer
2025-08-20T17:42:26.5931719Z 
2025-08-20T17:42:26.5931822Z <a id="repricer.app.schemas"></a>
2025-08-20T17:42:26.5931971Z 
2025-08-20T17:42:26.5932050Z # repricer.app.schemas
2025-08-20T17:42:26.5932181Z 
2025-08-20T17:42:26.5932267Z <a id="repricer.app.deps"></a>
2025-08-20T17:42:26.5932413Z 
2025-08-20T17:42:26.5932495Z # repricer.app.deps
2025-08-20T17:42:26.5932609Z 
2025-08-20T17:42:26.5932732Z Placeholder module for Keepa / SP-API clients.
2025-08-20T17:42:26.5932929Z 
2025-08-20T17:42:26.5933015Z <a id="repricer.app.logic"></a>
2025-08-20T17:42:26.5933162Z 
2025-08-20T17:42:26.5933238Z # repricer.app.logic
2025-08-20T17:42:26.5933365Z 
2025-08-20T17:42:26.5933464Z <a id="repricer.app.logic.MIN_MARGIN"></a>
2025-08-20T17:42:26.5933643Z 
2025-08-20T17:42:26.5933717Z #### MIN\_MARGIN
2025-08-20T17:42:26.5933824Z 
2025-08-20T17:42:26.5933888Z 15 % ROI
2025-08-20T17:42:26.5933984Z 
2025-08-20T17:42:26.5934091Z <a id="repricer.app.logic.compute_price"></a>
2025-08-20T17:42:26.5934277Z 
2025-08-20T17:42:26.5934349Z #### compute\_price
2025-08-20T17:42:26.5934659Z 
2025-08-20T17:42:26.5934724Z ```python
2025-08-20T17:42:26.5934978Z def compute_price(asin: str, cost: Decimal, fees: Decimal) -> Decimal
2025-08-20T17:42:26.5935284Z ```
2025-08-20T17:42:26.5935368Z 
2025-08-20T17:42:26.5935484Z Toy algorithm: ensure 15 % ROI and round to cents.
2025-08-20T17:42:26.5935765Z Replace with real competitive logic later.
2025-08-20T17:42:26.5935943Z 
2025-08-20T17:42:26.5936029Z <a id="repricer.app.main"></a>
2025-08-20T17:42:26.5936174Z 
2025-08-20T17:42:26.5936248Z # repricer.app.main
2025-08-20T17:42:26.5936367Z 
2025-08-20T17:42:26.5936446Z <a id="repricer.app"></a>
2025-08-20T17:42:26.5936574Z 
2025-08-20T17:42:26.5936651Z # repricer.app
2025-08-20T17:42:26.5936752Z 
2025-08-20T17:42:26.5936845Z <a id="repricer.tests.test_imports"></a>
2025-08-20T17:42:26.5937018Z 
2025-08-20T17:42:26.5937099Z # repricer.tests.test\_imports
2025-08-20T17:42:26.5937239Z 
2025-08-20T17:42:26.5937328Z <a id="repricer.tests.test_smoke"></a>
2025-08-20T17:42:26.5937499Z 
2025-08-20T17:42:26.5937590Z # repricer.tests.test\_smoke
2025-08-20T17:42:26.5937729Z 
2025-08-20T17:42:26.5937816Z <a id="repricer.tests"></a>
2025-08-20T17:42:26.5937949Z 
2025-08-20T17:42:26.5938019Z # repricer.tests
2025-08-20T17:42:26.5938124Z 
2025-08-20T17:42:26.5938196Z <a id="db"></a>
2025-08-20T17:42:26.5938296Z 
2025-08-20T17:42:26.5938358Z # db
2025-08-20T17:42:26.5938449Z 
2025-08-20T17:42:26.5938526Z <a id="db.utils.views"></a>
2025-08-20T17:42:26.5938658Z 
2025-08-20T17:42:26.5938731Z # db.utils.views
2025-08-20T17:42:26.5938832Z 
2025-08-20T17:42:26.5938926Z <a id="db.utils.views.replace_view"></a>
2025-08-20T17:42:26.5939093Z 
2025-08-20T17:42:26.5939168Z #### replace\_view
2025-08-20T17:42:26.5939275Z 
2025-08-20T17:42:26.5939339Z ```python
2025-08-20T17:42:26.5939539Z def replace_view(name: str, new_sql: str) -> None
2025-08-20T17:42:26.5939788Z ```
2025-08-20T17:42:26.5939879Z 
2025-08-20T17:42:26.5939973Z Drop and recreate a SQL view atomically.
2025-08-20T17:42:26.5940143Z 
2025-08-20T17:42:26.5940446Z <a id="db.utils"></a>
2025-08-20T17:42:26.5940569Z 
2025-08-20T17:42:26.5940634Z # db.utils
2025-08-20T17:42:26.5940723Z 
2025-08-20T17:42:26.5940811Z <a id="price_importer"></a>
2025-08-20T17:42:26.5940941Z 
2025-08-20T17:42:26.5941012Z # price\_importer
2025-08-20T17:42:26.5941123Z 
2025-08-20T17:42:26.5941228Z <a id="price_importer.services_common.dsn"></a>
2025-08-20T17:42:26.5941412Z 
2025-08-20T17:42:26.5941512Z # price\_importer.services\_common.dsn
2025-08-20T17:42:26.5941677Z 
2025-08-20T17:42:26.5941805Z <a id="price_importer.services_common.dsn.build_dsn"></a>
2025-08-20T17:42:26.5942013Z 
2025-08-20T17:42:26.5942086Z #### build\_dsn
2025-08-20T17:42:26.5942189Z 
2025-08-20T17:42:26.5942257Z ```python
2025-08-20T17:42:26.5942439Z def build_dsn(sync: bool = True) -> str
2025-08-20T17:42:26.5942664Z ```
2025-08-20T17:42:26.5942755Z 
2025-08-20T17:42:26.5942823Z Return safe DSN.
2025-08-20T17:42:26.5942929Z 
2025-08-20T17:42:26.5943122Z Prefers explicit DSNs via ``PG_SYNC_DSN``/``PG_ASYNC_DSN`` or ``DATABASE_URL``.
2025-08-20T17:42:26.5943489Z Falls back to individual PG_* variables.
2025-08-20T17:42:26.5944015Z sync=True → SQLAlchemy (+psycopg) else plain asyncpg.
2025-08-20T17:42:26.5944221Z 
2025-08-20T17:42:26.5944353Z <a id="price_importer.services_common.models_vendor"></a>
2025-08-20T17:42:26.5944566Z 
2025-08-20T17:42:26.5944679Z # price\_importer.services\_common.models\_vendor
2025-08-20T17:42:26.5944871Z 
2025-08-20T17:42:26.5944985Z <a id="price_importer.services_common.db_url"></a>
2025-08-20T17:42:26.5945172Z 
2025-08-20T17:42:26.5945269Z # price\_importer.services\_common.db\_url
2025-08-20T17:42:26.5945442Z 
2025-08-20T17:42:26.5945583Z <a id="price_importer.services_common.db_url.build_url"></a>
2025-08-20T17:42:26.5945800Z 
2025-08-20T17:42:26.5945869Z #### build\_url
2025-08-20T17:42:26.5945981Z 
2025-08-20T17:42:26.5946047Z ```python
2025-08-20T17:42:26.5946224Z def build_url(async_: bool = True) -> str
2025-08-20T17:42:26.5946455Z ```
2025-08-20T17:42:26.5946540Z 
2025-08-20T17:42:26.5946787Z Return Postgres DSN from environment variables.
2025-08-20T17:42:26.5946975Z 
2025-08-20T17:42:26.5947083Z <a id="price_importer.services_common.keepa"></a>
2025-08-20T17:42:26.5947276Z 
2025-08-20T17:42:26.5947369Z # price\_importer.services\_common.keepa
2025-08-20T17:42:26.5947538Z 
2025-08-20T17:42:26.5947640Z <a id="price_importer.services_common.llm"></a>
2025-08-20T17:42:26.5947824Z 
2025-08-20T17:42:26.5947915Z # price\_importer.services\_common.llm
2025-08-20T17:42:26.5948080Z 
2025-08-20T17:42:26.5948203Z <a id="price_importer.services_common.settings"></a>
2025-08-20T17:42:26.5948395Z 
2025-08-20T17:42:26.5948493Z # price\_importer.services\_common.settings
2025-08-20T17:42:26.5948673Z 
2025-08-20T17:42:26.5948776Z <a id="price_importer.services_common.db"></a>
2025-08-20T17:42:26.5948955Z 
2025-08-20T17:42:26.5949045Z # price\_importer.services\_common.db
2025-08-20T17:42:26.5949210Z 
2025-08-20T17:42:26.5949366Z <a id="price_importer.services_common.db.build_sqlalchemy_url"></a>
2025-08-20T17:42:26.5949621Z 
2025-08-20T17:42:26.5949710Z #### build\_sqlalchemy\_url
2025-08-20T17:42:26.5949843Z 
2025-08-20T17:42:26.5949910Z ```python
2025-08-20T17:42:26.5950096Z def build_sqlalchemy_url() -> str
2025-08-20T17:42:26.5950411Z ```
2025-08-20T17:42:26.5950503Z 
2025-08-20T17:42:26.5950602Z Return Postgres URL for SQLAlchemy engines.
2025-08-20T17:42:26.5950776Z 
2025-08-20T17:42:26.5950925Z <a id="price_importer.services_common.db.build_asyncpg_dsn"></a>
2025-08-20T17:42:26.5951151Z 
2025-08-20T17:42:26.5951228Z #### build\_asyncpg\_dsn
2025-08-20T17:42:26.5951353Z 
2025-08-20T17:42:26.5951427Z ```python
2025-08-20T17:42:26.5951598Z def build_asyncpg_dsn() -> str
2025-08-20T17:42:26.5951800Z ```
2025-08-20T17:42:26.5951883Z 
2025-08-20T17:42:26.5952008Z Return DSN suitable for asyncpg (without driver suffix).
2025-08-20T17:42:26.5952224Z 
2025-08-20T17:42:26.5952349Z <a id="price_importer.services_common.db.refresh_mvs"></a>
2025-08-20T17:42:26.5952554Z 
2025-08-20T17:42:26.5952756Z #### refresh\_mvs
2025-08-20T17:42:26.5952868Z 
2025-08-20T17:42:26.5952933Z ```python
2025-08-20T17:42:26.5953133Z def refresh_mvs(conn: Engine | Connection) -> None
2025-08-20T17:42:26.5953379Z ```
2025-08-20T17:42:26.5953468Z 
2025-08-20T17:42:26.5953602Z Refresh materialized views, using CONCURRENTLY when safe.
2025-08-20T17:42:26.5953815Z 
2025-08-20T17:42:26.5953917Z <a id="price_importer.services_common"></a>
2025-08-20T17:42:26.5954090Z 
2025-08-20T17:42:26.5954182Z # price\_importer.services\_common
2025-08-20T17:42:26.5954337Z 
2025-08-20T17:42:26.5954445Z <a id="price_importer.services_common.base"></a>
2025-08-20T17:42:26.5954628Z 
2025-08-20T17:42:26.5954720Z # price\_importer.services\_common.base
2025-08-20T17:42:26.5954891Z 
2025-08-20T17:42:26.5954981Z <a id="price_importer.normaliser"></a>
2025-08-20T17:42:26.5955157Z 
2025-08-20T17:42:26.5955248Z # price\_importer.normaliser
2025-08-20T17:42:26.5955390Z 
2025-08-20T17:42:26.5955495Z <a id="price_importer.common.models_vendor"></a>
2025-08-20T17:42:26.5955688Z 
2025-08-20T17:42:26.5955785Z # price\_importer.common.models\_vendor
2025-08-20T17:42:26.5955950Z 
2025-08-20T17:42:26.5956047Z <a id="price_importer.common.db_url"></a>
2025-08-20T17:42:26.5956225Z 
2025-08-20T17:42:26.5956313Z # price\_importer.common.db\_url
2025-08-20T17:42:26.5956462Z 
2025-08-20T17:42:26.5956573Z <a id="price_importer.common.db_url.make_dsn"></a>
2025-08-20T17:42:26.5956759Z 
2025-08-20T17:42:26.5956824Z #### make\_dsn
2025-08-20T17:42:26.5956924Z 
2025-08-20T17:42:26.5956998Z ```python
2025-08-20T17:42:26.5957178Z def make_dsn(async_: bool = False) -> str
2025-08-20T17:42:26.5957406Z ```
2025-08-20T17:42:26.5957490Z 
2025-08-20T17:42:26.5957574Z Return DSN using shared builder.
2025-08-20T17:42:26.5957722Z 
2025-08-20T17:42:26.5957834Z <a id="price_importer.common.db_url.build_url"></a>
2025-08-20T17:42:26.5958023Z 
2025-08-20T17:42:26.5958096Z #### build\_url
2025-08-20T17:42:26.5958198Z 
2025-08-20T17:42:26.5958263Z ```python
2025-08-20T17:42:26.5958450Z def build_url(async_: bool = False) -> str
2025-08-20T17:42:26.5958796Z ```
2025-08-20T17:42:26.5958885Z 
2025-08-20T17:42:26.5959010Z Return Postgres DSN built from environment variables.
2025-08-20T17:42:26.5959215Z 
2025-08-20T17:42:26.5959303Z <a id="price_importer.common"></a>
2025-08-20T17:42:26.5959463Z 
2025-08-20T17:42:26.5959544Z # price\_importer.common
2025-08-20T17:42:26.5959670Z 
2025-08-20T17:42:26.5959769Z <a id="price_importer.common.base"></a>
2025-08-20T17:42:26.5959934Z 
2025-08-20T17:42:26.5960019Z # price\_importer.common.base
2025-08-20T17:42:26.5960169Z 
2025-08-20T17:42:26.5960389Z <a id="price_importer.tests.conftest"></a>
2025-08-20T17:42:26.5960567Z 
2025-08-20T17:42:26.5960654Z # price\_importer.tests.conftest
2025-08-20T17:42:26.5960808Z 
2025-08-20T17:42:26.5960909Z <a id="price_importer.tests.test_reader"></a>
2025-08-20T17:42:26.5961106Z 
2025-08-20T17:42:26.5961202Z # price\_importer.tests.test\_reader
2025-08-20T17:42:26.5961362Z 
2025-08-20T17:42:26.5961470Z <a id="price_importer.tests.test_imports"></a>
2025-08-20T17:42:26.5961664Z 
2025-08-20T17:42:26.5961754Z # price\_importer.tests.test\_imports
2025-08-20T17:42:26.5961915Z 
2025-08-20T17:42:26.5962014Z <a id="price_importer.tests.test_smoke"></a>
2025-08-20T17:42:26.5962194Z 
2025-08-20T17:42:26.5962282Z # price\_importer.tests.test\_smoke
2025-08-20T17:42:26.5962443Z 
2025-08-20T17:42:26.5962557Z <a id="price_importer.tests.test_normaliser"></a>
2025-08-20T17:42:26.5962745Z 
2025-08-20T17:42:26.5962837Z # price\_importer.tests.test\_normaliser
2025-08-20T17:42:26.5963013Z 
2025-08-20T17:42:26.5963100Z <a id="price_importer.tests"></a>
2025-08-20T17:42:26.5963252Z 
2025-08-20T17:42:26.5963329Z # price\_importer.tests
2025-08-20T17:42:26.5963458Z 
2025-08-20T17:42:26.5963544Z <a id="price_importer.reader"></a>
2025-08-20T17:42:26.5963700Z 
2025-08-20T17:42:26.5963788Z # price\_importer.reader
2025-08-20T17:42:26.5963914Z 
2025-08-20T17:42:26.5964005Z <a id="price_importer.repository"></a>
2025-08-20T17:42:26.5964174Z 
2025-08-20T17:42:26.5964394Z # price\_importer.repository
2025-08-20T17:42:26.5964538Z 
2025-08-20T17:42:26.5964626Z <a id="price_importer.import"></a>
2025-08-20T17:42:26.5964781Z 
2025-08-20T17:42:26.5964858Z # price\_importer.import
2025-08-20T17:42:26.5964983Z 
2025-08-20T17:42:26.5965059Z <a id="fees_h10"></a>
2025-08-20T17:42:26.5965174Z 
2025-08-20T17:42:26.5965241Z # fees\_h10
2025-08-20T17:42:26.5965342Z 
2025-08-20T17:42:26.5965419Z <a id="fees_h10.worker"></a>
2025-08-20T17:42:26.5965549Z 
2025-08-20T17:42:26.5965617Z # fees\_h10.worker
2025-08-20T17:42:26.5965728Z 
2025-08-20T17:42:26.5965824Z <a id="fees_h10.worker.list_active_asins"></a>
2025-08-20T17:42:26.5965995Z 
2025-08-20T17:42:26.5966078Z #### list\_active\_asins
2025-08-20T17:42:26.5966200Z 
2025-08-20T17:42:26.5966264Z ```python
2025-08-20T17:42:26.5966442Z def list_active_asins() -> list[str]
2025-08-20T17:42:26.5966652Z ```
2025-08-20T17:42:26.5966741Z 
2025-08-20T17:42:26.5966854Z Return known ASINs or an empty list if unavailable.
2025-08-20T17:42:26.5967054Z 
2025-08-20T17:42:26.5967140Z <a id="fees_h10.tests.test_smoke"></a>
2025-08-20T17:42:26.5967302Z 
2025-08-20T17:42:26.5967382Z # fees\_h10.tests.test\_smoke
2025-08-20T17:42:26.5967520Z 
2025-08-20T17:42:26.5967601Z <a id="fees_h10.tests"></a>
2025-08-20T17:42:26.5967730Z 
2025-08-20T17:42:26.5967798Z # fees\_h10.tests
2025-08-20T17:42:26.5967907Z 
2025-08-20T17:42:26.5967984Z <a id="fees_h10.client"></a>
2025-08-20T17:42:26.5968117Z 
2025-08-20T17:42:26.5968186Z # fees\_h10.client
2025-08-20T17:42:26.5968297Z 
2025-08-20T17:42:26.5968380Z <a id="fees_h10.repository"></a>
2025-08-20T17:42:26.5968522Z 
2025-08-20T17:42:26.5968602Z # fees\_h10.repository
2025-08-20T17:42:26.5968721Z 
2025-08-20T17:42:26.5968825Z <a id="fees_h10.repository.upsert_fees_raw"></a>
2025-08-20T17:42:26.5969009Z 
2025-08-20T17:42:26.5969083Z #### upsert\_fees\_raw
2025-08-20T17:42:26.5969200Z 
2025-08-20T17:42:26.5969264Z ```python
2025-08-20T17:42:26.5969442Z def upsert_fees_raw(engine: Engine,
2025-08-20T17:42:26.5969811Z                     rows: Iterable[Mapping[str, Any]],
2025-08-20T17:42:26.5970056Z                     *,
2025-08-20T17:42:26.5970382Z                     testing: bool = False) -> Optional[Dict[str, int]]
2025-08-20T17:42:26.5970644Z ```
2025-08-20T17:42:26.5970728Z 
2025-08-20T17:42:26.5970816Z Idempotent upsert for fees.
2025-08-20T17:42:26.5970953Z 
2025-08-20T17:42:26.5971105Z TESTING-only: returns counts for inserted/updated/skipped rows.
2025-08-20T17:42:26.5991446Z Assumes logical key (asin, marketplace, fee_type).
2025-08-20T17:42:26.5991868Z Only updates when one of the mutable fields changes.
2025-08-20T17:42:26.5992078Z 
2025-08-20T17:42:26.5992157Z <a id="emailer"></a>
2025-08-20T17:42:26.5992278Z 
2025-08-20T17:42:26.5992352Z # emailer
2025-08-20T17:42:26.5992444Z 
2025-08-20T17:42:26.5992553Z <a id="emailer.tests.test_import_emailer"></a>
2025-08-20T17:42:26.5992736Z 
2025-08-20T17:42:26.5992835Z # emailer.tests.test\_import\_emailer
2025-08-20T17:42:26.5993001Z 
2025-08-20T17:42:26.5993106Z <a id="emailer.tests.test_smoke"></a>
2025-08-20T17:42:26.5993270Z 
2025-08-20T17:42:26.5993354Z # emailer.tests.test\_smoke
2025-08-20T17:42:26.5993491Z 
2025-08-20T17:42:26.5993576Z <a id="emailer.tests"></a>
2025-08-20T17:42:26.5993708Z 
2025-08-20T17:42:26.5993777Z # emailer.tests
2025-08-20T17:42:26.5993884Z 
2025-08-20T17:42:26.5993976Z <a id="emailer.generate_body"></a>
2025-08-20T17:42:26.5994128Z 
2025-08-20T17:42:26.5994204Z # emailer.generate\_body
2025-08-20T17:42:26.5994337Z 
2025-08-20T17:42:26.5994408Z <a id="llm_server"></a>
2025-08-20T17:42:26.5994527Z 
2025-08-20T17:42:26.5994593Z # llm\_server
2025-08-20T17:42:26.5994699Z 
2025-08-20T17:42:26.5994780Z <a id="llm_server.app"></a>
2025-08-20T17:42:26.5994913Z 
2025-08-20T17:42:26.5994988Z # llm\_server.app
2025-08-20T17:42:26.5995094Z 
2025-08-20T17:42:26.6350629Z ##[group]Run peaceiris/actions-gh-pages@v3
2025-08-20T17:42:26.6350962Z with:
2025-08-20T17:42:26.6351541Z   github_token: ***
2025-08-20T17:42:26.6351766Z   publish_branch: gh-pages
2025-08-20T17:42:26.6352008Z   publish_dir: docs/api
2025-08-20T17:42:26.6352221Z   allow_empty_commit: false
2025-08-20T17:42:26.6352439Z   keep_files: false
2025-08-20T17:42:26.6352624Z   force_orphan: false
2025-08-20T17:42:26.6352829Z   enable_jekyll: false
2025-08-20T17:42:26.6353030Z   disable_nojekyll: false
2025-08-20T17:42:26.6353250Z   exclude_assets: .github
2025-08-20T17:42:26.6353441Z env:
2025-08-20T17:42:26.6353680Z   pythonLocation: /opt/hostedtoolcache/Python/3.11.13/x64
2025-08-20T17:42:26.6354082Z   PKG_CONFIG_PATH: /opt/hostedtoolcache/Python/3.11.13/x64/lib/pkgconfig
2025-08-20T17:42:26.6354470Z   Python_ROOT_DIR: /opt/hostedtoolcache/Python/3.11.13/x64
2025-08-20T17:42:26.6354819Z   Python2_ROOT_DIR: /opt/hostedtoolcache/Python/3.11.13/x64
2025-08-20T17:42:26.6355195Z   Python3_ROOT_DIR: /opt/hostedtoolcache/Python/3.11.13/x64
2025-08-20T17:42:26.6355547Z   LD_LIBRARY_PATH: /opt/hostedtoolcache/Python/3.11.13/x64/lib
2025-08-20T17:42:26.6355858Z ##[endgroup]
2025-08-20T17:42:26.6968942Z [INFO] Usage https://github.com/peaceiris/actions-gh-pages#readme
2025-08-20T17:42:26.6974288Z ##[group]Dump inputs
2025-08-20T17:42:26.6974655Z [INFO] GithubToken: true
2025-08-20T17:42:26.6975076Z [INFO] PublishBranch: gh-pages
2025-08-20T17:42:26.6975388Z [INFO] PublishDir: docs/api
2025-08-20T17:42:26.6975673Z [INFO] DestinationDir: 
2025-08-20T17:42:26.6975939Z [INFO] ExternalRepository: 
2025-08-20T17:42:26.6976230Z [INFO] AllowEmptyCommit: false
2025-08-20T17:42:26.6976507Z [INFO] KeepFiles: false
2025-08-20T17:42:26.6976775Z [INFO] ForceOrphan: false
2025-08-20T17:42:26.6977164Z [INFO] UserName: 
2025-08-20T17:42:26.6977499Z [INFO] UserEmail: 
2025-08-20T17:42:26.6977718Z [INFO] CommitMessage: 
2025-08-20T17:42:26.6977932Z [INFO] FullCommitMessage: 
2025-08-20T17:42:26.6978182Z [INFO] TagName: 
2025-08-20T17:42:26.6978422Z [INFO] TagMessage: 
2025-08-20T17:42:26.6978739Z [INFO] EnableJekyll (DisableNoJekyll): false
2025-08-20T17:42:26.6979173Z [INFO] CNAME: 
2025-08-20T17:42:26.6979381Z [INFO] ExcludeAssets .github
2025-08-20T17:42:26.6979819Z 
2025-08-20T17:42:26.6980145Z ##[endgroup]
2025-08-20T17:42:26.6980801Z ##[group]Setup auth token
2025-08-20T17:42:26.6981031Z [INFO] setup GITHUB_TOKEN
2025-08-20T17:42:26.6981893Z ##[endgroup]
2025-08-20T17:42:26.6982246Z ##[group]Prepare publishing assets
2025-08-20T17:42:26.6983969Z [INFO] ForceOrphan: false
2025-08-20T17:42:26.7031696Z [command]/usr/bin/git clone --depth=1 --single-branch --branch gh-pages ***github.com/AlexBomber12/AWA-App.git /home/runner/actions_github_pages_1755711746697
2025-08-20T17:42:26.7066916Z Cloning into '/home/runner/actions_github_pages_1755711746697'...
2025-08-20T17:42:26.9673327Z [INFO] clean up /home/runner/actions_github_pages_1755711746697
2025-08-20T17:42:26.9674046Z [INFO] chdir /home/runner/actions_github_pages_1755711746697
2025-08-20T17:42:26.9691774Z [command]/usr/bin/git rm -r --ignore-unmatch *
2025-08-20T17:42:26.9719704Z rm '.gitkeep'
2025-08-20T17:42:26.9720179Z rm '.nojekyll'
2025-08-20T17:42:26.9723881Z [INFO] chdir /home/runner/actions_github_pages_1755711746697
2025-08-20T17:42:26.9724728Z [INFO] prepare publishing assets
2025-08-20T17:42:26.9726293Z [INFO] copy /home/runner/work/AWA-App/AWA-App/docs/api to /home/runner/actions_github_pages_1755711746697
2025-08-20T17:42:26.9756723Z cp: no such file or directory: /home/runner/work/AWA-App/AWA-App/docs/api/*
2025-08-20T17:42:26.9766360Z [INFO] delete excluded assets
2025-08-20T17:42:26.9797586Z rm: no paths given
2025-08-20T17:42:26.9799279Z [INFO] Created /home/runner/actions_github_pages_1755711746697/.nojekyll
2025-08-20T17:42:26.9801046Z ##[endgroup]
2025-08-20T17:42:26.9801828Z ##[group]Setup Git config
2025-08-20T17:42:26.9818257Z [command]/usr/bin/git remote rm origin
2025-08-20T17:42:26.9872253Z [command]/usr/bin/git remote add origin ***github.com/AlexBomber12/AWA-App.git
2025-08-20T17:42:26.9915174Z [command]/usr/bin/git add --all
2025-08-20T17:42:26.9960343Z [command]/usr/bin/git config user.name AlexBomber12
2025-08-20T17:42:27.0002367Z [command]/usr/bin/git config user.email AlexBomber12@users.noreply.github.com
2025-08-20T17:42:27.0030629Z ##[endgroup]
2025-08-20T17:42:27.0031173Z ##[group]Create a commit
2025-08-20T17:42:27.0044922Z [command]/usr/bin/git commit -m deploy: d0db6dc7bd943499fc0e80050cc8d9d3cce74589
2025-08-20T17:42:27.0072876Z On branch gh-pages
2025-08-20T17:42:27.0073290Z nothing to commit, working tree clean
2025-08-20T17:42:27.0077764Z [INFO] skip commit
2025-08-20T17:42:27.0078711Z ##[endgroup]
2025-08-20T17:42:27.0079345Z ##[group]Push the commit or tag
2025-08-20T17:42:27.0089726Z [command]/usr/bin/git push origin gh-pages
2025-08-20T17:42:27.3147974Z Everything up-to-date
2025-08-20T17:42:27.3182870Z ##[endgroup]
2025-08-20T17:42:27.3183218Z [INFO] Action successfully completed
2025-08-20T17:42:27.3271309Z Post job cleanup.
2025-08-20T17:42:27.4855436Z Post job cleanup.
2025-08-20T17:42:27.5797885Z [command]/usr/bin/git version
2025-08-20T17:42:27.5833482Z git version 2.50.1
2025-08-20T17:42:27.5882209Z Temporarily overriding HOME='/home/runner/work/_temp/2bb61414-f9a4-4361-acb3-900723ee9042' before making global git config changes
2025-08-20T17:42:27.5883330Z Adding repository directory to the temporary git global config as a safe directory
2025-08-20T17:42:27.5887265Z [command]/usr/bin/git config --global --add safe.directory /home/runner/work/AWA-App/AWA-App
2025-08-20T17:42:27.5921050Z [command]/usr/bin/git config --local --name-only --get-regexp core\.sshCommand
2025-08-20T17:42:27.5952589Z [command]/usr/bin/git submodule foreach --recursive sh -c "git config --local --name-only --get-regexp 'core\.sshCommand' && git config --local --unset-all 'core.sshCommand' || :"
2025-08-20T17:42:27.6213503Z [command]/usr/bin/git config --local --name-only --get-regexp http\.https\:\/\/github\.com\/\.extraheader
2025-08-20T17:42:27.6236122Z http.https://github.com/.extraheader
2025-08-20T17:42:27.6248875Z [command]/usr/bin/git config --local --unset-all http.https://github.com/.extraheader
2025-08-20T17:42:27.6279354Z [command]/usr/bin/git submodule foreach --recursive sh -c "git config --local --name-only --get-regexp 'http\.https\:\/\/github\.com\/\.extraheader' && git config --local --unset-all 'http.https://github.com/.extraheader' || :"
2025-08-20T17:42:27.6610836Z Cleaning up orphan processes
