2025-08-20T22:38:50.5820025Z Current runner version: '2.328.0'
2025-08-20T22:38:50.5852651Z ##[group]Runner Image Provisioner
2025-08-20T22:38:50.5854128Z Hosted Compute Agent
2025-08-20T22:38:50.5855083Z Version: 20250818.377
2025-08-20T22:38:50.5856002Z Commit: 3c593e9f75fe0b87e893bca80d6e12ba089c61fc
2025-08-20T22:38:50.5857164Z Build Date: 2025-08-18T14:52:18Z
2025-08-20T22:38:50.5858115Z ##[endgroup]
2025-08-20T22:38:50.5858988Z ##[group]Operating System
2025-08-20T22:38:50.5859789Z Ubuntu
2025-08-20T22:38:50.5860652Z 24.04.2
2025-08-20T22:38:50.5861365Z LTS
2025-08-20T22:38:50.5862142Z ##[endgroup]
2025-08-20T22:38:50.5862879Z ##[group]Runner Image
2025-08-20T22:38:50.5863981Z Image: ubuntu-24.04
2025-08-20T22:38:50.5864915Z Version: 20250818.1.0
2025-08-20T22:38:50.5866690Z Included Software: https://github.com/actions/runner-images/blob/ubuntu24/20250818.1/images/ubuntu/Ubuntu2404-Readme.md
2025-08-20T22:38:50.5869302Z Image Release: https://github.com/actions/runner-images/releases/tag/ubuntu24%2F20250818.1
2025-08-20T22:38:50.5871156Z ##[endgroup]
2025-08-20T22:38:50.5876278Z ##[group]GITHUB_TOKEN Permissions
2025-08-20T22:38:50.5879245Z Actions: write
2025-08-20T22:38:50.5880210Z Attestations: write
2025-08-20T22:38:50.5881119Z Checks: write
2025-08-20T22:38:50.5881903Z Contents: write
2025-08-20T22:38:50.5882635Z Deployments: write
2025-08-20T22:38:50.5883797Z Discussions: write
2025-08-20T22:38:50.5884605Z Issues: write
2025-08-20T22:38:50.5885354Z Metadata: read
2025-08-20T22:38:50.5886160Z Models: read
2025-08-20T22:38:50.5886939Z Packages: write
2025-08-20T22:38:50.5887783Z Pages: write
2025-08-20T22:38:50.5888663Z PullRequests: write
2025-08-20T22:38:50.5889535Z RepositoryProjects: write
2025-08-20T22:38:50.5890430Z SecurityEvents: write
2025-08-20T22:38:50.5891521Z Statuses: write
2025-08-20T22:38:50.5892254Z ##[endgroup]
2025-08-20T22:38:50.5895526Z Secret source: Actions
2025-08-20T22:38:50.5896972Z Prepare workflow directory
2025-08-20T22:38:50.6507776Z Prepare all required actions
2025-08-20T22:38:50.6562874Z Getting action download info
2025-08-20T22:38:50.9141518Z Download action repository 'actions/checkout@v5' (SHA:08c6903cd8c0fde910a37f88322edcfb5dd907a8)
2025-08-20T22:38:51.0011774Z Download action repository 'actions/setup-python@v5' (SHA:a26af69be951a213d495a4c3e4e4022e16d87065)
2025-08-20T22:38:51.1268254Z Download action repository 'actions/upload-artifact@v4' (SHA:ea165f8d65b6e75b540449e92b4886f43607fa02)
2025-08-20T22:38:51.6496196Z Complete job name: unit
2025-08-20T22:38:51.7075749Z ##[group]Checking docker version
2025-08-20T22:38:51.7089215Z ##[command]/usr/bin/docker version --format '{{.Server.APIVersion}}'
2025-08-20T22:38:52.9096955Z '1.48'
2025-08-20T22:38:52.9109490Z Docker daemon API version: '1.48'
2025-08-20T22:38:52.9109997Z ##[command]/usr/bin/docker version --format '{{.Client.APIVersion}}'
2025-08-20T22:38:52.9265918Z '1.48'
2025-08-20T22:38:52.9279669Z Docker client API version: '1.48'
2025-08-20T22:38:52.9285853Z ##[endgroup]
2025-08-20T22:38:52.9288836Z ##[group]Clean up resources from previous jobs
2025-08-20T22:38:52.9294425Z ##[command]/usr/bin/docker ps --all --quiet --no-trunc --filter "label=f98240"
2025-08-20T22:38:52.9435096Z ##[command]/usr/bin/docker network prune --force --filter "label=f98240"
2025-08-20T22:38:52.9562606Z ##[endgroup]
2025-08-20T22:38:52.9562941Z ##[group]Create local container network
2025-08-20T22:38:52.9572540Z ##[command]/usr/bin/docker network create --label f98240 github_network_7f9e4e6efa774f2ebf649c2e3c16cf5d
2025-08-20T22:38:53.0095150Z ae1ba360aaf02381164a498c70eb4de73cbc154c7af7210a15e273f14538e61e
2025-08-20T22:38:53.0113305Z ##[endgroup]
2025-08-20T22:38:53.0136421Z ##[group]Starting postgres service container
2025-08-20T22:38:53.0155460Z ##[command]/usr/bin/docker pull postgres:15
2025-08-20T22:38:53.3143888Z 15: Pulling from library/postgres
2025-08-20T22:38:53.3666749Z 396b1da7636e: Pulling fs layer
2025-08-20T22:38:53.3667337Z fca2566eba32: Pulling fs layer
2025-08-20T22:38:53.3667979Z 631fe8c6d606: Pulling fs layer
2025-08-20T22:38:53.3668390Z 77c7671c4414: Pulling fs layer
2025-08-20T22:38:53.3669280Z 2d9e29180a27: Pulling fs layer
2025-08-20T22:38:53.3669654Z c6bcc2c9a041: Pulling fs layer
2025-08-20T22:38:53.3670046Z ac4b721eb66f: Pulling fs layer
2025-08-20T22:38:53.3670441Z 606bd164980e: Pulling fs layer
2025-08-20T22:38:53.3670837Z f5dfd246bc6e: Pulling fs layer
2025-08-20T22:38:53.3671276Z ba7036bb0a60: Pulling fs layer
2025-08-20T22:38:53.3671732Z 799f859abbbd: Pulling fs layer
2025-08-20T22:38:53.3672079Z d903e777080c: Pulling fs layer
2025-08-20T22:38:53.3672386Z 04adcb462801: Pulling fs layer
2025-08-20T22:38:53.3672762Z 5c10925b29ff: Pulling fs layer
2025-08-20T22:38:53.3673010Z ac4b721eb66f: Waiting
2025-08-20T22:38:53.3673254Z 606bd164980e: Waiting
2025-08-20T22:38:53.3673469Z f5dfd246bc6e: Waiting
2025-08-20T22:38:53.3673913Z ba7036bb0a60: Waiting
2025-08-20T22:38:53.3674114Z 799f859abbbd: Waiting
2025-08-20T22:38:53.3674303Z d903e777080c: Waiting
2025-08-20T22:38:53.3674493Z 04adcb462801: Waiting
2025-08-20T22:38:53.3674681Z 5c10925b29ff: Waiting
2025-08-20T22:38:53.3674885Z 77c7671c4414: Waiting
2025-08-20T22:38:53.3675069Z 2d9e29180a27: Waiting
2025-08-20T22:38:53.3675265Z c6bcc2c9a041: Waiting
2025-08-20T22:38:53.4469011Z fca2566eba32: Verifying Checksum
2025-08-20T22:38:53.4469605Z fca2566eba32: Download complete
2025-08-20T22:38:53.4884543Z 631fe8c6d606: Verifying Checksum
2025-08-20T22:38:53.4885481Z 631fe8c6d606: Download complete
2025-08-20T22:38:53.5282263Z 77c7671c4414: Verifying Checksum
2025-08-20T22:38:53.5282784Z 77c7671c4414: Download complete
2025-08-20T22:38:53.5892346Z 2d9e29180a27: Verifying Checksum
2025-08-20T22:38:53.5893501Z 2d9e29180a27: Download complete
2025-08-20T22:38:53.6371235Z c6bcc2c9a041: Verifying Checksum
2025-08-20T22:38:53.6371793Z c6bcc2c9a041: Download complete
2025-08-20T22:38:53.6597867Z ac4b721eb66f: Verifying Checksum
2025-08-20T22:38:53.6598748Z ac4b721eb66f: Download complete
2025-08-20T22:38:53.6942055Z 606bd164980e: Verifying Checksum
2025-08-20T22:38:53.6943058Z 606bd164980e: Download complete
2025-08-20T22:38:53.7508266Z ba7036bb0a60: Verifying Checksum
2025-08-20T22:38:53.7509879Z ba7036bb0a60: Download complete
2025-08-20T22:38:53.8577152Z 799f859abbbd: Verifying Checksum
2025-08-20T22:38:53.8577700Z 799f859abbbd: Download complete
2025-08-20T22:38:53.8757807Z 396b1da7636e: Verifying Checksum
2025-08-20T22:38:53.8759078Z 396b1da7636e: Download complete
2025-08-20T22:38:53.9153395Z d903e777080c: Verifying Checksum
2025-08-20T22:38:53.9157056Z d903e777080c: Download complete
2025-08-20T22:38:53.9290733Z 04adcb462801: Verifying Checksum
2025-08-20T22:38:53.9294246Z 04adcb462801: Download complete
2025-08-20T22:38:53.9676482Z 5c10925b29ff: Verifying Checksum
2025-08-20T22:38:53.9676977Z 5c10925b29ff: Download complete
2025-08-20T22:38:54.8965655Z 396b1da7636e: Pull complete
2025-08-20T22:38:55.0986207Z f5dfd246bc6e: Verifying Checksum
2025-08-20T22:38:55.0986694Z f5dfd246bc6e: Download complete
2025-08-20T22:38:55.5806324Z fca2566eba32: Pull complete
2025-08-20T22:38:55.7556209Z 631fe8c6d606: Pull complete
2025-08-20T22:38:55.8019223Z 77c7671c4414: Pull complete
2025-08-20T22:38:56.1114502Z 2d9e29180a27: Pull complete
2025-08-20T22:38:56.2021495Z c6bcc2c9a041: Pull complete
2025-08-20T22:38:56.2194184Z ac4b721eb66f: Pull complete
2025-08-20T22:38:56.2311387Z 606bd164980e: Pull complete
2025-08-20T22:38:59.1803828Z f5dfd246bc6e: Pull complete
2025-08-20T22:38:59.1963196Z ba7036bb0a60: Pull complete
2025-08-20T22:38:59.2108343Z 799f859abbbd: Pull complete
2025-08-20T22:38:59.2222296Z d903e777080c: Pull complete
2025-08-20T22:38:59.2334760Z 04adcb462801: Pull complete
2025-08-20T22:38:59.2452307Z 5c10925b29ff: Pull complete
2025-08-20T22:38:59.2499049Z Digest: sha256:bc51cf4f1fe02cce7ed2370b20128a9b00b4eb804573a77d2a0d877aaa9c82b1
2025-08-20T22:38:59.2535483Z Status: Downloaded newer image for postgres:15
2025-08-20T22:38:59.2546089Z docker.io/library/postgres:15
2025-08-20T22:38:59.2611464Z ##[command]/usr/bin/docker create --name 9ea72515f2d14f9ea217fb1f8fb09da8_postgres15_65f0d5 --label f98240 --network github_network_7f9e4e6efa774f2ebf649c2e3c16cf5d --network-alias postgres -p 5432:5432 --health-cmd="pg_isready -U postgres -d awa" --health-interval=5s --health-timeout=5s --health-retries=10 -e "POSTGRES_USER=postgres" -e "POSTGRES_PASSWORD=pass" -e "POSTGRES_DB=awa" -e GITHUB_ACTIONS=true -e CI=true postgres:15
2025-08-20T22:38:59.2919033Z 70751e6b262188dd015d4d81b8eee93828232aaa2df6053c1d5f8c0ec1728b9c
2025-08-20T22:38:59.2942461Z ##[command]/usr/bin/docker start 70751e6b262188dd015d4d81b8eee93828232aaa2df6053c1d5f8c0ec1728b9c
2025-08-20T22:39:00.2521900Z 70751e6b262188dd015d4d81b8eee93828232aaa2df6053c1d5f8c0ec1728b9c
2025-08-20T22:39:00.2543950Z ##[command]/usr/bin/docker ps --all --filter id=70751e6b262188dd015d4d81b8eee93828232aaa2df6053c1d5f8c0ec1728b9c --filter status=running --no-trunc --format "{{.ID}} {{.Status}}"
2025-08-20T22:39:00.2669964Z 70751e6b262188dd015d4d81b8eee93828232aaa2df6053c1d5f8c0ec1728b9c Up Less than a second (health: starting)
2025-08-20T22:39:00.2693502Z ##[command]/usr/bin/docker port 70751e6b262188dd015d4d81b8eee93828232aaa2df6053c1d5f8c0ec1728b9c
2025-08-20T22:39:00.2823240Z 5432/tcp -> 0.0.0.0:5432
2025-08-20T22:39:00.2823843Z 5432/tcp -> [::]:5432
2025-08-20T22:39:00.2881121Z ##[endgroup]
2025-08-20T22:39:00.2882059Z ##[group]Starting redis service container
2025-08-20T22:39:00.2883146Z ##[command]/usr/bin/docker pull redis:7-alpine
2025-08-20T22:39:00.4675977Z 7-alpine: Pulling from library/redis
2025-08-20T22:39:00.5361115Z 0368fd46e3c6: Pulling fs layer
2025-08-20T22:39:00.5361879Z 4c55286bbede: Pulling fs layer
2025-08-20T22:39:00.5362274Z 5e28347af205: Pulling fs layer
2025-08-20T22:39:00.5362648Z 311eca34042e: Pulling fs layer
2025-08-20T22:39:00.5363005Z e6fe6f07e192: Pulling fs layer
2025-08-20T22:39:00.5363396Z a2cadbfeca72: Pulling fs layer
2025-08-20T22:39:00.5363933Z 4f4fb700ef54: Pulling fs layer
2025-08-20T22:39:00.5364281Z a976ed7e7808: Pulling fs layer
2025-08-20T22:39:00.5364643Z 311eca34042e: Waiting
2025-08-20T22:39:00.5364963Z e6fe6f07e192: Waiting
2025-08-20T22:39:00.5365265Z a2cadbfeca72: Waiting
2025-08-20T22:39:00.5366868Z 4f4fb700ef54: Waiting
2025-08-20T22:39:00.5367208Z a976ed7e7808: Waiting
2025-08-20T22:39:00.6025678Z 5e28347af205: Verifying Checksum
2025-08-20T22:39:00.6026150Z 5e28347af205: Download complete
2025-08-20T22:39:00.6121194Z 4c55286bbede: Verifying Checksum
2025-08-20T22:39:00.6121758Z 4c55286bbede: Download complete
2025-08-20T22:39:00.6737929Z 311eca34042e: Verifying Checksum
2025-08-20T22:39:00.6738780Z 311eca34042e: Download complete
2025-08-20T22:39:00.6989660Z 0368fd46e3c6: Verifying Checksum
2025-08-20T22:39:00.6990190Z 0368fd46e3c6: Download complete
2025-08-20T22:39:00.7203708Z a2cadbfeca72: Verifying Checksum
2025-08-20T22:39:00.7204405Z a2cadbfeca72: Download complete
2025-08-20T22:39:00.7666950Z 4f4fb700ef54: Verifying Checksum
2025-08-20T22:39:00.7667490Z 4f4fb700ef54: Download complete
2025-08-20T22:39:00.7900868Z a976ed7e7808: Verifying Checksum
2025-08-20T22:39:00.7901353Z a976ed7e7808: Download complete
2025-08-20T22:39:00.8283010Z 0368fd46e3c6: Pull complete
2025-08-20T22:39:00.8657937Z 4c55286bbede: Pull complete
2025-08-20T22:39:00.8774579Z e6fe6f07e192: Verifying Checksum
2025-08-20T22:39:00.8775032Z e6fe6f07e192: Download complete
2025-08-20T22:39:01.0416935Z 5e28347af205: Pull complete
2025-08-20T22:39:01.0754075Z 311eca34042e: Pull complete
2025-08-20T22:39:01.2895912Z e6fe6f07e192: Pull complete
2025-08-20T22:39:01.3002424Z a2cadbfeca72: Pull complete
2025-08-20T22:39:01.3099799Z 4f4fb700ef54: Pull complete
2025-08-20T22:39:01.3216288Z a976ed7e7808: Pull complete
2025-08-20T22:39:01.3256368Z Digest: sha256:bb186d083732f669da90be8b0f975a37812b15e913465bb14d845db72a4e3e08
2025-08-20T22:39:01.3268908Z Status: Downloaded newer image for redis:7-alpine
2025-08-20T22:39:01.3277964Z docker.io/library/redis:7-alpine
2025-08-20T22:39:01.3300418Z ##[command]/usr/bin/docker create --name b32d155569ef44a8acba9166aca6eaf0_redis7alpine_85c7a6 --label f98240 --network github_network_7f9e4e6efa774f2ebf649c2e3c16cf5d --network-alias redis -p 6379:6379  -e GITHUB_ACTIONS=true -e CI=true redis:7-alpine
2025-08-20T22:39:01.3559246Z eb8be31195d645c7fbd27ccbe560d9194f7fe5e06a41b5976c4c0b627267749f
2025-08-20T22:39:01.3573343Z ##[command]/usr/bin/docker start eb8be31195d645c7fbd27ccbe560d9194f7fe5e06a41b5976c4c0b627267749f
2025-08-20T22:39:01.4973868Z eb8be31195d645c7fbd27ccbe560d9194f7fe5e06a41b5976c4c0b627267749f
2025-08-20T22:39:01.4989381Z ##[command]/usr/bin/docker ps --all --filter id=eb8be31195d645c7fbd27ccbe560d9194f7fe5e06a41b5976c4c0b627267749f --filter status=running --no-trunc --format "{{.ID}} {{.Status}}"
2025-08-20T22:39:01.5111354Z eb8be31195d645c7fbd27ccbe560d9194f7fe5e06a41b5976c4c0b627267749f Up Less than a second
2025-08-20T22:39:01.5127869Z ##[command]/usr/bin/docker port eb8be31195d645c7fbd27ccbe560d9194f7fe5e06a41b5976c4c0b627267749f
2025-08-20T22:39:01.5256182Z 6379/tcp -> 0.0.0.0:6379
2025-08-20T22:39:01.5256621Z 6379/tcp -> [::]:6379
2025-08-20T22:39:01.5275382Z ##[endgroup]
2025-08-20T22:39:01.5284610Z ##[group]Waiting for all services to be ready
2025-08-20T22:39:01.5297677Z ##[command]/usr/bin/docker inspect --format="{{if .Config.Healthcheck}}{{print .State.Health.Status}}{{end}}" 70751e6b262188dd015d4d81b8eee93828232aaa2df6053c1d5f8c0ec1728b9c
2025-08-20T22:39:01.5409195Z starting
2025-08-20T22:39:01.5430118Z postgres service is starting, waiting 2 seconds before checking again.
2025-08-20T22:39:03.5419417Z ##[command]/usr/bin/docker inspect --format="{{if .Config.Healthcheck}}{{print .State.Health.Status}}{{end}}" 70751e6b262188dd015d4d81b8eee93828232aaa2df6053c1d5f8c0ec1728b9c
2025-08-20T22:39:03.5537511Z starting
2025-08-20T22:39:03.5611374Z postgres service is starting, waiting 4 seconds before checking again.
2025-08-20T22:39:07.5859153Z ##[command]/usr/bin/docker inspect --format="{{if .Config.Healthcheck}}{{print .State.Health.Status}}{{end}}" 70751e6b262188dd015d4d81b8eee93828232aaa2df6053c1d5f8c0ec1728b9c
2025-08-20T22:39:07.5978771Z healthy
2025-08-20T22:39:07.5997008Z postgres service is healthy.
2025-08-20T22:39:07.5997808Z ##[command]/usr/bin/docker inspect --format="{{if .Config.Healthcheck}}{{print .State.Health.Status}}{{end}}" eb8be31195d645c7fbd27ccbe560d9194f7fe5e06a41b5976c4c0b627267749f
2025-08-20T22:39:07.6118351Z redis service is healthy.
2025-08-20T22:39:07.6118909Z ##[endgroup]
2025-08-20T22:39:07.6366259Z ##[group]Run actions/checkout@v5
2025-08-20T22:39:07.6366784Z with:
2025-08-20T22:39:07.6366984Z   repository: AlexBomber12/AWA-App
2025-08-20T22:39:07.6367362Z   token: ***
2025-08-20T22:39:07.6367544Z   ssh-strict: true
2025-08-20T22:39:07.6367719Z   ssh-user: git
2025-08-20T22:39:07.6367908Z   persist-credentials: true
2025-08-20T22:39:07.6368113Z   clean: true
2025-08-20T22:39:07.6368302Z   sparse-checkout-cone-mode: true
2025-08-20T22:39:07.6368523Z   fetch-depth: 1
2025-08-20T22:39:07.6368696Z   fetch-tags: false
2025-08-20T22:39:07.6368872Z   show-progress: true
2025-08-20T22:39:07.6369051Z   lfs: false
2025-08-20T22:39:07.6369211Z   submodules: false
2025-08-20T22:39:07.6369389Z   set-safe-directory: true
2025-08-20T22:39:07.6369780Z env:
2025-08-20T22:39:07.6369985Z   REDIS_URL: redis://localhost:6379/0
2025-08-20T22:39:07.6370249Z   RATE_LIMIT_DEFAULT: 100/minute
2025-08-20T22:39:07.6370539Z   TRUST_X_FORWARDED: 1
2025-08-20T22:39:07.6370860Z ##[endgroup]
2025-08-20T22:39:07.7302053Z Syncing repository: AlexBomber12/AWA-App
2025-08-20T22:39:07.7304047Z ##[group]Getting Git version info
2025-08-20T22:39:07.7304449Z Working directory is '/home/runner/work/AWA-App/AWA-App'
2025-08-20T22:39:07.7305020Z [command]/usr/bin/git version
2025-08-20T22:39:07.7336377Z git version 2.51.0
2025-08-20T22:39:07.7359663Z ##[endgroup]
2025-08-20T22:39:07.7376383Z Temporarily overriding HOME='/home/runner/work/_temp/41f54bcd-649d-4555-b0f2-82b985e7573c' before making global git config changes
2025-08-20T22:39:07.7377687Z Adding repository directory to the temporary git global config as a safe directory
2025-08-20T22:39:07.7382345Z [command]/usr/bin/git config --global --add safe.directory /home/runner/work/AWA-App/AWA-App
2025-08-20T22:39:07.7421664Z Deleting the contents of '/home/runner/work/AWA-App/AWA-App'
2025-08-20T22:39:07.7425677Z ##[group]Initializing the repository
2025-08-20T22:39:07.7430155Z [command]/usr/bin/git init /home/runner/work/AWA-App/AWA-App
2025-08-20T22:39:07.7489189Z hint: Using 'master' as the name for the initial branch. This default branch name
2025-08-20T22:39:07.7490055Z hint: is subject to change. To configure the initial branch name to use in all
2025-08-20T22:39:07.7490891Z hint: of your new repositories, which will suppress this warning, call:
2025-08-20T22:39:07.7491448Z hint:
2025-08-20T22:39:07.7491847Z hint: 	git config --global init.defaultBranch <name>
2025-08-20T22:39:07.7492320Z hint:
2025-08-20T22:39:07.7492772Z hint: Names commonly chosen instead of 'master' are 'main', 'trunk' and
2025-08-20T22:39:07.7493462Z hint: 'development'. The just-created branch can be renamed via this command:
2025-08-20T22:39:07.7494165Z hint:
2025-08-20T22:39:07.7494354Z hint: 	git branch -m <name>
2025-08-20T22:39:07.7494591Z hint:
2025-08-20T22:39:07.7494883Z hint: Disable this message with "git config set advice.defaultBranchName false"
2025-08-20T22:39:07.7495389Z Initialized empty Git repository in /home/runner/work/AWA-App/AWA-App/.git/
2025-08-20T22:39:07.7503786Z [command]/usr/bin/git remote add origin https://github.com/AlexBomber12/AWA-App
2025-08-20T22:39:07.7537308Z ##[endgroup]
2025-08-20T22:39:07.7537710Z ##[group]Disabling automatic garbage collection
2025-08-20T22:39:07.7541093Z [command]/usr/bin/git config --local gc.auto 0
2025-08-20T22:39:07.7568422Z ##[endgroup]
2025-08-20T22:39:07.7568769Z ##[group]Setting up auth
2025-08-20T22:39:07.7575815Z [command]/usr/bin/git config --local --name-only --get-regexp core\.sshCommand
2025-08-20T22:39:07.7605613Z [command]/usr/bin/git submodule foreach --recursive sh -c "git config --local --name-only --get-regexp 'core\.sshCommand' && git config --local --unset-all 'core.sshCommand' || :"
2025-08-20T22:39:07.7894459Z [command]/usr/bin/git config --local --name-only --get-regexp http\.https\:\/\/github\.com\/\.extraheader
2025-08-20T22:39:07.7929858Z [command]/usr/bin/git submodule foreach --recursive sh -c "git config --local --name-only --get-regexp 'http\.https\:\/\/github\.com\/\.extraheader' && git config --local --unset-all 'http.https://github.com/.extraheader' || :"
2025-08-20T22:39:07.8162718Z [command]/usr/bin/git config --local http.https://github.com/.extraheader AUTHORIZATION: basic ***
2025-08-20T22:39:07.8200539Z ##[endgroup]
2025-08-20T22:39:07.8201175Z ##[group]Fetching the repository
2025-08-20T22:39:07.8210831Z [command]/usr/bin/git -c protocol.version=2 fetch --no-tags --prune --no-recurse-submodules --depth=1 origin +96f07cc3a2a7262440dea02a1d8be4b8826aa7a7:refs/remotes/pull/322/merge
2025-08-20T22:39:08.0748972Z From https://github.com/AlexBomber12/AWA-App
2025-08-20T22:39:08.0749714Z  * [new ref]         96f07cc3a2a7262440dea02a1d8be4b8826aa7a7 -> pull/322/merge
2025-08-20T22:39:08.0784798Z ##[endgroup]
2025-08-20T22:39:08.0785736Z ##[group]Determining the checkout info
2025-08-20T22:39:08.0788311Z ##[endgroup]
2025-08-20T22:39:08.0793961Z [command]/usr/bin/git sparse-checkout disable
2025-08-20T22:39:08.0839759Z [command]/usr/bin/git config --local --unset-all extensions.worktreeConfig
2025-08-20T22:39:08.0868337Z ##[group]Checking out the ref
2025-08-20T22:39:08.0872717Z [command]/usr/bin/git checkout --progress --force refs/remotes/pull/322/merge
2025-08-20T22:39:08.1207415Z Note: switching to 'refs/remotes/pull/322/merge'.
2025-08-20T22:39:08.1207994Z 
2025-08-20T22:39:08.1208375Z You are in 'detached HEAD' state. You can look around, make experimental
2025-08-20T22:39:08.1209109Z changes and commit them, and you can discard any commits you make in this
2025-08-20T22:39:08.1209816Z state without impacting any branches by switching back to a branch.
2025-08-20T22:39:08.1210244Z 
2025-08-20T22:39:08.1210525Z If you want to create a new branch to retain commits you create, you may
2025-08-20T22:39:08.1211181Z do so (now or later) by using -c with the switch command. Example:
2025-08-20T22:39:08.1211827Z 
2025-08-20T22:39:08.1211993Z   git switch -c <new-branch-name>
2025-08-20T22:39:08.1212259Z 
2025-08-20T22:39:08.1212403Z Or undo this operation with:
2025-08-20T22:39:08.1212651Z 
2025-08-20T22:39:08.1212797Z   git switch -
2025-08-20T22:39:08.1213000Z 
2025-08-20T22:39:08.1213319Z Turn off this advice by setting config variable advice.detachedHead to false
2025-08-20T22:39:08.1213987Z 
2025-08-20T22:39:08.1214323Z HEAD is now at 96f07cc Merge 27a206df98e9a256433bd1c563cc6def51ba8c71 into 02921cb6c46e19baf23ba94863f969daa8d0977e
2025-08-20T22:39:08.1220849Z ##[endgroup]
2025-08-20T22:39:08.1267235Z [command]/usr/bin/git log -1 --format=%H
2025-08-20T22:39:08.1293183Z 96f07cc3a2a7262440dea02a1d8be4b8826aa7a7
2025-08-20T22:39:08.1464441Z ##[group]Run cat .env.ci >> "$GITHUB_ENV"
2025-08-20T22:39:08.1464811Z [36;1mcat .env.ci >> "$GITHUB_ENV"[0m
2025-08-20T22:39:08.1465516Z [36;1mecho "DATABASE_URL=***localhost:5432/awa" >> "$GITHUB_ENV"[0m
2025-08-20T22:39:08.1465875Z [36;1mecho "PG_HOST=localhost" >> "$GITHUB_ENV"[0m
2025-08-20T22:39:08.1466168Z [36;1mecho "PG_PORT=5432" >> "$GITHUB_ENV"[0m
2025-08-20T22:39:08.1466442Z [36;1mecho "PG_USER=postgres" >> "$GITHUB_ENV"[0m
2025-08-20T22:39:08.1466729Z [36;1mecho "PG_PASSWORD=pass" >> "$GITHUB_ENV"[0m
2025-08-20T22:39:08.1467019Z [36;1mecho "PG_DATABASE=awa" >> "$GITHUB_ENV"[0m
2025-08-20T22:39:08.1509344Z shell: /usr/bin/bash -e {0}
2025-08-20T22:39:08.1509580Z env:
2025-08-20T22:39:08.1509782Z   REDIS_URL: redis://localhost:6379/0
2025-08-20T22:39:08.1510054Z   RATE_LIMIT_DEFAULT: 100/minute
2025-08-20T22:39:08.1510281Z   TRUST_X_FORWARDED: 1
2025-08-20T22:39:08.1510470Z ##[endgroup]
2025-08-20T22:39:08.1673742Z ##[group]Run actions/setup-python@v5
2025-08-20T22:39:08.1674100Z with:
2025-08-20T22:39:08.1674275Z   python-version: 3.12
2025-08-20T22:39:08.1674476Z   cache: pip
2025-08-20T22:39:08.1674686Z   cache-dependency-path: requirements-dev.txt
2025-08-20T22:39:08.1674974Z   check-latest: false
2025-08-20T22:39:08.1675293Z   token: ***
2025-08-20T22:39:08.1675474Z   update-environment: true
2025-08-20T22:39:08.1675692Z   allow-prereleases: false
2025-08-20T22:39:08.1675886Z   freethreaded: false
2025-08-20T22:39:08.1676067Z env:
2025-08-20T22:39:08.1676246Z   REDIS_URL: redis://localhost:6379/0
2025-08-20T22:39:08.1676494Z   RATE_LIMIT_DEFAULT: 100/minute
2025-08-20T22:39:08.1676706Z   TRUST_X_FORWARDED: 1
2025-08-20T22:39:08.1676890Z   PG_USER: postgres
2025-08-20T22:39:08.1677076Z   PG_PASSWORD: pass
2025-08-20T22:39:08.1677250Z   PG_DATABASE: awa
2025-08-20T22:39:08.1677428Z   PG_HOST: localhost
2025-08-20T22:39:08.1677602Z   PG_PORT: 5432
2025-08-20T22:39:08.1678008Z   PG_SYNC_DSN: ***localhost:5432/awa
2025-08-20T22:39:08.1678390Z   PG_ASYNC_DSN: ***localhost:5432/awa
2025-08-20T22:39:08.1678773Z   DATABASE_URL: ***localhost:5432/awa
2025-08-20T22:39:08.1679011Z   DATA_DIR: /tmp/awa-data
2025-08-20T22:39:08.1679197Z   ENABLE_LIVE: 0
2025-08-20T22:39:08.1679366Z   TESTING: 1
2025-08-20T22:39:08.1679529Z ##[endgroup]
2025-08-20T22:39:08.3376015Z ##[group]Installed versions
2025-08-20T22:39:08.3483770Z Successfully set up CPython (3.12.11)
2025-08-20T22:39:08.3484374Z ##[endgroup]
2025-08-20T22:39:08.3806230Z [command]/opt/hostedtoolcache/Python/3.12.11/x64/bin/pip cache dir
2025-08-20T22:39:15.8067916Z /home/runner/.cache/pip
2025-08-20T22:39:15.9223815Z Cache hit for: setup-python-Linux-x64-24.04-Ubuntu-python-3.12.11-pip-cc13ccef493b9f3a93ad5651164d9fb09282c1111f6f72ce20e0657de16de6b4
2025-08-20T22:39:16.9737373Z Received 234881024 of 376053341 (62.5%), 224.0 MBs/sec
2025-08-20T22:39:17.5837621Z Received 376053341 of 376053341 (100.0%), 222.6 MBs/sec
2025-08-20T22:39:17.5840028Z Cache Size: ~359 MB (376053341 B)
2025-08-20T22:39:17.5887797Z [command]/usr/bin/tar -xf /home/runner/work/_temp/981fa0ac-b7c8-49ce-8940-064b9c7c3b3a/cache.tzst -P -C /home/runner/work/AWA-App/AWA-App --use-compress-program unzstd
2025-08-20T22:39:18.2095450Z Cache restored successfully
2025-08-20T22:39:18.2794514Z Cache restored from key: setup-python-Linux-x64-24.04-Ubuntu-python-3.12.11-pip-cc13ccef493b9f3a93ad5651164d9fb09282c1111f6f72ce20e0657de16de6b4
2025-08-20T22:39:18.2966436Z ##[group]Run pip install --break-system-packages -r requirements-dev.txt
2025-08-20T22:39:18.2966962Z [36;1mpip install --break-system-packages -r requirements-dev.txt[0m
2025-08-20T22:39:18.2967424Z [36;1mpip install --break-system-packages keepa==1.3.15 minio==7.1.15[0m
2025-08-20T22:39:18.3010900Z shell: /usr/bin/bash -e {0}
2025-08-20T22:39:18.3011133Z env:
2025-08-20T22:39:18.3011339Z   REDIS_URL: redis://localhost:6379/0
2025-08-20T22:39:18.3011606Z   RATE_LIMIT_DEFAULT: 100/minute
2025-08-20T22:39:18.3011829Z   TRUST_X_FORWARDED: 1
2025-08-20T22:39:18.3012039Z   PG_USER: postgres
2025-08-20T22:39:18.3012231Z   PG_PASSWORD: pass
2025-08-20T22:39:18.3012409Z   PG_DATABASE: awa
2025-08-20T22:39:18.3012594Z   PG_HOST: localhost
2025-08-20T22:39:18.3012782Z   PG_PORT: 5432
2025-08-20T22:39:18.3013243Z   PG_SYNC_DSN: ***localhost:5432/awa
2025-08-20T22:39:18.3014031Z   PG_ASYNC_DSN: ***localhost:5432/awa
2025-08-20T22:39:18.3014434Z   DATABASE_URL: ***localhost:5432/awa
2025-08-20T22:39:18.3014702Z   DATA_DIR: /tmp/awa-data
2025-08-20T22:39:18.3014915Z   ENABLE_LIVE: 0
2025-08-20T22:39:18.3015095Z   TESTING: 1
2025-08-20T22:39:18.3015336Z   pythonLocation: /opt/hostedtoolcache/Python/3.12.11/x64
2025-08-20T22:39:18.3015759Z   PKG_CONFIG_PATH: /opt/hostedtoolcache/Python/3.12.11/x64/lib/pkgconfig
2025-08-20T22:39:18.3016153Z   Python_ROOT_DIR: /opt/hostedtoolcache/Python/3.12.11/x64
2025-08-20T22:39:18.3016505Z   Python2_ROOT_DIR: /opt/hostedtoolcache/Python/3.12.11/x64
2025-08-20T22:39:18.3016856Z   Python3_ROOT_DIR: /opt/hostedtoolcache/Python/3.12.11/x64
2025-08-20T22:39:18.3017206Z   LD_LIBRARY_PATH: /opt/hostedtoolcache/Python/3.12.11/x64/lib
2025-08-20T22:39:18.3017508Z ##[endgroup]
2025-08-20T22:39:21.7138487Z Collecting Jinja2==3.1.6 (from -r requirements-dev.txt (line 2))
2025-08-20T22:39:21.7151947Z   Using cached jinja2-3.1.6-py3-none-any.whl.metadata (2.9 kB)
2025-08-20T22:39:21.7366660Z Collecting alembic==1.16.4 (from -r requirements-dev.txt (line 3))
2025-08-20T22:39:21.7378641Z   Using cached alembic-1.16.4-py3-none-any.whl.metadata (7.3 kB)
2025-08-20T22:39:21.7539798Z Collecting apscheduler==3.10.4 (from -r requirements-dev.txt (line 4))
2025-08-20T22:39:21.7550965Z   Using cached APScheduler-3.10.4-py3-none-any.whl.metadata (5.7 kB)
2025-08-20T22:39:21.7692915Z Collecting asgi-correlation-id==4.3.1 (from -r requirements-dev.txt (line 5))
2025-08-20T22:39:21.7704073Z   Using cached asgi_correlation_id-4.3.1-py3-none-any.whl.metadata (28 kB)
2025-08-20T22:39:21.8094577Z Collecting asyncpg==0.30.0 (from -r requirements-dev.txt (line 6))
2025-08-20T22:39:21.8106230Z   Using cached asyncpg-0.30.0-cp312-cp312-manylinux_2_17_x86_64.manylinux2014_x86_64.whl.metadata (5.0 kB)
2025-08-20T22:39:21.8535833Z Collecting black==25.1.0 (from -r requirements-dev.txt (line 7))
2025-08-20T22:39:21.8548193Z   Using cached black-25.1.0-cp312-cp312-manylinux_2_17_x86_64.manylinux2014_x86_64.manylinux_2_28_x86_64.whl.metadata (81 kB)
2025-08-20T22:39:22.1789886Z Collecting boto3 (from -r requirements-dev.txt (line 8))
2025-08-20T22:39:22.1803480Z   Using cached boto3-1.40.14-py3-none-any.whl.metadata (6.7 kB)
2025-08-20T22:39:22.2081468Z Collecting redis==6.* (from -r requirements-dev.txt (line 9))
2025-08-20T22:39:22.2093776Z   Using cached redis-6.4.0-py3-none-any.whl.metadata (10 kB)
2025-08-20T22:39:22.2393765Z Collecting minio==7.* (from -r requirements-dev.txt (line 10))
2025-08-20T22:39:22.2405515Z   Using cached minio-7.2.16-py3-none-any.whl.metadata (6.5 kB)
2025-08-20T22:39:22.2547140Z Collecting vulture==2.10 (from -r requirements-dev.txt (line 11))
2025-08-20T22:39:22.2558673Z   Using cached vulture-2.10-py2.py3-none-any.whl.metadata (23 kB)
2025-08-20T22:39:22.2861518Z Collecting celery==5.5.3 (from -r requirements-dev.txt (line 12))
2025-08-20T22:39:22.2873282Z   Using cached celery-5.5.3-py3-none-any.whl.metadata (22 kB)
2025-08-20T22:39:22.3433507Z Collecting fastapi==0.116.1 (from -r requirements-dev.txt (line 13))
2025-08-20T22:39:22.3446187Z   Using cached fastapi-0.116.1-py3-none-any.whl.metadata (28 kB)
2025-08-20T22:39:22.3624792Z Collecting fastapi-limiter==0.1.6 (from -r requirements-dev.txt (line 15))
2025-08-20T22:39:22.3636044Z   Using cached fastapi_limiter-0.1.6-py3-none-any.whl.metadata (5.3 kB)
2025-08-20T22:39:22.3826985Z Collecting httpx<0.29,>=0.27 (from -r requirements-dev.txt (line 16))
2025-08-20T22:39:22.3838117Z   Using cached httpx-0.28.1-py3-none-any.whl.metadata (7.1 kB)
2025-08-20T22:39:22.3940827Z Collecting imapclient==3.0.1 (from -r requirements-dev.txt (line 17))
2025-08-20T22:39:22.3952000Z   Using cached IMAPClient-3.0.1-py2.py3-none-any.whl.metadata (1.7 kB)
2025-08-20T22:39:22.4039920Z Collecting itsdangerous (from -r requirements-dev.txt (line 18))
2025-08-20T22:39:22.4050964Z   Using cached itsdangerous-2.2.0-py3-none-any.whl.metadata (1.9 kB)
2025-08-20T22:39:22.5004471Z Collecting mypy==1.* (from -r requirements-dev.txt (line 19))
2025-08-20T22:39:22.5016767Z   Using cached mypy-1.17.1-cp312-cp312-manylinux2014_x86_64.manylinux_2_17_x86_64.manylinux_2_28_x86_64.whl.metadata (2.2 kB)
2025-08-20T22:39:22.5114283Z Collecting mypy-extensions==1.1.0 (from -r requirements-dev.txt (line 20))
2025-08-20T22:39:22.5126102Z   Using cached mypy_extensions-1.1.0-py3-none-any.whl.metadata (1.1 kB)
2025-08-20T22:39:22.6934729Z Collecting numpy<2 (from -r requirements-dev.txt (line 21))
2025-08-20T22:39:22.6948651Z   Using cached numpy-1.26.4-cp312-cp312-manylinux_2_17_x86_64.manylinux2014_x86_64.whl.metadata (61 kB)
2025-08-20T22:39:22.7187796Z Collecting openpyxl==3.1.5 (from -r requirements-dev.txt (line 22))
2025-08-20T22:39:22.7199853Z   Using cached openpyxl-3.1.5-py2.py3-none-any.whl.metadata (2.5 kB)
2025-08-20T22:39:22.8215699Z Collecting pandas==2.2.* (from -r requirements-dev.txt (line 23))
2025-08-20T22:39:22.8227841Z   Using cached pandas-2.2.3-cp312-cp312-manylinux_2_17_x86_64.manylinux2014_x86_64.whl.metadata (89 kB)
2025-08-20T22:39:22.9127743Z Collecting psycopg2-binary==2.9.10 (from -r requirements-dev.txt (line 24))
2025-08-20T22:39:22.9140194Z   Using cached psycopg2_binary-2.9.10-cp312-cp312-manylinux_2_17_x86_64.manylinux2014_x86_64.whl.metadata (4.9 kB)
2025-08-20T22:39:22.9285677Z Collecting psycopg==3.2.9 (from psycopg[binary]==3.2.9->-r requirements-dev.txt (line 25))
2025-08-20T22:39:22.9296992Z   Using cached psycopg-3.2.9-py3-none-any.whl.metadata (4.5 kB)
2025-08-20T22:39:23.0352588Z Collecting pydantic==2.11.7 (from -r requirements-dev.txt (line 26))
2025-08-20T22:39:23.0364520Z   Using cached pydantic-2.11.7-py3-none-any.whl.metadata (67 kB)
2025-08-20T22:39:23.1566524Z Collecting setuptools (from -r requirements-dev.txt (line 27))
2025-08-20T22:39:23.1579471Z   Using cached setuptools-80.9.0-py3-none-any.whl.metadata (6.6 kB)
2025-08-20T22:39:23.1825979Z Collecting pytest-asyncio==1.1.0 (from -r requirements-dev.txt (line 28))
2025-08-20T22:39:23.1858905Z   Using cached pytest_asyncio-1.1.0-py3-none-any.whl.metadata (4.1 kB)
2025-08-20T22:39:23.1974180Z Collecting pytest-cov==6.2.1 (from -r requirements-dev.txt (line 29))
2025-08-20T22:39:23.1985683Z   Using cached pytest_cov-6.2.1-py3-none-any.whl.metadata (30 kB)
2025-08-20T22:39:23.2131933Z Collecting pytest-postgresql==7.0.2 (from -r requirements-dev.txt (line 30))
2025-08-20T22:39:23.2143866Z   Using cached pytest_postgresql-7.0.2-py3-none-any.whl.metadata (18 kB)
2025-08-20T22:39:23.2309155Z Collecting python-dotenv (from -r requirements-dev.txt (line 31))
2025-08-20T22:39:23.2320551Z   Using cached python_dotenv-1.1.1-py3-none-any.whl.metadata (24 kB)
2025-08-20T22:39:23.2438704Z Collecting python-multipart (from -r requirements-dev.txt (line 32))
2025-08-20T22:39:23.2450137Z   Using cached python_multipart-0.0.20-py3-none-any.whl.metadata (1.8 kB)
2025-08-20T22:39:23.2737901Z Collecting python-telegram-bot==22.3 (from -r requirements-dev.txt (line 33))
2025-08-20T22:39:23.2749569Z   Using cached python_telegram_bot-22.3-py3-none-any.whl.metadata (17 kB)
2025-08-20T22:39:23.3022449Z Collecting requests==2.32.4 (from -r requirements-dev.txt (line 34))
2025-08-20T22:39:23.3034272Z   Using cached requests-2.32.4-py3-none-any.whl.metadata (4.9 kB)
2025-08-20T22:39:23.3177732Z Collecting respx==0.22.0 (from -r requirements-dev.txt (line 35))
2025-08-20T22:39:23.3188939Z   Using cached respx-0.22.0-py2.py3-none-any.whl.metadata (4.1 kB)
2025-08-20T22:39:23.6682999Z Collecting ruff==0.9.9 (from -r requirements-dev.txt (line 36))
2025-08-20T22:39:23.6697444Z   Using cached ruff-0.9.9-py3-none-manylinux_2_17_x86_64.manylinux2014_x86_64.whl.metadata (25 kB)
2025-08-20T22:39:23.9193528Z Collecting sqlalchemy==2.0.43 (from -r requirements-dev.txt (line 37))
2025-08-20T22:39:23.9207574Z   Using cached sqlalchemy-2.0.43-cp312-cp312-manylinux_2_17_x86_64.manylinux2014_x86_64.whl.metadata (9.6 kB)
2025-08-20T22:39:23.9419324Z Collecting structlog==24.1.0 (from -r requirements-dev.txt (line 38))
2025-08-20T22:39:23.9431167Z   Using cached structlog-24.1.0-py3-none-any.whl.metadata (6.9 kB)
2025-08-20T22:39:23.9610042Z Collecting testcontainers==4.12.0 (from testcontainers[postgres]==4.12.0->-r requirements-dev.txt (line 39))
2025-08-20T22:39:23.9621657Z   Using cached testcontainers-4.12.0-py3-none-any.whl.metadata (8.3 kB)
2025-08-20T22:39:23.9992392Z Collecting types-requests==2.32.4.20250809 (from -r requirements-dev.txt (line 40))
2025-08-20T22:39:24.0004569Z   Using cached types_requests-2.32.4.20250809-py3-none-any.whl.metadata (2.0 kB)
2025-08-20T22:39:24.0111313Z Collecting docspec-python==2.2.2 (from -r requirements-dev.txt (line 41))
2025-08-20T22:39:24.0122756Z   Using cached docspec_python-2.2.2-py3-none-any.whl.metadata (1.0 kB)
2025-08-20T22:39:24.0267236Z Collecting pydoc-markdown==4.8.2 (from -r requirements-dev.txt (line 42))
2025-08-20T22:39:24.0278725Z   Using cached pydoc_markdown-4.8.2-py3-none-any.whl.metadata (5.9 kB)
2025-08-20T22:39:24.0978429Z Collecting pandera==0.19.* (from -r requirements-dev.txt (line 43))
2025-08-20T22:39:24.0991773Z   Using cached pandera-0.19.3-py3-none-any.whl.metadata (15 kB)
2025-08-20T22:39:24.1514914Z Collecting MarkupSafe>=2.0 (from Jinja2==3.1.6->-r requirements-dev.txt (line 2))
2025-08-20T22:39:24.1527531Z   Using cached MarkupSafe-3.0.2-cp312-cp312-manylinux_2_17_x86_64.manylinux2014_x86_64.whl.metadata (4.0 kB)
2025-08-20T22:39:24.1808041Z Collecting Mako (from alembic==1.16.4->-r requirements-dev.txt (line 3))
2025-08-20T22:39:24.1819958Z   Using cached mako-1.3.10-py3-none-any.whl.metadata (2.9 kB)
2025-08-20T22:39:24.1976119Z Collecting typing-extensions>=4.12 (from alembic==1.16.4->-r requirements-dev.txt (line 3))
2025-08-20T22:39:24.1988114Z   Using cached typing_extensions-4.14.1-py3-none-any.whl.metadata (3.0 kB)
2025-08-20T22:39:24.2119306Z Collecting six>=1.4.0 (from apscheduler==3.10.4->-r requirements-dev.txt (line 4))
2025-08-20T22:39:24.2130927Z   Using cached six-1.17.0-py2.py3-none-any.whl.metadata (1.7 kB)
2025-08-20T22:39:24.2457674Z Collecting pytz (from apscheduler==3.10.4->-r requirements-dev.txt (line 4))
2025-08-20T22:39:24.2469875Z   Using cached pytz-2025.2-py2.py3-none-any.whl.metadata (22 kB)
2025-08-20T22:39:24.2616887Z Collecting tzlocal!=3.*,>=2.0 (from apscheduler==3.10.4->-r requirements-dev.txt (line 4))
2025-08-20T22:39:24.2628179Z   Using cached tzlocal-5.3.1-py3-none-any.whl.metadata (7.6 kB)
2025-08-20T22:39:24.2915725Z Collecting starlette>=0.18 (from asgi-correlation-id==4.3.1->-r requirements-dev.txt (line 5))
2025-08-20T22:39:24.2927325Z   Using cached starlette-0.47.2-py3-none-any.whl.metadata (6.2 kB)
2025-08-20T22:39:24.3113199Z Collecting click>=8.0.0 (from black==25.1.0->-r requirements-dev.txt (line 7))
2025-08-20T22:39:24.3125051Z   Using cached click-8.2.1-py3-none-any.whl.metadata (2.5 kB)
2025-08-20T22:39:24.3271695Z Collecting packaging>=22.0 (from black==25.1.0->-r requirements-dev.txt (line 7))
2025-08-20T22:39:24.3282876Z   Using cached packaging-25.0-py3-none-any.whl.metadata (3.3 kB)
2025-08-20T22:39:24.3389650Z Collecting pathspec>=0.9.0 (from black==25.1.0->-r requirements-dev.txt (line 7))
2025-08-20T22:39:24.3400933Z   Using cached pathspec-0.12.1-py3-none-any.whl.metadata (21 kB)
2025-08-20T22:39:24.3579168Z Collecting platformdirs>=2 (from black==25.1.0->-r requirements-dev.txt (line 7))
2025-08-20T22:39:24.3590215Z   Using cached platformdirs-4.3.8-py3-none-any.whl.metadata (12 kB)
2025-08-20T22:39:24.3700869Z Collecting toml (from vulture==2.10->-r requirements-dev.txt (line 11))
2025-08-20T22:39:24.3712101Z   Using cached toml-0.10.2-py2.py3-none-any.whl.metadata (7.1 kB)
2025-08-20T22:39:24.3878565Z Collecting billiard<5.0,>=4.2.1 (from celery==5.5.3->-r requirements-dev.txt (line 12))
2025-08-20T22:39:24.3890392Z   Using cached billiard-4.2.1-py3-none-any.whl.metadata (4.4 kB)
2025-08-20T22:39:24.4180307Z Collecting kombu<5.6,>=5.5.2 (from celery==5.5.3->-r requirements-dev.txt (line 12))
2025-08-20T22:39:24.4191883Z   Using cached kombu-5.5.4-py3-none-any.whl.metadata (3.5 kB)
2025-08-20T22:39:24.4335154Z Collecting vine<6.0,>=5.1.0 (from celery==5.5.3->-r requirements-dev.txt (line 12))
2025-08-20T22:39:24.4346430Z   Using cached vine-5.1.0-py3-none-any.whl.metadata (2.7 kB)
2025-08-20T22:39:24.4468893Z Collecting click-didyoumean>=0.3.0 (from celery==5.5.3->-r requirements-dev.txt (line 12))
2025-08-20T22:39:24.4480351Z   Using cached click_didyoumean-0.3.1-py3-none-any.whl.metadata (3.9 kB)
2025-08-20T22:39:24.4565965Z Collecting click-repl>=0.2.0 (from celery==5.5.3->-r requirements-dev.txt (line 12))
2025-08-20T22:39:24.4577368Z   Using cached click_repl-0.3.0-py3-none-any.whl.metadata (3.6 kB)
2025-08-20T22:39:24.4664067Z Collecting click-plugins>=1.1.1 (from celery==5.5.3->-r requirements-dev.txt (line 12))
2025-08-20T22:39:24.4675797Z   Using cached click_plugins-1.1.1.2-py2.py3-none-any.whl.metadata (6.5 kB)
2025-08-20T22:39:24.4793233Z Collecting python-dateutil>=2.8.2 (from celery==5.5.3->-r requirements-dev.txt (line 12))
2025-08-20T22:39:24.4805226Z   Using cached python_dateutil-2.9.0.post0-py2.py3-none-any.whl.metadata (8.4 kB)
2025-08-20T22:39:24.5153326Z Collecting annotated-types>=0.6.0 (from pydantic==2.11.7->-r requirements-dev.txt (line 26))
2025-08-20T22:39:24.5165268Z   Using cached annotated_types-0.7.0-py3-none-any.whl.metadata (15 kB)
2025-08-20T22:39:25.1750893Z Collecting pydantic-core==2.33.2 (from pydantic==2.11.7->-r requirements-dev.txt (line 26))
2025-08-20T22:39:25.1764808Z   Using cached pydantic_core-2.33.2-cp312-cp312-manylinux_2_17_x86_64.manylinux2014_x86_64.whl.metadata (6.8 kB)
2025-08-20T22:39:25.1891921Z Collecting typing-inspection>=0.4.0 (from pydantic==2.11.7->-r requirements-dev.txt (line 26))
2025-08-20T22:39:25.1904309Z   Using cached typing_inspection-0.4.1-py3-none-any.whl.metadata (2.6 kB)
2025-08-20T22:39:25.2135754Z Collecting et-xmlfile (from openpyxl==3.1.5->-r requirements-dev.txt (line 22))
2025-08-20T22:39:25.2147727Z   Using cached et_xmlfile-2.0.0-py3-none-any.whl.metadata (2.7 kB)
2025-08-20T22:39:25.2564212Z Collecting pytest<9,>=8.2 (from pytest-asyncio==1.1.0->-r requirements-dev.txt (line 28))
2025-08-20T22:39:25.2576121Z   Using cached pytest-8.4.1-py3-none-any.whl.metadata (7.7 kB)
2025-08-20T22:39:25.5695964Z Collecting coverage>=7.5 (from coverage[toml]>=7.5->pytest-cov==6.2.1->-r requirements-dev.txt (line 29))
2025-08-20T22:39:25.5711061Z   Using cached coverage-7.10.4-cp312-cp312-manylinux1_x86_64.manylinux_2_28_x86_64.manylinux_2_5_x86_64.whl.metadata (8.9 kB)
2025-08-20T22:39:25.5834140Z Collecting pluggy>=1.2 (from pytest-cov==6.2.1->-r requirements-dev.txt (line 29))
2025-08-20T22:39:25.5846245Z   Using cached pluggy-1.6.0-py3-none-any.whl.metadata (4.8 kB)
2025-08-20T22:39:25.6114026Z Collecting port-for>=0.7.3 (from pytest-postgresql==7.0.2->-r requirements-dev.txt (line 30))
2025-08-20T22:39:25.6125607Z   Using cached port_for-0.7.4-py3-none-any.whl.metadata (7.1 kB)
2025-08-20T22:39:25.6251055Z Collecting mirakuru>=2.6.0 (from pytest-postgresql==7.0.2->-r requirements-dev.txt (line 30))
2025-08-20T22:39:25.6262039Z   Using cached mirakuru-2.6.1-py3-none-any.whl.metadata (10 kB)
2025-08-20T22:39:25.7087972Z Collecting charset_normalizer<4,>=2 (from requests==2.32.4->-r requirements-dev.txt (line 34))
2025-08-20T22:39:25.7101233Z   Using cached charset_normalizer-3.4.3-cp312-cp312-manylinux2014_x86_64.manylinux_2_17_x86_64.manylinux_2_28_x86_64.whl.metadata (36 kB)
2025-08-20T22:39:25.7303818Z Collecting idna<4,>=2.5 (from requests==2.32.4->-r requirements-dev.txt (line 34))
2025-08-20T22:39:25.7315797Z   Using cached idna-3.10-py3-none-any.whl.metadata (10 kB)
2025-08-20T22:39:25.7578638Z Collecting urllib3<3,>=1.21.1 (from requests==2.32.4->-r requirements-dev.txt (line 34))
2025-08-20T22:39:25.7590166Z   Using cached urllib3-2.5.0-py3-none-any.whl.metadata (6.5 kB)
2025-08-20T22:39:25.7783007Z Collecting certifi>=2017.4.17 (from requests==2.32.4->-r requirements-dev.txt (line 34))
2025-08-20T22:39:25.7794994Z   Using cached certifi-2025.8.3-py3-none-any.whl.metadata (2.4 kB)
2025-08-20T22:39:25.9767479Z Collecting greenlet>=1 (from sqlalchemy==2.0.43->-r requirements-dev.txt (line 37))
2025-08-20T22:39:25.9781152Z   Using cached greenlet-3.2.4-cp312-cp312-manylinux_2_24_x86_64.manylinux_2_28_x86_64.whl.metadata (4.1 kB)
2025-08-20T22:39:26.0006100Z Collecting docker (from testcontainers==4.12.0->testcontainers[postgres]==4.12.0->-r requirements-dev.txt (line 39))
2025-08-20T22:39:26.0017846Z   Using cached docker-7.1.0-py3-none-any.whl.metadata (3.8 kB)
2025-08-20T22:39:26.0970365Z Collecting wrapt (from testcontainers==4.12.0->testcontainers[postgres]==4.12.0->-r requirements-dev.txt (line 39))
2025-08-20T22:39:26.0985456Z   Using cached wrapt-1.17.3-cp312-cp312-manylinux1_x86_64.manylinux_2_28_x86_64.manylinux_2_5_x86_64.whl.metadata (6.4 kB)
2025-08-20T22:39:26.1223905Z Collecting docspec==2.2.1 (from docspec-python==2.2.2->-r requirements-dev.txt (line 41))
2025-08-20T22:39:26.1235036Z   Using cached docspec-2.2.1-py3-none-any.whl.metadata (1.5 kB)
2025-08-20T22:39:26.1373824Z Collecting nr-util>=0.8.12 (from docspec-python==2.2.2->-r requirements-dev.txt (line 41))
2025-08-20T22:39:26.1384950Z   Using cached nr.util-0.8.12-py3-none-any.whl.metadata (813 bytes)
2025-08-20T22:39:26.1706035Z Collecting PyYAML<7.0,>=5.0 (from pydoc-markdown==4.8.2->-r requirements-dev.txt (line 42))
2025-08-20T22:39:26.1717482Z   Using cached PyYAML-6.0.2-cp312-cp312-manylinux_2_17_x86_64.manylinux2014_x86_64.whl.metadata (2.1 kB)
2025-08-20T22:39:26.1952510Z Collecting databind.core<5.0.0,>=4.4.0 (from pydoc-markdown==4.8.2->-r requirements-dev.txt (line 42))
2025-08-20T22:39:26.1963959Z   Using cached databind.core-4.5.2-py3-none-any.whl.metadata (1.1 kB)
2025-08-20T22:39:26.2147745Z Collecting databind.json<5.0.0,>=4.4.0 (from pydoc-markdown==4.8.2->-r requirements-dev.txt (line 42))
2025-08-20T22:39:26.2158838Z   Using cached databind.json-4.5.2-py3-none-any.whl.metadata (1.1 kB)
2025-08-20T22:39:26.2289403Z Collecting docstring-parser<0.12,>=0.11 (from pydoc-markdown==4.8.2->-r requirements-dev.txt (line 42))
2025-08-20T22:39:26.2290455Z   Using cached docstring_parser-0.11-py3-none-any.whl
2025-08-20T22:39:26.2628112Z Collecting tomli<3.0.0,>=2.0.0 (from pydoc-markdown==4.8.2->-r requirements-dev.txt (line 42))
2025-08-20T22:39:26.2639567Z   Using cached tomli-2.2.1-cp312-cp312-manylinux_2_17_x86_64.manylinux2014_x86_64.whl.metadata (11 kB)
2025-08-20T22:39:26.2730905Z Collecting tomli_w<2.0.0,>=1.0.0 (from pydoc-markdown==4.8.2->-r requirements-dev.txt (line 42))
2025-08-20T22:39:26.2741880Z   Using cached tomli_w-1.2.0-py3-none-any.whl.metadata (5.7 kB)
2025-08-20T22:39:26.3189000Z Collecting watchdog (from pydoc-markdown==4.8.2->-r requirements-dev.txt (line 42))
2025-08-20T22:39:26.3200355Z   Using cached watchdog-6.0.0-py3-none-manylinux2014_x86_64.whl.metadata (44 kB)
2025-08-20T22:39:26.3397033Z Collecting yapf>=0.30.0 (from pydoc-markdown==4.8.2->-r requirements-dev.txt (line 42))
2025-08-20T22:39:26.3408346Z   Using cached yapf-0.43.0-py3-none-any.whl.metadata (46 kB)
2025-08-20T22:39:26.3588395Z Collecting Deprecated<2.0.0,>=1.2.12 (from docspec==2.2.1->docspec-python==2.2.2->-r requirements-dev.txt (line 41))
2025-08-20T22:39:26.3599513Z   Using cached Deprecated-1.2.18-py2.py3-none-any.whl.metadata (5.7 kB)
2025-08-20T22:39:26.5074578Z Collecting psycopg-binary==3.2.9 (from psycopg[binary]==3.2.9->-r requirements-dev.txt (line 25))
2025-08-20T22:39:26.5086834Z   Using cached psycopg_binary-3.2.9-cp312-cp312-manylinux_2_17_x86_64.manylinux2014_x86_64.whl.metadata (2.9 kB)
2025-08-20T22:39:26.5400785Z Collecting argon2-cffi (from minio==7.*->-r requirements-dev.txt (line 10))
2025-08-20T22:39:26.5412398Z   Using cached argon2_cffi-25.1.0-py3-none-any.whl.metadata (4.1 kB)
2025-08-20T22:39:26.6182478Z Collecting pycryptodome (from minio==7.*->-r requirements-dev.txt (line 10))
2025-08-20T22:39:26.6195405Z   Using cached pycryptodome-3.23.0-cp37-abi3-manylinux_2_17_x86_64.manylinux2014_x86_64.whl.metadata (3.4 kB)
2025-08-20T22:39:26.6381248Z Collecting anyio (from httpx<0.29,>=0.27->-r requirements-dev.txt (line 16))
2025-08-20T22:39:26.6392574Z   Using cached anyio-4.10.0-py3-none-any.whl.metadata (4.0 kB)
2025-08-20T22:39:26.6570472Z Collecting httpcore==1.* (from httpx<0.29,>=0.27->-r requirements-dev.txt (line 16))
2025-08-20T22:39:26.6583379Z   Using cached httpcore-1.0.9-py3-none-any.whl.metadata (21 kB)
2025-08-20T22:39:26.6893529Z Collecting tzdata>=2022.7 (from pandas==2.2.*->-r requirements-dev.txt (line 23))
2025-08-20T22:39:26.6905498Z   Using cached tzdata-2025.2-py2.py3-none-any.whl.metadata (1.4 kB)
2025-08-20T22:39:26.7042020Z Collecting multimethod<=1.10.0 (from pandera==0.19.*->-r requirements-dev.txt (line 43))
2025-08-20T22:39:26.7053421Z   Using cached multimethod-1.10-py3-none-any.whl.metadata (8.2 kB)
2025-08-20T22:39:26.7468916Z Collecting typeguard (from pandera==0.19.*->-r requirements-dev.txt (line 43))
2025-08-20T22:39:26.7480569Z   Using cached typeguard-4.4.4-py3-none-any.whl.metadata (3.3 kB)
2025-08-20T22:39:26.7576283Z Collecting typing-inspect>=0.6.0 (from pandera==0.19.*->-r requirements-dev.txt (line 43))
2025-08-20T22:39:26.7587507Z   Using cached typing_inspect-0.9.0-py3-none-any.whl.metadata (1.5 kB)
2025-08-20T22:39:26.7825520Z Collecting databind<5.0.0,>=4.5.2 (from databind.core<5.0.0,>=4.4.0->pydoc-markdown==4.8.2->-r requirements-dev.txt (line 42))
2025-08-20T22:39:26.7836985Z   Using cached databind-4.5.2-py3-none-any.whl.metadata (4.3 kB)
2025-08-20T22:39:26.7942034Z Collecting nr-date<3.0.0,>=2.0.0 (from databind<5.0.0,>=4.5.2->databind.core<5.0.0,>=4.4.0->pydoc-markdown==4.8.2->-r requirements-dev.txt (line 42))
2025-08-20T22:39:26.7953510Z   Using cached nr_date-2.1.0-py3-none-any.whl.metadata (746 bytes)
2025-08-20T22:39:26.8060193Z Collecting nr-stream<2.0.0,>=1.0.0 (from databind<5.0.0,>=4.5.2->databind.core<5.0.0,>=4.4.0->pydoc-markdown==4.8.2->-r requirements-dev.txt (line 42))
2025-08-20T22:39:26.8071671Z   Using cached nr_stream-1.1.5-py3-none-any.whl.metadata (3.6 kB)
2025-08-20T22:39:26.8221776Z Collecting typeapi<3,>=2.0.1 (from databind<5.0.0,>=4.5.2->databind.core<5.0.0,>=4.4.0->pydoc-markdown==4.8.2->-r requirements-dev.txt (line 42))
2025-08-20T22:39:26.8233372Z   Using cached typeapi-2.2.4-py3-none-any.whl.metadata (1.5 kB)
2025-08-20T22:39:26.8506373Z Collecting h11>=0.16 (from httpcore==1.*->httpx<0.29,>=0.27->-r requirements-dev.txt (line 16))
2025-08-20T22:39:26.8518299Z   Using cached h11-0.16.0-py3-none-any.whl.metadata (8.3 kB)
2025-08-20T22:39:26.8727744Z Collecting amqp<6.0.0,>=5.1.1 (from kombu<5.6,>=5.5.2->celery==5.5.3->-r requirements-dev.txt (line 12))
2025-08-20T22:39:26.8739369Z   Using cached amqp-5.3.1-py3-none-any.whl.metadata (8.9 kB)
2025-08-20T22:39:26.9114373Z Collecting iniconfig>=1 (from pytest<9,>=8.2->pytest-asyncio==1.1.0->-r requirements-dev.txt (line 28))
2025-08-20T22:39:26.9126338Z   Using cached iniconfig-2.1.0-py3-none-any.whl.metadata (2.7 kB)
2025-08-20T22:39:26.9328626Z Collecting pygments>=2.7.2 (from pytest<9,>=8.2->pytest-asyncio==1.1.0->-r requirements-dev.txt (line 28))
2025-08-20T22:39:26.9340284Z   Using cached pygments-2.19.2-py3-none-any.whl.metadata (2.5 kB)
2025-08-20T22:39:26.9659598Z Collecting sniffio>=1.1 (from anyio->httpx<0.29,>=0.27->-r requirements-dev.txt (line 16))
2025-08-20T22:39:26.9671713Z   Using cached sniffio-1.3.1-py3-none-any.whl.metadata (3.9 kB)
2025-08-20T22:39:27.4448659Z Collecting botocore<1.41.0,>=1.40.14 (from boto3->-r requirements-dev.txt (line 8))
2025-08-20T22:39:27.4462859Z   Using cached botocore-1.40.14-py3-none-any.whl.metadata (5.7 kB)
2025-08-20T22:39:27.4588587Z Collecting jmespath<2.0.0,>=0.7.1 (from boto3->-r requirements-dev.txt (line 8))
2025-08-20T22:39:27.4600525Z   Using cached jmespath-1.0.1-py3-none-any.whl.metadata (7.6 kB)
2025-08-20T22:39:27.4768566Z Collecting s3transfer<0.14.0,>=0.13.0 (from boto3->-r requirements-dev.txt (line 8))
2025-08-20T22:39:27.4780283Z   Using cached s3transfer-0.13.1-py3-none-any.whl.metadata (1.7 kB)
2025-08-20T22:39:27.6840893Z Collecting fastapi-cli>=0.0.8 (from fastapi-cli[standard]>=0.0.8; extra == "all"->fastapi[all]->-r requirements-dev.txt (line 14))
2025-08-20T22:39:27.6852742Z   Using cached fastapi_cli-0.0.8-py3-none-any.whl.metadata (6.3 kB)
2025-08-20T22:39:27.7598176Z Collecting ujson!=4.0.2,!=4.1.0,!=4.2.0,!=4.3.0,!=5.0.0,!=5.1.0,>=4.0.1 (from fastapi[all]->-r requirements-dev.txt (line 14))
2025-08-20T22:39:27.7610884Z   Using cached ujson-5.11.0-cp312-cp312-manylinux_2_24_x86_64.manylinux_2_28_x86_64.whl.metadata (9.4 kB)
2025-08-20T22:39:27.9915240Z Collecting orjson>=3.2.1 (from fastapi[all]->-r requirements-dev.txt (line 14))
2025-08-20T22:39:27.9932003Z   Using cached orjson-3.11.2-cp312-cp312-manylinux_2_17_x86_64.manylinux2014_x86_64.whl.metadata (1.2 kB)
2025-08-20T22:39:28.0050791Z Collecting email-validator>=2.0.0 (from fastapi[all]->-r requirements-dev.txt (line 14))
2025-08-20T22:39:28.0069260Z   Using cached email_validator-2.2.0-py3-none-any.whl.metadata (25 kB)
2025-08-20T22:39:28.0348084Z Collecting uvicorn>=0.12.0 (from uvicorn[standard]>=0.12.0; extra == "all"->fastapi[all]->-r requirements-dev.txt (line 14))
2025-08-20T22:39:28.0360174Z   Using cached uvicorn-0.35.0-py3-none-any.whl.metadata (6.5 kB)
2025-08-20T22:39:28.0517195Z Collecting pydantic-settings>=2.0.0 (from fastapi[all]->-r requirements-dev.txt (line 14))
2025-08-20T22:39:28.0529454Z   Using cached pydantic_settings-2.10.1-py3-none-any.whl.metadata (3.4 kB)
2025-08-20T22:39:28.0650680Z Collecting pydantic-extra-types>=2.0.0 (from fastapi[all]->-r requirements-dev.txt (line 14))
2025-08-20T22:39:28.0661724Z   Using cached pydantic_extra_types-2.10.5-py3-none-any.whl.metadata (3.9 kB)
2025-08-20T22:39:28.1304215Z Collecting prompt-toolkit>=3.0.36 (from click-repl>=0.2.0->celery==5.5.3->-r requirements-dev.txt (line 12))
2025-08-20T22:39:28.1315339Z   Using cached prompt_toolkit-3.0.51-py3-none-any.whl.metadata (6.4 kB)
2025-08-20T22:39:28.1489937Z Collecting dnspython>=2.0.0 (from email-validator>=2.0.0->fastapi[all]->-r requirements-dev.txt (line 14))
2025-08-20T22:39:28.1500764Z   Using cached dnspython-2.7.0-py3-none-any.whl.metadata (5.8 kB)
2025-08-20T22:39:28.1772905Z Collecting typer>=0.15.1 (from fastapi-cli>=0.0.8->fastapi-cli[standard]>=0.0.8; extra == "all"->fastapi[all]->-r requirements-dev.txt (line 14))
2025-08-20T22:39:28.1784306Z   Using cached typer-0.16.1-py3-none-any.whl.metadata (15 kB)
2025-08-20T22:39:28.2035093Z Collecting rich-toolkit>=0.14.8 (from fastapi-cli>=0.0.8->fastapi-cli[standard]>=0.0.8; extra == "all"->fastapi[all]->-r requirements-dev.txt (line 14))
2025-08-20T22:39:28.2045655Z   Using cached rich_toolkit-0.15.0-py3-none-any.whl.metadata (1.0 kB)
2025-08-20T22:39:28.2148821Z Collecting fastapi-cloud-cli>=0.1.1 (from fastapi-cli[standard]>=0.0.8; extra == "all"->fastapi[all]->-r requirements-dev.txt (line 14))
2025-08-20T22:39:28.2159524Z   Using cached fastapi_cloud_cli-0.1.5-py3-none-any.whl.metadata (3.2 kB)
2025-08-20T22:39:28.2867192Z Collecting rignore>=0.5.1 (from fastapi-cloud-cli>=0.1.1->fastapi-cli[standard]>=0.0.8; extra == "all"->fastapi[all]->-r requirements-dev.txt (line 14))
2025-08-20T22:39:28.2879495Z   Using cached rignore-0.6.4-cp312-cp312-manylinux_2_17_x86_64.manylinux2014_x86_64.whl.metadata (3.8 kB)
2025-08-20T22:39:28.3499615Z Collecting sentry-sdk>=2.20.0 (from fastapi-cloud-cli>=0.1.1->fastapi-cli[standard]>=0.0.8; extra == "all"->fastapi[all]->-r requirements-dev.txt (line 14))
2025-08-20T22:39:28.3510708Z   Using cached sentry_sdk-2.35.0-py2.py3-none-any.whl.metadata (10 kB)
2025-08-20T22:39:28.4411753Z Collecting psutil>=4.0.0 (from mirakuru>=2.6.0->pytest-postgresql==7.0.2->-r requirements-dev.txt (line 30))
2025-08-20T22:39:28.4424651Z   Using cached psutil-7.0.0-cp36-abi3-manylinux_2_12_x86_64.manylinux2010_x86_64.manylinux_2_17_x86_64.manylinux2014_x86_64.whl.metadata (22 kB)
2025-08-20T22:39:28.4735555Z Collecting wcwidth (from prompt-toolkit>=3.0.36->click-repl>=0.2.0->celery==5.5.3->-r requirements-dev.txt (line 12))
2025-08-20T22:39:28.4746681Z   Using cached wcwidth-0.2.13-py2.py3-none-any.whl.metadata (14 kB)
2025-08-20T22:39:28.5558058Z Collecting rich>=13.7.1 (from rich-toolkit>=0.14.8->fastapi-cli>=0.0.8->fastapi-cli[standard]>=0.0.8; extra == "all"->fastapi[all]->-r requirements-dev.txt (line 14))
2025-08-20T22:39:28.5569433Z   Using cached rich-14.1.0-py3-none-any.whl.metadata (18 kB)
2025-08-20T22:39:28.5746214Z Collecting markdown-it-py>=2.2.0 (from rich>=13.7.1->rich-toolkit>=0.14.8->fastapi-cli>=0.0.8->fastapi-cli[standard]>=0.0.8; extra == "all"->fastapi[all]->-r requirements-dev.txt (line 14))
2025-08-20T22:39:28.5757337Z   Using cached markdown_it_py-4.0.0-py3-none-any.whl.metadata (7.3 kB)
2025-08-20T22:39:28.5961541Z Collecting mdurl~=0.1 (from markdown-it-py>=2.2.0->rich>=13.7.1->rich-toolkit>=0.14.8->fastapi-cli>=0.0.8->fastapi-cli[standard]>=0.0.8; extra == "all"->fastapi[all]->-r requirements-dev.txt (line 14))
2025-08-20T22:39:28.5973469Z   Using cached mdurl-0.1.2-py3-none-any.whl.metadata (1.6 kB)
2025-08-20T22:39:28.6474843Z Collecting shellingham>=1.3.0 (from typer>=0.15.1->fastapi-cli>=0.0.8->fastapi-cli[standard]>=0.0.8; extra == "all"->fastapi[all]->-r requirements-dev.txt (line 14))
2025-08-20T22:39:28.6486111Z   Using cached shellingham-1.5.4-py2.py3-none-any.whl.metadata (3.5 kB)
2025-08-20T22:39:28.7179170Z Collecting httptools>=0.6.3 (from uvicorn[standard]>=0.12.0; extra == "all"->fastapi[all]->-r requirements-dev.txt (line 14))
2025-08-20T22:39:28.7190899Z   Using cached httptools-0.6.4-cp312-cp312-manylinux_2_5_x86_64.manylinux1_x86_64.manylinux_2_17_x86_64.manylinux2014_x86_64.whl.metadata (3.6 kB)
2025-08-20T22:39:28.7590933Z Collecting uvloop>=0.15.1 (from uvicorn[standard]>=0.12.0; extra == "all"->fastapi[all]->-r requirements-dev.txt (line 14))
2025-08-20T22:39:28.7602723Z   Using cached uvloop-0.21.0-cp312-cp312-manylinux_2_17_x86_64.manylinux2014_x86_64.whl.metadata (4.9 kB)
2025-08-20T22:39:28.8291010Z Collecting watchfiles>=0.13 (from uvicorn[standard]>=0.12.0; extra == "all"->fastapi[all]->-r requirements-dev.txt (line 14))
2025-08-20T22:39:28.8303032Z   Using cached watchfiles-1.1.0-cp312-cp312-manylinux_2_17_x86_64.manylinux2014_x86_64.whl.metadata (4.9 kB)
2025-08-20T22:39:29.0300546Z Collecting websockets>=10.4 (from uvicorn[standard]>=0.12.0; extra == "all"->fastapi[all]->-r requirements-dev.txt (line 14))
2025-08-20T22:39:29.0313479Z   Using cached websockets-15.0.1-cp312-cp312-manylinux_2_5_x86_64.manylinux1_x86_64.manylinux_2_17_x86_64.manylinux2014_x86_64.whl.metadata (6.8 kB)
2025-08-20T22:39:29.0742846Z Collecting argon2-cffi-bindings (from argon2-cffi->minio==7.*->-r requirements-dev.txt (line 10))
2025-08-20T22:39:29.0754733Z   Using cached argon2_cffi_bindings-25.1.0-cp39-abi3-manylinux_2_26_x86_64.manylinux_2_28_x86_64.whl.metadata (7.4 kB)
2025-08-20T22:39:29.1760969Z Collecting cffi>=1.0.1 (from argon2-cffi-bindings->argon2-cffi->minio==7.*->-r requirements-dev.txt (line 10))
2025-08-20T22:39:29.1773803Z   Using cached cffi-1.17.1-cp312-cp312-manylinux_2_17_x86_64.manylinux2014_x86_64.whl.metadata (1.5 kB)
2025-08-20T22:39:29.1901093Z Collecting pycparser (from cffi>=1.0.1->argon2-cffi-bindings->argon2-cffi->minio==7.*->-r requirements-dev.txt (line 10))
2025-08-20T22:39:29.1912491Z   Using cached pycparser-2.22-py3-none-any.whl.metadata (943 bytes)
2025-08-20T22:39:29.2578408Z Using cached jinja2-3.1.6-py3-none-any.whl (134 kB)
2025-08-20T22:39:29.2590626Z Using cached alembic-1.16.4-py3-none-any.whl (247 kB)
2025-08-20T22:39:29.2603304Z Using cached APScheduler-3.10.4-py3-none-any.whl (59 kB)
2025-08-20T22:39:29.2614947Z Using cached asgi_correlation_id-4.3.1-py3-none-any.whl (15 kB)
2025-08-20T22:39:29.2626195Z Using cached asyncpg-0.30.0-cp312-cp312-manylinux_2_17_x86_64.manylinux2014_x86_64.whl (3.6 MB)
2025-08-20T22:39:29.2664211Z Using cached black-25.1.0-cp312-cp312-manylinux_2_17_x86_64.manylinux2014_x86_64.manylinux_2_28_x86_64.whl (1.8 MB)
2025-08-20T22:39:29.2687388Z Using cached vulture-2.10-py2.py3-none-any.whl (27 kB)
2025-08-20T22:39:29.2698865Z Using cached celery-5.5.3-py3-none-any.whl (438 kB)
2025-08-20T22:39:29.2713181Z Using cached fastapi-0.116.1-py3-none-any.whl (95 kB)
2025-08-20T22:39:29.2725789Z Using cached pydantic-2.11.7-py3-none-any.whl (444 kB)
2025-08-20T22:39:29.2740851Z Using cached fastapi_limiter-0.1.6-py3-none-any.whl (15 kB)
2025-08-20T22:39:29.2752063Z Using cached IMAPClient-3.0.1-py2.py3-none-any.whl (182 kB)
2025-08-20T22:39:29.2764486Z Using cached mypy_extensions-1.1.0-py3-none-any.whl (5.0 kB)
2025-08-20T22:39:29.2775911Z Using cached openpyxl-3.1.5-py2.py3-none-any.whl (250 kB)
2025-08-20T22:39:29.2789194Z Using cached psycopg2_binary-2.9.10-cp312-cp312-manylinux_2_17_x86_64.manylinux2014_x86_64.whl (3.0 MB)
2025-08-20T22:39:29.2822647Z Using cached psycopg-3.2.9-py3-none-any.whl (202 kB)
2025-08-20T22:39:29.2835344Z Using cached pytest_asyncio-1.1.0-py3-none-any.whl (15 kB)
2025-08-20T22:39:29.2846548Z Using cached pytest_cov-6.2.1-py3-none-any.whl (24 kB)
2025-08-20T22:39:29.2857924Z Using cached pytest_postgresql-7.0.2-py3-none-any.whl (41 kB)
2025-08-20T22:39:29.2869537Z Using cached python_telegram_bot-22.3-py3-none-any.whl (717 kB)
2025-08-20T22:39:29.2885867Z Using cached requests-2.32.4-py3-none-any.whl (64 kB)
2025-08-20T22:39:29.2897306Z Using cached respx-0.22.0-py2.py3-none-any.whl (25 kB)
2025-08-20T22:39:29.2908835Z Using cached ruff-0.9.9-py3-none-manylinux_2_17_x86_64.manylinux2014_x86_64.whl (11.2 MB)
2025-08-20T22:39:29.3001768Z Using cached sqlalchemy-2.0.43-cp312-cp312-manylinux_2_17_x86_64.manylinux2014_x86_64.whl (3.3 MB)
2025-08-20T22:39:29.3037812Z Using cached structlog-24.1.0-py3-none-any.whl (65 kB)
2025-08-20T22:39:29.3049376Z Using cached testcontainers-4.12.0-py3-none-any.whl (111 kB)
2025-08-20T22:39:29.3061347Z Using cached types_requests-2.32.4.20250809-py3-none-any.whl (20 kB)
2025-08-20T22:39:29.3072602Z Using cached docspec_python-2.2.2-py3-none-any.whl (15 kB)
2025-08-20T22:39:29.3083999Z Using cached pydoc_markdown-4.8.2-py3-none-any.whl (67 kB)
2025-08-20T22:39:29.3095502Z Using cached docspec-2.2.1-py3-none-any.whl (9.8 kB)
2025-08-20T22:39:29.3107099Z Using cached psycopg_binary-3.2.9-cp312-cp312-manylinux_2_17_x86_64.manylinux2014_x86_64.whl (4.4 MB)
2025-08-20T22:39:29.3150485Z Using cached pydantic_core-2.33.2-cp312-cp312-manylinux_2_17_x86_64.manylinux2014_x86_64.whl (2.0 MB)
2025-08-20T22:39:29.3176907Z Using cached redis-6.4.0-py3-none-any.whl (279 kB)
2025-08-20T22:39:29.3189907Z Using cached minio-7.2.16-py3-none-any.whl (95 kB)
2025-08-20T22:39:29.3201686Z Using cached httpx-0.28.1-py3-none-any.whl (73 kB)
2025-08-20T22:39:29.3214020Z Using cached mypy-1.17.1-cp312-cp312-manylinux2014_x86_64.manylinux_2_17_x86_64.manylinux_2_28_x86_64.whl (12.7 MB)
2025-08-20T22:39:29.3317641Z Using cached numpy-1.26.4-cp312-cp312-manylinux_2_17_x86_64.manylinux2014_x86_64.whl (18.0 MB)
2025-08-20T22:39:29.3459790Z Using cached pandas-2.2.3-cp312-cp312-manylinux_2_17_x86_64.manylinux2014_x86_64.whl (12.7 MB)
2025-08-20T22:39:29.3566103Z Using cached pandera-0.19.3-py3-none-any.whl (251 kB)
2025-08-20T22:39:29.3579406Z Using cached billiard-4.2.1-py3-none-any.whl (86 kB)
2025-08-20T22:39:29.3591748Z Using cached charset_normalizer-3.4.3-cp312-cp312-manylinux2014_x86_64.manylinux_2_17_x86_64.manylinux_2_28_x86_64.whl (151 kB)
2025-08-20T22:39:29.3603470Z Using cached click-8.2.1-py3-none-any.whl (102 kB)
2025-08-20T22:39:29.3615678Z Using cached databind.core-4.5.2-py3-none-any.whl (1.5 kB)
2025-08-20T22:39:29.3626677Z Using cached databind-4.5.2-py3-none-any.whl (49 kB)
2025-08-20T22:39:29.3637508Z Using cached databind.json-4.5.2-py3-none-any.whl (1.5 kB)
2025-08-20T22:39:29.3648624Z Using cached Deprecated-1.2.18-py2.py3-none-any.whl (10.0 kB)
2025-08-20T22:39:29.3659530Z Using cached httpcore-1.0.9-py3-none-any.whl (78 kB)
2025-08-20T22:39:29.3670661Z Using cached idna-3.10-py3-none-any.whl (70 kB)
2025-08-20T22:39:29.3681573Z Using cached kombu-5.5.4-py3-none-any.whl (210 kB)
2025-08-20T22:39:29.3693481Z Using cached vine-5.1.0-py3-none-any.whl (9.6 kB)
2025-08-20T22:39:29.3704207Z Using cached amqp-5.3.1-py3-none-any.whl (50 kB)
2025-08-20T22:39:29.3715108Z Using cached multimethod-1.10-py3-none-any.whl (9.9 kB)
2025-08-20T22:39:29.3725793Z Using cached nr_date-2.1.0-py3-none-any.whl (10 kB)
2025-08-20T22:39:29.3736788Z Using cached nr_stream-1.1.5-py3-none-any.whl (10 kB)
2025-08-20T22:39:29.3747431Z Using cached nr.util-0.8.12-py3-none-any.whl (90 kB)
2025-08-20T22:39:29.3758603Z Using cached pytest-8.4.1-py3-none-any.whl (365 kB)
2025-08-20T22:39:29.3771909Z Using cached pluggy-1.6.0-py3-none-any.whl (20 kB)
2025-08-20T22:39:29.3783099Z Using cached PyYAML-6.0.2-cp312-cp312-manylinux_2_17_x86_64.manylinux2014_x86_64.whl (767 kB)
2025-08-20T22:39:29.3799490Z Using cached starlette-0.47.2-py3-none-any.whl (72 kB)
2025-08-20T22:39:29.3810676Z Using cached anyio-4.10.0-py3-none-any.whl (107 kB)
2025-08-20T22:39:29.3822371Z Using cached tomli-2.2.1-cp312-cp312-manylinux_2_17_x86_64.manylinux2014_x86_64.whl (242 kB)
2025-08-20T22:39:29.3834762Z Using cached tomli_w-1.2.0-py3-none-any.whl (6.7 kB)
2025-08-20T22:39:29.3845372Z Using cached typeapi-2.2.4-py3-none-any.whl (26 kB)
2025-08-20T22:39:29.3856290Z Using cached typing_extensions-4.14.1-py3-none-any.whl (43 kB)
2025-08-20T22:39:29.3867223Z Using cached urllib3-2.5.0-py3-none-any.whl (129 kB)
2025-08-20T22:39:29.3879136Z Using cached wrapt-1.17.3-cp312-cp312-manylinux1_x86_64.manylinux_2_28_x86_64.manylinux_2_5_x86_64.whl (88 kB)
2025-08-20T22:39:29.3890501Z Using cached boto3-1.40.14-py3-none-any.whl (140 kB)
2025-08-20T22:39:29.3902184Z Using cached botocore-1.40.14-py3-none-any.whl (14.0 MB)
2025-08-20T22:39:29.4016080Z Using cached jmespath-1.0.1-py3-none-any.whl (20 kB)
2025-08-20T22:39:29.4027103Z Using cached python_dateutil-2.9.0.post0-py2.py3-none-any.whl (229 kB)
2025-08-20T22:39:29.4039345Z Using cached s3transfer-0.13.1-py3-none-any.whl (85 kB)
2025-08-20T22:39:29.4050576Z Using cached itsdangerous-2.2.0-py3-none-any.whl (16 kB)
2025-08-20T22:39:29.4061425Z Using cached setuptools-80.9.0-py3-none-any.whl (1.2 MB)
2025-08-20T22:39:29.4080985Z Using cached python_dotenv-1.1.1-py3-none-any.whl (20 kB)
2025-08-20T22:39:29.4091897Z Using cached python_multipart-0.0.20-py3-none-any.whl (24 kB)
2025-08-20T22:39:29.4102852Z Using cached annotated_types-0.7.0-py3-none-any.whl (13 kB)
2025-08-20T22:39:29.4114262Z Using cached certifi-2025.8.3-py3-none-any.whl (161 kB)
2025-08-20T22:39:29.4127928Z Using cached click_didyoumean-0.3.1-py3-none-any.whl (3.6 kB)
2025-08-20T22:39:29.4139172Z Using cached click_plugins-1.1.1.2-py2.py3-none-any.whl (11 kB)
2025-08-20T22:39:29.4149759Z Using cached click_repl-0.3.0-py3-none-any.whl (10 kB)
2025-08-20T22:39:29.4160902Z Using cached coverage-7.10.4-cp312-cp312-manylinux1_x86_64.manylinux_2_28_x86_64.manylinux_2_5_x86_64.whl (251 kB)
2025-08-20T22:39:29.4172744Z Using cached email_validator-2.2.0-py3-none-any.whl (33 kB)
2025-08-20T22:39:29.4183939Z Using cached dnspython-2.7.0-py3-none-any.whl (313 kB)
2025-08-20T22:39:29.4196838Z Using cached fastapi_cli-0.0.8-py3-none-any.whl (10 kB)
2025-08-20T22:39:29.4207517Z Using cached fastapi_cloud_cli-0.1.5-py3-none-any.whl (18 kB)
2025-08-20T22:39:29.4218715Z Using cached greenlet-3.2.4-cp312-cp312-manylinux_2_24_x86_64.manylinux_2_28_x86_64.whl (607 kB)
2025-08-20T22:39:29.4233349Z Using cached h11-0.16.0-py3-none-any.whl (37 kB)
2025-08-20T22:39:29.4244798Z Using cached iniconfig-2.1.0-py3-none-any.whl (6.0 kB)
2025-08-20T22:39:29.4256235Z Using cached MarkupSafe-3.0.2-cp312-cp312-manylinux_2_17_x86_64.manylinux2014_x86_64.whl (23 kB)
2025-08-20T22:39:29.4266643Z Using cached mirakuru-2.6.1-py3-none-any.whl (26 kB)
2025-08-20T22:39:29.4277989Z Using cached orjson-3.11.2-cp312-cp312-manylinux_2_17_x86_64.manylinux2014_x86_64.whl (121 kB)
2025-08-20T22:39:29.4289244Z Using cached packaging-25.0-py3-none-any.whl (66 kB)
2025-08-20T22:39:29.4300556Z Using cached pathspec-0.12.1-py3-none-any.whl (31 kB)
2025-08-20T22:39:29.4311456Z Using cached platformdirs-4.3.8-py3-none-any.whl (18 kB)
2025-08-20T22:39:29.4322655Z Using cached port_for-0.7.4-py3-none-any.whl (21 kB)
2025-08-20T22:39:29.4333754Z Using cached prompt_toolkit-3.0.51-py3-none-any.whl (387 kB)
2025-08-20T22:39:29.4348080Z Using cached psutil-7.0.0-cp36-abi3-manylinux_2_12_x86_64.manylinux2010_x86_64.manylinux_2_17_x86_64.manylinux2014_x86_64.whl (277 kB)
2025-08-20T22:39:29.4360199Z Using cached pydantic_extra_types-2.10.5-py3-none-any.whl (38 kB)
2025-08-20T22:39:29.4371204Z Using cached pydantic_settings-2.10.1-py3-none-any.whl (45 kB)
2025-08-20T22:39:29.4382105Z Using cached pygments-2.19.2-py3-none-any.whl (1.2 MB)
2025-08-20T22:39:29.4401867Z Using cached pytz-2025.2-py2.py3-none-any.whl (509 kB)
2025-08-20T22:39:29.4416197Z Using cached rich_toolkit-0.15.0-py3-none-any.whl (29 kB)
2025-08-20T22:39:29.4427545Z Using cached rich-14.1.0-py3-none-any.whl (243 kB)
2025-08-20T22:39:29.4439889Z Using cached markdown_it_py-4.0.0-py3-none-any.whl (87 kB)
2025-08-20T22:39:29.4451045Z Using cached mdurl-0.1.2-py3-none-any.whl (10.0 kB)
2025-08-20T22:39:29.4462093Z Using cached rignore-0.6.4-cp312-cp312-manylinux_2_17_x86_64.manylinux2014_x86_64.whl (949 kB)
2025-08-20T22:39:29.4479506Z Using cached sentry_sdk-2.35.0-py2.py3-none-any.whl (363 kB)
2025-08-20T22:39:29.4492624Z Using cached six-1.17.0-py2.py3-none-any.whl (11 kB)
2025-08-20T22:39:29.4503521Z Using cached sniffio-1.3.1-py3-none-any.whl (10 kB)
2025-08-20T22:39:29.4514544Z Using cached typer-0.16.1-py3-none-any.whl (46 kB)
2025-08-20T22:39:29.4525592Z Using cached shellingham-1.5.4-py2.py3-none-any.whl (9.8 kB)
2025-08-20T22:39:29.4536108Z Using cached typing_inspect-0.9.0-py3-none-any.whl (8.8 kB)
2025-08-20T22:39:29.4546838Z Using cached typing_inspection-0.4.1-py3-none-any.whl (14 kB)
2025-08-20T22:39:29.4557613Z Using cached tzdata-2025.2-py2.py3-none-any.whl (347 kB)
2025-08-20T22:39:29.4570669Z Using cached tzlocal-5.3.1-py3-none-any.whl (18 kB)
2025-08-20T22:39:29.4582114Z Using cached ujson-5.11.0-cp312-cp312-manylinux_2_24_x86_64.manylinux_2_28_x86_64.whl (57 kB)
2025-08-20T22:39:29.4592839Z Using cached uvicorn-0.35.0-py3-none-any.whl (66 kB)
2025-08-20T22:39:29.4604782Z Using cached httptools-0.6.4-cp312-cp312-manylinux_2_5_x86_64.manylinux1_x86_64.manylinux_2_17_x86_64.manylinux2014_x86_64.whl (510 kB)
2025-08-20T22:39:29.4620266Z Using cached uvloop-0.21.0-cp312-cp312-manylinux_2_17_x86_64.manylinux2014_x86_64.whl (4.7 MB)
2025-08-20T22:39:29.4666176Z Using cached watchfiles-1.1.0-cp312-cp312-manylinux_2_17_x86_64.manylinux2014_x86_64.whl (452 kB)
2025-08-20T22:39:29.4680570Z Using cached websockets-15.0.1-cp312-cp312-manylinux_2_5_x86_64.manylinux1_x86_64.manylinux_2_17_x86_64.manylinux2014_x86_64.whl (182 kB)
2025-08-20T22:39:29.4691868Z Using cached yapf-0.43.0-py3-none-any.whl (256 kB)
2025-08-20T22:39:29.4704265Z Using cached argon2_cffi-25.1.0-py3-none-any.whl (14 kB)
2025-08-20T22:39:29.4715677Z Using cached argon2_cffi_bindings-25.1.0-cp39-abi3-manylinux_2_26_x86_64.manylinux_2_28_x86_64.whl (87 kB)
2025-08-20T22:39:29.4727005Z Using cached cffi-1.17.1-cp312-cp312-manylinux_2_17_x86_64.manylinux2014_x86_64.whl (479 kB)
2025-08-20T22:39:29.4740998Z Using cached docker-7.1.0-py3-none-any.whl (147 kB)
2025-08-20T22:39:29.4752736Z Using cached et_xmlfile-2.0.0-py3-none-any.whl (18 kB)
2025-08-20T22:39:29.4763803Z Using cached mako-1.3.10-py3-none-any.whl (78 kB)
2025-08-20T22:39:29.4775230Z Using cached pycparser-2.22-py3-none-any.whl (117 kB)
2025-08-20T22:39:29.4787403Z Using cached pycryptodome-3.23.0-cp37-abi3-manylinux_2_17_x86_64.manylinux2014_x86_64.whl (2.3 MB)
2025-08-20T22:39:29.4816058Z Using cached toml-0.10.2-py2.py3-none-any.whl (16 kB)
2025-08-20T22:39:29.4827176Z Using cached typeguard-4.4.4-py3-none-any.whl (34 kB)
2025-08-20T22:39:29.4838217Z Using cached watchdog-6.0.0-py3-none-manylinux2014_x86_64.whl (79 kB)
2025-08-20T22:39:29.4849425Z Using cached wcwidth-0.2.13-py2.py3-none-any.whl (34 kB)
2025-08-20T22:39:29.9550434Z Installing collected packages: wcwidth, pytz, wrapt, websockets, watchdog, vine, uvloop, urllib3, ujson, tzlocal, tzdata, typing-extensions, tomli_w, tomli, toml, structlog, sniffio, six, shellingham, setuptools, ruff, rignore, redis, PyYAML, python-multipart, python-dotenv, pygments, pycryptodome, pycparser, psycopg2-binary, psycopg-binary, psutil, prompt-toolkit, port-for, pluggy, platformdirs, pathspec, packaging, orjson, numpy, nr-stream, nr-date, mypy-extensions, multimethod, mdurl, MarkupSafe, jmespath, itsdangerous, iniconfig, imapclient, idna, httptools, h11, greenlet, et-xmlfile, docstring-parser, dnspython, coverage, click, charset_normalizer, certifi, billiard, asyncpg, annotated-types, yapf, vulture, uvicorn, typing-inspection, typing-inspect, types-requests, typeguard, typeapi, sqlalchemy, sentry-sdk, requests, python-dateutil, pytest, pydantic-core, psycopg, openpyxl, mypy, mirakuru, markdown-it-py, Mako, Jinja2, httpcore, email-validator, Deprecated, click-repl, click-plugins, click-didyoumean, cffi, black, apscheduler, anyio, amqp, watchfiles, starlette, rich, pytest-postgresql, pytest-cov, pytest-asyncio, pydantic, pandas, nr-util, kombu, httpx, docker, databind, botocore, argon2-cffi-bindings, alembic, typer, testcontainers, s3transfer, rich-toolkit, respx, python-telegram-bot, pydantic-settings, pydantic-extra-types, pandera, fastapi, databind.json, databind.core, celery, asgi-correlation-id, argon2-cffi, minio, fastapi-limiter, fastapi-cloud-cli, fastapi-cli, docspec, boto3, docspec-python, pydoc-markdown
2025-08-20T22:39:49.5360323Z 
2025-08-20T22:39:49.5483119Z Successfully installed Deprecated-1.2.18 Jinja2-3.1.6 Mako-1.3.10 MarkupSafe-3.0.2 PyYAML-6.0.2 alembic-1.16.4 amqp-5.3.1 annotated-types-0.7.0 anyio-4.10.0 apscheduler-3.10.4 argon2-cffi-25.1.0 argon2-cffi-bindings-25.1.0 asgi-correlation-id-4.3.1 asyncpg-0.30.0 billiard-4.2.1 black-25.1.0 boto3-1.40.14 botocore-1.40.14 celery-5.5.3 certifi-2025.8.3 cffi-1.17.1 charset_normalizer-3.4.3 click-8.2.1 click-didyoumean-0.3.1 click-plugins-1.1.1.2 click-repl-0.3.0 coverage-7.10.4 databind-4.5.2 databind.core-4.5.2 databind.json-4.5.2 dnspython-2.7.0 docker-7.1.0 docspec-2.2.1 docspec-python-2.2.2 docstring-parser-0.11 email-validator-2.2.0 et-xmlfile-2.0.0 fastapi-0.116.1 fastapi-cli-0.0.8 fastapi-cloud-cli-0.1.5 fastapi-limiter-0.1.6 greenlet-3.2.4 h11-0.16.0 httpcore-1.0.9 httptools-0.6.4 httpx-0.28.1 idna-3.10 imapclient-3.0.1 iniconfig-2.1.0 itsdangerous-2.2.0 jmespath-1.0.1 kombu-5.5.4 markdown-it-py-4.0.0 mdurl-0.1.2 minio-7.2.16 mirakuru-2.6.1 multimethod-1.10 mypy-1.17.1 mypy-extensions-1.1.0 nr-date-2.1.0 nr-stream-1.1.5 nr-util-0.8.12 numpy-1.26.4 openpyxl-3.1.5 orjson-3.11.2 packaging-25.0 pandas-2.2.3 pandera-0.19.3 pathspec-0.12.1 platformdirs-4.3.8 pluggy-1.6.0 port-for-0.7.4 prompt-toolkit-3.0.51 psutil-7.0.0 psycopg-3.2.9 psycopg-binary-3.2.9 psycopg2-binary-2.9.10 pycparser-2.22 pycryptodome-3.23.0 pydantic-2.11.7 pydantic-core-2.33.2 pydantic-extra-types-2.10.5 pydantic-settings-2.10.1 pydoc-markdown-4.8.2 pygments-2.19.2 pytest-8.4.1 pytest-asyncio-1.1.0 pytest-cov-6.2.1 pytest-postgresql-7.0.2 python-dateutil-2.9.0.post0 python-dotenv-1.1.1 python-multipart-0.0.20 python-telegram-bot-22.3 pytz-2025.2 redis-6.4.0 requests-2.32.4 respx-0.22.0 rich-14.1.0 rich-toolkit-0.15.0 rignore-0.6.4 ruff-0.9.9 s3transfer-0.13.1 sentry-sdk-2.35.0 setuptools-80.9.0 shellingham-1.5.4 six-1.17.0 sniffio-1.3.1 sqlalchemy-2.0.43 starlette-0.47.2 structlog-24.1.0 testcontainers-4.12.0 toml-0.10.2 tomli-2.2.1 tomli_w-1.2.0 typeapi-2.2.4 typeguard-4.4.4 typer-0.16.1 types-requests-2.32.4.20250809 typing-extensions-4.14.1 typing-inspect-0.9.0 typing-inspection-0.4.1 tzdata-2025.2 tzlocal-5.3.1 ujson-5.11.0 urllib3-2.5.0 uvicorn-0.35.0 uvloop-0.21.0 vine-5.1.0 vulture-2.10 watchdog-6.0.0 watchfiles-1.1.0 wcwidth-0.2.13 websockets-15.0.1 wrapt-1.17.3 yapf-0.43.0
2025-08-20T22:39:51.4306569Z Collecting keepa==1.3.15
2025-08-20T22:39:51.4320687Z   Using cached keepa-1.3.15-py3-none-any.whl.metadata (11 kB)
2025-08-20T22:39:51.4598464Z Collecting minio==7.1.15
2025-08-20T22:39:51.4611693Z   Using cached minio-7.1.15-py3-none-any.whl.metadata (4.2 kB)
2025-08-20T22:39:51.4641336Z Requirement already satisfied: numpy>=1.9.3 in /opt/hostedtoolcache/Python/3.12.11/x64/lib/python3.12/site-packages (from keepa==1.3.15) (1.26.4)
2025-08-20T22:39:51.4647559Z Requirement already satisfied: requests>=2.2 in /opt/hostedtoolcache/Python/3.12.11/x64/lib/python3.12/site-packages (from keepa==1.3.15) (2.32.4)
2025-08-20T22:39:51.4968609Z Collecting tqdm (from keepa==1.3.15)
2025-08-20T22:39:51.4980942Z   Using cached tqdm-4.67.1-py3-none-any.whl.metadata (57 kB)
2025-08-20T22:39:51.9914618Z Collecting aiohttp (from keepa==1.3.15)
2025-08-20T22:39:51.9928961Z   Using cached aiohttp-3.12.15-cp312-cp312-manylinux_2_17_x86_64.manylinux2014_x86_64.whl.metadata (7.7 kB)
2025-08-20T22:39:51.9964611Z Requirement already satisfied: pandas<=3.0 in /opt/hostedtoolcache/Python/3.12.11/x64/lib/python3.12/site-packages (from keepa==1.3.15) (2.2.3)
2025-08-20T22:39:51.9967902Z Requirement already satisfied: pydantic in /opt/hostedtoolcache/Python/3.12.11/x64/lib/python3.12/site-packages (from keepa==1.3.15) (2.11.7)
2025-08-20T22:39:51.9975842Z Requirement already satisfied: certifi in /opt/hostedtoolcache/Python/3.12.11/x64/lib/python3.12/site-packages (from minio==7.1.15) (2025.8.3)
2025-08-20T22:39:51.9979359Z Requirement already satisfied: urllib3 in /opt/hostedtoolcache/Python/3.12.11/x64/lib/python3.12/site-packages (from minio==7.1.15) (2.5.0)
2025-08-20T22:39:52.0038256Z Requirement already satisfied: python-dateutil>=2.8.2 in /opt/hostedtoolcache/Python/3.12.11/x64/lib/python3.12/site-packages (from pandas<=3.0->keepa==1.3.15) (2.9.0.post0)
2025-08-20T22:39:52.0043461Z Requirement already satisfied: pytz>=2020.1 in /opt/hostedtoolcache/Python/3.12.11/x64/lib/python3.12/site-packages (from pandas<=3.0->keepa==1.3.15) (2025.2)
2025-08-20T22:39:52.0048981Z Requirement already satisfied: tzdata>=2022.7 in /opt/hostedtoolcache/Python/3.12.11/x64/lib/python3.12/site-packages (from pandas<=3.0->keepa==1.3.15) (2025.2)
2025-08-20T22:39:52.0175261Z Requirement already satisfied: six>=1.5 in /opt/hostedtoolcache/Python/3.12.11/x64/lib/python3.12/site-packages (from python-dateutil>=2.8.2->pandas<=3.0->keepa==1.3.15) (1.17.0)
2025-08-20T22:39:52.0194358Z Requirement already satisfied: charset_normalizer<4,>=2 in /opt/hostedtoolcache/Python/3.12.11/x64/lib/python3.12/site-packages (from requests>=2.2->keepa==1.3.15) (3.4.3)
2025-08-20T22:39:52.0200797Z Requirement already satisfied: idna<4,>=2.5 in /opt/hostedtoolcache/Python/3.12.11/x64/lib/python3.12/site-packages (from requests>=2.2->keepa==1.3.15) (3.10)
2025-08-20T22:39:52.0395257Z Collecting aiohappyeyeballs>=2.5.0 (from aiohttp->keepa==1.3.15)
2025-08-20T22:39:52.0407015Z   Using cached aiohappyeyeballs-2.6.1-py3-none-any.whl.metadata (5.9 kB)
2025-08-20T22:39:52.0499725Z Collecting aiosignal>=1.4.0 (from aiohttp->keepa==1.3.15)
2025-08-20T22:39:52.0511117Z   Using cached aiosignal-1.4.0-py3-none-any.whl.metadata (3.7 kB)
2025-08-20T22:39:52.0654866Z Collecting attrs>=17.3.0 (from aiohttp->keepa==1.3.15)
2025-08-20T22:39:52.0666281Z   Using cached attrs-25.3.0-py3-none-any.whl.metadata (10 kB)
2025-08-20T22:39:52.1392432Z Collecting frozenlist>=1.1.1 (from aiohttp->keepa==1.3.15)
2025-08-20T22:39:52.1405915Z   Using cached frozenlist-1.7.0-cp312-cp312-manylinux_2_5_x86_64.manylinux1_x86_64.manylinux_2_17_x86_64.manylinux2014_x86_64.whl.metadata (18 kB)
2025-08-20T22:39:52.3887040Z Collecting multidict<7.0,>=4.5 (from aiohttp->keepa==1.3.15)
2025-08-20T22:39:52.3901037Z   Using cached multidict-6.6.4-cp312-cp312-manylinux2014_x86_64.manylinux_2_17_x86_64.manylinux_2_28_x86_64.whl.metadata (5.3 kB)
2025-08-20T22:39:52.4322356Z Collecting propcache>=0.2.0 (from aiohttp->keepa==1.3.15)
2025-08-20T22:39:52.4334835Z   Using cached propcache-0.3.2-cp312-cp312-manylinux_2_17_x86_64.manylinux2014_x86_64.whl.metadata (12 kB)
2025-08-20T22:39:52.6754042Z Collecting yarl<2.0,>=1.17.0 (from aiohttp->keepa==1.3.15)
2025-08-20T22:39:52.6767910Z   Using cached yarl-1.20.1-cp312-cp312-manylinux_2_17_x86_64.manylinux2014_x86_64.whl.metadata (73 kB)
2025-08-20T22:39:52.6990774Z Requirement already satisfied: typing-extensions>=4.2 in /opt/hostedtoolcache/Python/3.12.11/x64/lib/python3.12/site-packages (from aiosignal>=1.4.0->aiohttp->keepa==1.3.15) (4.14.1)
2025-08-20T22:39:52.7040186Z Requirement already satisfied: annotated-types>=0.6.0 in /opt/hostedtoolcache/Python/3.12.11/x64/lib/python3.12/site-packages (from pydantic->keepa==1.3.15) (0.7.0)
2025-08-20T22:39:52.7046455Z Requirement already satisfied: pydantic-core==2.33.2 in /opt/hostedtoolcache/Python/3.12.11/x64/lib/python3.12/site-packages (from pydantic->keepa==1.3.15) (2.33.2)
2025-08-20T22:39:52.7054098Z Requirement already satisfied: typing-inspection>=0.4.0 in /opt/hostedtoolcache/Python/3.12.11/x64/lib/python3.12/site-packages (from pydantic->keepa==1.3.15) (0.4.1)
2025-08-20T22:39:52.7117063Z Using cached keepa-1.3.15-py3-none-any.whl (38 kB)
2025-08-20T22:39:52.7129325Z Using cached minio-7.1.15-py3-none-any.whl (77 kB)
2025-08-20T22:39:52.7141965Z Using cached aiohttp-3.12.15-cp312-cp312-manylinux_2_17_x86_64.manylinux2014_x86_64.whl (1.7 MB)
2025-08-20T22:39:52.7166079Z Using cached multidict-6.6.4-cp312-cp312-manylinux2014_x86_64.manylinux_2_17_x86_64.manylinux_2_28_x86_64.whl (256 kB)
2025-08-20T22:39:52.7178256Z Using cached yarl-1.20.1-cp312-cp312-manylinux_2_17_x86_64.manylinux2014_x86_64.whl (355 kB)
2025-08-20T22:39:52.7191583Z Using cached aiohappyeyeballs-2.6.1-py3-none-any.whl (15 kB)
2025-08-20T22:39:52.7202348Z Using cached aiosignal-1.4.0-py3-none-any.whl (7.5 kB)
2025-08-20T22:39:52.7212921Z Using cached attrs-25.3.0-py3-none-any.whl (63 kB)
2025-08-20T22:39:52.7224654Z Using cached frozenlist-1.7.0-cp312-cp312-manylinux_2_5_x86_64.manylinux1_x86_64.manylinux_2_17_x86_64.manylinux2014_x86_64.whl (241 kB)
2025-08-20T22:39:52.7236885Z Using cached propcache-0.3.2-cp312-cp312-manylinux_2_17_x86_64.manylinux2014_x86_64.whl (224 kB)
2025-08-20T22:39:52.7248672Z Using cached tqdm-4.67.1-py3-none-any.whl (78 kB)
2025-08-20T22:39:52.9073203Z Installing collected packages: tqdm, propcache, multidict, minio, frozenlist, attrs, aiohappyeyeballs, yarl, aiosignal, aiohttp, keepa
2025-08-20T22:39:52.9824270Z   Attempting uninstall: minio
2025-08-20T22:39:52.9875506Z     Found existing installation: minio 7.2.16
2025-08-20T22:39:52.9913163Z     Uninstalling minio-7.2.16:
2025-08-20T22:39:52.9924018Z       Successfully uninstalled minio-7.2.16
2025-08-20T22:39:53.3572829Z 
2025-08-20T22:39:53.3690617Z Successfully installed aiohappyeyeballs-2.6.1 aiohttp-3.12.15 aiosignal-1.4.0 attrs-25.3.0 frozenlist-1.7.0 keepa-1.3.15 minio-7.1.15 multidict-6.6.4 propcache-0.3.2 tqdm-4.67.1 yarl-1.20.1
2025-08-20T22:39:53.5774336Z ##[group]Run ruff check .
2025-08-20T22:39:53.5774682Z [36;1mruff check .[0m
2025-08-20T22:39:53.5774897Z [36;1mruff format --check .[0m
2025-08-20T22:39:53.5775121Z [36;1mvulture[0m
2025-08-20T22:39:53.5815515Z shell: /usr/bin/bash -e {0}
2025-08-20T22:39:53.5815753Z env:
2025-08-20T22:39:53.5815963Z   REDIS_URL: redis://localhost:6379/0
2025-08-20T22:39:53.5816219Z   RATE_LIMIT_DEFAULT: 100/minute
2025-08-20T22:39:53.5816447Z   TRUST_X_FORWARDED: 1
2025-08-20T22:39:53.5816650Z   PG_USER: postgres
2025-08-20T22:39:53.5816851Z   PG_PASSWORD: pass
2025-08-20T22:39:53.5817040Z   PG_DATABASE: awa
2025-08-20T22:39:53.5817226Z   PG_HOST: localhost
2025-08-20T22:39:53.5817408Z   PG_PORT: 5432
2025-08-20T22:39:53.5817862Z   PG_SYNC_DSN: ***localhost:5432/awa
2025-08-20T22:39:53.5818449Z   PG_ASYNC_DSN: ***localhost:5432/awa
2025-08-20T22:39:53.5818838Z   DATABASE_URL: ***localhost:5432/awa
2025-08-20T22:39:53.5819079Z   DATA_DIR: /tmp/awa-data
2025-08-20T22:39:53.5819309Z   ENABLE_LIVE: 0
2025-08-20T22:39:53.5819488Z   TESTING: 1
2025-08-20T22:39:53.5819725Z   pythonLocation: /opt/hostedtoolcache/Python/3.12.11/x64
2025-08-20T22:39:53.5820146Z   PKG_CONFIG_PATH: /opt/hostedtoolcache/Python/3.12.11/x64/lib/pkgconfig
2025-08-20T22:39:53.5820535Z   Python_ROOT_DIR: /opt/hostedtoolcache/Python/3.12.11/x64
2025-08-20T22:39:53.5820879Z   Python2_ROOT_DIR: /opt/hostedtoolcache/Python/3.12.11/x64
2025-08-20T22:39:53.5821233Z   Python3_ROOT_DIR: /opt/hostedtoolcache/Python/3.12.11/x64
2025-08-20T22:39:53.5821584Z   LD_LIBRARY_PATH: /opt/hostedtoolcache/Python/3.12.11/x64/lib
2025-08-20T22:39:53.5821882Z ##[endgroup]
2025-08-20T22:39:53.6118447Z All checks passed!
2025-08-20T22:39:53.6354044Z 256 files already formatted
2025-08-20T22:39:53.6927554Z ##[group]Run for i in {1..30}; do pg_isready -h "$PG_HOST" -p "$PG_PORT" -U "$PG_USER" -d "$PG_DATABASE" && break; sleep 1; done
2025-08-20T22:39:53.6928244Z [36;1mfor i in {1..30}; do pg_isready -h "$PG_HOST" -p "$PG_PORT" -U "$PG_USER" -d "$PG_DATABASE" && break; sleep 1; done[0m
2025-08-20T22:39:53.6968486Z shell: /usr/bin/bash -e {0}
2025-08-20T22:39:53.6968725Z env:
2025-08-20T22:39:53.6968925Z   REDIS_URL: redis://localhost:6379/0
2025-08-20T22:39:53.6969186Z   RATE_LIMIT_DEFAULT: 100/minute
2025-08-20T22:39:53.6969410Z   TRUST_X_FORWARDED: 1
2025-08-20T22:39:53.6969602Z   PG_USER: postgres
2025-08-20T22:39:53.6969795Z   PG_PASSWORD: pass
2025-08-20T22:39:53.6969980Z   PG_DATABASE: awa
2025-08-20T22:39:53.6970160Z   PG_HOST: localhost
2025-08-20T22:39:53.6970350Z   PG_PORT: 5432
2025-08-20T22:39:53.6970816Z   PG_SYNC_DSN: ***localhost:5432/awa
2025-08-20T22:39:53.6971218Z   PG_ASYNC_DSN: ***localhost:5432/awa
2025-08-20T22:39:53.6971674Z   DATABASE_URL: ***localhost:5432/awa
2025-08-20T22:39:53.6971909Z   DATA_DIR: /tmp/awa-data
2025-08-20T22:39:53.6972123Z   ENABLE_LIVE: 0
2025-08-20T22:39:53.6972300Z   TESTING: 1
2025-08-20T22:39:53.6972533Z   pythonLocation: /opt/hostedtoolcache/Python/3.12.11/x64
2025-08-20T22:39:53.6972931Z   PKG_CONFIG_PATH: /opt/hostedtoolcache/Python/3.12.11/x64/lib/pkgconfig
2025-08-20T22:39:53.6973347Z   Python_ROOT_DIR: /opt/hostedtoolcache/Python/3.12.11/x64
2025-08-20T22:39:53.6973980Z   Python2_ROOT_DIR: /opt/hostedtoolcache/Python/3.12.11/x64
2025-08-20T22:39:53.6974347Z   Python3_ROOT_DIR: /opt/hostedtoolcache/Python/3.12.11/x64
2025-08-20T22:39:53.6974701Z   LD_LIBRARY_PATH: /opt/hostedtoolcache/Python/3.12.11/x64/lib
2025-08-20T22:39:53.6974996Z ##[endgroup]
2025-08-20T22:39:53.8699236Z localhost:5432 - accepting connections
2025-08-20T22:39:53.8741905Z ##[group]Run psql -h "$PG_HOST" -p "$PG_PORT" -U "$PG_USER" -d "$PG_DATABASE" -c "SELECT 1"
2025-08-20T22:39:53.8742767Z [36;1mpsql -h "$PG_HOST" -p "$PG_PORT" -U "$PG_USER" -d "$PG_DATABASE" -c "SELECT 1"[0m
2025-08-20T22:39:53.8784044Z shell: /usr/bin/bash -e {0}
2025-08-20T22:39:53.8784304Z env:
2025-08-20T22:39:53.8784509Z   REDIS_URL: redis://localhost:6379/0
2025-08-20T22:39:53.8784793Z   RATE_LIMIT_DEFAULT: 100/minute
2025-08-20T22:39:53.8785026Z   TRUST_X_FORWARDED: 1
2025-08-20T22:39:53.8785235Z   PG_USER: postgres
2025-08-20T22:39:53.8785431Z   PG_PASSWORD: pass
2025-08-20T22:39:53.8785624Z   PG_DATABASE: awa
2025-08-20T22:39:53.8785809Z   PG_HOST: localhost
2025-08-20T22:39:53.8785997Z   PG_PORT: 5432
2025-08-20T22:39:53.8786674Z   PG_SYNC_DSN: ***localhost:5432/awa
2025-08-20T22:39:53.8787087Z   PG_ASYNC_DSN: ***localhost:5432/awa
2025-08-20T22:39:53.8787508Z   DATABASE_URL: ***localhost:5432/awa
2025-08-20T22:39:53.8787749Z   DATA_DIR: /tmp/awa-data
2025-08-20T22:39:53.8787999Z   ENABLE_LIVE: 0
2025-08-20T22:39:53.8788179Z   TESTING: 1
2025-08-20T22:39:53.8788438Z   pythonLocation: /opt/hostedtoolcache/Python/3.12.11/x64
2025-08-20T22:39:53.8788848Z   PKG_CONFIG_PATH: /opt/hostedtoolcache/Python/3.12.11/x64/lib/pkgconfig
2025-08-20T22:39:53.8789439Z   Python_ROOT_DIR: /opt/hostedtoolcache/Python/3.12.11/x64
2025-08-20T22:39:53.8789788Z   Python2_ROOT_DIR: /opt/hostedtoolcache/Python/3.12.11/x64
2025-08-20T22:39:53.8790149Z   Python3_ROOT_DIR: /opt/hostedtoolcache/Python/3.12.11/x64
2025-08-20T22:39:53.8790512Z   LD_LIBRARY_PATH: /opt/hostedtoolcache/Python/3.12.11/x64/lib
2025-08-20T22:39:53.8790813Z   PGPASSWORD: pass
2025-08-20T22:39:53.8791013Z ##[endgroup]
2025-08-20T22:39:54.1323497Z  ?column? 
2025-08-20T22:39:54.1324469Z ----------
2025-08-20T22:39:54.1324990Z         1
2025-08-20T22:39:54.1341907Z (1 row)
2025-08-20T22:39:54.1342143Z 
2025-08-20T22:39:54.1367830Z ##[group]Run alembic -c services/api/alembic.ini upgrade head
2025-08-20T22:39:54.1368249Z [36;1malembic -c services/api/alembic.ini upgrade head[0m
2025-08-20T22:39:54.1408297Z shell: /usr/bin/bash -e {0}
2025-08-20T22:39:54.1408526Z env:
2025-08-20T22:39:54.1408725Z   REDIS_URL: redis://localhost:6379/0
2025-08-20T22:39:54.1408991Z   RATE_LIMIT_DEFAULT: 100/minute
2025-08-20T22:39:54.1409232Z   TRUST_X_FORWARDED: 1
2025-08-20T22:39:54.1409435Z   PG_USER: postgres
2025-08-20T22:39:54.1409624Z   PG_PASSWORD: pass
2025-08-20T22:39:54.1409806Z   PG_DATABASE: awa
2025-08-20T22:39:54.1409980Z   PG_HOST: localhost
2025-08-20T22:39:54.1410168Z   PG_PORT: 5432
2025-08-20T22:39:54.1410586Z   PG_SYNC_DSN: ***localhost:5432/awa
2025-08-20T22:39:54.1410985Z   PG_ASYNC_DSN: ***localhost:5432/awa
2025-08-20T22:39:54.1411362Z   DATABASE_URL: ***localhost:5432/awa
2025-08-20T22:39:54.1411599Z   DATA_DIR: /tmp/awa-data
2025-08-20T22:39:54.1411799Z   ENABLE_LIVE: 0
2025-08-20T22:39:54.1412000Z   TESTING: 1
2025-08-20T22:39:54.1412234Z   pythonLocation: /opt/hostedtoolcache/Python/3.12.11/x64
2025-08-20T22:39:54.1412647Z   PKG_CONFIG_PATH: /opt/hostedtoolcache/Python/3.12.11/x64/lib/pkgconfig
2025-08-20T22:39:54.1413097Z   Python_ROOT_DIR: /opt/hostedtoolcache/Python/3.12.11/x64
2025-08-20T22:39:54.1413447Z   Python2_ROOT_DIR: /opt/hostedtoolcache/Python/3.12.11/x64
2025-08-20T22:39:54.1414009Z   Python3_ROOT_DIR: /opt/hostedtoolcache/Python/3.12.11/x64
2025-08-20T22:39:54.1414372Z   LD_LIBRARY_PATH: /opt/hostedtoolcache/Python/3.12.11/x64/lib
2025-08-20T22:39:54.1414671Z ##[endgroup]
2025-08-20T22:39:56.0789401Z INFO  [alembic.runtime.migration] Context impl PostgresqlImpl.
2025-08-20T22:39:56.0790189Z INFO  [alembic.runtime.migration] Will assume transactional DDL.
2025-08-20T22:39:56.0987889Z INFO  [alembic.runtime.migration] Running upgrade  -> 0001_baseline
2025-08-20T22:39:56.1146583Z INFO  [alembic.runtime.migration] Running upgrade 0001_baseline -> 0002_create_roi_view
2025-08-20T22:39:56.1175196Z INFO  [alembic.runtime.migration] Running upgrade 0002_create_roi_view -> 3e9d5c5aff2c
2025-08-20T22:39:56.1349749Z INFO  [alembic.runtime.migration] Running upgrade 3e9d5c5aff2c -> 0003_vendor_prices
2025-08-20T22:39:56.1522117Z INFO  [alembic.runtime.migration] Running upgrade 0003_vendor_prices -> 0004_fee_cron
2025-08-20T22:39:56.1596256Z INFO  [alembic.runtime.migration] Running upgrade 0004_fee_cron -> 0006_fix_roi_views
2025-08-20T22:39:56.1628338Z INFO  [alembic.runtime.migration] Running upgrade 0006_fix_roi_views -> 0020_unified_schema
2025-08-20T22:39:56.1748832Z INFO  [alembic.runtime.migration] Running upgrade 0020_unified_schema -> 0022_fix_roi_view
2025-08-20T22:39:56.1817194Z INFO  [alembic.runtime.migration] Running upgrade 0022_fix_roi_view -> 0023_add_storage_fee
2025-08-20T22:39:56.1859365Z INFO  [alembic.runtime.migration] Running upgrade 0023_add_storage_fee -> 0024_create_buybox
2025-08-20T22:39:56.1887361Z INFO  [alembic.runtime.migration] Running upgrade 0024_create_buybox -> 0025_pr4_indexes_loadlog
2025-08-20T22:39:56.2108073Z INFO  [alembic.runtime.migration] Running upgrade 0025_pr4_indexes_loadlog -> 0026_amazon_new_reports
2025-08-20T22:39:56.3429348Z ##[group]Run python -m mypy services || true
2025-08-20T22:39:56.3429824Z [36;1mpython -m mypy services || true[0m
2025-08-20T22:39:56.3470257Z shell: /usr/bin/bash -e {0}
2025-08-20T22:39:56.3470582Z env:
2025-08-20T22:39:56.3471121Z   REDIS_URL: redis://localhost:6379/0
2025-08-20T22:39:56.3471543Z   RATE_LIMIT_DEFAULT: 100/minute
2025-08-20T22:39:56.3471833Z   TRUST_X_FORWARDED: 1
2025-08-20T22:39:56.3472161Z   PG_USER: postgres
2025-08-20T22:39:56.3472465Z   PG_PASSWORD: pass
2025-08-20T22:39:56.3472710Z   PG_DATABASE: awa
2025-08-20T22:39:56.3473018Z   PG_HOST: localhost
2025-08-20T22:39:56.3473346Z   PG_PORT: 5432
2025-08-20T22:39:56.3474063Z   PG_SYNC_DSN: ***localhost:5432/awa
2025-08-20T22:39:56.3474685Z   PG_ASYNC_DSN: ***localhost:5432/awa
2025-08-20T22:39:56.3475203Z   DATABASE_URL: ***localhost:5432/awa
2025-08-20T22:39:56.3475591Z   DATA_DIR: /tmp/awa-data
2025-08-20T22:39:56.3475945Z   ENABLE_LIVE: 0
2025-08-20T22:39:56.3476213Z   TESTING: 1
2025-08-20T22:39:56.3476655Z   pythonLocation: /opt/hostedtoolcache/Python/3.12.11/x64
2025-08-20T22:39:56.3477125Z   PKG_CONFIG_PATH: /opt/hostedtoolcache/Python/3.12.11/x64/lib/pkgconfig
2025-08-20T22:39:56.3477679Z   Python_ROOT_DIR: /opt/hostedtoolcache/Python/3.12.11/x64
2025-08-20T22:39:56.3478143Z   Python2_ROOT_DIR: /opt/hostedtoolcache/Python/3.12.11/x64
2025-08-20T22:39:56.3478589Z   Python3_ROOT_DIR: /opt/hostedtoolcache/Python/3.12.11/x64
2025-08-20T22:39:56.3479067Z   LD_LIBRARY_PATH: /opt/hostedtoolcache/Python/3.12.11/x64/lib
2025-08-20T22:39:56.3479442Z ##[endgroup]
2025-08-20T22:40:28.2946641Z Success: no issues found in 99 source files
2025-08-20T22:40:28.3342009Z ##[group]Run pytest -q --cov=services --cov-report=xml
2025-08-20T22:40:28.3342582Z [36;1mpytest -q --cov=services --cov-report=xml[0m
2025-08-20T22:40:28.3382800Z shell: /usr/bin/bash -e {0}
2025-08-20T22:40:28.3383086Z env:
2025-08-20T22:40:28.3383367Z   REDIS_URL: redis://localhost:6379/0
2025-08-20T22:40:28.3383978Z   RATE_LIMIT_DEFAULT: 100/minute
2025-08-20T22:40:28.3384298Z   TRUST_X_FORWARDED: 1
2025-08-20T22:40:28.3384569Z   PG_USER: postgres
2025-08-20T22:40:28.3384923Z   PG_PASSWORD: pass
2025-08-20T22:40:28.3385159Z   PG_DATABASE: awa
2025-08-20T22:40:28.3385414Z   PG_HOST: localhost
2025-08-20T22:40:28.3385789Z   PG_PORT: 5432
2025-08-20T22:40:28.3386288Z   PG_SYNC_DSN: ***localhost:5432/awa
2025-08-20T22:40:28.3386955Z   PG_ASYNC_DSN: ***localhost:5432/awa
2025-08-20T22:40:28.3387476Z   DATABASE_URL: ***localhost:5432/awa
2025-08-20T22:40:28.3387756Z   DATA_DIR: /tmp/awa-data
2025-08-20T22:40:28.3388151Z   ENABLE_LIVE: 0
2025-08-20T22:40:28.3388418Z   TESTING: 1
2025-08-20T22:40:28.3388843Z   pythonLocation: /opt/hostedtoolcache/Python/3.12.11/x64
2025-08-20T22:40:28.3389298Z   PKG_CONFIG_PATH: /opt/hostedtoolcache/Python/3.12.11/x64/lib/pkgconfig
2025-08-20T22:40:28.3389769Z   Python_ROOT_DIR: /opt/hostedtoolcache/Python/3.12.11/x64
2025-08-20T22:40:28.3390282Z   Python2_ROOT_DIR: /opt/hostedtoolcache/Python/3.12.11/x64
2025-08-20T22:40:28.3390721Z   Python3_ROOT_DIR: /opt/hostedtoolcache/Python/3.12.11/x64
2025-08-20T22:40:28.3391153Z   LD_LIBRARY_PATH: /opt/hostedtoolcache/Python/3.12.11/x64/lib
2025-08-20T22:40:28.3391590Z ##[endgroup]
2025-08-20T22:41:00.3755067Z ........s.............................sssssss........................... [ 41%]
2025-08-20T22:41:32.3391592Z ........................................................................ [ 83%]
2025-08-20T22:41:33.5782221Z .............................                                            [100%]
2025-08-20T22:41:33.5783059Z =============================== warnings summary ===============================
2025-08-20T22:41:33.5784352Z ../../../../../opt/hostedtoolcache/Python/3.12.11/x64/lib/python3.12/site-packages/pydantic/fields.py:1093
2025-08-20T22:41:33.5787047Z   /opt/hostedtoolcache/Python/3.12.11/x64/lib/python3.12/site-packages/pydantic/fields.py:1093: PydanticDeprecatedSince20: Using extra keyword arguments on `Field` is deprecated and will be removed. Use `json_schema_extra` instead. (Extra keys: 'strip_whitespace'). Deprecated in Pydantic V2.0 to be removed in V3.0. See Pydantic V2 Migration Guide at https://errors.pydantic.dev/2.11/migration/
2025-08-20T22:41:33.5789355Z     warn(
2025-08-20T22:41:33.5789536Z 
2025-08-20T22:41:33.5790087Z services/alert_bot/tests/test_smoke.py:5
2025-08-20T22:41:33.5791903Z   /home/runner/work/AWA-App/AWA-App/services/alert_bot/tests/test_smoke.py:5: UserWarning: pkg_resources is deprecated as an API. See https://setuptools.pypa.io/en/latest/pkg_resources.html. The pkg_resources package is slated for removal as early as 2025-11-30. Refrain from using this package or pin to Setuptools<81.
2025-08-20T22:41:33.5793855Z     import pkg_resources  # noqa: F401
2025-08-20T22:41:33.5794152Z 
2025-08-20T22:41:33.5794345Z tests/api/test_ingest_endpoints.py: 12 warnings
2025-08-20T22:41:33.5794837Z tests/ingest/test_tasks_eager.py: 3 warnings
2025-08-20T22:41:33.5795122Z tests/test_api_fast.py: 1 warning
2025-08-20T22:41:33.5795375Z tests/test_health.py: 5 warnings
2025-08-20T22:41:33.5795603Z tests/test_smoke.py: 5 warnings
2025-08-20T22:41:33.5795862Z services/api/tests/test_cors.py: 1 warning
2025-08-20T22:41:33.5796157Z services/api/tests/test_errors_json.py: 2 warnings
2025-08-20T22:41:33.5796461Z services/api/tests/test_health.py: 1 warning
2025-08-20T22:41:33.5796750Z services/api/tests/test_rate_limit.py: 122 warnings
2025-08-20T22:41:33.5797069Z services/api/tests/test_roi_basic_auth.py: 4 warnings
2025-08-20T22:41:33.5797383Z services/api/tests/test_sentry_event.py: 1 warning
2025-08-20T22:41:33.5797692Z services/api/tests/test_stats_contracts.py: 3 warnings
2025-08-20T22:41:33.5798309Z services/api/tests/test_stats_future_contracts.py: 3 warnings
2025-08-20T22:41:33.5799712Z   /opt/hostedtoolcache/Python/3.12.11/x64/lib/python3.12/site-packages/asgi_correlation_id/extensions/sentry.py:27: DeprecationWarning: sentry_sdk.configure_scope is deprecated and will be removed in the next major version. Please consult our migration guide to learn how to migrate to the new API: https://docs.sentry.io/platforms/python/migration/1.x-to-2.x#scope-configuring
2025-08-20T22:41:33.5801089Z Sentry is attempting to send 0 pending events
2025-08-20T22:41:33.5801364Z Waiting up to True seconds
2025-08-20T22:41:33.5801576Z Press Ctrl-C to quit
2025-08-20T22:41:33.5801787Z     with configure_scope() as scope:
2025-08-20T22:41:33.5801950Z 
2025-08-20T22:41:33.5802068Z tests/api/test_ingest_endpoints.py: 3 warnings
2025-08-20T22:41:33.5802343Z tests/test_api_fast.py: 1 warning
2025-08-20T22:41:33.5802577Z tests/test_health.py: 5 warnings
2025-08-20T22:41:33.5802812Z tests/test_smoke.py: 5 warnings
2025-08-20T22:41:33.5803052Z services/api/tests/test_cors.py: 3 warnings
2025-08-20T22:41:33.5803336Z services/api/tests/test_errors_json.py: 2 warnings
2025-08-20T22:41:33.5803869Z services/api/tests/test_health.py: 1 warning
2025-08-20T22:41:33.5804167Z services/api/tests/test_rate_limit.py: 2 warnings
2025-08-20T22:41:33.5804473Z services/api/tests/test_sentry_event.py: 1 warning
2025-08-20T22:41:33.5804790Z services/api/tests/test_stats_contracts.py: 3 warnings
2025-08-20T22:41:33.5805146Z services/api/tests/test_stats_future_contracts.py: 1 warning
2025-08-20T22:41:33.5805989Z   /opt/hostedtoolcache/Python/3.12.11/x64/lib/python3.12/site-packages/fastapi_limiter/__init__.py:89: DeprecationWarning: Call to deprecated close. (Use aclose() instead) -- Deprecated since version 5.0.1.
2025-08-20T22:41:33.5806739Z     await cls.redis.close()
2025-08-20T22:41:33.5806880Z 
2025-08-20T22:41:33.5807030Z tests/test_api_fast.py::test_health_endpoint
2025-08-20T22:41:33.5807997Z   /home/runner/work/AWA-App/AWA-App/tests/test_api_fast.py:13: DeprecationWarning: datetime.datetime.utcnow() is deprecated and scheduled for removal in a future version. Use timezone-aware objects to represent datetimes in UTC: datetime.datetime.now(datetime.UTC).
2025-08-20T22:41:33.5808947Z     return datetime.datetime.utcnow()
2025-08-20T22:41:33.5809114Z 
2025-08-20T22:41:33.5809200Z tests/test_api_fast.py: 1 warning
2025-08-20T22:41:33.5809437Z tests/test_health.py: 5 warnings
2025-08-20T22:41:33.5809665Z tests/test_smoke.py: 5 warnings
2025-08-20T22:41:33.5809895Z services/api/tests/test_cors.py: 1 warning
2025-08-20T22:41:33.5810165Z services/api/tests/test_health.py: 1 warning
2025-08-20T22:41:33.5810600Z services/api/tests/test_rate_limit.py: 102 warnings
2025-08-20T22:41:33.5811618Z   /home/runner/work/AWA-App/AWA-App/services/api/routes/health.py:24: DeprecationWarning: datetime.datetime.utcnow() is deprecated and scheduled for removal in a future version. Use timezone-aware objects to represent datetimes in UTC: datetime.datetime.now(datetime.UTC).
2025-08-20T22:41:33.5812641Z     app_now = datetime.utcnow().replace(tzinfo=timezone.utc)
2025-08-20T22:41:33.5812862Z 
2025-08-20T22:41:33.5812954Z tests/test_health.py::test_health[0]
2025-08-20T22:41:33.5813203Z tests/test_health.py::test_health[1]
2025-08-20T22:41:33.5813446Z tests/test_health.py::test_health[2]
2025-08-20T22:41:33.5814062Z tests/test_health.py::test_health[3]
2025-08-20T22:41:33.5814520Z tests/test_health.py::test_health[4]
2025-08-20T22:41:33.5816082Z   /home/runner/work/AWA-App/AWA-App/tests/test_health.py:22: DeprecationWarning: datetime.datetime.utcnow() is deprecated and scheduled for removal in a future version. Use timezone-aware objects to represent datetimes in UTC: datetime.datetime.now(datetime.UTC).
2025-08-20T22:41:33.5817814Z     return datetime.datetime.utcnow()
2025-08-20T22:41:33.5818126Z 
2025-08-20T22:41:33.5818299Z tests/test_smoke.py::test_health[0]
2025-08-20T22:41:33.5818722Z tests/test_smoke.py::test_health[1]
2025-08-20T22:41:33.5819392Z tests/test_smoke.py::test_health[2]
2025-08-20T22:41:33.5819868Z tests/test_smoke.py::test_health[3]
2025-08-20T22:41:33.5820323Z tests/test_smoke.py::test_health[4]
2025-08-20T22:41:33.5822053Z   /home/runner/work/AWA-App/AWA-App/tests/test_smoke.py:32: DeprecationWarning: datetime.datetime.utcnow() is deprecated and scheduled for removal in a future version. Use timezone-aware objects to represent datetimes in UTC: datetime.datetime.now(datetime.UTC).
2025-08-20T22:41:33.5824059Z     return datetime.datetime.utcnow()
2025-08-20T22:41:33.5824391Z 
2025-08-20T22:41:33.5824695Z services/api/tests/test_cors.py::test_cors_simple_get_allowed
2025-08-20T22:41:33.5826657Z   /home/runner/work/AWA-App/AWA-App/services/api/tests/test_cors.py:27: DeprecationWarning: datetime.datetime.utcnow() is deprecated and scheduled for removal in a future version. Use timezone-aware objects to represent datetimes in UTC: datetime.datetime.now(datetime.UTC).
2025-08-20T22:41:33.5828481Z     return datetime.datetime.utcnow()
2025-08-20T22:41:33.5828800Z 
2025-08-20T22:41:33.5829045Z services/api/tests/test_health.py::test_health_route
2025-08-20T22:41:33.5830912Z   /home/runner/work/AWA-App/AWA-App/services/api/tests/test_health.py:14: DeprecationWarning: datetime.datetime.utcnow() is deprecated and scheduled for removal in a future version. Use timezone-aware objects to represent datetimes in UTC: datetime.datetime.now(datetime.UTC).
2025-08-20T22:41:33.5832768Z     return datetime.datetime.utcnow()
2025-08-20T22:41:33.5833073Z 
2025-08-20T22:41:33.5833284Z services/api/tests/test_rate_limit.py: 102 warnings
2025-08-20T22:41:33.5835377Z   /home/runner/work/AWA-App/AWA-App/services/api/tests/test_rate_limit.py:33: DeprecationWarning: datetime.datetime.utcnow() is deprecated and scheduled for removal in a future version. Use timezone-aware objects to represent datetimes in UTC: datetime.datetime.now(datetime.UTC).
2025-08-20T22:41:33.5837236Z     return datetime.datetime.utcnow()
2025-08-20T22:41:33.5837546Z 
2025-08-20T22:41:33.5837986Z services/api/tests/test_sentry_event.py::test_unhandled_exception_is_captured_and_tagged
2025-08-20T22:41:33.5840371Z   /home/runner/work/AWA-App/AWA-App/services/api/tests/test_sentry_event.py:47: SentryHubDeprecationWarning: `sentry_sdk.Hub` is deprecated and will be removed in a future major release. Please consult our 1.x to 2.x migration guide for details on how to migrate `Hub` usage to the new API: https://docs.sentry.io/platforms/python/migration/1.x-to-2.x
2025-08-20T22:41:33.5842507Z     hub = sentry_sdk.Hub.current
2025-08-20T22:41:33.5842783Z 
2025-08-20T22:41:33.5843112Z -- Docs: https://docs.pytest.org/en/stable/how-to/capture-warnings.html
2025-08-20T22:41:33.5844254Z ================================ tests coverage ================================
2025-08-20T22:41:33.5844920Z _______________ coverage: platform linux, python 3.12.11-final-0 _______________
2025-08-20T22:41:33.5845389Z 
2025-08-20T22:41:33.5845567Z Coverage XML written to file coverage.xml
2025-08-20T22:41:34.0247469Z ##[group]Run actions/upload-artifact@v4
2025-08-20T22:41:34.0247753Z with:
2025-08-20T22:41:34.0247939Z   name: coverage
2025-08-20T22:41:34.0248133Z   path: coverage.xml
2025-08-20T22:41:34.0248334Z   if-no-files-found: warn
2025-08-20T22:41:34.0248549Z   compression-level: 6
2025-08-20T22:41:34.0248746Z   overwrite: false
2025-08-20T22:41:34.0248933Z   include-hidden-files: false
2025-08-20T22:41:34.0249147Z env:
2025-08-20T22:41:34.0249344Z   REDIS_URL: redis://localhost:6379/0
2025-08-20T22:41:34.0249600Z   RATE_LIMIT_DEFAULT: 100/minute
2025-08-20T22:41:34.0249821Z   TRUST_X_FORWARDED: 1
2025-08-20T22:41:34.0250014Z   PG_USER: postgres
2025-08-20T22:41:34.0250220Z   PG_PASSWORD: pass
2025-08-20T22:41:34.0250395Z   PG_DATABASE: awa
2025-08-20T22:41:34.0250576Z   PG_HOST: localhost
2025-08-20T22:41:34.0250758Z   PG_PORT: 5432
2025-08-20T22:41:34.0251168Z   PG_SYNC_DSN: ***localhost:5432/awa
2025-08-20T22:41:34.0251558Z   PG_ASYNC_DSN: ***localhost:5432/awa
2025-08-20T22:41:34.0251956Z   DATABASE_URL: ***localhost:5432/awa
2025-08-20T22:41:34.0252184Z   DATA_DIR: /tmp/awa-data
2025-08-20T22:41:34.0252387Z   ENABLE_LIVE: 0
2025-08-20T22:41:34.0252562Z   TESTING: 1
2025-08-20T22:41:34.0252796Z   pythonLocation: /opt/hostedtoolcache/Python/3.12.11/x64
2025-08-20T22:41:34.0253184Z   PKG_CONFIG_PATH: /opt/hostedtoolcache/Python/3.12.11/x64/lib/pkgconfig
2025-08-20T22:41:34.0253803Z   Python_ROOT_DIR: /opt/hostedtoolcache/Python/3.12.11/x64
2025-08-20T22:41:34.0254177Z   Python2_ROOT_DIR: /opt/hostedtoolcache/Python/3.12.11/x64
2025-08-20T22:41:34.0254525Z   Python3_ROOT_DIR: /opt/hostedtoolcache/Python/3.12.11/x64
2025-08-20T22:41:34.0254876Z   LD_LIBRARY_PATH: /opt/hostedtoolcache/Python/3.12.11/x64/lib
2025-08-20T22:41:34.0255178Z ##[endgroup]
2025-08-20T22:41:34.2359808Z With the provided path, there will be 1 file uploaded
2025-08-20T22:41:34.2365287Z Artifact name is valid!
2025-08-20T22:41:34.2366589Z Root directory input is valid!
2025-08-20T22:41:34.3491675Z Beginning upload of artifact content to blob storage
2025-08-20T22:41:34.3982856Z Uploaded bytes 5432
2025-08-20T22:41:34.4129756Z Finished uploading artifact content to blob storage!
2025-08-20T22:41:34.4132933Z SHA256 digest of uploaded artifact zip is 687940bec8e0fc059001f260bc52a691a2b1fab6ebc5fe1f7d832498dc081245
2025-08-20T22:41:34.4135117Z Finalizing artifact upload
2025-08-20T22:41:34.4855687Z Artifact coverage.zip successfully finalized. Artifact ID 3813877833
2025-08-20T22:41:34.4856640Z Artifact coverage has been successfully uploaded! Final size is 5432 bytes. Artifact ID is 3813877833
2025-08-20T22:41:34.4863104Z Artifact download URL: https://github.com/AlexBomber12/AWA-App/actions/runs/17112021346/artifacts/3813877833
2025-08-20T22:41:34.4975260Z Post job cleanup.
2025-08-20T22:41:34.6463804Z Cache hit occurred on the primary key setup-python-Linux-x64-24.04-Ubuntu-python-3.12.11-pip-cc13ccef493b9f3a93ad5651164d9fb09282c1111f6f72ce20e0657de16de6b4, not saving cache.
2025-08-20T22:41:34.6580212Z Post job cleanup.
2025-08-20T22:41:34.7344389Z [command]/usr/bin/git version
2025-08-20T22:41:34.7379521Z git version 2.51.0
2025-08-20T22:41:34.7417030Z Temporarily overriding HOME='/home/runner/work/_temp/908fdf41-4d37-4a13-a7cd-415e0bd15079' before making global git config changes
2025-08-20T22:41:34.7418363Z Adding repository directory to the temporary git global config as a safe directory
2025-08-20T22:41:34.7423083Z [command]/usr/bin/git config --global --add safe.directory /home/runner/work/AWA-App/AWA-App
2025-08-20T22:41:34.7458885Z [command]/usr/bin/git config --local --name-only --get-regexp core\.sshCommand
2025-08-20T22:41:34.7490376Z [command]/usr/bin/git submodule foreach --recursive sh -c "git config --local --name-only --get-regexp 'core\.sshCommand' && git config --local --unset-all 'core.sshCommand' || :"
2025-08-20T22:41:34.7715208Z [command]/usr/bin/git config --local --name-only --get-regexp http\.https\:\/\/github\.com\/\.extraheader
2025-08-20T22:41:34.7737785Z http.https://github.com/.extraheader
2025-08-20T22:41:34.7747730Z [command]/usr/bin/git config --local --unset-all http.https://github.com/.extraheader
2025-08-20T22:41:34.7779457Z [command]/usr/bin/git submodule foreach --recursive sh -c "git config --local --name-only --get-regexp 'http\.https\:\/\/github\.com\/\.extraheader' && git config --local --unset-all 'http.https://github.com/.extraheader' || :"
2025-08-20T22:41:34.8091949Z Print service container logs: 9ea72515f2d14f9ea217fb1f8fb09da8_postgres15_65f0d5
2025-08-20T22:41:34.8097244Z ##[command]/usr/bin/docker logs --details 70751e6b262188dd015d4d81b8eee93828232aaa2df6053c1d5f8c0ec1728b9c
2025-08-20T22:41:34.8215482Z  The files belonging to this database system will be owned by user "postgres".
2025-08-20T22:41:34.8216563Z  This user must also own the server process.
2025-08-20T22:41:34.8218998Z  initdb: warning: enabling "trust" authentication for local connections
2025-08-20T22:41:34.8220132Z  initdb: hint: You can change this by editing pg_hba.conf or using the option -A, or --auth-local and --auth-host, the next time you run initdb.
2025-08-20T22:41:34.8221582Z  2025-08-20 22:39:01.332 UTC [1] LOG:  starting PostgreSQL 15.14 (Debian 15.14-1.pgdg13+1) on x86_64-pc-linux-gnu, compiled by gcc (Debian 14.2.0-19) 14.2.0, 64-bit
2025-08-20T22:41:34.8222677Z  2025-08-20 22:39:01.332 UTC [1] LOG:  listening on IPv4 address "0.0.0.0", port 5432
2025-08-20T22:41:34.8223431Z  2025-08-20 22:39:01.332 UTC [1] LOG:  listening on IPv6 address "::", port 5432
2025-08-20T22:41:34.8224417Z  2025-08-20 22:39:01.334 UTC [1] LOG:  listening on Unix socket "/var/run/postgresql/.s.PGSQL.5432"
2025-08-20T22:41:34.8225265Z  2025-08-20 22:39:01.337 UTC [64] LOG:  database system was shut down at 2025-08-20 22:39:01 UTC
2025-08-20T22:41:34.8226048Z  2025-08-20 22:39:01.342 UTC [1] LOG:  database system is ready to accept connections
2025-08-20T22:41:34.8226612Z  
2025-08-20T22:41:34.8227044Z  The database cluster will be initialized with locale "en_US.utf8".
2025-08-20T22:41:34.8227749Z  The default database encoding has accordingly been set to "UTF8".
2025-08-20T22:41:34.8228436Z  The default text search configuration will be set to "english".
2025-08-20T22:41:34.8228951Z  
2025-08-20T22:41:34.8229245Z  Data page checksums are disabled.
2025-08-20T22:41:34.8229623Z  
2025-08-20T22:41:34.8230086Z  fixing permissions on existing directory /var/lib/postgresql/data ... ok
2025-08-20T22:41:34.8230708Z  creating subdirectories ... ok
2025-08-20T22:41:34.8231206Z  selecting dynamic shared memory implementation ... posix
2025-08-20T22:41:34.8231757Z  selecting default max_connections ... 100
2025-08-20T22:41:34.8232229Z  selecting default shared_buffers ... 128MB
2025-08-20T22:41:34.8232684Z  selecting default time zone ... Etc/UTC
2025-08-20T22:41:34.8233142Z  creating configuration files ... ok
2025-08-20T22:41:34.8233728Z  running bootstrap script ... ok
2025-08-20T22:41:34.8234205Z  performing post-bootstrap initialization ... ok
2025-08-20T22:41:34.8234692Z  syncing data to disk ... ok
2025-08-20T22:41:34.8235049Z  
2025-08-20T22:41:34.8235305Z  
2025-08-20T22:41:34.8235660Z  Success. You can now start the database server using:
2025-08-20T22:41:34.8236127Z  
2025-08-20T22:41:34.8236469Z      pg_ctl -D /var/lib/postgresql/data -l logfile start
2025-08-20T22:41:34.8237417Z  
2025-08-20T22:41:34.8238358Z  waiting for server to start....2025-08-20 22:39:00.988 UTC [48] LOG:  starting PostgreSQL 15.14 (Debian 15.14-1.pgdg13+1) on x86_64-pc-linux-gnu, compiled by gcc (Debian 14.2.0-19) 14.2.0, 64-bit
2025-08-20T22:41:34.8239255Z  2025-08-20 22:39:00.988 UTC [48] LOG:  listening on Unix socket "/var/run/postgresql/.s.PGSQL.5432"
2025-08-20T22:41:34.8239753Z  2025-08-20 22:39:00.992 UTC [51] LOG:  database system was shut down at 2025-08-20 22:39:00 UTC
2025-08-20T22:41:34.8240405Z  2025-08-20 22:39:00.997 UTC [48] LOG:  database system is ready to accept connections
2025-08-20T22:41:34.8240728Z   done
2025-08-20T22:41:34.8240900Z  server started
2025-08-20T22:41:34.8241080Z  CREATE DATABASE
2025-08-20T22:41:34.8241266Z  
2025-08-20T22:41:34.8241420Z  
2025-08-20T22:41:34.8241728Z  /usr/local/bin/docker-entrypoint.sh: ignoring /docker-entrypoint-initdb.d/*
2025-08-20T22:41:34.8242117Z  
2025-08-20T22:41:34.8242452Z  waiting for server to shut down...2025-08-20 22:39:01.210 UTC [48] LOG:  received fast shutdown request
2025-08-20T22:41:34.8243110Z  .2025-08-20 22:39:01.211 UTC [48] LOG:  aborting any active transactions
2025-08-20T22:41:34.8243854Z  2025-08-20 22:39:01.213 UTC [48] LOG:  background worker "logical replication launcher" (PID 54) exited with exit code 1
2025-08-20T22:41:34.8244334Z  2025-08-20 22:39:01.213 UTC [49] LOG:  shutting down
2025-08-20T22:41:34.8244682Z  2025-08-20 22:39:01.214 UTC [49] LOG:  checkpoint starting: shutdown immediate
2025-08-20T22:41:34.8245521Z  2025-08-20 22:39:01.236 UTC [49] LOG:  checkpoint complete: wrote 922 buffers (5.6%); 0 WAL file(s) added, 0 removed, 0 recycled; write=0.019 s, sync=0.002 s, total=0.023 s; sync files=301, longest=0.001 s, average=0.001 s; distance=4239 kB, estimate=4239 kB
2025-08-20T22:41:34.8246343Z  2025-08-20 22:39:01.244 UTC [48] LOG:  database system is shut down
2025-08-20T22:41:34.8246634Z   done
2025-08-20T22:41:34.8246794Z  server stopped
2025-08-20T22:41:34.8246973Z  
2025-08-20T22:41:34.8247202Z  PostgreSQL init process complete; ready for start up.
2025-08-20T22:41:34.8247480Z  
2025-08-20T22:41:34.8252473Z Stop and remove container: 9ea72515f2d14f9ea217fb1f8fb09da8_postgres15_65f0d5
2025-08-20T22:41:34.8257598Z ##[command]/usr/bin/docker rm --force 70751e6b262188dd015d4d81b8eee93828232aaa2df6053c1d5f8c0ec1728b9c
2025-08-20T22:41:34.9485040Z 70751e6b262188dd015d4d81b8eee93828232aaa2df6053c1d5f8c0ec1728b9c
2025-08-20T22:41:34.9504844Z Print service container logs: b32d155569ef44a8acba9166aca6eaf0_redis7alpine_85c7a6
2025-08-20T22:41:34.9506020Z ##[command]/usr/bin/docker logs --details eb8be31195d645c7fbd27ccbe560d9194f7fe5e06a41b5976c4c0b627267749f
2025-08-20T22:41:34.9624645Z  1:C 20 Aug 2025 22:39:01.502 # WARNING Memory overcommit must be enabled! Without it, a background save or replication may fail under low memory condition. Being disabled, it can also cause failures without low memory condition, see https://github.com/jemalloc/jemalloc/issues/1328. To fix this issue add 'vm.overcommit_memory = 1' to /etc/sysctl.conf and then reboot or run the command 'sysctl vm.overcommit_memory=1' for this to take effect.
2025-08-20T22:41:34.9626206Z  1:C 20 Aug 2025 22:39:01.502 * oO0OoO0OoO0Oo Redis is starting oO0OoO0OoO0Oo
2025-08-20T22:41:34.9626697Z  1:C 20 Aug 2025 22:39:01.502 * Redis version=7.4.5, bits=64, commit=00000000, modified=0, pid=1, just started
2025-08-20T22:41:34.9627393Z  1:C 20 Aug 2025 22:39:01.502 # Warning: no config file specified, using the default config. In order to specify a config file use redis-server /path/to/redis.conf
2025-08-20T22:41:34.9628010Z  1:M 20 Aug 2025 22:39:01.503 * monotonic clock: POSIX clock_gettime
2025-08-20T22:41:34.9628395Z  1:M 20 Aug 2025 22:39:01.503 * Running mode=standalone, port=6379.
2025-08-20T22:41:34.9628725Z  1:M 20 Aug 2025 22:39:01.504 * Server initialized
2025-08-20T22:41:34.9629050Z  1:M 20 Aug 2025 22:39:01.504 * Ready to accept connections tcp
2025-08-20T22:41:34.9636020Z Stop and remove container: b32d155569ef44a8acba9166aca6eaf0_redis7alpine_85c7a6
2025-08-20T22:41:34.9636774Z ##[command]/usr/bin/docker rm --force eb8be31195d645c7fbd27ccbe560d9194f7fe5e06a41b5976c4c0b627267749f
2025-08-20T22:41:35.0825774Z eb8be31195d645c7fbd27ccbe560d9194f7fe5e06a41b5976c4c0b627267749f
2025-08-20T22:41:35.0847669Z Remove container network: github_network_7f9e4e6efa774f2ebf649c2e3c16cf5d
2025-08-20T22:41:35.0852185Z ##[command]/usr/bin/docker network rm github_network_7f9e4e6efa774f2ebf649c2e3c16cf5d
2025-08-20T22:41:35.2235520Z github_network_7f9e4e6efa774f2ebf649c2e3c16cf5d
2025-08-20T22:41:35.2291411Z Cleaning up orphan processes
