2025-08-19T12:10:17.7585369Z Current runner version: '2.327.1'
2025-08-19T12:10:17.7610853Z ##[group]Runner Image Provisioner
2025-08-19T12:10:17.7611826Z Hosted Compute Agent
2025-08-19T12:10:17.7612533Z Version: 20250818.377
2025-08-19T12:10:17.7613214Z Commit: 3c593e9f75fe0b87e893bca80d6e12ba089c61fc
2025-08-19T12:10:17.7613890Z Build Date: 2025-08-18T14:52:18Z
2025-08-19T12:10:17.7614602Z ##[endgroup]
2025-08-19T12:10:17.7615122Z ##[group]Operating System
2025-08-19T12:10:17.7615742Z Ubuntu
2025-08-19T12:10:17.7616306Z 24.04.2
2025-08-19T12:10:17.7616818Z LTS
2025-08-19T12:10:17.7617300Z ##[endgroup]
2025-08-19T12:10:17.7617855Z ##[group]Runner Image
2025-08-19T12:10:17.7618488Z Image: ubuntu-24.04
2025-08-19T12:10:17.7618991Z Version: 20250810.1.0
2025-08-19T12:10:17.7620587Z Included Software: https://github.com/actions/runner-images/blob/ubuntu24/20250810.1/images/ubuntu/Ubuntu2404-Readme.md
2025-08-19T12:10:17.7622163Z Image Release: https://github.com/actions/runner-images/releases/tag/ubuntu24%2F20250810.1
2025-08-19T12:10:17.7623276Z ##[endgroup]
2025-08-19T12:10:17.7625711Z ##[group]GITHUB_TOKEN Permissions
2025-08-19T12:10:17.7627997Z Actions: write
2025-08-19T12:10:17.7628581Z Attestations: write
2025-08-19T12:10:17.7629128Z Checks: write
2025-08-19T12:10:17.7629782Z Contents: write
2025-08-19T12:10:17.7630451Z Deployments: write
2025-08-19T12:10:17.7630973Z Discussions: write
2025-08-19T12:10:17.7631521Z Issues: write
2025-08-19T12:10:17.7632093Z Metadata: read
2025-08-19T12:10:17.7632680Z Models: read
2025-08-19T12:10:17.7633158Z Packages: write
2025-08-19T12:10:17.7633766Z Pages: write
2025-08-19T12:10:17.7634296Z PullRequests: write
2025-08-19T12:10:17.7634854Z RepositoryProjects: write
2025-08-19T12:10:17.7635524Z SecurityEvents: write
2025-08-19T12:10:17.7636148Z Statuses: write
2025-08-19T12:10:17.7636683Z ##[endgroup]
2025-08-19T12:10:17.7638981Z Secret source: Actions
2025-08-19T12:10:17.7639876Z Prepare workflow directory
2025-08-19T12:10:17.8099839Z Prepare all required actions
2025-08-19T12:10:17.8139107Z Getting action download info
2025-08-19T12:10:18.1617166Z Download action repository 'actions/checkout@v4' (SHA:08eba0b27e820071cde6df949e0beb9ba4906955)
2025-08-19T12:10:18.8971213Z Download action repository 'actions/setup-python@v5' (SHA:a26af69be951a213d495a4c3e4e4022e16d87065)
2025-08-19T12:10:19.5599633Z Download action repository 'actions/upload-artifact@v4' (SHA:ea165f8d65b6e75b540449e92b4886f43607fa02)
2025-08-19T12:10:19.7782701Z Complete job name: unit
2025-08-19T12:10:19.8393656Z ##[group]Checking docker version
2025-08-19T12:10:19.8407745Z ##[command]/usr/bin/docker version --format '{{.Server.APIVersion}}'
2025-08-19T12:10:19.9271094Z '1.48'
2025-08-19T12:10:19.9284235Z Docker daemon API version: '1.48'
2025-08-19T12:10:19.9285694Z ##[command]/usr/bin/docker version --format '{{.Client.APIVersion}}'
2025-08-19T12:10:19.9469876Z '1.48'
2025-08-19T12:10:19.9484561Z Docker client API version: '1.48'
2025-08-19T12:10:19.9492282Z ##[endgroup]
2025-08-19T12:10:19.9497514Z ##[group]Clean up resources from previous jobs
2025-08-19T12:10:19.9504570Z ##[command]/usr/bin/docker ps --all --quiet --no-trunc --filter "label=f001bc"
2025-08-19T12:10:19.9662053Z ##[command]/usr/bin/docker network prune --force --filter "label=f001bc"
2025-08-19T12:10:19.9803727Z ##[endgroup]
2025-08-19T12:10:19.9804936Z ##[group]Create local container network
2025-08-19T12:10:19.9817293Z ##[command]/usr/bin/docker network create --label f001bc github_network_7753aa4f40b043c5b268a3b12aac0a41
2025-08-19T12:10:20.0370506Z 8e9cda207f7ffd28be77a11ca5749cc853d6f810da6aeeec7c8bc435a7e523d6
2025-08-19T12:10:20.0391388Z ##[endgroup]
2025-08-19T12:10:20.0421045Z ##[group]Starting postgres service container
2025-08-19T12:10:20.0442157Z ##[command]/usr/bin/docker pull postgres:15
2025-08-19T12:10:20.5924403Z 15: Pulling from library/postgres
2025-08-19T12:10:20.7438670Z 396b1da7636e: Pulling fs layer
2025-08-19T12:10:20.7439165Z fca2566eba32: Pulling fs layer
2025-08-19T12:10:20.7439696Z 631fe8c6d606: Pulling fs layer
2025-08-19T12:10:20.7440052Z 77c7671c4414: Pulling fs layer
2025-08-19T12:10:20.7440852Z 2d9e29180a27: Pulling fs layer
2025-08-19T12:10:20.7441266Z c6bcc2c9a041: Pulling fs layer
2025-08-19T12:10:20.7441627Z ac4b721eb66f: Pulling fs layer
2025-08-19T12:10:20.7441984Z 606bd164980e: Pulling fs layer
2025-08-19T12:10:20.7442235Z f5dfd246bc6e: Pulling fs layer
2025-08-19T12:10:20.7442533Z ba7036bb0a60: Pulling fs layer
2025-08-19T12:10:20.7442757Z 799f859abbbd: Pulling fs layer
2025-08-19T12:10:20.7442981Z d903e777080c: Pulling fs layer
2025-08-19T12:10:20.7443304Z 04adcb462801: Pulling fs layer
2025-08-19T12:10:20.7443565Z 5c10925b29ff: Pulling fs layer
2025-08-19T12:10:20.7443791Z c6bcc2c9a041: Waiting
2025-08-19T12:10:20.7444009Z ac4b721eb66f: Waiting
2025-08-19T12:10:20.7444191Z 606bd164980e: Waiting
2025-08-19T12:10:20.7444364Z f5dfd246bc6e: Waiting
2025-08-19T12:10:20.7444560Z ba7036bb0a60: Waiting
2025-08-19T12:10:20.7444745Z 04adcb462801: Waiting
2025-08-19T12:10:20.7444919Z 77c7671c4414: Waiting
2025-08-19T12:10:20.7445098Z 799f859abbbd: Waiting
2025-08-19T12:10:20.7445331Z 2d9e29180a27: Waiting
2025-08-19T12:10:20.7445506Z d903e777080c: Waiting
2025-08-19T12:10:20.7445677Z 5c10925b29ff: Waiting
2025-08-19T12:10:20.9495669Z fca2566eba32: Download complete
2025-08-19T12:10:21.0838803Z 631fe8c6d606: Verifying Checksum
2025-08-19T12:10:21.0839754Z 631fe8c6d606: Download complete
2025-08-19T12:10:21.2173884Z 396b1da7636e: Verifying Checksum
2025-08-19T12:10:21.2174595Z 396b1da7636e: Download complete
2025-08-19T12:10:21.2548632Z 77c7671c4414: Verifying Checksum
2025-08-19T12:10:21.2549250Z 77c7671c4414: Download complete
2025-08-19T12:10:21.3940911Z 2d9e29180a27: Download complete
2025-08-19T12:10:21.4450919Z c6bcc2c9a041: Verifying Checksum
2025-08-19T12:10:21.4451441Z c6bcc2c9a041: Download complete
2025-08-19T12:10:21.5378875Z ac4b721eb66f: Verifying Checksum
2025-08-19T12:10:21.5381580Z ac4b721eb66f: Download complete
2025-08-19T12:10:21.5705516Z 606bd164980e: Verifying Checksum
2025-08-19T12:10:21.5710653Z 606bd164980e: Download complete
2025-08-19T12:10:21.7337622Z ba7036bb0a60: Verifying Checksum
2025-08-19T12:10:21.7341291Z ba7036bb0a60: Download complete
2025-08-19T12:10:21.7723803Z 799f859abbbd: Verifying Checksum
2025-08-19T12:10:21.7724302Z 799f859abbbd: Download complete
2025-08-19T12:10:21.9078573Z d903e777080c: Verifying Checksum
2025-08-19T12:10:21.9080099Z d903e777080c: Download complete
2025-08-19T12:10:21.9770527Z 04adcb462801: Verifying Checksum
2025-08-19T12:10:21.9771333Z 04adcb462801: Download complete
2025-08-19T12:10:22.1364043Z 5c10925b29ff: Verifying Checksum
2025-08-19T12:10:22.2822593Z 5c10925b29ff: Download complete
2025-08-19T12:10:22.2823104Z 396b1da7636e: Pull complete
2025-08-19T12:10:22.4798960Z f5dfd246bc6e: Verifying Checksum
2025-08-19T12:10:22.4799319Z f5dfd246bc6e: Download complete
2025-08-19T12:10:23.1093299Z fca2566eba32: Pull complete
2025-08-19T12:10:23.2884907Z 631fe8c6d606: Pull complete
2025-08-19T12:10:23.3349047Z 77c7671c4414: Pull complete
2025-08-19T12:10:23.6689218Z 2d9e29180a27: Pull complete
2025-08-19T12:10:23.7598506Z c6bcc2c9a041: Pull complete
2025-08-19T12:10:23.7684294Z ac4b721eb66f: Pull complete
2025-08-19T12:10:23.7786143Z 606bd164980e: Pull complete
2025-08-19T12:10:26.7509747Z f5dfd246bc6e: Pull complete
2025-08-19T12:10:26.7697960Z ba7036bb0a60: Pull complete
2025-08-19T12:10:26.7807541Z 799f859abbbd: Pull complete
2025-08-19T12:10:26.7934192Z d903e777080c: Pull complete
2025-08-19T12:10:26.8058686Z 04adcb462801: Pull complete
2025-08-19T12:10:26.8166382Z 5c10925b29ff: Pull complete
2025-08-19T12:10:26.8205323Z Digest: sha256:bc51cf4f1fe02cce7ed2370b20128a9b00b4eb804573a77d2a0d877aaa9c82b1
2025-08-19T12:10:26.8217358Z Status: Downloaded newer image for postgres:15
2025-08-19T12:10:26.8228394Z docker.io/library/postgres:15
2025-08-19T12:10:26.8290696Z ##[command]/usr/bin/docker create --name c5037f7af8eb4407ba0f51320b356de2_postgres15_d3c105 --label f001bc --network github_network_7753aa4f40b043c5b268a3b12aac0a41 --network-alias postgres -p 5432:5432 --health-cmd="pg_isready -U postgres -d awa" --health-interval=5s --health-timeout=5s --health-retries=10 -e "POSTGRES_USER=postgres" -e "POSTGRES_PASSWORD=pass" -e "POSTGRES_DB=awa" -e GITHUB_ACTIONS=true -e CI=true postgres:15
2025-08-19T12:10:26.8552447Z df56694aa87fda73930b903e22fedc2187a4ff2150b58af8aafb523a5fa79375
2025-08-19T12:10:26.8577906Z ##[command]/usr/bin/docker start df56694aa87fda73930b903e22fedc2187a4ff2150b58af8aafb523a5fa79375
2025-08-19T12:10:27.1734659Z df56694aa87fda73930b903e22fedc2187a4ff2150b58af8aafb523a5fa79375
2025-08-19T12:10:27.1763018Z ##[command]/usr/bin/docker ps --all --filter id=df56694aa87fda73930b903e22fedc2187a4ff2150b58af8aafb523a5fa79375 --filter status=running --no-trunc --format "{{.ID}} {{.Status}}"
2025-08-19T12:10:27.1947062Z df56694aa87fda73930b903e22fedc2187a4ff2150b58af8aafb523a5fa79375 Up Less than a second (health: starting)
2025-08-19T12:10:27.1972316Z ##[command]/usr/bin/docker port df56694aa87fda73930b903e22fedc2187a4ff2150b58af8aafb523a5fa79375
2025-08-19T12:10:27.2109858Z 5432/tcp -> 0.0.0.0:5432
2025-08-19T12:10:27.2110724Z 5432/tcp -> [::]:5432
2025-08-19T12:10:27.2170024Z ##[endgroup]
2025-08-19T12:10:27.2171737Z ##[group]Starting redis service container
2025-08-19T12:10:27.2173754Z ##[command]/usr/bin/docker pull redis:7-alpine
2025-08-19T12:10:27.7634481Z 7-alpine: Pulling from library/redis
2025-08-19T12:10:27.8961411Z 0368fd46e3c6: Pulling fs layer
2025-08-19T12:10:27.8961954Z 4c55286bbede: Pulling fs layer
2025-08-19T12:10:27.8962715Z 5e28347af205: Pulling fs layer
2025-08-19T12:10:27.8963107Z 311eca34042e: Pulling fs layer
2025-08-19T12:10:27.8963437Z e6fe6f07e192: Pulling fs layer
2025-08-19T12:10:27.8964070Z a2cadbfeca72: Pulling fs layer
2025-08-19T12:10:27.8964652Z 4f4fb700ef54: Pulling fs layer
2025-08-19T12:10:27.8965116Z a976ed7e7808: Pulling fs layer
2025-08-19T12:10:27.8965712Z e6fe6f07e192: Waiting
2025-08-19T12:10:27.8966154Z a2cadbfeca72: Waiting
2025-08-19T12:10:27.8966638Z 4f4fb700ef54: Waiting
2025-08-19T12:10:27.8967110Z a976ed7e7808: Waiting
2025-08-19T12:10:27.8967640Z 311eca34042e: Waiting
2025-08-19T12:10:28.0864505Z 4c55286bbede: Verifying Checksum
2025-08-19T12:10:28.0865569Z 4c55286bbede: Download complete
2025-08-19T12:10:28.1220861Z 5e28347af205: Verifying Checksum
2025-08-19T12:10:28.1221701Z 5e28347af205: Download complete
2025-08-19T12:10:28.1722260Z 0368fd46e3c6: Verifying Checksum
2025-08-19T12:10:28.1722785Z 0368fd46e3c6: Download complete
2025-08-19T12:10:28.2769307Z 0368fd46e3c6: Pull complete
2025-08-19T12:10:28.3042301Z 4c55286bbede: Pull complete
2025-08-19T12:10:28.3346110Z 311eca34042e: Verifying Checksum
2025-08-19T12:10:28.3351024Z 311eca34042e: Download complete
2025-08-19T12:10:28.3532347Z a2cadbfeca72: Verifying Checksum
2025-08-19T12:10:28.3533045Z a2cadbfeca72: Download complete
2025-08-19T12:10:28.4592903Z 5e28347af205: Pull complete
2025-08-19T12:10:28.4613246Z e6fe6f07e192: Verifying Checksum
2025-08-19T12:10:28.4614042Z e6fe6f07e192: Download complete
2025-08-19T12:10:28.4880251Z 311eca34042e: Pull complete
2025-08-19T12:10:28.5101609Z 4f4fb700ef54: Verifying Checksum
2025-08-19T12:10:28.5103093Z 4f4fb700ef54: Download complete
2025-08-19T12:10:28.5444146Z a976ed7e7808: Verifying Checksum
2025-08-19T12:10:28.5446092Z a976ed7e7808: Download complete
2025-08-19T12:10:28.6670990Z e6fe6f07e192: Pull complete
2025-08-19T12:10:28.6771033Z a2cadbfeca72: Pull complete
2025-08-19T12:10:28.6843806Z 4f4fb700ef54: Pull complete
2025-08-19T12:10:28.6937689Z a976ed7e7808: Pull complete
2025-08-19T12:10:28.6974249Z Digest: sha256:bb186d083732f669da90be8b0f975a37812b15e913465bb14d845db72a4e3e08
2025-08-19T12:10:28.6984031Z Status: Downloaded newer image for redis:7-alpine
2025-08-19T12:10:28.6991807Z docker.io/library/redis:7-alpine
2025-08-19T12:10:28.7008900Z ##[command]/usr/bin/docker create --name b6b487a517134190bf69003fb618ff1f_redis7alpine_31bf25 --label f001bc --network github_network_7753aa4f40b043c5b268a3b12aac0a41 --network-alias redis -p 6379:6379  -e GITHUB_ACTIONS=true -e CI=true redis:7-alpine
2025-08-19T12:10:28.7252949Z 680d1f6c30418330c902d91ab5b6a7adfc09a3e5dac484a13a09edb9a2f7711c
2025-08-19T12:10:28.7268856Z ##[command]/usr/bin/docker start 680d1f6c30418330c902d91ab5b6a7adfc09a3e5dac484a13a09edb9a2f7711c
2025-08-19T12:10:28.8618573Z 680d1f6c30418330c902d91ab5b6a7adfc09a3e5dac484a13a09edb9a2f7711c
2025-08-19T12:10:28.8637290Z ##[command]/usr/bin/docker ps --all --filter id=680d1f6c30418330c902d91ab5b6a7adfc09a3e5dac484a13a09edb9a2f7711c --filter status=running --no-trunc --format "{{.ID}} {{.Status}}"
2025-08-19T12:10:28.8780312Z 680d1f6c30418330c902d91ab5b6a7adfc09a3e5dac484a13a09edb9a2f7711c Up Less than a second
2025-08-19T12:10:28.8795048Z ##[command]/usr/bin/docker port 680d1f6c30418330c902d91ab5b6a7adfc09a3e5dac484a13a09edb9a2f7711c
2025-08-19T12:10:28.8914647Z 6379/tcp -> 0.0.0.0:6379
2025-08-19T12:10:28.8915448Z 6379/tcp -> [::]:6379
2025-08-19T12:10:28.8929676Z ##[endgroup]
2025-08-19T12:10:28.8940419Z ##[group]Waiting for all services to be ready
2025-08-19T12:10:28.8954532Z ##[command]/usr/bin/docker inspect --format="{{if .Config.Healthcheck}}{{print .State.Health.Status}}{{end}}" df56694aa87fda73930b903e22fedc2187a4ff2150b58af8aafb523a5fa79375
2025-08-19T12:10:28.9082084Z starting
2025-08-19T12:10:28.9105071Z postgres service is starting, waiting 2 seconds before checking again.
2025-08-19T12:10:30.9105175Z ##[command]/usr/bin/docker inspect --format="{{if .Config.Healthcheck}}{{print .State.Health.Status}}{{end}}" df56694aa87fda73930b903e22fedc2187a4ff2150b58af8aafb523a5fa79375
2025-08-19T12:10:30.9288838Z starting
2025-08-19T12:10:30.9302657Z postgres service is starting, waiting 4 seconds before checking again.
2025-08-19T12:10:35.3221582Z ##[command]/usr/bin/docker inspect --format="{{if .Config.Healthcheck}}{{print .State.Health.Status}}{{end}}" df56694aa87fda73930b903e22fedc2187a4ff2150b58af8aafb523a5fa79375
2025-08-19T12:10:35.3347087Z healthy
2025-08-19T12:10:35.3365703Z postgres service is healthy.
2025-08-19T12:10:35.3366941Z ##[command]/usr/bin/docker inspect --format="{{if .Config.Healthcheck}}{{print .State.Health.Status}}{{end}}" 680d1f6c30418330c902d91ab5b6a7adfc09a3e5dac484a13a09edb9a2f7711c
2025-08-19T12:10:35.3499125Z redis service is healthy.
2025-08-19T12:10:35.3500115Z ##[endgroup]
2025-08-19T12:10:35.3745212Z ##[group]Run actions/checkout@v4
2025-08-19T12:10:35.3745739Z with:
2025-08-19T12:10:35.3745933Z   repository: AlexBomber12/AWA-App
2025-08-19T12:10:35.3746372Z   token: ***
2025-08-19T12:10:35.3746557Z   ssh-strict: true
2025-08-19T12:10:35.3746733Z   ssh-user: git
2025-08-19T12:10:35.3746921Z   persist-credentials: true
2025-08-19T12:10:35.3747129Z   clean: true
2025-08-19T12:10:35.3747317Z   sparse-checkout-cone-mode: true
2025-08-19T12:10:35.3747539Z   fetch-depth: 1
2025-08-19T12:10:35.3747720Z   fetch-tags: false
2025-08-19T12:10:35.3747896Z   show-progress: true
2025-08-19T12:10:35.3748079Z   lfs: false
2025-08-19T12:10:35.3748240Z   submodules: false
2025-08-19T12:10:35.3748410Z   set-safe-directory: true
2025-08-19T12:10:35.3748779Z env:
2025-08-19T12:10:35.3748982Z   REDIS_URL: redis://localhost:6379/0
2025-08-19T12:10:35.3749255Z   RATE_LIMIT_DEFAULT: 100/minute
2025-08-19T12:10:35.3749703Z   TRUST_X_FORWARDED: 1
2025-08-19T12:10:35.3749891Z ##[endgroup]
2025-08-19T12:10:35.4845996Z Syncing repository: AlexBomber12/AWA-App
2025-08-19T12:10:35.4847389Z ##[group]Getting Git version info
2025-08-19T12:10:35.4847758Z Working directory is '/home/runner/work/AWA-App/AWA-App'
2025-08-19T12:10:35.4848272Z [command]/usr/bin/git version
2025-08-19T12:10:35.4935687Z git version 2.50.1
2025-08-19T12:10:35.4962935Z ##[endgroup]
2025-08-19T12:10:35.4977953Z Temporarily overriding HOME='/home/runner/work/_temp/38faa627-fb50-4809-a342-e42bd99866b9' before making global git config changes
2025-08-19T12:10:35.4979882Z Adding repository directory to the temporary git global config as a safe directory
2025-08-19T12:10:35.4983884Z [command]/usr/bin/git config --global --add safe.directory /home/runner/work/AWA-App/AWA-App
2025-08-19T12:10:35.5023019Z Deleting the contents of '/home/runner/work/AWA-App/AWA-App'
2025-08-19T12:10:35.5026446Z ##[group]Initializing the repository
2025-08-19T12:10:35.5030569Z [command]/usr/bin/git init /home/runner/work/AWA-App/AWA-App
2025-08-19T12:10:35.5126088Z hint: Using 'master' as the name for the initial branch. This default branch name
2025-08-19T12:10:35.5127156Z hint: is subject to change. To configure the initial branch name to use in all
2025-08-19T12:10:35.5128025Z hint: of your new repositories, which will suppress this warning, call:
2025-08-19T12:10:35.5128606Z hint:
2025-08-19T12:10:35.5128975Z hint: 	git config --global init.defaultBranch <name>
2025-08-19T12:10:35.5129305Z hint:
2025-08-19T12:10:35.5129894Z hint: Names commonly chosen instead of 'master' are 'main', 'trunk' and
2025-08-19T12:10:35.5130711Z hint: 'development'. The just-created branch can be renamed via this command:
2025-08-19T12:10:35.5131338Z hint:
2025-08-19T12:10:35.5131578Z hint: 	git branch -m <name>
2025-08-19T12:10:35.5131817Z hint:
2025-08-19T12:10:35.5132183Z hint: Disable this message with "git config set advice.defaultBranchName false"
2025-08-19T12:10:35.5132803Z Initialized empty Git repository in /home/runner/work/AWA-App/AWA-App/.git/
2025-08-19T12:10:35.5143944Z [command]/usr/bin/git remote add origin https://github.com/AlexBomber12/AWA-App
2025-08-19T12:10:35.5181001Z ##[endgroup]
2025-08-19T12:10:35.5181636Z ##[group]Disabling automatic garbage collection
2025-08-19T12:10:35.5186177Z [command]/usr/bin/git config --local gc.auto 0
2025-08-19T12:10:35.5215290Z ##[endgroup]
2025-08-19T12:10:35.5215855Z ##[group]Setting up auth
2025-08-19T12:10:35.5223989Z [command]/usr/bin/git config --local --name-only --get-regexp core\.sshCommand
2025-08-19T12:10:35.5256298Z [command]/usr/bin/git submodule foreach --recursive sh -c "git config --local --name-only --get-regexp 'core\.sshCommand' && git config --local --unset-all 'core.sshCommand' || :"
2025-08-19T12:10:35.5651901Z [command]/usr/bin/git config --local --name-only --get-regexp http\.https\:\/\/github\.com\/\.extraheader
2025-08-19T12:10:35.5682343Z [command]/usr/bin/git submodule foreach --recursive sh -c "git config --local --name-only --get-regexp 'http\.https\:\/\/github\.com\/\.extraheader' && git config --local --unset-all 'http.https://github.com/.extraheader' || :"
2025-08-19T12:10:35.5914830Z [command]/usr/bin/git config --local http.https://github.com/.extraheader AUTHORIZATION: basic ***
2025-08-19T12:10:35.5961056Z ##[endgroup]
2025-08-19T12:10:35.5961804Z ##[group]Fetching the repository
2025-08-19T12:10:35.5971037Z [command]/usr/bin/git -c protocol.version=2 fetch --no-tags --prune --no-recurse-submodules --depth=1 origin +a7b67a2c80725dc85f1a70872cbab7112b435114:refs/remotes/pull/274/merge
2025-08-19T12:10:36.0755902Z From https://github.com/AlexBomber12/AWA-App
2025-08-19T12:10:36.0756502Z  * [new ref]         a7b67a2c80725dc85f1a70872cbab7112b435114 -> pull/274/merge
2025-08-19T12:10:36.0783139Z ##[endgroup]
2025-08-19T12:10:36.0783738Z ##[group]Determining the checkout info
2025-08-19T12:10:36.0786360Z ##[endgroup]
2025-08-19T12:10:36.0791825Z [command]/usr/bin/git sparse-checkout disable
2025-08-19T12:10:36.0832714Z [command]/usr/bin/git config --local --unset-all extensions.worktreeConfig
2025-08-19T12:10:36.0860675Z ##[group]Checking out the ref
2025-08-19T12:10:36.0864932Z [command]/usr/bin/git checkout --progress --force refs/remotes/pull/274/merge
2025-08-19T12:10:36.1209008Z Note: switching to 'refs/remotes/pull/274/merge'.
2025-08-19T12:10:36.1209774Z 
2025-08-19T12:10:36.1210164Z You are in 'detached HEAD' state. You can look around, make experimental
2025-08-19T12:10:36.1211210Z changes and commit them, and you can discard any commits you make in this
2025-08-19T12:10:36.1212314Z state without impacting any branches by switching back to a branch.
2025-08-19T12:10:36.1212974Z 
2025-08-19T12:10:36.1213381Z If you want to create a new branch to retain commits you create, you may
2025-08-19T12:10:36.1214108Z do so (now or later) by using -c with the switch command. Example:
2025-08-19T12:10:36.1214629Z 
2025-08-19T12:10:36.1214875Z   git switch -c <new-branch-name>
2025-08-19T12:10:36.1215656Z 
2025-08-19T12:10:36.1215845Z Or undo this operation with:
2025-08-19T12:10:36.1216219Z 
2025-08-19T12:10:36.1216469Z   git switch -
2025-08-19T12:10:36.1216812Z 
2025-08-19T12:10:36.1217304Z Turn off this advice by setting config variable advice.detachedHead to false
2025-08-19T12:10:36.1217972Z 
2025-08-19T12:10:36.1218642Z HEAD is now at a7b67a2 Merge c5f4f4c93ab392ccb0b065ba3ead9efe3a38ed63 into 9fd5af576c83357439a69dd4754615485aa5b2f2
2025-08-19T12:10:36.1220543Z ##[endgroup]
2025-08-19T12:10:36.1260093Z [command]/usr/bin/git log -1 --format=%H
2025-08-19T12:10:36.1285556Z a7b67a2c80725dc85f1a70872cbab7112b435114
2025-08-19T12:10:36.1461512Z ##[group]Run cat .env.ci >> "$GITHUB_ENV"
2025-08-19T12:10:36.1461897Z [36;1mcat .env.ci >> "$GITHUB_ENV"[0m
2025-08-19T12:10:36.1462616Z [36;1mecho "DATABASE_URL=***localhost:5432/awa" >> "$GITHUB_ENV"[0m
2025-08-19T12:10:36.1462988Z [36;1mecho "PG_HOST=localhost" >> "$GITHUB_ENV"[0m
2025-08-19T12:10:36.1463305Z [36;1mecho "PG_PORT=5432" >> "$GITHUB_ENV"[0m
2025-08-19T12:10:36.1463605Z [36;1mecho "PG_USER=postgres" >> "$GITHUB_ENV"[0m
2025-08-19T12:10:36.1463906Z [36;1mecho "PG_PASSWORD=pass" >> "$GITHUB_ENV"[0m
2025-08-19T12:10:36.1464189Z [36;1mecho "PG_DATABASE=awa" >> "$GITHUB_ENV"[0m
2025-08-19T12:10:36.1508942Z shell: /usr/bin/bash -e {0}
2025-08-19T12:10:36.1509225Z env:
2025-08-19T12:10:36.1509744Z   REDIS_URL: redis://localhost:6379/0
2025-08-19T12:10:36.1510038Z   RATE_LIMIT_DEFAULT: 100/minute
2025-08-19T12:10:36.1510265Z   TRUST_X_FORWARDED: 1
2025-08-19T12:10:36.1510478Z ##[endgroup]
2025-08-19T12:10:36.1688887Z ##[group]Run actions/setup-python@v5
2025-08-19T12:10:36.1689143Z with:
2025-08-19T12:10:36.1689317Z   python-version: 3.12
2025-08-19T12:10:36.1689849Z   cache: pip
2025-08-19T12:10:36.1690064Z   cache-dependency-path: requirements-dev.txt
2025-08-19T12:10:36.1690324Z   check-latest: false
2025-08-19T12:10:36.1690610Z   token: ***
2025-08-19T12:10:36.1690795Z   update-environment: true
2025-08-19T12:10:36.1691019Z   allow-prereleases: false
2025-08-19T12:10:36.1691221Z   freethreaded: false
2025-08-19T12:10:36.1691392Z env:
2025-08-19T12:10:36.1691574Z   REDIS_URL: redis://localhost:6379/0
2025-08-19T12:10:36.1691818Z   RATE_LIMIT_DEFAULT: 100/minute
2025-08-19T12:10:36.1692029Z   TRUST_X_FORWARDED: 1
2025-08-19T12:10:36.1692214Z   PG_USER: postgres
2025-08-19T12:10:36.1692388Z   PG_PASSWORD: pass
2025-08-19T12:10:36.1692572Z   PG_DATABASE: awa
2025-08-19T12:10:36.1692742Z   PG_HOST: localhost
2025-08-19T12:10:36.1692919Z   PG_PORT: 5432
2025-08-19T12:10:36.1693310Z   PG_SYNC_DSN: ***localhost:5432/awa
2025-08-19T12:10:36.1693692Z   PG_ASYNC_DSN: ***localhost:5432/awa
2025-08-19T12:10:36.1694063Z   DATABASE_URL: ***localhost:5432/awa
2025-08-19T12:10:36.1694284Z   DATA_DIR: /tmp/awa-data
2025-08-19T12:10:36.1694482Z   ENABLE_LIVE: 0
2025-08-19T12:10:36.1694645Z   TESTING: 1
2025-08-19T12:10:36.1694804Z ##[endgroup]
2025-08-19T12:10:36.3436217Z ##[group]Installed versions
2025-08-19T12:10:36.3537558Z Successfully set up CPython (3.12.11)
2025-08-19T12:10:36.3538258Z ##[endgroup]
2025-08-19T12:10:36.3868151Z [command]/opt/hostedtoolcache/Python/3.12.11/x64/bin/pip cache dir
2025-08-19T12:10:37.3781302Z /home/runner/.cache/pip
2025-08-19T12:10:37.5873048Z Cache hit for: setup-python-Linux-x64-24.04-Ubuntu-python-3.12.11-pip-5e711acf40f5252f84577ca397f83ab64fb9d7dad68b245c8525eecd4c9b10ee
2025-08-19T12:10:38.8075822Z Received 67108864 of 333748710 (20.1%), 64.0 MBs/sec
2025-08-19T12:10:39.8081982Z Received 230686720 of 333748710 (69.1%), 110.0 MBs/sec
2025-08-19T12:10:40.5987587Z Received 333748710 of 333748710 (100.0%), 114.0 MBs/sec
2025-08-19T12:10:40.5989773Z Cache Size: ~318 MB (333748710 B)
2025-08-19T12:10:40.6030302Z [command]/usr/bin/tar -xf /home/runner/work/_temp/80cec1ee-9d81-4c86-a43e-02bd1a8cf922/cache.tzst -P -C /home/runner/work/AWA-App/AWA-App --use-compress-program unzstd
2025-08-19T12:10:41.1541168Z Cache restored successfully
2025-08-19T12:10:41.2182282Z Cache restored from key: setup-python-Linux-x64-24.04-Ubuntu-python-3.12.11-pip-5e711acf40f5252f84577ca397f83ab64fb9d7dad68b245c8525eecd4c9b10ee
2025-08-19T12:10:41.2347296Z ##[group]Run pip install -r requirements-dev.txt
2025-08-19T12:10:41.2347679Z [36;1mpip install -r requirements-dev.txt[0m
2025-08-19T12:10:41.2347993Z [36;1mpip install keepa==1.3.15 minio==7.1.15[0m
2025-08-19T12:10:41.2392236Z shell: /usr/bin/bash -e {0}
2025-08-19T12:10:41.2392466Z env:
2025-08-19T12:10:41.2392673Z   REDIS_URL: redis://localhost:6379/0
2025-08-19T12:10:41.2392933Z   RATE_LIMIT_DEFAULT: 100/minute
2025-08-19T12:10:41.2393155Z   TRUST_X_FORWARDED: 1
2025-08-19T12:10:41.2393356Z   PG_USER: postgres
2025-08-19T12:10:41.2393548Z   PG_PASSWORD: pass
2025-08-19T12:10:41.2393725Z   PG_DATABASE: awa
2025-08-19T12:10:41.2393908Z   PG_HOST: localhost
2025-08-19T12:10:41.2394099Z   PG_PORT: 5432
2025-08-19T12:10:41.2394568Z   PG_SYNC_DSN: ***localhost:5432/awa
2025-08-19T12:10:41.2395018Z   PG_ASYNC_DSN: ***localhost:5432/awa
2025-08-19T12:10:41.2395409Z   DATABASE_URL: ***localhost:5432/awa
2025-08-19T12:10:41.2395644Z   DATA_DIR: /tmp/awa-data
2025-08-19T12:10:41.2395874Z   ENABLE_LIVE: 0
2025-08-19T12:10:41.2396042Z   TESTING: 1
2025-08-19T12:10:41.2396275Z   pythonLocation: /opt/hostedtoolcache/Python/3.12.11/x64
2025-08-19T12:10:41.2396678Z   PKG_CONFIG_PATH: /opt/hostedtoolcache/Python/3.12.11/x64/lib/pkgconfig
2025-08-19T12:10:41.2397054Z   Python_ROOT_DIR: /opt/hostedtoolcache/Python/3.12.11/x64
2025-08-19T12:10:41.2397399Z   Python2_ROOT_DIR: /opt/hostedtoolcache/Python/3.12.11/x64
2025-08-19T12:10:41.2397757Z   Python3_ROOT_DIR: /opt/hostedtoolcache/Python/3.12.11/x64
2025-08-19T12:10:41.2398118Z   LD_LIBRARY_PATH: /opt/hostedtoolcache/Python/3.12.11/x64/lib
2025-08-19T12:10:41.2398399Z ##[endgroup]
2025-08-19T12:10:42.9517164Z Collecting Jinja2==3.1.6 (from -r requirements-dev.txt (line 2))
2025-08-19T12:10:42.9531788Z   Using cached jinja2-3.1.6-py3-none-any.whl.metadata (2.9 kB)
2025-08-19T12:10:42.9887293Z Collecting alembic==1.13.1 (from -r requirements-dev.txt (line 3))
2025-08-19T12:10:42.9902279Z   Using cached alembic-1.13.1-py3-none-any.whl.metadata (7.4 kB)
2025-08-19T12:10:43.0198884Z Collecting apscheduler==3.10.4 (from -r requirements-dev.txt (line 4))
2025-08-19T12:10:43.0213344Z   Using cached APScheduler-3.10.4-py3-none-any.whl.metadata (5.7 kB)
2025-08-19T12:10:43.0495394Z Collecting asgi-correlation-id==4.3.1 (from -r requirements-dev.txt (line 5))
2025-08-19T12:10:43.0508181Z   Using cached asgi_correlation_id-4.3.1-py3-none-any.whl.metadata (28 kB)
2025-08-19T12:10:43.1081319Z Collecting asyncpg==0.30.0 (from -r requirements-dev.txt (line 6))
2025-08-19T12:10:43.1095684Z   Using cached asyncpg-0.30.0-cp312-cp312-manylinux_2_17_x86_64.manylinux2014_x86_64.whl.metadata (5.0 kB)
2025-08-19T12:10:43.1657522Z Collecting black==25.1.0 (from -r requirements-dev.txt (line 7))
2025-08-19T12:10:43.1672187Z   Using cached black-25.1.0-cp312-cp312-manylinux_2_17_x86_64.manylinux2014_x86_64.manylinux_2_28_x86_64.whl.metadata (81 kB)
2025-08-19T12:10:43.5182416Z Collecting boto3 (from -r requirements-dev.txt (line 8))
2025-08-19T12:10:43.5196500Z   Using cached boto3-1.40.12-py3-none-any.whl.metadata (6.7 kB)
2025-08-19T12:10:43.5612400Z Collecting redis==5.* (from -r requirements-dev.txt (line 9))
2025-08-19T12:10:43.5625319Z   Using cached redis-5.3.1-py3-none-any.whl.metadata (9.2 kB)
2025-08-19T12:10:43.6111442Z Collecting minio==7.* (from -r requirements-dev.txt (line 10))
2025-08-19T12:10:43.6124731Z   Using cached minio-7.2.16-py3-none-any.whl.metadata (6.5 kB)
2025-08-19T12:10:43.6563340Z Collecting celery==5.5.3 (from -r requirements-dev.txt (line 11))
2025-08-19T12:10:43.6577848Z   Using cached celery-5.5.3-py3-none-any.whl.metadata (22 kB)
2025-08-19T12:10:43.7277698Z Collecting fastapi==0.116.1 (from -r requirements-dev.txt (line 12))
2025-08-19T12:10:43.7292648Z   Using cached fastapi-0.116.1-py3-none-any.whl.metadata (28 kB)
2025-08-19T12:10:43.7571998Z Collecting fastapi-limiter==0.1.6 (from -r requirements-dev.txt (line 14))
2025-08-19T12:10:43.7585773Z   Using cached fastapi_limiter-0.1.6-py3-none-any.whl.metadata (5.3 kB)
2025-08-19T12:10:43.7907010Z Collecting httpx<0.29,>=0.27 (from -r requirements-dev.txt (line 15))
2025-08-19T12:10:43.7921340Z   Using cached httpx-0.28.1-py3-none-any.whl.metadata (7.1 kB)
2025-08-19T12:10:43.8167742Z Collecting imapclient==3.0.1 (from -r requirements-dev.txt (line 16))
2025-08-19T12:10:43.8181170Z   Using cached IMAPClient-3.0.1-py2.py3-none-any.whl.metadata (1.7 kB)
2025-08-19T12:10:43.8394346Z Collecting itsdangerous (from -r requirements-dev.txt (line 17))
2025-08-19T12:10:43.8406983Z   Using cached itsdangerous-2.2.0-py3-none-any.whl.metadata (1.9 kB)
2025-08-19T12:10:43.9556672Z Collecting mypy==1.* (from -r requirements-dev.txt (line 18))
2025-08-19T12:10:43.9571709Z   Using cached mypy-1.17.1-cp312-cp312-manylinux2014_x86_64.manylinux_2_17_x86_64.manylinux_2_28_x86_64.whl.metadata (2.2 kB)
2025-08-19T12:10:43.9791543Z Collecting mypy-extensions==1.1.0 (from -r requirements-dev.txt (line 19))
2025-08-19T12:10:43.9804021Z   Using cached mypy_extensions-1.1.0-py3-none-any.whl.metadata (1.1 kB)
2025-08-19T12:10:44.1939275Z Collecting numpy<2 (from -r requirements-dev.txt (line 20))
2025-08-19T12:10:44.1955157Z   Using cached numpy-1.26.4-cp312-cp312-manylinux_2_17_x86_64.manylinux2014_x86_64.whl.metadata (61 kB)
2025-08-19T12:10:44.4434715Z Collecting openpyxl==3.1.5 (from -r requirements-dev.txt (line 21))
2025-08-19T12:10:44.4448692Z   Using cached openpyxl-3.1.5-py2.py3-none-any.whl.metadata (2.5 kB)
2025-08-19T12:10:44.5624517Z Collecting pandas==2.2.* (from -r requirements-dev.txt (line 22))
2025-08-19T12:10:44.5638296Z   Using cached pandas-2.2.3-cp312-cp312-manylinux_2_17_x86_64.manylinux2014_x86_64.whl.metadata (89 kB)
2025-08-19T12:10:44.6694093Z Collecting psycopg2-binary==2.9.10 (from -r requirements-dev.txt (line 23))
2025-08-19T12:10:44.6709079Z   Using cached psycopg2_binary-2.9.10-cp312-cp312-manylinux_2_17_x86_64.manylinux2014_x86_64.whl.metadata (4.9 kB)
2025-08-19T12:10:44.6981215Z Collecting psycopg==3.2.9 (from psycopg[binary]==3.2.9->-r requirements-dev.txt (line 24))
2025-08-19T12:10:44.6995474Z   Using cached psycopg-3.2.9-py3-none-any.whl.metadata (4.5 kB)
2025-08-19T12:10:44.8218649Z Collecting pydantic==2.11.7 (from -r requirements-dev.txt (line 25))
2025-08-19T12:10:44.8255387Z   Using cached pydantic-2.11.7-py3-none-any.whl.metadata (67 kB)
2025-08-19T12:10:44.9594666Z Collecting setuptools (from -r requirements-dev.txt (line 26))
2025-08-19T12:10:44.9608674Z   Using cached setuptools-80.9.0-py3-none-any.whl.metadata (6.6 kB)
2025-08-19T12:10:44.9984399Z Collecting pytest-asyncio==0.23.6 (from -r requirements-dev.txt (line 27))
2025-08-19T12:10:44.9997840Z   Using cached pytest_asyncio-0.23.6-py3-none-any.whl.metadata (3.9 kB)
2025-08-19T12:10:45.0266393Z Collecting pytest-cov==6.2.1 (from -r requirements-dev.txt (line 28))
2025-08-19T12:10:45.0279794Z   Using cached pytest_cov-6.2.1-py3-none-any.whl.metadata (30 kB)
2025-08-19T12:10:45.0572271Z Collecting pytest-postgresql==7.0.2 (from -r requirements-dev.txt (line 29))
2025-08-19T12:10:45.0584840Z   Using cached pytest_postgresql-7.0.2-py3-none-any.whl.metadata (18 kB)
2025-08-19T12:10:45.0896555Z Collecting python-dotenv (from -r requirements-dev.txt (line 30))
2025-08-19T12:10:45.0910325Z   Using cached python_dotenv-1.1.1-py3-none-any.whl.metadata (24 kB)
2025-08-19T12:10:45.1164081Z Collecting python-multipart (from -r requirements-dev.txt (line 31))
2025-08-19T12:10:45.1177427Z   Using cached python_multipart-0.0.20-py3-none-any.whl.metadata (1.8 kB)
2025-08-19T12:10:45.1588439Z Collecting python-telegram-bot==22.3 (from -r requirements-dev.txt (line 32))
2025-08-19T12:10:45.1603174Z   Using cached python_telegram_bot-22.3-py3-none-any.whl.metadata (17 kB)
2025-08-19T12:10:45.2030440Z Collecting requests==2.32.4 (from -r requirements-dev.txt (line 33))
2025-08-19T12:10:45.2043987Z   Using cached requests-2.32.4-py3-none-any.whl.metadata (4.9 kB)
2025-08-19T12:10:45.2326172Z Collecting respx==0.22.0 (from -r requirements-dev.txt (line 34))
2025-08-19T12:10:45.2339763Z   Using cached respx-0.22.0-py2.py3-none-any.whl.metadata (4.1 kB)
2025-08-19T12:10:45.6173193Z Collecting ruff==0.4.4 (from -r requirements-dev.txt (line 35))
2025-08-19T12:10:45.6186742Z   Using cached ruff-0.4.4-py3-none-manylinux_2_17_x86_64.manylinux2014_x86_64.whl.metadata (23 kB)
2025-08-19T12:10:45.8901175Z Collecting sqlalchemy==2.0.29 (from -r requirements-dev.txt (line 36))
2025-08-19T12:10:45.8916469Z   Using cached SQLAlchemy-2.0.29-cp312-cp312-manylinux_2_17_x86_64.manylinux2014_x86_64.whl.metadata (9.6 kB)
2025-08-19T12:10:45.9291116Z Collecting structlog==24.1.0 (from -r requirements-dev.txt (line 37))
2025-08-19T12:10:45.9303949Z   Using cached structlog-24.1.0-py3-none-any.whl.metadata (6.9 kB)
2025-08-19T12:10:45.9604735Z Collecting testcontainers==4.10.0 (from testcontainers[postgres]==4.10.0->-r requirements-dev.txt (line 38))
2025-08-19T12:10:45.9617014Z   Using cached testcontainers-4.10.0-py3-none-any.whl.metadata (7.8 kB)
2025-08-19T12:10:46.0105269Z Collecting types-requests==2.32.0.20240602 (from -r requirements-dev.txt (line 39))
2025-08-19T12:10:46.0118846Z   Using cached types_requests-2.32.0.20240602-py3-none-any.whl.metadata (1.8 kB)
2025-08-19T12:10:46.0364281Z Collecting docspec-python==2.2.2 (from -r requirements-dev.txt (line 40))
2025-08-19T12:10:46.0376942Z   Using cached docspec_python-2.2.2-py3-none-any.whl.metadata (1.0 kB)
2025-08-19T12:10:46.0662147Z Collecting pydoc-markdown==4.8.2 (from -r requirements-dev.txt (line 41))
2025-08-19T12:10:46.0674934Z   Using cached pydoc_markdown-4.8.2-py3-none-any.whl.metadata (5.9 kB)
2025-08-19T12:10:46.1096513Z Collecting pandera==0.19.* (from -r requirements-dev.txt (line 42))
2025-08-19T12:10:46.1108484Z   Using cached pandera-0.19.3-py3-none-any.whl.metadata (15 kB)
2025-08-19T12:10:46.2327930Z Collecting MarkupSafe>=2.0 (from Jinja2==3.1.6->-r requirements-dev.txt (line 2))
2025-08-19T12:10:46.2341412Z   Using cached MarkupSafe-3.0.2-cp312-cp312-manylinux_2_17_x86_64.manylinux2014_x86_64.whl.metadata (4.0 kB)
2025-08-19T12:10:46.2729181Z Collecting Mako (from alembic==1.13.1->-r requirements-dev.txt (line 3))
2025-08-19T12:10:46.2742085Z   Using cached mako-1.3.10-py3-none-any.whl.metadata (2.9 kB)
2025-08-19T12:10:46.3033397Z Collecting typing-extensions>=4 (from alembic==1.13.1->-r requirements-dev.txt (line 3))
2025-08-19T12:10:46.3046882Z   Using cached typing_extensions-4.14.1-py3-none-any.whl.metadata (3.0 kB)
2025-08-19T12:10:46.3320675Z Collecting six>=1.4.0 (from apscheduler==3.10.4->-r requirements-dev.txt (line 4))
2025-08-19T12:10:46.3334557Z   Using cached six-1.17.0-py2.py3-none-any.whl.metadata (1.7 kB)
2025-08-19T12:10:46.3800285Z Collecting pytz (from apscheduler==3.10.4->-r requirements-dev.txt (line 4))
2025-08-19T12:10:46.3815027Z   Using cached pytz-2025.2-py2.py3-none-any.whl.metadata (22 kB)
2025-08-19T12:10:46.4107127Z Collecting tzlocal!=3.*,>=2.0 (from apscheduler==3.10.4->-r requirements-dev.txt (line 4))
2025-08-19T12:10:46.4120185Z   Using cached tzlocal-5.3.1-py3-none-any.whl.metadata (7.6 kB)
2025-08-19T12:10:46.4557543Z Collecting starlette>=0.18 (from asgi-correlation-id==4.3.1->-r requirements-dev.txt (line 5))
2025-08-19T12:10:46.4571461Z   Using cached starlette-0.47.2-py3-none-any.whl.metadata (6.2 kB)
2025-08-19T12:10:46.4906326Z Collecting click>=8.0.0 (from black==25.1.0->-r requirements-dev.txt (line 7))
2025-08-19T12:10:46.4920360Z   Using cached click-8.2.1-py3-none-any.whl.metadata (2.5 kB)
2025-08-19T12:10:46.5200164Z Collecting packaging>=22.0 (from black==25.1.0->-r requirements-dev.txt (line 7))
2025-08-19T12:10:46.5213063Z   Using cached packaging-25.0-py3-none-any.whl.metadata (3.3 kB)
2025-08-19T12:10:46.5451213Z Collecting pathspec>=0.9.0 (from black==25.1.0->-r requirements-dev.txt (line 7))
2025-08-19T12:10:46.5465161Z   Using cached pathspec-0.12.1-py3-none-any.whl.metadata (21 kB)
2025-08-19T12:10:46.5771201Z Collecting platformdirs>=2 (from black==25.1.0->-r requirements-dev.txt (line 7))
2025-08-19T12:10:46.5783920Z   Using cached platformdirs-4.3.8-py3-none-any.whl.metadata (12 kB)
2025-08-19T12:10:46.6111538Z Collecting billiard<5.0,>=4.2.1 (from celery==5.5.3->-r requirements-dev.txt (line 11))
2025-08-19T12:10:46.6123809Z   Using cached billiard-4.2.1-py3-none-any.whl.metadata (4.4 kB)
2025-08-19T12:10:46.6557910Z Collecting kombu<5.6,>=5.5.2 (from celery==5.5.3->-r requirements-dev.txt (line 11))
2025-08-19T12:10:46.6570734Z   Using cached kombu-5.5.4-py3-none-any.whl.metadata (3.5 kB)
2025-08-19T12:10:46.6859726Z Collecting vine<6.0,>=5.1.0 (from celery==5.5.3->-r requirements-dev.txt (line 11))
2025-08-19T12:10:46.6871933Z   Using cached vine-5.1.0-py3-none-any.whl.metadata (2.7 kB)
2025-08-19T12:10:46.7133853Z Collecting click-didyoumean>=0.3.0 (from celery==5.5.3->-r requirements-dev.txt (line 11))
2025-08-19T12:10:46.7147639Z   Using cached click_didyoumean-0.3.1-py3-none-any.whl.metadata (3.9 kB)
2025-08-19T12:10:46.7364176Z Collecting click-repl>=0.2.0 (from celery==5.5.3->-r requirements-dev.txt (line 11))
2025-08-19T12:10:46.7376164Z   Using cached click_repl-0.3.0-py3-none-any.whl.metadata (3.6 kB)
2025-08-19T12:10:46.7602641Z Collecting click-plugins>=1.1.1 (from celery==5.5.3->-r requirements-dev.txt (line 11))
2025-08-19T12:10:46.7614919Z   Using cached click_plugins-1.1.1.2-py2.py3-none-any.whl.metadata (6.5 kB)
2025-08-19T12:10:46.7862487Z Collecting python-dateutil>=2.8.2 (from celery==5.5.3->-r requirements-dev.txt (line 11))
2025-08-19T12:10:46.7874931Z   Using cached python_dateutil-2.9.0.post0-py2.py3-none-any.whl.metadata (8.4 kB)
2025-08-19T12:10:46.8552703Z Collecting annotated-types>=0.6.0 (from pydantic==2.11.7->-r requirements-dev.txt (line 25))
2025-08-19T12:10:46.8564854Z   Using cached annotated_types-0.7.0-py3-none-any.whl.metadata (15 kB)
2025-08-19T12:10:47.5506608Z Collecting pydantic-core==2.33.2 (from pydantic==2.11.7->-r requirements-dev.txt (line 25))
2025-08-19T12:10:47.5521267Z   Using cached pydantic_core-2.33.2-cp312-cp312-manylinux_2_17_x86_64.manylinux2014_x86_64.whl.metadata (6.8 kB)
2025-08-19T12:10:47.5768379Z Collecting typing-inspection>=0.4.0 (from pydantic==2.11.7->-r requirements-dev.txt (line 25))
2025-08-19T12:10:47.5782542Z   Using cached typing_inspection-0.4.1-py3-none-any.whl.metadata (2.6 kB)
2025-08-19T12:10:47.6194810Z Collecting et-xmlfile (from openpyxl==3.1.5->-r requirements-dev.txt (line 21))
2025-08-19T12:10:47.6206936Z   Using cached et_xmlfile-2.0.0-py3-none-any.whl.metadata (2.7 kB)
2025-08-19T12:10:47.6733547Z Collecting pytest<9,>=7.0.0 (from pytest-asyncio==0.23.6->-r requirements-dev.txt (line 27))
2025-08-19T12:10:47.6748160Z   Using cached pytest-8.4.1-py3-none-any.whl.metadata (7.7 kB)
2025-08-19T12:10:47.9989881Z Collecting coverage>=7.5 (from coverage[toml]>=7.5->pytest-cov==6.2.1->-r requirements-dev.txt (line 28))
2025-08-19T12:10:48.0003557Z   Using cached coverage-7.10.4-cp312-cp312-manylinux1_x86_64.manylinux_2_28_x86_64.manylinux_2_5_x86_64.whl.metadata (8.9 kB)
2025-08-19T12:10:48.0244419Z Collecting pluggy>=1.2 (from pytest-cov==6.2.1->-r requirements-dev.txt (line 28))
2025-08-19T12:10:48.0256657Z   Using cached pluggy-1.6.0-py3-none-any.whl.metadata (4.8 kB)
2025-08-19T12:10:48.0641698Z Collecting port-for>=0.7.3 (from pytest-postgresql==7.0.2->-r requirements-dev.txt (line 29))
2025-08-19T12:10:48.0653601Z   Using cached port_for-0.7.4-py3-none-any.whl.metadata (7.1 kB)
2025-08-19T12:10:48.0927164Z Collecting mirakuru>=2.6.0 (from pytest-postgresql==7.0.2->-r requirements-dev.txt (line 29))
2025-08-19T12:10:48.0939827Z   Using cached mirakuru-2.6.1-py3-none-any.whl.metadata (10 kB)
2025-08-19T12:10:48.1919293Z Collecting charset_normalizer<4,>=2 (from requests==2.32.4->-r requirements-dev.txt (line 33))
2025-08-19T12:10:48.1934067Z   Using cached charset_normalizer-3.4.3-cp312-cp312-manylinux2014_x86_64.manylinux_2_17_x86_64.manylinux_2_28_x86_64.whl.metadata (36 kB)
2025-08-19T12:10:48.2212899Z Collecting idna<4,>=2.5 (from requests==2.32.4->-r requirements-dev.txt (line 33))
2025-08-19T12:10:48.2225432Z   Using cached idna-3.10-py3-none-any.whl.metadata (10 kB)
2025-08-19T12:10:48.2623301Z Collecting urllib3<3,>=1.21.1 (from requests==2.32.4->-r requirements-dev.txt (line 33))
2025-08-19T12:10:48.2635996Z   Using cached urllib3-2.5.0-py3-none-any.whl.metadata (6.5 kB)
2025-08-19T12:10:48.2956173Z Collecting certifi>=2017.4.17 (from requests==2.32.4->-r requirements-dev.txt (line 33))
2025-08-19T12:10:48.2968144Z   Using cached certifi-2025.8.3-py3-none-any.whl.metadata (2.4 kB)
2025-08-19T12:10:48.5197529Z Collecting greenlet!=0.4.17 (from sqlalchemy==2.0.29->-r requirements-dev.txt (line 36))
2025-08-19T12:10:48.5212198Z   Using cached greenlet-3.2.4-cp312-cp312-manylinux_2_24_x86_64.manylinux_2_28_x86_64.whl.metadata (4.1 kB)
2025-08-19T12:10:48.5577250Z Collecting docker (from testcontainers==4.10.0->testcontainers[postgres]==4.10.0->-r requirements-dev.txt (line 38))
2025-08-19T12:10:48.5591338Z   Using cached docker-7.1.0-py3-none-any.whl.metadata (3.8 kB)
2025-08-19T12:10:48.6695046Z Collecting wrapt (from testcontainers==4.10.0->testcontainers[postgres]==4.10.0->-r requirements-dev.txt (line 38))
2025-08-19T12:10:48.6709917Z   Using cached wrapt-1.17.3-cp312-cp312-manylinux1_x86_64.manylinux_2_28_x86_64.manylinux_2_5_x86_64.whl.metadata (6.4 kB)
2025-08-19T12:10:48.7104100Z Collecting docspec==2.2.1 (from docspec-python==2.2.2->-r requirements-dev.txt (line 40))
2025-08-19T12:10:48.7116554Z   Using cached docspec-2.2.1-py3-none-any.whl.metadata (1.5 kB)
2025-08-19T12:10:48.7393707Z Collecting nr-util>=0.8.12 (from docspec-python==2.2.2->-r requirements-dev.txt (line 40))
2025-08-19T12:10:48.7410037Z   Using cached nr.util-0.8.12-py3-none-any.whl.metadata (813 bytes)
2025-08-19T12:10:48.7887031Z Collecting PyYAML<7.0,>=5.0 (from pydoc-markdown==4.8.2->-r requirements-dev.txt (line 41))
2025-08-19T12:10:48.7902226Z   Using cached PyYAML-6.0.2-cp312-cp312-manylinux_2_17_x86_64.manylinux2014_x86_64.whl.metadata (2.1 kB)
2025-08-19T12:10:48.8301474Z Collecting databind.core<5.0.0,>=4.4.0 (from pydoc-markdown==4.8.2->-r requirements-dev.txt (line 41))
2025-08-19T12:10:48.8315642Z   Using cached databind.core-4.5.2-py3-none-any.whl.metadata (1.1 kB)
2025-08-19T12:10:48.8684699Z Collecting databind.json<5.0.0,>=4.4.0 (from pydoc-markdown==4.8.2->-r requirements-dev.txt (line 41))
2025-08-19T12:10:48.8698583Z   Using cached databind.json-4.5.2-py3-none-any.whl.metadata (1.1 kB)
2025-08-19T12:10:48.8965289Z Collecting docstring-parser<0.12,>=0.11 (from pydoc-markdown==4.8.2->-r requirements-dev.txt (line 41))
2025-08-19T12:10:48.8966234Z   Using cached docstring_parser-0.11-py3-none-any.whl
2025-08-19T12:10:48.9447266Z Collecting tomli<3.0.0,>=2.0.0 (from pydoc-markdown==4.8.2->-r requirements-dev.txt (line 41))
2025-08-19T12:10:48.9460854Z   Using cached tomli-2.2.1-cp312-cp312-manylinux_2_17_x86_64.manylinux2014_x86_64.whl.metadata (11 kB)
2025-08-19T12:10:48.9692695Z Collecting tomli_w<2.0.0,>=1.0.0 (from pydoc-markdown==4.8.2->-r requirements-dev.txt (line 41))
2025-08-19T12:10:48.9705269Z   Using cached tomli_w-1.2.0-py3-none-any.whl.metadata (5.7 kB)
2025-08-19T12:10:49.0275747Z Collecting watchdog (from pydoc-markdown==4.8.2->-r requirements-dev.txt (line 41))
2025-08-19T12:10:49.0290790Z   Using cached watchdog-6.0.0-py3-none-manylinux2014_x86_64.whl.metadata (44 kB)
2025-08-19T12:10:49.0623242Z Collecting yapf>=0.30.0 (from pydoc-markdown==4.8.2->-r requirements-dev.txt (line 41))
2025-08-19T12:10:49.0636243Z   Using cached yapf-0.43.0-py3-none-any.whl.metadata (46 kB)
2025-08-19T12:10:49.0953618Z Collecting Deprecated<2.0.0,>=1.2.12 (from docspec==2.2.1->docspec-python==2.2.2->-r requirements-dev.txt (line 40))
2025-08-19T12:10:49.0965978Z   Using cached Deprecated-1.2.18-py2.py3-none-any.whl.metadata (5.7 kB)
2025-08-19T12:10:49.2626755Z Collecting psycopg-binary==3.2.9 (from psycopg[binary]==3.2.9->-r requirements-dev.txt (line 24))
2025-08-19T12:10:49.2640594Z   Using cached psycopg_binary-3.2.9-cp312-cp312-manylinux_2_17_x86_64.manylinux2014_x86_64.whl.metadata (2.9 kB)
2025-08-19T12:10:49.3026656Z Collecting PyJWT>=2.9.0 (from redis==5.*->-r requirements-dev.txt (line 9))
2025-08-19T12:10:49.3038489Z   Using cached PyJWT-2.10.1-py3-none-any.whl.metadata (4.0 kB)
2025-08-19T12:10:49.3397992Z Collecting argon2-cffi (from minio==7.*->-r requirements-dev.txt (line 10))
2025-08-19T12:10:49.3411376Z   Using cached argon2_cffi-25.1.0-py3-none-any.whl.metadata (4.1 kB)
2025-08-19T12:10:49.4339155Z Collecting pycryptodome (from minio==7.*->-r requirements-dev.txt (line 10))
2025-08-19T12:10:49.4353489Z   Using cached pycryptodome-3.23.0-cp37-abi3-manylinux_2_17_x86_64.manylinux2014_x86_64.whl.metadata (3.4 kB)
2025-08-19T12:10:49.4670357Z Collecting anyio (from httpx<0.29,>=0.27->-r requirements-dev.txt (line 15))
2025-08-19T12:10:49.4683463Z   Using cached anyio-4.10.0-py3-none-any.whl.metadata (4.0 kB)
2025-08-19T12:10:49.4995813Z Collecting httpcore==1.* (from httpx<0.29,>=0.27->-r requirements-dev.txt (line 15))
2025-08-19T12:10:49.5008665Z   Using cached httpcore-1.0.9-py3-none-any.whl.metadata (21 kB)
2025-08-19T12:10:49.5444811Z Collecting tzdata>=2022.7 (from pandas==2.2.*->-r requirements-dev.txt (line 22))
2025-08-19T12:10:49.5457599Z   Using cached tzdata-2025.2-py2.py3-none-any.whl.metadata (1.4 kB)
2025-08-19T12:10:49.5731635Z Collecting multimethod<=1.10.0 (from pandera==0.19.*->-r requirements-dev.txt (line 42))
2025-08-19T12:10:49.5743644Z   Using cached multimethod-1.10-py3-none-any.whl.metadata (8.2 kB)
2025-08-19T12:10:49.6250475Z Collecting typeguard (from pandera==0.19.*->-r requirements-dev.txt (line 42))
2025-08-19T12:10:49.6262813Z   Using cached typeguard-4.4.4-py3-none-any.whl.metadata (3.3 kB)
2025-08-19T12:10:49.6484057Z Collecting typing-inspect>=0.6.0 (from pandera==0.19.*->-r requirements-dev.txt (line 42))
2025-08-19T12:10:49.6495754Z   Using cached typing_inspect-0.9.0-py3-none-any.whl.metadata (1.5 kB)
2025-08-19T12:10:49.6881634Z Collecting databind<5.0.0,>=4.5.2 (from databind.core<5.0.0,>=4.4.0->pydoc-markdown==4.8.2->-r requirements-dev.txt (line 41))
2025-08-19T12:10:49.6893804Z   Using cached databind-4.5.2-py3-none-any.whl.metadata (4.3 kB)
2025-08-19T12:10:49.7142139Z Collecting nr-date<3.0.0,>=2.0.0 (from databind<5.0.0,>=4.5.2->databind.core<5.0.0,>=4.4.0->pydoc-markdown==4.8.2->-r requirements-dev.txt (line 41))
2025-08-19T12:10:49.7155298Z   Using cached nr_date-2.1.0-py3-none-any.whl.metadata (746 bytes)
2025-08-19T12:10:49.7413408Z Collecting nr-stream<2.0.0,>=1.0.0 (from databind<5.0.0,>=4.5.2->databind.core<5.0.0,>=4.4.0->pydoc-markdown==4.8.2->-r requirements-dev.txt (line 41))
2025-08-19T12:10:49.7426824Z   Using cached nr_stream-1.1.5-py3-none-any.whl.metadata (3.6 kB)
2025-08-19T12:10:49.7712118Z Collecting typeapi<3,>=2.0.1 (from databind<5.0.0,>=4.5.2->databind.core<5.0.0,>=4.4.0->pydoc-markdown==4.8.2->-r requirements-dev.txt (line 41))
2025-08-19T12:10:49.7724951Z   Using cached typeapi-2.2.4-py3-none-any.whl.metadata (1.5 kB)
2025-08-19T12:10:49.8203868Z Collecting h11>=0.16 (from httpcore==1.*->httpx<0.29,>=0.27->-r requirements-dev.txt (line 15))
2025-08-19T12:10:49.8218161Z   Using cached h11-0.16.0-py3-none-any.whl.metadata (8.3 kB)
2025-08-19T12:10:49.8581789Z Collecting amqp<6.0.0,>=5.1.1 (from kombu<5.6,>=5.5.2->celery==5.5.3->-r requirements-dev.txt (line 11))
2025-08-19T12:10:49.8594121Z   Using cached amqp-5.3.1-py3-none-any.whl.metadata (8.9 kB)
2025-08-19T12:10:49.9102271Z Collecting iniconfig>=1 (from pytest<9,>=7.0.0->pytest-asyncio==0.23.6->-r requirements-dev.txt (line 27))
2025-08-19T12:10:49.9113725Z   Using cached iniconfig-2.1.0-py3-none-any.whl.metadata (2.7 kB)
2025-08-19T12:10:49.9432893Z Collecting pygments>=2.7.2 (from pytest<9,>=7.0.0->pytest-asyncio==0.23.6->-r requirements-dev.txt (line 27))
2025-08-19T12:10:49.9446602Z   Using cached pygments-2.19.2-py3-none-any.whl.metadata (2.5 kB)
2025-08-19T12:10:49.9914312Z Collecting sniffio>=1.1 (from anyio->httpx<0.29,>=0.27->-r requirements-dev.txt (line 15))
2025-08-19T12:10:49.9926392Z   Using cached sniffio-1.3.1-py3-none-any.whl.metadata (3.9 kB)
2025-08-19T12:10:50.5001666Z Collecting botocore<1.41.0,>=1.40.12 (from boto3->-r requirements-dev.txt (line 8))
2025-08-19T12:10:50.5014571Z   Using cached botocore-1.40.12-py3-none-any.whl.metadata (5.7 kB)
2025-08-19T12:10:50.5257426Z Collecting jmespath<2.0.0,>=0.7.1 (from boto3->-r requirements-dev.txt (line 8))
2025-08-19T12:10:50.5268127Z   Using cached jmespath-1.0.1-py3-none-any.whl.metadata (7.6 kB)
2025-08-19T12:10:50.5558839Z Collecting s3transfer<0.14.0,>=0.13.0 (from boto3->-r requirements-dev.txt (line 8))
2025-08-19T12:10:50.5571510Z   Using cached s3transfer-0.13.1-py3-none-any.whl.metadata (1.7 kB)
2025-08-19T12:10:50.7725175Z Collecting fastapi-cli>=0.0.8 (from fastapi-cli[standard]>=0.0.8; extra == "all"->fastapi[all]->-r requirements-dev.txt (line 13))
2025-08-19T12:10:50.7737231Z   Using cached fastapi_cli-0.0.8-py3-none-any.whl.metadata (6.3 kB)
2025-08-19T12:10:50.8556616Z Collecting ujson!=4.0.2,!=4.1.0,!=4.2.0,!=4.3.0,!=5.0.0,!=5.1.0,>=4.0.1 (from fastapi[all]->-r requirements-dev.txt (line 13))
2025-08-19T12:10:50.8570161Z   Using cached ujson-5.10.0-cp312-cp312-manylinux_2_17_x86_64.manylinux2014_x86_64.whl.metadata (9.3 kB)
2025-08-19T12:10:51.1008072Z Collecting orjson>=3.2.1 (from fastapi[all]->-r requirements-dev.txt (line 13))
2025-08-19T12:10:51.1022095Z   Using cached orjson-3.11.2-cp312-cp312-manylinux_2_17_x86_64.manylinux2014_x86_64.whl.metadata (1.2 kB)
2025-08-19T12:10:51.1265383Z Collecting email-validator>=2.0.0 (from fastapi[all]->-r requirements-dev.txt (line 13))
2025-08-19T12:10:51.1279829Z   Using cached email_validator-2.2.0-py3-none-any.whl.metadata (25 kB)
2025-08-19T12:10:51.1690589Z Collecting uvicorn>=0.12.0 (from uvicorn[standard]>=0.12.0; extra == "all"->fastapi[all]->-r requirements-dev.txt (line 13))
2025-08-19T12:10:51.1704228Z   Using cached uvicorn-0.35.0-py3-none-any.whl.metadata (6.5 kB)
2025-08-19T12:10:51.1987908Z Collecting pydantic-settings>=2.0.0 (from fastapi[all]->-r requirements-dev.txt (line 13))
2025-08-19T12:10:51.1999994Z   Using cached pydantic_settings-2.10.1-py3-none-any.whl.metadata (3.4 kB)
2025-08-19T12:10:51.2264940Z Collecting pydantic-extra-types>=2.0.0 (from fastapi[all]->-r requirements-dev.txt (line 13))
2025-08-19T12:10:51.2277031Z   Using cached pydantic_extra_types-2.10.5-py3-none-any.whl.metadata (3.9 kB)
2025-08-19T12:10:51.3071890Z Collecting prompt-toolkit>=3.0.36 (from click-repl>=0.2.0->celery==5.5.3->-r requirements-dev.txt (line 11))
2025-08-19T12:10:51.3084507Z   Using cached prompt_toolkit-3.0.51-py3-none-any.whl.metadata (6.4 kB)
2025-08-19T12:10:51.3393161Z Collecting dnspython>=2.0.0 (from email-validator>=2.0.0->fastapi[all]->-r requirements-dev.txt (line 13))
2025-08-19T12:10:51.3405384Z   Using cached dnspython-2.7.0-py3-none-any.whl.metadata (5.8 kB)
2025-08-19T12:10:51.3824595Z Collecting typer>=0.15.1 (from fastapi-cli>=0.0.8->fastapi-cli[standard]>=0.0.8; extra == "all"->fastapi[all]->-r requirements-dev.txt (line 13))
2025-08-19T12:10:51.3837597Z   Using cached typer-0.16.1-py3-none-any.whl.metadata (15 kB)
2025-08-19T12:10:51.4222809Z Collecting rich-toolkit>=0.14.8 (from fastapi-cli>=0.0.8->fastapi-cli[standard]>=0.0.8; extra == "all"->fastapi[all]->-r requirements-dev.txt (line 13))
2025-08-19T12:10:51.4236179Z   Using cached rich_toolkit-0.15.0-py3-none-any.whl.metadata (1.0 kB)
2025-08-19T12:10:51.4483963Z Collecting fastapi-cloud-cli>=0.1.1 (from fastapi-cli[standard]>=0.0.8; extra == "all"->fastapi[all]->-r requirements-dev.txt (line 13))
2025-08-19T12:10:51.4496494Z   Using cached fastapi_cloud_cli-0.1.5-py3-none-any.whl.metadata (3.2 kB)
2025-08-19T12:10:51.5362247Z Collecting rignore>=0.5.1 (from fastapi-cloud-cli>=0.1.1->fastapi-cli[standard]>=0.0.8; extra == "all"->fastapi[all]->-r requirements-dev.txt (line 13))
2025-08-19T12:10:51.5376640Z   Using cached rignore-0.6.4-cp312-cp312-manylinux_2_17_x86_64.manylinux2014_x86_64.whl.metadata (3.8 kB)
2025-08-19T12:10:51.6320724Z Collecting sentry-sdk>=2.20.0 (from fastapi-cloud-cli>=0.1.1->fastapi-cli[standard]>=0.0.8; extra == "all"->fastapi[all]->-r requirements-dev.txt (line 13))
2025-08-19T12:10:51.6334467Z   Using cached sentry_sdk-2.35.0-py2.py3-none-any.whl.metadata (10 kB)
2025-08-19T12:10:51.7382178Z Collecting psutil>=4.0.0 (from mirakuru>=2.6.0->pytest-postgresql==7.0.2->-r requirements-dev.txt (line 29))
2025-08-19T12:10:51.7396901Z   Using cached psutil-7.0.0-cp36-abi3-manylinux_2_12_x86_64.manylinux2010_x86_64.manylinux_2_17_x86_64.manylinux2014_x86_64.whl.metadata (22 kB)
2025-08-19T12:10:51.7847190Z Collecting wcwidth (from prompt-toolkit>=3.0.36->click-repl>=0.2.0->celery==5.5.3->-r requirements-dev.txt (line 11))
2025-08-19T12:10:51.7859189Z   Using cached wcwidth-0.2.13-py2.py3-none-any.whl.metadata (14 kB)
2025-08-19T12:10:51.9216757Z Collecting rich>=13.7.1 (from rich-toolkit>=0.14.8->fastapi-cli>=0.0.8->fastapi-cli[standard]>=0.0.8; extra == "all"->fastapi[all]->-r requirements-dev.txt (line 13))
2025-08-19T12:10:51.9229743Z   Using cached rich-14.1.0-py3-none-any.whl.metadata (18 kB)
2025-08-19T12:10:51.9542434Z Collecting markdown-it-py>=2.2.0 (from rich>=13.7.1->rich-toolkit>=0.14.8->fastapi-cli>=0.0.8->fastapi-cli[standard]>=0.0.8; extra == "all"->fastapi[all]->-r requirements-dev.txt (line 13))
2025-08-19T12:10:51.9554199Z   Using cached markdown_it_py-4.0.0-py3-none-any.whl.metadata (7.3 kB)
2025-08-19T12:10:51.9896869Z Collecting mdurl~=0.1 (from markdown-it-py>=2.2.0->rich>=13.7.1->rich-toolkit>=0.14.8->fastapi-cli>=0.0.8->fastapi-cli[standard]>=0.0.8; extra == "all"->fastapi[all]->-r requirements-dev.txt (line 13))
2025-08-19T12:10:51.9909921Z   Using cached mdurl-0.1.2-py3-none-any.whl.metadata (1.6 kB)
2025-08-19T12:10:52.0560166Z Collecting shellingham>=1.3.0 (from typer>=0.15.1->fastapi-cli>=0.0.8->fastapi-cli[standard]>=0.0.8; extra == "all"->fastapi[all]->-r requirements-dev.txt (line 13))
2025-08-19T12:10:52.0572908Z   Using cached shellingham-1.5.4-py2.py3-none-any.whl.metadata (3.5 kB)
2025-08-19T12:10:52.1533865Z Collecting httptools>=0.6.3 (from uvicorn[standard]>=0.12.0; extra == "all"->fastapi[all]->-r requirements-dev.txt (line 13))
2025-08-19T12:10:52.1547415Z   Using cached httptools-0.6.4-cp312-cp312-manylinux_2_5_x86_64.manylinux1_x86_64.manylinux_2_17_x86_64.manylinux2014_x86_64.whl.metadata (3.6 kB)
2025-08-19T12:10:52.2092522Z Collecting uvloop>=0.15.1 (from uvicorn[standard]>=0.12.0; extra == "all"->fastapi[all]->-r requirements-dev.txt (line 13))
2025-08-19T12:10:52.2106519Z   Using cached uvloop-0.21.0-cp312-cp312-manylinux_2_17_x86_64.manylinux2014_x86_64.whl.metadata (4.9 kB)
2025-08-19T12:10:52.2936481Z Collecting watchfiles>=0.13 (from uvicorn[standard]>=0.12.0; extra == "all"->fastapi[all]->-r requirements-dev.txt (line 13))
2025-08-19T12:10:52.2949929Z   Using cached watchfiles-1.1.0-cp312-cp312-manylinux_2_17_x86_64.manylinux2014_x86_64.whl.metadata (4.9 kB)
2025-08-19T12:10:52.5220426Z Collecting websockets>=10.4 (from uvicorn[standard]>=0.12.0; extra == "all"->fastapi[all]->-r requirements-dev.txt (line 13))
2025-08-19T12:10:52.5233770Z   Using cached websockets-15.0.1-cp312-cp312-manylinux_2_5_x86_64.manylinux1_x86_64.manylinux_2_17_x86_64.manylinux2014_x86_64.whl.metadata (6.8 kB)
2025-08-19T12:10:52.5823244Z Collecting argon2-cffi-bindings (from argon2-cffi->minio==7.*->-r requirements-dev.txt (line 10))
2025-08-19T12:10:52.5835590Z   Using cached argon2_cffi_bindings-25.1.0-cp39-abi3-manylinux_2_26_x86_64.manylinux_2_28_x86_64.whl.metadata (7.4 kB)
2025-08-19T12:10:52.6973615Z Collecting cffi>=1.0.1 (from argon2-cffi-bindings->argon2-cffi->minio==7.*->-r requirements-dev.txt (line 10))
2025-08-19T12:10:52.6988582Z   Using cached cffi-1.17.1-cp312-cp312-manylinux_2_17_x86_64.manylinux2014_x86_64.whl.metadata (1.5 kB)
2025-08-19T12:10:52.7238849Z Collecting pycparser (from cffi>=1.0.1->argon2-cffi-bindings->argon2-cffi->minio==7.*->-r requirements-dev.txt (line 10))
2025-08-19T12:10:52.7252484Z   Using cached pycparser-2.22-py3-none-any.whl.metadata (943 bytes)
2025-08-19T12:10:52.7932147Z Using cached jinja2-3.1.6-py3-none-any.whl (134 kB)
2025-08-19T12:10:52.7943568Z Using cached alembic-1.13.1-py3-none-any.whl (233 kB)
2025-08-19T12:10:52.7956387Z Using cached APScheduler-3.10.4-py3-none-any.whl (59 kB)
2025-08-19T12:10:52.7967861Z Using cached asgi_correlation_id-4.3.1-py3-none-any.whl (15 kB)
2025-08-19T12:10:52.7978894Z Using cached asyncpg-0.30.0-cp312-cp312-manylinux_2_17_x86_64.manylinux2014_x86_64.whl (3.6 MB)
2025-08-19T12:10:52.8018964Z Using cached black-25.1.0-cp312-cp312-manylinux_2_17_x86_64.manylinux2014_x86_64.manylinux_2_28_x86_64.whl (1.8 MB)
2025-08-19T12:10:52.8043503Z Using cached celery-5.5.3-py3-none-any.whl (438 kB)
2025-08-19T12:10:52.8057092Z Using cached fastapi-0.116.1-py3-none-any.whl (95 kB)
2025-08-19T12:10:52.8068509Z Using cached pydantic-2.11.7-py3-none-any.whl (444 kB)
2025-08-19T12:10:52.8082733Z Using cached fastapi_limiter-0.1.6-py3-none-any.whl (15 kB)
2025-08-19T12:10:52.8093503Z Using cached IMAPClient-3.0.1-py2.py3-none-any.whl (182 kB)
2025-08-19T12:10:52.8105489Z Using cached mypy_extensions-1.1.0-py3-none-any.whl (5.0 kB)
2025-08-19T12:10:52.8116217Z Using cached openpyxl-3.1.5-py2.py3-none-any.whl (250 kB)
2025-08-19T12:10:52.8128839Z Using cached psycopg2_binary-2.9.10-cp312-cp312-manylinux_2_17_x86_64.manylinux2014_x86_64.whl (3.0 MB)
2025-08-19T12:10:52.8162004Z Using cached psycopg-3.2.9-py3-none-any.whl (202 kB)
2025-08-19T12:10:52.8173957Z Using cached pytest_asyncio-0.23.6-py3-none-any.whl (17 kB)
2025-08-19T12:10:52.8184887Z Using cached pytest_cov-6.2.1-py3-none-any.whl (24 kB)
2025-08-19T12:10:52.8195676Z Using cached pytest_postgresql-7.0.2-py3-none-any.whl (41 kB)
2025-08-19T12:10:52.8206581Z Using cached python_telegram_bot-22.3-py3-none-any.whl (717 kB)
2025-08-19T12:10:52.8222501Z Using cached requests-2.32.4-py3-none-any.whl (64 kB)
2025-08-19T12:10:52.8233461Z Using cached respx-0.22.0-py2.py3-none-any.whl (25 kB)
2025-08-19T12:10:52.8244531Z Using cached ruff-0.4.4-py3-none-manylinux_2_17_x86_64.manylinux2014_x86_64.whl (8.7 MB)
2025-08-19T12:10:52.8323276Z Using cached SQLAlchemy-2.0.29-cp312-cp312-manylinux_2_17_x86_64.manylinux2014_x86_64.whl (3.2 MB)
2025-08-19T12:10:52.8358297Z Using cached structlog-24.1.0-py3-none-any.whl (65 kB)
2025-08-19T12:10:52.8370161Z Using cached testcontainers-4.10.0-py3-none-any.whl (107 kB)
2025-08-19T12:10:52.8381970Z Using cached types_requests-2.32.0.20240602-py3-none-any.whl (15 kB)
2025-08-19T12:10:52.8392854Z Using cached docspec_python-2.2.2-py3-none-any.whl (15 kB)
2025-08-19T12:10:52.8403755Z Using cached pydoc_markdown-4.8.2-py3-none-any.whl (67 kB)
2025-08-19T12:10:52.8414796Z Using cached docspec-2.2.1-py3-none-any.whl (9.8 kB)
2025-08-19T12:10:52.8425875Z Using cached psycopg_binary-3.2.9-cp312-cp312-manylinux_2_17_x86_64.manylinux2014_x86_64.whl (4.4 MB)
2025-08-19T12:10:52.8470155Z Using cached pydantic_core-2.33.2-cp312-cp312-manylinux_2_17_x86_64.manylinux2014_x86_64.whl (2.0 MB)
2025-08-19T12:10:52.8495250Z Using cached redis-5.3.1-py3-none-any.whl (272 kB)
2025-08-19T12:10:52.8508005Z Using cached minio-7.2.16-py3-none-any.whl (95 kB)
2025-08-19T12:10:52.8519732Z Using cached httpx-0.28.1-py3-none-any.whl (73 kB)
2025-08-19T12:10:52.8532448Z Using cached mypy-1.17.1-cp312-cp312-manylinux2014_x86_64.manylinux_2_17_x86_64.manylinux_2_28_x86_64.whl (12.7 MB)
2025-08-19T12:10:52.8640854Z Using cached numpy-1.26.4-cp312-cp312-manylinux_2_17_x86_64.manylinux2014_x86_64.whl (18.0 MB)
2025-08-19T12:10:52.8782367Z Using cached pandas-2.2.3-cp312-cp312-manylinux_2_17_x86_64.manylinux2014_x86_64.whl (12.7 MB)
2025-08-19T12:10:52.8885538Z Using cached pandera-0.19.3-py3-none-any.whl (251 kB)
2025-08-19T12:10:52.8898695Z Using cached billiard-4.2.1-py3-none-any.whl (86 kB)
2025-08-19T12:10:52.8912393Z Using cached charset_normalizer-3.4.3-cp312-cp312-manylinux2014_x86_64.manylinux_2_17_x86_64.manylinux_2_28_x86_64.whl (151 kB)
2025-08-19T12:10:52.8924167Z Using cached click-8.2.1-py3-none-any.whl (102 kB)
2025-08-19T12:10:52.8935644Z Using cached databind.core-4.5.2-py3-none-any.whl (1.5 kB)
2025-08-19T12:10:52.8946342Z Using cached databind-4.5.2-py3-none-any.whl (49 kB)
2025-08-19T12:10:52.8957327Z Using cached databind.json-4.5.2-py3-none-any.whl (1.5 kB)
2025-08-19T12:10:52.8968289Z Using cached Deprecated-1.2.18-py2.py3-none-any.whl (10.0 kB)
2025-08-19T12:10:52.8979314Z Using cached httpcore-1.0.9-py3-none-any.whl (78 kB)
2025-08-19T12:10:52.8991092Z Using cached idna-3.10-py3-none-any.whl (70 kB)
2025-08-19T12:10:52.9003816Z Using cached kombu-5.5.4-py3-none-any.whl (210 kB)
2025-08-19T12:10:52.9015951Z Using cached vine-5.1.0-py3-none-any.whl (9.6 kB)
2025-08-19T12:10:52.9026579Z Using cached amqp-5.3.1-py3-none-any.whl (50 kB)
2025-08-19T12:10:52.9037501Z Using cached multimethod-1.10-py3-none-any.whl (9.9 kB)
2025-08-19T12:10:52.9047918Z Using cached nr_date-2.1.0-py3-none-any.whl (10 kB)
2025-08-19T12:10:52.9058566Z Using cached nr_stream-1.1.5-py3-none-any.whl (10 kB)
2025-08-19T12:10:52.9069512Z Using cached nr.util-0.8.12-py3-none-any.whl (90 kB)
2025-08-19T12:10:52.9081072Z Using cached pytest-8.4.1-py3-none-any.whl (365 kB)
2025-08-19T12:10:52.9095398Z Using cached pluggy-1.6.0-py3-none-any.whl (20 kB)
2025-08-19T12:10:52.9106691Z Using cached PyYAML-6.0.2-cp312-cp312-manylinux_2_17_x86_64.manylinux2014_x86_64.whl (767 kB)
2025-08-19T12:10:52.9122747Z Using cached starlette-0.47.2-py3-none-any.whl (72 kB)
2025-08-19T12:10:52.9134077Z Using cached anyio-4.10.0-py3-none-any.whl (107 kB)
2025-08-19T12:10:52.9145600Z Using cached tomli-2.2.1-cp312-cp312-manylinux_2_17_x86_64.manylinux2014_x86_64.whl (242 kB)
2025-08-19T12:10:52.9157625Z Using cached tomli_w-1.2.0-py3-none-any.whl (6.7 kB)
2025-08-19T12:10:52.9168557Z Using cached typeapi-2.2.4-py3-none-any.whl (26 kB)
2025-08-19T12:10:52.9179844Z Using cached typing_extensions-4.14.1-py3-none-any.whl (43 kB)
2025-08-19T12:10:52.9191033Z Using cached urllib3-2.5.0-py3-none-any.whl (129 kB)
2025-08-19T12:10:52.9203111Z Using cached wrapt-1.17.3-cp312-cp312-manylinux1_x86_64.manylinux_2_28_x86_64.manylinux_2_5_x86_64.whl (88 kB)
2025-08-19T12:10:52.9214211Z Using cached boto3-1.40.12-py3-none-any.whl (140 kB)
2025-08-19T12:10:52.9225940Z Using cached botocore-1.40.12-py3-none-any.whl (14.0 MB)
2025-08-19T12:10:52.9336795Z Using cached jmespath-1.0.1-py3-none-any.whl (20 kB)
2025-08-19T12:10:52.9348141Z Using cached python_dateutil-2.9.0.post0-py2.py3-none-any.whl (229 kB)
2025-08-19T12:10:52.9360778Z Using cached s3transfer-0.13.1-py3-none-any.whl (85 kB)
2025-08-19T12:10:52.9372244Z Using cached itsdangerous-2.2.0-py3-none-any.whl (16 kB)
2025-08-19T12:10:52.9383213Z Using cached setuptools-80.9.0-py3-none-any.whl (1.2 MB)
2025-08-19T12:10:52.9402414Z Using cached python_dotenv-1.1.1-py3-none-any.whl (20 kB)
2025-08-19T12:10:52.9413470Z Using cached python_multipart-0.0.20-py3-none-any.whl (24 kB)
2025-08-19T12:10:52.9424582Z Using cached annotated_types-0.7.0-py3-none-any.whl (13 kB)
2025-08-19T12:10:52.9435658Z Using cached certifi-2025.8.3-py3-none-any.whl (161 kB)
2025-08-19T12:10:52.9447639Z Using cached click_didyoumean-0.3.1-py3-none-any.whl (3.6 kB)
2025-08-19T12:10:52.9458226Z Using cached click_plugins-1.1.1.2-py2.py3-none-any.whl (11 kB)
2025-08-19T12:10:52.9469600Z Using cached click_repl-0.3.0-py3-none-any.whl (10 kB)
2025-08-19T12:10:52.9481030Z Using cached coverage-7.10.4-cp312-cp312-manylinux1_x86_64.manylinux_2_28_x86_64.manylinux_2_5_x86_64.whl (251 kB)
2025-08-19T12:10:52.9492953Z Using cached email_validator-2.2.0-py3-none-any.whl (33 kB)
2025-08-19T12:10:52.9504022Z Using cached dnspython-2.7.0-py3-none-any.whl (313 kB)
2025-08-19T12:10:52.9516724Z Using cached fastapi_cli-0.0.8-py3-none-any.whl (10 kB)
2025-08-19T12:10:52.9527543Z Using cached fastapi_cloud_cli-0.1.5-py3-none-any.whl (18 kB)
2025-08-19T12:10:52.9538648Z Using cached greenlet-3.2.4-cp312-cp312-manylinux_2_24_x86_64.manylinux_2_28_x86_64.whl (607 kB)
2025-08-19T12:10:52.9553797Z Using cached h11-0.16.0-py3-none-any.whl (37 kB)
2025-08-19T12:10:52.9564918Z Using cached iniconfig-2.1.0-py3-none-any.whl (6.0 kB)
2025-08-19T12:10:52.9576112Z Using cached MarkupSafe-3.0.2-cp312-cp312-manylinux_2_17_x86_64.manylinux2014_x86_64.whl (23 kB)
2025-08-19T12:10:52.9586813Z Using cached mirakuru-2.6.1-py3-none-any.whl (26 kB)
2025-08-19T12:10:52.9598009Z Using cached orjson-3.11.2-cp312-cp312-manylinux_2_17_x86_64.manylinux2014_x86_64.whl (121 kB)
2025-08-19T12:10:52.9609694Z Using cached packaging-25.0-py3-none-any.whl (66 kB)
2025-08-19T12:10:52.9620790Z Using cached pathspec-0.12.1-py3-none-any.whl (31 kB)
2025-08-19T12:10:52.9631717Z Using cached platformdirs-4.3.8-py3-none-any.whl (18 kB)
2025-08-19T12:10:52.9642388Z Using cached port_for-0.7.4-py3-none-any.whl (21 kB)
2025-08-19T12:10:52.9653187Z Using cached prompt_toolkit-3.0.51-py3-none-any.whl (387 kB)
2025-08-19T12:10:52.9667488Z Using cached psutil-7.0.0-cp36-abi3-manylinux_2_12_x86_64.manylinux2010_x86_64.manylinux_2_17_x86_64.manylinux2014_x86_64.whl (277 kB)
2025-08-19T12:10:52.9680192Z Using cached pydantic_extra_types-2.10.5-py3-none-any.whl (38 kB)
2025-08-19T12:10:52.9691107Z Using cached pydantic_settings-2.10.1-py3-none-any.whl (45 kB)
2025-08-19T12:10:52.9702106Z Using cached pygments-2.19.2-py3-none-any.whl (1.2 MB)
2025-08-19T12:10:52.9722578Z Using cached PyJWT-2.10.1-py3-none-any.whl (22 kB)
2025-08-19T12:10:52.9733533Z Using cached pytz-2025.2-py2.py3-none-any.whl (509 kB)
2025-08-19T12:10:52.9748094Z Using cached rich_toolkit-0.15.0-py3-none-any.whl (29 kB)
2025-08-19T12:10:52.9759022Z Using cached rich-14.1.0-py3-none-any.whl (243 kB)
2025-08-19T12:10:52.9771804Z Using cached markdown_it_py-4.0.0-py3-none-any.whl (87 kB)
2025-08-19T12:10:52.9783027Z Using cached mdurl-0.1.2-py3-none-any.whl (10.0 kB)
2025-08-19T12:10:52.9794095Z Using cached rignore-0.6.4-cp312-cp312-manylinux_2_17_x86_64.manylinux2014_x86_64.whl (949 kB)
2025-08-19T12:10:52.9811571Z Using cached sentry_sdk-2.35.0-py2.py3-none-any.whl (363 kB)
2025-08-19T12:10:52.9824727Z Using cached six-1.17.0-py2.py3-none-any.whl (11 kB)
2025-08-19T12:10:52.9835572Z Using cached sniffio-1.3.1-py3-none-any.whl (10 kB)
2025-08-19T12:10:52.9846305Z Using cached typer-0.16.1-py3-none-any.whl (46 kB)
2025-08-19T12:10:52.9858731Z Using cached shellingham-1.5.4-py2.py3-none-any.whl (9.8 kB)
2025-08-19T12:10:52.9869575Z Using cached typing_inspect-0.9.0-py3-none-any.whl (8.8 kB)
2025-08-19T12:10:52.9880473Z Using cached typing_inspection-0.4.1-py3-none-any.whl (14 kB)
2025-08-19T12:10:52.9891301Z Using cached tzdata-2025.2-py2.py3-none-any.whl (347 kB)
2025-08-19T12:10:52.9904496Z Using cached tzlocal-5.3.1-py3-none-any.whl (18 kB)
2025-08-19T12:10:52.9915591Z Using cached ujson-5.10.0-cp312-cp312-manylinux_2_17_x86_64.manylinux2014_x86_64.whl (53 kB)
2025-08-19T12:10:52.9926308Z Using cached uvicorn-0.35.0-py3-none-any.whl (66 kB)
2025-08-19T12:10:52.9938310Z Using cached httptools-0.6.4-cp312-cp312-manylinux_2_5_x86_64.manylinux1_x86_64.manylinux_2_17_x86_64.manylinux2014_x86_64.whl (510 kB)
2025-08-19T12:10:52.9953214Z Using cached uvloop-0.21.0-cp312-cp312-manylinux_2_17_x86_64.manylinux2014_x86_64.whl (4.7 MB)
2025-08-19T12:10:53.0003062Z Using cached watchfiles-1.1.0-cp312-cp312-manylinux_2_17_x86_64.manylinux2014_x86_64.whl (452 kB)
2025-08-19T12:10:53.0018946Z Using cached websockets-15.0.1-cp312-cp312-manylinux_2_5_x86_64.manylinux1_x86_64.manylinux_2_17_x86_64.manylinux2014_x86_64.whl (182 kB)
2025-08-19T12:10:53.0031728Z Using cached yapf-0.43.0-py3-none-any.whl (256 kB)
2025-08-19T12:10:53.0044908Z Using cached argon2_cffi-25.1.0-py3-none-any.whl (14 kB)
2025-08-19T12:10:53.0056711Z Using cached argon2_cffi_bindings-25.1.0-cp39-abi3-manylinux_2_26_x86_64.manylinux_2_28_x86_64.whl (87 kB)
2025-08-19T12:10:53.0068808Z Using cached cffi-1.17.1-cp312-cp312-manylinux_2_17_x86_64.manylinux2014_x86_64.whl (479 kB)
2025-08-19T12:10:53.0083549Z Using cached docker-7.1.0-py3-none-any.whl (147 kB)
2025-08-19T12:10:53.0095874Z Using cached et_xmlfile-2.0.0-py3-none-any.whl (18 kB)
2025-08-19T12:10:53.0106838Z Using cached mako-1.3.10-py3-none-any.whl (78 kB)
2025-08-19T12:10:53.0118263Z Using cached pycparser-2.22-py3-none-any.whl (117 kB)
2025-08-19T12:10:53.0130639Z Using cached pycryptodome-3.23.0-cp37-abi3-manylinux_2_17_x86_64.manylinux2014_x86_64.whl (2.3 MB)
2025-08-19T12:10:53.0157914Z Using cached typeguard-4.4.4-py3-none-any.whl (34 kB)
2025-08-19T12:10:53.0169190Z Using cached watchdog-6.0.0-py3-none-manylinux2014_x86_64.whl (79 kB)
2025-08-19T12:10:53.0181283Z Using cached wcwidth-0.2.13-py2.py3-none-any.whl (34 kB)
2025-08-19T12:10:53.5003040Z Installing collected packages: wcwidth, pytz, wrapt, websockets, watchdog, vine, uvloop, urllib3, ujson, tzlocal, tzdata, typing-extensions, tomli_w, tomli, structlog, sniffio, six, shellingham, setuptools, ruff, rignore, PyYAML, python-multipart, python-dotenv, PyJWT, pygments, pycryptodome, pycparser, psycopg2-binary, psycopg-binary, psutil, prompt-toolkit, port-for, pluggy, platformdirs, pathspec, packaging, orjson, numpy, nr-stream, nr-date, mypy-extensions, multimethod, mdurl, MarkupSafe, jmespath, itsdangerous, iniconfig, imapclient, idna, httptools, h11, greenlet, et-xmlfile, docstring-parser, dnspython, coverage, click, charset_normalizer, certifi, billiard, asyncpg, annotated-types, yapf, uvicorn, typing-inspection, typing-inspect, types-requests, typeguard, typeapi, sqlalchemy, sentry-sdk, requests, redis, python-dateutil, pytest, pydantic-core, psycopg, openpyxl, mypy, mirakuru, markdown-it-py, Mako, Jinja2, httpcore, email-validator, Deprecated, click-repl, click-plugins, click-didyoumean, cffi, black, apscheduler, anyio, amqp, watchfiles, starlette, rich, pytest-postgresql, pytest-cov, pytest-asyncio, pydantic, pandas, nr-util, kombu, httpx, docker, databind, botocore, argon2-cffi-bindings, alembic, typer, testcontainers, s3transfer, rich-toolkit, respx, python-telegram-bot, pydantic-settings, pydantic-extra-types, pandera, fastapi, databind.json, databind.core, celery, asgi-correlation-id, argon2-cffi, minio, fastapi-limiter, fastapi-cloud-cli, fastapi-cli, docspec, boto3, docspec-python, pydoc-markdown
2025-08-19T12:11:13.6578226Z 
2025-08-19T12:11:13.6705700Z Successfully installed Deprecated-1.2.18 Jinja2-3.1.6 Mako-1.3.10 MarkupSafe-3.0.2 PyJWT-2.10.1 PyYAML-6.0.2 alembic-1.13.1 amqp-5.3.1 annotated-types-0.7.0 anyio-4.10.0 apscheduler-3.10.4 argon2-cffi-25.1.0 argon2-cffi-bindings-25.1.0 asgi-correlation-id-4.3.1 asyncpg-0.30.0 billiard-4.2.1 black-25.1.0 boto3-1.40.12 botocore-1.40.12 celery-5.5.3 certifi-2025.8.3 cffi-1.17.1 charset_normalizer-3.4.3 click-8.2.1 click-didyoumean-0.3.1 click-plugins-1.1.1.2 click-repl-0.3.0 coverage-7.10.4 databind-4.5.2 databind.core-4.5.2 databind.json-4.5.2 dnspython-2.7.0 docker-7.1.0 docspec-2.2.1 docspec-python-2.2.2 docstring-parser-0.11 email-validator-2.2.0 et-xmlfile-2.0.0 fastapi-0.116.1 fastapi-cli-0.0.8 fastapi-cloud-cli-0.1.5 fastapi-limiter-0.1.6 greenlet-3.2.4 h11-0.16.0 httpcore-1.0.9 httptools-0.6.4 httpx-0.28.1 idna-3.10 imapclient-3.0.1 iniconfig-2.1.0 itsdangerous-2.2.0 jmespath-1.0.1 kombu-5.5.4 markdown-it-py-4.0.0 mdurl-0.1.2 minio-7.2.16 mirakuru-2.6.1 multimethod-1.10 mypy-1.17.1 mypy-extensions-1.1.0 nr-date-2.1.0 nr-stream-1.1.5 nr-util-0.8.12 numpy-1.26.4 openpyxl-3.1.5 orjson-3.11.2 packaging-25.0 pandas-2.2.3 pandera-0.19.3 pathspec-0.12.1 platformdirs-4.3.8 pluggy-1.6.0 port-for-0.7.4 prompt-toolkit-3.0.51 psutil-7.0.0 psycopg-3.2.9 psycopg-binary-3.2.9 psycopg2-binary-2.9.10 pycparser-2.22 pycryptodome-3.23.0 pydantic-2.11.7 pydantic-core-2.33.2 pydantic-extra-types-2.10.5 pydantic-settings-2.10.1 pydoc-markdown-4.8.2 pygments-2.19.2 pytest-8.4.1 pytest-asyncio-0.23.6 pytest-cov-6.2.1 pytest-postgresql-7.0.2 python-dateutil-2.9.0.post0 python-dotenv-1.1.1 python-multipart-0.0.20 python-telegram-bot-22.3 pytz-2025.2 redis-5.3.1 requests-2.32.4 respx-0.22.0 rich-14.1.0 rich-toolkit-0.15.0 rignore-0.6.4 ruff-0.4.4 s3transfer-0.13.1 sentry-sdk-2.35.0 setuptools-80.9.0 shellingham-1.5.4 six-1.17.0 sniffio-1.3.1 sqlalchemy-2.0.29 starlette-0.47.2 structlog-24.1.0 testcontainers-4.10.0 tomli-2.2.1 tomli_w-1.2.0 typeapi-2.2.4 typeguard-4.4.4 typer-0.16.1 types-requests-2.32.0.20240602 typing-extensions-4.14.1 typing-inspect-0.9.0 typing-inspection-0.4.1 tzdata-2025.2 tzlocal-5.3.1 ujson-5.10.0 urllib3-2.5.0 uvicorn-0.35.0 uvloop-0.21.0 vine-5.1.0 watchdog-6.0.0 watchfiles-1.1.0 wcwidth-0.2.13 websockets-15.0.1 wrapt-1.17.3 yapf-0.43.0
2025-08-19T12:11:15.1818357Z Collecting keepa==1.3.15
2025-08-19T12:11:15.1833404Z   Using cached keepa-1.3.15-py3-none-any.whl.metadata (11 kB)
2025-08-19T12:11:15.2247739Z Collecting minio==7.1.15
2025-08-19T12:11:15.2261497Z   Using cached minio-7.1.15-py3-none-any.whl.metadata (4.2 kB)
2025-08-19T12:11:15.2291329Z Requirement already satisfied: numpy>=1.9.3 in /opt/hostedtoolcache/Python/3.12.11/x64/lib/python3.12/site-packages (from keepa==1.3.15) (1.26.4)
2025-08-19T12:11:15.2296696Z Requirement already satisfied: requests>=2.2 in /opt/hostedtoolcache/Python/3.12.11/x64/lib/python3.12/site-packages (from keepa==1.3.15) (2.32.4)
2025-08-19T12:11:15.2733950Z Collecting tqdm (from keepa==1.3.15)
2025-08-19T12:11:15.2746958Z   Using cached tqdm-4.67.1-py3-none-any.whl.metadata (57 kB)
2025-08-19T12:11:15.7853869Z Collecting aiohttp (from keepa==1.3.15)
2025-08-19T12:11:15.7867594Z   Using cached aiohttp-3.12.15-cp312-cp312-manylinux_2_17_x86_64.manylinux2014_x86_64.whl.metadata (7.7 kB)
2025-08-19T12:11:15.7902694Z Requirement already satisfied: pandas<=3.0 in /opt/hostedtoolcache/Python/3.12.11/x64/lib/python3.12/site-packages (from keepa==1.3.15) (2.2.3)
2025-08-19T12:11:15.7906919Z Requirement already satisfied: pydantic in /opt/hostedtoolcache/Python/3.12.11/x64/lib/python3.12/site-packages (from keepa==1.3.15) (2.11.7)
2025-08-19T12:11:15.7915305Z Requirement already satisfied: certifi in /opt/hostedtoolcache/Python/3.12.11/x64/lib/python3.12/site-packages (from minio==7.1.15) (2025.8.3)
2025-08-19T12:11:15.7919310Z Requirement already satisfied: urllib3 in /opt/hostedtoolcache/Python/3.12.11/x64/lib/python3.12/site-packages (from minio==7.1.15) (2.5.0)
2025-08-19T12:11:15.7979705Z Requirement already satisfied: python-dateutil>=2.8.2 in /opt/hostedtoolcache/Python/3.12.11/x64/lib/python3.12/site-packages (from pandas<=3.0->keepa==1.3.15) (2.9.0.post0)
2025-08-19T12:11:15.7985130Z Requirement already satisfied: pytz>=2020.1 in /opt/hostedtoolcache/Python/3.12.11/x64/lib/python3.12/site-packages (from pandas<=3.0->keepa==1.3.15) (2025.2)
2025-08-19T12:11:15.7990823Z Requirement already satisfied: tzdata>=2022.7 in /opt/hostedtoolcache/Python/3.12.11/x64/lib/python3.12/site-packages (from pandas<=3.0->keepa==1.3.15) (2025.2)
2025-08-19T12:11:15.8124024Z Requirement already satisfied: six>=1.5 in /opt/hostedtoolcache/Python/3.12.11/x64/lib/python3.12/site-packages (from python-dateutil>=2.8.2->pandas<=3.0->keepa==1.3.15) (1.17.0)
2025-08-19T12:11:15.8144103Z Requirement already satisfied: charset_normalizer<4,>=2 in /opt/hostedtoolcache/Python/3.12.11/x64/lib/python3.12/site-packages (from requests>=2.2->keepa==1.3.15) (3.4.3)
2025-08-19T12:11:15.8151565Z Requirement already satisfied: idna<4,>=2.5 in /opt/hostedtoolcache/Python/3.12.11/x64/lib/python3.12/site-packages (from requests>=2.2->keepa==1.3.15) (3.10)
2025-08-19T12:11:15.8468214Z Collecting aiohappyeyeballs>=2.5.0 (from aiohttp->keepa==1.3.15)
2025-08-19T12:11:15.8481115Z   Using cached aiohappyeyeballs-2.6.1-py3-none-any.whl.metadata (5.9 kB)
2025-08-19T12:11:15.8690463Z Collecting aiosignal>=1.4.0 (from aiohttp->keepa==1.3.15)
2025-08-19T12:11:15.8702881Z   Using cached aiosignal-1.4.0-py3-none-any.whl.metadata (3.7 kB)
2025-08-19T12:11:15.8972087Z Collecting attrs>=17.3.0 (from aiohttp->keepa==1.3.15)
2025-08-19T12:11:15.8984405Z   Using cached attrs-25.3.0-py3-none-any.whl.metadata (10 kB)
2025-08-19T12:11:15.9789971Z Collecting frozenlist>=1.1.1 (from aiohttp->keepa==1.3.15)
2025-08-19T12:11:15.9804277Z   Using cached frozenlist-1.7.0-cp312-cp312-manylinux_2_5_x86_64.manylinux1_x86_64.manylinux_2_17_x86_64.manylinux2014_x86_64.whl.metadata (18 kB)
2025-08-19T12:11:16.2413989Z Collecting multidict<7.0,>=4.5 (from aiohttp->keepa==1.3.15)
2025-08-19T12:11:16.2428110Z   Using cached multidict-6.6.4-cp312-cp312-manylinux2014_x86_64.manylinux_2_17_x86_64.manylinux_2_28_x86_64.whl.metadata (5.3 kB)
2025-08-19T12:11:16.2962893Z Collecting propcache>=0.2.0 (from aiohttp->keepa==1.3.15)
2025-08-19T12:11:16.2976345Z   Using cached propcache-0.3.2-cp312-cp312-manylinux_2_17_x86_64.manylinux2014_x86_64.whl.metadata (12 kB)
2025-08-19T12:11:16.5504269Z Collecting yarl<2.0,>=1.17.0 (from aiohttp->keepa==1.3.15)
2025-08-19T12:11:16.5518089Z   Using cached yarl-1.20.1-cp312-cp312-manylinux_2_17_x86_64.manylinux2014_x86_64.whl.metadata (73 kB)
2025-08-19T12:11:16.5741623Z Requirement already satisfied: typing-extensions>=4.2 in /opt/hostedtoolcache/Python/3.12.11/x64/lib/python3.12/site-packages (from aiosignal>=1.4.0->aiohttp->keepa==1.3.15) (4.14.1)
2025-08-19T12:11:16.5791362Z Requirement already satisfied: annotated-types>=0.6.0 in /opt/hostedtoolcache/Python/3.12.11/x64/lib/python3.12/site-packages (from pydantic->keepa==1.3.15) (0.7.0)
2025-08-19T12:11:16.5796623Z Requirement already satisfied: pydantic-core==2.33.2 in /opt/hostedtoolcache/Python/3.12.11/x64/lib/python3.12/site-packages (from pydantic->keepa==1.3.15) (2.33.2)
2025-08-19T12:11:16.5802950Z Requirement already satisfied: typing-inspection>=0.4.0 in /opt/hostedtoolcache/Python/3.12.11/x64/lib/python3.12/site-packages (from pydantic->keepa==1.3.15) (0.4.1)
2025-08-19T12:11:16.5865530Z Using cached keepa-1.3.15-py3-none-any.whl (38 kB)
2025-08-19T12:11:16.5876469Z Using cached minio-7.1.15-py3-none-any.whl (77 kB)
2025-08-19T12:11:16.5888082Z Using cached aiohttp-3.12.15-cp312-cp312-manylinux_2_17_x86_64.manylinux2014_x86_64.whl (1.7 MB)
2025-08-19T12:11:16.5912128Z Using cached multidict-6.6.4-cp312-cp312-manylinux2014_x86_64.manylinux_2_17_x86_64.manylinux_2_28_x86_64.whl (256 kB)
2025-08-19T12:11:16.5924456Z Using cached yarl-1.20.1-cp312-cp312-manylinux_2_17_x86_64.manylinux2014_x86_64.whl (355 kB)
2025-08-19T12:11:16.5937741Z Using cached aiohappyeyeballs-2.6.1-py3-none-any.whl (15 kB)
2025-08-19T12:11:16.5948570Z Using cached aiosignal-1.4.0-py3-none-any.whl (7.5 kB)
2025-08-19T12:11:16.5959586Z Using cached attrs-25.3.0-py3-none-any.whl (63 kB)
2025-08-19T12:11:16.5971433Z Using cached frozenlist-1.7.0-cp312-cp312-manylinux_2_5_x86_64.manylinux1_x86_64.manylinux_2_17_x86_64.manylinux2014_x86_64.whl (241 kB)
2025-08-19T12:11:16.5983858Z Using cached propcache-0.3.2-cp312-cp312-manylinux_2_17_x86_64.manylinux2014_x86_64.whl (224 kB)
2025-08-19T12:11:16.5996071Z Using cached tqdm-4.67.1-py3-none-any.whl (78 kB)
2025-08-19T12:11:16.7856643Z Installing collected packages: tqdm, propcache, multidict, minio, frozenlist, attrs, aiohappyeyeballs, yarl, aiosignal, aiohttp, keepa
2025-08-19T12:11:16.8624482Z   Attempting uninstall: minio
2025-08-19T12:11:16.8675367Z     Found existing installation: minio 7.2.16
2025-08-19T12:11:16.8713894Z     Uninstalling minio-7.2.16:
2025-08-19T12:11:16.8724829Z       Successfully uninstalled minio-7.2.16
2025-08-19T12:11:17.2468786Z 
2025-08-19T12:11:17.2585363Z Successfully installed aiohappyeyeballs-2.6.1 aiohttp-3.12.15 aiosignal-1.4.0 attrs-25.3.0 frozenlist-1.7.0 keepa-1.3.15 minio-7.1.15 multidict-6.6.4 propcache-0.3.2 tqdm-4.67.1 yarl-1.20.1
2025-08-19T12:11:17.4845373Z ##[group]Run ruff check .
2025-08-19T12:11:17.4845835Z [36;1mruff check .[0m
2025-08-19T12:11:17.4846197Z [36;1mruff format --check .[0m
2025-08-19T12:11:17.4905192Z shell: /usr/bin/bash -e {0}
2025-08-19T12:11:17.4905561Z env:
2025-08-19T12:11:17.4905892Z   REDIS_URL: redis://localhost:6379/0
2025-08-19T12:11:17.4906340Z   RATE_LIMIT_DEFAULT: 100/minute
2025-08-19T12:11:17.4906718Z   TRUST_X_FORWARDED: 1
2025-08-19T12:11:17.4907066Z   PG_USER: postgres
2025-08-19T12:11:17.4907409Z   PG_PASSWORD: pass
2025-08-19T12:11:17.4907737Z   PG_DATABASE: awa
2025-08-19T12:11:17.4908063Z   PG_HOST: localhost
2025-08-19T12:11:17.4908398Z   PG_PORT: 5432
2025-08-19T12:11:17.4909323Z   PG_SYNC_DSN: ***localhost:5432/awa
2025-08-19T12:11:17.4910303Z   PG_ASYNC_DSN: ***localhost:5432/awa
2025-08-19T12:11:17.4910976Z   DATABASE_URL: ***localhost:5432/awa
2025-08-19T12:11:17.4911377Z   DATA_DIR: /tmp/awa-data
2025-08-19T12:11:17.4911714Z   ENABLE_LIVE: 0
2025-08-19T12:11:17.4912038Z   TESTING: 1
2025-08-19T12:11:17.4912441Z   pythonLocation: /opt/hostedtoolcache/Python/3.12.11/x64
2025-08-19T12:11:17.4913190Z   PKG_CONFIG_PATH: /opt/hostedtoolcache/Python/3.12.11/x64/lib/pkgconfig
2025-08-19T12:11:17.4914173Z   Python_ROOT_DIR: /opt/hostedtoolcache/Python/3.12.11/x64
2025-08-19T12:11:17.4914791Z   Python2_ROOT_DIR: /opt/hostedtoolcache/Python/3.12.11/x64
2025-08-19T12:11:17.4915416Z   Python3_ROOT_DIR: /opt/hostedtoolcache/Python/3.12.11/x64
2025-08-19T12:11:17.4916059Z   LD_LIBRARY_PATH: /opt/hostedtoolcache/Python/3.12.11/x64/lib
2025-08-19T12:11:17.4916576Z ##[endgroup]
2025-08-19T12:11:17.5235968Z services/api/routes/roi.py:1:1: I001 [*] Import block is un-sorted or un-formatted
2025-08-19T12:11:17.5236929Z services/api/routes/roi.py:22:5: E731 Do not assign a `lambda` expression, use a `def`
2025-08-19T12:11:17.5237801Z services/api/routes/score.py:1:1: I001 [*] Import block is un-sorted or un-formatted
2025-08-19T12:11:17.5238674Z services/api/routes/score.py:16:1: I001 [*] Import block is un-sorted or un-formatted
2025-08-19T12:11:17.5239715Z services/api/routes/score.py:18:5: E731 Do not assign a `lambda` expression, use a `def`
2025-08-19T12:11:17.5240566Z services/api/routes/stats.py:1:1: I001 [*] Import block is un-sorted or un-formatted
2025-08-19T12:11:17.5241428Z services/api/routes/stats.py:7:5: E731 Do not assign a `lambda` expression, use a `def`
2025-08-19T12:11:17.5242235Z services/api/security.py:1:1: I001 [*] Import block is un-sorted or un-formatted
2025-08-19T12:11:17.5243095Z services/api/tests/test_roi_basic_auth.py:1:1: I001 [*] Import block is un-sorted or un-formatted
2025-08-19T12:11:17.5243999Z services/api/tests/test_roi_filters.py:1:1: I001 [*] Import block is un-sorted or un-formatted
2025-08-19T12:11:17.5244891Z services/api/tests/test_score.py:1:1: I001 [*] Import block is un-sorted or un-formatted
2025-08-19T12:11:17.5245852Z services/api/tests/test_stats_contracts.py:1:1: I001 [*] Import block is un-sorted or un-formatted
2025-08-19T12:11:17.5246554Z Found 12 errors.
2025-08-19T12:11:17.5247169Z [*] 9 fixable with the `--fix` option (3 hidden fixes can be enabled with the `--unsafe-fixes` option).
2025-08-19T12:11:17.5262999Z ##[error]Process completed with exit code 1.
2025-08-19T12:11:17.5355347Z Post job cleanup.
2025-08-19T12:11:17.6323509Z [command]/usr/bin/git version
2025-08-19T12:11:17.6360760Z git version 2.50.1
2025-08-19T12:11:17.6413353Z Temporarily overriding HOME='/home/runner/work/_temp/18f249d4-e134-4edd-bd09-983e5cf19ee4' before making global git config changes
2025-08-19T12:11:17.6414649Z Adding repository directory to the temporary git global config as a safe directory
2025-08-19T12:11:17.6419770Z [command]/usr/bin/git config --global --add safe.directory /home/runner/work/AWA-App/AWA-App
2025-08-19T12:11:17.6456322Z [command]/usr/bin/git config --local --name-only --get-regexp core\.sshCommand
2025-08-19T12:11:17.6489099Z [command]/usr/bin/git submodule foreach --recursive sh -c "git config --local --name-only --get-regexp 'core\.sshCommand' && git config --local --unset-all 'core.sshCommand' || :"
2025-08-19T12:11:17.6734406Z [command]/usr/bin/git config --local --name-only --get-regexp http\.https\:\/\/github\.com\/\.extraheader
2025-08-19T12:11:17.6758454Z http.https://github.com/.extraheader
2025-08-19T12:11:17.6772527Z [command]/usr/bin/git config --local --unset-all http.https://github.com/.extraheader
2025-08-19T12:11:17.6805808Z [command]/usr/bin/git submodule foreach --recursive sh -c "git config --local --name-only --get-regexp 'http\.https\:\/\/github\.com\/\.extraheader' && git config --local --unset-all 'http.https://github.com/.extraheader' || :"
2025-08-19T12:11:17.7164253Z Print service container logs: c5037f7af8eb4407ba0f51320b356de2_postgres15_d3c105
2025-08-19T12:11:17.7168606Z ##[command]/usr/bin/docker logs --details df56694aa87fda73930b903e22fedc2187a4ff2150b58af8aafb523a5fa79375
2025-08-19T12:11:17.7295623Z  initdb: warning: enabling "trust" authentication for local connections
2025-08-19T12:11:17.7296297Z  The files belonging to this database system will be owned by user "postgres".
2025-08-19T12:11:17.7296720Z  This user must also own the server process.
2025-08-19T12:11:17.7296985Z  
2025-08-19T12:11:17.7297810Z  The database cluster will be initialized with locale "en_US.utf8".
2025-08-19T12:11:17.7298511Z  The default database encoding has accordingly been set to "UTF8".
2025-08-19T12:11:17.7299174Z  The default text search configuration will be set to "english".
2025-08-19T12:11:17.7299873Z  
2025-08-19T12:11:17.7300163Z  Data page checksums are disabled.
2025-08-19T12:11:17.7300529Z  
2025-08-19T12:11:17.7301027Z  fixing permissions on existing directory /var/lib/postgresql/data ... ok
2025-08-19T12:11:17.7301592Z  creating subdirectories ... ok
2025-08-19T12:11:17.7301897Z  selecting dynamic shared memory implementation ... posix
2025-08-19T12:11:17.7302224Z  selecting default max_connections ... 100
2025-08-19T12:11:17.7302508Z  selecting default shared_buffers ... 128MB
2025-08-19T12:11:17.7302780Z  selecting default time zone ... Etc/UTC
2025-08-19T12:11:17.7303030Z  creating configuration files ... ok
2025-08-19T12:11:17.7303280Z  running bootstrap script ... ok
2025-08-19T12:11:17.7303549Z  performing post-bootstrap initialization ... ok
2025-08-19T12:11:17.7303832Z  syncing data to disk ... ok
2025-08-19T12:11:17.7304027Z  
2025-08-19T12:11:17.7304172Z  
2025-08-19T12:11:17.7304381Z  Success. You can now start the database server using:
2025-08-19T12:11:17.7304652Z  
2025-08-19T12:11:17.7304861Z      pg_ctl -D /var/lib/postgresql/data -l logfile start
2025-08-19T12:11:17.7305134Z  
2025-08-19T12:11:17.7305687Z  waiting for server to start....2025-08-19 12:10:27.842 UTC [48] LOG:  starting PostgreSQL 15.14 (Debian 15.14-1.pgdg13+1) on x86_64-pc-linux-gnu, compiled by gcc (Debian 14.2.0-19) 14.2.0, 64-bit
2025-08-19T12:11:17.7306433Z  2025-08-19 12:10:27.842 UTC [48] LOG:  listening on Unix socket "/var/run/postgresql/.s.PGSQL.5432"
2025-08-19T12:11:17.7306927Z  2025-08-19 12:10:27.845 UTC [51] LOG:  database system was shut down at 2025-08-19 12:10:27 UTC
2025-08-19T12:11:17.7307365Z  2025-08-19 12:10:27.849 UTC [48] LOG:  database system is ready to accept connections
2025-08-19T12:11:17.7307715Z   done
2025-08-19T12:11:17.7307884Z  server started
2025-08-19T12:11:17.7308055Z  CREATE DATABASE
2025-08-19T12:11:17.7308540Z  initdb: hint: You can change this by editing pg_hba.conf or using the option -A, or --auth-local and --auth-host, the next time you run initdb.
2025-08-19T12:11:17.7309885Z  2025-08-19 12:10:28.155 UTC [1] LOG:  starting PostgreSQL 15.14 (Debian 15.14-1.pgdg13+1) on x86_64-pc-linux-gnu, compiled by gcc (Debian 14.2.0-19) 14.2.0, 64-bit
2025-08-19T12:11:17.7310942Z  2025-08-19 12:10:28.156 UTC [1] LOG:  listening on IPv4 address "0.0.0.0", port 5432
2025-08-19T12:11:17.7311480Z  2025-08-19 12:10:28.156 UTC [1] LOG:  listening on IPv6 address "::", port 5432
2025-08-19T12:11:17.7311925Z  2025-08-19 12:10:28.157 UTC [1] LOG:  listening on Unix socket "/var/run/postgresql/.s.PGSQL.5432"
2025-08-19T12:11:17.7312400Z  2025-08-19 12:10:28.160 UTC [64] LOG:  database system was shut down at 2025-08-19 12:10:28 UTC
2025-08-19T12:11:17.7312835Z  2025-08-19 12:10:28.164 UTC [1] LOG:  database system is ready to accept connections
2025-08-19T12:11:17.7313157Z  
2025-08-19T12:11:17.7313311Z  
2025-08-19T12:11:17.7313598Z  /usr/local/bin/docker-entrypoint.sh: ignoring /docker-entrypoint-initdb.d/*
2025-08-19T12:11:17.7313959Z  
2025-08-19T12:11:17.7314184Z  2025-08-19 12:10:28.033 UTC [48] LOG:  received fast shutdown request
2025-08-19T12:11:17.7314887Z  waiting for server to shut down....2025-08-19 12:10:28.033 UTC [48] LOG:  aborting any active transactions
2025-08-19T12:11:17.7315494Z  2025-08-19 12:10:28.035 UTC [48] LOG:  background worker "logical replication launcher" (PID 54) exited with exit code 1
2025-08-19T12:11:17.7315964Z  2025-08-19 12:10:28.035 UTC [49] LOG:  shutting down
2025-08-19T12:11:17.7316310Z  2025-08-19 12:10:28.036 UTC [49] LOG:  checkpoint starting: shutdown immediate
2025-08-19T12:11:17.7317138Z  2025-08-19 12:10:28.052 UTC [49] LOG:  checkpoint complete: wrote 922 buffers (5.6%); 0 WAL file(s) added, 0 removed, 0 recycled; write=0.014 s, sync=0.002 s, total=0.017 s; sync files=301, longest=0.001 s, average=0.001 s; distance=4239 kB, estimate=4239 kB
2025-08-19T12:11:17.7318073Z  2025-08-19 12:10:28.059 UTC [48] LOG:  database system is shut down
2025-08-19T12:11:17.7318365Z   done
2025-08-19T12:11:17.7318523Z  server stopped
2025-08-19T12:11:17.7318697Z  
2025-08-19T12:11:17.7318911Z  PostgreSQL init process complete; ready for start up.
2025-08-19T12:11:17.7319183Z  
2025-08-19T12:11:17.7325018Z Stop and remove container: c5037f7af8eb4407ba0f51320b356de2_postgres15_d3c105
2025-08-19T12:11:17.7330175Z ##[command]/usr/bin/docker rm --force df56694aa87fda73930b903e22fedc2187a4ff2150b58af8aafb523a5fa79375
2025-08-19T12:11:18.8570808Z df56694aa87fda73930b903e22fedc2187a4ff2150b58af8aafb523a5fa79375
2025-08-19T12:11:18.8592644Z Print service container logs: b6b487a517134190bf69003fb618ff1f_redis7alpine_31bf25
2025-08-19T12:11:18.8593928Z ##[command]/usr/bin/docker logs --details 680d1f6c30418330c902d91ab5b6a7adfc09a3e5dac484a13a09edb9a2f7711c
2025-08-19T12:11:18.8724778Z  1:C 19 Aug 2025 12:10:28.871 # WARNING Memory overcommit must be enabled! Without it, a background save or replication may fail under low memory condition. Being disabled, it can also cause failures without low memory condition, see https://github.com/jemalloc/jemalloc/issues/1328. To fix this issue add 'vm.overcommit_memory = 1' to /etc/sysctl.conf and then reboot or run the command 'sysctl vm.overcommit_memory=1' for this to take effect.
2025-08-19T12:11:18.8726446Z  1:C 19 Aug 2025 12:10:28.871 * oO0OoO0OoO0Oo Redis is starting oO0OoO0OoO0Oo
2025-08-19T12:11:18.8726930Z  1:C 19 Aug 2025 12:10:28.871 * Redis version=7.4.5, bits=64, commit=00000000, modified=0, pid=1, just started
2025-08-19T12:11:18.8727634Z  1:C 19 Aug 2025 12:10:28.871 # Warning: no config file specified, using the default config. In order to specify a config file use redis-server /path/to/redis.conf
2025-08-19T12:11:18.8728241Z  1:M 19 Aug 2025 12:10:28.871 * monotonic clock: POSIX clock_gettime
2025-08-19T12:11:18.8728589Z  1:M 19 Aug 2025 12:10:28.872 * Running mode=standalone, port=6379.
2025-08-19T12:11:18.8728908Z  1:M 19 Aug 2025 12:10:28.872 * Server initialized
2025-08-19T12:11:18.8729215Z  1:M 19 Aug 2025 12:10:28.872 * Ready to accept connections tcp
2025-08-19T12:11:18.8738587Z Stop and remove container: b6b487a517134190bf69003fb618ff1f_redis7alpine_31bf25
2025-08-19T12:11:18.8739914Z ##[command]/usr/bin/docker rm --force 680d1f6c30418330c902d91ab5b6a7adfc09a3e5dac484a13a09edb9a2f7711c
2025-08-19T12:11:18.9860463Z 680d1f6c30418330c902d91ab5b6a7adfc09a3e5dac484a13a09edb9a2f7711c
2025-08-19T12:11:18.9884189Z Remove container network: github_network_7753aa4f40b043c5b268a3b12aac0a41
2025-08-19T12:11:18.9892944Z ##[command]/usr/bin/docker network rm github_network_7753aa4f40b043c5b268a3b12aac0a41
2025-08-19T12:11:19.1087464Z github_network_7753aa4f40b043c5b268a3b12aac0a41
2025-08-19T12:11:19.1156175Z Cleaning up orphan processes
