2025-08-21T19:33:45.3440944Z Current runner version: '2.328.0'
2025-08-21T19:33:45.3471427Z ##[group]Runner Image Provisioner
2025-08-21T19:33:45.3472463Z Hosted Compute Agent
2025-08-21T19:33:45.3473438Z Version: 20250818.377
2025-08-21T19:33:45.3474358Z Commit: 3c593e9f75fe0b87e893bca80d6e12ba089c61fc
2025-08-21T19:33:45.3475718Z Build Date: 2025-08-18T14:52:18Z
2025-08-21T19:33:45.3476758Z ##[endgroup]
2025-08-21T19:33:45.3477543Z ##[group]Operating System
2025-08-21T19:33:45.3478484Z Ubuntu
2025-08-21T19:33:45.3479166Z 24.04.2
2025-08-21T19:33:45.3479916Z LTS
2025-08-21T19:33:45.3481070Z ##[endgroup]
2025-08-21T19:33:45.3481962Z ##[group]Runner Image
2025-08-21T19:33:45.3482771Z Image: ubuntu-24.04
2025-08-21T19:33:45.3483722Z Version: 20250818.1.0
2025-08-21T19:33:45.3485645Z Included Software: https://github.com/actions/runner-images/blob/ubuntu24/20250818.1/images/ubuntu/Ubuntu2404-Readme.md
2025-08-21T19:33:45.3488235Z Image Release: https://github.com/actions/runner-images/releases/tag/ubuntu24%2F20250818.1
2025-08-21T19:33:45.3489945Z ##[endgroup]
2025-08-21T19:33:45.3494249Z ##[group]GITHUB_TOKEN Permissions
2025-08-21T19:33:45.3497403Z Actions: write
2025-08-21T19:33:45.3498244Z Attestations: write
2025-08-21T19:33:45.3499115Z Checks: write
2025-08-21T19:33:45.3499857Z Contents: write
2025-08-21T19:33:45.3500658Z Deployments: write
2025-08-21T19:33:45.3501541Z Discussions: write
2025-08-21T19:33:45.3502351Z Issues: write
2025-08-21T19:33:45.3503057Z Metadata: read
2025-08-21T19:33:45.3503950Z Models: read
2025-08-21T19:33:45.3504682Z Packages: write
2025-08-21T19:33:45.3505651Z Pages: write
2025-08-21T19:33:45.3506459Z PullRequests: write
2025-08-21T19:33:45.3507430Z RepositoryProjects: write
2025-08-21T19:33:45.3508339Z SecurityEvents: write
2025-08-21T19:33:45.3509369Z Statuses: write
2025-08-21T19:33:45.3510200Z ##[endgroup]
2025-08-21T19:33:45.3513404Z Secret source: Actions
2025-08-21T19:33:45.3515019Z Prepare workflow directory
2025-08-21T19:33:45.4109859Z Prepare all required actions
2025-08-21T19:33:45.4163787Z Getting action download info
2025-08-21T19:33:45.6707955Z Download action repository 'actions/checkout@v5' (SHA:08c6903cd8c0fde910a37f88322edcfb5dd907a8)
2025-08-21T19:33:45.7377586Z Download action repository 'actions/setup-python@v5' (SHA:a26af69be951a213d495a4c3e4e4022e16d87065)
2025-08-21T19:33:45.8148221Z Download action repository 'actions/upload-artifact@v4' (SHA:ea165f8d65b6e75b540449e92b4886f43607fa02)
2025-08-21T19:33:46.0107074Z Complete job name: unit
2025-08-21T19:33:46.0588701Z ##[group]Checking docker version
2025-08-21T19:33:46.0602007Z ##[command]/usr/bin/docker version --format '{{.Server.APIVersion}}'
2025-08-21T19:33:46.0961407Z '1.48'
2025-08-21T19:33:46.0973472Z Docker daemon API version: '1.48'
2025-08-21T19:33:46.0974184Z ##[command]/usr/bin/docker version --format '{{.Client.APIVersion}}'
2025-08-21T19:33:46.1118665Z '1.48'
2025-08-21T19:33:46.1132156Z Docker client API version: '1.48'
2025-08-21T19:33:46.1136809Z ##[endgroup]
2025-08-21T19:33:46.1140034Z ##[group]Clean up resources from previous jobs
2025-08-21T19:33:46.1144893Z ##[command]/usr/bin/docker ps --all --quiet --no-trunc --filter "label=c8de39"
2025-08-21T19:33:46.1274241Z ##[command]/usr/bin/docker network prune --force --filter "label=c8de39"
2025-08-21T19:33:46.1396662Z ##[endgroup]
2025-08-21T19:33:46.1397101Z ##[group]Create local container network
2025-08-21T19:33:46.1406880Z ##[command]/usr/bin/docker network create --label c8de39 github_network_c27314fa2d434042bf7604d9c4babea4
2025-08-21T19:33:46.1888532Z 02a59fa191e43511ecdb5075823ac56f2d6fc6bc7f99412a541f027d89892583
2025-08-21T19:33:46.1906387Z ##[endgroup]
2025-08-21T19:33:46.1930004Z ##[group]Starting postgres service container
2025-08-21T19:33:46.1949489Z ##[command]/usr/bin/docker pull postgres:15
2025-08-21T19:33:46.4057583Z 15: Pulling from library/postgres
2025-08-21T19:33:46.4585663Z 396b1da7636e: Pulling fs layer
2025-08-21T19:33:46.4586541Z fca2566eba32: Pulling fs layer
2025-08-21T19:33:46.4587354Z 631fe8c6d606: Pulling fs layer
2025-08-21T19:33:46.4588136Z 77c7671c4414: Pulling fs layer
2025-08-21T19:33:46.4589314Z 2d9e29180a27: Pulling fs layer
2025-08-21T19:33:46.4590112Z c6bcc2c9a041: Pulling fs layer
2025-08-21T19:33:46.4590979Z ac4b721eb66f: Pulling fs layer
2025-08-21T19:33:46.4591794Z 606bd164980e: Pulling fs layer
2025-08-21T19:33:46.4592272Z f5dfd246bc6e: Pulling fs layer
2025-08-21T19:33:46.4592818Z ba7036bb0a60: Pulling fs layer
2025-08-21T19:33:46.4593370Z 799f859abbbd: Pulling fs layer
2025-08-21T19:33:46.4593845Z d903e777080c: Pulling fs layer
2025-08-21T19:33:46.4594301Z 04adcb462801: Pulling fs layer
2025-08-21T19:33:46.4594805Z 5c10925b29ff: Pulling fs layer
2025-08-21T19:33:46.4595458Z 77c7671c4414: Waiting
2025-08-21T19:33:46.4595897Z 2d9e29180a27: Waiting
2025-08-21T19:33:46.4596287Z c6bcc2c9a041: Waiting
2025-08-21T19:33:46.4596672Z ac4b721eb66f: Waiting
2025-08-21T19:33:46.4597056Z 606bd164980e: Waiting
2025-08-21T19:33:46.4597442Z f5dfd246bc6e: Waiting
2025-08-21T19:33:46.4597822Z 04adcb462801: Waiting
2025-08-21T19:33:46.4598196Z 5c10925b29ff: Waiting
2025-08-21T19:33:46.4598583Z ba7036bb0a60: Waiting
2025-08-21T19:33:46.4598970Z 799f859abbbd: Waiting
2025-08-21T19:33:46.5137025Z fca2566eba32: Verifying Checksum
2025-08-21T19:33:46.5138235Z fca2566eba32: Download complete
2025-08-21T19:33:46.7929151Z 631fe8c6d606: Verifying Checksum
2025-08-21T19:33:46.7930250Z 631fe8c6d606: Download complete
2025-08-21T19:33:46.8155340Z 77c7671c4414: Verifying Checksum
2025-08-21T19:33:46.8156546Z 77c7671c4414: Download complete
2025-08-21T19:33:46.8836161Z c6bcc2c9a041: Verifying Checksum
2025-08-21T19:33:46.8837381Z c6bcc2c9a041: Download complete
2025-08-21T19:33:46.9262822Z ac4b721eb66f: Verifying Checksum
2025-08-21T19:33:46.9264223Z ac4b721eb66f: Download complete
2025-08-21T19:33:46.9665427Z 2d9e29180a27: Verifying Checksum
2025-08-21T19:33:46.9666351Z 2d9e29180a27: Download complete
2025-08-21T19:33:46.9799254Z 606bd164980e: Verifying Checksum
2025-08-21T19:33:46.9800483Z 606bd164980e: Download complete
2025-08-21T19:33:47.0072823Z 396b1da7636e: Verifying Checksum
2025-08-21T19:33:47.0074093Z 396b1da7636e: Download complete
2025-08-21T19:33:47.0326877Z ba7036bb0a60: Verifying Checksum
2025-08-21T19:33:47.0328257Z ba7036bb0a60: Download complete
2025-08-21T19:33:47.0848196Z d903e777080c: Verifying Checksum
2025-08-21T19:33:47.0851037Z d903e777080c: Download complete
2025-08-21T19:33:47.1487522Z 799f859abbbd: Download complete
2025-08-21T19:33:47.2189980Z 5c10925b29ff: Verifying Checksum
2025-08-21T19:33:47.2191197Z 5c10925b29ff: Download complete
2025-08-21T19:33:47.2628586Z 04adcb462801: Verifying Checksum
2025-08-21T19:33:47.2629447Z 04adcb462801: Download complete
2025-08-21T19:33:47.9968688Z f5dfd246bc6e: Verifying Checksum
2025-08-21T19:33:47.9970496Z f5dfd246bc6e: Download complete
2025-08-21T19:33:48.0135059Z 396b1da7636e: Pull complete
2025-08-21T19:33:48.8017172Z fca2566eba32: Pull complete
2025-08-21T19:33:48.9664855Z 631fe8c6d606: Pull complete
2025-08-21T19:33:49.0187750Z 77c7671c4414: Pull complete
2025-08-21T19:33:49.3047200Z 2d9e29180a27: Pull complete
2025-08-21T19:33:49.3836232Z c6bcc2c9a041: Pull complete
2025-08-21T19:33:49.3916579Z ac4b721eb66f: Pull complete
2025-08-21T19:33:49.4034008Z 606bd164980e: Pull complete
2025-08-21T19:33:52.2514818Z f5dfd246bc6e: Pull complete
2025-08-21T19:33:52.2675085Z ba7036bb0a60: Pull complete
2025-08-21T19:33:52.2774370Z 799f859abbbd: Pull complete
2025-08-21T19:33:52.2869369Z d903e777080c: Pull complete
2025-08-21T19:33:52.2968148Z 04adcb462801: Pull complete
2025-08-21T19:33:52.3069433Z 5c10925b29ff: Pull complete
2025-08-21T19:33:52.3112091Z Digest: sha256:bc51cf4f1fe02cce7ed2370b20128a9b00b4eb804573a77d2a0d877aaa9c82b1
2025-08-21T19:33:52.3124888Z Status: Downloaded newer image for postgres:15
2025-08-21T19:33:52.3133298Z docker.io/library/postgres:15
2025-08-21T19:33:52.3191927Z ##[command]/usr/bin/docker create --name 8bfa4864442b4feeadfdff83455ceaa3_postgres15_b21402 --label c8de39 --network github_network_c27314fa2d434042bf7604d9c4babea4 --network-alias postgres -p 5432:5432 --health-cmd="pg_isready -U postgres -d awa" --health-interval=5s --health-timeout=5s --health-retries=10 -e "POSTGRES_USER=postgres" -e "POSTGRES_PASSWORD=pass" -e "POSTGRES_DB=awa" -e GITHUB_ACTIONS=true -e CI=true postgres:15
2025-08-21T19:33:52.3425743Z 28279314d9cf3448e77adbdd446896c9e8cc80e5fa44f19369c254761c34e29b
2025-08-21T19:33:52.3447249Z ##[command]/usr/bin/docker start 28279314d9cf3448e77adbdd446896c9e8cc80e5fa44f19369c254761c34e29b
2025-08-21T19:33:52.4995172Z 28279314d9cf3448e77adbdd446896c9e8cc80e5fa44f19369c254761c34e29b
2025-08-21T19:33:52.5014606Z ##[command]/usr/bin/docker ps --all --filter id=28279314d9cf3448e77adbdd446896c9e8cc80e5fa44f19369c254761c34e29b --filter status=running --no-trunc --format "{{.ID}} {{.Status}}"
2025-08-21T19:33:52.5134856Z 28279314d9cf3448e77adbdd446896c9e8cc80e5fa44f19369c254761c34e29b Up Less than a second (health: starting)
2025-08-21T19:33:52.5158980Z ##[command]/usr/bin/docker port 28279314d9cf3448e77adbdd446896c9e8cc80e5fa44f19369c254761c34e29b
2025-08-21T19:33:52.5278343Z 5432/tcp -> 0.0.0.0:5432
2025-08-21T19:33:52.5278743Z 5432/tcp -> [::]:5432
2025-08-21T19:33:52.5327738Z ##[endgroup]
2025-08-21T19:33:52.5328678Z ##[group]Starting redis service container
2025-08-21T19:33:52.5329810Z ##[command]/usr/bin/docker pull redis:7-alpine
2025-08-21T19:33:52.7107163Z 7-alpine: Pulling from library/redis
2025-08-21T19:33:52.7625212Z 0368fd46e3c6: Pulling fs layer
2025-08-21T19:33:52.7626430Z 4c55286bbede: Pulling fs layer
2025-08-21T19:33:52.7633880Z 5e28347af205: Pulling fs layer
2025-08-21T19:33:52.7634309Z 311eca34042e: Pulling fs layer
2025-08-21T19:33:52.7634722Z e6fe6f07e192: Pulling fs layer
2025-08-21T19:33:52.7635159Z a2cadbfeca72: Pulling fs layer
2025-08-21T19:33:52.7635725Z 4f4fb700ef54: Pulling fs layer
2025-08-21T19:33:52.7636099Z a976ed7e7808: Pulling fs layer
2025-08-21T19:33:52.7636452Z 311eca34042e: Waiting
2025-08-21T19:33:52.7636787Z e6fe6f07e192: Waiting
2025-08-21T19:33:52.7637104Z a2cadbfeca72: Waiting
2025-08-21T19:33:52.7637432Z 4f4fb700ef54: Waiting
2025-08-21T19:33:52.7637773Z a976ed7e7808: Waiting
2025-08-21T19:33:52.8259138Z 4c55286bbede: Verifying Checksum
2025-08-21T19:33:52.8261655Z 4c55286bbede: Download complete
2025-08-21T19:33:52.8306117Z 5e28347af205: Verifying Checksum
2025-08-21T19:33:52.8306779Z 5e28347af205: Download complete
2025-08-21T19:33:52.8403418Z 0368fd46e3c6: Verifying Checksum
2025-08-21T19:33:52.8411510Z 0368fd46e3c6: Download complete
2025-08-21T19:33:52.8957169Z 311eca34042e: Verifying Checksum
2025-08-21T19:33:52.8957626Z 311eca34042e: Download complete
2025-08-21T19:33:52.9025637Z a2cadbfeca72: Verifying Checksum
2025-08-21T19:33:52.9027379Z a2cadbfeca72: Download complete
2025-08-21T19:33:52.9483370Z 4f4fb700ef54: Verifying Checksum
2025-08-21T19:33:52.9488508Z 4f4fb700ef54: Download complete
2025-08-21T19:33:52.9629943Z e6fe6f07e192: Verifying Checksum
2025-08-21T19:33:52.9631197Z e6fe6f07e192: Download complete
2025-08-21T19:33:52.9699093Z a976ed7e7808: Verifying Checksum
2025-08-21T19:33:52.9700558Z a976ed7e7808: Download complete
2025-08-21T19:33:52.9763280Z 0368fd46e3c6: Pull complete
2025-08-21T19:33:53.0052315Z 4c55286bbede: Pull complete
2025-08-21T19:33:53.1898904Z 5e28347af205: Pull complete
2025-08-21T19:33:53.2188457Z 311eca34042e: Pull complete
2025-08-21T19:33:53.4112183Z e6fe6f07e192: Pull complete
2025-08-21T19:33:53.4194042Z a2cadbfeca72: Pull complete
2025-08-21T19:33:53.4278463Z 4f4fb700ef54: Pull complete
2025-08-21T19:33:53.4381337Z a976ed7e7808: Pull complete
2025-08-21T19:33:53.4416433Z Digest: sha256:bb186d083732f669da90be8b0f975a37812b15e913465bb14d845db72a4e3e08
2025-08-21T19:33:53.4427664Z Status: Downloaded newer image for redis:7-alpine
2025-08-21T19:33:53.4436053Z docker.io/library/redis:7-alpine
2025-08-21T19:33:53.4453166Z ##[command]/usr/bin/docker create --name 2ea2bd7ab55246fb921246d1dbd24611_redis7alpine_24ed8e --label c8de39 --network github_network_c27314fa2d434042bf7604d9c4babea4 --network-alias redis -p 6379:6379  -e GITHUB_ACTIONS=true -e CI=true redis:7-alpine
2025-08-21T19:33:53.4713594Z 86f342223f0b336045adcf5143e212ced680e698bb68ca4f50ba2d609db8bef5
2025-08-21T19:33:53.4736251Z ##[command]/usr/bin/docker start 86f342223f0b336045adcf5143e212ced680e698bb68ca4f50ba2d609db8bef5
2025-08-21T19:33:53.6029988Z 86f342223f0b336045adcf5143e212ced680e698bb68ca4f50ba2d609db8bef5
2025-08-21T19:33:53.6048887Z ##[command]/usr/bin/docker ps --all --filter id=86f342223f0b336045adcf5143e212ced680e698bb68ca4f50ba2d609db8bef5 --filter status=running --no-trunc --format "{{.ID}} {{.Status}}"
2025-08-21T19:33:53.6165777Z 86f342223f0b336045adcf5143e212ced680e698bb68ca4f50ba2d609db8bef5 Up Less than a second
2025-08-21T19:33:53.6179604Z ##[command]/usr/bin/docker port 86f342223f0b336045adcf5143e212ced680e698bb68ca4f50ba2d609db8bef5
2025-08-21T19:33:53.6288707Z 6379/tcp -> 0.0.0.0:6379
2025-08-21T19:33:53.6289416Z 6379/tcp -> [::]:6379
2025-08-21T19:33:53.6301904Z ##[endgroup]
2025-08-21T19:33:53.6312518Z ##[group]Waiting for all services to be ready
2025-08-21T19:33:53.6325914Z ##[command]/usr/bin/docker inspect --format="{{if .Config.Healthcheck}}{{print .State.Health.Status}}{{end}}" 28279314d9cf3448e77adbdd446896c9e8cc80e5fa44f19369c254761c34e29b
2025-08-21T19:33:53.6433403Z starting
2025-08-21T19:33:53.6453669Z postgres service is starting, waiting 2 seconds before checking again.
2025-08-21T19:33:55.6454935Z ##[command]/usr/bin/docker inspect --format="{{if .Config.Healthcheck}}{{print .State.Health.Status}}{{end}}" 28279314d9cf3448e77adbdd446896c9e8cc80e5fa44f19369c254761c34e29b
2025-08-21T19:33:55.6573024Z starting
2025-08-21T19:33:55.6586402Z postgres service is starting, waiting 4 seconds before checking again.
2025-08-21T19:33:59.7346476Z ##[command]/usr/bin/docker inspect --format="{{if .Config.Healthcheck}}{{print .State.Health.Status}}{{end}}" 28279314d9cf3448e77adbdd446896c9e8cc80e5fa44f19369c254761c34e29b
2025-08-21T19:33:59.7463318Z healthy
2025-08-21T19:33:59.7479157Z postgres service is healthy.
2025-08-21T19:33:59.7479918Z ##[command]/usr/bin/docker inspect --format="{{if .Config.Healthcheck}}{{print .State.Health.Status}}{{end}}" 86f342223f0b336045adcf5143e212ced680e698bb68ca4f50ba2d609db8bef5
2025-08-21T19:33:59.7603390Z redis service is healthy.
2025-08-21T19:33:59.7604015Z ##[endgroup]
2025-08-21T19:33:59.7902367Z ##[group]Run actions/checkout@v5
2025-08-21T19:33:59.7902880Z with:
2025-08-21T19:33:59.7903078Z   repository: AlexBomber12/AWA-App
2025-08-21T19:33:59.7903437Z   token: ***
2025-08-21T19:33:59.7903612Z   ssh-strict: true
2025-08-21T19:33:59.7903784Z   ssh-user: git
2025-08-21T19:33:59.7903975Z   persist-credentials: true
2025-08-21T19:33:59.7904171Z   clean: true
2025-08-21T19:33:59.7904356Z   sparse-checkout-cone-mode: true
2025-08-21T19:33:59.7904583Z   fetch-depth: 1
2025-08-21T19:33:59.7904747Z   fetch-tags: false
2025-08-21T19:33:59.7904923Z   show-progress: true
2025-08-21T19:33:59.7905096Z   lfs: false
2025-08-21T19:33:59.7905449Z   submodules: false
2025-08-21T19:33:59.7905742Z   set-safe-directory: true
2025-08-21T19:33:59.7906206Z env:
2025-08-21T19:33:59.7906417Z   REDIS_URL: redis://localhost:6379/0
2025-08-21T19:33:59.7906695Z   RATE_LIMIT_DEFAULT: 100/minute
2025-08-21T19:33:59.7906903Z   TRUST_X_FORWARDED: 1
2025-08-21T19:33:59.7907087Z ##[endgroup]
2025-08-21T19:33:59.8821761Z Syncing repository: AlexBomber12/AWA-App
2025-08-21T19:33:59.8823246Z ##[group]Getting Git version info
2025-08-21T19:33:59.8823591Z Working directory is '/home/runner/work/AWA-App/AWA-App'
2025-08-21T19:33:59.8824215Z [command]/usr/bin/git version
2025-08-21T19:33:59.8834819Z git version 2.51.0
2025-08-21T19:33:59.8854613Z ##[endgroup]
2025-08-21T19:33:59.8867424Z Temporarily overriding HOME='/home/runner/work/_temp/166eaee4-7e0b-4e91-915d-a51b416b96ae' before making global git config changes
2025-08-21T19:33:59.8868205Z Adding repository directory to the temporary git global config as a safe directory
2025-08-21T19:33:59.8871803Z [command]/usr/bin/git config --global --add safe.directory /home/runner/work/AWA-App/AWA-App
2025-08-21T19:33:59.8904210Z Deleting the contents of '/home/runner/work/AWA-App/AWA-App'
2025-08-21T19:33:59.8907682Z ##[group]Initializing the repository
2025-08-21T19:33:59.8911811Z [command]/usr/bin/git init /home/runner/work/AWA-App/AWA-App
2025-08-21T19:33:59.8967347Z hint: Using 'master' as the name for the initial branch. This default branch name
2025-08-21T19:33:59.8968177Z hint: is subject to change. To configure the initial branch name to use in all
2025-08-21T19:33:59.8968975Z hint: of your new repositories, which will suppress this warning, call:
2025-08-21T19:33:59.8969398Z hint:
2025-08-21T19:33:59.8969684Z hint: 	git config --global init.defaultBranch <name>
2025-08-21T19:33:59.8969969Z hint:
2025-08-21T19:33:59.8970237Z hint: Names commonly chosen instead of 'master' are 'main', 'trunk' and
2025-08-21T19:33:59.8971028Z hint: 'development'. The just-created branch can be renamed via this command:
2025-08-21T19:33:59.8971643Z hint:
2025-08-21T19:33:59.8971963Z hint: 	git branch -m <name>
2025-08-21T19:33:59.8972334Z hint:
2025-08-21T19:33:59.8972833Z hint: Disable this message with "git config set advice.defaultBranchName false"
2025-08-21T19:33:59.8973739Z Initialized empty Git repository in /home/runner/work/AWA-App/AWA-App/.git/
2025-08-21T19:33:59.8980329Z [command]/usr/bin/git remote add origin https://github.com/AlexBomber12/AWA-App
2025-08-21T19:33:59.9012107Z ##[endgroup]
2025-08-21T19:33:59.9012686Z ##[group]Disabling automatic garbage collection
2025-08-21T19:33:59.9016759Z [command]/usr/bin/git config --local gc.auto 0
2025-08-21T19:33:59.9044213Z ##[endgroup]
2025-08-21T19:33:59.9044795Z ##[group]Setting up auth
2025-08-21T19:33:59.9051163Z [command]/usr/bin/git config --local --name-only --get-regexp core\.sshCommand
2025-08-21T19:33:59.9081004Z [command]/usr/bin/git submodule foreach --recursive sh -c "git config --local --name-only --get-regexp 'core\.sshCommand' && git config --local --unset-all 'core.sshCommand' || :"
2025-08-21T19:33:59.9332047Z [command]/usr/bin/git config --local --name-only --get-regexp http\.https\:\/\/github\.com\/\.extraheader
2025-08-21T19:33:59.9359690Z [command]/usr/bin/git submodule foreach --recursive sh -c "git config --local --name-only --get-regexp 'http\.https\:\/\/github\.com\/\.extraheader' && git config --local --unset-all 'http.https://github.com/.extraheader' || :"
2025-08-21T19:33:59.9574622Z [command]/usr/bin/git config --local http.https://github.com/.extraheader AUTHORIZATION: basic ***
2025-08-21T19:33:59.9606798Z ##[endgroup]
2025-08-21T19:33:59.9607303Z ##[group]Fetching the repository
2025-08-21T19:33:59.9615185Z [command]/usr/bin/git -c protocol.version=2 fetch --no-tags --prune --no-recurse-submodules --depth=1 origin +6e3b4d7ca09e3fad618e40f3a5855a76c69a3488:refs/remotes/origin/main
2025-08-21T19:34:00.1411352Z From https://github.com/AlexBomber12/AWA-App
2025-08-21T19:34:00.1411960Z  * [new ref]         6e3b4d7ca09e3fad618e40f3a5855a76c69a3488 -> origin/main
2025-08-21T19:34:00.1440770Z ##[endgroup]
2025-08-21T19:34:00.1441306Z ##[group]Determining the checkout info
2025-08-21T19:34:00.1442927Z ##[endgroup]
2025-08-21T19:34:00.1447701Z [command]/usr/bin/git sparse-checkout disable
2025-08-21T19:34:00.1484372Z [command]/usr/bin/git config --local --unset-all extensions.worktreeConfig
2025-08-21T19:34:00.1513038Z ##[group]Checking out the ref
2025-08-21T19:34:00.1516701Z [command]/usr/bin/git checkout --progress --force -B main refs/remotes/origin/main
2025-08-21T19:34:00.1741070Z Switched to a new branch 'main'
2025-08-21T19:34:00.1744274Z branch 'main' set up to track 'origin/main'.
2025-08-21T19:34:00.1751298Z ##[endgroup]
2025-08-21T19:34:00.1787881Z [command]/usr/bin/git log -1 --format=%H
2025-08-21T19:34:00.1810309Z 6e3b4d7ca09e3fad618e40f3a5855a76c69a3488
2025-08-21T19:34:00.2003260Z ##[group]Run cat .env.ci >> "$GITHUB_ENV"
2025-08-21T19:34:00.2003585Z [36;1mcat .env.ci >> "$GITHUB_ENV"[0m
2025-08-21T19:34:00.2004265Z [36;1mecho "DATABASE_URL=***localhost:5432/awa" >> "$GITHUB_ENV"[0m
2025-08-21T19:34:00.2004606Z [36;1mecho "PG_HOST=localhost" >> "$GITHUB_ENV"[0m
2025-08-21T19:34:00.2004894Z [36;1mecho "PG_PORT=5432" >> "$GITHUB_ENV"[0m
2025-08-21T19:34:00.2005583Z [36;1mecho "PG_USER=postgres" >> "$GITHUB_ENV"[0m
2025-08-21T19:34:00.2005867Z [36;1mecho "PG_PASSWORD=pass" >> "$GITHUB_ENV"[0m
2025-08-21T19:34:00.2006137Z [36;1mecho "PG_DATABASE=awa" >> "$GITHUB_ENV"[0m
2025-08-21T19:34:00.2049157Z shell: /usr/bin/bash -e {0}
2025-08-21T19:34:00.2049387Z env:
2025-08-21T19:34:00.2049585Z   REDIS_URL: redis://localhost:6379/0
2025-08-21T19:34:00.2049835Z   RATE_LIMIT_DEFAULT: 100/minute
2025-08-21T19:34:00.2050053Z   TRUST_X_FORWARDED: 1
2025-08-21T19:34:00.2050231Z ##[endgroup]
2025-08-21T19:34:00.2219222Z ##[group]Run actions/setup-python@v5
2025-08-21T19:34:00.2219499Z with:
2025-08-21T19:34:00.2219668Z   python-version: 3.12
2025-08-21T19:34:00.2219880Z   cache: pip
2025-08-21T19:34:00.2220093Z   cache-dependency-path: requirements-dev.txt
2025-08-21T19:34:00.2220368Z   check-latest: false
2025-08-21T19:34:00.2220676Z   token: ***
2025-08-21T19:34:00.2220865Z   update-environment: true
2025-08-21T19:34:00.2221077Z   allow-prereleases: false
2025-08-21T19:34:00.2221293Z   freethreaded: false
2025-08-21T19:34:00.2221472Z env:
2025-08-21T19:34:00.2221651Z   REDIS_URL: redis://localhost:6379/0
2025-08-21T19:34:00.2221896Z   RATE_LIMIT_DEFAULT: 100/minute
2025-08-21T19:34:00.2222102Z   TRUST_X_FORWARDED: 1
2025-08-21T19:34:00.2222287Z   PG_USER: postgres
2025-08-21T19:34:00.2222468Z   PG_PASSWORD: pass
2025-08-21T19:34:00.2222643Z   PG_DATABASE: awa
2025-08-21T19:34:00.2222810Z   PG_HOST: localhost
2025-08-21T19:34:00.2222987Z   PG_PORT: 5432
2025-08-21T19:34:00.2223392Z   PG_SYNC_DSN: ***localhost:5432/awa
2025-08-21T19:34:00.2223769Z   PG_ASYNC_DSN: ***localhost:5432/awa
2025-08-21T19:34:00.2224157Z   DATABASE_URL: ***localhost:5432/awa
2025-08-21T19:34:00.2224377Z   DATA_DIR: /tmp/awa-data
2025-08-21T19:34:00.2224567Z   ENABLE_LIVE: 0
2025-08-21T19:34:00.2224728Z   TESTING: 1
2025-08-21T19:34:00.2224886Z ##[endgroup]
2025-08-21T19:34:00.3840209Z ##[group]Installed versions
2025-08-21T19:34:00.3920268Z Successfully set up CPython (3.12.11)
2025-08-21T19:34:00.3920949Z ##[endgroup]
2025-08-21T19:34:00.4187862Z [command]/opt/hostedtoolcache/Python/3.12.11/x64/bin/pip cache dir
2025-08-21T19:34:00.6340883Z /home/runner/.cache/pip
2025-08-21T19:34:00.7617867Z Cache hit for: setup-python-Linux-x64-24.04-Ubuntu-python-3.12.11-pip-cc13ccef493b9f3a93ad5651164d9fb09282c1111f6f72ce20e0657de16de6b4
2025-08-21T19:34:01.8235992Z Received 230686720 of 376053341 (61.3%), 219.8 MBs/sec
2025-08-21T19:34:02.4636695Z Received 376053341 of 376053341 (100.0%), 218.5 MBs/sec
2025-08-21T19:34:02.4639317Z Cache Size: ~359 MB (376053341 B)
2025-08-21T19:34:02.4759669Z [command]/usr/bin/tar -xf /home/runner/work/_temp/931a4324-10c9-452b-afc7-fd36fe2cc15b/cache.tzst -P -C /home/runner/work/AWA-App/AWA-App --use-compress-program unzstd
2025-08-21T19:34:03.1470428Z Cache restored successfully
2025-08-21T19:34:03.2182066Z Cache restored from key: setup-python-Linux-x64-24.04-Ubuntu-python-3.12.11-pip-cc13ccef493b9f3a93ad5651164d9fb09282c1111f6f72ce20e0657de16de6b4
2025-08-21T19:34:03.2353208Z ##[group]Run pip install --break-system-packages -r requirements-dev.txt
2025-08-21T19:34:03.2353716Z [36;1mpip install --break-system-packages -r requirements-dev.txt[0m
2025-08-21T19:34:03.2354150Z [36;1mpip install --break-system-packages keepa==1.3.15 minio==7.1.15[0m
2025-08-21T19:34:03.2398947Z shell: /usr/bin/bash -e {0}
2025-08-21T19:34:03.2399168Z env:
2025-08-21T19:34:03.2399393Z   REDIS_URL: redis://localhost:6379/0
2025-08-21T19:34:03.2399661Z   RATE_LIMIT_DEFAULT: 100/minute
2025-08-21T19:34:03.2399881Z   TRUST_X_FORWARDED: 1
2025-08-21T19:34:03.2400079Z   PG_USER: postgres
2025-08-21T19:34:03.2400274Z   PG_PASSWORD: pass
2025-08-21T19:34:03.2400455Z   PG_DATABASE: awa
2025-08-21T19:34:03.2400638Z   PG_HOST: localhost
2025-08-21T19:34:03.2400828Z   PG_PORT: 5432
2025-08-21T19:34:03.2401330Z   PG_SYNC_DSN: ***localhost:5432/awa
2025-08-21T19:34:03.2401790Z   PG_ASYNC_DSN: ***localhost:5432/awa
2025-08-21T19:34:03.2402182Z   DATABASE_URL: ***localhost:5432/awa
2025-08-21T19:34:03.2402622Z   DATA_DIR: /tmp/awa-data
2025-08-21T19:34:03.2402828Z   ENABLE_LIVE: 0
2025-08-21T19:34:03.2403008Z   TESTING: 1
2025-08-21T19:34:03.2403240Z   pythonLocation: /opt/hostedtoolcache/Python/3.12.11/x64
2025-08-21T19:34:03.2403643Z   PKG_CONFIG_PATH: /opt/hostedtoolcache/Python/3.12.11/x64/lib/pkgconfig
2025-08-21T19:34:03.2404021Z   Python_ROOT_DIR: /opt/hostedtoolcache/Python/3.12.11/x64
2025-08-21T19:34:03.2404365Z   Python2_ROOT_DIR: /opt/hostedtoolcache/Python/3.12.11/x64
2025-08-21T19:34:03.2404849Z   Python3_ROOT_DIR: /opt/hostedtoolcache/Python/3.12.11/x64
2025-08-21T19:34:03.2405449Z   LD_LIBRARY_PATH: /opt/hostedtoolcache/Python/3.12.11/x64/lib
2025-08-21T19:34:03.2405740Z ##[endgroup]
2025-08-21T19:34:03.7887407Z Collecting Jinja2==3.1.6 (from -r requirements-dev.txt (line 2))
2025-08-21T19:34:03.7900113Z   Using cached jinja2-3.1.6-py3-none-any.whl.metadata (2.9 kB)
2025-08-21T19:34:03.8109050Z Collecting alembic==1.16.4 (from -r requirements-dev.txt (line 3))
2025-08-21T19:34:03.8120928Z   Using cached alembic-1.16.4-py3-none-any.whl.metadata (7.3 kB)
2025-08-21T19:34:03.8278514Z Collecting apscheduler==3.10.4 (from -r requirements-dev.txt (line 4))
2025-08-21T19:34:03.8289991Z   Using cached APScheduler-3.10.4-py3-none-any.whl.metadata (5.7 kB)
2025-08-21T19:34:03.8431805Z Collecting asgi-correlation-id==4.3.1 (from -r requirements-dev.txt (line 5))
2025-08-21T19:34:03.8443246Z   Using cached asgi_correlation_id-4.3.1-py3-none-any.whl.metadata (28 kB)
2025-08-21T19:34:03.8840107Z Collecting asyncpg==0.30.0 (from -r requirements-dev.txt (line 6))
2025-08-21T19:34:03.8852090Z   Using cached asyncpg-0.30.0-cp312-cp312-manylinux_2_17_x86_64.manylinux2014_x86_64.whl.metadata (5.0 kB)
2025-08-21T19:34:03.9273100Z Collecting black==25.1.0 (from -r requirements-dev.txt (line 7))
2025-08-21T19:34:03.9284899Z   Using cached black-25.1.0-cp312-cp312-manylinux_2_17_x86_64.manylinux2014_x86_64.manylinux_2_28_x86_64.whl.metadata (81 kB)
2025-08-21T19:34:04.3903570Z Collecting boto3 (from -r requirements-dev.txt (line 8))
2025-08-21T19:34:04.4281368Z   Downloading boto3-1.40.15-py3-none-any.whl.metadata (6.7 kB)
2025-08-21T19:34:04.4601880Z Collecting redis==6.* (from -r requirements-dev.txt (line 9))
2025-08-21T19:34:04.4613355Z   Using cached redis-6.4.0-py3-none-any.whl.metadata (10 kB)
2025-08-21T19:34:04.4917284Z Collecting minio==7.* (from -r requirements-dev.txt (line 10))
2025-08-21T19:34:04.4928340Z   Using cached minio-7.2.16-py3-none-any.whl.metadata (6.5 kB)
2025-08-21T19:34:04.5055615Z Collecting vulture==2.10 (from -r requirements-dev.txt (line 11))
2025-08-21T19:34:04.5066914Z   Using cached vulture-2.10-py2.py3-none-any.whl.metadata (23 kB)
2025-08-21T19:34:04.5361323Z Collecting celery==5.5.3 (from -r requirements-dev.txt (line 12))
2025-08-21T19:34:04.5378982Z   Using cached celery-5.5.3-py3-none-any.whl.metadata (22 kB)
2025-08-21T19:34:04.5943902Z Collecting fastapi==0.116.1 (from -r requirements-dev.txt (line 13))
2025-08-21T19:34:04.5960981Z   Using cached fastapi-0.116.1-py3-none-any.whl.metadata (28 kB)
2025-08-21T19:34:04.6094334Z Collecting fastapi-limiter==0.1.6 (from -r requirements-dev.txt (line 15))
2025-08-21T19:34:04.6106004Z   Using cached fastapi_limiter-0.1.6-py3-none-any.whl.metadata (5.3 kB)
2025-08-21T19:34:04.6292806Z Collecting httpx<0.29,>=0.27 (from -r requirements-dev.txt (line 16))
2025-08-21T19:34:04.6304467Z   Using cached httpx-0.28.1-py3-none-any.whl.metadata (7.1 kB)
2025-08-21T19:34:04.6422891Z Collecting imapclient==3.0.1 (from -r requirements-dev.txt (line 17))
2025-08-21T19:34:04.6434361Z   Using cached IMAPClient-3.0.1-py2.py3-none-any.whl.metadata (1.7 kB)
2025-08-21T19:34:04.6520115Z Collecting itsdangerous (from -r requirements-dev.txt (line 18))
2025-08-21T19:34:04.6531622Z   Using cached itsdangerous-2.2.0-py3-none-any.whl.metadata (1.9 kB)
2025-08-21T19:34:04.7608125Z Collecting mypy==1.* (from -r requirements-dev.txt (line 19))
2025-08-21T19:34:04.7619783Z   Using cached mypy-1.17.1-cp312-cp312-manylinux2014_x86_64.manylinux_2_17_x86_64.manylinux_2_28_x86_64.whl.metadata (2.2 kB)
2025-08-21T19:34:04.7707925Z Collecting mypy-extensions==1.1.0 (from -r requirements-dev.txt (line 20))
2025-08-21T19:34:04.7719265Z   Using cached mypy_extensions-1.1.0-py3-none-any.whl.metadata (1.1 kB)
2025-08-21T19:34:04.9489072Z Collecting numpy<2 (from -r requirements-dev.txt (line 21))
2025-08-21T19:34:04.9501771Z   Using cached numpy-1.26.4-cp312-cp312-manylinux_2_17_x86_64.manylinux2014_x86_64.whl.metadata (61 kB)
2025-08-21T19:34:04.9740659Z Collecting openpyxl==3.1.5 (from -r requirements-dev.txt (line 22))
2025-08-21T19:34:04.9752155Z   Using cached openpyxl-3.1.5-py2.py3-none-any.whl.metadata (2.5 kB)
2025-08-21T19:34:05.0859130Z Collecting pandas==2.2.* (from -r requirements-dev.txt (line 23))
2025-08-21T19:34:05.0870939Z   Using cached pandas-2.2.3-cp312-cp312-manylinux_2_17_x86_64.manylinux2014_x86_64.whl.metadata (89 kB)
2025-08-21T19:34:05.1764887Z Collecting psycopg2-binary==2.9.10 (from -r requirements-dev.txt (line 24))
2025-08-21T19:34:05.1776431Z   Using cached psycopg2_binary-2.9.10-cp312-cp312-manylinux_2_17_x86_64.manylinux2014_x86_64.whl.metadata (4.9 kB)
2025-08-21T19:34:05.1919234Z Collecting psycopg==3.2.9 (from psycopg[binary]==3.2.9->-r requirements-dev.txt (line 25))
2025-08-21T19:34:05.1930350Z   Using cached psycopg-3.2.9-py3-none-any.whl.metadata (4.5 kB)
2025-08-21T19:34:05.2973568Z Collecting pydantic==2.11.7 (from -r requirements-dev.txt (line 26))
2025-08-21T19:34:05.2984817Z   Using cached pydantic-2.11.7-py3-none-any.whl.metadata (67 kB)
2025-08-21T19:34:05.4227560Z Collecting setuptools (from -r requirements-dev.txt (line 27))
2025-08-21T19:34:05.4239472Z   Using cached setuptools-80.9.0-py3-none-any.whl.metadata (6.6 kB)
2025-08-21T19:34:05.4475801Z Collecting pytest-asyncio==1.1.0 (from -r requirements-dev.txt (line 28))
2025-08-21T19:34:05.4486965Z   Using cached pytest_asyncio-1.1.0-py3-none-any.whl.metadata (4.1 kB)
2025-08-21T19:34:05.4621726Z Collecting pytest-cov==6.2.1 (from -r requirements-dev.txt (line 29))
2025-08-21T19:34:05.4633312Z   Using cached pytest_cov-6.2.1-py3-none-any.whl.metadata (30 kB)
2025-08-21T19:34:05.4794340Z Collecting pytest-postgresql==7.0.2 (from -r requirements-dev.txt (line 30))
2025-08-21T19:34:05.4806015Z   Using cached pytest_postgresql-7.0.2-py3-none-any.whl.metadata (18 kB)
2025-08-21T19:34:05.4964687Z Collecting python-dotenv (from -r requirements-dev.txt (line 31))
2025-08-21T19:34:05.4976556Z   Using cached python_dotenv-1.1.1-py3-none-any.whl.metadata (24 kB)
2025-08-21T19:34:05.5088846Z Collecting python-multipart (from -r requirements-dev.txt (line 32))
2025-08-21T19:34:05.5100324Z   Using cached python_multipart-0.0.20-py3-none-any.whl.metadata (1.8 kB)
2025-08-21T19:34:05.5371712Z Collecting python-telegram-bot==22.3 (from -r requirements-dev.txt (line 33))
2025-08-21T19:34:05.5383235Z   Using cached python_telegram_bot-22.3-py3-none-any.whl.metadata (17 kB)
2025-08-21T19:34:05.5652006Z Collecting requests==2.32.4 (from -r requirements-dev.txt (line 34))
2025-08-21T19:34:05.5663791Z   Using cached requests-2.32.4-py3-none-any.whl.metadata (4.9 kB)
2025-08-21T19:34:05.5813369Z Collecting respx==0.22.0 (from -r requirements-dev.txt (line 35))
2025-08-21T19:34:05.5824730Z   Using cached respx-0.22.0-py2.py3-none-any.whl.metadata (4.1 kB)
2025-08-21T19:34:05.9426059Z Collecting ruff==0.9.9 (from -r requirements-dev.txt (line 36))
2025-08-21T19:34:05.9439408Z   Using cached ruff-0.9.9-py3-none-manylinux_2_17_x86_64.manylinux2014_x86_64.whl.metadata (25 kB)
2025-08-21T19:34:06.1940662Z Collecting sqlalchemy==2.0.43 (from -r requirements-dev.txt (line 37))
2025-08-21T19:34:06.1954222Z   Using cached sqlalchemy-2.0.43-cp312-cp312-manylinux_2_17_x86_64.manylinux2014_x86_64.whl.metadata (9.6 kB)
2025-08-21T19:34:06.2162119Z Collecting structlog==24.1.0 (from -r requirements-dev.txt (line 38))
2025-08-21T19:34:06.2173550Z   Using cached structlog-24.1.0-py3-none-any.whl.metadata (6.9 kB)
2025-08-21T19:34:06.2338851Z Collecting testcontainers==4.12.0 (from testcontainers[postgres]==4.12.0->-r requirements-dev.txt (line 39))
2025-08-21T19:34:06.2350349Z   Using cached testcontainers-4.12.0-py3-none-any.whl.metadata (8.3 kB)
2025-08-21T19:34:06.2712240Z Collecting types-requests==2.32.4.20250809 (from -r requirements-dev.txt (line 40))
2025-08-21T19:34:06.2723724Z   Using cached types_requests-2.32.4.20250809-py3-none-any.whl.metadata (2.0 kB)
2025-08-21T19:34:06.2843061Z Collecting docspec-python==2.2.2 (from -r requirements-dev.txt (line 41))
2025-08-21T19:34:06.2854398Z   Using cached docspec_python-2.2.2-py3-none-any.whl.metadata (1.0 kB)
2025-08-21T19:34:06.2991651Z Collecting pydoc-markdown==4.8.2 (from -r requirements-dev.txt (line 42))
2025-08-21T19:34:06.3002965Z   Using cached pydoc_markdown-4.8.2-py3-none-any.whl.metadata (5.9 kB)
2025-08-21T19:34:06.3686434Z Collecting pandera==0.19.* (from -r requirements-dev.txt (line 43))
2025-08-21T19:34:06.3699858Z   Using cached pandera-0.19.3-py3-none-any.whl.metadata (15 kB)
2025-08-21T19:34:06.4222896Z Collecting MarkupSafe>=2.0 (from Jinja2==3.1.6->-r requirements-dev.txt (line 2))
2025-08-21T19:34:06.4235073Z   Using cached MarkupSafe-3.0.2-cp312-cp312-manylinux_2_17_x86_64.manylinux2014_x86_64.whl.metadata (4.0 kB)
2025-08-21T19:34:06.4475869Z Collecting Mako (from alembic==1.16.4->-r requirements-dev.txt (line 3))
2025-08-21T19:34:06.4487267Z   Using cached mako-1.3.10-py3-none-any.whl.metadata (2.9 kB)
2025-08-21T19:34:06.4668044Z Collecting typing-extensions>=4.12 (from alembic==1.16.4->-r requirements-dev.txt (line 3))
2025-08-21T19:34:06.4679571Z   Using cached typing_extensions-4.14.1-py3-none-any.whl.metadata (3.0 kB)
2025-08-21T19:34:06.4803891Z Collecting six>=1.4.0 (from apscheduler==3.10.4->-r requirements-dev.txt (line 4))
2025-08-21T19:34:06.4815467Z   Using cached six-1.17.0-py2.py3-none-any.whl.metadata (1.7 kB)
2025-08-21T19:34:06.5140421Z Collecting pytz (from apscheduler==3.10.4->-r requirements-dev.txt (line 4))
2025-08-21T19:34:06.5152116Z   Using cached pytz-2025.2-py2.py3-none-any.whl.metadata (22 kB)
2025-08-21T19:34:06.5302716Z Collecting tzlocal!=3.*,>=2.0 (from apscheduler==3.10.4->-r requirements-dev.txt (line 4))
2025-08-21T19:34:06.5313831Z   Using cached tzlocal-5.3.1-py3-none-any.whl.metadata (7.6 kB)
2025-08-21T19:34:06.5597379Z Collecting starlette>=0.18 (from asgi-correlation-id==4.3.1->-r requirements-dev.txt (line 5))
2025-08-21T19:34:06.5608784Z   Using cached starlette-0.47.2-py3-none-any.whl.metadata (6.2 kB)
2025-08-21T19:34:06.5788512Z Collecting click>=8.0.0 (from black==25.1.0->-r requirements-dev.txt (line 7))
2025-08-21T19:34:06.5799783Z   Using cached click-8.2.1-py3-none-any.whl.metadata (2.5 kB)
2025-08-21T19:34:06.5948743Z Collecting packaging>=22.0 (from black==25.1.0->-r requirements-dev.txt (line 7))
2025-08-21T19:34:06.5960357Z   Using cached packaging-25.0-py3-none-any.whl.metadata (3.3 kB)
2025-08-21T19:34:06.6059726Z Collecting pathspec>=0.9.0 (from black==25.1.0->-r requirements-dev.txt (line 7))
2025-08-21T19:34:06.6071418Z   Using cached pathspec-0.12.1-py3-none-any.whl.metadata (21 kB)
2025-08-21T19:34:06.6244086Z Collecting platformdirs>=2 (from black==25.1.0->-r requirements-dev.txt (line 7))
2025-08-21T19:34:06.6255593Z   Using cached platformdirs-4.3.8-py3-none-any.whl.metadata (12 kB)
2025-08-21T19:34:06.6365849Z Collecting toml (from vulture==2.10->-r requirements-dev.txt (line 11))
2025-08-21T19:34:06.6377363Z   Using cached toml-0.10.2-py2.py3-none-any.whl.metadata (7.1 kB)
2025-08-21T19:34:06.6535811Z Collecting billiard<5.0,>=4.2.1 (from celery==5.5.3->-r requirements-dev.txt (line 12))
2025-08-21T19:34:06.6547207Z   Using cached billiard-4.2.1-py3-none-any.whl.metadata (4.4 kB)
2025-08-21T19:34:06.6828848Z Collecting kombu<5.6,>=5.5.2 (from celery==5.5.3->-r requirements-dev.txt (line 12))
2025-08-21T19:34:06.6840265Z   Using cached kombu-5.5.4-py3-none-any.whl.metadata (3.5 kB)
2025-08-21T19:34:06.6984530Z Collecting vine<6.0,>=5.1.0 (from celery==5.5.3->-r requirements-dev.txt (line 12))
2025-08-21T19:34:06.6995857Z   Using cached vine-5.1.0-py3-none-any.whl.metadata (2.7 kB)
2025-08-21T19:34:06.7128441Z Collecting click-didyoumean>=0.3.0 (from celery==5.5.3->-r requirements-dev.txt (line 12))
2025-08-21T19:34:06.7139845Z   Using cached click_didyoumean-0.3.1-py3-none-any.whl.metadata (3.9 kB)
2025-08-21T19:34:06.7220581Z Collecting click-repl>=0.2.0 (from celery==5.5.3->-r requirements-dev.txt (line 12))
2025-08-21T19:34:06.7231865Z   Using cached click_repl-0.3.0-py3-none-any.whl.metadata (3.6 kB)
2025-08-21T19:34:06.7324789Z Collecting click-plugins>=1.1.1 (from celery==5.5.3->-r requirements-dev.txt (line 12))
2025-08-21T19:34:06.7336469Z   Using cached click_plugins-1.1.1.2-py2.py3-none-any.whl.metadata (6.5 kB)
2025-08-21T19:34:06.7450839Z Collecting python-dateutil>=2.8.2 (from celery==5.5.3->-r requirements-dev.txt (line 12))
2025-08-21T19:34:06.7462378Z   Using cached python_dateutil-2.9.0.post0-py2.py3-none-any.whl.metadata (8.4 kB)
2025-08-21T19:34:06.8083347Z Collecting annotated-types>=0.6.0 (from pydantic==2.11.7->-r requirements-dev.txt (line 26))
2025-08-21T19:34:06.8094602Z   Using cached annotated_types-0.7.0-py3-none-any.whl.metadata (15 kB)
2025-08-21T19:34:07.4595050Z Collecting pydantic-core==2.33.2 (from pydantic==2.11.7->-r requirements-dev.txt (line 26))
2025-08-21T19:34:07.4609030Z   Using cached pydantic_core-2.33.2-cp312-cp312-manylinux_2_17_x86_64.manylinux2014_x86_64.whl.metadata (6.8 kB)
2025-08-21T19:34:07.4728120Z Collecting typing-inspection>=0.4.0 (from pydantic==2.11.7->-r requirements-dev.txt (line 26))
2025-08-21T19:34:07.4739671Z   Using cached typing_inspection-0.4.1-py3-none-any.whl.metadata (2.6 kB)
2025-08-21T19:34:07.4959557Z Collecting et-xmlfile (from openpyxl==3.1.5->-r requirements-dev.txt (line 22))
2025-08-21T19:34:07.4970929Z   Using cached et_xmlfile-2.0.0-py3-none-any.whl.metadata (2.7 kB)
2025-08-21T19:34:07.5382726Z Collecting pytest<9,>=8.2 (from pytest-asyncio==1.1.0->-r requirements-dev.txt (line 28))
2025-08-21T19:34:07.5394350Z   Using cached pytest-8.4.1-py3-none-any.whl.metadata (7.7 kB)
2025-08-21T19:34:07.8532929Z Collecting coverage>=7.5 (from coverage[toml]>=7.5->pytest-cov==6.2.1->-r requirements-dev.txt (line 29))
2025-08-21T19:34:07.8547002Z   Using cached coverage-7.10.4-cp312-cp312-manylinux1_x86_64.manylinux_2_28_x86_64.manylinux_2_5_x86_64.whl.metadata (8.9 kB)
2025-08-21T19:34:07.8662183Z Collecting pluggy>=1.2 (from pytest-cov==6.2.1->-r requirements-dev.txt (line 29))
2025-08-21T19:34:07.8674029Z   Using cached pluggy-1.6.0-py3-none-any.whl.metadata (4.8 kB)
2025-08-21T19:34:07.8923584Z Collecting port-for>=0.7.3 (from pytest-postgresql==7.0.2->-r requirements-dev.txt (line 30))
2025-08-21T19:34:07.8934961Z   Using cached port_for-0.7.4-py3-none-any.whl.metadata (7.1 kB)
2025-08-21T19:34:07.9069807Z Collecting mirakuru>=2.6.0 (from pytest-postgresql==7.0.2->-r requirements-dev.txt (line 30))
2025-08-21T19:34:07.9081118Z   Using cached mirakuru-2.6.1-py3-none-any.whl.metadata (10 kB)
2025-08-21T19:34:07.9895933Z Collecting charset_normalizer<4,>=2 (from requests==2.32.4->-r requirements-dev.txt (line 34))
2025-08-21T19:34:07.9908445Z   Using cached charset_normalizer-3.4.3-cp312-cp312-manylinux2014_x86_64.manylinux_2_17_x86_64.manylinux_2_28_x86_64.whl.metadata (36 kB)
2025-08-21T19:34:08.0045990Z Collecting idna<4,>=2.5 (from requests==2.32.4->-r requirements-dev.txt (line 34))
2025-08-21T19:34:08.0057367Z   Using cached idna-3.10-py3-none-any.whl.metadata (10 kB)
2025-08-21T19:34:08.0320203Z Collecting urllib3<3,>=1.21.1 (from requests==2.32.4->-r requirements-dev.txt (line 34))
2025-08-21T19:34:08.0331483Z   Using cached urllib3-2.5.0-py3-none-any.whl.metadata (6.5 kB)
2025-08-21T19:34:08.0518840Z Collecting certifi>=2017.4.17 (from requests==2.32.4->-r requirements-dev.txt (line 34))
2025-08-21T19:34:08.0530412Z   Using cached certifi-2025.8.3-py3-none-any.whl.metadata (2.4 kB)
2025-08-21T19:34:08.2501209Z Collecting greenlet>=1 (from sqlalchemy==2.0.43->-r requirements-dev.txt (line 37))
2025-08-21T19:34:08.2514957Z   Using cached greenlet-3.2.4-cp312-cp312-manylinux_2_24_x86_64.manylinux_2_28_x86_64.whl.metadata (4.1 kB)
2025-08-21T19:34:08.2734255Z Collecting docker (from testcontainers==4.12.0->testcontainers[postgres]==4.12.0->-r requirements-dev.txt (line 39))
2025-08-21T19:34:08.2746206Z   Using cached docker-7.1.0-py3-none-any.whl.metadata (3.8 kB)
2025-08-21T19:34:08.3689390Z Collecting wrapt (from testcontainers==4.12.0->testcontainers[postgres]==4.12.0->-r requirements-dev.txt (line 39))
2025-08-21T19:34:08.3701035Z   Using cached wrapt-1.17.3-cp312-cp312-manylinux1_x86_64.manylinux_2_28_x86_64.manylinux_2_5_x86_64.whl.metadata (6.4 kB)
2025-08-21T19:34:08.3950785Z Collecting docspec==2.2.1 (from docspec-python==2.2.2->-r requirements-dev.txt (line 41))
2025-08-21T19:34:08.3961845Z   Using cached docspec-2.2.1-py3-none-any.whl.metadata (1.5 kB)
2025-08-21T19:34:08.4098875Z Collecting nr-util>=0.8.12 (from docspec-python==2.2.2->-r requirements-dev.txt (line 41))
2025-08-21T19:34:08.4109687Z   Using cached nr.util-0.8.12-py3-none-any.whl.metadata (813 bytes)
2025-08-21T19:34:08.4434749Z Collecting PyYAML<7.0,>=5.0 (from pydoc-markdown==4.8.2->-r requirements-dev.txt (line 42))
2025-08-21T19:34:08.4446263Z   Using cached PyYAML-6.0.2-cp312-cp312-manylinux_2_17_x86_64.manylinux2014_x86_64.whl.metadata (2.1 kB)
2025-08-21T19:34:08.4684580Z Collecting databind.core<5.0.0,>=4.4.0 (from pydoc-markdown==4.8.2->-r requirements-dev.txt (line 42))
2025-08-21T19:34:08.4695633Z   Using cached databind.core-4.5.2-py3-none-any.whl.metadata (1.1 kB)
2025-08-21T19:34:08.4869591Z Collecting databind.json<5.0.0,>=4.4.0 (from pydoc-markdown==4.8.2->-r requirements-dev.txt (line 42))
2025-08-21T19:34:08.4880427Z   Using cached databind.json-4.5.2-py3-none-any.whl.metadata (1.1 kB)
2025-08-21T19:34:08.5020865Z Collecting docstring-parser<0.12,>=0.11 (from pydoc-markdown==4.8.2->-r requirements-dev.txt (line 42))
2025-08-21T19:34:08.5022395Z   Using cached docstring_parser-0.11-py3-none-any.whl
2025-08-21T19:34:08.5341723Z Collecting tomli<3.0.0,>=2.0.0 (from pydoc-markdown==4.8.2->-r requirements-dev.txt (line 42))
2025-08-21T19:34:08.5373894Z   Using cached tomli-2.2.1-cp312-cp312-manylinux_2_17_x86_64.manylinux2014_x86_64.whl.metadata (11 kB)
2025-08-21T19:34:08.5441253Z Collecting tomli_w<2.0.0,>=1.0.0 (from pydoc-markdown==4.8.2->-r requirements-dev.txt (line 42))
2025-08-21T19:34:08.5452170Z   Using cached tomli_w-1.2.0-py3-none-any.whl.metadata (5.7 kB)
2025-08-21T19:34:08.5878294Z Collecting watchdog (from pydoc-markdown==4.8.2->-r requirements-dev.txt (line 42))
2025-08-21T19:34:08.5889449Z   Using cached watchdog-6.0.0-py3-none-manylinux2014_x86_64.whl.metadata (44 kB)
2025-08-21T19:34:08.6080286Z Collecting yapf>=0.30.0 (from pydoc-markdown==4.8.2->-r requirements-dev.txt (line 42))
2025-08-21T19:34:08.6091088Z   Using cached yapf-0.43.0-py3-none-any.whl.metadata (46 kB)
2025-08-21T19:34:08.6267332Z Collecting Deprecated<2.0.0,>=1.2.12 (from docspec==2.2.1->docspec-python==2.2.2->-r requirements-dev.txt (line 41))
2025-08-21T19:34:08.6278903Z   Using cached Deprecated-1.2.18-py2.py3-none-any.whl.metadata (5.7 kB)
2025-08-21T19:34:08.7759081Z Collecting psycopg-binary==3.2.9 (from psycopg[binary]==3.2.9->-r requirements-dev.txt (line 25))
2025-08-21T19:34:08.7771105Z   Using cached psycopg_binary-3.2.9-cp312-cp312-manylinux_2_17_x86_64.manylinux2014_x86_64.whl.metadata (2.9 kB)
2025-08-21T19:34:08.8082379Z Collecting argon2-cffi (from minio==7.*->-r requirements-dev.txt (line 10))
2025-08-21T19:34:08.8093854Z   Using cached argon2_cffi-25.1.0-py3-none-any.whl.metadata (4.1 kB)
2025-08-21T19:34:08.8854633Z Collecting pycryptodome (from minio==7.*->-r requirements-dev.txt (line 10))
2025-08-21T19:34:08.8867175Z   Using cached pycryptodome-3.23.0-cp37-abi3-manylinux_2_17_x86_64.manylinux2014_x86_64.whl.metadata (3.4 kB)
2025-08-21T19:34:08.9050003Z Collecting anyio (from httpx<0.29,>=0.27->-r requirements-dev.txt (line 16))
2025-08-21T19:34:08.9061848Z   Using cached anyio-4.10.0-py3-none-any.whl.metadata (4.0 kB)
2025-08-21T19:34:08.9235528Z Collecting httpcore==1.* (from httpx<0.29,>=0.27->-r requirements-dev.txt (line 16))
2025-08-21T19:34:08.9247261Z   Using cached httpcore-1.0.9-py3-none-any.whl.metadata (21 kB)
2025-08-21T19:34:08.9557456Z Collecting tzdata>=2022.7 (from pandas==2.2.*->-r requirements-dev.txt (line 23))
2025-08-21T19:34:08.9568778Z   Using cached tzdata-2025.2-py2.py3-none-any.whl.metadata (1.4 kB)
2025-08-21T19:34:08.9699555Z Collecting multimethod<=1.10.0 (from pandera==0.19.*->-r requirements-dev.txt (line 43))
2025-08-21T19:34:08.9710957Z   Using cached multimethod-1.10-py3-none-any.whl.metadata (8.2 kB)
2025-08-21T19:34:09.0057883Z Collecting typeguard (from pandera==0.19.*->-r requirements-dev.txt (line 43))
2025-08-21T19:34:09.0069224Z   Using cached typeguard-4.4.4-py3-none-any.whl.metadata (3.3 kB)
2025-08-21T19:34:09.0159365Z Collecting typing-inspect>=0.6.0 (from pandera==0.19.*->-r requirements-dev.txt (line 43))
2025-08-21T19:34:09.0170673Z   Using cached typing_inspect-0.9.0-py3-none-any.whl.metadata (1.5 kB)
2025-08-21T19:34:09.0422640Z Collecting databind<5.0.0,>=4.5.2 (from databind.core<5.0.0,>=4.4.0->pydoc-markdown==4.8.2->-r requirements-dev.txt (line 42))
2025-08-21T19:34:09.0434401Z   Using cached databind-4.5.2-py3-none-any.whl.metadata (4.3 kB)
2025-08-21T19:34:09.0538348Z Collecting nr-date<3.0.0,>=2.0.0 (from databind<5.0.0,>=4.5.2->databind.core<5.0.0,>=4.4.0->pydoc-markdown==4.8.2->-r requirements-dev.txt (line 42))
2025-08-21T19:34:09.0549915Z   Using cached nr_date-2.1.0-py3-none-any.whl.metadata (746 bytes)
2025-08-21T19:34:09.0673560Z Collecting nr-stream<2.0.0,>=1.0.0 (from databind<5.0.0,>=4.5.2->databind.core<5.0.0,>=4.4.0->pydoc-markdown==4.8.2->-r requirements-dev.txt (line 42))
2025-08-21T19:34:09.0684810Z   Using cached nr_stream-1.1.5-py3-none-any.whl.metadata (3.6 kB)
2025-08-21T19:34:09.0889140Z Collecting typeapi<3,>=2.0.1 (from databind<5.0.0,>=4.5.2->databind.core<5.0.0,>=4.4.0->pydoc-markdown==4.8.2->-r requirements-dev.txt (line 42))
2025-08-21T19:34:09.0900832Z   Using cached typeapi-2.2.4-py3-none-any.whl.metadata (1.5 kB)
2025-08-21T19:34:09.3466896Z Collecting h11>=0.16 (from httpcore==1.*->httpx<0.29,>=0.27->-r requirements-dev.txt (line 16))
2025-08-21T19:34:09.3478156Z   Using cached h11-0.16.0-py3-none-any.whl.metadata (8.3 kB)
2025-08-21T19:34:09.3673872Z Collecting amqp<6.0.0,>=5.1.1 (from kombu<5.6,>=5.5.2->celery==5.5.3->-r requirements-dev.txt (line 12))
2025-08-21T19:34:09.3684902Z   Using cached amqp-5.3.1-py3-none-any.whl.metadata (8.9 kB)
2025-08-21T19:34:09.4064264Z Collecting iniconfig>=1 (from pytest<9,>=8.2->pytest-asyncio==1.1.0->-r requirements-dev.txt (line 28))
2025-08-21T19:34:09.4075032Z   Using cached iniconfig-2.1.0-py3-none-any.whl.metadata (2.7 kB)
2025-08-21T19:34:09.4277849Z Collecting pygments>=2.7.2 (from pytest<9,>=8.2->pytest-asyncio==1.1.0->-r requirements-dev.txt (line 28))
2025-08-21T19:34:09.4288556Z   Using cached pygments-2.19.2-py3-none-any.whl.metadata (2.5 kB)
2025-08-21T19:34:09.4596242Z Collecting sniffio>=1.1 (from anyio->httpx<0.29,>=0.27->-r requirements-dev.txt (line 16))
2025-08-21T19:34:09.4607738Z   Using cached sniffio-1.3.1-py3-none-any.whl.metadata (3.9 kB)
2025-08-21T19:34:09.8907870Z Collecting botocore<1.41.0,>=1.40.15 (from boto3->-r requirements-dev.txt (line 8))
2025-08-21T19:34:09.8948133Z   Downloading botocore-1.40.15-py3-none-any.whl.metadata (5.7 kB)
2025-08-21T19:34:09.9077669Z Collecting jmespath<2.0.0,>=0.7.1 (from boto3->-r requirements-dev.txt (line 8))
2025-08-21T19:34:09.9088904Z   Using cached jmespath-1.0.1-py3-none-any.whl.metadata (7.6 kB)
2025-08-21T19:34:09.9247121Z Collecting s3transfer<0.14.0,>=0.13.0 (from boto3->-r requirements-dev.txt (line 8))
2025-08-21T19:34:09.9258510Z   Using cached s3transfer-0.13.1-py3-none-any.whl.metadata (1.7 kB)
2025-08-21T19:34:10.0638971Z Collecting fastapi-cli>=0.0.8 (from fastapi-cli[standard]>=0.0.8; extra == "all"->fastapi[all]->-r requirements-dev.txt (line 14))
2025-08-21T19:34:10.0650340Z   Using cached fastapi_cli-0.0.8-py3-none-any.whl.metadata (6.3 kB)
2025-08-21T19:34:10.1369431Z Collecting ujson!=4.0.2,!=4.1.0,!=4.2.0,!=4.3.0,!=5.0.0,!=5.1.0,>=4.0.1 (from fastapi[all]->-r requirements-dev.txt (line 14))
2025-08-21T19:34:10.1385123Z   Using cached ujson-5.11.0-cp312-cp312-manylinux_2_24_x86_64.manylinux_2_28_x86_64.whl.metadata (9.4 kB)
2025-08-21T19:34:10.3690427Z Collecting orjson>=3.2.1 (from fastapi[all]->-r requirements-dev.txt (line 14))
2025-08-21T19:34:10.3703314Z   Using cached orjson-3.11.2-cp312-cp312-manylinux_2_17_x86_64.manylinux2014_x86_64.whl.metadata (1.2 kB)
2025-08-21T19:34:10.3817651Z Collecting email-validator>=2.0.0 (from fastapi[all]->-r requirements-dev.txt (line 14))
2025-08-21T19:34:10.3829666Z   Using cached email_validator-2.2.0-py3-none-any.whl.metadata (25 kB)
2025-08-21T19:34:10.4106221Z Collecting uvicorn>=0.12.0 (from uvicorn[standard]>=0.12.0; extra == "all"->fastapi[all]->-r requirements-dev.txt (line 14))
2025-08-21T19:34:10.4117493Z   Using cached uvicorn-0.35.0-py3-none-any.whl.metadata (6.5 kB)
2025-08-21T19:34:10.4272106Z Collecting pydantic-settings>=2.0.0 (from fastapi[all]->-r requirements-dev.txt (line 14))
2025-08-21T19:34:10.4283153Z   Using cached pydantic_settings-2.10.1-py3-none-any.whl.metadata (3.4 kB)
2025-08-21T19:34:10.4403108Z Collecting pydantic-extra-types>=2.0.0 (from fastapi[all]->-r requirements-dev.txt (line 14))
2025-08-21T19:34:10.4413930Z   Using cached pydantic_extra_types-2.10.5-py3-none-any.whl.metadata (3.9 kB)
2025-08-21T19:34:10.5078731Z Collecting prompt-toolkit>=3.0.36 (from click-repl>=0.2.0->celery==5.5.3->-r requirements-dev.txt (line 12))
2025-08-21T19:34:10.5089433Z   Using cached prompt_toolkit-3.0.51-py3-none-any.whl.metadata (6.4 kB)
2025-08-21T19:34:10.5261054Z Collecting dnspython>=2.0.0 (from email-validator>=2.0.0->fastapi[all]->-r requirements-dev.txt (line 14))
2025-08-21T19:34:10.5272087Z   Using cached dnspython-2.7.0-py3-none-any.whl.metadata (5.8 kB)
2025-08-21T19:34:10.5539925Z Collecting typer>=0.15.1 (from fastapi-cli>=0.0.8->fastapi-cli[standard]>=0.0.8; extra == "all"->fastapi[all]->-r requirements-dev.txt (line 14))
2025-08-21T19:34:10.5551113Z   Using cached typer-0.16.1-py3-none-any.whl.metadata (15 kB)
2025-08-21T19:34:10.5799365Z Collecting rich-toolkit>=0.14.8 (from fastapi-cli>=0.0.8->fastapi-cli[standard]>=0.0.8; extra == "all"->fastapi[all]->-r requirements-dev.txt (line 14))
2025-08-21T19:34:10.5809753Z   Using cached rich_toolkit-0.15.0-py3-none-any.whl.metadata (1.0 kB)
2025-08-21T19:34:10.5918733Z Collecting fastapi-cloud-cli>=0.1.1 (from fastapi-cli[standard]>=0.0.8; extra == "all"->fastapi[all]->-r requirements-dev.txt (line 14))
2025-08-21T19:34:10.5929459Z   Using cached fastapi_cloud_cli-0.1.5-py3-none-any.whl.metadata (3.2 kB)
2025-08-21T19:34:10.6635751Z Collecting rignore>=0.5.1 (from fastapi-cloud-cli>=0.1.1->fastapi-cli[standard]>=0.0.8; extra == "all"->fastapi[all]->-r requirements-dev.txt (line 14))
2025-08-21T19:34:10.6646695Z   Using cached rignore-0.6.4-cp312-cp312-manylinux_2_17_x86_64.manylinux2014_x86_64.whl.metadata (3.8 kB)
2025-08-21T19:34:10.7458716Z Collecting sentry-sdk>=2.20.0 (from fastapi-cloud-cli>=0.1.1->fastapi-cli[standard]>=0.0.8; extra == "all"->fastapi[all]->-r requirements-dev.txt (line 14))
2025-08-21T19:34:10.7468928Z   Using cached sentry_sdk-2.35.0-py2.py3-none-any.whl.metadata (10 kB)
2025-08-21T19:34:10.8363118Z Collecting psutil>=4.0.0 (from mirakuru>=2.6.0->pytest-postgresql==7.0.2->-r requirements-dev.txt (line 30))
2025-08-21T19:34:10.8374772Z   Using cached psutil-7.0.0-cp36-abi3-manylinux_2_12_x86_64.manylinux2010_x86_64.manylinux_2_17_x86_64.manylinux2014_x86_64.whl.metadata (22 kB)
2025-08-21T19:34:10.8687193Z Collecting wcwidth (from prompt-toolkit>=3.0.36->click-repl>=0.2.0->celery==5.5.3->-r requirements-dev.txt (line 12))
2025-08-21T19:34:10.8697805Z   Using cached wcwidth-0.2.13-py2.py3-none-any.whl.metadata (14 kB)
2025-08-21T19:34:10.9713453Z Collecting rich>=13.7.1 (from rich-toolkit>=0.14.8->fastapi-cli>=0.0.8->fastapi-cli[standard]>=0.0.8; extra == "all"->fastapi[all]->-r requirements-dev.txt (line 14))
2025-08-21T19:34:10.9724184Z   Using cached rich-14.1.0-py3-none-any.whl.metadata (18 kB)
2025-08-21T19:34:10.9901689Z Collecting markdown-it-py>=2.2.0 (from rich>=13.7.1->rich-toolkit>=0.14.8->fastapi-cli>=0.0.8->fastapi-cli[standard]>=0.0.8; extra == "all"->fastapi[all]->-r requirements-dev.txt (line 14))
2025-08-21T19:34:10.9911977Z   Using cached markdown_it_py-4.0.0-py3-none-any.whl.metadata (7.3 kB)
2025-08-21T19:34:11.0117796Z Collecting mdurl~=0.1 (from markdown-it-py>=2.2.0->rich>=13.7.1->rich-toolkit>=0.14.8->fastapi-cli>=0.0.8->fastapi-cli[standard]>=0.0.8; extra == "all"->fastapi[all]->-r requirements-dev.txt (line 14))
2025-08-21T19:34:11.0129056Z   Using cached mdurl-0.1.2-py3-none-any.whl.metadata (1.6 kB)
2025-08-21T19:34:11.0622745Z Collecting shellingham>=1.3.0 (from typer>=0.15.1->fastapi-cli>=0.0.8->fastapi-cli[standard]>=0.0.8; extra == "all"->fastapi[all]->-r requirements-dev.txt (line 14))
2025-08-21T19:34:11.0633099Z   Using cached shellingham-1.5.4-py2.py3-none-any.whl.metadata (3.5 kB)
2025-08-21T19:34:11.1346793Z Collecting httptools>=0.6.3 (from uvicorn[standard]>=0.12.0; extra == "all"->fastapi[all]->-r requirements-dev.txt (line 14))
2025-08-21T19:34:11.1358695Z   Using cached httptools-0.6.4-cp312-cp312-manylinux_2_5_x86_64.manylinux1_x86_64.manylinux_2_17_x86_64.manylinux2014_x86_64.whl.metadata (3.6 kB)
2025-08-21T19:34:11.1781267Z Collecting uvloop>=0.15.1 (from uvicorn[standard]>=0.12.0; extra == "all"->fastapi[all]->-r requirements-dev.txt (line 14))
2025-08-21T19:34:11.1792405Z   Using cached uvloop-0.21.0-cp312-cp312-manylinux_2_17_x86_64.manylinux2014_x86_64.whl.metadata (4.9 kB)
2025-08-21T19:34:11.2475481Z Collecting watchfiles>=0.13 (from uvicorn[standard]>=0.12.0; extra == "all"->fastapi[all]->-r requirements-dev.txt (line 14))
2025-08-21T19:34:11.2486755Z   Using cached watchfiles-1.1.0-cp312-cp312-manylinux_2_17_x86_64.manylinux2014_x86_64.whl.metadata (4.9 kB)
2025-08-21T19:34:11.4454805Z Collecting websockets>=10.4 (from uvicorn[standard]>=0.12.0; extra == "all"->fastapi[all]->-r requirements-dev.txt (line 14))
2025-08-21T19:34:11.4468576Z   Using cached websockets-15.0.1-cp312-cp312-manylinux_2_5_x86_64.manylinux1_x86_64.manylinux_2_17_x86_64.manylinux2014_x86_64.whl.metadata (6.8 kB)
2025-08-21T19:34:11.4910801Z Collecting argon2-cffi-bindings (from argon2-cffi->minio==7.*->-r requirements-dev.txt (line 10))
2025-08-21T19:34:11.4922457Z   Using cached argon2_cffi_bindings-25.1.0-cp39-abi3-manylinux_2_26_x86_64.manylinux_2_28_x86_64.whl.metadata (7.4 kB)
2025-08-21T19:34:11.5911849Z Collecting cffi>=1.0.1 (from argon2-cffi-bindings->argon2-cffi->minio==7.*->-r requirements-dev.txt (line 10))
2025-08-21T19:34:11.5923500Z   Using cached cffi-1.17.1-cp312-cp312-manylinux_2_17_x86_64.manylinux2014_x86_64.whl.metadata (1.5 kB)
2025-08-21T19:34:11.6040693Z Collecting pycparser (from cffi>=1.0.1->argon2-cffi-bindings->argon2-cffi->minio==7.*->-r requirements-dev.txt (line 10))
2025-08-21T19:34:11.6052523Z   Using cached pycparser-2.22-py3-none-any.whl.metadata (943 bytes)
2025-08-21T19:34:11.6721596Z Using cached jinja2-3.1.6-py3-none-any.whl (134 kB)
2025-08-21T19:34:11.6734037Z Using cached alembic-1.16.4-py3-none-any.whl (247 kB)
2025-08-21T19:34:11.6746179Z Using cached APScheduler-3.10.4-py3-none-any.whl (59 kB)
2025-08-21T19:34:11.6757517Z Using cached asgi_correlation_id-4.3.1-py3-none-any.whl (15 kB)
2025-08-21T19:34:11.6768599Z Using cached asyncpg-0.30.0-cp312-cp312-manylinux_2_17_x86_64.manylinux2014_x86_64.whl (3.6 MB)
2025-08-21T19:34:11.6806419Z Using cached black-25.1.0-cp312-cp312-manylinux_2_17_x86_64.manylinux2014_x86_64.manylinux_2_28_x86_64.whl (1.8 MB)
2025-08-21T19:34:11.6830263Z Using cached vulture-2.10-py2.py3-none-any.whl (27 kB)
2025-08-21T19:34:11.6840852Z Using cached celery-5.5.3-py3-none-any.whl (438 kB)
2025-08-21T19:34:11.6855183Z Using cached fastapi-0.116.1-py3-none-any.whl (95 kB)
2025-08-21T19:34:11.6866926Z Using cached pydantic-2.11.7-py3-none-any.whl (444 kB)
2025-08-21T19:34:11.6880822Z Using cached fastapi_limiter-0.1.6-py3-none-any.whl (15 kB)
2025-08-21T19:34:11.6891559Z Using cached IMAPClient-3.0.1-py2.py3-none-any.whl (182 kB)
2025-08-21T19:34:11.6903463Z Using cached mypy_extensions-1.1.0-py3-none-any.whl (5.0 kB)
2025-08-21T19:34:11.6914016Z Using cached openpyxl-3.1.5-py2.py3-none-any.whl (250 kB)
2025-08-21T19:34:11.6926724Z Using cached psycopg2_binary-2.9.10-cp312-cp312-manylinux_2_17_x86_64.manylinux2014_x86_64.whl (3.0 MB)
2025-08-21T19:34:11.6960066Z Using cached psycopg-3.2.9-py3-none-any.whl (202 kB)
2025-08-21T19:34:11.6972022Z Using cached pytest_asyncio-1.1.0-py3-none-any.whl (15 kB)
2025-08-21T19:34:11.6982709Z Using cached pytest_cov-6.2.1-py3-none-any.whl (24 kB)
2025-08-21T19:34:11.6993397Z Using cached pytest_postgresql-7.0.2-py3-none-any.whl (41 kB)
2025-08-21T19:34:11.7004191Z Using cached python_telegram_bot-22.3-py3-none-any.whl (717 kB)
2025-08-21T19:34:11.7020156Z Using cached requests-2.32.4-py3-none-any.whl (64 kB)
2025-08-21T19:34:11.7031127Z Using cached respx-0.22.0-py2.py3-none-any.whl (25 kB)
2025-08-21T19:34:11.7042512Z Using cached ruff-0.9.9-py3-none-manylinux_2_17_x86_64.manylinux2014_x86_64.whl (11.2 MB)
2025-08-21T19:34:11.7136169Z Using cached sqlalchemy-2.0.43-cp312-cp312-manylinux_2_17_x86_64.manylinux2014_x86_64.whl (3.3 MB)
2025-08-21T19:34:11.7171972Z Using cached structlog-24.1.0-py3-none-any.whl (65 kB)
2025-08-21T19:34:11.7183486Z Using cached testcontainers-4.12.0-py3-none-any.whl (111 kB)
2025-08-21T19:34:11.7195688Z Using cached types_requests-2.32.4.20250809-py3-none-any.whl (20 kB)
2025-08-21T19:34:11.7206933Z Using cached docspec_python-2.2.2-py3-none-any.whl (15 kB)
2025-08-21T19:34:11.7217914Z Using cached pydoc_markdown-4.8.2-py3-none-any.whl (67 kB)
2025-08-21T19:34:11.7229216Z Using cached docspec-2.2.1-py3-none-any.whl (9.8 kB)
2025-08-21T19:34:11.7240594Z Using cached psycopg_binary-3.2.9-cp312-cp312-manylinux_2_17_x86_64.manylinux2014_x86_64.whl (4.4 MB)
2025-08-21T19:34:11.7284151Z Using cached pydantic_core-2.33.2-cp312-cp312-manylinux_2_17_x86_64.manylinux2014_x86_64.whl (2.0 MB)
2025-08-21T19:34:11.7309913Z Using cached redis-6.4.0-py3-none-any.whl (279 kB)
2025-08-21T19:34:11.7322839Z Using cached minio-7.2.16-py3-none-any.whl (95 kB)
2025-08-21T19:34:11.7335133Z Using cached httpx-0.28.1-py3-none-any.whl (73 kB)
2025-08-21T19:34:11.7347312Z Using cached mypy-1.17.1-cp312-cp312-manylinux2014_x86_64.manylinux_2_17_x86_64.manylinux_2_28_x86_64.whl (12.7 MB)
2025-08-21T19:34:11.7450402Z Using cached numpy-1.26.4-cp312-cp312-manylinux_2_17_x86_64.manylinux2014_x86_64.whl (18.0 MB)
2025-08-21T19:34:11.7589219Z Using cached pandas-2.2.3-cp312-cp312-manylinux_2_17_x86_64.manylinux2014_x86_64.whl (12.7 MB)
2025-08-21T19:34:11.7690263Z Using cached pandera-0.19.3-py3-none-any.whl (251 kB)
2025-08-21T19:34:11.7702910Z Using cached billiard-4.2.1-py3-none-any.whl (86 kB)
2025-08-21T19:34:11.7715475Z Using cached charset_normalizer-3.4.3-cp312-cp312-manylinux2014_x86_64.manylinux_2_17_x86_64.manylinux_2_28_x86_64.whl (151 kB)
2025-08-21T19:34:11.7727399Z Using cached click-8.2.1-py3-none-any.whl (102 kB)
2025-08-21T19:34:11.7738932Z Using cached databind.core-4.5.2-py3-none-any.whl (1.5 kB)
2025-08-21T19:34:11.7750091Z Using cached databind-4.5.2-py3-none-any.whl (49 kB)
2025-08-21T19:34:11.7761363Z Using cached databind.json-4.5.2-py3-none-any.whl (1.5 kB)
2025-08-21T19:34:11.7772361Z Using cached Deprecated-1.2.18-py2.py3-none-any.whl (10.0 kB)
2025-08-21T19:34:11.7783362Z Using cached httpcore-1.0.9-py3-none-any.whl (78 kB)
2025-08-21T19:34:11.7794675Z Using cached idna-3.10-py3-none-any.whl (70 kB)
2025-08-21T19:34:11.7805876Z Using cached kombu-5.5.4-py3-none-any.whl (210 kB)
2025-08-21T19:34:11.7818245Z Using cached vine-5.1.0-py3-none-any.whl (9.6 kB)
2025-08-21T19:34:11.7829300Z Using cached amqp-5.3.1-py3-none-any.whl (50 kB)
2025-08-21T19:34:11.7840471Z Using cached multimethod-1.10-py3-none-any.whl (9.9 kB)
2025-08-21T19:34:11.7851709Z Using cached nr_date-2.1.0-py3-none-any.whl (10 kB)
2025-08-21T19:34:11.7862813Z Using cached nr_stream-1.1.5-py3-none-any.whl (10 kB)
2025-08-21T19:34:11.7874068Z Using cached nr.util-0.8.12-py3-none-any.whl (90 kB)
2025-08-21T19:34:11.7885770Z Using cached pytest-8.4.1-py3-none-any.whl (365 kB)
2025-08-21T19:34:11.7899054Z Using cached pluggy-1.6.0-py3-none-any.whl (20 kB)
2025-08-21T19:34:11.7909871Z Using cached PyYAML-6.0.2-cp312-cp312-manylinux_2_17_x86_64.manylinux2014_x86_64.whl (767 kB)
2025-08-21T19:34:11.7926074Z Using cached starlette-0.47.2-py3-none-any.whl (72 kB)
2025-08-21T19:34:11.7937962Z Using cached anyio-4.10.0-py3-none-any.whl (107 kB)
2025-08-21T19:34:11.7950610Z Using cached tomli-2.2.1-cp312-cp312-manylinux_2_17_x86_64.manylinux2014_x86_64.whl (242 kB)
2025-08-21T19:34:11.7965045Z Using cached tomli_w-1.2.0-py3-none-any.whl (6.7 kB)
2025-08-21T19:34:11.7975721Z Using cached typeapi-2.2.4-py3-none-any.whl (26 kB)
2025-08-21T19:34:11.7986567Z Using cached typing_extensions-4.14.1-py3-none-any.whl (43 kB)
2025-08-21T19:34:11.7997331Z Using cached urllib3-2.5.0-py3-none-any.whl (129 kB)
2025-08-21T19:34:11.8009237Z Using cached wrapt-1.17.3-cp312-cp312-manylinux1_x86_64.manylinux_2_28_x86_64.manylinux_2_5_x86_64.whl (88 kB)
2025-08-21T19:34:11.8045394Z Downloading boto3-1.40.15-py3-none-any.whl (140 kB)
2025-08-21T19:34:11.8230862Z Downloading botocore-1.40.15-py3-none-any.whl (14.0 MB)
2025-08-21T19:34:11.8902371Z    ━━━━━━━━━━━━━━━━━━━━━━━━━━━━━━━━━━━━━━━━ 14.0/14.0 MB 220.8 MB/s  0:00:00
2025-08-21T19:34:11.8913526Z Using cached jmespath-1.0.1-py3-none-any.whl (20 kB)
2025-08-21T19:34:11.8924537Z Using cached python_dateutil-2.9.0.post0-py2.py3-none-any.whl (229 kB)
2025-08-21T19:34:11.8937033Z Using cached s3transfer-0.13.1-py3-none-any.whl (85 kB)
2025-08-21T19:34:11.8948212Z Using cached itsdangerous-2.2.0-py3-none-any.whl (16 kB)
2025-08-21T19:34:11.8959023Z Using cached setuptools-80.9.0-py3-none-any.whl (1.2 MB)
2025-08-21T19:34:11.8978394Z Using cached python_dotenv-1.1.1-py3-none-any.whl (20 kB)
2025-08-21T19:34:11.8989254Z Using cached python_multipart-0.0.20-py3-none-any.whl (24 kB)
2025-08-21T19:34:11.8999948Z Using cached annotated_types-0.7.0-py3-none-any.whl (13 kB)
2025-08-21T19:34:11.9010592Z Using cached certifi-2025.8.3-py3-none-any.whl (161 kB)
2025-08-21T19:34:11.9022162Z Using cached click_didyoumean-0.3.1-py3-none-any.whl (3.6 kB)
2025-08-21T19:34:11.9033223Z Using cached click_plugins-1.1.1.2-py2.py3-none-any.whl (11 kB)
2025-08-21T19:34:11.9043552Z Using cached click_repl-0.3.0-py3-none-any.whl (10 kB)
2025-08-21T19:34:11.9054675Z Using cached coverage-7.10.4-cp312-cp312-manylinux1_x86_64.manylinux_2_28_x86_64.manylinux_2_5_x86_64.whl (251 kB)
2025-08-21T19:34:11.9066777Z Using cached email_validator-2.2.0-py3-none-any.whl (33 kB)
2025-08-21T19:34:11.9077470Z Using cached dnspython-2.7.0-py3-none-any.whl (313 kB)
2025-08-21T19:34:11.9090140Z Using cached fastapi_cli-0.0.8-py3-none-any.whl (10 kB)
2025-08-21T19:34:11.9100731Z Using cached fastapi_cloud_cli-0.1.5-py3-none-any.whl (18 kB)
2025-08-21T19:34:11.9111681Z Using cached greenlet-3.2.4-cp312-cp312-manylinux_2_24_x86_64.manylinux_2_28_x86_64.whl (607 kB)
2025-08-21T19:34:11.9126461Z Using cached h11-0.16.0-py3-none-any.whl (37 kB)
2025-08-21T19:34:11.9137684Z Using cached iniconfig-2.1.0-py3-none-any.whl (6.0 kB)
2025-08-21T19:34:11.9148313Z Using cached MarkupSafe-3.0.2-cp312-cp312-manylinux_2_17_x86_64.manylinux2014_x86_64.whl (23 kB)
2025-08-21T19:34:11.9158807Z Using cached mirakuru-2.6.1-py3-none-any.whl (26 kB)
2025-08-21T19:34:11.9169974Z Using cached orjson-3.11.2-cp312-cp312-manylinux_2_17_x86_64.manylinux2014_x86_64.whl (121 kB)
2025-08-21T19:34:11.9181174Z Using cached packaging-25.0-py3-none-any.whl (66 kB)
2025-08-21T19:34:11.9192104Z Using cached pathspec-0.12.1-py3-none-any.whl (31 kB)
2025-08-21T19:34:11.9202884Z Using cached platformdirs-4.3.8-py3-none-any.whl (18 kB)
2025-08-21T19:34:11.9213413Z Using cached port_for-0.7.4-py3-none-any.whl (21 kB)
2025-08-21T19:34:11.9224083Z Using cached prompt_toolkit-3.0.51-py3-none-any.whl (387 kB)
2025-08-21T19:34:11.9238171Z Using cached psutil-7.0.0-cp36-abi3-manylinux_2_12_x86_64.manylinux2010_x86_64.manylinux_2_17_x86_64.manylinux2014_x86_64.whl (277 kB)
2025-08-21T19:34:11.9250400Z Using cached pydantic_extra_types-2.10.5-py3-none-any.whl (38 kB)
2025-08-21T19:34:11.9261187Z Using cached pydantic_settings-2.10.1-py3-none-any.whl (45 kB)
2025-08-21T19:34:11.9271985Z Using cached pygments-2.19.2-py3-none-any.whl (1.2 MB)
2025-08-21T19:34:11.9291606Z Using cached pytz-2025.2-py2.py3-none-any.whl (509 kB)
2025-08-21T19:34:11.9305608Z Using cached rich_toolkit-0.15.0-py3-none-any.whl (29 kB)
2025-08-21T19:34:11.9316516Z Using cached rich-14.1.0-py3-none-any.whl (243 kB)
2025-08-21T19:34:11.9328845Z Using cached markdown_it_py-4.0.0-py3-none-any.whl (87 kB)
2025-08-21T19:34:11.9339883Z Using cached mdurl-0.1.2-py3-none-any.whl (10.0 kB)
2025-08-21T19:34:11.9350848Z Using cached rignore-0.6.4-cp312-cp312-manylinux_2_17_x86_64.manylinux2014_x86_64.whl (949 kB)
2025-08-21T19:34:11.9368300Z Using cached sentry_sdk-2.35.0-py2.py3-none-any.whl (363 kB)
2025-08-21T19:34:11.9381479Z Using cached six-1.17.0-py2.py3-none-any.whl (11 kB)
2025-08-21T19:34:11.9392024Z Using cached sniffio-1.3.1-py3-none-any.whl (10 kB)
2025-08-21T19:34:11.9402477Z Using cached typer-0.16.1-py3-none-any.whl (46 kB)
2025-08-21T19:34:11.9413255Z Using cached shellingham-1.5.4-py2.py3-none-any.whl (9.8 kB)
2025-08-21T19:34:11.9423671Z Using cached typing_inspect-0.9.0-py3-none-any.whl (8.8 kB)
2025-08-21T19:34:11.9434221Z Using cached typing_inspection-0.4.1-py3-none-any.whl (14 kB)
2025-08-21T19:34:11.9444929Z Using cached tzdata-2025.2-py2.py3-none-any.whl (347 kB)
2025-08-21T19:34:11.9458381Z Using cached tzlocal-5.3.1-py3-none-any.whl (18 kB)
2025-08-21T19:34:11.9469275Z Using cached ujson-5.11.0-cp312-cp312-manylinux_2_24_x86_64.manylinux_2_28_x86_64.whl (57 kB)
2025-08-21T19:34:11.9479839Z Using cached uvicorn-0.35.0-py3-none-any.whl (66 kB)
2025-08-21T19:34:11.9491649Z Using cached httptools-0.6.4-cp312-cp312-manylinux_2_5_x86_64.manylinux1_x86_64.manylinux_2_17_x86_64.manylinux2014_x86_64.whl (510 kB)
2025-08-21T19:34:11.9505774Z Using cached uvloop-0.21.0-cp312-cp312-manylinux_2_17_x86_64.manylinux2014_x86_64.whl (4.7 MB)
2025-08-21T19:34:11.9551656Z Using cached watchfiles-1.1.0-cp312-cp312-manylinux_2_17_x86_64.manylinux2014_x86_64.whl (452 kB)
2025-08-21T19:34:11.9566011Z Using cached websockets-15.0.1-cp312-cp312-manylinux_2_5_x86_64.manylinux1_x86_64.manylinux_2_17_x86_64.manylinux2014_x86_64.whl (182 kB)
2025-08-21T19:34:11.9577246Z Using cached yapf-0.43.0-py3-none-any.whl (256 kB)
2025-08-21T19:34:11.9589656Z Using cached argon2_cffi-25.1.0-py3-none-any.whl (14 kB)
2025-08-21T19:34:11.9600822Z Using cached argon2_cffi_bindings-25.1.0-cp39-abi3-manylinux_2_26_x86_64.manylinux_2_28_x86_64.whl (87 kB)
2025-08-21T19:34:11.9612050Z Using cached cffi-1.17.1-cp312-cp312-manylinux_2_17_x86_64.manylinux2014_x86_64.whl (479 kB)
2025-08-21T19:34:11.9625897Z Using cached docker-7.1.0-py3-none-any.whl (147 kB)
2025-08-21T19:34:11.9637611Z Using cached et_xmlfile-2.0.0-py3-none-any.whl (18 kB)
2025-08-21T19:34:11.9648312Z Using cached mako-1.3.10-py3-none-any.whl (78 kB)
2025-08-21T19:34:11.9659340Z Using cached pycparser-2.22-py3-none-any.whl (117 kB)
2025-08-21T19:34:11.9671282Z Using cached pycryptodome-3.23.0-cp37-abi3-manylinux_2_17_x86_64.manylinux2014_x86_64.whl (2.3 MB)
2025-08-21T19:34:11.9698606Z Using cached toml-0.10.2-py2.py3-none-any.whl (16 kB)
2025-08-21T19:34:11.9709070Z Using cached typeguard-4.4.4-py3-none-any.whl (34 kB)
2025-08-21T19:34:11.9719955Z Using cached watchdog-6.0.0-py3-none-manylinux2014_x86_64.whl (79 kB)
2025-08-21T19:34:11.9730825Z Using cached wcwidth-0.2.13-py2.py3-none-any.whl (34 kB)
2025-08-21T19:34:12.4392049Z Installing collected packages: wcwidth, pytz, wrapt, websockets, watchdog, vine, uvloop, urllib3, ujson, tzlocal, tzdata, typing-extensions, tomli_w, tomli, toml, structlog, sniffio, six, shellingham, setuptools, ruff, rignore, redis, PyYAML, python-multipart, python-dotenv, pygments, pycryptodome, pycparser, psycopg2-binary, psycopg-binary, psutil, prompt-toolkit, port-for, pluggy, platformdirs, pathspec, packaging, orjson, numpy, nr-stream, nr-date, mypy-extensions, multimethod, mdurl, MarkupSafe, jmespath, itsdangerous, iniconfig, imapclient, idna, httptools, h11, greenlet, et-xmlfile, docstring-parser, dnspython, coverage, click, charset_normalizer, certifi, billiard, asyncpg, annotated-types, yapf, vulture, uvicorn, typing-inspection, typing-inspect, types-requests, typeguard, typeapi, sqlalchemy, sentry-sdk, requests, python-dateutil, pytest, pydantic-core, psycopg, openpyxl, mypy, mirakuru, markdown-it-py, Mako, Jinja2, httpcore, email-validator, Deprecated, click-repl, click-plugins, click-didyoumean, cffi, black, apscheduler, anyio, amqp, watchfiles, starlette, rich, pytest-postgresql, pytest-cov, pytest-asyncio, pydantic, pandas, nr-util, kombu, httpx, docker, databind, botocore, argon2-cffi-bindings, alembic, typer, testcontainers, s3transfer, rich-toolkit, respx, python-telegram-bot, pydantic-settings, pydantic-extra-types, pandera, fastapi, databind.json, databind.core, celery, asgi-correlation-id, argon2-cffi, minio, fastapi-limiter, fastapi-cloud-cli, fastapi-cli, docspec, boto3, docspec-python, pydoc-markdown
2025-08-21T19:34:31.7940179Z 
2025-08-21T19:34:31.8060783Z Successfully installed Deprecated-1.2.18 Jinja2-3.1.6 Mako-1.3.10 MarkupSafe-3.0.2 PyYAML-6.0.2 alembic-1.16.4 amqp-5.3.1 annotated-types-0.7.0 anyio-4.10.0 apscheduler-3.10.4 argon2-cffi-25.1.0 argon2-cffi-bindings-25.1.0 asgi-correlation-id-4.3.1 asyncpg-0.30.0 billiard-4.2.1 black-25.1.0 boto3-1.40.15 botocore-1.40.15 celery-5.5.3 certifi-2025.8.3 cffi-1.17.1 charset_normalizer-3.4.3 click-8.2.1 click-didyoumean-0.3.1 click-plugins-1.1.1.2 click-repl-0.3.0 coverage-7.10.4 databind-4.5.2 databind.core-4.5.2 databind.json-4.5.2 dnspython-2.7.0 docker-7.1.0 docspec-2.2.1 docspec-python-2.2.2 docstring-parser-0.11 email-validator-2.2.0 et-xmlfile-2.0.0 fastapi-0.116.1 fastapi-cli-0.0.8 fastapi-cloud-cli-0.1.5 fastapi-limiter-0.1.6 greenlet-3.2.4 h11-0.16.0 httpcore-1.0.9 httptools-0.6.4 httpx-0.28.1 idna-3.10 imapclient-3.0.1 iniconfig-2.1.0 itsdangerous-2.2.0 jmespath-1.0.1 kombu-5.5.4 markdown-it-py-4.0.0 mdurl-0.1.2 minio-7.2.16 mirakuru-2.6.1 multimethod-1.10 mypy-1.17.1 mypy-extensions-1.1.0 nr-date-2.1.0 nr-stream-1.1.5 nr-util-0.8.12 numpy-1.26.4 openpyxl-3.1.5 orjson-3.11.2 packaging-25.0 pandas-2.2.3 pandera-0.19.3 pathspec-0.12.1 platformdirs-4.3.8 pluggy-1.6.0 port-for-0.7.4 prompt-toolkit-3.0.51 psutil-7.0.0 psycopg-3.2.9 psycopg-binary-3.2.9 psycopg2-binary-2.9.10 pycparser-2.22 pycryptodome-3.23.0 pydantic-2.11.7 pydantic-core-2.33.2 pydantic-extra-types-2.10.5 pydantic-settings-2.10.1 pydoc-markdown-4.8.2 pygments-2.19.2 pytest-8.4.1 pytest-asyncio-1.1.0 pytest-cov-6.2.1 pytest-postgresql-7.0.2 python-dateutil-2.9.0.post0 python-dotenv-1.1.1 python-multipart-0.0.20 python-telegram-bot-22.3 pytz-2025.2 redis-6.4.0 requests-2.32.4 respx-0.22.0 rich-14.1.0 rich-toolkit-0.15.0 rignore-0.6.4 ruff-0.9.9 s3transfer-0.13.1 sentry-sdk-2.35.0 setuptools-80.9.0 shellingham-1.5.4 six-1.17.0 sniffio-1.3.1 sqlalchemy-2.0.43 starlette-0.47.2 structlog-24.1.0 testcontainers-4.12.0 toml-0.10.2 tomli-2.2.1 tomli_w-1.2.0 typeapi-2.2.4 typeguard-4.4.4 typer-0.16.1 types-requests-2.32.4.20250809 typing-extensions-4.14.1 typing-inspect-0.9.0 typing-inspection-0.4.1 tzdata-2025.2 tzlocal-5.3.1 ujson-5.11.0 urllib3-2.5.0 uvicorn-0.35.0 uvloop-0.21.0 vine-5.1.0 vulture-2.10 watchdog-6.0.0 watchfiles-1.1.0 wcwidth-0.2.13 websockets-15.0.1 wrapt-1.17.3 yapf-0.43.0
2025-08-21T19:34:33.0183338Z Collecting keepa==1.3.15
2025-08-21T19:34:33.0197393Z   Using cached keepa-1.3.15-py3-none-any.whl.metadata (11 kB)
2025-08-21T19:34:33.0478466Z Collecting minio==7.1.15
2025-08-21T19:34:33.0490562Z   Using cached minio-7.1.15-py3-none-any.whl.metadata (4.2 kB)
2025-08-21T19:34:33.0518500Z Requirement already satisfied: numpy>=1.9.3 in /opt/hostedtoolcache/Python/3.12.11/x64/lib/python3.12/site-packages (from keepa==1.3.15) (1.26.4)
2025-08-21T19:34:33.0524227Z Requirement already satisfied: requests>=2.2 in /opt/hostedtoolcache/Python/3.12.11/x64/lib/python3.12/site-packages (from keepa==1.3.15) (2.32.4)
2025-08-21T19:34:33.0856612Z Collecting tqdm (from keepa==1.3.15)
2025-08-21T19:34:33.0868467Z   Using cached tqdm-4.67.1-py3-none-any.whl.metadata (57 kB)
2025-08-21T19:34:33.5576166Z Collecting aiohttp (from keepa==1.3.15)
2025-08-21T19:34:33.5589313Z   Using cached aiohttp-3.12.15-cp312-cp312-manylinux_2_17_x86_64.manylinux2014_x86_64.whl.metadata (7.7 kB)
2025-08-21T19:34:33.5623370Z Requirement already satisfied: pandas<=3.0 in /opt/hostedtoolcache/Python/3.12.11/x64/lib/python3.12/site-packages (from keepa==1.3.15) (2.2.3)
2025-08-21T19:34:33.5627116Z Requirement already satisfied: pydantic in /opt/hostedtoolcache/Python/3.12.11/x64/lib/python3.12/site-packages (from keepa==1.3.15) (2.11.7)
2025-08-21T19:34:33.5634514Z Requirement already satisfied: certifi in /opt/hostedtoolcache/Python/3.12.11/x64/lib/python3.12/site-packages (from minio==7.1.15) (2025.8.3)
2025-08-21T19:34:33.5638106Z Requirement already satisfied: urllib3 in /opt/hostedtoolcache/Python/3.12.11/x64/lib/python3.12/site-packages (from minio==7.1.15) (2.5.0)
2025-08-21T19:34:33.5692628Z Requirement already satisfied: python-dateutil>=2.8.2 in /opt/hostedtoolcache/Python/3.12.11/x64/lib/python3.12/site-packages (from pandas<=3.0->keepa==1.3.15) (2.9.0.post0)
2025-08-21T19:34:33.5697722Z Requirement already satisfied: pytz>=2020.1 in /opt/hostedtoolcache/Python/3.12.11/x64/lib/python3.12/site-packages (from pandas<=3.0->keepa==1.3.15) (2025.2)
2025-08-21T19:34:33.5702686Z Requirement already satisfied: tzdata>=2022.7 in /opt/hostedtoolcache/Python/3.12.11/x64/lib/python3.12/site-packages (from pandas<=3.0->keepa==1.3.15) (2025.2)
2025-08-21T19:34:33.5828210Z Requirement already satisfied: six>=1.5 in /opt/hostedtoolcache/Python/3.12.11/x64/lib/python3.12/site-packages (from python-dateutil>=2.8.2->pandas<=3.0->keepa==1.3.15) (1.17.0)
2025-08-21T19:34:33.5847327Z Requirement already satisfied: charset_normalizer<4,>=2 in /opt/hostedtoolcache/Python/3.12.11/x64/lib/python3.12/site-packages (from requests>=2.2->keepa==1.3.15) (3.4.3)
2025-08-21T19:34:33.5853540Z Requirement already satisfied: idna<4,>=2.5 in /opt/hostedtoolcache/Python/3.12.11/x64/lib/python3.12/site-packages (from requests>=2.2->keepa==1.3.15) (3.10)
2025-08-21T19:34:33.6062220Z Collecting aiohappyeyeballs>=2.5.0 (from aiohttp->keepa==1.3.15)
2025-08-21T19:34:33.6073472Z   Using cached aiohappyeyeballs-2.6.1-py3-none-any.whl.metadata (5.9 kB)
2025-08-21T19:34:33.6158835Z Collecting aiosignal>=1.4.0 (from aiohttp->keepa==1.3.15)
2025-08-21T19:34:33.6169948Z   Using cached aiosignal-1.4.0-py3-none-any.whl.metadata (3.7 kB)
2025-08-21T19:34:33.6309440Z Collecting attrs>=17.3.0 (from aiohttp->keepa==1.3.15)
2025-08-21T19:34:33.6320707Z   Using cached attrs-25.3.0-py3-none-any.whl.metadata (10 kB)
2025-08-21T19:34:33.6972875Z Collecting frozenlist>=1.1.1 (from aiohttp->keepa==1.3.15)
2025-08-21T19:34:33.6984881Z   Using cached frozenlist-1.7.0-cp312-cp312-manylinux_2_5_x86_64.manylinux1_x86_64.manylinux_2_17_x86_64.manylinux2014_x86_64.whl.metadata (18 kB)
2025-08-21T19:34:33.9341760Z Collecting multidict<7.0,>=4.5 (from aiohttp->keepa==1.3.15)
2025-08-21T19:34:33.9355205Z   Using cached multidict-6.6.4-cp312-cp312-manylinux2014_x86_64.manylinux_2_17_x86_64.manylinux_2_28_x86_64.whl.metadata (5.3 kB)
2025-08-21T19:34:33.9759307Z Collecting propcache>=0.2.0 (from aiohttp->keepa==1.3.15)
2025-08-21T19:34:33.9770773Z   Using cached propcache-0.3.2-cp312-cp312-manylinux_2_17_x86_64.manylinux2014_x86_64.whl.metadata (12 kB)
2025-08-21T19:34:34.2066950Z Collecting yarl<2.0,>=1.17.0 (from aiohttp->keepa==1.3.15)
2025-08-21T19:34:34.2079701Z   Using cached yarl-1.20.1-cp312-cp312-manylinux_2_17_x86_64.manylinux2014_x86_64.whl.metadata (73 kB)
2025-08-21T19:34:34.2291041Z Requirement already satisfied: typing-extensions>=4.2 in /opt/hostedtoolcache/Python/3.12.11/x64/lib/python3.12/site-packages (from aiosignal>=1.4.0->aiohttp->keepa==1.3.15) (4.14.1)
2025-08-21T19:34:34.2338464Z Requirement already satisfied: annotated-types>=0.6.0 in /opt/hostedtoolcache/Python/3.12.11/x64/lib/python3.12/site-packages (from pydantic->keepa==1.3.15) (0.7.0)
2025-08-21T19:34:34.2344323Z Requirement already satisfied: pydantic-core==2.33.2 in /opt/hostedtoolcache/Python/3.12.11/x64/lib/python3.12/site-packages (from pydantic->keepa==1.3.15) (2.33.2)
2025-08-21T19:34:34.2351190Z Requirement already satisfied: typing-inspection>=0.4.0 in /opt/hostedtoolcache/Python/3.12.11/x64/lib/python3.12/site-packages (from pydantic->keepa==1.3.15) (0.4.1)
2025-08-21T19:34:34.2410487Z Using cached keepa-1.3.15-py3-none-any.whl (38 kB)
2025-08-21T19:34:34.2421442Z Using cached minio-7.1.15-py3-none-any.whl (77 kB)
2025-08-21T19:34:34.2433002Z Using cached aiohttp-3.12.15-cp312-cp312-manylinux_2_17_x86_64.manylinux2014_x86_64.whl (1.7 MB)
2025-08-21T19:34:34.2456040Z Using cached multidict-6.6.4-cp312-cp312-manylinux2014_x86_64.manylinux_2_17_x86_64.manylinux_2_28_x86_64.whl (256 kB)
2025-08-21T19:34:34.2468561Z Using cached yarl-1.20.1-cp312-cp312-manylinux_2_17_x86_64.manylinux2014_x86_64.whl (355 kB)
2025-08-21T19:34:34.2481580Z Using cached aiohappyeyeballs-2.6.1-py3-none-any.whl (15 kB)
2025-08-21T19:34:34.2492333Z Using cached aiosignal-1.4.0-py3-none-any.whl (7.5 kB)
2025-08-21T19:34:34.2502952Z Using cached attrs-25.3.0-py3-none-any.whl (63 kB)
2025-08-21T19:34:34.2515038Z Using cached frozenlist-1.7.0-cp312-cp312-manylinux_2_5_x86_64.manylinux1_x86_64.manylinux_2_17_x86_64.manylinux2014_x86_64.whl (241 kB)
2025-08-21T19:34:34.2527926Z Using cached propcache-0.3.2-cp312-cp312-manylinux_2_17_x86_64.manylinux2014_x86_64.whl (224 kB)
2025-08-21T19:34:34.2540333Z Using cached tqdm-4.67.1-py3-none-any.whl (78 kB)
2025-08-21T19:34:34.4332105Z Installing collected packages: tqdm, propcache, multidict, minio, frozenlist, attrs, aiohappyeyeballs, yarl, aiosignal, aiohttp, keepa
2025-08-21T19:34:34.5071090Z   Attempting uninstall: minio
2025-08-21T19:34:34.5119483Z     Found existing installation: minio 7.2.16
2025-08-21T19:34:34.5156310Z     Uninstalling minio-7.2.16:
2025-08-21T19:34:34.5166697Z       Successfully uninstalled minio-7.2.16
2025-08-21T19:34:34.8831566Z 
2025-08-21T19:34:34.8946491Z Successfully installed aiohappyeyeballs-2.6.1 aiohttp-3.12.15 aiosignal-1.4.0 attrs-25.3.0 frozenlist-1.7.0 keepa-1.3.15 minio-7.1.15 multidict-6.6.4 propcache-0.3.2 tqdm-4.67.1 yarl-1.20.1
2025-08-21T19:34:35.0464121Z ##[group]Run ruff check .
2025-08-21T19:34:35.0464390Z [36;1mruff check .[0m
2025-08-21T19:34:35.0464602Z [36;1mruff format --check .[0m
2025-08-21T19:34:35.0464818Z [36;1mvulture[0m
2025-08-21T19:34:35.0506286Z shell: /usr/bin/bash -e {0}
2025-08-21T19:34:35.0506509Z env:
2025-08-21T19:34:35.0506708Z   REDIS_URL: redis://localhost:6379/0
2025-08-21T19:34:35.0506961Z   RATE_LIMIT_DEFAULT: 100/minute
2025-08-21T19:34:35.0507279Z   TRUST_X_FORWARDED: 1
2025-08-21T19:34:35.0507475Z   PG_USER: postgres
2025-08-21T19:34:35.0507660Z   PG_PASSWORD: pass
2025-08-21T19:34:35.0507838Z   PG_DATABASE: awa
2025-08-21T19:34:35.0508013Z   PG_HOST: localhost
2025-08-21T19:34:35.0508193Z   PG_PORT: 5432
2025-08-21T19:34:35.0508632Z   PG_SYNC_DSN: ***localhost:5432/awa
2025-08-21T19:34:35.0509011Z   PG_ASYNC_DSN: ***localhost:5432/awa
2025-08-21T19:34:35.0509382Z   DATABASE_URL: ***localhost:5432/awa
2025-08-21T19:34:35.0509608Z   DATA_DIR: /tmp/awa-data
2025-08-21T19:34:35.0509837Z   ENABLE_LIVE: 0
2025-08-21T19:34:35.0510006Z   TESTING: 1
2025-08-21T19:34:35.0510236Z   pythonLocation: /opt/hostedtoolcache/Python/3.12.11/x64
2025-08-21T19:34:35.0510621Z   PKG_CONFIG_PATH: /opt/hostedtoolcache/Python/3.12.11/x64/lib/pkgconfig
2025-08-21T19:34:35.0510997Z   Python_ROOT_DIR: /opt/hostedtoolcache/Python/3.12.11/x64
2025-08-21T19:34:35.0511328Z   Python2_ROOT_DIR: /opt/hostedtoolcache/Python/3.12.11/x64
2025-08-21T19:34:35.0511667Z   Python3_ROOT_DIR: /opt/hostedtoolcache/Python/3.12.11/x64
2025-08-21T19:34:35.0512005Z   LD_LIBRARY_PATH: /opt/hostedtoolcache/Python/3.12.11/x64/lib
2025-08-21T19:34:35.0512284Z ##[endgroup]
2025-08-21T19:34:35.0795751Z All checks passed!
2025-08-21T19:34:35.1021177Z 256 files already formatted
2025-08-21T19:34:35.1648760Z ##[group]Run for i in {1..30}; do pg_isready -h "$PG_HOST" -p "$PG_PORT" -U "$PG_USER" -d "$PG_DATABASE" && break; sleep 1; done
2025-08-21T19:34:35.1649566Z [36;1mfor i in {1..30}; do pg_isready -h "$PG_HOST" -p "$PG_PORT" -U "$PG_USER" -d "$PG_DATABASE" && break; sleep 1; done[0m
2025-08-21T19:34:35.1691203Z shell: /usr/bin/bash -e {0}
2025-08-21T19:34:35.1691434Z env:
2025-08-21T19:34:35.1691632Z   REDIS_URL: redis://localhost:6379/0
2025-08-21T19:34:35.1691890Z   RATE_LIMIT_DEFAULT: 100/minute
2025-08-21T19:34:35.1692111Z   TRUST_X_FORWARDED: 1
2025-08-21T19:34:35.1692296Z   PG_USER: postgres
2025-08-21T19:34:35.1692481Z   PG_PASSWORD: pass
2025-08-21T19:34:35.1692666Z   PG_DATABASE: awa
2025-08-21T19:34:35.1692840Z   PG_HOST: localhost
2025-08-21T19:34:35.1693024Z   PG_PORT: 5432
2025-08-21T19:34:35.1693475Z   PG_SYNC_DSN: ***localhost:5432/awa
2025-08-21T19:34:35.1693870Z   PG_ASYNC_DSN: ***localhost:5432/awa
2025-08-21T19:34:35.1694276Z   DATABASE_URL: ***localhost:5432/awa
2025-08-21T19:34:35.1694501Z   DATA_DIR: /tmp/awa-data
2025-08-21T19:34:35.1694700Z   ENABLE_LIVE: 0
2025-08-21T19:34:35.1694878Z   TESTING: 1
2025-08-21T19:34:35.1695102Z   pythonLocation: /opt/hostedtoolcache/Python/3.12.11/x64
2025-08-21T19:34:35.1695681Z   PKG_CONFIG_PATH: /opt/hostedtoolcache/Python/3.12.11/x64/lib/pkgconfig
2025-08-21T19:34:35.1696064Z   Python_ROOT_DIR: /opt/hostedtoolcache/Python/3.12.11/x64
2025-08-21T19:34:35.1696394Z   Python2_ROOT_DIR: /opt/hostedtoolcache/Python/3.12.11/x64
2025-08-21T19:34:35.1696734Z   Python3_ROOT_DIR: /opt/hostedtoolcache/Python/3.12.11/x64
2025-08-21T19:34:35.1697067Z   LD_LIBRARY_PATH: /opt/hostedtoolcache/Python/3.12.11/x64/lib
2025-08-21T19:34:35.1697346Z ##[endgroup]
2025-08-21T19:34:35.2530076Z localhost:5432 - accepting connections
2025-08-21T19:34:35.2563347Z ##[group]Run psql -h "$PG_HOST" -p "$PG_PORT" -U "$PG_USER" -d "$PG_DATABASE" -c "SELECT 1"
2025-08-21T19:34:35.2563881Z [36;1mpsql -h "$PG_HOST" -p "$PG_PORT" -U "$PG_USER" -d "$PG_DATABASE" -c "SELECT 1"[0m
2025-08-21T19:34:35.2603731Z shell: /usr/bin/bash -e {0}
2025-08-21T19:34:35.2603985Z env:
2025-08-21T19:34:35.2604208Z   REDIS_URL: redis://localhost:6379/0
2025-08-21T19:34:35.2604465Z   RATE_LIMIT_DEFAULT: 100/minute
2025-08-21T19:34:35.2604693Z   TRUST_X_FORWARDED: 1
2025-08-21T19:34:35.2604891Z   PG_USER: postgres
2025-08-21T19:34:35.2605076Z   PG_PASSWORD: pass
2025-08-21T19:34:35.2605378Z   PG_DATABASE: awa
2025-08-21T19:34:35.2605567Z   PG_HOST: localhost
2025-08-21T19:34:35.2605747Z   PG_PORT: 5432
2025-08-21T19:34:35.2606204Z   PG_SYNC_DSN: ***localhost:5432/awa
2025-08-21T19:34:35.2606587Z   PG_ASYNC_DSN: ***localhost:5432/awa
2025-08-21T19:34:35.2606951Z   DATABASE_URL: ***localhost:5432/awa
2025-08-21T19:34:35.2607177Z   DATA_DIR: /tmp/awa-data
2025-08-21T19:34:35.2607404Z   ENABLE_LIVE: 0
2025-08-21T19:34:35.2607575Z   TESTING: 1
2025-08-21T19:34:35.2607800Z   pythonLocation: /opt/hostedtoolcache/Python/3.12.11/x64
2025-08-21T19:34:35.2608185Z   PKG_CONFIG_PATH: /opt/hostedtoolcache/Python/3.12.11/x64/lib/pkgconfig
2025-08-21T19:34:35.2608565Z   Python_ROOT_DIR: /opt/hostedtoolcache/Python/3.12.11/x64
2025-08-21T19:34:35.2608901Z   Python2_ROOT_DIR: /opt/hostedtoolcache/Python/3.12.11/x64
2025-08-21T19:34:35.2609235Z   Python3_ROOT_DIR: /opt/hostedtoolcache/Python/3.12.11/x64
2025-08-21T19:34:35.2609573Z   LD_LIBRARY_PATH: /opt/hostedtoolcache/Python/3.12.11/x64/lib
2025-08-21T19:34:35.2609861Z   PGPASSWORD: pass
2025-08-21T19:34:35.2610038Z ##[endgroup]
2025-08-21T19:34:35.3455212Z  ?column? 
2025-08-21T19:34:35.3455663Z ----------
2025-08-21T19:34:35.3455945Z         1
2025-08-21T19:34:35.3456200Z (1 row)
2025-08-21T19:34:35.3456351Z 
2025-08-21T19:34:35.3490014Z ##[group]Run alembic -c services/api/alembic.ini upgrade head
2025-08-21T19:34:35.3490419Z [36;1malembic -c services/api/alembic.ini upgrade head[0m
2025-08-21T19:34:35.3529937Z shell: /usr/bin/bash -e {0}
2025-08-21T19:34:35.3530155Z env:
2025-08-21T19:34:35.3530355Z   REDIS_URL: redis://localhost:6379/0
2025-08-21T19:34:35.3530612Z   RATE_LIMIT_DEFAULT: 100/minute
2025-08-21T19:34:35.3530843Z   TRUST_X_FORWARDED: 1
2025-08-21T19:34:35.3531206Z   PG_USER: postgres
2025-08-21T19:34:35.3531403Z   PG_PASSWORD: pass
2025-08-21T19:34:35.3531590Z   PG_DATABASE: awa
2025-08-21T19:34:35.3531763Z   PG_HOST: localhost
2025-08-21T19:34:35.3531947Z   PG_PORT: 5432
2025-08-21T19:34:35.3532366Z   PG_SYNC_DSN: ***localhost:5432/awa
2025-08-21T19:34:35.3532750Z   PG_ASYNC_DSN: ***localhost:5432/awa
2025-08-21T19:34:35.3533122Z   DATABASE_URL: ***localhost:5432/awa
2025-08-21T19:34:35.3533343Z   DATA_DIR: /tmp/awa-data
2025-08-21T19:34:35.3533539Z   ENABLE_LIVE: 0
2025-08-21T19:34:35.3533742Z   TESTING: 1
2025-08-21T19:34:35.3533968Z   pythonLocation: /opt/hostedtoolcache/Python/3.12.11/x64
2025-08-21T19:34:35.3534347Z   PKG_CONFIG_PATH: /opt/hostedtoolcache/Python/3.12.11/x64/lib/pkgconfig
2025-08-21T19:34:35.3534718Z   Python_ROOT_DIR: /opt/hostedtoolcache/Python/3.12.11/x64
2025-08-21T19:34:35.3535046Z   Python2_ROOT_DIR: /opt/hostedtoolcache/Python/3.12.11/x64
2025-08-21T19:34:35.3535617Z   Python3_ROOT_DIR: /opt/hostedtoolcache/Python/3.12.11/x64
2025-08-21T19:34:35.3535965Z   LD_LIBRARY_PATH: /opt/hostedtoolcache/Python/3.12.11/x64/lib
2025-08-21T19:34:35.3536251Z ##[endgroup]
2025-08-21T19:34:36.2995917Z INFO  [alembic.runtime.migration] Context impl PostgresqlImpl.
2025-08-21T19:34:36.2996416Z INFO  [alembic.runtime.migration] Will assume transactional DDL.
2025-08-21T19:34:36.3179936Z INFO  [alembic.runtime.migration] Running upgrade  -> 0001_baseline
2025-08-21T19:34:36.3321911Z INFO  [alembic.runtime.migration] Running upgrade 0001_baseline -> 0002_create_roi_view
2025-08-21T19:34:36.3347983Z INFO  [alembic.runtime.migration] Running upgrade 0002_create_roi_view -> 3e9d5c5aff2c
2025-08-21T19:34:36.3511339Z INFO  [alembic.runtime.migration] Running upgrade 3e9d5c5aff2c -> 0003_vendor_prices
2025-08-21T19:34:36.3644997Z INFO  [alembic.runtime.migration] Running upgrade 0003_vendor_prices -> 0004_fee_cron
2025-08-21T19:34:36.3717977Z INFO  [alembic.runtime.migration] Running upgrade 0004_fee_cron -> 0006_fix_roi_views
2025-08-21T19:34:36.3748812Z INFO  [alembic.runtime.migration] Running upgrade 0006_fix_roi_views -> 0020_unified_schema
2025-08-21T19:34:36.3851547Z INFO  [alembic.runtime.migration] Running upgrade 0020_unified_schema -> 0022_fix_roi_view
2025-08-21T19:34:36.3912821Z INFO  [alembic.runtime.migration] Running upgrade 0022_fix_roi_view -> 0023_add_storage_fee
2025-08-21T19:34:36.3949876Z INFO  [alembic.runtime.migration] Running upgrade 0023_add_storage_fee -> 0024_create_buybox
2025-08-21T19:34:36.3971340Z INFO  [alembic.runtime.migration] Running upgrade 0024_create_buybox -> 0025_pr4_indexes_loadlog
2025-08-21T19:34:36.4166920Z INFO  [alembic.runtime.migration] Running upgrade 0025_pr4_indexes_loadlog -> 0026_amazon_new_reports
2025-08-21T19:34:36.5101268Z ##[group]Run python -m mypy services || true
2025-08-21T19:34:36.5101618Z [36;1mpython -m mypy services || true[0m
2025-08-21T19:34:36.5142036Z shell: /usr/bin/bash -e {0}
2025-08-21T19:34:36.5142270Z env:
2025-08-21T19:34:36.5142472Z   REDIS_URL: redis://localhost:6379/0
2025-08-21T19:34:36.5142745Z   RATE_LIMIT_DEFAULT: 100/minute
2025-08-21T19:34:36.5142960Z   TRUST_X_FORWARDED: 1
2025-08-21T19:34:36.5143146Z   PG_USER: postgres
2025-08-21T19:34:36.5143331Z   PG_PASSWORD: pass
2025-08-21T19:34:36.5143510Z   PG_DATABASE: awa
2025-08-21T19:34:36.5143678Z   PG_HOST: localhost
2025-08-21T19:34:36.5143855Z   PG_PORT: 5432
2025-08-21T19:34:36.5144445Z   PG_SYNC_DSN: ***localhost:5432/awa
2025-08-21T19:34:36.5144879Z   PG_ASYNC_DSN: ***localhost:5432/awa
2025-08-21T19:34:36.5145453Z   DATABASE_URL: ***localhost:5432/awa
2025-08-21T19:34:36.5145824Z   DATA_DIR: /tmp/awa-data
2025-08-21T19:34:36.5146112Z   ENABLE_LIVE: 0
2025-08-21T19:34:36.5146375Z   TESTING: 1
2025-08-21T19:34:36.5146745Z   pythonLocation: /opt/hostedtoolcache/Python/3.12.11/x64
2025-08-21T19:34:36.5147339Z   PKG_CONFIG_PATH: /opt/hostedtoolcache/Python/3.12.11/x64/lib/pkgconfig
2025-08-21T19:34:36.5147840Z   Python_ROOT_DIR: /opt/hostedtoolcache/Python/3.12.11/x64
2025-08-21T19:34:36.5148195Z   Python2_ROOT_DIR: /opt/hostedtoolcache/Python/3.12.11/x64
2025-08-21T19:34:36.5148735Z   Python3_ROOT_DIR: /opt/hostedtoolcache/Python/3.12.11/x64
2025-08-21T19:34:36.5149076Z   LD_LIBRARY_PATH: /opt/hostedtoolcache/Python/3.12.11/x64/lib
2025-08-21T19:34:36.5149363Z ##[endgroup]
2025-08-21T19:35:07.1421528Z Success: no issues found in 99 source files
2025-08-21T19:35:07.1810250Z ##[group]Run pytest -q --cov=services --cov-report=xml
2025-08-21T19:35:07.1810616Z [36;1mpytest -q --cov=services --cov-report=xml[0m
2025-08-21T19:35:07.1850616Z shell: /usr/bin/bash -e {0}
2025-08-21T19:35:07.1850823Z env:
2025-08-21T19:35:07.1851026Z   REDIS_URL: redis://localhost:6379/0
2025-08-21T19:35:07.1851277Z   RATE_LIMIT_DEFAULT: 100/minute
2025-08-21T19:35:07.1851491Z   TRUST_X_FORWARDED: 1
2025-08-21T19:35:07.1851682Z   PG_USER: postgres
2025-08-21T19:35:07.1851867Z   PG_PASSWORD: pass
2025-08-21T19:35:07.1852043Z   PG_DATABASE: awa
2025-08-21T19:35:07.1852211Z   PG_HOST: localhost
2025-08-21T19:35:07.1852388Z   PG_PORT: 5432
2025-08-21T19:35:07.1852868Z   PG_SYNC_DSN: ***localhost:5432/awa
2025-08-21T19:35:07.1853321Z   PG_ASYNC_DSN: ***localhost:5432/awa
2025-08-21T19:35:07.1853695Z   DATABASE_URL: ***localhost:5432/awa
2025-08-21T19:35:07.1853917Z   DATA_DIR: /tmp/awa-data
2025-08-21T19:35:07.1854115Z   ENABLE_LIVE: 0
2025-08-21T19:35:07.1854286Z   TESTING: 1
2025-08-21T19:35:07.1854543Z   pythonLocation: /opt/hostedtoolcache/Python/3.12.11/x64
2025-08-21T19:35:07.1854916Z   PKG_CONFIG_PATH: /opt/hostedtoolcache/Python/3.12.11/x64/lib/pkgconfig
2025-08-21T19:35:07.1855486Z   Python_ROOT_DIR: /opt/hostedtoolcache/Python/3.12.11/x64
2025-08-21T19:35:07.1855827Z   Python2_ROOT_DIR: /opt/hostedtoolcache/Python/3.12.11/x64
2025-08-21T19:35:07.1856163Z   Python3_ROOT_DIR: /opt/hostedtoolcache/Python/3.12.11/x64
2025-08-21T19:35:07.1856495Z   LD_LIBRARY_PATH: /opt/hostedtoolcache/Python/3.12.11/x64/lib
2025-08-21T19:35:07.1856776Z ##[endgroup]
2025-08-21T19:35:35.3237413Z ........s.............................sssssss........................... [ 41%]
2025-08-21T19:36:07.2331505Z ........................................................................ [ 83%]
2025-08-21T19:36:08.4321417Z .............................                                            [100%]
2025-08-21T19:36:08.4322147Z =============================== warnings summary ===============================
2025-08-21T19:36:08.4322887Z ../../../../../opt/hostedtoolcache/Python/3.12.11/x64/lib/python3.12/site-packages/pydantic/fields.py:1093
2025-08-21T19:36:08.4325642Z   /opt/hostedtoolcache/Python/3.12.11/x64/lib/python3.12/site-packages/pydantic/fields.py:1093: PydanticDeprecatedSince20: Using extra keyword arguments on `Field` is deprecated and will be removed. Use `json_schema_extra` instead. (Extra keys: 'strip_whitespace'). Deprecated in Pydantic V2.0 to be removed in V3.0. See Pydantic V2 Migration Guide at https://errors.pydantic.dev/2.11/migration/
2025-08-21T19:36:08.4328762Z     warn(
2025-08-21T19:36:08.4328943Z 
2025-08-21T19:36:08.4329259Z services/alert_bot/tests/test_smoke.py:5
2025-08-21T19:36:08.4330670Z   /home/runner/work/AWA-App/AWA-App/services/alert_bot/tests/test_smoke.py:5: UserWarning: pkg_resources is deprecated as an API. See https://setuptools.pypa.io/en/latest/pkg_resources.html. The pkg_resources package is slated for removal as early as 2025-11-30. Refrain from using this package or pin to Setuptools<81.
2025-08-21T19:36:08.4332017Z     import pkg_resources  # noqa: F401
2025-08-21T19:36:08.4332225Z 
2025-08-21T19:36:08.4332354Z tests/api/test_ingest_endpoints.py: 12 warnings
2025-08-21T19:36:08.4332671Z tests/ingest/test_tasks_eager.py: 3 warnings
2025-08-21T19:36:08.4332963Z tests/test_api_fast.py: 1 warning
2025-08-21T19:36:08.4333222Z tests/test_health.py: 5 warnings
2025-08-21T19:36:08.4333466Z tests/test_smoke.py: 5 warnings
2025-08-21T19:36:08.4333726Z services/api/tests/test_cors.py: 1 warning
2025-08-21T19:36:08.4334041Z services/api/tests/test_errors_json.py: 2 warnings
2025-08-21T19:36:08.4334363Z services/api/tests/test_health.py: 1 warning
2025-08-21T19:36:08.4334971Z services/api/tests/test_rate_limit.py: 122 warnings
2025-08-21T19:36:08.4335540Z services/api/tests/test_roi_basic_auth.py: 4 warnings
2025-08-21T19:36:08.4335889Z services/api/tests/test_sentry_event.py: 1 warning
2025-08-21T19:36:08.4336233Z services/api/tests/test_stats_contracts.py: 3 warnings
2025-08-21T19:36:08.4336826Z services/api/tests/test_stats_future_contracts.py: 3 warnings
2025-08-21T19:36:08.4338384Z   /opt/hostedtoolcache/Python/3.12.11/x64/lib/python3.12/site-packages/asgi_correlation_id/extensions/sentry.py:27: DeprecationWarning: sentry_sdk.configure_scope is deprecated and will be removed in the next major version. Please consult our migration guide to learn how to migrate to the new API: https://docs.sentry.io/platforms/python/migration/1.x-to-2.x#scope-configuring
2025-08-21T19:36:08.4339852Z     with configure_scope() as scope:
2025-08-21T19:36:08.4340027Z 
2025-08-21T19:36:08.4340147Z tests/api/test_ingest_endpoints.py: 3 warnings
2025-08-21T19:36:08.4340439Z tests/test_api_fast.py: 1 warning
2025-08-21T19:36:08.4340704Z tests/test_health.py: 5 warnings
2025-08-21T19:36:08.4340950Z tests/test_smoke.py: 5 warnings
2025-08-21T19:36:08.4341204Z services/api/tests/test_cors.py: 3 warnings
2025-08-21T19:36:08.4341519Z services/api/tests/test_errors_json.py: 2 warnings
2025-08-21T19:36:08.4341857Z services/api/tests/test_health.py: 1 warning
2025-08-21T19:36:08.4342235Z Sentry is attempting to send 0 pending events
2025-08-21T19:36:08.4342523Z Waiting up to True seconds
2025-08-21T19:36:08.4342739Z Press Ctrl-C to quit
2025-08-21T19:36:08.4342965Z services/api/tests/test_rate_limit.py: 2 warnings
2025-08-21T19:36:08.4343251Z services/api/tests/test_sentry_event.py: 1 warning
2025-08-21T19:36:08.4343559Z services/api/tests/test_stats_contracts.py: 3 warnings
2025-08-21T19:36:08.4343908Z services/api/tests/test_stats_future_contracts.py: 1 warning
2025-08-21T19:36:08.4344734Z   /opt/hostedtoolcache/Python/3.12.11/x64/lib/python3.12/site-packages/fastapi_limiter/__init__.py:89: DeprecationWarning: Call to deprecated close. (Use aclose() instead) -- Deprecated since version 5.0.1.
2025-08-21T19:36:08.4345609Z     await cls.redis.close()
2025-08-21T19:36:08.4345757Z 
2025-08-21T19:36:08.4345967Z tests/test_api_fast.py::test_health_endpoint
2025-08-21T19:36:08.4346921Z   /home/runner/work/AWA-App/AWA-App/tests/test_api_fast.py:13: DeprecationWarning: datetime.datetime.utcnow() is deprecated and scheduled for removal in a future version. Use timezone-aware objects to represent datetimes in UTC: datetime.datetime.now(datetime.UTC).
2025-08-21T19:36:08.4347860Z     return datetime.datetime.utcnow()
2025-08-21T19:36:08.4348026Z 
2025-08-21T19:36:08.4348110Z tests/test_api_fast.py: 1 warning
2025-08-21T19:36:08.4348343Z tests/test_health.py: 5 warnings
2025-08-21T19:36:08.4348565Z tests/test_smoke.py: 5 warnings
2025-08-21T19:36:08.4348792Z services/api/tests/test_cors.py: 1 warning
2025-08-21T19:36:08.4349051Z services/api/tests/test_health.py: 1 warning
2025-08-21T19:36:08.4349333Z services/api/tests/test_rate_limit.py: 102 warnings
2025-08-21T19:36:08.4350331Z   /home/runner/work/AWA-App/AWA-App/services/api/routes/health.py:24: DeprecationWarning: datetime.datetime.utcnow() is deprecated and scheduled for removal in a future version. Use timezone-aware objects to represent datetimes in UTC: datetime.datetime.now(datetime.UTC).
2025-08-21T19:36:08.4351335Z     app_now = datetime.utcnow().replace(tzinfo=timezone.utc)
2025-08-21T19:36:08.4351546Z 
2025-08-21T19:36:08.4351639Z tests/test_health.py::test_health[0]
2025-08-21T19:36:08.4351879Z tests/test_health.py::test_health[1]
2025-08-21T19:36:08.4352117Z tests/test_health.py::test_health[2]
2025-08-21T19:36:08.4352341Z tests/test_health.py::test_health[3]
2025-08-21T19:36:08.4352567Z tests/test_health.py::test_health[4]
2025-08-21T19:36:08.4353476Z   /home/runner/work/AWA-App/AWA-App/tests/test_health.py:22: DeprecationWarning: datetime.datetime.utcnow() is deprecated and scheduled for removal in a future version. Use timezone-aware objects to represent datetimes in UTC: datetime.datetime.now(datetime.UTC).
2025-08-21T19:36:08.4354531Z     return datetime.datetime.utcnow()
2025-08-21T19:36:08.4354691Z 
2025-08-21T19:36:08.4354778Z tests/test_smoke.py::test_health[0]
2025-08-21T19:36:08.4355012Z tests/test_smoke.py::test_health[1]
2025-08-21T19:36:08.4355470Z tests/test_smoke.py::test_health[2]
2025-08-21T19:36:08.4355703Z tests/test_smoke.py::test_health[3]
2025-08-21T19:36:08.4355929Z tests/test_smoke.py::test_health[4]
2025-08-21T19:36:08.4356818Z   /home/runner/work/AWA-App/AWA-App/tests/test_smoke.py:32: DeprecationWarning: datetime.datetime.utcnow() is deprecated and scheduled for removal in a future version. Use timezone-aware objects to represent datetimes in UTC: datetime.datetime.now(datetime.UTC).
2025-08-21T19:36:08.4357733Z     return datetime.datetime.utcnow()
2025-08-21T19:36:08.4357893Z 
2025-08-21T19:36:08.4358043Z services/api/tests/test_cors.py::test_cors_simple_get_allowed
2025-08-21T19:36:08.4359062Z   /home/runner/work/AWA-App/AWA-App/services/api/tests/test_cors.py:27: DeprecationWarning: datetime.datetime.utcnow() is deprecated and scheduled for removal in a future version. Use timezone-aware objects to represent datetimes in UTC: datetime.datetime.now(datetime.UTC).
2025-08-21T19:36:08.4360023Z     return datetime.datetime.utcnow()
2025-08-21T19:36:08.4360188Z 
2025-08-21T19:36:08.4360319Z services/api/tests/test_health.py::test_health_route
2025-08-21T19:36:08.4361321Z   /home/runner/work/AWA-App/AWA-App/services/api/tests/test_health.py:14: DeprecationWarning: datetime.datetime.utcnow() is deprecated and scheduled for removal in a future version. Use timezone-aware objects to represent datetimes in UTC: datetime.datetime.now(datetime.UTC).
2025-08-21T19:36:08.4362305Z     return datetime.datetime.utcnow()
2025-08-21T19:36:08.4362465Z 
2025-08-21T19:36:08.4362578Z services/api/tests/test_rate_limit.py: 102 warnings
2025-08-21T19:36:08.4363579Z   /home/runner/work/AWA-App/AWA-App/services/api/tests/test_rate_limit.py:33: DeprecationWarning: datetime.datetime.utcnow() is deprecated and scheduled for removal in a future version. Use timezone-aware objects to represent datetimes in UTC: datetime.datetime.now(datetime.UTC).
2025-08-21T19:36:08.4364559Z     return datetime.datetime.utcnow()
2025-08-21T19:36:08.4364714Z 
2025-08-21T19:36:08.4364946Z services/api/tests/test_sentry_event.py::test_unhandled_exception_is_captured_and_tagged
2025-08-21T19:36:08.4366426Z   /home/runner/work/AWA-App/AWA-App/services/api/tests/test_sentry_event.py:47: SentryHubDeprecationWarning: `sentry_sdk.Hub` is deprecated and will be removed in a future major release. Please consult our 1.x to 2.x migration guide for details on how to migrate `Hub` usage to the new API: https://docs.sentry.io/platforms/python/migration/1.x-to-2.x
2025-08-21T19:36:08.4368468Z     hub = sentry_sdk.Hub.current
2025-08-21T19:36:08.4368727Z 
2025-08-21T19:36:08.4369053Z -- Docs: https://docs.pytest.org/en/stable/how-to/capture-warnings.html
2025-08-21T19:36:08.4369696Z ================================ tests coverage ================================
2025-08-21T19:36:08.4370368Z _______________ coverage: platform linux, python 3.12.11-final-0 _______________
2025-08-21T19:36:08.4370827Z 
2025-08-21T19:36:08.4370999Z Coverage XML written to file coverage.xml
2025-08-21T19:36:08.8458413Z ##[group]Run actions/upload-artifact@v4
2025-08-21T19:36:08.8458678Z with:
2025-08-21T19:36:08.8458842Z   name: coverage
2025-08-21T19:36:08.8459029Z   path: coverage.xml
2025-08-21T19:36:08.8459233Z   if-no-files-found: warn
2025-08-21T19:36:08.8459443Z   compression-level: 6
2025-08-21T19:36:08.8459640Z   overwrite: false
2025-08-21T19:36:08.8459827Z   include-hidden-files: false
2025-08-21T19:36:08.8460045Z env:
2025-08-21T19:36:08.8460231Z   REDIS_URL: redis://localhost:6379/0
2025-08-21T19:36:08.8460479Z   RATE_LIMIT_DEFAULT: 100/minute
2025-08-21T19:36:08.8460693Z   TRUST_X_FORWARDED: 1
2025-08-21T19:36:08.8460872Z   PG_USER: postgres
2025-08-21T19:36:08.8461052Z   PG_PASSWORD: pass
2025-08-21T19:36:08.8461409Z   PG_DATABASE: awa
2025-08-21T19:36:08.8461577Z   PG_HOST: localhost
2025-08-21T19:36:08.8461753Z   PG_PORT: 5432
2025-08-21T19:36:08.8462165Z   PG_SYNC_DSN: ***localhost:5432/awa
2025-08-21T19:36:08.8462548Z   PG_ASYNC_DSN: ***localhost:5432/awa
2025-08-21T19:36:08.8462954Z   DATABASE_URL: ***localhost:5432/awa
2025-08-21T19:36:08.8463180Z   DATA_DIR: /tmp/awa-data
2025-08-21T19:36:08.8463376Z   ENABLE_LIVE: 0
2025-08-21T19:36:08.8463546Z   TESTING: 1
2025-08-21T19:36:08.8463769Z   pythonLocation: /opt/hostedtoolcache/Python/3.12.11/x64
2025-08-21T19:36:08.8464153Z   PKG_CONFIG_PATH: /opt/hostedtoolcache/Python/3.12.11/x64/lib/pkgconfig
2025-08-21T19:36:08.8464522Z   Python_ROOT_DIR: /opt/hostedtoolcache/Python/3.12.11/x64
2025-08-21T19:36:08.8464858Z   Python2_ROOT_DIR: /opt/hostedtoolcache/Python/3.12.11/x64
2025-08-21T19:36:08.8465191Z   Python3_ROOT_DIR: /opt/hostedtoolcache/Python/3.12.11/x64
2025-08-21T19:36:08.8465796Z   LD_LIBRARY_PATH: /opt/hostedtoolcache/Python/3.12.11/x64/lib
2025-08-21T19:36:08.8466088Z ##[endgroup]
2025-08-21T19:36:09.0551375Z With the provided path, there will be 1 file uploaded
2025-08-21T19:36:09.0556311Z Artifact name is valid!
2025-08-21T19:36:09.0557677Z Root directory input is valid!
2025-08-21T19:36:09.1406561Z Beginning upload of artifact content to blob storage
2025-08-21T19:36:09.1949577Z Uploaded bytes 5444
2025-08-21T19:36:09.2097331Z Finished uploading artifact content to blob storage!
2025-08-21T19:36:09.2100877Z SHA256 digest of uploaded artifact zip is fb802eb157cbaaa1b5cb6a5ad3c08c8c7d316dffd474a2f8c8109f162999d5b6
2025-08-21T19:36:09.2102620Z Finalizing artifact upload
2025-08-21T19:36:09.3012844Z Artifact coverage.zip successfully finalized. Artifact ID 3822343795
2025-08-21T19:36:09.3013852Z Artifact coverage has been successfully uploaded! Final size is 5444 bytes. Artifact ID is 3822343795
2025-08-21T19:36:09.3021457Z Artifact download URL: https://github.com/AlexBomber12/AWA-App/actions/runs/17137089020/artifacts/3822343795
2025-08-21T19:36:09.3132782Z Post job cleanup.
2025-08-21T19:36:09.4701980Z Cache hit occurred on the primary key setup-python-Linux-x64-24.04-Ubuntu-python-3.12.11-pip-cc13ccef493b9f3a93ad5651164d9fb09282c1111f6f72ce20e0657de16de6b4, not saving cache.
2025-08-21T19:36:09.4803480Z Post job cleanup.
2025-08-21T19:36:09.5558117Z [command]/usr/bin/git version
2025-08-21T19:36:09.5594286Z git version 2.51.0
2025-08-21T19:36:09.5629249Z Temporarily overriding HOME='/home/runner/work/_temp/150b7bbd-c780-4814-8a46-43fc23746934' before making global git config changes
2025-08-21T19:36:09.5630409Z Adding repository directory to the temporary git global config as a safe directory
2025-08-21T19:36:09.5634558Z [command]/usr/bin/git config --global --add safe.directory /home/runner/work/AWA-App/AWA-App
2025-08-21T19:36:09.5669428Z [command]/usr/bin/git config --local --name-only --get-regexp core\.sshCommand
2025-08-21T19:36:09.5701616Z [command]/usr/bin/git submodule foreach --recursive sh -c "git config --local --name-only --get-regexp 'core\.sshCommand' && git config --local --unset-all 'core.sshCommand' || :"
2025-08-21T19:36:09.5926718Z [command]/usr/bin/git config --local --name-only --get-regexp http\.https\:\/\/github\.com\/\.extraheader
2025-08-21T19:36:09.5948320Z http.https://github.com/.extraheader
2025-08-21T19:36:09.5958201Z [command]/usr/bin/git config --local --unset-all http.https://github.com/.extraheader
2025-08-21T19:36:09.5988130Z [command]/usr/bin/git submodule foreach --recursive sh -c "git config --local --name-only --get-regexp 'http\.https\:\/\/github\.com\/\.extraheader' && git config --local --unset-all 'http.https://github.com/.extraheader' || :"
2025-08-21T19:36:09.6296795Z Print service container logs: 8bfa4864442b4feeadfdff83455ceaa3_postgres15_b21402
2025-08-21T19:36:09.6300995Z ##[command]/usr/bin/docker logs --details 28279314d9cf3448e77adbdd446896c9e8cc80e5fa44f19369c254761c34e29b
2025-08-21T19:36:09.6419012Z  The files belonging to this database system will be owned by user "postgres".
2025-08-21T19:36:09.6421380Z  initdb: warning: enabling "trust" authentication for local connections
2025-08-21T19:36:09.6422456Z  initdb: hint: You can change this by editing pg_hba.conf or using the option -A, or --auth-local and --auth-host, the next time you run initdb.
2025-08-21T19:36:09.6423367Z  This user must also own the server process.
2025-08-21T19:36:09.6423781Z  
2025-08-21T19:36:09.6424202Z  The database cluster will be initialized with locale "en_US.utf8".
2025-08-21T19:36:09.6424932Z  The default database encoding has accordingly been set to "UTF8".
2025-08-21T19:36:09.6425737Z  The default text search configuration will be set to "english".
2025-08-21T19:36:09.6426270Z  
2025-08-21T19:36:09.6426557Z  Data page checksums are disabled.
2025-08-21T19:36:09.6426921Z  
2025-08-21T19:36:09.6427355Z  fixing permissions on existing directory /var/lib/postgresql/data ... ok
2025-08-21T19:36:09.6427945Z  creating subdirectories ... ok
2025-08-21T19:36:09.6428380Z  selecting dynamic shared memory implementation ... posix
2025-08-21T19:36:09.6428742Z  selecting default max_connections ... 100
2025-08-21T19:36:09.6429018Z  selecting default shared_buffers ... 128MB
2025-08-21T19:36:09.6429280Z  selecting default time zone ... Etc/UTC
2025-08-21T19:36:09.6429538Z  creating configuration files ... ok
2025-08-21T19:36:09.6429792Z  running bootstrap script ... ok
2025-08-21T19:36:09.6430071Z  performing post-bootstrap initialization ... ok
2025-08-21T19:36:09.6430366Z  syncing data to disk ... ok
2025-08-21T19:36:09.6430806Z  
2025-08-21T19:36:09.6431058Z  
2025-08-21T19:36:09.6431510Z  Success. You can now start the database server using:
2025-08-21T19:36:09.6431879Z  
2025-08-21T19:36:09.6432148Z      pg_ctl -D /var/lib/postgresql/data -l logfile start
2025-08-21T19:36:09.6432559Z  
2025-08-21T19:36:09.6433196Z  waiting for server to start....2025-08-21 19:33:53.251 UTC [48] LOG:  starting PostgreSQL 15.14 (Debian 15.14-1.pgdg13+1) on x86_64-pc-linux-gnu, compiled by gcc (Debian 14.2.0-19) 14.2.0, 64-bit
2025-08-21T19:36:09.6486497Z  2025-08-21 19:33:53.252 UTC [48] LOG:  listening on Unix socket "/var/run/postgresql/.s.PGSQL.5432"
2025-08-21T19:36:09.6487305Z  2025-08-21 19:33:53.255 UTC [51] LOG:  database system was shut down at 2025-08-21 19:33:53 UTC
2025-08-21T19:36:09.6488456Z  2025-08-21 19:33:53.584 UTC [1] LOG:  starting PostgreSQL 15.14 (Debian 15.14-1.pgdg13+1) on x86_64-pc-linux-gnu, compiled by gcc (Debian 14.2.0-19) 14.2.0, 64-bit
2025-08-21T19:36:09.6489470Z  2025-08-21 19:33:53.584 UTC [1] LOG:  listening on IPv4 address "0.0.0.0", port 5432
2025-08-21T19:36:09.6489956Z  2025-08-21 19:33:53.584 UTC [1] LOG:  listening on IPv6 address "::", port 5432
2025-08-21T19:36:09.6490424Z  2025-08-21 19:33:53.585 UTC [1] LOG:  listening on Unix socket "/var/run/postgresql/.s.PGSQL.5432"
2025-08-21T19:36:09.6490910Z  2025-08-21 19:33:53.588 UTC [64] LOG:  database system was shut down at 2025-08-21 19:33:53 UTC
2025-08-21T19:36:09.6491342Z  2025-08-21 19:33:53.591 UTC [1] LOG:  database system is ready to accept connections
2025-08-21T19:36:09.6491749Z  2025-08-21 19:33:53.259 UTC [48] LOG:  database system is ready to accept connections
2025-08-21T19:36:09.6492062Z   done
2025-08-21T19:36:09.6492226Z  server started
2025-08-21T19:36:09.6492403Z  CREATE DATABASE
2025-08-21T19:36:09.6492571Z  
2025-08-21T19:36:09.6492715Z  
2025-08-21T19:36:09.6493003Z  /usr/local/bin/docker-entrypoint.sh: ignoring /docker-entrypoint-initdb.d/*
2025-08-21T19:36:09.6493361Z  
2025-08-21T19:36:09.6493588Z  2025-08-21 19:33:53.464 UTC [48] LOG:  received fast shutdown request
2025-08-21T19:36:09.6494272Z  waiting for server to shut down....2025-08-21 19:33:53.465 UTC [48] LOG:  aborting any active transactions
2025-08-21T19:36:09.6494859Z  2025-08-21 19:33:53.466 UTC [48] LOG:  background worker "logical replication launcher" (PID 54) exited with exit code 1
2025-08-21T19:36:09.6495452Z  2025-08-21 19:33:53.467 UTC [49] LOG:  shutting down
2025-08-21T19:36:09.6495784Z  2025-08-21 19:33:53.467 UTC [49] LOG:  checkpoint starting: shutdown immediate
2025-08-21T19:36:09.6496736Z  2025-08-21 19:33:53.488 UTC [49] LOG:  checkpoint complete: wrote 922 buffers (5.6%); 0 WAL file(s) added, 0 removed, 0 recycled; write=0.017 s, sync=0.002 s, total=0.021 s; sync files=301, longest=0.001 s, average=0.001 s; distance=4239 kB, estimate=4239 kB
2025-08-21T19:36:09.6497522Z  2025-08-21 19:33:53.495 UTC [48] LOG:  database system is shut down
2025-08-21T19:36:09.6497798Z   done
2025-08-21T19:36:09.6497954Z  server stopped
2025-08-21T19:36:09.6498122Z  
2025-08-21T19:36:09.6498336Z  PostgreSQL init process complete; ready for start up.
2025-08-21T19:36:09.6498606Z  
2025-08-21T19:36:09.6503542Z Stop and remove container: 8bfa4864442b4feeadfdff83455ceaa3_postgres15_b21402
2025-08-21T19:36:09.6508396Z ##[command]/usr/bin/docker rm --force 28279314d9cf3448e77adbdd446896c9e8cc80e5fa44f19369c254761c34e29b
2025-08-21T19:36:09.7758351Z 28279314d9cf3448e77adbdd446896c9e8cc80e5fa44f19369c254761c34e29b
2025-08-21T19:36:09.7781847Z Print service container logs: 2ea2bd7ab55246fb921246d1dbd24611_redis7alpine_24ed8e
2025-08-21T19:36:09.7782967Z ##[command]/usr/bin/docker logs --details 86f342223f0b336045adcf5143e212ced680e698bb68ca4f50ba2d609db8bef5
2025-08-21T19:36:09.7903917Z  1:C 21 Aug 2025 19:33:53.610 # WARNING Memory overcommit must be enabled! Without it, a background save or replication may fail under low memory condition. Being disabled, it can also cause failures without low memory condition, see https://github.com/jemalloc/jemalloc/issues/1328. To fix this issue add 'vm.overcommit_memory = 1' to /etc/sysctl.conf and then reboot or run the command 'sysctl vm.overcommit_memory=1' for this to take effect.
2025-08-21T19:36:09.7906743Z  1:C 21 Aug 2025 19:33:53.610 * oO0OoO0OoO0Oo Redis is starting oO0OoO0OoO0Oo
2025-08-21T19:36:09.7907535Z  1:C 21 Aug 2025 19:33:53.610 * Redis version=7.4.5, bits=64, commit=00000000, modified=0, pid=1, just started
2025-08-21T19:36:09.7908740Z  1:C 21 Aug 2025 19:33:53.610 # Warning: no config file specified, using the default config. In order to specify a config file use redis-server /path/to/redis.conf
2025-08-21T19:36:09.7909794Z  1:M 21 Aug 2025 19:33:53.610 * monotonic clock: POSIX clock_gettime
2025-08-21T19:36:09.7910391Z  1:M 21 Aug 2025 19:33:53.611 * Running mode=standalone, port=6379.
2025-08-21T19:36:09.7910921Z  1:M 21 Aug 2025 19:33:53.611 * Server initialized
2025-08-21T19:36:09.7911435Z  1:M 21 Aug 2025 19:33:53.611 * Ready to accept connections tcp
2025-08-21T19:36:09.7920444Z Stop and remove container: 2ea2bd7ab55246fb921246d1dbd24611_redis7alpine_24ed8e
2025-08-21T19:36:09.7921166Z ##[command]/usr/bin/docker rm --force 86f342223f0b336045adcf5143e212ced680e698bb68ca4f50ba2d609db8bef5
2025-08-21T19:36:09.8945697Z 86f342223f0b336045adcf5143e212ced680e698bb68ca4f50ba2d609db8bef5
2025-08-21T19:36:09.8970103Z Remove container network: github_network_c27314fa2d434042bf7604d9c4babea4
2025-08-21T19:36:09.8974739Z ##[command]/usr/bin/docker network rm github_network_c27314fa2d434042bf7604d9c4babea4
2025-08-21T19:36:10.0151918Z github_network_c27314fa2d434042bf7604d9c4babea4
2025-08-21T19:36:10.0208338Z Cleaning up orphan processes
