2025-08-19T08:20:07.2902101Z Current runner version: '2.327.1'
2025-08-19T08:20:07.2926443Z ##[group]Runner Image Provisioner
2025-08-19T08:20:07.2927288Z Hosted Compute Agent
2025-08-19T08:20:07.2927809Z Version: 20250818.377
2025-08-19T08:20:07.2928392Z Commit: 3c593e9f75fe0b87e893bca80d6e12ba089c61fc
2025-08-19T08:20:07.2929044Z Build Date: 2025-08-18T14:52:18Z
2025-08-19T08:20:07.2929700Z ##[endgroup]
2025-08-19T08:20:07.2930210Z ##[group]Operating System
2025-08-19T08:20:07.2930707Z Ubuntu
2025-08-19T08:20:07.2931240Z 24.04.2
2025-08-19T08:20:07.2931663Z LTS
2025-08-19T08:20:07.2932168Z ##[endgroup]
2025-08-19T08:20:07.2932665Z ##[group]Runner Image
2025-08-19T08:20:07.2933196Z Image: ubuntu-24.04
2025-08-19T08:20:07.2933651Z Version: 20250810.1.0
2025-08-19T08:20:07.2935418Z Included Software: https://github.com/actions/runner-images/blob/ubuntu24/20250810.1/images/ubuntu/Ubuntu2404-Readme.md
2025-08-19T08:20:07.2936956Z Image Release: https://github.com/actions/runner-images/releases/tag/ubuntu24%2F20250810.1
2025-08-19T08:20:07.2938317Z ##[endgroup]
2025-08-19T08:20:07.2940713Z ##[group]GITHUB_TOKEN Permissions
2025-08-19T08:20:07.2942989Z Actions: write
2025-08-19T08:20:07.2943484Z Attestations: write
2025-08-19T08:20:07.2944000Z Checks: write
2025-08-19T08:20:07.2944655Z Contents: write
2025-08-19T08:20:07.2945172Z Deployments: write
2025-08-19T08:20:07.2945638Z Discussions: write
2025-08-19T08:20:07.2946204Z Issues: write
2025-08-19T08:20:07.2946692Z Metadata: read
2025-08-19T08:20:07.2947156Z Models: read
2025-08-19T08:20:07.2947668Z Packages: write
2025-08-19T08:20:07.2948134Z Pages: write
2025-08-19T08:20:07.2948641Z PullRequests: write
2025-08-19T08:20:07.2949110Z RepositoryProjects: write
2025-08-19T08:20:07.2949724Z SecurityEvents: write
2025-08-19T08:20:07.2950328Z Statuses: write
2025-08-19T08:20:07.2950790Z ##[endgroup]
2025-08-19T08:20:07.2952813Z Secret source: Actions
2025-08-19T08:20:07.2953463Z Prepare workflow directory
2025-08-19T08:20:07.3373129Z Prepare all required actions
2025-08-19T08:20:07.3410300Z Getting action download info
2025-08-19T08:20:07.7084204Z Download action repository 'actions/checkout@v4' (SHA:08eba0b27e820071cde6df949e0beb9ba4906955)
2025-08-19T08:20:08.0176191Z Download action repository 'actions/setup-python@v5' (SHA:a26af69be951a213d495a4c3e4e4022e16d87065)
2025-08-19T08:20:08.3032873Z Download action repository 'actions/upload-artifact@v4' (SHA:ea165f8d65b6e75b540449e92b4886f43607fa02)
2025-08-19T08:20:08.5214325Z Complete job name: unit
2025-08-19T08:20:08.5781044Z ##[group]Checking docker version
2025-08-19T08:20:08.5795125Z ##[command]/usr/bin/docker version --format '{{.Server.APIVersion}}'
2025-08-19T08:20:08.6312696Z '1.48'
2025-08-19T08:20:08.6326023Z Docker daemon API version: '1.48'
2025-08-19T08:20:08.6327480Z ##[command]/usr/bin/docker version --format '{{.Client.APIVersion}}'
2025-08-19T08:20:08.6490528Z '1.48'
2025-08-19T08:20:08.6505648Z Docker client API version: '1.48'
2025-08-19T08:20:08.6511799Z ##[endgroup]
2025-08-19T08:20:08.6515342Z ##[group]Clean up resources from previous jobs
2025-08-19T08:20:08.6521519Z ##[command]/usr/bin/docker ps --all --quiet --no-trunc --filter "label=dc9ac2"
2025-08-19T08:20:08.6667254Z ##[command]/usr/bin/docker network prune --force --filter "label=dc9ac2"
2025-08-19T08:20:08.6792431Z ##[endgroup]
2025-08-19T08:20:08.6793322Z ##[group]Create local container network
2025-08-19T08:20:08.6804825Z ##[command]/usr/bin/docker network create --label dc9ac2 github_network_e0961e9ba6de48cc96b57c7a90e745d8
2025-08-19T08:20:08.7332650Z d118ea193d2f64edc8a2a5042c33c4fc320be06ca5a7d1916834b154fd4fb27f
2025-08-19T08:20:08.7352148Z ##[endgroup]
2025-08-19T08:20:08.7377906Z ##[group]Starting postgres service container
2025-08-19T08:20:08.7397191Z ##[command]/usr/bin/docker pull postgres:15
2025-08-19T08:20:09.0110407Z 15: Pulling from library/postgres
2025-08-19T08:20:09.0829852Z 396b1da7636e: Pulling fs layer
2025-08-19T08:20:09.0831543Z fca2566eba32: Pulling fs layer
2025-08-19T08:20:09.0833093Z 631fe8c6d606: Pulling fs layer
2025-08-19T08:20:09.0834738Z 77c7671c4414: Pulling fs layer
2025-08-19T08:20:09.0836123Z 2d9e29180a27: Pulling fs layer
2025-08-19T08:20:09.0837107Z c6bcc2c9a041: Pulling fs layer
2025-08-19T08:20:09.0838043Z ac4b721eb66f: Pulling fs layer
2025-08-19T08:20:09.0838970Z 606bd164980e: Pulling fs layer
2025-08-19T08:20:09.0839873Z f5dfd246bc6e: Pulling fs layer
2025-08-19T08:20:09.0840772Z ba7036bb0a60: Pulling fs layer
2025-08-19T08:20:09.0841661Z 799f859abbbd: Pulling fs layer
2025-08-19T08:20:09.0842581Z d903e777080c: Pulling fs layer
2025-08-19T08:20:09.0843471Z 04adcb462801: Pulling fs layer
2025-08-19T08:20:09.0844366Z 5c10925b29ff: Pulling fs layer
2025-08-19T08:20:09.0845530Z f5dfd246bc6e: Waiting
2025-08-19T08:20:09.0846326Z 77c7671c4414: Waiting
2025-08-19T08:20:09.0847084Z ba7036bb0a60: Waiting
2025-08-19T08:20:09.0847851Z 799f859abbbd: Waiting
2025-08-19T08:20:09.0848611Z d903e777080c: Waiting
2025-08-19T08:20:09.0849378Z 04adcb462801: Waiting
2025-08-19T08:20:09.0850207Z 5c10925b29ff: Waiting
2025-08-19T08:20:09.0850965Z 2d9e29180a27: Waiting
2025-08-19T08:20:09.0851743Z c6bcc2c9a041: Waiting
2025-08-19T08:20:09.0852520Z ac4b721eb66f: Waiting
2025-08-19T08:20:09.0853280Z 606bd164980e: Waiting
2025-08-19T08:20:09.1529938Z fca2566eba32: Verifying Checksum
2025-08-19T08:20:09.1532168Z fca2566eba32: Download complete
2025-08-19T08:20:09.2018391Z 631fe8c6d606: Download complete
2025-08-19T08:20:09.2704985Z 77c7671c4414: Verifying Checksum
2025-08-19T08:20:09.2706674Z 77c7671c4414: Download complete
2025-08-19T08:20:09.3224277Z 2d9e29180a27: Verifying Checksum
2025-08-19T08:20:09.3228379Z 2d9e29180a27: Download complete
2025-08-19T08:20:09.3731476Z 396b1da7636e: Verifying Checksum
2025-08-19T08:20:09.3733185Z 396b1da7636e: Download complete
2025-08-19T08:20:09.3931459Z c6bcc2c9a041: Download complete
2025-08-19T08:20:09.4003588Z ac4b721eb66f: Verifying Checksum
2025-08-19T08:20:09.4004986Z ac4b721eb66f: Download complete
2025-08-19T08:20:09.4615949Z 606bd164980e: Download complete
2025-08-19T08:20:09.4834875Z ba7036bb0a60: Verifying Checksum
2025-08-19T08:20:09.4837306Z ba7036bb0a60: Download complete
2025-08-19T08:20:09.5440595Z 799f859abbbd: Verifying Checksum
2025-08-19T08:20:09.5442627Z 799f859abbbd: Download complete
2025-08-19T08:20:09.5619969Z d903e777080c: Verifying Checksum
2025-08-19T08:20:09.5622047Z d903e777080c: Download complete
2025-08-19T08:20:09.6397727Z 5c10925b29ff: Verifying Checksum
2025-08-19T08:20:09.6400827Z 5c10925b29ff: Download complete
2025-08-19T08:20:09.6456888Z 04adcb462801: Verifying Checksum
2025-08-19T08:20:09.6459156Z 04adcb462801: Download complete
2025-08-19T08:20:10.4033777Z f5dfd246bc6e: Verifying Checksum
2025-08-19T08:20:10.4035226Z f5dfd246bc6e: Download complete
2025-08-19T08:20:10.4061217Z 396b1da7636e: Pull complete
2025-08-19T08:20:10.6771274Z fca2566eba32: Pull complete
2025-08-19T08:20:10.8708774Z 631fe8c6d606: Pull complete
2025-08-19T08:20:10.9381652Z 77c7671c4414: Pull complete
2025-08-19T08:20:11.2541680Z 2d9e29180a27: Pull complete
2025-08-19T08:20:11.3514786Z c6bcc2c9a041: Pull complete
2025-08-19T08:20:11.3628374Z ac4b721eb66f: Pull complete
2025-08-19T08:20:11.3758720Z 606bd164980e: Pull complete
2025-08-19T08:20:14.2823908Z f5dfd246bc6e: Pull complete
2025-08-19T08:20:14.3033850Z ba7036bb0a60: Pull complete
2025-08-19T08:20:14.3158803Z 799f859abbbd: Pull complete
2025-08-19T08:20:14.3289320Z d903e777080c: Pull complete
2025-08-19T08:20:14.3423566Z 04adcb462801: Pull complete
2025-08-19T08:20:14.3560184Z 5c10925b29ff: Pull complete
2025-08-19T08:20:14.3608958Z Digest: sha256:bc51cf4f1fe02cce7ed2370b20128a9b00b4eb804573a77d2a0d877aaa9c82b1
2025-08-19T08:20:14.3622037Z Status: Downloaded newer image for postgres:15
2025-08-19T08:20:14.3632284Z docker.io/library/postgres:15
2025-08-19T08:20:14.3698206Z ##[command]/usr/bin/docker create --name e85b0fb634a84e2192be595a07dcc5d3_postgres15_ed2222 --label dc9ac2 --network github_network_e0961e9ba6de48cc96b57c7a90e745d8 --network-alias postgres -p 5432:5432 --health-cmd="pg_isready -U postgres -d awa" --health-interval=5s --health-timeout=5s --health-retries=10 -e "POSTGRES_USER=postgres" -e "POSTGRES_PASSWORD=pass" -e "POSTGRES_DB=awa" -e GITHUB_ACTIONS=true -e CI=true postgres:15
2025-08-19T08:20:14.3981363Z 34f2bf1a391b4fe900cf21f936314eef1006e393709a6e224a9bd074320ad725
2025-08-19T08:20:14.4003949Z ##[command]/usr/bin/docker start 34f2bf1a391b4fe900cf21f936314eef1006e393709a6e224a9bd074320ad725
2025-08-19T08:20:14.6595690Z 34f2bf1a391b4fe900cf21f936314eef1006e393709a6e224a9bd074320ad725
2025-08-19T08:20:14.6616971Z ##[command]/usr/bin/docker ps --all --filter id=34f2bf1a391b4fe900cf21f936314eef1006e393709a6e224a9bd074320ad725 --filter status=running --no-trunc --format "{{.ID}} {{.Status}}"
2025-08-19T08:20:14.6750931Z 34f2bf1a391b4fe900cf21f936314eef1006e393709a6e224a9bd074320ad725 Up Less than a second (health: starting)
2025-08-19T08:20:14.6777152Z ##[command]/usr/bin/docker port 34f2bf1a391b4fe900cf21f936314eef1006e393709a6e224a9bd074320ad725
2025-08-19T08:20:14.6908114Z 5432/tcp -> 0.0.0.0:5432
2025-08-19T08:20:14.6908553Z 5432/tcp -> [::]:5432
2025-08-19T08:20:14.6958697Z ##[endgroup]
2025-08-19T08:20:14.6959582Z ##[group]Starting redis service container
2025-08-19T08:20:14.6960902Z ##[command]/usr/bin/docker pull redis:7-alpine
2025-08-19T08:20:14.9236324Z 7-alpine: Pulling from library/redis
2025-08-19T08:20:14.9922335Z 0368fd46e3c6: Pulling fs layer
2025-08-19T08:20:14.9922857Z 4c55286bbede: Pulling fs layer
2025-08-19T08:20:14.9923515Z 5e28347af205: Pulling fs layer
2025-08-19T08:20:14.9923986Z 311eca34042e: Pulling fs layer
2025-08-19T08:20:14.9924355Z e6fe6f07e192: Pulling fs layer
2025-08-19T08:20:14.9924937Z a2cadbfeca72: Pulling fs layer
2025-08-19T08:20:14.9925299Z 4f4fb700ef54: Pulling fs layer
2025-08-19T08:20:14.9925663Z a976ed7e7808: Pulling fs layer
2025-08-19T08:20:14.9926015Z e6fe6f07e192: Waiting
2025-08-19T08:20:14.9926358Z a2cadbfeca72: Waiting
2025-08-19T08:20:14.9927509Z 4f4fb700ef54: Waiting
2025-08-19T08:20:14.9928829Z a976ed7e7808: Waiting
2025-08-19T08:20:14.9929679Z 311eca34042e: Waiting
2025-08-19T08:20:15.0625742Z 4c55286bbede: Verifying Checksum
2025-08-19T08:20:15.0626351Z 4c55286bbede: Download complete
2025-08-19T08:20:15.0703540Z 5e28347af205: Verifying Checksum
2025-08-19T08:20:15.0704240Z 5e28347af205: Download complete
2025-08-19T08:20:15.1162860Z 0368fd46e3c6: Verifying Checksum
2025-08-19T08:20:15.1164300Z 0368fd46e3c6: Download complete
2025-08-19T08:20:15.1624212Z 311eca34042e: Verifying Checksum
2025-08-19T08:20:15.1626038Z 311eca34042e: Download complete
2025-08-19T08:20:15.1977597Z a2cadbfeca72: Verifying Checksum
2025-08-19T08:20:15.1989888Z a2cadbfeca72: Download complete
2025-08-19T08:20:15.2394742Z e6fe6f07e192: Verifying Checksum
2025-08-19T08:20:15.2395320Z e6fe6f07e192: Download complete
2025-08-19T08:20:15.2458321Z 4f4fb700ef54: Verifying Checksum
2025-08-19T08:20:15.2458826Z 4f4fb700ef54: Download complete
2025-08-19T08:20:15.2497079Z 0368fd46e3c6: Pull complete
2025-08-19T08:20:15.2806708Z a976ed7e7808: Verifying Checksum
2025-08-19T08:20:15.2807434Z a976ed7e7808: Download complete
2025-08-19T08:20:15.2896036Z 4c55286bbede: Pull complete
2025-08-19T08:20:15.4354302Z 5e28347af205: Pull complete
2025-08-19T08:20:15.4665909Z 311eca34042e: Pull complete
2025-08-19T08:20:15.6637616Z e6fe6f07e192: Pull complete
2025-08-19T08:20:15.6741995Z a2cadbfeca72: Pull complete
2025-08-19T08:20:15.6832187Z 4f4fb700ef54: Pull complete
2025-08-19T08:20:15.6966149Z a976ed7e7808: Pull complete
2025-08-19T08:20:15.7006772Z Digest: sha256:bb186d083732f669da90be8b0f975a37812b15e913465bb14d845db72a4e3e08
2025-08-19T08:20:15.7020717Z Status: Downloaded newer image for redis:7-alpine
2025-08-19T08:20:15.7028255Z docker.io/library/redis:7-alpine
2025-08-19T08:20:15.7046068Z ##[command]/usr/bin/docker create --name 9de50dce54aa47589664e5bd06876f5f_redis7alpine_88f886 --label dc9ac2 --network github_network_e0961e9ba6de48cc96b57c7a90e745d8 --network-alias redis -p 6379:6379  -e GITHUB_ACTIONS=true -e CI=true redis:7-alpine
2025-08-19T08:20:15.7283902Z ed88e0644160ff11051409e97e54b2187138f47bc73329fa32aca3174f8e0638
2025-08-19T08:20:15.7299143Z ##[command]/usr/bin/docker start ed88e0644160ff11051409e97e54b2187138f47bc73329fa32aca3174f8e0638
2025-08-19T08:20:15.8646540Z ed88e0644160ff11051409e97e54b2187138f47bc73329fa32aca3174f8e0638
2025-08-19T08:20:15.8662182Z ##[command]/usr/bin/docker ps --all --filter id=ed88e0644160ff11051409e97e54b2187138f47bc73329fa32aca3174f8e0638 --filter status=running --no-trunc --format "{{.ID}} {{.Status}}"
2025-08-19T08:20:15.8776802Z ed88e0644160ff11051409e97e54b2187138f47bc73329fa32aca3174f8e0638 Up Less than a second
2025-08-19T08:20:15.8789704Z ##[command]/usr/bin/docker port ed88e0644160ff11051409e97e54b2187138f47bc73329fa32aca3174f8e0638
2025-08-19T08:20:15.8900600Z 6379/tcp -> 0.0.0.0:6379
2025-08-19T08:20:15.8901005Z 6379/tcp -> [::]:6379
2025-08-19T08:20:15.8914391Z ##[endgroup]
2025-08-19T08:20:15.8925503Z ##[group]Waiting for all services to be ready
2025-08-19T08:20:15.8938418Z ##[command]/usr/bin/docker inspect --format="{{if .Config.Healthcheck}}{{print .State.Health.Status}}{{end}}" 34f2bf1a391b4fe900cf21f936314eef1006e393709a6e224a9bd074320ad725
2025-08-19T08:20:15.9052203Z starting
2025-08-19T08:20:15.9072154Z postgres service is starting, waiting 2 seconds before checking again.
2025-08-19T08:20:17.9076193Z ##[command]/usr/bin/docker inspect --format="{{if .Config.Healthcheck}}{{print .State.Health.Status}}{{end}}" 34f2bf1a391b4fe900cf21f936314eef1006e393709a6e224a9bd074320ad725
2025-08-19T08:20:17.9193496Z starting
2025-08-19T08:20:17.9206842Z postgres service is starting, waiting 4 seconds before checking again.
2025-08-19T08:20:22.2172936Z ##[command]/usr/bin/docker inspect --format="{{if .Config.Healthcheck}}{{print .State.Health.Status}}{{end}}" 34f2bf1a391b4fe900cf21f936314eef1006e393709a6e224a9bd074320ad725
2025-08-19T08:20:22.2285727Z healthy
2025-08-19T08:20:22.2302350Z postgres service is healthy.
2025-08-19T08:20:22.2303102Z ##[command]/usr/bin/docker inspect --format="{{if .Config.Healthcheck}}{{print .State.Health.Status}}{{end}}" ed88e0644160ff11051409e97e54b2187138f47bc73329fa32aca3174f8e0638
2025-08-19T08:20:22.2423944Z redis service is healthy.
2025-08-19T08:20:22.2424828Z ##[endgroup]
2025-08-19T08:20:22.2718535Z ##[group]Run actions/checkout@v4
2025-08-19T08:20:22.2719116Z with:
2025-08-19T08:20:22.2719315Z   repository: AlexBomber12/AWA-App
2025-08-19T08:20:22.2719675Z   token: ***
2025-08-19T08:20:22.2719859Z   ssh-strict: true
2025-08-19T08:20:22.2720031Z   ssh-user: git
2025-08-19T08:20:22.2720219Z   persist-credentials: true
2025-08-19T08:20:22.2720416Z   clean: true
2025-08-19T08:20:22.2720600Z   sparse-checkout-cone-mode: true
2025-08-19T08:20:22.2720813Z   fetch-depth: 1
2025-08-19T08:20:22.2720987Z   fetch-tags: false
2025-08-19T08:20:22.2721163Z   show-progress: true
2025-08-19T08:20:22.2721331Z   lfs: false
2025-08-19T08:20:22.2721487Z   submodules: false
2025-08-19T08:20:22.2721659Z   set-safe-directory: true
2025-08-19T08:20:22.2722027Z env:
2025-08-19T08:20:22.2722230Z   REDIS_URL: redis://localhost:6379/0
2025-08-19T08:20:22.2722488Z   RATE_LIMIT_DEFAULT: 100/minute
2025-08-19T08:20:22.2722703Z   TRUST_X_FORWARDED: 1
2025-08-19T08:20:22.2722885Z ##[endgroup]
2025-08-19T08:20:22.3784255Z Syncing repository: AlexBomber12/AWA-App
2025-08-19T08:20:22.3785909Z ##[group]Getting Git version info
2025-08-19T08:20:22.3786264Z Working directory is '/home/runner/work/AWA-App/AWA-App'
2025-08-19T08:20:22.3786776Z [command]/usr/bin/git version
2025-08-19T08:20:22.3834379Z git version 2.50.1
2025-08-19T08:20:22.3861903Z ##[endgroup]
2025-08-19T08:20:22.3874897Z Temporarily overriding HOME='/home/runner/work/_temp/111b8435-5c51-4903-bf9d-a5bb1145a485' before making global git config changes
2025-08-19T08:20:22.3875620Z Adding repository directory to the temporary git global config as a safe directory
2025-08-19T08:20:22.3886927Z [command]/usr/bin/git config --global --add safe.directory /home/runner/work/AWA-App/AWA-App
2025-08-19T08:20:22.3920401Z Deleting the contents of '/home/runner/work/AWA-App/AWA-App'
2025-08-19T08:20:22.3923506Z ##[group]Initializing the repository
2025-08-19T08:20:22.3927724Z [command]/usr/bin/git init /home/runner/work/AWA-App/AWA-App
2025-08-19T08:20:22.4010412Z hint: Using 'master' as the name for the initial branch. This default branch name
2025-08-19T08:20:22.4011156Z hint: is subject to change. To configure the initial branch name to use in all
2025-08-19T08:20:22.4011931Z hint: of your new repositories, which will suppress this warning, call:
2025-08-19T08:20:22.4012473Z hint:
2025-08-19T08:20:22.4012888Z hint: 	git config --global init.defaultBranch <name>
2025-08-19T08:20:22.4013356Z hint:
2025-08-19T08:20:22.4013795Z hint: Names commonly chosen instead of 'master' are 'main', 'trunk' and
2025-08-19T08:20:22.4014714Z hint: 'development'. The just-created branch can be renamed via this command:
2025-08-19T08:20:22.4015279Z hint:
2025-08-19T08:20:22.4015564Z hint: 	git branch -m <name>
2025-08-19T08:20:22.4015889Z hint:
2025-08-19T08:20:22.4016295Z hint: Disable this message with "git config set advice.defaultBranchName false"
2025-08-19T08:20:22.4016794Z Initialized empty Git repository in /home/runner/work/AWA-App/AWA-App/.git/
2025-08-19T08:20:22.4025264Z [command]/usr/bin/git remote add origin https://github.com/AlexBomber12/AWA-App
2025-08-19T08:20:22.4057712Z ##[endgroup]
2025-08-19T08:20:22.4058166Z ##[group]Disabling automatic garbage collection
2025-08-19T08:20:22.4061772Z [command]/usr/bin/git config --local gc.auto 0
2025-08-19T08:20:22.4088985Z ##[endgroup]
2025-08-19T08:20:22.4089381Z ##[group]Setting up auth
2025-08-19T08:20:22.4096278Z [command]/usr/bin/git config --local --name-only --get-regexp core\.sshCommand
2025-08-19T08:20:22.4124398Z [command]/usr/bin/git submodule foreach --recursive sh -c "git config --local --name-only --get-regexp 'core\.sshCommand' && git config --local --unset-all 'core.sshCommand' || :"
2025-08-19T08:20:22.4399841Z [command]/usr/bin/git config --local --name-only --get-regexp http\.https\:\/\/github\.com\/\.extraheader
2025-08-19T08:20:22.4427697Z [command]/usr/bin/git submodule foreach --recursive sh -c "git config --local --name-only --get-regexp 'http\.https\:\/\/github\.com\/\.extraheader' && git config --local --unset-all 'http.https://github.com/.extraheader' || :"
2025-08-19T08:20:22.4646941Z [command]/usr/bin/git config --local http.https://github.com/.extraheader AUTHORIZATION: basic ***
2025-08-19T08:20:22.4690506Z ##[endgroup]
2025-08-19T08:20:22.4691420Z ##[group]Fetching the repository
2025-08-19T08:20:22.4701018Z [command]/usr/bin/git -c protocol.version=2 fetch --no-tags --prune --no-recurse-submodules --depth=1 origin +1a52759248ede4433939b8719f7f2860e6c62fe8:refs/remotes/origin/main
2025-08-19T08:20:22.7098915Z From https://github.com/AlexBomber12/AWA-App
2025-08-19T08:20:22.7099781Z  * [new ref]         1a52759248ede4433939b8719f7f2860e6c62fe8 -> origin/main
2025-08-19T08:20:22.7125422Z ##[endgroup]
2025-08-19T08:20:22.7126012Z ##[group]Determining the checkout info
2025-08-19T08:20:22.7128051Z ##[endgroup]
2025-08-19T08:20:22.7133467Z [command]/usr/bin/git sparse-checkout disable
2025-08-19T08:20:22.7173723Z [command]/usr/bin/git config --local --unset-all extensions.worktreeConfig
2025-08-19T08:20:22.7202486Z ##[group]Checking out the ref
2025-08-19T08:20:22.7207113Z [command]/usr/bin/git checkout --progress --force -B main refs/remotes/origin/main
2025-08-19T08:20:22.7493946Z Switched to a new branch 'main'
2025-08-19T08:20:22.7495875Z branch 'main' set up to track 'origin/main'.
2025-08-19T08:20:22.7502945Z ##[endgroup]
2025-08-19T08:20:22.7540986Z [command]/usr/bin/git log -1 --format=%H
2025-08-19T08:20:22.7563432Z 1a52759248ede4433939b8719f7f2860e6c62fe8
2025-08-19T08:20:22.7722118Z ##[group]Run cat .env.ci >> "$GITHUB_ENV"
2025-08-19T08:20:22.7722458Z [36;1mcat .env.ci >> "$GITHUB_ENV"[0m
2025-08-19T08:20:22.7723143Z [36;1mecho "DATABASE_URL=***localhost:5432/awa" >> "$GITHUB_ENV"[0m
2025-08-19T08:20:22.7723491Z [36;1mecho "PG_HOST=localhost" >> "$GITHUB_ENV"[0m
2025-08-19T08:20:22.7723771Z [36;1mecho "PG_PORT=5432" >> "$GITHUB_ENV"[0m
2025-08-19T08:20:22.7724048Z [36;1mecho "PG_USER=postgres" >> "$GITHUB_ENV"[0m
2025-08-19T08:20:22.7724767Z [36;1mecho "PG_PASSWORD=pass" >> "$GITHUB_ENV"[0m
2025-08-19T08:20:22.7725038Z [36;1mecho "PG_DATABASE=awa" >> "$GITHUB_ENV"[0m
2025-08-19T08:20:22.7769565Z shell: /usr/bin/bash -e {0}
2025-08-19T08:20:22.7769899Z env:
2025-08-19T08:20:22.7770212Z   REDIS_URL: redis://localhost:6379/0
2025-08-19T08:20:22.7770595Z   RATE_LIMIT_DEFAULT: 100/minute
2025-08-19T08:20:22.7770823Z   TRUST_X_FORWARDED: 1
2025-08-19T08:20:22.7771004Z ##[endgroup]
2025-08-19T08:20:22.7936560Z ##[group]Run actions/setup-python@v5
2025-08-19T08:20:22.7936811Z with:
2025-08-19T08:20:22.7936988Z   python-version: 3.12
2025-08-19T08:20:22.7937174Z   cache: pip
2025-08-19T08:20:22.7937381Z   cache-dependency-path: requirements-dev.txt
2025-08-19T08:20:22.7937643Z   check-latest: false
2025-08-19T08:20:22.7937939Z   token: ***
2025-08-19T08:20:22.7938125Z   update-environment: true
2025-08-19T08:20:22.7938336Z   allow-prereleases: false
2025-08-19T08:20:22.7938535Z   freethreaded: false
2025-08-19T08:20:22.7938720Z env:
2025-08-19T08:20:22.7938904Z   REDIS_URL: redis://localhost:6379/0
2025-08-19T08:20:22.7939147Z   RATE_LIMIT_DEFAULT: 100/minute
2025-08-19T08:20:22.7939364Z   TRUST_X_FORWARDED: 1
2025-08-19T08:20:22.7939551Z   PG_USER: postgres
2025-08-19T08:20:22.7939725Z   PG_PASSWORD: pass
2025-08-19T08:20:22.7939903Z   PG_DATABASE: awa
2025-08-19T08:20:22.7940070Z   PG_HOST: localhost
2025-08-19T08:20:22.7940248Z   PG_PORT: 5432
2025-08-19T08:20:22.7940671Z   PG_SYNC_DSN: ***localhost:5432/awa
2025-08-19T08:20:22.7941079Z   PG_ASYNC_DSN: ***localhost:5432/awa
2025-08-19T08:20:22.7941454Z   DATABASE_URL: ***localhost:5432/awa
2025-08-19T08:20:22.7941677Z   DATA_DIR: /tmp/awa-data
2025-08-19T08:20:22.7941872Z   ENABLE_LIVE: 0
2025-08-19T08:20:22.7942038Z   TESTING: 1
2025-08-19T08:20:22.7942201Z ##[endgroup]
2025-08-19T08:20:22.9594657Z ##[group]Installed versions
2025-08-19T08:20:23.0059518Z Successfully set up CPython (3.12.11)
2025-08-19T08:20:23.0060269Z ##[endgroup]
2025-08-19T08:20:23.0369391Z [command]/opt/hostedtoolcache/Python/3.12.11/x64/bin/pip cache dir
2025-08-19T08:20:24.2136406Z /home/runner/.cache/pip
2025-08-19T08:20:24.3248543Z Cache hit for: setup-python-Linux-x64-24.04-Ubuntu-python-3.12.11-pip-5e711acf40f5252f84577ca397f83ab64fb9d7dad68b245c8525eecd4c9b10ee
2025-08-19T08:20:25.3550952Z Received 234881024 of 332576824 (70.6%), 224.2 MBs/sec
2025-08-19T08:20:25.8972805Z Received 332576824 of 332576824 (100.0%), 205.7 MBs/sec
2025-08-19T08:20:25.8974968Z Cache Size: ~317 MB (332576824 B)
2025-08-19T08:20:25.9015024Z [command]/usr/bin/tar -xf /home/runner/work/_temp/a02dddca-461f-4b76-91a1-31a8cd109d51/cache.tzst -P -C /home/runner/work/AWA-App/AWA-App --use-compress-program unzstd
2025-08-19T08:20:26.4682969Z Cache restored successfully
2025-08-19T08:20:26.5297606Z Cache restored from key: setup-python-Linux-x64-24.04-Ubuntu-python-3.12.11-pip-c172802cd17d95f4a21a1dfb3b09a2f596596a7a71e9a723868dcbd7ca2b709e
2025-08-19T08:20:26.5457953Z ##[group]Run pip install -r requirements-dev.txt
2025-08-19T08:20:26.5458355Z [36;1mpip install -r requirements-dev.txt[0m
2025-08-19T08:20:26.5458659Z [36;1mpip install keepa==1.3.15 minio==7.1.15[0m
2025-08-19T08:20:26.5501622Z shell: /usr/bin/bash -e {0}
2025-08-19T08:20:26.5501860Z env:
2025-08-19T08:20:26.5502064Z   REDIS_URL: redis://localhost:6379/0
2025-08-19T08:20:26.5502325Z   RATE_LIMIT_DEFAULT: 100/minute
2025-08-19T08:20:26.5502545Z   TRUST_X_FORWARDED: 1
2025-08-19T08:20:26.5502743Z   PG_USER: postgres
2025-08-19T08:20:26.5502940Z   PG_PASSWORD: pass
2025-08-19T08:20:26.5503120Z   PG_DATABASE: awa
2025-08-19T08:20:26.5503305Z   PG_HOST: localhost
2025-08-19T08:20:26.5503491Z   PG_PORT: 5432
2025-08-19T08:20:26.5504057Z   PG_SYNC_DSN: ***localhost:5432/awa
2025-08-19T08:20:26.5504734Z   PG_ASYNC_DSN: ***localhost:5432/awa
2025-08-19T08:20:26.5505160Z   DATABASE_URL: ***localhost:5432/awa
2025-08-19T08:20:26.5505400Z   DATA_DIR: /tmp/awa-data
2025-08-19T08:20:26.5505640Z   ENABLE_LIVE: 0
2025-08-19T08:20:26.5505810Z   TESTING: 1
2025-08-19T08:20:26.5506237Z   pythonLocation: /opt/hostedtoolcache/Python/3.12.11/x64
2025-08-19T08:20:26.5506642Z   PKG_CONFIG_PATH: /opt/hostedtoolcache/Python/3.12.11/x64/lib/pkgconfig
2025-08-19T08:20:26.5507030Z   Python_ROOT_DIR: /opt/hostedtoolcache/Python/3.12.11/x64
2025-08-19T08:20:26.5507374Z   Python2_ROOT_DIR: /opt/hostedtoolcache/Python/3.12.11/x64
2025-08-19T08:20:26.5507728Z   Python3_ROOT_DIR: /opt/hostedtoolcache/Python/3.12.11/x64
2025-08-19T08:20:26.5508089Z   LD_LIBRARY_PATH: /opt/hostedtoolcache/Python/3.12.11/x64/lib
2025-08-19T08:20:26.5508374Z ##[endgroup]
2025-08-19T08:20:27.8455951Z Collecting Jinja2==3.1.6 (from -r requirements-dev.txt (line 2))
2025-08-19T08:20:27.8468366Z   Using cached jinja2-3.1.6-py3-none-any.whl.metadata (2.9 kB)
2025-08-19T08:20:27.8729259Z Collecting alembic==1.13.1 (from -r requirements-dev.txt (line 3))
2025-08-19T08:20:27.8740394Z   Using cached alembic-1.13.1-py3-none-any.whl.metadata (7.4 kB)
2025-08-19T08:20:27.8936709Z Collecting apscheduler==3.10.4 (from -r requirements-dev.txt (line 4))
2025-08-19T08:20:27.8947655Z   Using cached APScheduler-3.10.4-py3-none-any.whl.metadata (5.7 kB)
2025-08-19T08:20:27.9128029Z Collecting asgi-correlation-id==4.3.1 (from -r requirements-dev.txt (line 5))
2025-08-19T08:20:27.9138979Z   Using cached asgi_correlation_id-4.3.1-py3-none-any.whl.metadata (28 kB)
2025-08-19T08:20:27.9576105Z Collecting asyncpg==0.30.0 (from -r requirements-dev.txt (line 6))
2025-08-19T08:20:27.9587351Z   Using cached asyncpg-0.30.0-cp312-cp312-manylinux_2_17_x86_64.manylinux2014_x86_64.whl.metadata (5.0 kB)
2025-08-19T08:20:28.0045814Z Collecting black==25.1.0 (from -r requirements-dev.txt (line 7))
2025-08-19T08:20:28.0057615Z   Using cached black-25.1.0-cp312-cp312-manylinux_2_17_x86_64.manylinux2014_x86_64.manylinux_2_28_x86_64.whl.metadata (81 kB)
2025-08-19T08:20:28.3315496Z Collecting boto3 (from -r requirements-dev.txt (line 8))
2025-08-19T08:20:28.3328309Z   Using cached boto3-1.40.12-py3-none-any.whl.metadata (6.7 kB)
2025-08-19T08:20:28.3645807Z Collecting redis==5.* (from -r requirements-dev.txt (line 9))
2025-08-19T08:20:28.3657157Z   Using cached redis-5.3.1-py3-none-any.whl.metadata (9.2 kB)
2025-08-19T08:20:28.3991644Z Collecting minio==7.* (from -r requirements-dev.txt (line 10))
2025-08-19T08:20:28.4002857Z   Using cached minio-7.2.16-py3-none-any.whl.metadata (6.5 kB)
2025-08-19T08:20:28.4334896Z Collecting celery==5.5.3 (from -r requirements-dev.txt (line 11))
2025-08-19T08:20:28.4783360Z   Downloading celery-5.5.3-py3-none-any.whl.metadata (22 kB)
2025-08-19T08:20:28.5435055Z Collecting fastapi==0.116.1 (from -r requirements-dev.txt (line 12))
2025-08-19T08:20:28.5446827Z   Using cached fastapi-0.116.1-py3-none-any.whl.metadata (28 kB)
2025-08-19T08:20:28.5628154Z Collecting fastapi-limiter==0.1.6 (from -r requirements-dev.txt (line 14))
2025-08-19T08:20:28.5639532Z   Using cached fastapi_limiter-0.1.6-py3-none-any.whl.metadata (5.3 kB)
2025-08-19T08:20:28.5862221Z Collecting httpx<0.29,>=0.27 (from -r requirements-dev.txt (line 15))
2025-08-19T08:20:28.5873719Z   Using cached httpx-0.28.1-py3-none-any.whl.metadata (7.1 kB)
2025-08-19T08:20:28.6021086Z Collecting imapclient==3.0.1 (from -r requirements-dev.txt (line 16))
2025-08-19T08:20:28.6032549Z   Using cached IMAPClient-3.0.1-py2.py3-none-any.whl.metadata (1.7 kB)
2025-08-19T08:20:28.6159181Z Collecting itsdangerous (from -r requirements-dev.txt (line 17))
2025-08-19T08:20:28.6170741Z   Using cached itsdangerous-2.2.0-py3-none-any.whl.metadata (1.9 kB)
2025-08-19T08:20:28.7168767Z Collecting mypy==1.* (from -r requirements-dev.txt (line 18))
2025-08-19T08:20:28.7181917Z   Using cached mypy-1.17.1-cp312-cp312-manylinux2014_x86_64.manylinux_2_17_x86_64.manylinux_2_28_x86_64.whl.metadata (2.2 kB)
2025-08-19T08:20:28.7315716Z Collecting mypy-extensions==1.1.0 (from -r requirements-dev.txt (line 19))
2025-08-19T08:20:28.7327248Z   Using cached mypy_extensions-1.1.0-py3-none-any.whl.metadata (1.1 kB)
2025-08-19T08:20:28.9188467Z Collecting numpy<2 (from -r requirements-dev.txt (line 20))
2025-08-19T08:20:28.9202415Z   Using cached numpy-1.26.4-cp312-cp312-manylinux_2_17_x86_64.manylinux2014_x86_64.whl.metadata (61 kB)
2025-08-19T08:20:28.9485140Z Collecting openpyxl==3.1.5 (from -r requirements-dev.txt (line 21))
2025-08-19T08:20:28.9497172Z   Using cached openpyxl-3.1.5-py2.py3-none-any.whl.metadata (2.5 kB)
2025-08-19T08:20:29.0569805Z Collecting pandas==2.2.* (from -r requirements-dev.txt (line 22))
2025-08-19T08:20:29.0583335Z   Using cached pandas-2.2.3-cp312-cp312-manylinux_2_17_x86_64.manylinux2014_x86_64.whl.metadata (89 kB)
2025-08-19T08:20:29.1528549Z Collecting psycopg2-binary==2.9.10 (from -r requirements-dev.txt (line 23))
2025-08-19T08:20:29.1540819Z   Using cached psycopg2_binary-2.9.10-cp312-cp312-manylinux_2_17_x86_64.manylinux2014_x86_64.whl.metadata (4.9 kB)
2025-08-19T08:20:29.1727805Z Collecting psycopg==3.2.9 (from psycopg[binary]==3.2.9->-r requirements-dev.txt (line 24))
2025-08-19T08:20:29.1739510Z   Using cached psycopg-3.2.9-py3-none-any.whl.metadata (4.5 kB)
2025-08-19T08:20:29.2845283Z Collecting pydantic==2.11.7 (from -r requirements-dev.txt (line 25))
2025-08-19T08:20:29.2857838Z   Using cached pydantic-2.11.7-py3-none-any.whl.metadata (67 kB)
2025-08-19T08:20:29.4096928Z Collecting setuptools (from -r requirements-dev.txt (line 26))
2025-08-19T08:20:29.4108967Z   Using cached setuptools-80.9.0-py3-none-any.whl.metadata (6.6 kB)
2025-08-19T08:20:29.4395435Z Collecting pytest-asyncio==0.23.6 (from -r requirements-dev.txt (line 27))
2025-08-19T08:20:29.4407218Z   Using cached pytest_asyncio-0.23.6-py3-none-any.whl.metadata (3.9 kB)
2025-08-19T08:20:29.4578706Z Collecting pytest-cov==6.2.1 (from -r requirements-dev.txt (line 28))
2025-08-19T08:20:29.4590128Z   Using cached pytest_cov-6.2.1-py3-none-any.whl.metadata (30 kB)
2025-08-19T08:20:29.4770888Z Collecting pytest-postgresql==7.0.2 (from -r requirements-dev.txt (line 29))
2025-08-19T08:20:29.4782320Z   Using cached pytest_postgresql-7.0.2-py3-none-any.whl.metadata (18 kB)
2025-08-19T08:20:29.4981294Z Collecting python-dotenv (from -r requirements-dev.txt (line 30))
2025-08-19T08:20:29.4992876Z   Using cached python_dotenv-1.1.1-py3-none-any.whl.metadata (24 kB)
2025-08-19T08:20:29.5149633Z Collecting python-multipart (from -r requirements-dev.txt (line 31))
2025-08-19T08:20:29.5161629Z   Using cached python_multipart-0.0.20-py3-none-any.whl.metadata (1.8 kB)
2025-08-19T08:20:29.5469558Z Collecting python-telegram-bot==22.3 (from -r requirements-dev.txt (line 32))
2025-08-19T08:20:29.5555570Z   Downloading python_telegram_bot-22.3-py3-none-any.whl.metadata (17 kB)
2025-08-19T08:20:29.5904251Z Collecting requests==2.32.4 (from -r requirements-dev.txt (line 33))
2025-08-19T08:20:29.5916147Z   Using cached requests-2.32.4-py3-none-any.whl.metadata (4.9 kB)
2025-08-19T08:20:29.6104596Z Collecting respx==0.22.0 (from -r requirements-dev.txt (line 34))
2025-08-19T08:20:29.6116126Z   Using cached respx-0.22.0-py2.py3-none-any.whl.metadata (4.1 kB)
2025-08-19T08:20:29.9760448Z Collecting ruff==0.4.4 (from -r requirements-dev.txt (line 35))
2025-08-19T08:20:29.9773687Z   Using cached ruff-0.4.4-py3-none-manylinux_2_17_x86_64.manylinux2014_x86_64.whl.metadata (23 kB)
2025-08-19T08:20:30.2321263Z Collecting sqlalchemy==2.0.29 (from -r requirements-dev.txt (line 36))
2025-08-19T08:20:30.2334396Z   Using cached SQLAlchemy-2.0.29-cp312-cp312-manylinux_2_17_x86_64.manylinux2014_x86_64.whl.metadata (9.6 kB)
2025-08-19T08:20:30.2573559Z Collecting structlog==24.1.0 (from -r requirements-dev.txt (line 37))
2025-08-19T08:20:30.2585068Z   Using cached structlog-24.1.0-py3-none-any.whl.metadata (6.9 kB)
2025-08-19T08:20:30.2788246Z Collecting testcontainers==4.10.0 (from testcontainers[postgres]==4.10.0->-r requirements-dev.txt (line 38))
2025-08-19T08:20:30.2799082Z   Using cached testcontainers-4.10.0-py3-none-any.whl.metadata (7.8 kB)
2025-08-19T08:20:30.3206905Z Collecting types-requests==2.32.0.20240602 (from -r requirements-dev.txt (line 39))
2025-08-19T08:20:30.3218369Z   Using cached types_requests-2.32.0.20240602-py3-none-any.whl.metadata (1.8 kB)
2025-08-19T08:20:30.3366954Z Collecting docspec-python==2.2.2 (from -r requirements-dev.txt (line 40))
2025-08-19T08:20:30.3378066Z   Using cached docspec_python-2.2.2-py3-none-any.whl.metadata (1.0 kB)
2025-08-19T08:20:30.3553048Z Collecting pydoc-markdown==4.8.2 (from -r requirements-dev.txt (line 41))
2025-08-19T08:20:30.3563993Z   Using cached pydoc_markdown-4.8.2-py3-none-any.whl.metadata (5.9 kB)
2025-08-19T08:20:30.3868168Z Collecting pandera==0.19.* (from -r requirements-dev.txt (line 42))
2025-08-19T08:20:30.3879157Z   Using cached pandera-0.19.3-py3-none-any.whl.metadata (15 kB)
2025-08-19T08:20:30.4868001Z Collecting MarkupSafe>=2.0 (from Jinja2==3.1.6->-r requirements-dev.txt (line 2))
2025-08-19T08:20:30.4879595Z   Using cached MarkupSafe-3.0.2-cp312-cp312-manylinux_2_17_x86_64.manylinux2014_x86_64.whl.metadata (4.0 kB)
2025-08-19T08:20:30.5159624Z Collecting Mako (from alembic==1.13.1->-r requirements-dev.txt (line 3))
2025-08-19T08:20:30.5170948Z   Using cached mako-1.3.10-py3-none-any.whl.metadata (2.9 kB)
2025-08-19T08:20:30.5371817Z Collecting typing-extensions>=4 (from alembic==1.13.1->-r requirements-dev.txt (line 3))
2025-08-19T08:20:30.5383066Z   Using cached typing_extensions-4.14.1-py3-none-any.whl.metadata (3.0 kB)
2025-08-19T08:20:30.5549147Z Collecting six>=1.4.0 (from apscheduler==3.10.4->-r requirements-dev.txt (line 4))
2025-08-19T08:20:30.5560267Z   Using cached six-1.17.0-py2.py3-none-any.whl.metadata (1.7 kB)
2025-08-19T08:20:30.5925390Z Collecting pytz (from apscheduler==3.10.4->-r requirements-dev.txt (line 4))
2025-08-19T08:20:30.5937559Z   Using cached pytz-2025.2-py2.py3-none-any.whl.metadata (22 kB)
2025-08-19T08:20:30.6131014Z Collecting tzlocal!=3.*,>=2.0 (from apscheduler==3.10.4->-r requirements-dev.txt (line 4))
2025-08-19T08:20:30.6142130Z   Using cached tzlocal-5.3.1-py3-none-any.whl.metadata (7.6 kB)
2025-08-19T08:20:30.6471456Z Collecting starlette>=0.18 (from asgi-correlation-id==4.3.1->-r requirements-dev.txt (line 5))
2025-08-19T08:20:30.6482462Z   Using cached starlette-0.47.2-py3-none-any.whl.metadata (6.2 kB)
2025-08-19T08:20:30.6706533Z Collecting click>=8.0.0 (from black==25.1.0->-r requirements-dev.txt (line 7))
2025-08-19T08:20:30.6717268Z   Using cached click-8.2.1-py3-none-any.whl.metadata (2.5 kB)
2025-08-19T08:20:30.6902407Z Collecting packaging>=22.0 (from black==25.1.0->-r requirements-dev.txt (line 7))
2025-08-19T08:20:30.6913209Z   Using cached packaging-25.0-py3-none-any.whl.metadata (3.3 kB)
2025-08-19T08:20:30.7052416Z Collecting pathspec>=0.9.0 (from black==25.1.0->-r requirements-dev.txt (line 7))
2025-08-19T08:20:30.7063781Z   Using cached pathspec-0.12.1-py3-none-any.whl.metadata (21 kB)
2025-08-19T08:20:30.7277665Z Collecting platformdirs>=2 (from black==25.1.0->-r requirements-dev.txt (line 7))
2025-08-19T08:20:30.7288867Z   Using cached platformdirs-4.3.8-py3-none-any.whl.metadata (12 kB)
2025-08-19T08:20:30.7521060Z Collecting billiard<5.0,>=4.2.1 (from celery==5.5.3->-r requirements-dev.txt (line 11))
2025-08-19T08:20:30.7532276Z   Using cached billiard-4.2.1-py3-none-any.whl.metadata (4.4 kB)
2025-08-19T08:20:30.7867435Z Collecting kombu<5.6,>=5.5.2 (from celery==5.5.3->-r requirements-dev.txt (line 11))
2025-08-19T08:20:30.7879860Z   Using cached kombu-5.5.4-py3-none-any.whl.metadata (3.5 kB)
2025-08-19T08:20:30.8066598Z Collecting vine<6.0,>=5.1.0 (from celery==5.5.3->-r requirements-dev.txt (line 11))
2025-08-19T08:20:30.8077970Z   Using cached vine-5.1.0-py3-none-any.whl.metadata (2.7 kB)
2025-08-19T08:20:30.8258487Z Collecting click-didyoumean>=0.3.0 (from celery==5.5.3->-r requirements-dev.txt (line 11))
2025-08-19T08:20:30.8269908Z   Using cached click_didyoumean-0.3.1-py3-none-any.whl.metadata (3.9 kB)
2025-08-19T08:20:30.8398270Z Collecting click-repl>=0.2.0 (from celery==5.5.3->-r requirements-dev.txt (line 11))
2025-08-19T08:20:30.8409791Z   Using cached click_repl-0.3.0-py3-none-any.whl.metadata (3.6 kB)
2025-08-19T08:20:30.8538476Z Collecting click-plugins>=1.1.1 (from celery==5.5.3->-r requirements-dev.txt (line 11))
2025-08-19T08:20:30.8550222Z   Using cached click_plugins-1.1.1.2-py2.py3-none-any.whl.metadata (6.5 kB)
2025-08-19T08:20:30.8706967Z Collecting python-dateutil>=2.8.2 (from celery==5.5.3->-r requirements-dev.txt (line 11))
2025-08-19T08:20:30.8718639Z   Using cached python_dateutil-2.9.0.post0-py2.py3-none-any.whl.metadata (8.4 kB)
2025-08-19T08:20:30.9455498Z Collecting annotated-types>=0.6.0 (from pydantic==2.11.7->-r requirements-dev.txt (line 25))
2025-08-19T08:20:30.9467322Z   Using cached annotated_types-0.7.0-py3-none-any.whl.metadata (15 kB)
2025-08-19T08:20:31.6097811Z Collecting pydantic-core==2.33.2 (from pydantic==2.11.7->-r requirements-dev.txt (line 25))
2025-08-19T08:20:31.6111444Z   Using cached pydantic_core-2.33.2-cp312-cp312-manylinux_2_17_x86_64.manylinux2014_x86_64.whl.metadata (6.8 kB)
2025-08-19T08:20:31.6281410Z Collecting typing-inspection>=0.4.0 (from pydantic==2.11.7->-r requirements-dev.txt (line 25))
2025-08-19T08:20:31.6293190Z   Using cached typing_inspection-0.4.1-py3-none-any.whl.metadata (2.6 kB)
2025-08-19T08:20:31.6596372Z Collecting et-xmlfile (from openpyxl==3.1.5->-r requirements-dev.txt (line 21))
2025-08-19T08:20:31.6608511Z   Using cached et_xmlfile-2.0.0-py3-none-any.whl.metadata (2.7 kB)
2025-08-19T08:20:31.7087072Z Collecting pytest<9,>=7.0.0 (from pytest-asyncio==0.23.6->-r requirements-dev.txt (line 27))
2025-08-19T08:20:31.7098717Z   Using cached pytest-8.4.1-py3-none-any.whl.metadata (7.7 kB)
2025-08-19T08:20:32.0224327Z Collecting coverage>=7.5 (from coverage[toml]>=7.5->pytest-cov==6.2.1->-r requirements-dev.txt (line 28))
2025-08-19T08:20:32.0238097Z   Using cached coverage-7.10.4-cp312-cp312-manylinux1_x86_64.manylinux_2_28_x86_64.manylinux_2_5_x86_64.whl.metadata (8.9 kB)
2025-08-19T08:20:32.0395703Z Collecting pluggy>=1.2 (from pytest-cov==6.2.1->-r requirements-dev.txt (line 28))
2025-08-19T08:20:32.0407095Z   Using cached pluggy-1.6.0-py3-none-any.whl.metadata (4.8 kB)
2025-08-19T08:20:32.0691056Z Collecting port-for>=0.7.3 (from pytest-postgresql==7.0.2->-r requirements-dev.txt (line 29))
2025-08-19T08:20:32.0702369Z   Using cached port_for-0.7.4-py3-none-any.whl.metadata (7.1 kB)
2025-08-19T08:20:32.0869212Z Collecting mirakuru>=2.6.0 (from pytest-postgresql==7.0.2->-r requirements-dev.txt (line 29))
2025-08-19T08:20:32.0880551Z   Using cached mirakuru-2.6.1-py3-none-any.whl.metadata (10 kB)
2025-08-19T08:20:32.1739226Z Collecting charset_normalizer<4,>=2 (from requests==2.32.4->-r requirements-dev.txt (line 33))
2025-08-19T08:20:32.1751800Z   Using cached charset_normalizer-3.4.3-cp312-cp312-manylinux2014_x86_64.manylinux_2_17_x86_64.manylinux_2_28_x86_64.whl.metadata (36 kB)
2025-08-19T08:20:32.1938282Z Collecting idna<4,>=2.5 (from requests==2.32.4->-r requirements-dev.txt (line 33))
2025-08-19T08:20:32.1949871Z   Using cached idna-3.10-py3-none-any.whl.metadata (10 kB)
2025-08-19T08:20:32.2245256Z Collecting urllib3<3,>=1.21.1 (from requests==2.32.4->-r requirements-dev.txt (line 33))
2025-08-19T08:20:32.2256750Z   Using cached urllib3-2.5.0-py3-none-any.whl.metadata (6.5 kB)
2025-08-19T08:20:32.2486560Z Collecting certifi>=2017.4.17 (from requests==2.32.4->-r requirements-dev.txt (line 33))
2025-08-19T08:20:32.2497960Z   Using cached certifi-2025.8.3-py3-none-any.whl.metadata (2.4 kB)
2025-08-19T08:20:32.4533817Z Collecting greenlet!=0.4.17 (from sqlalchemy==2.0.29->-r requirements-dev.txt (line 36))
2025-08-19T08:20:32.4547759Z   Using cached greenlet-3.2.4-cp312-cp312-manylinux_2_24_x86_64.manylinux_2_28_x86_64.whl.metadata (4.1 kB)
2025-08-19T08:20:32.4802707Z Collecting docker (from testcontainers==4.10.0->testcontainers[postgres]==4.10.0->-r requirements-dev.txt (line 38))
2025-08-19T08:20:32.4814001Z   Using cached docker-7.1.0-py3-none-any.whl.metadata (3.8 kB)
2025-08-19T08:20:32.6012798Z Collecting wrapt (from testcontainers==4.10.0->testcontainers[postgres]==4.10.0->-r requirements-dev.txt (line 38))
2025-08-19T08:20:32.6026142Z   Using cached wrapt-1.17.3-cp312-cp312-manylinux1_x86_64.manylinux_2_28_x86_64.manylinux_2_5_x86_64.whl.metadata (6.4 kB)
2025-08-19T08:20:32.6295746Z Collecting docspec==2.2.1 (from docspec-python==2.2.2->-r requirements-dev.txt (line 40))
2025-08-19T08:20:32.6307197Z   Using cached docspec-2.2.1-py3-none-any.whl.metadata (1.5 kB)
2025-08-19T08:20:32.6493369Z Collecting nr-util>=0.8.12 (from docspec-python==2.2.2->-r requirements-dev.txt (line 40))
2025-08-19T08:20:32.6504352Z   Using cached nr.util-0.8.12-py3-none-any.whl.metadata (813 bytes)
2025-08-19T08:20:32.6871295Z Collecting PyYAML<7.0,>=5.0 (from pydoc-markdown==4.8.2->-r requirements-dev.txt (line 41))
2025-08-19T08:20:32.6882770Z   Using cached PyYAML-6.0.2-cp312-cp312-manylinux_2_17_x86_64.manylinux2014_x86_64.whl.metadata (2.1 kB)
2025-08-19T08:20:32.7173822Z Collecting databind.core<5.0.0,>=4.4.0 (from pydoc-markdown==4.8.2->-r requirements-dev.txt (line 41))
2025-08-19T08:20:32.7185244Z   Using cached databind.core-4.5.2-py3-none-any.whl.metadata (1.1 kB)
2025-08-19T08:20:32.7433204Z Collecting databind.json<5.0.0,>=4.4.0 (from pydoc-markdown==4.8.2->-r requirements-dev.txt (line 41))
2025-08-19T08:20:32.7434166Z   Using cached databind.json-4.5.2-py3-none-any.whl.metadata (1.1 kB)
2025-08-19T08:20:32.7585502Z Collecting docstring-parser<0.12,>=0.11 (from pydoc-markdown==4.8.2->-r requirements-dev.txt (line 41))
2025-08-19T08:20:32.7587099Z   Using cached docstring_parser-0.11-py3-none-any.whl
2025-08-19T08:20:32.8045720Z Collecting tomli<3.0.0,>=2.0.0 (from pydoc-markdown==4.8.2->-r requirements-dev.txt (line 41))
2025-08-19T08:20:32.8057639Z   Using cached tomli-2.2.1-cp312-cp312-manylinux_2_17_x86_64.manylinux2014_x86_64.whl.metadata (11 kB)
2025-08-19T08:20:32.8206255Z Collecting tomli_w<2.0.0,>=1.0.0 (from pydoc-markdown==4.8.2->-r requirements-dev.txt (line 41))
2025-08-19T08:20:32.8221268Z   Using cached tomli_w-1.2.0-py3-none-any.whl.metadata (5.7 kB)
2025-08-19T08:20:32.8723191Z Collecting watchdog (from pydoc-markdown==4.8.2->-r requirements-dev.txt (line 41))
2025-08-19T08:20:32.8734632Z   Using cached watchdog-6.0.0-py3-none-manylinux2014_x86_64.whl.metadata (44 kB)
2025-08-19T08:20:32.8973065Z Collecting yapf>=0.30.0 (from pydoc-markdown==4.8.2->-r requirements-dev.txt (line 41))
2025-08-19T08:20:32.8983930Z   Using cached yapf-0.43.0-py3-none-any.whl.metadata (46 kB)
2025-08-19T08:20:32.9211315Z Collecting Deprecated<2.0.0,>=1.2.12 (from docspec==2.2.1->docspec-python==2.2.2->-r requirements-dev.txt (line 40))
2025-08-19T08:20:32.9223494Z   Using cached Deprecated-1.2.18-py2.py3-none-any.whl.metadata (5.7 kB)
2025-08-19T08:20:33.0716154Z Collecting psycopg-binary==3.2.9 (from psycopg[binary]==3.2.9->-r requirements-dev.txt (line 24))
2025-08-19T08:20:33.0729057Z   Using cached psycopg_binary-3.2.9-cp312-cp312-manylinux_2_17_x86_64.manylinux2014_x86_64.whl.metadata (2.9 kB)
2025-08-19T08:20:33.1018800Z Collecting PyJWT>=2.9.0 (from redis==5.*->-r requirements-dev.txt (line 9))
2025-08-19T08:20:33.1030500Z   Using cached PyJWT-2.10.1-py3-none-any.whl.metadata (4.0 kB)
2025-08-19T08:20:33.1280410Z Collecting argon2-cffi (from minio==7.*->-r requirements-dev.txt (line 10))
2025-08-19T08:20:33.1291925Z   Using cached argon2_cffi-25.1.0-py3-none-any.whl.metadata (4.1 kB)
2025-08-19T08:20:33.2107632Z Collecting pycryptodome (from minio==7.*->-r requirements-dev.txt (line 10))
2025-08-19T08:20:33.2120787Z   Using cached pycryptodome-3.23.0-cp37-abi3-manylinux_2_17_x86_64.manylinux2014_x86_64.whl.metadata (3.4 kB)
2025-08-19T08:20:33.2341835Z Collecting anyio (from httpx<0.29,>=0.27->-r requirements-dev.txt (line 15))
2025-08-19T08:20:33.2353287Z   Using cached anyio-4.10.0-py3-none-any.whl.metadata (4.0 kB)
2025-08-19T08:20:33.2570386Z Collecting httpcore==1.* (from httpx<0.29,>=0.27->-r requirements-dev.txt (line 15))
2025-08-19T08:20:33.2581986Z   Using cached httpcore-1.0.9-py3-none-any.whl.metadata (21 kB)
2025-08-19T08:20:33.2931994Z Collecting tzdata>=2022.7 (from pandas==2.2.*->-r requirements-dev.txt (line 22))
2025-08-19T08:20:33.2943505Z   Using cached tzdata-2025.2-py2.py3-none-any.whl.metadata (1.4 kB)
2025-08-19T08:20:33.3116262Z Collecting multimethod<=1.10.0 (from pandera==0.19.*->-r requirements-dev.txt (line 42))
2025-08-19T08:20:33.3127192Z   Using cached multimethod-1.10-py3-none-any.whl.metadata (8.2 kB)
2025-08-19T08:20:33.3510198Z Collecting typeguard (from pandera==0.19.*->-r requirements-dev.txt (line 42))
2025-08-19T08:20:33.3521203Z   Using cached typeguard-4.4.4-py3-none-any.whl.metadata (3.3 kB)
2025-08-19T08:20:33.3662443Z Collecting typing-inspect>=0.6.0 (from pandera==0.19.*->-r requirements-dev.txt (line 42))
2025-08-19T08:20:33.3673134Z   Using cached typing_inspect-0.9.0-py3-none-any.whl.metadata (1.5 kB)
2025-08-19T08:20:33.4020662Z Collecting databind<5.0.0,>=4.5.2 (from databind.core<5.0.0,>=4.4.0->pydoc-markdown==4.8.2->-r requirements-dev.txt (line 41))
2025-08-19T08:20:33.4031570Z   Using cached databind-4.5.2-py3-none-any.whl.metadata (4.3 kB)
2025-08-19T08:20:33.4176545Z Collecting nr-date<3.0.0,>=2.0.0 (from databind<5.0.0,>=4.5.2->databind.core<5.0.0,>=4.4.0->pydoc-markdown==4.8.2->-r requirements-dev.txt (line 41))
2025-08-19T08:20:33.4187304Z   Using cached nr_date-2.1.0-py3-none-any.whl.metadata (746 bytes)
2025-08-19T08:20:33.4325362Z Collecting nr-stream<2.0.0,>=1.0.0 (from databind<5.0.0,>=4.5.2->databind.core<5.0.0,>=4.4.0->pydoc-markdown==4.8.2->-r requirements-dev.txt (line 41))
2025-08-19T08:20:33.4336265Z   Using cached nr_stream-1.1.5-py3-none-any.whl.metadata (3.6 kB)
2025-08-19T08:20:33.4527574Z Collecting typeapi<3,>=2.0.1 (from databind<5.0.0,>=4.5.2->databind.core<5.0.0,>=4.4.0->pydoc-markdown==4.8.2->-r requirements-dev.txt (line 41))
2025-08-19T08:20:33.4538666Z   Using cached typeapi-2.2.4-py3-none-any.whl.metadata (1.5 kB)
2025-08-19T08:20:33.4843161Z Collecting h11>=0.16 (from httpcore==1.*->httpx<0.29,>=0.27->-r requirements-dev.txt (line 15))
2025-08-19T08:20:33.4854396Z   Using cached h11-0.16.0-py3-none-any.whl.metadata (8.3 kB)
2025-08-19T08:20:33.5108953Z Collecting amqp<6.0.0,>=5.1.1 (from kombu<5.6,>=5.5.2->celery==5.5.3->-r requirements-dev.txt (line 11))
2025-08-19T08:20:33.5120078Z   Using cached amqp-5.3.1-py3-none-any.whl.metadata (8.9 kB)
2025-08-19T08:20:33.5550178Z Collecting iniconfig>=1 (from pytest<9,>=7.0.0->pytest-asyncio==0.23.6->-r requirements-dev.txt (line 27))
2025-08-19T08:20:33.5561480Z   Using cached iniconfig-2.1.0-py3-none-any.whl.metadata (2.7 kB)
2025-08-19T08:20:33.5801189Z Collecting pygments>=2.7.2 (from pytest<9,>=7.0.0->pytest-asyncio==0.23.6->-r requirements-dev.txt (line 27))
2025-08-19T08:20:33.5812104Z   Using cached pygments-2.19.2-py3-none-any.whl.metadata (2.5 kB)
2025-08-19T08:20:33.6172896Z Collecting sniffio>=1.1 (from anyio->httpx<0.29,>=0.27->-r requirements-dev.txt (line 15))
2025-08-19T08:20:33.6184234Z   Using cached sniffio-1.3.1-py3-none-any.whl.metadata (3.9 kB)
2025-08-19T08:20:34.0360488Z Collecting botocore<1.41.0,>=1.40.12 (from boto3->-r requirements-dev.txt (line 8))
2025-08-19T08:20:34.0373359Z   Using cached botocore-1.40.12-py3-none-any.whl.metadata (5.7 kB)
2025-08-19T08:20:34.0539079Z Collecting jmespath<2.0.0,>=0.7.1 (from boto3->-r requirements-dev.txt (line 8))
2025-08-19T08:20:34.0550803Z   Using cached jmespath-1.0.1-py3-none-any.whl.metadata (7.6 kB)
2025-08-19T08:20:34.0753015Z Collecting s3transfer<0.14.0,>=0.13.0 (from boto3->-r requirements-dev.txt (line 8))
2025-08-19T08:20:34.0764585Z   Using cached s3transfer-0.13.1-py3-none-any.whl.metadata (1.7 kB)
2025-08-19T08:20:34.2807115Z Collecting fastapi-cli>=0.0.8 (from fastapi-cli[standard]>=0.0.8; extra == "all"->fastapi[all]->-r requirements-dev.txt (line 13))
2025-08-19T08:20:34.2818655Z   Using cached fastapi_cli-0.0.8-py3-none-any.whl.metadata (6.3 kB)
2025-08-19T08:20:34.3554666Z Collecting ujson!=4.0.2,!=4.1.0,!=4.2.0,!=4.3.0,!=5.0.0,!=5.1.0,>=4.0.1 (from fastapi[all]->-r requirements-dev.txt (line 13))
2025-08-19T08:20:34.3567365Z   Using cached ujson-5.10.0-cp312-cp312-manylinux_2_17_x86_64.manylinux2014_x86_64.whl.metadata (9.3 kB)
2025-08-19T08:20:34.5875150Z Collecting orjson>=3.2.1 (from fastapi[all]->-r requirements-dev.txt (line 13))
2025-08-19T08:20:34.5888642Z   Using cached orjson-3.11.2-cp312-cp312-manylinux_2_17_x86_64.manylinux2014_x86_64.whl.metadata (1.2 kB)
2025-08-19T08:20:34.6041109Z Collecting email-validator>=2.0.0 (from fastapi[all]->-r requirements-dev.txt (line 13))
2025-08-19T08:20:34.6053771Z   Using cached email_validator-2.2.0-py3-none-any.whl.metadata (25 kB)
2025-08-19T08:20:34.6364383Z Collecting uvicorn>=0.12.0 (from uvicorn[standard]>=0.12.0; extra == "all"->fastapi[all]->-r requirements-dev.txt (line 13))
2025-08-19T08:20:34.6376310Z   Using cached uvicorn-0.35.0-py3-none-any.whl.metadata (6.5 kB)
2025-08-19T08:20:34.6567239Z Collecting pydantic-settings>=2.0.0 (from fastapi[all]->-r requirements-dev.txt (line 13))
2025-08-19T08:20:34.6578999Z   Using cached pydantic_settings-2.10.1-py3-none-any.whl.metadata (3.4 kB)
2025-08-19T08:20:34.6742991Z Collecting pydantic-extra-types>=2.0.0 (from fastapi[all]->-r requirements-dev.txt (line 13))
2025-08-19T08:20:34.6754765Z   Using cached pydantic_extra_types-2.10.5-py3-none-any.whl.metadata (3.9 kB)
2025-08-19T08:20:34.7476166Z Collecting prompt-toolkit>=3.0.36 (from click-repl>=0.2.0->celery==5.5.3->-r requirements-dev.txt (line 11))
2025-08-19T08:20:34.7487912Z   Using cached prompt_toolkit-3.0.51-py3-none-any.whl.metadata (6.4 kB)
2025-08-19T08:20:34.7705391Z Collecting dnspython>=2.0.0 (from email-validator>=2.0.0->fastapi[all]->-r requirements-dev.txt (line 13))
2025-08-19T08:20:34.7717020Z   Using cached dnspython-2.7.0-py3-none-any.whl.metadata (5.8 kB)
2025-08-19T08:20:34.8029826Z Collecting typer>=0.15.1 (from fastapi-cli>=0.0.8->fastapi-cli[standard]>=0.0.8; extra == "all"->fastapi[all]->-r requirements-dev.txt (line 13))
2025-08-19T08:20:34.8041400Z   Using cached typer-0.16.1-py3-none-any.whl.metadata (15 kB)
2025-08-19T08:20:34.8336484Z Collecting rich-toolkit>=0.14.8 (from fastapi-cli>=0.0.8->fastapi-cli[standard]>=0.0.8; extra == "all"->fastapi[all]->-r requirements-dev.txt (line 13))
2025-08-19T08:20:34.8347835Z   Using cached rich_toolkit-0.15.0-py3-none-any.whl.metadata (1.0 kB)
2025-08-19T08:20:34.8490962Z Collecting fastapi-cloud-cli>=0.1.1 (from fastapi-cli[standard]>=0.0.8; extra == "all"->fastapi[all]->-r requirements-dev.txt (line 13))
2025-08-19T08:20:34.8502395Z   Using cached fastapi_cloud_cli-0.1.5-py3-none-any.whl.metadata (3.2 kB)
2025-08-19T08:20:34.9310510Z Collecting rignore>=0.5.1 (from fastapi-cloud-cli>=0.1.1->fastapi-cli[standard]>=0.0.8; extra == "all"->fastapi[all]->-r requirements-dev.txt (line 13))
2025-08-19T08:20:34.9324907Z   Using cached rignore-0.6.4-cp312-cp312-manylinux_2_17_x86_64.manylinux2014_x86_64.whl.metadata (3.8 kB)
2025-08-19T08:20:35.0345482Z Collecting sentry-sdk>=2.20.0 (from fastapi-cloud-cli>=0.1.1->fastapi-cli[standard]>=0.0.8; extra == "all"->fastapi[all]->-r requirements-dev.txt (line 13))
2025-08-19T08:20:35.0356299Z   Using cached sentry_sdk-2.35.0-py2.py3-none-any.whl.metadata (10 kB)
2025-08-19T08:20:35.1299377Z Collecting psutil>=4.0.0 (from mirakuru>=2.6.0->pytest-postgresql==7.0.2->-r requirements-dev.txt (line 29))
2025-08-19T08:20:35.1311071Z   Using cached psutil-7.0.0-cp36-abi3-manylinux_2_12_x86_64.manylinux2010_x86_64.manylinux_2_17_x86_64.manylinux2014_x86_64.whl.metadata (22 kB)
2025-08-19T08:20:35.1661546Z Collecting wcwidth (from prompt-toolkit>=3.0.36->click-repl>=0.2.0->celery==5.5.3->-r requirements-dev.txt (line 11))
2025-08-19T08:20:35.1673082Z   Using cached wcwidth-0.2.13-py2.py3-none-any.whl.metadata (14 kB)
2025-08-19T08:20:35.2770635Z Collecting rich>=13.7.1 (from rich-toolkit>=0.14.8->fastapi-cli>=0.0.8->fastapi-cli[standard]>=0.0.8; extra == "all"->fastapi[all]->-r requirements-dev.txt (line 13))
2025-08-19T08:20:35.2781619Z   Using cached rich-14.1.0-py3-none-any.whl.metadata (18 kB)
2025-08-19T08:20:35.3001347Z Collecting markdown-it-py>=2.2.0 (from rich>=13.7.1->rich-toolkit>=0.14.8->fastapi-cli>=0.0.8->fastapi-cli[standard]>=0.0.8; extra == "all"->fastapi[all]->-r requirements-dev.txt (line 13))
2025-08-19T08:20:35.3012166Z   Using cached markdown_it_py-4.0.0-py3-none-any.whl.metadata (7.3 kB)
2025-08-19T08:20:35.3242477Z Collecting mdurl~=0.1 (from markdown-it-py>=2.2.0->rich>=13.7.1->rich-toolkit>=0.14.8->fastapi-cli>=0.0.8->fastapi-cli[standard]>=0.0.8; extra == "all"->fastapi[all]->-r requirements-dev.txt (line 13))
2025-08-19T08:20:35.3254329Z   Using cached mdurl-0.1.2-py3-none-any.whl.metadata (1.6 kB)
2025-08-19T08:20:35.3781344Z Collecting shellingham>=1.3.0 (from typer>=0.15.1->fastapi-cli>=0.0.8->fastapi-cli[standard]>=0.0.8; extra == "all"->fastapi[all]->-r requirements-dev.txt (line 13))
2025-08-19T08:20:35.3792010Z   Using cached shellingham-1.5.4-py2.py3-none-any.whl.metadata (3.5 kB)
2025-08-19T08:20:35.4657207Z Collecting httptools>=0.6.3 (from uvicorn[standard]>=0.12.0; extra == "all"->fastapi[all]->-r requirements-dev.txt (line 13))
2025-08-19T08:20:35.4668998Z   Using cached httptools-0.6.4-cp312-cp312-manylinux_2_5_x86_64.manylinux1_x86_64.manylinux_2_17_x86_64.manylinux2014_x86_64.whl.metadata (3.6 kB)
2025-08-19T08:20:35.5116112Z Collecting uvloop>=0.15.1 (from uvicorn[standard]>=0.12.0; extra == "all"->fastapi[all]->-r requirements-dev.txt (line 13))
2025-08-19T08:20:35.5127542Z   Using cached uvloop-0.21.0-cp312-cp312-manylinux_2_17_x86_64.manylinux2014_x86_64.whl.metadata (4.9 kB)
2025-08-19T08:20:35.5852991Z Collecting watchfiles>=0.13 (from uvicorn[standard]>=0.12.0; extra == "all"->fastapi[all]->-r requirements-dev.txt (line 13))
2025-08-19T08:20:35.5865459Z   Using cached watchfiles-1.1.0-cp312-cp312-manylinux_2_17_x86_64.manylinux2014_x86_64.whl.metadata (4.9 kB)
2025-08-19T08:20:35.6728092Z Collecting websockets>=10.4 (from uvicorn[standard]>=0.12.0; extra == "all"->fastapi[all]->-r requirements-dev.txt (line 13))
2025-08-19T08:20:35.6740215Z   Using cached websockets-15.0.1-cp312-cp312-manylinux_2_5_x86_64.manylinux1_x86_64.manylinux_2_17_x86_64.manylinux2014_x86_64.whl.metadata (6.8 kB)
2025-08-19T08:20:35.7216059Z Collecting argon2-cffi-bindings (from argon2-cffi->minio==7.*->-r requirements-dev.txt (line 10))
2025-08-19T08:20:35.7227275Z   Using cached argon2_cffi_bindings-25.1.0-cp39-abi3-manylinux_2_26_x86_64.manylinux_2_28_x86_64.whl.metadata (7.4 kB)
2025-08-19T08:20:35.9372504Z Collecting cffi>=1.0.1 (from argon2-cffi-bindings->argon2-cffi->minio==7.*->-r requirements-dev.txt (line 10))
2025-08-19T08:20:35.9385747Z   Using cached cffi-1.17.1-cp312-cp312-manylinux_2_17_x86_64.manylinux2014_x86_64.whl.metadata (1.5 kB)
2025-08-19T08:20:35.9551443Z Collecting pycparser (from cffi>=1.0.1->argon2-cffi-bindings->argon2-cffi->minio==7.*->-r requirements-dev.txt (line 10))
2025-08-19T08:20:35.9563086Z   Using cached pycparser-2.22-py3-none-any.whl.metadata (943 bytes)
2025-08-19T08:20:36.0162602Z Using cached jinja2-3.1.6-py3-none-any.whl (134 kB)
2025-08-19T08:20:36.0174369Z Using cached alembic-1.13.1-py3-none-any.whl (233 kB)
2025-08-19T08:20:36.0187149Z Using cached APScheduler-3.10.4-py3-none-any.whl (59 kB)
2025-08-19T08:20:36.0198345Z Using cached asgi_correlation_id-4.3.1-py3-none-any.whl (15 kB)
2025-08-19T08:20:36.0209748Z Using cached asyncpg-0.30.0-cp312-cp312-manylinux_2_17_x86_64.manylinux2014_x86_64.whl (3.6 MB)
2025-08-19T08:20:36.0245944Z Using cached black-25.1.0-cp312-cp312-manylinux_2_17_x86_64.manylinux2014_x86_64.manylinux_2_28_x86_64.whl (1.8 MB)
2025-08-19T08:20:36.0330198Z Downloading celery-5.5.3-py3-none-any.whl (438 kB)
2025-08-19T08:20:36.0545447Z Using cached fastapi-0.116.1-py3-none-any.whl (95 kB)
2025-08-19T08:20:36.0557152Z Using cached pydantic-2.11.7-py3-none-any.whl (444 kB)
2025-08-19T08:20:36.0570601Z Using cached fastapi_limiter-0.1.6-py3-none-any.whl (15 kB)
2025-08-19T08:20:36.0581349Z Using cached IMAPClient-3.0.1-py2.py3-none-any.whl (182 kB)
2025-08-19T08:20:36.0593269Z Using cached mypy_extensions-1.1.0-py3-none-any.whl (5.0 kB)
2025-08-19T08:20:36.0603772Z Using cached openpyxl-3.1.5-py2.py3-none-any.whl (250 kB)
2025-08-19T08:20:36.0616624Z Using cached psycopg2_binary-2.9.10-cp312-cp312-manylinux_2_17_x86_64.manylinux2014_x86_64.whl (3.0 MB)
2025-08-19T08:20:36.0647975Z Using cached psycopg-3.2.9-py3-none-any.whl (202 kB)
2025-08-19T08:20:36.0659767Z Using cached pytest_asyncio-0.23.6-py3-none-any.whl (17 kB)
2025-08-19T08:20:36.0670416Z Using cached pytest_cov-6.2.1-py3-none-any.whl (24 kB)
2025-08-19T08:20:36.0681109Z Using cached pytest_postgresql-7.0.2-py3-none-any.whl (41 kB)
2025-08-19T08:20:36.0754926Z Downloading python_telegram_bot-22.3-py3-none-any.whl (717 kB)
2025-08-19T08:20:36.0866817Z    ━━━━━━━━━━━━━━━━━━━━━━━━━━━━━━━━━━━━━━━━ 717.1/717.1 kB 56.6 MB/s  0:00:00
2025-08-19T08:20:36.0879041Z Using cached requests-2.32.4-py3-none-any.whl (64 kB)
2025-08-19T08:20:36.0890152Z Using cached respx-0.22.0-py2.py3-none-any.whl (25 kB)
2025-08-19T08:20:36.0901266Z Using cached ruff-0.4.4-py3-none-manylinux_2_17_x86_64.manylinux2014_x86_64.whl (8.7 MB)
2025-08-19T08:20:36.0972213Z Using cached SQLAlchemy-2.0.29-cp312-cp312-manylinux_2_17_x86_64.manylinux2014_x86_64.whl (3.2 MB)
2025-08-19T08:20:36.1005881Z Using cached structlog-24.1.0-py3-none-any.whl (65 kB)
2025-08-19T08:20:36.1017039Z Using cached testcontainers-4.10.0-py3-none-any.whl (107 kB)
2025-08-19T08:20:36.1028385Z Using cached types_requests-2.32.0.20240602-py3-none-any.whl (15 kB)
2025-08-19T08:20:36.1039037Z Using cached docspec_python-2.2.2-py3-none-any.whl (15 kB)
2025-08-19T08:20:36.1049540Z Using cached pydoc_markdown-4.8.2-py3-none-any.whl (67 kB)
2025-08-19T08:20:36.1060287Z Using cached docspec-2.2.1-py3-none-any.whl (9.8 kB)
2025-08-19T08:20:36.1071103Z Using cached psycopg_binary-3.2.9-cp312-cp312-manylinux_2_17_x86_64.manylinux2014_x86_64.whl (4.4 MB)
2025-08-19T08:20:36.1112397Z Using cached pydantic_core-2.33.2-cp312-cp312-manylinux_2_17_x86_64.manylinux2014_x86_64.whl (2.0 MB)
2025-08-19T08:20:36.1137441Z Using cached redis-5.3.1-py3-none-any.whl (272 kB)
2025-08-19T08:20:36.1149703Z Using cached minio-7.2.16-py3-none-any.whl (95 kB)
2025-08-19T08:20:36.1160833Z Using cached httpx-0.28.1-py3-none-any.whl (73 kB)
2025-08-19T08:20:36.1172211Z Using cached mypy-1.17.1-cp312-cp312-manylinux2014_x86_64.manylinux_2_17_x86_64.manylinux_2_28_x86_64.whl (12.7 MB)
2025-08-19T08:20:36.1271429Z Using cached numpy-1.26.4-cp312-cp312-manylinux_2_17_x86_64.manylinux2014_x86_64.whl (18.0 MB)
2025-08-19T08:20:36.1407890Z Using cached pandas-2.2.3-cp312-cp312-manylinux_2_17_x86_64.manylinux2014_x86_64.whl (12.7 MB)
2025-08-19T08:20:36.1507760Z Using cached pandera-0.19.3-py3-none-any.whl (251 kB)
2025-08-19T08:20:36.1520075Z Using cached billiard-4.2.1-py3-none-any.whl (86 kB)
2025-08-19T08:20:36.1532195Z Using cached charset_normalizer-3.4.3-cp312-cp312-manylinux2014_x86_64.manylinux_2_17_x86_64.manylinux_2_28_x86_64.whl (151 kB)
2025-08-19T08:20:36.1543148Z Using cached click-8.2.1-py3-none-any.whl (102 kB)
2025-08-19T08:20:36.1554366Z Using cached databind.core-4.5.2-py3-none-any.whl (1.5 kB)
2025-08-19T08:20:36.1565091Z Using cached databind-4.5.2-py3-none-any.whl (49 kB)
2025-08-19T08:20:36.1576099Z Using cached databind.json-4.5.2-py3-none-any.whl (1.5 kB)
2025-08-19T08:20:36.1587024Z Using cached Deprecated-1.2.18-py2.py3-none-any.whl (10.0 kB)
2025-08-19T08:20:36.1597351Z Using cached httpcore-1.0.9-py3-none-any.whl (78 kB)
2025-08-19T08:20:36.1608257Z Using cached idna-3.10-py3-none-any.whl (70 kB)
2025-08-19T08:20:36.1619223Z Using cached kombu-5.5.4-py3-none-any.whl (210 kB)
2025-08-19T08:20:36.1630940Z Using cached vine-5.1.0-py3-none-any.whl (9.6 kB)
2025-08-19T08:20:36.1641339Z Using cached amqp-5.3.1-py3-none-any.whl (50 kB)
2025-08-19T08:20:36.1652042Z Using cached multimethod-1.10-py3-none-any.whl (9.9 kB)
2025-08-19T08:20:36.1662273Z Using cached nr_date-2.1.0-py3-none-any.whl (10 kB)
2025-08-19T08:20:36.1672829Z Using cached nr_stream-1.1.5-py3-none-any.whl (10 kB)
2025-08-19T08:20:36.1683280Z Using cached nr.util-0.8.12-py3-none-any.whl (90 kB)
2025-08-19T08:20:36.1694349Z Using cached pytest-8.4.1-py3-none-any.whl (365 kB)
2025-08-19T08:20:36.1707766Z Using cached pluggy-1.6.0-py3-none-any.whl (20 kB)
2025-08-19T08:20:36.1719007Z Using cached PyYAML-6.0.2-cp312-cp312-manylinux_2_17_x86_64.manylinux2014_x86_64.whl (767 kB)
2025-08-19T08:20:36.1734643Z Using cached starlette-0.47.2-py3-none-any.whl (72 kB)
2025-08-19T08:20:36.1745830Z Using cached anyio-4.10.0-py3-none-any.whl (107 kB)
2025-08-19T08:20:36.1757368Z Using cached tomli-2.2.1-cp312-cp312-manylinux_2_17_x86_64.manylinux2014_x86_64.whl (242 kB)
2025-08-19T08:20:36.1769244Z Using cached tomli_w-1.2.0-py3-none-any.whl (6.7 kB)
2025-08-19T08:20:36.1779612Z Using cached typeapi-2.2.4-py3-none-any.whl (26 kB)
2025-08-19T08:20:36.1790255Z Using cached typing_extensions-4.14.1-py3-none-any.whl (43 kB)
2025-08-19T08:20:36.1800990Z Using cached urllib3-2.5.0-py3-none-any.whl (129 kB)
2025-08-19T08:20:36.1813179Z Using cached wrapt-1.17.3-cp312-cp312-manylinux1_x86_64.manylinux_2_28_x86_64.manylinux_2_5_x86_64.whl (88 kB)
2025-08-19T08:20:36.1823988Z Using cached boto3-1.40.12-py3-none-any.whl (140 kB)
2025-08-19T08:20:36.1835859Z Using cached botocore-1.40.12-py3-none-any.whl (14.0 MB)
2025-08-19T08:20:36.1948837Z Using cached jmespath-1.0.1-py3-none-any.whl (20 kB)
2025-08-19T08:20:36.1959742Z Using cached python_dateutil-2.9.0.post0-py2.py3-none-any.whl (229 kB)
2025-08-19T08:20:36.1971617Z Using cached s3transfer-0.13.1-py3-none-any.whl (85 kB)
2025-08-19T08:20:36.1982630Z Using cached itsdangerous-2.2.0-py3-none-any.whl (16 kB)
2025-08-19T08:20:36.1993389Z Using cached setuptools-80.9.0-py3-none-any.whl (1.2 MB)
2025-08-19T08:20:36.2012672Z Using cached python_dotenv-1.1.1-py3-none-any.whl (20 kB)
2025-08-19T08:20:36.2023349Z Using cached python_multipart-0.0.20-py3-none-any.whl (24 kB)
2025-08-19T08:20:36.2034033Z Using cached annotated_types-0.7.0-py3-none-any.whl (13 kB)
2025-08-19T08:20:36.2045138Z Using cached certifi-2025.8.3-py3-none-any.whl (161 kB)
2025-08-19T08:20:36.2056614Z Using cached click_didyoumean-0.3.1-py3-none-any.whl (3.6 kB)
2025-08-19T08:20:36.2066967Z Using cached click_plugins-1.1.1.2-py2.py3-none-any.whl (11 kB)
2025-08-19T08:20:36.2077934Z Using cached click_repl-0.3.0-py3-none-any.whl (10 kB)
2025-08-19T08:20:36.2088857Z Using cached coverage-7.10.4-cp312-cp312-manylinux1_x86_64.manylinux_2_28_x86_64.manylinux_2_5_x86_64.whl (251 kB)
2025-08-19T08:20:36.2100706Z Using cached email_validator-2.2.0-py3-none-any.whl (33 kB)
2025-08-19T08:20:36.2111352Z Using cached dnspython-2.7.0-py3-none-any.whl (313 kB)
2025-08-19T08:20:36.2123947Z Using cached fastapi_cli-0.0.8-py3-none-any.whl (10 kB)
2025-08-19T08:20:36.2134614Z Using cached fastapi_cloud_cli-0.1.5-py3-none-any.whl (18 kB)
2025-08-19T08:20:36.2145664Z Using cached greenlet-3.2.4-cp312-cp312-manylinux_2_24_x86_64.manylinux_2_28_x86_64.whl (607 kB)
2025-08-19T08:20:36.2160090Z Using cached h11-0.16.0-py3-none-any.whl (37 kB)
2025-08-19T08:20:36.2172225Z Using cached iniconfig-2.1.0-py3-none-any.whl (6.0 kB)
2025-08-19T08:20:36.2183067Z Using cached MarkupSafe-3.0.2-cp312-cp312-manylinux_2_17_x86_64.manylinux2014_x86_64.whl (23 kB)
2025-08-19T08:20:36.2193541Z Using cached mirakuru-2.6.1-py3-none-any.whl (26 kB)
2025-08-19T08:20:36.2204978Z Using cached orjson-3.11.2-cp312-cp312-manylinux_2_17_x86_64.manylinux2014_x86_64.whl (121 kB)
2025-08-19T08:20:36.2216078Z Using cached packaging-25.0-py3-none-any.whl (66 kB)
2025-08-19T08:20:36.2226930Z Using cached pathspec-0.12.1-py3-none-any.whl (31 kB)
2025-08-19T08:20:36.2237597Z Using cached platformdirs-4.3.8-py3-none-any.whl (18 kB)
2025-08-19T08:20:36.2248102Z Using cached port_for-0.7.4-py3-none-any.whl (21 kB)
2025-08-19T08:20:36.2258803Z Using cached prompt_toolkit-3.0.51-py3-none-any.whl (387 kB)
2025-08-19T08:20:36.2272538Z Using cached psutil-7.0.0-cp36-abi3-manylinux_2_12_x86_64.manylinux2010_x86_64.manylinux_2_17_x86_64.manylinux2014_x86_64.whl (277 kB)
2025-08-19T08:20:36.2284692Z Using cached pydantic_extra_types-2.10.5-py3-none-any.whl (38 kB)
2025-08-19T08:20:36.2295781Z Using cached pydantic_settings-2.10.1-py3-none-any.whl (45 kB)
2025-08-19T08:20:36.2307270Z Using cached pygments-2.19.2-py3-none-any.whl (1.2 MB)
2025-08-19T08:20:36.2327127Z Using cached PyJWT-2.10.1-py3-none-any.whl (22 kB)
2025-08-19T08:20:36.2337877Z Using cached pytz-2025.2-py2.py3-none-any.whl (509 kB)
2025-08-19T08:20:36.2351758Z Using cached rich_toolkit-0.15.0-py3-none-any.whl (29 kB)
2025-08-19T08:20:36.2362615Z Using cached rich-14.1.0-py3-none-any.whl (243 kB)
2025-08-19T08:20:36.2374837Z Using cached markdown_it_py-4.0.0-py3-none-any.whl (87 kB)
2025-08-19T08:20:36.2385877Z Using cached mdurl-0.1.2-py3-none-any.whl (10.0 kB)
2025-08-19T08:20:36.2396758Z Using cached rignore-0.6.4-cp312-cp312-manylinux_2_17_x86_64.manylinux2014_x86_64.whl (949 kB)
2025-08-19T08:20:36.2413808Z Using cached sentry_sdk-2.35.0-py2.py3-none-any.whl (363 kB)
2025-08-19T08:20:36.2427117Z Using cached six-1.17.0-py2.py3-none-any.whl (11 kB)
2025-08-19T08:20:36.2437723Z Using cached sniffio-1.3.1-py3-none-any.whl (10 kB)
2025-08-19T08:20:36.2448180Z Using cached typer-0.16.1-py3-none-any.whl (46 kB)
2025-08-19T08:20:36.2460335Z Using cached shellingham-1.5.4-py2.py3-none-any.whl (9.8 kB)
2025-08-19T08:20:36.2470771Z Using cached typing_inspect-0.9.0-py3-none-any.whl (8.8 kB)
2025-08-19T08:20:36.2481337Z Using cached typing_inspection-0.4.1-py3-none-any.whl (14 kB)
2025-08-19T08:20:36.2491938Z Using cached tzdata-2025.2-py2.py3-none-any.whl (347 kB)
2025-08-19T08:20:36.2505058Z Using cached tzlocal-5.3.1-py3-none-any.whl (18 kB)
2025-08-19T08:20:36.2516288Z Using cached ujson-5.10.0-cp312-cp312-manylinux_2_17_x86_64.manylinux2014_x86_64.whl (53 kB)
2025-08-19T08:20:36.2526800Z Using cached uvicorn-0.35.0-py3-none-any.whl (66 kB)
2025-08-19T08:20:36.2538441Z Using cached httptools-0.6.4-cp312-cp312-manylinux_2_5_x86_64.manylinux1_x86_64.manylinux_2_17_x86_64.manylinux2014_x86_64.whl (510 kB)
2025-08-19T08:20:36.2552176Z Using cached uvloop-0.21.0-cp312-cp312-manylinux_2_17_x86_64.manylinux2014_x86_64.whl (4.7 MB)
2025-08-19T08:20:36.2596371Z Using cached watchfiles-1.1.0-cp312-cp312-manylinux_2_17_x86_64.manylinux2014_x86_64.whl (452 kB)
2025-08-19T08:20:36.2610550Z Using cached websockets-15.0.1-cp312-cp312-manylinux_2_5_x86_64.manylinux1_x86_64.manylinux_2_17_x86_64.manylinux2014_x86_64.whl (182 kB)
2025-08-19T08:20:36.2621684Z Using cached yapf-0.43.0-py3-none-any.whl (256 kB)
2025-08-19T08:20:36.2633942Z Using cached argon2_cffi-25.1.0-py3-none-any.whl (14 kB)
2025-08-19T08:20:36.2645282Z Using cached argon2_cffi_bindings-25.1.0-cp39-abi3-manylinux_2_26_x86_64.manylinux_2_28_x86_64.whl (87 kB)
2025-08-19T08:20:36.2656563Z Using cached cffi-1.17.1-cp312-cp312-manylinux_2_17_x86_64.manylinux2014_x86_64.whl (479 kB)
2025-08-19T08:20:36.2670756Z Using cached docker-7.1.0-py3-none-any.whl (147 kB)
2025-08-19T08:20:36.2682285Z Using cached et_xmlfile-2.0.0-py3-none-any.whl (18 kB)
2025-08-19T08:20:36.2692872Z Using cached mako-1.3.10-py3-none-any.whl (78 kB)
2025-08-19T08:20:36.2703882Z Using cached pycparser-2.22-py3-none-any.whl (117 kB)
2025-08-19T08:20:36.2715977Z Using cached pycryptodome-3.23.0-cp37-abi3-manylinux_2_17_x86_64.manylinux2014_x86_64.whl (2.3 MB)
2025-08-19T08:20:36.2742008Z Using cached typeguard-4.4.4-py3-none-any.whl (34 kB)
2025-08-19T08:20:36.2753127Z Using cached watchdog-6.0.0-py3-none-manylinux2014_x86_64.whl (79 kB)
2025-08-19T08:20:36.2763740Z Using cached wcwidth-0.2.13-py2.py3-none-any.whl (34 kB)
2025-08-19T08:20:36.7397721Z Installing collected packages: wcwidth, pytz, wrapt, websockets, watchdog, vine, uvloop, urllib3, ujson, tzlocal, tzdata, typing-extensions, tomli_w, tomli, structlog, sniffio, six, shellingham, setuptools, ruff, rignore, PyYAML, python-multipart, python-dotenv, PyJWT, pygments, pycryptodome, pycparser, psycopg2-binary, psycopg-binary, psutil, prompt-toolkit, port-for, pluggy, platformdirs, pathspec, packaging, orjson, numpy, nr-stream, nr-date, mypy-extensions, multimethod, mdurl, MarkupSafe, jmespath, itsdangerous, iniconfig, imapclient, idna, httptools, h11, greenlet, et-xmlfile, docstring-parser, dnspython, coverage, click, charset_normalizer, certifi, billiard, asyncpg, annotated-types, yapf, uvicorn, typing-inspection, typing-inspect, types-requests, typeguard, typeapi, sqlalchemy, sentry-sdk, requests, redis, python-dateutil, pytest, pydantic-core, psycopg, openpyxl, mypy, mirakuru, markdown-it-py, Mako, Jinja2, httpcore, email-validator, Deprecated, click-repl, click-plugins, click-didyoumean, cffi, black, apscheduler, anyio, amqp, watchfiles, starlette, rich, pytest-postgresql, pytest-cov, pytest-asyncio, pydantic, pandas, nr-util, kombu, httpx, docker, databind, botocore, argon2-cffi-bindings, alembic, typer, testcontainers, s3transfer, rich-toolkit, respx, python-telegram-bot, pydantic-settings, pydantic-extra-types, pandera, fastapi, databind.json, databind.core, celery, asgi-correlation-id, argon2-cffi, minio, fastapi-limiter, fastapi-cloud-cli, fastapi-cli, docspec, boto3, docspec-python, pydoc-markdown
2025-08-19T08:20:55.4599668Z 
2025-08-19T08:20:55.4718878Z Successfully installed Deprecated-1.2.18 Jinja2-3.1.6 Mako-1.3.10 MarkupSafe-3.0.2 PyJWT-2.10.1 PyYAML-6.0.2 alembic-1.13.1 amqp-5.3.1 annotated-types-0.7.0 anyio-4.10.0 apscheduler-3.10.4 argon2-cffi-25.1.0 argon2-cffi-bindings-25.1.0 asgi-correlation-id-4.3.1 asyncpg-0.30.0 billiard-4.2.1 black-25.1.0 boto3-1.40.12 botocore-1.40.12 celery-5.5.3 certifi-2025.8.3 cffi-1.17.1 charset_normalizer-3.4.3 click-8.2.1 click-didyoumean-0.3.1 click-plugins-1.1.1.2 click-repl-0.3.0 coverage-7.10.4 databind-4.5.2 databind.core-4.5.2 databind.json-4.5.2 dnspython-2.7.0 docker-7.1.0 docspec-2.2.1 docspec-python-2.2.2 docstring-parser-0.11 email-validator-2.2.0 et-xmlfile-2.0.0 fastapi-0.116.1 fastapi-cli-0.0.8 fastapi-cloud-cli-0.1.5 fastapi-limiter-0.1.6 greenlet-3.2.4 h11-0.16.0 httpcore-1.0.9 httptools-0.6.4 httpx-0.28.1 idna-3.10 imapclient-3.0.1 iniconfig-2.1.0 itsdangerous-2.2.0 jmespath-1.0.1 kombu-5.5.4 markdown-it-py-4.0.0 mdurl-0.1.2 minio-7.2.16 mirakuru-2.6.1 multimethod-1.10 mypy-1.17.1 mypy-extensions-1.1.0 nr-date-2.1.0 nr-stream-1.1.5 nr-util-0.8.12 numpy-1.26.4 openpyxl-3.1.5 orjson-3.11.2 packaging-25.0 pandas-2.2.3 pandera-0.19.3 pathspec-0.12.1 platformdirs-4.3.8 pluggy-1.6.0 port-for-0.7.4 prompt-toolkit-3.0.51 psutil-7.0.0 psycopg-3.2.9 psycopg-binary-3.2.9 psycopg2-binary-2.9.10 pycparser-2.22 pycryptodome-3.23.0 pydantic-2.11.7 pydantic-core-2.33.2 pydantic-extra-types-2.10.5 pydantic-settings-2.10.1 pydoc-markdown-4.8.2 pygments-2.19.2 pytest-8.4.1 pytest-asyncio-0.23.6 pytest-cov-6.2.1 pytest-postgresql-7.0.2 python-dateutil-2.9.0.post0 python-dotenv-1.1.1 python-multipart-0.0.20 python-telegram-bot-22.3 pytz-2025.2 redis-5.3.1 requests-2.32.4 respx-0.22.0 rich-14.1.0 rich-toolkit-0.15.0 rignore-0.6.4 ruff-0.4.4 s3transfer-0.13.1 sentry-sdk-2.35.0 setuptools-80.9.0 shellingham-1.5.4 six-1.17.0 sniffio-1.3.1 sqlalchemy-2.0.29 starlette-0.47.2 structlog-24.1.0 testcontainers-4.10.0 tomli-2.2.1 tomli_w-1.2.0 typeapi-2.2.4 typeguard-4.4.4 typer-0.16.1 types-requests-2.32.0.20240602 typing-extensions-4.14.1 typing-inspect-0.9.0 typing-inspection-0.4.1 tzdata-2025.2 tzlocal-5.3.1 ujson-5.10.0 urllib3-2.5.0 uvicorn-0.35.0 uvloop-0.21.0 vine-5.1.0 watchdog-6.0.0 watchfiles-1.1.0 wcwidth-0.2.13 websockets-15.0.1 wrapt-1.17.3 yapf-0.43.0
2025-08-19T08:20:57.1685674Z Collecting keepa==1.3.15
2025-08-19T08:20:57.1699410Z   Using cached keepa-1.3.15-py3-none-any.whl.metadata (11 kB)
2025-08-19T08:20:57.1999786Z Collecting minio==7.1.15
2025-08-19T08:20:57.2011547Z   Using cached minio-7.1.15-py3-none-any.whl.metadata (4.2 kB)
2025-08-19T08:20:57.2038159Z Requirement already satisfied: numpy>=1.9.3 in /opt/hostedtoolcache/Python/3.12.11/x64/lib/python3.12/site-packages (from keepa==1.3.15) (1.26.4)
2025-08-19T08:20:57.2043966Z Requirement already satisfied: requests>=2.2 in /opt/hostedtoolcache/Python/3.12.11/x64/lib/python3.12/site-packages (from keepa==1.3.15) (2.32.4)
2025-08-19T08:20:57.2393572Z Collecting tqdm (from keepa==1.3.15)
2025-08-19T08:20:57.2405490Z   Using cached tqdm-4.67.1-py3-none-any.whl.metadata (57 kB)
2025-08-19T08:20:57.7193762Z Collecting aiohttp (from keepa==1.3.15)
2025-08-19T08:20:57.7207543Z   Using cached aiohttp-3.12.15-cp312-cp312-manylinux_2_17_x86_64.manylinux2014_x86_64.whl.metadata (7.7 kB)
2025-08-19T08:20:57.7242345Z Requirement already satisfied: pandas<=3.0 in /opt/hostedtoolcache/Python/3.12.11/x64/lib/python3.12/site-packages (from keepa==1.3.15) (2.2.3)
2025-08-19T08:20:57.7246456Z Requirement already satisfied: pydantic in /opt/hostedtoolcache/Python/3.12.11/x64/lib/python3.12/site-packages (from keepa==1.3.15) (2.11.7)
2025-08-19T08:20:57.7253811Z Requirement already satisfied: certifi in /opt/hostedtoolcache/Python/3.12.11/x64/lib/python3.12/site-packages (from minio==7.1.15) (2025.8.3)
2025-08-19T08:20:57.7257342Z Requirement already satisfied: urllib3 in /opt/hostedtoolcache/Python/3.12.11/x64/lib/python3.12/site-packages (from minio==7.1.15) (2.5.0)
2025-08-19T08:20:57.7314266Z Requirement already satisfied: python-dateutil>=2.8.2 in /opt/hostedtoolcache/Python/3.12.11/x64/lib/python3.12/site-packages (from pandas<=3.0->keepa==1.3.15) (2.9.0.post0)
2025-08-19T08:20:57.7319325Z Requirement already satisfied: pytz>=2020.1 in /opt/hostedtoolcache/Python/3.12.11/x64/lib/python3.12/site-packages (from pandas<=3.0->keepa==1.3.15) (2025.2)
2025-08-19T08:20:57.7323962Z Requirement already satisfied: tzdata>=2022.7 in /opt/hostedtoolcache/Python/3.12.11/x64/lib/python3.12/site-packages (from pandas<=3.0->keepa==1.3.15) (2025.2)
2025-08-19T08:20:57.7447307Z Requirement already satisfied: six>=1.5 in /opt/hostedtoolcache/Python/3.12.11/x64/lib/python3.12/site-packages (from python-dateutil>=2.8.2->pandas<=3.0->keepa==1.3.15) (1.17.0)
2025-08-19T08:20:57.7465765Z Requirement already satisfied: charset_normalizer<4,>=2 in /opt/hostedtoolcache/Python/3.12.11/x64/lib/python3.12/site-packages (from requests>=2.2->keepa==1.3.15) (3.4.3)
2025-08-19T08:20:57.7472028Z Requirement already satisfied: idna<4,>=2.5 in /opt/hostedtoolcache/Python/3.12.11/x64/lib/python3.12/site-packages (from requests>=2.2->keepa==1.3.15) (3.10)
2025-08-19T08:20:57.7695316Z Collecting aiohappyeyeballs>=2.5.0 (from aiohttp->keepa==1.3.15)
2025-08-19T08:20:57.7707212Z   Using cached aiohappyeyeballs-2.6.1-py3-none-any.whl.metadata (5.9 kB)
2025-08-19T08:20:57.7852781Z Collecting aiosignal>=1.4.0 (from aiohttp->keepa==1.3.15)
2025-08-19T08:20:57.7863855Z   Using cached aiosignal-1.4.0-py3-none-any.whl.metadata (3.7 kB)
2025-08-19T08:20:57.8043876Z Collecting attrs>=17.3.0 (from aiohttp->keepa==1.3.15)
2025-08-19T08:20:57.8054801Z   Using cached attrs-25.3.0-py3-none-any.whl.metadata (10 kB)
2025-08-19T08:20:57.8737987Z Collecting frozenlist>=1.1.1 (from aiohttp->keepa==1.3.15)
2025-08-19T08:20:57.8750527Z   Using cached frozenlist-1.7.0-cp312-cp312-manylinux_2_5_x86_64.manylinux1_x86_64.manylinux_2_17_x86_64.manylinux2014_x86_64.whl.metadata (18 kB)
2025-08-19T08:20:58.1143501Z Collecting multidict<7.0,>=4.5 (from aiohttp->keepa==1.3.15)
2025-08-19T08:20:58.1157162Z   Using cached multidict-6.6.4-cp312-cp312-manylinux2014_x86_64.manylinux_2_17_x86_64.manylinux_2_28_x86_64.whl.metadata (5.3 kB)
2025-08-19T08:20:58.1604050Z Collecting propcache>=0.2.0 (from aiohttp->keepa==1.3.15)
2025-08-19T08:20:58.1616175Z   Using cached propcache-0.3.2-cp312-cp312-manylinux_2_17_x86_64.manylinux2014_x86_64.whl.metadata (12 kB)
2025-08-19T08:20:58.3952893Z Collecting yarl<2.0,>=1.17.0 (from aiohttp->keepa==1.3.15)
2025-08-19T08:20:58.3965931Z   Using cached yarl-1.20.1-cp312-cp312-manylinux_2_17_x86_64.manylinux2014_x86_64.whl.metadata (73 kB)
2025-08-19T08:20:58.4180151Z Requirement already satisfied: typing-extensions>=4.2 in /opt/hostedtoolcache/Python/3.12.11/x64/lib/python3.12/site-packages (from aiosignal>=1.4.0->aiohttp->keepa==1.3.15) (4.14.1)
2025-08-19T08:20:58.4227782Z Requirement already satisfied: annotated-types>=0.6.0 in /opt/hostedtoolcache/Python/3.12.11/x64/lib/python3.12/site-packages (from pydantic->keepa==1.3.15) (0.7.0)
2025-08-19T08:20:58.4233608Z Requirement already satisfied: pydantic-core==2.33.2 in /opt/hostedtoolcache/Python/3.12.11/x64/lib/python3.12/site-packages (from pydantic->keepa==1.3.15) (2.33.2)
2025-08-19T08:20:58.4240428Z Requirement already satisfied: typing-inspection>=0.4.0 in /opt/hostedtoolcache/Python/3.12.11/x64/lib/python3.12/site-packages (from pydantic->keepa==1.3.15) (0.4.1)
2025-08-19T08:20:58.4300203Z Using cached keepa-1.3.15-py3-none-any.whl (38 kB)
2025-08-19T08:20:58.4311844Z Using cached minio-7.1.15-py3-none-any.whl (77 kB)
2025-08-19T08:20:58.4323479Z Using cached aiohttp-3.12.15-cp312-cp312-manylinux_2_17_x86_64.manylinux2014_x86_64.whl (1.7 MB)
2025-08-19T08:20:58.4346477Z Using cached multidict-6.6.4-cp312-cp312-manylinux2014_x86_64.manylinux_2_17_x86_64.manylinux_2_28_x86_64.whl (256 kB)
2025-08-19T08:20:58.4359163Z Using cached yarl-1.20.1-cp312-cp312-manylinux_2_17_x86_64.manylinux2014_x86_64.whl (355 kB)
2025-08-19T08:20:58.4371889Z Using cached aiohappyeyeballs-2.6.1-py3-none-any.whl (15 kB)
2025-08-19T08:20:58.4382371Z Using cached aiosignal-1.4.0-py3-none-any.whl (7.5 kB)
2025-08-19T08:20:58.4392774Z Using cached attrs-25.3.0-py3-none-any.whl (63 kB)
2025-08-19T08:20:58.4404261Z Using cached frozenlist-1.7.0-cp312-cp312-manylinux_2_5_x86_64.manylinux1_x86_64.manylinux_2_17_x86_64.manylinux2014_x86_64.whl (241 kB)
2025-08-19T08:20:58.4416577Z Using cached propcache-0.3.2-cp312-cp312-manylinux_2_17_x86_64.manylinux2014_x86_64.whl (224 kB)
2025-08-19T08:20:58.4428257Z Using cached tqdm-4.67.1-py3-none-any.whl (78 kB)
2025-08-19T08:20:58.6201160Z Installing collected packages: tqdm, propcache, multidict, minio, frozenlist, attrs, aiohappyeyeballs, yarl, aiosignal, aiohttp, keepa
2025-08-19T08:20:58.6956006Z   Attempting uninstall: minio
2025-08-19T08:20:58.7003424Z     Found existing installation: minio 7.2.16
2025-08-19T08:20:58.7040681Z     Uninstalling minio-7.2.16:
2025-08-19T08:20:58.7050857Z       Successfully uninstalled minio-7.2.16
2025-08-19T08:20:59.0637295Z 
2025-08-19T08:20:59.0749526Z Successfully installed aiohappyeyeballs-2.6.1 aiohttp-3.12.15 aiosignal-1.4.0 attrs-25.3.0 frozenlist-1.7.0 keepa-1.3.15 minio-7.1.15 multidict-6.6.4 propcache-0.3.2 tqdm-4.67.1 yarl-1.20.1
2025-08-19T08:20:59.2290133Z ##[group]Run ruff check .
2025-08-19T08:20:59.2290405Z [36;1mruff check .[0m
2025-08-19T08:20:59.2290613Z [36;1mruff format --check .[0m
2025-08-19T08:20:59.2330368Z shell: /usr/bin/bash -e {0}
2025-08-19T08:20:59.2330594Z env:
2025-08-19T08:20:59.2330814Z   REDIS_URL: redis://localhost:6379/0
2025-08-19T08:20:59.2331061Z   RATE_LIMIT_DEFAULT: 100/minute
2025-08-19T08:20:59.2331283Z   TRUST_X_FORWARDED: 1
2025-08-19T08:20:59.2331478Z   PG_USER: postgres
2025-08-19T08:20:59.2331658Z   PG_PASSWORD: pass
2025-08-19T08:20:59.2331840Z   PG_DATABASE: awa
2025-08-19T08:20:59.2332018Z   PG_HOST: localhost
2025-08-19T08:20:59.2332197Z   PG_PORT: 5432
2025-08-19T08:20:59.2332620Z   PG_SYNC_DSN: ***localhost:5432/awa
2025-08-19T08:20:59.2333013Z   PG_ASYNC_DSN: ***localhost:5432/awa
2025-08-19T08:20:59.2333379Z   DATABASE_URL: ***localhost:5432/awa
2025-08-19T08:20:59.2333607Z   DATA_DIR: /tmp/awa-data
2025-08-19T08:20:59.2333806Z   ENABLE_LIVE: 0
2025-08-19T08:20:59.2334009Z   TESTING: 1
2025-08-19T08:20:59.2334236Z   pythonLocation: /opt/hostedtoolcache/Python/3.12.11/x64
2025-08-19T08:20:59.2334823Z   PKG_CONFIG_PATH: /opt/hostedtoolcache/Python/3.12.11/x64/lib/pkgconfig
2025-08-19T08:20:59.2335209Z   Python_ROOT_DIR: /opt/hostedtoolcache/Python/3.12.11/x64
2025-08-19T08:20:59.2335552Z   Python2_ROOT_DIR: /opt/hostedtoolcache/Python/3.12.11/x64
2025-08-19T08:20:59.2335884Z   Python3_ROOT_DIR: /opt/hostedtoolcache/Python/3.12.11/x64
2025-08-19T08:20:59.2336225Z   LD_LIBRARY_PATH: /opt/hostedtoolcache/Python/3.12.11/x64/lib
2025-08-19T08:20:59.2336511Z ##[endgroup]
2025-08-19T08:20:59.2591718Z tests/helpers/factories.py:1:1: I001 [*] Import block is un-sorted or un-formatted
2025-08-19T08:20:59.2592375Z Found 1 error.
2025-08-19T08:20:59.2592707Z [*] 1 fixable with the `--fix` option.
2025-08-19T08:20:59.2617628Z ##[error]Process completed with exit code 1.
2025-08-19T08:20:59.2708942Z Post job cleanup.
2025-08-19T08:20:59.3632958Z [command]/usr/bin/git version
2025-08-19T08:20:59.3668277Z git version 2.50.1
2025-08-19T08:20:59.3709282Z Temporarily overriding HOME='/home/runner/work/_temp/50320a12-7c2c-4621-8869-59c5b86ddb80' before making global git config changes
2025-08-19T08:20:59.3710377Z Adding repository directory to the temporary git global config as a safe directory
2025-08-19T08:20:59.3721242Z [command]/usr/bin/git config --global --add safe.directory /home/runner/work/AWA-App/AWA-App
2025-08-19T08:20:59.3754924Z [command]/usr/bin/git config --local --name-only --get-regexp core\.sshCommand
2025-08-19T08:20:59.3786845Z [command]/usr/bin/git submodule foreach --recursive sh -c "git config --local --name-only --get-regexp 'core\.sshCommand' && git config --local --unset-all 'core.sshCommand' || :"
2025-08-19T08:20:59.4014107Z [command]/usr/bin/git config --local --name-only --get-regexp http\.https\:\/\/github\.com\/\.extraheader
2025-08-19T08:20:59.4035688Z http.https://github.com/.extraheader
2025-08-19T08:20:59.4047388Z [command]/usr/bin/git config --local --unset-all http.https://github.com/.extraheader
2025-08-19T08:20:59.4080083Z [command]/usr/bin/git submodule foreach --recursive sh -c "git config --local --name-only --get-regexp 'http\.https\:\/\/github\.com\/\.extraheader' && git config --local --unset-all 'http.https://github.com/.extraheader' || :"
2025-08-19T08:20:59.4389026Z Print service container logs: e85b0fb634a84e2192be595a07dcc5d3_postgres15_ed2222
2025-08-19T08:20:59.4393323Z ##[command]/usr/bin/docker logs --details 34f2bf1a391b4fe900cf21f936314eef1006e393709a6e224a9bd074320ad725
2025-08-19T08:20:59.4509483Z  The files belonging to this database system will be owned by user "postgres".
2025-08-19T08:20:59.4511140Z  initdb: warning: enabling "trust" authentication for local connections
2025-08-19T08:20:59.4512210Z  initdb: hint: You can change this by editing pg_hba.conf or using the option -A, or --auth-local and --auth-host, the next time you run initdb.
2025-08-19T08:20:59.4513069Z  This user must also own the server process.
2025-08-19T08:20:59.4513477Z  
2025-08-19T08:20:59.4513883Z  The database cluster will be initialized with locale "en_US.utf8".
2025-08-19T08:20:59.4514692Z  The default database encoding has accordingly been set to "UTF8".
2025-08-19T08:20:59.4515327Z  The default text search configuration will be set to "english".
2025-08-19T08:20:59.4515872Z  
2025-08-19T08:20:59.4516156Z  Data page checksums are disabled.
2025-08-19T08:20:59.4516395Z  
2025-08-19T08:20:59.4516667Z  fixing permissions on existing directory /var/lib/postgresql/data ... ok
2025-08-19T08:20:59.4517019Z  creating subdirectories ... ok
2025-08-19T08:20:59.4517299Z  selecting dynamic shared memory implementation ... posix
2025-08-19T08:20:59.4517614Z  selecting default max_connections ... 100
2025-08-19T08:20:59.4517880Z  selecting default shared_buffers ... 128MB
2025-08-19T08:20:59.4518133Z  selecting default time zone ... Etc/UTC
2025-08-19T08:20:59.4518376Z  creating configuration files ... ok
2025-08-19T08:20:59.4518621Z  running bootstrap script ... ok
2025-08-19T08:20:59.4518887Z  performing post-bootstrap initialization ... ok
2025-08-19T08:20:59.4519156Z  syncing data to disk ... ok
2025-08-19T08:20:59.4519354Z  
2025-08-19T08:20:59.4519500Z  
2025-08-19T08:20:59.4519702Z  Success. You can now start the database server using:
2025-08-19T08:20:59.4519971Z  
2025-08-19T08:20:59.4520173Z      pg_ctl -D /var/lib/postgresql/data -l logfile start
2025-08-19T08:20:59.4520437Z  
2025-08-19T08:20:59.4520976Z  waiting for server to start....2025-08-19 08:20:15.351 UTC [48] LOG:  starting PostgreSQL 15.14 (Debian 15.14-1.pgdg13+1) on x86_64-pc-linux-gnu, compiled by gcc (Debian 14.2.0-19) 14.2.0, 64-bit
2025-08-19T08:20:59.4521704Z  2025-08-19 08:20:15.352 UTC [48] LOG:  listening on Unix socket "/var/run/postgresql/.s.PGSQL.5432"
2025-08-19T08:20:59.4522181Z  2025-08-19 08:20:15.355 UTC [51] LOG:  database system was shut down at 2025-08-19 08:20:15 UTC
2025-08-19T08:20:59.4522601Z  2025-08-19 08:20:15.360 UTC [48] LOG:  database system is ready to accept connections
2025-08-19T08:20:59.4522916Z   done
2025-08-19T08:20:59.4523073Z  server started
2025-08-19T08:20:59.4523244Z  CREATE DATABASE
2025-08-19T08:20:59.4523404Z  
2025-08-19T08:20:59.4523856Z  2025-08-19 08:20:15.693 UTC [1] LOG:  starting PostgreSQL 15.14 (Debian 15.14-1.pgdg13+1) on x86_64-pc-linux-gnu, compiled by gcc (Debian 14.2.0-19) 14.2.0, 64-bit
2025-08-19T08:20:59.4524888Z  2025-08-19 08:20:15.693 UTC [1] LOG:  listening on IPv4 address "0.0.0.0", port 5432
2025-08-19T08:20:59.4525309Z  2025-08-19 08:20:15.693 UTC [1] LOG:  listening on IPv6 address "::", port 5432
2025-08-19T08:20:59.4525756Z  2025-08-19 08:20:15.695 UTC [1] LOG:  listening on Unix socket "/var/run/postgresql/.s.PGSQL.5432"
2025-08-19T08:20:59.4526360Z  2025-08-19 08:20:15.698 UTC [64] LOG:  database system was shut down at 2025-08-19 08:20:15 UTC
2025-08-19T08:20:59.4527083Z  2025-08-19 08:20:15.702 UTC [1] LOG:  database system is ready to accept connections
2025-08-19T08:20:59.4527619Z  
2025-08-19T08:20:59.4528090Z  /usr/local/bin/docker-entrypoint.sh: ignoring /docker-entrypoint-initdb.d/*
2025-08-19T08:20:59.4528513Z  
2025-08-19T08:20:59.4528834Z  waiting for server to shut down...2025-08-19 08:20:15.571 UTC [48] LOG:  received fast shutdown request
2025-08-19T08:20:59.4529491Z  .2025-08-19 08:20:15.572 UTC [48] LOG:  aborting any active transactions
2025-08-19T08:20:59.4529995Z  2025-08-19 08:20:15.575 UTC [48] LOG:  background worker "logical replication launcher" (PID 54) exited with exit code 1
2025-08-19T08:20:59.4530444Z  2025-08-19 08:20:15.575 UTC [49] LOG:  shutting down
2025-08-19T08:20:59.4530770Z  2025-08-19 08:20:15.576 UTC [49] LOG:  checkpoint starting: shutdown immediate
2025-08-19T08:20:59.4531578Z  2025-08-19 08:20:15.596 UTC [49] LOG:  checkpoint complete: wrote 922 buffers (5.6%); 0 WAL file(s) added, 0 removed, 0 recycled; write=0.017 s, sync=0.003 s, total=0.022 s; sync files=301, longest=0.001 s, average=0.001 s; distance=4239 kB, estimate=4239 kB
2025-08-19T08:20:59.4532368Z  2025-08-19 08:20:15.605 UTC [48] LOG:  database system is shut down
2025-08-19T08:20:59.4532651Z   done
2025-08-19T08:20:59.4532806Z  server stopped
2025-08-19T08:20:59.4532979Z  
2025-08-19T08:20:59.4533189Z  PostgreSQL init process complete; ready for start up.
2025-08-19T08:20:59.4533456Z  
2025-08-19T08:20:59.4539368Z Stop and remove container: e85b0fb634a84e2192be595a07dcc5d3_postgres15_ed2222
2025-08-19T08:20:59.4544152Z ##[command]/usr/bin/docker rm --force 34f2bf1a391b4fe900cf21f936314eef1006e393709a6e224a9bd074320ad725
2025-08-19T08:21:00.0325028Z 34f2bf1a391b4fe900cf21f936314eef1006e393709a6e224a9bd074320ad725
2025-08-19T08:21:00.0345962Z Print service container logs: 9de50dce54aa47589664e5bd06876f5f_redis7alpine_88f886
2025-08-19T08:21:00.0346774Z ##[command]/usr/bin/docker logs --details ed88e0644160ff11051409e97e54b2187138f47bc73329fa32aca3174f8e0638
2025-08-19T08:21:00.0461963Z  1:C 19 Aug 2025 08:20:15.869 # WARNING Memory overcommit must be enabled! Without it, a background save or replication may fail under low memory condition. Being disabled, it can also cause failures without low memory condition, see https://github.com/jemalloc/jemalloc/issues/1328. To fix this issue add 'vm.overcommit_memory = 1' to /etc/sysctl.conf and then reboot or run the command 'sysctl vm.overcommit_memory=1' for this to take effect.
2025-08-19T08:21:00.0464572Z  1:C 19 Aug 2025 08:20:15.869 * oO0OoO0OoO0Oo Redis is starting oO0OoO0OoO0Oo
2025-08-19T08:21:00.0465325Z  1:C 19 Aug 2025 08:20:15.869 * Redis version=7.4.5, bits=64, commit=00000000, modified=0, pid=1, just started
2025-08-19T08:21:00.0466453Z  1:C 19 Aug 2025 08:20:15.869 # Warning: no config file specified, using the default config. In order to specify a config file use redis-server /path/to/redis.conf
2025-08-19T08:21:00.0467394Z  1:M 19 Aug 2025 08:20:15.869 * monotonic clock: POSIX clock_gettime
2025-08-19T08:21:00.0467931Z  1:M 19 Aug 2025 08:20:15.869 * Running mode=standalone, port=6379.
2025-08-19T08:21:00.0468425Z  1:M 19 Aug 2025 08:20:15.870 * Server initialized
2025-08-19T08:21:00.0468917Z  1:M 19 Aug 2025 08:20:15.870 * Ready to accept connections tcp
2025-08-19T08:21:00.0475844Z Stop and remove container: 9de50dce54aa47589664e5bd06876f5f_redis7alpine_88f886
2025-08-19T08:21:00.0476604Z ##[command]/usr/bin/docker rm --force ed88e0644160ff11051409e97e54b2187138f47bc73329fa32aca3174f8e0638
2025-08-19T08:21:00.1552082Z ed88e0644160ff11051409e97e54b2187138f47bc73329fa32aca3174f8e0638
2025-08-19T08:21:00.1574896Z Remove container network: github_network_e0961e9ba6de48cc96b57c7a90e745d8
2025-08-19T08:21:00.1579054Z ##[command]/usr/bin/docker network rm github_network_e0961e9ba6de48cc96b57c7a90e745d8
2025-08-19T08:21:00.2693137Z github_network_e0961e9ba6de48cc96b57c7a90e745d8
2025-08-19T08:21:00.2750083Z Cleaning up orphan processes
