2025-08-21T09:27:44.6800706Z Current runner version: '2.328.0'
2025-08-21T09:27:44.6823563Z ##[group]Runner Image Provisioner
2025-08-21T09:27:44.6824335Z Hosted Compute Agent
2025-08-21T09:27:44.6825001Z Version: 20250818.377
2025-08-21T09:27:44.6825566Z Commit: 3c593e9f75fe0b87e893bca80d6e12ba089c61fc
2025-08-21T09:27:44.6826273Z Build Date: 2025-08-18T14:52:18Z
2025-08-21T09:27:44.6826911Z ##[endgroup]
2025-08-21T09:27:44.6827638Z ##[group]Operating System
2025-08-21T09:27:44.6828190Z Ubuntu
2025-08-21T09:27:44.6828744Z 24.04.2
2025-08-21T09:27:44.6829225Z LTS
2025-08-21T09:27:44.6829652Z ##[endgroup]
2025-08-21T09:27:44.6830191Z ##[group]Runner Image
2025-08-21T09:27:44.6830739Z Image: ubuntu-24.04
2025-08-21T09:27:44.6831254Z Version: 20250818.1.0
2025-08-21T09:27:44.6832246Z Included Software: https://github.com/actions/runner-images/blob/ubuntu24/20250818.1/images/ubuntu/Ubuntu2404-Readme.md
2025-08-21T09:27:44.6833771Z Image Release: https://github.com/actions/runner-images/releases/tag/ubuntu24%2F20250818.1
2025-08-21T09:27:44.6834843Z ##[endgroup]
2025-08-21T09:27:44.6837283Z ##[group]GITHUB_TOKEN Permissions
2025-08-21T09:27:44.6839887Z Actions: write
2025-08-21T09:27:44.6840484Z Attestations: write
2025-08-21T09:27:44.6840970Z Checks: write
2025-08-21T09:27:44.6841509Z Contents: write
2025-08-21T09:27:44.6841994Z Deployments: write
2025-08-21T09:27:44.6842519Z Discussions: write
2025-08-21T09:27:44.6843005Z Issues: write
2025-08-21T09:27:44.6843560Z Metadata: read
2025-08-21T09:27:44.6844043Z Models: read
2025-08-21T09:27:44.6844497Z Packages: write
2025-08-21T09:27:44.6845150Z Pages: write
2025-08-21T09:27:44.6845617Z PullRequests: write
2025-08-21T09:27:44.6846174Z RepositoryProjects: write
2025-08-21T09:27:44.6846775Z SecurityEvents: write
2025-08-21T09:27:44.6847835Z Statuses: write
2025-08-21T09:27:44.6848358Z ##[endgroup]
2025-08-21T09:27:44.6850708Z Secret source: Actions
2025-08-21T09:27:44.6851726Z Prepare workflow directory
2025-08-21T09:27:44.7280942Z Prepare all required actions
2025-08-21T09:27:44.7318383Z Getting action download info
2025-08-21T09:27:45.0932178Z Download action repository 'actions/checkout@v5' (SHA:08c6903cd8c0fde910a37f88322edcfb5dd907a8)
2025-08-21T09:27:45.2807696Z Download action repository 'actions/setup-python@v5' (SHA:a26af69be951a213d495a4c3e4e4022e16d87065)
2025-08-21T09:27:45.3701677Z Download action repository 'actions/upload-artifact@v4' (SHA:ea165f8d65b6e75b540449e92b4886f43607fa02)
2025-08-21T09:27:45.5639210Z Complete job name: unit
2025-08-21T09:27:45.6132664Z ##[group]Checking docker version
2025-08-21T09:27:45.6145760Z ##[command]/usr/bin/docker version --format '{{.Server.APIVersion}}'
2025-08-21T09:27:45.6926852Z '1.48'
2025-08-21T09:27:45.6939860Z Docker daemon API version: '1.48'
2025-08-21T09:27:45.6940618Z ##[command]/usr/bin/docker version --format '{{.Client.APIVersion}}'
2025-08-21T09:27:45.7115278Z '1.48'
2025-08-21T09:27:45.7133674Z Docker client API version: '1.48'
2025-08-21T09:27:45.7139116Z ##[endgroup]
2025-08-21T09:27:45.7142463Z ##[group]Clean up resources from previous jobs
2025-08-21T09:27:45.7147836Z ##[command]/usr/bin/docker ps --all --quiet --no-trunc --filter "label=57e95b"
2025-08-21T09:27:45.7297164Z ##[command]/usr/bin/docker network prune --force --filter "label=57e95b"
2025-08-21T09:27:45.7444471Z ##[endgroup]
2025-08-21T09:27:45.7445327Z ##[group]Create local container network
2025-08-21T09:27:45.7459257Z ##[command]/usr/bin/docker network create --label 57e95b github_network_6515f4c23d8e4f7d85ed9f1609a883fb
2025-08-21T09:27:45.8008000Z 86006dbb83538c8cef4601df00e2b646123485a25db29e4f1c60233d81dd987a
2025-08-21T09:27:45.8026067Z ##[endgroup]
2025-08-21T09:27:45.8050341Z ##[group]Starting postgres service container
2025-08-21T09:27:45.8070867Z ##[command]/usr/bin/docker pull postgres:15
2025-08-21T09:27:46.4569821Z 15: Pulling from library/postgres
2025-08-21T09:27:46.6287664Z 396b1da7636e: Pulling fs layer
2025-08-21T09:27:46.6288998Z fca2566eba32: Pulling fs layer
2025-08-21T09:27:46.6290202Z 631fe8c6d606: Pulling fs layer
2025-08-21T09:27:46.6291152Z 77c7671c4414: Pulling fs layer
2025-08-21T09:27:46.6292297Z 2d9e29180a27: Pulling fs layer
2025-08-21T09:27:46.6292999Z c6bcc2c9a041: Pulling fs layer
2025-08-21T09:27:46.6293745Z ac4b721eb66f: Pulling fs layer
2025-08-21T09:27:46.6294460Z 606bd164980e: Pulling fs layer
2025-08-21T09:27:46.6295170Z f5dfd246bc6e: Pulling fs layer
2025-08-21T09:27:46.6295878Z ba7036bb0a60: Pulling fs layer
2025-08-21T09:27:46.6296568Z 799f859abbbd: Pulling fs layer
2025-08-21T09:27:46.6297287Z d903e777080c: Pulling fs layer
2025-08-21T09:27:46.6298400Z 04adcb462801: Pulling fs layer
2025-08-21T09:27:46.6299118Z 5c10925b29ff: Pulling fs layer
2025-08-21T09:27:46.6299851Z f5dfd246bc6e: Waiting
2025-08-21T09:27:46.6300514Z ba7036bb0a60: Waiting
2025-08-21T09:27:46.6301165Z 799f859abbbd: Waiting
2025-08-21T09:27:46.6301806Z 77c7671c4414: Waiting
2025-08-21T09:27:46.6302436Z d903e777080c: Waiting
2025-08-21T09:27:46.6303083Z 2d9e29180a27: Waiting
2025-08-21T09:27:46.6303786Z c6bcc2c9a041: Waiting
2025-08-21T09:27:46.6304433Z 606bd164980e: Waiting
2025-08-21T09:27:46.6305181Z ac4b721eb66f: Waiting
2025-08-21T09:27:46.6305854Z 04adcb462801: Waiting
2025-08-21T09:27:46.6306531Z 5c10925b29ff: Waiting
2025-08-21T09:27:46.8423496Z fca2566eba32: Download complete
2025-08-21T09:27:46.9562751Z 631fe8c6d606: Verifying Checksum
2025-08-21T09:27:46.9564465Z 631fe8c6d606: Download complete
2025-08-21T09:27:47.1089477Z 77c7671c4414: Verifying Checksum
2025-08-21T09:27:47.1091423Z 77c7671c4414: Download complete
2025-08-21T09:27:47.2681479Z 2d9e29180a27: Verifying Checksum
2025-08-21T09:27:47.2686175Z 2d9e29180a27: Download complete
2025-08-21T09:27:47.3521083Z c6bcc2c9a041: Verifying Checksum
2025-08-21T09:27:47.3523219Z c6bcc2c9a041: Download complete
2025-08-21T09:27:47.4816538Z 396b1da7636e: Verifying Checksum
2025-08-21T09:27:47.4819357Z 396b1da7636e: Download complete
2025-08-21T09:27:47.5268528Z ac4b721eb66f: Verifying Checksum
2025-08-21T09:27:47.5273365Z ac4b721eb66f: Download complete
2025-08-21T09:27:47.5635306Z 606bd164980e: Verifying Checksum
2025-08-21T09:27:47.5641703Z 606bd164980e: Download complete
2025-08-21T09:27:47.7354990Z ba7036bb0a60: Verifying Checksum
2025-08-21T09:27:47.7355498Z ba7036bb0a60: Download complete
2025-08-21T09:27:47.7892901Z 799f859abbbd: Download complete
2025-08-21T09:27:47.9572923Z d903e777080c: Download complete
2025-08-21T09:27:47.9957658Z 04adcb462801: Verifying Checksum
2025-08-21T09:27:47.9958225Z 04adcb462801: Download complete
2025-08-21T09:27:48.1579501Z 5c10925b29ff: Verifying Checksum
2025-08-21T09:27:48.1580058Z 5c10925b29ff: Download complete
2025-08-21T09:27:48.1953936Z f5dfd246bc6e: Verifying Checksum
2025-08-21T09:27:48.1954546Z f5dfd246bc6e: Download complete
2025-08-21T09:27:48.5107871Z 396b1da7636e: Pull complete
2025-08-21T09:27:49.1924877Z fca2566eba32: Pull complete
2025-08-21T09:27:49.3597933Z 631fe8c6d606: Pull complete
2025-08-21T09:27:49.4008454Z 77c7671c4414: Pull complete
2025-08-21T09:27:49.6961216Z 2d9e29180a27: Pull complete
2025-08-21T09:27:49.7791356Z c6bcc2c9a041: Pull complete
2025-08-21T09:27:49.7890785Z ac4b721eb66f: Pull complete
2025-08-21T09:27:49.8003887Z 606bd164980e: Pull complete
2025-08-21T09:27:52.6844128Z f5dfd246bc6e: Pull complete
2025-08-21T09:27:52.7013371Z ba7036bb0a60: Pull complete
2025-08-21T09:27:52.7140675Z 799f859abbbd: Pull complete
2025-08-21T09:27:52.7264558Z d903e777080c: Pull complete
2025-08-21T09:27:52.7393462Z 04adcb462801: Pull complete
2025-08-21T09:27:52.7520720Z 5c10925b29ff: Pull complete
2025-08-21T09:27:52.7580893Z Digest: sha256:bc51cf4f1fe02cce7ed2370b20128a9b00b4eb804573a77d2a0d877aaa9c82b1
2025-08-21T09:27:52.7598222Z Status: Downloaded newer image for postgres:15
2025-08-21T09:27:52.7610761Z docker.io/library/postgres:15
2025-08-21T09:27:52.7676641Z ##[command]/usr/bin/docker create --name 3156e4be303840a680b7c9b7106d4163_postgres15_83802b --label 57e95b --network github_network_6515f4c23d8e4f7d85ed9f1609a883fb --network-alias postgres -p 5432:5432 --health-cmd="pg_isready -U postgres -d awa" --health-interval=5s --health-timeout=5s --health-retries=10 -e "POSTGRES_USER=postgres" -e "POSTGRES_PASSWORD=pass" -e "POSTGRES_DB=awa" -e GITHUB_ACTIONS=true -e CI=true postgres:15
2025-08-21T09:27:52.7925960Z 9abd7ea29a641a84c168953e45137a7ef794147937e598ce2ade15bdcf9a8b01
2025-08-21T09:27:52.7948465Z ##[command]/usr/bin/docker start 9abd7ea29a641a84c168953e45137a7ef794147937e598ce2ade15bdcf9a8b01
2025-08-21T09:27:53.0000587Z 9abd7ea29a641a84c168953e45137a7ef794147937e598ce2ade15bdcf9a8b01
2025-08-21T09:27:53.0026177Z ##[command]/usr/bin/docker ps --all --filter id=9abd7ea29a641a84c168953e45137a7ef794147937e598ce2ade15bdcf9a8b01 --filter status=running --no-trunc --format "{{.ID}} {{.Status}}"
2025-08-21T09:27:53.0156915Z 9abd7ea29a641a84c168953e45137a7ef794147937e598ce2ade15bdcf9a8b01 Up Less than a second (health: starting)
2025-08-21T09:27:53.0180523Z ##[command]/usr/bin/docker port 9abd7ea29a641a84c168953e45137a7ef794147937e598ce2ade15bdcf9a8b01
2025-08-21T09:27:53.0304473Z 5432/tcp -> 0.0.0.0:5432
2025-08-21T09:27:53.0304903Z 5432/tcp -> [::]:5432
2025-08-21T09:27:53.0353779Z ##[endgroup]
2025-08-21T09:27:53.0354662Z ##[group]Starting redis service container
2025-08-21T09:27:53.0355893Z ##[command]/usr/bin/docker pull redis:7-alpine
2025-08-21T09:27:53.6236037Z 7-alpine: Pulling from library/redis
2025-08-21T09:27:53.7874361Z 0368fd46e3c6: Pulling fs layer
2025-08-21T09:27:53.7875293Z 4c55286bbede: Pulling fs layer
2025-08-21T09:27:53.7875666Z 5e28347af205: Pulling fs layer
2025-08-21T09:27:53.7876055Z 311eca34042e: Pulling fs layer
2025-08-21T09:27:53.7876411Z e6fe6f07e192: Pulling fs layer
2025-08-21T09:27:53.7876755Z a2cadbfeca72: Pulling fs layer
2025-08-21T09:27:53.7877114Z 4f4fb700ef54: Pulling fs layer
2025-08-21T09:27:53.7877617Z a976ed7e7808: Pulling fs layer
2025-08-21T09:27:53.7877957Z e6fe6f07e192: Waiting
2025-08-21T09:27:53.7878261Z 4f4fb700ef54: Waiting
2025-08-21T09:27:53.7878576Z a976ed7e7808: Waiting
2025-08-21T09:27:53.7878870Z a2cadbfeca72: Waiting
2025-08-21T09:27:53.7879168Z 311eca34042e: Waiting
2025-08-21T09:27:53.9840374Z 4c55286bbede: Verifying Checksum
2025-08-21T09:27:53.9840810Z 4c55286bbede: Download complete
2025-08-21T09:27:54.0166239Z 5e28347af205: Verifying Checksum
2025-08-21T09:27:54.0166704Z 5e28347af205: Download complete
2025-08-21T09:27:54.0750817Z 0368fd46e3c6: Download complete
2025-08-21T09:27:54.1762512Z 0368fd46e3c6: Pull complete
2025-08-21T09:27:54.2030033Z 4c55286bbede: Pull complete
2025-08-21T09:27:54.2357969Z 311eca34042e: Verifying Checksum
2025-08-21T09:27:54.2358784Z 311eca34042e: Download complete
2025-08-21T09:27:54.3014527Z a2cadbfeca72: Verifying Checksum
2025-08-21T09:27:54.3015159Z a2cadbfeca72: Download complete
2025-08-21T09:27:54.3400922Z e6fe6f07e192: Verifying Checksum
2025-08-21T09:27:54.3401377Z e6fe6f07e192: Download complete
2025-08-21T09:27:54.3566182Z 5e28347af205: Pull complete
2025-08-21T09:27:54.3868803Z 311eca34042e: Pull complete
2025-08-21T09:27:54.4461668Z 4f4fb700ef54: Verifying Checksum
2025-08-21T09:27:54.4462130Z 4f4fb700ef54: Download complete
2025-08-21T09:27:54.4920349Z a976ed7e7808: Verifying Checksum
2025-08-21T09:27:54.4920828Z a976ed7e7808: Download complete
2025-08-21T09:27:54.5682162Z e6fe6f07e192: Pull complete
2025-08-21T09:27:54.5765971Z a2cadbfeca72: Pull complete
2025-08-21T09:27:54.5850498Z 4f4fb700ef54: Pull complete
2025-08-21T09:27:54.5948524Z a976ed7e7808: Pull complete
2025-08-21T09:27:54.5990611Z Digest: sha256:bb186d083732f669da90be8b0f975a37812b15e913465bb14d845db72a4e3e08
2025-08-21T09:27:54.6000197Z Status: Downloaded newer image for redis:7-alpine
2025-08-21T09:27:54.6007174Z docker.io/library/redis:7-alpine
2025-08-21T09:27:54.6023678Z ##[command]/usr/bin/docker create --name 52a95b140b344393b7739ddccb9c2a89_redis7alpine_11b3e0 --label 57e95b --network github_network_6515f4c23d8e4f7d85ed9f1609a883fb --network-alias redis -p 6379:6379  -e GITHUB_ACTIONS=true -e CI=true redis:7-alpine
2025-08-21T09:27:54.6244260Z 7ee316f8abe33ba507c3f7e21e00e484b5e55301fe4bef632b825b3d1a247a93
2025-08-21T09:27:54.6257237Z ##[command]/usr/bin/docker start 7ee316f8abe33ba507c3f7e21e00e484b5e55301fe4bef632b825b3d1a247a93
2025-08-21T09:27:54.7531558Z 7ee316f8abe33ba507c3f7e21e00e484b5e55301fe4bef632b825b3d1a247a93
2025-08-21T09:27:54.7545815Z ##[command]/usr/bin/docker ps --all --filter id=7ee316f8abe33ba507c3f7e21e00e484b5e55301fe4bef632b825b3d1a247a93 --filter status=running --no-trunc --format "{{.ID}} {{.Status}}"
2025-08-21T09:27:54.7671098Z 7ee316f8abe33ba507c3f7e21e00e484b5e55301fe4bef632b825b3d1a247a93 Up Less than a second
2025-08-21T09:27:54.7684350Z ##[command]/usr/bin/docker port 7ee316f8abe33ba507c3f7e21e00e484b5e55301fe4bef632b825b3d1a247a93
2025-08-21T09:27:54.7813363Z 6379/tcp -> 0.0.0.0:6379
2025-08-21T09:27:54.7813827Z 6379/tcp -> [::]:6379
2025-08-21T09:27:54.7827094Z ##[endgroup]
2025-08-21T09:27:54.7838510Z ##[group]Waiting for all services to be ready
2025-08-21T09:27:54.7851779Z ##[command]/usr/bin/docker inspect --format="{{if .Config.Healthcheck}}{{print .State.Health.Status}}{{end}}" 9abd7ea29a641a84c168953e45137a7ef794147937e598ce2ade15bdcf9a8b01
2025-08-21T09:27:54.7965946Z starting
2025-08-21T09:27:54.7986730Z postgres service is starting, waiting 2 seconds before checking again.
2025-08-21T09:27:56.7983540Z ##[command]/usr/bin/docker inspect --format="{{if .Config.Healthcheck}}{{print .State.Health.Status}}{{end}}" 9abd7ea29a641a84c168953e45137a7ef794147937e598ce2ade15bdcf9a8b01
2025-08-21T09:27:56.8096812Z starting
2025-08-21T09:27:56.8170897Z postgres service is starting, waiting 4 seconds before checking again.
2025-08-21T09:28:01.0100788Z ##[command]/usr/bin/docker inspect --format="{{if .Config.Healthcheck}}{{print .State.Health.Status}}{{end}}" 9abd7ea29a641a84c168953e45137a7ef794147937e598ce2ade15bdcf9a8b01
2025-08-21T09:28:01.0336043Z healthy
2025-08-21T09:28:01.0354730Z postgres service is healthy.
2025-08-21T09:28:01.0355950Z ##[command]/usr/bin/docker inspect --format="{{if .Config.Healthcheck}}{{print .State.Health.Status}}{{end}}" 7ee316f8abe33ba507c3f7e21e00e484b5e55301fe4bef632b825b3d1a247a93
2025-08-21T09:28:01.0482210Z redis service is healthy.
2025-08-21T09:28:01.0482558Z ##[endgroup]
2025-08-21T09:28:01.0726605Z ##[group]Run actions/checkout@v5
2025-08-21T09:28:01.0727130Z with:
2025-08-21T09:28:01.0727330Z   repository: AlexBomber12/AWA-App
2025-08-21T09:28:01.0727897Z   token: ***
2025-08-21T09:28:01.0728083Z   ssh-strict: true
2025-08-21T09:28:01.0728256Z   ssh-user: git
2025-08-21T09:28:01.0728440Z   persist-credentials: true
2025-08-21T09:28:01.0728647Z   clean: true
2025-08-21T09:28:01.0728830Z   sparse-checkout-cone-mode: true
2025-08-21T09:28:01.0729050Z   fetch-depth: 1
2025-08-21T09:28:01.0729232Z   fetch-tags: false
2025-08-21T09:28:01.0729409Z   show-progress: true
2025-08-21T09:28:01.0729588Z   lfs: false
2025-08-21T09:28:01.0729741Z   submodules: false
2025-08-21T09:28:01.0729920Z   set-safe-directory: true
2025-08-21T09:28:01.0730461Z env:
2025-08-21T09:28:01.0730684Z   REDIS_URL: redis://localhost:6379/0
2025-08-21T09:28:01.0730949Z   RATE_LIMIT_DEFAULT: 100/minute
2025-08-21T09:28:01.0731166Z   TRUST_X_FORWARDED: 1
2025-08-21T09:28:01.0731365Z ##[endgroup]
2025-08-21T09:28:01.1669753Z Syncing repository: AlexBomber12/AWA-App
2025-08-21T09:28:01.1671036Z ##[group]Getting Git version info
2025-08-21T09:28:01.1671379Z Working directory is '/home/runner/work/AWA-App/AWA-App'
2025-08-21T09:28:01.1671892Z [command]/usr/bin/git version
2025-08-21T09:28:01.1718635Z git version 2.51.0
2025-08-21T09:28:01.1739376Z ##[endgroup]
2025-08-21T09:28:01.1754802Z Temporarily overriding HOME='/home/runner/work/_temp/22f2510c-be61-49c2-9767-1d1f4d39ca59' before making global git config changes
2025-08-21T09:28:01.1756040Z Adding repository directory to the temporary git global config as a safe directory
2025-08-21T09:28:01.1760643Z [command]/usr/bin/git config --global --add safe.directory /home/runner/work/AWA-App/AWA-App
2025-08-21T09:28:01.1797818Z Deleting the contents of '/home/runner/work/AWA-App/AWA-App'
2025-08-21T09:28:01.1802018Z ##[group]Initializing the repository
2025-08-21T09:28:01.1807118Z [command]/usr/bin/git init /home/runner/work/AWA-App/AWA-App
2025-08-21T09:28:01.1912019Z hint: Using 'master' as the name for the initial branch. This default branch name
2025-08-21T09:28:01.1912969Z hint: is subject to change. To configure the initial branch name to use in all
2025-08-21T09:28:01.1913772Z hint: of your new repositories, which will suppress this warning, call:
2025-08-21T09:28:01.1914335Z hint:
2025-08-21T09:28:01.1914771Z hint: 	git config --global init.defaultBranch <name>
2025-08-21T09:28:01.1915238Z hint:
2025-08-21T09:28:01.1915692Z hint: Names commonly chosen instead of 'master' are 'main', 'trunk' and
2025-08-21T09:28:01.1916490Z hint: 'development'. The just-created branch can be renamed via this command:
2025-08-21T09:28:01.1917068Z hint:
2025-08-21T09:28:01.1917358Z hint: 	git branch -m <name>
2025-08-21T09:28:01.1917868Z hint:
2025-08-21T09:28:01.1918368Z hint: Disable this message with "git config set advice.defaultBranchName false"
2025-08-21T09:28:01.1919068Z Initialized empty Git repository in /home/runner/work/AWA-App/AWA-App/.git/
2025-08-21T09:28:01.1927377Z [command]/usr/bin/git remote add origin https://github.com/AlexBomber12/AWA-App
2025-08-21T09:28:01.1962781Z ##[endgroup]
2025-08-21T09:28:01.1963163Z ##[group]Disabling automatic garbage collection
2025-08-21T09:28:01.1966279Z [command]/usr/bin/git config --local gc.auto 0
2025-08-21T09:28:01.1992435Z ##[endgroup]
2025-08-21T09:28:01.1992799Z ##[group]Setting up auth
2025-08-21T09:28:01.1998928Z [command]/usr/bin/git config --local --name-only --get-regexp core\.sshCommand
2025-08-21T09:28:01.2027789Z [command]/usr/bin/git submodule foreach --recursive sh -c "git config --local --name-only --get-regexp 'core\.sshCommand' && git config --local --unset-all 'core.sshCommand' || :"
2025-08-21T09:28:01.2358149Z [command]/usr/bin/git config --local --name-only --get-regexp http\.https\:\/\/github\.com\/\.extraheader
2025-08-21T09:28:01.2388684Z [command]/usr/bin/git submodule foreach --recursive sh -c "git config --local --name-only --get-regexp 'http\.https\:\/\/github\.com\/\.extraheader' && git config --local --unset-all 'http.https://github.com/.extraheader' || :"
2025-08-21T09:28:01.2606725Z [command]/usr/bin/git config --local http.https://github.com/.extraheader AUTHORIZATION: basic ***
2025-08-21T09:28:01.2641399Z ##[endgroup]
2025-08-21T09:28:01.2642029Z ##[group]Fetching the repository
2025-08-21T09:28:01.2651073Z [command]/usr/bin/git -c protocol.version=2 fetch --no-tags --prune --no-recurse-submodules --depth=1 origin +0483ca97c9cc5bcfd37ae6f316097f55e6d10031:refs/remotes/pull/328/merge
2025-08-21T09:28:01.7081977Z From https://github.com/AlexBomber12/AWA-App
2025-08-21T09:28:01.7082448Z  * [new ref]         0483ca97c9cc5bcfd37ae6f316097f55e6d10031 -> pull/328/merge
2025-08-21T09:28:01.7112523Z ##[endgroup]
2025-08-21T09:28:01.7113034Z ##[group]Determining the checkout info
2025-08-21T09:28:01.7116268Z ##[endgroup]
2025-08-21T09:28:01.7123255Z [command]/usr/bin/git sparse-checkout disable
2025-08-21T09:28:01.7164619Z [command]/usr/bin/git config --local --unset-all extensions.worktreeConfig
2025-08-21T09:28:01.7190981Z ##[group]Checking out the ref
2025-08-21T09:28:01.7195173Z [command]/usr/bin/git checkout --progress --force refs/remotes/pull/328/merge
2025-08-21T09:28:01.7525191Z Note: switching to 'refs/remotes/pull/328/merge'.
2025-08-21T09:28:01.7525657Z 
2025-08-21T09:28:01.7526011Z You are in 'detached HEAD' state. You can look around, make experimental
2025-08-21T09:28:01.7526927Z changes and commit them, and you can discard any commits you make in this
2025-08-21T09:28:01.7527668Z state without impacting any branches by switching back to a branch.
2025-08-21T09:28:01.7527990Z 
2025-08-21T09:28:01.7528202Z If you want to create a new branch to retain commits you create, you may
2025-08-21T09:28:01.7528701Z do so (now or later) by using -c with the switch command. Example:
2025-08-21T09:28:01.7528982Z 
2025-08-21T09:28:01.7529100Z   git switch -c <new-branch-name>
2025-08-21T09:28:01.7529301Z 
2025-08-21T09:28:01.7529413Z Or undo this operation with:
2025-08-21T09:28:01.7529924Z 
2025-08-21T09:28:01.7530108Z   git switch -
2025-08-21T09:28:01.7530516Z 
2025-08-21T09:28:01.7530865Z Turn off this advice by setting config variable advice.detachedHead to false
2025-08-21T09:28:01.7531375Z 
2025-08-21T09:28:01.7531966Z HEAD is now at 0483ca9 Merge b8724f913aae4f8897cab7a6ccf493f8e2af427c into bc24f0ad5d3b15b53e826b913b2d5e2e94901f6a
2025-08-21T09:28:01.7535605Z ##[endgroup]
2025-08-21T09:28:01.7571595Z [command]/usr/bin/git log -1 --format=%H
2025-08-21T09:28:01.7592797Z 0483ca97c9cc5bcfd37ae6f316097f55e6d10031
2025-08-21T09:28:01.7755064Z ##[group]Run cat .env.ci >> "$GITHUB_ENV"
2025-08-21T09:28:01.7755406Z [36;1mcat .env.ci >> "$GITHUB_ENV"[0m
2025-08-21T09:28:01.7756101Z [36;1mecho "DATABASE_URL=***localhost:5432/awa" >> "$GITHUB_ENV"[0m
2025-08-21T09:28:01.7756450Z [36;1mecho "PG_HOST=localhost" >> "$GITHUB_ENV"[0m
2025-08-21T09:28:01.7756729Z [36;1mecho "PG_PORT=5432" >> "$GITHUB_ENV"[0m
2025-08-21T09:28:01.7757002Z [36;1mecho "PG_USER=postgres" >> "$GITHUB_ENV"[0m
2025-08-21T09:28:01.7757292Z [36;1mecho "PG_PASSWORD=pass" >> "$GITHUB_ENV"[0m
2025-08-21T09:28:01.7757813Z [36;1mecho "PG_DATABASE=awa" >> "$GITHUB_ENV"[0m
2025-08-21T09:28:01.7802131Z shell: /usr/bin/bash -e {0}
2025-08-21T09:28:01.7802354Z env:
2025-08-21T09:28:01.7802550Z   REDIS_URL: redis://localhost:6379/0
2025-08-21T09:28:01.7802810Z   RATE_LIMIT_DEFAULT: 100/minute
2025-08-21T09:28:01.7803024Z   TRUST_X_FORWARDED: 1
2025-08-21T09:28:01.7803203Z ##[endgroup]
2025-08-21T09:28:01.7972122Z ##[group]Run actions/setup-python@v5
2025-08-21T09:28:01.7972405Z with:
2025-08-21T09:28:01.7972582Z   python-version: 3.12
2025-08-21T09:28:01.7972778Z   cache: pip
2025-08-21T09:28:01.7972985Z   cache-dependency-path: requirements-dev.txt
2025-08-21T09:28:01.7973260Z   check-latest: false
2025-08-21T09:28:01.7973569Z   token: ***
2025-08-21T09:28:01.7973746Z   update-environment: true
2025-08-21T09:28:01.7973964Z   allow-prereleases: false
2025-08-21T09:28:01.7974165Z   freethreaded: false
2025-08-21T09:28:01.7974364Z env:
2025-08-21T09:28:01.7974585Z   REDIS_URL: redis://localhost:6379/0
2025-08-21T09:28:01.7974831Z   RATE_LIMIT_DEFAULT: 100/minute
2025-08-21T09:28:01.7975039Z   TRUST_X_FORWARDED: 1
2025-08-21T09:28:01.7975218Z   PG_USER: postgres
2025-08-21T09:28:01.7975395Z   PG_PASSWORD: pass
2025-08-21T09:28:01.7975562Z   PG_DATABASE: awa
2025-08-21T09:28:01.7975733Z   PG_HOST: localhost
2025-08-21T09:28:01.7975903Z   PG_PORT: 5432
2025-08-21T09:28:01.7976308Z   PG_SYNC_DSN: ***localhost:5432/awa
2025-08-21T09:28:01.7976701Z   PG_ASYNC_DSN: ***localhost:5432/awa
2025-08-21T09:28:01.7977070Z   DATABASE_URL: ***localhost:5432/awa
2025-08-21T09:28:01.7977293Z   DATA_DIR: /tmp/awa-data
2025-08-21T09:28:01.7977712Z   ENABLE_LIVE: 0
2025-08-21T09:28:01.7977880Z   TESTING: 1
2025-08-21T09:28:01.7978036Z ##[endgroup]
2025-08-21T09:28:01.9611807Z ##[group]Installed versions
2025-08-21T09:28:01.9713163Z Successfully set up CPython (3.12.11)
2025-08-21T09:28:01.9713929Z ##[endgroup]
2025-08-21T09:28:02.0102126Z [command]/opt/hostedtoolcache/Python/3.12.11/x64/bin/pip cache dir
2025-08-21T09:28:04.1515133Z /home/runner/.cache/pip
2025-08-21T09:28:04.3412428Z Cache hit for: setup-python-Linux-x64-24.04-Ubuntu-python-3.12.11-pip-cc13ccef493b9f3a93ad5651164d9fb09282c1111f6f72ce20e0657de16de6b4
2025-08-21T09:28:05.5675548Z Received 79691776 of 376053341 (21.2%), 76.0 MBs/sec
2025-08-21T09:28:06.5685383Z Received 226492416 of 376053341 (60.2%), 108.0 MBs/sec
2025-08-21T09:28:07.5685768Z Received 376053341 of 376053341 (100.0%), 119.5 MBs/sec
2025-08-21T09:28:07.5687230Z Cache Size: ~359 MB (376053341 B)
2025-08-21T09:28:07.5726216Z [command]/usr/bin/tar -xf /home/runner/work/_temp/962f5142-b3e0-470d-8b40-4a1514f1e41e/cache.tzst -P -C /home/runner/work/AWA-App/AWA-App --use-compress-program unzstd
2025-08-21T09:28:08.1607634Z Cache restored successfully
2025-08-21T09:28:08.2333581Z Cache restored from key: setup-python-Linux-x64-24.04-Ubuntu-python-3.12.11-pip-cc13ccef493b9f3a93ad5651164d9fb09282c1111f6f72ce20e0657de16de6b4
2025-08-21T09:28:08.2486621Z ##[group]Run pip install --break-system-packages -r requirements-dev.txt
2025-08-21T09:28:08.2487153Z [36;1mpip install --break-system-packages -r requirements-dev.txt[0m
2025-08-21T09:28:08.2487937Z [36;1mpip install --break-system-packages keepa==1.3.15 minio==7.1.15[0m
2025-08-21T09:28:08.2530984Z shell: /usr/bin/bash -e {0}
2025-08-21T09:28:08.2531213Z env:
2025-08-21T09:28:08.2531423Z   REDIS_URL: redis://localhost:6379/0
2025-08-21T09:28:08.2531699Z   RATE_LIMIT_DEFAULT: 100/minute
2025-08-21T09:28:08.2531922Z   TRUST_X_FORWARDED: 1
2025-08-21T09:28:08.2532122Z   PG_USER: postgres
2025-08-21T09:28:08.2532317Z   PG_PASSWORD: pass
2025-08-21T09:28:08.2532487Z   PG_DATABASE: awa
2025-08-21T09:28:08.2532666Z   PG_HOST: localhost
2025-08-21T09:28:08.2532851Z   PG_PORT: 5432
2025-08-21T09:28:08.2533455Z   PG_SYNC_DSN: ***localhost:5432/awa
2025-08-21T09:28:08.2533932Z   PG_ASYNC_DSN: ***localhost:5432/awa
2025-08-21T09:28:08.2534321Z   DATABASE_URL: ***localhost:5432/awa
2025-08-21T09:28:08.2534601Z   DATA_DIR: /tmp/awa-data
2025-08-21T09:28:08.2534799Z   ENABLE_LIVE: 0
2025-08-21T09:28:08.2534971Z   TESTING: 1
2025-08-21T09:28:08.2535203Z   pythonLocation: /opt/hostedtoolcache/Python/3.12.11/x64
2025-08-21T09:28:08.2535605Z   PKG_CONFIG_PATH: /opt/hostedtoolcache/Python/3.12.11/x64/lib/pkgconfig
2025-08-21T09:28:08.2535986Z   Python_ROOT_DIR: /opt/hostedtoolcache/Python/3.12.11/x64
2025-08-21T09:28:08.2536332Z   Python2_ROOT_DIR: /opt/hostedtoolcache/Python/3.12.11/x64
2025-08-21T09:28:08.2536678Z   Python3_ROOT_DIR: /opt/hostedtoolcache/Python/3.12.11/x64
2025-08-21T09:28:08.2537023Z   LD_LIBRARY_PATH: /opt/hostedtoolcache/Python/3.12.11/x64/lib
2025-08-21T09:28:08.2537314Z ##[endgroup]
2025-08-21T09:28:10.0878022Z Collecting Jinja2==3.1.6 (from -r requirements-dev.txt (line 2))
2025-08-21T09:28:10.0891032Z   Using cached jinja2-3.1.6-py3-none-any.whl.metadata (2.9 kB)
2025-08-21T09:28:10.1186273Z Collecting alembic==1.16.4 (from -r requirements-dev.txt (line 3))
2025-08-21T09:28:10.1199599Z   Using cached alembic-1.16.4-py3-none-any.whl.metadata (7.3 kB)
2025-08-21T09:28:10.1777856Z Collecting apscheduler==3.10.4 (from -r requirements-dev.txt (line 4))
2025-08-21T09:28:10.1792006Z   Using cached APScheduler-3.10.4-py3-none-any.whl.metadata (5.7 kB)
2025-08-21T09:28:10.2891887Z Collecting asgi-correlation-id==4.3.1 (from -r requirements-dev.txt (line 5))
2025-08-21T09:28:10.2902816Z   Using cached asgi_correlation_id-4.3.1-py3-none-any.whl.metadata (28 kB)
2025-08-21T09:28:10.3366723Z Collecting asyncpg==0.30.0 (from -r requirements-dev.txt (line 6))
2025-08-21T09:28:10.3378643Z   Using cached asyncpg-0.30.0-cp312-cp312-manylinux_2_17_x86_64.manylinux2014_x86_64.whl.metadata (5.0 kB)
2025-08-21T09:28:10.3871163Z Collecting black==25.1.0 (from -r requirements-dev.txt (line 7))
2025-08-21T09:28:10.3882829Z   Using cached black-25.1.0-cp312-cp312-manylinux_2_17_x86_64.manylinux2014_x86_64.manylinux_2_28_x86_64.whl.metadata (81 kB)
2025-08-21T09:28:10.7208218Z Collecting boto3 (from -r requirements-dev.txt (line 8))
2025-08-21T09:28:10.7221400Z   Using cached boto3-1.40.14-py3-none-any.whl.metadata (6.7 kB)
2025-08-21T09:28:10.7570642Z Collecting redis==6.* (from -r requirements-dev.txt (line 9))
2025-08-21T09:28:10.7582409Z   Using cached redis-6.4.0-py3-none-any.whl.metadata (10 kB)
2025-08-21T09:28:10.7968835Z Collecting minio==7.* (from -r requirements-dev.txt (line 10))
2025-08-21T09:28:10.7980293Z   Using cached minio-7.2.16-py3-none-any.whl.metadata (6.5 kB)
2025-08-21T09:28:10.8195794Z Collecting vulture==2.10 (from -r requirements-dev.txt (line 11))
2025-08-21T09:28:10.8207044Z   Using cached vulture-2.10-py2.py3-none-any.whl.metadata (23 kB)
2025-08-21T09:28:10.8593390Z Collecting celery==5.5.3 (from -r requirements-dev.txt (line 12))
2025-08-21T09:28:10.8604554Z   Using cached celery-5.5.3-py3-none-any.whl.metadata (22 kB)
2025-08-21T09:28:10.9231663Z Collecting fastapi==0.116.1 (from -r requirements-dev.txt (line 13))
2025-08-21T09:28:10.9243202Z   Using cached fastapi-0.116.1-py3-none-any.whl.metadata (28 kB)
2025-08-21T09:28:10.9461229Z Collecting fastapi-limiter==0.1.6 (from -r requirements-dev.txt (line 15))
2025-08-21T09:28:10.9472340Z   Using cached fastapi_limiter-0.1.6-py3-none-any.whl.metadata (5.3 kB)
2025-08-21T09:28:10.9715586Z Collecting httpx<0.29,>=0.27 (from -r requirements-dev.txt (line 16))
2025-08-21T09:28:10.9726457Z   Using cached httpx-0.28.1-py3-none-any.whl.metadata (7.1 kB)
2025-08-21T09:28:10.9904132Z Collecting imapclient==3.0.1 (from -r requirements-dev.txt (line 17))
2025-08-21T09:28:10.9914942Z   Using cached IMAPClient-3.0.1-py2.py3-none-any.whl.metadata (1.7 kB)
2025-08-21T09:28:11.0076770Z Collecting itsdangerous (from -r requirements-dev.txt (line 18))
2025-08-21T09:28:11.0087940Z   Using cached itsdangerous-2.2.0-py3-none-any.whl.metadata (1.9 kB)
2025-08-21T09:28:11.1118758Z Collecting mypy==1.* (from -r requirements-dev.txt (line 19))
2025-08-21T09:28:11.1131735Z   Using cached mypy-1.17.1-cp312-cp312-manylinux2014_x86_64.manylinux_2_17_x86_64.manylinux_2_28_x86_64.whl.metadata (2.2 kB)
2025-08-21T09:28:11.1297838Z Collecting mypy-extensions==1.1.0 (from -r requirements-dev.txt (line 20))
2025-08-21T09:28:11.1313528Z   Using cached mypy_extensions-1.1.0-py3-none-any.whl.metadata (1.1 kB)
2025-08-21T09:28:11.3157202Z Collecting numpy<2 (from -r requirements-dev.txt (line 21))
2025-08-21T09:28:11.3170511Z   Using cached numpy-1.26.4-cp312-cp312-manylinux_2_17_x86_64.manylinux2014_x86_64.whl.metadata (61 kB)
2025-08-21T09:28:11.3484304Z Collecting openpyxl==3.1.5 (from -r requirements-dev.txt (line 22))
2025-08-21T09:28:11.3495986Z   Using cached openpyxl-3.1.5-py2.py3-none-any.whl.metadata (2.5 kB)
2025-08-21T09:28:11.4596899Z Collecting pandas==2.2.* (from -r requirements-dev.txt (line 23))
2025-08-21T09:28:11.4612980Z   Using cached pandas-2.2.3-cp312-cp312-manylinux_2_17_x86_64.manylinux2014_x86_64.whl.metadata (89 kB)
2025-08-21T09:28:11.5594614Z Collecting psycopg2-binary==2.9.10 (from -r requirements-dev.txt (line 24))
2025-08-21T09:28:11.5606977Z   Using cached psycopg2_binary-2.9.10-cp312-cp312-manylinux_2_17_x86_64.manylinux2014_x86_64.whl.metadata (4.9 kB)
2025-08-21T09:28:11.5837984Z Collecting psycopg==3.2.9 (from psycopg[binary]==3.2.9->-r requirements-dev.txt (line 25))
2025-08-21T09:28:11.5849162Z   Using cached psycopg-3.2.9-py3-none-any.whl.metadata (4.5 kB)
2025-08-21T09:28:11.6988699Z Collecting pydantic==2.11.7 (from -r requirements-dev.txt (line 26))
2025-08-21T09:28:11.7001147Z   Using cached pydantic-2.11.7-py3-none-any.whl.metadata (67 kB)
2025-08-21T09:28:11.8274238Z Collecting setuptools (from -r requirements-dev.txt (line 27))
2025-08-21T09:28:11.8286950Z   Using cached setuptools-80.9.0-py3-none-any.whl.metadata (6.6 kB)
2025-08-21T09:28:11.8603010Z Collecting pytest-asyncio==1.1.0 (from -r requirements-dev.txt (line 28))
2025-08-21T09:28:11.8614093Z   Using cached pytest_asyncio-1.1.0-py3-none-any.whl.metadata (4.1 kB)
2025-08-21T09:28:11.8825295Z Collecting pytest-cov==6.2.1 (from -r requirements-dev.txt (line 29))
2025-08-21T09:28:11.8836296Z   Using cached pytest_cov-6.2.1-py3-none-any.whl.metadata (30 kB)
2025-08-21T09:28:11.9067703Z Collecting pytest-postgresql==7.0.2 (from -r requirements-dev.txt (line 30))
2025-08-21T09:28:11.9078607Z   Using cached pytest_postgresql-7.0.2-py3-none-any.whl.metadata (18 kB)
2025-08-21T09:28:11.9310808Z Collecting python-dotenv (from -r requirements-dev.txt (line 31))
2025-08-21T09:28:11.9321567Z   Using cached python_dotenv-1.1.1-py3-none-any.whl.metadata (24 kB)
2025-08-21T09:28:11.9505860Z Collecting python-multipart (from -r requirements-dev.txt (line 32))
2025-08-21T09:28:11.9516805Z   Using cached python_multipart-0.0.20-py3-none-any.whl.metadata (1.8 kB)
2025-08-21T09:28:11.9873959Z Collecting python-telegram-bot==22.3 (from -r requirements-dev.txt (line 33))
2025-08-21T09:28:11.9884966Z   Using cached python_telegram_bot-22.3-py3-none-any.whl.metadata (17 kB)
2025-08-21T09:28:12.0227991Z Collecting requests==2.32.4 (from -r requirements-dev.txt (line 34))
2025-08-21T09:28:12.0238821Z   Using cached requests-2.32.4-py3-none-any.whl.metadata (4.9 kB)
2025-08-21T09:28:12.0466616Z Collecting respx==0.22.0 (from -r requirements-dev.txt (line 35))
2025-08-21T09:28:12.0477790Z   Using cached respx-0.22.0-py2.py3-none-any.whl.metadata (4.1 kB)
2025-08-21T09:28:12.4094009Z Collecting ruff==0.9.9 (from -r requirements-dev.txt (line 36))
2025-08-21T09:28:12.4107376Z   Using cached ruff-0.9.9-py3-none-manylinux_2_17_x86_64.manylinux2014_x86_64.whl.metadata (25 kB)
2025-08-21T09:28:12.6693584Z Collecting sqlalchemy==2.0.43 (from -r requirements-dev.txt (line 37))
2025-08-21T09:28:12.6706796Z   Using cached sqlalchemy-2.0.43-cp312-cp312-manylinux_2_17_x86_64.manylinux2014_x86_64.whl.metadata (9.6 kB)
2025-08-21T09:28:12.6988975Z Collecting structlog==24.1.0 (from -r requirements-dev.txt (line 38))
2025-08-21T09:28:12.7000543Z   Using cached structlog-24.1.0-py3-none-any.whl.metadata (6.9 kB)
2025-08-21T09:28:12.7280786Z Collecting testcontainers==4.12.0 (from testcontainers[postgres]==4.12.0->-r requirements-dev.txt (line 39))
2025-08-21T09:28:12.7291894Z   Using cached testcontainers-4.12.0-py3-none-any.whl.metadata (8.3 kB)
2025-08-21T09:28:12.7746399Z Collecting types-requests==2.32.4.20250809 (from -r requirements-dev.txt (line 40))
2025-08-21T09:28:12.7757204Z   Using cached types_requests-2.32.4.20250809-py3-none-any.whl.metadata (2.0 kB)
2025-08-21T09:28:12.7941158Z Collecting docspec-python==2.2.2 (from -r requirements-dev.txt (line 41))
2025-08-21T09:28:12.7951897Z   Using cached docspec_python-2.2.2-py3-none-any.whl.metadata (1.0 kB)
2025-08-21T09:28:12.8186400Z Collecting pydoc-markdown==4.8.2 (from -r requirements-dev.txt (line 42))
2025-08-21T09:28:12.8197783Z   Using cached pydoc_markdown-4.8.2-py3-none-any.whl.metadata (5.9 kB)
2025-08-21T09:28:12.8948153Z Collecting pandera==0.19.* (from -r requirements-dev.txt (line 43))
2025-08-21T09:28:12.8960361Z   Using cached pandera-0.19.3-py3-none-any.whl.metadata (15 kB)
2025-08-21T09:28:12.9547616Z Collecting MarkupSafe>=2.0 (from Jinja2==3.1.6->-r requirements-dev.txt (line 2))
2025-08-21T09:28:12.9559028Z   Using cached MarkupSafe-3.0.2-cp312-cp312-manylinux_2_17_x86_64.manylinux2014_x86_64.whl.metadata (4.0 kB)
2025-08-21T09:28:12.9902315Z Collecting Mako (from alembic==1.16.4->-r requirements-dev.txt (line 3))
2025-08-21T09:28:12.9913637Z   Using cached mako-1.3.10-py3-none-any.whl.metadata (2.9 kB)
2025-08-21T09:28:13.0132289Z Collecting typing-extensions>=4.12 (from alembic==1.16.4->-r requirements-dev.txt (line 3))
2025-08-21T09:28:13.0143433Z   Using cached typing_extensions-4.14.1-py3-none-any.whl.metadata (3.0 kB)
2025-08-21T09:28:13.0342959Z Collecting six>=1.4.0 (from apscheduler==3.10.4->-r requirements-dev.txt (line 4))
2025-08-21T09:28:13.0354100Z   Using cached six-1.17.0-py2.py3-none-any.whl.metadata (1.7 kB)
2025-08-21T09:28:13.0752048Z Collecting pytz (from apscheduler==3.10.4->-r requirements-dev.txt (line 4))
2025-08-21T09:28:13.0763818Z   Using cached pytz-2025.2-py2.py3-none-any.whl.metadata (22 kB)
2025-08-21T09:28:13.1010724Z Collecting tzlocal!=3.*,>=2.0 (from apscheduler==3.10.4->-r requirements-dev.txt (line 4))
2025-08-21T09:28:13.1021953Z   Using cached tzlocal-5.3.1-py3-none-any.whl.metadata (7.6 kB)
2025-08-21T09:28:13.1406100Z Collecting starlette>=0.18 (from asgi-correlation-id==4.3.1->-r requirements-dev.txt (line 5))
2025-08-21T09:28:13.1419019Z   Using cached starlette-0.47.2-py3-none-any.whl.metadata (6.2 kB)
2025-08-21T09:28:13.1686484Z Collecting click>=8.0.0 (from black==25.1.0->-r requirements-dev.txt (line 7))
2025-08-21T09:28:13.1697992Z   Using cached click-8.2.1-py3-none-any.whl.metadata (2.5 kB)
2025-08-21T09:28:13.1926306Z Collecting packaging>=22.0 (from black==25.1.0->-r requirements-dev.txt (line 7))
2025-08-21T09:28:13.1938551Z   Using cached packaging-25.0-py3-none-any.whl.metadata (3.3 kB)
2025-08-21T09:28:13.2151095Z Collecting pathspec>=0.9.0 (from black==25.1.0->-r requirements-dev.txt (line 7))
2025-08-21T09:28:13.2164174Z   Using cached pathspec-0.12.1-py3-none-any.whl.metadata (21 kB)
2025-08-21T09:28:13.2506988Z Collecting platformdirs>=2 (from black==25.1.0->-r requirements-dev.txt (line 7))
2025-08-21T09:28:13.2524177Z   Using cached platformdirs-4.3.8-py3-none-any.whl.metadata (12 kB)
2025-08-21T09:28:13.2759577Z Collecting toml (from vulture==2.10->-r requirements-dev.txt (line 11))
2025-08-21T09:28:13.2771235Z   Using cached toml-0.10.2-py2.py3-none-any.whl.metadata (7.1 kB)
2025-08-21T09:28:13.3034457Z Collecting billiard<5.0,>=4.2.1 (from celery==5.5.3->-r requirements-dev.txt (line 12))
2025-08-21T09:28:13.3045766Z   Using cached billiard-4.2.1-py3-none-any.whl.metadata (4.4 kB)
2025-08-21T09:28:13.3379304Z Collecting kombu<5.6,>=5.5.2 (from celery==5.5.3->-r requirements-dev.txt (line 12))
2025-08-21T09:28:13.3391146Z   Using cached kombu-5.5.4-py3-none-any.whl.metadata (3.5 kB)
2025-08-21T09:28:13.3607697Z Collecting vine<6.0,>=5.1.0 (from celery==5.5.3->-r requirements-dev.txt (line 12))
2025-08-21T09:28:13.3618776Z   Using cached vine-5.1.0-py3-none-any.whl.metadata (2.7 kB)
2025-08-21T09:28:13.3811684Z Collecting click-didyoumean>=0.3.0 (from celery==5.5.3->-r requirements-dev.txt (line 12))
2025-08-21T09:28:13.3822622Z   Using cached click_didyoumean-0.3.1-py3-none-any.whl.metadata (3.9 kB)
2025-08-21T09:28:13.3977214Z Collecting click-repl>=0.2.0 (from celery==5.5.3->-r requirements-dev.txt (line 12))
2025-08-21T09:28:13.3988517Z   Using cached click_repl-0.3.0-py3-none-any.whl.metadata (3.6 kB)
2025-08-21T09:28:13.4145322Z Collecting click-plugins>=1.1.1 (from celery==5.5.3->-r requirements-dev.txt (line 12))
2025-08-21T09:28:13.4156551Z   Using cached click_plugins-1.1.1.2-py2.py3-none-any.whl.metadata (6.5 kB)
2025-08-21T09:28:13.4343717Z Collecting python-dateutil>=2.8.2 (from celery==5.5.3->-r requirements-dev.txt (line 12))
2025-08-21T09:28:13.4354795Z   Using cached python_dateutil-2.9.0.post0-py2.py3-none-any.whl.metadata (8.4 kB)
2025-08-21T09:28:13.5124258Z Collecting annotated-types>=0.6.0 (from pydantic==2.11.7->-r requirements-dev.txt (line 26))
2025-08-21T09:28:13.5135223Z   Using cached annotated_types-0.7.0-py3-none-any.whl.metadata (15 kB)
2025-08-21T09:28:14.1747957Z Collecting pydantic-core==2.33.2 (from pydantic==2.11.7->-r requirements-dev.txt (line 26))
2025-08-21T09:28:14.1761521Z   Using cached pydantic_core-2.33.2-cp312-cp312-manylinux_2_17_x86_64.manylinux2014_x86_64.whl.metadata (6.8 kB)
2025-08-21T09:28:14.1954101Z Collecting typing-inspection>=0.4.0 (from pydantic==2.11.7->-r requirements-dev.txt (line 26))
2025-08-21T09:28:14.1965465Z   Using cached typing_inspection-0.4.1-py3-none-any.whl.metadata (2.6 kB)
2025-08-21T09:28:14.2285827Z Collecting et-xmlfile (from openpyxl==3.1.5->-r requirements-dev.txt (line 22))
2025-08-21T09:28:14.2297104Z   Using cached et_xmlfile-2.0.0-py3-none-any.whl.metadata (2.7 kB)
2025-08-21T09:28:14.2742543Z Collecting pytest<9,>=8.2 (from pytest-asyncio==1.1.0->-r requirements-dev.txt (line 28))
2025-08-21T09:28:14.2753828Z   Using cached pytest-8.4.1-py3-none-any.whl.metadata (7.7 kB)
2025-08-21T09:28:14.5850741Z Collecting coverage>=7.5 (from coverage[toml]>=7.5->pytest-cov==6.2.1->-r requirements-dev.txt (line 29))
2025-08-21T09:28:14.5864727Z   Using cached coverage-7.10.4-cp312-cp312-manylinux1_x86_64.manylinux_2_28_x86_64.manylinux_2_5_x86_64.whl.metadata (8.9 kB)
2025-08-21T09:28:14.6051432Z Collecting pluggy>=1.2 (from pytest-cov==6.2.1->-r requirements-dev.txt (line 29))
2025-08-21T09:28:14.6063251Z   Using cached pluggy-1.6.0-py3-none-any.whl.metadata (4.8 kB)
2025-08-21T09:28:14.6368602Z Collecting port-for>=0.7.3 (from pytest-postgresql==7.0.2->-r requirements-dev.txt (line 30))
2025-08-21T09:28:14.6380060Z   Using cached port_for-0.7.4-py3-none-any.whl.metadata (7.1 kB)
2025-08-21T09:28:14.6585706Z Collecting mirakuru>=2.6.0 (from pytest-postgresql==7.0.2->-r requirements-dev.txt (line 30))
2025-08-21T09:28:14.6598184Z   Using cached mirakuru-2.6.1-py3-none-any.whl.metadata (10 kB)
2025-08-21T09:28:14.7465787Z Collecting charset_normalizer<4,>=2 (from requests==2.32.4->-r requirements-dev.txt (line 34))
2025-08-21T09:28:14.7479174Z   Using cached charset_normalizer-3.4.3-cp312-cp312-manylinux2014_x86_64.manylinux_2_17_x86_64.manylinux_2_28_x86_64.whl.metadata (36 kB)
2025-08-21T09:28:14.7695035Z Collecting idna<4,>=2.5 (from requests==2.32.4->-r requirements-dev.txt (line 34))
2025-08-21T09:28:14.7706116Z   Using cached idna-3.10-py3-none-any.whl.metadata (10 kB)
2025-08-21T09:28:14.8036997Z Collecting urllib3<3,>=1.21.1 (from requests==2.32.4->-r requirements-dev.txt (line 34))
2025-08-21T09:28:14.8048522Z   Using cached urllib3-2.5.0-py3-none-any.whl.metadata (6.5 kB)
2025-08-21T09:28:14.8314997Z Collecting certifi>=2017.4.17 (from requests==2.32.4->-r requirements-dev.txt (line 34))
2025-08-21T09:28:14.8326140Z   Using cached certifi-2025.8.3-py3-none-any.whl.metadata (2.4 kB)
2025-08-21T09:28:15.0348061Z Collecting greenlet>=1 (from sqlalchemy==2.0.43->-r requirements-dev.txt (line 37))
2025-08-21T09:28:15.0361870Z   Using cached greenlet-3.2.4-cp312-cp312-manylinux_2_24_x86_64.manylinux_2_28_x86_64.whl.metadata (4.1 kB)
2025-08-21T09:28:15.0651300Z Collecting docker (from testcontainers==4.12.0->testcontainers[postgres]==4.12.0->-r requirements-dev.txt (line 39))
2025-08-21T09:28:15.0662919Z   Using cached docker-7.1.0-py3-none-any.whl.metadata (3.8 kB)
2025-08-21T09:28:15.1699988Z Collecting wrapt (from testcontainers==4.12.0->testcontainers[postgres]==4.12.0->-r requirements-dev.txt (line 39))
2025-08-21T09:28:15.1713161Z   Using cached wrapt-1.17.3-cp312-cp312-manylinux1_x86_64.manylinux_2_28_x86_64.manylinux_2_5_x86_64.whl.metadata (6.4 kB)
2025-08-21T09:28:15.2016276Z Collecting docspec==2.2.1 (from docspec-python==2.2.2->-r requirements-dev.txt (line 41))
2025-08-21T09:28:15.2027126Z   Using cached docspec-2.2.1-py3-none-any.whl.metadata (1.5 kB)
2025-08-21T09:28:15.2242673Z Collecting nr-util>=0.8.12 (from docspec-python==2.2.2->-r requirements-dev.txt (line 41))
2025-08-21T09:28:15.2253682Z   Using cached nr.util-0.8.12-py3-none-any.whl.metadata (813 bytes)
2025-08-21T09:28:15.2650989Z Collecting PyYAML<7.0,>=5.0 (from pydoc-markdown==4.8.2->-r requirements-dev.txt (line 42))
2025-08-21T09:28:15.2662369Z   Using cached PyYAML-6.0.2-cp312-cp312-manylinux_2_17_x86_64.manylinux2014_x86_64.whl.metadata (2.1 kB)
2025-08-21T09:28:15.3202684Z Collecting databind.core<5.0.0,>=4.4.0 (from pydoc-markdown==4.8.2->-r requirements-dev.txt (line 42))
2025-08-21T09:28:15.3213932Z   Using cached databind.core-4.5.2-py3-none-any.whl.metadata (1.1 kB)
2025-08-21T09:28:15.3489327Z Collecting databind.json<5.0.0,>=4.4.0 (from pydoc-markdown==4.8.2->-r requirements-dev.txt (line 42))
2025-08-21T09:28:15.3500431Z   Using cached databind.json-4.5.2-py3-none-any.whl.metadata (1.1 kB)
2025-08-21T09:28:15.3697723Z Collecting docstring-parser<0.12,>=0.11 (from pydoc-markdown==4.8.2->-r requirements-dev.txt (line 42))
2025-08-21T09:28:15.3698785Z   Using cached docstring_parser-0.11-py3-none-any.whl
2025-08-21T09:28:15.4103465Z Collecting tomli<3.0.0,>=2.0.0 (from pydoc-markdown==4.8.2->-r requirements-dev.txt (line 42))
2025-08-21T09:28:15.4114969Z   Using cached tomli-2.2.1-cp312-cp312-manylinux_2_17_x86_64.manylinux2014_x86_64.whl.metadata (11 kB)
2025-08-21T09:28:15.4280652Z Collecting tomli_w<2.0.0,>=1.0.0 (from pydoc-markdown==4.8.2->-r requirements-dev.txt (line 42))
2025-08-21T09:28:15.4291444Z   Using cached tomli_w-1.2.0-py3-none-any.whl.metadata (5.7 kB)
2025-08-21T09:28:15.4802999Z Collecting watchdog (from pydoc-markdown==4.8.2->-r requirements-dev.txt (line 42))
2025-08-21T09:28:15.4814761Z   Using cached watchdog-6.0.0-py3-none-manylinux2014_x86_64.whl.metadata (44 kB)
2025-08-21T09:28:15.5097798Z Collecting yapf>=0.30.0 (from pydoc-markdown==4.8.2->-r requirements-dev.txt (line 42))
2025-08-21T09:28:15.5109093Z   Using cached yapf-0.43.0-py3-none-any.whl.metadata (46 kB)
2025-08-21T09:28:15.5354041Z Collecting Deprecated<2.0.0,>=1.2.12 (from docspec==2.2.1->docspec-python==2.2.2->-r requirements-dev.txt (line 41))
2025-08-21T09:28:15.5365511Z   Using cached Deprecated-1.2.18-py2.py3-none-any.whl.metadata (5.7 kB)
2025-08-21T09:28:15.6970038Z Collecting psycopg-binary==3.2.9 (from psycopg[binary]==3.2.9->-r requirements-dev.txt (line 25))
2025-08-21T09:28:15.6982713Z   Using cached psycopg_binary-3.2.9-cp312-cp312-manylinux_2_17_x86_64.manylinux2014_x86_64.whl.metadata (2.9 kB)
2025-08-21T09:28:15.7366797Z Collecting argon2-cffi (from minio==7.*->-r requirements-dev.txt (line 10))
2025-08-21T09:28:15.7379019Z   Using cached argon2_cffi-25.1.0-py3-none-any.whl.metadata (4.1 kB)
2025-08-21T09:28:15.9037832Z Collecting pycryptodome (from minio==7.*->-r requirements-dev.txt (line 10))
2025-08-21T09:28:15.9050888Z   Using cached pycryptodome-3.23.0-cp37-abi3-manylinux_2_17_x86_64.manylinux2014_x86_64.whl.metadata (3.4 kB)
2025-08-21T09:28:15.9396453Z Collecting anyio (from httpx<0.29,>=0.27->-r requirements-dev.txt (line 16))
2025-08-21T09:28:15.9408141Z   Using cached anyio-4.10.0-py3-none-any.whl.metadata (4.0 kB)
2025-08-21T09:28:15.9660732Z Collecting httpcore==1.* (from httpx<0.29,>=0.27->-r requirements-dev.txt (line 16))
2025-08-21T09:28:15.9672276Z   Using cached httpcore-1.0.9-py3-none-any.whl.metadata (21 kB)
2025-08-21T09:28:16.0051024Z Collecting tzdata>=2022.7 (from pandas==2.2.*->-r requirements-dev.txt (line 23))
2025-08-21T09:28:16.0062147Z   Using cached tzdata-2025.2-py2.py3-none-any.whl.metadata (1.4 kB)
2025-08-21T09:28:16.0279776Z Collecting multimethod<=1.10.0 (from pandera==0.19.*->-r requirements-dev.txt (line 43))
2025-08-21T09:28:16.0290884Z   Using cached multimethod-1.10-py3-none-any.whl.metadata (8.2 kB)
2025-08-21T09:28:16.0717293Z Collecting typeguard (from pandera==0.19.*->-r requirements-dev.txt (line 43))
2025-08-21T09:28:16.0727995Z   Using cached typeguard-4.4.4-py3-none-any.whl.metadata (3.3 kB)
2025-08-21T09:28:16.0943469Z Collecting typing-inspect>=0.6.0 (from pandera==0.19.*->-r requirements-dev.txt (line 43))
2025-08-21T09:28:16.0954399Z   Using cached typing_inspect-0.9.0-py3-none-any.whl.metadata (1.5 kB)
2025-08-21T09:28:16.1291267Z Collecting databind<5.0.0,>=4.5.2 (from databind.core<5.0.0,>=4.4.0->pydoc-markdown==4.8.2->-r requirements-dev.txt (line 42))
2025-08-21T09:28:16.1302671Z   Using cached databind-4.5.2-py3-none-any.whl.metadata (4.3 kB)
2025-08-21T09:28:16.1489177Z Collecting nr-date<3.0.0,>=2.0.0 (from databind<5.0.0,>=4.5.2->databind.core<5.0.0,>=4.4.0->pydoc-markdown==4.8.2->-r requirements-dev.txt (line 42))
2025-08-21T09:28:16.1499847Z   Using cached nr_date-2.1.0-py3-none-any.whl.metadata (746 bytes)
2025-08-21T09:28:16.1683544Z Collecting nr-stream<2.0.0,>=1.0.0 (from databind<5.0.0,>=4.5.2->databind.core<5.0.0,>=4.4.0->pydoc-markdown==4.8.2->-r requirements-dev.txt (line 42))
2025-08-21T09:28:16.1694316Z   Using cached nr_stream-1.1.5-py3-none-any.whl.metadata (3.6 kB)
2025-08-21T09:28:16.1923524Z Collecting typeapi<3,>=2.0.1 (from databind<5.0.0,>=4.5.2->databind.core<5.0.0,>=4.4.0->pydoc-markdown==4.8.2->-r requirements-dev.txt (line 42))
2025-08-21T09:28:16.1934419Z   Using cached typeapi-2.2.4-py3-none-any.whl.metadata (1.5 kB)
2025-08-21T09:28:16.2270314Z Collecting h11>=0.16 (from httpcore==1.*->httpx<0.29,>=0.27->-r requirements-dev.txt (line 16))
2025-08-21T09:28:16.2281276Z   Using cached h11-0.16.0-py3-none-any.whl.metadata (8.3 kB)
2025-08-21T09:28:16.2577318Z Collecting amqp<6.0.0,>=5.1.1 (from kombu<5.6,>=5.5.2->celery==5.5.3->-r requirements-dev.txt (line 12))
2025-08-21T09:28:16.2588608Z   Using cached amqp-5.3.1-py3-none-any.whl.metadata (8.9 kB)
2025-08-21T09:28:16.3019309Z Collecting iniconfig>=1 (from pytest<9,>=8.2->pytest-asyncio==1.1.0->-r requirements-dev.txt (line 28))
2025-08-21T09:28:16.3030632Z   Using cached iniconfig-2.1.0-py3-none-any.whl.metadata (2.7 kB)
2025-08-21T09:28:16.3297174Z Collecting pygments>=2.7.2 (from pytest<9,>=8.2->pytest-asyncio==1.1.0->-r requirements-dev.txt (line 28))
2025-08-21T09:28:16.3308576Z   Using cached pygments-2.19.2-py3-none-any.whl.metadata (2.5 kB)
2025-08-21T09:28:16.3751277Z Collecting sniffio>=1.1 (from anyio->httpx<0.29,>=0.27->-r requirements-dev.txt (line 16))
2025-08-21T09:28:16.3762533Z   Using cached sniffio-1.3.1-py3-none-any.whl.metadata (3.9 kB)
2025-08-21T09:28:16.8588930Z Collecting botocore<1.41.0,>=1.40.14 (from boto3->-r requirements-dev.txt (line 8))
2025-08-21T09:28:16.8602547Z   Using cached botocore-1.40.14-py3-none-any.whl.metadata (5.7 kB)
2025-08-21T09:28:16.8798837Z Collecting jmespath<2.0.0,>=0.7.1 (from boto3->-r requirements-dev.txt (line 8))
2025-08-21T09:28:16.8810475Z   Using cached jmespath-1.0.1-py3-none-any.whl.metadata (7.6 kB)
2025-08-21T09:28:16.9046885Z Collecting s3transfer<0.14.0,>=0.13.0 (from boto3->-r requirements-dev.txt (line 8))
2025-08-21T09:28:16.9058168Z   Using cached s3transfer-0.13.1-py3-none-any.whl.metadata (1.7 kB)
2025-08-21T09:28:17.0559019Z Collecting fastapi-cli>=0.0.8 (from fastapi-cli[standard]>=0.0.8; extra == "all"->fastapi[all]->-r requirements-dev.txt (line 14))
2025-08-21T09:28:17.0569776Z   Using cached fastapi_cli-0.0.8-py3-none-any.whl.metadata (6.3 kB)
2025-08-21T09:28:17.1364858Z Collecting ujson!=4.0.2,!=4.1.0,!=4.2.0,!=4.3.0,!=5.0.0,!=5.1.0,>=4.0.1 (from fastapi[all]->-r requirements-dev.txt (line 14))
2025-08-21T09:28:17.1382170Z   Using cached ujson-5.11.0-cp312-cp312-manylinux_2_24_x86_64.manylinux_2_28_x86_64.whl.metadata (9.4 kB)
2025-08-21T09:28:17.3690783Z Collecting orjson>=3.2.1 (from fastapi[all]->-r requirements-dev.txt (line 14))
2025-08-21T09:28:17.3703950Z   Using cached orjson-3.11.2-cp312-cp312-manylinux_2_17_x86_64.manylinux2014_x86_64.whl.metadata (1.2 kB)
2025-08-21T09:28:17.3898419Z Collecting email-validator>=2.0.0 (from fastapi[all]->-r requirements-dev.txt (line 14))
2025-08-21T09:28:17.3910703Z   Using cached email_validator-2.2.0-py3-none-any.whl.metadata (25 kB)
2025-08-21T09:28:17.4258922Z Collecting uvicorn>=0.12.0 (from uvicorn[standard]>=0.12.0; extra == "all"->fastapi[all]->-r requirements-dev.txt (line 14))
2025-08-21T09:28:17.4270217Z   Using cached uvicorn-0.35.0-py3-none-any.whl.metadata (6.5 kB)
2025-08-21T09:28:17.4500230Z Collecting pydantic-settings>=2.0.0 (from fastapi[all]->-r requirements-dev.txt (line 14))
2025-08-21T09:28:17.4511459Z   Using cached pydantic_settings-2.10.1-py3-none-any.whl.metadata (3.4 kB)
2025-08-21T09:28:17.4703824Z Collecting pydantic-extra-types>=2.0.0 (from fastapi[all]->-r requirements-dev.txt (line 14))
2025-08-21T09:28:17.4715106Z   Using cached pydantic_extra_types-2.10.5-py3-none-any.whl.metadata (3.9 kB)
2025-08-21T09:28:17.5441938Z Collecting prompt-toolkit>=3.0.36 (from click-repl>=0.2.0->celery==5.5.3->-r requirements-dev.txt (line 12))
2025-08-21T09:28:17.5452924Z   Using cached prompt_toolkit-3.0.51-py3-none-any.whl.metadata (6.4 kB)
2025-08-21T09:28:17.5701258Z Collecting dnspython>=2.0.0 (from email-validator>=2.0.0->fastapi[all]->-r requirements-dev.txt (line 14))
2025-08-21T09:28:17.5712116Z   Using cached dnspython-2.7.0-py3-none-any.whl.metadata (5.8 kB)
2025-08-21T09:28:17.6054995Z Collecting typer>=0.15.1 (from fastapi-cli>=0.0.8->fastapi-cli[standard]>=0.0.8; extra == "all"->fastapi[all]->-r requirements-dev.txt (line 14))
2025-08-21T09:28:17.6066634Z   Using cached typer-0.16.1-py3-none-any.whl.metadata (15 kB)
2025-08-21T09:28:17.6405688Z Collecting rich-toolkit>=0.14.8 (from fastapi-cli>=0.0.8->fastapi-cli[standard]>=0.0.8; extra == "all"->fastapi[all]->-r requirements-dev.txt (line 14))
2025-08-21T09:28:17.6416713Z   Using cached rich_toolkit-0.15.0-py3-none-any.whl.metadata (1.0 kB)
2025-08-21T09:28:17.6602992Z Collecting fastapi-cloud-cli>=0.1.1 (from fastapi-cli[standard]>=0.0.8; extra == "all"->fastapi[all]->-r requirements-dev.txt (line 14))
2025-08-21T09:28:17.6613727Z   Using cached fastapi_cloud_cli-0.1.5-py3-none-any.whl.metadata (3.2 kB)
2025-08-21T09:28:17.7407810Z Collecting rignore>=0.5.1 (from fastapi-cloud-cli>=0.1.1->fastapi-cli[standard]>=0.0.8; extra == "all"->fastapi[all]->-r requirements-dev.txt (line 14))
2025-08-21T09:28:17.7419633Z   Using cached rignore-0.6.4-cp312-cp312-manylinux_2_17_x86_64.manylinux2014_x86_64.whl.metadata (3.8 kB)
2025-08-21T09:28:17.8455045Z Collecting sentry-sdk>=2.20.0 (from fastapi-cloud-cli>=0.1.1->fastapi-cli[standard]>=0.0.8; extra == "all"->fastapi[all]->-r requirements-dev.txt (line 14))
2025-08-21T09:28:17.8466231Z   Using cached sentry_sdk-2.35.0-py2.py3-none-any.whl.metadata (10 kB)
2025-08-21T09:28:17.9448674Z Collecting psutil>=4.0.0 (from mirakuru>=2.6.0->pytest-postgresql==7.0.2->-r requirements-dev.txt (line 30))
2025-08-21T09:28:17.9461953Z   Using cached psutil-7.0.0-cp36-abi3-manylinux_2_12_x86_64.manylinux2010_x86_64.manylinux_2_17_x86_64.manylinux2014_x86_64.whl.metadata (22 kB)
2025-08-21T09:28:17.9844245Z Collecting wcwidth (from prompt-toolkit>=3.0.36->click-repl>=0.2.0->celery==5.5.3->-r requirements-dev.txt (line 12))
2025-08-21T09:28:17.9855221Z   Using cached wcwidth-0.2.13-py2.py3-none-any.whl.metadata (14 kB)
2025-08-21T09:28:18.1258032Z Collecting rich>=13.7.1 (from rich-toolkit>=0.14.8->fastapi-cli>=0.0.8->fastapi-cli[standard]>=0.0.8; extra == "all"->fastapi[all]->-r requirements-dev.txt (line 14))
2025-08-21T09:28:18.1268610Z   Using cached rich-14.1.0-py3-none-any.whl.metadata (18 kB)
2025-08-21T09:28:18.1521157Z Collecting markdown-it-py>=2.2.0 (from rich>=13.7.1->rich-toolkit>=0.14.8->fastapi-cli>=0.0.8->fastapi-cli[standard]>=0.0.8; extra == "all"->fastapi[all]->-r requirements-dev.txt (line 14))
2025-08-21T09:28:18.1531518Z   Using cached markdown_it_py-4.0.0-py3-none-any.whl.metadata (7.3 kB)
2025-08-21T09:28:18.1802341Z Collecting mdurl~=0.1 (from markdown-it-py>=2.2.0->rich>=13.7.1->rich-toolkit>=0.14.8->fastapi-cli>=0.0.8->fastapi-cli[standard]>=0.0.8; extra == "all"->fastapi[all]->-r requirements-dev.txt (line 14))
2025-08-21T09:28:18.1813597Z   Using cached mdurl-0.1.2-py3-none-any.whl.metadata (1.6 kB)
2025-08-21T09:28:18.2359790Z Collecting shellingham>=1.3.0 (from typer>=0.15.1->fastapi-cli>=0.0.8->fastapi-cli[standard]>=0.0.8; extra == "all"->fastapi[all]->-r requirements-dev.txt (line 14))
2025-08-21T09:28:18.2370688Z   Using cached shellingham-1.5.4-py2.py3-none-any.whl.metadata (3.5 kB)
2025-08-21T09:28:18.3164427Z Collecting httptools>=0.6.3 (from uvicorn[standard]>=0.12.0; extra == "all"->fastapi[all]->-r requirements-dev.txt (line 14))
2025-08-21T09:28:18.3176876Z   Using cached httptools-0.6.4-cp312-cp312-manylinux_2_5_x86_64.manylinux1_x86_64.manylinux_2_17_x86_64.manylinux2014_x86_64.whl.metadata (3.6 kB)
2025-08-21T09:28:18.3680427Z Collecting uvloop>=0.15.1 (from uvicorn[standard]>=0.12.0; extra == "all"->fastapi[all]->-r requirements-dev.txt (line 14))
2025-08-21T09:28:18.3692101Z   Using cached uvloop-0.21.0-cp312-cp312-manylinux_2_17_x86_64.manylinux2014_x86_64.whl.metadata (4.9 kB)
2025-08-21T09:28:18.4443907Z Collecting watchfiles>=0.13 (from uvicorn[standard]>=0.12.0; extra == "all"->fastapi[all]->-r requirements-dev.txt (line 14))
2025-08-21T09:28:18.4455474Z   Using cached watchfiles-1.1.0-cp312-cp312-manylinux_2_17_x86_64.manylinux2014_x86_64.whl.metadata (4.9 kB)
2025-08-21T09:28:18.6455216Z Collecting websockets>=10.4 (from uvicorn[standard]>=0.12.0; extra == "all"->fastapi[all]->-r requirements-dev.txt (line 14))
2025-08-21T09:28:18.6468473Z   Using cached websockets-15.0.1-cp312-cp312-manylinux_2_5_x86_64.manylinux1_x86_64.manylinux_2_17_x86_64.manylinux2014_x86_64.whl.metadata (6.8 kB)
2025-08-21T09:28:18.6986293Z Collecting argon2-cffi-bindings (from argon2-cffi->minio==7.*->-r requirements-dev.txt (line 10))
2025-08-21T09:28:18.6997782Z   Using cached argon2_cffi_bindings-25.1.0-cp39-abi3-manylinux_2_26_x86_64.manylinux_2_28_x86_64.whl.metadata (7.4 kB)
2025-08-21T09:28:18.8071703Z Collecting cffi>=1.0.1 (from argon2-cffi-bindings->argon2-cffi->minio==7.*->-r requirements-dev.txt (line 10))
2025-08-21T09:28:18.8083654Z   Using cached cffi-1.17.1-cp312-cp312-manylinux_2_17_x86_64.manylinux2014_x86_64.whl.metadata (1.5 kB)
2025-08-21T09:28:18.8274685Z Collecting pycparser (from cffi>=1.0.1->argon2-cffi-bindings->argon2-cffi->minio==7.*->-r requirements-dev.txt (line 10))
2025-08-21T09:28:18.8286323Z   Using cached pycparser-2.22-py3-none-any.whl.metadata (943 bytes)
2025-08-21T09:28:18.8875462Z Using cached jinja2-3.1.6-py3-none-any.whl (134 kB)
2025-08-21T09:28:18.8888906Z Using cached alembic-1.16.4-py3-none-any.whl (247 kB)
2025-08-21T09:28:18.8900472Z Using cached APScheduler-3.10.4-py3-none-any.whl (59 kB)
2025-08-21T09:28:18.8911731Z Using cached asgi_correlation_id-4.3.1-py3-none-any.whl (15 kB)
2025-08-21T09:28:18.8922628Z Using cached asyncpg-0.30.0-cp312-cp312-manylinux_2_17_x86_64.manylinux2014_x86_64.whl (3.6 MB)
2025-08-21T09:28:18.8959854Z Using cached black-25.1.0-cp312-cp312-manylinux_2_17_x86_64.manylinux2014_x86_64.manylinux_2_28_x86_64.whl (1.8 MB)
2025-08-21T09:28:18.8983100Z Using cached vulture-2.10-py2.py3-none-any.whl (27 kB)
2025-08-21T09:28:18.8993881Z Using cached celery-5.5.3-py3-none-any.whl (438 kB)
2025-08-21T09:28:18.9008044Z Using cached fastapi-0.116.1-py3-none-any.whl (95 kB)
2025-08-21T09:28:18.9019767Z Using cached pydantic-2.11.7-py3-none-any.whl (444 kB)
2025-08-21T09:28:18.9034407Z Using cached fastapi_limiter-0.1.6-py3-none-any.whl (15 kB)
2025-08-21T09:28:18.9045528Z Using cached IMAPClient-3.0.1-py2.py3-none-any.whl (182 kB)
2025-08-21T09:28:18.9057937Z Using cached mypy_extensions-1.1.0-py3-none-any.whl (5.0 kB)
2025-08-21T09:28:18.9069128Z Using cached openpyxl-3.1.5-py2.py3-none-any.whl (250 kB)
2025-08-21T09:28:18.9082213Z Using cached psycopg2_binary-2.9.10-cp312-cp312-manylinux_2_17_x86_64.manylinux2014_x86_64.whl (3.0 MB)
2025-08-21T09:28:18.9114195Z Using cached psycopg-3.2.9-py3-none-any.whl (202 kB)
2025-08-21T09:28:18.9126539Z Using cached pytest_asyncio-1.1.0-py3-none-any.whl (15 kB)
2025-08-21T09:28:18.9137828Z Using cached pytest_cov-6.2.1-py3-none-any.whl (24 kB)
2025-08-21T09:28:18.9149282Z Using cached pytest_postgresql-7.0.2-py3-none-any.whl (41 kB)
2025-08-21T09:28:18.9160655Z Using cached python_telegram_bot-22.3-py3-none-any.whl (717 kB)
2025-08-21T09:28:18.9176670Z Using cached requests-2.32.4-py3-none-any.whl (64 kB)
2025-08-21T09:28:18.9188000Z Using cached respx-0.22.0-py2.py3-none-any.whl (25 kB)
2025-08-21T09:28:18.9199802Z Using cached ruff-0.9.9-py3-none-manylinux_2_17_x86_64.manylinux2014_x86_64.whl (11.2 MB)
2025-08-21T09:28:18.9292999Z Using cached sqlalchemy-2.0.43-cp312-cp312-manylinux_2_17_x86_64.manylinux2014_x86_64.whl (3.3 MB)
2025-08-21T09:28:18.9328265Z Using cached structlog-24.1.0-py3-none-any.whl (65 kB)
2025-08-21T09:28:18.9339753Z Using cached testcontainers-4.12.0-py3-none-any.whl (111 kB)
2025-08-21T09:28:18.9351773Z Using cached types_requests-2.32.4.20250809-py3-none-any.whl (20 kB)
2025-08-21T09:28:18.9363030Z Using cached docspec_python-2.2.2-py3-none-any.whl (15 kB)
2025-08-21T09:28:18.9374222Z Using cached pydoc_markdown-4.8.2-py3-none-any.whl (67 kB)
2025-08-21T09:28:18.9385533Z Using cached docspec-2.2.1-py3-none-any.whl (9.8 kB)
2025-08-21T09:28:18.9397137Z Using cached psycopg_binary-3.2.9-cp312-cp312-manylinux_2_17_x86_64.manylinux2014_x86_64.whl (4.4 MB)
2025-08-21T09:28:18.9439835Z Using cached pydantic_core-2.33.2-cp312-cp312-manylinux_2_17_x86_64.manylinux2014_x86_64.whl (2.0 MB)
2025-08-21T09:28:18.9465490Z Using cached redis-6.4.0-py3-none-any.whl (279 kB)
2025-08-21T09:28:18.9478611Z Using cached minio-7.2.16-py3-none-any.whl (95 kB)
2025-08-21T09:28:18.9490480Z Using cached httpx-0.28.1-py3-none-any.whl (73 kB)
2025-08-21T09:28:18.9502468Z Using cached mypy-1.17.1-cp312-cp312-manylinux2014_x86_64.manylinux_2_17_x86_64.manylinux_2_28_x86_64.whl (12.7 MB)
2025-08-21T09:28:18.9606459Z Using cached numpy-1.26.4-cp312-cp312-manylinux_2_17_x86_64.manylinux2014_x86_64.whl (18.0 MB)
2025-08-21T09:28:18.9745751Z Using cached pandas-2.2.3-cp312-cp312-manylinux_2_17_x86_64.manylinux2014_x86_64.whl (12.7 MB)
2025-08-21T09:28:18.9848996Z Using cached pandera-0.19.3-py3-none-any.whl (251 kB)
2025-08-21T09:28:18.9861602Z Using cached billiard-4.2.1-py3-none-any.whl (86 kB)
2025-08-21T09:28:18.9873920Z Using cached charset_normalizer-3.4.3-cp312-cp312-manylinux2014_x86_64.manylinux_2_17_x86_64.manylinux_2_28_x86_64.whl (151 kB)
2025-08-21T09:28:18.9886478Z Using cached click-8.2.1-py3-none-any.whl (102 kB)
2025-08-21T09:28:18.9898322Z Using cached databind.core-4.5.2-py3-none-any.whl (1.5 kB)
2025-08-21T09:28:18.9909737Z Using cached databind-4.5.2-py3-none-any.whl (49 kB)
2025-08-21T09:28:18.9921026Z Using cached databind.json-4.5.2-py3-none-any.whl (1.5 kB)
2025-08-21T09:28:18.9932255Z Using cached Deprecated-1.2.18-py2.py3-none-any.whl (10.0 kB)
2025-08-21T09:28:18.9943390Z Using cached httpcore-1.0.9-py3-none-any.whl (78 kB)
2025-08-21T09:28:18.9954869Z Using cached idna-3.10-py3-none-any.whl (70 kB)
2025-08-21T09:28:18.9966213Z Using cached kombu-5.5.4-py3-none-any.whl (210 kB)
2025-08-21T09:28:18.9978680Z Using cached vine-5.1.0-py3-none-any.whl (9.6 kB)
2025-08-21T09:28:18.9989639Z Using cached amqp-5.3.1-py3-none-any.whl (50 kB)
2025-08-21T09:28:19.0000871Z Using cached multimethod-1.10-py3-none-any.whl (9.9 kB)
2025-08-21T09:28:19.0011822Z Using cached nr_date-2.1.0-py3-none-any.whl (10 kB)
2025-08-21T09:28:19.0022942Z Using cached nr_stream-1.1.5-py3-none-any.whl (10 kB)
2025-08-21T09:28:19.0034044Z Using cached nr.util-0.8.12-py3-none-any.whl (90 kB)
2025-08-21T09:28:19.0045660Z Using cached pytest-8.4.1-py3-none-any.whl (365 kB)
2025-08-21T09:28:19.0059407Z Using cached pluggy-1.6.0-py3-none-any.whl (20 kB)
2025-08-21T09:28:19.0071012Z Using cached PyYAML-6.0.2-cp312-cp312-manylinux_2_17_x86_64.manylinux2014_x86_64.whl (767 kB)
2025-08-21T09:28:19.0087254Z Using cached starlette-0.47.2-py3-none-any.whl (72 kB)
2025-08-21T09:28:19.0098996Z Using cached anyio-4.10.0-py3-none-any.whl (107 kB)
2025-08-21T09:28:19.0111132Z Using cached tomli-2.2.1-cp312-cp312-manylinux_2_17_x86_64.manylinux2014_x86_64.whl (242 kB)
2025-08-21T09:28:19.0123628Z Using cached tomli_w-1.2.0-py3-none-any.whl (6.7 kB)
2025-08-21T09:28:19.0135130Z Using cached typeapi-2.2.4-py3-none-any.whl (26 kB)
2025-08-21T09:28:19.0146379Z Using cached typing_extensions-4.14.1-py3-none-any.whl (43 kB)
2025-08-21T09:28:19.0157986Z Using cached urllib3-2.5.0-py3-none-any.whl (129 kB)
2025-08-21T09:28:19.0170317Z Using cached wrapt-1.17.3-cp312-cp312-manylinux1_x86_64.manylinux_2_28_x86_64.manylinux_2_5_x86_64.whl (88 kB)
2025-08-21T09:28:19.0181854Z Using cached boto3-1.40.14-py3-none-any.whl (140 kB)
2025-08-21T09:28:19.0194023Z Using cached botocore-1.40.14-py3-none-any.whl (14.0 MB)
2025-08-21T09:28:19.0303587Z Using cached jmespath-1.0.1-py3-none-any.whl (20 kB)
2025-08-21T09:28:19.0315143Z Using cached python_dateutil-2.9.0.post0-py2.py3-none-any.whl (229 kB)
2025-08-21T09:28:19.0327966Z Using cached s3transfer-0.13.1-py3-none-any.whl (85 kB)
2025-08-21T09:28:19.0339630Z Using cached itsdangerous-2.2.0-py3-none-any.whl (16 kB)
2025-08-21T09:28:19.0351009Z Using cached setuptools-80.9.0-py3-none-any.whl (1.2 MB)
2025-08-21T09:28:19.0370572Z Using cached python_dotenv-1.1.1-py3-none-any.whl (20 kB)
2025-08-21T09:28:19.0381935Z Using cached python_multipart-0.0.20-py3-none-any.whl (24 kB)
2025-08-21T09:28:19.0393221Z Using cached annotated_types-0.7.0-py3-none-any.whl (13 kB)
2025-08-21T09:28:19.0404324Z Using cached certifi-2025.8.3-py3-none-any.whl (161 kB)
2025-08-21T09:28:19.0416342Z Using cached click_didyoumean-0.3.1-py3-none-any.whl (3.6 kB)
2025-08-21T09:28:19.0428133Z Using cached click_plugins-1.1.1.2-py2.py3-none-any.whl (11 kB)
2025-08-21T09:28:19.0439172Z Using cached click_repl-0.3.0-py3-none-any.whl (10 kB)
2025-08-21T09:28:19.0450889Z Using cached coverage-7.10.4-cp312-cp312-manylinux1_x86_64.manylinux_2_28_x86_64.manylinux_2_5_x86_64.whl (251 kB)
2025-08-21T09:28:19.0463324Z Using cached email_validator-2.2.0-py3-none-any.whl (33 kB)
2025-08-21T09:28:19.0474669Z Using cached dnspython-2.7.0-py3-none-any.whl (313 kB)
2025-08-21T09:28:19.0487991Z Using cached fastapi_cli-0.0.8-py3-none-any.whl (10 kB)
2025-08-21T09:28:19.0499116Z Using cached fastapi_cloud_cli-0.1.5-py3-none-any.whl (18 kB)
2025-08-21T09:28:19.0510719Z Using cached greenlet-3.2.4-cp312-cp312-manylinux_2_24_x86_64.manylinux_2_28_x86_64.whl (607 kB)
2025-08-21T09:28:19.0525880Z Using cached h11-0.16.0-py3-none-any.whl (37 kB)
2025-08-21T09:28:19.0537615Z Using cached iniconfig-2.1.0-py3-none-any.whl (6.0 kB)
2025-08-21T09:28:19.0549502Z Using cached MarkupSafe-3.0.2-cp312-cp312-manylinux_2_17_x86_64.manylinux2014_x86_64.whl (23 kB)
2025-08-21T09:28:19.0560658Z Using cached mirakuru-2.6.1-py3-none-any.whl (26 kB)
2025-08-21T09:28:19.0572245Z Using cached orjson-3.11.2-cp312-cp312-manylinux_2_17_x86_64.manylinux2014_x86_64.whl (121 kB)
2025-08-21T09:28:19.0584035Z Using cached packaging-25.0-py3-none-any.whl (66 kB)
2025-08-21T09:28:19.0595602Z Using cached pathspec-0.12.1-py3-none-any.whl (31 kB)
2025-08-21T09:28:19.0606854Z Using cached platformdirs-4.3.8-py3-none-any.whl (18 kB)
2025-08-21T09:28:19.0618110Z Using cached port_for-0.7.4-py3-none-any.whl (21 kB)
2025-08-21T09:28:19.0630200Z Using cached prompt_toolkit-3.0.51-py3-none-any.whl (387 kB)
2025-08-21T09:28:19.0644733Z Using cached psutil-7.0.0-cp36-abi3-manylinux_2_12_x86_64.manylinux2010_x86_64.manylinux_2_17_x86_64.manylinux2014_x86_64.whl (277 kB)
2025-08-21T09:28:19.0657665Z Using cached pydantic_extra_types-2.10.5-py3-none-any.whl (38 kB)
2025-08-21T09:28:19.0669228Z Using cached pydantic_settings-2.10.1-py3-none-any.whl (45 kB)
2025-08-21T09:28:19.0680784Z Using cached pygments-2.19.2-py3-none-any.whl (1.2 MB)
2025-08-21T09:28:19.0700588Z Using cached pytz-2025.2-py2.py3-none-any.whl (509 kB)
2025-08-21T09:28:19.0715097Z Using cached rich_toolkit-0.15.0-py3-none-any.whl (29 kB)
2025-08-21T09:28:19.0726995Z Using cached rich-14.1.0-py3-none-any.whl (243 kB)
2025-08-21T09:28:19.0739964Z Using cached markdown_it_py-4.0.0-py3-none-any.whl (87 kB)
2025-08-21T09:28:19.0751618Z Using cached mdurl-0.1.2-py3-none-any.whl (10.0 kB)
2025-08-21T09:28:19.0763150Z Using cached rignore-0.6.4-cp312-cp312-manylinux_2_17_x86_64.manylinux2014_x86_64.whl (949 kB)
2025-08-21T09:28:19.0781594Z Using cached sentry_sdk-2.35.0-py2.py3-none-any.whl (363 kB)
2025-08-21T09:28:19.0795496Z Using cached six-1.17.0-py2.py3-none-any.whl (11 kB)
2025-08-21T09:28:19.0806456Z Using cached sniffio-1.3.1-py3-none-any.whl (10 kB)
2025-08-21T09:28:19.0817345Z Using cached typer-0.16.1-py3-none-any.whl (46 kB)
2025-08-21T09:28:19.0828602Z Using cached shellingham-1.5.4-py2.py3-none-any.whl (9.8 kB)
2025-08-21T09:28:19.0839252Z Using cached typing_inspect-0.9.0-py3-none-any.whl (8.8 kB)
2025-08-21T09:28:19.0850871Z Using cached typing_inspection-0.4.1-py3-none-any.whl (14 kB)
2025-08-21T09:28:19.0862739Z Using cached tzdata-2025.2-py2.py3-none-any.whl (347 kB)
2025-08-21T09:28:19.0876243Z Using cached tzlocal-5.3.1-py3-none-any.whl (18 kB)
2025-08-21T09:28:19.0887937Z Using cached ujson-5.11.0-cp312-cp312-manylinux_2_24_x86_64.manylinux_2_28_x86_64.whl (57 kB)
2025-08-21T09:28:19.0899251Z Using cached uvicorn-0.35.0-py3-none-any.whl (66 kB)
2025-08-21T09:28:19.0911642Z Using cached httptools-0.6.4-cp312-cp312-manylinux_2_5_x86_64.manylinux1_x86_64.manylinux_2_17_x86_64.manylinux2014_x86_64.whl (510 kB)
2025-08-21T09:28:19.0926276Z Using cached uvloop-0.21.0-cp312-cp312-manylinux_2_17_x86_64.manylinux2014_x86_64.whl (4.7 MB)
2025-08-21T09:28:19.0972152Z Using cached watchfiles-1.1.0-cp312-cp312-manylinux_2_17_x86_64.manylinux2014_x86_64.whl (452 kB)
2025-08-21T09:28:19.0987755Z Using cached websockets-15.0.1-cp312-cp312-manylinux_2_5_x86_64.manylinux1_x86_64.manylinux_2_17_x86_64.manylinux2014_x86_64.whl (182 kB)
2025-08-21T09:28:19.0999748Z Using cached yapf-0.43.0-py3-none-any.whl (256 kB)
2025-08-21T09:28:19.1012488Z Using cached argon2_cffi-25.1.0-py3-none-any.whl (14 kB)
2025-08-21T09:28:19.1024225Z Using cached argon2_cffi_bindings-25.1.0-cp39-abi3-manylinux_2_26_x86_64.manylinux_2_28_x86_64.whl (87 kB)
2025-08-21T09:28:19.1036139Z Using cached cffi-1.17.1-cp312-cp312-manylinux_2_17_x86_64.manylinux2014_x86_64.whl (479 kB)
2025-08-21T09:28:19.1050698Z Using cached docker-7.1.0-py3-none-any.whl (147 kB)
2025-08-21T09:28:19.1062814Z Using cached et_xmlfile-2.0.0-py3-none-any.whl (18 kB)
2025-08-21T09:28:19.1073994Z Using cached mako-1.3.10-py3-none-any.whl (78 kB)
2025-08-21T09:28:19.1085573Z Using cached pycparser-2.22-py3-none-any.whl (117 kB)
2025-08-21T09:28:19.1098255Z Using cached pycryptodome-3.23.0-cp37-abi3-manylinux_2_17_x86_64.manylinux2014_x86_64.whl (2.3 MB)
2025-08-21T09:28:19.1124925Z Using cached toml-0.10.2-py2.py3-none-any.whl (16 kB)
2025-08-21T09:28:19.1135972Z Using cached typeguard-4.4.4-py3-none-any.whl (34 kB)
2025-08-21T09:28:19.1147327Z Using cached watchdog-6.0.0-py3-none-manylinux2014_x86_64.whl (79 kB)
2025-08-21T09:28:19.1159140Z Using cached wcwidth-0.2.13-py2.py3-none-any.whl (34 kB)
2025-08-21T09:28:19.5948399Z Installing collected packages: wcwidth, pytz, wrapt, websockets, watchdog, vine, uvloop, urllib3, ujson, tzlocal, tzdata, typing-extensions, tomli_w, tomli, toml, structlog, sniffio, six, shellingham, setuptools, ruff, rignore, redis, PyYAML, python-multipart, python-dotenv, pygments, pycryptodome, pycparser, psycopg2-binary, psycopg-binary, psutil, prompt-toolkit, port-for, pluggy, platformdirs, pathspec, packaging, orjson, numpy, nr-stream, nr-date, mypy-extensions, multimethod, mdurl, MarkupSafe, jmespath, itsdangerous, iniconfig, imapclient, idna, httptools, h11, greenlet, et-xmlfile, docstring-parser, dnspython, coverage, click, charset_normalizer, certifi, billiard, asyncpg, annotated-types, yapf, vulture, uvicorn, typing-inspection, typing-inspect, types-requests, typeguard, typeapi, sqlalchemy, sentry-sdk, requests, python-dateutil, pytest, pydantic-core, psycopg, openpyxl, mypy, mirakuru, markdown-it-py, Mako, Jinja2, httpcore, email-validator, Deprecated, click-repl, click-plugins, click-didyoumean, cffi, black, apscheduler, anyio, amqp, watchfiles, starlette, rich, pytest-postgresql, pytest-cov, pytest-asyncio, pydantic, pandas, nr-util, kombu, httpx, docker, databind, botocore, argon2-cffi-bindings, alembic, typer, testcontainers, s3transfer, rich-toolkit, respx, python-telegram-bot, pydantic-settings, pydantic-extra-types, pandera, fastapi, databind.json, databind.core, celery, asgi-correlation-id, argon2-cffi, minio, fastapi-limiter, fastapi-cloud-cli, fastapi-cli, docspec, boto3, docspec-python, pydoc-markdown
2025-08-21T09:28:38.6778135Z 
2025-08-21T09:28:38.6901418Z Successfully installed Deprecated-1.2.18 Jinja2-3.1.6 Mako-1.3.10 MarkupSafe-3.0.2 PyYAML-6.0.2 alembic-1.16.4 amqp-5.3.1 annotated-types-0.7.0 anyio-4.10.0 apscheduler-3.10.4 argon2-cffi-25.1.0 argon2-cffi-bindings-25.1.0 asgi-correlation-id-4.3.1 asyncpg-0.30.0 billiard-4.2.1 black-25.1.0 boto3-1.40.14 botocore-1.40.14 celery-5.5.3 certifi-2025.8.3 cffi-1.17.1 charset_normalizer-3.4.3 click-8.2.1 click-didyoumean-0.3.1 click-plugins-1.1.1.2 click-repl-0.3.0 coverage-7.10.4 databind-4.5.2 databind.core-4.5.2 databind.json-4.5.2 dnspython-2.7.0 docker-7.1.0 docspec-2.2.1 docspec-python-2.2.2 docstring-parser-0.11 email-validator-2.2.0 et-xmlfile-2.0.0 fastapi-0.116.1 fastapi-cli-0.0.8 fastapi-cloud-cli-0.1.5 fastapi-limiter-0.1.6 greenlet-3.2.4 h11-0.16.0 httpcore-1.0.9 httptools-0.6.4 httpx-0.28.1 idna-3.10 imapclient-3.0.1 iniconfig-2.1.0 itsdangerous-2.2.0 jmespath-1.0.1 kombu-5.5.4 markdown-it-py-4.0.0 mdurl-0.1.2 minio-7.2.16 mirakuru-2.6.1 multimethod-1.10 mypy-1.17.1 mypy-extensions-1.1.0 nr-date-2.1.0 nr-stream-1.1.5 nr-util-0.8.12 numpy-1.26.4 openpyxl-3.1.5 orjson-3.11.2 packaging-25.0 pandas-2.2.3 pandera-0.19.3 pathspec-0.12.1 platformdirs-4.3.8 pluggy-1.6.0 port-for-0.7.4 prompt-toolkit-3.0.51 psutil-7.0.0 psycopg-3.2.9 psycopg-binary-3.2.9 psycopg2-binary-2.9.10 pycparser-2.22 pycryptodome-3.23.0 pydantic-2.11.7 pydantic-core-2.33.2 pydantic-extra-types-2.10.5 pydantic-settings-2.10.1 pydoc-markdown-4.8.2 pygments-2.19.2 pytest-8.4.1 pytest-asyncio-1.1.0 pytest-cov-6.2.1 pytest-postgresql-7.0.2 python-dateutil-2.9.0.post0 python-dotenv-1.1.1 python-multipart-0.0.20 python-telegram-bot-22.3 pytz-2025.2 redis-6.4.0 requests-2.32.4 respx-0.22.0 rich-14.1.0 rich-toolkit-0.15.0 rignore-0.6.4 ruff-0.9.9 s3transfer-0.13.1 sentry-sdk-2.35.0 setuptools-80.9.0 shellingham-1.5.4 six-1.17.0 sniffio-1.3.1 sqlalchemy-2.0.43 starlette-0.47.2 structlog-24.1.0 testcontainers-4.12.0 toml-0.10.2 tomli-2.2.1 tomli_w-1.2.0 typeapi-2.2.4 typeguard-4.4.4 typer-0.16.1 types-requests-2.32.4.20250809 typing-extensions-4.14.1 typing-inspect-0.9.0 typing-inspection-0.4.1 tzdata-2025.2 tzlocal-5.3.1 ujson-5.11.0 urllib3-2.5.0 uvicorn-0.35.0 uvloop-0.21.0 vine-5.1.0 vulture-2.10 watchdog-6.0.0 watchfiles-1.1.0 wcwidth-0.2.13 websockets-15.0.1 wrapt-1.17.3 yapf-0.43.0
2025-08-21T09:28:39.9685737Z Collecting keepa==1.3.15
2025-08-21T09:28:39.9698525Z   Using cached keepa-1.3.15-py3-none-any.whl.metadata (11 kB)
2025-08-21T09:28:40.0097207Z Collecting minio==7.1.15
2025-08-21T09:28:40.0109020Z   Using cached minio-7.1.15-py3-none-any.whl.metadata (4.2 kB)
2025-08-21T09:28:40.0135612Z Requirement already satisfied: numpy>=1.9.3 in /opt/hostedtoolcache/Python/3.12.11/x64/lib/python3.12/site-packages (from keepa==1.3.15) (1.26.4)
2025-08-21T09:28:40.0140973Z Requirement already satisfied: requests>=2.2 in /opt/hostedtoolcache/Python/3.12.11/x64/lib/python3.12/site-packages (from keepa==1.3.15) (2.32.4)
2025-08-21T09:28:40.0568800Z Collecting tqdm (from keepa==1.3.15)
2025-08-21T09:28:40.0580265Z   Using cached tqdm-4.67.1-py3-none-any.whl.metadata (57 kB)
2025-08-21T09:28:40.5518193Z Collecting aiohttp (from keepa==1.3.15)
2025-08-21T09:28:40.5531969Z   Using cached aiohttp-3.12.15-cp312-cp312-manylinux_2_17_x86_64.manylinux2014_x86_64.whl.metadata (7.7 kB)
2025-08-21T09:28:40.5566696Z Requirement already satisfied: pandas<=3.0 in /opt/hostedtoolcache/Python/3.12.11/x64/lib/python3.12/site-packages (from keepa==1.3.15) (2.2.3)
2025-08-21T09:28:40.5570341Z Requirement already satisfied: pydantic in /opt/hostedtoolcache/Python/3.12.11/x64/lib/python3.12/site-packages (from keepa==1.3.15) (2.11.7)
2025-08-21T09:28:40.5578037Z Requirement already satisfied: certifi in /opt/hostedtoolcache/Python/3.12.11/x64/lib/python3.12/site-packages (from minio==7.1.15) (2025.8.3)
2025-08-21T09:28:40.5581319Z Requirement already satisfied: urllib3 in /opt/hostedtoolcache/Python/3.12.11/x64/lib/python3.12/site-packages (from minio==7.1.15) (2.5.0)
2025-08-21T09:28:40.5636846Z Requirement already satisfied: python-dateutil>=2.8.2 in /opt/hostedtoolcache/Python/3.12.11/x64/lib/python3.12/site-packages (from pandas<=3.0->keepa==1.3.15) (2.9.0.post0)
2025-08-21T09:28:40.5642021Z Requirement already satisfied: pytz>=2020.1 in /opt/hostedtoolcache/Python/3.12.11/x64/lib/python3.12/site-packages (from pandas<=3.0->keepa==1.3.15) (2025.2)
2025-08-21T09:28:40.5646625Z Requirement already satisfied: tzdata>=2022.7 in /opt/hostedtoolcache/Python/3.12.11/x64/lib/python3.12/site-packages (from pandas<=3.0->keepa==1.3.15) (2025.2)
2025-08-21T09:28:40.5772393Z Requirement already satisfied: six>=1.5 in /opt/hostedtoolcache/Python/3.12.11/x64/lib/python3.12/site-packages (from python-dateutil>=2.8.2->pandas<=3.0->keepa==1.3.15) (1.17.0)
2025-08-21T09:28:40.5791282Z Requirement already satisfied: charset_normalizer<4,>=2 in /opt/hostedtoolcache/Python/3.12.11/x64/lib/python3.12/site-packages (from requests>=2.2->keepa==1.3.15) (3.4.3)
2025-08-21T09:28:40.5797264Z Requirement already satisfied: idna<4,>=2.5 in /opt/hostedtoolcache/Python/3.12.11/x64/lib/python3.12/site-packages (from requests>=2.2->keepa==1.3.15) (3.10)
2025-08-21T09:28:40.6107290Z Collecting aiohappyeyeballs>=2.5.0 (from aiohttp->keepa==1.3.15)
2025-08-21T09:28:40.6118759Z   Using cached aiohappyeyeballs-2.6.1-py3-none-any.whl.metadata (5.9 kB)
2025-08-21T09:28:40.6321566Z Collecting aiosignal>=1.4.0 (from aiohttp->keepa==1.3.15)
2025-08-21T09:28:40.6332481Z   Using cached aiosignal-1.4.0-py3-none-any.whl.metadata (3.7 kB)
2025-08-21T09:28:40.6591348Z Collecting attrs>=17.3.0 (from aiohttp->keepa==1.3.15)
2025-08-21T09:28:40.6602458Z   Using cached attrs-25.3.0-py3-none-any.whl.metadata (10 kB)
2025-08-21T09:28:40.7374630Z Collecting frozenlist>=1.1.1 (from aiohttp->keepa==1.3.15)
2025-08-21T09:28:40.7386795Z   Using cached frozenlist-1.7.0-cp312-cp312-manylinux_2_5_x86_64.manylinux1_x86_64.manylinux_2_17_x86_64.manylinux2014_x86_64.whl.metadata (18 kB)
2025-08-21T09:28:40.9910756Z Collecting multidict<7.0,>=4.5 (from aiohttp->keepa==1.3.15)
2025-08-21T09:28:40.9924925Z   Using cached multidict-6.6.4-cp312-cp312-manylinux2014_x86_64.manylinux_2_17_x86_64.manylinux_2_28_x86_64.whl.metadata (5.3 kB)
2025-08-21T09:28:41.0446334Z Collecting propcache>=0.2.0 (from aiohttp->keepa==1.3.15)
2025-08-21T09:28:41.0458505Z   Using cached propcache-0.3.2-cp312-cp312-manylinux_2_17_x86_64.manylinux2014_x86_64.whl.metadata (12 kB)
2025-08-21T09:28:41.2989608Z Collecting yarl<2.0,>=1.17.0 (from aiohttp->keepa==1.3.15)
2025-08-21T09:28:41.3003147Z   Using cached yarl-1.20.1-cp312-cp312-manylinux_2_17_x86_64.manylinux2014_x86_64.whl.metadata (73 kB)
2025-08-21T09:28:41.3221130Z Requirement already satisfied: typing-extensions>=4.2 in /opt/hostedtoolcache/Python/3.12.11/x64/lib/python3.12/site-packages (from aiosignal>=1.4.0->aiohttp->keepa==1.3.15) (4.14.1)
2025-08-21T09:28:41.3269284Z Requirement already satisfied: annotated-types>=0.6.0 in /opt/hostedtoolcache/Python/3.12.11/x64/lib/python3.12/site-packages (from pydantic->keepa==1.3.15) (0.7.0)
2025-08-21T09:28:41.3275283Z Requirement already satisfied: pydantic-core==2.33.2 in /opt/hostedtoolcache/Python/3.12.11/x64/lib/python3.12/site-packages (from pydantic->keepa==1.3.15) (2.33.2)
2025-08-21T09:28:41.3282235Z Requirement already satisfied: typing-inspection>=0.4.0 in /opt/hostedtoolcache/Python/3.12.11/x64/lib/python3.12/site-packages (from pydantic->keepa==1.3.15) (0.4.1)
2025-08-21T09:28:41.3343194Z Using cached keepa-1.3.15-py3-none-any.whl (38 kB)
2025-08-21T09:28:41.3354453Z Using cached minio-7.1.15-py3-none-any.whl (77 kB)
2025-08-21T09:28:41.3365908Z Using cached aiohttp-3.12.15-cp312-cp312-manylinux_2_17_x86_64.manylinux2014_x86_64.whl (1.7 MB)
2025-08-21T09:28:41.3388745Z Using cached multidict-6.6.4-cp312-cp312-manylinux2014_x86_64.manylinux_2_17_x86_64.manylinux_2_28_x86_64.whl (256 kB)
2025-08-21T09:28:41.3400859Z Using cached yarl-1.20.1-cp312-cp312-manylinux_2_17_x86_64.manylinux2014_x86_64.whl (355 kB)
2025-08-21T09:28:41.3413740Z Using cached aiohappyeyeballs-2.6.1-py3-none-any.whl (15 kB)
2025-08-21T09:28:41.3424415Z Using cached aiosignal-1.4.0-py3-none-any.whl (7.5 kB)
2025-08-21T09:28:41.3434898Z Using cached attrs-25.3.0-py3-none-any.whl (63 kB)
2025-08-21T09:28:41.3446322Z Using cached frozenlist-1.7.0-cp312-cp312-manylinux_2_5_x86_64.manylinux1_x86_64.manylinux_2_17_x86_64.manylinux2014_x86_64.whl (241 kB)
2025-08-21T09:28:41.3458521Z Using cached propcache-0.3.2-cp312-cp312-manylinux_2_17_x86_64.manylinux2014_x86_64.whl (224 kB)
2025-08-21T09:28:41.3470130Z Using cached tqdm-4.67.1-py3-none-any.whl (78 kB)
2025-08-21T09:28:41.5274781Z Installing collected packages: tqdm, propcache, multidict, minio, frozenlist, attrs, aiohappyeyeballs, yarl, aiosignal, aiohttp, keepa
2025-08-21T09:28:41.6010113Z   Attempting uninstall: minio
2025-08-21T09:28:41.6072312Z     Found existing installation: minio 7.2.16
2025-08-21T09:28:41.6109148Z     Uninstalling minio-7.2.16:
2025-08-21T09:28:41.6119213Z       Successfully uninstalled minio-7.2.16
2025-08-21T09:28:41.9742425Z 
2025-08-21T09:28:41.9860140Z Successfully installed aiohappyeyeballs-2.6.1 aiohttp-3.12.15 aiosignal-1.4.0 attrs-25.3.0 frozenlist-1.7.0 keepa-1.3.15 minio-7.1.15 multidict-6.6.4 propcache-0.3.2 tqdm-4.67.1 yarl-1.20.1
2025-08-21T09:28:42.1383945Z ##[group]Run ruff check .
2025-08-21T09:28:42.1384208Z [36;1mruff check .[0m
2025-08-21T09:28:42.1384409Z [36;1mruff format --check .[0m
2025-08-21T09:28:42.1384622Z [36;1mvulture[0m
2025-08-21T09:28:42.1424482Z shell: /usr/bin/bash -e {0}
2025-08-21T09:28:42.1424700Z env:
2025-08-21T09:28:42.1424911Z   REDIS_URL: redis://localhost:6379/0
2025-08-21T09:28:42.1425166Z   RATE_LIMIT_DEFAULT: 100/minute
2025-08-21T09:28:42.1425396Z   TRUST_X_FORWARDED: 1
2025-08-21T09:28:42.1425594Z   PG_USER: postgres
2025-08-21T09:28:42.1425784Z   PG_PASSWORD: pass
2025-08-21T09:28:42.1425965Z   PG_DATABASE: awa
2025-08-21T09:28:42.1426148Z   PG_HOST: localhost
2025-08-21T09:28:42.1426335Z   PG_PORT: 5432
2025-08-21T09:28:42.1426760Z   PG_SYNC_DSN: ***localhost:5432/awa
2025-08-21T09:28:42.1427157Z   PG_ASYNC_DSN: ***localhost:5432/awa
2025-08-21T09:28:42.1427708Z   DATABASE_URL: ***localhost:5432/awa
2025-08-21T09:28:42.1427946Z   DATA_DIR: /tmp/awa-data
2025-08-21T09:28:42.1428370Z   ENABLE_LIVE: 0
2025-08-21T09:28:42.1428543Z   TESTING: 1
2025-08-21T09:28:42.1428771Z   pythonLocation: /opt/hostedtoolcache/Python/3.12.11/x64
2025-08-21T09:28:42.1429156Z   PKG_CONFIG_PATH: /opt/hostedtoolcache/Python/3.12.11/x64/lib/pkgconfig
2025-08-21T09:28:42.1429534Z   Python_ROOT_DIR: /opt/hostedtoolcache/Python/3.12.11/x64
2025-08-21T09:28:42.1429869Z   Python2_ROOT_DIR: /opt/hostedtoolcache/Python/3.12.11/x64
2025-08-21T09:28:42.1430209Z   Python3_ROOT_DIR: /opt/hostedtoolcache/Python/3.12.11/x64
2025-08-21T09:28:42.1430545Z   LD_LIBRARY_PATH: /opt/hostedtoolcache/Python/3.12.11/x64/lib
2025-08-21T09:28:42.1430828Z ##[endgroup]
2025-08-21T09:28:42.1712636Z All checks passed!
2025-08-21T09:28:42.1934841Z 256 files already formatted
2025-08-21T09:28:42.2490958Z ##[group]Run for i in {1..30}; do pg_isready -h "$PG_HOST" -p "$PG_PORT" -U "$PG_USER" -d "$PG_DATABASE" && break; sleep 1; done
2025-08-21T09:28:42.2491645Z [36;1mfor i in {1..30}; do pg_isready -h "$PG_HOST" -p "$PG_PORT" -U "$PG_USER" -d "$PG_DATABASE" && break; sleep 1; done[0m
2025-08-21T09:28:42.2531233Z shell: /usr/bin/bash -e {0}
2025-08-21T09:28:42.2531464Z env:
2025-08-21T09:28:42.2531665Z   REDIS_URL: redis://localhost:6379/0
2025-08-21T09:28:42.2531929Z   RATE_LIMIT_DEFAULT: 100/minute
2025-08-21T09:28:42.2532146Z   TRUST_X_FORWARDED: 1
2025-08-21T09:28:42.2532336Z   PG_USER: postgres
2025-08-21T09:28:42.2532527Z   PG_PASSWORD: pass
2025-08-21T09:28:42.2532710Z   PG_DATABASE: awa
2025-08-21T09:28:42.2532884Z   PG_HOST: localhost
2025-08-21T09:28:42.2533063Z   PG_PORT: 5432
2025-08-21T09:28:42.2533488Z   PG_SYNC_DSN: ***localhost:5432/awa
2025-08-21T09:28:42.2533886Z   PG_ASYNC_DSN: ***localhost:5432/awa
2025-08-21T09:28:42.2534301Z   DATABASE_URL: ***localhost:5432/awa
2025-08-21T09:28:42.2534529Z   DATA_DIR: /tmp/awa-data
2025-08-21T09:28:42.2534727Z   ENABLE_LIVE: 0
2025-08-21T09:28:42.2534901Z   TESTING: 1
2025-08-21T09:28:42.2535129Z   pythonLocation: /opt/hostedtoolcache/Python/3.12.11/x64
2025-08-21T09:28:42.2535528Z   PKG_CONFIG_PATH: /opt/hostedtoolcache/Python/3.12.11/x64/lib/pkgconfig
2025-08-21T09:28:42.2535904Z   Python_ROOT_DIR: /opt/hostedtoolcache/Python/3.12.11/x64
2025-08-21T09:28:42.2536243Z   Python2_ROOT_DIR: /opt/hostedtoolcache/Python/3.12.11/x64
2025-08-21T09:28:42.2536578Z   Python3_ROOT_DIR: /opt/hostedtoolcache/Python/3.12.11/x64
2025-08-21T09:28:42.2536918Z   LD_LIBRARY_PATH: /opt/hostedtoolcache/Python/3.12.11/x64/lib
2025-08-21T09:28:42.2537216Z ##[endgroup]
2025-08-21T09:28:42.3297766Z localhost:5432 - accepting connections
2025-08-21T09:28:42.3335233Z ##[group]Run psql -h "$PG_HOST" -p "$PG_PORT" -U "$PG_USER" -d "$PG_DATABASE" -c "SELECT 1"
2025-08-21T09:28:42.3335769Z [36;1mpsql -h "$PG_HOST" -p "$PG_PORT" -U "$PG_USER" -d "$PG_DATABASE" -c "SELECT 1"[0m
2025-08-21T09:28:42.3374758Z shell: /usr/bin/bash -e {0}
2025-08-21T09:28:42.3374980Z env:
2025-08-21T09:28:42.3375188Z   REDIS_URL: redis://localhost:6379/0
2025-08-21T09:28:42.3375462Z   RATE_LIMIT_DEFAULT: 100/minute
2025-08-21T09:28:42.3375706Z   TRUST_X_FORWARDED: 1
2025-08-21T09:28:42.3375894Z   PG_USER: postgres
2025-08-21T09:28:42.3376080Z   PG_PASSWORD: pass
2025-08-21T09:28:42.3376260Z   PG_DATABASE: awa
2025-08-21T09:28:42.3376433Z   PG_HOST: localhost
2025-08-21T09:28:42.3376615Z   PG_PORT: 5432
2025-08-21T09:28:42.3377054Z   PG_SYNC_DSN: ***localhost:5432/awa
2025-08-21T09:28:42.3377652Z   PG_ASYNC_DSN: ***localhost:5432/awa
2025-08-21T09:28:42.3378054Z   DATABASE_URL: ***localhost:5432/awa
2025-08-21T09:28:42.3378287Z   DATA_DIR: /tmp/awa-data
2025-08-21T09:28:42.3378529Z   ENABLE_LIVE: 0
2025-08-21T09:28:42.3378698Z   TESTING: 1
2025-08-21T09:28:42.3378934Z   pythonLocation: /opt/hostedtoolcache/Python/3.12.11/x64
2025-08-21T09:28:42.3379323Z   PKG_CONFIG_PATH: /opt/hostedtoolcache/Python/3.12.11/x64/lib/pkgconfig
2025-08-21T09:28:42.3379705Z   Python_ROOT_DIR: /opt/hostedtoolcache/Python/3.12.11/x64
2025-08-21T09:28:42.3380042Z   Python2_ROOT_DIR: /opt/hostedtoolcache/Python/3.12.11/x64
2025-08-21T09:28:42.3380591Z   Python3_ROOT_DIR: /opt/hostedtoolcache/Python/3.12.11/x64
2025-08-21T09:28:42.3380948Z   LD_LIBRARY_PATH: /opt/hostedtoolcache/Python/3.12.11/x64/lib
2025-08-21T09:28:42.3381243Z   PGPASSWORD: pass
2025-08-21T09:28:42.3381434Z ##[endgroup]
2025-08-21T09:28:42.4087040Z  ?column? 
2025-08-21T09:28:42.4088058Z ----------
2025-08-21T09:28:42.4088425Z         1
2025-08-21T09:28:42.4088804Z (1 row)
2025-08-21T09:28:42.4089100Z 
2025-08-21T09:28:42.4134076Z ##[group]Run alembic -c services/api/alembic.ini upgrade head
2025-08-21T09:28:42.4134512Z [36;1malembic -c services/api/alembic.ini upgrade head[0m
2025-08-21T09:28:42.4172473Z shell: /usr/bin/bash -e {0}
2025-08-21T09:28:42.4172692Z env:
2025-08-21T09:28:42.4172890Z   REDIS_URL: redis://localhost:6379/0
2025-08-21T09:28:42.4173148Z   RATE_LIMIT_DEFAULT: 100/minute
2025-08-21T09:28:42.4173366Z   TRUST_X_FORWARDED: 1
2025-08-21T09:28:42.4173564Z   PG_USER: postgres
2025-08-21T09:28:42.4173758Z   PG_PASSWORD: pass
2025-08-21T09:28:42.4173947Z   PG_DATABASE: awa
2025-08-21T09:28:42.4174132Z   PG_HOST: localhost
2025-08-21T09:28:42.4174317Z   PG_PORT: 5432
2025-08-21T09:28:42.4174729Z   PG_SYNC_DSN: ***localhost:5432/awa
2025-08-21T09:28:42.4175133Z   PG_ASYNC_DSN: ***localhost:5432/awa
2025-08-21T09:28:42.4175536Z   DATABASE_URL: ***localhost:5432/awa
2025-08-21T09:28:42.4175774Z   DATA_DIR: /tmp/awa-data
2025-08-21T09:28:42.4175981Z   ENABLE_LIVE: 0
2025-08-21T09:28:42.4176186Z   TESTING: 1
2025-08-21T09:28:42.4176435Z   pythonLocation: /opt/hostedtoolcache/Python/3.12.11/x64
2025-08-21T09:28:42.4176830Z   PKG_CONFIG_PATH: /opt/hostedtoolcache/Python/3.12.11/x64/lib/pkgconfig
2025-08-21T09:28:42.4177220Z   Python_ROOT_DIR: /opt/hostedtoolcache/Python/3.12.11/x64
2025-08-21T09:28:42.4177800Z   Python2_ROOT_DIR: /opt/hostedtoolcache/Python/3.12.11/x64
2025-08-21T09:28:42.4178146Z   Python3_ROOT_DIR: /opt/hostedtoolcache/Python/3.12.11/x64
2025-08-21T09:28:42.4178500Z   LD_LIBRARY_PATH: /opt/hostedtoolcache/Python/3.12.11/x64/lib
2025-08-21T09:28:42.4178803Z ##[endgroup]
2025-08-21T09:28:43.3469351Z INFO  [alembic.runtime.migration] Context impl PostgresqlImpl.
2025-08-21T09:28:43.3469813Z INFO  [alembic.runtime.migration] Will assume transactional DDL.
2025-08-21T09:28:43.3656882Z INFO  [alembic.runtime.migration] Running upgrade  -> 0001_baseline
2025-08-21T09:28:43.3810304Z INFO  [alembic.runtime.migration] Running upgrade 0001_baseline -> 0002_create_roi_view
2025-08-21T09:28:43.3836265Z INFO  [alembic.runtime.migration] Running upgrade 0002_create_roi_view -> 3e9d5c5aff2c
2025-08-21T09:28:43.3999584Z INFO  [alembic.runtime.migration] Running upgrade 3e9d5c5aff2c -> 0003_vendor_prices
2025-08-21T09:28:43.4148205Z INFO  [alembic.runtime.migration] Running upgrade 0003_vendor_prices -> 0004_fee_cron
2025-08-21T09:28:43.4221501Z INFO  [alembic.runtime.migration] Running upgrade 0004_fee_cron -> 0006_fix_roi_views
2025-08-21T09:28:43.4254353Z INFO  [alembic.runtime.migration] Running upgrade 0006_fix_roi_views -> 0020_unified_schema
2025-08-21T09:28:43.4371750Z INFO  [alembic.runtime.migration] Running upgrade 0020_unified_schema -> 0022_fix_roi_view
2025-08-21T09:28:43.4448671Z INFO  [alembic.runtime.migration] Running upgrade 0022_fix_roi_view -> 0023_add_storage_fee
2025-08-21T09:28:43.4493995Z INFO  [alembic.runtime.migration] Running upgrade 0023_add_storage_fee -> 0024_create_buybox
2025-08-21T09:28:43.4522640Z INFO  [alembic.runtime.migration] Running upgrade 0024_create_buybox -> 0025_pr4_indexes_loadlog
2025-08-21T09:28:43.4761611Z INFO  [alembic.runtime.migration] Running upgrade 0025_pr4_indexes_loadlog -> 0026_amazon_new_reports
2025-08-21T09:28:43.5687740Z ##[group]Run python -m mypy services || true
2025-08-21T09:28:43.5688118Z [36;1mpython -m mypy services || true[0m
2025-08-21T09:28:43.5727707Z shell: /usr/bin/bash -e {0}
2025-08-21T09:28:43.5727948Z env:
2025-08-21T09:28:43.5728144Z   REDIS_URL: redis://localhost:6379/0
2025-08-21T09:28:43.5728413Z   RATE_LIMIT_DEFAULT: 100/minute
2025-08-21T09:28:43.5728640Z   TRUST_X_FORWARDED: 1
2025-08-21T09:28:43.5729016Z   PG_USER: postgres
2025-08-21T09:28:43.5729208Z   PG_PASSWORD: pass
2025-08-21T09:28:43.5729386Z   PG_DATABASE: awa
2025-08-21T09:28:43.5729572Z   PG_HOST: localhost
2025-08-21T09:28:43.5729757Z   PG_PORT: 5432
2025-08-21T09:28:43.5730171Z   PG_SYNC_DSN: ***localhost:5432/awa
2025-08-21T09:28:43.5730562Z   PG_ASYNC_DSN: ***localhost:5432/awa
2025-08-21T09:28:43.5730933Z   DATABASE_URL: ***localhost:5432/awa
2025-08-21T09:28:43.5731165Z   DATA_DIR: /tmp/awa-data
2025-08-21T09:28:43.5731361Z   ENABLE_LIVE: 0
2025-08-21T09:28:43.5731534Z   TESTING: 1
2025-08-21T09:28:43.5731806Z   pythonLocation: /opt/hostedtoolcache/Python/3.12.11/x64
2025-08-21T09:28:43.5732206Z   PKG_CONFIG_PATH: /opt/hostedtoolcache/Python/3.12.11/x64/lib/pkgconfig
2025-08-21T09:28:43.5732593Z   Python_ROOT_DIR: /opt/hostedtoolcache/Python/3.12.11/x64
2025-08-21T09:28:43.5732984Z   Python2_ROOT_DIR: /opt/hostedtoolcache/Python/3.12.11/x64
2025-08-21T09:28:43.5733336Z   Python3_ROOT_DIR: /opt/hostedtoolcache/Python/3.12.11/x64
2025-08-21T09:28:43.5733685Z   LD_LIBRARY_PATH: /opt/hostedtoolcache/Python/3.12.11/x64/lib
2025-08-21T09:28:43.5733979Z ##[endgroup]
2025-08-21T09:29:14.3531353Z Success: no issues found in 99 source files
2025-08-21T09:29:14.3930331Z ##[group]Run pytest -q --cov=services --cov-report=xml
2025-08-21T09:29:14.3930718Z [36;1mpytest -q --cov=services --cov-report=xml[0m
2025-08-21T09:29:14.3970392Z shell: /usr/bin/bash -e {0}
2025-08-21T09:29:14.3970611Z env:
2025-08-21T09:29:14.3970809Z   REDIS_URL: redis://localhost:6379/0
2025-08-21T09:29:14.3971061Z   RATE_LIMIT_DEFAULT: 100/minute
2025-08-21T09:29:14.3971278Z   TRUST_X_FORWARDED: 1
2025-08-21T09:29:14.3971463Z   PG_USER: postgres
2025-08-21T09:29:14.3971650Z   PG_PASSWORD: pass
2025-08-21T09:29:14.3971833Z   PG_DATABASE: awa
2025-08-21T09:29:14.3972008Z   PG_HOST: localhost
2025-08-21T09:29:14.3972195Z   PG_PORT: 5432
2025-08-21T09:29:14.3972608Z   PG_SYNC_DSN: ***localhost:5432/awa
2025-08-21T09:29:14.3973092Z   PG_ASYNC_DSN: ***localhost:5432/awa
2025-08-21T09:29:14.3973482Z   DATABASE_URL: ***localhost:5432/awa
2025-08-21T09:29:14.3973712Z   DATA_DIR: /tmp/awa-data
2025-08-21T09:29:14.3973916Z   ENABLE_LIVE: 0
2025-08-21T09:29:14.3974094Z   TESTING: 1
2025-08-21T09:29:14.3974357Z   pythonLocation: /opt/hostedtoolcache/Python/3.12.11/x64
2025-08-21T09:29:14.3974741Z   PKG_CONFIG_PATH: /opt/hostedtoolcache/Python/3.12.11/x64/lib/pkgconfig
2025-08-21T09:29:14.3975121Z   Python_ROOT_DIR: /opt/hostedtoolcache/Python/3.12.11/x64
2025-08-21T09:29:14.3975461Z   Python2_ROOT_DIR: /opt/hostedtoolcache/Python/3.12.11/x64
2025-08-21T09:29:14.3975806Z   Python3_ROOT_DIR: /opt/hostedtoolcache/Python/3.12.11/x64
2025-08-21T09:29:14.3976147Z   LD_LIBRARY_PATH: /opt/hostedtoolcache/Python/3.12.11/x64/lib
2025-08-21T09:29:14.3976438Z ##[endgroup]
2025-08-21T09:29:45.1003192Z ........s.............................sssssss........................... [ 41%]
2025-08-21T09:30:17.0106736Z ........................................................................ [ 83%]
2025-08-21T09:30:18.2463113Z .............................                                            [100%]
2025-08-21T09:30:18.2463724Z =============================== warnings summary ===============================
2025-08-21T09:30:18.2465944Z ../../../../../opt/hostedtoolcache/Python/3.12.11/x64/lib/python3.12/site-packages/pydantic/fields.py:1093
2025-08-21T09:30:18.2469178Z   /opt/hostedtoolcache/Python/3.12.11/x64/lib/python3.12/site-packages/pydantic/fields.py:1093: PydanticDeprecatedSince20: Using extra keyword arguments on `Field` is deprecated and will be removed. Use `json_schema_extra` instead. (Extra keys: 'strip_whitespace'). Deprecated in Pydantic V2.0 to be removed in V3.0. See Pydantic V2 Migration Guide at https://errors.pydantic.dev/2.11/migration/
2025-08-21T09:30:18.2471194Z     warn(
2025-08-21T09:30:18.2471301Z 
2025-08-21T09:30:18.2471408Z services/alert_bot/tests/test_smoke.py:5
2025-08-21T09:30:18.2472665Z   /home/runner/work/AWA-App/AWA-App/services/alert_bot/tests/test_smoke.py:5: UserWarning: pkg_resources is deprecated as an API. See https://setuptools.pypa.io/en/latest/pkg_resources.html. The pkg_resources package is slated for removal as early as 2025-11-30. Refrain from using this package or pin to Setuptools<81.
2025-08-21T09:30:18.2474145Z     import pkg_resources  # noqa: F401
2025-08-21T09:30:18.2474314Z 
2025-08-21T09:30:18.2474436Z tests/api/test_ingest_endpoints.py: 12 warnings
2025-08-21T09:30:18.2474730Z tests/ingest/test_tasks_eager.py: 3 warnings
2025-08-21T09:30:18.2475037Z tests/test_api_fast.py: 1 warning
2025-08-21T09:30:18.2475268Z tests/test_health.py: 5 warnings
2025-08-21T09:30:18.2475490Z tests/test_smoke.py: 5 warnings
2025-08-21T09:30:18.2475723Z services/api/tests/test_cors.py: 1 warning
2025-08-21T09:30:18.2476003Z services/api/tests/test_errors_json.py: 2 warnings
2025-08-21T09:30:18.2476291Z services/api/tests/test_health.py: 1 warning
2025-08-21T09:30:18.2476567Z services/api/tests/test_rate_limit.py: 122 warnings
2025-08-21T09:30:18.2476874Z services/api/tests/test_roi_basic_auth.py: 4 warnings
2025-08-21T09:30:18.2477191Z services/api/tests/test_sentry_event.py: 1 warning
2025-08-21T09:30:18.2477705Z services/api/tests/test_stats_contracts.py: 3 warnings
2025-08-21T09:30:18.2478283Z services/api/tests/test_stats_future_contracts.py: 3 warnings
2025-08-21T09:30:18.2478711Z Sentry is attempting to send 0 pending events
2025-08-21T09:30:18.2478977Z Waiting up to True seconds
2025-08-21T09:30:18.2479183Z Press Ctrl-C to quit
2025-08-21T09:30:18.2480415Z   /opt/hostedtoolcache/Python/3.12.11/x64/lib/python3.12/site-packages/asgi_correlation_id/extensions/sentry.py:27: DeprecationWarning: sentry_sdk.configure_scope is deprecated and will be removed in the next major version. Please consult our migration guide to learn how to migrate to the new API: https://docs.sentry.io/platforms/python/migration/1.x-to-2.x#scope-configuring
2025-08-21T09:30:18.2481663Z     with configure_scope() as scope:
2025-08-21T09:30:18.2481828Z 
2025-08-21T09:30:18.2481936Z tests/api/test_ingest_endpoints.py: 3 warnings
2025-08-21T09:30:18.2482208Z tests/test_api_fast.py: 1 warning
2025-08-21T09:30:18.2482433Z tests/test_health.py: 5 warnings
2025-08-21T09:30:18.2482663Z tests/test_smoke.py: 5 warnings
2025-08-21T09:30:18.2482897Z services/api/tests/test_cors.py: 3 warnings
2025-08-21T09:30:18.2483184Z services/api/tests/test_errors_json.py: 2 warnings
2025-08-21T09:30:18.2483460Z services/api/tests/test_health.py: 1 warning
2025-08-21T09:30:18.2483737Z services/api/tests/test_rate_limit.py: 2 warnings
2025-08-21T09:30:18.2484029Z services/api/tests/test_sentry_event.py: 1 warning
2025-08-21T09:30:18.2484339Z services/api/tests/test_stats_contracts.py: 3 warnings
2025-08-21T09:30:18.2484685Z services/api/tests/test_stats_future_contracts.py: 1 warning
2025-08-21T09:30:18.2485514Z   /opt/hostedtoolcache/Python/3.12.11/x64/lib/python3.12/site-packages/fastapi_limiter/__init__.py:89: DeprecationWarning: Call to deprecated close. (Use aclose() instead) -- Deprecated since version 5.0.1.
2025-08-21T09:30:18.2486264Z     await cls.redis.close()
2025-08-21T09:30:18.2486398Z 
2025-08-21T09:30:18.2486533Z tests/test_api_fast.py::test_health_endpoint
2025-08-21T09:30:18.2487689Z   /home/runner/work/AWA-App/AWA-App/tests/test_api_fast.py:13: DeprecationWarning: datetime.datetime.utcnow() is deprecated and scheduled for removal in a future version. Use timezone-aware objects to represent datetimes in UTC: datetime.datetime.now(datetime.UTC).
2025-08-21T09:30:18.2488627Z     return datetime.datetime.utcnow()
2025-08-21T09:30:18.2488795Z 
2025-08-21T09:30:18.2488886Z tests/test_api_fast.py: 1 warning
2025-08-21T09:30:18.2489112Z tests/test_health.py: 5 warnings
2025-08-21T09:30:18.2489332Z tests/test_smoke.py: 5 warnings
2025-08-21T09:30:18.2489562Z services/api/tests/test_cors.py: 1 warning
2025-08-21T09:30:18.2489823Z services/api/tests/test_health.py: 1 warning
2025-08-21T09:30:18.2490105Z services/api/tests/test_rate_limit.py: 102 warnings
2025-08-21T09:30:18.2491109Z   /home/runner/work/AWA-App/AWA-App/services/api/routes/health.py:24: DeprecationWarning: datetime.datetime.utcnow() is deprecated and scheduled for removal in a future version. Use timezone-aware objects to represent datetimes in UTC: datetime.datetime.now(datetime.UTC).
2025-08-21T09:30:18.2492272Z     app_now = datetime.utcnow().replace(tzinfo=timezone.utc)
2025-08-21T09:30:18.2492482Z 
2025-08-21T09:30:18.2492573Z tests/test_health.py::test_health[0]
2025-08-21T09:30:18.2492812Z tests/test_health.py::test_health[1]
2025-08-21T09:30:18.2493041Z tests/test_health.py::test_health[2]
2025-08-21T09:30:18.2493304Z tests/test_health.py::test_health[3]
2025-08-21T09:30:18.2493530Z tests/test_health.py::test_health[4]
2025-08-21T09:30:18.2494437Z   /home/runner/work/AWA-App/AWA-App/tests/test_health.py:22: DeprecationWarning: datetime.datetime.utcnow() is deprecated and scheduled for removal in a future version. Use timezone-aware objects to represent datetimes in UTC: datetime.datetime.now(datetime.UTC).
2025-08-21T09:30:18.2495376Z     return datetime.datetime.utcnow()
2025-08-21T09:30:18.2495540Z 
2025-08-21T09:30:18.2495627Z tests/test_smoke.py::test_health[0]
2025-08-21T09:30:18.2495868Z tests/test_smoke.py::test_health[1]
2025-08-21T09:30:18.2496221Z tests/test_smoke.py::test_health[2]
2025-08-21T09:30:18.2496455Z tests/test_smoke.py::test_health[3]
2025-08-21T09:30:18.2496675Z tests/test_smoke.py::test_health[4]
2025-08-21T09:30:18.2497760Z   /home/runner/work/AWA-App/AWA-App/tests/test_smoke.py:32: DeprecationWarning: datetime.datetime.utcnow() is deprecated and scheduled for removal in a future version. Use timezone-aware objects to represent datetimes in UTC: datetime.datetime.now(datetime.UTC).
2025-08-21T09:30:18.2498679Z     return datetime.datetime.utcnow()
2025-08-21T09:30:18.2498838Z 
2025-08-21T09:30:18.2498999Z services/api/tests/test_cors.py::test_cors_simple_get_allowed
2025-08-21T09:30:18.2500019Z   /home/runner/work/AWA-App/AWA-App/services/api/tests/test_cors.py:27: DeprecationWarning: datetime.datetime.utcnow() is deprecated and scheduled for removal in a future version. Use timezone-aware objects to represent datetimes in UTC: datetime.datetime.now(datetime.UTC).
2025-08-21T09:30:18.2500983Z     return datetime.datetime.utcnow()
2025-08-21T09:30:18.2501142Z 
2025-08-21T09:30:18.2501270Z services/api/tests/test_health.py::test_health_route
2025-08-21T09:30:18.2502273Z   /home/runner/work/AWA-App/AWA-App/services/api/tests/test_health.py:14: DeprecationWarning: datetime.datetime.utcnow() is deprecated and scheduled for removal in a future version. Use timezone-aware objects to represent datetimes in UTC: datetime.datetime.now(datetime.UTC).
2025-08-21T09:30:18.2503242Z     return datetime.datetime.utcnow()
2025-08-21T09:30:18.2503408Z 
2025-08-21T09:30:18.2503520Z services/api/tests/test_rate_limit.py: 102 warnings
2025-08-21T09:30:18.2504518Z   /home/runner/work/AWA-App/AWA-App/services/api/tests/test_rate_limit.py:33: DeprecationWarning: datetime.datetime.utcnow() is deprecated and scheduled for removal in a future version. Use timezone-aware objects to represent datetimes in UTC: datetime.datetime.now(datetime.UTC).
2025-08-21T09:30:18.2505495Z     return datetime.datetime.utcnow()
2025-08-21T09:30:18.2505649Z 
2025-08-21T09:30:18.2505880Z services/api/tests/test_sentry_event.py::test_unhandled_exception_is_captured_and_tagged
2025-08-21T09:30:18.2507170Z   /home/runner/work/AWA-App/AWA-App/services/api/tests/test_sentry_event.py:47: SentryHubDeprecationWarning: `sentry_sdk.Hub` is deprecated and will be removed in a future major release. Please consult our 1.x to 2.x migration guide for details on how to migrate `Hub` usage to the new API: https://docs.sentry.io/platforms/python/migration/1.x-to-2.x
2025-08-21T09:30:18.2508577Z     hub = sentry_sdk.Hub.current
2025-08-21T09:30:18.2508723Z 
2025-08-21T09:30:18.2508906Z -- Docs: https://docs.pytest.org/en/stable/how-to/capture-warnings.html
2025-08-21T09:30:18.2509276Z ================================ tests coverage ================================
2025-08-21T09:30:18.2509630Z _______________ coverage: platform linux, python 3.12.11-final-0 _______________
2025-08-21T09:30:18.2510025Z 
2025-08-21T09:30:18.2510119Z Coverage XML written to file coverage.xml
2025-08-21T09:30:18.6887099Z ##[group]Run actions/upload-artifact@v4
2025-08-21T09:30:18.6887645Z with:
2025-08-21T09:30:18.6887820Z   name: coverage
2025-08-21T09:30:18.6888012Z   path: coverage.xml
2025-08-21T09:30:18.6888210Z   if-no-files-found: warn
2025-08-21T09:30:18.6888414Z   compression-level: 6
2025-08-21T09:30:18.6888605Z   overwrite: false
2025-08-21T09:30:18.6888794Z   include-hidden-files: false
2025-08-21T09:30:18.6889000Z env:
2025-08-21T09:30:18.6889185Z   REDIS_URL: redis://localhost:6379/0
2025-08-21T09:30:18.6889432Z   RATE_LIMIT_DEFAULT: 100/minute
2025-08-21T09:30:18.6889648Z   TRUST_X_FORWARDED: 1
2025-08-21T09:30:18.6889830Z   PG_USER: postgres
2025-08-21T09:30:18.6890012Z   PG_PASSWORD: pass
2025-08-21T09:30:18.6890194Z   PG_DATABASE: awa
2025-08-21T09:30:18.6890365Z   PG_HOST: localhost
2025-08-21T09:30:18.6890558Z   PG_PORT: 5432
2025-08-21T09:30:18.6890962Z   PG_SYNC_DSN: ***localhost:5432/awa
2025-08-21T09:30:18.6891352Z   PG_ASYNC_DSN: ***localhost:5432/awa
2025-08-21T09:30:18.6891748Z   DATABASE_URL: ***localhost:5432/awa
2025-08-21T09:30:18.6891971Z   DATA_DIR: /tmp/awa-data
2025-08-21T09:30:18.6892168Z   ENABLE_LIVE: 0
2025-08-21T09:30:18.6892346Z   TESTING: 1
2025-08-21T09:30:18.6892575Z   pythonLocation: /opt/hostedtoolcache/Python/3.12.11/x64
2025-08-21T09:30:18.6892964Z   PKG_CONFIG_PATH: /opt/hostedtoolcache/Python/3.12.11/x64/lib/pkgconfig
2025-08-21T09:30:18.6893344Z   Python_ROOT_DIR: /opt/hostedtoolcache/Python/3.12.11/x64
2025-08-21T09:30:18.6893684Z   Python2_ROOT_DIR: /opt/hostedtoolcache/Python/3.12.11/x64
2025-08-21T09:30:18.6894022Z   Python3_ROOT_DIR: /opt/hostedtoolcache/Python/3.12.11/x64
2025-08-21T09:30:18.6894363Z   LD_LIBRARY_PATH: /opt/hostedtoolcache/Python/3.12.11/x64/lib
2025-08-21T09:30:18.6894648Z ##[endgroup]
2025-08-21T09:30:18.9099626Z With the provided path, there will be 1 file uploaded
2025-08-21T09:30:18.9105082Z Artifact name is valid!
2025-08-21T09:30:18.9106226Z Root directory input is valid!
2025-08-21T09:30:19.0915361Z Beginning upload of artifact content to blob storage
2025-08-21T09:30:19.2738712Z Uploaded bytes 5441
2025-08-21T09:30:19.3232049Z Finished uploading artifact content to blob storage!
2025-08-21T09:30:19.3235521Z SHA256 digest of uploaded artifact zip is 575827f047e7e564296aadf10798e6decb2ce746ad86fe34b3f6cdc2114283c0
2025-08-21T09:30:19.3237883Z Finalizing artifact upload
2025-08-21T09:30:19.5261611Z Artifact coverage.zip successfully finalized. Artifact ID 3817254361
2025-08-21T09:30:19.5262438Z Artifact coverage has been successfully uploaded! Final size is 5441 bytes. Artifact ID is 3817254361
2025-08-21T09:30:19.5269612Z Artifact download URL: https://github.com/AlexBomber12/AWA-App/actions/runs/17122875571/artifacts/3817254361
2025-08-21T09:30:19.5383564Z Post job cleanup.
2025-08-21T09:30:19.6874477Z Cache hit occurred on the primary key setup-python-Linux-x64-24.04-Ubuntu-python-3.12.11-pip-cc13ccef493b9f3a93ad5651164d9fb09282c1111f6f72ce20e0657de16de6b4, not saving cache.
2025-08-21T09:30:19.6988337Z Post job cleanup.
2025-08-21T09:30:19.7774112Z [command]/usr/bin/git version
2025-08-21T09:30:19.7809428Z git version 2.51.0
2025-08-21T09:30:19.7846076Z Temporarily overriding HOME='/home/runner/work/_temp/76252c88-e513-40a9-bba2-b593a09cbc1a' before making global git config changes
2025-08-21T09:30:19.7847356Z Adding repository directory to the temporary git global config as a safe directory
2025-08-21T09:30:19.7852200Z [command]/usr/bin/git config --global --add safe.directory /home/runner/work/AWA-App/AWA-App
2025-08-21T09:30:19.7886963Z [command]/usr/bin/git config --local --name-only --get-regexp core\.sshCommand
2025-08-21T09:30:19.7919034Z [command]/usr/bin/git submodule foreach --recursive sh -c "git config --local --name-only --get-regexp 'core\.sshCommand' && git config --local --unset-all 'core.sshCommand' || :"
2025-08-21T09:30:19.8149691Z [command]/usr/bin/git config --local --name-only --get-regexp http\.https\:\/\/github\.com\/\.extraheader
2025-08-21T09:30:19.8170791Z http.https://github.com/.extraheader
2025-08-21T09:30:19.8180387Z [command]/usr/bin/git config --local --unset-all http.https://github.com/.extraheader
2025-08-21T09:30:19.8210116Z [command]/usr/bin/git submodule foreach --recursive sh -c "git config --local --name-only --get-regexp 'http\.https\:\/\/github\.com\/\.extraheader' && git config --local --unset-all 'http.https://github.com/.extraheader' || :"
2025-08-21T09:30:19.8522533Z Print service container logs: 3156e4be303840a680b7c9b7106d4163_postgres15_83802b
2025-08-21T09:30:19.8527192Z ##[command]/usr/bin/docker logs --details 9abd7ea29a641a84c168953e45137a7ef794147937e598ce2ade15bdcf9a8b01
2025-08-21T09:30:19.8648277Z  The files belonging to this database system will be owned by user "postgres".
2025-08-21T09:30:19.8651517Z  initdb: warning: enabling "trust" authentication for local connections
2025-08-21T09:30:19.8652602Z  initdb: hint: You can change this by editing pg_hba.conf or using the option -A, or --auth-local and --auth-host, the next time you run initdb.
2025-08-21T09:30:19.8654010Z  2025-08-21 09:27:53.931 UTC [1] LOG:  starting PostgreSQL 15.14 (Debian 15.14-1.pgdg13+1) on x86_64-pc-linux-gnu, compiled by gcc (Debian 14.2.0-19) 14.2.0, 64-bit
2025-08-21T09:30:19.8655062Z  2025-08-21 09:27:53.932 UTC [1] LOG:  listening on IPv4 address "0.0.0.0", port 5432
2025-08-21T09:30:19.8655808Z  2025-08-21 09:27:53.932 UTC [1] LOG:  listening on IPv6 address "::", port 5432
2025-08-21T09:30:19.8656564Z  2025-08-21 09:27:53.933 UTC [1] LOG:  listening on Unix socket "/var/run/postgresql/.s.PGSQL.5432"
2025-08-21T09:30:19.8657381Z  2025-08-21 09:27:53.936 UTC [64] LOG:  database system was shut down at 2025-08-21 09:27:53 UTC
2025-08-21T09:30:19.8658276Z  2025-08-21 09:27:53.940 UTC [1] LOG:  database system is ready to accept connections
2025-08-21T09:30:19.8658846Z  This user must also own the server process.
2025-08-21T09:30:19.8659263Z  
2025-08-21T09:30:19.8659675Z  The database cluster will be initialized with locale "en_US.utf8".
2025-08-21T09:30:19.8660348Z  The default database encoding has accordingly been set to "UTF8".
2025-08-21T09:30:19.8660999Z  The default text search configuration will be set to "english".
2025-08-21T09:30:19.8661498Z  
2025-08-21T09:30:19.8661780Z  Data page checksums are disabled.
2025-08-21T09:30:19.8662142Z  
2025-08-21T09:30:19.8662591Z  fixing permissions on existing directory /var/lib/postgresql/data ... ok
2025-08-21T09:30:19.8663202Z  creating subdirectories ... ok
2025-08-21T09:30:19.8663676Z  selecting dynamic shared memory implementation ... posix
2025-08-21T09:30:19.8664207Z  selecting default max_connections ... 100
2025-08-21T09:30:19.8664665Z  selecting default shared_buffers ... 128MB
2025-08-21T09:30:19.8665107Z  selecting default time zone ... Etc/UTC
2025-08-21T09:30:19.8665529Z  creating configuration files ... ok
2025-08-21T09:30:19.8666431Z  running bootstrap script ... ok
2025-08-21T09:30:19.8666951Z  performing post-bootstrap initialization ... ok
2025-08-21T09:30:19.8667655Z  syncing data to disk ... ok
2025-08-21T09:30:19.8668036Z  
2025-08-21T09:30:19.8668293Z  
2025-08-21T09:30:19.8668639Z  Success. You can now start the database server using:
2025-08-21T09:30:19.8669075Z  
2025-08-21T09:30:19.8669296Z      pg_ctl -D /var/lib/postgresql/data -l logfile start
2025-08-21T09:30:19.8669571Z  
2025-08-21T09:30:19.8670219Z  waiting for server to start....2025-08-21 09:27:53.626 UTC [48] LOG:  starting PostgreSQL 15.14 (Debian 15.14-1.pgdg13+1) on x86_64-pc-linux-gnu, compiled by gcc (Debian 14.2.0-19) 14.2.0, 64-bit
2025-08-21T09:30:19.8670982Z  2025-08-21 09:27:53.627 UTC [48] LOG:  listening on Unix socket "/var/run/postgresql/.s.PGSQL.5432"
2025-08-21T09:30:19.8671473Z  2025-08-21 09:27:53.630 UTC [51] LOG:  database system was shut down at 2025-08-21 09:27:53 UTC
2025-08-21T09:30:19.8671916Z  2025-08-21 09:27:53.634 UTC [48] LOG:  database system is ready to accept connections
2025-08-21T09:30:19.8672462Z   done
2025-08-21T09:30:19.8672623Z  server started
2025-08-21T09:30:19.8672804Z  CREATE DATABASE
2025-08-21T09:30:19.8672974Z  
2025-08-21T09:30:19.8673119Z  
2025-08-21T09:30:19.8673409Z  /usr/local/bin/docker-entrypoint.sh: ignoring /docker-entrypoint-initdb.d/*
2025-08-21T09:30:19.8673760Z  
2025-08-21T09:30:19.8673980Z  2025-08-21 09:27:53.812 UTC [48] LOG:  received fast shutdown request
2025-08-21T09:30:19.8674620Z  waiting for server to shut down....2025-08-21 09:27:53.813 UTC [48] LOG:  aborting any active transactions
2025-08-21T09:30:19.8675224Z  2025-08-21 09:27:53.814 UTC [48] LOG:  background worker "logical replication launcher" (PID 54) exited with exit code 1
2025-08-21T09:30:19.8675685Z  2025-08-21 09:27:53.814 UTC [49] LOG:  shutting down
2025-08-21T09:30:19.8676022Z  2025-08-21 09:27:53.815 UTC [49] LOG:  checkpoint starting: shutdown immediate
2025-08-21T09:30:19.8676838Z  2025-08-21 09:27:53.832 UTC [49] LOG:  checkpoint complete: wrote 922 buffers (5.6%); 0 WAL file(s) added, 0 removed, 0 recycled; write=0.014 s, sync=0.002 s, total=0.018 s; sync files=301, longest=0.001 s, average=0.001 s; distance=4239 kB, estimate=4239 kB
2025-08-21T09:30:19.8677846Z  2025-08-21 09:27:53.838 UTC [48] LOG:  database system is shut down
2025-08-21T09:30:19.8678137Z   done
2025-08-21T09:30:19.8678301Z  server stopped
2025-08-21T09:30:19.8678474Z  
2025-08-21T09:30:19.8678700Z  PostgreSQL init process complete; ready for start up.
2025-08-21T09:30:19.8678978Z  
2025-08-21T09:30:19.8684659Z Stop and remove container: 3156e4be303840a680b7c9b7106d4163_postgres15_83802b
2025-08-21T09:30:19.8689547Z ##[command]/usr/bin/docker rm --force 9abd7ea29a641a84c168953e45137a7ef794147937e598ce2ade15bdcf9a8b01
2025-08-21T09:30:19.9937731Z 9abd7ea29a641a84c168953e45137a7ef794147937e598ce2ade15bdcf9a8b01
2025-08-21T09:30:19.9959099Z Print service container logs: 52a95b140b344393b7739ddccb9c2a89_redis7alpine_11b3e0
2025-08-21T09:30:19.9960189Z ##[command]/usr/bin/docker logs --details 7ee316f8abe33ba507c3f7e21e00e484b5e55301fe4bef632b825b3d1a247a93
2025-08-21T09:30:20.0076894Z  1:C 21 Aug 2025 09:27:54.759 # WARNING Memory overcommit must be enabled! Without it, a background save or replication may fail under low memory condition. Being disabled, it can also cause failures without low memory condition, see https://github.com/jemalloc/jemalloc/issues/1328. To fix this issue add 'vm.overcommit_memory = 1' to /etc/sysctl.conf and then reboot or run the command 'sysctl vm.overcommit_memory=1' for this to take effect.
2025-08-21T09:30:20.0079395Z  1:C 21 Aug 2025 09:27:54.760 * oO0OoO0OoO0Oo Redis is starting oO0OoO0OoO0Oo
2025-08-21T09:30:20.0079910Z  1:C 21 Aug 2025 09:27:54.760 * Redis version=7.4.5, bits=64, commit=00000000, modified=0, pid=1, just started
2025-08-21T09:30:20.0080618Z  1:C 21 Aug 2025 09:27:54.760 # Warning: no config file specified, using the default config. In order to specify a config file use redis-server /path/to/redis.conf
2025-08-21T09:30:20.0081219Z  1:M 21 Aug 2025 09:27:54.760 * monotonic clock: POSIX clock_gettime
2025-08-21T09:30:20.0081580Z  1:M 21 Aug 2025 09:27:54.761 * Running mode=standalone, port=6379.
2025-08-21T09:30:20.0081894Z  1:M 21 Aug 2025 09:27:54.761 * Server initialized
2025-08-21T09:30:20.0082198Z  1:M 21 Aug 2025 09:27:54.761 * Ready to accept connections tcp
2025-08-21T09:30:20.0088801Z Stop and remove container: 52a95b140b344393b7739ddccb9c2a89_redis7alpine_11b3e0
2025-08-21T09:30:20.0089513Z ##[command]/usr/bin/docker rm --force 7ee316f8abe33ba507c3f7e21e00e484b5e55301fe4bef632b825b3d1a247a93
2025-08-21T09:30:20.1259110Z 7ee316f8abe33ba507c3f7e21e00e484b5e55301fe4bef632b825b3d1a247a93
2025-08-21T09:30:20.1281692Z Remove container network: github_network_6515f4c23d8e4f7d85ed9f1609a883fb
2025-08-21T09:30:20.1285868Z ##[command]/usr/bin/docker network rm github_network_6515f4c23d8e4f7d85ed9f1609a883fb
2025-08-21T09:30:20.2583275Z github_network_6515f4c23d8e4f7d85ed9f1609a883fb
2025-08-21T09:30:20.2641540Z Cleaning up orphan processes
