2025-08-20T14:05:41.9866905Z Current runner version: '2.327.1'
2025-08-20T14:05:41.9890992Z ##[group]Runner Image Provisioner
2025-08-20T14:05:41.9892144Z Hosted Compute Agent
2025-08-20T14:05:41.9892689Z Version: 20250818.377
2025-08-20T14:05:41.9893299Z Commit: 3c593e9f75fe0b87e893bca80d6e12ba089c61fc
2025-08-20T14:05:41.9894041Z Build Date: 2025-08-18T14:52:18Z
2025-08-20T14:05:41.9894626Z ##[endgroup]
2025-08-20T14:05:41.9895191Z ##[group]Operating System
2025-08-20T14:05:41.9895700Z Ubuntu
2025-08-20T14:05:41.9896239Z 24.04.2
2025-08-20T14:05:41.9896660Z LTS
2025-08-20T14:05:41.9897091Z ##[endgroup]
2025-08-20T14:05:41.9898001Z ##[group]Runner Image
2025-08-20T14:05:41.9898682Z Image: ubuntu-24.04
2025-08-20T14:05:41.9899169Z Version: 20250810.1.0
2025-08-20T14:05:41.9900224Z Included Software: https://github.com/actions/runner-images/blob/ubuntu24/20250810.1/images/ubuntu/Ubuntu2404-Readme.md
2025-08-20T14:05:41.9901731Z Image Release: https://github.com/actions/runner-images/releases/tag/ubuntu24%2F20250810.1
2025-08-20T14:05:41.9902768Z ##[endgroup]
2025-08-20T14:05:41.9906338Z ##[group]GITHUB_TOKEN Permissions
2025-08-20T14:05:41.9909245Z Actions: write
2025-08-20T14:05:41.9909778Z Attestations: write
2025-08-20T14:05:41.9910285Z Checks: write
2025-08-20T14:05:41.9910842Z Contents: write
2025-08-20T14:05:41.9911362Z Deployments: write
2025-08-20T14:05:41.9911897Z Discussions: write
2025-08-20T14:05:41.9912390Z Issues: write
2025-08-20T14:05:41.9912882Z Metadata: read
2025-08-20T14:05:41.9913317Z Models: read
2025-08-20T14:05:41.9913829Z Packages: write
2025-08-20T14:05:41.9914309Z Pages: write
2025-08-20T14:05:41.9914795Z PullRequests: write
2025-08-20T14:05:41.9915332Z RepositoryProjects: write
2025-08-20T14:05:41.9915976Z SecurityEvents: write
2025-08-20T14:05:41.9916627Z Statuses: write
2025-08-20T14:05:41.9917106Z ##[endgroup]
2025-08-20T14:05:41.9919899Z Secret source: Actions
2025-08-20T14:05:41.9920890Z Prepare workflow directory
2025-08-20T14:05:42.0366916Z Prepare all required actions
2025-08-20T14:05:42.0405233Z Getting action download info
2025-08-20T14:05:42.3229782Z Download action repository 'actions/checkout@v4' (SHA:08eba0b27e820071cde6df949e0beb9ba4906955)
2025-08-20T14:05:42.6269222Z Download action repository 'actions/setup-python@v5' (SHA:a26af69be951a213d495a4c3e4e4022e16d87065)
2025-08-20T14:05:42.9571947Z Download action repository 'actions/upload-artifact@v4' (SHA:ea165f8d65b6e75b540449e92b4886f43607fa02)
2025-08-20T14:05:43.1543510Z Complete job name: unit
2025-08-20T14:05:43.2066871Z ##[group]Checking docker version
2025-08-20T14:05:43.2080086Z ##[command]/usr/bin/docker version --format '{{.Server.APIVersion}}'
2025-08-20T14:05:43.3062237Z '1.48'
2025-08-20T14:05:43.3075182Z Docker daemon API version: '1.48'
2025-08-20T14:05:43.3076042Z ##[command]/usr/bin/docker version --format '{{.Client.APIVersion}}'
2025-08-20T14:05:43.3242816Z '1.48'
2025-08-20T14:05:43.3255453Z Docker client API version: '1.48'
2025-08-20T14:05:43.3261695Z ##[endgroup]
2025-08-20T14:05:43.3265399Z ##[group]Clean up resources from previous jobs
2025-08-20T14:05:43.3271113Z ##[command]/usr/bin/docker ps --all --quiet --no-trunc --filter "label=69e489"
2025-08-20T14:05:43.3423508Z ##[command]/usr/bin/docker network prune --force --filter "label=69e489"
2025-08-20T14:05:43.3561041Z ##[endgroup]
2025-08-20T14:05:43.3561590Z ##[group]Create local container network
2025-08-20T14:05:43.3572457Z ##[command]/usr/bin/docker network create --label 69e489 github_network_5a6702e233bb444bb05e9b9ed3bae3e1
2025-08-20T14:05:43.4063479Z 7e69a4bd2a2981c4fa9866b602be429730eb8a55c87515d330d862a31683ad32
2025-08-20T14:05:43.4082787Z ##[endgroup]
2025-08-20T14:05:43.4106974Z ##[group]Starting postgres service container
2025-08-20T14:05:43.4126246Z ##[command]/usr/bin/docker pull postgres:15
2025-08-20T14:05:43.6765831Z 15: Pulling from library/postgres
2025-08-20T14:05:43.7391570Z 396b1da7636e: Pulling fs layer
2025-08-20T14:05:43.7392627Z fca2566eba32: Pulling fs layer
2025-08-20T14:05:43.7393510Z 631fe8c6d606: Pulling fs layer
2025-08-20T14:05:43.7394391Z 77c7671c4414: Pulling fs layer
2025-08-20T14:05:43.7395741Z 2d9e29180a27: Pulling fs layer
2025-08-20T14:05:43.7396695Z c6bcc2c9a041: Pulling fs layer
2025-08-20T14:05:43.7397753Z ac4b721eb66f: Pulling fs layer
2025-08-20T14:05:43.7398456Z 606bd164980e: Pulling fs layer
2025-08-20T14:05:43.7399034Z f5dfd246bc6e: Pulling fs layer
2025-08-20T14:05:43.7399624Z ba7036bb0a60: Pulling fs layer
2025-08-20T14:05:43.7400176Z 799f859abbbd: Pulling fs layer
2025-08-20T14:05:43.7400741Z d903e777080c: Pulling fs layer
2025-08-20T14:05:43.7401277Z 04adcb462801: Pulling fs layer
2025-08-20T14:05:43.7401839Z 5c10925b29ff: Pulling fs layer
2025-08-20T14:05:43.7402364Z 606bd164980e: Waiting
2025-08-20T14:05:43.7402850Z f5dfd246bc6e: Waiting
2025-08-20T14:05:43.7403334Z ba7036bb0a60: Waiting
2025-08-20T14:05:43.7403882Z d903e777080c: Waiting
2025-08-20T14:05:43.7404346Z 799f859abbbd: Waiting
2025-08-20T14:05:43.7404829Z 04adcb462801: Waiting
2025-08-20T14:05:43.7405324Z 5c10925b29ff: Waiting
2025-08-20T14:05:43.7405782Z 77c7671c4414: Waiting
2025-08-20T14:05:43.7406266Z 2d9e29180a27: Waiting
2025-08-20T14:05:43.7406743Z c6bcc2c9a041: Waiting
2025-08-20T14:05:43.7407213Z ac4b721eb66f: Waiting
2025-08-20T14:05:43.8527074Z fca2566eba32: Verifying Checksum
2025-08-20T14:05:43.8528545Z fca2566eba32: Download complete
2025-08-20T14:05:43.9229926Z 631fe8c6d606: Verifying Checksum
2025-08-20T14:05:43.9230934Z 631fe8c6d606: Download complete
2025-08-20T14:05:43.9763387Z 77c7671c4414: Verifying Checksum
2025-08-20T14:05:43.9764362Z 77c7671c4414: Download complete
2025-08-20T14:05:44.0928640Z c6bcc2c9a041: Verifying Checksum
2025-08-20T14:05:44.0929703Z c6bcc2c9a041: Download complete
2025-08-20T14:05:44.1345959Z 396b1da7636e: Verifying Checksum
2025-08-20T14:05:44.1347195Z 396b1da7636e: Download complete
2025-08-20T14:05:44.2178677Z 606bd164980e: Download complete
2025-08-20T14:05:44.2287949Z 2d9e29180a27: Verifying Checksum
2025-08-20T14:05:44.2288849Z 2d9e29180a27: Download complete
2025-08-20T14:05:44.2694037Z ac4b721eb66f: Verifying Checksum
2025-08-20T14:05:44.2696712Z ac4b721eb66f: Download complete
2025-08-20T14:05:44.2994631Z ba7036bb0a60: Verifying Checksum
2025-08-20T14:05:44.2996760Z ba7036bb0a60: Download complete
2025-08-20T14:05:44.3614786Z 799f859abbbd: Verifying Checksum
2025-08-20T14:05:44.3616216Z 799f859abbbd: Download complete
2025-08-20T14:05:44.3849494Z d903e777080c: Verifying Checksum
2025-08-20T14:05:44.3851363Z d903e777080c: Download complete
2025-08-20T14:05:44.4443502Z 04adcb462801: Verifying Checksum
2025-08-20T14:05:44.4444968Z 04adcb462801: Download complete
2025-08-20T14:05:44.4620015Z 5c10925b29ff: Download complete
2025-08-20T14:05:45.1630895Z 396b1da7636e: Pull complete
2025-08-20T14:05:45.2688273Z fca2566eba32: Pull complete
2025-08-20T14:05:45.4616138Z 631fe8c6d606: Pull complete
2025-08-20T14:05:45.5075577Z 77c7671c4414: Pull complete
2025-08-20T14:05:45.8247048Z 2d9e29180a27: Pull complete
2025-08-20T14:05:45.9188000Z c6bcc2c9a041: Pull complete
2025-08-20T14:05:45.9286944Z ac4b721eb66f: Pull complete
2025-08-20T14:05:45.9413292Z 606bd164980e: Pull complete
2025-08-20T14:05:46.7848230Z f5dfd246bc6e: Verifying Checksum
2025-08-20T14:05:46.7848949Z f5dfd246bc6e: Download complete
2025-08-20T14:05:49.7202505Z f5dfd246bc6e: Pull complete
2025-08-20T14:05:49.7360510Z ba7036bb0a60: Pull complete
2025-08-20T14:05:49.7493159Z 799f859abbbd: Pull complete
2025-08-20T14:05:49.7613824Z d903e777080c: Pull complete
2025-08-20T14:05:49.7719996Z 04adcb462801: Pull complete
2025-08-20T14:05:49.7886617Z 5c10925b29ff: Pull complete
2025-08-20T14:05:49.7931694Z Digest: sha256:bc51cf4f1fe02cce7ed2370b20128a9b00b4eb804573a77d2a0d877aaa9c82b1
2025-08-20T14:05:49.7944410Z Status: Downloaded newer image for postgres:15
2025-08-20T14:05:49.7958076Z docker.io/library/postgres:15
2025-08-20T14:05:49.8020295Z ##[command]/usr/bin/docker create --name 5ab418c8e02a4378b1f0b10a732d5a0a_postgres15_519d56 --label 69e489 --network github_network_5a6702e233bb444bb05e9b9ed3bae3e1 --network-alias postgres -p 5432:5432 --health-cmd="pg_isready -U postgres -d awa" --health-interval=5s --health-timeout=5s --health-retries=10 -e "POSTGRES_USER=postgres" -e "POSTGRES_PASSWORD=pass" -e "POSTGRES_DB=awa" -e GITHUB_ACTIONS=true -e CI=true postgres:15
2025-08-20T14:05:49.8284854Z 58c5219556987626b896ff9f686724f4acb97ea73a61d6dfe329ff614d0f9cc4
2025-08-20T14:05:49.8308580Z ##[command]/usr/bin/docker start 58c5219556987626b896ff9f686724f4acb97ea73a61d6dfe329ff614d0f9cc4
2025-08-20T14:05:50.1499292Z 58c5219556987626b896ff9f686724f4acb97ea73a61d6dfe329ff614d0f9cc4
2025-08-20T14:05:50.1519787Z ##[command]/usr/bin/docker ps --all --filter id=58c5219556987626b896ff9f686724f4acb97ea73a61d6dfe329ff614d0f9cc4 --filter status=running --no-trunc --format "{{.ID}} {{.Status}}"
2025-08-20T14:05:50.1648280Z 58c5219556987626b896ff9f686724f4acb97ea73a61d6dfe329ff614d0f9cc4 Up Less than a second (health: starting)
2025-08-20T14:05:50.1670421Z ##[command]/usr/bin/docker port 58c5219556987626b896ff9f686724f4acb97ea73a61d6dfe329ff614d0f9cc4
2025-08-20T14:05:50.1829489Z 5432/tcp -> 0.0.0.0:5432
2025-08-20T14:05:50.1830210Z 5432/tcp -> [::]:5432
2025-08-20T14:05:50.1888988Z ##[endgroup]
2025-08-20T14:05:50.1890644Z ##[group]Starting redis service container
2025-08-20T14:05:50.1892735Z ##[command]/usr/bin/docker pull redis:7-alpine
2025-08-20T14:05:50.4067317Z 7-alpine: Pulling from library/redis
2025-08-20T14:05:50.4710562Z 0368fd46e3c6: Pulling fs layer
2025-08-20T14:05:50.4711870Z 4c55286bbede: Pulling fs layer
2025-08-20T14:05:50.4712497Z 5e28347af205: Pulling fs layer
2025-08-20T14:05:50.4713166Z 311eca34042e: Pulling fs layer
2025-08-20T14:05:50.4713673Z e6fe6f07e192: Pulling fs layer
2025-08-20T14:05:50.4714186Z a2cadbfeca72: Pulling fs layer
2025-08-20T14:05:50.4714628Z 4f4fb700ef54: Pulling fs layer
2025-08-20T14:05:50.4715306Z a976ed7e7808: Pulling fs layer
2025-08-20T14:05:50.4715698Z 311eca34042e: Waiting
2025-08-20T14:05:50.4716069Z e6fe6f07e192: Waiting
2025-08-20T14:05:50.4716523Z a2cadbfeca72: Waiting
2025-08-20T14:05:50.4717033Z 4f4fb700ef54: Waiting
2025-08-20T14:05:50.4717620Z a976ed7e7808: Waiting
2025-08-20T14:05:50.5810587Z 5e28347af205: Verifying Checksum
2025-08-20T14:05:50.5813554Z 5e28347af205: Download complete
2025-08-20T14:05:50.5840552Z 4c55286bbede: Verifying Checksum
2025-08-20T14:05:50.5842401Z 4c55286bbede: Download complete
2025-08-20T14:05:50.6659557Z 0368fd46e3c6: Verifying Checksum
2025-08-20T14:05:50.6661191Z 0368fd46e3c6: Download complete
2025-08-20T14:05:50.7500918Z a2cadbfeca72: Verifying Checksum
2025-08-20T14:05:50.7503461Z a2cadbfeca72: Download complete
2025-08-20T14:05:50.7506057Z 311eca34042e: Verifying Checksum
2025-08-20T14:05:50.7507588Z 311eca34042e: Download complete
2025-08-20T14:05:50.8115057Z e6fe6f07e192: Verifying Checksum
2025-08-20T14:05:50.8115650Z e6fe6f07e192: Download complete
2025-08-20T14:05:50.8189707Z 0368fd46e3c6: Pull complete
2025-08-20T14:05:50.8398204Z 4f4fb700ef54: Verifying Checksum
2025-08-20T14:05:50.8398990Z 4f4fb700ef54: Download complete
2025-08-20T14:05:50.8458185Z 4c55286bbede: Pull complete
2025-08-20T14:05:50.8724936Z a976ed7e7808: Verifying Checksum
2025-08-20T14:05:50.8725807Z a976ed7e7808: Download complete
2025-08-20T14:05:50.9906063Z 5e28347af205: Pull complete
2025-08-20T14:05:51.0238192Z 311eca34042e: Pull complete
2025-08-20T14:05:51.2245105Z e6fe6f07e192: Pull complete
2025-08-20T14:05:51.2402276Z a2cadbfeca72: Pull complete
2025-08-20T14:05:51.2514359Z 4f4fb700ef54: Pull complete
2025-08-20T14:05:51.2618273Z a976ed7e7808: Pull complete
2025-08-20T14:05:51.2669082Z Digest: sha256:bb186d083732f669da90be8b0f975a37812b15e913465bb14d845db72a4e3e08
2025-08-20T14:05:51.2679606Z Status: Downloaded newer image for redis:7-alpine
2025-08-20T14:05:51.2686845Z docker.io/library/redis:7-alpine
2025-08-20T14:05:51.2703831Z ##[command]/usr/bin/docker create --name 5b5c62c8e0754e9da99411ee1a855e55_redis7alpine_50f0c2 --label 69e489 --network github_network_5a6702e233bb444bb05e9b9ed3bae3e1 --network-alias redis -p 6379:6379  -e GITHUB_ACTIONS=true -e CI=true redis:7-alpine
2025-08-20T14:05:51.2927183Z 55b56843fef5937a5f94afd2553ef25e14dae390ffa1a15ae31d4752e50c218d
2025-08-20T14:05:51.2940982Z ##[command]/usr/bin/docker start 55b56843fef5937a5f94afd2553ef25e14dae390ffa1a15ae31d4752e50c218d
2025-08-20T14:05:51.4341180Z 55b56843fef5937a5f94afd2553ef25e14dae390ffa1a15ae31d4752e50c218d
2025-08-20T14:05:51.4360159Z ##[command]/usr/bin/docker ps --all --filter id=55b56843fef5937a5f94afd2553ef25e14dae390ffa1a15ae31d4752e50c218d --filter status=running --no-trunc --format "{{.ID}} {{.Status}}"
2025-08-20T14:05:51.4483374Z 55b56843fef5937a5f94afd2553ef25e14dae390ffa1a15ae31d4752e50c218d Up Less than a second
2025-08-20T14:05:51.4497156Z ##[command]/usr/bin/docker port 55b56843fef5937a5f94afd2553ef25e14dae390ffa1a15ae31d4752e50c218d
2025-08-20T14:05:51.4613861Z 6379/tcp -> 0.0.0.0:6379
2025-08-20T14:05:51.4614550Z 6379/tcp -> [::]:6379
2025-08-20T14:05:51.4628119Z ##[endgroup]
2025-08-20T14:05:51.4639153Z ##[group]Waiting for all services to be ready
2025-08-20T14:05:51.4652567Z ##[command]/usr/bin/docker inspect --format="{{if .Config.Healthcheck}}{{print .State.Health.Status}}{{end}}" 58c5219556987626b896ff9f686724f4acb97ea73a61d6dfe329ff614d0f9cc4
2025-08-20T14:05:51.4769591Z starting
2025-08-20T14:05:51.4790054Z postgres service is starting, waiting 2 seconds before checking again.
2025-08-20T14:05:53.4789499Z ##[command]/usr/bin/docker inspect --format="{{if .Config.Healthcheck}}{{print .State.Health.Status}}{{end}}" 58c5219556987626b896ff9f686724f4acb97ea73a61d6dfe329ff614d0f9cc4
2025-08-20T14:05:53.4904654Z starting
2025-08-20T14:05:53.4980910Z postgres service is starting, waiting 3 seconds before checking again.
2025-08-20T14:05:57.4959004Z ##[command]/usr/bin/docker inspect --format="{{if .Config.Healthcheck}}{{print .State.Health.Status}}{{end}}" 58c5219556987626b896ff9f686724f4acb97ea73a61d6dfe329ff614d0f9cc4
2025-08-20T14:05:57.5085532Z healthy
2025-08-20T14:05:57.5104608Z postgres service is healthy.
2025-08-20T14:05:57.5105394Z ##[command]/usr/bin/docker inspect --format="{{if .Config.Healthcheck}}{{print .State.Health.Status}}{{end}}" 55b56843fef5937a5f94afd2553ef25e14dae390ffa1a15ae31d4752e50c218d
2025-08-20T14:05:57.5238106Z redis service is healthy.
2025-08-20T14:05:57.5238784Z ##[endgroup]
2025-08-20T14:05:57.5486618Z ##[group]Run actions/checkout@v4
2025-08-20T14:05:57.5487161Z with:
2025-08-20T14:05:57.5487632Z   repository: AlexBomber12/AWA-App
2025-08-20T14:05:57.5488059Z   token: ***
2025-08-20T14:05:57.5488248Z   ssh-strict: true
2025-08-20T14:05:57.5488419Z   ssh-user: git
2025-08-20T14:05:57.5488608Z   persist-credentials: true
2025-08-20T14:05:57.5488817Z   clean: true
2025-08-20T14:05:57.5488996Z   sparse-checkout-cone-mode: true
2025-08-20T14:05:57.5489218Z   fetch-depth: 1
2025-08-20T14:05:57.5489383Z   fetch-tags: false
2025-08-20T14:05:57.5489561Z   show-progress: true
2025-08-20T14:05:57.5489732Z   lfs: false
2025-08-20T14:05:57.5489892Z   submodules: false
2025-08-20T14:05:57.5490068Z   set-safe-directory: true
2025-08-20T14:05:57.5490858Z env:
2025-08-20T14:05:57.5491091Z   REDIS_URL: redis://localhost:6379/0
2025-08-20T14:05:57.5491380Z   RATE_LIMIT_DEFAULT: 100/minute
2025-08-20T14:05:57.5491598Z   TRUST_X_FORWARDED: 1
2025-08-20T14:05:57.5491779Z ##[endgroup]
2025-08-20T14:05:57.6590253Z Syncing repository: AlexBomber12/AWA-App
2025-08-20T14:05:57.6591666Z ##[group]Getting Git version info
2025-08-20T14:05:57.6592055Z Working directory is '/home/runner/work/AWA-App/AWA-App'
2025-08-20T14:05:57.6592585Z [command]/usr/bin/git version
2025-08-20T14:05:57.6675813Z git version 2.50.1
2025-08-20T14:05:57.6702625Z ##[endgroup]
2025-08-20T14:05:57.6716865Z Temporarily overriding HOME='/home/runner/work/_temp/8e2df713-5ff9-475c-a64d-b3b420ab0019' before making global git config changes
2025-08-20T14:05:57.6718185Z Adding repository directory to the temporary git global config as a safe directory
2025-08-20T14:05:57.6722535Z [command]/usr/bin/git config --global --add safe.directory /home/runner/work/AWA-App/AWA-App
2025-08-20T14:05:57.6759717Z Deleting the contents of '/home/runner/work/AWA-App/AWA-App'
2025-08-20T14:05:57.6763320Z ##[group]Initializing the repository
2025-08-20T14:05:57.6767156Z [command]/usr/bin/git init /home/runner/work/AWA-App/AWA-App
2025-08-20T14:05:57.6840102Z hint: Using 'master' as the name for the initial branch. This default branch name
2025-08-20T14:05:57.6840934Z hint: is subject to change. To configure the initial branch name to use in all
2025-08-20T14:05:57.6841721Z hint: of your new repositories, which will suppress this warning, call:
2025-08-20T14:05:57.6842273Z hint:
2025-08-20T14:05:57.6842707Z hint: 	git config --global init.defaultBranch <name>
2025-08-20T14:05:57.6843166Z hint:
2025-08-20T14:05:57.6843598Z hint: Names commonly chosen instead of 'master' are 'main', 'trunk' and
2025-08-20T14:05:57.6844331Z hint: 'development'. The just-created branch can be renamed via this command:
2025-08-20T14:05:57.6844867Z hint:
2025-08-20T14:05:57.6845152Z hint: 	git branch -m <name>
2025-08-20T14:05:57.6845468Z hint:
2025-08-20T14:05:57.6845925Z hint: Disable this message with "git config set advice.defaultBranchName false"
2025-08-20T14:05:57.6846534Z Initialized empty Git repository in /home/runner/work/AWA-App/AWA-App/.git/
2025-08-20T14:05:57.6856772Z [command]/usr/bin/git remote add origin https://github.com/AlexBomber12/AWA-App
2025-08-20T14:05:57.6893682Z ##[endgroup]
2025-08-20T14:05:57.6894140Z ##[group]Disabling automatic garbage collection
2025-08-20T14:05:57.6898025Z [command]/usr/bin/git config --local gc.auto 0
2025-08-20T14:05:57.6926201Z ##[endgroup]
2025-08-20T14:05:57.6926785Z ##[group]Setting up auth
2025-08-20T14:05:57.6933942Z [command]/usr/bin/git config --local --name-only --get-regexp core\.sshCommand
2025-08-20T14:05:57.6963889Z [command]/usr/bin/git submodule foreach --recursive sh -c "git config --local --name-only --get-regexp 'core\.sshCommand' && git config --local --unset-all 'core.sshCommand' || :"
2025-08-20T14:05:57.7335939Z [command]/usr/bin/git config --local --name-only --get-regexp http\.https\:\/\/github\.com\/\.extraheader
2025-08-20T14:05:57.7368513Z [command]/usr/bin/git submodule foreach --recursive sh -c "git config --local --name-only --get-regexp 'http\.https\:\/\/github\.com\/\.extraheader' && git config --local --unset-all 'http.https://github.com/.extraheader' || :"
2025-08-20T14:05:57.7601226Z [command]/usr/bin/git config --local http.https://github.com/.extraheader AUTHORIZATION: basic ***
2025-08-20T14:05:57.7636672Z ##[endgroup]
2025-08-20T14:05:57.7637332Z ##[group]Fetching the repository
2025-08-20T14:05:57.7646259Z [command]/usr/bin/git -c protocol.version=2 fetch --no-tags --prune --no-recurse-submodules --depth=1 origin +add30a665d3799d3d69fbb9f3d6092aabf7317a4:refs/remotes/pull/300/merge
2025-08-20T14:05:58.0359994Z From https://github.com/AlexBomber12/AWA-App
2025-08-20T14:05:58.0360975Z  * [new ref]         add30a665d3799d3d69fbb9f3d6092aabf7317a4 -> pull/300/merge
2025-08-20T14:05:58.0389662Z ##[endgroup]
2025-08-20T14:05:58.0390270Z ##[group]Determining the checkout info
2025-08-20T14:05:58.0392612Z ##[endgroup]
2025-08-20T14:05:58.0398819Z [command]/usr/bin/git sparse-checkout disable
2025-08-20T14:05:58.0443033Z [command]/usr/bin/git config --local --unset-all extensions.worktreeConfig
2025-08-20T14:05:58.0473361Z ##[group]Checking out the ref
2025-08-20T14:05:58.0477577Z [command]/usr/bin/git checkout --progress --force refs/remotes/pull/300/merge
2025-08-20T14:05:58.0774784Z Note: switching to 'refs/remotes/pull/300/merge'.
2025-08-20T14:05:58.0775436Z 
2025-08-20T14:05:58.0775830Z You are in 'detached HEAD' state. You can look around, make experimental
2025-08-20T14:05:58.0776571Z changes and commit them, and you can discard any commits you make in this
2025-08-20T14:05:58.0777305Z state without impacting any branches by switching back to a branch.
2025-08-20T14:05:58.0777890Z 
2025-08-20T14:05:58.0778162Z If you want to create a new branch to retain commits you create, you may
2025-08-20T14:05:58.0778812Z do so (now or later) by using -c with the switch command. Example:
2025-08-20T14:05:58.0779133Z 
2025-08-20T14:05:58.0779236Z   git switch -c <new-branch-name>
2025-08-20T14:05:58.0779700Z 
2025-08-20T14:05:58.0779810Z Or undo this operation with:
2025-08-20T14:05:58.0779969Z 
2025-08-20T14:05:58.0780063Z   git switch -
2025-08-20T14:05:58.0780296Z 
2025-08-20T14:05:58.0780622Z Turn off this advice by setting config variable advice.detachedHead to false
2025-08-20T14:05:58.0781097Z 
2025-08-20T14:05:58.0781628Z HEAD is now at add30a6 Merge 0428ba1036b14469ad92e7f5c4c31994e7b92d07 into 8929294063cedd5af36e927371ef76e2ffa7ea22
2025-08-20T14:05:58.0784399Z ##[endgroup]
2025-08-20T14:05:58.0824759Z [command]/usr/bin/git log -1 --format=%H
2025-08-20T14:05:58.0847174Z add30a665d3799d3d69fbb9f3d6092aabf7317a4
2025-08-20T14:05:58.1018552Z ##[group]Run cat .env.ci >> "$GITHUB_ENV"
2025-08-20T14:05:58.1018911Z [36;1mcat .env.ci >> "$GITHUB_ENV"[0m
2025-08-20T14:05:58.1019633Z [36;1mecho "DATABASE_URL=***localhost:5432/awa" >> "$GITHUB_ENV"[0m
2025-08-20T14:05:58.1019980Z [36;1mecho "PG_HOST=localhost" >> "$GITHUB_ENV"[0m
2025-08-20T14:05:58.1020287Z [36;1mecho "PG_PORT=5432" >> "$GITHUB_ENV"[0m
2025-08-20T14:05:58.1020559Z [36;1mecho "PG_USER=postgres" >> "$GITHUB_ENV"[0m
2025-08-20T14:05:58.1020840Z [36;1mecho "PG_PASSWORD=pass" >> "$GITHUB_ENV"[0m
2025-08-20T14:05:58.1021112Z [36;1mecho "PG_DATABASE=awa" >> "$GITHUB_ENV"[0m
2025-08-20T14:05:58.1066965Z shell: /usr/bin/bash -e {0}
2025-08-20T14:05:58.1067199Z env:
2025-08-20T14:05:58.1067582Z   REDIS_URL: redis://localhost:6379/0
2025-08-20T14:05:58.1067853Z   RATE_LIMIT_DEFAULT: 100/minute
2025-08-20T14:05:58.1068074Z   TRUST_X_FORWARDED: 1
2025-08-20T14:05:58.1068255Z ##[endgroup]
2025-08-20T14:05:58.1245966Z ##[group]Run actions/setup-python@v5
2025-08-20T14:05:58.1246233Z with:
2025-08-20T14:05:58.1246411Z   python-version: 3.12
2025-08-20T14:05:58.1246598Z   cache: pip
2025-08-20T14:05:58.1246804Z   cache-dependency-path: requirements-dev.txt
2025-08-20T14:05:58.1247065Z   check-latest: false
2025-08-20T14:05:58.1247554Z   token: ***
2025-08-20T14:05:58.1247760Z   update-environment: true
2025-08-20T14:05:58.1247999Z   allow-prereleases: false
2025-08-20T14:05:58.1248206Z   freethreaded: false
2025-08-20T14:05:58.1248381Z env:
2025-08-20T14:05:58.1248569Z   REDIS_URL: redis://localhost:6379/0
2025-08-20T14:05:58.1248808Z   RATE_LIMIT_DEFAULT: 100/minute
2025-08-20T14:05:58.1249023Z   TRUST_X_FORWARDED: 1
2025-08-20T14:05:58.1249211Z   PG_USER: postgres
2025-08-20T14:05:58.1249384Z   PG_PASSWORD: pass
2025-08-20T14:05:58.1249555Z   PG_DATABASE: awa
2025-08-20T14:05:58.1249723Z   PG_HOST: localhost
2025-08-20T14:05:58.1249908Z   PG_PORT: 5432
2025-08-20T14:05:58.1250321Z   PG_SYNC_DSN: ***localhost:5432/awa
2025-08-20T14:05:58.1250706Z   PG_ASYNC_DSN: ***localhost:5432/awa
2025-08-20T14:05:58.1251082Z   DATABASE_URL: ***localhost:5432/awa
2025-08-20T14:05:58.1251302Z   DATA_DIR: /tmp/awa-data
2025-08-20T14:05:58.1251497Z   ENABLE_LIVE: 0
2025-08-20T14:05:58.1251654Z   TESTING: 1
2025-08-20T14:05:58.1251812Z ##[endgroup]
2025-08-20T14:05:58.2947563Z ##[group]Installed versions
2025-08-20T14:05:58.3051663Z Successfully set up CPython (3.12.11)
2025-08-20T14:05:58.3053725Z ##[endgroup]
2025-08-20T14:05:58.3390223Z [command]/opt/hostedtoolcache/Python/3.12.11/x64/bin/pip cache dir
2025-08-20T14:05:59.4998299Z /home/runner/.cache/pip
2025-08-20T14:05:59.6422146Z Cache hit for: setup-python-Linux-x64-24.04-Ubuntu-python-3.12.11-pip-29fc3204f837bce43d81586a404709764a9accd1f738d0c33a52a32bf7a0c312
2025-08-20T14:06:00.6773549Z Received 218103808 of 337357499 (64.7%), 208.0 MBs/sec
2025-08-20T14:06:01.2516834Z Received 337357499 of 337357499 (100.0%), 204.4 MBs/sec
2025-08-20T14:06:01.2519831Z Cache Size: ~322 MB (337357499 B)
2025-08-20T14:06:01.2558582Z [command]/usr/bin/tar -xf /home/runner/work/_temp/981a6ffc-a09f-44f4-9142-f70bc6e7ba17/cache.tzst -P -C /home/runner/work/AWA-App/AWA-App --use-compress-program unzstd
2025-08-20T14:06:01.8087609Z Cache restored successfully
2025-08-20T14:06:01.8723989Z Cache restored from key: setup-python-Linux-x64-24.04-Ubuntu-python-3.12.11-pip-29fc3204f837bce43d81586a404709764a9accd1f738d0c33a52a32bf7a0c312
2025-08-20T14:06:01.8897075Z ##[group]Run pip install -r requirements-dev.txt
2025-08-20T14:06:01.8897755Z [36;1mpip install -r requirements-dev.txt[0m
2025-08-20T14:06:01.8898073Z [36;1mpip install keepa==1.3.15 minio==7.1.15[0m
2025-08-20T14:06:01.8942017Z shell: /usr/bin/bash -e {0}
2025-08-20T14:06:01.8942258Z env:
2025-08-20T14:06:01.8942480Z   REDIS_URL: redis://localhost:6379/0
2025-08-20T14:06:01.8942765Z   RATE_LIMIT_DEFAULT: 100/minute
2025-08-20T14:06:01.8943002Z   TRUST_X_FORWARDED: 1
2025-08-20T14:06:01.8943223Z   PG_USER: postgres
2025-08-20T14:06:01.8943435Z   PG_PASSWORD: pass
2025-08-20T14:06:01.8943635Z   PG_DATABASE: awa
2025-08-20T14:06:01.8943845Z   PG_HOST: localhost
2025-08-20T14:06:01.8944051Z   PG_PORT: 5432
2025-08-20T14:06:01.8944532Z   PG_SYNC_DSN: ***localhost:5432/awa
2025-08-20T14:06:01.8945023Z   PG_ASYNC_DSN: ***localhost:5432/awa
2025-08-20T14:06:01.8945433Z   DATABASE_URL: ***localhost:5432/awa
2025-08-20T14:06:01.8945687Z   DATA_DIR: /tmp/awa-data
2025-08-20T14:06:01.8945955Z   ENABLE_LIVE: 0
2025-08-20T14:06:01.8946138Z   TESTING: 1
2025-08-20T14:06:01.8946394Z   pythonLocation: /opt/hostedtoolcache/Python/3.12.11/x64
2025-08-20T14:06:01.8946821Z   PKG_CONFIG_PATH: /opt/hostedtoolcache/Python/3.12.11/x64/lib/pkgconfig
2025-08-20T14:06:01.8947246Z   Python_ROOT_DIR: /opt/hostedtoolcache/Python/3.12.11/x64
2025-08-20T14:06:01.8947770Z   Python2_ROOT_DIR: /opt/hostedtoolcache/Python/3.12.11/x64
2025-08-20T14:06:01.8948144Z   Python3_ROOT_DIR: /opt/hostedtoolcache/Python/3.12.11/x64
2025-08-20T14:06:01.8948554Z   LD_LIBRARY_PATH: /opt/hostedtoolcache/Python/3.12.11/x64/lib
2025-08-20T14:06:01.8948864Z ##[endgroup]
2025-08-20T14:06:02.8631025Z Collecting Jinja2==3.1.6 (from -r requirements-dev.txt (line 2))
2025-08-20T14:06:02.8644107Z   Using cached jinja2-3.1.6-py3-none-any.whl.metadata (2.9 kB)
2025-08-20T14:06:02.8893794Z Collecting alembic==1.13.1 (from -r requirements-dev.txt (line 3))
2025-08-20T14:06:02.8906963Z   Using cached alembic-1.13.1-py3-none-any.whl.metadata (7.4 kB)
2025-08-20T14:06:02.9103634Z Collecting apscheduler==3.10.4 (from -r requirements-dev.txt (line 4))
2025-08-20T14:06:02.9117156Z   Using cached APScheduler-3.10.4-py3-none-any.whl.metadata (5.7 kB)
2025-08-20T14:06:02.9303419Z Collecting asgi-correlation-id==4.3.1 (from -r requirements-dev.txt (line 5))
2025-08-20T14:06:02.9315610Z   Using cached asgi_correlation_id-4.3.1-py3-none-any.whl.metadata (28 kB)
2025-08-20T14:06:02.9751587Z Collecting asyncpg==0.30.0 (from -r requirements-dev.txt (line 6))
2025-08-20T14:06:02.9764774Z   Using cached asyncpg-0.30.0-cp312-cp312-manylinux_2_17_x86_64.manylinux2014_x86_64.whl.metadata (5.0 kB)
2025-08-20T14:06:03.0246279Z Collecting black==25.1.0 (from -r requirements-dev.txt (line 7))
2025-08-20T14:06:03.0259762Z   Using cached black-25.1.0-cp312-cp312-manylinux_2_17_x86_64.manylinux2014_x86_64.manylinux_2_28_x86_64.whl.metadata (81 kB)
2025-08-20T14:06:03.4028078Z Collecting boto3 (from -r requirements-dev.txt (line 8))
2025-08-20T14:06:03.4645268Z   Downloading boto3-1.40.13-py3-none-any.whl.metadata (6.7 kB)
2025-08-20T14:06:03.4986339Z Collecting redis==6.* (from -r requirements-dev.txt (line 9))
2025-08-20T14:06:03.5000131Z   Using cached redis-6.4.0-py3-none-any.whl.metadata (10 kB)
2025-08-20T14:06:03.5390533Z Collecting minio==7.* (from -r requirements-dev.txt (line 10))
2025-08-20T14:06:03.5403586Z   Using cached minio-7.2.16-py3-none-any.whl.metadata (6.5 kB)
2025-08-20T14:06:03.5743977Z Collecting celery==5.5.3 (from -r requirements-dev.txt (line 11))
2025-08-20T14:06:03.5756141Z   Using cached celery-5.5.3-py3-none-any.whl.metadata (22 kB)
2025-08-20T14:06:03.6364464Z Collecting fastapi==0.116.1 (from -r requirements-dev.txt (line 12))
2025-08-20T14:06:03.6376615Z   Using cached fastapi-0.116.1-py3-none-any.whl.metadata (28 kB)
2025-08-20T14:06:03.6570129Z Collecting fastapi-limiter==0.1.6 (from -r requirements-dev.txt (line 14))
2025-08-20T14:06:03.6581782Z   Using cached fastapi_limiter-0.1.6-py3-none-any.whl.metadata (5.3 kB)
2025-08-20T14:06:03.6809880Z Collecting httpx<0.29,>=0.27 (from -r requirements-dev.txt (line 15))
2025-08-20T14:06:03.6821239Z   Using cached httpx-0.28.1-py3-none-any.whl.metadata (7.1 kB)
2025-08-20T14:06:03.6975581Z Collecting imapclient==3.0.1 (from -r requirements-dev.txt (line 16))
2025-08-20T14:06:03.6987306Z   Using cached IMAPClient-3.0.1-py2.py3-none-any.whl.metadata (1.7 kB)
2025-08-20T14:06:03.7118172Z Collecting itsdangerous (from -r requirements-dev.txt (line 17))
2025-08-20T14:06:03.7129613Z   Using cached itsdangerous-2.2.0-py3-none-any.whl.metadata (1.9 kB)
2025-08-20T14:06:03.8151018Z Collecting mypy==1.* (from -r requirements-dev.txt (line 18))
2025-08-20T14:06:03.8164898Z   Using cached mypy-1.17.1-cp312-cp312-manylinux2014_x86_64.manylinux_2_17_x86_64.manylinux_2_28_x86_64.whl.metadata (2.2 kB)
2025-08-20T14:06:03.8306851Z Collecting mypy-extensions==1.1.0 (from -r requirements-dev.txt (line 19))
2025-08-20T14:06:03.8319039Z   Using cached mypy_extensions-1.1.0-py3-none-any.whl.metadata (1.1 kB)
2025-08-20T14:06:04.0196935Z Collecting numpy<2 (from -r requirements-dev.txt (line 20))
2025-08-20T14:06:04.0211757Z   Using cached numpy-1.26.4-cp312-cp312-manylinux_2_17_x86_64.manylinux2014_x86_64.whl.metadata (61 kB)
2025-08-20T14:06:04.0497206Z Collecting openpyxl==3.1.5 (from -r requirements-dev.txt (line 21))
2025-08-20T14:06:04.0510674Z   Using cached openpyxl-3.1.5-py2.py3-none-any.whl.metadata (2.5 kB)
2025-08-20T14:06:04.1595737Z Collecting pandas==2.2.* (from -r requirements-dev.txt (line 22))
2025-08-20T14:06:04.1610406Z   Using cached pandas-2.2.3-cp312-cp312-manylinux_2_17_x86_64.manylinux2014_x86_64.whl.metadata (89 kB)
2025-08-20T14:06:04.2585168Z Collecting psycopg2-binary==2.9.10 (from -r requirements-dev.txt (line 23))
2025-08-20T14:06:04.2600083Z   Using cached psycopg2_binary-2.9.10-cp312-cp312-manylinux_2_17_x86_64.manylinux2014_x86_64.whl.metadata (4.9 kB)
2025-08-20T14:06:04.2808442Z Collecting psycopg==3.2.9 (from psycopg[binary]==3.2.9->-r requirements-dev.txt (line 24))
2025-08-20T14:06:04.2821937Z   Using cached psycopg-3.2.9-py3-none-any.whl.metadata (4.5 kB)
2025-08-20T14:06:04.3956824Z Collecting pydantic==2.11.7 (from -r requirements-dev.txt (line 25))
2025-08-20T14:06:04.3971029Z   Using cached pydantic-2.11.7-py3-none-any.whl.metadata (67 kB)
2025-08-20T14:06:04.5232528Z Collecting setuptools (from -r requirements-dev.txt (line 26))
2025-08-20T14:06:04.5246559Z   Using cached setuptools-80.9.0-py3-none-any.whl.metadata (6.6 kB)
2025-08-20T14:06:04.5535380Z Collecting pytest-asyncio==0.23.6 (from -r requirements-dev.txt (line 27))
2025-08-20T14:06:04.5583016Z   Using cached pytest_asyncio-0.23.6-py3-none-any.whl.metadata (3.9 kB)
2025-08-20T14:06:04.5735242Z Collecting pytest-cov==6.2.1 (from -r requirements-dev.txt (line 28))
2025-08-20T14:06:04.5747300Z   Using cached pytest_cov-6.2.1-py3-none-any.whl.metadata (30 kB)
2025-08-20T14:06:04.5939779Z Collecting pytest-postgresql==7.0.2 (from -r requirements-dev.txt (line 29))
2025-08-20T14:06:04.5951979Z   Using cached pytest_postgresql-7.0.2-py3-none-any.whl.metadata (18 kB)
2025-08-20T14:06:04.6152670Z Collecting python-dotenv (from -r requirements-dev.txt (line 30))
2025-08-20T14:06:04.6164775Z   Using cached python_dotenv-1.1.1-py3-none-any.whl.metadata (24 kB)
2025-08-20T14:06:04.6324313Z Collecting python-multipart (from -r requirements-dev.txt (line 31))
2025-08-20T14:06:04.6336408Z   Using cached python_multipart-0.0.20-py3-none-any.whl.metadata (1.8 kB)
2025-08-20T14:06:04.6653539Z Collecting python-telegram-bot==22.3 (from -r requirements-dev.txt (line 32))
2025-08-20T14:06:04.6666577Z   Using cached python_telegram_bot-22.3-py3-none-any.whl.metadata (17 kB)
2025-08-20T14:06:04.6993915Z Collecting requests==2.32.4 (from -r requirements-dev.txt (line 33))
2025-08-20T14:06:04.7006866Z   Using cached requests-2.32.4-py3-none-any.whl.metadata (4.9 kB)
2025-08-20T14:06:04.7198830Z Collecting respx==0.22.0 (from -r requirements-dev.txt (line 34))
2025-08-20T14:06:04.7211523Z   Using cached respx-0.22.0-py2.py3-none-any.whl.metadata (4.1 kB)
2025-08-20T14:06:05.0849781Z Collecting ruff==0.4.4 (from -r requirements-dev.txt (line 35))
2025-08-20T14:06:05.0863699Z   Using cached ruff-0.4.4-py3-none-manylinux_2_17_x86_64.manylinux2014_x86_64.whl.metadata (23 kB)
2025-08-20T14:06:05.3530444Z Collecting sqlalchemy==2.0.43 (from -r requirements-dev.txt (line 36))
2025-08-20T14:06:05.3544703Z   Using cached sqlalchemy-2.0.43-cp312-cp312-manylinux_2_17_x86_64.manylinux2014_x86_64.whl.metadata (9.6 kB)
2025-08-20T14:06:05.3810076Z Collecting structlog==24.1.0 (from -r requirements-dev.txt (line 37))
2025-08-20T14:06:05.3822212Z   Using cached structlog-24.1.0-py3-none-any.whl.metadata (6.9 kB)
2025-08-20T14:06:05.4030081Z Collecting testcontainers==4.10.0 (from testcontainers[postgres]==4.10.0->-r requirements-dev.txt (line 38))
2025-08-20T14:06:05.4042856Z   Using cached testcontainers-4.10.0-py3-none-any.whl.metadata (7.8 kB)
2025-08-20T14:06:05.4440696Z Collecting types-requests==2.32.4.20250809 (from -r requirements-dev.txt (line 39))
2025-08-20T14:06:05.4454177Z   Using cached types_requests-2.32.4.20250809-py3-none-any.whl.metadata (2.0 kB)
2025-08-20T14:06:05.4611828Z Collecting docspec-python==2.2.2 (from -r requirements-dev.txt (line 40))
2025-08-20T14:06:05.4624364Z   Using cached docspec_python-2.2.2-py3-none-any.whl.metadata (1.0 kB)
2025-08-20T14:06:05.4811988Z Collecting pydoc-markdown==4.8.2 (from -r requirements-dev.txt (line 41))
2025-08-20T14:06:05.4824507Z   Using cached pydoc_markdown-4.8.2-py3-none-any.whl.metadata (5.9 kB)
2025-08-20T14:06:05.5133353Z Collecting pandera==0.19.* (from -r requirements-dev.txt (line 42))
2025-08-20T14:06:05.5146216Z   Using cached pandera-0.19.3-py3-none-any.whl.metadata (15 kB)
2025-08-20T14:06:05.6198408Z Collecting MarkupSafe>=2.0 (from Jinja2==3.1.6->-r requirements-dev.txt (line 2))
2025-08-20T14:06:05.6212106Z   Using cached MarkupSafe-3.0.2-cp312-cp312-manylinux_2_17_x86_64.manylinux2014_x86_64.whl.metadata (4.0 kB)
2025-08-20T14:06:05.6540855Z Collecting Mako (from alembic==1.13.1->-r requirements-dev.txt (line 3))
2025-08-20T14:06:05.6552991Z   Using cached mako-1.3.10-py3-none-any.whl.metadata (2.9 kB)
2025-08-20T14:06:05.6760926Z Collecting typing-extensions>=4 (from alembic==1.13.1->-r requirements-dev.txt (line 3))
2025-08-20T14:06:05.6773570Z   Using cached typing_extensions-4.14.1-py3-none-any.whl.metadata (3.0 kB)
2025-08-20T14:06:05.6949301Z Collecting six>=1.4.0 (from apscheduler==3.10.4->-r requirements-dev.txt (line 4))
2025-08-20T14:06:05.6961491Z   Using cached six-1.17.0-py2.py3-none-any.whl.metadata (1.7 kB)
2025-08-20T14:06:05.7332633Z Collecting pytz (from apscheduler==3.10.4->-r requirements-dev.txt (line 4))
2025-08-20T14:06:05.7345456Z   Using cached pytz-2025.2-py2.py3-none-any.whl.metadata (22 kB)
2025-08-20T14:06:05.7547251Z Collecting tzlocal!=3.*,>=2.0 (from apscheduler==3.10.4->-r requirements-dev.txt (line 4))
2025-08-20T14:06:05.7560285Z   Using cached tzlocal-5.3.1-py3-none-any.whl.metadata (7.6 kB)
2025-08-20T14:06:05.7892834Z Collecting starlette>=0.18 (from asgi-correlation-id==4.3.1->-r requirements-dev.txt (line 5))
2025-08-20T14:06:05.7905471Z   Using cached starlette-0.47.2-py3-none-any.whl.metadata (6.2 kB)
2025-08-20T14:06:05.8132671Z Collecting click>=8.0.0 (from black==25.1.0->-r requirements-dev.txt (line 7))
2025-08-20T14:06:05.8145514Z   Using cached click-8.2.1-py3-none-any.whl.metadata (2.5 kB)
2025-08-20T14:06:05.8339796Z Collecting packaging>=22.0 (from black==25.1.0->-r requirements-dev.txt (line 7))
2025-08-20T14:06:05.8352327Z   Using cached packaging-25.0-py3-none-any.whl.metadata (3.3 kB)
2025-08-20T14:06:05.8496589Z Collecting pathspec>=0.9.0 (from black==25.1.0->-r requirements-dev.txt (line 7))
2025-08-20T14:06:05.8509800Z   Using cached pathspec-0.12.1-py3-none-any.whl.metadata (21 kB)
2025-08-20T14:06:05.8728592Z Collecting platformdirs>=2 (from black==25.1.0->-r requirements-dev.txt (line 7))
2025-08-20T14:06:05.8740946Z   Using cached platformdirs-4.3.8-py3-none-any.whl.metadata (12 kB)
2025-08-20T14:06:05.8971854Z Collecting billiard<5.0,>=4.2.1 (from celery==5.5.3->-r requirements-dev.txt (line 11))
2025-08-20T14:06:05.8984151Z   Using cached billiard-4.2.1-py3-none-any.whl.metadata (4.4 kB)
2025-08-20T14:06:05.9283841Z Collecting kombu<5.6,>=5.5.2 (from celery==5.5.3->-r requirements-dev.txt (line 11))
2025-08-20T14:06:05.9296785Z   Using cached kombu-5.5.4-py3-none-any.whl.metadata (3.5 kB)
2025-08-20T14:06:05.9485765Z Collecting vine<6.0,>=5.1.0 (from celery==5.5.3->-r requirements-dev.txt (line 11))
2025-08-20T14:06:05.9497754Z   Using cached vine-5.1.0-py3-none-any.whl.metadata (2.7 kB)
2025-08-20T14:06:05.9656579Z Collecting click-didyoumean>=0.3.0 (from celery==5.5.3->-r requirements-dev.txt (line 11))
2025-08-20T14:06:05.9668512Z   Using cached click_didyoumean-0.3.1-py3-none-any.whl.metadata (3.9 kB)
2025-08-20T14:06:05.9794953Z Collecting click-repl>=0.2.0 (from celery==5.5.3->-r requirements-dev.txt (line 11))
2025-08-20T14:06:05.9806368Z   Using cached click_repl-0.3.0-py3-none-any.whl.metadata (3.6 kB)
2025-08-20T14:06:05.9940649Z Collecting click-plugins>=1.1.1 (from celery==5.5.3->-r requirements-dev.txt (line 11))
2025-08-20T14:06:05.9951821Z   Using cached click_plugins-1.1.1.2-py2.py3-none-any.whl.metadata (6.5 kB)
2025-08-20T14:06:06.0111340Z Collecting python-dateutil>=2.8.2 (from celery==5.5.3->-r requirements-dev.txt (line 11))
2025-08-20T14:06:06.0123033Z   Using cached python_dateutil-2.9.0.post0-py2.py3-none-any.whl.metadata (8.4 kB)
2025-08-20T14:06:06.0785556Z Collecting annotated-types>=0.6.0 (from pydantic==2.11.7->-r requirements-dev.txt (line 25))
2025-08-20T14:06:06.0797613Z   Using cached annotated_types-0.7.0-py3-none-any.whl.metadata (15 kB)
2025-08-20T14:06:06.7514919Z Collecting pydantic-core==2.33.2 (from pydantic==2.11.7->-r requirements-dev.txt (line 25))
2025-08-20T14:06:06.7529989Z   Using cached pydantic_core-2.33.2-cp312-cp312-manylinux_2_17_x86_64.manylinux2014_x86_64.whl.metadata (6.8 kB)
2025-08-20T14:06:06.7697742Z Collecting typing-inspection>=0.4.0 (from pydantic==2.11.7->-r requirements-dev.txt (line 25))
2025-08-20T14:06:06.7710517Z   Using cached typing_inspection-0.4.1-py3-none-any.whl.metadata (2.6 kB)
2025-08-20T14:06:06.8004368Z Collecting et-xmlfile (from openpyxl==3.1.5->-r requirements-dev.txt (line 21))
2025-08-20T14:06:06.8016616Z   Using cached et_xmlfile-2.0.0-py3-none-any.whl.metadata (2.7 kB)
2025-08-20T14:06:06.8495159Z Collecting pytest<9,>=7.0.0 (from pytest-asyncio==0.23.6->-r requirements-dev.txt (line 27))
2025-08-20T14:06:06.8509512Z   Using cached pytest-8.4.1-py3-none-any.whl.metadata (7.7 kB)
2025-08-20T14:06:07.1731609Z Collecting coverage>=7.5 (from coverage[toml]>=7.5->pytest-cov==6.2.1->-r requirements-dev.txt (line 28))
2025-08-20T14:06:07.1746224Z   Using cached coverage-7.10.4-cp312-cp312-manylinux1_x86_64.manylinux_2_28_x86_64.manylinux_2_5_x86_64.whl.metadata (8.9 kB)
2025-08-20T14:06:07.1905163Z Collecting pluggy>=1.2 (from pytest-cov==6.2.1->-r requirements-dev.txt (line 28))
2025-08-20T14:06:07.1917779Z   Using cached pluggy-1.6.0-py3-none-any.whl.metadata (4.8 kB)
2025-08-20T14:06:07.2195299Z Collecting port-for>=0.7.3 (from pytest-postgresql==7.0.2->-r requirements-dev.txt (line 29))
2025-08-20T14:06:07.2207217Z   Using cached port_for-0.7.4-py3-none-any.whl.metadata (7.1 kB)
2025-08-20T14:06:07.2374949Z Collecting mirakuru>=2.6.0 (from pytest-postgresql==7.0.2->-r requirements-dev.txt (line 29))
2025-08-20T14:06:07.2386831Z   Using cached mirakuru-2.6.1-py3-none-any.whl.metadata (10 kB)
2025-08-20T14:06:07.3259289Z Collecting charset_normalizer<4,>=2 (from requests==2.32.4->-r requirements-dev.txt (line 33))
2025-08-20T14:06:07.3273659Z   Using cached charset_normalizer-3.4.3-cp312-cp312-manylinux2014_x86_64.manylinux_2_17_x86_64.manylinux_2_28_x86_64.whl.metadata (36 kB)
2025-08-20T14:06:07.3467319Z Collecting idna<4,>=2.5 (from requests==2.32.4->-r requirements-dev.txt (line 33))
2025-08-20T14:06:07.3479478Z   Using cached idna-3.10-py3-none-any.whl.metadata (10 kB)
2025-08-20T14:06:07.3788638Z Collecting urllib3<3,>=1.21.1 (from requests==2.32.4->-r requirements-dev.txt (line 33))
2025-08-20T14:06:07.3801395Z   Using cached urllib3-2.5.0-py3-none-any.whl.metadata (6.5 kB)
2025-08-20T14:06:07.4037052Z Collecting certifi>=2017.4.17 (from requests==2.32.4->-r requirements-dev.txt (line 33))
2025-08-20T14:06:07.4049916Z   Using cached certifi-2025.8.3-py3-none-any.whl.metadata (2.4 kB)
2025-08-20T14:06:07.6135449Z Collecting greenlet>=1 (from sqlalchemy==2.0.43->-r requirements-dev.txt (line 36))
2025-08-20T14:06:07.6150222Z   Using cached greenlet-3.2.4-cp312-cp312-manylinux_2_24_x86_64.manylinux_2_28_x86_64.whl.metadata (4.1 kB)
2025-08-20T14:06:07.6407975Z Collecting docker (from testcontainers==4.10.0->testcontainers[postgres]==4.10.0->-r requirements-dev.txt (line 38))
2025-08-20T14:06:07.6420062Z   Using cached docker-7.1.0-py3-none-any.whl.metadata (3.8 kB)
2025-08-20T14:06:07.7431441Z Collecting wrapt (from testcontainers==4.10.0->testcontainers[postgres]==4.10.0->-r requirements-dev.txt (line 38))
2025-08-20T14:06:07.7446357Z   Using cached wrapt-1.17.3-cp312-cp312-manylinux1_x86_64.manylinux_2_28_x86_64.manylinux_2_5_x86_64.whl.metadata (6.4 kB)
2025-08-20T14:06:07.7726150Z Collecting docspec==2.2.1 (from docspec-python==2.2.2->-r requirements-dev.txt (line 40))
2025-08-20T14:06:07.7738474Z   Using cached docspec-2.2.1-py3-none-any.whl.metadata (1.5 kB)
2025-08-20T14:06:07.7919497Z Collecting nr-util>=0.8.12 (from docspec-python==2.2.2->-r requirements-dev.txt (line 40))
2025-08-20T14:06:07.7931656Z   Using cached nr.util-0.8.12-py3-none-any.whl.metadata (813 bytes)
2025-08-20T14:06:07.8318106Z Collecting PyYAML<7.0,>=5.0 (from pydoc-markdown==4.8.2->-r requirements-dev.txt (line 41))
2025-08-20T14:06:07.8331677Z   Using cached PyYAML-6.0.2-cp312-cp312-manylinux_2_17_x86_64.manylinux2014_x86_64.whl.metadata (2.1 kB)
2025-08-20T14:06:07.8617051Z Collecting databind.core<5.0.0,>=4.4.0 (from pydoc-markdown==4.8.2->-r requirements-dev.txt (line 41))
2025-08-20T14:06:07.8630069Z   Using cached databind.core-4.5.2-py3-none-any.whl.metadata (1.1 kB)
2025-08-20T14:06:07.8853229Z Collecting databind.json<5.0.0,>=4.4.0 (from pydoc-markdown==4.8.2->-r requirements-dev.txt (line 41))
2025-08-20T14:06:07.8865293Z   Using cached databind.json-4.5.2-py3-none-any.whl.metadata (1.1 kB)
2025-08-20T14:06:07.9034669Z Collecting docstring-parser<0.12,>=0.11 (from pydoc-markdown==4.8.2->-r requirements-dev.txt (line 41))
2025-08-20T14:06:07.9035930Z   Using cached docstring_parser-0.11-py3-none-any.whl
2025-08-20T14:06:07.9408578Z Collecting tomli<3.0.0,>=2.0.0 (from pydoc-markdown==4.8.2->-r requirements-dev.txt (line 41))
2025-08-20T14:06:07.9421466Z   Using cached tomli-2.2.1-cp312-cp312-manylinux_2_17_x86_64.manylinux2014_x86_64.whl.metadata (11 kB)
2025-08-20T14:06:07.9555660Z Collecting tomli_w<2.0.0,>=1.0.0 (from pydoc-markdown==4.8.2->-r requirements-dev.txt (line 41))
2025-08-20T14:06:07.9568267Z   Using cached tomli_w-1.2.0-py3-none-any.whl.metadata (5.7 kB)
2025-08-20T14:06:08.0049186Z Collecting watchdog (from pydoc-markdown==4.8.2->-r requirements-dev.txt (line 41))
2025-08-20T14:06:08.0062939Z   Using cached watchdog-6.0.0-py3-none-manylinux2014_x86_64.whl.metadata (44 kB)
2025-08-20T14:06:08.0310597Z Collecting yapf>=0.30.0 (from pydoc-markdown==4.8.2->-r requirements-dev.txt (line 41))
2025-08-20T14:06:08.0322980Z   Using cached yapf-0.43.0-py3-none-any.whl.metadata (46 kB)
2025-08-20T14:06:08.0546557Z Collecting Deprecated<2.0.0,>=1.2.12 (from docspec==2.2.1->docspec-python==2.2.2->-r requirements-dev.txt (line 40))
2025-08-20T14:06:08.0559049Z   Using cached Deprecated-1.2.18-py2.py3-none-any.whl.metadata (5.7 kB)
2025-08-20T14:06:08.2078344Z Collecting psycopg-binary==3.2.9 (from psycopg[binary]==3.2.9->-r requirements-dev.txt (line 24))
2025-08-20T14:06:08.2092861Z   Using cached psycopg_binary-3.2.9-cp312-cp312-manylinux_2_17_x86_64.manylinux2014_x86_64.whl.metadata (2.9 kB)
2025-08-20T14:06:08.2448690Z Collecting argon2-cffi (from minio==7.*->-r requirements-dev.txt (line 10))
2025-08-20T14:06:08.2462304Z   Using cached argon2_cffi-25.1.0-py3-none-any.whl.metadata (4.1 kB)
2025-08-20T14:06:08.3293307Z Collecting pycryptodome (from minio==7.*->-r requirements-dev.txt (line 10))
2025-08-20T14:06:08.3312400Z   Using cached pycryptodome-3.23.0-cp37-abi3-manylinux_2_17_x86_64.manylinux2014_x86_64.whl.metadata (3.4 kB)
2025-08-20T14:06:08.3543169Z Collecting anyio (from httpx<0.29,>=0.27->-r requirements-dev.txt (line 15))
2025-08-20T14:06:08.3555461Z   Using cached anyio-4.10.0-py3-none-any.whl.metadata (4.0 kB)
2025-08-20T14:06:08.3775732Z Collecting httpcore==1.* (from httpx<0.29,>=0.27->-r requirements-dev.txt (line 15))
2025-08-20T14:06:08.3787939Z   Using cached httpcore-1.0.9-py3-none-any.whl.metadata (21 kB)
2025-08-20T14:06:08.4145498Z Collecting tzdata>=2022.7 (from pandas==2.2.*->-r requirements-dev.txt (line 22))
2025-08-20T14:06:08.4157907Z   Using cached tzdata-2025.2-py2.py3-none-any.whl.metadata (1.4 kB)
2025-08-20T14:06:08.4354821Z Collecting multimethod<=1.10.0 (from pandera==0.19.*->-r requirements-dev.txt (line 42))
2025-08-20T14:06:08.4366766Z   Using cached multimethod-1.10-py3-none-any.whl.metadata (8.2 kB)
2025-08-20T14:06:08.4761815Z Collecting typeguard (from pandera==0.19.*->-r requirements-dev.txt (line 42))
2025-08-20T14:06:08.4774008Z   Using cached typeguard-4.4.4-py3-none-any.whl.metadata (3.3 kB)
2025-08-20T14:06:08.4918650Z Collecting typing-inspect>=0.6.0 (from pandera==0.19.*->-r requirements-dev.txt (line 42))
2025-08-20T14:06:08.4930303Z   Using cached typing_inspect-0.9.0-py3-none-any.whl.metadata (1.5 kB)
2025-08-20T14:06:08.5228475Z Collecting databind<5.0.0,>=4.5.2 (from databind.core<5.0.0,>=4.4.0->pydoc-markdown==4.8.2->-r requirements-dev.txt (line 41))
2025-08-20T14:06:08.5243080Z   Using cached databind-4.5.2-py3-none-any.whl.metadata (4.3 kB)
2025-08-20T14:06:08.5483362Z Collecting nr-date<3.0.0,>=2.0.0 (from databind<5.0.0,>=4.5.2->databind.core<5.0.0,>=4.4.0->pydoc-markdown==4.8.2->-r requirements-dev.txt (line 41))
2025-08-20T14:06:08.5495629Z   Using cached nr_date-2.1.0-py3-none-any.whl.metadata (746 bytes)
2025-08-20T14:06:08.5643363Z Collecting nr-stream<2.0.0,>=1.0.0 (from databind<5.0.0,>=4.5.2->databind.core<5.0.0,>=4.4.0->pydoc-markdown==4.8.2->-r requirements-dev.txt (line 41))
2025-08-20T14:06:08.5654947Z   Using cached nr_stream-1.1.5-py3-none-any.whl.metadata (3.6 kB)
2025-08-20T14:06:08.5847966Z Collecting typeapi<3,>=2.0.1 (from databind<5.0.0,>=4.5.2->databind.core<5.0.0,>=4.4.0->pydoc-markdown==4.8.2->-r requirements-dev.txt (line 41))
2025-08-20T14:06:08.5860209Z   Using cached typeapi-2.2.4-py3-none-any.whl.metadata (1.5 kB)
2025-08-20T14:06:08.6223577Z Collecting h11>=0.16 (from httpcore==1.*->httpx<0.29,>=0.27->-r requirements-dev.txt (line 15))
2025-08-20T14:06:08.6236111Z   Using cached h11-0.16.0-py3-none-any.whl.metadata (8.3 kB)
2025-08-20T14:06:08.6477172Z Collecting amqp<6.0.0,>=5.1.1 (from kombu<5.6,>=5.5.2->celery==5.5.3->-r requirements-dev.txt (line 11))
2025-08-20T14:06:08.6489473Z   Using cached amqp-5.3.1-py3-none-any.whl.metadata (8.9 kB)
2025-08-20T14:06:08.6903703Z Collecting iniconfig>=1 (from pytest<9,>=7.0.0->pytest-asyncio==0.23.6->-r requirements-dev.txt (line 27))
2025-08-20T14:06:08.6915953Z   Using cached iniconfig-2.1.0-py3-none-any.whl.metadata (2.7 kB)
2025-08-20T14:06:08.7163788Z Collecting pygments>=2.7.2 (from pytest<9,>=7.0.0->pytest-asyncio==0.23.6->-r requirements-dev.txt (line 27))
2025-08-20T14:06:08.7177184Z   Using cached pygments-2.19.2-py3-none-any.whl.metadata (2.5 kB)
2025-08-20T14:06:08.7538932Z Collecting sniffio>=1.1 (from anyio->httpx<0.29,>=0.27->-r requirements-dev.txt (line 15))
2025-08-20T14:06:08.7552084Z   Using cached sniffio-1.3.1-py3-none-any.whl.metadata (3.9 kB)
2025-08-20T14:06:09.2857990Z Collecting botocore<1.41.0,>=1.40.13 (from boto3->-r requirements-dev.txt (line 8))
2025-08-20T14:06:09.2936486Z   Downloading botocore-1.40.13-py3-none-any.whl.metadata (5.7 kB)
2025-08-20T14:06:09.3115856Z Collecting jmespath<2.0.0,>=0.7.1 (from boto3->-r requirements-dev.txt (line 8))
2025-08-20T14:06:09.3129083Z   Using cached jmespath-1.0.1-py3-none-any.whl.metadata (7.6 kB)
2025-08-20T14:06:09.3333180Z Collecting s3transfer<0.14.0,>=0.13.0 (from boto3->-r requirements-dev.txt (line 8))
2025-08-20T14:06:09.3345251Z   Using cached s3transfer-0.13.1-py3-none-any.whl.metadata (1.7 kB)
2025-08-20T14:06:09.6106814Z Collecting fastapi-cli>=0.0.8 (from fastapi-cli[standard]>=0.0.8; extra == "all"->fastapi[all]->-r requirements-dev.txt (line 13))
2025-08-20T14:06:09.6119454Z   Using cached fastapi_cli-0.0.8-py3-none-any.whl.metadata (6.3 kB)
2025-08-20T14:06:09.6972758Z Collecting ujson!=4.0.2,!=4.1.0,!=4.2.0,!=4.3.0,!=5.0.0,!=5.1.0,>=4.0.1 (from fastapi[all]->-r requirements-dev.txt (line 13))
2025-08-20T14:06:09.7047836Z   Downloading ujson-5.11.0-cp312-cp312-manylinux_2_24_x86_64.manylinux_2_28_x86_64.whl.metadata (9.4 kB)
2025-08-20T14:06:09.9423454Z Collecting orjson>=3.2.1 (from fastapi[all]->-r requirements-dev.txt (line 13))
2025-08-20T14:06:09.9437752Z   Using cached orjson-3.11.2-cp312-cp312-manylinux_2_17_x86_64.manylinux2014_x86_64.whl.metadata (1.2 kB)
2025-08-20T14:06:09.9595346Z Collecting email-validator>=2.0.0 (from fastapi[all]->-r requirements-dev.txt (line 13))
2025-08-20T14:06:09.9608409Z   Using cached email_validator-2.2.0-py3-none-any.whl.metadata (25 kB)
2025-08-20T14:06:09.9926781Z Collecting uvicorn>=0.12.0 (from uvicorn[standard]>=0.12.0; extra == "all"->fastapi[all]->-r requirements-dev.txt (line 13))
2025-08-20T14:06:09.9939154Z   Using cached uvicorn-0.35.0-py3-none-any.whl.metadata (6.5 kB)
2025-08-20T14:06:10.0143466Z Collecting pydantic-settings>=2.0.0 (from fastapi[all]->-r requirements-dev.txt (line 13))
2025-08-20T14:06:10.0155968Z   Using cached pydantic_settings-2.10.1-py3-none-any.whl.metadata (3.4 kB)
2025-08-20T14:06:10.0323409Z Collecting pydantic-extra-types>=2.0.0 (from fastapi[all]->-r requirements-dev.txt (line 13))
2025-08-20T14:06:10.0335122Z   Using cached pydantic_extra_types-2.10.5-py3-none-any.whl.metadata (3.9 kB)
2025-08-20T14:06:10.1104434Z Collecting prompt-toolkit>=3.0.36 (from click-repl>=0.2.0->celery==5.5.3->-r requirements-dev.txt (line 11))
2025-08-20T14:06:10.1117018Z   Using cached prompt_toolkit-3.0.51-py3-none-any.whl.metadata (6.4 kB)
2025-08-20T14:06:10.1380211Z Collecting dnspython>=2.0.0 (from email-validator>=2.0.0->fastapi[all]->-r requirements-dev.txt (line 13))
2025-08-20T14:06:10.1386859Z   Using cached dnspython-2.7.0-py3-none-any.whl.metadata (5.8 kB)
2025-08-20T14:06:10.1802457Z Collecting typer>=0.15.1 (from fastapi-cli>=0.0.8->fastapi-cli[standard]>=0.0.8; extra == "all"->fastapi[all]->-r requirements-dev.txt (line 13))
2025-08-20T14:06:10.1814683Z   Using cached typer-0.16.1-py3-none-any.whl.metadata (15 kB)
2025-08-20T14:06:10.2119518Z Collecting rich-toolkit>=0.14.8 (from fastapi-cli>=0.0.8->fastapi-cli[standard]>=0.0.8; extra == "all"->fastapi[all]->-r requirements-dev.txt (line 13))
2025-08-20T14:06:10.2131545Z   Using cached rich_toolkit-0.15.0-py3-none-any.whl.metadata (1.0 kB)
2025-08-20T14:06:10.2293385Z Collecting fastapi-cloud-cli>=0.1.1 (from fastapi-cli[standard]>=0.0.8; extra == "all"->fastapi[all]->-r requirements-dev.txt (line 13))
2025-08-20T14:06:10.2304925Z   Using cached fastapi_cloud_cli-0.1.5-py3-none-any.whl.metadata (3.2 kB)
2025-08-20T14:06:10.3068376Z Collecting rignore>=0.5.1 (from fastapi-cloud-cli>=0.1.1->fastapi-cli[standard]>=0.0.8; extra == "all"->fastapi[all]->-r requirements-dev.txt (line 13))
2025-08-20T14:06:10.3082813Z   Using cached rignore-0.6.4-cp312-cp312-manylinux_2_17_x86_64.manylinux2014_x86_64.whl.metadata (3.8 kB)
2025-08-20T14:06:10.4052873Z Collecting sentry-sdk>=2.20.0 (from fastapi-cloud-cli>=0.1.1->fastapi-cli[standard]>=0.0.8; extra == "all"->fastapi[all]->-r requirements-dev.txt (line 13))
2025-08-20T14:06:10.4071096Z   Using cached sentry_sdk-2.35.0-py2.py3-none-any.whl.metadata (10 kB)
2025-08-20T14:06:10.5060986Z Collecting psutil>=4.0.0 (from mirakuru>=2.6.0->pytest-postgresql==7.0.2->-r requirements-dev.txt (line 29))
2025-08-20T14:06:10.5075359Z   Using cached psutil-7.0.0-cp36-abi3-manylinux_2_12_x86_64.manylinux2010_x86_64.manylinux_2_17_x86_64.manylinux2014_x86_64.whl.metadata (22 kB)
2025-08-20T14:06:10.5439856Z Collecting wcwidth (from prompt-toolkit>=3.0.36->click-repl>=0.2.0->celery==5.5.3->-r requirements-dev.txt (line 11))
2025-08-20T14:06:10.5451102Z   Using cached wcwidth-0.2.13-py2.py3-none-any.whl.metadata (14 kB)
2025-08-20T14:06:10.6765247Z Collecting rich>=13.7.1 (from rich-toolkit>=0.14.8->fastapi-cli>=0.0.8->fastapi-cli[standard]>=0.0.8; extra == "all"->fastapi[all]->-r requirements-dev.txt (line 13))
2025-08-20T14:06:10.6778370Z   Using cached rich-14.1.0-py3-none-any.whl.metadata (18 kB)
2025-08-20T14:06:10.7015684Z Collecting markdown-it-py>=2.2.0 (from rich>=13.7.1->rich-toolkit>=0.14.8->fastapi-cli>=0.0.8->fastapi-cli[standard]>=0.0.8; extra == "all"->fastapi[all]->-r requirements-dev.txt (line 13))
2025-08-20T14:06:10.7027553Z   Using cached markdown_it_py-4.0.0-py3-none-any.whl.metadata (7.3 kB)
2025-08-20T14:06:10.7279441Z Collecting mdurl~=0.1 (from markdown-it-py>=2.2.0->rich>=13.7.1->rich-toolkit>=0.14.8->fastapi-cli>=0.0.8->fastapi-cli[standard]>=0.0.8; extra == "all"->fastapi[all]->-r requirements-dev.txt (line 13))
2025-08-20T14:06:10.7292024Z   Using cached mdurl-0.1.2-py3-none-any.whl.metadata (1.6 kB)
2025-08-20T14:06:10.7821205Z Collecting shellingham>=1.3.0 (from typer>=0.15.1->fastapi-cli>=0.0.8->fastapi-cli[standard]>=0.0.8; extra == "all"->fastapi[all]->-r requirements-dev.txt (line 13))
2025-08-20T14:06:10.7833159Z   Using cached shellingham-1.5.4-py2.py3-none-any.whl.metadata (3.5 kB)
2025-08-20T14:06:10.8634323Z Collecting httptools>=0.6.3 (from uvicorn[standard]>=0.12.0; extra == "all"->fastapi[all]->-r requirements-dev.txt (line 13))
2025-08-20T14:06:10.8648518Z   Using cached httptools-0.6.4-cp312-cp312-manylinux_2_5_x86_64.manylinux1_x86_64.manylinux_2_17_x86_64.manylinux2014_x86_64.whl.metadata (3.6 kB)
2025-08-20T14:06:10.9110904Z Collecting uvloop>=0.15.1 (from uvicorn[standard]>=0.12.0; extra == "all"->fastapi[all]->-r requirements-dev.txt (line 13))
2025-08-20T14:06:10.9124341Z   Using cached uvloop-0.21.0-cp312-cp312-manylinux_2_17_x86_64.manylinux2014_x86_64.whl.metadata (4.9 kB)
2025-08-20T14:06:10.9878819Z Collecting watchfiles>=0.13 (from uvicorn[standard]>=0.12.0; extra == "all"->fastapi[all]->-r requirements-dev.txt (line 13))
2025-08-20T14:06:10.9892575Z   Using cached watchfiles-1.1.0-cp312-cp312-manylinux_2_17_x86_64.manylinux2014_x86_64.whl.metadata (4.9 kB)
2025-08-20T14:06:11.2011631Z Collecting websockets>=10.4 (from uvicorn[standard]>=0.12.0; extra == "all"->fastapi[all]->-r requirements-dev.txt (line 13))
2025-08-20T14:06:11.2025256Z   Using cached websockets-15.0.1-cp312-cp312-manylinux_2_5_x86_64.manylinux1_x86_64.manylinux_2_17_x86_64.manylinux2014_x86_64.whl.metadata (6.8 kB)
2025-08-20T14:06:11.2547015Z Collecting argon2-cffi-bindings (from argon2-cffi->minio==7.*->-r requirements-dev.txt (line 10))
2025-08-20T14:06:11.2565667Z   Using cached argon2_cffi_bindings-25.1.0-cp39-abi3-manylinux_2_26_x86_64.manylinux_2_28_x86_64.whl.metadata (7.4 kB)
2025-08-20T14:06:11.3649234Z Collecting cffi>=1.0.1 (from argon2-cffi-bindings->argon2-cffi->minio==7.*->-r requirements-dev.txt (line 10))
2025-08-20T14:06:11.3663077Z   Using cached cffi-1.17.1-cp312-cp312-manylinux_2_17_x86_64.manylinux2014_x86_64.whl.metadata (1.5 kB)
2025-08-20T14:06:11.3833029Z Collecting pycparser (from cffi>=1.0.1->argon2-cffi-bindings->argon2-cffi->minio==7.*->-r requirements-dev.txt (line 10))
2025-08-20T14:06:11.3844645Z   Using cached pycparser-2.22-py3-none-any.whl.metadata (943 bytes)
2025-08-20T14:06:11.4424617Z Using cached jinja2-3.1.6-py3-none-any.whl (134 kB)
2025-08-20T14:06:11.4436683Z Using cached alembic-1.13.1-py3-none-any.whl (233 kB)
2025-08-20T14:06:11.4450058Z Using cached APScheduler-3.10.4-py3-none-any.whl (59 kB)
2025-08-20T14:06:11.4461315Z Using cached asgi_correlation_id-4.3.1-py3-none-any.whl (15 kB)
2025-08-20T14:06:11.4472514Z Using cached asyncpg-0.30.0-cp312-cp312-manylinux_2_17_x86_64.manylinux2014_x86_64.whl (3.6 MB)
2025-08-20T14:06:11.4510011Z Using cached black-25.1.0-cp312-cp312-manylinux_2_17_x86_64.manylinux2014_x86_64.manylinux_2_28_x86_64.whl (1.8 MB)
2025-08-20T14:06:11.4533742Z Using cached celery-5.5.3-py3-none-any.whl (438 kB)
2025-08-20T14:06:11.4547581Z Using cached fastapi-0.116.1-py3-none-any.whl (95 kB)
2025-08-20T14:06:11.4559158Z Using cached pydantic-2.11.7-py3-none-any.whl (444 kB)
2025-08-20T14:06:11.4572865Z Using cached fastapi_limiter-0.1.6-py3-none-any.whl (15 kB)
2025-08-20T14:06:11.4583758Z Using cached IMAPClient-3.0.1-py2.py3-none-any.whl (182 kB)
2025-08-20T14:06:11.4595904Z Using cached mypy_extensions-1.1.0-py3-none-any.whl (5.0 kB)
2025-08-20T14:06:11.4606531Z Using cached openpyxl-3.1.5-py2.py3-none-any.whl (250 kB)
2025-08-20T14:06:11.4620467Z Using cached psycopg2_binary-2.9.10-cp312-cp312-manylinux_2_17_x86_64.manylinux2014_x86_64.whl (3.0 MB)
2025-08-20T14:06:11.4654801Z Using cached psycopg-3.2.9-py3-none-any.whl (202 kB)
2025-08-20T14:06:11.4667332Z Using cached pytest_asyncio-0.23.6-py3-none-any.whl (17 kB)
2025-08-20T14:06:11.4679035Z Using cached pytest_cov-6.2.1-py3-none-any.whl (24 kB)
2025-08-20T14:06:11.4690589Z Using cached pytest_postgresql-7.0.2-py3-none-any.whl (41 kB)
2025-08-20T14:06:11.4702559Z Using cached python_telegram_bot-22.3-py3-none-any.whl (717 kB)
2025-08-20T14:06:11.4718926Z Using cached requests-2.32.4-py3-none-any.whl (64 kB)
2025-08-20T14:06:11.4730547Z Using cached respx-0.22.0-py2.py3-none-any.whl (25 kB)
2025-08-20T14:06:11.4742616Z Using cached ruff-0.4.4-py3-none-manylinux_2_17_x86_64.manylinux2014_x86_64.whl (8.7 MB)
2025-08-20T14:06:11.4818231Z Using cached sqlalchemy-2.0.43-cp312-cp312-manylinux_2_17_x86_64.manylinux2014_x86_64.whl (3.3 MB)
2025-08-20T14:06:11.4853184Z Using cached structlog-24.1.0-py3-none-any.whl (65 kB)
2025-08-20T14:06:11.4864677Z Using cached testcontainers-4.10.0-py3-none-any.whl (107 kB)
2025-08-20T14:06:11.4876661Z Using cached types_requests-2.32.4.20250809-py3-none-any.whl (20 kB)
2025-08-20T14:06:11.4888114Z Using cached docspec_python-2.2.2-py3-none-any.whl (15 kB)
2025-08-20T14:06:11.4899501Z Using cached pydoc_markdown-4.8.2-py3-none-any.whl (67 kB)
2025-08-20T14:06:11.4910829Z Using cached docspec-2.2.1-py3-none-any.whl (9.8 kB)
2025-08-20T14:06:11.4922405Z Using cached psycopg_binary-3.2.9-cp312-cp312-manylinux_2_17_x86_64.manylinux2014_x86_64.whl (4.4 MB)
2025-08-20T14:06:11.4966362Z Using cached pydantic_core-2.33.2-cp312-cp312-manylinux_2_17_x86_64.manylinux2014_x86_64.whl (2.0 MB)
2025-08-20T14:06:11.4992164Z Using cached redis-6.4.0-py3-none-any.whl (279 kB)
2025-08-20T14:06:11.5005362Z Using cached minio-7.2.16-py3-none-any.whl (95 kB)
2025-08-20T14:06:11.5017101Z Using cached httpx-0.28.1-py3-none-any.whl (73 kB)
2025-08-20T14:06:11.5029646Z Using cached mypy-1.17.1-cp312-cp312-manylinux2014_x86_64.manylinux_2_17_x86_64.manylinux_2_28_x86_64.whl (12.7 MB)
2025-08-20T14:06:11.5135313Z Using cached numpy-1.26.4-cp312-cp312-manylinux_2_17_x86_64.manylinux2014_x86_64.whl (18.0 MB)
2025-08-20T14:06:11.5279605Z Using cached pandas-2.2.3-cp312-cp312-manylinux_2_17_x86_64.manylinux2014_x86_64.whl (12.7 MB)
2025-08-20T14:06:11.5384161Z Using cached pandera-0.19.3-py3-none-any.whl (251 kB)
2025-08-20T14:06:11.5396700Z Using cached billiard-4.2.1-py3-none-any.whl (86 kB)
2025-08-20T14:06:11.5409494Z Using cached charset_normalizer-3.4.3-cp312-cp312-manylinux2014_x86_64.manylinux_2_17_x86_64.manylinux_2_28_x86_64.whl (151 kB)
2025-08-20T14:06:11.5421450Z Using cached click-8.2.1-py3-none-any.whl (102 kB)
2025-08-20T14:06:11.5433310Z Using cached databind.core-4.5.2-py3-none-any.whl (1.5 kB)
2025-08-20T14:06:11.5444571Z Using cached databind-4.5.2-py3-none-any.whl (49 kB)
2025-08-20T14:06:11.5497522Z Using cached databind.json-4.5.2-py3-none-any.whl (1.5 kB)
2025-08-20T14:06:11.5498227Z Using cached Deprecated-1.2.18-py2.py3-none-any.whl (10.0 kB)
2025-08-20T14:06:11.5498836Z Using cached httpcore-1.0.9-py3-none-any.whl (78 kB)
2025-08-20T14:06:11.5499356Z Using cached idna-3.10-py3-none-any.whl (70 kB)
2025-08-20T14:06:11.5499862Z Using cached kombu-5.5.4-py3-none-any.whl (210 kB)
2025-08-20T14:06:11.5511262Z Using cached vine-5.1.0-py3-none-any.whl (9.6 kB)
2025-08-20T14:06:11.5521644Z Using cached amqp-5.3.1-py3-none-any.whl (50 kB)
2025-08-20T14:06:11.5532508Z Using cached multimethod-1.10-py3-none-any.whl (9.9 kB)
2025-08-20T14:06:11.5543051Z Using cached nr_date-2.1.0-py3-none-any.whl (10 kB)
2025-08-20T14:06:11.5553783Z Using cached nr_stream-1.1.5-py3-none-any.whl (10 kB)
2025-08-20T14:06:11.5564487Z Using cached nr.util-0.8.12-py3-none-any.whl (90 kB)
2025-08-20T14:06:11.5575804Z Using cached pytest-8.4.1-py3-none-any.whl (365 kB)
2025-08-20T14:06:11.5591227Z Using cached pluggy-1.6.0-py3-none-any.whl (20 kB)
2025-08-20T14:06:11.5602621Z Using cached PyYAML-6.0.2-cp312-cp312-manylinux_2_17_x86_64.manylinux2014_x86_64.whl (767 kB)
2025-08-20T14:06:11.5618434Z Using cached starlette-0.47.2-py3-none-any.whl (72 kB)
2025-08-20T14:06:11.5629545Z Using cached anyio-4.10.0-py3-none-any.whl (107 kB)
2025-08-20T14:06:11.5641811Z Using cached tomli-2.2.1-cp312-cp312-manylinux_2_17_x86_64.manylinux2014_x86_64.whl (242 kB)
2025-08-20T14:06:11.5654012Z Using cached tomli_w-1.2.0-py3-none-any.whl (6.7 kB)
2025-08-20T14:06:11.5664755Z Using cached typeapi-2.2.4-py3-none-any.whl (26 kB)
2025-08-20T14:06:11.5675784Z Using cached typing_extensions-4.14.1-py3-none-any.whl (43 kB)
2025-08-20T14:06:11.5687108Z Using cached urllib3-2.5.0-py3-none-any.whl (129 kB)
2025-08-20T14:06:11.5699936Z Using cached wrapt-1.17.3-cp312-cp312-manylinux1_x86_64.manylinux_2_28_x86_64.manylinux_2_5_x86_64.whl (88 kB)
2025-08-20T14:06:11.5772787Z Downloading boto3-1.40.13-py3-none-any.whl (140 kB)
2025-08-20T14:06:11.6032320Z Downloading botocore-1.40.13-py3-none-any.whl (14.0 MB)
2025-08-20T14:06:11.9007767Z    ━━━━━━━━━━━━━━━━━━━━━━━━━━━━━━━━━━━━━━━━ 14.0/14.0 MB 49.6 MB/s  0:00:00
2025-08-20T14:06:11.9020659Z Using cached jmespath-1.0.1-py3-none-any.whl (20 kB)
2025-08-20T14:06:11.9032611Z Using cached python_dateutil-2.9.0.post0-py2.py3-none-any.whl (229 kB)
2025-08-20T14:06:11.9045165Z Using cached s3transfer-0.13.1-py3-none-any.whl (85 kB)
2025-08-20T14:06:11.9056824Z Using cached itsdangerous-2.2.0-py3-none-any.whl (16 kB)
2025-08-20T14:06:11.9067972Z Using cached setuptools-80.9.0-py3-none-any.whl (1.2 MB)
2025-08-20T14:06:11.9087079Z Using cached python_dotenv-1.1.1-py3-none-any.whl (20 kB)
2025-08-20T14:06:11.9098021Z Using cached python_multipart-0.0.20-py3-none-any.whl (24 kB)
2025-08-20T14:06:11.9109066Z Using cached annotated_types-0.7.0-py3-none-any.whl (13 kB)
2025-08-20T14:06:11.9119837Z Using cached certifi-2025.8.3-py3-none-any.whl (161 kB)
2025-08-20T14:06:11.9131524Z Using cached click_didyoumean-0.3.1-py3-none-any.whl (3.6 kB)
2025-08-20T14:06:11.9142124Z Using cached click_plugins-1.1.1.2-py2.py3-none-any.whl (11 kB)
2025-08-20T14:06:11.9153233Z Using cached click_repl-0.3.0-py3-none-any.whl (10 kB)
2025-08-20T14:06:11.9164445Z Using cached coverage-7.10.4-cp312-cp312-manylinux1_x86_64.manylinux_2_28_x86_64.manylinux_2_5_x86_64.whl (251 kB)
2025-08-20T14:06:11.9176113Z Using cached email_validator-2.2.0-py3-none-any.whl (33 kB)
2025-08-20T14:06:11.9186949Z Using cached dnspython-2.7.0-py3-none-any.whl (313 kB)
2025-08-20T14:06:11.9200082Z Using cached fastapi_cli-0.0.8-py3-none-any.whl (10 kB)
2025-08-20T14:06:11.9210797Z Using cached fastapi_cloud_cli-0.1.5-py3-none-any.whl (18 kB)
2025-08-20T14:06:11.9221809Z Using cached greenlet-3.2.4-cp312-cp312-manylinux_2_24_x86_64.manylinux_2_28_x86_64.whl (607 kB)
2025-08-20T14:06:11.9236236Z Using cached h11-0.16.0-py3-none-any.whl (37 kB)
2025-08-20T14:06:11.9247197Z Using cached iniconfig-2.1.0-py3-none-any.whl (6.0 kB)
2025-08-20T14:06:11.9258297Z Using cached MarkupSafe-3.0.2-cp312-cp312-manylinux_2_17_x86_64.manylinux2014_x86_64.whl (23 kB)
2025-08-20T14:06:11.9268997Z Using cached mirakuru-2.6.1-py3-none-any.whl (26 kB)
2025-08-20T14:06:11.9280045Z Using cached orjson-3.11.2-cp312-cp312-manylinux_2_17_x86_64.manylinux2014_x86_64.whl (121 kB)
2025-08-20T14:06:11.9291212Z Using cached packaging-25.0-py3-none-any.whl (66 kB)
2025-08-20T14:06:11.9302181Z Using cached pathspec-0.12.1-py3-none-any.whl (31 kB)
2025-08-20T14:06:11.9313199Z Using cached platformdirs-4.3.8-py3-none-any.whl (18 kB)
2025-08-20T14:06:11.9323563Z Using cached port_for-0.7.4-py3-none-any.whl (21 kB)
2025-08-20T14:06:11.9334362Z Using cached prompt_toolkit-3.0.51-py3-none-any.whl (387 kB)
2025-08-20T14:06:11.9348446Z Using cached psutil-7.0.0-cp36-abi3-manylinux_2_12_x86_64.manylinux2010_x86_64.manylinux_2_17_x86_64.manylinux2014_x86_64.whl (277 kB)
2025-08-20T14:06:11.9360753Z Using cached pydantic_extra_types-2.10.5-py3-none-any.whl (38 kB)
2025-08-20T14:06:11.9371720Z Using cached pydantic_settings-2.10.1-py3-none-any.whl (45 kB)
2025-08-20T14:06:11.9382770Z Using cached pygments-2.19.2-py3-none-any.whl (1.2 MB)
2025-08-20T14:06:11.9401946Z Using cached pytz-2025.2-py2.py3-none-any.whl (509 kB)
2025-08-20T14:06:11.9415894Z Using cached rich_toolkit-0.15.0-py3-none-any.whl (29 kB)
2025-08-20T14:06:11.9426624Z Using cached rich-14.1.0-py3-none-any.whl (243 kB)
2025-08-20T14:06:11.9439317Z Using cached markdown_it_py-4.0.0-py3-none-any.whl (87 kB)
2025-08-20T14:06:11.9450501Z Using cached mdurl-0.1.2-py3-none-any.whl (10.0 kB)
2025-08-20T14:06:11.9461736Z Using cached rignore-0.6.4-cp312-cp312-manylinux_2_17_x86_64.manylinux2014_x86_64.whl (949 kB)
2025-08-20T14:06:11.9479304Z Using cached sentry_sdk-2.35.0-py2.py3-none-any.whl (363 kB)
2025-08-20T14:06:11.9492378Z Using cached six-1.17.0-py2.py3-none-any.whl (11 kB)
2025-08-20T14:06:11.9503112Z Using cached sniffio-1.3.1-py3-none-any.whl (10 kB)
2025-08-20T14:06:11.9513642Z Using cached typer-0.16.1-py3-none-any.whl (46 kB)
2025-08-20T14:06:11.9524543Z Using cached shellingham-1.5.4-py2.py3-none-any.whl (9.8 kB)
2025-08-20T14:06:11.9535090Z Using cached typing_inspect-0.9.0-py3-none-any.whl (8.8 kB)
2025-08-20T14:06:11.9545764Z Using cached typing_inspection-0.4.1-py3-none-any.whl (14 kB)
2025-08-20T14:06:11.9556483Z Using cached tzdata-2025.2-py2.py3-none-any.whl (347 kB)
2025-08-20T14:06:11.9569808Z Using cached tzlocal-5.3.1-py3-none-any.whl (18 kB)
2025-08-20T14:06:11.9641454Z Downloading ujson-5.11.0-cp312-cp312-manylinux_2_24_x86_64.manylinux_2_28_x86_64.whl (57 kB)
2025-08-20T14:06:11.9676440Z Using cached uvicorn-0.35.0-py3-none-any.whl (66 kB)
2025-08-20T14:06:11.9688496Z Using cached httptools-0.6.4-cp312-cp312-manylinux_2_5_x86_64.manylinux1_x86_64.manylinux_2_17_x86_64.manylinux2014_x86_64.whl (510 kB)
2025-08-20T14:06:11.9702787Z Using cached uvloop-0.21.0-cp312-cp312-manylinux_2_17_x86_64.manylinux2014_x86_64.whl (4.7 MB)
2025-08-20T14:06:11.9746801Z Using cached watchfiles-1.1.0-cp312-cp312-manylinux_2_17_x86_64.manylinux2014_x86_64.whl (452 kB)
2025-08-20T14:06:11.9761417Z Using cached websockets-15.0.1-cp312-cp312-manylinux_2_5_x86_64.manylinux1_x86_64.manylinux_2_17_x86_64.manylinux2014_x86_64.whl (182 kB)
2025-08-20T14:06:11.9772681Z Using cached yapf-0.43.0-py3-none-any.whl (256 kB)
2025-08-20T14:06:11.9785010Z Using cached argon2_cffi-25.1.0-py3-none-any.whl (14 kB)
2025-08-20T14:06:11.9796343Z Using cached argon2_cffi_bindings-25.1.0-cp39-abi3-manylinux_2_26_x86_64.manylinux_2_28_x86_64.whl (87 kB)
2025-08-20T14:06:11.9807774Z Using cached cffi-1.17.1-cp312-cp312-manylinux_2_17_x86_64.manylinux2014_x86_64.whl (479 kB)
2025-08-20T14:06:11.9821681Z Using cached docker-7.1.0-py3-none-any.whl (147 kB)
2025-08-20T14:06:11.9833202Z Using cached et_xmlfile-2.0.0-py3-none-any.whl (18 kB)
2025-08-20T14:06:11.9843892Z Using cached mako-1.3.10-py3-none-any.whl (78 kB)
2025-08-20T14:06:11.9854915Z Using cached pycparser-2.22-py3-none-any.whl (117 kB)
2025-08-20T14:06:11.9866681Z Using cached pycryptodome-3.23.0-cp37-abi3-manylinux_2_17_x86_64.manylinux2014_x86_64.whl (2.3 MB)
2025-08-20T14:06:11.9893411Z Using cached typeguard-4.4.4-py3-none-any.whl (34 kB)
2025-08-20T14:06:11.9904318Z Using cached watchdog-6.0.0-py3-none-manylinux2014_x86_64.whl (79 kB)
2025-08-20T14:06:11.9915394Z Using cached wcwidth-0.2.13-py2.py3-none-any.whl (34 kB)
2025-08-20T14:06:12.4582227Z Installing collected packages: wcwidth, pytz, wrapt, websockets, watchdog, vine, uvloop, urllib3, ujson, tzlocal, tzdata, typing-extensions, tomli_w, tomli, structlog, sniffio, six, shellingham, setuptools, ruff, rignore, redis, PyYAML, python-multipart, python-dotenv, pygments, pycryptodome, pycparser, psycopg2-binary, psycopg-binary, psutil, prompt-toolkit, port-for, pluggy, platformdirs, pathspec, packaging, orjson, numpy, nr-stream, nr-date, mypy-extensions, multimethod, mdurl, MarkupSafe, jmespath, itsdangerous, iniconfig, imapclient, idna, httptools, h11, greenlet, et-xmlfile, docstring-parser, dnspython, coverage, click, charset_normalizer, certifi, billiard, asyncpg, annotated-types, yapf, uvicorn, typing-inspection, typing-inspect, types-requests, typeguard, typeapi, sqlalchemy, sentry-sdk, requests, python-dateutil, pytest, pydantic-core, psycopg, openpyxl, mypy, mirakuru, markdown-it-py, Mako, Jinja2, httpcore, email-validator, Deprecated, click-repl, click-plugins, click-didyoumean, cffi, black, apscheduler, anyio, amqp, watchfiles, starlette, rich, pytest-postgresql, pytest-cov, pytest-asyncio, pydantic, pandas, nr-util, kombu, httpx, docker, databind, botocore, argon2-cffi-bindings, alembic, typer, testcontainers, s3transfer, rich-toolkit, respx, python-telegram-bot, pydantic-settings, pydantic-extra-types, pandera, fastapi, databind.json, databind.core, celery, asgi-correlation-id, argon2-cffi, minio, fastapi-limiter, fastapi-cloud-cli, fastapi-cli, docspec, boto3, docspec-python, pydoc-markdown
2025-08-20T14:06:31.5926085Z 
2025-08-20T14:06:31.6047077Z Successfully installed Deprecated-1.2.18 Jinja2-3.1.6 Mako-1.3.10 MarkupSafe-3.0.2 PyYAML-6.0.2 alembic-1.13.1 amqp-5.3.1 annotated-types-0.7.0 anyio-4.10.0 apscheduler-3.10.4 argon2-cffi-25.1.0 argon2-cffi-bindings-25.1.0 asgi-correlation-id-4.3.1 asyncpg-0.30.0 billiard-4.2.1 black-25.1.0 boto3-1.40.13 botocore-1.40.13 celery-5.5.3 certifi-2025.8.3 cffi-1.17.1 charset_normalizer-3.4.3 click-8.2.1 click-didyoumean-0.3.1 click-plugins-1.1.1.2 click-repl-0.3.0 coverage-7.10.4 databind-4.5.2 databind.core-4.5.2 databind.json-4.5.2 dnspython-2.7.0 docker-7.1.0 docspec-2.2.1 docspec-python-2.2.2 docstring-parser-0.11 email-validator-2.2.0 et-xmlfile-2.0.0 fastapi-0.116.1 fastapi-cli-0.0.8 fastapi-cloud-cli-0.1.5 fastapi-limiter-0.1.6 greenlet-3.2.4 h11-0.16.0 httpcore-1.0.9 httptools-0.6.4 httpx-0.28.1 idna-3.10 imapclient-3.0.1 iniconfig-2.1.0 itsdangerous-2.2.0 jmespath-1.0.1 kombu-5.5.4 markdown-it-py-4.0.0 mdurl-0.1.2 minio-7.2.16 mirakuru-2.6.1 multimethod-1.10 mypy-1.17.1 mypy-extensions-1.1.0 nr-date-2.1.0 nr-stream-1.1.5 nr-util-0.8.12 numpy-1.26.4 openpyxl-3.1.5 orjson-3.11.2 packaging-25.0 pandas-2.2.3 pandera-0.19.3 pathspec-0.12.1 platformdirs-4.3.8 pluggy-1.6.0 port-for-0.7.4 prompt-toolkit-3.0.51 psutil-7.0.0 psycopg-3.2.9 psycopg-binary-3.2.9 psycopg2-binary-2.9.10 pycparser-2.22 pycryptodome-3.23.0 pydantic-2.11.7 pydantic-core-2.33.2 pydantic-extra-types-2.10.5 pydantic-settings-2.10.1 pydoc-markdown-4.8.2 pygments-2.19.2 pytest-8.4.1 pytest-asyncio-0.23.6 pytest-cov-6.2.1 pytest-postgresql-7.0.2 python-dateutil-2.9.0.post0 python-dotenv-1.1.1 python-multipart-0.0.20 python-telegram-bot-22.3 pytz-2025.2 redis-6.4.0 requests-2.32.4 respx-0.22.0 rich-14.1.0 rich-toolkit-0.15.0 rignore-0.6.4 ruff-0.4.4 s3transfer-0.13.1 sentry-sdk-2.35.0 setuptools-80.9.0 shellingham-1.5.4 six-1.17.0 sniffio-1.3.1 sqlalchemy-2.0.43 starlette-0.47.2 structlog-24.1.0 testcontainers-4.10.0 tomli-2.2.1 tomli_w-1.2.0 typeapi-2.2.4 typeguard-4.4.4 typer-0.16.1 types-requests-2.32.4.20250809 typing-extensions-4.14.1 typing-inspect-0.9.0 typing-inspection-0.4.1 tzdata-2025.2 tzlocal-5.3.1 ujson-5.11.0 urllib3-2.5.0 uvicorn-0.35.0 uvloop-0.21.0 vine-5.1.0 watchdog-6.0.0 watchfiles-1.1.0 wcwidth-0.2.13 websockets-15.0.1 wrapt-1.17.3 yapf-0.43.0
2025-08-20T14:06:32.8960434Z Collecting keepa==1.3.15
2025-08-20T14:06:32.8974928Z   Using cached keepa-1.3.15-py3-none-any.whl.metadata (11 kB)
2025-08-20T14:06:32.9282502Z Collecting minio==7.1.15
2025-08-20T14:06:32.9294243Z   Using cached minio-7.1.15-py3-none-any.whl.metadata (4.2 kB)
2025-08-20T14:06:32.9321878Z Requirement already satisfied: numpy>=1.9.3 in /opt/hostedtoolcache/Python/3.12.11/x64/lib/python3.12/site-packages (from keepa==1.3.15) (1.26.4)
2025-08-20T14:06:32.9328514Z Requirement already satisfied: requests>=2.2 in /opt/hostedtoolcache/Python/3.12.11/x64/lib/python3.12/site-packages (from keepa==1.3.15) (2.32.4)
2025-08-20T14:06:32.9680634Z Collecting tqdm (from keepa==1.3.15)
2025-08-20T14:06:32.9692346Z   Using cached tqdm-4.67.1-py3-none-any.whl.metadata (57 kB)
2025-08-20T14:06:33.4487720Z Collecting aiohttp (from keepa==1.3.15)
2025-08-20T14:06:33.4501154Z   Using cached aiohttp-3.12.15-cp312-cp312-manylinux_2_17_x86_64.manylinux2014_x86_64.whl.metadata (7.7 kB)
2025-08-20T14:06:33.4535702Z Requirement already satisfied: pandas<=3.0 in /opt/hostedtoolcache/Python/3.12.11/x64/lib/python3.12/site-packages (from keepa==1.3.15) (2.2.3)
2025-08-20T14:06:33.4539934Z Requirement already satisfied: pydantic in /opt/hostedtoolcache/Python/3.12.11/x64/lib/python3.12/site-packages (from keepa==1.3.15) (2.11.7)
2025-08-20T14:06:33.4547530Z Requirement already satisfied: certifi in /opt/hostedtoolcache/Python/3.12.11/x64/lib/python3.12/site-packages (from minio==7.1.15) (2025.8.3)
2025-08-20T14:06:33.4550699Z Requirement already satisfied: urllib3 in /opt/hostedtoolcache/Python/3.12.11/x64/lib/python3.12/site-packages (from minio==7.1.15) (2.5.0)
2025-08-20T14:06:33.4608174Z Requirement already satisfied: python-dateutil>=2.8.2 in /opt/hostedtoolcache/Python/3.12.11/x64/lib/python3.12/site-packages (from pandas<=3.0->keepa==1.3.15) (2.9.0.post0)
2025-08-20T14:06:33.4613284Z Requirement already satisfied: pytz>=2020.1 in /opt/hostedtoolcache/Python/3.12.11/x64/lib/python3.12/site-packages (from pandas<=3.0->keepa==1.3.15) (2025.2)
2025-08-20T14:06:33.4618254Z Requirement already satisfied: tzdata>=2022.7 in /opt/hostedtoolcache/Python/3.12.11/x64/lib/python3.12/site-packages (from pandas<=3.0->keepa==1.3.15) (2025.2)
2025-08-20T14:06:33.4744217Z Requirement already satisfied: six>=1.5 in /opt/hostedtoolcache/Python/3.12.11/x64/lib/python3.12/site-packages (from python-dateutil>=2.8.2->pandas<=3.0->keepa==1.3.15) (1.17.0)
2025-08-20T14:06:33.4763148Z Requirement already satisfied: charset_normalizer<4,>=2 in /opt/hostedtoolcache/Python/3.12.11/x64/lib/python3.12/site-packages (from requests>=2.2->keepa==1.3.15) (3.4.3)
2025-08-20T14:06:33.4769506Z Requirement already satisfied: idna<4,>=2.5 in /opt/hostedtoolcache/Python/3.12.11/x64/lib/python3.12/site-packages (from requests>=2.2->keepa==1.3.15) (3.10)
2025-08-20T14:06:33.5002122Z Collecting aiohappyeyeballs>=2.5.0 (from aiohttp->keepa==1.3.15)
2025-08-20T14:06:33.5013175Z   Using cached aiohappyeyeballs-2.6.1-py3-none-any.whl.metadata (5.9 kB)
2025-08-20T14:06:33.5130441Z Collecting aiosignal>=1.4.0 (from aiohttp->keepa==1.3.15)
2025-08-20T14:06:33.5141502Z   Using cached aiosignal-1.4.0-py3-none-any.whl.metadata (3.7 kB)
2025-08-20T14:06:33.5313972Z Collecting attrs>=17.3.0 (from aiohttp->keepa==1.3.15)
2025-08-20T14:06:33.5324967Z   Using cached attrs-25.3.0-py3-none-any.whl.metadata (10 kB)
2025-08-20T14:06:33.6015128Z Collecting frozenlist>=1.1.1 (from aiohttp->keepa==1.3.15)
2025-08-20T14:06:33.6028406Z   Using cached frozenlist-1.7.0-cp312-cp312-manylinux_2_5_x86_64.manylinux1_x86_64.manylinux_2_17_x86_64.manylinux2014_x86_64.whl.metadata (18 kB)
2025-08-20T14:06:33.8416859Z Collecting multidict<7.0,>=4.5 (from aiohttp->keepa==1.3.15)
2025-08-20T14:06:33.8430903Z   Using cached multidict-6.6.4-cp312-cp312-manylinux2014_x86_64.manylinux_2_17_x86_64.manylinux_2_28_x86_64.whl.metadata (5.3 kB)
2025-08-20T14:06:33.8868846Z Collecting propcache>=0.2.0 (from aiohttp->keepa==1.3.15)
2025-08-20T14:06:33.8881078Z   Using cached propcache-0.3.2-cp312-cp312-manylinux_2_17_x86_64.manylinux2014_x86_64.whl.metadata (12 kB)
2025-08-20T14:06:34.1248469Z Collecting yarl<2.0,>=1.17.0 (from aiohttp->keepa==1.3.15)
2025-08-20T14:06:34.1262145Z   Using cached yarl-1.20.1-cp312-cp312-manylinux_2_17_x86_64.manylinux2014_x86_64.whl.metadata (73 kB)
2025-08-20T14:06:34.1480611Z Requirement already satisfied: typing-extensions>=4.2 in /opt/hostedtoolcache/Python/3.12.11/x64/lib/python3.12/site-packages (from aiosignal>=1.4.0->aiohttp->keepa==1.3.15) (4.14.1)
2025-08-20T14:06:34.1529951Z Requirement already satisfied: annotated-types>=0.6.0 in /opt/hostedtoolcache/Python/3.12.11/x64/lib/python3.12/site-packages (from pydantic->keepa==1.3.15) (0.7.0)
2025-08-20T14:06:34.1535750Z Requirement already satisfied: pydantic-core==2.33.2 in /opt/hostedtoolcache/Python/3.12.11/x64/lib/python3.12/site-packages (from pydantic->keepa==1.3.15) (2.33.2)
2025-08-20T14:06:34.1543633Z Requirement already satisfied: typing-inspection>=0.4.0 in /opt/hostedtoolcache/Python/3.12.11/x64/lib/python3.12/site-packages (from pydantic->keepa==1.3.15) (0.4.1)
2025-08-20T14:06:34.1605415Z Using cached keepa-1.3.15-py3-none-any.whl (38 kB)
2025-08-20T14:06:34.1616856Z Using cached minio-7.1.15-py3-none-any.whl (77 kB)
2025-08-20T14:06:34.1629126Z Using cached aiohttp-3.12.15-cp312-cp312-manylinux_2_17_x86_64.manylinux2014_x86_64.whl (1.7 MB)
2025-08-20T14:06:34.1652828Z Using cached multidict-6.6.4-cp312-cp312-manylinux2014_x86_64.manylinux_2_17_x86_64.manylinux_2_28_x86_64.whl (256 kB)
2025-08-20T14:06:34.1665472Z Using cached yarl-1.20.1-cp312-cp312-manylinux_2_17_x86_64.manylinux2014_x86_64.whl (355 kB)
2025-08-20T14:06:34.1679190Z Using cached aiohappyeyeballs-2.6.1-py3-none-any.whl (15 kB)
2025-08-20T14:06:34.1690512Z Using cached aiosignal-1.4.0-py3-none-any.whl (7.5 kB)
2025-08-20T14:06:34.1701556Z Using cached attrs-25.3.0-py3-none-any.whl (63 kB)
2025-08-20T14:06:34.1713778Z Using cached frozenlist-1.7.0-cp312-cp312-manylinux_2_5_x86_64.manylinux1_x86_64.manylinux_2_17_x86_64.manylinux2014_x86_64.whl (241 kB)
2025-08-20T14:06:34.1726604Z Using cached propcache-0.3.2-cp312-cp312-manylinux_2_17_x86_64.manylinux2014_x86_64.whl (224 kB)
2025-08-20T14:06:34.1739154Z Using cached tqdm-4.67.1-py3-none-any.whl (78 kB)
2025-08-20T14:06:34.3539937Z Installing collected packages: tqdm, propcache, multidict, minio, frozenlist, attrs, aiohappyeyeballs, yarl, aiosignal, aiohttp, keepa
2025-08-20T14:06:34.4281667Z   Attempting uninstall: minio
2025-08-20T14:06:34.4329588Z     Found existing installation: minio 7.2.16
2025-08-20T14:06:34.4366136Z     Uninstalling minio-7.2.16:
2025-08-20T14:06:34.4376504Z       Successfully uninstalled minio-7.2.16
2025-08-20T14:06:34.7956859Z 
2025-08-20T14:06:34.8071757Z Successfully installed aiohappyeyeballs-2.6.1 aiohttp-3.12.15 aiosignal-1.4.0 attrs-25.3.0 frozenlist-1.7.0 keepa-1.3.15 minio-7.1.15 multidict-6.6.4 propcache-0.3.2 tqdm-4.67.1 yarl-1.20.1
2025-08-20T14:06:34.9668346Z ##[group]Run ruff check .
2025-08-20T14:06:34.9668628Z [36;1mruff check .[0m
2025-08-20T14:06:34.9668834Z [36;1mruff format --check .[0m
2025-08-20T14:06:34.9710104Z shell: /usr/bin/bash -e {0}
2025-08-20T14:06:34.9710323Z env:
2025-08-20T14:06:34.9710528Z   REDIS_URL: redis://localhost:6379/0
2025-08-20T14:06:34.9710790Z   RATE_LIMIT_DEFAULT: 100/minute
2025-08-20T14:06:34.9711008Z   TRUST_X_FORWARDED: 1
2025-08-20T14:06:34.9711219Z   PG_USER: postgres
2025-08-20T14:06:34.9711406Z   PG_PASSWORD: pass
2025-08-20T14:06:34.9711584Z   PG_DATABASE: awa
2025-08-20T14:06:34.9711773Z   PG_HOST: localhost
2025-08-20T14:06:34.9711966Z   PG_PORT: 5432
2025-08-20T14:06:34.9712558Z   PG_SYNC_DSN: ***localhost:5432/awa
2025-08-20T14:06:34.9712972Z   PG_ASYNC_DSN: ***localhost:5432/awa
2025-08-20T14:06:34.9713371Z   DATABASE_URL: ***localhost:5432/awa
2025-08-20T14:06:34.9713604Z   DATA_DIR: /tmp/awa-data
2025-08-20T14:06:34.9713813Z   ENABLE_LIVE: 0
2025-08-20T14:06:34.9714020Z   TESTING: 1
2025-08-20T14:06:34.9714259Z   pythonLocation: /opt/hostedtoolcache/Python/3.12.11/x64
2025-08-20T14:06:34.9714658Z   PKG_CONFIG_PATH: /opt/hostedtoolcache/Python/3.12.11/x64/lib/pkgconfig
2025-08-20T14:06:34.9715048Z   Python_ROOT_DIR: /opt/hostedtoolcache/Python/3.12.11/x64
2025-08-20T14:06:34.9715390Z   Python2_ROOT_DIR: /opt/hostedtoolcache/Python/3.12.11/x64
2025-08-20T14:06:34.9715735Z   Python3_ROOT_DIR: /opt/hostedtoolcache/Python/3.12.11/x64
2025-08-20T14:06:34.9716271Z   LD_LIBRARY_PATH: /opt/hostedtoolcache/Python/3.12.11/x64/lib
2025-08-20T14:06:34.9716564Z ##[endgroup]
2025-08-20T14:06:34.9988411Z All checks passed!
2025-08-20T14:06:35.0216701Z 253 files already formatted
2025-08-20T14:06:35.0252421Z ##[group]Run for i in {1..30}; do pg_isready -h "$PG_HOST" -p "$PG_PORT" -U "$PG_USER" -d "$PG_DATABASE" && break; sleep 1; done
2025-08-20T14:06:35.0253085Z [36;1mfor i in {1..30}; do pg_isready -h "$PG_HOST" -p "$PG_PORT" -U "$PG_USER" -d "$PG_DATABASE" && break; sleep 1; done[0m
2025-08-20T14:06:35.0293692Z shell: /usr/bin/bash -e {0}
2025-08-20T14:06:35.0293933Z env:
2025-08-20T14:06:35.0294154Z   REDIS_URL: redis://localhost:6379/0
2025-08-20T14:06:35.0294433Z   RATE_LIMIT_DEFAULT: 100/minute
2025-08-20T14:06:35.0294675Z   TRUST_X_FORWARDED: 1
2025-08-20T14:06:35.0294880Z   PG_USER: postgres
2025-08-20T14:06:35.0295080Z   PG_PASSWORD: pass
2025-08-20T14:06:35.0295280Z   PG_DATABASE: awa
2025-08-20T14:06:35.0295471Z   PG_HOST: localhost
2025-08-20T14:06:35.0295686Z   PG_PORT: 5432
2025-08-20T14:06:35.0296160Z   PG_SYNC_DSN: ***localhost:5432/awa
2025-08-20T14:06:35.0296611Z   PG_ASYNC_DSN: ***localhost:5432/awa
2025-08-20T14:06:35.0297039Z   DATABASE_URL: ***localhost:5432/awa
2025-08-20T14:06:35.0297291Z   DATA_DIR: /tmp/awa-data
2025-08-20T14:06:35.0297866Z   ENABLE_LIVE: 0
2025-08-20T14:06:35.0298056Z   TESTING: 1
2025-08-20T14:06:35.0298302Z   pythonLocation: /opt/hostedtoolcache/Python/3.12.11/x64
2025-08-20T14:06:35.0298713Z   PKG_CONFIG_PATH: /opt/hostedtoolcache/Python/3.12.11/x64/lib/pkgconfig
2025-08-20T14:06:35.0299124Z   Python_ROOT_DIR: /opt/hostedtoolcache/Python/3.12.11/x64
2025-08-20T14:06:35.0299486Z   Python2_ROOT_DIR: /opt/hostedtoolcache/Python/3.12.11/x64
2025-08-20T14:06:35.0299846Z   Python3_ROOT_DIR: /opt/hostedtoolcache/Python/3.12.11/x64
2025-08-20T14:06:35.0300212Z   LD_LIBRARY_PATH: /opt/hostedtoolcache/Python/3.12.11/x64/lib
2025-08-20T14:06:35.0300521Z ##[endgroup]
2025-08-20T14:06:35.0957789Z localhost:5432 - accepting connections
2025-08-20T14:06:35.0994987Z ##[group]Run psql -h "$PG_HOST" -p "$PG_PORT" -U "$PG_USER" -d "$PG_DATABASE" -c "SELECT 1"
2025-08-20T14:06:35.0995534Z [36;1mpsql -h "$PG_HOST" -p "$PG_PORT" -U "$PG_USER" -d "$PG_DATABASE" -c "SELECT 1"[0m
2025-08-20T14:06:35.1035064Z shell: /usr/bin/bash -e {0}
2025-08-20T14:06:35.1035287Z env:
2025-08-20T14:06:35.1035477Z   REDIS_URL: redis://localhost:6379/0
2025-08-20T14:06:35.1035733Z   RATE_LIMIT_DEFAULT: 100/minute
2025-08-20T14:06:35.1035945Z   TRUST_X_FORWARDED: 1
2025-08-20T14:06:35.1036131Z   PG_USER: postgres
2025-08-20T14:06:35.1036323Z   PG_PASSWORD: pass
2025-08-20T14:06:35.1036503Z   PG_DATABASE: awa
2025-08-20T14:06:35.1036673Z   PG_HOST: localhost
2025-08-20T14:06:35.1036853Z   PG_PORT: 5432
2025-08-20T14:06:35.1037295Z   PG_SYNC_DSN: ***localhost:5432/awa
2025-08-20T14:06:35.1037977Z   PG_ASYNC_DSN: ***localhost:5432/awa
2025-08-20T14:06:35.1038364Z   DATABASE_URL: ***localhost:5432/awa
2025-08-20T14:06:35.1038591Z   DATA_DIR: /tmp/awa-data
2025-08-20T14:06:35.1038828Z   ENABLE_LIVE: 0
2025-08-20T14:06:35.1038995Z   TESTING: 1
2025-08-20T14:06:35.1039231Z   pythonLocation: /opt/hostedtoolcache/Python/3.12.11/x64
2025-08-20T14:06:35.1039618Z   PKG_CONFIG_PATH: /opt/hostedtoolcache/Python/3.12.11/x64/lib/pkgconfig
2025-08-20T14:06:35.1039996Z   Python_ROOT_DIR: /opt/hostedtoolcache/Python/3.12.11/x64
2025-08-20T14:06:35.1040328Z   Python2_ROOT_DIR: /opt/hostedtoolcache/Python/3.12.11/x64
2025-08-20T14:06:35.1040669Z   Python3_ROOT_DIR: /opt/hostedtoolcache/Python/3.12.11/x64
2025-08-20T14:06:35.1041010Z   LD_LIBRARY_PATH: /opt/hostedtoolcache/Python/3.12.11/x64/lib
2025-08-20T14:06:35.1041300Z   PGPASSWORD: pass
2025-08-20T14:06:35.1041481Z ##[endgroup]
2025-08-20T14:06:35.1775247Z  ?column? 
2025-08-20T14:06:35.1775544Z ----------
2025-08-20T14:06:35.1775770Z         1
2025-08-20T14:06:35.1775983Z (1 row)
2025-08-20T14:06:35.1776106Z 
2025-08-20T14:06:35.1822913Z ##[group]Run alembic -c services/api/alembic.ini upgrade head
2025-08-20T14:06:35.1823487Z [36;1malembic -c services/api/alembic.ini upgrade head[0m
2025-08-20T14:06:35.1863046Z shell: /usr/bin/bash -e {0}
2025-08-20T14:06:35.1863263Z env:
2025-08-20T14:06:35.1863467Z   REDIS_URL: redis://localhost:6379/0
2025-08-20T14:06:35.1863724Z   RATE_LIMIT_DEFAULT: 100/minute
2025-08-20T14:06:35.1863942Z   TRUST_X_FORWARDED: 1
2025-08-20T14:06:35.1864144Z   PG_USER: postgres
2025-08-20T14:06:35.1864330Z   PG_PASSWORD: pass
2025-08-20T14:06:35.1864500Z   PG_DATABASE: awa
2025-08-20T14:06:35.1864679Z   PG_HOST: localhost
2025-08-20T14:06:35.1864858Z   PG_PORT: 5432
2025-08-20T14:06:35.1865267Z   PG_SYNC_DSN: ***localhost:5432/awa
2025-08-20T14:06:35.1865663Z   PG_ASYNC_DSN: ***localhost:5432/awa
2025-08-20T14:06:35.1866045Z   DATABASE_URL: ***localhost:5432/awa
2025-08-20T14:06:35.1866269Z   DATA_DIR: /tmp/awa-data
2025-08-20T14:06:35.1866469Z   ENABLE_LIVE: 0
2025-08-20T14:06:35.1866669Z   TESTING: 1
2025-08-20T14:06:35.1866905Z   pythonLocation: /opt/hostedtoolcache/Python/3.12.11/x64
2025-08-20T14:06:35.1867293Z   PKG_CONFIG_PATH: /opt/hostedtoolcache/Python/3.12.11/x64/lib/pkgconfig
2025-08-20T14:06:35.1867892Z   Python_ROOT_DIR: /opt/hostedtoolcache/Python/3.12.11/x64
2025-08-20T14:06:35.1868239Z   Python2_ROOT_DIR: /opt/hostedtoolcache/Python/3.12.11/x64
2025-08-20T14:06:35.1868576Z   Python3_ROOT_DIR: /opt/hostedtoolcache/Python/3.12.11/x64
2025-08-20T14:06:35.1868923Z   LD_LIBRARY_PATH: /opt/hostedtoolcache/Python/3.12.11/x64/lib
2025-08-20T14:06:35.1869213Z ##[endgroup]
2025-08-20T14:06:36.0284972Z INFO  [alembic.runtime.migration] Context impl PostgresqlImpl.
2025-08-20T14:06:36.0285778Z INFO  [alembic.runtime.migration] Will assume transactional DDL.
2025-08-20T14:06:36.0467823Z INFO  [alembic.runtime.migration] Running upgrade  -> 0001_baseline
2025-08-20T14:06:36.0633606Z INFO  [alembic.runtime.migration] Running upgrade 0001_baseline -> 0002_create_roi_view
2025-08-20T14:06:36.0660568Z INFO  [alembic.runtime.migration] Running upgrade 0002_create_roi_view -> 3e9d5c5aff2c
2025-08-20T14:06:36.0831644Z INFO  [alembic.runtime.migration] Running upgrade 3e9d5c5aff2c -> 0003_vendor_prices
2025-08-20T14:06:36.0991675Z INFO  [alembic.runtime.migration] Running upgrade 0003_vendor_prices -> 0004_fee_cron
2025-08-20T14:06:36.1070879Z INFO  [alembic.runtime.migration] Running upgrade 0004_fee_cron -> 0006_fix_roi_views
2025-08-20T14:06:36.1104452Z INFO  [alembic.runtime.migration] Running upgrade 0006_fix_roi_views -> 0020_unified_schema
2025-08-20T14:06:36.1218978Z INFO  [alembic.runtime.migration] Running upgrade 0020_unified_schema -> 0022_fix_roi_view
2025-08-20T14:06:36.1293887Z INFO  [alembic.runtime.migration] Running upgrade 0022_fix_roi_view -> 0023_add_storage_fee
2025-08-20T14:06:36.1334647Z INFO  [alembic.runtime.migration] Running upgrade 0023_add_storage_fee -> 0024_create_buybox
2025-08-20T14:06:36.1356799Z INFO  [alembic.runtime.migration] Running upgrade 0024_create_buybox -> 0025_pr4_indexes_loadlog
2025-08-20T14:06:36.1571576Z INFO  [alembic.runtime.migration] Running upgrade 0025_pr4_indexes_loadlog -> 0026_amazon_new_reports
2025-08-20T14:06:36.2563106Z ##[group]Run python -m mypy services || true
2025-08-20T14:06:36.2563459Z [36;1mpython -m mypy services || true[0m
2025-08-20T14:06:36.2604586Z shell: /usr/bin/bash -e {0}
2025-08-20T14:06:36.2604811Z env:
2025-08-20T14:06:36.2605017Z   REDIS_URL: redis://localhost:6379/0
2025-08-20T14:06:36.2605272Z   RATE_LIMIT_DEFAULT: 100/minute
2025-08-20T14:06:36.2605497Z   TRUST_X_FORWARDED: 1
2025-08-20T14:06:36.2605697Z   PG_USER: postgres
2025-08-20T14:06:36.2605882Z   PG_PASSWORD: pass
2025-08-20T14:06:36.2606079Z   PG_DATABASE: awa
2025-08-20T14:06:36.2606270Z   PG_HOST: localhost
2025-08-20T14:06:36.2606461Z   PG_PORT: 5432
2025-08-20T14:06:36.2606913Z   PG_SYNC_DSN: ***localhost:5432/awa
2025-08-20T14:06:36.2607316Z   PG_ASYNC_DSN: ***localhost:5432/awa
2025-08-20T14:06:36.2607948Z   DATABASE_URL: ***localhost:5432/awa
2025-08-20T14:06:36.2608190Z   DATA_DIR: /tmp/awa-data
2025-08-20T14:06:36.2608395Z   ENABLE_LIVE: 0
2025-08-20T14:06:36.2608761Z   TESTING: 1
2025-08-20T14:06:36.2609049Z   pythonLocation: /opt/hostedtoolcache/Python/3.12.11/x64
2025-08-20T14:06:36.2609450Z   PKG_CONFIG_PATH: /opt/hostedtoolcache/Python/3.12.11/x64/lib/pkgconfig
2025-08-20T14:06:36.2609844Z   Python_ROOT_DIR: /opt/hostedtoolcache/Python/3.12.11/x64
2025-08-20T14:06:36.2610201Z   Python2_ROOT_DIR: /opt/hostedtoolcache/Python/3.12.11/x64
2025-08-20T14:06:36.2610559Z   Python3_ROOT_DIR: /opt/hostedtoolcache/Python/3.12.11/x64
2025-08-20T14:06:36.2610913Z   LD_LIBRARY_PATH: /opt/hostedtoolcache/Python/3.12.11/x64/lib
2025-08-20T14:06:36.2611213Z ##[endgroup]
2025-08-20T14:07:08.4980047Z services/api/routes/score.py:16: error: Function is missing a return type annotation  [no-untyped-def]
2025-08-20T14:07:08.4981136Z services/api/routes/score.py:16: note: Use "-> None" if function does not return a value
2025-08-20T14:07:08.4982197Z services/api/routes/score.py:26: error: All conditional function variants must have identical signatures  [misc]
2025-08-20T14:07:08.4983107Z services/api/routes/score.py:26: note: Original:
2025-08-20T14:07:08.4983986Z services/api/routes/score.py:26: note:     def require_basic_auth(credentials: HTTPBasicCredentials = ...) -> None
2025-08-20T14:07:08.4984901Z services/api/routes/score.py:26: note: Redefinition:
2025-08-20T14:07:08.4985619Z services/api/routes/score.py:26: note:     def require_basic_auth() -> None
2025-08-20T14:07:08.4986816Z services/api/routes/score.py:34: error: Incompatible types in assignment (expression has type "None", variable has type Module)  [assignment]
2025-08-20T14:07:08.4988446Z services/api/routes/score.py:38: error: Invalid type comment or annotation  [valid-type]
2025-08-20T14:07:08.4989399Z services/api/routes/score.py:38: note: Suggestion: use constr[...] instead of constr(...)
2025-08-20T14:07:08.5505387Z Found 4 errors in 1 file (checked 97 source files)
2025-08-20T14:07:08.5913808Z ##[group]Run pytest -q --cov=services --cov-report=xml --cov-fail-under=75
2025-08-20T14:07:08.5914676Z [36;1mpytest -q --cov=services --cov-report=xml --cov-fail-under=75[0m
2025-08-20T14:07:08.5972703Z shell: /usr/bin/bash -e {0}
2025-08-20T14:07:08.5973096Z env:
2025-08-20T14:07:08.5973452Z   REDIS_URL: redis://localhost:6379/0
2025-08-20T14:07:08.5973914Z   RATE_LIMIT_DEFAULT: 100/minute
2025-08-20T14:07:08.5974301Z   TRUST_X_FORWARDED: 1
2025-08-20T14:07:08.5974632Z   PG_USER: postgres
2025-08-20T14:07:08.5974955Z   PG_PASSWORD: pass
2025-08-20T14:07:08.5975273Z   PG_DATABASE: awa
2025-08-20T14:07:08.5975584Z   PG_HOST: localhost
2025-08-20T14:07:08.5975896Z   PG_PORT: 5432
2025-08-20T14:07:08.5976598Z   PG_SYNC_DSN: ***localhost:5432/awa
2025-08-20T14:07:08.5977278Z   PG_ASYNC_DSN: ***localhost:5432/awa
2025-08-20T14:07:08.5978157Z   DATABASE_URL: ***localhost:5432/awa
2025-08-20T14:07:08.5978573Z   DATA_DIR: /tmp/awa-data
2025-08-20T14:07:08.5978935Z   ENABLE_LIVE: 0
2025-08-20T14:07:08.5979289Z   TESTING: 1
2025-08-20T14:07:08.5979704Z   pythonLocation: /opt/hostedtoolcache/Python/3.12.11/x64
2025-08-20T14:07:08.5980466Z   PKG_CONFIG_PATH: /opt/hostedtoolcache/Python/3.12.11/x64/lib/pkgconfig
2025-08-20T14:07:08.5981149Z   Python_ROOT_DIR: /opt/hostedtoolcache/Python/3.12.11/x64
2025-08-20T14:07:08.5981769Z   Python2_ROOT_DIR: /opt/hostedtoolcache/Python/3.12.11/x64
2025-08-20T14:07:08.5982430Z   Python3_ROOT_DIR: /opt/hostedtoolcache/Python/3.12.11/x64
2025-08-20T14:07:08.5983066Z   LD_LIBRARY_PATH: /opt/hostedtoolcache/Python/3.12.11/x64/lib
2025-08-20T14:07:08.5983583Z ##[endgroup]
2025-08-20T14:07:39.0030495Z ........s.............................sssssss........................... [ 41%]
2025-08-20T14:08:10.9532392Z ........................................................................ [ 83%]
2025-08-20T14:08:11.7267635Z .............................
2025-08-20T14:08:11.7270065Z ERROR: Coverage failure: total of 65 is less than fail-under=75
2025-08-20T14:08:12.2501142Z                                                                          [100%]
2025-08-20T14:08:12.2502103Z =============================== warnings summary ===============================
2025-08-20T14:08:12.2503486Z Sentry is attempting to send 0 pending events
2025-08-20T14:08:12.2504264Z Waiting up to True seconds
2025-08-20T14:08:12.2504885Z Press Ctrl-C to quit
2025-08-20T14:08:12.2505744Z services/alert_bot/tests/test_smoke.py:5
2025-08-20T14:08:12.2509069Z   /home/runner/work/AWA-App/AWA-App/services/alert_bot/tests/test_smoke.py:5: UserWarning: pkg_resources is deprecated as an API. See https://setuptools.pypa.io/en/latest/pkg_resources.html. The pkg_resources package is slated for removal as early as 2025-11-30. Refrain from using this package or pin to Setuptools<81.
2025-08-20T14:08:12.2512115Z     import pkg_resources  # noqa: F401
2025-08-20T14:08:12.2512552Z 
2025-08-20T14:08:12.2512839Z tests/api/test_ingest_endpoints.py: 12 warnings
2025-08-20T14:08:12.2513565Z tests/ingest/test_tasks_eager.py: 3 warnings
2025-08-20T14:08:12.2514024Z tests/test_api_fast.py: 1 warning
2025-08-20T14:08:12.2514453Z tests/test_health.py: 5 warnings
2025-08-20T14:08:12.2514861Z tests/test_smoke.py: 5 warnings
2025-08-20T14:08:12.2515266Z services/api/tests/test_cors.py: 1 warning
2025-08-20T14:08:12.2515761Z services/api/tests/test_errors_json.py: 2 warnings
2025-08-20T14:08:12.2516264Z services/api/tests/test_health.py: 1 warning
2025-08-20T14:08:12.2516767Z services/api/tests/test_rate_limit.py: 122 warnings
2025-08-20T14:08:12.2517313Z services/api/tests/test_roi_basic_auth.py: 4 warnings
2025-08-20T14:08:12.2518017Z services/api/tests/test_sentry_event.py: 1 warning
2025-08-20T14:08:12.2518566Z services/api/tests/test_stats_contracts.py: 3 warnings
2025-08-20T14:08:12.2519177Z services/api/tests/test_stats_future_contracts.py: 3 warnings
2025-08-20T14:08:12.2521544Z   /opt/hostedtoolcache/Python/3.12.11/x64/lib/python3.12/site-packages/asgi_correlation_id/extensions/sentry.py:27: DeprecationWarning: sentry_sdk.configure_scope is deprecated and will be removed in the next major version. Please consult our migration guide to learn how to migrate to the new API: https://docs.sentry.io/platforms/python/migration/1.x-to-2.x#scope-configuring
2025-08-20T14:08:12.2523831Z     with configure_scope() as scope:
2025-08-20T14:08:12.2524123Z 
2025-08-20T14:08:12.2524318Z tests/api/test_ingest_endpoints.py: 3 warnings
2025-08-20T14:08:12.2524761Z tests/test_api_fast.py: 1 warning
2025-08-20T14:08:12.2525145Z tests/test_health.py: 5 warnings
2025-08-20T14:08:12.2525517Z tests/test_smoke.py: 5 warnings
2025-08-20T14:08:12.2525879Z services/api/tests/test_cors.py: 3 warnings
2025-08-20T14:08:12.2526309Z services/api/tests/test_errors_json.py: 2 warnings
2025-08-20T14:08:12.2526751Z services/api/tests/test_health.py: 1 warning
2025-08-20T14:08:12.2527180Z services/api/tests/test_rate_limit.py: 2 warnings
2025-08-20T14:08:12.2527847Z services/api/tests/test_sentry_event.py: 1 warning
2025-08-20T14:08:12.2528384Z services/api/tests/test_stats_contracts.py: 3 warnings
2025-08-20T14:08:12.2529012Z services/api/tests/test_stats_future_contracts.py: 1 warning
2025-08-20T14:08:12.2530395Z   /opt/hostedtoolcache/Python/3.12.11/x64/lib/python3.12/site-packages/fastapi_limiter/__init__.py:89: DeprecationWarning: Call to deprecated close. (Use aclose() instead) -- Deprecated since version 5.0.1.
2025-08-20T14:08:12.2531686Z     await cls.redis.close()
2025-08-20T14:08:12.2531944Z 
2025-08-20T14:08:12.2532176Z tests/test_api_fast.py::test_health_endpoint
2025-08-20T14:08:12.2533847Z   /home/runner/work/AWA-App/AWA-App/tests/test_api_fast.py:13: DeprecationWarning: datetime.datetime.utcnow() is deprecated and scheduled for removal in a future version. Use timezone-aware objects to represent datetimes in UTC: datetime.datetime.now(datetime.UTC).
2025-08-20T14:08:12.2535596Z     return datetime.datetime.utcnow()
2025-08-20T14:08:12.2535990Z 
2025-08-20T14:08:12.2536149Z tests/test_api_fast.py: 1 warning
2025-08-20T14:08:12.2536666Z tests/test_health.py: 5 warnings
2025-08-20T14:08:12.2537087Z tests/test_smoke.py: 5 warnings
2025-08-20T14:08:12.2537719Z services/api/tests/test_cors.py: 1 warning
2025-08-20T14:08:12.2538572Z services/api/tests/test_health.py: 1 warning
2025-08-20T14:08:12.2539114Z services/api/tests/test_rate_limit.py: 102 warnings
2025-08-20T14:08:12.2540918Z   /home/runner/work/AWA-App/AWA-App/services/api/routes/health.py:24: DeprecationWarning: datetime.datetime.utcnow() is deprecated and scheduled for removal in a future version. Use timezone-aware objects to represent datetimes in UTC: datetime.datetime.now(datetime.UTC).
2025-08-20T14:08:12.2542775Z     app_now = datetime.utcnow().replace(tzinfo=timezone.utc)
2025-08-20T14:08:12.2543187Z 
2025-08-20T14:08:12.2543377Z tests/test_health.py::test_health[0]
2025-08-20T14:08:12.2543828Z tests/test_health.py::test_health[1]
2025-08-20T14:08:12.2544269Z tests/test_health.py::test_health[2]
2025-08-20T14:08:12.2544887Z tests/test_health.py::test_health[3]
2025-08-20T14:08:12.2545404Z tests/test_health.py::test_health[4]
2025-08-20T14:08:12.2547136Z   /home/runner/work/AWA-App/AWA-App/tests/test_health.py:22: DeprecationWarning: datetime.datetime.utcnow() is deprecated and scheduled for removal in a future version. Use timezone-aware objects to represent datetimes in UTC: datetime.datetime.now(datetime.UTC).
2025-08-20T14:08:12.2549047Z     return datetime.datetime.utcnow()
2025-08-20T14:08:12.2549365Z 
2025-08-20T14:08:12.2549539Z tests/test_smoke.py::test_health[0]
2025-08-20T14:08:12.2549977Z tests/test_smoke.py::test_health[1]
2025-08-20T14:08:12.2550403Z tests/test_smoke.py::test_health[2]
2025-08-20T14:08:12.2550842Z tests/test_smoke.py::test_health[3]
2025-08-20T14:08:12.2551262Z tests/test_smoke.py::test_health[4]
2025-08-20T14:08:12.2553153Z   /home/runner/work/AWA-App/AWA-App/tests/test_smoke.py:32: DeprecationWarning: datetime.datetime.utcnow() is deprecated and scheduled for removal in a future version. Use timezone-aware objects to represent datetimes in UTC: datetime.datetime.now(datetime.UTC).
2025-08-20T14:08:12.2554866Z     return datetime.datetime.utcnow()
2025-08-20T14:08:12.2555190Z 
2025-08-20T14:08:12.2555487Z services/api/tests/test_cors.py::test_cors_simple_get_allowed
2025-08-20T14:08:12.2557631Z   /home/runner/work/AWA-App/AWA-App/services/api/tests/test_cors.py:27: DeprecationWarning: datetime.datetime.utcnow() is deprecated and scheduled for removal in a future version. Use timezone-aware objects to represent datetimes in UTC: datetime.datetime.now(datetime.UTC).
2025-08-20T14:08:12.2559442Z     return datetime.datetime.utcnow()
2025-08-20T14:08:12.2559750Z 
2025-08-20T14:08:12.2559996Z services/api/tests/test_health.py::test_health_route
2025-08-20T14:08:12.2561814Z   /home/runner/work/AWA-App/AWA-App/services/api/tests/test_health.py:14: DeprecationWarning: datetime.datetime.utcnow() is deprecated and scheduled for removal in a future version. Use timezone-aware objects to represent datetimes in UTC: datetime.datetime.now(datetime.UTC).
2025-08-20T14:08:12.2563631Z     return datetime.datetime.utcnow()
2025-08-20T14:08:12.2563939Z 
2025-08-20T14:08:12.2564161Z services/api/tests/test_rate_limit.py: 102 warnings
2025-08-20T14:08:12.2566000Z   /home/runner/work/AWA-App/AWA-App/services/api/tests/test_rate_limit.py:33: DeprecationWarning: datetime.datetime.utcnow() is deprecated and scheduled for removal in a future version. Use timezone-aware objects to represent datetimes in UTC: datetime.datetime.now(datetime.UTC).
2025-08-20T14:08:12.2568111Z     return datetime.datetime.utcnow()
2025-08-20T14:08:12.2568434Z 
2025-08-20T14:08:12.2568857Z services/api/tests/test_sentry_event.py::test_unhandled_exception_is_captured_and_tagged
2025-08-20T14:08:12.2571218Z   /home/runner/work/AWA-App/AWA-App/services/api/tests/test_sentry_event.py:47: SentryHubDeprecationWarning: `sentry_sdk.Hub` is deprecated and will be removed in a future major release. Please consult our 1.x to 2.x migration guide for details on how to migrate `Hub` usage to the new API: https://docs.sentry.io/platforms/python/migration/1.x-to-2.x
2025-08-20T14:08:12.2573277Z     hub = sentry_sdk.Hub.current
2025-08-20T14:08:12.2573555Z 
2025-08-20T14:08:12.2573893Z -- Docs: https://docs.pytest.org/en/stable/how-to/capture-warnings.html
2025-08-20T14:08:12.2574822Z ================================ tests coverage ================================
2025-08-20T14:08:12.2575492Z _______________ coverage: platform linux, python 3.12.11-final-0 _______________
2025-08-20T14:08:12.2575996Z 
2025-08-20T14:08:12.2576286Z Coverage XML written to file coverage.xml
2025-08-20T14:08:12.2576889Z FAIL Required test coverage of 75% not reached. Total coverage: 65.37%
2025-08-20T14:08:12.7558253Z ##[error]Process completed with exit code 1.
2025-08-20T14:08:12.7634292Z Post job cleanup.
2025-08-20T14:08:12.8560592Z [command]/usr/bin/git version
2025-08-20T14:08:12.8595810Z git version 2.50.1
2025-08-20T14:08:12.8645467Z Temporarily overriding HOME='/home/runner/work/_temp/0175761b-71c9-448c-80ac-0827cf73abbd' before making global git config changes
2025-08-20T14:08:12.8646746Z Adding repository directory to the temporary git global config as a safe directory
2025-08-20T14:08:12.8651745Z [command]/usr/bin/git config --global --add safe.directory /home/runner/work/AWA-App/AWA-App
2025-08-20T14:08:12.8686682Z [command]/usr/bin/git config --local --name-only --get-regexp core\.sshCommand
2025-08-20T14:08:12.8718889Z [command]/usr/bin/git submodule foreach --recursive sh -c "git config --local --name-only --get-regexp 'core\.sshCommand' && git config --local --unset-all 'core.sshCommand' || :"
2025-08-20T14:08:12.8951822Z [command]/usr/bin/git config --local --name-only --get-regexp http\.https\:\/\/github\.com\/\.extraheader
2025-08-20T14:08:12.8975137Z http.https://github.com/.extraheader
2025-08-20T14:08:12.8988502Z [command]/usr/bin/git config --local --unset-all http.https://github.com/.extraheader
2025-08-20T14:08:12.9018549Z [command]/usr/bin/git submodule foreach --recursive sh -c "git config --local --name-only --get-regexp 'http\.https\:\/\/github\.com\/\.extraheader' && git config --local --unset-all 'http.https://github.com/.extraheader' || :"
2025-08-20T14:08:12.9325456Z Print service container logs: 5ab418c8e02a4378b1f0b10a732d5a0a_postgres15_519d56
2025-08-20T14:08:12.9330518Z ##[command]/usr/bin/docker logs --details 58c5219556987626b896ff9f686724f4acb97ea73a61d6dfe329ff614d0f9cc4
2025-08-20T14:08:12.9454692Z  initdb: warning: enabling "trust" authentication for local connections
2025-08-20T14:08:12.9455544Z  The files belonging to this database system will be owned by user "postgres".
2025-08-20T14:08:12.9456770Z  initdb: hint: You can change this by editing pg_hba.conf or using the option -A, or --auth-local and --auth-host, the next time you run initdb.
2025-08-20T14:08:12.9458489Z  2025-08-20 14:05:51.213 UTC [1] LOG:  starting PostgreSQL 15.14 (Debian 15.14-1.pgdg13+1) on x86_64-pc-linux-gnu, compiled by gcc (Debian 14.2.0-19) 14.2.0, 64-bit
2025-08-20T14:08:12.9459501Z  This user must also own the server process.
2025-08-20T14:08:12.9459936Z  
2025-08-20T14:08:12.9460430Z  The database cluster will be initialized with locale "en_US.utf8".
2025-08-20T14:08:12.9461197Z  The default database encoding has accordingly been set to "UTF8".
2025-08-20T14:08:12.9461697Z  The default text search configuration will be set to "english".
2025-08-20T14:08:12.9462048Z  
2025-08-20T14:08:12.9462245Z  Data page checksums are disabled.
2025-08-20T14:08:12.9462505Z  
2025-08-20T14:08:12.9462813Z  fixing permissions on existing directory /var/lib/postgresql/data ... ok
2025-08-20T14:08:12.9463232Z  creating subdirectories ... ok
2025-08-20T14:08:12.9463572Z  selecting dynamic shared memory implementation ... posix
2025-08-20T14:08:12.9463942Z  selecting default max_connections ... 100
2025-08-20T14:08:12.9464250Z  selecting default shared_buffers ... 128MB
2025-08-20T14:08:12.9464557Z  selecting default time zone ... Etc/UTC
2025-08-20T14:08:12.9464854Z  creating configuration files ... ok
2025-08-20T14:08:12.9465110Z  running bootstrap script ... ok
2025-08-20T14:08:12.9465377Z  performing post-bootstrap initialization ... ok
2025-08-20T14:08:12.9465655Z  syncing data to disk ... ok
2025-08-20T14:08:12.9466109Z  
2025-08-20T14:08:12.9466251Z  
2025-08-20T14:08:12.9466449Z  Success. You can now start the database server using:
2025-08-20T14:08:12.9466718Z  
2025-08-20T14:08:12.9466925Z      pg_ctl -D /var/lib/postgresql/data -l logfile start
2025-08-20T14:08:12.9467186Z  
2025-08-20T14:08:12.9467963Z  waiting for server to start....2025-08-20 14:05:50.873 UTC [48] LOG:  starting PostgreSQL 15.14 (Debian 15.14-1.pgdg13+1) on x86_64-pc-linux-gnu, compiled by gcc (Debian 14.2.0-19) 14.2.0, 64-bit
2025-08-20T14:08:12.9468699Z  2025-08-20 14:05:50.874 UTC [48] LOG:  listening on Unix socket "/var/run/postgresql/.s.PGSQL.5432"
2025-08-20T14:08:12.9469177Z  2025-08-20 14:05:50.877 UTC [51] LOG:  database system was shut down at 2025-08-20 14:05:50 UTC
2025-08-20T14:08:12.9469619Z  2025-08-20 14:05:50.881 UTC [48] LOG:  database system is ready to accept connections
2025-08-20T14:08:12.9469946Z   done
2025-08-20T14:08:12.9470099Z  server started
2025-08-20T14:08:12.9470381Z  CREATE DATABASE
2025-08-20T14:08:12.9470682Z  
2025-08-20T14:08:12.9471058Z  
2025-08-20T14:08:12.9471549Z  /usr/local/bin/docker-entrypoint.sh: ignoring /docker-entrypoint-initdb.d/*
2025-08-20T14:08:12.9472168Z  
2025-08-20T14:08:12.9472488Z  waiting for server to shut down....2025-08-20 14:05:51.088 UTC [48] LOG:  received fast shutdown request
2025-08-20T14:08:12.9472964Z  2025-08-20 14:05:51.089 UTC [48] LOG:  aborting any active transactions
2025-08-20T14:08:12.9473460Z  2025-08-20 14:05:51.091 UTC [48] LOG:  background worker "logical replication launcher" (PID 54) exited with exit code 1
2025-08-20T14:08:12.9473922Z  2025-08-20 14:05:51.092 UTC [49] LOG:  shutting down
2025-08-20T14:08:12.9474257Z  2025-08-20 14:05:51.093 UTC [49] LOG:  checkpoint starting: shutdown immediate
2025-08-20T14:08:12.9475259Z  2025-08-20 14:05:51.116 UTC [49] LOG:  checkpoint complete: wrote 922 buffers (5.6%); 0 WAL file(s) added, 0 removed, 0 recycled; write=0.020 s, sync=0.003 s, total=0.024 s; sync files=301, longest=0.001 s, average=0.001 s; distance=4239 kB, estimate=4239 kB
2025-08-20T14:08:12.9476043Z  2025-08-20 14:05:51.124 UTC [48] LOG:  database system is shut down
2025-08-20T14:08:12.9476351Z   done
2025-08-20T14:08:12.9476529Z  server stopped
2025-08-20T14:08:12.9476698Z  
2025-08-20T14:08:12.9476910Z  PostgreSQL init process complete; ready for start up.
2025-08-20T14:08:12.9477175Z  
2025-08-20T14:08:12.9477634Z  2025-08-20 14:05:51.214 UTC [1] LOG:  listening on IPv4 address "0.0.0.0", port 5432
2025-08-20T14:08:12.9478069Z  2025-08-20 14:05:51.214 UTC [1] LOG:  listening on IPv6 address "::", port 5432
2025-08-20T14:08:12.9478514Z  2025-08-20 14:05:51.221 UTC [1] LOG:  listening on Unix socket "/var/run/postgresql/.s.PGSQL.5432"
2025-08-20T14:08:12.9478986Z  2025-08-20 14:05:51.224 UTC [64] LOG:  database system was shut down at 2025-08-20 14:05:51 UTC
2025-08-20T14:08:12.9479424Z  2025-08-20 14:05:51.229 UTC [1] LOG:  database system is ready to accept connections
2025-08-20T14:08:12.9485235Z Stop and remove container: 5ab418c8e02a4378b1f0b10a732d5a0a_postgres15_519d56
2025-08-20T14:08:12.9490067Z ##[command]/usr/bin/docker rm --force 58c5219556987626b896ff9f686724f4acb97ea73a61d6dfe329ff614d0f9cc4
2025-08-20T14:08:13.0665199Z 58c5219556987626b896ff9f686724f4acb97ea73a61d6dfe329ff614d0f9cc4
2025-08-20T14:08:13.0729647Z Print service container logs: 5b5c62c8e0754e9da99411ee1a855e55_redis7alpine_50f0c2
2025-08-20T14:08:13.0730743Z ##[command]/usr/bin/docker logs --details 55b56843fef5937a5f94afd2553ef25e14dae390ffa1a15ae31d4752e50c218d
2025-08-20T14:08:13.0853400Z  1:C 20 Aug 2025 14:05:51.441 # WARNING Memory overcommit must be enabled! Without it, a background save or replication may fail under low memory condition. Being disabled, it can also cause failures without low memory condition, see https://github.com/jemalloc/jemalloc/issues/1328. To fix this issue add 'vm.overcommit_memory = 1' to /etc/sysctl.conf and then reboot or run the command 'sysctl vm.overcommit_memory=1' for this to take effect.
2025-08-20T14:08:13.0856040Z  1:C 20 Aug 2025 14:05:51.441 * oO0OoO0OoO0Oo Redis is starting oO0OoO0OoO0Oo
2025-08-20T14:08:13.0857076Z  1:C 20 Aug 2025 14:05:51.441 * Redis version=7.4.5, bits=64, commit=00000000, modified=0, pid=1, just started
2025-08-20T14:08:13.0858476Z  1:C 20 Aug 2025 14:05:51.441 # Warning: no config file specified, using the default config. In order to specify a config file use redis-server /path/to/redis.conf
2025-08-20T14:08:13.0859511Z  1:M 20 Aug 2025 14:05:51.441 * monotonic clock: POSIX clock_gettime
2025-08-20T14:08:13.0860098Z  1:M 20 Aug 2025 14:05:51.442 * Running mode=standalone, port=6379.
2025-08-20T14:08:13.0860626Z  1:M 20 Aug 2025 14:05:51.442 * Server initialized
2025-08-20T14:08:13.0861135Z  1:M 20 Aug 2025 14:05:51.442 * Ready to accept connections tcp
2025-08-20T14:08:13.0867654Z Stop and remove container: 5b5c62c8e0754e9da99411ee1a855e55_redis7alpine_50f0c2
2025-08-20T14:08:13.0868417Z ##[command]/usr/bin/docker rm --force 55b56843fef5937a5f94afd2553ef25e14dae390ffa1a15ae31d4752e50c218d
2025-08-20T14:08:13.1988827Z 55b56843fef5937a5f94afd2553ef25e14dae390ffa1a15ae31d4752e50c218d
2025-08-20T14:08:13.2013386Z Remove container network: github_network_5a6702e233bb444bb05e9b9ed3bae3e1
2025-08-20T14:08:13.2017992Z ##[command]/usr/bin/docker network rm github_network_5a6702e233bb444bb05e9b9ed3bae3e1
2025-08-20T14:08:13.3356630Z github_network_5a6702e233bb444bb05e9b9ed3bae3e1
2025-08-20T14:08:13.3418083Z Cleaning up orphan processes
