2025-08-23T15:56:33.9189932Z Current runner version: '2.328.0'
2025-08-23T15:56:33.9220592Z ##[group]Runner Image Provisioner
2025-08-23T15:56:33.9221705Z Hosted Compute Agent
2025-08-23T15:56:33.9222610Z Version: 20250818.377
2025-08-23T15:56:33.9223660Z Commit: 3c593e9f75fe0b87e893bca80d6e12ba089c61fc
2025-08-23T15:56:33.9224717Z Build Date: 2025-08-18T14:52:18Z
2025-08-23T15:56:33.9225690Z ##[endgroup]
2025-08-23T15:56:33.9226572Z ##[group]Operating System
2025-08-23T15:56:33.9227482Z Ubuntu
2025-08-23T15:56:33.9228185Z 24.04.2
2025-08-23T15:56:33.9229289Z LTS
2025-08-23T15:56:33.9230000Z ##[endgroup]
2025-08-23T15:56:33.9230766Z ##[group]Runner Image
2025-08-23T15:56:33.9231698Z Image: ubuntu-24.04
2025-08-23T15:56:33.9232598Z Version: 20250818.1.0
2025-08-23T15:56:33.9234284Z Included Software: https://github.com/actions/runner-images/blob/ubuntu24/20250818.1/images/ubuntu/Ubuntu2404-Readme.md
2025-08-23T15:56:33.9236936Z Image Release: https://github.com/actions/runner-images/releases/tag/ubuntu24%2F20250818.1
2025-08-23T15:56:33.9238729Z ##[endgroup]
2025-08-23T15:56:33.9243073Z ##[group]GITHUB_TOKEN Permissions
2025-08-23T15:56:33.9245661Z Actions: write
2025-08-23T15:56:33.9246617Z Attestations: write
2025-08-23T15:56:33.9247364Z Checks: write
2025-08-23T15:56:33.9248168Z Contents: write
2025-08-23T15:56:33.9249390Z Deployments: write
2025-08-23T15:56:33.9250159Z Discussions: write
2025-08-23T15:56:33.9250938Z Issues: write
2025-08-23T15:56:33.9251817Z Metadata: read
2025-08-23T15:56:33.9252635Z Models: read
2025-08-23T15:56:33.9253368Z Packages: write
2025-08-23T15:56:33.9254285Z Pages: write
2025-08-23T15:56:33.9255051Z PullRequests: write
2025-08-23T15:56:33.9255913Z RepositoryProjects: write
2025-08-23T15:56:33.9256858Z SecurityEvents: write
2025-08-23T15:56:33.9257870Z Statuses: write
2025-08-23T15:56:33.9258959Z ##[endgroup]
2025-08-23T15:56:33.9262281Z Secret source: Actions
2025-08-23T15:56:33.9263333Z Prepare workflow directory
2025-08-23T15:56:33.9862226Z Prepare all required actions
2025-08-23T15:56:33.9916735Z Getting action download info
2025-08-23T15:56:34.2723898Z Download action repository 'actions/checkout@v5' (SHA:08c6903cd8c0fde910a37f88322edcfb5dd907a8)
2025-08-23T15:56:34.3454558Z Download action repository 'actions/setup-python@v5' (SHA:a26af69be951a213d495a4c3e4e4022e16d87065)
2025-08-23T15:56:34.4405031Z Download action repository 'actions/upload-artifact@v4' (SHA:ea165f8d65b6e75b540449e92b4886f43607fa02)
2025-08-23T15:56:34.6278702Z Complete job name: unit
2025-08-23T15:56:34.6773021Z ##[group]Checking docker version
2025-08-23T15:56:34.6786275Z ##[command]/usr/bin/docker version --format '{{.Server.APIVersion}}'
2025-08-23T15:56:34.7173593Z '1.48'
2025-08-23T15:56:34.7188019Z Docker daemon API version: '1.48'
2025-08-23T15:56:34.7189192Z ##[command]/usr/bin/docker version --format '{{.Client.APIVersion}}'
2025-08-23T15:56:34.7356597Z '1.48'
2025-08-23T15:56:34.7370610Z Docker client API version: '1.48'
2025-08-23T15:56:34.7375533Z ##[endgroup]
2025-08-23T15:56:34.7379537Z ##[group]Clean up resources from previous jobs
2025-08-23T15:56:34.7385121Z ##[command]/usr/bin/docker ps --all --quiet --no-trunc --filter "label=edd1c5"
2025-08-23T15:56:34.7586136Z ##[command]/usr/bin/docker network prune --force --filter "label=edd1c5"
2025-08-23T15:56:34.7713044Z ##[endgroup]
2025-08-23T15:56:34.7713610Z ##[group]Create local container network
2025-08-23T15:56:34.7723675Z ##[command]/usr/bin/docker network create --label edd1c5 github_network_67f5cc137cf246e6ac1ce5ee72b71ab2
2025-08-23T15:56:34.8218403Z f2d2649928aa11d8d9aeb824cc4d814158082dfecda865c4464a88cbdc26809b
2025-08-23T15:56:34.8239219Z ##[endgroup]
2025-08-23T15:56:34.8266193Z ##[group]Starting postgres service container
2025-08-23T15:56:34.8286065Z ##[command]/usr/bin/docker pull postgres:15
2025-08-23T15:56:35.0893897Z 15: Pulling from library/postgres
2025-08-23T15:56:35.1470674Z 396b1da7636e: Pulling fs layer
2025-08-23T15:56:35.1472186Z fca2566eba32: Pulling fs layer
2025-08-23T15:56:35.1473114Z 631fe8c6d606: Pulling fs layer
2025-08-23T15:56:35.1474099Z 77c7671c4414: Pulling fs layer
2025-08-23T15:56:35.1475593Z 2d9e29180a27: Pulling fs layer
2025-08-23T15:56:35.1476492Z c6bcc2c9a041: Pulling fs layer
2025-08-23T15:56:35.1477557Z ac4b721eb66f: Pulling fs layer
2025-08-23T15:56:35.1478734Z 606bd164980e: Pulling fs layer
2025-08-23T15:56:35.1479858Z f5dfd246bc6e: Pulling fs layer
2025-08-23T15:56:35.1480967Z ba7036bb0a60: Pulling fs layer
2025-08-23T15:56:35.1482009Z 799f859abbbd: Pulling fs layer
2025-08-23T15:56:35.1482864Z d903e777080c: Pulling fs layer
2025-08-23T15:56:35.1483700Z 04adcb462801: Pulling fs layer
2025-08-23T15:56:35.1484549Z 5c10925b29ff: Pulling fs layer
2025-08-23T15:56:35.1485375Z f5dfd246bc6e: Waiting
2025-08-23T15:56:35.1486097Z d903e777080c: Waiting
2025-08-23T15:56:35.1486821Z ba7036bb0a60: Waiting
2025-08-23T15:56:35.1490088Z 04adcb462801: Waiting
2025-08-23T15:56:35.1491270Z 5c10925b29ff: Waiting
2025-08-23T15:56:35.1492191Z 799f859abbbd: Waiting
2025-08-23T15:56:35.1493022Z 77c7671c4414: Waiting
2025-08-23T15:56:35.1493822Z 2d9e29180a27: Waiting
2025-08-23T15:56:35.1494685Z c6bcc2c9a041: Waiting
2025-08-23T15:56:35.1495436Z ac4b721eb66f: Waiting
2025-08-23T15:56:35.1495856Z 606bd164980e: Waiting
2025-08-23T15:56:35.2083670Z fca2566eba32: Verifying Checksum
2025-08-23T15:56:35.2084791Z fca2566eba32: Download complete
2025-08-23T15:56:35.2439141Z 631fe8c6d606: Verifying Checksum
2025-08-23T15:56:35.2440051Z 631fe8c6d606: Download complete
2025-08-23T15:56:35.2857138Z 77c7671c4414: Verifying Checksum
2025-08-23T15:56:35.3491400Z 77c7671c4414: Download complete
2025-08-23T15:56:35.3492421Z 2d9e29180a27: Verifying Checksum
2025-08-23T15:56:35.3493502Z 2d9e29180a27: Download complete
2025-08-23T15:56:35.3539259Z c6bcc2c9a041: Verifying Checksum
2025-08-23T15:56:35.3540413Z c6bcc2c9a041: Download complete
2025-08-23T15:56:35.4247329Z 606bd164980e: Verifying Checksum
2025-08-23T15:56:35.4248965Z 606bd164980e: Download complete
2025-08-23T15:56:35.4590942Z ac4b721eb66f: Verifying Checksum
2025-08-23T15:56:35.4592583Z ac4b721eb66f: Download complete
2025-08-23T15:56:35.5186088Z ba7036bb0a60: Verifying Checksum
2025-08-23T15:56:35.5188204Z ba7036bb0a60: Download complete
2025-08-23T15:56:35.5982374Z 799f859abbbd: Download complete
2025-08-23T15:56:35.6947750Z d903e777080c: Verifying Checksum
2025-08-23T15:56:35.6948950Z d903e777080c: Download complete
2025-08-23T15:56:35.7066391Z 396b1da7636e: Download complete
2025-08-23T15:56:35.7697779Z 5c10925b29ff: Verifying Checksum
2025-08-23T15:56:35.7699338Z 5c10925b29ff: Download complete
2025-08-23T15:56:35.8832650Z 04adcb462801: Verifying Checksum
2025-08-23T15:56:35.8833433Z 04adcb462801: Download complete
2025-08-23T15:56:36.6841765Z 396b1da7636e: Pull complete
2025-08-23T15:56:36.9957889Z f5dfd246bc6e: Verifying Checksum
2025-08-23T15:56:36.9958632Z f5dfd246bc6e: Download complete
2025-08-23T15:56:37.6323022Z fca2566eba32: Pull complete
2025-08-23T15:56:37.8035361Z 631fe8c6d606: Pull complete
2025-08-23T15:56:37.8463599Z 77c7671c4414: Pull complete
2025-08-23T15:56:38.1435673Z 2d9e29180a27: Pull complete
2025-08-23T15:56:38.2330305Z c6bcc2c9a041: Pull complete
2025-08-23T15:56:38.2419373Z ac4b721eb66f: Pull complete
2025-08-23T15:56:38.2522855Z 606bd164980e: Pull complete
2025-08-23T15:56:41.1309606Z f5dfd246bc6e: Pull complete
2025-08-23T15:56:41.1465951Z ba7036bb0a60: Pull complete
2025-08-23T15:56:41.1590133Z 799f859abbbd: Pull complete
2025-08-23T15:56:41.1696423Z d903e777080c: Pull complete
2025-08-23T15:56:41.1801128Z 04adcb462801: Pull complete
2025-08-23T15:56:41.1904061Z 5c10925b29ff: Pull complete
2025-08-23T15:56:41.1946861Z Digest: sha256:bc51cf4f1fe02cce7ed2370b20128a9b00b4eb804573a77d2a0d877aaa9c82b1
2025-08-23T15:56:41.1960907Z Status: Downloaded newer image for postgres:15
2025-08-23T15:56:41.1970981Z docker.io/library/postgres:15
2025-08-23T15:56:41.2030548Z ##[command]/usr/bin/docker create --name 26095dd064534a94b6d7bb2b2f689624_postgres15_7f7960 --label edd1c5 --network github_network_67f5cc137cf246e6ac1ce5ee72b71ab2 --network-alias postgres -p 5432:5432 --health-cmd="pg_isready -U postgres -d awa" --health-interval=5s --health-timeout=5s --health-retries=10 -e "POSTGRES_USER=postgres" -e "POSTGRES_PASSWORD=pass" -e "POSTGRES_DB=awa" -e GITHUB_ACTIONS=true -e CI=true postgres:15
2025-08-23T15:56:41.2316727Z ba98d102ed906f60e0e22c4b8ca4a9d36a760121dd88e3f989e56139e8d975ca
2025-08-23T15:56:41.2343706Z ##[command]/usr/bin/docker start ba98d102ed906f60e0e22c4b8ca4a9d36a760121dd88e3f989e56139e8d975ca
2025-08-23T15:56:41.5020451Z ba98d102ed906f60e0e22c4b8ca4a9d36a760121dd88e3f989e56139e8d975ca
2025-08-23T15:56:41.5048917Z ##[command]/usr/bin/docker ps --all --filter id=ba98d102ed906f60e0e22c4b8ca4a9d36a760121dd88e3f989e56139e8d975ca --filter status=running --no-trunc --format "{{.ID}} {{.Status}}"
2025-08-23T15:56:41.5185384Z ba98d102ed906f60e0e22c4b8ca4a9d36a760121dd88e3f989e56139e8d975ca Up Less than a second (health: starting)
2025-08-23T15:56:41.5207045Z ##[command]/usr/bin/docker port ba98d102ed906f60e0e22c4b8ca4a9d36a760121dd88e3f989e56139e8d975ca
2025-08-23T15:56:41.5336818Z 5432/tcp -> 0.0.0.0:5432
2025-08-23T15:56:41.5337361Z 5432/tcp -> [::]:5432
2025-08-23T15:56:41.5382301Z ##[endgroup]
2025-08-23T15:56:41.5383319Z ##[group]Starting redis service container
2025-08-23T15:56:41.5384400Z ##[command]/usr/bin/docker pull redis:7-alpine
2025-08-23T15:56:41.7169212Z 7-alpine: Pulling from library/redis
2025-08-23T15:56:41.7686433Z 0368fd46e3c6: Pulling fs layer
2025-08-23T15:56:41.7690076Z 4c55286bbede: Pulling fs layer
2025-08-23T15:56:41.7690617Z 5e28347af205: Pulling fs layer
2025-08-23T15:56:41.7691077Z 311eca34042e: Pulling fs layer
2025-08-23T15:56:41.7691514Z e6fe6f07e192: Pulling fs layer
2025-08-23T15:56:41.7691978Z a2cadbfeca72: Pulling fs layer
2025-08-23T15:56:41.7692667Z 4f4fb700ef54: Pulling fs layer
2025-08-23T15:56:41.7693274Z a976ed7e7808: Pulling fs layer
2025-08-23T15:56:41.7693737Z 311eca34042e: Waiting
2025-08-23T15:56:41.7694084Z e6fe6f07e192: Waiting
2025-08-23T15:56:41.7694481Z a2cadbfeca72: Waiting
2025-08-23T15:56:41.7694838Z 4f4fb700ef54: Waiting
2025-08-23T15:56:41.7695171Z a976ed7e7808: Waiting
2025-08-23T15:56:41.8227372Z 4c55286bbede: Verifying Checksum
2025-08-23T15:56:41.8227911Z 4c55286bbede: Download complete
2025-08-23T15:56:41.8303952Z 5e28347af205: Verifying Checksum
2025-08-23T15:56:41.8304616Z 5e28347af205: Download complete
2025-08-23T15:56:41.8618385Z 0368fd46e3c6: Verifying Checksum
2025-08-23T15:56:41.8619180Z 0368fd46e3c6: Download complete
2025-08-23T15:56:41.8894134Z 311eca34042e: Verifying Checksum
2025-08-23T15:56:41.8895513Z 311eca34042e: Download complete
2025-08-23T15:56:41.9423346Z e6fe6f07e192: Verifying Checksum
2025-08-23T15:56:41.9425237Z e6fe6f07e192: Download complete
2025-08-23T15:56:41.9425975Z a2cadbfeca72: Verifying Checksum
2025-08-23T15:56:41.9427313Z a2cadbfeca72: Download complete
2025-08-23T15:56:41.9474323Z 4f4fb700ef54: Verifying Checksum
2025-08-23T15:56:41.9474887Z 4f4fb700ef54: Download complete
2025-08-23T15:56:41.9919628Z 0368fd46e3c6: Pull complete
2025-08-23T15:56:42.0082707Z a976ed7e7808: Verifying Checksum
2025-08-23T15:56:42.0083176Z a976ed7e7808: Download complete
2025-08-23T15:56:42.0302830Z 4c55286bbede: Pull complete
2025-08-23T15:56:42.1931734Z 5e28347af205: Pull complete
2025-08-23T15:56:42.2247058Z 311eca34042e: Pull complete
2025-08-23T15:56:42.4149352Z e6fe6f07e192: Pull complete
2025-08-23T15:56:42.4246422Z a2cadbfeca72: Pull complete
2025-08-23T15:56:42.4350865Z 4f4fb700ef54: Pull complete
2025-08-23T15:56:42.4471946Z a976ed7e7808: Pull complete
2025-08-23T15:56:42.4508262Z Digest: sha256:bb186d083732f669da90be8b0f975a37812b15e913465bb14d845db72a4e3e08
2025-08-23T15:56:42.4522223Z Status: Downloaded newer image for redis:7-alpine
2025-08-23T15:56:42.4533321Z docker.io/library/redis:7-alpine
2025-08-23T15:56:42.4551259Z ##[command]/usr/bin/docker create --name 02ae285d26aa47fcbaa2b9f7e8d1cb86_redis7alpine_b73666 --label edd1c5 --network github_network_67f5cc137cf246e6ac1ce5ee72b71ab2 --network-alias redis -p 6379:6379  -e GITHUB_ACTIONS=true -e CI=true redis:7-alpine
2025-08-23T15:56:42.4885400Z 2cd681755cec7d1837e788b3f975831bd638f361dcc7af1dda46199324453551
2025-08-23T15:56:42.4903351Z ##[command]/usr/bin/docker start 2cd681755cec7d1837e788b3f975831bd638f361dcc7af1dda46199324453551
2025-08-23T15:56:42.6309453Z 2cd681755cec7d1837e788b3f975831bd638f361dcc7af1dda46199324453551
2025-08-23T15:56:42.6328373Z ##[command]/usr/bin/docker ps --all --filter id=2cd681755cec7d1837e788b3f975831bd638f361dcc7af1dda46199324453551 --filter status=running --no-trunc --format "{{.ID}} {{.Status}}"
2025-08-23T15:56:42.6478015Z 2cd681755cec7d1837e788b3f975831bd638f361dcc7af1dda46199324453551 Up Less than a second
2025-08-23T15:56:42.6494770Z ##[command]/usr/bin/docker port 2cd681755cec7d1837e788b3f975831bd638f361dcc7af1dda46199324453551
2025-08-23T15:56:42.6618223Z 6379/tcp -> 0.0.0.0:6379
2025-08-23T15:56:42.6618810Z 6379/tcp -> [::]:6379
2025-08-23T15:56:42.6633248Z ##[endgroup]
2025-08-23T15:56:42.6644665Z ##[group]Waiting for all services to be ready
2025-08-23T15:56:42.6658154Z ##[command]/usr/bin/docker inspect --format="{{if .Config.Healthcheck}}{{print .State.Health.Status}}{{end}}" ba98d102ed906f60e0e22c4b8ca4a9d36a760121dd88e3f989e56139e8d975ca
2025-08-23T15:56:42.6782327Z starting
2025-08-23T15:56:42.6803120Z postgres service is starting, waiting 2 seconds before checking again.
2025-08-23T15:56:44.6806191Z ##[command]/usr/bin/docker inspect --format="{{if .Config.Healthcheck}}{{print .State.Health.Status}}{{end}}" ba98d102ed906f60e0e22c4b8ca4a9d36a760121dd88e3f989e56139e8d975ca
2025-08-23T15:56:44.6934133Z starting
2025-08-23T15:56:44.6948208Z postgres service is starting, waiting 4 seconds before checking again.
2025-08-23T15:56:48.9212572Z ##[command]/usr/bin/docker inspect --format="{{if .Config.Healthcheck}}{{print .State.Health.Status}}{{end}}" ba98d102ed906f60e0e22c4b8ca4a9d36a760121dd88e3f989e56139e8d975ca
2025-08-23T15:56:48.9342569Z healthy
2025-08-23T15:56:48.9360612Z postgres service is healthy.
2025-08-23T15:56:48.9361555Z ##[command]/usr/bin/docker inspect --format="{{if .Config.Healthcheck}}{{print .State.Health.Status}}{{end}}" 2cd681755cec7d1837e788b3f975831bd638f361dcc7af1dda46199324453551
2025-08-23T15:56:48.9490491Z redis service is healthy.
2025-08-23T15:56:48.9491148Z ##[endgroup]
2025-08-23T15:56:48.9740702Z ##[group]Run actions/checkout@v5
2025-08-23T15:56:48.9741249Z with:
2025-08-23T15:56:48.9741460Z   repository: AlexBomber12/AWA-App
2025-08-23T15:56:48.9741860Z   token: ***
2025-08-23T15:56:48.9742048Z   ssh-strict: true
2025-08-23T15:56:48.9742245Z   ssh-user: git
2025-08-23T15:56:48.9742443Z   persist-credentials: true
2025-08-23T15:56:48.9742679Z   clean: true
2025-08-23T15:56:48.9742883Z   sparse-checkout-cone-mode: true
2025-08-23T15:56:48.9743142Z   fetch-depth: 1
2025-08-23T15:56:48.9743329Z   fetch-tags: false
2025-08-23T15:56:48.9743526Z   show-progress: true
2025-08-23T15:56:48.9743718Z   lfs: false
2025-08-23T15:56:48.9743898Z   submodules: false
2025-08-23T15:56:48.9744094Z   set-safe-directory: true
2025-08-23T15:56:48.9744496Z env:
2025-08-23T15:56:48.9744713Z   REDIS_URL: redis://localhost:6379/0
2025-08-23T15:56:48.9744996Z   RATE_LIMIT_DEFAULT: 100/minute
2025-08-23T15:56:48.9745231Z   TRUST_X_FORWARDED: 1
2025-08-23T15:56:48.9745426Z ##[endgroup]
2025-08-23T15:56:49.0657447Z Syncing repository: AlexBomber12/AWA-App
2025-08-23T15:56:49.0659106Z ##[group]Getting Git version info
2025-08-23T15:56:49.0659532Z Working directory is '/home/runner/work/AWA-App/AWA-App'
2025-08-23T15:56:49.0660322Z [command]/usr/bin/git version
2025-08-23T15:56:49.0679816Z git version 2.51.0
2025-08-23T15:56:49.0700502Z ##[endgroup]
2025-08-23T15:56:49.0713634Z Temporarily overriding HOME='/home/runner/work/_temp/91c59e96-ed3a-46be-a36b-7b753e9de99e' before making global git config changes
2025-08-23T15:56:49.0715051Z Adding repository directory to the temporary git global config as a safe directory
2025-08-23T15:56:49.0718686Z [command]/usr/bin/git config --global --add safe.directory /home/runner/work/AWA-App/AWA-App
2025-08-23T15:56:49.0752255Z Deleting the contents of '/home/runner/work/AWA-App/AWA-App'
2025-08-23T15:56:49.0755695Z ##[group]Initializing the repository
2025-08-23T15:56:49.0760079Z [command]/usr/bin/git init /home/runner/work/AWA-App/AWA-App
2025-08-23T15:56:49.0818403Z hint: Using 'master' as the name for the initial branch. This default branch name
2025-08-23T15:56:49.0819870Z hint: is subject to change. To configure the initial branch name to use in all
2025-08-23T15:56:49.0822054Z hint: of your new repositories, which will suppress this warning, call:
2025-08-23T15:56:49.0822925Z hint:
2025-08-23T15:56:49.0823476Z hint: 	git config --global init.defaultBranch <name>
2025-08-23T15:56:49.0824033Z hint:
2025-08-23T15:56:49.0824680Z hint: Names commonly chosen instead of 'master' are 'main', 'trunk' and
2025-08-23T15:56:49.0825452Z hint: 'development'. The just-created branch can be renamed via this command:
2025-08-23T15:56:49.0825930Z hint:
2025-08-23T15:56:49.0826174Z hint: 	git branch -m <name>
2025-08-23T15:56:49.0826461Z hint:
2025-08-23T15:56:49.0826862Z hint: Disable this message with "git config set advice.defaultBranchName false"
2025-08-23T15:56:49.0827874Z Initialized empty Git repository in /home/runner/work/AWA-App/AWA-App/.git/
2025-08-23T15:56:49.0832673Z [command]/usr/bin/git remote add origin https://github.com/AlexBomber12/AWA-App
2025-08-23T15:56:49.0865003Z ##[endgroup]
2025-08-23T15:56:49.0865657Z ##[group]Disabling automatic garbage collection
2025-08-23T15:56:49.0869959Z [command]/usr/bin/git config --local gc.auto 0
2025-08-23T15:56:49.0897291Z ##[endgroup]
2025-08-23T15:56:49.0897887Z ##[group]Setting up auth
2025-08-23T15:56:49.0903657Z [command]/usr/bin/git config --local --name-only --get-regexp core\.sshCommand
2025-08-23T15:56:49.0935692Z [command]/usr/bin/git submodule foreach --recursive sh -c "git config --local --name-only --get-regexp 'core\.sshCommand' && git config --local --unset-all 'core.sshCommand' || :"
2025-08-23T15:56:49.1206408Z [command]/usr/bin/git config --local --name-only --get-regexp http\.https\:\/\/github\.com\/\.extraheader
2025-08-23T15:56:49.1236104Z [command]/usr/bin/git submodule foreach --recursive sh -c "git config --local --name-only --get-regexp 'http\.https\:\/\/github\.com\/\.extraheader' && git config --local --unset-all 'http.https://github.com/.extraheader' || :"
2025-08-23T15:56:49.1460547Z [command]/usr/bin/git config --local http.https://github.com/.extraheader AUTHORIZATION: basic ***
2025-08-23T15:56:49.1495963Z ##[endgroup]
2025-08-23T15:56:49.1496638Z ##[group]Fetching the repository
2025-08-23T15:56:49.1505281Z [command]/usr/bin/git -c protocol.version=2 fetch --no-tags --prune --no-recurse-submodules --depth=1 origin +4f3172d3313a0f4e178c8add750af619610c31d4:refs/remotes/pull/355/merge
2025-08-23T15:56:49.3441378Z From https://github.com/AlexBomber12/AWA-App
2025-08-23T15:56:49.3442602Z  * [new ref]         4f3172d3313a0f4e178c8add750af619610c31d4 -> pull/355/merge
2025-08-23T15:56:49.3473386Z ##[endgroup]
2025-08-23T15:56:49.3474043Z ##[group]Determining the checkout info
2025-08-23T15:56:49.3477150Z ##[endgroup]
2025-08-23T15:56:49.3482951Z [command]/usr/bin/git sparse-checkout disable
2025-08-23T15:56:49.3524584Z [command]/usr/bin/git config --local --unset-all extensions.worktreeConfig
2025-08-23T15:56:49.3552269Z ##[group]Checking out the ref
2025-08-23T15:56:49.3557074Z [command]/usr/bin/git checkout --progress --force refs/remotes/pull/355/merge
2025-08-23T15:56:49.3847280Z Note: switching to 'refs/remotes/pull/355/merge'.
2025-08-23T15:56:49.3848066Z 
2025-08-23T15:56:49.3848704Z You are in 'detached HEAD' state. You can look around, make experimental
2025-08-23T15:56:49.3849664Z changes and commit them, and you can discard any commits you make in this
2025-08-23T15:56:49.3850706Z state without impacting any branches by switching back to a branch.
2025-08-23T15:56:49.3851319Z 
2025-08-23T15:56:49.3851721Z If you want to create a new branch to retain commits you create, you may
2025-08-23T15:56:49.3852670Z do so (now or later) by using -c with the switch command. Example:
2025-08-23T15:56:49.3853206Z 
2025-08-23T15:56:49.3853418Z   git switch -c <new-branch-name>
2025-08-23T15:56:49.3854034Z 
2025-08-23T15:56:49.3854210Z Or undo this operation with:
2025-08-23T15:56:49.3854488Z 
2025-08-23T15:56:49.3854661Z   git switch -
2025-08-23T15:56:49.3854846Z 
2025-08-23T15:56:49.3855097Z Turn off this advice by setting config variable advice.detachedHead to false
2025-08-23T15:56:49.3855458Z 
2025-08-23T15:56:49.3855881Z HEAD is now at 4f3172d Merge 0f55e4cacfed27f9f83c878bd48411e7fb8c4df0 into a413aa60b8fc5e2682e71f074ff2d95894de399f
2025-08-23T15:56:49.3860949Z ##[endgroup]
2025-08-23T15:56:49.3901761Z [command]/usr/bin/git log -1 --format=%H
2025-08-23T15:56:49.3926943Z 4f3172d3313a0f4e178c8add750af619610c31d4
2025-08-23T15:56:49.4107675Z ##[group]Run cat .env.ci >> "$GITHUB_ENV"
2025-08-23T15:56:49.4108071Z [36;1mcat .env.ci >> "$GITHUB_ENV"[0m
2025-08-23T15:56:49.4109124Z [36;1mecho "DATABASE_URL=***localhost:5432/awa" >> "$GITHUB_ENV"[0m
2025-08-23T15:56:49.4109541Z [36;1mecho "PG_HOST=localhost" >> "$GITHUB_ENV"[0m
2025-08-23T15:56:49.4109900Z [36;1mecho "PG_PORT=5432" >> "$GITHUB_ENV"[0m
2025-08-23T15:56:49.4110227Z [36;1mecho "PG_USER=postgres" >> "$GITHUB_ENV"[0m
2025-08-23T15:56:49.4110571Z [36;1mecho "PG_PASSWORD=pass" >> "$GITHUB_ENV"[0m
2025-08-23T15:56:49.4110902Z [36;1mecho "PG_DATABASE=awa" >> "$GITHUB_ENV"[0m
2025-08-23T15:56:49.4155338Z shell: /usr/bin/bash -e {0}
2025-08-23T15:56:49.4155625Z env:
2025-08-23T15:56:49.4155868Z   REDIS_URL: redis://localhost:6379/0
2025-08-23T15:56:49.4156196Z   RATE_LIMIT_DEFAULT: 100/minute
2025-08-23T15:56:49.4156475Z   TRUST_X_FORWARDED: 1
2025-08-23T15:56:49.4156713Z ##[endgroup]
2025-08-23T15:56:49.4347290Z ##[group]Run actions/setup-python@v5
2025-08-23T15:56:49.4347606Z with:
2025-08-23T15:56:49.4347803Z   python-version: 3.12
2025-08-23T15:56:49.4348031Z   cache: pip
2025-08-23T15:56:49.4348265Z   cache-dependency-path: requirements-dev.txt
2025-08-23T15:56:49.4348786Z   check-latest: false
2025-08-23T15:56:49.4349141Z   token: ***
2025-08-23T15:56:49.4349350Z   update-environment: true
2025-08-23T15:56:49.4349617Z   allow-prereleases: false
2025-08-23T15:56:49.4349850Z   freethreaded: false
2025-08-23T15:56:49.4350060Z env:
2025-08-23T15:56:49.4350265Z   REDIS_URL: redis://localhost:6379/0
2025-08-23T15:56:49.4350559Z   RATE_LIMIT_DEFAULT: 100/minute
2025-08-23T15:56:49.4350812Z   TRUST_X_FORWARDED: 1
2025-08-23T15:56:49.4351026Z   PG_USER: postgres
2025-08-23T15:56:49.4351237Z   PG_PASSWORD: pass
2025-08-23T15:56:49.4351438Z   PG_DATABASE: awa
2025-08-23T15:56:49.4351647Z   PG_HOST: localhost
2025-08-23T15:56:49.4351851Z   PG_PORT: 5432
2025-08-23T15:56:49.4352318Z   PG_SYNC_DSN: ***localhost:5432/awa
2025-08-23T15:56:49.4352762Z   PG_ASYNC_DSN: ***localhost:5432/awa
2025-08-23T15:56:49.4353203Z   DATABASE_URL: ***localhost:5432/awa
2025-08-23T15:56:49.4353473Z   DATA_DIR: /tmp/awa-data
2025-08-23T15:56:49.4353693Z   ENABLE_LIVE: 0
2025-08-23T15:56:49.4353887Z   TESTING: 1
2025-08-23T15:56:49.4354097Z ##[endgroup]
2025-08-23T15:56:49.6079555Z ##[group]Installed versions
2025-08-23T15:56:49.6167040Z Successfully set up CPython (3.12.11)
2025-08-23T15:56:49.6168103Z ##[endgroup]
2025-08-23T15:56:49.6459420Z [command]/opt/hostedtoolcache/Python/3.12.11/x64/bin/pip cache dir
2025-08-23T15:56:50.9916380Z /home/runner/.cache/pip
2025-08-23T15:56:51.1126833Z Cache hit for: setup-python-Linux-x64-24.04-Ubuntu-python-3.12.11-pip-cc13ccef493b9f3a93ad5651164d9fb09282c1111f6f72ce20e0657de16de6b4
2025-08-23T15:56:52.1746977Z Received 167772160 of 376053341 (44.6%), 160.0 MBs/sec
2025-08-23T15:56:53.1331660Z Received 376053341 of 376053341 (100.0%), 183.1 MBs/sec
2025-08-23T15:56:53.1333717Z Cache Size: ~359 MB (376053341 B)
2025-08-23T15:56:53.1458371Z [command]/usr/bin/tar -xf /home/runner/work/_temp/fe151ca7-e2c5-417d-bf75-33f263822377/cache.tzst -P -C /home/runner/work/AWA-App/AWA-App --use-compress-program unzstd
2025-08-23T15:56:53.7235358Z Cache restored successfully
2025-08-23T15:56:53.7971540Z Cache restored from key: setup-python-Linux-x64-24.04-Ubuntu-python-3.12.11-pip-cc13ccef493b9f3a93ad5651164d9fb09282c1111f6f72ce20e0657de16de6b4
2025-08-23T15:56:53.8128941Z ##[group]Run pip install --break-system-packages -r requirements-dev.txt
2025-08-23T15:56:53.8129590Z [36;1mpip install --break-system-packages -r requirements-dev.txt[0m
2025-08-23T15:56:53.8130163Z [36;1mpip install --break-system-packages keepa==1.3.15 minio==7.1.15[0m
2025-08-23T15:56:53.8174987Z shell: /usr/bin/bash -e {0}
2025-08-23T15:56:53.8175265Z env:
2025-08-23T15:56:53.8175523Z   REDIS_URL: redis://localhost:6379/0
2025-08-23T15:56:53.8175855Z   RATE_LIMIT_DEFAULT: 100/minute
2025-08-23T15:56:53.8176140Z   TRUST_X_FORWARDED: 1
2025-08-23T15:56:53.8176394Z   PG_USER: postgres
2025-08-23T15:56:53.8176638Z   PG_PASSWORD: pass
2025-08-23T15:56:53.8176860Z   PG_DATABASE: awa
2025-08-23T15:56:53.8177091Z   PG_HOST: localhost
2025-08-23T15:56:53.8177326Z   PG_PORT: 5432
2025-08-23T15:56:53.8177907Z   PG_SYNC_DSN: ***localhost:5432/awa
2025-08-23T15:56:53.8178649Z   PG_ASYNC_DSN: ***localhost:5432/awa
2025-08-23T15:56:53.8179165Z   DATABASE_URL: ***localhost:5432/awa
2025-08-23T15:56:53.8179510Z   DATA_DIR: /tmp/awa-data
2025-08-23T15:56:53.8179767Z   ENABLE_LIVE: 0
2025-08-23T15:56:53.8180010Z   TESTING: 1
2025-08-23T15:56:53.8180337Z   pythonLocation: /opt/hostedtoolcache/Python/3.12.11/x64
2025-08-23T15:56:53.8180906Z   PKG_CONFIG_PATH: /opt/hostedtoolcache/Python/3.12.11/x64/lib/pkgconfig
2025-08-23T15:56:53.8181454Z   Python_ROOT_DIR: /opt/hostedtoolcache/Python/3.12.11/x64
2025-08-23T15:56:53.8181939Z   Python2_ROOT_DIR: /opt/hostedtoolcache/Python/3.12.11/x64
2025-08-23T15:56:53.8182435Z   Python3_ROOT_DIR: /opt/hostedtoolcache/Python/3.12.11/x64
2025-08-23T15:56:53.8182930Z   LD_LIBRARY_PATH: /opt/hostedtoolcache/Python/3.12.11/x64/lib
2025-08-23T15:56:53.8183341Z ##[endgroup]
2025-08-23T15:56:54.6808070Z Collecting Jinja2==3.1.6 (from -r requirements-dev.txt (line 2))
2025-08-23T15:56:54.6821854Z   Using cached jinja2-3.1.6-py3-none-any.whl.metadata (2.9 kB)
2025-08-23T15:56:54.7041761Z Collecting alembic==1.16.4 (from -r requirements-dev.txt (line 3))
2025-08-23T15:56:54.7053801Z   Using cached alembic-1.16.4-py3-none-any.whl.metadata (7.3 kB)
2025-08-23T15:56:54.7207216Z Collecting apscheduler==3.10.4 (from -r requirements-dev.txt (line 4))
2025-08-23T15:56:54.7218869Z   Using cached APScheduler-3.10.4-py3-none-any.whl.metadata (5.7 kB)
2025-08-23T15:56:54.7365875Z Collecting asgi-correlation-id==4.3.1 (from -r requirements-dev.txt (line 5))
2025-08-23T15:56:54.7377436Z   Using cached asgi_correlation_id-4.3.1-py3-none-any.whl.metadata (28 kB)
2025-08-23T15:56:54.7773056Z Collecting asyncpg==0.30.0 (from -r requirements-dev.txt (line 6))
2025-08-23T15:56:54.7784447Z   Using cached asyncpg-0.30.0-cp312-cp312-manylinux_2_17_x86_64.manylinux2014_x86_64.whl.metadata (5.0 kB)
2025-08-23T15:56:54.8230627Z Collecting black==25.1.0 (from -r requirements-dev.txt (line 7))
2025-08-23T15:56:54.8242812Z   Using cached black-25.1.0-cp312-cp312-manylinux_2_17_x86_64.manylinux2014_x86_64.manylinux_2_28_x86_64.whl.metadata (81 kB)
2025-08-23T15:56:55.1778042Z Collecting boto3 (from -r requirements-dev.txt (line 8))
2025-08-23T15:56:55.2215208Z   Downloading boto3-1.40.16-py3-none-any.whl.metadata (6.7 kB)
2025-08-23T15:56:55.2526671Z Collecting redis==6.* (from -r requirements-dev.txt (line 9))
2025-08-23T15:56:55.2537871Z   Using cached redis-6.4.0-py3-none-any.whl.metadata (10 kB)
2025-08-23T15:56:55.2836546Z Collecting minio==7.* (from -r requirements-dev.txt (line 10))
2025-08-23T15:56:55.2847961Z   Using cached minio-7.2.16-py3-none-any.whl.metadata (6.5 kB)
2025-08-23T15:56:55.2990919Z Collecting vulture==2.10 (from -r requirements-dev.txt (line 11))
2025-08-23T15:56:55.3002314Z   Using cached vulture-2.10-py2.py3-none-any.whl.metadata (23 kB)
2025-08-23T15:56:55.3296440Z Collecting celery==5.5.3 (from -r requirements-dev.txt (line 12))
2025-08-23T15:56:55.3307721Z   Using cached celery-5.5.3-py3-none-any.whl.metadata (22 kB)
2025-08-23T15:56:55.3867428Z Collecting fastapi==0.116.1 (from -r requirements-dev.txt (line 13))
2025-08-23T15:56:55.3879399Z   Using cached fastapi-0.116.1-py3-none-any.whl.metadata (28 kB)
2025-08-23T15:56:55.4028383Z Collecting fastapi-limiter==0.1.6 (from -r requirements-dev.txt (line 15))
2025-08-23T15:56:55.4040330Z   Using cached fastapi_limiter-0.1.6-py3-none-any.whl.metadata (5.3 kB)
2025-08-23T15:56:55.4232080Z Collecting httpx<0.29,>=0.27 (from -r requirements-dev.txt (line 16))
2025-08-23T15:56:55.4243638Z   Using cached httpx-0.28.1-py3-none-any.whl.metadata (7.1 kB)
2025-08-23T15:56:55.4358960Z Collecting imapclient==3.0.1 (from -r requirements-dev.txt (line 17))
2025-08-23T15:56:55.4370410Z   Using cached IMAPClient-3.0.1-py2.py3-none-any.whl.metadata (1.7 kB)
2025-08-23T15:56:55.4467849Z Collecting itsdangerous (from -r requirements-dev.txt (line 18))
2025-08-23T15:56:55.4479369Z   Using cached itsdangerous-2.2.0-py3-none-any.whl.metadata (1.9 kB)
2025-08-23T15:56:55.5431771Z Collecting mypy==1.* (from -r requirements-dev.txt (line 19))
2025-08-23T15:56:55.5444103Z   Using cached mypy-1.17.1-cp312-cp312-manylinux2014_x86_64.manylinux_2_17_x86_64.manylinux_2_28_x86_64.whl.metadata (2.2 kB)
2025-08-23T15:56:55.5549160Z Collecting mypy-extensions==1.1.0 (from -r requirements-dev.txt (line 20))
2025-08-23T15:56:55.5559986Z   Using cached mypy_extensions-1.1.0-py3-none-any.whl.metadata (1.1 kB)
2025-08-23T15:56:55.7347447Z Collecting numpy<2 (from -r requirements-dev.txt (line 21))
2025-08-23T15:56:55.7360595Z   Using cached numpy-1.26.4-cp312-cp312-manylinux_2_17_x86_64.manylinux2014_x86_64.whl.metadata (61 kB)
2025-08-23T15:56:55.7663768Z Collecting openpyxl==3.1.5 (from -r requirements-dev.txt (line 22))
2025-08-23T15:56:55.7674959Z   Using cached openpyxl-3.1.5-py2.py3-none-any.whl.metadata (2.5 kB)
2025-08-23T15:56:55.8894178Z Collecting pandas==2.2.* (from -r requirements-dev.txt (line 23))
2025-08-23T15:56:55.8906292Z   Using cached pandas-2.2.3-cp312-cp312-manylinux_2_17_x86_64.manylinux2014_x86_64.whl.metadata (89 kB)
2025-08-23T15:56:55.9813809Z Collecting psycopg2-binary==2.9.10 (from -r requirements-dev.txt (line 24))
2025-08-23T15:56:55.9825464Z   Using cached psycopg2_binary-2.9.10-cp312-cp312-manylinux_2_17_x86_64.manylinux2014_x86_64.whl.metadata (4.9 kB)
2025-08-23T15:56:55.9973160Z Collecting psycopg==3.2.9 (from psycopg[binary]==3.2.9->-r requirements-dev.txt (line 25))
2025-08-23T15:56:55.9983836Z   Using cached psycopg-3.2.9-py3-none-any.whl.metadata (4.5 kB)
2025-08-23T15:56:56.1044836Z Collecting pydantic==2.11.7 (from -r requirements-dev.txt (line 26))
2025-08-23T15:56:56.1056934Z   Using cached pydantic-2.11.7-py3-none-any.whl.metadata (67 kB)
2025-08-23T15:56:56.2308637Z Collecting setuptools (from -r requirements-dev.txt (line 27))
2025-08-23T15:56:56.2320319Z   Using cached setuptools-80.9.0-py3-none-any.whl.metadata (6.6 kB)
2025-08-23T15:56:56.2566128Z Collecting pytest-asyncio==1.1.0 (from -r requirements-dev.txt (line 28))
2025-08-23T15:56:56.2577135Z   Using cached pytest_asyncio-1.1.0-py3-none-any.whl.metadata (4.1 kB)
2025-08-23T15:56:56.2744662Z Collecting pytest-cov==6.2.1 (from -r requirements-dev.txt (line 29))
2025-08-23T15:56:56.2745730Z   Using cached pytest_cov-6.2.1-py3-none-any.whl.metadata (30 kB)
2025-08-23T15:56:56.2873181Z Collecting pytest-postgresql==7.0.2 (from -r requirements-dev.txt (line 30))
2025-08-23T15:56:56.2884649Z   Using cached pytest_postgresql-7.0.2-py3-none-any.whl.metadata (18 kB)
2025-08-23T15:56:56.3044961Z Collecting python-dotenv (from -r requirements-dev.txt (line 31))
2025-08-23T15:56:56.3056643Z   Using cached python_dotenv-1.1.1-py3-none-any.whl.metadata (24 kB)
2025-08-23T15:56:56.3175497Z Collecting python-multipart (from -r requirements-dev.txt (line 32))
2025-08-23T15:56:56.3187088Z   Using cached python_multipart-0.0.20-py3-none-any.whl.metadata (1.8 kB)
2025-08-23T15:56:56.3466645Z Collecting python-telegram-bot==22.3 (from -r requirements-dev.txt (line 33))
2025-08-23T15:56:56.3478345Z   Using cached python_telegram_bot-22.3-py3-none-any.whl.metadata (17 kB)
2025-08-23T15:56:56.3755138Z Collecting requests==2.32.4 (from -r requirements-dev.txt (line 34))
2025-08-23T15:56:56.3767105Z   Using cached requests-2.32.4-py3-none-any.whl.metadata (4.9 kB)
2025-08-23T15:56:56.3914734Z Collecting respx==0.22.0 (from -r requirements-dev.txt (line 35))
2025-08-23T15:56:56.3926112Z   Using cached respx-0.22.0-py2.py3-none-any.whl.metadata (4.1 kB)
2025-08-23T15:56:56.7856374Z Collecting ruff==0.9.9 (from -r requirements-dev.txt (line 36))
2025-08-23T15:56:56.7870451Z   Using cached ruff-0.9.9-py3-none-manylinux_2_17_x86_64.manylinux2014_x86_64.whl.metadata (25 kB)
2025-08-23T15:56:57.0339818Z Collecting sqlalchemy==2.0.43 (from -r requirements-dev.txt (line 37))
2025-08-23T15:56:57.0352951Z   Using cached sqlalchemy-2.0.43-cp312-cp312-manylinux_2_17_x86_64.manylinux2014_x86_64.whl.metadata (9.6 kB)
2025-08-23T15:56:57.0564287Z Collecting structlog==24.1.0 (from -r requirements-dev.txt (line 38))
2025-08-23T15:56:57.0575374Z   Using cached structlog-24.1.0-py3-none-any.whl.metadata (6.9 kB)
2025-08-23T15:56:57.0742385Z Collecting testcontainers==4.12.0 (from testcontainers[postgres]==4.12.0->-r requirements-dev.txt (line 39))
2025-08-23T15:56:57.0752903Z   Using cached testcontainers-4.12.0-py3-none-any.whl.metadata (8.3 kB)
2025-08-23T15:56:57.1127978Z Collecting types-requests==2.32.4.20250809 (from -r requirements-dev.txt (line 40))
2025-08-23T15:56:57.1139114Z   Using cached types_requests-2.32.4.20250809-py3-none-any.whl.metadata (2.0 kB)
2025-08-23T15:56:57.1265848Z Collecting docspec-python==2.2.2 (from -r requirements-dev.txt (line 41))
2025-08-23T15:56:57.1276703Z   Using cached docspec_python-2.2.2-py3-none-any.whl.metadata (1.0 kB)
2025-08-23T15:56:57.1439935Z Collecting pydoc-markdown==4.8.2 (from -r requirements-dev.txt (line 42))
2025-08-23T15:56:57.1450776Z   Using cached pydoc_markdown-4.8.2-py3-none-any.whl.metadata (5.9 kB)
2025-08-23T15:56:57.2203462Z Collecting pandera==0.19.* (from -r requirements-dev.txt (line 43))
2025-08-23T15:56:57.2216767Z   Using cached pandera-0.19.3-py3-none-any.whl.metadata (15 kB)
2025-08-23T15:56:57.2744935Z Collecting MarkupSafe>=2.0 (from Jinja2==3.1.6->-r requirements-dev.txt (line 2))
2025-08-23T15:56:57.2756667Z   Using cached MarkupSafe-3.0.2-cp312-cp312-manylinux_2_17_x86_64.manylinux2014_x86_64.whl.metadata (4.0 kB)
2025-08-23T15:56:57.2997846Z Collecting Mako (from alembic==1.16.4->-r requirements-dev.txt (line 3))
2025-08-23T15:56:57.3009057Z   Using cached mako-1.3.10-py3-none-any.whl.metadata (2.9 kB)
2025-08-23T15:56:57.3168083Z Collecting typing-extensions>=4.12 (from alembic==1.16.4->-r requirements-dev.txt (line 3))
2025-08-23T15:56:57.3179232Z   Using cached typing_extensions-4.14.1-py3-none-any.whl.metadata (3.0 kB)
2025-08-23T15:56:57.3309630Z Collecting six>=1.4.0 (from apscheduler==3.10.4->-r requirements-dev.txt (line 4))
2025-08-23T15:56:57.3320545Z   Using cached six-1.17.0-py2.py3-none-any.whl.metadata (1.7 kB)
2025-08-23T15:56:57.3658866Z Collecting pytz (from apscheduler==3.10.4->-r requirements-dev.txt (line 4))
2025-08-23T15:56:57.3670522Z   Using cached pytz-2025.2-py2.py3-none-any.whl.metadata (22 kB)
2025-08-23T15:56:57.3827498Z Collecting tzlocal!=3.*,>=2.0 (from apscheduler==3.10.4->-r requirements-dev.txt (line 4))
2025-08-23T15:56:57.3838246Z   Using cached tzlocal-5.3.1-py3-none-any.whl.metadata (7.6 kB)
2025-08-23T15:56:57.4130059Z Collecting starlette>=0.18 (from asgi-correlation-id==4.3.1->-r requirements-dev.txt (line 5))
2025-08-23T15:56:57.4140679Z   Using cached starlette-0.47.2-py3-none-any.whl.metadata (6.2 kB)
2025-08-23T15:56:57.4323694Z Collecting click>=8.0.0 (from black==25.1.0->-r requirements-dev.txt (line 7))
2025-08-23T15:56:57.4334651Z   Using cached click-8.2.1-py3-none-any.whl.metadata (2.5 kB)
2025-08-23T15:56:57.4493181Z Collecting packaging>=22.0 (from black==25.1.0->-r requirements-dev.txt (line 7))
2025-08-23T15:56:57.4504151Z   Using cached packaging-25.0-py3-none-any.whl.metadata (3.3 kB)
2025-08-23T15:56:57.4611152Z Collecting pathspec>=0.9.0 (from black==25.1.0->-r requirements-dev.txt (line 7))
2025-08-23T15:56:57.4622301Z   Using cached pathspec-0.12.1-py3-none-any.whl.metadata (21 kB)
2025-08-23T15:56:57.4803245Z Collecting platformdirs>=2 (from black==25.1.0->-r requirements-dev.txt (line 7))
2025-08-23T15:56:57.4814096Z   Using cached platformdirs-4.3.8-py3-none-any.whl.metadata (12 kB)
2025-08-23T15:56:57.4928203Z Collecting toml (from vulture==2.10->-r requirements-dev.txt (line 11))
2025-08-23T15:56:57.4939422Z   Using cached toml-0.10.2-py2.py3-none-any.whl.metadata (7.1 kB)
2025-08-23T15:56:57.5107498Z Collecting billiard<5.0,>=4.2.1 (from celery==5.5.3->-r requirements-dev.txt (line 12))
2025-08-23T15:56:57.5118706Z   Using cached billiard-4.2.1-py3-none-any.whl.metadata (4.4 kB)
2025-08-23T15:56:57.5375318Z Collecting kombu<5.6,>=5.5.2 (from celery==5.5.3->-r requirements-dev.txt (line 12))
2025-08-23T15:56:57.5385927Z   Using cached kombu-5.5.4-py3-none-any.whl.metadata (3.5 kB)
2025-08-23T15:56:57.5541378Z Collecting vine<6.0,>=5.1.0 (from celery==5.5.3->-r requirements-dev.txt (line 12))
2025-08-23T15:56:57.5552192Z   Using cached vine-5.1.0-py3-none-any.whl.metadata (2.7 kB)
2025-08-23T15:56:57.5682198Z Collecting click-didyoumean>=0.3.0 (from celery==5.5.3->-r requirements-dev.txt (line 12))
2025-08-23T15:56:57.5693114Z   Using cached click_didyoumean-0.3.1-py3-none-any.whl.metadata (3.9 kB)
2025-08-23T15:56:57.5780285Z Collecting click-repl>=0.2.0 (from celery==5.5.3->-r requirements-dev.txt (line 12))
2025-08-23T15:56:57.5791074Z   Using cached click_repl-0.3.0-py3-none-any.whl.metadata (3.6 kB)
2025-08-23T15:56:57.5882710Z Collecting click-plugins>=1.1.1 (from celery==5.5.3->-r requirements-dev.txt (line 12))
2025-08-23T15:56:57.5893721Z   Using cached click_plugins-1.1.1.2-py2.py3-none-any.whl.metadata (6.5 kB)
2025-08-23T15:56:57.6012015Z Collecting python-dateutil>=2.8.2 (from celery==5.5.3->-r requirements-dev.txt (line 12))
2025-08-23T15:56:57.6023081Z   Using cached python_dateutil-2.9.0.post0-py2.py3-none-any.whl.metadata (8.4 kB)
2025-08-23T15:56:57.6402394Z Collecting annotated-types>=0.6.0 (from pydantic==2.11.7->-r requirements-dev.txt (line 26))
2025-08-23T15:56:57.6413461Z   Using cached annotated_types-0.7.0-py3-none-any.whl.metadata (15 kB)
2025-08-23T15:56:58.3025735Z Collecting pydantic-core==2.33.2 (from pydantic==2.11.7->-r requirements-dev.txt (line 26))
2025-08-23T15:56:58.3039105Z   Using cached pydantic_core-2.33.2-cp312-cp312-manylinux_2_17_x86_64.manylinux2014_x86_64.whl.metadata (6.8 kB)
2025-08-23T15:56:58.3164353Z Collecting typing-inspection>=0.4.0 (from pydantic==2.11.7->-r requirements-dev.txt (line 26))
2025-08-23T15:56:58.3175476Z   Using cached typing_inspection-0.4.1-py3-none-any.whl.metadata (2.6 kB)
2025-08-23T15:56:58.3407918Z Collecting et-xmlfile (from openpyxl==3.1.5->-r requirements-dev.txt (line 22))
2025-08-23T15:56:58.3418962Z   Using cached et_xmlfile-2.0.0-py3-none-any.whl.metadata (2.7 kB)
2025-08-23T15:56:58.3838994Z Collecting pytest<9,>=8.2 (from pytest-asyncio==1.1.0->-r requirements-dev.txt (line 28))
2025-08-23T15:56:58.3849866Z   Using cached pytest-8.4.1-py3-none-any.whl.metadata (7.7 kB)
2025-08-23T15:56:58.7134835Z Collecting coverage>=7.5 (from coverage[toml]>=7.5->pytest-cov==6.2.1->-r requirements-dev.txt (line 29))
2025-08-23T15:56:58.7174885Z   Downloading coverage-7.10.5-cp312-cp312-manylinux1_x86_64.manylinux_2_28_x86_64.manylinux_2_5_x86_64.whl.metadata (8.9 kB)
2025-08-23T15:56:58.7311181Z Collecting pluggy>=1.2 (from pytest-cov==6.2.1->-r requirements-dev.txt (line 29))
2025-08-23T15:56:58.7322342Z   Using cached pluggy-1.6.0-py3-none-any.whl.metadata (4.8 kB)
2025-08-23T15:56:58.7594658Z Collecting port-for>=0.7.3 (from pytest-postgresql==7.0.2->-r requirements-dev.txt (line 30))
2025-08-23T15:56:58.7605437Z   Using cached port_for-0.7.4-py3-none-any.whl.metadata (7.1 kB)
2025-08-23T15:56:58.7741144Z Collecting mirakuru>=2.6.0 (from pytest-postgresql==7.0.2->-r requirements-dev.txt (line 30))
2025-08-23T15:56:58.7752063Z   Using cached mirakuru-2.6.1-py3-none-any.whl.metadata (10 kB)
2025-08-23T15:56:58.8571425Z Collecting charset_normalizer<4,>=2 (from requests==2.32.4->-r requirements-dev.txt (line 34))
2025-08-23T15:56:58.8583505Z   Using cached charset_normalizer-3.4.3-cp312-cp312-manylinux2014_x86_64.manylinux_2_17_x86_64.manylinux_2_28_x86_64.whl.metadata (36 kB)
2025-08-23T15:56:58.8731376Z Collecting idna<4,>=2.5 (from requests==2.32.4->-r requirements-dev.txt (line 34))
2025-08-23T15:56:58.8742178Z   Using cached idna-3.10-py3-none-any.whl.metadata (10 kB)
2025-08-23T15:56:58.9004502Z Collecting urllib3<3,>=1.21.1 (from requests==2.32.4->-r requirements-dev.txt (line 34))
2025-08-23T15:56:58.9015398Z   Using cached urllib3-2.5.0-py3-none-any.whl.metadata (6.5 kB)
2025-08-23T15:56:58.9223253Z Collecting certifi>=2017.4.17 (from requests==2.32.4->-r requirements-dev.txt (line 34))
2025-08-23T15:56:58.9234253Z   Using cached certifi-2025.8.3-py3-none-any.whl.metadata (2.4 kB)
2025-08-23T15:56:59.1328831Z Collecting greenlet>=1 (from sqlalchemy==2.0.43->-r requirements-dev.txt (line 37))
2025-08-23T15:56:59.1342072Z   Using cached greenlet-3.2.4-cp312-cp312-manylinux_2_24_x86_64.manylinux_2_28_x86_64.whl.metadata (4.1 kB)
2025-08-23T15:56:59.1606684Z Collecting docker (from testcontainers==4.12.0->testcontainers[postgres]==4.12.0->-r requirements-dev.txt (line 39))
2025-08-23T15:56:59.1617079Z   Using cached docker-7.1.0-py3-none-any.whl.metadata (3.8 kB)
2025-08-23T15:56:59.2592340Z Collecting wrapt (from testcontainers==4.12.0->testcontainers[postgres]==4.12.0->-r requirements-dev.txt (line 39))
2025-08-23T15:56:59.2604134Z   Using cached wrapt-1.17.3-cp312-cp312-manylinux1_x86_64.manylinux_2_28_x86_64.manylinux_2_5_x86_64.whl.metadata (6.4 kB)
2025-08-23T15:56:59.2831664Z Collecting docspec==2.2.1 (from docspec-python==2.2.2->-r requirements-dev.txt (line 41))
2025-08-23T15:56:59.2842682Z   Using cached docspec-2.2.1-py3-none-any.whl.metadata (1.5 kB)
2025-08-23T15:56:59.2996926Z Collecting nr-util>=0.8.12 (from docspec-python==2.2.2->-r requirements-dev.txt (line 41))
2025-08-23T15:56:59.3007918Z   Using cached nr.util-0.8.12-py3-none-any.whl.metadata (813 bytes)
2025-08-23T15:56:59.3341941Z Collecting PyYAML<7.0,>=5.0 (from pydoc-markdown==4.8.2->-r requirements-dev.txt (line 42))
2025-08-23T15:56:59.3353562Z   Using cached PyYAML-6.0.2-cp312-cp312-manylinux_2_17_x86_64.manylinux2014_x86_64.whl.metadata (2.1 kB)
2025-08-23T15:56:59.3640769Z Collecting databind.core<5.0.0,>=4.4.0 (from pydoc-markdown==4.8.2->-r requirements-dev.txt (line 42))
2025-08-23T15:56:59.3651676Z   Using cached databind.core-4.5.2-py3-none-any.whl.metadata (1.1 kB)
2025-08-23T15:56:59.3846507Z Collecting databind.json<5.0.0,>=4.4.0 (from pydoc-markdown==4.8.2->-r requirements-dev.txt (line 42))
2025-08-23T15:56:59.3857299Z   Using cached databind.json-4.5.2-py3-none-any.whl.metadata (1.1 kB)
2025-08-23T15:56:59.3989522Z Collecting docstring-parser<0.12,>=0.11 (from pydoc-markdown==4.8.2->-r requirements-dev.txt (line 42))
2025-08-23T15:56:59.3991006Z   Using cached docstring_parser-0.11-py3-none-any.whl
2025-08-23T15:56:59.4298914Z Collecting tomli<3.0.0,>=2.0.0 (from pydoc-markdown==4.8.2->-r requirements-dev.txt (line 42))
2025-08-23T15:56:59.4310279Z   Using cached tomli-2.2.1-cp312-cp312-manylinux_2_17_x86_64.manylinux2014_x86_64.whl.metadata (11 kB)
2025-08-23T15:56:59.4409087Z Collecting tomli_w<2.0.0,>=1.0.0 (from pydoc-markdown==4.8.2->-r requirements-dev.txt (line 42))
2025-08-23T15:56:59.4419883Z   Using cached tomli_w-1.2.0-py3-none-any.whl.metadata (5.7 kB)
2025-08-23T15:56:59.4856728Z Collecting watchdog (from pydoc-markdown==4.8.2->-r requirements-dev.txt (line 42))
2025-08-23T15:56:59.4867832Z   Using cached watchdog-6.0.0-py3-none-manylinux2014_x86_64.whl.metadata (44 kB)
2025-08-23T15:56:59.5064270Z Collecting yapf>=0.30.0 (from pydoc-markdown==4.8.2->-r requirements-dev.txt (line 42))
2025-08-23T15:56:59.5075748Z   Using cached yapf-0.43.0-py3-none-any.whl.metadata (46 kB)
2025-08-23T15:56:59.5265926Z Collecting Deprecated<2.0.0,>=1.2.12 (from docspec==2.2.1->docspec-python==2.2.2->-r requirements-dev.txt (line 41))
2025-08-23T15:56:59.5277350Z   Using cached Deprecated-1.2.18-py2.py3-none-any.whl.metadata (5.7 kB)
2025-08-23T15:56:59.6736022Z Collecting psycopg-binary==3.2.9 (from psycopg[binary]==3.2.9->-r requirements-dev.txt (line 25))
2025-08-23T15:56:59.6748309Z   Using cached psycopg_binary-3.2.9-cp312-cp312-manylinux_2_17_x86_64.manylinux2014_x86_64.whl.metadata (2.9 kB)
2025-08-23T15:56:59.7062917Z Collecting argon2-cffi (from minio==7.*->-r requirements-dev.txt (line 10))
2025-08-23T15:56:59.7074437Z   Using cached argon2_cffi-25.1.0-py3-none-any.whl.metadata (4.1 kB)
2025-08-23T15:56:59.7847636Z Collecting pycryptodome (from minio==7.*->-r requirements-dev.txt (line 10))
2025-08-23T15:56:59.7863645Z   Using cached pycryptodome-3.23.0-cp37-abi3-manylinux_2_17_x86_64.manylinux2014_x86_64.whl.metadata (3.4 kB)
2025-08-23T15:56:59.8051685Z Collecting anyio (from httpx<0.29,>=0.27->-r requirements-dev.txt (line 16))
2025-08-23T15:56:59.8063129Z   Using cached anyio-4.10.0-py3-none-any.whl.metadata (4.0 kB)
2025-08-23T15:56:59.8245826Z Collecting httpcore==1.* (from httpx<0.29,>=0.27->-r requirements-dev.txt (line 16))
2025-08-23T15:56:59.8257309Z   Using cached httpcore-1.0.9-py3-none-any.whl.metadata (21 kB)
2025-08-23T15:56:59.8571856Z Collecting tzdata>=2022.7 (from pandas==2.2.*->-r requirements-dev.txt (line 23))
2025-08-23T15:56:59.8583420Z   Using cached tzdata-2025.2-py2.py3-none-any.whl.metadata (1.4 kB)
2025-08-23T15:56:59.8738037Z Collecting multimethod<=1.10.0 (from pandera==0.19.*->-r requirements-dev.txt (line 43))
2025-08-23T15:56:59.8749323Z   Using cached multimethod-1.10-py3-none-any.whl.metadata (8.2 kB)
2025-08-23T15:56:59.9098216Z Collecting typeguard (from pandera==0.19.*->-r requirements-dev.txt (line 43))
2025-08-23T15:56:59.9110051Z   Using cached typeguard-4.4.4-py3-none-any.whl.metadata (3.3 kB)
2025-08-23T15:56:59.9212633Z Collecting typing-inspect>=0.6.0 (from pandera==0.19.*->-r requirements-dev.txt (line 43))
2025-08-23T15:56:59.9224180Z   Using cached typing_inspect-0.9.0-py3-none-any.whl.metadata (1.5 kB)
2025-08-23T15:56:59.9478616Z Collecting databind<5.0.0,>=4.5.2 (from databind.core<5.0.0,>=4.4.0->pydoc-markdown==4.8.2->-r requirements-dev.txt (line 42))
2025-08-23T15:56:59.9490156Z   Using cached databind-4.5.2-py3-none-any.whl.metadata (4.3 kB)
2025-08-23T15:56:59.9608071Z Collecting nr-date<3.0.0,>=2.0.0 (from databind<5.0.0,>=4.5.2->databind.core<5.0.0,>=4.4.0->pydoc-markdown==4.8.2->-r requirements-dev.txt (line 42))
2025-08-23T15:56:59.9619355Z   Using cached nr_date-2.1.0-py3-none-any.whl.metadata (746 bytes)
2025-08-23T15:56:59.9739450Z Collecting nr-stream<2.0.0,>=1.0.0 (from databind<5.0.0,>=4.5.2->databind.core<5.0.0,>=4.4.0->pydoc-markdown==4.8.2->-r requirements-dev.txt (line 42))
2025-08-23T15:56:59.9750918Z   Using cached nr_stream-1.1.5-py3-none-any.whl.metadata (3.6 kB)
2025-08-23T15:56:59.9944986Z Collecting typeapi<3,>=2.0.1 (from databind<5.0.0,>=4.5.2->databind.core<5.0.0,>=4.4.0->pydoc-markdown==4.8.2->-r requirements-dev.txt (line 42))
2025-08-23T15:56:59.9956344Z   Using cached typeapi-2.2.4-py3-none-any.whl.metadata (1.5 kB)
2025-08-23T15:57:00.0215431Z Collecting h11>=0.16 (from httpcore==1.*->httpx<0.29,>=0.27->-r requirements-dev.txt (line 16))
2025-08-23T15:57:00.0226918Z   Using cached h11-0.16.0-py3-none-any.whl.metadata (8.3 kB)
2025-08-23T15:57:00.0439300Z Collecting amqp<6.0.0,>=5.1.1 (from kombu<5.6,>=5.5.2->celery==5.5.3->-r requirements-dev.txt (line 12))
2025-08-23T15:57:00.0450933Z   Using cached amqp-5.3.1-py3-none-any.whl.metadata (8.9 kB)
2025-08-23T15:57:00.0818897Z Collecting iniconfig>=1 (from pytest<9,>=8.2->pytest-asyncio==1.1.0->-r requirements-dev.txt (line 28))
2025-08-23T15:57:00.0830247Z   Using cached iniconfig-2.1.0-py3-none-any.whl.metadata (2.7 kB)
2025-08-23T15:57:00.1038037Z Collecting pygments>=2.7.2 (from pytest<9,>=8.2->pytest-asyncio==1.1.0->-r requirements-dev.txt (line 28))
2025-08-23T15:57:00.1049777Z   Using cached pygments-2.19.2-py3-none-any.whl.metadata (2.5 kB)
2025-08-23T15:57:00.1361761Z Collecting sniffio>=1.1 (from anyio->httpx<0.29,>=0.27->-r requirements-dev.txt (line 16))
2025-08-23T15:57:00.1373751Z   Using cached sniffio-1.3.1-py3-none-any.whl.metadata (3.9 kB)
2025-08-23T15:57:00.6407479Z Collecting botocore<1.41.0,>=1.40.16 (from boto3->-r requirements-dev.txt (line 8))
2025-08-23T15:57:00.6449376Z   Downloading botocore-1.40.16-py3-none-any.whl.metadata (5.7 kB)
2025-08-23T15:57:00.6593827Z Collecting jmespath<2.0.0,>=0.7.1 (from boto3->-r requirements-dev.txt (line 8))
2025-08-23T15:57:00.6606162Z   Using cached jmespath-1.0.1-py3-none-any.whl.metadata (7.6 kB)
2025-08-23T15:57:00.6772008Z Collecting s3transfer<0.14.0,>=0.13.0 (from boto3->-r requirements-dev.txt (line 8))
2025-08-23T15:57:00.6783224Z   Using cached s3transfer-0.13.1-py3-none-any.whl.metadata (1.7 kB)
2025-08-23T15:57:00.9395980Z Collecting fastapi-cli>=0.0.8 (from fastapi-cli[standard]>=0.0.8; extra == "all"->fastapi[all]->-r requirements-dev.txt (line 14))
2025-08-23T15:57:00.9408084Z   Using cached fastapi_cli-0.0.8-py3-none-any.whl.metadata (6.3 kB)
2025-08-23T15:57:01.0123701Z Collecting ujson!=4.0.2,!=4.1.0,!=4.2.0,!=4.3.0,!=5.0.0,!=5.1.0,>=4.0.1 (from fastapi[all]->-r requirements-dev.txt (line 14))
2025-08-23T15:57:01.0135809Z   Using cached ujson-5.11.0-cp312-cp312-manylinux_2_24_x86_64.manylinux_2_28_x86_64.whl.metadata (9.4 kB)
2025-08-23T15:57:01.2402258Z Collecting orjson>=3.2.1 (from fastapi[all]->-r requirements-dev.txt (line 14))
2025-08-23T15:57:01.2415522Z   Using cached orjson-3.11.2-cp312-cp312-manylinux_2_17_x86_64.manylinux2014_x86_64.whl.metadata (1.2 kB)
2025-08-23T15:57:01.2542821Z Collecting email-validator>=2.0.0 (from fastapi[all]->-r requirements-dev.txt (line 14))
2025-08-23T15:57:01.2555314Z   Using cached email_validator-2.2.0-py3-none-any.whl.metadata (25 kB)
2025-08-23T15:57:01.2834758Z Collecting uvicorn>=0.12.0 (from uvicorn[standard]>=0.12.0; extra == "all"->fastapi[all]->-r requirements-dev.txt (line 14))
2025-08-23T15:57:01.2846447Z   Using cached uvicorn-0.35.0-py3-none-any.whl.metadata (6.5 kB)
2025-08-23T15:57:01.3009632Z Collecting pydantic-settings>=2.0.0 (from fastapi[all]->-r requirements-dev.txt (line 14))
2025-08-23T15:57:01.3021532Z   Using cached pydantic_settings-2.10.1-py3-none-any.whl.metadata (3.4 kB)
2025-08-23T15:57:01.3150539Z Collecting pydantic-extra-types>=2.0.0 (from fastapi[all]->-r requirements-dev.txt (line 14))
2025-08-23T15:57:01.3162181Z   Using cached pydantic_extra_types-2.10.5-py3-none-any.whl.metadata (3.9 kB)
2025-08-23T15:57:01.3801151Z Collecting prompt-toolkit>=3.0.36 (from click-repl>=0.2.0->celery==5.5.3->-r requirements-dev.txt (line 12))
2025-08-23T15:57:01.3812831Z   Using cached prompt_toolkit-3.0.51-py3-none-any.whl.metadata (6.4 kB)
2025-08-23T15:57:01.3992454Z Collecting dnspython>=2.0.0 (from email-validator>=2.0.0->fastapi[all]->-r requirements-dev.txt (line 14))
2025-08-23T15:57:01.4003634Z   Using cached dnspython-2.7.0-py3-none-any.whl.metadata (5.8 kB)
2025-08-23T15:57:01.4284560Z Collecting typer>=0.15.1 (from fastapi-cli>=0.0.8->fastapi-cli[standard]>=0.0.8; extra == "all"->fastapi[all]->-r requirements-dev.txt (line 14))
2025-08-23T15:57:01.4295941Z   Using cached typer-0.16.1-py3-none-any.whl.metadata (15 kB)
2025-08-23T15:57:01.4557754Z Collecting rich-toolkit>=0.14.8 (from fastapi-cli>=0.0.8->fastapi-cli[standard]>=0.0.8; extra == "all"->fastapi[all]->-r requirements-dev.txt (line 14))
2025-08-23T15:57:01.4569230Z   Using cached rich_toolkit-0.15.0-py3-none-any.whl.metadata (1.0 kB)
2025-08-23T15:57:01.4678773Z Collecting fastapi-cloud-cli>=0.1.1 (from fastapi-cli[standard]>=0.0.8; extra == "all"->fastapi[all]->-r requirements-dev.txt (line 14))
2025-08-23T15:57:01.4690477Z   Using cached fastapi_cloud_cli-0.1.5-py3-none-any.whl.metadata (3.2 kB)
2025-08-23T15:57:01.5391457Z Collecting rignore>=0.5.1 (from fastapi-cloud-cli>=0.1.1->fastapi-cli[standard]>=0.0.8; extra == "all"->fastapi[all]->-r requirements-dev.txt (line 14))
2025-08-23T15:57:01.5403194Z   Using cached rignore-0.6.4-cp312-cp312-manylinux_2_17_x86_64.manylinux2014_x86_64.whl.metadata (3.8 kB)
2025-08-23T15:57:01.6067355Z Collecting sentry-sdk>=2.20.0 (from fastapi-cloud-cli>=0.1.1->fastapi-cli[standard]>=0.0.8; extra == "all"->fastapi[all]->-r requirements-dev.txt (line 14))
2025-08-23T15:57:01.6079087Z   Using cached sentry_sdk-2.35.0-py2.py3-none-any.whl.metadata (10 kB)
2025-08-23T15:57:01.6984992Z Collecting psutil>=4.0.0 (from mirakuru>=2.6.0->pytest-postgresql==7.0.2->-r requirements-dev.txt (line 30))
2025-08-23T15:57:01.6997045Z   Using cached psutil-7.0.0-cp36-abi3-manylinux_2_12_x86_64.manylinux2010_x86_64.manylinux_2_17_x86_64.manylinux2014_x86_64.whl.metadata (22 kB)
2025-08-23T15:57:01.7313936Z Collecting wcwidth (from prompt-toolkit>=3.0.36->click-repl>=0.2.0->celery==5.5.3->-r requirements-dev.txt (line 12))
2025-08-23T15:57:01.7324351Z   Using cached wcwidth-0.2.13-py2.py3-none-any.whl.metadata (14 kB)
2025-08-23T15:57:01.8325476Z Collecting rich>=13.7.1 (from rich-toolkit>=0.14.8->fastapi-cli>=0.0.8->fastapi-cli[standard]>=0.0.8; extra == "all"->fastapi[all]->-r requirements-dev.txt (line 14))
2025-08-23T15:57:01.8336299Z   Using cached rich-14.1.0-py3-none-any.whl.metadata (18 kB)
2025-08-23T15:57:01.8522143Z Collecting markdown-it-py>=2.2.0 (from rich>=13.7.1->rich-toolkit>=0.14.8->fastapi-cli>=0.0.8->fastapi-cli[standard]>=0.0.8; extra == "all"->fastapi[all]->-r requirements-dev.txt (line 14))
2025-08-23T15:57:01.8532575Z   Using cached markdown_it_py-4.0.0-py3-none-any.whl.metadata (7.3 kB)
2025-08-23T15:57:01.8735246Z Collecting mdurl~=0.1 (from markdown-it-py>=2.2.0->rich>=13.7.1->rich-toolkit>=0.14.8->fastapi-cli>=0.0.8->fastapi-cli[standard]>=0.0.8; extra == "all"->fastapi[all]->-r requirements-dev.txt (line 14))
2025-08-23T15:57:01.8751364Z   Using cached mdurl-0.1.2-py3-none-any.whl.metadata (1.6 kB)
2025-08-23T15:57:01.9254641Z Collecting shellingham>=1.3.0 (from typer>=0.15.1->fastapi-cli>=0.0.8->fastapi-cli[standard]>=0.0.8; extra == "all"->fastapi[all]->-r requirements-dev.txt (line 14))
2025-08-23T15:57:01.9264938Z   Using cached shellingham-1.5.4-py2.py3-none-any.whl.metadata (3.5 kB)
2025-08-23T15:57:02.0002593Z Collecting httptools>=0.6.3 (from uvicorn[standard]>=0.12.0; extra == "all"->fastapi[all]->-r requirements-dev.txt (line 14))
2025-08-23T15:57:02.0015213Z   Using cached httptools-0.6.4-cp312-cp312-manylinux_2_5_x86_64.manylinux1_x86_64.manylinux_2_17_x86_64.manylinux2014_x86_64.whl.metadata (3.6 kB)
2025-08-23T15:57:02.0431289Z Collecting uvloop>=0.15.1 (from uvicorn[standard]>=0.12.0; extra == "all"->fastapi[all]->-r requirements-dev.txt (line 14))
2025-08-23T15:57:02.0442712Z   Using cached uvloop-0.21.0-cp312-cp312-manylinux_2_17_x86_64.manylinux2014_x86_64.whl.metadata (4.9 kB)
2025-08-23T15:57:02.1122694Z Collecting watchfiles>=0.13 (from uvicorn[standard]>=0.12.0; extra == "all"->fastapi[all]->-r requirements-dev.txt (line 14))
2025-08-23T15:57:02.1133992Z   Using cached watchfiles-1.1.0-cp312-cp312-manylinux_2_17_x86_64.manylinux2014_x86_64.whl.metadata (4.9 kB)
2025-08-23T15:57:02.3204362Z Collecting websockets>=10.4 (from uvicorn[standard]>=0.12.0; extra == "all"->fastapi[all]->-r requirements-dev.txt (line 14))
2025-08-23T15:57:02.3218857Z   Using cached websockets-15.0.1-cp312-cp312-manylinux_2_5_x86_64.manylinux1_x86_64.manylinux_2_17_x86_64.manylinux2014_x86_64.whl.metadata (6.8 kB)
2025-08-23T15:57:02.3663759Z Collecting argon2-cffi-bindings (from argon2-cffi->minio==7.*->-r requirements-dev.txt (line 10))
2025-08-23T15:57:02.3675661Z   Using cached argon2_cffi_bindings-25.1.0-cp39-abi3-manylinux_2_26_x86_64.manylinux_2_28_x86_64.whl.metadata (7.4 kB)
2025-08-23T15:57:02.4682810Z Collecting cffi>=1.0.1 (from argon2-cffi-bindings->argon2-cffi->minio==7.*->-r requirements-dev.txt (line 10))
2025-08-23T15:57:02.4694081Z   Using cached cffi-1.17.1-cp312-cp312-manylinux_2_17_x86_64.manylinux2014_x86_64.whl.metadata (1.5 kB)
2025-08-23T15:57:02.4813986Z Collecting pycparser (from cffi>=1.0.1->argon2-cffi-bindings->argon2-cffi->minio==7.*->-r requirements-dev.txt (line 10))
2025-08-23T15:57:02.4824673Z   Using cached pycparser-2.22-py3-none-any.whl.metadata (943 bytes)
2025-08-23T15:57:02.5423567Z Using cached jinja2-3.1.6-py3-none-any.whl (134 kB)
2025-08-23T15:57:02.5435940Z Using cached alembic-1.16.4-py3-none-any.whl (247 kB)
2025-08-23T15:57:02.5448085Z Using cached APScheduler-3.10.4-py3-none-any.whl (59 kB)
2025-08-23T15:57:02.5459383Z Using cached asgi_correlation_id-4.3.1-py3-none-any.whl (15 kB)
2025-08-23T15:57:02.5470286Z Using cached asyncpg-0.30.0-cp312-cp312-manylinux_2_17_x86_64.manylinux2014_x86_64.whl (3.6 MB)
2025-08-23T15:57:02.5506851Z Using cached black-25.1.0-cp312-cp312-manylinux_2_17_x86_64.manylinux2014_x86_64.manylinux_2_28_x86_64.whl (1.8 MB)
2025-08-23T15:57:02.5529729Z Using cached vulture-2.10-py2.py3-none-any.whl (27 kB)
2025-08-23T15:57:02.5540335Z Using cached celery-5.5.3-py3-none-any.whl (438 kB)
2025-08-23T15:57:02.5553692Z Using cached fastapi-0.116.1-py3-none-any.whl (95 kB)
2025-08-23T15:57:02.5564747Z Using cached pydantic-2.11.7-py3-none-any.whl (444 kB)
2025-08-23T15:57:02.5578191Z Using cached fastapi_limiter-0.1.6-py3-none-any.whl (15 kB)
2025-08-23T15:57:02.5588981Z Using cached IMAPClient-3.0.1-py2.py3-none-any.whl (182 kB)
2025-08-23T15:57:02.5600733Z Using cached mypy_extensions-1.1.0-py3-none-any.whl (5.0 kB)
2025-08-23T15:57:02.5611183Z Using cached openpyxl-3.1.5-py2.py3-none-any.whl (250 kB)
2025-08-23T15:57:02.5624090Z Using cached psycopg2_binary-2.9.10-cp312-cp312-manylinux_2_17_x86_64.manylinux2014_x86_64.whl (3.0 MB)
2025-08-23T15:57:02.5656528Z Using cached psycopg-3.2.9-py3-none-any.whl (202 kB)
2025-08-23T15:57:02.5668406Z Using cached pytest_asyncio-1.1.0-py3-none-any.whl (15 kB)
2025-08-23T15:57:02.5679015Z Using cached pytest_cov-6.2.1-py3-none-any.whl (24 kB)
2025-08-23T15:57:02.5689639Z Using cached pytest_postgresql-7.0.2-py3-none-any.whl (41 kB)
2025-08-23T15:57:02.5700264Z Using cached python_telegram_bot-22.3-py3-none-any.whl (717 kB)
2025-08-23T15:57:02.5715654Z Using cached requests-2.32.4-py3-none-any.whl (64 kB)
2025-08-23T15:57:02.5726628Z Using cached respx-0.22.0-py2.py3-none-any.whl (25 kB)
2025-08-23T15:57:02.5737966Z Using cached ruff-0.9.9-py3-none-manylinux_2_17_x86_64.manylinux2014_x86_64.whl (11.2 MB)
2025-08-23T15:57:02.5829300Z Using cached sqlalchemy-2.0.43-cp312-cp312-manylinux_2_17_x86_64.manylinux2014_x86_64.whl (3.3 MB)
2025-08-23T15:57:02.5863290Z Using cached structlog-24.1.0-py3-none-any.whl (65 kB)
2025-08-23T15:57:02.5874348Z Using cached testcontainers-4.12.0-py3-none-any.whl (111 kB)
2025-08-23T15:57:02.5885655Z Using cached types_requests-2.32.4.20250809-py3-none-any.whl (20 kB)
2025-08-23T15:57:02.5896185Z Using cached docspec_python-2.2.2-py3-none-any.whl (15 kB)
2025-08-23T15:57:02.5906694Z Using cached pydoc_markdown-4.8.2-py3-none-any.whl (67 kB)
2025-08-23T15:57:02.5917319Z Using cached docspec-2.2.1-py3-none-any.whl (9.8 kB)
2025-08-23T15:57:02.5928408Z Using cached psycopg_binary-3.2.9-cp312-cp312-manylinux_2_17_x86_64.manylinux2014_x86_64.whl (4.4 MB)
2025-08-23T15:57:02.5971561Z Using cached pydantic_core-2.33.2-cp312-cp312-manylinux_2_17_x86_64.manylinux2014_x86_64.whl (2.0 MB)
2025-08-23T15:57:02.5995770Z Using cached redis-6.4.0-py3-none-any.whl (279 kB)
2025-08-23T15:57:02.6008379Z Using cached minio-7.2.16-py3-none-any.whl (95 kB)
2025-08-23T15:57:02.6019922Z Using cached httpx-0.28.1-py3-none-any.whl (73 kB)
2025-08-23T15:57:02.6031762Z Using cached mypy-1.17.1-cp312-cp312-manylinux2014_x86_64.manylinux_2_17_x86_64.manylinux_2_28_x86_64.whl (12.7 MB)
2025-08-23T15:57:02.6134004Z Using cached numpy-1.26.4-cp312-cp312-manylinux_2_17_x86_64.manylinux2014_x86_64.whl (18.0 MB)
2025-08-23T15:57:02.6272451Z Using cached pandas-2.2.3-cp312-cp312-manylinux_2_17_x86_64.manylinux2014_x86_64.whl (12.7 MB)
2025-08-23T15:57:02.6373543Z Using cached pandera-0.19.3-py3-none-any.whl (251 kB)
2025-08-23T15:57:02.6385557Z Using cached billiard-4.2.1-py3-none-any.whl (86 kB)
2025-08-23T15:57:02.6397647Z Using cached charset_normalizer-3.4.3-cp312-cp312-manylinux2014_x86_64.manylinux_2_17_x86_64.manylinux_2_28_x86_64.whl (151 kB)
2025-08-23T15:57:02.6408893Z Using cached click-8.2.1-py3-none-any.whl (102 kB)
2025-08-23T15:57:02.6420205Z Using cached databind.core-4.5.2-py3-none-any.whl (1.5 kB)
2025-08-23T15:57:02.6430860Z Using cached databind-4.5.2-py3-none-any.whl (49 kB)
2025-08-23T15:57:02.6441521Z Using cached databind.json-4.5.2-py3-none-any.whl (1.5 kB)
2025-08-23T15:57:02.6452190Z Using cached Deprecated-1.2.18-py2.py3-none-any.whl (10.0 kB)
2025-08-23T15:57:02.6462734Z Using cached httpcore-1.0.9-py3-none-any.whl (78 kB)
2025-08-23T15:57:02.6473745Z Using cached idna-3.10-py3-none-any.whl (70 kB)
2025-08-23T15:57:02.6484942Z Using cached kombu-5.5.4-py3-none-any.whl (210 kB)
2025-08-23T15:57:02.6496645Z Using cached vine-5.1.0-py3-none-any.whl (9.6 kB)
2025-08-23T15:57:02.6507169Z Using cached amqp-5.3.1-py3-none-any.whl (50 kB)
2025-08-23T15:57:02.6517948Z Using cached multimethod-1.10-py3-none-any.whl (9.9 kB)
2025-08-23T15:57:02.6528381Z Using cached nr_date-2.1.0-py3-none-any.whl (10 kB)
2025-08-23T15:57:02.6539450Z Using cached nr_stream-1.1.5-py3-none-any.whl (10 kB)
2025-08-23T15:57:02.6549950Z Using cached nr.util-0.8.12-py3-none-any.whl (90 kB)
2025-08-23T15:57:02.6560953Z Using cached pytest-8.4.1-py3-none-any.whl (365 kB)
2025-08-23T15:57:02.6574354Z Using cached pluggy-1.6.0-py3-none-any.whl (20 kB)
2025-08-23T15:57:02.6585514Z Using cached PyYAML-6.0.2-cp312-cp312-manylinux_2_17_x86_64.manylinux2014_x86_64.whl (767 kB)
2025-08-23T15:57:02.6601173Z Using cached starlette-0.47.2-py3-none-any.whl (72 kB)
2025-08-23T15:57:02.6612171Z Using cached anyio-4.10.0-py3-none-any.whl (107 kB)
2025-08-23T15:57:02.6623709Z Using cached tomli-2.2.1-cp312-cp312-manylinux_2_17_x86_64.manylinux2014_x86_64.whl (242 kB)
2025-08-23T15:57:02.6635642Z Using cached tomli_w-1.2.0-py3-none-any.whl (6.7 kB)
2025-08-23T15:57:02.6646106Z Using cached typeapi-2.2.4-py3-none-any.whl (26 kB)
2025-08-23T15:57:02.6656881Z Using cached typing_extensions-4.14.1-py3-none-any.whl (43 kB)
2025-08-23T15:57:02.6667643Z Using cached urllib3-2.5.0-py3-none-any.whl (129 kB)
2025-08-23T15:57:02.6679833Z Using cached wrapt-1.17.3-cp312-cp312-manylinux1_x86_64.manylinux_2_28_x86_64.manylinux_2_5_x86_64.whl (88 kB)
2025-08-23T15:57:02.6719256Z Downloading boto3-1.40.16-py3-none-any.whl (140 kB)
2025-08-23T15:57:02.6878725Z Downloading botocore-1.40.16-py3-none-any.whl (14.0 MB)
2025-08-23T15:57:02.8111281Z    ━━━━━━━━━━━━━━━━━━━━━━━━━━━━━━━━━━━━━━━━ 14.0/14.0 MB 119.3 MB/s  0:00:00
2025-08-23T15:57:02.8125264Z Using cached jmespath-1.0.1-py3-none-any.whl (20 kB)
2025-08-23T15:57:02.8137238Z Using cached python_dateutil-2.9.0.post0-py2.py3-none-any.whl (229 kB)
2025-08-23T15:57:02.8149798Z Using cached s3transfer-0.13.1-py3-none-any.whl (85 kB)
2025-08-23T15:57:02.8161126Z Using cached itsdangerous-2.2.0-py3-none-any.whl (16 kB)
2025-08-23T15:57:02.8172060Z Using cached setuptools-80.9.0-py3-none-any.whl (1.2 MB)
2025-08-23T15:57:02.8193125Z Using cached python_dotenv-1.1.1-py3-none-any.whl (20 kB)
2025-08-23T15:57:02.8203976Z Using cached python_multipart-0.0.20-py3-none-any.whl (24 kB)
2025-08-23T15:57:02.8214728Z Using cached annotated_types-0.7.0-py3-none-any.whl (13 kB)
2025-08-23T15:57:02.8225426Z Using cached certifi-2025.8.3-py3-none-any.whl (161 kB)
2025-08-23T15:57:02.8236956Z Using cached click_didyoumean-0.3.1-py3-none-any.whl (3.6 kB)
2025-08-23T15:57:02.8248029Z Using cached click_plugins-1.1.1.2-py2.py3-none-any.whl (11 kB)
2025-08-23T15:57:02.8258560Z Using cached click_repl-0.3.0-py3-none-any.whl (10 kB)
2025-08-23T15:57:02.8316085Z Downloading coverage-7.10.5-cp312-cp312-manylinux1_x86_64.manylinux_2_28_x86_64.manylinux_2_5_x86_64.whl (251 kB)
2025-08-23T15:57:02.8361059Z Using cached email_validator-2.2.0-py3-none-any.whl (33 kB)
2025-08-23T15:57:02.8372199Z Using cached dnspython-2.7.0-py3-none-any.whl (313 kB)
2025-08-23T15:57:02.8385024Z Using cached fastapi_cli-0.0.8-py3-none-any.whl (10 kB)
2025-08-23T15:57:02.8395724Z Using cached fastapi_cloud_cli-0.1.5-py3-none-any.whl (18 kB)
2025-08-23T15:57:02.8406944Z Using cached greenlet-3.2.4-cp312-cp312-manylinux_2_24_x86_64.manylinux_2_28_x86_64.whl (607 kB)
2025-08-23T15:57:02.8421942Z Using cached h11-0.16.0-py3-none-any.whl (37 kB)
2025-08-23T15:57:02.8433152Z Using cached iniconfig-2.1.0-py3-none-any.whl (6.0 kB)
2025-08-23T15:57:02.8444062Z Using cached MarkupSafe-3.0.2-cp312-cp312-manylinux_2_17_x86_64.manylinux2014_x86_64.whl (23 kB)
2025-08-23T15:57:02.8454325Z Using cached mirakuru-2.6.1-py3-none-any.whl (26 kB)
2025-08-23T15:57:02.8465601Z Using cached orjson-3.11.2-cp312-cp312-manylinux_2_17_x86_64.manylinux2014_x86_64.whl (121 kB)
2025-08-23T15:57:02.8476608Z Using cached packaging-25.0-py3-none-any.whl (66 kB)
2025-08-23T15:57:02.8487585Z Using cached pathspec-0.12.1-py3-none-any.whl (31 kB)
2025-08-23T15:57:02.8498385Z Using cached platformdirs-4.3.8-py3-none-any.whl (18 kB)
2025-08-23T15:57:02.8508900Z Using cached port_for-0.7.4-py3-none-any.whl (21 kB)
2025-08-23T15:57:02.8520308Z Using cached prompt_toolkit-3.0.51-py3-none-any.whl (387 kB)
2025-08-23T15:57:02.8534640Z Using cached psutil-7.0.0-cp36-abi3-manylinux_2_12_x86_64.manylinux2010_x86_64.manylinux_2_17_x86_64.manylinux2014_x86_64.whl (277 kB)
2025-08-23T15:57:02.8546660Z Using cached pydantic_extra_types-2.10.5-py3-none-any.whl (38 kB)
2025-08-23T15:57:02.8557433Z Using cached pydantic_settings-2.10.1-py3-none-any.whl (45 kB)
2025-08-23T15:57:02.8568230Z Using cached pygments-2.19.2-py3-none-any.whl (1.2 MB)
2025-08-23T15:57:02.8587793Z Using cached pytz-2025.2-py2.py3-none-any.whl (509 kB)
2025-08-23T15:57:02.8602131Z Using cached rich_toolkit-0.15.0-py3-none-any.whl (29 kB)
2025-08-23T15:57:02.8612738Z Using cached rich-14.1.0-py3-none-any.whl (243 kB)
2025-08-23T15:57:02.8625050Z Using cached markdown_it_py-4.0.0-py3-none-any.whl (87 kB)
2025-08-23T15:57:02.8635964Z Using cached mdurl-0.1.2-py3-none-any.whl (10.0 kB)
2025-08-23T15:57:02.8647013Z Using cached rignore-0.6.4-cp312-cp312-manylinux_2_17_x86_64.manylinux2014_x86_64.whl (949 kB)
2025-08-23T15:57:02.8664170Z Using cached sentry_sdk-2.35.0-py2.py3-none-any.whl (363 kB)
2025-08-23T15:57:02.8677067Z Using cached six-1.17.0-py2.py3-none-any.whl (11 kB)
2025-08-23T15:57:02.8687736Z Using cached sniffio-1.3.1-py3-none-any.whl (10 kB)
2025-08-23T15:57:02.8698350Z Using cached typer-0.16.1-py3-none-any.whl (46 kB)
2025-08-23T15:57:02.8709305Z Using cached shellingham-1.5.4-py2.py3-none-any.whl (9.8 kB)
2025-08-23T15:57:02.8719771Z Using cached typing_inspect-0.9.0-py3-none-any.whl (8.8 kB)
2025-08-23T15:57:02.8732978Z Using cached typing_inspection-0.4.1-py3-none-any.whl (14 kB)
2025-08-23T15:57:02.8743676Z Using cached tzdata-2025.2-py2.py3-none-any.whl (347 kB)
2025-08-23T15:57:02.8756681Z Using cached tzlocal-5.3.1-py3-none-any.whl (18 kB)
2025-08-23T15:57:02.8767760Z Using cached ujson-5.11.0-cp312-cp312-manylinux_2_24_x86_64.manylinux_2_28_x86_64.whl (57 kB)
2025-08-23T15:57:02.8778202Z Using cached uvicorn-0.35.0-py3-none-any.whl (66 kB)
2025-08-23T15:57:02.8790342Z Using cached httptools-0.6.4-cp312-cp312-manylinux_2_5_x86_64.manylinux1_x86_64.manylinux_2_17_x86_64.manylinux2014_x86_64.whl (510 kB)
2025-08-23T15:57:02.8804110Z Using cached uvloop-0.21.0-cp312-cp312-manylinux_2_17_x86_64.manylinux2014_x86_64.whl (4.7 MB)
2025-08-23T15:57:02.8849222Z Using cached watchfiles-1.1.0-cp312-cp312-manylinux_2_17_x86_64.manylinux2014_x86_64.whl (452 kB)
2025-08-23T15:57:02.8863564Z Using cached websockets-15.0.1-cp312-cp312-manylinux_2_5_x86_64.manylinux1_x86_64.manylinux_2_17_x86_64.manylinux2014_x86_64.whl (182 kB)
2025-08-23T15:57:02.8874393Z Using cached yapf-0.43.0-py3-none-any.whl (256 kB)
2025-08-23T15:57:02.8886669Z Using cached argon2_cffi-25.1.0-py3-none-any.whl (14 kB)
2025-08-23T15:57:02.8898064Z Using cached argon2_cffi_bindings-25.1.0-cp39-abi3-manylinux_2_26_x86_64.manylinux_2_28_x86_64.whl (87 kB)
2025-08-23T15:57:02.8909234Z Using cached cffi-1.17.1-cp312-cp312-manylinux_2_17_x86_64.manylinux2014_x86_64.whl (479 kB)
2025-08-23T15:57:02.8922846Z Using cached docker-7.1.0-py3-none-any.whl (147 kB)
2025-08-23T15:57:02.8934377Z Using cached et_xmlfile-2.0.0-py3-none-any.whl (18 kB)
2025-08-23T15:57:02.8944982Z Using cached mako-1.3.10-py3-none-any.whl (78 kB)
2025-08-23T15:57:02.8956130Z Using cached pycparser-2.22-py3-none-any.whl (117 kB)
2025-08-23T15:57:02.8968304Z Using cached pycryptodome-3.23.0-cp37-abi3-manylinux_2_17_x86_64.manylinux2014_x86_64.whl (2.3 MB)
2025-08-23T15:57:02.8994537Z Using cached toml-0.10.2-py2.py3-none-any.whl (16 kB)
2025-08-23T15:57:02.9005157Z Using cached typeguard-4.4.4-py3-none-any.whl (34 kB)
2025-08-23T15:57:02.9015976Z Using cached watchdog-6.0.0-py3-none-manylinux2014_x86_64.whl (79 kB)
2025-08-23T15:57:02.9026901Z Using cached wcwidth-0.2.13-py2.py3-none-any.whl (34 kB)
2025-08-23T15:57:03.3763756Z Installing collected packages: wcwidth, pytz, wrapt, websockets, watchdog, vine, uvloop, urllib3, ujson, tzlocal, tzdata, typing-extensions, tomli_w, tomli, toml, structlog, sniffio, six, shellingham, setuptools, ruff, rignore, redis, PyYAML, python-multipart, python-dotenv, pygments, pycryptodome, pycparser, psycopg2-binary, psycopg-binary, psutil, prompt-toolkit, port-for, pluggy, platformdirs, pathspec, packaging, orjson, numpy, nr-stream, nr-date, mypy-extensions, multimethod, mdurl, MarkupSafe, jmespath, itsdangerous, iniconfig, imapclient, idna, httptools, h11, greenlet, et-xmlfile, docstring-parser, dnspython, coverage, click, charset_normalizer, certifi, billiard, asyncpg, annotated-types, yapf, vulture, uvicorn, typing-inspection, typing-inspect, types-requests, typeguard, typeapi, sqlalchemy, sentry-sdk, requests, python-dateutil, pytest, pydantic-core, psycopg, openpyxl, mypy, mirakuru, markdown-it-py, Mako, Jinja2, httpcore, email-validator, Deprecated, click-repl, click-plugins, click-didyoumean, cffi, black, apscheduler, anyio, amqp, watchfiles, starlette, rich, pytest-postgresql, pytest-cov, pytest-asyncio, pydantic, pandas, nr-util, kombu, httpx, docker, databind, botocore, argon2-cffi-bindings, alembic, typer, testcontainers, s3transfer, rich-toolkit, respx, python-telegram-bot, pydantic-settings, pydantic-extra-types, pandera, fastapi, databind.json, databind.core, celery, asgi-correlation-id, argon2-cffi, minio, fastapi-limiter, fastapi-cloud-cli, fastapi-cli, docspec, boto3, docspec-python, pydoc-markdown
2025-08-23T15:57:22.2328062Z 
2025-08-23T15:57:22.2450602Z Successfully installed Deprecated-1.2.18 Jinja2-3.1.6 Mako-1.3.10 MarkupSafe-3.0.2 PyYAML-6.0.2 alembic-1.16.4 amqp-5.3.1 annotated-types-0.7.0 anyio-4.10.0 apscheduler-3.10.4 argon2-cffi-25.1.0 argon2-cffi-bindings-25.1.0 asgi-correlation-id-4.3.1 asyncpg-0.30.0 billiard-4.2.1 black-25.1.0 boto3-1.40.16 botocore-1.40.16 celery-5.5.3 certifi-2025.8.3 cffi-1.17.1 charset_normalizer-3.4.3 click-8.2.1 click-didyoumean-0.3.1 click-plugins-1.1.1.2 click-repl-0.3.0 coverage-7.10.5 databind-4.5.2 databind.core-4.5.2 databind.json-4.5.2 dnspython-2.7.0 docker-7.1.0 docspec-2.2.1 docspec-python-2.2.2 docstring-parser-0.11 email-validator-2.2.0 et-xmlfile-2.0.0 fastapi-0.116.1 fastapi-cli-0.0.8 fastapi-cloud-cli-0.1.5 fastapi-limiter-0.1.6 greenlet-3.2.4 h11-0.16.0 httpcore-1.0.9 httptools-0.6.4 httpx-0.28.1 idna-3.10 imapclient-3.0.1 iniconfig-2.1.0 itsdangerous-2.2.0 jmespath-1.0.1 kombu-5.5.4 markdown-it-py-4.0.0 mdurl-0.1.2 minio-7.2.16 mirakuru-2.6.1 multimethod-1.10 mypy-1.17.1 mypy-extensions-1.1.0 nr-date-2.1.0 nr-stream-1.1.5 nr-util-0.8.12 numpy-1.26.4 openpyxl-3.1.5 orjson-3.11.2 packaging-25.0 pandas-2.2.3 pandera-0.19.3 pathspec-0.12.1 platformdirs-4.3.8 pluggy-1.6.0 port-for-0.7.4 prompt-toolkit-3.0.51 psutil-7.0.0 psycopg-3.2.9 psycopg-binary-3.2.9 psycopg2-binary-2.9.10 pycparser-2.22 pycryptodome-3.23.0 pydantic-2.11.7 pydantic-core-2.33.2 pydantic-extra-types-2.10.5 pydantic-settings-2.10.1 pydoc-markdown-4.8.2 pygments-2.19.2 pytest-8.4.1 pytest-asyncio-1.1.0 pytest-cov-6.2.1 pytest-postgresql-7.0.2 python-dateutil-2.9.0.post0 python-dotenv-1.1.1 python-multipart-0.0.20 python-telegram-bot-22.3 pytz-2025.2 redis-6.4.0 requests-2.32.4 respx-0.22.0 rich-14.1.0 rich-toolkit-0.15.0 rignore-0.6.4 ruff-0.9.9 s3transfer-0.13.1 sentry-sdk-2.35.0 setuptools-80.9.0 shellingham-1.5.4 six-1.17.0 sniffio-1.3.1 sqlalchemy-2.0.43 starlette-0.47.2 structlog-24.1.0 testcontainers-4.12.0 toml-0.10.2 tomli-2.2.1 tomli_w-1.2.0 typeapi-2.2.4 typeguard-4.4.4 typer-0.16.1 types-requests-2.32.4.20250809 typing-extensions-4.14.1 typing-inspect-0.9.0 typing-inspection-0.4.1 tzdata-2025.2 tzlocal-5.3.1 ujson-5.11.0 urllib3-2.5.0 uvicorn-0.35.0 uvloop-0.21.0 vine-5.1.0 vulture-2.10 watchdog-6.0.0 watchfiles-1.1.0 wcwidth-0.2.13 websockets-15.0.1 wrapt-1.17.3 yapf-0.43.0
2025-08-23T15:57:23.5077159Z Collecting keepa==1.3.15
2025-08-23T15:57:23.5090217Z   Using cached keepa-1.3.15-py3-none-any.whl.metadata (11 kB)
2025-08-23T15:57:23.5367966Z Collecting minio==7.1.15
2025-08-23T15:57:23.5379887Z   Using cached minio-7.1.15-py3-none-any.whl.metadata (4.2 kB)
2025-08-23T15:57:23.5406147Z Requirement already satisfied: numpy>=1.9.3 in /opt/hostedtoolcache/Python/3.12.11/x64/lib/python3.12/site-packages (from keepa==1.3.15) (1.26.4)
2025-08-23T15:57:23.5411408Z Requirement already satisfied: requests>=2.2 in /opt/hostedtoolcache/Python/3.12.11/x64/lib/python3.12/site-packages (from keepa==1.3.15) (2.32.4)
2025-08-23T15:57:23.5724748Z Collecting tqdm (from keepa==1.3.15)
2025-08-23T15:57:23.5736466Z   Using cached tqdm-4.67.1-py3-none-any.whl.metadata (57 kB)
2025-08-23T15:57:24.1063873Z Collecting aiohttp (from keepa==1.3.15)
2025-08-23T15:57:24.1077266Z   Using cached aiohttp-3.12.15-cp312-cp312-manylinux_2_17_x86_64.manylinux2014_x86_64.whl.metadata (7.7 kB)
2025-08-23T15:57:24.1126866Z Requirement already satisfied: pandas<=3.0 in /opt/hostedtoolcache/Python/3.12.11/x64/lib/python3.12/site-packages (from keepa==1.3.15) (2.2.3)
2025-08-23T15:57:24.1136119Z Requirement already satisfied: pydantic in /opt/hostedtoolcache/Python/3.12.11/x64/lib/python3.12/site-packages (from keepa==1.3.15) (2.11.7)
2025-08-23T15:57:24.1138263Z Requirement already satisfied: certifi in /opt/hostedtoolcache/Python/3.12.11/x64/lib/python3.12/site-packages (from minio==7.1.15) (2025.8.3)
2025-08-23T15:57:24.1140548Z Requirement already satisfied: urllib3 in /opt/hostedtoolcache/Python/3.12.11/x64/lib/python3.12/site-packages (from minio==7.1.15) (2.5.0)
2025-08-23T15:57:24.1202724Z Requirement already satisfied: python-dateutil>=2.8.2 in /opt/hostedtoolcache/Python/3.12.11/x64/lib/python3.12/site-packages (from pandas<=3.0->keepa==1.3.15) (2.9.0.post0)
2025-08-23T15:57:24.1208611Z Requirement already satisfied: pytz>=2020.1 in /opt/hostedtoolcache/Python/3.12.11/x64/lib/python3.12/site-packages (from pandas<=3.0->keepa==1.3.15) (2025.2)
2025-08-23T15:57:24.1221035Z Requirement already satisfied: tzdata>=2022.7 in /opt/hostedtoolcache/Python/3.12.11/x64/lib/python3.12/site-packages (from pandas<=3.0->keepa==1.3.15) (2025.2)
2025-08-23T15:57:24.1342362Z Requirement already satisfied: six>=1.5 in /opt/hostedtoolcache/Python/3.12.11/x64/lib/python3.12/site-packages (from python-dateutil>=2.8.2->pandas<=3.0->keepa==1.3.15) (1.17.0)
2025-08-23T15:57:24.1362341Z Requirement already satisfied: charset_normalizer<4,>=2 in /opt/hostedtoolcache/Python/3.12.11/x64/lib/python3.12/site-packages (from requests>=2.2->keepa==1.3.15) (3.4.3)
2025-08-23T15:57:24.1369552Z Requirement already satisfied: idna<4,>=2.5 in /opt/hostedtoolcache/Python/3.12.11/x64/lib/python3.12/site-packages (from requests>=2.2->keepa==1.3.15) (3.10)
2025-08-23T15:57:24.2357092Z Collecting aiohappyeyeballs>=2.5.0 (from aiohttp->keepa==1.3.15)
2025-08-23T15:57:24.2372548Z   Using cached aiohappyeyeballs-2.6.1-py3-none-any.whl.metadata (5.9 kB)
2025-08-23T15:57:24.6291087Z Collecting aiosignal>=1.4.0 (from aiohttp->keepa==1.3.15)
2025-08-23T15:57:24.6302749Z   Using cached aiosignal-1.4.0-py3-none-any.whl.metadata (3.7 kB)
2025-08-23T15:57:24.6452684Z Collecting attrs>=17.3.0 (from aiohttp->keepa==1.3.15)
2025-08-23T15:57:24.6463908Z   Using cached attrs-25.3.0-py3-none-any.whl.metadata (10 kB)
2025-08-23T15:57:24.7116481Z Collecting frozenlist>=1.1.1 (from aiohttp->keepa==1.3.15)
2025-08-23T15:57:24.7128777Z   Using cached frozenlist-1.7.0-cp312-cp312-manylinux_2_5_x86_64.manylinux1_x86_64.manylinux_2_17_x86_64.manylinux2014_x86_64.whl.metadata (18 kB)
2025-08-23T15:57:24.9519202Z Collecting multidict<7.0,>=4.5 (from aiohttp->keepa==1.3.15)
2025-08-23T15:57:24.9532877Z   Using cached multidict-6.6.4-cp312-cp312-manylinux2014_x86_64.manylinux_2_17_x86_64.manylinux_2_28_x86_64.whl.metadata (5.3 kB)
2025-08-23T15:57:24.9941489Z Collecting propcache>=0.2.0 (from aiohttp->keepa==1.3.15)
2025-08-23T15:57:24.9952715Z   Using cached propcache-0.3.2-cp312-cp312-manylinux_2_17_x86_64.manylinux2014_x86_64.whl.metadata (12 kB)
2025-08-23T15:57:25.2284396Z Collecting yarl<2.0,>=1.17.0 (from aiohttp->keepa==1.3.15)
2025-08-23T15:57:25.2297621Z   Using cached yarl-1.20.1-cp312-cp312-manylinux_2_17_x86_64.manylinux2014_x86_64.whl.metadata (73 kB)
2025-08-23T15:57:25.2512180Z Requirement already satisfied: typing-extensions>=4.2 in /opt/hostedtoolcache/Python/3.12.11/x64/lib/python3.12/site-packages (from aiosignal>=1.4.0->aiohttp->keepa==1.3.15) (4.14.1)
2025-08-23T15:57:25.2560489Z Requirement already satisfied: annotated-types>=0.6.0 in /opt/hostedtoolcache/Python/3.12.11/x64/lib/python3.12/site-packages (from pydantic->keepa==1.3.15) (0.7.0)
2025-08-23T15:57:25.2565771Z Requirement already satisfied: pydantic-core==2.33.2 in /opt/hostedtoolcache/Python/3.12.11/x64/lib/python3.12/site-packages (from pydantic->keepa==1.3.15) (2.33.2)
2025-08-23T15:57:25.2572938Z Requirement already satisfied: typing-inspection>=0.4.0 in /opt/hostedtoolcache/Python/3.12.11/x64/lib/python3.12/site-packages (from pydantic->keepa==1.3.15) (0.4.1)
2025-08-23T15:57:25.2631925Z Using cached keepa-1.3.15-py3-none-any.whl (38 kB)
2025-08-23T15:57:25.2642944Z Using cached minio-7.1.15-py3-none-any.whl (77 kB)
2025-08-23T15:57:25.2654718Z Using cached aiohttp-3.12.15-cp312-cp312-manylinux_2_17_x86_64.manylinux2014_x86_64.whl (1.7 MB)
2025-08-23T15:57:25.2678129Z Using cached multidict-6.6.4-cp312-cp312-manylinux2014_x86_64.manylinux_2_17_x86_64.manylinux_2_28_x86_64.whl (256 kB)
2025-08-23T15:57:25.2690760Z Using cached yarl-1.20.1-cp312-cp312-manylinux_2_17_x86_64.manylinux2014_x86_64.whl (355 kB)
2025-08-23T15:57:25.2703808Z Using cached aiohappyeyeballs-2.6.1-py3-none-any.whl (15 kB)
2025-08-23T15:57:25.2714707Z Using cached aiosignal-1.4.0-py3-none-any.whl (7.5 kB)
2025-08-23T15:57:25.2725304Z Using cached attrs-25.3.0-py3-none-any.whl (63 kB)
2025-08-23T15:57:25.2736941Z Using cached frozenlist-1.7.0-cp312-cp312-manylinux_2_5_x86_64.manylinux1_x86_64.manylinux_2_17_x86_64.manylinux2014_x86_64.whl (241 kB)
2025-08-23T15:57:25.2749345Z Using cached propcache-0.3.2-cp312-cp312-manylinux_2_17_x86_64.manylinux2014_x86_64.whl (224 kB)
2025-08-23T15:57:25.2761316Z Using cached tqdm-4.67.1-py3-none-any.whl (78 kB)
2025-08-23T15:57:25.4587516Z Installing collected packages: tqdm, propcache, multidict, minio, frozenlist, attrs, aiohappyeyeballs, yarl, aiosignal, aiohttp, keepa
2025-08-23T15:57:25.5324152Z   Attempting uninstall: minio
2025-08-23T15:57:25.5373837Z     Found existing installation: minio 7.2.16
2025-08-23T15:57:25.5410875Z     Uninstalling minio-7.2.16:
2025-08-23T15:57:25.5421173Z       Successfully uninstalled minio-7.2.16
2025-08-23T15:57:25.8990120Z 
2025-08-23T15:57:25.9105046Z Successfully installed aiohappyeyeballs-2.6.1 aiohttp-3.12.15 aiosignal-1.4.0 attrs-25.3.0 frozenlist-1.7.0 keepa-1.3.15 minio-7.1.15 multidict-6.6.4 propcache-0.3.2 tqdm-4.67.1 yarl-1.20.1
2025-08-23T15:57:26.0696611Z ##[group]Run ruff check .
2025-08-23T15:57:26.0696945Z [36;1mruff check .[0m
2025-08-23T15:57:26.0697204Z [36;1mruff format --check .[0m
2025-08-23T15:57:26.0697488Z [36;1mvulture[0m
2025-08-23T15:57:26.0738345Z shell: /usr/bin/bash -e {0}
2025-08-23T15:57:26.0738881Z env:
2025-08-23T15:57:26.0739156Z   REDIS_URL: redis://localhost:6379/0
2025-08-23T15:57:26.0739510Z   RATE_LIMIT_DEFAULT: 100/minute
2025-08-23T15:57:26.0739826Z   TRUST_X_FORWARDED: 1
2025-08-23T15:57:26.0740101Z   PG_USER: postgres
2025-08-23T15:57:26.0740365Z   PG_PASSWORD: pass
2025-08-23T15:57:26.0740629Z   PG_DATABASE: awa
2025-08-23T15:57:26.0740889Z   PG_HOST: localhost
2025-08-23T15:57:26.0741145Z   PG_PORT: 5432
2025-08-23T15:57:26.0741707Z   PG_SYNC_DSN: ***localhost:5432/awa
2025-08-23T15:57:26.0742247Z   PG_ASYNC_DSN: ***localhost:5432/awa
2025-08-23T15:57:26.0742977Z   DATABASE_URL: ***localhost:5432/awa
2025-08-23T15:57:26.0743310Z   DATA_DIR: /tmp/awa-data
2025-08-23T15:57:26.0743627Z   ENABLE_LIVE: 0
2025-08-23T15:57:26.0743874Z   TESTING: 1
2025-08-23T15:57:26.0744196Z   pythonLocation: /opt/hostedtoolcache/Python/3.12.11/x64
2025-08-23T15:57:26.0744757Z   PKG_CONFIG_PATH: /opt/hostedtoolcache/Python/3.12.11/x64/lib/pkgconfig
2025-08-23T15:57:26.0745315Z   Python_ROOT_DIR: /opt/hostedtoolcache/Python/3.12.11/x64
2025-08-23T15:57:26.0745810Z   Python2_ROOT_DIR: /opt/hostedtoolcache/Python/3.12.11/x64
2025-08-23T15:57:26.0746296Z   Python3_ROOT_DIR: /opt/hostedtoolcache/Python/3.12.11/x64
2025-08-23T15:57:26.0746752Z   LD_LIBRARY_PATH: /opt/hostedtoolcache/Python/3.12.11/x64/lib
2025-08-23T15:57:26.0747130Z ##[endgroup]
2025-08-23T15:57:26.1047621Z All checks passed!
2025-08-23T15:57:26.1274051Z 259 files already formatted
2025-08-23T15:57:26.1855343Z ##[group]Run for i in {1..30}; do pg_isready -h "$PG_HOST" -p "$PG_PORT" -U "$PG_USER" -d "$PG_DATABASE" && break; sleep 1; done
2025-08-23T15:57:26.1856355Z [36;1mfor i in {1..30}; do pg_isready -h "$PG_HOST" -p "$PG_PORT" -U "$PG_USER" -d "$PG_DATABASE" && break; sleep 1; done[0m
2025-08-23T15:57:26.1898176Z shell: /usr/bin/bash -e {0}
2025-08-23T15:57:26.1898709Z env:
2025-08-23T15:57:26.1899005Z   REDIS_URL: redis://localhost:6379/0
2025-08-23T15:57:26.1899403Z   RATE_LIMIT_DEFAULT: 100/minute
2025-08-23T15:57:26.1899751Z   TRUST_X_FORWARDED: 1
2025-08-23T15:57:26.1900052Z   PG_USER: postgres
2025-08-23T15:57:26.1900343Z   PG_PASSWORD: pass
2025-08-23T15:57:26.1900626Z   PG_DATABASE: awa
2025-08-23T15:57:26.1900903Z   PG_HOST: localhost
2025-08-23T15:57:26.1901191Z   PG_PORT: 5432
2025-08-23T15:57:26.1901806Z   PG_SYNC_DSN: ***localhost:5432/awa
2025-08-23T15:57:26.1902404Z   PG_ASYNC_DSN: ***localhost:5432/awa
2025-08-23T15:57:26.1903029Z   DATABASE_URL: ***localhost:5432/awa
2025-08-23T15:57:26.1903394Z   DATA_DIR: /tmp/awa-data
2025-08-23T15:57:26.1903719Z   ENABLE_LIVE: 0
2025-08-23T15:57:26.1903993Z   TESTING: 1
2025-08-23T15:57:26.1904354Z   pythonLocation: /opt/hostedtoolcache/Python/3.12.11/x64
2025-08-23T15:57:26.1904980Z   PKG_CONFIG_PATH: /opt/hostedtoolcache/Python/3.12.11/x64/lib/pkgconfig
2025-08-23T15:57:26.1905598Z   Python_ROOT_DIR: /opt/hostedtoolcache/Python/3.12.11/x64
2025-08-23T15:57:26.1906176Z   Python2_ROOT_DIR: /opt/hostedtoolcache/Python/3.12.11/x64
2025-08-23T15:57:26.1906732Z   Python3_ROOT_DIR: /opt/hostedtoolcache/Python/3.12.11/x64
2025-08-23T15:57:26.1907293Z   LD_LIBRARY_PATH: /opt/hostedtoolcache/Python/3.12.11/x64/lib
2025-08-23T15:57:26.1907762Z ##[endgroup]
2025-08-23T15:57:26.2876905Z localhost:5432 - accepting connections
2025-08-23T15:57:26.2923705Z ##[group]Run psql -h "$PG_HOST" -p "$PG_PORT" -U "$PG_USER" -d "$PG_DATABASE" -c "SELECT 1"
2025-08-23T15:57:26.2924294Z [36;1mpsql -h "$PG_HOST" -p "$PG_PORT" -U "$PG_USER" -d "$PG_DATABASE" -c "SELECT 1"[0m
2025-08-23T15:57:26.2966177Z shell: /usr/bin/bash -e {0}
2025-08-23T15:57:26.2966474Z env:
2025-08-23T15:57:26.2966722Z   REDIS_URL: redis://localhost:6379/0
2025-08-23T15:57:26.2967056Z   RATE_LIMIT_DEFAULT: 100/minute
2025-08-23T15:57:26.2967340Z   TRUST_X_FORWARDED: 1
2025-08-23T15:57:26.2967588Z   PG_USER: postgres
2025-08-23T15:57:26.2967825Z   PG_PASSWORD: pass
2025-08-23T15:57:26.2968059Z   PG_DATABASE: awa
2025-08-23T15:57:26.2968284Z   PG_HOST: localhost
2025-08-23T15:57:26.2968669Z   PG_PORT: 5432
2025-08-23T15:57:26.2969206Z   PG_SYNC_DSN: ***localhost:5432/awa
2025-08-23T15:57:26.2969697Z   PG_ASYNC_DSN: ***localhost:5432/awa
2025-08-23T15:57:26.2970173Z   DATABASE_URL: ***localhost:5432/awa
2025-08-23T15:57:26.2970468Z   DATA_DIR: /tmp/awa-data
2025-08-23T15:57:26.2970780Z   ENABLE_LIVE: 0
2025-08-23T15:57:26.2970997Z   TESTING: 1
2025-08-23T15:57:26.2971297Z   pythonLocation: /opt/hostedtoolcache/Python/3.12.11/x64
2025-08-23T15:57:26.2971810Z   PKG_CONFIG_PATH: /opt/hostedtoolcache/Python/3.12.11/x64/lib/pkgconfig
2025-08-23T15:57:26.2972311Z   Python_ROOT_DIR: /opt/hostedtoolcache/Python/3.12.11/x64
2025-08-23T15:57:26.2972945Z   Python2_ROOT_DIR: /opt/hostedtoolcache/Python/3.12.11/x64
2025-08-23T15:57:26.2973401Z   Python3_ROOT_DIR: /opt/hostedtoolcache/Python/3.12.11/x64
2025-08-23T15:57:26.2973857Z   LD_LIBRARY_PATH: /opt/hostedtoolcache/Python/3.12.11/x64/lib
2025-08-23T15:57:26.2974241Z   PGPASSWORD: pass
2025-08-23T15:57:26.2974477Z ##[endgroup]
2025-08-23T15:57:26.4144253Z  ?column? 
2025-08-23T15:57:26.4144781Z ----------
2025-08-23T15:57:26.4145253Z         1
2025-08-23T15:57:26.4145695Z (1 row)
2025-08-23T15:57:26.4145953Z 
2025-08-23T15:57:26.4193725Z ##[group]Run alembic -c services/api/alembic.ini upgrade head
2025-08-23T15:57:26.4194216Z [36;1malembic -c services/api/alembic.ini upgrade head[0m
2025-08-23T15:57:26.4234184Z shell: /usr/bin/bash -e {0}
2025-08-23T15:57:26.4234485Z env:
2025-08-23T15:57:26.4234750Z   REDIS_URL: redis://localhost:6379/0
2025-08-23T15:57:26.4235110Z   RATE_LIMIT_DEFAULT: 100/minute
2025-08-23T15:57:26.4235423Z   TRUST_X_FORWARDED: 1
2025-08-23T15:57:26.4235703Z   PG_USER: postgres
2025-08-23T15:57:26.4235965Z   PG_PASSWORD: pass
2025-08-23T15:57:26.4236221Z   PG_DATABASE: awa
2025-08-23T15:57:26.4236469Z   PG_HOST: localhost
2025-08-23T15:57:26.4236730Z   PG_PORT: 5432
2025-08-23T15:57:26.4237279Z   PG_SYNC_DSN: ***localhost:5432/awa
2025-08-23T15:57:26.4237808Z   PG_ASYNC_DSN: ***localhost:5432/awa
2025-08-23T15:57:26.4238330Z   DATABASE_URL: ***localhost:5432/awa
2025-08-23T15:57:26.4238897Z   DATA_DIR: /tmp/awa-data
2025-08-23T15:57:26.4239181Z   ENABLE_LIVE: 0
2025-08-23T15:57:26.4239464Z   TESTING: 1
2025-08-23T15:57:26.4239790Z   pythonLocation: /opt/hostedtoolcache/Python/3.12.11/x64
2025-08-23T15:57:26.4240348Z   PKG_CONFIG_PATH: /opt/hostedtoolcache/Python/3.12.11/x64/lib/pkgconfig
2025-08-23T15:57:26.4240900Z   Python_ROOT_DIR: /opt/hostedtoolcache/Python/3.12.11/x64
2025-08-23T15:57:26.4241387Z   Python2_ROOT_DIR: /opt/hostedtoolcache/Python/3.12.11/x64
2025-08-23T15:57:26.4241866Z   Python3_ROOT_DIR: /opt/hostedtoolcache/Python/3.12.11/x64
2025-08-23T15:57:26.4242363Z   LD_LIBRARY_PATH: /opt/hostedtoolcache/Python/3.12.11/x64/lib
2025-08-23T15:57:26.4242742Z ##[endgroup]
2025-08-23T15:57:27.2581502Z INFO  [alembic.runtime.migration] Context impl PostgresqlImpl.
2025-08-23T15:57:27.2583001Z INFO  [alembic.runtime.migration] Will assume transactional DDL.
2025-08-23T15:57:27.2788264Z INFO  [alembic.runtime.migration] Running upgrade  -> 0001_baseline
2025-08-23T15:57:27.2942781Z INFO  [alembic.runtime.migration] Running upgrade 0001_baseline -> 0002_create_roi_view
2025-08-23T15:57:27.2971226Z INFO  [alembic.runtime.migration] Running upgrade 0002_create_roi_view -> 3e9d5c5aff2c
2025-08-23T15:57:27.3139974Z INFO  [alembic.runtime.migration] Running upgrade 3e9d5c5aff2c -> 0003_vendor_prices
2025-08-23T15:57:27.3283642Z INFO  [alembic.runtime.migration] Running upgrade 0003_vendor_prices -> 0004_fee_cron
2025-08-23T15:57:27.3357749Z INFO  [alembic.runtime.migration] Running upgrade 0004_fee_cron -> 0006_fix_roi_views
2025-08-23T15:57:27.3391573Z INFO  [alembic.runtime.migration] Running upgrade 0006_fix_roi_views -> 0020_unified_schema
2025-08-23T15:57:27.3500388Z INFO  [alembic.runtime.migration] Running upgrade 0020_unified_schema -> 0022_fix_roi_view
2025-08-23T15:57:27.3566348Z INFO  [alembic.runtime.migration] Running upgrade 0022_fix_roi_view -> 0023_add_storage_fee
2025-08-23T15:57:27.3618195Z INFO  [alembic.runtime.migration] Running upgrade 0023_add_storage_fee -> 0024_create_buybox
2025-08-23T15:57:27.3653568Z INFO  [alembic.runtime.migration] Running upgrade 0024_create_buybox -> 0025_pr4_indexes_loadlog
2025-08-23T15:57:27.3916285Z INFO  [alembic.runtime.migration] Running upgrade 0025_pr4_indexes_loadlog -> 0026_fix_refund_views
2025-08-23T15:57:27.3977081Z INFO  [alembic.runtime.migration] Running upgrade 0025_pr4_indexes_loadlog -> 0026_amazon_new_reports
2025-08-23T15:57:27.4179200Z INFO  [alembic.runtime.migration] Running upgrade 0026_amazon_new_reports, 0026_fix_refund_views -> 0027_merge_reports_refund_heads
2025-08-23T15:57:27.4951989Z ##[group]Run python -m mypy services || true
2025-08-23T15:57:27.4952495Z [36;1mpython -m mypy services || true[0m
2025-08-23T15:57:27.4993735Z shell: /usr/bin/bash -e {0}
2025-08-23T15:57:27.4994074Z env:
2025-08-23T15:57:27.4994376Z   REDIS_URL: redis://localhost:6379/0
2025-08-23T15:57:27.4994776Z   RATE_LIMIT_DEFAULT: 100/minute
2025-08-23T15:57:27.4995120Z   TRUST_X_FORWARDED: 1
2025-08-23T15:57:27.4995425Z   PG_USER: postgres
2025-08-23T15:57:27.4995722Z   PG_PASSWORD: pass
2025-08-23T15:57:27.4996000Z   PG_DATABASE: awa
2025-08-23T15:57:27.4996284Z   PG_HOST: localhost
2025-08-23T15:57:27.4996576Z   PG_PORT: 5432
2025-08-23T15:57:27.4997381Z   PG_SYNC_DSN: ***localhost:5432/awa
2025-08-23T15:57:27.4998036Z   PG_ASYNC_DSN: ***localhost:5432/awa
2025-08-23T15:57:27.4998901Z   DATABASE_URL: ***localhost:5432/awa
2025-08-23T15:57:27.4999280Z   DATA_DIR: /tmp/awa-data
2025-08-23T15:57:27.4999599Z   ENABLE_LIVE: 0
2025-08-23T15:57:27.4999875Z   TESTING: 1
2025-08-23T15:57:27.5000292Z   pythonLocation: /opt/hostedtoolcache/Python/3.12.11/x64
2025-08-23T15:57:27.5000917Z   PKG_CONFIG_PATH: /opt/hostedtoolcache/Python/3.12.11/x64/lib/pkgconfig
2025-08-23T15:57:27.5001539Z   Python_ROOT_DIR: /opt/hostedtoolcache/Python/3.12.11/x64
2025-08-23T15:57:27.5002093Z   Python2_ROOT_DIR: /opt/hostedtoolcache/Python/3.12.11/x64
2025-08-23T15:57:27.5002640Z   Python3_ROOT_DIR: /opt/hostedtoolcache/Python/3.12.11/x64
2025-08-23T15:57:27.5003138Z   LD_LIBRARY_PATH: /opt/hostedtoolcache/Python/3.12.11/x64/lib
2025-08-23T15:57:27.5003553Z ##[endgroup]
2025-08-23T15:57:59.0602561Z Success: no issues found in 99 source files
2025-08-23T15:57:59.1027853Z ##[group]Run pytest -q --cov=services --cov-report=xml
2025-08-23T15:57:59.1028308Z [36;1mpytest -q --cov=services --cov-report=xml[0m
2025-08-23T15:57:59.1069431Z shell: /usr/bin/bash -e {0}
2025-08-23T15:57:59.1069760Z env:
2025-08-23T15:57:59.1070059Z   REDIS_URL: redis://localhost:6379/0
2025-08-23T15:57:59.1070456Z   RATE_LIMIT_DEFAULT: 100/minute
2025-08-23T15:57:59.1070813Z   TRUST_X_FORWARDED: 1
2025-08-23T15:57:59.1071118Z   PG_USER: postgres
2025-08-23T15:57:59.1071407Z   PG_PASSWORD: pass
2025-08-23T15:57:59.1071690Z   PG_DATABASE: awa
2025-08-23T15:57:59.1071972Z   PG_HOST: localhost
2025-08-23T15:57:59.1072255Z   PG_PORT: 5432
2025-08-23T15:57:59.1072968Z   PG_SYNC_DSN: ***localhost:5432/awa
2025-08-23T15:57:59.1073578Z   PG_ASYNC_DSN: ***localhost:5432/awa
2025-08-23T15:57:59.1074167Z   DATABASE_URL: ***localhost:5432/awa
2025-08-23T15:57:59.1074527Z   DATA_DIR: /tmp/awa-data
2025-08-23T15:57:59.1074838Z   ENABLE_LIVE: 0
2025-08-23T15:57:59.1075106Z   TESTING: 1
2025-08-23T15:57:59.1075496Z   pythonLocation: /opt/hostedtoolcache/Python/3.12.11/x64
2025-08-23T15:57:59.1076111Z   PKG_CONFIG_PATH: /opt/hostedtoolcache/Python/3.12.11/x64/lib/pkgconfig
2025-08-23T15:57:59.1076694Z   Python_ROOT_DIR: /opt/hostedtoolcache/Python/3.12.11/x64
2025-08-23T15:57:59.1077180Z   Python2_ROOT_DIR: /opt/hostedtoolcache/Python/3.12.11/x64
2025-08-23T15:57:59.1077668Z   Python3_ROOT_DIR: /opt/hostedtoolcache/Python/3.12.11/x64
2025-08-23T15:57:59.1078151Z   LD_LIBRARY_PATH: /opt/hostedtoolcache/Python/3.12.11/x64/lib
2025-08-23T15:57:59.1078824Z ##[endgroup]
2025-08-23T15:58:26.9082186Z ........s.............................sssssss........................... [ 41%]
2025-08-23T15:58:58.8571126Z ........................................................................ [ 83%]
2025-08-23T15:59:00.0809608Z .............................                                            [100%]
2025-08-23T15:59:00.0810553Z =============================== warnings summary ===============================
2025-08-23T15:59:00.0811840Z ../../../../../opt/hostedtoolcache/Python/3.12.11/x64/lib/python3.12/site-packages/pydantic/fields.py:1093
2025-08-23T15:59:00.0817099Z   /opt/hostedtoolcache/Python/3.12.11/x64/lib/python3.12/site-packages/pydantic/fields.py:1093: PydanticDeprecatedSince20: Using extra keyword arguments on `Field` is deprecated and will be removed. Use `json_schema_extra` instead. (Extra keys: 'strip_whitespace'). Deprecated in Pydantic V2.0 to be removed in V3.0. See Pydantic V2 Migration Guide at https://errors.pydantic.dev/2.11/migration/
2025-08-23T15:59:00.0822164Z     warn(
2025-08-23T15:59:00.0822406Z 
2025-08-23T15:59:00.0822642Z services/alert_bot/tests/test_smoke.py:5
2025-08-23T15:59:00.0825605Z   /home/runner/work/AWA-App/AWA-App/services/alert_bot/tests/test_smoke.py:5: UserWarning: pkg_resources is deprecated as an API. See https://setuptools.pypa.io/en/latest/pkg_resources.html. The pkg_resources package is slated for removal as early as 2025-11-30. Refrain from using this package or pin to Setuptools<81.
2025-08-23T15:59:00.0828665Z     import pkg_resources  # noqa: F401
2025-08-23T15:59:00.0829091Z 
2025-08-23T15:59:00.0829378Z tests/api/test_ingest_endpoints.py: 12 warnings
2025-08-23T15:59:00.0830109Z tests/ingest/test_tasks_eager.py: 3 warnings
2025-08-23T15:59:00.0830773Z tests/test_api_fast.py: 1 warning
2025-08-23T15:59:00.0831319Z tests/test_health.py: 5 warnings
2025-08-23T15:59:00.0831819Z tests/test_smoke.py: 5 warnings
2025-08-23T15:59:00.0832269Z services/api/tests/test_cors.py: 1 warning
2025-08-23T15:59:00.0832830Z services/api/tests/test_errors_json.py: 2 warnings
2025-08-23T15:59:00.0833397Z services/api/tests/test_health.py: 1 warning
2025-08-23T15:59:00.0833895Z services/api/tests/test_rate_limit.py: 122 warnings
2025-08-23T15:59:00.0834272Z services/api/tests/test_roi_basic_auth.py: 4 warnings
2025-08-23T15:59:00.0834739Z services/api/tests/test_sentry_event.py: 1 warning
2025-08-23T15:59:00.0835324Z services/api/tests/test_stats_contracts.py: 3 warnings
2025-08-23T15:59:00.0836389Z services/api/tests/test_stats_future_contracts.py: 3 warnings
2025-08-23T15:59:00.0839099Z   /opt/hostedtoolcache/Python/3.12.11/x64/lib/python3.12/site-packages/asgi_correlation_id/extensions/sentry.py:27: DeprecationWarning: sentry_sdk.configure_scope is deprecated and will be removed in the next major version. Please consult our migration guide to learn how to migrate to the new API: https://docs.sentry.io/platforms/python/migration/1.x-to-2.x#scope-configuring
2025-08-23T15:59:00.0841165Z     with configure_scope() as scope:
2025-08-23T15:59:00.0841459Z 
2025-08-23T15:59:00.0841646Z tests/api/test_ingest_endpoints.py: 3 warnings
2025-08-23T15:59:00.0842148Z tests/test_api_fast.py: 1 warning
2025-08-23T15:59:00.0842566Z tests/test_health.py: 5 warnings
2025-08-23T15:59:00.0842967Z tests/test_smoke.py: 5 warnings
2025-08-23T15:59:00.0843384Z services/api/tests/test_cors.py: 3 warnings
2025-08-23T15:59:00.0843863Z services/api/tests/test_errors_json.py: 2 warnings
2025-08-23T15:59:00.0844382Z services/api/tests/test_health.py: 1 warning
2025-08-23T15:59:00.0844901Z services/api/tests/test_rate_limit.py: 2 warnings
2025-08-23T15:59:00.0845525Z Sentry is attempting to send 0 pending events
2025-08-23T15:59:00.0845985Z Waiting up to True seconds
2025-08-23T15:59:00.0846337Z Press Ctrl-C to quit
2025-08-23T15:59:00.0846754Z services/api/tests/test_sentry_event.py: 1 warning
2025-08-23T15:59:00.0847371Z services/api/tests/test_stats_contracts.py: 3 warnings
2025-08-23T15:59:00.0848036Z services/api/tests/test_stats_future_contracts.py: 1 warning
2025-08-23T15:59:00.0849972Z   /opt/hostedtoolcache/Python/3.12.11/x64/lib/python3.12/site-packages/fastapi_limiter/__init__.py:89: DeprecationWarning: Call to deprecated close. (Use aclose() instead) -- Deprecated since version 5.0.1.
2025-08-23T15:59:00.0851413Z     await cls.redis.close()
2025-08-23T15:59:00.0851674Z 
2025-08-23T15:59:00.0851936Z tests/test_api_fast.py::test_health_endpoint
2025-08-23T15:59:00.0853721Z   /home/runner/work/AWA-App/AWA-App/tests/test_api_fast.py:13: DeprecationWarning: datetime.datetime.utcnow() is deprecated and scheduled for removal in a future version. Use timezone-aware objects to represent datetimes in UTC: datetime.datetime.now(datetime.UTC).
2025-08-23T15:59:00.0855520Z     return datetime.datetime.utcnow()
2025-08-23T15:59:00.0855844Z 
2025-08-23T15:59:00.0856004Z tests/test_api_fast.py: 1 warning
2025-08-23T15:59:00.0856733Z tests/test_health.py: 5 warnings
2025-08-23T15:59:00.0857153Z tests/test_smoke.py: 5 warnings
2025-08-23T15:59:00.0857597Z services/api/tests/test_cors.py: 1 warning
2025-08-23T15:59:00.0858180Z services/api/tests/test_health.py: 1 warning
2025-08-23T15:59:00.0858984Z services/api/tests/test_rate_limit.py: 102 warnings
2025-08-23T15:59:00.0860895Z   /home/runner/work/AWA-App/AWA-App/services/api/routes/health.py:24: DeprecationWarning: datetime.datetime.utcnow() is deprecated and scheduled for removal in a future version. Use timezone-aware objects to represent datetimes in UTC: datetime.datetime.now(datetime.UTC).
2025-08-23T15:59:00.0862825Z     app_now = datetime.utcnow().replace(tzinfo=timezone.utc)
2025-08-23T15:59:00.0863230Z 
2025-08-23T15:59:00.0863429Z tests/test_health.py::test_health[0]
2025-08-23T15:59:00.0863894Z tests/test_health.py::test_health[1]
2025-08-23T15:59:00.0864497Z tests/test_health.py::test_health[2]
2025-08-23T15:59:00.0864995Z tests/test_health.py::test_health[3]
2025-08-23T15:59:00.0865457Z tests/test_health.py::test_health[4]
2025-08-23T15:59:00.0867174Z   /home/runner/work/AWA-App/AWA-App/tests/test_health.py:22: DeprecationWarning: datetime.datetime.utcnow() is deprecated and scheduled for removal in a future version. Use timezone-aware objects to represent datetimes in UTC: datetime.datetime.now(datetime.UTC).
2025-08-23T15:59:00.0869120Z     return datetime.datetime.utcnow()
2025-08-23T15:59:00.0869441Z 
2025-08-23T15:59:00.0869614Z tests/test_smoke.py::test_health[0]
2025-08-23T15:59:00.0870075Z tests/test_smoke.py::test_health[1]
2025-08-23T15:59:00.0870762Z tests/test_smoke.py::test_health[2]
2025-08-23T15:59:00.0871290Z tests/test_smoke.py::test_health[3]
2025-08-23T15:59:00.0871737Z tests/test_smoke.py::test_health[4]
2025-08-23T15:59:00.0873446Z   /home/runner/work/AWA-App/AWA-App/tests/test_smoke.py:32: DeprecationWarning: datetime.datetime.utcnow() is deprecated and scheduled for removal in a future version. Use timezone-aware objects to represent datetimes in UTC: datetime.datetime.now(datetime.UTC).
2025-08-23T15:59:00.0875242Z     return datetime.datetime.utcnow()
2025-08-23T15:59:00.0875568Z 
2025-08-23T15:59:00.0875874Z services/api/tests/test_cors.py::test_cors_simple_get_allowed
2025-08-23T15:59:00.0877827Z   /home/runner/work/AWA-App/AWA-App/services/api/tests/test_cors.py:27: DeprecationWarning: datetime.datetime.utcnow() is deprecated and scheduled for removal in a future version. Use timezone-aware objects to represent datetimes in UTC: datetime.datetime.now(datetime.UTC).
2025-08-23T15:59:00.0879872Z     return datetime.datetime.utcnow()
2025-08-23T15:59:00.0880199Z 
2025-08-23T15:59:00.0880447Z services/api/tests/test_health.py::test_health_route
2025-08-23T15:59:00.0882366Z   /home/runner/work/AWA-App/AWA-App/services/api/tests/test_health.py:14: DeprecationWarning: datetime.datetime.utcnow() is deprecated and scheduled for removal in a future version. Use timezone-aware objects to represent datetimes in UTC: datetime.datetime.now(datetime.UTC).
2025-08-23T15:59:00.0884243Z     return datetime.datetime.utcnow()
2025-08-23T15:59:00.0884561Z 
2025-08-23T15:59:00.0884788Z services/api/tests/test_rate_limit.py: 102 warnings
2025-08-23T15:59:00.0886693Z   /home/runner/work/AWA-App/AWA-App/services/api/tests/test_rate_limit.py:33: DeprecationWarning: datetime.datetime.utcnow() is deprecated and scheduled for removal in a future version. Use timezone-aware objects to represent datetimes in UTC: datetime.datetime.now(datetime.UTC).
2025-08-23T15:59:00.0888761Z     return datetime.datetime.utcnow()
2025-08-23T15:59:00.0889084Z 
2025-08-23T15:59:00.0889541Z services/api/tests/test_sentry_event.py::test_unhandled_exception_is_captured_and_tagged
2025-08-23T15:59:00.0891975Z   /home/runner/work/AWA-App/AWA-App/services/api/tests/test_sentry_event.py:47: SentryHubDeprecationWarning: `sentry_sdk.Hub` is deprecated and will be removed in a future major release. Please consult our 1.x to 2.x migration guide for details on how to migrate `Hub` usage to the new API: https://docs.sentry.io/platforms/python/migration/1.x-to-2.x
2025-08-23T15:59:00.0894359Z     hub = sentry_sdk.Hub.current
2025-08-23T15:59:00.0894643Z 
2025-08-23T15:59:00.0894985Z -- Docs: https://docs.pytest.org/en/stable/how-to/capture-warnings.html
2025-08-23T15:59:00.0895684Z ================================ tests coverage ================================
2025-08-23T15:59:00.0896370Z _______________ coverage: platform linux, python 3.12.11-final-0 _______________
2025-08-23T15:59:00.0896846Z 
2025-08-23T15:59:00.0897083Z Coverage XML written to file coverage.xml
2025-08-23T15:59:00.5174903Z ##[group]Run actions/upload-artifact@v4
2025-08-23T15:59:00.5175195Z with:
2025-08-23T15:59:00.5175369Z   name: coverage
2025-08-23T15:59:00.5175567Z   path: coverage.xml
2025-08-23T15:59:00.5175783Z   if-no-files-found: warn
2025-08-23T15:59:00.5176007Z   compression-level: 6
2025-08-23T15:59:00.5176220Z   overwrite: false
2025-08-23T15:59:00.5176432Z   include-hidden-files: false
2025-08-23T15:59:00.5176672Z env:
2025-08-23T15:59:00.5176878Z   REDIS_URL: redis://localhost:6379/0
2025-08-23T15:59:00.5177149Z   RATE_LIMIT_DEFAULT: 100/minute
2025-08-23T15:59:00.5177381Z   TRUST_X_FORWARDED: 1
2025-08-23T15:59:00.5177590Z   PG_USER: postgres
2025-08-23T15:59:00.5177811Z   PG_PASSWORD: pass
2025-08-23T15:59:00.5178005Z   PG_DATABASE: awa
2025-08-23T15:59:00.5178198Z   PG_HOST: localhost
2025-08-23T15:59:00.5178396Z   PG_PORT: 5432
2025-08-23T15:59:00.5179025Z   PG_SYNC_DSN: ***localhost:5432/awa
2025-08-23T15:59:00.5179460Z   PG_ASYNC_DSN: ***localhost:5432/awa
2025-08-23T15:59:00.5179906Z   DATABASE_URL: ***localhost:5432/awa
2025-08-23T15:59:00.5180165Z   DATA_DIR: /tmp/awa-data
2025-08-23T15:59:00.5180384Z   ENABLE_LIVE: 0
2025-08-23T15:59:00.5180567Z   TESTING: 1
2025-08-23T15:59:00.5180821Z   pythonLocation: /opt/hostedtoolcache/Python/3.12.11/x64
2025-08-23T15:59:00.5181257Z   PKG_CONFIG_PATH: /opt/hostedtoolcache/Python/3.12.11/x64/lib/pkgconfig
2025-08-23T15:59:00.5181692Z   Python_ROOT_DIR: /opt/hostedtoolcache/Python/3.12.11/x64
2025-08-23T15:59:00.5182077Z   Python2_ROOT_DIR: /opt/hostedtoolcache/Python/3.12.11/x64
2025-08-23T15:59:00.5182471Z   Python3_ROOT_DIR: /opt/hostedtoolcache/Python/3.12.11/x64
2025-08-23T15:59:00.5182861Z   LD_LIBRARY_PATH: /opt/hostedtoolcache/Python/3.12.11/x64/lib
2025-08-23T15:59:00.5183179Z ##[endgroup]
2025-08-23T15:59:00.7325813Z With the provided path, there will be 1 file uploaded
2025-08-23T15:59:00.7331297Z Artifact name is valid!
2025-08-23T15:59:00.7332559Z Root directory input is valid!
2025-08-23T15:59:00.8296092Z Beginning upload of artifact content to blob storage
2025-08-23T15:59:00.8837029Z Uploaded bytes 5505
2025-08-23T15:59:00.8983350Z Finished uploading artifact content to blob storage!
2025-08-23T15:59:00.8987440Z SHA256 digest of uploaded artifact zip is 10ee1bd2118aa3147451f3e7a303a7dc341bc720a79655cc1ddfe44b94e8e408
2025-08-23T15:59:00.8989565Z Finalizing artifact upload
2025-08-23T15:59:00.9597125Z Artifact coverage.zip successfully finalized. Artifact ID 3835047735
2025-08-23T15:59:00.9599365Z Artifact coverage has been successfully uploaded! Final size is 5505 bytes. Artifact ID is 3835047735
2025-08-23T15:59:00.9607277Z Artifact download URL: https://github.com/AlexBomber12/AWA-App/actions/runs/17177369319/artifacts/3835047735
2025-08-23T15:59:00.9731061Z Post job cleanup.
2025-08-23T15:59:01.1268400Z Cache hit occurred on the primary key setup-python-Linux-x64-24.04-Ubuntu-python-3.12.11-pip-cc13ccef493b9f3a93ad5651164d9fb09282c1111f6f72ce20e0657de16de6b4, not saving cache.
2025-08-23T15:59:01.1387567Z Post job cleanup.
2025-08-23T15:59:01.2174332Z [command]/usr/bin/git version
2025-08-23T15:59:01.2211733Z git version 2.51.0
2025-08-23T15:59:01.2248678Z Temporarily overriding HOME='/home/runner/work/_temp/16a5ea09-0708-4614-8aa7-2e344ea5269f' before making global git config changes
2025-08-23T15:59:01.2250580Z Adding repository directory to the temporary git global config as a safe directory
2025-08-23T15:59:01.2254181Z [command]/usr/bin/git config --global --add safe.directory /home/runner/work/AWA-App/AWA-App
2025-08-23T15:59:01.2291786Z [command]/usr/bin/git config --local --name-only --get-regexp core\.sshCommand
2025-08-23T15:59:01.2325858Z [command]/usr/bin/git submodule foreach --recursive sh -c "git config --local --name-only --get-regexp 'core\.sshCommand' && git config --local --unset-all 'core.sshCommand' || :"
2025-08-23T15:59:01.2557169Z [command]/usr/bin/git config --local --name-only --get-regexp http\.https\:\/\/github\.com\/\.extraheader
2025-08-23T15:59:01.2581299Z http.https://github.com/.extraheader
2025-08-23T15:59:01.2591552Z [command]/usr/bin/git config --local --unset-all http.https://github.com/.extraheader
2025-08-23T15:59:01.2623986Z [command]/usr/bin/git submodule foreach --recursive sh -c "git config --local --name-only --get-regexp 'http\.https\:\/\/github\.com\/\.extraheader' && git config --local --unset-all 'http.https://github.com/.extraheader' || :"
2025-08-23T15:59:01.2955292Z Print service container logs: 26095dd064534a94b6d7bb2b2f689624_postgres15_7f7960
2025-08-23T15:59:01.2960158Z ##[command]/usr/bin/docker logs --details ba98d102ed906f60e0e22c4b8ca4a9d36a760121dd88e3f989e56139e8d975ca
2025-08-23T15:59:01.3088317Z  The files belonging to this database system will be owned by user "postgres".
2025-08-23T15:59:01.3089638Z  This user must also own the server process.
2025-08-23T15:59:01.3090339Z  
2025-08-23T15:59:01.3091201Z  The database cluster will be initialized with locale "en_US.utf8".
2025-08-23T15:59:01.3092284Z  The default database encoding has accordingly been set to "UTF8".
2025-08-23T15:59:01.3093351Z  The default text search configuration will be set to "english".
2025-08-23T15:59:01.3094143Z  
2025-08-23T15:59:01.3094510Z  Data page checksums are disabled.
2025-08-23T15:59:01.3096078Z  initdb: warning: enabling "trust" authentication for local connections
2025-08-23T15:59:01.3097460Z  initdb: hint: You can change this by editing pg_hba.conf or using the option -A, or --auth-local and --auth-host, the next time you run initdb.
2025-08-23T15:59:01.3099365Z  2025-08-23 15:56:42.597 UTC [1] LOG:  starting PostgreSQL 15.14 (Debian 15.14-1.pgdg13+1) on x86_64-pc-linux-gnu, compiled by gcc (Debian 14.2.0-19) 14.2.0, 64-bit
2025-08-23T15:59:01.3100472Z  2025-08-23 15:56:42.597 UTC [1] LOG:  listening on IPv4 address "0.0.0.0", port 5432
2025-08-23T15:59:01.3101137Z  2025-08-23 15:56:42.597 UTC [1] LOG:  listening on IPv6 address "::", port 5432
2025-08-23T15:59:01.3101867Z  2025-08-23 15:56:42.598 UTC [1] LOG:  listening on Unix socket "/var/run/postgresql/.s.PGSQL.5432"
2025-08-23T15:59:01.3102609Z  2025-08-23 15:56:42.601 UTC [64] LOG:  database system was shut down at 2025-08-23 15:56:42 UTC
2025-08-23T15:59:01.3103321Z  2025-08-23 15:56:42.605 UTC [1] LOG:  database system is ready to accept connections
2025-08-23T15:59:01.3103851Z  
2025-08-23T15:59:01.3104311Z  fixing permissions on existing directory /var/lib/postgresql/data ... ok
2025-08-23T15:59:01.3104820Z  creating subdirectories ... ok
2025-08-23T15:59:01.3105535Z  selecting dynamic shared memory implementation ... posix
2025-08-23T15:59:01.3106304Z  selecting default max_connections ... 100
2025-08-23T15:59:01.3106969Z  selecting default shared_buffers ... 128MB
2025-08-23T15:59:01.3107465Z  selecting default time zone ... Etc/UTC
2025-08-23T15:59:01.3107849Z  creating configuration files ... ok
2025-08-23T15:59:01.3108308Z  running bootstrap script ... ok
2025-08-23T15:59:01.3108926Z  performing post-bootstrap initialization ... ok
2025-08-23T15:59:01.3109307Z  syncing data to disk ... ok
2025-08-23T15:59:01.3109695Z  
2025-08-23T15:59:01.3109956Z  
2025-08-23T15:59:01.3110267Z  Success. You can now start the database server using:
2025-08-23T15:59:01.3110763Z  
2025-08-23T15:59:01.3111088Z      pg_ctl -D /var/lib/postgresql/data -l logfile start
2025-08-23T15:59:01.3111508Z  
2025-08-23T15:59:01.3112258Z  waiting for server to start....2025-08-23 15:56:42.251 UTC [48] LOG:  starting PostgreSQL 15.14 (Debian 15.14-1.pgdg13+1) on x86_64-pc-linux-gnu, compiled by gcc (Debian 14.2.0-19) 14.2.0, 64-bit
2025-08-23T15:59:01.3113470Z  2025-08-23 15:56:42.252 UTC [48] LOG:  listening on Unix socket "/var/run/postgresql/.s.PGSQL.5432"
2025-08-23T15:59:01.3114171Z  2025-08-23 15:56:42.255 UTC [51] LOG:  database system was shut down at 2025-08-23 15:56:42 UTC
2025-08-23T15:59:01.3114772Z  2025-08-23 15:56:42.260 UTC [48] LOG:  database system is ready to accept connections
2025-08-23T15:59:01.3115217Z   done
2025-08-23T15:59:01.3115529Z  server started
2025-08-23T15:59:01.3115825Z  CREATE DATABASE
2025-08-23T15:59:01.3116132Z  
2025-08-23T15:59:01.3116446Z  
2025-08-23T15:59:01.3116868Z  /usr/local/bin/docker-entrypoint.sh: ignoring /docker-entrypoint-initdb.d/*
2025-08-23T15:59:01.3117396Z  
2025-08-23T15:59:01.3117864Z  waiting for server to shut down....2025-08-23 15:56:42.470 UTC [48] LOG:  received fast shutdown request
2025-08-23T15:59:01.3118893Z  2025-08-23 15:56:42.471 UTC [48] LOG:  aborting any active transactions
2025-08-23T15:59:01.3119658Z  2025-08-23 15:56:42.473 UTC [48] LOG:  background worker "logical replication launcher" (PID 54) exited with exit code 1
2025-08-23T15:59:01.3120287Z  2025-08-23 15:56:42.473 UTC [49] LOG:  shutting down
2025-08-23T15:59:01.3120756Z  2025-08-23 15:56:42.473 UTC [49] LOG:  checkpoint starting: shutdown immediate
2025-08-23T15:59:01.3122060Z  2025-08-23 15:56:42.495 UTC [49] LOG:  checkpoint complete: wrote 922 buffers (5.6%); 0 WAL file(s) added, 0 removed, 0 recycled; write=0.019 s, sync=0.002 s, total=0.022 s; sync files=301, longest=0.001 s, average=0.001 s; distance=4239 kB, estimate=4239 kB
2025-08-23T15:59:01.3123111Z  2025-08-23 15:56:42.503 UTC [48] LOG:  database system is shut down
2025-08-23T15:59:01.3123502Z   done
2025-08-23T15:59:01.3123854Z  server stopped
2025-08-23T15:59:01.3124156Z  
2025-08-23T15:59:01.3124570Z  PostgreSQL init process complete; ready for start up.
2025-08-23T15:59:01.3125053Z  
2025-08-23T15:59:01.3130655Z Stop and remove container: 26095dd064534a94b6d7bb2b2f689624_postgres15_7f7960
2025-08-23T15:59:01.3135766Z ##[command]/usr/bin/docker rm --force ba98d102ed906f60e0e22c4b8ca4a9d36a760121dd88e3f989e56139e8d975ca
2025-08-23T15:59:01.4395049Z ba98d102ed906f60e0e22c4b8ca4a9d36a760121dd88e3f989e56139e8d975ca
2025-08-23T15:59:01.4416211Z Print service container logs: 02ae285d26aa47fcbaa2b9f7e8d1cb86_redis7alpine_b73666
2025-08-23T15:59:01.4417671Z ##[command]/usr/bin/docker logs --details 2cd681755cec7d1837e788b3f975831bd638f361dcc7af1dda46199324453551
2025-08-23T15:59:01.4552184Z  1:C 23 Aug 2025 15:56:42.640 # WARNING Memory overcommit must be enabled! Without it, a background save or replication may fail under low memory condition. Being disabled, it can also cause failures without low memory condition, see https://github.com/jemalloc/jemalloc/issues/1328. To fix this issue add 'vm.overcommit_memory = 1' to /etc/sysctl.conf and then reboot or run the command 'sysctl vm.overcommit_memory=1' for this to take effect.
2025-08-23T15:59:01.4556111Z  1:C 23 Aug 2025 15:56:42.640 * oO0OoO0OoO0Oo Redis is starting oO0OoO0OoO0Oo
2025-08-23T15:59:01.4557500Z  1:C 23 Aug 2025 15:56:42.640 * Redis version=7.4.5, bits=64, commit=00000000, modified=0, pid=1, just started
2025-08-23T15:59:01.4559312Z  1:C 23 Aug 2025 15:56:42.640 # Warning: no config file specified, using the default config. In order to specify a config file use redis-server /path/to/redis.conf
2025-08-23T15:59:01.4560825Z  1:M 23 Aug 2025 15:56:42.640 * monotonic clock: POSIX clock_gettime
2025-08-23T15:59:01.4561708Z  1:M 23 Aug 2025 15:56:42.641 * Running mode=standalone, port=6379.
2025-08-23T15:59:01.4562500Z  1:M 23 Aug 2025 15:56:42.641 * Server initialized
2025-08-23T15:59:01.4563423Z  1:M 23 Aug 2025 15:56:42.641 * Ready to accept connections tcp
2025-08-23T15:59:01.4570681Z Stop and remove container: 02ae285d26aa47fcbaa2b9f7e8d1cb86_redis7alpine_b73666
2025-08-23T15:59:01.4571716Z ##[command]/usr/bin/docker rm --force 2cd681755cec7d1837e788b3f975831bd638f361dcc7af1dda46199324453551
2025-08-23T15:59:01.5691938Z 2cd681755cec7d1837e788b3f975831bd638f361dcc7af1dda46199324453551
2025-08-23T15:59:01.5720456Z Remove container network: github_network_67f5cc137cf246e6ac1ce5ee72b71ab2
2025-08-23T15:59:01.5725546Z ##[command]/usr/bin/docker network rm github_network_67f5cc137cf246e6ac1ce5ee72b71ab2
2025-08-23T15:59:01.6848108Z github_network_67f5cc137cf246e6ac1ce5ee72b71ab2
2025-08-23T15:59:01.6922210Z Cleaning up orphan processes
