2025-08-17T02:13:54.6623022Z Current runner version: '2.327.1'
2025-08-17T02:13:54.6654514Z ##[group]Runner Image Provisioner
2025-08-17T02:13:54.6655338Z Hosted Compute Agent
2025-08-17T02:13:54.6655984Z Version: 20250812.370
2025-08-17T02:13:54.6656542Z Commit: 4a2b2bf7520004e3e907c2150c8cabe342a3da32
2025-08-17T02:13:54.6657210Z Build Date: 2025-08-12T16:08:14Z
2025-08-17T02:13:54.6657836Z ##[endgroup]
2025-08-17T02:13:54.6658393Z ##[group]Operating System
2025-08-17T02:13:54.6658917Z Ubuntu
2025-08-17T02:13:54.6659438Z 24.04.2
2025-08-17T02:13:54.6659859Z LTS
2025-08-17T02:13:54.6660310Z ##[endgroup]
2025-08-17T02:13:54.6660779Z ##[group]Runner Image
2025-08-17T02:13:54.6661366Z Image: ubuntu-24.04
2025-08-17T02:13:54.6662055Z Version: 20250810.1.0
2025-08-17T02:13:54.6663478Z Included Software: https://github.com/actions/runner-images/blob/ubuntu24/20250810.1/images/ubuntu/Ubuntu2404-Readme.md
2025-08-17T02:13:54.6665049Z Image Release: https://github.com/actions/runner-images/releases/tag/ubuntu24%2F20250810.1
2025-08-17T02:13:54.6666052Z ##[endgroup]
2025-08-17T02:13:54.6668488Z ##[group]GITHUB_TOKEN Permissions
2025-08-17T02:13:54.6670817Z Actions: write
2025-08-17T02:13:54.6671442Z Attestations: write
2025-08-17T02:13:54.6672260Z Checks: write
2025-08-17T02:13:54.6672821Z Contents: write
2025-08-17T02:13:54.6673296Z Deployments: write
2025-08-17T02:13:54.6673903Z Discussions: write
2025-08-17T02:13:54.6674337Z Issues: write
2025-08-17T02:13:54.6674875Z Metadata: read
2025-08-17T02:13:54.6675310Z Models: read
2025-08-17T02:13:54.6675768Z Packages: write
2025-08-17T02:13:54.6676300Z Pages: write
2025-08-17T02:13:54.6676780Z PullRequests: write
2025-08-17T02:13:54.6677321Z RepositoryProjects: write
2025-08-17T02:13:54.6677901Z SecurityEvents: write
2025-08-17T02:13:54.6678554Z Statuses: write
2025-08-17T02:13:54.6679013Z ##[endgroup]
2025-08-17T02:13:54.6681377Z Secret source: Actions
2025-08-17T02:13:54.6682515Z Prepare workflow directory
2025-08-17T02:13:54.7240807Z Prepare all required actions
2025-08-17T02:13:54.7296037Z Getting action download info
2025-08-17T02:13:54.9955589Z Download action repository 'actions/checkout@v4' (SHA:08eba0b27e820071cde6df949e0beb9ba4906955)
2025-08-17T02:13:55.3747181Z Download action repository 'actions/setup-python@v5' (SHA:a26af69be951a213d495a4c3e4e4022e16d87065)
2025-08-17T02:13:55.7524047Z Download action repository 'actions/upload-artifact@v4' (SHA:ea165f8d65b6e75b540449e92b4886f43607fa02)
2025-08-17T02:13:55.9539137Z Complete job name: unit
2025-08-17T02:13:56.0047586Z ##[group]Checking docker version
2025-08-17T02:13:56.0060706Z ##[command]/usr/bin/docker version --format '{{.Server.APIVersion}}'
2025-08-17T02:13:56.0416639Z '1.48'
2025-08-17T02:13:56.0428399Z Docker daemon API version: '1.48'
2025-08-17T02:13:56.0429249Z ##[command]/usr/bin/docker version --format '{{.Client.APIVersion}}'
2025-08-17T02:13:56.0581328Z '1.48'
2025-08-17T02:13:56.0594595Z Docker client API version: '1.48'
2025-08-17T02:13:56.0599315Z ##[endgroup]
2025-08-17T02:13:56.0602804Z ##[group]Clean up resources from previous jobs
2025-08-17T02:13:56.0608431Z ##[command]/usr/bin/docker ps --all --quiet --no-trunc --filter "label=2a9671"
2025-08-17T02:13:56.0754743Z ##[command]/usr/bin/docker network prune --force --filter "label=2a9671"
2025-08-17T02:13:56.0885162Z ##[endgroup]
2025-08-17T02:13:56.0885757Z ##[group]Create local container network
2025-08-17T02:13:56.0895755Z ##[command]/usr/bin/docker network create --label 2a9671 github_network_ee64577287664cecac1a461791ed8359
2025-08-17T02:13:56.1386704Z 14b8979f6c44b6e0c0da609f751d64fe0b71c37d6e63159fa807c50147f9f151
2025-08-17T02:13:56.1405820Z ##[endgroup]
2025-08-17T02:13:56.1433702Z ##[group]Starting postgres service container
2025-08-17T02:13:56.1452981Z ##[command]/usr/bin/docker pull postgres:15
2025-08-17T02:13:56.5496689Z 15: Pulling from library/postgres
2025-08-17T02:13:56.6737558Z 396b1da7636e: Pulling fs layer
2025-08-17T02:13:56.6740016Z fca2566eba32: Pulling fs layer
2025-08-17T02:13:56.6741017Z 631fe8c6d606: Pulling fs layer
2025-08-17T02:13:56.6742188Z 77c7671c4414: Pulling fs layer
2025-08-17T02:13:56.6743613Z 2d9e29180a27: Pulling fs layer
2025-08-17T02:13:56.6744623Z c6bcc2c9a041: Pulling fs layer
2025-08-17T02:13:56.6745730Z ac4b721eb66f: Pulling fs layer
2025-08-17T02:13:56.6746833Z 606bd164980e: Pulling fs layer
2025-08-17T02:13:56.6747931Z f5dfd246bc6e: Pulling fs layer
2025-08-17T02:13:56.6749069Z ba7036bb0a60: Pulling fs layer
2025-08-17T02:13:56.6750120Z 799f859abbbd: Pulling fs layer
2025-08-17T02:13:56.6751161Z d903e777080c: Pulling fs layer
2025-08-17T02:13:56.6752385Z 04adcb462801: Pulling fs layer
2025-08-17T02:13:56.6753385Z 5c10925b29ff: Pulling fs layer
2025-08-17T02:13:56.6754300Z 77c7671c4414: Waiting
2025-08-17T02:13:56.6754821Z 2d9e29180a27: Waiting
2025-08-17T02:13:56.6755324Z c6bcc2c9a041: Waiting
2025-08-17T02:13:56.6755857Z ac4b721eb66f: Waiting
2025-08-17T02:13:56.6756374Z 606bd164980e: Waiting
2025-08-17T02:13:56.6756881Z f5dfd246bc6e: Waiting
2025-08-17T02:13:56.6757453Z d903e777080c: Waiting
2025-08-17T02:13:56.6757961Z ba7036bb0a60: Waiting
2025-08-17T02:13:56.6758518Z 04adcb462801: Waiting
2025-08-17T02:13:56.6759030Z 799f859abbbd: Waiting
2025-08-17T02:13:56.6759533Z 5c10925b29ff: Waiting
2025-08-17T02:13:56.7793724Z fca2566eba32: Verifying Checksum
2025-08-17T02:13:56.7798595Z fca2566eba32: Download complete
2025-08-17T02:13:56.8326607Z 631fe8c6d606: Verifying Checksum
2025-08-17T02:13:56.8327860Z 631fe8c6d606: Download complete
2025-08-17T02:13:56.9343797Z 77c7671c4414: Download complete
2025-08-17T02:13:57.0316155Z 2d9e29180a27: Verifying Checksum
2025-08-17T02:13:57.0317510Z 2d9e29180a27: Download complete
2025-08-17T02:13:57.0582113Z c6bcc2c9a041: Verifying Checksum
2025-08-17T02:13:57.0583485Z c6bcc2c9a041: Download complete
2025-08-17T02:13:57.1339340Z ac4b721eb66f: Verifying Checksum
2025-08-17T02:13:57.1340907Z ac4b721eb66f: Download complete
2025-08-17T02:13:57.1544766Z 396b1da7636e: Verifying Checksum
2025-08-17T02:13:57.1546575Z 396b1da7636e: Download complete
2025-08-17T02:13:57.1922686Z 606bd164980e: Verifying Checksum
2025-08-17T02:13:57.1924251Z 606bd164980e: Download complete
2025-08-17T02:13:57.3086366Z ba7036bb0a60: Verifying Checksum
2025-08-17T02:13:57.3087898Z ba7036bb0a60: Download complete
2025-08-17T02:13:57.3184408Z 799f859abbbd: Verifying Checksum
2025-08-17T02:13:57.3185959Z 799f859abbbd: Download complete
2025-08-17T02:13:57.4119848Z d903e777080c: Verifying Checksum
2025-08-17T02:13:57.4121733Z d903e777080c: Download complete
2025-08-17T02:13:57.5314985Z 5c10925b29ff: Verifying Checksum
2025-08-17T02:13:57.5316597Z 5c10925b29ff: Download complete
2025-08-17T02:13:57.5626312Z 04adcb462801: Verifying Checksum
2025-08-17T02:13:58.2041504Z f5dfd246bc6e: Verifying Checksum
2025-08-17T02:13:58.2043007Z f5dfd246bc6e: Download complete
2025-08-17T02:13:58.2516001Z 396b1da7636e: Pull complete
2025-08-17T02:13:58.5262564Z fca2566eba32: Pull complete
2025-08-17T02:13:58.6957767Z 631fe8c6d606: Pull complete
2025-08-17T02:13:58.7363425Z 77c7671c4414: Pull complete
2025-08-17T02:13:59.0528600Z 2d9e29180a27: Pull complete
2025-08-17T02:13:59.1367820Z c6bcc2c9a041: Pull complete
2025-08-17T02:13:59.1459830Z ac4b721eb66f: Pull complete
2025-08-17T02:13:59.1566938Z 606bd164980e: Pull complete
2025-08-17T02:14:02.0847816Z f5dfd246bc6e: Pull complete
2025-08-17T02:14:02.1003262Z ba7036bb0a60: Pull complete
2025-08-17T02:14:02.1108098Z 799f859abbbd: Pull complete
2025-08-17T02:14:02.1223049Z d903e777080c: Pull complete
2025-08-17T02:14:02.1329486Z 04adcb462801: Pull complete
2025-08-17T02:14:02.1440393Z 5c10925b29ff: Pull complete
2025-08-17T02:14:02.1481412Z Digest: sha256:bc51cf4f1fe02cce7ed2370b20128a9b00b4eb804573a77d2a0d877aaa9c82b1
2025-08-17T02:14:02.1495386Z Status: Downloaded newer image for postgres:15
2025-08-17T02:14:02.1505179Z docker.io/library/postgres:15
2025-08-17T02:14:02.1578419Z ##[command]/usr/bin/docker create --name f3d526a7bc784d83a11f43cdc7278b91_postgres15_9f4fde --label 2a9671 --network github_network_ee64577287664cecac1a461791ed8359 --network-alias postgres -p 5432:5432 --health-cmd="pg_isready -U postgres -d awa" --health-interval=5s --health-timeout=5s --health-retries=10 -e "POSTGRES_USER=postgres" -e "POSTGRES_PASSWORD=pass" -e "POSTGRES_DB=awa" -e GITHUB_ACTIONS=true -e CI=true postgres:15
2025-08-17T02:14:02.1841350Z 75a8525d20a7fbd92c7e047f4c1f524ba0a4aa8f5c65f847761df9881176dc14
2025-08-17T02:14:02.1864761Z ##[command]/usr/bin/docker start 75a8525d20a7fbd92c7e047f4c1f524ba0a4aa8f5c65f847761df9881176dc14
2025-08-17T02:14:02.3884975Z 75a8525d20a7fbd92c7e047f4c1f524ba0a4aa8f5c65f847761df9881176dc14
2025-08-17T02:14:02.3906293Z ##[command]/usr/bin/docker ps --all --filter id=75a8525d20a7fbd92c7e047f4c1f524ba0a4aa8f5c65f847761df9881176dc14 --filter status=running --no-trunc --format "{{.ID}} {{.Status}}"
2025-08-17T02:14:02.4038558Z 75a8525d20a7fbd92c7e047f4c1f524ba0a4aa8f5c65f847761df9881176dc14 Up Less than a second (health: starting)
2025-08-17T02:14:02.4065389Z ##[command]/usr/bin/docker port 75a8525d20a7fbd92c7e047f4c1f524ba0a4aa8f5c65f847761df9881176dc14
2025-08-17T02:14:02.4197789Z 5432/tcp -> 0.0.0.0:5432
2025-08-17T02:14:02.4198306Z 5432/tcp -> [::]:5432
2025-08-17T02:14:02.4244085Z ##[endgroup]
2025-08-17T02:14:02.4252451Z ##[group]Waiting for all services to be ready
2025-08-17T02:14:02.4265997Z ##[command]/usr/bin/docker inspect --format="{{if .Config.Healthcheck}}{{print .State.Health.Status}}{{end}}" 75a8525d20a7fbd92c7e047f4c1f524ba0a4aa8f5c65f847761df9881176dc14
2025-08-17T02:14:02.4394215Z starting
2025-08-17T02:14:02.4418993Z postgres service is starting, waiting 2 seconds before checking again.
2025-08-17T02:14:04.4417135Z ##[command]/usr/bin/docker inspect --format="{{if .Config.Healthcheck}}{{print .State.Health.Status}}{{end}}" 75a8525d20a7fbd92c7e047f4c1f524ba0a4aa8f5c65f847761df9881176dc14
2025-08-17T02:14:04.4535355Z starting
2025-08-17T02:14:04.4548463Z postgres service is starting, waiting 3 seconds before checking again.
2025-08-17T02:14:08.0872320Z ##[command]/usr/bin/docker inspect --format="{{if .Config.Healthcheck}}{{print .State.Health.Status}}{{end}}" 75a8525d20a7fbd92c7e047f4c1f524ba0a4aa8f5c65f847761df9881176dc14
2025-08-17T02:14:08.0993893Z healthy
2025-08-17T02:14:08.1011027Z postgres service is healthy.
2025-08-17T02:14:08.1011627Z ##[endgroup]
2025-08-17T02:14:08.1248906Z ##[group]Run actions/checkout@v4
2025-08-17T02:14:08.1249428Z with:
2025-08-17T02:14:08.1249630Z   repository: AlexBomber12/AWA-App
2025-08-17T02:14:08.1250011Z   token: ***
2025-08-17T02:14:08.1250194Z   ssh-strict: true
2025-08-17T02:14:08.1250367Z   ssh-user: git
2025-08-17T02:14:08.1250551Z   persist-credentials: true
2025-08-17T02:14:08.1250762Z   clean: true
2025-08-17T02:14:08.1250943Z   sparse-checkout-cone-mode: true
2025-08-17T02:14:08.1251167Z   fetch-depth: 1
2025-08-17T02:14:08.1251332Z   fetch-tags: false
2025-08-17T02:14:08.1251511Z   show-progress: true
2025-08-17T02:14:08.1251687Z   lfs: false
2025-08-17T02:14:08.1251847Z   submodules: false
2025-08-17T02:14:08.1252271Z   set-safe-directory: true
2025-08-17T02:14:08.1252712Z ##[endgroup]
2025-08-17T02:14:08.2315079Z Syncing repository: AlexBomber12/AWA-App
2025-08-17T02:14:08.2316365Z ##[group]Getting Git version info
2025-08-17T02:14:08.2316730Z Working directory is '/home/runner/work/AWA-App/AWA-App'
2025-08-17T02:14:08.2317471Z [command]/usr/bin/git version
2025-08-17T02:14:08.2350831Z git version 2.50.1
2025-08-17T02:14:08.2466847Z ##[endgroup]
2025-08-17T02:14:08.2474221Z Temporarily overriding HOME='/home/runner/work/_temp/75130852-5323-4c05-bbcc-0c6cbfd9634f' before making global git config changes
2025-08-17T02:14:08.2475504Z Adding repository directory to the temporary git global config as a safe directory
2025-08-17T02:14:08.2476458Z [command]/usr/bin/git config --global --add safe.directory /home/runner/work/AWA-App/AWA-App
2025-08-17T02:14:08.2477793Z Deleting the contents of '/home/runner/work/AWA-App/AWA-App'
2025-08-17T02:14:08.2478683Z ##[group]Initializing the repository
2025-08-17T02:14:08.2479173Z [command]/usr/bin/git init /home/runner/work/AWA-App/AWA-App
2025-08-17T02:14:08.2520087Z hint: Using 'master' as the name for the initial branch. This default branch name
2025-08-17T02:14:08.2521173Z hint: is subject to change. To configure the initial branch name to use in all
2025-08-17T02:14:08.2522145Z hint: of your new repositories, which will suppress this warning, call:
2025-08-17T02:14:08.2522713Z hint:
2025-08-17T02:14:08.2523109Z hint: 	git config --global init.defaultBranch <name>
2025-08-17T02:14:08.2523584Z hint:
2025-08-17T02:14:08.2524043Z hint: Names commonly chosen instead of 'master' are 'main', 'trunk' and
2025-08-17T02:14:08.2524576Z hint: 'development'. The just-created branch can be renamed via this command:
2025-08-17T02:14:08.2524913Z hint:
2025-08-17T02:14:08.2525096Z hint: 	git branch -m <name>
2025-08-17T02:14:08.2525304Z hint:
2025-08-17T02:14:08.2525603Z hint: Disable this message with "git config set advice.defaultBranchName false"
2025-08-17T02:14:08.2526115Z Initialized empty Git repository in /home/runner/work/AWA-App/AWA-App/.git/
2025-08-17T02:14:08.2534084Z [command]/usr/bin/git remote add origin https://github.com/AlexBomber12/AWA-App
2025-08-17T02:14:08.2567624Z ##[endgroup]
2025-08-17T02:14:08.2568218Z ##[group]Disabling automatic garbage collection
2025-08-17T02:14:08.2572352Z [command]/usr/bin/git config --local gc.auto 0
2025-08-17T02:14:08.2599911Z ##[endgroup]
2025-08-17T02:14:08.2600366Z ##[group]Setting up auth
2025-08-17T02:14:08.2607184Z [command]/usr/bin/git config --local --name-only --get-regexp core\.sshCommand
2025-08-17T02:14:08.2637100Z [command]/usr/bin/git submodule foreach --recursive sh -c "git config --local --name-only --get-regexp 'core\.sshCommand' && git config --local --unset-all 'core.sshCommand' || :"
2025-08-17T02:14:08.2890113Z [command]/usr/bin/git config --local --name-only --get-regexp http\.https\:\/\/github\.com\/\.extraheader
2025-08-17T02:14:08.2918606Z [command]/usr/bin/git submodule foreach --recursive sh -c "git config --local --name-only --get-regexp 'http\.https\:\/\/github\.com\/\.extraheader' && git config --local --unset-all 'http.https://github.com/.extraheader' || :"
2025-08-17T02:14:08.3138569Z [command]/usr/bin/git config --local http.https://github.com/.extraheader AUTHORIZATION: basic ***
2025-08-17T02:14:08.3173308Z ##[endgroup]
2025-08-17T02:14:08.3173926Z ##[group]Fetching the repository
2025-08-17T02:14:08.3190633Z [command]/usr/bin/git -c protocol.version=2 fetch --no-tags --prune --no-recurse-submodules --depth=1 origin +c2ee449d5e2603e4e68dd46b6ca7d2aebcf9642f:refs/remotes/origin/main
2025-08-17T02:14:08.6437094Z From https://github.com/AlexBomber12/AWA-App
2025-08-17T02:14:08.6439043Z  * [new ref]         c2ee449d5e2603e4e68dd46b6ca7d2aebcf9642f -> origin/main
2025-08-17T02:14:08.6462720Z ##[endgroup]
2025-08-17T02:14:08.6463319Z ##[group]Determining the checkout info
2025-08-17T02:14:08.6465148Z ##[endgroup]
2025-08-17T02:14:08.6472027Z [command]/usr/bin/git sparse-checkout disable
2025-08-17T02:14:08.6511092Z [command]/usr/bin/git config --local --unset-all extensions.worktreeConfig
2025-08-17T02:14:08.6539528Z ##[group]Checking out the ref
2025-08-17T02:14:08.6544716Z [command]/usr/bin/git checkout --progress --force -B main refs/remotes/origin/main
2025-08-17T02:14:08.6811144Z Switched to a new branch 'main'
2025-08-17T02:14:08.6813878Z branch 'main' set up to track 'origin/main'.
2025-08-17T02:14:08.6820172Z ##[endgroup]
2025-08-17T02:14:08.6857314Z [command]/usr/bin/git log -1 --format=%H
2025-08-17T02:14:08.6880471Z c2ee449d5e2603e4e68dd46b6ca7d2aebcf9642f
2025-08-17T02:14:08.7050540Z ##[group]Run cat .env.ci >> "$GITHUB_ENV"
2025-08-17T02:14:08.7050916Z [36;1mcat .env.ci >> "$GITHUB_ENV"[0m
2025-08-17T02:14:08.7051632Z [36;1mecho "DATABASE_URL=***localhost:5432/awa" >> "$GITHUB_ENV"[0m
2025-08-17T02:14:08.7052452Z [36;1mecho "PG_HOST=localhost" >> "$GITHUB_ENV"[0m
2025-08-17T02:14:08.7052764Z [36;1mecho "PG_PORT=5432" >> "$GITHUB_ENV"[0m
2025-08-17T02:14:08.7053054Z [36;1mecho "PG_USER=postgres" >> "$GITHUB_ENV"[0m
2025-08-17T02:14:08.7053343Z [36;1mecho "PG_PASSWORD=pass" >> "$GITHUB_ENV"[0m
2025-08-17T02:14:08.7053630Z [36;1mecho "PG_DATABASE=awa" >> "$GITHUB_ENV"[0m
2025-08-17T02:14:08.7104261Z shell: /usr/bin/bash -e {0}
2025-08-17T02:14:08.7104644Z ##[endgroup]
2025-08-17T02:14:08.7285150Z ##[group]Run actions/setup-python@v5
2025-08-17T02:14:08.7285405Z with:
2025-08-17T02:14:08.7285575Z   python-version: 3.12
2025-08-17T02:14:08.7285759Z   cache: pip
2025-08-17T02:14:08.7285967Z   cache-dependency-path: requirements-dev.txt
2025-08-17T02:14:08.7286231Z   check-latest: false
2025-08-17T02:14:08.7286544Z   token: ***
2025-08-17T02:14:08.7286725Z   update-environment: true
2025-08-17T02:14:08.7286946Z   allow-prereleases: false
2025-08-17T02:14:08.7287147Z   freethreaded: false
2025-08-17T02:14:08.7287326Z env:
2025-08-17T02:14:08.7287487Z   PG_USER: postgres
2025-08-17T02:14:08.7287671Z   PG_PASSWORD: pass
2025-08-17T02:14:08.7287849Z   PG_DATABASE: awa
2025-08-17T02:14:08.7288019Z   PG_HOST: localhost
2025-08-17T02:14:08.7288196Z   PG_PORT: 5432
2025-08-17T02:14:08.7288569Z   PG_SYNC_DSN: ***localhost:5432/awa
2025-08-17T02:14:08.7288974Z   PG_ASYNC_DSN: ***localhost:5432/awa
2025-08-17T02:14:08.7289349Z   DATABASE_URL: ***localhost:5432/awa
2025-08-17T02:14:08.7289609Z   DATA_DIR: /tmp/awa-data
2025-08-17T02:14:08.7289808Z   ENABLE_LIVE: 0
2025-08-17T02:14:08.7289974Z   TESTING: 1
2025-08-17T02:14:08.7290130Z ##[endgroup]
2025-08-17T02:14:08.9000223Z ##[group]Installed versions
2025-08-17T02:14:08.9103914Z Successfully set up CPython (3.12.11)
2025-08-17T02:14:08.9104704Z ##[endgroup]
2025-08-17T02:14:08.9454340Z [command]/opt/hostedtoolcache/Python/3.12.11/x64/bin/pip cache dir
2025-08-17T02:14:10.3130924Z /home/runner/.cache/pip
2025-08-17T02:14:10.4499743Z Cache hit for: setup-python-Linux-x64-24.04-Ubuntu-python-3.12.11-pip-dee7c0c28332ec2ebb5d2650fb0d2cfddf025b3b0e96b0c826645ad2cb717961
2025-08-17T02:14:11.5524425Z Received 130023424 of 271557671 (47.9%), 123.9 MBs/sec
2025-08-17T02:14:12.4701256Z Received 271557671 of 271557671 (100.0%), 135.0 MBs/sec
2025-08-17T02:14:12.4703983Z Cache Size: ~259 MB (271557671 B)
2025-08-17T02:14:12.4740538Z [command]/usr/bin/tar -xf /home/runner/work/_temp/c9a25879-04ba-4dbd-9c47-00839adb26b8/cache.tzst -P -C /home/runner/work/AWA-App/AWA-App --use-compress-program unzstd
2025-08-17T02:14:12.9285609Z Cache restored successfully
2025-08-17T02:14:12.9799446Z Cache restored from key: setup-python-Linux-x64-24.04-Ubuntu-python-3.12.11-pip-dee7c0c28332ec2ebb5d2650fb0d2cfddf025b3b0e96b0c826645ad2cb717961
2025-08-17T02:14:12.9961547Z ##[group]Run pip install -r requirements-dev.txt
2025-08-17T02:14:12.9962121Z [36;1mpip install -r requirements-dev.txt[0m
2025-08-17T02:14:12.9962424Z [36;1mpip install keepa==1.3.15 minio==7.1.15[0m
2025-08-17T02:14:13.0005591Z shell: /usr/bin/bash -e {0}
2025-08-17T02:14:13.0005829Z env:
2025-08-17T02:14:13.0006003Z   PG_USER: postgres
2025-08-17T02:14:13.0006199Z   PG_PASSWORD: pass
2025-08-17T02:14:13.0006384Z   PG_DATABASE: awa
2025-08-17T02:14:13.0006581Z   PG_HOST: localhost
2025-08-17T02:14:13.0006767Z   PG_PORT: 5432
2025-08-17T02:14:13.0007247Z   PG_SYNC_DSN: ***localhost:5432/awa
2025-08-17T02:14:13.0007717Z   PG_ASYNC_DSN: ***localhost:5432/awa
2025-08-17T02:14:13.0008095Z   DATABASE_URL: ***localhost:5432/awa
2025-08-17T02:14:13.0008329Z   DATA_DIR: /tmp/awa-data
2025-08-17T02:14:13.0008529Z   ENABLE_LIVE: 0
2025-08-17T02:14:13.0008703Z   TESTING: 1
2025-08-17T02:14:13.0008940Z   pythonLocation: /opt/hostedtoolcache/Python/3.12.11/x64
2025-08-17T02:14:13.0009386Z   PKG_CONFIG_PATH: /opt/hostedtoolcache/Python/3.12.11/x64/lib/pkgconfig
2025-08-17T02:14:13.0009784Z   Python_ROOT_DIR: /opt/hostedtoolcache/Python/3.12.11/x64
2025-08-17T02:14:13.0010127Z   Python2_ROOT_DIR: /opt/hostedtoolcache/Python/3.12.11/x64
2025-08-17T02:14:13.0010482Z   Python3_ROOT_DIR: /opt/hostedtoolcache/Python/3.12.11/x64
2025-08-17T02:14:13.0010837Z   LD_LIBRARY_PATH: /opt/hostedtoolcache/Python/3.12.11/x64/lib
2025-08-17T02:14:13.0011120Z ##[endgroup]
2025-08-17T02:14:14.0057815Z Collecting Jinja2==3.1.6 (from -r requirements-dev.txt (line 2))
2025-08-17T02:14:14.0070995Z   Using cached jinja2-3.1.6-py3-none-any.whl.metadata (2.9 kB)
2025-08-17T02:14:14.0281282Z Collecting alembic==1.13.1 (from -r requirements-dev.txt (line 3))
2025-08-17T02:14:14.0292720Z   Using cached alembic-1.13.1-py3-none-any.whl.metadata (7.4 kB)
2025-08-17T02:14:14.0610196Z Collecting apscheduler==3.10.4 (from -r requirements-dev.txt (line 4))
2025-08-17T02:14:14.0621376Z   Using cached APScheduler-3.10.4-py3-none-any.whl.metadata (5.7 kB)
2025-08-17T02:14:14.1020168Z Collecting asyncpg==0.30.0 (from -r requirements-dev.txt (line 5))
2025-08-17T02:14:14.1032232Z   Using cached asyncpg-0.30.0-cp312-cp312-manylinux_2_17_x86_64.manylinux2014_x86_64.whl.metadata (5.0 kB)
2025-08-17T02:14:14.1476911Z Collecting black==25.1.0 (from -r requirements-dev.txt (line 6))
2025-08-17T02:14:14.1489468Z   Using cached black-25.1.0-cp312-cp312-manylinux_2_17_x86_64.manylinux2014_x86_64.manylinux_2_28_x86_64.whl.metadata (81 kB)
2025-08-17T02:14:14.4904222Z Collecting boto3 (from -r requirements-dev.txt (line 7))
2025-08-17T02:14:14.5283394Z   Downloading boto3-1.40.11-py3-none-any.whl.metadata (6.7 kB)
2025-08-17T02:14:14.5622917Z Collecting celery==5.4.0 (from -r requirements-dev.txt (line 8))
2025-08-17T02:14:14.5634666Z   Using cached celery-5.4.0-py3-none-any.whl.metadata (21 kB)
2025-08-17T02:14:14.6240212Z Collecting fastapi==0.116.1 (from -r requirements-dev.txt (line 9))
2025-08-17T02:14:14.6252883Z   Using cached fastapi-0.116.1-py3-none-any.whl.metadata (28 kB)
2025-08-17T02:14:14.6494084Z Collecting httpx<0.29,>=0.27 (from -r requirements-dev.txt (line 11))
2025-08-17T02:14:14.6505731Z   Using cached httpx-0.28.1-py3-none-any.whl.metadata (7.1 kB)
2025-08-17T02:14:14.6663770Z Collecting imapclient==3.0.1 (from -r requirements-dev.txt (line 12))
2025-08-17T02:14:14.6675404Z   Using cached IMAPClient-3.0.1-py2.py3-none-any.whl.metadata (1.7 kB)
2025-08-17T02:14:14.6772691Z Collecting itsdangerous (from -r requirements-dev.txt (line 13))
2025-08-17T02:14:14.6785310Z   Using cached itsdangerous-2.2.0-py3-none-any.whl.metadata (1.9 kB)
2025-08-17T02:14:14.7780011Z Collecting mypy==1.* (from -r requirements-dev.txt (line 14))
2025-08-17T02:14:14.7794059Z   Using cached mypy-1.17.1-cp312-cp312-manylinux2014_x86_64.manylinux_2_17_x86_64.manylinux_2_28_x86_64.whl.metadata (2.2 kB)
2025-08-17T02:14:14.7895517Z Collecting mypy-extensions==1.1.0 (from -r requirements-dev.txt (line 15))
2025-08-17T02:14:14.7907871Z   Using cached mypy_extensions-1.1.0-py3-none-any.whl.metadata (1.1 kB)
2025-08-17T02:14:14.8049685Z Collecting openpyxl==3.1.5 (from -r requirements-dev.txt (line 16))
2025-08-17T02:14:14.8061504Z   Using cached openpyxl-3.1.5-py2.py3-none-any.whl.metadata (2.5 kB)
2025-08-17T02:14:14.9087334Z Collecting pandas==2.3.1 (from -r requirements-dev.txt (line 17))
2025-08-17T02:14:14.9101468Z   Using cached pandas-2.3.1-cp312-cp312-manylinux_2_17_x86_64.manylinux2014_x86_64.whl.metadata (91 kB)
2025-08-17T02:14:15.0214242Z Collecting psycopg2-binary==2.9.9 (from -r requirements-dev.txt (line 18))
2025-08-17T02:14:15.0227342Z   Using cached psycopg2_binary-2.9.9-cp312-cp312-manylinux_2_17_x86_64.manylinux2014_x86_64.whl.metadata (4.4 kB)
2025-08-17T02:14:15.0397812Z Collecting psycopg==3.2.9 (from psycopg[binary]==3.2.9->-r requirements-dev.txt (line 19))
2025-08-17T02:14:15.0409817Z   Using cached psycopg-3.2.9-py3-none-any.whl.metadata (4.5 kB)
2025-08-17T02:14:15.1466775Z Collecting pydantic==2.11.7 (from -r requirements-dev.txt (line 20))
2025-08-17T02:14:15.1480289Z   Using cached pydantic-2.11.7-py3-none-any.whl.metadata (67 kB)
2025-08-17T02:14:15.2700976Z Collecting setuptools (from -r requirements-dev.txt (line 21))
2025-08-17T02:14:15.2715198Z   Using cached setuptools-80.9.0-py3-none-any.whl.metadata (6.6 kB)
2025-08-17T02:14:15.3101082Z Collecting pytest-asyncio==0.23.6 (from -r requirements-dev.txt (line 22))
2025-08-17T02:14:15.3114179Z   Using cached pytest_asyncio-0.23.6-py3-none-any.whl.metadata (3.9 kB)
2025-08-17T02:14:15.3260849Z Collecting pytest-cov==6.2.1 (from -r requirements-dev.txt (line 23))
2025-08-17T02:14:15.3273169Z   Using cached pytest_cov-6.2.1-py3-none-any.whl.metadata (30 kB)
2025-08-17T02:14:15.3494460Z Collecting pytest-postgresql==7.0.2 (from -r requirements-dev.txt (line 24))
2025-08-17T02:14:15.3505770Z   Using cached pytest_postgresql-7.0.2-py3-none-any.whl.metadata (18 kB)
2025-08-17T02:14:15.3666691Z Collecting python-dotenv (from -r requirements-dev.txt (line 25))
2025-08-17T02:14:15.3678237Z   Using cached python_dotenv-1.1.1-py3-none-any.whl.metadata (24 kB)
2025-08-17T02:14:15.3846780Z Collecting python-multipart (from -r requirements-dev.txt (line 26))
2025-08-17T02:14:15.3858367Z   Using cached python_multipart-0.0.20-py3-none-any.whl.metadata (1.8 kB)
2025-08-17T02:14:15.4146732Z Collecting python-telegram-bot==22.2 (from -r requirements-dev.txt (line 27))
2025-08-17T02:14:15.4159139Z   Using cached python_telegram_bot-22.2-py3-none-any.whl.metadata (17 kB)
2025-08-17T02:14:15.4444105Z Collecting requests==2.32.4 (from -r requirements-dev.txt (line 28))
2025-08-17T02:14:15.4455954Z   Using cached requests-2.32.4-py3-none-any.whl.metadata (4.9 kB)
2025-08-17T02:14:15.4638968Z Collecting respx==0.22.0 (from -r requirements-dev.txt (line 29))
2025-08-17T02:14:15.4650415Z   Using cached respx-0.22.0-py2.py3-none-any.whl.metadata (4.1 kB)
2025-08-17T02:14:15.8359838Z Collecting ruff==0.4.4 (from -r requirements-dev.txt (line 30))
2025-08-17T02:14:15.8374307Z   Using cached ruff-0.4.4-py3-none-manylinux_2_17_x86_64.manylinux2014_x86_64.whl.metadata (23 kB)
2025-08-17T02:14:16.0943055Z Collecting sqlalchemy==2.0.29 (from -r requirements-dev.txt (line 31))
2025-08-17T02:14:16.0957881Z   Using cached SQLAlchemy-2.0.29-cp312-cp312-manylinux_2_17_x86_64.manylinux2014_x86_64.whl.metadata (9.6 kB)
2025-08-17T02:14:16.1198496Z Collecting testcontainers==4.10.0 (from testcontainers[postgres]==4.10.0->-r requirements-dev.txt (line 32))
2025-08-17T02:14:16.1210776Z   Using cached testcontainers-4.10.0-py3-none-any.whl.metadata (7.8 kB)
2025-08-17T02:14:16.1578731Z Collecting types-requests==2.32.0.20240602 (from -r requirements-dev.txt (line 33))
2025-08-17T02:14:16.1591846Z   Using cached types_requests-2.32.0.20240602-py3-none-any.whl.metadata (1.8 kB)
2025-08-17T02:14:16.1715365Z Collecting docspec-python==2.2.2 (from -r requirements-dev.txt (line 34))
2025-08-17T02:14:16.1727515Z   Using cached docspec_python-2.2.2-py3-none-any.whl.metadata (1.0 kB)
2025-08-17T02:14:16.1908528Z Collecting pydoc-markdown==4.8.2 (from -r requirements-dev.txt (line 35))
2025-08-17T02:14:16.1920402Z   Using cached pydoc_markdown-4.8.2-py3-none-any.whl.metadata (5.9 kB)
2025-08-17T02:14:16.2415138Z Collecting MarkupSafe>=2.0 (from Jinja2==3.1.6->-r requirements-dev.txt (line 2))
2025-08-17T02:14:16.2428501Z   Using cached MarkupSafe-3.0.2-cp312-cp312-manylinux_2_17_x86_64.manylinux2014_x86_64.whl.metadata (4.0 kB)
2025-08-17T02:14:16.2707316Z Collecting Mako (from alembic==1.13.1->-r requirements-dev.txt (line 3))
2025-08-17T02:14:16.2718969Z   Using cached mako-1.3.10-py3-none-any.whl.metadata (2.9 kB)
2025-08-17T02:14:16.2877137Z Collecting typing-extensions>=4 (from alembic==1.13.1->-r requirements-dev.txt (line 3))
2025-08-17T02:14:16.2888753Z   Using cached typing_extensions-4.14.1-py3-none-any.whl.metadata (3.0 kB)
2025-08-17T02:14:16.3023328Z Collecting six>=1.4.0 (from apscheduler==3.10.4->-r requirements-dev.txt (line 4))
2025-08-17T02:14:16.3036208Z   Using cached six-1.17.0-py2.py3-none-any.whl.metadata (1.7 kB)
2025-08-17T02:14:16.3358926Z Collecting pytz (from apscheduler==3.10.4->-r requirements-dev.txt (line 4))
2025-08-17T02:14:16.3370880Z   Using cached pytz-2025.2-py2.py3-none-any.whl.metadata (22 kB)
2025-08-17T02:14:16.3522425Z Collecting tzlocal!=3.*,>=2.0 (from apscheduler==3.10.4->-r requirements-dev.txt (line 4))
2025-08-17T02:14:16.3533954Z   Using cached tzlocal-5.3.1-py3-none-any.whl.metadata (7.6 kB)
2025-08-17T02:14:16.3714180Z Collecting click>=8.0.0 (from black==25.1.0->-r requirements-dev.txt (line 6))
2025-08-17T02:14:16.3726335Z   Using cached click-8.2.1-py3-none-any.whl.metadata (2.5 kB)
2025-08-17T02:14:16.3926004Z Collecting packaging>=22.0 (from black==25.1.0->-r requirements-dev.txt (line 6))
2025-08-17T02:14:16.3937564Z   Using cached packaging-25.0-py3-none-any.whl.metadata (3.3 kB)
2025-08-17T02:14:16.4055592Z Collecting pathspec>=0.9.0 (from black==25.1.0->-r requirements-dev.txt (line 6))
2025-08-17T02:14:16.4067012Z   Using cached pathspec-0.12.1-py3-none-any.whl.metadata (21 kB)
2025-08-17T02:14:16.4241150Z Collecting platformdirs>=2 (from black==25.1.0->-r requirements-dev.txt (line 6))
2025-08-17T02:14:16.4253314Z   Using cached platformdirs-4.3.8-py3-none-any.whl.metadata (12 kB)
2025-08-17T02:14:16.4469734Z Collecting billiard<5.0,>=4.2.0 (from celery==5.4.0->-r requirements-dev.txt (line 8))
2025-08-17T02:14:16.4481372Z   Using cached billiard-4.2.1-py3-none-any.whl.metadata (4.4 kB)
2025-08-17T02:14:16.4761641Z Collecting kombu<6.0,>=5.3.4 (from celery==5.4.0->-r requirements-dev.txt (line 8))
2025-08-17T02:14:16.4774009Z   Using cached kombu-5.5.4-py3-none-any.whl.metadata (3.5 kB)
2025-08-17T02:14:16.4923576Z Collecting vine<6.0,>=5.1.0 (from celery==5.4.0->-r requirements-dev.txt (line 8))
2025-08-17T02:14:16.4934888Z   Using cached vine-5.1.0-py3-none-any.whl.metadata (2.7 kB)
2025-08-17T02:14:16.5082431Z Collecting click-didyoumean>=0.3.0 (from celery==5.4.0->-r requirements-dev.txt (line 8))
2025-08-17T02:14:16.5093911Z   Using cached click_didyoumean-0.3.1-py3-none-any.whl.metadata (3.9 kB)
2025-08-17T02:14:16.5198695Z Collecting click-repl>=0.2.0 (from celery==5.4.0->-r requirements-dev.txt (line 8))
2025-08-17T02:14:16.5209954Z   Using cached click_repl-0.3.0-py3-none-any.whl.metadata (3.6 kB)
2025-08-17T02:14:16.5298706Z Collecting click-plugins>=1.1.1 (from celery==5.4.0->-r requirements-dev.txt (line 8))
2025-08-17T02:14:16.5311202Z   Using cached click_plugins-1.1.1.2-py2.py3-none-any.whl.metadata (6.5 kB)
2025-08-17T02:14:16.5460442Z Collecting tzdata>=2022.7 (from celery==5.4.0->-r requirements-dev.txt (line 8))
2025-08-17T02:14:16.5472195Z   Using cached tzdata-2025.2-py2.py3-none-any.whl.metadata (1.4 kB)
2025-08-17T02:14:16.5579334Z Collecting python-dateutil>=2.8.2 (from celery==5.4.0->-r requirements-dev.txt (line 8))
2025-08-17T02:14:16.5590963Z   Using cached python_dateutil-2.9.0.post0-py2.py3-none-any.whl.metadata (8.4 kB)
2025-08-17T02:14:16.5907525Z Collecting starlette<0.48.0,>=0.40.0 (from fastapi==0.116.1->-r requirements-dev.txt (line 9))
2025-08-17T02:14:16.5919710Z   Using cached starlette-0.47.2-py3-none-any.whl.metadata (6.2 kB)
2025-08-17T02:14:16.6372770Z Collecting annotated-types>=0.6.0 (from pydantic==2.11.7->-r requirements-dev.txt (line 20))
2025-08-17T02:14:16.6385288Z   Using cached annotated_types-0.7.0-py3-none-any.whl.metadata (15 kB)
2025-08-17T02:14:17.2968533Z Collecting pydantic-core==2.33.2 (from pydantic==2.11.7->-r requirements-dev.txt (line 20))
2025-08-17T02:14:17.2982368Z   Using cached pydantic_core-2.33.2-cp312-cp312-manylinux_2_17_x86_64.manylinux2014_x86_64.whl.metadata (6.8 kB)
2025-08-17T02:14:17.3103165Z Collecting typing-inspection>=0.4.0 (from pydantic==2.11.7->-r requirements-dev.txt (line 20))
2025-08-17T02:14:17.3114995Z   Using cached typing_inspection-0.4.1-py3-none-any.whl.metadata (2.6 kB)
2025-08-17T02:14:17.3253027Z Collecting et-xmlfile (from openpyxl==3.1.5->-r requirements-dev.txt (line 16))
2025-08-17T02:14:17.3264666Z   Using cached et_xmlfile-2.0.0-py3-none-any.whl.metadata (2.7 kB)
2025-08-17T02:14:17.5586757Z Collecting numpy>=1.26.0 (from pandas==2.3.1->-r requirements-dev.txt (line 17))
2025-08-17T02:14:17.5604987Z   Using cached numpy-2.3.2-cp312-cp312-manylinux_2_27_x86_64.manylinux_2_28_x86_64.whl.metadata (62 kB)
2025-08-17T02:14:17.6279902Z Collecting pytest<9,>=7.0.0 (from pytest-asyncio==0.23.6->-r requirements-dev.txt (line 22))
2025-08-17T02:14:17.6296896Z   Using cached pytest-8.4.1-py3-none-any.whl.metadata (7.7 kB)
2025-08-17T02:14:17.9469203Z Collecting coverage>=7.5 (from coverage[toml]>=7.5->pytest-cov==6.2.1->-r requirements-dev.txt (line 23))
2025-08-17T02:14:17.9534063Z   Downloading coverage-7.10.4-cp312-cp312-manylinux1_x86_64.manylinux_2_28_x86_64.manylinux_2_5_x86_64.whl.metadata (8.9 kB)
2025-08-17T02:14:17.9670666Z Collecting pluggy>=1.2 (from pytest-cov==6.2.1->-r requirements-dev.txt (line 23))
2025-08-17T02:14:17.9682628Z   Using cached pluggy-1.6.0-py3-none-any.whl.metadata (4.8 kB)
2025-08-17T02:14:17.9931420Z Collecting port-for>=0.7.3 (from pytest-postgresql==7.0.2->-r requirements-dev.txt (line 24))
2025-08-17T02:14:17.9942739Z   Using cached port_for-0.7.4-py3-none-any.whl.metadata (7.1 kB)
2025-08-17T02:14:18.0078546Z Collecting mirakuru>=2.6.0 (from pytest-postgresql==7.0.2->-r requirements-dev.txt (line 24))
2025-08-17T02:14:18.0089994Z   Using cached mirakuru-2.6.1-py3-none-any.whl.metadata (10 kB)
2025-08-17T02:14:18.0897325Z Collecting charset_normalizer<4,>=2 (from requests==2.32.4->-r requirements-dev.txt (line 28))
2025-08-17T02:14:18.0911765Z   Using cached charset_normalizer-3.4.3-cp312-cp312-manylinux2014_x86_64.manylinux_2_17_x86_64.manylinux_2_28_x86_64.whl.metadata (36 kB)
2025-08-17T02:14:18.1059694Z Collecting idna<4,>=2.5 (from requests==2.32.4->-r requirements-dev.txt (line 28))
2025-08-17T02:14:18.1071384Z   Using cached idna-3.10-py3-none-any.whl.metadata (10 kB)
2025-08-17T02:14:18.1346140Z Collecting urllib3<3,>=1.21.1 (from requests==2.32.4->-r requirements-dev.txt (line 28))
2025-08-17T02:14:18.1358021Z   Using cached urllib3-2.5.0-py3-none-any.whl.metadata (6.5 kB)
2025-08-17T02:14:18.1546801Z Collecting certifi>=2017.4.17 (from requests==2.32.4->-r requirements-dev.txt (line 28))
2025-08-17T02:14:18.1558339Z   Using cached certifi-2025.8.3-py3-none-any.whl.metadata (2.4 kB)
2025-08-17T02:14:18.3555430Z Collecting greenlet!=0.4.17 (from sqlalchemy==2.0.29->-r requirements-dev.txt (line 31))
2025-08-17T02:14:18.3569095Z   Using cached greenlet-3.2.4-cp312-cp312-manylinux_2_24_x86_64.manylinux_2_28_x86_64.whl.metadata (4.1 kB)
2025-08-17T02:14:18.3770825Z Collecting docker (from testcontainers==4.10.0->testcontainers[postgres]==4.10.0->-r requirements-dev.txt (line 32))
2025-08-17T02:14:18.3782423Z   Using cached docker-7.1.0-py3-none-any.whl.metadata (3.8 kB)
2025-08-17T02:14:18.4703888Z Collecting wrapt (from testcontainers==4.10.0->testcontainers[postgres]==4.10.0->-r requirements-dev.txt (line 32))
2025-08-17T02:14:18.4717324Z   Using cached wrapt-1.17.3-cp312-cp312-manylinux1_x86_64.manylinux_2_28_x86_64.manylinux_2_5_x86_64.whl.metadata (6.4 kB)
2025-08-17T02:14:18.4983583Z Collecting docspec==2.2.1 (from docspec-python==2.2.2->-r requirements-dev.txt (line 34))
2025-08-17T02:14:18.4995078Z   Using cached docspec-2.2.1-py3-none-any.whl.metadata (1.5 kB)
2025-08-17T02:14:18.5149270Z Collecting nr-util>=0.8.12 (from docspec-python==2.2.2->-r requirements-dev.txt (line 34))
2025-08-17T02:14:18.5160249Z   Using cached nr.util-0.8.12-py3-none-any.whl.metadata (813 bytes)
2025-08-17T02:14:18.5490947Z Collecting PyYAML<7.0,>=5.0 (from pydoc-markdown==4.8.2->-r requirements-dev.txt (line 35))
2025-08-17T02:14:18.5503490Z   Using cached PyYAML-6.0.2-cp312-cp312-manylinux_2_17_x86_64.manylinux2014_x86_64.whl.metadata (2.1 kB)
2025-08-17T02:14:18.5804750Z Collecting databind.core<5.0.0,>=4.4.0 (from pydoc-markdown==4.8.2->-r requirements-dev.txt (line 35))
2025-08-17T02:14:18.5815966Z   Using cached databind.core-4.5.2-py3-none-any.whl.metadata (1.1 kB)
2025-08-17T02:14:18.6013847Z Collecting databind.json<5.0.0,>=4.4.0 (from pydoc-markdown==4.8.2->-r requirements-dev.txt (line 35))
2025-08-17T02:14:18.6024790Z   Using cached databind.json-4.5.2-py3-none-any.whl.metadata (1.1 kB)
2025-08-17T02:14:18.6161493Z Collecting docstring-parser<0.12,>=0.11 (from pydoc-markdown==4.8.2->-r requirements-dev.txt (line 35))
2025-08-17T02:14:18.6163037Z   Using cached docstring_parser-0.11-py3-none-any.whl
2025-08-17T02:14:18.6493308Z Collecting tomli<3.0.0,>=2.0.0 (from pydoc-markdown==4.8.2->-r requirements-dev.txt (line 35))
2025-08-17T02:14:18.6504559Z   Using cached tomli-2.2.1-cp312-cp312-manylinux_2_17_x86_64.manylinux2014_x86_64.whl.metadata (11 kB)
2025-08-17T02:14:18.6605513Z Collecting tomli_w<2.0.0,>=1.0.0 (from pydoc-markdown==4.8.2->-r requirements-dev.txt (line 35))
2025-08-17T02:14:18.6618839Z   Using cached tomli_w-1.2.0-py3-none-any.whl.metadata (5.7 kB)
2025-08-17T02:14:18.7053586Z Collecting watchdog (from pydoc-markdown==4.8.2->-r requirements-dev.txt (line 35))
2025-08-17T02:14:18.7064779Z   Using cached watchdog-6.0.0-py3-none-manylinux2014_x86_64.whl.metadata (44 kB)
2025-08-17T02:14:18.7286188Z Collecting yapf>=0.30.0 (from pydoc-markdown==4.8.2->-r requirements-dev.txt (line 35))
2025-08-17T02:14:18.7297447Z   Using cached yapf-0.43.0-py3-none-any.whl.metadata (46 kB)
2025-08-17T02:14:18.7472670Z Collecting Deprecated<2.0.0,>=1.2.12 (from docspec==2.2.1->docspec-python==2.2.2->-r requirements-dev.txt (line 34))
2025-08-17T02:14:18.7484628Z   Using cached Deprecated-1.2.18-py2.py3-none-any.whl.metadata (5.7 kB)
2025-08-17T02:14:18.8954285Z Collecting psycopg-binary==3.2.9 (from psycopg[binary]==3.2.9->-r requirements-dev.txt (line 19))
2025-08-17T02:14:18.8967223Z   Using cached psycopg_binary-3.2.9-cp312-cp312-manylinux_2_17_x86_64.manylinux2014_x86_64.whl.metadata (2.9 kB)
2025-08-17T02:14:18.9242339Z Collecting anyio (from httpx<0.29,>=0.27->-r requirements-dev.txt (line 11))
2025-08-17T02:14:18.9253870Z   Using cached anyio-4.10.0-py3-none-any.whl.metadata (4.0 kB)
2025-08-17T02:14:18.9433563Z Collecting httpcore==1.* (from httpx<0.29,>=0.27->-r requirements-dev.txt (line 11))
2025-08-17T02:14:18.9445351Z   Using cached httpcore-1.0.9-py3-none-any.whl.metadata (21 kB)
2025-08-17T02:14:18.9707095Z Collecting databind<5.0.0,>=4.5.2 (from databind.core<5.0.0,>=4.4.0->pydoc-markdown==4.8.2->-r requirements-dev.txt (line 35))
2025-08-17T02:14:18.9717815Z   Using cached databind-4.5.2-py3-none-any.whl.metadata (4.3 kB)
2025-08-17T02:14:18.9843017Z Collecting nr-date<3.0.0,>=2.0.0 (from databind<5.0.0,>=4.5.2->databind.core<5.0.0,>=4.4.0->pydoc-markdown==4.8.2->-r requirements-dev.txt (line 35))
2025-08-17T02:14:18.9853850Z   Using cached nr_date-2.1.0-py3-none-any.whl.metadata (746 bytes)
2025-08-17T02:14:18.9973941Z Collecting nr-stream<2.0.0,>=1.0.0 (from databind<5.0.0,>=4.5.2->databind.core<5.0.0,>=4.4.0->pydoc-markdown==4.8.2->-r requirements-dev.txt (line 35))
2025-08-17T02:14:18.9984633Z   Using cached nr_stream-1.1.5-py3-none-any.whl.metadata (3.6 kB)
2025-08-17T02:14:19.0154271Z Collecting typeapi<3,>=2.0.1 (from databind<5.0.0,>=4.5.2->databind.core<5.0.0,>=4.4.0->pydoc-markdown==4.8.2->-r requirements-dev.txt (line 35))
2025-08-17T02:14:19.0164756Z   Using cached typeapi-2.2.4-py3-none-any.whl.metadata (1.5 kB)
2025-08-17T02:14:19.0412483Z Collecting h11>=0.16 (from httpcore==1.*->httpx<0.29,>=0.27->-r requirements-dev.txt (line 11))
2025-08-17T02:14:19.0423650Z   Using cached h11-0.16.0-py3-none-any.whl.metadata (8.3 kB)
2025-08-17T02:14:19.0617488Z Collecting amqp<6.0.0,>=5.1.1 (from kombu<6.0,>=5.3.4->celery==5.4.0->-r requirements-dev.txt (line 8))
2025-08-17T02:14:19.0629986Z   Using cached amqp-5.3.1-py3-none-any.whl.metadata (8.9 kB)
2025-08-17T02:14:19.0950620Z Collecting iniconfig>=1 (from pytest<9,>=7.0.0->pytest-asyncio==0.23.6->-r requirements-dev.txt (line 22))
2025-08-17T02:14:19.0962524Z   Using cached iniconfig-2.1.0-py3-none-any.whl.metadata (2.7 kB)
2025-08-17T02:14:19.1189139Z Collecting pygments>=2.7.2 (from pytest<9,>=7.0.0->pytest-asyncio==0.23.6->-r requirements-dev.txt (line 22))
2025-08-17T02:14:19.1200697Z   Using cached pygments-2.19.2-py3-none-any.whl.metadata (2.5 kB)
2025-08-17T02:14:19.1541728Z Collecting sniffio>=1.1 (from anyio->httpx<0.29,>=0.27->-r requirements-dev.txt (line 11))
2025-08-17T02:14:19.1553562Z   Using cached sniffio-1.3.1-py3-none-any.whl.metadata (3.9 kB)
2025-08-17T02:14:19.5491496Z Collecting botocore<1.41.0,>=1.40.11 (from boto3->-r requirements-dev.txt (line 7))
2025-08-17T02:14:19.5532810Z   Downloading botocore-1.40.11-py3-none-any.whl.metadata (5.7 kB)
2025-08-17T02:14:19.5676404Z Collecting jmespath<2.0.0,>=0.7.1 (from boto3->-r requirements-dev.txt (line 7))
2025-08-17T02:14:19.5688343Z   Using cached jmespath-1.0.1-py3-none-any.whl.metadata (7.6 kB)
2025-08-17T02:14:19.5838934Z Collecting s3transfer<0.14.0,>=0.13.0 (from boto3->-r requirements-dev.txt (line 7))
2025-08-17T02:14:19.5850591Z   Using cached s3transfer-0.13.1-py3-none-any.whl.metadata (1.7 kB)
2025-08-17T02:14:19.7340533Z Collecting fastapi-cli>=0.0.8 (from fastapi-cli[standard]>=0.0.8; extra == "all"->fastapi[all]->-r requirements-dev.txt (line 10))
2025-08-17T02:14:19.7352740Z   Using cached fastapi_cli-0.0.8-py3-none-any.whl.metadata (6.3 kB)
2025-08-17T02:14:19.8966843Z Collecting ujson!=4.0.2,!=4.1.0,!=4.2.0,!=4.3.0,!=5.0.0,!=5.1.0,>=4.0.1 (from fastapi[all]->-r requirements-dev.txt (line 10))
2025-08-17T02:14:19.8980640Z   Using cached ujson-5.10.0-cp312-cp312-manylinux_2_17_x86_64.manylinux2014_x86_64.whl.metadata (9.3 kB)
2025-08-17T02:14:20.1237096Z Collecting orjson>=3.2.1 (from fastapi[all]->-r requirements-dev.txt (line 10))
2025-08-17T02:14:20.1251041Z   Using cached orjson-3.11.2-cp312-cp312-manylinux_2_17_x86_64.manylinux2014_x86_64.whl.metadata (1.2 kB)
2025-08-17T02:14:20.1373906Z Collecting email-validator>=2.0.0 (from fastapi[all]->-r requirements-dev.txt (line 10))
2025-08-17T02:14:20.1385731Z   Using cached email_validator-2.2.0-py3-none-any.whl.metadata (25 kB)
2025-08-17T02:14:20.1657744Z Collecting uvicorn>=0.12.0 (from uvicorn[standard]>=0.12.0; extra == "all"->fastapi[all]->-r requirements-dev.txt (line 10))
2025-08-17T02:14:20.1669704Z   Using cached uvicorn-0.35.0-py3-none-any.whl.metadata (6.5 kB)
2025-08-17T02:14:20.1856856Z Collecting pydantic-settings>=2.0.0 (from fastapi[all]->-r requirements-dev.txt (line 10))
2025-08-17T02:14:20.1868580Z   Using cached pydantic_settings-2.10.1-py3-none-any.whl.metadata (3.4 kB)
2025-08-17T02:14:20.2007650Z Collecting pydantic-extra-types>=2.0.0 (from fastapi[all]->-r requirements-dev.txt (line 10))
2025-08-17T02:14:20.2019185Z   Using cached pydantic_extra_types-2.10.5-py3-none-any.whl.metadata (3.9 kB)
2025-08-17T02:14:20.2705659Z Collecting prompt-toolkit>=3.0.36 (from click-repl>=0.2.0->celery==5.4.0->-r requirements-dev.txt (line 8))
2025-08-17T02:14:20.2718017Z   Using cached prompt_toolkit-3.0.51-py3-none-any.whl.metadata (6.4 kB)
2025-08-17T02:14:20.2902748Z Collecting dnspython>=2.0.0 (from email-validator>=2.0.0->fastapi[all]->-r requirements-dev.txt (line 10))
2025-08-17T02:14:20.2914629Z   Using cached dnspython-2.7.0-py3-none-any.whl.metadata (5.8 kB)
2025-08-17T02:14:20.3203404Z Collecting typer>=0.15.1 (from fastapi-cli>=0.0.8->fastapi-cli[standard]>=0.0.8; extra == "all"->fastapi[all]->-r requirements-dev.txt (line 10))
2025-08-17T02:14:20.3215737Z   Using cached typer-0.16.0-py3-none-any.whl.metadata (15 kB)
2025-08-17T02:14:20.3493665Z Collecting rich-toolkit>=0.14.8 (from fastapi-cli>=0.0.8->fastapi-cli[standard]>=0.0.8; extra == "all"->fastapi[all]->-r requirements-dev.txt (line 10))
2025-08-17T02:14:20.3506123Z   Using cached rich_toolkit-0.15.0-py3-none-any.whl.metadata (1.0 kB)
2025-08-17T02:14:20.3625247Z Collecting fastapi-cloud-cli>=0.1.1 (from fastapi-cli[standard]>=0.0.8; extra == "all"->fastapi[all]->-r requirements-dev.txt (line 10))
2025-08-17T02:14:20.3636911Z   Using cached fastapi_cloud_cli-0.1.5-py3-none-any.whl.metadata (3.2 kB)
2025-08-17T02:14:20.4358566Z Collecting rignore>=0.5.1 (from fastapi-cloud-cli>=0.1.1->fastapi-cli[standard]>=0.0.8; extra == "all"->fastapi[all]->-r requirements-dev.txt (line 10))
2025-08-17T02:14:20.4372566Z   Using cached rignore-0.6.4-cp312-cp312-manylinux_2_17_x86_64.manylinux2014_x86_64.whl.metadata (3.8 kB)
2025-08-17T02:14:20.5216579Z Collecting sentry-sdk>=2.20.0 (from fastapi-cloud-cli>=0.1.1->fastapi-cli[standard]>=0.0.8; extra == "all"->fastapi[all]->-r requirements-dev.txt (line 10))
2025-08-17T02:14:20.5258973Z   Downloading sentry_sdk-2.35.0-py2.py3-none-any.whl.metadata (10 kB)
2025-08-17T02:14:20.6208714Z Collecting psutil>=4.0.0 (from mirakuru>=2.6.0->pytest-postgresql==7.0.2->-r requirements-dev.txt (line 24))
2025-08-17T02:14:20.6221826Z   Using cached psutil-7.0.0-cp36-abi3-manylinux_2_12_x86_64.manylinux2010_x86_64.manylinux_2_17_x86_64.manylinux2014_x86_64.whl.metadata (22 kB)
2025-08-17T02:14:20.6566719Z Collecting wcwidth (from prompt-toolkit>=3.0.36->click-repl>=0.2.0->celery==5.4.0->-r requirements-dev.txt (line 8))
2025-08-17T02:14:20.6578614Z   Using cached wcwidth-0.2.13-py2.py3-none-any.whl.metadata (14 kB)
2025-08-17T02:14:20.7783242Z Collecting rich>=13.7.1 (from rich-toolkit>=0.14.8->fastapi-cli>=0.0.8->fastapi-cli[standard]>=0.0.8; extra == "all"->fastapi[all]->-r requirements-dev.txt (line 10))
2025-08-17T02:14:20.7795796Z   Using cached rich-14.1.0-py3-none-any.whl.metadata (18 kB)
2025-08-17T02:14:20.7978492Z Collecting markdown-it-py>=2.2.0 (from rich>=13.7.1->rich-toolkit>=0.14.8->fastapi-cli>=0.0.8->fastapi-cli[standard]>=0.0.8; extra == "all"->fastapi[all]->-r requirements-dev.txt (line 10))
2025-08-17T02:14:20.7990316Z   Using cached markdown_it_py-4.0.0-py3-none-any.whl.metadata (7.3 kB)
2025-08-17T02:14:20.8191101Z Collecting mdurl~=0.1 (from markdown-it-py>=2.2.0->rich>=13.7.1->rich-toolkit>=0.14.8->fastapi-cli>=0.0.8->fastapi-cli[standard]>=0.0.8; extra == "all"->fastapi[all]->-r requirements-dev.txt (line 10))
2025-08-17T02:14:20.8202744Z   Using cached mdurl-0.1.2-py3-none-any.whl.metadata (1.6 kB)
2025-08-17T02:14:20.8735030Z Collecting shellingham>=1.3.0 (from typer>=0.15.1->fastapi-cli>=0.0.8->fastapi-cli[standard]>=0.0.8; extra == "all"->fastapi[all]->-r requirements-dev.txt (line 10))
2025-08-17T02:14:20.8746815Z   Using cached shellingham-1.5.4-py2.py3-none-any.whl.metadata (3.5 kB)
2025-08-17T02:14:20.9426107Z Collecting httptools>=0.6.3 (from uvicorn[standard]>=0.12.0; extra == "all"->fastapi[all]->-r requirements-dev.txt (line 10))
2025-08-17T02:14:20.9438830Z   Using cached httptools-0.6.4-cp312-cp312-manylinux_2_5_x86_64.manylinux1_x86_64.manylinux_2_17_x86_64.manylinux2014_x86_64.whl.metadata (3.6 kB)
2025-08-17T02:14:20.9850694Z Collecting uvloop>=0.15.1 (from uvicorn[standard]>=0.12.0; extra == "all"->fastapi[all]->-r requirements-dev.txt (line 10))
2025-08-17T02:14:20.9862783Z   Using cached uvloop-0.21.0-cp312-cp312-manylinux_2_17_x86_64.manylinux2014_x86_64.whl.metadata (4.9 kB)
2025-08-17T02:14:21.0545801Z Collecting watchfiles>=0.13 (from uvicorn[standard]>=0.12.0; extra == "all"->fastapi[all]->-r requirements-dev.txt (line 10))
2025-08-17T02:14:21.0559658Z   Using cached watchfiles-1.1.0-cp312-cp312-manylinux_2_17_x86_64.manylinux2014_x86_64.whl.metadata (4.9 kB)
2025-08-17T02:14:21.1424200Z Collecting websockets>=10.4 (from uvicorn[standard]>=0.12.0; extra == "all"->fastapi[all]->-r requirements-dev.txt (line 10))
2025-08-17T02:14:21.1438599Z   Using cached websockets-15.0.1-cp312-cp312-manylinux_2_5_x86_64.manylinux1_x86_64.manylinux_2_17_x86_64.manylinux2014_x86_64.whl.metadata (6.8 kB)
2025-08-17T02:14:21.2190072Z Using cached jinja2-3.1.6-py3-none-any.whl (134 kB)
2025-08-17T02:14:21.2202982Z Using cached alembic-1.13.1-py3-none-any.whl (233 kB)
2025-08-17T02:14:21.2216363Z Using cached APScheduler-3.10.4-py3-none-any.whl (59 kB)
2025-08-17T02:14:21.2228485Z Using cached asyncpg-0.30.0-cp312-cp312-manylinux_2_17_x86_64.manylinux2014_x86_64.whl (3.6 MB)
2025-08-17T02:14:21.2266686Z Using cached black-25.1.0-cp312-cp312-manylinux_2_17_x86_64.manylinux2014_x86_64.manylinux_2_28_x86_64.whl (1.8 MB)
2025-08-17T02:14:21.2291326Z Using cached celery-5.4.0-py3-none-any.whl (425 kB)
2025-08-17T02:14:21.2305857Z Using cached fastapi-0.116.1-py3-none-any.whl (95 kB)
2025-08-17T02:14:21.2318005Z Using cached pydantic-2.11.7-py3-none-any.whl (444 kB)
2025-08-17T02:14:21.2332306Z Using cached IMAPClient-3.0.1-py2.py3-none-any.whl (182 kB)
2025-08-17T02:14:21.2344656Z Using cached mypy_extensions-1.1.0-py3-none-any.whl (5.0 kB)
2025-08-17T02:14:21.2355955Z Using cached openpyxl-3.1.5-py2.py3-none-any.whl (250 kB)
2025-08-17T02:14:21.2369037Z Using cached pandas-2.3.1-cp312-cp312-manylinux_2_17_x86_64.manylinux2014_x86_64.whl (12.0 MB)
2025-08-17T02:14:21.2466036Z Using cached psycopg2_binary-2.9.9-cp312-cp312-manylinux_2_17_x86_64.manylinux2014_x86_64.whl (3.0 MB)
2025-08-17T02:14:21.2498749Z Using cached psycopg-3.2.9-py3-none-any.whl (202 kB)
2025-08-17T02:14:21.2511150Z Using cached pytest_asyncio-0.23.6-py3-none-any.whl (17 kB)
2025-08-17T02:14:21.2522538Z Using cached pytest_cov-6.2.1-py3-none-any.whl (24 kB)
2025-08-17T02:14:21.2533902Z Using cached pytest_postgresql-7.0.2-py3-none-any.whl (41 kB)
2025-08-17T02:14:21.2545306Z Using cached python_telegram_bot-22.2-py3-none-any.whl (708 kB)
2025-08-17T02:14:21.2561186Z Using cached requests-2.32.4-py3-none-any.whl (64 kB)
2025-08-17T02:14:21.2572489Z Using cached respx-0.22.0-py2.py3-none-any.whl (25 kB)
2025-08-17T02:14:21.2584176Z Using cached ruff-0.4.4-py3-none-manylinux_2_17_x86_64.manylinux2014_x86_64.whl (8.7 MB)
2025-08-17T02:14:21.2657479Z Using cached SQLAlchemy-2.0.29-cp312-cp312-manylinux_2_17_x86_64.manylinux2014_x86_64.whl (3.2 MB)
2025-08-17T02:14:21.2691007Z Using cached testcontainers-4.10.0-py3-none-any.whl (107 kB)
2025-08-17T02:14:21.2702756Z Using cached types_requests-2.32.0.20240602-py3-none-any.whl (15 kB)
2025-08-17T02:14:21.2714136Z Using cached docspec_python-2.2.2-py3-none-any.whl (15 kB)
2025-08-17T02:14:21.2725171Z Using cached pydoc_markdown-4.8.2-py3-none-any.whl (67 kB)
2025-08-17T02:14:21.2736368Z Using cached docspec-2.2.1-py3-none-any.whl (9.8 kB)
2025-08-17T02:14:21.2747809Z Using cached psycopg_binary-3.2.9-cp312-cp312-manylinux_2_17_x86_64.manylinux2014_x86_64.whl (4.4 MB)
2025-08-17T02:14:21.2790763Z Using cached pydantic_core-2.33.2-cp312-cp312-manylinux_2_17_x86_64.manylinux2014_x86_64.whl (2.0 MB)
2025-08-17T02:14:21.2815813Z Using cached httpx-0.28.1-py3-none-any.whl (73 kB)
2025-08-17T02:14:21.2827835Z Using cached mypy-1.17.1-cp312-cp312-manylinux2014_x86_64.manylinux_2_17_x86_64.manylinux_2_28_x86_64.whl (12.7 MB)
2025-08-17T02:14:21.2927996Z Using cached billiard-4.2.1-py3-none-any.whl (86 kB)
2025-08-17T02:14:21.2940417Z Using cached charset_normalizer-3.4.3-cp312-cp312-manylinux2014_x86_64.manylinux_2_17_x86_64.manylinux_2_28_x86_64.whl (151 kB)
2025-08-17T02:14:21.2952479Z Using cached click-8.2.1-py3-none-any.whl (102 kB)
2025-08-17T02:14:21.2965249Z Using cached databind.core-4.5.2-py3-none-any.whl (1.5 kB)
2025-08-17T02:14:21.2976368Z Using cached databind-4.5.2-py3-none-any.whl (49 kB)
2025-08-17T02:14:21.2988034Z Using cached databind.json-4.5.2-py3-none-any.whl (1.5 kB)
2025-08-17T02:14:21.2999109Z Using cached Deprecated-1.2.18-py2.py3-none-any.whl (10.0 kB)
2025-08-17T02:14:21.3010435Z Using cached httpcore-1.0.9-py3-none-any.whl (78 kB)
2025-08-17T02:14:21.3021669Z Using cached idna-3.10-py3-none-any.whl (70 kB)
2025-08-17T02:14:21.3033424Z Using cached kombu-5.5.4-py3-none-any.whl (210 kB)
2025-08-17T02:14:21.3045642Z Using cached vine-5.1.0-py3-none-any.whl (9.6 kB)
2025-08-17T02:14:21.3056725Z Using cached amqp-5.3.1-py3-none-any.whl (50 kB)
2025-08-17T02:14:21.3067926Z Using cached nr_date-2.1.0-py3-none-any.whl (10 kB)
2025-08-17T02:14:21.3079001Z Using cached nr_stream-1.1.5-py3-none-any.whl (10 kB)
2025-08-17T02:14:21.3116841Z Using cached nr.util-0.8.12-py3-none-any.whl (90 kB)
2025-08-17T02:14:21.3117576Z Using cached pytest-8.4.1-py3-none-any.whl (365 kB)
2025-08-17T02:14:21.3122789Z Using cached pluggy-1.6.0-py3-none-any.whl (20 kB)
2025-08-17T02:14:21.3134716Z Using cached PyYAML-6.0.2-cp312-cp312-manylinux_2_17_x86_64.manylinux2014_x86_64.whl (767 kB)
2025-08-17T02:14:21.3150990Z Using cached starlette-0.47.2-py3-none-any.whl (72 kB)
2025-08-17T02:14:21.3162618Z Using cached anyio-4.10.0-py3-none-any.whl (107 kB)
2025-08-17T02:14:21.3174770Z Using cached tomli-2.2.1-cp312-cp312-manylinux_2_17_x86_64.manylinux2014_x86_64.whl (242 kB)
2025-08-17T02:14:21.3187278Z Using cached tomli_w-1.2.0-py3-none-any.whl (6.7 kB)
2025-08-17T02:14:21.3198473Z Using cached typeapi-2.2.4-py3-none-any.whl (26 kB)
2025-08-17T02:14:21.3210065Z Using cached typing_extensions-4.14.1-py3-none-any.whl (43 kB)
2025-08-17T02:14:21.3222075Z Using cached urllib3-2.5.0-py3-none-any.whl (129 kB)
2025-08-17T02:14:21.3234440Z Using cached wrapt-1.17.3-cp312-cp312-manylinux1_x86_64.manylinux_2_28_x86_64.manylinux_2_5_x86_64.whl (88 kB)
2025-08-17T02:14:21.3302720Z Downloading boto3-1.40.11-py3-none-any.whl (140 kB)
2025-08-17T02:14:21.3422927Z Downloading botocore-1.40.11-py3-none-any.whl (14.0 MB)
2025-08-17T02:14:21.4011411Z    ━━━━━━━━━━━━━━━━━━━━━━━━━━━━━━━━━━━━━━━━ 14.0/14.0 MB 248.7 MB/s  0:00:00
2025-08-17T02:14:21.4024785Z Using cached jmespath-1.0.1-py3-none-any.whl (20 kB)
2025-08-17T02:14:21.4037244Z Using cached python_dateutil-2.9.0.post0-py2.py3-none-any.whl (229 kB)
2025-08-17T02:14:21.4050051Z Using cached s3transfer-0.13.1-py3-none-any.whl (85 kB)
2025-08-17T02:14:21.4062021Z Using cached itsdangerous-2.2.0-py3-none-any.whl (16 kB)
2025-08-17T02:14:21.4073801Z Using cached setuptools-80.9.0-py3-none-any.whl (1.2 MB)
2025-08-17T02:14:21.4093762Z Using cached python_dotenv-1.1.1-py3-none-any.whl (20 kB)
2025-08-17T02:14:21.4105294Z Using cached python_multipart-0.0.20-py3-none-any.whl (24 kB)
2025-08-17T02:14:21.4116750Z Using cached annotated_types-0.7.0-py3-none-any.whl (13 kB)
2025-08-17T02:14:21.4128012Z Using cached certifi-2025.8.3-py3-none-any.whl (161 kB)
2025-08-17T02:14:21.4140276Z Using cached click_didyoumean-0.3.1-py3-none-any.whl (3.6 kB)
2025-08-17T02:14:21.4151646Z Using cached click_plugins-1.1.1.2-py2.py3-none-any.whl (11 kB)
2025-08-17T02:14:21.4163300Z Using cached click_repl-0.3.0-py3-none-any.whl (10 kB)
2025-08-17T02:14:21.4217551Z Downloading coverage-7.10.4-cp312-cp312-manylinux1_x86_64.manylinux_2_28_x86_64.manylinux_2_5_x86_64.whl (251 kB)
2025-08-17T02:14:21.4260182Z Using cached email_validator-2.2.0-py3-none-any.whl (33 kB)
2025-08-17T02:14:21.4271812Z Using cached dnspython-2.7.0-py3-none-any.whl (313 kB)
2025-08-17T02:14:21.4285369Z Using cached fastapi_cli-0.0.8-py3-none-any.whl (10 kB)
2025-08-17T02:14:21.4296631Z Using cached fastapi_cloud_cli-0.1.5-py3-none-any.whl (18 kB)
2025-08-17T02:14:21.4308410Z Using cached greenlet-3.2.4-cp312-cp312-manylinux_2_24_x86_64.manylinux_2_28_x86_64.whl (607 kB)
2025-08-17T02:14:21.4324456Z Using cached h11-0.16.0-py3-none-any.whl (37 kB)
2025-08-17T02:14:21.4335979Z Using cached iniconfig-2.1.0-py3-none-any.whl (6.0 kB)
2025-08-17T02:14:21.4347698Z Using cached MarkupSafe-3.0.2-cp312-cp312-manylinux_2_17_x86_64.manylinux2014_x86_64.whl (23 kB)
2025-08-17T02:14:21.4359042Z Using cached mirakuru-2.6.1-py3-none-any.whl (26 kB)
2025-08-17T02:14:21.4370759Z Using cached numpy-2.3.2-cp312-cp312-manylinux_2_27_x86_64.manylinux_2_28_x86_64.whl (16.6 MB)
2025-08-17T02:14:21.4500926Z Using cached orjson-3.11.2-cp312-cp312-manylinux_2_17_x86_64.manylinux2014_x86_64.whl (121 kB)
2025-08-17T02:14:21.4512562Z Using cached packaging-25.0-py3-none-any.whl (66 kB)
2025-08-17T02:14:21.4524277Z Using cached pathspec-0.12.1-py3-none-any.whl (31 kB)
2025-08-17T02:14:21.4535824Z Using cached platformdirs-4.3.8-py3-none-any.whl (18 kB)
2025-08-17T02:14:21.4547069Z Using cached port_for-0.7.4-py3-none-any.whl (21 kB)
2025-08-17T02:14:21.4558459Z Using cached prompt_toolkit-3.0.51-py3-none-any.whl (387 kB)
2025-08-17T02:14:21.4573010Z Using cached psutil-7.0.0-cp36-abi3-manylinux_2_12_x86_64.manylinux2010_x86_64.manylinux_2_17_x86_64.manylinux2014_x86_64.whl (277 kB)
2025-08-17T02:14:21.4586069Z Using cached pydantic_extra_types-2.10.5-py3-none-any.whl (38 kB)
2025-08-17T02:14:21.4597583Z Using cached pydantic_settings-2.10.1-py3-none-any.whl (45 kB)
2025-08-17T02:14:21.4608993Z Using cached pygments-2.19.2-py3-none-any.whl (1.2 MB)
2025-08-17T02:14:21.4628945Z Using cached pytz-2025.2-py2.py3-none-any.whl (509 kB)
2025-08-17T02:14:21.4643556Z Using cached rich_toolkit-0.15.0-py3-none-any.whl (29 kB)
2025-08-17T02:14:21.4654930Z Using cached rich-14.1.0-py3-none-any.whl (243 kB)
2025-08-17T02:14:21.4667628Z Using cached markdown_it_py-4.0.0-py3-none-any.whl (87 kB)
2025-08-17T02:14:21.4679243Z Using cached mdurl-0.1.2-py3-none-any.whl (10.0 kB)
2025-08-17T02:14:21.4690744Z Using cached rignore-0.6.4-cp312-cp312-manylinux_2_17_x86_64.manylinux2014_x86_64.whl (949 kB)
2025-08-17T02:14:21.4735808Z Downloading sentry_sdk-2.35.0-py2.py3-none-any.whl (363 kB)
2025-08-17T02:14:21.4792910Z Using cached six-1.17.0-py2.py3-none-any.whl (11 kB)
2025-08-17T02:14:21.4804356Z Using cached sniffio-1.3.1-py3-none-any.whl (10 kB)
2025-08-17T02:14:21.4815689Z Using cached typer-0.16.0-py3-none-any.whl (46 kB)
2025-08-17T02:14:21.4827165Z Using cached shellingham-1.5.4-py2.py3-none-any.whl (9.8 kB)
2025-08-17T02:14:21.4838435Z Using cached typing_inspection-0.4.1-py3-none-any.whl (14 kB)
2025-08-17T02:14:21.4849688Z Using cached tzdata-2025.2-py2.py3-none-any.whl (347 kB)
2025-08-17T02:14:21.4863198Z Using cached tzlocal-5.3.1-py3-none-any.whl (18 kB)
2025-08-17T02:14:21.4874883Z Using cached ujson-5.10.0-cp312-cp312-manylinux_2_17_x86_64.manylinux2014_x86_64.whl (53 kB)
2025-08-17T02:14:21.4886185Z Using cached uvicorn-0.35.0-py3-none-any.whl (66 kB)
2025-08-17T02:14:21.4898572Z Using cached httptools-0.6.4-cp312-cp312-manylinux_2_5_x86_64.manylinux1_x86_64.manylinux_2_17_x86_64.manylinux2014_x86_64.whl (510 kB)
2025-08-17T02:14:21.4913208Z Using cached uvloop-0.21.0-cp312-cp312-manylinux_2_17_x86_64.manylinux2014_x86_64.whl (4.7 MB)
2025-08-17T02:14:21.4957072Z Using cached watchfiles-1.1.0-cp312-cp312-manylinux_2_17_x86_64.manylinux2014_x86_64.whl (452 kB)
2025-08-17T02:14:21.4971724Z Using cached websockets-15.0.1-cp312-cp312-manylinux_2_5_x86_64.manylinux1_x86_64.manylinux_2_17_x86_64.manylinux2014_x86_64.whl (182 kB)
2025-08-17T02:14:21.4984078Z Using cached yapf-0.43.0-py3-none-any.whl (256 kB)
2025-08-17T02:14:21.4996856Z Using cached docker-7.1.0-py3-none-any.whl (147 kB)
2025-08-17T02:14:21.5008858Z Using cached et_xmlfile-2.0.0-py3-none-any.whl (18 kB)
2025-08-17T02:14:21.5020041Z Using cached mako-1.3.10-py3-none-any.whl (78 kB)
2025-08-17T02:14:21.5031754Z Using cached watchdog-6.0.0-py3-none-manylinux2014_x86_64.whl (79 kB)
2025-08-17T02:14:21.5043630Z Using cached wcwidth-0.2.13-py2.py3-none-any.whl (34 kB)
2025-08-17T02:14:21.9385983Z Installing collected packages: wcwidth, pytz, wrapt, websockets, watchdog, vine, uvloop, urllib3, ujson, tzlocal, tzdata, typing-extensions, tomli_w, tomli, sniffio, six, shellingham, setuptools, ruff, rignore, PyYAML, python-multipart, python-dotenv, pygments, psycopg2-binary, psycopg-binary, psutil, prompt-toolkit, port-for, pluggy, platformdirs, pathspec, packaging, orjson, numpy, nr-stream, nr-date, mypy-extensions, mdurl, MarkupSafe, jmespath, itsdangerous, iniconfig, imapclient, idna, httptools, h11, greenlet, et-xmlfile, docstring-parser, dnspython, coverage, click, charset_normalizer, certifi, billiard, asyncpg, annotated-types, yapf, uvicorn, typing-inspection, types-requests, typeapi, sqlalchemy, sentry-sdk, requests, python-dateutil, pytest, pydantic-core, psycopg, openpyxl, mypy, mirakuru, markdown-it-py, Mako, Jinja2, httpcore, email-validator, Deprecated, click-repl, click-plugins, click-didyoumean, black, apscheduler, anyio, amqp, watchfiles, starlette, rich, pytest-postgresql, pytest-cov, pytest-asyncio, pydantic, pandas, nr-util, kombu, httpx, docker, databind, botocore, alembic, typer, testcontainers, s3transfer, rich-toolkit, respx, python-telegram-bot, pydantic-settings, pydantic-extra-types, fastapi, databind.json, databind.core, celery, fastapi-cloud-cli, fastapi-cli, docspec, boto3, docspec-python, pydoc-markdown
2025-08-17T02:14:39.6077554Z 
2025-08-17T02:14:39.6185035Z Successfully installed Deprecated-1.2.18 Jinja2-3.1.6 Mako-1.3.10 MarkupSafe-3.0.2 PyYAML-6.0.2 alembic-1.13.1 amqp-5.3.1 annotated-types-0.7.0 anyio-4.10.0 apscheduler-3.10.4 asyncpg-0.30.0 billiard-4.2.1 black-25.1.0 boto3-1.40.11 botocore-1.40.11 celery-5.4.0 certifi-2025.8.3 charset_normalizer-3.4.3 click-8.2.1 click-didyoumean-0.3.1 click-plugins-1.1.1.2 click-repl-0.3.0 coverage-7.10.4 databind-4.5.2 databind.core-4.5.2 databind.json-4.5.2 dnspython-2.7.0 docker-7.1.0 docspec-2.2.1 docspec-python-2.2.2 docstring-parser-0.11 email-validator-2.2.0 et-xmlfile-2.0.0 fastapi-0.116.1 fastapi-cli-0.0.8 fastapi-cloud-cli-0.1.5 greenlet-3.2.4 h11-0.16.0 httpcore-1.0.9 httptools-0.6.4 httpx-0.28.1 idna-3.10 imapclient-3.0.1 iniconfig-2.1.0 itsdangerous-2.2.0 jmespath-1.0.1 kombu-5.5.4 markdown-it-py-4.0.0 mdurl-0.1.2 mirakuru-2.6.1 mypy-1.17.1 mypy-extensions-1.1.0 nr-date-2.1.0 nr-stream-1.1.5 nr-util-0.8.12 numpy-2.3.2 openpyxl-3.1.5 orjson-3.11.2 packaging-25.0 pandas-2.3.1 pathspec-0.12.1 platformdirs-4.3.8 pluggy-1.6.0 port-for-0.7.4 prompt-toolkit-3.0.51 psutil-7.0.0 psycopg-3.2.9 psycopg-binary-3.2.9 psycopg2-binary-2.9.9 pydantic-2.11.7 pydantic-core-2.33.2 pydantic-extra-types-2.10.5 pydantic-settings-2.10.1 pydoc-markdown-4.8.2 pygments-2.19.2 pytest-8.4.1 pytest-asyncio-0.23.6 pytest-cov-6.2.1 pytest-postgresql-7.0.2 python-dateutil-2.9.0.post0 python-dotenv-1.1.1 python-multipart-0.0.20 python-telegram-bot-22.2 pytz-2025.2 requests-2.32.4 respx-0.22.0 rich-14.1.0 rich-toolkit-0.15.0 rignore-0.6.4 ruff-0.4.4 s3transfer-0.13.1 sentry-sdk-2.35.0 setuptools-80.9.0 shellingham-1.5.4 six-1.17.0 sniffio-1.3.1 sqlalchemy-2.0.29 starlette-0.47.2 testcontainers-4.10.0 tomli-2.2.1 tomli_w-1.2.0 typeapi-2.2.4 typer-0.16.0 types-requests-2.32.0.20240602 typing-extensions-4.14.1 typing-inspection-0.4.1 tzdata-2025.2 tzlocal-5.3.1 ujson-5.10.0 urllib3-2.5.0 uvicorn-0.35.0 uvloop-0.21.0 vine-5.1.0 watchdog-6.0.0 watchfiles-1.1.0 wcwidth-0.2.13 websockets-15.0.1 wrapt-1.17.3 yapf-0.43.0
2025-08-17T02:14:40.8060674Z Collecting keepa==1.3.15
2025-08-17T02:14:40.8074183Z   Using cached keepa-1.3.15-py3-none-any.whl.metadata (11 kB)
2025-08-17T02:14:40.8376944Z Collecting minio==7.1.15
2025-08-17T02:14:40.8389458Z   Using cached minio-7.1.15-py3-none-any.whl.metadata (4.2 kB)
2025-08-17T02:14:40.8413210Z Requirement already satisfied: numpy>=1.9.3 in /opt/hostedtoolcache/Python/3.12.11/x64/lib/python3.12/site-packages (from keepa==1.3.15) (2.3.2)
2025-08-17T02:14:40.8419832Z Requirement already satisfied: requests>=2.2 in /opt/hostedtoolcache/Python/3.12.11/x64/lib/python3.12/site-packages (from keepa==1.3.15) (2.32.4)
2025-08-17T02:14:40.8757331Z Collecting tqdm (from keepa==1.3.15)
2025-08-17T02:14:40.8769702Z   Using cached tqdm-4.67.1-py3-none-any.whl.metadata (57 kB)
2025-08-17T02:14:41.3606423Z Collecting aiohttp (from keepa==1.3.15)
2025-08-17T02:14:41.3620783Z   Using cached aiohttp-3.12.15-cp312-cp312-manylinux_2_17_x86_64.manylinux2014_x86_64.whl.metadata (7.7 kB)
2025-08-17T02:14:41.3656856Z Requirement already satisfied: pandas<=3.0 in /opt/hostedtoolcache/Python/3.12.11/x64/lib/python3.12/site-packages (from keepa==1.3.15) (2.3.1)
2025-08-17T02:14:41.3661551Z Requirement already satisfied: pydantic in /opt/hostedtoolcache/Python/3.12.11/x64/lib/python3.12/site-packages (from keepa==1.3.15) (2.11.7)
2025-08-17T02:14:41.3669935Z Requirement already satisfied: certifi in /opt/hostedtoolcache/Python/3.12.11/x64/lib/python3.12/site-packages (from minio==7.1.15) (2025.8.3)
2025-08-17T02:14:41.3674321Z Requirement already satisfied: urllib3 in /opt/hostedtoolcache/Python/3.12.11/x64/lib/python3.12/site-packages (from minio==7.1.15) (2.5.0)
2025-08-17T02:14:41.3727753Z Requirement already satisfied: python-dateutil>=2.8.2 in /opt/hostedtoolcache/Python/3.12.11/x64/lib/python3.12/site-packages (from pandas<=3.0->keepa==1.3.15) (2.9.0.post0)
2025-08-17T02:14:41.3733717Z Requirement already satisfied: pytz>=2020.1 in /opt/hostedtoolcache/Python/3.12.11/x64/lib/python3.12/site-packages (from pandas<=3.0->keepa==1.3.15) (2025.2)
2025-08-17T02:14:41.3739452Z Requirement already satisfied: tzdata>=2022.7 in /opt/hostedtoolcache/Python/3.12.11/x64/lib/python3.12/site-packages (from pandas<=3.0->keepa==1.3.15) (2025.2)
2025-08-17T02:14:41.3869142Z Requirement already satisfied: six>=1.5 in /opt/hostedtoolcache/Python/3.12.11/x64/lib/python3.12/site-packages (from python-dateutil>=2.8.2->pandas<=3.0->keepa==1.3.15) (1.17.0)
2025-08-17T02:14:41.3889095Z Requirement already satisfied: charset_normalizer<4,>=2 in /opt/hostedtoolcache/Python/3.12.11/x64/lib/python3.12/site-packages (from requests>=2.2->keepa==1.3.15) (3.4.3)
2025-08-17T02:14:41.3896282Z Requirement already satisfied: idna<4,>=2.5 in /opt/hostedtoolcache/Python/3.12.11/x64/lib/python3.12/site-packages (from requests>=2.2->keepa==1.3.15) (3.10)
2025-08-17T02:14:41.4088449Z Collecting aiohappyeyeballs>=2.5.0 (from aiohttp->keepa==1.3.15)
2025-08-17T02:14:41.4100862Z   Using cached aiohappyeyeballs-2.6.1-py3-none-any.whl.metadata (5.9 kB)
2025-08-17T02:14:41.4192569Z Collecting aiosignal>=1.4.0 (from aiohttp->keepa==1.3.15)
2025-08-17T02:14:41.4204594Z   Using cached aiosignal-1.4.0-py3-none-any.whl.metadata (3.7 kB)
2025-08-17T02:14:41.4346835Z Collecting attrs>=17.3.0 (from aiohttp->keepa==1.3.15)
2025-08-17T02:14:41.4359435Z   Using cached attrs-25.3.0-py3-none-any.whl.metadata (10 kB)
2025-08-17T02:14:41.5031598Z Collecting frozenlist>=1.1.1 (from aiohttp->keepa==1.3.15)
2025-08-17T02:14:41.5046572Z   Using cached frozenlist-1.7.0-cp312-cp312-manylinux_2_5_x86_64.manylinux1_x86_64.manylinux_2_17_x86_64.manylinux2014_x86_64.whl.metadata (18 kB)
2025-08-17T02:14:41.7520513Z Collecting multidict<7.0,>=4.5 (from aiohttp->keepa==1.3.15)
2025-08-17T02:14:41.7535118Z   Using cached multidict-6.6.4-cp312-cp312-manylinux2014_x86_64.manylinux_2_17_x86_64.manylinux_2_28_x86_64.whl.metadata (5.3 kB)
2025-08-17T02:14:41.7950682Z Collecting propcache>=0.2.0 (from aiohttp->keepa==1.3.15)
2025-08-17T02:14:41.7964933Z   Using cached propcache-0.3.2-cp312-cp312-manylinux_2_17_x86_64.manylinux2014_x86_64.whl.metadata (12 kB)
2025-08-17T02:14:42.0385390Z Collecting yarl<2.0,>=1.17.0 (from aiohttp->keepa==1.3.15)
2025-08-17T02:14:42.0400272Z   Using cached yarl-1.20.1-cp312-cp312-manylinux_2_17_x86_64.manylinux2014_x86_64.whl.metadata (73 kB)
2025-08-17T02:14:42.0642811Z Requirement already satisfied: typing-extensions>=4.2 in /opt/hostedtoolcache/Python/3.12.11/x64/lib/python3.12/site-packages (from aiosignal>=1.4.0->aiohttp->keepa==1.3.15) (4.14.1)
2025-08-17T02:14:42.0698230Z Requirement already satisfied: annotated-types>=0.6.0 in /opt/hostedtoolcache/Python/3.12.11/x64/lib/python3.12/site-packages (from pydantic->keepa==1.3.15) (0.7.0)
2025-08-17T02:14:42.0704970Z Requirement already satisfied: pydantic-core==2.33.2 in /opt/hostedtoolcache/Python/3.12.11/x64/lib/python3.12/site-packages (from pydantic->keepa==1.3.15) (2.33.2)
2025-08-17T02:14:42.0713988Z Requirement already satisfied: typing-inspection>=0.4.0 in /opt/hostedtoolcache/Python/3.12.11/x64/lib/python3.12/site-packages (from pydantic->keepa==1.3.15) (0.4.1)
2025-08-17T02:14:42.0783262Z Using cached keepa-1.3.15-py3-none-any.whl (38 kB)
2025-08-17T02:14:42.0796854Z Using cached minio-7.1.15-py3-none-any.whl (77 kB)
2025-08-17T02:14:42.0810644Z Using cached aiohttp-3.12.15-cp312-cp312-manylinux_2_17_x86_64.manylinux2014_x86_64.whl (1.7 MB)
2025-08-17T02:14:42.0836585Z Using cached multidict-6.6.4-cp312-cp312-manylinux2014_x86_64.manylinux_2_17_x86_64.manylinux_2_28_x86_64.whl (256 kB)
2025-08-17T02:14:42.0850695Z Using cached yarl-1.20.1-cp312-cp312-manylinux_2_17_x86_64.manylinux2014_x86_64.whl (355 kB)
2025-08-17T02:14:42.0865690Z Using cached aiohappyeyeballs-2.6.1-py3-none-any.whl (15 kB)
2025-08-17T02:14:42.0877934Z Using cached aiosignal-1.4.0-py3-none-any.whl (7.5 kB)
2025-08-17T02:14:42.0889975Z Using cached attrs-25.3.0-py3-none-any.whl (63 kB)
2025-08-17T02:14:42.0902991Z Using cached frozenlist-1.7.0-cp312-cp312-manylinux_2_5_x86_64.manylinux1_x86_64.manylinux_2_17_x86_64.manylinux2014_x86_64.whl (241 kB)
2025-08-17T02:14:42.0916568Z Using cached propcache-0.3.2-cp312-cp312-manylinux_2_17_x86_64.manylinux2014_x86_64.whl (224 kB)
2025-08-17T02:14:42.0929806Z Using cached tqdm-4.67.1-py3-none-any.whl (78 kB)
2025-08-17T02:14:42.2659176Z Installing collected packages: tqdm, propcache, multidict, minio, frozenlist, attrs, aiohappyeyeballs, yarl, aiosignal, aiohttp, keepa
2025-08-17T02:14:42.6999288Z 
2025-08-17T02:14:42.7105631Z Successfully installed aiohappyeyeballs-2.6.1 aiohttp-3.12.15 aiosignal-1.4.0 attrs-25.3.0 frozenlist-1.7.0 keepa-1.3.15 minio-7.1.15 multidict-6.6.4 propcache-0.3.2 tqdm-4.67.1 yarl-1.20.1
2025-08-17T02:14:42.8958103Z ##[group]Run ruff check .
2025-08-17T02:14:42.8958373Z [36;1mruff check .[0m
2025-08-17T02:14:42.8958590Z [36;1mruff format --check .[0m
2025-08-17T02:14:42.9007580Z shell: /usr/bin/bash -e {0}
2025-08-17T02:14:42.9007993Z env:
2025-08-17T02:14:42.9008167Z   PG_USER: postgres
2025-08-17T02:14:42.9008363Z   PG_PASSWORD: pass
2025-08-17T02:14:42.9008552Z   PG_DATABASE: awa
2025-08-17T02:14:42.9008734Z   PG_HOST: localhost
2025-08-17T02:14:42.9008919Z   PG_PORT: 5432
2025-08-17T02:14:42.9009566Z   PG_SYNC_DSN: ***localhost:5432/awa
2025-08-17T02:14:42.9009996Z   PG_ASYNC_DSN: ***localhost:5432/awa
2025-08-17T02:14:42.9010377Z   DATABASE_URL: ***localhost:5432/awa
2025-08-17T02:14:42.9010610Z   DATA_DIR: /tmp/awa-data
2025-08-17T02:14:42.9010811Z   ENABLE_LIVE: 0
2025-08-17T02:14:42.9010978Z   TESTING: 1
2025-08-17T02:14:42.9011209Z   pythonLocation: /opt/hostedtoolcache/Python/3.12.11/x64
2025-08-17T02:14:42.9011634Z   PKG_CONFIG_PATH: /opt/hostedtoolcache/Python/3.12.11/x64/lib/pkgconfig
2025-08-17T02:14:42.9012246Z   Python_ROOT_DIR: /opt/hostedtoolcache/Python/3.12.11/x64
2025-08-17T02:14:42.9012596Z   Python2_ROOT_DIR: /opt/hostedtoolcache/Python/3.12.11/x64
2025-08-17T02:14:42.9012952Z   Python3_ROOT_DIR: /opt/hostedtoolcache/Python/3.12.11/x64
2025-08-17T02:14:42.9013295Z   LD_LIBRARY_PATH: /opt/hostedtoolcache/Python/3.12.11/x64/lib
2025-08-17T02:14:42.9013577Z ##[endgroup]
2025-08-17T02:14:42.9274298Z All checks passed!
2025-08-17T02:14:42.9494474Z Would reformat: services/logistics_etl/dsn.py
2025-08-17T02:14:42.9495195Z 1 file would be reformatted, 192 files already formatted
2025-08-17T02:14:42.9524791Z ##[error]Process completed with exit code 1.
2025-08-17T02:14:42.9656934Z Post job cleanup.
2025-08-17T02:14:43.0617444Z [command]/usr/bin/git version
2025-08-17T02:14:43.0654742Z git version 2.50.1
2025-08-17T02:14:43.0697400Z Temporarily overriding HOME='/home/runner/work/_temp/4937dc85-22fe-40ea-83cd-0a66326dc299' before making global git config changes
2025-08-17T02:14:43.0698680Z Adding repository directory to the temporary git global config as a safe directory
2025-08-17T02:14:43.0710080Z [command]/usr/bin/git config --global --add safe.directory /home/runner/work/AWA-App/AWA-App
2025-08-17T02:14:43.0744830Z [command]/usr/bin/git config --local --name-only --get-regexp core\.sshCommand
2025-08-17T02:14:43.0776852Z [command]/usr/bin/git submodule foreach --recursive sh -c "git config --local --name-only --get-regexp 'core\.sshCommand' && git config --local --unset-all 'core.sshCommand' || :"
2025-08-17T02:14:43.1014449Z [command]/usr/bin/git config --local --name-only --get-regexp http\.https\:\/\/github\.com\/\.extraheader
2025-08-17T02:14:43.1039850Z http.https://github.com/.extraheader
2025-08-17T02:14:43.1054240Z [command]/usr/bin/git config --local --unset-all http.https://github.com/.extraheader
2025-08-17T02:14:43.1087083Z [command]/usr/bin/git submodule foreach --recursive sh -c "git config --local --name-only --get-regexp 'http\.https\:\/\/github\.com\/\.extraheader' && git config --local --unset-all 'http.https://github.com/.extraheader' || :"
2025-08-17T02:14:43.1398617Z Print service container logs: f3d526a7bc784d83a11f43cdc7278b91_postgres15_9f4fde
2025-08-17T02:14:43.1403374Z ##[command]/usr/bin/docker logs --details 75a8525d20a7fbd92c7e047f4c1f524ba0a4aa8f5c65f847761df9881176dc14
2025-08-17T02:14:43.1525730Z  The files belonging to this database system will be owned by user "postgres".
2025-08-17T02:14:43.1527944Z  initdb: warning: enabling "trust" authentication for local connections
2025-08-17T02:14:43.1529024Z  initdb: hint: You can change this by editing pg_hba.conf or using the option -A, or --auth-local and --auth-host, the next time you run initdb.
2025-08-17T02:14:43.1530437Z  2025-08-17 02:14:03.317 UTC [1] LOG:  starting PostgreSQL 15.14 (Debian 15.14-1.pgdg13+1) on x86_64-pc-linux-gnu, compiled by gcc (Debian 14.2.0-19) 14.2.0, 64-bit
2025-08-17T02:14:43.1531494Z  2025-08-17 02:14:03.317 UTC [1] LOG:  listening on IPv4 address "0.0.0.0", port 5432
2025-08-17T02:14:43.1532479Z  2025-08-17 02:14:03.317 UTC [1] LOG:  listening on IPv6 address "::", port 5432
2025-08-17T02:14:43.1533254Z  2025-08-17 02:14:03.318 UTC [1] LOG:  listening on Unix socket "/var/run/postgresql/.s.PGSQL.5432"
2025-08-17T02:14:43.1534333Z  2025-08-17 02:14:03.320 UTC [64] LOG:  database system was shut down at 2025-08-17 02:14:03 UTC
2025-08-17T02:14:43.1535069Z  2025-08-17 02:14:03.324 UTC [1] LOG:  database system is ready to accept connections
2025-08-17T02:14:43.1535675Z  This user must also own the server process.
2025-08-17T02:14:43.1536090Z  
2025-08-17T02:14:43.1536502Z  The database cluster will be initialized with locale "en_US.utf8".
2025-08-17T02:14:43.1537175Z  The default database encoding has accordingly been set to "UTF8".
2025-08-17T02:14:43.1537823Z  The default text search configuration will be set to "english".
2025-08-17T02:14:43.1538321Z  
2025-08-17T02:14:43.1538603Z  Data page checksums are disabled.
2025-08-17T02:14:43.1538975Z  
2025-08-17T02:14:43.1539434Z  fixing permissions on existing directory /var/lib/postgresql/data ... ok
2025-08-17T02:14:43.1540054Z  creating subdirectories ... ok
2025-08-17T02:14:43.1540525Z  selecting dynamic shared memory implementation ... posix
2025-08-17T02:14:43.1541060Z  selecting default max_connections ... 100
2025-08-17T02:14:43.1541519Z  selecting default shared_buffers ... 128MB
2025-08-17T02:14:43.1542112Z  selecting default time zone ... Etc/UTC
2025-08-17T02:14:43.1542540Z  creating configuration files ... ok
2025-08-17T02:14:43.1542961Z  running bootstrap script ... ok
2025-08-17T02:14:43.1543410Z  performing post-bootstrap initialization ... ok
2025-08-17T02:14:43.1544336Z  syncing data to disk ... ok
2025-08-17T02:14:43.1544707Z  
2025-08-17T02:14:43.1544953Z  
2025-08-17T02:14:43.1545236Z  Success. You can now start the database server using:
2025-08-17T02:14:43.1545715Z  
2025-08-17T02:14:43.1546069Z      pg_ctl -D /var/lib/postgresql/data -l logfile start
2025-08-17T02:14:43.1546513Z  
2025-08-17T02:14:43.1547076Z  waiting for server to start....2025-08-17 02:14:03.012 UTC [48] LOG:  starting PostgreSQL 15.14 (Debian 15.14-1.pgdg13+1) on x86_64-pc-linux-gnu, compiled by gcc (Debian 14.2.0-19) 14.2.0, 64-bit
2025-08-17T02:14:43.1547856Z  2025-08-17 02:14:03.013 UTC [48] LOG:  listening on Unix socket "/var/run/postgresql/.s.PGSQL.5432"
2025-08-17T02:14:43.1548358Z  2025-08-17 02:14:03.015 UTC [51] LOG:  database system was shut down at 2025-08-17 02:14:02 UTC
2025-08-17T02:14:43.1548817Z  2025-08-17 02:14:03.019 UTC [48] LOG:  database system is ready to accept connections
2025-08-17T02:14:43.1549140Z   done
2025-08-17T02:14:43.1549299Z  server started
2025-08-17T02:14:43.1549474Z  CREATE DATABASE
2025-08-17T02:14:43.1549636Z  
2025-08-17T02:14:43.1549781Z  
2025-08-17T02:14:43.1550077Z  /usr/local/bin/docker-entrypoint.sh: ignoring /docker-entrypoint-initdb.d/*
2025-08-17T02:14:43.1550439Z  
2025-08-17T02:14:43.1550663Z  2025-08-17 02:14:03.198 UTC [48] LOG:  received fast shutdown request
2025-08-17T02:14:43.1551358Z  waiting for server to shut down....2025-08-17 02:14:03.198 UTC [48] LOG:  aborting any active transactions
2025-08-17T02:14:43.1552191Z  2025-08-17 02:14:03.200 UTC [48] LOG:  background worker "logical replication launcher" (PID 54) exited with exit code 1
2025-08-17T02:14:43.1552675Z  2025-08-17 02:14:03.200 UTC [49] LOG:  shutting down
2025-08-17T02:14:43.1553027Z  2025-08-17 02:14:03.200 UTC [49] LOG:  checkpoint starting: shutdown immediate
2025-08-17T02:14:43.1553849Z  2025-08-17 02:14:03.217 UTC [49] LOG:  checkpoint complete: wrote 922 buffers (5.6%); 0 WAL file(s) added, 0 removed, 0 recycled; write=0.014 s, sync=0.002 s, total=0.018 s; sync files=301, longest=0.001 s, average=0.001 s; distance=4239 kB, estimate=4239 kB
2025-08-17T02:14:43.1554662Z  2025-08-17 02:14:03.224 UTC [48] LOG:  database system is shut down
2025-08-17T02:14:43.1554946Z   done
2025-08-17T02:14:43.1555105Z  server stopped
2025-08-17T02:14:43.1555272Z  
2025-08-17T02:14:43.1555484Z  PostgreSQL init process complete; ready for start up.
2025-08-17T02:14:43.1555763Z  
2025-08-17T02:14:43.1560885Z Stop and remove container: f3d526a7bc784d83a11f43cdc7278b91_postgres15_9f4fde
2025-08-17T02:14:43.1566103Z ##[command]/usr/bin/docker rm --force 75a8525d20a7fbd92c7e047f4c1f524ba0a4aa8f5c65f847761df9881176dc14
2025-08-17T02:14:43.4779789Z 75a8525d20a7fbd92c7e047f4c1f524ba0a4aa8f5c65f847761df9881176dc14
2025-08-17T02:14:43.4807553Z Remove container network: github_network_ee64577287664cecac1a461791ed8359
2025-08-17T02:14:43.4812357Z ##[command]/usr/bin/docker network rm github_network_ee64577287664cecac1a461791ed8359
2025-08-17T02:14:43.6019060Z github_network_ee64577287664cecac1a461791ed8359
2025-08-17T02:14:43.6080836Z Cleaning up orphan processes
