2025-08-20T21:25:16.5296115Z Current runner version: '2.328.0'
2025-08-20T21:25:16.5319199Z ##[group]Runner Image Provisioner
2025-08-20T21:25:16.5320039Z Hosted Compute Agent
2025-08-20T21:25:16.5320664Z Version: 20250818.377
2025-08-20T21:25:16.5321255Z Commit: 3c593e9f75fe0b87e893bca80d6e12ba089c61fc
2025-08-20T21:25:16.5321980Z Build Date: 2025-08-18T14:52:18Z
2025-08-20T21:25:16.5322515Z ##[endgroup]
2025-08-20T21:25:16.5323115Z ##[group]Operating System
2025-08-20T21:25:16.5323635Z Ubuntu
2025-08-20T21:25:16.5324104Z 24.04.2
2025-08-20T21:25:16.5324610Z LTS
2025-08-20T21:25:16.5325108Z ##[endgroup]
2025-08-20T21:25:16.5325558Z ##[group]Runner Image
2025-08-20T21:25:16.5326156Z Image: ubuntu-24.04
2025-08-20T21:25:16.5326662Z Version: 20250818.1.0
2025-08-20T21:25:16.5327629Z Included Software: https://github.com/actions/runner-images/blob/ubuntu24/20250818.1/images/ubuntu/Ubuntu2404-Readme.md
2025-08-20T21:25:16.5329936Z Image Release: https://github.com/actions/runner-images/releases/tag/ubuntu24%2F20250818.1
2025-08-20T21:25:16.5330888Z ##[endgroup]
2025-08-20T21:25:16.5333369Z ##[group]GITHUB_TOKEN Permissions
2025-08-20T21:25:16.5335435Z Actions: write
2025-08-20T21:25:16.5336092Z Attestations: write
2025-08-20T21:25:16.5336588Z Checks: write
2025-08-20T21:25:16.5337078Z Contents: write
2025-08-20T21:25:16.5337584Z Deployments: write
2025-08-20T21:25:16.5338350Z Discussions: write
2025-08-20T21:25:16.5338857Z Issues: write
2025-08-20T21:25:16.5339378Z Metadata: read
2025-08-20T21:25:16.5339841Z Models: read
2025-08-20T21:25:16.5340321Z Packages: write
2025-08-20T21:25:16.5340774Z Pages: write
2025-08-20T21:25:16.5341369Z PullRequests: write
2025-08-20T21:25:16.5341933Z RepositoryProjects: write
2025-08-20T21:25:16.5342458Z SecurityEvents: write
2025-08-20T21:25:16.5343153Z Statuses: write
2025-08-20T21:25:16.5343635Z ##[endgroup]
2025-08-20T21:25:16.5345694Z Secret source: Actions
2025-08-20T21:25:16.5346555Z Prepare workflow directory
2025-08-20T21:25:16.5918677Z Prepare all required actions
2025-08-20T21:25:16.5973614Z Getting action download info
2025-08-20T21:25:16.9305889Z Download action repository 'actions/checkout@v5' (SHA:08c6903cd8c0fde910a37f88322edcfb5dd907a8)
2025-08-20T21:25:17.2971318Z Download action repository 'actions/setup-python@v5' (SHA:a26af69be951a213d495a4c3e4e4022e16d87065)
2025-08-20T21:25:17.3768659Z Download action repository 'actions/upload-artifact@v4' (SHA:ea165f8d65b6e75b540449e92b4886f43607fa02)
2025-08-20T21:25:17.5830610Z Complete job name: unit
2025-08-20T21:25:17.6343926Z ##[group]Checking docker version
2025-08-20T21:25:17.6357241Z ##[command]/usr/bin/docker version --format '{{.Server.APIVersion}}'
2025-08-20T21:25:17.7467707Z '1.48'
2025-08-20T21:25:17.7480883Z Docker daemon API version: '1.48'
2025-08-20T21:25:17.7481667Z ##[command]/usr/bin/docker version --format '{{.Client.APIVersion}}'
2025-08-20T21:25:17.7638766Z '1.48'
2025-08-20T21:25:17.7651911Z Docker client API version: '1.48'
2025-08-20T21:25:17.7657281Z ##[endgroup]
2025-08-20T21:25:17.7660511Z ##[group]Clean up resources from previous jobs
2025-08-20T21:25:17.7666377Z ##[command]/usr/bin/docker ps --all --quiet --no-trunc --filter "label=670e53"
2025-08-20T21:25:17.7811204Z ##[command]/usr/bin/docker network prune --force --filter "label=670e53"
2025-08-20T21:25:17.7932332Z ##[endgroup]
2025-08-20T21:25:17.7932842Z ##[group]Create local container network
2025-08-20T21:25:17.7942809Z ##[command]/usr/bin/docker network create --label 670e53 github_network_d7c2a5cb67d44547a2352c93c4c939d5
2025-08-20T21:25:17.8444918Z 22c170f5ed11c1be103c98c719c34412ca155dfb8489460ccc8f1fde021dc470
2025-08-20T21:25:17.8463246Z ##[endgroup]
2025-08-20T21:25:17.8486476Z ##[group]Starting postgres service container
2025-08-20T21:25:17.8505899Z ##[command]/usr/bin/docker pull postgres:15
2025-08-20T21:25:18.4815908Z 15: Pulling from library/postgres
2025-08-20T21:25:18.6256361Z 396b1da7636e: Pulling fs layer
2025-08-20T21:25:18.6257731Z fca2566eba32: Pulling fs layer
2025-08-20T21:25:18.6259356Z 631fe8c6d606: Pulling fs layer
2025-08-20T21:25:18.6260643Z 77c7671c4414: Pulling fs layer
2025-08-20T21:25:18.6262434Z 2d9e29180a27: Pulling fs layer
2025-08-20T21:25:18.6263588Z c6bcc2c9a041: Pulling fs layer
2025-08-20T21:25:18.6264579Z ac4b721eb66f: Pulling fs layer
2025-08-20T21:25:18.6265432Z 606bd164980e: Pulling fs layer
2025-08-20T21:25:18.6266255Z f5dfd246bc6e: Pulling fs layer
2025-08-20T21:25:18.6267088Z ba7036bb0a60: Pulling fs layer
2025-08-20T21:25:18.6268209Z 799f859abbbd: Pulling fs layer
2025-08-20T21:25:18.6269121Z d903e777080c: Pulling fs layer
2025-08-20T21:25:18.6269974Z 04adcb462801: Pulling fs layer
2025-08-20T21:25:18.6270813Z 5c10925b29ff: Pulling fs layer
2025-08-20T21:25:18.6271633Z f5dfd246bc6e: Waiting
2025-08-20T21:25:18.6272337Z 77c7671c4414: Waiting
2025-08-20T21:25:18.6273030Z 2d9e29180a27: Waiting
2025-08-20T21:25:18.6273739Z c6bcc2c9a041: Waiting
2025-08-20T21:25:18.6274460Z ba7036bb0a60: Waiting
2025-08-20T21:25:18.6275180Z ac4b721eb66f: Waiting
2025-08-20T21:25:18.6275931Z 606bd164980e: Waiting
2025-08-20T21:25:18.6276808Z 799f859abbbd: Waiting
2025-08-20T21:25:18.6277907Z 5c10925b29ff: Waiting
2025-08-20T21:25:18.6278932Z d903e777080c: Waiting
2025-08-20T21:25:18.6279937Z 04adcb462801: Waiting
2025-08-20T21:25:18.8455483Z fca2566eba32: Verifying Checksum
2025-08-20T21:25:18.8457403Z fca2566eba32: Download complete
2025-08-20T21:25:19.0341306Z 631fe8c6d606: Verifying Checksum
2025-08-20T21:25:19.0343139Z 631fe8c6d606: Download complete
2025-08-20T21:25:19.0659062Z 396b1da7636e: Verifying Checksum
2025-08-20T21:25:19.0661230Z 396b1da7636e: Download complete
2025-08-20T21:25:19.1600918Z 77c7671c4414: Verifying Checksum
2025-08-20T21:25:19.3186643Z 77c7671c4414: Download complete
2025-08-20T21:25:19.3188837Z c6bcc2c9a041: Download complete
2025-08-20T21:25:19.3769139Z ac4b721eb66f: Verifying Checksum
2025-08-20T21:25:19.3771210Z ac4b721eb66f: Download complete
2025-08-20T21:25:19.3888534Z 2d9e29180a27: Verifying Checksum
2025-08-20T21:25:19.3895481Z 2d9e29180a27: Download complete
2025-08-20T21:25:19.5220307Z 606bd164980e: Verifying Checksum
2025-08-20T21:25:19.5222047Z 606bd164980e: Download complete
2025-08-20T21:25:19.6049351Z ba7036bb0a60: Verifying Checksum
2025-08-20T21:25:19.6050152Z ba7036bb0a60: Download complete
2025-08-20T21:25:19.7556086Z 799f859abbbd: Verifying Checksum
2025-08-20T21:25:19.7558150Z 799f859abbbd: Download complete
2025-08-20T21:25:19.8137209Z d903e777080c: Download complete
2025-08-20T21:25:19.9811261Z 04adcb462801: Verifying Checksum
2025-08-20T21:25:19.9812384Z 04adcb462801: Download complete
2025-08-20T21:25:20.0340887Z 5c10925b29ff: Download complete
2025-08-20T21:25:20.1028337Z 396b1da7636e: Pull complete
2025-08-20T21:25:20.8099145Z f5dfd246bc6e: Verifying Checksum
2025-08-20T21:25:20.8099485Z f5dfd246bc6e: Download complete
2025-08-20T21:25:21.0477531Z fca2566eba32: Pull complete
2025-08-20T21:25:21.2303402Z 631fe8c6d606: Pull complete
2025-08-20T21:25:21.2748613Z 77c7671c4414: Pull complete
2025-08-20T21:25:21.5932668Z 2d9e29180a27: Pull complete
2025-08-20T21:25:21.6766669Z c6bcc2c9a041: Pull complete
2025-08-20T21:25:21.6893396Z ac4b721eb66f: Pull complete
2025-08-20T21:25:21.7026319Z 606bd164980e: Pull complete
2025-08-20T21:25:24.6085751Z f5dfd246bc6e: Pull complete
2025-08-20T21:25:24.6264171Z ba7036bb0a60: Pull complete
2025-08-20T21:25:24.6370927Z 799f859abbbd: Pull complete
2025-08-20T21:25:24.6484333Z d903e777080c: Pull complete
2025-08-20T21:25:24.6593524Z 04adcb462801: Pull complete
2025-08-20T21:25:24.6710074Z 5c10925b29ff: Pull complete
2025-08-20T21:25:24.6751914Z Digest: sha256:bc51cf4f1fe02cce7ed2370b20128a9b00b4eb804573a77d2a0d877aaa9c82b1
2025-08-20T21:25:24.6769743Z Status: Downloaded newer image for postgres:15
2025-08-20T21:25:24.6783346Z docker.io/library/postgres:15
2025-08-20T21:25:24.6846790Z ##[command]/usr/bin/docker create --name 779a8640244042d9a6a1aad9a950047f_postgres15_14c7f8 --label 670e53 --network github_network_d7c2a5cb67d44547a2352c93c4c939d5 --network-alias postgres -p 5432:5432 --health-cmd="pg_isready -U postgres -d awa" --health-interval=5s --health-timeout=5s --health-retries=10 -e "POSTGRES_USER=postgres" -e "POSTGRES_PASSWORD=pass" -e "POSTGRES_DB=awa" -e GITHUB_ACTIONS=true -e CI=true postgres:15
2025-08-20T21:25:24.7116442Z b61564f100ac87f3842f1d97f250836db6dde2c69f060920a0bb135e655a3aba
2025-08-20T21:25:24.7141569Z ##[command]/usr/bin/docker start b61564f100ac87f3842f1d97f250836db6dde2c69f060920a0bb135e655a3aba
2025-08-20T21:25:24.9267985Z b61564f100ac87f3842f1d97f250836db6dde2c69f060920a0bb135e655a3aba
2025-08-20T21:25:24.9288519Z ##[command]/usr/bin/docker ps --all --filter id=b61564f100ac87f3842f1d97f250836db6dde2c69f060920a0bb135e655a3aba --filter status=running --no-trunc --format "{{.ID}} {{.Status}}"
2025-08-20T21:25:24.9411366Z b61564f100ac87f3842f1d97f250836db6dde2c69f060920a0bb135e655a3aba Up Less than a second (health: starting)
2025-08-20T21:25:24.9436053Z ##[command]/usr/bin/docker port b61564f100ac87f3842f1d97f250836db6dde2c69f060920a0bb135e655a3aba
2025-08-20T21:25:24.9571433Z 5432/tcp -> 0.0.0.0:5432
2025-08-20T21:25:24.9571747Z 5432/tcp -> [::]:5432
2025-08-20T21:25:24.9630093Z ##[endgroup]
2025-08-20T21:25:24.9631348Z ##[group]Starting redis service container
2025-08-20T21:25:24.9633075Z ##[command]/usr/bin/docker pull redis:7-alpine
2025-08-20T21:25:25.5399651Z 7-alpine: Pulling from library/redis
2025-08-20T21:25:25.6943295Z 0368fd46e3c6: Pulling fs layer
2025-08-20T21:25:25.6949348Z 4c55286bbede: Pulling fs layer
2025-08-20T21:25:25.6953356Z 5e28347af205: Pulling fs layer
2025-08-20T21:25:25.6954204Z 311eca34042e: Pulling fs layer
2025-08-20T21:25:25.6954752Z e6fe6f07e192: Pulling fs layer
2025-08-20T21:25:25.6955189Z a2cadbfeca72: Pulling fs layer
2025-08-20T21:25:25.6955543Z 4f4fb700ef54: Pulling fs layer
2025-08-20T21:25:25.6955896Z a976ed7e7808: Pulling fs layer
2025-08-20T21:25:25.6956220Z e6fe6f07e192: Waiting
2025-08-20T21:25:25.6956530Z a2cadbfeca72: Waiting
2025-08-20T21:25:25.6956830Z 4f4fb700ef54: Waiting
2025-08-20T21:25:25.6957124Z a976ed7e7808: Waiting
2025-08-20T21:25:25.6957403Z 311eca34042e: Waiting
2025-08-20T21:25:25.9192569Z 4c55286bbede: Verifying Checksum
2025-08-20T21:25:25.9193100Z 4c55286bbede: Download complete
2025-08-20T21:25:25.9352518Z 5e28347af205: Verifying Checksum
2025-08-20T21:25:25.9353509Z 5e28347af205: Download complete
2025-08-20T21:25:26.0238756Z 0368fd46e3c6: Verifying Checksum
2025-08-20T21:25:26.0239255Z 0368fd46e3c6: Download complete
2025-08-20T21:25:26.1266543Z 0368fd46e3c6: Pull complete
2025-08-20T21:25:26.1492464Z 4c55286bbede: Pull complete
2025-08-20T21:25:26.2243250Z 311eca34042e: Download complete
2025-08-20T21:25:26.2366845Z a2cadbfeca72: Verifying Checksum
2025-08-20T21:25:26.2367565Z a2cadbfeca72: Download complete
2025-08-20T21:25:26.2983983Z 5e28347af205: Pull complete
2025-08-20T21:25:26.3250402Z e6fe6f07e192: Verifying Checksum
2025-08-20T21:25:26.3250857Z e6fe6f07e192: Download complete
2025-08-20T21:25:26.3297047Z 311eca34042e: Pull complete
2025-08-20T21:25:26.4599808Z a976ed7e7808: Verifying Checksum
2025-08-20T21:25:26.4600249Z a976ed7e7808: Download complete
2025-08-20T21:25:26.5052928Z e6fe6f07e192: Pull complete
2025-08-20T21:25:26.5151924Z a2cadbfeca72: Pull complete
2025-08-20T21:25:26.6130063Z 4f4fb700ef54: Verifying Checksum
2025-08-20T21:25:26.6130594Z 4f4fb700ef54: Download complete
2025-08-20T21:25:26.6204099Z 4f4fb700ef54: Pull complete
2025-08-20T21:25:26.6300758Z a976ed7e7808: Pull complete
2025-08-20T21:25:26.6339465Z Digest: sha256:bb186d083732f669da90be8b0f975a37812b15e913465bb14d845db72a4e3e08
2025-08-20T21:25:26.6350733Z Status: Downloaded newer image for redis:7-alpine
2025-08-20T21:25:26.6357670Z docker.io/library/redis:7-alpine
2025-08-20T21:25:26.6375236Z ##[command]/usr/bin/docker create --name 915f7382c2444b32a7735329e00c4dfe_redis7alpine_6a02ec --label 670e53 --network github_network_d7c2a5cb67d44547a2352c93c4c939d5 --network-alias redis -p 6379:6379  -e GITHUB_ACTIONS=true -e CI=true redis:7-alpine
2025-08-20T21:25:26.6608482Z b0298af3a37fee9eeb4bac7571ff6995653fb4dc002ecdd8cec5760cf70d628a
2025-08-20T21:25:26.6623715Z ##[command]/usr/bin/docker start b0298af3a37fee9eeb4bac7571ff6995653fb4dc002ecdd8cec5760cf70d628a
2025-08-20T21:25:26.7927409Z b0298af3a37fee9eeb4bac7571ff6995653fb4dc002ecdd8cec5760cf70d628a
2025-08-20T21:25:26.7948204Z ##[command]/usr/bin/docker ps --all --filter id=b0298af3a37fee9eeb4bac7571ff6995653fb4dc002ecdd8cec5760cf70d628a --filter status=running --no-trunc --format "{{.ID}} {{.Status}}"
2025-08-20T21:25:26.8076761Z b0298af3a37fee9eeb4bac7571ff6995653fb4dc002ecdd8cec5760cf70d628a Up Less than a second
2025-08-20T21:25:26.8090645Z ##[command]/usr/bin/docker port b0298af3a37fee9eeb4bac7571ff6995653fb4dc002ecdd8cec5760cf70d628a
2025-08-20T21:25:26.8199695Z 6379/tcp -> 0.0.0.0:6379
2025-08-20T21:25:26.8200128Z 6379/tcp -> [::]:6379
2025-08-20T21:25:26.8213832Z ##[endgroup]
2025-08-20T21:25:26.8225024Z ##[group]Waiting for all services to be ready
2025-08-20T21:25:26.8238924Z ##[command]/usr/bin/docker inspect --format="{{if .Config.Healthcheck}}{{print .State.Health.Status}}{{end}}" b61564f100ac87f3842f1d97f250836db6dde2c69f060920a0bb135e655a3aba
2025-08-20T21:25:26.8352815Z starting
2025-08-20T21:25:26.8373221Z postgres service is starting, waiting 2 seconds before checking again.
2025-08-20T21:25:28.8373868Z ##[command]/usr/bin/docker inspect --format="{{if .Config.Healthcheck}}{{print .State.Health.Status}}{{end}}" b61564f100ac87f3842f1d97f250836db6dde2c69f060920a0bb135e655a3aba
2025-08-20T21:25:28.8489534Z starting
2025-08-20T21:25:28.8502959Z postgres service is starting, waiting 3 seconds before checking again.
2025-08-20T21:25:32.6297373Z ##[command]/usr/bin/docker inspect --format="{{if .Config.Healthcheck}}{{print .State.Health.Status}}{{end}}" b61564f100ac87f3842f1d97f250836db6dde2c69f060920a0bb135e655a3aba
2025-08-20T21:25:32.6419757Z healthy
2025-08-20T21:25:32.6439242Z postgres service is healthy.
2025-08-20T21:25:32.6440028Z ##[command]/usr/bin/docker inspect --format="{{if .Config.Healthcheck}}{{print .State.Health.Status}}{{end}}" b0298af3a37fee9eeb4bac7571ff6995653fb4dc002ecdd8cec5760cf70d628a
2025-08-20T21:25:32.6565277Z redis service is healthy.
2025-08-20T21:25:32.6565618Z ##[endgroup]
2025-08-20T21:25:32.6871374Z ##[group]Run actions/checkout@v5
2025-08-20T21:25:32.6871884Z with:
2025-08-20T21:25:32.6872082Z   repository: AlexBomber12/AWA-App
2025-08-20T21:25:32.6872452Z   token: ***
2025-08-20T21:25:32.6872636Z   ssh-strict: true
2025-08-20T21:25:32.6872813Z   ssh-user: git
2025-08-20T21:25:32.6873000Z   persist-credentials: true
2025-08-20T21:25:32.6873209Z   clean: true
2025-08-20T21:25:32.6873393Z   sparse-checkout-cone-mode: true
2025-08-20T21:25:32.6873616Z   fetch-depth: 1
2025-08-20T21:25:32.6873781Z   fetch-tags: false
2025-08-20T21:25:32.6873961Z   show-progress: true
2025-08-20T21:25:32.6874138Z   lfs: false
2025-08-20T21:25:32.6874302Z   submodules: false
2025-08-20T21:25:32.6874478Z   set-safe-directory: true
2025-08-20T21:25:32.6874844Z env:
2025-08-20T21:25:32.6875051Z   REDIS_URL: redis://localhost:6379/0
2025-08-20T21:25:32.6875303Z   RATE_LIMIT_DEFAULT: 100/minute
2025-08-20T21:25:32.6875508Z   TRUST_X_FORWARDED: 1
2025-08-20T21:25:32.6875706Z ##[endgroup]
2025-08-20T21:25:32.7823882Z Syncing repository: AlexBomber12/AWA-App
2025-08-20T21:25:32.7826009Z ##[group]Getting Git version info
2025-08-20T21:25:32.7826623Z Working directory is '/home/runner/work/AWA-App/AWA-App'
2025-08-20T21:25:32.7827519Z [command]/usr/bin/git version
2025-08-20T21:25:32.7892698Z git version 2.51.0
2025-08-20T21:25:32.7914103Z ##[endgroup]
2025-08-20T21:25:32.7928586Z Temporarily overriding HOME='/home/runner/work/_temp/9aa428fd-f1d5-41ce-848b-a6c28125a1b5' before making global git config changes
2025-08-20T21:25:32.7929545Z Adding repository directory to the temporary git global config as a safe directory
2025-08-20T21:25:32.7933745Z [command]/usr/bin/git config --global --add safe.directory /home/runner/work/AWA-App/AWA-App
2025-08-20T21:25:32.7971620Z Deleting the contents of '/home/runner/work/AWA-App/AWA-App'
2025-08-20T21:25:32.7974993Z ##[group]Initializing the repository
2025-08-20T21:25:32.7979338Z [command]/usr/bin/git init /home/runner/work/AWA-App/AWA-App
2025-08-20T21:25:32.8099954Z hint: Using 'master' as the name for the initial branch. This default branch name
2025-08-20T21:25:32.8101026Z hint: is subject to change. To configure the initial branch name to use in all
2025-08-20T21:25:32.8101623Z hint: of your new repositories, which will suppress this warning, call:
2025-08-20T21:25:32.8102040Z hint:
2025-08-20T21:25:32.8102355Z hint: 	git config --global init.defaultBranch <name>
2025-08-20T21:25:32.8102703Z hint:
2025-08-20T21:25:32.8103102Z hint: Names commonly chosen instead of 'master' are 'main', 'trunk' and
2025-08-20T21:25:32.8104085Z hint: 'development'. The just-created branch can be renamed via this command:
2025-08-20T21:25:32.8104562Z hint:
2025-08-20T21:25:32.8104782Z hint: 	git branch -m <name>
2025-08-20T21:25:32.8105044Z hint:
2025-08-20T21:25:32.8105636Z hint: Disable this message with "git config set advice.defaultBranchName false"
2025-08-20T21:25:32.8106791Z Initialized empty Git repository in /home/runner/work/AWA-App/AWA-App/.git/
2025-08-20T21:25:32.8115871Z [command]/usr/bin/git remote add origin https://github.com/AlexBomber12/AWA-App
2025-08-20T21:25:32.8155462Z ##[endgroup]
2025-08-20T21:25:32.8155813Z ##[group]Disabling automatic garbage collection
2025-08-20T21:25:32.8159348Z [command]/usr/bin/git config --local gc.auto 0
2025-08-20T21:25:32.8185422Z ##[endgroup]
2025-08-20T21:25:32.8185743Z ##[group]Setting up auth
2025-08-20T21:25:32.8192514Z [command]/usr/bin/git config --local --name-only --get-regexp core\.sshCommand
2025-08-20T21:25:32.8221612Z [command]/usr/bin/git submodule foreach --recursive sh -c "git config --local --name-only --get-regexp 'core\.sshCommand' && git config --local --unset-all 'core.sshCommand' || :"
2025-08-20T21:25:32.8550326Z [command]/usr/bin/git config --local --name-only --get-regexp http\.https\:\/\/github\.com\/\.extraheader
2025-08-20T21:25:32.8581581Z [command]/usr/bin/git submodule foreach --recursive sh -c "git config --local --name-only --get-regexp 'http\.https\:\/\/github\.com\/\.extraheader' && git config --local --unset-all 'http.https://github.com/.extraheader' || :"
2025-08-20T21:25:32.8799031Z [command]/usr/bin/git config --local http.https://github.com/.extraheader AUTHORIZATION: basic ***
2025-08-20T21:25:32.8834302Z ##[endgroup]
2025-08-20T21:25:32.8834843Z ##[group]Fetching the repository
2025-08-20T21:25:32.8843518Z [command]/usr/bin/git -c protocol.version=2 fetch --no-tags --prune --no-recurse-submodules --depth=1 origin +dee766bc6f03385e4cf133fd47bafdf97d9fe563:refs/remotes/origin/main
2025-08-20T21:25:33.3062990Z From https://github.com/AlexBomber12/AWA-App
2025-08-20T21:25:33.3064896Z  * [new ref]         dee766bc6f03385e4cf133fd47bafdf97d9fe563 -> origin/main
2025-08-20T21:25:33.3099046Z ##[endgroup]
2025-08-20T21:25:33.3099670Z ##[group]Determining the checkout info
2025-08-20T21:25:33.3103074Z ##[endgroup]
2025-08-20T21:25:33.3108279Z [command]/usr/bin/git sparse-checkout disable
2025-08-20T21:25:33.3152394Z [command]/usr/bin/git config --local --unset-all extensions.worktreeConfig
2025-08-20T21:25:33.3178605Z ##[group]Checking out the ref
2025-08-20T21:25:33.3182581Z [command]/usr/bin/git checkout --progress --force -B main refs/remotes/origin/main
2025-08-20T21:25:33.3522425Z Switched to a new branch 'main'
2025-08-20T21:25:33.3523355Z branch 'main' set up to track 'origin/main'.
2025-08-20T21:25:33.3533434Z ##[endgroup]
2025-08-20T21:25:33.3574298Z [command]/usr/bin/git log -1 --format=%H
2025-08-20T21:25:33.3598484Z dee766bc6f03385e4cf133fd47bafdf97d9fe563
2025-08-20T21:25:33.3768397Z ##[group]Run cat .env.ci >> "$GITHUB_ENV"
2025-08-20T21:25:33.3768793Z [36;1mcat .env.ci >> "$GITHUB_ENV"[0m
2025-08-20T21:25:33.3769505Z [36;1mecho "DATABASE_URL=***localhost:5432/awa" >> "$GITHUB_ENV"[0m
2025-08-20T21:25:33.3769856Z [36;1mecho "PG_HOST=localhost" >> "$GITHUB_ENV"[0m
2025-08-20T21:25:33.3770136Z [36;1mecho "PG_PORT=5432" >> "$GITHUB_ENV"[0m
2025-08-20T21:25:33.3770414Z [36;1mecho "PG_USER=postgres" >> "$GITHUB_ENV"[0m
2025-08-20T21:25:33.3770686Z [36;1mecho "PG_PASSWORD=pass" >> "$GITHUB_ENV"[0m
2025-08-20T21:25:33.3771170Z [36;1mecho "PG_DATABASE=awa" >> "$GITHUB_ENV"[0m
2025-08-20T21:25:33.3815283Z shell: /usr/bin/bash -e {0}
2025-08-20T21:25:33.3815505Z env:
2025-08-20T21:25:33.3815712Z   REDIS_URL: redis://localhost:6379/0
2025-08-20T21:25:33.3815971Z   RATE_LIMIT_DEFAULT: 100/minute
2025-08-20T21:25:33.3816192Z   TRUST_X_FORWARDED: 1
2025-08-20T21:25:33.3816384Z ##[endgroup]
2025-08-20T21:25:33.3998454Z ##[group]Run actions/setup-python@v5
2025-08-20T21:25:33.3998753Z with:
2025-08-20T21:25:33.3998931Z   python-version: 3.12
2025-08-20T21:25:33.3999132Z   cache: pip
2025-08-20T21:25:33.3999340Z   cache-dependency-path: requirements-dev.txt
2025-08-20T21:25:33.3999618Z   check-latest: false
2025-08-20T21:25:33.3999991Z   token: ***
2025-08-20T21:25:33.4000176Z   update-environment: true
2025-08-20T21:25:33.4000394Z   allow-prereleases: false
2025-08-20T21:25:33.4000586Z   freethreaded: false
2025-08-20T21:25:33.4000766Z env:
2025-08-20T21:25:33.4000965Z   REDIS_URL: redis://localhost:6379/0
2025-08-20T21:25:33.4001212Z   RATE_LIMIT_DEFAULT: 100/minute
2025-08-20T21:25:33.4001426Z   TRUST_X_FORWARDED: 1
2025-08-20T21:25:33.4001609Z   PG_USER: postgres
2025-08-20T21:25:33.4001793Z   PG_PASSWORD: pass
2025-08-20T21:25:33.4001963Z   PG_DATABASE: awa
2025-08-20T21:25:33.4002139Z   PG_HOST: localhost
2025-08-20T21:25:33.4002310Z   PG_PORT: 5432
2025-08-20T21:25:33.4002740Z   PG_SYNC_DSN: ***localhost:5432/awa
2025-08-20T21:25:33.4003147Z   PG_ASYNC_DSN: ***localhost:5432/awa
2025-08-20T21:25:33.4003524Z   DATABASE_URL: ***localhost:5432/awa
2025-08-20T21:25:33.4003751Z   DATA_DIR: /tmp/awa-data
2025-08-20T21:25:33.4003936Z   ENABLE_LIVE: 0
2025-08-20T21:25:33.4004104Z   TESTING: 1
2025-08-20T21:25:33.4004261Z ##[endgroup]
2025-08-20T21:25:33.5773250Z ##[group]Installed versions
2025-08-20T21:25:33.5877618Z Successfully set up CPython (3.12.11)
2025-08-20T21:25:33.5878759Z ##[endgroup]
2025-08-20T21:25:33.6277294Z [command]/opt/hostedtoolcache/Python/3.12.11/x64/bin/pip cache dir
2025-08-20T21:25:35.5699264Z /home/runner/.cache/pip
2025-08-20T21:25:35.7530061Z Cache hit for: setup-python-Linux-x64-24.04-Ubuntu-python-3.12.11-pip-cc13ccef493b9f3a93ad5651164d9fb09282c1111f6f72ce20e0657de16de6b4
2025-08-20T21:25:36.9796292Z Received 83886080 of 376049450 (22.3%), 80.0 MBs/sec
2025-08-20T21:25:37.9794078Z Received 239075328 of 376049450 (63.6%), 114.0 MBs/sec
2025-08-20T21:25:38.8599562Z Received 376049450 of 376049450 (100.0%), 124.5 MBs/sec
2025-08-20T21:25:38.8602228Z Cache Size: ~359 MB (376049450 B)
2025-08-20T21:25:38.8644002Z [command]/usr/bin/tar -xf /home/runner/work/_temp/0110891b-7145-4925-a622-c5140d39b5e3/cache.tzst -P -C /home/runner/work/AWA-App/AWA-App --use-compress-program unzstd
2025-08-20T21:25:39.4565163Z Cache restored successfully
2025-08-20T21:25:39.5280773Z Cache restored from key: setup-python-Linux-x64-24.04-Ubuntu-python-3.12.11-pip-d420e27196a1f42f6c1f133d86507059d4a6b2662c904180ec5b2e44e5fd22c7
2025-08-20T21:25:39.5443335Z ##[group]Run pip install --break-system-packages -r requirements-dev.txt
2025-08-20T21:25:39.5443903Z [36;1mpip install --break-system-packages -r requirements-dev.txt[0m
2025-08-20T21:25:39.5444337Z [36;1mpip install --break-system-packages keepa==1.3.15 minio==7.1.15[0m
2025-08-20T21:25:39.5486723Z shell: /usr/bin/bash -e {0}
2025-08-20T21:25:39.5486950Z env:
2025-08-20T21:25:39.5487167Z   REDIS_URL: redis://localhost:6379/0
2025-08-20T21:25:39.5487442Z   RATE_LIMIT_DEFAULT: 100/minute
2025-08-20T21:25:39.5487665Z   TRUST_X_FORWARDED: 1
2025-08-20T21:25:39.5488063Z   PG_USER: postgres
2025-08-20T21:25:39.5488263Z   PG_PASSWORD: pass
2025-08-20T21:25:39.5488446Z   PG_DATABASE: awa
2025-08-20T21:25:39.5488631Z   PG_HOST: localhost
2025-08-20T21:25:39.5488815Z   PG_PORT: 5432
2025-08-20T21:25:39.5489401Z   PG_SYNC_DSN: ***localhost:5432/awa
2025-08-20T21:25:39.5489867Z   PG_ASYNC_DSN: ***localhost:5432/awa
2025-08-20T21:25:39.5490257Z   DATABASE_URL: ***localhost:5432/awa
2025-08-20T21:25:39.5490533Z   DATA_DIR: /tmp/awa-data
2025-08-20T21:25:39.5490907Z   ENABLE_LIVE: 0
2025-08-20T21:25:39.5491089Z   TESTING: 1
2025-08-20T21:25:39.5491327Z   pythonLocation: /opt/hostedtoolcache/Python/3.12.11/x64
2025-08-20T21:25:39.5491731Z   PKG_CONFIG_PATH: /opt/hostedtoolcache/Python/3.12.11/x64/lib/pkgconfig
2025-08-20T21:25:39.5492116Z   Python_ROOT_DIR: /opt/hostedtoolcache/Python/3.12.11/x64
2025-08-20T21:25:39.5492459Z   Python2_ROOT_DIR: /opt/hostedtoolcache/Python/3.12.11/x64
2025-08-20T21:25:39.5492803Z   Python3_ROOT_DIR: /opt/hostedtoolcache/Python/3.12.11/x64
2025-08-20T21:25:39.5493152Z   LD_LIBRARY_PATH: /opt/hostedtoolcache/Python/3.12.11/x64/lib
2025-08-20T21:25:39.5493439Z ##[endgroup]
2025-08-20T21:25:41.1640967Z Collecting Jinja2==3.1.6 (from -r requirements-dev.txt (line 2))
2025-08-20T21:25:41.1654426Z   Using cached jinja2-3.1.6-py3-none-any.whl.metadata (2.9 kB)
2025-08-20T21:25:41.1984992Z Collecting alembic==1.16.4 (from -r requirements-dev.txt (line 3))
2025-08-20T21:25:41.1997135Z   Using cached alembic-1.16.4-py3-none-any.whl.metadata (7.3 kB)
2025-08-20T21:25:41.2282763Z Collecting apscheduler==3.10.4 (from -r requirements-dev.txt (line 4))
2025-08-20T21:25:41.2294593Z   Using cached APScheduler-3.10.4-py3-none-any.whl.metadata (5.7 kB)
2025-08-20T21:25:41.2574169Z Collecting asgi-correlation-id==4.3.1 (from -r requirements-dev.txt (line 5))
2025-08-20T21:25:41.2585456Z   Using cached asgi_correlation_id-4.3.1-py3-none-any.whl.metadata (28 kB)
2025-08-20T21:25:41.3108249Z Collecting asyncpg==0.30.0 (from -r requirements-dev.txt (line 6))
2025-08-20T21:25:41.3121213Z   Using cached asyncpg-0.30.0-cp312-cp312-manylinux_2_17_x86_64.manylinux2014_x86_64.whl.metadata (5.0 kB)
2025-08-20T21:25:41.3662036Z Collecting black==25.1.0 (from -r requirements-dev.txt (line 7))
2025-08-20T21:25:41.3674802Z   Using cached black-25.1.0-cp312-cp312-manylinux_2_17_x86_64.manylinux2014_x86_64.manylinux_2_28_x86_64.whl.metadata (81 kB)
2025-08-20T21:25:41.7081780Z Collecting boto3 (from -r requirements-dev.txt (line 8))
2025-08-20T21:25:41.7094838Z   Using cached boto3-1.40.14-py3-none-any.whl.metadata (6.7 kB)
2025-08-20T21:25:41.7486994Z Collecting redis==6.* (from -r requirements-dev.txt (line 9))
2025-08-20T21:25:41.7500481Z   Using cached redis-6.4.0-py3-none-any.whl.metadata (10 kB)
2025-08-20T21:25:41.7935141Z Collecting minio==7.* (from -r requirements-dev.txt (line 10))
2025-08-20T21:25:41.7948511Z   Using cached minio-7.2.16-py3-none-any.whl.metadata (6.5 kB)
2025-08-20T21:25:41.8234187Z Collecting vulture==2.10 (from -r requirements-dev.txt (line 11))
2025-08-20T21:25:41.8246821Z   Using cached vulture-2.10-py2.py3-none-any.whl.metadata (23 kB)
2025-08-20T21:25:41.8666852Z Collecting celery==5.5.3 (from -r requirements-dev.txt (line 12))
2025-08-20T21:25:41.8679663Z   Using cached celery-5.5.3-py3-none-any.whl.metadata (22 kB)
2025-08-20T21:25:41.9379428Z Collecting fastapi==0.116.1 (from -r requirements-dev.txt (line 13))
2025-08-20T21:25:41.9392156Z   Using cached fastapi-0.116.1-py3-none-any.whl.metadata (28 kB)
2025-08-20T21:25:41.9665216Z Collecting fastapi-limiter==0.1.6 (from -r requirements-dev.txt (line 15))
2025-08-20T21:25:41.9676738Z   Using cached fastapi_limiter-0.1.6-py3-none-any.whl.metadata (5.3 kB)
2025-08-20T21:25:42.0061945Z Collecting httpx<0.29,>=0.27 (from -r requirements-dev.txt (line 16))
2025-08-20T21:25:42.0064105Z   Using cached httpx-0.28.1-py3-none-any.whl.metadata (7.1 kB)
2025-08-20T21:25:42.2067239Z Collecting imapclient==3.0.1 (from -r requirements-dev.txt (line 17))
2025-08-20T21:25:42.2080613Z   Using cached IMAPClient-3.0.1-py2.py3-none-any.whl.metadata (1.7 kB)
2025-08-20T21:25:42.2296145Z Collecting itsdangerous (from -r requirements-dev.txt (line 18))
2025-08-20T21:25:42.2308154Z   Using cached itsdangerous-2.2.0-py3-none-any.whl.metadata (1.9 kB)
2025-08-20T21:25:42.3415896Z Collecting mypy==1.* (from -r requirements-dev.txt (line 19))
2025-08-20T21:25:42.3430481Z   Using cached mypy-1.17.1-cp312-cp312-manylinux2014_x86_64.manylinux_2_17_x86_64.manylinux_2_28_x86_64.whl.metadata (2.2 kB)
2025-08-20T21:25:42.3649393Z Collecting mypy-extensions==1.1.0 (from -r requirements-dev.txt (line 20))
2025-08-20T21:25:42.3661631Z   Using cached mypy_extensions-1.1.0-py3-none-any.whl.metadata (1.1 kB)
2025-08-20T21:25:42.5627164Z Collecting numpy<2 (from -r requirements-dev.txt (line 21))
2025-08-20T21:25:42.5640956Z   Using cached numpy-1.26.4-cp312-cp312-manylinux_2_17_x86_64.manylinux2014_x86_64.whl.metadata (61 kB)
2025-08-20T21:25:42.6019621Z Collecting openpyxl==3.1.5 (from -r requirements-dev.txt (line 22))
2025-08-20T21:25:42.6031843Z   Using cached openpyxl-3.1.5-py2.py3-none-any.whl.metadata (2.5 kB)
2025-08-20T21:25:42.7187191Z Collecting pandas==2.2.* (from -r requirements-dev.txt (line 23))
2025-08-20T21:25:42.7201146Z   Using cached pandas-2.2.3-cp312-cp312-manylinux_2_17_x86_64.manylinux2014_x86_64.whl.metadata (89 kB)
2025-08-20T21:25:42.8236653Z Collecting psycopg2-binary==2.9.10 (from -r requirements-dev.txt (line 24))
2025-08-20T21:25:42.8251503Z   Using cached psycopg2_binary-2.9.10-cp312-cp312-manylinux_2_17_x86_64.manylinux2014_x86_64.whl.metadata (4.9 kB)
2025-08-20T21:25:42.8541964Z Collecting psycopg==3.2.9 (from psycopg[binary]==3.2.9->-r requirements-dev.txt (line 25))
2025-08-20T21:25:42.8554450Z   Using cached psycopg-3.2.9-py3-none-any.whl.metadata (4.5 kB)
2025-08-20T21:25:42.9735340Z Collecting pydantic==2.11.7 (from -r requirements-dev.txt (line 26))
2025-08-20T21:25:42.9748387Z   Using cached pydantic-2.11.7-py3-none-any.whl.metadata (67 kB)
2025-08-20T21:25:43.1082209Z Collecting setuptools (from -r requirements-dev.txt (line 27))
2025-08-20T21:25:43.1095711Z   Using cached setuptools-80.9.0-py3-none-any.whl.metadata (6.6 kB)
2025-08-20T21:25:43.1455380Z Collecting pytest-asyncio==1.1.0 (from -r requirements-dev.txt (line 28))
2025-08-20T21:25:43.1467361Z   Using cached pytest_asyncio-1.1.0-py3-none-any.whl.metadata (4.1 kB)
2025-08-20T21:25:43.1746296Z Collecting pytest-cov==6.2.1 (from -r requirements-dev.txt (line 29))
2025-08-20T21:25:43.1758359Z   Using cached pytest_cov-6.2.1-py3-none-any.whl.metadata (30 kB)
2025-08-20T21:25:43.2039160Z Collecting pytest-postgresql==7.0.2 (from -r requirements-dev.txt (line 30))
2025-08-20T21:25:43.2051316Z   Using cached pytest_postgresql-7.0.2-py3-none-any.whl.metadata (18 kB)
2025-08-20T21:25:43.2330350Z Collecting python-dotenv (from -r requirements-dev.txt (line 31))
2025-08-20T21:25:43.2342361Z   Using cached python_dotenv-1.1.1-py3-none-any.whl.metadata (24 kB)
2025-08-20T21:25:43.2590381Z Collecting python-multipart (from -r requirements-dev.txt (line 32))
2025-08-20T21:25:43.2602982Z   Using cached python_multipart-0.0.20-py3-none-any.whl.metadata (1.8 kB)
2025-08-20T21:25:43.3008208Z Collecting python-telegram-bot==22.3 (from -r requirements-dev.txt (line 33))
2025-08-20T21:25:43.3021095Z   Using cached python_telegram_bot-22.3-py3-none-any.whl.metadata (17 kB)
2025-08-20T21:25:43.3413731Z Collecting requests==2.32.4 (from -r requirements-dev.txt (line 34))
2025-08-20T21:25:43.3427055Z   Using cached requests-2.32.4-py3-none-any.whl.metadata (4.9 kB)
2025-08-20T21:25:43.3722245Z Collecting respx==0.22.0 (from -r requirements-dev.txt (line 35))
2025-08-20T21:25:43.3734162Z   Using cached respx-0.22.0-py2.py3-none-any.whl.metadata (4.1 kB)
2025-08-20T21:25:43.7418608Z Collecting ruff==0.9.9 (from -r requirements-dev.txt (line 36))
2025-08-20T21:25:43.7431696Z   Using cached ruff-0.9.9-py3-none-manylinux_2_17_x86_64.manylinux2014_x86_64.whl.metadata (25 kB)
2025-08-20T21:25:44.0126152Z Collecting sqlalchemy==2.0.43 (from -r requirements-dev.txt (line 37))
2025-08-20T21:25:44.0140378Z   Using cached sqlalchemy-2.0.43-cp312-cp312-manylinux_2_17_x86_64.manylinux2014_x86_64.whl.metadata (9.6 kB)
2025-08-20T21:25:44.0480619Z Collecting structlog==24.1.0 (from -r requirements-dev.txt (line 38))
2025-08-20T21:25:44.0492330Z   Using cached structlog-24.1.0-py3-none-any.whl.metadata (6.9 kB)
2025-08-20T21:25:44.0793362Z Collecting testcontainers==4.12.0 (from testcontainers[postgres]==4.12.0->-r requirements-dev.txt (line 39))
2025-08-20T21:25:44.0805906Z   Using cached testcontainers-4.12.0-py3-none-any.whl.metadata (8.3 kB)
2025-08-20T21:25:44.1294394Z Collecting types-requests==2.32.4.20250809 (from -r requirements-dev.txt (line 40))
2025-08-20T21:25:44.1306598Z   Using cached types_requests-2.32.4.20250809-py3-none-any.whl.metadata (2.0 kB)
2025-08-20T21:25:44.1578379Z Collecting docspec-python==2.2.2 (from -r requirements-dev.txt (line 41))
2025-08-20T21:25:44.1589909Z   Using cached docspec_python-2.2.2-py3-none-any.whl.metadata (1.0 kB)
2025-08-20T21:25:44.1991124Z Collecting pydoc-markdown==4.8.2 (from -r requirements-dev.txt (line 42))
2025-08-20T21:25:44.2002812Z   Using cached pydoc_markdown-4.8.2-py3-none-any.whl.metadata (5.9 kB)
2025-08-20T21:25:44.2889700Z Collecting pandera==0.19.* (from -r requirements-dev.txt (line 43))
2025-08-20T21:25:44.2902487Z   Using cached pandera-0.19.3-py3-none-any.whl.metadata (15 kB)
2025-08-20T21:25:44.3616095Z Collecting MarkupSafe>=2.0 (from Jinja2==3.1.6->-r requirements-dev.txt (line 2))
2025-08-20T21:25:44.3629447Z   Using cached MarkupSafe-3.0.2-cp312-cp312-manylinux_2_17_x86_64.manylinux2014_x86_64.whl.metadata (4.0 kB)
2025-08-20T21:25:44.4047347Z Collecting Mako (from alembic==1.16.4->-r requirements-dev.txt (line 3))
2025-08-20T21:25:44.4059380Z   Using cached mako-1.3.10-py3-none-any.whl.metadata (2.9 kB)
2025-08-20T21:25:44.4430981Z Collecting typing-extensions>=4.12 (from alembic==1.16.4->-r requirements-dev.txt (line 3))
2025-08-20T21:25:44.4442294Z   Using cached typing_extensions-4.14.1-py3-none-any.whl.metadata (3.0 kB)
2025-08-20T21:25:44.4711816Z Collecting six>=1.4.0 (from apscheduler==3.10.4->-r requirements-dev.txt (line 4))
2025-08-20T21:25:44.4722916Z   Using cached six-1.17.0-py2.py3-none-any.whl.metadata (1.7 kB)
2025-08-20T21:25:44.5190229Z Collecting pytz (from apscheduler==3.10.4->-r requirements-dev.txt (line 4))
2025-08-20T21:25:44.5203428Z   Using cached pytz-2025.2-py2.py3-none-any.whl.metadata (22 kB)
2025-08-20T21:25:44.5478974Z Collecting tzlocal!=3.*,>=2.0 (from apscheduler==3.10.4->-r requirements-dev.txt (line 4))
2025-08-20T21:25:44.5490567Z   Using cached tzlocal-5.3.1-py3-none-any.whl.metadata (7.6 kB)
2025-08-20T21:25:44.5906462Z Collecting starlette>=0.18 (from asgi-correlation-id==4.3.1->-r requirements-dev.txt (line 5))
2025-08-20T21:25:44.5919872Z   Using cached starlette-0.47.2-py3-none-any.whl.metadata (6.2 kB)
2025-08-20T21:25:44.6262446Z Collecting click>=8.0.0 (from black==25.1.0->-r requirements-dev.txt (line 7))
2025-08-20T21:25:44.6274863Z   Using cached click-8.2.1-py3-none-any.whl.metadata (2.5 kB)
2025-08-20T21:25:44.6549396Z Collecting packaging>=22.0 (from black==25.1.0->-r requirements-dev.txt (line 7))
2025-08-20T21:25:44.6561536Z   Using cached packaging-25.0-py3-none-any.whl.metadata (3.3 kB)
2025-08-20T21:25:44.6783691Z Collecting pathspec>=0.9.0 (from black==25.1.0->-r requirements-dev.txt (line 7))
2025-08-20T21:25:44.6795743Z   Using cached pathspec-0.12.1-py3-none-any.whl.metadata (21 kB)
2025-08-20T21:25:44.7096717Z Collecting platformdirs>=2 (from black==25.1.0->-r requirements-dev.txt (line 7))
2025-08-20T21:25:44.7109835Z   Using cached platformdirs-4.3.8-py3-none-any.whl.metadata (12 kB)
2025-08-20T21:25:44.7388674Z Collecting toml (from vulture==2.10->-r requirements-dev.txt (line 11))
2025-08-20T21:25:44.7401851Z   Using cached toml-0.10.2-py2.py3-none-any.whl.metadata (7.1 kB)
2025-08-20T21:25:44.7723618Z Collecting billiard<5.0,>=4.2.1 (from celery==5.5.3->-r requirements-dev.txt (line 12))
2025-08-20T21:25:44.7735759Z   Using cached billiard-4.2.1-py3-none-any.whl.metadata (4.4 kB)
2025-08-20T21:25:44.8156273Z Collecting kombu<5.6,>=5.5.2 (from celery==5.5.3->-r requirements-dev.txt (line 12))
2025-08-20T21:25:44.8168568Z   Using cached kombu-5.5.4-py3-none-any.whl.metadata (3.5 kB)
2025-08-20T21:25:44.8430551Z Collecting vine<6.0,>=5.1.0 (from celery==5.5.3->-r requirements-dev.txt (line 12))
2025-08-20T21:25:44.8441777Z   Using cached vine-5.1.0-py3-none-any.whl.metadata (2.7 kB)
2025-08-20T21:25:44.8691930Z Collecting click-didyoumean>=0.3.0 (from celery==5.5.3->-r requirements-dev.txt (line 12))
2025-08-20T21:25:44.8703226Z   Using cached click_didyoumean-0.3.1-py3-none-any.whl.metadata (3.9 kB)
2025-08-20T21:25:44.8915523Z Collecting click-repl>=0.2.0 (from celery==5.5.3->-r requirements-dev.txt (line 12))
2025-08-20T21:25:44.8926537Z   Using cached click_repl-0.3.0-py3-none-any.whl.metadata (3.6 kB)
2025-08-20T21:25:44.9131652Z Collecting click-plugins>=1.1.1 (from celery==5.5.3->-r requirements-dev.txt (line 12))
2025-08-20T21:25:44.9142550Z   Using cached click_plugins-1.1.1.2-py2.py3-none-any.whl.metadata (6.5 kB)
2025-08-20T21:25:44.9377317Z Collecting python-dateutil>=2.8.2 (from celery==5.5.3->-r requirements-dev.txt (line 12))
2025-08-20T21:25:44.9388581Z   Using cached python_dateutil-2.9.0.post0-py2.py3-none-any.whl.metadata (8.4 kB)
2025-08-20T21:25:45.0163421Z Collecting annotated-types>=0.6.0 (from pydantic==2.11.7->-r requirements-dev.txt (line 26))
2025-08-20T21:25:45.0174502Z   Using cached annotated_types-0.7.0-py3-none-any.whl.metadata (15 kB)
2025-08-20T21:25:45.7029037Z Collecting pydantic-core==2.33.2 (from pydantic==2.11.7->-r requirements-dev.txt (line 26))
2025-08-20T21:25:45.7041883Z   Using cached pydantic_core-2.33.2-cp312-cp312-manylinux_2_17_x86_64.manylinux2014_x86_64.whl.metadata (6.8 kB)
2025-08-20T21:25:45.7287132Z Collecting typing-inspection>=0.4.0 (from pydantic==2.11.7->-r requirements-dev.txt (line 26))
2025-08-20T21:25:45.7298400Z   Using cached typing_inspection-0.4.1-py3-none-any.whl.metadata (2.6 kB)
2025-08-20T21:25:45.7674516Z Collecting et-xmlfile (from openpyxl==3.1.5->-r requirements-dev.txt (line 22))
2025-08-20T21:25:45.7703496Z   Using cached et_xmlfile-2.0.0-py3-none-any.whl.metadata (2.7 kB)
2025-08-20T21:25:45.8224066Z Collecting pytest<9,>=8.2 (from pytest-asyncio==1.1.0->-r requirements-dev.txt (line 28))
2025-08-20T21:25:45.8236453Z   Using cached pytest-8.4.1-py3-none-any.whl.metadata (7.7 kB)
2025-08-20T21:25:46.1521138Z Collecting coverage>=7.5 (from coverage[toml]>=7.5->pytest-cov==6.2.1->-r requirements-dev.txt (line 29))
2025-08-20T21:25:46.1534758Z   Using cached coverage-7.10.4-cp312-cp312-manylinux1_x86_64.manylinux_2_28_x86_64.manylinux_2_5_x86_64.whl.metadata (8.9 kB)
2025-08-20T21:25:46.1770954Z Collecting pluggy>=1.2 (from pytest-cov==6.2.1->-r requirements-dev.txt (line 29))
2025-08-20T21:25:46.1784624Z   Using cached pluggy-1.6.0-py3-none-any.whl.metadata (4.8 kB)
2025-08-20T21:25:46.2192769Z Collecting port-for>=0.7.3 (from pytest-postgresql==7.0.2->-r requirements-dev.txt (line 30))
2025-08-20T21:25:46.2203844Z   Using cached port_for-0.7.4-py3-none-any.whl.metadata (7.1 kB)
2025-08-20T21:25:46.2468314Z Collecting mirakuru>=2.6.0 (from pytest-postgresql==7.0.2->-r requirements-dev.txt (line 30))
2025-08-20T21:25:46.2479466Z   Using cached mirakuru-2.6.1-py3-none-any.whl.metadata (10 kB)
2025-08-20T21:25:46.3428730Z Collecting charset_normalizer<4,>=2 (from requests==2.32.4->-r requirements-dev.txt (line 34))
2025-08-20T21:25:46.3442527Z   Using cached charset_normalizer-3.4.3-cp312-cp312-manylinux2014_x86_64.manylinux_2_17_x86_64.manylinux_2_28_x86_64.whl.metadata (36 kB)
2025-08-20T21:25:46.3702460Z Collecting idna<4,>=2.5 (from requests==2.32.4->-r requirements-dev.txt (line 34))
2025-08-20T21:25:46.3713349Z   Using cached idna-3.10-py3-none-any.whl.metadata (10 kB)
2025-08-20T21:25:46.4086848Z Collecting urllib3<3,>=1.21.1 (from requests==2.32.4->-r requirements-dev.txt (line 34))
2025-08-20T21:25:46.4098754Z   Using cached urllib3-2.5.0-py3-none-any.whl.metadata (6.5 kB)
2025-08-20T21:25:46.4430846Z Collecting certifi>=2017.4.17 (from requests==2.32.4->-r requirements-dev.txt (line 34))
2025-08-20T21:25:46.4442058Z   Using cached certifi-2025.8.3-py3-none-any.whl.metadata (2.4 kB)
2025-08-20T21:25:46.6526677Z Collecting greenlet>=1 (from sqlalchemy==2.0.43->-r requirements-dev.txt (line 37))
2025-08-20T21:25:46.6539698Z   Using cached greenlet-3.2.4-cp312-cp312-manylinux_2_24_x86_64.manylinux_2_28_x86_64.whl.metadata (4.1 kB)
2025-08-20T21:25:46.6894228Z Collecting docker (from testcontainers==4.12.0->testcontainers[postgres]==4.12.0->-r requirements-dev.txt (line 39))
2025-08-20T21:25:46.6905357Z   Using cached docker-7.1.0-py3-none-any.whl.metadata (3.8 kB)
2025-08-20T21:25:46.7962501Z Collecting wrapt (from testcontainers==4.12.0->testcontainers[postgres]==4.12.0->-r requirements-dev.txt (line 39))
2025-08-20T21:25:46.7975083Z   Using cached wrapt-1.17.3-cp312-cp312-manylinux1_x86_64.manylinux_2_28_x86_64.manylinux_2_5_x86_64.whl.metadata (6.4 kB)
2025-08-20T21:25:46.8381110Z Collecting docspec==2.2.1 (from docspec-python==2.2.2->-r requirements-dev.txt (line 41))
2025-08-20T21:25:46.8392120Z   Using cached docspec-2.2.1-py3-none-any.whl.metadata (1.5 kB)
2025-08-20T21:25:46.8661349Z Collecting nr-util>=0.8.12 (from docspec-python==2.2.2->-r requirements-dev.txt (line 41))
2025-08-20T21:25:46.8672439Z   Using cached nr.util-0.8.12-py3-none-any.whl.metadata (813 bytes)
2025-08-20T21:25:46.9117245Z Collecting PyYAML<7.0,>=5.0 (from pydoc-markdown==4.8.2->-r requirements-dev.txt (line 42))
2025-08-20T21:25:46.9140804Z   Using cached PyYAML-6.0.2-cp312-cp312-manylinux_2_17_x86_64.manylinux2014_x86_64.whl.metadata (2.1 kB)
2025-08-20T21:25:46.9521350Z Collecting databind.core<5.0.0,>=4.4.0 (from pydoc-markdown==4.8.2->-r requirements-dev.txt (line 42))
2025-08-20T21:25:46.9532241Z   Using cached databind.core-4.5.2-py3-none-any.whl.metadata (1.1 kB)
2025-08-20T21:25:46.9862129Z Collecting databind.json<5.0.0,>=4.4.0 (from pydoc-markdown==4.8.2->-r requirements-dev.txt (line 42))
2025-08-20T21:25:46.9873318Z   Using cached databind.json-4.5.2-py3-none-any.whl.metadata (1.1 kB)
2025-08-20T21:25:47.0136265Z Collecting docstring-parser<0.12,>=0.11 (from pydoc-markdown==4.8.2->-r requirements-dev.txt (line 42))
2025-08-20T21:25:47.0137675Z   Using cached docstring_parser-0.11-py3-none-any.whl
2025-08-20T21:25:47.0600216Z Collecting tomli<3.0.0,>=2.0.0 (from pydoc-markdown==4.8.2->-r requirements-dev.txt (line 42))
2025-08-20T21:25:47.0612875Z   Using cached tomli-2.2.1-cp312-cp312-manylinux_2_17_x86_64.manylinux2014_x86_64.whl.metadata (11 kB)
2025-08-20T21:25:47.0836337Z Collecting tomli_w<2.0.0,>=1.0.0 (from pydoc-markdown==4.8.2->-r requirements-dev.txt (line 42))
2025-08-20T21:25:47.0847634Z   Using cached tomli_w-1.2.0-py3-none-any.whl.metadata (5.7 kB)
2025-08-20T21:25:47.1425166Z Collecting watchdog (from pydoc-markdown==4.8.2->-r requirements-dev.txt (line 42))
2025-08-20T21:25:47.1436912Z   Using cached watchdog-6.0.0-py3-none-manylinux2014_x86_64.whl.metadata (44 kB)
2025-08-20T21:25:47.1769947Z Collecting yapf>=0.30.0 (from pydoc-markdown==4.8.2->-r requirements-dev.txt (line 42))
2025-08-20T21:25:47.1781828Z   Using cached yapf-0.43.0-py3-none-any.whl.metadata (46 kB)
2025-08-20T21:25:47.2089206Z Collecting Deprecated<2.0.0,>=1.2.12 (from docspec==2.2.1->docspec-python==2.2.2->-r requirements-dev.txt (line 41))
2025-08-20T21:25:47.2100498Z   Using cached Deprecated-1.2.18-py2.py3-none-any.whl.metadata (5.7 kB)
2025-08-20T21:25:47.3750912Z Collecting psycopg-binary==3.2.9 (from psycopg[binary]==3.2.9->-r requirements-dev.txt (line 25))
2025-08-20T21:25:47.3763866Z   Using cached psycopg_binary-3.2.9-cp312-cp312-manylinux_2_17_x86_64.manylinux2014_x86_64.whl.metadata (2.9 kB)
2025-08-20T21:25:47.4209141Z Collecting argon2-cffi (from minio==7.*->-r requirements-dev.txt (line 10))
2025-08-20T21:25:47.4221165Z   Using cached argon2_cffi-25.1.0-py3-none-any.whl.metadata (4.1 kB)
2025-08-20T21:25:47.5132493Z Collecting pycryptodome (from minio==7.*->-r requirements-dev.txt (line 10))
2025-08-20T21:25:47.5146003Z   Using cached pycryptodome-3.23.0-cp37-abi3-manylinux_2_17_x86_64.manylinux2014_x86_64.whl.metadata (3.4 kB)
2025-08-20T21:25:47.5456910Z Collecting anyio (from httpx<0.29,>=0.27->-r requirements-dev.txt (line 16))
2025-08-20T21:25:47.5468740Z   Using cached anyio-4.10.0-py3-none-any.whl.metadata (4.0 kB)
2025-08-20T21:25:47.5763761Z Collecting httpcore==1.* (from httpx<0.29,>=0.27->-r requirements-dev.txt (line 16))
2025-08-20T21:25:47.5776885Z   Using cached httpcore-1.0.9-py3-none-any.whl.metadata (21 kB)
2025-08-20T21:25:47.6321007Z Collecting tzdata>=2022.7 (from pandas==2.2.*->-r requirements-dev.txt (line 23))
2025-08-20T21:25:47.6333806Z   Using cached tzdata-2025.2-py2.py3-none-any.whl.metadata (1.4 kB)
2025-08-20T21:25:47.7613206Z Collecting multimethod<=1.10.0 (from pandera==0.19.*->-r requirements-dev.txt (line 43))
2025-08-20T21:25:47.7626435Z   Using cached multimethod-1.10-py3-none-any.whl.metadata (8.2 kB)
2025-08-20T21:25:47.8117418Z Collecting typeguard (from pandera==0.19.*->-r requirements-dev.txt (line 43))
2025-08-20T21:25:47.8129339Z   Using cached typeguard-4.4.4-py3-none-any.whl.metadata (3.3 kB)
2025-08-20T21:25:47.8349932Z Collecting typing-inspect>=0.6.0 (from pandera==0.19.*->-r requirements-dev.txt (line 43))
2025-08-20T21:25:47.8361514Z   Using cached typing_inspect-0.9.0-py3-none-any.whl.metadata (1.5 kB)
2025-08-20T21:25:47.8751188Z Collecting databind<5.0.0,>=4.5.2 (from databind.core<5.0.0,>=4.4.0->pydoc-markdown==4.8.2->-r requirements-dev.txt (line 42))
2025-08-20T21:25:47.8762236Z   Using cached databind-4.5.2-py3-none-any.whl.metadata (4.3 kB)
2025-08-20T21:25:47.9002074Z Collecting nr-date<3.0.0,>=2.0.0 (from databind<5.0.0,>=4.5.2->databind.core<5.0.0,>=4.4.0->pydoc-markdown==4.8.2->-r requirements-dev.txt (line 42))
2025-08-20T21:25:47.9014248Z   Using cached nr_date-2.1.0-py3-none-any.whl.metadata (746 bytes)
2025-08-20T21:25:47.9260916Z Collecting nr-stream<2.0.0,>=1.0.0 (from databind<5.0.0,>=4.5.2->databind.core<5.0.0,>=4.4.0->pydoc-markdown==4.8.2->-r requirements-dev.txt (line 42))
2025-08-20T21:25:47.9271788Z   Using cached nr_stream-1.1.5-py3-none-any.whl.metadata (3.6 kB)
2025-08-20T21:25:47.9548246Z Collecting typeapi<3,>=2.0.1 (from databind<5.0.0,>=4.5.2->databind.core<5.0.0,>=4.4.0->pydoc-markdown==4.8.2->-r requirements-dev.txt (line 42))
2025-08-20T21:25:47.9559230Z   Using cached typeapi-2.2.4-py3-none-any.whl.metadata (1.5 kB)
2025-08-20T21:25:47.9936082Z Collecting h11>=0.16 (from httpcore==1.*->httpx<0.29,>=0.27->-r requirements-dev.txt (line 16))
2025-08-20T21:25:47.9947129Z   Using cached h11-0.16.0-py3-none-any.whl.metadata (8.3 kB)
2025-08-20T21:25:48.0281097Z Collecting amqp<6.0.0,>=5.1.1 (from kombu<5.6,>=5.5.2->celery==5.5.3->-r requirements-dev.txt (line 12))
2025-08-20T21:25:48.0292719Z   Using cached amqp-5.3.1-py3-none-any.whl.metadata (8.9 kB)
2025-08-20T21:25:48.0824082Z Collecting iniconfig>=1 (from pytest<9,>=8.2->pytest-asyncio==1.1.0->-r requirements-dev.txt (line 28))
2025-08-20T21:25:48.0835376Z   Using cached iniconfig-2.1.0-py3-none-any.whl.metadata (2.7 kB)
2025-08-20T21:25:48.1152879Z Collecting pygments>=2.7.2 (from pytest<9,>=8.2->pytest-asyncio==1.1.0->-r requirements-dev.txt (line 28))
2025-08-20T21:25:48.1163714Z   Using cached pygments-2.19.2-py3-none-any.whl.metadata (2.5 kB)
2025-08-20T21:25:48.1605311Z Collecting sniffio>=1.1 (from anyio->httpx<0.29,>=0.27->-r requirements-dev.txt (line 16))
2025-08-20T21:25:48.1616666Z   Using cached sniffio-1.3.1-py3-none-any.whl.metadata (3.9 kB)
2025-08-20T21:25:48.6486843Z Collecting botocore<1.41.0,>=1.40.14 (from boto3->-r requirements-dev.txt (line 8))
2025-08-20T21:25:48.6500737Z   Using cached botocore-1.40.14-py3-none-any.whl.metadata (5.7 kB)
2025-08-20T21:25:48.6739534Z Collecting jmespath<2.0.0,>=0.7.1 (from boto3->-r requirements-dev.txt (line 8))
2025-08-20T21:25:48.6751370Z   Using cached jmespath-1.0.1-py3-none-any.whl.metadata (7.6 kB)
2025-08-20T21:25:48.7017607Z Collecting s3transfer<0.14.0,>=0.13.0 (from boto3->-r requirements-dev.txt (line 8))
2025-08-20T21:25:48.7029585Z   Using cached s3transfer-0.13.1-py3-none-any.whl.metadata (1.7 kB)
2025-08-20T21:25:48.9270298Z Collecting fastapi-cli>=0.0.8 (from fastapi-cli[standard]>=0.0.8; extra == "all"->fastapi[all]->-r requirements-dev.txt (line 14))
2025-08-20T21:25:48.9281182Z   Using cached fastapi_cli-0.0.8-py3-none-any.whl.metadata (6.3 kB)
2025-08-20T21:25:49.0103514Z Collecting ujson!=4.0.2,!=4.1.0,!=4.2.0,!=4.3.0,!=5.0.0,!=5.1.0,>=4.0.1 (from fastapi[all]->-r requirements-dev.txt (line 14))
2025-08-20T21:25:49.0116691Z   Using cached ujson-5.11.0-cp312-cp312-manylinux_2_24_x86_64.manylinux_2_28_x86_64.whl.metadata (9.4 kB)
2025-08-20T21:25:49.2533019Z Collecting orjson>=3.2.1 (from fastapi[all]->-r requirements-dev.txt (line 14))
2025-08-20T21:25:49.2545729Z   Using cached orjson-3.11.2-cp312-cp312-manylinux_2_17_x86_64.manylinux2014_x86_64.whl.metadata (1.2 kB)
2025-08-20T21:25:49.2793947Z Collecting email-validator>=2.0.0 (from fastapi[all]->-r requirements-dev.txt (line 14))
2025-08-20T21:25:49.2805959Z   Using cached email_validator-2.2.0-py3-none-any.whl.metadata (25 kB)
2025-08-20T21:25:49.3212049Z Collecting uvicorn>=0.12.0 (from uvicorn[standard]>=0.12.0; extra == "all"->fastapi[all]->-r requirements-dev.txt (line 14))
2025-08-20T21:25:49.3223345Z   Using cached uvicorn-0.35.0-py3-none-any.whl.metadata (6.5 kB)
2025-08-20T21:25:49.3499488Z Collecting pydantic-settings>=2.0.0 (from fastapi[all]->-r requirements-dev.txt (line 14))
2025-08-20T21:25:49.3510828Z   Using cached pydantic_settings-2.10.1-py3-none-any.whl.metadata (3.4 kB)
2025-08-20T21:25:49.3771508Z Collecting pydantic-extra-types>=2.0.0 (from fastapi[all]->-r requirements-dev.txt (line 14))
2025-08-20T21:25:49.3782660Z   Using cached pydantic_extra_types-2.10.5-py3-none-any.whl.metadata (3.9 kB)
2025-08-20T21:25:49.4590555Z Collecting prompt-toolkit>=3.0.36 (from click-repl>=0.2.0->celery==5.5.3->-r requirements-dev.txt (line 12))
2025-08-20T21:25:49.4602024Z   Using cached prompt_toolkit-3.0.51-py3-none-any.whl.metadata (6.4 kB)
2025-08-20T21:25:49.4910827Z Collecting dnspython>=2.0.0 (from email-validator>=2.0.0->fastapi[all]->-r requirements-dev.txt (line 14))
2025-08-20T21:25:49.4922701Z   Using cached dnspython-2.7.0-py3-none-any.whl.metadata (5.8 kB)
2025-08-20T21:25:49.5335408Z Collecting typer>=0.15.1 (from fastapi-cli>=0.0.8->fastapi-cli[standard]>=0.0.8; extra == "all"->fastapi[all]->-r requirements-dev.txt (line 14))
2025-08-20T21:25:49.5347190Z   Using cached typer-0.16.1-py3-none-any.whl.metadata (15 kB)
2025-08-20T21:25:49.5734780Z Collecting rich-toolkit>=0.14.8 (from fastapi-cli>=0.0.8->fastapi-cli[standard]>=0.0.8; extra == "all"->fastapi[all]->-r requirements-dev.txt (line 14))
2025-08-20T21:25:49.5745931Z   Using cached rich_toolkit-0.15.0-py3-none-any.whl.metadata (1.0 kB)
2025-08-20T21:25:49.5980931Z Collecting fastapi-cloud-cli>=0.1.1 (from fastapi-cli[standard]>=0.0.8; extra == "all"->fastapi[all]->-r requirements-dev.txt (line 14))
2025-08-20T21:25:49.5992131Z   Using cached fastapi_cloud_cli-0.1.5-py3-none-any.whl.metadata (3.2 kB)
2025-08-20T21:25:49.6818162Z Collecting rignore>=0.5.1 (from fastapi-cloud-cli>=0.1.1->fastapi-cli[standard]>=0.0.8; extra == "all"->fastapi[all]->-r requirements-dev.txt (line 14))
2025-08-20T21:25:49.6829944Z   Using cached rignore-0.6.4-cp312-cp312-manylinux_2_17_x86_64.manylinux2014_x86_64.whl.metadata (3.8 kB)
2025-08-20T21:25:49.7905106Z Collecting sentry-sdk>=2.20.0 (from fastapi-cloud-cli>=0.1.1->fastapi-cli[standard]>=0.0.8; extra == "all"->fastapi[all]->-r requirements-dev.txt (line 14))
2025-08-20T21:25:49.7917441Z   Using cached sentry_sdk-2.35.0-py2.py3-none-any.whl.metadata (10 kB)
2025-08-20T21:25:49.8962834Z Collecting psutil>=4.0.0 (from mirakuru>=2.6.0->pytest-postgresql==7.0.2->-r requirements-dev.txt (line 30))
2025-08-20T21:25:49.8975319Z   Using cached psutil-7.0.0-cp36-abi3-manylinux_2_12_x86_64.manylinux2010_x86_64.manylinux_2_17_x86_64.manylinux2014_x86_64.whl.metadata (22 kB)
2025-08-20T21:25:49.9412793Z Collecting wcwidth (from prompt-toolkit>=3.0.36->click-repl>=0.2.0->celery==5.5.3->-r requirements-dev.txt (line 12))
2025-08-20T21:25:49.9422898Z   Using cached wcwidth-0.2.13-py2.py3-none-any.whl.metadata (14 kB)
2025-08-20T21:25:50.1000440Z Collecting rich>=13.7.1 (from rich-toolkit>=0.14.8->fastapi-cli>=0.0.8->fastapi-cli[standard]>=0.0.8; extra == "all"->fastapi[all]->-r requirements-dev.txt (line 14))
2025-08-20T21:25:50.1012517Z   Using cached rich-14.1.0-py3-none-any.whl.metadata (18 kB)
2025-08-20T21:25:50.1321167Z Collecting markdown-it-py>=2.2.0 (from rich>=13.7.1->rich-toolkit>=0.14.8->fastapi-cli>=0.0.8->fastapi-cli[standard]>=0.0.8; extra == "all"->fastapi[all]->-r requirements-dev.txt (line 14))
2025-08-20T21:25:50.1332770Z   Using cached markdown_it_py-4.0.0-py3-none-any.whl.metadata (7.3 kB)
2025-08-20T21:25:50.1643943Z Collecting mdurl~=0.1 (from markdown-it-py>=2.2.0->rich>=13.7.1->rich-toolkit>=0.14.8->fastapi-cli>=0.0.8->fastapi-cli[standard]>=0.0.8; extra == "all"->fastapi[all]->-r requirements-dev.txt (line 14))
2025-08-20T21:25:50.1661281Z   Using cached mdurl-0.1.2-py3-none-any.whl.metadata (1.6 kB)
2025-08-20T21:25:50.2386277Z Collecting shellingham>=1.3.0 (from typer>=0.15.1->fastapi-cli>=0.0.8->fastapi-cli[standard]>=0.0.8; extra == "all"->fastapi[all]->-r requirements-dev.txt (line 14))
2025-08-20T21:25:50.2401678Z   Using cached shellingham-1.5.4-py2.py3-none-any.whl.metadata (3.5 kB)
2025-08-20T21:25:50.3276668Z Collecting httptools>=0.6.3 (from uvicorn[standard]>=0.12.0; extra == "all"->fastapi[all]->-r requirements-dev.txt (line 14))
2025-08-20T21:25:50.3289714Z   Using cached httptools-0.6.4-cp312-cp312-manylinux_2_5_x86_64.manylinux1_x86_64.manylinux_2_17_x86_64.manylinux2014_x86_64.whl.metadata (3.6 kB)
2025-08-20T21:25:50.3832749Z Collecting uvloop>=0.15.1 (from uvicorn[standard]>=0.12.0; extra == "all"->fastapi[all]->-r requirements-dev.txt (line 14))
2025-08-20T21:25:50.3845566Z   Using cached uvloop-0.21.0-cp312-cp312-manylinux_2_17_x86_64.manylinux2014_x86_64.whl.metadata (4.9 kB)
2025-08-20T21:25:50.4642077Z Collecting watchfiles>=0.13 (from uvicorn[standard]>=0.12.0; extra == "all"->fastapi[all]->-r requirements-dev.txt (line 14))
2025-08-20T21:25:50.4654875Z   Using cached watchfiles-1.1.0-cp312-cp312-manylinux_2_17_x86_64.manylinux2014_x86_64.whl.metadata (4.9 kB)
2025-08-20T21:25:50.6724033Z Collecting websockets>=10.4 (from uvicorn[standard]>=0.12.0; extra == "all"->fastapi[all]->-r requirements-dev.txt (line 14))
2025-08-20T21:25:50.6737693Z   Using cached websockets-15.0.1-cp312-cp312-manylinux_2_5_x86_64.manylinux1_x86_64.manylinux_2_17_x86_64.manylinux2014_x86_64.whl.metadata (6.8 kB)
2025-08-20T21:25:50.7290567Z Collecting argon2-cffi-bindings (from argon2-cffi->minio==7.*->-r requirements-dev.txt (line 10))
2025-08-20T21:25:50.7302552Z   Using cached argon2_cffi_bindings-25.1.0-cp39-abi3-manylinux_2_26_x86_64.manylinux_2_28_x86_64.whl.metadata (7.4 kB)
2025-08-20T21:25:50.8440292Z Collecting cffi>=1.0.1 (from argon2-cffi-bindings->argon2-cffi->minio==7.*->-r requirements-dev.txt (line 10))
2025-08-20T21:25:50.8454043Z   Using cached cffi-1.17.1-cp312-cp312-manylinux_2_17_x86_64.manylinux2014_x86_64.whl.metadata (1.5 kB)
2025-08-20T21:25:50.8723691Z Collecting pycparser (from cffi>=1.0.1->argon2-cffi-bindings->argon2-cffi->minio==7.*->-r requirements-dev.txt (line 10))
2025-08-20T21:25:50.8735045Z   Using cached pycparser-2.22-py3-none-any.whl.metadata (943 bytes)
2025-08-20T21:25:50.9426593Z Using cached jinja2-3.1.6-py3-none-any.whl (134 kB)
2025-08-20T21:25:50.9438736Z Using cached alembic-1.16.4-py3-none-any.whl (247 kB)
2025-08-20T21:25:50.9451144Z Using cached APScheduler-3.10.4-py3-none-any.whl (59 kB)
2025-08-20T21:25:50.9462486Z Using cached asgi_correlation_id-4.3.1-py3-none-any.whl (15 kB)
2025-08-20T21:25:50.9473997Z Using cached asyncpg-0.30.0-cp312-cp312-manylinux_2_17_x86_64.manylinux2014_x86_64.whl (3.6 MB)
2025-08-20T21:25:50.9510851Z Using cached black-25.1.0-cp312-cp312-manylinux_2_17_x86_64.manylinux2014_x86_64.manylinux_2_28_x86_64.whl (1.8 MB)
2025-08-20T21:25:50.9534718Z Using cached vulture-2.10-py2.py3-none-any.whl (27 kB)
2025-08-20T21:25:50.9545876Z Using cached celery-5.5.3-py3-none-any.whl (438 kB)
2025-08-20T21:25:50.9559785Z Using cached fastapi-0.116.1-py3-none-any.whl (95 kB)
2025-08-20T21:25:50.9571575Z Using cached pydantic-2.11.7-py3-none-any.whl (444 kB)
2025-08-20T21:25:50.9585448Z Using cached fastapi_limiter-0.1.6-py3-none-any.whl (15 kB)
2025-08-20T21:25:50.9596460Z Using cached IMAPClient-3.0.1-py2.py3-none-any.whl (182 kB)
2025-08-20T21:25:50.9608650Z Using cached mypy_extensions-1.1.0-py3-none-any.whl (5.0 kB)
2025-08-20T21:25:50.9619845Z Using cached openpyxl-3.1.5-py2.py3-none-any.whl (250 kB)
2025-08-20T21:25:50.9632759Z Using cached psycopg2_binary-2.9.10-cp312-cp312-manylinux_2_17_x86_64.manylinux2014_x86_64.whl (3.0 MB)
2025-08-20T21:25:50.9665600Z Using cached psycopg-3.2.9-py3-none-any.whl (202 kB)
2025-08-20T21:25:50.9678031Z Using cached pytest_asyncio-1.1.0-py3-none-any.whl (15 kB)
2025-08-20T21:25:50.9689073Z Using cached pytest_cov-6.2.1-py3-none-any.whl (24 kB)
2025-08-20T21:25:50.9700387Z Using cached pytest_postgresql-7.0.2-py3-none-any.whl (41 kB)
2025-08-20T21:25:50.9711722Z Using cached python_telegram_bot-22.3-py3-none-any.whl (717 kB)
2025-08-20T21:25:50.9727518Z Using cached requests-2.32.4-py3-none-any.whl (64 kB)
2025-08-20T21:25:50.9739038Z Using cached respx-0.22.0-py2.py3-none-any.whl (25 kB)
2025-08-20T21:25:50.9750504Z Using cached ruff-0.9.9-py3-none-manylinux_2_17_x86_64.manylinux2014_x86_64.whl (11.2 MB)
2025-08-20T21:25:50.9840141Z Using cached sqlalchemy-2.0.43-cp312-cp312-manylinux_2_17_x86_64.manylinux2014_x86_64.whl (3.3 MB)
2025-08-20T21:25:50.9874546Z Using cached structlog-24.1.0-py3-none-any.whl (65 kB)
2025-08-20T21:25:50.9885872Z Using cached testcontainers-4.12.0-py3-none-any.whl (111 kB)
2025-08-20T21:25:50.9897689Z Using cached types_requests-2.32.4.20250809-py3-none-any.whl (20 kB)
2025-08-20T21:25:50.9909033Z Using cached docspec_python-2.2.2-py3-none-any.whl (15 kB)
2025-08-20T21:25:50.9920133Z Using cached pydoc_markdown-4.8.2-py3-none-any.whl (67 kB)
2025-08-20T21:25:50.9931329Z Using cached docspec-2.2.1-py3-none-any.whl (9.8 kB)
2025-08-20T21:25:50.9942712Z Using cached psycopg_binary-3.2.9-cp312-cp312-manylinux_2_17_x86_64.manylinux2014_x86_64.whl (4.4 MB)
2025-08-20T21:25:50.9984528Z Using cached pydantic_core-2.33.2-cp312-cp312-manylinux_2_17_x86_64.manylinux2014_x86_64.whl (2.0 MB)
2025-08-20T21:25:51.0009984Z Using cached redis-6.4.0-py3-none-any.whl (279 kB)
2025-08-20T21:25:51.0023319Z Using cached minio-7.2.16-py3-none-any.whl (95 kB)
2025-08-20T21:25:51.0035122Z Using cached httpx-0.28.1-py3-none-any.whl (73 kB)
2025-08-20T21:25:51.0047151Z Using cached mypy-1.17.1-cp312-cp312-manylinux2014_x86_64.manylinux_2_17_x86_64.manylinux_2_28_x86_64.whl (12.7 MB)
2025-08-20T21:25:51.0146725Z Using cached numpy-1.26.4-cp312-cp312-manylinux_2_17_x86_64.manylinux2014_x86_64.whl (18.0 MB)
2025-08-20T21:25:51.0287576Z Using cached pandas-2.2.3-cp312-cp312-manylinux_2_17_x86_64.manylinux2014_x86_64.whl (12.7 MB)
2025-08-20T21:25:51.0388777Z Using cached pandera-0.19.3-py3-none-any.whl (251 kB)
2025-08-20T21:25:51.0401824Z Using cached billiard-4.2.1-py3-none-any.whl (86 kB)
2025-08-20T21:25:51.0414180Z Using cached charset_normalizer-3.4.3-cp312-cp312-manylinux2014_x86_64.manylinux_2_17_x86_64.manylinux_2_28_x86_64.whl (151 kB)
2025-08-20T21:25:51.0426038Z Using cached click-8.2.1-py3-none-any.whl (102 kB)
2025-08-20T21:25:51.0438069Z Using cached databind.core-4.5.2-py3-none-any.whl (1.5 kB)
2025-08-20T21:25:51.0449389Z Using cached databind-4.5.2-py3-none-any.whl (49 kB)
2025-08-20T21:25:51.0460688Z Using cached databind.json-4.5.2-py3-none-any.whl (1.5 kB)
2025-08-20T21:25:51.0471830Z Using cached Deprecated-1.2.18-py2.py3-none-any.whl (10.0 kB)
2025-08-20T21:25:51.0482900Z Using cached httpcore-1.0.9-py3-none-any.whl (78 kB)
2025-08-20T21:25:51.0494248Z Using cached idna-3.10-py3-none-any.whl (70 kB)
2025-08-20T21:25:51.0505559Z Using cached kombu-5.5.4-py3-none-any.whl (210 kB)
2025-08-20T21:25:51.0517551Z Using cached vine-5.1.0-py3-none-any.whl (9.6 kB)
2025-08-20T21:25:51.0528461Z Using cached amqp-5.3.1-py3-none-any.whl (50 kB)
2025-08-20T21:25:51.0539571Z Using cached multimethod-1.10-py3-none-any.whl (9.9 kB)
2025-08-20T21:25:51.0550332Z Using cached nr_date-2.1.0-py3-none-any.whl (10 kB)
2025-08-20T21:25:51.0561283Z Using cached nr_stream-1.1.5-py3-none-any.whl (10 kB)
2025-08-20T21:25:51.0572216Z Using cached nr.util-0.8.12-py3-none-any.whl (90 kB)
2025-08-20T21:25:51.0583685Z Using cached pytest-8.4.1-py3-none-any.whl (365 kB)
2025-08-20T21:25:51.0597262Z Using cached pluggy-1.6.0-py3-none-any.whl (20 kB)
2025-08-20T21:25:51.0609345Z Using cached PyYAML-6.0.2-cp312-cp312-manylinux_2_17_x86_64.manylinux2014_x86_64.whl (767 kB)
2025-08-20T21:25:51.0625596Z Using cached starlette-0.47.2-py3-none-any.whl (72 kB)
2025-08-20T21:25:51.0636810Z Using cached anyio-4.10.0-py3-none-any.whl (107 kB)
2025-08-20T21:25:51.0648623Z Using cached tomli-2.2.1-cp312-cp312-manylinux_2_17_x86_64.manylinux2014_x86_64.whl (242 kB)
2025-08-20T21:25:51.0661198Z Using cached tomli_w-1.2.0-py3-none-any.whl (6.7 kB)
2025-08-20T21:25:51.0672242Z Using cached typeapi-2.2.4-py3-none-any.whl (26 kB)
2025-08-20T21:25:51.0683568Z Using cached typing_extensions-4.14.1-py3-none-any.whl (43 kB)
2025-08-20T21:25:51.0694752Z Using cached urllib3-2.5.0-py3-none-any.whl (129 kB)
2025-08-20T21:25:51.0706943Z Using cached wrapt-1.17.3-cp312-cp312-manylinux1_x86_64.manylinux_2_28_x86_64.manylinux_2_5_x86_64.whl (88 kB)
2025-08-20T21:25:51.0718283Z Using cached boto3-1.40.14-py3-none-any.whl (140 kB)
2025-08-20T21:25:51.0730294Z Using cached botocore-1.40.14-py3-none-any.whl (14.0 MB)
2025-08-20T21:25:51.0843402Z Using cached jmespath-1.0.1-py3-none-any.whl (20 kB)
2025-08-20T21:25:51.0854867Z Using cached python_dateutil-2.9.0.post0-py2.py3-none-any.whl (229 kB)
2025-08-20T21:25:51.0867412Z Using cached s3transfer-0.13.1-py3-none-any.whl (85 kB)
2025-08-20T21:25:51.0879226Z Using cached itsdangerous-2.2.0-py3-none-any.whl (16 kB)
2025-08-20T21:25:51.0890434Z Using cached setuptools-80.9.0-py3-none-any.whl (1.2 MB)
2025-08-20T21:25:51.0910047Z Using cached python_dotenv-1.1.1-py3-none-any.whl (20 kB)
2025-08-20T21:25:51.0921527Z Using cached python_multipart-0.0.20-py3-none-any.whl (24 kB)
2025-08-20T21:25:51.0932780Z Using cached annotated_types-0.7.0-py3-none-any.whl (13 kB)
2025-08-20T21:25:51.0943821Z Using cached certifi-2025.8.3-py3-none-any.whl (161 kB)
2025-08-20T21:25:51.0955793Z Using cached click_didyoumean-0.3.1-py3-none-any.whl (3.6 kB)
2025-08-20T21:25:51.0967318Z Using cached click_plugins-1.1.1.2-py2.py3-none-any.whl (11 kB)
2025-08-20T21:25:51.0978476Z Using cached click_repl-0.3.0-py3-none-any.whl (10 kB)
2025-08-20T21:25:51.0989864Z Using cached coverage-7.10.4-cp312-cp312-manylinux1_x86_64.manylinux_2_28_x86_64.manylinux_2_5_x86_64.whl (251 kB)
2025-08-20T21:25:51.1002153Z Using cached email_validator-2.2.0-py3-none-any.whl (33 kB)
2025-08-20T21:25:51.1013319Z Using cached dnspython-2.7.0-py3-none-any.whl (313 kB)
2025-08-20T21:25:51.1026298Z Using cached fastapi_cli-0.0.8-py3-none-any.whl (10 kB)
2025-08-20T21:25:51.1037130Z Using cached fastapi_cloud_cli-0.1.5-py3-none-any.whl (18 kB)
2025-08-20T21:25:51.1048685Z Using cached greenlet-3.2.4-cp312-cp312-manylinux_2_24_x86_64.manylinux_2_28_x86_64.whl (607 kB)
2025-08-20T21:25:51.1063963Z Using cached h11-0.16.0-py3-none-any.whl (37 kB)
2025-08-20T21:25:51.1075336Z Using cached iniconfig-2.1.0-py3-none-any.whl (6.0 kB)
2025-08-20T21:25:51.1087431Z Using cached MarkupSafe-3.0.2-cp312-cp312-manylinux_2_17_x86_64.manylinux2014_x86_64.whl (23 kB)
2025-08-20T21:25:51.1098455Z Using cached mirakuru-2.6.1-py3-none-any.whl (26 kB)
2025-08-20T21:25:51.1109884Z Using cached orjson-3.11.2-cp312-cp312-manylinux_2_17_x86_64.manylinux2014_x86_64.whl (121 kB)
2025-08-20T21:25:51.1121464Z Using cached packaging-25.0-py3-none-any.whl (66 kB)
2025-08-20T21:25:51.1132704Z Using cached pathspec-0.12.1-py3-none-any.whl (31 kB)
2025-08-20T21:25:51.1143837Z Using cached platformdirs-4.3.8-py3-none-any.whl (18 kB)
2025-08-20T21:25:51.1154720Z Using cached port_for-0.7.4-py3-none-any.whl (21 kB)
2025-08-20T21:25:51.1165882Z Using cached prompt_toolkit-3.0.51-py3-none-any.whl (387 kB)
2025-08-20T21:25:51.1180320Z Using cached psutil-7.0.0-cp36-abi3-manylinux_2_12_x86_64.manylinux2010_x86_64.manylinux_2_17_x86_64.manylinux2014_x86_64.whl (277 kB)
2025-08-20T21:25:51.1192920Z Using cached pydantic_extra_types-2.10.5-py3-none-any.whl (38 kB)
2025-08-20T21:25:51.1204193Z Using cached pydantic_settings-2.10.1-py3-none-any.whl (45 kB)
2025-08-20T21:25:51.1215566Z Using cached pygments-2.19.2-py3-none-any.whl (1.2 MB)
2025-08-20T21:25:51.1236245Z Using cached pytz-2025.2-py2.py3-none-any.whl (509 kB)
2025-08-20T21:25:51.1251927Z Using cached rich_toolkit-0.15.0-py3-none-any.whl (29 kB)
2025-08-20T21:25:51.1263349Z Using cached rich-14.1.0-py3-none-any.whl (243 kB)
2025-08-20T21:25:51.1276118Z Using cached markdown_it_py-4.0.0-py3-none-any.whl (87 kB)
2025-08-20T21:25:51.1288235Z Using cached mdurl-0.1.2-py3-none-any.whl (10.0 kB)
2025-08-20T21:25:51.1299731Z Using cached rignore-0.6.4-cp312-cp312-manylinux_2_17_x86_64.manylinux2014_x86_64.whl (949 kB)
2025-08-20T21:25:51.1317117Z Using cached sentry_sdk-2.35.0-py2.py3-none-any.whl (363 kB)
2025-08-20T21:25:51.1330607Z Using cached six-1.17.0-py2.py3-none-any.whl (11 kB)
2025-08-20T21:25:51.1341262Z Using cached sniffio-1.3.1-py3-none-any.whl (10 kB)
2025-08-20T21:25:51.1351894Z Using cached typer-0.16.1-py3-none-any.whl (46 kB)
2025-08-20T21:25:51.1362697Z Using cached shellingham-1.5.4-py2.py3-none-any.whl (9.8 kB)
2025-08-20T21:25:51.1373241Z Using cached typing_inspect-0.9.0-py3-none-any.whl (8.8 kB)
2025-08-20T21:25:51.1384218Z Using cached typing_inspection-0.4.1-py3-none-any.whl (14 kB)
2025-08-20T21:25:51.1395122Z Using cached tzdata-2025.2-py2.py3-none-any.whl (347 kB)
2025-08-20T21:25:51.1408614Z Using cached tzlocal-5.3.1-py3-none-any.whl (18 kB)
2025-08-20T21:25:51.1419293Z Using cached ujson-5.11.0-cp312-cp312-manylinux_2_24_x86_64.manylinux_2_28_x86_64.whl (57 kB)
2025-08-20T21:25:51.1430149Z Using cached uvicorn-0.35.0-py3-none-any.whl (66 kB)
2025-08-20T21:25:51.1441769Z Using cached httptools-0.6.4-cp312-cp312-manylinux_2_5_x86_64.manylinux1_x86_64.manylinux_2_17_x86_64.manylinux2014_x86_64.whl (510 kB)
2025-08-20T21:25:51.1455721Z Using cached uvloop-0.21.0-cp312-cp312-manylinux_2_17_x86_64.manylinux2014_x86_64.whl (4.7 MB)
2025-08-20T21:25:51.1500144Z Using cached watchfiles-1.1.0-cp312-cp312-manylinux_2_17_x86_64.manylinux2014_x86_64.whl (452 kB)
2025-08-20T21:25:51.1514083Z Using cached websockets-15.0.1-cp312-cp312-manylinux_2_5_x86_64.manylinux1_x86_64.manylinux_2_17_x86_64.manylinux2014_x86_64.whl (182 kB)
2025-08-20T21:25:51.1525423Z Using cached yapf-0.43.0-py3-none-any.whl (256 kB)
2025-08-20T21:25:51.1537984Z Using cached argon2_cffi-25.1.0-py3-none-any.whl (14 kB)
2025-08-20T21:25:51.1549130Z Using cached argon2_cffi_bindings-25.1.0-cp39-abi3-manylinux_2_26_x86_64.manylinux_2_28_x86_64.whl (87 kB)
2025-08-20T21:25:51.1566990Z Using cached cffi-1.17.1-cp312-cp312-manylinux_2_17_x86_64.manylinux2014_x86_64.whl (479 kB)
2025-08-20T21:25:51.1574841Z Using cached docker-7.1.0-py3-none-any.whl (147 kB)
2025-08-20T21:25:51.1586421Z Using cached et_xmlfile-2.0.0-py3-none-any.whl (18 kB)
2025-08-20T21:25:51.1597116Z Using cached mako-1.3.10-py3-none-any.whl (78 kB)
2025-08-20T21:25:51.1608749Z Using cached pycparser-2.22-py3-none-any.whl (117 kB)
2025-08-20T21:25:51.1621184Z Using cached pycryptodome-3.23.0-cp37-abi3-manylinux_2_17_x86_64.manylinux2014_x86_64.whl (2.3 MB)
2025-08-20T21:25:51.1647484Z Using cached toml-0.10.2-py2.py3-none-any.whl (16 kB)
2025-08-20T21:25:51.1658337Z Using cached typeguard-4.4.4-py3-none-any.whl (34 kB)
2025-08-20T21:25:51.1670123Z Using cached watchdog-6.0.0-py3-none-manylinux2014_x86_64.whl (79 kB)
2025-08-20T21:25:51.1681489Z Using cached wcwidth-0.2.13-py2.py3-none-any.whl (34 kB)
2025-08-20T21:25:51.6473044Z Installing collected packages: wcwidth, pytz, wrapt, websockets, watchdog, vine, uvloop, urllib3, ujson, tzlocal, tzdata, typing-extensions, tomli_w, tomli, toml, structlog, sniffio, six, shellingham, setuptools, ruff, rignore, redis, PyYAML, python-multipart, python-dotenv, pygments, pycryptodome, pycparser, psycopg2-binary, psycopg-binary, psutil, prompt-toolkit, port-for, pluggy, platformdirs, pathspec, packaging, orjson, numpy, nr-stream, nr-date, mypy-extensions, multimethod, mdurl, MarkupSafe, jmespath, itsdangerous, iniconfig, imapclient, idna, httptools, h11, greenlet, et-xmlfile, docstring-parser, dnspython, coverage, click, charset_normalizer, certifi, billiard, asyncpg, annotated-types, yapf, vulture, uvicorn, typing-inspection, typing-inspect, types-requests, typeguard, typeapi, sqlalchemy, sentry-sdk, requests, python-dateutil, pytest, pydantic-core, psycopg, openpyxl, mypy, mirakuru, markdown-it-py, Mako, Jinja2, httpcore, email-validator, Deprecated, click-repl, click-plugins, click-didyoumean, cffi, black, apscheduler, anyio, amqp, watchfiles, starlette, rich, pytest-postgresql, pytest-cov, pytest-asyncio, pydantic, pandas, nr-util, kombu, httpx, docker, databind, botocore, argon2-cffi-bindings, alembic, typer, testcontainers, s3transfer, rich-toolkit, respx, python-telegram-bot, pydantic-settings, pydantic-extra-types, pandera, fastapi, databind.json, databind.core, celery, asgi-correlation-id, argon2-cffi, minio, fastapi-limiter, fastapi-cloud-cli, fastapi-cli, docspec, boto3, docspec-python, pydoc-markdown
2025-08-20T21:26:10.8317100Z 
2025-08-20T21:26:10.8438762Z Successfully installed Deprecated-1.2.18 Jinja2-3.1.6 Mako-1.3.10 MarkupSafe-3.0.2 PyYAML-6.0.2 alembic-1.16.4 amqp-5.3.1 annotated-types-0.7.0 anyio-4.10.0 apscheduler-3.10.4 argon2-cffi-25.1.0 argon2-cffi-bindings-25.1.0 asgi-correlation-id-4.3.1 asyncpg-0.30.0 billiard-4.2.1 black-25.1.0 boto3-1.40.14 botocore-1.40.14 celery-5.5.3 certifi-2025.8.3 cffi-1.17.1 charset_normalizer-3.4.3 click-8.2.1 click-didyoumean-0.3.1 click-plugins-1.1.1.2 click-repl-0.3.0 coverage-7.10.4 databind-4.5.2 databind.core-4.5.2 databind.json-4.5.2 dnspython-2.7.0 docker-7.1.0 docspec-2.2.1 docspec-python-2.2.2 docstring-parser-0.11 email-validator-2.2.0 et-xmlfile-2.0.0 fastapi-0.116.1 fastapi-cli-0.0.8 fastapi-cloud-cli-0.1.5 fastapi-limiter-0.1.6 greenlet-3.2.4 h11-0.16.0 httpcore-1.0.9 httptools-0.6.4 httpx-0.28.1 idna-3.10 imapclient-3.0.1 iniconfig-2.1.0 itsdangerous-2.2.0 jmespath-1.0.1 kombu-5.5.4 markdown-it-py-4.0.0 mdurl-0.1.2 minio-7.2.16 mirakuru-2.6.1 multimethod-1.10 mypy-1.17.1 mypy-extensions-1.1.0 nr-date-2.1.0 nr-stream-1.1.5 nr-util-0.8.12 numpy-1.26.4 openpyxl-3.1.5 orjson-3.11.2 packaging-25.0 pandas-2.2.3 pandera-0.19.3 pathspec-0.12.1 platformdirs-4.3.8 pluggy-1.6.0 port-for-0.7.4 prompt-toolkit-3.0.51 psutil-7.0.0 psycopg-3.2.9 psycopg-binary-3.2.9 psycopg2-binary-2.9.10 pycparser-2.22 pycryptodome-3.23.0 pydantic-2.11.7 pydantic-core-2.33.2 pydantic-extra-types-2.10.5 pydantic-settings-2.10.1 pydoc-markdown-4.8.2 pygments-2.19.2 pytest-8.4.1 pytest-asyncio-1.1.0 pytest-cov-6.2.1 pytest-postgresql-7.0.2 python-dateutil-2.9.0.post0 python-dotenv-1.1.1 python-multipart-0.0.20 python-telegram-bot-22.3 pytz-2025.2 redis-6.4.0 requests-2.32.4 respx-0.22.0 rich-14.1.0 rich-toolkit-0.15.0 rignore-0.6.4 ruff-0.9.9 s3transfer-0.13.1 sentry-sdk-2.35.0 setuptools-80.9.0 shellingham-1.5.4 six-1.17.0 sniffio-1.3.1 sqlalchemy-2.0.43 starlette-0.47.2 structlog-24.1.0 testcontainers-4.12.0 toml-0.10.2 tomli-2.2.1 tomli_w-1.2.0 typeapi-2.2.4 typeguard-4.4.4 typer-0.16.1 types-requests-2.32.4.20250809 typing-extensions-4.14.1 typing-inspect-0.9.0 typing-inspection-0.4.1 tzdata-2025.2 tzlocal-5.3.1 ujson-5.11.0 urllib3-2.5.0 uvicorn-0.35.0 uvloop-0.21.0 vine-5.1.0 vulture-2.10 watchdog-6.0.0 watchfiles-1.1.0 wcwidth-0.2.13 websockets-15.0.1 wrapt-1.17.3 yapf-0.43.0
2025-08-20T21:26:12.2725642Z Collecting keepa==1.3.15
2025-08-20T21:26:12.2741948Z   Using cached keepa-1.3.15-py3-none-any.whl.metadata (11 kB)
2025-08-20T21:26:12.3149667Z Collecting minio==7.1.15
2025-08-20T21:26:12.3162594Z   Using cached minio-7.1.15-py3-none-any.whl.metadata (4.2 kB)
2025-08-20T21:26:12.3192486Z Requirement already satisfied: numpy>=1.9.3 in /opt/hostedtoolcache/Python/3.12.11/x64/lib/python3.12/site-packages (from keepa==1.3.15) (1.26.4)
2025-08-20T21:26:12.3197742Z Requirement already satisfied: requests>=2.2 in /opt/hostedtoolcache/Python/3.12.11/x64/lib/python3.12/site-packages (from keepa==1.3.15) (2.32.4)
2025-08-20T21:26:12.3632213Z Collecting tqdm (from keepa==1.3.15)
2025-08-20T21:26:12.3644616Z   Using cached tqdm-4.67.1-py3-none-any.whl.metadata (57 kB)
2025-08-20T21:26:12.8568303Z Collecting aiohttp (from keepa==1.3.15)
2025-08-20T21:26:12.8581119Z   Using cached aiohttp-3.12.15-cp312-cp312-manylinux_2_17_x86_64.manylinux2014_x86_64.whl.metadata (7.7 kB)
2025-08-20T21:26:12.8614653Z Requirement already satisfied: pandas<=3.0 in /opt/hostedtoolcache/Python/3.12.11/x64/lib/python3.12/site-packages (from keepa==1.3.15) (2.2.3)
2025-08-20T21:26:12.8618547Z Requirement already satisfied: pydantic in /opt/hostedtoolcache/Python/3.12.11/x64/lib/python3.12/site-packages (from keepa==1.3.15) (2.11.7)
2025-08-20T21:26:12.8625890Z Requirement already satisfied: certifi in /opt/hostedtoolcache/Python/3.12.11/x64/lib/python3.12/site-packages (from minio==7.1.15) (2025.8.3)
2025-08-20T21:26:12.8629832Z Requirement already satisfied: urllib3 in /opt/hostedtoolcache/Python/3.12.11/x64/lib/python3.12/site-packages (from minio==7.1.15) (2.5.0)
2025-08-20T21:26:12.8688982Z Requirement already satisfied: python-dateutil>=2.8.2 in /opt/hostedtoolcache/Python/3.12.11/x64/lib/python3.12/site-packages (from pandas<=3.0->keepa==1.3.15) (2.9.0.post0)
2025-08-20T21:26:12.8694075Z Requirement already satisfied: pytz>=2020.1 in /opt/hostedtoolcache/Python/3.12.11/x64/lib/python3.12/site-packages (from pandas<=3.0->keepa==1.3.15) (2025.2)
2025-08-20T21:26:12.8699067Z Requirement already satisfied: tzdata>=2022.7 in /opt/hostedtoolcache/Python/3.12.11/x64/lib/python3.12/site-packages (from pandas<=3.0->keepa==1.3.15) (2025.2)
2025-08-20T21:26:12.8823643Z Requirement already satisfied: six>=1.5 in /opt/hostedtoolcache/Python/3.12.11/x64/lib/python3.12/site-packages (from python-dateutil>=2.8.2->pandas<=3.0->keepa==1.3.15) (1.17.0)
2025-08-20T21:26:12.8842802Z Requirement already satisfied: charset_normalizer<4,>=2 in /opt/hostedtoolcache/Python/3.12.11/x64/lib/python3.12/site-packages (from requests>=2.2->keepa==1.3.15) (3.4.3)
2025-08-20T21:26:12.8849156Z Requirement already satisfied: idna<4,>=2.5 in /opt/hostedtoolcache/Python/3.12.11/x64/lib/python3.12/site-packages (from requests>=2.2->keepa==1.3.15) (3.10)
2025-08-20T21:26:12.9164698Z Collecting aiohappyeyeballs>=2.5.0 (from aiohttp->keepa==1.3.15)
2025-08-20T21:26:12.9177606Z   Using cached aiohappyeyeballs-2.6.1-py3-none-any.whl.metadata (5.9 kB)
2025-08-20T21:26:12.9392417Z Collecting aiosignal>=1.4.0 (from aiohttp->keepa==1.3.15)
2025-08-20T21:26:12.9405365Z   Using cached aiosignal-1.4.0-py3-none-any.whl.metadata (3.7 kB)
2025-08-20T21:26:12.9675599Z Collecting attrs>=17.3.0 (from aiohttp->keepa==1.3.15)
2025-08-20T21:26:12.9688640Z   Using cached attrs-25.3.0-py3-none-any.whl.metadata (10 kB)
2025-08-20T21:26:13.0486890Z Collecting frozenlist>=1.1.1 (from aiohttp->keepa==1.3.15)
2025-08-20T21:26:13.0502667Z   Using cached frozenlist-1.7.0-cp312-cp312-manylinux_2_5_x86_64.manylinux1_x86_64.manylinux_2_17_x86_64.manylinux2014_x86_64.whl.metadata (18 kB)
2025-08-20T21:26:13.3111279Z Collecting multidict<7.0,>=4.5 (from aiohttp->keepa==1.3.15)
2025-08-20T21:26:13.3125922Z   Using cached multidict-6.6.4-cp312-cp312-manylinux2014_x86_64.manylinux_2_17_x86_64.manylinux_2_28_x86_64.whl.metadata (5.3 kB)
2025-08-20T21:26:13.3658748Z Collecting propcache>=0.2.0 (from aiohttp->keepa==1.3.15)
2025-08-20T21:26:13.3672102Z   Using cached propcache-0.3.2-cp312-cp312-manylinux_2_17_x86_64.manylinux2014_x86_64.whl.metadata (12 kB)
2025-08-20T21:26:13.6157953Z Collecting yarl<2.0,>=1.17.0 (from aiohttp->keepa==1.3.15)
2025-08-20T21:26:13.6171377Z   Using cached yarl-1.20.1-cp312-cp312-manylinux_2_17_x86_64.manylinux2014_x86_64.whl.metadata (73 kB)
2025-08-20T21:26:13.6386421Z Requirement already satisfied: typing-extensions>=4.2 in /opt/hostedtoolcache/Python/3.12.11/x64/lib/python3.12/site-packages (from aiosignal>=1.4.0->aiohttp->keepa==1.3.15) (4.14.1)
2025-08-20T21:26:13.6435562Z Requirement already satisfied: annotated-types>=0.6.0 in /opt/hostedtoolcache/Python/3.12.11/x64/lib/python3.12/site-packages (from pydantic->keepa==1.3.15) (0.7.0)
2025-08-20T21:26:13.6441271Z Requirement already satisfied: pydantic-core==2.33.2 in /opt/hostedtoolcache/Python/3.12.11/x64/lib/python3.12/site-packages (from pydantic->keepa==1.3.15) (2.33.2)
2025-08-20T21:26:13.6450024Z Requirement already satisfied: typing-inspection>=0.4.0 in /opt/hostedtoolcache/Python/3.12.11/x64/lib/python3.12/site-packages (from pydantic->keepa==1.3.15) (0.4.1)
2025-08-20T21:26:13.6510156Z Using cached keepa-1.3.15-py3-none-any.whl (38 kB)
2025-08-20T21:26:13.6521621Z Using cached minio-7.1.15-py3-none-any.whl (77 kB)
2025-08-20T21:26:13.6533595Z Using cached aiohttp-3.12.15-cp312-cp312-manylinux_2_17_x86_64.manylinux2014_x86_64.whl (1.7 MB)
2025-08-20T21:26:13.6558125Z Using cached multidict-6.6.4-cp312-cp312-manylinux2014_x86_64.manylinux_2_17_x86_64.manylinux_2_28_x86_64.whl (256 kB)
2025-08-20T21:26:13.6571228Z Using cached yarl-1.20.1-cp312-cp312-manylinux_2_17_x86_64.manylinux2014_x86_64.whl (355 kB)
2025-08-20T21:26:13.6584648Z Using cached aiohappyeyeballs-2.6.1-py3-none-any.whl (15 kB)
2025-08-20T21:26:13.6595912Z Using cached aiosignal-1.4.0-py3-none-any.whl (7.5 kB)
2025-08-20T21:26:13.6606801Z Using cached attrs-25.3.0-py3-none-any.whl (63 kB)
2025-08-20T21:26:13.6618926Z Using cached frozenlist-1.7.0-cp312-cp312-manylinux_2_5_x86_64.manylinux1_x86_64.manylinux_2_17_x86_64.manylinux2014_x86_64.whl (241 kB)
2025-08-20T21:26:13.6631870Z Using cached propcache-0.3.2-cp312-cp312-manylinux_2_17_x86_64.manylinux2014_x86_64.whl (224 kB)
2025-08-20T21:26:13.6643971Z Using cached tqdm-4.67.1-py3-none-any.whl (78 kB)
2025-08-20T21:26:13.8446874Z Installing collected packages: tqdm, propcache, multidict, minio, frozenlist, attrs, aiohappyeyeballs, yarl, aiosignal, aiohttp, keepa
2025-08-20T21:26:13.9185985Z   Attempting uninstall: minio
2025-08-20T21:26:13.9235674Z     Found existing installation: minio 7.2.16
2025-08-20T21:26:13.9273383Z     Uninstalling minio-7.2.16:
2025-08-20T21:26:13.9283929Z       Successfully uninstalled minio-7.2.16
2025-08-20T21:26:14.2942049Z 
2025-08-20T21:26:14.3055744Z Successfully installed aiohappyeyeballs-2.6.1 aiohttp-3.12.15 aiosignal-1.4.0 attrs-25.3.0 frozenlist-1.7.0 keepa-1.3.15 minio-7.1.15 multidict-6.6.4 propcache-0.3.2 tqdm-4.67.1 yarl-1.20.1
2025-08-20T21:26:14.5048254Z ##[group]Run ruff check .
2025-08-20T21:26:14.5048557Z [36;1mruff check .[0m
2025-08-20T21:26:14.5048765Z [36;1mruff format --check .[0m
2025-08-20T21:26:14.5048985Z [36;1mvulture[0m
2025-08-20T21:26:14.5089018Z shell: /usr/bin/bash -e {0}
2025-08-20T21:26:14.5089252Z env:
2025-08-20T21:26:14.5089464Z   REDIS_URL: redis://localhost:6379/0
2025-08-20T21:26:14.5089716Z   RATE_LIMIT_DEFAULT: 100/minute
2025-08-20T21:26:14.5089940Z   TRUST_X_FORWARDED: 1
2025-08-20T21:26:14.5090139Z   PG_USER: postgres
2025-08-20T21:26:14.5090325Z   PG_PASSWORD: pass
2025-08-20T21:26:14.5090514Z   PG_DATABASE: awa
2025-08-20T21:26:14.5090700Z   PG_HOST: localhost
2025-08-20T21:26:14.5090883Z   PG_PORT: 5432
2025-08-20T21:26:14.5091312Z   PG_SYNC_DSN: ***localhost:5432/awa
2025-08-20T21:26:14.5091701Z   PG_ASYNC_DSN: ***localhost:5432/awa
2025-08-20T21:26:14.5092070Z   DATABASE_URL: ***localhost:5432/awa
2025-08-20T21:26:14.5092307Z   DATA_DIR: /tmp/awa-data
2025-08-20T21:26:14.5092541Z   ENABLE_LIVE: 0
2025-08-20T21:26:14.5092727Z   TESTING: 1
2025-08-20T21:26:14.5092954Z   pythonLocation: /opt/hostedtoolcache/Python/3.12.11/x64
2025-08-20T21:26:14.5093347Z   PKG_CONFIG_PATH: /opt/hostedtoolcache/Python/3.12.11/x64/lib/pkgconfig
2025-08-20T21:26:14.5093732Z   Python_ROOT_DIR: /opt/hostedtoolcache/Python/3.12.11/x64
2025-08-20T21:26:14.5094074Z   Python2_ROOT_DIR: /opt/hostedtoolcache/Python/3.12.11/x64
2025-08-20T21:26:14.5094424Z   Python3_ROOT_DIR: /opt/hostedtoolcache/Python/3.12.11/x64
2025-08-20T21:26:14.5094775Z   LD_LIBRARY_PATH: /opt/hostedtoolcache/Python/3.12.11/x64/lib
2025-08-20T21:26:14.5095069Z ##[endgroup]
2025-08-20T21:26:14.5390357Z All checks passed!
2025-08-20T21:26:14.5625950Z 254 files already formatted
2025-08-20T21:26:14.6209765Z ##[group]Run for i in {1..30}; do pg_isready -h "$PG_HOST" -p "$PG_PORT" -U "$PG_USER" -d "$PG_DATABASE" && break; sleep 1; done
2025-08-20T21:26:14.6210445Z [36;1mfor i in {1..30}; do pg_isready -h "$PG_HOST" -p "$PG_PORT" -U "$PG_USER" -d "$PG_DATABASE" && break; sleep 1; done[0m
2025-08-20T21:26:14.6250687Z shell: /usr/bin/bash -e {0}
2025-08-20T21:26:14.6250912Z env:
2025-08-20T21:26:14.6251108Z   REDIS_URL: redis://localhost:6379/0
2025-08-20T21:26:14.6251363Z   RATE_LIMIT_DEFAULT: 100/minute
2025-08-20T21:26:14.6251580Z   TRUST_X_FORWARDED: 1
2025-08-20T21:26:14.6251770Z   PG_USER: postgres
2025-08-20T21:26:14.6251963Z   PG_PASSWORD: pass
2025-08-20T21:26:14.6252148Z   PG_DATABASE: awa
2025-08-20T21:26:14.6252324Z   PG_HOST: localhost
2025-08-20T21:26:14.6252513Z   PG_PORT: 5432
2025-08-20T21:26:14.6252934Z   PG_SYNC_DSN: ***localhost:5432/awa
2025-08-20T21:26:14.6253327Z   PG_ASYNC_DSN: ***localhost:5432/awa
2025-08-20T21:26:14.6253780Z   DATABASE_URL: ***localhost:5432/awa
2025-08-20T21:26:14.6254017Z   DATA_DIR: /tmp/awa-data
2025-08-20T21:26:14.6254217Z   ENABLE_LIVE: 0
2025-08-20T21:26:14.6254388Z   TESTING: 1
2025-08-20T21:26:14.6254612Z   pythonLocation: /opt/hostedtoolcache/Python/3.12.11/x64
2025-08-20T21:26:14.6254996Z   PKG_CONFIG_PATH: /opt/hostedtoolcache/Python/3.12.11/x64/lib/pkgconfig
2025-08-20T21:26:14.6255387Z   Python_ROOT_DIR: /opt/hostedtoolcache/Python/3.12.11/x64
2025-08-20T21:26:14.6255733Z   Python2_ROOT_DIR: /opt/hostedtoolcache/Python/3.12.11/x64
2025-08-20T21:26:14.6256072Z   Python3_ROOT_DIR: /opt/hostedtoolcache/Python/3.12.11/x64
2025-08-20T21:26:14.6256426Z   LD_LIBRARY_PATH: /opt/hostedtoolcache/Python/3.12.11/x64/lib
2025-08-20T21:26:14.6256717Z ##[endgroup]
2025-08-20T21:26:14.6988200Z localhost:5432 - accepting connections
2025-08-20T21:26:14.7032879Z ##[group]Run psql -h "$PG_HOST" -p "$PG_PORT" -U "$PG_USER" -d "$PG_DATABASE" -c "SELECT 1"
2025-08-20T21:26:14.7033427Z [36;1mpsql -h "$PG_HOST" -p "$PG_PORT" -U "$PG_USER" -d "$PG_DATABASE" -c "SELECT 1"[0m
2025-08-20T21:26:14.7073062Z shell: /usr/bin/bash -e {0}
2025-08-20T21:26:14.7073290Z env:
2025-08-20T21:26:14.7073495Z   REDIS_URL: redis://localhost:6379/0
2025-08-20T21:26:14.7073755Z   RATE_LIMIT_DEFAULT: 100/minute
2025-08-20T21:26:14.7073977Z   TRUST_X_FORWARDED: 1
2025-08-20T21:26:14.7074181Z   PG_USER: postgres
2025-08-20T21:26:14.7074373Z   PG_PASSWORD: pass
2025-08-20T21:26:14.7074559Z   PG_DATABASE: awa
2025-08-20T21:26:14.7074736Z   PG_HOST: localhost
2025-08-20T21:26:14.7074918Z   PG_PORT: 5432
2025-08-20T21:26:14.7075358Z   PG_SYNC_DSN: ***localhost:5432/awa
2025-08-20T21:26:14.7075758Z   PG_ASYNC_DSN: ***localhost:5432/awa
2025-08-20T21:26:14.7076136Z   DATABASE_URL: ***localhost:5432/awa
2025-08-20T21:26:14.7076367Z   DATA_DIR: /tmp/awa-data
2025-08-20T21:26:14.7076598Z   ENABLE_LIVE: 0
2025-08-20T21:26:14.7076765Z   TESTING: 1
2025-08-20T21:26:14.7076999Z   pythonLocation: /opt/hostedtoolcache/Python/3.12.11/x64
2025-08-20T21:26:14.7077389Z   PKG_CONFIG_PATH: /opt/hostedtoolcache/Python/3.12.11/x64/lib/pkgconfig
2025-08-20T21:26:14.7078013Z   Python_ROOT_DIR: /opt/hostedtoolcache/Python/3.12.11/x64
2025-08-20T21:26:14.7078367Z   Python2_ROOT_DIR: /opt/hostedtoolcache/Python/3.12.11/x64
2025-08-20T21:26:14.7078710Z   Python3_ROOT_DIR: /opt/hostedtoolcache/Python/3.12.11/x64
2025-08-20T21:26:14.7079063Z   LD_LIBRARY_PATH: /opt/hostedtoolcache/Python/3.12.11/x64/lib
2025-08-20T21:26:14.7079351Z   PGPASSWORD: pass
2025-08-20T21:26:14.7079536Z ##[endgroup]
2025-08-20T21:26:14.7869049Z  ?column? 
2025-08-20T21:26:14.7870453Z ----------
2025-08-20T21:26:14.7870752Z         1
2025-08-20T21:26:14.7871001Z (1 row)
2025-08-20T21:26:14.7871147Z 
2025-08-20T21:26:14.7903646Z ##[group]Run alembic -c services/api/alembic.ini upgrade head
2025-08-20T21:26:14.7904069Z [36;1malembic -c services/api/alembic.ini upgrade head[0m
2025-08-20T21:26:14.7943663Z shell: /usr/bin/bash -e {0}
2025-08-20T21:26:14.7943885Z env:
2025-08-20T21:26:14.7944090Z   REDIS_URL: redis://localhost:6379/0
2025-08-20T21:26:14.7944354Z   RATE_LIMIT_DEFAULT: 100/minute
2025-08-20T21:26:14.7944575Z   TRUST_X_FORWARDED: 1
2025-08-20T21:26:14.7944769Z   PG_USER: postgres
2025-08-20T21:26:14.7944956Z   PG_PASSWORD: pass
2025-08-20T21:26:14.7945141Z   PG_DATABASE: awa
2025-08-20T21:26:14.7945496Z   PG_HOST: localhost
2025-08-20T21:26:14.7945682Z   PG_PORT: 5432
2025-08-20T21:26:14.7946106Z   PG_SYNC_DSN: ***localhost:5432/awa
2025-08-20T21:26:14.7946496Z   PG_ASYNC_DSN: ***localhost:5432/awa
2025-08-20T21:26:14.7946886Z   DATABASE_URL: ***localhost:5432/awa
2025-08-20T21:26:14.7947113Z   DATA_DIR: /tmp/awa-data
2025-08-20T21:26:14.7947317Z   ENABLE_LIVE: 0
2025-08-20T21:26:14.7947525Z   TESTING: 1
2025-08-20T21:26:14.7947757Z   pythonLocation: /opt/hostedtoolcache/Python/3.12.11/x64
2025-08-20T21:26:14.7948340Z   PKG_CONFIG_PATH: /opt/hostedtoolcache/Python/3.12.11/x64/lib/pkgconfig
2025-08-20T21:26:14.7948736Z   Python_ROOT_DIR: /opt/hostedtoolcache/Python/3.12.11/x64
2025-08-20T21:26:14.7949080Z   Python2_ROOT_DIR: /opt/hostedtoolcache/Python/3.12.11/x64
2025-08-20T21:26:14.7949421Z   Python3_ROOT_DIR: /opt/hostedtoolcache/Python/3.12.11/x64
2025-08-20T21:26:14.7949760Z   LD_LIBRARY_PATH: /opt/hostedtoolcache/Python/3.12.11/x64/lib
2025-08-20T21:26:14.7950049Z ##[endgroup]
2025-08-20T21:26:16.0007425Z INFO  [alembic.runtime.migration] Context impl PostgresqlImpl.
2025-08-20T21:26:16.0008769Z INFO  [alembic.runtime.migration] Will assume transactional DDL.
2025-08-20T21:26:16.0196509Z INFO  [alembic.runtime.migration] Running upgrade  -> 0001_baseline
2025-08-20T21:26:16.0351588Z INFO  [alembic.runtime.migration] Running upgrade 0001_baseline -> 0002_create_roi_view
2025-08-20T21:26:16.0378417Z INFO  [alembic.runtime.migration] Running upgrade 0002_create_roi_view -> 3e9d5c5aff2c
2025-08-20T21:26:16.0548720Z INFO  [alembic.runtime.migration] Running upgrade 3e9d5c5aff2c -> 0003_vendor_prices
2025-08-20T21:26:16.0705127Z INFO  [alembic.runtime.migration] Running upgrade 0003_vendor_prices -> 0004_fee_cron
2025-08-20T21:26:16.0785814Z INFO  [alembic.runtime.migration] Running upgrade 0004_fee_cron -> 0006_fix_roi_views
2025-08-20T21:26:16.0819157Z INFO  [alembic.runtime.migration] Running upgrade 0006_fix_roi_views -> 0020_unified_schema
2025-08-20T21:26:16.0930065Z INFO  [alembic.runtime.migration] Running upgrade 0020_unified_schema -> 0022_fix_roi_view
2025-08-20T21:26:16.0999951Z INFO  [alembic.runtime.migration] Running upgrade 0022_fix_roi_view -> 0023_add_storage_fee
2025-08-20T21:26:16.1045875Z INFO  [alembic.runtime.migration] Running upgrade 0023_add_storage_fee -> 0024_create_buybox
2025-08-20T21:26:16.1069705Z INFO  [alembic.runtime.migration] Running upgrade 0024_create_buybox -> 0025_pr4_indexes_loadlog
2025-08-20T21:26:16.1278618Z INFO  [alembic.runtime.migration] Running upgrade 0025_pr4_indexes_loadlog -> 0026_amazon_new_reports
2025-08-20T21:26:16.2310117Z ##[group]Run python -m mypy services || true
2025-08-20T21:26:16.2310449Z [36;1mpython -m mypy services || true[0m
2025-08-20T21:26:16.2349934Z shell: /usr/bin/bash -e {0}
2025-08-20T21:26:16.2350150Z env:
2025-08-20T21:26:16.2350361Z   REDIS_URL: redis://localhost:6379/0
2025-08-20T21:26:16.2350626Z   RATE_LIMIT_DEFAULT: 100/minute
2025-08-20T21:26:16.2350842Z   TRUST_X_FORWARDED: 1
2025-08-20T21:26:16.2351044Z   PG_USER: postgres
2025-08-20T21:26:16.2351253Z   PG_PASSWORD: pass
2025-08-20T21:26:16.2351433Z   PG_DATABASE: awa
2025-08-20T21:26:16.2351617Z   PG_HOST: localhost
2025-08-20T21:26:16.2351801Z   PG_PORT: 5432
2025-08-20T21:26:16.2352209Z   PG_SYNC_DSN: ***localhost:5432/awa
2025-08-20T21:26:16.2352602Z   PG_ASYNC_DSN: ***localhost:5432/awa
2025-08-20T21:26:16.2352968Z   DATABASE_URL: ***localhost:5432/awa
2025-08-20T21:26:16.2353202Z   DATA_DIR: /tmp/awa-data
2025-08-20T21:26:16.2353405Z   ENABLE_LIVE: 0
2025-08-20T21:26:16.2353583Z   TESTING: 1
2025-08-20T21:26:16.2353848Z   pythonLocation: /opt/hostedtoolcache/Python/3.12.11/x64
2025-08-20T21:26:16.2354246Z   PKG_CONFIG_PATH: /opt/hostedtoolcache/Python/3.12.11/x64/lib/pkgconfig
2025-08-20T21:26:16.2354624Z   Python_ROOT_DIR: /opt/hostedtoolcache/Python/3.12.11/x64
2025-08-20T21:26:16.2354975Z   Python2_ROOT_DIR: /opt/hostedtoolcache/Python/3.12.11/x64
2025-08-20T21:26:16.2355316Z   Python3_ROOT_DIR: /opt/hostedtoolcache/Python/3.12.11/x64
2025-08-20T21:26:16.2355665Z   LD_LIBRARY_PATH: /opt/hostedtoolcache/Python/3.12.11/x64/lib
2025-08-20T21:26:16.2356148Z ##[endgroup]
2025-08-20T21:26:47.5764910Z Success: no issues found in 97 source files
2025-08-20T21:26:47.6157320Z ##[group]Run pytest -q --cov=services --cov-report=xml
2025-08-20T21:26:47.6157717Z [36;1mpytest -q --cov=services --cov-report=xml[0m
2025-08-20T21:26:47.6197665Z shell: /usr/bin/bash -e {0}
2025-08-20T21:26:47.6197995Z env:
2025-08-20T21:26:47.6198202Z   REDIS_URL: redis://localhost:6379/0
2025-08-20T21:26:47.6198460Z   RATE_LIMIT_DEFAULT: 100/minute
2025-08-20T21:26:47.6198674Z   TRUST_X_FORWARDED: 1
2025-08-20T21:26:47.6198871Z   PG_USER: postgres
2025-08-20T21:26:47.6199071Z   PG_PASSWORD: pass
2025-08-20T21:26:47.6199249Z   PG_DATABASE: awa
2025-08-20T21:26:47.6199435Z   PG_HOST: localhost
2025-08-20T21:26:47.6199621Z   PG_PORT: 5432
2025-08-20T21:26:47.6200033Z   PG_SYNC_DSN: ***localhost:5432/awa
2025-08-20T21:26:47.6200489Z   PG_ASYNC_DSN: ***localhost:5432/awa
2025-08-20T21:26:47.6200865Z   DATABASE_URL: ***localhost:5432/awa
2025-08-20T21:26:47.6201117Z   DATA_DIR: /tmp/awa-data
2025-08-20T21:26:47.6201321Z   ENABLE_LIVE: 0
2025-08-20T21:26:47.6201490Z   TESTING: 1
2025-08-20T21:26:47.6201757Z   pythonLocation: /opt/hostedtoolcache/Python/3.12.11/x64
2025-08-20T21:26:47.6202145Z   PKG_CONFIG_PATH: /opt/hostedtoolcache/Python/3.12.11/x64/lib/pkgconfig
2025-08-20T21:26:47.6202526Z   Python_ROOT_DIR: /opt/hostedtoolcache/Python/3.12.11/x64
2025-08-20T21:26:47.6202865Z   Python2_ROOT_DIR: /opt/hostedtoolcache/Python/3.12.11/x64
2025-08-20T21:26:47.6203204Z   Python3_ROOT_DIR: /opt/hostedtoolcache/Python/3.12.11/x64
2025-08-20T21:26:47.6203540Z   LD_LIBRARY_PATH: /opt/hostedtoolcache/Python/3.12.11/x64/lib
2025-08-20T21:26:47.6203827Z ##[endgroup]
2025-08-20T21:27:20.7852371Z ........s.............................sssssss........................... [ 41%]
2025-08-20T21:27:52.7274819Z ........................................................................ [ 83%]
2025-08-20T21:27:54.0473952Z .............................                                            [100%]
2025-08-20T21:27:54.0474742Z =============================== warnings summary ===============================
2025-08-20T21:27:54.0475584Z ../../../../../opt/hostedtoolcache/Python/3.12.11/x64/lib/python3.12/site-packages/pydantic/fields.py:1093
2025-08-20T21:27:54.0479360Z   /opt/hostedtoolcache/Python/3.12.11/x64/lib/python3.12/site-packages/pydantic/fields.py:1093: PydanticDeprecatedSince20: Using extra keyword arguments on `Field` is deprecated and will be removed. Use `json_schema_extra` instead. (Extra keys: 'strip_whitespace'). Deprecated in Pydantic V2.0 to be removed in V3.0. See Pydantic V2 Migration Guide at https://errors.pydantic.dev/2.11/migration/
2025-08-20T21:27:54.0481900Z     warn(
2025-08-20T21:27:54.0482041Z 
2025-08-20T21:27:54.0482191Z services/alert_bot/tests/test_smoke.py:5
2025-08-20T21:27:54.0483802Z   /home/runner/work/AWA-App/AWA-App/services/alert_bot/tests/test_smoke.py:5: UserWarning: pkg_resources is deprecated as an API. See https://setuptools.pypa.io/en/latest/pkg_resources.html. The pkg_resources package is slated for removal as early as 2025-11-30. Refrain from using this package or pin to Setuptools<81.
2025-08-20T21:27:54.0485377Z     import pkg_resources  # noqa: F401
2025-08-20T21:27:54.0485604Z 
2025-08-20T21:27:54.0485732Z tests/api/test_ingest_endpoints.py: 12 warnings
2025-08-20T21:27:54.0486050Z tests/ingest/test_tasks_eager.py: 3 warnings
2025-08-20T21:27:54.0486315Z tests/test_api_fast.py: 1 warning
2025-08-20T21:27:54.0486557Z tests/test_health.py: 5 warnings
2025-08-20T21:27:54.0486783Z tests/test_smoke.py: 5 warnings
2025-08-20T21:27:54.0487013Z services/api/tests/test_cors.py: 1 warning
2025-08-20T21:27:54.0487298Z services/api/tests/test_errors_json.py: 2 warnings
2025-08-20T21:27:54.0487594Z services/api/tests/test_health.py: 1 warning
2025-08-20T21:27:54.0488151Z services/api/tests/test_rate_limit.py: 122 warnings
2025-08-20T21:27:54.0488475Z services/api/tests/test_roi_basic_auth.py: 4 warnings
2025-08-20T21:27:54.0489149Z services/api/tests/test_sentry_event.py: 1 warning
2025-08-20T21:27:54.0489471Z services/api/tests/test_stats_contracts.py: 3 warnings
2025-08-20T21:27:54.0490187Z services/api/tests/test_stats_future_contracts.py: 3 warnings
2025-08-20T21:27:54.0491555Z   /opt/hostedtoolcache/Python/3.12.11/x64/lib/python3.12/site-packages/asgi_correlation_id/extensions/sentry.py:27: DeprecationWarning: sentry_sdk.configure_scope is deprecated and will be removed in the next major version. Please consult our migration guide to learn how to migrate to the new API: https://docs.sentry.io/platforms/python/migration/1.x-to-2.x#scope-configuring
2025-08-20T21:27:54.0492821Z     with configure_scope() as scope:
2025-08-20T21:27:54.0492984Z 
2025-08-20T21:27:54.0493099Z tests/api/test_ingest_endpoints.py: 3 warnings
2025-08-20T21:27:54.0493366Z tests/test_api_fast.py: 1 warning
2025-08-20T21:27:54.0493608Z tests/test_health.py: 5 warnings
2025-08-20T21:27:54.0493844Z tests/test_smoke.py: 5 warnings
2025-08-20T21:27:54.0494085Z services/api/tests/test_cors.py: 3 warnings
2025-08-20T21:27:54.0494375Z services/api/tests/test_errors_json.py: 2 warnings
2025-08-20T21:27:54.0494679Z services/api/tests/test_health.py: 1 warning
2025-08-20T21:27:54.0494966Z services/api/tests/test_rate_limit.py: 2 warnings
2025-08-20T21:27:54.0495257Z services/api/tests/test_sentry_event.py: 1 warning
2025-08-20T21:27:54.0495571Z services/api/tests/test_stats_contracts.py: 3 warnings
2025-08-20T21:27:54.0495933Z services/api/tests/test_stats_future_contracts.py: 1 warning
2025-08-20T21:27:54.0496753Z   /opt/hostedtoolcache/Python/3.12.11/x64/lib/python3.12/site-packages/fastapi_limiter/__init__.py:89: DeprecationWarning: Call to deprecated close. (Use aclose() instead) -- Deprecated since version 5.0.1.
2025-08-20T21:27:54.0497505Z     await cls.redis.close()
2025-08-20T21:27:54.0497647Z 
2025-08-20T21:27:54.0497984Z tests/test_api_fast.py::test_health_endpoint
2025-08-20T21:27:54.0498971Z   /home/runner/work/AWA-App/AWA-App/tests/test_api_fast.py:13: DeprecationWarning: datetime.datetime.utcnow() is deprecated and scheduled for removal in a future version. Use timezone-aware objects to represent datetimes in UTC: datetime.datetime.now(datetime.UTC).
2025-08-20T21:27:54.0499932Z     return datetime.datetime.utcnow()
2025-08-20T21:27:54.0500108Z 
2025-08-20T21:27:54.0500193Z tests/test_api_fast.py: 1 warning
2025-08-20T21:27:54.0500428Z tests/test_health.py: 5 warnings
2025-08-20T21:27:54.0500654Z tests/test_smoke.py: 5 warnings
2025-08-20T21:27:54.0500885Z services/api/tests/test_cors.py: 1 warning
2025-08-20T21:27:54.0501157Z services/api/tests/test_health.py: 1 warning
2025-08-20T21:27:54.0501442Z services/api/tests/test_rate_limit.py: 102 warnings
2025-08-20T21:27:54.0502437Z   /home/runner/work/AWA-App/AWA-App/services/api/routes/health.py:24: DeprecationWarning: datetime.datetime.utcnow() is deprecated and scheduled for removal in a future version. Use timezone-aware objects to represent datetimes in UTC: datetime.datetime.now(datetime.UTC).
2025-08-20T21:27:54.0503462Z     app_now = datetime.utcnow().replace(tzinfo=timezone.utc)
2025-08-20T21:27:54.0503680Z 
2025-08-20T21:27:54.0503776Z tests/test_health.py::test_health[0]
2025-08-20T21:27:54.0504019Z tests/test_health.py::test_health[1]
2025-08-20T21:27:54.0504254Z tests/test_health.py::test_health[2]
2025-08-20T21:27:54.0504618Z tests/test_health.py::test_health[3]
2025-08-20T21:27:54.0504854Z tests/test_health.py::test_health[4]
2025-08-20T21:27:54.0505785Z   /home/runner/work/AWA-App/AWA-App/tests/test_health.py:22: DeprecationWarning: datetime.datetime.utcnow() is deprecated and scheduled for removal in a future version. Use timezone-aware objects to represent datetimes in UTC: datetime.datetime.now(datetime.UTC).
2025-08-20T21:27:54.0506724Z     return datetime.datetime.utcnow()
2025-08-20T21:27:54.0506891Z 
2025-08-20T21:27:54.0506978Z tests/test_smoke.py::test_health[0]
2025-08-20T21:27:54.0507215Z tests/test_smoke.py::test_health[1]
2025-08-20T21:27:54.0507438Z tests/test_smoke.py::test_health[2]
2025-08-20T21:27:54.0507982Z tests/test_smoke.py::test_health[3]
2025-08-20T21:27:54.0508221Z tests/test_smoke.py::test_health[4]
2025-08-20T21:27:54.0509255Z   /home/runner/work/AWA-App/AWA-App/tests/test_smoke.py:32: DeprecationWarning: datetime.datetime.utcnow() is deprecated and scheduled for removal in a future version. Use timezone-aware objects to represent datetimes in UTC: datetime.datetime.now(datetime.UTC).
2025-08-20T21:27:54.0510185Z     return datetime.datetime.utcnow()
2025-08-20T21:27:54.0510352Z 
2025-08-20T21:27:54.0510506Z services/api/tests/test_cors.py::test_cors_simple_get_allowed
2025-08-20T21:27:54.0511543Z   /home/runner/work/AWA-App/AWA-App/services/api/tests/test_cors.py:27: DeprecationWarning: datetime.datetime.utcnow() is deprecated and scheduled for removal in a future version. Use timezone-aware objects to represent datetimes in UTC: datetime.datetime.now(datetime.UTC).
2025-08-20T21:27:54.0512512Z     return datetime.datetime.utcnow()
2025-08-20T21:27:54.0512675Z 
2025-08-20T21:27:54.0512798Z services/api/tests/test_health.py::test_health_route
2025-08-20T21:27:54.0513811Z   /home/runner/work/AWA-App/AWA-App/services/api/tests/test_health.py:14: DeprecationWarning: datetime.datetime.utcnow() is deprecated and scheduled for removal in a future version. Use timezone-aware objects to represent datetimes in UTC: datetime.datetime.now(datetime.UTC).
2025-08-20T21:27:54.0514789Z     return datetime.datetime.utcnow()
2025-08-20T21:27:54.0514944Z 
2025-08-20T21:27:54.0515063Z services/api/tests/test_rate_limit.py: 102 warnings
2025-08-20T21:27:54.0516077Z   /home/runner/work/AWA-App/AWA-App/services/api/tests/test_rate_limit.py:33: DeprecationWarning: datetime.datetime.utcnow() is deprecated and scheduled for removal in a future version. Use timezone-aware objects to represent datetimes in UTC: datetime.datetime.now(datetime.UTC).
2025-08-20T21:27:54.0517056Z     return datetime.datetime.utcnow()
2025-08-20T21:27:54.0517215Z 
2025-08-20T21:27:54.0517443Z services/api/tests/test_sentry_event.py::test_unhandled_exception_is_captured_and_tagged
2025-08-20T21:27:54.0519082Z   /home/runner/work/AWA-App/AWA-App/services/api/tests/test_sentry_event.py:47: SentryHubDeprecationWarning: `sentry_sdk.Hub` is deprecated and will be removed in a future major release. Please consult our 1.x to 2.x migration guide for details on how to migrate `Hub` usage to the new API: https://docs.sentry.io/platforms/python/migration/1.x-to-2.x
2025-08-20T21:27:54.0520258Z     hub = sentry_sdk.Hub.current
2025-08-20T21:27:54.0520405Z 
2025-08-20T21:27:54.0520589Z -- Docs: https://docs.pytest.org/en/stable/how-to/capture-warnings.html
2025-08-20T21:27:54.0520958Z ================================ tests coverage ================================
2025-08-20T21:27:54.0521319Z _______________ coverage: platform linux, python 3.12.11-final-0 _______________
2025-08-20T21:27:54.0521563Z 
2025-08-20T21:27:54.0521665Z Coverage XML written to file coverage.xml
2025-08-20T21:27:54.0522004Z Sentry is attempting to send 0 pending events
2025-08-20T21:27:54.0522273Z Waiting up to True seconds
2025-08-20T21:27:54.0522479Z Press Ctrl-C to quit
2025-08-20T21:27:54.5902888Z ##[group]Run actions/upload-artifact@v4
2025-08-20T21:27:54.5903175Z with:
2025-08-20T21:27:54.5903342Z   name: coverage
2025-08-20T21:27:54.5903528Z   path: coverage.xml
2025-08-20T21:27:54.5903729Z   if-no-files-found: warn
2025-08-20T21:27:54.5903933Z   compression-level: 6
2025-08-20T21:27:54.5904125Z   overwrite: false
2025-08-20T21:27:54.5904315Z   include-hidden-files: false
2025-08-20T21:27:54.5904514Z env:
2025-08-20T21:27:54.5904705Z   REDIS_URL: redis://localhost:6379/0
2025-08-20T21:27:54.5904958Z   RATE_LIMIT_DEFAULT: 100/minute
2025-08-20T21:27:54.5905175Z   TRUST_X_FORWARDED: 1
2025-08-20T21:27:54.5905366Z   PG_USER: postgres
2025-08-20T21:27:54.5905550Z   PG_PASSWORD: pass
2025-08-20T21:27:54.5905720Z   PG_DATABASE: awa
2025-08-20T21:27:54.5905896Z   PG_HOST: localhost
2025-08-20T21:27:54.5906076Z   PG_PORT: 5432
2025-08-20T21:27:54.5906667Z   PG_SYNC_DSN: ***localhost:5432/awa
2025-08-20T21:27:54.5907072Z   PG_ASYNC_DSN: ***localhost:5432/awa
2025-08-20T21:27:54.5907472Z   DATABASE_URL: ***localhost:5432/awa
2025-08-20T21:27:54.5907711Z   DATA_DIR: /tmp/awa-data
2025-08-20T21:27:54.5908183Z   ENABLE_LIVE: 0
2025-08-20T21:27:54.5908481Z   TESTING: 1
2025-08-20T21:27:54.5908723Z   pythonLocation: /opt/hostedtoolcache/Python/3.12.11/x64
2025-08-20T21:27:54.5909106Z   PKG_CONFIG_PATH: /opt/hostedtoolcache/Python/3.12.11/x64/lib/pkgconfig
2025-08-20T21:27:54.5909482Z   Python_ROOT_DIR: /opt/hostedtoolcache/Python/3.12.11/x64
2025-08-20T21:27:54.5909828Z   Python2_ROOT_DIR: /opt/hostedtoolcache/Python/3.12.11/x64
2025-08-20T21:27:54.5910167Z   Python3_ROOT_DIR: /opt/hostedtoolcache/Python/3.12.11/x64
2025-08-20T21:27:54.5910499Z   LD_LIBRARY_PATH: /opt/hostedtoolcache/Python/3.12.11/x64/lib
2025-08-20T21:27:54.5910786Z ##[endgroup]
2025-08-20T21:27:54.8155017Z With the provided path, there will be 1 file uploaded
2025-08-20T21:27:54.8160520Z Artifact name is valid!
2025-08-20T21:27:54.8162019Z Root directory input is valid!
2025-08-20T21:27:54.9525688Z Beginning upload of artifact content to blob storage
2025-08-20T21:27:55.2087185Z Uploaded bytes 5275
2025-08-20T21:27:55.2755114Z Finished uploading artifact content to blob storage!
2025-08-20T21:27:55.2758440Z SHA256 digest of uploaded artifact zip is 90a139558e6a6b03a273add51eefaf6516f162d87a0c4d85c4b85cfc79c8bb4d
2025-08-20T21:27:55.2760327Z Finalizing artifact upload
2025-08-20T21:27:55.3597975Z Artifact coverage.zip successfully finalized. Artifact ID 3813392866
2025-08-20T21:27:55.3599087Z Artifact coverage has been successfully uploaded! Final size is 5275 bytes. Artifact ID is 3813392866
2025-08-20T21:27:55.3606578Z Artifact download URL: https://github.com/AlexBomber12/AWA-App/actions/runs/17110645740/artifacts/3813392866
2025-08-20T21:27:55.3739347Z Post job cleanup.
2025-08-20T21:27:55.5509292Z [command]/usr/bin/tar --posix -cf cache.tzst --exclude cache.tzst -P -C /home/runner/work/AWA-App/AWA-App --files-from manifest.txt --use-compress-program zstdmt
2025-08-20T21:27:56.3182846Z Failed to save: Unable to reserve cache with key setup-python-Linux-x64-24.04-Ubuntu-python-3.12.11-pip-cc13ccef493b9f3a93ad5651164d9fb09282c1111f6f72ce20e0657de16de6b4, another job may be creating this cache.
2025-08-20T21:27:56.3998565Z Post job cleanup.
2025-08-20T21:27:56.4780038Z [command]/usr/bin/git version
2025-08-20T21:27:56.4816055Z git version 2.51.0
2025-08-20T21:27:56.4855297Z Temporarily overriding HOME='/home/runner/work/_temp/a96fcbb0-55f8-499d-a100-4140c3694729' before making global git config changes
2025-08-20T21:27:56.4856555Z Adding repository directory to the temporary git global config as a safe directory
2025-08-20T21:27:56.4861642Z [command]/usr/bin/git config --global --add safe.directory /home/runner/work/AWA-App/AWA-App
2025-08-20T21:27:56.4899027Z [command]/usr/bin/git config --local --name-only --get-regexp core\.sshCommand
2025-08-20T21:27:56.4933195Z [command]/usr/bin/git submodule foreach --recursive sh -c "git config --local --name-only --get-regexp 'core\.sshCommand' && git config --local --unset-all 'core.sshCommand' || :"
2025-08-20T21:27:56.5172337Z [command]/usr/bin/git config --local --name-only --get-regexp http\.https\:\/\/github\.com\/\.extraheader
2025-08-20T21:27:56.5197509Z http.https://github.com/.extraheader
2025-08-20T21:27:56.5209036Z [command]/usr/bin/git config --local --unset-all http.https://github.com/.extraheader
2025-08-20T21:27:56.5242320Z [command]/usr/bin/git submodule foreach --recursive sh -c "git config --local --name-only --get-regexp 'http\.https\:\/\/github\.com\/\.extraheader' && git config --local --unset-all 'http.https://github.com/.extraheader' || :"
2025-08-20T21:27:56.5566674Z Print service container logs: 779a8640244042d9a6a1aad9a950047f_postgres15_14c7f8
2025-08-20T21:27:56.5571606Z ##[command]/usr/bin/docker logs --details b61564f100ac87f3842f1d97f250836db6dde2c69f060920a0bb135e655a3aba
2025-08-20T21:27:56.5714591Z  The files belonging to this database system will be owned by user "postgres".
2025-08-20T21:27:56.5717488Z  initdb: warning: enabling "trust" authentication for local connections
2025-08-20T21:27:56.5718899Z  initdb: hint: You can change this by editing pg_hba.conf or using the option -A, or --auth-local and --auth-host, the next time you run initdb.
2025-08-20T21:27:56.5720303Z  2025-08-20 21:25:25.859 UTC [1] LOG:  starting PostgreSQL 15.14 (Debian 15.14-1.pgdg13+1) on x86_64-pc-linux-gnu, compiled by gcc (Debian 14.2.0-19) 14.2.0, 64-bit
2025-08-20T21:27:56.5721376Z  2025-08-20 21:25:25.859 UTC [1] LOG:  listening on IPv4 address "0.0.0.0", port 5432
2025-08-20T21:27:56.5722128Z  2025-08-20 21:25:25.859 UTC [1] LOG:  listening on IPv6 address "::", port 5432
2025-08-20T21:27:56.5722857Z  2025-08-20 21:25:25.860 UTC [1] LOG:  listening on Unix socket "/var/run/postgresql/.s.PGSQL.5432"
2025-08-20T21:27:56.5723352Z  2025-08-20 21:25:25.863 UTC [63] LOG:  database system was shut down at 2025-08-20 21:25:25 UTC
2025-08-20T21:27:56.5723797Z  2025-08-20 21:25:25.867 UTC [1] LOG:  database system is ready to accept connections
2025-08-20T21:27:56.5724155Z  This user must also own the server process.
2025-08-20T21:27:56.5724402Z  
2025-08-20T21:27:56.5724658Z  The database cluster will be initialized with locale "en_US.utf8".
2025-08-20T21:27:56.5725060Z  The default database encoding has accordingly been set to "UTF8".
2025-08-20T21:27:56.5725451Z  The default text search configuration will be set to "english".
2025-08-20T21:27:56.5725742Z  
2025-08-20T21:27:56.5725916Z  Data page checksums are disabled.
2025-08-20T21:27:56.5726135Z  
2025-08-20T21:27:56.5726405Z  fixing permissions on existing directory /var/lib/postgresql/data ... ok
2025-08-20T21:27:56.5726783Z  creating subdirectories ... ok
2025-08-20T21:27:56.5727073Z  selecting dynamic shared memory implementation ... posix
2025-08-20T21:27:56.5727392Z  selecting default max_connections ... 100
2025-08-20T21:27:56.5727665Z  selecting default shared_buffers ... 128MB
2025-08-20T21:27:56.5728156Z  selecting default time zone ... Etc/UTC
2025-08-20T21:27:56.5728412Z  creating configuration files ... ok
2025-08-20T21:27:56.5728662Z  running bootstrap script ... ok
2025-08-20T21:27:56.5728932Z  performing post-bootstrap initialization ... ok
2025-08-20T21:27:56.5729206Z  syncing data to disk ... ok
2025-08-20T21:27:56.5729408Z  
2025-08-20T21:27:56.5729549Z  
2025-08-20T21:27:56.5729753Z  Success. You can now start the database server using:
2025-08-20T21:27:56.5730017Z  
2025-08-20T21:27:56.5730520Z      pg_ctl -D /var/lib/postgresql/data -l logfile start
2025-08-20T21:27:56.5730990Z  
2025-08-20T21:27:56.5731915Z  waiting for server to start....2025-08-20 21:25:25.551 UTC [47] LOG:  starting PostgreSQL 15.14 (Debian 15.14-1.pgdg13+1) on x86_64-pc-linux-gnu, compiled by gcc (Debian 14.2.0-19) 14.2.0, 64-bit
2025-08-20T21:27:56.5732758Z  2025-08-20 21:25:25.552 UTC [47] LOG:  listening on Unix socket "/var/run/postgresql/.s.PGSQL.5432"
2025-08-20T21:27:56.5733245Z  2025-08-20 21:25:25.555 UTC [50] LOG:  database system was shut down at 2025-08-20 21:25:25 UTC
2025-08-20T21:27:56.5733689Z  2025-08-20 21:25:25.559 UTC [47] LOG:  database system is ready to accept connections
2025-08-20T21:27:56.5734007Z   done
2025-08-20T21:27:56.5734171Z  server started
2025-08-20T21:27:56.5734346Z  CREATE DATABASE
2025-08-20T21:27:56.5734520Z  
2025-08-20T21:27:56.5734667Z  
2025-08-20T21:27:56.5734960Z  /usr/local/bin/docker-entrypoint.sh: ignoring /docker-entrypoint-initdb.d/*
2025-08-20T21:27:56.5735315Z  
2025-08-20T21:27:56.5735538Z  2025-08-20 21:25:25.739 UTC [47] LOG:  received fast shutdown request
2025-08-20T21:27:56.5736242Z  waiting for server to shut down....2025-08-20 21:25:25.740 UTC [47] LOG:  aborting any active transactions
2025-08-20T21:27:56.5736839Z  2025-08-20 21:25:25.741 UTC [47] LOG:  background worker "logical replication launcher" (PID 53) exited with exit code 1
2025-08-20T21:27:56.5737302Z  2025-08-20 21:25:25.742 UTC [48] LOG:  shutting down
2025-08-20T21:27:56.5737638Z  2025-08-20 21:25:25.742 UTC [48] LOG:  checkpoint starting: shutdown immediate
2025-08-20T21:27:56.5738792Z  2025-08-20 21:25:25.759 UTC [48] LOG:  checkpoint complete: wrote 922 buffers (5.6%); 0 WAL file(s) added, 0 removed, 0 recycled; write=0.014 s, sync=0.003 s, total=0.018 s; sync files=301, longest=0.001 s, average=0.001 s; distance=4239 kB, estimate=4239 kB
2025-08-20T21:27:56.5739600Z  2025-08-20 21:25:25.766 UTC [47] LOG:  database system is shut down
2025-08-20T21:27:56.5739878Z   done
2025-08-20T21:27:56.5740043Z  server stopped
2025-08-20T21:27:56.5740215Z  
2025-08-20T21:27:56.5740426Z  PostgreSQL init process complete; ready for start up.
2025-08-20T21:27:56.5740694Z  
2025-08-20T21:27:56.5746207Z Stop and remove container: 779a8640244042d9a6a1aad9a950047f_postgres15_14c7f8
2025-08-20T21:27:56.5751239Z ##[command]/usr/bin/docker rm --force b61564f100ac87f3842f1d97f250836db6dde2c69f060920a0bb135e655a3aba
2025-08-20T21:27:56.6923074Z b61564f100ac87f3842f1d97f250836db6dde2c69f060920a0bb135e655a3aba
2025-08-20T21:27:56.6943750Z Print service container logs: 915f7382c2444b32a7735329e00c4dfe_redis7alpine_6a02ec
2025-08-20T21:27:56.6944867Z ##[command]/usr/bin/docker logs --details b0298af3a37fee9eeb4bac7571ff6995653fb4dc002ecdd8cec5760cf70d628a
2025-08-20T21:27:56.7065905Z  1:C 20 Aug 2025 21:25:26.801 # WARNING Memory overcommit must be enabled! Without it, a background save or replication may fail under low memory condition. Being disabled, it can also cause failures without low memory condition, see https://github.com/jemalloc/jemalloc/issues/1328. To fix this issue add 'vm.overcommit_memory = 1' to /etc/sysctl.conf and then reboot or run the command 'sysctl vm.overcommit_memory=1' for this to take effect.
2025-08-20T21:27:56.7068797Z  1:C 20 Aug 2025 21:25:26.801 * oO0OoO0OoO0Oo Redis is starting oO0OoO0OoO0Oo
2025-08-20T21:27:56.7069588Z  1:C 20 Aug 2025 21:25:26.801 * Redis version=7.4.5, bits=64, commit=00000000, modified=0, pid=1, just started
2025-08-20T21:27:56.7070768Z  1:C 20 Aug 2025 21:25:26.801 # Warning: no config file specified, using the default config. In order to specify a config file use redis-server /path/to/redis.conf
2025-08-20T21:27:56.7071792Z  1:M 20 Aug 2025 21:25:26.801 * monotonic clock: POSIX clock_gettime
2025-08-20T21:27:56.7072360Z  1:M 20 Aug 2025 21:25:26.802 * Running mode=standalone, port=6379.
2025-08-20T21:27:56.7072887Z  1:M 20 Aug 2025 21:25:26.802 * Server initialized
2025-08-20T21:27:56.7073399Z  1:M 20 Aug 2025 21:25:26.802 * Ready to accept connections tcp
2025-08-20T21:27:56.7080593Z Stop and remove container: 915f7382c2444b32a7735329e00c4dfe_redis7alpine_6a02ec
2025-08-20T21:27:56.7081354Z ##[command]/usr/bin/docker rm --force b0298af3a37fee9eeb4bac7571ff6995653fb4dc002ecdd8cec5760cf70d628a
2025-08-20T21:27:56.8173693Z b0298af3a37fee9eeb4bac7571ff6995653fb4dc002ecdd8cec5760cf70d628a
2025-08-20T21:27:56.8196729Z Remove container network: github_network_d7c2a5cb67d44547a2352c93c4c939d5
2025-08-20T21:27:56.8201366Z ##[command]/usr/bin/docker network rm github_network_d7c2a5cb67d44547a2352c93c4c939d5
2025-08-20T21:27:56.9329896Z github_network_d7c2a5cb67d44547a2352c93c4c939d5
2025-08-20T21:27:56.9386746Z Cleaning up orphan processes
