2025-08-16T23:08:53.5007334Z Current runner version: '2.327.1'
2025-08-16T23:08:53.5041475Z ##[group]Runner Image Provisioner
2025-08-16T23:08:53.5042703Z Hosted Compute Agent
2025-08-16T23:08:53.5043516Z Version: 20250812.370
2025-08-16T23:08:53.5044106Z Commit: 4a2b2bf7520004e3e907c2150c8cabe342a3da32
2025-08-16T23:08:53.5044737Z Build Date: 2025-08-12T16:08:14Z
2025-08-16T23:08:53.5045392Z ##[endgroup]
2025-08-16T23:08:53.5045906Z ##[group]Operating System
2025-08-16T23:08:53.5046441Z Ubuntu
2025-08-16T23:08:53.5046943Z 24.04.2
2025-08-16T23:08:53.5047404Z LTS
2025-08-16T23:08:53.5047812Z ##[endgroup]
2025-08-16T23:08:53.5048341Z ##[group]Runner Image
2025-08-16T23:08:53.5048907Z Image: ubuntu-24.04
2025-08-16T23:08:53.5049655Z Version: 20250810.1.0
2025-08-16T23:08:53.5051092Z Included Software: https://github.com/actions/runner-images/blob/ubuntu24/20250810.1/images/ubuntu/Ubuntu2404-Readme.md
2025-08-16T23:08:53.5052633Z Image Release: https://github.com/actions/runner-images/releases/tag/ubuntu24%2F20250810.1
2025-08-16T23:08:53.5053632Z ##[endgroup]
2025-08-16T23:08:53.5056029Z ##[group]GITHUB_TOKEN Permissions
2025-08-16T23:08:53.5058278Z Actions: write
2025-08-16T23:08:53.5058846Z Attestations: write
2025-08-16T23:08:53.5059646Z Checks: write
2025-08-16T23:08:53.5060155Z Contents: write
2025-08-16T23:08:53.5060669Z Deployments: write
2025-08-16T23:08:53.5061130Z Discussions: write
2025-08-16T23:08:53.5061678Z Issues: write
2025-08-16T23:08:53.5062129Z Metadata: read
2025-08-16T23:08:53.5062604Z Models: read
2025-08-16T23:08:53.5063027Z Packages: write
2025-08-16T23:08:53.5063602Z Pages: write
2025-08-16T23:08:53.5064055Z PullRequests: write
2025-08-16T23:08:53.5064587Z RepositoryProjects: write
2025-08-16T23:08:53.5065215Z SecurityEvents: write
2025-08-16T23:08:53.5065792Z Statuses: write
2025-08-16T23:08:53.5066268Z ##[endgroup]
2025-08-16T23:08:53.5068295Z Secret source: Actions
2025-08-16T23:08:53.5069509Z Prepare workflow directory
2025-08-16T23:08:53.5617639Z Prepare all required actions
2025-08-16T23:08:53.5673388Z Getting action download info
2025-08-16T23:08:53.8764593Z Download action repository 'actions/checkout@v4' (SHA:08eba0b27e820071cde6df949e0beb9ba4906955)
2025-08-16T23:08:54.2258596Z Download action repository 'actions/setup-python@v5' (SHA:a26af69be951a213d495a4c3e4e4022e16d87065)
2025-08-16T23:08:54.6183569Z Download action repository 'actions/upload-artifact@v4' (SHA:ea165f8d65b6e75b540449e92b4886f43607fa02)
2025-08-16T23:08:54.8595893Z Complete job name: unit
2025-08-16T23:08:54.9098177Z ##[group]Checking docker version
2025-08-16T23:08:54.9111601Z ##[command]/usr/bin/docker version --format '{{.Server.APIVersion}}'
2025-08-16T23:08:55.0088513Z '1.48'
2025-08-16T23:08:55.0101714Z Docker daemon API version: '1.48'
2025-08-16T23:08:55.0102621Z ##[command]/usr/bin/docker version --format '{{.Client.APIVersion}}'
2025-08-16T23:08:55.0307463Z '1.48'
2025-08-16T23:08:55.0321937Z Docker client API version: '1.48'
2025-08-16T23:08:55.0327198Z ##[endgroup]
2025-08-16T23:08:55.0330978Z ##[group]Clean up resources from previous jobs
2025-08-16T23:08:55.0336441Z ##[command]/usr/bin/docker ps --all --quiet --no-trunc --filter "label=195d2b"
2025-08-16T23:08:55.0479254Z ##[command]/usr/bin/docker network prune --force --filter "label=195d2b"
2025-08-16T23:08:55.0613853Z ##[endgroup]
2025-08-16T23:08:55.0614766Z ##[group]Create local container network
2025-08-16T23:08:55.0628840Z ##[command]/usr/bin/docker network create --label 195d2b github_network_0c9ade9506104a42ab365326584de7a5
2025-08-16T23:08:55.1125601Z 88c3e6fb6fc94fe93ba5756ef45148650b5296e306c29ab22aa8cc2522914734
2025-08-16T23:08:55.1144931Z ##[endgroup]
2025-08-16T23:08:55.1168792Z ##[group]Starting postgres service container
2025-08-16T23:08:55.1188197Z ##[command]/usr/bin/docker pull postgres:15
2025-08-16T23:08:55.5898552Z 15: Pulling from library/postgres
2025-08-16T23:08:55.7007737Z 396b1da7636e: Pulling fs layer
2025-08-16T23:08:55.7008851Z fca2566eba32: Pulling fs layer
2025-08-16T23:08:55.7010063Z 631fe8c6d606: Pulling fs layer
2025-08-16T23:08:55.7010948Z 77c7671c4414: Pulling fs layer
2025-08-16T23:08:55.7012226Z 2d9e29180a27: Pulling fs layer
2025-08-16T23:08:55.7013153Z c6bcc2c9a041: Pulling fs layer
2025-08-16T23:08:55.7014144Z ac4b721eb66f: Pulling fs layer
2025-08-16T23:08:55.7015104Z 606bd164980e: Pulling fs layer
2025-08-16T23:08:55.7016029Z f5dfd246bc6e: Pulling fs layer
2025-08-16T23:08:55.7016731Z ba7036bb0a60: Pulling fs layer
2025-08-16T23:08:55.7017531Z 799f859abbbd: Pulling fs layer
2025-08-16T23:08:55.7018216Z d903e777080c: Pulling fs layer
2025-08-16T23:08:55.7018862Z 04adcb462801: Pulling fs layer
2025-08-16T23:08:55.7019712Z 5c10925b29ff: Pulling fs layer
2025-08-16T23:08:55.7020348Z c6bcc2c9a041: Waiting
2025-08-16T23:08:55.7020903Z ac4b721eb66f: Waiting
2025-08-16T23:08:55.7021462Z 606bd164980e: Waiting
2025-08-16T23:08:55.7022014Z f5dfd246bc6e: Waiting
2025-08-16T23:08:55.7022562Z ba7036bb0a60: Waiting
2025-08-16T23:08:55.7023111Z 799f859abbbd: Waiting
2025-08-16T23:08:55.7023674Z 04adcb462801: Waiting
2025-08-16T23:08:55.7024222Z 5c10925b29ff: Waiting
2025-08-16T23:08:55.7024842Z 77c7671c4414: Waiting
2025-08-16T23:08:55.7025382Z 2d9e29180a27: Waiting
2025-08-16T23:08:55.8596918Z fca2566eba32: Download complete
2025-08-16T23:08:55.9094425Z 631fe8c6d606: Verifying Checksum
2025-08-16T23:08:55.9095500Z 631fe8c6d606: Download complete
2025-08-16T23:08:55.9936807Z 77c7671c4414: Verifying Checksum
2025-08-16T23:08:55.9938856Z 77c7671c4414: Download complete
2025-08-16T23:08:56.0457592Z 396b1da7636e: Verifying Checksum
2025-08-16T23:08:56.0458948Z 396b1da7636e: Download complete
2025-08-16T23:08:56.0528904Z 2d9e29180a27: Verifying Checksum
2025-08-16T23:08:56.0530357Z 2d9e29180a27: Download complete
2025-08-16T23:08:56.1096107Z c6bcc2c9a041: Verifying Checksum
2025-08-16T23:08:56.1098911Z c6bcc2c9a041: Download complete
2025-08-16T23:08:56.1534913Z ac4b721eb66f: Verifying Checksum
2025-08-16T23:08:56.1536227Z ac4b721eb66f: Download complete
2025-08-16T23:08:56.1713020Z 606bd164980e: Verifying Checksum
2025-08-16T23:08:56.1714373Z 606bd164980e: Download complete
2025-08-16T23:08:56.2699841Z ba7036bb0a60: Verifying Checksum
2025-08-16T23:08:56.2712949Z ba7036bb0a60: Download complete
2025-08-16T23:08:56.2958314Z 799f859abbbd: Verifying Checksum
2025-08-16T23:08:56.2961678Z 799f859abbbd: Download complete
2025-08-16T23:08:56.3953177Z d903e777080c: Verifying Checksum
2025-08-16T23:08:56.3957239Z d903e777080c: Download complete
2025-08-16T23:08:56.4054929Z 04adcb462801: Verifying Checksum
2025-08-16T23:08:56.5070288Z 5c10925b29ff: Verifying Checksum
2025-08-16T23:08:56.5073203Z 5c10925b29ff: Download complete
2025-08-16T23:08:56.9620588Z f5dfd246bc6e: Verifying Checksum
2025-08-16T23:08:56.9622034Z f5dfd246bc6e: Download complete
2025-08-16T23:08:57.1544955Z 396b1da7636e: Pull complete
2025-08-16T23:08:57.3962576Z fca2566eba32: Pull complete
2025-08-16T23:08:57.6042703Z 631fe8c6d606: Pull complete
2025-08-16T23:08:57.6446186Z 77c7671c4414: Pull complete
2025-08-16T23:08:57.9533838Z 2d9e29180a27: Pull complete
2025-08-16T23:08:58.0368691Z c6bcc2c9a041: Pull complete
2025-08-16T23:08:58.0451434Z ac4b721eb66f: Pull complete
2025-08-16T23:08:58.0569609Z 606bd164980e: Pull complete
2025-08-16T23:09:00.9898942Z f5dfd246bc6e: Pull complete
2025-08-16T23:09:01.0082942Z ba7036bb0a60: Pull complete
2025-08-16T23:09:01.0184978Z 799f859abbbd: Pull complete
2025-08-16T23:09:01.0303099Z d903e777080c: Pull complete
2025-08-16T23:09:01.0411141Z 04adcb462801: Pull complete
2025-08-16T23:09:01.0511366Z 5c10925b29ff: Pull complete
2025-08-16T23:09:01.0560148Z Digest: sha256:bc51cf4f1fe02cce7ed2370b20128a9b00b4eb804573a77d2a0d877aaa9c82b1
2025-08-16T23:09:01.0572840Z Status: Downloaded newer image for postgres:15
2025-08-16T23:09:01.0581890Z docker.io/library/postgres:15
2025-08-16T23:09:01.0644278Z ##[command]/usr/bin/docker create --name cf24459c2cbb4e5985fb61122c55014d_postgres15_2973cd --label 195d2b --network github_network_0c9ade9506104a42ab365326584de7a5 --network-alias postgres -p 5432:5432 --health-cmd="pg_isready -U postgres -d awa" --health-interval=5s --health-timeout=5s --health-retries=10 -e "POSTGRES_USER=postgres" -e "POSTGRES_PASSWORD=pass" -e "POSTGRES_DB=awa" -e GITHUB_ACTIONS=true -e CI=true postgres:15
2025-08-16T23:09:01.0905120Z 83ef0608c41aa74c553b8a74f690a9738730038d4fed0d822343ac3b3d298fe1
2025-08-16T23:09:01.0928347Z ##[command]/usr/bin/docker start 83ef0608c41aa74c553b8a74f690a9738730038d4fed0d822343ac3b3d298fe1
2025-08-16T23:09:01.2653909Z 83ef0608c41aa74c553b8a74f690a9738730038d4fed0d822343ac3b3d298fe1
2025-08-16T23:09:01.2681871Z ##[command]/usr/bin/docker ps --all --filter id=83ef0608c41aa74c553b8a74f690a9738730038d4fed0d822343ac3b3d298fe1 --filter status=running --no-trunc --format "{{.ID}} {{.Status}}"
2025-08-16T23:09:01.2804506Z 83ef0608c41aa74c553b8a74f690a9738730038d4fed0d822343ac3b3d298fe1 Up Less than a second (health: starting)
2025-08-16T23:09:01.2826551Z ##[command]/usr/bin/docker port 83ef0608c41aa74c553b8a74f690a9738730038d4fed0d822343ac3b3d298fe1
2025-08-16T23:09:01.2956789Z 5432/tcp -> 0.0.0.0:5432
2025-08-16T23:09:01.2957338Z 5432/tcp -> [::]:5432
2025-08-16T23:09:01.3014823Z ##[endgroup]
2025-08-16T23:09:01.3022996Z ##[group]Waiting for all services to be ready
2025-08-16T23:09:01.3035835Z ##[command]/usr/bin/docker inspect --format="{{if .Config.Healthcheck}}{{print .State.Health.Status}}{{end}}" 83ef0608c41aa74c553b8a74f690a9738730038d4fed0d822343ac3b3d298fe1
2025-08-16T23:09:01.3166972Z starting
2025-08-16T23:09:01.3189576Z postgres service is starting, waiting 2 seconds before checking again.
2025-08-16T23:09:03.3200809Z ##[command]/usr/bin/docker inspect --format="{{if .Config.Healthcheck}}{{print .State.Health.Status}}{{end}}" 83ef0608c41aa74c553b8a74f690a9738730038d4fed0d822343ac3b3d298fe1
2025-08-16T23:09:03.3333587Z starting
2025-08-16T23:09:03.3347059Z postgres service is starting, waiting 4 seconds before checking again.
2025-08-16T23:09:07.3604657Z ##[command]/usr/bin/docker inspect --format="{{if .Config.Healthcheck}}{{print .State.Health.Status}}{{end}}" 83ef0608c41aa74c553b8a74f690a9738730038d4fed0d822343ac3b3d298fe1
2025-08-16T23:09:07.3730137Z healthy
2025-08-16T23:09:07.3745826Z postgres service is healthy.
2025-08-16T23:09:07.3746549Z ##[endgroup]
2025-08-16T23:09:07.3981833Z ##[group]Run actions/checkout@v4
2025-08-16T23:09:07.3982344Z with:
2025-08-16T23:09:07.3982540Z   repository: AlexBomber12/AWA-App
2025-08-16T23:09:07.3982910Z   token: ***
2025-08-16T23:09:07.3983092Z   ssh-strict: true
2025-08-16T23:09:07.3983256Z   ssh-user: git
2025-08-16T23:09:07.3983438Z   persist-credentials: true
2025-08-16T23:09:07.3983639Z   clean: true
2025-08-16T23:09:07.3983813Z   sparse-checkout-cone-mode: true
2025-08-16T23:09:07.3984030Z   fetch-depth: 1
2025-08-16T23:09:07.3984192Z   fetch-tags: false
2025-08-16T23:09:07.3984369Z   show-progress: true
2025-08-16T23:09:07.3984535Z   lfs: false
2025-08-16T23:09:07.3984691Z   submodules: false
2025-08-16T23:09:07.3984860Z   set-safe-directory: true
2025-08-16T23:09:07.3985233Z ##[endgroup]
2025-08-16T23:09:07.5083694Z Syncing repository: AlexBomber12/AWA-App
2025-08-16T23:09:07.5085858Z ##[group]Getting Git version info
2025-08-16T23:09:07.5086708Z Working directory is '/home/runner/work/AWA-App/AWA-App'
2025-08-16T23:09:07.5087642Z [command]/usr/bin/git version
2025-08-16T23:09:07.5117446Z git version 2.50.1
2025-08-16T23:09:07.5206553Z ##[endgroup]
2025-08-16T23:09:07.5213528Z Temporarily overriding HOME='/home/runner/work/_temp/a18d4462-7438-4da5-ae29-32c8249f2620' before making global git config changes
2025-08-16T23:09:07.5214791Z Adding repository directory to the temporary git global config as a safe directory
2025-08-16T23:09:07.5215773Z [command]/usr/bin/git config --global --add safe.directory /home/runner/work/AWA-App/AWA-App
2025-08-16T23:09:07.5223066Z Deleting the contents of '/home/runner/work/AWA-App/AWA-App'
2025-08-16T23:09:07.5226576Z ##[group]Initializing the repository
2025-08-16T23:09:07.5230715Z [command]/usr/bin/git init /home/runner/work/AWA-App/AWA-App
2025-08-16T23:09:07.5295941Z hint: Using 'master' as the name for the initial branch. This default branch name
2025-08-16T23:09:07.5297218Z hint: is subject to change. To configure the initial branch name to use in all
2025-08-16T23:09:07.5298608Z hint: of your new repositories, which will suppress this warning, call:
2025-08-16T23:09:07.5299183Z hint:
2025-08-16T23:09:07.5299618Z hint: 	git config --global init.defaultBranch <name>
2025-08-16T23:09:07.5300125Z hint:
2025-08-16T23:09:07.5300623Z hint: Names commonly chosen instead of 'master' are 'main', 'trunk' and
2025-08-16T23:09:07.5301452Z hint: 'development'. The just-created branch can be renamed via this command:
2025-08-16T23:09:07.5302062Z hint:
2025-08-16T23:09:07.5302396Z hint: 	git branch -m <name>
2025-08-16T23:09:07.5302755Z hint:
2025-08-16T23:09:07.5303287Z hint: Disable this message with "git config set advice.defaultBranchName false"
2025-08-16T23:09:07.5304201Z Initialized empty Git repository in /home/runner/work/AWA-App/AWA-App/.git/
2025-08-16T23:09:07.5311095Z [command]/usr/bin/git remote add origin https://github.com/AlexBomber12/AWA-App
2025-08-16T23:09:07.5341700Z ##[endgroup]
2025-08-16T23:09:07.5342334Z ##[group]Disabling automatic garbage collection
2025-08-16T23:09:07.5346512Z [command]/usr/bin/git config --local gc.auto 0
2025-08-16T23:09:07.5374695Z ##[endgroup]
2025-08-16T23:09:07.5375309Z ##[group]Setting up auth
2025-08-16T23:09:07.5382712Z [command]/usr/bin/git config --local --name-only --get-regexp core\.sshCommand
2025-08-16T23:09:07.5412951Z [command]/usr/bin/git submodule foreach --recursive sh -c "git config --local --name-only --get-regexp 'core\.sshCommand' && git config --local --unset-all 'core.sshCommand' || :"
2025-08-16T23:09:07.5663718Z [command]/usr/bin/git config --local --name-only --get-regexp http\.https\:\/\/github\.com\/\.extraheader
2025-08-16T23:09:07.5693719Z [command]/usr/bin/git submodule foreach --recursive sh -c "git config --local --name-only --get-regexp 'http\.https\:\/\/github\.com\/\.extraheader' && git config --local --unset-all 'http.https://github.com/.extraheader' || :"
2025-08-16T23:09:07.5914467Z [command]/usr/bin/git config --local http.https://github.com/.extraheader AUTHORIZATION: basic ***
2025-08-16T23:09:07.5948505Z ##[endgroup]
2025-08-16T23:09:07.5949438Z ##[group]Fetching the repository
2025-08-16T23:09:07.5966015Z [command]/usr/bin/git -c protocol.version=2 fetch --no-tags --prune --no-recurse-submodules --depth=1 origin +58260334249d84dabf3231478f60be8fa1538493:refs/remotes/origin/main
2025-08-16T23:09:07.9150156Z From https://github.com/AlexBomber12/AWA-App
2025-08-16T23:09:07.9150789Z  * [new ref]         58260334249d84dabf3231478f60be8fa1538493 -> origin/main
2025-08-16T23:09:07.9173317Z ##[endgroup]
2025-08-16T23:09:07.9173665Z ##[group]Determining the checkout info
2025-08-16T23:09:07.9176292Z ##[endgroup]
2025-08-16T23:09:07.9182245Z [command]/usr/bin/git sparse-checkout disable
2025-08-16T23:09:07.9219528Z [command]/usr/bin/git config --local --unset-all extensions.worktreeConfig
2025-08-16T23:09:07.9246232Z ##[group]Checking out the ref
2025-08-16T23:09:07.9250643Z [command]/usr/bin/git checkout --progress --force -B main refs/remotes/origin/main
2025-08-16T23:09:07.9556789Z Switched to a new branch 'main'
2025-08-16T23:09:07.9558636Z branch 'main' set up to track 'origin/main'.
2025-08-16T23:09:07.9565774Z ##[endgroup]
2025-08-16T23:09:07.9603939Z [command]/usr/bin/git log -1 --format=%H
2025-08-16T23:09:07.9625459Z 58260334249d84dabf3231478f60be8fa1538493
2025-08-16T23:09:07.9786433Z ##[group]Run cat .env.ci >> "$GITHUB_ENV"
2025-08-16T23:09:07.9786790Z [36;1mcat .env.ci >> "$GITHUB_ENV"[0m
2025-08-16T23:09:07.9787465Z [36;1mecho "DATABASE_URL=***localhost:5432/awa" >> "$GITHUB_ENV"[0m
2025-08-16T23:09:07.9787815Z [36;1mecho "PG_HOST=localhost" >> "$GITHUB_ENV"[0m
2025-08-16T23:09:07.9788118Z [36;1mecho "PG_PORT=5432" >> "$GITHUB_ENV"[0m
2025-08-16T23:09:07.9788390Z [36;1mecho "PG_USER=postgres" >> "$GITHUB_ENV"[0m
2025-08-16T23:09:07.9788677Z [36;1mecho "PG_PASSWORD=pass" >> "$GITHUB_ENV"[0m
2025-08-16T23:09:07.9788939Z [36;1mecho "PG_DATABASE=awa" >> "$GITHUB_ENV"[0m
2025-08-16T23:09:07.9834746Z shell: /usr/bin/bash -e {0}
2025-08-16T23:09:07.9834987Z ##[endgroup]
2025-08-16T23:09:08.0009662Z ##[group]Run actions/setup-python@v5
2025-08-16T23:09:08.0009935Z with:
2025-08-16T23:09:08.0010110Z   python-version: 3.12
2025-08-16T23:09:08.0010294Z   cache: pip
2025-08-16T23:09:08.0010504Z   cache-dependency-path: requirements-dev.txt
2025-08-16T23:09:08.0010762Z   check-latest: false
2025-08-16T23:09:08.0011054Z   token: ***
2025-08-16T23:09:08.0011234Z   update-environment: true
2025-08-16T23:09:08.0011440Z   allow-prereleases: false
2025-08-16T23:09:08.0011637Z   freethreaded: false
2025-08-16T23:09:08.0011805Z env:
2025-08-16T23:09:08.0011958Z   PG_USER: postgres
2025-08-16T23:09:08.0012137Z   PG_PASSWORD: pass
2025-08-16T23:09:08.0012306Z   PG_DATABASE: awa
2025-08-16T23:09:08.0012478Z   PG_HOST: localhost
2025-08-16T23:09:08.0012647Z   PG_PORT: 5432
2025-08-16T23:09:08.0013014Z   PG_SYNC_DSN: ***localhost:5432/awa
2025-08-16T23:09:08.0013400Z   PG_ASYNC_DSN: ***localhost:5432/awa
2025-08-16T23:09:08.0013798Z   DATABASE_URL: ***localhost:5432/awa
2025-08-16T23:09:08.0014054Z   DATA_DIR: /tmp/awa-data
2025-08-16T23:09:08.0014239Z   ENABLE_LIVE: 0
2025-08-16T23:09:08.0014403Z   TESTING: 1
2025-08-16T23:09:08.0014557Z ##[endgroup]
2025-08-16T23:09:08.1780379Z ##[group]Installed versions
2025-08-16T23:09:08.1904377Z Successfully set up CPython (3.12.11)
2025-08-16T23:09:08.1905186Z ##[endgroup]
2025-08-16T23:09:08.2213761Z [command]/opt/hostedtoolcache/Python/3.12.11/x64/bin/pip cache dir
2025-08-16T23:09:08.5076827Z /home/runner/.cache/pip
2025-08-16T23:09:08.6493291Z Cache hit for: setup-python-Linux-x64-24.04-Ubuntu-python-3.12.11-pip-dee7c0c28332ec2ebb5d2650fb0d2cfddf025b3b0e96b0c826645ad2cb717961
2025-08-16T23:09:09.8042668Z Received 117440512 of 271557671 (43.2%), 111.8 MBs/sec
2025-08-16T23:09:10.7950106Z Received 271557671 of 271557671 (100.0%), 130.0 MBs/sec
2025-08-16T23:09:10.7951560Z Cache Size: ~259 MB (271557671 B)
2025-08-16T23:09:10.7993193Z [command]/usr/bin/tar -xf /home/runner/work/_temp/5b975d18-ba3c-4628-9fe5-affb8b02bdc9/cache.tzst -P -C /home/runner/work/AWA-App/AWA-App --use-compress-program unzstd
2025-08-16T23:09:11.2752526Z Cache restored successfully
2025-08-16T23:09:11.3270468Z Cache restored from key: setup-python-Linux-x64-24.04-Ubuntu-python-3.12.11-pip-dee7c0c28332ec2ebb5d2650fb0d2cfddf025b3b0e96b0c826645ad2cb717961
2025-08-16T23:09:11.3453650Z ##[group]Run pip install -r requirements-dev.txt
2025-08-16T23:09:11.3454038Z [36;1mpip install -r requirements-dev.txt[0m
2025-08-16T23:09:11.3454353Z [36;1mpip install keepa==1.3.15 minio==7.1.15[0m
2025-08-16T23:09:11.3503826Z shell: /usr/bin/bash -e {0}
2025-08-16T23:09:11.3504066Z env:
2025-08-16T23:09:11.3504244Z   PG_USER: postgres
2025-08-16T23:09:11.3504440Z   PG_PASSWORD: pass
2025-08-16T23:09:11.3504632Z   PG_DATABASE: awa
2025-08-16T23:09:11.3504818Z   PG_HOST: localhost
2025-08-16T23:09:11.3504996Z   PG_PORT: 5432
2025-08-16T23:09:11.3505479Z   PG_SYNC_DSN: ***localhost:5432/awa
2025-08-16T23:09:11.3505962Z   PG_ASYNC_DSN: ***localhost:5432/awa
2025-08-16T23:09:11.3506344Z   DATABASE_URL: ***localhost:5432/awa
2025-08-16T23:09:11.3506577Z   DATA_DIR: /tmp/awa-data
2025-08-16T23:09:11.3506773Z   ENABLE_LIVE: 0
2025-08-16T23:09:11.3506935Z   TESTING: 1
2025-08-16T23:09:11.3507165Z   pythonLocation: /opt/hostedtoolcache/Python/3.12.11/x64
2025-08-16T23:09:11.3507616Z   PKG_CONFIG_PATH: /opt/hostedtoolcache/Python/3.12.11/x64/lib/pkgconfig
2025-08-16T23:09:11.3508011Z   Python_ROOT_DIR: /opt/hostedtoolcache/Python/3.12.11/x64
2025-08-16T23:09:11.3508359Z   Python2_ROOT_DIR: /opt/hostedtoolcache/Python/3.12.11/x64
2025-08-16T23:09:11.3508708Z   Python3_ROOT_DIR: /opt/hostedtoolcache/Python/3.12.11/x64
2025-08-16T23:09:11.3509305Z   LD_LIBRARY_PATH: /opt/hostedtoolcache/Python/3.12.11/x64/lib
2025-08-16T23:09:11.3509610Z ##[endgroup]
2025-08-16T23:09:11.9502092Z Collecting Jinja2==3.1.6 (from -r requirements-dev.txt (line 2))
2025-08-16T23:09:11.9514890Z   Using cached jinja2-3.1.6-py3-none-any.whl.metadata (2.9 kB)
2025-08-16T23:09:11.9728438Z Collecting alembic==1.13.1 (from -r requirements-dev.txt (line 3))
2025-08-16T23:09:11.9739938Z   Using cached alembic-1.13.1-py3-none-any.whl.metadata (7.4 kB)
2025-08-16T23:09:11.9895863Z Collecting apscheduler==3.10.4 (from -r requirements-dev.txt (line 4))
2025-08-16T23:09:11.9907035Z   Using cached APScheduler-3.10.4-py3-none-any.whl.metadata (5.7 kB)
2025-08-16T23:09:12.0332158Z Collecting asyncpg==0.30.0 (from -r requirements-dev.txt (line 5))
2025-08-16T23:09:12.0343948Z   Using cached asyncpg-0.30.0-cp312-cp312-manylinux_2_17_x86_64.manylinux2014_x86_64.whl.metadata (5.0 kB)
2025-08-16T23:09:12.0841818Z Collecting black==25.1.0 (from -r requirements-dev.txt (line 6))
2025-08-16T23:09:12.0853955Z   Using cached black-25.1.0-cp312-cp312-manylinux_2_17_x86_64.manylinux2014_x86_64.manylinux_2_28_x86_64.whl.metadata (81 kB)
2025-08-16T23:09:12.4336729Z Collecting boto3 (from -r requirements-dev.txt (line 7))
2025-08-16T23:09:12.5180111Z   Downloading boto3-1.40.11-py3-none-any.whl.metadata (6.7 kB)
2025-08-16T23:09:12.5520982Z Collecting celery==5.4.0 (from -r requirements-dev.txt (line 8))
2025-08-16T23:09:12.5532512Z   Using cached celery-5.4.0-py3-none-any.whl.metadata (21 kB)
2025-08-16T23:09:12.6110881Z Collecting fastapi==0.116.1 (from -r requirements-dev.txt (line 9))
2025-08-16T23:09:12.6123289Z   Using cached fastapi-0.116.1-py3-none-any.whl.metadata (28 kB)
2025-08-16T23:09:12.6367423Z Collecting httpx<0.29,>=0.27 (from -r requirements-dev.txt (line 11))
2025-08-16T23:09:12.6378348Z   Using cached httpx-0.28.1-py3-none-any.whl.metadata (7.1 kB)
2025-08-16T23:09:12.6502747Z Collecting imapclient==3.0.1 (from -r requirements-dev.txt (line 12))
2025-08-16T23:09:12.6514063Z   Using cached IMAPClient-3.0.1-py2.py3-none-any.whl.metadata (1.7 kB)
2025-08-16T23:09:12.6630204Z Collecting itsdangerous (from -r requirements-dev.txt (line 13))
2025-08-16T23:09:12.6642619Z   Using cached itsdangerous-2.2.0-py3-none-any.whl.metadata (1.9 kB)
2025-08-16T23:09:12.7649424Z Collecting mypy==1.* (from -r requirements-dev.txt (line 14))
2025-08-16T23:09:12.7662805Z   Using cached mypy-1.17.1-cp312-cp312-manylinux2014_x86_64.manylinux_2_17_x86_64.manylinux_2_28_x86_64.whl.metadata (2.2 kB)
2025-08-16T23:09:12.7769530Z Collecting mypy-extensions==1.1.0 (from -r requirements-dev.txt (line 15))
2025-08-16T23:09:12.7780878Z   Using cached mypy_extensions-1.1.0-py3-none-any.whl.metadata (1.1 kB)
2025-08-16T23:09:12.7947541Z Collecting openpyxl==3.1.5 (from -r requirements-dev.txt (line 16))
2025-08-16T23:09:12.7958779Z   Using cached openpyxl-3.1.5-py2.py3-none-any.whl.metadata (2.5 kB)
2025-08-16T23:09:12.8985124Z Collecting pandas==2.3.1 (from -r requirements-dev.txt (line 17))
2025-08-16T23:09:12.8998608Z   Using cached pandas-2.3.1-cp312-cp312-manylinux_2_17_x86_64.manylinux2014_x86_64.whl.metadata (91 kB)
2025-08-16T23:09:13.0126031Z Collecting psycopg2-binary==2.9.9 (from -r requirements-dev.txt (line 18))
2025-08-16T23:09:13.0138557Z   Using cached psycopg2_binary-2.9.9-cp312-cp312-manylinux_2_17_x86_64.manylinux2014_x86_64.whl.metadata (4.4 kB)
2025-08-16T23:09:13.0292291Z Collecting psycopg==3.2.9 (from psycopg[binary]==3.2.9->-r requirements-dev.txt (line 19))
2025-08-16T23:09:13.0303297Z   Using cached psycopg-3.2.9-py3-none-any.whl.metadata (4.5 kB)
2025-08-16T23:09:13.1375039Z Collecting pydantic==2.11.7 (from -r requirements-dev.txt (line 20))
2025-08-16T23:09:13.1387417Z   Using cached pydantic-2.11.7-py3-none-any.whl.metadata (67 kB)
2025-08-16T23:09:13.2603511Z Collecting setuptools (from -r requirements-dev.txt (line 21))
2025-08-16T23:09:13.2616165Z   Using cached setuptools-80.9.0-py3-none-any.whl.metadata (6.6 kB)
2025-08-16T23:09:13.2864671Z Collecting pytest-asyncio==0.23.6 (from -r requirements-dev.txt (line 22))
2025-08-16T23:09:13.2875844Z   Using cached pytest_asyncio-0.23.6-py3-none-any.whl.metadata (3.9 kB)
2025-08-16T23:09:13.3018354Z Collecting pytest-cov==6.2.1 (from -r requirements-dev.txt (line 23))
2025-08-16T23:09:13.3029881Z   Using cached pytest_cov-6.2.1-py3-none-any.whl.metadata (30 kB)
2025-08-16T23:09:13.3192829Z Collecting pytest-postgresql==7.0.2 (from -r requirements-dev.txt (line 24))
2025-08-16T23:09:13.3203724Z   Using cached pytest_postgresql-7.0.2-py3-none-any.whl.metadata (18 kB)
2025-08-16T23:09:13.3361850Z Collecting python-dotenv (from -r requirements-dev.txt (line 25))
2025-08-16T23:09:13.3373127Z   Using cached python_dotenv-1.1.1-py3-none-any.whl.metadata (24 kB)
2025-08-16T23:09:13.3490380Z Collecting python-multipart (from -r requirements-dev.txt (line 26))
2025-08-16T23:09:13.3502240Z   Using cached python_multipart-0.0.20-py3-none-any.whl.metadata (1.8 kB)
2025-08-16T23:09:13.3802971Z Collecting python-telegram-bot==22.2 (from -r requirements-dev.txt (line 27))
2025-08-16T23:09:13.3814606Z   Using cached python_telegram_bot-22.2-py3-none-any.whl.metadata (17 kB)
2025-08-16T23:09:13.4092352Z Collecting requests==2.32.4 (from -r requirements-dev.txt (line 28))
2025-08-16T23:09:13.4104322Z   Using cached requests-2.32.4-py3-none-any.whl.metadata (4.9 kB)
2025-08-16T23:09:13.4265315Z Collecting respx==0.22.0 (from -r requirements-dev.txt (line 29))
2025-08-16T23:09:13.4276930Z   Using cached respx-0.22.0-py2.py3-none-any.whl.metadata (4.1 kB)
2025-08-16T23:09:13.8089836Z Collecting ruff==0.4.4 (from -r requirements-dev.txt (line 30))
2025-08-16T23:09:13.8104568Z   Using cached ruff-0.4.4-py3-none-manylinux_2_17_x86_64.manylinux2014_x86_64.whl.metadata (23 kB)
2025-08-16T23:09:14.0729553Z Collecting sqlalchemy==2.0.29 (from -r requirements-dev.txt (line 31))
2025-08-16T23:09:14.0744816Z   Using cached SQLAlchemy-2.0.29-cp312-cp312-manylinux_2_17_x86_64.manylinux2014_x86_64.whl.metadata (9.6 kB)
2025-08-16T23:09:14.1000079Z Collecting testcontainers==4.10.0 (from testcontainers[postgres]==4.10.0->-r requirements-dev.txt (line 32))
2025-08-16T23:09:14.1013408Z   Using cached testcontainers-4.10.0-py3-none-any.whl.metadata (7.8 kB)
2025-08-16T23:09:14.1405891Z Collecting types-requests==2.32.0.20240602 (from -r requirements-dev.txt (line 33))
2025-08-16T23:09:14.1420296Z   Using cached types_requests-2.32.0.20240602-py3-none-any.whl.metadata (1.8 kB)
2025-08-16T23:09:14.1746624Z Collecting docspec-python==2.2.2 (from -r requirements-dev.txt (line 34))
2025-08-16T23:09:14.1760226Z   Using cached docspec_python-2.2.2-py3-none-any.whl.metadata (1.0 kB)
2025-08-16T23:09:14.2159904Z Collecting pydoc-markdown==4.8.2 (from -r requirements-dev.txt (line 35))
2025-08-16T23:09:14.2172665Z   Using cached pydoc_markdown-4.8.2-py3-none-any.whl.metadata (5.9 kB)
2025-08-16T23:09:14.2685058Z Collecting MarkupSafe>=2.0 (from Jinja2==3.1.6->-r requirements-dev.txt (line 2))
2025-08-16T23:09:14.2699541Z   Using cached MarkupSafe-3.0.2-cp312-cp312-manylinux_2_17_x86_64.manylinux2014_x86_64.whl.metadata (4.0 kB)
2025-08-16T23:09:14.2966307Z Collecting Mako (from alembic==1.13.1->-r requirements-dev.txt (line 3))
2025-08-16T23:09:14.2979632Z   Using cached mako-1.3.10-py3-none-any.whl.metadata (2.9 kB)
2025-08-16T23:09:14.3152258Z Collecting typing-extensions>=4 (from alembic==1.13.1->-r requirements-dev.txt (line 3))
2025-08-16T23:09:14.3166277Z   Using cached typing_extensions-4.14.1-py3-none-any.whl.metadata (3.0 kB)
2025-08-16T23:09:14.3312520Z Collecting six>=1.4.0 (from apscheduler==3.10.4->-r requirements-dev.txt (line 4))
2025-08-16T23:09:14.3324927Z   Using cached six-1.17.0-py2.py3-none-any.whl.metadata (1.7 kB)
2025-08-16T23:09:14.3657254Z Collecting pytz (from apscheduler==3.10.4->-r requirements-dev.txt (line 4))
2025-08-16T23:09:14.3671220Z   Using cached pytz-2025.2-py2.py3-none-any.whl.metadata (22 kB)
2025-08-16T23:09:14.3850173Z Collecting tzlocal!=3.*,>=2.0 (from apscheduler==3.10.4->-r requirements-dev.txt (line 4))
2025-08-16T23:09:14.3863029Z   Using cached tzlocal-5.3.1-py3-none-any.whl.metadata (7.6 kB)
2025-08-16T23:09:14.4054894Z Collecting click>=8.0.0 (from black==25.1.0->-r requirements-dev.txt (line 6))
2025-08-16T23:09:14.4067789Z   Using cached click-8.2.1-py3-none-any.whl.metadata (2.5 kB)
2025-08-16T23:09:14.4229369Z Collecting packaging>=22.0 (from black==25.1.0->-r requirements-dev.txt (line 6))
2025-08-16T23:09:14.4242673Z   Using cached packaging-25.0-py3-none-any.whl.metadata (3.3 kB)
2025-08-16T23:09:14.4349551Z Collecting pathspec>=0.9.0 (from black==25.1.0->-r requirements-dev.txt (line 6))
2025-08-16T23:09:14.4361983Z   Using cached pathspec-0.12.1-py3-none-any.whl.metadata (21 kB)
2025-08-16T23:09:14.4542520Z Collecting platformdirs>=2 (from black==25.1.0->-r requirements-dev.txt (line 6))
2025-08-16T23:09:14.4555404Z   Using cached platformdirs-4.3.8-py3-none-any.whl.metadata (12 kB)
2025-08-16T23:09:14.4757953Z Collecting billiard<5.0,>=4.2.0 (from celery==5.4.0->-r requirements-dev.txt (line 8))
2025-08-16T23:09:14.4771386Z   Using cached billiard-4.2.1-py3-none-any.whl.metadata (4.4 kB)
2025-08-16T23:09:14.5104202Z Collecting kombu<6.0,>=5.3.4 (from celery==5.4.0->-r requirements-dev.txt (line 8))
2025-08-16T23:09:14.5117215Z   Using cached kombu-5.5.4-py3-none-any.whl.metadata (3.5 kB)
2025-08-16T23:09:14.5290648Z Collecting vine<6.0,>=5.1.0 (from celery==5.4.0->-r requirements-dev.txt (line 8))
2025-08-16T23:09:14.5303105Z   Using cached vine-5.1.0-py3-none-any.whl.metadata (2.7 kB)
2025-08-16T23:09:14.5489413Z Collecting click-didyoumean>=0.3.0 (from celery==5.4.0->-r requirements-dev.txt (line 8))
2025-08-16T23:09:14.5501686Z   Using cached click_didyoumean-0.3.1-py3-none-any.whl.metadata (3.9 kB)
2025-08-16T23:09:14.5635518Z Collecting click-repl>=0.2.0 (from celery==5.4.0->-r requirements-dev.txt (line 8))
2025-08-16T23:09:14.5647498Z   Using cached click_repl-0.3.0-py3-none-any.whl.metadata (3.6 kB)
2025-08-16T23:09:14.5757034Z Collecting click-plugins>=1.1.1 (from celery==5.4.0->-r requirements-dev.txt (line 8))
2025-08-16T23:09:14.5769404Z   Using cached click_plugins-1.1.1.2-py2.py3-none-any.whl.metadata (6.5 kB)
2025-08-16T23:09:14.5903869Z Collecting tzdata>=2022.7 (from celery==5.4.0->-r requirements-dev.txt (line 8))
2025-08-16T23:09:14.5916869Z   Using cached tzdata-2025.2-py2.py3-none-any.whl.metadata (1.4 kB)
2025-08-16T23:09:14.6030235Z Collecting python-dateutil>=2.8.2 (from celery==5.4.0->-r requirements-dev.txt (line 8))
2025-08-16T23:09:14.6042443Z   Using cached python_dateutil-2.9.0.post0-py2.py3-none-any.whl.metadata (8.4 kB)
2025-08-16T23:09:14.6350876Z Collecting starlette<0.48.0,>=0.40.0 (from fastapi==0.116.1->-r requirements-dev.txt (line 9))
2025-08-16T23:09:14.6364201Z   Using cached starlette-0.47.2-py3-none-any.whl.metadata (6.2 kB)
2025-08-16T23:09:14.6603315Z Collecting annotated-types>=0.6.0 (from pydantic==2.11.7->-r requirements-dev.txt (line 20))
2025-08-16T23:09:14.6615017Z   Using cached annotated_types-0.7.0-py3-none-any.whl.metadata (15 kB)
2025-08-16T23:09:15.3350397Z Collecting pydantic-core==2.33.2 (from pydantic==2.11.7->-r requirements-dev.txt (line 20))
2025-08-16T23:09:15.3364247Z   Using cached pydantic_core-2.33.2-cp312-cp312-manylinux_2_17_x86_64.manylinux2014_x86_64.whl.metadata (6.8 kB)
2025-08-16T23:09:15.3485600Z Collecting typing-inspection>=0.4.0 (from pydantic==2.11.7->-r requirements-dev.txt (line 20))
2025-08-16T23:09:15.3497006Z   Using cached typing_inspection-0.4.1-py3-none-any.whl.metadata (2.6 kB)
2025-08-16T23:09:15.3604060Z Collecting et-xmlfile (from openpyxl==3.1.5->-r requirements-dev.txt (line 16))
2025-08-16T23:09:15.3615353Z   Using cached et_xmlfile-2.0.0-py3-none-any.whl.metadata (2.7 kB)
2025-08-16T23:09:15.5842358Z Collecting numpy>=1.26.0 (from pandas==2.3.1->-r requirements-dev.txt (line 17))
2025-08-16T23:09:15.5856139Z   Using cached numpy-2.3.2-cp312-cp312-manylinux_2_27_x86_64.manylinux_2_28_x86_64.whl.metadata (62 kB)
2025-08-16T23:09:15.6497486Z Collecting pytest<9,>=7.0.0 (from pytest-asyncio==0.23.6->-r requirements-dev.txt (line 22))
2025-08-16T23:09:15.6508872Z   Using cached pytest-8.4.1-py3-none-any.whl.metadata (7.7 kB)
2025-08-16T23:09:15.9715853Z Collecting coverage>=7.5 (from coverage[toml]>=7.5->pytest-cov==6.2.1->-r requirements-dev.txt (line 23))
2025-08-16T23:09:15.9731017Z   Using cached coverage-7.10.3-cp312-cp312-manylinux1_x86_64.manylinux_2_28_x86_64.manylinux_2_5_x86_64.whl.metadata (8.9 kB)
2025-08-16T23:09:15.9875497Z Collecting pluggy>=1.2 (from pytest-cov==6.2.1->-r requirements-dev.txt (line 23))
2025-08-16T23:09:15.9886929Z   Using cached pluggy-1.6.0-py3-none-any.whl.metadata (4.8 kB)
2025-08-16T23:09:16.0155922Z Collecting port-for>=0.7.3 (from pytest-postgresql==7.0.2->-r requirements-dev.txt (line 24))
2025-08-16T23:09:16.0166752Z   Using cached port_for-0.7.4-py3-none-any.whl.metadata (7.1 kB)
2025-08-16T23:09:16.0311874Z Collecting mirakuru>=2.6.0 (from pytest-postgresql==7.0.2->-r requirements-dev.txt (line 24))
2025-08-16T23:09:16.0322807Z   Using cached mirakuru-2.6.1-py3-none-any.whl.metadata (10 kB)
2025-08-16T23:09:16.1128329Z Collecting charset_normalizer<4,>=2 (from requests==2.32.4->-r requirements-dev.txt (line 28))
2025-08-16T23:09:16.1141475Z   Using cached charset_normalizer-3.4.3-cp312-cp312-manylinux2014_x86_64.manylinux_2_17_x86_64.manylinux_2_28_x86_64.whl.metadata (36 kB)
2025-08-16T23:09:16.1284973Z Collecting idna<4,>=2.5 (from requests==2.32.4->-r requirements-dev.txt (line 28))
2025-08-16T23:09:16.1296070Z   Using cached idna-3.10-py3-none-any.whl.metadata (10 kB)
2025-08-16T23:09:16.1555124Z Collecting urllib3<3,>=1.21.1 (from requests==2.32.4->-r requirements-dev.txt (line 28))
2025-08-16T23:09:16.1566125Z   Using cached urllib3-2.5.0-py3-none-any.whl.metadata (6.5 kB)
2025-08-16T23:09:16.1761455Z Collecting certifi>=2017.4.17 (from requests==2.32.4->-r requirements-dev.txt (line 28))
2025-08-16T23:09:16.1773168Z   Using cached certifi-2025.8.3-py3-none-any.whl.metadata (2.4 kB)
2025-08-16T23:09:16.3043669Z Collecting greenlet!=0.4.17 (from sqlalchemy==2.0.29->-r requirements-dev.txt (line 31))
2025-08-16T23:09:16.3057576Z   Using cached greenlet-3.2.4-cp312-cp312-manylinux_2_24_x86_64.manylinux_2_28_x86_64.whl.metadata (4.1 kB)
2025-08-16T23:09:16.4028395Z Collecting docker (from testcontainers==4.10.0->testcontainers[postgres]==4.10.0->-r requirements-dev.txt (line 32))
2025-08-16T23:09:16.4042280Z   Using cached docker-7.1.0-py3-none-any.whl.metadata (3.8 kB)
2025-08-16T23:09:16.5144951Z Collecting wrapt (from testcontainers==4.10.0->testcontainers[postgres]==4.10.0->-r requirements-dev.txt (line 32))
2025-08-16T23:09:16.5158468Z   Using cached wrapt-1.17.3-cp312-cp312-manylinux1_x86_64.manylinux_2_28_x86_64.manylinux_2_5_x86_64.whl.metadata (6.4 kB)
2025-08-16T23:09:16.5633321Z Collecting docspec==2.2.1 (from docspec-python==2.2.2->-r requirements-dev.txt (line 34))
2025-08-16T23:09:16.5644410Z   Using cached docspec-2.2.1-py3-none-any.whl.metadata (1.5 kB)
2025-08-16T23:09:16.5976565Z Collecting nr-util>=0.8.12 (from docspec-python==2.2.2->-r requirements-dev.txt (line 34))
2025-08-16T23:09:16.5987812Z   Using cached nr.util-0.8.12-py3-none-any.whl.metadata (813 bytes)
2025-08-16T23:09:16.6338167Z Collecting PyYAML<7.0,>=5.0 (from pydoc-markdown==4.8.2->-r requirements-dev.txt (line 35))
2025-08-16T23:09:16.6350483Z   Using cached PyYAML-6.0.2-cp312-cp312-manylinux_2_17_x86_64.manylinux2014_x86_64.whl.metadata (2.1 kB)
2025-08-16T23:09:16.6834688Z Collecting databind.core<5.0.0,>=4.4.0 (from pydoc-markdown==4.8.2->-r requirements-dev.txt (line 35))
2025-08-16T23:09:16.6846269Z   Using cached databind.core-4.5.2-py3-none-any.whl.metadata (1.1 kB)
2025-08-16T23:09:16.7285363Z Collecting databind.json<5.0.0,>=4.4.0 (from pydoc-markdown==4.8.2->-r requirements-dev.txt (line 35))
2025-08-16T23:09:16.7297314Z   Using cached databind.json-4.5.2-py3-none-any.whl.metadata (1.1 kB)
2025-08-16T23:09:16.7423579Z Collecting docstring-parser<0.12,>=0.11 (from pydoc-markdown==4.8.2->-r requirements-dev.txt (line 35))
2025-08-16T23:09:16.7425081Z   Using cached docstring_parser-0.11-py3-none-any.whl
2025-08-16T23:09:16.7767082Z Collecting tomli<3.0.0,>=2.0.0 (from pydoc-markdown==4.8.2->-r requirements-dev.txt (line 35))
2025-08-16T23:09:16.7779177Z   Using cached tomli-2.2.1-cp312-cp312-manylinux_2_17_x86_64.manylinux2014_x86_64.whl.metadata (11 kB)
2025-08-16T23:09:16.7889455Z Collecting tomli_w<2.0.0,>=1.0.0 (from pydoc-markdown==4.8.2->-r requirements-dev.txt (line 35))
2025-08-16T23:09:16.7901172Z   Using cached tomli_w-1.2.0-py3-none-any.whl.metadata (5.7 kB)
2025-08-16T23:09:16.8416194Z Collecting watchdog (from pydoc-markdown==4.8.2->-r requirements-dev.txt (line 35))
2025-08-16T23:09:16.8428371Z   Using cached watchdog-6.0.0-py3-none-manylinux2014_x86_64.whl.metadata (44 kB)
2025-08-16T23:09:16.8622507Z Collecting yapf>=0.30.0 (from pydoc-markdown==4.8.2->-r requirements-dev.txt (line 35))
2025-08-16T23:09:16.8634218Z   Using cached yapf-0.43.0-py3-none-any.whl.metadata (46 kB)
2025-08-16T23:09:16.8829993Z Collecting Deprecated<2.0.0,>=1.2.12 (from docspec==2.2.1->docspec-python==2.2.2->-r requirements-dev.txt (line 34))
2025-08-16T23:09:16.8841671Z   Using cached Deprecated-1.2.18-py2.py3-none-any.whl.metadata (5.7 kB)
2025-08-16T23:09:17.0493112Z Collecting psycopg-binary==3.2.9 (from psycopg[binary]==3.2.9->-r requirements-dev.txt (line 19))
2025-08-16T23:09:17.0507296Z   Using cached psycopg_binary-3.2.9-cp312-cp312-manylinux_2_17_x86_64.manylinux2014_x86_64.whl.metadata (2.9 kB)
2025-08-16T23:09:17.0815137Z Collecting anyio (from httpx<0.29,>=0.27->-r requirements-dev.txt (line 11))
2025-08-16T23:09:17.0826787Z   Using cached anyio-4.10.0-py3-none-any.whl.metadata (4.0 kB)
2025-08-16T23:09:17.1007324Z Collecting httpcore==1.* (from httpx<0.29,>=0.27->-r requirements-dev.txt (line 11))
2025-08-16T23:09:17.1018522Z   Using cached httpcore-1.0.9-py3-none-any.whl.metadata (21 kB)
2025-08-16T23:09:17.1484058Z Collecting databind<5.0.0,>=4.5.2 (from databind.core<5.0.0,>=4.4.0->pydoc-markdown==4.8.2->-r requirements-dev.txt (line 35))
2025-08-16T23:09:17.1495014Z   Using cached databind-4.5.2-py3-none-any.whl.metadata (4.3 kB)
2025-08-16T23:09:17.1840874Z Collecting nr-date<3.0.0,>=2.0.0 (from databind<5.0.0,>=4.5.2->databind.core<5.0.0,>=4.4.0->pydoc-markdown==4.8.2->-r requirements-dev.txt (line 35))
2025-08-16T23:09:17.1851656Z   Using cached nr_date-2.1.0-py3-none-any.whl.metadata (746 bytes)
2025-08-16T23:09:17.2208756Z Collecting nr-stream<2.0.0,>=1.0.0 (from databind<5.0.0,>=4.5.2->databind.core<5.0.0,>=4.4.0->pydoc-markdown==4.8.2->-r requirements-dev.txt (line 35))
2025-08-16T23:09:17.2220751Z   Using cached nr_stream-1.1.5-py3-none-any.whl.metadata (3.6 kB)
2025-08-16T23:09:17.2571922Z Collecting typeapi<3,>=2.0.1 (from databind<5.0.0,>=4.5.2->databind.core<5.0.0,>=4.4.0->pydoc-markdown==4.8.2->-r requirements-dev.txt (line 35))
2025-08-16T23:09:17.2583424Z   Using cached typeapi-2.2.4-py3-none-any.whl.metadata (1.5 kB)
2025-08-16T23:09:17.2861225Z Collecting h11>=0.16 (from httpcore==1.*->httpx<0.29,>=0.27->-r requirements-dev.txt (line 11))
2025-08-16T23:09:17.2872998Z   Using cached h11-0.16.0-py3-none-any.whl.metadata (8.3 kB)
2025-08-16T23:09:17.3084286Z Collecting amqp<6.0.0,>=5.1.1 (from kombu<6.0,>=5.3.4->celery==5.4.0->-r requirements-dev.txt (line 8))
2025-08-16T23:09:17.3095997Z   Using cached amqp-5.3.1-py3-none-any.whl.metadata (8.9 kB)
2025-08-16T23:09:17.3492105Z Collecting iniconfig>=1 (from pytest<9,>=7.0.0->pytest-asyncio==0.23.6->-r requirements-dev.txt (line 22))
2025-08-16T23:09:17.3503629Z   Using cached iniconfig-2.1.0-py3-none-any.whl.metadata (2.7 kB)
2025-08-16T23:09:17.3730930Z Collecting pygments>=2.7.2 (from pytest<9,>=7.0.0->pytest-asyncio==0.23.6->-r requirements-dev.txt (line 22))
2025-08-16T23:09:17.3742432Z   Using cached pygments-2.19.2-py3-none-any.whl.metadata (2.5 kB)
2025-08-16T23:09:17.4063864Z Collecting sniffio>=1.1 (from anyio->httpx<0.29,>=0.27->-r requirements-dev.txt (line 11))
2025-08-16T23:09:17.4075477Z   Using cached sniffio-1.3.1-py3-none-any.whl.metadata (3.9 kB)
2025-08-16T23:09:17.7456487Z Collecting botocore<1.41.0,>=1.40.11 (from boto3->-r requirements-dev.txt (line 7))
2025-08-16T23:09:17.7655702Z   Downloading botocore-1.40.11-py3-none-any.whl.metadata (5.7 kB)
2025-08-16T23:09:17.7798627Z Collecting jmespath<2.0.0,>=0.7.1 (from boto3->-r requirements-dev.txt (line 7))
2025-08-16T23:09:17.7809697Z   Using cached jmespath-1.0.1-py3-none-any.whl.metadata (7.6 kB)
2025-08-16T23:09:17.7961974Z Collecting s3transfer<0.14.0,>=0.13.0 (from boto3->-r requirements-dev.txt (line 7))
2025-08-16T23:09:17.7972843Z   Using cached s3transfer-0.13.1-py3-none-any.whl.metadata (1.7 kB)
2025-08-16T23:09:18.0294508Z Collecting fastapi-cli>=0.0.8 (from fastapi-cli[standard]>=0.0.8; extra == "all"->fastapi[all]->-r requirements-dev.txt (line 10))
2025-08-16T23:09:18.0306194Z   Using cached fastapi_cli-0.0.8-py3-none-any.whl.metadata (6.3 kB)
2025-08-16T23:09:18.1018590Z Collecting ujson!=4.0.2,!=4.1.0,!=4.2.0,!=4.3.0,!=5.0.0,!=5.1.0,>=4.0.1 (from fastapi[all]->-r requirements-dev.txt (line 10))
2025-08-16T23:09:18.1030716Z   Using cached ujson-5.10.0-cp312-cp312-manylinux_2_17_x86_64.manylinux2014_x86_64.whl.metadata (9.3 kB)
2025-08-16T23:09:18.3358640Z Collecting orjson>=3.2.1 (from fastapi[all]->-r requirements-dev.txt (line 10))
2025-08-16T23:09:18.3372829Z   Using cached orjson-3.11.2-cp312-cp312-manylinux_2_17_x86_64.manylinux2014_x86_64.whl.metadata (1.2 kB)
2025-08-16T23:09:18.3527671Z Collecting email-validator>=2.0.0 (from fastapi[all]->-r requirements-dev.txt (line 10))
2025-08-16T23:09:18.3541170Z   Using cached email_validator-2.2.0-py3-none-any.whl.metadata (25 kB)
2025-08-16T23:09:18.3817779Z Collecting uvicorn>=0.12.0 (from uvicorn[standard]>=0.12.0; extra == "all"->fastapi[all]->-r requirements-dev.txt (line 10))
2025-08-16T23:09:18.3830513Z   Using cached uvicorn-0.35.0-py3-none-any.whl.metadata (6.5 kB)
2025-08-16T23:09:18.3989759Z Collecting pydantic-settings>=2.0.0 (from fastapi[all]->-r requirements-dev.txt (line 10))
2025-08-16T23:09:18.4001781Z   Using cached pydantic_settings-2.10.1-py3-none-any.whl.metadata (3.4 kB)
2025-08-16T23:09:18.4150434Z Collecting pydantic-extra-types>=2.0.0 (from fastapi[all]->-r requirements-dev.txt (line 10))
2025-08-16T23:09:18.4162175Z   Using cached pydantic_extra_types-2.10.5-py3-none-any.whl.metadata (3.9 kB)
2025-08-16T23:09:18.4803391Z Collecting prompt-toolkit>=3.0.36 (from click-repl>=0.2.0->celery==5.4.0->-r requirements-dev.txt (line 8))
2025-08-16T23:09:18.4815191Z   Using cached prompt_toolkit-3.0.51-py3-none-any.whl.metadata (6.4 kB)
2025-08-16T23:09:18.5005141Z Collecting dnspython>=2.0.0 (from email-validator>=2.0.0->fastapi[all]->-r requirements-dev.txt (line 10))
2025-08-16T23:09:18.5016773Z   Using cached dnspython-2.7.0-py3-none-any.whl.metadata (5.8 kB)
2025-08-16T23:09:18.5305442Z Collecting typer>=0.15.1 (from fastapi-cli>=0.0.8->fastapi-cli[standard]>=0.0.8; extra == "all"->fastapi[all]->-r requirements-dev.txt (line 10))
2025-08-16T23:09:18.5316882Z   Using cached typer-0.16.0-py3-none-any.whl.metadata (15 kB)
2025-08-16T23:09:18.5584893Z Collecting rich-toolkit>=0.14.8 (from fastapi-cli>=0.0.8->fastapi-cli[standard]>=0.0.8; extra == "all"->fastapi[all]->-r requirements-dev.txt (line 10))
2025-08-16T23:09:18.5596228Z   Using cached rich_toolkit-0.15.0-py3-none-any.whl.metadata (1.0 kB)
2025-08-16T23:09:18.5705824Z Collecting fastapi-cloud-cli>=0.1.1 (from fastapi-cli[standard]>=0.0.8; extra == "all"->fastapi[all]->-r requirements-dev.txt (line 10))
2025-08-16T23:09:18.5717734Z   Using cached fastapi_cloud_cli-0.1.5-py3-none-any.whl.metadata (3.2 kB)
2025-08-16T23:09:18.6430382Z Collecting rignore>=0.5.1 (from fastapi-cloud-cli>=0.1.1->fastapi-cli[standard]>=0.0.8; extra == "all"->fastapi[all]->-r requirements-dev.txt (line 10))
2025-08-16T23:09:18.6443875Z   Using cached rignore-0.6.4-cp312-cp312-manylinux_2_17_x86_64.manylinux2014_x86_64.whl.metadata (3.8 kB)
2025-08-16T23:09:18.7077681Z Collecting sentry-sdk>=2.20.0 (from fastapi-cloud-cli>=0.1.1->fastapi-cli[standard]>=0.0.8; extra == "all"->fastapi[all]->-r requirements-dev.txt (line 10))
2025-08-16T23:09:18.7270754Z   Downloading sentry_sdk-2.35.0-py2.py3-none-any.whl.metadata (10 kB)
2025-08-16T23:09:18.8273095Z Collecting psutil>=4.0.0 (from mirakuru>=2.6.0->pytest-postgresql==7.0.2->-r requirements-dev.txt (line 24))
2025-08-16T23:09:18.8286869Z   Using cached psutil-7.0.0-cp36-abi3-manylinux_2_12_x86_64.manylinux2010_x86_64.manylinux_2_17_x86_64.manylinux2014_x86_64.whl.metadata (22 kB)
2025-08-16T23:09:18.8618953Z Collecting wcwidth (from prompt-toolkit>=3.0.36->click-repl>=0.2.0->celery==5.4.0->-r requirements-dev.txt (line 8))
2025-08-16T23:09:18.8630631Z   Using cached wcwidth-0.2.13-py2.py3-none-any.whl.metadata (14 kB)
2025-08-16T23:09:18.9429814Z Collecting rich>=13.7.1 (from rich-toolkit>=0.14.8->fastapi-cli>=0.0.8->fastapi-cli[standard]>=0.0.8; extra == "all"->fastapi[all]->-r requirements-dev.txt (line 10))
2025-08-16T23:09:18.9441023Z   Using cached rich-14.1.0-py3-none-any.whl.metadata (18 kB)
2025-08-16T23:09:18.9617588Z Collecting markdown-it-py>=2.2.0 (from rich>=13.7.1->rich-toolkit>=0.14.8->fastapi-cli>=0.0.8->fastapi-cli[standard]>=0.0.8; extra == "all"->fastapi[all]->-r requirements-dev.txt (line 10))
2025-08-16T23:09:18.9629213Z   Using cached markdown_it_py-4.0.0-py3-none-any.whl.metadata (7.3 kB)
2025-08-16T23:09:18.9817471Z Collecting mdurl~=0.1 (from markdown-it-py>=2.2.0->rich>=13.7.1->rich-toolkit>=0.14.8->fastapi-cli>=0.0.8->fastapi-cli[standard]>=0.0.8; extra == "all"->fastapi[all]->-r requirements-dev.txt (line 10))
2025-08-16T23:09:18.9828736Z   Using cached mdurl-0.1.2-py3-none-any.whl.metadata (1.6 kB)
2025-08-16T23:09:19.0320102Z Collecting shellingham>=1.3.0 (from typer>=0.15.1->fastapi-cli>=0.0.8->fastapi-cli[standard]>=0.0.8; extra == "all"->fastapi[all]->-r requirements-dev.txt (line 10))
2025-08-16T23:09:19.0331855Z   Using cached shellingham-1.5.4-py2.py3-none-any.whl.metadata (3.5 kB)
2025-08-16T23:09:19.1012364Z Collecting httptools>=0.6.3 (from uvicorn[standard]>=0.12.0; extra == "all"->fastapi[all]->-r requirements-dev.txt (line 10))
2025-08-16T23:09:19.1024633Z   Using cached httptools-0.6.4-cp312-cp312-manylinux_2_5_x86_64.manylinux1_x86_64.manylinux_2_17_x86_64.manylinux2014_x86_64.whl.metadata (3.6 kB)
2025-08-16T23:09:19.1433446Z Collecting uvloop>=0.15.1 (from uvicorn[standard]>=0.12.0; extra == "all"->fastapi[all]->-r requirements-dev.txt (line 10))
2025-08-16T23:09:19.1445936Z   Using cached uvloop-0.21.0-cp312-cp312-manylinux_2_17_x86_64.manylinux2014_x86_64.whl.metadata (4.9 kB)
2025-08-16T23:09:19.2164305Z Collecting watchfiles>=0.13 (from uvicorn[standard]>=0.12.0; extra == "all"->fastapi[all]->-r requirements-dev.txt (line 10))
2025-08-16T23:09:19.2176978Z   Using cached watchfiles-1.1.0-cp312-cp312-manylinux_2_17_x86_64.manylinux2014_x86_64.whl.metadata (4.9 kB)
2025-08-16T23:09:19.3043335Z Collecting websockets>=10.4 (from uvicorn[standard]>=0.12.0; extra == "all"->fastapi[all]->-r requirements-dev.txt (line 10))
2025-08-16T23:09:19.3057049Z   Using cached websockets-15.0.1-cp312-cp312-manylinux_2_5_x86_64.manylinux1_x86_64.manylinux_2_17_x86_64.manylinux2014_x86_64.whl.metadata (6.8 kB)
2025-08-16T23:09:19.3770694Z Using cached jinja2-3.1.6-py3-none-any.whl (134 kB)
2025-08-16T23:09:19.3783076Z Using cached alembic-1.13.1-py3-none-any.whl (233 kB)
2025-08-16T23:09:19.3795902Z Using cached APScheduler-3.10.4-py3-none-any.whl (59 kB)
2025-08-16T23:09:19.3807845Z Using cached asyncpg-0.30.0-cp312-cp312-manylinux_2_17_x86_64.manylinux2014_x86_64.whl (3.6 MB)
2025-08-16T23:09:19.3845443Z Using cached black-25.1.0-cp312-cp312-manylinux_2_17_x86_64.manylinux2014_x86_64.manylinux_2_28_x86_64.whl (1.8 MB)
2025-08-16T23:09:19.3870340Z Using cached celery-5.4.0-py3-none-any.whl (425 kB)
2025-08-16T23:09:19.3884200Z Using cached fastapi-0.116.1-py3-none-any.whl (95 kB)
2025-08-16T23:09:19.3896015Z Using cached pydantic-2.11.7-py3-none-any.whl (444 kB)
2025-08-16T23:09:19.3910231Z Using cached IMAPClient-3.0.1-py2.py3-none-any.whl (182 kB)
2025-08-16T23:09:19.3922625Z Using cached mypy_extensions-1.1.0-py3-none-any.whl (5.0 kB)
2025-08-16T23:09:19.3933859Z Using cached openpyxl-3.1.5-py2.py3-none-any.whl (250 kB)
2025-08-16T23:09:19.3947181Z Using cached pandas-2.3.1-cp312-cp312-manylinux_2_17_x86_64.manylinux2014_x86_64.whl (12.0 MB)
2025-08-16T23:09:19.4041920Z Using cached psycopg2_binary-2.9.9-cp312-cp312-manylinux_2_17_x86_64.manylinux2014_x86_64.whl (3.0 MB)
2025-08-16T23:09:19.4074414Z Using cached psycopg-3.2.9-py3-none-any.whl (202 kB)
2025-08-16T23:09:19.4086789Z Using cached pytest_asyncio-0.23.6-py3-none-any.whl (17 kB)
2025-08-16T23:09:19.4097853Z Using cached pytest_cov-6.2.1-py3-none-any.whl (24 kB)
2025-08-16T23:09:19.4109547Z Using cached pytest_postgresql-7.0.2-py3-none-any.whl (41 kB)
2025-08-16T23:09:19.4121073Z Using cached python_telegram_bot-22.2-py3-none-any.whl (708 kB)
2025-08-16T23:09:19.4136983Z Using cached requests-2.32.4-py3-none-any.whl (64 kB)
2025-08-16T23:09:19.4148373Z Using cached respx-0.22.0-py2.py3-none-any.whl (25 kB)
2025-08-16T23:09:19.4159802Z Using cached ruff-0.4.4-py3-none-manylinux_2_17_x86_64.manylinux2014_x86_64.whl (8.7 MB)
2025-08-16T23:09:19.4232281Z Using cached SQLAlchemy-2.0.29-cp312-cp312-manylinux_2_17_x86_64.manylinux2014_x86_64.whl (3.2 MB)
2025-08-16T23:09:19.4265690Z Using cached testcontainers-4.10.0-py3-none-any.whl (107 kB)
2025-08-16T23:09:19.4277722Z Using cached types_requests-2.32.0.20240602-py3-none-any.whl (15 kB)
2025-08-16T23:09:19.4289166Z Using cached docspec_python-2.2.2-py3-none-any.whl (15 kB)
2025-08-16T23:09:19.4300215Z Using cached pydoc_markdown-4.8.2-py3-none-any.whl (67 kB)
2025-08-16T23:09:19.4311504Z Using cached docspec-2.2.1-py3-none-any.whl (9.8 kB)
2025-08-16T23:09:19.4323116Z Using cached psycopg_binary-3.2.9-cp312-cp312-manylinux_2_17_x86_64.manylinux2014_x86_64.whl (4.4 MB)
2025-08-16T23:09:19.4365926Z Using cached pydantic_core-2.33.2-cp312-cp312-manylinux_2_17_x86_64.manylinux2014_x86_64.whl (2.0 MB)
2025-08-16T23:09:19.4390702Z Using cached httpx-0.28.1-py3-none-any.whl (73 kB)
2025-08-16T23:09:19.4402745Z Using cached mypy-1.17.1-cp312-cp312-manylinux2014_x86_64.manylinux_2_17_x86_64.manylinux_2_28_x86_64.whl (12.7 MB)
2025-08-16T23:09:19.4502053Z Using cached billiard-4.2.1-py3-none-any.whl (86 kB)
2025-08-16T23:09:19.4514685Z Using cached charset_normalizer-3.4.3-cp312-cp312-manylinux2014_x86_64.manylinux_2_17_x86_64.manylinux_2_28_x86_64.whl (151 kB)
2025-08-16T23:09:19.4527097Z Using cached click-8.2.1-py3-none-any.whl (102 kB)
2025-08-16T23:09:19.4538917Z Using cached databind.core-4.5.2-py3-none-any.whl (1.5 kB)
2025-08-16T23:09:19.4550080Z Using cached databind-4.5.2-py3-none-any.whl (49 kB)
2025-08-16T23:09:19.4561453Z Using cached databind.json-4.5.2-py3-none-any.whl (1.5 kB)
2025-08-16T23:09:19.4572814Z Using cached Deprecated-1.2.18-py2.py3-none-any.whl (10.0 kB)
2025-08-16T23:09:19.4584392Z Using cached httpcore-1.0.9-py3-none-any.whl (78 kB)
2025-08-16T23:09:19.4596101Z Using cached idna-3.10-py3-none-any.whl (70 kB)
2025-08-16T23:09:19.4607762Z Using cached kombu-5.5.4-py3-none-any.whl (210 kB)
2025-08-16T23:09:19.4621096Z Using cached vine-5.1.0-py3-none-any.whl (9.6 kB)
2025-08-16T23:09:19.4632139Z Using cached amqp-5.3.1-py3-none-any.whl (50 kB)
2025-08-16T23:09:19.4643577Z Using cached nr_date-2.1.0-py3-none-any.whl (10 kB)
2025-08-16T23:09:19.4661822Z Using cached nr_stream-1.1.5-py3-none-any.whl (10 kB)
2025-08-16T23:09:19.4665859Z Using cached nr.util-0.8.12-py3-none-any.whl (90 kB)
2025-08-16T23:09:19.4677229Z Using cached pytest-8.4.1-py3-none-any.whl (365 kB)
2025-08-16T23:09:19.4690878Z Using cached pluggy-1.6.0-py3-none-any.whl (20 kB)
2025-08-16T23:09:19.4701885Z Using cached PyYAML-6.0.2-cp312-cp312-manylinux_2_17_x86_64.manylinux2014_x86_64.whl (767 kB)
2025-08-16T23:09:19.4717767Z Using cached starlette-0.47.2-py3-none-any.whl (72 kB)
2025-08-16T23:09:19.4729346Z Using cached anyio-4.10.0-py3-none-any.whl (107 kB)
2025-08-16T23:09:19.4741307Z Using cached tomli-2.2.1-cp312-cp312-manylinux_2_17_x86_64.manylinux2014_x86_64.whl (242 kB)
2025-08-16T23:09:19.4753490Z Using cached tomli_w-1.2.0-py3-none-any.whl (6.7 kB)
2025-08-16T23:09:19.4763948Z Using cached typeapi-2.2.4-py3-none-any.whl (26 kB)
2025-08-16T23:09:19.4774987Z Using cached typing_extensions-4.14.1-py3-none-any.whl (43 kB)
2025-08-16T23:09:19.4785828Z Using cached urllib3-2.5.0-py3-none-any.whl (129 kB)
2025-08-16T23:09:19.4797789Z Using cached wrapt-1.17.3-cp312-cp312-manylinux1_x86_64.manylinux_2_28_x86_64.manylinux_2_5_x86_64.whl (88 kB)
2025-08-16T23:09:19.4987827Z Downloading boto3-1.40.11-py3-none-any.whl (140 kB)
2025-08-16T23:09:19.5555454Z Downloading botocore-1.40.11-py3-none-any.whl (14.0 MB)
2025-08-16T23:09:19.6956936Z    ━━━━━━━━━━━━━━━━━━━━━━━━━━━━━━━━━━━━━━━━ 14.0/14.0 MB 115.7 MB/s  0:00:00
2025-08-16T23:09:19.6969134Z Using cached jmespath-1.0.1-py3-none-any.whl (20 kB)
2025-08-16T23:09:19.6980777Z Using cached python_dateutil-2.9.0.post0-py2.py3-none-any.whl (229 kB)
2025-08-16T23:09:19.6993070Z Using cached s3transfer-0.13.1-py3-none-any.whl (85 kB)
2025-08-16T23:09:19.7004567Z Using cached itsdangerous-2.2.0-py3-none-any.whl (16 kB)
2025-08-16T23:09:19.7015586Z Using cached setuptools-80.9.0-py3-none-any.whl (1.2 MB)
2025-08-16T23:09:19.7035263Z Using cached python_dotenv-1.1.1-py3-none-any.whl (20 kB)
2025-08-16T23:09:19.7046777Z Using cached python_multipart-0.0.20-py3-none-any.whl (24 kB)
2025-08-16T23:09:19.7057609Z Using cached annotated_types-0.7.0-py3-none-any.whl (13 kB)
2025-08-16T23:09:19.7068356Z Using cached certifi-2025.8.3-py3-none-any.whl (161 kB)
2025-08-16T23:09:19.7080640Z Using cached click_didyoumean-0.3.1-py3-none-any.whl (3.6 kB)
2025-08-16T23:09:19.7091237Z Using cached click_plugins-1.1.1.2-py2.py3-none-any.whl (11 kB)
2025-08-16T23:09:19.7101716Z Using cached click_repl-0.3.0-py3-none-any.whl (10 kB)
2025-08-16T23:09:19.7112865Z Using cached coverage-7.10.3-cp312-cp312-manylinux1_x86_64.manylinux_2_28_x86_64.manylinux_2_5_x86_64.whl (250 kB)
2025-08-16T23:09:19.7124722Z Using cached email_validator-2.2.0-py3-none-any.whl (33 kB)
2025-08-16T23:09:19.7135518Z Using cached dnspython-2.7.0-py3-none-any.whl (313 kB)
2025-08-16T23:09:19.7148305Z Using cached fastapi_cli-0.0.8-py3-none-any.whl (10 kB)
2025-08-16T23:09:19.7159127Z Using cached fastapi_cloud_cli-0.1.5-py3-none-any.whl (18 kB)
2025-08-16T23:09:19.7173020Z Using cached greenlet-3.2.4-cp312-cp312-manylinux_2_24_x86_64.manylinux_2_28_x86_64.whl (607 kB)
2025-08-16T23:09:19.7188241Z Using cached h11-0.16.0-py3-none-any.whl (37 kB)
2025-08-16T23:09:19.7199397Z Using cached iniconfig-2.1.0-py3-none-any.whl (6.0 kB)
2025-08-16T23:09:19.7210772Z Using cached MarkupSafe-3.0.2-cp312-cp312-manylinux_2_17_x86_64.manylinux2014_x86_64.whl (23 kB)
2025-08-16T23:09:19.7221282Z Using cached mirakuru-2.6.1-py3-none-any.whl (26 kB)
2025-08-16T23:09:19.7232772Z Using cached numpy-2.3.2-cp312-cp312-manylinux_2_27_x86_64.manylinux_2_28_x86_64.whl (16.6 MB)
2025-08-16T23:09:19.7361878Z Using cached orjson-3.11.2-cp312-cp312-manylinux_2_17_x86_64.manylinux2014_x86_64.whl (121 kB)
2025-08-16T23:09:19.7372649Z Using cached packaging-25.0-py3-none-any.whl (66 kB)
2025-08-16T23:09:19.7383978Z Using cached pathspec-0.12.1-py3-none-any.whl (31 kB)
2025-08-16T23:09:19.7394907Z Using cached platformdirs-4.3.8-py3-none-any.whl (18 kB)
2025-08-16T23:09:19.7405792Z Using cached port_for-0.7.4-py3-none-any.whl (21 kB)
2025-08-16T23:09:19.7416611Z Using cached prompt_toolkit-3.0.51-py3-none-any.whl (387 kB)
2025-08-16T23:09:19.7430880Z Using cached psutil-7.0.0-cp36-abi3-manylinux_2_12_x86_64.manylinux2010_x86_64.manylinux_2_17_x86_64.manylinux2014_x86_64.whl (277 kB)
2025-08-16T23:09:19.7443052Z Using cached pydantic_extra_types-2.10.5-py3-none-any.whl (38 kB)
2025-08-16T23:09:19.7453993Z Using cached pydantic_settings-2.10.1-py3-none-any.whl (45 kB)
2025-08-16T23:09:19.7464833Z Using cached pygments-2.19.2-py3-none-any.whl (1.2 MB)
2025-08-16T23:09:19.7483983Z Using cached pytz-2025.2-py2.py3-none-any.whl (509 kB)
2025-08-16T23:09:19.7499400Z Using cached rich_toolkit-0.15.0-py3-none-any.whl (29 kB)
2025-08-16T23:09:19.7510397Z Using cached rich-14.1.0-py3-none-any.whl (243 kB)
2025-08-16T23:09:19.7522649Z Using cached markdown_it_py-4.0.0-py3-none-any.whl (87 kB)
2025-08-16T23:09:19.7533695Z Using cached mdurl-0.1.2-py3-none-any.whl (10.0 kB)
2025-08-16T23:09:19.7544860Z Using cached rignore-0.6.4-cp312-cp312-manylinux_2_17_x86_64.manylinux2014_x86_64.whl (949 kB)
2025-08-16T23:09:19.7742618Z Downloading sentry_sdk-2.35.0-py2.py3-none-any.whl (363 kB)
2025-08-16T23:09:19.7788893Z Using cached six-1.17.0-py2.py3-none-any.whl (11 kB)
2025-08-16T23:09:19.7800758Z Using cached sniffio-1.3.1-py3-none-any.whl (10 kB)
2025-08-16T23:09:19.7811602Z Using cached typer-0.16.0-py3-none-any.whl (46 kB)
2025-08-16T23:09:19.7822556Z Using cached shellingham-1.5.4-py2.py3-none-any.whl (9.8 kB)
2025-08-16T23:09:19.7833358Z Using cached typing_inspection-0.4.1-py3-none-any.whl (14 kB)
2025-08-16T23:09:19.7844028Z Using cached tzdata-2025.2-py2.py3-none-any.whl (347 kB)
2025-08-16T23:09:19.7857072Z Using cached tzlocal-5.3.1-py3-none-any.whl (18 kB)
2025-08-16T23:09:19.7868098Z Using cached ujson-5.10.0-cp312-cp312-manylinux_2_17_x86_64.manylinux2014_x86_64.whl (53 kB)
2025-08-16T23:09:19.7878871Z Using cached uvicorn-0.35.0-py3-none-any.whl (66 kB)
2025-08-16T23:09:19.7891466Z Using cached httptools-0.6.4-cp312-cp312-manylinux_2_5_x86_64.manylinux1_x86_64.manylinux_2_17_x86_64.manylinux2014_x86_64.whl (510 kB)
2025-08-16T23:09:19.7906497Z Using cached uvloop-0.21.0-cp312-cp312-manylinux_2_17_x86_64.manylinux2014_x86_64.whl (4.7 MB)
2025-08-16T23:09:19.7951117Z Using cached watchfiles-1.1.0-cp312-cp312-manylinux_2_17_x86_64.manylinux2014_x86_64.whl (452 kB)
2025-08-16T23:09:19.7965453Z Using cached websockets-15.0.1-cp312-cp312-manylinux_2_5_x86_64.manylinux1_x86_64.manylinux_2_17_x86_64.manylinux2014_x86_64.whl (182 kB)
2025-08-16T23:09:19.7976726Z Using cached yapf-0.43.0-py3-none-any.whl (256 kB)
2025-08-16T23:09:19.7989164Z Using cached docker-7.1.0-py3-none-any.whl (147 kB)
2025-08-16T23:09:19.8000978Z Using cached et_xmlfile-2.0.0-py3-none-any.whl (18 kB)
2025-08-16T23:09:19.8011812Z Using cached mako-1.3.10-py3-none-any.whl (78 kB)
2025-08-16T23:09:19.8023104Z Using cached watchdog-6.0.0-py3-none-manylinux2014_x86_64.whl (79 kB)
2025-08-16T23:09:19.8034264Z Using cached wcwidth-0.2.13-py2.py3-none-any.whl (34 kB)
2025-08-16T23:09:20.2370469Z Installing collected packages: wcwidth, pytz, wrapt, websockets, watchdog, vine, uvloop, urllib3, ujson, tzlocal, tzdata, typing-extensions, tomli_w, tomli, sniffio, six, shellingham, setuptools, ruff, rignore, PyYAML, python-multipart, python-dotenv, pygments, psycopg2-binary, psycopg-binary, psutil, prompt-toolkit, port-for, pluggy, platformdirs, pathspec, packaging, orjson, numpy, nr-stream, nr-date, mypy-extensions, mdurl, MarkupSafe, jmespath, itsdangerous, iniconfig, imapclient, idna, httptools, h11, greenlet, et-xmlfile, docstring-parser, dnspython, coverage, click, charset_normalizer, certifi, billiard, asyncpg, annotated-types, yapf, uvicorn, typing-inspection, types-requests, typeapi, sqlalchemy, sentry-sdk, requests, python-dateutil, pytest, pydantic-core, psycopg, openpyxl, mypy, mirakuru, markdown-it-py, Mako, Jinja2, httpcore, email-validator, Deprecated, click-repl, click-plugins, click-didyoumean, black, apscheduler, anyio, amqp, watchfiles, starlette, rich, pytest-postgresql, pytest-cov, pytest-asyncio, pydantic, pandas, nr-util, kombu, httpx, docker, databind, botocore, alembic, typer, testcontainers, s3transfer, rich-toolkit, respx, python-telegram-bot, pydantic-settings, pydantic-extra-types, fastapi, databind.json, databind.core, celery, fastapi-cloud-cli, fastapi-cli, docspec, boto3, docspec-python, pydoc-markdown
2025-08-16T23:09:38.0844880Z 
2025-08-16T23:09:38.0957507Z Successfully installed Deprecated-1.2.18 Jinja2-3.1.6 Mako-1.3.10 MarkupSafe-3.0.2 PyYAML-6.0.2 alembic-1.13.1 amqp-5.3.1 annotated-types-0.7.0 anyio-4.10.0 apscheduler-3.10.4 asyncpg-0.30.0 billiard-4.2.1 black-25.1.0 boto3-1.40.11 botocore-1.40.11 celery-5.4.0 certifi-2025.8.3 charset_normalizer-3.4.3 click-8.2.1 click-didyoumean-0.3.1 click-plugins-1.1.1.2 click-repl-0.3.0 coverage-7.10.3 databind-4.5.2 databind.core-4.5.2 databind.json-4.5.2 dnspython-2.7.0 docker-7.1.0 docspec-2.2.1 docspec-python-2.2.2 docstring-parser-0.11 email-validator-2.2.0 et-xmlfile-2.0.0 fastapi-0.116.1 fastapi-cli-0.0.8 fastapi-cloud-cli-0.1.5 greenlet-3.2.4 h11-0.16.0 httpcore-1.0.9 httptools-0.6.4 httpx-0.28.1 idna-3.10 imapclient-3.0.1 iniconfig-2.1.0 itsdangerous-2.2.0 jmespath-1.0.1 kombu-5.5.4 markdown-it-py-4.0.0 mdurl-0.1.2 mirakuru-2.6.1 mypy-1.17.1 mypy-extensions-1.1.0 nr-date-2.1.0 nr-stream-1.1.5 nr-util-0.8.12 numpy-2.3.2 openpyxl-3.1.5 orjson-3.11.2 packaging-25.0 pandas-2.3.1 pathspec-0.12.1 platformdirs-4.3.8 pluggy-1.6.0 port-for-0.7.4 prompt-toolkit-3.0.51 psutil-7.0.0 psycopg-3.2.9 psycopg-binary-3.2.9 psycopg2-binary-2.9.9 pydantic-2.11.7 pydantic-core-2.33.2 pydantic-extra-types-2.10.5 pydantic-settings-2.10.1 pydoc-markdown-4.8.2 pygments-2.19.2 pytest-8.4.1 pytest-asyncio-0.23.6 pytest-cov-6.2.1 pytest-postgresql-7.0.2 python-dateutil-2.9.0.post0 python-dotenv-1.1.1 python-multipart-0.0.20 python-telegram-bot-22.2 pytz-2025.2 requests-2.32.4 respx-0.22.0 rich-14.1.0 rich-toolkit-0.15.0 rignore-0.6.4 ruff-0.4.4 s3transfer-0.13.1 sentry-sdk-2.35.0 setuptools-80.9.0 shellingham-1.5.4 six-1.17.0 sniffio-1.3.1 sqlalchemy-2.0.29 starlette-0.47.2 testcontainers-4.10.0 tomli-2.2.1 tomli_w-1.2.0 typeapi-2.2.4 typer-0.16.0 types-requests-2.32.0.20240602 typing-extensions-4.14.1 typing-inspection-0.4.1 tzdata-2025.2 tzlocal-5.3.1 ujson-5.10.0 urllib3-2.5.0 uvicorn-0.35.0 uvloop-0.21.0 vine-5.1.0 watchdog-6.0.0 watchfiles-1.1.0 wcwidth-0.2.13 websockets-15.0.1 wrapt-1.17.3 yapf-0.43.0
2025-08-16T23:09:39.3446957Z Collecting keepa==1.3.15
2025-08-16T23:09:39.3460121Z   Using cached keepa-1.3.15-py3-none-any.whl.metadata (11 kB)
2025-08-16T23:09:39.3744771Z Collecting minio==7.1.15
2025-08-16T23:09:39.3756745Z   Using cached minio-7.1.15-py3-none-any.whl.metadata (4.2 kB)
2025-08-16T23:09:39.3779846Z Requirement already satisfied: numpy>=1.9.3 in /opt/hostedtoolcache/Python/3.12.11/x64/lib/python3.12/site-packages (from keepa==1.3.15) (2.3.2)
2025-08-16T23:09:39.3784611Z Requirement already satisfied: requests>=2.2 in /opt/hostedtoolcache/Python/3.12.11/x64/lib/python3.12/site-packages (from keepa==1.3.15) (2.32.4)
2025-08-16T23:09:39.4103167Z Collecting tqdm (from keepa==1.3.15)
2025-08-16T23:09:39.4114668Z   Using cached tqdm-4.67.1-py3-none-any.whl.metadata (57 kB)
2025-08-16T23:09:39.8912644Z Collecting aiohttp (from keepa==1.3.15)
2025-08-16T23:09:39.8926298Z   Using cached aiohttp-3.12.15-cp312-cp312-manylinux_2_17_x86_64.manylinux2014_x86_64.whl.metadata (7.7 kB)
2025-08-16T23:09:39.8961047Z Requirement already satisfied: pandas<=3.0 in /opt/hostedtoolcache/Python/3.12.11/x64/lib/python3.12/site-packages (from keepa==1.3.15) (2.3.1)
2025-08-16T23:09:39.8965688Z Requirement already satisfied: pydantic in /opt/hostedtoolcache/Python/3.12.11/x64/lib/python3.12/site-packages (from keepa==1.3.15) (2.11.7)
2025-08-16T23:09:39.8974004Z Requirement already satisfied: certifi in /opt/hostedtoolcache/Python/3.12.11/x64/lib/python3.12/site-packages (from minio==7.1.15) (2025.8.3)
2025-08-16T23:09:39.8978092Z Requirement already satisfied: urllib3 in /opt/hostedtoolcache/Python/3.12.11/x64/lib/python3.12/site-packages (from minio==7.1.15) (2.5.0)
2025-08-16T23:09:39.9031547Z Requirement already satisfied: python-dateutil>=2.8.2 in /opt/hostedtoolcache/Python/3.12.11/x64/lib/python3.12/site-packages (from pandas<=3.0->keepa==1.3.15) (2.9.0.post0)
2025-08-16T23:09:39.9037049Z Requirement already satisfied: pytz>=2020.1 in /opt/hostedtoolcache/Python/3.12.11/x64/lib/python3.12/site-packages (from pandas<=3.0->keepa==1.3.15) (2025.2)
2025-08-16T23:09:39.9042849Z Requirement already satisfied: tzdata>=2022.7 in /opt/hostedtoolcache/Python/3.12.11/x64/lib/python3.12/site-packages (from pandas<=3.0->keepa==1.3.15) (2025.2)
2025-08-16T23:09:39.9172885Z Requirement already satisfied: six>=1.5 in /opt/hostedtoolcache/Python/3.12.11/x64/lib/python3.12/site-packages (from python-dateutil>=2.8.2->pandas<=3.0->keepa==1.3.15) (1.17.0)
2025-08-16T23:09:39.9192693Z Requirement already satisfied: charset_normalizer<4,>=2 in /opt/hostedtoolcache/Python/3.12.11/x64/lib/python3.12/site-packages (from requests>=2.2->keepa==1.3.15) (3.4.3)
2025-08-16T23:09:39.9199889Z Requirement already satisfied: idna<4,>=2.5 in /opt/hostedtoolcache/Python/3.12.11/x64/lib/python3.12/site-packages (from requests>=2.2->keepa==1.3.15) (3.10)
2025-08-16T23:09:39.9390978Z Collecting aiohappyeyeballs>=2.5.0 (from aiohttp->keepa==1.3.15)
2025-08-16T23:09:39.9402886Z   Using cached aiohappyeyeballs-2.6.1-py3-none-any.whl.metadata (5.9 kB)
2025-08-16T23:09:39.9489172Z Collecting aiosignal>=1.4.0 (from aiohttp->keepa==1.3.15)
2025-08-16T23:09:39.9500779Z   Using cached aiosignal-1.4.0-py3-none-any.whl.metadata (3.7 kB)
2025-08-16T23:09:39.9639902Z Collecting attrs>=17.3.0 (from aiohttp->keepa==1.3.15)
2025-08-16T23:09:39.9651492Z   Using cached attrs-25.3.0-py3-none-any.whl.metadata (10 kB)
2025-08-16T23:09:40.0318112Z Collecting frozenlist>=1.1.1 (from aiohttp->keepa==1.3.15)
2025-08-16T23:09:40.0331141Z   Using cached frozenlist-1.7.0-cp312-cp312-manylinux_2_5_x86_64.manylinux1_x86_64.manylinux_2_17_x86_64.manylinux2014_x86_64.whl.metadata (18 kB)
2025-08-16T23:09:40.2749764Z Collecting multidict<7.0,>=4.5 (from aiohttp->keepa==1.3.15)
2025-08-16T23:09:40.2763818Z   Using cached multidict-6.6.4-cp312-cp312-manylinux2014_x86_64.manylinux_2_17_x86_64.manylinux_2_28_x86_64.whl.metadata (5.3 kB)
2025-08-16T23:09:40.3192548Z Collecting propcache>=0.2.0 (from aiohttp->keepa==1.3.15)
2025-08-16T23:09:40.3205163Z   Using cached propcache-0.3.2-cp312-cp312-manylinux_2_17_x86_64.manylinux2014_x86_64.whl.metadata (12 kB)
2025-08-16T23:09:40.5563114Z Collecting yarl<2.0,>=1.17.0 (from aiohttp->keepa==1.3.15)
2025-08-16T23:09:40.5576883Z   Using cached yarl-1.20.1-cp312-cp312-manylinux_2_17_x86_64.manylinux2014_x86_64.whl.metadata (73 kB)
2025-08-16T23:09:40.5801050Z Requirement already satisfied: typing-extensions>=4.2 in /opt/hostedtoolcache/Python/3.12.11/x64/lib/python3.12/site-packages (from aiosignal>=1.4.0->aiohttp->keepa==1.3.15) (4.14.1)
2025-08-16T23:09:40.5849932Z Requirement already satisfied: annotated-types>=0.6.0 in /opt/hostedtoolcache/Python/3.12.11/x64/lib/python3.12/site-packages (from pydantic->keepa==1.3.15) (0.7.0)
2025-08-16T23:09:40.5856382Z Requirement already satisfied: pydantic-core==2.33.2 in /opt/hostedtoolcache/Python/3.12.11/x64/lib/python3.12/site-packages (from pydantic->keepa==1.3.15) (2.33.2)
2025-08-16T23:09:40.5864399Z Requirement already satisfied: typing-inspection>=0.4.0 in /opt/hostedtoolcache/Python/3.12.11/x64/lib/python3.12/site-packages (from pydantic->keepa==1.3.15) (0.4.1)
2025-08-16T23:09:40.5925661Z Using cached keepa-1.3.15-py3-none-any.whl (38 kB)
2025-08-16T23:09:40.5937095Z Using cached minio-7.1.15-py3-none-any.whl (77 kB)
2025-08-16T23:09:40.5949391Z Using cached aiohttp-3.12.15-cp312-cp312-manylinux_2_17_x86_64.manylinux2014_x86_64.whl (1.7 MB)
2025-08-16T23:09:40.5973629Z Using cached multidict-6.6.4-cp312-cp312-manylinux2014_x86_64.manylinux_2_17_x86_64.manylinux_2_28_x86_64.whl (256 kB)
2025-08-16T23:09:40.5986395Z Using cached yarl-1.20.1-cp312-cp312-manylinux_2_17_x86_64.manylinux2014_x86_64.whl (355 kB)
2025-08-16T23:09:40.5999641Z Using cached aiohappyeyeballs-2.6.1-py3-none-any.whl (15 kB)
2025-08-16T23:09:40.6011343Z Using cached aiosignal-1.4.0-py3-none-any.whl (7.5 kB)
2025-08-16T23:09:40.6022280Z Using cached attrs-25.3.0-py3-none-any.whl (63 kB)
2025-08-16T23:09:40.6034176Z Using cached frozenlist-1.7.0-cp312-cp312-manylinux_2_5_x86_64.manylinux1_x86_64.manylinux_2_17_x86_64.manylinux2014_x86_64.whl (241 kB)
2025-08-16T23:09:40.6046827Z Using cached propcache-0.3.2-cp312-cp312-manylinux_2_17_x86_64.manylinux2014_x86_64.whl (224 kB)
2025-08-16T23:09:40.6059224Z Using cached tqdm-4.67.1-py3-none-any.whl (78 kB)
2025-08-16T23:09:40.7725646Z Installing collected packages: tqdm, propcache, multidict, minio, frozenlist, attrs, aiohappyeyeballs, yarl, aiosignal, aiohttp, keepa
2025-08-16T23:09:41.2099472Z 
2025-08-16T23:09:41.2205471Z Successfully installed aiohappyeyeballs-2.6.1 aiohttp-3.12.15 aiosignal-1.4.0 attrs-25.3.0 frozenlist-1.7.0 keepa-1.3.15 minio-7.1.15 multidict-6.6.4 propcache-0.3.2 tqdm-4.67.1 yarl-1.20.1
2025-08-16T23:09:41.3895644Z ##[group]Run ruff check .
2025-08-16T23:09:41.3895904Z [36;1mruff check .[0m
2025-08-16T23:09:41.3896118Z [36;1mruff format --check .[0m
2025-08-16T23:09:41.3936118Z shell: /usr/bin/bash -e {0}
2025-08-16T23:09:41.3936351Z env:
2025-08-16T23:09:41.3936692Z   PG_USER: postgres
2025-08-16T23:09:41.3936887Z   PG_PASSWORD: pass
2025-08-16T23:09:41.3937079Z   PG_DATABASE: awa
2025-08-16T23:09:41.3937269Z   PG_HOST: localhost
2025-08-16T23:09:41.3937455Z   PG_PORT: 5432
2025-08-16T23:09:41.3938039Z   PG_SYNC_DSN: ***localhost:5432/awa
2025-08-16T23:09:41.3938448Z   PG_ASYNC_DSN: ***localhost:5432/awa
2025-08-16T23:09:41.3938842Z   DATABASE_URL: ***localhost:5432/awa
2025-08-16T23:09:41.3939199Z   DATA_DIR: /tmp/awa-data
2025-08-16T23:09:41.3939403Z   ENABLE_LIVE: 0
2025-08-16T23:09:41.3939576Z   TESTING: 1
2025-08-16T23:09:41.3939813Z   pythonLocation: /opt/hostedtoolcache/Python/3.12.11/x64
2025-08-16T23:09:41.3940244Z   PKG_CONFIG_PATH: /opt/hostedtoolcache/Python/3.12.11/x64/lib/pkgconfig
2025-08-16T23:09:41.3940632Z   Python_ROOT_DIR: /opt/hostedtoolcache/Python/3.12.11/x64
2025-08-16T23:09:41.3940985Z   Python2_ROOT_DIR: /opt/hostedtoolcache/Python/3.12.11/x64
2025-08-16T23:09:41.3941339Z   Python3_ROOT_DIR: /opt/hostedtoolcache/Python/3.12.11/x64
2025-08-16T23:09:41.3941700Z   LD_LIBRARY_PATH: /opt/hostedtoolcache/Python/3.12.11/x64/lib
2025-08-16T23:09:41.3941998Z ##[endgroup]
2025-08-16T23:09:41.4173350Z All checks passed!
2025-08-16T23:09:41.4348079Z 192 files already formatted
2025-08-16T23:09:41.4382933Z ##[group]Run for i in {1..30}; do pg_isready -h "$PG_HOST" -p "$PG_PORT" -U "$PG_USER" -d "$PG_DATABASE" && break; sleep 1; done
2025-08-16T23:09:41.4383576Z [36;1mfor i in {1..30}; do pg_isready -h "$PG_HOST" -p "$PG_PORT" -U "$PG_USER" -d "$PG_DATABASE" && break; sleep 1; done[0m
2025-08-16T23:09:41.4423951Z shell: /usr/bin/bash -e {0}
2025-08-16T23:09:41.4424176Z env:
2025-08-16T23:09:41.4424348Z   PG_USER: postgres
2025-08-16T23:09:41.4424546Z   PG_PASSWORD: pass
2025-08-16T23:09:41.4424718Z   PG_DATABASE: awa
2025-08-16T23:09:41.4424899Z   PG_HOST: localhost
2025-08-16T23:09:41.4425090Z   PG_PORT: 5432
2025-08-16T23:09:41.4425549Z   PG_SYNC_DSN: ***localhost:5432/awa
2025-08-16T23:09:41.4425980Z   PG_ASYNC_DSN: ***localhost:5432/awa
2025-08-16T23:09:41.4426366Z   DATABASE_URL: ***localhost:5432/awa
2025-08-16T23:09:41.4426591Z   DATA_DIR: /tmp/awa-data
2025-08-16T23:09:41.4426789Z   ENABLE_LIVE: 0
2025-08-16T23:09:41.4426962Z   TESTING: 1
2025-08-16T23:09:41.4427229Z   pythonLocation: /opt/hostedtoolcache/Python/3.12.11/x64
2025-08-16T23:09:41.4427616Z   PKG_CONFIG_PATH: /opt/hostedtoolcache/Python/3.12.11/x64/lib/pkgconfig
2025-08-16T23:09:41.4428001Z   Python_ROOT_DIR: /opt/hostedtoolcache/Python/3.12.11/x64
2025-08-16T23:09:41.4428344Z   Python2_ROOT_DIR: /opt/hostedtoolcache/Python/3.12.11/x64
2025-08-16T23:09:41.4428694Z   Python3_ROOT_DIR: /opt/hostedtoolcache/Python/3.12.11/x64
2025-08-16T23:09:41.4429256Z   LD_LIBRARY_PATH: /opt/hostedtoolcache/Python/3.12.11/x64/lib
2025-08-16T23:09:41.4429553Z ##[endgroup]
2025-08-16T23:09:41.5220166Z localhost:5432 - accepting connections
2025-08-16T23:09:41.5259412Z ##[group]Run psql -h "$PG_HOST" -p "$PG_PORT" -U "$PG_USER" -d "$PG_DATABASE" -c "SELECT 1"
2025-08-16T23:09:41.5259993Z [36;1mpsql -h "$PG_HOST" -p "$PG_PORT" -U "$PG_USER" -d "$PG_DATABASE" -c "SELECT 1"[0m
2025-08-16T23:09:41.5300934Z shell: /usr/bin/bash -e {0}
2025-08-16T23:09:41.5301165Z env:
2025-08-16T23:09:41.5301334Z   PG_USER: postgres
2025-08-16T23:09:41.5301535Z   PG_PASSWORD: pass
2025-08-16T23:09:41.5301718Z   PG_DATABASE: awa
2025-08-16T23:09:41.5301894Z   PG_HOST: localhost
2025-08-16T23:09:41.5302077Z   PG_PORT: 5432
2025-08-16T23:09:41.5302560Z   PG_SYNC_DSN: ***localhost:5432/awa
2025-08-16T23:09:41.5302961Z   PG_ASYNC_DSN: ***localhost:5432/awa
2025-08-16T23:09:41.5303340Z   DATABASE_URL: ***localhost:5432/awa
2025-08-16T23:09:41.5303579Z   DATA_DIR: /tmp/awa-data
2025-08-16T23:09:41.5303792Z   ENABLE_LIVE: 0
2025-08-16T23:09:41.5303979Z   TESTING: 1
2025-08-16T23:09:41.5304220Z   pythonLocation: /opt/hostedtoolcache/Python/3.12.11/x64
2025-08-16T23:09:41.5304649Z   PKG_CONFIG_PATH: /opt/hostedtoolcache/Python/3.12.11/x64/lib/pkgconfig
2025-08-16T23:09:41.5305098Z   Python_ROOT_DIR: /opt/hostedtoolcache/Python/3.12.11/x64
2025-08-16T23:09:41.5305639Z   Python2_ROOT_DIR: /opt/hostedtoolcache/Python/3.12.11/x64
2025-08-16T23:09:41.5305992Z   Python3_ROOT_DIR: /opt/hostedtoolcache/Python/3.12.11/x64
2025-08-16T23:09:41.5306340Z   LD_LIBRARY_PATH: /opt/hostedtoolcache/Python/3.12.11/x64/lib
2025-08-16T23:09:41.5306639Z   PGPASSWORD: pass
2025-08-16T23:09:41.5306828Z ##[endgroup]
2025-08-16T23:09:41.6127495Z  ?column? 
2025-08-16T23:09:41.6127848Z ----------
2025-08-16T23:09:41.6128123Z         1
2025-08-16T23:09:41.6128356Z (1 row)
2025-08-16T23:09:41.6128492Z 
2025-08-16T23:09:41.6164121Z ##[group]Run alembic -c services/api/alembic.ini upgrade head
2025-08-16T23:09:41.6164543Z [36;1malembic -c services/api/alembic.ini upgrade head[0m
2025-08-16T23:09:41.6204343Z shell: /usr/bin/bash -e {0}
2025-08-16T23:09:41.6204559Z env:
2025-08-16T23:09:41.6204726Z   PG_USER: postgres
2025-08-16T23:09:41.6204916Z   PG_PASSWORD: pass
2025-08-16T23:09:41.6205097Z   PG_DATABASE: awa
2025-08-16T23:09:41.6205293Z   PG_HOST: localhost
2025-08-16T23:09:41.6205498Z   PG_PORT: 5432
2025-08-16T23:09:41.6205953Z   PG_SYNC_DSN: ***localhost:5432/awa
2025-08-16T23:09:41.6206361Z   PG_ASYNC_DSN: ***localhost:5432/awa
2025-08-16T23:09:41.6206724Z   DATABASE_URL: ***localhost:5432/awa
2025-08-16T23:09:41.6206954Z   DATA_DIR: /tmp/awa-data
2025-08-16T23:09:41.6207157Z   ENABLE_LIVE: 0
2025-08-16T23:09:41.6207331Z   TESTING: 1
2025-08-16T23:09:41.6207556Z   pythonLocation: /opt/hostedtoolcache/Python/3.12.11/x64
2025-08-16T23:09:41.6207987Z   PKG_CONFIG_PATH: /opt/hostedtoolcache/Python/3.12.11/x64/lib/pkgconfig
2025-08-16T23:09:41.6208359Z   Python_ROOT_DIR: /opt/hostedtoolcache/Python/3.12.11/x64
2025-08-16T23:09:41.6208701Z   Python2_ROOT_DIR: /opt/hostedtoolcache/Python/3.12.11/x64
2025-08-16T23:09:41.6209313Z   Python3_ROOT_DIR: /opt/hostedtoolcache/Python/3.12.11/x64
2025-08-16T23:09:41.6209670Z   LD_LIBRARY_PATH: /opt/hostedtoolcache/Python/3.12.11/x64/lib
2025-08-16T23:09:41.6209957Z ##[endgroup]
2025-08-16T23:09:42.5485102Z INFO  [alembic.runtime.migration] Context impl PostgresqlImpl.
2025-08-16T23:09:42.5485923Z INFO  [alembic.runtime.migration] Will assume transactional DDL.
2025-08-16T23:09:42.5643063Z INFO  [alembic.runtime.migration] Running upgrade  -> 0001_baseline
2025-08-16T23:09:42.5794215Z INFO  [alembic.runtime.migration] Running upgrade 0001_baseline -> 0002_create_roi_view
2025-08-16T23:09:42.5820797Z INFO  [alembic.runtime.migration] Running upgrade 0002_create_roi_view -> 3e9d5c5aff2c
2025-08-16T23:09:42.5992496Z INFO  [alembic.runtime.migration] Running upgrade 3e9d5c5aff2c -> 0003_vendor_prices
2025-08-16T23:09:42.6134189Z INFO  [alembic.runtime.migration] Running upgrade 0003_vendor_prices -> 0004_fee_cron
2025-08-16T23:09:42.6206084Z INFO  [alembic.runtime.migration] Running upgrade 0004_fee_cron -> 0006_fix_roi_views
2025-08-16T23:09:42.6238835Z INFO  [alembic.runtime.migration] Running upgrade 0006_fix_roi_views -> 0020_unified_schema
2025-08-16T23:09:42.6346789Z INFO  [alembic.runtime.migration] Running upgrade 0020_unified_schema -> 0022_fix_roi_view
2025-08-16T23:09:42.6410094Z INFO  [alembic.runtime.migration] Running upgrade 0022_fix_roi_view -> 0023_add_storage_fee
2025-08-16T23:09:42.6447691Z INFO  [alembic.runtime.migration] Running upgrade 0023_add_storage_fee -> 0024_create_buybox
2025-08-16T23:09:42.7253671Z ##[group]Run python -m mypy services || true
2025-08-16T23:09:42.7254014Z [36;1mpython -m mypy services || true[0m
2025-08-16T23:09:42.7294053Z shell: /usr/bin/bash -e {0}
2025-08-16T23:09:42.7294277Z env:
2025-08-16T23:09:42.7294451Z   PG_USER: postgres
2025-08-16T23:09:42.7294644Z   PG_PASSWORD: pass
2025-08-16T23:09:42.7294815Z   PG_DATABASE: awa
2025-08-16T23:09:42.7294997Z   PG_HOST: localhost
2025-08-16T23:09:42.7295181Z   PG_PORT: 5432
2025-08-16T23:09:42.7295633Z   PG_SYNC_DSN: ***localhost:5432/awa
2025-08-16T23:09:42.7296034Z   PG_ASYNC_DSN: ***localhost:5432/awa
2025-08-16T23:09:42.7296420Z   DATABASE_URL: ***localhost:5432/awa
2025-08-16T23:09:42.7296645Z   DATA_DIR: /tmp/awa-data
2025-08-16T23:09:42.7297033Z   ENABLE_LIVE: 0
2025-08-16T23:09:42.7297208Z   TESTING: 1
2025-08-16T23:09:42.7297440Z   pythonLocation: /opt/hostedtoolcache/Python/3.12.11/x64
2025-08-16T23:09:42.7297834Z   PKG_CONFIG_PATH: /opt/hostedtoolcache/Python/3.12.11/x64/lib/pkgconfig
2025-08-16T23:09:42.7298254Z   Python_ROOT_DIR: /opt/hostedtoolcache/Python/3.12.11/x64
2025-08-16T23:09:42.7298588Z   Python2_ROOT_DIR: /opt/hostedtoolcache/Python/3.12.11/x64
2025-08-16T23:09:42.7298939Z   Python3_ROOT_DIR: /opt/hostedtoolcache/Python/3.12.11/x64
2025-08-16T23:09:42.7299479Z   LD_LIBRARY_PATH: /opt/hostedtoolcache/Python/3.12.11/x64/lib
2025-08-16T23:09:42.7299762Z ##[endgroup]
2025-08-16T23:10:09.7294650Z Success: no issues found in 81 source files
2025-08-16T23:10:09.7652662Z ##[group]Run pytest -q --cov=services
2025-08-16T23:10:09.7652972Z [36;1mpytest -q --cov=services[0m
2025-08-16T23:10:09.7693171Z shell: /usr/bin/bash -e {0}
2025-08-16T23:10:09.7693395Z env:
2025-08-16T23:10:09.7693562Z   PG_USER: postgres
2025-08-16T23:10:09.7693770Z   PG_PASSWORD: pass
2025-08-16T23:10:09.7693945Z   PG_DATABASE: awa
2025-08-16T23:10:09.7694127Z   PG_HOST: localhost
2025-08-16T23:10:09.7694311Z   PG_PORT: 5432
2025-08-16T23:10:09.7694733Z   PG_SYNC_DSN: ***localhost:5432/awa
2025-08-16T23:10:09.7695210Z   PG_ASYNC_DSN: ***localhost:5432/awa
2025-08-16T23:10:09.7695595Z   DATABASE_URL: ***localhost:5432/awa
2025-08-16T23:10:09.7695827Z   DATA_DIR: /tmp/awa-data
2025-08-16T23:10:09.7696025Z   ENABLE_LIVE: 0
2025-08-16T23:10:09.7696190Z   TESTING: 1
2025-08-16T23:10:09.7696422Z   pythonLocation: /opt/hostedtoolcache/Python/3.12.11/x64
2025-08-16T23:10:09.7696813Z   PKG_CONFIG_PATH: /opt/hostedtoolcache/Python/3.12.11/x64/lib/pkgconfig
2025-08-16T23:10:09.7697217Z   Python_ROOT_DIR: /opt/hostedtoolcache/Python/3.12.11/x64
2025-08-16T23:10:09.7697565Z   Python2_ROOT_DIR: /opt/hostedtoolcache/Python/3.12.11/x64
2025-08-16T23:10:09.7697914Z   Python3_ROOT_DIR: /opt/hostedtoolcache/Python/3.12.11/x64
2025-08-16T23:10:09.7698256Z   LD_LIBRARY_PATH: /opt/hostedtoolcache/Python/3.12.11/x64/lib
2025-08-16T23:10:09.7698543Z ##[endgroup]
2025-08-16T23:10:34.1847784Z .....s.................................................................. [ 58%]
2025-08-16T23:11:05.4605350Z ...................................................                      [100%]
2025-08-16T23:11:05.4606083Z =============================== warnings summary ===============================
2025-08-16T23:11:05.4606698Z services/alert_bot/tests/test_smoke.py:5
2025-08-16T23:11:05.4608933Z   /home/runner/work/AWA-App/AWA-App/services/alert_bot/tests/test_smoke.py:5: UserWarning: pkg_resources is deprecated as an API. See https://setuptools.pypa.io/en/latest/pkg_resources.html. The pkg_resources package is slated for removal as early as 2025-11-30. Refrain from using this package or pin to Setuptools<81.
2025-08-16T23:11:05.4611283Z     import pkg_resources  # noqa: F401
2025-08-16T23:11:05.4611550Z 
2025-08-16T23:11:05.4611759Z tests/test_api_fast.py::test_health_endpoint
2025-08-16T23:11:05.4613238Z   /home/runner/work/AWA-App/AWA-App/tests/test_api_fast.py:13: DeprecationWarning: datetime.datetime.utcnow() is deprecated and scheduled for removal in a future version. Use timezone-aware objects to represent datetimes in UTC: datetime.datetime.now(datetime.UTC).
2025-08-16T23:11:05.4614682Z     return datetime.datetime.utcnow()
2025-08-16T23:11:05.4614932Z 
2025-08-16T23:11:05.4615055Z tests/test_api_fast.py: 1 warning
2025-08-16T23:11:05.4615399Z tests/test_health.py: 5 warnings
2025-08-16T23:11:05.4615738Z tests/test_smoke.py: 5 warnings
2025-08-16T23:11:05.4616021Z services/api/tests/test_health.py: 1 warning
2025-08-16T23:11:05.4617229Z   /home/runner/work/AWA-App/AWA-App/services/api/routes/health.py:24: DeprecationWarning: datetime.datetime.utcnow() is deprecated and scheduled for removal in a future version. Use timezone-aware objects to represent datetimes in UTC: datetime.datetime.now(datetime.UTC).
2025-08-16T23:11:05.4618478Z     app_now = datetime.utcnow().replace(tzinfo=timezone.utc)
2025-08-16T23:11:05.4619218Z 
2025-08-16T23:11:05.4619369Z tests/test_health.py::test_health[0]
2025-08-16T23:11:05.4619659Z tests/test_health.py::test_health[1]
2025-08-16T23:11:05.4619943Z tests/test_health.py::test_health[2]
2025-08-16T23:11:05.4620405Z tests/test_health.py::test_health[3]
2025-08-16T23:11:05.4620817Z tests/test_health.py::test_health[4]
2025-08-16T23:11:05.4622466Z   /home/runner/work/AWA-App/AWA-App/tests/test_health.py:22: DeprecationWarning: datetime.datetime.utcnow() is deprecated and scheduled for removal in a future version. Use timezone-aware objects to represent datetimes in UTC: datetime.datetime.now(datetime.UTC).
2025-08-16T23:11:05.4624371Z     return datetime.datetime.utcnow()
2025-08-16T23:11:05.4624970Z 
2025-08-16T23:11:05.4625197Z tests/test_smoke.py::test_health[0]
2025-08-16T23:11:05.4625667Z tests/test_smoke.py::test_health[1]
2025-08-16T23:11:05.4626138Z tests/test_smoke.py::test_health[2]
2025-08-16T23:11:05.4626632Z tests/test_smoke.py::test_health[3]
2025-08-16T23:11:05.4627097Z tests/test_smoke.py::test_health[4]
2025-08-16T23:11:05.4628785Z   /home/runner/work/AWA-App/AWA-App/tests/test_smoke.py:32: DeprecationWarning: datetime.datetime.utcnow() is deprecated and scheduled for removal in a future version. Use timezone-aware objects to represent datetimes in UTC: datetime.datetime.now(datetime.UTC).
2025-08-16T23:11:05.4630697Z     return datetime.datetime.utcnow()
2025-08-16T23:11:05.4631000Z 
2025-08-16T23:11:05.4631246Z services/api/tests/test_health.py::test_health_route
2025-08-16T23:11:05.4633036Z   /home/runner/work/AWA-App/AWA-App/services/api/tests/test_health.py:14: DeprecationWarning: datetime.datetime.utcnow() is deprecated and scheduled for removal in a future version. Use timezone-aware objects to represent datetimes in UTC: datetime.datetime.now(datetime.UTC).
2025-08-16T23:11:05.4634819Z     return datetime.datetime.utcnow()
2025-08-16T23:11:05.4635131Z 
2025-08-16T23:11:05.4635461Z -- Docs: https://docs.pytest.org/en/stable/how-to/capture-warnings.html
2025-08-16T23:11:05.4636136Z ================================ tests coverage ================================
2025-08-16T23:11:05.4636768Z _______________ coverage: platform linux, python 3.12.11-final-0 _______________
2025-08-16T23:11:05.4637217Z 
2025-08-16T23:11:05.4637387Z Coverage XML written to file coverage.xml
2025-08-16T23:11:05.4637939Z Required test coverage of 45% reached. Total coverage: 58.64%
2025-08-16T23:11:05.8035521Z ##[group]Run actions/upload-artifact@v4
2025-08-16T23:11:05.8035795Z with:
2025-08-16T23:11:05.8035956Z   name: coverage
2025-08-16T23:11:05.8036138Z   path: coverage.xml
2025-08-16T23:11:05.8036335Z   if-no-files-found: warn
2025-08-16T23:11:05.8036534Z   compression-level: 6
2025-08-16T23:11:05.8036724Z   overwrite: false
2025-08-16T23:11:05.8036916Z   include-hidden-files: false
2025-08-16T23:11:05.8037116Z env:
2025-08-16T23:11:05.8037275Z   PG_USER: postgres
2025-08-16T23:11:05.8037458Z   PG_PASSWORD: pass
2025-08-16T23:11:05.8037633Z   PG_DATABASE: awa
2025-08-16T23:11:05.8037825Z   PG_HOST: localhost
2025-08-16T23:11:05.8038002Z   PG_PORT: 5432
2025-08-16T23:11:05.8038415Z   PG_SYNC_DSN: ***localhost:5432/awa
2025-08-16T23:11:05.8038819Z   PG_ASYNC_DSN: ***localhost:5432/awa
2025-08-16T23:11:05.8039443Z   DATABASE_URL: ***localhost:5432/awa
2025-08-16T23:11:05.8039667Z   DATA_DIR: /tmp/awa-data
2025-08-16T23:11:05.8039864Z   ENABLE_LIVE: 0
2025-08-16T23:11:05.8040063Z   TESTING: 1
2025-08-16T23:11:05.8040298Z   pythonLocation: /opt/hostedtoolcache/Python/3.12.11/x64
2025-08-16T23:11:05.8040684Z   PKG_CONFIG_PATH: /opt/hostedtoolcache/Python/3.12.11/x64/lib/pkgconfig
2025-08-16T23:11:05.8041057Z   Python_ROOT_DIR: /opt/hostedtoolcache/Python/3.12.11/x64
2025-08-16T23:11:05.8041386Z   Python2_ROOT_DIR: /opt/hostedtoolcache/Python/3.12.11/x64
2025-08-16T23:11:05.8041730Z   Python3_ROOT_DIR: /opt/hostedtoolcache/Python/3.12.11/x64
2025-08-16T23:11:05.8042068Z   LD_LIBRARY_PATH: /opt/hostedtoolcache/Python/3.12.11/x64/lib
2025-08-16T23:11:05.8042344Z ##[endgroup]
2025-08-16T23:11:06.0256827Z With the provided path, there will be 1 file uploaded
2025-08-16T23:11:06.0262545Z Artifact name is valid!
2025-08-16T23:11:06.0264329Z Root directory input is valid!
2025-08-16T23:11:06.1608127Z Beginning upload of artifact content to blob storage
2025-08-16T23:11:06.3118011Z Uploaded bytes 3766
2025-08-16T23:11:06.3497763Z Finished uploading artifact content to blob storage!
2025-08-16T23:11:06.3501305Z SHA256 digest of uploaded artifact zip is d73345fed77c4cac34f1dc159b5bf6826ba72e2d2cdc8a0b31f86573cd4407e3
2025-08-16T23:11:06.3502783Z Finalizing artifact upload
2025-08-16T23:11:06.4354665Z Artifact coverage.zip successfully finalized. Artifact ID 3780977595
2025-08-16T23:11:06.4355659Z Artifact coverage has been successfully uploaded! Final size is 3766 bytes. Artifact ID is 3780977595
2025-08-16T23:11:06.4362737Z Artifact download URL: https://github.com/AlexBomber12/AWA-App/actions/runs/17013906070/artifacts/3780977595
2025-08-16T23:11:06.4482161Z Post job cleanup.
2025-08-16T23:11:06.6013804Z Cache hit occurred on the primary key setup-python-Linux-x64-24.04-Ubuntu-python-3.12.11-pip-dee7c0c28332ec2ebb5d2650fb0d2cfddf025b3b0e96b0c826645ad2cb717961, not saving cache.
2025-08-16T23:11:06.6113807Z Post job cleanup.
2025-08-16T23:11:06.7041693Z [command]/usr/bin/git version
2025-08-16T23:11:06.7079320Z git version 2.50.1
2025-08-16T23:11:06.7122890Z Temporarily overriding HOME='/home/runner/work/_temp/e514e29f-3e57-4dad-827b-11d3c76ea26c' before making global git config changes
2025-08-16T23:11:06.7124197Z Adding repository directory to the temporary git global config as a safe directory
2025-08-16T23:11:06.7129500Z [command]/usr/bin/git config --global --add safe.directory /home/runner/work/AWA-App/AWA-App
2025-08-16T23:11:06.7169852Z [command]/usr/bin/git config --local --name-only --get-regexp core\.sshCommand
2025-08-16T23:11:06.7202019Z [command]/usr/bin/git submodule foreach --recursive sh -c "git config --local --name-only --get-regexp 'core\.sshCommand' && git config --local --unset-all 'core.sshCommand' || :"
2025-08-16T23:11:06.7428091Z [command]/usr/bin/git config --local --name-only --get-regexp http\.https\:\/\/github\.com\/\.extraheader
2025-08-16T23:11:06.7449616Z http.https://github.com/.extraheader
2025-08-16T23:11:06.7463318Z [command]/usr/bin/git config --local --unset-all http.https://github.com/.extraheader
2025-08-16T23:11:06.7494311Z [command]/usr/bin/git submodule foreach --recursive sh -c "git config --local --name-only --get-regexp 'http\.https\:\/\/github\.com\/\.extraheader' && git config --local --unset-all 'http.https://github.com/.extraheader' || :"
2025-08-16T23:11:06.7804638Z Print service container logs: cf24459c2cbb4e5985fb61122c55014d_postgres15_2973cd
2025-08-16T23:11:06.7809774Z ##[command]/usr/bin/docker logs --details 83ef0608c41aa74c553b8a74f690a9738730038d4fed0d822343ac3b3d298fe1
2025-08-16T23:11:06.7930572Z  The files belonging to this database system will be owned by user "postgres".
2025-08-16T23:11:06.7931350Z  This user must also own the server process.
2025-08-16T23:11:06.7931849Z  
2025-08-16T23:11:06.7933664Z  The database cluster will be initialized with locale "en_US.utf8".
2025-08-16T23:11:06.7934108Z  The default database encoding has accordingly been set to "UTF8".
2025-08-16T23:11:06.7934511Z  The default text search configuration will be set to "english".
2025-08-16T23:11:06.7934805Z  
2025-08-16T23:11:06.7935851Z  initdb: warning: enabling "trust" authentication for local connections
2025-08-16T23:11:06.7936569Z  initdb: hint: You can change this by editing pg_hba.conf or using the option -A, or --auth-local and --auth-host, the next time you run initdb.
2025-08-16T23:11:06.7937379Z  2025-08-16 23:09:02.194 UTC [1] LOG:  starting PostgreSQL 15.14 (Debian 15.14-1.pgdg13+1) on x86_64-pc-linux-gnu, compiled by gcc (Debian 14.2.0-19) 14.2.0, 64-bit
2025-08-16T23:11:06.7938007Z  2025-08-16 23:09:02.194 UTC [1] LOG:  listening on IPv4 address "0.0.0.0", port 5432
2025-08-16T23:11:06.7938410Z  2025-08-16 23:09:02.194 UTC [1] LOG:  listening on IPv6 address "::", port 5432
2025-08-16T23:11:06.7939335Z  2025-08-16 23:09:02.195 UTC [1] LOG:  listening on Unix socket "/var/run/postgresql/.s.PGSQL.5432"
2025-08-16T23:11:06.7939823Z  2025-08-16 23:09:02.197 UTC [64] LOG:  database system was shut down at 2025-08-16 23:09:02 UTC
2025-08-16T23:11:06.7940260Z  2025-08-16 23:09:02.201 UTC [1] LOG:  database system is ready to accept connections
2025-08-16T23:11:06.7940597Z  Data page checksums are disabled.
2025-08-16T23:11:06.7940826Z  
2025-08-16T23:11:06.7941092Z  fixing permissions on existing directory /var/lib/postgresql/data ... ok
2025-08-16T23:11:06.7941452Z  creating subdirectories ... ok
2025-08-16T23:11:06.7941742Z  selecting dynamic shared memory implementation ... posix
2025-08-16T23:11:06.7942054Z  selecting default max_connections ... 100
2025-08-16T23:11:06.7942316Z  selecting default shared_buffers ... 128MB
2025-08-16T23:11:06.7942574Z  selecting default time zone ... Etc/UTC
2025-08-16T23:11:06.7942823Z  creating configuration files ... ok
2025-08-16T23:11:06.7943074Z  running bootstrap script ... ok
2025-08-16T23:11:06.7943339Z  performing post-bootstrap initialization ... ok
2025-08-16T23:11:06.7944002Z  syncing data to disk ... ok
2025-08-16T23:11:06.7944373Z  
2025-08-16T23:11:06.7944550Z  
2025-08-16T23:11:06.7944761Z  Success. You can now start the database server using:
2025-08-16T23:11:06.7945026Z  
2025-08-16T23:11:06.7945232Z      pg_ctl -D /var/lib/postgresql/data -l logfile start
2025-08-16T23:11:06.7945495Z  
2025-08-16T23:11:06.7946037Z  waiting for server to start....2025-08-16 23:09:01.889 UTC [48] LOG:  starting PostgreSQL 15.14 (Debian 15.14-1.pgdg13+1) on x86_64-pc-linux-gnu, compiled by gcc (Debian 14.2.0-19) 14.2.0, 64-bit
2025-08-16T23:11:06.7946773Z  2025-08-16 23:09:01.890 UTC [48] LOG:  listening on Unix socket "/var/run/postgresql/.s.PGSQL.5432"
2025-08-16T23:11:06.7947257Z  2025-08-16 23:09:01.894 UTC [51] LOG:  database system was shut down at 2025-08-16 23:09:01 UTC
2025-08-16T23:11:06.7947694Z  2025-08-16 23:09:01.898 UTC [48] LOG:  database system is ready to accept connections
2025-08-16T23:11:06.7948015Z   done
2025-08-16T23:11:06.7948179Z  server started
2025-08-16T23:11:06.7948353Z  CREATE DATABASE
2025-08-16T23:11:06.7948520Z  
2025-08-16T23:11:06.7948655Z  
2025-08-16T23:11:06.7948948Z  /usr/local/bin/docker-entrypoint.sh: ignoring /docker-entrypoint-initdb.d/*
2025-08-16T23:11:06.7949501Z  
2025-08-16T23:11:06.7949719Z  2025-08-16 23:09:02.075 UTC [48] LOG:  received fast shutdown request
2025-08-16T23:11:06.7950401Z  waiting for server to shut down....2025-08-16 23:09:02.075 UTC [48] LOG:  aborting any active transactions
2025-08-16T23:11:06.7951006Z  2025-08-16 23:09:02.077 UTC [48] LOG:  background worker "logical replication launcher" (PID 54) exited with exit code 1
2025-08-16T23:11:06.7951469Z  2025-08-16 23:09:02.077 UTC [49] LOG:  shutting down
2025-08-16T23:11:06.7951809Z  2025-08-16 23:09:02.078 UTC [49] LOG:  checkpoint starting: shutdown immediate
2025-08-16T23:11:06.7952635Z  2025-08-16 23:09:02.094 UTC [49] LOG:  checkpoint complete: wrote 922 buffers (5.6%); 0 WAL file(s) added, 0 removed, 0 recycled; write=0.013 s, sync=0.002 s, total=0.017 s; sync files=301, longest=0.001 s, average=0.001 s; distance=4239 kB, estimate=4239 kB
2025-08-16T23:11:06.7953439Z  2025-08-16 23:09:02.100 UTC [48] LOG:  database system is shut down
2025-08-16T23:11:06.7953715Z   done
2025-08-16T23:11:06.7953875Z  server stopped
2025-08-16T23:11:06.7954038Z  
2025-08-16T23:11:06.7954245Z  PostgreSQL init process complete; ready for start up.
2025-08-16T23:11:06.7954514Z  
2025-08-16T23:11:06.7960572Z Stop and remove container: cf24459c2cbb4e5985fb61122c55014d_postgres15_2973cd
2025-08-16T23:11:06.7965043Z ##[command]/usr/bin/docker rm --force 83ef0608c41aa74c553b8a74f690a9738730038d4fed0d822343ac3b3d298fe1
2025-08-16T23:11:06.9084094Z 83ef0608c41aa74c553b8a74f690a9738730038d4fed0d822343ac3b3d298fe1
2025-08-16T23:11:06.9117592Z Remove container network: github_network_0c9ade9506104a42ab365326584de7a5
2025-08-16T23:11:06.9122669Z ##[command]/usr/bin/docker network rm github_network_0c9ade9506104a42ab365326584de7a5
2025-08-16T23:11:07.0537882Z github_network_0c9ade9506104a42ab365326584de7a5
2025-08-16T23:11:07.0595873Z Cleaning up orphan processes
