2025-08-20T16:15:36.5623773Z Current runner version: '2.328.0'
2025-08-20T16:15:36.5656051Z ##[group]Runner Image Provisioner
2025-08-20T16:15:36.5657712Z Hosted Compute Agent
2025-08-20T16:15:36.5658739Z Version: 20250818.377
2025-08-20T16:15:36.5659720Z Commit: 3c593e9f75fe0b87e893bca80d6e12ba089c61fc
2025-08-20T16:15:36.5661133Z Build Date: 2025-08-18T14:52:18Z
2025-08-20T16:15:36.5662143Z ##[endgroup]
2025-08-20T16:15:36.5663156Z ##[group]Operating System
2025-08-20T16:15:36.5664205Z Ubuntu
2025-08-20T16:15:36.5665113Z 24.04.2
2025-08-20T16:15:36.5665882Z LTS
2025-08-20T16:15:36.5666803Z ##[endgroup]
2025-08-20T16:15:36.5667839Z ##[group]Runner Image
2025-08-20T16:15:36.5668852Z Image: ubuntu-24.04
2025-08-20T16:15:36.5669850Z Version: 20250810.1.0
2025-08-20T16:15:36.5671603Z Included Software: https://github.com/actions/runner-images/blob/ubuntu24/20250810.1/images/ubuntu/Ubuntu2404-Readme.md
2025-08-20T16:15:36.5674459Z Image Release: https://github.com/actions/runner-images/releases/tag/ubuntu24%2F20250810.1
2025-08-20T16:15:36.5676189Z ##[endgroup]
2025-08-20T16:15:36.5680909Z ##[group]GITHUB_TOKEN Permissions
2025-08-20T16:15:36.5683686Z Actions: write
2025-08-20T16:15:36.5684737Z Attestations: write
2025-08-20T16:15:36.5685564Z Checks: write
2025-08-20T16:15:36.5686403Z Contents: write
2025-08-20T16:15:36.5687551Z Deployments: write
2025-08-20T16:15:36.5688444Z Discussions: write
2025-08-20T16:15:36.5689185Z Issues: write
2025-08-20T16:15:36.5690141Z Metadata: read
2025-08-20T16:15:36.5690880Z Models: read
2025-08-20T16:15:36.5691667Z Packages: write
2025-08-20T16:15:36.5692722Z Pages: write
2025-08-20T16:15:36.5693547Z PullRequests: write
2025-08-20T16:15:36.5694545Z RepositoryProjects: write
2025-08-20T16:15:36.5695495Z SecurityEvents: write
2025-08-20T16:15:36.5696605Z Statuses: write
2025-08-20T16:15:36.5697794Z ##[endgroup]
2025-08-20T16:15:36.5701210Z Secret source: Actions
2025-08-20T16:15:36.5702744Z Prepare workflow directory
2025-08-20T16:15:36.6333691Z Prepare all required actions
2025-08-20T16:15:36.6390537Z Getting action download info
2025-08-20T16:15:36.8682299Z Download action repository 'actions/checkout@v4' (SHA:08eba0b27e820071cde6df949e0beb9ba4906955)
2025-08-20T16:15:37.1524464Z Download action repository 'actions/setup-python@v5' (SHA:a26af69be951a213d495a4c3e4e4022e16d87065)
2025-08-20T16:15:37.4158532Z Download action repository 'actions/upload-artifact@v4' (SHA:ea165f8d65b6e75b540449e92b4886f43607fa02)
2025-08-20T16:15:37.7002677Z Complete job name: unit
2025-08-20T16:15:37.7573188Z ##[group]Checking docker version
2025-08-20T16:15:37.7586763Z ##[command]/usr/bin/docker version --format '{{.Server.APIVersion}}'
2025-08-20T16:15:37.7940790Z '1.48'
2025-08-20T16:15:37.7954907Z Docker daemon API version: '1.48'
2025-08-20T16:15:37.7956345Z ##[command]/usr/bin/docker version --format '{{.Client.APIVersion}}'
2025-08-20T16:15:37.8118140Z '1.48'
2025-08-20T16:15:37.8134289Z Docker client API version: '1.48'
2025-08-20T16:15:37.8143647Z ##[endgroup]
2025-08-20T16:15:37.8150511Z ##[group]Clean up resources from previous jobs
2025-08-20T16:15:37.8157061Z ##[command]/usr/bin/docker ps --all --quiet --no-trunc --filter "label=82e9aa"
2025-08-20T16:15:37.8362369Z ##[command]/usr/bin/docker network prune --force --filter "label=82e9aa"
2025-08-20T16:15:37.8499283Z ##[endgroup]
2025-08-20T16:15:37.8500275Z ##[group]Create local container network
2025-08-20T16:15:37.8511529Z ##[command]/usr/bin/docker network create --label 82e9aa github_network_7e95201ee84e4508a0ec60d8117e2b2b
2025-08-20T16:15:37.9074626Z 875ab633b67d15204d144234ad1a66a8cec98504dc13894c5a4698c56129679c
2025-08-20T16:15:37.9096820Z ##[endgroup]
2025-08-20T16:15:37.9124650Z ##[group]Starting postgres service container
2025-08-20T16:15:37.9144833Z ##[command]/usr/bin/docker pull postgres:15
2025-08-20T16:15:38.0875151Z 15: Pulling from library/postgres
2025-08-20T16:15:38.1337122Z 396b1da7636e: Pulling fs layer
2025-08-20T16:15:38.1339265Z fca2566eba32: Pulling fs layer
2025-08-20T16:15:38.1340958Z 631fe8c6d606: Pulling fs layer
2025-08-20T16:15:38.1342431Z 77c7671c4414: Pulling fs layer
2025-08-20T16:15:38.1344511Z 2d9e29180a27: Pulling fs layer
2025-08-20T16:15:38.1345883Z c6bcc2c9a041: Pulling fs layer
2025-08-20T16:15:38.1347136Z ac4b721eb66f: Pulling fs layer
2025-08-20T16:15:38.1348661Z 606bd164980e: Pulling fs layer
2025-08-20T16:15:38.1349854Z f5dfd246bc6e: Pulling fs layer
2025-08-20T16:15:38.1351020Z ba7036bb0a60: Pulling fs layer
2025-08-20T16:15:38.1352178Z 799f859abbbd: Pulling fs layer
2025-08-20T16:15:38.1353368Z d903e777080c: Pulling fs layer
2025-08-20T16:15:38.1354530Z 04adcb462801: Pulling fs layer
2025-08-20T16:15:38.1355692Z 5c10925b29ff: Pulling fs layer
2025-08-20T16:15:38.1356835Z 2d9e29180a27: Waiting
2025-08-20T16:15:38.1357894Z c6bcc2c9a041: Waiting
2025-08-20T16:15:38.1358946Z ac4b721eb66f: Waiting
2025-08-20T16:15:38.1359989Z 606bd164980e: Waiting
2025-08-20T16:15:38.1361701Z f5dfd246bc6e: Waiting
2025-08-20T16:15:38.1363113Z ba7036bb0a60: Waiting
2025-08-20T16:15:38.1364263Z 799f859abbbd: Waiting
2025-08-20T16:15:38.1365307Z d903e777080c: Waiting
2025-08-20T16:15:38.1366363Z 04adcb462801: Waiting
2025-08-20T16:15:38.1367598Z 5c10925b29ff: Waiting
2025-08-20T16:15:38.1368633Z 77c7671c4414: Waiting
2025-08-20T16:15:38.2158395Z fca2566eba32: Verifying Checksum
2025-08-20T16:15:38.2160060Z fca2566eba32: Download complete
2025-08-20T16:15:38.2163690Z 631fe8c6d606: Verifying Checksum
2025-08-20T16:15:38.2165533Z 631fe8c6d606: Download complete
2025-08-20T16:15:38.3183136Z 77c7671c4414: Verifying Checksum
2025-08-20T16:15:38.3185928Z 77c7671c4414: Download complete
2025-08-20T16:15:38.3885415Z 2d9e29180a27: Verifying Checksum
2025-08-20T16:15:38.3887001Z 2d9e29180a27: Download complete
2025-08-20T16:15:38.3983013Z c6bcc2c9a041: Verifying Checksum
2025-08-20T16:15:38.3984665Z c6bcc2c9a041: Download complete
2025-08-20T16:15:38.4433957Z ac4b721eb66f: Download complete
2025-08-20T16:15:38.4474201Z 606bd164980e: Verifying Checksum
2025-08-20T16:15:38.4476632Z 606bd164980e: Download complete
2025-08-20T16:15:38.5043077Z ba7036bb0a60: Download complete
2025-08-20T16:15:38.5726398Z 799f859abbbd: Verifying Checksum
2025-08-20T16:15:38.5729576Z 799f859abbbd: Download complete
2025-08-20T16:15:38.6300912Z d903e777080c: Verifying Checksum
2025-08-20T16:15:38.6302697Z d903e777080c: Download complete
2025-08-20T16:15:38.6423307Z 396b1da7636e: Verifying Checksum
2025-08-20T16:15:38.6427604Z 396b1da7636e: Download complete
2025-08-20T16:15:38.6791322Z 04adcb462801: Verifying Checksum
2025-08-20T16:15:38.6793407Z 04adcb462801: Download complete
2025-08-20T16:15:38.7001999Z 5c10925b29ff: Verifying Checksum
2025-08-20T16:15:38.7003709Z 5c10925b29ff: Download complete
2025-08-20T16:15:39.6552421Z 396b1da7636e: Pull complete
2025-08-20T16:15:40.9294276Z f5dfd246bc6e: Verifying Checksum
2025-08-20T16:15:40.9295008Z f5dfd246bc6e: Download complete
2025-08-20T16:15:41.4149426Z fca2566eba32: Pull complete
2025-08-20T16:15:41.5956265Z 631fe8c6d606: Pull complete
2025-08-20T16:15:41.6364275Z 77c7671c4414: Pull complete
2025-08-20T16:15:41.9278628Z 2d9e29180a27: Pull complete
2025-08-20T16:15:42.0118892Z c6bcc2c9a041: Pull complete
2025-08-20T16:15:42.0198933Z ac4b721eb66f: Pull complete
2025-08-20T16:15:42.0311375Z 606bd164980e: Pull complete
2025-08-20T16:15:45.1257196Z f5dfd246bc6e: Pull complete
2025-08-20T16:15:45.1400918Z ba7036bb0a60: Pull complete
2025-08-20T16:15:45.1525259Z 799f859abbbd: Pull complete
2025-08-20T16:15:45.1632490Z d903e777080c: Pull complete
2025-08-20T16:15:45.1731448Z 04adcb462801: Pull complete
2025-08-20T16:15:45.1828581Z 5c10925b29ff: Pull complete
2025-08-20T16:15:45.1870854Z Digest: sha256:bc51cf4f1fe02cce7ed2370b20128a9b00b4eb804573a77d2a0d877aaa9c82b1
2025-08-20T16:15:45.1884194Z Status: Downloaded newer image for postgres:15
2025-08-20T16:15:45.1894979Z docker.io/library/postgres:15
2025-08-20T16:15:45.1956431Z ##[command]/usr/bin/docker create --name 22531502339d4d0c8a556d067450a3be_postgres15_5cb581 --label 82e9aa --network github_network_7e95201ee84e4508a0ec60d8117e2b2b --network-alias postgres -p 5432:5432 --health-cmd="pg_isready -U postgres -d awa" --health-interval=5s --health-timeout=5s --health-retries=10 -e "POSTGRES_USER=postgres" -e "POSTGRES_PASSWORD=pass" -e "POSTGRES_DB=awa" -e GITHUB_ACTIONS=true -e CI=true postgres:15
2025-08-20T16:15:45.2221091Z 7d4bca8aa7931502bef0e5eb99483ed6238728318815701284a9e5c847c3f0e2
2025-08-20T16:15:45.2243505Z ##[command]/usr/bin/docker start 7d4bca8aa7931502bef0e5eb99483ed6238728318815701284a9e5c847c3f0e2
2025-08-20T16:15:45.3922913Z 7d4bca8aa7931502bef0e5eb99483ed6238728318815701284a9e5c847c3f0e2
2025-08-20T16:15:45.3950364Z ##[command]/usr/bin/docker ps --all --filter id=7d4bca8aa7931502bef0e5eb99483ed6238728318815701284a9e5c847c3f0e2 --filter status=running --no-trunc --format "{{.ID}} {{.Status}}"
2025-08-20T16:15:45.4129476Z 7d4bca8aa7931502bef0e5eb99483ed6238728318815701284a9e5c847c3f0e2 Up Less than a second (health: starting)
2025-08-20T16:15:45.4151735Z ##[command]/usr/bin/docker port 7d4bca8aa7931502bef0e5eb99483ed6238728318815701284a9e5c847c3f0e2
2025-08-20T16:15:45.4320177Z 5432/tcp -> 0.0.0.0:5432
2025-08-20T16:15:45.4321084Z 5432/tcp -> [::]:5432
2025-08-20T16:15:45.4366846Z ##[endgroup]
2025-08-20T16:15:45.4368385Z ##[group]Starting redis service container
2025-08-20T16:15:45.4369871Z ##[command]/usr/bin/docker pull redis:7-alpine
2025-08-20T16:15:45.6197042Z 7-alpine: Pulling from library/redis
2025-08-20T16:15:45.6792117Z 0368fd46e3c6: Pulling fs layer
2025-08-20T16:15:45.6798948Z 4c55286bbede: Pulling fs layer
2025-08-20T16:15:45.6799501Z 5e28347af205: Pulling fs layer
2025-08-20T16:15:45.6800283Z 311eca34042e: Pulling fs layer
2025-08-20T16:15:45.6800842Z e6fe6f07e192: Pulling fs layer
2025-08-20T16:15:45.6801330Z a2cadbfeca72: Pulling fs layer
2025-08-20T16:15:45.6802105Z 4f4fb700ef54: Pulling fs layer
2025-08-20T16:15:45.6802627Z a976ed7e7808: Pulling fs layer
2025-08-20T16:15:45.6803143Z a2cadbfeca72: Waiting
2025-08-20T16:15:45.6803761Z 4f4fb700ef54: Waiting
2025-08-20T16:15:45.6804274Z a976ed7e7808: Waiting
2025-08-20T16:15:45.6804684Z 311eca34042e: Waiting
2025-08-20T16:15:45.6805398Z e6fe6f07e192: Waiting
2025-08-20T16:15:45.7402515Z 4c55286bbede: Verifying Checksum
2025-08-20T16:15:45.7493598Z 4c55286bbede: Download complete
2025-08-20T16:15:45.7494319Z 5e28347af205: Verifying Checksum
2025-08-20T16:15:45.7495053Z 5e28347af205: Download complete
2025-08-20T16:15:45.7750527Z 0368fd46e3c6: Verifying Checksum
2025-08-20T16:15:45.7751436Z 0368fd46e3c6: Download complete
2025-08-20T16:15:45.8232485Z a2cadbfeca72: Verifying Checksum
2025-08-20T16:15:45.8236345Z a2cadbfeca72: Download complete
2025-08-20T16:15:45.8303156Z 311eca34042e: Verifying Checksum
2025-08-20T16:15:45.8310527Z 311eca34042e: Download complete
2025-08-20T16:15:45.8498813Z e6fe6f07e192: Verifying Checksum
2025-08-20T16:15:45.8499606Z e6fe6f07e192: Download complete
2025-08-20T16:15:45.8839010Z 4f4fb700ef54: Verifying Checksum
2025-08-20T16:15:45.8840033Z 4f4fb700ef54: Download complete
2025-08-20T16:15:45.9060814Z 0368fd46e3c6: Pull complete
2025-08-20T16:15:45.9098077Z a976ed7e7808: Download complete
2025-08-20T16:15:45.9365148Z 4c55286bbede: Pull complete
2025-08-20T16:15:46.1007334Z 5e28347af205: Pull complete
2025-08-20T16:15:46.1379218Z 311eca34042e: Pull complete
2025-08-20T16:15:46.3308308Z e6fe6f07e192: Pull complete
2025-08-20T16:15:46.3446163Z a2cadbfeca72: Pull complete
2025-08-20T16:15:46.3549625Z 4f4fb700ef54: Pull complete
2025-08-20T16:15:46.3665695Z a976ed7e7808: Pull complete
2025-08-20T16:15:46.3698807Z Digest: sha256:bb186d083732f669da90be8b0f975a37812b15e913465bb14d845db72a4e3e08
2025-08-20T16:15:46.3710909Z Status: Downloaded newer image for redis:7-alpine
2025-08-20T16:15:46.3718171Z docker.io/library/redis:7-alpine
2025-08-20T16:15:46.3736058Z ##[command]/usr/bin/docker create --name 8324a0f3f8b74cd8ab438e51a329f2e4_redis7alpine_452f99 --label 82e9aa --network github_network_7e95201ee84e4508a0ec60d8117e2b2b --network-alias redis -p 6379:6379  -e GITHUB_ACTIONS=true -e CI=true redis:7-alpine
2025-08-20T16:15:46.3959255Z 60e6f6e4d1c47b76a50fcf49827753ad991f6ea2e7e37a33fe6abf4135b706a4
2025-08-20T16:15:46.3972509Z ##[command]/usr/bin/docker start 60e6f6e4d1c47b76a50fcf49827753ad991f6ea2e7e37a33fe6abf4135b706a4
2025-08-20T16:15:46.5326252Z 60e6f6e4d1c47b76a50fcf49827753ad991f6ea2e7e37a33fe6abf4135b706a4
2025-08-20T16:15:46.5344284Z ##[command]/usr/bin/docker ps --all --filter id=60e6f6e4d1c47b76a50fcf49827753ad991f6ea2e7e37a33fe6abf4135b706a4 --filter status=running --no-trunc --format "{{.ID}} {{.Status}}"
2025-08-20T16:15:46.5461448Z 60e6f6e4d1c47b76a50fcf49827753ad991f6ea2e7e37a33fe6abf4135b706a4 Up Less than a second
2025-08-20T16:15:46.5475415Z ##[command]/usr/bin/docker port 60e6f6e4d1c47b76a50fcf49827753ad991f6ea2e7e37a33fe6abf4135b706a4
2025-08-20T16:15:46.5591636Z 6379/tcp -> 0.0.0.0:6379
2025-08-20T16:15:46.5592342Z 6379/tcp -> [::]:6379
2025-08-20T16:15:46.5604629Z ##[endgroup]
2025-08-20T16:15:46.5615800Z ##[group]Waiting for all services to be ready
2025-08-20T16:15:46.5629191Z ##[command]/usr/bin/docker inspect --format="{{if .Config.Healthcheck}}{{print .State.Health.Status}}{{end}}" 7d4bca8aa7931502bef0e5eb99483ed6238728318815701284a9e5c847c3f0e2
2025-08-20T16:15:46.5746738Z starting
2025-08-20T16:15:46.5773083Z postgres service is starting, waiting 2 seconds before checking again.
2025-08-20T16:15:48.5774801Z ##[command]/usr/bin/docker inspect --format="{{if .Config.Healthcheck}}{{print .State.Health.Status}}{{end}}" 7d4bca8aa7931502bef0e5eb99483ed6238728318815701284a9e5c847c3f0e2
2025-08-20T16:15:48.5901902Z starting
2025-08-20T16:15:48.5915848Z postgres service is starting, waiting 4 seconds before checking again.
2025-08-20T16:15:52.8552834Z ##[command]/usr/bin/docker inspect --format="{{if .Config.Healthcheck}}{{print .State.Health.Status}}{{end}}" 7d4bca8aa7931502bef0e5eb99483ed6238728318815701284a9e5c847c3f0e2
2025-08-20T16:15:52.8676687Z healthy
2025-08-20T16:15:52.8693798Z postgres service is healthy.
2025-08-20T16:15:52.8694590Z ##[command]/usr/bin/docker inspect --format="{{if .Config.Healthcheck}}{{print .State.Health.Status}}{{end}}" 60e6f6e4d1c47b76a50fcf49827753ad991f6ea2e7e37a33fe6abf4135b706a4
2025-08-20T16:15:52.8820099Z redis service is healthy.
2025-08-20T16:15:52.8820774Z ##[endgroup]
2025-08-20T16:15:52.9066401Z ##[group]Run actions/checkout@v4
2025-08-20T16:15:52.9066945Z with:
2025-08-20T16:15:52.9067137Z   repository: AlexBomber12/AWA-App
2025-08-20T16:15:52.9067700Z   token: ***
2025-08-20T16:15:52.9067881Z   ssh-strict: true
2025-08-20T16:15:52.9068059Z   ssh-user: git
2025-08-20T16:15:52.9068246Z   persist-credentials: true
2025-08-20T16:15:52.9068448Z   clean: true
2025-08-20T16:15:52.9068636Z   sparse-checkout-cone-mode: true
2025-08-20T16:15:52.9068857Z   fetch-depth: 1
2025-08-20T16:15:52.9069032Z   fetch-tags: false
2025-08-20T16:15:52.9069211Z   show-progress: true
2025-08-20T16:15:52.9069394Z   lfs: false
2025-08-20T16:15:52.9069548Z   submodules: false
2025-08-20T16:15:52.9069736Z   set-safe-directory: true
2025-08-20T16:15:52.9070146Z env:
2025-08-20T16:15:52.9070380Z   REDIS_URL: redis://localhost:6379/0
2025-08-20T16:15:52.9070635Z   RATE_LIMIT_DEFAULT: 100/minute
2025-08-20T16:15:52.9070866Z   TRUST_X_FORWARDED: 1
2025-08-20T16:15:52.9071047Z ##[endgroup]
2025-08-20T16:15:53.0164913Z Syncing repository: AlexBomber12/AWA-App
2025-08-20T16:15:53.0166841Z ##[group]Getting Git version info
2025-08-20T16:15:53.0167657Z Working directory is '/home/runner/work/AWA-App/AWA-App'
2025-08-20T16:15:53.0168586Z [command]/usr/bin/git version
2025-08-20T16:15:53.0190690Z git version 2.50.1
2025-08-20T16:15:53.0216264Z ##[endgroup]
2025-08-20T16:15:53.0230002Z Temporarily overriding HOME='/home/runner/work/_temp/266731dd-f448-4cbe-b252-91d5d66aea4d' before making global git config changes
2025-08-20T16:15:53.0230786Z Adding repository directory to the temporary git global config as a safe directory
2025-08-20T16:15:53.0234920Z [command]/usr/bin/git config --global --add safe.directory /home/runner/work/AWA-App/AWA-App
2025-08-20T16:15:53.0267566Z Deleting the contents of '/home/runner/work/AWA-App/AWA-App'
2025-08-20T16:15:53.0271137Z ##[group]Initializing the repository
2025-08-20T16:15:53.0275047Z [command]/usr/bin/git init /home/runner/work/AWA-App/AWA-App
2025-08-20T16:15:53.0328218Z hint: Using 'master' as the name for the initial branch. This default branch name
2025-08-20T16:15:53.0329306Z hint: is subject to change. To configure the initial branch name to use in all
2025-08-20T16:15:53.0330954Z hint: of your new repositories, which will suppress this warning, call:
2025-08-20T16:15:53.0331547Z hint:
2025-08-20T16:15:53.0331965Z hint: 	git config --global init.defaultBranch <name>
2025-08-20T16:15:53.0332399Z hint:
2025-08-20T16:15:53.0332692Z hint: Names commonly chosen instead of 'master' are 'main', 'trunk' and
2025-08-20T16:15:53.0333164Z hint: 'development'. The just-created branch can be renamed via this command:
2025-08-20T16:15:53.0333522Z hint:
2025-08-20T16:15:53.0333697Z hint: 	git branch -m <name>
2025-08-20T16:15:53.0333913Z hint:
2025-08-20T16:15:53.0334214Z hint: Disable this message with "git config set advice.defaultBranchName false"
2025-08-20T16:15:53.0334823Z Initialized empty Git repository in /home/runner/work/AWA-App/AWA-App/.git/
2025-08-20T16:15:53.0343396Z [command]/usr/bin/git remote add origin https://github.com/AlexBomber12/AWA-App
2025-08-20T16:15:53.0374098Z ##[endgroup]
2025-08-20T16:15:53.0374698Z ##[group]Disabling automatic garbage collection
2025-08-20T16:15:53.0379125Z [command]/usr/bin/git config --local gc.auto 0
2025-08-20T16:15:53.0408010Z ##[endgroup]
2025-08-20T16:15:53.0408664Z ##[group]Setting up auth
2025-08-20T16:15:53.0414915Z [command]/usr/bin/git config --local --name-only --get-regexp core\.sshCommand
2025-08-20T16:15:53.0444217Z [command]/usr/bin/git submodule foreach --recursive sh -c "git config --local --name-only --get-regexp 'core\.sshCommand' && git config --local --unset-all 'core.sshCommand' || :"
2025-08-20T16:15:53.0696535Z [command]/usr/bin/git config --local --name-only --get-regexp http\.https\:\/\/github\.com\/\.extraheader
2025-08-20T16:15:53.0726172Z [command]/usr/bin/git submodule foreach --recursive sh -c "git config --local --name-only --get-regexp 'http\.https\:\/\/github\.com\/\.extraheader' && git config --local --unset-all 'http.https://github.com/.extraheader' || :"
2025-08-20T16:15:53.0945103Z [command]/usr/bin/git config --local http.https://github.com/.extraheader AUTHORIZATION: basic ***
2025-08-20T16:15:53.0985533Z ##[endgroup]
2025-08-20T16:15:53.0986123Z ##[group]Fetching the repository
2025-08-20T16:15:53.0994268Z [command]/usr/bin/git -c protocol.version=2 fetch --no-tags --prune --no-recurse-submodules --depth=1 origin +92fc11b24c07a788f0d1104fef59c606ee88b95c:refs/remotes/pull/302/merge
2025-08-20T16:15:53.3590325Z From https://github.com/AlexBomber12/AWA-App
2025-08-20T16:15:53.3591206Z  * [new ref]         92fc11b24c07a788f0d1104fef59c606ee88b95c -> pull/302/merge
2025-08-20T16:15:53.3620447Z ##[endgroup]
2025-08-20T16:15:53.3621041Z ##[group]Determining the checkout info
2025-08-20T16:15:53.3623392Z ##[endgroup]
2025-08-20T16:15:53.3629728Z [command]/usr/bin/git sparse-checkout disable
2025-08-20T16:15:53.3669277Z [command]/usr/bin/git config --local --unset-all extensions.worktreeConfig
2025-08-20T16:15:53.3698787Z ##[group]Checking out the ref
2025-08-20T16:15:53.3702251Z [command]/usr/bin/git checkout --progress --force refs/remotes/pull/302/merge
2025-08-20T16:15:53.4048025Z Note: switching to 'refs/remotes/pull/302/merge'.
2025-08-20T16:15:53.4048640Z 
2025-08-20T16:15:53.4049389Z You are in 'detached HEAD' state. You can look around, make experimental
2025-08-20T16:15:53.4050177Z changes and commit them, and you can discard any commits you make in this
2025-08-20T16:15:53.4050954Z state without impacting any branches by switching back to a branch.
2025-08-20T16:15:53.4051412Z 
2025-08-20T16:15:53.4051706Z If you want to create a new branch to retain commits you create, you may
2025-08-20T16:15:53.4052424Z do so (now or later) by using -c with the switch command. Example:
2025-08-20T16:15:53.4052842Z 
2025-08-20T16:15:53.4053019Z   git switch -c <new-branch-name>
2025-08-20T16:15:53.4053308Z 
2025-08-20T16:15:53.4053761Z Or undo this operation with:
2025-08-20T16:15:53.4054030Z 
2025-08-20T16:15:53.4054182Z   git switch -
2025-08-20T16:15:53.4054392Z 
2025-08-20T16:15:53.4054734Z Turn off this advice by setting config variable advice.detachedHead to false
2025-08-20T16:15:53.4055239Z 
2025-08-20T16:15:53.4055809Z HEAD is now at 92fc11b Merge 40705395d520f094dd35afe91bad2baf6db2a71f into 90bcb6076dd8e4fc12fb63ab56d3adc0d287d7b5
2025-08-20T16:15:53.4057938Z ##[endgroup]
2025-08-20T16:15:53.4095427Z [command]/usr/bin/git log -1 --format=%H
2025-08-20T16:15:53.4118321Z 92fc11b24c07a788f0d1104fef59c606ee88b95c
2025-08-20T16:15:53.4283023Z ##[group]Run cat .env.ci >> "$GITHUB_ENV"
2025-08-20T16:15:53.4283352Z [36;1mcat .env.ci >> "$GITHUB_ENV"[0m
2025-08-20T16:15:53.4284049Z [36;1mecho "DATABASE_URL=***localhost:5432/awa" >> "$GITHUB_ENV"[0m
2025-08-20T16:15:53.4284403Z [36;1mecho "PG_HOST=localhost" >> "$GITHUB_ENV"[0m
2025-08-20T16:15:53.4284696Z [36;1mecho "PG_PORT=5432" >> "$GITHUB_ENV"[0m
2025-08-20T16:15:53.4284983Z [36;1mecho "PG_USER=postgres" >> "$GITHUB_ENV"[0m
2025-08-20T16:15:53.4285266Z [36;1mecho "PG_PASSWORD=pass" >> "$GITHUB_ENV"[0m
2025-08-20T16:15:53.4285549Z [36;1mecho "PG_DATABASE=awa" >> "$GITHUB_ENV"[0m
2025-08-20T16:15:53.4330580Z shell: /usr/bin/bash -e {0}
2025-08-20T16:15:53.4330814Z env:
2025-08-20T16:15:53.4331014Z   REDIS_URL: redis://localhost:6379/0
2025-08-20T16:15:53.4331275Z   RATE_LIMIT_DEFAULT: 100/minute
2025-08-20T16:15:53.4331504Z   TRUST_X_FORWARDED: 1
2025-08-20T16:15:53.4331688Z ##[endgroup]
2025-08-20T16:15:53.4500874Z ##[group]Run actions/setup-python@v5
2025-08-20T16:15:53.4501146Z with:
2025-08-20T16:15:53.4501319Z   python-version: 3.12
2025-08-20T16:15:53.4501514Z   cache: pip
2025-08-20T16:15:53.4501722Z   cache-dependency-path: requirements-dev.txt
2025-08-20T16:15:53.4501987Z   check-latest: false
2025-08-20T16:15:53.4502298Z   token: ***
2025-08-20T16:15:53.4502485Z   update-environment: true
2025-08-20T16:15:53.4502692Z   allow-prereleases: false
2025-08-20T16:15:53.4502909Z   freethreaded: false
2025-08-20T16:15:53.4503089Z env:
2025-08-20T16:15:53.4503266Z   REDIS_URL: redis://localhost:6379/0
2025-08-20T16:15:53.4503527Z   RATE_LIMIT_DEFAULT: 100/minute
2025-08-20T16:15:53.4503738Z   TRUST_X_FORWARDED: 1
2025-08-20T16:15:53.4503932Z   PG_USER: postgres
2025-08-20T16:15:53.4504111Z   PG_PASSWORD: pass
2025-08-20T16:15:53.4504291Z   PG_DATABASE: awa
2025-08-20T16:15:53.4504463Z   PG_HOST: localhost
2025-08-20T16:15:53.4504648Z   PG_PORT: 5432
2025-08-20T16:15:53.4505046Z   PG_SYNC_DSN: ***localhost:5432/awa
2025-08-20T16:15:53.4505439Z   PG_ASYNC_DSN: ***localhost:5432/awa
2025-08-20T16:15:53.4505818Z   DATABASE_URL: ***localhost:5432/awa
2025-08-20T16:15:53.4506040Z   DATA_DIR: /tmp/awa-data
2025-08-20T16:15:53.4506236Z   ENABLE_LIVE: 0
2025-08-20T16:15:53.4506400Z   TESTING: 1
2025-08-20T16:15:53.4506561Z ##[endgroup]
2025-08-20T16:15:53.6129719Z ##[group]Installed versions
2025-08-20T16:15:53.6207200Z Successfully set up CPython (3.12.11)
2025-08-20T16:15:53.6208139Z ##[endgroup]
2025-08-20T16:15:53.6524562Z [command]/opt/hostedtoolcache/Python/3.12.11/x64/bin/pip cache dir
2025-08-20T16:15:54.8762005Z /home/runner/.cache/pip
2025-08-20T16:15:54.9910073Z Cache hit for: setup-python-Linux-x64-24.04-Ubuntu-python-3.12.11-pip-29fc3204f837bce43d81586a404709764a9accd1f738d0c33a52a32bf7a0c312
2025-08-20T16:15:56.0621002Z Received 171966464 of 337357499 (51.0%), 163.3 MBs/sec
2025-08-20T16:15:56.7242691Z Received 337357499 of 337357499 (100.0%), 192.8 MBs/sec
2025-08-20T16:15:56.7244912Z Cache Size: ~322 MB (337357499 B)
2025-08-20T16:15:56.7282822Z [command]/usr/bin/tar -xf /home/runner/work/_temp/c4e6a5dd-aa7f-49e7-b435-1a2734ee65cc/cache.tzst -P -C /home/runner/work/AWA-App/AWA-App --use-compress-program unzstd
2025-08-20T16:15:57.2696317Z Cache restored successfully
2025-08-20T16:15:57.3352094Z Cache restored from key: setup-python-Linux-x64-24.04-Ubuntu-python-3.12.11-pip-29fc3204f837bce43d81586a404709764a9accd1f738d0c33a52a32bf7a0c312
2025-08-20T16:15:57.3520821Z ##[group]Run pip install -r requirements-dev.txt
2025-08-20T16:15:57.3521213Z [36;1mpip install -r requirements-dev.txt[0m
2025-08-20T16:15:57.3521521Z [36;1mpip install keepa==1.3.15 minio==7.1.15[0m
2025-08-20T16:15:57.3564774Z shell: /usr/bin/bash -e {0}
2025-08-20T16:15:57.3565022Z env:
2025-08-20T16:15:57.3565248Z   REDIS_URL: redis://localhost:6379/0
2025-08-20T16:15:57.3565549Z   RATE_LIMIT_DEFAULT: 100/minute
2025-08-20T16:15:57.3565798Z   TRUST_X_FORWARDED: 1
2025-08-20T16:15:57.3566017Z   PG_USER: postgres
2025-08-20T16:15:57.3566221Z   PG_PASSWORD: pass
2025-08-20T16:15:57.3566419Z   PG_DATABASE: awa
2025-08-20T16:15:57.3566619Z   PG_HOST: localhost
2025-08-20T16:15:57.3566822Z   PG_PORT: 5432
2025-08-20T16:15:57.3567317Z   PG_SYNC_DSN: ***localhost:5432/awa
2025-08-20T16:15:57.3568039Z   PG_ASYNC_DSN: ***localhost:5432/awa
2025-08-20T16:15:57.3568465Z   DATABASE_URL: ***localhost:5432/awa
2025-08-20T16:15:57.3568727Z   DATA_DIR: /tmp/awa-data
2025-08-20T16:15:57.3568984Z   ENABLE_LIVE: 0
2025-08-20T16:15:57.3569182Z   TESTING: 1
2025-08-20T16:15:57.3569443Z   pythonLocation: /opt/hostedtoolcache/Python/3.12.11/x64
2025-08-20T16:15:57.3569890Z   PKG_CONFIG_PATH: /opt/hostedtoolcache/Python/3.12.11/x64/lib/pkgconfig
2025-08-20T16:15:57.3570317Z   Python_ROOT_DIR: /opt/hostedtoolcache/Python/3.12.11/x64
2025-08-20T16:15:57.3570705Z   Python2_ROOT_DIR: /opt/hostedtoolcache/Python/3.12.11/x64
2025-08-20T16:15:57.3571098Z   Python3_ROOT_DIR: /opt/hostedtoolcache/Python/3.12.11/x64
2025-08-20T16:15:57.3571503Z   LD_LIBRARY_PATH: /opt/hostedtoolcache/Python/3.12.11/x64/lib
2025-08-20T16:15:57.3571834Z ##[endgroup]
2025-08-20T16:15:58.8584518Z Collecting Jinja2==3.1.6 (from -r requirements-dev.txt (line 2))
2025-08-20T16:15:58.8597723Z   Using cached jinja2-3.1.6-py3-none-any.whl.metadata (2.9 kB)
2025-08-20T16:15:58.8801331Z Collecting alembic==1.13.1 (from -r requirements-dev.txt (line 3))
2025-08-20T16:15:58.8812583Z   Using cached alembic-1.13.1-py3-none-any.whl.metadata (7.4 kB)
2025-08-20T16:15:58.8963098Z Collecting apscheduler==3.10.4 (from -r requirements-dev.txt (line 4))
2025-08-20T16:15:58.8974363Z   Using cached APScheduler-3.10.4-py3-none-any.whl.metadata (5.7 kB)
2025-08-20T16:15:58.9109980Z Collecting asgi-correlation-id==4.3.1 (from -r requirements-dev.txt (line 5))
2025-08-20T16:15:58.9121131Z   Using cached asgi_correlation_id-4.3.1-py3-none-any.whl.metadata (28 kB)
2025-08-20T16:15:58.9526279Z Collecting asyncpg==0.30.0 (from -r requirements-dev.txt (line 6))
2025-08-20T16:15:58.9538308Z   Using cached asyncpg-0.30.0-cp312-cp312-manylinux_2_17_x86_64.manylinux2014_x86_64.whl.metadata (5.0 kB)
2025-08-20T16:15:58.9956015Z Collecting black==25.1.0 (from -r requirements-dev.txt (line 7))
2025-08-20T16:15:58.9968364Z   Using cached black-25.1.0-cp312-cp312-manylinux_2_17_x86_64.manylinux2014_x86_64.manylinux_2_28_x86_64.whl.metadata (81 kB)
2025-08-20T16:15:59.3427752Z Collecting boto3 (from -r requirements-dev.txt (line 8))
2025-08-20T16:15:59.3758644Z   Downloading boto3-1.40.13-py3-none-any.whl.metadata (6.7 kB)
2025-08-20T16:15:59.4122730Z Collecting redis==6.* (from -r requirements-dev.txt (line 9))
2025-08-20T16:15:59.4134374Z   Using cached redis-6.4.0-py3-none-any.whl.metadata (10 kB)
2025-08-20T16:15:59.4431285Z Collecting minio==7.* (from -r requirements-dev.txt (line 10))
2025-08-20T16:15:59.4442509Z   Using cached minio-7.2.16-py3-none-any.whl.metadata (6.5 kB)
2025-08-20T16:15:59.4728182Z Collecting celery==5.5.3 (from -r requirements-dev.txt (line 11))
2025-08-20T16:15:59.4739184Z   Using cached celery-5.5.3-py3-none-any.whl.metadata (22 kB)
2025-08-20T16:15:59.5296878Z Collecting fastapi==0.116.1 (from -r requirements-dev.txt (line 12))
2025-08-20T16:15:59.5309136Z   Using cached fastapi-0.116.1-py3-none-any.whl.metadata (28 kB)
2025-08-20T16:15:59.5457004Z Collecting fastapi-limiter==0.1.6 (from -r requirements-dev.txt (line 14))
2025-08-20T16:15:59.5468236Z   Using cached fastapi_limiter-0.1.6-py3-none-any.whl.metadata (5.3 kB)
2025-08-20T16:15:59.5635243Z Collecting httpx<0.29,>=0.27 (from -r requirements-dev.txt (line 15))
2025-08-20T16:15:59.5646850Z   Using cached httpx-0.28.1-py3-none-any.whl.metadata (7.1 kB)
2025-08-20T16:15:59.5760087Z Collecting imapclient==3.0.1 (from -r requirements-dev.txt (line 16))
2025-08-20T16:15:59.5771717Z   Using cached IMAPClient-3.0.1-py2.py3-none-any.whl.metadata (1.7 kB)
2025-08-20T16:15:59.5855662Z Collecting itsdangerous (from -r requirements-dev.txt (line 17))
2025-08-20T16:15:59.5866775Z   Using cached itsdangerous-2.2.0-py3-none-any.whl.metadata (1.9 kB)
2025-08-20T16:15:59.6824798Z Collecting mypy==1.* (from -r requirements-dev.txt (line 18))
2025-08-20T16:15:59.6837098Z   Using cached mypy-1.17.1-cp312-cp312-manylinux2014_x86_64.manylinux_2_17_x86_64.manylinux_2_28_x86_64.whl.metadata (2.2 kB)
2025-08-20T16:15:59.6926885Z Collecting mypy-extensions==1.1.0 (from -r requirements-dev.txt (line 19))
2025-08-20T16:15:59.6938797Z   Using cached mypy_extensions-1.1.0-py3-none-any.whl.metadata (1.1 kB)
2025-08-20T16:15:59.8762035Z Collecting numpy<2 (from -r requirements-dev.txt (line 20))
2025-08-20T16:15:59.8780896Z   Using cached numpy-1.26.4-cp312-cp312-manylinux_2_17_x86_64.manylinux2014_x86_64.whl.metadata (61 kB)
2025-08-20T16:15:59.9019347Z Collecting openpyxl==3.1.5 (from -r requirements-dev.txt (line 21))
2025-08-20T16:15:59.9031170Z   Using cached openpyxl-3.1.5-py2.py3-none-any.whl.metadata (2.5 kB)
2025-08-20T16:16:00.0055878Z Collecting pandas==2.2.* (from -r requirements-dev.txt (line 22))
2025-08-20T16:16:00.0068431Z   Using cached pandas-2.2.3-cp312-cp312-manylinux_2_17_x86_64.manylinux2014_x86_64.whl.metadata (89 kB)
2025-08-20T16:16:00.0976390Z Collecting psycopg2-binary==2.9.10 (from -r requirements-dev.txt (line 23))
2025-08-20T16:16:00.0989176Z   Using cached psycopg2_binary-2.9.10-cp312-cp312-manylinux_2_17_x86_64.manylinux2014_x86_64.whl.metadata (4.9 kB)
2025-08-20T16:16:00.1131404Z Collecting psycopg==3.2.9 (from psycopg[binary]==3.2.9->-r requirements-dev.txt (line 24))
2025-08-20T16:16:00.1142866Z   Using cached psycopg-3.2.9-py3-none-any.whl.metadata (4.5 kB)
2025-08-20T16:16:00.2206988Z Collecting pydantic==2.11.7 (from -r requirements-dev.txt (line 25))
2025-08-20T16:16:00.2221374Z   Using cached pydantic-2.11.7-py3-none-any.whl.metadata (67 kB)
2025-08-20T16:16:00.3413284Z Collecting setuptools (from -r requirements-dev.txt (line 26))
2025-08-20T16:16:00.3426660Z   Using cached setuptools-80.9.0-py3-none-any.whl.metadata (6.6 kB)
2025-08-20T16:16:00.3671212Z Collecting pytest-asyncio==0.23.6 (from -r requirements-dev.txt (line 27))
2025-08-20T16:16:00.3683360Z   Using cached pytest_asyncio-0.23.6-py3-none-any.whl.metadata (3.9 kB)
2025-08-20T16:16:00.3844827Z Collecting pytest-cov==6.2.1 (from -r requirements-dev.txt (line 28))
2025-08-20T16:16:00.3845723Z   Using cached pytest_cov-6.2.1-py3-none-any.whl.metadata (30 kB)
2025-08-20T16:16:00.3986262Z Collecting pytest-postgresql==7.0.2 (from -r requirements-dev.txt (line 29))
2025-08-20T16:16:00.3998010Z   Using cached pytest_postgresql-7.0.2-py3-none-any.whl.metadata (18 kB)
2025-08-20T16:16:00.4152674Z Collecting python-dotenv (from -r requirements-dev.txt (line 30))
2025-08-20T16:16:00.4164082Z   Using cached python_dotenv-1.1.1-py3-none-any.whl.metadata (24 kB)
2025-08-20T16:16:00.4274010Z Collecting python-multipart (from -r requirements-dev.txt (line 31))
2025-08-20T16:16:00.4285298Z   Using cached python_multipart-0.0.20-py3-none-any.whl.metadata (1.8 kB)
2025-08-20T16:16:00.4550494Z Collecting python-telegram-bot==22.3 (from -r requirements-dev.txt (line 32))
2025-08-20T16:16:00.4561663Z   Using cached python_telegram_bot-22.3-py3-none-any.whl.metadata (17 kB)
2025-08-20T16:16:00.4831456Z Collecting requests==2.32.4 (from -r requirements-dev.txt (line 33))
2025-08-20T16:16:00.4842592Z   Using cached requests-2.32.4-py3-none-any.whl.metadata (4.9 kB)
2025-08-20T16:16:00.4983843Z Collecting respx==0.22.0 (from -r requirements-dev.txt (line 34))
2025-08-20T16:16:00.4995038Z   Using cached respx-0.22.0-py2.py3-none-any.whl.metadata (4.1 kB)
2025-08-20T16:16:00.8667067Z Collecting ruff==0.4.4 (from -r requirements-dev.txt (line 35))
2025-08-20T16:16:00.8680228Z   Using cached ruff-0.4.4-py3-none-manylinux_2_17_x86_64.manylinux2014_x86_64.whl.metadata (23 kB)
2025-08-20T16:16:01.1208253Z Collecting sqlalchemy==2.0.43 (from -r requirements-dev.txt (line 36))
2025-08-20T16:16:01.1221657Z   Using cached sqlalchemy-2.0.43-cp312-cp312-manylinux_2_17_x86_64.manylinux2014_x86_64.whl.metadata (9.6 kB)
2025-08-20T16:16:01.1425508Z Collecting structlog==24.1.0 (from -r requirements-dev.txt (line 37))
2025-08-20T16:16:01.1436784Z   Using cached structlog-24.1.0-py3-none-any.whl.metadata (6.9 kB)
2025-08-20T16:16:01.1592474Z Collecting testcontainers==4.10.0 (from testcontainers[postgres]==4.10.0->-r requirements-dev.txt (line 38))
2025-08-20T16:16:01.1603309Z   Using cached testcontainers-4.10.0-py3-none-any.whl.metadata (7.8 kB)
2025-08-20T16:16:01.1971565Z Collecting types-requests==2.32.4.20250809 (from -r requirements-dev.txt (line 39))
2025-08-20T16:16:01.1982531Z   Using cached types_requests-2.32.4.20250809-py3-none-any.whl.metadata (2.0 kB)
2025-08-20T16:16:01.2100829Z Collecting docspec-python==2.2.2 (from -r requirements-dev.txt (line 40))
2025-08-20T16:16:01.2111763Z   Using cached docspec_python-2.2.2-py3-none-any.whl.metadata (1.0 kB)
2025-08-20T16:16:01.2256224Z Collecting pydoc-markdown==4.8.2 (from -r requirements-dev.txt (line 41))
2025-08-20T16:16:01.2267190Z   Using cached pydoc_markdown-4.8.2-py3-none-any.whl.metadata (5.9 kB)
2025-08-20T16:16:01.2530597Z Collecting pandera==0.19.* (from -r requirements-dev.txt (line 42))
2025-08-20T16:16:01.2542123Z   Using cached pandera-0.19.3-py3-none-any.whl.metadata (15 kB)
2025-08-20T16:16:01.3583669Z Collecting MarkupSafe>=2.0 (from Jinja2==3.1.6->-r requirements-dev.txt (line 2))
2025-08-20T16:16:01.3596939Z   Using cached MarkupSafe-3.0.2-cp312-cp312-manylinux_2_17_x86_64.manylinux2014_x86_64.whl.metadata (4.0 kB)
2025-08-20T16:16:01.3838429Z Collecting Mako (from alembic==1.13.1->-r requirements-dev.txt (line 3))
2025-08-20T16:16:01.3849378Z   Using cached mako-1.3.10-py3-none-any.whl.metadata (2.9 kB)
2025-08-20T16:16:01.4007795Z Collecting typing-extensions>=4 (from alembic==1.13.1->-r requirements-dev.txt (line 3))
2025-08-20T16:16:01.4019791Z   Using cached typing_extensions-4.14.1-py3-none-any.whl.metadata (3.0 kB)
2025-08-20T16:16:01.4171952Z Collecting six>=1.4.0 (from apscheduler==3.10.4->-r requirements-dev.txt (line 4))
2025-08-20T16:16:01.4183702Z   Using cached six-1.17.0-py2.py3-none-any.whl.metadata (1.7 kB)
2025-08-20T16:16:01.4513779Z Collecting pytz (from apscheduler==3.10.4->-r requirements-dev.txt (line 4))
2025-08-20T16:16:01.4527061Z   Using cached pytz-2025.2-py2.py3-none-any.whl.metadata (22 kB)
2025-08-20T16:16:01.4681514Z Collecting tzlocal!=3.*,>=2.0 (from apscheduler==3.10.4->-r requirements-dev.txt (line 4))
2025-08-20T16:16:01.4693216Z   Using cached tzlocal-5.3.1-py3-none-any.whl.metadata (7.6 kB)
2025-08-20T16:16:01.4997823Z Collecting starlette>=0.18 (from asgi-correlation-id==4.3.1->-r requirements-dev.txt (line 5))
2025-08-20T16:16:01.5010230Z   Using cached starlette-0.47.2-py3-none-any.whl.metadata (6.2 kB)
2025-08-20T16:16:01.5196603Z Collecting click>=8.0.0 (from black==25.1.0->-r requirements-dev.txt (line 7))
2025-08-20T16:16:01.5209025Z   Using cached click-8.2.1-py3-none-any.whl.metadata (2.5 kB)
2025-08-20T16:16:01.5350909Z Collecting packaging>=22.0 (from black==25.1.0->-r requirements-dev.txt (line 7))
2025-08-20T16:16:01.5362566Z   Using cached packaging-25.0-py3-none-any.whl.metadata (3.3 kB)
2025-08-20T16:16:01.5463456Z Collecting pathspec>=0.9.0 (from black==25.1.0->-r requirements-dev.txt (line 7))
2025-08-20T16:16:01.5475096Z   Using cached pathspec-0.12.1-py3-none-any.whl.metadata (21 kB)
2025-08-20T16:16:01.5661468Z Collecting platformdirs>=2 (from black==25.1.0->-r requirements-dev.txt (line 7))
2025-08-20T16:16:01.5673211Z   Using cached platformdirs-4.3.8-py3-none-any.whl.metadata (12 kB)
2025-08-20T16:16:01.5862306Z Collecting billiard<5.0,>=4.2.1 (from celery==5.5.3->-r requirements-dev.txt (line 11))
2025-08-20T16:16:01.5873847Z   Using cached billiard-4.2.1-py3-none-any.whl.metadata (4.4 kB)
2025-08-20T16:16:01.6140495Z Collecting kombu<5.6,>=5.5.2 (from celery==5.5.3->-r requirements-dev.txt (line 11))
2025-08-20T16:16:01.6152254Z   Using cached kombu-5.5.4-py3-none-any.whl.metadata (3.5 kB)
2025-08-20T16:16:01.6293590Z Collecting vine<6.0,>=5.1.0 (from celery==5.5.3->-r requirements-dev.txt (line 11))
2025-08-20T16:16:01.6305076Z   Using cached vine-5.1.0-py3-none-any.whl.metadata (2.7 kB)
2025-08-20T16:16:01.6423557Z Collecting click-didyoumean>=0.3.0 (from celery==5.5.3->-r requirements-dev.txt (line 11))
2025-08-20T16:16:01.6435061Z   Using cached click_didyoumean-0.3.1-py3-none-any.whl.metadata (3.9 kB)
2025-08-20T16:16:01.6513234Z Collecting click-repl>=0.2.0 (from celery==5.5.3->-r requirements-dev.txt (line 11))
2025-08-20T16:16:01.6525054Z   Using cached click_repl-0.3.0-py3-none-any.whl.metadata (3.6 kB)
2025-08-20T16:16:01.6604861Z Collecting click-plugins>=1.1.1 (from celery==5.5.3->-r requirements-dev.txt (line 11))
2025-08-20T16:16:01.6616053Z   Using cached click_plugins-1.1.1.2-py2.py3-none-any.whl.metadata (6.5 kB)
2025-08-20T16:16:01.6727962Z Collecting python-dateutil>=2.8.2 (from celery==5.5.3->-r requirements-dev.txt (line 11))
2025-08-20T16:16:01.6739273Z   Using cached python_dateutil-2.9.0.post0-py2.py3-none-any.whl.metadata (8.4 kB)
2025-08-20T16:16:01.7178403Z Collecting annotated-types>=0.6.0 (from pydantic==2.11.7->-r requirements-dev.txt (line 25))
2025-08-20T16:16:01.7189575Z   Using cached annotated_types-0.7.0-py3-none-any.whl.metadata (15 kB)
2025-08-20T16:16:02.3755453Z Collecting pydantic-core==2.33.2 (from pydantic==2.11.7->-r requirements-dev.txt (line 25))
2025-08-20T16:16:02.3769838Z   Using cached pydantic_core-2.33.2-cp312-cp312-manylinux_2_17_x86_64.manylinux2014_x86_64.whl.metadata (6.8 kB)
2025-08-20T16:16:02.3894786Z Collecting typing-inspection>=0.4.0 (from pydantic==2.11.7->-r requirements-dev.txt (line 25))
2025-08-20T16:16:02.3906582Z   Using cached typing_inspection-0.4.1-py3-none-any.whl.metadata (2.6 kB)
2025-08-20T16:16:02.4141273Z Collecting et-xmlfile (from openpyxl==3.1.5->-r requirements-dev.txt (line 21))
2025-08-20T16:16:02.4152904Z   Using cached et_xmlfile-2.0.0-py3-none-any.whl.metadata (2.7 kB)
2025-08-20T16:16:02.4576237Z Collecting pytest<9,>=7.0.0 (from pytest-asyncio==0.23.6->-r requirements-dev.txt (line 27))
2025-08-20T16:16:02.4588075Z   Using cached pytest-8.4.1-py3-none-any.whl.metadata (7.7 kB)
2025-08-20T16:16:02.7641619Z Collecting coverage>=7.5 (from coverage[toml]>=7.5->pytest-cov==6.2.1->-r requirements-dev.txt (line 28))
2025-08-20T16:16:02.7655716Z   Using cached coverage-7.10.4-cp312-cp312-manylinux1_x86_64.manylinux_2_28_x86_64.manylinux_2_5_x86_64.whl.metadata (8.9 kB)
2025-08-20T16:16:02.7768145Z Collecting pluggy>=1.2 (from pytest-cov==6.2.1->-r requirements-dev.txt (line 28))
2025-08-20T16:16:02.7779723Z   Using cached pluggy-1.6.0-py3-none-any.whl.metadata (4.8 kB)
2025-08-20T16:16:02.8005096Z Collecting port-for>=0.7.3 (from pytest-postgresql==7.0.2->-r requirements-dev.txt (line 29))
2025-08-20T16:16:02.8016450Z   Using cached port_for-0.7.4-py3-none-any.whl.metadata (7.1 kB)
2025-08-20T16:16:02.8139165Z Collecting mirakuru>=2.6.0 (from pytest-postgresql==7.0.2->-r requirements-dev.txt (line 29))
2025-08-20T16:16:02.8150556Z   Using cached mirakuru-2.6.1-py3-none-any.whl.metadata (10 kB)
2025-08-20T16:16:02.8946529Z Collecting charset_normalizer<4,>=2 (from requests==2.32.4->-r requirements-dev.txt (line 33))
2025-08-20T16:16:02.8960412Z   Using cached charset_normalizer-3.4.3-cp312-cp312-manylinux2014_x86_64.manylinux_2_17_x86_64.manylinux_2_28_x86_64.whl.metadata (36 kB)
2025-08-20T16:16:02.9102069Z Collecting idna<4,>=2.5 (from requests==2.32.4->-r requirements-dev.txt (line 33))
2025-08-20T16:16:02.9113483Z   Using cached idna-3.10-py3-none-any.whl.metadata (10 kB)
2025-08-20T16:16:02.9384993Z Collecting urllib3<3,>=1.21.1 (from requests==2.32.4->-r requirements-dev.txt (line 33))
2025-08-20T16:16:02.9396469Z   Using cached urllib3-2.5.0-py3-none-any.whl.metadata (6.5 kB)
2025-08-20T16:16:02.9584152Z Collecting certifi>=2017.4.17 (from requests==2.32.4->-r requirements-dev.txt (line 33))
2025-08-20T16:16:02.9595682Z   Using cached certifi-2025.8.3-py3-none-any.whl.metadata (2.4 kB)
2025-08-20T16:16:03.1602852Z Collecting greenlet>=1 (from sqlalchemy==2.0.43->-r requirements-dev.txt (line 36))
2025-08-20T16:16:03.1616676Z   Using cached greenlet-3.2.4-cp312-cp312-manylinux_2_24_x86_64.manylinux_2_28_x86_64.whl.metadata (4.1 kB)
2025-08-20T16:16:03.1829674Z Collecting docker (from testcontainers==4.10.0->testcontainers[postgres]==4.10.0->-r requirements-dev.txt (line 38))
2025-08-20T16:16:03.1840828Z   Using cached docker-7.1.0-py3-none-any.whl.metadata (3.8 kB)
2025-08-20T16:16:03.2782688Z Collecting wrapt (from testcontainers==4.10.0->testcontainers[postgres]==4.10.0->-r requirements-dev.txt (line 38))
2025-08-20T16:16:03.2794380Z   Using cached wrapt-1.17.3-cp312-cp312-manylinux1_x86_64.manylinux_2_28_x86_64.manylinux_2_5_x86_64.whl.metadata (6.4 kB)
2025-08-20T16:16:03.3034145Z Collecting docspec==2.2.1 (from docspec-python==2.2.2->-r requirements-dev.txt (line 40))
2025-08-20T16:16:03.3044912Z   Using cached docspec-2.2.1-py3-none-any.whl.metadata (1.5 kB)
2025-08-20T16:16:03.3186862Z Collecting nr-util>=0.8.12 (from docspec-python==2.2.2->-r requirements-dev.txt (line 40))
2025-08-20T16:16:03.3198116Z   Using cached nr.util-0.8.12-py3-none-any.whl.metadata (813 bytes)
2025-08-20T16:16:03.3537909Z Collecting PyYAML<7.0,>=5.0 (from pydoc-markdown==4.8.2->-r requirements-dev.txt (line 41))
2025-08-20T16:16:03.3550850Z   Using cached PyYAML-6.0.2-cp312-cp312-manylinux_2_17_x86_64.manylinux2014_x86_64.whl.metadata (2.1 kB)
2025-08-20T16:16:03.3813560Z Collecting databind.core<5.0.0,>=4.4.0 (from pydoc-markdown==4.8.2->-r requirements-dev.txt (line 41))
2025-08-20T16:16:03.3824843Z   Using cached databind.core-4.5.2-py3-none-any.whl.metadata (1.1 kB)
2025-08-20T16:16:03.4025836Z Collecting databind.json<5.0.0,>=4.4.0 (from pydoc-markdown==4.8.2->-r requirements-dev.txt (line 41))
2025-08-20T16:16:03.4037851Z   Using cached databind.json-4.5.2-py3-none-any.whl.metadata (1.1 kB)
2025-08-20T16:16:03.4169422Z Collecting docstring-parser<0.12,>=0.11 (from pydoc-markdown==4.8.2->-r requirements-dev.txt (line 41))
2025-08-20T16:16:03.4170879Z   Using cached docstring_parser-0.11-py3-none-any.whl
2025-08-20T16:16:03.4520852Z Collecting tomli<3.0.0,>=2.0.0 (from pydoc-markdown==4.8.2->-r requirements-dev.txt (line 41))
2025-08-20T16:16:03.4532858Z   Using cached tomli-2.2.1-cp312-cp312-manylinux_2_17_x86_64.manylinux2014_x86_64.whl.metadata (11 kB)
2025-08-20T16:16:03.4619765Z Collecting tomli_w<2.0.0,>=1.0.0 (from pydoc-markdown==4.8.2->-r requirements-dev.txt (line 41))
2025-08-20T16:16:03.4631264Z   Using cached tomli_w-1.2.0-py3-none-any.whl.metadata (5.7 kB)
2025-08-20T16:16:03.5053826Z Collecting watchdog (from pydoc-markdown==4.8.2->-r requirements-dev.txt (line 41))
2025-08-20T16:16:03.5065835Z   Using cached watchdog-6.0.0-py3-none-manylinux2014_x86_64.whl.metadata (44 kB)
2025-08-20T16:16:03.5263194Z Collecting yapf>=0.30.0 (from pydoc-markdown==4.8.2->-r requirements-dev.txt (line 41))
2025-08-20T16:16:03.5274553Z   Using cached yapf-0.43.0-py3-none-any.whl.metadata (46 kB)
2025-08-20T16:16:03.5451480Z Collecting Deprecated<2.0.0,>=1.2.12 (from docspec==2.2.1->docspec-python==2.2.2->-r requirements-dev.txt (line 40))
2025-08-20T16:16:03.5463161Z   Using cached Deprecated-1.2.18-py2.py3-none-any.whl.metadata (5.7 kB)
2025-08-20T16:16:03.6952761Z Collecting psycopg-binary==3.2.9 (from psycopg[binary]==3.2.9->-r requirements-dev.txt (line 24))
2025-08-20T16:16:03.6965737Z   Using cached psycopg_binary-3.2.9-cp312-cp312-manylinux_2_17_x86_64.manylinux2014_x86_64.whl.metadata (2.9 kB)
2025-08-20T16:16:03.7288093Z Collecting argon2-cffi (from minio==7.*->-r requirements-dev.txt (line 10))
2025-08-20T16:16:03.7299757Z   Using cached argon2_cffi-25.1.0-py3-none-any.whl.metadata (4.1 kB)
2025-08-20T16:16:03.8058344Z Collecting pycryptodome (from minio==7.*->-r requirements-dev.txt (line 10))
2025-08-20T16:16:03.8073873Z   Using cached pycryptodome-3.23.0-cp37-abi3-manylinux_2_17_x86_64.manylinux2014_x86_64.whl.metadata (3.4 kB)
2025-08-20T16:16:03.8251745Z Collecting anyio (from httpx<0.29,>=0.27->-r requirements-dev.txt (line 15))
2025-08-20T16:16:03.8263250Z   Using cached anyio-4.10.0-py3-none-any.whl.metadata (4.0 kB)
2025-08-20T16:16:03.8431201Z Collecting httpcore==1.* (from httpx<0.29,>=0.27->-r requirements-dev.txt (line 15))
2025-08-20T16:16:03.8442657Z   Using cached httpcore-1.0.9-py3-none-any.whl.metadata (21 kB)
2025-08-20T16:16:03.8737879Z Collecting tzdata>=2022.7 (from pandas==2.2.*->-r requirements-dev.txt (line 22))
2025-08-20T16:16:03.8749413Z   Using cached tzdata-2025.2-py2.py3-none-any.whl.metadata (1.4 kB)
2025-08-20T16:16:03.8876312Z Collecting multimethod<=1.10.0 (from pandera==0.19.*->-r requirements-dev.txt (line 42))
2025-08-20T16:16:03.8887954Z   Using cached multimethod-1.10-py3-none-any.whl.metadata (8.2 kB)
2025-08-20T16:16:03.9228956Z Collecting typeguard (from pandera==0.19.*->-r requirements-dev.txt (line 42))
2025-08-20T16:16:03.9240273Z   Using cached typeguard-4.4.4-py3-none-any.whl.metadata (3.3 kB)
2025-08-20T16:16:03.9330680Z Collecting typing-inspect>=0.6.0 (from pandera==0.19.*->-r requirements-dev.txt (line 42))
2025-08-20T16:16:03.9341920Z   Using cached typing_inspect-0.9.0-py3-none-any.whl.metadata (1.5 kB)
2025-08-20T16:16:03.9597200Z Collecting databind<5.0.0,>=4.5.2 (from databind.core<5.0.0,>=4.4.0->pydoc-markdown==4.8.2->-r requirements-dev.txt (line 41))
2025-08-20T16:16:03.9609011Z   Using cached databind-4.5.2-py3-none-any.whl.metadata (4.3 kB)
2025-08-20T16:16:03.9714392Z Collecting nr-date<3.0.0,>=2.0.0 (from databind<5.0.0,>=4.5.2->databind.core<5.0.0,>=4.4.0->pydoc-markdown==4.8.2->-r requirements-dev.txt (line 41))
2025-08-20T16:16:03.9725903Z   Using cached nr_date-2.1.0-py3-none-any.whl.metadata (746 bytes)
2025-08-20T16:16:03.9827851Z Collecting nr-stream<2.0.0,>=1.0.0 (from databind<5.0.0,>=4.5.2->databind.core<5.0.0,>=4.4.0->pydoc-markdown==4.8.2->-r requirements-dev.txt (line 41))
2025-08-20T16:16:03.9839293Z   Using cached nr_stream-1.1.5-py3-none-any.whl.metadata (3.6 kB)
2025-08-20T16:16:03.9994942Z Collecting typeapi<3,>=2.0.1 (from databind<5.0.0,>=4.5.2->databind.core<5.0.0,>=4.4.0->pydoc-markdown==4.8.2->-r requirements-dev.txt (line 41))
2025-08-20T16:16:04.0006355Z   Using cached typeapi-2.2.4-py3-none-any.whl.metadata (1.5 kB)
2025-08-20T16:16:04.0271805Z Collecting h11>=0.16 (from httpcore==1.*->httpx<0.29,>=0.27->-r requirements-dev.txt (line 15))
2025-08-20T16:16:04.0283204Z   Using cached h11-0.16.0-py3-none-any.whl.metadata (8.3 kB)
2025-08-20T16:16:04.0483487Z Collecting amqp<6.0.0,>=5.1.1 (from kombu<5.6,>=5.5.2->celery==5.5.3->-r requirements-dev.txt (line 11))
2025-08-20T16:16:04.0494917Z   Using cached amqp-5.3.1-py3-none-any.whl.metadata (8.9 kB)
2025-08-20T16:16:04.0876303Z Collecting iniconfig>=1 (from pytest<9,>=7.0.0->pytest-asyncio==0.23.6->-r requirements-dev.txt (line 27))
2025-08-20T16:16:04.0888090Z   Using cached iniconfig-2.1.0-py3-none-any.whl.metadata (2.7 kB)
2025-08-20T16:16:04.1082320Z Collecting pygments>=2.7.2 (from pytest<9,>=7.0.0->pytest-asyncio==0.23.6->-r requirements-dev.txt (line 27))
2025-08-20T16:16:04.1093924Z   Using cached pygments-2.19.2-py3-none-any.whl.metadata (2.5 kB)
2025-08-20T16:16:04.1419400Z Collecting sniffio>=1.1 (from anyio->httpx<0.29,>=0.27->-r requirements-dev.txt (line 15))
2025-08-20T16:16:04.1430864Z   Using cached sniffio-1.3.1-py3-none-any.whl.metadata (3.9 kB)
2025-08-20T16:16:04.6304154Z Collecting botocore<1.41.0,>=1.40.13 (from boto3->-r requirements-dev.txt (line 8))
2025-08-20T16:16:04.6340042Z   Downloading botocore-1.40.13-py3-none-any.whl.metadata (5.7 kB)
2025-08-20T16:16:04.6468135Z Collecting jmespath<2.0.0,>=0.7.1 (from boto3->-r requirements-dev.txt (line 8))
2025-08-20T16:16:04.6480968Z   Using cached jmespath-1.0.1-py3-none-any.whl.metadata (7.6 kB)
2025-08-20T16:16:04.6639929Z Collecting s3transfer<0.14.0,>=0.13.0 (from boto3->-r requirements-dev.txt (line 8))
2025-08-20T16:16:04.6651489Z   Using cached s3transfer-0.13.1-py3-none-any.whl.metadata (1.7 kB)
2025-08-20T16:16:04.8648946Z Collecting fastapi-cli>=0.0.8 (from fastapi-cli[standard]>=0.0.8; extra == "all"->fastapi[all]->-r requirements-dev.txt (line 13))
2025-08-20T16:16:04.8660788Z   Using cached fastapi_cli-0.0.8-py3-none-any.whl.metadata (6.3 kB)
2025-08-20T16:16:04.9409926Z Collecting ujson!=4.0.2,!=4.1.0,!=4.2.0,!=4.3.0,!=5.0.0,!=5.1.0,>=4.0.1 (from fastapi[all]->-r requirements-dev.txt (line 13))
2025-08-20T16:16:04.9442336Z   Downloading ujson-5.11.0-cp312-cp312-manylinux_2_24_x86_64.manylinux_2_28_x86_64.whl.metadata (9.4 kB)
2025-08-20T16:16:05.1711888Z Collecting orjson>=3.2.1 (from fastapi[all]->-r requirements-dev.txt (line 13))
2025-08-20T16:16:05.1726127Z   Using cached orjson-3.11.2-cp312-cp312-manylinux_2_17_x86_64.manylinux2014_x86_64.whl.metadata (1.2 kB)
2025-08-20T16:16:05.1838779Z Collecting email-validator>=2.0.0 (from fastapi[all]->-r requirements-dev.txt (line 13))
2025-08-20T16:16:05.1851168Z   Using cached email_validator-2.2.0-py3-none-any.whl.metadata (25 kB)
2025-08-20T16:16:05.2122916Z Collecting uvicorn>=0.12.0 (from uvicorn[standard]>=0.12.0; extra == "all"->fastapi[all]->-r requirements-dev.txt (line 13))
2025-08-20T16:16:05.2134079Z   Using cached uvicorn-0.35.0-py3-none-any.whl.metadata (6.5 kB)
2025-08-20T16:16:05.2285582Z Collecting pydantic-settings>=2.0.0 (from fastapi[all]->-r requirements-dev.txt (line 13))
2025-08-20T16:16:05.2296866Z   Using cached pydantic_settings-2.10.1-py3-none-any.whl.metadata (3.4 kB)
2025-08-20T16:16:05.2443820Z Collecting pydantic-extra-types>=2.0.0 (from fastapi[all]->-r requirements-dev.txt (line 13))
2025-08-20T16:16:05.2455549Z   Using cached pydantic_extra_types-2.10.5-py3-none-any.whl.metadata (3.9 kB)
2025-08-20T16:16:05.3106800Z Collecting prompt-toolkit>=3.0.36 (from click-repl>=0.2.0->celery==5.5.3->-r requirements-dev.txt (line 11))
2025-08-20T16:16:05.3119469Z   Using cached prompt_toolkit-3.0.51-py3-none-any.whl.metadata (6.4 kB)
2025-08-20T16:16:05.3298334Z Collecting dnspython>=2.0.0 (from email-validator>=2.0.0->fastapi[all]->-r requirements-dev.txt (line 13))
2025-08-20T16:16:05.3310312Z   Using cached dnspython-2.7.0-py3-none-any.whl.metadata (5.8 kB)
2025-08-20T16:16:05.3668080Z Collecting typer>=0.15.1 (from fastapi-cli>=0.0.8->fastapi-cli[standard]>=0.0.8; extra == "all"->fastapi[all]->-r requirements-dev.txt (line 13))
2025-08-20T16:16:05.3680499Z   Using cached typer-0.16.1-py3-none-any.whl.metadata (15 kB)
2025-08-20T16:16:05.3928489Z Collecting rich-toolkit>=0.14.8 (from fastapi-cli>=0.0.8->fastapi-cli[standard]>=0.0.8; extra == "all"->fastapi[all]->-r requirements-dev.txt (line 13))
2025-08-20T16:16:05.3940165Z   Using cached rich_toolkit-0.15.0-py3-none-any.whl.metadata (1.0 kB)
2025-08-20T16:16:05.4043784Z Collecting fastapi-cloud-cli>=0.1.1 (from fastapi-cli[standard]>=0.0.8; extra == "all"->fastapi[all]->-r requirements-dev.txt (line 13))
2025-08-20T16:16:05.4054709Z   Using cached fastapi_cloud_cli-0.1.5-py3-none-any.whl.metadata (3.2 kB)
2025-08-20T16:16:05.4767232Z Collecting rignore>=0.5.1 (from fastapi-cloud-cli>=0.1.1->fastapi-cli[standard]>=0.0.8; extra == "all"->fastapi[all]->-r requirements-dev.txt (line 13))
2025-08-20T16:16:05.4779267Z   Using cached rignore-0.6.4-cp312-cp312-manylinux_2_17_x86_64.manylinux2014_x86_64.whl.metadata (3.8 kB)
2025-08-20T16:16:05.5476504Z Collecting sentry-sdk>=2.20.0 (from fastapi-cloud-cli>=0.1.1->fastapi-cli[standard]>=0.0.8; extra == "all"->fastapi[all]->-r requirements-dev.txt (line 13))
2025-08-20T16:16:05.5488733Z   Using cached sentry_sdk-2.35.0-py2.py3-none-any.whl.metadata (10 kB)
2025-08-20T16:16:05.6453687Z Collecting psutil>=4.0.0 (from mirakuru>=2.6.0->pytest-postgresql==7.0.2->-r requirements-dev.txt (line 29))
2025-08-20T16:16:05.6460350Z   Using cached psutil-7.0.0-cp36-abi3-manylinux_2_12_x86_64.manylinux2010_x86_64.manylinux_2_17_x86_64.manylinux2014_x86_64.whl.metadata (22 kB)
2025-08-20T16:16:05.6800126Z Collecting wcwidth (from prompt-toolkit>=3.0.36->click-repl>=0.2.0->celery==5.5.3->-r requirements-dev.txt (line 11))
2025-08-20T16:16:05.6811968Z   Using cached wcwidth-0.2.13-py2.py3-none-any.whl.metadata (14 kB)
2025-08-20T16:16:05.7834019Z Collecting rich>=13.7.1 (from rich-toolkit>=0.14.8->fastapi-cli>=0.0.8->fastapi-cli[standard]>=0.0.8; extra == "all"->fastapi[all]->-r requirements-dev.txt (line 13))
2025-08-20T16:16:05.7844660Z   Using cached rich-14.1.0-py3-none-any.whl.metadata (18 kB)
2025-08-20T16:16:05.8016705Z Collecting markdown-it-py>=2.2.0 (from rich>=13.7.1->rich-toolkit>=0.14.8->fastapi-cli>=0.0.8->fastapi-cli[standard]>=0.0.8; extra == "all"->fastapi[all]->-r requirements-dev.txt (line 13))
2025-08-20T16:16:05.8027616Z   Using cached markdown_it_py-4.0.0-py3-none-any.whl.metadata (7.3 kB)
2025-08-20T16:16:05.8232790Z Collecting mdurl~=0.1 (from markdown-it-py>=2.2.0->rich>=13.7.1->rich-toolkit>=0.14.8->fastapi-cli>=0.0.8->fastapi-cli[standard]>=0.0.8; extra == "all"->fastapi[all]->-r requirements-dev.txt (line 13))
2025-08-20T16:16:05.8243956Z   Using cached mdurl-0.1.2-py3-none-any.whl.metadata (1.6 kB)
2025-08-20T16:16:05.8728220Z Collecting shellingham>=1.3.0 (from typer>=0.15.1->fastapi-cli>=0.0.8->fastapi-cli[standard]>=0.0.8; extra == "all"->fastapi[all]->-r requirements-dev.txt (line 13))
2025-08-20T16:16:05.8739232Z   Using cached shellingham-1.5.4-py2.py3-none-any.whl.metadata (3.5 kB)
2025-08-20T16:16:05.9522996Z Collecting httptools>=0.6.3 (from uvicorn[standard]>=0.12.0; extra == "all"->fastapi[all]->-r requirements-dev.txt (line 13))
2025-08-20T16:16:05.9534821Z   Using cached httptools-0.6.4-cp312-cp312-manylinux_2_5_x86_64.manylinux1_x86_64.manylinux_2_17_x86_64.manylinux2014_x86_64.whl.metadata (3.6 kB)
2025-08-20T16:16:05.9926970Z Collecting uvloop>=0.15.1 (from uvicorn[standard]>=0.12.0; extra == "all"->fastapi[all]->-r requirements-dev.txt (line 13))
2025-08-20T16:16:05.9938681Z   Using cached uvloop-0.21.0-cp312-cp312-manylinux_2_17_x86_64.manylinux2014_x86_64.whl.metadata (4.9 kB)
2025-08-20T16:16:06.0611769Z Collecting watchfiles>=0.13 (from uvicorn[standard]>=0.12.0; extra == "all"->fastapi[all]->-r requirements-dev.txt (line 13))
2025-08-20T16:16:06.0624106Z   Using cached watchfiles-1.1.0-cp312-cp312-manylinux_2_17_x86_64.manylinux2014_x86_64.whl.metadata (4.9 kB)
2025-08-20T16:16:06.1452806Z Collecting websockets>=10.4 (from uvicorn[standard]>=0.12.0; extra == "all"->fastapi[all]->-r requirements-dev.txt (line 13))
2025-08-20T16:16:06.1465458Z   Using cached websockets-15.0.1-cp312-cp312-manylinux_2_5_x86_64.manylinux1_x86_64.manylinux_2_17_x86_64.manylinux2014_x86_64.whl.metadata (6.8 kB)
2025-08-20T16:16:06.3077330Z Collecting argon2-cffi-bindings (from argon2-cffi->minio==7.*->-r requirements-dev.txt (line 10))
2025-08-20T16:16:06.3089705Z   Using cached argon2_cffi_bindings-25.1.0-cp39-abi3-manylinux_2_26_x86_64.manylinux_2_28_x86_64.whl.metadata (7.4 kB)
2025-08-20T16:16:06.4158649Z Collecting cffi>=1.0.1 (from argon2-cffi-bindings->argon2-cffi->minio==7.*->-r requirements-dev.txt (line 10))
2025-08-20T16:16:06.4172474Z   Using cached cffi-1.17.1-cp312-cp312-manylinux_2_17_x86_64.manylinux2014_x86_64.whl.metadata (1.5 kB)
2025-08-20T16:16:06.4289964Z Collecting pycparser (from cffi>=1.0.1->argon2-cffi-bindings->argon2-cffi->minio==7.*->-r requirements-dev.txt (line 10))
2025-08-20T16:16:06.4301799Z   Using cached pycparser-2.22-py3-none-any.whl.metadata (943 bytes)
2025-08-20T16:16:06.4900723Z Using cached jinja2-3.1.6-py3-none-any.whl (134 kB)
2025-08-20T16:16:06.4913066Z Using cached alembic-1.13.1-py3-none-any.whl (233 kB)
2025-08-20T16:16:06.4925911Z Using cached APScheduler-3.10.4-py3-none-any.whl (59 kB)
2025-08-20T16:16:06.4938024Z Using cached asgi_correlation_id-4.3.1-py3-none-any.whl (15 kB)
2025-08-20T16:16:06.4949375Z Using cached asyncpg-0.30.0-cp312-cp312-manylinux_2_17_x86_64.manylinux2014_x86_64.whl (3.6 MB)
2025-08-20T16:16:06.4987259Z Using cached black-25.1.0-cp312-cp312-manylinux_2_17_x86_64.manylinux2014_x86_64.manylinux_2_28_x86_64.whl (1.8 MB)
2025-08-20T16:16:06.5010608Z Using cached celery-5.5.3-py3-none-any.whl (438 kB)
2025-08-20T16:16:06.5024525Z Using cached fastapi-0.116.1-py3-none-any.whl (95 kB)
2025-08-20T16:16:06.5036088Z Using cached pydantic-2.11.7-py3-none-any.whl (444 kB)
2025-08-20T16:16:06.5051992Z Using cached fastapi_limiter-0.1.6-py3-none-any.whl (15 kB)
2025-08-20T16:16:06.5063079Z Using cached IMAPClient-3.0.1-py2.py3-none-any.whl (182 kB)
2025-08-20T16:16:06.5075550Z Using cached mypy_extensions-1.1.0-py3-none-any.whl (5.0 kB)
2025-08-20T16:16:06.5086582Z Using cached openpyxl-3.1.5-py2.py3-none-any.whl (250 kB)
2025-08-20T16:16:06.5099779Z Using cached psycopg2_binary-2.9.10-cp312-cp312-manylinux_2_17_x86_64.manylinux2014_x86_64.whl (3.0 MB)
2025-08-20T16:16:06.5132102Z Using cached psycopg-3.2.9-py3-none-any.whl (202 kB)
2025-08-20T16:16:06.5144324Z Using cached pytest_asyncio-0.23.6-py3-none-any.whl (17 kB)
2025-08-20T16:16:06.5155436Z Using cached pytest_cov-6.2.1-py3-none-any.whl (24 kB)
2025-08-20T16:16:06.5166566Z Using cached pytest_postgresql-7.0.2-py3-none-any.whl (41 kB)
2025-08-20T16:16:06.5177902Z Using cached python_telegram_bot-22.3-py3-none-any.whl (717 kB)
2025-08-20T16:16:06.5193970Z Using cached requests-2.32.4-py3-none-any.whl (64 kB)
2025-08-20T16:16:06.5205403Z Using cached respx-0.22.0-py2.py3-none-any.whl (25 kB)
2025-08-20T16:16:06.5216897Z Using cached ruff-0.4.4-py3-none-manylinux_2_17_x86_64.manylinux2014_x86_64.whl (8.7 MB)
2025-08-20T16:16:06.5289086Z Using cached sqlalchemy-2.0.43-cp312-cp312-manylinux_2_17_x86_64.manylinux2014_x86_64.whl (3.3 MB)
2025-08-20T16:16:06.5324378Z Using cached structlog-24.1.0-py3-none-any.whl (65 kB)
2025-08-20T16:16:06.5335952Z Using cached testcontainers-4.10.0-py3-none-any.whl (107 kB)
2025-08-20T16:16:06.5348088Z Using cached types_requests-2.32.4.20250809-py3-none-any.whl (20 kB)
2025-08-20T16:16:06.5359662Z Using cached docspec_python-2.2.2-py3-none-any.whl (15 kB)
2025-08-20T16:16:06.5370753Z Using cached pydoc_markdown-4.8.2-py3-none-any.whl (67 kB)
2025-08-20T16:16:06.5382142Z Using cached docspec-2.2.1-py3-none-any.whl (9.8 kB)
2025-08-20T16:16:06.5393535Z Using cached psycopg_binary-3.2.9-cp312-cp312-manylinux_2_17_x86_64.manylinux2014_x86_64.whl (4.4 MB)
2025-08-20T16:16:06.5435340Z Using cached pydantic_core-2.33.2-cp312-cp312-manylinux_2_17_x86_64.manylinux2014_x86_64.whl (2.0 MB)
2025-08-20T16:16:06.5460295Z Using cached redis-6.4.0-py3-none-any.whl (279 kB)
2025-08-20T16:16:06.5473281Z Using cached minio-7.2.16-py3-none-any.whl (95 kB)
2025-08-20T16:16:06.5484966Z Using cached httpx-0.28.1-py3-none-any.whl (73 kB)
2025-08-20T16:16:06.5496934Z Using cached mypy-1.17.1-cp312-cp312-manylinux2014_x86_64.manylinux_2_17_x86_64.manylinux_2_28_x86_64.whl (12.7 MB)
2025-08-20T16:16:06.5596955Z Using cached numpy-1.26.4-cp312-cp312-manylinux_2_17_x86_64.manylinux2014_x86_64.whl (18.0 MB)
2025-08-20T16:16:06.5734318Z Using cached pandas-2.2.3-cp312-cp312-manylinux_2_17_x86_64.manylinux2014_x86_64.whl (12.7 MB)
2025-08-20T16:16:06.5835189Z Using cached pandera-0.19.3-py3-none-any.whl (251 kB)
2025-08-20T16:16:06.5847944Z Using cached billiard-4.2.1-py3-none-any.whl (86 kB)
2025-08-20T16:16:06.5860343Z Using cached charset_normalizer-3.4.3-cp312-cp312-manylinux2014_x86_64.manylinux_2_17_x86_64.manylinux_2_28_x86_64.whl (151 kB)
2025-08-20T16:16:06.5872275Z Using cached click-8.2.1-py3-none-any.whl (102 kB)
2025-08-20T16:16:06.5884165Z Using cached databind.core-4.5.2-py3-none-any.whl (1.5 kB)
2025-08-20T16:16:06.5895167Z Using cached databind-4.5.2-py3-none-any.whl (49 kB)
2025-08-20T16:16:06.5906490Z Using cached databind.json-4.5.2-py3-none-any.whl (1.5 kB)
2025-08-20T16:16:06.5917854Z Using cached Deprecated-1.2.18-py2.py3-none-any.whl (10.0 kB)
2025-08-20T16:16:06.5929013Z Using cached httpcore-1.0.9-py3-none-any.whl (78 kB)
2025-08-20T16:16:06.5940556Z Using cached idna-3.10-py3-none-any.whl (70 kB)
2025-08-20T16:16:06.5952005Z Using cached kombu-5.5.4-py3-none-any.whl (210 kB)
2025-08-20T16:16:06.5964454Z Using cached vine-5.1.0-py3-none-any.whl (9.6 kB)
2025-08-20T16:16:06.5975400Z Using cached amqp-5.3.1-py3-none-any.whl (50 kB)
2025-08-20T16:16:06.5986712Z Using cached multimethod-1.10-py3-none-any.whl (9.9 kB)
2025-08-20T16:16:06.5997816Z Using cached nr_date-2.1.0-py3-none-any.whl (10 kB)
2025-08-20T16:16:06.6008934Z Using cached nr_stream-1.1.5-py3-none-any.whl (10 kB)
2025-08-20T16:16:06.6019991Z Using cached nr.util-0.8.12-py3-none-any.whl (90 kB)
2025-08-20T16:16:06.6031585Z Using cached pytest-8.4.1-py3-none-any.whl (365 kB)
2025-08-20T16:16:06.6045044Z Using cached pluggy-1.6.0-py3-none-any.whl (20 kB)
2025-08-20T16:16:06.6056516Z Using cached PyYAML-6.0.2-cp312-cp312-manylinux_2_17_x86_64.manylinux2014_x86_64.whl (767 kB)
2025-08-20T16:16:06.6073037Z Using cached starlette-0.47.2-py3-none-any.whl (72 kB)
2025-08-20T16:16:06.6084598Z Using cached anyio-4.10.0-py3-none-any.whl (107 kB)
2025-08-20T16:16:06.6096478Z Using cached tomli-2.2.1-cp312-cp312-manylinux_2_17_x86_64.manylinux2014_x86_64.whl (242 kB)
2025-08-20T16:16:06.6109206Z Using cached tomli_w-1.2.0-py3-none-any.whl (6.7 kB)
2025-08-20T16:16:06.6120160Z Using cached typeapi-2.2.4-py3-none-any.whl (26 kB)
2025-08-20T16:16:06.6131537Z Using cached typing_extensions-4.14.1-py3-none-any.whl (43 kB)
2025-08-20T16:16:06.6142959Z Using cached urllib3-2.5.0-py3-none-any.whl (129 kB)
2025-08-20T16:16:06.6155207Z Using cached wrapt-1.17.3-cp312-cp312-manylinux1_x86_64.manylinux_2_28_x86_64.manylinux_2_5_x86_64.whl (88 kB)
2025-08-20T16:16:06.6186529Z Downloading boto3-1.40.13-py3-none-any.whl (140 kB)
2025-08-20T16:16:06.6320914Z Downloading botocore-1.40.13-py3-none-any.whl (14.0 MB)
2025-08-20T16:16:06.7146034Z    ━━━━━━━━━━━━━━━━━━━━━━━━━━━━━━━━━━━━━━━━ 14.0/14.0 MB 178.4 MB/s  0:00:00
2025-08-20T16:16:06.7158848Z Using cached jmespath-1.0.1-py3-none-any.whl (20 kB)
2025-08-20T16:16:06.7170174Z Using cached python_dateutil-2.9.0.post0-py2.py3-none-any.whl (229 kB)
2025-08-20T16:16:06.7182438Z Using cached s3transfer-0.13.1-py3-none-any.whl (85 kB)
2025-08-20T16:16:06.7194004Z Using cached itsdangerous-2.2.0-py3-none-any.whl (16 kB)
2025-08-20T16:16:06.7204814Z Using cached setuptools-80.9.0-py3-none-any.whl (1.2 MB)
2025-08-20T16:16:06.7224153Z Using cached python_dotenv-1.1.1-py3-none-any.whl (20 kB)
2025-08-20T16:16:06.7235243Z Using cached python_multipart-0.0.20-py3-none-any.whl (24 kB)
2025-08-20T16:16:06.7246237Z Using cached annotated_types-0.7.0-py3-none-any.whl (13 kB)
2025-08-20T16:16:06.7257027Z Using cached certifi-2025.8.3-py3-none-any.whl (161 kB)
2025-08-20T16:16:06.7269071Z Using cached click_didyoumean-0.3.1-py3-none-any.whl (3.6 kB)
2025-08-20T16:16:06.7279563Z Using cached click_plugins-1.1.1.2-py2.py3-none-any.whl (11 kB)
2025-08-20T16:16:06.7290567Z Using cached click_repl-0.3.0-py3-none-any.whl (10 kB)
2025-08-20T16:16:06.7301915Z Using cached coverage-7.10.4-cp312-cp312-manylinux1_x86_64.manylinux_2_28_x86_64.manylinux_2_5_x86_64.whl (251 kB)
2025-08-20T16:16:06.7313684Z Using cached email_validator-2.2.0-py3-none-any.whl (33 kB)
2025-08-20T16:16:06.7324494Z Using cached dnspython-2.7.0-py3-none-any.whl (313 kB)
2025-08-20T16:16:06.7337178Z Using cached fastapi_cli-0.0.8-py3-none-any.whl (10 kB)
2025-08-20T16:16:06.7347998Z Using cached fastapi_cloud_cli-0.1.5-py3-none-any.whl (18 kB)
2025-08-20T16:16:06.7359161Z Using cached greenlet-3.2.4-cp312-cp312-manylinux_2_24_x86_64.manylinux_2_28_x86_64.whl (607 kB)
2025-08-20T16:16:06.7373579Z Using cached h11-0.16.0-py3-none-any.whl (37 kB)
2025-08-20T16:16:06.7384493Z Using cached iniconfig-2.1.0-py3-none-any.whl (6.0 kB)
2025-08-20T16:16:06.7395618Z Using cached MarkupSafe-3.0.2-cp312-cp312-manylinux_2_17_x86_64.manylinux2014_x86_64.whl (23 kB)
2025-08-20T16:16:06.7405950Z Using cached mirakuru-2.6.1-py3-none-any.whl (26 kB)
2025-08-20T16:16:06.7417035Z Using cached orjson-3.11.2-cp312-cp312-manylinux_2_17_x86_64.manylinux2014_x86_64.whl (121 kB)
2025-08-20T16:16:06.7428760Z Using cached packaging-25.0-py3-none-any.whl (66 kB)
2025-08-20T16:16:06.7439486Z Using cached pathspec-0.12.1-py3-none-any.whl (31 kB)
2025-08-20T16:16:06.7450626Z Using cached platformdirs-4.3.8-py3-none-any.whl (18 kB)
2025-08-20T16:16:06.7461288Z Using cached port_for-0.7.4-py3-none-any.whl (21 kB)
2025-08-20T16:16:06.7472069Z Using cached prompt_toolkit-3.0.51-py3-none-any.whl (387 kB)
2025-08-20T16:16:06.7486043Z Using cached psutil-7.0.0-cp36-abi3-manylinux_2_12_x86_64.manylinux2010_x86_64.manylinux_2_17_x86_64.manylinux2014_x86_64.whl (277 kB)
2025-08-20T16:16:06.7498810Z Using cached pydantic_extra_types-2.10.5-py3-none-any.whl (38 kB)
2025-08-20T16:16:06.7509797Z Using cached pydantic_settings-2.10.1-py3-none-any.whl (45 kB)
2025-08-20T16:16:06.7520847Z Using cached pygments-2.19.2-py3-none-any.whl (1.2 MB)
2025-08-20T16:16:06.7540358Z Using cached pytz-2025.2-py2.py3-none-any.whl (509 kB)
2025-08-20T16:16:06.7554527Z Using cached rich_toolkit-0.15.0-py3-none-any.whl (29 kB)
2025-08-20T16:16:06.7565413Z Using cached rich-14.1.0-py3-none-any.whl (243 kB)
2025-08-20T16:16:06.7578011Z Using cached markdown_it_py-4.0.0-py3-none-any.whl (87 kB)
2025-08-20T16:16:06.7589266Z Using cached mdurl-0.1.2-py3-none-any.whl (10.0 kB)
2025-08-20T16:16:06.7600335Z Using cached rignore-0.6.4-cp312-cp312-manylinux_2_17_x86_64.manylinux2014_x86_64.whl (949 kB)
2025-08-20T16:16:06.7618072Z Using cached sentry_sdk-2.35.0-py2.py3-none-any.whl (363 kB)
2025-08-20T16:16:06.7631059Z Using cached six-1.17.0-py2.py3-none-any.whl (11 kB)
2025-08-20T16:16:06.7641925Z Using cached sniffio-1.3.1-py3-none-any.whl (10 kB)
2025-08-20T16:16:06.7652689Z Using cached typer-0.16.1-py3-none-any.whl (46 kB)
2025-08-20T16:16:06.7663713Z Using cached shellingham-1.5.4-py2.py3-none-any.whl (9.8 kB)
2025-08-20T16:16:06.7674337Z Using cached typing_inspect-0.9.0-py3-none-any.whl (8.8 kB)
2025-08-20T16:16:06.7685203Z Using cached typing_inspection-0.4.1-py3-none-any.whl (14 kB)
2025-08-20T16:16:06.7696039Z Using cached tzdata-2025.2-py2.py3-none-any.whl (347 kB)
2025-08-20T16:16:06.7709337Z Using cached tzlocal-5.3.1-py3-none-any.whl (18 kB)
2025-08-20T16:16:06.7740577Z Downloading ujson-5.11.0-cp312-cp312-manylinux_2_24_x86_64.manylinux_2_28_x86_64.whl (57 kB)
2025-08-20T16:16:06.7771298Z Using cached uvicorn-0.35.0-py3-none-any.whl (66 kB)
2025-08-20T16:16:06.7783288Z Using cached httptools-0.6.4-cp312-cp312-manylinux_2_5_x86_64.manylinux1_x86_64.manylinux_2_17_x86_64.manylinux2014_x86_64.whl (510 kB)
2025-08-20T16:16:06.7798232Z Using cached uvloop-0.21.0-cp312-cp312-manylinux_2_17_x86_64.manylinux2014_x86_64.whl (4.7 MB)
2025-08-20T16:16:06.7842947Z Using cached watchfiles-1.1.0-cp312-cp312-manylinux_2_17_x86_64.manylinux2014_x86_64.whl (452 kB)
2025-08-20T16:16:06.7857264Z Using cached websockets-15.0.1-cp312-cp312-manylinux_2_5_x86_64.manylinux1_x86_64.manylinux_2_17_x86_64.manylinux2014_x86_64.whl (182 kB)
2025-08-20T16:16:06.7869300Z Using cached yapf-0.43.0-py3-none-any.whl (256 kB)
2025-08-20T16:16:06.7881870Z Using cached argon2_cffi-25.1.0-py3-none-any.whl (14 kB)
2025-08-20T16:16:06.7893233Z Using cached argon2_cffi_bindings-25.1.0-cp39-abi3-manylinux_2_26_x86_64.manylinux_2_28_x86_64.whl (87 kB)
2025-08-20T16:16:06.7904622Z Using cached cffi-1.17.1-cp312-cp312-manylinux_2_17_x86_64.manylinux2014_x86_64.whl (479 kB)
2025-08-20T16:16:06.7918638Z Using cached docker-7.1.0-py3-none-any.whl (147 kB)
2025-08-20T16:16:06.7930463Z Using cached et_xmlfile-2.0.0-py3-none-any.whl (18 kB)
2025-08-20T16:16:06.7941357Z Using cached mako-1.3.10-py3-none-any.whl (78 kB)
2025-08-20T16:16:06.7952609Z Using cached pycparser-2.22-py3-none-any.whl (117 kB)
2025-08-20T16:16:06.7964560Z Using cached pycryptodome-3.23.0-cp37-abi3-manylinux_2_17_x86_64.manylinux2014_x86_64.whl (2.3 MB)
2025-08-20T16:16:06.7991148Z Using cached typeguard-4.4.4-py3-none-any.whl (34 kB)
2025-08-20T16:16:06.8002232Z Using cached watchdog-6.0.0-py3-none-manylinux2014_x86_64.whl (79 kB)
2025-08-20T16:16:06.8013412Z Using cached wcwidth-0.2.13-py2.py3-none-any.whl (34 kB)
2025-08-20T16:16:07.2769306Z Installing collected packages: wcwidth, pytz, wrapt, websockets, watchdog, vine, uvloop, urllib3, ujson, tzlocal, tzdata, typing-extensions, tomli_w, tomli, structlog, sniffio, six, shellingham, setuptools, ruff, rignore, redis, PyYAML, python-multipart, python-dotenv, pygments, pycryptodome, pycparser, psycopg2-binary, psycopg-binary, psutil, prompt-toolkit, port-for, pluggy, platformdirs, pathspec, packaging, orjson, numpy, nr-stream, nr-date, mypy-extensions, multimethod, mdurl, MarkupSafe, jmespath, itsdangerous, iniconfig, imapclient, idna, httptools, h11, greenlet, et-xmlfile, docstring-parser, dnspython, coverage, click, charset_normalizer, certifi, billiard, asyncpg, annotated-types, yapf, uvicorn, typing-inspection, typing-inspect, types-requests, typeguard, typeapi, sqlalchemy, sentry-sdk, requests, python-dateutil, pytest, pydantic-core, psycopg, openpyxl, mypy, mirakuru, markdown-it-py, Mako, Jinja2, httpcore, email-validator, Deprecated, click-repl, click-plugins, click-didyoumean, cffi, black, apscheduler, anyio, amqp, watchfiles, starlette, rich, pytest-postgresql, pytest-cov, pytest-asyncio, pydantic, pandas, nr-util, kombu, httpx, docker, databind, botocore, argon2-cffi-bindings, alembic, typer, testcontainers, s3transfer, rich-toolkit, respx, python-telegram-bot, pydantic-settings, pydantic-extra-types, pandera, fastapi, databind.json, databind.core, celery, asgi-correlation-id, argon2-cffi, minio, fastapi-limiter, fastapi-cloud-cli, fastapi-cli, docspec, boto3, docspec-python, pydoc-markdown
2025-08-20T16:16:26.0735778Z 
2025-08-20T16:16:26.0865949Z Successfully installed Deprecated-1.2.18 Jinja2-3.1.6 Mako-1.3.10 MarkupSafe-3.0.2 PyYAML-6.0.2 alembic-1.13.1 amqp-5.3.1 annotated-types-0.7.0 anyio-4.10.0 apscheduler-3.10.4 argon2-cffi-25.1.0 argon2-cffi-bindings-25.1.0 asgi-correlation-id-4.3.1 asyncpg-0.30.0 billiard-4.2.1 black-25.1.0 boto3-1.40.13 botocore-1.40.13 celery-5.5.3 certifi-2025.8.3 cffi-1.17.1 charset_normalizer-3.4.3 click-8.2.1 click-didyoumean-0.3.1 click-plugins-1.1.1.2 click-repl-0.3.0 coverage-7.10.4 databind-4.5.2 databind.core-4.5.2 databind.json-4.5.2 dnspython-2.7.0 docker-7.1.0 docspec-2.2.1 docspec-python-2.2.2 docstring-parser-0.11 email-validator-2.2.0 et-xmlfile-2.0.0 fastapi-0.116.1 fastapi-cli-0.0.8 fastapi-cloud-cli-0.1.5 fastapi-limiter-0.1.6 greenlet-3.2.4 h11-0.16.0 httpcore-1.0.9 httptools-0.6.4 httpx-0.28.1 idna-3.10 imapclient-3.0.1 iniconfig-2.1.0 itsdangerous-2.2.0 jmespath-1.0.1 kombu-5.5.4 markdown-it-py-4.0.0 mdurl-0.1.2 minio-7.2.16 mirakuru-2.6.1 multimethod-1.10 mypy-1.17.1 mypy-extensions-1.1.0 nr-date-2.1.0 nr-stream-1.1.5 nr-util-0.8.12 numpy-1.26.4 openpyxl-3.1.5 orjson-3.11.2 packaging-25.0 pandas-2.2.3 pandera-0.19.3 pathspec-0.12.1 platformdirs-4.3.8 pluggy-1.6.0 port-for-0.7.4 prompt-toolkit-3.0.51 psutil-7.0.0 psycopg-3.2.9 psycopg-binary-3.2.9 psycopg2-binary-2.9.10 pycparser-2.22 pycryptodome-3.23.0 pydantic-2.11.7 pydantic-core-2.33.2 pydantic-extra-types-2.10.5 pydantic-settings-2.10.1 pydoc-markdown-4.8.2 pygments-2.19.2 pytest-8.4.1 pytest-asyncio-0.23.6 pytest-cov-6.2.1 pytest-postgresql-7.0.2 python-dateutil-2.9.0.post0 python-dotenv-1.1.1 python-multipart-0.0.20 python-telegram-bot-22.3 pytz-2025.2 redis-6.4.0 requests-2.32.4 respx-0.22.0 rich-14.1.0 rich-toolkit-0.15.0 rignore-0.6.4 ruff-0.4.4 s3transfer-0.13.1 sentry-sdk-2.35.0 setuptools-80.9.0 shellingham-1.5.4 six-1.17.0 sniffio-1.3.1 sqlalchemy-2.0.43 starlette-0.47.2 structlog-24.1.0 testcontainers-4.10.0 tomli-2.2.1 tomli_w-1.2.0 typeapi-2.2.4 typeguard-4.4.4 typer-0.16.1 types-requests-2.32.4.20250809 typing-extensions-4.14.1 typing-inspect-0.9.0 typing-inspection-0.4.1 tzdata-2025.2 tzlocal-5.3.1 ujson-5.11.0 urllib3-2.5.0 uvicorn-0.35.0 uvloop-0.21.0 vine-5.1.0 watchdog-6.0.0 watchfiles-1.1.0 wcwidth-0.2.13 websockets-15.0.1 wrapt-1.17.3 yapf-0.43.0
2025-08-20T16:16:27.3459144Z Collecting keepa==1.3.15
2025-08-20T16:16:27.3472614Z   Using cached keepa-1.3.15-py3-none-any.whl.metadata (11 kB)
2025-08-20T16:16:27.3737217Z Collecting minio==7.1.15
2025-08-20T16:16:27.3749223Z   Using cached minio-7.1.15-py3-none-any.whl.metadata (4.2 kB)
2025-08-20T16:16:27.3775996Z Requirement already satisfied: numpy>=1.9.3 in /opt/hostedtoolcache/Python/3.12.11/x64/lib/python3.12/site-packages (from keepa==1.3.15) (1.26.4)
2025-08-20T16:16:27.3781314Z Requirement already satisfied: requests>=2.2 in /opt/hostedtoolcache/Python/3.12.11/x64/lib/python3.12/site-packages (from keepa==1.3.15) (2.32.4)
2025-08-20T16:16:27.4087222Z Collecting tqdm (from keepa==1.3.15)
2025-08-20T16:16:27.4098940Z   Using cached tqdm-4.67.1-py3-none-any.whl.metadata (57 kB)
2025-08-20T16:16:27.8889206Z Collecting aiohttp (from keepa==1.3.15)
2025-08-20T16:16:27.8903289Z   Using cached aiohttp-3.12.15-cp312-cp312-manylinux_2_17_x86_64.manylinux2014_x86_64.whl.metadata (7.7 kB)
2025-08-20T16:16:27.8938148Z Requirement already satisfied: pandas<=3.0 in /opt/hostedtoolcache/Python/3.12.11/x64/lib/python3.12/site-packages (from keepa==1.3.15) (2.2.3)
2025-08-20T16:16:27.8942541Z Requirement already satisfied: pydantic in /opt/hostedtoolcache/Python/3.12.11/x64/lib/python3.12/site-packages (from keepa==1.3.15) (2.11.7)
2025-08-20T16:16:27.8950976Z Requirement already satisfied: certifi in /opt/hostedtoolcache/Python/3.12.11/x64/lib/python3.12/site-packages (from minio==7.1.15) (2025.8.3)
2025-08-20T16:16:27.8954761Z Requirement already satisfied: urllib3 in /opt/hostedtoolcache/Python/3.12.11/x64/lib/python3.12/site-packages (from minio==7.1.15) (2.5.0)
2025-08-20T16:16:27.9010810Z Requirement already satisfied: python-dateutil>=2.8.2 in /opt/hostedtoolcache/Python/3.12.11/x64/lib/python3.12/site-packages (from pandas<=3.0->keepa==1.3.15) (2.9.0.post0)
2025-08-20T16:16:27.9016507Z Requirement already satisfied: pytz>=2020.1 in /opt/hostedtoolcache/Python/3.12.11/x64/lib/python3.12/site-packages (from pandas<=3.0->keepa==1.3.15) (2025.2)
2025-08-20T16:16:27.9022434Z Requirement already satisfied: tzdata>=2022.7 in /opt/hostedtoolcache/Python/3.12.11/x64/lib/python3.12/site-packages (from pandas<=3.0->keepa==1.3.15) (2025.2)
2025-08-20T16:16:27.9147780Z Requirement already satisfied: six>=1.5 in /opt/hostedtoolcache/Python/3.12.11/x64/lib/python3.12/site-packages (from python-dateutil>=2.8.2->pandas<=3.0->keepa==1.3.15) (1.17.0)
2025-08-20T16:16:27.9167854Z Requirement already satisfied: charset_normalizer<4,>=2 in /opt/hostedtoolcache/Python/3.12.11/x64/lib/python3.12/site-packages (from requests>=2.2->keepa==1.3.15) (3.4.3)
2025-08-20T16:16:27.9174845Z Requirement already satisfied: idna<4,>=2.5 in /opt/hostedtoolcache/Python/3.12.11/x64/lib/python3.12/site-packages (from requests>=2.2->keepa==1.3.15) (3.10)
2025-08-20T16:16:27.9362687Z Collecting aiohappyeyeballs>=2.5.0 (from aiohttp->keepa==1.3.15)
2025-08-20T16:16:27.9374743Z   Using cached aiohappyeyeballs-2.6.1-py3-none-any.whl.metadata (5.9 kB)
2025-08-20T16:16:27.9455821Z Collecting aiosignal>=1.4.0 (from aiohttp->keepa==1.3.15)
2025-08-20T16:16:27.9466881Z   Using cached aiosignal-1.4.0-py3-none-any.whl.metadata (3.7 kB)
2025-08-20T16:16:27.9599898Z Collecting attrs>=17.3.0 (from aiohttp->keepa==1.3.15)
2025-08-20T16:16:27.9611005Z   Using cached attrs-25.3.0-py3-none-any.whl.metadata (10 kB)
2025-08-20T16:16:28.0273565Z Collecting frozenlist>=1.1.1 (from aiohttp->keepa==1.3.15)
2025-08-20T16:16:28.0285767Z   Using cached frozenlist-1.7.0-cp312-cp312-manylinux_2_5_x86_64.manylinux1_x86_64.manylinux_2_17_x86_64.manylinux2014_x86_64.whl.metadata (18 kB)
2025-08-20T16:16:28.2666435Z Collecting multidict<7.0,>=4.5 (from aiohttp->keepa==1.3.15)
2025-08-20T16:16:28.2680364Z   Using cached multidict-6.6.4-cp312-cp312-manylinux2014_x86_64.manylinux_2_17_x86_64.manylinux_2_28_x86_64.whl.metadata (5.3 kB)
2025-08-20T16:16:28.3092627Z Collecting propcache>=0.2.0 (from aiohttp->keepa==1.3.15)
2025-08-20T16:16:28.3105538Z   Using cached propcache-0.3.2-cp312-cp312-manylinux_2_17_x86_64.manylinux2014_x86_64.whl.metadata (12 kB)
2025-08-20T16:16:28.5422792Z Collecting yarl<2.0,>=1.17.0 (from aiohttp->keepa==1.3.15)
2025-08-20T16:16:28.5436843Z   Using cached yarl-1.20.1-cp312-cp312-manylinux_2_17_x86_64.manylinux2014_x86_64.whl.metadata (73 kB)
2025-08-20T16:16:28.5649615Z Requirement already satisfied: typing-extensions>=4.2 in /opt/hostedtoolcache/Python/3.12.11/x64/lib/python3.12/site-packages (from aiosignal>=1.4.0->aiohttp->keepa==1.3.15) (4.14.1)
2025-08-20T16:16:28.5698577Z Requirement already satisfied: annotated-types>=0.6.0 in /opt/hostedtoolcache/Python/3.12.11/x64/lib/python3.12/site-packages (from pydantic->keepa==1.3.15) (0.7.0)
2025-08-20T16:16:28.5705184Z Requirement already satisfied: pydantic-core==2.33.2 in /opt/hostedtoolcache/Python/3.12.11/x64/lib/python3.12/site-packages (from pydantic->keepa==1.3.15) (2.33.2)
2025-08-20T16:16:28.5713215Z Requirement already satisfied: typing-inspection>=0.4.0 in /opt/hostedtoolcache/Python/3.12.11/x64/lib/python3.12/site-packages (from pydantic->keepa==1.3.15) (0.4.1)
2025-08-20T16:16:28.5773791Z Using cached keepa-1.3.15-py3-none-any.whl (38 kB)
2025-08-20T16:16:28.5785404Z Using cached minio-7.1.15-py3-none-any.whl (77 kB)
2025-08-20T16:16:28.5797698Z Using cached aiohttp-3.12.15-cp312-cp312-manylinux_2_17_x86_64.manylinux2014_x86_64.whl (1.7 MB)
2025-08-20T16:16:28.5821360Z Using cached multidict-6.6.4-cp312-cp312-manylinux2014_x86_64.manylinux_2_17_x86_64.manylinux_2_28_x86_64.whl (256 kB)
2025-08-20T16:16:28.5834209Z Using cached yarl-1.20.1-cp312-cp312-manylinux_2_17_x86_64.manylinux2014_x86_64.whl (355 kB)
2025-08-20T16:16:28.5849384Z Using cached aiohappyeyeballs-2.6.1-py3-none-any.whl (15 kB)
2025-08-20T16:16:28.5860634Z Using cached aiosignal-1.4.0-py3-none-any.whl (7.5 kB)
2025-08-20T16:16:28.5871747Z Using cached attrs-25.3.0-py3-none-any.whl (63 kB)
2025-08-20T16:16:28.5883848Z Using cached frozenlist-1.7.0-cp312-cp312-manylinux_2_5_x86_64.manylinux1_x86_64.manylinux_2_17_x86_64.manylinux2014_x86_64.whl (241 kB)
2025-08-20T16:16:28.5896603Z Using cached propcache-0.3.2-cp312-cp312-manylinux_2_17_x86_64.manylinux2014_x86_64.whl (224 kB)
2025-08-20T16:16:28.5909155Z Using cached tqdm-4.67.1-py3-none-any.whl (78 kB)
2025-08-20T16:16:28.7700220Z Installing collected packages: tqdm, propcache, multidict, minio, frozenlist, attrs, aiohappyeyeballs, yarl, aiosignal, aiohttp, keepa
2025-08-20T16:16:28.8429890Z   Attempting uninstall: minio
2025-08-20T16:16:28.8478228Z     Found existing installation: minio 7.2.16
2025-08-20T16:16:28.8515097Z     Uninstalling minio-7.2.16:
2025-08-20T16:16:28.8525651Z       Successfully uninstalled minio-7.2.16
2025-08-20T16:16:29.2043954Z 
2025-08-20T16:16:29.2159313Z Successfully installed aiohappyeyeballs-2.6.1 aiohttp-3.12.15 aiosignal-1.4.0 attrs-25.3.0 frozenlist-1.7.0 keepa-1.3.15 minio-7.1.15 multidict-6.6.4 propcache-0.3.2 tqdm-4.67.1 yarl-1.20.1
2025-08-20T16:16:29.3872818Z ##[group]Run ruff check .
2025-08-20T16:16:29.3873099Z [36;1mruff check .[0m
2025-08-20T16:16:29.3873307Z [36;1mruff format --check .[0m
2025-08-20T16:16:29.3914769Z shell: /usr/bin/bash -e {0}
2025-08-20T16:16:29.3915011Z env:
2025-08-20T16:16:29.3915236Z   REDIS_URL: redis://localhost:6379/0
2025-08-20T16:16:29.3915535Z   RATE_LIMIT_DEFAULT: 100/minute
2025-08-20T16:16:29.3915781Z   TRUST_X_FORWARDED: 1
2025-08-20T16:16:29.3916005Z   PG_USER: postgres
2025-08-20T16:16:29.3916217Z   PG_PASSWORD: pass
2025-08-20T16:16:29.3916431Z   PG_DATABASE: awa
2025-08-20T16:16:29.3916634Z   PG_HOST: localhost
2025-08-20T16:16:29.3916840Z   PG_PORT: 5432
2025-08-20T16:16:29.3917688Z   PG_SYNC_DSN: ***localhost:5432/awa
2025-08-20T16:16:29.3918157Z   PG_ASYNC_DSN: ***localhost:5432/awa
2025-08-20T16:16:29.3918593Z   DATABASE_URL: ***localhost:5432/awa
2025-08-20T16:16:29.3918864Z   DATA_DIR: /tmp/awa-data
2025-08-20T16:16:29.3919087Z   ENABLE_LIVE: 0
2025-08-20T16:16:29.3919312Z   TESTING: 1
2025-08-20T16:16:29.3919574Z   pythonLocation: /opt/hostedtoolcache/Python/3.12.11/x64
2025-08-20T16:16:29.3920006Z   PKG_CONFIG_PATH: /opt/hostedtoolcache/Python/3.12.11/x64/lib/pkgconfig
2025-08-20T16:16:29.3920435Z   Python_ROOT_DIR: /opt/hostedtoolcache/Python/3.12.11/x64
2025-08-20T16:16:29.3920822Z   Python2_ROOT_DIR: /opt/hostedtoolcache/Python/3.12.11/x64
2025-08-20T16:16:29.3921201Z   Python3_ROOT_DIR: /opt/hostedtoolcache/Python/3.12.11/x64
2025-08-20T16:16:29.3921595Z   LD_LIBRARY_PATH: /opt/hostedtoolcache/Python/3.12.11/x64/lib
2025-08-20T16:16:29.3922098Z ##[endgroup]
2025-08-20T16:16:29.4202156Z All checks passed!
2025-08-20T16:16:29.4435255Z Would reformat: services/api/routes/score.py
2025-08-20T16:16:29.4435909Z Would reformat: services/common/config.py
2025-08-20T16:16:29.4436362Z Would reformat: services/common/dsn.py
2025-08-20T16:16:29.4436767Z Would reformat: services/logistics_etl/dsn.py
2025-08-20T16:16:29.4437632Z Would reformat: services/price_importer/services_common/dsn.py
2025-08-20T16:16:29.4438410Z 5 files would be reformatted, 248 files already formatted
2025-08-20T16:16:29.4462539Z ##[error]Process completed with exit code 1.
2025-08-20T16:16:29.4556154Z Post job cleanup.
2025-08-20T16:16:29.5492955Z [command]/usr/bin/git version
2025-08-20T16:16:29.5530153Z git version 2.50.1
2025-08-20T16:16:29.5580528Z Temporarily overriding HOME='/home/runner/work/_temp/9e443e65-6027-44f1-b201-00d6ee9662f2' before making global git config changes
2025-08-20T16:16:29.5582139Z Adding repository directory to the temporary git global config as a safe directory
2025-08-20T16:16:29.5587565Z [command]/usr/bin/git config --global --add safe.directory /home/runner/work/AWA-App/AWA-App
2025-08-20T16:16:29.5623572Z [command]/usr/bin/git config --local --name-only --get-regexp core\.sshCommand
2025-08-20T16:16:29.5671237Z [command]/usr/bin/git submodule foreach --recursive sh -c "git config --local --name-only --get-regexp 'core\.sshCommand' && git config --local --unset-all 'core.sshCommand' || :"
2025-08-20T16:16:29.5896139Z [command]/usr/bin/git config --local --name-only --get-regexp http\.https\:\/\/github\.com\/\.extraheader
2025-08-20T16:16:29.5919045Z http.https://github.com/.extraheader
2025-08-20T16:16:29.5934977Z [command]/usr/bin/git config --local --unset-all http.https://github.com/.extraheader
2025-08-20T16:16:29.5969942Z [command]/usr/bin/git submodule foreach --recursive sh -c "git config --local --name-only --get-regexp 'http\.https\:\/\/github\.com\/\.extraheader' && git config --local --unset-all 'http.https://github.com/.extraheader' || :"
2025-08-20T16:16:29.6320323Z Print service container logs: 22531502339d4d0c8a556d067450a3be_postgres15_5cb581
2025-08-20T16:16:29.6325026Z ##[command]/usr/bin/docker logs --details 7d4bca8aa7931502bef0e5eb99483ed6238728318815701284a9e5c847c3f0e2
2025-08-20T16:16:29.6447661Z  The files belonging to this database system will be owned by user "postgres".
2025-08-20T16:16:29.6448397Z  This user must also own the server process.
2025-08-20T16:16:29.6448831Z  
2025-08-20T16:16:29.6449265Z  The database cluster will be initialized with locale "en_US.utf8".
2025-08-20T16:16:29.6449948Z  The default database encoding has accordingly been set to "UTF8".
2025-08-20T16:16:29.6450618Z  The default text search configuration will be set to "english".
2025-08-20T16:16:29.6451024Z  
2025-08-20T16:16:29.6451205Z  Data page checksums are disabled.
2025-08-20T16:16:29.6451446Z  
2025-08-20T16:16:29.6451728Z  fixing permissions on existing directory /var/lib/postgresql/data ... ok
2025-08-20T16:16:29.6452175Z  creating subdirectories ... ok
2025-08-20T16:16:29.6452492Z  selecting dynamic shared memory implementation ... posix
2025-08-20T16:16:29.6453716Z  initdb: warning: enabling "trust" authentication for local connections
2025-08-20T16:16:29.6454407Z  initdb: hint: You can change this by editing pg_hba.conf or using the option -A, or --auth-local and --auth-host, the next time you run initdb.
2025-08-20T16:16:29.6455276Z  2025-08-20 16:15:46.464 UTC [1] LOG:  starting PostgreSQL 15.14 (Debian 15.14-1.pgdg13+1) on x86_64-pc-linux-gnu, compiled by gcc (Debian 14.2.0-19) 14.2.0, 64-bit
2025-08-20T16:16:29.6455926Z  2025-08-20 16:15:46.464 UTC [1] LOG:  listening on IPv4 address "0.0.0.0", port 5432
2025-08-20T16:16:29.6456352Z  2025-08-20 16:15:46.464 UTC [1] LOG:  listening on IPv6 address "::", port 5432
2025-08-20T16:16:29.6456820Z  2025-08-20 16:15:46.465 UTC [1] LOG:  listening on Unix socket "/var/run/postgresql/.s.PGSQL.5432"
2025-08-20T16:16:29.6457332Z  2025-08-20 16:15:46.468 UTC [65] LOG:  database system was shut down at 2025-08-20 16:15:46 UTC
2025-08-20T16:16:29.6458405Z  2025-08-20 16:15:46.471 UTC [1] LOG:  database system is ready to accept connections
2025-08-20T16:16:29.6458780Z  selecting default max_connections ... 100
2025-08-20T16:16:29.6459065Z  selecting default shared_buffers ... 128MB
2025-08-20T16:16:29.6459334Z  selecting default time zone ... Etc/UTC
2025-08-20T16:16:29.6459603Z  creating configuration files ... ok
2025-08-20T16:16:29.6459865Z  running bootstrap script ... ok
2025-08-20T16:16:29.6460148Z  performing post-bootstrap initialization ... ok
2025-08-20T16:16:29.6460442Z  syncing data to disk ... ok
2025-08-20T16:16:29.6460660Z  
2025-08-20T16:16:29.6460816Z  
2025-08-20T16:16:29.6461121Z  Success. You can now start the database server using:
2025-08-20T16:16:29.6461766Z  
2025-08-20T16:16:29.6462120Z      pg_ctl -D /var/lib/postgresql/data -l logfile start
2025-08-20T16:16:29.6462452Z  
2025-08-20T16:16:29.6463012Z  waiting for server to start....2025-08-20 16:15:46.116 UTC [49] LOG:  starting PostgreSQL 15.14 (Debian 15.14-1.pgdg13+1) on x86_64-pc-linux-gnu, compiled by gcc (Debian 14.2.0-19) 14.2.0, 64-bit
2025-08-20T16:16:29.6463751Z  2025-08-20 16:15:46.116 UTC [49] LOG:  listening on Unix socket "/var/run/postgresql/.s.PGSQL.5432"
2025-08-20T16:16:29.6464231Z  2025-08-20 16:15:46.119 UTC [52] LOG:  database system was shut down at 2025-08-20 16:15:46 UTC
2025-08-20T16:16:29.6464664Z  2025-08-20 16:15:46.135 UTC [49] LOG:  database system is ready to accept connections
2025-08-20T16:16:29.6464983Z   done
2025-08-20T16:16:29.6465144Z  server started
2025-08-20T16:16:29.6465316Z  CREATE DATABASE
2025-08-20T16:16:29.6465489Z  
2025-08-20T16:16:29.6465632Z  
2025-08-20T16:16:29.6465920Z  /usr/local/bin/docker-entrypoint.sh: ignoring /docker-entrypoint-initdb.d/*
2025-08-20T16:16:29.6466272Z  
2025-08-20T16:16:29.6466488Z  2025-08-20 16:15:46.341 UTC [49] LOG:  received fast shutdown request
2025-08-20T16:16:29.6467152Z  waiting for server to shut down....2025-08-20 16:15:46.341 UTC [49] LOG:  aborting any active transactions
2025-08-20T16:16:29.6468110Z  2025-08-20 16:15:46.343 UTC [49] LOG:  background worker "logical replication launcher" (PID 55) exited with exit code 1
2025-08-20T16:16:29.6468564Z  2025-08-20 16:15:46.344 UTC [50] LOG:  shutting down
2025-08-20T16:16:29.6468903Z  2025-08-20 16:15:46.344 UTC [50] LOG:  checkpoint starting: shutdown immediate
2025-08-20T16:16:29.6469718Z  2025-08-20 16:15:46.365 UTC [50] LOG:  checkpoint complete: wrote 922 buffers (5.6%); 0 WAL file(s) added, 0 removed, 0 recycled; write=0.018 s, sync=0.002 s, total=0.022 s; sync files=301, longest=0.001 s, average=0.001 s; distance=4239 kB, estimate=4239 kB
2025-08-20T16:16:29.6470497Z  2025-08-20 16:15:46.372 UTC [49] LOG:  database system is shut down
2025-08-20T16:16:29.6470775Z   done
2025-08-20T16:16:29.6470930Z  server stopped
2025-08-20T16:16:29.6471101Z  
2025-08-20T16:16:29.6471312Z  PostgreSQL init process complete; ready for start up.
2025-08-20T16:16:29.6471590Z  
2025-08-20T16:16:29.6476960Z Stop and remove container: 22531502339d4d0c8a556d067450a3be_postgres15_5cb581
2025-08-20T16:16:29.6481731Z ##[command]/usr/bin/docker rm --force 7d4bca8aa7931502bef0e5eb99483ed6238728318815701284a9e5c847c3f0e2
2025-08-20T16:16:30.3733181Z 7d4bca8aa7931502bef0e5eb99483ed6238728318815701284a9e5c847c3f0e2
2025-08-20T16:16:30.3756026Z Print service container logs: 8324a0f3f8b74cd8ab438e51a329f2e4_redis7alpine_452f99
2025-08-20T16:16:30.3757910Z ##[command]/usr/bin/docker logs --details 60e6f6e4d1c47b76a50fcf49827753ad991f6ea2e7e37a33fe6abf4135b706a4
2025-08-20T16:16:30.3884793Z  1:C 20 Aug 2025 16:15:46.540 # WARNING Memory overcommit must be enabled! Without it, a background save or replication may fail under low memory condition. Being disabled, it can also cause failures without low memory condition, see https://github.com/jemalloc/jemalloc/issues/1328. To fix this issue add 'vm.overcommit_memory = 1' to /etc/sysctl.conf and then reboot or run the command 'sysctl vm.overcommit_memory=1' for this to take effect.
2025-08-20T16:16:30.3886745Z  1:C 20 Aug 2025 16:15:46.540 * oO0OoO0OoO0Oo Redis is starting oO0OoO0OoO0Oo
2025-08-20T16:16:30.3887260Z  1:C 20 Aug 2025 16:15:46.540 * Redis version=7.4.5, bits=64, commit=00000000, modified=0, pid=1, just started
2025-08-20T16:16:30.3888415Z  1:C 20 Aug 2025 16:15:46.540 # Warning: no config file specified, using the default config. In order to specify a config file use redis-server /path/to/redis.conf
2025-08-20T16:16:30.3889109Z  1:M 20 Aug 2025 16:15:46.540 * monotonic clock: POSIX clock_gettime
2025-08-20T16:16:30.3889499Z  1:M 20 Aug 2025 16:15:46.541 * Running mode=standalone, port=6379.
2025-08-20T16:16:30.3889847Z  1:M 20 Aug 2025 16:15:46.541 * Server initialized
2025-08-20T16:16:30.3890197Z  1:M 20 Aug 2025 16:15:46.541 * Ready to accept connections tcp
2025-08-20T16:16:30.3898470Z Stop and remove container: 8324a0f3f8b74cd8ab438e51a329f2e4_redis7alpine_452f99
2025-08-20T16:16:30.3899183Z ##[command]/usr/bin/docker rm --force 60e6f6e4d1c47b76a50fcf49827753ad991f6ea2e7e37a33fe6abf4135b706a4
2025-08-20T16:16:30.5031756Z 60e6f6e4d1c47b76a50fcf49827753ad991f6ea2e7e37a33fe6abf4135b706a4
2025-08-20T16:16:30.5054198Z Remove container network: github_network_7e95201ee84e4508a0ec60d8117e2b2b
2025-08-20T16:16:30.5059202Z ##[command]/usr/bin/docker network rm github_network_7e95201ee84e4508a0ec60d8117e2b2b
2025-08-20T16:16:30.6173487Z github_network_7e95201ee84e4508a0ec60d8117e2b2b
2025-08-20T16:16:30.6234278Z Cleaning up orphan processes
