2025-08-22T09:23:09.8644267Z Current runner version: '2.328.0'
2025-08-22T09:23:09.8672385Z ##[group]Runner Image Provisioner
2025-08-22T09:23:09.8673169Z Hosted Compute Agent
2025-08-22T09:23:09.8673777Z Version: 20250821.380
2025-08-22T09:23:09.8674423Z Commit: 438d12cb4fe092871db9867344e3bc0bc5319035
2025-08-22T09:23:09.8675164Z Build Date: 2025-08-21T20:49:43Z
2025-08-22T09:23:09.8675762Z ##[endgroup]
2025-08-22T09:23:09.8676552Z ##[group]Operating System
2025-08-22T09:23:09.8677103Z Ubuntu
2025-08-22T09:23:09.8677645Z 24.04.2
2025-08-22T09:23:09.8678106Z LTS
2025-08-22T09:23:09.8678602Z ##[endgroup]
2025-08-22T09:23:09.8679041Z ##[group]Runner Image
2025-08-22T09:23:09.8679644Z Image: ubuntu-24.04
2025-08-22T09:23:09.8680158Z Version: 20250818.1.0
2025-08-22T09:23:09.8681422Z Included Software: https://github.com/actions/runner-images/blob/ubuntu24/20250818.1/images/ubuntu/Ubuntu2404-Readme.md
2025-08-22T09:23:09.8682996Z Image Release: https://github.com/actions/runner-images/releases/tag/ubuntu24%2F20250818.1
2025-08-22T09:23:09.8684024Z ##[endgroup]
2025-08-22T09:23:09.8686636Z ##[group]GITHUB_TOKEN Permissions
2025-08-22T09:23:09.8688846Z Actions: write
2025-08-22T09:23:09.8689489Z Attestations: write
2025-08-22T09:23:09.8690031Z Checks: write
2025-08-22T09:23:09.8690494Z Contents: write
2025-08-22T09:23:09.8691058Z Deployments: write
2025-08-22T09:23:09.8691610Z Discussions: write
2025-08-22T09:23:09.8692361Z Issues: write
2025-08-22T09:23:09.8693341Z Metadata: read
2025-08-22T09:23:09.8694048Z Models: read
2025-08-22T09:23:09.8694787Z Packages: write
2025-08-22T09:23:09.8695582Z Pages: write
2025-08-22T09:23:09.8696642Z PullRequests: write
2025-08-22T09:23:09.8697495Z RepositoryProjects: write
2025-08-22T09:23:09.8698434Z SecurityEvents: write
2025-08-22T09:23:09.8699429Z Statuses: write
2025-08-22T09:23:09.8700168Z ##[endgroup]
2025-08-22T09:23:09.8702890Z Secret source: Actions
2025-08-22T09:23:09.8703912Z Prepare workflow directory
2025-08-22T09:23:09.9301966Z Prepare all required actions
2025-08-22T09:23:09.9355762Z Getting action download info
2025-08-22T09:23:10.2291531Z Download action repository 'actions/checkout@v5' (SHA:08c6903cd8c0fde910a37f88322edcfb5dd907a8)
2025-08-22T09:23:10.3040931Z Download action repository 'actions/setup-python@v5' (SHA:a26af69be951a213d495a4c3e4e4022e16d87065)
2025-08-22T09:23:10.3811131Z Download action repository 'actions/upload-artifact@v4' (SHA:ea165f8d65b6e75b540449e92b4886f43607fa02)
2025-08-22T09:23:10.5793136Z Complete job name: unit
2025-08-22T09:23:10.6277701Z ##[group]Checking docker version
2025-08-22T09:23:10.6290600Z ##[command]/usr/bin/docker version --format '{{.Server.APIVersion}}'
2025-08-22T09:23:10.6726912Z '1.48'
2025-08-22T09:23:10.6739688Z Docker daemon API version: '1.48'
2025-08-22T09:23:10.6740400Z ##[command]/usr/bin/docker version --format '{{.Client.APIVersion}}'
2025-08-22T09:23:10.6888299Z '1.48'
2025-08-22T09:23:10.6901540Z Docker client API version: '1.48'
2025-08-22T09:23:10.6905845Z ##[endgroup]
2025-08-22T09:23:10.6909816Z ##[group]Clean up resources from previous jobs
2025-08-22T09:23:10.6914832Z ##[command]/usr/bin/docker ps --all --quiet --no-trunc --filter "label=a909e3"
2025-08-22T09:23:10.7050374Z ##[command]/usr/bin/docker network prune --force --filter "label=a909e3"
2025-08-22T09:23:10.7171569Z ##[endgroup]
2025-08-22T09:23:10.7172035Z ##[group]Create local container network
2025-08-22T09:23:10.7181944Z ##[command]/usr/bin/docker network create --label a909e3 github_network_aabc96249eba48d1af08373bd44da350
2025-08-22T09:23:10.7659822Z d0a2b7d0df15a44478296fbbabea35f2a1762e3794d1019d9ca24796144954b2
2025-08-22T09:23:10.7677932Z ##[endgroup]
2025-08-22T09:23:10.7701680Z ##[group]Starting postgres service container
2025-08-22T09:23:10.7720656Z ##[command]/usr/bin/docker pull postgres:15
2025-08-22T09:23:11.0472071Z 15: Pulling from library/postgres
2025-08-22T09:23:11.1150472Z 396b1da7636e: Pulling fs layer
2025-08-22T09:23:11.1151434Z fca2566eba32: Pulling fs layer
2025-08-22T09:23:11.1152280Z 631fe8c6d606: Pulling fs layer
2025-08-22T09:23:11.1153032Z 77c7671c4414: Pulling fs layer
2025-08-22T09:23:11.1153963Z 2d9e29180a27: Pulling fs layer
2025-08-22T09:23:11.1154550Z c6bcc2c9a041: Pulling fs layer
2025-08-22T09:23:11.1155016Z ac4b721eb66f: Pulling fs layer
2025-08-22T09:23:11.1155769Z 606bd164980e: Pulling fs layer
2025-08-22T09:23:11.1156716Z f5dfd246bc6e: Pulling fs layer
2025-08-22T09:23:11.1157195Z ba7036bb0a60: Pulling fs layer
2025-08-22T09:23:11.1157644Z 799f859abbbd: Pulling fs layer
2025-08-22T09:23:11.1158251Z d903e777080c: Pulling fs layer
2025-08-22T09:23:11.1158719Z 04adcb462801: Pulling fs layer
2025-08-22T09:23:11.1159183Z 5c10925b29ff: Pulling fs layer
2025-08-22T09:23:11.1159629Z c6bcc2c9a041: Waiting
2025-08-22T09:23:11.1160021Z ac4b721eb66f: Waiting
2025-08-22T09:23:11.1160423Z 606bd164980e: Waiting
2025-08-22T09:23:11.1160811Z f5dfd246bc6e: Waiting
2025-08-22T09:23:11.1161208Z ba7036bb0a60: Waiting
2025-08-22T09:23:11.1161590Z 77c7671c4414: Waiting
2025-08-22T09:23:11.1161974Z 799f859abbbd: Waiting
2025-08-22T09:23:11.1162360Z 2d9e29180a27: Waiting
2025-08-22T09:23:11.1162753Z 5c10925b29ff: Waiting
2025-08-22T09:23:11.1163140Z 04adcb462801: Waiting
2025-08-22T09:23:11.1967474Z fca2566eba32: Verifying Checksum
2025-08-22T09:23:11.1968374Z fca2566eba32: Download complete
2025-08-22T09:23:11.2464305Z 631fe8c6d606: Verifying Checksum
2025-08-22T09:23:11.2465123Z 631fe8c6d606: Download complete
2025-08-22T09:23:11.3012818Z 77c7671c4414: Verifying Checksum
2025-08-22T09:23:11.3013702Z 77c7671c4414: Download complete
2025-08-22T09:23:11.3872912Z 2d9e29180a27: Verifying Checksum
2025-08-22T09:23:11.3875171Z 2d9e29180a27: Download complete
2025-08-22T09:23:11.4106570Z c6bcc2c9a041: Verifying Checksum
2025-08-22T09:23:11.4107862Z c6bcc2c9a041: Download complete
2025-08-22T09:23:11.4275187Z 396b1da7636e: Verifying Checksum
2025-08-22T09:23:11.4276695Z 396b1da7636e: Download complete
2025-08-22T09:23:11.4673197Z ac4b721eb66f: Verifying Checksum
2025-08-22T09:23:11.4676535Z ac4b721eb66f: Download complete
2025-08-22T09:23:11.4924456Z 606bd164980e: Verifying Checksum
2025-08-22T09:23:11.4929509Z 606bd164980e: Download complete
2025-08-22T09:23:11.5399546Z ba7036bb0a60: Download complete
2025-08-22T09:23:11.5834909Z 799f859abbbd: Verifying Checksum
2025-08-22T09:23:11.5836456Z 799f859abbbd: Download complete
2025-08-22T09:23:11.6181235Z d903e777080c: Verifying Checksum
2025-08-22T09:23:11.6183396Z d903e777080c: Download complete
2025-08-22T09:23:11.6720708Z 04adcb462801: Verifying Checksum
2025-08-22T09:23:11.6722089Z 04adcb462801: Download complete
2025-08-22T09:23:11.7058236Z 5c10925b29ff: Verifying Checksum
2025-08-22T09:23:11.7058850Z 5c10925b29ff: Download complete
2025-08-22T09:23:12.0116686Z f5dfd246bc6e: Verifying Checksum
2025-08-22T09:23:12.0117422Z f5dfd246bc6e: Download complete
2025-08-22T09:23:12.4015154Z 396b1da7636e: Pull complete
2025-08-22T09:23:12.7069680Z fca2566eba32: Pull complete
2025-08-22T09:23:12.8777453Z 631fe8c6d606: Pull complete
2025-08-22T09:23:12.9251118Z 77c7671c4414: Pull complete
2025-08-22T09:23:13.2112790Z 2d9e29180a27: Pull complete
2025-08-22T09:23:13.2920971Z c6bcc2c9a041: Pull complete
2025-08-22T09:23:13.3007967Z ac4b721eb66f: Pull complete
2025-08-22T09:23:13.3118180Z 606bd164980e: Pull complete
2025-08-22T09:23:16.1583969Z f5dfd246bc6e: Pull complete
2025-08-22T09:23:16.1778576Z ba7036bb0a60: Pull complete
2025-08-22T09:23:16.1908910Z 799f859abbbd: Pull complete
2025-08-22T09:23:16.2039406Z d903e777080c: Pull complete
2025-08-22T09:23:16.2181968Z 04adcb462801: Pull complete
2025-08-22T09:23:16.2306549Z 5c10925b29ff: Pull complete
2025-08-22T09:23:16.2355134Z Digest: sha256:bc51cf4f1fe02cce7ed2370b20128a9b00b4eb804573a77d2a0d877aaa9c82b1
2025-08-22T09:23:16.2371365Z Status: Downloaded newer image for postgres:15
2025-08-22T09:23:16.2381456Z docker.io/library/postgres:15
2025-08-22T09:23:16.2438807Z ##[command]/usr/bin/docker create --name 348666f36a974af3a384c441b1faa17d_postgres15_e9e9b4 --label a909e3 --network github_network_aabc96249eba48d1af08373bd44da350 --network-alias postgres -p 5432:5432 --health-cmd="pg_isready -U postgres -d awa" --health-interval=5s --health-timeout=5s --health-retries=10 -e "POSTGRES_USER=postgres" -e "POSTGRES_PASSWORD=pass" -e "POSTGRES_DB=awa" -e GITHUB_ACTIONS=true -e CI=true postgres:15
2025-08-22T09:23:16.2699683Z f1eec2bf0cf888fb7625838239a7e64026dececbac3dc166f9163c4983012043
2025-08-22T09:23:16.2720955Z ##[command]/usr/bin/docker start f1eec2bf0cf888fb7625838239a7e64026dececbac3dc166f9163c4983012043
2025-08-22T09:23:16.5340656Z f1eec2bf0cf888fb7625838239a7e64026dececbac3dc166f9163c4983012043
2025-08-22T09:23:16.5365268Z ##[command]/usr/bin/docker ps --all --filter id=f1eec2bf0cf888fb7625838239a7e64026dececbac3dc166f9163c4983012043 --filter status=running --no-trunc --format "{{.ID}} {{.Status}}"
2025-08-22T09:23:16.5539376Z f1eec2bf0cf888fb7625838239a7e64026dececbac3dc166f9163c4983012043 Up Less than a second (health: starting)
2025-08-22T09:23:16.5559772Z ##[command]/usr/bin/docker port f1eec2bf0cf888fb7625838239a7e64026dececbac3dc166f9163c4983012043
2025-08-22T09:23:16.5687938Z 5432/tcp -> 0.0.0.0:5432
2025-08-22T09:23:16.5688380Z 5432/tcp -> [::]:5432
2025-08-22T09:23:16.5744586Z ##[endgroup]
2025-08-22T09:23:16.5745525Z ##[group]Starting redis service container
2025-08-22T09:23:16.5747233Z ##[command]/usr/bin/docker pull redis:7-alpine
2025-08-22T09:23:16.8113149Z 7-alpine: Pulling from library/redis
2025-08-22T09:23:16.8725624Z 0368fd46e3c6: Pulling fs layer
2025-08-22T09:23:16.8735015Z 4c55286bbede: Pulling fs layer
2025-08-22T09:23:16.8735499Z 5e28347af205: Pulling fs layer
2025-08-22T09:23:16.8735901Z 311eca34042e: Pulling fs layer
2025-08-22T09:23:16.8736656Z e6fe6f07e192: Pulling fs layer
2025-08-22T09:23:16.8737054Z a2cadbfeca72: Pulling fs layer
2025-08-22T09:23:16.8737507Z 4f4fb700ef54: Pulling fs layer
2025-08-22T09:23:16.8740982Z a976ed7e7808: Pulling fs layer
2025-08-22T09:23:16.8741389Z e6fe6f07e192: Waiting
2025-08-22T09:23:16.8741745Z 4f4fb700ef54: Waiting
2025-08-22T09:23:16.8742029Z a976ed7e7808: Waiting
2025-08-22T09:23:16.8742326Z a2cadbfeca72: Waiting
2025-08-22T09:23:16.8742650Z 311eca34042e: Waiting
2025-08-22T09:23:16.9444890Z 4c55286bbede: Verifying Checksum
2025-08-22T09:23:16.9446933Z 4c55286bbede: Download complete
2025-08-22T09:23:16.9661626Z 5e28347af205: Verifying Checksum
2025-08-22T09:23:16.9671909Z 5e28347af205: Download complete
2025-08-22T09:23:16.9699321Z 0368fd46e3c6: Verifying Checksum
2025-08-22T09:23:16.9703177Z 0368fd46e3c6: Download complete
2025-08-22T09:23:17.0458246Z a2cadbfeca72: Verifying Checksum
2025-08-22T09:23:17.0459407Z a2cadbfeca72: Download complete
2025-08-22T09:23:17.0908382Z 0368fd46e3c6: Pull complete
2025-08-22T09:23:17.1128493Z e6fe6f07e192: Verifying Checksum
2025-08-22T09:23:17.1129814Z e6fe6f07e192: Download complete
2025-08-22T09:23:17.1272140Z 4f4fb700ef54: Verifying Checksum
2025-08-22T09:23:17.1272625Z 4f4fb700ef54: Download complete
2025-08-22T09:23:17.1458613Z 4c55286bbede: Pull complete
2025-08-22T09:23:17.1566777Z 311eca34042e: Verifying Checksum
2025-08-22T09:23:17.1567593Z 311eca34042e: Download complete
2025-08-22T09:23:17.1870010Z a976ed7e7808: Verifying Checksum
2025-08-22T09:23:17.1872283Z a976ed7e7808: Download complete
2025-08-22T09:23:17.2969396Z 5e28347af205: Pull complete
2025-08-22T09:23:17.3259390Z 311eca34042e: Pull complete
2025-08-22T09:23:17.5232331Z e6fe6f07e192: Pull complete
2025-08-22T09:23:17.5308471Z a2cadbfeca72: Pull complete
2025-08-22T09:23:17.5408121Z 4f4fb700ef54: Pull complete
2025-08-22T09:23:17.5537613Z a976ed7e7808: Pull complete
2025-08-22T09:23:17.5574815Z Digest: sha256:bb186d083732f669da90be8b0f975a37812b15e913465bb14d845db72a4e3e08
2025-08-22T09:23:17.5586552Z Status: Downloaded newer image for redis:7-alpine
2025-08-22T09:23:17.5596628Z docker.io/library/redis:7-alpine
2025-08-22T09:23:17.5613465Z ##[command]/usr/bin/docker create --name 5f234aaae89d4e91888c329556614b90_redis7alpine_4f7f0d --label a909e3 --network github_network_aabc96249eba48d1af08373bd44da350 --network-alias redis -p 6379:6379  -e GITHUB_ACTIONS=true -e CI=true redis:7-alpine
2025-08-22T09:23:17.5876794Z d3d941ec995fce109d40ab9f3f0e105c67b4cb4be6044acffa55c5878775f96a
2025-08-22T09:23:17.5890188Z ##[command]/usr/bin/docker start d3d941ec995fce109d40ab9f3f0e105c67b4cb4be6044acffa55c5878775f96a
2025-08-22T09:23:17.7242046Z d3d941ec995fce109d40ab9f3f0e105c67b4cb4be6044acffa55c5878775f96a
2025-08-22T09:23:17.7260762Z ##[command]/usr/bin/docker ps --all --filter id=d3d941ec995fce109d40ab9f3f0e105c67b4cb4be6044acffa55c5878775f96a --filter status=running --no-trunc --format "{{.ID}} {{.Status}}"
2025-08-22T09:23:17.7379460Z d3d941ec995fce109d40ab9f3f0e105c67b4cb4be6044acffa55c5878775f96a Up Less than a second
2025-08-22T09:23:17.7392790Z ##[command]/usr/bin/docker port d3d941ec995fce109d40ab9f3f0e105c67b4cb4be6044acffa55c5878775f96a
2025-08-22T09:23:17.7501608Z 6379/tcp -> 0.0.0.0:6379
2025-08-22T09:23:17.7501988Z 6379/tcp -> [::]:6379
2025-08-22T09:23:17.7515096Z ##[endgroup]
2025-08-22T09:23:17.7526354Z ##[group]Waiting for all services to be ready
2025-08-22T09:23:17.7539961Z ##[command]/usr/bin/docker inspect --format="{{if .Config.Healthcheck}}{{print .State.Health.Status}}{{end}}" f1eec2bf0cf888fb7625838239a7e64026dececbac3dc166f9163c4983012043
2025-08-22T09:23:17.7648518Z starting
2025-08-22T09:23:17.7668240Z postgres service is starting, waiting 2 seconds before checking again.
2025-08-22T09:23:19.7672764Z ##[command]/usr/bin/docker inspect --format="{{if .Config.Healthcheck}}{{print .State.Health.Status}}{{end}}" f1eec2bf0cf888fb7625838239a7e64026dececbac3dc166f9163c4983012043
2025-08-22T09:23:19.7785594Z starting
2025-08-22T09:23:19.7798530Z postgres service is starting, waiting 4 seconds before checking again.
2025-08-22T09:23:23.9350766Z ##[command]/usr/bin/docker inspect --format="{{if .Config.Healthcheck}}{{print .State.Health.Status}}{{end}}" f1eec2bf0cf888fb7625838239a7e64026dececbac3dc166f9163c4983012043
2025-08-22T09:23:23.9466856Z healthy
2025-08-22T09:23:23.9482365Z postgres service is healthy.
2025-08-22T09:23:23.9483114Z ##[command]/usr/bin/docker inspect --format="{{if .Config.Healthcheck}}{{print .State.Health.Status}}{{end}}" d3d941ec995fce109d40ab9f3f0e105c67b4cb4be6044acffa55c5878775f96a
2025-08-22T09:23:23.9604141Z redis service is healthy.
2025-08-22T09:23:23.9604792Z ##[endgroup]
2025-08-22T09:23:23.9906096Z ##[group]Run actions/checkout@v5
2025-08-22T09:23:23.9906946Z with:
2025-08-22T09:23:23.9907150Z   repository: AlexBomber12/AWA-App
2025-08-22T09:23:23.9907519Z   token: ***
2025-08-22T09:23:23.9907701Z   ssh-strict: true
2025-08-22T09:23:23.9907876Z   ssh-user: git
2025-08-22T09:23:23.9908059Z   persist-credentials: true
2025-08-22T09:23:23.9908266Z   clean: true
2025-08-22T09:23:23.9908454Z   sparse-checkout-cone-mode: true
2025-08-22T09:23:23.9908686Z   fetch-depth: 1
2025-08-22T09:23:23.9908857Z   fetch-tags: false
2025-08-22T09:23:23.9909036Z   show-progress: true
2025-08-22T09:23:23.9909212Z   lfs: false
2025-08-22T09:23:23.9909373Z   submodules: false
2025-08-22T09:23:23.9909548Z   set-safe-directory: true
2025-08-22T09:23:23.9909910Z env:
2025-08-22T09:23:23.9910117Z   REDIS_URL: redis://localhost:6379/0
2025-08-22T09:23:23.9910395Z   RATE_LIMIT_DEFAULT: 100/minute
2025-08-22T09:23:23.9910605Z   TRUST_X_FORWARDED: 1
2025-08-22T09:23:23.9910793Z ##[endgroup]
2025-08-22T09:23:24.0838298Z Syncing repository: AlexBomber12/AWA-App
2025-08-22T09:23:24.0839720Z ##[group]Getting Git version info
2025-08-22T09:23:24.0840087Z Working directory is '/home/runner/work/AWA-App/AWA-App'
2025-08-22T09:23:24.0840595Z [command]/usr/bin/git version
2025-08-22T09:23:24.0857233Z git version 2.51.0
2025-08-22T09:23:24.0877489Z ##[endgroup]
2025-08-22T09:23:24.0892079Z Temporarily overriding HOME='/home/runner/work/_temp/93a395f0-4f4c-4277-a8eb-4adbdf9c2931' before making global git config changes
2025-08-22T09:23:24.0893336Z Adding repository directory to the temporary git global config as a safe directory
2025-08-22T09:23:24.0897735Z [command]/usr/bin/git config --global --add safe.directory /home/runner/work/AWA-App/AWA-App
2025-08-22T09:23:24.0931700Z Deleting the contents of '/home/runner/work/AWA-App/AWA-App'
2025-08-22T09:23:24.0935259Z ##[group]Initializing the repository
2025-08-22T09:23:24.0939737Z [command]/usr/bin/git init /home/runner/work/AWA-App/AWA-App
2025-08-22T09:23:24.1007666Z hint: Using 'master' as the name for the initial branch. This default branch name
2025-08-22T09:23:24.1008534Z hint: is subject to change. To configure the initial branch name to use in all
2025-08-22T09:23:24.1009317Z hint: of your new repositories, which will suppress this warning, call:
2025-08-22T09:23:24.1009887Z hint:
2025-08-22T09:23:24.1010333Z hint: 	git config --global init.defaultBranch <name>
2025-08-22T09:23:24.1010793Z hint:
2025-08-22T09:23:24.1011226Z hint: Names commonly chosen instead of 'master' are 'main', 'trunk' and
2025-08-22T09:23:24.1011969Z hint: 'development'. The just-created branch can be renamed via this command:
2025-08-22T09:23:24.1012545Z hint:
2025-08-22T09:23:24.1012833Z hint: 	git branch -m <name>
2025-08-22T09:23:24.1013041Z hint:
2025-08-22T09:23:24.1013316Z hint: Disable this message with "git config set advice.defaultBranchName false"
2025-08-22T09:23:24.1013797Z Initialized empty Git repository in /home/runner/work/AWA-App/AWA-App/.git/
2025-08-22T09:23:24.1022518Z [command]/usr/bin/git remote add origin https://github.com/AlexBomber12/AWA-App
2025-08-22T09:23:24.1055399Z ##[endgroup]
2025-08-22T09:23:24.1056002Z ##[group]Disabling automatic garbage collection
2025-08-22T09:23:24.1060535Z [command]/usr/bin/git config --local gc.auto 0
2025-08-22T09:23:24.1087506Z ##[endgroup]
2025-08-22T09:23:24.1088089Z ##[group]Setting up auth
2025-08-22T09:23:24.1094512Z [command]/usr/bin/git config --local --name-only --get-regexp core\.sshCommand
2025-08-22T09:23:24.1123729Z [command]/usr/bin/git submodule foreach --recursive sh -c "git config --local --name-only --get-regexp 'core\.sshCommand' && git config --local --unset-all 'core.sshCommand' || :"
2025-08-22T09:23:24.1388004Z [command]/usr/bin/git config --local --name-only --get-regexp http\.https\:\/\/github\.com\/\.extraheader
2025-08-22T09:23:24.1417562Z [command]/usr/bin/git submodule foreach --recursive sh -c "git config --local --name-only --get-regexp 'http\.https\:\/\/github\.com\/\.extraheader' && git config --local --unset-all 'http.https://github.com/.extraheader' || :"
2025-08-22T09:23:24.1630658Z [command]/usr/bin/git config --local http.https://github.com/.extraheader AUTHORIZATION: basic ***
2025-08-22T09:23:24.1664530Z ##[endgroup]
2025-08-22T09:23:24.1665069Z ##[group]Fetching the repository
2025-08-22T09:23:24.1673331Z [command]/usr/bin/git -c protocol.version=2 fetch --no-tags --prune --no-recurse-submodules --depth=1 origin +c64679917f4277eaf554c7c085cb2e6ca20d1efa:refs/remotes/origin/main
2025-08-22T09:23:24.3932111Z From https://github.com/AlexBomber12/AWA-App
2025-08-22T09:23:24.3933174Z  * [new ref]         c64679917f4277eaf554c7c085cb2e6ca20d1efa -> origin/main
2025-08-22T09:23:24.3967465Z ##[endgroup]
2025-08-22T09:23:24.3968049Z ##[group]Determining the checkout info
2025-08-22T09:23:24.3970503Z ##[endgroup]
2025-08-22T09:23:24.3976111Z [command]/usr/bin/git sparse-checkout disable
2025-08-22T09:23:24.4018490Z [command]/usr/bin/git config --local --unset-all extensions.worktreeConfig
2025-08-22T09:23:24.4045702Z ##[group]Checking out the ref
2025-08-22T09:23:24.4049649Z [command]/usr/bin/git checkout --progress --force -B main refs/remotes/origin/main
2025-08-22T09:23:24.4388717Z Switched to a new branch 'main'
2025-08-22T09:23:24.4391763Z branch 'main' set up to track 'origin/main'.
2025-08-22T09:23:24.4399316Z ##[endgroup]
2025-08-22T09:23:24.4434606Z [command]/usr/bin/git log -1 --format=%H
2025-08-22T09:23:24.4456896Z c64679917f4277eaf554c7c085cb2e6ca20d1efa
2025-08-22T09:23:24.4619339Z ##[group]Run cat .env.ci >> "$GITHUB_ENV"
2025-08-22T09:23:24.4619678Z [36;1mcat .env.ci >> "$GITHUB_ENV"[0m
2025-08-22T09:23:24.4620377Z [36;1mecho "DATABASE_URL=***localhost:5432/awa" >> "$GITHUB_ENV"[0m
2025-08-22T09:23:24.4620737Z [36;1mecho "PG_HOST=localhost" >> "$GITHUB_ENV"[0m
2025-08-22T09:23:24.4621022Z [36;1mecho "PG_PORT=5432" >> "$GITHUB_ENV"[0m
2025-08-22T09:23:24.4621489Z [36;1mecho "PG_USER=postgres" >> "$GITHUB_ENV"[0m
2025-08-22T09:23:24.4621770Z [36;1mecho "PG_PASSWORD=pass" >> "$GITHUB_ENV"[0m
2025-08-22T09:23:24.4622041Z [36;1mecho "PG_DATABASE=awa" >> "$GITHUB_ENV"[0m
2025-08-22T09:23:24.4667406Z shell: /usr/bin/bash -e {0}
2025-08-22T09:23:24.4667639Z env:
2025-08-22T09:23:24.4667840Z   REDIS_URL: redis://localhost:6379/0
2025-08-22T09:23:24.4668103Z   RATE_LIMIT_DEFAULT: 100/minute
2025-08-22T09:23:24.4668320Z   TRUST_X_FORWARDED: 1
2025-08-22T09:23:24.4668500Z ##[endgroup]
2025-08-22T09:23:24.4841663Z ##[group]Run actions/setup-python@v5
2025-08-22T09:23:24.4841941Z with:
2025-08-22T09:23:24.4842115Z   python-version: 3.12
2025-08-22T09:23:24.4842310Z   cache: pip
2025-08-22T09:23:24.4842522Z   cache-dependency-path: requirements-dev.txt
2025-08-22T09:23:24.4842799Z   check-latest: false
2025-08-22T09:23:24.4843116Z   token: ***
2025-08-22T09:23:24.4843299Z   update-environment: true
2025-08-22T09:23:24.4843525Z   allow-prereleases: false
2025-08-22T09:23:24.4843744Z   freethreaded: false
2025-08-22T09:23:24.4843922Z env:
2025-08-22T09:23:24.4844097Z   REDIS_URL: redis://localhost:6379/0
2025-08-22T09:23:24.4844344Z   RATE_LIMIT_DEFAULT: 100/minute
2025-08-22T09:23:24.4844556Z   TRUST_X_FORWARDED: 1
2025-08-22T09:23:24.4844733Z   PG_USER: postgres
2025-08-22T09:23:24.4844910Z   PG_PASSWORD: pass
2025-08-22T09:23:24.4845082Z   PG_DATABASE: awa
2025-08-22T09:23:24.4845254Z   PG_HOST: localhost
2025-08-22T09:23:24.4845422Z   PG_PORT: 5432
2025-08-22T09:23:24.4845829Z   PG_SYNC_DSN: ***localhost:5432/awa
2025-08-22T09:23:24.4846499Z   PG_ASYNC_DSN: ***localhost:5432/awa
2025-08-22T09:23:24.4846971Z   DATABASE_URL: ***localhost:5432/awa
2025-08-22T09:23:24.4847195Z   DATA_DIR: /tmp/awa-data
2025-08-22T09:23:24.4847379Z   ENABLE_LIVE: 0
2025-08-22T09:23:24.4847541Z   TESTING: 1
2025-08-22T09:23:24.4847693Z ##[endgroup]
2025-08-22T09:23:24.6473544Z ##[group]Installed versions
2025-08-22T09:23:24.6554736Z Successfully set up CPython (3.12.11)
2025-08-22T09:23:24.6555345Z ##[endgroup]
2025-08-22T09:23:24.6860283Z [command]/opt/hostedtoolcache/Python/3.12.11/x64/bin/pip cache dir
2025-08-22T09:23:25.9631943Z /home/runner/.cache/pip
2025-08-22T09:23:26.1180613Z Cache hit for: setup-python-Linux-x64-24.04-Ubuntu-python-3.12.11-pip-cc13ccef493b9f3a93ad5651164d9fb09282c1111f6f72ce20e0657de16de6b4
2025-08-22T09:23:27.1613197Z Received 230686720 of 376053341 (61.3%), 219.3 MBs/sec
2025-08-22T09:23:27.7817987Z Received 376053341 of 376053341 (100.0%), 220.4 MBs/sec
2025-08-22T09:23:27.7819974Z Cache Size: ~359 MB (376053341 B)
2025-08-22T09:23:27.7938531Z [command]/usr/bin/tar -xf /home/runner/work/_temp/a69ccf34-f48e-45f0-9b99-6d20fa6323f0/cache.tzst -P -C /home/runner/work/AWA-App/AWA-App --use-compress-program unzstd
2025-08-22T09:23:28.3999537Z Cache restored successfully
2025-08-22T09:23:28.4704571Z Cache restored from key: setup-python-Linux-x64-24.04-Ubuntu-python-3.12.11-pip-cc13ccef493b9f3a93ad5651164d9fb09282c1111f6f72ce20e0657de16de6b4
2025-08-22T09:23:28.4847864Z ##[group]Run pip install --break-system-packages -r requirements-dev.txt
2025-08-22T09:23:28.4848377Z [36;1mpip install --break-system-packages -r requirements-dev.txt[0m
2025-08-22T09:23:28.4848820Z [36;1mpip install --break-system-packages keepa==1.3.15 minio==7.1.15[0m
2025-08-22T09:23:28.4892645Z shell: /usr/bin/bash -e {0}
2025-08-22T09:23:28.4892882Z env:
2025-08-22T09:23:28.4893089Z   REDIS_URL: redis://localhost:6379/0
2025-08-22T09:23:28.4893349Z   RATE_LIMIT_DEFAULT: 100/minute
2025-08-22T09:23:28.4893583Z   TRUST_X_FORWARDED: 1
2025-08-22T09:23:28.4893785Z   PG_USER: postgres
2025-08-22T09:23:28.4893969Z   PG_PASSWORD: pass
2025-08-22T09:23:28.4894153Z   PG_DATABASE: awa
2025-08-22T09:23:28.4894348Z   PG_HOST: localhost
2025-08-22T09:23:28.4894531Z   PG_PORT: 5432
2025-08-22T09:23:28.4895042Z   PG_SYNC_DSN: ***localhost:5432/awa
2025-08-22T09:23:28.4895502Z   PG_ASYNC_DSN: ***localhost:5432/awa
2025-08-22T09:23:28.4895887Z   DATABASE_URL: ***localhost:5432/awa
2025-08-22T09:23:28.4896639Z   DATA_DIR: /tmp/awa-data
2025-08-22T09:23:28.4896845Z   ENABLE_LIVE: 0
2025-08-22T09:23:28.4897018Z   TESTING: 1
2025-08-22T09:23:28.4897256Z   pythonLocation: /opt/hostedtoolcache/Python/3.12.11/x64
2025-08-22T09:23:28.4897656Z   PKG_CONFIG_PATH: /opt/hostedtoolcache/Python/3.12.11/x64/lib/pkgconfig
2025-08-22T09:23:28.4898043Z   Python_ROOT_DIR: /opt/hostedtoolcache/Python/3.12.11/x64
2025-08-22T09:23:28.4898387Z   Python2_ROOT_DIR: /opt/hostedtoolcache/Python/3.12.11/x64
2025-08-22T09:23:28.4898735Z   Python3_ROOT_DIR: /opt/hostedtoolcache/Python/3.12.11/x64
2025-08-22T09:23:28.4899090Z   LD_LIBRARY_PATH: /opt/hostedtoolcache/Python/3.12.11/x64/lib
2025-08-22T09:23:28.4899385Z ##[endgroup]
2025-08-22T09:23:29.3590730Z Collecting Jinja2==3.1.6 (from -r requirements-dev.txt (line 2))
2025-08-22T09:23:29.3603489Z   Using cached jinja2-3.1.6-py3-none-any.whl.metadata (2.9 kB)
2025-08-22T09:23:29.3850166Z Collecting alembic==1.16.4 (from -r requirements-dev.txt (line 3))
2025-08-22T09:23:29.3861616Z   Using cached alembic-1.16.4-py3-none-any.whl.metadata (7.3 kB)
2025-08-22T09:23:29.4047270Z Collecting apscheduler==3.10.4 (from -r requirements-dev.txt (line 4))
2025-08-22T09:23:29.4058230Z   Using cached APScheduler-3.10.4-py3-none-any.whl.metadata (5.7 kB)
2025-08-22T09:23:29.4237962Z Collecting asgi-correlation-id==4.3.1 (from -r requirements-dev.txt (line 5))
2025-08-22T09:23:29.4249132Z   Using cached asgi_correlation_id-4.3.1-py3-none-any.whl.metadata (28 kB)
2025-08-22T09:23:29.4684017Z Collecting asyncpg==0.30.0 (from -r requirements-dev.txt (line 6))
2025-08-22T09:23:29.4695954Z   Using cached asyncpg-0.30.0-cp312-cp312-manylinux_2_17_x86_64.manylinux2014_x86_64.whl.metadata (5.0 kB)
2025-08-22T09:23:29.5149731Z Collecting black==25.1.0 (from -r requirements-dev.txt (line 7))
2025-08-22T09:23:29.5161046Z   Using cached black-25.1.0-cp312-cp312-manylinux_2_17_x86_64.manylinux2014_x86_64.manylinux_2_28_x86_64.whl.metadata (81 kB)
2025-08-22T09:23:29.8732908Z Collecting boto3 (from -r requirements-dev.txt (line 8))
2025-08-22T09:23:29.9183307Z   Downloading boto3-1.40.15-py3-none-any.whl.metadata (6.7 kB)
2025-08-22T09:23:29.9512068Z Collecting redis==6.* (from -r requirements-dev.txt (line 9))
2025-08-22T09:23:29.9523206Z   Using cached redis-6.4.0-py3-none-any.whl.metadata (10 kB)
2025-08-22T09:23:29.9871812Z Collecting minio==7.* (from -r requirements-dev.txt (line 10))
2025-08-22T09:23:29.9882881Z   Using cached minio-7.2.16-py3-none-any.whl.metadata (6.5 kB)
2025-08-22T09:23:30.0049928Z Collecting vulture==2.10 (from -r requirements-dev.txt (line 11))
2025-08-22T09:23:30.0066386Z   Using cached vulture-2.10-py2.py3-none-any.whl.metadata (23 kB)
2025-08-22T09:23:30.0396975Z Collecting celery==5.5.3 (from -r requirements-dev.txt (line 12))
2025-08-22T09:23:30.0407972Z   Using cached celery-5.5.3-py3-none-any.whl.metadata (22 kB)
2025-08-22T09:23:30.1001179Z Collecting fastapi==0.116.1 (from -r requirements-dev.txt (line 13))
2025-08-22T09:23:30.1012660Z   Using cached fastapi-0.116.1-py3-none-any.whl.metadata (28 kB)
2025-08-22T09:23:30.1183439Z Collecting fastapi-limiter==0.1.6 (from -r requirements-dev.txt (line 15))
2025-08-22T09:23:30.1194563Z   Using cached fastapi_limiter-0.1.6-py3-none-any.whl.metadata (5.3 kB)
2025-08-22T09:23:30.1404689Z Collecting httpx<0.29,>=0.27 (from -r requirements-dev.txt (line 16))
2025-08-22T09:23:30.1415916Z   Using cached httpx-0.28.1-py3-none-any.whl.metadata (7.1 kB)
2025-08-22T09:23:30.1560555Z Collecting imapclient==3.0.1 (from -r requirements-dev.txt (line 17))
2025-08-22T09:23:30.1571917Z   Using cached IMAPClient-3.0.1-py2.py3-none-any.whl.metadata (1.7 kB)
2025-08-22T09:23:30.1697880Z Collecting itsdangerous (from -r requirements-dev.txt (line 18))
2025-08-22T09:23:30.1708876Z   Using cached itsdangerous-2.2.0-py3-none-any.whl.metadata (1.9 kB)
2025-08-22T09:23:30.2702869Z Collecting mypy==1.* (from -r requirements-dev.txt (line 19))
2025-08-22T09:23:30.2714542Z   Using cached mypy-1.17.1-cp312-cp312-manylinux2014_x86_64.manylinux_2_17_x86_64.manylinux_2_28_x86_64.whl.metadata (2.2 kB)
2025-08-22T09:23:30.2841350Z Collecting mypy-extensions==1.1.0 (from -r requirements-dev.txt (line 20))
2025-08-22T09:23:30.2852332Z   Using cached mypy_extensions-1.1.0-py3-none-any.whl.metadata (1.1 kB)
2025-08-22T09:23:30.4667289Z Collecting numpy<2 (from -r requirements-dev.txt (line 21))
2025-08-22T09:23:30.4680737Z   Using cached numpy-1.26.4-cp312-cp312-manylinux_2_17_x86_64.manylinux2014_x86_64.whl.metadata (61 kB)
2025-08-22T09:23:30.4958413Z Collecting openpyxl==3.1.5 (from -r requirements-dev.txt (line 22))
2025-08-22T09:23:30.4971592Z   Using cached openpyxl-3.1.5-py2.py3-none-any.whl.metadata (2.5 kB)
2025-08-22T09:23:30.6213634Z Collecting pandas==2.2.* (from -r requirements-dev.txt (line 23))
2025-08-22T09:23:30.6225831Z   Using cached pandas-2.2.3-cp312-cp312-manylinux_2_17_x86_64.manylinux2014_x86_64.whl.metadata (89 kB)
2025-08-22T09:23:30.7157324Z Collecting psycopg2-binary==2.9.10 (from -r requirements-dev.txt (line 24))
2025-08-22T09:23:30.7169370Z   Using cached psycopg2_binary-2.9.10-cp312-cp312-manylinux_2_17_x86_64.manylinux2014_x86_64.whl.metadata (4.9 kB)
2025-08-22T09:23:30.7350170Z Collecting psycopg==3.2.9 (from psycopg[binary]==3.2.9->-r requirements-dev.txt (line 25))
2025-08-22T09:23:30.7361678Z   Using cached psycopg-3.2.9-py3-none-any.whl.metadata (4.5 kB)
2025-08-22T09:23:30.8444838Z Collecting pydantic==2.11.7 (from -r requirements-dev.txt (line 26))
2025-08-22T09:23:30.8456706Z   Using cached pydantic-2.11.7-py3-none-any.whl.metadata (67 kB)
2025-08-22T09:23:30.9676405Z Collecting setuptools (from -r requirements-dev.txt (line 27))
2025-08-22T09:23:30.9688079Z   Using cached setuptools-80.9.0-py3-none-any.whl.metadata (6.6 kB)
2025-08-22T09:23:30.9968441Z Collecting pytest-asyncio==1.1.0 (from -r requirements-dev.txt (line 28))
2025-08-22T09:23:30.9979717Z   Using cached pytest_asyncio-1.1.0-py3-none-any.whl.metadata (4.1 kB)
2025-08-22T09:23:31.0151140Z Collecting pytest-cov==6.2.1 (from -r requirements-dev.txt (line 29))
2025-08-22T09:23:31.0162753Z   Using cached pytest_cov-6.2.1-py3-none-any.whl.metadata (30 kB)
2025-08-22T09:23:31.0343946Z Collecting pytest-postgresql==7.0.2 (from -r requirements-dev.txt (line 30))
2025-08-22T09:23:31.0355224Z   Using cached pytest_postgresql-7.0.2-py3-none-any.whl.metadata (18 kB)
2025-08-22T09:23:31.0548409Z Collecting python-dotenv (from -r requirements-dev.txt (line 31))
2025-08-22T09:23:31.0559930Z   Using cached python_dotenv-1.1.1-py3-none-any.whl.metadata (24 kB)
2025-08-22T09:23:31.0710135Z Collecting python-multipart (from -r requirements-dev.txt (line 32))
2025-08-22T09:23:31.0721599Z   Using cached python_multipart-0.0.20-py3-none-any.whl.metadata (1.8 kB)
2025-08-22T09:23:31.1033953Z Collecting python-telegram-bot==22.3 (from -r requirements-dev.txt (line 33))
2025-08-22T09:23:31.1045455Z   Using cached python_telegram_bot-22.3-py3-none-any.whl.metadata (17 kB)
2025-08-22T09:23:31.1350479Z Collecting requests==2.32.4 (from -r requirements-dev.txt (line 34))
2025-08-22T09:23:31.1362158Z   Using cached requests-2.32.4-py3-none-any.whl.metadata (4.9 kB)
2025-08-22T09:23:31.1538936Z Collecting respx==0.22.0 (from -r requirements-dev.txt (line 35))
2025-08-22T09:23:31.1550447Z   Using cached respx-0.22.0-py2.py3-none-any.whl.metadata (4.1 kB)
2025-08-22T09:23:31.5387901Z Collecting ruff==0.9.9 (from -r requirements-dev.txt (line 36))
2025-08-22T09:23:31.5401023Z   Using cached ruff-0.9.9-py3-none-manylinux_2_17_x86_64.manylinux2014_x86_64.whl.metadata (25 kB)
2025-08-22T09:23:31.7967654Z Collecting sqlalchemy==2.0.43 (from -r requirements-dev.txt (line 37))
2025-08-22T09:23:31.7980621Z   Using cached sqlalchemy-2.0.43-cp312-cp312-manylinux_2_17_x86_64.manylinux2014_x86_64.whl.metadata (9.6 kB)
2025-08-22T09:23:31.8227351Z Collecting structlog==24.1.0 (from -r requirements-dev.txt (line 38))
2025-08-22T09:23:31.8238436Z   Using cached structlog-24.1.0-py3-none-any.whl.metadata (6.9 kB)
2025-08-22T09:23:31.8445184Z Collecting testcontainers==4.12.0 (from testcontainers[postgres]==4.12.0->-r requirements-dev.txt (line 39))
2025-08-22T09:23:31.8456729Z   Using cached testcontainers-4.12.0-py3-none-any.whl.metadata (8.3 kB)
2025-08-22T09:23:31.8857542Z Collecting types-requests==2.32.4.20250809 (from -r requirements-dev.txt (line 40))
2025-08-22T09:23:31.8868643Z   Using cached types_requests-2.32.4.20250809-py3-none-any.whl.metadata (2.0 kB)
2025-08-22T09:23:31.9014963Z Collecting docspec-python==2.2.2 (from -r requirements-dev.txt (line 41))
2025-08-22T09:23:31.9025948Z   Using cached docspec_python-2.2.2-py3-none-any.whl.metadata (1.0 kB)
2025-08-22T09:23:31.9218063Z Collecting pydoc-markdown==4.8.2 (from -r requirements-dev.txt (line 42))
2025-08-22T09:23:31.9229030Z   Using cached pydoc_markdown-4.8.2-py3-none-any.whl.metadata (5.9 kB)
2025-08-22T09:23:31.9946004Z Collecting pandera==0.19.* (from -r requirements-dev.txt (line 43))
2025-08-22T09:23:31.9958692Z   Using cached pandera-0.19.3-py3-none-any.whl.metadata (15 kB)
2025-08-22T09:23:32.0515254Z Collecting MarkupSafe>=2.0 (from Jinja2==3.1.6->-r requirements-dev.txt (line 2))
2025-08-22T09:23:32.0526792Z   Using cached MarkupSafe-3.0.2-cp312-cp312-manylinux_2_17_x86_64.manylinux2014_x86_64.whl.metadata (4.0 kB)
2025-08-22T09:23:32.0800953Z Collecting Mako (from alembic==1.16.4->-r requirements-dev.txt (line 3))
2025-08-22T09:23:32.0812279Z   Using cached mako-1.3.10-py3-none-any.whl.metadata (2.9 kB)
2025-08-22T09:23:32.1000277Z Collecting typing-extensions>=4.12 (from alembic==1.16.4->-r requirements-dev.txt (line 3))
2025-08-22T09:23:32.1011648Z   Using cached typing_extensions-4.14.1-py3-none-any.whl.metadata (3.0 kB)
2025-08-22T09:23:32.1174300Z Collecting six>=1.4.0 (from apscheduler==3.10.4->-r requirements-dev.txt (line 4))
2025-08-22T09:23:32.1186066Z   Using cached six-1.17.0-py2.py3-none-any.whl.metadata (1.7 kB)
2025-08-22T09:23:32.1544972Z Collecting pytz (from apscheduler==3.10.4->-r requirements-dev.txt (line 4))
2025-08-22T09:23:32.1556788Z   Using cached pytz-2025.2-py2.py3-none-any.whl.metadata (22 kB)
2025-08-22T09:23:32.1742109Z Collecting tzlocal!=3.*,>=2.0 (from apscheduler==3.10.4->-r requirements-dev.txt (line 4))
2025-08-22T09:23:32.1753056Z   Using cached tzlocal-5.3.1-py3-none-any.whl.metadata (7.6 kB)
2025-08-22T09:23:32.2074150Z Collecting starlette>=0.18 (from asgi-correlation-id==4.3.1->-r requirements-dev.txt (line 5))
2025-08-22T09:23:32.2085323Z   Using cached starlette-0.47.2-py3-none-any.whl.metadata (6.2 kB)
2025-08-22T09:23:32.2303120Z Collecting click>=8.0.0 (from black==25.1.0->-r requirements-dev.txt (line 7))
2025-08-22T09:23:32.2313949Z   Using cached click-8.2.1-py3-none-any.whl.metadata (2.5 kB)
2025-08-22T09:23:32.2500186Z Collecting packaging>=22.0 (from black==25.1.0->-r requirements-dev.txt (line 7))
2025-08-22T09:23:32.2511099Z   Using cached packaging-25.0-py3-none-any.whl.metadata (3.3 kB)
2025-08-22T09:23:32.2650138Z Collecting pathspec>=0.9.0 (from black==25.1.0->-r requirements-dev.txt (line 7))
2025-08-22T09:23:32.2661061Z   Using cached pathspec-0.12.1-py3-none-any.whl.metadata (21 kB)
2025-08-22T09:23:32.2877385Z Collecting platformdirs>=2 (from black==25.1.0->-r requirements-dev.txt (line 7))
2025-08-22T09:23:32.2888398Z   Using cached platformdirs-4.3.8-py3-none-any.whl.metadata (12 kB)
2025-08-22T09:23:32.3036650Z Collecting toml (from vulture==2.10->-r requirements-dev.txt (line 11))
2025-08-22T09:23:32.3047476Z   Using cached toml-0.10.2-py2.py3-none-any.whl.metadata (7.1 kB)
2025-08-22T09:23:32.3256548Z Collecting billiard<5.0,>=4.2.1 (from celery==5.5.3->-r requirements-dev.txt (line 12))
2025-08-22T09:23:32.3267577Z   Using cached billiard-4.2.1-py3-none-any.whl.metadata (4.4 kB)
2025-08-22T09:23:32.3555342Z Collecting kombu<5.6,>=5.5.2 (from celery==5.5.3->-r requirements-dev.txt (line 12))
2025-08-22T09:23:32.3566392Z   Using cached kombu-5.5.4-py3-none-any.whl.metadata (3.5 kB)
2025-08-22T09:23:32.3743742Z Collecting vine<6.0,>=5.1.0 (from celery==5.5.3->-r requirements-dev.txt (line 12))
2025-08-22T09:23:32.3754444Z   Using cached vine-5.1.0-py3-none-any.whl.metadata (2.7 kB)
2025-08-22T09:23:32.3913429Z Collecting click-didyoumean>=0.3.0 (from celery==5.5.3->-r requirements-dev.txt (line 12))
2025-08-22T09:23:32.3924379Z   Using cached click_didyoumean-0.3.1-py3-none-any.whl.metadata (3.9 kB)
2025-08-22T09:23:32.4046621Z Collecting click-repl>=0.2.0 (from celery==5.5.3->-r requirements-dev.txt (line 12))
2025-08-22T09:23:32.4057754Z   Using cached click_repl-0.3.0-py3-none-any.whl.metadata (3.6 kB)
2025-08-22T09:23:32.4179232Z Collecting click-plugins>=1.1.1 (from celery==5.5.3->-r requirements-dev.txt (line 12))
2025-08-22T09:23:32.4190262Z   Using cached click_plugins-1.1.1.2-py2.py3-none-any.whl.metadata (6.5 kB)
2025-08-22T09:23:32.4340452Z Collecting python-dateutil>=2.8.2 (from celery==5.5.3->-r requirements-dev.txt (line 12))
2025-08-22T09:23:32.4351417Z   Using cached python_dateutil-2.9.0.post0-py2.py3-none-any.whl.metadata (8.4 kB)
2025-08-22T09:23:32.4883333Z Collecting annotated-types>=0.6.0 (from pydantic==2.11.7->-r requirements-dev.txt (line 26))
2025-08-22T09:23:32.4895008Z   Using cached annotated_types-0.7.0-py3-none-any.whl.metadata (15 kB)
2025-08-22T09:23:33.1407717Z Collecting pydantic-core==2.33.2 (from pydantic==2.11.7->-r requirements-dev.txt (line 26))
2025-08-22T09:23:33.1420750Z   Using cached pydantic_core-2.33.2-cp312-cp312-manylinux_2_17_x86_64.manylinux2014_x86_64.whl.metadata (6.8 kB)
2025-08-22T09:23:33.1581536Z Collecting typing-inspection>=0.4.0 (from pydantic==2.11.7->-r requirements-dev.txt (line 26))
2025-08-22T09:23:33.1593031Z   Using cached typing_inspection-0.4.1-py3-none-any.whl.metadata (2.6 kB)
2025-08-22T09:23:33.1873991Z Collecting et-xmlfile (from openpyxl==3.1.5->-r requirements-dev.txt (line 22))
2025-08-22T09:23:33.1885327Z   Using cached et_xmlfile-2.0.0-py3-none-any.whl.metadata (2.7 kB)
2025-08-22T09:23:33.2342805Z Collecting pytest<9,>=8.2 (from pytest-asyncio==1.1.0->-r requirements-dev.txt (line 28))
2025-08-22T09:23:33.2354437Z   Using cached pytest-8.4.1-py3-none-any.whl.metadata (7.7 kB)
2025-08-22T09:23:33.5403352Z Collecting coverage>=7.5 (from coverage[toml]>=7.5->pytest-cov==6.2.1->-r requirements-dev.txt (line 29))
2025-08-22T09:23:33.5416601Z   Using cached coverage-7.10.4-cp312-cp312-manylinux1_x86_64.manylinux_2_28_x86_64.manylinux_2_5_x86_64.whl.metadata (8.9 kB)
2025-08-22T09:23:33.5571724Z Collecting pluggy>=1.2 (from pytest-cov==6.2.1->-r requirements-dev.txt (line 29))
2025-08-22T09:23:33.5582927Z   Using cached pluggy-1.6.0-py3-none-any.whl.metadata (4.8 kB)
2025-08-22T09:23:33.5845518Z Collecting port-for>=0.7.3 (from pytest-postgresql==7.0.2->-r requirements-dev.txt (line 30))
2025-08-22T09:23:33.5856662Z   Using cached port_for-0.7.4-py3-none-any.whl.metadata (7.1 kB)
2025-08-22T09:23:33.6021212Z Collecting mirakuru>=2.6.0 (from pytest-postgresql==7.0.2->-r requirements-dev.txt (line 30))
2025-08-22T09:23:33.6031894Z   Using cached mirakuru-2.6.1-py3-none-any.whl.metadata (10 kB)
2025-08-22T09:23:33.6859763Z Collecting charset_normalizer<4,>=2 (from requests==2.32.4->-r requirements-dev.txt (line 34))
2025-08-22T09:23:33.6872005Z   Using cached charset_normalizer-3.4.3-cp312-cp312-manylinux2014_x86_64.manylinux_2_17_x86_64.manylinux_2_28_x86_64.whl.metadata (36 kB)
2025-08-22T09:23:33.7050512Z Collecting idna<4,>=2.5 (from requests==2.32.4->-r requirements-dev.txt (line 34))
2025-08-22T09:23:33.7061984Z   Using cached idna-3.10-py3-none-any.whl.metadata (10 kB)
2025-08-22T09:23:33.7361798Z Collecting urllib3<3,>=1.21.1 (from requests==2.32.4->-r requirements-dev.txt (line 34))
2025-08-22T09:23:33.7372833Z   Using cached urllib3-2.5.0-py3-none-any.whl.metadata (6.5 kB)
2025-08-22T09:23:33.7604928Z Collecting certifi>=2017.4.17 (from requests==2.32.4->-r requirements-dev.txt (line 34))
2025-08-22T09:23:33.7616024Z   Using cached certifi-2025.8.3-py3-none-any.whl.metadata (2.4 kB)
2025-08-22T09:23:33.9618879Z Collecting greenlet>=1 (from sqlalchemy==2.0.43->-r requirements-dev.txt (line 37))
2025-08-22T09:23:33.9632498Z   Using cached greenlet-3.2.4-cp312-cp312-manylinux_2_24_x86_64.manylinux_2_28_x86_64.whl.metadata (4.1 kB)
2025-08-22T09:23:33.9891977Z Collecting docker (from testcontainers==4.12.0->testcontainers[postgres]==4.12.0->-r requirements-dev.txt (line 39))
2025-08-22T09:23:33.9902955Z   Using cached docker-7.1.0-py3-none-any.whl.metadata (3.8 kB)
2025-08-22T09:23:34.0880541Z Collecting wrapt (from testcontainers==4.12.0->testcontainers[postgres]==4.12.0->-r requirements-dev.txt (line 39))
2025-08-22T09:23:34.0892093Z   Using cached wrapt-1.17.3-cp312-cp312-manylinux1_x86_64.manylinux_2_28_x86_64.manylinux_2_5_x86_64.whl.metadata (6.4 kB)
2025-08-22T09:23:34.1153430Z Collecting docspec==2.2.1 (from docspec-python==2.2.2->-r requirements-dev.txt (line 41))
2025-08-22T09:23:34.1164981Z   Using cached docspec-2.2.1-py3-none-any.whl.metadata (1.5 kB)
2025-08-22T09:23:34.1346461Z Collecting nr-util>=0.8.12 (from docspec-python==2.2.2->-r requirements-dev.txt (line 41))
2025-08-22T09:23:34.1357291Z   Using cached nr.util-0.8.12-py3-none-any.whl.metadata (813 bytes)
2025-08-22T09:23:34.1719689Z Collecting PyYAML<7.0,>=5.0 (from pydoc-markdown==4.8.2->-r requirements-dev.txt (line 42))
2025-08-22T09:23:34.1731348Z   Using cached PyYAML-6.0.2-cp312-cp312-manylinux_2_17_x86_64.manylinux2014_x86_64.whl.metadata (2.1 kB)
2025-08-22T09:23:34.2003068Z Collecting databind.core<5.0.0,>=4.4.0 (from pydoc-markdown==4.8.2->-r requirements-dev.txt (line 42))
2025-08-22T09:23:34.2013939Z   Using cached databind.core-4.5.2-py3-none-any.whl.metadata (1.1 kB)
2025-08-22T09:23:34.2239304Z Collecting databind.json<5.0.0,>=4.4.0 (from pydoc-markdown==4.8.2->-r requirements-dev.txt (line 42))
2025-08-22T09:23:34.2250320Z   Using cached databind.json-4.5.2-py3-none-any.whl.metadata (1.1 kB)
2025-08-22T09:23:34.2411838Z Collecting docstring-parser<0.12,>=0.11 (from pydoc-markdown==4.8.2->-r requirements-dev.txt (line 42))
2025-08-22T09:23:34.2412923Z   Using cached docstring_parser-0.11-py3-none-any.whl
2025-08-22T09:23:34.2739522Z Collecting tomli<3.0.0,>=2.0.0 (from pydoc-markdown==4.8.2->-r requirements-dev.txt (line 42))
2025-08-22T09:23:34.2771237Z   Using cached tomli-2.2.1-cp312-cp312-manylinux_2_17_x86_64.manylinux2014_x86_64.whl.metadata (11 kB)
2025-08-22T09:23:34.2876728Z Collecting tomli_w<2.0.0,>=1.0.0 (from pydoc-markdown==4.8.2->-r requirements-dev.txt (line 42))
2025-08-22T09:23:34.2887821Z   Using cached tomli_w-1.2.0-py3-none-any.whl.metadata (5.7 kB)
2025-08-22T09:23:34.3343117Z Collecting watchdog (from pydoc-markdown==4.8.2->-r requirements-dev.txt (line 42))
2025-08-22T09:23:34.3354373Z   Using cached watchdog-6.0.0-py3-none-manylinux2014_x86_64.whl.metadata (44 kB)
2025-08-22T09:23:34.3586105Z Collecting yapf>=0.30.0 (from pydoc-markdown==4.8.2->-r requirements-dev.txt (line 42))
2025-08-22T09:23:34.3597094Z   Using cached yapf-0.43.0-py3-none-any.whl.metadata (46 kB)
2025-08-22T09:23:34.3838207Z Collecting Deprecated<2.0.0,>=1.2.12 (from docspec==2.2.1->docspec-python==2.2.2->-r requirements-dev.txt (line 41))
2025-08-22T09:23:34.3849348Z   Using cached Deprecated-1.2.18-py2.py3-none-any.whl.metadata (5.7 kB)
2025-08-22T09:23:34.5342246Z Collecting psycopg-binary==3.2.9 (from psycopg[binary]==3.2.9->-r requirements-dev.txt (line 25))
2025-08-22T09:23:34.5353276Z   Using cached psycopg_binary-3.2.9-cp312-cp312-manylinux_2_17_x86_64.manylinux2014_x86_64.whl.metadata (2.9 kB)
2025-08-22T09:23:34.5690429Z Collecting argon2-cffi (from minio==7.*->-r requirements-dev.txt (line 10))
2025-08-22T09:23:34.5701581Z   Using cached argon2_cffi-25.1.0-py3-none-any.whl.metadata (4.1 kB)
2025-08-22T09:23:34.6497270Z Collecting pycryptodome (from minio==7.*->-r requirements-dev.txt (line 10))
2025-08-22T09:23:34.6511929Z   Using cached pycryptodome-3.23.0-cp37-abi3-manylinux_2_17_x86_64.manylinux2014_x86_64.whl.metadata (3.4 kB)
2025-08-22T09:23:34.6726782Z Collecting anyio (from httpx<0.29,>=0.27->-r requirements-dev.txt (line 16))
2025-08-22T09:23:34.6737776Z   Using cached anyio-4.10.0-py3-none-any.whl.metadata (4.0 kB)
2025-08-22T09:23:34.6949026Z Collecting httpcore==1.* (from httpx<0.29,>=0.27->-r requirements-dev.txt (line 16))
2025-08-22T09:23:34.6960209Z   Using cached httpcore-1.0.9-py3-none-any.whl.metadata (21 kB)
2025-08-22T09:23:34.7298025Z Collecting tzdata>=2022.7 (from pandas==2.2.*->-r requirements-dev.txt (line 23))
2025-08-22T09:23:34.7309107Z   Using cached tzdata-2025.2-py2.py3-none-any.whl.metadata (1.4 kB)
2025-08-22T09:23:34.7482560Z Collecting multimethod<=1.10.0 (from pandera==0.19.*->-r requirements-dev.txt (line 43))
2025-08-22T09:23:34.7493403Z   Using cached multimethod-1.10-py3-none-any.whl.metadata (8.2 kB)
2025-08-22T09:23:34.7899859Z Collecting typeguard (from pandera==0.19.*->-r requirements-dev.txt (line 43))
2025-08-22T09:23:34.7910414Z   Using cached typeguard-4.4.4-py3-none-any.whl.metadata (3.3 kB)
2025-08-22T09:23:34.8047312Z Collecting typing-inspect>=0.6.0 (from pandera==0.19.*->-r requirements-dev.txt (line 43))
2025-08-22T09:23:34.8058109Z   Using cached typing_inspect-0.9.0-py3-none-any.whl.metadata (1.5 kB)
2025-08-22T09:23:34.8354155Z Collecting databind<5.0.0,>=4.5.2 (from databind.core<5.0.0,>=4.4.0->pydoc-markdown==4.8.2->-r requirements-dev.txt (line 42))
2025-08-22T09:23:34.8364979Z   Using cached databind-4.5.2-py3-none-any.whl.metadata (4.3 kB)
2025-08-22T09:23:34.8518075Z Collecting nr-date<3.0.0,>=2.0.0 (from databind<5.0.0,>=4.5.2->databind.core<5.0.0,>=4.4.0->pydoc-markdown==4.8.2->-r requirements-dev.txt (line 42))
2025-08-22T09:23:34.8528793Z   Using cached nr_date-2.1.0-py3-none-any.whl.metadata (746 bytes)
2025-08-22T09:23:34.8678413Z Collecting nr-stream<2.0.0,>=1.0.0 (from databind<5.0.0,>=4.5.2->databind.core<5.0.0,>=4.4.0->pydoc-markdown==4.8.2->-r requirements-dev.txt (line 42))
2025-08-22T09:23:34.8688958Z   Using cached nr_stream-1.1.5-py3-none-any.whl.metadata (3.6 kB)
2025-08-22T09:23:34.8936993Z Collecting typeapi<3,>=2.0.1 (from databind<5.0.0,>=4.5.2->databind.core<5.0.0,>=4.4.0->pydoc-markdown==4.8.2->-r requirements-dev.txt (line 42))
2025-08-22T09:23:34.8947875Z   Using cached typeapi-2.2.4-py3-none-any.whl.metadata (1.5 kB)
2025-08-22T09:23:34.9231006Z Collecting h11>=0.16 (from httpcore==1.*->httpx<0.29,>=0.27->-r requirements-dev.txt (line 16))
2025-08-22T09:23:34.9241813Z   Using cached h11-0.16.0-py3-none-any.whl.metadata (8.3 kB)
2025-08-22T09:23:34.9470990Z Collecting amqp<6.0.0,>=5.1.1 (from kombu<5.6,>=5.5.2->celery==5.5.3->-r requirements-dev.txt (line 12))
2025-08-22T09:23:34.9481987Z   Using cached amqp-5.3.1-py3-none-any.whl.metadata (8.9 kB)
2025-08-22T09:23:34.9875462Z Collecting iniconfig>=1 (from pytest<9,>=8.2->pytest-asyncio==1.1.0->-r requirements-dev.txt (line 28))
2025-08-22T09:23:34.9887113Z   Using cached iniconfig-2.1.0-py3-none-any.whl.metadata (2.7 kB)
2025-08-22T09:23:35.0158457Z Collecting pygments>=2.7.2 (from pytest<9,>=8.2->pytest-asyncio==1.1.0->-r requirements-dev.txt (line 28))
2025-08-22T09:23:35.0169800Z   Using cached pygments-2.19.2-py3-none-any.whl.metadata (2.5 kB)
2025-08-22T09:23:35.0509422Z Collecting sniffio>=1.1 (from anyio->httpx<0.29,>=0.27->-r requirements-dev.txt (line 16))
2025-08-22T09:23:35.0521403Z   Using cached sniffio-1.3.1-py3-none-any.whl.metadata (3.9 kB)
2025-08-22T09:23:35.5707128Z Collecting botocore<1.41.0,>=1.40.15 (from boto3->-r requirements-dev.txt (line 8))
2025-08-22T09:23:35.5781727Z   Downloading botocore-1.40.15-py3-none-any.whl.metadata (5.7 kB)
2025-08-22T09:23:35.5959023Z Collecting jmespath<2.0.0,>=0.7.1 (from boto3->-r requirements-dev.txt (line 8))
2025-08-22T09:23:35.5971490Z   Using cached jmespath-1.0.1-py3-none-any.whl.metadata (7.6 kB)
2025-08-22T09:23:35.6154513Z Collecting s3transfer<0.14.0,>=0.13.0 (from boto3->-r requirements-dev.txt (line 8))
2025-08-22T09:23:35.6166742Z   Using cached s3transfer-0.13.1-py3-none-any.whl.metadata (1.7 kB)
2025-08-22T09:23:35.8794916Z Collecting fastapi-cli>=0.0.8 (from fastapi-cli[standard]>=0.0.8; extra == "all"->fastapi[all]->-r requirements-dev.txt (line 14))
2025-08-22T09:23:35.8806738Z   Using cached fastapi_cli-0.0.8-py3-none-any.whl.metadata (6.3 kB)
2025-08-22T09:23:35.9551300Z Collecting ujson!=4.0.2,!=4.1.0,!=4.2.0,!=4.3.0,!=5.0.0,!=5.1.0,>=4.0.1 (from fastapi[all]->-r requirements-dev.txt (line 14))
2025-08-22T09:23:35.9563183Z   Using cached ujson-5.11.0-cp312-cp312-manylinux_2_24_x86_64.manylinux_2_28_x86_64.whl.metadata (9.4 kB)
2025-08-22T09:23:36.1838500Z Collecting orjson>=3.2.1 (from fastapi[all]->-r requirements-dev.txt (line 14))
2025-08-22T09:23:36.1851316Z   Using cached orjson-3.11.2-cp312-cp312-manylinux_2_17_x86_64.manylinux2014_x86_64.whl.metadata (1.2 kB)
2025-08-22T09:23:36.2004730Z Collecting email-validator>=2.0.0 (from fastapi[all]->-r requirements-dev.txt (line 14))
2025-08-22T09:23:36.2016852Z   Using cached email_validator-2.2.0-py3-none-any.whl.metadata (25 kB)
2025-08-22T09:23:36.2333824Z Collecting uvicorn>=0.12.0 (from uvicorn[standard]>=0.12.0; extra == "all"->fastapi[all]->-r requirements-dev.txt (line 14))
2025-08-22T09:23:36.2345182Z   Using cached uvicorn-0.35.0-py3-none-any.whl.metadata (6.5 kB)
2025-08-22T09:23:36.2539198Z Collecting pydantic-settings>=2.0.0 (from fastapi[all]->-r requirements-dev.txt (line 14))
2025-08-22T09:23:36.2550773Z   Using cached pydantic_settings-2.10.1-py3-none-any.whl.metadata (3.4 kB)
2025-08-22T09:23:36.2711242Z Collecting pydantic-extra-types>=2.0.0 (from fastapi[all]->-r requirements-dev.txt (line 14))
2025-08-22T09:23:36.2722714Z   Using cached pydantic_extra_types-2.10.5-py3-none-any.whl.metadata (3.9 kB)
2025-08-22T09:23:36.3424026Z Collecting prompt-toolkit>=3.0.36 (from click-repl>=0.2.0->celery==5.5.3->-r requirements-dev.txt (line 12))
2025-08-22T09:23:36.3435527Z   Using cached prompt_toolkit-3.0.51-py3-none-any.whl.metadata (6.4 kB)
2025-08-22T09:23:36.3647600Z Collecting dnspython>=2.0.0 (from email-validator>=2.0.0->fastapi[all]->-r requirements-dev.txt (line 14))
2025-08-22T09:23:36.3659413Z   Using cached dnspython-2.7.0-py3-none-any.whl.metadata (5.8 kB)
2025-08-22T09:23:36.3973798Z Collecting typer>=0.15.1 (from fastapi-cli>=0.0.8->fastapi-cli[standard]>=0.0.8; extra == "all"->fastapi[all]->-r requirements-dev.txt (line 14))
2025-08-22T09:23:36.3985804Z   Using cached typer-0.16.1-py3-none-any.whl.metadata (15 kB)
2025-08-22T09:23:36.4279182Z Collecting rich-toolkit>=0.14.8 (from fastapi-cli>=0.0.8->fastapi-cli[standard]>=0.0.8; extra == "all"->fastapi[all]->-r requirements-dev.txt (line 14))
2025-08-22T09:23:36.4290266Z   Using cached rich_toolkit-0.15.0-py3-none-any.whl.metadata (1.0 kB)
2025-08-22T09:23:36.4433876Z Collecting fastapi-cloud-cli>=0.1.1 (from fastapi-cli[standard]>=0.0.8; extra == "all"->fastapi[all]->-r requirements-dev.txt (line 14))
2025-08-22T09:23:36.4445238Z   Using cached fastapi_cloud_cli-0.1.5-py3-none-any.whl.metadata (3.2 kB)
2025-08-22T09:23:36.5171083Z Collecting rignore>=0.5.1 (from fastapi-cloud-cli>=0.1.1->fastapi-cli[standard]>=0.0.8; extra == "all"->fastapi[all]->-r requirements-dev.txt (line 14))
2025-08-22T09:23:36.5182160Z   Using cached rignore-0.6.4-cp312-cp312-manylinux_2_17_x86_64.manylinux2014_x86_64.whl.metadata (3.8 kB)
2025-08-22T09:23:36.5990510Z Collecting sentry-sdk>=2.20.0 (from fastapi-cloud-cli>=0.1.1->fastapi-cli[standard]>=0.0.8; extra == "all"->fastapi[all]->-r requirements-dev.txt (line 14))
2025-08-22T09:23:36.6001185Z   Using cached sentry_sdk-2.35.0-py2.py3-none-any.whl.metadata (10 kB)
2025-08-22T09:23:36.6935506Z Collecting psutil>=4.0.0 (from mirakuru>=2.6.0->pytest-postgresql==7.0.2->-r requirements-dev.txt (line 30))
2025-08-22T09:23:36.6947215Z   Using cached psutil-7.0.0-cp36-abi3-manylinux_2_12_x86_64.manylinux2010_x86_64.manylinux_2_17_x86_64.manylinux2014_x86_64.whl.metadata (22 kB)
2025-08-22T09:23:36.7296707Z Collecting wcwidth (from prompt-toolkit>=3.0.36->click-repl>=0.2.0->celery==5.5.3->-r requirements-dev.txt (line 12))
2025-08-22T09:23:36.7307679Z   Using cached wcwidth-0.2.13-py2.py3-none-any.whl.metadata (14 kB)
2025-08-22T09:23:36.8607433Z Collecting rich>=13.7.1 (from rich-toolkit>=0.14.8->fastapi-cli>=0.0.8->fastapi-cli[standard]>=0.0.8; extra == "all"->fastapi[all]->-r requirements-dev.txt (line 14))
2025-08-22T09:23:36.8619142Z   Using cached rich-14.1.0-py3-none-any.whl.metadata (18 kB)
2025-08-22T09:23:36.8839523Z Collecting markdown-it-py>=2.2.0 (from rich>=13.7.1->rich-toolkit>=0.14.8->fastapi-cli>=0.0.8->fastapi-cli[standard]>=0.0.8; extra == "all"->fastapi[all]->-r requirements-dev.txt (line 14))
2025-08-22T09:23:36.8849932Z   Using cached markdown_it_py-4.0.0-py3-none-any.whl.metadata (7.3 kB)
2025-08-22T09:23:36.9082453Z Collecting mdurl~=0.1 (from markdown-it-py>=2.2.0->rich>=13.7.1->rich-toolkit>=0.14.8->fastapi-cli>=0.0.8->fastapi-cli[standard]>=0.0.8; extra == "all"->fastapi[all]->-r requirements-dev.txt (line 14))
2025-08-22T09:23:36.9098012Z   Using cached mdurl-0.1.2-py3-none-any.whl.metadata (1.6 kB)
2025-08-22T09:23:36.9575862Z Collecting shellingham>=1.3.0 (from typer>=0.15.1->fastapi-cli>=0.0.8->fastapi-cli[standard]>=0.0.8; extra == "all"->fastapi[all]->-r requirements-dev.txt (line 14))
2025-08-22T09:23:36.9586595Z   Using cached shellingham-1.5.4-py2.py3-none-any.whl.metadata (3.5 kB)
2025-08-22T09:23:37.0305750Z Collecting httptools>=0.6.3 (from uvicorn[standard]>=0.12.0; extra == "all"->fastapi[all]->-r requirements-dev.txt (line 14))
2025-08-22T09:23:37.0317360Z   Using cached httptools-0.6.4-cp312-cp312-manylinux_2_5_x86_64.manylinux1_x86_64.manylinux_2_17_x86_64.manylinux2014_x86_64.whl.metadata (3.6 kB)
2025-08-22T09:23:37.0753158Z Collecting uvloop>=0.15.1 (from uvicorn[standard]>=0.12.0; extra == "all"->fastapi[all]->-r requirements-dev.txt (line 14))
2025-08-22T09:23:37.0764452Z   Using cached uvloop-0.21.0-cp312-cp312-manylinux_2_17_x86_64.manylinux2014_x86_64.whl.metadata (4.9 kB)
2025-08-22T09:23:37.1465378Z Collecting watchfiles>=0.13 (from uvicorn[standard]>=0.12.0; extra == "all"->fastapi[all]->-r requirements-dev.txt (line 14))
2025-08-22T09:23:37.1476769Z   Using cached watchfiles-1.1.0-cp312-cp312-manylinux_2_17_x86_64.manylinux2014_x86_64.whl.metadata (4.9 kB)
2025-08-22T09:23:37.3398135Z Collecting websockets>=10.4 (from uvicorn[standard]>=0.12.0; extra == "all"->fastapi[all]->-r requirements-dev.txt (line 14))
2025-08-22T09:23:37.3411575Z   Using cached websockets-15.0.1-cp312-cp312-manylinux_2_5_x86_64.manylinux1_x86_64.manylinux_2_17_x86_64.manylinux2014_x86_64.whl.metadata (6.8 kB)
2025-08-22T09:23:37.3889968Z Collecting argon2-cffi-bindings (from argon2-cffi->minio==7.*->-r requirements-dev.txt (line 10))
2025-08-22T09:23:37.3901533Z   Using cached argon2_cffi_bindings-25.1.0-cp39-abi3-manylinux_2_26_x86_64.manylinux_2_28_x86_64.whl.metadata (7.4 kB)
2025-08-22T09:23:37.4929642Z Collecting cffi>=1.0.1 (from argon2-cffi-bindings->argon2-cffi->minio==7.*->-r requirements-dev.txt (line 10))
2025-08-22T09:23:37.4941676Z   Using cached cffi-1.17.1-cp312-cp312-manylinux_2_17_x86_64.manylinux2014_x86_64.whl.metadata (1.5 kB)
2025-08-22T09:23:37.5097493Z Collecting pycparser (from cffi>=1.0.1->argon2-cffi-bindings->argon2-cffi->minio==7.*->-r requirements-dev.txt (line 10))
2025-08-22T09:23:37.5108652Z   Using cached pycparser-2.22-py3-none-any.whl.metadata (943 bytes)
2025-08-22T09:23:37.5681570Z Using cached jinja2-3.1.6-py3-none-any.whl (134 kB)
2025-08-22T09:23:37.5694093Z Using cached alembic-1.16.4-py3-none-any.whl (247 kB)
2025-08-22T09:23:37.5706821Z Using cached APScheduler-3.10.4-py3-none-any.whl (59 kB)
2025-08-22T09:23:37.5718083Z Using cached asgi_correlation_id-4.3.1-py3-none-any.whl (15 kB)
2025-08-22T09:23:37.5729433Z Using cached asyncpg-0.30.0-cp312-cp312-manylinux_2_17_x86_64.manylinux2014_x86_64.whl (3.6 MB)
2025-08-22T09:23:37.5766511Z Using cached black-25.1.0-cp312-cp312-manylinux_2_17_x86_64.manylinux2014_x86_64.manylinux_2_28_x86_64.whl (1.8 MB)
2025-08-22T09:23:37.5790186Z Using cached vulture-2.10-py2.py3-none-any.whl (27 kB)
2025-08-22T09:23:37.5801329Z Using cached celery-5.5.3-py3-none-any.whl (438 kB)
2025-08-22T09:23:37.5815202Z Using cached fastapi-0.116.1-py3-none-any.whl (95 kB)
2025-08-22T09:23:37.5826788Z Using cached pydantic-2.11.7-py3-none-any.whl (444 kB)
2025-08-22T09:23:37.5841346Z Using cached fastapi_limiter-0.1.6-py3-none-any.whl (15 kB)
2025-08-22T09:23:37.5852496Z Using cached IMAPClient-3.0.1-py2.py3-none-any.whl (182 kB)
2025-08-22T09:23:37.5864715Z Using cached mypy_extensions-1.1.0-py3-none-any.whl (5.0 kB)
2025-08-22T09:23:37.5875647Z Using cached openpyxl-3.1.5-py2.py3-none-any.whl (250 kB)
2025-08-22T09:23:37.5888863Z Using cached psycopg2_binary-2.9.10-cp312-cp312-manylinux_2_17_x86_64.manylinux2014_x86_64.whl (3.0 MB)
2025-08-22T09:23:37.5922083Z Using cached psycopg-3.2.9-py3-none-any.whl (202 kB)
2025-08-22T09:23:37.5934232Z Using cached pytest_asyncio-1.1.0-py3-none-any.whl (15 kB)
2025-08-22T09:23:37.5945444Z Using cached pytest_cov-6.2.1-py3-none-any.whl (24 kB)
2025-08-22T09:23:37.5956735Z Using cached pytest_postgresql-7.0.2-py3-none-any.whl (41 kB)
2025-08-22T09:23:37.5968025Z Using cached python_telegram_bot-22.3-py3-none-any.whl (717 kB)
2025-08-22T09:23:37.5984790Z Using cached requests-2.32.4-py3-none-any.whl (64 kB)
2025-08-22T09:23:37.5996072Z Using cached respx-0.22.0-py2.py3-none-any.whl (25 kB)
2025-08-22T09:23:37.6007697Z Using cached ruff-0.9.9-py3-none-manylinux_2_17_x86_64.manylinux2014_x86_64.whl (11.2 MB)
2025-08-22T09:23:37.6097531Z Using cached sqlalchemy-2.0.43-cp312-cp312-manylinux_2_17_x86_64.manylinux2014_x86_64.whl (3.3 MB)
2025-08-22T09:23:37.6131847Z Using cached structlog-24.1.0-py3-none-any.whl (65 kB)
2025-08-22T09:23:37.6143201Z Using cached testcontainers-4.12.0-py3-none-any.whl (111 kB)
2025-08-22T09:23:37.6155021Z Using cached types_requests-2.32.4.20250809-py3-none-any.whl (20 kB)
2025-08-22T09:23:37.6166417Z Using cached docspec_python-2.2.2-py3-none-any.whl (15 kB)
2025-08-22T09:23:37.6177330Z Using cached pydoc_markdown-4.8.2-py3-none-any.whl (67 kB)
2025-08-22T09:23:37.6188509Z Using cached docspec-2.2.1-py3-none-any.whl (9.8 kB)
2025-08-22T09:23:37.6200001Z Using cached psycopg_binary-3.2.9-cp312-cp312-manylinux_2_17_x86_64.manylinux2014_x86_64.whl (4.4 MB)
2025-08-22T09:23:37.6241798Z Using cached pydantic_core-2.33.2-cp312-cp312-manylinux_2_17_x86_64.manylinux2014_x86_64.whl (2.0 MB)
2025-08-22T09:23:37.6268040Z Using cached redis-6.4.0-py3-none-any.whl (279 kB)
2025-08-22T09:23:37.6280951Z Using cached minio-7.2.16-py3-none-any.whl (95 kB)
2025-08-22T09:23:37.6292525Z Using cached httpx-0.28.1-py3-none-any.whl (73 kB)
2025-08-22T09:23:37.6304399Z Using cached mypy-1.17.1-cp312-cp312-manylinux2014_x86_64.manylinux_2_17_x86_64.manylinux_2_28_x86_64.whl (12.7 MB)
2025-08-22T09:23:37.6403850Z Using cached numpy-1.26.4-cp312-cp312-manylinux_2_17_x86_64.manylinux2014_x86_64.whl (18.0 MB)
2025-08-22T09:23:37.6539260Z Using cached pandas-2.2.3-cp312-cp312-manylinux_2_17_x86_64.manylinux2014_x86_64.whl (12.7 MB)
2025-08-22T09:23:37.6638429Z Using cached pandera-0.19.3-py3-none-any.whl (251 kB)
2025-08-22T09:23:37.6651388Z Using cached billiard-4.2.1-py3-none-any.whl (86 kB)
2025-08-22T09:23:37.6663512Z Using cached charset_normalizer-3.4.3-cp312-cp312-manylinux2014_x86_64.manylinux_2_17_x86_64.manylinux_2_28_x86_64.whl (151 kB)
2025-08-22T09:23:37.6675201Z Using cached click-8.2.1-py3-none-any.whl (102 kB)
2025-08-22T09:23:37.6687067Z Using cached databind.core-4.5.2-py3-none-any.whl (1.5 kB)
2025-08-22T09:23:37.6698400Z Using cached databind-4.5.2-py3-none-any.whl (49 kB)
2025-08-22T09:23:37.6709570Z Using cached databind.json-4.5.2-py3-none-any.whl (1.5 kB)
2025-08-22T09:23:37.6720653Z Using cached Deprecated-1.2.18-py2.py3-none-any.whl (10.0 kB)
2025-08-22T09:23:37.6731694Z Using cached httpcore-1.0.9-py3-none-any.whl (78 kB)
2025-08-22T09:23:37.6743057Z Using cached idna-3.10-py3-none-any.whl (70 kB)
2025-08-22T09:23:37.6754402Z Using cached kombu-5.5.4-py3-none-any.whl (210 kB)
2025-08-22T09:23:37.6766642Z Using cached vine-5.1.0-py3-none-any.whl (9.6 kB)
2025-08-22T09:23:37.6777587Z Using cached amqp-5.3.1-py3-none-any.whl (50 kB)
2025-08-22T09:23:37.6788785Z Using cached multimethod-1.10-py3-none-any.whl (9.9 kB)
2025-08-22T09:23:37.6799926Z Using cached nr_date-2.1.0-py3-none-any.whl (10 kB)
2025-08-22T09:23:37.6810944Z Using cached nr_stream-1.1.5-py3-none-any.whl (10 kB)
2025-08-22T09:23:37.6822023Z Using cached nr.util-0.8.12-py3-none-any.whl (90 kB)
2025-08-22T09:23:37.6833505Z Using cached pytest-8.4.1-py3-none-any.whl (365 kB)
2025-08-22T09:23:37.6846936Z Using cached pluggy-1.6.0-py3-none-any.whl (20 kB)
2025-08-22T09:23:37.6858485Z Using cached PyYAML-6.0.2-cp312-cp312-manylinux_2_17_x86_64.manylinux2014_x86_64.whl (767 kB)
2025-08-22T09:23:37.6874529Z Using cached starlette-0.47.2-py3-none-any.whl (72 kB)
2025-08-22T09:23:37.6886371Z Using cached anyio-4.10.0-py3-none-any.whl (107 kB)
2025-08-22T09:23:37.6898346Z Using cached tomli-2.2.1-cp312-cp312-manylinux_2_17_x86_64.manylinux2014_x86_64.whl (242 kB)
2025-08-22T09:23:37.6910739Z Using cached tomli_w-1.2.0-py3-none-any.whl (6.7 kB)
2025-08-22T09:23:37.6921699Z Using cached typeapi-2.2.4-py3-none-any.whl (26 kB)
2025-08-22T09:23:37.6933257Z Using cached typing_extensions-4.14.1-py3-none-any.whl (43 kB)
2025-08-22T09:23:37.6944555Z Using cached urllib3-2.5.0-py3-none-any.whl (129 kB)
2025-08-22T09:23:37.6956961Z Using cached wrapt-1.17.3-cp312-cp312-manylinux1_x86_64.manylinux_2_28_x86_64.manylinux_2_5_x86_64.whl (88 kB)
2025-08-22T09:23:37.7029248Z Downloading boto3-1.40.15-py3-none-any.whl (140 kB)
2025-08-22T09:23:37.7253982Z Downloading botocore-1.40.15-py3-none-any.whl (14.0 MB)
2025-08-22T09:23:37.8000073Z    ━━━━━━━━━━━━━━━━━━━━━━━━━━━━━━━━━━━━━━━━ 14.0/14.0 MB 204.1 MB/s  0:00:00
2025-08-22T09:23:37.8012622Z Using cached jmespath-1.0.1-py3-none-any.whl (20 kB)
2025-08-22T09:23:37.8024154Z Using cached python_dateutil-2.9.0.post0-py2.py3-none-any.whl (229 kB)
2025-08-22T09:23:37.8037430Z Using cached s3transfer-0.13.1-py3-none-any.whl (85 kB)
2025-08-22T09:23:37.8049074Z Using cached itsdangerous-2.2.0-py3-none-any.whl (16 kB)
2025-08-22T09:23:37.8060341Z Using cached setuptools-80.9.0-py3-none-any.whl (1.2 MB)
2025-08-22T09:23:37.8079792Z Using cached python_dotenv-1.1.1-py3-none-any.whl (20 kB)
2025-08-22T09:23:37.8091256Z Using cached python_multipart-0.0.20-py3-none-any.whl (24 kB)
2025-08-22T09:23:37.8102693Z Using cached annotated_types-0.7.0-py3-none-any.whl (13 kB)
2025-08-22T09:23:37.8113900Z Using cached certifi-2025.8.3-py3-none-any.whl (161 kB)
2025-08-22T09:23:37.8125922Z Using cached click_didyoumean-0.3.1-py3-none-any.whl (3.6 kB)
2025-08-22T09:23:37.8137686Z Using cached click_plugins-1.1.1.2-py2.py3-none-any.whl (11 kB)
2025-08-22T09:23:37.8148645Z Using cached click_repl-0.3.0-py3-none-any.whl (10 kB)
2025-08-22T09:23:37.8160216Z Using cached coverage-7.10.4-cp312-cp312-manylinux1_x86_64.manylinux_2_28_x86_64.manylinux_2_5_x86_64.whl (251 kB)
2025-08-22T09:23:37.8172580Z Using cached email_validator-2.2.0-py3-none-any.whl (33 kB)
2025-08-22T09:23:37.8183891Z Using cached dnspython-2.7.0-py3-none-any.whl (313 kB)
2025-08-22T09:23:37.8196941Z Using cached fastapi_cli-0.0.8-py3-none-any.whl (10 kB)
2025-08-22T09:23:37.8208176Z Using cached fastapi_cloud_cli-0.1.5-py3-none-any.whl (18 kB)
2025-08-22T09:23:37.8219702Z Using cached greenlet-3.2.4-cp312-cp312-manylinux_2_24_x86_64.manylinux_2_28_x86_64.whl (607 kB)
2025-08-22T09:23:37.8234719Z Using cached h11-0.16.0-py3-none-any.whl (37 kB)
2025-08-22T09:23:37.8246408Z Using cached iniconfig-2.1.0-py3-none-any.whl (6.0 kB)
2025-08-22T09:23:37.8257851Z Using cached MarkupSafe-3.0.2-cp312-cp312-manylinux_2_17_x86_64.manylinux2014_x86_64.whl (23 kB)
2025-08-22T09:23:37.8268935Z Using cached mirakuru-2.6.1-py3-none-any.whl (26 kB)
2025-08-22T09:23:37.8280407Z Using cached orjson-3.11.2-cp312-cp312-manylinux_2_17_x86_64.manylinux2014_x86_64.whl (121 kB)
2025-08-22T09:23:37.8292045Z Using cached packaging-25.0-py3-none-any.whl (66 kB)
2025-08-22T09:23:37.8303559Z Using cached pathspec-0.12.1-py3-none-any.whl (31 kB)
2025-08-22T09:23:37.8314730Z Using cached platformdirs-4.3.8-py3-none-any.whl (18 kB)
2025-08-22T09:23:37.8325727Z Using cached port_for-0.7.4-py3-none-any.whl (21 kB)
2025-08-22T09:23:37.8336842Z Using cached prompt_toolkit-3.0.51-py3-none-any.whl (387 kB)
2025-08-22T09:23:37.8350720Z Using cached psutil-7.0.0-cp36-abi3-manylinux_2_12_x86_64.manylinux2010_x86_64.manylinux_2_17_x86_64.manylinux2014_x86_64.whl (277 kB)
2025-08-22T09:23:37.8363114Z Using cached pydantic_extra_types-2.10.5-py3-none-any.whl (38 kB)
2025-08-22T09:23:37.8374113Z Using cached pydantic_settings-2.10.1-py3-none-any.whl (45 kB)
2025-08-22T09:23:37.8385153Z Using cached pygments-2.19.2-py3-none-any.whl (1.2 MB)
2025-08-22T09:23:37.8404330Z Using cached pytz-2025.2-py2.py3-none-any.whl (509 kB)
2025-08-22T09:23:37.8418597Z Using cached rich_toolkit-0.15.0-py3-none-any.whl (29 kB)
2025-08-22T09:23:37.8429532Z Using cached rich-14.1.0-py3-none-any.whl (243 kB)
2025-08-22T09:23:37.8442126Z Using cached markdown_it_py-4.0.0-py3-none-any.whl (87 kB)
2025-08-22T09:23:37.8453286Z Using cached mdurl-0.1.2-py3-none-any.whl (10.0 kB)
2025-08-22T09:23:37.8464236Z Using cached rignore-0.6.4-cp312-cp312-manylinux_2_17_x86_64.manylinux2014_x86_64.whl (949 kB)
2025-08-22T09:23:37.8481805Z Using cached sentry_sdk-2.35.0-py2.py3-none-any.whl (363 kB)
2025-08-22T09:23:37.8494856Z Using cached six-1.17.0-py2.py3-none-any.whl (11 kB)
2025-08-22T09:23:37.8505911Z Using cached sniffio-1.3.1-py3-none-any.whl (10 kB)
2025-08-22T09:23:37.8516941Z Using cached typer-0.16.1-py3-none-any.whl (46 kB)
2025-08-22T09:23:37.8528318Z Using cached shellingham-1.5.4-py2.py3-none-any.whl (9.8 kB)
2025-08-22T09:23:37.8539372Z Using cached typing_inspect-0.9.0-py3-none-any.whl (8.8 kB)
2025-08-22T09:23:37.8550521Z Using cached typing_inspection-0.4.1-py3-none-any.whl (14 kB)
2025-08-22T09:23:37.8561651Z Using cached tzdata-2025.2-py2.py3-none-any.whl (347 kB)
2025-08-22T09:23:37.8574925Z Using cached tzlocal-5.3.1-py3-none-any.whl (18 kB)
2025-08-22T09:23:37.8586601Z Using cached ujson-5.11.0-cp312-cp312-manylinux_2_24_x86_64.manylinux_2_28_x86_64.whl (57 kB)
2025-08-22T09:23:37.8597832Z Using cached uvicorn-0.35.0-py3-none-any.whl (66 kB)
2025-08-22T09:23:37.8610034Z Using cached httptools-0.6.4-cp312-cp312-manylinux_2_5_x86_64.manylinux1_x86_64.manylinux_2_17_x86_64.manylinux2014_x86_64.whl (510 kB)
2025-08-22T09:23:37.8624461Z Using cached uvloop-0.21.0-cp312-cp312-manylinux_2_17_x86_64.manylinux2014_x86_64.whl (4.7 MB)
2025-08-22T09:23:37.8669217Z Using cached watchfiles-1.1.0-cp312-cp312-manylinux_2_17_x86_64.manylinux2014_x86_64.whl (452 kB)
2025-08-22T09:23:37.8683915Z Using cached websockets-15.0.1-cp312-cp312-manylinux_2_5_x86_64.manylinux1_x86_64.manylinux_2_17_x86_64.manylinux2014_x86_64.whl (182 kB)
2025-08-22T09:23:37.8695821Z Using cached yapf-0.43.0-py3-none-any.whl (256 kB)
2025-08-22T09:23:37.8708708Z Using cached argon2_cffi-25.1.0-py3-none-any.whl (14 kB)
2025-08-22T09:23:37.8720398Z Using cached argon2_cffi_bindings-25.1.0-cp39-abi3-manylinux_2_26_x86_64.manylinux_2_28_x86_64.whl (87 kB)
2025-08-22T09:23:37.8732281Z Using cached cffi-1.17.1-cp312-cp312-manylinux_2_17_x86_64.manylinux2014_x86_64.whl (479 kB)
2025-08-22T09:23:37.8746581Z Using cached docker-7.1.0-py3-none-any.whl (147 kB)
2025-08-22T09:23:37.8758553Z Using cached et_xmlfile-2.0.0-py3-none-any.whl (18 kB)
2025-08-22T09:23:37.8771784Z Using cached mako-1.3.10-py3-none-any.whl (78 kB)
2025-08-22T09:23:37.8783564Z Using cached pycparser-2.22-py3-none-any.whl (117 kB)
2025-08-22T09:23:37.8796089Z Using cached pycryptodome-3.23.0-cp37-abi3-manylinux_2_17_x86_64.manylinux2014_x86_64.whl (2.3 MB)
2025-08-22T09:23:37.8823562Z Using cached toml-0.10.2-py2.py3-none-any.whl (16 kB)
2025-08-22T09:23:37.8834363Z Using cached typeguard-4.4.4-py3-none-any.whl (34 kB)
2025-08-22T09:23:37.8845740Z Using cached watchdog-6.0.0-py3-none-manylinux2014_x86_64.whl (79 kB)
2025-08-22T09:23:37.8857440Z Using cached wcwidth-0.2.13-py2.py3-none-any.whl (34 kB)
2025-08-22T09:23:38.3527007Z Installing collected packages: wcwidth, pytz, wrapt, websockets, watchdog, vine, uvloop, urllib3, ujson, tzlocal, tzdata, typing-extensions, tomli_w, tomli, toml, structlog, sniffio, six, shellingham, setuptools, ruff, rignore, redis, PyYAML, python-multipart, python-dotenv, pygments, pycryptodome, pycparser, psycopg2-binary, psycopg-binary, psutil, prompt-toolkit, port-for, pluggy, platformdirs, pathspec, packaging, orjson, numpy, nr-stream, nr-date, mypy-extensions, multimethod, mdurl, MarkupSafe, jmespath, itsdangerous, iniconfig, imapclient, idna, httptools, h11, greenlet, et-xmlfile, docstring-parser, dnspython, coverage, click, charset_normalizer, certifi, billiard, asyncpg, annotated-types, yapf, vulture, uvicorn, typing-inspection, typing-inspect, types-requests, typeguard, typeapi, sqlalchemy, sentry-sdk, requests, python-dateutil, pytest, pydantic-core, psycopg, openpyxl, mypy, mirakuru, markdown-it-py, Mako, Jinja2, httpcore, email-validator, Deprecated, click-repl, click-plugins, click-didyoumean, cffi, black, apscheduler, anyio, amqp, watchfiles, starlette, rich, pytest-postgresql, pytest-cov, pytest-asyncio, pydantic, pandas, nr-util, kombu, httpx, docker, databind, botocore, argon2-cffi-bindings, alembic, typer, testcontainers, s3transfer, rich-toolkit, respx, python-telegram-bot, pydantic-settings, pydantic-extra-types, pandera, fastapi, databind.json, databind.core, celery, asgi-correlation-id, argon2-cffi, minio, fastapi-limiter, fastapi-cloud-cli, fastapi-cli, docspec, boto3, docspec-python, pydoc-markdown
2025-08-22T09:23:57.0883832Z 
2025-08-22T09:23:57.1122230Z Successfully installed Deprecated-1.2.18 Jinja2-3.1.6 Mako-1.3.10 MarkupSafe-3.0.2 PyYAML-6.0.2 alembic-1.16.4 amqp-5.3.1 annotated-types-0.7.0 anyio-4.10.0 apscheduler-3.10.4 argon2-cffi-25.1.0 argon2-cffi-bindings-25.1.0 asgi-correlation-id-4.3.1 asyncpg-0.30.0 billiard-4.2.1 black-25.1.0 boto3-1.40.15 botocore-1.40.15 celery-5.5.3 certifi-2025.8.3 cffi-1.17.1 charset_normalizer-3.4.3 click-8.2.1 click-didyoumean-0.3.1 click-plugins-1.1.1.2 click-repl-0.3.0 coverage-7.10.4 databind-4.5.2 databind.core-4.5.2 databind.json-4.5.2 dnspython-2.7.0 docker-7.1.0 docspec-2.2.1 docspec-python-2.2.2 docstring-parser-0.11 email-validator-2.2.0 et-xmlfile-2.0.0 fastapi-0.116.1 fastapi-cli-0.0.8 fastapi-cloud-cli-0.1.5 fastapi-limiter-0.1.6 greenlet-3.2.4 h11-0.16.0 httpcore-1.0.9 httptools-0.6.4 httpx-0.28.1 idna-3.10 imapclient-3.0.1 iniconfig-2.1.0 itsdangerous-2.2.0 jmespath-1.0.1 kombu-5.5.4 markdown-it-py-4.0.0 mdurl-0.1.2 minio-7.2.16 mirakuru-2.6.1 multimethod-1.10 mypy-1.17.1 mypy-extensions-1.1.0 nr-date-2.1.0 nr-stream-1.1.5 nr-util-0.8.12 numpy-1.26.4 openpyxl-3.1.5 orjson-3.11.2 packaging-25.0 pandas-2.2.3 pandera-0.19.3 pathspec-0.12.1 platformdirs-4.3.8 pluggy-1.6.0 port-for-0.7.4 prompt-toolkit-3.0.51 psutil-7.0.0 psycopg-3.2.9 psycopg-binary-3.2.9 psycopg2-binary-2.9.10 pycparser-2.22 pycryptodome-3.23.0 pydantic-2.11.7 pydantic-core-2.33.2 pydantic-extra-types-2.10.5 pydantic-settings-2.10.1 pydoc-markdown-4.8.2 pygments-2.19.2 pytest-8.4.1 pytest-asyncio-1.1.0 pytest-cov-6.2.1 pytest-postgresql-7.0.2 python-dateutil-2.9.0.post0 python-dotenv-1.1.1 python-multipart-0.0.20 python-telegram-bot-22.3 pytz-2025.2 redis-6.4.0 requests-2.32.4 respx-0.22.0 rich-14.1.0 rich-toolkit-0.15.0 rignore-0.6.4 ruff-0.9.9 s3transfer-0.13.1 sentry-sdk-2.35.0 setuptools-80.9.0 shellingham-1.5.4 six-1.17.0 sniffio-1.3.1 sqlalchemy-2.0.43 starlette-0.47.2 structlog-24.1.0 testcontainers-4.12.0 toml-0.10.2 tomli-2.2.1 tomli_w-1.2.0 typeapi-2.2.4 typeguard-4.4.4 typer-0.16.1 types-requests-2.32.4.20250809 typing-extensions-4.14.1 typing-inspect-0.9.0 typing-inspection-0.4.1 tzdata-2025.2 tzlocal-5.3.1 ujson-5.11.0 urllib3-2.5.0 uvicorn-0.35.0 uvloop-0.21.0 vine-5.1.0 vulture-2.10 watchdog-6.0.0 watchfiles-1.1.0 wcwidth-0.2.13 websockets-15.0.1 wrapt-1.17.3 yapf-0.43.0
2025-08-22T09:23:58.3035946Z Collecting keepa==1.3.15
2025-08-22T09:23:58.3048908Z   Using cached keepa-1.3.15-py3-none-any.whl.metadata (11 kB)
2025-08-22T09:23:58.3364746Z Collecting minio==7.1.15
2025-08-22T09:23:58.3376807Z   Using cached minio-7.1.15-py3-none-any.whl.metadata (4.2 kB)
2025-08-22T09:23:58.3403138Z Requirement already satisfied: numpy>=1.9.3 in /opt/hostedtoolcache/Python/3.12.11/x64/lib/python3.12/site-packages (from keepa==1.3.15) (1.26.4)
2025-08-22T09:23:58.3407895Z Requirement already satisfied: requests>=2.2 in /opt/hostedtoolcache/Python/3.12.11/x64/lib/python3.12/site-packages (from keepa==1.3.15) (2.32.4)
2025-08-22T09:23:58.3752376Z Collecting tqdm (from keepa==1.3.15)
2025-08-22T09:23:58.3763548Z   Using cached tqdm-4.67.1-py3-none-any.whl.metadata (57 kB)
2025-08-22T09:23:58.8531292Z Collecting aiohttp (from keepa==1.3.15)
2025-08-22T09:23:58.8544280Z   Using cached aiohttp-3.12.15-cp312-cp312-manylinux_2_17_x86_64.manylinux2014_x86_64.whl.metadata (7.7 kB)
2025-08-22T09:23:58.8577863Z Requirement already satisfied: pandas<=3.0 in /opt/hostedtoolcache/Python/3.12.11/x64/lib/python3.12/site-packages (from keepa==1.3.15) (2.2.3)
2025-08-22T09:23:58.8581598Z Requirement already satisfied: pydantic in /opt/hostedtoolcache/Python/3.12.11/x64/lib/python3.12/site-packages (from keepa==1.3.15) (2.11.7)
2025-08-22T09:23:58.8589003Z Requirement already satisfied: certifi in /opt/hostedtoolcache/Python/3.12.11/x64/lib/python3.12/site-packages (from minio==7.1.15) (2025.8.3)
2025-08-22T09:23:58.8592498Z Requirement already satisfied: urllib3 in /opt/hostedtoolcache/Python/3.12.11/x64/lib/python3.12/site-packages (from minio==7.1.15) (2.5.0)
2025-08-22T09:23:58.8647335Z Requirement already satisfied: python-dateutil>=2.8.2 in /opt/hostedtoolcache/Python/3.12.11/x64/lib/python3.12/site-packages (from pandas<=3.0->keepa==1.3.15) (2.9.0.post0)
2025-08-22T09:23:58.8652058Z Requirement already satisfied: pytz>=2020.1 in /opt/hostedtoolcache/Python/3.12.11/x64/lib/python3.12/site-packages (from pandas<=3.0->keepa==1.3.15) (2025.2)
2025-08-22T09:23:58.8656950Z Requirement already satisfied: tzdata>=2022.7 in /opt/hostedtoolcache/Python/3.12.11/x64/lib/python3.12/site-packages (from pandas<=3.0->keepa==1.3.15) (2025.2)
2025-08-22T09:23:58.8781436Z Requirement already satisfied: six>=1.5 in /opt/hostedtoolcache/Python/3.12.11/x64/lib/python3.12/site-packages (from python-dateutil>=2.8.2->pandas<=3.0->keepa==1.3.15) (1.17.0)
2025-08-22T09:23:58.8800149Z Requirement already satisfied: charset_normalizer<4,>=2 in /opt/hostedtoolcache/Python/3.12.11/x64/lib/python3.12/site-packages (from requests>=2.2->keepa==1.3.15) (3.4.3)
2025-08-22T09:23:58.8806338Z Requirement already satisfied: idna<4,>=2.5 in /opt/hostedtoolcache/Python/3.12.11/x64/lib/python3.12/site-packages (from requests>=2.2->keepa==1.3.15) (3.10)
2025-08-22T09:23:58.9030715Z Collecting aiohappyeyeballs>=2.5.0 (from aiohttp->keepa==1.3.15)
2025-08-22T09:23:58.9041560Z   Using cached aiohappyeyeballs-2.6.1-py3-none-any.whl.metadata (5.9 kB)
2025-08-22T09:23:58.9162248Z Collecting aiosignal>=1.4.0 (from aiohttp->keepa==1.3.15)
2025-08-22T09:23:58.9173227Z   Using cached aiosignal-1.4.0-py3-none-any.whl.metadata (3.7 kB)
2025-08-22T09:23:58.9346688Z Collecting attrs>=17.3.0 (from aiohttp->keepa==1.3.15)
2025-08-22T09:23:58.9357734Z   Using cached attrs-25.3.0-py3-none-any.whl.metadata (10 kB)
2025-08-22T09:23:59.0028995Z Collecting frozenlist>=1.1.1 (from aiohttp->keepa==1.3.15)
2025-08-22T09:23:59.0040703Z   Using cached frozenlist-1.7.0-cp312-cp312-manylinux_2_5_x86_64.manylinux1_x86_64.manylinux_2_17_x86_64.manylinux2014_x86_64.whl.metadata (18 kB)
2025-08-22T09:23:59.2419141Z Collecting multidict<7.0,>=4.5 (from aiohttp->keepa==1.3.15)
2025-08-22T09:23:59.2432397Z   Using cached multidict-6.6.4-cp312-cp312-manylinux2014_x86_64.manylinux_2_17_x86_64.manylinux_2_28_x86_64.whl.metadata (5.3 kB)
2025-08-22T09:23:59.2868468Z Collecting propcache>=0.2.0 (from aiohttp->keepa==1.3.15)
2025-08-22T09:23:59.2880140Z   Using cached propcache-0.3.2-cp312-cp312-manylinux_2_17_x86_64.manylinux2014_x86_64.whl.metadata (12 kB)
2025-08-22T09:23:59.5293994Z Collecting yarl<2.0,>=1.17.0 (from aiohttp->keepa==1.3.15)
2025-08-22T09:23:59.5307057Z   Using cached yarl-1.20.1-cp312-cp312-manylinux_2_17_x86_64.manylinux2014_x86_64.whl.metadata (73 kB)
2025-08-22T09:23:59.5522099Z Requirement already satisfied: typing-extensions>=4.2 in /opt/hostedtoolcache/Python/3.12.11/x64/lib/python3.12/site-packages (from aiosignal>=1.4.0->aiohttp->keepa==1.3.15) (4.14.1)
2025-08-22T09:23:59.5569736Z Requirement already satisfied: annotated-types>=0.6.0 in /opt/hostedtoolcache/Python/3.12.11/x64/lib/python3.12/site-packages (from pydantic->keepa==1.3.15) (0.7.0)
2025-08-22T09:23:59.5574867Z Requirement already satisfied: pydantic-core==2.33.2 in /opt/hostedtoolcache/Python/3.12.11/x64/lib/python3.12/site-packages (from pydantic->keepa==1.3.15) (2.33.2)
2025-08-22T09:23:59.5581769Z Requirement already satisfied: typing-inspection>=0.4.0 in /opt/hostedtoolcache/Python/3.12.11/x64/lib/python3.12/site-packages (from pydantic->keepa==1.3.15) (0.4.1)
2025-08-22T09:23:59.5640680Z Using cached keepa-1.3.15-py3-none-any.whl (38 kB)
2025-08-22T09:23:59.5651649Z Using cached minio-7.1.15-py3-none-any.whl (77 kB)
2025-08-22T09:23:59.5663580Z Using cached aiohttp-3.12.15-cp312-cp312-manylinux_2_17_x86_64.manylinux2014_x86_64.whl (1.7 MB)
2025-08-22T09:23:59.5687030Z Using cached multidict-6.6.4-cp312-cp312-manylinux2014_x86_64.manylinux_2_17_x86_64.manylinux_2_28_x86_64.whl (256 kB)
2025-08-22T09:23:59.5699714Z Using cached yarl-1.20.1-cp312-cp312-manylinux_2_17_x86_64.manylinux2014_x86_64.whl (355 kB)
2025-08-22T09:23:59.5712898Z Using cached aiohappyeyeballs-2.6.1-py3-none-any.whl (15 kB)
2025-08-22T09:23:59.5723984Z Using cached aiosignal-1.4.0-py3-none-any.whl (7.5 kB)
2025-08-22T09:23:59.5734792Z Using cached attrs-25.3.0-py3-none-any.whl (63 kB)
2025-08-22T09:23:59.5746784Z Using cached frozenlist-1.7.0-cp312-cp312-manylinux_2_5_x86_64.manylinux1_x86_64.manylinux_2_17_x86_64.manylinux2014_x86_64.whl (241 kB)
2025-08-22T09:23:59.5759671Z Using cached propcache-0.3.2-cp312-cp312-manylinux_2_17_x86_64.manylinux2014_x86_64.whl (224 kB)
2025-08-22T09:23:59.5771850Z Using cached tqdm-4.67.1-py3-none-any.whl (78 kB)
2025-08-22T09:23:59.7578524Z Installing collected packages: tqdm, propcache, multidict, minio, frozenlist, attrs, aiohappyeyeballs, yarl, aiosignal, aiohttp, keepa
2025-08-22T09:23:59.8305444Z   Attempting uninstall: minio
2025-08-22T09:23:59.8355322Z     Found existing installation: minio 7.2.16
2025-08-22T09:23:59.8392053Z     Uninstalling minio-7.2.16:
2025-08-22T09:23:59.8402441Z       Successfully uninstalled minio-7.2.16
2025-08-22T09:24:00.1963172Z 
2025-08-22T09:24:00.2076802Z Successfully installed aiohappyeyeballs-2.6.1 aiohttp-3.12.15 aiosignal-1.4.0 attrs-25.3.0 frozenlist-1.7.0 keepa-1.3.15 minio-7.1.15 multidict-6.6.4 propcache-0.3.2 tqdm-4.67.1 yarl-1.20.1
2025-08-22T09:24:00.3537798Z ##[group]Run ruff check .
2025-08-22T09:24:00.3538058Z [36;1mruff check .[0m
2025-08-22T09:24:00.3538271Z [36;1mruff format --check .[0m
2025-08-22T09:24:00.3538491Z [36;1mvulture[0m
2025-08-22T09:24:00.3579054Z shell: /usr/bin/bash -e {0}
2025-08-22T09:24:00.3579281Z env:
2025-08-22T09:24:00.3579476Z   REDIS_URL: redis://localhost:6379/0
2025-08-22T09:24:00.3579732Z   RATE_LIMIT_DEFAULT: 100/minute
2025-08-22T09:24:00.3579951Z   TRUST_X_FORWARDED: 1
2025-08-22T09:24:00.3580142Z   PG_USER: postgres
2025-08-22T09:24:00.3580333Z   PG_PASSWORD: pass
2025-08-22T09:24:00.3580515Z   PG_DATABASE: awa
2025-08-22T09:24:00.3580684Z   PG_HOST: localhost
2025-08-22T09:24:00.3580867Z   PG_PORT: 5432
2025-08-22T09:24:00.3581289Z   PG_SYNC_DSN: ***localhost:5432/awa
2025-08-22T09:24:00.3581664Z   PG_ASYNC_DSN: ***localhost:5432/awa
2025-08-22T09:24:00.3582038Z   DATABASE_URL: ***localhost:5432/awa
2025-08-22T09:24:00.3582267Z   DATA_DIR: /tmp/awa-data
2025-08-22T09:24:00.3582508Z   ENABLE_LIVE: 0
2025-08-22T09:24:00.3582675Z   TESTING: 1
2025-08-22T09:24:00.3582907Z   pythonLocation: /opt/hostedtoolcache/Python/3.12.11/x64
2025-08-22T09:24:00.3583297Z   PKG_CONFIG_PATH: /opt/hostedtoolcache/Python/3.12.11/x64/lib/pkgconfig
2025-08-22T09:24:00.3583679Z   Python_ROOT_DIR: /opt/hostedtoolcache/Python/3.12.11/x64
2025-08-22T09:24:00.3584020Z   Python2_ROOT_DIR: /opt/hostedtoolcache/Python/3.12.11/x64
2025-08-22T09:24:00.3584354Z   Python3_ROOT_DIR: /opt/hostedtoolcache/Python/3.12.11/x64
2025-08-22T09:24:00.3584694Z   LD_LIBRARY_PATH: /opt/hostedtoolcache/Python/3.12.11/x64/lib
2025-08-22T09:24:00.3584982Z ##[endgroup]
2025-08-22T09:24:00.3882705Z All checks passed!
2025-08-22T09:24:00.4106676Z 259 files already formatted
2025-08-22T09:24:00.4671817Z ##[group]Run for i in {1..30}; do pg_isready -h "$PG_HOST" -p "$PG_PORT" -U "$PG_USER" -d "$PG_DATABASE" && break; sleep 1; done
2025-08-22T09:24:00.4672641Z [36;1mfor i in {1..30}; do pg_isready -h "$PG_HOST" -p "$PG_PORT" -U "$PG_USER" -d "$PG_DATABASE" && break; sleep 1; done[0m
2025-08-22T09:24:00.4713668Z shell: /usr/bin/bash -e {0}
2025-08-22T09:24:00.4713892Z env:
2025-08-22T09:24:00.4714097Z   REDIS_URL: redis://localhost:6379/0
2025-08-22T09:24:00.4714361Z   RATE_LIMIT_DEFAULT: 100/minute
2025-08-22T09:24:00.4714581Z   TRUST_X_FORWARDED: 1
2025-08-22T09:24:00.4714778Z   PG_USER: postgres
2025-08-22T09:24:00.4714968Z   PG_PASSWORD: pass
2025-08-22T09:24:00.4715143Z   PG_DATABASE: awa
2025-08-22T09:24:00.4715323Z   PG_HOST: localhost
2025-08-22T09:24:00.4715506Z   PG_PORT: 5432
2025-08-22T09:24:00.4715932Z   PG_SYNC_DSN: ***localhost:5432/awa
2025-08-22T09:24:00.4716508Z   PG_ASYNC_DSN: ***localhost:5432/awa
2025-08-22T09:24:00.4716916Z   DATABASE_URL: ***localhost:5432/awa
2025-08-22T09:24:00.4717153Z   DATA_DIR: /tmp/awa-data
2025-08-22T09:24:00.4717345Z   ENABLE_LIVE: 0
2025-08-22T09:24:00.4717525Z   TESTING: 1
2025-08-22T09:24:00.4717754Z   pythonLocation: /opt/hostedtoolcache/Python/3.12.11/x64
2025-08-22T09:24:00.4718132Z   PKG_CONFIG_PATH: /opt/hostedtoolcache/Python/3.12.11/x64/lib/pkgconfig
2025-08-22T09:24:00.4718509Z   Python_ROOT_DIR: /opt/hostedtoolcache/Python/3.12.11/x64
2025-08-22T09:24:00.4718851Z   Python2_ROOT_DIR: /opt/hostedtoolcache/Python/3.12.11/x64
2025-08-22T09:24:00.4719198Z   Python3_ROOT_DIR: /opt/hostedtoolcache/Python/3.12.11/x64
2025-08-22T09:24:00.4719536Z   LD_LIBRARY_PATH: /opt/hostedtoolcache/Python/3.12.11/x64/lib
2025-08-22T09:24:00.4719823Z ##[endgroup]
2025-08-22T09:24:00.5857792Z localhost:5432 - accepting connections
2025-08-22T09:24:00.5896779Z ##[group]Run psql -h "$PG_HOST" -p "$PG_PORT" -U "$PG_USER" -d "$PG_DATABASE" -c "SELECT 1"
2025-08-22T09:24:00.5897341Z [36;1mpsql -h "$PG_HOST" -p "$PG_PORT" -U "$PG_USER" -d "$PG_DATABASE" -c "SELECT 1"[0m
2025-08-22T09:24:00.5937436Z shell: /usr/bin/bash -e {0}
2025-08-22T09:24:00.5937661Z env:
2025-08-22T09:24:00.5937875Z   REDIS_URL: redis://localhost:6379/0
2025-08-22T09:24:00.5938136Z   RATE_LIMIT_DEFAULT: 100/minute
2025-08-22T09:24:00.5938361Z   TRUST_X_FORWARDED: 1
2025-08-22T09:24:00.5938564Z   PG_USER: postgres
2025-08-22T09:24:00.5938761Z   PG_PASSWORD: pass
2025-08-22T09:24:00.5938941Z   PG_DATABASE: awa
2025-08-22T09:24:00.5939121Z   PG_HOST: localhost
2025-08-22T09:24:00.5939325Z   PG_PORT: 5432
2025-08-22T09:24:00.5939732Z   PG_SYNC_DSN: ***localhost:5432/awa
2025-08-22T09:24:00.5940120Z   PG_ASYNC_DSN: ***localhost:5432/awa
2025-08-22T09:24:00.5940483Z   DATABASE_URL: ***localhost:5432/awa
2025-08-22T09:24:00.5940718Z   DATA_DIR: /tmp/awa-data
2025-08-22T09:24:00.5940954Z   ENABLE_LIVE: 0
2025-08-22T09:24:00.5941127Z   TESTING: 1
2025-08-22T09:24:00.5941367Z   pythonLocation: /opt/hostedtoolcache/Python/3.12.11/x64
2025-08-22T09:24:00.5941769Z   PKG_CONFIG_PATH: /opt/hostedtoolcache/Python/3.12.11/x64/lib/pkgconfig
2025-08-22T09:24:00.5942147Z   Python_ROOT_DIR: /opt/hostedtoolcache/Python/3.12.11/x64
2025-08-22T09:24:00.5942502Z   Python2_ROOT_DIR: /opt/hostedtoolcache/Python/3.12.11/x64
2025-08-22T09:24:00.5942855Z   Python3_ROOT_DIR: /opt/hostedtoolcache/Python/3.12.11/x64
2025-08-22T09:24:00.5943200Z   LD_LIBRARY_PATH: /opt/hostedtoolcache/Python/3.12.11/x64/lib
2025-08-22T09:24:00.5943496Z   PGPASSWORD: pass
2025-08-22T09:24:00.5943678Z ##[endgroup]
2025-08-22T09:24:00.7309136Z  ?column? 
2025-08-22T09:24:00.7309511Z ----------
2025-08-22T09:24:00.7309859Z         1
2025-08-22T09:24:00.7310197Z (1 row)
2025-08-22T09:24:00.7310388Z 
2025-08-22T09:24:00.7342879Z ##[group]Run alembic -c services/api/alembic.ini upgrade head
2025-08-22T09:24:00.7343304Z [36;1malembic -c services/api/alembic.ini upgrade head[0m
2025-08-22T09:24:00.7381963Z shell: /usr/bin/bash -e {0}
2025-08-22T09:24:00.7382186Z env:
2025-08-22T09:24:00.7382385Z   REDIS_URL: redis://localhost:6379/0
2025-08-22T09:24:00.7382651Z   RATE_LIMIT_DEFAULT: 100/minute
2025-08-22T09:24:00.7382872Z   TRUST_X_FORWARDED: 1
2025-08-22T09:24:00.7383221Z   PG_USER: postgres
2025-08-22T09:24:00.7383412Z   PG_PASSWORD: pass
2025-08-22T09:24:00.7383590Z   PG_DATABASE: awa
2025-08-22T09:24:00.7383760Z   PG_HOST: localhost
2025-08-22T09:24:00.7383941Z   PG_PORT: 5432
2025-08-22T09:24:00.7384330Z   PG_SYNC_DSN: ***localhost:5432/awa
2025-08-22T09:24:00.7384708Z   PG_ASYNC_DSN: ***localhost:5432/awa
2025-08-22T09:24:00.7385079Z   DATABASE_URL: ***localhost:5432/awa
2025-08-22T09:24:00.7385306Z   DATA_DIR: /tmp/awa-data
2025-08-22T09:24:00.7385511Z   ENABLE_LIVE: 0
2025-08-22T09:24:00.7385723Z   TESTING: 1
2025-08-22T09:24:00.7385949Z   pythonLocation: /opt/hostedtoolcache/Python/3.12.11/x64
2025-08-22T09:24:00.7386579Z   PKG_CONFIG_PATH: /opt/hostedtoolcache/Python/3.12.11/x64/lib/pkgconfig
2025-08-22T09:24:00.7386968Z   Python_ROOT_DIR: /opt/hostedtoolcache/Python/3.12.11/x64
2025-08-22T09:24:00.7387305Z   Python2_ROOT_DIR: /opt/hostedtoolcache/Python/3.12.11/x64
2025-08-22T09:24:00.7387643Z   Python3_ROOT_DIR: /opt/hostedtoolcache/Python/3.12.11/x64
2025-08-22T09:24:00.7387992Z   LD_LIBRARY_PATH: /opt/hostedtoolcache/Python/3.12.11/x64/lib
2025-08-22T09:24:00.7388280Z ##[endgroup]
2025-08-22T09:24:01.6334744Z INFO  [alembic.runtime.migration] Context impl PostgresqlImpl.
2025-08-22T09:24:01.6335441Z INFO  [alembic.runtime.migration] Will assume transactional DDL.
2025-08-22T09:24:01.6545966Z INFO  [alembic.runtime.migration] Running upgrade  -> 0001_baseline
2025-08-22T09:24:01.6691421Z INFO  [alembic.runtime.migration] Running upgrade 0001_baseline -> 0002_create_roi_view
2025-08-22T09:24:01.6717037Z INFO  [alembic.runtime.migration] Running upgrade 0002_create_roi_view -> 3e9d5c5aff2c
2025-08-22T09:24:01.6882554Z INFO  [alembic.runtime.migration] Running upgrade 3e9d5c5aff2c -> 0003_vendor_prices
2025-08-22T09:24:01.7028200Z INFO  [alembic.runtime.migration] Running upgrade 0003_vendor_prices -> 0004_fee_cron
2025-08-22T09:24:01.7103977Z INFO  [alembic.runtime.migration] Running upgrade 0004_fee_cron -> 0006_fix_roi_views
2025-08-22T09:24:01.7139159Z INFO  [alembic.runtime.migration] Running upgrade 0006_fix_roi_views -> 0020_unified_schema
2025-08-22T09:24:01.7252384Z INFO  [alembic.runtime.migration] Running upgrade 0020_unified_schema -> 0022_fix_roi_view
2025-08-22T09:24:01.7336574Z INFO  [alembic.runtime.migration] Running upgrade 0022_fix_roi_view -> 0023_add_storage_fee
2025-08-22T09:24:01.7364527Z INFO  [alembic.runtime.migration] Running upgrade 0023_add_storage_fee -> 0024_create_buybox
2025-08-22T09:24:01.7392101Z INFO  [alembic.runtime.migration] Running upgrade 0024_create_buybox -> 0025_pr4_indexes_loadlog
2025-08-22T09:24:01.7604164Z INFO  [alembic.runtime.migration] Running upgrade 0025_pr4_indexes_loadlog -> 0026_fix_refund_views
2025-08-22T09:24:01.7663923Z INFO  [alembic.runtime.migration] Running upgrade 0025_pr4_indexes_loadlog -> 0026_amazon_new_reports
2025-08-22T09:24:01.7855302Z INFO  [alembic.runtime.migration] Running upgrade 0026_amazon_new_reports, 0026_fix_refund_views -> 0027_merge_reports_refund_heads
2025-08-22T09:24:01.8605387Z ##[group]Run python -m mypy services || true
2025-08-22T09:24:01.8605739Z [36;1mpython -m mypy services || true[0m
2025-08-22T09:24:01.8646041Z shell: /usr/bin/bash -e {0}
2025-08-22T09:24:01.8646525Z env:
2025-08-22T09:24:01.8646748Z   REDIS_URL: redis://localhost:6379/0
2025-08-22T09:24:01.8647027Z   RATE_LIMIT_DEFAULT: 100/minute
2025-08-22T09:24:01.8647253Z   TRUST_X_FORWARDED: 1
2025-08-22T09:24:01.8647454Z   PG_USER: postgres
2025-08-22T09:24:01.8647647Z   PG_PASSWORD: pass
2025-08-22T09:24:01.8647833Z   PG_DATABASE: awa
2025-08-22T09:24:01.8648011Z   PG_HOST: localhost
2025-08-22T09:24:01.8648198Z   PG_PORT: 5432
2025-08-22T09:24:01.8648779Z   PG_SYNC_DSN: ***localhost:5432/awa
2025-08-22T09:24:01.8649238Z   PG_ASYNC_DSN: ***localhost:5432/awa
2025-08-22T09:24:01.8649623Z   DATABASE_URL: ***localhost:5432/awa
2025-08-22T09:24:01.8649854Z   DATA_DIR: /tmp/awa-data
2025-08-22T09:24:01.8650055Z   ENABLE_LIVE: 0
2025-08-22T09:24:01.8650234Z   TESTING: 1
2025-08-22T09:24:01.8650503Z   pythonLocation: /opt/hostedtoolcache/Python/3.12.11/x64
2025-08-22T09:24:01.8651089Z   PKG_CONFIG_PATH: /opt/hostedtoolcache/Python/3.12.11/x64/lib/pkgconfig
2025-08-22T09:24:01.8651478Z   Python_ROOT_DIR: /opt/hostedtoolcache/Python/3.12.11/x64
2025-08-22T09:24:01.8651830Z   Python2_ROOT_DIR: /opt/hostedtoolcache/Python/3.12.11/x64
2025-08-22T09:24:01.8652185Z   Python3_ROOT_DIR: /opt/hostedtoolcache/Python/3.12.11/x64
2025-08-22T09:24:01.8652537Z   LD_LIBRARY_PATH: /opt/hostedtoolcache/Python/3.12.11/x64/lib
2025-08-22T09:24:01.8652836Z ##[endgroup]
2025-08-22T09:24:32.0224853Z Success: no issues found in 99 source files
2025-08-22T09:24:32.0614646Z ##[group]Run pytest -q --cov=services --cov-report=xml
2025-08-22T09:24:32.0615035Z [36;1mpytest -q --cov=services --cov-report=xml[0m
2025-08-22T09:24:32.0655064Z shell: /usr/bin/bash -e {0}
2025-08-22T09:24:32.0655276Z env:
2025-08-22T09:24:32.0655481Z   REDIS_URL: redis://localhost:6379/0
2025-08-22T09:24:32.0655738Z   RATE_LIMIT_DEFAULT: 100/minute
2025-08-22T09:24:32.0655977Z   TRUST_X_FORWARDED: 1
2025-08-22T09:24:32.0656339Z   PG_USER: postgres
2025-08-22T09:24:32.0656535Z   PG_PASSWORD: pass
2025-08-22T09:24:32.0656712Z   PG_DATABASE: awa
2025-08-22T09:24:32.0656882Z   PG_HOST: localhost
2025-08-22T09:24:32.0657062Z   PG_PORT: 5432
2025-08-22T09:24:32.0657531Z   PG_SYNC_DSN: ***localhost:5432/awa
2025-08-22T09:24:32.0657998Z   PG_ASYNC_DSN: ***localhost:5432/awa
2025-08-22T09:24:32.0658381Z   DATABASE_URL: ***localhost:5432/awa
2025-08-22T09:24:32.0658614Z   DATA_DIR: /tmp/awa-data
2025-08-22T09:24:32.0658814Z   ENABLE_LIVE: 0
2025-08-22T09:24:32.0658986Z   TESTING: 1
2025-08-22T09:24:32.0659248Z   pythonLocation: /opt/hostedtoolcache/Python/3.12.11/x64
2025-08-22T09:24:32.0659632Z   PKG_CONFIG_PATH: /opt/hostedtoolcache/Python/3.12.11/x64/lib/pkgconfig
2025-08-22T09:24:32.0660012Z   Python_ROOT_DIR: /opt/hostedtoolcache/Python/3.12.11/x64
2025-08-22T09:24:32.0660355Z   Python2_ROOT_DIR: /opt/hostedtoolcache/Python/3.12.11/x64
2025-08-22T09:24:32.0660692Z   Python3_ROOT_DIR: /opt/hostedtoolcache/Python/3.12.11/x64
2025-08-22T09:24:32.0661045Z   LD_LIBRARY_PATH: /opt/hostedtoolcache/Python/3.12.11/x64/lib
2025-08-22T09:24:32.0661329Z ##[endgroup]
2025-08-22T09:25:00.4052149Z ........s.............................sssssss........................... [ 41%]
2025-08-22T09:25:32.3099127Z ........................................................................ [ 83%]
2025-08-22T09:25:33.5020765Z .............................                                            [100%]
2025-08-22T09:25:33.5021521Z =============================== warnings summary ===============================
2025-08-22T09:25:33.5022540Z ../../../../../opt/hostedtoolcache/Python/3.12.11/x64/lib/python3.12/site-packages/pydantic/fields.py:1093
2025-08-22T09:25:33.5025874Z   /opt/hostedtoolcache/Python/3.12.11/x64/lib/python3.12/site-packages/pydantic/fields.py:1093: PydanticDeprecatedSince20: Using extra keyword arguments on `Field` is deprecated and will be removed. Use `json_schema_extra` instead. (Extra keys: 'strip_whitespace'). Deprecated in Pydantic V2.0 to be removed in V3.0. See Pydantic V2 Migration Guide at https://errors.pydantic.dev/2.11/migration/
2025-08-22T09:25:33.5028472Z     warn(
2025-08-22T09:25:33.5028647Z 
2025-08-22T09:25:33.5028811Z services/alert_bot/tests/test_smoke.py:5
2025-08-22T09:25:33.5030943Z   /home/runner/work/AWA-App/AWA-App/services/alert_bot/tests/test_smoke.py:5: UserWarning: pkg_resources is deprecated as an API. See https://setuptools.pypa.io/en/latest/pkg_resources.html. The pkg_resources package is slated for removal as early as 2025-11-30. Refrain from using this package or pin to Setuptools<81.
2025-08-22T09:25:33.5033084Z     import pkg_resources  # noqa: F401
2025-08-22T09:25:33.5033400Z 
2025-08-22T09:25:33.5033603Z tests/api/test_ingest_endpoints.py: 12 warnings
2025-08-22T09:25:33.5034143Z tests/ingest/test_tasks_eager.py: 3 warnings
2025-08-22T09:25:33.5034629Z tests/test_api_fast.py: 1 warning
2025-08-22T09:25:33.5035055Z tests/test_health.py: 5 warnings
2025-08-22T09:25:33.5035826Z tests/test_smoke.py: 5 warnings
2025-08-22T09:25:33.5036440Z services/api/tests/test_cors.py: 1 warning
2025-08-22T09:25:33.5036991Z services/api/tests/test_errors_json.py: 2 warnings
2025-08-22T09:25:33.5037649Z Sentry is attempting to send 0 pending events
2025-08-22T09:25:33.5038093Z Waiting up to True seconds
2025-08-22T09:25:33.5038445Z Press Ctrl-C to quit
2025-08-22T09:25:33.5038813Z services/api/tests/test_health.py: 1 warning
2025-08-22T09:25:33.5039305Z services/api/tests/test_rate_limit.py: 122 warnings
2025-08-22T09:25:33.5040138Z services/api/tests/test_roi_basic_auth.py: 4 warnings
2025-08-22T09:25:33.5040703Z services/api/tests/test_sentry_event.py: 1 warning
2025-08-22T09:25:33.5041262Z services/api/tests/test_stats_contracts.py: 3 warnings
2025-08-22T09:25:33.5041891Z services/api/tests/test_stats_future_contracts.py: 3 warnings
2025-08-22T09:25:33.5044259Z   /opt/hostedtoolcache/Python/3.12.11/x64/lib/python3.12/site-packages/asgi_correlation_id/extensions/sentry.py:27: DeprecationWarning: sentry_sdk.configure_scope is deprecated and will be removed in the next major version. Please consult our migration guide to learn how to migrate to the new API: https://docs.sentry.io/platforms/python/migration/1.x-to-2.x#scope-configuring
2025-08-22T09:25:33.5046522Z     with configure_scope() as scope:
2025-08-22T09:25:33.5046778Z 
2025-08-22T09:25:33.5046960Z tests/api/test_ingest_endpoints.py: 3 warnings
2025-08-22T09:25:33.5047379Z tests/test_api_fast.py: 1 warning
2025-08-22T09:25:33.5047776Z tests/test_health.py: 5 warnings
2025-08-22T09:25:33.5048183Z tests/test_smoke.py: 5 warnings
2025-08-22T09:25:33.5048584Z services/api/tests/test_cors.py: 3 warnings
2025-08-22T09:25:33.5049064Z services/api/tests/test_errors_json.py: 2 warnings
2025-08-22T09:25:33.5049544Z services/api/tests/test_health.py: 1 warning
2025-08-22T09:25:33.5050022Z services/api/tests/test_rate_limit.py: 2 warnings
2025-08-22T09:25:33.5050531Z services/api/tests/test_sentry_event.py: 1 warning
2025-08-22T09:25:33.5051093Z services/api/tests/test_stats_contracts.py: 3 warnings
2025-08-22T09:25:33.5051704Z services/api/tests/test_stats_future_contracts.py: 1 warning
2025-08-22T09:25:33.5053156Z   /opt/hostedtoolcache/Python/3.12.11/x64/lib/python3.12/site-packages/fastapi_limiter/__init__.py:89: DeprecationWarning: Call to deprecated close. (Use aclose() instead) -- Deprecated since version 5.0.1.
2025-08-22T09:25:33.5054540Z     await cls.redis.close()
2025-08-22T09:25:33.5054802Z 
2025-08-22T09:25:33.5055036Z tests/test_api_fast.py::test_health_endpoint
2025-08-22T09:25:33.5056963Z   /home/runner/work/AWA-App/AWA-App/tests/test_api_fast.py:13: DeprecationWarning: datetime.datetime.utcnow() is deprecated and scheduled for removal in a future version. Use timezone-aware objects to represent datetimes in UTC: datetime.datetime.now(datetime.UTC).
2025-08-22T09:25:33.5058708Z     return datetime.datetime.utcnow()
2025-08-22T09:25:33.5059029Z 
2025-08-22T09:25:33.5059186Z tests/test_api_fast.py: 1 warning
2025-08-22T09:25:33.5059616Z tests/test_health.py: 5 warnings
2025-08-22T09:25:33.5060028Z tests/test_smoke.py: 5 warnings
2025-08-22T09:25:33.5060447Z services/api/tests/test_cors.py: 1 warning
2025-08-22T09:25:33.5060938Z services/api/tests/test_health.py: 1 warning
2025-08-22T09:25:33.5061469Z services/api/tests/test_rate_limit.py: 102 warnings
2025-08-22T09:25:33.5063302Z   /home/runner/work/AWA-App/AWA-App/services/api/routes/health.py:24: DeprecationWarning: datetime.datetime.utcnow() is deprecated and scheduled for removal in a future version. Use timezone-aware objects to represent datetimes in UTC: datetime.datetime.now(datetime.UTC).
2025-08-22T09:25:33.5065187Z     app_now = datetime.utcnow().replace(tzinfo=timezone.utc)
2025-08-22T09:25:33.5065583Z 
2025-08-22T09:25:33.5065769Z tests/test_health.py::test_health[0]
2025-08-22T09:25:33.5066395Z tests/test_health.py::test_health[1]
2025-08-22T09:25:33.5066838Z tests/test_health.py::test_health[2]
2025-08-22T09:25:33.5067472Z tests/test_health.py::test_health[3]
2025-08-22T09:25:33.5068262Z tests/test_health.py::test_health[4]
2025-08-22T09:25:33.5069952Z   /home/runner/work/AWA-App/AWA-App/tests/test_health.py:22: DeprecationWarning: datetime.datetime.utcnow() is deprecated and scheduled for removal in a future version. Use timezone-aware objects to represent datetimes in UTC: datetime.datetime.now(datetime.UTC).
2025-08-22T09:25:33.5071692Z     return datetime.datetime.utcnow()
2025-08-22T09:25:33.5072003Z 
2025-08-22T09:25:33.5072181Z tests/test_smoke.py::test_health[0]
2025-08-22T09:25:33.5072618Z tests/test_smoke.py::test_health[1]
2025-08-22T09:25:33.5073270Z tests/test_smoke.py::test_health[2]
2025-08-22T09:25:33.5073735Z tests/test_smoke.py::test_health[3]
2025-08-22T09:25:33.5074163Z tests/test_smoke.py::test_health[4]
2025-08-22T09:25:33.5075822Z   /home/runner/work/AWA-App/AWA-App/tests/test_smoke.py:32: DeprecationWarning: datetime.datetime.utcnow() is deprecated and scheduled for removal in a future version. Use timezone-aware objects to represent datetimes in UTC: datetime.datetime.now(datetime.UTC).
2025-08-22T09:25:33.5077837Z     return datetime.datetime.utcnow()
2025-08-22T09:25:33.5078140Z 
2025-08-22T09:25:33.5078448Z services/api/tests/test_cors.py::test_cors_simple_get_allowed
2025-08-22T09:25:33.5080329Z   /home/runner/work/AWA-App/AWA-App/services/api/tests/test_cors.py:27: DeprecationWarning: datetime.datetime.utcnow() is deprecated and scheduled for removal in a future version. Use timezone-aware objects to represent datetimes in UTC: datetime.datetime.now(datetime.UTC).
2025-08-22T09:25:33.5082125Z     return datetime.datetime.utcnow()
2025-08-22T09:25:33.5082448Z 
2025-08-22T09:25:33.5082686Z services/api/tests/test_health.py::test_health_route
2025-08-22T09:25:33.5084518Z   /home/runner/work/AWA-App/AWA-App/services/api/tests/test_health.py:14: DeprecationWarning: datetime.datetime.utcnow() is deprecated and scheduled for removal in a future version. Use timezone-aware objects to represent datetimes in UTC: datetime.datetime.now(datetime.UTC).
2025-08-22T09:25:33.5086526Z     return datetime.datetime.utcnow()
2025-08-22T09:25:33.5086826Z 
2025-08-22T09:25:33.5087042Z services/api/tests/test_rate_limit.py: 102 warnings
2025-08-22T09:25:33.5088896Z   /home/runner/work/AWA-App/AWA-App/services/api/tests/test_rate_limit.py:33: DeprecationWarning: datetime.datetime.utcnow() is deprecated and scheduled for removal in a future version. Use timezone-aware objects to represent datetimes in UTC: datetime.datetime.now(datetime.UTC).
2025-08-22T09:25:33.5090722Z     return datetime.datetime.utcnow()
2025-08-22T09:25:33.5091030Z 
2025-08-22T09:25:33.5091477Z services/api/tests/test_sentry_event.py::test_unhandled_exception_is_captured_and_tagged
2025-08-22T09:25:33.5093854Z   /home/runner/work/AWA-App/AWA-App/services/api/tests/test_sentry_event.py:47: SentryHubDeprecationWarning: `sentry_sdk.Hub` is deprecated and will be removed in a future major release. Please consult our 1.x to 2.x migration guide for details on how to migrate `Hub` usage to the new API: https://docs.sentry.io/platforms/python/migration/1.x-to-2.x
2025-08-22T09:25:33.5095955Z     hub = sentry_sdk.Hub.current
2025-08-22T09:25:33.5096423Z 
2025-08-22T09:25:33.5096752Z -- Docs: https://docs.pytest.org/en/stable/how-to/capture-warnings.html
2025-08-22T09:25:33.5097436Z ================================ tests coverage ================================
2025-08-22T09:25:33.5098101Z _______________ coverage: platform linux, python 3.12.11-final-0 _______________
2025-08-22T09:25:33.5098562Z 
2025-08-22T09:25:33.5098737Z Coverage XML written to file coverage.xml
2025-08-22T09:25:33.9146886Z ##[group]Run actions/upload-artifact@v4
2025-08-22T09:25:33.9147179Z with:
2025-08-22T09:25:33.9147342Z   name: coverage
2025-08-22T09:25:33.9147526Z   path: coverage.xml
2025-08-22T09:25:33.9147725Z   if-no-files-found: warn
2025-08-22T09:25:33.9147925Z   compression-level: 6
2025-08-22T09:25:33.9148121Z   overwrite: false
2025-08-22T09:25:33.9148310Z   include-hidden-files: false
2025-08-22T09:25:33.9148511Z env:
2025-08-22T09:25:33.9148878Z   REDIS_URL: redis://localhost:6379/0
2025-08-22T09:25:33.9149128Z   RATE_LIMIT_DEFAULT: 100/minute
2025-08-22T09:25:33.9149336Z   TRUST_X_FORWARDED: 1
2025-08-22T09:25:33.9149520Z   PG_USER: postgres
2025-08-22T09:25:33.9149703Z   PG_PASSWORD: pass
2025-08-22T09:25:33.9149870Z   PG_DATABASE: awa
2025-08-22T09:25:33.9150042Z   PG_HOST: localhost
2025-08-22T09:25:33.9150217Z   PG_PORT: 5432
2025-08-22T09:25:33.9150626Z   PG_SYNC_DSN: ***localhost:5432/awa
2025-08-22T09:25:33.9151018Z   PG_ASYNC_DSN: ***localhost:5432/awa
2025-08-22T09:25:33.9151427Z   DATABASE_URL: ***localhost:5432/awa
2025-08-22T09:25:33.9151658Z   DATA_DIR: /tmp/awa-data
2025-08-22T09:25:33.9151854Z   ENABLE_LIVE: 0
2025-08-22T09:25:33.9152018Z   TESTING: 1
2025-08-22T09:25:33.9152247Z   pythonLocation: /opt/hostedtoolcache/Python/3.12.11/x64
2025-08-22T09:25:33.9152635Z   PKG_CONFIG_PATH: /opt/hostedtoolcache/Python/3.12.11/x64/lib/pkgconfig
2025-08-22T09:25:33.9153017Z   Python_ROOT_DIR: /opt/hostedtoolcache/Python/3.12.11/x64
2025-08-22T09:25:33.9153356Z   Python2_ROOT_DIR: /opt/hostedtoolcache/Python/3.12.11/x64
2025-08-22T09:25:33.9153702Z   Python3_ROOT_DIR: /opt/hostedtoolcache/Python/3.12.11/x64
2025-08-22T09:25:33.9154062Z   LD_LIBRARY_PATH: /opt/hostedtoolcache/Python/3.12.11/x64/lib
2025-08-22T09:25:33.9154343Z ##[endgroup]
2025-08-22T09:25:34.1243398Z With the provided path, there will be 1 file uploaded
2025-08-22T09:25:34.1248862Z Artifact name is valid!
2025-08-22T09:25:34.1250096Z Root directory input is valid!
2025-08-22T09:25:34.2530265Z Beginning upload of artifact content to blob storage
2025-08-22T09:25:34.3010229Z Uploaded bytes 5477
2025-08-22T09:25:34.3137475Z Finished uploading artifact content to blob storage!
2025-08-22T09:25:34.3140983Z SHA256 digest of uploaded artifact zip is 8c0447a4ca13eadb5e3f0b72206c6151601c5a92fbdb000f619bf69434a3e9bd
2025-08-22T09:25:34.3142775Z Finalizing artifact upload
2025-08-22T09:25:34.4168987Z Artifact coverage.zip successfully finalized. Artifact ID 3826881110
2025-08-22T09:25:34.4170081Z Artifact coverage has been successfully uploaded! Final size is 5477 bytes. Artifact ID is 3826881110
2025-08-22T09:25:34.4175306Z Artifact download URL: https://github.com/AlexBomber12/AWA-App/actions/runs/17151457789/artifacts/3826881110
2025-08-22T09:25:34.4283979Z Post job cleanup.
2025-08-22T09:25:34.5823610Z Cache hit occurred on the primary key setup-python-Linux-x64-24.04-Ubuntu-python-3.12.11-pip-cc13ccef493b9f3a93ad5651164d9fb09282c1111f6f72ce20e0657de16de6b4, not saving cache.
2025-08-22T09:25:34.5918678Z Post job cleanup.
2025-08-22T09:25:34.6702578Z [command]/usr/bin/git version
2025-08-22T09:25:34.6739961Z git version 2.51.0
2025-08-22T09:25:34.6774537Z Temporarily overriding HOME='/home/runner/work/_temp/10f0a450-7500-4b56-ba15-fb1e786b20c9' before making global git config changes
2025-08-22T09:25:34.6775465Z Adding repository directory to the temporary git global config as a safe directory
2025-08-22T09:25:34.6780234Z [command]/usr/bin/git config --global --add safe.directory /home/runner/work/AWA-App/AWA-App
2025-08-22T09:25:34.6816064Z [command]/usr/bin/git config --local --name-only --get-regexp core\.sshCommand
2025-08-22T09:25:34.6848680Z [command]/usr/bin/git submodule foreach --recursive sh -c "git config --local --name-only --get-regexp 'core\.sshCommand' && git config --local --unset-all 'core.sshCommand' || :"
2025-08-22T09:25:34.7071948Z [command]/usr/bin/git config --local --name-only --get-regexp http\.https\:\/\/github\.com\/\.extraheader
2025-08-22T09:25:34.7093828Z http.https://github.com/.extraheader
2025-08-22T09:25:34.7104188Z [command]/usr/bin/git config --local --unset-all http.https://github.com/.extraheader
2025-08-22T09:25:34.7135525Z [command]/usr/bin/git submodule foreach --recursive sh -c "git config --local --name-only --get-regexp 'http\.https\:\/\/github\.com\/\.extraheader' && git config --local --unset-all 'http.https://github.com/.extraheader' || :"
2025-08-22T09:25:34.7447804Z Print service container logs: 348666f36a974af3a384c441b1faa17d_postgres15_e9e9b4
2025-08-22T09:25:34.7452266Z ##[command]/usr/bin/docker logs --details f1eec2bf0cf888fb7625838239a7e64026dececbac3dc166f9163c4983012043
2025-08-22T09:25:34.7574628Z  The files belonging to this database system will be owned by user "postgres".
2025-08-22T09:25:34.7576386Z  initdb: warning: enabling "trust" authentication for local connections
2025-08-22T09:25:34.7577078Z  This user must also own the server process.
2025-08-22T09:25:34.7577538Z  
2025-08-22T09:25:34.7577997Z  The database cluster will be initialized with locale "en_US.utf8".
2025-08-22T09:25:34.7578733Z  The default database encoding has accordingly been set to "UTF8".
2025-08-22T09:25:34.7579425Z  The default text search configuration will be set to "english".
2025-08-22T09:25:34.7580052Z  
2025-08-22T09:25:34.7580459Z  Data page checksums are disabled.
2025-08-22T09:25:34.7580919Z  
2025-08-22T09:25:34.7581744Z  fixing permissions on existing directory /var/lib/postgresql/data ... ok
2025-08-22T09:25:34.7582572Z  creating subdirectories ... ok
2025-08-22T09:25:34.7583201Z  selecting dynamic shared memory implementation ... posix
2025-08-22T09:25:34.7583813Z  selecting default max_connections ... 100
2025-08-22T09:25:34.7584422Z  selecting default shared_buffers ... 128MB
2025-08-22T09:25:34.7584999Z  selecting default time zone ... Etc/UTC
2025-08-22T09:25:34.7585537Z  creating configuration files ... ok
2025-08-22T09:25:34.7586331Z  running bootstrap script ... ok
2025-08-22T09:25:34.7586905Z  performing post-bootstrap initialization ... ok
2025-08-22T09:25:34.7587458Z  syncing data to disk ... ok
2025-08-22T09:25:34.7588000Z  
2025-08-22T09:25:34.7588884Z  initdb: hint: You can change this by editing pg_hba.conf or using the option -A, or --auth-local and --auth-host, the next time you run initdb.
2025-08-22T09:25:34.7643260Z  2025-08-22 09:23:17.564 UTC [1] LOG:  starting PostgreSQL 15.14 (Debian 15.14-1.pgdg13+1) on x86_64-pc-linux-gnu, compiled by gcc (Debian 14.2.0-19) 14.2.0, 64-bit
2025-08-22T09:25:34.7644383Z  2025-08-22 09:23:17.564 UTC [1] LOG:  listening on IPv4 address "0.0.0.0", port 5432
2025-08-22T09:25:34.7645092Z  2025-08-22 09:23:17.564 UTC [1] LOG:  listening on IPv6 address "::", port 5432
2025-08-22T09:25:34.7645620Z  2025-08-22 09:23:17.566 UTC [1] LOG:  listening on Unix socket "/var/run/postgresql/.s.PGSQL.5432"
2025-08-22T09:25:34.7646120Z  2025-08-22 09:23:17.569 UTC [64] LOG:  database system was shut down at 2025-08-22 09:23:17 UTC
2025-08-22T09:25:34.7646806Z  2025-08-22 09:23:17.573 UTC [1] LOG:  database system is ready to accept connections
2025-08-22T09:25:34.7647142Z  
2025-08-22T09:25:34.7647361Z  Success. You can now start the database server using:
2025-08-22T09:25:34.7647637Z  
2025-08-22T09:25:34.7647861Z      pg_ctl -D /var/lib/postgresql/data -l logfile start
2025-08-22T09:25:34.7648139Z  
2025-08-22T09:25:34.7648779Z  waiting for server to start....2025-08-22 09:23:17.227 UTC [48] LOG:  starting PostgreSQL 15.14 (Debian 15.14-1.pgdg13+1) on x86_64-pc-linux-gnu, compiled by gcc (Debian 14.2.0-19) 14.2.0, 64-bit
2025-08-22T09:25:34.7649895Z  2025-08-22 09:23:17.228 UTC [48] LOG:  listening on Unix socket "/var/run/postgresql/.s.PGSQL.5432"
2025-08-22T09:25:34.7650733Z  2025-08-22 09:23:17.231 UTC [51] LOG:  database system was shut down at 2025-08-22 09:23:17 UTC
2025-08-22T09:25:34.7651402Z  2025-08-22 09:23:17.236 UTC [48] LOG:  database system is ready to accept connections
2025-08-22T09:25:34.7651903Z   done
2025-08-22T09:25:34.7652212Z  server started
2025-08-22T09:25:34.7652528Z  CREATE DATABASE
2025-08-22T09:25:34.7652804Z  
2025-08-22T09:25:34.7653039Z  
2025-08-22T09:25:34.7653500Z  /usr/local/bin/docker-entrypoint.sh: ignoring /docker-entrypoint-initdb.d/*
2025-08-22T09:25:34.7654053Z  
2025-08-22T09:25:34.7654408Z  2025-08-22 09:23:17.442 UTC [48] LOG:  received fast shutdown request
2025-08-22T09:25:34.7655419Z  waiting for server to shut down....2025-08-22 09:23:17.443 UTC [48] LOG:  aborting any active transactions
2025-08-22T09:25:34.7656762Z  2025-08-22 09:23:17.446 UTC [48] LOG:  background worker "logical replication launcher" (PID 54) exited with exit code 1
2025-08-22T09:25:34.7657571Z  2025-08-22 09:23:17.446 UTC [49] LOG:  shutting down
2025-08-22T09:25:34.7657923Z  2025-08-22 09:23:17.447 UTC [49] LOG:  checkpoint starting: shutdown immediate
2025-08-22T09:25:34.7658774Z  2025-08-22 09:23:17.467 UTC [49] LOG:  checkpoint complete: wrote 922 buffers (5.6%); 0 WAL file(s) added, 0 removed, 0 recycled; write=0.018 s, sync=0.002 s, total=0.022 s; sync files=301, longest=0.001 s, average=0.001 s; distance=4239 kB, estimate=4239 kB
2025-08-22T09:25:34.7659584Z  2025-08-22 09:23:17.475 UTC [48] LOG:  database system is shut down
2025-08-22T09:25:34.7659878Z   done
2025-08-22T09:25:34.7660042Z  server stopped
2025-08-22T09:25:34.7660220Z  
2025-08-22T09:25:34.7660440Z  PostgreSQL init process complete; ready for start up.
2025-08-22T09:25:34.7660713Z  
2025-08-22T09:25:34.7666024Z Stop and remove container: 348666f36a974af3a384c441b1faa17d_postgres15_e9e9b4
2025-08-22T09:25:34.7670547Z ##[command]/usr/bin/docker rm --force f1eec2bf0cf888fb7625838239a7e64026dececbac3dc166f9163c4983012043
2025-08-22T09:25:34.8859895Z f1eec2bf0cf888fb7625838239a7e64026dececbac3dc166f9163c4983012043
2025-08-22T09:25:34.8881681Z Print service container logs: 5f234aaae89d4e91888c329556614b90_redis7alpine_4f7f0d
2025-08-22T09:25:34.8882710Z ##[command]/usr/bin/docker logs --details d3d941ec995fce109d40ab9f3f0e105c67b4cb4be6044acffa55c5878775f96a
2025-08-22T09:25:34.8999509Z  1:C 22 Aug 2025 09:23:17.731 # WARNING Memory overcommit must be enabled! Without it, a background save or replication may fail under low memory condition. Being disabled, it can also cause failures without low memory condition, see https://github.com/jemalloc/jemalloc/issues/1328. To fix this issue add 'vm.overcommit_memory = 1' to /etc/sysctl.conf and then reboot or run the command 'sysctl vm.overcommit_memory=1' for this to take effect.
2025-08-22T09:25:34.9001098Z  1:C 22 Aug 2025 09:23:17.731 * oO0OoO0OoO0Oo Redis is starting oO0OoO0OoO0Oo
2025-08-22T09:25:34.9001591Z  1:C 22 Aug 2025 09:23:17.731 * Redis version=7.4.5, bits=64, commit=00000000, modified=0, pid=1, just started
2025-08-22T09:25:34.9002309Z  1:C 22 Aug 2025 09:23:17.731 # Warning: no config file specified, using the default config. In order to specify a config file use redis-server /path/to/redis.conf
2025-08-22T09:25:34.9002923Z  1:M 22 Aug 2025 09:23:17.731 * monotonic clock: POSIX clock_gettime
2025-08-22T09:25:34.9003290Z  1:M 22 Aug 2025 09:23:17.732 * Running mode=standalone, port=6379.
2025-08-22T09:25:34.9003608Z  1:M 22 Aug 2025 09:23:17.732 * Server initialized
2025-08-22T09:25:34.9003919Z  1:M 22 Aug 2025 09:23:17.732 * Ready to accept connections tcp
2025-08-22T09:25:34.9012053Z Stop and remove container: 5f234aaae89d4e91888c329556614b90_redis7alpine_4f7f0d
2025-08-22T09:25:34.9013145Z ##[command]/usr/bin/docker rm --force d3d941ec995fce109d40ab9f3f0e105c67b4cb4be6044acffa55c5878775f96a
2025-08-22T09:25:35.0416754Z d3d941ec995fce109d40ab9f3f0e105c67b4cb4be6044acffa55c5878775f96a
2025-08-22T09:25:35.0441159Z Remove container network: github_network_aabc96249eba48d1af08373bd44da350
2025-08-22T09:25:35.0446861Z ##[command]/usr/bin/docker network rm github_network_aabc96249eba48d1af08373bd44da350
2025-08-22T09:25:35.1720547Z github_network_aabc96249eba48d1af08373bd44da350
2025-08-22T09:25:35.1777286Z Cleaning up orphan processes
