2025-08-19T16:05:22.0420402Z Current runner version: '2.327.1'
2025-08-19T16:05:22.0444546Z ##[group]Runner Image Provisioner
2025-08-19T16:05:22.0445413Z Hosted Compute Agent
2025-08-19T16:05:22.0446312Z Version: 20250818.377
2025-08-19T16:05:22.0447115Z Commit: 3c593e9f75fe0b87e893bca80d6e12ba089c61fc
2025-08-19T16:05:22.0447877Z Build Date: 2025-08-18T14:52:18Z
2025-08-19T16:05:22.0448561Z ##[endgroup]
2025-08-19T16:05:22.0449258Z ##[group]Operating System
2025-08-19T16:05:22.0449910Z Ubuntu
2025-08-19T16:05:22.0450410Z 24.04.2
2025-08-19T16:05:22.0450968Z LTS
2025-08-19T16:05:22.0451496Z ##[endgroup]
2025-08-19T16:05:22.0452003Z ##[group]Runner Image
2025-08-19T16:05:22.0452993Z Image: ubuntu-24.04
2025-08-19T16:05:22.0453565Z Version: 20250810.1.0
2025-08-19T16:05:22.0454768Z Included Software: https://github.com/actions/runner-images/blob/ubuntu24/20250810.1/images/ubuntu/Ubuntu2404-Readme.md
2025-08-19T16:05:22.0456815Z Image Release: https://github.com/actions/runner-images/releases/tag/ubuntu24%2F20250810.1
2025-08-19T16:05:22.0457981Z ##[endgroup]
2025-08-19T16:05:22.0460947Z ##[group]GITHUB_TOKEN Permissions
2025-08-19T16:05:22.0463323Z Actions: write
2025-08-19T16:05:22.0463991Z Attestations: write
2025-08-19T16:05:22.0464599Z Checks: write
2025-08-19T16:05:22.0465115Z Contents: write
2025-08-19T16:05:22.0465873Z Deployments: write
2025-08-19T16:05:22.0466454Z Discussions: write
2025-08-19T16:05:22.0467055Z Issues: write
2025-08-19T16:05:22.0467545Z Metadata: read
2025-08-19T16:05:22.0468160Z Models: read
2025-08-19T16:05:22.0468707Z Packages: write
2025-08-19T16:05:22.0469273Z Pages: write
2025-08-19T16:05:22.0469850Z PullRequests: write
2025-08-19T16:05:22.0470455Z RepositoryProjects: write
2025-08-19T16:05:22.0471127Z SecurityEvents: write
2025-08-19T16:05:22.0471794Z Statuses: write
2025-08-19T16:05:22.0472364Z ##[endgroup]
2025-08-19T16:05:22.0474461Z Secret source: Actions
2025-08-19T16:05:22.0475208Z Prepare workflow directory
2025-08-19T16:05:22.0902442Z Prepare all required actions
2025-08-19T16:05:22.0940182Z Getting action download info
2025-08-19T16:05:22.4187923Z Download action repository 'actions/checkout@v4' (SHA:08eba0b27e820071cde6df949e0beb9ba4906955)
2025-08-19T16:05:22.6497405Z Download action repository 'actions/setup-python@v5' (SHA:a26af69be951a213d495a4c3e4e4022e16d87065)
2025-08-19T16:05:22.9516997Z Download action repository 'actions/upload-artifact@v4' (SHA:ea165f8d65b6e75b540449e92b4886f43607fa02)
2025-08-19T16:05:23.1587007Z Complete job name: unit
2025-08-19T16:05:23.2105201Z ##[group]Checking docker version
2025-08-19T16:05:23.2118991Z ##[command]/usr/bin/docker version --format '{{.Server.APIVersion}}'
2025-08-19T16:05:23.2560394Z '1.48'
2025-08-19T16:05:23.2574526Z Docker daemon API version: '1.48'
2025-08-19T16:05:23.2575566Z ##[command]/usr/bin/docker version --format '{{.Client.APIVersion}}'
2025-08-19T16:05:23.2733651Z '1.48'
2025-08-19T16:05:23.2749426Z Docker client API version: '1.48'
2025-08-19T16:05:23.2755060Z ##[endgroup]
2025-08-19T16:05:23.2759037Z ##[group]Clean up resources from previous jobs
2025-08-19T16:05:23.2764198Z ##[command]/usr/bin/docker ps --all --quiet --no-trunc --filter "label=30de8a"
2025-08-19T16:05:23.2905356Z ##[command]/usr/bin/docker network prune --force --filter "label=30de8a"
2025-08-19T16:05:23.3033627Z ##[endgroup]
2025-08-19T16:05:23.3034308Z ##[group]Create local container network
2025-08-19T16:05:23.3045107Z ##[command]/usr/bin/docker network create --label 30de8a github_network_1085c3a57dbd4107b6d6a4d84e8d54b5
2025-08-19T16:05:23.3618363Z 0c61f36ffe5e0fb918bf513f182519d7e7035bfd63aac23bb1f931569a7f5679
2025-08-19T16:05:23.3640546Z ##[endgroup]
2025-08-19T16:05:23.3667351Z ##[group]Starting postgres service container
2025-08-19T16:05:23.3686992Z ##[command]/usr/bin/docker pull postgres:15
2025-08-19T16:05:23.5572923Z 15: Pulling from library/postgres
2025-08-19T16:05:23.6243550Z 396b1da7636e: Pulling fs layer
2025-08-19T16:05:23.6245258Z fca2566eba32: Pulling fs layer
2025-08-19T16:05:23.6247070Z 631fe8c6d606: Pulling fs layer
2025-08-19T16:05:23.6248236Z 77c7671c4414: Pulling fs layer
2025-08-19T16:05:23.6249331Z 2d9e29180a27: Pulling fs layer
2025-08-19T16:05:23.6250274Z c6bcc2c9a041: Pulling fs layer
2025-08-19T16:05:23.6251219Z ac4b721eb66f: Pulling fs layer
2025-08-19T16:05:23.6251997Z 606bd164980e: Pulling fs layer
2025-08-19T16:05:23.6252617Z f5dfd246bc6e: Pulling fs layer
2025-08-19T16:05:23.6253244Z ba7036bb0a60: Pulling fs layer
2025-08-19T16:05:23.6253871Z 799f859abbbd: Pulling fs layer
2025-08-19T16:05:23.6254496Z d903e777080c: Pulling fs layer
2025-08-19T16:05:23.6255083Z 04adcb462801: Pulling fs layer
2025-08-19T16:05:23.6255868Z 5c10925b29ff: Pulling fs layer
2025-08-19T16:05:23.6256480Z 77c7671c4414: Waiting
2025-08-19T16:05:23.6256996Z ac4b721eb66f: Waiting
2025-08-19T16:05:23.6257504Z 2d9e29180a27: Waiting
2025-08-19T16:05:23.6258014Z c6bcc2c9a041: Waiting
2025-08-19T16:05:23.6258513Z f5dfd246bc6e: Waiting
2025-08-19T16:05:23.6258997Z 606bd164980e: Waiting
2025-08-19T16:05:23.6259491Z 04adcb462801: Waiting
2025-08-19T16:05:23.6259956Z d903e777080c: Waiting
2025-08-19T16:05:23.6260494Z 5c10925b29ff: Waiting
2025-08-19T16:05:23.6260983Z 799f859abbbd: Waiting
2025-08-19T16:05:23.6870793Z fca2566eba32: Verifying Checksum
2025-08-19T16:05:23.6872093Z fca2566eba32: Download complete
2025-08-19T16:05:23.7540642Z 77c7671c4414: Verifying Checksum
2025-08-19T16:05:23.7541678Z 77c7671c4414: Download complete
2025-08-19T16:05:23.7849487Z 631fe8c6d606: Verifying Checksum
2025-08-19T16:05:23.7851400Z 631fe8c6d606: Download complete
2025-08-19T16:05:23.8695447Z c6bcc2c9a041: Download complete
2025-08-19T16:05:23.9249702Z 2d9e29180a27: Download complete
2025-08-19T16:05:23.9288891Z ac4b721eb66f: Verifying Checksum
2025-08-19T16:05:23.9290090Z ac4b721eb66f: Download complete
2025-08-19T16:05:24.0117468Z 396b1da7636e: Verifying Checksum
2025-08-19T16:05:24.0119325Z 396b1da7636e: Download complete
2025-08-19T16:05:24.0166279Z 606bd164980e: Verifying Checksum
2025-08-19T16:05:24.0167666Z 606bd164980e: Download complete
2025-08-19T16:05:24.0771242Z 799f859abbbd: Verifying Checksum
2025-08-19T16:05:24.0773609Z 799f859abbbd: Download complete
2025-08-19T16:05:24.0872014Z ba7036bb0a60: Verifying Checksum
2025-08-19T16:05:24.0873561Z ba7036bb0a60: Download complete
2025-08-19T16:05:24.1445610Z 04adcb462801: Verifying Checksum
2025-08-19T16:05:24.1447834Z 04adcb462801: Download complete
2025-08-19T16:05:24.1451801Z d903e777080c: Verifying Checksum
2025-08-19T16:05:24.1970990Z 5c10925b29ff: Verifying Checksum
2025-08-19T16:05:24.1972789Z 5c10925b29ff: Download complete
2025-08-19T16:05:25.0906664Z 396b1da7636e: Pull complete
2025-08-19T16:05:26.1424387Z fca2566eba32: Pull complete
2025-08-19T16:05:26.2403219Z f5dfd246bc6e: Verifying Checksum
2025-08-19T16:05:26.2403780Z f5dfd246bc6e: Download complete
2025-08-19T16:05:26.3293854Z 631fe8c6d606: Pull complete
2025-08-19T16:05:26.3700733Z 77c7671c4414: Pull complete
2025-08-19T16:05:26.7071224Z 2d9e29180a27: Pull complete
2025-08-19T16:05:26.7971360Z c6bcc2c9a041: Pull complete
2025-08-19T16:05:26.8057601Z ac4b721eb66f: Pull complete
2025-08-19T16:05:26.8155909Z 606bd164980e: Pull complete
2025-08-19T16:05:29.9898054Z f5dfd246bc6e: Pull complete
2025-08-19T16:05:30.0041795Z ba7036bb0a60: Pull complete
2025-08-19T16:05:30.0141028Z 799f859abbbd: Pull complete
2025-08-19T16:05:30.0244743Z d903e777080c: Pull complete
2025-08-19T16:05:30.0373206Z 04adcb462801: Pull complete
2025-08-19T16:05:30.0485504Z 5c10925b29ff: Pull complete
2025-08-19T16:05:30.0546512Z Digest: sha256:bc51cf4f1fe02cce7ed2370b20128a9b00b4eb804573a77d2a0d877aaa9c82b1
2025-08-19T16:05:30.0572583Z Status: Downloaded newer image for postgres:15
2025-08-19T16:05:30.0588114Z docker.io/library/postgres:15
2025-08-19T16:05:30.0668018Z ##[command]/usr/bin/docker create --name e38b642c60bc4f64bfcd523721c3cf48_postgres15_6de8ce --label 30de8a --network github_network_1085c3a57dbd4107b6d6a4d84e8d54b5 --network-alias postgres -p 5432:5432 --health-cmd="pg_isready -U postgres -d awa" --health-interval=5s --health-timeout=5s --health-retries=10 -e "POSTGRES_USER=postgres" -e "POSTGRES_PASSWORD=pass" -e "POSTGRES_DB=awa" -e GITHUB_ACTIONS=true -e CI=true postgres:15
2025-08-19T16:05:30.0926578Z 006608ebffcfd111c989bb1b7b439a0b38e3241e56c5fa0065e59c7582c482a5
2025-08-19T16:05:30.0955390Z ##[command]/usr/bin/docker start 006608ebffcfd111c989bb1b7b439a0b38e3241e56c5fa0065e59c7582c482a5
2025-08-19T16:05:30.3867271Z 006608ebffcfd111c989bb1b7b439a0b38e3241e56c5fa0065e59c7582c482a5
2025-08-19T16:05:30.3888534Z ##[command]/usr/bin/docker ps --all --filter id=006608ebffcfd111c989bb1b7b439a0b38e3241e56c5fa0065e59c7582c482a5 --filter status=running --no-trunc --format "{{.ID}} {{.Status}}"
2025-08-19T16:05:30.4018125Z 006608ebffcfd111c989bb1b7b439a0b38e3241e56c5fa0065e59c7582c482a5 Up Less than a second (health: starting)
2025-08-19T16:05:30.4039033Z ##[command]/usr/bin/docker port 006608ebffcfd111c989bb1b7b439a0b38e3241e56c5fa0065e59c7582c482a5
2025-08-19T16:05:30.4167485Z 5432/tcp -> 0.0.0.0:5432
2025-08-19T16:05:30.4168055Z 5432/tcp -> [::]:5432
2025-08-19T16:05:30.4217699Z ##[endgroup]
2025-08-19T16:05:30.4218688Z ##[group]Starting redis service container
2025-08-19T16:05:30.4220012Z ##[command]/usr/bin/docker pull redis:7-alpine
2025-08-19T16:05:30.6038285Z 7-alpine: Pulling from library/redis
2025-08-19T16:05:30.6536357Z 0368fd46e3c6: Pulling fs layer
2025-08-19T16:05:30.6538985Z 4c55286bbede: Pulling fs layer
2025-08-19T16:05:30.6540953Z 5e28347af205: Pulling fs layer
2025-08-19T16:05:30.6541366Z 311eca34042e: Pulling fs layer
2025-08-19T16:05:30.6541816Z e6fe6f07e192: Pulling fs layer
2025-08-19T16:05:30.6542194Z a2cadbfeca72: Pulling fs layer
2025-08-19T16:05:30.6542507Z 4f4fb700ef54: Pulling fs layer
2025-08-19T16:05:30.6542748Z a976ed7e7808: Pulling fs layer
2025-08-19T16:05:30.6542981Z a2cadbfeca72: Waiting
2025-08-19T16:05:30.6543199Z 311eca34042e: Waiting
2025-08-19T16:05:30.6543412Z e6fe6f07e192: Waiting
2025-08-19T16:05:30.6543639Z 4f4fb700ef54: Waiting
2025-08-19T16:05:30.6543845Z a976ed7e7808: Waiting
2025-08-19T16:05:30.7308544Z 4c55286bbede: Verifying Checksum
2025-08-19T16:05:30.7312306Z 4c55286bbede: Download complete
2025-08-19T16:05:30.7601182Z 5e28347af205: Verifying Checksum
2025-08-19T16:05:30.7601886Z 5e28347af205: Download complete
2025-08-19T16:05:30.7977093Z 0368fd46e3c6: Verifying Checksum
2025-08-19T16:05:30.7979419Z 0368fd46e3c6: Download complete
2025-08-19T16:05:30.8138199Z 311eca34042e: Verifying Checksum
2025-08-19T16:05:30.8138710Z 311eca34042e: Download complete
2025-08-19T16:05:30.8841366Z 4f4fb700ef54: Verifying Checksum
2025-08-19T16:05:30.8842938Z 4f4fb700ef54: Download complete
2025-08-19T16:05:30.8853269Z a2cadbfeca72: Verifying Checksum
2025-08-19T16:05:30.8854223Z a2cadbfeca72: Download complete
2025-08-19T16:05:30.9244567Z 0368fd46e3c6: Pull complete
2025-08-19T16:05:30.9600641Z 4c55286bbede: Pull complete
2025-08-19T16:05:30.9631186Z a976ed7e7808: Verifying Checksum
2025-08-19T16:05:30.9631720Z a976ed7e7808: Download complete
2025-08-19T16:05:31.0078871Z e6fe6f07e192: Verifying Checksum
2025-08-19T16:05:31.0079493Z e6fe6f07e192: Download complete
2025-08-19T16:05:31.1193515Z 5e28347af205: Pull complete
2025-08-19T16:05:31.1443930Z 311eca34042e: Pull complete
2025-08-19T16:05:31.3397090Z e6fe6f07e192: Pull complete
2025-08-19T16:05:31.3487677Z a2cadbfeca72: Pull complete
2025-08-19T16:05:31.3570766Z 4f4fb700ef54: Pull complete
2025-08-19T16:05:31.3696312Z a976ed7e7808: Pull complete
2025-08-19T16:05:31.3750274Z Digest: sha256:bb186d083732f669da90be8b0f975a37812b15e913465bb14d845db72a4e3e08
2025-08-19T16:05:31.3761857Z Status: Downloaded newer image for redis:7-alpine
2025-08-19T16:05:31.3770811Z docker.io/library/redis:7-alpine
2025-08-19T16:05:31.3788526Z ##[command]/usr/bin/docker create --name 336d8d66c0f8408ba857ea0b9be1f701_redis7alpine_cff3a5 --label 30de8a --network github_network_1085c3a57dbd4107b6d6a4d84e8d54b5 --network-alias redis -p 6379:6379  -e GITHUB_ACTIONS=true -e CI=true redis:7-alpine
2025-08-19T16:05:31.4039683Z d90be97ba0211085c93498742a0ed922e6b300dbe49d7eece951bc7dd5a406e9
2025-08-19T16:05:31.4055495Z ##[command]/usr/bin/docker start d90be97ba0211085c93498742a0ed922e6b300dbe49d7eece951bc7dd5a406e9
2025-08-19T16:05:31.5520664Z d90be97ba0211085c93498742a0ed922e6b300dbe49d7eece951bc7dd5a406e9
2025-08-19T16:05:31.5540808Z ##[command]/usr/bin/docker ps --all --filter id=d90be97ba0211085c93498742a0ed922e6b300dbe49d7eece951bc7dd5a406e9 --filter status=running --no-trunc --format "{{.ID}} {{.Status}}"
2025-08-19T16:05:31.5673854Z d90be97ba0211085c93498742a0ed922e6b300dbe49d7eece951bc7dd5a406e9 Up Less than a second
2025-08-19T16:05:31.5690835Z ##[command]/usr/bin/docker port d90be97ba0211085c93498742a0ed922e6b300dbe49d7eece951bc7dd5a406e9
2025-08-19T16:05:31.5807328Z 6379/tcp -> 0.0.0.0:6379
2025-08-19T16:05:31.5807797Z 6379/tcp -> [::]:6379
2025-08-19T16:05:31.5821707Z ##[endgroup]
2025-08-19T16:05:31.5834279Z ##[group]Waiting for all services to be ready
2025-08-19T16:05:31.5848855Z ##[command]/usr/bin/docker inspect --format="{{if .Config.Healthcheck}}{{print .State.Health.Status}}{{end}}" 006608ebffcfd111c989bb1b7b439a0b38e3241e56c5fa0065e59c7582c482a5
2025-08-19T16:05:31.5965298Z starting
2025-08-19T16:05:31.5988197Z postgres service is starting, waiting 2 seconds before checking again.
2025-08-19T16:05:33.5986445Z ##[command]/usr/bin/docker inspect --format="{{if .Config.Healthcheck}}{{print .State.Health.Status}}{{end}}" 006608ebffcfd111c989bb1b7b439a0b38e3241e56c5fa0065e59c7582c482a5
2025-08-19T16:05:33.6118327Z starting
2025-08-19T16:05:33.6131354Z postgres service is starting, waiting 4 seconds before checking again.
2025-08-19T16:05:37.7659198Z ##[command]/usr/bin/docker inspect --format="{{if .Config.Healthcheck}}{{print .State.Health.Status}}{{end}}" 006608ebffcfd111c989bb1b7b439a0b38e3241e56c5fa0065e59c7582c482a5
2025-08-19T16:05:37.7784671Z healthy
2025-08-19T16:05:37.7802677Z postgres service is healthy.
2025-08-19T16:05:37.7804231Z ##[command]/usr/bin/docker inspect --format="{{if .Config.Healthcheck}}{{print .State.Health.Status}}{{end}}" d90be97ba0211085c93498742a0ed922e6b300dbe49d7eece951bc7dd5a406e9
2025-08-19T16:05:37.7934951Z redis service is healthy.
2025-08-19T16:05:37.7935840Z ##[endgroup]
2025-08-19T16:05:37.8260107Z ##[group]Run actions/checkout@v4
2025-08-19T16:05:37.8260669Z with:
2025-08-19T16:05:37.8260879Z   repository: AlexBomber12/AWA-App
2025-08-19T16:05:37.8261301Z   token: ***
2025-08-19T16:05:37.8261497Z   ssh-strict: true
2025-08-19T16:05:37.8261698Z   ssh-user: git
2025-08-19T16:05:37.8261904Z   persist-credentials: true
2025-08-19T16:05:37.8262130Z   clean: true
2025-08-19T16:05:37.8262333Z   sparse-checkout-cone-mode: true
2025-08-19T16:05:37.8262579Z   fetch-depth: 1
2025-08-19T16:05:37.8262774Z   fetch-tags: false
2025-08-19T16:05:37.8262971Z   show-progress: true
2025-08-19T16:05:37.8263178Z   lfs: false
2025-08-19T16:05:37.8263354Z   submodules: false
2025-08-19T16:05:37.8263559Z   set-safe-directory: true
2025-08-19T16:05:37.8263957Z env:
2025-08-19T16:05:37.8264191Z   REDIS_URL: redis://localhost:6379/0
2025-08-19T16:05:37.8264477Z   RATE_LIMIT_DEFAULT: 100/minute
2025-08-19T16:05:37.8264719Z   TRUST_X_FORWARDED: 1
2025-08-19T16:05:37.8264936Z ##[endgroup]
2025-08-19T16:05:37.9336408Z Syncing repository: AlexBomber12/AWA-App
2025-08-19T16:05:37.9337804Z ##[group]Getting Git version info
2025-08-19T16:05:37.9338212Z Working directory is '/home/runner/work/AWA-App/AWA-App'
2025-08-19T16:05:37.9338899Z [command]/usr/bin/git version
2025-08-19T16:05:37.9352711Z git version 2.50.1
2025-08-19T16:05:37.9377641Z ##[endgroup]
2025-08-19T16:05:37.9397861Z Temporarily overriding HOME='/home/runner/work/_temp/12dc6ffe-6e79-440c-b0fe-08e312f4243a' before making global git config changes
2025-08-19T16:05:37.9399031Z Adding repository directory to the temporary git global config as a safe directory
2025-08-19T16:05:37.9402560Z [command]/usr/bin/git config --global --add safe.directory /home/runner/work/AWA-App/AWA-App
2025-08-19T16:05:37.9435207Z Deleting the contents of '/home/runner/work/AWA-App/AWA-App'
2025-08-19T16:05:37.9438611Z ##[group]Initializing the repository
2025-08-19T16:05:37.9442528Z [command]/usr/bin/git init /home/runner/work/AWA-App/AWA-App
2025-08-19T16:05:37.9496951Z hint: Using 'master' as the name for the initial branch. This default branch name
2025-08-19T16:05:37.9498286Z hint: is subject to change. To configure the initial branch name to use in all
2025-08-19T16:05:37.9499498Z hint: of your new repositories, which will suppress this warning, call:
2025-08-19T16:05:37.9500051Z hint:
2025-08-19T16:05:37.9500394Z hint: 	git config --global init.defaultBranch <name>
2025-08-19T16:05:37.9500983Z hint:
2025-08-19T16:05:37.9501711Z hint: Names commonly chosen instead of 'master' are 'main', 'trunk' and
2025-08-19T16:05:37.9503001Z hint: 'development'. The just-created branch can be renamed via this command:
2025-08-19T16:05:37.9503973Z hint:
2025-08-19T16:05:37.9504447Z hint: 	git branch -m <name>
2025-08-19T16:05:37.9504982Z hint:
2025-08-19T16:05:37.9506003Z hint: Disable this message with "git config set advice.defaultBranchName false"
2025-08-19T16:05:37.9507326Z Initialized empty Git repository in /home/runner/work/AWA-App/AWA-App/.git/
2025-08-19T16:05:37.9513826Z [command]/usr/bin/git remote add origin https://github.com/AlexBomber12/AWA-App
2025-08-19T16:05:37.9544602Z ##[endgroup]
2025-08-19T16:05:37.9545371Z ##[group]Disabling automatic garbage collection
2025-08-19T16:05:37.9549935Z [command]/usr/bin/git config --local gc.auto 0
2025-08-19T16:05:37.9578320Z ##[endgroup]
2025-08-19T16:05:37.9578984Z ##[group]Setting up auth
2025-08-19T16:05:37.9585572Z [command]/usr/bin/git config --local --name-only --get-regexp core\.sshCommand
2025-08-19T16:05:37.9616145Z [command]/usr/bin/git submodule foreach --recursive sh -c "git config --local --name-only --get-regexp 'core\.sshCommand' && git config --local --unset-all 'core.sshCommand' || :"
2025-08-19T16:05:37.9881608Z [command]/usr/bin/git config --local --name-only --get-regexp http\.https\:\/\/github\.com\/\.extraheader
2025-08-19T16:05:37.9914416Z [command]/usr/bin/git submodule foreach --recursive sh -c "git config --local --name-only --get-regexp 'http\.https\:\/\/github\.com\/\.extraheader' && git config --local --unset-all 'http.https://github.com/.extraheader' || :"
2025-08-19T16:05:38.0147948Z [command]/usr/bin/git config --local http.https://github.com/.extraheader AUTHORIZATION: basic ***
2025-08-19T16:05:38.0183193Z ##[endgroup]
2025-08-19T16:05:38.0183972Z ##[group]Fetching the repository
2025-08-19T16:05:38.0192635Z [command]/usr/bin/git -c protocol.version=2 fetch --no-tags --prune --no-recurse-submodules --depth=1 origin +3777cfca6e9d097e2508748e9dba6933bb7693d1:refs/remotes/origin/main
2025-08-19T16:05:38.2735312Z From https://github.com/AlexBomber12/AWA-App
2025-08-19T16:05:38.2736216Z  * [new ref]         3777cfca6e9d097e2508748e9dba6933bb7693d1 -> origin/main
2025-08-19T16:05:38.2760060Z ##[endgroup]
2025-08-19T16:05:38.2760999Z ##[group]Determining the checkout info
2025-08-19T16:05:38.2763708Z ##[endgroup]
2025-08-19T16:05:38.2769534Z [command]/usr/bin/git sparse-checkout disable
2025-08-19T16:05:38.2808394Z [command]/usr/bin/git config --local --unset-all extensions.worktreeConfig
2025-08-19T16:05:38.2837227Z ##[group]Checking out the ref
2025-08-19T16:05:38.2841512Z [command]/usr/bin/git checkout --progress --force -B main refs/remotes/origin/main
2025-08-19T16:05:38.3188538Z Switched to a new branch 'main'
2025-08-19T16:05:38.3191230Z branch 'main' set up to track 'origin/main'.
2025-08-19T16:05:38.3199366Z ##[endgroup]
2025-08-19T16:05:38.3235426Z [command]/usr/bin/git log -1 --format=%H
2025-08-19T16:05:38.3258247Z 3777cfca6e9d097e2508748e9dba6933bb7693d1
2025-08-19T16:05:38.3430814Z ##[group]Run cat .env.ci >> "$GITHUB_ENV"
2025-08-19T16:05:38.3431236Z [36;1mcat .env.ci >> "$GITHUB_ENV"[0m
2025-08-19T16:05:38.3432094Z [36;1mecho "DATABASE_URL=***localhost:5432/awa" >> "$GITHUB_ENV"[0m
2025-08-19T16:05:38.3432567Z [36;1mecho "PG_HOST=localhost" >> "$GITHUB_ENV"[0m
2025-08-19T16:05:38.3432931Z [36;1mecho "PG_PORT=5432" >> "$GITHUB_ENV"[0m
2025-08-19T16:05:38.3433281Z [36;1mecho "PG_USER=postgres" >> "$GITHUB_ENV"[0m
2025-08-19T16:05:38.3433819Z [36;1mecho "PG_PASSWORD=pass" >> "$GITHUB_ENV"[0m
2025-08-19T16:05:38.3434170Z [36;1mecho "PG_DATABASE=awa" >> "$GITHUB_ENV"[0m
2025-08-19T16:05:38.3479051Z shell: /usr/bin/bash -e {0}
2025-08-19T16:05:38.3479338Z env:
2025-08-19T16:05:38.3479579Z   REDIS_URL: redis://localhost:6379/0
2025-08-19T16:05:38.3479906Z   RATE_LIMIT_DEFAULT: 100/minute
2025-08-19T16:05:38.3480197Z   TRUST_X_FORWARDED: 1
2025-08-19T16:05:38.3480440Z ##[endgroup]
2025-08-19T16:05:38.3650744Z ##[group]Run actions/setup-python@v5
2025-08-19T16:05:38.3651046Z with:
2025-08-19T16:05:38.3651250Z   python-version: 3.12
2025-08-19T16:05:38.3651477Z   cache: pip
2025-08-19T16:05:38.3651726Z   cache-dependency-path: requirements-dev.txt
2025-08-19T16:05:38.3652050Z   check-latest: false
2025-08-19T16:05:38.3652399Z   token: ***
2025-08-19T16:05:38.3652620Z   update-environment: true
2025-08-19T16:05:38.3652885Z   allow-prereleases: false
2025-08-19T16:05:38.3653135Z   freethreaded: false
2025-08-19T16:05:38.3653347Z env:
2025-08-19T16:05:38.3653575Z   REDIS_URL: redis://localhost:6379/0
2025-08-19T16:05:38.3653869Z   RATE_LIMIT_DEFAULT: 100/minute
2025-08-19T16:05:38.3654133Z   TRUST_X_FORWARDED: 1
2025-08-19T16:05:38.3654361Z   PG_USER: postgres
2025-08-19T16:05:38.3654575Z   PG_PASSWORD: pass
2025-08-19T16:05:38.3654794Z   PG_DATABASE: awa
2025-08-19T16:05:38.3655001Z   PG_HOST: localhost
2025-08-19T16:05:38.3655224Z   PG_PORT: 5432
2025-08-19T16:05:38.3655911Z   PG_SYNC_DSN: ***localhost:5432/awa
2025-08-19T16:05:38.3656400Z   PG_ASYNC_DSN: ***localhost:5432/awa
2025-08-19T16:05:38.3656893Z   DATABASE_URL: ***localhost:5432/awa
2025-08-19T16:05:38.3657178Z   DATA_DIR: /tmp/awa-data
2025-08-19T16:05:38.3657415Z   ENABLE_LIVE: 0
2025-08-19T16:05:38.3657616Z   TESTING: 1
2025-08-19T16:05:38.3657812Z ##[endgroup]
2025-08-19T16:05:38.5307419Z ##[group]Installed versions
2025-08-19T16:05:38.5397225Z Successfully set up CPython (3.12.11)
2025-08-19T16:05:38.5398089Z ##[endgroup]
2025-08-19T16:05:38.5723454Z [command]/opt/hostedtoolcache/Python/3.12.11/x64/bin/pip cache dir
2025-08-19T16:05:39.7987558Z /home/runner/.cache/pip
2025-08-19T16:05:39.9242521Z Cache hit for: setup-python-Linux-x64-24.04-Ubuntu-python-3.12.11-pip-29fc3204f837bce43d81586a404709764a9accd1f738d0c33a52a32bf7a0c312
2025-08-19T16:05:40.9642764Z Received 243269632 of 337355326 (72.1%), 231.8 MBs/sec
2025-08-19T16:05:41.4319851Z Received 337355326 of 337355326 (100.0%), 219.2 MBs/sec
2025-08-19T16:05:41.4322809Z Cache Size: ~322 MB (337355326 B)
2025-08-19T16:05:41.4360644Z [command]/usr/bin/tar -xf /home/runner/work/_temp/dd7a0d51-6a3d-4837-a913-bb88796a6591/cache.tzst -P -C /home/runner/work/AWA-App/AWA-App --use-compress-program unzstd
2025-08-19T16:05:41.9941287Z Cache restored successfully
2025-08-19T16:05:42.0608225Z Cache restored from key: setup-python-Linux-x64-24.04-Ubuntu-python-3.12.11-pip-1a2c1eba01aa989118745ebc107b237c3114a9299ab8242dd6835b1f7adfbb96
2025-08-19T16:05:42.0793311Z ##[group]Run pip install -r requirements-dev.txt
2025-08-19T16:05:42.0793800Z [36;1mpip install -r requirements-dev.txt[0m
2025-08-19T16:05:42.0794223Z [36;1mpip install keepa==1.3.15 minio==7.1.15[0m
2025-08-19T16:05:42.0837966Z shell: /usr/bin/bash -e {0}
2025-08-19T16:05:42.0838285Z env:
2025-08-19T16:05:42.0838565Z   REDIS_URL: redis://localhost:6379/0
2025-08-19T16:05:42.0838944Z   RATE_LIMIT_DEFAULT: 100/minute
2025-08-19T16:05:42.0839273Z   TRUST_X_FORWARDED: 1
2025-08-19T16:05:42.0839556Z   PG_USER: postgres
2025-08-19T16:05:42.0839830Z   PG_PASSWORD: pass
2025-08-19T16:05:42.0840093Z   PG_DATABASE: awa
2025-08-19T16:05:42.0840363Z   PG_HOST: localhost
2025-08-19T16:05:42.0840636Z   PG_PORT: 5432
2025-08-19T16:05:42.0841230Z   PG_SYNC_DSN: ***localhost:5432/awa
2025-08-19T16:05:42.0841842Z   PG_ASYNC_DSN: ***localhost:5432/awa
2025-08-19T16:05:42.0842378Z   DATABASE_URL: ***localhost:5432/awa
2025-08-19T16:05:42.0842719Z   DATA_DIR: /tmp/awa-data
2025-08-19T16:05:42.0843049Z   ENABLE_LIVE: 0
2025-08-19T16:05:42.0843298Z   TESTING: 1
2025-08-19T16:05:42.0843635Z   pythonLocation: /opt/hostedtoolcache/Python/3.12.11/x64
2025-08-19T16:05:42.0844398Z   PKG_CONFIG_PATH: /opt/hostedtoolcache/Python/3.12.11/x64/lib/pkgconfig
2025-08-19T16:05:42.0844962Z   Python_ROOT_DIR: /opt/hostedtoolcache/Python/3.12.11/x64
2025-08-19T16:05:42.0845466Z   Python2_ROOT_DIR: /opt/hostedtoolcache/Python/3.12.11/x64
2025-08-19T16:05:42.0846138Z   Python3_ROOT_DIR: /opt/hostedtoolcache/Python/3.12.11/x64
2025-08-19T16:05:42.0846655Z   LD_LIBRARY_PATH: /opt/hostedtoolcache/Python/3.12.11/x64/lib
2025-08-19T16:05:42.0847068Z ##[endgroup]
2025-08-19T16:05:43.0298751Z Collecting Jinja2==3.1.6 (from -r requirements-dev.txt (line 2))
2025-08-19T16:05:43.0311982Z   Using cached jinja2-3.1.6-py3-none-any.whl.metadata (2.9 kB)
2025-08-19T16:05:43.0521435Z Collecting alembic==1.13.1 (from -r requirements-dev.txt (line 3))
2025-08-19T16:05:43.0534237Z   Using cached alembic-1.13.1-py3-none-any.whl.metadata (7.4 kB)
2025-08-19T16:05:43.0688531Z Collecting apscheduler==3.10.4 (from -r requirements-dev.txt (line 4))
2025-08-19T16:05:43.0700360Z   Using cached APScheduler-3.10.4-py3-none-any.whl.metadata (5.7 kB)
2025-08-19T16:05:43.0848906Z Collecting asgi-correlation-id==4.3.1 (from -r requirements-dev.txt (line 5))
2025-08-19T16:05:43.0860558Z   Using cached asgi_correlation_id-4.3.1-py3-none-any.whl.metadata (28 kB)
2025-08-19T16:05:43.1258954Z Collecting asyncpg==0.30.0 (from -r requirements-dev.txt (line 6))
2025-08-19T16:05:43.1270938Z   Using cached asyncpg-0.30.0-cp312-cp312-manylinux_2_17_x86_64.manylinux2014_x86_64.whl.metadata (5.0 kB)
2025-08-19T16:05:43.1690802Z Collecting black==25.1.0 (from -r requirements-dev.txt (line 7))
2025-08-19T16:05:43.1703003Z   Using cached black-25.1.0-cp312-cp312-manylinux_2_17_x86_64.manylinux2014_x86_64.manylinux_2_28_x86_64.whl.metadata (81 kB)
2025-08-19T16:05:43.4893502Z Collecting boto3 (from -r requirements-dev.txt (line 8))
2025-08-19T16:05:43.4905957Z   Using cached boto3-1.40.12-py3-none-any.whl.metadata (6.7 kB)
2025-08-19T16:05:43.5310522Z Collecting redis==6.* (from -r requirements-dev.txt (line 9))
2025-08-19T16:05:43.5321521Z   Using cached redis-6.4.0-py3-none-any.whl.metadata (10 kB)
2025-08-19T16:05:43.5620012Z Collecting minio==7.* (from -r requirements-dev.txt (line 10))
2025-08-19T16:05:43.5630804Z   Using cached minio-7.2.16-py3-none-any.whl.metadata (6.5 kB)
2025-08-19T16:05:43.5921904Z Collecting celery==5.5.3 (from -r requirements-dev.txt (line 11))
2025-08-19T16:05:43.5933233Z   Using cached celery-5.5.3-py3-none-any.whl.metadata (22 kB)
2025-08-19T16:05:43.6498463Z Collecting fastapi==0.116.1 (from -r requirements-dev.txt (line 12))
2025-08-19T16:05:43.6510516Z   Using cached fastapi-0.116.1-py3-none-any.whl.metadata (28 kB)
2025-08-19T16:05:43.6681815Z Collecting fastapi-limiter==0.1.6 (from -r requirements-dev.txt (line 14))
2025-08-19T16:05:43.6694899Z   Using cached fastapi_limiter-0.1.6-py3-none-any.whl.metadata (5.3 kB)
2025-08-19T16:05:43.6867809Z Collecting httpx<0.29,>=0.27 (from -r requirements-dev.txt (line 15))
2025-08-19T16:05:43.6878702Z   Using cached httpx-0.28.1-py3-none-any.whl.metadata (7.1 kB)
2025-08-19T16:05:43.6992437Z Collecting imapclient==3.0.1 (from -r requirements-dev.txt (line 16))
2025-08-19T16:05:43.7003673Z   Using cached IMAPClient-3.0.1-py2.py3-none-any.whl.metadata (1.7 kB)
2025-08-19T16:05:43.7097528Z Collecting itsdangerous (from -r requirements-dev.txt (line 17))
2025-08-19T16:05:43.7108966Z   Using cached itsdangerous-2.2.0-py3-none-any.whl.metadata (1.9 kB)
2025-08-19T16:05:43.8061975Z Collecting mypy==1.* (from -r requirements-dev.txt (line 18))
2025-08-19T16:05:43.8073917Z   Using cached mypy-1.17.1-cp312-cp312-manylinux2014_x86_64.manylinux_2_17_x86_64.manylinux_2_28_x86_64.whl.metadata (2.2 kB)
2025-08-19T16:05:43.8164761Z Collecting mypy-extensions==1.1.0 (from -r requirements-dev.txt (line 19))
2025-08-19T16:05:43.8175767Z   Using cached mypy_extensions-1.1.0-py3-none-any.whl.metadata (1.1 kB)
2025-08-19T16:05:43.9962864Z Collecting numpy<2 (from -r requirements-dev.txt (line 20))
2025-08-19T16:05:43.9975469Z   Using cached numpy-1.26.4-cp312-cp312-manylinux_2_17_x86_64.manylinux2014_x86_64.whl.metadata (61 kB)
2025-08-19T16:05:44.0226892Z Collecting openpyxl==3.1.5 (from -r requirements-dev.txt (line 21))
2025-08-19T16:05:44.0238859Z   Using cached openpyxl-3.1.5-py2.py3-none-any.whl.metadata (2.5 kB)
2025-08-19T16:05:44.1250419Z Collecting pandas==2.2.* (from -r requirements-dev.txt (line 22))
2025-08-19T16:05:44.1262594Z   Using cached pandas-2.2.3-cp312-cp312-manylinux_2_17_x86_64.manylinux2014_x86_64.whl.metadata (89 kB)
2025-08-19T16:05:44.2161056Z Collecting psycopg2-binary==2.9.10 (from -r requirements-dev.txt (line 23))
2025-08-19T16:05:44.2173313Z   Using cached psycopg2_binary-2.9.10-cp312-cp312-manylinux_2_17_x86_64.manylinux2014_x86_64.whl.metadata (4.9 kB)
2025-08-19T16:05:44.2363094Z Collecting psycopg==3.2.9 (from psycopg[binary]==3.2.9->-r requirements-dev.txt (line 24))
2025-08-19T16:05:44.2374819Z   Using cached psycopg-3.2.9-py3-none-any.whl.metadata (4.5 kB)
2025-08-19T16:05:44.3435282Z Collecting pydantic==2.11.7 (from -r requirements-dev.txt (line 25))
2025-08-19T16:05:44.3447814Z   Using cached pydantic-2.11.7-py3-none-any.whl.metadata (67 kB)
2025-08-19T16:05:44.4640928Z Collecting setuptools (from -r requirements-dev.txt (line 26))
2025-08-19T16:05:44.4652507Z   Using cached setuptools-80.9.0-py3-none-any.whl.metadata (6.6 kB)
2025-08-19T16:05:44.4894511Z Collecting pytest-asyncio==0.23.6 (from -r requirements-dev.txt (line 27))
2025-08-19T16:05:44.4906231Z   Using cached pytest_asyncio-0.23.6-py3-none-any.whl.metadata (3.9 kB)
2025-08-19T16:05:44.5037752Z Collecting pytest-cov==6.2.1 (from -r requirements-dev.txt (line 28))
2025-08-19T16:05:44.5049639Z   Using cached pytest_cov-6.2.1-py3-none-any.whl.metadata (30 kB)
2025-08-19T16:05:44.5213268Z Collecting pytest-postgresql==7.0.2 (from -r requirements-dev.txt (line 29))
2025-08-19T16:05:44.5224362Z   Using cached pytest_postgresql-7.0.2-py3-none-any.whl.metadata (18 kB)
2025-08-19T16:05:44.5384704Z Collecting python-dotenv (from -r requirements-dev.txt (line 30))
2025-08-19T16:05:44.5396047Z   Using cached python_dotenv-1.1.1-py3-none-any.whl.metadata (24 kB)
2025-08-19T16:05:44.5510594Z Collecting python-multipart (from -r requirements-dev.txt (line 31))
2025-08-19T16:05:44.5521905Z   Using cached python_multipart-0.0.20-py3-none-any.whl.metadata (1.8 kB)
2025-08-19T16:05:44.5793495Z Collecting python-telegram-bot==22.3 (from -r requirements-dev.txt (line 32))
2025-08-19T16:05:44.5804767Z   Using cached python_telegram_bot-22.3-py3-none-any.whl.metadata (17 kB)
2025-08-19T16:05:44.6080493Z Collecting requests==2.32.4 (from -r requirements-dev.txt (line 33))
2025-08-19T16:05:44.6091434Z   Using cached requests-2.32.4-py3-none-any.whl.metadata (4.9 kB)
2025-08-19T16:05:44.6234425Z Collecting respx==0.22.0 (from -r requirements-dev.txt (line 34))
2025-08-19T16:05:44.6245550Z   Using cached respx-0.22.0-py2.py3-none-any.whl.metadata (4.1 kB)
2025-08-19T16:05:44.9885981Z Collecting ruff==0.4.4 (from -r requirements-dev.txt (line 35))
2025-08-19T16:05:44.9902586Z   Using cached ruff-0.4.4-py3-none-manylinux_2_17_x86_64.manylinux2014_x86_64.whl.metadata (23 kB)
2025-08-19T16:05:45.2391855Z Collecting sqlalchemy==2.0.43 (from -r requirements-dev.txt (line 36))
2025-08-19T16:05:45.2405890Z   Using cached sqlalchemy-2.0.43-cp312-cp312-manylinux_2_17_x86_64.manylinux2014_x86_64.whl.metadata (9.6 kB)
2025-08-19T16:05:45.2614484Z Collecting structlog==24.1.0 (from -r requirements-dev.txt (line 37))
2025-08-19T16:05:45.2626166Z   Using cached structlog-24.1.0-py3-none-any.whl.metadata (6.9 kB)
2025-08-19T16:05:45.2791238Z Collecting testcontainers==4.10.0 (from testcontainers[postgres]==4.10.0->-r requirements-dev.txt (line 38))
2025-08-19T16:05:45.2802464Z   Using cached testcontainers-4.10.0-py3-none-any.whl.metadata (7.8 kB)
2025-08-19T16:05:45.3156476Z Collecting types-requests==2.32.4.20250809 (from -r requirements-dev.txt (line 39))
2025-08-19T16:05:45.3550499Z   Downloading types_requests-2.32.4.20250809-py3-none-any.whl.metadata (2.0 kB)
2025-08-19T16:05:45.3672600Z Collecting docspec-python==2.2.2 (from -r requirements-dev.txt (line 40))
2025-08-19T16:05:45.3684275Z   Using cached docspec_python-2.2.2-py3-none-any.whl.metadata (1.0 kB)
2025-08-19T16:05:45.3826367Z Collecting pydoc-markdown==4.8.2 (from -r requirements-dev.txt (line 41))
2025-08-19T16:05:45.3838058Z   Using cached pydoc_markdown-4.8.2-py3-none-any.whl.metadata (5.9 kB)
2025-08-19T16:05:45.4102176Z Collecting pandera==0.19.* (from -r requirements-dev.txt (line 42))
2025-08-19T16:05:45.4113786Z   Using cached pandera-0.19.3-py3-none-any.whl.metadata (15 kB)
2025-08-19T16:05:45.5124839Z Collecting MarkupSafe>=2.0 (from Jinja2==3.1.6->-r requirements-dev.txt (line 2))
2025-08-19T16:05:45.5137758Z   Using cached MarkupSafe-3.0.2-cp312-cp312-manylinux_2_17_x86_64.manylinux2014_x86_64.whl.metadata (4.0 kB)
2025-08-19T16:05:45.5395123Z Collecting Mako (from alembic==1.13.1->-r requirements-dev.txt (line 3))
2025-08-19T16:05:45.5410363Z   Using cached mako-1.3.10-py3-none-any.whl.metadata (2.9 kB)
2025-08-19T16:05:45.5592928Z Collecting typing-extensions>=4 (from alembic==1.13.1->-r requirements-dev.txt (line 3))
2025-08-19T16:05:45.5608158Z   Using cached typing_extensions-4.14.1-py3-none-any.whl.metadata (3.0 kB)
2025-08-19T16:05:45.5749712Z Collecting six>=1.4.0 (from apscheduler==3.10.4->-r requirements-dev.txt (line 4))
2025-08-19T16:05:45.5761518Z   Using cached six-1.17.0-py2.py3-none-any.whl.metadata (1.7 kB)
2025-08-19T16:05:45.6105613Z Collecting pytz (from apscheduler==3.10.4->-r requirements-dev.txt (line 4))
2025-08-19T16:05:45.6118190Z   Using cached pytz-2025.2-py2.py3-none-any.whl.metadata (22 kB)
2025-08-19T16:05:45.6274770Z Collecting tzlocal!=3.*,>=2.0 (from apscheduler==3.10.4->-r requirements-dev.txt (line 4))
2025-08-19T16:05:45.6286584Z   Using cached tzlocal-5.3.1-py3-none-any.whl.metadata (7.6 kB)
2025-08-19T16:05:45.6579196Z Collecting starlette>=0.18 (from asgi-correlation-id==4.3.1->-r requirements-dev.txt (line 5))
2025-08-19T16:05:45.6590794Z   Using cached starlette-0.47.2-py3-none-any.whl.metadata (6.2 kB)
2025-08-19T16:05:45.6776222Z Collecting click>=8.0.0 (from black==25.1.0->-r requirements-dev.txt (line 7))
2025-08-19T16:05:45.6787246Z   Using cached click-8.2.1-py3-none-any.whl.metadata (2.5 kB)
2025-08-19T16:05:45.6930671Z Collecting packaging>=22.0 (from black==25.1.0->-r requirements-dev.txt (line 7))
2025-08-19T16:05:45.6941801Z   Using cached packaging-25.0-py3-none-any.whl.metadata (3.3 kB)
2025-08-19T16:05:45.7058872Z Collecting pathspec>=0.9.0 (from black==25.1.0->-r requirements-dev.txt (line 7))
2025-08-19T16:05:45.7070027Z   Using cached pathspec-0.12.1-py3-none-any.whl.metadata (21 kB)
2025-08-19T16:05:45.7244500Z Collecting platformdirs>=2 (from black==25.1.0->-r requirements-dev.txt (line 7))
2025-08-19T16:05:45.7255830Z   Using cached platformdirs-4.3.8-py3-none-any.whl.metadata (12 kB)
2025-08-19T16:05:45.7450413Z Collecting billiard<5.0,>=4.2.1 (from celery==5.5.3->-r requirements-dev.txt (line 11))
2025-08-19T16:05:45.7461232Z   Using cached billiard-4.2.1-py3-none-any.whl.metadata (4.4 kB)
2025-08-19T16:05:45.7716817Z Collecting kombu<5.6,>=5.5.2 (from celery==5.5.3->-r requirements-dev.txt (line 11))
2025-08-19T16:05:45.7727891Z   Using cached kombu-5.5.4-py3-none-any.whl.metadata (3.5 kB)
2025-08-19T16:05:45.7868811Z Collecting vine<6.0,>=5.1.0 (from celery==5.5.3->-r requirements-dev.txt (line 11))
2025-08-19T16:05:45.7879900Z   Using cached vine-5.1.0-py3-none-any.whl.metadata (2.7 kB)
2025-08-19T16:05:45.8014018Z Collecting click-didyoumean>=0.3.0 (from celery==5.5.3->-r requirements-dev.txt (line 11))
2025-08-19T16:05:45.8026171Z   Using cached click_didyoumean-0.3.1-py3-none-any.whl.metadata (3.9 kB)
2025-08-19T16:05:45.8108038Z Collecting click-repl>=0.2.0 (from celery==5.5.3->-r requirements-dev.txt (line 11))
2025-08-19T16:05:45.8119808Z   Using cached click_repl-0.3.0-py3-none-any.whl.metadata (3.6 kB)
2025-08-19T16:05:45.8206145Z Collecting click-plugins>=1.1.1 (from celery==5.5.3->-r requirements-dev.txt (line 11))
2025-08-19T16:05:45.8217841Z   Using cached click_plugins-1.1.1.2-py2.py3-none-any.whl.metadata (6.5 kB)
2025-08-19T16:05:45.8331569Z Collecting python-dateutil>=2.8.2 (from celery==5.5.3->-r requirements-dev.txt (line 11))
2025-08-19T16:05:45.8343541Z   Using cached python_dateutil-2.9.0.post0-py2.py3-none-any.whl.metadata (8.4 kB)
2025-08-19T16:05:45.8694464Z Collecting annotated-types>=0.6.0 (from pydantic==2.11.7->-r requirements-dev.txt (line 25))
2025-08-19T16:05:45.8706392Z   Using cached annotated_types-0.7.0-py3-none-any.whl.metadata (15 kB)
2025-08-19T16:05:46.5323585Z Collecting pydantic-core==2.33.2 (from pydantic==2.11.7->-r requirements-dev.txt (line 25))
2025-08-19T16:05:46.5337483Z   Using cached pydantic_core-2.33.2-cp312-cp312-manylinux_2_17_x86_64.manylinux2014_x86_64.whl.metadata (6.8 kB)
2025-08-19T16:05:46.5482289Z Collecting typing-inspection>=0.4.0 (from pydantic==2.11.7->-r requirements-dev.txt (line 25))
2025-08-19T16:05:46.5494233Z   Using cached typing_inspection-0.4.1-py3-none-any.whl.metadata (2.6 kB)
2025-08-19T16:05:46.5739876Z Collecting et-xmlfile (from openpyxl==3.1.5->-r requirements-dev.txt (line 21))
2025-08-19T16:05:46.5751472Z   Using cached et_xmlfile-2.0.0-py3-none-any.whl.metadata (2.7 kB)
2025-08-19T16:05:46.6153332Z Collecting pytest<9,>=7.0.0 (from pytest-asyncio==0.23.6->-r requirements-dev.txt (line 27))
2025-08-19T16:05:46.6164016Z   Using cached pytest-8.4.1-py3-none-any.whl.metadata (7.7 kB)
2025-08-19T16:05:46.9214158Z Collecting coverage>=7.5 (from coverage[toml]>=7.5->pytest-cov==6.2.1->-r requirements-dev.txt (line 28))
2025-08-19T16:05:46.9227957Z   Using cached coverage-7.10.4-cp312-cp312-manylinux1_x86_64.manylinux_2_28_x86_64.manylinux_2_5_x86_64.whl.metadata (8.9 kB)
2025-08-19T16:05:46.9347443Z Collecting pluggy>=1.2 (from pytest-cov==6.2.1->-r requirements-dev.txt (line 28))
2025-08-19T16:05:46.9358575Z   Using cached pluggy-1.6.0-py3-none-any.whl.metadata (4.8 kB)
2025-08-19T16:05:46.9590092Z Collecting port-for>=0.7.3 (from pytest-postgresql==7.0.2->-r requirements-dev.txt (line 29))
2025-08-19T16:05:46.9600894Z   Using cached port_for-0.7.4-py3-none-any.whl.metadata (7.1 kB)
2025-08-19T16:05:46.9727487Z Collecting mirakuru>=2.6.0 (from pytest-postgresql==7.0.2->-r requirements-dev.txt (line 29))
2025-08-19T16:05:46.9738343Z   Using cached mirakuru-2.6.1-py3-none-any.whl.metadata (10 kB)
2025-08-19T16:05:47.0556776Z Collecting charset_normalizer<4,>=2 (from requests==2.32.4->-r requirements-dev.txt (line 33))
2025-08-19T16:05:47.0568970Z   Using cached charset_normalizer-3.4.3-cp312-cp312-manylinux2014_x86_64.manylinux_2_17_x86_64.manylinux_2_28_x86_64.whl.metadata (36 kB)
2025-08-19T16:05:47.0710329Z Collecting idna<4,>=2.5 (from requests==2.32.4->-r requirements-dev.txt (line 33))
2025-08-19T16:05:47.0721326Z   Using cached idna-3.10-py3-none-any.whl.metadata (10 kB)
2025-08-19T16:05:47.0995005Z Collecting urllib3<3,>=1.21.1 (from requests==2.32.4->-r requirements-dev.txt (line 33))
2025-08-19T16:05:47.1005924Z   Using cached urllib3-2.5.0-py3-none-any.whl.metadata (6.5 kB)
2025-08-19T16:05:47.1194907Z Collecting certifi>=2017.4.17 (from requests==2.32.4->-r requirements-dev.txt (line 33))
2025-08-19T16:05:47.1206422Z   Using cached certifi-2025.8.3-py3-none-any.whl.metadata (2.4 kB)
2025-08-19T16:05:47.3242307Z Collecting greenlet>=1 (from sqlalchemy==2.0.43->-r requirements-dev.txt (line 36))
2025-08-19T16:05:47.3256045Z   Using cached greenlet-3.2.4-cp312-cp312-manylinux_2_24_x86_64.manylinux_2_28_x86_64.whl.metadata (4.1 kB)
2025-08-19T16:05:47.3475475Z Collecting docker (from testcontainers==4.10.0->testcontainers[postgres]==4.10.0->-r requirements-dev.txt (line 38))
2025-08-19T16:05:47.3487489Z   Using cached docker-7.1.0-py3-none-any.whl.metadata (3.8 kB)
2025-08-19T16:05:47.4522569Z Collecting wrapt (from testcontainers==4.10.0->testcontainers[postgres]==4.10.0->-r requirements-dev.txt (line 38))
2025-08-19T16:05:47.4534430Z   Using cached wrapt-1.17.3-cp312-cp312-manylinux1_x86_64.manylinux_2_28_x86_64.manylinux_2_5_x86_64.whl.metadata (6.4 kB)
2025-08-19T16:05:47.4751579Z Collecting docspec==2.2.1 (from docspec-python==2.2.2->-r requirements-dev.txt (line 40))
2025-08-19T16:05:47.4762877Z   Using cached docspec-2.2.1-py3-none-any.whl.metadata (1.5 kB)
2025-08-19T16:05:47.4900782Z Collecting nr-util>=0.8.12 (from docspec-python==2.2.2->-r requirements-dev.txt (line 40))
2025-08-19T16:05:47.4911835Z   Using cached nr.util-0.8.12-py3-none-any.whl.metadata (813 bytes)
2025-08-19T16:05:47.5239495Z Collecting PyYAML<7.0,>=5.0 (from pydoc-markdown==4.8.2->-r requirements-dev.txt (line 41))
2025-08-19T16:05:47.5251022Z   Using cached PyYAML-6.0.2-cp312-cp312-manylinux_2_17_x86_64.manylinux2014_x86_64.whl.metadata (2.1 kB)
2025-08-19T16:05:47.5493535Z Collecting databind.core<5.0.0,>=4.4.0 (from pydoc-markdown==4.8.2->-r requirements-dev.txt (line 41))
2025-08-19T16:05:47.5506240Z   Using cached databind.core-4.5.2-py3-none-any.whl.metadata (1.1 kB)
2025-08-19T16:05:47.5692672Z Collecting databind.json<5.0.0,>=4.4.0 (from pydoc-markdown==4.8.2->-r requirements-dev.txt (line 41))
2025-08-19T16:05:47.5703661Z   Using cached databind.json-4.5.2-py3-none-any.whl.metadata (1.1 kB)
2025-08-19T16:05:47.5832788Z Collecting docstring-parser<0.12,>=0.11 (from pydoc-markdown==4.8.2->-r requirements-dev.txt (line 41))
2025-08-19T16:05:47.5834276Z   Using cached docstring_parser-0.11-py3-none-any.whl
2025-08-19T16:05:47.6136144Z Collecting tomli<3.0.0,>=2.0.0 (from pydoc-markdown==4.8.2->-r requirements-dev.txt (line 41))
2025-08-19T16:05:47.6147442Z   Using cached tomli-2.2.1-cp312-cp312-manylinux_2_17_x86_64.manylinux2014_x86_64.whl.metadata (11 kB)
2025-08-19T16:05:47.6236878Z Collecting tomli_w<2.0.0,>=1.0.0 (from pydoc-markdown==4.8.2->-r requirements-dev.txt (line 41))
2025-08-19T16:05:47.6247864Z   Using cached tomli_w-1.2.0-py3-none-any.whl.metadata (5.7 kB)
2025-08-19T16:05:47.6682914Z Collecting watchdog (from pydoc-markdown==4.8.2->-r requirements-dev.txt (line 41))
2025-08-19T16:05:47.6694844Z   Using cached watchdog-6.0.0-py3-none-manylinux2014_x86_64.whl.metadata (44 kB)
2025-08-19T16:05:47.6894046Z Collecting yapf>=0.30.0 (from pydoc-markdown==4.8.2->-r requirements-dev.txt (line 41))
2025-08-19T16:05:47.6905584Z   Using cached yapf-0.43.0-py3-none-any.whl.metadata (46 kB)
2025-08-19T16:05:47.7084189Z Collecting Deprecated<2.0.0,>=1.2.12 (from docspec==2.2.1->docspec-python==2.2.2->-r requirements-dev.txt (line 40))
2025-08-19T16:05:47.7096045Z   Using cached Deprecated-1.2.18-py2.py3-none-any.whl.metadata (5.7 kB)
2025-08-19T16:05:47.8556465Z Collecting psycopg-binary==3.2.9 (from psycopg[binary]==3.2.9->-r requirements-dev.txt (line 24))
2025-08-19T16:05:47.8569306Z   Using cached psycopg_binary-3.2.9-cp312-cp312-manylinux_2_17_x86_64.manylinux2014_x86_64.whl.metadata (2.9 kB)
2025-08-19T16:05:47.8884471Z Collecting argon2-cffi (from minio==7.*->-r requirements-dev.txt (line 10))
2025-08-19T16:05:47.8896422Z   Using cached argon2_cffi-25.1.0-py3-none-any.whl.metadata (4.1 kB)
2025-08-19T16:05:47.9663635Z Collecting pycryptodome (from minio==7.*->-r requirements-dev.txt (line 10))
2025-08-19T16:05:47.9679144Z   Using cached pycryptodome-3.23.0-cp37-abi3-manylinux_2_17_x86_64.manylinux2014_x86_64.whl.metadata (3.4 kB)
2025-08-19T16:05:47.9860734Z Collecting anyio (from httpx<0.29,>=0.27->-r requirements-dev.txt (line 15))
2025-08-19T16:05:47.9872369Z   Using cached anyio-4.10.0-py3-none-any.whl.metadata (4.0 kB)
2025-08-19T16:05:48.0048796Z Collecting httpcore==1.* (from httpx<0.29,>=0.27->-r requirements-dev.txt (line 15))
2025-08-19T16:05:48.0060608Z   Using cached httpcore-1.0.9-py3-none-any.whl.metadata (21 kB)
2025-08-19T16:05:48.0361900Z Collecting tzdata>=2022.7 (from pandas==2.2.*->-r requirements-dev.txt (line 22))
2025-08-19T16:05:48.0372773Z   Using cached tzdata-2025.2-py2.py3-none-any.whl.metadata (1.4 kB)
2025-08-19T16:05:48.0561876Z Collecting multimethod<=1.10.0 (from pandera==0.19.*->-r requirements-dev.txt (line 42))
2025-08-19T16:05:48.0573101Z   Using cached multimethod-1.10-py3-none-any.whl.metadata (8.2 kB)
2025-08-19T16:05:48.0913886Z Collecting typeguard (from pandera==0.19.*->-r requirements-dev.txt (line 42))
2025-08-19T16:05:48.0925342Z   Using cached typeguard-4.4.4-py3-none-any.whl.metadata (3.3 kB)
2025-08-19T16:05:48.1024324Z Collecting typing-inspect>=0.6.0 (from pandera==0.19.*->-r requirements-dev.txt (line 42))
2025-08-19T16:05:48.1035338Z   Using cached typing_inspect-0.9.0-py3-none-any.whl.metadata (1.5 kB)
2025-08-19T16:05:48.1271870Z Collecting databind<5.0.0,>=4.5.2 (from databind.core<5.0.0,>=4.4.0->pydoc-markdown==4.8.2->-r requirements-dev.txt (line 41))
2025-08-19T16:05:48.1282735Z   Using cached databind-4.5.2-py3-none-any.whl.metadata (4.3 kB)
2025-08-19T16:05:48.1413780Z Collecting nr-date<3.0.0,>=2.0.0 (from databind<5.0.0,>=4.5.2->databind.core<5.0.0,>=4.4.0->pydoc-markdown==4.8.2->-r requirements-dev.txt (line 41))
2025-08-19T16:05:48.1424507Z   Using cached nr_date-2.1.0-py3-none-any.whl.metadata (746 bytes)
2025-08-19T16:05:48.1553403Z Collecting nr-stream<2.0.0,>=1.0.0 (from databind<5.0.0,>=4.5.2->databind.core<5.0.0,>=4.4.0->pydoc-markdown==4.8.2->-r requirements-dev.txt (line 41))
2025-08-19T16:05:48.1564208Z   Using cached nr_stream-1.1.5-py3-none-any.whl.metadata (3.6 kB)
2025-08-19T16:05:48.1710029Z Collecting typeapi<3,>=2.0.1 (from databind<5.0.0,>=4.5.2->databind.core<5.0.0,>=4.4.0->pydoc-markdown==4.8.2->-r requirements-dev.txt (line 41))
2025-08-19T16:05:48.1720805Z   Using cached typeapi-2.2.4-py3-none-any.whl.metadata (1.5 kB)
2025-08-19T16:05:48.1985342Z Collecting h11>=0.16 (from httpcore==1.*->httpx<0.29,>=0.27->-r requirements-dev.txt (line 15))
2025-08-19T16:05:48.1996245Z   Using cached h11-0.16.0-py3-none-any.whl.metadata (8.3 kB)
2025-08-19T16:05:48.2207396Z Collecting amqp<6.0.0,>=5.1.1 (from kombu<5.6,>=5.5.2->celery==5.5.3->-r requirements-dev.txt (line 11))
2025-08-19T16:05:48.2218235Z   Using cached amqp-5.3.1-py3-none-any.whl.metadata (8.9 kB)
2025-08-19T16:05:48.2582515Z Collecting iniconfig>=1 (from pytest<9,>=7.0.0->pytest-asyncio==0.23.6->-r requirements-dev.txt (line 27))
2025-08-19T16:05:48.2593935Z   Using cached iniconfig-2.1.0-py3-none-any.whl.metadata (2.7 kB)
2025-08-19T16:05:48.2793259Z Collecting pygments>=2.7.2 (from pytest<9,>=7.0.0->pytest-asyncio==0.23.6->-r requirements-dev.txt (line 27))
2025-08-19T16:05:48.2804188Z   Using cached pygments-2.19.2-py3-none-any.whl.metadata (2.5 kB)
2025-08-19T16:05:48.3120445Z Collecting sniffio>=1.1 (from anyio->httpx<0.29,>=0.27->-r requirements-dev.txt (line 15))
2025-08-19T16:05:48.3132429Z   Using cached sniffio-1.3.1-py3-none-any.whl.metadata (3.9 kB)
2025-08-19T16:05:48.7417061Z Collecting botocore<1.41.0,>=1.40.12 (from boto3->-r requirements-dev.txt (line 8))
2025-08-19T16:05:48.7430420Z   Using cached botocore-1.40.12-py3-none-any.whl.metadata (5.7 kB)
2025-08-19T16:05:48.7551945Z Collecting jmespath<2.0.0,>=0.7.1 (from boto3->-r requirements-dev.txt (line 8))
2025-08-19T16:05:48.7563761Z   Using cached jmespath-1.0.1-py3-none-any.whl.metadata (7.6 kB)
2025-08-19T16:05:48.7712574Z Collecting s3transfer<0.14.0,>=0.13.0 (from boto3->-r requirements-dev.txt (line 8))
2025-08-19T16:05:48.7724306Z   Using cached s3transfer-0.13.1-py3-none-any.whl.metadata (1.7 kB)
2025-08-19T16:05:48.9128582Z Collecting fastapi-cli>=0.0.8 (from fastapi-cli[standard]>=0.0.8; extra == "all"->fastapi[all]->-r requirements-dev.txt (line 13))
2025-08-19T16:05:48.9140375Z   Using cached fastapi_cli-0.0.8-py3-none-any.whl.metadata (6.3 kB)
2025-08-19T16:05:48.9832117Z Collecting ujson!=4.0.2,!=4.1.0,!=4.2.0,!=4.3.0,!=5.0.0,!=5.1.0,>=4.0.1 (from fastapi[all]->-r requirements-dev.txt (line 13))
2025-08-19T16:05:48.9844745Z   Using cached ujson-5.10.0-cp312-cp312-manylinux_2_17_x86_64.manylinux2014_x86_64.whl.metadata (9.3 kB)
2025-08-19T16:05:49.2101173Z Collecting orjson>=3.2.1 (from fastapi[all]->-r requirements-dev.txt (line 13))
2025-08-19T16:05:49.2114857Z   Using cached orjson-3.11.2-cp312-cp312-manylinux_2_17_x86_64.manylinux2014_x86_64.whl.metadata (1.2 kB)
2025-08-19T16:05:49.2234987Z Collecting email-validator>=2.0.0 (from fastapi[all]->-r requirements-dev.txt (line 13))
2025-08-19T16:05:49.2248127Z   Using cached email_validator-2.2.0-py3-none-any.whl.metadata (25 kB)
2025-08-19T16:05:49.2524669Z Collecting uvicorn>=0.12.0 (from uvicorn[standard]>=0.12.0; extra == "all"->fastapi[all]->-r requirements-dev.txt (line 13))
2025-08-19T16:05:49.2537089Z   Using cached uvicorn-0.35.0-py3-none-any.whl.metadata (6.5 kB)
2025-08-19T16:05:49.2690986Z Collecting pydantic-settings>=2.0.0 (from fastapi[all]->-r requirements-dev.txt (line 13))
2025-08-19T16:05:49.2701907Z   Using cached pydantic_settings-2.10.1-py3-none-any.whl.metadata (3.4 kB)
2025-08-19T16:05:49.2822913Z Collecting pydantic-extra-types>=2.0.0 (from fastapi[all]->-r requirements-dev.txt (line 13))
2025-08-19T16:05:49.2834027Z   Using cached pydantic_extra_types-2.10.5-py3-none-any.whl.metadata (3.9 kB)
2025-08-19T16:05:49.3506942Z Collecting prompt-toolkit>=3.0.36 (from click-repl>=0.2.0->celery==5.5.3->-r requirements-dev.txt (line 11))
2025-08-19T16:05:49.3518643Z   Using cached prompt_toolkit-3.0.51-py3-none-any.whl.metadata (6.4 kB)
2025-08-19T16:05:49.3693683Z Collecting dnspython>=2.0.0 (from email-validator>=2.0.0->fastapi[all]->-r requirements-dev.txt (line 13))
2025-08-19T16:05:49.3704792Z   Using cached dnspython-2.7.0-py3-none-any.whl.metadata (5.8 kB)
2025-08-19T16:05:49.3977757Z Collecting typer>=0.15.1 (from fastapi-cli>=0.0.8->fastapi-cli[standard]>=0.0.8; extra == "all"->fastapi[all]->-r requirements-dev.txt (line 13))
2025-08-19T16:05:49.3989756Z   Using cached typer-0.16.1-py3-none-any.whl.metadata (15 kB)
2025-08-19T16:05:49.4244358Z Collecting rich-toolkit>=0.14.8 (from fastapi-cli>=0.0.8->fastapi-cli[standard]>=0.0.8; extra == "all"->fastapi[all]->-r requirements-dev.txt (line 13))
2025-08-19T16:05:49.4255603Z   Using cached rich_toolkit-0.15.0-py3-none-any.whl.metadata (1.0 kB)
2025-08-19T16:05:49.4368814Z Collecting fastapi-cloud-cli>=0.1.1 (from fastapi-cli[standard]>=0.0.8; extra == "all"->fastapi[all]->-r requirements-dev.txt (line 13))
2025-08-19T16:05:49.4380503Z   Using cached fastapi_cloud_cli-0.1.5-py3-none-any.whl.metadata (3.2 kB)
2025-08-19T16:05:49.5080030Z Collecting rignore>=0.5.1 (from fastapi-cloud-cli>=0.1.1->fastapi-cli[standard]>=0.0.8; extra == "all"->fastapi[all]->-r requirements-dev.txt (line 13))
2025-08-19T16:05:49.5091545Z   Using cached rignore-0.6.4-cp312-cp312-manylinux_2_17_x86_64.manylinux2014_x86_64.whl.metadata (3.8 kB)
2025-08-19T16:05:49.5692722Z Collecting sentry-sdk>=2.20.0 (from fastapi-cloud-cli>=0.1.1->fastapi-cli[standard]>=0.0.8; extra == "all"->fastapi[all]->-r requirements-dev.txt (line 13))
2025-08-19T16:05:49.5704461Z   Using cached sentry_sdk-2.35.0-py2.py3-none-any.whl.metadata (10 kB)
2025-08-19T16:05:49.6610579Z Collecting psutil>=4.0.0 (from mirakuru>=2.6.0->pytest-postgresql==7.0.2->-r requirements-dev.txt (line 29))
2025-08-19T16:05:49.6623452Z   Using cached psutil-7.0.0-cp36-abi3-manylinux_2_12_x86_64.manylinux2010_x86_64.manylinux_2_17_x86_64.manylinux2014_x86_64.whl.metadata (22 kB)
2025-08-19T16:05:49.6926667Z Collecting wcwidth (from prompt-toolkit>=3.0.36->click-repl>=0.2.0->celery==5.5.3->-r requirements-dev.txt (line 11))
2025-08-19T16:05:49.6937343Z   Using cached wcwidth-0.2.13-py2.py3-none-any.whl.metadata (14 kB)
2025-08-19T16:05:49.7751589Z Collecting rich>=13.7.1 (from rich-toolkit>=0.14.8->fastapi-cli>=0.0.8->fastapi-cli[standard]>=0.0.8; extra == "all"->fastapi[all]->-r requirements-dev.txt (line 13))
2025-08-19T16:05:49.7762070Z   Using cached rich-14.1.0-py3-none-any.whl.metadata (18 kB)
2025-08-19T16:05:49.7942397Z Collecting markdown-it-py>=2.2.0 (from rich>=13.7.1->rich-toolkit>=0.14.8->fastapi-cli>=0.0.8->fastapi-cli[standard]>=0.0.8; extra == "all"->fastapi[all]->-r requirements-dev.txt (line 13))
2025-08-19T16:05:49.7952901Z   Using cached markdown_it_py-4.0.0-py3-none-any.whl.metadata (7.3 kB)
2025-08-19T16:05:49.8153226Z Collecting mdurl~=0.1 (from markdown-it-py>=2.2.0->rich>=13.7.1->rich-toolkit>=0.14.8->fastapi-cli>=0.0.8->fastapi-cli[standard]>=0.0.8; extra == "all"->fastapi[all]->-r requirements-dev.txt (line 13))
2025-08-19T16:05:49.8165066Z   Using cached mdurl-0.1.2-py3-none-any.whl.metadata (1.6 kB)
2025-08-19T16:05:49.8721911Z Collecting shellingham>=1.3.0 (from typer>=0.15.1->fastapi-cli>=0.0.8->fastapi-cli[standard]>=0.0.8; extra == "all"->fastapi[all]->-r requirements-dev.txt (line 13))
2025-08-19T16:05:49.8732802Z   Using cached shellingham-1.5.4-py2.py3-none-any.whl.metadata (3.5 kB)
2025-08-19T16:05:49.9538540Z Collecting httptools>=0.6.3 (from uvicorn[standard]>=0.12.0; extra == "all"->fastapi[all]->-r requirements-dev.txt (line 13))
2025-08-19T16:05:49.9550518Z   Using cached httptools-0.6.4-cp312-cp312-manylinux_2_5_x86_64.manylinux1_x86_64.manylinux_2_17_x86_64.manylinux2014_x86_64.whl.metadata (3.6 kB)
2025-08-19T16:05:50.0001680Z Collecting uvloop>=0.15.1 (from uvicorn[standard]>=0.12.0; extra == "all"->fastapi[all]->-r requirements-dev.txt (line 13))
2025-08-19T16:05:50.0013245Z   Using cached uvloop-0.21.0-cp312-cp312-manylinux_2_17_x86_64.manylinux2014_x86_64.whl.metadata (4.9 kB)
2025-08-19T16:05:50.0718683Z Collecting watchfiles>=0.13 (from uvicorn[standard]>=0.12.0; extra == "all"->fastapi[all]->-r requirements-dev.txt (line 13))
2025-08-19T16:05:50.0730753Z   Using cached watchfiles-1.1.0-cp312-cp312-manylinux_2_17_x86_64.manylinux2014_x86_64.whl.metadata (4.9 kB)
2025-08-19T16:05:50.1571527Z Collecting websockets>=10.4 (from uvicorn[standard]>=0.12.0; extra == "all"->fastapi[all]->-r requirements-dev.txt (line 13))
2025-08-19T16:05:50.1583316Z   Using cached websockets-15.0.1-cp312-cp312-manylinux_2_5_x86_64.manylinux1_x86_64.manylinux_2_17_x86_64.manylinux2014_x86_64.whl.metadata (6.8 kB)
2025-08-19T16:05:50.3244343Z Collecting argon2-cffi-bindings (from argon2-cffi->minio==7.*->-r requirements-dev.txt (line 10))
2025-08-19T16:05:50.3256474Z   Using cached argon2_cffi_bindings-25.1.0-cp39-abi3-manylinux_2_26_x86_64.manylinux_2_28_x86_64.whl.metadata (7.4 kB)
2025-08-19T16:05:50.4250033Z Collecting cffi>=1.0.1 (from argon2-cffi-bindings->argon2-cffi->minio==7.*->-r requirements-dev.txt (line 10))
2025-08-19T16:05:50.4261344Z   Using cached cffi-1.17.1-cp312-cp312-manylinux_2_17_x86_64.manylinux2014_x86_64.whl.metadata (1.5 kB)
2025-08-19T16:05:50.4380789Z Collecting pycparser (from cffi>=1.0.1->argon2-cffi-bindings->argon2-cffi->minio==7.*->-r requirements-dev.txt (line 10))
2025-08-19T16:05:50.4391357Z   Using cached pycparser-2.22-py3-none-any.whl.metadata (943 bytes)
2025-08-19T16:05:50.5021001Z Using cached jinja2-3.1.6-py3-none-any.whl (134 kB)
2025-08-19T16:05:50.5033029Z Using cached alembic-1.13.1-py3-none-any.whl (233 kB)
2025-08-19T16:05:50.5046008Z Using cached APScheduler-3.10.4-py3-none-any.whl (59 kB)
2025-08-19T16:05:50.5057458Z Using cached asgi_correlation_id-4.3.1-py3-none-any.whl (15 kB)
2025-08-19T16:05:50.5068711Z Using cached asyncpg-0.30.0-cp312-cp312-manylinux_2_17_x86_64.manylinux2014_x86_64.whl (3.6 MB)
2025-08-19T16:05:50.5107091Z Using cached black-25.1.0-cp312-cp312-manylinux_2_17_x86_64.manylinux2014_x86_64.manylinux_2_28_x86_64.whl (1.8 MB)
2025-08-19T16:05:50.5131583Z Using cached celery-5.5.3-py3-none-any.whl (438 kB)
2025-08-19T16:05:50.5145885Z Using cached fastapi-0.116.1-py3-none-any.whl (95 kB)
2025-08-19T16:05:50.5157529Z Using cached pydantic-2.11.7-py3-none-any.whl (444 kB)
2025-08-19T16:05:50.5171577Z Using cached fastapi_limiter-0.1.6-py3-none-any.whl (15 kB)
2025-08-19T16:05:50.5182600Z Using cached IMAPClient-3.0.1-py2.py3-none-any.whl (182 kB)
2025-08-19T16:05:50.5194834Z Using cached mypy_extensions-1.1.0-py3-none-any.whl (5.0 kB)
2025-08-19T16:05:50.5205762Z Using cached openpyxl-3.1.5-py2.py3-none-any.whl (250 kB)
2025-08-19T16:05:50.5219154Z Using cached psycopg2_binary-2.9.10-cp312-cp312-manylinux_2_17_x86_64.manylinux2014_x86_64.whl (3.0 MB)
2025-08-19T16:05:50.5252752Z Using cached psycopg-3.2.9-py3-none-any.whl (202 kB)
2025-08-19T16:05:50.5264890Z Using cached pytest_asyncio-0.23.6-py3-none-any.whl (17 kB)
2025-08-19T16:05:50.5275840Z Using cached pytest_cov-6.2.1-py3-none-any.whl (24 kB)
2025-08-19T16:05:50.5286803Z Using cached pytest_postgresql-7.0.2-py3-none-any.whl (41 kB)
2025-08-19T16:05:50.5297757Z Using cached python_telegram_bot-22.3-py3-none-any.whl (717 kB)
2025-08-19T16:05:50.5313890Z Using cached requests-2.32.4-py3-none-any.whl (64 kB)
2025-08-19T16:05:50.5325353Z Using cached respx-0.22.0-py2.py3-none-any.whl (25 kB)
2025-08-19T16:05:50.5336612Z Using cached ruff-0.4.4-py3-none-manylinux_2_17_x86_64.manylinux2014_x86_64.whl (8.7 MB)
2025-08-19T16:05:50.5410253Z Using cached sqlalchemy-2.0.43-cp312-cp312-manylinux_2_17_x86_64.manylinux2014_x86_64.whl (3.3 MB)
2025-08-19T16:05:50.5444345Z Using cached structlog-24.1.0-py3-none-any.whl (65 kB)
2025-08-19T16:05:50.5455965Z Using cached testcontainers-4.10.0-py3-none-any.whl (107 kB)
2025-08-19T16:05:50.5494156Z Downloading types_requests-2.32.4.20250809-py3-none-any.whl (20 kB)
2025-08-19T16:05:50.5565414Z Using cached docspec_python-2.2.2-py3-none-any.whl (15 kB)
2025-08-19T16:05:50.5576958Z Using cached pydoc_markdown-4.8.2-py3-none-any.whl (67 kB)
2025-08-19T16:05:50.5588050Z Using cached docspec-2.2.1-py3-none-any.whl (9.8 kB)
2025-08-19T16:05:50.5599265Z Using cached psycopg_binary-3.2.9-cp312-cp312-manylinux_2_17_x86_64.manylinux2014_x86_64.whl (4.4 MB)
2025-08-19T16:05:50.5642273Z Using cached pydantic_core-2.33.2-cp312-cp312-manylinux_2_17_x86_64.manylinux2014_x86_64.whl (2.0 MB)
2025-08-19T16:05:50.5668107Z Using cached redis-6.4.0-py3-none-any.whl (279 kB)
2025-08-19T16:05:50.5681107Z Using cached minio-7.2.16-py3-none-any.whl (95 kB)
2025-08-19T16:05:50.5693996Z Using cached httpx-0.28.1-py3-none-any.whl (73 kB)
2025-08-19T16:05:50.5706579Z Using cached mypy-1.17.1-cp312-cp312-manylinux2014_x86_64.manylinux_2_17_x86_64.manylinux_2_28_x86_64.whl (12.7 MB)
2025-08-19T16:05:50.5812084Z Using cached numpy-1.26.4-cp312-cp312-manylinux_2_17_x86_64.manylinux2014_x86_64.whl (18.0 MB)
2025-08-19T16:05:50.5952659Z Using cached pandas-2.2.3-cp312-cp312-manylinux_2_17_x86_64.manylinux2014_x86_64.whl (12.7 MB)
2025-08-19T16:05:50.6076870Z Using cached pandera-0.19.3-py3-none-any.whl (251 kB)
2025-08-19T16:05:50.6095192Z Using cached billiard-4.2.1-py3-none-any.whl (86 kB)
2025-08-19T16:05:50.6112771Z Using cached charset_normalizer-3.4.3-cp312-cp312-manylinux2014_x86_64.manylinux_2_17_x86_64.manylinux_2_28_x86_64.whl (151 kB)
2025-08-19T16:05:50.6128670Z Using cached click-8.2.1-py3-none-any.whl (102 kB)
2025-08-19T16:05:50.6142380Z Using cached databind.core-4.5.2-py3-none-any.whl (1.5 kB)
2025-08-19T16:05:50.6156557Z Using cached databind-4.5.2-py3-none-any.whl (49 kB)
2025-08-19T16:05:50.6169552Z Using cached databind.json-4.5.2-py3-none-any.whl (1.5 kB)
2025-08-19T16:05:50.6181577Z Using cached Deprecated-1.2.18-py2.py3-none-any.whl (10.0 kB)
2025-08-19T16:05:50.6193116Z Using cached httpcore-1.0.9-py3-none-any.whl (78 kB)
2025-08-19T16:05:50.6205042Z Using cached idna-3.10-py3-none-any.whl (70 kB)
2025-08-19T16:05:50.6216872Z Using cached kombu-5.5.4-py3-none-any.whl (210 kB)
2025-08-19T16:05:50.6229446Z Using cached vine-5.1.0-py3-none-any.whl (9.6 kB)
2025-08-19T16:05:50.6240586Z Using cached amqp-5.3.1-py3-none-any.whl (50 kB)
2025-08-19T16:05:50.6252211Z Using cached multimethod-1.10-py3-none-any.whl (9.9 kB)
2025-08-19T16:05:50.6263538Z Using cached nr_date-2.1.0-py3-none-any.whl (10 kB)
2025-08-19T16:05:50.6274989Z Using cached nr_stream-1.1.5-py3-none-any.whl (10 kB)
2025-08-19T16:05:50.6286432Z Using cached nr.util-0.8.12-py3-none-any.whl (90 kB)
2025-08-19T16:05:50.6298238Z Using cached pytest-8.4.1-py3-none-any.whl (365 kB)
2025-08-19T16:05:50.6312126Z Using cached pluggy-1.6.0-py3-none-any.whl (20 kB)
2025-08-19T16:05:50.6323812Z Using cached PyYAML-6.0.2-cp312-cp312-manylinux_2_17_x86_64.manylinux2014_x86_64.whl (767 kB)
2025-08-19T16:05:50.6340500Z Using cached starlette-0.47.2-py3-none-any.whl (72 kB)
2025-08-19T16:05:50.6351969Z Using cached anyio-4.10.0-py3-none-any.whl (107 kB)
2025-08-19T16:05:50.6364269Z Using cached tomli-2.2.1-cp312-cp312-manylinux_2_17_x86_64.manylinux2014_x86_64.whl (242 kB)
2025-08-19T16:05:50.6376500Z Using cached tomli_w-1.2.0-py3-none-any.whl (6.7 kB)
2025-08-19T16:05:50.6387766Z Using cached typeapi-2.2.4-py3-none-any.whl (26 kB)
2025-08-19T16:05:50.6399513Z Using cached typing_extensions-4.14.1-py3-none-any.whl (43 kB)
2025-08-19T16:05:50.6412674Z Using cached urllib3-2.5.0-py3-none-any.whl (129 kB)
2025-08-19T16:05:50.6427660Z Using cached wrapt-1.17.3-cp312-cp312-manylinux1_x86_64.manylinux_2_28_x86_64.manylinux_2_5_x86_64.whl (88 kB)
2025-08-19T16:05:50.6441887Z Using cached boto3-1.40.12-py3-none-any.whl (140 kB)
2025-08-19T16:05:50.6453729Z Using cached botocore-1.40.12-py3-none-any.whl (14.0 MB)
2025-08-19T16:05:50.6568302Z Using cached jmespath-1.0.1-py3-none-any.whl (20 kB)
2025-08-19T16:05:50.6580492Z Using cached python_dateutil-2.9.0.post0-py2.py3-none-any.whl (229 kB)
2025-08-19T16:05:50.6593689Z Using cached s3transfer-0.13.1-py3-none-any.whl (85 kB)
2025-08-19T16:05:50.6605983Z Using cached itsdangerous-2.2.0-py3-none-any.whl (16 kB)
2025-08-19T16:05:50.6618053Z Using cached setuptools-80.9.0-py3-none-any.whl (1.2 MB)
2025-08-19T16:05:50.6638244Z Using cached python_dotenv-1.1.1-py3-none-any.whl (20 kB)
2025-08-19T16:05:50.6650305Z Using cached python_multipart-0.0.20-py3-none-any.whl (24 kB)
2025-08-19T16:05:50.6662584Z Using cached annotated_types-0.7.0-py3-none-any.whl (13 kB)
2025-08-19T16:05:50.6675481Z Using cached certifi-2025.8.3-py3-none-any.whl (161 kB)
2025-08-19T16:05:50.6687824Z Using cached click_didyoumean-0.3.1-py3-none-any.whl (3.6 kB)
2025-08-19T16:05:50.6698910Z Using cached click_plugins-1.1.1.2-py2.py3-none-any.whl (11 kB)
2025-08-19T16:05:50.6710498Z Using cached click_repl-0.3.0-py3-none-any.whl (10 kB)
2025-08-19T16:05:50.6722233Z Using cached coverage-7.10.4-cp312-cp312-manylinux1_x86_64.manylinux_2_28_x86_64.manylinux_2_5_x86_64.whl (251 kB)
2025-08-19T16:05:50.6734328Z Using cached email_validator-2.2.0-py3-none-any.whl (33 kB)
2025-08-19T16:05:50.6745813Z Using cached dnspython-2.7.0-py3-none-any.whl (313 kB)
2025-08-19T16:05:50.6758946Z Using cached fastapi_cli-0.0.8-py3-none-any.whl (10 kB)
2025-08-19T16:05:50.6777166Z Using cached fastapi_cloud_cli-0.1.5-py3-none-any.whl (18 kB)
2025-08-19T16:05:50.6791497Z Using cached greenlet-3.2.4-cp312-cp312-manylinux_2_24_x86_64.manylinux_2_28_x86_64.whl (607 kB)
2025-08-19T16:05:50.6806470Z Using cached h11-0.16.0-py3-none-any.whl (37 kB)
2025-08-19T16:05:50.6817812Z Using cached iniconfig-2.1.0-py3-none-any.whl (6.0 kB)
2025-08-19T16:05:50.6829303Z Using cached MarkupSafe-3.0.2-cp312-cp312-manylinux_2_17_x86_64.manylinux2014_x86_64.whl (23 kB)
2025-08-19T16:05:50.6840070Z Using cached mirakuru-2.6.1-py3-none-any.whl (26 kB)
2025-08-19T16:05:50.6851726Z Using cached orjson-3.11.2-cp312-cp312-manylinux_2_17_x86_64.manylinux2014_x86_64.whl (121 kB)
2025-08-19T16:05:50.6863156Z Using cached packaging-25.0-py3-none-any.whl (66 kB)
2025-08-19T16:05:50.6874583Z Using cached pathspec-0.12.1-py3-none-any.whl (31 kB)
2025-08-19T16:05:50.6885959Z Using cached platformdirs-4.3.8-py3-none-any.whl (18 kB)
2025-08-19T16:05:50.6897282Z Using cached port_for-0.7.4-py3-none-any.whl (21 kB)
2025-08-19T16:05:50.6908276Z Using cached prompt_toolkit-3.0.51-py3-none-any.whl (387 kB)
2025-08-19T16:05:50.6923142Z Using cached psutil-7.0.0-cp36-abi3-manylinux_2_12_x86_64.manylinux2010_x86_64.manylinux_2_17_x86_64.manylinux2014_x86_64.whl (277 kB)
2025-08-19T16:05:50.6934877Z Using cached pydantic_extra_types-2.10.5-py3-none-any.whl (38 kB)
2025-08-19T16:05:50.6946020Z Using cached pydantic_settings-2.10.1-py3-none-any.whl (45 kB)
2025-08-19T16:05:50.6957231Z Using cached pygments-2.19.2-py3-none-any.whl (1.2 MB)
2025-08-19T16:05:50.6976406Z Using cached pytz-2025.2-py2.py3-none-any.whl (509 kB)
2025-08-19T16:05:50.6990810Z Using cached rich_toolkit-0.15.0-py3-none-any.whl (29 kB)
2025-08-19T16:05:50.7001774Z Using cached rich-14.1.0-py3-none-any.whl (243 kB)
2025-08-19T16:05:50.7014241Z Using cached markdown_it_py-4.0.0-py3-none-any.whl (87 kB)
2025-08-19T16:05:50.7025496Z Using cached mdurl-0.1.2-py3-none-any.whl (10.0 kB)
2025-08-19T16:05:50.7037054Z Using cached rignore-0.6.4-cp312-cp312-manylinux_2_17_x86_64.manylinux2014_x86_64.whl (949 kB)
2025-08-19T16:05:50.7055206Z Using cached sentry_sdk-2.35.0-py2.py3-none-any.whl (363 kB)
2025-08-19T16:05:50.7068890Z Using cached six-1.17.0-py2.py3-none-any.whl (11 kB)
2025-08-19T16:05:50.7079664Z Using cached sniffio-1.3.1-py3-none-any.whl (10 kB)
2025-08-19T16:05:50.7090320Z Using cached typer-0.16.1-py3-none-any.whl (46 kB)
2025-08-19T16:05:50.7101250Z Using cached shellingham-1.5.4-py2.py3-none-any.whl (9.8 kB)
2025-08-19T16:05:50.7111917Z Using cached typing_inspect-0.9.0-py3-none-any.whl (8.8 kB)
2025-08-19T16:05:50.7122714Z Using cached typing_inspection-0.4.1-py3-none-any.whl (14 kB)
2025-08-19T16:05:50.7133437Z Using cached tzdata-2025.2-py2.py3-none-any.whl (347 kB)
2025-08-19T16:05:50.7148074Z Using cached tzlocal-5.3.1-py3-none-any.whl (18 kB)
2025-08-19T16:05:50.7159423Z Using cached ujson-5.10.0-cp312-cp312-manylinux_2_17_x86_64.manylinux2014_x86_64.whl (53 kB)
2025-08-19T16:05:50.7170063Z Using cached uvicorn-0.35.0-py3-none-any.whl (66 kB)
2025-08-19T16:05:50.7182372Z Using cached httptools-0.6.4-cp312-cp312-manylinux_2_5_x86_64.manylinux1_x86_64.manylinux_2_17_x86_64.manylinux2014_x86_64.whl (510 kB)
2025-08-19T16:05:50.7196319Z Using cached uvloop-0.21.0-cp312-cp312-manylinux_2_17_x86_64.manylinux2014_x86_64.whl (4.7 MB)
2025-08-19T16:05:50.7240765Z Using cached watchfiles-1.1.0-cp312-cp312-manylinux_2_17_x86_64.manylinux2014_x86_64.whl (452 kB)
2025-08-19T16:05:50.7255315Z Using cached websockets-15.0.1-cp312-cp312-manylinux_2_5_x86_64.manylinux1_x86_64.manylinux_2_17_x86_64.manylinux2014_x86_64.whl (182 kB)
2025-08-19T16:05:50.7266327Z Using cached yapf-0.43.0-py3-none-any.whl (256 kB)
2025-08-19T16:05:50.7278927Z Using cached argon2_cffi-25.1.0-py3-none-any.whl (14 kB)
2025-08-19T16:05:50.7290954Z Using cached argon2_cffi_bindings-25.1.0-cp39-abi3-manylinux_2_26_x86_64.manylinux_2_28_x86_64.whl (87 kB)
2025-08-19T16:05:50.7302128Z Using cached cffi-1.17.1-cp312-cp312-manylinux_2_17_x86_64.manylinux2014_x86_64.whl (479 kB)
2025-08-19T16:05:50.7316283Z Using cached docker-7.1.0-py3-none-any.whl (147 kB)
2025-08-19T16:05:50.7328506Z Using cached et_xmlfile-2.0.0-py3-none-any.whl (18 kB)
2025-08-19T16:05:50.7339254Z Using cached mako-1.3.10-py3-none-any.whl (78 kB)
2025-08-19T16:05:50.7351065Z Using cached pycparser-2.22-py3-none-any.whl (117 kB)
2025-08-19T16:05:50.7363179Z Using cached pycryptodome-3.23.0-cp37-abi3-manylinux_2_17_x86_64.manylinux2014_x86_64.whl (2.3 MB)
2025-08-19T16:05:50.7389392Z Using cached typeguard-4.4.4-py3-none-any.whl (34 kB)
2025-08-19T16:05:50.7400445Z Using cached watchdog-6.0.0-py3-none-manylinux2014_x86_64.whl (79 kB)
2025-08-19T16:05:50.7411591Z Using cached wcwidth-0.2.13-py2.py3-none-any.whl (34 kB)
2025-08-19T16:05:51.2429822Z Installing collected packages: wcwidth, pytz, wrapt, websockets, watchdog, vine, uvloop, urllib3, ujson, tzlocal, tzdata, typing-extensions, tomli_w, tomli, structlog, sniffio, six, shellingham, setuptools, ruff, rignore, redis, PyYAML, python-multipart, python-dotenv, pygments, pycryptodome, pycparser, psycopg2-binary, psycopg-binary, psutil, prompt-toolkit, port-for, pluggy, platformdirs, pathspec, packaging, orjson, numpy, nr-stream, nr-date, mypy-extensions, multimethod, mdurl, MarkupSafe, jmespath, itsdangerous, iniconfig, imapclient, idna, httptools, h11, greenlet, et-xmlfile, docstring-parser, dnspython, coverage, click, charset_normalizer, certifi, billiard, asyncpg, annotated-types, yapf, uvicorn, typing-inspection, typing-inspect, types-requests, typeguard, typeapi, sqlalchemy, sentry-sdk, requests, python-dateutil, pytest, pydantic-core, psycopg, openpyxl, mypy, mirakuru, markdown-it-py, Mako, Jinja2, httpcore, email-validator, Deprecated, click-repl, click-plugins, click-didyoumean, cffi, black, apscheduler, anyio, amqp, watchfiles, starlette, rich, pytest-postgresql, pytest-cov, pytest-asyncio, pydantic, pandas, nr-util, kombu, httpx, docker, databind, botocore, argon2-cffi-bindings, alembic, typer, testcontainers, s3transfer, rich-toolkit, respx, python-telegram-bot, pydantic-settings, pydantic-extra-types, pandera, fastapi, databind.json, databind.core, celery, asgi-correlation-id, argon2-cffi, minio, fastapi-limiter, fastapi-cloud-cli, fastapi-cli, docspec, boto3, docspec-python, pydoc-markdown
2025-08-19T16:06:10.4067888Z 
2025-08-19T16:06:10.4190432Z Successfully installed Deprecated-1.2.18 Jinja2-3.1.6 Mako-1.3.10 MarkupSafe-3.0.2 PyYAML-6.0.2 alembic-1.13.1 amqp-5.3.1 annotated-types-0.7.0 anyio-4.10.0 apscheduler-3.10.4 argon2-cffi-25.1.0 argon2-cffi-bindings-25.1.0 asgi-correlation-id-4.3.1 asyncpg-0.30.0 billiard-4.2.1 black-25.1.0 boto3-1.40.12 botocore-1.40.12 celery-5.5.3 certifi-2025.8.3 cffi-1.17.1 charset_normalizer-3.4.3 click-8.2.1 click-didyoumean-0.3.1 click-plugins-1.1.1.2 click-repl-0.3.0 coverage-7.10.4 databind-4.5.2 databind.core-4.5.2 databind.json-4.5.2 dnspython-2.7.0 docker-7.1.0 docspec-2.2.1 docspec-python-2.2.2 docstring-parser-0.11 email-validator-2.2.0 et-xmlfile-2.0.0 fastapi-0.116.1 fastapi-cli-0.0.8 fastapi-cloud-cli-0.1.5 fastapi-limiter-0.1.6 greenlet-3.2.4 h11-0.16.0 httpcore-1.0.9 httptools-0.6.4 httpx-0.28.1 idna-3.10 imapclient-3.0.1 iniconfig-2.1.0 itsdangerous-2.2.0 jmespath-1.0.1 kombu-5.5.4 markdown-it-py-4.0.0 mdurl-0.1.2 minio-7.2.16 mirakuru-2.6.1 multimethod-1.10 mypy-1.17.1 mypy-extensions-1.1.0 nr-date-2.1.0 nr-stream-1.1.5 nr-util-0.8.12 numpy-1.26.4 openpyxl-3.1.5 orjson-3.11.2 packaging-25.0 pandas-2.2.3 pandera-0.19.3 pathspec-0.12.1 platformdirs-4.3.8 pluggy-1.6.0 port-for-0.7.4 prompt-toolkit-3.0.51 psutil-7.0.0 psycopg-3.2.9 psycopg-binary-3.2.9 psycopg2-binary-2.9.10 pycparser-2.22 pycryptodome-3.23.0 pydantic-2.11.7 pydantic-core-2.33.2 pydantic-extra-types-2.10.5 pydantic-settings-2.10.1 pydoc-markdown-4.8.2 pygments-2.19.2 pytest-8.4.1 pytest-asyncio-0.23.6 pytest-cov-6.2.1 pytest-postgresql-7.0.2 python-dateutil-2.9.0.post0 python-dotenv-1.1.1 python-multipart-0.0.20 python-telegram-bot-22.3 pytz-2025.2 redis-6.4.0 requests-2.32.4 respx-0.22.0 rich-14.1.0 rich-toolkit-0.15.0 rignore-0.6.4 ruff-0.4.4 s3transfer-0.13.1 sentry-sdk-2.35.0 setuptools-80.9.0 shellingham-1.5.4 six-1.17.0 sniffio-1.3.1 sqlalchemy-2.0.43 starlette-0.47.2 structlog-24.1.0 testcontainers-4.10.0 tomli-2.2.1 tomli_w-1.2.0 typeapi-2.2.4 typeguard-4.4.4 typer-0.16.1 types-requests-2.32.4.20250809 typing-extensions-4.14.1 typing-inspect-0.9.0 typing-inspection-0.4.1 tzdata-2025.2 tzlocal-5.3.1 ujson-5.10.0 urllib3-2.5.0 uvicorn-0.35.0 uvloop-0.21.0 vine-5.1.0 watchdog-6.0.0 watchfiles-1.1.0 wcwidth-0.2.13 websockets-15.0.1 wrapt-1.17.3 yapf-0.43.0
2025-08-19T16:06:11.6972959Z Collecting keepa==1.3.15
2025-08-19T16:06:11.6985918Z   Using cached keepa-1.3.15-py3-none-any.whl.metadata (11 kB)
2025-08-19T16:06:11.7250739Z Collecting minio==7.1.15
2025-08-19T16:06:11.7262614Z   Using cached minio-7.1.15-py3-none-any.whl.metadata (4.2 kB)
2025-08-19T16:06:11.7289996Z Requirement already satisfied: numpy>=1.9.3 in /opt/hostedtoolcache/Python/3.12.11/x64/lib/python3.12/site-packages (from keepa==1.3.15) (1.26.4)
2025-08-19T16:06:11.7296632Z Requirement already satisfied: requests>=2.2 in /opt/hostedtoolcache/Python/3.12.11/x64/lib/python3.12/site-packages (from keepa==1.3.15) (2.32.4)
2025-08-19T16:06:11.7606595Z Collecting tqdm (from keepa==1.3.15)
2025-08-19T16:06:11.7618186Z   Using cached tqdm-4.67.1-py3-none-any.whl.metadata (57 kB)
2025-08-19T16:06:12.2439455Z Collecting aiohttp (from keepa==1.3.15)
2025-08-19T16:06:12.2452958Z   Using cached aiohttp-3.12.15-cp312-cp312-manylinux_2_17_x86_64.manylinux2014_x86_64.whl.metadata (7.7 kB)
2025-08-19T16:06:12.2487730Z Requirement already satisfied: pandas<=3.0 in /opt/hostedtoolcache/Python/3.12.11/x64/lib/python3.12/site-packages (from keepa==1.3.15) (2.2.3)
2025-08-19T16:06:12.2491028Z Requirement already satisfied: pydantic in /opt/hostedtoolcache/Python/3.12.11/x64/lib/python3.12/site-packages (from keepa==1.3.15) (2.11.7)
2025-08-19T16:06:12.2499384Z Requirement already satisfied: certifi in /opt/hostedtoolcache/Python/3.12.11/x64/lib/python3.12/site-packages (from minio==7.1.15) (2025.8.3)
2025-08-19T16:06:12.2502303Z Requirement already satisfied: urllib3 in /opt/hostedtoolcache/Python/3.12.11/x64/lib/python3.12/site-packages (from minio==7.1.15) (2.5.0)
2025-08-19T16:06:12.2563995Z Requirement already satisfied: python-dateutil>=2.8.2 in /opt/hostedtoolcache/Python/3.12.11/x64/lib/python3.12/site-packages (from pandas<=3.0->keepa==1.3.15) (2.9.0.post0)
2025-08-19T16:06:12.2569218Z Requirement already satisfied: pytz>=2020.1 in /opt/hostedtoolcache/Python/3.12.11/x64/lib/python3.12/site-packages (from pandas<=3.0->keepa==1.3.15) (2025.2)
2025-08-19T16:06:12.2574267Z Requirement already satisfied: tzdata>=2022.7 in /opt/hostedtoolcache/Python/3.12.11/x64/lib/python3.12/site-packages (from pandas<=3.0->keepa==1.3.15) (2025.2)
2025-08-19T16:06:12.2703769Z Requirement already satisfied: six>=1.5 in /opt/hostedtoolcache/Python/3.12.11/x64/lib/python3.12/site-packages (from python-dateutil>=2.8.2->pandas<=3.0->keepa==1.3.15) (1.17.0)
2025-08-19T16:06:12.2723047Z Requirement already satisfied: charset_normalizer<4,>=2 in /opt/hostedtoolcache/Python/3.12.11/x64/lib/python3.12/site-packages (from requests>=2.2->keepa==1.3.15) (3.4.3)
2025-08-19T16:06:12.2729545Z Requirement already satisfied: idna<4,>=2.5 in /opt/hostedtoolcache/Python/3.12.11/x64/lib/python3.12/site-packages (from requests>=2.2->keepa==1.3.15) (3.10)
2025-08-19T16:06:12.2926264Z Collecting aiohappyeyeballs>=2.5.0 (from aiohttp->keepa==1.3.15)
2025-08-19T16:06:12.2937454Z   Using cached aiohappyeyeballs-2.6.1-py3-none-any.whl.metadata (5.9 kB)
2025-08-19T16:06:12.3017972Z Collecting aiosignal>=1.4.0 (from aiohttp->keepa==1.3.15)
2025-08-19T16:06:12.3029121Z   Using cached aiosignal-1.4.0-py3-none-any.whl.metadata (3.7 kB)
2025-08-19T16:06:12.3169172Z Collecting attrs>=17.3.0 (from aiohttp->keepa==1.3.15)
2025-08-19T16:06:12.3180150Z   Using cached attrs-25.3.0-py3-none-any.whl.metadata (10 kB)
2025-08-19T16:06:12.3833646Z Collecting frozenlist>=1.1.1 (from aiohttp->keepa==1.3.15)
2025-08-19T16:06:12.3845515Z   Using cached frozenlist-1.7.0-cp312-cp312-manylinux_2_5_x86_64.manylinux1_x86_64.manylinux_2_17_x86_64.manylinux2014_x86_64.whl.metadata (18 kB)
2025-08-19T16:06:12.6261266Z Collecting multidict<7.0,>=4.5 (from aiohttp->keepa==1.3.15)
2025-08-19T16:06:12.6274837Z   Using cached multidict-6.6.4-cp312-cp312-manylinux2014_x86_64.manylinux_2_17_x86_64.manylinux_2_28_x86_64.whl.metadata (5.3 kB)
2025-08-19T16:06:12.6677392Z Collecting propcache>=0.2.0 (from aiohttp->keepa==1.3.15)
2025-08-19T16:06:12.6689157Z   Using cached propcache-0.3.2-cp312-cp312-manylinux_2_17_x86_64.manylinux2014_x86_64.whl.metadata (12 kB)
2025-08-19T16:06:12.9024980Z Collecting yarl<2.0,>=1.17.0 (from aiohttp->keepa==1.3.15)
2025-08-19T16:06:12.9037411Z   Using cached yarl-1.20.1-cp312-cp312-manylinux_2_17_x86_64.manylinux2014_x86_64.whl.metadata (73 kB)
2025-08-19T16:06:12.9256064Z Requirement already satisfied: typing-extensions>=4.2 in /opt/hostedtoolcache/Python/3.12.11/x64/lib/python3.12/site-packages (from aiosignal>=1.4.0->aiohttp->keepa==1.3.15) (4.14.1)
2025-08-19T16:06:12.9304216Z Requirement already satisfied: annotated-types>=0.6.0 in /opt/hostedtoolcache/Python/3.12.11/x64/lib/python3.12/site-packages (from pydantic->keepa==1.3.15) (0.7.0)
2025-08-19T16:06:12.9309644Z Requirement already satisfied: pydantic-core==2.33.2 in /opt/hostedtoolcache/Python/3.12.11/x64/lib/python3.12/site-packages (from pydantic->keepa==1.3.15) (2.33.2)
2025-08-19T16:06:12.9316671Z Requirement already satisfied: typing-inspection>=0.4.0 in /opt/hostedtoolcache/Python/3.12.11/x64/lib/python3.12/site-packages (from pydantic->keepa==1.3.15) (0.4.1)
2025-08-19T16:06:12.9374692Z Using cached keepa-1.3.15-py3-none-any.whl (38 kB)
2025-08-19T16:06:12.9385790Z Using cached minio-7.1.15-py3-none-any.whl (77 kB)
2025-08-19T16:06:12.9397534Z Using cached aiohttp-3.12.15-cp312-cp312-manylinux_2_17_x86_64.manylinux2014_x86_64.whl (1.7 MB)
2025-08-19T16:06:12.9421433Z Using cached multidict-6.6.4-cp312-cp312-manylinux2014_x86_64.manylinux_2_17_x86_64.manylinux_2_28_x86_64.whl (256 kB)
2025-08-19T16:06:12.9433484Z Using cached yarl-1.20.1-cp312-cp312-manylinux_2_17_x86_64.manylinux2014_x86_64.whl (355 kB)
2025-08-19T16:06:12.9446831Z Using cached aiohappyeyeballs-2.6.1-py3-none-any.whl (15 kB)
2025-08-19T16:06:12.9457636Z Using cached aiosignal-1.4.0-py3-none-any.whl (7.5 kB)
2025-08-19T16:06:12.9468262Z Using cached attrs-25.3.0-py3-none-any.whl (63 kB)
2025-08-19T16:06:12.9480138Z Using cached frozenlist-1.7.0-cp312-cp312-manylinux_2_5_x86_64.manylinux1_x86_64.manylinux_2_17_x86_64.manylinux2014_x86_64.whl (241 kB)
2025-08-19T16:06:12.9492339Z Using cached propcache-0.3.2-cp312-cp312-manylinux_2_17_x86_64.manylinux2014_x86_64.whl (224 kB)
2025-08-19T16:06:12.9504236Z Using cached tqdm-4.67.1-py3-none-any.whl (78 kB)
2025-08-19T16:06:13.1296439Z Installing collected packages: tqdm, propcache, multidict, minio, frozenlist, attrs, aiohappyeyeballs, yarl, aiosignal, aiohttp, keepa
2025-08-19T16:06:13.2029525Z   Attempting uninstall: minio
2025-08-19T16:06:13.2076913Z     Found existing installation: minio 7.2.16
2025-08-19T16:06:13.2113795Z     Uninstalling minio-7.2.16:
2025-08-19T16:06:13.2124118Z       Successfully uninstalled minio-7.2.16
2025-08-19T16:06:13.5712659Z 
2025-08-19T16:06:13.5828978Z Successfully installed aiohappyeyeballs-2.6.1 aiohttp-3.12.15 aiosignal-1.4.0 attrs-25.3.0 frozenlist-1.7.0 keepa-1.3.15 minio-7.1.15 multidict-6.6.4 propcache-0.3.2 tqdm-4.67.1 yarl-1.20.1
2025-08-19T16:06:13.7394983Z ##[group]Run ruff check .
2025-08-19T16:06:13.7395319Z [36;1mruff check .[0m
2025-08-19T16:06:13.7395589Z [36;1mruff format --check .[0m
2025-08-19T16:06:13.7436365Z shell: /usr/bin/bash -e {0}
2025-08-19T16:06:13.7436648Z env:
2025-08-19T16:06:13.7436896Z   REDIS_URL: redis://localhost:6379/0
2025-08-19T16:06:13.7437245Z   RATE_LIMIT_DEFAULT: 100/minute
2025-08-19T16:06:13.7437539Z   TRUST_X_FORWARDED: 1
2025-08-19T16:06:13.7437796Z   PG_USER: postgres
2025-08-19T16:06:13.7438045Z   PG_PASSWORD: pass
2025-08-19T16:06:13.7438281Z   PG_DATABASE: awa
2025-08-19T16:06:13.7438520Z   PG_HOST: localhost
2025-08-19T16:06:13.7438765Z   PG_PORT: 5432
2025-08-19T16:06:13.7439431Z   PG_SYNC_DSN: ***localhost:5432/awa
2025-08-19T16:06:13.7439983Z   PG_ASYNC_DSN: ***localhost:5432/awa
2025-08-19T16:06:13.7440492Z   DATABASE_URL: ***localhost:5432/awa
2025-08-19T16:06:13.7440800Z   DATA_DIR: /tmp/awa-data
2025-08-19T16:06:13.7441066Z   ENABLE_LIVE: 0
2025-08-19T16:06:13.7441315Z   TESTING: 1
2025-08-19T16:06:13.7441625Z   pythonLocation: /opt/hostedtoolcache/Python/3.12.11/x64
2025-08-19T16:06:13.7442165Z   PKG_CONFIG_PATH: /opt/hostedtoolcache/Python/3.12.11/x64/lib/pkgconfig
2025-08-19T16:06:13.7442696Z   Python_ROOT_DIR: /opt/hostedtoolcache/Python/3.12.11/x64
2025-08-19T16:06:13.7443163Z   Python2_ROOT_DIR: /opt/hostedtoolcache/Python/3.12.11/x64
2025-08-19T16:06:13.7443666Z   Python3_ROOT_DIR: /opt/hostedtoolcache/Python/3.12.11/x64
2025-08-19T16:06:13.7444144Z   LD_LIBRARY_PATH: /opt/hostedtoolcache/Python/3.12.11/x64/lib
2025-08-19T16:06:13.7444535Z ##[endgroup]
2025-08-19T16:06:13.7710616Z All checks passed!
2025-08-19T16:06:13.7931172Z 242 files already formatted
2025-08-19T16:06:13.7964986Z ##[group]Run for i in {1..30}; do pg_isready -h "$PG_HOST" -p "$PG_PORT" -U "$PG_USER" -d "$PG_DATABASE" && break; sleep 1; done
2025-08-19T16:06:13.7965878Z [36;1mfor i in {1..30}; do pg_isready -h "$PG_HOST" -p "$PG_PORT" -U "$PG_USER" -d "$PG_DATABASE" && break; sleep 1; done[0m
2025-08-19T16:06:13.8006187Z shell: /usr/bin/bash -e {0}
2025-08-19T16:06:13.8006446Z env:
2025-08-19T16:06:13.8006665Z   REDIS_URL: redis://localhost:6379/0
2025-08-19T16:06:13.8006958Z   RATE_LIMIT_DEFAULT: 100/minute
2025-08-19T16:06:13.8007218Z   TRUST_X_FORWARDED: 1
2025-08-19T16:06:13.8007439Z   PG_USER: postgres
2025-08-19T16:06:13.8007651Z   PG_PASSWORD: pass
2025-08-19T16:06:13.8007861Z   PG_DATABASE: awa
2025-08-19T16:06:13.8008060Z   PG_HOST: localhost
2025-08-19T16:06:13.8008273Z   PG_PORT: 5432
2025-08-19T16:06:13.8008761Z   PG_SYNC_DSN: ***localhost:5432/awa
2025-08-19T16:06:13.8009259Z   PG_ASYNC_DSN: ***localhost:5432/awa
2025-08-19T16:06:13.8009731Z   DATABASE_URL: ***localhost:5432/awa
2025-08-19T16:06:13.8010167Z   DATA_DIR: /tmp/awa-data
2025-08-19T16:06:13.8010404Z   ENABLE_LIVE: 0
2025-08-19T16:06:13.8010602Z   TESTING: 1
2025-08-19T16:06:13.8010866Z   pythonLocation: /opt/hostedtoolcache/Python/3.12.11/x64
2025-08-19T16:06:13.8011335Z   PKG_CONFIG_PATH: /opt/hostedtoolcache/Python/3.12.11/x64/lib/pkgconfig
2025-08-19T16:06:13.8011796Z   Python_ROOT_DIR: /opt/hostedtoolcache/Python/3.12.11/x64
2025-08-19T16:06:13.8012205Z   Python2_ROOT_DIR: /opt/hostedtoolcache/Python/3.12.11/x64
2025-08-19T16:06:13.8012605Z   Python3_ROOT_DIR: /opt/hostedtoolcache/Python/3.12.11/x64
2025-08-19T16:06:13.8013017Z   LD_LIBRARY_PATH: /opt/hostedtoolcache/Python/3.12.11/x64/lib
2025-08-19T16:06:13.8013362Z ##[endgroup]
2025-08-19T16:06:13.8596286Z localhost:5432 - accepting connections
2025-08-19T16:06:13.8637838Z ##[group]Run psql -h "$PG_HOST" -p "$PG_PORT" -U "$PG_USER" -d "$PG_DATABASE" -c "SELECT 1"
2025-08-19T16:06:13.8638454Z [36;1mpsql -h "$PG_HOST" -p "$PG_PORT" -U "$PG_USER" -d "$PG_DATABASE" -c "SELECT 1"[0m
2025-08-19T16:06:13.8675214Z shell: /usr/bin/bash -e {0}
2025-08-19T16:06:13.8675500Z env:
2025-08-19T16:06:13.8675970Z   REDIS_URL: redis://localhost:6379/0
2025-08-19T16:06:13.8676346Z   RATE_LIMIT_DEFAULT: 100/minute
2025-08-19T16:06:13.8676634Z   TRUST_X_FORWARDED: 1
2025-08-19T16:06:13.8676899Z   PG_USER: postgres
2025-08-19T16:06:13.8677150Z   PG_PASSWORD: pass
2025-08-19T16:06:13.8677387Z   PG_DATABASE: awa
2025-08-19T16:06:13.8677625Z   PG_HOST: localhost
2025-08-19T16:06:13.8677865Z   PG_PORT: 5432
2025-08-19T16:06:13.8678404Z   PG_SYNC_DSN: ***localhost:5432/awa
2025-08-19T16:06:13.8678927Z   PG_ASYNC_DSN: ***localhost:5432/awa
2025-08-19T16:06:13.8679427Z   DATABASE_URL: ***localhost:5432/awa
2025-08-19T16:06:13.8679739Z   DATA_DIR: /tmp/awa-data
2025-08-19T16:06:13.8680036Z   ENABLE_LIVE: 0
2025-08-19T16:06:13.8680259Z   TESTING: 1
2025-08-19T16:06:13.8680572Z   pythonLocation: /opt/hostedtoolcache/Python/3.12.11/x64
2025-08-19T16:06:13.8681115Z   PKG_CONFIG_PATH: /opt/hostedtoolcache/Python/3.12.11/x64/lib/pkgconfig
2025-08-19T16:06:13.8681666Z   Python_ROOT_DIR: /opt/hostedtoolcache/Python/3.12.11/x64
2025-08-19T16:06:13.8682136Z   Python2_ROOT_DIR: /opt/hostedtoolcache/Python/3.12.11/x64
2025-08-19T16:06:13.8682611Z   Python3_ROOT_DIR: /opt/hostedtoolcache/Python/3.12.11/x64
2025-08-19T16:06:13.8683101Z   LD_LIBRARY_PATH: /opt/hostedtoolcache/Python/3.12.11/x64/lib
2025-08-19T16:06:13.8683496Z   PGPASSWORD: pass
2025-08-19T16:06:13.8683736Z ##[endgroup]
2025-08-19T16:06:13.9419943Z  ?column? 
2025-08-19T16:06:13.9420487Z ----------
2025-08-19T16:06:13.9422511Z         1
2025-08-19T16:06:13.9422903Z (1 row)
2025-08-19T16:06:13.9423123Z 
2025-08-19T16:06:13.9455809Z ##[group]Run alembic -c services/api/alembic.ini upgrade head
2025-08-19T16:06:13.9456326Z [36;1malembic -c services/api/alembic.ini upgrade head[0m
2025-08-19T16:06:13.9492280Z shell: /usr/bin/bash -e {0}
2025-08-19T16:06:13.9492588Z env:
2025-08-19T16:06:13.9492866Z   REDIS_URL: redis://localhost:6379/0
2025-08-19T16:06:13.9493233Z   RATE_LIMIT_DEFAULT: 100/minute
2025-08-19T16:06:13.9493560Z   TRUST_X_FORWARDED: 1
2025-08-19T16:06:13.9493830Z   PG_USER: postgres
2025-08-19T16:06:13.9494101Z   PG_PASSWORD: pass
2025-08-19T16:06:13.9494361Z   PG_DATABASE: awa
2025-08-19T16:06:13.9494614Z   PG_HOST: localhost
2025-08-19T16:06:13.9494875Z   PG_PORT: 5432
2025-08-19T16:06:13.9495402Z   PG_SYNC_DSN: ***localhost:5432/awa
2025-08-19T16:06:13.9496195Z   PG_ASYNC_DSN: ***localhost:5432/awa
2025-08-19T16:06:13.9496737Z   DATABASE_URL: ***localhost:5432/awa
2025-08-19T16:06:13.9497068Z   DATA_DIR: /tmp/awa-data
2025-08-19T16:06:13.9497360Z   ENABLE_LIVE: 0
2025-08-19T16:06:13.9497637Z   TESTING: 1
2025-08-19T16:06:13.9497969Z   pythonLocation: /opt/hostedtoolcache/Python/3.12.11/x64
2025-08-19T16:06:13.9498537Z   PKG_CONFIG_PATH: /opt/hostedtoolcache/Python/3.12.11/x64/lib/pkgconfig
2025-08-19T16:06:13.9499096Z   Python_ROOT_DIR: /opt/hostedtoolcache/Python/3.12.11/x64
2025-08-19T16:06:13.9499597Z   Python2_ROOT_DIR: /opt/hostedtoolcache/Python/3.12.11/x64
2025-08-19T16:06:13.9500262Z   Python3_ROOT_DIR: /opt/hostedtoolcache/Python/3.12.11/x64
2025-08-19T16:06:13.9500769Z   LD_LIBRARY_PATH: /opt/hostedtoolcache/Python/3.12.11/x64/lib
2025-08-19T16:06:13.9501187Z ##[endgroup]
2025-08-19T16:06:14.7990197Z INFO  [alembic.runtime.migration] Context impl PostgresqlImpl.
2025-08-19T16:06:14.7991211Z INFO  [alembic.runtime.migration] Will assume transactional DDL.
2025-08-19T16:06:14.8172369Z INFO  [alembic.runtime.migration] Running upgrade  -> 0001_baseline
2025-08-19T16:06:14.8319666Z INFO  [alembic.runtime.migration] Running upgrade 0001_baseline -> 0002_create_roi_view
2025-08-19T16:06:14.8347245Z INFO  [alembic.runtime.migration] Running upgrade 0002_create_roi_view -> 3e9d5c5aff2c
2025-08-19T16:06:14.8514850Z INFO  [alembic.runtime.migration] Running upgrade 3e9d5c5aff2c -> 0003_vendor_prices
2025-08-19T16:06:14.8650551Z INFO  [alembic.runtime.migration] Running upgrade 0003_vendor_prices -> 0004_fee_cron
2025-08-19T16:06:14.8723906Z INFO  [alembic.runtime.migration] Running upgrade 0004_fee_cron -> 0006_fix_roi_views
2025-08-19T16:06:14.8757730Z INFO  [alembic.runtime.migration] Running upgrade 0006_fix_roi_views -> 0020_unified_schema
2025-08-19T16:06:14.8874362Z INFO  [alembic.runtime.migration] Running upgrade 0020_unified_schema -> 0022_fix_roi_view
2025-08-19T16:06:14.8943705Z INFO  [alembic.runtime.migration] Running upgrade 0022_fix_roi_view -> 0023_add_storage_fee
2025-08-19T16:06:14.8985322Z INFO  [alembic.runtime.migration] Running upgrade 0023_add_storage_fee -> 0024_create_buybox
2025-08-19T16:06:14.9008172Z INFO  [alembic.runtime.migration] Running upgrade 0024_create_buybox -> 0025_pr4_indexes_loadlog
2025-08-19T16:06:14.9230528Z INFO  [alembic.runtime.migration] Running upgrade 0025_pr4_indexes_loadlog -> 0026_amazon_new_reports
2025-08-19T16:06:15.0179111Z ##[group]Run python -m mypy services || true
2025-08-19T16:06:15.0179628Z [36;1mpython -m mypy services || true[0m
2025-08-19T16:06:15.0220456Z shell: /usr/bin/bash -e {0}
2025-08-19T16:06:15.0220817Z env:
2025-08-19T16:06:15.0221112Z   REDIS_URL: redis://localhost:6379/0
2025-08-19T16:06:15.0221527Z   RATE_LIMIT_DEFAULT: 100/minute
2025-08-19T16:06:15.0221898Z   TRUST_X_FORWARDED: 1
2025-08-19T16:06:15.0222215Z   PG_USER: postgres
2025-08-19T16:06:15.0222519Z   PG_PASSWORD: pass
2025-08-19T16:06:15.0222813Z   PG_DATABASE: awa
2025-08-19T16:06:15.0223096Z   PG_HOST: localhost
2025-08-19T16:06:15.0223391Z   PG_PORT: 5432
2025-08-19T16:06:15.0224056Z   PG_SYNC_DSN: ***localhost:5432/awa
2025-08-19T16:06:15.0224698Z   PG_ASYNC_DSN: ***localhost:5432/awa
2025-08-19T16:06:15.0225329Z   DATABASE_URL: ***localhost:5432/awa
2025-08-19T16:06:15.0225884Z   DATA_DIR: /tmp/awa-data
2025-08-19T16:06:15.0226209Z   ENABLE_LIVE: 0
2025-08-19T16:06:15.0226492Z   TESTING: 1
2025-08-19T16:06:15.0226911Z   pythonLocation: /opt/hostedtoolcache/Python/3.12.11/x64
2025-08-19T16:06:15.0227581Z   PKG_CONFIG_PATH: /opt/hostedtoolcache/Python/3.12.11/x64/lib/pkgconfig
2025-08-19T16:06:15.0228236Z   Python_ROOT_DIR: /opt/hostedtoolcache/Python/3.12.11/x64
2025-08-19T16:06:15.0228827Z   Python2_ROOT_DIR: /opt/hostedtoolcache/Python/3.12.11/x64
2025-08-19T16:06:15.0229414Z   Python3_ROOT_DIR: /opt/hostedtoolcache/Python/3.12.11/x64
2025-08-19T16:06:15.0229994Z   LD_LIBRARY_PATH: /opt/hostedtoolcache/Python/3.12.11/x64/lib
2025-08-19T16:06:15.0230480Z ##[endgroup]
2025-08-19T16:06:45.5274797Z services/api/routes/score.py:16: error: Function is missing a return type annotation  [no-untyped-def]
2025-08-19T16:06:45.5277444Z services/api/routes/score.py:16: note: Use "-> None" if function does not return a value
2025-08-19T16:06:45.5279061Z services/api/routes/score.py:26: error: All conditional function variants must have identical signatures  [misc]
2025-08-19T16:06:45.5280424Z services/api/routes/score.py:26: note: Original:
2025-08-19T16:06:45.5281668Z services/api/routes/score.py:26: note:     def require_basic_auth(credentials: HTTPBasicCredentials = ...) -> None
2025-08-19T16:06:45.5282993Z services/api/routes/score.py:26: note: Redefinition:
2025-08-19T16:06:45.5284324Z services/api/routes/score.py:26: note:     def require_basic_auth() -> None
2025-08-19T16:06:45.5286115Z services/api/routes/score.py:34: error: Incompatible types in assignment (expression has type "None", variable has type Module)  [assignment]
2025-08-19T16:06:45.5287718Z services/api/routes/score.py:38: error: Invalid type comment or annotation  [valid-type]
2025-08-19T16:06:45.5289038Z services/api/routes/score.py:38: note: Suggestion: use constr[...] instead of constr(...)
2025-08-19T16:06:45.5763354Z Found 4 errors in 1 file (checked 97 source files)
2025-08-19T16:06:45.6195944Z ##[group]Run pytest -q --cov=services
2025-08-19T16:06:45.6196422Z [36;1mpytest -q --cov=services[0m
2025-08-19T16:06:45.6237457Z shell: /usr/bin/bash -e {0}
2025-08-19T16:06:45.6237802Z env:
2025-08-19T16:06:45.6238094Z   REDIS_URL: redis://localhost:6379/0
2025-08-19T16:06:45.6238501Z   RATE_LIMIT_DEFAULT: 100/minute
2025-08-19T16:06:45.6238859Z   TRUST_X_FORWARDED: 1
2025-08-19T16:06:45.6239182Z   PG_USER: postgres
2025-08-19T16:06:45.6239473Z   PG_PASSWORD: pass
2025-08-19T16:06:45.6239767Z   PG_DATABASE: awa
2025-08-19T16:06:45.6240055Z   PG_HOST: localhost
2025-08-19T16:06:45.6240348Z   PG_PORT: 5432
2025-08-19T16:06:45.6240944Z   PG_SYNC_DSN: ***localhost:5432/awa
2025-08-19T16:06:45.6241589Z   PG_ASYNC_DSN: ***localhost:5432/awa
2025-08-19T16:06:45.6242201Z   DATABASE_URL: ***localhost:5432/awa
2025-08-19T16:06:45.6242578Z   DATA_DIR: /tmp/awa-data
2025-08-19T16:06:45.6242901Z   ENABLE_LIVE: 0
2025-08-19T16:06:45.6243175Z   TESTING: 1
2025-08-19T16:06:45.6243587Z   pythonLocation: /opt/hostedtoolcache/Python/3.12.11/x64
2025-08-19T16:06:45.6244237Z   PKG_CONFIG_PATH: /opt/hostedtoolcache/Python/3.12.11/x64/lib/pkgconfig
2025-08-19T16:06:45.6244899Z   Python_ROOT_DIR: /opt/hostedtoolcache/Python/3.12.11/x64
2025-08-19T16:06:45.6245466Z   Python2_ROOT_DIR: /opt/hostedtoolcache/Python/3.12.11/x64
2025-08-19T16:06:45.6246289Z   Python3_ROOT_DIR: /opt/hostedtoolcache/Python/3.12.11/x64
2025-08-19T16:06:45.6246873Z   LD_LIBRARY_PATH: /opt/hostedtoolcache/Python/3.12.11/x64/lib
2025-08-19T16:06:45.6247345Z ##[endgroup]
2025-08-19T16:07:14.0820427Z ........s.............................sssssss........................... [ 43%]
2025-08-19T16:07:46.3292121Z ........................................................................ [ 86%]
2025-08-19T16:07:47.5573278Z ......................                                                   [100%]
2025-08-19T16:07:47.5574581Z =============================== warnings summary ===============================
2025-08-19T16:07:47.5575621Z services/alert_bot/tests/test_smoke.py:5
2025-08-19T16:07:47.5580529Z   /home/runner/work/AWA-App/AWA-App/services/alert_bot/tests/test_smoke.py:5: UserWarning: pkg_resources is deprecated as an API. See https://setuptools.pypa.io/en/latest/pkg_resources.html. The pkg_resources package is slated for removal as early as 2025-11-30. Refrain from using this package or pin to Setuptools<81.
2025-08-19T16:07:47.5584321Z     import pkg_resources  # noqa: F401
2025-08-19T16:07:47.5584833Z 
2025-08-19T16:07:47.5585144Z tests/api/test_ingest_endpoints.py: 12 warnings
2025-08-19T16:07:47.5586145Z tests/ingest/test_tasks_eager.py: 3 warnings
2025-08-19T16:07:47.5586876Z tests/test_api_fast.py: 1 warning
2025-08-19T16:07:47.5587534Z tests/test_health.py: 5 warnings
2025-08-19T16:07:47.5588171Z tests/test_smoke.py: 5 warnings
2025-08-19T16:07:47.5588818Z services/api/tests/test_cors.py: 1 warning
2025-08-19T16:07:47.5589598Z services/api/tests/test_errors_json.py: 2 warnings
2025-08-19T16:07:47.5590455Z services/api/tests/test_health.py: 1 warning
2025-08-19T16:07:47.5591274Z services/api/tests/test_rate_limit.py: 122 warnings
2025-08-19T16:07:47.5592181Z services/api/tests/test_roi_basic_auth.py: 4 warnings
2025-08-19T16:07:47.5592999Z services/api/tests/test_sentry_event.py: 1 warning
2025-08-19T16:07:47.5593752Z services/api/tests/test_stats_contracts.py: 3 warnings
2025-08-19T16:07:47.5597249Z   /opt/hostedtoolcache/Python/3.12.11/x64/lib/python3.12/site-packages/asgi_correlation_id/extensions/sentry.py:27: DeprecationWarning: sentry_sdk.configure_scope is deprecated and will be removed in the next major version. Please consult our migration guide to learn how to migrate to the new API: https://docs.sentry.io/platforms/python/migration/1.x-to-2.x#scope-configuring
2025-08-19T16:07:47.5600628Z     with configure_scope() as scope:
2025-08-19T16:07:47.5600951Z 
2025-08-19T16:07:47.5601180Z tests/api/test_ingest_endpoints.py: 3 warnings
2025-08-19T16:07:47.5601750Z tests/test_api_fast.py: 1 warning
2025-08-19T16:07:47.5602569Z tests/test_health.py: 5 warnings
2025-08-19T16:07:47.5603016Z tests/test_smoke.py: 5 warnings
2025-08-19T16:07:47.5603433Z services/api/tests/test_cors.py: 3 warnings
2025-08-19T16:07:47.5603954Z services/api/tests/test_errors_json.py: 2 warnings
2025-08-19T16:07:47.5604482Z services/api/tests/test_health.py: 1 warning
2025-08-19T16:07:47.5604964Z services/api/tests/test_rate_limit.py: 2 warnings
2025-08-19T16:07:47.5605462Z services/api/tests/test_sentry_event.py: 1 warning
2025-08-19T16:07:47.5606217Z services/api/tests/test_stats_contracts.py: 3 warnings
2025-08-19T16:07:47.5607657Z   /opt/hostedtoolcache/Python/3.12.11/x64/lib/python3.12/site-packages/fastapi_limiter/__init__.py:89: DeprecationWarning: Call to deprecated close. (Use aclose() instead) -- Deprecated since version 5.0.1.
2025-08-19T16:07:47.5609440Z     await cls.redis.close()
2025-08-19T16:07:47.5609680Z 
2025-08-19T16:07:47.5609919Z tests/test_api_fast.py::test_health_endpoint
2025-08-19T16:07:47.5611713Z   /home/runner/work/AWA-App/AWA-App/tests/test_api_fast.py:13: DeprecationWarning: datetime.datetime.utcnow() is deprecated and scheduled for removal in a future version. Use timezone-aware objects to represent datetimes in UTC: datetime.datetime.now(datetime.UTC).
2025-08-19T16:07:47.5613541Z     return datetime.datetime.utcnow()
2025-08-19T16:07:47.5613872Z 
2025-08-19T16:07:47.5614043Z tests/test_api_fast.py: 1 warning
2025-08-19T16:07:47.5614496Z tests/test_health.py: 5 warnings
2025-08-19T16:07:47.5614931Z tests/test_smoke.py: 5 warnings
2025-08-19T16:07:47.5615375Z services/api/tests/test_cors.py: 1 warning
2025-08-19T16:07:47.5616169Z services/api/tests/test_health.py: 1 warning
2025-08-19T16:07:47.5616724Z services/api/tests/test_rate_limit.py: 102 warnings
2025-08-19T16:07:47.5618652Z   /home/runner/work/AWA-App/AWA-App/services/api/routes/health.py:24: DeprecationWarning: datetime.datetime.utcnow() is deprecated and scheduled for removal in a future version. Use timezone-aware objects to represent datetimes in UTC: datetime.datetime.now(datetime.UTC).
2025-08-19T16:07:47.5620604Z     app_now = datetime.utcnow().replace(tzinfo=timezone.utc)
2025-08-19T16:07:47.5621014Z 
2025-08-19T16:07:47.5621208Z tests/test_health.py::test_health[0]
2025-08-19T16:07:47.5621690Z tests/test_health.py::test_health[1]
2025-08-19T16:07:47.5622158Z tests/test_health.py::test_health[2]
2025-08-19T16:07:47.5622793Z tests/test_health.py::test_health[3]
2025-08-19T16:07:47.5623314Z tests/test_health.py::test_health[4]
2025-08-19T16:07:47.5625098Z   /home/runner/work/AWA-App/AWA-App/tests/test_health.py:22: DeprecationWarning: datetime.datetime.utcnow() is deprecated and scheduled for removal in a future version. Use timezone-aware objects to represent datetimes in UTC: datetime.datetime.now(datetime.UTC).
2025-08-19T16:07:47.5627129Z     return datetime.datetime.utcnow()
2025-08-19T16:07:47.5627457Z 
2025-08-19T16:07:47.5627640Z tests/test_smoke.py::test_health[0]
2025-08-19T16:07:47.5628116Z tests/test_smoke.py::test_health[1]
2025-08-19T16:07:47.5628591Z tests/test_smoke.py::test_health[2]
2025-08-19T16:07:47.5629038Z tests/test_smoke.py::test_health[3]
2025-08-19T16:07:47.5629486Z tests/test_smoke.py::test_health[4]
2025-08-19T16:07:47.5631247Z   /home/runner/work/AWA-App/AWA-App/tests/test_smoke.py:32: DeprecationWarning: datetime.datetime.utcnow() is deprecated and scheduled for removal in a future version. Use timezone-aware objects to represent datetimes in UTC: datetime.datetime.now(datetime.UTC).
2025-08-19T16:07:47.5633434Z     return datetime.datetime.utcnow()
2025-08-19T16:07:47.5633767Z 
2025-08-19T16:07:47.5634074Z services/api/tests/test_cors.py::test_cors_simple_get_allowed
2025-08-19T16:07:47.5636281Z   /home/runner/work/AWA-App/AWA-App/services/api/tests/test_cors.py:27: DeprecationWarning: datetime.datetime.utcnow() is deprecated and scheduled for removal in a future version. Use timezone-aware objects to represent datetimes in UTC: datetime.datetime.now(datetime.UTC).
2025-08-19T16:07:47.5638199Z     return datetime.datetime.utcnow()
2025-08-19T16:07:47.5638771Z 
2025-08-19T16:07:47.5639047Z services/api/tests/test_health.py::test_health_route
2025-08-19T16:07:47.5641020Z   /home/runner/work/AWA-App/AWA-App/services/api/tests/test_health.py:14: DeprecationWarning: datetime.datetime.utcnow() is deprecated and scheduled for removal in a future version. Use timezone-aware objects to represent datetimes in UTC: datetime.datetime.now(datetime.UTC).
2025-08-19T16:07:47.5642940Z     return datetime.datetime.utcnow()
2025-08-19T16:07:47.5643270Z 
2025-08-19T16:07:47.5643491Z services/api/tests/test_rate_limit.py: 102 warnings
2025-08-19T16:07:47.5645467Z   /home/runner/work/AWA-App/AWA-App/services/api/tests/test_rate_limit.py:33: DeprecationWarning: datetime.datetime.utcnow() is deprecated and scheduled for removal in a future version. Use timezone-aware objects to represent datetimes in UTC: datetime.datetime.now(datetime.UTC).
2025-08-19T16:07:47.5647680Z     return datetime.datetime.utcnow()
2025-08-19T16:07:47.5648011Z 
2025-08-19T16:07:47.5648485Z services/api/tests/test_sentry_event.py::test_unhandled_exception_is_captured_and_tagged
2025-08-19T16:07:47.5651077Z   /home/runner/work/AWA-App/AWA-App/services/api/tests/test_sentry_event.py:47: SentryHubDeprecationWarning: `sentry_sdk.Hub` is deprecated and will be removed in a future major release. Please consult our 1.x to 2.x migration guide for details on how to migrate `Hub` usage to the new API: https://docs.sentry.io/platforms/python/migration/1.x-to-2.x
2025-08-19T16:07:47.5653346Z     hub = sentry_sdk.Hub.current
2025-08-19T16:07:47.5653638Z 
2025-08-19T16:07:47.5653997Z -- Docs: https://docs.pytest.org/en/stable/how-to/capture-warnings.html
2025-08-19T16:07:47.5654714Z ================================ tests coverage ================================
2025-08-19T16:07:47.5655414Z _______________ coverage: platform linux, python 3.12.11-final-0 _______________
2025-08-19T16:07:47.5656106Z 
2025-08-19T16:07:47.5656297Z Coverage XML written to file coverage.xml
2025-08-19T16:07:47.5656919Z Required test coverage of 65% reached. Total coverage: 65.47%
2025-08-19T16:07:47.5657665Z Sentry is attempting to send 0 pending events
2025-08-19T16:07:47.5658169Z Waiting up to True seconds
2025-08-19T16:07:47.5658567Z Press Ctrl-C to quit
2025-08-19T16:07:47.9950859Z ##[group]Run actions/upload-artifact@v4
2025-08-19T16:07:47.9951173Z with:
2025-08-19T16:07:47.9951370Z   name: coverage
2025-08-19T16:07:47.9951585Z   path: coverage.xml
2025-08-19T16:07:47.9951828Z   if-no-files-found: warn
2025-08-19T16:07:47.9952075Z   compression-level: 6
2025-08-19T16:07:47.9952303Z   overwrite: false
2025-08-19T16:07:47.9952523Z   include-hidden-files: false
2025-08-19T16:07:47.9952771Z env:
2025-08-19T16:07:47.9952993Z   REDIS_URL: redis://localhost:6379/0
2025-08-19T16:07:47.9953287Z   RATE_LIMIT_DEFAULT: 100/minute
2025-08-19T16:07:47.9953557Z   TRUST_X_FORWARDED: 1
2025-08-19T16:07:47.9953785Z   PG_USER: postgres
2025-08-19T16:07:47.9954002Z   PG_PASSWORD: pass
2025-08-19T16:07:47.9954215Z   PG_DATABASE: awa
2025-08-19T16:07:47.9954424Z   PG_HOST: localhost
2025-08-19T16:07:47.9954641Z   PG_PORT: 5432
2025-08-19T16:07:47.9955098Z   PG_SYNC_DSN: ***localhost:5432/awa
2025-08-19T16:07:47.9955563Z   PG_ASYNC_DSN: ***localhost:5432/awa
2025-08-19T16:07:47.9956429Z   DATABASE_URL: ***localhost:5432/awa
2025-08-19T16:07:47.9956719Z   DATA_DIR: /tmp/awa-data
2025-08-19T16:07:47.9956961Z   ENABLE_LIVE: 0
2025-08-19T16:07:47.9957166Z   TESTING: 1
2025-08-19T16:07:47.9957701Z   pythonLocation: /opt/hostedtoolcache/Python/3.12.11/x64
2025-08-19T16:07:47.9958205Z   PKG_CONFIG_PATH: /opt/hostedtoolcache/Python/3.12.11/x64/lib/pkgconfig
2025-08-19T16:07:47.9958689Z   Python_ROOT_DIR: /opt/hostedtoolcache/Python/3.12.11/x64
2025-08-19T16:07:47.9959111Z   Python2_ROOT_DIR: /opt/hostedtoolcache/Python/3.12.11/x64
2025-08-19T16:07:47.9959533Z   Python3_ROOT_DIR: /opt/hostedtoolcache/Python/3.12.11/x64
2025-08-19T16:07:47.9959958Z   LD_LIBRARY_PATH: /opt/hostedtoolcache/Python/3.12.11/x64/lib
2025-08-19T16:07:47.9960318Z ##[endgroup]
2025-08-19T16:07:48.2077390Z With the provided path, there will be 1 file uploaded
2025-08-19T16:07:48.2082441Z Artifact name is valid!
2025-08-19T16:07:48.2083667Z Root directory input is valid!
2025-08-19T16:07:48.3352172Z Beginning upload of artifact content to blob storage
2025-08-19T16:07:48.4081472Z Uploaded bytes 5045
2025-08-19T16:07:48.4256405Z Finished uploading artifact content to blob storage!
2025-08-19T16:07:48.4260844Z SHA256 digest of uploaded artifact zip is 5486461537b6082c06d4a9f9fd3eca597586563e6b5650700344c5e14393e15b
2025-08-19T16:07:48.4262650Z Finalizing artifact upload
2025-08-19T16:07:48.5051481Z Artifact coverage.zip successfully finalized. Artifact ID 3800541252
2025-08-19T16:07:48.5054145Z Artifact coverage has been successfully uploaded! Final size is 5045 bytes. Artifact ID is 3800541252
2025-08-19T16:07:48.5062446Z Artifact download URL: https://github.com/AlexBomber12/AWA-App/actions/runs/17075238877/artifacts/3800541252
2025-08-19T16:07:48.5204062Z Post job cleanup.
2025-08-19T16:07:48.6899691Z [command]/usr/bin/tar --posix -cf cache.tzst --exclude cache.tzst -P -C /home/runner/work/AWA-App/AWA-App --files-from manifest.txt --use-compress-program zstdmt
2025-08-19T16:07:50.3620913Z Sent 203139771 of 337357499 (60.2%), 193.7 MBs/sec
2025-08-19T16:07:50.4192289Z Sent 337357499 of 337357499 (100.0%), 304.1 MBs/sec
2025-08-19T16:07:50.9891288Z Cache saved with the key: setup-python-Linux-x64-24.04-Ubuntu-python-3.12.11-pip-29fc3204f837bce43d81586a404709764a9accd1f738d0c33a52a32bf7a0c312
2025-08-19T16:07:51.0038657Z Post job cleanup.
2025-08-19T16:07:51.0969673Z [command]/usr/bin/git version
2025-08-19T16:07:51.1006566Z git version 2.50.1
2025-08-19T16:07:51.1049445Z Temporarily overriding HOME='/home/runner/work/_temp/b7e6cf7d-10fa-409e-93de-aee654da5453' before making global git config changes
2025-08-19T16:07:51.1051039Z Adding repository directory to the temporary git global config as a safe directory
2025-08-19T16:07:51.1063816Z [command]/usr/bin/git config --global --add safe.directory /home/runner/work/AWA-App/AWA-App
2025-08-19T16:07:51.1101461Z [command]/usr/bin/git config --local --name-only --get-regexp core\.sshCommand
2025-08-19T16:07:51.1136061Z [command]/usr/bin/git submodule foreach --recursive sh -c "git config --local --name-only --get-regexp 'core\.sshCommand' && git config --local --unset-all 'core.sshCommand' || :"
2025-08-19T16:07:51.1374989Z [command]/usr/bin/git config --local --name-only --get-regexp http\.https\:\/\/github\.com\/\.extraheader
2025-08-19T16:07:51.1397957Z http.https://github.com/.extraheader
2025-08-19T16:07:51.1411362Z [command]/usr/bin/git config --local --unset-all http.https://github.com/.extraheader
2025-08-19T16:07:51.1442935Z [command]/usr/bin/git submodule foreach --recursive sh -c "git config --local --name-only --get-regexp 'http\.https\:\/\/github\.com\/\.extraheader' && git config --local --unset-all 'http.https://github.com/.extraheader' || :"
2025-08-19T16:07:51.1758737Z Print service container logs: e38b642c60bc4f64bfcd523721c3cf48_postgres15_6de8ce
2025-08-19T16:07:51.1763546Z ##[command]/usr/bin/docker logs --details 006608ebffcfd111c989bb1b7b439a0b38e3241e56c5fa0065e59c7582c482a5
2025-08-19T16:07:51.1888483Z  initdb: warning: enabling "trust" authentication for local connections
2025-08-19T16:07:51.1890331Z  initdb: hint: You can change this by editing pg_hba.conf or using the option -A, or --auth-local and --auth-host, the next time you run initdb.
2025-08-19T16:07:51.1892182Z  The files belonging to this database system will be owned by user "postgres".
2025-08-19T16:07:51.1893898Z  2025-08-19 16:05:31.497 UTC [1] LOG:  starting PostgreSQL 15.14 (Debian 15.14-1.pgdg13+1) on x86_64-pc-linux-gnu, compiled by gcc (Debian 14.2.0-19) 14.2.0, 64-bit
2025-08-19T16:07:51.1895463Z  2025-08-19 16:05:31.498 UTC [1] LOG:  listening on IPv4 address "0.0.0.0", port 5432
2025-08-19T16:07:51.1896674Z  2025-08-19 16:05:31.498 UTC [1] LOG:  listening on IPv6 address "::", port 5432
2025-08-19T16:07:51.1897767Z  2025-08-19 16:05:31.501 UTC [1] LOG:  listening on Unix socket "/var/run/postgresql/.s.PGSQL.5432"
2025-08-19T16:07:51.1898987Z  2025-08-19 16:05:31.505 UTC [64] LOG:  database system was shut down at 2025-08-19 16:05:31 UTC
2025-08-19T16:07:51.1900101Z  2025-08-19 16:05:31.510 UTC [1] LOG:  database system is ready to accept connections
2025-08-19T16:07:51.1901000Z  This user must also own the server process.
2025-08-19T16:07:51.1901569Z  
2025-08-19T16:07:51.1902074Z  The database cluster will be initialized with locale "en_US.utf8".
2025-08-19T16:07:51.1902892Z  The default database encoding has accordingly been set to "UTF8".
2025-08-19T16:07:51.1903751Z  The default text search configuration will be set to "english".
2025-08-19T16:07:51.1904382Z  
2025-08-19T16:07:51.1904725Z  Data page checksums are disabled.
2025-08-19T16:07:51.1905189Z  
2025-08-19T16:07:51.1905903Z  fixing permissions on existing directory /var/lib/postgresql/data ... ok
2025-08-19T16:07:51.1906639Z  creating subdirectories ... ok
2025-08-19T16:07:51.1907259Z  selecting dynamic shared memory implementation ... posix
2025-08-19T16:07:51.1907918Z  selecting default max_connections ... 100
2025-08-19T16:07:51.1908431Z  selecting default shared_buffers ... 128MB
2025-08-19T16:07:51.1909426Z  selecting default time zone ... Etc/UTC
2025-08-19T16:07:51.1909919Z  creating configuration files ... ok
2025-08-19T16:07:51.1910387Z  running bootstrap script ... ok
2025-08-19T16:07:51.1910811Z  performing post-bootstrap initialization ... ok
2025-08-19T16:07:51.1911174Z  syncing data to disk ... ok
2025-08-19T16:07:51.1911428Z  
2025-08-19T16:07:51.1911602Z  
2025-08-19T16:07:51.1911844Z  Success. You can now start the database server using:
2025-08-19T16:07:51.1912172Z  
2025-08-19T16:07:51.1912422Z      pg_ctl -D /var/lib/postgresql/data -l logfile start
2025-08-19T16:07:51.1912745Z  
2025-08-19T16:07:51.1913426Z  waiting for server to start....2025-08-19 16:05:31.149 UTC [48] LOG:  starting PostgreSQL 15.14 (Debian 15.14-1.pgdg13+1) on x86_64-pc-linux-gnu, compiled by gcc (Debian 14.2.0-19) 14.2.0, 64-bit
2025-08-19T16:07:51.1914344Z  2025-08-19 16:05:31.150 UTC [48] LOG:  listening on Unix socket "/var/run/postgresql/.s.PGSQL.5432"
2025-08-19T16:07:51.1914916Z  2025-08-19 16:05:31.153 UTC [51] LOG:  database system was shut down at 2025-08-19 16:05:31 UTC
2025-08-19T16:07:51.1915435Z  2025-08-19 16:05:31.156 UTC [48] LOG:  database system is ready to accept connections
2025-08-19T16:07:51.1916041Z   done
2025-08-19T16:07:51.1916237Z  server started
2025-08-19T16:07:51.1916445Z  CREATE DATABASE
2025-08-19T16:07:51.1916649Z  
2025-08-19T16:07:51.1916822Z  
2025-08-19T16:07:51.1917167Z  /usr/local/bin/docker-entrypoint.sh: ignoring /docker-entrypoint-initdb.d/*
2025-08-19T16:07:51.1917597Z  
2025-08-19T16:07:51.1917863Z  2025-08-19 16:05:31.370 UTC [48] LOG:  received fast shutdown request
2025-08-19T16:07:51.1918607Z  waiting for server to shut down....2025-08-19 16:05:31.371 UTC [48] LOG:  aborting any active transactions
2025-08-19T16:07:51.1919330Z  2025-08-19 16:05:31.373 UTC [48] LOG:  background worker "logical replication launcher" (PID 54) exited with exit code 1
2025-08-19T16:07:51.1919874Z  2025-08-19 16:05:31.373 UTC [49] LOG:  shutting down
2025-08-19T16:07:51.1920277Z  2025-08-19 16:05:31.373 UTC [49] LOG:  checkpoint starting: shutdown immediate
2025-08-19T16:07:51.1921205Z  2025-08-19 16:05:31.394 UTC [49] LOG:  checkpoint complete: wrote 922 buffers (5.6%); 0 WAL file(s) added, 0 removed, 0 recycled; write=0.018 s, sync=0.002 s, total=0.022 s; sync files=301, longest=0.001 s, average=0.001 s; distance=4239 kB, estimate=4239 kB
2025-08-19T16:07:51.1922226Z  2025-08-19 16:05:31.402 UTC [48] LOG:  database system is shut down
2025-08-19T16:07:51.1922551Z   done
2025-08-19T16:07:51.1922728Z  server stopped
2025-08-19T16:07:51.1922919Z  
2025-08-19T16:07:51.1923151Z  PostgreSQL init process complete; ready for start up.
2025-08-19T16:07:51.1923457Z  
2025-08-19T16:07:51.1928767Z Stop and remove container: e38b642c60bc4f64bfcd523721c3cf48_postgres15_6de8ce
2025-08-19T16:07:51.1933419Z ##[command]/usr/bin/docker rm --force 006608ebffcfd111c989bb1b7b439a0b38e3241e56c5fa0065e59c7582c482a5
2025-08-19T16:07:51.3298136Z 006608ebffcfd111c989bb1b7b439a0b38e3241e56c5fa0065e59c7582c482a5
2025-08-19T16:07:51.3319786Z Print service container logs: 336d8d66c0f8408ba857ea0b9be1f701_redis7alpine_cff3a5
2025-08-19T16:07:51.3321168Z ##[command]/usr/bin/docker logs --details d90be97ba0211085c93498742a0ed922e6b300dbe49d7eece951bc7dd5a406e9
2025-08-19T16:07:51.3448613Z  1:C 19 Aug 2025 16:05:31.559 # WARNING Memory overcommit must be enabled! Without it, a background save or replication may fail under low memory condition. Being disabled, it can also cause failures without low memory condition, see https://github.com/jemalloc/jemalloc/issues/1328. To fix this issue add 'vm.overcommit_memory = 1' to /etc/sysctl.conf and then reboot or run the command 'sysctl vm.overcommit_memory=1' for this to take effect.
2025-08-19T16:07:51.3452019Z  1:C 19 Aug 2025 16:05:31.559 * oO0OoO0OoO0Oo Redis is starting oO0OoO0OoO0Oo
2025-08-19T16:07:51.3453049Z  1:C 19 Aug 2025 16:05:31.559 * Redis version=7.4.5, bits=64, commit=00000000, modified=0, pid=1, just started
2025-08-19T16:07:51.3454467Z  1:C 19 Aug 2025 16:05:31.559 # Warning: no config file specified, using the default config. In order to specify a config file use redis-server /path/to/redis.conf
2025-08-19T16:07:51.3455847Z  1:M 19 Aug 2025 16:05:31.559 * monotonic clock: POSIX clock_gettime
2025-08-19T16:07:51.3456574Z  1:M 19 Aug 2025 16:05:31.560 * Running mode=standalone, port=6379.
2025-08-19T16:07:51.3457197Z  1:M 19 Aug 2025 16:05:31.560 * Server initialized
2025-08-19T16:07:51.3457796Z  1:M 19 Aug 2025 16:05:31.560 * Ready to accept connections tcp
2025-08-19T16:07:51.3463473Z Stop and remove container: 336d8d66c0f8408ba857ea0b9be1f701_redis7alpine_cff3a5
2025-08-19T16:07:51.3464885Z ##[command]/usr/bin/docker rm --force d90be97ba0211085c93498742a0ed922e6b300dbe49d7eece951bc7dd5a406e9
2025-08-19T16:07:51.4590288Z d90be97ba0211085c93498742a0ed922e6b300dbe49d7eece951bc7dd5a406e9
2025-08-19T16:07:51.4617973Z Remove container network: github_network_1085c3a57dbd4107b6d6a4d84e8d54b5
2025-08-19T16:07:51.4622478Z ##[command]/usr/bin/docker network rm github_network_1085c3a57dbd4107b6d6a4d84e8d54b5
2025-08-19T16:07:51.5933947Z github_network_1085c3a57dbd4107b6d6a4d84e8d54b5
2025-08-19T16:07:51.6006797Z Cleaning up orphan processes
