2025-08-21T20:54:38.1338157Z Current runner version: '2.328.0'
2025-08-21T20:54:38.1361385Z ##[group]Runner Image Provisioner
2025-08-21T20:54:38.1362180Z Hosted Compute Agent
2025-08-21T20:54:38.1362822Z Version: 20250818.377
2025-08-21T20:54:38.1363392Z Commit: 3c593e9f75fe0b87e893bca80d6e12ba089c61fc
2025-08-21T20:54:38.1364069Z Build Date: 2025-08-18T14:52:18Z
2025-08-21T20:54:38.1364692Z ##[endgroup]
2025-08-21T20:54:38.1365218Z ##[group]Operating System
2025-08-21T20:54:38.1365966Z Ubuntu
2025-08-21T20:54:38.1366489Z 24.04.2
2025-08-21T20:54:38.1366967Z LTS
2025-08-21T20:54:38.1367378Z ##[endgroup]
2025-08-21T20:54:38.1367906Z ##[group]Runner Image
2025-08-21T20:54:38.1368413Z Image: ubuntu-24.04
2025-08-21T20:54:38.1368950Z Version: 20250818.1.0
2025-08-21T20:54:38.1370249Z Included Software: https://github.com/actions/runner-images/blob/ubuntu24/20250818.1/images/ubuntu/Ubuntu2404-Readme.md
2025-08-21T20:54:38.1371789Z Image Release: https://github.com/actions/runner-images/releases/tag/ubuntu24%2F20250818.1
2025-08-21T20:54:38.1372779Z ##[endgroup]
2025-08-21T20:54:38.1375146Z ##[group]GITHUB_TOKEN Permissions
2025-08-21T20:54:38.1377542Z Actions: write
2025-08-21T20:54:38.1378112Z Attestations: write
2025-08-21T20:54:38.1378607Z Checks: write
2025-08-21T20:54:38.1379132Z Contents: write
2025-08-21T20:54:38.1379617Z Deployments: write
2025-08-21T20:54:38.1380135Z Discussions: write
2025-08-21T20:54:38.1380697Z Issues: write
2025-08-21T20:54:38.1381157Z Metadata: read
2025-08-21T20:54:38.1381635Z Models: read
2025-08-21T20:54:38.1382066Z Packages: write
2025-08-21T20:54:38.1382636Z Pages: write
2025-08-21T20:54:38.1383098Z PullRequests: write
2025-08-21T20:54:38.1383652Z RepositoryProjects: write
2025-08-21T20:54:38.1384236Z SecurityEvents: write
2025-08-21T20:54:38.1384849Z Statuses: write
2025-08-21T20:54:38.1385477Z ##[endgroup]
2025-08-21T20:54:38.1387970Z Secret source: Actions
2025-08-21T20:54:38.1388864Z Prepare workflow directory
2025-08-21T20:54:38.1985568Z Prepare all required actions
2025-08-21T20:54:38.2041288Z Getting action download info
2025-08-21T20:54:38.5191258Z Download action repository 'actions/checkout@v5' (SHA:08c6903cd8c0fde910a37f88322edcfb5dd907a8)
2025-08-21T20:54:38.5896091Z Download action repository 'actions/setup-python@v5' (SHA:a26af69be951a213d495a4c3e4e4022e16d87065)
2025-08-21T20:54:38.7233330Z Download action repository 'actions/upload-artifact@v4' (SHA:ea165f8d65b6e75b540449e92b4886f43607fa02)
2025-08-21T20:54:38.9250099Z Complete job name: unit
2025-08-21T20:54:38.9741670Z ##[group]Checking docker version
2025-08-21T20:54:38.9754771Z ##[command]/usr/bin/docker version --format '{{.Server.APIVersion}}'
2025-08-21T20:54:39.0571347Z '1.48'
2025-08-21T20:54:39.0582148Z Docker daemon API version: '1.48'
2025-08-21T20:54:39.0582872Z ##[command]/usr/bin/docker version --format '{{.Client.APIVersion}}'
2025-08-21T20:54:39.0740670Z '1.48'
2025-08-21T20:54:39.0753573Z Docker client API version: '1.48'
2025-08-21T20:54:39.0759129Z ##[endgroup]
2025-08-21T20:54:39.0762387Z ##[group]Clean up resources from previous jobs
2025-08-21T20:54:39.0767945Z ##[command]/usr/bin/docker ps --all --quiet --no-trunc --filter "label=b34093"
2025-08-21T20:54:39.0904965Z ##[command]/usr/bin/docker network prune --force --filter "label=b34093"
2025-08-21T20:54:39.1037846Z ##[endgroup]
2025-08-21T20:54:39.1038318Z ##[group]Create local container network
2025-08-21T20:54:39.1047323Z ##[command]/usr/bin/docker network create --label b34093 github_network_3739335a67b54d5cb77c6b598d218735
2025-08-21T20:54:39.1593512Z c32e9fcf6a7f033e6dea229c8a24a0770054dea4b4af250b61273b9e32e9a312
2025-08-21T20:54:39.1612606Z ##[endgroup]
2025-08-21T20:54:39.1638646Z ##[group]Starting postgres service container
2025-08-21T20:54:39.1659303Z ##[command]/usr/bin/docker pull postgres:15
2025-08-21T20:54:39.5839233Z 15: Pulling from library/postgres
2025-08-21T20:54:39.6879759Z 396b1da7636e: Pulling fs layer
2025-08-21T20:54:39.6881223Z fca2566eba32: Pulling fs layer
2025-08-21T20:54:39.6882402Z 631fe8c6d606: Pulling fs layer
2025-08-21T20:54:39.6883503Z 77c7671c4414: Pulling fs layer
2025-08-21T20:54:39.6885122Z 2d9e29180a27: Pulling fs layer
2025-08-21T20:54:39.6886210Z c6bcc2c9a041: Pulling fs layer
2025-08-21T20:54:39.6886957Z ac4b721eb66f: Pulling fs layer
2025-08-21T20:54:39.6887620Z 606bd164980e: Pulling fs layer
2025-08-21T20:54:39.6888304Z f5dfd246bc6e: Pulling fs layer
2025-08-21T20:54:39.6888973Z ba7036bb0a60: Pulling fs layer
2025-08-21T20:54:39.6889650Z 799f859abbbd: Pulling fs layer
2025-08-21T20:54:39.6890347Z d903e777080c: Pulling fs layer
2025-08-21T20:54:39.6891031Z 04adcb462801: Pulling fs layer
2025-08-21T20:54:39.6891742Z 5c10925b29ff: Pulling fs layer
2025-08-21T20:54:39.6892459Z ac4b721eb66f: Waiting
2025-08-21T20:54:39.6893088Z 606bd164980e: Waiting
2025-08-21T20:54:39.6893710Z f5dfd246bc6e: Waiting
2025-08-21T20:54:39.6894340Z ba7036bb0a60: Waiting
2025-08-21T20:54:39.6894959Z 799f859abbbd: Waiting
2025-08-21T20:54:39.6895795Z d903e777080c: Waiting
2025-08-21T20:54:39.6896513Z 04adcb462801: Waiting
2025-08-21T20:54:39.6897161Z 5c10925b29ff: Waiting
2025-08-21T20:54:39.6897829Z 2d9e29180a27: Waiting
2025-08-21T20:54:39.6898472Z c6bcc2c9a041: Waiting
2025-08-21T20:54:39.6899124Z 77c7671c4414: Waiting
2025-08-21T20:54:39.8086451Z fca2566eba32: Verifying Checksum
2025-08-21T20:54:39.8088160Z fca2566eba32: Download complete
2025-08-21T20:54:39.8750477Z 631fe8c6d606: Verifying Checksum
2025-08-21T20:54:39.8752785Z 631fe8c6d606: Download complete
2025-08-21T20:54:40.0620190Z 77c7671c4414: Verifying Checksum
2025-08-21T20:54:40.0622086Z 77c7671c4414: Download complete
2025-08-21T20:54:40.1512934Z 396b1da7636e: Verifying Checksum
2025-08-21T20:54:40.1513733Z 396b1da7636e: Download complete
2025-08-21T20:54:40.1568075Z 2d9e29180a27: Verifying Checksum
2025-08-21T20:54:40.1568956Z 2d9e29180a27: Download complete
2025-08-21T20:54:40.2674112Z ac4b721eb66f: Verifying Checksum
2025-08-21T20:54:40.2679917Z ac4b721eb66f: Download complete
2025-08-21T20:54:40.3242064Z 606bd164980e: Verifying Checksum
2025-08-21T20:54:40.3242619Z 606bd164980e: Download complete
2025-08-21T20:54:40.3451318Z c6bcc2c9a041: Verifying Checksum
2025-08-21T20:54:40.3451942Z c6bcc2c9a041: Download complete
2025-08-21T20:54:40.4465570Z ba7036bb0a60: Verifying Checksum
2025-08-21T20:54:40.4466163Z ba7036bb0a60: Download complete
2025-08-21T20:54:40.5216245Z 799f859abbbd: Verifying Checksum
2025-08-21T20:54:40.5217257Z 799f859abbbd: Download complete
2025-08-21T20:54:40.5601028Z d903e777080c: Verifying Checksum
2025-08-21T20:54:40.5602512Z d903e777080c: Download complete
2025-08-21T20:54:40.6728707Z 5c10925b29ff: Download complete
2025-08-21T20:54:40.7045996Z 04adcb462801: Download complete
2025-08-21T20:54:41.1535010Z 396b1da7636e: Pull complete
2025-08-21T20:54:41.6020256Z fca2566eba32: Pull complete
2025-08-21T20:54:41.7964342Z 631fe8c6d606: Pull complete
2025-08-21T20:54:41.8448056Z 77c7671c4414: Pull complete
2025-08-21T20:54:42.1725807Z 2d9e29180a27: Pull complete
2025-08-21T20:54:42.2703237Z c6bcc2c9a041: Pull complete
2025-08-21T20:54:42.2826254Z ac4b721eb66f: Pull complete
2025-08-21T20:54:42.2947351Z 606bd164980e: Pull complete
2025-08-21T20:54:42.4906822Z f5dfd246bc6e: Verifying Checksum
2025-08-21T20:54:42.4907653Z f5dfd246bc6e: Download complete
2025-08-21T20:54:45.4388643Z f5dfd246bc6e: Pull complete
2025-08-21T20:54:45.4554524Z ba7036bb0a60: Pull complete
2025-08-21T20:54:45.4652638Z 799f859abbbd: Pull complete
2025-08-21T20:54:45.4759649Z d903e777080c: Pull complete
2025-08-21T20:54:45.4867916Z 04adcb462801: Pull complete
2025-08-21T20:54:45.4967112Z 5c10925b29ff: Pull complete
2025-08-21T20:54:45.5009776Z Digest: sha256:bc51cf4f1fe02cce7ed2370b20128a9b00b4eb804573a77d2a0d877aaa9c82b1
2025-08-21T20:54:45.5024086Z Status: Downloaded newer image for postgres:15
2025-08-21T20:54:45.5032249Z docker.io/library/postgres:15
2025-08-21T20:54:45.5092797Z ##[command]/usr/bin/docker create --name e2cb142c04324fbfac5b69364c463b8e_postgres15_f947c2 --label b34093 --network github_network_3739335a67b54d5cb77c6b598d218735 --network-alias postgres -p 5432:5432 --health-cmd="pg_isready -U postgres -d awa" --health-interval=5s --health-timeout=5s --health-retries=10 -e "POSTGRES_USER=postgres" -e "POSTGRES_PASSWORD=pass" -e "POSTGRES_DB=awa" -e GITHUB_ACTIONS=true -e CI=true postgres:15
2025-08-21T20:54:45.5349398Z 04064594b3a18422e4da9d653401a30ba8dd0acf6a13107ee5258c2e7d2e4b5d
2025-08-21T20:54:45.5372667Z ##[command]/usr/bin/docker start 04064594b3a18422e4da9d653401a30ba8dd0acf6a13107ee5258c2e7d2e4b5d
2025-08-21T20:54:45.8641551Z 04064594b3a18422e4da9d653401a30ba8dd0acf6a13107ee5258c2e7d2e4b5d
2025-08-21T20:54:45.8655763Z ##[command]/usr/bin/docker ps --all --filter id=04064594b3a18422e4da9d653401a30ba8dd0acf6a13107ee5258c2e7d2e4b5d --filter status=running --no-trunc --format "{{.ID}} {{.Status}}"
2025-08-21T20:54:45.8779716Z 04064594b3a18422e4da9d653401a30ba8dd0acf6a13107ee5258c2e7d2e4b5d Up Less than a second (health: starting)
2025-08-21T20:54:45.8799558Z ##[command]/usr/bin/docker port 04064594b3a18422e4da9d653401a30ba8dd0acf6a13107ee5258c2e7d2e4b5d
2025-08-21T20:54:45.8939296Z 5432/tcp -> 0.0.0.0:5432
2025-08-21T20:54:45.8939755Z 5432/tcp -> [::]:5432
2025-08-21T20:54:45.8990378Z ##[endgroup]
2025-08-21T20:54:45.8991296Z ##[group]Starting redis service container
2025-08-21T20:54:45.8992372Z ##[command]/usr/bin/docker pull redis:7-alpine
2025-08-21T20:54:46.2824927Z 7-alpine: Pulling from library/redis
2025-08-21T20:54:46.3956230Z 0368fd46e3c6: Pulling fs layer
2025-08-21T20:54:46.3956794Z 4c55286bbede: Pulling fs layer
2025-08-21T20:54:46.3957190Z 5e28347af205: Pulling fs layer
2025-08-21T20:54:46.3957550Z 311eca34042e: Pulling fs layer
2025-08-21T20:54:46.3957893Z e6fe6f07e192: Pulling fs layer
2025-08-21T20:54:46.3958254Z a2cadbfeca72: Pulling fs layer
2025-08-21T20:54:46.3958600Z 4f4fb700ef54: Pulling fs layer
2025-08-21T20:54:46.3958948Z a976ed7e7808: Pulling fs layer
2025-08-21T20:54:46.3959282Z e6fe6f07e192: Waiting
2025-08-21T20:54:46.3959586Z a2cadbfeca72: Waiting
2025-08-21T20:54:46.3959895Z 4f4fb700ef54: Waiting
2025-08-21T20:54:46.3960191Z a976ed7e7808: Waiting
2025-08-21T20:54:46.3960485Z 311eca34042e: Waiting
2025-08-21T20:54:46.5661991Z 4c55286bbede: Verifying Checksum
2025-08-21T20:54:46.5662587Z 4c55286bbede: Download complete
2025-08-21T20:54:46.6292568Z 5e28347af205: Verifying Checksum
2025-08-21T20:54:46.6297047Z 5e28347af205: Download complete
2025-08-21T20:54:46.6927060Z 311eca34042e: Verifying Checksum
2025-08-21T20:54:46.6928267Z 311eca34042e: Download complete
2025-08-21T20:54:46.7054393Z 0368fd46e3c6: Verifying Checksum
2025-08-21T20:54:46.7055581Z 0368fd46e3c6: Download complete
2025-08-21T20:54:46.8161150Z 4f4fb700ef54: Verifying Checksum
2025-08-21T20:54:46.8169636Z 4f4fb700ef54: Download complete
2025-08-21T20:54:46.8178904Z 0368fd46e3c6: Pull complete
2025-08-21T20:54:46.8398671Z 4c55286bbede: Pull complete
2025-08-21T20:54:46.8597713Z a2cadbfeca72: Verifying Checksum
2025-08-21T20:54:46.8598318Z a2cadbfeca72: Download complete
2025-08-21T20:54:46.9212429Z a976ed7e7808: Download complete
2025-08-21T20:54:46.9719379Z e6fe6f07e192: Verifying Checksum
2025-08-21T20:54:46.9719820Z e6fe6f07e192: Download complete
2025-08-21T20:54:46.9901383Z 5e28347af205: Pull complete
2025-08-21T20:54:47.0179300Z 311eca34042e: Pull complete
2025-08-21T20:54:47.1948590Z e6fe6f07e192: Pull complete
2025-08-21T20:54:47.2042505Z a2cadbfeca72: Pull complete
2025-08-21T20:54:47.2113450Z 4f4fb700ef54: Pull complete
2025-08-21T20:54:47.2214956Z a976ed7e7808: Pull complete
2025-08-21T20:54:47.2248635Z Digest: sha256:bb186d083732f669da90be8b0f975a37812b15e913465bb14d845db72a4e3e08
2025-08-21T20:54:47.2258134Z Status: Downloaded newer image for redis:7-alpine
2025-08-21T20:54:47.2266313Z docker.io/library/redis:7-alpine
2025-08-21T20:54:47.2282496Z ##[command]/usr/bin/docker create --name 2f5966fcb3eb4eb792d3f01df96102c3_redis7alpine_cfe8b8 --label b34093 --network github_network_3739335a67b54d5cb77c6b598d218735 --network-alias redis -p 6379:6379  -e GITHUB_ACTIONS=true -e CI=true redis:7-alpine
2025-08-21T20:54:47.2493015Z 11fecd058be18d1b27f893eae3f52ffaf69ecb7bf226a22d15e42dc50dec8ed7
2025-08-21T20:54:47.2506254Z ##[command]/usr/bin/docker start 11fecd058be18d1b27f893eae3f52ffaf69ecb7bf226a22d15e42dc50dec8ed7
2025-08-21T20:54:47.3842840Z 11fecd058be18d1b27f893eae3f52ffaf69ecb7bf226a22d15e42dc50dec8ed7
2025-08-21T20:54:47.3860079Z ##[command]/usr/bin/docker ps --all --filter id=11fecd058be18d1b27f893eae3f52ffaf69ecb7bf226a22d15e42dc50dec8ed7 --filter status=running --no-trunc --format "{{.ID}} {{.Status}}"
2025-08-21T20:54:47.3990846Z 11fecd058be18d1b27f893eae3f52ffaf69ecb7bf226a22d15e42dc50dec8ed7 Up Less than a second
2025-08-21T20:54:47.4005239Z ##[command]/usr/bin/docker port 11fecd058be18d1b27f893eae3f52ffaf69ecb7bf226a22d15e42dc50dec8ed7
2025-08-21T20:54:47.4120659Z 6379/tcp -> 0.0.0.0:6379
2025-08-21T20:54:47.4121097Z 6379/tcp -> [::]:6379
2025-08-21T20:54:47.4134382Z ##[endgroup]
2025-08-21T20:54:47.4144548Z ##[group]Waiting for all services to be ready
2025-08-21T20:54:47.4157820Z ##[command]/usr/bin/docker inspect --format="{{if .Config.Healthcheck}}{{print .State.Health.Status}}{{end}}" 04064594b3a18422e4da9d653401a30ba8dd0acf6a13107ee5258c2e7d2e4b5d
2025-08-21T20:54:47.4273749Z starting
2025-08-21T20:54:47.4294146Z postgres service is starting, waiting 2 seconds before checking again.
2025-08-21T20:54:49.4290678Z ##[command]/usr/bin/docker inspect --format="{{if .Config.Healthcheck}}{{print .State.Health.Status}}{{end}}" 04064594b3a18422e4da9d653401a30ba8dd0acf6a13107ee5258c2e7d2e4b5d
2025-08-21T20:54:49.4409342Z starting
2025-08-21T20:54:49.4423213Z postgres service is starting, waiting 3 seconds before checking again.
2025-08-21T20:54:53.4162714Z ##[command]/usr/bin/docker inspect --format="{{if .Config.Healthcheck}}{{print .State.Health.Status}}{{end}}" 04064594b3a18422e4da9d653401a30ba8dd0acf6a13107ee5258c2e7d2e4b5d
2025-08-21T20:54:53.4284342Z healthy
2025-08-21T20:54:53.4303142Z postgres service is healthy.
2025-08-21T20:54:53.4303915Z ##[command]/usr/bin/docker inspect --format="{{if .Config.Healthcheck}}{{print .State.Health.Status}}{{end}}" 11fecd058be18d1b27f893eae3f52ffaf69ecb7bf226a22d15e42dc50dec8ed7
2025-08-21T20:54:53.4433445Z redis service is healthy.
2025-08-21T20:54:53.4434105Z ##[endgroup]
2025-08-21T20:54:53.4740601Z ##[group]Run actions/checkout@v5
2025-08-21T20:54:53.4741130Z with:
2025-08-21T20:54:53.4741332Z   repository: AlexBomber12/AWA-App
2025-08-21T20:54:53.4741716Z   token: ***
2025-08-21T20:54:53.4741898Z   ssh-strict: true
2025-08-21T20:54:53.4742077Z   ssh-user: git
2025-08-21T20:54:53.4742267Z   persist-credentials: true
2025-08-21T20:54:53.4742483Z   clean: true
2025-08-21T20:54:53.4742670Z   sparse-checkout-cone-mode: true
2025-08-21T20:54:53.4742909Z   fetch-depth: 1
2025-08-21T20:54:53.4743078Z   fetch-tags: false
2025-08-21T20:54:53.4743265Z   show-progress: true
2025-08-21T20:54:53.4743448Z   lfs: false
2025-08-21T20:54:53.4743615Z   submodules: false
2025-08-21T20:54:53.4743805Z   set-safe-directory: true
2025-08-21T20:54:53.4744188Z env:
2025-08-21T20:54:53.4744395Z   REDIS_URL: redis://localhost:6379/0
2025-08-21T20:54:53.4744675Z   RATE_LIMIT_DEFAULT: 100/minute
2025-08-21T20:54:53.4744902Z   TRUST_X_FORWARDED: 1
2025-08-21T20:54:53.4745092Z ##[endgroup]
2025-08-21T20:54:53.5653822Z Syncing repository: AlexBomber12/AWA-App
2025-08-21T20:54:53.5655170Z ##[group]Getting Git version info
2025-08-21T20:54:53.5655789Z Working directory is '/home/runner/work/AWA-App/AWA-App'
2025-08-21T20:54:53.5656316Z [command]/usr/bin/git version
2025-08-21T20:54:53.5667915Z git version 2.51.0
2025-08-21T20:54:53.5688448Z ##[endgroup]
2025-08-21T20:54:53.5701981Z Temporarily overriding HOME='/home/runner/work/_temp/a59da07e-a5e4-4867-8850-a57135243d88' before making global git config changes
2025-08-21T20:54:53.5703175Z Adding repository directory to the temporary git global config as a safe directory
2025-08-21T20:54:53.5706748Z [command]/usr/bin/git config --global --add safe.directory /home/runner/work/AWA-App/AWA-App
2025-08-21T20:54:53.5740335Z Deleting the contents of '/home/runner/work/AWA-App/AWA-App'
2025-08-21T20:54:53.5743787Z ##[group]Initializing the repository
2025-08-21T20:54:53.5748148Z [command]/usr/bin/git init /home/runner/work/AWA-App/AWA-App
2025-08-21T20:54:53.5808478Z hint: Using 'master' as the name for the initial branch. This default branch name
2025-08-21T20:54:53.5809330Z hint: is subject to change. To configure the initial branch name to use in all
2025-08-21T20:54:53.5810090Z hint: of your new repositories, which will suppress this warning, call:
2025-08-21T20:54:53.5810647Z hint:
2025-08-21T20:54:53.5811076Z hint: 	git config --global init.defaultBranch <name>
2025-08-21T20:54:53.5811522Z hint:
2025-08-21T20:54:53.5811957Z hint: Names commonly chosen instead of 'master' are 'main', 'trunk' and
2025-08-21T20:54:53.5812694Z hint: 'development'. The just-created branch can be renamed via this command:
2025-08-21T20:54:53.5813151Z hint:
2025-08-21T20:54:53.5813317Z hint: 	git branch -m <name>
2025-08-21T20:54:53.5813519Z hint:
2025-08-21T20:54:53.5813797Z hint: Disable this message with "git config set advice.defaultBranchName false"
2025-08-21T20:54:53.5814289Z Initialized empty Git repository in /home/runner/work/AWA-App/AWA-App/.git/
2025-08-21T20:54:53.5822696Z [command]/usr/bin/git remote add origin https://github.com/AlexBomber12/AWA-App
2025-08-21T20:54:53.5853235Z ##[endgroup]
2025-08-21T20:54:53.5853686Z ##[group]Disabling automatic garbage collection
2025-08-21T20:54:53.5857443Z [command]/usr/bin/git config --local gc.auto 0
2025-08-21T20:54:53.5883579Z ##[endgroup]
2025-08-21T20:54:53.5883946Z ##[group]Setting up auth
2025-08-21T20:54:53.5890584Z [command]/usr/bin/git config --local --name-only --get-regexp core\.sshCommand
2025-08-21T20:54:53.5920329Z [command]/usr/bin/git submodule foreach --recursive sh -c "git config --local --name-only --get-regexp 'core\.sshCommand' && git config --local --unset-all 'core.sshCommand' || :"
2025-08-21T20:54:53.6173573Z [command]/usr/bin/git config --local --name-only --get-regexp http\.https\:\/\/github\.com\/\.extraheader
2025-08-21T20:54:53.6204063Z [command]/usr/bin/git submodule foreach --recursive sh -c "git config --local --name-only --get-regexp 'http\.https\:\/\/github\.com\/\.extraheader' && git config --local --unset-all 'http.https://github.com/.extraheader' || :"
2025-08-21T20:54:53.6424720Z [command]/usr/bin/git config --local http.https://github.com/.extraheader AUTHORIZATION: basic ***
2025-08-21T20:54:53.6459947Z ##[endgroup]
2025-08-21T20:54:53.6460573Z ##[group]Fetching the repository
2025-08-21T20:54:53.6469025Z [command]/usr/bin/git -c protocol.version=2 fetch --no-tags --prune --no-recurse-submodules --depth=1 origin +99aecb611db7d791a7bff6d012988b71720c6da1:refs/remotes/origin/main
2025-08-21T20:54:53.9656732Z From https://github.com/AlexBomber12/AWA-App
2025-08-21T20:54:53.9657540Z  * [new ref]         99aecb611db7d791a7bff6d012988b71720c6da1 -> origin/main
2025-08-21T20:54:53.9693002Z ##[endgroup]
2025-08-21T20:54:53.9694555Z ##[group]Determining the checkout info
2025-08-21T20:54:53.9696592Z ##[endgroup]
2025-08-21T20:54:53.9702122Z [command]/usr/bin/git sparse-checkout disable
2025-08-21T20:54:53.9741310Z [command]/usr/bin/git config --local --unset-all extensions.worktreeConfig
2025-08-21T20:54:53.9768541Z ##[group]Checking out the ref
2025-08-21T20:54:53.9773128Z [command]/usr/bin/git checkout --progress --force -B main refs/remotes/origin/main
2025-08-21T20:54:54.0002370Z Switched to a new branch 'main'
2025-08-21T20:54:54.0004823Z branch 'main' set up to track 'origin/main'.
2025-08-21T20:54:54.0013361Z ##[endgroup]
2025-08-21T20:54:54.0054087Z [command]/usr/bin/git log -1 --format=%H
2025-08-21T20:54:54.0077636Z 99aecb611db7d791a7bff6d012988b71720c6da1
2025-08-21T20:54:54.0247822Z ##[group]Run cat .env.ci >> "$GITHUB_ENV"
2025-08-21T20:54:54.0248174Z [36;1mcat .env.ci >> "$GITHUB_ENV"[0m
2025-08-21T20:54:54.0248874Z [36;1mecho "DATABASE_URL=***localhost:5432/awa" >> "$GITHUB_ENV"[0m
2025-08-21T20:54:54.0249224Z [36;1mecho "PG_HOST=localhost" >> "$GITHUB_ENV"[0m
2025-08-21T20:54:54.0249508Z [36;1mecho "PG_PORT=5432" >> "$GITHUB_ENV"[0m
2025-08-21T20:54:54.0249788Z [36;1mecho "PG_USER=postgres" >> "$GITHUB_ENV"[0m
2025-08-21T20:54:54.0250262Z [36;1mecho "PG_PASSWORD=pass" >> "$GITHUB_ENV"[0m
2025-08-21T20:54:54.0250535Z [36;1mecho "PG_DATABASE=awa" >> "$GITHUB_ENV"[0m
2025-08-21T20:54:54.0295784Z shell: /usr/bin/bash -e {0}
2025-08-21T20:54:54.0296021Z env:
2025-08-21T20:54:54.0296222Z   REDIS_URL: redis://localhost:6379/0
2025-08-21T20:54:54.0296475Z   RATE_LIMIT_DEFAULT: 100/minute
2025-08-21T20:54:54.0296691Z   TRUST_X_FORWARDED: 1
2025-08-21T20:54:54.0296873Z ##[endgroup]
2025-08-21T20:54:54.0476696Z ##[group]Run actions/setup-python@v5
2025-08-21T20:54:54.0476989Z with:
2025-08-21T20:54:54.0477163Z   python-version: 3.12
2025-08-21T20:54:54.0477361Z   cache: pip
2025-08-21T20:54:54.0477572Z   cache-dependency-path: requirements-dev.txt
2025-08-21T20:54:54.0477846Z   check-latest: false
2025-08-21T20:54:54.0478166Z   token: ***
2025-08-21T20:54:54.0478349Z   update-environment: true
2025-08-21T20:54:54.0478571Z   allow-prereleases: false
2025-08-21T20:54:54.0478764Z   freethreaded: false
2025-08-21T20:54:54.0478961Z env:
2025-08-21T20:54:54.0479139Z   REDIS_URL: redis://localhost:6379/0
2025-08-21T20:54:54.0479394Z   RATE_LIMIT_DEFAULT: 100/minute
2025-08-21T20:54:54.0479608Z   TRUST_X_FORWARDED: 1
2025-08-21T20:54:54.0479790Z   PG_USER: postgres
2025-08-21T20:54:54.0479969Z   PG_PASSWORD: pass
2025-08-21T20:54:54.0480139Z   PG_DATABASE: awa
2025-08-21T20:54:54.0480318Z   PG_HOST: localhost
2025-08-21T20:54:54.0480489Z   PG_PORT: 5432
2025-08-21T20:54:54.0480905Z   PG_SYNC_DSN: ***localhost:5432/awa
2025-08-21T20:54:54.0481291Z   PG_ASYNC_DSN: ***localhost:5432/awa
2025-08-21T20:54:54.0481659Z   DATABASE_URL: ***localhost:5432/awa
2025-08-21T20:54:54.0481887Z   DATA_DIR: /tmp/awa-data
2025-08-21T20:54:54.0482076Z   ENABLE_LIVE: 0
2025-08-21T20:54:54.0482244Z   TESTING: 1
2025-08-21T20:54:54.0482400Z ##[endgroup]
2025-08-21T20:54:54.2149783Z ##[group]Installed versions
2025-08-21T20:54:54.2765837Z Successfully set up CPython (3.12.11)
2025-08-21T20:54:54.2766635Z ##[endgroup]
2025-08-21T20:54:54.3104729Z [command]/opt/hostedtoolcache/Python/3.12.11/x64/bin/pip cache dir
2025-08-21T20:54:57.8250886Z /home/runner/.cache/pip
2025-08-21T20:54:57.9972606Z Cache hit for: setup-python-Linux-x64-24.04-Ubuntu-python-3.12.11-pip-cc13ccef493b9f3a93ad5651164d9fb09282c1111f6f72ce20e0657de16de6b4
2025-08-21T20:54:59.1812606Z Received 100663296 of 376053341 (26.8%), 96.0 MBs/sec
2025-08-21T20:55:00.1820862Z Received 268435456 of 376053341 (71.4%), 127.9 MBs/sec
2025-08-21T20:55:00.7934963Z Received 376053341 of 376053341 (100.0%), 137.2 MBs/sec
2025-08-21T20:55:00.7937720Z Cache Size: ~359 MB (376053341 B)
2025-08-21T20:55:00.8066358Z [command]/usr/bin/tar -xf /home/runner/work/_temp/ff0e25f2-269e-4222-b510-27ec6930bc27/cache.tzst -P -C /home/runner/work/AWA-App/AWA-App --use-compress-program unzstd
2025-08-21T20:55:01.4244587Z Cache restored successfully
2025-08-21T20:55:01.4951435Z Cache restored from key: setup-python-Linux-x64-24.04-Ubuntu-python-3.12.11-pip-cc13ccef493b9f3a93ad5651164d9fb09282c1111f6f72ce20e0657de16de6b4
2025-08-21T20:55:01.5088291Z ##[group]Run pip install --break-system-packages -r requirements-dev.txt
2025-08-21T20:55:01.5088801Z [36;1mpip install --break-system-packages -r requirements-dev.txt[0m
2025-08-21T20:55:01.5089234Z [36;1mpip install --break-system-packages keepa==1.3.15 minio==7.1.15[0m
2025-08-21T20:55:01.5134282Z shell: /usr/bin/bash -e {0}
2025-08-21T20:55:01.5134512Z env:
2025-08-21T20:55:01.5134716Z   REDIS_URL: redis://localhost:6379/0
2025-08-21T20:55:01.5134991Z   RATE_LIMIT_DEFAULT: 100/minute
2025-08-21T20:55:01.5135207Z   TRUST_X_FORWARDED: 1
2025-08-21T20:55:01.5135762Z   PG_USER: postgres
2025-08-21T20:55:01.5135971Z   PG_PASSWORD: pass
2025-08-21T20:55:01.5136147Z   PG_DATABASE: awa
2025-08-21T20:55:01.5136323Z   PG_HOST: localhost
2025-08-21T20:55:01.5136507Z   PG_PORT: 5432
2025-08-21T20:55:01.5137120Z   PG_SYNC_DSN: ***localhost:5432/awa
2025-08-21T20:55:01.5138002Z   PG_ASYNC_DSN: ***localhost:5432/awa
2025-08-21T20:55:01.5138845Z   DATABASE_URL: ***localhost:5432/awa
2025-08-21T20:55:01.5140209Z   DATA_DIR: /tmp/awa-data
2025-08-21T20:55:01.5140416Z   ENABLE_LIVE: 0
2025-08-21T20:55:01.5140589Z   TESTING: 1
2025-08-21T20:55:01.5140831Z   pythonLocation: /opt/hostedtoolcache/Python/3.12.11/x64
2025-08-21T20:55:01.5141748Z   PKG_CONFIG_PATH: /opt/hostedtoolcache/Python/3.12.11/x64/lib/pkgconfig
2025-08-21T20:55:01.5142240Z   Python_ROOT_DIR: /opt/hostedtoolcache/Python/3.12.11/x64
2025-08-21T20:55:01.5142592Z   Python2_ROOT_DIR: /opt/hostedtoolcache/Python/3.12.11/x64
2025-08-21T20:55:01.5142939Z   Python3_ROOT_DIR: /opt/hostedtoolcache/Python/3.12.11/x64
2025-08-21T20:55:01.5143291Z   LD_LIBRARY_PATH: /opt/hostedtoolcache/Python/3.12.11/x64/lib
2025-08-21T20:55:01.5143589Z ##[endgroup]
2025-08-21T20:55:03.6127392Z Collecting Jinja2==3.1.6 (from -r requirements-dev.txt (line 2))
2025-08-21T20:55:03.6140583Z   Using cached jinja2-3.1.6-py3-none-any.whl.metadata (2.9 kB)
2025-08-21T20:55:03.6346853Z Collecting alembic==1.16.4 (from -r requirements-dev.txt (line 3))
2025-08-21T20:55:03.6358703Z   Using cached alembic-1.16.4-py3-none-any.whl.metadata (7.3 kB)
2025-08-21T20:55:03.6510103Z Collecting apscheduler==3.10.4 (from -r requirements-dev.txt (line 4))
2025-08-21T20:55:03.6521634Z   Using cached APScheduler-3.10.4-py3-none-any.whl.metadata (5.7 kB)
2025-08-21T20:55:03.6678192Z Collecting asgi-correlation-id==4.3.1 (from -r requirements-dev.txt (line 5))
2025-08-21T20:55:03.6689572Z   Using cached asgi_correlation_id-4.3.1-py3-none-any.whl.metadata (28 kB)
2025-08-21T20:55:03.7081957Z Collecting asyncpg==0.30.0 (from -r requirements-dev.txt (line 6))
2025-08-21T20:55:03.7093800Z   Using cached asyncpg-0.30.0-cp312-cp312-manylinux_2_17_x86_64.manylinux2014_x86_64.whl.metadata (5.0 kB)
2025-08-21T20:55:03.7504577Z Collecting black==25.1.0 (from -r requirements-dev.txt (line 7))
2025-08-21T20:55:03.7516927Z   Using cached black-25.1.0-cp312-cp312-manylinux_2_17_x86_64.manylinux2014_x86_64.manylinux_2_28_x86_64.whl.metadata (81 kB)
2025-08-21T20:55:04.0934992Z Collecting boto3 (from -r requirements-dev.txt (line 8))
2025-08-21T20:55:04.1377627Z   Downloading boto3-1.40.15-py3-none-any.whl.metadata (6.7 kB)
2025-08-21T20:55:04.1667944Z Collecting redis==6.* (from -r requirements-dev.txt (line 9))
2025-08-21T20:55:04.1679588Z   Using cached redis-6.4.0-py3-none-any.whl.metadata (10 kB)
2025-08-21T20:55:04.2006039Z Collecting minio==7.* (from -r requirements-dev.txt (line 10))
2025-08-21T20:55:04.2017438Z   Using cached minio-7.2.16-py3-none-any.whl.metadata (6.5 kB)
2025-08-21T20:55:04.2225955Z Collecting vulture==2.10 (from -r requirements-dev.txt (line 11))
2025-08-21T20:55:04.2237487Z   Using cached vulture-2.10-py2.py3-none-any.whl.metadata (23 kB)
2025-08-21T20:55:04.2538365Z Collecting celery==5.5.3 (from -r requirements-dev.txt (line 12))
2025-08-21T20:55:04.2549776Z   Using cached celery-5.5.3-py3-none-any.whl.metadata (22 kB)
2025-08-21T20:55:04.3100193Z Collecting fastapi==0.116.1 (from -r requirements-dev.txt (line 13))
2025-08-21T20:55:04.3111651Z   Using cached fastapi-0.116.1-py3-none-any.whl.metadata (28 kB)
2025-08-21T20:55:04.3252374Z Collecting fastapi-limiter==0.1.6 (from -r requirements-dev.txt (line 15))
2025-08-21T20:55:04.3263388Z   Using cached fastapi_limiter-0.1.6-py3-none-any.whl.metadata (5.3 kB)
2025-08-21T20:55:04.3450486Z Collecting httpx<0.29,>=0.27 (from -r requirements-dev.txt (line 16))
2025-08-21T20:55:04.3461874Z   Using cached httpx-0.28.1-py3-none-any.whl.metadata (7.1 kB)
2025-08-21T20:55:04.3587959Z Collecting imapclient==3.0.1 (from -r requirements-dev.txt (line 17))
2025-08-21T20:55:04.3599701Z   Using cached IMAPClient-3.0.1-py2.py3-none-any.whl.metadata (1.7 kB)
2025-08-21T20:55:04.3688238Z Collecting itsdangerous (from -r requirements-dev.txt (line 18))
2025-08-21T20:55:04.3699759Z   Using cached itsdangerous-2.2.0-py3-none-any.whl.metadata (1.9 kB)
2025-08-21T20:55:04.4656568Z Collecting mypy==1.* (from -r requirements-dev.txt (line 19))
2025-08-21T20:55:04.4669169Z   Using cached mypy-1.17.1-cp312-cp312-manylinux2014_x86_64.manylinux_2_17_x86_64.manylinux_2_28_x86_64.whl.metadata (2.2 kB)
2025-08-21T20:55:04.4772719Z Collecting mypy-extensions==1.1.0 (from -r requirements-dev.txt (line 20))
2025-08-21T20:55:04.4784149Z   Using cached mypy_extensions-1.1.0-py3-none-any.whl.metadata (1.1 kB)
2025-08-21T20:55:04.6564348Z Collecting numpy<2 (from -r requirements-dev.txt (line 21))
2025-08-21T20:55:04.6578526Z   Using cached numpy-1.26.4-cp312-cp312-manylinux_2_17_x86_64.manylinux2014_x86_64.whl.metadata (61 kB)
2025-08-21T20:55:04.6843388Z Collecting openpyxl==3.1.5 (from -r requirements-dev.txt (line 22))
2025-08-21T20:55:04.6855466Z   Using cached openpyxl-3.1.5-py2.py3-none-any.whl.metadata (2.5 kB)
2025-08-21T20:55:04.7926991Z Collecting pandas==2.2.* (from -r requirements-dev.txt (line 23))
2025-08-21T20:55:04.7939310Z   Using cached pandas-2.2.3-cp312-cp312-manylinux_2_17_x86_64.manylinux2014_x86_64.whl.metadata (89 kB)
2025-08-21T20:55:04.8856689Z Collecting psycopg2-binary==2.9.10 (from -r requirements-dev.txt (line 24))
2025-08-21T20:55:04.8870244Z   Using cached psycopg2_binary-2.9.10-cp312-cp312-manylinux_2_17_x86_64.manylinux2014_x86_64.whl.metadata (4.9 kB)
2025-08-21T20:55:04.9036160Z Collecting psycopg==3.2.9 (from psycopg[binary]==3.2.9->-r requirements-dev.txt (line 25))
2025-08-21T20:55:04.9047892Z   Using cached psycopg-3.2.9-py3-none-any.whl.metadata (4.5 kB)
2025-08-21T20:55:05.0098485Z Collecting pydantic==2.11.7 (from -r requirements-dev.txt (line 26))
2025-08-21T20:55:05.0110497Z   Using cached pydantic-2.11.7-py3-none-any.whl.metadata (67 kB)
2025-08-21T20:55:05.1316430Z Collecting setuptools (from -r requirements-dev.txt (line 27))
2025-08-21T20:55:05.1327986Z   Using cached setuptools-80.9.0-py3-none-any.whl.metadata (6.6 kB)
2025-08-21T20:55:05.1583704Z Collecting pytest-asyncio==1.1.0 (from -r requirements-dev.txt (line 28))
2025-08-21T20:55:05.1594732Z   Using cached pytest_asyncio-1.1.0-py3-none-any.whl.metadata (4.1 kB)
2025-08-21T20:55:05.1725849Z Collecting pytest-cov==6.2.1 (from -r requirements-dev.txt (line 29))
2025-08-21T20:55:05.1737119Z   Using cached pytest_cov-6.2.1-py3-none-any.whl.metadata (30 kB)
2025-08-21T20:55:05.1920107Z Collecting pytest-postgresql==7.0.2 (from -r requirements-dev.txt (line 30))
2025-08-21T20:55:05.1931351Z   Using cached pytest_postgresql-7.0.2-py3-none-any.whl.metadata (18 kB)
2025-08-21T20:55:05.2091396Z Collecting python-dotenv (from -r requirements-dev.txt (line 31))
2025-08-21T20:55:05.2102551Z   Using cached python_dotenv-1.1.1-py3-none-any.whl.metadata (24 kB)
2025-08-21T20:55:05.2214034Z Collecting python-multipart (from -r requirements-dev.txt (line 32))
2025-08-21T20:55:05.2225135Z   Using cached python_multipart-0.0.20-py3-none-any.whl.metadata (1.8 kB)
2025-08-21T20:55:05.2518038Z Collecting python-telegram-bot==22.3 (from -r requirements-dev.txt (line 33))
2025-08-21T20:55:05.2529131Z   Using cached python_telegram_bot-22.3-py3-none-any.whl.metadata (17 kB)
2025-08-21T20:55:05.2799327Z Collecting requests==2.32.4 (from -r requirements-dev.txt (line 34))
2025-08-21T20:55:05.2810636Z   Using cached requests-2.32.4-py3-none-any.whl.metadata (4.9 kB)
2025-08-21T20:55:05.3016828Z Collecting respx==0.22.0 (from -r requirements-dev.txt (line 35))
2025-08-21T20:55:05.3027734Z   Using cached respx-0.22.0-py2.py3-none-any.whl.metadata (4.1 kB)
2025-08-21T20:55:05.6630662Z Collecting ruff==0.9.9 (from -r requirements-dev.txt (line 36))
2025-08-21T20:55:05.6644138Z   Using cached ruff-0.9.9-py3-none-manylinux_2_17_x86_64.manylinux2014_x86_64.whl.metadata (25 kB)
2025-08-21T20:55:05.9147303Z Collecting sqlalchemy==2.0.43 (from -r requirements-dev.txt (line 37))
2025-08-21T20:55:05.9161501Z   Using cached sqlalchemy-2.0.43-cp312-cp312-manylinux_2_17_x86_64.manylinux2014_x86_64.whl.metadata (9.6 kB)
2025-08-21T20:55:05.9369667Z Collecting structlog==24.1.0 (from -r requirements-dev.txt (line 38))
2025-08-21T20:55:05.9381702Z   Using cached structlog-24.1.0-py3-none-any.whl.metadata (6.9 kB)
2025-08-21T20:55:05.9562036Z Collecting testcontainers==4.12.0 (from testcontainers[postgres]==4.12.0->-r requirements-dev.txt (line 39))
2025-08-21T20:55:05.9573837Z   Using cached testcontainers-4.12.0-py3-none-any.whl.metadata (8.3 kB)
2025-08-21T20:55:05.9934556Z Collecting types-requests==2.32.4.20250809 (from -r requirements-dev.txt (line 40))
2025-08-21T20:55:05.9946537Z   Using cached types_requests-2.32.4.20250809-py3-none-any.whl.metadata (2.0 kB)
2025-08-21T20:55:06.0070917Z Collecting docspec-python==2.2.2 (from -r requirements-dev.txt (line 41))
2025-08-21T20:55:06.0082441Z   Using cached docspec_python-2.2.2-py3-none-any.whl.metadata (1.0 kB)
2025-08-21T20:55:06.0250643Z Collecting pydoc-markdown==4.8.2 (from -r requirements-dev.txt (line 42))
2025-08-21T20:55:06.0262078Z   Using cached pydoc_markdown-4.8.2-py3-none-any.whl.metadata (5.9 kB)
2025-08-21T20:55:06.0985708Z Collecting pandera==0.19.* (from -r requirements-dev.txt (line 43))
2025-08-21T20:55:06.0998215Z   Using cached pandera-0.19.3-py3-none-any.whl.metadata (15 kB)
2025-08-21T20:55:06.1568989Z Collecting MarkupSafe>=2.0 (from Jinja2==3.1.6->-r requirements-dev.txt (line 2))
2025-08-21T20:55:06.1582056Z   Using cached MarkupSafe-3.0.2-cp312-cp312-manylinux_2_17_x86_64.manylinux2014_x86_64.whl.metadata (4.0 kB)
2025-08-21T20:55:06.1828943Z Collecting Mako (from alembic==1.16.4->-r requirements-dev.txt (line 3))
2025-08-21T20:55:06.1841137Z   Using cached mako-1.3.10-py3-none-any.whl.metadata (2.9 kB)
2025-08-21T20:55:06.1986148Z Collecting typing-extensions>=4.12 (from alembic==1.16.4->-r requirements-dev.txt (line 3))
2025-08-21T20:55:06.1998033Z   Using cached typing_extensions-4.14.1-py3-none-any.whl.metadata (3.0 kB)
2025-08-21T20:55:06.2122491Z Collecting six>=1.4.0 (from apscheduler==3.10.4->-r requirements-dev.txt (line 4))
2025-08-21T20:55:06.2134037Z   Using cached six-1.17.0-py2.py3-none-any.whl.metadata (1.7 kB)
2025-08-21T20:55:06.2453749Z Collecting pytz (from apscheduler==3.10.4->-r requirements-dev.txt (line 4))
2025-08-21T20:55:06.2465811Z   Using cached pytz-2025.2-py2.py3-none-any.whl.metadata (22 kB)
2025-08-21T20:55:06.2611478Z Collecting tzlocal!=3.*,>=2.0 (from apscheduler==3.10.4->-r requirements-dev.txt (line 4))
2025-08-21T20:55:06.2622966Z   Using cached tzlocal-5.3.1-py3-none-any.whl.metadata (7.6 kB)
2025-08-21T20:55:06.2902550Z Collecting starlette>=0.18 (from asgi-correlation-id==4.3.1->-r requirements-dev.txt (line 5))
2025-08-21T20:55:06.2914051Z   Using cached starlette-0.47.2-py3-none-any.whl.metadata (6.2 kB)
2025-08-21T20:55:06.3091559Z Collecting click>=8.0.0 (from black==25.1.0->-r requirements-dev.txt (line 7))
2025-08-21T20:55:06.3103018Z   Using cached click-8.2.1-py3-none-any.whl.metadata (2.5 kB)
2025-08-21T20:55:06.3247316Z Collecting packaging>=22.0 (from black==25.1.0->-r requirements-dev.txt (line 7))
2025-08-21T20:55:06.3259205Z   Using cached packaging-25.0-py3-none-any.whl.metadata (3.3 kB)
2025-08-21T20:55:06.3357904Z Collecting pathspec>=0.9.0 (from black==25.1.0->-r requirements-dev.txt (line 7))
2025-08-21T20:55:06.3369406Z   Using cached pathspec-0.12.1-py3-none-any.whl.metadata (21 kB)
2025-08-21T20:55:06.3538307Z Collecting platformdirs>=2 (from black==25.1.0->-r requirements-dev.txt (line 7))
2025-08-21T20:55:06.3549780Z   Using cached platformdirs-4.3.8-py3-none-any.whl.metadata (12 kB)
2025-08-21T20:55:06.3660140Z Collecting toml (from vulture==2.10->-r requirements-dev.txt (line 11))
2025-08-21T20:55:06.3671576Z   Using cached toml-0.10.2-py2.py3-none-any.whl.metadata (7.1 kB)
2025-08-21T20:55:06.3841501Z Collecting billiard<5.0,>=4.2.1 (from celery==5.5.3->-r requirements-dev.txt (line 12))
2025-08-21T20:55:06.3852292Z   Using cached billiard-4.2.1-py3-none-any.whl.metadata (4.4 kB)
2025-08-21T20:55:06.4138167Z Collecting kombu<5.6,>=5.5.2 (from celery==5.5.3->-r requirements-dev.txt (line 12))
2025-08-21T20:55:06.4149728Z   Using cached kombu-5.5.4-py3-none-any.whl.metadata (3.5 kB)
2025-08-21T20:55:06.4295942Z Collecting vine<6.0,>=5.1.0 (from celery==5.5.3->-r requirements-dev.txt (line 12))
2025-08-21T20:55:06.4307361Z   Using cached vine-5.1.0-py3-none-any.whl.metadata (2.7 kB)
2025-08-21T20:55:06.4434085Z Collecting click-didyoumean>=0.3.0 (from celery==5.5.3->-r requirements-dev.txt (line 12))
2025-08-21T20:55:06.4446073Z   Using cached click_didyoumean-0.3.1-py3-none-any.whl.metadata (3.9 kB)
2025-08-21T20:55:06.4526759Z Collecting click-repl>=0.2.0 (from celery==5.5.3->-r requirements-dev.txt (line 12))
2025-08-21T20:55:06.4538114Z   Using cached click_repl-0.3.0-py3-none-any.whl.metadata (3.6 kB)
2025-08-21T20:55:06.4620159Z Collecting click-plugins>=1.1.1 (from celery==5.5.3->-r requirements-dev.txt (line 12))
2025-08-21T20:55:06.4631753Z   Using cached click_plugins-1.1.1.2-py2.py3-none-any.whl.metadata (6.5 kB)
2025-08-21T20:55:06.4745635Z Collecting python-dateutil>=2.8.2 (from celery==5.5.3->-r requirements-dev.txt (line 12))
2025-08-21T20:55:06.4757463Z   Using cached python_dateutil-2.9.0.post0-py2.py3-none-any.whl.metadata (8.4 kB)
2025-08-21T20:55:06.5338467Z Collecting annotated-types>=0.6.0 (from pydantic==2.11.7->-r requirements-dev.txt (line 26))
2025-08-21T20:55:06.5350076Z   Using cached annotated_types-0.7.0-py3-none-any.whl.metadata (15 kB)
2025-08-21T20:55:07.1897364Z Collecting pydantic-core==2.33.2 (from pydantic==2.11.7->-r requirements-dev.txt (line 26))
2025-08-21T20:55:07.1911216Z   Using cached pydantic_core-2.33.2-cp312-cp312-manylinux_2_17_x86_64.manylinux2014_x86_64.whl.metadata (6.8 kB)
2025-08-21T20:55:07.2078894Z Collecting typing-inspection>=0.4.0 (from pydantic==2.11.7->-r requirements-dev.txt (line 26))
2025-08-21T20:55:07.2090688Z   Using cached typing_inspection-0.4.1-py3-none-any.whl.metadata (2.6 kB)
2025-08-21T20:55:07.2351463Z Collecting et-xmlfile (from openpyxl==3.1.5->-r requirements-dev.txt (line 22))
2025-08-21T20:55:07.2363140Z   Using cached et_xmlfile-2.0.0-py3-none-any.whl.metadata (2.7 kB)
2025-08-21T20:55:07.2777388Z Collecting pytest<9,>=8.2 (from pytest-asyncio==1.1.0->-r requirements-dev.txt (line 28))
2025-08-21T20:55:07.2788921Z   Using cached pytest-8.4.1-py3-none-any.whl.metadata (7.7 kB)
2025-08-21T20:55:07.5930860Z Collecting coverage>=7.5 (from coverage[toml]>=7.5->pytest-cov==6.2.1->-r requirements-dev.txt (line 29))
2025-08-21T20:55:07.5944249Z   Using cached coverage-7.10.4-cp312-cp312-manylinux1_x86_64.manylinux_2_28_x86_64.manylinux_2_5_x86_64.whl.metadata (8.9 kB)
2025-08-21T20:55:07.6060110Z Collecting pluggy>=1.2 (from pytest-cov==6.2.1->-r requirements-dev.txt (line 29))
2025-08-21T20:55:07.6071536Z   Using cached pluggy-1.6.0-py3-none-any.whl.metadata (4.8 kB)
2025-08-21T20:55:07.6315696Z Collecting port-for>=0.7.3 (from pytest-postgresql==7.0.2->-r requirements-dev.txt (line 30))
2025-08-21T20:55:07.6326739Z   Using cached port_for-0.7.4-py3-none-any.whl.metadata (7.1 kB)
2025-08-21T20:55:07.6462707Z Collecting mirakuru>=2.6.0 (from pytest-postgresql==7.0.2->-r requirements-dev.txt (line 30))
2025-08-21T20:55:07.6473911Z   Using cached mirakuru-2.6.1-py3-none-any.whl.metadata (10 kB)
2025-08-21T20:55:07.7290775Z Collecting charset_normalizer<4,>=2 (from requests==2.32.4->-r requirements-dev.txt (line 34))
2025-08-21T20:55:07.7304157Z   Using cached charset_normalizer-3.4.3-cp312-cp312-manylinux2014_x86_64.manylinux_2_17_x86_64.manylinux_2_28_x86_64.whl.metadata (36 kB)
2025-08-21T20:55:07.7447290Z Collecting idna<4,>=2.5 (from requests==2.32.4->-r requirements-dev.txt (line 34))
2025-08-21T20:55:07.7458755Z   Using cached idna-3.10-py3-none-any.whl.metadata (10 kB)
2025-08-21T20:55:07.7718932Z Collecting urllib3<3,>=1.21.1 (from requests==2.32.4->-r requirements-dev.txt (line 34))
2025-08-21T20:55:07.7730009Z   Using cached urllib3-2.5.0-py3-none-any.whl.metadata (6.5 kB)
2025-08-21T20:55:07.7914683Z Collecting certifi>=2017.4.17 (from requests==2.32.4->-r requirements-dev.txt (line 34))
2025-08-21T20:55:07.7925846Z   Using cached certifi-2025.8.3-py3-none-any.whl.metadata (2.4 kB)
2025-08-21T20:55:07.9955007Z Collecting greenlet>=1 (from sqlalchemy==2.0.43->-r requirements-dev.txt (line 37))
2025-08-21T20:55:07.9969126Z   Using cached greenlet-3.2.4-cp312-cp312-manylinux_2_24_x86_64.manylinux_2_28_x86_64.whl.metadata (4.1 kB)
2025-08-21T20:55:08.0185789Z Collecting docker (from testcontainers==4.12.0->testcontainers[postgres]==4.12.0->-r requirements-dev.txt (line 39))
2025-08-21T20:55:08.0197248Z   Using cached docker-7.1.0-py3-none-any.whl.metadata (3.8 kB)
2025-08-21T20:55:08.1140582Z Collecting wrapt (from testcontainers==4.12.0->testcontainers[postgres]==4.12.0->-r requirements-dev.txt (line 39))
2025-08-21T20:55:08.1153726Z   Using cached wrapt-1.17.3-cp312-cp312-manylinux1_x86_64.manylinux_2_28_x86_64.manylinux_2_5_x86_64.whl.metadata (6.4 kB)
2025-08-21T20:55:08.1469482Z Collecting docspec==2.2.1 (from docspec-python==2.2.2->-r requirements-dev.txt (line 41))
2025-08-21T20:55:08.1481289Z   Using cached docspec-2.2.1-py3-none-any.whl.metadata (1.5 kB)
2025-08-21T20:55:08.3815541Z Collecting nr-util>=0.8.12 (from docspec-python==2.2.2->-r requirements-dev.txt (line 41))
2025-08-21T20:55:08.3827882Z   Using cached nr.util-0.8.12-py3-none-any.whl.metadata (813 bytes)
2025-08-21T20:55:08.4154030Z Collecting PyYAML<7.0,>=5.0 (from pydoc-markdown==4.8.2->-r requirements-dev.txt (line 42))
2025-08-21T20:55:08.4166233Z   Using cached PyYAML-6.0.2-cp312-cp312-manylinux_2_17_x86_64.manylinux2014_x86_64.whl.metadata (2.1 kB)
2025-08-21T20:55:08.4439979Z Collecting databind.core<5.0.0,>=4.4.0 (from pydoc-markdown==4.8.2->-r requirements-dev.txt (line 42))
2025-08-21T20:55:08.4451469Z   Using cached databind.core-4.5.2-py3-none-any.whl.metadata (1.1 kB)
2025-08-21T20:55:08.4658136Z Collecting databind.json<5.0.0,>=4.4.0 (from pydoc-markdown==4.8.2->-r requirements-dev.txt (line 42))
2025-08-21T20:55:08.4669520Z   Using cached databind.json-4.5.2-py3-none-any.whl.metadata (1.1 kB)
2025-08-21T20:55:08.4791408Z Collecting docstring-parser<0.12,>=0.11 (from pydoc-markdown==4.8.2->-r requirements-dev.txt (line 42))
2025-08-21T20:55:08.4792880Z   Using cached docstring_parser-0.11-py3-none-any.whl
2025-08-21T20:55:08.5119090Z Collecting tomli<3.0.0,>=2.0.0 (from pydoc-markdown==4.8.2->-r requirements-dev.txt (line 42))
2025-08-21T20:55:08.5131169Z   Using cached tomli-2.2.1-cp312-cp312-manylinux_2_17_x86_64.manylinux2014_x86_64.whl.metadata (11 kB)
2025-08-21T20:55:08.5223958Z Collecting tomli_w<2.0.0,>=1.0.0 (from pydoc-markdown==4.8.2->-r requirements-dev.txt (line 42))
2025-08-21T20:55:08.5236483Z   Using cached tomli_w-1.2.0-py3-none-any.whl.metadata (5.7 kB)
2025-08-21T20:55:08.5678959Z Collecting watchdog (from pydoc-markdown==4.8.2->-r requirements-dev.txt (line 42))
2025-08-21T20:55:08.5691358Z   Using cached watchdog-6.0.0-py3-none-manylinux2014_x86_64.whl.metadata (44 kB)
2025-08-21T20:55:08.5889460Z Collecting yapf>=0.30.0 (from pydoc-markdown==4.8.2->-r requirements-dev.txt (line 42))
2025-08-21T20:55:08.5900916Z   Using cached yapf-0.43.0-py3-none-any.whl.metadata (46 kB)
2025-08-21T20:55:08.6076458Z Collecting Deprecated<2.0.0,>=1.2.12 (from docspec==2.2.1->docspec-python==2.2.2->-r requirements-dev.txt (line 41))
2025-08-21T20:55:08.6088276Z   Using cached Deprecated-1.2.18-py2.py3-none-any.whl.metadata (5.7 kB)
2025-08-21T20:55:08.7554355Z Collecting psycopg-binary==3.2.9 (from psycopg[binary]==3.2.9->-r requirements-dev.txt (line 25))
2025-08-21T20:55:08.7568820Z   Using cached psycopg_binary-3.2.9-cp312-cp312-manylinux_2_17_x86_64.manylinux2014_x86_64.whl.metadata (2.9 kB)
2025-08-21T20:55:08.7879456Z Collecting argon2-cffi (from minio==7.*->-r requirements-dev.txt (line 10))
2025-08-21T20:55:08.7891713Z   Using cached argon2_cffi-25.1.0-py3-none-any.whl.metadata (4.1 kB)
2025-08-21T20:55:08.8663728Z Collecting pycryptodome (from minio==7.*->-r requirements-dev.txt (line 10))
2025-08-21T20:55:08.8678212Z   Using cached pycryptodome-3.23.0-cp37-abi3-manylinux_2_17_x86_64.manylinux2014_x86_64.whl.metadata (3.4 kB)
2025-08-21T20:55:08.8867824Z Collecting anyio (from httpx<0.29,>=0.27->-r requirements-dev.txt (line 16))
2025-08-21T20:55:08.8879719Z   Using cached anyio-4.10.0-py3-none-any.whl.metadata (4.0 kB)
2025-08-21T20:55:08.9058187Z Collecting httpcore==1.* (from httpx<0.29,>=0.27->-r requirements-dev.txt (line 16))
2025-08-21T20:55:08.9070133Z   Using cached httpcore-1.0.9-py3-none-any.whl.metadata (21 kB)
2025-08-21T20:55:08.9379980Z Collecting tzdata>=2022.7 (from pandas==2.2.*->-r requirements-dev.txt (line 23))
2025-08-21T20:55:08.9391189Z   Using cached tzdata-2025.2-py2.py3-none-any.whl.metadata (1.4 kB)
2025-08-21T20:55:08.9542600Z Collecting multimethod<=1.10.0 (from pandera==0.19.*->-r requirements-dev.txt (line 43))
2025-08-21T20:55:08.9553707Z   Using cached multimethod-1.10-py3-none-any.whl.metadata (8.2 kB)
2025-08-21T20:55:08.9919917Z Collecting typeguard (from pandera==0.19.*->-r requirements-dev.txt (line 43))
2025-08-21T20:55:08.9931141Z   Using cached typeguard-4.4.4-py3-none-any.whl.metadata (3.3 kB)
2025-08-21T20:55:09.0022767Z Collecting typing-inspect>=0.6.0 (from pandera==0.19.*->-r requirements-dev.txt (line 43))
2025-08-21T20:55:09.0034051Z   Using cached typing_inspect-0.9.0-py3-none-any.whl.metadata (1.5 kB)
2025-08-21T20:55:09.0281601Z Collecting databind<5.0.0,>=4.5.2 (from databind.core<5.0.0,>=4.4.0->pydoc-markdown==4.8.2->-r requirements-dev.txt (line 42))
2025-08-21T20:55:09.0292343Z   Using cached databind-4.5.2-py3-none-any.whl.metadata (4.3 kB)
2025-08-21T20:55:09.0453167Z Collecting nr-date<3.0.0,>=2.0.0 (from databind<5.0.0,>=4.5.2->databind.core<5.0.0,>=4.4.0->pydoc-markdown==4.8.2->-r requirements-dev.txt (line 42))
2025-08-21T20:55:09.0464203Z   Using cached nr_date-2.1.0-py3-none-any.whl.metadata (746 bytes)
2025-08-21T20:55:09.0582055Z Collecting nr-stream<2.0.0,>=1.0.0 (from databind<5.0.0,>=4.5.2->databind.core<5.0.0,>=4.4.0->pydoc-markdown==4.8.2->-r requirements-dev.txt (line 42))
2025-08-21T20:55:09.0592854Z   Using cached nr_stream-1.1.5-py3-none-any.whl.metadata (3.6 kB)
2025-08-21T20:55:09.0744044Z Collecting typeapi<3,>=2.0.1 (from databind<5.0.0,>=4.5.2->databind.core<5.0.0,>=4.4.0->pydoc-markdown==4.8.2->-r requirements-dev.txt (line 42))
2025-08-21T20:55:09.0754879Z   Using cached typeapi-2.2.4-py3-none-any.whl.metadata (1.5 kB)
2025-08-21T20:55:09.1011253Z Collecting h11>=0.16 (from httpcore==1.*->httpx<0.29,>=0.27->-r requirements-dev.txt (line 16))
2025-08-21T20:55:09.1022720Z   Using cached h11-0.16.0-py3-none-any.whl.metadata (8.3 kB)
2025-08-21T20:55:09.1232654Z Collecting amqp<6.0.0,>=5.1.1 (from kombu<5.6,>=5.5.2->celery==5.5.3->-r requirements-dev.txt (line 12))
2025-08-21T20:55:09.1244330Z   Using cached amqp-5.3.1-py3-none-any.whl.metadata (8.9 kB)
2025-08-21T20:55:09.1613408Z Collecting iniconfig>=1 (from pytest<9,>=8.2->pytest-asyncio==1.1.0->-r requirements-dev.txt (line 28))
2025-08-21T20:55:09.1624891Z   Using cached iniconfig-2.1.0-py3-none-any.whl.metadata (2.7 kB)
2025-08-21T20:55:09.1818476Z Collecting pygments>=2.7.2 (from pytest<9,>=8.2->pytest-asyncio==1.1.0->-r requirements-dev.txt (line 28))
2025-08-21T20:55:09.1830332Z   Using cached pygments-2.19.2-py3-none-any.whl.metadata (2.5 kB)
2025-08-21T20:55:09.2139213Z Collecting sniffio>=1.1 (from anyio->httpx<0.29,>=0.27->-r requirements-dev.txt (line 16))
2025-08-21T20:55:09.2150936Z   Using cached sniffio-1.3.1-py3-none-any.whl.metadata (3.9 kB)
2025-08-21T20:55:09.6507040Z Collecting botocore<1.41.0,>=1.40.15 (from boto3->-r requirements-dev.txt (line 8))
2025-08-21T20:55:09.6549215Z   Downloading botocore-1.40.15-py3-none-any.whl.metadata (5.7 kB)
2025-08-21T20:55:09.6684884Z Collecting jmespath<2.0.0,>=0.7.1 (from boto3->-r requirements-dev.txt (line 8))
2025-08-21T20:55:09.6698068Z   Using cached jmespath-1.0.1-py3-none-any.whl.metadata (7.6 kB)
2025-08-21T20:55:09.6858007Z Collecting s3transfer<0.14.0,>=0.13.0 (from boto3->-r requirements-dev.txt (line 8))
2025-08-21T20:55:09.6869851Z   Using cached s3transfer-0.13.1-py3-none-any.whl.metadata (1.7 kB)
2025-08-21T20:55:09.8288224Z Collecting fastapi-cli>=0.0.8 (from fastapi-cli[standard]>=0.0.8; extra == "all"->fastapi[all]->-r requirements-dev.txt (line 14))
2025-08-21T20:55:09.8299991Z   Using cached fastapi_cli-0.0.8-py3-none-any.whl.metadata (6.3 kB)
2025-08-21T20:55:09.9032520Z Collecting ujson!=4.0.2,!=4.1.0,!=4.2.0,!=4.3.0,!=5.0.0,!=5.1.0,>=4.0.1 (from fastapi[all]->-r requirements-dev.txt (line 14))
2025-08-21T20:55:09.9046206Z   Using cached ujson-5.11.0-cp312-cp312-manylinux_2_24_x86_64.manylinux_2_28_x86_64.whl.metadata (9.4 kB)
2025-08-21T20:55:10.1297477Z Collecting orjson>=3.2.1 (from fastapi[all]->-r requirements-dev.txt (line 14))
2025-08-21T20:55:10.1311217Z   Using cached orjson-3.11.2-cp312-cp312-manylinux_2_17_x86_64.manylinux2014_x86_64.whl.metadata (1.2 kB)
2025-08-21T20:55:10.1429734Z Collecting email-validator>=2.0.0 (from fastapi[all]->-r requirements-dev.txt (line 14))
2025-08-21T20:55:10.1442637Z   Using cached email_validator-2.2.0-py3-none-any.whl.metadata (25 kB)
2025-08-21T20:55:10.1736116Z Collecting uvicorn>=0.12.0 (from uvicorn[standard]>=0.12.0; extra == "all"->fastapi[all]->-r requirements-dev.txt (line 14))
2025-08-21T20:55:10.1747725Z   Using cached uvicorn-0.35.0-py3-none-any.whl.metadata (6.5 kB)
2025-08-21T20:55:10.1914602Z Collecting pydantic-settings>=2.0.0 (from fastapi[all]->-r requirements-dev.txt (line 14))
2025-08-21T20:55:10.1926058Z   Using cached pydantic_settings-2.10.1-py3-none-any.whl.metadata (3.4 kB)
2025-08-21T20:55:10.2074746Z Collecting pydantic-extra-types>=2.0.0 (from fastapi[all]->-r requirements-dev.txt (line 14))
2025-08-21T20:55:10.2085939Z   Using cached pydantic_extra_types-2.10.5-py3-none-any.whl.metadata (3.9 kB)
2025-08-21T20:55:10.2761948Z Collecting prompt-toolkit>=3.0.36 (from click-repl>=0.2.0->celery==5.5.3->-r requirements-dev.txt (line 12))
2025-08-21T20:55:10.2773926Z   Using cached prompt_toolkit-3.0.51-py3-none-any.whl.metadata (6.4 kB)
2025-08-21T20:55:10.2950863Z Collecting dnspython>=2.0.0 (from email-validator>=2.0.0->fastapi[all]->-r requirements-dev.txt (line 14))
2025-08-21T20:55:10.2962448Z   Using cached dnspython-2.7.0-py3-none-any.whl.metadata (5.8 kB)
2025-08-21T20:55:10.3258420Z Collecting typer>=0.15.1 (from fastapi-cli>=0.0.8->fastapi-cli[standard]>=0.0.8; extra == "all"->fastapi[all]->-r requirements-dev.txt (line 14))
2025-08-21T20:55:10.3270764Z   Using cached typer-0.16.1-py3-none-any.whl.metadata (15 kB)
2025-08-21T20:55:10.3577435Z Collecting rich-toolkit>=0.14.8 (from fastapi-cli>=0.0.8->fastapi-cli[standard]>=0.0.8; extra == "all"->fastapi[all]->-r requirements-dev.txt (line 14))
2025-08-21T20:55:10.3588975Z   Using cached rich_toolkit-0.15.0-py3-none-any.whl.metadata (1.0 kB)
2025-08-21T20:55:10.3693050Z Collecting fastapi-cloud-cli>=0.1.1 (from fastapi-cli[standard]>=0.0.8; extra == "all"->fastapi[all]->-r requirements-dev.txt (line 14))
2025-08-21T20:55:10.3704471Z   Using cached fastapi_cloud_cli-0.1.5-py3-none-any.whl.metadata (3.2 kB)
2025-08-21T20:55:10.4413463Z Collecting rignore>=0.5.1 (from fastapi-cloud-cli>=0.1.1->fastapi-cli[standard]>=0.0.8; extra == "all"->fastapi[all]->-r requirements-dev.txt (line 14))
2025-08-21T20:55:10.4426463Z   Using cached rignore-0.6.4-cp312-cp312-manylinux_2_17_x86_64.manylinux2014_x86_64.whl.metadata (3.8 kB)
2025-08-21T20:55:10.5251373Z Collecting sentry-sdk>=2.20.0 (from fastapi-cloud-cli>=0.1.1->fastapi-cli[standard]>=0.0.8; extra == "all"->fastapi[all]->-r requirements-dev.txt (line 14))
2025-08-21T20:55:10.5263652Z   Using cached sentry_sdk-2.35.0-py2.py3-none-any.whl.metadata (10 kB)
2025-08-21T20:55:10.6171025Z Collecting psutil>=4.0.0 (from mirakuru>=2.6.0->pytest-postgresql==7.0.2->-r requirements-dev.txt (line 30))
2025-08-21T20:55:10.6184967Z   Using cached psutil-7.0.0-cp36-abi3-manylinux_2_12_x86_64.manylinux2010_x86_64.manylinux_2_17_x86_64.manylinux2014_x86_64.whl.metadata (22 kB)
2025-08-21T20:55:10.6514648Z Collecting wcwidth (from prompt-toolkit>=3.0.36->click-repl>=0.2.0->celery==5.5.3->-r requirements-dev.txt (line 12))
2025-08-21T20:55:10.6527097Z   Using cached wcwidth-0.2.13-py2.py3-none-any.whl.metadata (14 kB)
2025-08-21T20:55:10.7540610Z Collecting rich>=13.7.1 (from rich-toolkit>=0.14.8->fastapi-cli>=0.0.8->fastapi-cli[standard]>=0.0.8; extra == "all"->fastapi[all]->-r requirements-dev.txt (line 14))
2025-08-21T20:55:10.7552475Z   Using cached rich-14.1.0-py3-none-any.whl.metadata (18 kB)
2025-08-21T20:55:10.7727783Z Collecting markdown-it-py>=2.2.0 (from rich>=13.7.1->rich-toolkit>=0.14.8->fastapi-cli>=0.0.8->fastapi-cli[standard]>=0.0.8; extra == "all"->fastapi[all]->-r requirements-dev.txt (line 14))
2025-08-21T20:55:10.7739520Z   Using cached markdown_it_py-4.0.0-py3-none-any.whl.metadata (7.3 kB)
2025-08-21T20:55:10.7946629Z Collecting mdurl~=0.1 (from markdown-it-py>=2.2.0->rich>=13.7.1->rich-toolkit>=0.14.8->fastapi-cli>=0.0.8->fastapi-cli[standard]>=0.0.8; extra == "all"->fastapi[all]->-r requirements-dev.txt (line 14))
2025-08-21T20:55:10.7958668Z   Using cached mdurl-0.1.2-py3-none-any.whl.metadata (1.6 kB)
2025-08-21T20:55:10.8452392Z Collecting shellingham>=1.3.0 (from typer>=0.15.1->fastapi-cli>=0.0.8->fastapi-cli[standard]>=0.0.8; extra == "all"->fastapi[all]->-r requirements-dev.txt (line 14))
2025-08-21T20:55:10.8463994Z   Using cached shellingham-1.5.4-py2.py3-none-any.whl.metadata (3.5 kB)
2025-08-21T20:55:10.9157315Z Collecting httptools>=0.6.3 (from uvicorn[standard]>=0.12.0; extra == "all"->fastapi[all]->-r requirements-dev.txt (line 14))
2025-08-21T20:55:10.9171006Z   Using cached httptools-0.6.4-cp312-cp312-manylinux_2_5_x86_64.manylinux1_x86_64.manylinux_2_17_x86_64.manylinux2014_x86_64.whl.metadata (3.6 kB)
2025-08-21T20:55:10.9575263Z Collecting uvloop>=0.15.1 (from uvicorn[standard]>=0.12.0; extra == "all"->fastapi[all]->-r requirements-dev.txt (line 14))
2025-08-21T20:55:10.9588146Z   Using cached uvloop-0.21.0-cp312-cp312-manylinux_2_17_x86_64.manylinux2014_x86_64.whl.metadata (4.9 kB)
2025-08-21T20:55:11.0289556Z Collecting watchfiles>=0.13 (from uvicorn[standard]>=0.12.0; extra == "all"->fastapi[all]->-r requirements-dev.txt (line 14))
2025-08-21T20:55:11.0303076Z   Using cached watchfiles-1.1.0-cp312-cp312-manylinux_2_17_x86_64.manylinux2014_x86_64.whl.metadata (4.9 kB)
2025-08-21T20:55:11.2413602Z Collecting websockets>=10.4 (from uvicorn[standard]>=0.12.0; extra == "all"->fastapi[all]->-r requirements-dev.txt (line 14))
2025-08-21T20:55:11.2430974Z   Using cached websockets-15.0.1-cp312-cp312-manylinux_2_5_x86_64.manylinux1_x86_64.manylinux_2_17_x86_64.manylinux2014_x86_64.whl.metadata (6.8 kB)
2025-08-21T20:55:11.2876762Z Collecting argon2-cffi-bindings (from argon2-cffi->minio==7.*->-r requirements-dev.txt (line 10))
2025-08-21T20:55:11.2889444Z   Using cached argon2_cffi_bindings-25.1.0-cp39-abi3-manylinux_2_26_x86_64.manylinux_2_28_x86_64.whl.metadata (7.4 kB)
2025-08-21T20:55:11.3904989Z Collecting cffi>=1.0.1 (from argon2-cffi-bindings->argon2-cffi->minio==7.*->-r requirements-dev.txt (line 10))
2025-08-21T20:55:11.3918457Z   Using cached cffi-1.17.1-cp312-cp312-manylinux_2_17_x86_64.manylinux2014_x86_64.whl.metadata (1.5 kB)
2025-08-21T20:55:11.4040346Z Collecting pycparser (from cffi>=1.0.1->argon2-cffi-bindings->argon2-cffi->minio==7.*->-r requirements-dev.txt (line 10))
2025-08-21T20:55:11.4051591Z   Using cached pycparser-2.22-py3-none-any.whl.metadata (943 bytes)
2025-08-21T20:55:11.4704998Z Using cached jinja2-3.1.6-py3-none-any.whl (134 kB)
2025-08-21T20:55:11.4718108Z Using cached alembic-1.16.4-py3-none-any.whl (247 kB)
2025-08-21T20:55:11.4730791Z Using cached APScheduler-3.10.4-py3-none-any.whl (59 kB)
2025-08-21T20:55:11.4742210Z Using cached asgi_correlation_id-4.3.1-py3-none-any.whl (15 kB)
2025-08-21T20:55:11.4753401Z Using cached asyncpg-0.30.0-cp312-cp312-manylinux_2_17_x86_64.manylinux2014_x86_64.whl (3.6 MB)
2025-08-21T20:55:11.4790264Z Using cached black-25.1.0-cp312-cp312-manylinux_2_17_x86_64.manylinux2014_x86_64.manylinux_2_28_x86_64.whl (1.8 MB)
2025-08-21T20:55:11.4812792Z Using cached vulture-2.10-py2.py3-none-any.whl (27 kB)
2025-08-21T20:55:11.4823366Z Using cached celery-5.5.3-py3-none-any.whl (438 kB)
2025-08-21T20:55:11.4838282Z Using cached fastapi-0.116.1-py3-none-any.whl (95 kB)
2025-08-21T20:55:11.4849761Z Using cached pydantic-2.11.7-py3-none-any.whl (444 kB)
2025-08-21T20:55:11.4863157Z Using cached fastapi_limiter-0.1.6-py3-none-any.whl (15 kB)
2025-08-21T20:55:11.4873750Z Using cached IMAPClient-3.0.1-py2.py3-none-any.whl (182 kB)
2025-08-21T20:55:11.4885728Z Using cached mypy_extensions-1.1.0-py3-none-any.whl (5.0 kB)
2025-08-21T20:55:11.4896626Z Using cached openpyxl-3.1.5-py2.py3-none-any.whl (250 kB)
2025-08-21T20:55:11.4909283Z Using cached psycopg2_binary-2.9.10-cp312-cp312-manylinux_2_17_x86_64.manylinux2014_x86_64.whl (3.0 MB)
2025-08-21T20:55:11.4941631Z Using cached psycopg-3.2.9-py3-none-any.whl (202 kB)
2025-08-21T20:55:11.4953462Z Using cached pytest_asyncio-1.1.0-py3-none-any.whl (15 kB)
2025-08-21T20:55:11.4964062Z Using cached pytest_cov-6.2.1-py3-none-any.whl (24 kB)
2025-08-21T20:55:11.4974803Z Using cached pytest_postgresql-7.0.2-py3-none-any.whl (41 kB)
2025-08-21T20:55:11.4985714Z Using cached python_telegram_bot-22.3-py3-none-any.whl (717 kB)
2025-08-21T20:55:11.5001849Z Using cached requests-2.32.4-py3-none-any.whl (64 kB)
2025-08-21T20:55:11.5012781Z Using cached respx-0.22.0-py2.py3-none-any.whl (25 kB)
2025-08-21T20:55:11.5023844Z Using cached ruff-0.9.9-py3-none-manylinux_2_17_x86_64.manylinux2014_x86_64.whl (11.2 MB)
2025-08-21T20:55:11.5113963Z Using cached sqlalchemy-2.0.43-cp312-cp312-manylinux_2_17_x86_64.manylinux2014_x86_64.whl (3.3 MB)
2025-08-21T20:55:11.5147832Z Using cached structlog-24.1.0-py3-none-any.whl (65 kB)
2025-08-21T20:55:11.5159083Z Using cached testcontainers-4.12.0-py3-none-any.whl (111 kB)
2025-08-21T20:55:11.5171116Z Using cached types_requests-2.32.4.20250809-py3-none-any.whl (20 kB)
2025-08-21T20:55:11.5182213Z Using cached docspec_python-2.2.2-py3-none-any.whl (15 kB)
2025-08-21T20:55:11.5193235Z Using cached pydoc_markdown-4.8.2-py3-none-any.whl (67 kB)
2025-08-21T20:55:11.5204547Z Using cached docspec-2.2.1-py3-none-any.whl (9.8 kB)
2025-08-21T20:55:11.5216233Z Using cached psycopg_binary-3.2.9-cp312-cp312-manylinux_2_17_x86_64.manylinux2014_x86_64.whl (4.4 MB)
2025-08-21T20:55:11.5259162Z Using cached pydantic_core-2.33.2-cp312-cp312-manylinux_2_17_x86_64.manylinux2014_x86_64.whl (2.0 MB)
2025-08-21T20:55:11.5283882Z Using cached redis-6.4.0-py3-none-any.whl (279 kB)
2025-08-21T20:55:11.5297014Z Using cached minio-7.2.16-py3-none-any.whl (95 kB)
2025-08-21T20:55:11.5308263Z Using cached httpx-0.28.1-py3-none-any.whl (73 kB)
2025-08-21T20:55:11.5319786Z Using cached mypy-1.17.1-cp312-cp312-manylinux2014_x86_64.manylinux_2_17_x86_64.manylinux_2_28_x86_64.whl (12.7 MB)
2025-08-21T20:55:11.5420163Z Using cached numpy-1.26.4-cp312-cp312-manylinux_2_17_x86_64.manylinux2014_x86_64.whl (18.0 MB)
2025-08-21T20:55:11.5557231Z Using cached pandas-2.2.3-cp312-cp312-manylinux_2_17_x86_64.manylinux2014_x86_64.whl (12.7 MB)
2025-08-21T20:55:11.5658016Z Using cached pandera-0.19.3-py3-none-any.whl (251 kB)
2025-08-21T20:55:11.5670005Z Using cached billiard-4.2.1-py3-none-any.whl (86 kB)
2025-08-21T20:55:11.5682082Z Using cached charset_normalizer-3.4.3-cp312-cp312-manylinux2014_x86_64.manylinux_2_17_x86_64.manylinux_2_28_x86_64.whl (151 kB)
2025-08-21T20:55:11.5693172Z Using cached click-8.2.1-py3-none-any.whl (102 kB)
2025-08-21T20:55:11.5704683Z Using cached databind.core-4.5.2-py3-none-any.whl (1.5 kB)
2025-08-21T20:55:11.5715594Z Using cached databind-4.5.2-py3-none-any.whl (49 kB)
2025-08-21T20:55:11.5726488Z Using cached databind.json-4.5.2-py3-none-any.whl (1.5 kB)
2025-08-21T20:55:11.5737210Z Using cached Deprecated-1.2.18-py2.py3-none-any.whl (10.0 kB)
2025-08-21T20:55:11.5747754Z Using cached httpcore-1.0.9-py3-none-any.whl (78 kB)
2025-08-21T20:55:11.5758779Z Using cached idna-3.10-py3-none-any.whl (70 kB)
2025-08-21T20:55:11.5769717Z Using cached kombu-5.5.4-py3-none-any.whl (210 kB)
2025-08-21T20:55:11.5781501Z Using cached vine-5.1.0-py3-none-any.whl (9.6 kB)
2025-08-21T20:55:11.5792000Z Using cached amqp-5.3.1-py3-none-any.whl (50 kB)
2025-08-21T20:55:11.5802818Z Using cached multimethod-1.10-py3-none-any.whl (9.9 kB)
2025-08-21T20:55:11.5813131Z Using cached nr_date-2.1.0-py3-none-any.whl (10 kB)
2025-08-21T20:55:11.5823751Z Using cached nr_stream-1.1.5-py3-none-any.whl (10 kB)
2025-08-21T20:55:11.5834445Z Using cached nr.util-0.8.12-py3-none-any.whl (90 kB)
2025-08-21T20:55:11.5845715Z Using cached pytest-8.4.1-py3-none-any.whl (365 kB)
2025-08-21T20:55:11.5859032Z Using cached pluggy-1.6.0-py3-none-any.whl (20 kB)
2025-08-21T20:55:11.5870101Z Using cached PyYAML-6.0.2-cp312-cp312-manylinux_2_17_x86_64.manylinux2014_x86_64.whl (767 kB)
2025-08-21T20:55:11.5885726Z Using cached starlette-0.47.2-py3-none-any.whl (72 kB)
2025-08-21T20:55:11.5896895Z Using cached anyio-4.10.0-py3-none-any.whl (107 kB)
2025-08-21T20:55:11.5908502Z Using cached tomli-2.2.1-cp312-cp312-manylinux_2_17_x86_64.manylinux2014_x86_64.whl (242 kB)
2025-08-21T20:55:11.5920372Z Using cached tomli_w-1.2.0-py3-none-any.whl (6.7 kB)
2025-08-21T20:55:11.5930883Z Using cached typeapi-2.2.4-py3-none-any.whl (26 kB)
2025-08-21T20:55:11.5941841Z Using cached typing_extensions-4.14.1-py3-none-any.whl (43 kB)
2025-08-21T20:55:11.5952627Z Using cached urllib3-2.5.0-py3-none-any.whl (129 kB)
2025-08-21T20:55:11.5964548Z Using cached wrapt-1.17.3-cp312-cp312-manylinux1_x86_64.manylinux_2_28_x86_64.manylinux_2_5_x86_64.whl (88 kB)
2025-08-21T20:55:11.6004894Z Downloading boto3-1.40.15-py3-none-any.whl (140 kB)
2025-08-21T20:55:11.6208589Z Downloading botocore-1.40.15-py3-none-any.whl (14.0 MB)
2025-08-21T20:55:11.6760423Z    ━━━━━━━━━━━━━━━━━━━━━━━━━━━━━━━━━━━━━━━━ 14.0/14.0 MB 264.5 MB/s  0:00:00
2025-08-21T20:55:11.6772748Z Using cached jmespath-1.0.1-py3-none-any.whl (20 kB)
2025-08-21T20:55:11.6784604Z Using cached python_dateutil-2.9.0.post0-py2.py3-none-any.whl (229 kB)
2025-08-21T20:55:11.6797593Z Using cached s3transfer-0.13.1-py3-none-any.whl (85 kB)
2025-08-21T20:55:11.6809450Z Using cached itsdangerous-2.2.0-py3-none-any.whl (16 kB)
2025-08-21T20:55:11.6820568Z Using cached setuptools-80.9.0-py3-none-any.whl (1.2 MB)
2025-08-21T20:55:11.6840561Z Using cached python_dotenv-1.1.1-py3-none-any.whl (20 kB)
2025-08-21T20:55:11.6852132Z Using cached python_multipart-0.0.20-py3-none-any.whl (24 kB)
2025-08-21T20:55:11.6863175Z Using cached annotated_types-0.7.0-py3-none-any.whl (13 kB)
2025-08-21T20:55:11.6874182Z Using cached certifi-2025.8.3-py3-none-any.whl (161 kB)
2025-08-21T20:55:11.6887196Z Using cached click_didyoumean-0.3.1-py3-none-any.whl (3.6 kB)
2025-08-21T20:55:11.6898947Z Using cached click_plugins-1.1.1.2-py2.py3-none-any.whl (11 kB)
2025-08-21T20:55:11.6910071Z Using cached click_repl-0.3.0-py3-none-any.whl (10 kB)
2025-08-21T20:55:11.6921708Z Using cached coverage-7.10.4-cp312-cp312-manylinux1_x86_64.manylinux_2_28_x86_64.manylinux_2_5_x86_64.whl (251 kB)
2025-08-21T20:55:11.6934101Z Using cached email_validator-2.2.0-py3-none-any.whl (33 kB)
2025-08-21T20:55:11.6945633Z Using cached dnspython-2.7.0-py3-none-any.whl (313 kB)
2025-08-21T20:55:11.6959145Z Using cached fastapi_cli-0.0.8-py3-none-any.whl (10 kB)
2025-08-21T20:55:11.6970385Z Using cached fastapi_cloud_cli-0.1.5-py3-none-any.whl (18 kB)
2025-08-21T20:55:11.6982437Z Using cached greenlet-3.2.4-cp312-cp312-manylinux_2_24_x86_64.manylinux_2_28_x86_64.whl (607 kB)
2025-08-21T20:55:11.6999018Z Using cached h11-0.16.0-py3-none-any.whl (37 kB)
2025-08-21T20:55:11.7010711Z Using cached iniconfig-2.1.0-py3-none-any.whl (6.0 kB)
2025-08-21T20:55:11.7022148Z Using cached MarkupSafe-3.0.2-cp312-cp312-manylinux_2_17_x86_64.manylinux2014_x86_64.whl (23 kB)
2025-08-21T20:55:11.7033276Z Using cached mirakuru-2.6.1-py3-none-any.whl (26 kB)
2025-08-21T20:55:11.7044823Z Using cached orjson-3.11.2-cp312-cp312-manylinux_2_17_x86_64.manylinux2014_x86_64.whl (121 kB)
2025-08-21T20:55:11.7056925Z Using cached packaging-25.0-py3-none-any.whl (66 kB)
2025-08-21T20:55:11.7068334Z Using cached pathspec-0.12.1-py3-none-any.whl (31 kB)
2025-08-21T20:55:11.7079545Z Using cached platformdirs-4.3.8-py3-none-any.whl (18 kB)
2025-08-21T20:55:11.7090607Z Using cached port_for-0.7.4-py3-none-any.whl (21 kB)
2025-08-21T20:55:11.7101951Z Using cached prompt_toolkit-3.0.51-py3-none-any.whl (387 kB)
2025-08-21T20:55:11.7116388Z Using cached psutil-7.0.0-cp36-abi3-manylinux_2_12_x86_64.manylinux2010_x86_64.manylinux_2_17_x86_64.manylinux2014_x86_64.whl (277 kB)
2025-08-21T20:55:11.7129488Z Using cached pydantic_extra_types-2.10.5-py3-none-any.whl (38 kB)
2025-08-21T20:55:11.7141403Z Using cached pydantic_settings-2.10.1-py3-none-any.whl (45 kB)
2025-08-21T20:55:11.7152867Z Using cached pygments-2.19.2-py3-none-any.whl (1.2 MB)
2025-08-21T20:55:11.7173091Z Using cached pytz-2025.2-py2.py3-none-any.whl (509 kB)
2025-08-21T20:55:11.7188069Z Using cached rich_toolkit-0.15.0-py3-none-any.whl (29 kB)
2025-08-21T20:55:11.7199399Z Using cached rich-14.1.0-py3-none-any.whl (243 kB)
2025-08-21T20:55:11.7212197Z Using cached markdown_it_py-4.0.0-py3-none-any.whl (87 kB)
2025-08-21T20:55:11.7223769Z Using cached mdurl-0.1.2-py3-none-any.whl (10.0 kB)
2025-08-21T20:55:11.7235220Z Using cached rignore-0.6.4-cp312-cp312-manylinux_2_17_x86_64.manylinux2014_x86_64.whl (949 kB)
2025-08-21T20:55:11.7253853Z Using cached sentry_sdk-2.35.0-py2.py3-none-any.whl (363 kB)
2025-08-21T20:55:11.7267619Z Using cached six-1.17.0-py2.py3-none-any.whl (11 kB)
2025-08-21T20:55:11.7278830Z Using cached sniffio-1.3.1-py3-none-any.whl (10 kB)
2025-08-21T20:55:11.7289949Z Using cached typer-0.16.1-py3-none-any.whl (46 kB)
2025-08-21T20:55:11.7301216Z Using cached shellingham-1.5.4-py2.py3-none-any.whl (9.8 kB)
2025-08-21T20:55:11.7312265Z Using cached typing_inspect-0.9.0-py3-none-any.whl (8.8 kB)
2025-08-21T20:55:11.7323499Z Using cached typing_inspection-0.4.1-py3-none-any.whl (14 kB)
2025-08-21T20:55:11.7334886Z Using cached tzdata-2025.2-py2.py3-none-any.whl (347 kB)
2025-08-21T20:55:11.7348877Z Using cached tzlocal-5.3.1-py3-none-any.whl (18 kB)
2025-08-21T20:55:11.7360275Z Using cached ujson-5.11.0-cp312-cp312-manylinux_2_24_x86_64.manylinux_2_28_x86_64.whl (57 kB)
2025-08-21T20:55:11.7371639Z Using cached uvicorn-0.35.0-py3-none-any.whl (66 kB)
2025-08-21T20:55:11.7383918Z Using cached httptools-0.6.4-cp312-cp312-manylinux_2_5_x86_64.manylinux1_x86_64.manylinux_2_17_x86_64.manylinux2014_x86_64.whl (510 kB)
2025-08-21T20:55:11.7399631Z Using cached uvloop-0.21.0-cp312-cp312-manylinux_2_17_x86_64.manylinux2014_x86_64.whl (4.7 MB)
2025-08-21T20:55:11.7444940Z Using cached watchfiles-1.1.0-cp312-cp312-manylinux_2_17_x86_64.manylinux2014_x86_64.whl (452 kB)
2025-08-21T20:55:11.7459938Z Using cached websockets-15.0.1-cp312-cp312-manylinux_2_5_x86_64.manylinux1_x86_64.manylinux_2_17_x86_64.manylinux2014_x86_64.whl (182 kB)
2025-08-21T20:55:11.7471954Z Using cached yapf-0.43.0-py3-none-any.whl (256 kB)
2025-08-21T20:55:11.7484559Z Using cached argon2_cffi-25.1.0-py3-none-any.whl (14 kB)
2025-08-21T20:55:11.7496360Z Using cached argon2_cffi_bindings-25.1.0-cp39-abi3-manylinux_2_26_x86_64.manylinux_2_28_x86_64.whl (87 kB)
2025-08-21T20:55:11.7508525Z Using cached cffi-1.17.1-cp312-cp312-manylinux_2_17_x86_64.manylinux2014_x86_64.whl (479 kB)
2025-08-21T20:55:11.7522922Z Using cached docker-7.1.0-py3-none-any.whl (147 kB)
2025-08-21T20:55:11.7535063Z Using cached et_xmlfile-2.0.0-py3-none-any.whl (18 kB)
2025-08-21T20:55:11.7546589Z Using cached mako-1.3.10-py3-none-any.whl (78 kB)
2025-08-21T20:55:11.7558238Z Using cached pycparser-2.22-py3-none-any.whl (117 kB)
2025-08-21T20:55:11.7570792Z Using cached pycryptodome-3.23.0-cp37-abi3-manylinux_2_17_x86_64.manylinux2014_x86_64.whl (2.3 MB)
2025-08-21T20:55:11.7597780Z Using cached toml-0.10.2-py2.py3-none-any.whl (16 kB)
2025-08-21T20:55:11.7608847Z Using cached typeguard-4.4.4-py3-none-any.whl (34 kB)
2025-08-21T20:55:11.7620326Z Using cached watchdog-6.0.0-py3-none-manylinux2014_x86_64.whl (79 kB)
2025-08-21T20:55:11.7631894Z Using cached wcwidth-0.2.13-py2.py3-none-any.whl (34 kB)
2025-08-21T20:55:12.2378357Z Installing collected packages: wcwidth, pytz, wrapt, websockets, watchdog, vine, uvloop, urllib3, ujson, tzlocal, tzdata, typing-extensions, tomli_w, tomli, toml, structlog, sniffio, six, shellingham, setuptools, ruff, rignore, redis, PyYAML, python-multipart, python-dotenv, pygments, pycryptodome, pycparser, psycopg2-binary, psycopg-binary, psutil, prompt-toolkit, port-for, pluggy, platformdirs, pathspec, packaging, orjson, numpy, nr-stream, nr-date, mypy-extensions, multimethod, mdurl, MarkupSafe, jmespath, itsdangerous, iniconfig, imapclient, idna, httptools, h11, greenlet, et-xmlfile, docstring-parser, dnspython, coverage, click, charset_normalizer, certifi, billiard, asyncpg, annotated-types, yapf, vulture, uvicorn, typing-inspection, typing-inspect, types-requests, typeguard, typeapi, sqlalchemy, sentry-sdk, requests, python-dateutil, pytest, pydantic-core, psycopg, openpyxl, mypy, mirakuru, markdown-it-py, Mako, Jinja2, httpcore, email-validator, Deprecated, click-repl, click-plugins, click-didyoumean, cffi, black, apscheduler, anyio, amqp, watchfiles, starlette, rich, pytest-postgresql, pytest-cov, pytest-asyncio, pydantic, pandas, nr-util, kombu, httpx, docker, databind, botocore, argon2-cffi-bindings, alembic, typer, testcontainers, s3transfer, rich-toolkit, respx, python-telegram-bot, pydantic-settings, pydantic-extra-types, pandera, fastapi, databind.json, databind.core, celery, asgi-correlation-id, argon2-cffi, minio, fastapi-limiter, fastapi-cloud-cli, fastapi-cli, docspec, boto3, docspec-python, pydoc-markdown
2025-08-21T20:55:32.1308269Z 
2025-08-21T20:55:32.1434105Z Successfully installed Deprecated-1.2.18 Jinja2-3.1.6 Mako-1.3.10 MarkupSafe-3.0.2 PyYAML-6.0.2 alembic-1.16.4 amqp-5.3.1 annotated-types-0.7.0 anyio-4.10.0 apscheduler-3.10.4 argon2-cffi-25.1.0 argon2-cffi-bindings-25.1.0 asgi-correlation-id-4.3.1 asyncpg-0.30.0 billiard-4.2.1 black-25.1.0 boto3-1.40.15 botocore-1.40.15 celery-5.5.3 certifi-2025.8.3 cffi-1.17.1 charset_normalizer-3.4.3 click-8.2.1 click-didyoumean-0.3.1 click-plugins-1.1.1.2 click-repl-0.3.0 coverage-7.10.4 databind-4.5.2 databind.core-4.5.2 databind.json-4.5.2 dnspython-2.7.0 docker-7.1.0 docspec-2.2.1 docspec-python-2.2.2 docstring-parser-0.11 email-validator-2.2.0 et-xmlfile-2.0.0 fastapi-0.116.1 fastapi-cli-0.0.8 fastapi-cloud-cli-0.1.5 fastapi-limiter-0.1.6 greenlet-3.2.4 h11-0.16.0 httpcore-1.0.9 httptools-0.6.4 httpx-0.28.1 idna-3.10 imapclient-3.0.1 iniconfig-2.1.0 itsdangerous-2.2.0 jmespath-1.0.1 kombu-5.5.4 markdown-it-py-4.0.0 mdurl-0.1.2 minio-7.2.16 mirakuru-2.6.1 multimethod-1.10 mypy-1.17.1 mypy-extensions-1.1.0 nr-date-2.1.0 nr-stream-1.1.5 nr-util-0.8.12 numpy-1.26.4 openpyxl-3.1.5 orjson-3.11.2 packaging-25.0 pandas-2.2.3 pandera-0.19.3 pathspec-0.12.1 platformdirs-4.3.8 pluggy-1.6.0 port-for-0.7.4 prompt-toolkit-3.0.51 psutil-7.0.0 psycopg-3.2.9 psycopg-binary-3.2.9 psycopg2-binary-2.9.10 pycparser-2.22 pycryptodome-3.23.0 pydantic-2.11.7 pydantic-core-2.33.2 pydantic-extra-types-2.10.5 pydantic-settings-2.10.1 pydoc-markdown-4.8.2 pygments-2.19.2 pytest-8.4.1 pytest-asyncio-1.1.0 pytest-cov-6.2.1 pytest-postgresql-7.0.2 python-dateutil-2.9.0.post0 python-dotenv-1.1.1 python-multipart-0.0.20 python-telegram-bot-22.3 pytz-2025.2 redis-6.4.0 requests-2.32.4 respx-0.22.0 rich-14.1.0 rich-toolkit-0.15.0 rignore-0.6.4 ruff-0.9.9 s3transfer-0.13.1 sentry-sdk-2.35.0 setuptools-80.9.0 shellingham-1.5.4 six-1.17.0 sniffio-1.3.1 sqlalchemy-2.0.43 starlette-0.47.2 structlog-24.1.0 testcontainers-4.12.0 toml-0.10.2 tomli-2.2.1 tomli_w-1.2.0 typeapi-2.2.4 typeguard-4.4.4 typer-0.16.1 types-requests-2.32.4.20250809 typing-extensions-4.14.1 typing-inspect-0.9.0 typing-inspection-0.4.1 tzdata-2025.2 tzlocal-5.3.1 ujson-5.11.0 urllib3-2.5.0 uvicorn-0.35.0 uvloop-0.21.0 vine-5.1.0 vulture-2.10 watchdog-6.0.0 watchfiles-1.1.0 wcwidth-0.2.13 websockets-15.0.1 wrapt-1.17.3 yapf-0.43.0
2025-08-21T20:55:34.0999043Z Collecting keepa==1.3.15
2025-08-21T20:55:34.1013660Z   Using cached keepa-1.3.15-py3-none-any.whl.metadata (11 kB)
2025-08-21T20:55:34.1292086Z Collecting minio==7.1.15
2025-08-21T20:55:34.1306244Z   Using cached minio-7.1.15-py3-none-any.whl.metadata (4.2 kB)
2025-08-21T20:55:34.1336215Z Requirement already satisfied: numpy>=1.9.3 in /opt/hostedtoolcache/Python/3.12.11/x64/lib/python3.12/site-packages (from keepa==1.3.15) (1.26.4)
2025-08-21T20:55:34.1341268Z Requirement already satisfied: requests>=2.2 in /opt/hostedtoolcache/Python/3.12.11/x64/lib/python3.12/site-packages (from keepa==1.3.15) (2.32.4)
2025-08-21T20:55:34.1659524Z Collecting tqdm (from keepa==1.3.15)
2025-08-21T20:55:34.1672375Z   Using cached tqdm-4.67.1-py3-none-any.whl.metadata (57 kB)
2025-08-21T20:55:34.6596536Z Collecting aiohttp (from keepa==1.3.15)
2025-08-21T20:55:34.6611195Z   Using cached aiohttp-3.12.15-cp312-cp312-manylinux_2_17_x86_64.manylinux2014_x86_64.whl.metadata (7.7 kB)
2025-08-21T20:55:34.6647876Z Requirement already satisfied: pandas<=3.0 in /opt/hostedtoolcache/Python/3.12.11/x64/lib/python3.12/site-packages (from keepa==1.3.15) (2.2.3)
2025-08-21T20:55:34.6652004Z Requirement already satisfied: pydantic in /opt/hostedtoolcache/Python/3.12.11/x64/lib/python3.12/site-packages (from keepa==1.3.15) (2.11.7)
2025-08-21T20:55:34.6659810Z Requirement already satisfied: certifi in /opt/hostedtoolcache/Python/3.12.11/x64/lib/python3.12/site-packages (from minio==7.1.15) (2025.8.3)
2025-08-21T20:55:34.6663015Z Requirement already satisfied: urllib3 in /opt/hostedtoolcache/Python/3.12.11/x64/lib/python3.12/site-packages (from minio==7.1.15) (2.5.0)
2025-08-21T20:55:34.6723013Z Requirement already satisfied: python-dateutil>=2.8.2 in /opt/hostedtoolcache/Python/3.12.11/x64/lib/python3.12/site-packages (from pandas<=3.0->keepa==1.3.15) (2.9.0.post0)
2025-08-21T20:55:34.6728128Z Requirement already satisfied: pytz>=2020.1 in /opt/hostedtoolcache/Python/3.12.11/x64/lib/python3.12/site-packages (from pandas<=3.0->keepa==1.3.15) (2025.2)
2025-08-21T20:55:34.6733192Z Requirement already satisfied: tzdata>=2022.7 in /opt/hostedtoolcache/Python/3.12.11/x64/lib/python3.12/site-packages (from pandas<=3.0->keepa==1.3.15) (2025.2)
2025-08-21T20:55:34.6861648Z Requirement already satisfied: six>=1.5 in /opt/hostedtoolcache/Python/3.12.11/x64/lib/python3.12/site-packages (from python-dateutil>=2.8.2->pandas<=3.0->keepa==1.3.15) (1.17.0)
2025-08-21T20:55:34.6881240Z Requirement already satisfied: charset_normalizer<4,>=2 in /opt/hostedtoolcache/Python/3.12.11/x64/lib/python3.12/site-packages (from requests>=2.2->keepa==1.3.15) (3.4.3)
2025-08-21T20:55:34.6888134Z Requirement already satisfied: idna<4,>=2.5 in /opt/hostedtoolcache/Python/3.12.11/x64/lib/python3.12/site-packages (from requests>=2.2->keepa==1.3.15) (3.10)
2025-08-21T20:55:34.7102940Z Collecting aiohappyeyeballs>=2.5.0 (from aiohttp->keepa==1.3.15)
2025-08-21T20:55:34.7116228Z   Using cached aiohappyeyeballs-2.6.1-py3-none-any.whl.metadata (5.9 kB)
2025-08-21T20:55:34.7200863Z Collecting aiosignal>=1.4.0 (from aiohttp->keepa==1.3.15)
2025-08-21T20:55:34.7213197Z   Using cached aiosignal-1.4.0-py3-none-any.whl.metadata (3.7 kB)
2025-08-21T20:55:34.7368824Z Collecting attrs>=17.3.0 (from aiohttp->keepa==1.3.15)
2025-08-21T20:55:34.7381329Z   Using cached attrs-25.3.0-py3-none-any.whl.metadata (10 kB)
2025-08-21T20:55:34.8073110Z Collecting frozenlist>=1.1.1 (from aiohttp->keepa==1.3.15)
2025-08-21T20:55:34.8087453Z   Using cached frozenlist-1.7.0-cp312-cp312-manylinux_2_5_x86_64.manylinux1_x86_64.manylinux_2_17_x86_64.manylinux2014_x86_64.whl.metadata (18 kB)
2025-08-21T20:55:35.0601297Z Collecting multidict<7.0,>=4.5 (from aiohttp->keepa==1.3.15)
2025-08-21T20:55:35.0616406Z   Using cached multidict-6.6.4-cp312-cp312-manylinux2014_x86_64.manylinux_2_17_x86_64.manylinux_2_28_x86_64.whl.metadata (5.3 kB)
2025-08-21T20:55:35.1038098Z Collecting propcache>=0.2.0 (from aiohttp->keepa==1.3.15)
2025-08-21T20:55:35.1052174Z   Using cached propcache-0.3.2-cp312-cp312-manylinux_2_17_x86_64.manylinux2014_x86_64.whl.metadata (12 kB)
2025-08-21T20:55:35.3453545Z Collecting yarl<2.0,>=1.17.0 (from aiohttp->keepa==1.3.15)
2025-08-21T20:55:35.3468511Z   Using cached yarl-1.20.1-cp312-cp312-manylinux_2_17_x86_64.manylinux2014_x86_64.whl.metadata (73 kB)
2025-08-21T20:55:35.3691463Z Requirement already satisfied: typing-extensions>=4.2 in /opt/hostedtoolcache/Python/3.12.11/x64/lib/python3.12/site-packages (from aiosignal>=1.4.0->aiohttp->keepa==1.3.15) (4.14.1)
2025-08-21T20:55:35.3741748Z Requirement already satisfied: annotated-types>=0.6.0 in /opt/hostedtoolcache/Python/3.12.11/x64/lib/python3.12/site-packages (from pydantic->keepa==1.3.15) (0.7.0)
2025-08-21T20:55:35.3747252Z Requirement already satisfied: pydantic-core==2.33.2 in /opt/hostedtoolcache/Python/3.12.11/x64/lib/python3.12/site-packages (from pydantic->keepa==1.3.15) (2.33.2)
2025-08-21T20:55:35.3754296Z Requirement already satisfied: typing-inspection>=0.4.0 in /opt/hostedtoolcache/Python/3.12.11/x64/lib/python3.12/site-packages (from pydantic->keepa==1.3.15) (0.4.1)
2025-08-21T20:55:35.3816626Z Using cached keepa-1.3.15-py3-none-any.whl (38 kB)
2025-08-21T20:55:35.3828096Z Using cached minio-7.1.15-py3-none-any.whl (77 kB)
2025-08-21T20:55:35.3839832Z Using cached aiohttp-3.12.15-cp312-cp312-manylinux_2_17_x86_64.manylinux2014_x86_64.whl (1.7 MB)
2025-08-21T20:55:35.3863176Z Using cached multidict-6.6.4-cp312-cp312-manylinux2014_x86_64.manylinux_2_17_x86_64.manylinux_2_28_x86_64.whl (256 kB)
2025-08-21T20:55:35.3875497Z Using cached yarl-1.20.1-cp312-cp312-manylinux_2_17_x86_64.manylinux2014_x86_64.whl (355 kB)
2025-08-21T20:55:35.3888931Z Using cached aiohappyeyeballs-2.6.1-py3-none-any.whl (15 kB)
2025-08-21T20:55:35.3899683Z Using cached aiosignal-1.4.0-py3-none-any.whl (7.5 kB)
2025-08-21T20:55:35.3910410Z Using cached attrs-25.3.0-py3-none-any.whl (63 kB)
2025-08-21T20:55:35.3922090Z Using cached frozenlist-1.7.0-cp312-cp312-manylinux_2_5_x86_64.manylinux1_x86_64.manylinux_2_17_x86_64.manylinux2014_x86_64.whl (241 kB)
2025-08-21T20:55:35.3934442Z Using cached propcache-0.3.2-cp312-cp312-manylinux_2_17_x86_64.manylinux2014_x86_64.whl (224 kB)
2025-08-21T20:55:35.3947409Z Using cached tqdm-4.67.1-py3-none-any.whl (78 kB)
2025-08-21T20:55:35.5765225Z Installing collected packages: tqdm, propcache, multidict, minio, frozenlist, attrs, aiohappyeyeballs, yarl, aiosignal, aiohttp, keepa
2025-08-21T20:55:35.6521908Z   Attempting uninstall: minio
2025-08-21T20:55:35.6572277Z     Found existing installation: minio 7.2.16
2025-08-21T20:55:35.6609719Z     Uninstalling minio-7.2.16:
2025-08-21T20:55:35.6620731Z       Successfully uninstalled minio-7.2.16
2025-08-21T20:55:36.0310868Z 
2025-08-21T20:55:36.0429393Z Successfully installed aiohappyeyeballs-2.6.1 aiohttp-3.12.15 aiosignal-1.4.0 attrs-25.3.0 frozenlist-1.7.0 keepa-1.3.15 minio-7.1.15 multidict-6.6.4 propcache-0.3.2 tqdm-4.67.1 yarl-1.20.1
2025-08-21T20:55:36.2173019Z ##[group]Run ruff check .
2025-08-21T20:55:36.2173296Z [36;1mruff check .[0m
2025-08-21T20:55:36.2173504Z [36;1mruff format --check .[0m
2025-08-21T20:55:36.2173728Z [36;1mvulture[0m
2025-08-21T20:55:36.2214520Z shell: /usr/bin/bash -e {0}
2025-08-21T20:55:36.2214747Z env:
2025-08-21T20:55:36.2214952Z   REDIS_URL: redis://localhost:6379/0
2025-08-21T20:55:36.2215211Z   RATE_LIMIT_DEFAULT: 100/minute
2025-08-21T20:55:36.2215627Z   TRUST_X_FORWARDED: 1
2025-08-21T20:55:36.2215827Z   PG_USER: postgres
2025-08-21T20:55:36.2216013Z   PG_PASSWORD: pass
2025-08-21T20:55:36.2216198Z   PG_DATABASE: awa
2025-08-21T20:55:36.2216382Z   PG_HOST: localhost
2025-08-21T20:55:36.2216563Z   PG_PORT: 5432
2025-08-21T20:55:36.2217003Z   PG_SYNC_DSN: ***localhost:5432/awa
2025-08-21T20:55:36.2217391Z   PG_ASYNC_DSN: ***localhost:5432/awa
2025-08-21T20:55:36.2217769Z   DATABASE_URL: ***localhost:5432/awa
2025-08-21T20:55:36.2218004Z   DATA_DIR: /tmp/awa-data
2025-08-21T20:55:36.2218242Z   ENABLE_LIVE: 0
2025-08-21T20:55:36.2218415Z   TESTING: 1
2025-08-21T20:55:36.2218642Z   pythonLocation: /opt/hostedtoolcache/Python/3.12.11/x64
2025-08-21T20:55:36.2219032Z   PKG_CONFIG_PATH: /opt/hostedtoolcache/Python/3.12.11/x64/lib/pkgconfig
2025-08-21T20:55:36.2219433Z   Python_ROOT_DIR: /opt/hostedtoolcache/Python/3.12.11/x64
2025-08-21T20:55:36.2219772Z   Python2_ROOT_DIR: /opt/hostedtoolcache/Python/3.12.11/x64
2025-08-21T20:55:36.2220120Z   Python3_ROOT_DIR: /opt/hostedtoolcache/Python/3.12.11/x64
2025-08-21T20:55:36.2220468Z   LD_LIBRARY_PATH: /opt/hostedtoolcache/Python/3.12.11/x64/lib
2025-08-21T20:55:36.2220761Z ##[endgroup]
2025-08-21T20:55:36.2505766Z All checks passed!
2025-08-21T20:55:36.2734125Z 258 files already formatted
2025-08-21T20:55:36.3307968Z ##[group]Run for i in {1..30}; do pg_isready -h "$PG_HOST" -p "$PG_PORT" -U "$PG_USER" -d "$PG_DATABASE" && break; sleep 1; done
2025-08-21T20:55:36.3308797Z [36;1mfor i in {1..30}; do pg_isready -h "$PG_HOST" -p "$PG_PORT" -U "$PG_USER" -d "$PG_DATABASE" && break; sleep 1; done[0m
2025-08-21T20:55:36.3350156Z shell: /usr/bin/bash -e {0}
2025-08-21T20:55:36.3350394Z env:
2025-08-21T20:55:36.3350593Z   REDIS_URL: redis://localhost:6379/0
2025-08-21T20:55:36.3350850Z   RATE_LIMIT_DEFAULT: 100/minute
2025-08-21T20:55:36.3351077Z   TRUST_X_FORWARDED: 1
2025-08-21T20:55:36.3351280Z   PG_USER: postgres
2025-08-21T20:55:36.3351471Z   PG_PASSWORD: pass
2025-08-21T20:55:36.3351651Z   PG_DATABASE: awa
2025-08-21T20:55:36.3351826Z   PG_HOST: localhost
2025-08-21T20:55:36.3352012Z   PG_PORT: 5432
2025-08-21T20:55:36.3352458Z   PG_SYNC_DSN: ***localhost:5432/awa
2025-08-21T20:55:36.3352853Z   PG_ASYNC_DSN: ***localhost:5432/awa
2025-08-21T20:55:36.3353277Z   DATABASE_URL: ***localhost:5432/awa
2025-08-21T20:55:36.3353512Z   DATA_DIR: /tmp/awa-data
2025-08-21T20:55:36.3353717Z   ENABLE_LIVE: 0
2025-08-21T20:55:36.3353901Z   TESTING: 1
2025-08-21T20:55:36.3354139Z   pythonLocation: /opt/hostedtoolcache/Python/3.12.11/x64
2025-08-21T20:55:36.3354527Z   PKG_CONFIG_PATH: /opt/hostedtoolcache/Python/3.12.11/x64/lib/pkgconfig
2025-08-21T20:55:36.3354907Z   Python_ROOT_DIR: /opt/hostedtoolcache/Python/3.12.11/x64
2025-08-21T20:55:36.3355251Z   Python2_ROOT_DIR: /opt/hostedtoolcache/Python/3.12.11/x64
2025-08-21T20:55:36.3355810Z   Python3_ROOT_DIR: /opt/hostedtoolcache/Python/3.12.11/x64
2025-08-21T20:55:36.3356163Z   LD_LIBRARY_PATH: /opt/hostedtoolcache/Python/3.12.11/x64/lib
2025-08-21T20:55:36.3356460Z ##[endgroup]
2025-08-21T20:55:36.4573703Z localhost:5432 - accepting connections
2025-08-21T20:55:36.4613634Z ##[group]Run psql -h "$PG_HOST" -p "$PG_PORT" -U "$PG_USER" -d "$PG_DATABASE" -c "SELECT 1"
2025-08-21T20:55:36.4614153Z [36;1mpsql -h "$PG_HOST" -p "$PG_PORT" -U "$PG_USER" -d "$PG_DATABASE" -c "SELECT 1"[0m
2025-08-21T20:55:36.4656271Z shell: /usr/bin/bash -e {0}
2025-08-21T20:55:36.4656494Z env:
2025-08-21T20:55:36.4656716Z   REDIS_URL: redis://localhost:6379/0
2025-08-21T20:55:36.4656974Z   RATE_LIMIT_DEFAULT: 100/minute
2025-08-21T20:55:36.4657202Z   TRUST_X_FORWARDED: 1
2025-08-21T20:55:36.4657398Z   PG_USER: postgres
2025-08-21T20:55:36.4657593Z   PG_PASSWORD: pass
2025-08-21T20:55:36.4657788Z   PG_DATABASE: awa
2025-08-21T20:55:36.4657966Z   PG_HOST: localhost
2025-08-21T20:55:36.4658157Z   PG_PORT: 5432
2025-08-21T20:55:36.4658611Z   PG_SYNC_DSN: ***localhost:5432/awa
2025-08-21T20:55:36.4658993Z   PG_ASYNC_DSN: ***localhost:5432/awa
2025-08-21T20:55:36.4659368Z   DATABASE_URL: ***localhost:5432/awa
2025-08-21T20:55:36.4659597Z   DATA_DIR: /tmp/awa-data
2025-08-21T20:55:36.4659846Z   ENABLE_LIVE: 0
2025-08-21T20:55:36.4660016Z   TESTING: 1
2025-08-21T20:55:36.4660257Z   pythonLocation: /opt/hostedtoolcache/Python/3.12.11/x64
2025-08-21T20:55:36.4660651Z   PKG_CONFIG_PATH: /opt/hostedtoolcache/Python/3.12.11/x64/lib/pkgconfig
2025-08-21T20:55:36.4661032Z   Python_ROOT_DIR: /opt/hostedtoolcache/Python/3.12.11/x64
2025-08-21T20:55:36.4661378Z   Python2_ROOT_DIR: /opt/hostedtoolcache/Python/3.12.11/x64
2025-08-21T20:55:36.4661733Z   Python3_ROOT_DIR: /opt/hostedtoolcache/Python/3.12.11/x64
2025-08-21T20:55:36.4662080Z   LD_LIBRARY_PATH: /opt/hostedtoolcache/Python/3.12.11/x64/lib
2025-08-21T20:55:36.4662369Z   PGPASSWORD: pass
2025-08-21T20:55:36.4662554Z ##[endgroup]
2025-08-21T20:55:36.5757417Z  ?column? 
2025-08-21T20:55:36.5757756Z ----------
2025-08-21T20:55:36.5758033Z         1
2025-08-21T20:55:36.5758285Z (1 row)
2025-08-21T20:55:36.5758445Z 
2025-08-21T20:55:36.5799397Z ##[group]Run alembic -c services/api/alembic.ini upgrade head
2025-08-21T20:55:36.5799817Z [36;1malembic -c services/api/alembic.ini upgrade head[0m
2025-08-21T20:55:36.5842274Z shell: /usr/bin/bash -e {0}
2025-08-21T20:55:36.5842497Z env:
2025-08-21T20:55:36.5842700Z   REDIS_URL: redis://localhost:6379/0
2025-08-21T20:55:36.5842967Z   RATE_LIMIT_DEFAULT: 100/minute
2025-08-21T20:55:36.5843184Z   TRUST_X_FORWARDED: 1
2025-08-21T20:55:36.5843558Z   PG_USER: postgres
2025-08-21T20:55:36.5843750Z   PG_PASSWORD: pass
2025-08-21T20:55:36.5843926Z   PG_DATABASE: awa
2025-08-21T20:55:36.5844109Z   PG_HOST: localhost
2025-08-21T20:55:36.5844296Z   PG_PORT: 5432
2025-08-21T20:55:36.5844737Z   PG_SYNC_DSN: ***localhost:5432/awa
2025-08-21T20:55:36.5845135Z   PG_ASYNC_DSN: ***localhost:5432/awa
2025-08-21T20:55:36.5845719Z   DATABASE_URL: ***localhost:5432/awa
2025-08-21T20:55:36.5845952Z   DATA_DIR: /tmp/awa-data
2025-08-21T20:55:36.5846155Z   ENABLE_LIVE: 0
2025-08-21T20:55:36.5846362Z   TESTING: 1
2025-08-21T20:55:36.5846593Z   pythonLocation: /opt/hostedtoolcache/Python/3.12.11/x64
2025-08-21T20:55:36.5846976Z   PKG_CONFIG_PATH: /opt/hostedtoolcache/Python/3.12.11/x64/lib/pkgconfig
2025-08-21T20:55:36.5847356Z   Python_ROOT_DIR: /opt/hostedtoolcache/Python/3.12.11/x64
2025-08-21T20:55:36.5847694Z   Python2_ROOT_DIR: /opt/hostedtoolcache/Python/3.12.11/x64
2025-08-21T20:55:36.5848047Z   Python3_ROOT_DIR: /opt/hostedtoolcache/Python/3.12.11/x64
2025-08-21T20:55:36.5848404Z   LD_LIBRARY_PATH: /opt/hostedtoolcache/Python/3.12.11/x64/lib
2025-08-21T20:55:36.5848690Z ##[endgroup]
2025-08-21T20:55:37.8813475Z INFO  [alembic.runtime.migration] Context impl PostgresqlImpl.
2025-08-21T20:55:37.8814075Z INFO  [alembic.runtime.migration] Will assume transactional DDL.
2025-08-21T20:55:37.9031161Z ERROR [alembic.util.messaging] Multiple head revisions are present for given argument 'head'; please specify a specific target revision, '<branchname>@head' to narrow to a specific head, or 'heads' for all heads
2025-08-21T20:55:37.9033868Z FAILED: Multiple head revisions are present for given argument 'head'; please specify a specific target revision, '<branchname>@head' to narrow to a specific head, or 'heads' for all heads
2025-08-21T20:55:37.9954248Z ##[error]Process completed with exit code 255.
2025-08-21T20:55:38.0049970Z Post job cleanup.
2025-08-21T20:55:38.0877723Z [command]/usr/bin/git version
2025-08-21T20:55:38.0914837Z git version 2.51.0
2025-08-21T20:55:38.0953149Z Temporarily overriding HOME='/home/runner/work/_temp/e76177d8-a8df-4136-9f76-f90ae74e468c' before making global git config changes
2025-08-21T20:55:38.0954587Z Adding repository directory to the temporary git global config as a safe directory
2025-08-21T20:55:38.0959060Z [command]/usr/bin/git config --global --add safe.directory /home/runner/work/AWA-App/AWA-App
2025-08-21T20:55:38.0999542Z [command]/usr/bin/git config --local --name-only --get-regexp core\.sshCommand
2025-08-21T20:55:38.1034917Z [command]/usr/bin/git submodule foreach --recursive sh -c "git config --local --name-only --get-regexp 'core\.sshCommand' && git config --local --unset-all 'core.sshCommand' || :"
2025-08-21T20:55:38.1270011Z [command]/usr/bin/git config --local --name-only --get-regexp http\.https\:\/\/github\.com\/\.extraheader
2025-08-21T20:55:38.1296299Z http.https://github.com/.extraheader
2025-08-21T20:55:38.1306951Z [command]/usr/bin/git config --local --unset-all http.https://github.com/.extraheader
2025-08-21T20:55:38.1341288Z [command]/usr/bin/git submodule foreach --recursive sh -c "git config --local --name-only --get-regexp 'http\.https\:\/\/github\.com\/\.extraheader' && git config --local --unset-all 'http.https://github.com/.extraheader' || :"
2025-08-21T20:55:38.1673430Z Print service container logs: e2cb142c04324fbfac5b69364c463b8e_postgres15_f947c2
2025-08-21T20:55:38.1678097Z ##[command]/usr/bin/docker logs --details 04064594b3a18422e4da9d653401a30ba8dd0acf6a13107ee5258c2e7d2e4b5d
2025-08-21T20:55:38.1810545Z  The files belonging to this database system will be owned by user "postgres".
2025-08-21T20:55:38.1813933Z  initdb: warning: enabling "trust" authentication for local connections
2025-08-21T20:55:38.1815023Z  initdb: hint: You can change this by editing pg_hba.conf or using the option -A, or --auth-local and --auth-host, the next time you run initdb.
2025-08-21T20:55:38.1816639Z  2025-08-21 20:54:46.811 UTC [1] LOG:  starting PostgreSQL 15.14 (Debian 15.14-1.pgdg13+1) on x86_64-pc-linux-gnu, compiled by gcc (Debian 14.2.0-19) 14.2.0, 64-bit
2025-08-21T20:55:38.1818061Z  2025-08-21 20:54:46.811 UTC [1] LOG:  listening on IPv4 address "0.0.0.0", port 5432
2025-08-21T20:55:38.1818812Z  2025-08-21 20:54:46.811 UTC [1] LOG:  listening on IPv6 address "::", port 5432
2025-08-21T20:55:38.1819565Z  2025-08-21 20:54:46.813 UTC [1] LOG:  listening on Unix socket "/var/run/postgresql/.s.PGSQL.5432"
2025-08-21T20:55:38.1820305Z  2025-08-21 20:54:46.817 UTC [64] LOG:  database system was shut down at 2025-08-21 20:54:46 UTC
2025-08-21T20:55:38.1820973Z  2025-08-21 20:54:46.821 UTC [1] LOG:  database system is ready to accept connections
2025-08-21T20:55:38.1821551Z  This user must also own the server process.
2025-08-21T20:55:38.1821952Z  
2025-08-21T20:55:38.1822339Z  The database cluster will be initialized with locale "en_US.utf8".
2025-08-21T20:55:38.1822987Z  The default database encoding has accordingly been set to "UTF8".
2025-08-21T20:55:38.1823601Z  The default text search configuration will be set to "english".
2025-08-21T20:55:38.1824096Z  
2025-08-21T20:55:38.1824359Z  Data page checksums are disabled.
2025-08-21T20:55:38.1824718Z  
2025-08-21T20:55:38.1825154Z  fixing permissions on existing directory /var/lib/postgresql/data ... ok
2025-08-21T20:55:38.1825953Z  creating subdirectories ... ok
2025-08-21T20:55:38.1826397Z  selecting dynamic shared memory implementation ... posix
2025-08-21T20:55:38.1826892Z  selecting default max_connections ... 100
2025-08-21T20:55:38.1827305Z  selecting default shared_buffers ... 128MB
2025-08-21T20:55:38.1827712Z  selecting default time zone ... Etc/UTC
2025-08-21T20:55:38.1828122Z  creating configuration files ... ok
2025-08-21T20:55:38.1828533Z  running bootstrap script ... ok
2025-08-21T20:55:38.1828970Z  performing post-bootstrap initialization ... ok
2025-08-21T20:55:38.1829426Z  syncing data to disk ... ok
2025-08-21T20:55:38.1829752Z  
2025-08-21T20:55:38.1829986Z  
2025-08-21T20:55:38.1830297Z  Success. You can now start the database server using:
2025-08-21T20:55:38.1830747Z  
2025-08-21T20:55:38.1831324Z      pg_ctl -D /var/lib/postgresql/data -l logfile start
2025-08-21T20:55:38.1831871Z  
2025-08-21T20:55:38.1832756Z  waiting for server to start....2025-08-21 20:54:46.488 UTC [48] LOG:  starting PostgreSQL 15.14 (Debian 15.14-1.pgdg13+1) on x86_64-pc-linux-gnu, compiled by gcc (Debian 14.2.0-19) 14.2.0, 64-bit
2025-08-21T20:55:38.1833937Z  2025-08-21 20:54:46.489 UTC [48] LOG:  listening on Unix socket "/var/run/postgresql/.s.PGSQL.5432"
2025-08-21T20:55:38.1834479Z  2025-08-21 20:54:46.491 UTC [51] LOG:  database system was shut down at 2025-08-21 20:54:46 UTC
2025-08-21T20:55:38.1834923Z  2025-08-21 20:54:46.495 UTC [48] LOG:  database system is ready to accept connections
2025-08-21T20:55:38.1835241Z   done
2025-08-21T20:55:38.1835614Z  server started
2025-08-21T20:55:38.1835799Z  CREATE DATABASE
2025-08-21T20:55:38.1835968Z  
2025-08-21T20:55:38.1836115Z  
2025-08-21T20:55:38.1836413Z  /usr/local/bin/docker-entrypoint.sh: ignoring /docker-entrypoint-initdb.d/*
2025-08-21T20:55:38.1836785Z  
2025-08-21T20:55:38.1837001Z  2025-08-21 20:54:46.684 UTC [48] LOG:  received fast shutdown request
2025-08-21T20:55:38.1837713Z  waiting for server to shut down....2025-08-21 20:54:46.685 UTC [48] LOG:  aborting any active transactions
2025-08-21T20:55:38.1838316Z  2025-08-21 20:54:46.687 UTC [48] LOG:  background worker "logical replication launcher" (PID 54) exited with exit code 1
2025-08-21T20:55:38.1838774Z  2025-08-21 20:54:46.687 UTC [49] LOG:  shutting down
2025-08-21T20:55:38.1839108Z  2025-08-21 20:54:46.688 UTC [49] LOG:  checkpoint starting: shutdown immediate
2025-08-21T20:55:38.1839924Z  2025-08-21 20:54:46.708 UTC [49] LOG:  checkpoint complete: wrote 922 buffers (5.6%); 0 WAL file(s) added, 0 removed, 0 recycled; write=0.017 s, sync=0.002 s, total=0.021 s; sync files=301, longest=0.001 s, average=0.001 s; distance=4239 kB, estimate=4239 kB
2025-08-21T20:55:38.1840733Z  2025-08-21 20:54:46.716 UTC [48] LOG:  database system is shut down
2025-08-21T20:55:38.1841156Z   done
2025-08-21T20:55:38.1841316Z  server stopped
2025-08-21T20:55:38.1841483Z  
2025-08-21T20:55:38.1841687Z  PostgreSQL init process complete; ready for start up.
2025-08-21T20:55:38.1841954Z  
2025-08-21T20:55:38.1848167Z Stop and remove container: e2cb142c04324fbfac5b69364c463b8e_postgres15_f947c2
2025-08-21T20:55:38.1853120Z ##[command]/usr/bin/docker rm --force 04064594b3a18422e4da9d653401a30ba8dd0acf6a13107ee5258c2e7d2e4b5d
2025-08-21T20:55:39.3428073Z 04064594b3a18422e4da9d653401a30ba8dd0acf6a13107ee5258c2e7d2e4b5d
2025-08-21T20:55:39.3449925Z Print service container logs: 2f5966fcb3eb4eb792d3f01df96102c3_redis7alpine_cfe8b8
2025-08-21T20:55:39.3451203Z ##[command]/usr/bin/docker logs --details 11fecd058be18d1b27f893eae3f52ffaf69ecb7bf226a22d15e42dc50dec8ed7
2025-08-21T20:55:39.3582707Z  1:C 21 Aug 2025 20:54:47.391 # WARNING Memory overcommit must be enabled! Without it, a background save or replication may fail under low memory condition. Being disabled, it can also cause failures without low memory condition, see https://github.com/jemalloc/jemalloc/issues/1328. To fix this issue add 'vm.overcommit_memory = 1' to /etc/sysctl.conf and then reboot or run the command 'sysctl vm.overcommit_memory=1' for this to take effect.
2025-08-21T20:55:39.3584345Z  1:C 21 Aug 2025 20:54:47.391 * oO0OoO0OoO0Oo Redis is starting oO0OoO0OoO0Oo
2025-08-21T20:55:39.3584826Z  1:C 21 Aug 2025 20:54:47.391 * Redis version=7.4.5, bits=64, commit=00000000, modified=0, pid=1, just started
2025-08-21T20:55:39.3585826Z  1:C 21 Aug 2025 20:54:47.391 # Warning: no config file specified, using the default config. In order to specify a config file use redis-server /path/to/redis.conf
2025-08-21T20:55:39.3586444Z  1:M 21 Aug 2025 20:54:47.392 * monotonic clock: POSIX clock_gettime
2025-08-21T20:55:39.3586798Z  1:M 21 Aug 2025 20:54:47.392 * Running mode=standalone, port=6379.
2025-08-21T20:55:39.3587112Z  1:M 21 Aug 2025 20:54:47.393 * Server initialized
2025-08-21T20:55:39.3587409Z  1:M 21 Aug 2025 20:54:47.393 * Ready to accept connections tcp
2025-08-21T20:55:39.3596246Z Stop and remove container: 2f5966fcb3eb4eb792d3f01df96102c3_redis7alpine_cfe8b8
2025-08-21T20:55:39.3597025Z ##[command]/usr/bin/docker rm --force 11fecd058be18d1b27f893eae3f52ffaf69ecb7bf226a22d15e42dc50dec8ed7
2025-08-21T20:55:39.4671241Z 11fecd058be18d1b27f893eae3f52ffaf69ecb7bf226a22d15e42dc50dec8ed7
2025-08-21T20:55:39.4696252Z Remove container network: github_network_3739335a67b54d5cb77c6b598d218735
2025-08-21T20:55:39.4700835Z ##[command]/usr/bin/docker network rm github_network_3739335a67b54d5cb77c6b598d218735
2025-08-21T20:55:39.5914825Z github_network_3739335a67b54d5cb77c6b598d218735
2025-08-21T20:55:39.5978107Z Cleaning up orphan processes
