2025-08-20T21:19:14.9148974Z Current runner version: '2.328.0'
2025-08-20T21:19:14.9181946Z ##[group]Runner Image Provisioner
2025-08-20T21:19:14.9183114Z Hosted Compute Agent
2025-08-20T21:19:14.9183694Z Version: 20250818.377
2025-08-20T21:19:14.9184291Z Commit: 3c593e9f75fe0b87e893bca80d6e12ba089c61fc
2025-08-20T21:19:14.9185021Z Build Date: 2025-08-18T14:52:18Z
2025-08-20T21:19:14.9185586Z ##[endgroup]
2025-08-20T21:19:14.9186137Z ##[group]Operating System
2025-08-20T21:19:14.9186634Z Ubuntu
2025-08-20T21:19:14.9187172Z 24.04.2
2025-08-20T21:19:14.9187598Z LTS
2025-08-20T21:19:14.9188034Z ##[endgroup]
2025-08-20T21:19:14.9188588Z ##[group]Runner Image
2025-08-20T21:19:14.9189158Z Image: ubuntu-24.04
2025-08-20T21:19:14.9189617Z Version: 20250818.1.0
2025-08-20T21:19:14.9191036Z Included Software: https://github.com/actions/runner-images/blob/ubuntu24/20250818.1/images/ubuntu/Ubuntu2404-Readme.md
2025-08-20T21:19:14.9192581Z Image Release: https://github.com/actions/runner-images/releases/tag/ubuntu24%2F20250818.1
2025-08-20T21:19:14.9193850Z ##[endgroup]
2025-08-20T21:19:14.9196269Z ##[group]GITHUB_TOKEN Permissions
2025-08-20T21:19:14.9198607Z Actions: write
2025-08-20T21:19:14.9199114Z Attestations: write
2025-08-20T21:19:14.9199615Z Checks: write
2025-08-20T21:19:14.9200145Z Contents: write
2025-08-20T21:19:14.9200600Z Deployments: write
2025-08-20T21:19:14.9201124Z Discussions: write
2025-08-20T21:19:14.9201613Z Issues: write
2025-08-20T21:19:14.9202108Z Metadata: read
2025-08-20T21:19:14.9202537Z Models: read
2025-08-20T21:19:14.9203307Z Packages: write
2025-08-20T21:19:14.9203806Z Pages: write
2025-08-20T21:19:14.9204325Z PullRequests: write
2025-08-20T21:19:14.9204791Z RepositoryProjects: write
2025-08-20T21:19:14.9205401Z SecurityEvents: write
2025-08-20T21:19:14.9206008Z Statuses: write
2025-08-20T21:19:14.9206510Z ##[endgroup]
2025-08-20T21:19:14.9208898Z Secret source: Actions
2025-08-20T21:19:14.9209751Z Prepare workflow directory
2025-08-20T21:19:14.9667476Z Prepare all required actions
2025-08-20T21:19:14.9704858Z Getting action download info
2025-08-20T21:19:15.2982291Z Download action repository 'actions/checkout@v4' (SHA:08eba0b27e820071cde6df949e0beb9ba4906955)
2025-08-20T21:19:15.3684975Z Download action repository 'actions/setup-python@v5' (SHA:a26af69be951a213d495a4c3e4e4022e16d87065)
2025-08-20T21:19:15.6178482Z Download action repository 'actions/upload-artifact@v4' (SHA:ea165f8d65b6e75b540449e92b4886f43607fa02)
2025-08-20T21:19:15.9652195Z Complete job name: unit
2025-08-20T21:19:16.0149896Z ##[group]Checking docker version
2025-08-20T21:19:16.0163168Z ##[command]/usr/bin/docker version --format '{{.Server.APIVersion}}'
2025-08-20T21:19:16.0794437Z '1.48'
2025-08-20T21:19:16.0806719Z Docker daemon API version: '1.48'
2025-08-20T21:19:16.0807445Z ##[command]/usr/bin/docker version --format '{{.Client.APIVersion}}'
2025-08-20T21:19:16.0960012Z '1.48'
2025-08-20T21:19:16.0973381Z Docker client API version: '1.48'
2025-08-20T21:19:16.0978657Z ##[endgroup]
2025-08-20T21:19:16.0981459Z ##[group]Clean up resources from previous jobs
2025-08-20T21:19:16.0987234Z ##[command]/usr/bin/docker ps --all --quiet --no-trunc --filter "label=cfbb20"
2025-08-20T21:19:16.1129555Z ##[command]/usr/bin/docker network prune --force --filter "label=cfbb20"
2025-08-20T21:19:16.1257853Z ##[endgroup]
2025-08-20T21:19:16.1258335Z ##[group]Create local container network
2025-08-20T21:19:16.1268917Z ##[command]/usr/bin/docker network create --label cfbb20 github_network_31193f87d53f4b0789f38961257e2131
2025-08-20T21:19:16.1748484Z df37c9a9ccb41781f2dbfad96ed35cbb24fa1e9bb1ddcf6117b3e795cfd52c33
2025-08-20T21:19:16.1766885Z ##[endgroup]
2025-08-20T21:19:16.1790128Z ##[group]Starting postgres service container
2025-08-20T21:19:16.1809288Z ##[command]/usr/bin/docker pull postgres:15
2025-08-20T21:19:16.6628313Z 15: Pulling from library/postgres
2025-08-20T21:19:16.7769023Z 396b1da7636e: Pulling fs layer
2025-08-20T21:19:16.7769940Z fca2566eba32: Pulling fs layer
2025-08-20T21:19:16.7770541Z 631fe8c6d606: Pulling fs layer
2025-08-20T21:19:16.7771128Z 77c7671c4414: Pulling fs layer
2025-08-20T21:19:16.7772216Z 2d9e29180a27: Pulling fs layer
2025-08-20T21:19:16.7773079Z c6bcc2c9a041: Pulling fs layer
2025-08-20T21:19:16.7773711Z ac4b721eb66f: Pulling fs layer
2025-08-20T21:19:16.7774414Z 606bd164980e: Pulling fs layer
2025-08-20T21:19:16.7775000Z f5dfd246bc6e: Pulling fs layer
2025-08-20T21:19:16.7775548Z ba7036bb0a60: Pulling fs layer
2025-08-20T21:19:16.7775917Z 799f859abbbd: Pulling fs layer
2025-08-20T21:19:16.7776277Z d903e777080c: Pulling fs layer
2025-08-20T21:19:16.7776665Z 04adcb462801: Pulling fs layer
2025-08-20T21:19:16.7776995Z 5c10925b29ff: Pulling fs layer
2025-08-20T21:19:16.7777324Z 606bd164980e: Waiting
2025-08-20T21:19:16.7777619Z f5dfd246bc6e: Waiting
2025-08-20T21:19:16.7777903Z ba7036bb0a60: Waiting
2025-08-20T21:19:16.7778187Z 799f859abbbd: Waiting
2025-08-20T21:19:16.7778462Z d903e777080c: Waiting
2025-08-20T21:19:16.7778744Z 04adcb462801: Waiting
2025-08-20T21:19:16.7779023Z 5c10925b29ff: Waiting
2025-08-20T21:19:16.7779296Z 77c7671c4414: Waiting
2025-08-20T21:19:16.7779612Z 2d9e29180a27: Waiting
2025-08-20T21:19:16.7779904Z c6bcc2c9a041: Waiting
2025-08-20T21:19:16.7780190Z ac4b721eb66f: Waiting
2025-08-20T21:19:16.9063975Z fca2566eba32: Verifying Checksum
2025-08-20T21:19:16.9064871Z fca2566eba32: Download complete
2025-08-20T21:19:16.9405156Z 631fe8c6d606: Verifying Checksum
2025-08-20T21:19:16.9411376Z 631fe8c6d606: Download complete
2025-08-20T21:19:17.0061081Z 396b1da7636e: Verifying Checksum
2025-08-20T21:19:17.0061913Z 396b1da7636e: Download complete
2025-08-20T21:19:17.1400719Z c6bcc2c9a041: Download complete
2025-08-20T21:19:17.1840126Z 2d9e29180a27: Verifying Checksum
2025-08-20T21:19:17.1841067Z 2d9e29180a27: Download complete
2025-08-20T21:19:17.1963307Z 77c7671c4414: Verifying Checksum
2025-08-20T21:19:17.1964141Z 77c7671c4414: Download complete
2025-08-20T21:19:17.2661289Z ac4b721eb66f: Download complete
2025-08-20T21:19:17.3846910Z 606bd164980e: Download complete
2025-08-20T21:19:17.3920480Z ba7036bb0a60: Verifying Checksum
2025-08-20T21:19:17.3921717Z ba7036bb0a60: Download complete
2025-08-20T21:19:17.5180298Z 799f859abbbd: Verifying Checksum
2025-08-20T21:19:17.5185167Z 799f859abbbd: Download complete
2025-08-20T21:19:17.5224555Z d903e777080c: Verifying Checksum
2025-08-20T21:19:17.5225123Z d903e777080c: Download complete
2025-08-20T21:19:17.6431522Z 5c10925b29ff: Verifying Checksum
2025-08-20T21:19:17.6432192Z 5c10925b29ff: Download complete
2025-08-20T21:19:17.7024977Z 04adcb462801: Download complete
2025-08-20T21:19:18.0169785Z 396b1da7636e: Pull complete
2025-08-20T21:19:19.4930792Z fca2566eba32: Pull complete
2025-08-20T21:19:19.6279623Z f5dfd246bc6e: Verifying Checksum
2025-08-20T21:19:19.6280251Z f5dfd246bc6e: Download complete
2025-08-20T21:19:19.7174010Z 631fe8c6d606: Pull complete
2025-08-20T21:19:19.7671122Z 77c7671c4414: Pull complete
2025-08-20T21:19:20.1095717Z 2d9e29180a27: Pull complete
2025-08-20T21:19:20.1987932Z c6bcc2c9a041: Pull complete
2025-08-20T21:19:20.2126113Z ac4b721eb66f: Pull complete
2025-08-20T21:19:20.2292502Z 606bd164980e: Pull complete
2025-08-20T21:19:23.2940079Z f5dfd246bc6e: Pull complete
2025-08-20T21:19:23.3217808Z ba7036bb0a60: Pull complete
2025-08-20T21:19:23.3383078Z 799f859abbbd: Pull complete
2025-08-20T21:19:23.3525875Z d903e777080c: Pull complete
2025-08-20T21:19:23.3701808Z 04adcb462801: Pull complete
2025-08-20T21:19:23.3861093Z 5c10925b29ff: Pull complete
2025-08-20T21:19:23.3929516Z Digest: sha256:bc51cf4f1fe02cce7ed2370b20128a9b00b4eb804573a77d2a0d877aaa9c82b1
2025-08-20T21:19:23.3946969Z Status: Downloaded newer image for postgres:15
2025-08-20T21:19:23.3956542Z docker.io/library/postgres:15
2025-08-20T21:19:23.4015378Z ##[command]/usr/bin/docker create --name edddc0ef394c4162a5e6c7eca272919e_postgres15_4b9705 --label cfbb20 --network github_network_31193f87d53f4b0789f38961257e2131 --network-alias postgres -p 5432:5432 --health-cmd="pg_isready -U postgres -d awa" --health-interval=5s --health-timeout=5s --health-retries=10 -e "POSTGRES_USER=postgres" -e "POSTGRES_PASSWORD=pass" -e "POSTGRES_DB=awa" -e GITHUB_ACTIONS=true -e CI=true postgres:15
2025-08-20T21:19:23.4576503Z bb98c8e049970d284bfb1d3d3a83c81d177b8bec2236788d6f17e5cc672636c5
2025-08-20T21:19:23.4596853Z ##[command]/usr/bin/docker start bb98c8e049970d284bfb1d3d3a83c81d177b8bec2236788d6f17e5cc672636c5
2025-08-20T21:19:25.5219034Z bb98c8e049970d284bfb1d3d3a83c81d177b8bec2236788d6f17e5cc672636c5
2025-08-20T21:19:25.5238879Z ##[command]/usr/bin/docker ps --all --filter id=bb98c8e049970d284bfb1d3d3a83c81d177b8bec2236788d6f17e5cc672636c5 --filter status=running --no-trunc --format "{{.ID}} {{.Status}}"
2025-08-20T21:19:25.5364392Z bb98c8e049970d284bfb1d3d3a83c81d177b8bec2236788d6f17e5cc672636c5 Up 2 seconds (health: starting)
2025-08-20T21:19:25.5387030Z ##[command]/usr/bin/docker port bb98c8e049970d284bfb1d3d3a83c81d177b8bec2236788d6f17e5cc672636c5
2025-08-20T21:19:25.5510727Z 5432/tcp -> 0.0.0.0:5432
2025-08-20T21:19:25.5511613Z 5432/tcp -> [::]:5432
2025-08-20T21:19:25.5556785Z ##[endgroup]
2025-08-20T21:19:25.5557703Z ##[group]Starting redis service container
2025-08-20T21:19:25.5558961Z ##[command]/usr/bin/docker pull redis:7-alpine
2025-08-20T21:19:26.0045974Z 7-alpine: Pulling from library/redis
2025-08-20T21:19:26.1316618Z 0368fd46e3c6: Pulling fs layer
2025-08-20T21:19:26.1317092Z 4c55286bbede: Pulling fs layer
2025-08-20T21:19:26.1317947Z 5e28347af205: Pulling fs layer
2025-08-20T21:19:26.1318469Z 311eca34042e: Pulling fs layer
2025-08-20T21:19:26.1318909Z e6fe6f07e192: Pulling fs layer
2025-08-20T21:19:26.1319284Z a2cadbfeca72: Pulling fs layer
2025-08-20T21:19:26.1319658Z 4f4fb700ef54: Pulling fs layer
2025-08-20T21:19:26.1320021Z a976ed7e7808: Pulling fs layer
2025-08-20T21:19:26.1320382Z e6fe6f07e192: Waiting
2025-08-20T21:19:26.1320689Z a2cadbfeca72: Waiting
2025-08-20T21:19:26.1321015Z 4f4fb700ef54: Waiting
2025-08-20T21:19:26.1321324Z a976ed7e7808: Waiting
2025-08-20T21:19:26.1321618Z 311eca34042e: Waiting
2025-08-20T21:19:26.2616018Z 5e28347af205: Verifying Checksum
2025-08-20T21:19:26.2616947Z 5e28347af205: Download complete
2025-08-20T21:19:26.2663274Z 4c55286bbede: Verifying Checksum
2025-08-20T21:19:26.2664913Z 4c55286bbede: Download complete
2025-08-20T21:19:26.3954903Z 311eca34042e: Download complete
2025-08-20T21:19:26.4707137Z 0368fd46e3c6: Verifying Checksum
2025-08-20T21:19:26.5243810Z a2cadbfeca72: Verifying Checksum
2025-08-20T21:19:26.5244335Z a2cadbfeca72: Download complete
2025-08-20T21:19:26.5755729Z 0368fd46e3c6: Pull complete
2025-08-20T21:19:26.6009997Z 4c55286bbede: Pull complete
2025-08-20T21:19:26.6624470Z 4f4fb700ef54: Verifying Checksum
2025-08-20T21:19:26.6624752Z 4f4fb700ef54: Download complete
2025-08-20T21:19:26.7181603Z a976ed7e7808: Verifying Checksum
2025-08-20T21:19:26.7460648Z 5e28347af205: Pull complete
2025-08-20T21:19:26.7782169Z 311eca34042e: Pull complete
2025-08-20T21:19:26.8205219Z e6fe6f07e192: Verifying Checksum
2025-08-20T21:19:26.8205675Z e6fe6f07e192: Download complete
2025-08-20T21:19:27.0078225Z e6fe6f07e192: Pull complete
2025-08-20T21:19:27.0290183Z a2cadbfeca72: Pull complete
2025-08-20T21:19:27.0395130Z 4f4fb700ef54: Pull complete
2025-08-20T21:19:27.0533237Z a976ed7e7808: Pull complete
2025-08-20T21:19:27.0590289Z Digest: sha256:bb186d083732f669da90be8b0f975a37812b15e913465bb14d845db72a4e3e08
2025-08-20T21:19:27.0604209Z Status: Downloaded newer image for redis:7-alpine
2025-08-20T21:19:27.0611711Z docker.io/library/redis:7-alpine
2025-08-20T21:19:27.0627955Z ##[command]/usr/bin/docker create --name 5a4ad39ac946454293af662552d90e37_redis7alpine_827907 --label cfbb20 --network github_network_31193f87d53f4b0789f38961257e2131 --network-alias redis -p 6379:6379  -e GITHUB_ACTIONS=true -e CI=true redis:7-alpine
2025-08-20T21:19:27.0876851Z 5faf2649789e8efa56b92b5b30048c6ab6daefa83973608cbb802edb740622a3
2025-08-20T21:19:27.0889914Z ##[command]/usr/bin/docker start 5faf2649789e8efa56b92b5b30048c6ab6daefa83973608cbb802edb740622a3
2025-08-20T21:19:27.2277486Z 5faf2649789e8efa56b92b5b30048c6ab6daefa83973608cbb802edb740622a3
2025-08-20T21:19:27.2297754Z ##[command]/usr/bin/docker ps --all --filter id=5faf2649789e8efa56b92b5b30048c6ab6daefa83973608cbb802edb740622a3 --filter status=running --no-trunc --format "{{.ID}} {{.Status}}"
2025-08-20T21:19:27.2423636Z 5faf2649789e8efa56b92b5b30048c6ab6daefa83973608cbb802edb740622a3 Up Less than a second
2025-08-20T21:19:27.2437606Z ##[command]/usr/bin/docker port 5faf2649789e8efa56b92b5b30048c6ab6daefa83973608cbb802edb740622a3
2025-08-20T21:19:27.2546262Z 6379/tcp -> 0.0.0.0:6379
2025-08-20T21:19:27.2546817Z 6379/tcp -> [::]:6379
2025-08-20T21:19:27.2559655Z ##[endgroup]
2025-08-20T21:19:27.2569410Z ##[group]Waiting for all services to be ready
2025-08-20T21:19:27.2582390Z ##[command]/usr/bin/docker inspect --format="{{if .Config.Healthcheck}}{{print .State.Health.Status}}{{end}}" bb98c8e049970d284bfb1d3d3a83c81d177b8bec2236788d6f17e5cc672636c5
2025-08-20T21:19:27.2690247Z starting
2025-08-20T21:19:27.2710234Z postgres service is starting, waiting 2 seconds before checking again.
2025-08-20T21:19:29.2698707Z ##[command]/usr/bin/docker inspect --format="{{if .Config.Healthcheck}}{{print .State.Health.Status}}{{end}}" bb98c8e049970d284bfb1d3d3a83c81d177b8bec2236788d6f17e5cc672636c5
2025-08-20T21:19:29.2813415Z starting
2025-08-20T21:19:29.2826735Z postgres service is starting, waiting 3 seconds before checking again.
2025-08-20T21:19:33.1623601Z ##[command]/usr/bin/docker inspect --format="{{if .Config.Healthcheck}}{{print .State.Health.Status}}{{end}}" bb98c8e049970d284bfb1d3d3a83c81d177b8bec2236788d6f17e5cc672636c5
2025-08-20T21:19:33.1741865Z healthy
2025-08-20T21:19:33.1760658Z postgres service is healthy.
2025-08-20T21:19:33.1761418Z ##[command]/usr/bin/docker inspect --format="{{if .Config.Healthcheck}}{{print .State.Health.Status}}{{end}}" 5faf2649789e8efa56b92b5b30048c6ab6daefa83973608cbb802edb740622a3
2025-08-20T21:19:33.1882449Z redis service is healthy.
2025-08-20T21:19:33.1883264Z ##[endgroup]
2025-08-20T21:19:33.2189801Z ##[group]Run actions/checkout@v4
2025-08-20T21:19:33.2190326Z with:
2025-08-20T21:19:33.2190524Z   repository: AlexBomber12/AWA-App
2025-08-20T21:19:33.2190908Z   token: ***
2025-08-20T21:19:33.2191091Z   ssh-strict: true
2025-08-20T21:19:33.2191268Z   ssh-user: git
2025-08-20T21:19:33.2191455Z   persist-credentials: true
2025-08-20T21:19:33.2191665Z   clean: true
2025-08-20T21:19:33.2191862Z   sparse-checkout-cone-mode: true
2025-08-20T21:19:33.2192085Z   fetch-depth: 1
2025-08-20T21:19:33.2192260Z   fetch-tags: false
2025-08-20T21:19:33.2192442Z   show-progress: true
2025-08-20T21:19:33.2192625Z   lfs: false
2025-08-20T21:19:33.2192960Z   submodules: false
2025-08-20T21:19:33.2193144Z   set-safe-directory: true
2025-08-20T21:19:33.2193562Z env:
2025-08-20T21:19:33.2193764Z   REDIS_URL: redis://localhost:6379/0
2025-08-20T21:19:33.2194032Z   RATE_LIMIT_DEFAULT: 100/minute
2025-08-20T21:19:33.2194244Z   TRUST_X_FORWARDED: 1
2025-08-20T21:19:33.2194433Z ##[endgroup]
2025-08-20T21:19:33.3234494Z Syncing repository: AlexBomber12/AWA-App
2025-08-20T21:19:33.3235727Z ##[group]Getting Git version info
2025-08-20T21:19:33.3236088Z Working directory is '/home/runner/work/AWA-App/AWA-App'
2025-08-20T21:19:33.3236601Z [command]/usr/bin/git version
2025-08-20T21:19:33.3287945Z git version 2.51.0
2025-08-20T21:19:33.3313986Z ##[endgroup]
2025-08-20T21:19:33.3331246Z Temporarily overriding HOME='/home/runner/work/_temp/e2f5f722-8250-4ef9-b935-dd480e1ef19e' before making global git config changes
2025-08-20T21:19:33.3333497Z Adding repository directory to the temporary git global config as a safe directory
2025-08-20T21:19:33.3347476Z [command]/usr/bin/git config --global --add safe.directory /home/runner/work/AWA-App/AWA-App
2025-08-20T21:19:33.3382419Z Deleting the contents of '/home/runner/work/AWA-App/AWA-App'
2025-08-20T21:19:33.3386671Z ##[group]Initializing the repository
2025-08-20T21:19:33.3390900Z [command]/usr/bin/git init /home/runner/work/AWA-App/AWA-App
2025-08-20T21:19:33.3470264Z hint: Using 'master' as the name for the initial branch. This default branch name
2025-08-20T21:19:33.3471169Z hint: is subject to change. To configure the initial branch name to use in all
2025-08-20T21:19:33.3472317Z hint: of your new repositories, which will suppress this warning, call:
2025-08-20T21:19:33.3472980Z hint:
2025-08-20T21:19:33.3473264Z hint: 	git config --global init.defaultBranch <name>
2025-08-20T21:19:33.3473568Z hint:
2025-08-20T21:19:33.3474060Z hint: Names commonly chosen instead of 'master' are 'main', 'trunk' and
2025-08-20T21:19:33.3474913Z hint: 'development'. The just-created branch can be renamed via this command:
2025-08-20T21:19:33.3475576Z hint:
2025-08-20T21:19:33.3475894Z hint: 	git branch -m <name>
2025-08-20T21:19:33.3476282Z hint:
2025-08-20T21:19:33.3476812Z hint: Disable this message with "git config set advice.defaultBranchName false"
2025-08-20T21:19:33.3477747Z Initialized empty Git repository in /home/runner/work/AWA-App/AWA-App/.git/
2025-08-20T21:19:33.3484852Z [command]/usr/bin/git remote add origin https://github.com/AlexBomber12/AWA-App
2025-08-20T21:19:33.3519524Z ##[endgroup]
2025-08-20T21:19:33.3520123Z ##[group]Disabling automatic garbage collection
2025-08-20T21:19:33.3524815Z [command]/usr/bin/git config --local gc.auto 0
2025-08-20T21:19:33.3552293Z ##[endgroup]
2025-08-20T21:19:33.3553172Z ##[group]Setting up auth
2025-08-20T21:19:33.3559800Z [command]/usr/bin/git config --local --name-only --get-regexp core\.sshCommand
2025-08-20T21:19:33.3589090Z [command]/usr/bin/git submodule foreach --recursive sh -c "git config --local --name-only --get-regexp 'core\.sshCommand' && git config --local --unset-all 'core.sshCommand' || :"
2025-08-20T21:19:33.3897029Z [command]/usr/bin/git config --local --name-only --get-regexp http\.https\:\/\/github\.com\/\.extraheader
2025-08-20T21:19:33.3926487Z [command]/usr/bin/git submodule foreach --recursive sh -c "git config --local --name-only --get-regexp 'http\.https\:\/\/github\.com\/\.extraheader' && git config --local --unset-all 'http.https://github.com/.extraheader' || :"
2025-08-20T21:19:33.4141616Z [command]/usr/bin/git config --local http.https://github.com/.extraheader AUTHORIZATION: basic ***
2025-08-20T21:19:33.4182516Z ##[endgroup]
2025-08-20T21:19:33.4183783Z ##[group]Fetching the repository
2025-08-20T21:19:33.4191680Z [command]/usr/bin/git -c protocol.version=2 fetch --no-tags --prune --no-recurse-submodules --depth=1 origin +678ac500cba64fd82bd9773c784d45976e5fb003:refs/remotes/origin/main
2025-08-20T21:19:33.7703266Z From https://github.com/AlexBomber12/AWA-App
2025-08-20T21:19:33.7704217Z  * [new ref]         678ac500cba64fd82bd9773c784d45976e5fb003 -> origin/main
2025-08-20T21:19:33.7737837Z ##[endgroup]
2025-08-20T21:19:33.7738464Z ##[group]Determining the checkout info
2025-08-20T21:19:33.7739688Z ##[endgroup]
2025-08-20T21:19:33.7745574Z [command]/usr/bin/git sparse-checkout disable
2025-08-20T21:19:33.7790807Z [command]/usr/bin/git config --local --unset-all extensions.worktreeConfig
2025-08-20T21:19:33.7819251Z ##[group]Checking out the ref
2025-08-20T21:19:33.7823389Z [command]/usr/bin/git checkout --progress --force -B main refs/remotes/origin/main
2025-08-20T21:19:33.8174160Z Switched to a new branch 'main'
2025-08-20T21:19:33.8176488Z branch 'main' set up to track 'origin/main'.
2025-08-20T21:19:33.8183839Z ##[endgroup]
2025-08-20T21:19:33.8219935Z [command]/usr/bin/git log -1 --format=%H
2025-08-20T21:19:33.8242902Z 678ac500cba64fd82bd9773c784d45976e5fb003
2025-08-20T21:19:33.8400153Z ##[group]Run cat .env.ci >> "$GITHUB_ENV"
2025-08-20T21:19:33.8400489Z [36;1mcat .env.ci >> "$GITHUB_ENV"[0m
2025-08-20T21:19:33.8401155Z [36;1mecho "DATABASE_URL=***localhost:5432/awa" >> "$GITHUB_ENV"[0m
2025-08-20T21:19:33.8401520Z [36;1mecho "PG_HOST=localhost" >> "$GITHUB_ENV"[0m
2025-08-20T21:19:33.8401815Z [36;1mecho "PG_PORT=5432" >> "$GITHUB_ENV"[0m
2025-08-20T21:19:33.8402095Z [36;1mecho "PG_USER=postgres" >> "$GITHUB_ENV"[0m
2025-08-20T21:19:33.8402373Z [36;1mecho "PG_PASSWORD=pass" >> "$GITHUB_ENV"[0m
2025-08-20T21:19:33.8402646Z [36;1mecho "PG_DATABASE=awa" >> "$GITHUB_ENV"[0m
2025-08-20T21:19:33.8446967Z shell: /usr/bin/bash -e {0}
2025-08-20T21:19:33.8447388Z env:
2025-08-20T21:19:33.8447587Z   REDIS_URL: redis://localhost:6379/0
2025-08-20T21:19:33.8447844Z   RATE_LIMIT_DEFAULT: 100/minute
2025-08-20T21:19:33.8448070Z   TRUST_X_FORWARDED: 1
2025-08-20T21:19:33.8448261Z ##[endgroup]
2025-08-20T21:19:33.8624397Z ##[group]Run actions/setup-python@v5
2025-08-20T21:19:33.8624677Z with:
2025-08-20T21:19:33.8624853Z   python-version: 3.12
2025-08-20T21:19:33.8625059Z   cache: pip
2025-08-20T21:19:33.8625269Z   cache-dependency-path: requirements-dev.txt
2025-08-20T21:19:33.8625538Z   check-latest: false
2025-08-20T21:19:33.8625853Z   token: ***
2025-08-20T21:19:33.8626042Z   update-environment: true
2025-08-20T21:19:33.8626255Z   allow-prereleases: false
2025-08-20T21:19:33.8626457Z   freethreaded: false
2025-08-20T21:19:33.8626635Z env:
2025-08-20T21:19:33.8626810Z   REDIS_URL: redis://localhost:6379/0
2025-08-20T21:19:33.8627060Z   RATE_LIMIT_DEFAULT: 100/minute
2025-08-20T21:19:33.8627266Z   TRUST_X_FORWARDED: 1
2025-08-20T21:19:33.8627450Z   PG_USER: postgres
2025-08-20T21:19:33.8627638Z   PG_PASSWORD: pass
2025-08-20T21:19:33.8627811Z   PG_DATABASE: awa
2025-08-20T21:19:33.8627978Z   PG_HOST: localhost
2025-08-20T21:19:33.8628154Z   PG_PORT: 5432
2025-08-20T21:19:33.8628565Z   PG_SYNC_DSN: ***localhost:5432/awa
2025-08-20T21:19:33.8628950Z   PG_ASYNC_DSN: ***localhost:5432/awa
2025-08-20T21:19:33.8629357Z   DATABASE_URL: ***localhost:5432/awa
2025-08-20T21:19:33.8629581Z   DATA_DIR: /tmp/awa-data
2025-08-20T21:19:33.8629774Z   ENABLE_LIVE: 0
2025-08-20T21:19:33.8629937Z   TESTING: 1
2025-08-20T21:19:33.8630099Z ##[endgroup]
2025-08-20T21:19:34.0251578Z ##[group]Installed versions
2025-08-20T21:19:34.2083396Z Successfully set up CPython (3.12.11)
2025-08-20T21:19:34.2084169Z ##[endgroup]
2025-08-20T21:19:34.2409012Z [command]/opt/hostedtoolcache/Python/3.12.11/x64/bin/pip cache dir
2025-08-20T21:19:38.0191215Z /home/runner/.cache/pip
2025-08-20T21:19:38.2308155Z Cache hit for: setup-python-Linux-x64-24.04-Ubuntu-python-3.12.11-pip-cad4f3141a3acebc51100003b786cdd8b1469fbd1e92da4bdcf4b225e9f8de52
2025-08-20T21:19:39.3804255Z Received 113246208 of 362324030 (31.3%), 107.9 MBs/sec
2025-08-20T21:19:40.3797575Z Received 268435456 of 362324030 (74.1%), 127.8 MBs/sec
2025-08-20T21:19:40.8875867Z Received 362324030 of 362324030 (100.0%), 137.6 MBs/sec
2025-08-20T21:19:40.8878709Z Cache Size: ~346 MB (362324030 B)
2025-08-20T21:19:40.8949383Z [command]/usr/bin/tar -xf /home/runner/work/_temp/9b40a40c-823f-4665-b643-2023eec81ca9/cache.tzst -P -C /home/runner/work/AWA-App/AWA-App --use-compress-program unzstd
2025-08-20T21:19:41.5520510Z Cache restored successfully
2025-08-20T21:19:41.6201394Z Cache restored from key: setup-python-Linux-x64-24.04-Ubuntu-python-3.12.11-pip-cad4f3141a3acebc51100003b786cdd8b1469fbd1e92da4bdcf4b225e9f8de52
2025-08-20T21:19:41.6350581Z ##[group]Run pip install --break-system-packages -r requirements-dev.txt
2025-08-20T21:19:41.6351116Z [36;1mpip install --break-system-packages -r requirements-dev.txt[0m
2025-08-20T21:19:41.6351563Z [36;1mpip install --break-system-packages keepa==1.3.15 minio==7.1.15[0m
2025-08-20T21:19:41.6396364Z shell: /usr/bin/bash -e {0}
2025-08-20T21:19:41.6396595Z env:
2025-08-20T21:19:41.6396812Z   REDIS_URL: redis://localhost:6379/0
2025-08-20T21:19:41.6397081Z   RATE_LIMIT_DEFAULT: 100/minute
2025-08-20T21:19:41.6397304Z   TRUST_X_FORWARDED: 1
2025-08-20T21:19:41.6397508Z   PG_USER: postgres
2025-08-20T21:19:41.6397702Z   PG_PASSWORD: pass
2025-08-20T21:19:41.6397879Z   PG_DATABASE: awa
2025-08-20T21:19:41.6398060Z   PG_HOST: localhost
2025-08-20T21:19:41.6398247Z   PG_PORT: 5432
2025-08-20T21:19:41.6398767Z   PG_SYNC_DSN: ***localhost:5432/awa
2025-08-20T21:19:41.6399225Z   PG_ASYNC_DSN: ***localhost:5432/awa
2025-08-20T21:19:41.6399613Z   DATABASE_URL: ***localhost:5432/awa
2025-08-20T21:19:41.6399877Z   DATA_DIR: /tmp/awa-data
2025-08-20T21:19:41.6400075Z   ENABLE_LIVE: 0
2025-08-20T21:19:41.6400246Z   TESTING: 1
2025-08-20T21:19:41.6400481Z   pythonLocation: /opt/hostedtoolcache/Python/3.12.11/x64
2025-08-20T21:19:41.6401075Z   PKG_CONFIG_PATH: /opt/hostedtoolcache/Python/3.12.11/x64/lib/pkgconfig
2025-08-20T21:19:41.6401466Z   Python_ROOT_DIR: /opt/hostedtoolcache/Python/3.12.11/x64
2025-08-20T21:19:41.6401813Z   Python2_ROOT_DIR: /opt/hostedtoolcache/Python/3.12.11/x64
2025-08-20T21:19:41.6402168Z   Python3_ROOT_DIR: /opt/hostedtoolcache/Python/3.12.11/x64
2025-08-20T21:19:41.6402520Z   LD_LIBRARY_PATH: /opt/hostedtoolcache/Python/3.12.11/x64/lib
2025-08-20T21:19:41.6403125Z ##[endgroup]
2025-08-20T21:19:43.5458715Z Collecting Jinja2==3.1.6 (from -r requirements-dev.txt (line 2))
2025-08-20T21:19:43.5471029Z   Using cached jinja2-3.1.6-py3-none-any.whl.metadata (2.9 kB)
2025-08-20T21:19:43.5687842Z Collecting alembic==1.13.1 (from -r requirements-dev.txt (line 3))
2025-08-20T21:19:43.5699028Z   Using cached alembic-1.13.1-py3-none-any.whl.metadata (7.4 kB)
2025-08-20T21:19:43.5899357Z Collecting apscheduler==3.10.4 (from -r requirements-dev.txt (line 4))
2025-08-20T21:19:43.5910357Z   Using cached APScheduler-3.10.4-py3-none-any.whl.metadata (5.7 kB)
2025-08-20T21:19:43.6086136Z Collecting asgi-correlation-id==4.3.1 (from -r requirements-dev.txt (line 5))
2025-08-20T21:19:43.6096803Z   Using cached asgi_correlation_id-4.3.1-py3-none-any.whl.metadata (28 kB)
2025-08-20T21:19:43.6505721Z Collecting asyncpg==0.30.0 (from -r requirements-dev.txt (line 6))
2025-08-20T21:19:43.6517460Z   Using cached asyncpg-0.30.0-cp312-cp312-manylinux_2_17_x86_64.manylinux2014_x86_64.whl.metadata (5.0 kB)
2025-08-20T21:19:43.6967791Z Collecting black==25.1.0 (from -r requirements-dev.txt (line 7))
2025-08-20T21:19:43.6979216Z   Using cached black-25.1.0-cp312-cp312-manylinux_2_17_x86_64.manylinux2014_x86_64.manylinux_2_28_x86_64.whl.metadata (81 kB)
2025-08-20T21:19:44.0530884Z Collecting boto3 (from -r requirements-dev.txt (line 8))
2025-08-20T21:19:44.0923775Z   Downloading boto3-1.40.14-py3-none-any.whl.metadata (6.7 kB)
2025-08-20T21:19:44.1226142Z Collecting redis==6.* (from -r requirements-dev.txt (line 9))
2025-08-20T21:19:44.1237691Z   Using cached redis-6.4.0-py3-none-any.whl.metadata (10 kB)
2025-08-20T21:19:44.1606531Z Collecting minio==7.* (from -r requirements-dev.txt (line 10))
2025-08-20T21:19:44.1617853Z   Using cached minio-7.2.16-py3-none-any.whl.metadata (6.5 kB)
2025-08-20T21:19:44.1768827Z Collecting vulture==2.10 (from -r requirements-dev.txt (line 11))
2025-08-20T21:19:44.1779594Z   Using cached vulture-2.10-py2.py3-none-any.whl.metadata (23 kB)
2025-08-20T21:19:44.2126040Z Collecting celery==5.5.3 (from -r requirements-dev.txt (line 12))
2025-08-20T21:19:44.2138511Z   Using cached celery-5.5.3-py3-none-any.whl.metadata (22 kB)
2025-08-20T21:19:44.2711064Z Collecting fastapi==0.116.1 (from -r requirements-dev.txt (line 13))
2025-08-20T21:19:44.2722493Z   Using cached fastapi-0.116.1-py3-none-any.whl.metadata (28 kB)
2025-08-20T21:19:44.2888177Z Collecting fastapi-limiter==0.1.6 (from -r requirements-dev.txt (line 15))
2025-08-20T21:19:44.2899144Z   Using cached fastapi_limiter-0.1.6-py3-none-any.whl.metadata (5.3 kB)
2025-08-20T21:19:44.3092180Z Collecting httpx<0.29,>=0.27 (from -r requirements-dev.txt (line 16))
2025-08-20T21:19:44.3103184Z   Using cached httpx-0.28.1-py3-none-any.whl.metadata (7.1 kB)
2025-08-20T21:19:44.3271368Z Collecting imapclient==3.0.1 (from -r requirements-dev.txt (line 17))
2025-08-20T21:19:44.3282294Z   Using cached IMAPClient-3.0.1-py2.py3-none-any.whl.metadata (1.7 kB)
2025-08-20T21:19:44.3380243Z Collecting itsdangerous (from -r requirements-dev.txt (line 18))
2025-08-20T21:19:44.3391179Z   Using cached itsdangerous-2.2.0-py3-none-any.whl.metadata (1.9 kB)
2025-08-20T21:19:44.4369386Z Collecting mypy==1.* (from -r requirements-dev.txt (line 19))
2025-08-20T21:19:44.4381553Z   Using cached mypy-1.17.1-cp312-cp312-manylinux2014_x86_64.manylinux_2_17_x86_64.manylinux_2_28_x86_64.whl.metadata (2.2 kB)
2025-08-20T21:19:44.4492011Z Collecting mypy-extensions==1.1.0 (from -r requirements-dev.txt (line 20))
2025-08-20T21:19:44.4503048Z   Using cached mypy_extensions-1.1.0-py3-none-any.whl.metadata (1.1 kB)
2025-08-20T21:19:44.6272661Z Collecting numpy<2 (from -r requirements-dev.txt (line 21))
2025-08-20T21:19:44.6285338Z   Using cached numpy-1.26.4-cp312-cp312-manylinux_2_17_x86_64.manylinux2014_x86_64.whl.metadata (61 kB)
2025-08-20T21:19:44.6536904Z Collecting openpyxl==3.1.5 (from -r requirements-dev.txt (line 22))
2025-08-20T21:19:44.6547663Z   Using cached openpyxl-3.1.5-py2.py3-none-any.whl.metadata (2.5 kB)
2025-08-20T21:19:44.7571782Z Collecting pandas==2.2.* (from -r requirements-dev.txt (line 23))
2025-08-20T21:19:44.7583404Z   Using cached pandas-2.2.3-cp312-cp312-manylinux_2_17_x86_64.manylinux2014_x86_64.whl.metadata (89 kB)
2025-08-20T21:19:44.8491926Z Collecting psycopg2-binary==2.9.10 (from -r requirements-dev.txt (line 24))
2025-08-20T21:19:44.8503315Z   Using cached psycopg2_binary-2.9.10-cp312-cp312-manylinux_2_17_x86_64.manylinux2014_x86_64.whl.metadata (4.9 kB)
2025-08-20T21:19:44.8662546Z Collecting psycopg==3.2.9 (from psycopg[binary]==3.2.9->-r requirements-dev.txt (line 25))
2025-08-20T21:19:44.8673513Z   Using cached psycopg-3.2.9-py3-none-any.whl.metadata (4.5 kB)
2025-08-20T21:19:44.9740898Z Collecting pydantic==2.11.7 (from -r requirements-dev.txt (line 26))
2025-08-20T21:19:44.9752412Z   Using cached pydantic-2.11.7-py3-none-any.whl.metadata (67 kB)
2025-08-20T21:19:45.1005618Z Collecting setuptools (from -r requirements-dev.txt (line 27))
2025-08-20T21:19:45.1017478Z   Using cached setuptools-80.9.0-py3-none-any.whl.metadata (6.6 kB)
2025-08-20T21:19:45.1269772Z Collecting pytest-asyncio==0.23.6 (from -r requirements-dev.txt (line 28))
2025-08-20T21:19:45.1281163Z   Using cached pytest_asyncio-0.23.6-py3-none-any.whl.metadata (3.9 kB)
2025-08-20T21:19:45.1429880Z Collecting pytest-cov==6.2.1 (from -r requirements-dev.txt (line 29))
2025-08-20T21:19:45.1440841Z   Using cached pytest_cov-6.2.1-py3-none-any.whl.metadata (30 kB)
2025-08-20T21:19:45.1645668Z Collecting pytest-postgresql==7.0.2 (from -r requirements-dev.txt (line 30))
2025-08-20T21:19:45.1656484Z   Using cached pytest_postgresql-7.0.2-py3-none-any.whl.metadata (18 kB)
2025-08-20T21:19:45.1819043Z Collecting python-dotenv (from -r requirements-dev.txt (line 31))
2025-08-20T21:19:45.1830152Z   Using cached python_dotenv-1.1.1-py3-none-any.whl.metadata (24 kB)
2025-08-20T21:19:45.1969205Z Collecting python-multipart (from -r requirements-dev.txt (line 32))
2025-08-20T21:19:45.1980277Z   Using cached python_multipart-0.0.20-py3-none-any.whl.metadata (1.8 kB)
2025-08-20T21:19:45.2273057Z Collecting python-telegram-bot==22.3 (from -r requirements-dev.txt (line 33))
2025-08-20T21:19:45.2283520Z   Using cached python_telegram_bot-22.3-py3-none-any.whl.metadata (17 kB)
2025-08-20T21:19:45.2564567Z Collecting requests==2.32.4 (from -r requirements-dev.txt (line 34))
2025-08-20T21:19:45.2576250Z   Using cached requests-2.32.4-py3-none-any.whl.metadata (4.9 kB)
2025-08-20T21:19:45.2742236Z Collecting respx==0.22.0 (from -r requirements-dev.txt (line 35))
2025-08-20T21:19:45.2753631Z   Using cached respx-0.22.0-py2.py3-none-any.whl.metadata (4.1 kB)
2025-08-20T21:19:45.6281352Z Collecting ruff==0.9.9 (from -r requirements-dev.txt (line 36))
2025-08-20T21:19:45.6294987Z   Using cached ruff-0.9.9-py3-none-manylinux_2_17_x86_64.manylinux2014_x86_64.whl.metadata (25 kB)
2025-08-20T21:19:45.9019026Z Collecting sqlalchemy==2.0.43 (from -r requirements-dev.txt (line 37))
2025-08-20T21:19:45.9032135Z   Using cached sqlalchemy-2.0.43-cp312-cp312-manylinux_2_17_x86_64.manylinux2014_x86_64.whl.metadata (9.6 kB)
2025-08-20T21:19:45.9288402Z Collecting structlog==24.1.0 (from -r requirements-dev.txt (line 38))
2025-08-20T21:19:45.9299757Z   Using cached structlog-24.1.0-py3-none-any.whl.metadata (6.9 kB)
2025-08-20T21:19:45.9469922Z Collecting testcontainers==4.10.0 (from testcontainers[postgres]==4.10.0->-r requirements-dev.txt (line 39))
2025-08-20T21:19:45.9481295Z   Using cached testcontainers-4.10.0-py3-none-any.whl.metadata (7.8 kB)
2025-08-20T21:19:45.9824317Z Collecting types-requests==2.32.4.20250809 (from -r requirements-dev.txt (line 40))
2025-08-20T21:19:45.9835949Z   Using cached types_requests-2.32.4.20250809-py3-none-any.whl.metadata (2.0 kB)
2025-08-20T21:19:45.9974050Z Collecting docspec-python==2.2.2 (from -r requirements-dev.txt (line 41))
2025-08-20T21:19:45.9985411Z   Using cached docspec_python-2.2.2-py3-none-any.whl.metadata (1.0 kB)
2025-08-20T21:19:46.0160301Z Collecting pydoc-markdown==4.8.2 (from -r requirements-dev.txt (line 42))
2025-08-20T21:19:46.0171654Z   Using cached pydoc_markdown-4.8.2-py3-none-any.whl.metadata (5.9 kB)
2025-08-20T21:19:46.0823806Z Collecting pandera==0.19.* (from -r requirements-dev.txt (line 43))
2025-08-20T21:19:46.0836445Z   Using cached pandera-0.19.3-py3-none-any.whl.metadata (15 kB)
2025-08-20T21:19:46.1373970Z Collecting MarkupSafe>=2.0 (from Jinja2==3.1.6->-r requirements-dev.txt (line 2))
2025-08-20T21:19:46.1385876Z   Using cached MarkupSafe-3.0.2-cp312-cp312-manylinux_2_17_x86_64.manylinux2014_x86_64.whl.metadata (4.0 kB)
2025-08-20T21:19:46.1696500Z Collecting Mako (from alembic==1.13.1->-r requirements-dev.txt (line 3))
2025-08-20T21:19:46.1708119Z   Using cached mako-1.3.10-py3-none-any.whl.metadata (2.9 kB)
2025-08-20T21:19:46.1897679Z Collecting typing-extensions>=4 (from alembic==1.13.1->-r requirements-dev.txt (line 3))
2025-08-20T21:19:46.1909172Z   Using cached typing_extensions-4.14.1-py3-none-any.whl.metadata (3.0 kB)
2025-08-20T21:19:46.2045210Z Collecting six>=1.4.0 (from apscheduler==3.10.4->-r requirements-dev.txt (line 4))
2025-08-20T21:19:46.2056609Z   Using cached six-1.17.0-py2.py3-none-any.whl.metadata (1.7 kB)
2025-08-20T21:19:46.2385398Z Collecting pytz (from apscheduler==3.10.4->-r requirements-dev.txt (line 4))
2025-08-20T21:19:46.2397194Z   Using cached pytz-2025.2-py2.py3-none-any.whl.metadata (22 kB)
2025-08-20T21:19:46.2608864Z Collecting tzlocal!=3.*,>=2.0 (from apscheduler==3.10.4->-r requirements-dev.txt (line 4))
2025-08-20T21:19:46.2620111Z   Using cached tzlocal-5.3.1-py3-none-any.whl.metadata (7.6 kB)
2025-08-20T21:19:46.2914828Z Collecting starlette>=0.18 (from asgi-correlation-id==4.3.1->-r requirements-dev.txt (line 5))
2025-08-20T21:19:46.2926296Z   Using cached starlette-0.47.2-py3-none-any.whl.metadata (6.2 kB)
2025-08-20T21:19:46.3121153Z Collecting click>=8.0.0 (from black==25.1.0->-r requirements-dev.txt (line 7))
2025-08-20T21:19:46.3132534Z   Using cached click-8.2.1-py3-none-any.whl.metadata (2.5 kB)
2025-08-20T21:19:46.3284560Z Collecting packaging>=22.0 (from black==25.1.0->-r requirements-dev.txt (line 7))
2025-08-20T21:19:46.3296075Z   Using cached packaging-25.0-py3-none-any.whl.metadata (3.3 kB)
2025-08-20T21:19:46.3405407Z Collecting pathspec>=0.9.0 (from black==25.1.0->-r requirements-dev.txt (line 7))
2025-08-20T21:19:46.3416949Z   Using cached pathspec-0.12.1-py3-none-any.whl.metadata (21 kB)
2025-08-20T21:19:46.3601971Z Collecting platformdirs>=2 (from black==25.1.0->-r requirements-dev.txt (line 7))
2025-08-20T21:19:46.3613463Z   Using cached platformdirs-4.3.8-py3-none-any.whl.metadata (12 kB)
2025-08-20T21:19:46.3750689Z Collecting toml (from vulture==2.10->-r requirements-dev.txt (line 11))
2025-08-20T21:19:46.3762127Z   Using cached toml-0.10.2-py2.py3-none-any.whl.metadata (7.1 kB)
2025-08-20T21:19:46.3929887Z Collecting billiard<5.0,>=4.2.1 (from celery==5.5.3->-r requirements-dev.txt (line 12))
2025-08-20T21:19:46.3941190Z   Using cached billiard-4.2.1-py3-none-any.whl.metadata (4.4 kB)
2025-08-20T21:19:46.4283617Z Collecting kombu<5.6,>=5.5.2 (from celery==5.5.3->-r requirements-dev.txt (line 12))
2025-08-20T21:19:46.4294880Z   Using cached kombu-5.5.4-py3-none-any.whl.metadata (3.5 kB)
2025-08-20T21:19:46.4443991Z Collecting vine<6.0,>=5.1.0 (from celery==5.5.3->-r requirements-dev.txt (line 12))
2025-08-20T21:19:46.4455224Z   Using cached vine-5.1.0-py3-none-any.whl.metadata (2.7 kB)
2025-08-20T21:19:46.4625788Z Collecting click-didyoumean>=0.3.0 (from celery==5.5.3->-r requirements-dev.txt (line 12))
2025-08-20T21:19:46.4637836Z   Using cached click_didyoumean-0.3.1-py3-none-any.whl.metadata (3.9 kB)
2025-08-20T21:19:46.4731784Z Collecting click-repl>=0.2.0 (from celery==5.5.3->-r requirements-dev.txt (line 12))
2025-08-20T21:19:46.4743275Z   Using cached click_repl-0.3.0-py3-none-any.whl.metadata (3.6 kB)
2025-08-20T21:19:46.4835943Z Collecting click-plugins>=1.1.1 (from celery==5.5.3->-r requirements-dev.txt (line 12))
2025-08-20T21:19:46.4847347Z   Using cached click_plugins-1.1.1.2-py2.py3-none-any.whl.metadata (6.5 kB)
2025-08-20T21:19:46.4968517Z Collecting python-dateutil>=2.8.2 (from celery==5.5.3->-r requirements-dev.txt (line 12))
2025-08-20T21:19:46.4980070Z   Using cached python_dateutil-2.9.0.post0-py2.py3-none-any.whl.metadata (8.4 kB)
2025-08-20T21:19:46.5459164Z Collecting annotated-types>=0.6.0 (from pydantic==2.11.7->-r requirements-dev.txt (line 26))
2025-08-20T21:19:46.5470686Z   Using cached annotated_types-0.7.0-py3-none-any.whl.metadata (15 kB)
2025-08-20T21:19:47.1954345Z Collecting pydantic-core==2.33.2 (from pydantic==2.11.7->-r requirements-dev.txt (line 26))
2025-08-20T21:19:47.1967245Z   Using cached pydantic_core-2.33.2-cp312-cp312-manylinux_2_17_x86_64.manylinux2014_x86_64.whl.metadata (6.8 kB)
2025-08-20T21:19:47.2116063Z Collecting typing-inspection>=0.4.0 (from pydantic==2.11.7->-r requirements-dev.txt (line 26))
2025-08-20T21:19:47.2126970Z   Using cached typing_inspection-0.4.1-py3-none-any.whl.metadata (2.6 kB)
2025-08-20T21:19:47.2375189Z Collecting et-xmlfile (from openpyxl==3.1.5->-r requirements-dev.txt (line 22))
2025-08-20T21:19:47.2386775Z   Using cached et_xmlfile-2.0.0-py3-none-any.whl.metadata (2.7 kB)
2025-08-20T21:19:47.2808905Z Collecting pytest<9,>=7.0.0 (from pytest-asyncio==0.23.6->-r requirements-dev.txt (line 28))
2025-08-20T21:19:47.2822149Z   Using cached pytest-8.4.1-py3-none-any.whl.metadata (7.7 kB)
2025-08-20T21:19:47.5881803Z Collecting coverage>=7.5 (from coverage[toml]>=7.5->pytest-cov==6.2.1->-r requirements-dev.txt (line 29))
2025-08-20T21:19:47.5895054Z   Using cached coverage-7.10.4-cp312-cp312-manylinux1_x86_64.manylinux_2_28_x86_64.manylinux_2_5_x86_64.whl.metadata (8.9 kB)
2025-08-20T21:19:47.6030781Z Collecting pluggy>=1.2 (from pytest-cov==6.2.1->-r requirements-dev.txt (line 29))
2025-08-20T21:19:47.6041677Z   Using cached pluggy-1.6.0-py3-none-any.whl.metadata (4.8 kB)
2025-08-20T21:19:47.6300821Z Collecting port-for>=0.7.3 (from pytest-postgresql==7.0.2->-r requirements-dev.txt (line 30))
2025-08-20T21:19:47.6311935Z   Using cached port_for-0.7.4-py3-none-any.whl.metadata (7.1 kB)
2025-08-20T21:19:47.6454941Z Collecting mirakuru>=2.6.0 (from pytest-postgresql==7.0.2->-r requirements-dev.txt (line 30))
2025-08-20T21:19:47.6465608Z   Using cached mirakuru-2.6.1-py3-none-any.whl.metadata (10 kB)
2025-08-20T21:19:47.7298418Z Collecting charset_normalizer<4,>=2 (from requests==2.32.4->-r requirements-dev.txt (line 34))
2025-08-20T21:19:47.7311177Z   Using cached charset_normalizer-3.4.3-cp312-cp312-manylinux2014_x86_64.manylinux_2_17_x86_64.manylinux_2_28_x86_64.whl.metadata (36 kB)
2025-08-20T21:19:47.7529527Z Collecting idna<4,>=2.5 (from requests==2.32.4->-r requirements-dev.txt (line 34))
2025-08-20T21:19:47.7540956Z   Using cached idna-3.10-py3-none-any.whl.metadata (10 kB)
2025-08-20T21:19:47.7846168Z Collecting urllib3<3,>=1.21.1 (from requests==2.32.4->-r requirements-dev.txt (line 34))
2025-08-20T21:19:47.7857555Z   Using cached urllib3-2.5.0-py3-none-any.whl.metadata (6.5 kB)
2025-08-20T21:19:47.8059918Z Collecting certifi>=2017.4.17 (from requests==2.32.4->-r requirements-dev.txt (line 34))
2025-08-20T21:19:47.8071548Z   Using cached certifi-2025.8.3-py3-none-any.whl.metadata (2.4 kB)
2025-08-20T21:19:47.9998268Z Collecting greenlet>=1 (from sqlalchemy==2.0.43->-r requirements-dev.txt (line 37))
2025-08-20T21:19:48.0010993Z   Using cached greenlet-3.2.4-cp312-cp312-manylinux_2_24_x86_64.manylinux_2_28_x86_64.whl.metadata (4.1 kB)
2025-08-20T21:19:48.0243549Z Collecting docker (from testcontainers==4.10.0->testcontainers[postgres]==4.10.0->-r requirements-dev.txt (line 39))
2025-08-20T21:19:48.0254523Z   Using cached docker-7.1.0-py3-none-any.whl.metadata (3.8 kB)
2025-08-20T21:19:48.1216965Z Collecting wrapt (from testcontainers==4.10.0->testcontainers[postgres]==4.10.0->-r requirements-dev.txt (line 39))
2025-08-20T21:19:48.1228241Z   Using cached wrapt-1.17.3-cp312-cp312-manylinux1_x86_64.manylinux_2_28_x86_64.manylinux_2_5_x86_64.whl.metadata (6.4 kB)
2025-08-20T21:19:48.1565615Z Collecting docspec==2.2.1 (from docspec-python==2.2.2->-r requirements-dev.txt (line 41))
2025-08-20T21:19:48.1566335Z   Using cached docspec-2.2.1-py3-none-any.whl.metadata (1.5 kB)
2025-08-20T21:19:48.1741904Z Collecting nr-util>=0.8.12 (from docspec-python==2.2.2->-r requirements-dev.txt (line 41))
2025-08-20T21:19:48.1753279Z   Using cached nr.util-0.8.12-py3-none-any.whl.metadata (813 bytes)
2025-08-20T21:19:48.2079854Z Collecting PyYAML<7.0,>=5.0 (from pydoc-markdown==4.8.2->-r requirements-dev.txt (line 42))
2025-08-20T21:19:48.2092015Z   Using cached PyYAML-6.0.2-cp312-cp312-manylinux_2_17_x86_64.manylinux2014_x86_64.whl.metadata (2.1 kB)
2025-08-20T21:19:48.2359531Z Collecting databind.core<5.0.0,>=4.4.0 (from pydoc-markdown==4.8.2->-r requirements-dev.txt (line 42))
2025-08-20T21:19:48.2370893Z   Using cached databind.core-4.5.2-py3-none-any.whl.metadata (1.1 kB)
2025-08-20T21:19:48.2722301Z Collecting databind.json<5.0.0,>=4.4.0 (from pydoc-markdown==4.8.2->-r requirements-dev.txt (line 42))
2025-08-20T21:19:48.2733739Z   Using cached databind.json-4.5.2-py3-none-any.whl.metadata (1.1 kB)
2025-08-20T21:19:48.2910114Z Collecting docstring-parser<0.12,>=0.11 (from pydoc-markdown==4.8.2->-r requirements-dev.txt (line 42))
2025-08-20T21:19:48.2911583Z   Using cached docstring_parser-0.11-py3-none-any.whl
2025-08-20T21:19:48.3582967Z Collecting tomli<3.0.0,>=2.0.0 (from pydoc-markdown==4.8.2->-r requirements-dev.txt (line 42))
2025-08-20T21:19:48.3595478Z   Using cached tomli-2.2.1-cp312-cp312-manylinux_2_17_x86_64.manylinux2014_x86_64.whl.metadata (11 kB)
2025-08-20T21:19:48.4872104Z Collecting tomli_w<2.0.0,>=1.0.0 (from pydoc-markdown==4.8.2->-r requirements-dev.txt (line 42))
2025-08-20T21:19:48.4883111Z   Using cached tomli_w-1.2.0-py3-none-any.whl.metadata (5.7 kB)
2025-08-20T21:19:48.5317872Z Collecting watchdog (from pydoc-markdown==4.8.2->-r requirements-dev.txt (line 42))
2025-08-20T21:19:48.5328872Z   Using cached watchdog-6.0.0-py3-none-manylinux2014_x86_64.whl.metadata (44 kB)
2025-08-20T21:19:48.5529248Z Collecting yapf>=0.30.0 (from pydoc-markdown==4.8.2->-r requirements-dev.txt (line 42))
2025-08-20T21:19:48.5539891Z   Using cached yapf-0.43.0-py3-none-any.whl.metadata (46 kB)
2025-08-20T21:19:48.5743301Z Collecting Deprecated<2.0.0,>=1.2.12 (from docspec==2.2.1->docspec-python==2.2.2->-r requirements-dev.txt (line 41))
2025-08-20T21:19:48.5754060Z   Using cached Deprecated-1.2.18-py2.py3-none-any.whl.metadata (5.7 kB)
2025-08-20T21:19:48.7247590Z Collecting psycopg-binary==3.2.9 (from psycopg[binary]==3.2.9->-r requirements-dev.txt (line 25))
2025-08-20T21:19:48.7259594Z   Using cached psycopg_binary-3.2.9-cp312-cp312-manylinux_2_17_x86_64.manylinux2014_x86_64.whl.metadata (2.9 kB)
2025-08-20T21:19:48.7606826Z Collecting argon2-cffi (from minio==7.*->-r requirements-dev.txt (line 10))
2025-08-20T21:19:48.7617995Z   Using cached argon2_cffi-25.1.0-py3-none-any.whl.metadata (4.1 kB)
2025-08-20T21:19:48.8400667Z Collecting pycryptodome (from minio==7.*->-r requirements-dev.txt (line 10))
2025-08-20T21:19:48.8412996Z   Using cached pycryptodome-3.23.0-cp37-abi3-manylinux_2_17_x86_64.manylinux2014_x86_64.whl.metadata (3.4 kB)
2025-08-20T21:19:48.8621071Z Collecting anyio (from httpx<0.29,>=0.27->-r requirements-dev.txt (line 16))
2025-08-20T21:19:48.8632108Z   Using cached anyio-4.10.0-py3-none-any.whl.metadata (4.0 kB)
2025-08-20T21:19:48.8819497Z Collecting httpcore==1.* (from httpx<0.29,>=0.27->-r requirements-dev.txt (line 16))
2025-08-20T21:19:48.8830590Z   Using cached httpcore-1.0.9-py3-none-any.whl.metadata (21 kB)
2025-08-20T21:19:48.9148735Z Collecting tzdata>=2022.7 (from pandas==2.2.*->-r requirements-dev.txt (line 23))
2025-08-20T21:19:48.9159563Z   Using cached tzdata-2025.2-py2.py3-none-any.whl.metadata (1.4 kB)
2025-08-20T21:19:48.9340946Z Collecting multimethod<=1.10.0 (from pandera==0.19.*->-r requirements-dev.txt (line 43))
2025-08-20T21:19:48.9351331Z   Using cached multimethod-1.10-py3-none-any.whl.metadata (8.2 kB)
2025-08-20T21:19:48.9708135Z Collecting typeguard (from pandera==0.19.*->-r requirements-dev.txt (line 43))
2025-08-20T21:19:48.9718598Z   Using cached typeguard-4.4.4-py3-none-any.whl.metadata (3.3 kB)
2025-08-20T21:19:48.9824389Z Collecting typing-inspect>=0.6.0 (from pandera==0.19.*->-r requirements-dev.txt (line 43))
2025-08-20T21:19:48.9835049Z   Using cached typing_inspect-0.9.0-py3-none-any.whl.metadata (1.5 kB)
2025-08-20T21:19:49.0095575Z Collecting databind<5.0.0,>=4.5.2 (from databind.core<5.0.0,>=4.4.0->pydoc-markdown==4.8.2->-r requirements-dev.txt (line 42))
2025-08-20T21:19:49.0106580Z   Using cached databind-4.5.2-py3-none-any.whl.metadata (4.3 kB)
2025-08-20T21:19:49.0231552Z Collecting nr-date<3.0.0,>=2.0.0 (from databind<5.0.0,>=4.5.2->databind.core<5.0.0,>=4.4.0->pydoc-markdown==4.8.2->-r requirements-dev.txt (line 42))
2025-08-20T21:19:49.0242285Z   Using cached nr_date-2.1.0-py3-none-any.whl.metadata (746 bytes)
2025-08-20T21:19:49.0369259Z Collecting nr-stream<2.0.0,>=1.0.0 (from databind<5.0.0,>=4.5.2->databind.core<5.0.0,>=4.4.0->pydoc-markdown==4.8.2->-r requirements-dev.txt (line 42))
2025-08-20T21:19:49.0379722Z   Using cached nr_stream-1.1.5-py3-none-any.whl.metadata (3.6 kB)
2025-08-20T21:19:49.0553252Z Collecting typeapi<3,>=2.0.1 (from databind<5.0.0,>=4.5.2->databind.core<5.0.0,>=4.4.0->pydoc-markdown==4.8.2->-r requirements-dev.txt (line 42))
2025-08-20T21:19:49.0563865Z   Using cached typeapi-2.2.4-py3-none-any.whl.metadata (1.5 kB)
2025-08-20T21:19:49.0887274Z Collecting h11>=0.16 (from httpcore==1.*->httpx<0.29,>=0.27->-r requirements-dev.txt (line 16))
2025-08-20T21:19:49.0898157Z   Using cached h11-0.16.0-py3-none-any.whl.metadata (8.3 kB)
2025-08-20T21:19:49.1154286Z Collecting amqp<6.0.0,>=5.1.1 (from kombu<5.6,>=5.5.2->celery==5.5.3->-r requirements-dev.txt (line 12))
2025-08-20T21:19:49.1165264Z   Using cached amqp-5.3.1-py3-none-any.whl.metadata (8.9 kB)
2025-08-20T21:19:49.1582107Z Collecting iniconfig>=1 (from pytest<9,>=7.0.0->pytest-asyncio==0.23.6->-r requirements-dev.txt (line 28))
2025-08-20T21:19:49.1593530Z   Using cached iniconfig-2.1.0-py3-none-any.whl.metadata (2.7 kB)
2025-08-20T21:19:49.1837434Z Collecting pygments>=2.7.2 (from pytest<9,>=7.0.0->pytest-asyncio==0.23.6->-r requirements-dev.txt (line 28))
2025-08-20T21:19:49.1848160Z   Using cached pygments-2.19.2-py3-none-any.whl.metadata (2.5 kB)
2025-08-20T21:19:49.2194684Z Collecting sniffio>=1.1 (from anyio->httpx<0.29,>=0.27->-r requirements-dev.txt (line 16))
2025-08-20T21:19:49.2205932Z   Using cached sniffio-1.3.1-py3-none-any.whl.metadata (3.9 kB)
2025-08-20T21:19:49.6563714Z Collecting botocore<1.41.0,>=1.40.14 (from boto3->-r requirements-dev.txt (line 8))
2025-08-20T21:19:49.6606690Z   Downloading botocore-1.40.14-py3-none-any.whl.metadata (5.7 kB)
2025-08-20T21:19:49.6754479Z Collecting jmespath<2.0.0,>=0.7.1 (from boto3->-r requirements-dev.txt (line 8))
2025-08-20T21:19:49.6766156Z   Using cached jmespath-1.0.1-py3-none-any.whl.metadata (7.6 kB)
2025-08-20T21:19:49.6946476Z Collecting s3transfer<0.14.0,>=0.13.0 (from boto3->-r requirements-dev.txt (line 8))
2025-08-20T21:19:49.6957298Z   Using cached s3transfer-0.13.1-py3-none-any.whl.metadata (1.7 kB)
2025-08-20T21:19:49.8395897Z Collecting fastapi-cli>=0.0.8 (from fastapi-cli[standard]>=0.0.8; extra == "all"->fastapi[all]->-r requirements-dev.txt (line 14))
2025-08-20T21:19:49.8406776Z   Using cached fastapi_cli-0.0.8-py3-none-any.whl.metadata (6.3 kB)
2025-08-20T21:19:49.9179458Z Collecting ujson!=4.0.2,!=4.1.0,!=4.2.0,!=4.3.0,!=5.0.0,!=5.1.0,>=4.0.1 (from fastapi[all]->-r requirements-dev.txt (line 14))
2025-08-20T21:19:49.9190831Z   Using cached ujson-5.11.0-cp312-cp312-manylinux_2_24_x86_64.manylinux_2_28_x86_64.whl.metadata (9.4 kB)
2025-08-20T21:19:50.1471474Z Collecting orjson>=3.2.1 (from fastapi[all]->-r requirements-dev.txt (line 14))
2025-08-20T21:19:50.1484358Z   Using cached orjson-3.11.2-cp312-cp312-manylinux_2_17_x86_64.manylinux2014_x86_64.whl.metadata (1.2 kB)
2025-08-20T21:19:50.1616224Z Collecting email-validator>=2.0.0 (from fastapi[all]->-r requirements-dev.txt (line 14))
2025-08-20T21:19:50.1627623Z   Using cached email_validator-2.2.0-py3-none-any.whl.metadata (25 kB)
2025-08-20T21:19:50.1917959Z Collecting uvicorn>=0.12.0 (from uvicorn[standard]>=0.12.0; extra == "all"->fastapi[all]->-r requirements-dev.txt (line 14))
2025-08-20T21:19:50.1928715Z   Using cached uvicorn-0.35.0-py3-none-any.whl.metadata (6.5 kB)
2025-08-20T21:19:50.2095570Z Collecting pydantic-settings>=2.0.0 (from fastapi[all]->-r requirements-dev.txt (line 14))
2025-08-20T21:19:50.2106487Z   Using cached pydantic_settings-2.10.1-py3-none-any.whl.metadata (3.4 kB)
2025-08-20T21:19:50.2236774Z Collecting pydantic-extra-types>=2.0.0 (from fastapi[all]->-r requirements-dev.txt (line 14))
2025-08-20T21:19:50.2247774Z   Using cached pydantic_extra_types-2.10.5-py3-none-any.whl.metadata (3.9 kB)
2025-08-20T21:19:50.2968974Z Collecting prompt-toolkit>=3.0.36 (from click-repl>=0.2.0->celery==5.5.3->-r requirements-dev.txt (line 12))
2025-08-20T21:19:50.2979892Z   Using cached prompt_toolkit-3.0.51-py3-none-any.whl.metadata (6.4 kB)
2025-08-20T21:19:50.3183555Z Collecting dnspython>=2.0.0 (from email-validator>=2.0.0->fastapi[all]->-r requirements-dev.txt (line 14))
2025-08-20T21:19:50.3194710Z   Using cached dnspython-2.7.0-py3-none-any.whl.metadata (5.8 kB)
2025-08-20T21:19:50.3483068Z Collecting typer>=0.15.1 (from fastapi-cli>=0.0.8->fastapi-cli[standard]>=0.0.8; extra == "all"->fastapi[all]->-r requirements-dev.txt (line 14))
2025-08-20T21:19:50.3494630Z   Using cached typer-0.16.1-py3-none-any.whl.metadata (15 kB)
2025-08-20T21:19:50.3754676Z Collecting rich-toolkit>=0.14.8 (from fastapi-cli>=0.0.8->fastapi-cli[standard]>=0.0.8; extra == "all"->fastapi[all]->-r requirements-dev.txt (line 14))
2025-08-20T21:19:50.3765259Z   Using cached rich_toolkit-0.15.0-py3-none-any.whl.metadata (1.0 kB)
2025-08-20T21:19:50.3903243Z Collecting fastapi-cloud-cli>=0.1.1 (from fastapi-cli[standard]>=0.0.8; extra == "all"->fastapi[all]->-r requirements-dev.txt (line 14))
2025-08-20T21:19:50.3914215Z   Using cached fastapi_cloud_cli-0.1.5-py3-none-any.whl.metadata (3.2 kB)
2025-08-20T21:19:50.4678500Z Collecting rignore>=0.5.1 (from fastapi-cloud-cli>=0.1.1->fastapi-cli[standard]>=0.0.8; extra == "all"->fastapi[all]->-r requirements-dev.txt (line 14))
2025-08-20T21:19:50.4689536Z   Using cached rignore-0.6.4-cp312-cp312-manylinux_2_17_x86_64.manylinux2014_x86_64.whl.metadata (3.8 kB)
2025-08-20T21:19:50.5459885Z Collecting sentry-sdk>=2.20.0 (from fastapi-cloud-cli>=0.1.1->fastapi-cli[standard]>=0.0.8; extra == "all"->fastapi[all]->-r requirements-dev.txt (line 14))
2025-08-20T21:19:50.5470539Z   Using cached sentry_sdk-2.35.0-py2.py3-none-any.whl.metadata (10 kB)
2025-08-20T21:19:50.6414969Z Collecting psutil>=4.0.0 (from mirakuru>=2.6.0->pytest-postgresql==7.0.2->-r requirements-dev.txt (line 30))
2025-08-20T21:19:50.6426543Z   Using cached psutil-7.0.0-cp36-abi3-manylinux_2_12_x86_64.manylinux2010_x86_64.manylinux_2_17_x86_64.manylinux2014_x86_64.whl.metadata (22 kB)
2025-08-20T21:19:50.6744995Z Collecting wcwidth (from prompt-toolkit>=3.0.36->click-repl>=0.2.0->celery==5.5.3->-r requirements-dev.txt (line 12))
2025-08-20T21:19:50.6756111Z   Using cached wcwidth-0.2.13-py2.py3-none-any.whl.metadata (14 kB)
2025-08-20T21:19:50.7918672Z Collecting rich>=13.7.1 (from rich-toolkit>=0.14.8->fastapi-cli>=0.0.8->fastapi-cli[standard]>=0.0.8; extra == "all"->fastapi[all]->-r requirements-dev.txt (line 14))
2025-08-20T21:19:50.7929423Z   Using cached rich-14.1.0-py3-none-any.whl.metadata (18 kB)
2025-08-20T21:19:50.8162576Z Collecting markdown-it-py>=2.2.0 (from rich>=13.7.1->rich-toolkit>=0.14.8->fastapi-cli>=0.0.8->fastapi-cli[standard]>=0.0.8; extra == "all"->fastapi[all]->-r requirements-dev.txt (line 14))
2025-08-20T21:19:50.8175602Z   Using cached markdown_it_py-4.0.0-py3-none-any.whl.metadata (7.3 kB)
2025-08-20T21:19:50.8415961Z Collecting mdurl~=0.1 (from markdown-it-py>=2.2.0->rich>=13.7.1->rich-toolkit>=0.14.8->fastapi-cli>=0.0.8->fastapi-cli[standard]>=0.0.8; extra == "all"->fastapi[all]->-r requirements-dev.txt (line 14))
2025-08-20T21:19:50.8428086Z   Using cached mdurl-0.1.2-py3-none-any.whl.metadata (1.6 kB)
2025-08-20T21:19:50.8989993Z Collecting shellingham>=1.3.0 (from typer>=0.15.1->fastapi-cli>=0.0.8->fastapi-cli[standard]>=0.0.8; extra == "all"->fastapi[all]->-r requirements-dev.txt (line 14))
2025-08-20T21:19:50.9001555Z   Using cached shellingham-1.5.4-py2.py3-none-any.whl.metadata (3.5 kB)
2025-08-20T21:19:50.9850962Z Collecting httptools>=0.6.3 (from uvicorn[standard]>=0.12.0; extra == "all"->fastapi[all]->-r requirements-dev.txt (line 14))
2025-08-20T21:19:50.9863217Z   Using cached httptools-0.6.4-cp312-cp312-manylinux_2_5_x86_64.manylinux1_x86_64.manylinux_2_17_x86_64.manylinux2014_x86_64.whl.metadata (3.6 kB)
2025-08-20T21:19:51.0272531Z Collecting uvloop>=0.15.1 (from uvicorn[standard]>=0.12.0; extra == "all"->fastapi[all]->-r requirements-dev.txt (line 14))
2025-08-20T21:19:51.0285152Z   Using cached uvloop-0.21.0-cp312-cp312-manylinux_2_17_x86_64.manylinux2014_x86_64.whl.metadata (4.9 kB)
2025-08-20T21:19:51.0998083Z Collecting watchfiles>=0.13 (from uvicorn[standard]>=0.12.0; extra == "all"->fastapi[all]->-r requirements-dev.txt (line 14))
2025-08-20T21:19:51.1009673Z   Using cached watchfiles-1.1.0-cp312-cp312-manylinux_2_17_x86_64.manylinux2014_x86_64.whl.metadata (4.9 kB)
2025-08-20T21:19:51.2899401Z Collecting websockets>=10.4 (from uvicorn[standard]>=0.12.0; extra == "all"->fastapi[all]->-r requirements-dev.txt (line 14))
2025-08-20T21:19:51.2913597Z   Using cached websockets-15.0.1-cp312-cp312-manylinux_2_5_x86_64.manylinux1_x86_64.manylinux_2_17_x86_64.manylinux2014_x86_64.whl.metadata (6.8 kB)
2025-08-20T21:19:51.3408841Z Collecting argon2-cffi-bindings (from argon2-cffi->minio==7.*->-r requirements-dev.txt (line 10))
2025-08-20T21:19:51.3421453Z   Using cached argon2_cffi_bindings-25.1.0-cp39-abi3-manylinux_2_26_x86_64.manylinux_2_28_x86_64.whl.metadata (7.4 kB)
2025-08-20T21:19:51.4433521Z Collecting cffi>=1.0.1 (from argon2-cffi-bindings->argon2-cffi->minio==7.*->-r requirements-dev.txt (line 10))
2025-08-20T21:19:51.4445441Z   Using cached cffi-1.17.1-cp312-cp312-manylinux_2_17_x86_64.manylinux2014_x86_64.whl.metadata (1.5 kB)
2025-08-20T21:19:51.4569991Z Collecting pycparser (from cffi>=1.0.1->argon2-cffi-bindings->argon2-cffi->minio==7.*->-r requirements-dev.txt (line 10))
2025-08-20T21:19:51.4581202Z   Using cached pycparser-2.22-py3-none-any.whl.metadata (943 bytes)
2025-08-20T21:19:51.5233090Z Using cached jinja2-3.1.6-py3-none-any.whl (134 kB)
2025-08-20T21:19:51.5245518Z Using cached alembic-1.13.1-py3-none-any.whl (233 kB)
2025-08-20T21:19:51.5258083Z Using cached APScheduler-3.10.4-py3-none-any.whl (59 kB)
2025-08-20T21:19:51.5269608Z Using cached asgi_correlation_id-4.3.1-py3-none-any.whl (15 kB)
2025-08-20T21:19:51.5280989Z Using cached asyncpg-0.30.0-cp312-cp312-manylinux_2_17_x86_64.manylinux2014_x86_64.whl (3.6 MB)
2025-08-20T21:19:51.5317923Z Using cached black-25.1.0-cp312-cp312-manylinux_2_17_x86_64.manylinux2014_x86_64.manylinux_2_28_x86_64.whl (1.8 MB)
2025-08-20T21:19:51.5340670Z Using cached vulture-2.10-py2.py3-none-any.whl (27 kB)
2025-08-20T21:19:51.5351771Z Using cached celery-5.5.3-py3-none-any.whl (438 kB)
2025-08-20T21:19:51.5366442Z Using cached fastapi-0.116.1-py3-none-any.whl (95 kB)
2025-08-20T21:19:51.5378083Z Using cached pydantic-2.11.7-py3-none-any.whl (444 kB)
2025-08-20T21:19:51.5391944Z Using cached fastapi_limiter-0.1.6-py3-none-any.whl (15 kB)
2025-08-20T21:19:51.5403218Z Using cached IMAPClient-3.0.1-py2.py3-none-any.whl (182 kB)
2025-08-20T21:19:51.5415610Z Using cached mypy_extensions-1.1.0-py3-none-any.whl (5.0 kB)
2025-08-20T21:19:51.5426631Z Using cached openpyxl-3.1.5-py2.py3-none-any.whl (250 kB)
2025-08-20T21:19:51.5439611Z Using cached psycopg2_binary-2.9.10-cp312-cp312-manylinux_2_17_x86_64.manylinux2014_x86_64.whl (3.0 MB)
2025-08-20T21:19:51.5473086Z Using cached psycopg-3.2.9-py3-none-any.whl (202 kB)
2025-08-20T21:19:51.5485334Z Using cached pytest_asyncio-0.23.6-py3-none-any.whl (17 kB)
2025-08-20T21:19:51.5496433Z Using cached pytest_cov-6.2.1-py3-none-any.whl (24 kB)
2025-08-20T21:19:51.5507458Z Using cached pytest_postgresql-7.0.2-py3-none-any.whl (41 kB)
2025-08-20T21:19:51.5519115Z Using cached python_telegram_bot-22.3-py3-none-any.whl (717 kB)
2025-08-20T21:19:51.5535177Z Using cached requests-2.32.4-py3-none-any.whl (64 kB)
2025-08-20T21:19:51.5546484Z Using cached respx-0.22.0-py2.py3-none-any.whl (25 kB)
2025-08-20T21:19:51.5557824Z Using cached ruff-0.9.9-py3-none-manylinux_2_17_x86_64.manylinux2014_x86_64.whl (11.2 MB)
2025-08-20T21:19:51.5647585Z Using cached sqlalchemy-2.0.43-cp312-cp312-manylinux_2_17_x86_64.manylinux2014_x86_64.whl (3.3 MB)
2025-08-20T21:19:51.5681831Z Using cached structlog-24.1.0-py3-none-any.whl (65 kB)
2025-08-20T21:19:51.5693350Z Using cached testcontainers-4.10.0-py3-none-any.whl (107 kB)
2025-08-20T21:19:51.5705226Z Using cached types_requests-2.32.4.20250809-py3-none-any.whl (20 kB)
2025-08-20T21:19:51.5716438Z Using cached docspec_python-2.2.2-py3-none-any.whl (15 kB)
2025-08-20T21:19:51.5727376Z Using cached pydoc_markdown-4.8.2-py3-none-any.whl (67 kB)
2025-08-20T21:19:51.5738533Z Using cached docspec-2.2.1-py3-none-any.whl (9.8 kB)
2025-08-20T21:19:51.5749909Z Using cached psycopg_binary-3.2.9-cp312-cp312-manylinux_2_17_x86_64.manylinux2014_x86_64.whl (4.4 MB)
2025-08-20T21:19:51.5791997Z Using cached pydantic_core-2.33.2-cp312-cp312-manylinux_2_17_x86_64.manylinux2014_x86_64.whl (2.0 MB)
2025-08-20T21:19:51.5817264Z Using cached redis-6.4.0-py3-none-any.whl (279 kB)
2025-08-20T21:19:51.5830731Z Using cached minio-7.2.16-py3-none-any.whl (95 kB)
2025-08-20T21:19:51.5842255Z Using cached httpx-0.28.1-py3-none-any.whl (73 kB)
2025-08-20T21:19:51.5854322Z Using cached mypy-1.17.1-cp312-cp312-manylinux2014_x86_64.manylinux_2_17_x86_64.manylinux_2_28_x86_64.whl (12.7 MB)
2025-08-20T21:19:51.5954466Z Using cached numpy-1.26.4-cp312-cp312-manylinux_2_17_x86_64.manylinux2014_x86_64.whl (18.0 MB)
2025-08-20T21:19:51.6090343Z Using cached pandas-2.2.3-cp312-cp312-manylinux_2_17_x86_64.manylinux2014_x86_64.whl (12.7 MB)
2025-08-20T21:19:51.6190205Z Using cached pandera-0.19.3-py3-none-any.whl (251 kB)
2025-08-20T21:19:51.6202935Z Using cached billiard-4.2.1-py3-none-any.whl (86 kB)
2025-08-20T21:19:51.6215513Z Using cached charset_normalizer-3.4.3-cp312-cp312-manylinux2014_x86_64.manylinux_2_17_x86_64.manylinux_2_28_x86_64.whl (151 kB)
2025-08-20T21:19:51.6227079Z Using cached click-8.2.1-py3-none-any.whl (102 kB)
2025-08-20T21:19:51.6238800Z Using cached databind.core-4.5.2-py3-none-any.whl (1.5 kB)
2025-08-20T21:19:51.6249950Z Using cached databind-4.5.2-py3-none-any.whl (49 kB)
2025-08-20T21:19:51.6261040Z Using cached databind.json-4.5.2-py3-none-any.whl (1.5 kB)
2025-08-20T21:19:51.6272090Z Using cached Deprecated-1.2.18-py2.py3-none-any.whl (10.0 kB)
2025-08-20T21:19:51.6283311Z Using cached httpcore-1.0.9-py3-none-any.whl (78 kB)
2025-08-20T21:19:51.6294884Z Using cached idna-3.10-py3-none-any.whl (70 kB)
2025-08-20T21:19:51.6306094Z Using cached kombu-5.5.4-py3-none-any.whl (210 kB)
2025-08-20T21:19:51.6318184Z Using cached vine-5.1.0-py3-none-any.whl (9.6 kB)
2025-08-20T21:19:51.6329035Z Using cached amqp-5.3.1-py3-none-any.whl (50 kB)
2025-08-20T21:19:51.6340139Z Using cached multimethod-1.10-py3-none-any.whl (9.9 kB)
2025-08-20T21:19:51.6350937Z Using cached nr_date-2.1.0-py3-none-any.whl (10 kB)
2025-08-20T21:19:51.6361860Z Using cached nr_stream-1.1.5-py3-none-any.whl (10 kB)
2025-08-20T21:19:51.6373124Z Using cached nr.util-0.8.12-py3-none-any.whl (90 kB)
2025-08-20T21:19:51.6384700Z Using cached pytest-8.4.1-py3-none-any.whl (365 kB)
2025-08-20T21:19:51.6398163Z Using cached pluggy-1.6.0-py3-none-any.whl (20 kB)
2025-08-20T21:19:51.6409555Z Using cached PyYAML-6.0.2-cp312-cp312-manylinux_2_17_x86_64.manylinux2014_x86_64.whl (767 kB)
2025-08-20T21:19:51.6425943Z Using cached starlette-0.47.2-py3-none-any.whl (72 kB)
2025-08-20T21:19:51.6437377Z Using cached anyio-4.10.0-py3-none-any.whl (107 kB)
2025-08-20T21:19:51.6449308Z Using cached tomli-2.2.1-cp312-cp312-manylinux_2_17_x86_64.manylinux2014_x86_64.whl (242 kB)
2025-08-20T21:19:51.6461751Z Using cached tomli_w-1.2.0-py3-none-any.whl (6.7 kB)
2025-08-20T21:19:51.6472632Z Using cached typeapi-2.2.4-py3-none-any.whl (26 kB)
2025-08-20T21:19:51.6484333Z Using cached typing_extensions-4.14.1-py3-none-any.whl (43 kB)
2025-08-20T21:19:51.6495606Z Using cached urllib3-2.5.0-py3-none-any.whl (129 kB)
2025-08-20T21:19:51.6507822Z Using cached wrapt-1.17.3-cp312-cp312-manylinux1_x86_64.manylinux_2_28_x86_64.manylinux_2_5_x86_64.whl (88 kB)
2025-08-20T21:19:51.6567332Z Downloading boto3-1.40.14-py3-none-any.whl (140 kB)
2025-08-20T21:19:51.6751635Z Downloading botocore-1.40.14-py3-none-any.whl (14.0 MB)
2025-08-20T21:19:51.7936091Z    ━━━━━━━━━━━━━━━━━━━━━━━━━━━━━━━━━━━━━━━━ 14.0/14.0 MB 123.7 MB/s  0:00:00
2025-08-20T21:19:51.7946942Z Using cached jmespath-1.0.1-py3-none-any.whl (20 kB)
2025-08-20T21:19:51.7958388Z Using cached python_dateutil-2.9.0.post0-py2.py3-none-any.whl (229 kB)
2025-08-20T21:19:51.7970906Z Using cached s3transfer-0.13.1-py3-none-any.whl (85 kB)
2025-08-20T21:19:51.7982402Z Using cached itsdangerous-2.2.0-py3-none-any.whl (16 kB)
2025-08-20T21:19:51.7993710Z Using cached setuptools-80.9.0-py3-none-any.whl (1.2 MB)
2025-08-20T21:19:51.8012961Z Using cached python_dotenv-1.1.1-py3-none-any.whl (20 kB)
2025-08-20T21:19:51.8024481Z Using cached python_multipart-0.0.20-py3-none-any.whl (24 kB)
2025-08-20T21:19:51.8035522Z Using cached annotated_types-0.7.0-py3-none-any.whl (13 kB)
2025-08-20T21:19:51.8046378Z Using cached certifi-2025.8.3-py3-none-any.whl (161 kB)
2025-08-20T21:19:51.8058075Z Using cached click_didyoumean-0.3.1-py3-none-any.whl (3.6 kB)
2025-08-20T21:19:51.8069464Z Using cached click_plugins-1.1.1.2-py2.py3-none-any.whl (11 kB)
2025-08-20T21:19:51.8080145Z Using cached click_repl-0.3.0-py3-none-any.whl (10 kB)
2025-08-20T21:19:51.8091391Z Using cached coverage-7.10.4-cp312-cp312-manylinux1_x86_64.manylinux_2_28_x86_64.manylinux_2_5_x86_64.whl (251 kB)
2025-08-20T21:19:51.8103639Z Using cached email_validator-2.2.0-py3-none-any.whl (33 kB)
2025-08-20T21:19:51.8114633Z Using cached dnspython-2.7.0-py3-none-any.whl (313 kB)
2025-08-20T21:19:51.8127385Z Using cached fastapi_cli-0.0.8-py3-none-any.whl (10 kB)
2025-08-20T21:19:51.8138156Z Using cached fastapi_cloud_cli-0.1.5-py3-none-any.whl (18 kB)
2025-08-20T21:19:51.8149325Z Using cached greenlet-3.2.4-cp312-cp312-manylinux_2_24_x86_64.manylinux_2_28_x86_64.whl (607 kB)
2025-08-20T21:19:51.8164274Z Using cached h11-0.16.0-py3-none-any.whl (37 kB)
2025-08-20T21:19:51.8175883Z Using cached iniconfig-2.1.0-py3-none-any.whl (6.0 kB)
2025-08-20T21:19:51.8187277Z Using cached MarkupSafe-3.0.2-cp312-cp312-manylinux_2_17_x86_64.manylinux2014_x86_64.whl (23 kB)
2025-08-20T21:19:51.8198371Z Using cached mirakuru-2.6.1-py3-none-any.whl (26 kB)
2025-08-20T21:19:51.8209906Z Using cached orjson-3.11.2-cp312-cp312-manylinux_2_17_x86_64.manylinux2014_x86_64.whl (121 kB)
2025-08-20T21:19:51.8221529Z Using cached packaging-25.0-py3-none-any.whl (66 kB)
2025-08-20T21:19:51.8233130Z Using cached pathspec-0.12.1-py3-none-any.whl (31 kB)
2025-08-20T21:19:51.8244545Z Using cached platformdirs-4.3.8-py3-none-any.whl (18 kB)
2025-08-20T21:19:51.8255660Z Using cached port_for-0.7.4-py3-none-any.whl (21 kB)
2025-08-20T21:19:51.8266914Z Using cached prompt_toolkit-3.0.51-py3-none-any.whl (387 kB)
2025-08-20T21:19:51.8281301Z Using cached psutil-7.0.0-cp36-abi3-manylinux_2_12_x86_64.manylinux2010_x86_64.manylinux_2_17_x86_64.manylinux2014_x86_64.whl (277 kB)
2025-08-20T21:19:51.8294402Z Using cached pydantic_extra_types-2.10.5-py3-none-any.whl (38 kB)
2025-08-20T21:19:51.8305829Z Using cached pydantic_settings-2.10.1-py3-none-any.whl (45 kB)
2025-08-20T21:19:51.8317358Z Using cached pygments-2.19.2-py3-none-any.whl (1.2 MB)
2025-08-20T21:19:51.8337059Z Using cached pytz-2025.2-py2.py3-none-any.whl (509 kB)
2025-08-20T21:19:51.8351639Z Using cached rich_toolkit-0.15.0-py3-none-any.whl (29 kB)
2025-08-20T21:19:51.8363049Z Using cached rich-14.1.0-py3-none-any.whl (243 kB)
2025-08-20T21:19:51.8375876Z Using cached markdown_it_py-4.0.0-py3-none-any.whl (87 kB)
2025-08-20T21:19:51.8387427Z Using cached mdurl-0.1.2-py3-none-any.whl (10.0 kB)
2025-08-20T21:19:51.8398890Z Using cached rignore-0.6.4-cp312-cp312-manylinux_2_17_x86_64.manylinux2014_x86_64.whl (949 kB)
2025-08-20T21:19:51.8416745Z Using cached sentry_sdk-2.35.0-py2.py3-none-any.whl (363 kB)
2025-08-20T21:19:51.8430311Z Using cached six-1.17.0-py2.py3-none-any.whl (11 kB)
2025-08-20T21:19:51.8441412Z Using cached sniffio-1.3.1-py3-none-any.whl (10 kB)
2025-08-20T21:19:51.8452453Z Using cached typer-0.16.1-py3-none-any.whl (46 kB)
2025-08-20T21:19:51.8463884Z Using cached shellingham-1.5.4-py2.py3-none-any.whl (9.8 kB)
2025-08-20T21:19:51.8474909Z Using cached typing_inspect-0.9.0-py3-none-any.whl (8.8 kB)
2025-08-20T21:19:51.8486015Z Using cached typing_inspection-0.4.1-py3-none-any.whl (14 kB)
2025-08-20T21:19:51.8497365Z Using cached tzdata-2025.2-py2.py3-none-any.whl (347 kB)
2025-08-20T21:19:51.8510730Z Using cached tzlocal-5.3.1-py3-none-any.whl (18 kB)
2025-08-20T21:19:51.8522261Z Using cached ujson-5.11.0-cp312-cp312-manylinux_2_24_x86_64.manylinux_2_28_x86_64.whl (57 kB)
2025-08-20T21:19:51.8533054Z Using cached uvicorn-0.35.0-py3-none-any.whl (66 kB)
2025-08-20T21:19:51.8545036Z Using cached httptools-0.6.4-cp312-cp312-manylinux_2_5_x86_64.manylinux1_x86_64.manylinux_2_17_x86_64.manylinux2014_x86_64.whl (510 kB)
2025-08-20T21:19:51.8559382Z Using cached uvloop-0.21.0-cp312-cp312-manylinux_2_17_x86_64.manylinux2014_x86_64.whl (4.7 MB)
2025-08-20T21:19:51.8603502Z Using cached watchfiles-1.1.0-cp312-cp312-manylinux_2_17_x86_64.manylinux2014_x86_64.whl (452 kB)
2025-08-20T21:19:51.8617947Z Using cached websockets-15.0.1-cp312-cp312-manylinux_2_5_x86_64.manylinux1_x86_64.manylinux_2_17_x86_64.manylinux2014_x86_64.whl (182 kB)
2025-08-20T21:19:51.8629568Z Using cached yapf-0.43.0-py3-none-any.whl (256 kB)
2025-08-20T21:19:51.8642010Z Using cached argon2_cffi-25.1.0-py3-none-any.whl (14 kB)
2025-08-20T21:19:51.8653228Z Using cached argon2_cffi_bindings-25.1.0-cp39-abi3-manylinux_2_26_x86_64.manylinux_2_28_x86_64.whl (87 kB)
2025-08-20T21:19:51.8664769Z Using cached cffi-1.17.1-cp312-cp312-manylinux_2_17_x86_64.manylinux2014_x86_64.whl (479 kB)
2025-08-20T21:19:51.8678545Z Using cached docker-7.1.0-py3-none-any.whl (147 kB)
2025-08-20T21:19:51.8690409Z Using cached et_xmlfile-2.0.0-py3-none-any.whl (18 kB)
2025-08-20T21:19:51.8701492Z Using cached mako-1.3.10-py3-none-any.whl (78 kB)
2025-08-20T21:19:51.8712316Z Using cached pycparser-2.22-py3-none-any.whl (117 kB)
2025-08-20T21:19:51.8724782Z Using cached pycryptodome-3.23.0-cp37-abi3-manylinux_2_17_x86_64.manylinux2014_x86_64.whl (2.3 MB)
2025-08-20T21:19:51.8751392Z Using cached toml-0.10.2-py2.py3-none-any.whl (16 kB)
2025-08-20T21:19:51.8761978Z Using cached typeguard-4.4.4-py3-none-any.whl (34 kB)
2025-08-20T21:19:51.8773071Z Using cached watchdog-6.0.0-py3-none-manylinux2014_x86_64.whl (79 kB)
2025-08-20T21:19:51.8784416Z Using cached wcwidth-0.2.13-py2.py3-none-any.whl (34 kB)
2025-08-20T21:19:52.3440888Z Installing collected packages: wcwidth, pytz, wrapt, websockets, watchdog, vine, uvloop, urllib3, ujson, tzlocal, tzdata, typing-extensions, tomli_w, tomli, toml, structlog, sniffio, six, shellingham, setuptools, ruff, rignore, redis, PyYAML, python-multipart, python-dotenv, pygments, pycryptodome, pycparser, psycopg2-binary, psycopg-binary, psutil, prompt-toolkit, port-for, pluggy, platformdirs, pathspec, packaging, orjson, numpy, nr-stream, nr-date, mypy-extensions, multimethod, mdurl, MarkupSafe, jmespath, itsdangerous, iniconfig, imapclient, idna, httptools, h11, greenlet, et-xmlfile, docstring-parser, dnspython, coverage, click, charset_normalizer, certifi, billiard, asyncpg, annotated-types, yapf, vulture, uvicorn, typing-inspection, typing-inspect, types-requests, typeguard, typeapi, sqlalchemy, sentry-sdk, requests, python-dateutil, pytest, pydantic-core, psycopg, openpyxl, mypy, mirakuru, markdown-it-py, Mako, Jinja2, httpcore, email-validator, Deprecated, click-repl, click-plugins, click-didyoumean, cffi, black, apscheduler, anyio, amqp, watchfiles, starlette, rich, pytest-postgresql, pytest-cov, pytest-asyncio, pydantic, pandas, nr-util, kombu, httpx, docker, databind, botocore, argon2-cffi-bindings, alembic, typer, testcontainers, s3transfer, rich-toolkit, respx, python-telegram-bot, pydantic-settings, pydantic-extra-types, pandera, fastapi, databind.json, databind.core, celery, asgi-correlation-id, argon2-cffi, minio, fastapi-limiter, fastapi-cloud-cli, fastapi-cli, docspec, boto3, docspec-python, pydoc-markdown
2025-08-20T21:20:11.4727767Z 
2025-08-20T21:20:11.4852091Z Successfully installed Deprecated-1.2.18 Jinja2-3.1.6 Mako-1.3.10 MarkupSafe-3.0.2 PyYAML-6.0.2 alembic-1.13.1 amqp-5.3.1 annotated-types-0.7.0 anyio-4.10.0 apscheduler-3.10.4 argon2-cffi-25.1.0 argon2-cffi-bindings-25.1.0 asgi-correlation-id-4.3.1 asyncpg-0.30.0 billiard-4.2.1 black-25.1.0 boto3-1.40.14 botocore-1.40.14 celery-5.5.3 certifi-2025.8.3 cffi-1.17.1 charset_normalizer-3.4.3 click-8.2.1 click-didyoumean-0.3.1 click-plugins-1.1.1.2 click-repl-0.3.0 coverage-7.10.4 databind-4.5.2 databind.core-4.5.2 databind.json-4.5.2 dnspython-2.7.0 docker-7.1.0 docspec-2.2.1 docspec-python-2.2.2 docstring-parser-0.11 email-validator-2.2.0 et-xmlfile-2.0.0 fastapi-0.116.1 fastapi-cli-0.0.8 fastapi-cloud-cli-0.1.5 fastapi-limiter-0.1.6 greenlet-3.2.4 h11-0.16.0 httpcore-1.0.9 httptools-0.6.4 httpx-0.28.1 idna-3.10 imapclient-3.0.1 iniconfig-2.1.0 itsdangerous-2.2.0 jmespath-1.0.1 kombu-5.5.4 markdown-it-py-4.0.0 mdurl-0.1.2 minio-7.2.16 mirakuru-2.6.1 multimethod-1.10 mypy-1.17.1 mypy-extensions-1.1.0 nr-date-2.1.0 nr-stream-1.1.5 nr-util-0.8.12 numpy-1.26.4 openpyxl-3.1.5 orjson-3.11.2 packaging-25.0 pandas-2.2.3 pandera-0.19.3 pathspec-0.12.1 platformdirs-4.3.8 pluggy-1.6.0 port-for-0.7.4 prompt-toolkit-3.0.51 psutil-7.0.0 psycopg-3.2.9 psycopg-binary-3.2.9 psycopg2-binary-2.9.10 pycparser-2.22 pycryptodome-3.23.0 pydantic-2.11.7 pydantic-core-2.33.2 pydantic-extra-types-2.10.5 pydantic-settings-2.10.1 pydoc-markdown-4.8.2 pygments-2.19.2 pytest-8.4.1 pytest-asyncio-0.23.6 pytest-cov-6.2.1 pytest-postgresql-7.0.2 python-dateutil-2.9.0.post0 python-dotenv-1.1.1 python-multipart-0.0.20 python-telegram-bot-22.3 pytz-2025.2 redis-6.4.0 requests-2.32.4 respx-0.22.0 rich-14.1.0 rich-toolkit-0.15.0 rignore-0.6.4 ruff-0.9.9 s3transfer-0.13.1 sentry-sdk-2.35.0 setuptools-80.9.0 shellingham-1.5.4 six-1.17.0 sniffio-1.3.1 sqlalchemy-2.0.43 starlette-0.47.2 structlog-24.1.0 testcontainers-4.10.0 toml-0.10.2 tomli-2.2.1 tomli_w-1.2.0 typeapi-2.2.4 typeguard-4.4.4 typer-0.16.1 types-requests-2.32.4.20250809 typing-extensions-4.14.1 typing-inspect-0.9.0 typing-inspection-0.4.1 tzdata-2025.2 tzlocal-5.3.1 ujson-5.11.0 urllib3-2.5.0 uvicorn-0.35.0 uvloop-0.21.0 vine-5.1.0 vulture-2.10 watchdog-6.0.0 watchfiles-1.1.0 wcwidth-0.2.13 websockets-15.0.1 wrapt-1.17.3 yapf-0.43.0
2025-08-20T21:20:13.1780529Z Collecting keepa==1.3.15
2025-08-20T21:20:13.1793405Z   Using cached keepa-1.3.15-py3-none-any.whl.metadata (11 kB)
2025-08-20T21:20:13.2087606Z Collecting minio==7.1.15
2025-08-20T21:20:13.2099471Z   Using cached minio-7.1.15-py3-none-any.whl.metadata (4.2 kB)
2025-08-20T21:20:13.2125944Z Requirement already satisfied: numpy>=1.9.3 in /opt/hostedtoolcache/Python/3.12.11/x64/lib/python3.12/site-packages (from keepa==1.3.15) (1.26.4)
2025-08-20T21:20:13.2131910Z Requirement already satisfied: requests>=2.2 in /opt/hostedtoolcache/Python/3.12.11/x64/lib/python3.12/site-packages (from keepa==1.3.15) (2.32.4)
2025-08-20T21:20:13.2456373Z Collecting tqdm (from keepa==1.3.15)
2025-08-20T21:20:13.2468071Z   Using cached tqdm-4.67.1-py3-none-any.whl.metadata (57 kB)
2025-08-20T21:20:13.7258806Z Collecting aiohttp (from keepa==1.3.15)
2025-08-20T21:20:13.7272420Z   Using cached aiohttp-3.12.15-cp312-cp312-manylinux_2_17_x86_64.manylinux2014_x86_64.whl.metadata (7.7 kB)
2025-08-20T21:20:13.7308116Z Requirement already satisfied: pandas<=3.0 in /opt/hostedtoolcache/Python/3.12.11/x64/lib/python3.12/site-packages (from keepa==1.3.15) (2.2.3)
2025-08-20T21:20:13.7312424Z Requirement already satisfied: pydantic in /opt/hostedtoolcache/Python/3.12.11/x64/lib/python3.12/site-packages (from keepa==1.3.15) (2.11.7)
2025-08-20T21:20:13.7320549Z Requirement already satisfied: certifi in /opt/hostedtoolcache/Python/3.12.11/x64/lib/python3.12/site-packages (from minio==7.1.15) (2025.8.3)
2025-08-20T21:20:13.7324849Z Requirement already satisfied: urllib3 in /opt/hostedtoolcache/Python/3.12.11/x64/lib/python3.12/site-packages (from minio==7.1.15) (2.5.0)
2025-08-20T21:20:13.7382567Z Requirement already satisfied: python-dateutil>=2.8.2 in /opt/hostedtoolcache/Python/3.12.11/x64/lib/python3.12/site-packages (from pandas<=3.0->keepa==1.3.15) (2.9.0.post0)
2025-08-20T21:20:13.7388491Z Requirement already satisfied: pytz>=2020.1 in /opt/hostedtoolcache/Python/3.12.11/x64/lib/python3.12/site-packages (from pandas<=3.0->keepa==1.3.15) (2025.2)
2025-08-20T21:20:13.7394440Z Requirement already satisfied: tzdata>=2022.7 in /opt/hostedtoolcache/Python/3.12.11/x64/lib/python3.12/site-packages (from pandas<=3.0->keepa==1.3.15) (2025.2)
2025-08-20T21:20:13.7520898Z Requirement already satisfied: six>=1.5 in /opt/hostedtoolcache/Python/3.12.11/x64/lib/python3.12/site-packages (from python-dateutil>=2.8.2->pandas<=3.0->keepa==1.3.15) (1.17.0)
2025-08-20T21:20:13.7540513Z Requirement already satisfied: charset_normalizer<4,>=2 in /opt/hostedtoolcache/Python/3.12.11/x64/lib/python3.12/site-packages (from requests>=2.2->keepa==1.3.15) (3.4.3)
2025-08-20T21:20:13.7547191Z Requirement already satisfied: idna<4,>=2.5 in /opt/hostedtoolcache/Python/3.12.11/x64/lib/python3.12/site-packages (from requests>=2.2->keepa==1.3.15) (3.10)
2025-08-20T21:20:13.7741406Z Collecting aiohappyeyeballs>=2.5.0 (from aiohttp->keepa==1.3.15)
2025-08-20T21:20:13.7753211Z   Using cached aiohappyeyeballs-2.6.1-py3-none-any.whl.metadata (5.9 kB)
2025-08-20T21:20:13.7856363Z Collecting aiosignal>=1.4.0 (from aiohttp->keepa==1.3.15)
2025-08-20T21:20:13.7867468Z   Using cached aiosignal-1.4.0-py3-none-any.whl.metadata (3.7 kB)
2025-08-20T21:20:13.8017805Z Collecting attrs>=17.3.0 (from aiohttp->keepa==1.3.15)
2025-08-20T21:20:13.8028817Z   Using cached attrs-25.3.0-py3-none-any.whl.metadata (10 kB)
2025-08-20T21:20:13.8681248Z Collecting frozenlist>=1.1.1 (from aiohttp->keepa==1.3.15)
2025-08-20T21:20:13.8693833Z   Using cached frozenlist-1.7.0-cp312-cp312-manylinux_2_5_x86_64.manylinux1_x86_64.manylinux_2_17_x86_64.manylinux2014_x86_64.whl.metadata (18 kB)
2025-08-20T21:20:14.1136116Z Collecting multidict<7.0,>=4.5 (from aiohttp->keepa==1.3.15)
2025-08-20T21:20:14.1149939Z   Using cached multidict-6.6.4-cp312-cp312-manylinux2014_x86_64.manylinux_2_17_x86_64.manylinux_2_28_x86_64.whl.metadata (5.3 kB)
2025-08-20T21:20:14.1580403Z Collecting propcache>=0.2.0 (from aiohttp->keepa==1.3.15)
2025-08-20T21:20:14.1592474Z   Using cached propcache-0.3.2-cp312-cp312-manylinux_2_17_x86_64.manylinux2014_x86_64.whl.metadata (12 kB)
2025-08-20T21:20:14.3905758Z Collecting yarl<2.0,>=1.17.0 (from aiohttp->keepa==1.3.15)
2025-08-20T21:20:14.3919026Z   Using cached yarl-1.20.1-cp312-cp312-manylinux_2_17_x86_64.manylinux2014_x86_64.whl.metadata (73 kB)
2025-08-20T21:20:14.4138847Z Requirement already satisfied: typing-extensions>=4.2 in /opt/hostedtoolcache/Python/3.12.11/x64/lib/python3.12/site-packages (from aiosignal>=1.4.0->aiohttp->keepa==1.3.15) (4.14.1)
2025-08-20T21:20:14.4190948Z Requirement already satisfied: annotated-types>=0.6.0 in /opt/hostedtoolcache/Python/3.12.11/x64/lib/python3.12/site-packages (from pydantic->keepa==1.3.15) (0.7.0)
2025-08-20T21:20:14.4197364Z Requirement already satisfied: pydantic-core==2.33.2 in /opt/hostedtoolcache/Python/3.12.11/x64/lib/python3.12/site-packages (from pydantic->keepa==1.3.15) (2.33.2)
2025-08-20T21:20:14.4205464Z Requirement already satisfied: typing-inspection>=0.4.0 in /opt/hostedtoolcache/Python/3.12.11/x64/lib/python3.12/site-packages (from pydantic->keepa==1.3.15) (0.4.1)
2025-08-20T21:20:14.4268449Z Using cached keepa-1.3.15-py3-none-any.whl (38 kB)
2025-08-20T21:20:14.4279978Z Using cached minio-7.1.15-py3-none-any.whl (77 kB)
2025-08-20T21:20:14.4292313Z Using cached aiohttp-3.12.15-cp312-cp312-manylinux_2_17_x86_64.manylinux2014_x86_64.whl (1.7 MB)
2025-08-20T21:20:14.4316599Z Using cached multidict-6.6.4-cp312-cp312-manylinux2014_x86_64.manylinux_2_17_x86_64.manylinux_2_28_x86_64.whl (256 kB)
2025-08-20T21:20:14.4329784Z Using cached yarl-1.20.1-cp312-cp312-manylinux_2_17_x86_64.manylinux2014_x86_64.whl (355 kB)
2025-08-20T21:20:14.4343608Z Using cached aiohappyeyeballs-2.6.1-py3-none-any.whl (15 kB)
2025-08-20T21:20:14.4355315Z Using cached aiosignal-1.4.0-py3-none-any.whl (7.5 kB)
2025-08-20T21:20:14.4366748Z Using cached attrs-25.3.0-py3-none-any.whl (63 kB)
2025-08-20T21:20:14.4379088Z Using cached frozenlist-1.7.0-cp312-cp312-manylinux_2_5_x86_64.manylinux1_x86_64.manylinux_2_17_x86_64.manylinux2014_x86_64.whl (241 kB)
2025-08-20T21:20:14.4392158Z Using cached propcache-0.3.2-cp312-cp312-manylinux_2_17_x86_64.manylinux2014_x86_64.whl (224 kB)
2025-08-20T21:20:14.4405080Z Using cached tqdm-4.67.1-py3-none-any.whl (78 kB)
2025-08-20T21:20:14.6291714Z Installing collected packages: tqdm, propcache, multidict, minio, frozenlist, attrs, aiohappyeyeballs, yarl, aiosignal, aiohttp, keepa
2025-08-20T21:20:14.7028342Z   Attempting uninstall: minio
2025-08-20T21:20:14.7077051Z     Found existing installation: minio 7.2.16
2025-08-20T21:20:14.7113823Z     Uninstalling minio-7.2.16:
2025-08-20T21:20:14.7124411Z       Successfully uninstalled minio-7.2.16
2025-08-20T21:20:15.0753727Z 
2025-08-20T21:20:15.0869556Z Successfully installed aiohappyeyeballs-2.6.1 aiohttp-3.12.15 aiosignal-1.4.0 attrs-25.3.0 frozenlist-1.7.0 keepa-1.3.15 minio-7.1.15 multidict-6.6.4 propcache-0.3.2 tqdm-4.67.1 yarl-1.20.1
2025-08-20T21:20:15.2347990Z ##[group]Run ruff check .
2025-08-20T21:20:15.2348287Z [36;1mruff check .[0m
2025-08-20T21:20:15.2348499Z [36;1mruff format --check .[0m
2025-08-20T21:20:15.2348724Z [36;1mvulture[0m
2025-08-20T21:20:15.2389147Z shell: /usr/bin/bash -e {0}
2025-08-20T21:20:15.2389376Z env:
2025-08-20T21:20:15.2389596Z   REDIS_URL: redis://localhost:6379/0
2025-08-20T21:20:15.2389853Z   RATE_LIMIT_DEFAULT: 100/minute
2025-08-20T21:20:15.2390079Z   TRUST_X_FORWARDED: 1
2025-08-20T21:20:15.2390278Z   PG_USER: postgres
2025-08-20T21:20:15.2390465Z   PG_PASSWORD: pass
2025-08-20T21:20:15.2390650Z   PG_DATABASE: awa
2025-08-20T21:20:15.2390835Z   PG_HOST: localhost
2025-08-20T21:20:15.2391014Z   PG_PORT: 5432
2025-08-20T21:20:15.2391455Z   PG_SYNC_DSN: ***localhost:5432/awa
2025-08-20T21:20:15.2391863Z   PG_ASYNC_DSN: ***localhost:5432/awa
2025-08-20T21:20:15.2392232Z   DATABASE_URL: ***localhost:5432/awa
2025-08-20T21:20:15.2392473Z   DATA_DIR: /tmp/awa-data
2025-08-20T21:20:15.2392863Z   ENABLE_LIVE: 0
2025-08-20T21:20:15.2393075Z   TESTING: 1
2025-08-20T21:20:15.2393315Z   pythonLocation: /opt/hostedtoolcache/Python/3.12.11/x64
2025-08-20T21:20:15.2393711Z   PKG_CONFIG_PATH: /opt/hostedtoolcache/Python/3.12.11/x64/lib/pkgconfig
2025-08-20T21:20:15.2394095Z   Python_ROOT_DIR: /opt/hostedtoolcache/Python/3.12.11/x64
2025-08-20T21:20:15.2394434Z   Python2_ROOT_DIR: /opt/hostedtoolcache/Python/3.12.11/x64
2025-08-20T21:20:15.2394800Z   Python3_ROOT_DIR: /opt/hostedtoolcache/Python/3.12.11/x64
2025-08-20T21:20:15.2395159Z   LD_LIBRARY_PATH: /opt/hostedtoolcache/Python/3.12.11/x64/lib
2025-08-20T21:20:15.2395453Z ##[endgroup]
2025-08-20T21:20:15.2683883Z All checks passed!
2025-08-20T21:20:15.2903676Z 254 files already formatted
2025-08-20T21:20:15.3459726Z ##[group]Run for i in {1..30}; do pg_isready -h "$PG_HOST" -p "$PG_PORT" -U "$PG_USER" -d "$PG_DATABASE" && break; sleep 1; done
2025-08-20T21:20:15.3460382Z [36;1mfor i in {1..30}; do pg_isready -h "$PG_HOST" -p "$PG_PORT" -U "$PG_USER" -d "$PG_DATABASE" && break; sleep 1; done[0m
2025-08-20T21:20:15.3501092Z shell: /usr/bin/bash -e {0}
2025-08-20T21:20:15.3501491Z env:
2025-08-20T21:20:15.3501700Z   REDIS_URL: redis://localhost:6379/0
2025-08-20T21:20:15.3501984Z   RATE_LIMIT_DEFAULT: 100/minute
2025-08-20T21:20:15.3502227Z   TRUST_X_FORWARDED: 1
2025-08-20T21:20:15.3502431Z   PG_USER: postgres
2025-08-20T21:20:15.3502630Z   PG_PASSWORD: pass
2025-08-20T21:20:15.3503027Z   PG_DATABASE: awa
2025-08-20T21:20:15.3503208Z   PG_HOST: localhost
2025-08-20T21:20:15.3503394Z   PG_PORT: 5432
2025-08-20T21:20:15.3503833Z   PG_SYNC_DSN: ***localhost:5432/awa
2025-08-20T21:20:15.3504214Z   PG_ASYNC_DSN: ***localhost:5432/awa
2025-08-20T21:20:15.3504608Z   DATABASE_URL: ***localhost:5432/awa
2025-08-20T21:20:15.3504850Z   DATA_DIR: /tmp/awa-data
2025-08-20T21:20:15.3505053Z   ENABLE_LIVE: 0
2025-08-20T21:20:15.3505224Z   TESTING: 1
2025-08-20T21:20:15.3505458Z   pythonLocation: /opt/hostedtoolcache/Python/3.12.11/x64
2025-08-20T21:20:15.3505854Z   PKG_CONFIG_PATH: /opt/hostedtoolcache/Python/3.12.11/x64/lib/pkgconfig
2025-08-20T21:20:15.3506243Z   Python_ROOT_DIR: /opt/hostedtoolcache/Python/3.12.11/x64
2025-08-20T21:20:15.3506596Z   Python2_ROOT_DIR: /opt/hostedtoolcache/Python/3.12.11/x64
2025-08-20T21:20:15.3506939Z   Python3_ROOT_DIR: /opt/hostedtoolcache/Python/3.12.11/x64
2025-08-20T21:20:15.3507287Z   LD_LIBRARY_PATH: /opt/hostedtoolcache/Python/3.12.11/x64/lib
2025-08-20T21:20:15.3507579Z ##[endgroup]
2025-08-20T21:20:15.5377979Z localhost:5432 - accepting connections
2025-08-20T21:20:15.5413804Z ##[group]Run psql -h "$PG_HOST" -p "$PG_PORT" -U "$PG_USER" -d "$PG_DATABASE" -c "SELECT 1"
2025-08-20T21:20:15.5414376Z [36;1mpsql -h "$PG_HOST" -p "$PG_PORT" -U "$PG_USER" -d "$PG_DATABASE" -c "SELECT 1"[0m
2025-08-20T21:20:15.5452545Z shell: /usr/bin/bash -e {0}
2025-08-20T21:20:15.5452986Z env:
2025-08-20T21:20:15.5453206Z   REDIS_URL: redis://localhost:6379/0
2025-08-20T21:20:15.5453473Z   RATE_LIMIT_DEFAULT: 100/minute
2025-08-20T21:20:15.5453702Z   TRUST_X_FORWARDED: 1
2025-08-20T21:20:15.5453895Z   PG_USER: postgres
2025-08-20T21:20:15.5454097Z   PG_PASSWORD: pass
2025-08-20T21:20:15.5454281Z   PG_DATABASE: awa
2025-08-20T21:20:15.5454455Z   PG_HOST: localhost
2025-08-20T21:20:15.5454639Z   PG_PORT: 5432
2025-08-20T21:20:15.5455208Z   PG_SYNC_DSN: ***localhost:5432/awa
2025-08-20T21:20:15.5455609Z   PG_ASYNC_DSN: ***localhost:5432/awa
2025-08-20T21:20:15.5455977Z   DATABASE_URL: ***localhost:5432/awa
2025-08-20T21:20:15.5456208Z   DATA_DIR: /tmp/awa-data
2025-08-20T21:20:15.5456459Z   ENABLE_LIVE: 0
2025-08-20T21:20:15.5456635Z   TESTING: 1
2025-08-20T21:20:15.5456871Z   pythonLocation: /opt/hostedtoolcache/Python/3.12.11/x64
2025-08-20T21:20:15.5457267Z   PKG_CONFIG_PATH: /opt/hostedtoolcache/Python/3.12.11/x64/lib/pkgconfig
2025-08-20T21:20:15.5457654Z   Python_ROOT_DIR: /opt/hostedtoolcache/Python/3.12.11/x64
2025-08-20T21:20:15.5457992Z   Python2_ROOT_DIR: /opt/hostedtoolcache/Python/3.12.11/x64
2025-08-20T21:20:15.5458338Z   Python3_ROOT_DIR: /opt/hostedtoolcache/Python/3.12.11/x64
2025-08-20T21:20:15.5458690Z   LD_LIBRARY_PATH: /opt/hostedtoolcache/Python/3.12.11/x64/lib
2025-08-20T21:20:15.5458987Z   PGPASSWORD: pass
2025-08-20T21:20:15.5459173Z ##[endgroup]
2025-08-20T21:20:15.6600272Z  ?column? 
2025-08-20T21:20:15.6600587Z ----------
2025-08-20T21:20:15.6600877Z         1
2025-08-20T21:20:15.6601137Z (1 row)
2025-08-20T21:20:15.6601290Z 
2025-08-20T21:20:15.6633381Z ##[group]Run alembic -c services/api/alembic.ini upgrade head
2025-08-20T21:20:15.6633808Z [36;1malembic -c services/api/alembic.ini upgrade head[0m
2025-08-20T21:20:15.6669946Z shell: /usr/bin/bash -e {0}
2025-08-20T21:20:15.6670168Z env:
2025-08-20T21:20:15.6670372Z   REDIS_URL: redis://localhost:6379/0
2025-08-20T21:20:15.6670648Z   RATE_LIMIT_DEFAULT: 100/minute
2025-08-20T21:20:15.6670881Z   TRUST_X_FORWARDED: 1
2025-08-20T21:20:15.6671075Z   PG_USER: postgres
2025-08-20T21:20:15.6671265Z   PG_PASSWORD: pass
2025-08-20T21:20:15.6671441Z   PG_DATABASE: awa
2025-08-20T21:20:15.6671624Z   PG_HOST: localhost
2025-08-20T21:20:15.6671813Z   PG_PORT: 5432
2025-08-20T21:20:15.6672401Z   PG_SYNC_DSN: ***localhost:5432/awa
2025-08-20T21:20:15.6673061Z   PG_ASYNC_DSN: ***localhost:5432/awa
2025-08-20T21:20:15.6673447Z   DATABASE_URL: ***localhost:5432/awa
2025-08-20T21:20:15.6673677Z   DATA_DIR: /tmp/awa-data
2025-08-20T21:20:15.6673883Z   ENABLE_LIVE: 0
2025-08-20T21:20:15.6674086Z   TESTING: 1
2025-08-20T21:20:15.6674330Z   pythonLocation: /opt/hostedtoolcache/Python/3.12.11/x64
2025-08-20T21:20:15.6674731Z   PKG_CONFIG_PATH: /opt/hostedtoolcache/Python/3.12.11/x64/lib/pkgconfig
2025-08-20T21:20:15.6675117Z   Python_ROOT_DIR: /opt/hostedtoolcache/Python/3.12.11/x64
2025-08-20T21:20:15.6675461Z   Python2_ROOT_DIR: /opt/hostedtoolcache/Python/3.12.11/x64
2025-08-20T21:20:15.6675810Z   Python3_ROOT_DIR: /opt/hostedtoolcache/Python/3.12.11/x64
2025-08-20T21:20:15.6676163Z   LD_LIBRARY_PATH: /opt/hostedtoolcache/Python/3.12.11/x64/lib
2025-08-20T21:20:15.6676457Z ##[endgroup]
2025-08-20T21:20:17.0348678Z INFO  [alembic.runtime.migration] Context impl PostgresqlImpl.
2025-08-20T21:20:17.0349639Z INFO  [alembic.runtime.migration] Will assume transactional DDL.
2025-08-20T21:20:17.0521893Z INFO  [alembic.runtime.migration] Running upgrade  -> 0001_baseline
2025-08-20T21:20:17.0668698Z INFO  [alembic.runtime.migration] Running upgrade 0001_baseline -> 0002_create_roi_view
2025-08-20T21:20:17.0695006Z INFO  [alembic.runtime.migration] Running upgrade 0002_create_roi_view -> 3e9d5c5aff2c
2025-08-20T21:20:17.0859792Z INFO  [alembic.runtime.migration] Running upgrade 3e9d5c5aff2c -> 0003_vendor_prices
2025-08-20T21:20:17.1019364Z INFO  [alembic.runtime.migration] Running upgrade 0003_vendor_prices -> 0004_fee_cron
2025-08-20T21:20:17.1078706Z INFO  [alembic.runtime.migration] Running upgrade 0004_fee_cron -> 0006_fix_roi_views
2025-08-20T21:20:17.1110796Z INFO  [alembic.runtime.migration] Running upgrade 0006_fix_roi_views -> 0020_unified_schema
2025-08-20T21:20:17.1220676Z INFO  [alembic.runtime.migration] Running upgrade 0020_unified_schema -> 0022_fix_roi_view
2025-08-20T21:20:17.1291517Z INFO  [alembic.runtime.migration] Running upgrade 0022_fix_roi_view -> 0023_add_storage_fee
2025-08-20T21:20:17.1328936Z INFO  [alembic.runtime.migration] Running upgrade 0023_add_storage_fee -> 0024_create_buybox
2025-08-20T21:20:17.1351161Z INFO  [alembic.runtime.migration] Running upgrade 0024_create_buybox -> 0025_pr4_indexes_loadlog
2025-08-20T21:20:17.1574557Z INFO  [alembic.runtime.migration] Running upgrade 0025_pr4_indexes_loadlog -> 0026_amazon_new_reports
2025-08-20T21:20:17.2488699Z ##[group]Run python -m mypy services || true
2025-08-20T21:20:17.2489054Z [36;1mpython -m mypy services || true[0m
2025-08-20T21:20:17.2529148Z shell: /usr/bin/bash -e {0}
2025-08-20T21:20:17.2529376Z env:
2025-08-20T21:20:17.2529594Z   REDIS_URL: redis://localhost:6379/0
2025-08-20T21:20:17.2529868Z   RATE_LIMIT_DEFAULT: 100/minute
2025-08-20T21:20:17.2530090Z   TRUST_X_FORWARDED: 1
2025-08-20T21:20:17.2530296Z   PG_USER: postgres
2025-08-20T21:20:17.2530489Z   PG_PASSWORD: pass
2025-08-20T21:20:17.2530680Z   PG_DATABASE: awa
2025-08-20T21:20:17.2530896Z   PG_HOST: localhost
2025-08-20T21:20:17.2531089Z   PG_PORT: 5432
2025-08-20T21:20:17.2531563Z   PG_SYNC_DSN: ***localhost:5432/awa
2025-08-20T21:20:17.2531988Z   PG_ASYNC_DSN: ***localhost:5432/awa
2025-08-20T21:20:17.2532376Z   DATABASE_URL: ***localhost:5432/awa
2025-08-20T21:20:17.2532607Z   DATA_DIR: /tmp/awa-data
2025-08-20T21:20:17.2533021Z   ENABLE_LIVE: 0
2025-08-20T21:20:17.2533214Z   TESTING: 1
2025-08-20T21:20:17.2533492Z   pythonLocation: /opt/hostedtoolcache/Python/3.12.11/x64
2025-08-20T21:20:17.2533906Z   PKG_CONFIG_PATH: /opt/hostedtoolcache/Python/3.12.11/x64/lib/pkgconfig
2025-08-20T21:20:17.2534296Z   Python_ROOT_DIR: /opt/hostedtoolcache/Python/3.12.11/x64
2025-08-20T21:20:17.2534647Z   Python2_ROOT_DIR: /opt/hostedtoolcache/Python/3.12.11/x64
2025-08-20T21:20:17.2534990Z   Python3_ROOT_DIR: /opt/hostedtoolcache/Python/3.12.11/x64
2025-08-20T21:20:17.2535358Z   LD_LIBRARY_PATH: /opt/hostedtoolcache/Python/3.12.11/x64/lib
2025-08-20T21:20:17.2535836Z ##[endgroup]
2025-08-20T21:20:48.8516996Z Success: no issues found in 97 source files
2025-08-20T21:20:48.8916155Z ##[group]Run pytest -q --cov=services --cov-report=xml
2025-08-20T21:20:48.8916841Z [36;1mpytest -q --cov=services --cov-report=xml[0m
2025-08-20T21:20:48.8961159Z shell: /usr/bin/bash -e {0}
2025-08-20T21:20:48.8961563Z env:
2025-08-20T21:20:48.8961921Z   REDIS_URL: redis://localhost:6379/0
2025-08-20T21:20:48.8962404Z   RATE_LIMIT_DEFAULT: 100/minute
2025-08-20T21:20:48.8963050Z   TRUST_X_FORWARDED: 1
2025-08-20T21:20:48.8963411Z   PG_USER: postgres
2025-08-20T21:20:48.8963767Z   PG_PASSWORD: pass
2025-08-20T21:20:48.8964030Z   PG_DATABASE: awa
2025-08-20T21:20:48.8964254Z   PG_HOST: localhost
2025-08-20T21:20:48.8964482Z   PG_PORT: 5432
2025-08-20T21:20:48.8964982Z   PG_SYNC_DSN: ***localhost:5432/awa
2025-08-20T21:20:48.8965574Z   PG_ASYNC_DSN: ***localhost:5432/awa
2025-08-20T21:20:48.8966352Z   DATABASE_URL: ***localhost:5432/awa
2025-08-20T21:20:48.8966823Z   DATA_DIR: /tmp/awa-data
2025-08-20T21:20:48.8967130Z   ENABLE_LIVE: 0
2025-08-20T21:20:48.8967332Z   TESTING: 1
2025-08-20T21:20:48.8967655Z   pythonLocation: /opt/hostedtoolcache/Python/3.12.11/x64
2025-08-20T21:20:48.8968177Z   PKG_CONFIG_PATH: /opt/hostedtoolcache/Python/3.12.11/x64/lib/pkgconfig
2025-08-20T21:20:48.8968659Z   Python_ROOT_DIR: /opt/hostedtoolcache/Python/3.12.11/x64
2025-08-20T21:20:48.8969090Z   Python2_ROOT_DIR: /opt/hostedtoolcache/Python/3.12.11/x64
2025-08-20T21:20:48.8969523Z   Python3_ROOT_DIR: /opt/hostedtoolcache/Python/3.12.11/x64
2025-08-20T21:20:48.8969957Z   LD_LIBRARY_PATH: /opt/hostedtoolcache/Python/3.12.11/x64/lib
2025-08-20T21:20:48.8970310Z ##[endgroup]
2025-08-20T21:21:25.8959411Z ........s.............................sssssss........................... [ 41%]
2025-08-20T21:21:57.7856670Z ........................................................................ [ 83%]
2025-08-20T21:21:58.9327138Z .............................                                            [100%]
2025-08-20T21:21:58.9327930Z =============================== warnings summary ===============================
2025-08-20T21:21:58.9329003Z ../../../../../opt/hostedtoolcache/Python/3.12.11/x64/lib/python3.12/site-packages/pydantic/fields.py:1093
2025-08-20T21:21:58.9332248Z   /opt/hostedtoolcache/Python/3.12.11/x64/lib/python3.12/site-packages/pydantic/fields.py:1093: PydanticDeprecatedSince20: Using extra keyword arguments on `Field` is deprecated and will be removed. Use `json_schema_extra` instead. (Extra keys: 'strip_whitespace'). Deprecated in Pydantic V2.0 to be removed in V3.0. See Pydantic V2 Migration Guide at https://errors.pydantic.dev/2.11/migration/
2025-08-20T21:21:58.9334943Z     warn(
2025-08-20T21:21:58.9335116Z 
2025-08-20T21:21:58.9335283Z services/alert_bot/tests/test_smoke.py:5
2025-08-20T21:21:58.9336511Z   /home/runner/work/AWA-App/AWA-App/services/alert_bot/tests/test_smoke.py:5: UserWarning: pkg_resources is deprecated as an API. See https://setuptools.pypa.io/en/latest/pkg_resources.html. The pkg_resources package is slated for removal as early as 2025-11-30. Refrain from using this package or pin to Setuptools<81.
2025-08-20T21:21:58.9337649Z     import pkg_resources  # noqa: F401
2025-08-20T21:21:58.9337821Z 
2025-08-20T21:21:58.9337935Z tests/api/test_ingest_endpoints.py: 12 warnings
2025-08-20T21:21:58.9338227Z tests/ingest/test_tasks_eager.py: 3 warnings
2025-08-20T21:21:58.9338491Z tests/test_api_fast.py: 1 warning
2025-08-20T21:21:58.9338724Z tests/test_health.py: 5 warnings
2025-08-20T21:21:58.9338957Z tests/test_smoke.py: 5 warnings
2025-08-20T21:21:58.9339193Z services/api/tests/test_cors.py: 1 warning
2025-08-20T21:21:58.9339482Z services/api/tests/test_errors_json.py: 2 warnings
2025-08-20T21:21:58.9339770Z services/api/tests/test_health.py: 1 warning
2025-08-20T21:21:58.9340056Z services/api/tests/test_rate_limit.py: 122 warnings
2025-08-20T21:21:58.9340373Z services/api/tests/test_roi_basic_auth.py: 4 warnings
2025-08-20T21:21:58.9340680Z services/api/tests/test_sentry_event.py: 1 warning
2025-08-20T21:21:58.9341351Z services/api/tests/test_stats_contracts.py: 3 warnings
2025-08-20T21:21:58.9341913Z services/api/tests/test_stats_future_contracts.py: 3 warnings
2025-08-20T21:21:58.9343942Z   /opt/hostedtoolcache/Python/3.12.11/x64/lib/python3.12/site-packages/asgi_correlation_id/extensions/sentry.py:27: DeprecationWarning: sentry_sdk.configure_scope is deprecated and will be removed in the next major version. Please consult our migration guide to learn how to migrate to the new API: https://docs.sentry.io/platforms/python/migration/1.x-to-2.x#scope-configuring
2025-08-20T21:21:58.9346277Z     with configure_scope() as scope:
2025-08-20T21:21:58.9346503Z 
2025-08-20T21:21:58.9346621Z tests/api/test_ingest_endpoints.py: 3 warnings
2025-08-20T21:21:58.9346898Z tests/test_api_fast.py: 1 warning
2025-08-20T21:21:58.9347129Z tests/test_health.py: 5 warnings
2025-08-20T21:21:58.9347543Z Sentry is attempting to send 0 pending events
2025-08-20T21:21:58.9347808Z Waiting up to True seconds
2025-08-20T21:21:58.9348025Z Press Ctrl-C to quit
2025-08-20T21:21:58.9348239Z tests/test_smoke.py: 5 warnings
2025-08-20T21:21:58.9348476Z services/api/tests/test_cors.py: 3 warnings
2025-08-20T21:21:58.9348760Z services/api/tests/test_errors_json.py: 2 warnings
2025-08-20T21:21:58.9349054Z services/api/tests/test_health.py: 1 warning
2025-08-20T21:21:58.9349331Z services/api/tests/test_rate_limit.py: 2 warnings
2025-08-20T21:21:58.9349629Z services/api/tests/test_sentry_event.py: 1 warning
2025-08-20T21:21:58.9349943Z services/api/tests/test_stats_contracts.py: 3 warnings
2025-08-20T21:21:58.9350296Z services/api/tests/test_stats_future_contracts.py: 1 warning
2025-08-20T21:21:58.9351156Z   /opt/hostedtoolcache/Python/3.12.11/x64/lib/python3.12/site-packages/fastapi_limiter/__init__.py:89: DeprecationWarning: Call to deprecated close. (Use aclose() instead) -- Deprecated since version 5.0.1.
2025-08-20T21:21:58.9351919Z     await cls.redis.close()
2025-08-20T21:21:58.9352064Z 
2025-08-20T21:21:58.9352201Z tests/test_api_fast.py::test_health_endpoint
2025-08-20T21:21:58.9353370Z   /home/runner/work/AWA-App/AWA-App/tests/test_api_fast.py:13: DeprecationWarning: datetime.datetime.utcnow() is deprecated and scheduled for removal in a future version. Use timezone-aware objects to represent datetimes in UTC: datetime.datetime.now(datetime.UTC).
2025-08-20T21:21:58.9354320Z     return datetime.datetime.utcnow()
2025-08-20T21:21:58.9354497Z 
2025-08-20T21:21:58.9354581Z tests/test_api_fast.py: 1 warning
2025-08-20T21:21:58.9354814Z tests/test_health.py: 5 warnings
2025-08-20T21:21:58.9355040Z tests/test_smoke.py: 5 warnings
2025-08-20T21:21:58.9355266Z services/api/tests/test_cors.py: 1 warning
2025-08-20T21:21:58.9355534Z services/api/tests/test_health.py: 1 warning
2025-08-20T21:21:58.9355818Z services/api/tests/test_rate_limit.py: 102 warnings
2025-08-20T21:21:58.9356832Z   /home/runner/work/AWA-App/AWA-App/services/api/routes/health.py:24: DeprecationWarning: datetime.datetime.utcnow() is deprecated and scheduled for removal in a future version. Use timezone-aware objects to represent datetimes in UTC: datetime.datetime.now(datetime.UTC).
2025-08-20T21:21:58.9357866Z     app_now = datetime.utcnow().replace(tzinfo=timezone.utc)
2025-08-20T21:21:58.9358085Z 
2025-08-20T21:21:58.9358177Z tests/test_health.py::test_health[0]
2025-08-20T21:21:58.9358421Z tests/test_health.py::test_health[1]
2025-08-20T21:21:58.9358652Z tests/test_health.py::test_health[2]
2025-08-20T21:21:58.9358958Z tests/test_health.py::test_health[3]
2025-08-20T21:21:58.9359192Z tests/test_health.py::test_health[4]
2025-08-20T21:21:58.9360137Z   /home/runner/work/AWA-App/AWA-App/tests/test_health.py:22: DeprecationWarning: datetime.datetime.utcnow() is deprecated and scheduled for removal in a future version. Use timezone-aware objects to represent datetimes in UTC: datetime.datetime.now(datetime.UTC).
2025-08-20T21:21:58.9361107Z     return datetime.datetime.utcnow()
2025-08-20T21:21:58.9361281Z 
2025-08-20T21:21:58.9361371Z tests/test_smoke.py::test_health[0]
2025-08-20T21:21:58.9361795Z tests/test_smoke.py::test_health[1]
2025-08-20T21:21:58.9362150Z tests/test_smoke.py::test_health[2]
2025-08-20T21:21:58.9362382Z tests/test_smoke.py::test_health[3]
2025-08-20T21:21:58.9362611Z tests/test_smoke.py::test_health[4]
2025-08-20T21:21:58.9363801Z   /home/runner/work/AWA-App/AWA-App/tests/test_smoke.py:32: DeprecationWarning: datetime.datetime.utcnow() is deprecated and scheduled for removal in a future version. Use timezone-aware objects to represent datetimes in UTC: datetime.datetime.now(datetime.UTC).
2025-08-20T21:21:58.9364745Z     return datetime.datetime.utcnow()
2025-08-20T21:21:58.9364913Z 
2025-08-20T21:21:58.9365070Z services/api/tests/test_cors.py::test_cors_simple_get_allowed
2025-08-20T21:21:58.9366119Z   /home/runner/work/AWA-App/AWA-App/services/api/tests/test_cors.py:27: DeprecationWarning: datetime.datetime.utcnow() is deprecated and scheduled for removal in a future version. Use timezone-aware objects to represent datetimes in UTC: datetime.datetime.now(datetime.UTC).
2025-08-20T21:21:58.9367106Z     return datetime.datetime.utcnow()
2025-08-20T21:21:58.9367271Z 
2025-08-20T21:21:58.9367397Z services/api/tests/test_health.py::test_health_route
2025-08-20T21:21:58.9368416Z   /home/runner/work/AWA-App/AWA-App/services/api/tests/test_health.py:14: DeprecationWarning: datetime.datetime.utcnow() is deprecated and scheduled for removal in a future version. Use timezone-aware objects to represent datetimes in UTC: datetime.datetime.now(datetime.UTC).
2025-08-20T21:21:58.9369408Z     return datetime.datetime.utcnow()
2025-08-20T21:21:58.9369570Z 
2025-08-20T21:21:58.9369689Z services/api/tests/test_rate_limit.py: 102 warnings
2025-08-20T21:21:58.9370713Z   /home/runner/work/AWA-App/AWA-App/services/api/tests/test_rate_limit.py:33: DeprecationWarning: datetime.datetime.utcnow() is deprecated and scheduled for removal in a future version. Use timezone-aware objects to represent datetimes in UTC: datetime.datetime.now(datetime.UTC).
2025-08-20T21:21:58.9371723Z     return datetime.datetime.utcnow()
2025-08-20T21:21:58.9371894Z 
2025-08-20T21:21:58.9372131Z services/api/tests/test_sentry_event.py::test_unhandled_exception_is_captured_and_tagged
2025-08-20T21:21:58.9373624Z   /home/runner/work/AWA-App/AWA-App/services/api/tests/test_sentry_event.py:47: SentryHubDeprecationWarning: `sentry_sdk.Hub` is deprecated and will be removed in a future major release. Please consult our 1.x to 2.x migration guide for details on how to migrate `Hub` usage to the new API: https://docs.sentry.io/platforms/python/migration/1.x-to-2.x
2025-08-20T21:21:58.9374783Z     hub = sentry_sdk.Hub.current
2025-08-20T21:21:58.9374934Z 
2025-08-20T21:21:58.9375114Z -- Docs: https://docs.pytest.org/en/stable/how-to/capture-warnings.html
2025-08-20T21:21:58.9375493Z ================================ tests coverage ================================
2025-08-20T21:21:58.9375856Z _______________ coverage: platform linux, python 3.12.11-final-0 _______________
2025-08-20T21:21:58.9376110Z 
2025-08-20T21:21:58.9376210Z Coverage XML written to file coverage.xml
2025-08-20T21:21:59.3243728Z ##[group]Run actions/upload-artifact@v4
2025-08-20T21:21:59.3244026Z with:
2025-08-20T21:21:59.3244207Z   name: coverage
2025-08-20T21:21:59.3244399Z   path: coverage.xml
2025-08-20T21:21:59.3244605Z   if-no-files-found: warn
2025-08-20T21:21:59.3244814Z   compression-level: 6
2025-08-20T21:21:59.3245010Z   overwrite: false
2025-08-20T21:21:59.3245204Z   include-hidden-files: false
2025-08-20T21:21:59.3245411Z env:
2025-08-20T21:21:59.3245610Z   REDIS_URL: redis://localhost:6379/0
2025-08-20T21:21:59.3245863Z   RATE_LIMIT_DEFAULT: 100/minute
2025-08-20T21:21:59.3246074Z   TRUST_X_FORWARDED: 1
2025-08-20T21:21:59.3246266Z   PG_USER: postgres
2025-08-20T21:21:59.3246451Z   PG_PASSWORD: pass
2025-08-20T21:21:59.3246629Z   PG_DATABASE: awa
2025-08-20T21:21:59.3246807Z   PG_HOST: localhost
2025-08-20T21:21:59.3246991Z   PG_PORT: 5432
2025-08-20T21:21:59.3247414Z   PG_SYNC_DSN: ***localhost:5432/awa
2025-08-20T21:21:59.3247795Z   PG_ASYNC_DSN: ***localhost:5432/awa
2025-08-20T21:21:59.3248407Z   DATABASE_URL: ***localhost:5432/awa
2025-08-20T21:21:59.3248653Z   DATA_DIR: /tmp/awa-data
2025-08-20T21:21:59.3248849Z   ENABLE_LIVE: 0
2025-08-20T21:21:59.3249022Z   TESTING: 1
2025-08-20T21:21:59.3249255Z   pythonLocation: /opt/hostedtoolcache/Python/3.12.11/x64
2025-08-20T21:21:59.3249641Z   PKG_CONFIG_PATH: /opt/hostedtoolcache/Python/3.12.11/x64/lib/pkgconfig
2025-08-20T21:21:59.3250020Z   Python_ROOT_DIR: /opt/hostedtoolcache/Python/3.12.11/x64
2025-08-20T21:21:59.3250359Z   Python2_ROOT_DIR: /opt/hostedtoolcache/Python/3.12.11/x64
2025-08-20T21:21:59.3250707Z   Python3_ROOT_DIR: /opt/hostedtoolcache/Python/3.12.11/x64
2025-08-20T21:21:59.3251051Z   LD_LIBRARY_PATH: /opt/hostedtoolcache/Python/3.12.11/x64/lib
2025-08-20T21:21:59.3251341Z ##[endgroup]
2025-08-20T21:21:59.5332163Z With the provided path, there will be 1 file uploaded
2025-08-20T21:21:59.5337579Z Artifact name is valid!
2025-08-20T21:21:59.5338905Z Root directory input is valid!
2025-08-20T21:21:59.6534404Z Beginning upload of artifact content to blob storage
2025-08-20T21:21:59.8285881Z Uploaded bytes 5274
2025-08-20T21:21:59.8706212Z Finished uploading artifact content to blob storage!
2025-08-20T21:21:59.8709432Z SHA256 digest of uploaded artifact zip is 655fc07462b5dbc22924a1734bcb8392ffa72e43dc606f4fa2e6ea9f7915de51
2025-08-20T21:21:59.8711497Z Finalizing artifact upload
2025-08-20T21:21:59.9507185Z Artifact coverage.zip successfully finalized. Artifact ID 3813345462
2025-08-20T21:21:59.9508363Z Artifact coverage has been successfully uploaded! Final size is 5274 bytes. Artifact ID is 3813345462
2025-08-20T21:21:59.9515515Z Artifact download URL: https://github.com/AlexBomber12/AWA-App/actions/runs/17110577915/artifacts/3813345462
2025-08-20T21:21:59.9626265Z Post job cleanup.
2025-08-20T21:22:00.1080668Z Cache hit occurred on the primary key setup-python-Linux-x64-24.04-Ubuntu-python-3.12.11-pip-cad4f3141a3acebc51100003b786cdd8b1469fbd1e92da4bdcf4b225e9f8de52, not saving cache.
2025-08-20T21:22:00.1179842Z Post job cleanup.
2025-08-20T21:22:00.2092468Z [command]/usr/bin/git version
2025-08-20T21:22:00.2127808Z git version 2.51.0
2025-08-20T21:22:00.2172255Z Temporarily overriding HOME='/home/runner/work/_temp/08b8bf22-a9f6-42e0-a06f-decb9e1f4adc' before making global git config changes
2025-08-20T21:22:00.2173939Z Adding repository directory to the temporary git global config as a safe directory
2025-08-20T21:22:00.2186260Z [command]/usr/bin/git config --global --add safe.directory /home/runner/work/AWA-App/AWA-App
2025-08-20T21:22:00.2222379Z [command]/usr/bin/git config --local --name-only --get-regexp core\.sshCommand
2025-08-20T21:22:00.2255929Z [command]/usr/bin/git submodule foreach --recursive sh -c "git config --local --name-only --get-regexp 'core\.sshCommand' && git config --local --unset-all 'core.sshCommand' || :"
2025-08-20T21:22:00.2522079Z [command]/usr/bin/git config --local --name-only --get-regexp http\.https\:\/\/github\.com\/\.extraheader
2025-08-20T21:22:00.2545287Z http.https://github.com/.extraheader
2025-08-20T21:22:00.2558176Z [command]/usr/bin/git config --local --unset-all http.https://github.com/.extraheader
2025-08-20T21:22:00.2590971Z [command]/usr/bin/git submodule foreach --recursive sh -c "git config --local --name-only --get-regexp 'http\.https\:\/\/github\.com\/\.extraheader' && git config --local --unset-all 'http.https://github.com/.extraheader' || :"
2025-08-20T21:22:00.2913728Z Print service container logs: edddc0ef394c4162a5e6c7eca272919e_postgres15_4b9705
2025-08-20T21:22:00.2918070Z ##[command]/usr/bin/docker logs --details bb98c8e049970d284bfb1d3d3a83c81d177b8bec2236788d6f17e5cc672636c5
2025-08-20T21:22:00.3043071Z  The files belonging to this database system will be owned by user "postgres".
2025-08-20T21:22:00.3045015Z  initdb: warning: enabling "trust" authentication for local connections
2025-08-20T21:22:00.3045721Z  This user must also own the server process.
2025-08-20T21:22:00.3046754Z  initdb: hint: You can change this by editing pg_hba.conf or using the option -A, or --auth-local and --auth-host, the next time you run initdb.
2025-08-20T21:22:00.3048498Z  2025-08-20 21:19:26.452 UTC [1] LOG:  starting PostgreSQL 15.14 (Debian 15.14-1.pgdg13+1) on x86_64-pc-linux-gnu, compiled by gcc (Debian 14.2.0-19) 14.2.0, 64-bit
2025-08-20T21:22:00.3049601Z  2025-08-20 21:19:26.452 UTC [1] LOG:  listening on IPv4 address "0.0.0.0", port 5432
2025-08-20T21:22:00.3050365Z  2025-08-20 21:19:26.452 UTC [1] LOG:  listening on IPv6 address "::", port 5432
2025-08-20T21:22:00.3051260Z  2025-08-20 21:19:26.454 UTC [1] LOG:  listening on Unix socket "/var/run/postgresql/.s.PGSQL.5432"
2025-08-20T21:22:00.3052206Z  2025-08-20 21:19:26.458 UTC [64] LOG:  database system was shut down at 2025-08-20 21:19:26 UTC
2025-08-20T21:22:00.3067631Z  2025-08-20 21:19:26.462 UTC [1] LOG:  database system is ready to accept connections
2025-08-20T21:22:00.3068228Z  
2025-08-20T21:22:00.3068663Z  The database cluster will be initialized with locale "en_US.utf8".
2025-08-20T21:22:00.3069163Z  The default database encoding has accordingly been set to "UTF8".
2025-08-20T21:22:00.3069580Z  The default text search configuration will be set to "english".
2025-08-20T21:22:00.3069889Z  
2025-08-20T21:22:00.3070068Z  Data page checksums are disabled.
2025-08-20T21:22:00.3070300Z  
2025-08-20T21:22:00.3070574Z  fixing permissions on existing directory /var/lib/postgresql/data ... ok
2025-08-20T21:22:00.3070950Z  creating subdirectories ... ok
2025-08-20T21:22:00.3071252Z  selecting dynamic shared memory implementation ... posix
2025-08-20T21:22:00.3071581Z  selecting default max_connections ... 100
2025-08-20T21:22:00.3071856Z  selecting default shared_buffers ... 128MB
2025-08-20T21:22:00.3072118Z  selecting default time zone ... Etc/UTC
2025-08-20T21:22:00.3072377Z  creating configuration files ... ok
2025-08-20T21:22:00.3072628Z  running bootstrap script ... ok
2025-08-20T21:22:00.3073120Z  performing post-bootstrap initialization ... ok
2025-08-20T21:22:00.3073421Z  syncing data to disk ... ok
2025-08-20T21:22:00.3073636Z  
2025-08-20T21:22:00.3073783Z  
2025-08-20T21:22:00.3073990Z  Success. You can now start the database server using:
2025-08-20T21:22:00.3074263Z  
2025-08-20T21:22:00.3074478Z      pg_ctl -D /var/lib/postgresql/data -l logfile start
2025-08-20T21:22:00.3074747Z  
2025-08-20T21:22:00.3075301Z  waiting for server to start....2025-08-20 21:19:26.137 UTC [48] LOG:  starting PostgreSQL 15.14 (Debian 15.14-1.pgdg13+1) on x86_64-pc-linux-gnu, compiled by gcc (Debian 14.2.0-19) 14.2.0, 64-bit
2025-08-20T21:22:00.3076054Z  2025-08-20 21:19:26.137 UTC [48] LOG:  listening on Unix socket "/var/run/postgresql/.s.PGSQL.5432"
2025-08-20T21:22:00.3076544Z  2025-08-20 21:19:26.140 UTC [51] LOG:  database system was shut down at 2025-08-20 21:19:26 UTC
2025-08-20T21:22:00.3076992Z  2025-08-20 21:19:26.144 UTC [48] LOG:  database system is ready to accept connections
2025-08-20T21:22:00.3077316Z   done
2025-08-20T21:22:00.3077480Z  server started
2025-08-20T21:22:00.3077661Z  CREATE DATABASE
2025-08-20T21:22:00.3077840Z  
2025-08-20T21:22:00.3077986Z  
2025-08-20T21:22:00.3078281Z  /usr/local/bin/docker-entrypoint.sh: ignoring /docker-entrypoint-initdb.d/*
2025-08-20T21:22:00.3078644Z  
2025-08-20T21:22:00.3078862Z  2025-08-20 21:19:26.332 UTC [48] LOG:  received fast shutdown request
2025-08-20T21:22:00.3079551Z  waiting for server to shut down....2025-08-20 21:19:26.332 UTC [48] LOG:  aborting any active transactions
2025-08-20T21:22:00.3080168Z  2025-08-20 21:19:26.334 UTC [48] LOG:  background worker "logical replication launcher" (PID 54) exited with exit code 1
2025-08-20T21:22:00.3080636Z  2025-08-20 21:19:26.334 UTC [49] LOG:  shutting down
2025-08-20T21:22:00.3080979Z  2025-08-20 21:19:26.336 UTC [49] LOG:  checkpoint starting: shutdown immediate
2025-08-20T21:22:00.3081815Z  2025-08-20 21:19:26.357 UTC [49] LOG:  checkpoint complete: wrote 922 buffers (5.6%); 0 WAL file(s) added, 0 removed, 0 recycled; write=0.015 s, sync=0.005 s, total=0.023 s; sync files=301, longest=0.002 s, average=0.001 s; distance=4239 kB, estimate=4239 kB
2025-08-20T21:22:00.3082911Z  2025-08-20 21:19:26.363 UTC [48] LOG:  database system is shut down
2025-08-20T21:22:00.3083210Z   done
2025-08-20T21:22:00.3083373Z  server stopped
2025-08-20T21:22:00.3083548Z  
2025-08-20T21:22:00.3083762Z  PostgreSQL init process complete; ready for start up.
2025-08-20T21:22:00.3084037Z  
2025-08-20T21:22:00.3088989Z Stop and remove container: edddc0ef394c4162a5e6c7eca272919e_postgres15_4b9705
2025-08-20T21:22:00.3093593Z ##[command]/usr/bin/docker rm --force bb98c8e049970d284bfb1d3d3a83c81d177b8bec2236788d6f17e5cc672636c5
2025-08-20T21:22:00.4324165Z bb98c8e049970d284bfb1d3d3a83c81d177b8bec2236788d6f17e5cc672636c5
2025-08-20T21:22:00.4344942Z Print service container logs: 5a4ad39ac946454293af662552d90e37_redis7alpine_827907
2025-08-20T21:22:00.4346069Z ##[command]/usr/bin/docker logs --details 5faf2649789e8efa56b92b5b30048c6ab6daefa83973608cbb802edb740622a3
2025-08-20T21:22:00.4462087Z  1:C 20 Aug 2025 21:19:27.235 # WARNING Memory overcommit must be enabled! Without it, a background save or replication may fail under low memory condition. Being disabled, it can also cause failures without low memory condition, see https://github.com/jemalloc/jemalloc/issues/1328. To fix this issue add 'vm.overcommit_memory = 1' to /etc/sysctl.conf and then reboot or run the command 'sysctl vm.overcommit_memory=1' for this to take effect.
2025-08-20T21:22:00.4465505Z  1:C 20 Aug 2025 21:19:27.235 * oO0OoO0OoO0Oo Redis is starting oO0OoO0OoO0Oo
2025-08-20T21:22:00.4466398Z  1:C 20 Aug 2025 21:19:27.236 * Redis version=7.4.5, bits=64, commit=00000000, modified=0, pid=1, just started
2025-08-20T21:22:00.4467696Z  1:C 20 Aug 2025 21:19:27.236 # Warning: no config file specified, using the default config. In order to specify a config file use redis-server /path/to/redis.conf
2025-08-20T21:22:00.4468807Z  1:M 20 Aug 2025 21:19:27.236 * monotonic clock: POSIX clock_gettime
2025-08-20T21:22:00.4469414Z  1:M 20 Aug 2025 21:19:27.236 * Running mode=standalone, port=6379.
2025-08-20T21:22:00.4469965Z  1:M 20 Aug 2025 21:19:27.237 * Server initialized
2025-08-20T21:22:00.4470490Z  1:M 20 Aug 2025 21:19:27.237 * Ready to accept connections tcp
2025-08-20T21:22:00.4476499Z Stop and remove container: 5a4ad39ac946454293af662552d90e37_redis7alpine_827907
2025-08-20T21:22:00.4477213Z ##[command]/usr/bin/docker rm --force 5faf2649789e8efa56b92b5b30048c6ab6daefa83973608cbb802edb740622a3
2025-08-20T21:22:00.5642568Z 5faf2649789e8efa56b92b5b30048c6ab6daefa83973608cbb802edb740622a3
2025-08-20T21:22:00.5665296Z Remove container network: github_network_31193f87d53f4b0789f38961257e2131
2025-08-20T21:22:00.5669666Z ##[command]/usr/bin/docker network rm github_network_31193f87d53f4b0789f38961257e2131
2025-08-20T21:22:00.6885504Z github_network_31193f87d53f4b0789f38961257e2131
2025-08-20T21:22:00.6943442Z Cleaning up orphan processes
