2025-08-19T10:52:17.2340724Z Current runner version: '2.327.1'
2025-08-19T10:52:17.2364296Z ##[group]Runner Image Provisioner
2025-08-19T10:52:17.2365119Z Hosted Compute Agent
2025-08-19T10:52:17.2365626Z Version: 20250818.377
2025-08-19T10:52:17.2366342Z Commit: 3c593e9f75fe0b87e893bca80d6e12ba089c61fc
2025-08-19T10:52:17.2367003Z Build Date: 2025-08-18T14:52:18Z
2025-08-19T10:52:17.2367586Z ##[endgroup]
2025-08-19T10:52:17.2368193Z ##[group]Operating System
2025-08-19T10:52:17.2368773Z Ubuntu
2025-08-19T10:52:17.2369238Z 24.04.2
2025-08-19T10:52:17.2369725Z LTS
2025-08-19T10:52:17.2370189Z ##[endgroup]
2025-08-19T10:52:17.2370644Z ##[group]Runner Image
2025-08-19T10:52:17.2371276Z Image: ubuntu-24.04
2025-08-19T10:52:17.2371754Z Version: 20250810.1.0
2025-08-19T10:52:17.2373088Z Included Software: https://github.com/actions/runner-images/blob/ubuntu24/20250810.1/images/ubuntu/Ubuntu2404-Readme.md
2025-08-19T10:52:17.2374652Z Image Release: https://github.com/actions/runner-images/releases/tag/ubuntu24%2F20250810.1
2025-08-19T10:52:17.2375627Z ##[endgroup]
2025-08-19T10:52:17.2378080Z ##[group]GITHUB_TOKEN Permissions
2025-08-19T10:52:17.2380031Z Actions: write
2025-08-19T10:52:17.2380632Z Attestations: write
2025-08-19T10:52:17.2381178Z Checks: write
2025-08-19T10:52:17.2381642Z Contents: write
2025-08-19T10:52:17.2382280Z Deployments: write
2025-08-19T10:52:17.2382945Z Discussions: write
2025-08-19T10:52:17.2383505Z Issues: write
2025-08-19T10:52:17.2383943Z Metadata: read
2025-08-19T10:52:17.2384500Z Models: read
2025-08-19T10:52:17.2384988Z Packages: write
2025-08-19T10:52:17.2385470Z Pages: write
2025-08-19T10:52:17.2386026Z PullRequests: write
2025-08-19T10:52:17.2386531Z RepositoryProjects: write
2025-08-19T10:52:17.2387082Z SecurityEvents: write
2025-08-19T10:52:17.2387730Z Statuses: write
2025-08-19T10:52:17.2388235Z ##[endgroup]
2025-08-19T10:52:17.2390254Z Secret source: Actions
2025-08-19T10:52:17.2391035Z Prepare workflow directory
2025-08-19T10:52:17.2831741Z Prepare all required actions
2025-08-19T10:52:17.2869171Z Getting action download info
2025-08-19T10:52:17.6803513Z Download action repository 'actions/checkout@v4' (SHA:08eba0b27e820071cde6df949e0beb9ba4906955)
2025-08-19T10:52:18.4719508Z Download action repository 'actions/setup-python@v5' (SHA:a26af69be951a213d495a4c3e4e4022e16d87065)
2025-08-19T10:52:19.3691819Z Download action repository 'actions/upload-artifact@v4' (SHA:ea165f8d65b6e75b540449e92b4886f43607fa02)
2025-08-19T10:52:19.5591818Z Complete job name: unit
2025-08-19T10:52:19.6063827Z ##[group]Checking docker version
2025-08-19T10:52:19.6076269Z ##[command]/usr/bin/docker version --format '{{.Server.APIVersion}}'
2025-08-19T10:52:19.6565504Z '1.48'
2025-08-19T10:52:19.6577696Z Docker daemon API version: '1.48'
2025-08-19T10:52:19.6578170Z ##[command]/usr/bin/docker version --format '{{.Client.APIVersion}}'
2025-08-19T10:52:19.6725845Z '1.48'
2025-08-19T10:52:19.6738438Z Docker client API version: '1.48'
2025-08-19T10:52:19.6743623Z ##[endgroup]
2025-08-19T10:52:19.6746722Z ##[group]Clean up resources from previous jobs
2025-08-19T10:52:19.6751521Z ##[command]/usr/bin/docker ps --all --quiet --no-trunc --filter "label=217d7e"
2025-08-19T10:52:19.6884809Z ##[command]/usr/bin/docker network prune --force --filter "label=217d7e"
2025-08-19T10:52:19.7004053Z ##[endgroup]
2025-08-19T10:52:19.7004377Z ##[group]Create local container network
2025-08-19T10:52:19.7013778Z ##[command]/usr/bin/docker network create --label 217d7e github_network_d2d8ae7259e64b9990e8a2aa68b85628
2025-08-19T10:52:19.7513737Z 1fcfec6379c3b09d0c97bcfb9c55151607302538322f4047239333e90fd22964
2025-08-19T10:52:19.7531709Z ##[endgroup]
2025-08-19T10:52:19.7555163Z ##[group]Starting postgres service container
2025-08-19T10:52:19.7574098Z ##[command]/usr/bin/docker pull postgres:15
2025-08-19T10:52:20.6361560Z 15: Pulling from library/postgres
2025-08-19T10:52:20.8521075Z 396b1da7636e: Pulling fs layer
2025-08-19T10:52:20.8521681Z fca2566eba32: Pulling fs layer
2025-08-19T10:52:20.8522057Z 631fe8c6d606: Pulling fs layer
2025-08-19T10:52:20.8522396Z 77c7671c4414: Pulling fs layer
2025-08-19T10:52:20.8523215Z 2d9e29180a27: Pulling fs layer
2025-08-19T10:52:20.8523447Z c6bcc2c9a041: Pulling fs layer
2025-08-19T10:52:20.8523664Z ac4b721eb66f: Pulling fs layer
2025-08-19T10:52:20.8523889Z 606bd164980e: Pulling fs layer
2025-08-19T10:52:20.8524115Z f5dfd246bc6e: Pulling fs layer
2025-08-19T10:52:20.8524326Z ba7036bb0a60: Pulling fs layer
2025-08-19T10:52:20.8524531Z 799f859abbbd: Pulling fs layer
2025-08-19T10:52:20.8524744Z d903e777080c: Pulling fs layer
2025-08-19T10:52:20.8524965Z 04adcb462801: Pulling fs layer
2025-08-19T10:52:20.8525198Z 5c10925b29ff: Pulling fs layer
2025-08-19T10:52:20.8525406Z 77c7671c4414: Waiting
2025-08-19T10:52:20.8525593Z 2d9e29180a27: Waiting
2025-08-19T10:52:20.8525776Z f5dfd246bc6e: Waiting
2025-08-19T10:52:20.8525952Z c6bcc2c9a041: Waiting
2025-08-19T10:52:20.8526128Z ac4b721eb66f: Waiting
2025-08-19T10:52:20.8526296Z ba7036bb0a60: Waiting
2025-08-19T10:52:20.8526466Z 606bd164980e: Waiting
2025-08-19T10:52:20.8526636Z 799f859abbbd: Waiting
2025-08-19T10:52:20.8526811Z 04adcb462801: Waiting
2025-08-19T10:52:20.8526983Z 5c10925b29ff: Waiting
2025-08-19T10:52:20.8527151Z d903e777080c: Waiting
2025-08-19T10:52:21.1459465Z fca2566eba32: Download complete
2025-08-19T10:52:21.2582304Z 631fe8c6d606: Verifying Checksum
2025-08-19T10:52:21.2583409Z 631fe8c6d606: Download complete
2025-08-19T10:52:21.4055592Z 396b1da7636e: Verifying Checksum
2025-08-19T10:52:21.4056099Z 396b1da7636e: Download complete
2025-08-19T10:52:21.4721048Z 77c7671c4414: Verifying Checksum
2025-08-19T10:52:21.4721551Z 77c7671c4414: Download complete
2025-08-19T10:52:21.6483125Z 2d9e29180a27: Download complete
2025-08-19T10:52:21.7333842Z ac4b721eb66f: Verifying Checksum
2025-08-19T10:52:21.7353252Z ac4b721eb66f: Download complete
2025-08-19T10:52:21.7609885Z c6bcc2c9a041: Verifying Checksum
2025-08-19T10:52:21.7610646Z c6bcc2c9a041: Download complete
2025-08-19T10:52:21.9079115Z 606bd164980e: Verifying Checksum
2025-08-19T10:52:21.9079645Z 606bd164980e: Download complete
2025-08-19T10:52:22.0526098Z ba7036bb0a60: Verifying Checksum
2025-08-19T10:52:22.0526719Z ba7036bb0a60: Download complete
2025-08-19T10:52:22.2074202Z 799f859abbbd: Verifying Checksum
2025-08-19T10:52:22.2074737Z 799f859abbbd: Download complete
2025-08-19T10:52:22.3164387Z d903e777080c: Verifying Checksum
2025-08-19T10:52:22.3165170Z d903e777080c: Download complete
2025-08-19T10:52:22.3970642Z 396b1da7636e: Pull complete
2025-08-19T10:52:22.4820869Z 04adcb462801: Verifying Checksum
2025-08-19T10:52:22.4821367Z 04adcb462801: Download complete
2025-08-19T10:52:22.5137525Z fca2566eba32: Pull complete
2025-08-19T10:52:22.6290293Z 5c10925b29ff: Verifying Checksum
2025-08-19T10:52:22.6292368Z 5c10925b29ff: Download complete
2025-08-19T10:52:22.7037841Z 631fe8c6d606: Pull complete
2025-08-19T10:52:22.7536325Z 77c7671c4414: Pull complete
2025-08-19T10:52:22.9601423Z f5dfd246bc6e: Verifying Checksum
2025-08-19T10:52:22.9602086Z f5dfd246bc6e: Download complete
2025-08-19T10:52:23.0914355Z 2d9e29180a27: Pull complete
2025-08-19T10:52:23.1937196Z c6bcc2c9a041: Pull complete
2025-08-19T10:52:23.2032335Z ac4b721eb66f: Pull complete
2025-08-19T10:52:23.2142008Z 606bd164980e: Pull complete
2025-08-19T10:52:26.1080160Z f5dfd246bc6e: Pull complete
2025-08-19T10:52:26.1247398Z ba7036bb0a60: Pull complete
2025-08-19T10:52:26.1385546Z 799f859abbbd: Pull complete
2025-08-19T10:52:26.1506966Z d903e777080c: Pull complete
2025-08-19T10:52:26.1625024Z 04adcb462801: Pull complete
2025-08-19T10:52:26.1750051Z 5c10925b29ff: Pull complete
2025-08-19T10:52:26.1798426Z Digest: sha256:bc51cf4f1fe02cce7ed2370b20128a9b00b4eb804573a77d2a0d877aaa9c82b1
2025-08-19T10:52:26.1813066Z Status: Downloaded newer image for postgres:15
2025-08-19T10:52:26.1836349Z docker.io/library/postgres:15
2025-08-19T10:52:26.1896454Z ##[command]/usr/bin/docker create --name 281532208ff843d185d89ab7990aa695_postgres15_9deef9 --label 217d7e --network github_network_d2d8ae7259e64b9990e8a2aa68b85628 --network-alias postgres -p 5432:5432 --health-cmd="pg_isready -U postgres -d awa" --health-interval=5s --health-timeout=5s --health-retries=10 -e "POSTGRES_USER=postgres" -e "POSTGRES_PASSWORD=pass" -e "POSTGRES_DB=awa" -e GITHUB_ACTIONS=true -e CI=true postgres:15
2025-08-19T10:52:26.2203659Z a7bd7205b603dcb8f573457bd0d52509e36471a32e1bee28aea991ae89ffc22f
2025-08-19T10:52:26.2226221Z ##[command]/usr/bin/docker start a7bd7205b603dcb8f573457bd0d52509e36471a32e1bee28aea991ae89ffc22f
2025-08-19T10:52:26.4983295Z a7bd7205b603dcb8f573457bd0d52509e36471a32e1bee28aea991ae89ffc22f
2025-08-19T10:52:26.5007003Z ##[command]/usr/bin/docker ps --all --filter id=a7bd7205b603dcb8f573457bd0d52509e36471a32e1bee28aea991ae89ffc22f --filter status=running --no-trunc --format "{{.ID}} {{.Status}}"
2025-08-19T10:52:26.5139564Z a7bd7205b603dcb8f573457bd0d52509e36471a32e1bee28aea991ae89ffc22f Up Less than a second (health: starting)
2025-08-19T10:52:26.5160232Z ##[command]/usr/bin/docker port a7bd7205b603dcb8f573457bd0d52509e36471a32e1bee28aea991ae89ffc22f
2025-08-19T10:52:26.5300321Z 5432/tcp -> 0.0.0.0:5432
2025-08-19T10:52:26.5301067Z 5432/tcp -> [::]:5432
2025-08-19T10:52:26.5360992Z ##[endgroup]
2025-08-19T10:52:26.5363170Z ##[group]Starting redis service container
2025-08-19T10:52:26.5365100Z ##[command]/usr/bin/docker pull redis:7-alpine
2025-08-19T10:52:27.3734958Z 7-alpine: Pulling from library/redis
2025-08-19T10:52:27.5847515Z 0368fd46e3c6: Pulling fs layer
2025-08-19T10:52:27.5848160Z 4c55286bbede: Pulling fs layer
2025-08-19T10:52:27.5848840Z 5e28347af205: Pulling fs layer
2025-08-19T10:52:27.5849374Z 311eca34042e: Pulling fs layer
2025-08-19T10:52:27.5849822Z e6fe6f07e192: Pulling fs layer
2025-08-19T10:52:27.5850430Z a2cadbfeca72: Pulling fs layer
2025-08-19T10:52:27.5850923Z 4f4fb700ef54: Pulling fs layer
2025-08-19T10:52:27.5851435Z a976ed7e7808: Pulling fs layer
2025-08-19T10:52:27.5852054Z e6fe6f07e192: Waiting
2025-08-19T10:52:27.5852488Z a2cadbfeca72: Waiting
2025-08-19T10:52:27.5853139Z 4f4fb700ef54: Waiting
2025-08-19T10:52:27.5853674Z a976ed7e7808: Waiting
2025-08-19T10:52:27.5854177Z 311eca34042e: Waiting
2025-08-19T10:52:27.8810370Z 4c55286bbede: Verifying Checksum
2025-08-19T10:52:27.8811077Z 4c55286bbede: Download complete
2025-08-19T10:52:27.9222926Z 5e28347af205: Verifying Checksum
2025-08-19T10:52:27.9223524Z 5e28347af205: Download complete
2025-08-19T10:52:27.9677207Z 0368fd46e3c6: Verifying Checksum
2025-08-19T10:52:27.9677848Z 0368fd46e3c6: Download complete
2025-08-19T10:52:28.0706296Z 0368fd46e3c6: Pull complete
2025-08-19T10:52:28.0927930Z 4c55286bbede: Pull complete
2025-08-19T10:52:28.2085217Z 311eca34042e: Verifying Checksum
2025-08-19T10:52:28.2086085Z 311eca34042e: Download complete
2025-08-19T10:52:28.2306443Z 5e28347af205: Pull complete
2025-08-19T10:52:28.2599470Z a2cadbfeca72: Verifying Checksum
2025-08-19T10:52:28.2600072Z a2cadbfeca72: Download complete
2025-08-19T10:52:28.2608843Z 311eca34042e: Pull complete
2025-08-19T10:52:28.3683505Z e6fe6f07e192: Verifying Checksum
2025-08-19T10:52:28.3684018Z e6fe6f07e192: Download complete
2025-08-19T10:52:28.4835734Z 4f4fb700ef54: Verifying Checksum
2025-08-19T10:52:28.4836503Z 4f4fb700ef54: Download complete
2025-08-19T10:52:28.5221071Z a976ed7e7808: Download complete
2025-08-19T10:52:28.5466254Z e6fe6f07e192: Pull complete
2025-08-19T10:52:28.5549985Z a2cadbfeca72: Pull complete
2025-08-19T10:52:28.5630612Z 4f4fb700ef54: Pull complete
2025-08-19T10:52:28.5781012Z a976ed7e7808: Pull complete
2025-08-19T10:52:28.5818964Z Digest: sha256:bb186d083732f669da90be8b0f975a37812b15e913465bb14d845db72a4e3e08
2025-08-19T10:52:28.5829205Z Status: Downloaded newer image for redis:7-alpine
2025-08-19T10:52:28.5837317Z docker.io/library/redis:7-alpine
2025-08-19T10:52:28.5854560Z ##[command]/usr/bin/docker create --name 3f7a03e89412481e83498ff1072d9d88_redis7alpine_b82965 --label 217d7e --network github_network_d2d8ae7259e64b9990e8a2aa68b85628 --network-alias redis -p 6379:6379  -e GITHUB_ACTIONS=true -e CI=true redis:7-alpine
2025-08-19T10:52:28.6104573Z d87a868e62b14fdc698867222f46c8296b727a7ce545440966af99e290ba3f61
2025-08-19T10:52:28.6120189Z ##[command]/usr/bin/docker start d87a868e62b14fdc698867222f46c8296b727a7ce545440966af99e290ba3f61
2025-08-19T10:52:28.7399477Z d87a868e62b14fdc698867222f46c8296b727a7ce545440966af99e290ba3f61
2025-08-19T10:52:28.7418910Z ##[command]/usr/bin/docker ps --all --filter id=d87a868e62b14fdc698867222f46c8296b727a7ce545440966af99e290ba3f61 --filter status=running --no-trunc --format "{{.ID}} {{.Status}}"
2025-08-19T10:52:28.7555373Z d87a868e62b14fdc698867222f46c8296b727a7ce545440966af99e290ba3f61 Up Less than a second
2025-08-19T10:52:28.7568961Z ##[command]/usr/bin/docker port d87a868e62b14fdc698867222f46c8296b727a7ce545440966af99e290ba3f61
2025-08-19T10:52:28.7677022Z 6379/tcp -> 0.0.0.0:6379
2025-08-19T10:52:28.7677477Z 6379/tcp -> [::]:6379
2025-08-19T10:52:28.7690805Z ##[endgroup]
2025-08-19T10:52:28.7700618Z ##[group]Waiting for all services to be ready
2025-08-19T10:52:28.7714024Z ##[command]/usr/bin/docker inspect --format="{{if .Config.Healthcheck}}{{print .State.Health.Status}}{{end}}" a7bd7205b603dcb8f573457bd0d52509e36471a32e1bee28aea991ae89ffc22f
2025-08-19T10:52:28.7824643Z starting
2025-08-19T10:52:28.7845123Z postgres service is starting, waiting 2 seconds before checking again.
2025-08-19T10:52:30.7845560Z ##[command]/usr/bin/docker inspect --format="{{if .Config.Healthcheck}}{{print .State.Health.Status}}{{end}}" a7bd7205b603dcb8f573457bd0d52509e36471a32e1bee28aea991ae89ffc22f
2025-08-19T10:52:30.7961337Z starting
2025-08-19T10:52:30.7975039Z postgres service is starting, waiting 3 seconds before checking again.
2025-08-19T10:52:34.4097644Z ##[command]/usr/bin/docker inspect --format="{{if .Config.Healthcheck}}{{print .State.Health.Status}}{{end}}" a7bd7205b603dcb8f573457bd0d52509e36471a32e1bee28aea991ae89ffc22f
2025-08-19T10:52:34.4212302Z healthy
2025-08-19T10:52:34.4227995Z postgres service is healthy.
2025-08-19T10:52:34.4228744Z ##[command]/usr/bin/docker inspect --format="{{if .Config.Healthcheck}}{{print .State.Health.Status}}{{end}}" d87a868e62b14fdc698867222f46c8296b727a7ce545440966af99e290ba3f61
2025-08-19T10:52:34.4352830Z redis service is healthy.
2025-08-19T10:52:34.4353195Z ##[endgroup]
2025-08-19T10:52:34.4592970Z ##[group]Run actions/checkout@v4
2025-08-19T10:52:34.4593551Z with:
2025-08-19T10:52:34.4593750Z   repository: AlexBomber12/AWA-App
2025-08-19T10:52:34.4594149Z   token: ***
2025-08-19T10:52:34.4594329Z   ssh-strict: true
2025-08-19T10:52:34.4594513Z   ssh-user: git
2025-08-19T10:52:34.4594697Z   persist-credentials: true
2025-08-19T10:52:34.4594907Z   clean: true
2025-08-19T10:52:34.4595104Z   sparse-checkout-cone-mode: true
2025-08-19T10:52:34.4595348Z   fetch-depth: 1
2025-08-19T10:52:34.4595526Z   fetch-tags: false
2025-08-19T10:52:34.4595709Z   show-progress: true
2025-08-19T10:52:34.4595917Z   lfs: false
2025-08-19T10:52:34.4596076Z   submodules: false
2025-08-19T10:52:34.4596265Z   set-safe-directory: true
2025-08-19T10:52:34.4596629Z env:
2025-08-19T10:52:34.4596834Z   REDIS_URL: redis://localhost:6379/0
2025-08-19T10:52:34.4597091Z   RATE_LIMIT_DEFAULT: 100/minute
2025-08-19T10:52:34.4597327Z   TRUST_X_FORWARDED: 1
2025-08-19T10:52:34.4597510Z ##[endgroup]
2025-08-19T10:52:34.5648739Z Syncing repository: AlexBomber12/AWA-App
2025-08-19T10:52:34.5649995Z ##[group]Getting Git version info
2025-08-19T10:52:34.5650357Z Working directory is '/home/runner/work/AWA-App/AWA-App'
2025-08-19T10:52:34.5650857Z [command]/usr/bin/git version
2025-08-19T10:52:34.5700951Z git version 2.50.1
2025-08-19T10:52:34.5726208Z ##[endgroup]
2025-08-19T10:52:34.5739321Z Temporarily overriding HOME='/home/runner/work/_temp/a0435ac9-ac61-4125-9a0a-a8c9665bd146' before making global git config changes
2025-08-19T10:52:34.5740234Z Adding repository directory to the temporary git global config as a safe directory
2025-08-19T10:52:34.5744643Z [command]/usr/bin/git config --global --add safe.directory /home/runner/work/AWA-App/AWA-App
2025-08-19T10:52:34.5778076Z Deleting the contents of '/home/runner/work/AWA-App/AWA-App'
2025-08-19T10:52:34.5781509Z ##[group]Initializing the repository
2025-08-19T10:52:34.5785521Z [command]/usr/bin/git init /home/runner/work/AWA-App/AWA-App
2025-08-19T10:52:34.5851100Z hint: Using 'master' as the name for the initial branch. This default branch name
2025-08-19T10:52:34.5851971Z hint: is subject to change. To configure the initial branch name to use in all
2025-08-19T10:52:34.5853054Z hint: of your new repositories, which will suppress this warning, call:
2025-08-19T10:52:34.5853644Z hint:
2025-08-19T10:52:34.5854063Z hint: 	git config --global init.defaultBranch <name>
2025-08-19T10:52:34.5854530Z hint:
2025-08-19T10:52:34.5854988Z hint: Names commonly chosen instead of 'master' are 'main', 'trunk' and
2025-08-19T10:52:34.5855759Z hint: 'development'. The just-created branch can be renamed via this command:
2025-08-19T10:52:34.5856129Z hint:
2025-08-19T10:52:34.5856310Z hint: 	git branch -m <name>
2025-08-19T10:52:34.5856516Z hint:
2025-08-19T10:52:34.5856802Z hint: Disable this message with "git config set advice.defaultBranchName false"
2025-08-19T10:52:34.5857305Z Initialized empty Git repository in /home/runner/work/AWA-App/AWA-App/.git/
2025-08-19T10:52:34.5865291Z [command]/usr/bin/git remote add origin https://github.com/AlexBomber12/AWA-App
2025-08-19T10:52:34.5897997Z ##[endgroup]
2025-08-19T10:52:34.5898616Z ##[group]Disabling automatic garbage collection
2025-08-19T10:52:34.5903888Z [command]/usr/bin/git config --local gc.auto 0
2025-08-19T10:52:34.5931011Z ##[endgroup]
2025-08-19T10:52:34.5931618Z ##[group]Setting up auth
2025-08-19T10:52:34.5938544Z [command]/usr/bin/git config --local --name-only --get-regexp core\.sshCommand
2025-08-19T10:52:34.5967798Z [command]/usr/bin/git submodule foreach --recursive sh -c "git config --local --name-only --get-regexp 'core\.sshCommand' && git config --local --unset-all 'core.sshCommand' || :"
2025-08-19T10:52:34.6230645Z [command]/usr/bin/git config --local --name-only --get-regexp http\.https\:\/\/github\.com\/\.extraheader
2025-08-19T10:52:34.6258478Z [command]/usr/bin/git submodule foreach --recursive sh -c "git config --local --name-only --get-regexp 'http\.https\:\/\/github\.com\/\.extraheader' && git config --local --unset-all 'http.https://github.com/.extraheader' || :"
2025-08-19T10:52:34.6473438Z [command]/usr/bin/git config --local http.https://github.com/.extraheader AUTHORIZATION: basic ***
2025-08-19T10:52:34.6506375Z ##[endgroup]
2025-08-19T10:52:34.6507034Z ##[group]Fetching the repository
2025-08-19T10:52:34.6515909Z [command]/usr/bin/git -c protocol.version=2 fetch --no-tags --prune --no-recurse-submodules --depth=1 origin +966755ce9e8f5b06d475de9d66911f55bb53e5fb:refs/remotes/pull/273/merge
2025-08-19T10:52:35.2938882Z From https://github.com/AlexBomber12/AWA-App
2025-08-19T10:52:35.2939624Z  * [new ref]         966755ce9e8f5b06d475de9d66911f55bb53e5fb -> pull/273/merge
2025-08-19T10:52:35.2963544Z ##[endgroup]
2025-08-19T10:52:35.2964161Z ##[group]Determining the checkout info
2025-08-19T10:52:35.2966890Z ##[endgroup]
2025-08-19T10:52:35.2972039Z [command]/usr/bin/git sparse-checkout disable
2025-08-19T10:52:35.3009445Z [command]/usr/bin/git config --local --unset-all extensions.worktreeConfig
2025-08-19T10:52:35.3036570Z ##[group]Checking out the ref
2025-08-19T10:52:35.3041845Z [command]/usr/bin/git checkout --progress --force refs/remotes/pull/273/merge
2025-08-19T10:52:35.3370810Z Note: switching to 'refs/remotes/pull/273/merge'.
2025-08-19T10:52:35.3371180Z 
2025-08-19T10:52:35.3371498Z You are in 'detached HEAD' state. You can look around, make experimental
2025-08-19T10:52:35.3371995Z changes and commit them, and you can discard any commits you make in this
2025-08-19T10:52:35.3372450Z state without impacting any branches by switching back to a branch.
2025-08-19T10:52:35.3372893Z 
2025-08-19T10:52:35.3373071Z If you want to create a new branch to retain commits you create, you may
2025-08-19T10:52:35.3373473Z do so (now or later) by using -c with the switch command. Example:
2025-08-19T10:52:35.3373697Z 
2025-08-19T10:52:35.3373796Z   git switch -c <new-branch-name>
2025-08-19T10:52:35.3373956Z 
2025-08-19T10:52:35.3374259Z Or undo this operation with:
2025-08-19T10:52:35.3374406Z 
2025-08-19T10:52:35.3374500Z   git switch -
2025-08-19T10:52:35.3374701Z 
2025-08-19T10:52:35.3375048Z Turn off this advice by setting config variable advice.detachedHead to false
2025-08-19T10:52:35.3375557Z 
2025-08-19T10:52:35.3376140Z HEAD is now at 966755c Merge 93eae62e0a8e31dedb99261b6bdf8a67cbe2eff2 into 5f8505bfea1a17ea3fa956757770f951a5bb4f69
2025-08-19T10:52:35.3380045Z ##[endgroup]
2025-08-19T10:52:35.3415668Z [command]/usr/bin/git log -1 --format=%H
2025-08-19T10:52:35.3436465Z 966755ce9e8f5b06d475de9d66911f55bb53e5fb
2025-08-19T10:52:35.3599537Z ##[group]Run cat .env.ci >> "$GITHUB_ENV"
2025-08-19T10:52:35.3599884Z [36;1mcat .env.ci >> "$GITHUB_ENV"[0m
2025-08-19T10:52:35.3600567Z [36;1mecho "DATABASE_URL=***localhost:5432/awa" >> "$GITHUB_ENV"[0m
2025-08-19T10:52:35.3600918Z [36;1mecho "PG_HOST=localhost" >> "$GITHUB_ENV"[0m
2025-08-19T10:52:35.3601205Z [36;1mecho "PG_PORT=5432" >> "$GITHUB_ENV"[0m
2025-08-19T10:52:35.3601508Z [36;1mecho "PG_USER=postgres" >> "$GITHUB_ENV"[0m
2025-08-19T10:52:35.3601792Z [36;1mecho "PG_PASSWORD=pass" >> "$GITHUB_ENV"[0m
2025-08-19T10:52:35.3602067Z [36;1mecho "PG_DATABASE=awa" >> "$GITHUB_ENV"[0m
2025-08-19T10:52:35.3644428Z shell: /usr/bin/bash -e {0}
2025-08-19T10:52:35.3644655Z env:
2025-08-19T10:52:35.3644853Z   REDIS_URL: redis://localhost:6379/0
2025-08-19T10:52:35.3645107Z   RATE_LIMIT_DEFAULT: 100/minute
2025-08-19T10:52:35.3645333Z   TRUST_X_FORWARDED: 1
2025-08-19T10:52:35.3645519Z ##[endgroup]
2025-08-19T10:52:35.3808900Z ##[group]Run actions/setup-python@v5
2025-08-19T10:52:35.3809168Z with:
2025-08-19T10:52:35.3809340Z   python-version: 3.12
2025-08-19T10:52:35.3809537Z   cache: pip
2025-08-19T10:52:35.3809752Z   cache-dependency-path: requirements-dev.txt
2025-08-19T10:52:35.3810018Z   check-latest: false
2025-08-19T10:52:35.3810319Z   token: ***
2025-08-19T10:52:35.3810503Z   update-environment: true
2025-08-19T10:52:35.3810727Z   allow-prereleases: false
2025-08-19T10:52:35.3810940Z   freethreaded: false
2025-08-19T10:52:35.3811113Z env:
2025-08-19T10:52:35.3811295Z   REDIS_URL: redis://localhost:6379/0
2025-08-19T10:52:35.3811548Z   RATE_LIMIT_DEFAULT: 100/minute
2025-08-19T10:52:35.3811762Z   TRUST_X_FORWARDED: 1
2025-08-19T10:52:35.3811945Z   PG_USER: postgres
2025-08-19T10:52:35.3812129Z   PG_PASSWORD: pass
2025-08-19T10:52:35.3812303Z   PG_DATABASE: awa
2025-08-19T10:52:35.3812480Z   PG_HOST: localhost
2025-08-19T10:52:35.3812652Z   PG_PORT: 5432
2025-08-19T10:52:35.3813319Z   PG_SYNC_DSN: ***localhost:5432/awa
2025-08-19T10:52:35.3813713Z   PG_ASYNC_DSN: ***localhost:5432/awa
2025-08-19T10:52:35.3814090Z   DATABASE_URL: ***localhost:5432/awa
2025-08-19T10:52:35.3814312Z   DATA_DIR: /tmp/awa-data
2025-08-19T10:52:35.3814506Z   ENABLE_LIVE: 0
2025-08-19T10:52:35.3814671Z   TESTING: 1
2025-08-19T10:52:35.3814833Z ##[endgroup]
2025-08-19T10:52:35.5439619Z ##[group]Installed versions
2025-08-19T10:52:35.5521040Z Successfully set up CPython (3.12.11)
2025-08-19T10:52:35.5522494Z ##[endgroup]
2025-08-19T10:52:35.5856352Z [command]/opt/hostedtoolcache/Python/3.12.11/x64/bin/pip cache dir
2025-08-19T10:52:36.8586480Z /home/runner/.cache/pip
2025-08-19T10:52:37.1150923Z Cache hit for: setup-python-Linux-x64-24.04-Ubuntu-python-3.12.11-pip-5e711acf40f5252f84577ca397f83ab64fb9d7dad68b245c8525eecd4c9b10ee
2025-08-19T10:52:38.3846331Z Received 16777216 of 333748710 (5.0%), 16.0 MBs/sec
2025-08-19T10:52:39.3872617Z Received 142606336 of 333748710 (42.7%), 67.8 MBs/sec
2025-08-19T10:52:40.3873267Z Received 289406976 of 333748710 (86.7%), 91.8 MBs/sec
2025-08-19T10:52:40.6605079Z Received 333748710 of 333748710 (100.0%), 97.1 MBs/sec
2025-08-19T10:52:40.6607723Z Cache Size: ~318 MB (333748710 B)
2025-08-19T10:52:40.6644845Z [command]/usr/bin/tar -xf /home/runner/work/_temp/d540e9d8-2ff6-48aa-8475-ab1bcff5ea0a/cache.tzst -P -C /home/runner/work/AWA-App/AWA-App --use-compress-program unzstd
2025-08-19T10:52:41.1729450Z Cache restored successfully
2025-08-19T10:52:41.2365983Z Cache restored from key: setup-python-Linux-x64-24.04-Ubuntu-python-3.12.11-pip-5e711acf40f5252f84577ca397f83ab64fb9d7dad68b245c8525eecd4c9b10ee
2025-08-19T10:52:41.2520626Z ##[group]Run pip install -r requirements-dev.txt
2025-08-19T10:52:41.2521015Z [36;1mpip install -r requirements-dev.txt[0m
2025-08-19T10:52:41.2521314Z [36;1mpip install keepa==1.3.15 minio==7.1.15[0m
2025-08-19T10:52:41.2563886Z shell: /usr/bin/bash -e {0}
2025-08-19T10:52:41.2564119Z env:
2025-08-19T10:52:41.2564343Z   REDIS_URL: redis://localhost:6379/0
2025-08-19T10:52:41.2564608Z   RATE_LIMIT_DEFAULT: 100/minute
2025-08-19T10:52:41.2564830Z   TRUST_X_FORWARDED: 1
2025-08-19T10:52:41.2565044Z   PG_USER: postgres
2025-08-19T10:52:41.2565237Z   PG_PASSWORD: pass
2025-08-19T10:52:41.2565426Z   PG_DATABASE: awa
2025-08-19T10:52:41.2565619Z   PG_HOST: localhost
2025-08-19T10:52:41.2565808Z   PG_PORT: 5432
2025-08-19T10:52:41.2566252Z   PG_SYNC_DSN: ***localhost:5432/awa
2025-08-19T10:52:41.2566716Z   PG_ASYNC_DSN: ***localhost:5432/awa
2025-08-19T10:52:41.2567124Z   DATABASE_URL: ***localhost:5432/awa
2025-08-19T10:52:41.2567367Z   DATA_DIR: /tmp/awa-data
2025-08-19T10:52:41.2567595Z   ENABLE_LIVE: 0
2025-08-19T10:52:41.2567765Z   TESTING: 1
2025-08-19T10:52:41.2568000Z   pythonLocation: /opt/hostedtoolcache/Python/3.12.11/x64
2025-08-19T10:52:41.2568411Z   PKG_CONFIG_PATH: /opt/hostedtoolcache/Python/3.12.11/x64/lib/pkgconfig
2025-08-19T10:52:41.2568798Z   Python_ROOT_DIR: /opt/hostedtoolcache/Python/3.12.11/x64
2025-08-19T10:52:41.2569158Z   Python2_ROOT_DIR: /opt/hostedtoolcache/Python/3.12.11/x64
2025-08-19T10:52:41.2569513Z   Python3_ROOT_DIR: /opt/hostedtoolcache/Python/3.12.11/x64
2025-08-19T10:52:41.2569872Z   LD_LIBRARY_PATH: /opt/hostedtoolcache/Python/3.12.11/x64/lib
2025-08-19T10:52:41.2570155Z ##[endgroup]
2025-08-19T10:52:42.6075977Z Collecting Jinja2==3.1.6 (from -r requirements-dev.txt (line 2))
2025-08-19T10:52:42.6089018Z   Using cached jinja2-3.1.6-py3-none-any.whl.metadata (2.9 kB)
2025-08-19T10:52:42.6427297Z Collecting alembic==1.13.1 (from -r requirements-dev.txt (line 3))
2025-08-19T10:52:42.6438834Z   Using cached alembic-1.13.1-py3-none-any.whl.metadata (7.4 kB)
2025-08-19T10:52:42.6669640Z Collecting apscheduler==3.10.4 (from -r requirements-dev.txt (line 4))
2025-08-19T10:52:42.6680888Z   Using cached APScheduler-3.10.4-py3-none-any.whl.metadata (5.7 kB)
2025-08-19T10:52:42.6890000Z Collecting asgi-correlation-id==4.3.1 (from -r requirements-dev.txt (line 5))
2025-08-19T10:52:42.6901837Z   Using cached asgi_correlation_id-4.3.1-py3-none-any.whl.metadata (28 kB)
2025-08-19T10:52:42.7375738Z Collecting asyncpg==0.30.0 (from -r requirements-dev.txt (line 6))
2025-08-19T10:52:42.7388153Z   Using cached asyncpg-0.30.0-cp312-cp312-manylinux_2_17_x86_64.manylinux2014_x86_64.whl.metadata (5.0 kB)
2025-08-19T10:52:42.7868079Z Collecting black==25.1.0 (from -r requirements-dev.txt (line 7))
2025-08-19T10:52:42.7880152Z   Using cached black-25.1.0-cp312-cp312-manylinux_2_17_x86_64.manylinux2014_x86_64.manylinux_2_28_x86_64.whl.metadata (81 kB)
2025-08-19T10:52:43.1183734Z Collecting boto3 (from -r requirements-dev.txt (line 8))
2025-08-19T10:52:43.1197187Z   Using cached boto3-1.40.12-py3-none-any.whl.metadata (6.7 kB)
2025-08-19T10:52:43.1581110Z Collecting redis==5.* (from -r requirements-dev.txt (line 9))
2025-08-19T10:52:43.1593366Z   Using cached redis-5.3.1-py3-none-any.whl.metadata (9.2 kB)
2025-08-19T10:52:43.1965210Z Collecting minio==7.* (from -r requirements-dev.txt (line 10))
2025-08-19T10:52:43.1977347Z   Using cached minio-7.2.16-py3-none-any.whl.metadata (6.5 kB)
2025-08-19T10:52:43.2338942Z Collecting celery==5.5.3 (from -r requirements-dev.txt (line 11))
2025-08-19T10:52:43.2350272Z   Using cached celery-5.5.3-py3-none-any.whl.metadata (22 kB)
2025-08-19T10:52:43.2971696Z Collecting fastapi==0.116.1 (from -r requirements-dev.txt (line 12))
2025-08-19T10:52:43.2983573Z   Using cached fastapi-0.116.1-py3-none-any.whl.metadata (28 kB)
2025-08-19T10:52:43.3188453Z Collecting fastapi-limiter==0.1.6 (from -r requirements-dev.txt (line 14))
2025-08-19T10:52:43.3200062Z   Using cached fastapi_limiter-0.1.6-py3-none-any.whl.metadata (5.3 kB)
2025-08-19T10:52:43.3449860Z Collecting httpx<0.29,>=0.27 (from -r requirements-dev.txt (line 15))
2025-08-19T10:52:43.3461584Z   Using cached httpx-0.28.1-py3-none-any.whl.metadata (7.1 kB)
2025-08-19T10:52:43.3642181Z Collecting imapclient==3.0.1 (from -r requirements-dev.txt (line 16))
2025-08-19T10:52:43.3654259Z   Using cached IMAPClient-3.0.1-py2.py3-none-any.whl.metadata (1.7 kB)
2025-08-19T10:52:43.3809012Z Collecting itsdangerous (from -r requirements-dev.txt (line 17))
2025-08-19T10:52:43.3820602Z   Using cached itsdangerous-2.2.0-py3-none-any.whl.metadata (1.9 kB)
2025-08-19T10:52:43.4858272Z Collecting mypy==1.* (from -r requirements-dev.txt (line 18))
2025-08-19T10:52:43.4871658Z   Using cached mypy-1.17.1-cp312-cp312-manylinux2014_x86_64.manylinux_2_17_x86_64.manylinux_2_28_x86_64.whl.metadata (2.2 kB)
2025-08-19T10:52:43.5055564Z Collecting mypy-extensions==1.1.0 (from -r requirements-dev.txt (line 19))
2025-08-19T10:52:43.5067249Z   Using cached mypy_extensions-1.1.0-py3-none-any.whl.metadata (1.1 kB)
2025-08-19T10:52:43.6909902Z Collecting numpy<2 (from -r requirements-dev.txt (line 20))
2025-08-19T10:52:43.6923086Z   Using cached numpy-1.26.4-cp312-cp312-manylinux_2_17_x86_64.manylinux2014_x86_64.whl.metadata (61 kB)
2025-08-19T10:52:43.7225967Z Collecting openpyxl==3.1.5 (from -r requirements-dev.txt (line 21))
2025-08-19T10:52:43.7238020Z   Using cached openpyxl-3.1.5-py2.py3-none-any.whl.metadata (2.5 kB)
2025-08-19T10:52:43.8310691Z Collecting pandas==2.2.* (from -r requirements-dev.txt (line 22))
2025-08-19T10:52:43.8323990Z   Using cached pandas-2.2.3-cp312-cp312-manylinux_2_17_x86_64.manylinux2014_x86_64.whl.metadata (89 kB)
2025-08-19T10:52:43.9278116Z Collecting psycopg2-binary==2.9.10 (from -r requirements-dev.txt (line 23))
2025-08-19T10:52:43.9291473Z   Using cached psycopg2_binary-2.9.10-cp312-cp312-manylinux_2_17_x86_64.manylinux2014_x86_64.whl.metadata (4.9 kB)
2025-08-19T10:52:43.9509247Z Collecting psycopg==3.2.9 (from psycopg[binary]==3.2.9->-r requirements-dev.txt (line 24))
2025-08-19T10:52:43.9520953Z   Using cached psycopg-3.2.9-py3-none-any.whl.metadata (4.5 kB)
2025-08-19T10:52:44.0668987Z Collecting pydantic==2.11.7 (from -r requirements-dev.txt (line 25))
2025-08-19T10:52:44.2477877Z   Using cached pydantic-2.11.7-py3-none-any.whl.metadata (67 kB)
2025-08-19T10:52:44.4028527Z Collecting setuptools (from -r requirements-dev.txt (line 26))
2025-08-19T10:52:44.4040730Z   Using cached setuptools-80.9.0-py3-none-any.whl.metadata (6.6 kB)
2025-08-19T10:52:44.4352431Z Collecting pytest-asyncio==0.23.6 (from -r requirements-dev.txt (line 27))
2025-08-19T10:52:44.4364570Z   Using cached pytest_asyncio-0.23.6-py3-none-any.whl.metadata (3.9 kB)
2025-08-19T10:52:44.4572080Z Collecting pytest-cov==6.2.1 (from -r requirements-dev.txt (line 28))
2025-08-19T10:52:44.4617730Z   Using cached pytest_cov-6.2.1-py3-none-any.whl.metadata (30 kB)
2025-08-19T10:52:44.4816552Z Collecting pytest-postgresql==7.0.2 (from -r requirements-dev.txt (line 29))
2025-08-19T10:52:44.4828246Z   Using cached pytest_postgresql-7.0.2-py3-none-any.whl.metadata (18 kB)
2025-08-19T10:52:44.5056835Z Collecting python-dotenv (from -r requirements-dev.txt (line 30))
2025-08-19T10:52:44.5068473Z   Using cached python_dotenv-1.1.1-py3-none-any.whl.metadata (24 kB)
2025-08-19T10:52:44.5248390Z Collecting python-multipart (from -r requirements-dev.txt (line 31))
2025-08-19T10:52:44.5260184Z   Using cached python_multipart-0.0.20-py3-none-any.whl.metadata (1.8 kB)
2025-08-19T10:52:44.5611286Z Collecting python-telegram-bot==22.3 (from -r requirements-dev.txt (line 32))
2025-08-19T10:52:44.5623046Z   Using cached python_telegram_bot-22.3-py3-none-any.whl.metadata (17 kB)
2025-08-19T10:52:44.5960595Z Collecting requests==2.32.4 (from -r requirements-dev.txt (line 33))
2025-08-19T10:52:44.5971948Z   Using cached requests-2.32.4-py3-none-any.whl.metadata (4.9 kB)
2025-08-19T10:52:44.6184439Z Collecting respx==0.22.0 (from -r requirements-dev.txt (line 34))
2025-08-19T10:52:44.6196107Z   Using cached respx-0.22.0-py2.py3-none-any.whl.metadata (4.1 kB)
2025-08-19T10:52:44.9727293Z Collecting ruff==0.4.4 (from -r requirements-dev.txt (line 35))
2025-08-19T10:52:44.9740336Z   Using cached ruff-0.4.4-py3-none-manylinux_2_17_x86_64.manylinux2014_x86_64.whl.metadata (23 kB)
2025-08-19T10:52:45.2286644Z Collecting sqlalchemy==2.0.29 (from -r requirements-dev.txt (line 36))
2025-08-19T10:52:45.2300389Z   Using cached SQLAlchemy-2.0.29-cp312-cp312-manylinux_2_17_x86_64.manylinux2014_x86_64.whl.metadata (9.6 kB)
2025-08-19T10:52:45.2571654Z Collecting structlog==24.1.0 (from -r requirements-dev.txt (line 37))
2025-08-19T10:52:45.2583312Z   Using cached structlog-24.1.0-py3-none-any.whl.metadata (6.9 kB)
2025-08-19T10:52:45.2813681Z Collecting testcontainers==4.10.0 (from testcontainers[postgres]==4.10.0->-r requirements-dev.txt (line 38))
2025-08-19T10:52:45.2825090Z   Using cached testcontainers-4.10.0-py3-none-any.whl.metadata (7.8 kB)
2025-08-19T10:52:45.3236419Z Collecting types-requests==2.32.0.20240602 (from -r requirements-dev.txt (line 39))
2025-08-19T10:52:45.3247833Z   Using cached types_requests-2.32.0.20240602-py3-none-any.whl.metadata (1.8 kB)
2025-08-19T10:52:45.4007233Z Collecting docspec-python==2.2.2 (from -r requirements-dev.txt (line 40))
2025-08-19T10:52:45.4019085Z   Using cached docspec_python-2.2.2-py3-none-any.whl.metadata (1.0 kB)
2025-08-19T10:52:45.4760249Z Collecting pydoc-markdown==4.8.2 (from -r requirements-dev.txt (line 41))
2025-08-19T10:52:45.4771873Z   Using cached pydoc_markdown-4.8.2-py3-none-any.whl.metadata (5.9 kB)
2025-08-19T10:52:45.5110788Z Collecting pandera==0.19.* (from -r requirements-dev.txt (line 42))
2025-08-19T10:52:45.5122376Z   Using cached pandera-0.19.3-py3-none-any.whl.metadata (15 kB)
2025-08-19T10:52:45.6117632Z Collecting MarkupSafe>=2.0 (from Jinja2==3.1.6->-r requirements-dev.txt (line 2))
2025-08-19T10:52:45.6130385Z   Using cached MarkupSafe-3.0.2-cp312-cp312-manylinux_2_17_x86_64.manylinux2014_x86_64.whl.metadata (4.0 kB)
2025-08-19T10:52:45.6476530Z Collecting Mako (from alembic==1.13.1->-r requirements-dev.txt (line 3))
2025-08-19T10:52:45.6488343Z   Using cached mako-1.3.10-py3-none-any.whl.metadata (2.9 kB)
2025-08-19T10:52:45.6712014Z Collecting typing-extensions>=4 (from alembic==1.13.1->-r requirements-dev.txt (line 3))
2025-08-19T10:52:45.6723637Z   Using cached typing_extensions-4.14.1-py3-none-any.whl.metadata (3.0 kB)
2025-08-19T10:52:45.6914719Z Collecting six>=1.4.0 (from apscheduler==3.10.4->-r requirements-dev.txt (line 4))
2025-08-19T10:52:45.6926247Z   Using cached six-1.17.0-py2.py3-none-any.whl.metadata (1.7 kB)
2025-08-19T10:52:45.7315961Z Collecting pytz (from apscheduler==3.10.4->-r requirements-dev.txt (line 4))
2025-08-19T10:52:45.7328229Z   Using cached pytz-2025.2-py2.py3-none-any.whl.metadata (22 kB)
2025-08-19T10:52:45.7552209Z Collecting tzlocal!=3.*,>=2.0 (from apscheduler==3.10.4->-r requirements-dev.txt (line 4))
2025-08-19T10:52:45.7563911Z   Using cached tzlocal-5.3.1-py3-none-any.whl.metadata (7.6 kB)
2025-08-19T10:52:45.7914799Z Collecting starlette>=0.18 (from asgi-correlation-id==4.3.1->-r requirements-dev.txt (line 5))
2025-08-19T10:52:45.7926241Z   Using cached starlette-0.47.2-py3-none-any.whl.metadata (6.2 kB)
2025-08-19T10:52:45.8180415Z Collecting click>=8.0.0 (from black==25.1.0->-r requirements-dev.txt (line 7))
2025-08-19T10:52:45.8191966Z   Using cached click-8.2.1-py3-none-any.whl.metadata (2.5 kB)
2025-08-19T10:52:45.8413222Z Collecting packaging>=22.0 (from black==25.1.0->-r requirements-dev.txt (line 7))
2025-08-19T10:52:45.8425495Z   Using cached packaging-25.0-py3-none-any.whl.metadata (3.3 kB)
2025-08-19T10:52:45.8591120Z Collecting pathspec>=0.9.0 (from black==25.1.0->-r requirements-dev.txt (line 7))
2025-08-19T10:52:45.8602596Z   Using cached pathspec-0.12.1-py3-none-any.whl.metadata (21 kB)
2025-08-19T10:52:45.8845847Z Collecting platformdirs>=2 (from black==25.1.0->-r requirements-dev.txt (line 7))
2025-08-19T10:52:45.8857584Z   Using cached platformdirs-4.3.8-py3-none-any.whl.metadata (12 kB)
2025-08-19T10:52:45.9125643Z Collecting billiard<5.0,>=4.2.1 (from celery==5.5.3->-r requirements-dev.txt (line 11))
2025-08-19T10:52:45.9137580Z   Using cached billiard-4.2.1-py3-none-any.whl.metadata (4.4 kB)
2025-08-19T10:52:45.9461078Z Collecting kombu<5.6,>=5.5.2 (from celery==5.5.3->-r requirements-dev.txt (line 11))
2025-08-19T10:52:45.9473216Z   Using cached kombu-5.5.4-py3-none-any.whl.metadata (3.5 kB)
2025-08-19T10:52:45.9686547Z Collecting vine<6.0,>=5.1.0 (from celery==5.5.3->-r requirements-dev.txt (line 11))
2025-08-19T10:52:45.9698117Z   Using cached vine-5.1.0-py3-none-any.whl.metadata (2.7 kB)
2025-08-19T10:52:45.9903610Z Collecting click-didyoumean>=0.3.0 (from celery==5.5.3->-r requirements-dev.txt (line 11))
2025-08-19T10:52:45.9915424Z   Using cached click_didyoumean-0.3.1-py3-none-any.whl.metadata (3.9 kB)
2025-08-19T10:52:46.0073014Z Collecting click-repl>=0.2.0 (from celery==5.5.3->-r requirements-dev.txt (line 11))
2025-08-19T10:52:46.0084603Z   Using cached click_repl-0.3.0-py3-none-any.whl.metadata (3.6 kB)
2025-08-19T10:52:46.0238978Z Collecting click-plugins>=1.1.1 (from celery==5.5.3->-r requirements-dev.txt (line 11))
2025-08-19T10:52:46.0250550Z   Using cached click_plugins-1.1.1.2-py2.py3-none-any.whl.metadata (6.5 kB)
2025-08-19T10:52:46.0429467Z Collecting python-dateutil>=2.8.2 (from celery==5.5.3->-r requirements-dev.txt (line 11))
2025-08-19T10:52:46.0441180Z   Using cached python_dateutil-2.9.0.post0-py2.py3-none-any.whl.metadata (8.4 kB)
2025-08-19T10:52:46.0887714Z Collecting annotated-types>=0.6.0 (from pydantic==2.11.7->-r requirements-dev.txt (line 25))
2025-08-19T10:52:46.0899530Z   Using cached annotated_types-0.7.0-py3-none-any.whl.metadata (15 kB)
2025-08-19T10:52:46.7458026Z Collecting pydantic-core==2.33.2 (from pydantic==2.11.7->-r requirements-dev.txt (line 25))
2025-08-19T10:52:46.7474133Z   Using cached pydantic_core-2.33.2-cp312-cp312-manylinux_2_17_x86_64.manylinux2014_x86_64.whl.metadata (6.8 kB)
2025-08-19T10:52:46.7668851Z Collecting typing-inspection>=0.4.0 (from pydantic==2.11.7->-r requirements-dev.txt (line 25))
2025-08-19T10:52:46.7680960Z   Using cached typing_inspection-0.4.1-py3-none-any.whl.metadata (2.6 kB)
2025-08-19T10:52:46.8016083Z Collecting et-xmlfile (from openpyxl==3.1.5->-r requirements-dev.txt (line 21))
2025-08-19T10:52:46.8028360Z   Using cached et_xmlfile-2.0.0-py3-none-any.whl.metadata (2.7 kB)
2025-08-19T10:52:46.8528533Z Collecting pytest<9,>=7.0.0 (from pytest-asyncio==0.23.6->-r requirements-dev.txt (line 27))
2025-08-19T10:52:46.8539513Z   Using cached pytest-8.4.1-py3-none-any.whl.metadata (7.7 kB)
2025-08-19T10:52:47.1644304Z Collecting coverage>=7.5 (from coverage[toml]>=7.5->pytest-cov==6.2.1->-r requirements-dev.txt (line 28))
2025-08-19T10:52:47.1657686Z   Using cached coverage-7.10.4-cp312-cp312-manylinux1_x86_64.manylinux_2_28_x86_64.manylinux_2_5_x86_64.whl.metadata (8.9 kB)
2025-08-19T10:52:47.1843317Z Collecting pluggy>=1.2 (from pytest-cov==6.2.1->-r requirements-dev.txt (line 28))
2025-08-19T10:52:47.1854620Z   Using cached pluggy-1.6.0-py3-none-any.whl.metadata (4.8 kB)
2025-08-19T10:52:47.2193301Z Collecting port-for>=0.7.3 (from pytest-postgresql==7.0.2->-r requirements-dev.txt (line 29))
2025-08-19T10:52:47.2204797Z   Using cached port_for-0.7.4-py3-none-any.whl.metadata (7.1 kB)
2025-08-19T10:52:47.2402559Z Collecting mirakuru>=2.6.0 (from pytest-postgresql==7.0.2->-r requirements-dev.txt (line 29))
2025-08-19T10:52:47.2413775Z   Using cached mirakuru-2.6.1-py3-none-any.whl.metadata (10 kB)
2025-08-19T10:52:47.3265126Z Collecting charset_normalizer<4,>=2 (from requests==2.32.4->-r requirements-dev.txt (line 33))
2025-08-19T10:52:47.3277362Z   Using cached charset_normalizer-3.4.3-cp312-cp312-manylinux2014_x86_64.manylinux_2_17_x86_64.manylinux_2_28_x86_64.whl.metadata (36 kB)
2025-08-19T10:52:47.3502229Z Collecting idna<4,>=2.5 (from requests==2.32.4->-r requirements-dev.txt (line 33))
2025-08-19T10:52:47.3513721Z   Using cached idna-3.10-py3-none-any.whl.metadata (10 kB)
2025-08-19T10:52:47.3857353Z Collecting urllib3<3,>=1.21.1 (from requests==2.32.4->-r requirements-dev.txt (line 33))
2025-08-19T10:52:47.3868171Z   Using cached urllib3-2.5.0-py3-none-any.whl.metadata (6.5 kB)
2025-08-19T10:52:47.4128890Z Collecting certifi>=2017.4.17 (from requests==2.32.4->-r requirements-dev.txt (line 33))
2025-08-19T10:52:47.4141113Z   Using cached certifi-2025.8.3-py3-none-any.whl.metadata (2.4 kB)
2025-08-19T10:52:47.6138858Z Collecting greenlet!=0.4.17 (from sqlalchemy==2.0.29->-r requirements-dev.txt (line 36))
2025-08-19T10:52:47.6152233Z   Using cached greenlet-3.2.4-cp312-cp312-manylinux_2_24_x86_64.manylinux_2_28_x86_64.whl.metadata (4.1 kB)
2025-08-19T10:52:47.6433391Z Collecting docker (from testcontainers==4.10.0->testcontainers[postgres]==4.10.0->-r requirements-dev.txt (line 38))
2025-08-19T10:52:47.6445211Z   Using cached docker-7.1.0-py3-none-any.whl.metadata (3.8 kB)
2025-08-19T10:52:47.7455196Z Collecting wrapt (from testcontainers==4.10.0->testcontainers[postgres]==4.10.0->-r requirements-dev.txt (line 38))
2025-08-19T10:52:47.7468306Z   Using cached wrapt-1.17.3-cp312-cp312-manylinux1_x86_64.manylinux_2_28_x86_64.manylinux_2_5_x86_64.whl.metadata (6.4 kB)
2025-08-19T10:52:47.8330135Z Collecting docspec==2.2.1 (from docspec-python==2.2.2->-r requirements-dev.txt (line 40))
2025-08-19T10:52:47.8341756Z   Using cached docspec-2.2.1-py3-none-any.whl.metadata (1.5 kB)
2025-08-19T10:52:47.9103157Z Collecting nr-util>=0.8.12 (from docspec-python==2.2.2->-r requirements-dev.txt (line 40))
2025-08-19T10:52:47.9114752Z   Using cached nr.util-0.8.12-py3-none-any.whl.metadata (813 bytes)
2025-08-19T10:52:47.9510045Z Collecting PyYAML<7.0,>=5.0 (from pydoc-markdown==4.8.2->-r requirements-dev.txt (line 41))
2025-08-19T10:52:47.9523000Z   Using cached PyYAML-6.0.2-cp312-cp312-manylinux_2_17_x86_64.manylinux2014_x86_64.whl.metadata (2.1 kB)
2025-08-19T10:52:48.0394160Z Collecting databind.core<5.0.0,>=4.4.0 (from pydoc-markdown==4.8.2->-r requirements-dev.txt (line 41))
2025-08-19T10:52:48.0406360Z   Using cached databind.core-4.5.2-py3-none-any.whl.metadata (1.1 kB)
2025-08-19T10:52:48.1203106Z Collecting databind.json<5.0.0,>=4.4.0 (from pydoc-markdown==4.8.2->-r requirements-dev.txt (line 41))
2025-08-19T10:52:48.1215127Z   Using cached databind.json-4.5.2-py3-none-any.whl.metadata (1.1 kB)
2025-08-19T10:52:48.1422928Z Collecting docstring-parser<0.12,>=0.11 (from pydoc-markdown==4.8.2->-r requirements-dev.txt (line 41))
2025-08-19T10:52:48.1424449Z   Using cached docstring_parser-0.11-py3-none-any.whl
2025-08-19T10:52:48.1805003Z Collecting tomli<3.0.0,>=2.0.0 (from pydoc-markdown==4.8.2->-r requirements-dev.txt (line 41))
2025-08-19T10:52:48.1816921Z   Using cached tomli-2.2.1-cp312-cp312-manylinux_2_17_x86_64.manylinux2014_x86_64.whl.metadata (11 kB)
2025-08-19T10:52:48.1979746Z Collecting tomli_w<2.0.0,>=1.0.0 (from pydoc-markdown==4.8.2->-r requirements-dev.txt (line 41))
2025-08-19T10:52:48.1991326Z   Using cached tomli_w-1.2.0-py3-none-any.whl.metadata (5.7 kB)
2025-08-19T10:52:48.2494871Z Collecting watchdog (from pydoc-markdown==4.8.2->-r requirements-dev.txt (line 41))
2025-08-19T10:52:48.2507058Z   Using cached watchdog-6.0.0-py3-none-manylinux2014_x86_64.whl.metadata (44 kB)
2025-08-19T10:52:48.2771249Z Collecting yapf>=0.30.0 (from pydoc-markdown==4.8.2->-r requirements-dev.txt (line 41))
2025-08-19T10:52:48.2782998Z   Using cached yapf-0.43.0-py3-none-any.whl.metadata (46 kB)
2025-08-19T10:52:48.3023544Z Collecting Deprecated<2.0.0,>=1.2.12 (from docspec==2.2.1->docspec-python==2.2.2->-r requirements-dev.txt (line 40))
2025-08-19T10:52:48.3035114Z   Using cached Deprecated-1.2.18-py2.py3-none-any.whl.metadata (5.7 kB)
2025-08-19T10:52:48.4606851Z Collecting psycopg-binary==3.2.9 (from psycopg[binary]==3.2.9->-r requirements-dev.txt (line 24))
2025-08-19T10:52:48.4620400Z   Using cached psycopg_binary-3.2.9-cp312-cp312-manylinux_2_17_x86_64.manylinux2014_x86_64.whl.metadata (2.9 kB)
2025-08-19T10:52:48.4950441Z Collecting PyJWT>=2.9.0 (from redis==5.*->-r requirements-dev.txt (line 9))
2025-08-19T10:52:48.4962536Z   Using cached PyJWT-2.10.1-py3-none-any.whl.metadata (4.0 kB)
2025-08-19T10:52:48.5248382Z Collecting argon2-cffi (from minio==7.*->-r requirements-dev.txt (line 10))
2025-08-19T10:52:48.5260068Z   Using cached argon2_cffi-25.1.0-py3-none-any.whl.metadata (4.1 kB)
2025-08-19T10:52:48.6100408Z Collecting pycryptodome (from minio==7.*->-r requirements-dev.txt (line 10))
2025-08-19T10:52:48.6116476Z   Using cached pycryptodome-3.23.0-cp37-abi3-manylinux_2_17_x86_64.manylinux2014_x86_64.whl.metadata (3.4 kB)
2025-08-19T10:52:48.6368099Z Collecting anyio (from httpx<0.29,>=0.27->-r requirements-dev.txt (line 15))
2025-08-19T10:52:48.6379840Z   Using cached anyio-4.10.0-py3-none-any.whl.metadata (4.0 kB)
2025-08-19T10:52:48.6623611Z Collecting httpcore==1.* (from httpx<0.29,>=0.27->-r requirements-dev.txt (line 15))
2025-08-19T10:52:48.6635177Z   Using cached httpcore-1.0.9-py3-none-any.whl.metadata (21 kB)
2025-08-19T10:52:48.7002526Z Collecting tzdata>=2022.7 (from pandas==2.2.*->-r requirements-dev.txt (line 22))
2025-08-19T10:52:48.7014452Z   Using cached tzdata-2025.2-py2.py3-none-any.whl.metadata (1.4 kB)
2025-08-19T10:52:48.7217724Z Collecting multimethod<=1.10.0 (from pandera==0.19.*->-r requirements-dev.txt (line 42))
2025-08-19T10:52:48.7229253Z   Using cached multimethod-1.10-py3-none-any.whl.metadata (8.2 kB)
2025-08-19T10:52:48.7638934Z Collecting typeguard (from pandera==0.19.*->-r requirements-dev.txt (line 42))
2025-08-19T10:52:48.7650796Z   Using cached typeguard-4.4.4-py3-none-any.whl.metadata (3.3 kB)
2025-08-19T10:52:48.7825582Z Collecting typing-inspect>=0.6.0 (from pandera==0.19.*->-r requirements-dev.txt (line 42))
2025-08-19T10:52:48.7837012Z   Using cached typing_inspect-0.9.0-py3-none-any.whl.metadata (1.5 kB)
2025-08-19T10:52:48.8674759Z Collecting databind<5.0.0,>=4.5.2 (from databind.core<5.0.0,>=4.4.0->pydoc-markdown==4.8.2->-r requirements-dev.txt (line 41))
2025-08-19T10:52:48.8686340Z   Using cached databind-4.5.2-py3-none-any.whl.metadata (4.3 kB)
2025-08-19T10:52:48.9393753Z Collecting nr-date<3.0.0,>=2.0.0 (from databind<5.0.0,>=4.5.2->databind.core<5.0.0,>=4.4.0->pydoc-markdown==4.8.2->-r requirements-dev.txt (line 41))
2025-08-19T10:52:48.9405776Z   Using cached nr_date-2.1.0-py3-none-any.whl.metadata (746 bytes)
2025-08-19T10:52:49.0113648Z Collecting nr-stream<2.0.0,>=1.0.0 (from databind<5.0.0,>=4.5.2->databind.core<5.0.0,>=4.4.0->pydoc-markdown==4.8.2->-r requirements-dev.txt (line 41))
2025-08-19T10:52:49.0125354Z   Using cached nr_stream-1.1.5-py3-none-any.whl.metadata (3.6 kB)
2025-08-19T10:52:49.0950874Z Collecting typeapi<3,>=2.0.1 (from databind<5.0.0,>=4.5.2->databind.core<5.0.0,>=4.4.0->pydoc-markdown==4.8.2->-r requirements-dev.txt (line 41))
2025-08-19T10:52:49.0962389Z   Using cached typeapi-2.2.4-py3-none-any.whl.metadata (1.5 kB)
2025-08-19T10:52:49.1296166Z Collecting h11>=0.16 (from httpcore==1.*->httpx<0.29,>=0.27->-r requirements-dev.txt (line 15))
2025-08-19T10:52:49.1308058Z   Using cached h11-0.16.0-py3-none-any.whl.metadata (8.3 kB)
2025-08-19T10:52:49.1581904Z Collecting amqp<6.0.0,>=5.1.1 (from kombu<5.6,>=5.5.2->celery==5.5.3->-r requirements-dev.txt (line 11))
2025-08-19T10:52:49.1594040Z   Using cached amqp-5.3.1-py3-none-any.whl.metadata (8.9 kB)
2025-08-19T10:52:49.2043266Z Collecting iniconfig>=1 (from pytest<9,>=7.0.0->pytest-asyncio==0.23.6->-r requirements-dev.txt (line 27))
2025-08-19T10:52:49.2054906Z   Using cached iniconfig-2.1.0-py3-none-any.whl.metadata (2.7 kB)
2025-08-19T10:52:49.2326285Z Collecting pygments>=2.7.2 (from pytest<9,>=7.0.0->pytest-asyncio==0.23.6->-r requirements-dev.txt (line 27))
2025-08-19T10:52:49.2337963Z   Using cached pygments-2.19.2-py3-none-any.whl.metadata (2.5 kB)
2025-08-19T10:52:49.2728286Z Collecting sniffio>=1.1 (from anyio->httpx<0.29,>=0.27->-r requirements-dev.txt (line 15))
2025-08-19T10:52:49.2740115Z   Using cached sniffio-1.3.1-py3-none-any.whl.metadata (3.9 kB)
2025-08-19T10:52:49.7548452Z Collecting botocore<1.41.0,>=1.40.12 (from boto3->-r requirements-dev.txt (line 8))
2025-08-19T10:52:49.7562362Z   Using cached botocore-1.40.12-py3-none-any.whl.metadata (5.7 kB)
2025-08-19T10:52:49.7760724Z Collecting jmespath<2.0.0,>=0.7.1 (from boto3->-r requirements-dev.txt (line 8))
2025-08-19T10:52:49.7772401Z   Using cached jmespath-1.0.1-py3-none-any.whl.metadata (7.6 kB)
2025-08-19T10:52:49.7981141Z Collecting s3transfer<0.14.0,>=0.13.0 (from boto3->-r requirements-dev.txt (line 8))
2025-08-19T10:52:49.7993290Z   Using cached s3transfer-0.13.1-py3-none-any.whl.metadata (1.7 kB)
2025-08-19T10:52:49.9567594Z Collecting fastapi-cli>=0.0.8 (from fastapi-cli[standard]>=0.0.8; extra == "all"->fastapi[all]->-r requirements-dev.txt (line 13))
2025-08-19T10:52:49.9579746Z   Using cached fastapi_cli-0.0.8-py3-none-any.whl.metadata (6.3 kB)
2025-08-19T10:52:50.0317686Z Collecting ujson!=4.0.2,!=4.1.0,!=4.2.0,!=4.3.0,!=5.0.0,!=5.1.0,>=4.0.1 (from fastapi[all]->-r requirements-dev.txt (line 13))
2025-08-19T10:52:50.0330451Z   Using cached ujson-5.10.0-cp312-cp312-manylinux_2_17_x86_64.manylinux2014_x86_64.whl.metadata (9.3 kB)
2025-08-19T10:52:50.2663692Z Collecting orjson>=3.2.1 (from fastapi[all]->-r requirements-dev.txt (line 13))
2025-08-19T10:52:50.2677753Z   Using cached orjson-3.11.2-cp312-cp312-manylinux_2_17_x86_64.manylinux2014_x86_64.whl.metadata (1.2 kB)
2025-08-19T10:52:50.2861032Z Collecting email-validator>=2.0.0 (from fastapi[all]->-r requirements-dev.txt (line 13))
2025-08-19T10:52:50.2873606Z   Using cached email_validator-2.2.0-py3-none-any.whl.metadata (25 kB)
2025-08-19T10:52:50.3226186Z Collecting uvicorn>=0.12.0 (from uvicorn[standard]>=0.12.0; extra == "all"->fastapi[all]->-r requirements-dev.txt (line 13))
2025-08-19T10:52:50.3237935Z   Using cached uvicorn-0.35.0-py3-none-any.whl.metadata (6.5 kB)
2025-08-19T10:52:50.3470153Z Collecting pydantic-settings>=2.0.0 (from fastapi[all]->-r requirements-dev.txt (line 13))
2025-08-19T10:52:50.3481986Z   Using cached pydantic_settings-2.10.1-py3-none-any.whl.metadata (3.4 kB)
2025-08-19T10:52:50.3668886Z Collecting pydantic-extra-types>=2.0.0 (from fastapi[all]->-r requirements-dev.txt (line 13))
2025-08-19T10:52:50.3680638Z   Using cached pydantic_extra_types-2.10.5-py3-none-any.whl.metadata (3.9 kB)
2025-08-19T10:52:50.4411407Z Collecting prompt-toolkit>=3.0.36 (from click-repl>=0.2.0->celery==5.5.3->-r requirements-dev.txt (line 11))
2025-08-19T10:52:50.4423313Z   Using cached prompt_toolkit-3.0.51-py3-none-any.whl.metadata (6.4 kB)
2025-08-19T10:52:50.4661980Z Collecting dnspython>=2.0.0 (from email-validator>=2.0.0->fastapi[all]->-r requirements-dev.txt (line 13))
2025-08-19T10:52:50.4674108Z   Using cached dnspython-2.7.0-py3-none-any.whl.metadata (5.8 kB)
2025-08-19T10:52:50.5025844Z Collecting typer>=0.15.1 (from fastapi-cli>=0.0.8->fastapi-cli[standard]>=0.0.8; extra == "all"->fastapi[all]->-r requirements-dev.txt (line 13))
2025-08-19T10:52:50.5036682Z   Using cached typer-0.16.1-py3-none-any.whl.metadata (15 kB)
2025-08-19T10:52:50.5350343Z Collecting rich-toolkit>=0.14.8 (from fastapi-cli>=0.0.8->fastapi-cli[standard]>=0.0.8; extra == "all"->fastapi[all]->-r requirements-dev.txt (line 13))
2025-08-19T10:52:50.5361205Z   Using cached rich_toolkit-0.15.0-py3-none-any.whl.metadata (1.0 kB)
2025-08-19T10:52:50.5532970Z Collecting fastapi-cloud-cli>=0.1.1 (from fastapi-cli[standard]>=0.0.8; extra == "all"->fastapi[all]->-r requirements-dev.txt (line 13))
2025-08-19T10:52:50.5544599Z   Using cached fastapi_cloud_cli-0.1.5-py3-none-any.whl.metadata (3.2 kB)
2025-08-19T10:52:50.6323735Z Collecting rignore>=0.5.1 (from fastapi-cloud-cli>=0.1.1->fastapi-cli[standard]>=0.0.8; extra == "all"->fastapi[all]->-r requirements-dev.txt (line 13))
2025-08-19T10:52:50.6335782Z   Using cached rignore-0.6.4-cp312-cp312-manylinux_2_17_x86_64.manylinux2014_x86_64.whl.metadata (3.8 kB)
2025-08-19T10:52:50.7053481Z Collecting sentry-sdk>=2.20.0 (from fastapi-cloud-cli>=0.1.1->fastapi-cli[standard]>=0.0.8; extra == "all"->fastapi[all]->-r requirements-dev.txt (line 13))
2025-08-19T10:52:50.7065613Z   Using cached sentry_sdk-2.35.0-py2.py3-none-any.whl.metadata (10 kB)
2025-08-19T10:52:50.8033267Z Collecting psutil>=4.0.0 (from mirakuru>=2.6.0->pytest-postgresql==7.0.2->-r requirements-dev.txt (line 29))
2025-08-19T10:52:50.8046231Z   Using cached psutil-7.0.0-cp36-abi3-manylinux_2_12_x86_64.manylinux2010_x86_64.manylinux_2_17_x86_64.manylinux2014_x86_64.whl.metadata (22 kB)
2025-08-19T10:52:50.8425655Z Collecting wcwidth (from prompt-toolkit>=3.0.36->click-repl>=0.2.0->celery==5.5.3->-r requirements-dev.txt (line 11))
2025-08-19T10:52:50.8437219Z   Using cached wcwidth-0.2.13-py2.py3-none-any.whl.metadata (14 kB)
2025-08-19T10:52:50.9400068Z Collecting rich>=13.7.1 (from rich-toolkit>=0.14.8->fastapi-cli>=0.0.8->fastapi-cli[standard]>=0.0.8; extra == "all"->fastapi[all]->-r requirements-dev.txt (line 13))
2025-08-19T10:52:50.9411967Z   Using cached rich-14.1.0-py3-none-any.whl.metadata (18 kB)
2025-08-19T10:52:50.9654426Z Collecting markdown-it-py>=2.2.0 (from rich>=13.7.1->rich-toolkit>=0.14.8->fastapi-cli>=0.0.8->fastapi-cli[standard]>=0.0.8; extra == "all"->fastapi[all]->-r requirements-dev.txt (line 13))
2025-08-19T10:52:50.9666331Z   Using cached markdown_it_py-4.0.0-py3-none-any.whl.metadata (7.3 kB)
2025-08-19T10:52:50.9931559Z Collecting mdurl~=0.1 (from markdown-it-py>=2.2.0->rich>=13.7.1->rich-toolkit>=0.14.8->fastapi-cli>=0.0.8->fastapi-cli[standard]>=0.0.8; extra == "all"->fastapi[all]->-r requirements-dev.txt (line 13))
2025-08-19T10:52:50.9944024Z   Using cached mdurl-0.1.2-py3-none-any.whl.metadata (1.6 kB)
2025-08-19T10:52:51.0520903Z Collecting shellingham>=1.3.0 (from typer>=0.15.1->fastapi-cli>=0.0.8->fastapi-cli[standard]>=0.0.8; extra == "all"->fastapi[all]->-r requirements-dev.txt (line 13))
2025-08-19T10:52:51.0532513Z   Using cached shellingham-1.5.4-py2.py3-none-any.whl.metadata (3.5 kB)
2025-08-19T10:52:51.1409497Z Collecting httptools>=0.6.3 (from uvicorn[standard]>=0.12.0; extra == "all"->fastapi[all]->-r requirements-dev.txt (line 13))
2025-08-19T10:52:51.1422177Z   Using cached httptools-0.6.4-cp312-cp312-manylinux_2_5_x86_64.manylinux1_x86_64.manylinux_2_17_x86_64.manylinux2014_x86_64.whl.metadata (3.6 kB)
2025-08-19T10:52:51.1891052Z Collecting uvloop>=0.15.1 (from uvicorn[standard]>=0.12.0; extra == "all"->fastapi[all]->-r requirements-dev.txt (line 13))
2025-08-19T10:52:51.1903375Z   Using cached uvloop-0.21.0-cp312-cp312-manylinux_2_17_x86_64.manylinux2014_x86_64.whl.metadata (4.9 kB)
2025-08-19T10:52:51.2655514Z Collecting watchfiles>=0.13 (from uvicorn[standard]>=0.12.0; extra == "all"->fastapi[all]->-r requirements-dev.txt (line 13))
2025-08-19T10:52:51.2667562Z   Using cached watchfiles-1.1.0-cp312-cp312-manylinux_2_17_x86_64.manylinux2014_x86_64.whl.metadata (4.9 kB)
2025-08-19T10:52:51.3557151Z Collecting websockets>=10.4 (from uvicorn[standard]>=0.12.0; extra == "all"->fastapi[all]->-r requirements-dev.txt (line 13))
2025-08-19T10:52:51.3569885Z   Using cached websockets-15.0.1-cp312-cp312-manylinux_2_5_x86_64.manylinux1_x86_64.manylinux_2_17_x86_64.manylinux2014_x86_64.whl.metadata (6.8 kB)
2025-08-19T10:52:51.5154071Z Collecting argon2-cffi-bindings (from argon2-cffi->minio==7.*->-r requirements-dev.txt (line 10))
2025-08-19T10:52:51.5166993Z   Using cached argon2_cffi_bindings-25.1.0-cp39-abi3-manylinux_2_26_x86_64.manylinux_2_28_x86_64.whl.metadata (7.4 kB)
2025-08-19T10:52:51.6236274Z Collecting cffi>=1.0.1 (from argon2-cffi-bindings->argon2-cffi->minio==7.*->-r requirements-dev.txt (line 10))
2025-08-19T10:52:51.6248789Z   Using cached cffi-1.17.1-cp312-cp312-manylinux_2_17_x86_64.manylinux2014_x86_64.whl.metadata (1.5 kB)
2025-08-19T10:52:51.6434931Z Collecting pycparser (from cffi>=1.0.1->argon2-cffi-bindings->argon2-cffi->minio==7.*->-r requirements-dev.txt (line 10))
2025-08-19T10:52:51.6446630Z   Using cached pycparser-2.22-py3-none-any.whl.metadata (943 bytes)
2025-08-19T10:52:51.7033513Z Using cached jinja2-3.1.6-py3-none-any.whl (134 kB)
2025-08-19T10:52:51.7046086Z Using cached alembic-1.13.1-py3-none-any.whl (233 kB)
2025-08-19T10:52:51.7058987Z Using cached APScheduler-3.10.4-py3-none-any.whl (59 kB)
2025-08-19T10:52:51.7070887Z Using cached asgi_correlation_id-4.3.1-py3-none-any.whl (15 kB)
2025-08-19T10:52:51.7082466Z Using cached asyncpg-0.30.0-cp312-cp312-manylinux_2_17_x86_64.manylinux2014_x86_64.whl (3.6 MB)
2025-08-19T10:52:51.7119504Z Using cached black-25.1.0-cp312-cp312-manylinux_2_17_x86_64.manylinux2014_x86_64.manylinux_2_28_x86_64.whl (1.8 MB)
2025-08-19T10:52:51.7143186Z Using cached celery-5.5.3-py3-none-any.whl (438 kB)
2025-08-19T10:52:51.7157944Z Using cached fastapi-0.116.1-py3-none-any.whl (95 kB)
2025-08-19T10:52:51.7169733Z Using cached pydantic-2.11.7-py3-none-any.whl (444 kB)
2025-08-19T10:52:51.7184391Z Using cached fastapi_limiter-0.1.6-py3-none-any.whl (15 kB)
2025-08-19T10:52:51.7195558Z Using cached IMAPClient-3.0.1-py2.py3-none-any.whl (182 kB)
2025-08-19T10:52:51.7208021Z Using cached mypy_extensions-1.1.0-py3-none-any.whl (5.0 kB)
2025-08-19T10:52:51.7219210Z Using cached openpyxl-3.1.5-py2.py3-none-any.whl (250 kB)
2025-08-19T10:52:51.7232294Z Using cached psycopg2_binary-2.9.10-cp312-cp312-manylinux_2_17_x86_64.manylinux2014_x86_64.whl (3.0 MB)
2025-08-19T10:52:51.7265776Z Using cached psycopg-3.2.9-py3-none-any.whl (202 kB)
2025-08-19T10:52:51.7277014Z Using cached pytest_asyncio-0.23.6-py3-none-any.whl (17 kB)
2025-08-19T10:52:51.7287844Z Using cached pytest_cov-6.2.1-py3-none-any.whl (24 kB)
2025-08-19T10:52:51.7298665Z Using cached pytest_postgresql-7.0.2-py3-none-any.whl (41 kB)
2025-08-19T10:52:51.7309592Z Using cached python_telegram_bot-22.3-py3-none-any.whl (717 kB)
2025-08-19T10:52:51.7325462Z Using cached requests-2.32.4-py3-none-any.whl (64 kB)
2025-08-19T10:52:51.7336565Z Using cached respx-0.22.0-py2.py3-none-any.whl (25 kB)
2025-08-19T10:52:51.7347655Z Using cached ruff-0.4.4-py3-none-manylinux_2_17_x86_64.manylinux2014_x86_64.whl (8.7 MB)
2025-08-19T10:52:51.7420948Z Using cached SQLAlchemy-2.0.29-cp312-cp312-manylinux_2_17_x86_64.manylinux2014_x86_64.whl (3.2 MB)
2025-08-19T10:52:51.7454645Z Using cached structlog-24.1.0-py3-none-any.whl (65 kB)
2025-08-19T10:52:51.7467816Z Using cached testcontainers-4.10.0-py3-none-any.whl (107 kB)
2025-08-19T10:52:51.7481046Z Using cached types_requests-2.32.0.20240602-py3-none-any.whl (15 kB)
2025-08-19T10:52:51.7494417Z Using cached docspec_python-2.2.2-py3-none-any.whl (15 kB)
2025-08-19T10:52:51.7507516Z Using cached pydoc_markdown-4.8.2-py3-none-any.whl (67 kB)
2025-08-19T10:52:51.7521669Z Using cached docspec-2.2.1-py3-none-any.whl (9.8 kB)
2025-08-19T10:52:51.7533393Z Using cached psycopg_binary-3.2.9-cp312-cp312-manylinux_2_17_x86_64.manylinux2014_x86_64.whl (4.4 MB)
2025-08-19T10:52:51.7580625Z Using cached pydantic_core-2.33.2-cp312-cp312-manylinux_2_17_x86_64.manylinux2014_x86_64.whl (2.0 MB)
2025-08-19T10:52:51.7605718Z Using cached redis-5.3.1-py3-none-any.whl (272 kB)
2025-08-19T10:52:51.7618546Z Using cached minio-7.2.16-py3-none-any.whl (95 kB)
2025-08-19T10:52:51.7630245Z Using cached httpx-0.28.1-py3-none-any.whl (73 kB)
2025-08-19T10:52:51.7642194Z Using cached mypy-1.17.1-cp312-cp312-manylinux2014_x86_64.manylinux_2_17_x86_64.manylinux_2_28_x86_64.whl (12.7 MB)
2025-08-19T10:52:51.7750781Z Using cached numpy-1.26.4-cp312-cp312-manylinux_2_17_x86_64.manylinux2014_x86_64.whl (18.0 MB)
2025-08-19T10:52:51.7921119Z Using cached pandas-2.2.3-cp312-cp312-manylinux_2_17_x86_64.manylinux2014_x86_64.whl (12.7 MB)
2025-08-19T10:52:51.8022067Z Using cached pandera-0.19.3-py3-none-any.whl (251 kB)
2025-08-19T10:52:51.8035080Z Using cached billiard-4.2.1-py3-none-any.whl (86 kB)
2025-08-19T10:52:51.8047716Z Using cached charset_normalizer-3.4.3-cp312-cp312-manylinux2014_x86_64.manylinux_2_17_x86_64.manylinux_2_28_x86_64.whl (151 kB)
2025-08-19T10:52:51.8061846Z Using cached click-8.2.1-py3-none-any.whl (102 kB)
2025-08-19T10:52:51.8074035Z Using cached databind.core-4.5.2-py3-none-any.whl (1.5 kB)
2025-08-19T10:52:51.8085119Z Using cached databind-4.5.2-py3-none-any.whl (49 kB)
2025-08-19T10:52:51.8096747Z Using cached databind.json-4.5.2-py3-none-any.whl (1.5 kB)
2025-08-19T10:52:51.8107998Z Using cached Deprecated-1.2.18-py2.py3-none-any.whl (10.0 kB)
2025-08-19T10:52:51.8119319Z Using cached httpcore-1.0.9-py3-none-any.whl (78 kB)
2025-08-19T10:52:51.8131199Z Using cached idna-3.10-py3-none-any.whl (70 kB)
2025-08-19T10:52:51.8142851Z Using cached kombu-5.5.4-py3-none-any.whl (210 kB)
2025-08-19T10:52:51.8155880Z Using cached vine-5.1.0-py3-none-any.whl (9.6 kB)
2025-08-19T10:52:51.8167300Z Using cached amqp-5.3.1-py3-none-any.whl (50 kB)
2025-08-19T10:52:51.8178858Z Using cached multimethod-1.10-py3-none-any.whl (9.9 kB)
2025-08-19T10:52:51.8189916Z Using cached nr_date-2.1.0-py3-none-any.whl (10 kB)
2025-08-19T10:52:51.8201232Z Using cached nr_stream-1.1.5-py3-none-any.whl (10 kB)
2025-08-19T10:52:51.8212409Z Using cached nr.util-0.8.12-py3-none-any.whl (90 kB)
2025-08-19T10:52:51.8224426Z Using cached pytest-8.4.1-py3-none-any.whl (365 kB)
2025-08-19T10:52:51.8238438Z Using cached pluggy-1.6.0-py3-none-any.whl (20 kB)
2025-08-19T10:52:51.8251848Z Using cached PyYAML-6.0.2-cp312-cp312-manylinux_2_17_x86_64.manylinux2014_x86_64.whl (767 kB)
2025-08-19T10:52:51.8273398Z Using cached starlette-0.47.2-py3-none-any.whl (72 kB)
2025-08-19T10:52:51.8284804Z Using cached anyio-4.10.0-py3-none-any.whl (107 kB)
2025-08-19T10:52:51.8296939Z Using cached tomli-2.2.1-cp312-cp312-manylinux_2_17_x86_64.manylinux2014_x86_64.whl (242 kB)
2025-08-19T10:52:51.8309749Z Using cached tomli_w-1.2.0-py3-none-any.whl (6.7 kB)
2025-08-19T10:52:51.8320876Z Using cached typeapi-2.2.4-py3-none-any.whl (26 kB)
2025-08-19T10:52:51.8332342Z Using cached typing_extensions-4.14.1-py3-none-any.whl (43 kB)
2025-08-19T10:52:51.8343482Z Using cached urllib3-2.5.0-py3-none-any.whl (129 kB)
2025-08-19T10:52:51.8355956Z Using cached wrapt-1.17.3-cp312-cp312-manylinux1_x86_64.manylinux_2_28_x86_64.manylinux_2_5_x86_64.whl (88 kB)
2025-08-19T10:52:51.8367340Z Using cached boto3-1.40.12-py3-none-any.whl (140 kB)
2025-08-19T10:52:51.8379941Z Using cached botocore-1.40.12-py3-none-any.whl (14.0 MB)
2025-08-19T10:52:51.8492088Z Using cached jmespath-1.0.1-py3-none-any.whl (20 kB)
2025-08-19T10:52:51.8503624Z Using cached python_dateutil-2.9.0.post0-py2.py3-none-any.whl (229 kB)
2025-08-19T10:52:51.8517425Z Using cached s3transfer-0.13.1-py3-none-any.whl (85 kB)
2025-08-19T10:52:51.8529372Z Using cached itsdangerous-2.2.0-py3-none-any.whl (16 kB)
2025-08-19T10:52:51.8541263Z Using cached setuptools-80.9.0-py3-none-any.whl (1.2 MB)
2025-08-19T10:52:51.8569744Z Using cached python_dotenv-1.1.1-py3-none-any.whl (20 kB)
2025-08-19T10:52:51.8581001Z Using cached python_multipart-0.0.20-py3-none-any.whl (24 kB)
2025-08-19T10:52:51.8591920Z Using cached annotated_types-0.7.0-py3-none-any.whl (13 kB)
2025-08-19T10:52:51.8602857Z Using cached certifi-2025.8.3-py3-none-any.whl (161 kB)
2025-08-19T10:52:51.8615088Z Using cached click_didyoumean-0.3.1-py3-none-any.whl (3.6 kB)
2025-08-19T10:52:51.8626172Z Using cached click_plugins-1.1.1.2-py2.py3-none-any.whl (11 kB)
2025-08-19T10:52:51.8637161Z Using cached click_repl-0.3.0-py3-none-any.whl (10 kB)
2025-08-19T10:52:51.8648494Z Using cached coverage-7.10.4-cp312-cp312-manylinux1_x86_64.manylinux_2_28_x86_64.manylinux_2_5_x86_64.whl (251 kB)
2025-08-19T10:52:51.8661068Z Using cached email_validator-2.2.0-py3-none-any.whl (33 kB)
2025-08-19T10:52:51.8672064Z Using cached dnspython-2.7.0-py3-none-any.whl (313 kB)
2025-08-19T10:52:51.8685000Z Using cached fastapi_cli-0.0.8-py3-none-any.whl (10 kB)
2025-08-19T10:52:51.8695855Z Using cached fastapi_cloud_cli-0.1.5-py3-none-any.whl (18 kB)
2025-08-19T10:52:51.8707321Z Using cached greenlet-3.2.4-cp312-cp312-manylinux_2_24_x86_64.manylinux_2_28_x86_64.whl (607 kB)
2025-08-19T10:52:51.8721932Z Using cached h11-0.16.0-py3-none-any.whl (37 kB)
2025-08-19T10:52:51.8733054Z Using cached iniconfig-2.1.0-py3-none-any.whl (6.0 kB)
2025-08-19T10:52:51.8744357Z Using cached MarkupSafe-3.0.2-cp312-cp312-manylinux_2_17_x86_64.manylinux2014_x86_64.whl (23 kB)
2025-08-19T10:52:51.8754904Z Using cached mirakuru-2.6.1-py3-none-any.whl (26 kB)
2025-08-19T10:52:51.8766162Z Using cached orjson-3.11.2-cp312-cp312-manylinux_2_17_x86_64.manylinux2014_x86_64.whl (121 kB)
2025-08-19T10:52:51.8777734Z Using cached packaging-25.0-py3-none-any.whl (66 kB)
2025-08-19T10:52:51.8788960Z Using cached pathspec-0.12.1-py3-none-any.whl (31 kB)
2025-08-19T10:52:51.8799914Z Using cached platformdirs-4.3.8-py3-none-any.whl (18 kB)
2025-08-19T10:52:51.8810734Z Using cached port_for-0.7.4-py3-none-any.whl (21 kB)
2025-08-19T10:52:51.8821655Z Using cached prompt_toolkit-3.0.51-py3-none-any.whl (387 kB)
2025-08-19T10:52:51.8836386Z Using cached psutil-7.0.0-cp36-abi3-manylinux_2_12_x86_64.manylinux2010_x86_64.manylinux_2_17_x86_64.manylinux2014_x86_64.whl (277 kB)
2025-08-19T10:52:51.8848648Z Using cached pydantic_extra_types-2.10.5-py3-none-any.whl (38 kB)
2025-08-19T10:52:51.8859412Z Using cached pydantic_settings-2.10.1-py3-none-any.whl (45 kB)
2025-08-19T10:52:51.8870281Z Using cached pygments-2.19.2-py3-none-any.whl (1.2 MB)
2025-08-19T10:52:51.8889627Z Using cached PyJWT-2.10.1-py3-none-any.whl (22 kB)
2025-08-19T10:52:51.8900509Z Using cached pytz-2025.2-py2.py3-none-any.whl (509 kB)
2025-08-19T10:52:51.8915436Z Using cached rich_toolkit-0.15.0-py3-none-any.whl (29 kB)
2025-08-19T10:52:51.8926412Z Using cached rich-14.1.0-py3-none-any.whl (243 kB)
2025-08-19T10:52:51.8938590Z Using cached markdown_it_py-4.0.0-py3-none-any.whl (87 kB)
2025-08-19T10:52:51.8949769Z Using cached mdurl-0.1.2-py3-none-any.whl (10.0 kB)
2025-08-19T10:52:51.8960955Z Using cached rignore-0.6.4-cp312-cp312-manylinux_2_17_x86_64.manylinux2014_x86_64.whl (949 kB)
2025-08-19T10:52:51.8978156Z Using cached sentry_sdk-2.35.0-py2.py3-none-any.whl (363 kB)
2025-08-19T10:52:51.8991066Z Using cached six-1.17.0-py2.py3-none-any.whl (11 kB)
2025-08-19T10:52:51.9001804Z Using cached sniffio-1.3.1-py3-none-any.whl (10 kB)
2025-08-19T10:52:51.9012499Z Using cached typer-0.16.1-py3-none-any.whl (46 kB)
2025-08-19T10:52:51.9023477Z Using cached shellingham-1.5.4-py2.py3-none-any.whl (9.8 kB)
2025-08-19T10:52:51.9034207Z Using cached typing_inspect-0.9.0-py3-none-any.whl (8.8 kB)
2025-08-19T10:52:51.9045003Z Using cached typing_inspection-0.4.1-py3-none-any.whl (14 kB)
2025-08-19T10:52:51.9055737Z Using cached tzdata-2025.2-py2.py3-none-any.whl (347 kB)
2025-08-19T10:52:51.9068871Z Using cached tzlocal-5.3.1-py3-none-any.whl (18 kB)
2025-08-19T10:52:51.9079833Z Using cached ujson-5.10.0-cp312-cp312-manylinux_2_17_x86_64.manylinux2014_x86_64.whl (53 kB)
2025-08-19T10:52:51.9090407Z Using cached uvicorn-0.35.0-py3-none-any.whl (66 kB)
2025-08-19T10:52:51.9102388Z Using cached httptools-0.6.4-cp312-cp312-manylinux_2_5_x86_64.manylinux1_x86_64.manylinux_2_17_x86_64.manylinux2014_x86_64.whl (510 kB)
2025-08-19T10:52:51.9116826Z Using cached uvloop-0.21.0-cp312-cp312-manylinux_2_17_x86_64.manylinux2014_x86_64.whl (4.7 MB)
2025-08-19T10:52:51.9160621Z Using cached watchfiles-1.1.0-cp312-cp312-manylinux_2_17_x86_64.manylinux2014_x86_64.whl (452 kB)
2025-08-19T10:52:51.9174916Z Using cached websockets-15.0.1-cp312-cp312-manylinux_2_5_x86_64.manylinux1_x86_64.manylinux_2_17_x86_64.manylinux2014_x86_64.whl (182 kB)
2025-08-19T10:52:51.9186163Z Using cached yapf-0.43.0-py3-none-any.whl (256 kB)
2025-08-19T10:52:51.9198491Z Using cached argon2_cffi-25.1.0-py3-none-any.whl (14 kB)
2025-08-19T10:52:51.9209661Z Using cached argon2_cffi_bindings-25.1.0-cp39-abi3-manylinux_2_26_x86_64.manylinux_2_28_x86_64.whl (87 kB)
2025-08-19T10:52:51.9220905Z Using cached cffi-1.17.1-cp312-cp312-manylinux_2_17_x86_64.manylinux2014_x86_64.whl (479 kB)
2025-08-19T10:52:51.9234781Z Using cached docker-7.1.0-py3-none-any.whl (147 kB)
2025-08-19T10:52:51.9246451Z Using cached et_xmlfile-2.0.0-py3-none-any.whl (18 kB)
2025-08-19T10:52:51.9257112Z Using cached mako-1.3.10-py3-none-any.whl (78 kB)
2025-08-19T10:52:51.9268159Z Using cached pycparser-2.22-py3-none-any.whl (117 kB)
2025-08-19T10:52:51.9279900Z Using cached pycryptodome-3.23.0-cp37-abi3-manylinux_2_17_x86_64.manylinux2014_x86_64.whl (2.3 MB)
2025-08-19T10:52:51.9306952Z Using cached typeguard-4.4.4-py3-none-any.whl (34 kB)
2025-08-19T10:52:51.9320094Z Using cached watchdog-6.0.0-py3-none-manylinux2014_x86_64.whl (79 kB)
2025-08-19T10:52:51.9331430Z Using cached wcwidth-0.2.13-py2.py3-none-any.whl (34 kB)
2025-08-19T10:52:52.4045657Z Installing collected packages: wcwidth, pytz, wrapt, websockets, watchdog, vine, uvloop, urllib3, ujson, tzlocal, tzdata, typing-extensions, tomli_w, tomli, structlog, sniffio, six, shellingham, setuptools, ruff, rignore, PyYAML, python-multipart, python-dotenv, PyJWT, pygments, pycryptodome, pycparser, psycopg2-binary, psycopg-binary, psutil, prompt-toolkit, port-for, pluggy, platformdirs, pathspec, packaging, orjson, numpy, nr-stream, nr-date, mypy-extensions, multimethod, mdurl, MarkupSafe, jmespath, itsdangerous, iniconfig, imapclient, idna, httptools, h11, greenlet, et-xmlfile, docstring-parser, dnspython, coverage, click, charset_normalizer, certifi, billiard, asyncpg, annotated-types, yapf, uvicorn, typing-inspection, typing-inspect, types-requests, typeguard, typeapi, sqlalchemy, sentry-sdk, requests, redis, python-dateutil, pytest, pydantic-core, psycopg, openpyxl, mypy, mirakuru, markdown-it-py, Mako, Jinja2, httpcore, email-validator, Deprecated, click-repl, click-plugins, click-didyoumean, cffi, black, apscheduler, anyio, amqp, watchfiles, starlette, rich, pytest-postgresql, pytest-cov, pytest-asyncio, pydantic, pandas, nr-util, kombu, httpx, docker, databind, botocore, argon2-cffi-bindings, alembic, typer, testcontainers, s3transfer, rich-toolkit, respx, python-telegram-bot, pydantic-settings, pydantic-extra-types, pandera, fastapi, databind.json, databind.core, celery, asgi-correlation-id, argon2-cffi, minio, fastapi-limiter, fastapi-cloud-cli, fastapi-cli, docspec, boto3, docspec-python, pydoc-markdown
2025-08-19T10:53:11.2262523Z 
2025-08-19T10:53:11.2381965Z Successfully installed Deprecated-1.2.18 Jinja2-3.1.6 Mako-1.3.10 MarkupSafe-3.0.2 PyJWT-2.10.1 PyYAML-6.0.2 alembic-1.13.1 amqp-5.3.1 annotated-types-0.7.0 anyio-4.10.0 apscheduler-3.10.4 argon2-cffi-25.1.0 argon2-cffi-bindings-25.1.0 asgi-correlation-id-4.3.1 asyncpg-0.30.0 billiard-4.2.1 black-25.1.0 boto3-1.40.12 botocore-1.40.12 celery-5.5.3 certifi-2025.8.3 cffi-1.17.1 charset_normalizer-3.4.3 click-8.2.1 click-didyoumean-0.3.1 click-plugins-1.1.1.2 click-repl-0.3.0 coverage-7.10.4 databind-4.5.2 databind.core-4.5.2 databind.json-4.5.2 dnspython-2.7.0 docker-7.1.0 docspec-2.2.1 docspec-python-2.2.2 docstring-parser-0.11 email-validator-2.2.0 et-xmlfile-2.0.0 fastapi-0.116.1 fastapi-cli-0.0.8 fastapi-cloud-cli-0.1.5 fastapi-limiter-0.1.6 greenlet-3.2.4 h11-0.16.0 httpcore-1.0.9 httptools-0.6.4 httpx-0.28.1 idna-3.10 imapclient-3.0.1 iniconfig-2.1.0 itsdangerous-2.2.0 jmespath-1.0.1 kombu-5.5.4 markdown-it-py-4.0.0 mdurl-0.1.2 minio-7.2.16 mirakuru-2.6.1 multimethod-1.10 mypy-1.17.1 mypy-extensions-1.1.0 nr-date-2.1.0 nr-stream-1.1.5 nr-util-0.8.12 numpy-1.26.4 openpyxl-3.1.5 orjson-3.11.2 packaging-25.0 pandas-2.2.3 pandera-0.19.3 pathspec-0.12.1 platformdirs-4.3.8 pluggy-1.6.0 port-for-0.7.4 prompt-toolkit-3.0.51 psutil-7.0.0 psycopg-3.2.9 psycopg-binary-3.2.9 psycopg2-binary-2.9.10 pycparser-2.22 pycryptodome-3.23.0 pydantic-2.11.7 pydantic-core-2.33.2 pydantic-extra-types-2.10.5 pydantic-settings-2.10.1 pydoc-markdown-4.8.2 pygments-2.19.2 pytest-8.4.1 pytest-asyncio-0.23.6 pytest-cov-6.2.1 pytest-postgresql-7.0.2 python-dateutil-2.9.0.post0 python-dotenv-1.1.1 python-multipart-0.0.20 python-telegram-bot-22.3 pytz-2025.2 redis-5.3.1 requests-2.32.4 respx-0.22.0 rich-14.1.0 rich-toolkit-0.15.0 rignore-0.6.4 ruff-0.4.4 s3transfer-0.13.1 sentry-sdk-2.35.0 setuptools-80.9.0 shellingham-1.5.4 six-1.17.0 sniffio-1.3.1 sqlalchemy-2.0.29 starlette-0.47.2 structlog-24.1.0 testcontainers-4.10.0 tomli-2.2.1 tomli_w-1.2.0 typeapi-2.2.4 typeguard-4.4.4 typer-0.16.1 types-requests-2.32.0.20240602 typing-extensions-4.14.1 typing-inspect-0.9.0 typing-inspection-0.4.1 tzdata-2025.2 tzlocal-5.3.1 ujson-5.10.0 urllib3-2.5.0 uvicorn-0.35.0 uvloop-0.21.0 vine-5.1.0 watchdog-6.0.0 watchfiles-1.1.0 wcwidth-0.2.13 websockets-15.0.1 wrapt-1.17.3 yapf-0.43.0
2025-08-19T10:53:12.5077750Z Collecting keepa==1.3.15
2025-08-19T10:53:12.5090459Z   Using cached keepa-1.3.15-py3-none-any.whl.metadata (11 kB)
2025-08-19T10:53:12.5422889Z Collecting minio==7.1.15
2025-08-19T10:53:12.5434155Z   Using cached minio-7.1.15-py3-none-any.whl.metadata (4.2 kB)
2025-08-19T10:53:12.5460062Z Requirement already satisfied: numpy>=1.9.3 in /opt/hostedtoolcache/Python/3.12.11/x64/lib/python3.12/site-packages (from keepa==1.3.15) (1.26.4)
2025-08-19T10:53:12.5465310Z Requirement already satisfied: requests>=2.2 in /opt/hostedtoolcache/Python/3.12.11/x64/lib/python3.12/site-packages (from keepa==1.3.15) (2.32.4)
2025-08-19T10:53:12.5841254Z Collecting tqdm (from keepa==1.3.15)
2025-08-19T10:53:12.5852489Z   Using cached tqdm-4.67.1-py3-none-any.whl.metadata (57 kB)
2025-08-19T10:53:13.0669268Z Collecting aiohttp (from keepa==1.3.15)
2025-08-19T10:53:13.0683100Z   Using cached aiohttp-3.12.15-cp312-cp312-manylinux_2_17_x86_64.manylinux2014_x86_64.whl.metadata (7.7 kB)
2025-08-19T10:53:13.0717634Z Requirement already satisfied: pandas<=3.0 in /opt/hostedtoolcache/Python/3.12.11/x64/lib/python3.12/site-packages (from keepa==1.3.15) (2.2.3)
2025-08-19T10:53:13.0721660Z Requirement already satisfied: pydantic in /opt/hostedtoolcache/Python/3.12.11/x64/lib/python3.12/site-packages (from keepa==1.3.15) (2.11.7)
2025-08-19T10:53:13.0728965Z Requirement already satisfied: certifi in /opt/hostedtoolcache/Python/3.12.11/x64/lib/python3.12/site-packages (from minio==7.1.15) (2025.8.3)
2025-08-19T10:53:13.0732373Z Requirement already satisfied: urllib3 in /opt/hostedtoolcache/Python/3.12.11/x64/lib/python3.12/site-packages (from minio==7.1.15) (2.5.0)
2025-08-19T10:53:13.0788340Z Requirement already satisfied: python-dateutil>=2.8.2 in /opt/hostedtoolcache/Python/3.12.11/x64/lib/python3.12/site-packages (from pandas<=3.0->keepa==1.3.15) (2.9.0.post0)
2025-08-19T10:53:13.0793622Z Requirement already satisfied: pytz>=2020.1 in /opt/hostedtoolcache/Python/3.12.11/x64/lib/python3.12/site-packages (from pandas<=3.0->keepa==1.3.15) (2025.2)
2025-08-19T10:53:13.0798511Z Requirement already satisfied: tzdata>=2022.7 in /opt/hostedtoolcache/Python/3.12.11/x64/lib/python3.12/site-packages (from pandas<=3.0->keepa==1.3.15) (2025.2)
2025-08-19T10:53:13.0922489Z Requirement already satisfied: six>=1.5 in /opt/hostedtoolcache/Python/3.12.11/x64/lib/python3.12/site-packages (from python-dateutil>=2.8.2->pandas<=3.0->keepa==1.3.15) (1.17.0)
2025-08-19T10:53:13.0941428Z Requirement already satisfied: charset_normalizer<4,>=2 in /opt/hostedtoolcache/Python/3.12.11/x64/lib/python3.12/site-packages (from requests>=2.2->keepa==1.3.15) (3.4.3)
2025-08-19T10:53:13.0947812Z Requirement already satisfied: idna<4,>=2.5 in /opt/hostedtoolcache/Python/3.12.11/x64/lib/python3.12/site-packages (from requests>=2.2->keepa==1.3.15) (3.10)
2025-08-19T10:53:13.1203463Z Collecting aiohappyeyeballs>=2.5.0 (from aiohttp->keepa==1.3.15)
2025-08-19T10:53:13.1214962Z   Using cached aiohappyeyeballs-2.6.1-py3-none-any.whl.metadata (5.9 kB)
2025-08-19T10:53:13.1360152Z Collecting aiosignal>=1.4.0 (from aiohttp->keepa==1.3.15)
2025-08-19T10:53:13.1371317Z   Using cached aiosignal-1.4.0-py3-none-any.whl.metadata (3.7 kB)
2025-08-19T10:53:13.1573917Z Collecting attrs>=17.3.0 (from aiohttp->keepa==1.3.15)
2025-08-19T10:53:13.1585216Z   Using cached attrs-25.3.0-py3-none-any.whl.metadata (10 kB)
2025-08-19T10:53:13.2309522Z Collecting frozenlist>=1.1.1 (from aiohttp->keepa==1.3.15)
2025-08-19T10:53:13.2321921Z   Using cached frozenlist-1.7.0-cp312-cp312-manylinux_2_5_x86_64.manylinux1_x86_64.manylinux_2_17_x86_64.manylinux2014_x86_64.whl.metadata (18 kB)
2025-08-19T10:53:13.4765979Z Collecting multidict<7.0,>=4.5 (from aiohttp->keepa==1.3.15)
2025-08-19T10:53:13.4780380Z   Using cached multidict-6.6.4-cp312-cp312-manylinux2014_x86_64.manylinux_2_17_x86_64.manylinux_2_28_x86_64.whl.metadata (5.3 kB)
2025-08-19T10:53:13.5265372Z Collecting propcache>=0.2.0 (from aiohttp->keepa==1.3.15)
2025-08-19T10:53:13.5277720Z   Using cached propcache-0.3.2-cp312-cp312-manylinux_2_17_x86_64.manylinux2014_x86_64.whl.metadata (12 kB)
2025-08-19T10:53:13.7675382Z Collecting yarl<2.0,>=1.17.0 (from aiohttp->keepa==1.3.15)
2025-08-19T10:53:13.7688712Z   Using cached yarl-1.20.1-cp312-cp312-manylinux_2_17_x86_64.manylinux2014_x86_64.whl.metadata (73 kB)
2025-08-19T10:53:13.7905942Z Requirement already satisfied: typing-extensions>=4.2 in /opt/hostedtoolcache/Python/3.12.11/x64/lib/python3.12/site-packages (from aiosignal>=1.4.0->aiohttp->keepa==1.3.15) (4.14.1)
2025-08-19T10:53:13.7954126Z Requirement already satisfied: annotated-types>=0.6.0 in /opt/hostedtoolcache/Python/3.12.11/x64/lib/python3.12/site-packages (from pydantic->keepa==1.3.15) (0.7.0)
2025-08-19T10:53:13.7959936Z Requirement already satisfied: pydantic-core==2.33.2 in /opt/hostedtoolcache/Python/3.12.11/x64/lib/python3.12/site-packages (from pydantic->keepa==1.3.15) (2.33.2)
2025-08-19T10:53:13.7967002Z Requirement already satisfied: typing-inspection>=0.4.0 in /opt/hostedtoolcache/Python/3.12.11/x64/lib/python3.12/site-packages (from pydantic->keepa==1.3.15) (0.4.1)
2025-08-19T10:53:13.8026669Z Using cached keepa-1.3.15-py3-none-any.whl (38 kB)
2025-08-19T10:53:13.8039699Z Using cached minio-7.1.15-py3-none-any.whl (77 kB)
2025-08-19T10:53:13.8051882Z Using cached aiohttp-3.12.15-cp312-cp312-manylinux_2_17_x86_64.manylinux2014_x86_64.whl (1.7 MB)
2025-08-19T10:53:13.8075968Z Using cached multidict-6.6.4-cp312-cp312-manylinux2014_x86_64.manylinux_2_17_x86_64.manylinux_2_28_x86_64.whl (256 kB)
2025-08-19T10:53:13.8088169Z Using cached yarl-1.20.1-cp312-cp312-manylinux_2_17_x86_64.manylinux2014_x86_64.whl (355 kB)
2025-08-19T10:53:13.8101011Z Using cached aiohappyeyeballs-2.6.1-py3-none-any.whl (15 kB)
2025-08-19T10:53:13.8111494Z Using cached aiosignal-1.4.0-py3-none-any.whl (7.5 kB)
2025-08-19T10:53:13.8121839Z Using cached attrs-25.3.0-py3-none-any.whl (63 kB)
2025-08-19T10:53:13.8133432Z Using cached frozenlist-1.7.0-cp312-cp312-manylinux_2_5_x86_64.manylinux1_x86_64.manylinux_2_17_x86_64.manylinux2014_x86_64.whl (241 kB)
2025-08-19T10:53:13.8145663Z Using cached propcache-0.3.2-cp312-cp312-manylinux_2_17_x86_64.manylinux2014_x86_64.whl (224 kB)
2025-08-19T10:53:13.8157370Z Using cached tqdm-4.67.1-py3-none-any.whl (78 kB)
2025-08-19T10:53:13.9955516Z Installing collected packages: tqdm, propcache, multidict, minio, frozenlist, attrs, aiohappyeyeballs, yarl, aiosignal, aiohttp, keepa
2025-08-19T10:53:14.0697339Z   Attempting uninstall: minio
2025-08-19T10:53:14.0745116Z     Found existing installation: minio 7.2.16
2025-08-19T10:53:14.0780992Z     Uninstalling minio-7.2.16:
2025-08-19T10:53:14.0791205Z       Successfully uninstalled minio-7.2.16
2025-08-19T10:53:14.4391729Z 
2025-08-19T10:53:14.4504483Z Successfully installed aiohappyeyeballs-2.6.1 aiohttp-3.12.15 aiosignal-1.4.0 attrs-25.3.0 frozenlist-1.7.0 keepa-1.3.15 minio-7.1.15 multidict-6.6.4 propcache-0.3.2 tqdm-4.67.1 yarl-1.20.1
2025-08-19T10:53:14.6047280Z ##[group]Run ruff check .
2025-08-19T10:53:14.6047554Z [36;1mruff check .[0m
2025-08-19T10:53:14.6047761Z [36;1mruff format --check .[0m
2025-08-19T10:53:14.6089829Z shell: /usr/bin/bash -e {0}
2025-08-19T10:53:14.6090052Z env:
2025-08-19T10:53:14.6090260Z   REDIS_URL: redis://localhost:6379/0
2025-08-19T10:53:14.6090529Z   RATE_LIMIT_DEFAULT: 100/minute
2025-08-19T10:53:14.6090747Z   TRUST_X_FORWARDED: 1
2025-08-19T10:53:14.6090943Z   PG_USER: postgres
2025-08-19T10:53:14.6091140Z   PG_PASSWORD: pass
2025-08-19T10:53:14.6091344Z   PG_DATABASE: awa
2025-08-19T10:53:14.6091524Z   PG_HOST: localhost
2025-08-19T10:53:14.6091708Z   PG_PORT: 5432
2025-08-19T10:53:14.6092304Z   PG_SYNC_DSN: ***localhost:5432/awa
2025-08-19T10:53:14.6092872Z   PG_ASYNC_DSN: ***localhost:5432/awa
2025-08-19T10:53:14.6093308Z   DATABASE_URL: ***localhost:5432/awa
2025-08-19T10:53:14.6093542Z   DATA_DIR: /tmp/awa-data
2025-08-19T10:53:14.6093742Z   ENABLE_LIVE: 0
2025-08-19T10:53:14.6093941Z   TESTING: 1
2025-08-19T10:53:14.6094178Z   pythonLocation: /opt/hostedtoolcache/Python/3.12.11/x64
2025-08-19T10:53:14.6094563Z   PKG_CONFIG_PATH: /opt/hostedtoolcache/Python/3.12.11/x64/lib/pkgconfig
2025-08-19T10:53:14.6095115Z   Python_ROOT_DIR: /opt/hostedtoolcache/Python/3.12.11/x64
2025-08-19T10:53:14.6095459Z   Python2_ROOT_DIR: /opt/hostedtoolcache/Python/3.12.11/x64
2025-08-19T10:53:14.6095801Z   Python3_ROOT_DIR: /opt/hostedtoolcache/Python/3.12.11/x64
2025-08-19T10:53:14.6096147Z   LD_LIBRARY_PATH: /opt/hostedtoolcache/Python/3.12.11/x64/lib
2025-08-19T10:53:14.6096434Z ##[endgroup]
2025-08-19T10:53:14.6351580Z All checks passed!
2025-08-19T10:53:14.6557166Z 236 files already formatted
2025-08-19T10:53:14.6591548Z ##[group]Run for i in {1..30}; do pg_isready -h "$PG_HOST" -p "$PG_PORT" -U "$PG_USER" -d "$PG_DATABASE" && break; sleep 1; done
2025-08-19T10:53:14.6592217Z [36;1mfor i in {1..30}; do pg_isready -h "$PG_HOST" -p "$PG_PORT" -U "$PG_USER" -d "$PG_DATABASE" && break; sleep 1; done[0m
2025-08-19T10:53:14.6631969Z shell: /usr/bin/bash -e {0}
2025-08-19T10:53:14.6632199Z env:
2025-08-19T10:53:14.6632403Z   REDIS_URL: redis://localhost:6379/0
2025-08-19T10:53:14.6632883Z   RATE_LIMIT_DEFAULT: 100/minute
2025-08-19T10:53:14.6633117Z   TRUST_X_FORWARDED: 1
2025-08-19T10:53:14.6633311Z   PG_USER: postgres
2025-08-19T10:53:14.6633507Z   PG_PASSWORD: pass
2025-08-19T10:53:14.6633687Z   PG_DATABASE: awa
2025-08-19T10:53:14.6633863Z   PG_HOST: localhost
2025-08-19T10:53:14.6634046Z   PG_PORT: 5432
2025-08-19T10:53:14.6634497Z   PG_SYNC_DSN: ***localhost:5432/awa
2025-08-19T10:53:14.6634895Z   PG_ASYNC_DSN: ***localhost:5432/awa
2025-08-19T10:53:14.6635299Z   DATABASE_URL: ***localhost:5432/awa
2025-08-19T10:53:14.6635529Z   DATA_DIR: /tmp/awa-data
2025-08-19T10:53:14.6635731Z   ENABLE_LIVE: 0
2025-08-19T10:53:14.6635905Z   TESTING: 1
2025-08-19T10:53:14.6636134Z   pythonLocation: /opt/hostedtoolcache/Python/3.12.11/x64
2025-08-19T10:53:14.6636534Z   PKG_CONFIG_PATH: /opt/hostedtoolcache/Python/3.12.11/x64/lib/pkgconfig
2025-08-19T10:53:14.6636916Z   Python_ROOT_DIR: /opt/hostedtoolcache/Python/3.12.11/x64
2025-08-19T10:53:14.6637259Z   Python2_ROOT_DIR: /opt/hostedtoolcache/Python/3.12.11/x64
2025-08-19T10:53:14.6637610Z   Python3_ROOT_DIR: /opt/hostedtoolcache/Python/3.12.11/x64
2025-08-19T10:53:14.6637959Z   LD_LIBRARY_PATH: /opt/hostedtoolcache/Python/3.12.11/x64/lib
2025-08-19T10:53:14.6638250Z ##[endgroup]
2025-08-19T10:53:14.7256306Z localhost:5432 - accepting connections
2025-08-19T10:53:14.7293197Z ##[group]Run psql -h "$PG_HOST" -p "$PG_PORT" -U "$PG_USER" -d "$PG_DATABASE" -c "SELECT 1"
2025-08-19T10:53:14.7293740Z [36;1mpsql -h "$PG_HOST" -p "$PG_PORT" -U "$PG_USER" -d "$PG_DATABASE" -c "SELECT 1"[0m
2025-08-19T10:53:14.7332981Z shell: /usr/bin/bash -e {0}
2025-08-19T10:53:14.7333207Z env:
2025-08-19T10:53:14.7333409Z   REDIS_URL: redis://localhost:6379/0
2025-08-19T10:53:14.7333670Z   RATE_LIMIT_DEFAULT: 100/minute
2025-08-19T10:53:14.7333893Z   TRUST_X_FORWARDED: 1
2025-08-19T10:53:14.7334088Z   PG_USER: postgres
2025-08-19T10:53:14.7334278Z   PG_PASSWORD: pass
2025-08-19T10:53:14.7334463Z   PG_DATABASE: awa
2025-08-19T10:53:14.7334637Z   PG_HOST: localhost
2025-08-19T10:53:14.7334831Z   PG_PORT: 5432
2025-08-19T10:53:14.7335287Z   PG_SYNC_DSN: ***localhost:5432/awa
2025-08-19T10:53:14.7335690Z   PG_ASYNC_DSN: ***localhost:5432/awa
2025-08-19T10:53:14.7336076Z   DATABASE_URL: ***localhost:5432/awa
2025-08-19T10:53:14.7336308Z   DATA_DIR: /tmp/awa-data
2025-08-19T10:53:14.7336542Z   ENABLE_LIVE: 0
2025-08-19T10:53:14.7336712Z   TESTING: 1
2025-08-19T10:53:14.7336950Z   pythonLocation: /opt/hostedtoolcache/Python/3.12.11/x64
2025-08-19T10:53:14.7337342Z   PKG_CONFIG_PATH: /opt/hostedtoolcache/Python/3.12.11/x64/lib/pkgconfig
2025-08-19T10:53:14.7337728Z   Python_ROOT_DIR: /opt/hostedtoolcache/Python/3.12.11/x64
2025-08-19T10:53:14.7338065Z   Python2_ROOT_DIR: /opt/hostedtoolcache/Python/3.12.11/x64
2025-08-19T10:53:14.7338413Z   Python3_ROOT_DIR: /opt/hostedtoolcache/Python/3.12.11/x64
2025-08-19T10:53:14.7338763Z   LD_LIBRARY_PATH: /opt/hostedtoolcache/Python/3.12.11/x64/lib
2025-08-19T10:53:14.7339060Z   PGPASSWORD: pass
2025-08-19T10:53:14.7339244Z ##[endgroup]
2025-08-19T10:53:14.8079655Z  ?column? 
2025-08-19T10:53:14.8080191Z ----------
2025-08-19T10:53:14.8080564Z         1
2025-08-19T10:53:14.8080910Z (1 row)
2025-08-19T10:53:14.8081082Z 
2025-08-19T10:53:14.8125146Z ##[group]Run alembic -c services/api/alembic.ini upgrade head
2025-08-19T10:53:14.8125570Z [36;1malembic -c services/api/alembic.ini upgrade head[0m
2025-08-19T10:53:14.8164635Z shell: /usr/bin/bash -e {0}
2025-08-19T10:53:14.8164857Z env:
2025-08-19T10:53:14.8165055Z   REDIS_URL: redis://localhost:6379/0
2025-08-19T10:53:14.8165323Z   RATE_LIMIT_DEFAULT: 100/minute
2025-08-19T10:53:14.8165546Z   TRUST_X_FORWARDED: 1
2025-08-19T10:53:14.8165735Z   PG_USER: postgres
2025-08-19T10:53:14.8165923Z   PG_PASSWORD: pass
2025-08-19T10:53:14.8166106Z   PG_DATABASE: awa
2025-08-19T10:53:14.8166281Z   PG_HOST: localhost
2025-08-19T10:53:14.8166465Z   PG_PORT: 5432
2025-08-19T10:53:14.8166894Z   PG_SYNC_DSN: ***localhost:5432/awa
2025-08-19T10:53:14.8167293Z   PG_ASYNC_DSN: ***localhost:5432/awa
2025-08-19T10:53:14.8167711Z   DATABASE_URL: ***localhost:5432/awa
2025-08-19T10:53:14.8167948Z   DATA_DIR: /tmp/awa-data
2025-08-19T10:53:14.8168146Z   ENABLE_LIVE: 0
2025-08-19T10:53:14.8168347Z   TESTING: 1
2025-08-19T10:53:14.8168580Z   pythonLocation: /opt/hostedtoolcache/Python/3.12.11/x64
2025-08-19T10:53:14.8168978Z   PKG_CONFIG_PATH: /opt/hostedtoolcache/Python/3.12.11/x64/lib/pkgconfig
2025-08-19T10:53:14.8169373Z   Python_ROOT_DIR: /opt/hostedtoolcache/Python/3.12.11/x64
2025-08-19T10:53:14.8169719Z   Python2_ROOT_DIR: /opt/hostedtoolcache/Python/3.12.11/x64
2025-08-19T10:53:14.8170078Z   Python3_ROOT_DIR: /opt/hostedtoolcache/Python/3.12.11/x64
2025-08-19T10:53:14.8170428Z   LD_LIBRARY_PATH: /opt/hostedtoolcache/Python/3.12.11/x64/lib
2025-08-19T10:53:14.8170715Z ##[endgroup]
2025-08-19T10:53:15.6997465Z INFO  [alembic.runtime.migration] Context impl PostgresqlImpl.
2025-08-19T10:53:15.6997944Z INFO  [alembic.runtime.migration] Will assume transactional DDL.
2025-08-19T10:53:15.7170695Z INFO  [alembic.runtime.migration] Running upgrade  -> 0001_baseline
2025-08-19T10:53:15.7330639Z INFO  [alembic.runtime.migration] Running upgrade 0001_baseline -> 0002_create_roi_view
2025-08-19T10:53:15.7356742Z INFO  [alembic.runtime.migration] Running upgrade 0002_create_roi_view -> 3e9d5c5aff2c
2025-08-19T10:53:15.7519548Z INFO  [alembic.runtime.migration] Running upgrade 3e9d5c5aff2c -> 0003_vendor_prices
2025-08-19T10:53:15.7698007Z INFO  [alembic.runtime.migration] Running upgrade 0003_vendor_prices -> 0004_fee_cron
2025-08-19T10:53:15.7771958Z INFO  [alembic.runtime.migration] Running upgrade 0004_fee_cron -> 0006_fix_roi_views
2025-08-19T10:53:15.7803747Z INFO  [alembic.runtime.migration] Running upgrade 0006_fix_roi_views -> 0020_unified_schema
2025-08-19T10:53:15.7925450Z INFO  [alembic.runtime.migration] Running upgrade 0020_unified_schema -> 0022_fix_roi_view
2025-08-19T10:53:15.8010484Z INFO  [alembic.runtime.migration] Running upgrade 0022_fix_roi_view -> 0023_add_storage_fee
2025-08-19T10:53:15.8047313Z INFO  [alembic.runtime.migration] Running upgrade 0023_add_storage_fee -> 0024_create_buybox
2025-08-19T10:53:15.8072327Z INFO  [alembic.runtime.migration] Running upgrade 0024_create_buybox -> 0025_pr4_indexes_loadlog
2025-08-19T10:53:15.8279542Z INFO  [alembic.runtime.migration] Running upgrade 0025_pr4_indexes_loadlog -> 0026_amazon_new_reports
2025-08-19T10:53:15.9300491Z ##[group]Run python -m mypy services || true
2025-08-19T10:53:15.9300917Z [36;1mpython -m mypy services || true[0m
2025-08-19T10:53:15.9340749Z shell: /usr/bin/bash -e {0}
2025-08-19T10:53:15.9340974Z env:
2025-08-19T10:53:15.9341177Z   REDIS_URL: redis://localhost:6379/0
2025-08-19T10:53:15.9341449Z   RATE_LIMIT_DEFAULT: 100/minute
2025-08-19T10:53:15.9341693Z   TRUST_X_FORWARDED: 1
2025-08-19T10:53:15.9341890Z   PG_USER: postgres
2025-08-19T10:53:15.9342074Z   PG_PASSWORD: pass
2025-08-19T10:53:15.9342254Z   PG_DATABASE: awa
2025-08-19T10:53:15.9342437Z   PG_HOST: localhost
2025-08-19T10:53:15.9342616Z   PG_PORT: 5432
2025-08-19T10:53:15.9343344Z   PG_SYNC_DSN: ***localhost:5432/awa
2025-08-19T10:53:15.9343752Z   PG_ASYNC_DSN: ***localhost:5432/awa
2025-08-19T10:53:15.9344124Z   DATABASE_URL: ***localhost:5432/awa
2025-08-19T10:53:15.9344358Z   DATA_DIR: /tmp/awa-data
2025-08-19T10:53:15.9344566Z   ENABLE_LIVE: 0
2025-08-19T10:53:15.9344738Z   TESTING: 1
2025-08-19T10:53:15.9345017Z   pythonLocation: /opt/hostedtoolcache/Python/3.12.11/x64
2025-08-19T10:53:15.9345410Z   PKG_CONFIG_PATH: /opt/hostedtoolcache/Python/3.12.11/x64/lib/pkgconfig
2025-08-19T10:53:15.9345794Z   Python_ROOT_DIR: /opt/hostedtoolcache/Python/3.12.11/x64
2025-08-19T10:53:15.9346139Z   Python2_ROOT_DIR: /opt/hostedtoolcache/Python/3.12.11/x64
2025-08-19T10:53:15.9346491Z   Python3_ROOT_DIR: /opt/hostedtoolcache/Python/3.12.11/x64
2025-08-19T10:53:15.9346837Z   LD_LIBRARY_PATH: /opt/hostedtoolcache/Python/3.12.11/x64/lib
2025-08-19T10:53:15.9347127Z ##[endgroup]
2025-08-19T10:53:45.5929602Z Success: no issues found in 95 source files
2025-08-19T10:53:45.6293225Z ##[group]Run pytest -q --cov=services
2025-08-19T10:53:45.6293549Z [36;1mpytest -q --cov=services[0m
2025-08-19T10:53:45.6333326Z shell: /usr/bin/bash -e {0}
2025-08-19T10:53:45.6333540Z env:
2025-08-19T10:53:45.6333739Z   REDIS_URL: redis://localhost:6379/0
2025-08-19T10:53:45.6333996Z   RATE_LIMIT_DEFAULT: 100/minute
2025-08-19T10:53:45.6334213Z   TRUST_X_FORWARDED: 1
2025-08-19T10:53:45.6334406Z   PG_USER: postgres
2025-08-19T10:53:45.6334591Z   PG_PASSWORD: pass
2025-08-19T10:53:45.6334768Z   PG_DATABASE: awa
2025-08-19T10:53:45.6334940Z   PG_HOST: localhost
2025-08-19T10:53:45.6335119Z   PG_PORT: 5432
2025-08-19T10:53:45.6335521Z   PG_SYNC_DSN: ***localhost:5432/awa
2025-08-19T10:53:45.6335929Z   PG_ASYNC_DSN: ***localhost:5432/awa
2025-08-19T10:53:45.6336305Z   DATABASE_URL: ***localhost:5432/awa
2025-08-19T10:53:45.6336540Z   DATA_DIR: /tmp/awa-data
2025-08-19T10:53:45.6336744Z   ENABLE_LIVE: 0
2025-08-19T10:53:45.6336917Z   TESTING: 1
2025-08-19T10:53:45.6337179Z   pythonLocation: /opt/hostedtoolcache/Python/3.12.11/x64
2025-08-19T10:53:45.6337584Z   PKG_CONFIG_PATH: /opt/hostedtoolcache/Python/3.12.11/x64/lib/pkgconfig
2025-08-19T10:53:45.6337965Z   Python_ROOT_DIR: /opt/hostedtoolcache/Python/3.12.11/x64
2025-08-19T10:53:45.6338305Z   Python2_ROOT_DIR: /opt/hostedtoolcache/Python/3.12.11/x64
2025-08-19T10:53:45.6338651Z   Python3_ROOT_DIR: /opt/hostedtoolcache/Python/3.12.11/x64
2025-08-19T10:53:45.6338989Z   LD_LIBRARY_PATH: /opt/hostedtoolcache/Python/3.12.11/x64/lib
2025-08-19T10:53:45.6339278Z ##[endgroup]
2025-08-19T10:54:15.5513029Z ........s.............................sssssss........................... [ 45%]
2025-08-19T10:54:47.5447514Z ........................................................................ [ 91%]
2025-08-19T10:54:48.6458211Z ..............                                                           [100%]
2025-08-19T10:54:48.6458936Z =============================== warnings summary ===============================
2025-08-19T10:54:48.6459591Z services/alert_bot/tests/test_smoke.py:5
2025-08-19T10:54:48.6462110Z   /home/runner/work/AWA-App/AWA-App/services/alert_bot/tests/test_smoke.py:5: UserWarning: pkg_resources is deprecated as an API. See https://setuptools.pypa.io/en/latest/pkg_resources.html. The pkg_resources package is slated for removal as early as 2025-11-30. Refrain from using this package or pin to Setuptools<81.
2025-08-19T10:54:48.6464565Z     import pkg_resources  # noqa: F401
2025-08-19T10:54:48.6464775Z 
2025-08-19T10:54:48.6464916Z tests/api/test_ingest_endpoints.py: 12 warnings
2025-08-19T10:54:48.6465262Z tests/ingest/test_tasks_eager.py: 3 warnings
2025-08-19T10:54:48.6465564Z tests/test_api_fast.py: 1 warning
2025-08-19T10:54:48.6465839Z tests/test_health.py: 5 warnings
2025-08-19T10:54:48.6466095Z tests/test_smoke.py: 5 warnings
2025-08-19T10:54:48.6466356Z services/api/tests/test_cors.py: 1 warning
2025-08-19T10:54:48.6466681Z services/api/tests/test_errors_json.py: 2 warnings
2025-08-19T10:54:48.6467025Z services/api/tests/test_health.py: 1 warning
2025-08-19T10:54:48.6467651Z services/api/tests/test_rate_limit.py: 122 warnings
2025-08-19T10:54:48.6467997Z services/api/tests/test_sentry_event.py: 1 warning
2025-08-19T10:54:48.6469566Z   /opt/hostedtoolcache/Python/3.12.11/x64/lib/python3.12/site-packages/asgi_correlation_id/extensions/sentry.py:27: DeprecationWarning: sentry_sdk.configure_scope is deprecated and will be removed in the next major version. Please consult our migration guide to learn how to migrate to the new API: https://docs.sentry.io/platforms/python/migration/1.x-to-2.x#scope-configuring
2025-08-19T10:54:48.6471084Z     with configure_scope() as scope:
2025-08-19T10:54:48.6471267Z 
2025-08-19T10:54:48.6471395Z tests/api/test_ingest_endpoints.py: 3 warnings
2025-08-19T10:54:48.6471698Z tests/test_api_fast.py: 1 warning
2025-08-19T10:54:48.6471959Z tests/test_health.py: 5 warnings
2025-08-19T10:54:48.6472213Z tests/test_smoke.py: 5 warnings
2025-08-19T10:54:48.6472475Z services/api/tests/test_cors.py: 3 warnings
2025-08-19T10:54:48.6473222Z services/api/tests/test_errors_json.py: 2 warnings
2025-08-19T10:54:48.6473578Z services/api/tests/test_health.py: 1 warning
2025-08-19T10:54:48.6473897Z services/api/tests/test_rate_limit.py: 2 warnings
2025-08-19T10:54:48.6474237Z services/api/tests/test_sentry_event.py: 1 warning
2025-08-19T10:54:48.6475059Z   /opt/hostedtoolcache/Python/3.12.11/x64/lib/python3.12/site-packages/fastapi_limiter/__init__.py:89: DeprecationWarning: Call to deprecated close. (Use aclose() instead) -- Deprecated since version 5.0.1.
2025-08-19T10:54:48.6475921Z Sentry is attempting to send 0 pending events
2025-08-19T10:54:48.6476191Z Waiting up to True seconds
2025-08-19T10:54:48.6476397Z Press Ctrl-C to quit
2025-08-19T10:54:48.6476637Z     await cls.redis.close()
2025-08-19T10:54:48.6476776Z 
2025-08-19T10:54:48.6476925Z tests/test_api_fast.py::test_health_endpoint
2025-08-19T10:54:48.6477889Z   /home/runner/work/AWA-App/AWA-App/tests/test_api_fast.py:13: DeprecationWarning: datetime.datetime.utcnow() is deprecated and scheduled for removal in a future version. Use timezone-aware objects to represent datetimes in UTC: datetime.datetime.now(datetime.UTC).
2025-08-19T10:54:48.6478845Z     return datetime.datetime.utcnow()
2025-08-19T10:54:48.6479019Z 
2025-08-19T10:54:48.6479106Z tests/test_api_fast.py: 1 warning
2025-08-19T10:54:48.6479339Z tests/test_health.py: 5 warnings
2025-08-19T10:54:48.6479561Z tests/test_smoke.py: 5 warnings
2025-08-19T10:54:48.6479798Z services/api/tests/test_cors.py: 1 warning
2025-08-19T10:54:48.6480069Z services/api/tests/test_health.py: 1 warning
2025-08-19T10:54:48.6480358Z services/api/tests/test_rate_limit.py: 102 warnings
2025-08-19T10:54:48.6481361Z   /home/runner/work/AWA-App/AWA-App/services/api/routes/health.py:24: DeprecationWarning: datetime.datetime.utcnow() is deprecated and scheduled for removal in a future version. Use timezone-aware objects to represent datetimes in UTC: datetime.datetime.now(datetime.UTC).
2025-08-19T10:54:48.6482387Z     app_now = datetime.utcnow().replace(tzinfo=timezone.utc)
2025-08-19T10:54:48.6482604Z 
2025-08-19T10:54:48.6482872Z tests/test_health.py::test_health[0]
2025-08-19T10:54:48.6483132Z tests/test_health.py::test_health[1]
2025-08-19T10:54:48.6483365Z tests/test_health.py::test_health[2]
2025-08-19T10:54:48.6485090Z tests/test_health.py::test_health[3]
2025-08-19T10:54:48.6485661Z tests/test_health.py::test_health[4]
2025-08-19T10:54:48.6487235Z   /home/runner/work/AWA-App/AWA-App/tests/test_health.py:22: DeprecationWarning: datetime.datetime.utcnow() is deprecated and scheduled for removal in a future version. Use timezone-aware objects to represent datetimes in UTC: datetime.datetime.now(datetime.UTC).
2025-08-19T10:54:48.6488880Z     return datetime.datetime.utcnow()
2025-08-19T10:54:48.6489207Z 
2025-08-19T10:54:48.6489376Z tests/test_smoke.py::test_health[0]
2025-08-19T10:54:48.6489815Z tests/test_smoke.py::test_health[1]
2025-08-19T10:54:48.6490259Z tests/test_smoke.py::test_health[2]
2025-08-19T10:54:48.6490697Z tests/test_smoke.py::test_health[3]
2025-08-19T10:54:48.6491385Z tests/test_smoke.py::test_health[4]
2025-08-19T10:54:48.6493311Z   /home/runner/work/AWA-App/AWA-App/tests/test_smoke.py:32: DeprecationWarning: datetime.datetime.utcnow() is deprecated and scheduled for removal in a future version. Use timezone-aware objects to represent datetimes in UTC: datetime.datetime.now(datetime.UTC).
2025-08-19T10:54:48.6495100Z     return datetime.datetime.utcnow()
2025-08-19T10:54:48.6495447Z 
2025-08-19T10:54:48.6495756Z services/api/tests/test_cors.py::test_cors_simple_get_allowed
2025-08-19T10:54:48.6497798Z   /home/runner/work/AWA-App/AWA-App/services/api/tests/test_cors.py:27: DeprecationWarning: datetime.datetime.utcnow() is deprecated and scheduled for removal in a future version. Use timezone-aware objects to represent datetimes in UTC: datetime.datetime.now(datetime.UTC).
2025-08-19T10:54:48.6499632Z     return datetime.datetime.utcnow()
2025-08-19T10:54:48.6499945Z 
2025-08-19T10:54:48.6500418Z services/api/tests/test_health.py::test_health_route
2025-08-19T10:54:48.6502347Z   /home/runner/work/AWA-App/AWA-App/services/api/tests/test_health.py:14: DeprecationWarning: datetime.datetime.utcnow() is deprecated and scheduled for removal in a future version. Use timezone-aware objects to represent datetimes in UTC: datetime.datetime.now(datetime.UTC).
2025-08-19T10:54:48.6504397Z     return datetime.datetime.utcnow()
2025-08-19T10:54:48.6504720Z 
2025-08-19T10:54:48.6504945Z services/api/tests/test_rate_limit.py: 102 warnings
2025-08-19T10:54:48.6506828Z   /home/runner/work/AWA-App/AWA-App/services/api/tests/test_rate_limit.py:33: DeprecationWarning: datetime.datetime.utcnow() is deprecated and scheduled for removal in a future version. Use timezone-aware objects to represent datetimes in UTC: datetime.datetime.now(datetime.UTC).
2025-08-19T10:54:48.6508680Z     return datetime.datetime.utcnow()
2025-08-19T10:54:48.6508995Z 
2025-08-19T10:54:48.6509419Z services/api/tests/test_sentry_event.py::test_unhandled_exception_is_captured_and_tagged
2025-08-19T10:54:48.6511890Z   /home/runner/work/AWA-App/AWA-App/services/api/tests/test_sentry_event.py:47: SentryHubDeprecationWarning: `sentry_sdk.Hub` is deprecated and will be removed in a future major release. Please consult our 1.x to 2.x migration guide for details on how to migrate `Hub` usage to the new API: https://docs.sentry.io/platforms/python/migration/1.x-to-2.x
2025-08-19T10:54:48.6514198Z     hub = sentry_sdk.Hub.current
2025-08-19T10:54:48.6514473Z 
2025-08-19T10:54:48.6514819Z -- Docs: https://docs.pytest.org/en/stable/how-to/capture-warnings.html
2025-08-19T10:54:48.6515536Z ================================ tests coverage ================================
2025-08-19T10:54:48.6516198Z _______________ coverage: platform linux, python 3.12.11-final-0 _______________
2025-08-19T10:54:48.6516662Z 
2025-08-19T10:54:48.6516842Z Coverage XML written to file coverage.xml
2025-08-19T10:54:48.6517437Z FAIL Required test coverage of 65% not reached. Total coverage: 64.98%
2025-08-19T10:54:49.0585475Z ##[group]Run actions/upload-artifact@v4
2025-08-19T10:54:49.0585766Z with:
2025-08-19T10:54:49.0585936Z   name: coverage
2025-08-19T10:54:49.0586116Z   path: coverage.xml
2025-08-19T10:54:49.0586314Z   if-no-files-found: warn
2025-08-19T10:54:49.0586524Z   compression-level: 6
2025-08-19T10:54:49.0586712Z   overwrite: false
2025-08-19T10:54:49.0586904Z   include-hidden-files: false
2025-08-19T10:54:49.0587114Z env:
2025-08-19T10:54:49.0587310Z   REDIS_URL: redis://localhost:6379/0
2025-08-19T10:54:49.0587563Z   RATE_LIMIT_DEFAULT: 100/minute
2025-08-19T10:54:49.0587784Z   TRUST_X_FORWARDED: 1
2025-08-19T10:54:49.0587972Z   PG_USER: postgres
2025-08-19T10:54:49.0588159Z   PG_PASSWORD: pass
2025-08-19T10:54:49.0588343Z   PG_DATABASE: awa
2025-08-19T10:54:49.0588551Z   PG_HOST: localhost
2025-08-19T10:54:49.0588731Z   PG_PORT: 5432
2025-08-19T10:54:49.0589133Z   PG_SYNC_DSN: ***localhost:5432/awa
2025-08-19T10:54:49.0589520Z   PG_ASYNC_DSN: ***localhost:5432/awa
2025-08-19T10:54:49.0589932Z   DATABASE_URL: ***localhost:5432/awa
2025-08-19T10:54:49.0590335Z   DATA_DIR: /tmp/awa-data
2025-08-19T10:54:49.0590543Z   ENABLE_LIVE: 0
2025-08-19T10:54:49.0590798Z   TESTING: 1
2025-08-19T10:54:49.0591218Z   pythonLocation: /opt/hostedtoolcache/Python/3.12.11/x64
2025-08-19T10:54:49.0591885Z   PKG_CONFIG_PATH: /opt/hostedtoolcache/Python/3.12.11/x64/lib/pkgconfig
2025-08-19T10:54:49.0592269Z   Python_ROOT_DIR: /opt/hostedtoolcache/Python/3.12.11/x64
2025-08-19T10:54:49.0592611Z   Python2_ROOT_DIR: /opt/hostedtoolcache/Python/3.12.11/x64
2025-08-19T10:54:49.0593456Z   Python3_ROOT_DIR: /opt/hostedtoolcache/Python/3.12.11/x64
2025-08-19T10:54:49.0593814Z   LD_LIBRARY_PATH: /opt/hostedtoolcache/Python/3.12.11/x64/lib
2025-08-19T10:54:49.0594103Z ##[endgroup]
2025-08-19T10:54:49.2735426Z With the provided path, there will be 1 file uploaded
2025-08-19T10:54:49.2740323Z Artifact name is valid!
2025-08-19T10:54:49.2742031Z Root directory input is valid!
2025-08-19T10:54:49.5564442Z Beginning upload of artifact content to blob storage
2025-08-19T10:54:49.9020303Z Uploaded bytes 4914
2025-08-19T10:54:49.9879136Z Finished uploading artifact content to blob storage!
2025-08-19T10:54:49.9883281Z SHA256 digest of uploaded artifact zip is a87bd58945f7c39e64ecf4705c36386affca8580556cec1d872c7ecf63253c5d
2025-08-19T10:54:49.9885604Z Finalizing artifact upload
2025-08-19T10:54:50.1300934Z Artifact coverage.zip successfully finalized. Artifact ID 3797555158
2025-08-19T10:54:50.1301845Z Artifact coverage has been successfully uploaded! Final size is 4914 bytes. Artifact ID is 3797555158
2025-08-19T10:54:50.1308895Z Artifact download URL: https://github.com/AlexBomber12/AWA-App/actions/runs/17067374807/artifacts/3797555158
2025-08-19T10:54:50.1436435Z Post job cleanup.
2025-08-19T10:54:50.2907253Z Cache hit occurred on the primary key setup-python-Linux-x64-24.04-Ubuntu-python-3.12.11-pip-5e711acf40f5252f84577ca397f83ab64fb9d7dad68b245c8525eecd4c9b10ee, not saving cache.
2025-08-19T10:54:50.3054576Z Post job cleanup.
2025-08-19T10:54:50.3985633Z [command]/usr/bin/git version
2025-08-19T10:54:50.4020983Z git version 2.50.1
2025-08-19T10:54:50.4063484Z Temporarily overriding HOME='/home/runner/work/_temp/33e796a8-1cb3-4cf4-ab6f-8cbcec1912ba' before making global git config changes
2025-08-19T10:54:50.4064973Z Adding repository directory to the temporary git global config as a safe directory
2025-08-19T10:54:50.4075727Z [command]/usr/bin/git config --global --add safe.directory /home/runner/work/AWA-App/AWA-App
2025-08-19T10:54:50.4110874Z [command]/usr/bin/git config --local --name-only --get-regexp core\.sshCommand
2025-08-19T10:54:50.4142196Z [command]/usr/bin/git submodule foreach --recursive sh -c "git config --local --name-only --get-regexp 'core\.sshCommand' && git config --local --unset-all 'core.sshCommand' || :"
2025-08-19T10:54:50.4363701Z [command]/usr/bin/git config --local --name-only --get-regexp http\.https\:\/\/github\.com\/\.extraheader
2025-08-19T10:54:50.4383578Z http.https://github.com/.extraheader
2025-08-19T10:54:50.4396386Z [command]/usr/bin/git config --local --unset-all http.https://github.com/.extraheader
2025-08-19T10:54:50.4425892Z [command]/usr/bin/git submodule foreach --recursive sh -c "git config --local --name-only --get-regexp 'http\.https\:\/\/github\.com\/\.extraheader' && git config --local --unset-all 'http.https://github.com/.extraheader' || :"
2025-08-19T10:54:50.4726585Z Print service container logs: 281532208ff843d185d89ab7990aa695_postgres15_9deef9
2025-08-19T10:54:50.4731150Z ##[command]/usr/bin/docker logs --details a7bd7205b603dcb8f573457bd0d52509e36471a32e1bee28aea991ae89ffc22f
2025-08-19T10:54:50.4848475Z  The files belonging to this database system will be owned by user "postgres".
2025-08-19T10:54:50.4849198Z  This user must also own the server process.
2025-08-19T10:54:50.4849661Z  
2025-08-19T10:54:50.4851014Z  initdb: warning: enabling "trust" authentication for local connections
2025-08-19T10:54:50.4852141Z  initdb: hint: You can change this by editing pg_hba.conf or using the option -A, or --auth-local and --auth-host, the next time you run initdb.
2025-08-19T10:54:50.4853423Z  The database cluster will be initialized with locale "en_US.utf8".
2025-08-19T10:54:50.4853856Z  The default database encoding has accordingly been set to "UTF8".
2025-08-19T10:54:50.4854254Z  The default text search configuration will be set to "english".
2025-08-19T10:54:50.4854593Z  
2025-08-19T10:54:50.4854774Z  Data page checksums are disabled.
2025-08-19T10:54:50.4855006Z  
2025-08-19T10:54:50.4855277Z  fixing permissions on existing directory /var/lib/postgresql/data ... ok
2025-08-19T10:54:50.4855647Z  creating subdirectories ... ok
2025-08-19T10:54:50.4855943Z  selecting dynamic shared memory implementation ... posix
2025-08-19T10:54:50.4856269Z  selecting default max_connections ... 100
2025-08-19T10:54:50.4856545Z  selecting default shared_buffers ... 128MB
2025-08-19T10:54:50.4856807Z  selecting default time zone ... Etc/UTC
2025-08-19T10:54:50.4857067Z  creating configuration files ... ok
2025-08-19T10:54:50.4857317Z  running bootstrap script ... ok
2025-08-19T10:54:50.4857605Z  performing post-bootstrap initialization ... ok
2025-08-19T10:54:50.4857886Z  syncing data to disk ... ok
2025-08-19T10:54:50.4858094Z  
2025-08-19T10:54:50.4858249Z  
2025-08-19T10:54:50.4858454Z  Success. You can now start the database server using:
2025-08-19T10:54:50.4858726Z  
2025-08-19T10:54:50.4858935Z      pg_ctl -D /var/lib/postgresql/data -l logfile start
2025-08-19T10:54:50.4859196Z  
2025-08-19T10:54:50.4859739Z  waiting for server to start....2025-08-19 10:52:27.125 UTC [48] LOG:  starting PostgreSQL 15.14 (Debian 15.14-1.pgdg13+1) on x86_64-pc-linux-gnu, compiled by gcc (Debian 14.2.0-19) 14.2.0, 64-bit
2025-08-19T10:54:50.4860499Z  2025-08-19 10:52:27.126 UTC [48] LOG:  listening on Unix socket "/var/run/postgresql/.s.PGSQL.5432"
2025-08-19T10:54:50.4861187Z  2025-08-19 10:52:27.429 UTC [1] LOG:  starting PostgreSQL 15.14 (Debian 15.14-1.pgdg13+1) on x86_64-pc-linux-gnu, compiled by gcc (Debian 14.2.0-19) 14.2.0, 64-bit
2025-08-19T10:54:50.4861804Z  2025-08-19 10:52:27.429 UTC [1] LOG:  listening on IPv4 address "0.0.0.0", port 5432
2025-08-19T10:54:50.4862234Z  2025-08-19 10:52:27.429 UTC [1] LOG:  listening on IPv6 address "::", port 5432
2025-08-19T10:54:50.4862909Z  2025-08-19 10:52:27.430 UTC [1] LOG:  listening on Unix socket "/var/run/postgresql/.s.PGSQL.5432"
2025-08-19T10:54:50.4863932Z  2025-08-19 10:52:27.432 UTC [64] LOG:  database system was shut down at 2025-08-19 10:52:27 UTC
2025-08-19T10:54:50.4864665Z  2025-08-19 10:52:27.436 UTC [1] LOG:  database system is ready to accept connections
2025-08-19T10:54:50.4865111Z  2025-08-19 10:52:27.129 UTC [51] LOG:  database system was shut down at 2025-08-19 10:52:27 UTC
2025-08-19T10:54:50.4865544Z  2025-08-19 10:52:27.133 UTC [48] LOG:  database system is ready to accept connections
2025-08-19T10:54:50.4865863Z   done
2025-08-19T10:54:50.4866027Z  server started
2025-08-19T10:54:50.4866207Z  CREATE DATABASE
2025-08-19T10:54:50.4866377Z  
2025-08-19T10:54:50.4866522Z  
2025-08-19T10:54:50.4866822Z  /usr/local/bin/docker-entrypoint.sh: ignoring /docker-entrypoint-initdb.d/*
2025-08-19T10:54:50.4867189Z  
2025-08-19T10:54:50.4867412Z  2025-08-19 10:52:27.310 UTC [48] LOG:  received fast shutdown request
2025-08-19T10:54:50.4868079Z  waiting for server to shut down....2025-08-19 10:52:27.311 UTC [48] LOG:  aborting any active transactions
2025-08-19T10:54:50.4868703Z  2025-08-19 10:52:27.312 UTC [48] LOG:  background worker "logical replication launcher" (PID 54) exited with exit code 1
2025-08-19T10:54:50.4869167Z  2025-08-19 10:52:27.313 UTC [49] LOG:  shutting down
2025-08-19T10:54:50.4869509Z  2025-08-19 10:52:27.314 UTC [49] LOG:  checkpoint starting: shutdown immediate
2025-08-19T10:54:50.4870320Z  2025-08-19 10:52:27.333 UTC [49] LOG:  checkpoint complete: wrote 922 buffers (5.6%); 0 WAL file(s) added, 0 removed, 0 recycled; write=0.014 s, sync=0.002 s, total=0.021 s; sync files=301, longest=0.001 s, average=0.001 s; distance=4239 kB, estimate=4239 kB
2025-08-19T10:54:50.4871115Z  2025-08-19 10:52:27.339 UTC [48] LOG:  database system is shut down
2025-08-19T10:54:50.4871510Z   done
2025-08-19T10:54:50.4871671Z  server stopped
2025-08-19T10:54:50.4871839Z  
2025-08-19T10:54:50.4872051Z  PostgreSQL init process complete; ready for start up.
2025-08-19T10:54:50.4872324Z  
2025-08-19T10:54:50.4878060Z Stop and remove container: 281532208ff843d185d89ab7990aa695_postgres15_9deef9
2025-08-19T10:54:50.4882557Z ##[command]/usr/bin/docker rm --force a7bd7205b603dcb8f573457bd0d52509e36471a32e1bee28aea991ae89ffc22f
2025-08-19T10:54:50.6213868Z a7bd7205b603dcb8f573457bd0d52509e36471a32e1bee28aea991ae89ffc22f
2025-08-19T10:54:50.6239015Z Print service container logs: 3f7a03e89412481e83498ff1072d9d88_redis7alpine_b82965
2025-08-19T10:54:50.6240110Z ##[command]/usr/bin/docker logs --details d87a868e62b14fdc698867222f46c8296b727a7ce545440966af99e290ba3f61
2025-08-19T10:54:50.6360075Z  1:C 19 Aug 2025 10:52:28.747 # WARNING Memory overcommit must be enabled! Without it, a background save or replication may fail under low memory condition. Being disabled, it can also cause failures without low memory condition, see https://github.com/jemalloc/jemalloc/issues/1328. To fix this issue add 'vm.overcommit_memory = 1' to /etc/sysctl.conf and then reboot or run the command 'sysctl vm.overcommit_memory=1' for this to take effect.
2025-08-19T10:54:50.6363123Z  1:C 19 Aug 2025 10:52:28.747 * oO0OoO0OoO0Oo Redis is starting oO0OoO0OoO0Oo
2025-08-19T10:54:50.6363935Z  1:C 19 Aug 2025 10:52:28.747 * Redis version=7.4.5, bits=64, commit=00000000, modified=0, pid=1, just started
2025-08-19T10:54:50.6365177Z  1:C 19 Aug 2025 10:52:28.747 # Warning: no config file specified, using the default config. In order to specify a config file use redis-server /path/to/redis.conf
2025-08-19T10:54:50.6366243Z  1:M 19 Aug 2025 10:52:28.747 * monotonic clock: POSIX clock_gettime
2025-08-19T10:54:50.6366850Z  1:M 19 Aug 2025 10:52:28.748 * Running mode=standalone, port=6379.
2025-08-19T10:54:50.6367393Z  1:M 19 Aug 2025 10:52:28.748 * Server initialized
2025-08-19T10:54:50.6367978Z  1:M 19 Aug 2025 10:52:28.748 * Ready to accept connections tcp
2025-08-19T10:54:50.6375085Z Stop and remove container: 3f7a03e89412481e83498ff1072d9d88_redis7alpine_b82965
2025-08-19T10:54:50.6375796Z ##[command]/usr/bin/docker rm --force d87a868e62b14fdc698867222f46c8296b727a7ce545440966af99e290ba3f61
2025-08-19T10:54:50.7537727Z d87a868e62b14fdc698867222f46c8296b727a7ce545440966af99e290ba3f61
2025-08-19T10:54:50.7559883Z Remove container network: github_network_d2d8ae7259e64b9990e8a2aa68b85628
2025-08-19T10:54:50.7565925Z ##[command]/usr/bin/docker network rm github_network_d2d8ae7259e64b9990e8a2aa68b85628
2025-08-19T10:54:50.8691049Z github_network_d2d8ae7259e64b9990e8a2aa68b85628
2025-08-19T10:54:50.8752195Z Cleaning up orphan processes
