2025-08-20T07:35:12.9649443Z Current runner version: '2.327.1'
2025-08-20T07:35:12.9679926Z ##[group]Runner Image Provisioner
2025-08-20T07:35:12.9681281Z Hosted Compute Agent
2025-08-20T07:35:12.9682185Z Version: 20250818.377
2025-08-20T07:35:12.9683220Z Commit: 3c593e9f75fe0b87e893bca80d6e12ba089c61fc
2025-08-20T07:35:12.9684317Z Build Date: 2025-08-18T14:52:18Z
2025-08-20T07:35:12.9685251Z ##[endgroup]
2025-08-20T07:35:12.9686147Z ##[group]Operating System
2025-08-20T07:35:12.9687020Z Ubuntu
2025-08-20T07:35:12.9687692Z 24.04.2
2025-08-20T07:35:12.9688543Z LTS
2025-08-20T07:35:12.9689286Z ##[endgroup]
2025-08-20T07:35:12.9690056Z ##[group]Runner Image
2025-08-20T07:35:12.9691202Z Image: ubuntu-24.04
2025-08-20T07:35:12.9692006Z Version: 20250810.1.0
2025-08-20T07:35:12.9693668Z Included Software: https://github.com/actions/runner-images/blob/ubuntu24/20250810.1/images/ubuntu/Ubuntu2404-Readme.md
2025-08-20T07:35:12.9696358Z Image Release: https://github.com/actions/runner-images/releases/tag/ubuntu24%2F20250810.1
2025-08-20T07:35:12.9697930Z ##[endgroup]
2025-08-20T07:35:12.9702366Z ##[group]GITHUB_TOKEN Permissions
2025-08-20T07:35:12.9704936Z Actions: write
2025-08-20T07:35:12.9705911Z Attestations: write
2025-08-20T07:35:12.9706713Z Checks: write
2025-08-20T07:35:12.9707434Z Contents: write
2025-08-20T07:35:12.9708384Z Deployments: write
2025-08-20T07:35:12.9709172Z Discussions: write
2025-08-20T07:35:12.9709951Z Issues: write
2025-08-20T07:35:12.9711040Z Metadata: read
2025-08-20T07:35:12.9711880Z Models: read
2025-08-20T07:35:12.9712598Z Packages: write
2025-08-20T07:35:12.9713481Z Pages: write
2025-08-20T07:35:12.9714198Z PullRequests: write
2025-08-20T07:35:12.9715072Z RepositoryProjects: write
2025-08-20T07:35:12.9716161Z SecurityEvents: write
2025-08-20T07:35:12.9717190Z Statuses: write
2025-08-20T07:35:12.9717970Z ##[endgroup]
2025-08-20T07:35:12.9720991Z Secret source: Actions
2025-08-20T07:35:12.9722110Z Prepare workflow directory
2025-08-20T07:35:13.0312561Z Prepare all required actions
2025-08-20T07:35:13.0367240Z Getting action download info
2025-08-20T07:35:13.3216807Z Download action repository 'actions/checkout@v4' (SHA:08eba0b27e820071cde6df949e0beb9ba4906955)
2025-08-20T07:35:13.6500347Z Download action repository 'actions/setup-python@v5' (SHA:a26af69be951a213d495a4c3e4e4022e16d87065)
2025-08-20T07:35:14.0168507Z Download action repository 'actions/upload-artifact@v4' (SHA:ea165f8d65b6e75b540449e92b4886f43607fa02)
2025-08-20T07:35:14.5269906Z Complete job name: unit
2025-08-20T07:35:14.5799421Z ##[group]Checking docker version
2025-08-20T07:35:14.5812867Z ##[command]/usr/bin/docker version --format '{{.Server.APIVersion}}'
2025-08-20T07:35:14.6212090Z '1.48'
2025-08-20T07:35:14.6225540Z Docker daemon API version: '1.48'
2025-08-20T07:35:14.6226758Z ##[command]/usr/bin/docker version --format '{{.Client.APIVersion}}'
2025-08-20T07:35:14.6424141Z '1.48'
2025-08-20T07:35:14.6438110Z Docker client API version: '1.48'
2025-08-20T07:35:14.6443813Z ##[endgroup]
2025-08-20T07:35:14.6446776Z ##[group]Clean up resources from previous jobs
2025-08-20T07:35:14.6453144Z ##[command]/usr/bin/docker ps --all --quiet --no-trunc --filter "label=7a8368"
2025-08-20T07:35:14.6592213Z ##[command]/usr/bin/docker network prune --force --filter "label=7a8368"
2025-08-20T07:35:14.6771285Z ##[endgroup]
2025-08-20T07:35:14.6771979Z ##[group]Create local container network
2025-08-20T07:35:14.6782815Z ##[command]/usr/bin/docker network create --label 7a8368 github_network_957ff16cbffa4bb49a48b3540232600e
2025-08-20T07:35:14.7260157Z f2af866ab140073d523f6d2b1ecfb1d738fc114b59715e8f85c301c4aa6ebb10
2025-08-20T07:35:14.7278034Z ##[endgroup]
2025-08-20T07:35:14.7303312Z ##[group]Starting postgres service container
2025-08-20T07:35:14.7323774Z ##[command]/usr/bin/docker pull postgres:15
2025-08-20T07:35:14.9044944Z 15: Pulling from library/postgres
2025-08-20T07:35:14.9640914Z 396b1da7636e: Pulling fs layer
2025-08-20T07:35:14.9642141Z fca2566eba32: Pulling fs layer
2025-08-20T07:35:14.9643309Z 631fe8c6d606: Pulling fs layer
2025-08-20T07:35:14.9644383Z 77c7671c4414: Pulling fs layer
2025-08-20T07:35:14.9645551Z 2d9e29180a27: Pulling fs layer
2025-08-20T07:35:14.9646242Z c6bcc2c9a041: Pulling fs layer
2025-08-20T07:35:14.9646919Z ac4b721eb66f: Pulling fs layer
2025-08-20T07:35:14.9647592Z 606bd164980e: Pulling fs layer
2025-08-20T07:35:14.9648698Z f5dfd246bc6e: Pulling fs layer
2025-08-20T07:35:14.9649428Z 2d9e29180a27: Waiting
2025-08-20T07:35:14.9650001Z ba7036bb0a60: Pulling fs layer
2025-08-20T07:35:14.9650928Z 799f859abbbd: Pulling fs layer
2025-08-20T07:35:14.9651610Z d903e777080c: Pulling fs layer
2025-08-20T07:35:14.9652371Z c6bcc2c9a041: Waiting
2025-08-20T07:35:14.9653038Z 04adcb462801: Pulling fs layer
2025-08-20T07:35:14.9653854Z 5c10925b29ff: Pulling fs layer
2025-08-20T07:35:14.9654676Z ac4b721eb66f: Waiting
2025-08-20T07:35:14.9655231Z 799f859abbbd: Waiting
2025-08-20T07:35:14.9655775Z d903e777080c: Waiting
2025-08-20T07:35:14.9656296Z 04adcb462801: Waiting
2025-08-20T07:35:14.9656824Z 5c10925b29ff: Waiting
2025-08-20T07:35:14.9657350Z 606bd164980e: Waiting
2025-08-20T07:35:14.9657901Z f5dfd246bc6e: Waiting
2025-08-20T07:35:14.9658807Z ba7036bb0a60: Waiting
2025-08-20T07:35:14.9659763Z 77c7671c4414: Waiting
2025-08-20T07:35:15.0155713Z fca2566eba32: Download complete
2025-08-20T07:35:15.0571845Z 631fe8c6d606: Verifying Checksum
2025-08-20T07:35:15.0573188Z 631fe8c6d606: Download complete
2025-08-20T07:35:15.0777971Z 77c7671c4414: Verifying Checksum
2025-08-20T07:35:15.0779278Z 77c7671c4414: Download complete
2025-08-20T07:35:15.1324583Z c6bcc2c9a041: Verifying Checksum
2025-08-20T07:35:15.1325878Z c6bcc2c9a041: Download complete
2025-08-20T07:35:15.1693023Z 2d9e29180a27: Verifying Checksum
2025-08-20T07:35:15.1751865Z 2d9e29180a27: Download complete
2025-08-20T07:35:15.1753007Z 396b1da7636e: Verifying Checksum
2025-08-20T07:35:15.1754161Z 396b1da7636e: Download complete
2025-08-20T07:35:15.1854520Z ac4b721eb66f: Verifying Checksum
2025-08-20T07:35:15.1855669Z ac4b721eb66f: Download complete
2025-08-20T07:35:15.2180846Z 606bd164980e: Verifying Checksum
2025-08-20T07:35:15.2182118Z 606bd164980e: Download complete
2025-08-20T07:35:15.2386847Z ba7036bb0a60: Verifying Checksum
2025-08-20T07:35:15.2388652Z ba7036bb0a60: Download complete
2025-08-20T07:35:15.2676587Z 799f859abbbd: Verifying Checksum
2025-08-20T07:35:15.2677838Z 799f859abbbd: Download complete
2025-08-20T07:35:15.2977012Z d903e777080c: Verifying Checksum
2025-08-20T07:35:15.2982314Z d903e777080c: Download complete
2025-08-20T07:35:15.3241023Z 04adcb462801: Verifying Checksum
2025-08-20T07:35:15.3485288Z 04adcb462801: Download complete
2025-08-20T07:35:15.3486426Z 5c10925b29ff: Verifying Checksum
2025-08-20T07:35:15.3487582Z 5c10925b29ff: Download complete
2025-08-20T07:35:15.8524295Z f5dfd246bc6e: Download complete
2025-08-20T07:35:16.2133476Z 396b1da7636e: Pull complete
2025-08-20T07:35:17.3221344Z fca2566eba32: Pull complete
2025-08-20T07:35:17.4876712Z 631fe8c6d606: Pull complete
2025-08-20T07:35:17.5275098Z 77c7671c4414: Pull complete
2025-08-20T07:35:17.8252764Z 2d9e29180a27: Pull complete
2025-08-20T07:35:17.9013584Z c6bcc2c9a041: Pull complete
2025-08-20T07:35:17.9092252Z ac4b721eb66f: Pull complete
2025-08-20T07:35:17.9183605Z 606bd164980e: Pull complete
2025-08-20T07:35:20.7683447Z f5dfd246bc6e: Pull complete
2025-08-20T07:35:20.7842936Z ba7036bb0a60: Pull complete
2025-08-20T07:35:20.7934074Z 799f859abbbd: Pull complete
2025-08-20T07:35:20.8025444Z d903e777080c: Pull complete
2025-08-20T07:35:20.8146009Z 04adcb462801: Pull complete
2025-08-20T07:35:20.8232816Z 5c10925b29ff: Pull complete
2025-08-20T07:35:20.8272211Z Digest: sha256:bc51cf4f1fe02cce7ed2370b20128a9b00b4eb804573a77d2a0d877aaa9c82b1
2025-08-20T07:35:20.8283420Z Status: Downloaded newer image for postgres:15
2025-08-20T07:35:20.8293765Z docker.io/library/postgres:15
2025-08-20T07:35:20.8356310Z ##[command]/usr/bin/docker create --name dca9fc2293504c2c853606a903fa25d0_postgres15_ac8a18 --label 7a8368 --network github_network_957ff16cbffa4bb49a48b3540232600e --network-alias postgres -p 5432:5432 --health-cmd="pg_isready -U postgres -d awa" --health-interval=5s --health-timeout=5s --health-retries=10 -e "POSTGRES_USER=postgres" -e "POSTGRES_PASSWORD=pass" -e "POSTGRES_DB=awa" -e GITHUB_ACTIONS=true -e CI=true postgres:15
2025-08-20T07:35:20.8595891Z 4b81346e62ac260a5a6fe98b256191fcd9c35cdbafc187f97064e7462f438498
2025-08-20T07:35:20.8619578Z ##[command]/usr/bin/docker start 4b81346e62ac260a5a6fe98b256191fcd9c35cdbafc187f97064e7462f438498
2025-08-20T07:35:21.1421595Z 4b81346e62ac260a5a6fe98b256191fcd9c35cdbafc187f97064e7462f438498
2025-08-20T07:35:21.1441812Z ##[command]/usr/bin/docker ps --all --filter id=4b81346e62ac260a5a6fe98b256191fcd9c35cdbafc187f97064e7462f438498 --filter status=running --no-trunc --format "{{.ID}} {{.Status}}"
2025-08-20T07:35:21.1561451Z 4b81346e62ac260a5a6fe98b256191fcd9c35cdbafc187f97064e7462f438498 Up Less than a second (health: starting)
2025-08-20T07:35:21.1583151Z ##[command]/usr/bin/docker port 4b81346e62ac260a5a6fe98b256191fcd9c35cdbafc187f97064e7462f438498
2025-08-20T07:35:21.1705154Z 5432/tcp -> 0.0.0.0:5432
2025-08-20T07:35:21.1705705Z 5432/tcp -> [::]:5432
2025-08-20T07:35:21.1753592Z ##[endgroup]
2025-08-20T07:35:21.1754815Z ##[group]Starting redis service container
2025-08-20T07:35:21.1756749Z ##[command]/usr/bin/docker pull redis:7-alpine
2025-08-20T07:35:21.3587783Z 7-alpine: Pulling from library/redis
2025-08-20T07:35:21.4183562Z 0368fd46e3c6: Pulling fs layer
2025-08-20T07:35:21.4185728Z 4c55286bbede: Pulling fs layer
2025-08-20T07:35:21.4187867Z 5e28347af205: Pulling fs layer
2025-08-20T07:35:21.4188413Z 311eca34042e: Pulling fs layer
2025-08-20T07:35:21.4189033Z e6fe6f07e192: Pulling fs layer
2025-08-20T07:35:21.4189593Z a2cadbfeca72: Pulling fs layer
2025-08-20T07:35:21.4190048Z 4f4fb700ef54: Pulling fs layer
2025-08-20T07:35:21.4192600Z a976ed7e7808: Pulling fs layer
2025-08-20T07:35:21.4193090Z e6fe6f07e192: Waiting
2025-08-20T07:35:21.4193466Z a2cadbfeca72: Waiting
2025-08-20T07:35:21.4193991Z 4f4fb700ef54: Waiting
2025-08-20T07:35:21.4194380Z a976ed7e7808: Waiting
2025-08-20T07:35:21.4194775Z 311eca34042e: Waiting
2025-08-20T07:35:21.4593306Z 4c55286bbede: Verifying Checksum
2025-08-20T07:35:21.4594524Z 4c55286bbede: Download complete
2025-08-20T07:35:21.4715947Z 5e28347af205: Verifying Checksum
2025-08-20T07:35:21.4717267Z 5e28347af205: Download complete
2025-08-20T07:35:21.4949791Z 0368fd46e3c6: Verifying Checksum
2025-08-20T07:35:21.4962981Z 0368fd46e3c6: Download complete
2025-08-20T07:35:21.5161003Z 311eca34042e: Verifying Checksum
2025-08-20T07:35:21.5161795Z 311eca34042e: Download complete
2025-08-20T07:35:21.5473528Z a2cadbfeca72: Verifying Checksum
2025-08-20T07:35:21.5478724Z a2cadbfeca72: Download complete
2025-08-20T07:35:21.5746345Z 4f4fb700ef54: Verifying Checksum
2025-08-20T07:35:21.5747383Z 4f4fb700ef54: Download complete
2025-08-20T07:35:21.6063731Z e6fe6f07e192: Verifying Checksum
2025-08-20T07:35:21.6071065Z e6fe6f07e192: Download complete
2025-08-20T07:35:21.6113690Z a976ed7e7808: Verifying Checksum
2025-08-20T07:35:21.6114198Z a976ed7e7808: Download complete
2025-08-20T07:35:21.6306695Z 0368fd46e3c6: Pull complete
2025-08-20T07:35:21.6609349Z 4c55286bbede: Pull complete
2025-08-20T07:35:21.8321629Z 5e28347af205: Pull complete
2025-08-20T07:35:21.8588575Z 311eca34042e: Pull complete
2025-08-20T07:35:22.0450973Z e6fe6f07e192: Pull complete
2025-08-20T07:35:22.0539726Z a2cadbfeca72: Pull complete
2025-08-20T07:35:22.0622181Z 4f4fb700ef54: Pull complete
2025-08-20T07:35:22.0750769Z a976ed7e7808: Pull complete
2025-08-20T07:35:22.0786092Z Digest: sha256:bb186d083732f669da90be8b0f975a37812b15e913465bb14d845db72a4e3e08
2025-08-20T07:35:22.0799113Z Status: Downloaded newer image for redis:7-alpine
2025-08-20T07:35:22.0804565Z docker.io/library/redis:7-alpine
2025-08-20T07:35:22.0825433Z ##[command]/usr/bin/docker create --name 6f5ab20db98241ffaf5fd8d48b0e8c02_redis7alpine_e091c9 --label 7a8368 --network github_network_957ff16cbffa4bb49a48b3540232600e --network-alias redis -p 6379:6379  -e GITHUB_ACTIONS=true -e CI=true redis:7-alpine
2025-08-20T07:35:22.1122652Z cd7bb635830a73f167ffae520a5596a7331db598d1b12c204bb5f86fb3759943
2025-08-20T07:35:22.1144357Z ##[command]/usr/bin/docker start cd7bb635830a73f167ffae520a5596a7331db598d1b12c204bb5f86fb3759943
2025-08-20T07:35:22.2577906Z cd7bb635830a73f167ffae520a5596a7331db598d1b12c204bb5f86fb3759943
2025-08-20T07:35:22.2594803Z ##[command]/usr/bin/docker ps --all --filter id=cd7bb635830a73f167ffae520a5596a7331db598d1b12c204bb5f86fb3759943 --filter status=running --no-trunc --format "{{.ID}} {{.Status}}"
2025-08-20T07:35:22.2726198Z cd7bb635830a73f167ffae520a5596a7331db598d1b12c204bb5f86fb3759943 Up Less than a second
2025-08-20T07:35:22.2738855Z ##[command]/usr/bin/docker port cd7bb635830a73f167ffae520a5596a7331db598d1b12c204bb5f86fb3759943
2025-08-20T07:35:22.2846156Z 6379/tcp -> 0.0.0.0:6379
2025-08-20T07:35:22.2847333Z 6379/tcp -> [::]:6379
2025-08-20T07:35:22.2859784Z ##[endgroup]
2025-08-20T07:35:22.2871380Z ##[group]Waiting for all services to be ready
2025-08-20T07:35:22.2884382Z ##[command]/usr/bin/docker inspect --format="{{if .Config.Healthcheck}}{{print .State.Health.Status}}{{end}}" 4b81346e62ac260a5a6fe98b256191fcd9c35cdbafc187f97064e7462f438498
2025-08-20T07:35:22.2995457Z starting
2025-08-20T07:35:22.3014520Z postgres service is starting, waiting 2 seconds before checking again.
2025-08-20T07:35:24.3015943Z ##[command]/usr/bin/docker inspect --format="{{if .Config.Healthcheck}}{{print .State.Health.Status}}{{end}}" 4b81346e62ac260a5a6fe98b256191fcd9c35cdbafc187f97064e7462f438498
2025-08-20T07:35:24.3133085Z starting
2025-08-20T07:35:24.3205619Z postgres service is starting, waiting 4 seconds before checking again.
2025-08-20T07:35:28.4901361Z ##[command]/usr/bin/docker inspect --format="{{if .Config.Healthcheck}}{{print .State.Health.Status}}{{end}}" 4b81346e62ac260a5a6fe98b256191fcd9c35cdbafc187f97064e7462f438498
2025-08-20T07:35:28.5016067Z healthy
2025-08-20T07:35:28.5033457Z postgres service is healthy.
2025-08-20T07:35:28.5034198Z ##[command]/usr/bin/docker inspect --format="{{if .Config.Healthcheck}}{{print .State.Health.Status}}{{end}}" cd7bb635830a73f167ffae520a5596a7331db598d1b12c204bb5f86fb3759943
2025-08-20T07:35:28.5154105Z redis service is healthy.
2025-08-20T07:35:28.5154728Z ##[endgroup]
2025-08-20T07:35:28.5536984Z ##[group]Run actions/checkout@v4
2025-08-20T07:35:28.5537502Z with:
2025-08-20T07:35:28.5537697Z   repository: AlexBomber12/AWA-App
2025-08-20T07:35:28.5538061Z   token: ***
2025-08-20T07:35:28.5538242Z   ssh-strict: true
2025-08-20T07:35:28.5538419Z   ssh-user: git
2025-08-20T07:35:28.5538606Z   persist-credentials: true
2025-08-20T07:35:28.5538806Z   clean: true
2025-08-20T07:35:28.5538992Z   sparse-checkout-cone-mode: true
2025-08-20T07:35:28.5539208Z   fetch-depth: 1
2025-08-20T07:35:28.5539392Z   fetch-tags: false
2025-08-20T07:35:28.5539569Z   show-progress: true
2025-08-20T07:35:28.5539748Z   lfs: false
2025-08-20T07:35:28.5539908Z   submodules: false
2025-08-20T07:35:28.5540081Z   set-safe-directory: true
2025-08-20T07:35:28.5540614Z env:
2025-08-20T07:35:28.5540848Z   REDIS_URL: redis://localhost:6379/0
2025-08-20T07:35:28.5541126Z   RATE_LIMIT_DEFAULT: 100/minute
2025-08-20T07:35:28.5541331Z   TRUST_X_FORWARDED: 1
2025-08-20T07:35:28.5541515Z ##[endgroup]
2025-08-20T07:35:28.6577946Z Syncing repository: AlexBomber12/AWA-App
2025-08-20T07:35:28.6579141Z ##[group]Getting Git version info
2025-08-20T07:35:28.6579483Z Working directory is '/home/runner/work/AWA-App/AWA-App'
2025-08-20T07:35:28.6579992Z [command]/usr/bin/git version
2025-08-20T07:35:28.6609752Z git version 2.50.1
2025-08-20T07:35:28.6635596Z ##[endgroup]
2025-08-20T07:35:28.6649257Z Temporarily overriding HOME='/home/runner/work/_temp/960fc178-6d01-452d-b9d1-f49480d6ab90' before making global git config changes
2025-08-20T07:35:28.6650019Z Adding repository directory to the temporary git global config as a safe directory
2025-08-20T07:35:28.6654561Z [command]/usr/bin/git config --global --add safe.directory /home/runner/work/AWA-App/AWA-App
2025-08-20T07:35:28.6686499Z Deleting the contents of '/home/runner/work/AWA-App/AWA-App'
2025-08-20T07:35:28.6689692Z ##[group]Initializing the repository
2025-08-20T07:35:28.6694161Z [command]/usr/bin/git init /home/runner/work/AWA-App/AWA-App
2025-08-20T07:35:28.6745222Z hint: Using 'master' as the name for the initial branch. This default branch name
2025-08-20T07:35:28.6746081Z hint: is subject to change. To configure the initial branch name to use in all
2025-08-20T07:35:28.6746803Z hint: of your new repositories, which will suppress this warning, call:
2025-08-20T07:35:28.6747383Z hint:
2025-08-20T07:35:28.6747814Z hint: 	git config --global init.defaultBranch <name>
2025-08-20T07:35:28.6748122Z hint:
2025-08-20T07:35:28.6748402Z hint: Names commonly chosen instead of 'master' are 'main', 'trunk' and
2025-08-20T07:35:28.6748867Z hint: 'development'. The just-created branch can be renamed via this command:
2025-08-20T07:35:28.6749472Z hint:
2025-08-20T07:35:28.6749790Z hint: 	git branch -m <name>
2025-08-20T07:35:28.6750152Z hint:
2025-08-20T07:35:28.6750854Z hint: Disable this message with "git config set advice.defaultBranchName false"
2025-08-20T07:35:28.6751775Z Initialized empty Git repository in /home/runner/work/AWA-App/AWA-App/.git/
2025-08-20T07:35:28.6760320Z [command]/usr/bin/git remote add origin https://github.com/AlexBomber12/AWA-App
2025-08-20T07:35:28.6791107Z ##[endgroup]
2025-08-20T07:35:28.6791685Z ##[group]Disabling automatic garbage collection
2025-08-20T07:35:28.6796142Z [command]/usr/bin/git config --local gc.auto 0
2025-08-20T07:35:28.6823636Z ##[endgroup]
2025-08-20T07:35:28.6824185Z ##[group]Setting up auth
2025-08-20T07:35:28.6831228Z [command]/usr/bin/git config --local --name-only --get-regexp core\.sshCommand
2025-08-20T07:35:28.6860921Z [command]/usr/bin/git submodule foreach --recursive sh -c "git config --local --name-only --get-regexp 'core\.sshCommand' && git config --local --unset-all 'core.sshCommand' || :"
2025-08-20T07:35:28.7107674Z [command]/usr/bin/git config --local --name-only --get-regexp http\.https\:\/\/github\.com\/\.extraheader
2025-08-20T07:35:28.7135586Z [command]/usr/bin/git submodule foreach --recursive sh -c "git config --local --name-only --get-regexp 'http\.https\:\/\/github\.com\/\.extraheader' && git config --local --unset-all 'http.https://github.com/.extraheader' || :"
2025-08-20T07:35:28.7348075Z [command]/usr/bin/git config --local http.https://github.com/.extraheader AUTHORIZATION: basic ***
2025-08-20T07:35:28.7388423Z ##[endgroup]
2025-08-20T07:35:28.7388971Z ##[group]Fetching the repository
2025-08-20T07:35:28.7397087Z [command]/usr/bin/git -c protocol.version=2 fetch --no-tags --prune --no-recurse-submodules --depth=1 origin +25b3de7354773fe5724a4891b6230f1d12152308:refs/remotes/pull/298/merge
2025-08-20T07:35:29.0284276Z From https://github.com/AlexBomber12/AWA-App
2025-08-20T07:35:29.0284748Z  * [new ref]         25b3de7354773fe5724a4891b6230f1d12152308 -> pull/298/merge
2025-08-20T07:35:29.0309077Z ##[endgroup]
2025-08-20T07:35:29.0309662Z ##[group]Determining the checkout info
2025-08-20T07:35:29.0312575Z ##[endgroup]
2025-08-20T07:35:29.0317732Z [command]/usr/bin/git sparse-checkout disable
2025-08-20T07:35:29.0355582Z [command]/usr/bin/git config --local --unset-all extensions.worktreeConfig
2025-08-20T07:35:29.0383096Z ##[group]Checking out the ref
2025-08-20T07:35:29.0387359Z [command]/usr/bin/git checkout --progress --force refs/remotes/pull/298/merge
2025-08-20T07:35:29.0681295Z Note: switching to 'refs/remotes/pull/298/merge'.
2025-08-20T07:35:29.0681722Z 
2025-08-20T07:35:29.0682106Z You are in 'detached HEAD' state. You can look around, make experimental
2025-08-20T07:35:29.0682760Z changes and commit them, and you can discard any commits you make in this
2025-08-20T07:35:29.0683329Z state without impacting any branches by switching back to a branch.
2025-08-20T07:35:29.0683653Z 
2025-08-20T07:35:29.0683864Z If you want to create a new branch to retain commits you create, you may
2025-08-20T07:35:29.0684364Z do so (now or later) by using -c with the switch command. Example:
2025-08-20T07:35:29.0684640Z 
2025-08-20T07:35:29.0684757Z   git switch -c <new-branch-name>
2025-08-20T07:35:29.0685362Z 
2025-08-20T07:35:29.0685559Z Or undo this operation with:
2025-08-20T07:35:29.0685882Z 
2025-08-20T07:35:29.0686088Z   git switch -
2025-08-20T07:35:29.0686334Z 
2025-08-20T07:35:29.0686671Z Turn off this advice by setting config variable advice.detachedHead to false
2025-08-20T07:35:29.0687212Z 
2025-08-20T07:35:29.0687778Z HEAD is now at 25b3de7 Merge 9c581db995b036677730a8b85b815e1574c30dd0 into 652e8aa5923fa13a8306fa0c0f22e4b191be459b
2025-08-20T07:35:29.0690070Z ##[endgroup]
2025-08-20T07:35:29.0726778Z [command]/usr/bin/git log -1 --format=%H
2025-08-20T07:35:29.0748387Z 25b3de7354773fe5724a4891b6230f1d12152308
2025-08-20T07:35:29.0911751Z ##[group]Run cat .env.ci >> "$GITHUB_ENV"
2025-08-20T07:35:29.0912081Z [36;1mcat .env.ci >> "$GITHUB_ENV"[0m
2025-08-20T07:35:29.0912765Z [36;1mecho "DATABASE_URL=***localhost:5432/awa" >> "$GITHUB_ENV"[0m
2025-08-20T07:35:29.0913107Z [36;1mecho "PG_HOST=localhost" >> "$GITHUB_ENV"[0m
2025-08-20T07:35:29.0913412Z [36;1mecho "PG_PORT=5432" >> "$GITHUB_ENV"[0m
2025-08-20T07:35:29.0913683Z [36;1mecho "PG_USER=postgres" >> "$GITHUB_ENV"[0m
2025-08-20T07:35:29.0913952Z [36;1mecho "PG_PASSWORD=pass" >> "$GITHUB_ENV"[0m
2025-08-20T07:35:29.0914220Z [36;1mecho "PG_DATABASE=awa" >> "$GITHUB_ENV"[0m
2025-08-20T07:35:29.0958074Z shell: /usr/bin/bash -e {0}
2025-08-20T07:35:29.0958300Z env:
2025-08-20T07:35:29.0958511Z   REDIS_URL: redis://localhost:6379/0
2025-08-20T07:35:29.0958763Z   RATE_LIMIT_DEFAULT: 100/minute
2025-08-20T07:35:29.0958981Z   TRUST_X_FORWARDED: 1
2025-08-20T07:35:29.0959164Z ##[endgroup]
2025-08-20T07:35:29.1130374Z ##[group]Run actions/setup-python@v5
2025-08-20T07:35:29.1130849Z with:
2025-08-20T07:35:29.1131023Z   python-version: 3.12
2025-08-20T07:35:29.1131209Z   cache: pip
2025-08-20T07:35:29.1131417Z   cache-dependency-path: requirements-dev.txt
2025-08-20T07:35:29.1131677Z   check-latest: false
2025-08-20T07:35:29.1131984Z   token: ***
2025-08-20T07:35:29.1132169Z   update-environment: true
2025-08-20T07:35:29.1132391Z   allow-prereleases: false
2025-08-20T07:35:29.1132592Z   freethreaded: false
2025-08-20T07:35:29.1132767Z env:
2025-08-20T07:35:29.1132952Z   REDIS_URL: redis://localhost:6379/0
2025-08-20T07:35:29.1133199Z   RATE_LIMIT_DEFAULT: 100/minute
2025-08-20T07:35:29.1133410Z   TRUST_X_FORWARDED: 1
2025-08-20T07:35:29.1133593Z   PG_USER: postgres
2025-08-20T07:35:29.1133769Z   PG_PASSWORD: pass
2025-08-20T07:35:29.1133941Z   PG_DATABASE: awa
2025-08-20T07:35:29.1134109Z   PG_HOST: localhost
2025-08-20T07:35:29.1134287Z   PG_PORT: 5432
2025-08-20T07:35:29.1134686Z   PG_SYNC_DSN: ***localhost:5432/awa
2025-08-20T07:35:29.1135078Z   PG_ASYNC_DSN: ***localhost:5432/awa
2025-08-20T07:35:29.1135463Z   DATABASE_URL: ***localhost:5432/awa
2025-08-20T07:35:29.1135684Z   DATA_DIR: /tmp/awa-data
2025-08-20T07:35:29.1135875Z   ENABLE_LIVE: 0
2025-08-20T07:35:29.1136033Z   TESTING: 1
2025-08-20T07:35:29.1136190Z ##[endgroup]
2025-08-20T07:35:29.2781061Z ##[group]Installed versions
2025-08-20T07:35:29.3420056Z Successfully set up CPython (3.12.11)
2025-08-20T07:35:29.3420910Z ##[endgroup]
2025-08-20T07:35:29.3756670Z [command]/opt/hostedtoolcache/Python/3.12.11/x64/bin/pip cache dir
2025-08-20T07:35:30.7788558Z /home/runner/.cache/pip
2025-08-20T07:35:30.9170375Z Cache hit for: setup-python-Linux-x64-24.04-Ubuntu-python-3.12.11-pip-29fc3204f837bce43d81586a404709764a9accd1f738d0c33a52a32bf7a0c312
2025-08-20T07:35:31.9858713Z Received 142606336 of 337357499 (42.3%), 134.9 MBs/sec
2025-08-20T07:35:32.8605898Z Received 337357499 of 337357499 (100.0%), 170.9 MBs/sec
2025-08-20T07:35:32.8607874Z Cache Size: ~322 MB (337357499 B)
2025-08-20T07:35:32.8646834Z [command]/usr/bin/tar -xf /home/runner/work/_temp/0a545446-ab2e-42cc-ba36-1b9cbcc45eed/cache.tzst -P -C /home/runner/work/AWA-App/AWA-App --use-compress-program unzstd
2025-08-20T07:35:33.4142545Z Cache restored successfully
2025-08-20T07:35:33.4767199Z Cache restored from key: setup-python-Linux-x64-24.04-Ubuntu-python-3.12.11-pip-29fc3204f837bce43d81586a404709764a9accd1f738d0c33a52a32bf7a0c312
2025-08-20T07:35:33.4924500Z ##[group]Run pip install -r requirements-dev.txt
2025-08-20T07:35:33.4924883Z [36;1mpip install -r requirements-dev.txt[0m
2025-08-20T07:35:33.4925185Z [36;1mpip install keepa==1.3.15 minio==7.1.15[0m
2025-08-20T07:35:33.4968120Z shell: /usr/bin/bash -e {0}
2025-08-20T07:35:33.4968352Z env:
2025-08-20T07:35:33.4968558Z   REDIS_URL: redis://localhost:6379/0
2025-08-20T07:35:33.4968832Z   RATE_LIMIT_DEFAULT: 100/minute
2025-08-20T07:35:33.4969054Z   TRUST_X_FORWARDED: 1
2025-08-20T07:35:33.4969255Z   PG_USER: postgres
2025-08-20T07:35:33.4969444Z   PG_PASSWORD: pass
2025-08-20T07:35:33.4969627Z   PG_DATABASE: awa
2025-08-20T07:35:33.4969810Z   PG_HOST: localhost
2025-08-20T07:35:33.4970003Z   PG_PORT: 5432
2025-08-20T07:35:33.4970618Z   PG_SYNC_DSN: ***localhost:5432/awa
2025-08-20T07:35:33.4971145Z   PG_ASYNC_DSN: ***localhost:5432/awa
2025-08-20T07:35:33.4971499Z   DATABASE_URL: ***localhost:5432/awa
2025-08-20T07:35:33.4971717Z   DATA_DIR: /tmp/awa-data
2025-08-20T07:35:33.4971944Z   ENABLE_LIVE: 0
2025-08-20T07:35:33.4972100Z   TESTING: 1
2025-08-20T07:35:33.4972318Z   pythonLocation: /opt/hostedtoolcache/Python/3.12.11/x64
2025-08-20T07:35:33.4972714Z   PKG_CONFIG_PATH: /opt/hostedtoolcache/Python/3.12.11/x64/lib/pkgconfig
2025-08-20T07:35:33.4973070Z   Python_ROOT_DIR: /opt/hostedtoolcache/Python/3.12.11/x64
2025-08-20T07:35:33.4973395Z   Python2_ROOT_DIR: /opt/hostedtoolcache/Python/3.12.11/x64
2025-08-20T07:35:33.4973711Z   Python3_ROOT_DIR: /opt/hostedtoolcache/Python/3.12.11/x64
2025-08-20T07:35:33.4974048Z   LD_LIBRARY_PATH: /opt/hostedtoolcache/Python/3.12.11/x64/lib
2025-08-20T07:35:33.4974310Z ##[endgroup]
2025-08-20T07:35:35.0024739Z Collecting Jinja2==3.1.6 (from -r requirements-dev.txt (line 2))
2025-08-20T07:35:35.0037536Z   Using cached jinja2-3.1.6-py3-none-any.whl.metadata (2.9 kB)
2025-08-20T07:35:35.0256681Z Collecting alembic==1.13.1 (from -r requirements-dev.txt (line 3))
2025-08-20T07:35:35.0268128Z   Using cached alembic-1.13.1-py3-none-any.whl.metadata (7.4 kB)
2025-08-20T07:35:35.0410941Z Collecting apscheduler==3.10.4 (from -r requirements-dev.txt (line 4))
2025-08-20T07:35:35.0421867Z   Using cached APScheduler-3.10.4-py3-none-any.whl.metadata (5.7 kB)
2025-08-20T07:35:35.0555255Z Collecting asgi-correlation-id==4.3.1 (from -r requirements-dev.txt (line 5))
2025-08-20T07:35:35.0566567Z   Using cached asgi_correlation_id-4.3.1-py3-none-any.whl.metadata (28 kB)
2025-08-20T07:35:35.0983636Z Collecting asyncpg==0.30.0 (from -r requirements-dev.txt (line 6))
2025-08-20T07:35:35.0995504Z   Using cached asyncpg-0.30.0-cp312-cp312-manylinux_2_17_x86_64.manylinux2014_x86_64.whl.metadata (5.0 kB)
2025-08-20T07:35:35.1403841Z Collecting black==25.1.0 (from -r requirements-dev.txt (line 7))
2025-08-20T07:35:35.1416038Z   Using cached black-25.1.0-cp312-cp312-manylinux_2_17_x86_64.manylinux2014_x86_64.manylinux_2_28_x86_64.whl.metadata (81 kB)
2025-08-20T07:35:35.4841386Z Collecting boto3 (from -r requirements-dev.txt (line 8))
2025-08-20T07:35:35.5199238Z   Downloading boto3-1.40.13-py3-none-any.whl.metadata (6.7 kB)
2025-08-20T07:35:35.5485277Z Collecting redis==6.* (from -r requirements-dev.txt (line 9))
2025-08-20T07:35:35.5497209Z   Using cached redis-6.4.0-py3-none-any.whl.metadata (10 kB)
2025-08-20T07:35:35.5789514Z Collecting minio==7.* (from -r requirements-dev.txt (line 10))
2025-08-20T07:35:35.5800976Z   Using cached minio-7.2.16-py3-none-any.whl.metadata (6.5 kB)
2025-08-20T07:35:35.6083552Z Collecting celery==5.5.3 (from -r requirements-dev.txt (line 11))
2025-08-20T07:35:35.6096087Z   Using cached celery-5.5.3-py3-none-any.whl.metadata (22 kB)
2025-08-20T07:35:35.6648483Z Collecting fastapi==0.116.1 (from -r requirements-dev.txt (line 12))
2025-08-20T07:35:35.6660612Z   Using cached fastapi-0.116.1-py3-none-any.whl.metadata (28 kB)
2025-08-20T07:35:35.6787789Z Collecting fastapi-limiter==0.1.6 (from -r requirements-dev.txt (line 14))
2025-08-20T07:35:35.6799163Z   Using cached fastapi_limiter-0.1.6-py3-none-any.whl.metadata (5.3 kB)
2025-08-20T07:35:35.6958729Z Collecting httpx<0.29,>=0.27 (from -r requirements-dev.txt (line 15))
2025-08-20T07:35:35.6970375Z   Using cached httpx-0.28.1-py3-none-any.whl.metadata (7.1 kB)
2025-08-20T07:35:35.7071509Z Collecting imapclient==3.0.1 (from -r requirements-dev.txt (line 16))
2025-08-20T07:35:35.7083099Z   Using cached IMAPClient-3.0.1-py2.py3-none-any.whl.metadata (1.7 kB)
2025-08-20T07:35:35.7163505Z Collecting itsdangerous (from -r requirements-dev.txt (line 17))
2025-08-20T07:35:35.7175102Z   Using cached itsdangerous-2.2.0-py3-none-any.whl.metadata (1.9 kB)
2025-08-20T07:35:35.8118837Z Collecting mypy==1.* (from -r requirements-dev.txt (line 18))
2025-08-20T07:35:35.8131683Z   Using cached mypy-1.17.1-cp312-cp312-manylinux2014_x86_64.manylinux_2_17_x86_64.manylinux_2_28_x86_64.whl.metadata (2.2 kB)
2025-08-20T07:35:35.8220044Z Collecting mypy-extensions==1.1.0 (from -r requirements-dev.txt (line 19))
2025-08-20T07:35:35.8231981Z   Using cached mypy_extensions-1.1.0-py3-none-any.whl.metadata (1.1 kB)
2025-08-20T07:35:35.9992989Z Collecting numpy<2 (from -r requirements-dev.txt (line 20))
2025-08-20T07:35:36.0007115Z   Using cached numpy-1.26.4-cp312-cp312-manylinux_2_17_x86_64.manylinux2014_x86_64.whl.metadata (61 kB)
2025-08-20T07:35:36.0234518Z Collecting openpyxl==3.1.5 (from -r requirements-dev.txt (line 21))
2025-08-20T07:35:36.0246578Z   Using cached openpyxl-3.1.5-py2.py3-none-any.whl.metadata (2.5 kB)
2025-08-20T07:35:36.1264297Z Collecting pandas==2.2.* (from -r requirements-dev.txt (line 22))
2025-08-20T07:35:36.1277665Z   Using cached pandas-2.2.3-cp312-cp312-manylinux_2_17_x86_64.manylinux2014_x86_64.whl.metadata (89 kB)
2025-08-20T07:35:36.2172709Z Collecting psycopg2-binary==2.9.10 (from -r requirements-dev.txt (line 23))
2025-08-20T07:35:36.2185573Z   Using cached psycopg2_binary-2.9.10-cp312-cp312-manylinux_2_17_x86_64.manylinux2014_x86_64.whl.metadata (4.9 kB)
2025-08-20T07:35:36.2319079Z Collecting psycopg==3.2.9 (from psycopg[binary]==3.2.9->-r requirements-dev.txt (line 24))
2025-08-20T07:35:36.2330922Z   Using cached psycopg-3.2.9-py3-none-any.whl.metadata (4.5 kB)
2025-08-20T07:35:36.3545353Z Collecting pydantic==2.11.7 (from -r requirements-dev.txt (line 25))
2025-08-20T07:35:36.3558434Z   Using cached pydantic-2.11.7-py3-none-any.whl.metadata (67 kB)
2025-08-20T07:35:36.4755157Z Collecting setuptools (from -r requirements-dev.txt (line 26))
2025-08-20T07:35:36.4767559Z   Using cached setuptools-80.9.0-py3-none-any.whl.metadata (6.6 kB)
2025-08-20T07:35:36.5006736Z Collecting pytest-asyncio==0.23.6 (from -r requirements-dev.txt (line 27))
2025-08-20T07:35:36.5017804Z   Using cached pytest_asyncio-0.23.6-py3-none-any.whl.metadata (3.9 kB)
2025-08-20T07:35:36.5141361Z Collecting pytest-cov==6.2.1 (from -r requirements-dev.txt (line 28))
2025-08-20T07:35:36.5152448Z   Using cached pytest_cov-6.2.1-py3-none-any.whl.metadata (30 kB)
2025-08-20T07:35:36.5298407Z Collecting pytest-postgresql==7.0.2 (from -r requirements-dev.txt (line 29))
2025-08-20T07:35:36.5309345Z   Using cached pytest_postgresql-7.0.2-py3-none-any.whl.metadata (18 kB)
2025-08-20T07:35:36.5464232Z Collecting python-dotenv (from -r requirements-dev.txt (line 30))
2025-08-20T07:35:36.5475425Z   Using cached python_dotenv-1.1.1-py3-none-any.whl.metadata (24 kB)
2025-08-20T07:35:36.5583153Z Collecting python-multipart (from -r requirements-dev.txt (line 31))
2025-08-20T07:35:36.5594316Z   Using cached python_multipart-0.0.20-py3-none-any.whl.metadata (1.8 kB)
2025-08-20T07:35:36.5852974Z Collecting python-telegram-bot==22.3 (from -r requirements-dev.txt (line 32))
2025-08-20T07:35:36.5863995Z   Using cached python_telegram_bot-22.3-py3-none-any.whl.metadata (17 kB)
2025-08-20T07:35:36.6131708Z Collecting requests==2.32.4 (from -r requirements-dev.txt (line 33))
2025-08-20T07:35:36.6142798Z   Using cached requests-2.32.4-py3-none-any.whl.metadata (4.9 kB)
2025-08-20T07:35:36.6282704Z Collecting respx==0.22.0 (from -r requirements-dev.txt (line 34))
2025-08-20T07:35:36.6293591Z   Using cached respx-0.22.0-py2.py3-none-any.whl.metadata (4.1 kB)
2025-08-20T07:35:36.9738724Z Collecting ruff==0.4.4 (from -r requirements-dev.txt (line 35))
2025-08-20T07:35:36.9751860Z   Using cached ruff-0.4.4-py3-none-manylinux_2_17_x86_64.manylinux2014_x86_64.whl.metadata (23 kB)
2025-08-20T07:35:37.2236341Z Collecting sqlalchemy==2.0.43 (from -r requirements-dev.txt (line 36))
2025-08-20T07:35:37.2249741Z   Using cached sqlalchemy-2.0.43-cp312-cp312-manylinux_2_17_x86_64.manylinux2014_x86_64.whl.metadata (9.6 kB)
2025-08-20T07:35:37.2451179Z Collecting structlog==24.1.0 (from -r requirements-dev.txt (line 37))
2025-08-20T07:35:37.2462539Z   Using cached structlog-24.1.0-py3-none-any.whl.metadata (6.9 kB)
2025-08-20T07:35:37.2615580Z Collecting testcontainers==4.10.0 (from testcontainers[postgres]==4.10.0->-r requirements-dev.txt (line 38))
2025-08-20T07:35:37.2626975Z   Using cached testcontainers-4.10.0-py3-none-any.whl.metadata (7.8 kB)
2025-08-20T07:35:37.2960172Z Collecting types-requests==2.32.4.20250809 (from -r requirements-dev.txt (line 39))
2025-08-20T07:35:37.2971921Z   Using cached types_requests-2.32.4.20250809-py3-none-any.whl.metadata (2.0 kB)
2025-08-20T07:35:37.3083137Z Collecting docspec-python==2.2.2 (from -r requirements-dev.txt (line 40))
2025-08-20T07:35:37.3094557Z   Using cached docspec_python-2.2.2-py3-none-any.whl.metadata (1.0 kB)
2025-08-20T07:35:37.3236793Z Collecting pydoc-markdown==4.8.2 (from -r requirements-dev.txt (line 41))
2025-08-20T07:35:37.3248240Z   Using cached pydoc_markdown-4.8.2-py3-none-any.whl.metadata (5.9 kB)
2025-08-20T07:35:37.3503360Z Collecting pandera==0.19.* (from -r requirements-dev.txt (line 42))
2025-08-20T07:35:37.3514841Z   Using cached pandera-0.19.3-py3-none-any.whl.metadata (15 kB)
2025-08-20T07:35:37.4452600Z Collecting MarkupSafe>=2.0 (from Jinja2==3.1.6->-r requirements-dev.txt (line 2))
2025-08-20T07:35:37.4465988Z   Using cached MarkupSafe-3.0.2-cp312-cp312-manylinux_2_17_x86_64.manylinux2014_x86_64.whl.metadata (4.0 kB)
2025-08-20T07:35:37.4701271Z Collecting Mako (from alembic==1.13.1->-r requirements-dev.txt (line 3))
2025-08-20T07:35:37.4712535Z   Using cached mako-1.3.10-py3-none-any.whl.metadata (2.9 kB)
2025-08-20T07:35:37.4864983Z Collecting typing-extensions>=4 (from alembic==1.13.1->-r requirements-dev.txt (line 3))
2025-08-20T07:35:37.4876433Z   Using cached typing_extensions-4.14.1-py3-none-any.whl.metadata (3.0 kB)
2025-08-20T07:35:37.4997272Z Collecting six>=1.4.0 (from apscheduler==3.10.4->-r requirements-dev.txt (line 4))
2025-08-20T07:35:37.5008803Z   Using cached six-1.17.0-py2.py3-none-any.whl.metadata (1.7 kB)
2025-08-20T07:35:37.5333112Z Collecting pytz (from apscheduler==3.10.4->-r requirements-dev.txt (line 4))
2025-08-20T07:35:37.5345236Z   Using cached pytz-2025.2-py2.py3-none-any.whl.metadata (22 kB)
2025-08-20T07:35:37.5488876Z Collecting tzlocal!=3.*,>=2.0 (from apscheduler==3.10.4->-r requirements-dev.txt (line 4))
2025-08-20T07:35:37.5499685Z   Using cached tzlocal-5.3.1-py3-none-any.whl.metadata (7.6 kB)
2025-08-20T07:35:37.5778767Z Collecting starlette>=0.18 (from asgi-correlation-id==4.3.1->-r requirements-dev.txt (line 5))
2025-08-20T07:35:37.5790284Z   Using cached starlette-0.47.2-py3-none-any.whl.metadata (6.2 kB)
2025-08-20T07:35:37.5971911Z Collecting click>=8.0.0 (from black==25.1.0->-r requirements-dev.txt (line 7))
2025-08-20T07:35:37.5983437Z   Using cached click-8.2.1-py3-none-any.whl.metadata (2.5 kB)
2025-08-20T07:35:37.6120848Z Collecting packaging>=22.0 (from black==25.1.0->-r requirements-dev.txt (line 7))
2025-08-20T07:35:37.6132518Z   Using cached packaging-25.0-py3-none-any.whl.metadata (3.3 kB)
2025-08-20T07:35:37.6224584Z Collecting pathspec>=0.9.0 (from black==25.1.0->-r requirements-dev.txt (line 7))
2025-08-20T07:35:37.6236044Z   Using cached pathspec-0.12.1-py3-none-any.whl.metadata (21 kB)
2025-08-20T07:35:37.6403061Z Collecting platformdirs>=2 (from black==25.1.0->-r requirements-dev.txt (line 7))
2025-08-20T07:35:37.6414716Z   Using cached platformdirs-4.3.8-py3-none-any.whl.metadata (12 kB)
2025-08-20T07:35:37.6599515Z Collecting billiard<5.0,>=4.2.1 (from celery==5.5.3->-r requirements-dev.txt (line 11))
2025-08-20T07:35:37.6611208Z   Using cached billiard-4.2.1-py3-none-any.whl.metadata (4.4 kB)
2025-08-20T07:35:37.6858134Z Collecting kombu<5.6,>=5.5.2 (from celery==5.5.3->-r requirements-dev.txt (line 11))
2025-08-20T07:35:37.6869675Z   Using cached kombu-5.5.4-py3-none-any.whl.metadata (3.5 kB)
2025-08-20T07:35:37.7008491Z Collecting vine<6.0,>=5.1.0 (from celery==5.5.3->-r requirements-dev.txt (line 11))
2025-08-20T07:35:37.7020002Z   Using cached vine-5.1.0-py3-none-any.whl.metadata (2.7 kB)
2025-08-20T07:35:37.7131323Z Collecting click-didyoumean>=0.3.0 (from celery==5.5.3->-r requirements-dev.txt (line 11))
2025-08-20T07:35:37.7142962Z   Using cached click_didyoumean-0.3.1-py3-none-any.whl.metadata (3.9 kB)
2025-08-20T07:35:37.7218052Z Collecting click-repl>=0.2.0 (from celery==5.5.3->-r requirements-dev.txt (line 11))
2025-08-20T07:35:37.7229584Z   Using cached click_repl-0.3.0-py3-none-any.whl.metadata (3.6 kB)
2025-08-20T07:35:37.7305823Z Collecting click-plugins>=1.1.1 (from celery==5.5.3->-r requirements-dev.txt (line 11))
2025-08-20T07:35:37.7317300Z   Using cached click_plugins-1.1.1.2-py2.py3-none-any.whl.metadata (6.5 kB)
2025-08-20T07:35:37.7423047Z Collecting python-dateutil>=2.8.2 (from celery==5.5.3->-r requirements-dev.txt (line 11))
2025-08-20T07:35:37.7434944Z   Using cached python_dateutil-2.9.0.post0-py2.py3-none-any.whl.metadata (8.4 kB)
2025-08-20T07:35:37.8097077Z Collecting annotated-types>=0.6.0 (from pydantic==2.11.7->-r requirements-dev.txt (line 25))
2025-08-20T07:35:37.8108818Z   Using cached annotated_types-0.7.0-py3-none-any.whl.metadata (15 kB)
2025-08-20T07:35:38.4636534Z Collecting pydantic-core==2.33.2 (from pydantic==2.11.7->-r requirements-dev.txt (line 25))
2025-08-20T07:35:38.4649829Z   Using cached pydantic_core-2.33.2-cp312-cp312-manylinux_2_17_x86_64.manylinux2014_x86_64.whl.metadata (6.8 kB)
2025-08-20T07:35:38.4773912Z Collecting typing-inspection>=0.4.0 (from pydantic==2.11.7->-r requirements-dev.txt (line 25))
2025-08-20T07:35:38.4785518Z   Using cached typing_inspection-0.4.1-py3-none-any.whl.metadata (2.6 kB)
2025-08-20T07:35:38.5016477Z Collecting et-xmlfile (from openpyxl==3.1.5->-r requirements-dev.txt (line 21))
2025-08-20T07:35:38.5028144Z   Using cached et_xmlfile-2.0.0-py3-none-any.whl.metadata (2.7 kB)
2025-08-20T07:35:38.5431174Z Collecting pytest<9,>=7.0.0 (from pytest-asyncio==0.23.6->-r requirements-dev.txt (line 27))
2025-08-20T07:35:38.5443023Z   Using cached pytest-8.4.1-py3-none-any.whl.metadata (7.7 kB)
2025-08-20T07:35:38.8515747Z Collecting coverage>=7.5 (from coverage[toml]>=7.5->pytest-cov==6.2.1->-r requirements-dev.txt (line 28))
2025-08-20T07:35:38.8529080Z   Using cached coverage-7.10.4-cp312-cp312-manylinux1_x86_64.manylinux_2_28_x86_64.manylinux_2_5_x86_64.whl.metadata (8.9 kB)
2025-08-20T07:35:38.8637979Z Collecting pluggy>=1.2 (from pytest-cov==6.2.1->-r requirements-dev.txt (line 28))
2025-08-20T07:35:38.8649190Z   Using cached pluggy-1.6.0-py3-none-any.whl.metadata (4.8 kB)
2025-08-20T07:35:38.8879200Z Collecting port-for>=0.7.3 (from pytest-postgresql==7.0.2->-r requirements-dev.txt (line 29))
2025-08-20T07:35:38.8892180Z   Using cached port_for-0.7.4-py3-none-any.whl.metadata (7.1 kB)
2025-08-20T07:35:38.9018877Z Collecting mirakuru>=2.6.0 (from pytest-postgresql==7.0.2->-r requirements-dev.txt (line 29))
2025-08-20T07:35:38.9030274Z   Using cached mirakuru-2.6.1-py3-none-any.whl.metadata (10 kB)
2025-08-20T07:35:38.9861548Z Collecting charset_normalizer<4,>=2 (from requests==2.32.4->-r requirements-dev.txt (line 33))
2025-08-20T07:35:38.9874200Z   Using cached charset_normalizer-3.4.3-cp312-cp312-manylinux2014_x86_64.manylinux_2_17_x86_64.manylinux_2_28_x86_64.whl.metadata (36 kB)
2025-08-20T07:35:39.0009262Z Collecting idna<4,>=2.5 (from requests==2.32.4->-r requirements-dev.txt (line 33))
2025-08-20T07:35:39.0020916Z   Using cached idna-3.10-py3-none-any.whl.metadata (10 kB)
2025-08-20T07:35:39.0271586Z Collecting urllib3<3,>=1.21.1 (from requests==2.32.4->-r requirements-dev.txt (line 33))
2025-08-20T07:35:39.0283318Z   Using cached urllib3-2.5.0-py3-none-any.whl.metadata (6.5 kB)
2025-08-20T07:35:39.0464709Z Collecting certifi>=2017.4.17 (from requests==2.32.4->-r requirements-dev.txt (line 33))
2025-08-20T07:35:39.0476590Z   Using cached certifi-2025.8.3-py3-none-any.whl.metadata (2.4 kB)
2025-08-20T07:35:39.2420177Z Collecting greenlet>=1 (from sqlalchemy==2.0.43->-r requirements-dev.txt (line 36))
2025-08-20T07:35:39.2434371Z   Using cached greenlet-3.2.4-cp312-cp312-manylinux_2_24_x86_64.manylinux_2_28_x86_64.whl.metadata (4.1 kB)
2025-08-20T07:35:39.2651195Z Collecting docker (from testcontainers==4.10.0->testcontainers[postgres]==4.10.0->-r requirements-dev.txt (line 38))
2025-08-20T07:35:39.2662585Z   Using cached docker-7.1.0-py3-none-any.whl.metadata (3.8 kB)
2025-08-20T07:35:39.3603144Z Collecting wrapt (from testcontainers==4.10.0->testcontainers[postgres]==4.10.0->-r requirements-dev.txt (line 38))
2025-08-20T07:35:39.3616093Z   Using cached wrapt-1.17.3-cp312-cp312-manylinux1_x86_64.manylinux_2_28_x86_64.manylinux_2_5_x86_64.whl.metadata (6.4 kB)
2025-08-20T07:35:39.3894480Z Collecting docspec==2.2.1 (from docspec-python==2.2.2->-r requirements-dev.txt (line 40))
2025-08-20T07:35:39.3905378Z   Using cached docspec-2.2.1-py3-none-any.whl.metadata (1.5 kB)
2025-08-20T07:35:39.4045792Z Collecting nr-util>=0.8.12 (from docspec-python==2.2.2->-r requirements-dev.txt (line 40))
2025-08-20T07:35:39.4056999Z   Using cached nr.util-0.8.12-py3-none-any.whl.metadata (813 bytes)
2025-08-20T07:35:39.4384195Z Collecting PyYAML<7.0,>=5.0 (from pydoc-markdown==4.8.2->-r requirements-dev.txt (line 41))
2025-08-20T07:35:39.4396948Z   Using cached PyYAML-6.0.2-cp312-cp312-manylinux_2_17_x86_64.manylinux2014_x86_64.whl.metadata (2.1 kB)
2025-08-20T07:35:39.4669618Z Collecting databind.core<5.0.0,>=4.4.0 (from pydoc-markdown==4.8.2->-r requirements-dev.txt (line 41))
2025-08-20T07:35:39.4681226Z   Using cached databind.core-4.5.2-py3-none-any.whl.metadata (1.1 kB)
2025-08-20T07:35:39.4877153Z Collecting databind.json<5.0.0,>=4.4.0 (from pydoc-markdown==4.8.2->-r requirements-dev.txt (line 41))
2025-08-20T07:35:39.4888382Z   Using cached databind.json-4.5.2-py3-none-any.whl.metadata (1.1 kB)
2025-08-20T07:35:39.5008367Z Collecting docstring-parser<0.12,>=0.11 (from pydoc-markdown==4.8.2->-r requirements-dev.txt (line 41))
2025-08-20T07:35:39.5009909Z   Using cached docstring_parser-0.11-py3-none-any.whl
2025-08-20T07:35:39.5421236Z Collecting tomli<3.0.0,>=2.0.0 (from pydoc-markdown==4.8.2->-r requirements-dev.txt (line 41))
2025-08-20T07:35:39.5432948Z   Using cached tomli-2.2.1-cp312-cp312-manylinux_2_17_x86_64.manylinux2014_x86_64.whl.metadata (11 kB)
2025-08-20T07:35:39.5516317Z Collecting tomli_w<2.0.0,>=1.0.0 (from pydoc-markdown==4.8.2->-r requirements-dev.txt (line 41))
2025-08-20T07:35:39.5527259Z   Using cached tomli_w-1.2.0-py3-none-any.whl.metadata (5.7 kB)
2025-08-20T07:35:39.5949184Z Collecting watchdog (from pydoc-markdown==4.8.2->-r requirements-dev.txt (line 41))
2025-08-20T07:35:39.5961567Z   Using cached watchdog-6.0.0-py3-none-manylinux2014_x86_64.whl.metadata (44 kB)
2025-08-20T07:35:39.6147427Z Collecting yapf>=0.30.0 (from pydoc-markdown==4.8.2->-r requirements-dev.txt (line 41))
2025-08-20T07:35:39.6158898Z   Using cached yapf-0.43.0-py3-none-any.whl.metadata (46 kB)
2025-08-20T07:35:39.6328947Z Collecting Deprecated<2.0.0,>=1.2.12 (from docspec==2.2.1->docspec-python==2.2.2->-r requirements-dev.txt (line 40))
2025-08-20T07:35:39.6340774Z   Using cached Deprecated-1.2.18-py2.py3-none-any.whl.metadata (5.7 kB)
2025-08-20T07:35:39.7815995Z Collecting psycopg-binary==3.2.9 (from psycopg[binary]==3.2.9->-r requirements-dev.txt (line 24))
2025-08-20T07:35:39.7829208Z   Using cached psycopg_binary-3.2.9-cp312-cp312-manylinux_2_17_x86_64.manylinux2014_x86_64.whl.metadata (2.9 kB)
2025-08-20T07:35:39.8121072Z Collecting argon2-cffi (from minio==7.*->-r requirements-dev.txt (line 10))
2025-08-20T07:35:39.8132536Z   Using cached argon2_cffi-25.1.0-py3-none-any.whl.metadata (4.1 kB)
2025-08-20T07:35:39.8873258Z Collecting pycryptodome (from minio==7.*->-r requirements-dev.txt (line 10))
2025-08-20T07:35:39.8882895Z   Using cached pycryptodome-3.23.0-cp37-abi3-manylinux_2_17_x86_64.manylinux2014_x86_64.whl.metadata (3.4 kB)
2025-08-20T07:35:39.9067361Z Collecting anyio (from httpx<0.29,>=0.27->-r requirements-dev.txt (line 15))
2025-08-20T07:35:39.9078956Z   Using cached anyio-4.10.0-py3-none-any.whl.metadata (4.0 kB)
2025-08-20T07:35:39.9246558Z Collecting httpcore==1.* (from httpx<0.29,>=0.27->-r requirements-dev.txt (line 15))
2025-08-20T07:35:39.9258510Z   Using cached httpcore-1.0.9-py3-none-any.whl.metadata (21 kB)
2025-08-20T07:35:39.9561503Z Collecting tzdata>=2022.7 (from pandas==2.2.*->-r requirements-dev.txt (line 22))
2025-08-20T07:35:39.9573306Z   Using cached tzdata-2025.2-py2.py3-none-any.whl.metadata (1.4 kB)
2025-08-20T07:35:39.9700629Z Collecting multimethod<=1.10.0 (from pandera==0.19.*->-r requirements-dev.txt (line 42))
2025-08-20T07:35:39.9712539Z   Using cached multimethod-1.10-py3-none-any.whl.metadata (8.2 kB)
2025-08-20T07:35:40.0050104Z Collecting typeguard (from pandera==0.19.*->-r requirements-dev.txt (line 42))
2025-08-20T07:35:40.0061844Z   Using cached typeguard-4.4.4-py3-none-any.whl.metadata (3.3 kB)
2025-08-20T07:35:40.0147356Z Collecting typing-inspect>=0.6.0 (from pandera==0.19.*->-r requirements-dev.txt (line 42))
2025-08-20T07:35:40.0158655Z   Using cached typing_inspect-0.9.0-py3-none-any.whl.metadata (1.5 kB)
2025-08-20T07:35:40.0406317Z Collecting databind<5.0.0,>=4.5.2 (from databind.core<5.0.0,>=4.4.0->pydoc-markdown==4.8.2->-r requirements-dev.txt (line 41))
2025-08-20T07:35:40.0416995Z   Using cached databind-4.5.2-py3-none-any.whl.metadata (4.3 kB)
2025-08-20T07:35:40.0513715Z Collecting nr-date<3.0.0,>=2.0.0 (from databind<5.0.0,>=4.5.2->databind.core<5.0.0,>=4.4.0->pydoc-markdown==4.8.2->-r requirements-dev.txt (line 41))
2025-08-20T07:35:40.0524179Z   Using cached nr_date-2.1.0-py3-none-any.whl.metadata (746 bytes)
2025-08-20T07:35:40.0616733Z Collecting nr-stream<2.0.0,>=1.0.0 (from databind<5.0.0,>=4.5.2->databind.core<5.0.0,>=4.4.0->pydoc-markdown==4.8.2->-r requirements-dev.txt (line 41))
2025-08-20T07:35:40.0628344Z   Using cached nr_stream-1.1.5-py3-none-any.whl.metadata (3.6 kB)
2025-08-20T07:35:40.0783169Z Collecting typeapi<3,>=2.0.1 (from databind<5.0.0,>=4.5.2->databind.core<5.0.0,>=4.4.0->pydoc-markdown==4.8.2->-r requirements-dev.txt (line 41))
2025-08-20T07:35:40.0794792Z   Using cached typeapi-2.2.4-py3-none-any.whl.metadata (1.5 kB)
2025-08-20T07:35:40.1052259Z Collecting h11>=0.16 (from httpcore==1.*->httpx<0.29,>=0.27->-r requirements-dev.txt (line 15))
2025-08-20T07:35:40.1063929Z   Using cached h11-0.16.0-py3-none-any.whl.metadata (8.3 kB)
2025-08-20T07:35:40.1266990Z Collecting amqp<6.0.0,>=5.1.1 (from kombu<5.6,>=5.5.2->celery==5.5.3->-r requirements-dev.txt (line 11))
2025-08-20T07:35:40.1278616Z   Using cached amqp-5.3.1-py3-none-any.whl.metadata (8.9 kB)
2025-08-20T07:35:40.1641081Z Collecting iniconfig>=1 (from pytest<9,>=7.0.0->pytest-asyncio==0.23.6->-r requirements-dev.txt (line 27))
2025-08-20T07:35:40.1652653Z   Using cached iniconfig-2.1.0-py3-none-any.whl.metadata (2.7 kB)
2025-08-20T07:35:40.1846839Z Collecting pygments>=2.7.2 (from pytest<9,>=7.0.0->pytest-asyncio==0.23.6->-r requirements-dev.txt (line 27))
2025-08-20T07:35:40.1858547Z   Using cached pygments-2.19.2-py3-none-any.whl.metadata (2.5 kB)
2025-08-20T07:35:40.2174200Z Collecting sniffio>=1.1 (from anyio->httpx<0.29,>=0.27->-r requirements-dev.txt (line 15))
2025-08-20T07:35:40.2185788Z   Using cached sniffio-1.3.1-py3-none-any.whl.metadata (3.9 kB)
2025-08-20T07:35:40.6513418Z Collecting botocore<1.41.0,>=1.40.13 (from boto3->-r requirements-dev.txt (line 8))
2025-08-20T07:35:40.6547805Z   Downloading botocore-1.40.13-py3-none-any.whl.metadata (5.7 kB)
2025-08-20T07:35:40.6677324Z Collecting jmespath<2.0.0,>=0.7.1 (from boto3->-r requirements-dev.txt (line 8))
2025-08-20T07:35:40.6689378Z   Using cached jmespath-1.0.1-py3-none-any.whl.metadata (7.6 kB)
2025-08-20T07:35:40.6844095Z Collecting s3transfer<0.14.0,>=0.13.0 (from boto3->-r requirements-dev.txt (line 8))
2025-08-20T07:35:40.6855814Z   Using cached s3transfer-0.13.1-py3-none-any.whl.metadata (1.7 kB)
2025-08-20T07:35:40.8891259Z Collecting fastapi-cli>=0.0.8 (from fastapi-cli[standard]>=0.0.8; extra == "all"->fastapi[all]->-r requirements-dev.txt (line 13))
2025-08-20T07:35:40.8903189Z   Using cached fastapi_cli-0.0.8-py3-none-any.whl.metadata (6.3 kB)
2025-08-20T07:35:40.9601486Z Collecting ujson!=4.0.2,!=4.1.0,!=4.2.0,!=4.3.0,!=5.0.0,!=5.1.0,>=4.0.1 (from fastapi[all]->-r requirements-dev.txt (line 13))
2025-08-20T07:35:40.9614609Z   Using cached ujson-5.10.0-cp312-cp312-manylinux_2_17_x86_64.manylinux2014_x86_64.whl.metadata (9.3 kB)
2025-08-20T07:35:41.1871797Z Collecting orjson>=3.2.1 (from fastapi[all]->-r requirements-dev.txt (line 13))
2025-08-20T07:35:41.1885322Z   Using cached orjson-3.11.2-cp312-cp312-manylinux_2_17_x86_64.manylinux2014_x86_64.whl.metadata (1.2 kB)
2025-08-20T07:35:41.1994858Z Collecting email-validator>=2.0.0 (from fastapi[all]->-r requirements-dev.txt (line 13))
2025-08-20T07:35:41.2010379Z   Using cached email_validator-2.2.0-py3-none-any.whl.metadata (25 kB)
2025-08-20T07:35:41.2277633Z Collecting uvicorn>=0.12.0 (from uvicorn[standard]>=0.12.0; extra == "all"->fastapi[all]->-r requirements-dev.txt (line 13))
2025-08-20T07:35:41.2289199Z   Using cached uvicorn-0.35.0-py3-none-any.whl.metadata (6.5 kB)
2025-08-20T07:35:41.2438314Z Collecting pydantic-settings>=2.0.0 (from fastapi[all]->-r requirements-dev.txt (line 13))
2025-08-20T07:35:41.2449893Z   Using cached pydantic_settings-2.10.1-py3-none-any.whl.metadata (3.4 kB)
2025-08-20T07:35:41.2564528Z Collecting pydantic-extra-types>=2.0.0 (from fastapi[all]->-r requirements-dev.txt (line 13))
2025-08-20T07:35:41.2576229Z   Using cached pydantic_extra_types-2.10.5-py3-none-any.whl.metadata (3.9 kB)
2025-08-20T07:35:41.3227612Z Collecting prompt-toolkit>=3.0.36 (from click-repl>=0.2.0->celery==5.5.3->-r requirements-dev.txt (line 11))
2025-08-20T07:35:41.3239697Z   Using cached prompt_toolkit-3.0.51-py3-none-any.whl.metadata (6.4 kB)
2025-08-20T07:35:41.3412793Z Collecting dnspython>=2.0.0 (from email-validator>=2.0.0->fastapi[all]->-r requirements-dev.txt (line 13))
2025-08-20T07:35:41.3424470Z   Using cached dnspython-2.7.0-py3-none-any.whl.metadata (5.8 kB)
2025-08-20T07:35:41.3711701Z Collecting typer>=0.15.1 (from fastapi-cli>=0.0.8->fastapi-cli[standard]>=0.0.8; extra == "all"->fastapi[all]->-r requirements-dev.txt (line 13))
2025-08-20T07:35:41.3725455Z   Using cached typer-0.16.1-py3-none-any.whl.metadata (15 kB)
2025-08-20T07:35:41.3986201Z Collecting rich-toolkit>=0.14.8 (from fastapi-cli>=0.0.8->fastapi-cli[standard]>=0.0.8; extra == "all"->fastapi[all]->-r requirements-dev.txt (line 13))
2025-08-20T07:35:41.3998020Z   Using cached rich_toolkit-0.15.0-py3-none-any.whl.metadata (1.0 kB)
2025-08-20T07:35:41.4108007Z Collecting fastapi-cloud-cli>=0.1.1 (from fastapi-cli[standard]>=0.0.8; extra == "all"->fastapi[all]->-r requirements-dev.txt (line 13))
2025-08-20T07:35:41.4119608Z   Using cached fastapi_cloud_cli-0.1.5-py3-none-any.whl.metadata (3.2 kB)
2025-08-20T07:35:41.4829878Z Collecting rignore>=0.5.1 (from fastapi-cloud-cli>=0.1.1->fastapi-cli[standard]>=0.0.8; extra == "all"->fastapi[all]->-r requirements-dev.txt (line 13))
2025-08-20T07:35:41.4842104Z   Using cached rignore-0.6.4-cp312-cp312-manylinux_2_17_x86_64.manylinux2014_x86_64.whl.metadata (3.8 kB)
2025-08-20T07:35:41.5691293Z Collecting sentry-sdk>=2.20.0 (from fastapi-cloud-cli>=0.1.1->fastapi-cli[standard]>=0.0.8; extra == "all"->fastapi[all]->-r requirements-dev.txt (line 13))
2025-08-20T07:35:41.5702553Z   Using cached sentry_sdk-2.35.0-py2.py3-none-any.whl.metadata (10 kB)
2025-08-20T07:35:41.6602529Z Collecting psutil>=4.0.0 (from mirakuru>=2.6.0->pytest-postgresql==7.0.2->-r requirements-dev.txt (line 29))
2025-08-20T07:35:41.6616077Z   Using cached psutil-7.0.0-cp36-abi3-manylinux_2_12_x86_64.manylinux2010_x86_64.manylinux_2_17_x86_64.manylinux2014_x86_64.whl.metadata (22 kB)
2025-08-20T07:35:41.6925076Z Collecting wcwidth (from prompt-toolkit>=3.0.36->click-repl>=0.2.0->celery==5.5.3->-r requirements-dev.txt (line 11))
2025-08-20T07:35:41.6935558Z   Using cached wcwidth-0.2.13-py2.py3-none-any.whl.metadata (14 kB)
2025-08-20T07:35:41.8173945Z Collecting rich>=13.7.1 (from rich-toolkit>=0.14.8->fastapi-cli>=0.0.8->fastapi-cli[standard]>=0.0.8; extra == "all"->fastapi[all]->-r requirements-dev.txt (line 13))
2025-08-20T07:35:41.8185064Z   Using cached rich-14.1.0-py3-none-any.whl.metadata (18 kB)
2025-08-20T07:35:41.8355737Z Collecting markdown-it-py>=2.2.0 (from rich>=13.7.1->rich-toolkit>=0.14.8->fastapi-cli>=0.0.8->fastapi-cli[standard]>=0.0.8; extra == "all"->fastapi[all]->-r requirements-dev.txt (line 13))
2025-08-20T07:35:41.8366578Z   Using cached markdown_it_py-4.0.0-py3-none-any.whl.metadata (7.3 kB)
2025-08-20T07:35:41.8555854Z Collecting mdurl~=0.1 (from markdown-it-py>=2.2.0->rich>=13.7.1->rich-toolkit>=0.14.8->fastapi-cli>=0.0.8->fastapi-cli[standard]>=0.0.8; extra == "all"->fastapi[all]->-r requirements-dev.txt (line 13))
2025-08-20T07:35:41.8567351Z   Using cached mdurl-0.1.2-py3-none-any.whl.metadata (1.6 kB)
2025-08-20T07:35:41.9053675Z Collecting shellingham>=1.3.0 (from typer>=0.15.1->fastapi-cli>=0.0.8->fastapi-cli[standard]>=0.0.8; extra == "all"->fastapi[all]->-r requirements-dev.txt (line 13))
2025-08-20T07:35:41.9064701Z   Using cached shellingham-1.5.4-py2.py3-none-any.whl.metadata (3.5 kB)
2025-08-20T07:35:41.9852457Z Collecting httptools>=0.6.3 (from uvicorn[standard]>=0.12.0; extra == "all"->fastapi[all]->-r requirements-dev.txt (line 13))
2025-08-20T07:35:41.9864459Z   Using cached httptools-0.6.4-cp312-cp312-manylinux_2_5_x86_64.manylinux1_x86_64.manylinux_2_17_x86_64.manylinux2014_x86_64.whl.metadata (3.6 kB)
2025-08-20T07:35:42.0267235Z Collecting uvloop>=0.15.1 (from uvicorn[standard]>=0.12.0; extra == "all"->fastapi[all]->-r requirements-dev.txt (line 13))
2025-08-20T07:35:42.0279905Z   Using cached uvloop-0.21.0-cp312-cp312-manylinux_2_17_x86_64.manylinux2014_x86_64.whl.metadata (4.9 kB)
2025-08-20T07:35:42.0970633Z Collecting watchfiles>=0.13 (from uvicorn[standard]>=0.12.0; extra == "all"->fastapi[all]->-r requirements-dev.txt (line 13))
2025-08-20T07:35:42.0983209Z   Using cached watchfiles-1.1.0-cp312-cp312-manylinux_2_17_x86_64.manylinux2014_x86_64.whl.metadata (4.9 kB)
2025-08-20T07:35:42.2938023Z Collecting websockets>=10.4 (from uvicorn[standard]>=0.12.0; extra == "all"->fastapi[all]->-r requirements-dev.txt (line 13))
2025-08-20T07:35:42.2951750Z   Using cached websockets-15.0.1-cp312-cp312-manylinux_2_5_x86_64.manylinux1_x86_64.manylinux_2_17_x86_64.manylinux2014_x86_64.whl.metadata (6.8 kB)
2025-08-20T07:35:42.3402274Z Collecting argon2-cffi-bindings (from argon2-cffi->minio==7.*->-r requirements-dev.txt (line 10))
2025-08-20T07:35:42.3413991Z   Using cached argon2_cffi_bindings-25.1.0-cp39-abi3-manylinux_2_26_x86_64.manylinux_2_28_x86_64.whl.metadata (7.4 kB)
2025-08-20T07:35:42.4413141Z Collecting cffi>=1.0.1 (from argon2-cffi-bindings->argon2-cffi->minio==7.*->-r requirements-dev.txt (line 10))
2025-08-20T07:35:42.4425870Z   Using cached cffi-1.17.1-cp312-cp312-manylinux_2_17_x86_64.manylinux2014_x86_64.whl.metadata (1.5 kB)
2025-08-20T07:35:42.4542366Z Collecting pycparser (from cffi>=1.0.1->argon2-cffi-bindings->argon2-cffi->minio==7.*->-r requirements-dev.txt (line 10))
2025-08-20T07:35:42.4554392Z   Using cached pycparser-2.22-py3-none-any.whl.metadata (943 bytes)
2025-08-20T07:35:42.5151321Z Using cached jinja2-3.1.6-py3-none-any.whl (134 kB)
2025-08-20T07:35:42.5163628Z Using cached alembic-1.13.1-py3-none-any.whl (233 kB)
2025-08-20T07:35:42.5176450Z Using cached APScheduler-3.10.4-py3-none-any.whl (59 kB)
2025-08-20T07:35:42.5187850Z Using cached asgi_correlation_id-4.3.1-py3-none-any.whl (15 kB)
2025-08-20T07:35:42.5199139Z Using cached asyncpg-0.30.0-cp312-cp312-manylinux_2_17_x86_64.manylinux2014_x86_64.whl (3.6 MB)
2025-08-20T07:35:42.5237444Z Using cached black-25.1.0-cp312-cp312-manylinux_2_17_x86_64.manylinux2014_x86_64.manylinux_2_28_x86_64.whl (1.8 MB)
2025-08-20T07:35:42.5261896Z Using cached celery-5.5.3-py3-none-any.whl (438 kB)
2025-08-20T07:35:42.5275607Z Using cached fastapi-0.116.1-py3-none-any.whl (95 kB)
2025-08-20T07:35:42.5287184Z Using cached pydantic-2.11.7-py3-none-any.whl (444 kB)
2025-08-20T07:35:42.5300955Z Using cached fastapi_limiter-0.1.6-py3-none-any.whl (15 kB)
2025-08-20T07:35:42.5312420Z Using cached IMAPClient-3.0.1-py2.py3-none-any.whl (182 kB)
2025-08-20T07:35:42.5324451Z Using cached mypy_extensions-1.1.0-py3-none-any.whl (5.0 kB)
2025-08-20T07:35:42.5335445Z Using cached openpyxl-3.1.5-py2.py3-none-any.whl (250 kB)
2025-08-20T07:35:42.5348680Z Using cached psycopg2_binary-2.9.10-cp312-cp312-manylinux_2_17_x86_64.manylinux2014_x86_64.whl (3.0 MB)
2025-08-20T07:35:42.5382259Z Using cached psycopg-3.2.9-py3-none-any.whl (202 kB)
2025-08-20T07:35:42.5394746Z Using cached pytest_asyncio-0.23.6-py3-none-any.whl (17 kB)
2025-08-20T07:35:42.5406015Z Using cached pytest_cov-6.2.1-py3-none-any.whl (24 kB)
2025-08-20T07:35:42.5417217Z Using cached pytest_postgresql-7.0.2-py3-none-any.whl (41 kB)
2025-08-20T07:35:42.5428542Z Using cached python_telegram_bot-22.3-py3-none-any.whl (717 kB)
2025-08-20T07:35:42.5444805Z Using cached requests-2.32.4-py3-none-any.whl (64 kB)
2025-08-20T07:35:42.5456147Z Using cached respx-0.22.0-py2.py3-none-any.whl (25 kB)
2025-08-20T07:35:42.5467778Z Using cached ruff-0.4.4-py3-none-manylinux_2_17_x86_64.manylinux2014_x86_64.whl (8.7 MB)
2025-08-20T07:35:42.5541038Z Using cached sqlalchemy-2.0.43-cp312-cp312-manylinux_2_17_x86_64.manylinux2014_x86_64.whl (3.3 MB)
2025-08-20T07:35:42.5575360Z Using cached structlog-24.1.0-py3-none-any.whl (65 kB)
2025-08-20T07:35:42.5586934Z Using cached testcontainers-4.10.0-py3-none-any.whl (107 kB)
2025-08-20T07:35:42.5598827Z Using cached types_requests-2.32.4.20250809-py3-none-any.whl (20 kB)
2025-08-20T07:35:42.5610106Z Using cached docspec_python-2.2.2-py3-none-any.whl (15 kB)
2025-08-20T07:35:42.5621672Z Using cached pydoc_markdown-4.8.2-py3-none-any.whl (67 kB)
2025-08-20T07:35:42.5633029Z Using cached docspec-2.2.1-py3-none-any.whl (9.8 kB)
2025-08-20T07:35:42.5644626Z Using cached psycopg_binary-3.2.9-cp312-cp312-manylinux_2_17_x86_64.manylinux2014_x86_64.whl (4.4 MB)
2025-08-20T07:35:42.5688578Z Using cached pydantic_core-2.33.2-cp312-cp312-manylinux_2_17_x86_64.manylinux2014_x86_64.whl (2.0 MB)
2025-08-20T07:35:42.5714086Z Using cached redis-6.4.0-py3-none-any.whl (279 kB)
2025-08-20T07:35:42.5727140Z Using cached minio-7.2.16-py3-none-any.whl (95 kB)
2025-08-20T07:35:42.5739062Z Using cached httpx-0.28.1-py3-none-any.whl (73 kB)
2025-08-20T07:35:42.5751304Z Using cached mypy-1.17.1-cp312-cp312-manylinux2014_x86_64.manylinux_2_17_x86_64.manylinux_2_28_x86_64.whl (12.7 MB)
2025-08-20T07:35:42.5853639Z Using cached numpy-1.26.4-cp312-cp312-manylinux_2_17_x86_64.manylinux2014_x86_64.whl (18.0 MB)
2025-08-20T07:35:42.5992580Z Using cached pandas-2.2.3-cp312-cp312-manylinux_2_17_x86_64.manylinux2014_x86_64.whl (12.7 MB)
2025-08-20T07:35:42.6094027Z Using cached pandera-0.19.3-py3-none-any.whl (251 kB)
2025-08-20T07:35:42.6106715Z Using cached billiard-4.2.1-py3-none-any.whl (86 kB)
2025-08-20T07:35:42.6119097Z Using cached charset_normalizer-3.4.3-cp312-cp312-manylinux2014_x86_64.manylinux_2_17_x86_64.manylinux_2_28_x86_64.whl (151 kB)
2025-08-20T07:35:42.6132012Z Using cached click-8.2.1-py3-none-any.whl (102 kB)
2025-08-20T07:35:42.6143894Z Using cached databind.core-4.5.2-py3-none-any.whl (1.5 kB)
2025-08-20T07:35:42.6154898Z Using cached databind-4.5.2-py3-none-any.whl (49 kB)
2025-08-20T07:35:42.6166265Z Using cached databind.json-4.5.2-py3-none-any.whl (1.5 kB)
2025-08-20T07:35:42.6177532Z Using cached Deprecated-1.2.18-py2.py3-none-any.whl (10.0 kB)
2025-08-20T07:35:42.6188687Z Using cached httpcore-1.0.9-py3-none-any.whl (78 kB)
2025-08-20T07:35:42.6200202Z Using cached idna-3.10-py3-none-any.whl (70 kB)
2025-08-20T07:35:42.6212041Z Using cached kombu-5.5.4-py3-none-any.whl (210 kB)
2025-08-20T07:35:42.6224588Z Using cached vine-5.1.0-py3-none-any.whl (9.6 kB)
2025-08-20T07:35:42.6235586Z Using cached amqp-5.3.1-py3-none-any.whl (50 kB)
2025-08-20T07:35:42.6246934Z Using cached multimethod-1.10-py3-none-any.whl (9.9 kB)
2025-08-20T07:35:42.6257866Z Using cached nr_date-2.1.0-py3-none-any.whl (10 kB)
2025-08-20T07:35:42.6268977Z Using cached nr_stream-1.1.5-py3-none-any.whl (10 kB)
2025-08-20T07:35:42.6280026Z Using cached nr.util-0.8.12-py3-none-any.whl (90 kB)
2025-08-20T07:35:42.6291928Z Using cached pytest-8.4.1-py3-none-any.whl (365 kB)
2025-08-20T07:35:42.6305523Z Using cached pluggy-1.6.0-py3-none-any.whl (20 kB)
2025-08-20T07:35:42.6317521Z Using cached PyYAML-6.0.2-cp312-cp312-manylinux_2_17_x86_64.manylinux2014_x86_64.whl (767 kB)
2025-08-20T07:35:42.6333893Z Using cached starlette-0.47.2-py3-none-any.whl (72 kB)
2025-08-20T07:35:42.6345482Z Using cached anyio-4.10.0-py3-none-any.whl (107 kB)
2025-08-20T07:35:42.6357562Z Using cached tomli-2.2.1-cp312-cp312-manylinux_2_17_x86_64.manylinux2014_x86_64.whl (242 kB)
2025-08-20T07:35:42.6370584Z Using cached tomli_w-1.2.0-py3-none-any.whl (6.7 kB)
2025-08-20T07:35:42.6381866Z Using cached typeapi-2.2.4-py3-none-any.whl (26 kB)
2025-08-20T07:35:42.6393617Z Using cached typing_extensions-4.14.1-py3-none-any.whl (43 kB)
2025-08-20T07:35:42.6405359Z Using cached urllib3-2.5.0-py3-none-any.whl (129 kB)
2025-08-20T07:35:42.6417853Z Using cached wrapt-1.17.3-cp312-cp312-manylinux1_x86_64.manylinux_2_28_x86_64.manylinux_2_5_x86_64.whl (88 kB)
2025-08-20T07:35:42.6450914Z Downloading boto3-1.40.13-py3-none-any.whl (140 kB)
2025-08-20T07:35:42.6608936Z Downloading botocore-1.40.13-py3-none-any.whl (14.0 MB)
2025-08-20T07:35:42.8001662Z    ━━━━━━━━━━━━━━━━━━━━━━━━━━━━━━━━━━━━━━━━ 14.0/14.0 MB 103.9 MB/s  0:00:00
2025-08-20T07:35:42.8015339Z Using cached jmespath-1.0.1-py3-none-any.whl (20 kB)
2025-08-20T07:35:42.8027454Z Using cached python_dateutil-2.9.0.post0-py2.py3-none-any.whl (229 kB)
2025-08-20T07:35:42.8040006Z Using cached s3transfer-0.13.1-py3-none-any.whl (85 kB)
2025-08-20T07:35:42.8051826Z Using cached itsdangerous-2.2.0-py3-none-any.whl (16 kB)
2025-08-20T07:35:42.8063018Z Using cached setuptools-80.9.0-py3-none-any.whl (1.2 MB)
2025-08-20T07:35:42.8083020Z Using cached python_dotenv-1.1.1-py3-none-any.whl (20 kB)
2025-08-20T07:35:42.8094074Z Using cached python_multipart-0.0.20-py3-none-any.whl (24 kB)
2025-08-20T07:35:42.8104937Z Using cached annotated_types-0.7.0-py3-none-any.whl (13 kB)
2025-08-20T07:35:42.8117174Z Using cached certifi-2025.8.3-py3-none-any.whl (161 kB)
2025-08-20T07:35:42.8129166Z Using cached click_didyoumean-0.3.1-py3-none-any.whl (3.6 kB)
2025-08-20T07:35:42.8139974Z Using cached click_plugins-1.1.1.2-py2.py3-none-any.whl (11 kB)
2025-08-20T07:35:42.8151375Z Using cached click_repl-0.3.0-py3-none-any.whl (10 kB)
2025-08-20T07:35:42.8162586Z Using cached coverage-7.10.4-cp312-cp312-manylinux1_x86_64.manylinux_2_28_x86_64.manylinux_2_5_x86_64.whl (251 kB)
2025-08-20T07:35:42.8174510Z Using cached email_validator-2.2.0-py3-none-any.whl (33 kB)
2025-08-20T07:35:42.8185394Z Using cached dnspython-2.7.0-py3-none-any.whl (313 kB)
2025-08-20T07:35:42.8198120Z Using cached fastapi_cli-0.0.8-py3-none-any.whl (10 kB)
2025-08-20T07:35:42.8208761Z Using cached fastapi_cloud_cli-0.1.5-py3-none-any.whl (18 kB)
2025-08-20T07:35:42.8219830Z Using cached greenlet-3.2.4-cp312-cp312-manylinux_2_24_x86_64.manylinux_2_28_x86_64.whl (607 kB)
2025-08-20T07:35:42.8234664Z Using cached h11-0.16.0-py3-none-any.whl (37 kB)
2025-08-20T07:35:42.8245572Z Using cached iniconfig-2.1.0-py3-none-any.whl (6.0 kB)
2025-08-20T07:35:42.8256548Z Using cached MarkupSafe-3.0.2-cp312-cp312-manylinux_2_17_x86_64.manylinux2014_x86_64.whl (23 kB)
2025-08-20T07:35:42.8267148Z Using cached mirakuru-2.6.1-py3-none-any.whl (26 kB)
2025-08-20T07:35:42.8278585Z Using cached orjson-3.11.2-cp312-cp312-manylinux_2_17_x86_64.manylinux2014_x86_64.whl (121 kB)
2025-08-20T07:35:42.8290236Z Using cached packaging-25.0-py3-none-any.whl (66 kB)
2025-08-20T07:35:42.8301465Z Using cached pathspec-0.12.1-py3-none-any.whl (31 kB)
2025-08-20T07:35:42.8312605Z Using cached platformdirs-4.3.8-py3-none-any.whl (18 kB)
2025-08-20T07:35:42.8323168Z Using cached port_for-0.7.4-py3-none-any.whl (21 kB)
2025-08-20T07:35:42.8334018Z Using cached prompt_toolkit-3.0.51-py3-none-any.whl (387 kB)
2025-08-20T07:35:42.8348158Z Using cached psutil-7.0.0-cp36-abi3-manylinux_2_12_x86_64.manylinux2010_x86_64.manylinux_2_17_x86_64.manylinux2014_x86_64.whl (277 kB)
2025-08-20T07:35:42.8360597Z Using cached pydantic_extra_types-2.10.5-py3-none-any.whl (38 kB)
2025-08-20T07:35:42.8371907Z Using cached pydantic_settings-2.10.1-py3-none-any.whl (45 kB)
2025-08-20T07:35:42.8383024Z Using cached pygments-2.19.2-py3-none-any.whl (1.2 MB)
2025-08-20T07:35:42.8402354Z Using cached pytz-2025.2-py2.py3-none-any.whl (509 kB)
2025-08-20T07:35:42.8416406Z Using cached rich_toolkit-0.15.0-py3-none-any.whl (29 kB)
2025-08-20T07:35:42.8427314Z Using cached rich-14.1.0-py3-none-any.whl (243 kB)
2025-08-20T07:35:42.8440298Z Using cached markdown_it_py-4.0.0-py3-none-any.whl (87 kB)
2025-08-20T07:35:42.8451712Z Using cached mdurl-0.1.2-py3-none-any.whl (10.0 kB)
2025-08-20T07:35:42.8462854Z Using cached rignore-0.6.4-cp312-cp312-manylinux_2_17_x86_64.manylinux2014_x86_64.whl (949 kB)
2025-08-20T07:35:42.8480147Z Using cached sentry_sdk-2.35.0-py2.py3-none-any.whl (363 kB)
2025-08-20T07:35:42.8493657Z Using cached six-1.17.0-py2.py3-none-any.whl (11 kB)
2025-08-20T07:35:42.8504389Z Using cached sniffio-1.3.1-py3-none-any.whl (10 kB)
2025-08-20T07:35:42.8515026Z Using cached typer-0.16.1-py3-none-any.whl (46 kB)
2025-08-20T07:35:42.8526037Z Using cached shellingham-1.5.4-py2.py3-none-any.whl (9.8 kB)
2025-08-20T07:35:42.8536581Z Using cached typing_inspect-0.9.0-py3-none-any.whl (8.8 kB)
2025-08-20T07:35:42.8547387Z Using cached typing_inspection-0.4.1-py3-none-any.whl (14 kB)
2025-08-20T07:35:42.8558197Z Using cached tzdata-2025.2-py2.py3-none-any.whl (347 kB)
2025-08-20T07:35:42.8571438Z Using cached tzlocal-5.3.1-py3-none-any.whl (18 kB)
2025-08-20T07:35:42.8582823Z Using cached ujson-5.10.0-cp312-cp312-manylinux_2_17_x86_64.manylinux2014_x86_64.whl (53 kB)
2025-08-20T07:35:42.8593853Z Using cached uvicorn-0.35.0-py3-none-any.whl (66 kB)
2025-08-20T07:35:42.8605663Z Using cached httptools-0.6.4-cp312-cp312-manylinux_2_5_x86_64.manylinux1_x86_64.manylinux_2_17_x86_64.manylinux2014_x86_64.whl (510 kB)
2025-08-20T07:35:42.8619865Z Using cached uvloop-0.21.0-cp312-cp312-manylinux_2_17_x86_64.manylinux2014_x86_64.whl (4.7 MB)
2025-08-20T07:35:42.8664841Z Using cached watchfiles-1.1.0-cp312-cp312-manylinux_2_17_x86_64.manylinux2014_x86_64.whl (452 kB)
2025-08-20T07:35:42.8679082Z Using cached websockets-15.0.1-cp312-cp312-manylinux_2_5_x86_64.manylinux1_x86_64.manylinux_2_17_x86_64.manylinux2014_x86_64.whl (182 kB)
2025-08-20T07:35:42.8690659Z Using cached yapf-0.43.0-py3-none-any.whl (256 kB)
2025-08-20T07:35:42.8703152Z Using cached argon2_cffi-25.1.0-py3-none-any.whl (14 kB)
2025-08-20T07:35:42.8714574Z Using cached argon2_cffi_bindings-25.1.0-cp39-abi3-manylinux_2_26_x86_64.manylinux_2_28_x86_64.whl (87 kB)
2025-08-20T07:35:42.8726325Z Using cached cffi-1.17.1-cp312-cp312-manylinux_2_17_x86_64.manylinux2014_x86_64.whl (479 kB)
2025-08-20T07:35:42.8740041Z Using cached docker-7.1.0-py3-none-any.whl (147 kB)
2025-08-20T07:35:42.8752330Z Using cached et_xmlfile-2.0.0-py3-none-any.whl (18 kB)
2025-08-20T07:35:42.8763149Z Using cached mako-1.3.10-py3-none-any.whl (78 kB)
2025-08-20T07:35:42.8774287Z Using cached pycparser-2.22-py3-none-any.whl (117 kB)
2025-08-20T07:35:42.8786159Z Using cached pycryptodome-3.23.0-cp37-abi3-manylinux_2_17_x86_64.manylinux2014_x86_64.whl (2.3 MB)
2025-08-20T07:35:42.8813118Z Using cached typeguard-4.4.4-py3-none-any.whl (34 kB)
2025-08-20T07:35:42.8824544Z Using cached watchdog-6.0.0-py3-none-manylinux2014_x86_64.whl (79 kB)
2025-08-20T07:35:42.8835679Z Using cached wcwidth-0.2.13-py2.py3-none-any.whl (34 kB)
2025-08-20T07:35:43.3529342Z Installing collected packages: wcwidth, pytz, wrapt, websockets, watchdog, vine, uvloop, urllib3, ujson, tzlocal, tzdata, typing-extensions, tomli_w, tomli, structlog, sniffio, six, shellingham, setuptools, ruff, rignore, redis, PyYAML, python-multipart, python-dotenv, pygments, pycryptodome, pycparser, psycopg2-binary, psycopg-binary, psutil, prompt-toolkit, port-for, pluggy, platformdirs, pathspec, packaging, orjson, numpy, nr-stream, nr-date, mypy-extensions, multimethod, mdurl, MarkupSafe, jmespath, itsdangerous, iniconfig, imapclient, idna, httptools, h11, greenlet, et-xmlfile, docstring-parser, dnspython, coverage, click, charset_normalizer, certifi, billiard, asyncpg, annotated-types, yapf, uvicorn, typing-inspection, typing-inspect, types-requests, typeguard, typeapi, sqlalchemy, sentry-sdk, requests, python-dateutil, pytest, pydantic-core, psycopg, openpyxl, mypy, mirakuru, markdown-it-py, Mako, Jinja2, httpcore, email-validator, Deprecated, click-repl, click-plugins, click-didyoumean, cffi, black, apscheduler, anyio, amqp, watchfiles, starlette, rich, pytest-postgresql, pytest-cov, pytest-asyncio, pydantic, pandas, nr-util, kombu, httpx, docker, databind, botocore, argon2-cffi-bindings, alembic, typer, testcontainers, s3transfer, rich-toolkit, respx, python-telegram-bot, pydantic-settings, pydantic-extra-types, pandera, fastapi, databind.json, databind.core, celery, asgi-correlation-id, argon2-cffi, minio, fastapi-limiter, fastapi-cloud-cli, fastapi-cli, docspec, boto3, docspec-python, pydoc-markdown
2025-08-20T07:36:02.3157975Z 
2025-08-20T07:36:02.3278267Z Successfully installed Deprecated-1.2.18 Jinja2-3.1.6 Mako-1.3.10 MarkupSafe-3.0.2 PyYAML-6.0.2 alembic-1.13.1 amqp-5.3.1 annotated-types-0.7.0 anyio-4.10.0 apscheduler-3.10.4 argon2-cffi-25.1.0 argon2-cffi-bindings-25.1.0 asgi-correlation-id-4.3.1 asyncpg-0.30.0 billiard-4.2.1 black-25.1.0 boto3-1.40.13 botocore-1.40.13 celery-5.5.3 certifi-2025.8.3 cffi-1.17.1 charset_normalizer-3.4.3 click-8.2.1 click-didyoumean-0.3.1 click-plugins-1.1.1.2 click-repl-0.3.0 coverage-7.10.4 databind-4.5.2 databind.core-4.5.2 databind.json-4.5.2 dnspython-2.7.0 docker-7.1.0 docspec-2.2.1 docspec-python-2.2.2 docstring-parser-0.11 email-validator-2.2.0 et-xmlfile-2.0.0 fastapi-0.116.1 fastapi-cli-0.0.8 fastapi-cloud-cli-0.1.5 fastapi-limiter-0.1.6 greenlet-3.2.4 h11-0.16.0 httpcore-1.0.9 httptools-0.6.4 httpx-0.28.1 idna-3.10 imapclient-3.0.1 iniconfig-2.1.0 itsdangerous-2.2.0 jmespath-1.0.1 kombu-5.5.4 markdown-it-py-4.0.0 mdurl-0.1.2 minio-7.2.16 mirakuru-2.6.1 multimethod-1.10 mypy-1.17.1 mypy-extensions-1.1.0 nr-date-2.1.0 nr-stream-1.1.5 nr-util-0.8.12 numpy-1.26.4 openpyxl-3.1.5 orjson-3.11.2 packaging-25.0 pandas-2.2.3 pandera-0.19.3 pathspec-0.12.1 platformdirs-4.3.8 pluggy-1.6.0 port-for-0.7.4 prompt-toolkit-3.0.51 psutil-7.0.0 psycopg-3.2.9 psycopg-binary-3.2.9 psycopg2-binary-2.9.10 pycparser-2.22 pycryptodome-3.23.0 pydantic-2.11.7 pydantic-core-2.33.2 pydantic-extra-types-2.10.5 pydantic-settings-2.10.1 pydoc-markdown-4.8.2 pygments-2.19.2 pytest-8.4.1 pytest-asyncio-0.23.6 pytest-cov-6.2.1 pytest-postgresql-7.0.2 python-dateutil-2.9.0.post0 python-dotenv-1.1.1 python-multipart-0.0.20 python-telegram-bot-22.3 pytz-2025.2 redis-6.4.0 requests-2.32.4 respx-0.22.0 rich-14.1.0 rich-toolkit-0.15.0 rignore-0.6.4 ruff-0.4.4 s3transfer-0.13.1 sentry-sdk-2.35.0 setuptools-80.9.0 shellingham-1.5.4 six-1.17.0 sniffio-1.3.1 sqlalchemy-2.0.43 starlette-0.47.2 structlog-24.1.0 testcontainers-4.10.0 tomli-2.2.1 tomli_w-1.2.0 typeapi-2.2.4 typeguard-4.4.4 typer-0.16.1 types-requests-2.32.4.20250809 typing-extensions-4.14.1 typing-inspect-0.9.0 typing-inspection-0.4.1 tzdata-2025.2 tzlocal-5.3.1 ujson-5.10.0 urllib3-2.5.0 uvicorn-0.35.0 uvloop-0.21.0 vine-5.1.0 watchdog-6.0.0 watchfiles-1.1.0 wcwidth-0.2.13 websockets-15.0.1 wrapt-1.17.3 yapf-0.43.0
2025-08-20T07:36:04.1111205Z Collecting keepa==1.3.15
2025-08-20T07:36:04.1124232Z   Using cached keepa-1.3.15-py3-none-any.whl.metadata (11 kB)
2025-08-20T07:36:04.1385612Z Collecting minio==7.1.15
2025-08-20T07:36:04.1397349Z   Using cached minio-7.1.15-py3-none-any.whl.metadata (4.2 kB)
2025-08-20T07:36:04.1424349Z Requirement already satisfied: numpy>=1.9.3 in /opt/hostedtoolcache/Python/3.12.11/x64/lib/python3.12/site-packages (from keepa==1.3.15) (1.26.4)
2025-08-20T07:36:04.1429997Z Requirement already satisfied: requests>=2.2 in /opt/hostedtoolcache/Python/3.12.11/x64/lib/python3.12/site-packages (from keepa==1.3.15) (2.32.4)
2025-08-20T07:36:04.1733233Z Collecting tqdm (from keepa==1.3.15)
2025-08-20T07:36:04.1744984Z   Using cached tqdm-4.67.1-py3-none-any.whl.metadata (57 kB)
2025-08-20T07:36:04.6473758Z Collecting aiohttp (from keepa==1.3.15)
2025-08-20T07:36:04.6487410Z   Using cached aiohttp-3.12.15-cp312-cp312-manylinux_2_17_x86_64.manylinux2014_x86_64.whl.metadata (7.7 kB)
2025-08-20T07:36:04.6522619Z Requirement already satisfied: pandas<=3.0 in /opt/hostedtoolcache/Python/3.12.11/x64/lib/python3.12/site-packages (from keepa==1.3.15) (2.2.3)
2025-08-20T07:36:04.6527108Z Requirement already satisfied: pydantic in /opt/hostedtoolcache/Python/3.12.11/x64/lib/python3.12/site-packages (from keepa==1.3.15) (2.11.7)
2025-08-20T07:36:04.6536000Z Requirement already satisfied: certifi in /opt/hostedtoolcache/Python/3.12.11/x64/lib/python3.12/site-packages (from minio==7.1.15) (2025.8.3)
2025-08-20T07:36:04.6539711Z Requirement already satisfied: urllib3 in /opt/hostedtoolcache/Python/3.12.11/x64/lib/python3.12/site-packages (from minio==7.1.15) (2.5.0)
2025-08-20T07:36:04.6594966Z Requirement already satisfied: python-dateutil>=2.8.2 in /opt/hostedtoolcache/Python/3.12.11/x64/lib/python3.12/site-packages (from pandas<=3.0->keepa==1.3.15) (2.9.0.post0)
2025-08-20T07:36:04.6600184Z Requirement already satisfied: pytz>=2020.1 in /opt/hostedtoolcache/Python/3.12.11/x64/lib/python3.12/site-packages (from pandas<=3.0->keepa==1.3.15) (2025.2)
2025-08-20T07:36:04.6605706Z Requirement already satisfied: tzdata>=2022.7 in /opt/hostedtoolcache/Python/3.12.11/x64/lib/python3.12/site-packages (from pandas<=3.0->keepa==1.3.15) (2025.2)
2025-08-20T07:36:04.6726336Z Requirement already satisfied: six>=1.5 in /opt/hostedtoolcache/Python/3.12.11/x64/lib/python3.12/site-packages (from python-dateutil>=2.8.2->pandas<=3.0->keepa==1.3.15) (1.17.0)
2025-08-20T07:36:04.6745365Z Requirement already satisfied: charset_normalizer<4,>=2 in /opt/hostedtoolcache/Python/3.12.11/x64/lib/python3.12/site-packages (from requests>=2.2->keepa==1.3.15) (3.4.3)
2025-08-20T07:36:04.6751872Z Requirement already satisfied: idna<4,>=2.5 in /opt/hostedtoolcache/Python/3.12.11/x64/lib/python3.12/site-packages (from requests>=2.2->keepa==1.3.15) (3.10)
2025-08-20T07:36:04.6930951Z Collecting aiohappyeyeballs>=2.5.0 (from aiohttp->keepa==1.3.15)
2025-08-20T07:36:04.6943090Z   Using cached aiohappyeyeballs-2.6.1-py3-none-any.whl.metadata (5.9 kB)
2025-08-20T07:36:04.7027742Z Collecting aiosignal>=1.4.0 (from aiohttp->keepa==1.3.15)
2025-08-20T07:36:04.7039219Z   Using cached aiosignal-1.4.0-py3-none-any.whl.metadata (3.7 kB)
2025-08-20T07:36:04.7177959Z Collecting attrs>=17.3.0 (from aiohttp->keepa==1.3.15)
2025-08-20T07:36:04.7189655Z   Using cached attrs-25.3.0-py3-none-any.whl.metadata (10 kB)
2025-08-20T07:36:04.7841837Z Collecting frozenlist>=1.1.1 (from aiohttp->keepa==1.3.15)
2025-08-20T07:36:04.7855494Z   Using cached frozenlist-1.7.0-cp312-cp312-manylinux_2_5_x86_64.manylinux1_x86_64.manylinux_2_17_x86_64.manylinux2014_x86_64.whl.metadata (18 kB)
2025-08-20T07:36:05.0217845Z Collecting multidict<7.0,>=4.5 (from aiohttp->keepa==1.3.15)
2025-08-20T07:36:05.0231190Z   Using cached multidict-6.6.4-cp312-cp312-manylinux2014_x86_64.manylinux_2_17_x86_64.manylinux_2_28_x86_64.whl.metadata (5.3 kB)
2025-08-20T07:36:05.0634670Z Collecting propcache>=0.2.0 (from aiohttp->keepa==1.3.15)
2025-08-20T07:36:05.0646595Z   Using cached propcache-0.3.2-cp312-cp312-manylinux_2_17_x86_64.manylinux2014_x86_64.whl.metadata (12 kB)
2025-08-20T07:36:05.2943537Z Collecting yarl<2.0,>=1.17.0 (from aiohttp->keepa==1.3.15)
2025-08-20T07:36:05.2956450Z   Using cached yarl-1.20.1-cp312-cp312-manylinux_2_17_x86_64.manylinux2014_x86_64.whl.metadata (73 kB)
2025-08-20T07:36:05.3173179Z Requirement already satisfied: typing-extensions>=4.2 in /opt/hostedtoolcache/Python/3.12.11/x64/lib/python3.12/site-packages (from aiosignal>=1.4.0->aiohttp->keepa==1.3.15) (4.14.1)
2025-08-20T07:36:05.3223525Z Requirement already satisfied: annotated-types>=0.6.0 in /opt/hostedtoolcache/Python/3.12.11/x64/lib/python3.12/site-packages (from pydantic->keepa==1.3.15) (0.7.0)
2025-08-20T07:36:05.3229138Z Requirement already satisfied: pydantic-core==2.33.2 in /opt/hostedtoolcache/Python/3.12.11/x64/lib/python3.12/site-packages (from pydantic->keepa==1.3.15) (2.33.2)
2025-08-20T07:36:05.3236320Z Requirement already satisfied: typing-inspection>=0.4.0 in /opt/hostedtoolcache/Python/3.12.11/x64/lib/python3.12/site-packages (from pydantic->keepa==1.3.15) (0.4.1)
2025-08-20T07:36:05.3296978Z Using cached keepa-1.3.15-py3-none-any.whl (38 kB)
2025-08-20T07:36:05.3308174Z Using cached minio-7.1.15-py3-none-any.whl (77 kB)
2025-08-20T07:36:05.3319818Z Using cached aiohttp-3.12.15-cp312-cp312-manylinux_2_17_x86_64.manylinux2014_x86_64.whl (1.7 MB)
2025-08-20T07:36:05.3343471Z Using cached multidict-6.6.4-cp312-cp312-manylinux2014_x86_64.manylinux_2_17_x86_64.manylinux_2_28_x86_64.whl (256 kB)
2025-08-20T07:36:05.3355224Z Using cached yarl-1.20.1-cp312-cp312-manylinux_2_17_x86_64.manylinux2014_x86_64.whl (355 kB)
2025-08-20T07:36:05.3368263Z Using cached aiohappyeyeballs-2.6.1-py3-none-any.whl (15 kB)
2025-08-20T07:36:05.3379127Z Using cached aiosignal-1.4.0-py3-none-any.whl (7.5 kB)
2025-08-20T07:36:05.3390138Z Using cached attrs-25.3.0-py3-none-any.whl (63 kB)
2025-08-20T07:36:05.3402473Z Using cached frozenlist-1.7.0-cp312-cp312-manylinux_2_5_x86_64.manylinux1_x86_64.manylinux_2_17_x86_64.manylinux2014_x86_64.whl (241 kB)
2025-08-20T07:36:05.3415153Z Using cached propcache-0.3.2-cp312-cp312-manylinux_2_17_x86_64.manylinux2014_x86_64.whl (224 kB)
2025-08-20T07:36:05.3427443Z Using cached tqdm-4.67.1-py3-none-any.whl (78 kB)
2025-08-20T07:36:05.5220344Z Installing collected packages: tqdm, propcache, multidict, minio, frozenlist, attrs, aiohappyeyeballs, yarl, aiosignal, aiohttp, keepa
2025-08-20T07:36:05.5940269Z   Attempting uninstall: minio
2025-08-20T07:36:05.5988509Z     Found existing installation: minio 7.2.16
2025-08-20T07:36:05.6025338Z     Uninstalling minio-7.2.16:
2025-08-20T07:36:05.6035711Z       Successfully uninstalled minio-7.2.16
2025-08-20T07:36:05.9527927Z 
2025-08-20T07:36:05.9642246Z Successfully installed aiohappyeyeballs-2.6.1 aiohttp-3.12.15 aiosignal-1.4.0 attrs-25.3.0 frozenlist-1.7.0 keepa-1.3.15 minio-7.1.15 multidict-6.6.4 propcache-0.3.2 tqdm-4.67.1 yarl-1.20.1
2025-08-20T07:36:06.1379526Z ##[group]Run ruff check .
2025-08-20T07:36:06.1379802Z [36;1mruff check .[0m
2025-08-20T07:36:06.1380008Z [36;1mruff format --check .[0m
2025-08-20T07:36:06.1419741Z shell: /usr/bin/bash -e {0}
2025-08-20T07:36:06.1419964Z env:
2025-08-20T07:36:06.1420167Z   REDIS_URL: redis://localhost:6379/0
2025-08-20T07:36:06.1420530Z   RATE_LIMIT_DEFAULT: 100/minute
2025-08-20T07:36:06.1420758Z   TRUST_X_FORWARDED: 1
2025-08-20T07:36:06.1420970Z   PG_USER: postgres
2025-08-20T07:36:06.1421166Z   PG_PASSWORD: pass
2025-08-20T07:36:06.1421340Z   PG_DATABASE: awa
2025-08-20T07:36:06.1421516Z   PG_HOST: localhost
2025-08-20T07:36:06.1421699Z   PG_PORT: 5432
2025-08-20T07:36:06.1422277Z   PG_SYNC_DSN: ***localhost:5432/awa
2025-08-20T07:36:06.1422685Z   PG_ASYNC_DSN: ***localhost:5432/awa
2025-08-20T07:36:06.1423057Z   DATABASE_URL: ***localhost:5432/awa
2025-08-20T07:36:06.1423314Z   DATA_DIR: /tmp/awa-data
2025-08-20T07:36:06.1423509Z   ENABLE_LIVE: 0
2025-08-20T07:36:06.1423707Z   TESTING: 1
2025-08-20T07:36:06.1423939Z   pythonLocation: /opt/hostedtoolcache/Python/3.12.11/x64
2025-08-20T07:36:06.1424317Z   PKG_CONFIG_PATH: /opt/hostedtoolcache/Python/3.12.11/x64/lib/pkgconfig
2025-08-20T07:36:06.1424692Z   Python_ROOT_DIR: /opt/hostedtoolcache/Python/3.12.11/x64
2025-08-20T07:36:06.1425031Z   Python2_ROOT_DIR: /opt/hostedtoolcache/Python/3.12.11/x64
2025-08-20T07:36:06.1425393Z   Python3_ROOT_DIR: /opt/hostedtoolcache/Python/3.12.11/x64
2025-08-20T07:36:06.1425914Z   LD_LIBRARY_PATH: /opt/hostedtoolcache/Python/3.12.11/x64/lib
2025-08-20T07:36:06.1426201Z ##[endgroup]
2025-08-20T07:36:06.1693417Z All checks passed!
2025-08-20T07:36:06.1916947Z 253 files already formatted
2025-08-20T07:36:06.1951890Z ##[group]Run for i in {1..30}; do pg_isready -h "$PG_HOST" -p "$PG_PORT" -U "$PG_USER" -d "$PG_DATABASE" && break; sleep 1; done
2025-08-20T07:36:06.1952521Z [36;1mfor i in {1..30}; do pg_isready -h "$PG_HOST" -p "$PG_PORT" -U "$PG_USER" -d "$PG_DATABASE" && break; sleep 1; done[0m
2025-08-20T07:36:06.1991956Z shell: /usr/bin/bash -e {0}
2025-08-20T07:36:06.1992185Z env:
2025-08-20T07:36:06.1992383Z   REDIS_URL: redis://localhost:6379/0
2025-08-20T07:36:06.1992647Z   RATE_LIMIT_DEFAULT: 100/minute
2025-08-20T07:36:06.1992872Z   TRUST_X_FORWARDED: 1
2025-08-20T07:36:06.1993066Z   PG_USER: postgres
2025-08-20T07:36:06.1993263Z   PG_PASSWORD: pass
2025-08-20T07:36:06.1993445Z   PG_DATABASE: awa
2025-08-20T07:36:06.1993620Z   PG_HOST: localhost
2025-08-20T07:36:06.1993813Z   PG_PORT: 5432
2025-08-20T07:36:06.1994254Z   PG_SYNC_DSN: ***localhost:5432/awa
2025-08-20T07:36:06.1994668Z   PG_ASYNC_DSN: ***localhost:5432/awa
2025-08-20T07:36:06.1995068Z   DATABASE_URL: ***localhost:5432/awa
2025-08-20T07:36:06.1995296Z   DATA_DIR: /tmp/awa-data
2025-08-20T07:36:06.1995493Z   ENABLE_LIVE: 0
2025-08-20T07:36:06.1995666Z   TESTING: 1
2025-08-20T07:36:06.1995891Z   pythonLocation: /opt/hostedtoolcache/Python/3.12.11/x64
2025-08-20T07:36:06.1996303Z   PKG_CONFIG_PATH: /opt/hostedtoolcache/Python/3.12.11/x64/lib/pkgconfig
2025-08-20T07:36:06.1996697Z   Python_ROOT_DIR: /opt/hostedtoolcache/Python/3.12.11/x64
2025-08-20T07:36:06.1997046Z   Python2_ROOT_DIR: /opt/hostedtoolcache/Python/3.12.11/x64
2025-08-20T07:36:06.1997380Z   Python3_ROOT_DIR: /opt/hostedtoolcache/Python/3.12.11/x64
2025-08-20T07:36:06.1997717Z   LD_LIBRARY_PATH: /opt/hostedtoolcache/Python/3.12.11/x64/lib
2025-08-20T07:36:06.1998000Z ##[endgroup]
2025-08-20T07:36:06.3435145Z localhost:5432 - accepting connections
2025-08-20T07:36:06.3478922Z ##[group]Run psql -h "$PG_HOST" -p "$PG_PORT" -U "$PG_USER" -d "$PG_DATABASE" -c "SELECT 1"
2025-08-20T07:36:06.3479435Z [36;1mpsql -h "$PG_HOST" -p "$PG_PORT" -U "$PG_USER" -d "$PG_DATABASE" -c "SELECT 1"[0m
2025-08-20T07:36:06.3519612Z shell: /usr/bin/bash -e {0}
2025-08-20T07:36:06.3519834Z env:
2025-08-20T07:36:06.3520037Z   REDIS_URL: redis://localhost:6379/0
2025-08-20T07:36:06.3520312Z   RATE_LIMIT_DEFAULT: 100/minute
2025-08-20T07:36:06.3521028Z   TRUST_X_FORWARDED: 1
2025-08-20T07:36:06.3521226Z   PG_USER: postgres
2025-08-20T07:36:06.3521416Z   PG_PASSWORD: pass
2025-08-20T07:36:06.3521596Z   PG_DATABASE: awa
2025-08-20T07:36:06.3521767Z   PG_HOST: localhost
2025-08-20T07:36:06.3521953Z   PG_PORT: 5432
2025-08-20T07:36:06.3522391Z   PG_SYNC_DSN: ***localhost:5432/awa
2025-08-20T07:36:06.3522789Z   PG_ASYNC_DSN: ***localhost:5432/awa
2025-08-20T07:36:06.3523174Z   DATABASE_URL: ***localhost:5432/awa
2025-08-20T07:36:06.3523403Z   DATA_DIR: /tmp/awa-data
2025-08-20T07:36:06.3523641Z   ENABLE_LIVE: 0
2025-08-20T07:36:06.3523811Z   TESTING: 1
2025-08-20T07:36:06.3524049Z   pythonLocation: /opt/hostedtoolcache/Python/3.12.11/x64
2025-08-20T07:36:06.3524440Z   PKG_CONFIG_PATH: /opt/hostedtoolcache/Python/3.12.11/x64/lib/pkgconfig
2025-08-20T07:36:06.3524824Z   Python_ROOT_DIR: /opt/hostedtoolcache/Python/3.12.11/x64
2025-08-20T07:36:06.3525159Z   Python2_ROOT_DIR: /opt/hostedtoolcache/Python/3.12.11/x64
2025-08-20T07:36:06.3525503Z   Python3_ROOT_DIR: /opt/hostedtoolcache/Python/3.12.11/x64
2025-08-20T07:36:06.3525851Z   LD_LIBRARY_PATH: /opt/hostedtoolcache/Python/3.12.11/x64/lib
2025-08-20T07:36:06.3526138Z   PGPASSWORD: pass
2025-08-20T07:36:06.3526326Z ##[endgroup]
2025-08-20T07:36:06.4324852Z  ?column? 
2025-08-20T07:36:06.4325471Z ----------
2025-08-20T07:36:06.4325824Z         1
2025-08-20T07:36:06.4326196Z (1 row)
2025-08-20T07:36:06.4326363Z 
2025-08-20T07:36:06.4374456Z ##[group]Run alembic -c services/api/alembic.ini upgrade head
2025-08-20T07:36:06.4375056Z [36;1malembic -c services/api/alembic.ini upgrade head[0m
2025-08-20T07:36:06.4414817Z shell: /usr/bin/bash -e {0}
2025-08-20T07:36:06.4415042Z env:
2025-08-20T07:36:06.4415236Z   REDIS_URL: redis://localhost:6379/0
2025-08-20T07:36:06.4415492Z   RATE_LIMIT_DEFAULT: 100/minute
2025-08-20T07:36:06.4415713Z   TRUST_X_FORWARDED: 1
2025-08-20T07:36:06.4415900Z   PG_USER: postgres
2025-08-20T07:36:06.4416085Z   PG_PASSWORD: pass
2025-08-20T07:36:06.4416260Z   PG_DATABASE: awa
2025-08-20T07:36:06.4416431Z   PG_HOST: localhost
2025-08-20T07:36:06.4416612Z   PG_PORT: 5432
2025-08-20T07:36:06.4417048Z   PG_SYNC_DSN: ***localhost:5432/awa
2025-08-20T07:36:06.4417470Z   PG_ASYNC_DSN: ***localhost:5432/awa
2025-08-20T07:36:06.4417839Z   DATABASE_URL: ***localhost:5432/awa
2025-08-20T07:36:06.4418072Z   DATA_DIR: /tmp/awa-data
2025-08-20T07:36:06.4418277Z   ENABLE_LIVE: 0
2025-08-20T07:36:06.4418486Z   TESTING: 1
2025-08-20T07:36:06.4418721Z   pythonLocation: /opt/hostedtoolcache/Python/3.12.11/x64
2025-08-20T07:36:06.4419119Z   PKG_CONFIG_PATH: /opt/hostedtoolcache/Python/3.12.11/x64/lib/pkgconfig
2025-08-20T07:36:06.4419497Z   Python_ROOT_DIR: /opt/hostedtoolcache/Python/3.12.11/x64
2025-08-20T07:36:06.4419836Z   Python2_ROOT_DIR: /opt/hostedtoolcache/Python/3.12.11/x64
2025-08-20T07:36:06.4420170Z   Python3_ROOT_DIR: /opt/hostedtoolcache/Python/3.12.11/x64
2025-08-20T07:36:06.4420717Z   LD_LIBRARY_PATH: /opt/hostedtoolcache/Python/3.12.11/x64/lib
2025-08-20T07:36:06.4421004Z ##[endgroup]
2025-08-20T07:36:07.3327105Z INFO  [alembic.runtime.migration] Context impl PostgresqlImpl.
2025-08-20T07:36:07.3327827Z INFO  [alembic.runtime.migration] Will assume transactional DDL.
2025-08-20T07:36:07.3500817Z INFO  [alembic.runtime.migration] Running upgrade  -> 0001_baseline
2025-08-20T07:36:07.3640174Z INFO  [alembic.runtime.migration] Running upgrade 0001_baseline -> 0002_create_roi_view
2025-08-20T07:36:07.3666527Z INFO  [alembic.runtime.migration] Running upgrade 0002_create_roi_view -> 3e9d5c5aff2c
2025-08-20T07:36:07.3834346Z INFO  [alembic.runtime.migration] Running upgrade 3e9d5c5aff2c -> 0003_vendor_prices
2025-08-20T07:36:07.3967069Z INFO  [alembic.runtime.migration] Running upgrade 0003_vendor_prices -> 0004_fee_cron
2025-08-20T07:36:07.4036449Z INFO  [alembic.runtime.migration] Running upgrade 0004_fee_cron -> 0006_fix_roi_views
2025-08-20T07:36:07.4067083Z INFO  [alembic.runtime.migration] Running upgrade 0006_fix_roi_views -> 0020_unified_schema
2025-08-20T07:36:07.4169120Z INFO  [alembic.runtime.migration] Running upgrade 0020_unified_schema -> 0022_fix_roi_view
2025-08-20T07:36:07.4230971Z INFO  [alembic.runtime.migration] Running upgrade 0022_fix_roi_view -> 0023_add_storage_fee
2025-08-20T07:36:07.4269226Z INFO  [alembic.runtime.migration] Running upgrade 0023_add_storage_fee -> 0024_create_buybox
2025-08-20T07:36:07.4291092Z INFO  [alembic.runtime.migration] Running upgrade 0024_create_buybox -> 0025_pr4_indexes_loadlog
2025-08-20T07:36:07.4497934Z INFO  [alembic.runtime.migration] Running upgrade 0025_pr4_indexes_loadlog -> 0026_amazon_new_reports
2025-08-20T07:36:07.5573347Z ##[group]Run python -m mypy services || true
2025-08-20T07:36:07.5573694Z [36;1mpython -m mypy services || true[0m
2025-08-20T07:36:07.5613468Z shell: /usr/bin/bash -e {0}
2025-08-20T07:36:07.5613702Z env:
2025-08-20T07:36:07.5613901Z   REDIS_URL: redis://localhost:6379/0
2025-08-20T07:36:07.5614165Z   RATE_LIMIT_DEFAULT: 100/minute
2025-08-20T07:36:07.5614383Z   TRUST_X_FORWARDED: 1
2025-08-20T07:36:07.5614569Z   PG_USER: postgres
2025-08-20T07:36:07.5614753Z   PG_PASSWORD: pass
2025-08-20T07:36:07.5614933Z   PG_DATABASE: awa
2025-08-20T07:36:07.5615103Z   PG_HOST: localhost
2025-08-20T07:36:07.5615283Z   PG_PORT: 5432
2025-08-20T07:36:07.5615737Z   PG_SYNC_DSN: ***localhost:5432/awa
2025-08-20T07:36:07.5616135Z   PG_ASYNC_DSN: ***localhost:5432/awa
2025-08-20T07:36:07.5616524Z   DATABASE_URL: ***localhost:5432/awa
2025-08-20T07:36:07.5616753Z   DATA_DIR: /tmp/awa-data
2025-08-20T07:36:07.5616953Z   ENABLE_LIVE: 0
2025-08-20T07:36:07.5617308Z   TESTING: 1
2025-08-20T07:36:07.5617576Z   pythonLocation: /opt/hostedtoolcache/Python/3.12.11/x64
2025-08-20T07:36:07.5617966Z   PKG_CONFIG_PATH: /opt/hostedtoolcache/Python/3.12.11/x64/lib/pkgconfig
2025-08-20T07:36:07.5618342Z   Python_ROOT_DIR: /opt/hostedtoolcache/Python/3.12.11/x64
2025-08-20T07:36:07.5618676Z   Python2_ROOT_DIR: /opt/hostedtoolcache/Python/3.12.11/x64
2025-08-20T07:36:07.5619003Z   Python3_ROOT_DIR: /opt/hostedtoolcache/Python/3.12.11/x64
2025-08-20T07:36:07.5619334Z   LD_LIBRARY_PATH: /opt/hostedtoolcache/Python/3.12.11/x64/lib
2025-08-20T07:36:07.5619621Z ##[endgroup]
2025-08-20T07:36:38.5454652Z services/api/routes/score.py:16: error: Function is missing a return type annotation  [no-untyped-def]
2025-08-20T07:36:38.5455469Z services/api/routes/score.py:16: note: Use "-> None" if function does not return a value
2025-08-20T07:36:38.5456230Z services/api/routes/score.py:26: error: All conditional function variants must have identical signatures  [misc]
2025-08-20T07:36:38.5456884Z services/api/routes/score.py:26: note: Original:
2025-08-20T07:36:38.5457506Z services/api/routes/score.py:26: note:     def require_basic_auth(credentials: HTTPBasicCredentials = ...) -> None
2025-08-20T07:36:38.5458124Z services/api/routes/score.py:26: note: Redefinition:
2025-08-20T07:36:38.5458606Z services/api/routes/score.py:26: note:     def require_basic_auth() -> None
2025-08-20T07:36:38.5459412Z services/api/routes/score.py:34: error: Incompatible types in assignment (expression has type "None", variable has type Module)  [assignment]
2025-08-20T07:36:38.5460248Z services/api/routes/score.py:38: error: Invalid type comment or annotation  [valid-type]
2025-08-20T07:36:38.5461216Z services/api/routes/score.py:38: note: Suggestion: use constr[...] instead of constr(...)
2025-08-20T07:36:38.5942015Z Found 4 errors in 1 file (checked 97 source files)
2025-08-20T07:36:38.6395806Z ##[group]Run pytest -q --cov=services
2025-08-20T07:36:38.6396597Z [36;1mpytest -q --cov=services[0m
2025-08-20T07:36:38.6455440Z shell: /usr/bin/bash -e {0}
2025-08-20T07:36:38.6455799Z env:
2025-08-20T07:36:38.6456114Z   REDIS_URL: redis://localhost:6379/0
2025-08-20T07:36:38.6456540Z   RATE_LIMIT_DEFAULT: 100/minute
2025-08-20T07:36:38.6456905Z   TRUST_X_FORWARDED: 1
2025-08-20T07:36:38.6457223Z   PG_USER: postgres
2025-08-20T07:36:38.6457524Z   PG_PASSWORD: pass
2025-08-20T07:36:38.6457821Z   PG_DATABASE: awa
2025-08-20T07:36:38.6458109Z   PG_HOST: localhost
2025-08-20T07:36:38.6458406Z   PG_PORT: 5432
2025-08-20T07:36:38.6459020Z   PG_SYNC_DSN: ***localhost:5432/awa
2025-08-20T07:36:38.6459729Z   PG_ASYNC_DSN: ***localhost:5432/awa
2025-08-20T07:36:38.6460392Z   DATABASE_URL: ***localhost:5432/awa
2025-08-20T07:36:38.6461082Z   DATA_DIR: /tmp/awa-data
2025-08-20T07:36:38.6461431Z   ENABLE_LIVE: 0
2025-08-20T07:36:38.6461733Z   TESTING: 1
2025-08-20T07:36:38.6462174Z   pythonLocation: /opt/hostedtoolcache/Python/3.12.11/x64
2025-08-20T07:36:38.6462859Z   PKG_CONFIG_PATH: /opt/hostedtoolcache/Python/3.12.11/x64/lib/pkgconfig
2025-08-20T07:36:38.6463553Z   Python_ROOT_DIR: /opt/hostedtoolcache/Python/3.12.11/x64
2025-08-20T07:36:38.6464152Z   Python2_ROOT_DIR: /opt/hostedtoolcache/Python/3.12.11/x64
2025-08-20T07:36:38.6464755Z   Python3_ROOT_DIR: /opt/hostedtoolcache/Python/3.12.11/x64
2025-08-20T07:36:38.6465361Z   LD_LIBRARY_PATH: /opt/hostedtoolcache/Python/3.12.11/x64/lib
2025-08-20T07:36:38.6465851Z ##[endgroup]
2025-08-20T07:37:05.5742432Z ........s.............................sssssss........................... [ 41%]
2025-08-20T07:37:37.4768293Z ........................................................................ [ 83%]
2025-08-20T07:37:38.5948668Z .............................                                            [100%]
2025-08-20T07:37:38.5949247Z =============================== warnings summary ===============================
2025-08-20T07:37:38.5949806Z services/alert_bot/tests/test_smoke.py:5
2025-08-20T07:37:38.5957045Z   /home/runner/work/AWA-App/AWA-App/services/alert_bot/tests/test_smoke.py:5: UserWarning: pkg_resources is deprecated as an API. See https://setuptools.pypa.io/en/latest/pkg_resources.html. The pkg_resources package is slated for removal as early as 2025-11-30. Refrain from using this package or pin to Setuptools<81.
2025-08-20T07:37:38.5959689Z Sentry is attempting to send 0 pending events
2025-08-20T07:37:38.5960156Z Waiting up to True seconds
2025-08-20T07:37:38.5960682Z Press Ctrl-C to quit
2025-08-20T07:37:38.5961037Z     import pkg_resources  # noqa: F401
2025-08-20T07:37:38.5961329Z 
2025-08-20T07:37:38.5961516Z tests/api/test_ingest_endpoints.py: 12 warnings
2025-08-20T07:37:38.5961995Z tests/ingest/test_tasks_eager.py: 3 warnings
2025-08-20T07:37:38.5962420Z tests/test_api_fast.py: 1 warning
2025-08-20T07:37:38.5962804Z tests/test_health.py: 5 warnings
2025-08-20T07:37:38.5963175Z tests/test_smoke.py: 5 warnings
2025-08-20T07:37:38.5963576Z services/api/tests/test_cors.py: 1 warning
2025-08-20T07:37:38.5964046Z services/api/tests/test_errors_json.py: 2 warnings
2025-08-20T07:37:38.5964545Z services/api/tests/test_health.py: 1 warning
2025-08-20T07:37:38.5965026Z services/api/tests/test_rate_limit.py: 122 warnings
2025-08-20T07:37:38.5965549Z services/api/tests/test_roi_basic_auth.py: 4 warnings
2025-08-20T07:37:38.5966068Z services/api/tests/test_sentry_event.py: 1 warning
2025-08-20T07:37:38.5966601Z services/api/tests/test_stats_contracts.py: 3 warnings
2025-08-20T07:37:38.5967214Z services/api/tests/test_stats_future_contracts.py: 3 warnings
2025-08-20T07:37:38.5969528Z   /opt/hostedtoolcache/Python/3.12.11/x64/lib/python3.12/site-packages/asgi_correlation_id/extensions/sentry.py:27: DeprecationWarning: sentry_sdk.configure_scope is deprecated and will be removed in the next major version. Please consult our migration guide to learn how to migrate to the new API: https://docs.sentry.io/platforms/python/migration/1.x-to-2.x#scope-configuring
2025-08-20T07:37:38.5972044Z     with configure_scope() as scope:
2025-08-20T07:37:38.5972328Z 
2025-08-20T07:37:38.5972507Z tests/api/test_ingest_endpoints.py: 3 warnings
2025-08-20T07:37:38.5972922Z tests/test_api_fast.py: 1 warning
2025-08-20T07:37:38.5973257Z tests/test_health.py: 5 warnings
2025-08-20T07:37:38.5973584Z tests/test_smoke.py: 5 warnings
2025-08-20T07:37:38.5973933Z services/api/tests/test_cors.py: 3 warnings
2025-08-20T07:37:38.5974603Z services/api/tests/test_errors_json.py: 2 warnings
2025-08-20T07:37:38.5975156Z services/api/tests/test_health.py: 1 warning
2025-08-20T07:37:38.5975644Z services/api/tests/test_rate_limit.py: 2 warnings
2025-08-20T07:37:38.5976146Z services/api/tests/test_sentry_event.py: 1 warning
2025-08-20T07:37:38.5976675Z services/api/tests/test_stats_contracts.py: 3 warnings
2025-08-20T07:37:38.5977246Z services/api/tests/test_stats_future_contracts.py: 1 warning
2025-08-20T07:37:38.5978872Z   /opt/hostedtoolcache/Python/3.12.11/x64/lib/python3.12/site-packages/fastapi_limiter/__init__.py:89: DeprecationWarning: Call to deprecated close. (Use aclose() instead) -- Deprecated since version 5.0.1.
2025-08-20T07:37:38.5980146Z     await cls.redis.close()
2025-08-20T07:37:38.5980837Z 
2025-08-20T07:37:38.5981107Z tests/test_api_fast.py::test_health_endpoint
2025-08-20T07:37:38.5982775Z   /home/runner/work/AWA-App/AWA-App/tests/test_api_fast.py:13: DeprecationWarning: datetime.datetime.utcnow() is deprecated and scheduled for removal in a future version. Use timezone-aware objects to represent datetimes in UTC: datetime.datetime.now(datetime.UTC).
2025-08-20T07:37:38.5984706Z     return datetime.datetime.utcnow()
2025-08-20T07:37:38.5985013Z 
2025-08-20T07:37:38.5985174Z tests/test_api_fast.py: 1 warning
2025-08-20T07:37:38.5985598Z tests/test_health.py: 5 warnings
2025-08-20T07:37:38.5986003Z tests/test_smoke.py: 5 warnings
2025-08-20T07:37:38.5986427Z services/api/tests/test_cors.py: 1 warning
2025-08-20T07:37:38.5986906Z services/api/tests/test_health.py: 1 warning
2025-08-20T07:37:38.5987691Z services/api/tests/test_rate_limit.py: 102 warnings
2025-08-20T07:37:38.5989450Z   /home/runner/work/AWA-App/AWA-App/services/api/routes/health.py:24: DeprecationWarning: datetime.datetime.utcnow() is deprecated and scheduled for removal in a future version. Use timezone-aware objects to represent datetimes in UTC: datetime.datetime.now(datetime.UTC).
2025-08-20T07:37:38.5991928Z     app_now = datetime.utcnow().replace(tzinfo=timezone.utc)
2025-08-20T07:37:38.5992327Z 
2025-08-20T07:37:38.5992511Z tests/test_health.py::test_health[0]
2025-08-20T07:37:38.5992965Z tests/test_health.py::test_health[1]
2025-08-20T07:37:38.5993409Z tests/test_health.py::test_health[2]
2025-08-20T07:37:38.5994255Z tests/test_health.py::test_health[3]
2025-08-20T07:37:38.5994738Z tests/test_health.py::test_health[4]
2025-08-20T07:37:38.5996362Z   /home/runner/work/AWA-App/AWA-App/tests/test_health.py:22: DeprecationWarning: datetime.datetime.utcnow() is deprecated and scheduled for removal in a future version. Use timezone-aware objects to represent datetimes in UTC: datetime.datetime.now(datetime.UTC).
2025-08-20T07:37:38.5998299Z     return datetime.datetime.utcnow()
2025-08-20T07:37:38.5998617Z 
2025-08-20T07:37:38.5998874Z tests/test_smoke.py::test_health[0]
2025-08-20T07:37:38.5999310Z tests/test_smoke.py::test_health[1]
2025-08-20T07:37:38.5999738Z tests/test_smoke.py::test_health[2]
2025-08-20T07:37:38.6000149Z tests/test_smoke.py::test_health[3]
2025-08-20T07:37:38.6000764Z tests/test_smoke.py::test_health[4]
2025-08-20T07:37:38.6002390Z   /home/runner/work/AWA-App/AWA-App/tests/test_smoke.py:32: DeprecationWarning: datetime.datetime.utcnow() is deprecated and scheduled for removal in a future version. Use timezone-aware objects to represent datetimes in UTC: datetime.datetime.now(datetime.UTC).
2025-08-20T07:37:38.6004303Z     return datetime.datetime.utcnow()
2025-08-20T07:37:38.6004605Z 
2025-08-20T07:37:38.6004896Z services/api/tests/test_cors.py::test_cors_simple_get_allowed
2025-08-20T07:37:38.6007229Z   /home/runner/work/AWA-App/AWA-App/services/api/tests/test_cors.py:27: DeprecationWarning: datetime.datetime.utcnow() is deprecated and scheduled for removal in a future version. Use timezone-aware objects to represent datetimes in UTC: datetime.datetime.now(datetime.UTC).
2025-08-20T07:37:38.6008974Z     return datetime.datetime.utcnow()
2025-08-20T07:37:38.6009276Z 
2025-08-20T07:37:38.6009522Z services/api/tests/test_health.py::test_health_route
2025-08-20T07:37:38.6011487Z   /home/runner/work/AWA-App/AWA-App/services/api/tests/test_health.py:14: DeprecationWarning: datetime.datetime.utcnow() is deprecated and scheduled for removal in a future version. Use timezone-aware objects to represent datetimes in UTC: datetime.datetime.now(datetime.UTC).
2025-08-20T07:37:38.6013481Z     return datetime.datetime.utcnow()
2025-08-20T07:37:38.6013793Z 
2025-08-20T07:37:38.6014005Z services/api/tests/test_rate_limit.py: 102 warnings
2025-08-20T07:37:38.6015798Z   /home/runner/work/AWA-App/AWA-App/services/api/tests/test_rate_limit.py:33: DeprecationWarning: datetime.datetime.utcnow() is deprecated and scheduled for removal in a future version. Use timezone-aware objects to represent datetimes in UTC: datetime.datetime.now(datetime.UTC).
2025-08-20T07:37:38.6017811Z     return datetime.datetime.utcnow()
2025-08-20T07:37:38.6018116Z 
2025-08-20T07:37:38.6018536Z services/api/tests/test_sentry_event.py::test_unhandled_exception_is_captured_and_tagged
2025-08-20T07:37:38.6020976Z   /home/runner/work/AWA-App/AWA-App/services/api/tests/test_sentry_event.py:47: SentryHubDeprecationWarning: `sentry_sdk.Hub` is deprecated and will be removed in a future major release. Please consult our 1.x to 2.x migration guide for details on how to migrate `Hub` usage to the new API: https://docs.sentry.io/platforms/python/migration/1.x-to-2.x
2025-08-20T07:37:38.6023218Z     hub = sentry_sdk.Hub.current
2025-08-20T07:37:38.6023484Z 
2025-08-20T07:37:38.6023807Z -- Docs: https://docs.pytest.org/en/stable/how-to/capture-warnings.html
2025-08-20T07:37:38.6024484Z ================================ tests coverage ================================
2025-08-20T07:37:38.6025138Z _______________ coverage: platform linux, python 3.12.11-final-0 _______________
2025-08-20T07:37:38.6026088Z 
2025-08-20T07:37:38.6026281Z Coverage XML written to file coverage.xml
2025-08-20T07:37:38.6026853Z Required test coverage of 75% reached. Total coverage: 77.44%
2025-08-20T07:37:39.0520174Z ##[group]Run actions/upload-artifact@v4
2025-08-20T07:37:39.0520670Z with:
2025-08-20T07:37:39.0520864Z   name: coverage
2025-08-20T07:37:39.0521058Z   path: coverage.xml
2025-08-20T07:37:39.0521258Z   if-no-files-found: warn
2025-08-20T07:37:39.0521463Z   compression-level: 6
2025-08-20T07:37:39.0521649Z   overwrite: false
2025-08-20T07:37:39.0521829Z   include-hidden-files: false
2025-08-20T07:37:39.0522036Z env:
2025-08-20T07:37:39.0522223Z   REDIS_URL: redis://localhost:6379/0
2025-08-20T07:37:39.0522464Z   RATE_LIMIT_DEFAULT: 100/minute
2025-08-20T07:37:39.0522675Z   TRUST_X_FORWARDED: 1
2025-08-20T07:37:39.0522860Z   PG_USER: postgres
2025-08-20T07:37:39.0523035Z   PG_PASSWORD: pass
2025-08-20T07:37:39.0523212Z   PG_DATABASE: awa
2025-08-20T07:37:39.0523400Z   PG_HOST: localhost
2025-08-20T07:37:39.0523574Z   PG_PORT: 5432
2025-08-20T07:37:39.0523973Z   PG_SYNC_DSN: ***localhost:5432/awa
2025-08-20T07:37:39.0524368Z   PG_ASYNC_DSN: ***localhost:5432/awa
2025-08-20T07:37:39.0524750Z   DATABASE_URL: ***localhost:5432/awa
2025-08-20T07:37:39.0524975Z   DATA_DIR: /tmp/awa-data
2025-08-20T07:37:39.0525171Z   ENABLE_LIVE: 0
2025-08-20T07:37:39.0525338Z   TESTING: 1
2025-08-20T07:37:39.0525566Z   pythonLocation: /opt/hostedtoolcache/Python/3.12.11/x64
2025-08-20T07:37:39.0525948Z   PKG_CONFIG_PATH: /opt/hostedtoolcache/Python/3.12.11/x64/lib/pkgconfig
2025-08-20T07:37:39.0526320Z   Python_ROOT_DIR: /opt/hostedtoolcache/Python/3.12.11/x64
2025-08-20T07:37:39.0526658Z   Python2_ROOT_DIR: /opt/hostedtoolcache/Python/3.12.11/x64
2025-08-20T07:37:39.0526985Z   Python3_ROOT_DIR: /opt/hostedtoolcache/Python/3.12.11/x64
2025-08-20T07:37:39.0527319Z   LD_LIBRARY_PATH: /opt/hostedtoolcache/Python/3.12.11/x64/lib
2025-08-20T07:37:39.0527596Z ##[endgroup]
2025-08-20T07:37:39.2687138Z With the provided path, there will be 1 file uploaded
2025-08-20T07:37:39.2692301Z Artifact name is valid!
2025-08-20T07:37:39.2693279Z Root directory input is valid!
2025-08-20T07:37:39.3785108Z Beginning upload of artifact content to blob storage
2025-08-20T07:37:39.4470664Z Uploaded bytes 3777
2025-08-20T07:37:39.4642729Z Finished uploading artifact content to blob storage!
2025-08-20T07:37:39.4645866Z SHA256 digest of uploaded artifact zip is 2ffc7c1e4ada0c9cfd52f3322a2f128acff3922ac9aa6e598ea5bbac1e2fa0c4
2025-08-20T07:37:39.4647305Z Finalizing artifact upload
2025-08-20T07:37:39.5550268Z Artifact coverage.zip successfully finalized. Artifact ID 3806294361
2025-08-20T07:37:39.5551400Z Artifact coverage has been successfully uploaded! Final size is 3777 bytes. Artifact ID is 3806294361
2025-08-20T07:37:39.5558507Z Artifact download URL: https://github.com/AlexBomber12/AWA-App/actions/runs/17091774645/artifacts/3806294361
2025-08-20T07:37:39.5693762Z Post job cleanup.
2025-08-20T07:37:39.7189327Z Cache hit occurred on the primary key setup-python-Linux-x64-24.04-Ubuntu-python-3.12.11-pip-29fc3204f837bce43d81586a404709764a9accd1f738d0c33a52a32bf7a0c312, not saving cache.
2025-08-20T07:37:39.7299964Z Post job cleanup.
2025-08-20T07:37:39.8223380Z [command]/usr/bin/git version
2025-08-20T07:37:39.8258278Z git version 2.50.1
2025-08-20T07:37:39.8307639Z Temporarily overriding HOME='/home/runner/work/_temp/0ea8ff63-5d16-4e69-a111-ac4d5fad8a65' before making global git config changes
2025-08-20T07:37:39.8308914Z Adding repository directory to the temporary git global config as a safe directory
2025-08-20T07:37:39.8313927Z [command]/usr/bin/git config --global --add safe.directory /home/runner/work/AWA-App/AWA-App
2025-08-20T07:37:39.8348039Z [command]/usr/bin/git config --local --name-only --get-regexp core\.sshCommand
2025-08-20T07:37:39.8380205Z [command]/usr/bin/git submodule foreach --recursive sh -c "git config --local --name-only --get-regexp 'core\.sshCommand' && git config --local --unset-all 'core.sshCommand' || :"
2025-08-20T07:37:39.8603267Z [command]/usr/bin/git config --local --name-only --get-regexp http\.https\:\/\/github\.com\/\.extraheader
2025-08-20T07:37:39.8623531Z http.https://github.com/.extraheader
2025-08-20T07:37:39.8636417Z [command]/usr/bin/git config --local --unset-all http.https://github.com/.extraheader
2025-08-20T07:37:39.8667073Z [command]/usr/bin/git submodule foreach --recursive sh -c "git config --local --name-only --get-regexp 'http\.https\:\/\/github\.com\/\.extraheader' && git config --local --unset-all 'http.https://github.com/.extraheader' || :"
2025-08-20T07:37:39.8975195Z Print service container logs: dca9fc2293504c2c853606a903fa25d0_postgres15_ac8a18
2025-08-20T07:37:39.8979393Z ##[command]/usr/bin/docker logs --details 4b81346e62ac260a5a6fe98b256191fcd9c35cdbafc187f97064e7462f438498
2025-08-20T07:37:39.9101219Z  The files belonging to this database system will be owned by user "postgres".
2025-08-20T07:37:39.9103304Z  initdb: warning: enabling "trust" authentication for local connections
2025-08-20T07:37:39.9104368Z  initdb: hint: You can change this by editing pg_hba.conf or using the option -A, or --auth-local and --auth-host, the next time you run initdb.
2025-08-20T07:37:39.9105101Z  This user must also own the server process.
2025-08-20T07:37:39.9105372Z  
2025-08-20T07:37:39.9105632Z  The database cluster will be initialized with locale "en_US.utf8".
2025-08-20T07:37:39.9106053Z  The default database encoding has accordingly been set to "UTF8".
2025-08-20T07:37:39.9106440Z  The default text search configuration will be set to "english".
2025-08-20T07:37:39.9106765Z  
2025-08-20T07:37:39.9106940Z  Data page checksums are disabled.
2025-08-20T07:37:39.9107151Z  
2025-08-20T07:37:39.9107413Z  fixing permissions on existing directory /var/lib/postgresql/data ... ok
2025-08-20T07:37:39.9107762Z  creating subdirectories ... ok
2025-08-20T07:37:39.9108050Z  selecting dynamic shared memory implementation ... posix
2025-08-20T07:37:39.9108363Z  selecting default max_connections ... 100
2025-08-20T07:37:39.9108635Z  selecting default shared_buffers ... 128MB
2025-08-20T07:37:39.9108892Z  selecting default time zone ... Etc/UTC
2025-08-20T07:37:39.9109140Z  creating configuration files ... ok
2025-08-20T07:37:39.9109383Z  running bootstrap script ... ok
2025-08-20T07:37:39.9109647Z  performing post-bootstrap initialization ... ok
2025-08-20T07:37:39.9109920Z  syncing data to disk ... ok
2025-08-20T07:37:39.9110117Z  
2025-08-20T07:37:39.9110260Z  
2025-08-20T07:37:39.9110701Z  Success. You can now start the database server using:
2025-08-20T07:37:39.9110983Z  
2025-08-20T07:37:39.9111193Z      pg_ctl -D /var/lib/postgresql/data -l logfile start
2025-08-20T07:37:39.9111454Z  
2025-08-20T07:37:39.9111992Z  waiting for server to start....2025-08-20 07:35:21.883 UTC [48] LOG:  starting PostgreSQL 15.14 (Debian 15.14-1.pgdg13+1) on x86_64-pc-linux-gnu, compiled by gcc (Debian 14.2.0-19) 14.2.0, 64-bit
2025-08-20T07:37:39.9112723Z  2025-08-20 07:35:21.884 UTC [48] LOG:  listening on Unix socket "/var/run/postgresql/.s.PGSQL.5432"
2025-08-20T07:37:39.9113200Z  2025-08-20 07:35:21.887 UTC [51] LOG:  database system was shut down at 2025-08-20 07:35:21 UTC
2025-08-20T07:37:39.9113629Z  2025-08-20 07:35:21.891 UTC [48] LOG:  database system is ready to accept connections
2025-08-20T07:37:39.9113942Z   done
2025-08-20T07:37:39.9114101Z  server started
2025-08-20T07:37:39.9114278Z  CREATE DATABASE
2025-08-20T07:37:39.9114446Z  
2025-08-20T07:37:39.9114588Z  
2025-08-20T07:37:39.9115007Z  /usr/local/bin/docker-entrypoint.sh: ignoring /docker-entrypoint-initdb.d/*
2025-08-20T07:37:39.9115790Z  
2025-08-20T07:37:39.9116165Z  2025-08-20 07:35:22.101 UTC [48] LOG:  received fast shutdown request
2025-08-20T07:37:39.9116855Z  waiting for server to shut down....2025-08-20 07:35:22.102 UTC [48] LOG:  aborting any active transactions
2025-08-20T07:37:39.9117450Z  2025-08-20 07:35:22.103 UTC [48] LOG:  background worker "logical replication launcher" (PID 54) exited with exit code 1
2025-08-20T07:37:39.9118112Z  2025-08-20 07:35:22.103 UTC [49] LOG:  shutting down
2025-08-20T07:37:39.9118452Z  2025-08-20 07:35:22.104 UTC [49] LOG:  checkpoint starting: shutdown immediate
2025-08-20T07:37:39.9119241Z  2025-08-20 07:35:22.124 UTC [49] LOG:  checkpoint complete: wrote 922 buffers (5.6%); 0 WAL file(s) added, 0 removed, 0 recycled; write=0.017 s, sync=0.002 s, total=0.021 s; sync files=301, longest=0.001 s, average=0.001 s; distance=4239 kB, estimate=4239 kB
2025-08-20T07:37:39.9120016Z  2025-08-20 07:35:22.132 UTC [48] LOG:  database system is shut down
2025-08-20T07:37:39.9120666Z   done
2025-08-20T07:37:39.9120856Z  server stopped
2025-08-20T07:37:39.9121037Z  
2025-08-20T07:37:39.9121257Z  PostgreSQL init process complete; ready for start up.
2025-08-20T07:37:39.9121852Z  2025-08-20 07:35:22.231 UTC [1] LOG:  starting PostgreSQL 15.14 (Debian 15.14-1.pgdg13+1) on x86_64-pc-linux-gnu, compiled by gcc (Debian 14.2.0-19) 14.2.0, 64-bit
2025-08-20T07:37:39.9122452Z  2025-08-20 07:35:22.231 UTC [1] LOG:  listening on IPv4 address "0.0.0.0", port 5432
2025-08-20T07:37:39.9122855Z  2025-08-20 07:35:22.231 UTC [1] LOG:  listening on IPv6 address "::", port 5432
2025-08-20T07:37:39.9123295Z  2025-08-20 07:35:22.232 UTC [1] LOG:  listening on Unix socket "/var/run/postgresql/.s.PGSQL.5432"
2025-08-20T07:37:39.9123760Z  2025-08-20 07:35:22.235 UTC [64] LOG:  database system was shut down at 2025-08-20 07:35:22 UTC
2025-08-20T07:37:39.9124188Z  2025-08-20 07:35:22.239 UTC [1] LOG:  database system is ready to accept connections
2025-08-20T07:37:39.9124498Z  
2025-08-20T07:37:39.9129822Z Stop and remove container: dca9fc2293504c2c853606a903fa25d0_postgres15_ac8a18
2025-08-20T07:37:39.9134392Z ##[command]/usr/bin/docker rm --force 4b81346e62ac260a5a6fe98b256191fcd9c35cdbafc187f97064e7462f438498
2025-08-20T07:37:40.0267942Z 4b81346e62ac260a5a6fe98b256191fcd9c35cdbafc187f97064e7462f438498
2025-08-20T07:37:40.0288261Z Print service container logs: 6f5ab20db98241ffaf5fd8d48b0e8c02_redis7alpine_e091c9
2025-08-20T07:37:40.0289327Z ##[command]/usr/bin/docker logs --details cd7bb635830a73f167ffae520a5596a7331db598d1b12c204bb5f86fb3759943
2025-08-20T07:37:40.0403323Z  1:C 20 Aug 2025 07:35:22.266 # WARNING Memory overcommit must be enabled! Without it, a background save or replication may fail under low memory condition. Being disabled, it can also cause failures without low memory condition, see https://github.com/jemalloc/jemalloc/issues/1328. To fix this issue add 'vm.overcommit_memory = 1' to /etc/sysctl.conf and then reboot or run the command 'sysctl vm.overcommit_memory=1' for this to take effect.
2025-08-20T07:37:40.0405725Z  1:C 20 Aug 2025 07:35:22.266 * oO0OoO0OoO0Oo Redis is starting oO0OoO0OoO0Oo
2025-08-20T07:37:40.0406237Z  1:C 20 Aug 2025 07:35:22.266 * Redis version=7.4.5, bits=64, commit=00000000, modified=0, pid=1, just started
2025-08-20T07:37:40.0406922Z  1:C 20 Aug 2025 07:35:22.266 # Warning: no config file specified, using the default config. In order to specify a config file use redis-server /path/to/redis.conf
2025-08-20T07:37:40.0407524Z  1:M 20 Aug 2025 07:35:22.267 * monotonic clock: POSIX clock_gettime
2025-08-20T07:37:40.0407872Z  1:M 20 Aug 2025 07:35:22.267 * Running mode=standalone, port=6379.
2025-08-20T07:37:40.0408188Z  1:M 20 Aug 2025 07:35:22.267 * Server initialized
2025-08-20T07:37:40.0408518Z  1:M 20 Aug 2025 07:35:22.268 * Ready to accept connections tcp
2025-08-20T07:37:40.0416204Z Stop and remove container: 6f5ab20db98241ffaf5fd8d48b0e8c02_redis7alpine_e091c9
2025-08-20T07:37:40.0416913Z ##[command]/usr/bin/docker rm --force cd7bb635830a73f167ffae520a5596a7331db598d1b12c204bb5f86fb3759943
2025-08-20T07:37:40.1452713Z cd7bb635830a73f167ffae520a5596a7331db598d1b12c204bb5f86fb3759943
2025-08-20T07:37:40.1476525Z Remove container network: github_network_957ff16cbffa4bb49a48b3540232600e
2025-08-20T07:37:40.1481105Z ##[command]/usr/bin/docker network rm github_network_957ff16cbffa4bb49a48b3540232600e
2025-08-20T07:37:40.2633876Z github_network_957ff16cbffa4bb49a48b3540232600e
2025-08-20T07:37:40.2689942Z Cleaning up orphan processes
