2025-08-19T15:14:58.8476636Z Current runner version: '2.327.1'
2025-08-19T15:14:58.8511919Z ##[group]Runner Image Provisioner
2025-08-19T15:14:58.8513078Z Hosted Compute Agent
2025-08-19T15:14:58.8514043Z Version: 20250818.377
2025-08-19T15:14:58.8514911Z Commit: 3c593e9f75fe0b87e893bca80d6e12ba089c61fc
2025-08-19T15:14:58.8516045Z Build Date: 2025-08-18T14:52:18Z
2025-08-19T15:14:58.8517189Z ##[endgroup]
2025-08-19T15:14:58.8518225Z ##[group]Operating System
2025-08-19T15:14:58.8519142Z Ubuntu
2025-08-19T15:14:58.8520085Z 24.04.2
2025-08-19T15:14:58.8520889Z LTS
2025-08-19T15:14:58.8522106Z ##[endgroup]
2025-08-19T15:14:58.8523227Z ##[group]Runner Image
2025-08-19T15:14:58.8524178Z Image: ubuntu-24.04
2025-08-19T15:14:58.8524979Z Version: 20250810.1.0
2025-08-19T15:14:58.8526691Z Included Software: https://github.com/actions/runner-images/blob/ubuntu24/20250810.1/images/ubuntu/Ubuntu2404-Readme.md
2025-08-19T15:14:58.8529490Z Image Release: https://github.com/actions/runner-images/releases/tag/ubuntu24%2F20250810.1
2025-08-19T15:14:58.8531490Z ##[endgroup]
2025-08-19T15:14:58.8536032Z ##[group]GITHUB_TOKEN Permissions
2025-08-19T15:14:58.8539771Z Actions: write
2025-08-19T15:14:58.8540821Z Attestations: write
2025-08-19T15:14:58.8541942Z Checks: write
2025-08-19T15:14:58.8542864Z Contents: write
2025-08-19T15:14:58.8543674Z Deployments: write
2025-08-19T15:14:58.8544533Z Discussions: write
2025-08-19T15:14:58.8545308Z Issues: write
2025-08-19T15:14:58.8546185Z Metadata: read
2025-08-19T15:14:58.8546953Z Models: read
2025-08-19T15:14:58.8547825Z Packages: write
2025-08-19T15:14:58.8548823Z Pages: write
2025-08-19T15:14:58.8549574Z PullRequests: write
2025-08-19T15:14:58.8550563Z RepositoryProjects: write
2025-08-19T15:14:58.8551498Z SecurityEvents: write
2025-08-19T15:14:58.8552809Z Statuses: write
2025-08-19T15:14:58.8553627Z ##[endgroup]
2025-08-19T15:14:58.8556998Z Secret source: Actions
2025-08-19T15:14:58.8558659Z Prepare workflow directory
2025-08-19T15:14:58.9096715Z Prepare all required actions
2025-08-19T15:14:58.9153545Z Getting action download info
2025-08-19T15:14:59.2504401Z Download action repository 'actions/checkout@v4' (SHA:08eba0b27e820071cde6df949e0beb9ba4906955)
2025-08-19T15:14:59.8226227Z Download action repository 'actions/setup-python@v5' (SHA:a26af69be951a213d495a4c3e4e4022e16d87065)
2025-08-19T15:15:00.3514384Z Download action repository 'actions/upload-artifact@v4' (SHA:ea165f8d65b6e75b540449e92b4886f43607fa02)
2025-08-19T15:15:00.5629844Z Complete job name: unit
2025-08-19T15:15:00.6182131Z ##[group]Checking docker version
2025-08-19T15:15:00.6195516Z ##[command]/usr/bin/docker version --format '{{.Server.APIVersion}}'
2025-08-19T15:15:00.7188089Z '1.48'
2025-08-19T15:15:00.7200879Z Docker daemon API version: '1.48'
2025-08-19T15:15:00.7202172Z ##[command]/usr/bin/docker version --format '{{.Client.APIVersion}}'
2025-08-19T15:15:00.7370911Z '1.48'
2025-08-19T15:15:00.7387131Z Docker client API version: '1.48'
2025-08-19T15:15:00.7393854Z ##[endgroup]
2025-08-19T15:15:00.7397116Z ##[group]Clean up resources from previous jobs
2025-08-19T15:15:00.7403527Z ##[command]/usr/bin/docker ps --all --quiet --no-trunc --filter "label=f177ed"
2025-08-19T15:15:00.7552056Z ##[command]/usr/bin/docker network prune --force --filter "label=f177ed"
2025-08-19T15:15:00.7697259Z ##[endgroup]
2025-08-19T15:15:00.7697872Z ##[group]Create local container network
2025-08-19T15:15:00.7708621Z ##[command]/usr/bin/docker network create --label f177ed github_network_8e5ea0950870420ab3f48eaaa673c70a
2025-08-19T15:15:00.8232731Z c4378fd84979ab6073ea52bad3049dec20d36ddc23be129fff9a39ee7c4db374
2025-08-19T15:15:00.8258066Z ##[endgroup]
2025-08-19T15:15:00.8294255Z ##[group]Starting postgres service container
2025-08-19T15:15:00.8315125Z ##[command]/usr/bin/docker pull postgres:15
2025-08-19T15:15:01.5161078Z 15: Pulling from library/postgres
2025-08-19T15:15:01.6799328Z 396b1da7636e: Pulling fs layer
2025-08-19T15:15:01.6801088Z fca2566eba32: Pulling fs layer
2025-08-19T15:15:01.6802502Z 631fe8c6d606: Pulling fs layer
2025-08-19T15:15:01.6803475Z 77c7671c4414: Pulling fs layer
2025-08-19T15:15:01.6804882Z 2d9e29180a27: Pulling fs layer
2025-08-19T15:15:01.6805823Z c6bcc2c9a041: Pulling fs layer
2025-08-19T15:15:01.6807136Z ac4b721eb66f: Pulling fs layer
2025-08-19T15:15:01.6808073Z 606bd164980e: Pulling fs layer
2025-08-19T15:15:01.6809041Z f5dfd246bc6e: Pulling fs layer
2025-08-19T15:15:01.6809898Z ba7036bb0a60: Pulling fs layer
2025-08-19T15:15:01.6810712Z 799f859abbbd: Pulling fs layer
2025-08-19T15:15:01.6811458Z d903e777080c: Pulling fs layer
2025-08-19T15:15:01.6812449Z 04adcb462801: Pulling fs layer
2025-08-19T15:15:01.6813229Z 5c10925b29ff: Pulling fs layer
2025-08-19T15:15:01.6813942Z 2d9e29180a27: Waiting
2025-08-19T15:15:01.6814572Z c6bcc2c9a041: Waiting
2025-08-19T15:15:01.6815183Z ac4b721eb66f: Waiting
2025-08-19T15:15:01.6815810Z 606bd164980e: Waiting
2025-08-19T15:15:01.6816464Z f5dfd246bc6e: Waiting
2025-08-19T15:15:01.6817133Z ba7036bb0a60: Waiting
2025-08-19T15:15:01.6817780Z 799f859abbbd: Waiting
2025-08-19T15:15:01.6818439Z d903e777080c: Waiting
2025-08-19T15:15:01.6819097Z 04adcb462801: Waiting
2025-08-19T15:15:01.6819744Z 5c10925b29ff: Waiting
2025-08-19T15:15:01.6820384Z 77c7671c4414: Waiting
2025-08-19T15:15:01.9284266Z fca2566eba32: Verifying Checksum
2025-08-19T15:15:01.9286568Z fca2566eba32: Download complete
2025-08-19T15:15:02.0884719Z 631fe8c6d606: Verifying Checksum
2025-08-19T15:15:02.0886450Z 631fe8c6d606: Download complete
2025-08-19T15:15:02.3173791Z 77c7671c4414: Verifying Checksum
2025-08-19T15:15:02.3175865Z 77c7671c4414: Download complete
2025-08-19T15:15:02.4805661Z 2d9e29180a27: Verifying Checksum
2025-08-19T15:15:02.4807407Z 2d9e29180a27: Download complete
2025-08-19T15:15:02.6400198Z c6bcc2c9a041: Verifying Checksum
2025-08-19T15:15:02.6401120Z c6bcc2c9a041: Download complete
2025-08-19T15:15:02.7158371Z ac4b721eb66f: Verifying Checksum
2025-08-19T15:15:02.7159038Z ac4b721eb66f: Download complete
2025-08-19T15:15:02.8977695Z 606bd164980e: Verifying Checksum
2025-08-19T15:15:02.8978515Z 606bd164980e: Download complete
2025-08-19T15:15:03.2000494Z ba7036bb0a60: Verifying Checksum
2025-08-19T15:15:03.2001214Z ba7036bb0a60: Download complete
2025-08-19T15:15:03.4609765Z 799f859abbbd: Download complete
2025-08-19T15:15:03.5024313Z 396b1da7636e: Verifying Checksum
2025-08-19T15:15:03.5026158Z 396b1da7636e: Download complete
2025-08-19T15:15:03.7711950Z d903e777080c: Download complete
2025-08-19T15:15:03.8034702Z 04adcb462801: Verifying Checksum
2025-08-19T15:15:03.8036219Z 04adcb462801: Download complete
2025-08-19T15:15:04.0012140Z 5c10925b29ff: Verifying Checksum
2025-08-19T15:15:04.0012721Z 5c10925b29ff: Download complete
2025-08-19T15:15:04.4746792Z 396b1da7636e: Pull complete
2025-08-19T15:15:04.7504128Z f5dfd246bc6e: Verifying Checksum
2025-08-19T15:15:04.7504795Z f5dfd246bc6e: Download complete
2025-08-19T15:15:05.5236231Z fca2566eba32: Pull complete
2025-08-19T15:15:05.6969767Z 631fe8c6d606: Pull complete
2025-08-19T15:15:05.7405076Z 77c7671c4414: Pull complete
2025-08-19T15:15:06.0531030Z 2d9e29180a27: Pull complete
2025-08-19T15:15:06.1399592Z c6bcc2c9a041: Pull complete
2025-08-19T15:15:06.1491008Z ac4b721eb66f: Pull complete
2025-08-19T15:15:06.1620507Z 606bd164980e: Pull complete
2025-08-19T15:15:09.1382593Z f5dfd246bc6e: Pull complete
2025-08-19T15:15:09.1552946Z ba7036bb0a60: Pull complete
2025-08-19T15:15:09.1675143Z 799f859abbbd: Pull complete
2025-08-19T15:15:09.1792224Z d903e777080c: Pull complete
2025-08-19T15:15:09.1952696Z 04adcb462801: Pull complete
2025-08-19T15:15:09.2079024Z 5c10925b29ff: Pull complete
2025-08-19T15:15:09.2130663Z Digest: sha256:bc51cf4f1fe02cce7ed2370b20128a9b00b4eb804573a77d2a0d877aaa9c82b1
2025-08-19T15:15:09.2145032Z Status: Downloaded newer image for postgres:15
2025-08-19T15:15:09.2157174Z docker.io/library/postgres:15
2025-08-19T15:15:09.2224469Z ##[command]/usr/bin/docker create --name 66f71dde38bc47c38c5fab1867b1d1ec_postgres15_cc7996 --label f177ed --network github_network_8e5ea0950870420ab3f48eaaa673c70a --network-alias postgres -p 5432:5432 --health-cmd="pg_isready -U postgres -d awa" --health-interval=5s --health-timeout=5s --health-retries=10 -e "POSTGRES_USER=postgres" -e "POSTGRES_PASSWORD=pass" -e "POSTGRES_DB=awa" -e GITHUB_ACTIONS=true -e CI=true postgres:15
2025-08-19T15:15:09.2505648Z 6263da655d207995e62d86ab0df6044bfaa3119b824fcf3c292d07ce4bbd0220
2025-08-19T15:15:09.2536136Z ##[command]/usr/bin/docker start 6263da655d207995e62d86ab0df6044bfaa3119b824fcf3c292d07ce4bbd0220
2025-08-19T15:15:09.5003305Z 6263da655d207995e62d86ab0df6044bfaa3119b824fcf3c292d07ce4bbd0220
2025-08-19T15:15:09.5034533Z ##[command]/usr/bin/docker ps --all --filter id=6263da655d207995e62d86ab0df6044bfaa3119b824fcf3c292d07ce4bbd0220 --filter status=running --no-trunc --format "{{.ID}} {{.Status}}"
2025-08-19T15:15:09.5200322Z 6263da655d207995e62d86ab0df6044bfaa3119b824fcf3c292d07ce4bbd0220 Up Less than a second (health: starting)
2025-08-19T15:15:09.5225786Z ##[command]/usr/bin/docker port 6263da655d207995e62d86ab0df6044bfaa3119b824fcf3c292d07ce4bbd0220
2025-08-19T15:15:09.5380661Z 5432/tcp -> 0.0.0.0:5432
2025-08-19T15:15:09.5382096Z 5432/tcp -> [::]:5432
2025-08-19T15:15:09.5433495Z ##[endgroup]
2025-08-19T15:15:09.5434766Z ##[group]Starting redis service container
2025-08-19T15:15:09.5436369Z ##[command]/usr/bin/docker pull redis:7-alpine
2025-08-19T15:15:10.2174034Z 7-alpine: Pulling from library/redis
2025-08-19T15:15:10.4576386Z 0368fd46e3c6: Pulling fs layer
2025-08-19T15:15:10.4579325Z 4c55286bbede: Pulling fs layer
2025-08-19T15:15:10.4582989Z 5e28347af205: Pulling fs layer
2025-08-19T15:15:10.4587808Z 311eca34042e: Pulling fs layer
2025-08-19T15:15:10.4588410Z e6fe6f07e192: Pulling fs layer
2025-08-19T15:15:10.4589093Z a2cadbfeca72: Pulling fs layer
2025-08-19T15:15:10.4589630Z 4f4fb700ef54: Pulling fs layer
2025-08-19T15:15:10.4590235Z a976ed7e7808: Pulling fs layer
2025-08-19T15:15:10.4590838Z e6fe6f07e192: Waiting
2025-08-19T15:15:10.4591241Z a2cadbfeca72: Waiting
2025-08-19T15:15:10.4591871Z 4f4fb700ef54: Waiting
2025-08-19T15:15:10.4592260Z a976ed7e7808: Waiting
2025-08-19T15:15:10.4592609Z 311eca34042e: Waiting
2025-08-19T15:15:10.6764365Z 4c55286bbede: Download complete
2025-08-19T15:15:10.7649033Z 5e28347af205: Verifying Checksum
2025-08-19T15:15:10.7650298Z 5e28347af205: Download complete
2025-08-19T15:15:10.7992900Z 0368fd46e3c6: Verifying Checksum
2025-08-19T15:15:10.7993670Z 0368fd46e3c6: Download complete
2025-08-19T15:15:10.9017928Z 0368fd46e3c6: Pull complete
2025-08-19T15:15:10.9493805Z 4c55286bbede: Pull complete
2025-08-19T15:15:10.9788280Z 311eca34042e: Verifying Checksum
2025-08-19T15:15:10.9788992Z 311eca34042e: Download complete
2025-08-19T15:15:11.0639865Z a2cadbfeca72: Verifying Checksum
2025-08-19T15:15:11.0640772Z a2cadbfeca72: Download complete
2025-08-19T15:15:11.0939165Z 5e28347af205: Pull complete
2025-08-19T15:15:11.1228908Z 311eca34042e: Pull complete
2025-08-19T15:15:11.1851211Z e6fe6f07e192: Verifying Checksum
2025-08-19T15:15:11.1851995Z e6fe6f07e192: Download complete
2025-08-19T15:15:11.2156857Z 4f4fb700ef54: Verifying Checksum
2025-08-19T15:15:11.2157775Z 4f4fb700ef54: Download complete
2025-08-19T15:15:11.2796183Z a976ed7e7808: Download complete
2025-08-19T15:15:11.3642405Z e6fe6f07e192: Pull complete
2025-08-19T15:15:11.3742756Z a2cadbfeca72: Pull complete
2025-08-19T15:15:11.3891509Z 4f4fb700ef54: Pull complete
2025-08-19T15:15:11.4004154Z a976ed7e7808: Pull complete
2025-08-19T15:15:11.4046650Z Digest: sha256:bb186d083732f669da90be8b0f975a37812b15e913465bb14d845db72a4e3e08
2025-08-19T15:15:11.4059570Z Status: Downloaded newer image for redis:7-alpine
2025-08-19T15:15:11.4067658Z docker.io/library/redis:7-alpine
2025-08-19T15:15:11.4086623Z ##[command]/usr/bin/docker create --name cc30197247624191b92798885dcf6a80_redis7alpine_a7f265 --label f177ed --network github_network_8e5ea0950870420ab3f48eaaa673c70a --network-alias redis -p 6379:6379  -e GITHUB_ACTIONS=true -e CI=true redis:7-alpine
2025-08-19T15:15:11.4365991Z 52505eba44e63ecd1c2ec3a6e8171a9b35e3107eabc94b8a341f8262a66e97d1
2025-08-19T15:15:11.4384719Z ##[command]/usr/bin/docker start 52505eba44e63ecd1c2ec3a6e8171a9b35e3107eabc94b8a341f8262a66e97d1
2025-08-19T15:15:11.5830736Z 52505eba44e63ecd1c2ec3a6e8171a9b35e3107eabc94b8a341f8262a66e97d1
2025-08-19T15:15:11.5848353Z ##[command]/usr/bin/docker ps --all --filter id=52505eba44e63ecd1c2ec3a6e8171a9b35e3107eabc94b8a341f8262a66e97d1 --filter status=running --no-trunc --format "{{.ID}} {{.Status}}"
2025-08-19T15:15:11.5965760Z 52505eba44e63ecd1c2ec3a6e8171a9b35e3107eabc94b8a341f8262a66e97d1 Up Less than a second
2025-08-19T15:15:11.5979494Z ##[command]/usr/bin/docker port 52505eba44e63ecd1c2ec3a6e8171a9b35e3107eabc94b8a341f8262a66e97d1
2025-08-19T15:15:11.6098251Z 6379/tcp -> 0.0.0.0:6379
2025-08-19T15:15:11.6098923Z 6379/tcp -> [::]:6379
2025-08-19T15:15:11.6112897Z ##[endgroup]
2025-08-19T15:15:11.6124323Z ##[group]Waiting for all services to be ready
2025-08-19T15:15:11.6137994Z ##[command]/usr/bin/docker inspect --format="{{if .Config.Healthcheck}}{{print .State.Health.Status}}{{end}}" 6263da655d207995e62d86ab0df6044bfaa3119b824fcf3c292d07ce4bbd0220
2025-08-19T15:15:11.6250613Z starting
2025-08-19T15:15:11.6270386Z postgres service is starting, waiting 2 seconds before checking again.
2025-08-19T15:15:13.6272330Z ##[command]/usr/bin/docker inspect --format="{{if .Config.Healthcheck}}{{print .State.Health.Status}}{{end}}" 6263da655d207995e62d86ab0df6044bfaa3119b824fcf3c292d07ce4bbd0220
2025-08-19T15:15:13.6393376Z starting
2025-08-19T15:15:13.6409350Z postgres service is starting, waiting 3 seconds before checking again.
2025-08-19T15:15:17.5783085Z ##[command]/usr/bin/docker inspect --format="{{if .Config.Healthcheck}}{{print .State.Health.Status}}{{end}}" 6263da655d207995e62d86ab0df6044bfaa3119b824fcf3c292d07ce4bbd0220
2025-08-19T15:15:17.5905787Z healthy
2025-08-19T15:15:17.5924554Z postgres service is healthy.
2025-08-19T15:15:17.5925491Z ##[command]/usr/bin/docker inspect --format="{{if .Config.Healthcheck}}{{print .State.Health.Status}}{{end}}" 52505eba44e63ecd1c2ec3a6e8171a9b35e3107eabc94b8a341f8262a66e97d1
2025-08-19T15:15:17.6059794Z redis service is healthy.
2025-08-19T15:15:17.6060546Z ##[endgroup]
2025-08-19T15:15:17.6308001Z ##[group]Run actions/checkout@v4
2025-08-19T15:15:17.6308531Z with:
2025-08-19T15:15:17.6308723Z   repository: AlexBomber12/AWA-App
2025-08-19T15:15:17.6309111Z   token: ***
2025-08-19T15:15:17.6309292Z   ssh-strict: true
2025-08-19T15:15:17.6309472Z   ssh-user: git
2025-08-19T15:15:17.6309653Z   persist-credentials: true
2025-08-19T15:15:17.6309864Z   clean: true
2025-08-19T15:15:17.6310044Z   sparse-checkout-cone-mode: true
2025-08-19T15:15:17.6310267Z   fetch-depth: 1
2025-08-19T15:15:17.6310442Z   fetch-tags: false
2025-08-19T15:15:17.6310620Z   show-progress: true
2025-08-19T15:15:17.6310808Z   lfs: false
2025-08-19T15:15:17.6310962Z   submodules: false
2025-08-19T15:15:17.6311147Z   set-safe-directory: true
2025-08-19T15:15:17.6311671Z env:
2025-08-19T15:15:17.6311908Z   REDIS_URL: redis://localhost:6379/0
2025-08-19T15:15:17.6312171Z   RATE_LIMIT_DEFAULT: 100/minute
2025-08-19T15:15:17.6312384Z   TRUST_X_FORWARDED: 1
2025-08-19T15:15:17.6312578Z ##[endgroup]
2025-08-19T15:15:17.7396466Z Syncing repository: AlexBomber12/AWA-App
2025-08-19T15:15:17.7397702Z ##[group]Getting Git version info
2025-08-19T15:15:17.7398077Z Working directory is '/home/runner/work/AWA-App/AWA-App'
2025-08-19T15:15:17.7398599Z [command]/usr/bin/git version
2025-08-19T15:15:17.7484648Z git version 2.50.1
2025-08-19T15:15:17.7510157Z ##[endgroup]
2025-08-19T15:15:17.7524002Z Temporarily overriding HOME='/home/runner/work/_temp/7c0fb6e8-c5fd-430e-ba87-af36f66e685b' before making global git config changes
2025-08-19T15:15:17.7525648Z Adding repository directory to the temporary git global config as a safe directory
2025-08-19T15:15:17.7528973Z [command]/usr/bin/git config --global --add safe.directory /home/runner/work/AWA-App/AWA-App
2025-08-19T15:15:17.7564771Z Deleting the contents of '/home/runner/work/AWA-App/AWA-App'
2025-08-19T15:15:17.7568194Z ##[group]Initializing the repository
2025-08-19T15:15:17.7572201Z [command]/usr/bin/git init /home/runner/work/AWA-App/AWA-App
2025-08-19T15:15:17.7672540Z hint: Using 'master' as the name for the initial branch. This default branch name
2025-08-19T15:15:17.7673215Z hint: is subject to change. To configure the initial branch name to use in all
2025-08-19T15:15:17.7674051Z hint: of your new repositories, which will suppress this warning, call:
2025-08-19T15:15:17.7674713Z hint:
2025-08-19T15:15:17.7675229Z hint: 	git config --global init.defaultBranch <name>
2025-08-19T15:15:17.7675823Z hint:
2025-08-19T15:15:17.7676365Z hint: Names commonly chosen instead of 'master' are 'main', 'trunk' and
2025-08-19T15:15:17.7677463Z hint: 'development'. The just-created branch can be renamed via this command:
2025-08-19T15:15:17.7678271Z hint:
2025-08-19T15:15:17.7678668Z hint: 	git branch -m <name>
2025-08-19T15:15:17.7679088Z hint:
2025-08-19T15:15:17.7679626Z hint: Disable this message with "git config set advice.defaultBranchName false"
2025-08-19T15:15:17.7680288Z Initialized empty Git repository in /home/runner/work/AWA-App/AWA-App/.git/
2025-08-19T15:15:17.7689570Z [command]/usr/bin/git remote add origin https://github.com/AlexBomber12/AWA-App
2025-08-19T15:15:17.7723917Z ##[endgroup]
2025-08-19T15:15:17.7724581Z ##[group]Disabling automatic garbage collection
2025-08-19T15:15:17.7728057Z [command]/usr/bin/git config --local gc.auto 0
2025-08-19T15:15:17.7755510Z ##[endgroup]
2025-08-19T15:15:17.7755947Z ##[group]Setting up auth
2025-08-19T15:15:17.7762686Z [command]/usr/bin/git config --local --name-only --get-regexp core\.sshCommand
2025-08-19T15:15:17.7792167Z [command]/usr/bin/git submodule foreach --recursive sh -c "git config --local --name-only --get-regexp 'core\.sshCommand' && git config --local --unset-all 'core.sshCommand' || :"
2025-08-19T15:15:17.8117061Z [command]/usr/bin/git config --local --name-only --get-regexp http\.https\:\/\/github\.com\/\.extraheader
2025-08-19T15:15:17.8147005Z [command]/usr/bin/git submodule foreach --recursive sh -c "git config --local --name-only --get-regexp 'http\.https\:\/\/github\.com\/\.extraheader' && git config --local --unset-all 'http.https://github.com/.extraheader' || :"
2025-08-19T15:15:17.8367012Z [command]/usr/bin/git config --local http.https://github.com/.extraheader AUTHORIZATION: basic ***
2025-08-19T15:15:17.8409622Z ##[endgroup]
2025-08-19T15:15:17.8410169Z ##[group]Fetching the repository
2025-08-19T15:15:17.8418284Z [command]/usr/bin/git -c protocol.version=2 fetch --no-tags --prune --no-recurse-submodules --depth=1 origin +55fda8c044baaa9e9aae7e53a0b32a1a362bc5a9:refs/remotes/pull/280/merge
2025-08-19T15:15:18.2922200Z From https://github.com/AlexBomber12/AWA-App
2025-08-19T15:15:18.2922828Z  * [new ref]         55fda8c044baaa9e9aae7e53a0b32a1a362bc5a9 -> pull/280/merge
2025-08-19T15:15:18.2953118Z ##[endgroup]
2025-08-19T15:15:18.2954006Z ##[group]Determining the checkout info
2025-08-19T15:15:18.2956319Z ##[endgroup]
2025-08-19T15:15:18.2961984Z [command]/usr/bin/git sparse-checkout disable
2025-08-19T15:15:18.3002746Z [command]/usr/bin/git config --local --unset-all extensions.worktreeConfig
2025-08-19T15:15:18.3031295Z ##[group]Checking out the ref
2025-08-19T15:15:18.3034984Z [command]/usr/bin/git checkout --progress --force refs/remotes/pull/280/merge
2025-08-19T15:15:18.3316200Z Note: switching to 'refs/remotes/pull/280/merge'.
2025-08-19T15:15:18.3316709Z 
2025-08-19T15:15:18.3317052Z You are in 'detached HEAD' state. You can look around, make experimental
2025-08-19T15:15:18.3317841Z changes and commit them, and you can discard any commits you make in this
2025-08-19T15:15:18.3318611Z state without impacting any branches by switching back to a branch.
2025-08-19T15:15:18.3319066Z 
2025-08-19T15:15:18.3319372Z If you want to create a new branch to retain commits you create, you may
2025-08-19T15:15:18.3320269Z do so (now or later) by using -c with the switch command. Example:
2025-08-19T15:15:18.3321125Z 
2025-08-19T15:15:18.3321406Z   git switch -c <new-branch-name>
2025-08-19T15:15:18.3322146Z 
2025-08-19T15:15:18.3322468Z Or undo this operation with:
2025-08-19T15:15:18.3323314Z 
2025-08-19T15:15:18.3323568Z   git switch -
2025-08-19T15:15:18.3323888Z 
2025-08-19T15:15:18.3324497Z Turn off this advice by setting config variable advice.detachedHead to false
2025-08-19T15:15:18.3325350Z 
2025-08-19T15:15:18.3326317Z HEAD is now at 55fda8c Merge 335751ab86c74e7d5b6775dc8d2d0635fcd10f08 into 8d100ee6d444503d1eb658249e0803ecd3b6503d
2025-08-19T15:15:18.3329309Z ##[endgroup]
2025-08-19T15:15:18.3365098Z [command]/usr/bin/git log -1 --format=%H
2025-08-19T15:15:18.3387085Z 55fda8c044baaa9e9aae7e53a0b32a1a362bc5a9
2025-08-19T15:15:18.3552869Z ##[group]Run cat .env.ci >> "$GITHUB_ENV"
2025-08-19T15:15:18.3553229Z [36;1mcat .env.ci >> "$GITHUB_ENV"[0m
2025-08-19T15:15:18.3553958Z [36;1mecho "DATABASE_URL=***localhost:5432/awa" >> "$GITHUB_ENV"[0m
2025-08-19T15:15:18.3554344Z [36;1mecho "PG_HOST=localhost" >> "$GITHUB_ENV"[0m
2025-08-19T15:15:18.3554645Z [36;1mecho "PG_PORT=5432" >> "$GITHUB_ENV"[0m
2025-08-19T15:15:18.3554939Z [36;1mecho "PG_USER=postgres" >> "$GITHUB_ENV"[0m
2025-08-19T15:15:18.3555258Z [36;1mecho "PG_PASSWORD=pass" >> "$GITHUB_ENV"[0m
2025-08-19T15:15:18.3555552Z [36;1mecho "PG_DATABASE=awa" >> "$GITHUB_ENV"[0m
2025-08-19T15:15:18.3600222Z shell: /usr/bin/bash -e {0}
2025-08-19T15:15:18.3600478Z env:
2025-08-19T15:15:18.3600699Z   REDIS_URL: redis://localhost:6379/0
2025-08-19T15:15:18.3600976Z   RATE_LIMIT_DEFAULT: 100/minute
2025-08-19T15:15:18.3601224Z   TRUST_X_FORWARDED: 1
2025-08-19T15:15:18.3601425Z ##[endgroup]
2025-08-19T15:15:18.3770665Z ##[group]Run actions/setup-python@v5
2025-08-19T15:15:18.3770922Z with:
2025-08-19T15:15:18.3771097Z   python-version: 3.12
2025-08-19T15:15:18.3771283Z   cache: pip
2025-08-19T15:15:18.3771494Z   cache-dependency-path: requirements-dev.txt
2025-08-19T15:15:18.3772017Z   check-latest: false
2025-08-19T15:15:18.3772312Z   token: ***
2025-08-19T15:15:18.3772502Z   update-environment: true
2025-08-19T15:15:18.3772716Z   allow-prereleases: false
2025-08-19T15:15:18.3772923Z   freethreaded: false
2025-08-19T15:15:18.3773115Z env:
2025-08-19T15:15:18.3773303Z   REDIS_URL: redis://localhost:6379/0
2025-08-19T15:15:18.3773553Z   RATE_LIMIT_DEFAULT: 100/minute
2025-08-19T15:15:18.3773775Z   TRUST_X_FORWARDED: 1
2025-08-19T15:15:18.3773968Z   PG_USER: postgres
2025-08-19T15:15:18.3774146Z   PG_PASSWORD: pass
2025-08-19T15:15:18.3774337Z   PG_DATABASE: awa
2025-08-19T15:15:18.3774512Z   PG_HOST: localhost
2025-08-19T15:15:18.3774700Z   PG_PORT: 5432
2025-08-19T15:15:18.3775109Z   PG_SYNC_DSN: ***localhost:5432/awa
2025-08-19T15:15:18.3775497Z   PG_ASYNC_DSN: ***localhost:5432/awa
2025-08-19T15:15:18.3775878Z   DATABASE_URL: ***localhost:5432/awa
2025-08-19T15:15:18.3776102Z   DATA_DIR: /tmp/awa-data
2025-08-19T15:15:18.3776298Z   ENABLE_LIVE: 0
2025-08-19T15:15:18.3776463Z   TESTING: 1
2025-08-19T15:15:18.3776626Z ##[endgroup]
2025-08-19T15:15:18.5493576Z ##[group]Installed versions
2025-08-19T15:15:18.5603693Z Successfully set up CPython (3.12.11)
2025-08-19T15:15:18.5604489Z ##[endgroup]
2025-08-19T15:15:18.5907669Z [command]/opt/hostedtoolcache/Python/3.12.11/x64/bin/pip cache dir
2025-08-19T15:15:19.0160567Z /home/runner/.cache/pip
2025-08-19T15:15:19.2004868Z Cache hit for: setup-python-Linux-x64-24.04-Ubuntu-python-3.12.11-pip-9de5cb0422a390759e34b2174ad2a206e054e5ff6c60a2fa9b41fd71e56eb705
2025-08-19T15:15:20.3772112Z Received 67108864 of 334004709 (20.1%), 64.0 MBs/sec
2025-08-19T15:15:21.3801883Z Received 234881024 of 334004709 (70.3%), 111.9 MBs/sec
2025-08-19T15:15:22.0826915Z Received 334004709 of 334004709 (100.0%), 117.7 MBs/sec
2025-08-19T15:15:22.0829672Z Cache Size: ~319 MB (334004709 B)
2025-08-19T15:15:22.0873345Z [command]/usr/bin/tar -xf /home/runner/work/_temp/1f3f8a6c-f502-4825-9d20-d9eedfcb85ad/cache.tzst -P -C /home/runner/work/AWA-App/AWA-App --use-compress-program unzstd
2025-08-19T15:15:22.6363723Z Cache restored successfully
2025-08-19T15:15:22.7053608Z Cache restored from key: setup-python-Linux-x64-24.04-Ubuntu-python-3.12.11-pip-6c9c3534c70e4d29c16ea711c54dd4ebd9a175d8effaafe37ba13f765231bb20
2025-08-19T15:15:22.7239610Z ##[group]Run pip install -r requirements-dev.txt
2025-08-19T15:15:22.7240059Z [36;1mpip install -r requirements-dev.txt[0m
2025-08-19T15:15:22.7240376Z [36;1mpip install keepa==1.3.15 minio==7.1.15[0m
2025-08-19T15:15:22.7287918Z shell: /usr/bin/bash -e {0}
2025-08-19T15:15:22.7288177Z env:
2025-08-19T15:15:22.7288415Z   REDIS_URL: redis://localhost:6379/0
2025-08-19T15:15:22.7288723Z   RATE_LIMIT_DEFAULT: 100/minute
2025-08-19T15:15:22.7288981Z   TRUST_X_FORWARDED: 1
2025-08-19T15:15:22.7289219Z   PG_USER: postgres
2025-08-19T15:15:22.7289450Z   PG_PASSWORD: pass
2025-08-19T15:15:22.7289659Z   PG_DATABASE: awa
2025-08-19T15:15:22.7289884Z   PG_HOST: localhost
2025-08-19T15:15:22.7290113Z   PG_PORT: 5432
2025-08-19T15:15:22.7290680Z   PG_SYNC_DSN: ***localhost:5432/awa
2025-08-19T15:15:22.7291209Z   PG_ASYNC_DSN: ***localhost:5432/awa
2025-08-19T15:15:22.7291783Z   DATABASE_URL: ***localhost:5432/awa
2025-08-19T15:15:22.7292070Z   DATA_DIR: /tmp/awa-data
2025-08-19T15:15:22.7292383Z   ENABLE_LIVE: 0
2025-08-19T15:15:22.7292581Z   TESTING: 1
2025-08-19T15:15:22.7292860Z   pythonLocation: /opt/hostedtoolcache/Python/3.12.11/x64
2025-08-19T15:15:22.7293334Z   PKG_CONFIG_PATH: /opt/hostedtoolcache/Python/3.12.11/x64/lib/pkgconfig
2025-08-19T15:15:22.7293794Z   Python_ROOT_DIR: /opt/hostedtoolcache/Python/3.12.11/x64
2025-08-19T15:15:22.7294197Z   Python2_ROOT_DIR: /opt/hostedtoolcache/Python/3.12.11/x64
2025-08-19T15:15:22.7294613Z   Python3_ROOT_DIR: /opt/hostedtoolcache/Python/3.12.11/x64
2025-08-19T15:15:22.7295034Z   LD_LIBRARY_PATH: /opt/hostedtoolcache/Python/3.12.11/x64/lib
2025-08-19T15:15:22.7295373Z ##[endgroup]
2025-08-19T15:15:23.5905981Z Collecting Jinja2==3.1.6 (from -r requirements-dev.txt (line 2))
2025-08-19T15:15:23.5920176Z   Using cached jinja2-3.1.6-py3-none-any.whl.metadata (2.9 kB)
2025-08-19T15:15:23.6272191Z Collecting alembic==1.13.1 (from -r requirements-dev.txt (line 3))
2025-08-19T15:15:23.6285517Z   Using cached alembic-1.13.1-py3-none-any.whl.metadata (7.4 kB)
2025-08-19T15:15:23.6579077Z Collecting apscheduler==3.10.4 (from -r requirements-dev.txt (line 4))
2025-08-19T15:15:23.6593779Z   Using cached APScheduler-3.10.4-py3-none-any.whl.metadata (5.7 kB)
2025-08-19T15:15:23.6874708Z Collecting asgi-correlation-id==4.3.1 (from -r requirements-dev.txt (line 5))
2025-08-19T15:15:23.6886480Z   Using cached asgi_correlation_id-4.3.1-py3-none-any.whl.metadata (28 kB)
2025-08-19T15:15:23.7467748Z Collecting asyncpg==0.30.0 (from -r requirements-dev.txt (line 6))
2025-08-19T15:15:23.7480889Z   Using cached asyncpg-0.30.0-cp312-cp312-manylinux_2_17_x86_64.manylinux2014_x86_64.whl.metadata (5.0 kB)
2025-08-19T15:15:23.8038529Z Collecting black==25.1.0 (from -r requirements-dev.txt (line 7))
2025-08-19T15:15:23.8052095Z   Using cached black-25.1.0-cp312-cp312-manylinux_2_17_x86_64.manylinux2014_x86_64.manylinux_2_28_x86_64.whl.metadata (81 kB)
2025-08-19T15:15:24.1483213Z Collecting boto3 (from -r requirements-dev.txt (line 8))
2025-08-19T15:15:24.1496923Z   Using cached boto3-1.40.12-py3-none-any.whl.metadata (6.7 kB)
2025-08-19T15:15:24.1907678Z Collecting redis==6.* (from -r requirements-dev.txt (line 9))
2025-08-19T15:15:24.1920094Z   Using cached redis-6.4.0-py3-none-any.whl.metadata (10 kB)
2025-08-19T15:15:24.2352205Z Collecting minio==7.* (from -r requirements-dev.txt (line 10))
2025-08-19T15:15:24.2364823Z   Using cached minio-7.2.16-py3-none-any.whl.metadata (6.5 kB)
2025-08-19T15:15:24.2815793Z Collecting celery==5.5.3 (from -r requirements-dev.txt (line 11))
2025-08-19T15:15:24.2828153Z   Using cached celery-5.5.3-py3-none-any.whl.metadata (22 kB)
2025-08-19T15:15:24.3526053Z Collecting fastapi==0.116.1 (from -r requirements-dev.txt (line 12))
2025-08-19T15:15:24.3538743Z   Using cached fastapi-0.116.1-py3-none-any.whl.metadata (28 kB)
2025-08-19T15:15:24.4182566Z Collecting fastapi-limiter==0.1.6 (from -r requirements-dev.txt (line 14))
2025-08-19T15:15:24.4194585Z   Using cached fastapi_limiter-0.1.6-py3-none-any.whl.metadata (5.3 kB)
2025-08-19T15:15:24.4500128Z Collecting httpx<0.29,>=0.27 (from -r requirements-dev.txt (line 15))
2025-08-19T15:15:24.4511666Z   Using cached httpx-0.28.1-py3-none-any.whl.metadata (7.1 kB)
2025-08-19T15:15:24.4766622Z Collecting imapclient==3.0.1 (from -r requirements-dev.txt (line 16))
2025-08-19T15:15:24.4778026Z   Using cached IMAPClient-3.0.1-py2.py3-none-any.whl.metadata (1.7 kB)
2025-08-19T15:15:24.5007064Z Collecting itsdangerous (from -r requirements-dev.txt (line 17))
2025-08-19T15:15:24.5018655Z   Using cached itsdangerous-2.2.0-py3-none-any.whl.metadata (1.9 kB)
2025-08-19T15:15:24.6126175Z Collecting mypy==1.* (from -r requirements-dev.txt (line 18))
2025-08-19T15:15:24.6139633Z   Using cached mypy-1.17.1-cp312-cp312-manylinux2014_x86_64.manylinux_2_17_x86_64.manylinux_2_28_x86_64.whl.metadata (2.2 kB)
2025-08-19T15:15:24.6360075Z Collecting mypy-extensions==1.1.0 (from -r requirements-dev.txt (line 19))
2025-08-19T15:15:24.6371869Z   Using cached mypy_extensions-1.1.0-py3-none-any.whl.metadata (1.1 kB)
2025-08-19T15:15:24.8487004Z Collecting numpy<2 (from -r requirements-dev.txt (line 20))
2025-08-19T15:15:24.8505773Z   Using cached numpy-1.26.4-cp312-cp312-manylinux_2_17_x86_64.manylinux2014_x86_64.whl.metadata (61 kB)
2025-08-19T15:15:24.8908496Z Collecting openpyxl==3.1.5 (from -r requirements-dev.txt (line 21))
2025-08-19T15:15:24.8909378Z   Using cached openpyxl-3.1.5-py2.py3-none-any.whl.metadata (2.5 kB)
2025-08-19T15:15:25.0072071Z Collecting pandas==2.2.* (from -r requirements-dev.txt (line 22))
2025-08-19T15:15:25.0084989Z   Using cached pandas-2.2.3-cp312-cp312-manylinux_2_17_x86_64.manylinux2014_x86_64.whl.metadata (89 kB)
2025-08-19T15:15:25.1118363Z Collecting psycopg2-binary==2.9.10 (from -r requirements-dev.txt (line 23))
2025-08-19T15:15:25.1131449Z   Using cached psycopg2_binary-2.9.10-cp312-cp312-manylinux_2_17_x86_64.manylinux2014_x86_64.whl.metadata (4.9 kB)
2025-08-19T15:15:25.1406207Z Collecting psycopg==3.2.9 (from psycopg[binary]==3.2.9->-r requirements-dev.txt (line 24))
2025-08-19T15:15:25.1417519Z   Using cached psycopg-3.2.9-py3-none-any.whl.metadata (4.5 kB)
2025-08-19T15:15:25.2638522Z Collecting pydantic==2.11.7 (from -r requirements-dev.txt (line 25))
2025-08-19T15:15:25.2653100Z   Using cached pydantic-2.11.7-py3-none-any.whl.metadata (67 kB)
2025-08-19T15:15:25.4018615Z Collecting setuptools (from -r requirements-dev.txt (line 26))
2025-08-19T15:15:25.4032245Z   Using cached setuptools-80.9.0-py3-none-any.whl.metadata (6.6 kB)
2025-08-19T15:15:25.4417387Z Collecting pytest-asyncio==0.23.6 (from -r requirements-dev.txt (line 27))
2025-08-19T15:15:25.4429535Z   Using cached pytest_asyncio-0.23.6-py3-none-any.whl.metadata (3.9 kB)
2025-08-19T15:15:25.4691454Z Collecting pytest-cov==6.2.1 (from -r requirements-dev.txt (line 28))
2025-08-19T15:15:25.4702927Z   Using cached pytest_cov-6.2.1-py3-none-any.whl.metadata (30 kB)
2025-08-19T15:15:25.4971210Z Collecting pytest-postgresql==7.0.2 (from -r requirements-dev.txt (line 29))
2025-08-19T15:15:25.4983015Z   Using cached pytest_postgresql-7.0.2-py3-none-any.whl.metadata (18 kB)
2025-08-19T15:15:25.5265537Z Collecting python-dotenv (from -r requirements-dev.txt (line 30))
2025-08-19T15:15:25.5276864Z   Using cached python_dotenv-1.1.1-py3-none-any.whl.metadata (24 kB)
2025-08-19T15:15:25.5512402Z Collecting python-multipart (from -r requirements-dev.txt (line 31))
2025-08-19T15:15:25.5523936Z   Using cached python_multipart-0.0.20-py3-none-any.whl.metadata (1.8 kB)
2025-08-19T15:15:25.5915200Z Collecting python-telegram-bot==22.3 (from -r requirements-dev.txt (line 32))
2025-08-19T15:15:25.5927382Z   Using cached python_telegram_bot-22.3-py3-none-any.whl.metadata (17 kB)
2025-08-19T15:15:25.6353652Z Collecting requests==2.32.4 (from -r requirements-dev.txt (line 33))
2025-08-19T15:15:25.6369482Z   Using cached requests-2.32.4-py3-none-any.whl.metadata (4.9 kB)
2025-08-19T15:15:25.6668422Z Collecting respx==0.22.0 (from -r requirements-dev.txt (line 34))
2025-08-19T15:15:25.6682592Z   Using cached respx-0.22.0-py2.py3-none-any.whl.metadata (4.1 kB)
2025-08-19T15:15:26.0598471Z Collecting ruff==0.4.4 (from -r requirements-dev.txt (line 35))
2025-08-19T15:15:26.0611073Z   Using cached ruff-0.4.4-py3-none-manylinux_2_17_x86_64.manylinux2014_x86_64.whl.metadata (23 kB)
2025-08-19T15:15:26.3249483Z Collecting sqlalchemy==2.0.29 (from -r requirements-dev.txt (line 36))
2025-08-19T15:15:26.3263226Z   Using cached SQLAlchemy-2.0.29-cp312-cp312-manylinux_2_17_x86_64.manylinux2014_x86_64.whl.metadata (9.6 kB)
2025-08-19T15:15:26.3588887Z Collecting structlog==24.1.0 (from -r requirements-dev.txt (line 37))
2025-08-19T15:15:26.3600514Z   Using cached structlog-24.1.0-py3-none-any.whl.metadata (6.9 kB)
2025-08-19T15:15:26.3927624Z Collecting testcontainers==4.10.0 (from testcontainers[postgres]==4.10.0->-r requirements-dev.txt (line 38))
2025-08-19T15:15:26.3939515Z   Using cached testcontainers-4.10.0-py3-none-any.whl.metadata (7.8 kB)
2025-08-19T15:15:26.4432917Z Collecting types-requests==2.32.0.20240602 (from -r requirements-dev.txt (line 39))
2025-08-19T15:15:26.4445688Z   Using cached types_requests-2.32.0.20240602-py3-none-any.whl.metadata (1.8 kB)
2025-08-19T15:15:26.4685567Z Collecting docspec-python==2.2.2 (from -r requirements-dev.txt (line 40))
2025-08-19T15:15:26.4698037Z   Using cached docspec_python-2.2.2-py3-none-any.whl.metadata (1.0 kB)
2025-08-19T15:15:26.4975900Z Collecting pydoc-markdown==4.8.2 (from -r requirements-dev.txt (line 41))
2025-08-19T15:15:26.4987648Z   Using cached pydoc_markdown-4.8.2-py3-none-any.whl.metadata (5.9 kB)
2025-08-19T15:15:26.5407739Z Collecting pandera==0.19.* (from -r requirements-dev.txt (line 42))
2025-08-19T15:15:26.5420559Z   Using cached pandera-0.19.3-py3-none-any.whl.metadata (15 kB)
2025-08-19T15:15:26.6747115Z Collecting MarkupSafe>=2.0 (from Jinja2==3.1.6->-r requirements-dev.txt (line 2))
2025-08-19T15:15:26.6759677Z   Using cached MarkupSafe-3.0.2-cp312-cp312-manylinux_2_17_x86_64.manylinux2014_x86_64.whl.metadata (4.0 kB)
2025-08-19T15:15:26.7182004Z Collecting Mako (from alembic==1.13.1->-r requirements-dev.txt (line 3))
2025-08-19T15:15:26.7193101Z   Using cached mako-1.3.10-py3-none-any.whl.metadata (2.9 kB)
2025-08-19T15:15:26.7496514Z Collecting typing-extensions>=4 (from alembic==1.13.1->-r requirements-dev.txt (line 3))
2025-08-19T15:15:26.7508225Z   Using cached typing_extensions-4.14.1-py3-none-any.whl.metadata (3.0 kB)
2025-08-19T15:15:26.7775616Z Collecting six>=1.4.0 (from apscheduler==3.10.4->-r requirements-dev.txt (line 4))
2025-08-19T15:15:26.7786858Z   Using cached six-1.17.0-py2.py3-none-any.whl.metadata (1.7 kB)
2025-08-19T15:15:26.8245409Z Collecting pytz (from apscheduler==3.10.4->-r requirements-dev.txt (line 4))
2025-08-19T15:15:26.8258550Z   Using cached pytz-2025.2-py2.py3-none-any.whl.metadata (22 kB)
2025-08-19T15:15:26.8538942Z Collecting tzlocal!=3.*,>=2.0 (from apscheduler==3.10.4->-r requirements-dev.txt (line 4))
2025-08-19T15:15:26.8555540Z   Using cached tzlocal-5.3.1-py3-none-any.whl.metadata (7.6 kB)
2025-08-19T15:15:26.8972023Z Collecting starlette>=0.18 (from asgi-correlation-id==4.3.1->-r requirements-dev.txt (line 5))
2025-08-19T15:15:26.8984568Z   Using cached starlette-0.47.2-py3-none-any.whl.metadata (6.2 kB)
2025-08-19T15:15:26.9296040Z Collecting click>=8.0.0 (from black==25.1.0->-r requirements-dev.txt (line 7))
2025-08-19T15:15:26.9308800Z   Using cached click-8.2.1-py3-none-any.whl.metadata (2.5 kB)
2025-08-19T15:15:26.9597249Z Collecting packaging>=22.0 (from black==25.1.0->-r requirements-dev.txt (line 7))
2025-08-19T15:15:26.9608755Z   Using cached packaging-25.0-py3-none-any.whl.metadata (3.3 kB)
2025-08-19T15:15:26.9836671Z Collecting pathspec>=0.9.0 (from black==25.1.0->-r requirements-dev.txt (line 7))
2025-08-19T15:15:26.9847660Z   Using cached pathspec-0.12.1-py3-none-any.whl.metadata (21 kB)
2025-08-19T15:15:27.0144698Z Collecting platformdirs>=2 (from black==25.1.0->-r requirements-dev.txt (line 7))
2025-08-19T15:15:27.0157107Z   Using cached platformdirs-4.3.8-py3-none-any.whl.metadata (12 kB)
2025-08-19T15:15:27.0478386Z Collecting billiard<5.0,>=4.2.1 (from celery==5.5.3->-r requirements-dev.txt (line 11))
2025-08-19T15:15:27.0489610Z   Using cached billiard-4.2.1-py3-none-any.whl.metadata (4.4 kB)
2025-08-19T15:15:27.0870564Z Collecting kombu<5.6,>=5.5.2 (from celery==5.5.3->-r requirements-dev.txt (line 11))
2025-08-19T15:15:27.0883022Z   Using cached kombu-5.5.4-py3-none-any.whl.metadata (3.5 kB)
2025-08-19T15:15:27.1196849Z Collecting vine<6.0,>=5.1.0 (from celery==5.5.3->-r requirements-dev.txt (line 11))
2025-08-19T15:15:27.1208608Z   Using cached vine-5.1.0-py3-none-any.whl.metadata (2.7 kB)
2025-08-19T15:15:27.1460428Z Collecting click-didyoumean>=0.3.0 (from celery==5.5.3->-r requirements-dev.txt (line 11))
2025-08-19T15:15:27.1472220Z   Using cached click_didyoumean-0.3.1-py3-none-any.whl.metadata (3.9 kB)
2025-08-19T15:15:27.1715488Z Collecting click-repl>=0.2.0 (from celery==5.5.3->-r requirements-dev.txt (line 11))
2025-08-19T15:15:27.1727562Z   Using cached click_repl-0.3.0-py3-none-any.whl.metadata (3.6 kB)
2025-08-19T15:15:27.1945348Z Collecting click-plugins>=1.1.1 (from celery==5.5.3->-r requirements-dev.txt (line 11))
2025-08-19T15:15:27.1956996Z   Using cached click_plugins-1.1.1.2-py2.py3-none-any.whl.metadata (6.5 kB)
2025-08-19T15:15:27.2204083Z Collecting python-dateutil>=2.8.2 (from celery==5.5.3->-r requirements-dev.txt (line 11))
2025-08-19T15:15:27.2215670Z   Using cached python_dateutil-2.9.0.post0-py2.py3-none-any.whl.metadata (8.4 kB)
2025-08-19T15:15:27.3053344Z Collecting annotated-types>=0.6.0 (from pydantic==2.11.7->-r requirements-dev.txt (line 25))
2025-08-19T15:15:27.3064966Z   Using cached annotated_types-0.7.0-py3-none-any.whl.metadata (15 kB)
2025-08-19T15:15:27.9945158Z Collecting pydantic-core==2.33.2 (from pydantic==2.11.7->-r requirements-dev.txt (line 25))
2025-08-19T15:15:27.9958791Z   Using cached pydantic_core-2.33.2-cp312-cp312-manylinux_2_17_x86_64.manylinux2014_x86_64.whl.metadata (6.8 kB)
2025-08-19T15:15:28.0204237Z Collecting typing-inspection>=0.4.0 (from pydantic==2.11.7->-r requirements-dev.txt (line 25))
2025-08-19T15:15:28.0216134Z   Using cached typing_inspection-0.4.1-py3-none-any.whl.metadata (2.6 kB)
2025-08-19T15:15:28.0568858Z Collecting et-xmlfile (from openpyxl==3.1.5->-r requirements-dev.txt (line 21))
2025-08-19T15:15:28.0580693Z   Using cached et_xmlfile-2.0.0-py3-none-any.whl.metadata (2.7 kB)
2025-08-19T15:15:28.1116680Z Collecting pytest<9,>=7.0.0 (from pytest-asyncio==0.23.6->-r requirements-dev.txt (line 27))
2025-08-19T15:15:28.1128948Z   Using cached pytest-8.4.1-py3-none-any.whl.metadata (7.7 kB)
2025-08-19T15:15:28.4386939Z Collecting coverage>=7.5 (from coverage[toml]>=7.5->pytest-cov==6.2.1->-r requirements-dev.txt (line 28))
2025-08-19T15:15:28.4400971Z   Using cached coverage-7.10.4-cp312-cp312-manylinux1_x86_64.manylinux_2_28_x86_64.manylinux_2_5_x86_64.whl.metadata (8.9 kB)
2025-08-19T15:15:28.4639565Z Collecting pluggy>=1.2 (from pytest-cov==6.2.1->-r requirements-dev.txt (line 28))
2025-08-19T15:15:28.4651208Z   Using cached pluggy-1.6.0-py3-none-any.whl.metadata (4.8 kB)
2025-08-19T15:15:28.5005040Z Collecting port-for>=0.7.3 (from pytest-postgresql==7.0.2->-r requirements-dev.txt (line 29))
2025-08-19T15:15:28.5016634Z   Using cached port_for-0.7.4-py3-none-any.whl.metadata (7.1 kB)
2025-08-19T15:15:28.5262178Z Collecting mirakuru>=2.6.0 (from pytest-postgresql==7.0.2->-r requirements-dev.txt (line 29))
2025-08-19T15:15:28.5273874Z   Using cached mirakuru-2.6.1-py3-none-any.whl.metadata (10 kB)
2025-08-19T15:15:28.6203241Z Collecting charset_normalizer<4,>=2 (from requests==2.32.4->-r requirements-dev.txt (line 33))
2025-08-19T15:15:28.6217028Z   Using cached charset_normalizer-3.4.3-cp312-cp312-manylinux2014_x86_64.manylinux_2_17_x86_64.manylinux_2_28_x86_64.whl.metadata (36 kB)
2025-08-19T15:15:28.6486280Z Collecting idna<4,>=2.5 (from requests==2.32.4->-r requirements-dev.txt (line 33))
2025-08-19T15:15:28.6498165Z   Using cached idna-3.10-py3-none-any.whl.metadata (10 kB)
2025-08-19T15:15:28.6892894Z Collecting urllib3<3,>=1.21.1 (from requests==2.32.4->-r requirements-dev.txt (line 33))
2025-08-19T15:15:28.6905933Z   Using cached urllib3-2.5.0-py3-none-any.whl.metadata (6.5 kB)
2025-08-19T15:15:28.7224721Z Collecting certifi>=2017.4.17 (from requests==2.32.4->-r requirements-dev.txt (line 33))
2025-08-19T15:15:28.7237334Z   Using cached certifi-2025.8.3-py3-none-any.whl.metadata (2.4 kB)
2025-08-19T15:15:28.9429659Z Collecting greenlet!=0.4.17 (from sqlalchemy==2.0.29->-r requirements-dev.txt (line 36))
2025-08-19T15:15:28.9443391Z   Using cached greenlet-3.2.4-cp312-cp312-manylinux_2_24_x86_64.manylinux_2_28_x86_64.whl.metadata (4.1 kB)
2025-08-19T15:15:28.9783391Z Collecting docker (from testcontainers==4.10.0->testcontainers[postgres]==4.10.0->-r requirements-dev.txt (line 38))
2025-08-19T15:15:28.9794352Z   Using cached docker-7.1.0-py3-none-any.whl.metadata (3.8 kB)
2025-08-19T15:15:29.0915623Z Collecting wrapt (from testcontainers==4.10.0->testcontainers[postgres]==4.10.0->-r requirements-dev.txt (line 38))
2025-08-19T15:15:29.0928778Z   Using cached wrapt-1.17.3-cp312-cp312-manylinux1_x86_64.manylinux_2_28_x86_64.manylinux_2_5_x86_64.whl.metadata (6.4 kB)
2025-08-19T15:15:29.1282249Z Collecting docspec==2.2.1 (from docspec-python==2.2.2->-r requirements-dev.txt (line 40))
2025-08-19T15:15:29.1293174Z   Using cached docspec-2.2.1-py3-none-any.whl.metadata (1.5 kB)
2025-08-19T15:15:29.1555777Z Collecting nr-util>=0.8.12 (from docspec-python==2.2.2->-r requirements-dev.txt (line 40))
2025-08-19T15:15:29.1567287Z   Using cached nr.util-0.8.12-py3-none-any.whl.metadata (813 bytes)
2025-08-19T15:15:29.2019783Z Collecting PyYAML<7.0,>=5.0 (from pydoc-markdown==4.8.2->-r requirements-dev.txt (line 41))
2025-08-19T15:15:29.2032445Z   Using cached PyYAML-6.0.2-cp312-cp312-manylinux_2_17_x86_64.manylinux2014_x86_64.whl.metadata (2.1 kB)
2025-08-19T15:15:29.2417149Z Collecting databind.core<5.0.0,>=4.4.0 (from pydoc-markdown==4.8.2->-r requirements-dev.txt (line 41))
2025-08-19T15:15:29.2429022Z   Using cached databind.core-4.5.2-py3-none-any.whl.metadata (1.1 kB)
2025-08-19T15:15:29.2748582Z Collecting databind.json<5.0.0,>=4.4.0 (from pydoc-markdown==4.8.2->-r requirements-dev.txt (line 41))
2025-08-19T15:15:29.2760672Z   Using cached databind.json-4.5.2-py3-none-any.whl.metadata (1.1 kB)
2025-08-19T15:15:29.3029147Z Collecting docstring-parser<0.12,>=0.11 (from pydoc-markdown==4.8.2->-r requirements-dev.txt (line 41))
2025-08-19T15:15:29.3030096Z   Using cached docstring_parser-0.11-py3-none-any.whl
2025-08-19T15:15:29.3469684Z Collecting tomli<3.0.0,>=2.0.0 (from pydoc-markdown==4.8.2->-r requirements-dev.txt (line 41))
2025-08-19T15:15:29.3482091Z   Using cached tomli-2.2.1-cp312-cp312-manylinux_2_17_x86_64.manylinux2014_x86_64.whl.metadata (11 kB)
2025-08-19T15:15:29.3697002Z Collecting tomli_w<2.0.0,>=1.0.0 (from pydoc-markdown==4.8.2->-r requirements-dev.txt (line 41))
2025-08-19T15:15:29.3708819Z   Using cached tomli_w-1.2.0-py3-none-any.whl.metadata (5.7 kB)
2025-08-19T15:15:29.4275632Z Collecting watchdog (from pydoc-markdown==4.8.2->-r requirements-dev.txt (line 41))
2025-08-19T15:15:29.4287606Z   Using cached watchdog-6.0.0-py3-none-manylinux2014_x86_64.whl.metadata (44 kB)
2025-08-19T15:15:29.4624307Z Collecting yapf>=0.30.0 (from pydoc-markdown==4.8.2->-r requirements-dev.txt (line 41))
2025-08-19T15:15:29.4635625Z   Using cached yapf-0.43.0-py3-none-any.whl.metadata (46 kB)
2025-08-19T15:15:29.4946900Z Collecting Deprecated<2.0.0,>=1.2.12 (from docspec==2.2.1->docspec-python==2.2.2->-r requirements-dev.txt (line 40))
2025-08-19T15:15:29.4957742Z   Using cached Deprecated-1.2.18-py2.py3-none-any.whl.metadata (5.7 kB)
2025-08-19T15:15:29.6584850Z Collecting psycopg-binary==3.2.9 (from psycopg[binary]==3.2.9->-r requirements-dev.txt (line 24))
2025-08-19T15:15:29.6601130Z   Using cached psycopg_binary-3.2.9-cp312-cp312-manylinux_2_17_x86_64.manylinux2014_x86_64.whl.metadata (2.9 kB)
2025-08-19T15:15:29.7063195Z Collecting argon2-cffi (from minio==7.*->-r requirements-dev.txt (line 10))
2025-08-19T15:15:29.7080795Z   Using cached argon2_cffi-25.1.0-py3-none-any.whl.metadata (4.1 kB)
2025-08-19T15:15:29.8032619Z Collecting pycryptodome (from minio==7.*->-r requirements-dev.txt (line 10))
2025-08-19T15:15:29.8046151Z   Using cached pycryptodome-3.23.0-cp37-abi3-manylinux_2_17_x86_64.manylinux2014_x86_64.whl.metadata (3.4 kB)
2025-08-19T15:15:29.8361142Z Collecting anyio (from httpx<0.29,>=0.27->-r requirements-dev.txt (line 15))
2025-08-19T15:15:29.8373145Z   Using cached anyio-4.10.0-py3-none-any.whl.metadata (4.0 kB)
2025-08-19T15:15:29.8672992Z Collecting httpcore==1.* (from httpx<0.29,>=0.27->-r requirements-dev.txt (line 15))
2025-08-19T15:15:29.8684514Z   Using cached httpcore-1.0.9-py3-none-any.whl.metadata (21 kB)
2025-08-19T15:15:29.9118505Z Collecting tzdata>=2022.7 (from pandas==2.2.*->-r requirements-dev.txt (line 22))
2025-08-19T15:15:29.9130360Z   Using cached tzdata-2025.2-py2.py3-none-any.whl.metadata (1.4 kB)
2025-08-19T15:15:29.9395993Z Collecting multimethod<=1.10.0 (from pandera==0.19.*->-r requirements-dev.txt (line 42))
2025-08-19T15:15:29.9407690Z   Using cached multimethod-1.10-py3-none-any.whl.metadata (8.2 kB)
2025-08-19T15:15:29.9890654Z Collecting typeguard (from pandera==0.19.*->-r requirements-dev.txt (line 42))
2025-08-19T15:15:29.9902275Z   Using cached typeguard-4.4.4-py3-none-any.whl.metadata (3.3 kB)
2025-08-19T15:15:30.0114350Z Collecting typing-inspect>=0.6.0 (from pandera==0.19.*->-r requirements-dev.txt (line 42))
2025-08-19T15:15:30.0125644Z   Using cached typing_inspect-0.9.0-py3-none-any.whl.metadata (1.5 kB)
2025-08-19T15:15:30.0509723Z Collecting databind<5.0.0,>=4.5.2 (from databind.core<5.0.0,>=4.4.0->pydoc-markdown==4.8.2->-r requirements-dev.txt (line 41))
2025-08-19T15:15:30.0521454Z   Using cached databind-4.5.2-py3-none-any.whl.metadata (4.3 kB)
2025-08-19T15:15:30.0767058Z Collecting nr-date<3.0.0,>=2.0.0 (from databind<5.0.0,>=4.5.2->databind.core<5.0.0,>=4.4.0->pydoc-markdown==4.8.2->-r requirements-dev.txt (line 41))
2025-08-19T15:15:30.0778352Z   Using cached nr_date-2.1.0-py3-none-any.whl.metadata (746 bytes)
2025-08-19T15:15:30.1005118Z Collecting nr-stream<2.0.0,>=1.0.0 (from databind<5.0.0,>=4.5.2->databind.core<5.0.0,>=4.4.0->pydoc-markdown==4.8.2->-r requirements-dev.txt (line 41))
2025-08-19T15:15:30.1016711Z   Using cached nr_stream-1.1.5-py3-none-any.whl.metadata (3.6 kB)
2025-08-19T15:15:30.1286809Z Collecting typeapi<3,>=2.0.1 (from databind<5.0.0,>=4.5.2->databind.core<5.0.0,>=4.4.0->pydoc-markdown==4.8.2->-r requirements-dev.txt (line 41))
2025-08-19T15:15:30.1298356Z   Using cached typeapi-2.2.4-py3-none-any.whl.metadata (1.5 kB)
2025-08-19T15:15:30.1691752Z Collecting h11>=0.16 (from httpcore==1.*->httpx<0.29,>=0.27->-r requirements-dev.txt (line 15))
2025-08-19T15:15:30.1703521Z   Using cached h11-0.16.0-py3-none-any.whl.metadata (8.3 kB)
2025-08-19T15:15:30.2055567Z Collecting amqp<6.0.0,>=5.1.1 (from kombu<5.6,>=5.5.2->celery==5.5.3->-r requirements-dev.txt (line 11))
2025-08-19T15:15:30.2067274Z   Using cached amqp-5.3.1-py3-none-any.whl.metadata (8.9 kB)
2025-08-19T15:15:30.2570881Z Collecting iniconfig>=1 (from pytest<9,>=7.0.0->pytest-asyncio==0.23.6->-r requirements-dev.txt (line 27))
2025-08-19T15:15:30.2582704Z   Using cached iniconfig-2.1.0-py3-none-any.whl.metadata (2.7 kB)
2025-08-19T15:15:30.2920179Z Collecting pygments>=2.7.2 (from pytest<9,>=7.0.0->pytest-asyncio==0.23.6->-r requirements-dev.txt (line 27))
2025-08-19T15:15:30.2932884Z   Using cached pygments-2.19.2-py3-none-any.whl.metadata (2.5 kB)
2025-08-19T15:15:30.3366951Z Collecting sniffio>=1.1 (from anyio->httpx<0.29,>=0.27->-r requirements-dev.txt (line 15))
2025-08-19T15:15:30.3378663Z   Using cached sniffio-1.3.1-py3-none-any.whl.metadata (3.9 kB)
2025-08-19T15:15:30.7713862Z Collecting botocore<1.41.0,>=1.40.12 (from boto3->-r requirements-dev.txt (line 8))
2025-08-19T15:15:30.7727456Z   Using cached botocore-1.40.12-py3-none-any.whl.metadata (5.7 kB)
2025-08-19T15:15:30.7979629Z Collecting jmespath<2.0.0,>=0.7.1 (from boto3->-r requirements-dev.txt (line 8))
2025-08-19T15:15:30.7991803Z   Using cached jmespath-1.0.1-py3-none-any.whl.metadata (7.6 kB)
2025-08-19T15:15:30.8271951Z Collecting s3transfer<0.14.0,>=0.13.0 (from boto3->-r requirements-dev.txt (line 8))
2025-08-19T15:15:30.8284492Z   Using cached s3transfer-0.13.1-py3-none-any.whl.metadata (1.7 kB)
2025-08-19T15:15:31.0472562Z Collecting fastapi-cli>=0.0.8 (from fastapi-cli[standard]>=0.0.8; extra == "all"->fastapi[all]->-r requirements-dev.txt (line 13))
2025-08-19T15:15:31.0483425Z   Using cached fastapi_cli-0.0.8-py3-none-any.whl.metadata (6.3 kB)
2025-08-19T15:15:31.1293488Z Collecting ujson!=4.0.2,!=4.1.0,!=4.2.0,!=4.3.0,!=5.0.0,!=5.1.0,>=4.0.1 (from fastapi[all]->-r requirements-dev.txt (line 13))
2025-08-19T15:15:31.1306640Z   Using cached ujson-5.10.0-cp312-cp312-manylinux_2_17_x86_64.manylinux2014_x86_64.whl.metadata (9.3 kB)
2025-08-19T15:15:31.3790911Z Collecting orjson>=3.2.1 (from fastapi[all]->-r requirements-dev.txt (line 13))
2025-08-19T15:15:31.3804707Z   Using cached orjson-3.11.2-cp312-cp312-manylinux_2_17_x86_64.manylinux2014_x86_64.whl.metadata (1.2 kB)
2025-08-19T15:15:31.4042466Z Collecting email-validator>=2.0.0 (from fastapi[all]->-r requirements-dev.txt (line 13))
2025-08-19T15:15:31.4059195Z   Using cached email_validator-2.2.0-py3-none-any.whl.metadata (25 kB)
2025-08-19T15:15:31.4456931Z Collecting uvicorn>=0.12.0 (from uvicorn[standard]>=0.12.0; extra == "all"->fastapi[all]->-r requirements-dev.txt (line 13))
2025-08-19T15:15:31.4468825Z   Using cached uvicorn-0.35.0-py3-none-any.whl.metadata (6.5 kB)
2025-08-19T15:15:31.4750551Z Collecting pydantic-settings>=2.0.0 (from fastapi[all]->-r requirements-dev.txt (line 13))
2025-08-19T15:15:31.4762285Z   Using cached pydantic_settings-2.10.1-py3-none-any.whl.metadata (3.4 kB)
2025-08-19T15:15:31.5015206Z Collecting pydantic-extra-types>=2.0.0 (from fastapi[all]->-r requirements-dev.txt (line 13))
2025-08-19T15:15:31.5027003Z   Using cached pydantic_extra_types-2.10.5-py3-none-any.whl.metadata (3.9 kB)
2025-08-19T15:15:31.5815327Z Collecting prompt-toolkit>=3.0.36 (from click-repl>=0.2.0->celery==5.5.3->-r requirements-dev.txt (line 11))
2025-08-19T15:15:31.5827743Z   Using cached prompt_toolkit-3.0.51-py3-none-any.whl.metadata (6.4 kB)
2025-08-19T15:15:31.6130585Z Collecting dnspython>=2.0.0 (from email-validator>=2.0.0->fastapi[all]->-r requirements-dev.txt (line 13))
2025-08-19T15:15:31.6143752Z   Using cached dnspython-2.7.0-py3-none-any.whl.metadata (5.8 kB)
2025-08-19T15:15:31.6544968Z Collecting typer>=0.15.1 (from fastapi-cli>=0.0.8->fastapi-cli[standard]>=0.0.8; extra == "all"->fastapi[all]->-r requirements-dev.txt (line 13))
2025-08-19T15:15:31.6557871Z   Using cached typer-0.16.1-py3-none-any.whl.metadata (15 kB)
2025-08-19T15:15:31.6969422Z Collecting rich-toolkit>=0.14.8 (from fastapi-cli>=0.0.8->fastapi-cli[standard]>=0.0.8; extra == "all"->fastapi[all]->-r requirements-dev.txt (line 13))
2025-08-19T15:15:31.6983577Z   Using cached rich_toolkit-0.15.0-py3-none-any.whl.metadata (1.0 kB)
2025-08-19T15:15:31.7252246Z Collecting fastapi-cloud-cli>=0.1.1 (from fastapi-cli[standard]>=0.0.8; extra == "all"->fastapi[all]->-r requirements-dev.txt (line 13))
2025-08-19T15:15:31.7264027Z   Using cached fastapi_cloud_cli-0.1.5-py3-none-any.whl.metadata (3.2 kB)
2025-08-19T15:15:31.8142176Z Collecting rignore>=0.5.1 (from fastapi-cloud-cli>=0.1.1->fastapi-cli[standard]>=0.0.8; extra == "all"->fastapi[all]->-r requirements-dev.txt (line 13))
2025-08-19T15:15:31.8156171Z   Using cached rignore-0.6.4-cp312-cp312-manylinux_2_17_x86_64.manylinux2014_x86_64.whl.metadata (3.8 kB)
2025-08-19T15:15:31.9307271Z Collecting sentry-sdk>=2.20.0 (from fastapi-cloud-cli>=0.1.1->fastapi-cli[standard]>=0.0.8; extra == "all"->fastapi[all]->-r requirements-dev.txt (line 13))
2025-08-19T15:15:31.9323001Z   Using cached sentry_sdk-2.35.0-py2.py3-none-any.whl.metadata (10 kB)
2025-08-19T15:15:32.0397950Z Collecting psutil>=4.0.0 (from mirakuru>=2.6.0->pytest-postgresql==7.0.2->-r requirements-dev.txt (line 29))
2025-08-19T15:15:32.0411919Z   Using cached psutil-7.0.0-cp36-abi3-manylinux_2_12_x86_64.manylinux2010_x86_64.manylinux_2_17_x86_64.manylinux2014_x86_64.whl.metadata (22 kB)
2025-08-19T15:15:32.0870065Z Collecting wcwidth (from prompt-toolkit>=3.0.36->click-repl>=0.2.0->celery==5.5.3->-r requirements-dev.txt (line 11))
2025-08-19T15:15:32.0882231Z   Using cached wcwidth-0.2.13-py2.py3-none-any.whl.metadata (14 kB)
2025-08-19T15:15:32.2354642Z Collecting rich>=13.7.1 (from rich-toolkit>=0.14.8->fastapi-cli>=0.0.8->fastapi-cli[standard]>=0.0.8; extra == "all"->fastapi[all]->-r requirements-dev.txt (line 13))
2025-08-19T15:15:32.2366683Z   Using cached rich-14.1.0-py3-none-any.whl.metadata (18 kB)
2025-08-19T15:15:32.2679314Z Collecting markdown-it-py>=2.2.0 (from rich>=13.7.1->rich-toolkit>=0.14.8->fastapi-cli>=0.0.8->fastapi-cli[standard]>=0.0.8; extra == "all"->fastapi[all]->-r requirements-dev.txt (line 13))
2025-08-19T15:15:32.2691355Z   Using cached markdown_it_py-4.0.0-py3-none-any.whl.metadata (7.3 kB)
2025-08-19T15:15:32.3049941Z Collecting mdurl~=0.1 (from markdown-it-py>=2.2.0->rich>=13.7.1->rich-toolkit>=0.14.8->fastapi-cli>=0.0.8->fastapi-cli[standard]>=0.0.8; extra == "all"->fastapi[all]->-r requirements-dev.txt (line 13))
2025-08-19T15:15:32.3062952Z   Using cached mdurl-0.1.2-py3-none-any.whl.metadata (1.6 kB)
2025-08-19T15:15:32.3704911Z Collecting shellingham>=1.3.0 (from typer>=0.15.1->fastapi-cli>=0.0.8->fastapi-cli[standard]>=0.0.8; extra == "all"->fastapi[all]->-r requirements-dev.txt (line 13))
2025-08-19T15:15:32.3716482Z   Using cached shellingham-1.5.4-py2.py3-none-any.whl.metadata (3.5 kB)
2025-08-19T15:15:32.4618375Z Collecting httptools>=0.6.3 (from uvicorn[standard]>=0.12.0; extra == "all"->fastapi[all]->-r requirements-dev.txt (line 13))
2025-08-19T15:15:32.4631082Z   Using cached httptools-0.6.4-cp312-cp312-manylinux_2_5_x86_64.manylinux1_x86_64.manylinux_2_17_x86_64.manylinux2014_x86_64.whl.metadata (3.6 kB)
2025-08-19T15:15:32.5185320Z Collecting uvloop>=0.15.1 (from uvicorn[standard]>=0.12.0; extra == "all"->fastapi[all]->-r requirements-dev.txt (line 13))
2025-08-19T15:15:32.5198058Z   Using cached uvloop-0.21.0-cp312-cp312-manylinux_2_17_x86_64.manylinux2014_x86_64.whl.metadata (4.9 kB)
2025-08-19T15:15:32.6050450Z Collecting watchfiles>=0.13 (from uvicorn[standard]>=0.12.0; extra == "all"->fastapi[all]->-r requirements-dev.txt (line 13))
2025-08-19T15:15:32.6064796Z   Using cached watchfiles-1.1.0-cp312-cp312-manylinux_2_17_x86_64.manylinux2014_x86_64.whl.metadata (4.9 kB)
2025-08-19T15:15:32.8608766Z Collecting websockets>=10.4 (from uvicorn[standard]>=0.12.0; extra == "all"->fastapi[all]->-r requirements-dev.txt (line 13))
2025-08-19T15:15:32.8622030Z   Using cached websockets-15.0.1-cp312-cp312-manylinux_2_5_x86_64.manylinux1_x86_64.manylinux_2_17_x86_64.manylinux2014_x86_64.whl.metadata (6.8 kB)
2025-08-19T15:15:32.9192594Z Collecting argon2-cffi-bindings (from argon2-cffi->minio==7.*->-r requirements-dev.txt (line 10))
2025-08-19T15:15:32.9205334Z   Using cached argon2_cffi_bindings-25.1.0-cp39-abi3-manylinux_2_26_x86_64.manylinux_2_28_x86_64.whl.metadata (7.4 kB)
2025-08-19T15:15:33.0366663Z Collecting cffi>=1.0.1 (from argon2-cffi-bindings->argon2-cffi->minio==7.*->-r requirements-dev.txt (line 10))
2025-08-19T15:15:33.0379955Z   Using cached cffi-1.17.1-cp312-cp312-manylinux_2_17_x86_64.manylinux2014_x86_64.whl.metadata (1.5 kB)
2025-08-19T15:15:33.0633404Z Collecting pycparser (from cffi>=1.0.1->argon2-cffi-bindings->argon2-cffi->minio==7.*->-r requirements-dev.txt (line 10))
2025-08-19T15:15:33.0643873Z   Using cached pycparser-2.22-py3-none-any.whl.metadata (943 bytes)
2025-08-19T15:15:33.1240049Z Using cached jinja2-3.1.6-py3-none-any.whl (134 kB)
2025-08-19T15:15:33.1251968Z Using cached alembic-1.13.1-py3-none-any.whl (233 kB)
2025-08-19T15:15:33.1264652Z Using cached APScheduler-3.10.4-py3-none-any.whl (59 kB)
2025-08-19T15:15:33.1276030Z Using cached asgi_correlation_id-4.3.1-py3-none-any.whl (15 kB)
2025-08-19T15:15:33.1287042Z Using cached asyncpg-0.30.0-cp312-cp312-manylinux_2_17_x86_64.manylinux2014_x86_64.whl (3.6 MB)
2025-08-19T15:15:33.1324302Z Using cached black-25.1.0-cp312-cp312-manylinux_2_17_x86_64.manylinux2014_x86_64.manylinux_2_28_x86_64.whl (1.8 MB)
2025-08-19T15:15:33.1347590Z Using cached celery-5.5.3-py3-none-any.whl (438 kB)
2025-08-19T15:15:33.1361311Z Using cached fastapi-0.116.1-py3-none-any.whl (95 kB)
2025-08-19T15:15:33.1373262Z Using cached pydantic-2.11.7-py3-none-any.whl (444 kB)
2025-08-19T15:15:33.1387334Z Using cached fastapi_limiter-0.1.6-py3-none-any.whl (15 kB)
2025-08-19T15:15:33.1398482Z Using cached IMAPClient-3.0.1-py2.py3-none-any.whl (182 kB)
2025-08-19T15:15:33.1410529Z Using cached mypy_extensions-1.1.0-py3-none-any.whl (5.0 kB)
2025-08-19T15:15:33.1421491Z Using cached openpyxl-3.1.5-py2.py3-none-any.whl (250 kB)
2025-08-19T15:15:33.1434731Z Using cached psycopg2_binary-2.9.10-cp312-cp312-manylinux_2_17_x86_64.manylinux2014_x86_64.whl (3.0 MB)
2025-08-19T15:15:33.1468603Z Using cached psycopg-3.2.9-py3-none-any.whl (202 kB)
2025-08-19T15:15:33.1480896Z Using cached pytest_asyncio-0.23.6-py3-none-any.whl (17 kB)
2025-08-19T15:15:33.1493149Z Using cached pytest_cov-6.2.1-py3-none-any.whl (24 kB)
2025-08-19T15:15:33.1504572Z Using cached pytest_postgresql-7.0.2-py3-none-any.whl (41 kB)
2025-08-19T15:15:33.1516226Z Using cached python_telegram_bot-22.3-py3-none-any.whl (717 kB)
2025-08-19T15:15:33.1532756Z Using cached requests-2.32.4-py3-none-any.whl (64 kB)
2025-08-19T15:15:33.1544341Z Using cached respx-0.22.0-py2.py3-none-any.whl (25 kB)
2025-08-19T15:15:33.1556103Z Using cached ruff-0.4.4-py3-none-manylinux_2_17_x86_64.manylinux2014_x86_64.whl (8.7 MB)
2025-08-19T15:15:33.1641801Z Using cached SQLAlchemy-2.0.29-cp312-cp312-manylinux_2_17_x86_64.manylinux2014_x86_64.whl (3.2 MB)
2025-08-19T15:15:33.1678925Z Using cached structlog-24.1.0-py3-none-any.whl (65 kB)
2025-08-19T15:15:33.1690827Z Using cached testcontainers-4.10.0-py3-none-any.whl (107 kB)
2025-08-19T15:15:33.1703628Z Using cached types_requests-2.32.0.20240602-py3-none-any.whl (15 kB)
2025-08-19T15:15:33.1716250Z Using cached docspec_python-2.2.2-py3-none-any.whl (15 kB)
2025-08-19T15:15:33.1728010Z Using cached pydoc_markdown-4.8.2-py3-none-any.whl (67 kB)
2025-08-19T15:15:33.1739627Z Using cached docspec-2.2.1-py3-none-any.whl (9.8 kB)
2025-08-19T15:15:33.1751204Z Using cached psycopg_binary-3.2.9-cp312-cp312-manylinux_2_17_x86_64.manylinux2014_x86_64.whl (4.4 MB)
2025-08-19T15:15:33.1799338Z Using cached pydantic_core-2.33.2-cp312-cp312-manylinux_2_17_x86_64.manylinux2014_x86_64.whl (2.0 MB)
2025-08-19T15:15:33.1826745Z Using cached redis-6.4.0-py3-none-any.whl (279 kB)
2025-08-19T15:15:33.1840241Z Using cached minio-7.2.16-py3-none-any.whl (95 kB)
2025-08-19T15:15:33.1852390Z Using cached httpx-0.28.1-py3-none-any.whl (73 kB)
2025-08-19T15:15:33.1864981Z Using cached mypy-1.17.1-cp312-cp312-manylinux2014_x86_64.manylinux_2_17_x86_64.manylinux_2_28_x86_64.whl (12.7 MB)
2025-08-19T15:15:33.1983187Z Using cached numpy-1.26.4-cp312-cp312-manylinux_2_17_x86_64.manylinux2014_x86_64.whl (18.0 MB)
2025-08-19T15:15:33.2138533Z Using cached pandas-2.2.3-cp312-cp312-manylinux_2_17_x86_64.manylinux2014_x86_64.whl (12.7 MB)
2025-08-19T15:15:33.2249270Z Using cached pandera-0.19.3-py3-none-any.whl (251 kB)
2025-08-19T15:15:33.2262362Z Using cached billiard-4.2.1-py3-none-any.whl (86 kB)
2025-08-19T15:15:33.2275556Z Using cached charset_normalizer-3.4.3-cp312-cp312-manylinux2014_x86_64.manylinux_2_17_x86_64.manylinux_2_28_x86_64.whl (151 kB)
2025-08-19T15:15:33.2288431Z Using cached click-8.2.1-py3-none-any.whl (102 kB)
2025-08-19T15:15:33.2300380Z Using cached databind.core-4.5.2-py3-none-any.whl (1.5 kB)
2025-08-19T15:15:33.2311746Z Using cached databind-4.5.2-py3-none-any.whl (49 kB)
2025-08-19T15:15:33.2323622Z Using cached databind.json-4.5.2-py3-none-any.whl (1.5 kB)
2025-08-19T15:15:33.2334984Z Using cached Deprecated-1.2.18-py2.py3-none-any.whl (10.0 kB)
2025-08-19T15:15:33.2346271Z Using cached httpcore-1.0.9-py3-none-any.whl (78 kB)
2025-08-19T15:15:33.2358043Z Using cached idna-3.10-py3-none-any.whl (70 kB)
2025-08-19T15:15:33.2369656Z Using cached kombu-5.5.4-py3-none-any.whl (210 kB)
2025-08-19T15:15:33.2382559Z Using cached vine-5.1.0-py3-none-any.whl (9.6 kB)
2025-08-19T15:15:33.2393781Z Using cached amqp-5.3.1-py3-none-any.whl (50 kB)
2025-08-19T15:15:33.2405473Z Using cached multimethod-1.10-py3-none-any.whl (9.9 kB)
2025-08-19T15:15:33.2416783Z Using cached nr_date-2.1.0-py3-none-any.whl (10 kB)
2025-08-19T15:15:33.2428410Z Using cached nr_stream-1.1.5-py3-none-any.whl (10 kB)
2025-08-19T15:15:33.2439687Z Using cached nr.util-0.8.12-py3-none-any.whl (90 kB)
2025-08-19T15:15:33.2451744Z Using cached pytest-8.4.1-py3-none-any.whl (365 kB)
2025-08-19T15:15:33.2465850Z Using cached pluggy-1.6.0-py3-none-any.whl (20 kB)
2025-08-19T15:15:33.2477729Z Using cached PyYAML-6.0.2-cp312-cp312-manylinux_2_17_x86_64.manylinux2014_x86_64.whl (767 kB)
2025-08-19T15:15:33.2494538Z Using cached starlette-0.47.2-py3-none-any.whl (72 kB)
2025-08-19T15:15:33.2506142Z Using cached anyio-4.10.0-py3-none-any.whl (107 kB)
2025-08-19T15:15:33.2518424Z Using cached tomli-2.2.1-cp312-cp312-manylinux_2_17_x86_64.manylinux2014_x86_64.whl (242 kB)
2025-08-19T15:15:33.2531048Z Using cached tomli_w-1.2.0-py3-none-any.whl (6.7 kB)
2025-08-19T15:15:33.2542215Z Using cached typeapi-2.2.4-py3-none-any.whl (26 kB)
2025-08-19T15:15:33.2553839Z Using cached typing_extensions-4.14.1-py3-none-any.whl (43 kB)
2025-08-19T15:15:33.2565372Z Using cached urllib3-2.5.0-py3-none-any.whl (129 kB)
2025-08-19T15:15:33.2577842Z Using cached wrapt-1.17.3-cp312-cp312-manylinux1_x86_64.manylinux_2_28_x86_64.manylinux_2_5_x86_64.whl (88 kB)
2025-08-19T15:15:33.2589439Z Using cached boto3-1.40.12-py3-none-any.whl (140 kB)
2025-08-19T15:15:33.2601749Z Using cached botocore-1.40.12-py3-none-any.whl (14.0 MB)
2025-08-19T15:15:33.2715540Z Using cached jmespath-1.0.1-py3-none-any.whl (20 kB)
2025-08-19T15:15:33.2726961Z Using cached python_dateutil-2.9.0.post0-py2.py3-none-any.whl (229 kB)
2025-08-19T15:15:33.2739618Z Using cached s3transfer-0.13.1-py3-none-any.whl (85 kB)
2025-08-19T15:15:33.2751420Z Using cached itsdangerous-2.2.0-py3-none-any.whl (16 kB)
2025-08-19T15:15:33.2763144Z Using cached setuptools-80.9.0-py3-none-any.whl (1.2 MB)
2025-08-19T15:15:33.2782871Z Using cached python_dotenv-1.1.1-py3-none-any.whl (20 kB)
2025-08-19T15:15:33.2794341Z Using cached python_multipart-0.0.20-py3-none-any.whl (24 kB)
2025-08-19T15:15:33.2805693Z Using cached annotated_types-0.7.0-py3-none-any.whl (13 kB)
2025-08-19T15:15:33.2817241Z Using cached certifi-2025.8.3-py3-none-any.whl (161 kB)
2025-08-19T15:15:33.2829329Z Using cached click_didyoumean-0.3.1-py3-none-any.whl (3.6 kB)
2025-08-19T15:15:33.2840492Z Using cached click_plugins-1.1.1.2-py2.py3-none-any.whl (11 kB)
2025-08-19T15:15:33.2852229Z Using cached click_repl-0.3.0-py3-none-any.whl (10 kB)
2025-08-19T15:15:33.2864004Z Using cached coverage-7.10.4-cp312-cp312-manylinux1_x86_64.manylinux_2_28_x86_64.manylinux_2_5_x86_64.whl (251 kB)
2025-08-19T15:15:33.2876820Z Using cached email_validator-2.2.0-py3-none-any.whl (33 kB)
2025-08-19T15:15:33.2888537Z Using cached dnspython-2.7.0-py3-none-any.whl (313 kB)
2025-08-19T15:15:33.2902242Z Using cached fastapi_cli-0.0.8-py3-none-any.whl (10 kB)
2025-08-19T15:15:33.2913561Z Using cached fastapi_cloud_cli-0.1.5-py3-none-any.whl (18 kB)
2025-08-19T15:15:33.2925391Z Using cached greenlet-3.2.4-cp312-cp312-manylinux_2_24_x86_64.manylinux_2_28_x86_64.whl (607 kB)
2025-08-19T15:15:33.2940740Z Using cached h11-0.16.0-py3-none-any.whl (37 kB)
2025-08-19T15:15:33.2952238Z Using cached iniconfig-2.1.0-py3-none-any.whl (6.0 kB)
2025-08-19T15:15:33.2964194Z Using cached MarkupSafe-3.0.2-cp312-cp312-manylinux_2_17_x86_64.manylinux2014_x86_64.whl (23 kB)
2025-08-19T15:15:33.2975846Z Using cached mirakuru-2.6.1-py3-none-any.whl (26 kB)
2025-08-19T15:15:33.2987569Z Using cached orjson-3.11.2-cp312-cp312-manylinux_2_17_x86_64.manylinux2014_x86_64.whl (121 kB)
2025-08-19T15:15:33.2999724Z Using cached packaging-25.0-py3-none-any.whl (66 kB)
2025-08-19T15:15:33.3011706Z Using cached pathspec-0.12.1-py3-none-any.whl (31 kB)
2025-08-19T15:15:33.3023435Z Using cached platformdirs-4.3.8-py3-none-any.whl (18 kB)
2025-08-19T15:15:33.3035084Z Using cached port_for-0.7.4-py3-none-any.whl (21 kB)
2025-08-19T15:15:33.3046392Z Using cached prompt_toolkit-3.0.51-py3-none-any.whl (387 kB)
2025-08-19T15:15:33.3061307Z Using cached psutil-7.0.0-cp36-abi3-manylinux_2_12_x86_64.manylinux2010_x86_64.manylinux_2_17_x86_64.manylinux2014_x86_64.whl (277 kB)
2025-08-19T15:15:33.3075148Z Using cached pydantic_extra_types-2.10.5-py3-none-any.whl (38 kB)
2025-08-19T15:15:33.3087207Z Using cached pydantic_settings-2.10.1-py3-none-any.whl (45 kB)
2025-08-19T15:15:33.3098546Z Using cached pygments-2.19.2-py3-none-any.whl (1.2 MB)
2025-08-19T15:15:33.3119005Z Using cached pytz-2025.2-py2.py3-none-any.whl (509 kB)
2025-08-19T15:15:33.3133859Z Using cached rich_toolkit-0.15.0-py3-none-any.whl (29 kB)
2025-08-19T15:15:33.3144958Z Using cached rich-14.1.0-py3-none-any.whl (243 kB)
2025-08-19T15:15:33.3157631Z Using cached markdown_it_py-4.0.0-py3-none-any.whl (87 kB)
2025-08-19T15:15:33.3169008Z Using cached mdurl-0.1.2-py3-none-any.whl (10.0 kB)
2025-08-19T15:15:33.3180518Z Using cached rignore-0.6.4-cp312-cp312-manylinux_2_17_x86_64.manylinux2014_x86_64.whl (949 kB)
2025-08-19T15:15:33.3198815Z Using cached sentry_sdk-2.35.0-py2.py3-none-any.whl (363 kB)
2025-08-19T15:15:33.3214162Z Using cached six-1.17.0-py2.py3-none-any.whl (11 kB)
2025-08-19T15:15:33.3225071Z Using cached sniffio-1.3.1-py3-none-any.whl (10 kB)
2025-08-19T15:15:33.3235838Z Using cached typer-0.16.1-py3-none-any.whl (46 kB)
2025-08-19T15:15:33.3246946Z Using cached shellingham-1.5.4-py2.py3-none-any.whl (9.8 kB)
2025-08-19T15:15:33.3257613Z Using cached typing_inspect-0.9.0-py3-none-any.whl (8.8 kB)
2025-08-19T15:15:33.3268376Z Using cached typing_inspection-0.4.1-py3-none-any.whl (14 kB)
2025-08-19T15:15:33.3279134Z Using cached tzdata-2025.2-py2.py3-none-any.whl (347 kB)
2025-08-19T15:15:33.3293198Z Using cached tzlocal-5.3.1-py3-none-any.whl (18 kB)
2025-08-19T15:15:33.3304372Z Using cached ujson-5.10.0-cp312-cp312-manylinux_2_17_x86_64.manylinux2014_x86_64.whl (53 kB)
2025-08-19T15:15:33.3315121Z Using cached uvicorn-0.35.0-py3-none-any.whl (66 kB)
2025-08-19T15:15:33.3327239Z Using cached httptools-0.6.4-cp312-cp312-manylinux_2_5_x86_64.manylinux1_x86_64.manylinux_2_17_x86_64.manylinux2014_x86_64.whl (510 kB)
2025-08-19T15:15:33.3341452Z Using cached uvloop-0.21.0-cp312-cp312-manylinux_2_17_x86_64.manylinux2014_x86_64.whl (4.7 MB)
2025-08-19T15:15:33.3388004Z Using cached watchfiles-1.1.0-cp312-cp312-manylinux_2_17_x86_64.manylinux2014_x86_64.whl (452 kB)
2025-08-19T15:15:33.3402789Z Using cached websockets-15.0.1-cp312-cp312-manylinux_2_5_x86_64.manylinux1_x86_64.manylinux_2_17_x86_64.manylinux2014_x86_64.whl (182 kB)
2025-08-19T15:15:33.3414554Z Using cached yapf-0.43.0-py3-none-any.whl (256 kB)
2025-08-19T15:15:33.3427696Z Using cached argon2_cffi-25.1.0-py3-none-any.whl (14 kB)
2025-08-19T15:15:33.3439113Z Using cached argon2_cffi_bindings-25.1.0-cp39-abi3-manylinux_2_26_x86_64.manylinux_2_28_x86_64.whl (87 kB)
2025-08-19T15:15:33.3450519Z Using cached cffi-1.17.1-cp312-cp312-manylinux_2_17_x86_64.manylinux2014_x86_64.whl (479 kB)
2025-08-19T15:15:33.3465237Z Using cached docker-7.1.0-py3-none-any.whl (147 kB)
2025-08-19T15:15:33.3477185Z Using cached et_xmlfile-2.0.0-py3-none-any.whl (18 kB)
2025-08-19T15:15:33.3488167Z Using cached mako-1.3.10-py3-none-any.whl (78 kB)
2025-08-19T15:15:33.3499583Z Using cached pycparser-2.22-py3-none-any.whl (117 kB)
2025-08-19T15:15:33.3512022Z Using cached pycryptodome-3.23.0-cp37-abi3-manylinux_2_17_x86_64.manylinux2014_x86_64.whl (2.3 MB)
2025-08-19T15:15:33.3541338Z Using cached typeguard-4.4.4-py3-none-any.whl (34 kB)
2025-08-19T15:15:33.3552868Z Using cached watchdog-6.0.0-py3-none-manylinux2014_x86_64.whl (79 kB)
2025-08-19T15:15:33.3564328Z Using cached wcwidth-0.2.13-py2.py3-none-any.whl (34 kB)
2025-08-19T15:15:33.8334606Z Installing collected packages: wcwidth, pytz, wrapt, websockets, watchdog, vine, uvloop, urllib3, ujson, tzlocal, tzdata, typing-extensions, tomli_w, tomli, structlog, sniffio, six, shellingham, setuptools, ruff, rignore, redis, PyYAML, python-multipart, python-dotenv, pygments, pycryptodome, pycparser, psycopg2-binary, psycopg-binary, psutil, prompt-toolkit, port-for, pluggy, platformdirs, pathspec, packaging, orjson, numpy, nr-stream, nr-date, mypy-extensions, multimethod, mdurl, MarkupSafe, jmespath, itsdangerous, iniconfig, imapclient, idna, httptools, h11, greenlet, et-xmlfile, docstring-parser, dnspython, coverage, click, charset_normalizer, certifi, billiard, asyncpg, annotated-types, yapf, uvicorn, typing-inspection, typing-inspect, types-requests, typeguard, typeapi, sqlalchemy, sentry-sdk, requests, python-dateutil, pytest, pydantic-core, psycopg, openpyxl, mypy, mirakuru, markdown-it-py, Mako, Jinja2, httpcore, email-validator, Deprecated, click-repl, click-plugins, click-didyoumean, cffi, black, apscheduler, anyio, amqp, watchfiles, starlette, rich, pytest-postgresql, pytest-cov, pytest-asyncio, pydantic, pandas, nr-util, kombu, httpx, docker, databind, botocore, argon2-cffi-bindings, alembic, typer, testcontainers, s3transfer, rich-toolkit, respx, python-telegram-bot, pydantic-settings, pydantic-extra-types, pandera, fastapi, databind.json, databind.core, celery, asgi-correlation-id, argon2-cffi, minio, fastapi-limiter, fastapi-cloud-cli, fastapi-cli, docspec, boto3, docspec-python, pydoc-markdown
2025-08-19T15:15:53.1187606Z 
2025-08-19T15:15:53.1313174Z Successfully installed Deprecated-1.2.18 Jinja2-3.1.6 Mako-1.3.10 MarkupSafe-3.0.2 PyYAML-6.0.2 alembic-1.13.1 amqp-5.3.1 annotated-types-0.7.0 anyio-4.10.0 apscheduler-3.10.4 argon2-cffi-25.1.0 argon2-cffi-bindings-25.1.0 asgi-correlation-id-4.3.1 asyncpg-0.30.0 billiard-4.2.1 black-25.1.0 boto3-1.40.12 botocore-1.40.12 celery-5.5.3 certifi-2025.8.3 cffi-1.17.1 charset_normalizer-3.4.3 click-8.2.1 click-didyoumean-0.3.1 click-plugins-1.1.1.2 click-repl-0.3.0 coverage-7.10.4 databind-4.5.2 databind.core-4.5.2 databind.json-4.5.2 dnspython-2.7.0 docker-7.1.0 docspec-2.2.1 docspec-python-2.2.2 docstring-parser-0.11 email-validator-2.2.0 et-xmlfile-2.0.0 fastapi-0.116.1 fastapi-cli-0.0.8 fastapi-cloud-cli-0.1.5 fastapi-limiter-0.1.6 greenlet-3.2.4 h11-0.16.0 httpcore-1.0.9 httptools-0.6.4 httpx-0.28.1 idna-3.10 imapclient-3.0.1 iniconfig-2.1.0 itsdangerous-2.2.0 jmespath-1.0.1 kombu-5.5.4 markdown-it-py-4.0.0 mdurl-0.1.2 minio-7.2.16 mirakuru-2.6.1 multimethod-1.10 mypy-1.17.1 mypy-extensions-1.1.0 nr-date-2.1.0 nr-stream-1.1.5 nr-util-0.8.12 numpy-1.26.4 openpyxl-3.1.5 orjson-3.11.2 packaging-25.0 pandas-2.2.3 pandera-0.19.3 pathspec-0.12.1 platformdirs-4.3.8 pluggy-1.6.0 port-for-0.7.4 prompt-toolkit-3.0.51 psutil-7.0.0 psycopg-3.2.9 psycopg-binary-3.2.9 psycopg2-binary-2.9.10 pycparser-2.22 pycryptodome-3.23.0 pydantic-2.11.7 pydantic-core-2.33.2 pydantic-extra-types-2.10.5 pydantic-settings-2.10.1 pydoc-markdown-4.8.2 pygments-2.19.2 pytest-8.4.1 pytest-asyncio-0.23.6 pytest-cov-6.2.1 pytest-postgresql-7.0.2 python-dateutil-2.9.0.post0 python-dotenv-1.1.1 python-multipart-0.0.20 python-telegram-bot-22.3 pytz-2025.2 redis-6.4.0 requests-2.32.4 respx-0.22.0 rich-14.1.0 rich-toolkit-0.15.0 rignore-0.6.4 ruff-0.4.4 s3transfer-0.13.1 sentry-sdk-2.35.0 setuptools-80.9.0 shellingham-1.5.4 six-1.17.0 sniffio-1.3.1 sqlalchemy-2.0.29 starlette-0.47.2 structlog-24.1.0 testcontainers-4.10.0 tomli-2.2.1 tomli_w-1.2.0 typeapi-2.2.4 typeguard-4.4.4 typer-0.16.1 types-requests-2.32.0.20240602 typing-extensions-4.14.1 typing-inspect-0.9.0 typing-inspection-0.4.1 tzdata-2025.2 tzlocal-5.3.1 ujson-5.10.0 urllib3-2.5.0 uvicorn-0.35.0 uvloop-0.21.0 vine-5.1.0 watchdog-6.0.0 watchfiles-1.1.0 wcwidth-0.2.13 websockets-15.0.1 wrapt-1.17.3 yapf-0.43.0
2025-08-19T15:15:54.6512843Z Collecting keepa==1.3.15
2025-08-19T15:15:54.6531481Z   Using cached keepa-1.3.15-py3-none-any.whl.metadata (11 kB)
2025-08-19T15:15:54.6937298Z Collecting minio==7.1.15
2025-08-19T15:15:54.6950342Z   Using cached minio-7.1.15-py3-none-any.whl.metadata (4.2 kB)
2025-08-19T15:15:54.6980914Z Requirement already satisfied: numpy>=1.9.3 in /opt/hostedtoolcache/Python/3.12.11/x64/lib/python3.12/site-packages (from keepa==1.3.15) (1.26.4)
2025-08-19T15:15:54.6987045Z Requirement already satisfied: requests>=2.2 in /opt/hostedtoolcache/Python/3.12.11/x64/lib/python3.12/site-packages (from keepa==1.3.15) (2.32.4)
2025-08-19T15:15:54.7428118Z Collecting tqdm (from keepa==1.3.15)
2025-08-19T15:15:54.7440285Z   Using cached tqdm-4.67.1-py3-none-any.whl.metadata (57 kB)
2025-08-19T15:15:55.2646324Z Collecting aiohttp (from keepa==1.3.15)
2025-08-19T15:15:55.2662575Z   Using cached aiohttp-3.12.15-cp312-cp312-manylinux_2_17_x86_64.manylinux2014_x86_64.whl.metadata (7.7 kB)
2025-08-19T15:15:55.2699826Z Requirement already satisfied: pandas<=3.0 in /opt/hostedtoolcache/Python/3.12.11/x64/lib/python3.12/site-packages (from keepa==1.3.15) (2.2.3)
2025-08-19T15:15:55.2704319Z Requirement already satisfied: pydantic in /opt/hostedtoolcache/Python/3.12.11/x64/lib/python3.12/site-packages (from keepa==1.3.15) (2.11.7)
2025-08-19T15:15:55.2713698Z Requirement already satisfied: certifi in /opt/hostedtoolcache/Python/3.12.11/x64/lib/python3.12/site-packages (from minio==7.1.15) (2025.8.3)
2025-08-19T15:15:55.2717793Z Requirement already satisfied: urllib3 in /opt/hostedtoolcache/Python/3.12.11/x64/lib/python3.12/site-packages (from minio==7.1.15) (2.5.0)
2025-08-19T15:15:55.2782829Z Requirement already satisfied: python-dateutil>=2.8.2 in /opt/hostedtoolcache/Python/3.12.11/x64/lib/python3.12/site-packages (from pandas<=3.0->keepa==1.3.15) (2.9.0.post0)
2025-08-19T15:15:55.2788434Z Requirement already satisfied: pytz>=2020.1 in /opt/hostedtoolcache/Python/3.12.11/x64/lib/python3.12/site-packages (from pandas<=3.0->keepa==1.3.15) (2025.2)
2025-08-19T15:15:55.2794548Z Requirement already satisfied: tzdata>=2022.7 in /opt/hostedtoolcache/Python/3.12.11/x64/lib/python3.12/site-packages (from pandas<=3.0->keepa==1.3.15) (2025.2)
2025-08-19T15:15:55.2924964Z Requirement already satisfied: six>=1.5 in /opt/hostedtoolcache/Python/3.12.11/x64/lib/python3.12/site-packages (from python-dateutil>=2.8.2->pandas<=3.0->keepa==1.3.15) (1.17.0)
2025-08-19T15:15:55.2945600Z Requirement already satisfied: charset_normalizer<4,>=2 in /opt/hostedtoolcache/Python/3.12.11/x64/lib/python3.12/site-packages (from requests>=2.2->keepa==1.3.15) (3.4.3)
2025-08-19T15:15:55.2952785Z Requirement already satisfied: idna<4,>=2.5 in /opt/hostedtoolcache/Python/3.12.11/x64/lib/python3.12/site-packages (from requests>=2.2->keepa==1.3.15) (3.10)
2025-08-19T15:15:55.3268716Z Collecting aiohappyeyeballs>=2.5.0 (from aiohttp->keepa==1.3.15)
2025-08-19T15:15:55.3280381Z   Using cached aiohappyeyeballs-2.6.1-py3-none-any.whl.metadata (5.9 kB)
2025-08-19T15:15:55.3487265Z Collecting aiosignal>=1.4.0 (from aiohttp->keepa==1.3.15)
2025-08-19T15:15:55.3498583Z   Using cached aiosignal-1.4.0-py3-none-any.whl.metadata (3.7 kB)
2025-08-19T15:15:55.3770010Z Collecting attrs>=17.3.0 (from aiohttp->keepa==1.3.15)
2025-08-19T15:15:55.3781369Z   Using cached attrs-25.3.0-py3-none-any.whl.metadata (10 kB)
2025-08-19T15:15:55.4553690Z Collecting frozenlist>=1.1.1 (from aiohttp->keepa==1.3.15)
2025-08-19T15:15:55.4567372Z   Using cached frozenlist-1.7.0-cp312-cp312-manylinux_2_5_x86_64.manylinux1_x86_64.manylinux_2_17_x86_64.manylinux2014_x86_64.whl.metadata (18 kB)
2025-08-19T15:15:55.7085576Z Collecting multidict<7.0,>=4.5 (from aiohttp->keepa==1.3.15)
2025-08-19T15:15:55.7099822Z   Using cached multidict-6.6.4-cp312-cp312-manylinux2014_x86_64.manylinux_2_17_x86_64.manylinux_2_28_x86_64.whl.metadata (5.3 kB)
2025-08-19T15:15:55.7622589Z Collecting propcache>=0.2.0 (from aiohttp->keepa==1.3.15)
2025-08-19T15:15:55.7634627Z   Using cached propcache-0.3.2-cp312-cp312-manylinux_2_17_x86_64.manylinux2014_x86_64.whl.metadata (12 kB)
2025-08-19T15:15:56.0088351Z Collecting yarl<2.0,>=1.17.0 (from aiohttp->keepa==1.3.15)
2025-08-19T15:15:56.0101850Z   Using cached yarl-1.20.1-cp312-cp312-manylinux_2_17_x86_64.manylinux2014_x86_64.whl.metadata (73 kB)
2025-08-19T15:15:56.0322918Z Requirement already satisfied: typing-extensions>=4.2 in /opt/hostedtoolcache/Python/3.12.11/x64/lib/python3.12/site-packages (from aiosignal>=1.4.0->aiohttp->keepa==1.3.15) (4.14.1)
2025-08-19T15:15:56.0370828Z Requirement already satisfied: annotated-types>=0.6.0 in /opt/hostedtoolcache/Python/3.12.11/x64/lib/python3.12/site-packages (from pydantic->keepa==1.3.15) (0.7.0)
2025-08-19T15:15:56.0377008Z Requirement already satisfied: pydantic-core==2.33.2 in /opt/hostedtoolcache/Python/3.12.11/x64/lib/python3.12/site-packages (from pydantic->keepa==1.3.15) (2.33.2)
2025-08-19T15:15:56.0384611Z Requirement already satisfied: typing-inspection>=0.4.0 in /opt/hostedtoolcache/Python/3.12.11/x64/lib/python3.12/site-packages (from pydantic->keepa==1.3.15) (0.4.1)
2025-08-19T15:15:56.0447473Z Using cached keepa-1.3.15-py3-none-any.whl (38 kB)
2025-08-19T15:15:56.0459146Z Using cached minio-7.1.15-py3-none-any.whl (77 kB)
2025-08-19T15:15:56.0471420Z Using cached aiohttp-3.12.15-cp312-cp312-manylinux_2_17_x86_64.manylinux2014_x86_64.whl (1.7 MB)
2025-08-19T15:15:56.0496708Z Using cached multidict-6.6.4-cp312-cp312-manylinux2014_x86_64.manylinux_2_17_x86_64.manylinux_2_28_x86_64.whl (256 kB)
2025-08-19T15:15:56.0509673Z Using cached yarl-1.20.1-cp312-cp312-manylinux_2_17_x86_64.manylinux2014_x86_64.whl (355 kB)
2025-08-19T15:15:56.0523340Z Using cached aiohappyeyeballs-2.6.1-py3-none-any.whl (15 kB)
2025-08-19T15:15:56.0534547Z Using cached aiosignal-1.4.0-py3-none-any.whl (7.5 kB)
2025-08-19T15:15:56.0545666Z Using cached attrs-25.3.0-py3-none-any.whl (63 kB)
2025-08-19T15:15:56.0557802Z Using cached frozenlist-1.7.0-cp312-cp312-manylinux_2_5_x86_64.manylinux1_x86_64.manylinux_2_17_x86_64.manylinux2014_x86_64.whl (241 kB)
2025-08-19T15:15:56.0570415Z Using cached propcache-0.3.2-cp312-cp312-manylinux_2_17_x86_64.manylinux2014_x86_64.whl (224 kB)
2025-08-19T15:15:56.0582936Z Using cached tqdm-4.67.1-py3-none-any.whl (78 kB)
2025-08-19T15:15:56.2401331Z Installing collected packages: tqdm, propcache, multidict, minio, frozenlist, attrs, aiohappyeyeballs, yarl, aiosignal, aiohttp, keepa
2025-08-19T15:15:56.3154847Z   Attempting uninstall: minio
2025-08-19T15:15:56.3204431Z     Found existing installation: minio 7.2.16
2025-08-19T15:15:56.3242396Z     Uninstalling minio-7.2.16:
2025-08-19T15:15:56.3253307Z       Successfully uninstalled minio-7.2.16
2025-08-19T15:15:56.6900629Z 
2025-08-19T15:15:56.7019519Z Successfully installed aiohappyeyeballs-2.6.1 aiohttp-3.12.15 aiosignal-1.4.0 attrs-25.3.0 frozenlist-1.7.0 keepa-1.3.15 minio-7.1.15 multidict-6.6.4 propcache-0.3.2 tqdm-4.67.1 yarl-1.20.1
2025-08-19T15:15:56.8926647Z ##[group]Run ruff check .
2025-08-19T15:15:56.8926964Z [36;1mruff check .[0m
2025-08-19T15:15:56.8927193Z [36;1mruff format --check .[0m
2025-08-19T15:15:56.8970106Z shell: /usr/bin/bash -e {0}
2025-08-19T15:15:56.8970387Z env:
2025-08-19T15:15:56.8970640Z   REDIS_URL: redis://localhost:6379/0
2025-08-19T15:15:56.8970970Z   RATE_LIMIT_DEFAULT: 100/minute
2025-08-19T15:15:56.8971253Z   TRUST_X_FORWARDED: 1
2025-08-19T15:15:56.8971502Z   PG_USER: postgres
2025-08-19T15:15:56.8971898Z   PG_PASSWORD: pass
2025-08-19T15:15:56.8972142Z   PG_DATABASE: awa
2025-08-19T15:15:56.8972402Z   PG_HOST: localhost
2025-08-19T15:15:56.8972647Z   PG_PORT: 5432
2025-08-19T15:15:56.8973365Z   PG_SYNC_DSN: ***localhost:5432/awa
2025-08-19T15:15:56.8973930Z   PG_ASYNC_DSN: ***localhost:5432/awa
2025-08-19T15:15:56.8974471Z   DATABASE_URL: ***localhost:5432/awa
2025-08-19T15:15:56.8974802Z   DATA_DIR: /tmp/awa-data
2025-08-19T15:15:56.8975088Z   ENABLE_LIVE: 0
2025-08-19T15:15:56.8975366Z   TESTING: 1
2025-08-19T15:15:56.8975697Z   pythonLocation: /opt/hostedtoolcache/Python/3.12.11/x64
2025-08-19T15:15:56.8976257Z   PKG_CONFIG_PATH: /opt/hostedtoolcache/Python/3.12.11/x64/lib/pkgconfig
2025-08-19T15:15:56.8976815Z   Python_ROOT_DIR: /opt/hostedtoolcache/Python/3.12.11/x64
2025-08-19T15:15:56.8977311Z   Python2_ROOT_DIR: /opt/hostedtoolcache/Python/3.12.11/x64
2025-08-19T15:15:56.8977807Z   Python3_ROOT_DIR: /opt/hostedtoolcache/Python/3.12.11/x64
2025-08-19T15:15:56.8978313Z   LD_LIBRARY_PATH: /opt/hostedtoolcache/Python/3.12.11/x64/lib
2025-08-19T15:15:56.8978732Z ##[endgroup]
2025-08-19T15:15:56.9256084Z All checks passed!
2025-08-19T15:15:56.9483044Z 242 files already formatted
2025-08-19T15:15:56.9519938Z ##[group]Run for i in {1..30}; do pg_isready -h "$PG_HOST" -p "$PG_PORT" -U "$PG_USER" -d "$PG_DATABASE" && break; sleep 1; done
2025-08-19T15:15:56.9520670Z [36;1mfor i in {1..30}; do pg_isready -h "$PG_HOST" -p "$PG_PORT" -U "$PG_USER" -d "$PG_DATABASE" && break; sleep 1; done[0m
2025-08-19T15:15:56.9561748Z shell: /usr/bin/bash -e {0}
2025-08-19T15:15:56.9562007Z env:
2025-08-19T15:15:56.9562225Z   REDIS_URL: redis://localhost:6379/0
2025-08-19T15:15:56.9562516Z   RATE_LIMIT_DEFAULT: 100/minute
2025-08-19T15:15:56.9562763Z   TRUST_X_FORWARDED: 1
2025-08-19T15:15:56.9562976Z   PG_USER: postgres
2025-08-19T15:15:56.9563187Z   PG_PASSWORD: pass
2025-08-19T15:15:56.9563395Z   PG_DATABASE: awa
2025-08-19T15:15:56.9563589Z   PG_HOST: localhost
2025-08-19T15:15:56.9563794Z   PG_PORT: 5432
2025-08-19T15:15:56.9564295Z   PG_SYNC_DSN: ***localhost:5432/awa
2025-08-19T15:15:56.9564772Z   PG_ASYNC_DSN: ***localhost:5432/awa
2025-08-19T15:15:56.9565246Z   DATABASE_URL: ***localhost:5432/awa
2025-08-19T15:15:56.9565504Z   DATA_DIR: /tmp/awa-data
2025-08-19T15:15:56.9565730Z   ENABLE_LIVE: 0
2025-08-19T15:15:56.9565923Z   TESTING: 1
2025-08-19T15:15:56.9566176Z   pythonLocation: /opt/hostedtoolcache/Python/3.12.11/x64
2025-08-19T15:15:56.9566622Z   PKG_CONFIG_PATH: /opt/hostedtoolcache/Python/3.12.11/x64/lib/pkgconfig
2025-08-19T15:15:56.9567057Z   Python_ROOT_DIR: /opt/hostedtoolcache/Python/3.12.11/x64
2025-08-19T15:15:56.9567447Z   Python2_ROOT_DIR: /opt/hostedtoolcache/Python/3.12.11/x64
2025-08-19T15:15:56.9567832Z   Python3_ROOT_DIR: /opt/hostedtoolcache/Python/3.12.11/x64
2025-08-19T15:15:56.9568227Z   LD_LIBRARY_PATH: /opt/hostedtoolcache/Python/3.12.11/x64/lib
2025-08-19T15:15:56.9568556Z ##[endgroup]
2025-08-19T15:15:57.0399302Z localhost:5432 - accepting connections
2025-08-19T15:15:57.0443014Z ##[group]Run psql -h "$PG_HOST" -p "$PG_PORT" -U "$PG_USER" -d "$PG_DATABASE" -c "SELECT 1"
2025-08-19T15:15:57.0443630Z [36;1mpsql -h "$PG_HOST" -p "$PG_PORT" -U "$PG_USER" -d "$PG_DATABASE" -c "SELECT 1"[0m
2025-08-19T15:15:57.0483706Z shell: /usr/bin/bash -e {0}
2025-08-19T15:15:57.0483971Z env:
2025-08-19T15:15:57.0484201Z   REDIS_URL: redis://localhost:6379/0
2025-08-19T15:15:57.0484510Z   RATE_LIMIT_DEFAULT: 100/minute
2025-08-19T15:15:57.0484774Z   TRUST_X_FORWARDED: 1
2025-08-19T15:15:57.0485000Z   PG_USER: postgres
2025-08-19T15:15:57.0485233Z   PG_PASSWORD: pass
2025-08-19T15:15:57.0485455Z   PG_DATABASE: awa
2025-08-19T15:15:57.0485664Z   PG_HOST: localhost
2025-08-19T15:15:57.0485884Z   PG_PORT: 5432
2025-08-19T15:15:57.0486449Z   PG_SYNC_DSN: ***localhost:5432/awa
2025-08-19T15:15:57.0486965Z   PG_ASYNC_DSN: ***localhost:5432/awa
2025-08-19T15:15:57.0487465Z   DATABASE_URL: ***localhost:5432/awa
2025-08-19T15:15:57.0487768Z   DATA_DIR: /tmp/awa-data
2025-08-19T15:15:57.0488068Z   ENABLE_LIVE: 0
2025-08-19T15:15:57.0488288Z   TESTING: 1
2025-08-19T15:15:57.0488592Z   pythonLocation: /opt/hostedtoolcache/Python/3.12.11/x64
2025-08-19T15:15:57.0489124Z   PKG_CONFIG_PATH: /opt/hostedtoolcache/Python/3.12.11/x64/lib/pkgconfig
2025-08-19T15:15:57.0489634Z   Python_ROOT_DIR: /opt/hostedtoolcache/Python/3.12.11/x64
2025-08-19T15:15:57.0490084Z   Python2_ROOT_DIR: /opt/hostedtoolcache/Python/3.12.11/x64
2025-08-19T15:15:57.0490541Z   Python3_ROOT_DIR: /opt/hostedtoolcache/Python/3.12.11/x64
2025-08-19T15:15:57.0491002Z   LD_LIBRARY_PATH: /opt/hostedtoolcache/Python/3.12.11/x64/lib
2025-08-19T15:15:57.0491390Z   PGPASSWORD: pass
2025-08-19T15:15:57.0491913Z ##[endgroup]
2025-08-19T15:15:57.1380576Z  ?column? 
2025-08-19T15:15:57.1382765Z ----------
2025-08-19T15:15:57.1383077Z         1
2025-08-19T15:15:57.1383360Z (1 row)
2025-08-19T15:15:57.1383555Z 
2025-08-19T15:15:57.1423133Z ##[group]Run alembic -c services/api/alembic.ini upgrade head
2025-08-19T15:15:57.1423667Z [36;1malembic -c services/api/alembic.ini upgrade head[0m
2025-08-19T15:15:57.1465600Z shell: /usr/bin/bash -e {0}
2025-08-19T15:15:57.1466053Z env:
2025-08-19T15:15:57.1466300Z   REDIS_URL: redis://localhost:6379/0
2025-08-19T15:15:57.1466639Z   RATE_LIMIT_DEFAULT: 100/minute
2025-08-19T15:15:57.1466925Z   TRUST_X_FORWARDED: 1
2025-08-19T15:15:57.1467170Z   PG_USER: postgres
2025-08-19T15:15:57.1467411Z   PG_PASSWORD: pass
2025-08-19T15:15:57.1467646Z   PG_DATABASE: awa
2025-08-19T15:15:57.1467873Z   PG_HOST: localhost
2025-08-19T15:15:57.1468110Z   PG_PORT: 5432
2025-08-19T15:15:57.1468663Z   PG_SYNC_DSN: ***localhost:5432/awa
2025-08-19T15:15:57.1469218Z   PG_ASYNC_DSN: ***localhost:5432/awa
2025-08-19T15:15:57.1469756Z   DATABASE_URL: ***localhost:5432/awa
2025-08-19T15:15:57.1470095Z   DATA_DIR: /tmp/awa-data
2025-08-19T15:15:57.1470374Z   ENABLE_LIVE: 0
2025-08-19T15:15:57.1470653Z   TESTING: 1
2025-08-19T15:15:57.1470983Z   pythonLocation: /opt/hostedtoolcache/Python/3.12.11/x64
2025-08-19T15:15:57.1471760Z   PKG_CONFIG_PATH: /opt/hostedtoolcache/Python/3.12.11/x64/lib/pkgconfig
2025-08-19T15:15:57.1472329Z   Python_ROOT_DIR: /opt/hostedtoolcache/Python/3.12.11/x64
2025-08-19T15:15:57.1472835Z   Python2_ROOT_DIR: /opt/hostedtoolcache/Python/3.12.11/x64
2025-08-19T15:15:57.1473334Z   Python3_ROOT_DIR: /opt/hostedtoolcache/Python/3.12.11/x64
2025-08-19T15:15:57.1473843Z   LD_LIBRARY_PATH: /opt/hostedtoolcache/Python/3.12.11/x64/lib
2025-08-19T15:15:57.1474265Z ##[endgroup]
2025-08-19T15:15:57.7709715Z INFO  [alembic.runtime.migration] Context impl PostgresqlImpl.
2025-08-19T15:15:57.7710516Z INFO  [alembic.runtime.migration] Will assume transactional DDL.
2025-08-19T15:15:57.7898436Z INFO  [alembic.runtime.migration] Running upgrade  -> 0001_baseline
2025-08-19T15:15:57.8057883Z INFO  [alembic.runtime.migration] Running upgrade 0001_baseline -> 0002_create_roi_view
2025-08-19T15:15:57.8084404Z INFO  [alembic.runtime.migration] Running upgrade 0002_create_roi_view -> 3e9d5c5aff2c
2025-08-19T15:15:57.8254027Z INFO  [alembic.runtime.migration] Running upgrade 3e9d5c5aff2c -> 0003_vendor_prices
2025-08-19T15:15:57.8418569Z INFO  [alembic.runtime.migration] Running upgrade 0003_vendor_prices -> 0004_fee_cron
2025-08-19T15:15:57.8493706Z INFO  [alembic.runtime.migration] Running upgrade 0004_fee_cron -> 0006_fix_roi_views
2025-08-19T15:15:57.8526056Z INFO  [alembic.runtime.migration] Running upgrade 0006_fix_roi_views -> 0020_unified_schema
2025-08-19T15:15:57.8646031Z INFO  [alembic.runtime.migration] Running upgrade 0020_unified_schema -> 0022_fix_roi_view
2025-08-19T15:15:57.8730137Z INFO  [alembic.runtime.migration] Running upgrade 0022_fix_roi_view -> 0023_add_storage_fee
2025-08-19T15:15:57.8769311Z INFO  [alembic.runtime.migration] Running upgrade 0023_add_storage_fee -> 0024_create_buybox
2025-08-19T15:15:57.8793630Z INFO  [alembic.runtime.migration] Running upgrade 0024_create_buybox -> 0025_pr4_indexes_loadlog
2025-08-19T15:15:57.9022897Z INFO  [alembic.runtime.migration] Running upgrade 0025_pr4_indexes_loadlog -> 0026_amazon_new_reports
2025-08-19T15:15:58.1161396Z ##[group]Run python -m mypy services || true
2025-08-19T15:15:58.1162072Z [36;1mpython -m mypy services || true[0m
2025-08-19T15:15:58.1204348Z shell: /usr/bin/bash -e {0}
2025-08-19T15:15:58.1204627Z env:
2025-08-19T15:15:58.1204881Z   REDIS_URL: redis://localhost:6379/0
2025-08-19T15:15:58.1205211Z   RATE_LIMIT_DEFAULT: 100/minute
2025-08-19T15:15:58.1205494Z   TRUST_X_FORWARDED: 1
2025-08-19T15:15:58.1205751Z   PG_USER: postgres
2025-08-19T15:15:58.1206005Z   PG_PASSWORD: pass
2025-08-19T15:15:58.1206245Z   PG_DATABASE: awa
2025-08-19T15:15:58.1206472Z   PG_HOST: localhost
2025-08-19T15:15:58.1206714Z   PG_PORT: 5432
2025-08-19T15:15:58.1207279Z   PG_SYNC_DSN: ***localhost:5432/awa
2025-08-19T15:15:58.1207845Z   PG_ASYNC_DSN: ***localhost:5432/awa
2025-08-19T15:15:58.1208396Z   DATABASE_URL: ***localhost:5432/awa
2025-08-19T15:15:58.1208728Z   DATA_DIR: /tmp/awa-data
2025-08-19T15:15:58.1209016Z   ENABLE_LIVE: 0
2025-08-19T15:15:58.1209268Z   TESTING: 1
2025-08-19T15:15:58.1209647Z   pythonLocation: /opt/hostedtoolcache/Python/3.12.11/x64
2025-08-19T15:15:58.1210210Z   PKG_CONFIG_PATH: /opt/hostedtoolcache/Python/3.12.11/x64/lib/pkgconfig
2025-08-19T15:15:58.1210973Z   Python_ROOT_DIR: /opt/hostedtoolcache/Python/3.12.11/x64
2025-08-19T15:15:58.1211484Z   Python2_ROOT_DIR: /opt/hostedtoolcache/Python/3.12.11/x64
2025-08-19T15:15:58.1212200Z   Python3_ROOT_DIR: /opt/hostedtoolcache/Python/3.12.11/x64
2025-08-19T15:15:58.1212705Z   LD_LIBRARY_PATH: /opt/hostedtoolcache/Python/3.12.11/x64/lib
2025-08-19T15:15:58.1213132Z ##[endgroup]
2025-08-19T15:16:29.6926132Z services/api/routes/score.py:16: error: Function is missing a return type annotation  [no-untyped-def]
2025-08-19T15:16:29.6927188Z services/api/routes/score.py:16: note: Use "-> None" if function does not return a value
2025-08-19T15:16:29.6928208Z services/api/routes/score.py:26: error: All conditional function variants must have identical signatures  [misc]
2025-08-19T15:16:29.6929064Z services/api/routes/score.py:26: note: Original:
2025-08-19T15:16:29.6929904Z services/api/routes/score.py:26: note:     def require_basic_auth(credentials: HTTPBasicCredentials = ...) -> None
2025-08-19T15:16:29.6930750Z services/api/routes/score.py:26: note: Redefinition:
2025-08-19T15:16:29.6931397Z services/api/routes/score.py:26: note:     def require_basic_auth() -> None
2025-08-19T15:16:29.6932851Z services/api/routes/score.py:34: error: Incompatible types in assignment (expression has type "None", variable has type Module)  [assignment]
2025-08-19T15:16:29.6934016Z services/api/routes/score.py:38: error: Invalid type comment or annotation  [valid-type]
2025-08-19T15:16:29.6934890Z services/api/routes/score.py:38: note: Suggestion: use constr[...] instead of constr(...)
2025-08-19T15:16:29.7420384Z Found 4 errors in 1 file (checked 97 source files)
2025-08-19T15:16:29.7829030Z ##[group]Run pytest -q --cov=services
2025-08-19T15:16:29.7829566Z [36;1mpytest -q --cov=services[0m
2025-08-19T15:16:29.7887630Z shell: /usr/bin/bash -e {0}
2025-08-19T15:16:29.7888003Z env:
2025-08-19T15:16:29.7888352Z   REDIS_URL: redis://localhost:6379/0
2025-08-19T15:16:29.7888841Z   RATE_LIMIT_DEFAULT: 100/minute
2025-08-19T15:16:29.7889227Z   TRUST_X_FORWARDED: 1
2025-08-19T15:16:29.7889588Z   PG_USER: postgres
2025-08-19T15:16:29.7889917Z   PG_PASSWORD: pass
2025-08-19T15:16:29.7890248Z   PG_DATABASE: awa
2025-08-19T15:16:29.7890572Z   PG_HOST: localhost
2025-08-19T15:16:29.7890914Z   PG_PORT: 5432
2025-08-19T15:16:29.7891804Z   PG_SYNC_DSN: ***localhost:5432/awa
2025-08-19T15:16:29.7892564Z   PG_ASYNC_DSN: ***localhost:5432/awa
2025-08-19T15:16:29.7893275Z   DATABASE_URL: ***localhost:5432/awa
2025-08-19T15:16:29.7893707Z   DATA_DIR: /tmp/awa-data
2025-08-19T15:16:29.7894070Z   ENABLE_LIVE: 0
2025-08-19T15:16:29.7894378Z   TESTING: 1
2025-08-19T15:16:29.7894829Z   pythonLocation: /opt/hostedtoolcache/Python/3.12.11/x64
2025-08-19T15:16:29.7895536Z   PKG_CONFIG_PATH: /opt/hostedtoolcache/Python/3.12.11/x64/lib/pkgconfig
2025-08-19T15:16:29.7896233Z   Python_ROOT_DIR: /opt/hostedtoolcache/Python/3.12.11/x64
2025-08-19T15:16:29.7896858Z   Python2_ROOT_DIR: /opt/hostedtoolcache/Python/3.12.11/x64
2025-08-19T15:16:29.7897493Z   Python3_ROOT_DIR: /opt/hostedtoolcache/Python/3.12.11/x64
2025-08-19T15:16:29.7898117Z   LD_LIBRARY_PATH: /opt/hostedtoolcache/Python/3.12.11/x64/lib
2025-08-19T15:16:29.7898650Z ##[endgroup]
2025-08-19T15:17:01.7162206Z ........s.............................sssssss........................... [ 43%]
2025-08-19T15:17:34.0234414Z ........................................................................ [ 86%]
2025-08-19T15:17:35.4972614Z ......................                                                   [100%]
2025-08-19T15:17:35.4973307Z =============================== warnings summary ===============================
2025-08-19T15:17:35.4974027Z services/alert_bot/tests/test_smoke.py:5
2025-08-19T15:17:35.4976692Z   /home/runner/work/AWA-App/AWA-App/services/alert_bot/tests/test_smoke.py:5: UserWarning: pkg_resources is deprecated as an API. See https://setuptools.pypa.io/en/latest/pkg_resources.html. The pkg_resources package is slated for removal as early as 2025-11-30. Refrain from using this package or pin to Setuptools<81.
2025-08-19T15:17:35.4979614Z     import pkg_resources  # noqa: F401
2025-08-19T15:17:35.4979983Z 
2025-08-19T15:17:35.4980167Z tests/api/test_ingest_endpoints.py: 12 warnings
2025-08-19T15:17:35.4980637Z tests/ingest/test_tasks_eager.py: 3 warnings
2025-08-19T15:17:35.4981058Z tests/test_api_fast.py: 1 warning
2025-08-19T15:17:35.4981432Z tests/test_health.py: 5 warnings
2025-08-19T15:17:35.4982039Z tests/test_smoke.py: 5 warnings
2025-08-19T15:17:35.4982423Z services/api/tests/test_cors.py: 1 warning
2025-08-19T15:17:35.4982884Z services/api/tests/test_errors_json.py: 2 warnings
2025-08-19T15:17:35.4983370Z services/api/tests/test_health.py: 1 warning
2025-08-19T15:17:35.4983830Z services/api/tests/test_rate_limit.py: 122 warnings
2025-08-19T15:17:35.4984343Z services/api/tests/test_roi_basic_auth.py: 4 warnings
2025-08-19T15:17:35.4984855Z services/api/tests/test_sentry_event.py: 1 warning
2025-08-19T15:17:35.4985369Z services/api/tests/test_stats_contracts.py: 3 warnings
2025-08-19T15:17:35.4987639Z   /opt/hostedtoolcache/Python/3.12.11/x64/lib/python3.12/site-packages/asgi_correlation_id/extensions/sentry.py:27: DeprecationWarning: sentry_sdk.configure_scope is deprecated and will be removed in the next major version. Please consult our migration guide to learn how to migrate to the new API: https://docs.sentry.io/platforms/python/migration/1.x-to-2.x#scope-configuring
2025-08-19T15:17:35.4989134Z     with configure_scope() as scope:
2025-08-19T15:17:35.4989314Z 
2025-08-19T15:17:35.4989437Z tests/api/test_ingest_endpoints.py: 3 warnings
2025-08-19T15:17:35.4989737Z tests/test_api_fast.py: 1 warning
2025-08-19T15:17:35.4990260Z tests/test_health.py: 5 warnings
2025-08-19T15:17:35.4990521Z tests/test_smoke.py: 5 warnings
2025-08-19T15:17:35.4990779Z services/api/tests/test_cors.py: 3 warnings
2025-08-19T15:17:35.4991102Z services/api/tests/test_errors_json.py: 2 warnings
2025-08-19T15:17:35.4991433Z services/api/tests/test_health.py: 1 warning
2025-08-19T15:17:35.4991939Z services/api/tests/test_rate_limit.py: 2 warnings
2025-08-19T15:17:35.4992271Z services/api/tests/test_sentry_event.py: 1 warning
2025-08-19T15:17:35.4992625Z services/api/tests/test_stats_contracts.py: 3 warnings
2025-08-19T15:17:35.4993565Z   /opt/hostedtoolcache/Python/3.12.11/x64/lib/python3.12/site-packages/fastapi_limiter/__init__.py:89: DeprecationWarning: Call to deprecated close. (Use aclose() instead) -- Deprecated since version 5.0.1.
2025-08-19T15:17:35.4994437Z     await cls.redis.close()
2025-08-19T15:17:35.4994589Z 
2025-08-19T15:17:35.4994745Z tests/test_api_fast.py::test_health_endpoint
2025-08-19T15:17:35.4995862Z   /home/runner/work/AWA-App/AWA-App/tests/test_api_fast.py:13: DeprecationWarning: datetime.datetime.utcnow() is deprecated and scheduled for removal in a future version. Use timezone-aware objects to represent datetimes in UTC: datetime.datetime.now(datetime.UTC).
2025-08-19T15:17:35.4996968Z     return datetime.datetime.utcnow()
2025-08-19T15:17:35.4997164Z 
2025-08-19T15:17:35.4997259Z tests/test_api_fast.py: 1 warning
2025-08-19T15:17:35.4997511Z tests/test_health.py: 5 warnings
2025-08-19T15:17:35.4997761Z tests/test_smoke.py: 5 warnings
2025-08-19T15:17:35.4998008Z services/api/tests/test_cors.py: 1 warning
2025-08-19T15:17:35.4998284Z services/api/tests/test_health.py: 1 warning
2025-08-19T15:17:35.4998586Z services/api/tests/test_rate_limit.py: 102 warnings
2025-08-19T15:17:35.4999692Z   /home/runner/work/AWA-App/AWA-App/services/api/routes/health.py:24: DeprecationWarning: datetime.datetime.utcnow() is deprecated and scheduled for removal in a future version. Use timezone-aware objects to represent datetimes in UTC: datetime.datetime.now(datetime.UTC).
2025-08-19T15:17:35.5000805Z     app_now = datetime.utcnow().replace(tzinfo=timezone.utc)
2025-08-19T15:17:35.5001030Z 
2025-08-19T15:17:35.5001126Z tests/test_health.py::test_health[0]
2025-08-19T15:17:35.5001382Z tests/test_health.py::test_health[1]
2025-08-19T15:17:35.5002029Z tests/test_health.py::test_health[2]
2025-08-19T15:17:35.5002326Z tests/test_health.py::test_health[3]
2025-08-19T15:17:35.5002580Z tests/test_health.py::test_health[4]
2025-08-19T15:17:35.5003584Z   /home/runner/work/AWA-App/AWA-App/tests/test_health.py:22: DeprecationWarning: datetime.datetime.utcnow() is deprecated and scheduled for removal in a future version. Use timezone-aware objects to represent datetimes in UTC: datetime.datetime.now(datetime.UTC).
2025-08-19T15:17:35.5004602Z     return datetime.datetime.utcnow()
2025-08-19T15:17:35.5004773Z 
2025-08-19T15:17:35.5004863Z tests/test_smoke.py::test_health[0]
2025-08-19T15:17:35.5005113Z tests/test_smoke.py::test_health[1]
2025-08-19T15:17:35.5005362Z tests/test_smoke.py::test_health[2]
2025-08-19T15:17:35.5005599Z tests/test_smoke.py::test_health[3]
2025-08-19T15:17:35.5005842Z tests/test_smoke.py::test_health[4]
2025-08-19T15:17:35.5006825Z   /home/runner/work/AWA-App/AWA-App/tests/test_smoke.py:32: DeprecationWarning: datetime.datetime.utcnow() is deprecated and scheduled for removal in a future version. Use timezone-aware objects to represent datetimes in UTC: datetime.datetime.now(datetime.UTC).
2025-08-19T15:17:35.5007849Z     return datetime.datetime.utcnow()
2025-08-19T15:17:35.5008014Z 
2025-08-19T15:17:35.5008174Z services/api/tests/test_cors.py::test_cors_simple_get_allowed
2025-08-19T15:17:35.5009252Z   /home/runner/work/AWA-App/AWA-App/services/api/tests/test_cors.py:27: DeprecationWarning: datetime.datetime.utcnow() is deprecated and scheduled for removal in a future version. Use timezone-aware objects to represent datetimes in UTC: datetime.datetime.now(datetime.UTC).
2025-08-19T15:17:35.5010265Z     return datetime.datetime.utcnow()
2025-08-19T15:17:35.5010569Z 
2025-08-19T15:17:35.5010714Z services/api/tests/test_health.py::test_health_route
2025-08-19T15:17:35.5011990Z   /home/runner/work/AWA-App/AWA-App/services/api/tests/test_health.py:14: DeprecationWarning: datetime.datetime.utcnow() is deprecated and scheduled for removal in a future version. Use timezone-aware objects to represent datetimes in UTC: datetime.datetime.now(datetime.UTC).
2025-08-19T15:17:35.5013015Z     return datetime.datetime.utcnow()
2025-08-19T15:17:35.5013182Z 
2025-08-19T15:17:35.5013300Z services/api/tests/test_rate_limit.py: 102 warnings
2025-08-19T15:17:35.5014333Z   /home/runner/work/AWA-App/AWA-App/services/api/tests/test_rate_limit.py:33: DeprecationWarning: datetime.datetime.utcnow() is deprecated and scheduled for removal in a future version. Use timezone-aware objects to represent datetimes in UTC: datetime.datetime.now(datetime.UTC).
2025-08-19T15:17:35.5015331Z     return datetime.datetime.utcnow()
2025-08-19T15:17:35.5015491Z 
2025-08-19T15:17:35.5015731Z services/api/tests/test_sentry_event.py::test_unhandled_exception_is_captured_and_tagged
2025-08-19T15:17:35.5017061Z   /home/runner/work/AWA-App/AWA-App/services/api/tests/test_sentry_event.py:47: SentryHubDeprecationWarning: `sentry_sdk.Hub` is deprecated and will be removed in a future major release. Please consult our 1.x to 2.x migration guide for details on how to migrate `Hub` usage to the new API: https://docs.sentry.io/platforms/python/migration/1.x-to-2.x
2025-08-19T15:17:35.5018220Z     hub = sentry_sdk.Hub.current
2025-08-19T15:17:35.5018368Z 
2025-08-19T15:17:35.5018556Z -- Docs: https://docs.pytest.org/en/stable/how-to/capture-warnings.html
2025-08-19T15:17:35.5018943Z ================================ tests coverage ================================
2025-08-19T15:17:35.5019305Z _______________ coverage: platform linux, python 3.12.11-final-0 _______________
2025-08-19T15:17:35.5019562Z 
2025-08-19T15:17:35.5019660Z Coverage XML written to file coverage.xml
2025-08-19T15:17:35.5019978Z Required test coverage of 65% reached. Total coverage: 65.47%
2025-08-19T15:17:35.5020373Z Sentry is attempting to send 0 pending events
2025-08-19T15:17:35.5020639Z Waiting up to True seconds
2025-08-19T15:17:35.5020852Z Press Ctrl-C to quit
2025-08-19T15:17:36.0588524Z ##[group]Run actions/upload-artifact@v4
2025-08-19T15:17:36.0588958Z with:
2025-08-19T15:17:36.0589148Z   name: coverage
2025-08-19T15:17:36.0589333Z   path: coverage.xml
2025-08-19T15:17:36.0589532Z   if-no-files-found: warn
2025-08-19T15:17:36.0589744Z   compression-level: 6
2025-08-19T15:17:36.0589937Z   overwrite: false
2025-08-19T15:17:36.0590127Z   include-hidden-files: false
2025-08-19T15:17:36.0590338Z env:
2025-08-19T15:17:36.0590534Z   REDIS_URL: redis://localhost:6379/0
2025-08-19T15:17:36.0590779Z   RATE_LIMIT_DEFAULT: 100/minute
2025-08-19T15:17:36.0590997Z   TRUST_X_FORWARDED: 1
2025-08-19T15:17:36.0591190Z   PG_USER: postgres
2025-08-19T15:17:36.0591370Z   PG_PASSWORD: pass
2025-08-19T15:17:36.0591811Z   PG_DATABASE: awa
2025-08-19T15:17:36.0592001Z   PG_HOST: localhost
2025-08-19T15:17:36.0592185Z   PG_PORT: 5432
2025-08-19T15:17:36.0592594Z   PG_SYNC_DSN: ***localhost:5432/awa
2025-08-19T15:17:36.0592987Z   PG_ASYNC_DSN: ***localhost:5432/awa
2025-08-19T15:17:36.0593408Z   DATABASE_URL: ***localhost:5432/awa
2025-08-19T15:17:36.0593650Z   DATA_DIR: /tmp/awa-data
2025-08-19T15:17:36.0593852Z   ENABLE_LIVE: 0
2025-08-19T15:17:36.0594027Z   TESTING: 1
2025-08-19T15:17:36.0594266Z   pythonLocation: /opt/hostedtoolcache/Python/3.12.11/x64
2025-08-19T15:17:36.0594661Z   PKG_CONFIG_PATH: /opt/hostedtoolcache/Python/3.12.11/x64/lib/pkgconfig
2025-08-19T15:17:36.0595050Z   Python_ROOT_DIR: /opt/hostedtoolcache/Python/3.12.11/x64
2025-08-19T15:17:36.0595402Z   Python2_ROOT_DIR: /opt/hostedtoolcache/Python/3.12.11/x64
2025-08-19T15:17:36.0595752Z   Python3_ROOT_DIR: /opt/hostedtoolcache/Python/3.12.11/x64
2025-08-19T15:17:36.0596109Z   LD_LIBRARY_PATH: /opt/hostedtoolcache/Python/3.12.11/x64/lib
2025-08-19T15:17:36.0596405Z ##[endgroup]
2025-08-19T15:17:36.2727657Z With the provided path, there will be 1 file uploaded
2025-08-19T15:17:36.2733448Z Artifact name is valid!
2025-08-19T15:17:36.2734690Z Root directory input is valid!
2025-08-19T15:17:36.4673804Z Beginning upload of artifact content to blob storage
2025-08-19T15:17:36.6393108Z Uploaded bytes 5044
2025-08-19T15:17:36.6849199Z Finished uploading artifact content to blob storage!
2025-08-19T15:17:36.6852903Z SHA256 digest of uploaded artifact zip is 5f34f4443f948128f9cd93cf954f75dbb2458a18c30b5e0da0c45fdcd6d44dad
2025-08-19T15:17:36.6854686Z Finalizing artifact upload
2025-08-19T15:17:36.8143729Z Artifact coverage.zip successfully finalized. Artifact ID 3800044780
2025-08-19T15:17:36.8144811Z Artifact coverage has been successfully uploaded! Final size is 5044 bytes. Artifact ID is 3800044780
2025-08-19T15:17:36.8154148Z Artifact download URL: https://github.com/AlexBomber12/AWA-App/actions/runs/17073976413/artifacts/3800044780
2025-08-19T15:17:36.8279980Z Post job cleanup.
2025-08-19T15:17:37.0048593Z [command]/usr/bin/tar --posix -cf cache.tzst --exclude cache.tzst -P -C /home/runner/work/AWA-App/AWA-App --files-from manifest.txt --use-compress-program zstdmt
2025-08-19T15:17:38.7598064Z Sent 0 of 334004596 (0.0%), 0.0 MBs/sec
2025-08-19T15:17:39.4216368Z Sent 334004596 of 334004596 (100.0%), 191.7 MBs/sec
2025-08-19T15:17:39.6666894Z Cache saved with the key: setup-python-Linux-x64-24.04-Ubuntu-python-3.12.11-pip-9de5cb0422a390759e34b2174ad2a206e054e5ff6c60a2fa9b41fd71e56eb705
2025-08-19T15:17:39.6804949Z Post job cleanup.
2025-08-19T15:17:39.7745990Z [command]/usr/bin/git version
2025-08-19T15:17:39.7782930Z git version 2.50.1
2025-08-19T15:17:39.7832696Z Temporarily overriding HOME='/home/runner/work/_temp/1e78681b-b9cc-4bd1-9c7b-2c2d60169be2' before making global git config changes
2025-08-19T15:17:39.7834119Z Adding repository directory to the temporary git global config as a safe directory
2025-08-19T15:17:39.7838108Z [command]/usr/bin/git config --global --add safe.directory /home/runner/work/AWA-App/AWA-App
2025-08-19T15:17:39.7874019Z [command]/usr/bin/git config --local --name-only --get-regexp core\.sshCommand
2025-08-19T15:17:39.7906643Z [command]/usr/bin/git submodule foreach --recursive sh -c "git config --local --name-only --get-regexp 'core\.sshCommand' && git config --local --unset-all 'core.sshCommand' || :"
2025-08-19T15:17:39.8142097Z [command]/usr/bin/git config --local --name-only --get-regexp http\.https\:\/\/github\.com\/\.extraheader
2025-08-19T15:17:39.8164901Z http.https://github.com/.extraheader
2025-08-19T15:17:39.8177816Z [command]/usr/bin/git config --local --unset-all http.https://github.com/.extraheader
2025-08-19T15:17:39.8208529Z [command]/usr/bin/git submodule foreach --recursive sh -c "git config --local --name-only --get-regexp 'http\.https\:\/\/github\.com\/\.extraheader' && git config --local --unset-all 'http.https://github.com/.extraheader' || :"
2025-08-19T15:17:39.8525520Z Print service container logs: 66f71dde38bc47c38c5fab1867b1d1ec_postgres15_cc7996
2025-08-19T15:17:39.8530036Z ##[command]/usr/bin/docker logs --details 6263da655d207995e62d86ab0df6044bfaa3119b824fcf3c292d07ce4bbd0220
2025-08-19T15:17:39.8657705Z  The files belonging to this database system will be owned by user "postgres".
2025-08-19T15:17:39.8660813Z  initdb: warning: enabling "trust" authentication for local connections
2025-08-19T15:17:39.8662687Z  initdb: hint: You can change this by editing pg_hba.conf or using the option -A, or --auth-local and --auth-host, the next time you run initdb.
2025-08-19T15:17:39.8664636Z  2025-08-19 15:15:10.477 UTC [1] LOG:  starting PostgreSQL 15.14 (Debian 15.14-1.pgdg13+1) on x86_64-pc-linux-gnu, compiled by gcc (Debian 14.2.0-19) 14.2.0, 64-bit
2025-08-19T15:17:39.8665607Z  2025-08-19 15:15:10.478 UTC [1] LOG:  listening on IPv4 address "0.0.0.0", port 5432
2025-08-19T15:17:39.8666466Z  2025-08-19 15:15:10.478 UTC [1] LOG:  listening on IPv6 address "::", port 5432
2025-08-19T15:17:39.8667245Z  2025-08-19 15:15:10.479 UTC [1] LOG:  listening on Unix socket "/var/run/postgresql/.s.PGSQL.5432"
2025-08-19T15:17:39.8668038Z  2025-08-19 15:15:10.482 UTC [64] LOG:  database system was shut down at 2025-08-19 15:15:10 UTC
2025-08-19T15:17:39.8668758Z  2025-08-19 15:15:10.486 UTC [1] LOG:  database system is ready to accept connections
2025-08-19T15:17:39.8669342Z  This user must also own the server process.
2025-08-19T15:17:39.8669829Z  
2025-08-19T15:17:39.8670276Z  The database cluster will be initialized with locale "en_US.utf8".
2025-08-19T15:17:39.8670905Z  The default database encoding has accordingly been set to "UTF8".
2025-08-19T15:17:39.8671734Z  The default text search configuration will be set to "english".
2025-08-19T15:17:39.8672629Z  
2025-08-19T15:17:39.8673172Z  Data page checksums are disabled.
2025-08-19T15:17:39.8673699Z  
2025-08-19T15:17:39.8674185Z  fixing permissions on existing directory /var/lib/postgresql/data ... ok
2025-08-19T15:17:39.8674690Z  creating subdirectories ... ok
2025-08-19T15:17:39.8675150Z  selecting dynamic shared memory implementation ... posix
2025-08-19T15:17:39.8675662Z  selecting default max_connections ... 100
2025-08-19T15:17:39.8676036Z  selecting default shared_buffers ... 128MB
2025-08-19T15:17:39.8676461Z  selecting default time zone ... Etc/UTC
2025-08-19T15:17:39.8676841Z  creating configuration files ... ok
2025-08-19T15:17:39.8677200Z  running bootstrap script ... ok
2025-08-19T15:17:39.8677619Z  performing post-bootstrap initialization ... ok
2025-08-19T15:17:39.8678003Z  syncing data to disk ... ok
2025-08-19T15:17:39.8678327Z  
2025-08-19T15:17:39.8678635Z  
2025-08-19T15:17:39.8678944Z  Success. You can now start the database server using:
2025-08-19T15:17:39.8679438Z  
2025-08-19T15:17:39.8679770Z      pg_ctl -D /var/lib/postgresql/data -l logfile start
2025-08-19T15:17:39.8680176Z  
2025-08-19T15:17:39.8680875Z  waiting for server to start....2025-08-19 15:15:10.167 UTC [48] LOG:  starting PostgreSQL 15.14 (Debian 15.14-1.pgdg13+1) on x86_64-pc-linux-gnu, compiled by gcc (Debian 14.2.0-19) 14.2.0, 64-bit
2025-08-19T15:17:39.8681965Z  2025-08-19 15:15:10.169 UTC [48] LOG:  listening on Unix socket "/var/run/postgresql/.s.PGSQL.5432"
2025-08-19T15:17:39.8682552Z  2025-08-19 15:15:10.172 UTC [51] LOG:  database system was shut down at 2025-08-19 15:15:10 UTC
2025-08-19T15:17:39.8683179Z  2025-08-19 15:15:10.176 UTC [48] LOG:  database system is ready to accept connections
2025-08-19T15:17:39.8683882Z   done
2025-08-19T15:17:39.8684245Z  server started
2025-08-19T15:17:39.8684527Z  CREATE DATABASE
2025-08-19T15:17:39.8684801Z  
2025-08-19T15:17:39.8685116Z  
2025-08-19T15:17:39.8685555Z  /usr/local/bin/docker-entrypoint.sh: ignoring /docker-entrypoint-initdb.d/*
2025-08-19T15:17:39.8686058Z  
2025-08-19T15:17:39.8686404Z  2025-08-19 15:15:10.356 UTC [48] LOG:  received fast shutdown request
2025-08-19T15:17:39.8687189Z  waiting for server to shut down....2025-08-19 15:15:10.357 UTC [48] LOG:  aborting any active transactions
2025-08-19T15:17:39.8688003Z  2025-08-19 15:15:10.358 UTC [48] LOG:  background worker "logical replication launcher" (PID 54) exited with exit code 1
2025-08-19T15:17:39.8688578Z  2025-08-19 15:15:10.359 UTC [49] LOG:  shutting down
2025-08-19T15:17:39.8689016Z  2025-08-19 15:15:10.359 UTC [49] LOG:  checkpoint starting: shutdown immediate
2025-08-19T15:17:39.8690028Z  2025-08-19 15:15:10.376 UTC [49] LOG:  checkpoint complete: wrote 922 buffers (5.6%); 0 WAL file(s) added, 0 removed, 0 recycled; write=0.013 s, sync=0.003 s, total=0.018 s; sync files=301, longest=0.001 s, average=0.001 s; distance=4239 kB, estimate=4239 kB
2025-08-19T15:17:39.8691141Z  2025-08-19 15:15:10.383 UTC [48] LOG:  database system is shut down
2025-08-19T15:17:39.8691744Z   done
2025-08-19T15:17:39.8692078Z  server stopped
2025-08-19T15:17:39.8692357Z  
2025-08-19T15:17:39.8692731Z  PostgreSQL init process complete; ready for start up.
2025-08-19T15:17:39.8693149Z  
2025-08-19T15:17:39.8699497Z Stop and remove container: 66f71dde38bc47c38c5fab1867b1d1ec_postgres15_cc7996
2025-08-19T15:17:39.8705214Z ##[command]/usr/bin/docker rm --force 6263da655d207995e62d86ab0df6044bfaa3119b824fcf3c292d07ce4bbd0220
2025-08-19T15:17:39.9964012Z 6263da655d207995e62d86ab0df6044bfaa3119b824fcf3c292d07ce4bbd0220
2025-08-19T15:17:39.9986501Z Print service container logs: cc30197247624191b92798885dcf6a80_redis7alpine_a7f265
2025-08-19T15:17:39.9987940Z ##[command]/usr/bin/docker logs --details 52505eba44e63ecd1c2ec3a6e8171a9b35e3107eabc94b8a341f8262a66e97d1
2025-08-19T15:17:40.0112664Z  1:C 19 Aug 2025 15:15:11.589 # WARNING Memory overcommit must be enabled! Without it, a background save or replication may fail under low memory condition. Being disabled, it can also cause failures without low memory condition, see https://github.com/jemalloc/jemalloc/issues/1328. To fix this issue add 'vm.overcommit_memory = 1' to /etc/sysctl.conf and then reboot or run the command 'sysctl vm.overcommit_memory=1' for this to take effect.
2025-08-19T15:17:40.0114720Z  1:C 19 Aug 2025 15:15:11.589 * oO0OoO0OoO0Oo Redis is starting oO0OoO0OoO0Oo
2025-08-19T15:17:40.0115543Z  1:C 19 Aug 2025 15:15:11.589 * Redis version=7.4.5, bits=64, commit=00000000, modified=0, pid=1, just started
2025-08-19T15:17:40.0116531Z  1:C 19 Aug 2025 15:15:11.589 # Warning: no config file specified, using the default config. In order to specify a config file use redis-server /path/to/redis.conf
2025-08-19T15:17:40.0117490Z  1:M 19 Aug 2025 15:15:11.590 * monotonic clock: POSIX clock_gettime
2025-08-19T15:17:40.0118102Z  1:M 19 Aug 2025 15:15:11.590 * Running mode=standalone, port=6379.
2025-08-19T15:17:40.0118590Z  1:M 19 Aug 2025 15:15:11.591 * Server initialized
2025-08-19T15:17:40.0119113Z  1:M 19 Aug 2025 15:15:11.591 * Ready to accept connections tcp
2025-08-19T15:17:40.0125056Z Stop and remove container: cc30197247624191b92798885dcf6a80_redis7alpine_a7f265
2025-08-19T15:17:40.0125940Z ##[command]/usr/bin/docker rm --force 52505eba44e63ecd1c2ec3a6e8171a9b35e3107eabc94b8a341f8262a66e97d1
2025-08-19T15:17:40.1285608Z 52505eba44e63ecd1c2ec3a6e8171a9b35e3107eabc94b8a341f8262a66e97d1
2025-08-19T15:17:40.1312364Z Remove container network: github_network_8e5ea0950870420ab3f48eaaa673c70a
2025-08-19T15:17:40.1317189Z ##[command]/usr/bin/docker network rm github_network_8e5ea0950870420ab3f48eaaa673c70a
2025-08-19T15:17:40.2676996Z github_network_8e5ea0950870420ab3f48eaaa673c70a
2025-08-19T15:17:40.2747388Z Cleaning up orphan processes
