2025-08-20T17:13:25.9255871Z Current runner version: '2.328.0'
2025-08-20T17:13:25.9282644Z ##[group]Runner Image Provisioner
2025-08-20T17:13:25.9283448Z Hosted Compute Agent
2025-08-20T17:13:25.9284104Z Version: 20250818.377
2025-08-20T17:13:25.9284738Z Commit: 3c593e9f75fe0b87e893bca80d6e12ba089c61fc
2025-08-20T17:13:25.9285470Z Build Date: 2025-08-18T14:52:18Z
2025-08-20T17:13:25.9286082Z ##[endgroup]
2025-08-20T17:13:25.9286759Z ##[group]Operating System
2025-08-20T17:13:25.9287327Z Ubuntu
2025-08-20T17:13:25.9287827Z 24.04.2
2025-08-20T17:13:25.9288359Z LTS
2025-08-20T17:13:25.9288850Z ##[endgroup]
2025-08-20T17:13:25.9289346Z ##[group]Runner Image
2025-08-20T17:13:25.9289982Z Image: ubuntu-24.04
2025-08-20T17:13:25.9290530Z Version: 20250810.1.0
2025-08-20T17:13:25.9291799Z Included Software: https://github.com/actions/runner-images/blob/ubuntu24/20250810.1/images/ubuntu/Ubuntu2404-Readme.md
2025-08-20T17:13:25.9293635Z Image Release: https://github.com/actions/runner-images/releases/tag/ubuntu24%2F20250810.1
2025-08-20T17:13:25.9294668Z ##[endgroup]
2025-08-20T17:13:25.9297229Z ##[group]GITHUB_TOKEN Permissions
2025-08-20T17:13:25.9299450Z Actions: write
2025-08-20T17:13:25.9300148Z Attestations: write
2025-08-20T17:13:25.9300665Z Checks: write
2025-08-20T17:13:25.9301266Z Contents: write
2025-08-20T17:13:25.9301978Z Deployments: write
2025-08-20T17:13:25.9302526Z Discussions: write
2025-08-20T17:13:25.9303067Z Issues: write
2025-08-20T17:13:25.9303654Z Metadata: read
2025-08-20T17:13:25.9304165Z Models: read
2025-08-20T17:13:25.9304668Z Packages: write
2025-08-20T17:13:25.9305242Z Pages: write
2025-08-20T17:13:25.9305773Z PullRequests: write
2025-08-20T17:13:25.9306356Z RepositoryProjects: write
2025-08-20T17:13:25.9306978Z SecurityEvents: write
2025-08-20T17:13:25.9307645Z Statuses: write
2025-08-20T17:13:25.9308147Z ##[endgroup]
2025-08-20T17:13:25.9310626Z Secret source: Actions
2025-08-20T17:13:25.9311338Z Prepare workflow directory
2025-08-20T17:13:25.9751094Z Prepare all required actions
2025-08-20T17:13:25.9789259Z Getting action download info
2025-08-20T17:13:26.2700992Z Download action repository 'actions/checkout@v4' (SHA:08eba0b27e820071cde6df949e0beb9ba4906955)
2025-08-20T17:13:26.5087197Z Download action repository 'actions/setup-python@v5' (SHA:a26af69be951a213d495a4c3e4e4022e16d87065)
2025-08-20T17:13:26.7341940Z Download action repository 'actions/upload-artifact@v4' (SHA:ea165f8d65b6e75b540449e92b4886f43607fa02)
2025-08-20T17:13:26.9295269Z Complete job name: unit
2025-08-20T17:13:26.9810890Z ##[group]Checking docker version
2025-08-20T17:13:26.9824896Z ##[command]/usr/bin/docker version --format '{{.Server.APIVersion}}'
2025-08-20T17:13:27.0383680Z '1.48'
2025-08-20T17:13:27.0395251Z Docker daemon API version: '1.48'
2025-08-20T17:13:27.0395982Z ##[command]/usr/bin/docker version --format '{{.Client.APIVersion}}'
2025-08-20T17:13:27.0574501Z '1.48'
2025-08-20T17:13:27.0588553Z Docker client API version: '1.48'
2025-08-20T17:13:27.0594593Z ##[endgroup]
2025-08-20T17:13:27.0597789Z ##[group]Clean up resources from previous jobs
2025-08-20T17:13:27.0603848Z ##[command]/usr/bin/docker ps --all --quiet --no-trunc --filter "label=1f34bd"
2025-08-20T17:13:27.0752752Z ##[command]/usr/bin/docker network prune --force --filter "label=1f34bd"
2025-08-20T17:13:27.0888750Z ##[endgroup]
2025-08-20T17:13:27.0889249Z ##[group]Create local container network
2025-08-20T17:13:27.0900064Z ##[command]/usr/bin/docker network create --label 1f34bd github_network_1dfc43679e8d49d18d7e0d03e4e21f8d
2025-08-20T17:13:27.1496372Z 0ec3e4f43d4c0195601cb5fabb52373e334f3984a01951a68f699dfbf6032a0d
2025-08-20T17:13:27.1514543Z ##[endgroup]
2025-08-20T17:13:27.1540741Z ##[group]Starting postgres service container
2025-08-20T17:13:27.1559815Z ##[command]/usr/bin/docker pull postgres:15
2025-08-20T17:13:27.4003393Z 15: Pulling from library/postgres
2025-08-20T17:13:27.4676342Z 396b1da7636e: Pulling fs layer
2025-08-20T17:13:27.4677523Z fca2566eba32: Pulling fs layer
2025-08-20T17:13:27.4678702Z 631fe8c6d606: Pulling fs layer
2025-08-20T17:13:27.4679864Z 77c7671c4414: Pulling fs layer
2025-08-20T17:13:27.4681486Z 2d9e29180a27: Pulling fs layer
2025-08-20T17:13:27.4683296Z c6bcc2c9a041: Pulling fs layer
2025-08-20T17:13:27.4684247Z ac4b721eb66f: Pulling fs layer
2025-08-20T17:13:27.4685067Z 606bd164980e: Pulling fs layer
2025-08-20T17:13:27.4685907Z f5dfd246bc6e: Pulling fs layer
2025-08-20T17:13:27.4686716Z ba7036bb0a60: Pulling fs layer
2025-08-20T17:13:27.4687513Z 799f859abbbd: Pulling fs layer
2025-08-20T17:13:27.4688408Z d903e777080c: Pulling fs layer
2025-08-20T17:13:27.4689321Z 04adcb462801: Pulling fs layer
2025-08-20T17:13:27.4690262Z 5c10925b29ff: Pulling fs layer
2025-08-20T17:13:27.4691151Z 77c7671c4414: Waiting
2025-08-20T17:13:27.4692202Z 2d9e29180a27: Waiting
2025-08-20T17:13:27.4693001Z c6bcc2c9a041: Waiting
2025-08-20T17:13:27.4693792Z ac4b721eb66f: Waiting
2025-08-20T17:13:27.4694578Z 606bd164980e: Waiting
2025-08-20T17:13:27.4695366Z f5dfd246bc6e: Waiting
2025-08-20T17:13:27.4696240Z d903e777080c: Waiting
2025-08-20T17:13:27.4697019Z 5c10925b29ff: Waiting
2025-08-20T17:13:27.4697828Z ba7036bb0a60: Waiting
2025-08-20T17:13:27.4698646Z 04adcb462801: Waiting
2025-08-20T17:13:27.5446416Z fca2566eba32: Verifying Checksum
2025-08-20T17:13:27.5448121Z fca2566eba32: Download complete
2025-08-20T17:13:27.6372363Z 77c7671c4414: Verifying Checksum
2025-08-20T17:13:27.6374187Z 77c7671c4414: Download complete
2025-08-20T17:13:27.8015988Z 631fe8c6d606: Verifying Checksum
2025-08-20T17:13:27.8019197Z 631fe8c6d606: Download complete
2025-08-20T17:13:27.8759982Z c6bcc2c9a041: Verifying Checksum
2025-08-20T17:13:27.8760660Z c6bcc2c9a041: Download complete
2025-08-20T17:13:27.9364475Z ac4b721eb66f: Download complete
2025-08-20T17:13:27.9623979Z 2d9e29180a27: Download complete
2025-08-20T17:13:27.9988069Z 606bd164980e: Verifying Checksum
2025-08-20T17:13:27.9989047Z 606bd164980e: Download complete
2025-08-20T17:13:28.0578313Z ba7036bb0a60: Verifying Checksum
2025-08-20T17:13:28.0578995Z ba7036bb0a60: Download complete
2025-08-20T17:13:28.0993379Z 396b1da7636e: Download complete
2025-08-20T17:13:28.1305060Z 799f859abbbd: Download complete
2025-08-20T17:13:28.1883048Z 04adcb462801: Verifying Checksum
2025-08-20T17:13:28.1883767Z 04adcb462801: Download complete
2025-08-20T17:13:28.2535547Z 5c10925b29ff: Verifying Checksum
2025-08-20T17:13:28.2539354Z 5c10925b29ff: Download complete
2025-08-20T17:13:28.2831947Z d903e777080c: Verifying Checksum
2025-08-20T17:13:28.2832885Z d903e777080c: Download complete
2025-08-20T17:13:29.1356260Z 396b1da7636e: Pull complete
2025-08-20T17:13:29.5189014Z f5dfd246bc6e: Verifying Checksum
2025-08-20T17:13:29.5189436Z f5dfd246bc6e: Download complete
2025-08-20T17:13:31.1845375Z fca2566eba32: Pull complete
2025-08-20T17:13:31.3578443Z 631fe8c6d606: Pull complete
2025-08-20T17:13:31.4009617Z 77c7671c4414: Pull complete
2025-08-20T17:13:31.7106786Z 2d9e29180a27: Pull complete
2025-08-20T17:13:31.8057246Z c6bcc2c9a041: Pull complete
2025-08-20T17:13:31.8172872Z ac4b721eb66f: Pull complete
2025-08-20T17:13:31.8284139Z 606bd164980e: Pull complete
2025-08-20T17:13:34.8304789Z f5dfd246bc6e: Pull complete
2025-08-20T17:13:34.8475671Z ba7036bb0a60: Pull complete
2025-08-20T17:13:34.8578187Z 799f859abbbd: Pull complete
2025-08-20T17:13:34.8684321Z d903e777080c: Pull complete
2025-08-20T17:13:34.8788813Z 04adcb462801: Pull complete
2025-08-20T17:13:34.8905802Z 5c10925b29ff: Pull complete
2025-08-20T17:13:34.8952769Z Digest: sha256:bc51cf4f1fe02cce7ed2370b20128a9b00b4eb804573a77d2a0d877aaa9c82b1
2025-08-20T17:13:34.8967817Z Status: Downloaded newer image for postgres:15
2025-08-20T17:13:34.8980246Z docker.io/library/postgres:15
2025-08-20T17:13:34.9040817Z ##[command]/usr/bin/docker create --name d3ab54453c064e37a6ab9290b43dd3ed_postgres15_cc06f6 --label 1f34bd --network github_network_1dfc43679e8d49d18d7e0d03e4e21f8d --network-alias postgres -p 5432:5432 --health-cmd="pg_isready -U postgres -d awa" --health-interval=5s --health-timeout=5s --health-retries=10 -e "POSTGRES_USER=postgres" -e "POSTGRES_PASSWORD=pass" -e "POSTGRES_DB=awa" -e GITHUB_ACTIONS=true -e CI=true postgres:15
2025-08-20T17:13:34.9315083Z 4787ad10b7af383d73b2dbaec7624905b958416db0375de2e3960aa0c3434d77
2025-08-20T17:13:34.9340733Z ##[command]/usr/bin/docker start 4787ad10b7af383d73b2dbaec7624905b958416db0375de2e3960aa0c3434d77
2025-08-20T17:13:35.2047254Z 4787ad10b7af383d73b2dbaec7624905b958416db0375de2e3960aa0c3434d77
2025-08-20T17:13:35.2069834Z ##[command]/usr/bin/docker ps --all --filter id=4787ad10b7af383d73b2dbaec7624905b958416db0375de2e3960aa0c3434d77 --filter status=running --no-trunc --format "{{.ID}} {{.Status}}"
2025-08-20T17:13:35.2219878Z 4787ad10b7af383d73b2dbaec7624905b958416db0375de2e3960aa0c3434d77 Up Less than a second (health: starting)
2025-08-20T17:13:35.2248674Z ##[command]/usr/bin/docker port 4787ad10b7af383d73b2dbaec7624905b958416db0375de2e3960aa0c3434d77
2025-08-20T17:13:35.2375217Z 5432/tcp -> 0.0.0.0:5432
2025-08-20T17:13:35.2376356Z 5432/tcp -> [::]:5432
2025-08-20T17:13:35.2435389Z ##[endgroup]
2025-08-20T17:13:35.2437189Z ##[group]Starting redis service container
2025-08-20T17:13:35.2438910Z ##[command]/usr/bin/docker pull redis:7-alpine
2025-08-20T17:13:35.4205196Z 7-alpine: Pulling from library/redis
2025-08-20T17:13:35.4883599Z 0368fd46e3c6: Pulling fs layer
2025-08-20T17:13:35.4885638Z 4c55286bbede: Pulling fs layer
2025-08-20T17:13:35.4892800Z 5e28347af205: Pulling fs layer
2025-08-20T17:13:35.4893451Z 311eca34042e: Pulling fs layer
2025-08-20T17:13:35.4893906Z e6fe6f07e192: Pulling fs layer
2025-08-20T17:13:35.4894276Z a2cadbfeca72: Pulling fs layer
2025-08-20T17:13:35.4894635Z 4f4fb700ef54: Pulling fs layer
2025-08-20T17:13:35.4894956Z a976ed7e7808: Pulling fs layer
2025-08-20T17:13:35.4895276Z a2cadbfeca72: Waiting
2025-08-20T17:13:35.4895520Z 4f4fb700ef54: Waiting
2025-08-20T17:13:35.4895824Z a976ed7e7808: Waiting
2025-08-20T17:13:35.4896070Z 311eca34042e: Waiting
2025-08-20T17:13:35.4896367Z e6fe6f07e192: Waiting
2025-08-20T17:13:35.5475045Z 5e28347af205: Verifying Checksum
2025-08-20T17:13:35.5475914Z 5e28347af205: Download complete
2025-08-20T17:13:35.5496118Z 4c55286bbede: Verifying Checksum
2025-08-20T17:13:35.5496785Z 4c55286bbede: Download complete
2025-08-20T17:13:35.6221716Z 311eca34042e: Verifying Checksum
2025-08-20T17:13:35.6222268Z 311eca34042e: Download complete
2025-08-20T17:13:35.6400399Z 0368fd46e3c6: Verifying Checksum
2025-08-20T17:13:35.6401236Z 0368fd46e3c6: Download complete
2025-08-20T17:13:35.6900498Z a2cadbfeca72: Download complete
2025-08-20T17:13:35.7074836Z 4f4fb700ef54: Verifying Checksum
2025-08-20T17:13:35.7075437Z 4f4fb700ef54: Download complete
2025-08-20T17:13:35.7398120Z e6fe6f07e192: Verifying Checksum
2025-08-20T17:13:35.7398882Z e6fe6f07e192: Download complete
2025-08-20T17:13:35.7399454Z a976ed7e7808: Verifying Checksum
2025-08-20T17:13:35.7399929Z a976ed7e7808: Download complete
2025-08-20T17:13:35.7788172Z 0368fd46e3c6: Pull complete
2025-08-20T17:13:35.8170834Z 4c55286bbede: Pull complete
2025-08-20T17:13:35.9691916Z 5e28347af205: Pull complete
2025-08-20T17:13:35.9989905Z 311eca34042e: Pull complete
2025-08-20T17:13:36.2032897Z e6fe6f07e192: Pull complete
2025-08-20T17:13:36.2143273Z a2cadbfeca72: Pull complete
2025-08-20T17:13:36.2242803Z 4f4fb700ef54: Pull complete
2025-08-20T17:13:36.2334299Z a976ed7e7808: Pull complete
2025-08-20T17:13:36.2397668Z Digest: sha256:bb186d083732f669da90be8b0f975a37812b15e913465bb14d845db72a4e3e08
2025-08-20T17:13:36.2407276Z Status: Downloaded newer image for redis:7-alpine
2025-08-20T17:13:36.2414718Z docker.io/library/redis:7-alpine
2025-08-20T17:13:36.2432496Z ##[command]/usr/bin/docker create --name ac932701d5be44e99a65b63ca3379be2_redis7alpine_93554e --label 1f34bd --network github_network_1dfc43679e8d49d18d7e0d03e4e21f8d --network-alias redis -p 6379:6379  -e GITHUB_ACTIONS=true -e CI=true redis:7-alpine
2025-08-20T17:13:36.2647926Z 72390e64405164be6944c9cf5865fad41828c3d654e5b75e509570fddbfec298
2025-08-20T17:13:36.2662502Z ##[command]/usr/bin/docker start 72390e64405164be6944c9cf5865fad41828c3d654e5b75e509570fddbfec298
2025-08-20T17:13:36.3992700Z 72390e64405164be6944c9cf5865fad41828c3d654e5b75e509570fddbfec298
2025-08-20T17:13:36.4009565Z ##[command]/usr/bin/docker ps --all --filter id=72390e64405164be6944c9cf5865fad41828c3d654e5b75e509570fddbfec298 --filter status=running --no-trunc --format "{{.ID}} {{.Status}}"
2025-08-20T17:13:36.4135391Z 72390e64405164be6944c9cf5865fad41828c3d654e5b75e509570fddbfec298 Up Less than a second
2025-08-20T17:13:36.4149237Z ##[command]/usr/bin/docker port 72390e64405164be6944c9cf5865fad41828c3d654e5b75e509570fddbfec298
2025-08-20T17:13:36.4264688Z 6379/tcp -> 0.0.0.0:6379
2025-08-20T17:13:36.4266408Z 6379/tcp -> [::]:6379
2025-08-20T17:13:36.4279309Z ##[endgroup]
2025-08-20T17:13:36.4290454Z ##[group]Waiting for all services to be ready
2025-08-20T17:13:36.4303886Z ##[command]/usr/bin/docker inspect --format="{{if .Config.Healthcheck}}{{print .State.Health.Status}}{{end}}" 4787ad10b7af383d73b2dbaec7624905b958416db0375de2e3960aa0c3434d77
2025-08-20T17:13:36.4418242Z starting
2025-08-20T17:13:36.4439697Z postgres service is starting, waiting 2 seconds before checking again.
2025-08-20T17:13:38.4437085Z ##[command]/usr/bin/docker inspect --format="{{if .Config.Healthcheck}}{{print .State.Health.Status}}{{end}}" 4787ad10b7af383d73b2dbaec7624905b958416db0375de2e3960aa0c3434d77
2025-08-20T17:13:38.4623271Z starting
2025-08-20T17:13:38.4636755Z postgres service is starting, waiting 3 seconds before checking again.
2025-08-20T17:13:42.4048653Z ##[command]/usr/bin/docker inspect --format="{{if .Config.Healthcheck}}{{print .State.Health.Status}}{{end}}" 4787ad10b7af383d73b2dbaec7624905b958416db0375de2e3960aa0c3434d77
2025-08-20T17:13:42.4168007Z healthy
2025-08-20T17:13:42.4186550Z postgres service is healthy.
2025-08-20T17:13:42.4187316Z ##[command]/usr/bin/docker inspect --format="{{if .Config.Healthcheck}}{{print .State.Health.Status}}{{end}}" 72390e64405164be6944c9cf5865fad41828c3d654e5b75e509570fddbfec298
2025-08-20T17:13:42.4316959Z redis service is healthy.
2025-08-20T17:13:42.4317623Z ##[endgroup]
2025-08-20T17:13:42.4568349Z ##[group]Run actions/checkout@v4
2025-08-20T17:13:42.4568899Z with:
2025-08-20T17:13:42.4569100Z   repository: AlexBomber12/AWA-App
2025-08-20T17:13:42.4569531Z   token: ***
2025-08-20T17:13:42.4569708Z   ssh-strict: true
2025-08-20T17:13:42.4569891Z   ssh-user: git
2025-08-20T17:13:42.4570078Z   persist-credentials: true
2025-08-20T17:13:42.4570297Z   clean: true
2025-08-20T17:13:42.4570492Z   sparse-checkout-cone-mode: true
2025-08-20T17:13:42.4570726Z   fetch-depth: 1
2025-08-20T17:13:42.4570901Z   fetch-tags: false
2025-08-20T17:13:42.4571088Z   show-progress: true
2025-08-20T17:13:42.4571268Z   lfs: false
2025-08-20T17:13:42.4571433Z   submodules: false
2025-08-20T17:13:42.4571801Z   set-safe-directory: true
2025-08-20T17:13:42.4572218Z env:
2025-08-20T17:13:42.4572422Z   REDIS_URL: redis://localhost:6379/0
2025-08-20T17:13:42.4572694Z   RATE_LIMIT_DEFAULT: 100/minute
2025-08-20T17:13:42.4572917Z   TRUST_X_FORWARDED: 1
2025-08-20T17:13:42.4573102Z ##[endgroup]
2025-08-20T17:13:42.5650931Z Syncing repository: AlexBomber12/AWA-App
2025-08-20T17:13:42.5652588Z ##[group]Getting Git version info
2025-08-20T17:13:42.5652956Z Working directory is '/home/runner/work/AWA-App/AWA-App'
2025-08-20T17:13:42.5653483Z [command]/usr/bin/git version
2025-08-20T17:13:42.5677481Z git version 2.50.1
2025-08-20T17:13:42.5704384Z ##[endgroup]
2025-08-20T17:13:42.5721151Z Temporarily overriding HOME='/home/runner/work/_temp/d59d6ad5-7f16-4185-94e0-7bff7bbdff0d' before making global git config changes
2025-08-20T17:13:42.5722691Z Adding repository directory to the temporary git global config as a safe directory
2025-08-20T17:13:42.5727830Z [command]/usr/bin/git config --global --add safe.directory /home/runner/work/AWA-App/AWA-App
2025-08-20T17:13:42.5766339Z Deleting the contents of '/home/runner/work/AWA-App/AWA-App'
2025-08-20T17:13:42.5770216Z ##[group]Initializing the repository
2025-08-20T17:13:42.5774812Z [command]/usr/bin/git init /home/runner/work/AWA-App/AWA-App
2025-08-20T17:13:42.5830670Z hint: Using 'master' as the name for the initial branch. This default branch name
2025-08-20T17:13:42.5831993Z hint: is subject to change. To configure the initial branch name to use in all
2025-08-20T17:13:42.5832755Z hint: of your new repositories, which will suppress this warning, call:
2025-08-20T17:13:42.5833190Z hint:
2025-08-20T17:13:42.5833533Z hint: 	git config --global init.defaultBranch <name>
2025-08-20T17:13:42.5833824Z hint:
2025-08-20T17:13:42.5834102Z hint: Names commonly chosen instead of 'master' are 'main', 'trunk' and
2025-08-20T17:13:42.5834562Z hint: 'development'. The just-created branch can be renamed via this command:
2025-08-20T17:13:42.5834909Z hint:
2025-08-20T17:13:42.5835084Z hint: 	git branch -m <name>
2025-08-20T17:13:42.5835289Z hint:
2025-08-20T17:13:42.5835579Z hint: Disable this message with "git config set advice.defaultBranchName false"
2025-08-20T17:13:42.5836087Z Initialized empty Git repository in /home/runner/work/AWA-App/AWA-App/.git/
2025-08-20T17:13:42.5844562Z [command]/usr/bin/git remote add origin https://github.com/AlexBomber12/AWA-App
2025-08-20T17:13:42.5878232Z ##[endgroup]
2025-08-20T17:13:42.5878613Z ##[group]Disabling automatic garbage collection
2025-08-20T17:13:42.5882853Z [command]/usr/bin/git config --local gc.auto 0
2025-08-20T17:13:42.5910580Z ##[endgroup]
2025-08-20T17:13:42.5910977Z ##[group]Setting up auth
2025-08-20T17:13:42.5917809Z [command]/usr/bin/git config --local --name-only --get-regexp core\.sshCommand
2025-08-20T17:13:42.5948230Z [command]/usr/bin/git submodule foreach --recursive sh -c "git config --local --name-only --get-regexp 'core\.sshCommand' && git config --local --unset-all 'core.sshCommand' || :"
2025-08-20T17:13:42.6204749Z [command]/usr/bin/git config --local --name-only --get-regexp http\.https\:\/\/github\.com\/\.extraheader
2025-08-20T17:13:42.6236700Z [command]/usr/bin/git submodule foreach --recursive sh -c "git config --local --name-only --get-regexp 'http\.https\:\/\/github\.com\/\.extraheader' && git config --local --unset-all 'http.https://github.com/.extraheader' || :"
2025-08-20T17:13:42.6459278Z [command]/usr/bin/git config --local http.https://github.com/.extraheader AUTHORIZATION: basic ***
2025-08-20T17:13:42.6504720Z ##[endgroup]
2025-08-20T17:13:42.6505379Z ##[group]Fetching the repository
2025-08-20T17:13:42.6513952Z [command]/usr/bin/git -c protocol.version=2 fetch --no-tags --prune --no-recurse-submodules --depth=1 origin +6d819c072ca5c9ed5daac83ad317c4df1f38399a:refs/remotes/pull/304/merge
2025-08-20T17:13:42.9101481Z From https://github.com/AlexBomber12/AWA-App
2025-08-20T17:13:42.9103460Z  * [new ref]         6d819c072ca5c9ed5daac83ad317c4df1f38399a -> pull/304/merge
2025-08-20T17:13:42.9128493Z ##[endgroup]
2025-08-20T17:13:42.9129075Z ##[group]Determining the checkout info
2025-08-20T17:13:42.9130892Z ##[endgroup]
2025-08-20T17:13:42.9136560Z [command]/usr/bin/git sparse-checkout disable
2025-08-20T17:13:42.9179249Z [command]/usr/bin/git config --local --unset-all extensions.worktreeConfig
2025-08-20T17:13:42.9209373Z ##[group]Checking out the ref
2025-08-20T17:13:42.9213849Z [command]/usr/bin/git checkout --progress --force refs/remotes/pull/304/merge
2025-08-20T17:13:42.9564054Z Note: switching to 'refs/remotes/pull/304/merge'.
2025-08-20T17:13:42.9566227Z 
2025-08-20T17:13:42.9566629Z You are in 'detached HEAD' state. You can look around, make experimental
2025-08-20T17:13:42.9567472Z changes and commit them, and you can discard any commits you make in this
2025-08-20T17:13:42.9568267Z state without impacting any branches by switching back to a branch.
2025-08-20T17:13:42.9568725Z 
2025-08-20T17:13:42.9569050Z If you want to create a new branch to retain commits you create, you may
2025-08-20T17:13:42.9569788Z do so (now or later) by using -c with the switch command. Example:
2025-08-20T17:13:42.9570195Z 
2025-08-20T17:13:42.9570379Z   git switch -c <new-branch-name>
2025-08-20T17:13:42.9570675Z 
2025-08-20T17:13:42.9570851Z Or undo this operation with:
2025-08-20T17:13:42.9571117Z 
2025-08-20T17:13:42.9571306Z   git switch -
2025-08-20T17:13:42.9571797Z 
2025-08-20T17:13:42.9572581Z Turn off this advice by setting config variable advice.detachedHead to false
2025-08-20T17:13:42.9573111Z 
2025-08-20T17:13:42.9573713Z HEAD is now at 6d819c0 Merge 0d77fd3b4af04b9658dcfa969755ca0aa24ef44a into 7433390f49aa6a249af13edd8c790f3ecaf5abfb
2025-08-20T17:13:42.9575517Z ##[endgroup]
2025-08-20T17:13:42.9619152Z [command]/usr/bin/git log -1 --format=%H
2025-08-20T17:13:42.9646089Z 6d819c072ca5c9ed5daac83ad317c4df1f38399a
2025-08-20T17:13:42.9823600Z ##[group]Run cat .env.ci >> "$GITHUB_ENV"
2025-08-20T17:13:42.9823990Z [36;1mcat .env.ci >> "$GITHUB_ENV"[0m
2025-08-20T17:13:42.9824694Z [36;1mecho "DATABASE_URL=***localhost:5432/awa" >> "$GITHUB_ENV"[0m
2025-08-20T17:13:42.9825042Z [36;1mecho "PG_HOST=localhost" >> "$GITHUB_ENV"[0m
2025-08-20T17:13:42.9825329Z [36;1mecho "PG_PORT=5432" >> "$GITHUB_ENV"[0m
2025-08-20T17:13:42.9825619Z [36;1mecho "PG_USER=postgres" >> "$GITHUB_ENV"[0m
2025-08-20T17:13:42.9825901Z [36;1mecho "PG_PASSWORD=pass" >> "$GITHUB_ENV"[0m
2025-08-20T17:13:42.9826189Z [36;1mecho "PG_DATABASE=awa" >> "$GITHUB_ENV"[0m
2025-08-20T17:13:42.9871798Z shell: /usr/bin/bash -e {0}
2025-08-20T17:13:42.9872052Z env:
2025-08-20T17:13:42.9872261Z   REDIS_URL: redis://localhost:6379/0
2025-08-20T17:13:42.9872514Z   RATE_LIMIT_DEFAULT: 100/minute
2025-08-20T17:13:42.9872734Z   TRUST_X_FORWARDED: 1
2025-08-20T17:13:42.9872929Z ##[endgroup]
2025-08-20T17:13:43.0059254Z ##[group]Run actions/setup-python@v5
2025-08-20T17:13:43.0059531Z with:
2025-08-20T17:13:43.0059709Z   python-version: 3.12
2025-08-20T17:13:43.0059903Z   cache: pip
2025-08-20T17:13:43.0060126Z   cache-dependency-path: requirements-dev.txt
2025-08-20T17:13:43.0060406Z   check-latest: false
2025-08-20T17:13:43.0060723Z   token: ***
2025-08-20T17:13:43.0060916Z   update-environment: true
2025-08-20T17:13:43.0061139Z   allow-prereleases: false
2025-08-20T17:13:43.0061354Z   freethreaded: false
2025-08-20T17:13:43.0061744Z env:
2025-08-20T17:13:43.0061947Z   REDIS_URL: redis://localhost:6379/0
2025-08-20T17:13:43.0062219Z   RATE_LIMIT_DEFAULT: 100/minute
2025-08-20T17:13:43.0062450Z   TRUST_X_FORWARDED: 1
2025-08-20T17:13:43.0062639Z   PG_USER: postgres
2025-08-20T17:13:43.0062826Z   PG_PASSWORD: pass
2025-08-20T17:13:43.0063003Z   PG_DATABASE: awa
2025-08-20T17:13:43.0063181Z   PG_HOST: localhost
2025-08-20T17:13:43.0063363Z   PG_PORT: 5432
2025-08-20T17:13:43.0063789Z   PG_SYNC_DSN: ***localhost:5432/awa
2025-08-20T17:13:43.0064183Z   PG_ASYNC_DSN: ***localhost:5432/awa
2025-08-20T17:13:43.0064574Z   DATABASE_URL: ***localhost:5432/awa
2025-08-20T17:13:43.0064805Z   DATA_DIR: /tmp/awa-data
2025-08-20T17:13:43.0065006Z   ENABLE_LIVE: 0
2025-08-20T17:13:43.0065173Z   TESTING: 1
2025-08-20T17:13:43.0065338Z ##[endgroup]
2025-08-20T17:13:43.1814637Z ##[group]Installed versions
2025-08-20T17:13:43.2389191Z Successfully set up CPython (3.12.11)
2025-08-20T17:13:43.2389759Z ##[endgroup]
2025-08-20T17:13:43.2714283Z [command]/opt/hostedtoolcache/Python/3.12.11/x64/bin/pip cache dir
2025-08-20T17:13:44.6756464Z /home/runner/.cache/pip
2025-08-20T17:13:44.8182736Z Cache hit for: setup-python-Linux-x64-24.04-Ubuntu-python-3.12.11-pip-29fc3204f837bce43d81586a404709764a9accd1f738d0c33a52a32bf7a0c312
2025-08-20T17:13:45.8955244Z Received 192937984 of 337357499 (57.2%), 182.9 MBs/sec
2025-08-20T17:13:46.5007059Z Received 337357499 of 337357499 (100.0%), 199.6 MBs/sec
2025-08-20T17:13:46.5008974Z Cache Size: ~322 MB (337357499 B)
2025-08-20T17:13:46.5130773Z [command]/usr/bin/tar -xf /home/runner/work/_temp/8603b11d-34fa-4e0b-9c78-04df2b226ed3/cache.tzst -P -C /home/runner/work/AWA-App/AWA-App --use-compress-program unzstd
2025-08-20T17:13:47.0669156Z Cache restored successfully
2025-08-20T17:13:47.1298843Z Cache restored from key: setup-python-Linux-x64-24.04-Ubuntu-python-3.12.11-pip-29fc3204f837bce43d81586a404709764a9accd1f738d0c33a52a32bf7a0c312
2025-08-20T17:13:47.1449622Z ##[group]Run pip install -r requirements-dev.txt
2025-08-20T17:13:47.1450031Z [36;1mpip install -r requirements-dev.txt[0m
2025-08-20T17:13:47.1450341Z [36;1mpip install keepa==1.3.15 minio==7.1.15[0m
2025-08-20T17:13:47.1496083Z shell: /usr/bin/bash -e {0}
2025-08-20T17:13:47.1496318Z env:
2025-08-20T17:13:47.1496537Z   REDIS_URL: redis://localhost:6379/0
2025-08-20T17:13:47.1496810Z   RATE_LIMIT_DEFAULT: 100/minute
2025-08-20T17:13:47.1497032Z   TRUST_X_FORWARDED: 1
2025-08-20T17:13:47.1497232Z   PG_USER: postgres
2025-08-20T17:13:47.1497424Z   PG_PASSWORD: pass
2025-08-20T17:13:47.1497606Z   PG_DATABASE: awa
2025-08-20T17:13:47.1497791Z   PG_HOST: localhost
2025-08-20T17:13:47.1497979Z   PG_PORT: 5432
2025-08-20T17:13:47.1498507Z   PG_SYNC_DSN: ***localhost:5432/awa
2025-08-20T17:13:47.1498997Z   PG_ASYNC_DSN: ***localhost:5432/awa
2025-08-20T17:13:47.1499384Z   DATABASE_URL: ***localhost:5432/awa
2025-08-20T17:13:47.1499632Z   DATA_DIR: /tmp/awa-data
2025-08-20T17:13:47.1499882Z   ENABLE_LIVE: 0
2025-08-20T17:13:47.1500052Z   TESTING: 1
2025-08-20T17:13:47.1500286Z   pythonLocation: /opt/hostedtoolcache/Python/3.12.11/x64
2025-08-20T17:13:47.1500696Z   PKG_CONFIG_PATH: /opt/hostedtoolcache/Python/3.12.11/x64/lib/pkgconfig
2025-08-20T17:13:47.1501088Z   Python_ROOT_DIR: /opt/hostedtoolcache/Python/3.12.11/x64
2025-08-20T17:13:47.1501436Z   Python2_ROOT_DIR: /opt/hostedtoolcache/Python/3.12.11/x64
2025-08-20T17:13:47.1502020Z   Python3_ROOT_DIR: /opt/hostedtoolcache/Python/3.12.11/x64
2025-08-20T17:13:47.1502381Z   LD_LIBRARY_PATH: /opt/hostedtoolcache/Python/3.12.11/x64/lib
2025-08-20T17:13:47.1502669Z ##[endgroup]
2025-08-20T17:13:48.5616697Z Collecting Jinja2==3.1.6 (from -r requirements-dev.txt (line 2))
2025-08-20T17:13:48.5631344Z   Using cached jinja2-3.1.6-py3-none-any.whl.metadata (2.9 kB)
2025-08-20T17:13:48.5852198Z Collecting alembic==1.13.1 (from -r requirements-dev.txt (line 3))
2025-08-20T17:13:48.5864875Z   Using cached alembic-1.13.1-py3-none-any.whl.metadata (7.4 kB)
2025-08-20T17:13:48.6024474Z Collecting apscheduler==3.10.4 (from -r requirements-dev.txt (line 4))
2025-08-20T17:13:48.6039373Z   Using cached APScheduler-3.10.4-py3-none-any.whl.metadata (5.7 kB)
2025-08-20T17:13:48.6191889Z Collecting asgi-correlation-id==4.3.1 (from -r requirements-dev.txt (line 5))
2025-08-20T17:13:48.6203885Z   Using cached asgi_correlation_id-4.3.1-py3-none-any.whl.metadata (28 kB)
2025-08-20T17:13:48.6648769Z Collecting asyncpg==0.30.0 (from -r requirements-dev.txt (line 6))
2025-08-20T17:13:48.6663374Z   Using cached asyncpg-0.30.0-cp312-cp312-manylinux_2_17_x86_64.manylinux2014_x86_64.whl.metadata (5.0 kB)
2025-08-20T17:13:48.7137800Z Collecting black==25.1.0 (from -r requirements-dev.txt (line 7))
2025-08-20T17:13:48.7151794Z   Using cached black-25.1.0-cp312-cp312-manylinux_2_17_x86_64.manylinux2014_x86_64.manylinux_2_28_x86_64.whl.metadata (81 kB)
2025-08-20T17:13:49.0640760Z Collecting boto3 (from -r requirements-dev.txt (line 8))
2025-08-20T17:13:49.1001783Z   Downloading boto3-1.40.13-py3-none-any.whl.metadata (6.7 kB)
2025-08-20T17:13:49.1297975Z Collecting redis==6.* (from -r requirements-dev.txt (line 9))
2025-08-20T17:13:49.1312088Z   Using cached redis-6.4.0-py3-none-any.whl.metadata (10 kB)
2025-08-20T17:13:49.1625480Z Collecting minio==7.* (from -r requirements-dev.txt (line 10))
2025-08-20T17:13:49.1638349Z   Using cached minio-7.2.16-py3-none-any.whl.metadata (6.5 kB)
2025-08-20T17:13:49.1935565Z Collecting celery==5.5.3 (from -r requirements-dev.txt (line 11))
2025-08-20T17:13:49.1947922Z   Using cached celery-5.5.3-py3-none-any.whl.metadata (22 kB)
2025-08-20T17:13:49.2526955Z Collecting fastapi==0.116.1 (from -r requirements-dev.txt (line 12))
2025-08-20T17:13:49.2540432Z   Using cached fastapi-0.116.1-py3-none-any.whl.metadata (28 kB)
2025-08-20T17:13:49.2694300Z Collecting fastapi-limiter==0.1.6 (from -r requirements-dev.txt (line 14))
2025-08-20T17:13:49.2706910Z   Using cached fastapi_limiter-0.1.6-py3-none-any.whl.metadata (5.3 kB)
2025-08-20T17:13:49.2904462Z Collecting httpx<0.29,>=0.27 (from -r requirements-dev.txt (line 15))
2025-08-20T17:13:49.2917720Z   Using cached httpx-0.28.1-py3-none-any.whl.metadata (7.1 kB)
2025-08-20T17:13:49.3050405Z Collecting imapclient==3.0.1 (from -r requirements-dev.txt (line 16))
2025-08-20T17:13:49.3062244Z   Using cached IMAPClient-3.0.1-py2.py3-none-any.whl.metadata (1.7 kB)
2025-08-20T17:13:49.3154209Z Collecting itsdangerous (from -r requirements-dev.txt (line 17))
2025-08-20T17:13:49.3166144Z   Using cached itsdangerous-2.2.0-py3-none-any.whl.metadata (1.9 kB)
2025-08-20T17:13:49.4133880Z Collecting mypy==1.* (from -r requirements-dev.txt (line 18))
2025-08-20T17:13:49.4147500Z   Using cached mypy-1.17.1-cp312-cp312-manylinux2014_x86_64.manylinux_2_17_x86_64.manylinux_2_28_x86_64.whl.metadata (2.2 kB)
2025-08-20T17:13:49.4249227Z Collecting mypy-extensions==1.1.0 (from -r requirements-dev.txt (line 19))
2025-08-20T17:13:49.4261327Z   Using cached mypy_extensions-1.1.0-py3-none-any.whl.metadata (1.1 kB)
2025-08-20T17:13:49.6169751Z Collecting numpy<2 (from -r requirements-dev.txt (line 20))
2025-08-20T17:13:49.6183637Z   Using cached numpy-1.26.4-cp312-cp312-manylinux_2_17_x86_64.manylinux2014_x86_64.whl.metadata (61 kB)
2025-08-20T17:13:49.6426595Z Collecting openpyxl==3.1.5 (from -r requirements-dev.txt (line 21))
2025-08-20T17:13:49.6438652Z   Using cached openpyxl-3.1.5-py2.py3-none-any.whl.metadata (2.5 kB)
2025-08-20T17:13:49.7488170Z Collecting pandas==2.2.* (from -r requirements-dev.txt (line 22))
2025-08-20T17:13:49.7502303Z   Using cached pandas-2.2.3-cp312-cp312-manylinux_2_17_x86_64.manylinux2014_x86_64.whl.metadata (89 kB)
2025-08-20T17:13:49.8444078Z Collecting psycopg2-binary==2.9.10 (from -r requirements-dev.txt (line 23))
2025-08-20T17:13:49.8491841Z   Using cached psycopg2_binary-2.9.10-cp312-cp312-manylinux_2_17_x86_64.manylinux2014_x86_64.whl.metadata (4.9 kB)
2025-08-20T17:13:49.8610438Z Collecting psycopg==3.2.9 (from psycopg[binary]==3.2.9->-r requirements-dev.txt (line 24))
2025-08-20T17:13:49.8623147Z   Using cached psycopg-3.2.9-py3-none-any.whl.metadata (4.5 kB)
2025-08-20T17:13:49.9709576Z Collecting pydantic==2.11.7 (from -r requirements-dev.txt (line 25))
2025-08-20T17:13:49.9722555Z   Using cached pydantic-2.11.7-py3-none-any.whl.metadata (67 kB)
2025-08-20T17:13:50.0938344Z Collecting setuptools (from -r requirements-dev.txt (line 26))
2025-08-20T17:13:50.0952226Z   Using cached setuptools-80.9.0-py3-none-any.whl.metadata (6.6 kB)
2025-08-20T17:13:50.1201482Z Collecting pytest-asyncio==0.23.6 (from -r requirements-dev.txt (line 27))
2025-08-20T17:13:50.1212885Z   Using cached pytest_asyncio-0.23.6-py3-none-any.whl.metadata (3.9 kB)
2025-08-20T17:13:50.1343182Z Collecting pytest-cov==6.2.1 (from -r requirements-dev.txt (line 28))
2025-08-20T17:13:50.1355091Z   Using cached pytest_cov-6.2.1-py3-none-any.whl.metadata (30 kB)
2025-08-20T17:13:50.1506069Z Collecting pytest-postgresql==7.0.2 (from -r requirements-dev.txt (line 29))
2025-08-20T17:13:50.1517508Z   Using cached pytest_postgresql-7.0.2-py3-none-any.whl.metadata (18 kB)
2025-08-20T17:13:50.1675665Z Collecting python-dotenv (from -r requirements-dev.txt (line 30))
2025-08-20T17:13:50.1687117Z   Using cached python_dotenv-1.1.1-py3-none-any.whl.metadata (24 kB)
2025-08-20T17:13:50.1799770Z Collecting python-multipart (from -r requirements-dev.txt (line 31))
2025-08-20T17:13:50.1811218Z   Using cached python_multipart-0.0.20-py3-none-any.whl.metadata (1.8 kB)
2025-08-20T17:13:50.2132805Z Collecting python-telegram-bot==22.3 (from -r requirements-dev.txt (line 32))
2025-08-20T17:13:50.2145089Z   Using cached python_telegram_bot-22.3-py3-none-any.whl.metadata (17 kB)
2025-08-20T17:13:50.2445105Z Collecting requests==2.32.4 (from -r requirements-dev.txt (line 33))
2025-08-20T17:13:50.2456940Z   Using cached requests-2.32.4-py3-none-any.whl.metadata (4.9 kB)
2025-08-20T17:13:50.2603665Z Collecting respx==0.22.0 (from -r requirements-dev.txt (line 34))
2025-08-20T17:13:50.2615866Z   Using cached respx-0.22.0-py2.py3-none-any.whl.metadata (4.1 kB)
2025-08-20T17:13:50.6353561Z Collecting ruff==0.4.4 (from -r requirements-dev.txt (line 35))
2025-08-20T17:13:50.6366605Z   Using cached ruff-0.4.4-py3-none-manylinux_2_17_x86_64.manylinux2014_x86_64.whl.metadata (23 kB)
2025-08-20T17:13:50.8927276Z Collecting sqlalchemy==2.0.43 (from -r requirements-dev.txt (line 36))
2025-08-20T17:13:50.8940811Z   Using cached sqlalchemy-2.0.43-cp312-cp312-manylinux_2_17_x86_64.manylinux2014_x86_64.whl.metadata (9.6 kB)
2025-08-20T17:13:50.9164324Z Collecting structlog==24.1.0 (from -r requirements-dev.txt (line 37))
2025-08-20T17:13:50.9176214Z   Using cached structlog-24.1.0-py3-none-any.whl.metadata (6.9 kB)
2025-08-20T17:13:50.9337946Z Collecting testcontainers==4.10.0 (from testcontainers[postgres]==4.10.0->-r requirements-dev.txt (line 38))
2025-08-20T17:13:50.9349202Z   Using cached testcontainers-4.10.0-py3-none-any.whl.metadata (7.8 kB)
2025-08-20T17:13:50.9698911Z Collecting types-requests==2.32.4.20250809 (from -r requirements-dev.txt (line 39))
2025-08-20T17:13:50.9712442Z   Using cached types_requests-2.32.4.20250809-py3-none-any.whl.metadata (2.0 kB)
2025-08-20T17:13:50.9834168Z Collecting docspec-python==2.2.2 (from -r requirements-dev.txt (line 40))
2025-08-20T17:13:50.9846097Z   Using cached docspec_python-2.2.2-py3-none-any.whl.metadata (1.0 kB)
2025-08-20T17:13:50.9999046Z Collecting pydoc-markdown==4.8.2 (from -r requirements-dev.txt (line 41))
2025-08-20T17:13:51.0011021Z   Using cached pydoc_markdown-4.8.2-py3-none-any.whl.metadata (5.9 kB)
2025-08-20T17:13:51.0305532Z Collecting pandera==0.19.* (from -r requirements-dev.txt (line 42))
2025-08-20T17:13:51.0320618Z   Using cached pandera-0.19.3-py3-none-any.whl.metadata (15 kB)
2025-08-20T17:13:51.1402854Z Collecting MarkupSafe>=2.0 (from Jinja2==3.1.6->-r requirements-dev.txt (line 2))
2025-08-20T17:13:51.1416366Z   Using cached MarkupSafe-3.0.2-cp312-cp312-manylinux_2_17_x86_64.manylinux2014_x86_64.whl.metadata (4.0 kB)
2025-08-20T17:13:51.1669378Z Collecting Mako (from alembic==1.13.1->-r requirements-dev.txt (line 3))
2025-08-20T17:13:51.1682141Z   Using cached mako-1.3.10-py3-none-any.whl.metadata (2.9 kB)
2025-08-20T17:13:51.1858129Z Collecting typing-extensions>=4 (from alembic==1.13.1->-r requirements-dev.txt (line 3))
2025-08-20T17:13:51.1871742Z   Using cached typing_extensions-4.14.1-py3-none-any.whl.metadata (3.0 kB)
2025-08-20T17:13:51.2006597Z Collecting six>=1.4.0 (from apscheduler==3.10.4->-r requirements-dev.txt (line 4))
2025-08-20T17:13:51.2018658Z   Using cached six-1.17.0-py2.py3-none-any.whl.metadata (1.7 kB)
2025-08-20T17:13:51.2358323Z Collecting pytz (from apscheduler==3.10.4->-r requirements-dev.txt (line 4))
2025-08-20T17:13:51.2372010Z   Using cached pytz-2025.2-py2.py3-none-any.whl.metadata (22 kB)
2025-08-20T17:13:51.2530728Z Collecting tzlocal!=3.*,>=2.0 (from apscheduler==3.10.4->-r requirements-dev.txt (line 4))
2025-08-20T17:13:51.2543389Z   Using cached tzlocal-5.3.1-py3-none-any.whl.metadata (7.6 kB)
2025-08-20T17:13:51.2846134Z Collecting starlette>=0.18 (from asgi-correlation-id==4.3.1->-r requirements-dev.txt (line 5))
2025-08-20T17:13:51.2859099Z   Using cached starlette-0.47.2-py3-none-any.whl.metadata (6.2 kB)
2025-08-20T17:13:51.3056305Z Collecting click>=8.0.0 (from black==25.1.0->-r requirements-dev.txt (line 7))
2025-08-20T17:13:51.3068141Z   Using cached click-8.2.1-py3-none-any.whl.metadata (2.5 kB)
2025-08-20T17:13:51.3216113Z Collecting packaging>=22.0 (from black==25.1.0->-r requirements-dev.txt (line 7))
2025-08-20T17:13:51.3228611Z   Using cached packaging-25.0-py3-none-any.whl.metadata (3.3 kB)
2025-08-20T17:13:51.3344142Z Collecting pathspec>=0.9.0 (from black==25.1.0->-r requirements-dev.txt (line 7))
2025-08-20T17:13:51.3355776Z   Using cached pathspec-0.12.1-py3-none-any.whl.metadata (21 kB)
2025-08-20T17:13:51.3543441Z Collecting platformdirs>=2 (from black==25.1.0->-r requirements-dev.txt (line 7))
2025-08-20T17:13:51.3556853Z   Using cached platformdirs-4.3.8-py3-none-any.whl.metadata (12 kB)
2025-08-20T17:13:51.3762800Z Collecting billiard<5.0,>=4.2.1 (from celery==5.5.3->-r requirements-dev.txt (line 11))
2025-08-20T17:13:51.3775963Z   Using cached billiard-4.2.1-py3-none-any.whl.metadata (4.4 kB)
2025-08-20T17:13:51.4044332Z Collecting kombu<5.6,>=5.5.2 (from celery==5.5.3->-r requirements-dev.txt (line 11))
2025-08-20T17:13:51.4057443Z   Using cached kombu-5.5.4-py3-none-any.whl.metadata (3.5 kB)
2025-08-20T17:13:51.4214126Z Collecting vine<6.0,>=5.1.0 (from celery==5.5.3->-r requirements-dev.txt (line 11))
2025-08-20T17:13:51.4225664Z   Using cached vine-5.1.0-py3-none-any.whl.metadata (2.7 kB)
2025-08-20T17:13:51.4346244Z Collecting click-didyoumean>=0.3.0 (from celery==5.5.3->-r requirements-dev.txt (line 11))
2025-08-20T17:13:51.4358305Z   Using cached click_didyoumean-0.3.1-py3-none-any.whl.metadata (3.9 kB)
2025-08-20T17:13:51.4442612Z Collecting click-repl>=0.2.0 (from celery==5.5.3->-r requirements-dev.txt (line 11))
2025-08-20T17:13:51.4454307Z   Using cached click_repl-0.3.0-py3-none-any.whl.metadata (3.6 kB)
2025-08-20T17:13:51.4542119Z Collecting click-plugins>=1.1.1 (from celery==5.5.3->-r requirements-dev.txt (line 11))
2025-08-20T17:13:51.4554346Z   Using cached click_plugins-1.1.1.2-py2.py3-none-any.whl.metadata (6.5 kB)
2025-08-20T17:13:51.4682338Z Collecting python-dateutil>=2.8.2 (from celery==5.5.3->-r requirements-dev.txt (line 11))
2025-08-20T17:13:51.4694427Z   Using cached python_dateutil-2.9.0.post0-py2.py3-none-any.whl.metadata (8.4 kB)
2025-08-20T17:13:51.5110511Z Collecting annotated-types>=0.6.0 (from pydantic==2.11.7->-r requirements-dev.txt (line 25))
2025-08-20T17:13:51.5124015Z   Using cached annotated_types-0.7.0-py3-none-any.whl.metadata (15 kB)
2025-08-20T17:13:52.1835677Z Collecting pydantic-core==2.33.2 (from pydantic==2.11.7->-r requirements-dev.txt (line 25))
2025-08-20T17:13:52.1849400Z   Using cached pydantic_core-2.33.2-cp312-cp312-manylinux_2_17_x86_64.manylinux2014_x86_64.whl.metadata (6.8 kB)
2025-08-20T17:13:52.1979029Z Collecting typing-inspection>=0.4.0 (from pydantic==2.11.7->-r requirements-dev.txt (line 25))
2025-08-20T17:13:52.1991222Z   Using cached typing_inspection-0.4.1-py3-none-any.whl.metadata (2.6 kB)
2025-08-20T17:13:52.2229940Z Collecting et-xmlfile (from openpyxl==3.1.5->-r requirements-dev.txt (line 21))
2025-08-20T17:13:52.2241794Z   Using cached et_xmlfile-2.0.0-py3-none-any.whl.metadata (2.7 kB)
2025-08-20T17:13:52.2676555Z Collecting pytest<9,>=7.0.0 (from pytest-asyncio==0.23.6->-r requirements-dev.txt (line 27))
2025-08-20T17:13:52.2689117Z   Using cached pytest-8.4.1-py3-none-any.whl.metadata (7.7 kB)
2025-08-20T17:13:52.5823812Z Collecting coverage>=7.5 (from coverage[toml]>=7.5->pytest-cov==6.2.1->-r requirements-dev.txt (line 28))
2025-08-20T17:13:52.5836755Z   Using cached coverage-7.10.4-cp312-cp312-manylinux1_x86_64.manylinux_2_28_x86_64.manylinux_2_5_x86_64.whl.metadata (8.9 kB)
2025-08-20T17:13:52.5954787Z Collecting pluggy>=1.2 (from pytest-cov==6.2.1->-r requirements-dev.txt (line 28))
2025-08-20T17:13:52.5966351Z   Using cached pluggy-1.6.0-py3-none-any.whl.metadata (4.8 kB)
2025-08-20T17:13:52.6208817Z Collecting port-for>=0.7.3 (from pytest-postgresql==7.0.2->-r requirements-dev.txt (line 29))
2025-08-20T17:13:52.6220329Z   Using cached port_for-0.7.4-py3-none-any.whl.metadata (7.1 kB)
2025-08-20T17:13:52.6434620Z Collecting mirakuru>=2.6.0 (from pytest-postgresql==7.0.2->-r requirements-dev.txt (line 29))
2025-08-20T17:13:52.6447700Z   Using cached mirakuru-2.6.1-py3-none-any.whl.metadata (10 kB)
2025-08-20T17:13:52.7336366Z Collecting charset_normalizer<4,>=2 (from requests==2.32.4->-r requirements-dev.txt (line 33))
2025-08-20T17:13:52.7350056Z   Using cached charset_normalizer-3.4.3-cp312-cp312-manylinux2014_x86_64.manylinux_2_17_x86_64.manylinux_2_28_x86_64.whl.metadata (36 kB)
2025-08-20T17:13:52.7517436Z Collecting idna<4,>=2.5 (from requests==2.32.4->-r requirements-dev.txt (line 33))
2025-08-20T17:13:52.7529415Z   Using cached idna-3.10-py3-none-any.whl.metadata (10 kB)
2025-08-20T17:13:52.7799866Z Collecting urllib3<3,>=1.21.1 (from requests==2.32.4->-r requirements-dev.txt (line 33))
2025-08-20T17:13:52.7811446Z   Using cached urllib3-2.5.0-py3-none-any.whl.metadata (6.5 kB)
2025-08-20T17:13:52.8063880Z Collecting certifi>=2017.4.17 (from requests==2.32.4->-r requirements-dev.txt (line 33))
2025-08-20T17:13:52.8075630Z   Using cached certifi-2025.8.3-py3-none-any.whl.metadata (2.4 kB)
2025-08-20T17:13:53.0154669Z Collecting greenlet>=1 (from sqlalchemy==2.0.43->-r requirements-dev.txt (line 36))
2025-08-20T17:13:53.0168251Z   Using cached greenlet-3.2.4-cp312-cp312-manylinux_2_24_x86_64.manylinux_2_28_x86_64.whl.metadata (4.1 kB)
2025-08-20T17:13:53.0400835Z Collecting docker (from testcontainers==4.10.0->testcontainers[postgres]==4.10.0->-r requirements-dev.txt (line 38))
2025-08-20T17:13:53.0413381Z   Using cached docker-7.1.0-py3-none-any.whl.metadata (3.8 kB)
2025-08-20T17:13:53.1467670Z Collecting wrapt (from testcontainers==4.10.0->testcontainers[postgres]==4.10.0->-r requirements-dev.txt (line 38))
2025-08-20T17:13:53.1481185Z   Using cached wrapt-1.17.3-cp312-cp312-manylinux1_x86_64.manylinux_2_28_x86_64.manylinux_2_5_x86_64.whl.metadata (6.4 kB)
2025-08-20T17:13:53.1735168Z Collecting docspec==2.2.1 (from docspec-python==2.2.2->-r requirements-dev.txt (line 40))
2025-08-20T17:13:53.1747393Z   Using cached docspec-2.2.1-py3-none-any.whl.metadata (1.5 kB)
2025-08-20T17:13:53.1911867Z Collecting nr-util>=0.8.12 (from docspec-python==2.2.2->-r requirements-dev.txt (line 40))
2025-08-20T17:13:53.1925038Z   Using cached nr.util-0.8.12-py3-none-any.whl.metadata (813 bytes)
2025-08-20T17:13:53.2298700Z Collecting PyYAML<7.0,>=5.0 (from pydoc-markdown==4.8.2->-r requirements-dev.txt (line 41))
2025-08-20T17:13:53.2312960Z   Using cached PyYAML-6.0.2-cp312-cp312-manylinux_2_17_x86_64.manylinux2014_x86_64.whl.metadata (2.1 kB)
2025-08-20T17:13:53.2586720Z Collecting databind.core<5.0.0,>=4.4.0 (from pydoc-markdown==4.8.2->-r requirements-dev.txt (line 41))
2025-08-20T17:13:53.2599297Z   Using cached databind.core-4.5.2-py3-none-any.whl.metadata (1.1 kB)
2025-08-20T17:13:53.2808602Z Collecting databind.json<5.0.0,>=4.4.0 (from pydoc-markdown==4.8.2->-r requirements-dev.txt (line 41))
2025-08-20T17:13:53.2821369Z   Using cached databind.json-4.5.2-py3-none-any.whl.metadata (1.1 kB)
2025-08-20T17:13:53.2969918Z Collecting docstring-parser<0.12,>=0.11 (from pydoc-markdown==4.8.2->-r requirements-dev.txt (line 41))
2025-08-20T17:13:53.2970939Z   Using cached docstring_parser-0.11-py3-none-any.whl
2025-08-20T17:13:53.3391746Z Collecting tomli<3.0.0,>=2.0.0 (from pydoc-markdown==4.8.2->-r requirements-dev.txt (line 41))
2025-08-20T17:13:53.3404859Z   Using cached tomli-2.2.1-cp312-cp312-manylinux_2_17_x86_64.manylinux2014_x86_64.whl.metadata (11 kB)
2025-08-20T17:13:53.3500055Z Collecting tomli_w<2.0.0,>=1.0.0 (from pydoc-markdown==4.8.2->-r requirements-dev.txt (line 41))
2025-08-20T17:13:53.3512174Z   Using cached tomli_w-1.2.0-py3-none-any.whl.metadata (5.7 kB)
2025-08-20T17:13:53.3953662Z Collecting watchdog (from pydoc-markdown==4.8.2->-r requirements-dev.txt (line 41))
2025-08-20T17:13:53.3968134Z   Using cached watchdog-6.0.0-py3-none-manylinux2014_x86_64.whl.metadata (44 kB)
2025-08-20T17:13:53.4169483Z Collecting yapf>=0.30.0 (from pydoc-markdown==4.8.2->-r requirements-dev.txt (line 41))
2025-08-20T17:13:53.4182187Z   Using cached yapf-0.43.0-py3-none-any.whl.metadata (46 kB)
2025-08-20T17:13:53.4385586Z Collecting Deprecated<2.0.0,>=1.2.12 (from docspec==2.2.1->docspec-python==2.2.2->-r requirements-dev.txt (line 40))
2025-08-20T17:13:53.4398623Z   Using cached Deprecated-1.2.18-py2.py3-none-any.whl.metadata (5.7 kB)
2025-08-20T17:13:53.5989735Z Collecting psycopg-binary==3.2.9 (from psycopg[binary]==3.2.9->-r requirements-dev.txt (line 24))
2025-08-20T17:13:53.6003120Z   Using cached psycopg_binary-3.2.9-cp312-cp312-manylinux_2_17_x86_64.manylinux2014_x86_64.whl.metadata (2.9 kB)
2025-08-20T17:13:53.6341319Z Collecting argon2-cffi (from minio==7.*->-r requirements-dev.txt (line 10))
2025-08-20T17:13:53.6353208Z   Using cached argon2_cffi-25.1.0-py3-none-any.whl.metadata (4.1 kB)
2025-08-20T17:13:53.7135197Z Collecting pycryptodome (from minio==7.*->-r requirements-dev.txt (line 10))
2025-08-20T17:13:53.7152241Z   Using cached pycryptodome-3.23.0-cp37-abi3-manylinux_2_17_x86_64.manylinux2014_x86_64.whl.metadata (3.4 kB)
2025-08-20T17:13:53.7356535Z Collecting anyio (from httpx<0.29,>=0.27->-r requirements-dev.txt (line 15))
2025-08-20T17:13:53.7370398Z   Using cached anyio-4.10.0-py3-none-any.whl.metadata (4.0 kB)
2025-08-20T17:13:53.7569474Z Collecting httpcore==1.* (from httpx<0.29,>=0.27->-r requirements-dev.txt (line 15))
2025-08-20T17:13:53.7582592Z   Using cached httpcore-1.0.9-py3-none-any.whl.metadata (21 kB)
2025-08-20T17:13:53.7929916Z Collecting tzdata>=2022.7 (from pandas==2.2.*->-r requirements-dev.txt (line 22))
2025-08-20T17:13:53.7941986Z   Using cached tzdata-2025.2-py2.py3-none-any.whl.metadata (1.4 kB)
2025-08-20T17:13:53.8084949Z Collecting multimethod<=1.10.0 (from pandera==0.19.*->-r requirements-dev.txt (line 42))
2025-08-20T17:13:53.8096964Z   Using cached multimethod-1.10-py3-none-any.whl.metadata (8.2 kB)
2025-08-20T17:13:53.8469898Z Collecting typeguard (from pandera==0.19.*->-r requirements-dev.txt (line 42))
2025-08-20T17:13:53.8482423Z   Using cached typeguard-4.4.4-py3-none-any.whl.metadata (3.3 kB)
2025-08-20T17:13:53.8586190Z Collecting typing-inspect>=0.6.0 (from pandera==0.19.*->-r requirements-dev.txt (line 42))
2025-08-20T17:13:53.8597706Z   Using cached typing_inspect-0.9.0-py3-none-any.whl.metadata (1.5 kB)
2025-08-20T17:13:53.8877522Z Collecting databind<5.0.0,>=4.5.2 (from databind.core<5.0.0,>=4.4.0->pydoc-markdown==4.8.2->-r requirements-dev.txt (line 41))
2025-08-20T17:13:53.8889654Z   Using cached databind-4.5.2-py3-none-any.whl.metadata (4.3 kB)
2025-08-20T17:13:53.9004557Z Collecting nr-date<3.0.0,>=2.0.0 (from databind<5.0.0,>=4.5.2->databind.core<5.0.0,>=4.4.0->pydoc-markdown==4.8.2->-r requirements-dev.txt (line 41))
2025-08-20T17:13:53.9017216Z   Using cached nr_date-2.1.0-py3-none-any.whl.metadata (746 bytes)
2025-08-20T17:13:53.9146809Z Collecting nr-stream<2.0.0,>=1.0.0 (from databind<5.0.0,>=4.5.2->databind.core<5.0.0,>=4.4.0->pydoc-markdown==4.8.2->-r requirements-dev.txt (line 41))
2025-08-20T17:13:53.9159368Z   Using cached nr_stream-1.1.5-py3-none-any.whl.metadata (3.6 kB)
2025-08-20T17:13:53.9322145Z Collecting typeapi<3,>=2.0.1 (from databind<5.0.0,>=4.5.2->databind.core<5.0.0,>=4.4.0->pydoc-markdown==4.8.2->-r requirements-dev.txt (line 41))
2025-08-20T17:13:53.9334399Z   Using cached typeapi-2.2.4-py3-none-any.whl.metadata (1.5 kB)
2025-08-20T17:13:53.9596591Z Collecting h11>=0.16 (from httpcore==1.*->httpx<0.29,>=0.27->-r requirements-dev.txt (line 15))
2025-08-20T17:13:53.9609046Z   Using cached h11-0.16.0-py3-none-any.whl.metadata (8.3 kB)
2025-08-20T17:13:53.9809485Z Collecting amqp<6.0.0,>=5.1.1 (from kombu<5.6,>=5.5.2->celery==5.5.3->-r requirements-dev.txt (line 11))
2025-08-20T17:13:53.9824487Z   Using cached amqp-5.3.1-py3-none-any.whl.metadata (8.9 kB)
2025-08-20T17:13:54.0214875Z Collecting iniconfig>=1 (from pytest<9,>=7.0.0->pytest-asyncio==0.23.6->-r requirements-dev.txt (line 27))
2025-08-20T17:13:54.0227593Z   Using cached iniconfig-2.1.0-py3-none-any.whl.metadata (2.7 kB)
2025-08-20T17:13:54.0446484Z Collecting pygments>=2.7.2 (from pytest<9,>=7.0.0->pytest-asyncio==0.23.6->-r requirements-dev.txt (line 27))
2025-08-20T17:13:54.0459804Z   Using cached pygments-2.19.2-py3-none-any.whl.metadata (2.5 kB)
2025-08-20T17:13:54.0799172Z Collecting sniffio>=1.1 (from anyio->httpx<0.29,>=0.27->-r requirements-dev.txt (line 15))
2025-08-20T17:13:54.0812522Z   Using cached sniffio-1.3.1-py3-none-any.whl.metadata (3.9 kB)
2025-08-20T17:13:54.5827149Z Collecting botocore<1.41.0,>=1.40.13 (from boto3->-r requirements-dev.txt (line 8))
2025-08-20T17:13:54.5882755Z   Downloading botocore-1.40.13-py3-none-any.whl.metadata (5.7 kB)
2025-08-20T17:13:54.6039535Z Collecting jmespath<2.0.0,>=0.7.1 (from boto3->-r requirements-dev.txt (line 8))
2025-08-20T17:13:54.6055451Z   Using cached jmespath-1.0.1-py3-none-any.whl.metadata (7.6 kB)
2025-08-20T17:13:54.6232683Z Collecting s3transfer<0.14.0,>=0.13.0 (from boto3->-r requirements-dev.txt (line 8))
2025-08-20T17:13:54.6245614Z   Using cached s3transfer-0.13.1-py3-none-any.whl.metadata (1.7 kB)
2025-08-20T17:13:54.7793141Z Collecting fastapi-cli>=0.0.8 (from fastapi-cli[standard]>=0.0.8; extra == "all"->fastapi[all]->-r requirements-dev.txt (line 13))
2025-08-20T17:13:54.7805552Z   Using cached fastapi_cli-0.0.8-py3-none-any.whl.metadata (6.3 kB)
2025-08-20T17:13:54.8565768Z Collecting ujson!=4.0.2,!=4.1.0,!=4.2.0,!=4.3.0,!=5.0.0,!=5.1.0,>=4.0.1 (from fastapi[all]->-r requirements-dev.txt (line 13))
2025-08-20T17:13:54.8619716Z   Downloading ujson-5.11.0-cp312-cp312-manylinux_2_24_x86_64.manylinux_2_28_x86_64.whl.metadata (9.4 kB)
2025-08-20T17:13:55.0953302Z Collecting orjson>=3.2.1 (from fastapi[all]->-r requirements-dev.txt (line 13))
2025-08-20T17:13:55.0966805Z   Using cached orjson-3.11.2-cp312-cp312-manylinux_2_17_x86_64.manylinux2014_x86_64.whl.metadata (1.2 kB)
2025-08-20T17:13:55.1090900Z Collecting email-validator>=2.0.0 (from fastapi[all]->-r requirements-dev.txt (line 13))
2025-08-20T17:13:55.1108732Z   Using cached email_validator-2.2.0-py3-none-any.whl.metadata (25 kB)
2025-08-20T17:13:55.1578017Z Collecting uvicorn>=0.12.0 (from uvicorn[standard]>=0.12.0; extra == "all"->fastapi[all]->-r requirements-dev.txt (line 13))
2025-08-20T17:13:55.1590005Z   Using cached uvicorn-0.35.0-py3-none-any.whl.metadata (6.5 kB)
2025-08-20T17:13:55.1754967Z Collecting pydantic-settings>=2.0.0 (from fastapi[all]->-r requirements-dev.txt (line 13))
2025-08-20T17:13:55.1767640Z   Using cached pydantic_settings-2.10.1-py3-none-any.whl.metadata (3.4 kB)
2025-08-20T17:13:55.1911425Z Collecting pydantic-extra-types>=2.0.0 (from fastapi[all]->-r requirements-dev.txt (line 13))
2025-08-20T17:13:55.1924411Z   Using cached pydantic_extra_types-2.10.5-py3-none-any.whl.metadata (3.9 kB)
2025-08-20T17:13:55.2581866Z Collecting prompt-toolkit>=3.0.36 (from click-repl>=0.2.0->celery==5.5.3->-r requirements-dev.txt (line 11))
2025-08-20T17:13:55.2594876Z   Using cached prompt_toolkit-3.0.51-py3-none-any.whl.metadata (6.4 kB)
2025-08-20T17:13:55.2780977Z Collecting dnspython>=2.0.0 (from email-validator>=2.0.0->fastapi[all]->-r requirements-dev.txt (line 13))
2025-08-20T17:13:55.2793791Z   Using cached dnspython-2.7.0-py3-none-any.whl.metadata (5.8 kB)
2025-08-20T17:13:55.3077805Z Collecting typer>=0.15.1 (from fastapi-cli>=0.0.8->fastapi-cli[standard]>=0.0.8; extra == "all"->fastapi[all]->-r requirements-dev.txt (line 13))
2025-08-20T17:13:55.3089687Z   Using cached typer-0.16.1-py3-none-any.whl.metadata (15 kB)
2025-08-20T17:13:55.3348265Z Collecting rich-toolkit>=0.14.8 (from fastapi-cli>=0.0.8->fastapi-cli[standard]>=0.0.8; extra == "all"->fastapi[all]->-r requirements-dev.txt (line 13))
2025-08-20T17:13:55.3359626Z   Using cached rich_toolkit-0.15.0-py3-none-any.whl.metadata (1.0 kB)
2025-08-20T17:13:55.3479782Z Collecting fastapi-cloud-cli>=0.1.1 (from fastapi-cli[standard]>=0.0.8; extra == "all"->fastapi[all]->-r requirements-dev.txt (line 13))
2025-08-20T17:13:55.3490997Z   Using cached fastapi_cloud_cli-0.1.5-py3-none-any.whl.metadata (3.2 kB)
2025-08-20T17:13:55.4220001Z Collecting rignore>=0.5.1 (from fastapi-cloud-cli>=0.1.1->fastapi-cli[standard]>=0.0.8; extra == "all"->fastapi[all]->-r requirements-dev.txt (line 13))
2025-08-20T17:13:55.4232999Z   Using cached rignore-0.6.4-cp312-cp312-manylinux_2_17_x86_64.manylinux2014_x86_64.whl.metadata (3.8 kB)
2025-08-20T17:13:55.5000168Z Collecting sentry-sdk>=2.20.0 (from fastapi-cloud-cli>=0.1.1->fastapi-cli[standard]>=0.0.8; extra == "all"->fastapi[all]->-r requirements-dev.txt (line 13))
2025-08-20T17:13:55.5013467Z   Using cached sentry_sdk-2.35.0-py2.py3-none-any.whl.metadata (10 kB)
2025-08-20T17:13:55.5984993Z Collecting psutil>=4.0.0 (from mirakuru>=2.6.0->pytest-postgresql==7.0.2->-r requirements-dev.txt (line 29))
2025-08-20T17:13:55.5999069Z   Using cached psutil-7.0.0-cp36-abi3-manylinux_2_12_x86_64.manylinux2010_x86_64.manylinux_2_17_x86_64.manylinux2014_x86_64.whl.metadata (22 kB)
2025-08-20T17:13:55.6320468Z Collecting wcwidth (from prompt-toolkit>=3.0.36->click-repl>=0.2.0->celery==5.5.3->-r requirements-dev.txt (line 11))
2025-08-20T17:13:55.6332394Z   Using cached wcwidth-0.2.13-py2.py3-none-any.whl.metadata (14 kB)
2025-08-20T17:13:55.7196223Z Collecting rich>=13.7.1 (from rich-toolkit>=0.14.8->fastapi-cli>=0.0.8->fastapi-cli[standard]>=0.0.8; extra == "all"->fastapi[all]->-r requirements-dev.txt (line 13))
2025-08-20T17:13:55.7208751Z   Using cached rich-14.1.0-py3-none-any.whl.metadata (18 kB)
2025-08-20T17:13:55.7401046Z Collecting markdown-it-py>=2.2.0 (from rich>=13.7.1->rich-toolkit>=0.14.8->fastapi-cli>=0.0.8->fastapi-cli[standard]>=0.0.8; extra == "all"->fastapi[all]->-r requirements-dev.txt (line 13))
2025-08-20T17:13:55.7413520Z   Using cached markdown_it_py-4.0.0-py3-none-any.whl.metadata (7.3 kB)
2025-08-20T17:13:55.7632269Z Collecting mdurl~=0.1 (from markdown-it-py>=2.2.0->rich>=13.7.1->rich-toolkit>=0.14.8->fastapi-cli>=0.0.8->fastapi-cli[standard]>=0.0.8; extra == "all"->fastapi[all]->-r requirements-dev.txt (line 13))
2025-08-20T17:13:55.7644219Z   Using cached mdurl-0.1.2-py3-none-any.whl.metadata (1.6 kB)
2025-08-20T17:13:55.8149841Z Collecting shellingham>=1.3.0 (from typer>=0.15.1->fastapi-cli>=0.0.8->fastapi-cli[standard]>=0.0.8; extra == "all"->fastapi[all]->-r requirements-dev.txt (line 13))
2025-08-20T17:13:55.8162579Z   Using cached shellingham-1.5.4-py2.py3-none-any.whl.metadata (3.5 kB)
2025-08-20T17:13:55.8922323Z Collecting httptools>=0.6.3 (from uvicorn[standard]>=0.12.0; extra == "all"->fastapi[all]->-r requirements-dev.txt (line 13))
2025-08-20T17:13:55.8936513Z   Using cached httptools-0.6.4-cp312-cp312-manylinux_2_5_x86_64.manylinux1_x86_64.manylinux_2_17_x86_64.manylinux2014_x86_64.whl.metadata (3.6 kB)
2025-08-20T17:13:55.9355499Z Collecting uvloop>=0.15.1 (from uvicorn[standard]>=0.12.0; extra == "all"->fastapi[all]->-r requirements-dev.txt (line 13))
2025-08-20T17:13:55.9368713Z   Using cached uvloop-0.21.0-cp312-cp312-manylinux_2_17_x86_64.manylinux2014_x86_64.whl.metadata (4.9 kB)
2025-08-20T17:13:56.0083473Z Collecting watchfiles>=0.13 (from uvicorn[standard]>=0.12.0; extra == "all"->fastapi[all]->-r requirements-dev.txt (line 13))
2025-08-20T17:13:56.0096852Z   Using cached watchfiles-1.1.0-cp312-cp312-manylinux_2_17_x86_64.manylinux2014_x86_64.whl.metadata (4.9 kB)
2025-08-20T17:13:56.2200066Z Collecting websockets>=10.4 (from uvicorn[standard]>=0.12.0; extra == "all"->fastapi[all]->-r requirements-dev.txt (line 13))
2025-08-20T17:13:56.2213482Z   Using cached websockets-15.0.1-cp312-cp312-manylinux_2_5_x86_64.manylinux1_x86_64.manylinux_2_17_x86_64.manylinux2014_x86_64.whl.metadata (6.8 kB)
2025-08-20T17:13:56.2653565Z Collecting argon2-cffi-bindings (from argon2-cffi->minio==7.*->-r requirements-dev.txt (line 10))
2025-08-20T17:13:56.2665713Z   Using cached argon2_cffi_bindings-25.1.0-cp39-abi3-manylinux_2_26_x86_64.manylinux_2_28_x86_64.whl.metadata (7.4 kB)
2025-08-20T17:13:56.3720386Z Collecting cffi>=1.0.1 (from argon2-cffi-bindings->argon2-cffi->minio==7.*->-r requirements-dev.txt (line 10))
2025-08-20T17:13:56.3734253Z   Using cached cffi-1.17.1-cp312-cp312-manylinux_2_17_x86_64.manylinux2014_x86_64.whl.metadata (1.5 kB)
2025-08-20T17:13:56.3859980Z Collecting pycparser (from cffi>=1.0.1->argon2-cffi-bindings->argon2-cffi->minio==7.*->-r requirements-dev.txt (line 10))
2025-08-20T17:13:56.3870716Z   Using cached pycparser-2.22-py3-none-any.whl.metadata (943 bytes)
2025-08-20T17:13:56.4507757Z Using cached jinja2-3.1.6-py3-none-any.whl (134 kB)
2025-08-20T17:13:56.4519654Z Using cached alembic-1.13.1-py3-none-any.whl (233 kB)
2025-08-20T17:13:56.4532197Z Using cached APScheduler-3.10.4-py3-none-any.whl (59 kB)
2025-08-20T17:13:56.4543800Z Using cached asgi_correlation_id-4.3.1-py3-none-any.whl (15 kB)
2025-08-20T17:13:56.4555164Z Using cached asyncpg-0.30.0-cp312-cp312-manylinux_2_17_x86_64.manylinux2014_x86_64.whl (3.6 MB)
2025-08-20T17:13:56.4593405Z Using cached black-25.1.0-cp312-cp312-manylinux_2_17_x86_64.manylinux2014_x86_64.manylinux_2_28_x86_64.whl (1.8 MB)
2025-08-20T17:13:56.4617266Z Using cached celery-5.5.3-py3-none-any.whl (438 kB)
2025-08-20T17:13:56.4631296Z Using cached fastapi-0.116.1-py3-none-any.whl (95 kB)
2025-08-20T17:13:56.4642854Z Using cached pydantic-2.11.7-py3-none-any.whl (444 kB)
2025-08-20T17:13:56.4656745Z Using cached fastapi_limiter-0.1.6-py3-none-any.whl (15 kB)
2025-08-20T17:13:56.4667492Z Using cached IMAPClient-3.0.1-py2.py3-none-any.whl (182 kB)
2025-08-20T17:13:56.4679440Z Using cached mypy_extensions-1.1.0-py3-none-any.whl (5.0 kB)
2025-08-20T17:13:56.4690197Z Using cached openpyxl-3.1.5-py2.py3-none-any.whl (250 kB)
2025-08-20T17:13:56.4702816Z Using cached psycopg2_binary-2.9.10-cp312-cp312-manylinux_2_17_x86_64.manylinux2014_x86_64.whl (3.0 MB)
2025-08-20T17:13:56.4736393Z Using cached psycopg-3.2.9-py3-none-any.whl (202 kB)
2025-08-20T17:13:56.4748437Z Using cached pytest_asyncio-0.23.6-py3-none-any.whl (17 kB)
2025-08-20T17:13:56.4759036Z Using cached pytest_cov-6.2.1-py3-none-any.whl (24 kB)
2025-08-20T17:13:56.4769797Z Using cached pytest_postgresql-7.0.2-py3-none-any.whl (41 kB)
2025-08-20T17:13:56.4780655Z Using cached python_telegram_bot-22.3-py3-none-any.whl (717 kB)
2025-08-20T17:13:56.4796937Z Using cached requests-2.32.4-py3-none-any.whl (64 kB)
2025-08-20T17:13:56.4808100Z Using cached respx-0.22.0-py2.py3-none-any.whl (25 kB)
2025-08-20T17:13:56.4819097Z Using cached ruff-0.4.4-py3-none-manylinux_2_17_x86_64.manylinux2014_x86_64.whl (8.7 MB)
2025-08-20T17:13:56.4893622Z Using cached sqlalchemy-2.0.43-cp312-cp312-manylinux_2_17_x86_64.manylinux2014_x86_64.whl (3.3 MB)
2025-08-20T17:13:56.4927127Z Using cached structlog-24.1.0-py3-none-any.whl (65 kB)
2025-08-20T17:13:56.4938313Z Using cached testcontainers-4.10.0-py3-none-any.whl (107 kB)
2025-08-20T17:13:56.4949725Z Using cached types_requests-2.32.4.20250809-py3-none-any.whl (20 kB)
2025-08-20T17:13:56.4960557Z Using cached docspec_python-2.2.2-py3-none-any.whl (15 kB)
2025-08-20T17:13:56.4971716Z Using cached pydoc_markdown-4.8.2-py3-none-any.whl (67 kB)
2025-08-20T17:13:56.4982851Z Using cached docspec-2.2.1-py3-none-any.whl (9.8 kB)
2025-08-20T17:13:56.4994026Z Using cached psycopg_binary-3.2.9-cp312-cp312-manylinux_2_17_x86_64.manylinux2014_x86_64.whl (4.4 MB)
2025-08-20T17:13:56.5038622Z Using cached pydantic_core-2.33.2-cp312-cp312-manylinux_2_17_x86_64.manylinux2014_x86_64.whl (2.0 MB)
2025-08-20T17:13:56.5066003Z Using cached redis-6.4.0-py3-none-any.whl (279 kB)
2025-08-20T17:13:56.5079499Z Using cached minio-7.2.16-py3-none-any.whl (95 kB)
2025-08-20T17:13:56.5091166Z Using cached httpx-0.28.1-py3-none-any.whl (73 kB)
2025-08-20T17:13:56.5103354Z Using cached mypy-1.17.1-cp312-cp312-manylinux2014_x86_64.manylinux_2_17_x86_64.manylinux_2_28_x86_64.whl (12.7 MB)
2025-08-20T17:13:56.5210993Z Using cached numpy-1.26.4-cp312-cp312-manylinux_2_17_x86_64.manylinux2014_x86_64.whl (18.0 MB)
2025-08-20T17:13:56.5353344Z Using cached pandas-2.2.3-cp312-cp312-manylinux_2_17_x86_64.manylinux2014_x86_64.whl (12.7 MB)
2025-08-20T17:13:56.5458144Z Using cached pandera-0.19.3-py3-none-any.whl (251 kB)
2025-08-20T17:13:56.5470230Z Using cached billiard-4.2.1-py3-none-any.whl (86 kB)
2025-08-20T17:13:56.5482279Z Using cached charset_normalizer-3.4.3-cp312-cp312-manylinux2014_x86_64.manylinux_2_17_x86_64.manylinux_2_28_x86_64.whl (151 kB)
2025-08-20T17:13:56.5493839Z Using cached click-8.2.1-py3-none-any.whl (102 kB)
2025-08-20T17:13:56.5505644Z Using cached databind.core-4.5.2-py3-none-any.whl (1.5 kB)
2025-08-20T17:13:56.5516377Z Using cached databind-4.5.2-py3-none-any.whl (49 kB)
2025-08-20T17:13:56.5527363Z Using cached databind.json-4.5.2-py3-none-any.whl (1.5 kB)
2025-08-20T17:13:56.5538239Z Using cached Deprecated-1.2.18-py2.py3-none-any.whl (10.0 kB)
2025-08-20T17:13:56.5548919Z Using cached httpcore-1.0.9-py3-none-any.whl (78 kB)
2025-08-20T17:13:56.5560108Z Using cached idna-3.10-py3-none-any.whl (70 kB)
2025-08-20T17:13:56.5571193Z Using cached kombu-5.5.4-py3-none-any.whl (210 kB)
2025-08-20T17:13:56.5583756Z Using cached vine-5.1.0-py3-none-any.whl (9.6 kB)
2025-08-20T17:13:56.5594174Z Using cached amqp-5.3.1-py3-none-any.whl (50 kB)
2025-08-20T17:13:56.5605105Z Using cached multimethod-1.10-py3-none-any.whl (9.9 kB)
2025-08-20T17:13:56.5615651Z Using cached nr_date-2.1.0-py3-none-any.whl (10 kB)
2025-08-20T17:13:56.5626229Z Using cached nr_stream-1.1.5-py3-none-any.whl (10 kB)
2025-08-20T17:13:56.5636899Z Using cached nr.util-0.8.12-py3-none-any.whl (90 kB)
2025-08-20T17:13:56.5648278Z Using cached pytest-8.4.1-py3-none-any.whl (365 kB)
2025-08-20T17:13:56.5663036Z Using cached pluggy-1.6.0-py3-none-any.whl (20 kB)
2025-08-20T17:13:56.5674467Z Using cached PyYAML-6.0.2-cp312-cp312-manylinux_2_17_x86_64.manylinux2014_x86_64.whl (767 kB)
2025-08-20T17:13:56.5690445Z Using cached starlette-0.47.2-py3-none-any.whl (72 kB)
2025-08-20T17:13:56.5701864Z Using cached anyio-4.10.0-py3-none-any.whl (107 kB)
2025-08-20T17:13:56.5713784Z Using cached tomli-2.2.1-cp312-cp312-manylinux_2_17_x86_64.manylinux2014_x86_64.whl (242 kB)
2025-08-20T17:13:56.5726192Z Using cached tomli_w-1.2.0-py3-none-any.whl (6.7 kB)
2025-08-20T17:13:56.5736857Z Using cached typeapi-2.2.4-py3-none-any.whl (26 kB)
2025-08-20T17:13:56.5748051Z Using cached typing_extensions-4.14.1-py3-none-any.whl (43 kB)
2025-08-20T17:13:56.5759152Z Using cached urllib3-2.5.0-py3-none-any.whl (129 kB)
2025-08-20T17:13:56.5771116Z Using cached wrapt-1.17.3-cp312-cp312-manylinux1_x86_64.manylinux_2_28_x86_64.manylinux_2_5_x86_64.whl (88 kB)
2025-08-20T17:13:56.5810625Z Downloading boto3-1.40.13-py3-none-any.whl (140 kB)
2025-08-20T17:13:56.5967776Z Downloading botocore-1.40.13-py3-none-any.whl (14.0 MB)
2025-08-20T17:13:56.6556275Z    ━━━━━━━━━━━━━━━━━━━━━━━━━━━━━━━━━━━━━━━━ 14.0/14.0 MB 265.3 MB/s  0:00:00
2025-08-20T17:13:56.6570933Z Using cached jmespath-1.0.1-py3-none-any.whl (20 kB)
2025-08-20T17:13:56.6583972Z Using cached python_dateutil-2.9.0.post0-py2.py3-none-any.whl (229 kB)
2025-08-20T17:13:56.6597308Z Using cached s3transfer-0.13.1-py3-none-any.whl (85 kB)
2025-08-20T17:13:56.6609226Z Using cached itsdangerous-2.2.0-py3-none-any.whl (16 kB)
2025-08-20T17:13:56.6620435Z Using cached setuptools-80.9.0-py3-none-any.whl (1.2 MB)
2025-08-20T17:13:56.6640277Z Using cached python_dotenv-1.1.1-py3-none-any.whl (20 kB)
2025-08-20T17:13:56.6651405Z Using cached python_multipart-0.0.20-py3-none-any.whl (24 kB)
2025-08-20T17:13:56.6662588Z Using cached annotated_types-0.7.0-py3-none-any.whl (13 kB)
2025-08-20T17:13:56.6673530Z Using cached certifi-2025.8.3-py3-none-any.whl (161 kB)
2025-08-20T17:13:56.6685429Z Using cached click_didyoumean-0.3.1-py3-none-any.whl (3.6 kB)
2025-08-20T17:13:56.6696101Z Using cached click_plugins-1.1.1.2-py2.py3-none-any.whl (11 kB)
2025-08-20T17:13:56.6707361Z Using cached click_repl-0.3.0-py3-none-any.whl (10 kB)
2025-08-20T17:13:56.6719934Z Using cached coverage-7.10.4-cp312-cp312-manylinux1_x86_64.manylinux_2_28_x86_64.manylinux_2_5_x86_64.whl (251 kB)
2025-08-20T17:13:56.6732722Z Using cached email_validator-2.2.0-py3-none-any.whl (33 kB)
2025-08-20T17:13:56.6743727Z Using cached dnspython-2.7.0-py3-none-any.whl (313 kB)
2025-08-20T17:13:56.6756585Z Using cached fastapi_cli-0.0.8-py3-none-any.whl (10 kB)
2025-08-20T17:13:56.6767264Z Using cached fastapi_cloud_cli-0.1.5-py3-none-any.whl (18 kB)
2025-08-20T17:13:56.6778598Z Using cached greenlet-3.2.4-cp312-cp312-manylinux_2_24_x86_64.manylinux_2_28_x86_64.whl (607 kB)
2025-08-20T17:13:56.6793867Z Using cached h11-0.16.0-py3-none-any.whl (37 kB)
2025-08-20T17:13:56.6805001Z Using cached iniconfig-2.1.0-py3-none-any.whl (6.0 kB)
2025-08-20T17:13:56.6816083Z Using cached MarkupSafe-3.0.2-cp312-cp312-manylinux_2_17_x86_64.manylinux2014_x86_64.whl (23 kB)
2025-08-20T17:13:56.6826702Z Using cached mirakuru-2.6.1-py3-none-any.whl (26 kB)
2025-08-20T17:13:56.6837874Z Using cached orjson-3.11.2-cp312-cp312-manylinux_2_17_x86_64.manylinux2014_x86_64.whl (121 kB)
2025-08-20T17:13:56.6849139Z Using cached packaging-25.0-py3-none-any.whl (66 kB)
2025-08-20T17:13:56.6860177Z Using cached pathspec-0.12.1-py3-none-any.whl (31 kB)
2025-08-20T17:13:56.6871407Z Using cached platformdirs-4.3.8-py3-none-any.whl (18 kB)
2025-08-20T17:13:56.6882004Z Using cached port_for-0.7.4-py3-none-any.whl (21 kB)
2025-08-20T17:13:56.6892952Z Using cached prompt_toolkit-3.0.51-py3-none-any.whl (387 kB)
2025-08-20T17:13:56.6907036Z Using cached psutil-7.0.0-cp36-abi3-manylinux_2_12_x86_64.manylinux2010_x86_64.manylinux_2_17_x86_64.manylinux2014_x86_64.whl (277 kB)
2025-08-20T17:13:56.6920113Z Using cached pydantic_extra_types-2.10.5-py3-none-any.whl (38 kB)
2025-08-20T17:13:56.6930968Z Using cached pydantic_settings-2.10.1-py3-none-any.whl (45 kB)
2025-08-20T17:13:56.6942900Z Using cached pygments-2.19.2-py3-none-any.whl (1.2 MB)
2025-08-20T17:13:56.6962267Z Using cached pytz-2025.2-py2.py3-none-any.whl (509 kB)
2025-08-20T17:13:56.6976586Z Using cached rich_toolkit-0.15.0-py3-none-any.whl (29 kB)
2025-08-20T17:13:56.6987522Z Using cached rich-14.1.0-py3-none-any.whl (243 kB)
2025-08-20T17:13:56.6999930Z Using cached markdown_it_py-4.0.0-py3-none-any.whl (87 kB)
2025-08-20T17:13:56.7011132Z Using cached mdurl-0.1.2-py3-none-any.whl (10.0 kB)
2025-08-20T17:13:56.7022294Z Using cached rignore-0.6.4-cp312-cp312-manylinux_2_17_x86_64.manylinux2014_x86_64.whl (949 kB)
2025-08-20T17:13:56.7039759Z Using cached sentry_sdk-2.35.0-py2.py3-none-any.whl (363 kB)
2025-08-20T17:13:56.7053187Z Using cached six-1.17.0-py2.py3-none-any.whl (11 kB)
2025-08-20T17:13:56.7063894Z Using cached sniffio-1.3.1-py3-none-any.whl (10 kB)
2025-08-20T17:13:56.7074577Z Using cached typer-0.16.1-py3-none-any.whl (46 kB)
2025-08-20T17:13:56.7085493Z Using cached shellingham-1.5.4-py2.py3-none-any.whl (9.8 kB)
2025-08-20T17:13:56.7096055Z Using cached typing_inspect-0.9.0-py3-none-any.whl (8.8 kB)
2025-08-20T17:13:56.7106875Z Using cached typing_inspection-0.4.1-py3-none-any.whl (14 kB)
2025-08-20T17:13:56.7117654Z Using cached tzdata-2025.2-py2.py3-none-any.whl (347 kB)
2025-08-20T17:13:56.7130684Z Using cached tzlocal-5.3.1-py3-none-any.whl (18 kB)
2025-08-20T17:13:56.7231287Z Downloading ujson-5.11.0-cp312-cp312-manylinux_2_24_x86_64.manylinux_2_28_x86_64.whl (57 kB)
2025-08-20T17:13:56.7267369Z Using cached uvicorn-0.35.0-py3-none-any.whl (66 kB)
2025-08-20T17:13:56.7279715Z Using cached httptools-0.6.4-cp312-cp312-manylinux_2_5_x86_64.manylinux1_x86_64.manylinux_2_17_x86_64.manylinux2014_x86_64.whl (510 kB)
2025-08-20T17:13:56.7294849Z Using cached uvloop-0.21.0-cp312-cp312-manylinux_2_17_x86_64.manylinux2014_x86_64.whl (4.7 MB)
2025-08-20T17:13:56.7339290Z Using cached watchfiles-1.1.0-cp312-cp312-manylinux_2_17_x86_64.manylinux2014_x86_64.whl (452 kB)
2025-08-20T17:13:56.7353908Z Using cached websockets-15.0.1-cp312-cp312-manylinux_2_5_x86_64.manylinux1_x86_64.manylinux_2_17_x86_64.manylinux2014_x86_64.whl (182 kB)
2025-08-20T17:13:56.7365386Z Using cached yapf-0.43.0-py3-none-any.whl (256 kB)
2025-08-20T17:13:56.7377866Z Using cached argon2_cffi-25.1.0-py3-none-any.whl (14 kB)
2025-08-20T17:13:56.7389279Z Using cached argon2_cffi_bindings-25.1.0-cp39-abi3-manylinux_2_26_x86_64.manylinux_2_28_x86_64.whl (87 kB)
2025-08-20T17:13:56.7400615Z Using cached cffi-1.17.1-cp312-cp312-manylinux_2_17_x86_64.manylinux2014_x86_64.whl (479 kB)
2025-08-20T17:13:56.7414817Z Using cached docker-7.1.0-py3-none-any.whl (147 kB)
2025-08-20T17:13:56.7426474Z Using cached et_xmlfile-2.0.0-py3-none-any.whl (18 kB)
2025-08-20T17:13:56.7437428Z Using cached mako-1.3.10-py3-none-any.whl (78 kB)
2025-08-20T17:13:56.7448549Z Using cached pycparser-2.22-py3-none-any.whl (117 kB)
2025-08-20T17:13:56.7460543Z Using cached pycryptodome-3.23.0-cp37-abi3-manylinux_2_17_x86_64.manylinux2014_x86_64.whl (2.3 MB)
2025-08-20T17:13:56.7487100Z Using cached typeguard-4.4.4-py3-none-any.whl (34 kB)
2025-08-20T17:13:56.7498240Z Using cached watchdog-6.0.0-py3-none-manylinux2014_x86_64.whl (79 kB)
2025-08-20T17:13:56.7509543Z Using cached wcwidth-0.2.13-py2.py3-none-any.whl (34 kB)
2025-08-20T17:13:57.2347193Z Installing collected packages: wcwidth, pytz, wrapt, websockets, watchdog, vine, uvloop, urllib3, ujson, tzlocal, tzdata, typing-extensions, tomli_w, tomli, structlog, sniffio, six, shellingham, setuptools, ruff, rignore, redis, PyYAML, python-multipart, python-dotenv, pygments, pycryptodome, pycparser, psycopg2-binary, psycopg-binary, psutil, prompt-toolkit, port-for, pluggy, platformdirs, pathspec, packaging, orjson, numpy, nr-stream, nr-date, mypy-extensions, multimethod, mdurl, MarkupSafe, jmespath, itsdangerous, iniconfig, imapclient, idna, httptools, h11, greenlet, et-xmlfile, docstring-parser, dnspython, coverage, click, charset_normalizer, certifi, billiard, asyncpg, annotated-types, yapf, uvicorn, typing-inspection, typing-inspect, types-requests, typeguard, typeapi, sqlalchemy, sentry-sdk, requests, python-dateutil, pytest, pydantic-core, psycopg, openpyxl, mypy, mirakuru, markdown-it-py, Mako, Jinja2, httpcore, email-validator, Deprecated, click-repl, click-plugins, click-didyoumean, cffi, black, apscheduler, anyio, amqp, watchfiles, starlette, rich, pytest-postgresql, pytest-cov, pytest-asyncio, pydantic, pandas, nr-util, kombu, httpx, docker, databind, botocore, argon2-cffi-bindings, alembic, typer, testcontainers, s3transfer, rich-toolkit, respx, python-telegram-bot, pydantic-settings, pydantic-extra-types, pandera, fastapi, databind.json, databind.core, celery, asgi-correlation-id, argon2-cffi, minio, fastapi-limiter, fastapi-cloud-cli, fastapi-cli, docspec, boto3, docspec-python, pydoc-markdown
2025-08-20T17:14:17.0384472Z 
2025-08-20T17:14:17.0512730Z Successfully installed Deprecated-1.2.18 Jinja2-3.1.6 Mako-1.3.10 MarkupSafe-3.0.2 PyYAML-6.0.2 alembic-1.13.1 amqp-5.3.1 annotated-types-0.7.0 anyio-4.10.0 apscheduler-3.10.4 argon2-cffi-25.1.0 argon2-cffi-bindings-25.1.0 asgi-correlation-id-4.3.1 asyncpg-0.30.0 billiard-4.2.1 black-25.1.0 boto3-1.40.13 botocore-1.40.13 celery-5.5.3 certifi-2025.8.3 cffi-1.17.1 charset_normalizer-3.4.3 click-8.2.1 click-didyoumean-0.3.1 click-plugins-1.1.1.2 click-repl-0.3.0 coverage-7.10.4 databind-4.5.2 databind.core-4.5.2 databind.json-4.5.2 dnspython-2.7.0 docker-7.1.0 docspec-2.2.1 docspec-python-2.2.2 docstring-parser-0.11 email-validator-2.2.0 et-xmlfile-2.0.0 fastapi-0.116.1 fastapi-cli-0.0.8 fastapi-cloud-cli-0.1.5 fastapi-limiter-0.1.6 greenlet-3.2.4 h11-0.16.0 httpcore-1.0.9 httptools-0.6.4 httpx-0.28.1 idna-3.10 imapclient-3.0.1 iniconfig-2.1.0 itsdangerous-2.2.0 jmespath-1.0.1 kombu-5.5.4 markdown-it-py-4.0.0 mdurl-0.1.2 minio-7.2.16 mirakuru-2.6.1 multimethod-1.10 mypy-1.17.1 mypy-extensions-1.1.0 nr-date-2.1.0 nr-stream-1.1.5 nr-util-0.8.12 numpy-1.26.4 openpyxl-3.1.5 orjson-3.11.2 packaging-25.0 pandas-2.2.3 pandera-0.19.3 pathspec-0.12.1 platformdirs-4.3.8 pluggy-1.6.0 port-for-0.7.4 prompt-toolkit-3.0.51 psutil-7.0.0 psycopg-3.2.9 psycopg-binary-3.2.9 psycopg2-binary-2.9.10 pycparser-2.22 pycryptodome-3.23.0 pydantic-2.11.7 pydantic-core-2.33.2 pydantic-extra-types-2.10.5 pydantic-settings-2.10.1 pydoc-markdown-4.8.2 pygments-2.19.2 pytest-8.4.1 pytest-asyncio-0.23.6 pytest-cov-6.2.1 pytest-postgresql-7.0.2 python-dateutil-2.9.0.post0 python-dotenv-1.1.1 python-multipart-0.0.20 python-telegram-bot-22.3 pytz-2025.2 redis-6.4.0 requests-2.32.4 respx-0.22.0 rich-14.1.0 rich-toolkit-0.15.0 rignore-0.6.4 ruff-0.4.4 s3transfer-0.13.1 sentry-sdk-2.35.0 setuptools-80.9.0 shellingham-1.5.4 six-1.17.0 sniffio-1.3.1 sqlalchemy-2.0.43 starlette-0.47.2 structlog-24.1.0 testcontainers-4.10.0 tomli-2.2.1 tomli_w-1.2.0 typeapi-2.2.4 typeguard-4.4.4 typer-0.16.1 types-requests-2.32.4.20250809 typing-extensions-4.14.1 typing-inspect-0.9.0 typing-inspection-0.4.1 tzdata-2025.2 tzlocal-5.3.1 ujson-5.11.0 urllib3-2.5.0 uvicorn-0.35.0 uvloop-0.21.0 vine-5.1.0 watchdog-6.0.0 watchfiles-1.1.0 wcwidth-0.2.13 websockets-15.0.1 wrapt-1.17.3 yapf-0.43.0
2025-08-20T17:14:19.0827274Z Collecting keepa==1.3.15
2025-08-20T17:14:19.0841975Z   Using cached keepa-1.3.15-py3-none-any.whl.metadata (11 kB)
2025-08-20T17:14:19.1133244Z Collecting minio==7.1.15
2025-08-20T17:14:19.1147927Z   Using cached minio-7.1.15-py3-none-any.whl.metadata (4.2 kB)
2025-08-20T17:14:19.1180571Z Requirement already satisfied: numpy>=1.9.3 in /opt/hostedtoolcache/Python/3.12.11/x64/lib/python3.12/site-packages (from keepa==1.3.15) (1.26.4)
2025-08-20T17:14:19.1186054Z Requirement already satisfied: requests>=2.2 in /opt/hostedtoolcache/Python/3.12.11/x64/lib/python3.12/site-packages (from keepa==1.3.15) (2.32.4)
2025-08-20T17:14:19.1532862Z Collecting tqdm (from keepa==1.3.15)
2025-08-20T17:14:19.1546232Z   Using cached tqdm-4.67.1-py3-none-any.whl.metadata (57 kB)
2025-08-20T17:14:19.6492243Z Collecting aiohttp (from keepa==1.3.15)
2025-08-20T17:14:19.6507612Z   Using cached aiohttp-3.12.15-cp312-cp312-manylinux_2_17_x86_64.manylinux2014_x86_64.whl.metadata (7.7 kB)
2025-08-20T17:14:19.6546219Z Requirement already satisfied: pandas<=3.0 in /opt/hostedtoolcache/Python/3.12.11/x64/lib/python3.12/site-packages (from keepa==1.3.15) (2.2.3)
2025-08-20T17:14:19.6550256Z Requirement already satisfied: pydantic in /opt/hostedtoolcache/Python/3.12.11/x64/lib/python3.12/site-packages (from keepa==1.3.15) (2.11.7)
2025-08-20T17:14:19.6558536Z Requirement already satisfied: certifi in /opt/hostedtoolcache/Python/3.12.11/x64/lib/python3.12/site-packages (from minio==7.1.15) (2025.8.3)
2025-08-20T17:14:19.6562363Z Requirement already satisfied: urllib3 in /opt/hostedtoolcache/Python/3.12.11/x64/lib/python3.12/site-packages (from minio==7.1.15) (2.5.0)
2025-08-20T17:14:19.6622595Z Requirement already satisfied: python-dateutil>=2.8.2 in /opt/hostedtoolcache/Python/3.12.11/x64/lib/python3.12/site-packages (from pandas<=3.0->keepa==1.3.15) (2.9.0.post0)
2025-08-20T17:14:19.6627881Z Requirement already satisfied: pytz>=2020.1 in /opt/hostedtoolcache/Python/3.12.11/x64/lib/python3.12/site-packages (from pandas<=3.0->keepa==1.3.15) (2025.2)
2025-08-20T17:14:19.6633540Z Requirement already satisfied: tzdata>=2022.7 in /opt/hostedtoolcache/Python/3.12.11/x64/lib/python3.12/site-packages (from pandas<=3.0->keepa==1.3.15) (2025.2)
2025-08-20T17:14:19.6772539Z Requirement already satisfied: six>=1.5 in /opt/hostedtoolcache/Python/3.12.11/x64/lib/python3.12/site-packages (from python-dateutil>=2.8.2->pandas<=3.0->keepa==1.3.15) (1.17.0)
2025-08-20T17:14:19.6793934Z Requirement already satisfied: charset_normalizer<4,>=2 in /opt/hostedtoolcache/Python/3.12.11/x64/lib/python3.12/site-packages (from requests>=2.2->keepa==1.3.15) (3.4.3)
2025-08-20T17:14:19.6801156Z Requirement already satisfied: idna<4,>=2.5 in /opt/hostedtoolcache/Python/3.12.11/x64/lib/python3.12/site-packages (from requests>=2.2->keepa==1.3.15) (3.10)
2025-08-20T17:14:19.7014372Z Collecting aiohappyeyeballs>=2.5.0 (from aiohttp->keepa==1.3.15)
2025-08-20T17:14:19.7027275Z   Using cached aiohappyeyeballs-2.6.1-py3-none-any.whl.metadata (5.9 kB)
2025-08-20T17:14:19.7116987Z Collecting aiosignal>=1.4.0 (from aiohttp->keepa==1.3.15)
2025-08-20T17:14:19.7129990Z   Using cached aiosignal-1.4.0-py3-none-any.whl.metadata (3.7 kB)
2025-08-20T17:14:19.7283859Z Collecting attrs>=17.3.0 (from aiohttp->keepa==1.3.15)
2025-08-20T17:14:19.7297086Z   Using cached attrs-25.3.0-py3-none-any.whl.metadata (10 kB)
2025-08-20T17:14:19.7997413Z Collecting frozenlist>=1.1.1 (from aiohttp->keepa==1.3.15)
2025-08-20T17:14:19.8011495Z   Using cached frozenlist-1.7.0-cp312-cp312-manylinux_2_5_x86_64.manylinux1_x86_64.manylinux_2_17_x86_64.manylinux2014_x86_64.whl.metadata (18 kB)
2025-08-20T17:14:20.0510283Z Collecting multidict<7.0,>=4.5 (from aiohttp->keepa==1.3.15)
2025-08-20T17:14:20.0525076Z   Using cached multidict-6.6.4-cp312-cp312-manylinux2014_x86_64.manylinux_2_17_x86_64.manylinux_2_28_x86_64.whl.metadata (5.3 kB)
2025-08-20T17:14:20.0972201Z Collecting propcache>=0.2.0 (from aiohttp->keepa==1.3.15)
2025-08-20T17:14:20.0986194Z   Using cached propcache-0.3.2-cp312-cp312-manylinux_2_17_x86_64.manylinux2014_x86_64.whl.metadata (12 kB)
2025-08-20T17:14:20.3364872Z Collecting yarl<2.0,>=1.17.0 (from aiohttp->keepa==1.3.15)
2025-08-20T17:14:20.3378878Z   Using cached yarl-1.20.1-cp312-cp312-manylinux_2_17_x86_64.manylinux2014_x86_64.whl.metadata (73 kB)
2025-08-20T17:14:20.3597235Z Requirement already satisfied: typing-extensions>=4.2 in /opt/hostedtoolcache/Python/3.12.11/x64/lib/python3.12/site-packages (from aiosignal>=1.4.0->aiohttp->keepa==1.3.15) (4.14.1)
2025-08-20T17:14:20.3646863Z Requirement already satisfied: annotated-types>=0.6.0 in /opt/hostedtoolcache/Python/3.12.11/x64/lib/python3.12/site-packages (from pydantic->keepa==1.3.15) (0.7.0)
2025-08-20T17:14:20.3653495Z Requirement already satisfied: pydantic-core==2.33.2 in /opt/hostedtoolcache/Python/3.12.11/x64/lib/python3.12/site-packages (from pydantic->keepa==1.3.15) (2.33.2)
2025-08-20T17:14:20.3660775Z Requirement already satisfied: typing-inspection>=0.4.0 in /opt/hostedtoolcache/Python/3.12.11/x64/lib/python3.12/site-packages (from pydantic->keepa==1.3.15) (0.4.1)
2025-08-20T17:14:20.3725533Z Using cached keepa-1.3.15-py3-none-any.whl (38 kB)
2025-08-20T17:14:20.3737697Z Using cached minio-7.1.15-py3-none-any.whl (77 kB)
2025-08-20T17:14:20.3750068Z Using cached aiohttp-3.12.15-cp312-cp312-manylinux_2_17_x86_64.manylinux2014_x86_64.whl (1.7 MB)
2025-08-20T17:14:20.3775010Z Using cached multidict-6.6.4-cp312-cp312-manylinux2014_x86_64.manylinux_2_17_x86_64.manylinux_2_28_x86_64.whl (256 kB)
2025-08-20T17:14:20.3787674Z Using cached yarl-1.20.1-cp312-cp312-manylinux_2_17_x86_64.manylinux2014_x86_64.whl (355 kB)
2025-08-20T17:14:20.3800903Z Using cached aiohappyeyeballs-2.6.1-py3-none-any.whl (15 kB)
2025-08-20T17:14:20.3811889Z Using cached aiosignal-1.4.0-py3-none-any.whl (7.5 kB)
2025-08-20T17:14:20.3822819Z Using cached attrs-25.3.0-py3-none-any.whl (63 kB)
2025-08-20T17:14:20.3834545Z Using cached frozenlist-1.7.0-cp312-cp312-manylinux_2_5_x86_64.manylinux1_x86_64.manylinux_2_17_x86_64.manylinux2014_x86_64.whl (241 kB)
2025-08-20T17:14:20.3847277Z Using cached propcache-0.3.2-cp312-cp312-manylinux_2_17_x86_64.manylinux2014_x86_64.whl (224 kB)
2025-08-20T17:14:20.3859222Z Using cached tqdm-4.67.1-py3-none-any.whl (78 kB)
2025-08-20T17:14:20.5748926Z Installing collected packages: tqdm, propcache, multidict, minio, frozenlist, attrs, aiohappyeyeballs, yarl, aiosignal, aiohttp, keepa
2025-08-20T17:14:20.6495225Z   Attempting uninstall: minio
2025-08-20T17:14:20.6544678Z     Found existing installation: minio 7.2.16
2025-08-20T17:14:20.6583895Z     Uninstalling minio-7.2.16:
2025-08-20T17:14:20.6594358Z       Successfully uninstalled minio-7.2.16
2025-08-20T17:14:21.0298910Z 
2025-08-20T17:14:21.0415885Z Successfully installed aiohappyeyeballs-2.6.1 aiohttp-3.12.15 aiosignal-1.4.0 attrs-25.3.0 frozenlist-1.7.0 keepa-1.3.15 minio-7.1.15 multidict-6.6.4 propcache-0.3.2 tqdm-4.67.1 yarl-1.20.1
2025-08-20T17:14:21.2792843Z ##[group]Run ruff check .
2025-08-20T17:14:21.2793115Z [36;1mruff check .[0m
2025-08-20T17:14:21.2793320Z [36;1mruff format --check .[0m
2025-08-20T17:14:21.2834508Z shell: /usr/bin/bash -e {0}
2025-08-20T17:14:21.2834733Z env:
2025-08-20T17:14:21.2834937Z   REDIS_URL: redis://localhost:6379/0
2025-08-20T17:14:21.2835194Z   RATE_LIMIT_DEFAULT: 100/minute
2025-08-20T17:14:21.2835417Z   TRUST_X_FORWARDED: 1
2025-08-20T17:14:21.2835617Z   PG_USER: postgres
2025-08-20T17:14:21.2835808Z   PG_PASSWORD: pass
2025-08-20T17:14:21.2835988Z   PG_DATABASE: awa
2025-08-20T17:14:21.2836172Z   PG_HOST: localhost
2025-08-20T17:14:21.2836356Z   PG_PORT: 5432
2025-08-20T17:14:21.2836816Z   PG_SYNC_DSN: ***localhost:5432/awa
2025-08-20T17:14:21.2837203Z   PG_ASYNC_DSN: ***localhost:5432/awa
2025-08-20T17:14:21.2837572Z   DATABASE_URL: ***localhost:5432/awa
2025-08-20T17:14:21.2837796Z   DATA_DIR: /tmp/awa-data
2025-08-20T17:14:21.2837995Z   ENABLE_LIVE: 0
2025-08-20T17:14:21.2838212Z   TESTING: 1
2025-08-20T17:14:21.2838447Z   pythonLocation: /opt/hostedtoolcache/Python/3.12.11/x64
2025-08-20T17:14:21.2838836Z   PKG_CONFIG_PATH: /opt/hostedtoolcache/Python/3.12.11/x64/lib/pkgconfig
2025-08-20T17:14:21.2839218Z   Python_ROOT_DIR: /opt/hostedtoolcache/Python/3.12.11/x64
2025-08-20T17:14:21.2839559Z   Python2_ROOT_DIR: /opt/hostedtoolcache/Python/3.12.11/x64
2025-08-20T17:14:21.2839893Z   Python3_ROOT_DIR: /opt/hostedtoolcache/Python/3.12.11/x64
2025-08-20T17:14:21.2840233Z   LD_LIBRARY_PATH: /opt/hostedtoolcache/Python/3.12.11/x64/lib
2025-08-20T17:14:21.2840519Z ##[endgroup]
2025-08-20T17:14:21.3116573Z All checks passed!
2025-08-20T17:14:21.3348482Z 253 files already formatted
2025-08-20T17:14:21.3386552Z ##[group]Run for i in {1..30}; do pg_isready -h "$PG_HOST" -p "$PG_PORT" -U "$PG_USER" -d "$PG_DATABASE" && break; sleep 1; done
2025-08-20T17:14:21.3387193Z [36;1mfor i in {1..30}; do pg_isready -h "$PG_HOST" -p "$PG_PORT" -U "$PG_USER" -d "$PG_DATABASE" && break; sleep 1; done[0m
2025-08-20T17:14:21.3428305Z shell: /usr/bin/bash -e {0}
2025-08-20T17:14:21.3428537Z env:
2025-08-20T17:14:21.3428737Z   REDIS_URL: redis://localhost:6379/0
2025-08-20T17:14:21.3429003Z   RATE_LIMIT_DEFAULT: 100/minute
2025-08-20T17:14:21.3429235Z   TRUST_X_FORWARDED: 1
2025-08-20T17:14:21.3429426Z   PG_USER: postgres
2025-08-20T17:14:21.3429618Z   PG_PASSWORD: pass
2025-08-20T17:14:21.3429807Z   PG_DATABASE: awa
2025-08-20T17:14:21.3429983Z   PG_HOST: localhost
2025-08-20T17:14:21.3430169Z   PG_PORT: 5432
2025-08-20T17:14:21.3430623Z   PG_SYNC_DSN: ***localhost:5432/awa
2025-08-20T17:14:21.3431006Z   PG_ASYNC_DSN: ***localhost:5432/awa
2025-08-20T17:14:21.3431422Z   DATABASE_URL: ***localhost:5432/awa
2025-08-20T17:14:21.3431929Z   DATA_DIR: /tmp/awa-data
2025-08-20T17:14:21.3432144Z   ENABLE_LIVE: 0
2025-08-20T17:14:21.3432326Z   TESTING: 1
2025-08-20T17:14:21.3432563Z   pythonLocation: /opt/hostedtoolcache/Python/3.12.11/x64
2025-08-20T17:14:21.3432982Z   PKG_CONFIG_PATH: /opt/hostedtoolcache/Python/3.12.11/x64/lib/pkgconfig
2025-08-20T17:14:21.3433383Z   Python_ROOT_DIR: /opt/hostedtoolcache/Python/3.12.11/x64
2025-08-20T17:14:21.3433739Z   Python2_ROOT_DIR: /opt/hostedtoolcache/Python/3.12.11/x64
2025-08-20T17:14:21.3434086Z   Python3_ROOT_DIR: /opt/hostedtoolcache/Python/3.12.11/x64
2025-08-20T17:14:21.3434442Z   LD_LIBRARY_PATH: /opt/hostedtoolcache/Python/3.12.11/x64/lib
2025-08-20T17:14:21.3434740Z ##[endgroup]
2025-08-20T17:14:21.4068746Z localhost:5432 - accepting connections
2025-08-20T17:14:21.4106957Z ##[group]Run psql -h "$PG_HOST" -p "$PG_PORT" -U "$PG_USER" -d "$PG_DATABASE" -c "SELECT 1"
2025-08-20T17:14:21.4107477Z [36;1mpsql -h "$PG_HOST" -p "$PG_PORT" -U "$PG_USER" -d "$PG_DATABASE" -c "SELECT 1"[0m
2025-08-20T17:14:21.4150200Z shell: /usr/bin/bash -e {0}
2025-08-20T17:14:21.4150428Z env:
2025-08-20T17:14:21.4150640Z   REDIS_URL: redis://localhost:6379/0
2025-08-20T17:14:21.4150899Z   RATE_LIMIT_DEFAULT: 100/minute
2025-08-20T17:14:21.4151125Z   TRUST_X_FORWARDED: 1
2025-08-20T17:14:21.4151316Z   PG_USER: postgres
2025-08-20T17:14:21.4151711Z   PG_PASSWORD: pass
2025-08-20T17:14:21.4151937Z   PG_DATABASE: awa
2025-08-20T17:14:21.4152112Z   PG_HOST: localhost
2025-08-20T17:14:21.4152298Z   PG_PORT: 5432
2025-08-20T17:14:21.4152747Z   PG_SYNC_DSN: ***localhost:5432/awa
2025-08-20T17:14:21.4153128Z   PG_ASYNC_DSN: ***localhost:5432/awa
2025-08-20T17:14:21.4153505Z   DATABASE_URL: ***localhost:5432/awa
2025-08-20T17:14:21.4153737Z   DATA_DIR: /tmp/awa-data
2025-08-20T17:14:21.4153976Z   ENABLE_LIVE: 0
2025-08-20T17:14:21.4154145Z   TESTING: 1
2025-08-20T17:14:21.4154381Z   pythonLocation: /opt/hostedtoolcache/Python/3.12.11/x64
2025-08-20T17:14:21.4154785Z   PKG_CONFIG_PATH: /opt/hostedtoolcache/Python/3.12.11/x64/lib/pkgconfig
2025-08-20T17:14:21.4155198Z   Python_ROOT_DIR: /opt/hostedtoolcache/Python/3.12.11/x64
2025-08-20T17:14:21.4155540Z   Python2_ROOT_DIR: /opt/hostedtoolcache/Python/3.12.11/x64
2025-08-20T17:14:21.4155892Z   Python3_ROOT_DIR: /opt/hostedtoolcache/Python/3.12.11/x64
2025-08-20T17:14:21.4156240Z   LD_LIBRARY_PATH: /opt/hostedtoolcache/Python/3.12.11/x64/lib
2025-08-20T17:14:21.4156530Z   PGPASSWORD: pass
2025-08-20T17:14:21.4156722Z ##[endgroup]
2025-08-20T17:14:21.4916760Z  ?column? 
2025-08-20T17:14:21.4917108Z ----------
2025-08-20T17:14:21.4927766Z         1
2025-08-20T17:14:21.4928048Z (1 row)
2025-08-20T17:14:21.4928213Z 
2025-08-20T17:14:21.4956615Z ##[group]Run alembic -c services/api/alembic.ini upgrade head
2025-08-20T17:14:21.4957033Z [36;1malembic -c services/api/alembic.ini upgrade head[0m
2025-08-20T17:14:21.4998411Z shell: /usr/bin/bash -e {0}
2025-08-20T17:14:21.4998645Z env:
2025-08-20T17:14:21.4998851Z   REDIS_URL: redis://localhost:6379/0
2025-08-20T17:14:21.4999300Z   RATE_LIMIT_DEFAULT: 100/minute
2025-08-20T17:14:21.4999529Z   TRUST_X_FORWARDED: 1
2025-08-20T17:14:21.4999740Z   PG_USER: postgres
2025-08-20T17:14:21.4999930Z   PG_PASSWORD: pass
2025-08-20T17:14:21.5000105Z   PG_DATABASE: awa
2025-08-20T17:14:21.5000289Z   PG_HOST: localhost
2025-08-20T17:14:21.5000475Z   PG_PORT: 5432
2025-08-20T17:14:21.5000922Z   PG_SYNC_DSN: ***localhost:5432/awa
2025-08-20T17:14:21.5001352Z   PG_ASYNC_DSN: ***localhost:5432/awa
2025-08-20T17:14:21.5001941Z   DATABASE_URL: ***localhost:5432/awa
2025-08-20T17:14:21.5002181Z   DATA_DIR: /tmp/awa-data
2025-08-20T17:14:21.5002385Z   ENABLE_LIVE: 0
2025-08-20T17:14:21.5002596Z   TESTING: 1
2025-08-20T17:14:21.5002835Z   pythonLocation: /opt/hostedtoolcache/Python/3.12.11/x64
2025-08-20T17:14:21.5003232Z   PKG_CONFIG_PATH: /opt/hostedtoolcache/Python/3.12.11/x64/lib/pkgconfig
2025-08-20T17:14:21.5003617Z   Python_ROOT_DIR: /opt/hostedtoolcache/Python/3.12.11/x64
2025-08-20T17:14:21.5003958Z   Python2_ROOT_DIR: /opt/hostedtoolcache/Python/3.12.11/x64
2025-08-20T17:14:21.5004322Z   Python3_ROOT_DIR: /opt/hostedtoolcache/Python/3.12.11/x64
2025-08-20T17:14:21.5004675Z   LD_LIBRARY_PATH: /opt/hostedtoolcache/Python/3.12.11/x64/lib
2025-08-20T17:14:21.5004963Z ##[endgroup]
2025-08-20T17:14:22.4059099Z INFO  [alembic.runtime.migration] Context impl PostgresqlImpl.
2025-08-20T17:14:22.4059918Z INFO  [alembic.runtime.migration] Will assume transactional DDL.
2025-08-20T17:14:22.4246454Z INFO  [alembic.runtime.migration] Running upgrade  -> 0001_baseline
2025-08-20T17:14:22.4392401Z INFO  [alembic.runtime.migration] Running upgrade 0001_baseline -> 0002_create_roi_view
2025-08-20T17:14:22.4419118Z INFO  [alembic.runtime.migration] Running upgrade 0002_create_roi_view -> 3e9d5c5aff2c
2025-08-20T17:14:22.4597568Z INFO  [alembic.runtime.migration] Running upgrade 3e9d5c5aff2c -> 0003_vendor_prices
2025-08-20T17:14:22.4742414Z INFO  [alembic.runtime.migration] Running upgrade 0003_vendor_prices -> 0004_fee_cron
2025-08-20T17:14:22.4816841Z INFO  [alembic.runtime.migration] Running upgrade 0004_fee_cron -> 0006_fix_roi_views
2025-08-20T17:14:22.4848591Z INFO  [alembic.runtime.migration] Running upgrade 0006_fix_roi_views -> 0020_unified_schema
2025-08-20T17:14:22.4954305Z INFO  [alembic.runtime.migration] Running upgrade 0020_unified_schema -> 0022_fix_roi_view
2025-08-20T17:14:22.5017772Z INFO  [alembic.runtime.migration] Running upgrade 0022_fix_roi_view -> 0023_add_storage_fee
2025-08-20T17:14:22.5057259Z INFO  [alembic.runtime.migration] Running upgrade 0023_add_storage_fee -> 0024_create_buybox
2025-08-20T17:14:22.5078805Z INFO  [alembic.runtime.migration] Running upgrade 0024_create_buybox -> 0025_pr4_indexes_loadlog
2025-08-20T17:14:22.5295710Z INFO  [alembic.runtime.migration] Running upgrade 0025_pr4_indexes_loadlog -> 0026_amazon_new_reports
2025-08-20T17:14:22.6383595Z ##[group]Run python -m mypy services || true
2025-08-20T17:14:22.6383934Z [36;1mpython -m mypy services || true[0m
2025-08-20T17:14:22.6424328Z shell: /usr/bin/bash -e {0}
2025-08-20T17:14:22.6424566Z env:
2025-08-20T17:14:22.6424775Z   REDIS_URL: redis://localhost:6379/0
2025-08-20T17:14:22.6425041Z   RATE_LIMIT_DEFAULT: 100/minute
2025-08-20T17:14:22.6425257Z   TRUST_X_FORWARDED: 1
2025-08-20T17:14:22.6425457Z   PG_USER: postgres
2025-08-20T17:14:22.6425653Z   PG_PASSWORD: pass
2025-08-20T17:14:22.6425839Z   PG_DATABASE: awa
2025-08-20T17:14:22.6426018Z   PG_HOST: localhost
2025-08-20T17:14:22.6426204Z   PG_PORT: 5432
2025-08-20T17:14:22.6426809Z   PG_SYNC_DSN: ***localhost:5432/awa
2025-08-20T17:14:22.6427213Z   PG_ASYNC_DSN: ***localhost:5432/awa
2025-08-20T17:14:22.6427609Z   DATABASE_URL: ***localhost:5432/awa
2025-08-20T17:14:22.6427841Z   DATA_DIR: /tmp/awa-data
2025-08-20T17:14:22.6428046Z   ENABLE_LIVE: 0
2025-08-20T17:14:22.6428226Z   TESTING: 1
2025-08-20T17:14:22.6428495Z   pythonLocation: /opt/hostedtoolcache/Python/3.12.11/x64
2025-08-20T17:14:22.6428888Z   PKG_CONFIG_PATH: /opt/hostedtoolcache/Python/3.12.11/x64/lib/pkgconfig
2025-08-20T17:14:22.6429275Z   Python_ROOT_DIR: /opt/hostedtoolcache/Python/3.12.11/x64
2025-08-20T17:14:22.6429798Z   Python2_ROOT_DIR: /opt/hostedtoolcache/Python/3.12.11/x64
2025-08-20T17:14:22.6430145Z   Python3_ROOT_DIR: /opt/hostedtoolcache/Python/3.12.11/x64
2025-08-20T17:14:22.6430485Z   LD_LIBRARY_PATH: /opt/hostedtoolcache/Python/3.12.11/x64/lib
2025-08-20T17:14:22.6430793Z ##[endgroup]
2025-08-20T17:14:56.0210411Z Success: no issues found in 97 source files
2025-08-20T17:14:56.0610682Z ##[group]Run pytest -q --cov=services --cov-report=xml
2025-08-20T17:14:56.0611084Z [36;1mpytest -q --cov=services --cov-report=xml[0m
2025-08-20T17:14:56.0652321Z shell: /usr/bin/bash -e {0}
2025-08-20T17:14:56.0652558Z env:
2025-08-20T17:14:56.0652775Z   REDIS_URL: redis://localhost:6379/0
2025-08-20T17:14:56.0653047Z   RATE_LIMIT_DEFAULT: 100/minute
2025-08-20T17:14:56.0653260Z   TRUST_X_FORWARDED: 1
2025-08-20T17:14:56.0653456Z   PG_USER: postgres
2025-08-20T17:14:56.0653643Z   PG_PASSWORD: pass
2025-08-20T17:14:56.0653815Z   PG_DATABASE: awa
2025-08-20T17:14:56.0654016Z   PG_HOST: localhost
2025-08-20T17:14:56.0654195Z   PG_PORT: 5432
2025-08-20T17:14:56.0654637Z   PG_SYNC_DSN: ***localhost:5432/awa
2025-08-20T17:14:56.0655047Z   PG_ASYNC_DSN: ***localhost:5432/awa
2025-08-20T17:14:56.0655425Z   DATABASE_URL: ***localhost:5432/awa
2025-08-20T17:14:56.0655662Z   DATA_DIR: /tmp/awa-data
2025-08-20T17:14:56.0655868Z   ENABLE_LIVE: 0
2025-08-20T17:14:56.0656053Z   TESTING: 1
2025-08-20T17:14:56.0656337Z   pythonLocation: /opt/hostedtoolcache/Python/3.12.11/x64
2025-08-20T17:14:56.0656731Z   PKG_CONFIG_PATH: /opt/hostedtoolcache/Python/3.12.11/x64/lib/pkgconfig
2025-08-20T17:14:56.0657123Z   Python_ROOT_DIR: /opt/hostedtoolcache/Python/3.12.11/x64
2025-08-20T17:14:56.0657471Z   Python2_ROOT_DIR: /opt/hostedtoolcache/Python/3.12.11/x64
2025-08-20T17:14:56.0657822Z   Python3_ROOT_DIR: /opt/hostedtoolcache/Python/3.12.11/x64
2025-08-20T17:14:56.0658164Z   LD_LIBRARY_PATH: /opt/hostedtoolcache/Python/3.12.11/x64/lib
2025-08-20T17:14:56.0658457Z ##[endgroup]
2025-08-20T17:15:27.1284425Z ........s.............................sssssss........................... [ 41%]
2025-08-20T17:15:59.1265822Z ........................................................................ [ 83%]
2025-08-20T17:16:00.5822637Z .............................                                            [100%]
2025-08-20T17:16:00.5823382Z =============================== warnings summary ===============================
2025-08-20T17:16:00.5824453Z ../../../../../opt/hostedtoolcache/Python/3.12.11/x64/lib/python3.12/site-packages/pydantic/fields.py:1093
2025-08-20T17:16:00.5827745Z   /opt/hostedtoolcache/Python/3.12.11/x64/lib/python3.12/site-packages/pydantic/fields.py:1093: PydanticDeprecatedSince20: Using extra keyword arguments on `Field` is deprecated and will be removed. Use `json_schema_extra` instead. (Extra keys: 'strip_whitespace'). Deprecated in Pydantic V2.0 to be removed in V3.0. See Pydantic V2 Migration Guide at https://errors.pydantic.dev/2.11/migration/
2025-08-20T17:16:00.5830712Z     warn(
2025-08-20T17:16:00.5830939Z 
2025-08-20T17:16:00.5831116Z services/alert_bot/tests/test_smoke.py:5
2025-08-20T17:16:00.5833314Z   /home/runner/work/AWA-App/AWA-App/services/alert_bot/tests/test_smoke.py:5: UserWarning: pkg_resources is deprecated as an API. See https://setuptools.pypa.io/en/latest/pkg_resources.html. The pkg_resources package is slated for removal as early as 2025-11-30. Refrain from using this package or pin to Setuptools<81.
2025-08-20T17:16:00.5835256Z     import pkg_resources  # noqa: F401
2025-08-20T17:16:00.5835542Z 
2025-08-20T17:16:00.5835738Z tests/api/test_ingest_endpoints.py: 12 warnings
2025-08-20T17:16:00.5836236Z tests/ingest/test_tasks_eager.py: 3 warnings
2025-08-20T17:16:00.5836691Z tests/test_api_fast.py: 1 warning
2025-08-20T17:16:00.5837108Z tests/test_health.py: 5 warnings
2025-08-20T17:16:00.5837372Z tests/test_smoke.py: 5 warnings
2025-08-20T17:16:00.5837635Z services/api/tests/test_cors.py: 1 warning
2025-08-20T17:16:00.5837959Z services/api/tests/test_errors_json.py: 2 warnings
2025-08-20T17:16:00.5838622Z services/api/tests/test_health.py: 1 warning
2025-08-20T17:16:00.5838945Z services/api/tests/test_rate_limit.py: 122 warnings
2025-08-20T17:16:00.5839301Z services/api/tests/test_roi_basic_auth.py: 4 warnings
2025-08-20T17:16:00.5839655Z services/api/tests/test_sentry_event.py: 1 warning
2025-08-20T17:16:00.5840011Z services/api/tests/test_stats_contracts.py: 3 warnings
2025-08-20T17:16:00.5840633Z services/api/tests/test_stats_future_contracts.py: 3 warnings
2025-08-20T17:16:00.5841112Z Sentry is attempting to send 0 pending events
2025-08-20T17:16:00.5841422Z Waiting up to True seconds
2025-08-20T17:16:00.5841977Z Press Ctrl-C to quit
2025-08-20T17:16:00.5843290Z   /opt/hostedtoolcache/Python/3.12.11/x64/lib/python3.12/site-packages/asgi_correlation_id/extensions/sentry.py:27: DeprecationWarning: sentry_sdk.configure_scope is deprecated and will be removed in the next major version. Please consult our migration guide to learn how to migrate to the new API: https://docs.sentry.io/platforms/python/migration/1.x-to-2.x#scope-configuring
2025-08-20T17:16:00.5844589Z     with configure_scope() as scope:
2025-08-20T17:16:00.5844759Z 
2025-08-20T17:16:00.5844872Z tests/api/test_ingest_endpoints.py: 3 warnings
2025-08-20T17:16:00.5845145Z tests/test_api_fast.py: 1 warning
2025-08-20T17:16:00.5845374Z tests/test_health.py: 5 warnings
2025-08-20T17:16:00.5845611Z tests/test_smoke.py: 5 warnings
2025-08-20T17:16:00.5845850Z services/api/tests/test_cors.py: 3 warnings
2025-08-20T17:16:00.5846134Z services/api/tests/test_errors_json.py: 2 warnings
2025-08-20T17:16:00.5846432Z services/api/tests/test_health.py: 1 warning
2025-08-20T17:16:00.5846719Z services/api/tests/test_rate_limit.py: 2 warnings
2025-08-20T17:16:00.5847016Z services/api/tests/test_sentry_event.py: 1 warning
2025-08-20T17:16:00.5847333Z services/api/tests/test_stats_contracts.py: 3 warnings
2025-08-20T17:16:00.5847687Z services/api/tests/test_stats_future_contracts.py: 1 warning
2025-08-20T17:16:00.5848559Z   /opt/hostedtoolcache/Python/3.12.11/x64/lib/python3.12/site-packages/fastapi_limiter/__init__.py:89: DeprecationWarning: Call to deprecated close. (Use aclose() instead) -- Deprecated since version 5.0.1.
2025-08-20T17:16:00.5849313Z     await cls.redis.close()
2025-08-20T17:16:00.5849456Z 
2025-08-20T17:16:00.5849598Z tests/test_api_fast.py::test_health_endpoint
2025-08-20T17:16:00.5850566Z   /home/runner/work/AWA-App/AWA-App/tests/test_api_fast.py:13: DeprecationWarning: datetime.datetime.utcnow() is deprecated and scheduled for removal in a future version. Use timezone-aware objects to represent datetimes in UTC: datetime.datetime.now(datetime.UTC).
2025-08-20T17:16:00.5851725Z     return datetime.datetime.utcnow()
2025-08-20T17:16:00.5851913Z 
2025-08-20T17:16:00.5852000Z tests/test_api_fast.py: 1 warning
2025-08-20T17:16:00.5852236Z tests/test_health.py: 5 warnings
2025-08-20T17:16:00.5852463Z tests/test_smoke.py: 5 warnings
2025-08-20T17:16:00.5852695Z services/api/tests/test_cors.py: 1 warning
2025-08-20T17:16:00.5852971Z services/api/tests/test_health.py: 1 warning
2025-08-20T17:16:00.5853261Z services/api/tests/test_rate_limit.py: 102 warnings
2025-08-20T17:16:00.5854274Z   /home/runner/work/AWA-App/AWA-App/services/api/routes/health.py:24: DeprecationWarning: datetime.datetime.utcnow() is deprecated and scheduled for removal in a future version. Use timezone-aware objects to represent datetimes in UTC: datetime.datetime.now(datetime.UTC).
2025-08-20T17:16:00.5855289Z     app_now = datetime.utcnow().replace(tzinfo=timezone.utc)
2025-08-20T17:16:00.5855508Z 
2025-08-20T17:16:00.5855603Z tests/test_health.py::test_health[0]
2025-08-20T17:16:00.5855849Z tests/test_health.py::test_health[1]
2025-08-20T17:16:00.5856088Z tests/test_health.py::test_health[2]
2025-08-20T17:16:00.5856462Z tests/test_health.py::test_health[3]
2025-08-20T17:16:00.5856698Z tests/test_health.py::test_health[4]
2025-08-20T17:16:00.5857651Z   /home/runner/work/AWA-App/AWA-App/tests/test_health.py:22: DeprecationWarning: datetime.datetime.utcnow() is deprecated and scheduled for removal in a future version. Use timezone-aware objects to represent datetimes in UTC: datetime.datetime.now(datetime.UTC).
2025-08-20T17:16:00.5858769Z     return datetime.datetime.utcnow()
2025-08-20T17:16:00.5858934Z 
2025-08-20T17:16:00.5859026Z tests/test_smoke.py::test_health[0]
2025-08-20T17:16:00.5859269Z tests/test_smoke.py::test_health[1]
2025-08-20T17:16:00.5859624Z tests/test_smoke.py::test_health[2]
2025-08-20T17:16:00.5859857Z tests/test_smoke.py::test_health[3]
2025-08-20T17:16:00.5860091Z tests/test_smoke.py::test_health[4]
2025-08-20T17:16:00.5860995Z   /home/runner/work/AWA-App/AWA-App/tests/test_smoke.py:32: DeprecationWarning: datetime.datetime.utcnow() is deprecated and scheduled for removal in a future version. Use timezone-aware objects to represent datetimes in UTC: datetime.datetime.now(datetime.UTC).
2025-08-20T17:16:00.5862176Z     return datetime.datetime.utcnow()
2025-08-20T17:16:00.5862344Z 
2025-08-20T17:16:00.5862499Z services/api/tests/test_cors.py::test_cors_simple_get_allowed
2025-08-20T17:16:00.5863551Z   /home/runner/work/AWA-App/AWA-App/services/api/tests/test_cors.py:27: DeprecationWarning: datetime.datetime.utcnow() is deprecated and scheduled for removal in a future version. Use timezone-aware objects to represent datetimes in UTC: datetime.datetime.now(datetime.UTC).
2025-08-20T17:16:00.5864538Z     return datetime.datetime.utcnow()
2025-08-20T17:16:00.5864707Z 
2025-08-20T17:16:00.5864838Z services/api/tests/test_health.py::test_health_route
2025-08-20T17:16:00.5865854Z   /home/runner/work/AWA-App/AWA-App/services/api/tests/test_health.py:14: DeprecationWarning: datetime.datetime.utcnow() is deprecated and scheduled for removal in a future version. Use timezone-aware objects to represent datetimes in UTC: datetime.datetime.now(datetime.UTC).
2025-08-20T17:16:00.5866842Z     return datetime.datetime.utcnow()
2025-08-20T17:16:00.5867008Z 
2025-08-20T17:16:00.5867121Z services/api/tests/test_rate_limit.py: 102 warnings
2025-08-20T17:16:00.5868139Z   /home/runner/work/AWA-App/AWA-App/services/api/tests/test_rate_limit.py:33: DeprecationWarning: datetime.datetime.utcnow() is deprecated and scheduled for removal in a future version. Use timezone-aware objects to represent datetimes in UTC: datetime.datetime.now(datetime.UTC).
2025-08-20T17:16:00.5869127Z     return datetime.datetime.utcnow()
2025-08-20T17:16:00.5869286Z 
2025-08-20T17:16:00.5869518Z services/api/tests/test_sentry_event.py::test_unhandled_exception_is_captured_and_tagged
2025-08-20T17:16:00.5870821Z   /home/runner/work/AWA-App/AWA-App/services/api/tests/test_sentry_event.py:47: SentryHubDeprecationWarning: `sentry_sdk.Hub` is deprecated and will be removed in a future major release. Please consult our 1.x to 2.x migration guide for details on how to migrate `Hub` usage to the new API: https://docs.sentry.io/platforms/python/migration/1.x-to-2.x
2025-08-20T17:16:00.5872131Z     hub = sentry_sdk.Hub.current
2025-08-20T17:16:00.5872280Z 
2025-08-20T17:16:00.5872475Z -- Docs: https://docs.pytest.org/en/stable/how-to/capture-warnings.html
2025-08-20T17:16:00.5872860Z ================================ tests coverage ================================
2025-08-20T17:16:00.5873229Z _______________ coverage: platform linux, python 3.12.11-final-0 _______________
2025-08-20T17:16:00.5873481Z 
2025-08-20T17:16:00.5873578Z Coverage XML written to file coverage.xml
2025-08-20T17:16:01.1353242Z ##[group]Run actions/upload-artifact@v4
2025-08-20T17:16:01.1353545Z with:
2025-08-20T17:16:01.1353709Z   name: coverage
2025-08-20T17:16:01.1353896Z   path: coverage.xml
2025-08-20T17:16:01.1354094Z   if-no-files-found: warn
2025-08-20T17:16:01.1354301Z   compression-level: 6
2025-08-20T17:16:01.1354491Z   overwrite: false
2025-08-20T17:16:01.1354680Z   include-hidden-files: false
2025-08-20T17:16:01.1354906Z env:
2025-08-20T17:16:01.1355106Z   REDIS_URL: redis://localhost:6379/0
2025-08-20T17:16:01.1355349Z   RATE_LIMIT_DEFAULT: 100/minute
2025-08-20T17:16:01.1355568Z   TRUST_X_FORWARDED: 1
2025-08-20T17:16:01.1355974Z   PG_USER: postgres
2025-08-20T17:16:01.1356152Z   PG_PASSWORD: pass
2025-08-20T17:16:01.1356335Z   PG_DATABASE: awa
2025-08-20T17:16:01.1356511Z   PG_HOST: localhost
2025-08-20T17:16:01.1356695Z   PG_PORT: 5432
2025-08-20T17:16:01.1357128Z   PG_SYNC_DSN: ***localhost:5432/awa
2025-08-20T17:16:01.1357529Z   PG_ASYNC_DSN: ***localhost:5432/awa
2025-08-20T17:16:01.1357946Z   DATABASE_URL: ***localhost:5432/awa
2025-08-20T17:16:01.1358175Z   DATA_DIR: /tmp/awa-data
2025-08-20T17:16:01.1358374Z   ENABLE_LIVE: 0
2025-08-20T17:16:01.1358546Z   TESTING: 1
2025-08-20T17:16:01.1358775Z   pythonLocation: /opt/hostedtoolcache/Python/3.12.11/x64
2025-08-20T17:16:01.1359160Z   PKG_CONFIG_PATH: /opt/hostedtoolcache/Python/3.12.11/x64/lib/pkgconfig
2025-08-20T17:16:01.1359538Z   Python_ROOT_DIR: /opt/hostedtoolcache/Python/3.12.11/x64
2025-08-20T17:16:01.1359876Z   Python2_ROOT_DIR: /opt/hostedtoolcache/Python/3.12.11/x64
2025-08-20T17:16:01.1360214Z   Python3_ROOT_DIR: /opt/hostedtoolcache/Python/3.12.11/x64
2025-08-20T17:16:01.1360567Z   LD_LIBRARY_PATH: /opt/hostedtoolcache/Python/3.12.11/x64/lib
2025-08-20T17:16:01.1360851Z ##[endgroup]
2025-08-20T17:16:01.3520769Z With the provided path, there will be 1 file uploaded
2025-08-20T17:16:01.3526216Z Artifact name is valid!
2025-08-20T17:16:01.3527472Z Root directory input is valid!
2025-08-20T17:18:01.4143257Z Attempt 1 of 5 failed with error: Unexpected token '<', "<!DOCTYPE "... is not valid JSON. Retrying request in 3000 ms...
2025-08-20T17:18:04.4915178Z Beginning upload of artifact content to blob storage
2025-08-20T17:18:04.5752704Z Uploaded bytes 5325
2025-08-20T17:18:04.5984079Z Finished uploading artifact content to blob storage!
2025-08-20T17:18:04.5987233Z SHA256 digest of uploaded artifact zip is 14b9c459475e6f72c93fdcd74ac99ea4131b6e417531fbcaf8c6b57aeca3e972
2025-08-20T17:18:04.5989254Z Finalizing artifact upload
2025-08-20T17:18:04.7026588Z Artifact coverage.zip successfully finalized. Artifact ID 3811331344
2025-08-20T17:18:04.7027640Z Artifact coverage has been successfully uploaded! Final size is 5325 bytes. Artifact ID is 3811331344
2025-08-20T17:18:04.7035848Z Artifact download URL: https://github.com/AlexBomber12/AWA-App/actions/runs/17105412130/artifacts/3811331344
2025-08-20T17:18:04.7204555Z Post job cleanup.
2025-08-20T17:18:04.8758608Z Cache hit occurred on the primary key setup-python-Linux-x64-24.04-Ubuntu-python-3.12.11-pip-29fc3204f837bce43d81586a404709764a9accd1f738d0c33a52a32bf7a0c312, not saving cache.
2025-08-20T17:18:04.8859517Z Post job cleanup.
2025-08-20T17:18:04.9796836Z [command]/usr/bin/git version
2025-08-20T17:18:04.9833384Z git version 2.50.1
2025-08-20T17:18:04.9884480Z Temporarily overriding HOME='/home/runner/work/_temp/ed724ed8-a3c8-4aeb-93ae-05bc457b1541' before making global git config changes
2025-08-20T17:18:04.9885781Z Adding repository directory to the temporary git global config as a safe directory
2025-08-20T17:18:04.9890644Z [command]/usr/bin/git config --global --add safe.directory /home/runner/work/AWA-App/AWA-App
2025-08-20T17:18:04.9926679Z [command]/usr/bin/git config --local --name-only --get-regexp core\.sshCommand
2025-08-20T17:18:04.9958550Z [command]/usr/bin/git submodule foreach --recursive sh -c "git config --local --name-only --get-regexp 'core\.sshCommand' && git config --local --unset-all 'core.sshCommand' || :"
2025-08-20T17:18:05.0204357Z [command]/usr/bin/git config --local --name-only --get-regexp http\.https\:\/\/github\.com\/\.extraheader
2025-08-20T17:18:05.0229987Z http.https://github.com/.extraheader
2025-08-20T17:18:05.0243572Z [command]/usr/bin/git config --local --unset-all http.https://github.com/.extraheader
2025-08-20T17:18:05.0277239Z [command]/usr/bin/git submodule foreach --recursive sh -c "git config --local --name-only --get-regexp 'http\.https\:\/\/github\.com\/\.extraheader' && git config --local --unset-all 'http.https://github.com/.extraheader' || :"
2025-08-20T17:18:05.0636354Z Print service container logs: d3ab54453c064e37a6ab9290b43dd3ed_postgres15_cc06f6
2025-08-20T17:18:05.0640796Z ##[command]/usr/bin/docker logs --details 4787ad10b7af383d73b2dbaec7624905b958416db0375de2e3960aa0c3434d77
2025-08-20T17:18:05.0766584Z  The files belonging to this database system will be owned by user "postgres".
2025-08-20T17:18:05.0769115Z  initdb: warning: enabling "trust" authentication for local connections
2025-08-20T17:18:05.0770197Z  initdb: hint: You can change this by editing pg_hba.conf or using the option -A, or --auth-local and --auth-host, the next time you run initdb.
2025-08-20T17:18:05.0771100Z  This user must also own the server process.
2025-08-20T17:18:05.0771770Z  
2025-08-20T17:18:05.0772135Z  The database cluster will be initialized with locale "en_US.utf8".
2025-08-20T17:18:05.0772569Z  The default database encoding has accordingly been set to "UTF8".
2025-08-20T17:18:05.0772970Z  The default text search configuration will be set to "english".
2025-08-20T17:18:05.0773331Z  
2025-08-20T17:18:05.0773514Z  Data page checksums are disabled.
2025-08-20T17:18:05.0773757Z  
2025-08-20T17:18:05.0774028Z  fixing permissions on existing directory /var/lib/postgresql/data ... ok
2025-08-20T17:18:05.0774397Z  creating subdirectories ... ok
2025-08-20T17:18:05.0774688Z  selecting dynamic shared memory implementation ... posix
2025-08-20T17:18:05.0775009Z  selecting default max_connections ... 100
2025-08-20T17:18:05.0775283Z  selecting default shared_buffers ... 128MB
2025-08-20T17:18:05.0775543Z  selecting default time zone ... Etc/UTC
2025-08-20T17:18:05.0775801Z  creating configuration files ... ok
2025-08-20T17:18:05.0776053Z  running bootstrap script ... ok
2025-08-20T17:18:05.0776327Z  performing post-bootstrap initialization ... ok
2025-08-20T17:18:05.0776601Z  syncing data to disk ... ok
2025-08-20T17:18:05.0776807Z  
2025-08-20T17:18:05.0776956Z  
2025-08-20T17:18:05.0777164Z  Success. You can now start the database server using:
2025-08-20T17:18:05.0777441Z  
2025-08-20T17:18:05.0777663Z      pg_ctl -D /var/lib/postgresql/data -l logfile start
2025-08-20T17:18:05.0777940Z  
2025-08-20T17:18:05.0778501Z  waiting for server to start....2025-08-20 17:13:35.977 UTC [48] LOG:  starting PostgreSQL 15.14 (Debian 15.14-1.pgdg13+1) on x86_64-pc-linux-gnu, compiled by gcc (Debian 14.2.0-19) 14.2.0, 64-bit
2025-08-20T17:18:05.0779275Z  2025-08-20 17:13:35.978 UTC [48] LOG:  listening on Unix socket "/var/run/postgresql/.s.PGSQL.5432"
2025-08-20T17:18:05.0779772Z  2025-08-20 17:13:35.981 UTC [51] LOG:  database system was shut down at 2025-08-20 17:13:35 UTC
2025-08-20T17:18:05.0780216Z  2025-08-20 17:13:35.985 UTC [48] LOG:  database system is ready to accept connections
2025-08-20T17:18:05.0780535Z   done
2025-08-20T17:18:05.0780698Z  server started
2025-08-20T17:18:05.0780876Z  CREATE DATABASE
2025-08-20T17:18:05.0781049Z  
2025-08-20T17:18:05.0781196Z  
2025-08-20T17:18:05.0781493Z  /usr/local/bin/docker-entrypoint.sh: ignoring /docker-entrypoint-initdb.d/*
2025-08-20T17:18:05.0782149Z  
2025-08-20T17:18:05.0782390Z  2025-08-20 17:13:36.198 UTC [48] LOG:  received fast shutdown request
2025-08-20T17:18:05.0782859Z  waiting for server to shut down....2025-08-20 17:13:36.199 UTC [48] LOG:  aborting any active transactions
2025-08-20T17:18:05.0783877Z  2025-08-20 17:13:36.200 UTC [48] LOG:  background worker "logical replication launcher" (PID 54) exited with exit code 1
2025-08-20T17:18:05.0784621Z  2025-08-20 17:13:36.201 UTC [49] LOG:  shutting down
2025-08-20T17:18:05.0785573Z  2025-08-20 17:13:36.320 UTC [1] LOG:  starting PostgreSQL 15.14 (Debian 15.14-1.pgdg13+1) on x86_64-pc-linux-gnu, compiled by gcc (Debian 14.2.0-19) 14.2.0, 64-bit
2025-08-20T17:18:05.0786203Z  2025-08-20 17:13:36.320 UTC [1] LOG:  listening on IPv4 address "0.0.0.0", port 5432
2025-08-20T17:18:05.0786615Z  2025-08-20 17:13:36.320 UTC [1] LOG:  listening on IPv6 address "::", port 5432
2025-08-20T17:18:05.0787343Z  2025-08-20 17:13:36.321 UTC [1] LOG:  listening on Unix socket "/var/run/postgresql/.s.PGSQL.5432"
2025-08-20T17:18:05.0787842Z  2025-08-20 17:13:36.324 UTC [64] LOG:  database system was shut down at 2025-08-20 17:13:36 UTC
2025-08-20T17:18:05.0788433Z  2025-08-20 17:13:36.328 UTC [1] LOG:  database system is ready to accept connections
2025-08-20T17:18:05.0788844Z  2025-08-20 17:13:36.201 UTC [49] LOG:  checkpoint starting: shutdown immediate
2025-08-20T17:18:05.0789674Z  2025-08-20 17:13:36.223 UTC [49] LOG:  checkpoint complete: wrote 922 buffers (5.6%); 0 WAL file(s) added, 0 removed, 0 recycled; write=0.020 s, sync=0.002 s, total=0.023 s; sync files=301, longest=0.001 s, average=0.001 s; distance=4239 kB, estimate=4239 kB
2025-08-20T17:18:05.0790488Z  2025-08-20 17:13:36.231 UTC [48] LOG:  database system is shut down
2025-08-20T17:18:05.0790778Z   done
2025-08-20T17:18:05.0790946Z  server stopped
2025-08-20T17:18:05.0791124Z  
2025-08-20T17:18:05.0791342Z  PostgreSQL init process complete; ready for start up.
2025-08-20T17:18:05.0791853Z  
2025-08-20T17:18:05.0797256Z Stop and remove container: d3ab54453c064e37a6ab9290b43dd3ed_postgres15_cc06f6
2025-08-20T17:18:05.0802504Z ##[command]/usr/bin/docker rm --force 4787ad10b7af383d73b2dbaec7624905b958416db0375de2e3960aa0c3434d77
2025-08-20T17:18:05.1943121Z 4787ad10b7af383d73b2dbaec7624905b958416db0375de2e3960aa0c3434d77
2025-08-20T17:18:05.1966447Z Print service container logs: ac932701d5be44e99a65b63ca3379be2_redis7alpine_93554e
2025-08-20T17:18:05.1967576Z ##[command]/usr/bin/docker logs --details 72390e64405164be6944c9cf5865fad41828c3d654e5b75e509570fddbfec298
2025-08-20T17:18:05.2093949Z  1:C 20 Aug 2025 17:13:36.406 # WARNING Memory overcommit must be enabled! Without it, a background save or replication may fail under low memory condition. Being disabled, it can also cause failures without low memory condition, see https://github.com/jemalloc/jemalloc/issues/1328. To fix this issue add 'vm.overcommit_memory = 1' to /etc/sysctl.conf and then reboot or run the command 'sysctl vm.overcommit_memory=1' for this to take effect.
2025-08-20T17:18:05.2096549Z  1:C 20 Aug 2025 17:13:36.407 * oO0OoO0OoO0Oo Redis is starting oO0OoO0OoO0Oo
2025-08-20T17:18:05.2097351Z  1:C 20 Aug 2025 17:13:36.407 * Redis version=7.4.5, bits=64, commit=00000000, modified=0, pid=1, just started
2025-08-20T17:18:05.2098537Z  1:C 20 Aug 2025 17:13:36.407 # Warning: no config file specified, using the default config. In order to specify a config file use redis-server /path/to/redis.conf
2025-08-20T17:18:05.2099527Z  1:M 20 Aug 2025 17:13:36.407 * monotonic clock: POSIX clock_gettime
2025-08-20T17:18:05.2100083Z  1:M 20 Aug 2025 17:13:36.407 * Running mode=standalone, port=6379.
2025-08-20T17:18:05.2100584Z  1:M 20 Aug 2025 17:13:36.408 * Server initialized
2025-08-20T17:18:05.2101098Z  1:M 20 Aug 2025 17:13:36.408 * Ready to accept connections tcp
2025-08-20T17:18:05.2110807Z Stop and remove container: ac932701d5be44e99a65b63ca3379be2_redis7alpine_93554e
2025-08-20T17:18:05.2111915Z ##[command]/usr/bin/docker rm --force 72390e64405164be6944c9cf5865fad41828c3d654e5b75e509570fddbfec298
2025-08-20T17:18:05.3298163Z 72390e64405164be6944c9cf5865fad41828c3d654e5b75e509570fddbfec298
2025-08-20T17:18:05.3319818Z Remove container network: github_network_1dfc43679e8d49d18d7e0d03e4e21f8d
2025-08-20T17:18:05.3325542Z ##[command]/usr/bin/docker network rm github_network_1dfc43679e8d49d18d7e0d03e4e21f8d
2025-08-20T17:18:05.4602729Z github_network_1dfc43679e8d49d18d7e0d03e4e21f8d
2025-08-20T17:18:05.4669015Z Cleaning up orphan processes
