2025-08-23T11:50:51.2292063Z Current runner version: '2.328.0'
2025-08-23T11:50:51.2325317Z ##[group]Runner Image Provisioner
2025-08-23T11:50:51.2326529Z Hosted Compute Agent
2025-08-23T11:50:51.2327945Z Version: 20250818.377
2025-08-23T11:50:51.2329059Z Commit: 3c593e9f75fe0b87e893bca80d6e12ba089c61fc
2025-08-23T11:50:51.2330337Z Build Date: 2025-08-18T14:52:18Z
2025-08-23T11:50:51.2331391Z ##[endgroup]
2025-08-23T11:50:51.2332261Z ##[group]Operating System
2025-08-23T11:50:51.2333175Z Ubuntu
2025-08-23T11:50:51.2333882Z 24.04.2
2025-08-23T11:50:51.2334738Z LTS
2025-08-23T11:50:51.2335447Z ##[endgroup]
2025-08-23T11:50:51.2336324Z ##[group]Runner Image
2025-08-23T11:50:51.2337669Z Image: ubuntu-24.04
2025-08-23T11:50:51.2338513Z Version: 20250818.1.0
2025-08-23T11:50:51.2340334Z Included Software: https://github.com/actions/runner-images/blob/ubuntu24/20250818.1/images/ubuntu/Ubuntu2404-Readme.md
2025-08-23T11:50:51.2343039Z Image Release: https://github.com/actions/runner-images/releases/tag/ubuntu24%2F20250818.1
2025-08-23T11:50:51.2344820Z ##[endgroup]
2025-08-23T11:50:51.2349380Z ##[group]GITHUB_TOKEN Permissions
2025-08-23T11:50:51.2352397Z Actions: write
2025-08-23T11:50:51.2353272Z Attestations: write
2025-08-23T11:50:51.2354149Z Checks: write
2025-08-23T11:50:51.2355083Z Contents: write
2025-08-23T11:50:51.2355905Z Deployments: write
2025-08-23T11:50:51.2356709Z Discussions: write
2025-08-23T11:50:51.2357976Z Issues: write
2025-08-23T11:50:51.2358774Z Metadata: read
2025-08-23T11:50:51.2359639Z Models: read
2025-08-23T11:50:51.2360579Z Packages: write
2025-08-23T11:50:51.2361468Z Pages: write
2025-08-23T11:50:51.2362226Z PullRequests: write
2025-08-23T11:50:51.2363314Z RepositoryProjects: write
2025-08-23T11:50:51.2364267Z SecurityEvents: write
2025-08-23T11:50:51.2365428Z Statuses: write
2025-08-23T11:50:51.2366320Z ##[endgroup]
2025-08-23T11:50:51.2370089Z Secret source: Actions
2025-08-23T11:50:51.2371576Z Prepare workflow directory
2025-08-23T11:50:51.3000891Z Prepare all required actions
2025-08-23T11:50:51.3057470Z Getting action download info
2025-08-23T11:50:51.5591627Z Download action repository 'actions/checkout@v5' (SHA:08c6903cd8c0fde910a37f88322edcfb5dd907a8)
2025-08-23T11:50:51.6465387Z Download action repository 'actions/setup-python@v5' (SHA:a26af69be951a213d495a4c3e4e4022e16d87065)
2025-08-23T11:50:51.7564449Z Download action repository 'actions/upload-artifact@v4' (SHA:ea165f8d65b6e75b540449e92b4886f43607fa02)
2025-08-23T11:50:51.9678160Z Complete job name: unit
2025-08-23T11:50:52.0152391Z ##[group]Checking docker version
2025-08-23T11:50:52.0165180Z ##[command]/usr/bin/docker version --format '{{.Server.APIVersion}}'
2025-08-23T11:50:52.1012285Z '1.48'
2025-08-23T11:50:52.1023276Z Docker daemon API version: '1.48'
2025-08-23T11:50:52.1024010Z ##[command]/usr/bin/docker version --format '{{.Client.APIVersion}}'
2025-08-23T11:50:52.1175411Z '1.48'
2025-08-23T11:50:52.1188809Z Docker client API version: '1.48'
2025-08-23T11:50:52.1193982Z ##[endgroup]
2025-08-23T11:50:52.1196826Z ##[group]Clean up resources from previous jobs
2025-08-23T11:50:52.1202430Z ##[command]/usr/bin/docker ps --all --quiet --no-trunc --filter "label=904063"
2025-08-23T11:50:52.1332676Z ##[command]/usr/bin/docker network prune --force --filter "label=904063"
2025-08-23T11:50:52.1493059Z ##[endgroup]
2025-08-23T11:50:52.1493580Z ##[group]Create local container network
2025-08-23T11:50:52.1504006Z ##[command]/usr/bin/docker network create --label 904063 github_network_76b3ff1f57504fe18fae448e4141e4d0
2025-08-23T11:50:52.1973386Z e59ef3b6ec428b7690f4192d4b4967f8e385f4f854423a72065df43ce4a0de46
2025-08-23T11:50:52.1991675Z ##[endgroup]
2025-08-23T11:50:52.2014477Z ##[group]Starting postgres service container
2025-08-23T11:50:52.2033648Z ##[command]/usr/bin/docker pull postgres:15
2025-08-23T11:50:52.4453307Z 15: Pulling from library/postgres
2025-08-23T11:50:52.4941685Z 396b1da7636e: Pulling fs layer
2025-08-23T11:50:52.4942758Z fca2566eba32: Pulling fs layer
2025-08-23T11:50:52.4943631Z 631fe8c6d606: Pulling fs layer
2025-08-23T11:50:52.4944415Z 77c7671c4414: Pulling fs layer
2025-08-23T11:50:52.4945475Z 2d9e29180a27: Pulling fs layer
2025-08-23T11:50:52.4946040Z c6bcc2c9a041: Pulling fs layer
2025-08-23T11:50:52.4946518Z ac4b721eb66f: Pulling fs layer
2025-08-23T11:50:52.4947203Z 606bd164980e: Pulling fs layer
2025-08-23T11:50:52.4947687Z f5dfd246bc6e: Pulling fs layer
2025-08-23T11:50:52.4948154Z ba7036bb0a60: Pulling fs layer
2025-08-23T11:50:52.4948623Z 799f859abbbd: Pulling fs layer
2025-08-23T11:50:52.4949122Z d903e777080c: Pulling fs layer
2025-08-23T11:50:52.4949644Z 04adcb462801: Pulling fs layer
2025-08-23T11:50:52.4950157Z 5c10925b29ff: Pulling fs layer
2025-08-23T11:50:52.4950623Z 77c7671c4414: Waiting
2025-08-23T11:50:52.4951033Z 2d9e29180a27: Waiting
2025-08-23T11:50:52.4951498Z c6bcc2c9a041: Waiting
2025-08-23T11:50:52.4951905Z f5dfd246bc6e: Waiting
2025-08-23T11:50:52.4952304Z ba7036bb0a60: Waiting
2025-08-23T11:50:52.4952749Z ac4b721eb66f: Waiting
2025-08-23T11:50:52.4953155Z 799f859abbbd: Waiting
2025-08-23T11:50:52.4953558Z 606bd164980e: Waiting
2025-08-23T11:50:52.4953960Z d903e777080c: Waiting
2025-08-23T11:50:52.4954360Z 04adcb462801: Waiting
2025-08-23T11:50:52.4954763Z 5c10925b29ff: Waiting
2025-08-23T11:50:52.5610059Z fca2566eba32: Download complete
2025-08-23T11:50:52.6074973Z 631fe8c6d606: Verifying Checksum
2025-08-23T11:50:52.6591639Z 77c7671c4414: Verifying Checksum
2025-08-23T11:50:52.6595019Z 77c7671c4414: Download complete
2025-08-23T11:50:52.6810307Z 396b1da7636e: Verifying Checksum
2025-08-23T11:50:52.6811603Z 396b1da7636e: Download complete
2025-08-23T11:50:52.7128108Z 2d9e29180a27: Verifying Checksum
2025-08-23T11:50:52.7129507Z 2d9e29180a27: Download complete
2025-08-23T11:50:52.7311208Z ac4b721eb66f: Download complete
2025-08-23T11:50:52.7539964Z c6bcc2c9a041: Verifying Checksum
2025-08-23T11:50:52.7541467Z c6bcc2c9a041: Download complete
2025-08-23T11:50:52.7682267Z 606bd164980e: Download complete
2025-08-23T11:50:52.8170402Z ba7036bb0a60: Verifying Checksum
2025-08-23T11:50:52.8172275Z ba7036bb0a60: Download complete
2025-08-23T11:50:52.8243093Z 799f859abbbd: Verifying Checksum
2025-08-23T11:50:52.8247271Z 799f859abbbd: Download complete
2025-08-23T11:50:52.8728425Z d903e777080c: Verifying Checksum
2025-08-23T11:50:52.8730764Z d903e777080c: Download complete
2025-08-23T11:50:52.8842705Z 04adcb462801: Verifying Checksum
2025-08-23T11:50:52.8843988Z 04adcb462801: Download complete
2025-08-23T11:50:52.9234420Z 5c10925b29ff: Verifying Checksum
2025-08-23T11:50:52.9236179Z 5c10925b29ff: Download complete
2025-08-23T11:50:53.6325954Z f5dfd246bc6e: Verifying Checksum
2025-08-23T11:50:53.6327788Z f5dfd246bc6e: Download complete
2025-08-23T11:50:53.6884582Z 396b1da7636e: Pull complete
2025-08-23T11:50:53.9605177Z fca2566eba32: Pull complete
2025-08-23T11:50:54.1324441Z 631fe8c6d606: Pull complete
2025-08-23T11:50:54.1781349Z 77c7671c4414: Pull complete
2025-08-23T11:50:54.4840674Z 2d9e29180a27: Pull complete
2025-08-23T11:50:54.5652714Z c6bcc2c9a041: Pull complete
2025-08-23T11:50:54.5764030Z ac4b721eb66f: Pull complete
2025-08-23T11:50:54.5916705Z 606bd164980e: Pull complete
2025-08-23T11:50:57.4745715Z f5dfd246bc6e: Pull complete
2025-08-23T11:50:57.4940803Z ba7036bb0a60: Pull complete
2025-08-23T11:50:57.5078938Z 799f859abbbd: Pull complete
2025-08-23T11:50:57.5225618Z d903e777080c: Pull complete
2025-08-23T11:50:57.5367307Z 04adcb462801: Pull complete
2025-08-23T11:50:57.5482011Z 5c10925b29ff: Pull complete
2025-08-23T11:50:57.5524182Z Digest: sha256:bc51cf4f1fe02cce7ed2370b20128a9b00b4eb804573a77d2a0d877aaa9c82b1
2025-08-23T11:50:57.5541225Z Status: Downloaded newer image for postgres:15
2025-08-23T11:50:57.5551656Z docker.io/library/postgres:15
2025-08-23T11:50:57.5610306Z ##[command]/usr/bin/docker create --name fbacf2f6124e4771880688b517ecf27f_postgres15_aa0af1 --label 904063 --network github_network_76b3ff1f57504fe18fae448e4141e4d0 --network-alias postgres -p 5432:5432 --health-cmd="pg_isready -U postgres -d awa" --health-interval=5s --health-timeout=5s --health-retries=10 -e "POSTGRES_USER=postgres" -e "POSTGRES_PASSWORD=pass" -e "POSTGRES_DB=awa" -e GITHUB_ACTIONS=true -e CI=true postgres:15
2025-08-23T11:50:57.5855672Z 7f417bc2889c97b384242eb902473b15daffdd834c2b0de0ac32f63be8131061
2025-08-23T11:50:57.5879245Z ##[command]/usr/bin/docker start 7f417bc2889c97b384242eb902473b15daffdd834c2b0de0ac32f63be8131061
2025-08-23T11:50:57.8781577Z 7f417bc2889c97b384242eb902473b15daffdd834c2b0de0ac32f63be8131061
2025-08-23T11:50:57.8802414Z ##[command]/usr/bin/docker ps --all --filter id=7f417bc2889c97b384242eb902473b15daffdd834c2b0de0ac32f63be8131061 --filter status=running --no-trunc --format "{{.ID}} {{.Status}}"
2025-08-23T11:50:57.8925145Z 7f417bc2889c97b384242eb902473b15daffdd834c2b0de0ac32f63be8131061 Up Less than a second (health: starting)
2025-08-23T11:50:57.8946533Z ##[command]/usr/bin/docker port 7f417bc2889c97b384242eb902473b15daffdd834c2b0de0ac32f63be8131061
2025-08-23T11:50:57.9071380Z 5432/tcp -> 0.0.0.0:5432
2025-08-23T11:50:57.9072131Z 5432/tcp -> [::]:5432
2025-08-23T11:50:57.9122115Z ##[endgroup]
2025-08-23T11:50:57.9123089Z ##[group]Starting redis service container
2025-08-23T11:50:57.9124171Z ##[command]/usr/bin/docker pull redis:7-alpine
2025-08-23T11:50:58.1447555Z 7-alpine: Pulling from library/redis
2025-08-23T11:50:58.2057204Z 0368fd46e3c6: Pulling fs layer
2025-08-23T11:50:58.2061276Z 4c55286bbede: Pulling fs layer
2025-08-23T11:50:58.2061799Z 5e28347af205: Pulling fs layer
2025-08-23T11:50:58.2063968Z 311eca34042e: Pulling fs layer
2025-08-23T11:50:58.2064558Z e6fe6f07e192: Pulling fs layer
2025-08-23T11:50:58.2065167Z a2cadbfeca72: Pulling fs layer
2025-08-23T11:50:58.2065636Z 4f4fb700ef54: Pulling fs layer
2025-08-23T11:50:58.2066157Z a976ed7e7808: Pulling fs layer
2025-08-23T11:50:58.2066671Z 311eca34042e: Waiting
2025-08-23T11:50:58.2067312Z a2cadbfeca72: Waiting
2025-08-23T11:50:58.2067655Z 4f4fb700ef54: Waiting
2025-08-23T11:50:58.2067948Z a976ed7e7808: Waiting
2025-08-23T11:50:58.2068241Z e6fe6f07e192: Waiting
2025-08-23T11:50:58.2657443Z 5e28347af205: Verifying Checksum
2025-08-23T11:50:58.2657884Z 5e28347af205: Download complete
2025-08-23T11:50:58.2718126Z 4c55286bbede: Verifying Checksum
2025-08-23T11:50:58.2718720Z 4c55286bbede: Download complete
2025-08-23T11:50:58.2929713Z 0368fd46e3c6: Verifying Checksum
2025-08-23T11:50:58.2930790Z 0368fd46e3c6: Download complete
2025-08-23T11:50:58.3353061Z 311eca34042e: Verifying Checksum
2025-08-23T11:50:58.3353894Z 311eca34042e: Download complete
2025-08-23T11:50:58.3577137Z a2cadbfeca72: Download complete
2025-08-23T11:50:58.3878439Z 4f4fb700ef54: Verifying Checksum
2025-08-23T11:50:58.3878910Z 4f4fb700ef54: Download complete
2025-08-23T11:50:58.4046257Z a976ed7e7808: Verifying Checksum
2025-08-23T11:50:58.4057211Z a976ed7e7808: Download complete
2025-08-23T11:50:58.4103409Z e6fe6f07e192: Verifying Checksum
2025-08-23T11:50:58.4104015Z e6fe6f07e192: Download complete
2025-08-23T11:50:58.4286411Z 0368fd46e3c6: Pull complete
2025-08-23T11:50:58.4666084Z 4c55286bbede: Pull complete
2025-08-23T11:50:58.6260848Z 5e28347af205: Pull complete
2025-08-23T11:50:58.6512281Z 311eca34042e: Pull complete
2025-08-23T11:50:58.8486774Z e6fe6f07e192: Pull complete
2025-08-23T11:50:58.8608294Z a2cadbfeca72: Pull complete
2025-08-23T11:50:58.8715792Z 4f4fb700ef54: Pull complete
2025-08-23T11:50:58.8836193Z a976ed7e7808: Pull complete
2025-08-23T11:50:58.8877067Z Digest: sha256:bb186d083732f669da90be8b0f975a37812b15e913465bb14d845db72a4e3e08
2025-08-23T11:50:58.8891761Z Status: Downloaded newer image for redis:7-alpine
2025-08-23T11:50:58.8899372Z docker.io/library/redis:7-alpine
2025-08-23T11:50:58.8916162Z ##[command]/usr/bin/docker create --name e72e5ebc75ac41918edd26683cb91796_redis7alpine_57cb9f --label 904063 --network github_network_76b3ff1f57504fe18fae448e4141e4d0 --network-alias redis -p 6379:6379  -e GITHUB_ACTIONS=true -e CI=true redis:7-alpine
2025-08-23T11:50:58.9170327Z 6a287c783d5172ef471ee1136243365d47d6554586c769cda5c67e02545260aa
2025-08-23T11:50:58.9184450Z ##[command]/usr/bin/docker start 6a287c783d5172ef471ee1136243365d47d6554586c769cda5c67e02545260aa
2025-08-23T11:50:59.0538366Z 6a287c783d5172ef471ee1136243365d47d6554586c769cda5c67e02545260aa
2025-08-23T11:50:59.0555005Z ##[command]/usr/bin/docker ps --all --filter id=6a287c783d5172ef471ee1136243365d47d6554586c769cda5c67e02545260aa --filter status=running --no-trunc --format "{{.ID}} {{.Status}}"
2025-08-23T11:50:59.0678293Z 6a287c783d5172ef471ee1136243365d47d6554586c769cda5c67e02545260aa Up Less than a second
2025-08-23T11:50:59.0692320Z ##[command]/usr/bin/docker port 6a287c783d5172ef471ee1136243365d47d6554586c769cda5c67e02545260aa
2025-08-23T11:50:59.0808388Z 6379/tcp -> 0.0.0.0:6379
2025-08-23T11:50:59.0808761Z 6379/tcp -> [::]:6379
2025-08-23T11:50:59.0822298Z ##[endgroup]
2025-08-23T11:50:59.0832682Z ##[group]Waiting for all services to be ready
2025-08-23T11:50:59.0846016Z ##[command]/usr/bin/docker inspect --format="{{if .Config.Healthcheck}}{{print .State.Health.Status}}{{end}}" 7f417bc2889c97b384242eb902473b15daffdd834c2b0de0ac32f63be8131061
2025-08-23T11:50:59.0953244Z starting
2025-08-23T11:50:59.0973154Z postgres service is starting, waiting 2 seconds before checking again.
2025-08-23T11:51:01.0978042Z ##[command]/usr/bin/docker inspect --format="{{if .Config.Healthcheck}}{{print .State.Health.Status}}{{end}}" 7f417bc2889c97b384242eb902473b15daffdd834c2b0de0ac32f63be8131061
2025-08-23T11:51:01.1094833Z starting
2025-08-23T11:51:01.1108682Z postgres service is starting, waiting 4 seconds before checking again.
2025-08-23T11:51:05.1445776Z ##[command]/usr/bin/docker inspect --format="{{if .Config.Healthcheck}}{{print .State.Health.Status}}{{end}}" 7f417bc2889c97b384242eb902473b15daffdd834c2b0de0ac32f63be8131061
2025-08-23T11:51:05.1561210Z healthy
2025-08-23T11:51:05.1578521Z postgres service is healthy.
2025-08-23T11:51:05.1579286Z ##[command]/usr/bin/docker inspect --format="{{if .Config.Healthcheck}}{{print .State.Health.Status}}{{end}}" 6a287c783d5172ef471ee1136243365d47d6554586c769cda5c67e02545260aa
2025-08-23T11:51:05.1702397Z redis service is healthy.
2025-08-23T11:51:05.1703047Z ##[endgroup]
2025-08-23T11:51:05.2006271Z ##[group]Run actions/checkout@v5
2025-08-23T11:51:05.2007293Z with:
2025-08-23T11:51:05.2007503Z   repository: AlexBomber12/AWA-App
2025-08-23T11:51:05.2007877Z   token: ***
2025-08-23T11:51:05.2008049Z   ssh-strict: true
2025-08-23T11:51:05.2008228Z   ssh-user: git
2025-08-23T11:51:05.2008409Z   persist-credentials: true
2025-08-23T11:51:05.2008618Z   clean: true
2025-08-23T11:51:05.2008806Z   sparse-checkout-cone-mode: true
2025-08-23T11:51:05.2009040Z   fetch-depth: 1
2025-08-23T11:51:05.2009207Z   fetch-tags: false
2025-08-23T11:51:05.2009385Z   show-progress: true
2025-08-23T11:51:05.2009564Z   lfs: false
2025-08-23T11:51:05.2009718Z   submodules: false
2025-08-23T11:51:05.2009898Z   set-safe-directory: true
2025-08-23T11:51:05.2010384Z env:
2025-08-23T11:51:05.2010596Z   REDIS_URL: redis://localhost:6379/0
2025-08-23T11:51:05.2010858Z   RATE_LIMIT_DEFAULT: 100/minute
2025-08-23T11:51:05.2011075Z   TRUST_X_FORWARDED: 1
2025-08-23T11:51:05.2011255Z ##[endgroup]
2025-08-23T11:51:05.2906000Z Syncing repository: AlexBomber12/AWA-App
2025-08-23T11:51:05.2907507Z ##[group]Getting Git version info
2025-08-23T11:51:05.2907880Z Working directory is '/home/runner/work/AWA-App/AWA-App'
2025-08-23T11:51:05.2908393Z [command]/usr/bin/git version
2025-08-23T11:51:05.2947877Z git version 2.51.0
2025-08-23T11:51:05.2969403Z ##[endgroup]
2025-08-23T11:51:05.2982709Z Temporarily overriding HOME='/home/runner/work/_temp/15e3eb31-74d2-4588-b653-74b733ae63a1' before making global git config changes
2025-08-23T11:51:05.2983529Z Adding repository directory to the temporary git global config as a safe directory
2025-08-23T11:51:05.2987469Z [command]/usr/bin/git config --global --add safe.directory /home/runner/work/AWA-App/AWA-App
2025-08-23T11:51:05.3019877Z Deleting the contents of '/home/runner/work/AWA-App/AWA-App'
2025-08-23T11:51:05.3023125Z ##[group]Initializing the repository
2025-08-23T11:51:05.3027748Z [command]/usr/bin/git init /home/runner/work/AWA-App/AWA-App
2025-08-23T11:51:05.3085743Z hint: Using 'master' as the name for the initial branch. This default branch name
2025-08-23T11:51:05.3087109Z hint: is subject to change. To configure the initial branch name to use in all
2025-08-23T11:51:05.3087749Z hint: of your new repositories, which will suppress this warning, call:
2025-08-23T11:51:05.3088372Z hint:
2025-08-23T11:51:05.3088821Z hint: 	git config --global init.defaultBranch <name>
2025-08-23T11:51:05.3089110Z hint:
2025-08-23T11:51:05.3089371Z hint: Names commonly chosen instead of 'master' are 'main', 'trunk' and
2025-08-23T11:51:05.3089883Z hint: 'development'. The just-created branch can be renamed via this command:
2025-08-23T11:51:05.3090518Z hint:
2025-08-23T11:51:05.3090830Z hint: 	git branch -m <name>
2025-08-23T11:51:05.3091198Z hint:
2025-08-23T11:51:05.3091711Z hint: Disable this message with "git config set advice.defaultBranchName false"
2025-08-23T11:51:05.3092622Z Initialized empty Git repository in /home/runner/work/AWA-App/AWA-App/.git/
2025-08-23T11:51:05.3100248Z [command]/usr/bin/git remote add origin https://github.com/AlexBomber12/AWA-App
2025-08-23T11:51:05.3131557Z ##[endgroup]
2025-08-23T11:51:05.3132134Z ##[group]Disabling automatic garbage collection
2025-08-23T11:51:05.3136062Z [command]/usr/bin/git config --local gc.auto 0
2025-08-23T11:51:05.3163011Z ##[endgroup]
2025-08-23T11:51:05.3163584Z ##[group]Setting up auth
2025-08-23T11:51:05.3170087Z [command]/usr/bin/git config --local --name-only --get-regexp core\.sshCommand
2025-08-23T11:51:05.3199536Z [command]/usr/bin/git submodule foreach --recursive sh -c "git config --local --name-only --get-regexp 'core\.sshCommand' && git config --local --unset-all 'core.sshCommand' || :"
2025-08-23T11:51:05.3455788Z [command]/usr/bin/git config --local --name-only --get-regexp http\.https\:\/\/github\.com\/\.extraheader
2025-08-23T11:51:05.3485837Z [command]/usr/bin/git submodule foreach --recursive sh -c "git config --local --name-only --get-regexp 'http\.https\:\/\/github\.com\/\.extraheader' && git config --local --unset-all 'http.https://github.com/.extraheader' || :"
2025-08-23T11:51:05.3700284Z [command]/usr/bin/git config --local http.https://github.com/.extraheader AUTHORIZATION: basic ***
2025-08-23T11:51:05.3733366Z ##[endgroup]
2025-08-23T11:51:05.3733773Z ##[group]Fetching the repository
2025-08-23T11:51:05.3742841Z [command]/usr/bin/git -c protocol.version=2 fetch --no-tags --prune --no-recurse-submodules --depth=1 origin +43be8d41e5f21361a64415dd5790c9456ba74e83:refs/remotes/origin/main
2025-08-23T11:51:05.5637883Z From https://github.com/AlexBomber12/AWA-App
2025-08-23T11:51:05.5638878Z  * [new ref]         43be8d41e5f21361a64415dd5790c9456ba74e83 -> origin/main
2025-08-23T11:51:05.5669178Z ##[endgroup]
2025-08-23T11:51:05.5669706Z ##[group]Determining the checkout info
2025-08-23T11:51:05.5671836Z ##[endgroup]
2025-08-23T11:51:05.5679407Z [command]/usr/bin/git sparse-checkout disable
2025-08-23T11:51:05.5723550Z [command]/usr/bin/git config --local --unset-all extensions.worktreeConfig
2025-08-23T11:51:05.5753308Z ##[group]Checking out the ref
2025-08-23T11:51:05.5759139Z [command]/usr/bin/git checkout --progress --force -B main refs/remotes/origin/main
2025-08-23T11:51:05.6101746Z Switched to a new branch 'main'
2025-08-23T11:51:05.6103668Z branch 'main' set up to track 'origin/main'.
2025-08-23T11:51:05.6113713Z ##[endgroup]
2025-08-23T11:51:05.6161984Z [command]/usr/bin/git log -1 --format=%H
2025-08-23T11:51:05.6188232Z 43be8d41e5f21361a64415dd5790c9456ba74e83
2025-08-23T11:51:05.6359156Z ##[group]Run cat .env.ci >> "$GITHUB_ENV"
2025-08-23T11:51:05.6359506Z [36;1mcat .env.ci >> "$GITHUB_ENV"[0m
2025-08-23T11:51:05.6360199Z [36;1mecho "DATABASE_URL=***localhost:5432/awa" >> "$GITHUB_ENV"[0m
2025-08-23T11:51:05.6360556Z [36;1mecho "PG_HOST=localhost" >> "$GITHUB_ENV"[0m
2025-08-23T11:51:05.6360840Z [36;1mecho "PG_PORT=5432" >> "$GITHUB_ENV"[0m
2025-08-23T11:51:05.6361116Z [36;1mecho "PG_USER=postgres" >> "$GITHUB_ENV"[0m
2025-08-23T11:51:05.6361389Z [36;1mecho "PG_PASSWORD=pass" >> "$GITHUB_ENV"[0m
2025-08-23T11:51:05.6361868Z [36;1mecho "PG_DATABASE=awa" >> "$GITHUB_ENV"[0m
2025-08-23T11:51:05.6405831Z shell: /usr/bin/bash -e {0}
2025-08-23T11:51:05.6406058Z env:
2025-08-23T11:51:05.6406260Z   REDIS_URL: redis://localhost:6379/0
2025-08-23T11:51:05.6406527Z   RATE_LIMIT_DEFAULT: 100/minute
2025-08-23T11:51:05.6406748Z   TRUST_X_FORWARDED: 1
2025-08-23T11:51:05.6407234Z ##[endgroup]
2025-08-23T11:51:05.6586043Z ##[group]Run actions/setup-python@v5
2025-08-23T11:51:05.6586325Z with:
2025-08-23T11:51:05.6586494Z   python-version: 3.12
2025-08-23T11:51:05.6586688Z   cache: pip
2025-08-23T11:51:05.6587129Z   cache-dependency-path: requirements-dev.txt
2025-08-23T11:51:05.6587414Z   check-latest: false
2025-08-23T11:51:05.6587732Z   token: ***
2025-08-23T11:51:05.6587913Z   update-environment: true
2025-08-23T11:51:05.6588129Z   allow-prereleases: false
2025-08-23T11:51:05.6588323Z   freethreaded: false
2025-08-23T11:51:05.6588535Z env:
2025-08-23T11:51:05.6588714Z   REDIS_URL: redis://localhost:6379/0
2025-08-23T11:51:05.6588977Z   RATE_LIMIT_DEFAULT: 100/minute
2025-08-23T11:51:05.6589190Z   TRUST_X_FORWARDED: 1
2025-08-23T11:51:05.6589369Z   PG_USER: postgres
2025-08-23T11:51:05.6589549Z   PG_PASSWORD: pass
2025-08-23T11:51:05.6589718Z   PG_DATABASE: awa
2025-08-23T11:51:05.6589894Z   PG_HOST: localhost
2025-08-23T11:51:05.6590066Z   PG_PORT: 5432
2025-08-23T11:51:05.6590497Z   PG_SYNC_DSN: ***localhost:5432/awa
2025-08-23T11:51:05.6590882Z   PG_ASYNC_DSN: ***localhost:5432/awa
2025-08-23T11:51:05.6591255Z   DATABASE_URL: ***localhost:5432/awa
2025-08-23T11:51:05.6591476Z   DATA_DIR: /tmp/awa-data
2025-08-23T11:51:05.6591661Z   ENABLE_LIVE: 0
2025-08-23T11:51:05.6591827Z   TESTING: 1
2025-08-23T11:51:05.6591978Z ##[endgroup]
2025-08-23T11:51:05.8279005Z ##[group]Installed versions
2025-08-23T11:51:05.8368025Z Successfully set up CPython (3.12.11)
2025-08-23T11:51:05.8368819Z ##[endgroup]
2025-08-23T11:51:05.8642074Z [command]/opt/hostedtoolcache/Python/3.12.11/x64/bin/pip cache dir
2025-08-23T11:51:07.1949035Z /home/runner/.cache/pip
2025-08-23T11:51:07.3240622Z Cache hit for: setup-python-Linux-x64-24.04-Ubuntu-python-3.12.11-pip-cc13ccef493b9f3a93ad5651164d9fb09282c1111f6f72ce20e0657de16de6b4
2025-08-23T11:51:08.3808672Z Received 213909504 of 376053341 (56.9%), 203.8 MBs/sec
2025-08-23T11:51:09.1586081Z Received 376053341 of 376053341 (100.0%), 201.6 MBs/sec
2025-08-23T11:51:09.1588841Z Cache Size: ~359 MB (376053341 B)
2025-08-23T11:51:09.1626688Z [command]/usr/bin/tar -xf /home/runner/work/_temp/d75da237-406e-48b8-a00a-f749285b3c09/cache.tzst -P -C /home/runner/work/AWA-App/AWA-App --use-compress-program unzstd
2025-08-23T11:51:09.7229931Z Cache restored successfully
2025-08-23T11:51:09.7939839Z Cache restored from key: setup-python-Linux-x64-24.04-Ubuntu-python-3.12.11-pip-cc13ccef493b9f3a93ad5651164d9fb09282c1111f6f72ce20e0657de16de6b4
2025-08-23T11:51:09.8109000Z ##[group]Run pip install --break-system-packages -r requirements-dev.txt
2025-08-23T11:51:09.8109524Z [36;1mpip install --break-system-packages -r requirements-dev.txt[0m
2025-08-23T11:51:09.8109969Z [36;1mpip install --break-system-packages keepa==1.3.15 minio==7.1.15[0m
2025-08-23T11:51:09.8153797Z shell: /usr/bin/bash -e {0}
2025-08-23T11:51:09.8154021Z env:
2025-08-23T11:51:09.8154226Z   REDIS_URL: redis://localhost:6379/0
2025-08-23T11:51:09.8154498Z   RATE_LIMIT_DEFAULT: 100/minute
2025-08-23T11:51:09.8154711Z   TRUST_X_FORWARDED: 1
2025-08-23T11:51:09.8154910Z   PG_USER: postgres
2025-08-23T11:51:09.8155100Z   PG_PASSWORD: pass
2025-08-23T11:51:09.8155282Z   PG_DATABASE: awa
2025-08-23T11:51:09.8155470Z   PG_HOST: localhost
2025-08-23T11:51:09.8155659Z   PG_PORT: 5432
2025-08-23T11:51:09.8156178Z   PG_SYNC_DSN: ***localhost:5432/awa
2025-08-23T11:51:09.8156624Z   PG_ASYNC_DSN: ***localhost:5432/awa
2025-08-23T11:51:09.8157248Z   DATABASE_URL: ***localhost:5432/awa
2025-08-23T11:51:09.8157524Z   DATA_DIR: /tmp/awa-data
2025-08-23T11:51:09.8157732Z   ENABLE_LIVE: 0
2025-08-23T11:51:09.8157905Z   TESTING: 1
2025-08-23T11:51:09.8158141Z   pythonLocation: /opt/hostedtoolcache/Python/3.12.11/x64
2025-08-23T11:51:09.8158742Z   PKG_CONFIG_PATH: /opt/hostedtoolcache/Python/3.12.11/x64/lib/pkgconfig
2025-08-23T11:51:09.8159150Z   Python_ROOT_DIR: /opt/hostedtoolcache/Python/3.12.11/x64
2025-08-23T11:51:09.8159495Z   Python2_ROOT_DIR: /opt/hostedtoolcache/Python/3.12.11/x64
2025-08-23T11:51:09.8159841Z   Python3_ROOT_DIR: /opt/hostedtoolcache/Python/3.12.11/x64
2025-08-23T11:51:09.8160195Z   LD_LIBRARY_PATH: /opt/hostedtoolcache/Python/3.12.11/x64/lib
2025-08-23T11:51:09.8160486Z ##[endgroup]
2025-08-23T11:51:11.1681210Z Collecting Jinja2==3.1.6 (from -r requirements-dev.txt (line 2))
2025-08-23T11:51:11.1694968Z   Using cached jinja2-3.1.6-py3-none-any.whl.metadata (2.9 kB)
2025-08-23T11:51:11.1907778Z Collecting alembic==1.16.4 (from -r requirements-dev.txt (line 3))
2025-08-23T11:51:11.1921356Z   Using cached alembic-1.16.4-py3-none-any.whl.metadata (7.3 kB)
2025-08-23T11:51:11.2074989Z Collecting apscheduler==3.10.4 (from -r requirements-dev.txt (line 4))
2025-08-23T11:51:11.2086728Z   Using cached APScheduler-3.10.4-py3-none-any.whl.metadata (5.7 kB)
2025-08-23T11:51:11.2232350Z Collecting asgi-correlation-id==4.3.1 (from -r requirements-dev.txt (line 5))
2025-08-23T11:51:11.2244703Z   Using cached asgi_correlation_id-4.3.1-py3-none-any.whl.metadata (28 kB)
2025-08-23T11:51:11.2649240Z Collecting asyncpg==0.30.0 (from -r requirements-dev.txt (line 6))
2025-08-23T11:51:11.2661713Z   Using cached asyncpg-0.30.0-cp312-cp312-manylinux_2_17_x86_64.manylinux2014_x86_64.whl.metadata (5.0 kB)
2025-08-23T11:51:11.3081885Z Collecting black==25.1.0 (from -r requirements-dev.txt (line 7))
2025-08-23T11:51:11.3094297Z   Using cached black-25.1.0-cp312-cp312-manylinux_2_17_x86_64.manylinux2014_x86_64.manylinux_2_28_x86_64.whl.metadata (81 kB)
2025-08-23T11:51:11.6487736Z Collecting boto3 (from -r requirements-dev.txt (line 8))
2025-08-23T11:51:11.6863944Z   Downloading boto3-1.40.16-py3-none-any.whl.metadata (6.7 kB)
2025-08-23T11:51:11.7159345Z Collecting redis==6.* (from -r requirements-dev.txt (line 9))
2025-08-23T11:51:11.7170528Z   Using cached redis-6.4.0-py3-none-any.whl.metadata (10 kB)
2025-08-23T11:51:11.7511784Z Collecting minio==7.* (from -r requirements-dev.txt (line 10))
2025-08-23T11:51:11.7523543Z   Using cached minio-7.2.16-py3-none-any.whl.metadata (6.5 kB)
2025-08-23T11:51:11.7664639Z Collecting vulture==2.10 (from -r requirements-dev.txt (line 11))
2025-08-23T11:51:11.7676823Z   Using cached vulture-2.10-py2.py3-none-any.whl.metadata (23 kB)
2025-08-23T11:51:11.7978691Z Collecting celery==5.5.3 (from -r requirements-dev.txt (line 12))
2025-08-23T11:51:11.7990985Z   Using cached celery-5.5.3-py3-none-any.whl.metadata (22 kB)
2025-08-23T11:51:11.8556097Z Collecting fastapi==0.116.1 (from -r requirements-dev.txt (line 13))
2025-08-23T11:51:11.8569596Z   Using cached fastapi-0.116.1-py3-none-any.whl.metadata (28 kB)
2025-08-23T11:51:11.8717840Z Collecting fastapi-limiter==0.1.6 (from -r requirements-dev.txt (line 15))
2025-08-23T11:51:11.8729979Z   Using cached fastapi_limiter-0.1.6-py3-none-any.whl.metadata (5.3 kB)
2025-08-23T11:51:11.8909647Z Collecting httpx<0.29,>=0.27 (from -r requirements-dev.txt (line 16))
2025-08-23T11:51:11.8921881Z   Using cached httpx-0.28.1-py3-none-any.whl.metadata (7.1 kB)
2025-08-23T11:51:11.9028159Z Collecting imapclient==3.0.1 (from -r requirements-dev.txt (line 17))
2025-08-23T11:51:11.9040394Z   Using cached IMAPClient-3.0.1-py2.py3-none-any.whl.metadata (1.7 kB)
2025-08-23T11:51:11.9147083Z Collecting itsdangerous (from -r requirements-dev.txt (line 18))
2025-08-23T11:51:11.9158978Z   Using cached itsdangerous-2.2.0-py3-none-any.whl.metadata (1.9 kB)
2025-08-23T11:51:12.0129200Z Collecting mypy==1.* (from -r requirements-dev.txt (line 19))
2025-08-23T11:51:12.0143635Z   Using cached mypy-1.17.1-cp312-cp312-manylinux2014_x86_64.manylinux_2_17_x86_64.manylinux_2_28_x86_64.whl.metadata (2.2 kB)
2025-08-23T11:51:12.0244654Z Collecting mypy-extensions==1.1.0 (from -r requirements-dev.txt (line 20))
2025-08-23T11:51:12.0256292Z   Using cached mypy_extensions-1.1.0-py3-none-any.whl.metadata (1.1 kB)
2025-08-23T11:51:12.2136636Z Collecting numpy<2 (from -r requirements-dev.txt (line 21))
2025-08-23T11:51:12.2151405Z   Using cached numpy-1.26.4-cp312-cp312-manylinux_2_17_x86_64.manylinux2014_x86_64.whl.metadata (61 kB)
2025-08-23T11:51:12.2402503Z Collecting openpyxl==3.1.5 (from -r requirements-dev.txt (line 22))
2025-08-23T11:51:12.2415340Z   Using cached openpyxl-3.1.5-py2.py3-none-any.whl.metadata (2.5 kB)
2025-08-23T11:51:12.3529186Z Collecting pandas==2.2.* (from -r requirements-dev.txt (line 23))
2025-08-23T11:51:12.3542711Z   Using cached pandas-2.2.3-cp312-cp312-manylinux_2_17_x86_64.manylinux2014_x86_64.whl.metadata (89 kB)
2025-08-23T11:51:12.4462429Z Collecting psycopg2-binary==2.9.10 (from -r requirements-dev.txt (line 24))
2025-08-23T11:51:12.4475975Z   Using cached psycopg2_binary-2.9.10-cp312-cp312-manylinux_2_17_x86_64.manylinux2014_x86_64.whl.metadata (4.9 kB)
2025-08-23T11:51:12.4624460Z Collecting psycopg==3.2.9 (from psycopg[binary]==3.2.9->-r requirements-dev.txt (line 25))
2025-08-23T11:51:12.4635960Z   Using cached psycopg-3.2.9-py3-none-any.whl.metadata (4.5 kB)
2025-08-23T11:51:12.5718396Z Collecting pydantic==2.11.7 (from -r requirements-dev.txt (line 26))
2025-08-23T11:51:12.5731366Z   Using cached pydantic-2.11.7-py3-none-any.whl.metadata (67 kB)
2025-08-23T11:51:12.6960963Z Collecting setuptools (from -r requirements-dev.txt (line 27))
2025-08-23T11:51:12.6974167Z   Using cached setuptools-80.9.0-py3-none-any.whl.metadata (6.6 kB)
2025-08-23T11:51:12.7225253Z Collecting pytest-asyncio==1.1.0 (from -r requirements-dev.txt (line 28))
2025-08-23T11:51:12.7237129Z   Using cached pytest_asyncio-1.1.0-py3-none-any.whl.metadata (4.1 kB)
2025-08-23T11:51:12.7377237Z Collecting pytest-cov==6.2.1 (from -r requirements-dev.txt (line 29))
2025-08-23T11:51:12.7389388Z   Using cached pytest_cov-6.2.1-py3-none-any.whl.metadata (30 kB)
2025-08-23T11:51:12.7550604Z Collecting pytest-postgresql==7.0.2 (from -r requirements-dev.txt (line 30))
2025-08-23T11:51:12.7562549Z   Using cached pytest_postgresql-7.0.2-py3-none-any.whl.metadata (18 kB)
2025-08-23T11:51:12.7722190Z Collecting python-dotenv (from -r requirements-dev.txt (line 31))
2025-08-23T11:51:12.7734161Z   Using cached python_dotenv-1.1.1-py3-none-any.whl.metadata (24 kB)
2025-08-23T11:51:12.7847472Z Collecting python-multipart (from -r requirements-dev.txt (line 32))
2025-08-23T11:51:12.7859521Z   Using cached python_multipart-0.0.20-py3-none-any.whl.metadata (1.8 kB)
2025-08-23T11:51:12.8135970Z Collecting python-telegram-bot==22.3 (from -r requirements-dev.txt (line 33))
2025-08-23T11:51:12.8147790Z   Using cached python_telegram_bot-22.3-py3-none-any.whl.metadata (17 kB)
2025-08-23T11:51:12.8421802Z Collecting requests==2.32.4 (from -r requirements-dev.txt (line 34))
2025-08-23T11:51:12.8433884Z   Using cached requests-2.32.4-py3-none-any.whl.metadata (4.9 kB)
2025-08-23T11:51:12.8578724Z Collecting respx==0.22.0 (from -r requirements-dev.txt (line 35))
2025-08-23T11:51:12.8590498Z   Using cached respx-0.22.0-py2.py3-none-any.whl.metadata (4.1 kB)
2025-08-23T11:51:13.2354139Z Collecting ruff==0.9.9 (from -r requirements-dev.txt (line 36))
2025-08-23T11:51:13.2367408Z   Using cached ruff-0.9.9-py3-none-manylinux_2_17_x86_64.manylinux2014_x86_64.whl.metadata (25 kB)
2025-08-23T11:51:13.4858754Z Collecting sqlalchemy==2.0.43 (from -r requirements-dev.txt (line 37))
2025-08-23T11:51:13.4872838Z   Using cached sqlalchemy-2.0.43-cp312-cp312-manylinux_2_17_x86_64.manylinux2014_x86_64.whl.metadata (9.6 kB)
2025-08-23T11:51:13.5084192Z Collecting structlog==24.1.0 (from -r requirements-dev.txt (line 38))
2025-08-23T11:51:13.5095719Z   Using cached structlog-24.1.0-py3-none-any.whl.metadata (6.9 kB)
2025-08-23T11:51:13.5262654Z Collecting testcontainers==4.12.0 (from testcontainers[postgres]==4.12.0->-r requirements-dev.txt (line 39))
2025-08-23T11:51:13.5274150Z   Using cached testcontainers-4.12.0-py3-none-any.whl.metadata (8.3 kB)
2025-08-23T11:51:13.5722681Z Collecting types-requests==2.32.4.20250809 (from -r requirements-dev.txt (line 40))
2025-08-23T11:51:13.5734975Z   Using cached types_requests-2.32.4.20250809-py3-none-any.whl.metadata (2.0 kB)
2025-08-23T11:51:13.5853169Z Collecting docspec-python==2.2.2 (from -r requirements-dev.txt (line 41))
2025-08-23T11:51:13.5864660Z   Using cached docspec_python-2.2.2-py3-none-any.whl.metadata (1.0 kB)
2025-08-23T11:51:13.6017702Z Collecting pydoc-markdown==4.8.2 (from -r requirements-dev.txt (line 42))
2025-08-23T11:51:13.6029433Z   Using cached pydoc_markdown-4.8.2-py3-none-any.whl.metadata (5.9 kB)
2025-08-23T11:51:13.6710813Z Collecting pandera==0.19.* (from -r requirements-dev.txt (line 43))
2025-08-23T11:51:13.6724136Z   Using cached pandera-0.19.3-py3-none-any.whl.metadata (15 kB)
2025-08-23T11:51:13.7253109Z Collecting MarkupSafe>=2.0 (from Jinja2==3.1.6->-r requirements-dev.txt (line 2))
2025-08-23T11:51:13.7265532Z   Using cached MarkupSafe-3.0.2-cp312-cp312-manylinux_2_17_x86_64.manylinux2014_x86_64.whl.metadata (4.0 kB)
2025-08-23T11:51:13.7509767Z Collecting Mako (from alembic==1.16.4->-r requirements-dev.txt (line 3))
2025-08-23T11:51:13.7521497Z   Using cached mako-1.3.10-py3-none-any.whl.metadata (2.9 kB)
2025-08-23T11:51:13.7672774Z Collecting typing-extensions>=4.12 (from alembic==1.16.4->-r requirements-dev.txt (line 3))
2025-08-23T11:51:13.7684332Z   Using cached typing_extensions-4.14.1-py3-none-any.whl.metadata (3.0 kB)
2025-08-23T11:51:13.7811480Z Collecting six>=1.4.0 (from apscheduler==3.10.4->-r requirements-dev.txt (line 4))
2025-08-23T11:51:13.7822996Z   Using cached six-1.17.0-py2.py3-none-any.whl.metadata (1.7 kB)
2025-08-23T11:51:13.8148869Z Collecting pytz (from apscheduler==3.10.4->-r requirements-dev.txt (line 4))
2025-08-23T11:51:13.8161009Z   Using cached pytz-2025.2-py2.py3-none-any.whl.metadata (22 kB)
2025-08-23T11:51:13.8313266Z Collecting tzlocal!=3.*,>=2.0 (from apscheduler==3.10.4->-r requirements-dev.txt (line 4))
2025-08-23T11:51:13.8324802Z   Using cached tzlocal-5.3.1-py3-none-any.whl.metadata (7.6 kB)
2025-08-23T11:51:13.8612079Z Collecting starlette>=0.18 (from asgi-correlation-id==4.3.1->-r requirements-dev.txt (line 5))
2025-08-23T11:51:13.8623802Z   Using cached starlette-0.47.2-py3-none-any.whl.metadata (6.2 kB)
2025-08-23T11:51:13.8807826Z Collecting click>=8.0.0 (from black==25.1.0->-r requirements-dev.txt (line 7))
2025-08-23T11:51:13.8819377Z   Using cached click-8.2.1-py3-none-any.whl.metadata (2.5 kB)
2025-08-23T11:51:13.8970957Z Collecting packaging>=22.0 (from black==25.1.0->-r requirements-dev.txt (line 7))
2025-08-23T11:51:13.8982476Z   Using cached packaging-25.0-py3-none-any.whl.metadata (3.3 kB)
2025-08-23T11:51:13.9089404Z Collecting pathspec>=0.9.0 (from black==25.1.0->-r requirements-dev.txt (line 7))
2025-08-23T11:51:13.9100933Z   Using cached pathspec-0.12.1-py3-none-any.whl.metadata (21 kB)
2025-08-23T11:51:13.9273947Z Collecting platformdirs>=2 (from black==25.1.0->-r requirements-dev.txt (line 7))
2025-08-23T11:51:13.9285286Z   Using cached platformdirs-4.3.8-py3-none-any.whl.metadata (12 kB)
2025-08-23T11:51:13.9396627Z Collecting toml (from vulture==2.10->-r requirements-dev.txt (line 11))
2025-08-23T11:51:13.9408376Z   Using cached toml-0.10.2-py2.py3-none-any.whl.metadata (7.1 kB)
2025-08-23T11:51:13.9587737Z Collecting billiard<5.0,>=4.2.1 (from celery==5.5.3->-r requirements-dev.txt (line 12))
2025-08-23T11:51:13.9599245Z   Using cached billiard-4.2.1-py3-none-any.whl.metadata (4.4 kB)
2025-08-23T11:51:13.9889613Z Collecting kombu<5.6,>=5.5.2 (from celery==5.5.3->-r requirements-dev.txt (line 12))
2025-08-23T11:51:13.9901219Z   Using cached kombu-5.5.4-py3-none-any.whl.metadata (3.5 kB)
2025-08-23T11:51:14.0056398Z Collecting vine<6.0,>=5.1.0 (from celery==5.5.3->-r requirements-dev.txt (line 12))
2025-08-23T11:51:14.0068112Z   Using cached vine-5.1.0-py3-none-any.whl.metadata (2.7 kB)
2025-08-23T11:51:14.0186831Z Collecting click-didyoumean>=0.3.0 (from celery==5.5.3->-r requirements-dev.txt (line 12))
2025-08-23T11:51:14.0198783Z   Using cached click_didyoumean-0.3.1-py3-none-any.whl.metadata (3.9 kB)
2025-08-23T11:51:14.0293866Z Collecting click-repl>=0.2.0 (from celery==5.5.3->-r requirements-dev.txt (line 12))
2025-08-23T11:51:14.0305484Z   Using cached click_repl-0.3.0-py3-none-any.whl.metadata (3.6 kB)
2025-08-23T11:51:14.0387655Z Collecting click-plugins>=1.1.1 (from celery==5.5.3->-r requirements-dev.txt (line 12))
2025-08-23T11:51:14.0400119Z   Using cached click_plugins-1.1.1.2-py2.py3-none-any.whl.metadata (6.5 kB)
2025-08-23T11:51:14.0514934Z Collecting python-dateutil>=2.8.2 (from celery==5.5.3->-r requirements-dev.txt (line 12))
2025-08-23T11:51:14.0526083Z   Using cached python_dateutil-2.9.0.post0-py2.py3-none-any.whl.metadata (8.4 kB)
2025-08-23T11:51:14.1135519Z Collecting annotated-types>=0.6.0 (from pydantic==2.11.7->-r requirements-dev.txt (line 26))
2025-08-23T11:51:14.1147563Z   Using cached annotated_types-0.7.0-py3-none-any.whl.metadata (15 kB)
2025-08-23T11:51:14.7765376Z Collecting pydantic-core==2.33.2 (from pydantic==2.11.7->-r requirements-dev.txt (line 26))
2025-08-23T11:51:14.7779579Z   Using cached pydantic_core-2.33.2-cp312-cp312-manylinux_2_17_x86_64.manylinux2014_x86_64.whl.metadata (6.8 kB)
2025-08-23T11:51:14.7899814Z Collecting typing-inspection>=0.4.0 (from pydantic==2.11.7->-r requirements-dev.txt (line 26))
2025-08-23T11:51:14.7911309Z   Using cached typing_inspection-0.4.1-py3-none-any.whl.metadata (2.6 kB)
2025-08-23T11:51:14.8142964Z Collecting et-xmlfile (from openpyxl==3.1.5->-r requirements-dev.txt (line 22))
2025-08-23T11:51:14.8154648Z   Using cached et_xmlfile-2.0.0-py3-none-any.whl.metadata (2.7 kB)
2025-08-23T11:51:14.8579683Z Collecting pytest<9,>=8.2 (from pytest-asyncio==1.1.0->-r requirements-dev.txt (line 28))
2025-08-23T11:51:14.8592168Z   Using cached pytest-8.4.1-py3-none-any.whl.metadata (7.7 kB)
2025-08-23T11:51:15.1599914Z Collecting coverage>=7.5 (from coverage[toml]>=7.5->pytest-cov==6.2.1->-r requirements-dev.txt (line 29))
2025-08-23T11:51:15.1612860Z   Using cached coverage-7.10.4-cp312-cp312-manylinux1_x86_64.manylinux_2_28_x86_64.manylinux_2_5_x86_64.whl.metadata (8.9 kB)
2025-08-23T11:51:15.1726630Z Collecting pluggy>=1.2 (from pytest-cov==6.2.1->-r requirements-dev.txt (line 29))
2025-08-23T11:51:15.1737832Z   Using cached pluggy-1.6.0-py3-none-any.whl.metadata (4.8 kB)
2025-08-23T11:51:15.1986558Z Collecting port-for>=0.7.3 (from pytest-postgresql==7.0.2->-r requirements-dev.txt (line 30))
2025-08-23T11:51:15.1998399Z   Using cached port_for-0.7.4-py3-none-any.whl.metadata (7.1 kB)
2025-08-23T11:51:15.2147343Z Collecting mirakuru>=2.6.0 (from pytest-postgresql==7.0.2->-r requirements-dev.txt (line 30))
2025-08-23T11:51:15.2158946Z   Using cached mirakuru-2.6.1-py3-none-any.whl.metadata (10 kB)
2025-08-23T11:51:15.3023660Z Collecting charset_normalizer<4,>=2 (from requests==2.32.4->-r requirements-dev.txt (line 34))
2025-08-23T11:51:15.3036744Z   Using cached charset_normalizer-3.4.3-cp312-cp312-manylinux2014_x86_64.manylinux_2_17_x86_64.manylinux_2_28_x86_64.whl.metadata (36 kB)
2025-08-23T11:51:15.3181678Z Collecting idna<4,>=2.5 (from requests==2.32.4->-r requirements-dev.txt (line 34))
2025-08-23T11:51:15.3192528Z   Using cached idna-3.10-py3-none-any.whl.metadata (10 kB)
2025-08-23T11:51:15.3451056Z Collecting urllib3<3,>=1.21.1 (from requests==2.32.4->-r requirements-dev.txt (line 34))
2025-08-23T11:51:15.3463313Z   Using cached urllib3-2.5.0-py3-none-any.whl.metadata (6.5 kB)
2025-08-23T11:51:15.3664318Z Collecting certifi>=2017.4.17 (from requests==2.32.4->-r requirements-dev.txt (line 34))
2025-08-23T11:51:15.3677831Z   Using cached certifi-2025.8.3-py3-none-any.whl.metadata (2.4 kB)
2025-08-23T11:51:15.5698259Z Collecting greenlet>=1 (from sqlalchemy==2.0.43->-r requirements-dev.txt (line 37))
2025-08-23T11:51:15.5711677Z   Using cached greenlet-3.2.4-cp312-cp312-manylinux_2_24_x86_64.manylinux_2_28_x86_64.whl.metadata (4.1 kB)
2025-08-23T11:51:15.5935357Z Collecting docker (from testcontainers==4.12.0->testcontainers[postgres]==4.12.0->-r requirements-dev.txt (line 39))
2025-08-23T11:51:15.5946605Z   Using cached docker-7.1.0-py3-none-any.whl.metadata (3.8 kB)
2025-08-23T11:51:15.6898628Z Collecting wrapt (from testcontainers==4.12.0->testcontainers[postgres]==4.12.0->-r requirements-dev.txt (line 39))
2025-08-23T11:51:15.6911452Z   Using cached wrapt-1.17.3-cp312-cp312-manylinux1_x86_64.manylinux_2_28_x86_64.manylinux_2_5_x86_64.whl.metadata (6.4 kB)
2025-08-23T11:51:15.7167586Z Collecting docspec==2.2.1 (from docspec-python==2.2.2->-r requirements-dev.txt (line 41))
2025-08-23T11:51:15.7178462Z   Using cached docspec-2.2.1-py3-none-any.whl.metadata (1.5 kB)
2025-08-23T11:51:15.7318503Z Collecting nr-util>=0.8.12 (from docspec-python==2.2.2->-r requirements-dev.txt (line 41))
2025-08-23T11:51:15.7330513Z   Using cached nr.util-0.8.12-py3-none-any.whl.metadata (813 bytes)
2025-08-23T11:51:15.7662235Z Collecting PyYAML<7.0,>=5.0 (from pydoc-markdown==4.8.2->-r requirements-dev.txt (line 42))
2025-08-23T11:51:15.7674779Z   Using cached PyYAML-6.0.2-cp312-cp312-manylinux_2_17_x86_64.manylinux2014_x86_64.whl.metadata (2.1 kB)
2025-08-23T11:51:15.7938625Z Collecting databind.core<5.0.0,>=4.4.0 (from pydoc-markdown==4.8.2->-r requirements-dev.txt (line 42))
2025-08-23T11:51:15.7950025Z   Using cached databind.core-4.5.2-py3-none-any.whl.metadata (1.1 kB)
2025-08-23T11:51:15.8152537Z Collecting databind.json<5.0.0,>=4.4.0 (from pydoc-markdown==4.8.2->-r requirements-dev.txt (line 42))
2025-08-23T11:51:15.8163713Z   Using cached databind.json-4.5.2-py3-none-any.whl.metadata (1.1 kB)
2025-08-23T11:51:15.8297263Z Collecting docstring-parser<0.12,>=0.11 (from pydoc-markdown==4.8.2->-r requirements-dev.txt (line 42))
2025-08-23T11:51:15.8298448Z   Using cached docstring_parser-0.11-py3-none-any.whl
2025-08-23T11:51:15.8607550Z Collecting tomli<3.0.0,>=2.0.0 (from pydoc-markdown==4.8.2->-r requirements-dev.txt (line 42))
2025-08-23T11:51:15.8619203Z   Using cached tomli-2.2.1-cp312-cp312-manylinux_2_17_x86_64.manylinux2014_x86_64.whl.metadata (11 kB)
2025-08-23T11:51:15.8708483Z Collecting tomli_w<2.0.0,>=1.0.0 (from pydoc-markdown==4.8.2->-r requirements-dev.txt (line 42))
2025-08-23T11:51:15.8719330Z   Using cached tomli_w-1.2.0-py3-none-any.whl.metadata (5.7 kB)
2025-08-23T11:51:15.9149873Z Collecting watchdog (from pydoc-markdown==4.8.2->-r requirements-dev.txt (line 42))
2025-08-23T11:51:15.9162072Z   Using cached watchdog-6.0.0-py3-none-manylinux2014_x86_64.whl.metadata (44 kB)
2025-08-23T11:51:15.9358914Z Collecting yapf>=0.30.0 (from pydoc-markdown==4.8.2->-r requirements-dev.txt (line 42))
2025-08-23T11:51:15.9369836Z   Using cached yapf-0.43.0-py3-none-any.whl.metadata (46 kB)
2025-08-23T11:51:15.9570973Z Collecting Deprecated<2.0.0,>=1.2.12 (from docspec==2.2.1->docspec-python==2.2.2->-r requirements-dev.txt (line 41))
2025-08-23T11:51:15.9572013Z   Using cached Deprecated-1.2.18-py2.py3-none-any.whl.metadata (5.7 kB)
2025-08-23T11:51:16.1028165Z Collecting psycopg-binary==3.2.9 (from psycopg[binary]==3.2.9->-r requirements-dev.txt (line 25))
2025-08-23T11:51:16.1043140Z   Using cached psycopg_binary-3.2.9-cp312-cp312-manylinux_2_17_x86_64.manylinux2014_x86_64.whl.metadata (2.9 kB)
2025-08-23T11:51:16.1369483Z Collecting argon2-cffi (from minio==7.*->-r requirements-dev.txt (line 10))
2025-08-23T11:51:16.1381605Z   Using cached argon2_cffi-25.1.0-py3-none-any.whl.metadata (4.1 kB)
2025-08-23T11:51:16.2160809Z Collecting pycryptodome (from minio==7.*->-r requirements-dev.txt (line 10))
2025-08-23T11:51:16.2178174Z   Using cached pycryptodome-3.23.0-cp37-abi3-manylinux_2_17_x86_64.manylinux2014_x86_64.whl.metadata (3.4 kB)
2025-08-23T11:51:16.2369749Z Collecting anyio (from httpx<0.29,>=0.27->-r requirements-dev.txt (line 16))
2025-08-23T11:51:16.2381068Z   Using cached anyio-4.10.0-py3-none-any.whl.metadata (4.0 kB)
2025-08-23T11:51:16.2559180Z Collecting httpcore==1.* (from httpx<0.29,>=0.27->-r requirements-dev.txt (line 16))
2025-08-23T11:51:16.2570368Z   Using cached httpcore-1.0.9-py3-none-any.whl.metadata (21 kB)
2025-08-23T11:51:16.2886310Z Collecting tzdata>=2022.7 (from pandas==2.2.*->-r requirements-dev.txt (line 23))
2025-08-23T11:51:16.2897665Z   Using cached tzdata-2025.2-py2.py3-none-any.whl.metadata (1.4 kB)
2025-08-23T11:51:16.3035688Z Collecting multimethod<=1.10.0 (from pandera==0.19.*->-r requirements-dev.txt (line 43))
2025-08-23T11:51:16.3046805Z   Using cached multimethod-1.10-py3-none-any.whl.metadata (8.2 kB)
2025-08-23T11:51:16.3398723Z Collecting typeguard (from pandera==0.19.*->-r requirements-dev.txt (line 43))
2025-08-23T11:51:16.3409668Z   Using cached typeguard-4.4.4-py3-none-any.whl.metadata (3.3 kB)
2025-08-23T11:51:16.3537233Z Collecting typing-inspect>=0.6.0 (from pandera==0.19.*->-r requirements-dev.txt (line 43))
2025-08-23T11:51:16.3548618Z   Using cached typing_inspect-0.9.0-py3-none-any.whl.metadata (1.5 kB)
2025-08-23T11:51:16.3822105Z Collecting databind<5.0.0,>=4.5.2 (from databind.core<5.0.0,>=4.4.0->pydoc-markdown==4.8.2->-r requirements-dev.txt (line 42))
2025-08-23T11:51:16.3833084Z   Using cached databind-4.5.2-py3-none-any.whl.metadata (4.3 kB)
2025-08-23T11:51:16.3953823Z Collecting nr-date<3.0.0,>=2.0.0 (from databind<5.0.0,>=4.5.2->databind.core<5.0.0,>=4.4.0->pydoc-markdown==4.8.2->-r requirements-dev.txt (line 42))
2025-08-23T11:51:16.3964438Z   Using cached nr_date-2.1.0-py3-none-any.whl.metadata (746 bytes)
2025-08-23T11:51:16.4076604Z Collecting nr-stream<2.0.0,>=1.0.0 (from databind<5.0.0,>=4.5.2->databind.core<5.0.0,>=4.4.0->pydoc-markdown==4.8.2->-r requirements-dev.txt (line 42))
2025-08-23T11:51:16.4087508Z   Using cached nr_stream-1.1.5-py3-none-any.whl.metadata (3.6 kB)
2025-08-23T11:51:16.4238527Z Collecting typeapi<3,>=2.0.1 (from databind<5.0.0,>=4.5.2->databind.core<5.0.0,>=4.4.0->pydoc-markdown==4.8.2->-r requirements-dev.txt (line 42))
2025-08-23T11:51:16.4249352Z   Using cached typeapi-2.2.4-py3-none-any.whl.metadata (1.5 kB)
2025-08-23T11:51:16.4500832Z Collecting h11>=0.16 (from httpcore==1.*->httpx<0.29,>=0.27->-r requirements-dev.txt (line 16))
2025-08-23T11:51:16.4511542Z   Using cached h11-0.16.0-py3-none-any.whl.metadata (8.3 kB)
2025-08-23T11:51:16.4731006Z Collecting amqp<6.0.0,>=5.1.1 (from kombu<5.6,>=5.5.2->celery==5.5.3->-r requirements-dev.txt (line 12))
2025-08-23T11:51:16.4741924Z   Using cached amqp-5.3.1-py3-none-any.whl.metadata (8.9 kB)
2025-08-23T11:51:16.5214915Z Collecting iniconfig>=1 (from pytest<9,>=8.2->pytest-asyncio==1.1.0->-r requirements-dev.txt (line 28))
2025-08-23T11:51:16.5226440Z   Using cached iniconfig-2.1.0-py3-none-any.whl.metadata (2.7 kB)
2025-08-23T11:51:16.5419955Z Collecting pygments>=2.7.2 (from pytest<9,>=8.2->pytest-asyncio==1.1.0->-r requirements-dev.txt (line 28))
2025-08-23T11:51:16.5431459Z   Using cached pygments-2.19.2-py3-none-any.whl.metadata (2.5 kB)
2025-08-23T11:51:16.5846753Z Collecting sniffio>=1.1 (from anyio->httpx<0.29,>=0.27->-r requirements-dev.txt (line 16))
2025-08-23T11:51:16.5859138Z   Using cached sniffio-1.3.1-py3-none-any.whl.metadata (3.9 kB)
2025-08-23T11:51:17.0181605Z Collecting botocore<1.41.0,>=1.40.16 (from boto3->-r requirements-dev.txt (line 8))
2025-08-23T11:51:17.0221225Z   Downloading botocore-1.40.16-py3-none-any.whl.metadata (5.7 kB)
2025-08-23T11:51:17.0358864Z Collecting jmespath<2.0.0,>=0.7.1 (from boto3->-r requirements-dev.txt (line 8))
2025-08-23T11:51:17.0371394Z   Using cached jmespath-1.0.1-py3-none-any.whl.metadata (7.6 kB)
2025-08-23T11:51:17.0517827Z Collecting s3transfer<0.14.0,>=0.13.0 (from boto3->-r requirements-dev.txt (line 8))
2025-08-23T11:51:17.0529697Z   Using cached s3transfer-0.13.1-py3-none-any.whl.metadata (1.7 kB)
2025-08-23T11:51:17.2050961Z Collecting fastapi-cli>=0.0.8 (from fastapi-cli[standard]>=0.0.8; extra == "all"->fastapi[all]->-r requirements-dev.txt (line 14))
2025-08-23T11:51:17.2063068Z   Using cached fastapi_cli-0.0.8-py3-none-any.whl.metadata (6.3 kB)
2025-08-23T11:51:17.2812796Z Collecting ujson!=4.0.2,!=4.1.0,!=4.2.0,!=4.3.0,!=5.0.0,!=5.1.0,>=4.0.1 (from fastapi[all]->-r requirements-dev.txt (line 14))
2025-08-23T11:51:17.2831936Z   Using cached ujson-5.11.0-cp312-cp312-manylinux_2_24_x86_64.manylinux_2_28_x86_64.whl.metadata (9.4 kB)
2025-08-23T11:51:17.5350004Z Collecting orjson>=3.2.1 (from fastapi[all]->-r requirements-dev.txt (line 14))
2025-08-23T11:51:17.5363983Z   Using cached orjson-3.11.2-cp312-cp312-manylinux_2_17_x86_64.manylinux2014_x86_64.whl.metadata (1.2 kB)
2025-08-23T11:51:17.5492492Z Collecting email-validator>=2.0.0 (from fastapi[all]->-r requirements-dev.txt (line 14))
2025-08-23T11:51:17.5510406Z   Using cached email_validator-2.2.0-py3-none-any.whl.metadata (25 kB)
2025-08-23T11:51:17.5788077Z Collecting uvicorn>=0.12.0 (from uvicorn[standard]>=0.12.0; extra == "all"->fastapi[all]->-r requirements-dev.txt (line 14))
2025-08-23T11:51:17.5800384Z   Using cached uvicorn-0.35.0-py3-none-any.whl.metadata (6.5 kB)
2025-08-23T11:51:17.5973321Z Collecting pydantic-settings>=2.0.0 (from fastapi[all]->-r requirements-dev.txt (line 14))
2025-08-23T11:51:17.5985331Z   Using cached pydantic_settings-2.10.1-py3-none-any.whl.metadata (3.4 kB)
2025-08-23T11:51:17.6117187Z Collecting pydantic-extra-types>=2.0.0 (from fastapi[all]->-r requirements-dev.txt (line 14))
2025-08-23T11:51:17.6129257Z   Using cached pydantic_extra_types-2.10.5-py3-none-any.whl.metadata (3.9 kB)
2025-08-23T11:51:17.6804857Z Collecting prompt-toolkit>=3.0.36 (from click-repl>=0.2.0->celery==5.5.3->-r requirements-dev.txt (line 12))
2025-08-23T11:51:17.6817191Z   Using cached prompt_toolkit-3.0.51-py3-none-any.whl.metadata (6.4 kB)
2025-08-23T11:51:17.6997694Z Collecting dnspython>=2.0.0 (from email-validator>=2.0.0->fastapi[all]->-r requirements-dev.txt (line 14))
2025-08-23T11:51:17.7009715Z   Using cached dnspython-2.7.0-py3-none-any.whl.metadata (5.8 kB)
2025-08-23T11:51:17.7291276Z Collecting typer>=0.15.1 (from fastapi-cli>=0.0.8->fastapi-cli[standard]>=0.0.8; extra == "all"->fastapi[all]->-r requirements-dev.txt (line 14))
2025-08-23T11:51:17.7302634Z   Using cached typer-0.16.1-py3-none-any.whl.metadata (15 kB)
2025-08-23T11:51:17.7560419Z Collecting rich-toolkit>=0.14.8 (from fastapi-cli>=0.0.8->fastapi-cli[standard]>=0.0.8; extra == "all"->fastapi[all]->-r requirements-dev.txt (line 14))
2025-08-23T11:51:17.7571926Z   Using cached rich_toolkit-0.15.0-py3-none-any.whl.metadata (1.0 kB)
2025-08-23T11:51:17.7683764Z Collecting fastapi-cloud-cli>=0.1.1 (from fastapi-cli[standard]>=0.0.8; extra == "all"->fastapi[all]->-r requirements-dev.txt (line 14))
2025-08-23T11:51:17.7695967Z   Using cached fastapi_cloud_cli-0.1.5-py3-none-any.whl.metadata (3.2 kB)
2025-08-23T11:51:17.8390738Z Collecting rignore>=0.5.1 (from fastapi-cloud-cli>=0.1.1->fastapi-cli[standard]>=0.0.8; extra == "all"->fastapi[all]->-r requirements-dev.txt (line 14))
2025-08-23T11:51:17.8403536Z   Using cached rignore-0.6.4-cp312-cp312-manylinux_2_17_x86_64.manylinux2014_x86_64.whl.metadata (3.8 kB)
2025-08-23T11:51:17.9306448Z Collecting sentry-sdk>=2.20.0 (from fastapi-cloud-cli>=0.1.1->fastapi-cli[standard]>=0.0.8; extra == "all"->fastapi[all]->-r requirements-dev.txt (line 14))
2025-08-23T11:51:17.9318494Z   Using cached sentry_sdk-2.35.0-py2.py3-none-any.whl.metadata (10 kB)
2025-08-23T11:51:18.0234130Z Collecting psutil>=4.0.0 (from mirakuru>=2.6.0->pytest-postgresql==7.0.2->-r requirements-dev.txt (line 30))
2025-08-23T11:51:18.0247934Z   Using cached psutil-7.0.0-cp36-abi3-manylinux_2_12_x86_64.manylinux2010_x86_64.manylinux_2_17_x86_64.manylinux2014_x86_64.whl.metadata (22 kB)
2025-08-23T11:51:18.0560496Z Collecting wcwidth (from prompt-toolkit>=3.0.36->click-repl>=0.2.0->celery==5.5.3->-r requirements-dev.txt (line 12))
2025-08-23T11:51:18.0571909Z   Using cached wcwidth-0.2.13-py2.py3-none-any.whl.metadata (14 kB)
2025-08-23T11:51:18.2000194Z Collecting rich>=13.7.1 (from rich-toolkit>=0.14.8->fastapi-cli>=0.0.8->fastapi-cli[standard]>=0.0.8; extra == "all"->fastapi[all]->-r requirements-dev.txt (line 14))
2025-08-23T11:51:18.2012824Z   Using cached rich-14.1.0-py3-none-any.whl.metadata (18 kB)
2025-08-23T11:51:18.2198280Z Collecting markdown-it-py>=2.2.0 (from rich>=13.7.1->rich-toolkit>=0.14.8->fastapi-cli>=0.0.8->fastapi-cli[standard]>=0.0.8; extra == "all"->fastapi[all]->-r requirements-dev.txt (line 14))
2025-08-23T11:51:18.2210956Z   Using cached markdown_it_py-4.0.0-py3-none-any.whl.metadata (7.3 kB)
2025-08-23T11:51:18.2429112Z Collecting mdurl~=0.1 (from markdown-it-py>=2.2.0->rich>=13.7.1->rich-toolkit>=0.14.8->fastapi-cli>=0.0.8->fastapi-cli[standard]>=0.0.8; extra == "all"->fastapi[all]->-r requirements-dev.txt (line 14))
2025-08-23T11:51:18.2442015Z   Using cached mdurl-0.1.2-py3-none-any.whl.metadata (1.6 kB)
2025-08-23T11:51:18.2952228Z Collecting shellingham>=1.3.0 (from typer>=0.15.1->fastapi-cli>=0.0.8->fastapi-cli[standard]>=0.0.8; extra == "all"->fastapi[all]->-r requirements-dev.txt (line 14))
2025-08-23T11:51:18.2964083Z   Using cached shellingham-1.5.4-py2.py3-none-any.whl.metadata (3.5 kB)
2025-08-23T11:51:18.3677412Z Collecting httptools>=0.6.3 (from uvicorn[standard]>=0.12.0; extra == "all"->fastapi[all]->-r requirements-dev.txt (line 14))
2025-08-23T11:51:18.3691066Z   Using cached httptools-0.6.4-cp312-cp312-manylinux_2_5_x86_64.manylinux1_x86_64.manylinux_2_17_x86_64.manylinux2014_x86_64.whl.metadata (3.6 kB)
2025-08-23T11:51:18.4106037Z Collecting uvloop>=0.15.1 (from uvicorn[standard]>=0.12.0; extra == "all"->fastapi[all]->-r requirements-dev.txt (line 14))
2025-08-23T11:51:18.4119163Z   Using cached uvloop-0.21.0-cp312-cp312-manylinux_2_17_x86_64.manylinux2014_x86_64.whl.metadata (4.9 kB)
2025-08-23T11:51:18.4812114Z Collecting watchfiles>=0.13 (from uvicorn[standard]>=0.12.0; extra == "all"->fastapi[all]->-r requirements-dev.txt (line 14))
2025-08-23T11:51:18.4825482Z   Using cached watchfiles-1.1.0-cp312-cp312-manylinux_2_17_x86_64.manylinux2014_x86_64.whl.metadata (4.9 kB)
2025-08-23T11:51:18.6796486Z Collecting websockets>=10.4 (from uvicorn[standard]>=0.12.0; extra == "all"->fastapi[all]->-r requirements-dev.txt (line 14))
2025-08-23T11:51:18.6810237Z   Using cached websockets-15.0.1-cp312-cp312-manylinux_2_5_x86_64.manylinux1_x86_64.manylinux_2_17_x86_64.manylinux2014_x86_64.whl.metadata (6.8 kB)
2025-08-23T11:51:18.7246118Z Collecting argon2-cffi-bindings (from argon2-cffi->minio==7.*->-r requirements-dev.txt (line 10))
2025-08-23T11:51:18.7258161Z   Using cached argon2_cffi_bindings-25.1.0-cp39-abi3-manylinux_2_26_x86_64.manylinux_2_28_x86_64.whl.metadata (7.4 kB)
2025-08-23T11:51:18.8270969Z Collecting cffi>=1.0.1 (from argon2-cffi-bindings->argon2-cffi->minio==7.*->-r requirements-dev.txt (line 10))
2025-08-23T11:51:18.8284013Z   Using cached cffi-1.17.1-cp312-cp312-manylinux_2_17_x86_64.manylinux2014_x86_64.whl.metadata (1.5 kB)
2025-08-23T11:51:18.8410293Z Collecting pycparser (from cffi>=1.0.1->argon2-cffi-bindings->argon2-cffi->minio==7.*->-r requirements-dev.txt (line 10))
2025-08-23T11:51:18.8421368Z   Using cached pycparser-2.22-py3-none-any.whl.metadata (943 bytes)
2025-08-23T11:51:18.9063226Z Using cached jinja2-3.1.6-py3-none-any.whl (134 kB)
2025-08-23T11:51:18.9075770Z Using cached alembic-1.16.4-py3-none-any.whl (247 kB)
2025-08-23T11:51:18.9088349Z Using cached APScheduler-3.10.4-py3-none-any.whl (59 kB)
2025-08-23T11:51:18.9099669Z Using cached asgi_correlation_id-4.3.1-py3-none-any.whl (15 kB)
2025-08-23T11:51:18.9110838Z Using cached asyncpg-0.30.0-cp312-cp312-manylinux_2_17_x86_64.manylinux2014_x86_64.whl (3.6 MB)
2025-08-23T11:51:18.9148008Z Using cached black-25.1.0-cp312-cp312-manylinux_2_17_x86_64.manylinux2014_x86_64.manylinux_2_28_x86_64.whl (1.8 MB)
2025-08-23T11:51:18.9171179Z Using cached vulture-2.10-py2.py3-none-any.whl (27 kB)
2025-08-23T11:51:18.9182090Z Using cached celery-5.5.3-py3-none-any.whl (438 kB)
2025-08-23T11:51:18.9196465Z Using cached fastapi-0.116.1-py3-none-any.whl (95 kB)
2025-08-23T11:51:18.9208583Z Using cached pydantic-2.11.7-py3-none-any.whl (444 kB)
2025-08-23T11:51:18.9223023Z Using cached fastapi_limiter-0.1.6-py3-none-any.whl (15 kB)
2025-08-23T11:51:18.9234186Z Using cached IMAPClient-3.0.1-py2.py3-none-any.whl (182 kB)
2025-08-23T11:51:18.9246557Z Using cached mypy_extensions-1.1.0-py3-none-any.whl (5.0 kB)
2025-08-23T11:51:18.9257776Z Using cached openpyxl-3.1.5-py2.py3-none-any.whl (250 kB)
2025-08-23T11:51:18.9271127Z Using cached psycopg2_binary-2.9.10-cp312-cp312-manylinux_2_17_x86_64.manylinux2014_x86_64.whl (3.0 MB)
2025-08-23T11:51:18.9304228Z Using cached psycopg-3.2.9-py3-none-any.whl (202 kB)
2025-08-23T11:51:18.9316755Z Using cached pytest_asyncio-1.1.0-py3-none-any.whl (15 kB)
2025-08-23T11:51:18.9327948Z Using cached pytest_cov-6.2.1-py3-none-any.whl (24 kB)
2025-08-23T11:51:18.9339182Z Using cached pytest_postgresql-7.0.2-py3-none-any.whl (41 kB)
2025-08-23T11:51:18.9350511Z Using cached python_telegram_bot-22.3-py3-none-any.whl (717 kB)
2025-08-23T11:51:18.9366750Z Using cached requests-2.32.4-py3-none-any.whl (64 kB)
2025-08-23T11:51:18.9378344Z Using cached respx-0.22.0-py2.py3-none-any.whl (25 kB)
2025-08-23T11:51:18.9389966Z Using cached ruff-0.9.9-py3-none-manylinux_2_17_x86_64.manylinux2014_x86_64.whl (11.2 MB)
2025-08-23T11:51:18.9481873Z Using cached sqlalchemy-2.0.43-cp312-cp312-manylinux_2_17_x86_64.manylinux2014_x86_64.whl (3.3 MB)
2025-08-23T11:51:18.9516608Z Using cached structlog-24.1.0-py3-none-any.whl (65 kB)
2025-08-23T11:51:18.9528252Z Using cached testcontainers-4.12.0-py3-none-any.whl (111 kB)
2025-08-23T11:51:18.9540226Z Using cached types_requests-2.32.4.20250809-py3-none-any.whl (20 kB)
2025-08-23T11:51:18.9551531Z Using cached docspec_python-2.2.2-py3-none-any.whl (15 kB)
2025-08-23T11:51:18.9562534Z Using cached pydoc_markdown-4.8.2-py3-none-any.whl (67 kB)
2025-08-23T11:51:18.9573722Z Using cached docspec-2.2.1-py3-none-any.whl (9.8 kB)
2025-08-23T11:51:18.9585265Z Using cached psycopg_binary-3.2.9-cp312-cp312-manylinux_2_17_x86_64.manylinux2014_x86_64.whl (4.4 MB)
2025-08-23T11:51:18.9628270Z Using cached pydantic_core-2.33.2-cp312-cp312-manylinux_2_17_x86_64.manylinux2014_x86_64.whl (2.0 MB)
2025-08-23T11:51:18.9653879Z Using cached redis-6.4.0-py3-none-any.whl (279 kB)
2025-08-23T11:51:18.9666428Z Using cached minio-7.2.16-py3-none-any.whl (95 kB)
2025-08-23T11:51:18.9678075Z Using cached httpx-0.28.1-py3-none-any.whl (73 kB)
2025-08-23T11:51:18.9689623Z Using cached mypy-1.17.1-cp312-cp312-manylinux2014_x86_64.manylinux_2_17_x86_64.manylinux_2_28_x86_64.whl (12.7 MB)
2025-08-23T11:51:18.9789794Z Using cached numpy-1.26.4-cp312-cp312-manylinux_2_17_x86_64.manylinux2014_x86_64.whl (18.0 MB)
2025-08-23T11:51:18.9928466Z Using cached pandas-2.2.3-cp312-cp312-manylinux_2_17_x86_64.manylinux2014_x86_64.whl (12.7 MB)
2025-08-23T11:51:19.0031950Z Using cached pandera-0.19.3-py3-none-any.whl (251 kB)
2025-08-23T11:51:19.0044049Z Using cached billiard-4.2.1-py3-none-any.whl (86 kB)
2025-08-23T11:51:19.0055917Z Using cached charset_normalizer-3.4.3-cp312-cp312-manylinux2014_x86_64.manylinux_2_17_x86_64.manylinux_2_28_x86_64.whl (151 kB)
2025-08-23T11:51:19.0067216Z Using cached click-8.2.1-py3-none-any.whl (102 kB)
2025-08-23T11:51:19.0078751Z Using cached databind.core-4.5.2-py3-none-any.whl (1.5 kB)
2025-08-23T11:51:19.0089677Z Using cached databind-4.5.2-py3-none-any.whl (49 kB)
2025-08-23T11:51:19.0100395Z Using cached databind.json-4.5.2-py3-none-any.whl (1.5 kB)
2025-08-23T11:51:19.0110999Z Using cached Deprecated-1.2.18-py2.py3-none-any.whl (10.0 kB)
2025-08-23T11:51:19.0121587Z Using cached httpcore-1.0.9-py3-none-any.whl (78 kB)
2025-08-23T11:51:19.0132667Z Using cached idna-3.10-py3-none-any.whl (70 kB)
2025-08-23T11:51:19.0143578Z Using cached kombu-5.5.4-py3-none-any.whl (210 kB)
2025-08-23T11:51:19.0155394Z Using cached vine-5.1.0-py3-none-any.whl (9.6 kB)
2025-08-23T11:51:19.0165902Z Using cached amqp-5.3.1-py3-none-any.whl (50 kB)
2025-08-23T11:51:19.0176646Z Using cached multimethod-1.10-py3-none-any.whl (9.9 kB)
2025-08-23T11:51:19.0187546Z Using cached nr_date-2.1.0-py3-none-any.whl (10 kB)
2025-08-23T11:51:19.0198303Z Using cached nr_stream-1.1.5-py3-none-any.whl (10 kB)
2025-08-23T11:51:19.0208938Z Using cached nr.util-0.8.12-py3-none-any.whl (90 kB)
2025-08-23T11:51:19.0220037Z Using cached pytest-8.4.1-py3-none-any.whl (365 kB)
2025-08-23T11:51:19.0233130Z Using cached pluggy-1.6.0-py3-none-any.whl (20 kB)
2025-08-23T11:51:19.0244238Z Using cached PyYAML-6.0.2-cp312-cp312-manylinux_2_17_x86_64.manylinux2014_x86_64.whl (767 kB)
2025-08-23T11:51:19.0260844Z Using cached starlette-0.47.2-py3-none-any.whl (72 kB)
2025-08-23T11:51:19.0271775Z Using cached anyio-4.10.0-py3-none-any.whl (107 kB)
2025-08-23T11:51:19.0283449Z Using cached tomli-2.2.1-cp312-cp312-manylinux_2_17_x86_64.manylinux2014_x86_64.whl (242 kB)
2025-08-23T11:51:19.0295393Z Using cached tomli_w-1.2.0-py3-none-any.whl (6.7 kB)
2025-08-23T11:51:19.0305815Z Using cached typeapi-2.2.4-py3-none-any.whl (26 kB)
2025-08-23T11:51:19.0316656Z Using cached typing_extensions-4.14.1-py3-none-any.whl (43 kB)
2025-08-23T11:51:19.0327537Z Using cached urllib3-2.5.0-py3-none-any.whl (129 kB)
2025-08-23T11:51:19.0339471Z Using cached wrapt-1.17.3-cp312-cp312-manylinux1_x86_64.manylinux_2_28_x86_64.manylinux_2_5_x86_64.whl (88 kB)
2025-08-23T11:51:19.0372213Z Downloading boto3-1.40.16-py3-none-any.whl (140 kB)
2025-08-23T11:51:19.0567964Z Downloading botocore-1.40.16-py3-none-any.whl (14.0 MB)
2025-08-23T11:51:19.1197852Z    ━━━━━━━━━━━━━━━━━━━━━━━━━━━━━━━━━━━━━━━━ 14.0/14.0 MB 230.5 MB/s  0:00:00
2025-08-23T11:51:19.1210510Z Using cached jmespath-1.0.1-py3-none-any.whl (20 kB)
2025-08-23T11:51:19.1222237Z Using cached python_dateutil-2.9.0.post0-py2.py3-none-any.whl (229 kB)
2025-08-23T11:51:19.1235074Z Using cached s3transfer-0.13.1-py3-none-any.whl (85 kB)
2025-08-23T11:51:19.1247367Z Using cached itsdangerous-2.2.0-py3-none-any.whl (16 kB)
2025-08-23T11:51:19.1258856Z Using cached setuptools-80.9.0-py3-none-any.whl (1.2 MB)
2025-08-23T11:51:19.1278766Z Using cached python_dotenv-1.1.1-py3-none-any.whl (20 kB)
2025-08-23T11:51:19.1290306Z Using cached python_multipart-0.0.20-py3-none-any.whl (24 kB)
2025-08-23T11:51:19.1301740Z Using cached annotated_types-0.7.0-py3-none-any.whl (13 kB)
2025-08-23T11:51:19.1313289Z Using cached certifi-2025.8.3-py3-none-any.whl (161 kB)
2025-08-23T11:51:19.1325554Z Using cached click_didyoumean-0.3.1-py3-none-any.whl (3.6 kB)
2025-08-23T11:51:19.1337613Z Using cached click_plugins-1.1.1.2-py2.py3-none-any.whl (11 kB)
2025-08-23T11:51:19.1348790Z Using cached click_repl-0.3.0-py3-none-any.whl (10 kB)
2025-08-23T11:51:19.1360446Z Using cached coverage-7.10.4-cp312-cp312-manylinux1_x86_64.manylinux_2_28_x86_64.manylinux_2_5_x86_64.whl (251 kB)
2025-08-23T11:51:19.1372954Z Using cached email_validator-2.2.0-py3-none-any.whl (33 kB)
2025-08-23T11:51:19.1384382Z Using cached dnspython-2.7.0-py3-none-any.whl (313 kB)
2025-08-23T11:51:19.1397782Z Using cached fastapi_cli-0.0.8-py3-none-any.whl (10 kB)
2025-08-23T11:51:19.1409107Z Using cached fastapi_cloud_cli-0.1.5-py3-none-any.whl (18 kB)
2025-08-23T11:51:19.1420859Z Using cached greenlet-3.2.4-cp312-cp312-manylinux_2_24_x86_64.manylinux_2_28_x86_64.whl (607 kB)
2025-08-23T11:51:19.1436141Z Using cached h11-0.16.0-py3-none-any.whl (37 kB)
2025-08-23T11:51:19.1447878Z Using cached iniconfig-2.1.0-py3-none-any.whl (6.0 kB)
2025-08-23T11:51:19.1459548Z Using cached MarkupSafe-3.0.2-cp312-cp312-manylinux_2_17_x86_64.manylinux2014_x86_64.whl (23 kB)
2025-08-23T11:51:19.1470913Z Using cached mirakuru-2.6.1-py3-none-any.whl (26 kB)
2025-08-23T11:51:19.1482627Z Using cached orjson-3.11.2-cp312-cp312-manylinux_2_17_x86_64.manylinux2014_x86_64.whl (121 kB)
2025-08-23T11:51:19.1494575Z Using cached packaging-25.0-py3-none-any.whl (66 kB)
2025-08-23T11:51:19.1506023Z Using cached pathspec-0.12.1-py3-none-any.whl (31 kB)
2025-08-23T11:51:19.1517682Z Using cached platformdirs-4.3.8-py3-none-any.whl (18 kB)
2025-08-23T11:51:19.1528934Z Using cached port_for-0.7.4-py3-none-any.whl (21 kB)
2025-08-23T11:51:19.1540412Z Using cached prompt_toolkit-3.0.51-py3-none-any.whl (387 kB)
2025-08-23T11:51:19.1555009Z Using cached psutil-7.0.0-cp36-abi3-manylinux_2_12_x86_64.manylinux2010_x86_64.manylinux_2_17_x86_64.manylinux2014_x86_64.whl (277 kB)
2025-08-23T11:51:19.1567752Z Using cached pydantic_extra_types-2.10.5-py3-none-any.whl (38 kB)
2025-08-23T11:51:19.1579368Z Using cached pydantic_settings-2.10.1-py3-none-any.whl (45 kB)
2025-08-23T11:51:19.1590733Z Using cached pygments-2.19.2-py3-none-any.whl (1.2 MB)
2025-08-23T11:51:19.1610886Z Using cached pytz-2025.2-py2.py3-none-any.whl (509 kB)
2025-08-23T11:51:19.1625518Z Using cached rich_toolkit-0.15.0-py3-none-any.whl (29 kB)
2025-08-23T11:51:19.1637083Z Using cached rich-14.1.0-py3-none-any.whl (243 kB)
2025-08-23T11:51:19.1650158Z Using cached markdown_it_py-4.0.0-py3-none-any.whl (87 kB)
2025-08-23T11:51:19.1662477Z Using cached mdurl-0.1.2-py3-none-any.whl (10.0 kB)
2025-08-23T11:51:19.1673571Z Using cached rignore-0.6.4-cp312-cp312-manylinux_2_17_x86_64.manylinux2014_x86_64.whl (949 kB)
2025-08-23T11:51:19.1691479Z Using cached sentry_sdk-2.35.0-py2.py3-none-any.whl (363 kB)
2025-08-23T11:51:19.1704734Z Using cached six-1.17.0-py2.py3-none-any.whl (11 kB)
2025-08-23T11:51:19.1715457Z Using cached sniffio-1.3.1-py3-none-any.whl (10 kB)
2025-08-23T11:51:19.1726144Z Using cached typer-0.16.1-py3-none-any.whl (46 kB)
2025-08-23T11:51:19.1737397Z Using cached shellingham-1.5.4-py2.py3-none-any.whl (9.8 kB)
2025-08-23T11:51:19.1748432Z Using cached typing_inspect-0.9.0-py3-none-any.whl (8.8 kB)
2025-08-23T11:51:19.1759222Z Using cached typing_inspection-0.4.1-py3-none-any.whl (14 kB)
2025-08-23T11:51:19.1770387Z Using cached tzdata-2025.2-py2.py3-none-any.whl (347 kB)
2025-08-23T11:51:19.1783808Z Using cached tzlocal-5.3.1-py3-none-any.whl (18 kB)
2025-08-23T11:51:19.1794816Z Using cached ujson-5.11.0-cp312-cp312-manylinux_2_24_x86_64.manylinux_2_28_x86_64.whl (57 kB)
2025-08-23T11:51:19.1805868Z Using cached uvicorn-0.35.0-py3-none-any.whl (66 kB)
2025-08-23T11:51:19.1817915Z Using cached httptools-0.6.4-cp312-cp312-manylinux_2_5_x86_64.manylinux1_x86_64.manylinux_2_17_x86_64.manylinux2014_x86_64.whl (510 kB)
2025-08-23T11:51:19.1832286Z Using cached uvloop-0.21.0-cp312-cp312-manylinux_2_17_x86_64.manylinux2014_x86_64.whl (4.7 MB)
2025-08-23T11:51:19.1877441Z Using cached watchfiles-1.1.0-cp312-cp312-manylinux_2_17_x86_64.manylinux2014_x86_64.whl (452 kB)
2025-08-23T11:51:19.1891750Z Using cached websockets-15.0.1-cp312-cp312-manylinux_2_5_x86_64.manylinux1_x86_64.manylinux_2_17_x86_64.manylinux2014_x86_64.whl (182 kB)
2025-08-23T11:51:19.1903375Z Using cached yapf-0.43.0-py3-none-any.whl (256 kB)
2025-08-23T11:51:19.1917315Z Using cached argon2_cffi-25.1.0-py3-none-any.whl (14 kB)
2025-08-23T11:51:19.1929135Z Using cached argon2_cffi_bindings-25.1.0-cp39-abi3-manylinux_2_26_x86_64.manylinux_2_28_x86_64.whl (87 kB)
2025-08-23T11:51:19.1941189Z Using cached cffi-1.17.1-cp312-cp312-manylinux_2_17_x86_64.manylinux2014_x86_64.whl (479 kB)
2025-08-23T11:51:19.1955627Z Using cached docker-7.1.0-py3-none-any.whl (147 kB)
2025-08-23T11:51:19.1967986Z Using cached et_xmlfile-2.0.0-py3-none-any.whl (18 kB)
2025-08-23T11:51:19.1979234Z Using cached mako-1.3.10-py3-none-any.whl (78 kB)
2025-08-23T11:51:19.1990892Z Using cached pycparser-2.22-py3-none-any.whl (117 kB)
2025-08-23T11:51:19.2003391Z Using cached pycryptodome-3.23.0-cp37-abi3-manylinux_2_17_x86_64.manylinux2014_x86_64.whl (2.3 MB)
2025-08-23T11:51:19.2030645Z Using cached toml-0.10.2-py2.py3-none-any.whl (16 kB)
2025-08-23T11:51:19.2041785Z Using cached typeguard-4.4.4-py3-none-any.whl (34 kB)
2025-08-23T11:51:19.2053224Z Using cached watchdog-6.0.0-py3-none-manylinux2014_x86_64.whl (79 kB)
2025-08-23T11:51:19.2064827Z Using cached wcwidth-0.2.13-py2.py3-none-any.whl (34 kB)
2025-08-23T11:51:19.6779549Z Installing collected packages: wcwidth, pytz, wrapt, websockets, watchdog, vine, uvloop, urllib3, ujson, tzlocal, tzdata, typing-extensions, tomli_w, tomli, toml, structlog, sniffio, six, shellingham, setuptools, ruff, rignore, redis, PyYAML, python-multipart, python-dotenv, pygments, pycryptodome, pycparser, psycopg2-binary, psycopg-binary, psutil, prompt-toolkit, port-for, pluggy, platformdirs, pathspec, packaging, orjson, numpy, nr-stream, nr-date, mypy-extensions, multimethod, mdurl, MarkupSafe, jmespath, itsdangerous, iniconfig, imapclient, idna, httptools, h11, greenlet, et-xmlfile, docstring-parser, dnspython, coverage, click, charset_normalizer, certifi, billiard, asyncpg, annotated-types, yapf, vulture, uvicorn, typing-inspection, typing-inspect, types-requests, typeguard, typeapi, sqlalchemy, sentry-sdk, requests, python-dateutil, pytest, pydantic-core, psycopg, openpyxl, mypy, mirakuru, markdown-it-py, Mako, Jinja2, httpcore, email-validator, Deprecated, click-repl, click-plugins, click-didyoumean, cffi, black, apscheduler, anyio, amqp, watchfiles, starlette, rich, pytest-postgresql, pytest-cov, pytest-asyncio, pydantic, pandas, nr-util, kombu, httpx, docker, databind, botocore, argon2-cffi-bindings, alembic, typer, testcontainers, s3transfer, rich-toolkit, respx, python-telegram-bot, pydantic-settings, pydantic-extra-types, pandera, fastapi, databind.json, databind.core, celery, asgi-correlation-id, argon2-cffi, minio, fastapi-limiter, fastapi-cloud-cli, fastapi-cli, docspec, boto3, docspec-python, pydoc-markdown
2025-08-23T11:51:39.0578225Z 
2025-08-23T11:51:39.0698707Z Successfully installed Deprecated-1.2.18 Jinja2-3.1.6 Mako-1.3.10 MarkupSafe-3.0.2 PyYAML-6.0.2 alembic-1.16.4 amqp-5.3.1 annotated-types-0.7.0 anyio-4.10.0 apscheduler-3.10.4 argon2-cffi-25.1.0 argon2-cffi-bindings-25.1.0 asgi-correlation-id-4.3.1 asyncpg-0.30.0 billiard-4.2.1 black-25.1.0 boto3-1.40.16 botocore-1.40.16 celery-5.5.3 certifi-2025.8.3 cffi-1.17.1 charset_normalizer-3.4.3 click-8.2.1 click-didyoumean-0.3.1 click-plugins-1.1.1.2 click-repl-0.3.0 coverage-7.10.4 databind-4.5.2 databind.core-4.5.2 databind.json-4.5.2 dnspython-2.7.0 docker-7.1.0 docspec-2.2.1 docspec-python-2.2.2 docstring-parser-0.11 email-validator-2.2.0 et-xmlfile-2.0.0 fastapi-0.116.1 fastapi-cli-0.0.8 fastapi-cloud-cli-0.1.5 fastapi-limiter-0.1.6 greenlet-3.2.4 h11-0.16.0 httpcore-1.0.9 httptools-0.6.4 httpx-0.28.1 idna-3.10 imapclient-3.0.1 iniconfig-2.1.0 itsdangerous-2.2.0 jmespath-1.0.1 kombu-5.5.4 markdown-it-py-4.0.0 mdurl-0.1.2 minio-7.2.16 mirakuru-2.6.1 multimethod-1.10 mypy-1.17.1 mypy-extensions-1.1.0 nr-date-2.1.0 nr-stream-1.1.5 nr-util-0.8.12 numpy-1.26.4 openpyxl-3.1.5 orjson-3.11.2 packaging-25.0 pandas-2.2.3 pandera-0.19.3 pathspec-0.12.1 platformdirs-4.3.8 pluggy-1.6.0 port-for-0.7.4 prompt-toolkit-3.0.51 psutil-7.0.0 psycopg-3.2.9 psycopg-binary-3.2.9 psycopg2-binary-2.9.10 pycparser-2.22 pycryptodome-3.23.0 pydantic-2.11.7 pydantic-core-2.33.2 pydantic-extra-types-2.10.5 pydantic-settings-2.10.1 pydoc-markdown-4.8.2 pygments-2.19.2 pytest-8.4.1 pytest-asyncio-1.1.0 pytest-cov-6.2.1 pytest-postgresql-7.0.2 python-dateutil-2.9.0.post0 python-dotenv-1.1.1 python-multipart-0.0.20 python-telegram-bot-22.3 pytz-2025.2 redis-6.4.0 requests-2.32.4 respx-0.22.0 rich-14.1.0 rich-toolkit-0.15.0 rignore-0.6.4 ruff-0.9.9 s3transfer-0.13.1 sentry-sdk-2.35.0 setuptools-80.9.0 shellingham-1.5.4 six-1.17.0 sniffio-1.3.1 sqlalchemy-2.0.43 starlette-0.47.2 structlog-24.1.0 testcontainers-4.12.0 toml-0.10.2 tomli-2.2.1 tomli_w-1.2.0 typeapi-2.2.4 typeguard-4.4.4 typer-0.16.1 types-requests-2.32.4.20250809 typing-extensions-4.14.1 typing-inspect-0.9.0 typing-inspection-0.4.1 tzdata-2025.2 tzlocal-5.3.1 ujson-5.11.0 urllib3-2.5.0 uvicorn-0.35.0 uvloop-0.21.0 vine-5.1.0 vulture-2.10 watchdog-6.0.0 watchfiles-1.1.0 wcwidth-0.2.13 websockets-15.0.1 wrapt-1.17.3 yapf-0.43.0
2025-08-23T11:51:40.5163129Z Collecting keepa==1.3.15
2025-08-23T11:51:40.5176020Z   Using cached keepa-1.3.15-py3-none-any.whl.metadata (11 kB)
2025-08-23T11:51:40.5444134Z Collecting minio==7.1.15
2025-08-23T11:51:40.5455879Z   Using cached minio-7.1.15-py3-none-any.whl.metadata (4.2 kB)
2025-08-23T11:51:40.5482371Z Requirement already satisfied: numpy>=1.9.3 in /opt/hostedtoolcache/Python/3.12.11/x64/lib/python3.12/site-packages (from keepa==1.3.15) (1.26.4)
2025-08-23T11:51:40.5487521Z Requirement already satisfied: requests>=2.2 in /opt/hostedtoolcache/Python/3.12.11/x64/lib/python3.12/site-packages (from keepa==1.3.15) (2.32.4)
2025-08-23T11:51:40.5803493Z Collecting tqdm (from keepa==1.3.15)
2025-08-23T11:51:40.5814970Z   Using cached tqdm-4.67.1-py3-none-any.whl.metadata (57 kB)
2025-08-23T11:51:41.0673391Z Collecting aiohttp (from keepa==1.3.15)
2025-08-23T11:51:41.0686775Z   Using cached aiohttp-3.12.15-cp312-cp312-manylinux_2_17_x86_64.manylinux2014_x86_64.whl.metadata (7.7 kB)
2025-08-23T11:51:41.0723194Z Requirement already satisfied: pandas<=3.0 in /opt/hostedtoolcache/Python/3.12.11/x64/lib/python3.12/site-packages (from keepa==1.3.15) (2.2.3)
2025-08-23T11:51:41.0726742Z Requirement already satisfied: pydantic in /opt/hostedtoolcache/Python/3.12.11/x64/lib/python3.12/site-packages (from keepa==1.3.15) (2.11.7)
2025-08-23T11:51:41.0734310Z Requirement already satisfied: certifi in /opt/hostedtoolcache/Python/3.12.11/x64/lib/python3.12/site-packages (from minio==7.1.15) (2025.8.3)
2025-08-23T11:51:41.0737803Z Requirement already satisfied: urllib3 in /opt/hostedtoolcache/Python/3.12.11/x64/lib/python3.12/site-packages (from minio==7.1.15) (2.5.0)
2025-08-23T11:51:41.0795898Z Requirement already satisfied: python-dateutil>=2.8.2 in /opt/hostedtoolcache/Python/3.12.11/x64/lib/python3.12/site-packages (from pandas<=3.0->keepa==1.3.15) (2.9.0.post0)
2025-08-23T11:51:41.0801261Z Requirement already satisfied: pytz>=2020.1 in /opt/hostedtoolcache/Python/3.12.11/x64/lib/python3.12/site-packages (from pandas<=3.0->keepa==1.3.15) (2025.2)
2025-08-23T11:51:41.0805926Z Requirement already satisfied: tzdata>=2022.7 in /opt/hostedtoolcache/Python/3.12.11/x64/lib/python3.12/site-packages (from pandas<=3.0->keepa==1.3.15) (2025.2)
2025-08-23T11:51:41.0930846Z Requirement already satisfied: six>=1.5 in /opt/hostedtoolcache/Python/3.12.11/x64/lib/python3.12/site-packages (from python-dateutil>=2.8.2->pandas<=3.0->keepa==1.3.15) (1.17.0)
2025-08-23T11:51:41.0949657Z Requirement already satisfied: charset_normalizer<4,>=2 in /opt/hostedtoolcache/Python/3.12.11/x64/lib/python3.12/site-packages (from requests>=2.2->keepa==1.3.15) (3.4.3)
2025-08-23T11:51:41.0955962Z Requirement already satisfied: idna<4,>=2.5 in /opt/hostedtoolcache/Python/3.12.11/x64/lib/python3.12/site-packages (from requests>=2.2->keepa==1.3.15) (3.10)
2025-08-23T11:51:41.1147480Z Collecting aiohappyeyeballs>=2.5.0 (from aiohttp->keepa==1.3.15)
2025-08-23T11:51:41.1159199Z   Using cached aiohappyeyeballs-2.6.1-py3-none-any.whl.metadata (5.9 kB)
2025-08-23T11:51:41.1305471Z Collecting aiosignal>=1.4.0 (from aiohttp->keepa==1.3.15)
2025-08-23T11:51:41.1316655Z   Using cached aiosignal-1.4.0-py3-none-any.whl.metadata (3.7 kB)
2025-08-23T11:51:41.1456124Z Collecting attrs>=17.3.0 (from aiohttp->keepa==1.3.15)
2025-08-23T11:51:41.1467346Z   Using cached attrs-25.3.0-py3-none-any.whl.metadata (10 kB)
2025-08-23T11:51:41.2133388Z Collecting frozenlist>=1.1.1 (from aiohttp->keepa==1.3.15)
2025-08-23T11:51:41.2147312Z   Using cached frozenlist-1.7.0-cp312-cp312-manylinux_2_5_x86_64.manylinux1_x86_64.manylinux_2_17_x86_64.manylinux2014_x86_64.whl.metadata (18 kB)
2025-08-23T11:51:41.4603437Z Collecting multidict<7.0,>=4.5 (from aiohttp->keepa==1.3.15)
2025-08-23T11:51:41.4617563Z   Using cached multidict-6.6.4-cp312-cp312-manylinux2014_x86_64.manylinux_2_17_x86_64.manylinux_2_28_x86_64.whl.metadata (5.3 kB)
2025-08-23T11:51:41.5023694Z Collecting propcache>=0.2.0 (from aiohttp->keepa==1.3.15)
2025-08-23T11:51:41.5036266Z   Using cached propcache-0.3.2-cp312-cp312-manylinux_2_17_x86_64.manylinux2014_x86_64.whl.metadata (12 kB)
2025-08-23T11:51:41.7378833Z Collecting yarl<2.0,>=1.17.0 (from aiohttp->keepa==1.3.15)
2025-08-23T11:51:41.7393211Z   Using cached yarl-1.20.1-cp312-cp312-manylinux_2_17_x86_64.manylinux2014_x86_64.whl.metadata (73 kB)
2025-08-23T11:51:41.7618830Z Requirement already satisfied: typing-extensions>=4.2 in /opt/hostedtoolcache/Python/3.12.11/x64/lib/python3.12/site-packages (from aiosignal>=1.4.0->aiohttp->keepa==1.3.15) (4.14.1)
2025-08-23T11:51:41.7667779Z Requirement already satisfied: annotated-types>=0.6.0 in /opt/hostedtoolcache/Python/3.12.11/x64/lib/python3.12/site-packages (from pydantic->keepa==1.3.15) (0.7.0)
2025-08-23T11:51:41.7673664Z Requirement already satisfied: pydantic-core==2.33.2 in /opt/hostedtoolcache/Python/3.12.11/x64/lib/python3.12/site-packages (from pydantic->keepa==1.3.15) (2.33.2)
2025-08-23T11:51:41.7680238Z Requirement already satisfied: typing-inspection>=0.4.0 in /opt/hostedtoolcache/Python/3.12.11/x64/lib/python3.12/site-packages (from pydantic->keepa==1.3.15) (0.4.1)
2025-08-23T11:51:41.7741588Z Using cached keepa-1.3.15-py3-none-any.whl (38 kB)
2025-08-23T11:51:41.7752512Z Using cached minio-7.1.15-py3-none-any.whl (77 kB)
2025-08-23T11:51:41.7764546Z Using cached aiohttp-3.12.15-cp312-cp312-manylinux_2_17_x86_64.manylinux2014_x86_64.whl (1.7 MB)
2025-08-23T11:51:41.7791175Z Using cached multidict-6.6.4-cp312-cp312-manylinux2014_x86_64.manylinux_2_17_x86_64.manylinux_2_28_x86_64.whl (256 kB)
2025-08-23T11:51:41.7803727Z Using cached yarl-1.20.1-cp312-cp312-manylinux_2_17_x86_64.manylinux2014_x86_64.whl (355 kB)
2025-08-23T11:51:41.7816840Z Using cached aiohappyeyeballs-2.6.1-py3-none-any.whl (15 kB)
2025-08-23T11:51:41.7828009Z Using cached aiosignal-1.4.0-py3-none-any.whl (7.5 kB)
2025-08-23T11:51:41.7838652Z Using cached attrs-25.3.0-py3-none-any.whl (63 kB)
2025-08-23T11:51:41.7850313Z Using cached frozenlist-1.7.0-cp312-cp312-manylinux_2_5_x86_64.manylinux1_x86_64.manylinux_2_17_x86_64.manylinux2014_x86_64.whl (241 kB)
2025-08-23T11:51:41.7863081Z Using cached propcache-0.3.2-cp312-cp312-manylinux_2_17_x86_64.manylinux2014_x86_64.whl (224 kB)
2025-08-23T11:51:41.7875108Z Using cached tqdm-4.67.1-py3-none-any.whl (78 kB)
2025-08-23T11:51:41.9690655Z Installing collected packages: tqdm, propcache, multidict, minio, frozenlist, attrs, aiohappyeyeballs, yarl, aiosignal, aiohttp, keepa
2025-08-23T11:51:42.0456585Z   Attempting uninstall: minio
2025-08-23T11:51:42.0505451Z     Found existing installation: minio 7.2.16
2025-08-23T11:51:42.0542714Z     Uninstalling minio-7.2.16:
2025-08-23T11:51:42.0553253Z       Successfully uninstalled minio-7.2.16
2025-08-23T11:51:42.4197943Z 
2025-08-23T11:51:42.4314961Z Successfully installed aiohappyeyeballs-2.6.1 aiohttp-3.12.15 aiosignal-1.4.0 attrs-25.3.0 frozenlist-1.7.0 keepa-1.3.15 minio-7.1.15 multidict-6.6.4 propcache-0.3.2 tqdm-4.67.1 yarl-1.20.1
2025-08-23T11:51:42.6028674Z ##[group]Run ruff check .
2025-08-23T11:51:42.6028964Z [36;1mruff check .[0m
2025-08-23T11:51:42.6029172Z [36;1mruff format --check .[0m
2025-08-23T11:51:42.6029392Z [36;1mvulture[0m
2025-08-23T11:51:42.6070065Z shell: /usr/bin/bash -e {0}
2025-08-23T11:51:42.6070287Z env:
2025-08-23T11:51:42.6070483Z   REDIS_URL: redis://localhost:6379/0
2025-08-23T11:51:42.6070747Z   RATE_LIMIT_DEFAULT: 100/minute
2025-08-23T11:51:42.6070968Z   TRUST_X_FORWARDED: 1
2025-08-23T11:51:42.6071156Z   PG_USER: postgres
2025-08-23T11:51:42.6071347Z   PG_PASSWORD: pass
2025-08-23T11:51:42.6071530Z   PG_DATABASE: awa
2025-08-23T11:51:42.6071701Z   PG_HOST: localhost
2025-08-23T11:51:42.6071882Z   PG_PORT: 5432
2025-08-23T11:51:42.6072306Z   PG_SYNC_DSN: ***localhost:5432/awa
2025-08-23T11:51:42.6072683Z   PG_ASYNC_DSN: ***localhost:5432/awa
2025-08-23T11:51:42.6073048Z   DATABASE_URL: ***localhost:5432/awa
2025-08-23T11:51:42.6073275Z   DATA_DIR: /tmp/awa-data
2025-08-23T11:51:42.6073509Z   ENABLE_LIVE: 0
2025-08-23T11:51:42.6073683Z   TESTING: 1
2025-08-23T11:51:42.6073915Z   pythonLocation: /opt/hostedtoolcache/Python/3.12.11/x64
2025-08-23T11:51:42.6074304Z   PKG_CONFIG_PATH: /opt/hostedtoolcache/Python/3.12.11/x64/lib/pkgconfig
2025-08-23T11:51:42.6074687Z   Python_ROOT_DIR: /opt/hostedtoolcache/Python/3.12.11/x64
2025-08-23T11:51:42.6075032Z   Python2_ROOT_DIR: /opt/hostedtoolcache/Python/3.12.11/x64
2025-08-23T11:51:42.6075378Z   Python3_ROOT_DIR: /opt/hostedtoolcache/Python/3.12.11/x64
2025-08-23T11:51:42.6075727Z   LD_LIBRARY_PATH: /opt/hostedtoolcache/Python/3.12.11/x64/lib
2025-08-23T11:51:42.6076014Z ##[endgroup]
2025-08-23T11:51:42.6361823Z All checks passed!
2025-08-23T11:51:42.6590319Z 259 files already formatted
2025-08-23T11:51:42.7153891Z ##[group]Run for i in {1..30}; do pg_isready -h "$PG_HOST" -p "$PG_PORT" -U "$PG_USER" -d "$PG_DATABASE" && break; sleep 1; done
2025-08-23T11:51:42.7154541Z [36;1mfor i in {1..30}; do pg_isready -h "$PG_HOST" -p "$PG_PORT" -U "$PG_USER" -d "$PG_DATABASE" && break; sleep 1; done[0m
2025-08-23T11:51:42.7195524Z shell: /usr/bin/bash -e {0}
2025-08-23T11:51:42.7195753Z env:
2025-08-23T11:51:42.7195943Z   REDIS_URL: redis://localhost:6379/0
2025-08-23T11:51:42.7196205Z   RATE_LIMIT_DEFAULT: 100/minute
2025-08-23T11:51:42.7196427Z   TRUST_X_FORWARDED: 1
2025-08-23T11:51:42.7196615Z   PG_USER: postgres
2025-08-23T11:51:42.7196800Z   PG_PASSWORD: pass
2025-08-23T11:51:42.7197083Z   PG_DATABASE: awa
2025-08-23T11:51:42.7197252Z   PG_HOST: localhost
2025-08-23T11:51:42.7197434Z   PG_PORT: 5432
2025-08-23T11:51:42.7197857Z   PG_SYNC_DSN: ***localhost:5432/awa
2025-08-23T11:51:42.7198250Z   PG_ASYNC_DSN: ***localhost:5432/awa
2025-08-23T11:51:42.7198650Z   DATABASE_URL: ***localhost:5432/awa
2025-08-23T11:51:42.7198878Z   DATA_DIR: /tmp/awa-data
2025-08-23T11:51:42.7199077Z   ENABLE_LIVE: 0
2025-08-23T11:51:42.7199243Z   TESTING: 1
2025-08-23T11:51:42.7199466Z   pythonLocation: /opt/hostedtoolcache/Python/3.12.11/x64
2025-08-23T11:51:42.7199854Z   PKG_CONFIG_PATH: /opt/hostedtoolcache/Python/3.12.11/x64/lib/pkgconfig
2025-08-23T11:51:42.7200236Z   Python_ROOT_DIR: /opt/hostedtoolcache/Python/3.12.11/x64
2025-08-23T11:51:42.7200583Z   Python2_ROOT_DIR: /opt/hostedtoolcache/Python/3.12.11/x64
2025-08-23T11:51:42.7200924Z   Python3_ROOT_DIR: /opt/hostedtoolcache/Python/3.12.11/x64
2025-08-23T11:51:42.7201271Z   LD_LIBRARY_PATH: /opt/hostedtoolcache/Python/3.12.11/x64/lib
2025-08-23T11:51:42.7201556Z ##[endgroup]
2025-08-23T11:51:42.8072012Z localhost:5432 - accepting connections
2025-08-23T11:51:42.8121199Z ##[group]Run psql -h "$PG_HOST" -p "$PG_PORT" -U "$PG_USER" -d "$PG_DATABASE" -c "SELECT 1"
2025-08-23T11:51:42.8122112Z [36;1mpsql -h "$PG_HOST" -p "$PG_PORT" -U "$PG_USER" -d "$PG_DATABASE" -c "SELECT 1"[0m
2025-08-23T11:51:42.8163766Z shell: /usr/bin/bash -e {0}
2025-08-23T11:51:42.8163996Z env:
2025-08-23T11:51:42.8164193Z   REDIS_URL: redis://localhost:6379/0
2025-08-23T11:51:42.8164455Z   RATE_LIMIT_DEFAULT: 100/minute
2025-08-23T11:51:42.8164681Z   TRUST_X_FORWARDED: 1
2025-08-23T11:51:42.8164884Z   PG_USER: postgres
2025-08-23T11:51:42.8165074Z   PG_PASSWORD: pass
2025-08-23T11:51:42.8165255Z   PG_DATABASE: awa
2025-08-23T11:51:42.8165425Z   PG_HOST: localhost
2025-08-23T11:51:42.8165617Z   PG_PORT: 5432
2025-08-23T11:51:42.8166053Z   PG_SYNC_DSN: ***localhost:5432/awa
2025-08-23T11:51:42.8166431Z   PG_ASYNC_DSN: ***localhost:5432/awa
2025-08-23T11:51:42.8166801Z   DATABASE_URL: ***localhost:5432/awa
2025-08-23T11:51:42.8167234Z   DATA_DIR: /tmp/awa-data
2025-08-23T11:51:42.8167478Z   ENABLE_LIVE: 0
2025-08-23T11:51:42.8167646Z   TESTING: 1
2025-08-23T11:51:42.8167901Z   pythonLocation: /opt/hostedtoolcache/Python/3.12.11/x64
2025-08-23T11:51:42.8168291Z   PKG_CONFIG_PATH: /opt/hostedtoolcache/Python/3.12.11/x64/lib/pkgconfig
2025-08-23T11:51:42.8168676Z   Python_ROOT_DIR: /opt/hostedtoolcache/Python/3.12.11/x64
2025-08-23T11:51:42.8169029Z   Python2_ROOT_DIR: /opt/hostedtoolcache/Python/3.12.11/x64
2025-08-23T11:51:42.8169381Z   Python3_ROOT_DIR: /opt/hostedtoolcache/Python/3.12.11/x64
2025-08-23T11:51:42.8169734Z   LD_LIBRARY_PATH: /opt/hostedtoolcache/Python/3.12.11/x64/lib
2025-08-23T11:51:42.8170023Z   PGPASSWORD: pass
2025-08-23T11:51:42.8170209Z ##[endgroup]
2025-08-23T11:51:42.8869661Z  ?column? 
2025-08-23T11:51:42.8869994Z ----------
2025-08-23T11:51:42.8870262Z         1
2025-08-23T11:51:42.8870511Z (1 row)
2025-08-23T11:51:42.8870657Z 
2025-08-23T11:51:42.8904814Z ##[group]Run alembic -c services/api/alembic.ini upgrade head
2025-08-23T11:51:42.8905239Z [36;1malembic -c services/api/alembic.ini upgrade head[0m
2025-08-23T11:51:42.8946134Z shell: /usr/bin/bash -e {0}
2025-08-23T11:51:42.8946358Z env:
2025-08-23T11:51:42.8946566Z   REDIS_URL: redis://localhost:6379/0
2025-08-23T11:51:42.8946827Z   RATE_LIMIT_DEFAULT: 100/minute
2025-08-23T11:51:42.8947277Z   TRUST_X_FORWARDED: 1
2025-08-23T11:51:42.8947469Z   PG_USER: postgres
2025-08-23T11:51:42.8947664Z   PG_PASSWORD: pass
2025-08-23T11:51:42.8947848Z   PG_DATABASE: awa
2025-08-23T11:51:42.8948025Z   PG_HOST: localhost
2025-08-23T11:51:42.8948396Z   PG_PORT: 5432
2025-08-23T11:51:42.8948821Z   PG_SYNC_DSN: ***localhost:5432/awa
2025-08-23T11:51:42.8949212Z   PG_ASYNC_DSN: ***localhost:5432/awa
2025-08-23T11:51:42.8949584Z   DATABASE_URL: ***localhost:5432/awa
2025-08-23T11:51:42.8949811Z   DATA_DIR: /tmp/awa-data
2025-08-23T11:51:42.8950010Z   ENABLE_LIVE: 0
2025-08-23T11:51:42.8950219Z   TESTING: 1
2025-08-23T11:51:42.8950448Z   pythonLocation: /opt/hostedtoolcache/Python/3.12.11/x64
2025-08-23T11:51:42.8950841Z   PKG_CONFIG_PATH: /opt/hostedtoolcache/Python/3.12.11/x64/lib/pkgconfig
2025-08-23T11:51:42.8951219Z   Python_ROOT_DIR: /opt/hostedtoolcache/Python/3.12.11/x64
2025-08-23T11:51:42.8951554Z   Python2_ROOT_DIR: /opt/hostedtoolcache/Python/3.12.11/x64
2025-08-23T11:51:42.8951899Z   Python3_ROOT_DIR: /opt/hostedtoolcache/Python/3.12.11/x64
2025-08-23T11:51:42.8952247Z   LD_LIBRARY_PATH: /opt/hostedtoolcache/Python/3.12.11/x64/lib
2025-08-23T11:51:42.8952536Z ##[endgroup]
2025-08-23T11:51:43.7004337Z INFO  [alembic.runtime.migration] Context impl PostgresqlImpl.
2025-08-23T11:51:43.7005111Z INFO  [alembic.runtime.migration] Will assume transactional DDL.
2025-08-23T11:51:43.7228749Z INFO  [alembic.runtime.migration] Running upgrade  -> 0001_baseline
2025-08-23T11:51:43.7387393Z INFO  [alembic.runtime.migration] Running upgrade 0001_baseline -> 0002_create_roi_view
2025-08-23T11:51:43.7423670Z INFO  [alembic.runtime.migration] Running upgrade 0002_create_roi_view -> 3e9d5c5aff2c
2025-08-23T11:51:43.7661403Z INFO  [alembic.runtime.migration] Running upgrade 3e9d5c5aff2c -> 0003_vendor_prices
2025-08-23T11:51:43.7825903Z INFO  [alembic.runtime.migration] Running upgrade 0003_vendor_prices -> 0004_fee_cron
2025-08-23T11:51:43.7901537Z INFO  [alembic.runtime.migration] Running upgrade 0004_fee_cron -> 0006_fix_roi_views
2025-08-23T11:51:43.7934093Z INFO  [alembic.runtime.migration] Running upgrade 0006_fix_roi_views -> 0020_unified_schema
2025-08-23T11:51:43.8065700Z INFO  [alembic.runtime.migration] Running upgrade 0020_unified_schema -> 0022_fix_roi_view
2025-08-23T11:51:43.8173486Z INFO  [alembic.runtime.migration] Running upgrade 0022_fix_roi_view -> 0023_add_storage_fee
2025-08-23T11:51:43.8209637Z INFO  [alembic.runtime.migration] Running upgrade 0023_add_storage_fee -> 0024_create_buybox
2025-08-23T11:51:43.8237554Z INFO  [alembic.runtime.migration] Running upgrade 0024_create_buybox -> 0025_pr4_indexes_loadlog
2025-08-23T11:51:43.8462592Z INFO  [alembic.runtime.migration] Running upgrade 0025_pr4_indexes_loadlog -> 0026_fix_refund_views
2025-08-23T11:51:43.8520713Z INFO  [alembic.runtime.migration] Running upgrade 0025_pr4_indexes_loadlog -> 0026_amazon_new_reports
2025-08-23T11:51:43.8725600Z INFO  [alembic.runtime.migration] Running upgrade 0026_amazon_new_reports, 0026_fix_refund_views -> 0027_merge_reports_refund_heads
2025-08-23T11:51:43.9495364Z ##[group]Run python -m mypy services || true
2025-08-23T11:51:43.9495952Z [36;1mpython -m mypy services || true[0m
2025-08-23T11:51:43.9550749Z shell: /usr/bin/bash -e {0}
2025-08-23T11:51:43.9551001Z env:
2025-08-23T11:51:43.9551200Z   REDIS_URL: redis://localhost:6379/0
2025-08-23T11:51:43.9551464Z   RATE_LIMIT_DEFAULT: 100/minute
2025-08-23T11:51:43.9551691Z   TRUST_X_FORWARDED: 1
2025-08-23T11:51:43.9551879Z   PG_USER: postgres
2025-08-23T11:51:43.9552065Z   PG_PASSWORD: pass
2025-08-23T11:51:43.9552247Z   PG_DATABASE: awa
2025-08-23T11:51:43.9552419Z   PG_HOST: localhost
2025-08-23T11:51:43.9552601Z   PG_PORT: 5432
2025-08-23T11:51:43.9553193Z   PG_SYNC_DSN: ***localhost:5432/awa
2025-08-23T11:51:43.9553766Z   PG_ASYNC_DSN: ***localhost:5432/awa
2025-08-23T11:51:43.9554436Z   DATABASE_URL: ***localhost:5432/awa
2025-08-23T11:51:43.9554833Z   DATA_DIR: /tmp/awa-data
2025-08-23T11:51:43.9555154Z   ENABLE_LIVE: 0
2025-08-23T11:51:43.9555459Z   TESTING: 1
2025-08-23T11:51:43.9555870Z   pythonLocation: /opt/hostedtoolcache/Python/3.12.11/x64
2025-08-23T11:51:43.9556574Z   PKG_CONFIG_PATH: /opt/hostedtoolcache/Python/3.12.11/x64/lib/pkgconfig
2025-08-23T11:51:43.9557478Z   Python_ROOT_DIR: /opt/hostedtoolcache/Python/3.12.11/x64
2025-08-23T11:51:43.9558425Z   Python2_ROOT_DIR: /opt/hostedtoolcache/Python/3.12.11/x64
2025-08-23T11:51:43.9559080Z   Python3_ROOT_DIR: /opt/hostedtoolcache/Python/3.12.11/x64
2025-08-23T11:51:43.9559733Z   LD_LIBRARY_PATH: /opt/hostedtoolcache/Python/3.12.11/x64/lib
2025-08-23T11:51:43.9560277Z ##[endgroup]
2025-08-23T11:52:15.6188954Z Success: no issues found in 99 source files
2025-08-23T11:52:15.6575567Z ##[group]Run pytest -q --cov=services --cov-report=xml
2025-08-23T11:52:15.6575930Z [36;1mpytest -q --cov=services --cov-report=xml[0m
2025-08-23T11:52:15.6615861Z shell: /usr/bin/bash -e {0}
2025-08-23T11:52:15.6616075Z env:
2025-08-23T11:52:15.6616277Z   REDIS_URL: redis://localhost:6379/0
2025-08-23T11:52:15.6616527Z   RATE_LIMIT_DEFAULT: 100/minute
2025-08-23T11:52:15.6616739Z   TRUST_X_FORWARDED: 1
2025-08-23T11:52:15.6617144Z   PG_USER: postgres
2025-08-23T11:52:15.6617368Z   PG_PASSWORD: pass
2025-08-23T11:52:15.6617546Z   PG_DATABASE: awa
2025-08-23T11:52:15.6617725Z   PG_HOST: localhost
2025-08-23T11:52:15.6617907Z   PG_PORT: 5432
2025-08-23T11:52:15.6618370Z   PG_SYNC_DSN: ***localhost:5432/awa
2025-08-23T11:52:15.6618826Z   PG_ASYNC_DSN: ***localhost:5432/awa
2025-08-23T11:52:15.6619198Z   DATABASE_URL: ***localhost:5432/awa
2025-08-23T11:52:15.6619419Z   DATA_DIR: /tmp/awa-data
2025-08-23T11:52:15.6619621Z   ENABLE_LIVE: 0
2025-08-23T11:52:15.6619792Z   TESTING: 1
2025-08-23T11:52:15.6620045Z   pythonLocation: /opt/hostedtoolcache/Python/3.12.11/x64
2025-08-23T11:52:15.6620431Z   PKG_CONFIG_PATH: /opt/hostedtoolcache/Python/3.12.11/x64/lib/pkgconfig
2025-08-23T11:52:15.6620816Z   Python_ROOT_DIR: /opt/hostedtoolcache/Python/3.12.11/x64
2025-08-23T11:52:15.6621160Z   Python2_ROOT_DIR: /opt/hostedtoolcache/Python/3.12.11/x64
2025-08-23T11:52:15.6621501Z   Python3_ROOT_DIR: /opt/hostedtoolcache/Python/3.12.11/x64
2025-08-23T11:52:15.6621840Z   LD_LIBRARY_PATH: /opt/hostedtoolcache/Python/3.12.11/x64/lib
2025-08-23T11:52:15.6622125Z ##[endgroup]
2025-08-23T11:52:45.6309381Z ........s.............................sssssss........................... [ 41%]
2025-08-23T11:53:17.5672368Z ........................................................................ [ 83%]
2025-08-23T11:53:18.8113002Z .............................                                            [100%]
2025-08-23T11:53:18.8113638Z =============================== warnings summary ===============================
2025-08-23T11:53:18.8114538Z ../../../../../opt/hostedtoolcache/Python/3.12.11/x64/lib/python3.12/site-packages/pydantic/fields.py:1093
2025-08-23T11:53:18.8117443Z   /opt/hostedtoolcache/Python/3.12.11/x64/lib/python3.12/site-packages/pydantic/fields.py:1093: PydanticDeprecatedSince20: Using extra keyword arguments on `Field` is deprecated and will be removed. Use `json_schema_extra` instead. (Extra keys: 'strip_whitespace'). Deprecated in Pydantic V2.0 to be removed in V3.0. See Pydantic V2 Migration Guide at https://errors.pydantic.dev/2.11/migration/
2025-08-23T11:53:18.8119436Z     warn(
2025-08-23T11:53:18.8119643Z 
2025-08-23T11:53:18.8119826Z services/alert_bot/tests/test_smoke.py:5
2025-08-23T11:53:18.8120498Z Sentry is attempting to send 0 pending events
2025-08-23T11:53:18.8120991Z Waiting up to True seconds
2025-08-23T11:53:18.8121379Z Press Ctrl-C to quit
2025-08-23T11:53:18.8123595Z   /home/runner/work/AWA-App/AWA-App/services/alert_bot/tests/test_smoke.py:5: UserWarning: pkg_resources is deprecated as an API. See https://setuptools.pypa.io/en/latest/pkg_resources.html. The pkg_resources package is slated for removal as early as 2025-11-30. Refrain from using this package or pin to Setuptools<81.
2025-08-23T11:53:18.8125557Z     import pkg_resources  # noqa: F401
2025-08-23T11:53:18.8125853Z 
2025-08-23T11:53:18.8126040Z tests/api/test_ingest_endpoints.py: 12 warnings
2025-08-23T11:53:18.8126538Z tests/ingest/test_tasks_eager.py: 3 warnings
2025-08-23T11:53:18.8127179Z tests/test_api_fast.py: 1 warning
2025-08-23T11:53:18.8127584Z tests/test_health.py: 5 warnings
2025-08-23T11:53:18.8128421Z tests/test_smoke.py: 5 warnings
2025-08-23T11:53:18.8128818Z services/api/tests/test_cors.py: 1 warning
2025-08-23T11:53:18.8129314Z services/api/tests/test_errors_json.py: 2 warnings
2025-08-23T11:53:18.8129822Z services/api/tests/test_health.py: 1 warning
2025-08-23T11:53:18.8130321Z services/api/tests/test_rate_limit.py: 122 warnings
2025-08-23T11:53:18.8131125Z services/api/tests/test_roi_basic_auth.py: 4 warnings
2025-08-23T11:53:18.8131687Z services/api/tests/test_sentry_event.py: 1 warning
2025-08-23T11:53:18.8132249Z services/api/tests/test_stats_contracts.py: 3 warnings
2025-08-23T11:53:18.8132866Z services/api/tests/test_stats_future_contracts.py: 3 warnings
2025-08-23T11:53:18.8135431Z   /opt/hostedtoolcache/Python/3.12.11/x64/lib/python3.12/site-packages/asgi_correlation_id/extensions/sentry.py:27: DeprecationWarning: sentry_sdk.configure_scope is deprecated and will be removed in the next major version. Please consult our migration guide to learn how to migrate to the new API: https://docs.sentry.io/platforms/python/migration/1.x-to-2.x#scope-configuring
2025-08-23T11:53:18.8137813Z     with configure_scope() as scope:
2025-08-23T11:53:18.8138071Z 
2025-08-23T11:53:18.8138241Z tests/api/test_ingest_endpoints.py: 3 warnings
2025-08-23T11:53:18.8138646Z tests/test_api_fast.py: 1 warning
2025-08-23T11:53:18.8139002Z tests/test_health.py: 5 warnings
2025-08-23T11:53:18.8139378Z tests/test_smoke.py: 5 warnings
2025-08-23T11:53:18.8139777Z services/api/tests/test_cors.py: 3 warnings
2025-08-23T11:53:18.8140283Z services/api/tests/test_errors_json.py: 2 warnings
2025-08-23T11:53:18.8140788Z services/api/tests/test_health.py: 1 warning
2025-08-23T11:53:18.8141283Z services/api/tests/test_rate_limit.py: 2 warnings
2025-08-23T11:53:18.8141772Z services/api/tests/test_sentry_event.py: 1 warning
2025-08-23T11:53:18.8142377Z services/api/tests/test_stats_contracts.py: 3 warnings
2025-08-23T11:53:18.8143008Z services/api/tests/test_stats_future_contracts.py: 1 warning
2025-08-23T11:53:18.8144452Z   /opt/hostedtoolcache/Python/3.12.11/x64/lib/python3.12/site-packages/fastapi_limiter/__init__.py:89: DeprecationWarning: Call to deprecated close. (Use aclose() instead) -- Deprecated since version 5.0.1.
2025-08-23T11:53:18.8145848Z     await cls.redis.close()
2025-08-23T11:53:18.8146156Z 
2025-08-23T11:53:18.8146395Z tests/test_api_fast.py::test_health_endpoint
2025-08-23T11:53:18.8148356Z   /home/runner/work/AWA-App/AWA-App/tests/test_api_fast.py:13: DeprecationWarning: datetime.datetime.utcnow() is deprecated and scheduled for removal in a future version. Use timezone-aware objects to represent datetimes in UTC: datetime.datetime.now(datetime.UTC).
2025-08-23T11:53:18.8150199Z     return datetime.datetime.utcnow()
2025-08-23T11:53:18.8150580Z 
2025-08-23T11:53:18.8150738Z tests/test_api_fast.py: 1 warning
2025-08-23T11:53:18.8151167Z tests/test_health.py: 5 warnings
2025-08-23T11:53:18.8151584Z tests/test_smoke.py: 5 warnings
2025-08-23T11:53:18.8152024Z services/api/tests/test_cors.py: 1 warning
2025-08-23T11:53:18.8152531Z services/api/tests/test_health.py: 1 warning
2025-08-23T11:53:18.8153065Z services/api/tests/test_rate_limit.py: 102 warnings
2025-08-23T11:53:18.8154930Z   /home/runner/work/AWA-App/AWA-App/services/api/routes/health.py:24: DeprecationWarning: datetime.datetime.utcnow() is deprecated and scheduled for removal in a future version. Use timezone-aware objects to represent datetimes in UTC: datetime.datetime.now(datetime.UTC).
2025-08-23T11:53:18.8157098Z     app_now = datetime.utcnow().replace(tzinfo=timezone.utc)
2025-08-23T11:53:18.8157510Z 
2025-08-23T11:53:18.8157696Z tests/test_health.py::test_health[0]
2025-08-23T11:53:18.8158163Z tests/test_health.py::test_health[1]
2025-08-23T11:53:18.8158606Z tests/test_health.py::test_health[2]
2025-08-23T11:53:18.8159213Z tests/test_health.py::test_health[3]
2025-08-23T11:53:18.8159717Z tests/test_health.py::test_health[4]
2025-08-23T11:53:18.8161438Z   /home/runner/work/AWA-App/AWA-App/tests/test_health.py:22: DeprecationWarning: datetime.datetime.utcnow() is deprecated and scheduled for removal in a future version. Use timezone-aware objects to represent datetimes in UTC: datetime.datetime.now(datetime.UTC).
2025-08-23T11:53:18.8163483Z     return datetime.datetime.utcnow()
2025-08-23T11:53:18.8163802Z 
2025-08-23T11:53:18.8163974Z tests/test_smoke.py::test_health[0]
2025-08-23T11:53:18.8164422Z tests/test_smoke.py::test_health[1]
2025-08-23T11:53:18.8165094Z tests/test_smoke.py::test_health[2]
2025-08-23T11:53:18.8165551Z tests/test_smoke.py::test_health[3]
2025-08-23T11:53:18.8165984Z tests/test_smoke.py::test_health[4]
2025-08-23T11:53:18.8167877Z   /home/runner/work/AWA-App/AWA-App/tests/test_smoke.py:32: DeprecationWarning: datetime.datetime.utcnow() is deprecated and scheduled for removal in a future version. Use timezone-aware objects to represent datetimes in UTC: datetime.datetime.now(datetime.UTC).
2025-08-23T11:53:18.8169647Z     return datetime.datetime.utcnow()
2025-08-23T11:53:18.8169962Z 
2025-08-23T11:53:18.8170262Z services/api/tests/test_cors.py::test_cors_simple_get_allowed
2025-08-23T11:53:18.8172211Z   /home/runner/work/AWA-App/AWA-App/services/api/tests/test_cors.py:27: DeprecationWarning: datetime.datetime.utcnow() is deprecated and scheduled for removal in a future version. Use timezone-aware objects to represent datetimes in UTC: datetime.datetime.now(datetime.UTC).
2025-08-23T11:53:18.8174047Z     return datetime.datetime.utcnow()
2025-08-23T11:53:18.8174361Z 
2025-08-23T11:53:18.8174610Z services/api/tests/test_health.py::test_health_route
2025-08-23T11:53:18.8176505Z   /home/runner/work/AWA-App/AWA-App/services/api/tests/test_health.py:14: DeprecationWarning: datetime.datetime.utcnow() is deprecated and scheduled for removal in a future version. Use timezone-aware objects to represent datetimes in UTC: datetime.datetime.now(datetime.UTC).
2025-08-23T11:53:18.8178561Z     return datetime.datetime.utcnow()
2025-08-23T11:53:18.8178870Z 
2025-08-23T11:53:18.8179100Z services/api/tests/test_rate_limit.py: 102 warnings
2025-08-23T11:53:18.8181016Z   /home/runner/work/AWA-App/AWA-App/services/api/tests/test_rate_limit.py:33: DeprecationWarning: datetime.datetime.utcnow() is deprecated and scheduled for removal in a future version. Use timezone-aware objects to represent datetimes in UTC: datetime.datetime.now(datetime.UTC).
2025-08-23T11:53:18.8182878Z     return datetime.datetime.utcnow()
2025-08-23T11:53:18.8183200Z 
2025-08-23T11:53:18.8183648Z services/api/tests/test_sentry_event.py::test_unhandled_exception_is_captured_and_tagged
2025-08-23T11:53:18.8186047Z   /home/runner/work/AWA-App/AWA-App/services/api/tests/test_sentry_event.py:47: SentryHubDeprecationWarning: `sentry_sdk.Hub` is deprecated and will be removed in a future major release. Please consult our 1.x to 2.x migration guide for details on how to migrate `Hub` usage to the new API: https://docs.sentry.io/platforms/python/migration/1.x-to-2.x
2025-08-23T11:53:18.8188399Z     hub = sentry_sdk.Hub.current
2025-08-23T11:53:18.8188677Z 
2025-08-23T11:53:18.8189011Z -- Docs: https://docs.pytest.org/en/stable/how-to/capture-warnings.html
2025-08-23T11:53:18.8189710Z ================================ tests coverage ================================
2025-08-23T11:53:18.8190384Z _______________ coverage: platform linux, python 3.12.11-final-0 _______________
2025-08-23T11:53:18.8190847Z 
2025-08-23T11:53:18.8191032Z Coverage XML written to file coverage.xml
2025-08-23T11:53:19.2285981Z ##[group]Run actions/upload-artifact@v4
2025-08-23T11:53:19.2286248Z with:
2025-08-23T11:53:19.2286405Z   name: coverage
2025-08-23T11:53:19.2286582Z   path: coverage.xml
2025-08-23T11:53:19.2286775Z   if-no-files-found: warn
2025-08-23T11:53:19.2287144Z   compression-level: 6
2025-08-23T11:53:19.2287330Z   overwrite: false
2025-08-23T11:53:19.2287516Z   include-hidden-files: false
2025-08-23T11:53:19.2287734Z env:
2025-08-23T11:53:19.2287926Z   REDIS_URL: redis://localhost:6379/0
2025-08-23T11:53:19.2288172Z   RATE_LIMIT_DEFAULT: 100/minute
2025-08-23T11:53:19.2288381Z   TRUST_X_FORWARDED: 1
2025-08-23T11:53:19.2288770Z   PG_USER: postgres
2025-08-23T11:53:19.2288956Z   PG_PASSWORD: pass
2025-08-23T11:53:19.2289135Z   PG_DATABASE: awa
2025-08-23T11:53:19.2289315Z   PG_HOST: localhost
2025-08-23T11:53:19.2289495Z   PG_PORT: 5432
2025-08-23T11:53:19.2289917Z   PG_SYNC_DSN: ***localhost:5432/awa
2025-08-23T11:53:19.2290313Z   PG_ASYNC_DSN: ***localhost:5432/awa
2025-08-23T11:53:19.2290711Z   DATABASE_URL: ***localhost:5432/awa
2025-08-23T11:53:19.2290942Z   DATA_DIR: /tmp/awa-data
2025-08-23T11:53:19.2291135Z   ENABLE_LIVE: 0
2025-08-23T11:53:19.2291305Z   TESTING: 1
2025-08-23T11:53:19.2291536Z   pythonLocation: /opt/hostedtoolcache/Python/3.12.11/x64
2025-08-23T11:53:19.2291922Z   PKG_CONFIG_PATH: /opt/hostedtoolcache/Python/3.12.11/x64/lib/pkgconfig
2025-08-23T11:53:19.2292304Z   Python_ROOT_DIR: /opt/hostedtoolcache/Python/3.12.11/x64
2025-08-23T11:53:19.2292645Z   Python2_ROOT_DIR: /opt/hostedtoolcache/Python/3.12.11/x64
2025-08-23T11:53:19.2292985Z   Python3_ROOT_DIR: /opt/hostedtoolcache/Python/3.12.11/x64
2025-08-23T11:53:19.2293326Z   LD_LIBRARY_PATH: /opt/hostedtoolcache/Python/3.12.11/x64/lib
2025-08-23T11:53:19.2293610Z ##[endgroup]
2025-08-23T11:53:19.4592072Z With the provided path, there will be 1 file uploaded
2025-08-23T11:53:19.4596715Z Artifact name is valid!
2025-08-23T11:53:19.4598506Z Root directory input is valid!
2025-08-23T11:53:19.5685190Z Beginning upload of artifact content to blob storage
2025-08-23T11:53:19.6214325Z Uploaded bytes 5458
2025-08-23T11:53:19.6364108Z Finished uploading artifact content to blob storage!
2025-08-23T11:53:19.6367503Z SHA256 digest of uploaded artifact zip is 5757e27b199ccc2451c8501da357a90b0c31c4b320bd3483f68f299f5ad1b685
2025-08-23T11:53:19.6369310Z Finalizing artifact upload
2025-08-23T11:53:19.7170873Z Artifact coverage.zip successfully finalized. Artifact ID 3834551334
2025-08-23T11:53:19.7172270Z Artifact coverage has been successfully uploaded! Final size is 5458 bytes. Artifact ID is 3834551334
2025-08-23T11:53:19.7179244Z Artifact download URL: https://github.com/AlexBomber12/AWA-App/actions/runs/17175113405/artifacts/3834551334
2025-08-23T11:53:19.7290268Z Post job cleanup.
2025-08-23T11:53:19.8848402Z Cache hit occurred on the primary key setup-python-Linux-x64-24.04-Ubuntu-python-3.12.11-pip-cc13ccef493b9f3a93ad5651164d9fb09282c1111f6f72ce20e0657de16de6b4, not saving cache.
2025-08-23T11:53:19.8946997Z Post job cleanup.
2025-08-23T11:53:19.9736659Z [command]/usr/bin/git version
2025-08-23T11:53:19.9771814Z git version 2.51.0
2025-08-23T11:53:19.9808582Z Temporarily overriding HOME='/home/runner/work/_temp/94e2ce3b-8519-4715-90a1-6c3a81b6729a' before making global git config changes
2025-08-23T11:53:19.9809871Z Adding repository directory to the temporary git global config as a safe directory
2025-08-23T11:53:19.9814482Z [command]/usr/bin/git config --global --add safe.directory /home/runner/work/AWA-App/AWA-App
2025-08-23T11:53:19.9849283Z [command]/usr/bin/git config --local --name-only --get-regexp core\.sshCommand
2025-08-23T11:53:19.9882269Z [command]/usr/bin/git submodule foreach --recursive sh -c "git config --local --name-only --get-regexp 'core\.sshCommand' && git config --local --unset-all 'core.sshCommand' || :"
2025-08-23T11:53:20.0108179Z [command]/usr/bin/git config --local --name-only --get-regexp http\.https\:\/\/github\.com\/\.extraheader
2025-08-23T11:53:20.0128426Z http.https://github.com/.extraheader
2025-08-23T11:53:20.0138727Z [command]/usr/bin/git config --local --unset-all http.https://github.com/.extraheader
2025-08-23T11:53:20.0168631Z [command]/usr/bin/git submodule foreach --recursive sh -c "git config --local --name-only --get-regexp 'http\.https\:\/\/github\.com\/\.extraheader' && git config --local --unset-all 'http.https://github.com/.extraheader' || :"
2025-08-23T11:53:20.0478360Z Print service container logs: fbacf2f6124e4771880688b517ecf27f_postgres15_aa0af1
2025-08-23T11:53:20.0482734Z ##[command]/usr/bin/docker logs --details 7f417bc2889c97b384242eb902473b15daffdd834c2b0de0ac32f63be8131061
2025-08-23T11:53:20.0602399Z  The files belonging to this database system will be owned by user "postgres".
2025-08-23T11:53:20.0604886Z  initdb: warning: enabling "trust" authentication for local connections
2025-08-23T11:53:20.0606037Z  initdb: hint: You can change this by editing pg_hba.conf or using the option -A, or --auth-local and --auth-host, the next time you run initdb.
2025-08-23T11:53:20.0607201Z  This user must also own the server process.
2025-08-23T11:53:20.0607652Z  
2025-08-23T11:53:20.0608089Z  The database cluster will be initialized with locale "en_US.utf8".
2025-08-23T11:53:20.0608799Z  The default database encoding has accordingly been set to "UTF8".
2025-08-23T11:53:20.0609462Z  The default text search configuration will be set to "english".
2025-08-23T11:53:20.0610031Z  
2025-08-23T11:53:20.0610323Z  Data page checksums are disabled.
2025-08-23T11:53:20.0610702Z  
2025-08-23T11:53:20.0611153Z  fixing permissions on existing directory /var/lib/postgresql/data ... ok
2025-08-23T11:53:20.0611773Z  creating subdirectories ... ok
2025-08-23T11:53:20.0612273Z  selecting dynamic shared memory implementation ... posix
2025-08-23T11:53:20.0612811Z  selecting default max_connections ... 100
2025-08-23T11:53:20.0613272Z  selecting default shared_buffers ... 128MB
2025-08-23T11:53:20.0613723Z  selecting default time zone ... Etc/UTC
2025-08-23T11:53:20.0614155Z  creating configuration files ... ok
2025-08-23T11:53:20.0614562Z  running bootstrap script ... ok
2025-08-23T11:53:20.0614999Z  performing post-bootstrap initialization ... ok
2025-08-23T11:53:20.0615451Z  syncing data to disk ... ok
2025-08-23T11:53:20.0616394Z  2025-08-23 11:50:58.948 UTC [1] LOG:  starting PostgreSQL 15.14 (Debian 15.14-1.pgdg13+1) on x86_64-pc-linux-gnu, compiled by gcc (Debian 14.2.0-19) 14.2.0, 64-bit
2025-08-23T11:53:20.0617776Z  2025-08-23 11:50:58.948 UTC [1] LOG:  listening on IPv4 address "0.0.0.0", port 5432
2025-08-23T11:53:20.0618589Z  2025-08-23 11:50:58.948 UTC [1] LOG:  listening on IPv6 address "::", port 5432
2025-08-23T11:53:20.0619671Z  2025-08-23 11:50:58.950 UTC [1] LOG:  listening on Unix socket "/var/run/postgresql/.s.PGSQL.5432"
2025-08-23T11:53:20.0620652Z  2025-08-23 11:50:58.953 UTC [65] LOG:  database system was shut down at 2025-08-23 11:50:58 UTC
2025-08-23T11:53:20.0621500Z  2025-08-23 11:50:58.958 UTC [1] LOG:  database system is ready to accept connections
2025-08-23T11:53:20.0622245Z  
2025-08-23T11:53:20.0622645Z  
2025-08-23T11:53:20.0674378Z  Success. You can now start the database server using:
2025-08-23T11:53:20.0674881Z  
2025-08-23T11:53:20.0675229Z      pg_ctl -D /var/lib/postgresql/data -l logfile start
2025-08-23T11:53:20.0675660Z  
2025-08-23T11:53:20.0676583Z  waiting for server to start....2025-08-23 11:50:58.602 UTC [49] LOG:  starting PostgreSQL 15.14 (Debian 15.14-1.pgdg13+1) on x86_64-pc-linux-gnu, compiled by gcc (Debian 14.2.0-19) 14.2.0, 64-bit
2025-08-23T11:53:20.0678075Z  2025-08-23 11:50:58.603 UTC [49] LOG:  listening on Unix socket "/var/run/postgresql/.s.PGSQL.5432"
2025-08-23T11:53:20.0678928Z  2025-08-23 11:50:58.607 UTC [52] LOG:  database system was shut down at 2025-08-23 11:50:58 UTC
2025-08-23T11:53:20.0679669Z  2025-08-23 11:50:58.610 UTC [49] LOG:  database system is ready to accept connections
2025-08-23T11:53:20.0680209Z   done
2025-08-23T11:53:20.0680486Z  server started
2025-08-23T11:53:20.0680792Z  CREATE DATABASE
2025-08-23T11:53:20.0681087Z  
2025-08-23T11:53:20.0681343Z  
2025-08-23T11:53:20.0681859Z  /usr/local/bin/docker-entrypoint.sh: ignoring /docker-entrypoint-initdb.d/*
2025-08-23T11:53:20.0682495Z  
2025-08-23T11:53:20.0683046Z  waiting for server to shut down...2025-08-23 11:50:58.826 UTC [49] LOG:  received fast shutdown request
2025-08-23T11:53:20.0684242Z  .2025-08-23 11:50:58.827 UTC [49] LOG:  aborting any active transactions
2025-08-23T11:53:20.0685153Z  2025-08-23 11:50:58.830 UTC [49] LOG:  background worker "logical replication launcher" (PID 55) exited with exit code 1
2025-08-23T11:53:20.0685872Z  2025-08-23 11:50:58.830 UTC [50] LOG:  shutting down
2025-08-23T11:53:20.0686436Z  2025-08-23 11:50:58.831 UTC [50] LOG:  checkpoint starting: shutdown immediate
2025-08-23T11:53:20.0687603Z  2025-08-23 11:50:58.864 UTC [50] LOG:  checkpoint complete: wrote 922 buffers (5.6%); 0 WAL file(s) added, 0 removed, 0 recycled; write=0.019 s, sync=0.002 s, total=0.034 s; sync files=301, longest=0.001 s, average=0.001 s; distance=4239 kB, estimate=4239 kB
2025-08-23T11:53:20.0688428Z  2025-08-23 11:50:58.871 UTC [49] LOG:  database system is shut down
2025-08-23T11:53:20.0688718Z   done
2025-08-23T11:53:20.0688885Z  server stopped
2025-08-23T11:53:20.0689058Z  
2025-08-23T11:53:20.0689282Z  PostgreSQL init process complete; ready for start up.
2025-08-23T11:53:20.0689559Z  
2025-08-23T11:53:20.0694532Z Stop and remove container: fbacf2f6124e4771880688b517ecf27f_postgres15_aa0af1
2025-08-23T11:53:20.0699520Z ##[command]/usr/bin/docker rm --force 7f417bc2889c97b384242eb902473b15daffdd834c2b0de0ac32f63be8131061
2025-08-23T11:53:20.1865327Z 7f417bc2889c97b384242eb902473b15daffdd834c2b0de0ac32f63be8131061
2025-08-23T11:53:20.1887372Z Print service container logs: e72e5ebc75ac41918edd26683cb91796_redis7alpine_57cb9f
2025-08-23T11:53:20.1888536Z ##[command]/usr/bin/docker logs --details 6a287c783d5172ef471ee1136243365d47d6554586c769cda5c67e02545260aa
2025-08-23T11:53:20.2002235Z  1:C 23 Aug 2025 11:50:59.060 # WARNING Memory overcommit must be enabled! Without it, a background save or replication may fail under low memory condition. Being disabled, it can also cause failures without low memory condition, see https://github.com/jemalloc/jemalloc/issues/1328. To fix this issue add 'vm.overcommit_memory = 1' to /etc/sysctl.conf and then reboot or run the command 'sysctl vm.overcommit_memory=1' for this to take effect.
2025-08-23T11:53:20.2003811Z  1:C 23 Aug 2025 11:50:59.060 * oO0OoO0OoO0Oo Redis is starting oO0OoO0OoO0Oo
2025-08-23T11:53:20.2004285Z  1:C 23 Aug 2025 11:50:59.061 * Redis version=7.4.5, bits=64, commit=00000000, modified=0, pid=1, just started
2025-08-23T11:53:20.2005000Z  1:C 23 Aug 2025 11:50:59.061 # Warning: no config file specified, using the default config. In order to specify a config file use redis-server /path/to/redis.conf
2025-08-23T11:53:20.2005640Z  1:M 23 Aug 2025 11:50:59.061 * monotonic clock: POSIX clock_gettime
2025-08-23T11:53:20.2006002Z  1:M 23 Aug 2025 11:50:59.061 * Running mode=standalone, port=6379.
2025-08-23T11:53:20.2006329Z  1:M 23 Aug 2025 11:50:59.062 * Server initialized
2025-08-23T11:53:20.2006646Z  1:M 23 Aug 2025 11:50:59.062 * Ready to accept connections tcp
2025-08-23T11:53:20.2013908Z Stop and remove container: e72e5ebc75ac41918edd26683cb91796_redis7alpine_57cb9f
2025-08-23T11:53:20.2014687Z ##[command]/usr/bin/docker rm --force 6a287c783d5172ef471ee1136243365d47d6554586c769cda5c67e02545260aa
2025-08-23T11:53:20.3137558Z 6a287c783d5172ef471ee1136243365d47d6554586c769cda5c67e02545260aa
2025-08-23T11:53:20.3164484Z Remove container network: github_network_76b3ff1f57504fe18fae448e4141e4d0
2025-08-23T11:53:20.3169371Z ##[command]/usr/bin/docker network rm github_network_76b3ff1f57504fe18fae448e4141e4d0
2025-08-23T11:53:20.4363978Z github_network_76b3ff1f57504fe18fae448e4141e4d0
2025-08-23T11:53:20.4421544Z Cleaning up orphan processes
