2025-08-17T21:10:46.0926210Z Current runner version: '2.327.1'
2025-08-17T21:10:46.0949704Z ##[group]Runner Image Provisioner
2025-08-17T21:10:46.0950482Z Hosted Compute Agent
2025-08-17T21:10:46.0951030Z Version: 20250812.370
2025-08-17T21:10:46.0951565Z Commit: 4a2b2bf7520004e3e907c2150c8cabe342a3da32
2025-08-17T21:10:46.0952362Z Build Date: 2025-08-12T16:08:14Z
2025-08-17T21:10:46.0952929Z ##[endgroup]
2025-08-17T21:10:46.0953440Z ##[group]Operating System
2025-08-17T21:10:46.0954058Z Ubuntu
2025-08-17T21:10:46.0954837Z 24.04.2
2025-08-17T21:10:46.0955294Z LTS
2025-08-17T21:10:46.0955832Z ##[endgroup]
2025-08-17T21:10:46.0956319Z ##[group]Runner Image
2025-08-17T21:10:46.0956828Z Image: ubuntu-24.04
2025-08-17T21:10:46.0957395Z Version: 20250810.1.0
2025-08-17T21:10:46.0958353Z Included Software: https://github.com/actions/runner-images/blob/ubuntu24/20250810.1/images/ubuntu/Ubuntu2404-Readme.md
2025-08-17T21:10:46.0960291Z Image Release: https://github.com/actions/runner-images/releases/tag/ubuntu24%2F20250810.1
2025-08-17T21:10:46.0961279Z ##[endgroup]
2025-08-17T21:10:46.0963683Z ##[group]GITHUB_TOKEN Permissions
2025-08-17T21:10:46.0965884Z Actions: write
2025-08-17T21:10:46.0966479Z Attestations: write
2025-08-17T21:10:46.0967053Z Checks: write
2025-08-17T21:10:46.0967545Z Contents: write
2025-08-17T21:10:46.0968010Z Deployments: write
2025-08-17T21:10:46.0968563Z Discussions: write
2025-08-17T21:10:46.0969034Z Issues: write
2025-08-17T21:10:46.0969599Z Metadata: read
2025-08-17T21:10:46.0970130Z Models: read
2025-08-17T21:10:46.0970577Z Packages: write
2025-08-17T21:10:46.0971076Z Pages: write
2025-08-17T21:10:46.0971575Z PullRequests: write
2025-08-17T21:10:46.0972131Z RepositoryProjects: write
2025-08-17T21:10:46.0972686Z SecurityEvents: write
2025-08-17T21:10:46.0973337Z Statuses: write
2025-08-17T21:10:46.0973856Z ##[endgroup]
2025-08-17T21:10:46.0976039Z Secret source: Actions
2025-08-17T21:10:46.0976805Z Prepare workflow directory
2025-08-17T21:10:46.1409831Z Prepare all required actions
2025-08-17T21:10:46.1450752Z Getting action download info
2025-08-17T21:10:46.5956351Z Download action repository 'actions/checkout@v4' (SHA:08eba0b27e820071cde6df949e0beb9ba4906955)
2025-08-17T21:10:47.1340163Z Download action repository 'actions/setup-python@v5' (SHA:a26af69be951a213d495a4c3e4e4022e16d87065)
2025-08-17T21:10:47.7612254Z Download action repository 'actions/upload-artifact@v4' (SHA:ea165f8d65b6e75b540449e92b4886f43607fa02)
2025-08-17T21:10:48.0177589Z Complete job name: unit
2025-08-17T21:10:48.0717262Z ##[group]Checking docker version
2025-08-17T21:10:48.0730500Z ##[command]/usr/bin/docker version --format '{{.Server.APIVersion}}'
2025-08-17T21:10:48.1463883Z '1.48'
2025-08-17T21:10:48.1477345Z Docker daemon API version: '1.48'
2025-08-17T21:10:48.1478096Z ##[command]/usr/bin/docker version --format '{{.Client.APIVersion}}'
2025-08-17T21:10:48.1671352Z '1.48'
2025-08-17T21:10:48.1687125Z Docker client API version: '1.48'
2025-08-17T21:10:48.1692033Z ##[endgroup]
2025-08-17T21:10:48.1695425Z ##[group]Clean up resources from previous jobs
2025-08-17T21:10:48.1700799Z ##[command]/usr/bin/docker ps --all --quiet --no-trunc --filter "label=0e6dd4"
2025-08-17T21:10:48.1907738Z ##[command]/usr/bin/docker network prune --force --filter "label=0e6dd4"
2025-08-17T21:10:48.2068598Z ##[endgroup]
2025-08-17T21:10:48.2069404Z ##[group]Create local container network
2025-08-17T21:10:48.2083004Z ##[command]/usr/bin/docker network create --label 0e6dd4 github_network_8dbeec29280d474a9c92a54970ff6b3a
2025-08-17T21:10:48.2769712Z 7b65a6f5d3a3832623ddb5c0b7c167555c02c9baf2af28d9220073b810afe257
2025-08-17T21:10:48.2791504Z ##[endgroup]
2025-08-17T21:10:48.2816604Z ##[group]Starting postgres service container
2025-08-17T21:10:48.2836991Z ##[command]/usr/bin/docker pull postgres:15
2025-08-17T21:10:49.3367838Z 15: Pulling from library/postgres
2025-08-17T21:10:49.6091977Z 396b1da7636e: Pulling fs layer
2025-08-17T21:10:49.6093020Z fca2566eba32: Pulling fs layer
2025-08-17T21:10:49.6094431Z 631fe8c6d606: Pulling fs layer
2025-08-17T21:10:49.6095551Z 77c7671c4414: Pulling fs layer
2025-08-17T21:10:49.6097198Z 2d9e29180a27: Pulling fs layer
2025-08-17T21:10:49.6098169Z c6bcc2c9a041: Pulling fs layer
2025-08-17T21:10:49.6098951Z ac4b721eb66f: Pulling fs layer
2025-08-17T21:10:49.6099622Z 606bd164980e: Pulling fs layer
2025-08-17T21:10:49.6100299Z f5dfd246bc6e: Pulling fs layer
2025-08-17T21:10:49.6100998Z ba7036bb0a60: Pulling fs layer
2025-08-17T21:10:49.6101706Z 799f859abbbd: Pulling fs layer
2025-08-17T21:10:49.6102391Z d903e777080c: Pulling fs layer
2025-08-17T21:10:49.6103102Z 04adcb462801: Pulling fs layer
2025-08-17T21:10:49.6103811Z 5c10925b29ff: Pulling fs layer
2025-08-17T21:10:49.6104778Z f5dfd246bc6e: Waiting
2025-08-17T21:10:49.6105407Z d903e777080c: Waiting
2025-08-17T21:10:49.6106014Z 04adcb462801: Waiting
2025-08-17T21:10:49.6106617Z 77c7671c4414: Waiting
2025-08-17T21:10:49.6107251Z ba7036bb0a60: Waiting
2025-08-17T21:10:49.6107898Z 2d9e29180a27: Waiting
2025-08-17T21:10:49.6108540Z 799f859abbbd: Waiting
2025-08-17T21:10:49.6109181Z 606bd164980e: Waiting
2025-08-17T21:10:49.6109836Z ac4b721eb66f: Waiting
2025-08-17T21:10:49.6110480Z c6bcc2c9a041: Waiting
2025-08-17T21:10:49.6111136Z 5c10925b29ff: Waiting
2025-08-17T21:10:49.9208263Z fca2566eba32: Verifying Checksum
2025-08-17T21:10:49.9209914Z fca2566eba32: Download complete
2025-08-17T21:10:49.9623158Z 631fe8c6d606: Verifying Checksum
2025-08-17T21:10:49.9623920Z 631fe8c6d606: Download complete
2025-08-17T21:10:50.1698701Z 396b1da7636e: Verifying Checksum
2025-08-17T21:10:50.1699444Z 396b1da7636e: Download complete
2025-08-17T21:10:50.2008146Z 77c7671c4414: Verifying Checksum
2025-08-17T21:10:50.2008625Z 77c7671c4414: Download complete
2025-08-17T21:10:50.3871176Z 2d9e29180a27: Verifying Checksum
2025-08-17T21:10:50.3872191Z 2d9e29180a27: Download complete
2025-08-17T21:10:50.4586360Z ac4b721eb66f: Verifying Checksum
2025-08-17T21:10:50.4592815Z ac4b721eb66f: Download complete
2025-08-17T21:10:50.4631564Z c6bcc2c9a041: Verifying Checksum
2025-08-17T21:10:50.4632026Z c6bcc2c9a041: Download complete
2025-08-17T21:10:50.6459349Z 606bd164980e: Verifying Checksum
2025-08-17T21:10:50.6459891Z 606bd164980e: Download complete
2025-08-17T21:10:50.7231902Z ba7036bb0a60: Verifying Checksum
2025-08-17T21:10:50.7233950Z ba7036bb0a60: Download complete
2025-08-17T21:10:50.9512093Z 799f859abbbd: Verifying Checksum
2025-08-17T21:10:50.9512662Z 799f859abbbd: Download complete
2025-08-17T21:10:50.9847087Z d903e777080c: Verifying Checksum
2025-08-17T21:10:50.9847961Z d903e777080c: Download complete
2025-08-17T21:10:51.1454917Z 396b1da7636e: Pull complete
2025-08-17T21:10:51.2226548Z 04adcb462801: Verifying Checksum
2025-08-17T21:10:51.2227033Z 04adcb462801: Download complete
2025-08-17T21:10:51.2568682Z 5c10925b29ff: Verifying Checksum
2025-08-17T21:10:51.2571030Z 5c10925b29ff: Download complete
2025-08-17T21:10:52.0837961Z fca2566eba32: Pull complete
2025-08-17T21:10:52.2806916Z f5dfd246bc6e: Verifying Checksum
2025-08-17T21:10:52.2807585Z f5dfd246bc6e: Download complete
2025-08-17T21:10:52.2918774Z 631fe8c6d606: Pull complete
2025-08-17T21:10:52.3384636Z 77c7671c4414: Pull complete
2025-08-17T21:10:52.6498374Z 2d9e29180a27: Pull complete
2025-08-17T21:10:52.7335528Z c6bcc2c9a041: Pull complete
2025-08-17T21:10:52.7423611Z ac4b721eb66f: Pull complete
2025-08-17T21:10:52.7523741Z 606bd164980e: Pull complete
2025-08-17T21:10:55.7011494Z f5dfd246bc6e: Pull complete
2025-08-17T21:10:55.7156067Z ba7036bb0a60: Pull complete
2025-08-17T21:10:55.7262924Z 799f859abbbd: Pull complete
2025-08-17T21:10:55.7372960Z d903e777080c: Pull complete
2025-08-17T21:10:55.7480320Z 04adcb462801: Pull complete
2025-08-17T21:10:55.7587548Z 5c10925b29ff: Pull complete
2025-08-17T21:10:55.7628945Z Digest: sha256:bc51cf4f1fe02cce7ed2370b20128a9b00b4eb804573a77d2a0d877aaa9c82b1
2025-08-17T21:10:55.7644841Z Status: Downloaded newer image for postgres:15
2025-08-17T21:10:55.7657092Z docker.io/library/postgres:15
2025-08-17T21:10:55.7719715Z ##[command]/usr/bin/docker create --name 9a54b4ebdb4d4e4a8f0dc0e4670c264a_postgres15_0d1945 --label 0e6dd4 --network github_network_8dbeec29280d474a9c92a54970ff6b3a --network-alias postgres -p 5432:5432 --health-cmd="pg_isready -U postgres -d awa" --health-interval=5s --health-timeout=5s --health-retries=10 -e "POSTGRES_USER=postgres" -e "POSTGRES_PASSWORD=pass" -e "POSTGRES_DB=awa" -e GITHUB_ACTIONS=true -e CI=true postgres:15
2025-08-17T21:10:55.8003294Z ceda48e36933d1da29526f88294ffd55e98861a5876108f173ee41cd53aa651d
2025-08-17T21:10:55.8028231Z ##[command]/usr/bin/docker start ceda48e36933d1da29526f88294ffd55e98861a5876108f173ee41cd53aa651d
2025-08-17T21:10:56.0017332Z ceda48e36933d1da29526f88294ffd55e98861a5876108f173ee41cd53aa651d
2025-08-17T21:10:56.0038995Z ##[command]/usr/bin/docker ps --all --filter id=ceda48e36933d1da29526f88294ffd55e98861a5876108f173ee41cd53aa651d --filter status=running --no-trunc --format "{{.ID}} {{.Status}}"
2025-08-17T21:10:56.0168022Z ceda48e36933d1da29526f88294ffd55e98861a5876108f173ee41cd53aa651d Up Less than a second (health: starting)
2025-08-17T21:10:56.0189925Z ##[command]/usr/bin/docker port ceda48e36933d1da29526f88294ffd55e98861a5876108f173ee41cd53aa651d
2025-08-17T21:10:56.0322009Z 5432/tcp -> 0.0.0.0:5432
2025-08-17T21:10:56.0322600Z 5432/tcp -> [::]:5432
2025-08-17T21:10:56.0372887Z ##[endgroup]
2025-08-17T21:10:56.0383003Z ##[group]Waiting for all services to be ready
2025-08-17T21:10:56.0401351Z ##[command]/usr/bin/docker inspect --format="{{if .Config.Healthcheck}}{{print .State.Health.Status}}{{end}}" ceda48e36933d1da29526f88294ffd55e98861a5876108f173ee41cd53aa651d
2025-08-17T21:10:56.0544557Z starting
2025-08-17T21:10:56.0568004Z postgres service is starting, waiting 2 seconds before checking again.
2025-08-17T21:10:58.0574022Z ##[command]/usr/bin/docker inspect --format="{{if .Config.Healthcheck}}{{print .State.Health.Status}}{{end}}" ceda48e36933d1da29526f88294ffd55e98861a5876108f173ee41cd53aa651d
2025-08-17T21:10:58.0698530Z starting
2025-08-17T21:10:58.0712001Z postgres service is starting, waiting 3 seconds before checking again.
2025-08-17T21:11:01.6835759Z ##[command]/usr/bin/docker inspect --format="{{if .Config.Healthcheck}}{{print .State.Health.Status}}{{end}}" ceda48e36933d1da29526f88294ffd55e98861a5876108f173ee41cd53aa651d
2025-08-17T21:11:01.6972630Z healthy
2025-08-17T21:11:01.6988866Z postgres service is healthy.
2025-08-17T21:11:01.6989276Z ##[endgroup]
2025-08-17T21:11:01.7242070Z ##[group]Run actions/checkout@v4
2025-08-17T21:11:01.7242594Z with:
2025-08-17T21:11:01.7242780Z   repository: AlexBomber12/AWA-App
2025-08-17T21:11:01.7243160Z   token: ***
2025-08-17T21:11:01.7243340Z   ssh-strict: true
2025-08-17T21:11:01.7243510Z   ssh-user: git
2025-08-17T21:11:01.7243690Z   persist-credentials: true
2025-08-17T21:11:01.7243887Z   clean: true
2025-08-17T21:11:01.7244297Z   sparse-checkout-cone-mode: true
2025-08-17T21:11:01.7244518Z   fetch-depth: 1
2025-08-17T21:11:01.7244688Z   fetch-tags: false
2025-08-17T21:11:01.7244857Z   show-progress: true
2025-08-17T21:11:01.7245034Z   lfs: false
2025-08-17T21:11:01.7245197Z   submodules: false
2025-08-17T21:11:01.7245369Z   set-safe-directory: true
2025-08-17T21:11:01.7245812Z ##[endgroup]
2025-08-17T21:11:01.8385029Z Syncing repository: AlexBomber12/AWA-App
2025-08-17T21:11:01.8387611Z ##[group]Getting Git version info
2025-08-17T21:11:01.8388273Z Working directory is '/home/runner/work/AWA-App/AWA-App'
2025-08-17T21:11:01.8389375Z [command]/usr/bin/git version
2025-08-17T21:11:01.8389767Z git version 2.50.1
2025-08-17T21:11:01.8391098Z ##[endgroup]
2025-08-17T21:11:01.8396799Z Temporarily overriding HOME='/home/runner/work/_temp/afe52f48-0853-4b7a-a1ea-1fa9af4e8f0e' before making global git config changes
2025-08-17T21:11:01.8397993Z Adding repository directory to the temporary git global config as a safe directory
2025-08-17T21:11:01.8403142Z [command]/usr/bin/git config --global --add safe.directory /home/runner/work/AWA-App/AWA-App
2025-08-17T21:11:01.8445164Z Deleting the contents of '/home/runner/work/AWA-App/AWA-App'
2025-08-17T21:11:01.8448552Z ##[group]Initializing the repository
2025-08-17T21:11:01.8453225Z [command]/usr/bin/git init /home/runner/work/AWA-App/AWA-App
2025-08-17T21:11:01.8506952Z hint: Using 'master' as the name for the initial branch. This default branch name
2025-08-17T21:11:01.8507805Z hint: is subject to change. To configure the initial branch name to use in all
2025-08-17T21:11:01.8508629Z hint: of your new repositories, which will suppress this warning, call:
2025-08-17T21:11:01.8509245Z hint:
2025-08-17T21:11:01.8509673Z hint: 	git config --global init.defaultBranch <name>
2025-08-17T21:11:01.8509996Z hint:
2025-08-17T21:11:01.8510285Z hint: Names commonly chosen instead of 'master' are 'main', 'trunk' and
2025-08-17T21:11:01.8510751Z hint: 'development'. The just-created branch can be renamed via this command:
2025-08-17T21:11:01.8511367Z hint:
2025-08-17T21:11:01.8511680Z hint: 	git branch -m <name>
2025-08-17T21:11:01.8512050Z hint:
2025-08-17T21:11:01.8512590Z hint: Disable this message with "git config set advice.defaultBranchName false"
2025-08-17T21:11:01.8513494Z Initialized empty Git repository in /home/runner/work/AWA-App/AWA-App/.git/
2025-08-17T21:11:01.8522675Z [command]/usr/bin/git remote add origin https://github.com/AlexBomber12/AWA-App
2025-08-17T21:11:01.8553817Z ##[endgroup]
2025-08-17T21:11:01.8554636Z ##[group]Disabling automatic garbage collection
2025-08-17T21:11:01.8559278Z [command]/usr/bin/git config --local gc.auto 0
2025-08-17T21:11:01.8587892Z ##[endgroup]
2025-08-17T21:11:01.8588453Z ##[group]Setting up auth
2025-08-17T21:11:01.8596188Z [command]/usr/bin/git config --local --name-only --get-regexp core\.sshCommand
2025-08-17T21:11:01.8626823Z [command]/usr/bin/git submodule foreach --recursive sh -c "git config --local --name-only --get-regexp 'core\.sshCommand' && git config --local --unset-all 'core.sshCommand' || :"
2025-08-17T21:11:01.8896289Z [command]/usr/bin/git config --local --name-only --get-regexp http\.https\:\/\/github\.com\/\.extraheader
2025-08-17T21:11:01.8927558Z [command]/usr/bin/git submodule foreach --recursive sh -c "git config --local --name-only --get-regexp 'http\.https\:\/\/github\.com\/\.extraheader' && git config --local --unset-all 'http.https://github.com/.extraheader' || :"
2025-08-17T21:11:01.9157773Z [command]/usr/bin/git config --local http.https://github.com/.extraheader AUTHORIZATION: basic ***
2025-08-17T21:11:01.9196637Z ##[endgroup]
2025-08-17T21:11:01.9197233Z ##[group]Fetching the repository
2025-08-17T21:11:01.9215956Z [command]/usr/bin/git -c protocol.version=2 fetch --no-tags --prune --no-recurse-submodules --depth=1 origin +82ff88cfcf48b4238a4e0886b45598de84e18690:refs/remotes/origin/main
2025-08-17T21:11:02.4065538Z From https://github.com/AlexBomber12/AWA-App
2025-08-17T21:11:02.4066652Z  * [new ref]         82ff88cfcf48b4238a4e0886b45598de84e18690 -> origin/main
2025-08-17T21:11:02.4093127Z ##[endgroup]
2025-08-17T21:11:02.4093708Z ##[group]Determining the checkout info
2025-08-17T21:11:02.4096341Z ##[endgroup]
2025-08-17T21:11:02.4102224Z [command]/usr/bin/git sparse-checkout disable
2025-08-17T21:11:02.4146256Z [command]/usr/bin/git config --local --unset-all extensions.worktreeConfig
2025-08-17T21:11:02.4176449Z ##[group]Checking out the ref
2025-08-17T21:11:02.4181353Z [command]/usr/bin/git checkout --progress --force -B main refs/remotes/origin/main
2025-08-17T21:11:02.4512910Z Switched to a new branch 'main'
2025-08-17T21:11:02.4514013Z branch 'main' set up to track 'origin/main'.
2025-08-17T21:11:02.4522375Z ##[endgroup]
2025-08-17T21:11:02.4563472Z [command]/usr/bin/git log -1 --format=%H
2025-08-17T21:11:02.4587168Z 82ff88cfcf48b4238a4e0886b45598de84e18690
2025-08-17T21:11:02.4759177Z ##[group]Run cat .env.ci >> "$GITHUB_ENV"
2025-08-17T21:11:02.4759534Z [36;1mcat .env.ci >> "$GITHUB_ENV"[0m
2025-08-17T21:11:02.4760221Z [36;1mecho "DATABASE_URL=***localhost:5432/awa" >> "$GITHUB_ENV"[0m
2025-08-17T21:11:02.4760583Z [36;1mecho "PG_HOST=localhost" >> "$GITHUB_ENV"[0m
2025-08-17T21:11:02.4760873Z [36;1mecho "PG_PORT=5432" >> "$GITHUB_ENV"[0m
2025-08-17T21:11:02.4761146Z [36;1mecho "PG_USER=postgres" >> "$GITHUB_ENV"[0m
2025-08-17T21:11:02.4761622Z [36;1mecho "PG_PASSWORD=pass" >> "$GITHUB_ENV"[0m
2025-08-17T21:11:02.4761890Z [36;1mecho "PG_DATABASE=awa" >> "$GITHUB_ENV"[0m
2025-08-17T21:11:02.4806762Z shell: /usr/bin/bash -e {0}
2025-08-17T21:11:02.4807003Z ##[endgroup]
2025-08-17T21:11:02.4982628Z ##[group]Run actions/setup-python@v5
2025-08-17T21:11:02.4982894Z with:
2025-08-17T21:11:02.4983068Z   python-version: 3.12
2025-08-17T21:11:02.4983255Z   cache: pip
2025-08-17T21:11:02.4983463Z   cache-dependency-path: requirements-dev.txt
2025-08-17T21:11:02.4983722Z   check-latest: false
2025-08-17T21:11:02.4984033Z   token: ***
2025-08-17T21:11:02.4984631Z   update-environment: true
2025-08-17T21:11:02.4984854Z   allow-prereleases: false
2025-08-17T21:11:02.4985050Z   freethreaded: false
2025-08-17T21:11:02.4985219Z env:
2025-08-17T21:11:02.4985372Z   PG_USER: postgres
2025-08-17T21:11:02.4985543Z   PG_PASSWORD: pass
2025-08-17T21:11:02.4985718Z   PG_DATABASE: awa
2025-08-17T21:11:02.4985878Z   PG_HOST: localhost
2025-08-17T21:11:02.4986068Z   PG_PORT: 5432
2025-08-17T21:11:02.4986454Z   PG_SYNC_DSN: ***localhost:5432/awa
2025-08-17T21:11:02.4986836Z   PG_ASYNC_DSN: ***localhost:5432/awa
2025-08-17T21:11:02.4987204Z   DATABASE_URL: ***localhost:5432/awa
2025-08-17T21:11:02.4987455Z   DATA_DIR: /tmp/awa-data
2025-08-17T21:11:02.4987648Z   ENABLE_LIVE: 0
2025-08-17T21:11:02.4987811Z   TESTING: 1
2025-08-17T21:11:02.4987962Z ##[endgroup]
2025-08-17T21:11:02.6639550Z ##[group]Installed versions
2025-08-17T21:11:02.6774772Z Successfully set up CPython (3.12.11)
2025-08-17T21:11:02.6775521Z ##[endgroup]
2025-08-17T21:11:02.7197393Z [command]/opt/hostedtoolcache/Python/3.12.11/x64/bin/pip cache dir
2025-08-17T21:11:03.7450843Z /home/runner/.cache/pip
2025-08-17T21:11:04.0521713Z Cache hit for: setup-python-Linux-x64-24.04-Ubuntu-python-3.12.11-pip-842a859a37b6f31d35b1262d499b1acd0270bca26490137bed88679f7bc0eea4
2025-08-17T21:11:05.4018334Z Received 0 of 318118760 (0.0%), 0.0 MBs/sec
2025-08-17T21:11:06.4032410Z Received 104857600 of 318118760 (33.0%), 50.0 MBs/sec
2025-08-17T21:11:07.4080888Z Received 197132288 of 318118760 (62.0%), 62.5 MBs/sec
2025-08-17T21:11:08.4042278Z Received 318118760 of 318118760 (100.0%), 75.8 MBs/sec
2025-08-17T21:11:08.4045054Z Cache Size: ~303 MB (318118760 B)
2025-08-17T21:11:08.4165859Z [command]/usr/bin/tar -xf /home/runner/work/_temp/fcdda7c1-c2b4-4899-99a1-8d33da98af00/cache.tzst -P -C /home/runner/work/AWA-App/AWA-App --use-compress-program unzstd
2025-08-17T21:11:08.9517370Z Cache restored successfully
2025-08-17T21:11:09.0142370Z Cache restored from key: setup-python-Linux-x64-24.04-Ubuntu-python-3.12.11-pip-842a859a37b6f31d35b1262d499b1acd0270bca26490137bed88679f7bc0eea4
2025-08-17T21:11:09.0271795Z ##[group]Run pip install -r requirements-dev.txt
2025-08-17T21:11:09.0272177Z [36;1mpip install -r requirements-dev.txt[0m
2025-08-17T21:11:09.0272477Z [36;1mpip install keepa==1.3.15 minio==7.1.15[0m
2025-08-17T21:11:09.0316430Z shell: /usr/bin/bash -e {0}
2025-08-17T21:11:09.0316665Z env:
2025-08-17T21:11:09.0316848Z   PG_USER: postgres
2025-08-17T21:11:09.0317048Z   PG_PASSWORD: pass
2025-08-17T21:11:09.0317234Z   PG_DATABASE: awa
2025-08-17T21:11:09.0317407Z   PG_HOST: localhost
2025-08-17T21:11:09.0317589Z   PG_PORT: 5432
2025-08-17T21:11:09.0318075Z   PG_SYNC_DSN: ***localhost:5432/awa
2025-08-17T21:11:09.0318501Z   PG_ASYNC_DSN: ***localhost:5432/awa
2025-08-17T21:11:09.0318888Z   DATABASE_URL: ***localhost:5432/awa
2025-08-17T21:11:09.0319121Z   DATA_DIR: /tmp/awa-data
2025-08-17T21:11:09.0319323Z   ENABLE_LIVE: 0
2025-08-17T21:11:09.0319494Z   TESTING: 1
2025-08-17T21:11:09.0319726Z   pythonLocation: /opt/hostedtoolcache/Python/3.12.11/x64
2025-08-17T21:11:09.0320171Z   PKG_CONFIG_PATH: /opt/hostedtoolcache/Python/3.12.11/x64/lib/pkgconfig
2025-08-17T21:11:09.0320573Z   Python_ROOT_DIR: /opt/hostedtoolcache/Python/3.12.11/x64
2025-08-17T21:11:09.0320931Z   Python2_ROOT_DIR: /opt/hostedtoolcache/Python/3.12.11/x64
2025-08-17T21:11:09.0321281Z   Python3_ROOT_DIR: /opt/hostedtoolcache/Python/3.12.11/x64
2025-08-17T21:11:09.0321814Z   LD_LIBRARY_PATH: /opt/hostedtoolcache/Python/3.12.11/x64/lib
2025-08-17T21:11:09.0322098Z ##[endgroup]
2025-08-17T21:11:09.8894988Z Collecting Jinja2==3.1.6 (from -r requirements-dev.txt (line 2))
2025-08-17T21:11:09.8907766Z   Using cached jinja2-3.1.6-py3-none-any.whl.metadata (2.9 kB)
2025-08-17T21:11:09.9115014Z Collecting alembic==1.13.1 (from -r requirements-dev.txt (line 3))
2025-08-17T21:11:09.9126602Z   Using cached alembic-1.13.1-py3-none-any.whl.metadata (7.4 kB)
2025-08-17T21:11:09.9275849Z Collecting apscheduler==3.10.4 (from -r requirements-dev.txt (line 4))
2025-08-17T21:11:09.9290646Z   Using cached APScheduler-3.10.4-py3-none-any.whl.metadata (5.7 kB)
2025-08-17T21:11:09.9751011Z Collecting asyncpg==0.30.0 (from -r requirements-dev.txt (line 5))
2025-08-17T21:11:09.9763605Z   Using cached asyncpg-0.30.0-cp312-cp312-manylinux_2_17_x86_64.manylinux2014_x86_64.whl.metadata (5.0 kB)
2025-08-17T21:11:10.0202787Z Collecting black==25.1.0 (from -r requirements-dev.txt (line 6))
2025-08-17T21:11:10.0216624Z   Using cached black-25.1.0-cp312-cp312-manylinux_2_17_x86_64.manylinux2014_x86_64.manylinux_2_28_x86_64.whl.metadata (81 kB)
2025-08-17T21:11:10.3616370Z Collecting boto3 (from -r requirements-dev.txt (line 7))
2025-08-17T21:11:10.3629655Z   Using cached boto3-1.40.11-py3-none-any.whl.metadata (6.7 kB)
2025-08-17T21:11:10.3919128Z Collecting redis==5.* (from -r requirements-dev.txt (line 8))
2025-08-17T21:11:10.3930875Z   Using cached redis-5.3.1-py3-none-any.whl.metadata (9.2 kB)
2025-08-17T21:11:10.4315872Z Collecting minio==7.* (from -r requirements-dev.txt (line 9))
2025-08-17T21:11:10.4327677Z   Using cached minio-7.2.16-py3-none-any.whl.metadata (6.5 kB)
2025-08-17T21:11:10.4606839Z Collecting celery==5.4.0 (from -r requirements-dev.txt (line 10))
2025-08-17T21:11:10.4618896Z   Using cached celery-5.4.0-py3-none-any.whl.metadata (21 kB)
2025-08-17T21:11:10.5182881Z Collecting fastapi==0.116.1 (from -r requirements-dev.txt (line 11))
2025-08-17T21:11:10.5194920Z   Using cached fastapi-0.116.1-py3-none-any.whl.metadata (28 kB)
2025-08-17T21:11:10.5412173Z Collecting httpx<0.29,>=0.27 (from -r requirements-dev.txt (line 13))
2025-08-17T21:11:10.5424480Z   Using cached httpx-0.28.1-py3-none-any.whl.metadata (7.1 kB)
2025-08-17T21:11:10.5541013Z Collecting imapclient==3.0.1 (from -r requirements-dev.txt (line 14))
2025-08-17T21:11:10.5553045Z   Using cached IMAPClient-3.0.1-py2.py3-none-any.whl.metadata (1.7 kB)
2025-08-17T21:11:10.5635542Z Collecting itsdangerous (from -r requirements-dev.txt (line 15))
2025-08-17T21:11:10.5646616Z   Using cached itsdangerous-2.2.0-py3-none-any.whl.metadata (1.9 kB)
2025-08-17T21:11:10.6596949Z Collecting mypy==1.* (from -r requirements-dev.txt (line 16))
2025-08-17T21:11:10.6609432Z   Using cached mypy-1.17.1-cp312-cp312-manylinux2014_x86_64.manylinux_2_17_x86_64.manylinux_2_28_x86_64.whl.metadata (2.2 kB)
2025-08-17T21:11:10.6696925Z Collecting mypy-extensions==1.1.0 (from -r requirements-dev.txt (line 17))
2025-08-17T21:11:10.6708315Z   Using cached mypy_extensions-1.1.0-py3-none-any.whl.metadata (1.1 kB)
2025-08-17T21:11:10.8528308Z Collecting numpy<2 (from -r requirements-dev.txt (line 18))
2025-08-17T21:11:10.8541549Z   Using cached numpy-1.26.4-cp312-cp312-manylinux_2_17_x86_64.manylinux2014_x86_64.whl.metadata (61 kB)
2025-08-17T21:11:10.8779390Z Collecting openpyxl==3.1.5 (from -r requirements-dev.txt (line 19))
2025-08-17T21:11:10.8790588Z   Using cached openpyxl-3.1.5-py2.py3-none-any.whl.metadata (2.5 kB)
2025-08-17T21:11:10.9800104Z Collecting pandas==2.2.* (from -r requirements-dev.txt (line 20))
2025-08-17T21:11:10.9812863Z   Using cached pandas-2.2.3-cp312-cp312-manylinux_2_17_x86_64.manylinux2014_x86_64.whl.metadata (89 kB)
2025-08-17T21:11:11.0724617Z Collecting psycopg2-binary==2.9.9 (from -r requirements-dev.txt (line 21))
2025-08-17T21:11:11.0738041Z   Using cached psycopg2_binary-2.9.9-cp312-cp312-manylinux_2_17_x86_64.manylinux2014_x86_64.whl.metadata (4.4 kB)
2025-08-17T21:11:11.0895222Z Collecting psycopg==3.2.9 (from psycopg[binary]==3.2.9->-r requirements-dev.txt (line 22))
2025-08-17T21:11:11.0906595Z   Using cached psycopg-3.2.9-py3-none-any.whl.metadata (4.5 kB)
2025-08-17T21:11:11.2072668Z Collecting pydantic==2.11.7 (from -r requirements-dev.txt (line 23))
2025-08-17T21:11:11.2085557Z   Using cached pydantic-2.11.7-py3-none-any.whl.metadata (67 kB)
2025-08-17T21:11:11.3281185Z Collecting setuptools (from -r requirements-dev.txt (line 24))
2025-08-17T21:11:11.3294526Z   Using cached setuptools-80.9.0-py3-none-any.whl.metadata (6.6 kB)
2025-08-17T21:11:11.3531057Z Collecting pytest-asyncio==0.23.6 (from -r requirements-dev.txt (line 25))
2025-08-17T21:11:11.3542214Z   Using cached pytest_asyncio-0.23.6-py3-none-any.whl.metadata (3.9 kB)
2025-08-17T21:11:11.3674328Z Collecting pytest-cov==6.2.1 (from -r requirements-dev.txt (line 26))
2025-08-17T21:11:11.3686046Z   Using cached pytest_cov-6.2.1-py3-none-any.whl.metadata (30 kB)
2025-08-17T21:11:11.3832449Z Collecting pytest-postgresql==7.0.2 (from -r requirements-dev.txt (line 27))
2025-08-17T21:11:11.3843347Z   Using cached pytest_postgresql-7.0.2-py3-none-any.whl.metadata (18 kB)
2025-08-17T21:11:11.3993716Z Collecting python-dotenv (from -r requirements-dev.txt (line 28))
2025-08-17T21:11:11.4005340Z   Using cached python_dotenv-1.1.1-py3-none-any.whl.metadata (24 kB)
2025-08-17T21:11:11.4118568Z Collecting python-multipart (from -r requirements-dev.txt (line 29))
2025-08-17T21:11:11.4130190Z   Using cached python_multipart-0.0.20-py3-none-any.whl.metadata (1.8 kB)
2025-08-17T21:11:11.4455322Z Collecting python-telegram-bot==22.2 (from -r requirements-dev.txt (line 30))
2025-08-17T21:11:11.4468334Z   Using cached python_telegram_bot-22.2-py3-none-any.whl.metadata (17 kB)
2025-08-17T21:11:11.4976141Z Collecting requests==2.32.4 (from -r requirements-dev.txt (line 31))
2025-08-17T21:11:11.4988697Z   Using cached requests-2.32.4-py3-none-any.whl.metadata (4.9 kB)
2025-08-17T21:11:11.7388316Z Collecting respx==0.22.0 (from -r requirements-dev.txt (line 32))
2025-08-17T21:11:11.7400717Z   Using cached respx-0.22.0-py2.py3-none-any.whl.metadata (4.1 kB)
2025-08-17T21:11:12.1018805Z Collecting ruff==0.4.4 (from -r requirements-dev.txt (line 33))
2025-08-17T21:11:12.1032377Z   Using cached ruff-0.4.4-py3-none-manylinux_2_17_x86_64.manylinux2014_x86_64.whl.metadata (23 kB)
2025-08-17T21:11:12.3592680Z Collecting sqlalchemy==2.0.29 (from -r requirements-dev.txt (line 34))
2025-08-17T21:11:12.3606593Z   Using cached SQLAlchemy-2.0.29-cp312-cp312-manylinux_2_17_x86_64.manylinux2014_x86_64.whl.metadata (9.6 kB)
2025-08-17T21:11:12.3821094Z Collecting testcontainers==4.10.0 (from testcontainers[postgres]==4.10.0->-r requirements-dev.txt (line 35))
2025-08-17T21:11:12.3832980Z   Using cached testcontainers-4.10.0-py3-none-any.whl.metadata (7.8 kB)
2025-08-17T21:11:12.4172810Z Collecting types-requests==2.32.0.20240602 (from -r requirements-dev.txt (line 36))
2025-08-17T21:11:12.4184624Z   Using cached types_requests-2.32.0.20240602-py3-none-any.whl.metadata (1.8 kB)
2025-08-17T21:11:12.4295355Z Collecting docspec-python==2.2.2 (from -r requirements-dev.txt (line 37))
2025-08-17T21:11:12.4307100Z   Using cached docspec_python-2.2.2-py3-none-any.whl.metadata (1.0 kB)
2025-08-17T21:11:12.4459803Z Collecting pydoc-markdown==4.8.2 (from -r requirements-dev.txt (line 38))
2025-08-17T21:11:12.4471665Z   Using cached pydoc_markdown-4.8.2-py3-none-any.whl.metadata (5.9 kB)
2025-08-17T21:11:12.5488685Z Collecting pandera==0.19.* (from -r requirements-dev.txt (line 39))
2025-08-17T21:11:12.5501090Z   Using cached pandera-0.19.3-py3-none-any.whl.metadata (15 kB)
2025-08-17T21:11:12.6508769Z Collecting MarkupSafe>=2.0 (from Jinja2==3.1.6->-r requirements-dev.txt (line 2))
2025-08-17T21:11:12.6522268Z   Using cached MarkupSafe-3.0.2-cp312-cp312-manylinux_2_17_x86_64.manylinux2014_x86_64.whl.metadata (4.0 kB)
2025-08-17T21:11:12.6777991Z Collecting Mako (from alembic==1.13.1->-r requirements-dev.txt (line 3))
2025-08-17T21:11:12.6790206Z   Using cached mako-1.3.10-py3-none-any.whl.metadata (2.9 kB)
2025-08-17T21:11:12.6943399Z Collecting typing-extensions>=4 (from alembic==1.13.1->-r requirements-dev.txt (line 3))
2025-08-17T21:11:12.6955372Z   Using cached typing_extensions-4.14.1-py3-none-any.whl.metadata (3.0 kB)
2025-08-17T21:11:12.7080544Z Collecting six>=1.4.0 (from apscheduler==3.10.4->-r requirements-dev.txt (line 4))
2025-08-17T21:11:12.7092534Z   Using cached six-1.17.0-py2.py3-none-any.whl.metadata (1.7 kB)
2025-08-17T21:11:12.7408705Z Collecting pytz (from apscheduler==3.10.4->-r requirements-dev.txt (line 4))
2025-08-17T21:11:12.7421157Z   Using cached pytz-2025.2-py2.py3-none-any.whl.metadata (22 kB)
2025-08-17T21:11:12.7565376Z Collecting tzlocal!=3.*,>=2.0 (from apscheduler==3.10.4->-r requirements-dev.txt (line 4))
2025-08-17T21:11:12.7577118Z   Using cached tzlocal-5.3.1-py3-none-any.whl.metadata (7.6 kB)
2025-08-17T21:11:12.7761657Z Collecting click>=8.0.0 (from black==25.1.0->-r requirements-dev.txt (line 6))
2025-08-17T21:11:12.7773342Z   Using cached click-8.2.1-py3-none-any.whl.metadata (2.5 kB)
2025-08-17T21:11:12.7914831Z Collecting packaging>=22.0 (from black==25.1.0->-r requirements-dev.txt (line 6))
2025-08-17T21:11:12.7926600Z   Using cached packaging-25.0-py3-none-any.whl.metadata (3.3 kB)
2025-08-17T21:11:12.8033796Z Collecting pathspec>=0.9.0 (from black==25.1.0->-r requirements-dev.txt (line 6))
2025-08-17T21:11:12.8045713Z   Using cached pathspec-0.12.1-py3-none-any.whl.metadata (21 kB)
2025-08-17T21:11:12.8216354Z Collecting platformdirs>=2 (from black==25.1.0->-r requirements-dev.txt (line 6))
2025-08-17T21:11:12.8227952Z   Using cached platformdirs-4.3.8-py3-none-any.whl.metadata (12 kB)
2025-08-17T21:11:12.8409437Z Collecting billiard<5.0,>=4.2.0 (from celery==5.4.0->-r requirements-dev.txt (line 10))
2025-08-17T21:11:12.8421393Z   Using cached billiard-4.2.1-py3-none-any.whl.metadata (4.4 kB)
2025-08-17T21:11:12.8689738Z Collecting kombu<6.0,>=5.3.4 (from celery==5.4.0->-r requirements-dev.txt (line 10))
2025-08-17T21:11:12.8701860Z   Using cached kombu-5.5.4-py3-none-any.whl.metadata (3.5 kB)
2025-08-17T21:11:12.8873269Z Collecting vine<6.0,>=5.1.0 (from celery==5.4.0->-r requirements-dev.txt (line 10))
2025-08-17T21:11:12.8885227Z   Using cached vine-5.1.0-py3-none-any.whl.metadata (2.7 kB)
2025-08-17T21:11:12.9007881Z Collecting click-didyoumean>=0.3.0 (from celery==5.4.0->-r requirements-dev.txt (line 10))
2025-08-17T21:11:12.9020406Z   Using cached click_didyoumean-0.3.1-py3-none-any.whl.metadata (3.9 kB)
2025-08-17T21:11:12.9107861Z Collecting click-repl>=0.2.0 (from celery==5.4.0->-r requirements-dev.txt (line 10))
2025-08-17T21:11:12.9119615Z   Using cached click_repl-0.3.0-py3-none-any.whl.metadata (3.6 kB)
2025-08-17T21:11:12.9203335Z Collecting click-plugins>=1.1.1 (from celery==5.4.0->-r requirements-dev.txt (line 10))
2025-08-17T21:11:12.9215384Z   Using cached click_plugins-1.1.1.2-py2.py3-none-any.whl.metadata (6.5 kB)
2025-08-17T21:11:12.9339461Z Collecting tzdata>=2022.7 (from celery==5.4.0->-r requirements-dev.txt (line 10))
2025-08-17T21:11:12.9351453Z   Using cached tzdata-2025.2-py2.py3-none-any.whl.metadata (1.4 kB)
2025-08-17T21:11:12.9451884Z Collecting python-dateutil>=2.8.2 (from celery==5.4.0->-r requirements-dev.txt (line 10))
2025-08-17T21:11:12.9463686Z   Using cached python_dateutil-2.9.0.post0-py2.py3-none-any.whl.metadata (8.4 kB)
2025-08-17T21:11:12.9765458Z Collecting starlette<0.48.0,>=0.40.0 (from fastapi==0.116.1->-r requirements-dev.txt (line 11))
2025-08-17T21:11:12.9778606Z   Using cached starlette-0.47.2-py3-none-any.whl.metadata (6.2 kB)
2025-08-17T21:11:13.0206435Z Collecting annotated-types>=0.6.0 (from pydantic==2.11.7->-r requirements-dev.txt (line 23))
2025-08-17T21:11:13.0218274Z   Using cached annotated_types-0.7.0-py3-none-any.whl.metadata (15 kB)
2025-08-17T21:11:13.6920077Z Collecting pydantic-core==2.33.2 (from pydantic==2.11.7->-r requirements-dev.txt (line 23))
2025-08-17T21:11:13.6934726Z   Using cached pydantic_core-2.33.2-cp312-cp312-manylinux_2_17_x86_64.manylinux2014_x86_64.whl.metadata (6.8 kB)
2025-08-17T21:11:13.7061933Z Collecting typing-inspection>=0.4.0 (from pydantic==2.11.7->-r requirements-dev.txt (line 23))
2025-08-17T21:11:13.7073644Z   Using cached typing_inspection-0.4.1-py3-none-any.whl.metadata (2.6 kB)
2025-08-17T21:11:13.7175260Z Collecting et-xmlfile (from openpyxl==3.1.5->-r requirements-dev.txt (line 19))
2025-08-17T21:11:13.7187205Z   Using cached et_xmlfile-2.0.0-py3-none-any.whl.metadata (2.7 kB)
2025-08-17T21:11:13.7591767Z Collecting pytest<9,>=7.0.0 (from pytest-asyncio==0.23.6->-r requirements-dev.txt (line 25))
2025-08-17T21:11:13.7604607Z   Using cached pytest-8.4.1-py3-none-any.whl.metadata (7.7 kB)
2025-08-17T21:11:14.0758505Z Collecting coverage>=7.5 (from coverage[toml]>=7.5->pytest-cov==6.2.1->-r requirements-dev.txt (line 26))
2025-08-17T21:11:14.0772000Z   Using cached coverage-7.10.4-cp312-cp312-manylinux1_x86_64.manylinux_2_28_x86_64.manylinux_2_5_x86_64.whl.metadata (8.9 kB)
2025-08-17T21:11:14.0888948Z Collecting pluggy>=1.2 (from pytest-cov==6.2.1->-r requirements-dev.txt (line 26))
2025-08-17T21:11:14.0901332Z   Using cached pluggy-1.6.0-py3-none-any.whl.metadata (4.8 kB)
2025-08-17T21:11:14.1153900Z Collecting port-for>=0.7.3 (from pytest-postgresql==7.0.2->-r requirements-dev.txt (line 27))
2025-08-17T21:11:14.1165507Z   Using cached port_for-0.7.4-py3-none-any.whl.metadata (7.1 kB)
2025-08-17T21:11:14.1306145Z Collecting mirakuru>=2.6.0 (from pytest-postgresql==7.0.2->-r requirements-dev.txt (line 27))
2025-08-17T21:11:14.1317791Z   Using cached mirakuru-2.6.1-py3-none-any.whl.metadata (10 kB)
2025-08-17T21:11:14.2120393Z Collecting charset_normalizer<4,>=2 (from requests==2.32.4->-r requirements-dev.txt (line 31))
2025-08-17T21:11:14.2133594Z   Using cached charset_normalizer-3.4.3-cp312-cp312-manylinux2014_x86_64.manylinux_2_17_x86_64.manylinux_2_28_x86_64.whl.metadata (36 kB)
2025-08-17T21:11:14.2275403Z Collecting idna<4,>=2.5 (from requests==2.32.4->-r requirements-dev.txt (line 31))
2025-08-17T21:11:14.2286920Z   Using cached idna-3.10-py3-none-any.whl.metadata (10 kB)
2025-08-17T21:11:14.2565025Z Collecting urllib3<3,>=1.21.1 (from requests==2.32.4->-r requirements-dev.txt (line 31))
2025-08-17T21:11:14.2578196Z   Using cached urllib3-2.5.0-py3-none-any.whl.metadata (6.5 kB)
2025-08-17T21:11:14.2775322Z Collecting certifi>=2017.4.17 (from requests==2.32.4->-r requirements-dev.txt (line 31))
2025-08-17T21:11:14.2787468Z   Using cached certifi-2025.8.3-py3-none-any.whl.metadata (2.4 kB)
2025-08-17T21:11:14.4806247Z Collecting greenlet!=0.4.17 (from sqlalchemy==2.0.29->-r requirements-dev.txt (line 34))
2025-08-17T21:11:14.4820209Z   Using cached greenlet-3.2.4-cp312-cp312-manylinux_2_24_x86_64.manylinux_2_28_x86_64.whl.metadata (4.1 kB)
2025-08-17T21:11:14.5047371Z Collecting docker (from testcontainers==4.10.0->testcontainers[postgres]==4.10.0->-r requirements-dev.txt (line 35))
2025-08-17T21:11:14.5060413Z   Using cached docker-7.1.0-py3-none-any.whl.metadata (3.8 kB)
2025-08-17T21:11:14.6036119Z Collecting wrapt (from testcontainers==4.10.0->testcontainers[postgres]==4.10.0->-r requirements-dev.txt (line 35))
2025-08-17T21:11:14.6052871Z   Using cached wrapt-1.17.3-cp312-cp312-manylinux1_x86_64.manylinux_2_28_x86_64.manylinux_2_5_x86_64.whl.metadata (6.4 kB)
2025-08-17T21:11:14.6322415Z Collecting docspec==2.2.1 (from docspec-python==2.2.2->-r requirements-dev.txt (line 37))
2025-08-17T21:11:14.6333900Z   Using cached docspec-2.2.1-py3-none-any.whl.metadata (1.5 kB)
2025-08-17T21:11:14.6485419Z Collecting nr-util>=0.8.12 (from docspec-python==2.2.2->-r requirements-dev.txt (line 37))
2025-08-17T21:11:14.6496894Z   Using cached nr.util-0.8.12-py3-none-any.whl.metadata (813 bytes)
2025-08-17T21:11:14.6827127Z Collecting PyYAML<7.0,>=5.0 (from pydoc-markdown==4.8.2->-r requirements-dev.txt (line 38))
2025-08-17T21:11:14.6840399Z   Using cached PyYAML-6.0.2-cp312-cp312-manylinux_2_17_x86_64.manylinux2014_x86_64.whl.metadata (2.1 kB)
2025-08-17T21:11:14.7114964Z Collecting databind.core<5.0.0,>=4.4.0 (from pydoc-markdown==4.8.2->-r requirements-dev.txt (line 38))
2025-08-17T21:11:14.7127181Z   Using cached databind.core-4.5.2-py3-none-any.whl.metadata (1.1 kB)
2025-08-17T21:11:14.7336319Z Collecting databind.json<5.0.0,>=4.4.0 (from pydoc-markdown==4.8.2->-r requirements-dev.txt (line 38))
2025-08-17T21:11:14.7348530Z   Using cached databind.json-4.5.2-py3-none-any.whl.metadata (1.1 kB)
2025-08-17T21:11:14.7477442Z Collecting docstring-parser<0.12,>=0.11 (from pydoc-markdown==4.8.2->-r requirements-dev.txt (line 38))
2025-08-17T21:11:14.7478928Z   Using cached docstring_parser-0.11-py3-none-any.whl
2025-08-17T21:11:14.7780616Z Collecting tomli<3.0.0,>=2.0.0 (from pydoc-markdown==4.8.2->-r requirements-dev.txt (line 38))
2025-08-17T21:11:14.7792710Z   Using cached tomli-2.2.1-cp312-cp312-manylinux_2_17_x86_64.manylinux2014_x86_64.whl.metadata (11 kB)
2025-08-17T21:11:14.7885043Z Collecting tomli_w<2.0.0,>=1.0.0 (from pydoc-markdown==4.8.2->-r requirements-dev.txt (line 38))
2025-08-17T21:11:14.7896603Z   Using cached tomli_w-1.2.0-py3-none-any.whl.metadata (5.7 kB)
2025-08-17T21:11:14.8988365Z Collecting watchdog (from pydoc-markdown==4.8.2->-r requirements-dev.txt (line 38))
2025-08-17T21:11:14.9001704Z   Using cached watchdog-6.0.0-py3-none-manylinux2014_x86_64.whl.metadata (44 kB)
2025-08-17T21:11:14.9192159Z Collecting yapf>=0.30.0 (from pydoc-markdown==4.8.2->-r requirements-dev.txt (line 38))
2025-08-17T21:11:14.9204654Z   Using cached yapf-0.43.0-py3-none-any.whl.metadata (46 kB)
2025-08-17T21:11:14.9383754Z Collecting Deprecated<2.0.0,>=1.2.12 (from docspec==2.2.1->docspec-python==2.2.2->-r requirements-dev.txt (line 37))
2025-08-17T21:11:14.9395745Z   Using cached Deprecated-1.2.18-py2.py3-none-any.whl.metadata (5.7 kB)
2025-08-17T21:11:15.1164663Z Collecting psycopg-binary==3.2.9 (from psycopg[binary]==3.2.9->-r requirements-dev.txt (line 22))
2025-08-17T21:11:15.1178500Z   Using cached psycopg_binary-3.2.9-cp312-cp312-manylinux_2_17_x86_64.manylinux2014_x86_64.whl.metadata (2.9 kB)
2025-08-17T21:11:15.1445302Z Collecting PyJWT>=2.9.0 (from redis==5.*->-r requirements-dev.txt (line 8))
2025-08-17T21:11:15.1457822Z   Using cached PyJWT-2.10.1-py3-none-any.whl.metadata (4.0 kB)
2025-08-17T21:11:15.1698349Z Collecting argon2-cffi (from minio==7.*->-r requirements-dev.txt (line 9))
2025-08-17T21:11:15.1711166Z   Using cached argon2_cffi-25.1.0-py3-none-any.whl.metadata (4.1 kB)
2025-08-17T21:11:15.2520222Z Collecting pycryptodome (from minio==7.*->-r requirements-dev.txt (line 9))
2025-08-17T21:11:15.2535178Z   Using cached pycryptodome-3.23.0-cp37-abi3-manylinux_2_17_x86_64.manylinux2014_x86_64.whl.metadata (3.4 kB)
2025-08-17T21:11:15.2722962Z Collecting anyio (from httpx<0.29,>=0.27->-r requirements-dev.txt (line 13))
2025-08-17T21:11:15.2735318Z   Using cached anyio-4.10.0-py3-none-any.whl.metadata (4.0 kB)
2025-08-17T21:11:15.2968970Z Collecting httpcore==1.* (from httpx<0.29,>=0.27->-r requirements-dev.txt (line 13))
2025-08-17T21:11:15.2980870Z   Using cached httpcore-1.0.9-py3-none-any.whl.metadata (21 kB)
2025-08-17T21:11:15.3343325Z Collecting multimethod<=1.10.0 (from pandera==0.19.*->-r requirements-dev.txt (line 39))
2025-08-17T21:11:15.3355120Z   Using cached multimethod-1.10-py3-none-any.whl.metadata (8.2 kB)
2025-08-17T21:11:15.3700754Z Collecting typeguard (from pandera==0.19.*->-r requirements-dev.txt (line 39))
2025-08-17T21:11:15.3712247Z   Using cached typeguard-4.4.4-py3-none-any.whl.metadata (3.3 kB)
2025-08-17T21:11:15.3798772Z Collecting typing-inspect>=0.6.0 (from pandera==0.19.*->-r requirements-dev.txt (line 39))
2025-08-17T21:11:15.3810131Z   Using cached typing_inspect-0.9.0-py3-none-any.whl.metadata (1.5 kB)
2025-08-17T21:11:15.4062840Z Collecting databind<5.0.0,>=4.5.2 (from databind.core<5.0.0,>=4.4.0->pydoc-markdown==4.8.2->-r requirements-dev.txt (line 38))
2025-08-17T21:11:15.4074608Z   Using cached databind-4.5.2-py3-none-any.whl.metadata (4.3 kB)
2025-08-17T21:11:15.4188758Z Collecting nr-date<3.0.0,>=2.0.0 (from databind<5.0.0,>=4.5.2->databind.core<5.0.0,>=4.4.0->pydoc-markdown==4.8.2->-r requirements-dev.txt (line 38))
2025-08-17T21:11:15.4200949Z   Using cached nr_date-2.1.0-py3-none-any.whl.metadata (746 bytes)
2025-08-17T21:11:15.4324649Z Collecting nr-stream<2.0.0,>=1.0.0 (from databind<5.0.0,>=4.5.2->databind.core<5.0.0,>=4.4.0->pydoc-markdown==4.8.2->-r requirements-dev.txt (line 38))
2025-08-17T21:11:15.4337883Z   Using cached nr_stream-1.1.5-py3-none-any.whl.metadata (3.6 kB)
2025-08-17T21:11:15.4503097Z Collecting typeapi<3,>=2.0.1 (from databind<5.0.0,>=4.5.2->databind.core<5.0.0,>=4.4.0->pydoc-markdown==4.8.2->-r requirements-dev.txt (line 38))
2025-08-17T21:11:15.4515531Z   Using cached typeapi-2.2.4-py3-none-any.whl.metadata (1.5 kB)
2025-08-17T21:11:15.4824780Z Collecting h11>=0.16 (from httpcore==1.*->httpx<0.29,>=0.27->-r requirements-dev.txt (line 13))
2025-08-17T21:11:15.4837323Z   Using cached h11-0.16.0-py3-none-any.whl.metadata (8.3 kB)
2025-08-17T21:11:15.5070930Z Collecting amqp<6.0.0,>=5.1.1 (from kombu<6.0,>=5.3.4->celery==5.4.0->-r requirements-dev.txt (line 10))
2025-08-17T21:11:15.5083412Z   Using cached amqp-5.3.1-py3-none-any.whl.metadata (8.9 kB)
2025-08-17T21:11:15.5481937Z Collecting iniconfig>=1 (from pytest<9,>=7.0.0->pytest-asyncio==0.23.6->-r requirements-dev.txt (line 25))
2025-08-17T21:11:15.5494407Z   Using cached iniconfig-2.1.0-py3-none-any.whl.metadata (2.7 kB)
2025-08-17T21:11:15.5690148Z Collecting pygments>=2.7.2 (from pytest<9,>=7.0.0->pytest-asyncio==0.23.6->-r requirements-dev.txt (line 25))
2025-08-17T21:11:15.5703652Z   Using cached pygments-2.19.2-py3-none-any.whl.metadata (2.5 kB)
2025-08-17T21:11:15.6082782Z Collecting sniffio>=1.1 (from anyio->httpx<0.29,>=0.27->-r requirements-dev.txt (line 13))
2025-08-17T21:11:15.6096278Z   Using cached sniffio-1.3.1-py3-none-any.whl.metadata (3.9 kB)
2025-08-17T21:11:16.0908945Z Collecting botocore<1.41.0,>=1.40.11 (from boto3->-r requirements-dev.txt (line 7))
2025-08-17T21:11:16.0922449Z   Using cached botocore-1.40.11-py3-none-any.whl.metadata (5.7 kB)
2025-08-17T21:11:16.1035924Z Collecting jmespath<2.0.0,>=0.7.1 (from boto3->-r requirements-dev.txt (line 7))
2025-08-17T21:11:16.1047618Z   Using cached jmespath-1.0.1-py3-none-any.whl.metadata (7.6 kB)
2025-08-17T21:11:16.1208330Z Collecting s3transfer<0.14.0,>=0.13.0 (from boto3->-r requirements-dev.txt (line 7))
2025-08-17T21:11:16.1220666Z   Using cached s3transfer-0.13.1-py3-none-any.whl.metadata (1.7 kB)
2025-08-17T21:11:16.2918548Z Collecting fastapi-cli>=0.0.8 (from fastapi-cli[standard]>=0.0.8; extra == "all"->fastapi[all]->-r requirements-dev.txt (line 12))
2025-08-17T21:11:16.2930646Z   Using cached fastapi_cli-0.0.8-py3-none-any.whl.metadata (6.3 kB)
2025-08-17T21:11:16.3617884Z Collecting ujson!=4.0.2,!=4.1.0,!=4.2.0,!=4.3.0,!=5.0.0,!=5.1.0,>=4.0.1 (from fastapi[all]->-r requirements-dev.txt (line 12))
2025-08-17T21:11:16.3630966Z   Using cached ujson-5.10.0-cp312-cp312-manylinux_2_17_x86_64.manylinux2014_x86_64.whl.metadata (9.3 kB)
2025-08-17T21:11:16.5972360Z Collecting orjson>=3.2.1 (from fastapi[all]->-r requirements-dev.txt (line 12))
2025-08-17T21:11:16.5986093Z   Using cached orjson-3.11.2-cp312-cp312-manylinux_2_17_x86_64.manylinux2014_x86_64.whl.metadata (1.2 kB)
2025-08-17T21:11:16.6097375Z Collecting email-validator>=2.0.0 (from fastapi[all]->-r requirements-dev.txt (line 12))
2025-08-17T21:11:16.6109970Z   Using cached email_validator-2.2.0-py3-none-any.whl.metadata (25 kB)
2025-08-17T21:11:16.6450910Z Collecting uvicorn>=0.12.0 (from uvicorn[standard]>=0.12.0; extra == "all"->fastapi[all]->-r requirements-dev.txt (line 12))
2025-08-17T21:11:16.6462749Z   Using cached uvicorn-0.35.0-py3-none-any.whl.metadata (6.5 kB)
2025-08-17T21:11:16.6619593Z Collecting pydantic-settings>=2.0.0 (from fastapi[all]->-r requirements-dev.txt (line 12))
2025-08-17T21:11:16.6631529Z   Using cached pydantic_settings-2.10.1-py3-none-any.whl.metadata (3.4 kB)
2025-08-17T21:11:16.6813749Z Collecting pydantic-extra-types>=2.0.0 (from fastapi[all]->-r requirements-dev.txt (line 12))
2025-08-17T21:11:16.6824703Z   Using cached pydantic_extra_types-2.10.5-py3-none-any.whl.metadata (3.9 kB)
2025-08-17T21:11:16.7483986Z Collecting prompt-toolkit>=3.0.36 (from click-repl>=0.2.0->celery==5.4.0->-r requirements-dev.txt (line 10))
2025-08-17T21:11:16.7495250Z   Using cached prompt_toolkit-3.0.51-py3-none-any.whl.metadata (6.4 kB)
2025-08-17T21:11:16.7666257Z Collecting dnspython>=2.0.0 (from email-validator>=2.0.0->fastapi[all]->-r requirements-dev.txt (line 12))
2025-08-17T21:11:16.7677054Z   Using cached dnspython-2.7.0-py3-none-any.whl.metadata (5.8 kB)
2025-08-17T21:11:16.7955196Z Collecting typer>=0.15.1 (from fastapi-cli>=0.0.8->fastapi-cli[standard]>=0.0.8; extra == "all"->fastapi[all]->-r requirements-dev.txt (line 12))
2025-08-17T21:11:16.7966084Z   Using cached typer-0.16.0-py3-none-any.whl.metadata (15 kB)
2025-08-17T21:11:16.8206459Z Collecting rich-toolkit>=0.14.8 (from fastapi-cli>=0.0.8->fastapi-cli[standard]>=0.0.8; extra == "all"->fastapi[all]->-r requirements-dev.txt (line 12))
2025-08-17T21:11:16.8217197Z   Using cached rich_toolkit-0.15.0-py3-none-any.whl.metadata (1.0 kB)
2025-08-17T21:11:16.8318136Z Collecting fastapi-cloud-cli>=0.1.1 (from fastapi-cli[standard]>=0.0.8; extra == "all"->fastapi[all]->-r requirements-dev.txt (line 12))
2025-08-17T21:11:16.8329210Z   Using cached fastapi_cloud_cli-0.1.5-py3-none-any.whl.metadata (3.2 kB)
2025-08-17T21:11:16.9057675Z Collecting rignore>=0.5.1 (from fastapi-cloud-cli>=0.1.1->fastapi-cli[standard]>=0.0.8; extra == "all"->fastapi[all]->-r requirements-dev.txt (line 12))
2025-08-17T21:11:16.9069815Z   Using cached rignore-0.6.4-cp312-cp312-manylinux_2_17_x86_64.manylinux2014_x86_64.whl.metadata (3.8 kB)
2025-08-17T21:11:16.9882103Z Collecting sentry-sdk>=2.20.0 (from fastapi-cloud-cli>=0.1.1->fastapi-cli[standard]>=0.0.8; extra == "all"->fastapi[all]->-r requirements-dev.txt (line 12))
2025-08-17T21:11:16.9894904Z   Using cached sentry_sdk-2.35.0-py2.py3-none-any.whl.metadata (10 kB)
2025-08-17T21:11:17.0834985Z Collecting psutil>=4.0.0 (from mirakuru>=2.6.0->pytest-postgresql==7.0.2->-r requirements-dev.txt (line 27))
2025-08-17T21:11:17.0850505Z   Using cached psutil-7.0.0-cp36-abi3-manylinux_2_12_x86_64.manylinux2010_x86_64.manylinux_2_17_x86_64.manylinux2014_x86_64.whl.metadata (22 kB)
2025-08-17T21:11:17.1212594Z Collecting wcwidth (from prompt-toolkit>=3.0.36->click-repl>=0.2.0->celery==5.4.0->-r requirements-dev.txt (line 10))
2025-08-17T21:11:17.1223757Z   Using cached wcwidth-0.2.13-py2.py3-none-any.whl.metadata (14 kB)
2025-08-17T21:11:17.2410629Z Collecting rich>=13.7.1 (from rich-toolkit>=0.14.8->fastapi-cli>=0.0.8->fastapi-cli[standard]>=0.0.8; extra == "all"->fastapi[all]->-r requirements-dev.txt (line 12))
2025-08-17T21:11:17.2422054Z   Using cached rich-14.1.0-py3-none-any.whl.metadata (18 kB)
2025-08-17T21:11:17.2618521Z Collecting markdown-it-py>=2.2.0 (from rich>=13.7.1->rich-toolkit>=0.14.8->fastapi-cli>=0.0.8->fastapi-cli[standard]>=0.0.8; extra == "all"->fastapi[all]->-r requirements-dev.txt (line 12))
2025-08-17T21:11:17.2629437Z   Using cached markdown_it_py-4.0.0-py3-none-any.whl.metadata (7.3 kB)
2025-08-17T21:11:17.2821714Z Collecting mdurl~=0.1 (from markdown-it-py>=2.2.0->rich>=13.7.1->rich-toolkit>=0.14.8->fastapi-cli>=0.0.8->fastapi-cli[standard]>=0.0.8; extra == "all"->fastapi[all]->-r requirements-dev.txt (line 12))
2025-08-17T21:11:17.2832424Z   Using cached mdurl-0.1.2-py3-none-any.whl.metadata (1.6 kB)
2025-08-17T21:11:17.3364453Z Collecting shellingham>=1.3.0 (from typer>=0.15.1->fastapi-cli>=0.0.8->fastapi-cli[standard]>=0.0.8; extra == "all"->fastapi[all]->-r requirements-dev.txt (line 12))
2025-08-17T21:11:17.3376047Z   Using cached shellingham-1.5.4-py2.py3-none-any.whl.metadata (3.5 kB)
2025-08-17T21:11:17.4177427Z Collecting httptools>=0.6.3 (from uvicorn[standard]>=0.12.0; extra == "all"->fastapi[all]->-r requirements-dev.txt (line 12))
2025-08-17T21:11:17.4190130Z   Using cached httptools-0.6.4-cp312-cp312-manylinux_2_5_x86_64.manylinux1_x86_64.manylinux_2_17_x86_64.manylinux2014_x86_64.whl.metadata (3.6 kB)
2025-08-17T21:11:17.4630607Z Collecting uvloop>=0.15.1 (from uvicorn[standard]>=0.12.0; extra == "all"->fastapi[all]->-r requirements-dev.txt (line 12))
2025-08-17T21:11:17.4643081Z   Using cached uvloop-0.21.0-cp312-cp312-manylinux_2_17_x86_64.manylinux2014_x86_64.whl.metadata (4.9 kB)
2025-08-17T21:11:17.5355773Z Collecting watchfiles>=0.13 (from uvicorn[standard]>=0.12.0; extra == "all"->fastapi[all]->-r requirements-dev.txt (line 12))
2025-08-17T21:11:17.5369227Z   Using cached watchfiles-1.1.0-cp312-cp312-manylinux_2_17_x86_64.manylinux2014_x86_64.whl.metadata (4.9 kB)
2025-08-17T21:11:17.6221944Z Collecting websockets>=10.4 (from uvicorn[standard]>=0.12.0; extra == "all"->fastapi[all]->-r requirements-dev.txt (line 12))
2025-08-17T21:11:17.6235621Z   Using cached websockets-15.0.1-cp312-cp312-manylinux_2_5_x86_64.manylinux1_x86_64.manylinux_2_17_x86_64.manylinux2014_x86_64.whl.metadata (6.8 kB)
2025-08-17T21:11:17.6701214Z Collecting argon2-cffi-bindings (from argon2-cffi->minio==7.*->-r requirements-dev.txt (line 9))
2025-08-17T21:11:17.6713712Z   Using cached argon2_cffi_bindings-25.1.0-cp39-abi3-manylinux_2_26_x86_64.manylinux_2_28_x86_64.whl.metadata (7.4 kB)
2025-08-17T21:11:17.8911214Z Collecting cffi>=1.0.1 (from argon2-cffi-bindings->argon2-cffi->minio==7.*->-r requirements-dev.txt (line 9))
2025-08-17T21:11:17.8925005Z   Using cached cffi-1.17.1-cp312-cp312-manylinux_2_17_x86_64.manylinux2014_x86_64.whl.metadata (1.5 kB)
2025-08-17T21:11:17.9061102Z Collecting pycparser (from cffi>=1.0.1->argon2-cffi-bindings->argon2-cffi->minio==7.*->-r requirements-dev.txt (line 9))
2025-08-17T21:11:17.9072790Z   Using cached pycparser-2.22-py3-none-any.whl.metadata (943 bytes)
2025-08-17T21:11:17.9693034Z Using cached jinja2-3.1.6-py3-none-any.whl (134 kB)
2025-08-17T21:11:17.9706265Z Using cached alembic-1.13.1-py3-none-any.whl (233 kB)
2025-08-17T21:11:17.9719074Z Using cached APScheduler-3.10.4-py3-none-any.whl (59 kB)
2025-08-17T21:11:17.9731149Z Using cached asyncpg-0.30.0-cp312-cp312-manylinux_2_17_x86_64.manylinux2014_x86_64.whl (3.6 MB)
2025-08-17T21:11:17.9768455Z Using cached black-25.1.0-cp312-cp312-manylinux_2_17_x86_64.manylinux2014_x86_64.manylinux_2_28_x86_64.whl (1.8 MB)
2025-08-17T21:11:17.9793632Z Using cached celery-5.4.0-py3-none-any.whl (425 kB)
2025-08-17T21:11:17.9807893Z Using cached fastapi-0.116.1-py3-none-any.whl (95 kB)
2025-08-17T21:11:17.9819874Z Using cached pydantic-2.11.7-py3-none-any.whl (444 kB)
2025-08-17T21:11:17.9834306Z Using cached IMAPClient-3.0.1-py2.py3-none-any.whl (182 kB)
2025-08-17T21:11:17.9862499Z Using cached mypy_extensions-1.1.0-py3-none-any.whl (5.0 kB)
2025-08-17T21:11:17.9865077Z Using cached openpyxl-3.1.5-py2.py3-none-any.whl (250 kB)
2025-08-17T21:11:17.9878700Z Using cached psycopg2_binary-2.9.9-cp312-cp312-manylinux_2_17_x86_64.manylinux2014_x86_64.whl (3.0 MB)
2025-08-17T21:11:17.9911769Z Using cached psycopg-3.2.9-py3-none-any.whl (202 kB)
2025-08-17T21:11:17.9923946Z Using cached pytest_asyncio-0.23.6-py3-none-any.whl (17 kB)
2025-08-17T21:11:17.9935358Z Using cached pytest_cov-6.2.1-py3-none-any.whl (24 kB)
2025-08-17T21:11:17.9946667Z Using cached pytest_postgresql-7.0.2-py3-none-any.whl (41 kB)
2025-08-17T21:11:17.9958374Z Using cached python_telegram_bot-22.2-py3-none-any.whl (708 kB)
2025-08-17T21:11:17.9974282Z Using cached requests-2.32.4-py3-none-any.whl (64 kB)
2025-08-17T21:11:17.9985929Z Using cached respx-0.22.0-py2.py3-none-any.whl (25 kB)
2025-08-17T21:11:17.9997518Z Using cached ruff-0.4.4-py3-none-manylinux_2_17_x86_64.manylinux2014_x86_64.whl (8.7 MB)
2025-08-17T21:11:18.0071420Z Using cached SQLAlchemy-2.0.29-cp312-cp312-manylinux_2_17_x86_64.manylinux2014_x86_64.whl (3.2 MB)
2025-08-17T21:11:18.0104821Z Using cached testcontainers-4.10.0-py3-none-any.whl (107 kB)
2025-08-17T21:11:18.0116954Z Using cached types_requests-2.32.0.20240602-py3-none-any.whl (15 kB)
2025-08-17T21:11:18.0128188Z Using cached docspec_python-2.2.2-py3-none-any.whl (15 kB)
2025-08-17T21:11:18.0139338Z Using cached pydoc_markdown-4.8.2-py3-none-any.whl (67 kB)
2025-08-17T21:11:18.0150651Z Using cached docspec-2.2.1-py3-none-any.whl (9.8 kB)
2025-08-17T21:11:18.0162223Z Using cached psycopg_binary-3.2.9-cp312-cp312-manylinux_2_17_x86_64.manylinux2014_x86_64.whl (4.4 MB)
2025-08-17T21:11:18.0204967Z Using cached pydantic_core-2.33.2-cp312-cp312-manylinux_2_17_x86_64.manylinux2014_x86_64.whl (2.0 MB)
2025-08-17T21:11:18.0229735Z Using cached redis-5.3.1-py3-none-any.whl (272 kB)
2025-08-17T21:11:18.0242762Z Using cached minio-7.2.16-py3-none-any.whl (95 kB)
2025-08-17T21:11:18.0254509Z Using cached httpx-0.28.1-py3-none-any.whl (73 kB)
2025-08-17T21:11:18.0266591Z Using cached mypy-1.17.1-cp312-cp312-manylinux2014_x86_64.manylinux_2_17_x86_64.manylinux_2_28_x86_64.whl (12.7 MB)
2025-08-17T21:11:18.0368124Z Using cached numpy-1.26.4-cp312-cp312-manylinux_2_17_x86_64.manylinux2014_x86_64.whl (18.0 MB)
2025-08-17T21:11:18.0510621Z Using cached pandas-2.2.3-cp312-cp312-manylinux_2_17_x86_64.manylinux2014_x86_64.whl (12.7 MB)
2025-08-17T21:11:18.0611002Z Using cached pandera-0.19.3-py3-none-any.whl (251 kB)
2025-08-17T21:11:18.0623745Z Using cached billiard-4.2.1-py3-none-any.whl (86 kB)
2025-08-17T21:11:18.0636386Z Using cached charset_normalizer-3.4.3-cp312-cp312-manylinux2014_x86_64.manylinux_2_17_x86_64.manylinux_2_28_x86_64.whl (151 kB)
2025-08-17T21:11:18.0648440Z Using cached click-8.2.1-py3-none-any.whl (102 kB)
2025-08-17T21:11:18.0660373Z Using cached databind.core-4.5.2-py3-none-any.whl (1.5 kB)
2025-08-17T21:11:18.0671436Z Using cached databind-4.5.2-py3-none-any.whl (49 kB)
2025-08-17T21:11:18.0682740Z Using cached databind.json-4.5.2-py3-none-any.whl (1.5 kB)
2025-08-17T21:11:18.0694808Z Using cached Deprecated-1.2.18-py2.py3-none-any.whl (10.0 kB)
2025-08-17T21:11:18.0705939Z Using cached httpcore-1.0.9-py3-none-any.whl (78 kB)
2025-08-17T21:11:18.0717616Z Using cached idna-3.10-py3-none-any.whl (70 kB)
2025-08-17T21:11:18.0728999Z Using cached kombu-5.5.4-py3-none-any.whl (210 kB)
2025-08-17T21:11:18.0742511Z Using cached vine-5.1.0-py3-none-any.whl (9.6 kB)
2025-08-17T21:11:18.0753674Z Using cached amqp-5.3.1-py3-none-any.whl (50 kB)
2025-08-17T21:11:18.0764943Z Using cached multimethod-1.10-py3-none-any.whl (9.9 kB)
2025-08-17T21:11:18.0776029Z Using cached nr_date-2.1.0-py3-none-any.whl (10 kB)
2025-08-17T21:11:18.0787460Z Using cached nr_stream-1.1.5-py3-none-any.whl (10 kB)
2025-08-17T21:11:18.0798703Z Using cached nr.util-0.8.12-py3-none-any.whl (90 kB)
2025-08-17T21:11:18.0810434Z Using cached pytest-8.4.1-py3-none-any.whl (365 kB)
2025-08-17T21:11:18.0824436Z Using cached pluggy-1.6.0-py3-none-any.whl (20 kB)
2025-08-17T21:11:18.0836079Z Using cached PyYAML-6.0.2-cp312-cp312-manylinux_2_17_x86_64.manylinux2014_x86_64.whl (767 kB)
2025-08-17T21:11:18.0852382Z Using cached starlette-0.47.2-py3-none-any.whl (72 kB)
2025-08-17T21:11:18.0864260Z Using cached anyio-4.10.0-py3-none-any.whl (107 kB)
2025-08-17T21:11:18.0876470Z Using cached tomli-2.2.1-cp312-cp312-manylinux_2_17_x86_64.manylinux2014_x86_64.whl (242 kB)
2025-08-17T21:11:18.0889922Z Using cached tomli_w-1.2.0-py3-none-any.whl (6.7 kB)
2025-08-17T21:11:18.0902091Z Using cached typeapi-2.2.4-py3-none-any.whl (26 kB)
2025-08-17T21:11:18.0913965Z Using cached typing_extensions-4.14.1-py3-none-any.whl (43 kB)
2025-08-17T21:11:18.0925445Z Using cached urllib3-2.5.0-py3-none-any.whl (129 kB)
2025-08-17T21:11:18.0937700Z Using cached wrapt-1.17.3-cp312-cp312-manylinux1_x86_64.manylinux_2_28_x86_64.manylinux_2_5_x86_64.whl (88 kB)
2025-08-17T21:11:18.0949236Z Using cached boto3-1.40.11-py3-none-any.whl (140 kB)
2025-08-17T21:11:18.0961204Z Using cached botocore-1.40.11-py3-none-any.whl (14.0 MB)
2025-08-17T21:11:18.1073245Z Using cached jmespath-1.0.1-py3-none-any.whl (20 kB)
2025-08-17T21:11:18.1084930Z Using cached python_dateutil-2.9.0.post0-py2.py3-none-any.whl (229 kB)
2025-08-17T21:11:18.1098277Z Using cached s3transfer-0.13.1-py3-none-any.whl (85 kB)
2025-08-17T21:11:18.1109975Z Using cached itsdangerous-2.2.0-py3-none-any.whl (16 kB)
2025-08-17T21:11:18.1121234Z Using cached setuptools-80.9.0-py3-none-any.whl (1.2 MB)
2025-08-17T21:11:18.1140943Z Using cached python_dotenv-1.1.1-py3-none-any.whl (20 kB)
2025-08-17T21:11:18.1152366Z Using cached python_multipart-0.0.20-py3-none-any.whl (24 kB)
2025-08-17T21:11:18.1163801Z Using cached annotated_types-0.7.0-py3-none-any.whl (13 kB)
2025-08-17T21:11:18.1174984Z Using cached certifi-2025.8.3-py3-none-any.whl (161 kB)
2025-08-17T21:11:18.1187250Z Using cached click_didyoumean-0.3.1-py3-none-any.whl (3.6 kB)
2025-08-17T21:11:18.1198410Z Using cached click_plugins-1.1.1.2-py2.py3-none-any.whl (11 kB)
2025-08-17T21:11:18.1209530Z Using cached click_repl-0.3.0-py3-none-any.whl (10 kB)
2025-08-17T21:11:18.1221158Z Using cached coverage-7.10.4-cp312-cp312-manylinux1_x86_64.manylinux_2_28_x86_64.manylinux_2_5_x86_64.whl (251 kB)
2025-08-17T21:11:18.1234459Z Using cached email_validator-2.2.0-py3-none-any.whl (33 kB)
2025-08-17T21:11:18.1246001Z Using cached dnspython-2.7.0-py3-none-any.whl (313 kB)
2025-08-17T21:11:18.1259147Z Using cached fastapi_cli-0.0.8-py3-none-any.whl (10 kB)
2025-08-17T21:11:18.1270514Z Using cached fastapi_cloud_cli-0.1.5-py3-none-any.whl (18 kB)
2025-08-17T21:11:18.1282177Z Using cached greenlet-3.2.4-cp312-cp312-manylinux_2_24_x86_64.manylinux_2_28_x86_64.whl (607 kB)
2025-08-17T21:11:18.1297567Z Using cached h11-0.16.0-py3-none-any.whl (37 kB)
2025-08-17T21:11:18.1309034Z Using cached iniconfig-2.1.0-py3-none-any.whl (6.0 kB)
2025-08-17T21:11:18.1320614Z Using cached MarkupSafe-3.0.2-cp312-cp312-manylinux_2_17_x86_64.manylinux2014_x86_64.whl (23 kB)
2025-08-17T21:11:18.1331874Z Using cached mirakuru-2.6.1-py3-none-any.whl (26 kB)
2025-08-17T21:11:18.1343594Z Using cached orjson-3.11.2-cp312-cp312-manylinux_2_17_x86_64.manylinux2014_x86_64.whl (121 kB)
2025-08-17T21:11:18.1355615Z Using cached packaging-25.0-py3-none-any.whl (66 kB)
2025-08-17T21:11:18.1367102Z Using cached pathspec-0.12.1-py3-none-any.whl (31 kB)
2025-08-17T21:11:18.1378391Z Using cached platformdirs-4.3.8-py3-none-any.whl (18 kB)
2025-08-17T21:11:18.1389401Z Using cached port_for-0.7.4-py3-none-any.whl (21 kB)
2025-08-17T21:11:18.1400902Z Using cached prompt_toolkit-3.0.51-py3-none-any.whl (387 kB)
2025-08-17T21:11:18.1415819Z Using cached psutil-7.0.0-cp36-abi3-manylinux_2_12_x86_64.manylinux2010_x86_64.manylinux_2_17_x86_64.manylinux2014_x86_64.whl (277 kB)
2025-08-17T21:11:18.1428632Z Using cached pydantic_extra_types-2.10.5-py3-none-any.whl (38 kB)
2025-08-17T21:11:18.1440224Z Using cached pydantic_settings-2.10.1-py3-none-any.whl (45 kB)
2025-08-17T21:11:18.1451688Z Using cached pygments-2.19.2-py3-none-any.whl (1.2 MB)
2025-08-17T21:11:18.1471948Z Using cached PyJWT-2.10.1-py3-none-any.whl (22 kB)
2025-08-17T21:11:18.1483317Z Using cached pytz-2025.2-py2.py3-none-any.whl (509 kB)
2025-08-17T21:11:18.1498171Z Using cached rich_toolkit-0.15.0-py3-none-any.whl (29 kB)
2025-08-17T21:11:18.1509797Z Using cached rich-14.1.0-py3-none-any.whl (243 kB)
2025-08-17T21:11:18.1522542Z Using cached markdown_it_py-4.0.0-py3-none-any.whl (87 kB)
2025-08-17T21:11:18.1534350Z Using cached mdurl-0.1.2-py3-none-any.whl (10.0 kB)
2025-08-17T21:11:18.1546090Z Using cached rignore-0.6.4-cp312-cp312-manylinux_2_17_x86_64.manylinux2014_x86_64.whl (949 kB)
2025-08-17T21:11:18.1563835Z Using cached sentry_sdk-2.35.0-py2.py3-none-any.whl (363 kB)
2025-08-17T21:11:18.1577730Z Using cached six-1.17.0-py2.py3-none-any.whl (11 kB)
2025-08-17T21:11:18.1588829Z Using cached sniffio-1.3.1-py3-none-any.whl (10 kB)
2025-08-17T21:11:18.1599968Z Using cached typer-0.16.0-py3-none-any.whl (46 kB)
2025-08-17T21:11:18.1611357Z Using cached shellingham-1.5.4-py2.py3-none-any.whl (9.8 kB)
2025-08-17T21:11:18.1622405Z Using cached typing_inspect-0.9.0-py3-none-any.whl (8.8 kB)
2025-08-17T21:11:18.1633545Z Using cached typing_inspection-0.4.1-py3-none-any.whl (14 kB)
2025-08-17T21:11:18.1645130Z Using cached tzdata-2025.2-py2.py3-none-any.whl (347 kB)
2025-08-17T21:11:18.1658561Z Using cached tzlocal-5.3.1-py3-none-any.whl (18 kB)
2025-08-17T21:11:18.1670105Z Using cached ujson-5.10.0-cp312-cp312-manylinux_2_17_x86_64.manylinux2014_x86_64.whl (53 kB)
2025-08-17T21:11:18.1681433Z Using cached uvicorn-0.35.0-py3-none-any.whl (66 kB)
2025-08-17T21:11:18.1693675Z Using cached httptools-0.6.4-cp312-cp312-manylinux_2_5_x86_64.manylinux1_x86_64.manylinux_2_17_x86_64.manylinux2014_x86_64.whl (510 kB)
2025-08-17T21:11:18.1709329Z Using cached uvloop-0.21.0-cp312-cp312-manylinux_2_17_x86_64.manylinux2014_x86_64.whl (4.7 MB)
2025-08-17T21:11:18.1754024Z Using cached watchfiles-1.1.0-cp312-cp312-manylinux_2_17_x86_64.manylinux2014_x86_64.whl (452 kB)
2025-08-17T21:11:18.1769240Z Using cached websockets-15.0.1-cp312-cp312-manylinux_2_5_x86_64.manylinux1_x86_64.manylinux_2_17_x86_64.manylinux2014_x86_64.whl (182 kB)
2025-08-17T21:11:18.1781197Z Using cached yapf-0.43.0-py3-none-any.whl (256 kB)
2025-08-17T21:11:18.1793958Z Using cached argon2_cffi-25.1.0-py3-none-any.whl (14 kB)
2025-08-17T21:11:18.1806018Z Using cached argon2_cffi_bindings-25.1.0-cp39-abi3-manylinux_2_26_x86_64.manylinux_2_28_x86_64.whl (87 kB)
2025-08-17T21:11:18.1818026Z Using cached cffi-1.17.1-cp312-cp312-manylinux_2_17_x86_64.manylinux2014_x86_64.whl (479 kB)
2025-08-17T21:11:18.1832343Z Using cached docker-7.1.0-py3-none-any.whl (147 kB)
2025-08-17T21:11:18.1844718Z Using cached et_xmlfile-2.0.0-py3-none-any.whl (18 kB)
2025-08-17T21:11:18.1856201Z Using cached mako-1.3.10-py3-none-any.whl (78 kB)
2025-08-17T21:11:18.1867847Z Using cached pycparser-2.22-py3-none-any.whl (117 kB)
2025-08-17T21:11:18.1880270Z Using cached pycryptodome-3.23.0-cp37-abi3-manylinux_2_17_x86_64.manylinux2014_x86_64.whl (2.3 MB)
2025-08-17T21:11:18.1907725Z Using cached typeguard-4.4.4-py3-none-any.whl (34 kB)
2025-08-17T21:11:18.1919232Z Using cached watchdog-6.0.0-py3-none-manylinux2014_x86_64.whl (79 kB)
2025-08-17T21:11:18.1930955Z Using cached wcwidth-0.2.13-py2.py3-none-any.whl (34 kB)
2025-08-17T21:11:18.6555251Z Installing collected packages: wcwidth, pytz, wrapt, websockets, watchdog, vine, uvloop, urllib3, ujson, tzlocal, tzdata, typing-extensions, tomli_w, tomli, sniffio, six, shellingham, setuptools, ruff, rignore, PyYAML, python-multipart, python-dotenv, PyJWT, pygments, pycryptodome, pycparser, psycopg2-binary, psycopg-binary, psutil, prompt-toolkit, port-for, pluggy, platformdirs, pathspec, packaging, orjson, numpy, nr-stream, nr-date, mypy-extensions, multimethod, mdurl, MarkupSafe, jmespath, itsdangerous, iniconfig, imapclient, idna, httptools, h11, greenlet, et-xmlfile, docstring-parser, dnspython, coverage, click, charset_normalizer, certifi, billiard, asyncpg, annotated-types, yapf, uvicorn, typing-inspection, typing-inspect, types-requests, typeguard, typeapi, sqlalchemy, sentry-sdk, requests, redis, python-dateutil, pytest, pydantic-core, psycopg, openpyxl, mypy, mirakuru, markdown-it-py, Mako, Jinja2, httpcore, email-validator, Deprecated, click-repl, click-plugins, click-didyoumean, cffi, black, apscheduler, anyio, amqp, watchfiles, starlette, rich, pytest-postgresql, pytest-cov, pytest-asyncio, pydantic, pandas, nr-util, kombu, httpx, docker, databind, botocore, argon2-cffi-bindings, alembic, typer, testcontainers, s3transfer, rich-toolkit, respx, python-telegram-bot, pydantic-settings, pydantic-extra-types, pandera, fastapi, databind.json, databind.core, celery, argon2-cffi, minio, fastapi-cloud-cli, fastapi-cli, docspec, boto3, docspec-python, pydoc-markdown
2025-08-17T21:11:38.1773182Z 
2025-08-17T21:11:38.1893473Z Successfully installed Deprecated-1.2.18 Jinja2-3.1.6 Mako-1.3.10 MarkupSafe-3.0.2 PyJWT-2.10.1 PyYAML-6.0.2 alembic-1.13.1 amqp-5.3.1 annotated-types-0.7.0 anyio-4.10.0 apscheduler-3.10.4 argon2-cffi-25.1.0 argon2-cffi-bindings-25.1.0 asyncpg-0.30.0 billiard-4.2.1 black-25.1.0 boto3-1.40.11 botocore-1.40.11 celery-5.4.0 certifi-2025.8.3 cffi-1.17.1 charset_normalizer-3.4.3 click-8.2.1 click-didyoumean-0.3.1 click-plugins-1.1.1.2 click-repl-0.3.0 coverage-7.10.4 databind-4.5.2 databind.core-4.5.2 databind.json-4.5.2 dnspython-2.7.0 docker-7.1.0 docspec-2.2.1 docspec-python-2.2.2 docstring-parser-0.11 email-validator-2.2.0 et-xmlfile-2.0.0 fastapi-0.116.1 fastapi-cli-0.0.8 fastapi-cloud-cli-0.1.5 greenlet-3.2.4 h11-0.16.0 httpcore-1.0.9 httptools-0.6.4 httpx-0.28.1 idna-3.10 imapclient-3.0.1 iniconfig-2.1.0 itsdangerous-2.2.0 jmespath-1.0.1 kombu-5.5.4 markdown-it-py-4.0.0 mdurl-0.1.2 minio-7.2.16 mirakuru-2.6.1 multimethod-1.10 mypy-1.17.1 mypy-extensions-1.1.0 nr-date-2.1.0 nr-stream-1.1.5 nr-util-0.8.12 numpy-1.26.4 openpyxl-3.1.5 orjson-3.11.2 packaging-25.0 pandas-2.2.3 pandera-0.19.3 pathspec-0.12.1 platformdirs-4.3.8 pluggy-1.6.0 port-for-0.7.4 prompt-toolkit-3.0.51 psutil-7.0.0 psycopg-3.2.9 psycopg-binary-3.2.9 psycopg2-binary-2.9.9 pycparser-2.22 pycryptodome-3.23.0 pydantic-2.11.7 pydantic-core-2.33.2 pydantic-extra-types-2.10.5 pydantic-settings-2.10.1 pydoc-markdown-4.8.2 pygments-2.19.2 pytest-8.4.1 pytest-asyncio-0.23.6 pytest-cov-6.2.1 pytest-postgresql-7.0.2 python-dateutil-2.9.0.post0 python-dotenv-1.1.1 python-multipart-0.0.20 python-telegram-bot-22.2 pytz-2025.2 redis-5.3.1 requests-2.32.4 respx-0.22.0 rich-14.1.0 rich-toolkit-0.15.0 rignore-0.6.4 ruff-0.4.4 s3transfer-0.13.1 sentry-sdk-2.35.0 setuptools-80.9.0 shellingham-1.5.4 six-1.17.0 sniffio-1.3.1 sqlalchemy-2.0.29 starlette-0.47.2 testcontainers-4.10.0 tomli-2.2.1 tomli_w-1.2.0 typeapi-2.2.4 typeguard-4.4.4 typer-0.16.0 types-requests-2.32.0.20240602 typing-extensions-4.14.1 typing-inspect-0.9.0 typing-inspection-0.4.1 tzdata-2025.2 tzlocal-5.3.1 ujson-5.10.0 urllib3-2.5.0 uvicorn-0.35.0 uvloop-0.21.0 vine-5.1.0 watchdog-6.0.0 watchfiles-1.1.0 wcwidth-0.2.13 websockets-15.0.1 wrapt-1.17.3 yapf-0.43.0
2025-08-17T21:11:39.5391919Z Collecting keepa==1.3.15
2025-08-17T21:11:39.5405475Z   Using cached keepa-1.3.15-py3-none-any.whl.metadata (11 kB)
2025-08-17T21:11:39.5673465Z Collecting minio==7.1.15
2025-08-17T21:11:39.5686389Z   Using cached minio-7.1.15-py3-none-any.whl.metadata (4.2 kB)
2025-08-17T21:11:39.5714555Z Requirement already satisfied: numpy>=1.9.3 in /opt/hostedtoolcache/Python/3.12.11/x64/lib/python3.12/site-packages (from keepa==1.3.15) (1.26.4)
2025-08-17T21:11:39.5720681Z Requirement already satisfied: requests>=2.2 in /opt/hostedtoolcache/Python/3.12.11/x64/lib/python3.12/site-packages (from keepa==1.3.15) (2.32.4)
2025-08-17T21:11:39.6037034Z Collecting tqdm (from keepa==1.3.15)
2025-08-17T21:11:39.6050429Z   Using cached tqdm-4.67.1-py3-none-any.whl.metadata (57 kB)
2025-08-17T21:11:40.0868623Z Collecting aiohttp (from keepa==1.3.15)
2025-08-17T21:11:40.0882583Z   Using cached aiohttp-3.12.15-cp312-cp312-manylinux_2_17_x86_64.manylinux2014_x86_64.whl.metadata (7.7 kB)
2025-08-17T21:11:40.0917992Z Requirement already satisfied: pandas<=3.0 in /opt/hostedtoolcache/Python/3.12.11/x64/lib/python3.12/site-packages (from keepa==1.3.15) (2.2.3)
2025-08-17T21:11:40.0922544Z Requirement already satisfied: pydantic in /opt/hostedtoolcache/Python/3.12.11/x64/lib/python3.12/site-packages (from keepa==1.3.15) (2.11.7)
2025-08-17T21:11:40.0930728Z Requirement already satisfied: certifi in /opt/hostedtoolcache/Python/3.12.11/x64/lib/python3.12/site-packages (from minio==7.1.15) (2025.8.3)
2025-08-17T21:11:40.0934947Z Requirement already satisfied: urllib3 in /opt/hostedtoolcache/Python/3.12.11/x64/lib/python3.12/site-packages (from minio==7.1.15) (2.5.0)
2025-08-17T21:11:40.0992286Z Requirement already satisfied: python-dateutil>=2.8.2 in /opt/hostedtoolcache/Python/3.12.11/x64/lib/python3.12/site-packages (from pandas<=3.0->keepa==1.3.15) (2.9.0.post0)
2025-08-17T21:11:40.0998108Z Requirement already satisfied: pytz>=2020.1 in /opt/hostedtoolcache/Python/3.12.11/x64/lib/python3.12/site-packages (from pandas<=3.0->keepa==1.3.15) (2025.2)
2025-08-17T21:11:40.1003878Z Requirement already satisfied: tzdata>=2022.7 in /opt/hostedtoolcache/Python/3.12.11/x64/lib/python3.12/site-packages (from pandas<=3.0->keepa==1.3.15) (2025.2)
2025-08-17T21:11:40.1129624Z Requirement already satisfied: six>=1.5 in /opt/hostedtoolcache/Python/3.12.11/x64/lib/python3.12/site-packages (from python-dateutil>=2.8.2->pandas<=3.0->keepa==1.3.15) (1.17.0)
2025-08-17T21:11:40.1149522Z Requirement already satisfied: charset_normalizer<4,>=2 in /opt/hostedtoolcache/Python/3.12.11/x64/lib/python3.12/site-packages (from requests>=2.2->keepa==1.3.15) (3.4.3)
2025-08-17T21:11:40.1156853Z Requirement already satisfied: idna<4,>=2.5 in /opt/hostedtoolcache/Python/3.12.11/x64/lib/python3.12/site-packages (from requests>=2.2->keepa==1.3.15) (3.10)
2025-08-17T21:11:40.1344702Z Collecting aiohappyeyeballs>=2.5.0 (from aiohttp->keepa==1.3.15)
2025-08-17T21:11:40.1357890Z   Using cached aiohappyeyeballs-2.6.1-py3-none-any.whl.metadata (5.9 kB)
2025-08-17T21:11:40.1439199Z Collecting aiosignal>=1.4.0 (from aiohttp->keepa==1.3.15)
2025-08-17T21:11:40.1451219Z   Using cached aiosignal-1.4.0-py3-none-any.whl.metadata (3.7 kB)
2025-08-17T21:11:40.1593296Z Collecting attrs>=17.3.0 (from aiohttp->keepa==1.3.15)
2025-08-17T21:11:40.1605601Z   Using cached attrs-25.3.0-py3-none-any.whl.metadata (10 kB)
2025-08-17T21:11:40.2270264Z Collecting frozenlist>=1.1.1 (from aiohttp->keepa==1.3.15)
2025-08-17T21:11:40.2285115Z   Using cached frozenlist-1.7.0-cp312-cp312-manylinux_2_5_x86_64.manylinux1_x86_64.manylinux_2_17_x86_64.manylinux2014_x86_64.whl.metadata (18 kB)
2025-08-17T21:11:40.4704435Z Collecting multidict<7.0,>=4.5 (from aiohttp->keepa==1.3.15)
2025-08-17T21:11:40.4717865Z   Using cached multidict-6.6.4-cp312-cp312-manylinux2014_x86_64.manylinux_2_17_x86_64.manylinux_2_28_x86_64.whl.metadata (5.3 kB)
2025-08-17T21:11:40.5125479Z Collecting propcache>=0.2.0 (from aiohttp->keepa==1.3.15)
2025-08-17T21:11:40.5137955Z   Using cached propcache-0.3.2-cp312-cp312-manylinux_2_17_x86_64.manylinux2014_x86_64.whl.metadata (12 kB)
2025-08-17T21:11:40.7479473Z Collecting yarl<2.0,>=1.17.0 (from aiohttp->keepa==1.3.15)
2025-08-17T21:11:40.7492771Z   Using cached yarl-1.20.1-cp312-cp312-manylinux_2_17_x86_64.manylinux2014_x86_64.whl.metadata (73 kB)
2025-08-17T21:11:40.7707325Z Requirement already satisfied: typing-extensions>=4.2 in /opt/hostedtoolcache/Python/3.12.11/x64/lib/python3.12/site-packages (from aiosignal>=1.4.0->aiohttp->keepa==1.3.15) (4.14.1)
2025-08-17T21:11:40.7755701Z Requirement already satisfied: annotated-types>=0.6.0 in /opt/hostedtoolcache/Python/3.12.11/x64/lib/python3.12/site-packages (from pydantic->keepa==1.3.15) (0.7.0)
2025-08-17T21:11:40.7760516Z Requirement already satisfied: pydantic-core==2.33.2 in /opt/hostedtoolcache/Python/3.12.11/x64/lib/python3.12/site-packages (from pydantic->keepa==1.3.15) (2.33.2)
2025-08-17T21:11:40.7767750Z Requirement already satisfied: typing-inspection>=0.4.0 in /opt/hostedtoolcache/Python/3.12.11/x64/lib/python3.12/site-packages (from pydantic->keepa==1.3.15) (0.4.1)
2025-08-17T21:11:40.7827840Z Using cached keepa-1.3.15-py3-none-any.whl (38 kB)
2025-08-17T21:11:40.7839079Z Using cached minio-7.1.15-py3-none-any.whl (77 kB)
2025-08-17T21:11:40.7850670Z Using cached aiohttp-3.12.15-cp312-cp312-manylinux_2_17_x86_64.manylinux2014_x86_64.whl (1.7 MB)
2025-08-17T21:11:40.7873755Z Using cached multidict-6.6.4-cp312-cp312-manylinux2014_x86_64.manylinux_2_17_x86_64.manylinux_2_28_x86_64.whl (256 kB)
2025-08-17T21:11:40.7886307Z Using cached yarl-1.20.1-cp312-cp312-manylinux_2_17_x86_64.manylinux2014_x86_64.whl (355 kB)
2025-08-17T21:11:40.7899392Z Using cached aiohappyeyeballs-2.6.1-py3-none-any.whl (15 kB)
2025-08-17T21:11:40.7910181Z Using cached aiosignal-1.4.0-py3-none-any.whl (7.5 kB)
2025-08-17T21:11:40.7920805Z Using cached attrs-25.3.0-py3-none-any.whl (63 kB)
2025-08-17T21:11:40.7932446Z Using cached frozenlist-1.7.0-cp312-cp312-manylinux_2_5_x86_64.manylinux1_x86_64.manylinux_2_17_x86_64.manylinux2014_x86_64.whl (241 kB)
2025-08-17T21:11:40.7944761Z Using cached propcache-0.3.2-cp312-cp312-manylinux_2_17_x86_64.manylinux2014_x86_64.whl (224 kB)
2025-08-17T21:11:40.7956804Z Using cached tqdm-4.67.1-py3-none-any.whl (78 kB)
2025-08-17T21:11:40.9736271Z Installing collected packages: tqdm, propcache, multidict, minio, frozenlist, attrs, aiohappyeyeballs, yarl, aiosignal, aiohttp, keepa
2025-08-17T21:11:41.0484453Z   Attempting uninstall: minio
2025-08-17T21:11:41.0532820Z     Found existing installation: minio 7.2.16
2025-08-17T21:11:41.0569867Z     Uninstalling minio-7.2.16:
2025-08-17T21:11:41.0580327Z       Successfully uninstalled minio-7.2.16
2025-08-17T21:11:41.4287408Z 
2025-08-17T21:11:41.4400219Z Successfully installed aiohappyeyeballs-2.6.1 aiohttp-3.12.15 aiosignal-1.4.0 attrs-25.3.0 frozenlist-1.7.0 keepa-1.3.15 minio-7.1.15 multidict-6.6.4 propcache-0.3.2 tqdm-4.67.1 yarl-1.20.1
2025-08-17T21:11:41.6099925Z ##[group]Run ruff check .
2025-08-17T21:11:41.6100296Z [36;1mruff check .[0m
2025-08-17T21:11:41.6100602Z [36;1mruff format --check .[0m
2025-08-17T21:11:41.6152101Z shell: /usr/bin/bash -e {0}
2025-08-17T21:11:41.6152462Z env:
2025-08-17T21:11:41.6152734Z   PG_USER: postgres
2025-08-17T21:11:41.6153046Z   PG_PASSWORD: pass
2025-08-17T21:11:41.6153356Z   PG_DATABASE: awa
2025-08-17T21:11:41.6153661Z   PG_HOST: localhost
2025-08-17T21:11:41.6153973Z   PG_PORT: 5432
2025-08-17T21:11:41.6155041Z   PG_SYNC_DSN: ***localhost:5432/awa
2025-08-17T21:11:41.6155681Z   PG_ASYNC_DSN: ***localhost:5432/awa
2025-08-17T21:11:41.6156274Z   DATABASE_URL: ***localhost:5432/awa
2025-08-17T21:11:41.6156647Z   DATA_DIR: /tmp/awa-data
2025-08-17T21:11:41.6156967Z   ENABLE_LIVE: 0
2025-08-17T21:11:41.6157256Z   TESTING: 1
2025-08-17T21:11:41.6157641Z   pythonLocation: /opt/hostedtoolcache/Python/3.12.11/x64
2025-08-17T21:11:41.6158327Z   PKG_CONFIG_PATH: /opt/hostedtoolcache/Python/3.12.11/x64/lib/pkgconfig
2025-08-17T21:11:41.6158970Z   Python_ROOT_DIR: /opt/hostedtoolcache/Python/3.12.11/x64
2025-08-17T21:11:41.6159546Z   Python2_ROOT_DIR: /opt/hostedtoolcache/Python/3.12.11/x64
2025-08-17T21:11:41.6160127Z   Python3_ROOT_DIR: /opt/hostedtoolcache/Python/3.12.11/x64
2025-08-17T21:11:41.6160696Z   LD_LIBRARY_PATH: /opt/hostedtoolcache/Python/3.12.11/x64/lib
2025-08-17T21:11:41.6161170Z ##[endgroup]
2025-08-17T21:11:41.6466952Z All checks passed!
2025-08-17T21:11:41.6679402Z 212 files already formatted
2025-08-17T21:11:41.6712923Z ##[group]Run for i in {1..30}; do pg_isready -h "$PG_HOST" -p "$PG_PORT" -U "$PG_USER" -d "$PG_DATABASE" && break; sleep 1; done
2025-08-17T21:11:41.6713566Z [36;1mfor i in {1..30}; do pg_isready -h "$PG_HOST" -p "$PG_PORT" -U "$PG_USER" -d "$PG_DATABASE" && break; sleep 1; done[0m
2025-08-17T21:11:41.6753774Z shell: /usr/bin/bash -e {0}
2025-08-17T21:11:41.6754012Z env:
2025-08-17T21:11:41.6754698Z   PG_USER: postgres
2025-08-17T21:11:41.6754895Z   PG_PASSWORD: pass
2025-08-17T21:11:41.6755070Z   PG_DATABASE: awa
2025-08-17T21:11:41.6755260Z   PG_HOST: localhost
2025-08-17T21:11:41.6755444Z   PG_PORT: 5432
2025-08-17T21:11:41.6755892Z   PG_SYNC_DSN: ***localhost:5432/awa
2025-08-17T21:11:41.6756347Z   PG_ASYNC_DSN: ***localhost:5432/awa
2025-08-17T21:11:41.6756722Z   DATABASE_URL: ***localhost:5432/awa
2025-08-17T21:11:41.6756947Z   DATA_DIR: /tmp/awa-data
2025-08-17T21:11:41.6757153Z   ENABLE_LIVE: 0
2025-08-17T21:11:41.6757333Z   TESTING: 1
2025-08-17T21:11:41.6757606Z   pythonLocation: /opt/hostedtoolcache/Python/3.12.11/x64
2025-08-17T21:11:41.6757994Z   PKG_CONFIG_PATH: /opt/hostedtoolcache/Python/3.12.11/x64/lib/pkgconfig
2025-08-17T21:11:41.6758376Z   Python_ROOT_DIR: /opt/hostedtoolcache/Python/3.12.11/x64
2025-08-17T21:11:41.6758717Z   Python2_ROOT_DIR: /opt/hostedtoolcache/Python/3.12.11/x64
2025-08-17T21:11:41.6759065Z   Python3_ROOT_DIR: /opt/hostedtoolcache/Python/3.12.11/x64
2025-08-17T21:11:41.6759397Z   LD_LIBRARY_PATH: /opt/hostedtoolcache/Python/3.12.11/x64/lib
2025-08-17T21:11:41.6759686Z ##[endgroup]
2025-08-17T21:11:41.7396629Z localhost:5432 - accepting connections
2025-08-17T21:11:41.7438134Z ##[group]Run psql -h "$PG_HOST" -p "$PG_PORT" -U "$PG_USER" -d "$PG_DATABASE" -c "SELECT 1"
2025-08-17T21:11:41.7438675Z [36;1mpsql -h "$PG_HOST" -p "$PG_PORT" -U "$PG_USER" -d "$PG_DATABASE" -c "SELECT 1"[0m
2025-08-17T21:11:41.7479640Z shell: /usr/bin/bash -e {0}
2025-08-17T21:11:41.7479874Z env:
2025-08-17T21:11:41.7480043Z   PG_USER: postgres
2025-08-17T21:11:41.7480225Z   PG_PASSWORD: pass
2025-08-17T21:11:41.7480414Z   PG_DATABASE: awa
2025-08-17T21:11:41.7480591Z   PG_HOST: localhost
2025-08-17T21:11:41.7480774Z   PG_PORT: 5432
2025-08-17T21:11:41.7481243Z   PG_SYNC_DSN: ***localhost:5432/awa
2025-08-17T21:11:41.7481649Z   PG_ASYNC_DSN: ***localhost:5432/awa
2025-08-17T21:11:41.7482226Z   DATABASE_URL: ***localhost:5432/awa
2025-08-17T21:11:41.7482464Z   DATA_DIR: /tmp/awa-data
2025-08-17T21:11:41.7482670Z   ENABLE_LIVE: 0
2025-08-17T21:11:41.7482837Z   TESTING: 1
2025-08-17T21:11:41.7483073Z   pythonLocation: /opt/hostedtoolcache/Python/3.12.11/x64
2025-08-17T21:11:41.7483500Z   PKG_CONFIG_PATH: /opt/hostedtoolcache/Python/3.12.11/x64/lib/pkgconfig
2025-08-17T21:11:41.7483881Z   Python_ROOT_DIR: /opt/hostedtoolcache/Python/3.12.11/x64
2025-08-17T21:11:41.7484481Z   Python2_ROOT_DIR: /opt/hostedtoolcache/Python/3.12.11/x64
2025-08-17T21:11:41.7484842Z   Python3_ROOT_DIR: /opt/hostedtoolcache/Python/3.12.11/x64
2025-08-17T21:11:41.7485185Z   LD_LIBRARY_PATH: /opt/hostedtoolcache/Python/3.12.11/x64/lib
2025-08-17T21:11:41.7485490Z   PGPASSWORD: pass
2025-08-17T21:11:41.7485677Z ##[endgroup]
2025-08-17T21:11:41.8240843Z  ?column? 
2025-08-17T21:11:41.8241147Z ----------
2025-08-17T21:11:41.8241420Z         1
2025-08-17T21:11:41.8241682Z (1 row)
2025-08-17T21:11:41.8241852Z 
2025-08-17T21:11:41.8273714Z ##[group]Run alembic -c services/api/alembic.ini upgrade head
2025-08-17T21:11:41.8274366Z [36;1malembic -c services/api/alembic.ini upgrade head[0m
2025-08-17T21:11:41.8314304Z shell: /usr/bin/bash -e {0}
2025-08-17T21:11:41.8314568Z env:
2025-08-17T21:11:41.8314750Z   PG_USER: postgres
2025-08-17T21:11:41.8314950Z   PG_PASSWORD: pass
2025-08-17T21:11:41.8315133Z   PG_DATABASE: awa
2025-08-17T21:11:41.8315315Z   PG_HOST: localhost
2025-08-17T21:11:41.8315501Z   PG_PORT: 5432
2025-08-17T21:11:41.8315933Z   PG_SYNC_DSN: ***localhost:5432/awa
2025-08-17T21:11:41.8316335Z   PG_ASYNC_DSN: ***localhost:5432/awa
2025-08-17T21:11:41.8316700Z   DATABASE_URL: ***localhost:5432/awa
2025-08-17T21:11:41.8316935Z   DATA_DIR: /tmp/awa-data
2025-08-17T21:11:41.8317142Z   ENABLE_LIVE: 0
2025-08-17T21:11:41.8317317Z   TESTING: 1
2025-08-17T21:11:41.8317544Z   pythonLocation: /opt/hostedtoolcache/Python/3.12.11/x64
2025-08-17T21:11:41.8317969Z   PKG_CONFIG_PATH: /opt/hostedtoolcache/Python/3.12.11/x64/lib/pkgconfig
2025-08-17T21:11:41.8318357Z   Python_ROOT_DIR: /opt/hostedtoolcache/Python/3.12.11/x64
2025-08-17T21:11:41.8318700Z   Python2_ROOT_DIR: /opt/hostedtoolcache/Python/3.12.11/x64
2025-08-17T21:11:41.8319042Z   Python3_ROOT_DIR: /opt/hostedtoolcache/Python/3.12.11/x64
2025-08-17T21:11:41.8319385Z   LD_LIBRARY_PATH: /opt/hostedtoolcache/Python/3.12.11/x64/lib
2025-08-17T21:11:41.8319667Z ##[endgroup]
2025-08-17T21:11:42.6422638Z INFO  [alembic.runtime.migration] Context impl PostgresqlImpl.
2025-08-17T21:11:42.6423360Z INFO  [alembic.runtime.migration] Will assume transactional DDL.
2025-08-17T21:11:42.6584704Z INFO  [alembic.runtime.migration] Running upgrade  -> 0001_baseline
2025-08-17T21:11:42.6758376Z INFO  [alembic.runtime.migration] Running upgrade 0001_baseline -> 0002_create_roi_view
2025-08-17T21:11:42.6785738Z INFO  [alembic.runtime.migration] Running upgrade 0002_create_roi_view -> 3e9d5c5aff2c
2025-08-17T21:11:42.6955047Z INFO  [alembic.runtime.migration] Running upgrade 3e9d5c5aff2c -> 0003_vendor_prices
2025-08-17T21:11:42.7095060Z INFO  [alembic.runtime.migration] Running upgrade 0003_vendor_prices -> 0004_fee_cron
2025-08-17T21:11:42.7167394Z INFO  [alembic.runtime.migration] Running upgrade 0004_fee_cron -> 0006_fix_roi_views
2025-08-17T21:11:42.7199130Z INFO  [alembic.runtime.migration] Running upgrade 0006_fix_roi_views -> 0020_unified_schema
2025-08-17T21:11:42.7316398Z INFO  [alembic.runtime.migration] Running upgrade 0020_unified_schema -> 0022_fix_roi_view
2025-08-17T21:11:42.7381670Z INFO  [alembic.runtime.migration] Running upgrade 0022_fix_roi_view -> 0023_add_storage_fee
2025-08-17T21:11:42.7419605Z INFO  [alembic.runtime.migration] Running upgrade 0023_add_storage_fee -> 0024_create_buybox
2025-08-17T21:11:42.7442731Z INFO  [alembic.runtime.migration] Running upgrade 0024_create_buybox -> 0025_pr4_indexes_loadlog
2025-08-17T21:11:42.8470200Z ##[group]Run python -m mypy services || true
2025-08-17T21:11:42.8470544Z [36;1mpython -m mypy services || true[0m
2025-08-17T21:11:42.8511514Z shell: /usr/bin/bash -e {0}
2025-08-17T21:11:42.8511737Z env:
2025-08-17T21:11:42.8511907Z   PG_USER: postgres
2025-08-17T21:11:42.8512100Z   PG_PASSWORD: pass
2025-08-17T21:11:42.8512279Z   PG_DATABASE: awa
2025-08-17T21:11:42.8512458Z   PG_HOST: localhost
2025-08-17T21:11:42.8512642Z   PG_PORT: 5432
2025-08-17T21:11:42.8513075Z   PG_SYNC_DSN: ***localhost:5432/awa
2025-08-17T21:11:42.8513472Z   PG_ASYNC_DSN: ***localhost:5432/awa
2025-08-17T21:11:42.8513942Z   DATABASE_URL: ***localhost:5432/awa
2025-08-17T21:11:42.8514409Z   DATA_DIR: /tmp/awa-data
2025-08-17T21:11:42.8514619Z   ENABLE_LIVE: 0
2025-08-17T21:11:42.8514794Z   TESTING: 1
2025-08-17T21:11:42.8515024Z   pythonLocation: /opt/hostedtoolcache/Python/3.12.11/x64
2025-08-17T21:11:42.8515419Z   PKG_CONFIG_PATH: /opt/hostedtoolcache/Python/3.12.11/x64/lib/pkgconfig
2025-08-17T21:11:42.8515863Z   Python_ROOT_DIR: /opt/hostedtoolcache/Python/3.12.11/x64
2025-08-17T21:11:42.8516208Z   Python2_ROOT_DIR: /opt/hostedtoolcache/Python/3.12.11/x64
2025-08-17T21:11:42.8516565Z   Python3_ROOT_DIR: /opt/hostedtoolcache/Python/3.12.11/x64
2025-08-17T21:11:42.8516912Z   LD_LIBRARY_PATH: /opt/hostedtoolcache/Python/3.12.11/x64/lib
2025-08-17T21:11:42.8517198Z ##[endgroup]
2025-08-17T21:11:50.7462023Z services/price_importer/reader.py:14: error: Function is missing a return type annotation  [no-untyped-def]
2025-08-17T21:12:04.3752865Z services/ingest/maintenance.py:16: error: Untyped decorator makes function "task_analyze_table" untyped  [misc]
2025-08-17T21:12:04.3755112Z services/ingest/maintenance.py:17: error: Missing type parameters for generic type "dict"  [type-arg]
2025-08-17T21:12:04.3756610Z services/ingest/maintenance.py:27: error: Untyped decorator makes function "task_maintenance_nightly" untyped  [misc]
2025-08-17T21:12:04.3757522Z services/ingest/maintenance.py:28: error: Missing type parameters for generic type "dict"  [type-arg]
2025-08-17T21:12:04.3797129Z services/ingest/copy_loader.py:52: error: Item "PoolProxiedConnection" of "Any | PoolProxiedConnection" has no attribute "autocommit"  [union-attr]
2025-08-17T21:12:04.3798167Z services/ingest/copy_loader.py:54: error: Item "DBAPICursor" of "Any | DBAPICursor" has no attribute "__enter__"  [union-attr]
2025-08-17T21:12:04.3798903Z services/ingest/copy_loader.py:54: error: Item "DBAPICursor" of "Any | DBAPICursor" has no attribute "__exit__"  [union-attr]
2025-08-17T21:12:10.8365912Z services/etl/dialects/schemas.py:33: error: Function is missing a return type annotation  [no-untyped-def]
2025-08-17T21:12:10.8367655Z services/etl/dialects/schemas.py:33: error: Function is missing a type annotation for one or more arguments  [no-untyped-def]
2025-08-17T21:12:10.8540347Z etl/load_csv.py:115: error: "PoolProxiedConnection" has no attribute "autocommit"  [attr-defined]
2025-08-17T21:12:10.8541586Z etl/load_csv.py:116: error: "DBAPICursor" has no attribute "__enter__"  [attr-defined]
2025-08-17T21:12:10.8542600Z etl/load_csv.py:116: error: "DBAPICursor" has no attribute "__exit__"  [attr-defined]
2025-08-17T21:12:10.8543561Z etl/load_csv.py:154: error: "DBAPICursor" has no attribute "__enter__"  [attr-defined]
2025-08-17T21:12:10.8544402Z etl/load_csv.py:154: error: "DBAPICursor" has no attribute "__exit__"  [attr-defined]
2025-08-17T21:12:10.8544890Z etl/load_csv.py:157: error: "DBAPICursor" has no attribute "__enter__"  [attr-defined]
2025-08-17T21:12:10.8545343Z etl/load_csv.py:157: error: "DBAPICursor" has no attribute "__exit__"  [attr-defined]
2025-08-17T21:12:10.8545791Z etl/load_csv.py:181: error: "DBAPICursor" has no attribute "__enter__"  [attr-defined]
2025-08-17T21:12:10.8546239Z etl/load_csv.py:181: error: "DBAPICursor" has no attribute "__exit__"  [attr-defined]
2025-08-17T21:12:10.8594983Z services/ingest/tasks.py:47: error: Untyped decorator makes function "task_import_file" untyped  [misc]
2025-08-17T21:12:10.8596782Z services/ingest/tasks.py:48: error: Function is missing a type annotation for one or more arguments  [no-untyped-def]
2025-08-17T21:12:10.8598475Z services/ingest/tasks.py:85: error: Untyped decorator makes function "task_rebuild_views" untyped  [misc]
2025-08-17T21:12:10.8599908Z services/ingest/tasks.py:86: error: Function is missing a type annotation for one or more arguments  [no-untyped-def]
2025-08-17T21:12:10.8608461Z services/etl/__init__.py:15: error: Returning Any from function declared to return "tuple[int, int]"  [no-any-return]
2025-08-17T21:12:10.8609285Z services/etl/__init__.py:15: error: Module has no attribute "main"  [attr-defined]
2025-08-17T21:12:10.8671932Z api/routers/ingest.py:38: error: Unsupported operand types for / ("Path" and "None")  [operator]
2025-08-17T21:12:10.8672685Z api/routers/ingest.py:38: note: Right operand is of type "str | None"
2025-08-17T21:12:10.8673136Z api/routers/ingest.py:56: error: Unused "type: ignore" comment  [unused-ignore]
2025-08-17T21:12:10.8885673Z Found 27 errors in 8 files (checked 87 source files)
2025-08-17T21:12:10.9268309Z ##[group]Run pytest -q --cov=services
2025-08-17T21:12:10.9268623Z [36;1mpytest -q --cov=services[0m
2025-08-17T21:12:10.9308672Z shell: /usr/bin/bash -e {0}
2025-08-17T21:12:10.9308894Z env:
2025-08-17T21:12:10.9309058Z   PG_USER: postgres
2025-08-17T21:12:10.9309247Z   PG_PASSWORD: pass
2025-08-17T21:12:10.9309423Z   PG_DATABASE: awa
2025-08-17T21:12:10.9309592Z   PG_HOST: localhost
2025-08-17T21:12:10.9309769Z   PG_PORT: 5432
2025-08-17T21:12:10.9310189Z   PG_SYNC_DSN: ***localhost:5432/awa
2025-08-17T21:12:10.9310669Z   PG_ASYNC_DSN: ***localhost:5432/awa
2025-08-17T21:12:10.9311044Z   DATABASE_URL: ***localhost:5432/awa
2025-08-17T21:12:10.9311268Z   DATA_DIR: /tmp/awa-data
2025-08-17T21:12:10.9311468Z   ENABLE_LIVE: 0
2025-08-17T21:12:10.9311638Z   TESTING: 1
2025-08-17T21:12:10.9311862Z   pythonLocation: /opt/hostedtoolcache/Python/3.12.11/x64
2025-08-17T21:12:10.9312248Z   PKG_CONFIG_PATH: /opt/hostedtoolcache/Python/3.12.11/x64/lib/pkgconfig
2025-08-17T21:12:10.9312661Z   Python_ROOT_DIR: /opt/hostedtoolcache/Python/3.12.11/x64
2025-08-17T21:12:10.9313003Z   Python2_ROOT_DIR: /opt/hostedtoolcache/Python/3.12.11/x64
2025-08-17T21:12:10.9313344Z   Python3_ROOT_DIR: /opt/hostedtoolcache/Python/3.12.11/x64
2025-08-17T21:12:10.9313682Z   LD_LIBRARY_PATH: /opt/hostedtoolcache/Python/3.12.11/x64/lib
2025-08-17T21:12:10.9313968Z ##[endgroup]
2025-08-17T21:12:40.2239260Z ........s.........................sss................................... [ 53%]
2025-08-17T21:13:11.7322918Z ...............................................................          [100%]
2025-08-17T21:13:11.7323689Z =============================== warnings summary ===============================
2025-08-17T21:13:11.7324556Z services/alert_bot/tests/test_smoke.py:5
2025-08-17T21:13:11.7326871Z   /home/runner/work/AWA-App/AWA-App/services/alert_bot/tests/test_smoke.py:5: UserWarning: pkg_resources is deprecated as an API. See https://setuptools.pypa.io/en/latest/pkg_resources.html. The pkg_resources package is slated for removal as early as 2025-11-30. Refrain from using this package or pin to Setuptools<81.
2025-08-17T21:13:11.7328671Z     import pkg_resources  # noqa: F401
2025-08-17T21:13:11.7328966Z 
2025-08-17T21:13:11.7329134Z tests/test_api_fast.py::test_health_endpoint
2025-08-17T21:13:11.7330149Z   /home/runner/work/AWA-App/AWA-App/tests/test_api_fast.py:13: DeprecationWarning: datetime.datetime.utcnow() is deprecated and scheduled for removal in a future version. Use timezone-aware objects to represent datetimes in UTC: datetime.datetime.now(datetime.UTC).
2025-08-17T21:13:11.7331150Z     return datetime.datetime.utcnow()
2025-08-17T21:13:11.7331327Z 
2025-08-17T21:13:11.7331417Z tests/test_api_fast.py: 1 warning
2025-08-17T21:13:11.7331659Z tests/test_health.py: 5 warnings
2025-08-17T21:13:11.7331886Z tests/test_smoke.py: 5 warnings
2025-08-17T21:13:11.7332135Z services/api/tests/test_health.py: 1 warning
2025-08-17T21:13:11.7333169Z   /home/runner/work/AWA-App/AWA-App/services/api/routes/health.py:24: DeprecationWarning: datetime.datetime.utcnow() is deprecated and scheduled for removal in a future version. Use timezone-aware objects to represent datetimes in UTC: datetime.datetime.now(datetime.UTC).
2025-08-17T21:13:11.7334769Z     app_now = datetime.utcnow().replace(tzinfo=timezone.utc)
2025-08-17T21:13:11.7334988Z 
2025-08-17T21:13:11.7335085Z tests/test_health.py::test_health[0]
2025-08-17T21:13:11.7335335Z tests/test_health.py::test_health[1]
2025-08-17T21:13:11.7335576Z tests/test_health.py::test_health[2]
2025-08-17T21:13:11.7336020Z tests/test_health.py::test_health[3]
2025-08-17T21:13:11.7336462Z tests/test_health.py::test_health[4]
2025-08-17T21:13:11.7338009Z   /home/runner/work/AWA-App/AWA-App/tests/test_health.py:22: DeprecationWarning: datetime.datetime.utcnow() is deprecated and scheduled for removal in a future version. Use timezone-aware objects to represent datetimes in UTC: datetime.datetime.now(datetime.UTC).
2025-08-17T21:13:11.7339687Z     return datetime.datetime.utcnow()
2025-08-17T21:13:11.7340347Z 
2025-08-17T21:13:11.7340547Z tests/test_smoke.py::test_health[0]
2025-08-17T21:13:11.7341007Z tests/test_smoke.py::test_health[1]
2025-08-17T21:13:11.7341447Z tests/test_smoke.py::test_health[2]
2025-08-17T21:13:11.7341874Z tests/test_smoke.py::test_health[3]
2025-08-17T21:13:11.7342299Z tests/test_smoke.py::test_health[4]
2025-08-17T21:13:11.7344004Z   /home/runner/work/AWA-App/AWA-App/tests/test_smoke.py:32: DeprecationWarning: datetime.datetime.utcnow() is deprecated and scheduled for removal in a future version. Use timezone-aware objects to represent datetimes in UTC: datetime.datetime.now(datetime.UTC).
2025-08-17T21:13:11.7345970Z     return datetime.datetime.utcnow()
2025-08-17T21:13:11.7346294Z 
2025-08-17T21:13:11.7346574Z services/api/tests/test_health.py::test_health_route
2025-08-17T21:13:11.7348441Z   /home/runner/work/AWA-App/AWA-App/services/api/tests/test_health.py:14: DeprecationWarning: datetime.datetime.utcnow() is deprecated and scheduled for removal in a future version. Use timezone-aware objects to represent datetimes in UTC: datetime.datetime.now(datetime.UTC).
2025-08-17T21:13:11.7350228Z     return datetime.datetime.utcnow()
2025-08-17T21:13:11.7350551Z 
2025-08-17T21:13:11.7350875Z -- Docs: https://docs.pytest.org/en/stable/how-to/capture-warnings.html
2025-08-17T21:13:11.7351552Z ================================ tests coverage ================================
2025-08-17T21:13:11.7352195Z _______________ coverage: platform linux, python 3.12.11-final-0 _______________
2025-08-17T21:13:11.7352660Z 
2025-08-17T21:13:11.7352829Z Coverage XML written to file coverage.xml
2025-08-17T21:13:11.7353408Z Required test coverage of 45% reached. Total coverage: 56.95%
2025-08-17T21:13:12.1850983Z ##[group]Run actions/upload-artifact@v4
2025-08-17T21:13:12.1851259Z with:
2025-08-17T21:13:12.1851437Z   name: coverage
2025-08-17T21:13:12.1851612Z   path: coverage.xml
2025-08-17T21:13:12.1851810Z   if-no-files-found: warn
2025-08-17T21:13:12.1852015Z   compression-level: 6
2025-08-17T21:13:12.1852201Z   overwrite: false
2025-08-17T21:13:12.1852389Z   include-hidden-files: false
2025-08-17T21:13:12.1852614Z env:
2025-08-17T21:13:12.1852768Z   PG_USER: postgres
2025-08-17T21:13:12.1852948Z   PG_PASSWORD: pass
2025-08-17T21:13:12.1853126Z   PG_DATABASE: awa
2025-08-17T21:13:12.1853299Z   PG_HOST: localhost
2025-08-17T21:13:12.1853478Z   PG_PORT: 5432
2025-08-17T21:13:12.1853890Z   PG_SYNC_DSN: ***localhost:5432/awa
2025-08-17T21:13:12.1854561Z   PG_ASYNC_DSN: ***localhost:5432/awa
2025-08-17T21:13:12.1854951Z   DATABASE_URL: ***localhost:5432/awa
2025-08-17T21:13:12.1855186Z   DATA_DIR: /tmp/awa-data
2025-08-17T21:13:12.1855384Z   ENABLE_LIVE: 0
2025-08-17T21:13:12.1855589Z   TESTING: 1
2025-08-17T21:13:12.1855819Z   pythonLocation: /opt/hostedtoolcache/Python/3.12.11/x64
2025-08-17T21:13:12.1856208Z   PKG_CONFIG_PATH: /opt/hostedtoolcache/Python/3.12.11/x64/lib/pkgconfig
2025-08-17T21:13:12.1856585Z   Python_ROOT_DIR: /opt/hostedtoolcache/Python/3.12.11/x64
2025-08-17T21:13:12.1856923Z   Python2_ROOT_DIR: /opt/hostedtoolcache/Python/3.12.11/x64
2025-08-17T21:13:12.1857453Z   Python3_ROOT_DIR: /opt/hostedtoolcache/Python/3.12.11/x64
2025-08-17T21:13:12.1857801Z   LD_LIBRARY_PATH: /opt/hostedtoolcache/Python/3.12.11/x64/lib
2025-08-17T21:13:12.1858088Z ##[endgroup]
2025-08-17T21:13:12.3959243Z With the provided path, there will be 1 file uploaded
2025-08-17T21:13:12.3964621Z Artifact name is valid!
2025-08-17T21:13:12.3965960Z Root directory input is valid!
2025-08-17T21:13:12.6829703Z Beginning upload of artifact content to blob storage
2025-08-17T21:13:13.0276948Z Uploaded bytes 4220
2025-08-17T21:13:13.1253281Z Finished uploading artifact content to blob storage!
2025-08-17T21:13:13.1256470Z SHA256 digest of uploaded artifact zip is df90739c3326c8c8c73e04ac5e770b643791d7e2ee8630c0dd5f278a00758d49
2025-08-17T21:13:13.1257989Z Finalizing artifact upload
2025-08-17T21:13:13.2645886Z Artifact coverage.zip successfully finalized. Artifact ID 3783934447
2025-08-17T21:13:13.2647052Z Artifact coverage has been successfully uploaded! Final size is 4220 bytes. Artifact ID is 3783934447
2025-08-17T21:13:13.2654418Z Artifact download URL: https://github.com/AlexBomber12/AWA-App/actions/runs/17025902741/artifacts/3783934447
2025-08-17T21:13:13.2775903Z Post job cleanup.
2025-08-17T21:13:13.4287949Z Cache hit occurred on the primary key setup-python-Linux-x64-24.04-Ubuntu-python-3.12.11-pip-842a859a37b6f31d35b1262d499b1acd0270bca26490137bed88679f7bc0eea4, not saving cache.
2025-08-17T21:13:13.4388573Z Post job cleanup.
2025-08-17T21:13:13.5316921Z [command]/usr/bin/git version
2025-08-17T21:13:13.5353179Z git version 2.50.1
2025-08-17T21:13:13.5395341Z Temporarily overriding HOME='/home/runner/work/_temp/3bc12f22-e84c-40d0-93b7-7c61b7a1a95b' before making global git config changes
2025-08-17T21:13:13.5396478Z Adding repository directory to the temporary git global config as a safe directory
2025-08-17T21:13:13.5408432Z [command]/usr/bin/git config --global --add safe.directory /home/runner/work/AWA-App/AWA-App
2025-08-17T21:13:13.5442137Z [command]/usr/bin/git config --local --name-only --get-regexp core\.sshCommand
2025-08-17T21:13:13.5474379Z [command]/usr/bin/git submodule foreach --recursive sh -c "git config --local --name-only --get-regexp 'core\.sshCommand' && git config --local --unset-all 'core.sshCommand' || :"
2025-08-17T21:13:13.5700920Z [command]/usr/bin/git config --local --name-only --get-regexp http\.https\:\/\/github\.com\/\.extraheader
2025-08-17T21:13:13.5722528Z http.https://github.com/.extraheader
2025-08-17T21:13:13.5736492Z [command]/usr/bin/git config --local --unset-all http.https://github.com/.extraheader
2025-08-17T21:13:13.5768930Z [command]/usr/bin/git submodule foreach --recursive sh -c "git config --local --name-only --get-regexp 'http\.https\:\/\/github\.com\/\.extraheader' && git config --local --unset-all 'http.https://github.com/.extraheader' || :"
2025-08-17T21:13:13.6078621Z Print service container logs: 9a54b4ebdb4d4e4a8f0dc0e4670c264a_postgres15_0d1945
2025-08-17T21:13:13.6082887Z ##[command]/usr/bin/docker logs --details ceda48e36933d1da29526f88294ffd55e98861a5876108f173ee41cd53aa651d
2025-08-17T21:13:13.6206733Z  The files belonging to this database system will be owned by user "postgres".
2025-08-17T21:13:13.6208826Z  initdb: warning: enabling "trust" authentication for local connections
2025-08-17T21:13:13.6209835Z  initdb: hint: You can change this by editing pg_hba.conf or using the option -A, or --auth-local and --auth-host, the next time you run initdb.
2025-08-17T21:13:13.6210789Z  This user must also own the server process.
2025-08-17T21:13:13.6211248Z  
2025-08-17T21:13:13.6211622Z  The database cluster will be initialized with locale "en_US.utf8".
2025-08-17T21:13:13.6212355Z  The default database encoding has accordingly been set to "UTF8".
2025-08-17T21:13:13.6213058Z  The default text search configuration will be set to "english".
2025-08-17T21:13:13.6213665Z  
2025-08-17T21:13:13.6213958Z  Data page checksums are disabled.
2025-08-17T21:13:13.6214556Z  
2025-08-17T21:13:13.6215018Z  fixing permissions on existing directory /var/lib/postgresql/data ... ok
2025-08-17T21:13:13.6215805Z  creating subdirectories ... ok
2025-08-17T21:13:13.6216129Z  selecting dynamic shared memory implementation ... posix
2025-08-17T21:13:13.6216535Z  selecting default max_connections ... 100
2025-08-17T21:13:13.6217000Z  selecting default shared_buffers ... 128MB
2025-08-17T21:13:13.6217448Z  selecting default time zone ... Etc/UTC
2025-08-17T21:13:13.6217735Z  creating configuration files ... ok
2025-08-17T21:13:13.6218013Z  running bootstrap script ... ok
2025-08-17T21:13:13.6218314Z  performing post-bootstrap initialization ... ok
2025-08-17T21:13:13.6218620Z  syncing data to disk ... ok
2025-08-17T21:13:13.6218966Z  
2025-08-17T21:13:13.6219795Z  2025-08-17 21:10:56.944 UTC [1] LOG:  starting PostgreSQL 15.14 (Debian 15.14-1.pgdg13+1) on x86_64-pc-linux-gnu, compiled by gcc (Debian 14.2.0-19) 14.2.0, 64-bit
2025-08-17T21:13:13.6220509Z  2025-08-17 21:10:56.945 UTC [1] LOG:  listening on IPv4 address "0.0.0.0", port 5432
2025-08-17T21:13:13.6220973Z  2025-08-17 21:10:56.945 UTC [1] LOG:  listening on IPv6 address "::", port 5432
2025-08-17T21:13:13.6221430Z  2025-08-17 21:10:56.946 UTC [1] LOG:  listening on Unix socket "/var/run/postgresql/.s.PGSQL.5432"
2025-08-17T21:13:13.6221934Z  2025-08-17 21:10:56.949 UTC [64] LOG:  database system was shut down at 2025-08-17 21:10:56 UTC
2025-08-17T21:13:13.6222380Z  2025-08-17 21:10:56.953 UTC [1] LOG:  database system is ready to accept connections
2025-08-17T21:13:13.6222698Z  
2025-08-17T21:13:13.6222907Z  Success. You can now start the database server using:
2025-08-17T21:13:13.6223173Z  
2025-08-17T21:13:13.6223378Z      pg_ctl -D /var/lib/postgresql/data -l logfile start
2025-08-17T21:13:13.6223642Z  
2025-08-17T21:13:13.6224881Z  waiting for server to start....2025-08-17 21:10:56.638 UTC [48] LOG:  starting PostgreSQL 15.14 (Debian 15.14-1.pgdg13+1) on x86_64-pc-linux-gnu, compiled by gcc (Debian 14.2.0-19) 14.2.0, 64-bit
2025-08-17T21:13:13.6226149Z  2025-08-17 21:10:56.638 UTC [48] LOG:  listening on Unix socket "/var/run/postgresql/.s.PGSQL.5432"
2025-08-17T21:13:13.6226657Z  2025-08-17 21:10:56.641 UTC [51] LOG:  database system was shut down at 2025-08-17 21:10:56 UTC
2025-08-17T21:13:13.6227115Z  2025-08-17 21:10:56.645 UTC [48] LOG:  database system is ready to accept connections
2025-08-17T21:13:13.6227440Z   done
2025-08-17T21:13:13.6227600Z  server started
2025-08-17T21:13:13.6227775Z  CREATE DATABASE
2025-08-17T21:13:13.6227942Z  
2025-08-17T21:13:13.6228086Z  
2025-08-17T21:13:13.6228381Z  /usr/local/bin/docker-entrypoint.sh: ignoring /docker-entrypoint-initdb.d/*
2025-08-17T21:13:13.6228742Z  
2025-08-17T21:13:13.6228957Z  2025-08-17 21:10:56.825 UTC [48] LOG:  received fast shutdown request
2025-08-17T21:13:13.6229636Z  waiting for server to shut down....2025-08-17 21:10:56.826 UTC [48] LOG:  aborting any active transactions
2025-08-17T21:13:13.6230237Z  2025-08-17 21:10:56.827 UTC [48] LOG:  background worker "logical replication launcher" (PID 54) exited with exit code 1
2025-08-17T21:13:13.6230698Z  2025-08-17 21:10:56.827 UTC [49] LOG:  shutting down
2025-08-17T21:13:13.6231057Z  2025-08-17 21:10:56.828 UTC [49] LOG:  checkpoint starting: shutdown immediate
2025-08-17T21:13:13.6231885Z  2025-08-17 21:10:56.845 UTC [49] LOG:  checkpoint complete: wrote 922 buffers (5.6%); 0 WAL file(s) added, 0 removed, 0 recycled; write=0.014 s, sync=0.002 s, total=0.018 s; sync files=301, longest=0.001 s, average=0.001 s; distance=4239 kB, estimate=4239 kB
2025-08-17T21:13:13.6232695Z  2025-08-17 21:10:56.852 UTC [48] LOG:  database system is shut down
2025-08-17T21:13:13.6232983Z   done
2025-08-17T21:13:13.6233146Z  server stopped
2025-08-17T21:13:13.6233317Z  
2025-08-17T21:13:13.6233531Z  PostgreSQL init process complete; ready for start up.
2025-08-17T21:13:13.6233804Z  
2025-08-17T21:13:13.6239552Z Stop and remove container: 9a54b4ebdb4d4e4a8f0dc0e4670c264a_postgres15_0d1945
2025-08-17T21:13:13.6244884Z ##[command]/usr/bin/docker rm --force ceda48e36933d1da29526f88294ffd55e98861a5876108f173ee41cd53aa651d
2025-08-17T21:13:13.7541323Z ceda48e36933d1da29526f88294ffd55e98861a5876108f173ee41cd53aa651d
2025-08-17T21:13:13.7569859Z Remove container network: github_network_8dbeec29280d474a9c92a54970ff6b3a
2025-08-17T21:13:13.7574380Z ##[command]/usr/bin/docker network rm github_network_8dbeec29280d474a9c92a54970ff6b3a
2025-08-17T21:13:13.8748728Z github_network_8dbeec29280d474a9c92a54970ff6b3a
2025-08-17T21:13:13.8806195Z Cleaning up orphan processes
