2025-08-21T00:20:50.6197141Z Current runner version: '2.328.0'
2025-08-21T00:20:50.6223794Z ##[group]Runner Image Provisioner
2025-08-21T00:20:50.6224653Z Hosted Compute Agent
2025-08-21T00:20:50.6225299Z Version: 20250818.377
2025-08-21T00:20:50.6225934Z Commit: 3c593e9f75fe0b87e893bca80d6e12ba089c61fc
2025-08-21T00:20:50.6226613Z Build Date: 2025-08-18T14:52:18Z
2025-08-21T00:20:50.6227294Z ##[endgroup]
2025-08-21T00:20:50.6227869Z ##[group]Operating System
2025-08-21T00:20:50.6228452Z Ubuntu
2025-08-21T00:20:50.6229221Z 24.04.2
2025-08-21T00:20:50.6229713Z LTS
2025-08-21T00:20:50.6230208Z ##[endgroup]
2025-08-21T00:20:50.6230737Z ##[group]Runner Image
2025-08-21T00:20:50.6231372Z Image: ubuntu-24.04
2025-08-21T00:20:50.6231875Z Version: 20250818.1.0
2025-08-21T00:20:50.6233223Z Included Software: https://github.com/actions/runner-images/blob/ubuntu24/20250818.1/images/ubuntu/Ubuntu2404-Readme.md
2025-08-21T00:20:50.6234806Z Image Release: https://github.com/actions/runner-images/releases/tag/ubuntu24%2F20250818.1
2025-08-21T00:20:50.6235929Z ##[endgroup]
2025-08-21T00:20:50.6238291Z ##[group]GITHUB_TOKEN Permissions
2025-08-21T00:20:50.6240854Z Actions: write
2025-08-21T00:20:50.6241432Z Attestations: write
2025-08-21T00:20:50.6241980Z Checks: write
2025-08-21T00:20:50.6242448Z Contents: write
2025-08-21T00:20:50.6243046Z Deployments: write
2025-08-21T00:20:50.6243558Z Discussions: write
2025-08-21T00:20:50.6244100Z Issues: write
2025-08-21T00:20:50.6244648Z Metadata: read
2025-08-21T00:20:50.6245156Z Models: read
2025-08-21T00:20:50.6245661Z Packages: write
2025-08-21T00:20:50.6246215Z Pages: write
2025-08-21T00:20:50.6246733Z PullRequests: write
2025-08-21T00:20:50.6247283Z RepositoryProjects: write
2025-08-21T00:20:50.6247913Z SecurityEvents: write
2025-08-21T00:20:50.6248519Z Statuses: write
2025-08-21T00:20:50.6249252Z ##[endgroup]
2025-08-21T00:20:50.6251615Z Secret source: Actions
2025-08-21T00:20:50.6252503Z Prepare workflow directory
2025-08-21T00:20:50.6826261Z Prepare all required actions
2025-08-21T00:20:50.6879789Z Getting action download info
2025-08-21T00:20:50.9662150Z Download action repository 'actions/checkout@v5' (SHA:08c6903cd8c0fde910a37f88322edcfb5dd907a8)
2025-08-21T00:20:51.1560394Z Download action repository 'actions/setup-python@v5' (SHA:a26af69be951a213d495a4c3e4e4022e16d87065)
2025-08-21T00:20:51.3674748Z Download action repository 'actions/upload-artifact@v4' (SHA:ea165f8d65b6e75b540449e92b4886f43607fa02)
2025-08-21T00:20:51.6213420Z Complete job name: unit
2025-08-21T00:20:51.6693293Z ##[group]Checking docker version
2025-08-21T00:20:51.6706559Z ##[command]/usr/bin/docker version --format '{{.Server.APIVersion}}'
2025-08-21T00:20:51.7488439Z '1.48'
2025-08-21T00:20:51.7501354Z Docker daemon API version: '1.48'
2025-08-21T00:20:51.7502120Z ##[command]/usr/bin/docker version --format '{{.Client.APIVersion}}'
2025-08-21T00:20:51.7698013Z '1.48'
2025-08-21T00:20:51.7711566Z Docker client API version: '1.48'
2025-08-21T00:20:51.7716186Z ##[endgroup]
2025-08-21T00:20:51.7719177Z ##[group]Clean up resources from previous jobs
2025-08-21T00:20:51.7724963Z ##[command]/usr/bin/docker ps --all --quiet --no-trunc --filter "label=f82738"
2025-08-21T00:20:51.7857853Z ##[command]/usr/bin/docker network prune --force --filter "label=f82738"
2025-08-21T00:20:51.8032313Z ##[endgroup]
2025-08-21T00:20:51.8032811Z ##[group]Create local container network
2025-08-21T00:20:51.8042101Z ##[command]/usr/bin/docker network create --label f82738 github_network_055b16d5c4dc4036b582b80e2dc5674f
2025-08-21T00:20:51.8514634Z 257ee0db188e112845a6045cead485eed29e48b6e3ff367e7bf98e549ba0e7a2
2025-08-21T00:20:51.8533371Z ##[endgroup]
2025-08-21T00:20:51.8557603Z ##[group]Starting postgres service container
2025-08-21T00:20:51.8576124Z ##[command]/usr/bin/docker pull postgres:15
2025-08-21T00:20:52.3064771Z 15: Pulling from library/postgres
2025-08-21T00:20:52.4087071Z 396b1da7636e: Pulling fs layer
2025-08-21T00:20:52.4088848Z fca2566eba32: Pulling fs layer
2025-08-21T00:20:52.4090068Z 631fe8c6d606: Pulling fs layer
2025-08-21T00:20:52.4090932Z 77c7671c4414: Pulling fs layer
2025-08-21T00:20:52.4092623Z 2d9e29180a27: Pulling fs layer
2025-08-21T00:20:52.4093694Z c6bcc2c9a041: Pulling fs layer
2025-08-21T00:20:52.4094560Z ac4b721eb66f: Pulling fs layer
2025-08-21T00:20:52.4095432Z 606bd164980e: Pulling fs layer
2025-08-21T00:20:52.4096148Z f5dfd246bc6e: Pulling fs layer
2025-08-21T00:20:52.4096853Z ba7036bb0a60: Pulling fs layer
2025-08-21T00:20:52.4097575Z 799f859abbbd: Pulling fs layer
2025-08-21T00:20:52.4098374Z d903e777080c: Pulling fs layer
2025-08-21T00:20:52.4099310Z 04adcb462801: Pulling fs layer
2025-08-21T00:20:52.4100090Z 2d9e29180a27: Waiting
2025-08-21T00:20:52.4100790Z 77c7671c4414: Waiting
2025-08-21T00:20:52.4101466Z 5c10925b29ff: Pulling fs layer
2025-08-21T00:20:52.4102197Z c6bcc2c9a041: Waiting
2025-08-21T00:20:52.4102863Z ba7036bb0a60: Waiting
2025-08-21T00:20:52.4103545Z 606bd164980e: Waiting
2025-08-21T00:20:52.4104261Z ac4b721eb66f: Waiting
2025-08-21T00:20:52.4104945Z 799f859abbbd: Waiting
2025-08-21T00:20:52.4105649Z f5dfd246bc6e: Waiting
2025-08-21T00:20:52.4106348Z d903e777080c: Waiting
2025-08-21T00:20:52.4107041Z 04adcb462801: Waiting
2025-08-21T00:20:52.4107729Z 5c10925b29ff: Waiting
2025-08-21T00:20:52.5178638Z fca2566eba32: Verifying Checksum
2025-08-21T00:20:52.5180526Z fca2566eba32: Download complete
2025-08-21T00:20:52.6358443Z 631fe8c6d606: Verifying Checksum
2025-08-21T00:20:52.6360555Z 631fe8c6d606: Download complete
2025-08-21T00:20:52.6686665Z 396b1da7636e: Verifying Checksum
2025-08-21T00:20:52.6688442Z 396b1da7636e: Download complete
2025-08-21T00:20:52.7942117Z c6bcc2c9a041: Verifying Checksum
2025-08-21T00:20:52.7944192Z c6bcc2c9a041: Download complete
2025-08-21T00:20:52.9141243Z ac4b721eb66f: Verifying Checksum
2025-08-21T00:20:52.9142925Z ac4b721eb66f: Download complete
2025-08-21T00:20:52.9820213Z 2d9e29180a27: Verifying Checksum
2025-08-21T00:20:52.9821909Z 2d9e29180a27: Download complete
2025-08-21T00:20:53.1075706Z 606bd164980e: Verifying Checksum
2025-08-21T00:20:53.1077391Z 606bd164980e: Download complete
2025-08-21T00:20:53.1175744Z 77c7671c4414: Verifying Checksum
2025-08-21T00:20:53.1177863Z 77c7671c4414: Download complete
2025-08-21T00:20:53.2300445Z 799f859abbbd: Verifying Checksum
2025-08-21T00:20:53.2302644Z 799f859abbbd: Download complete
2025-08-21T00:20:53.2964283Z ba7036bb0a60: Verifying Checksum
2025-08-21T00:20:53.2965937Z ba7036bb0a60: Download complete
2025-08-21T00:20:53.3416395Z d903e777080c: Verifying Checksum
2025-08-21T00:20:53.3417788Z d903e777080c: Download complete
2025-08-21T00:20:53.4666773Z 04adcb462801: Verifying Checksum
2025-08-21T00:20:53.4669092Z 04adcb462801: Download complete
2025-08-21T00:20:53.4838740Z 5c10925b29ff: Verifying Checksum
2025-08-21T00:20:53.4840992Z 5c10925b29ff: Download complete
2025-08-21T00:20:53.6615745Z 396b1da7636e: Pull complete
2025-08-21T00:20:53.7823296Z fca2566eba32: Pull complete
2025-08-21T00:20:53.9655370Z 631fe8c6d606: Pull complete
2025-08-21T00:20:54.0085821Z 77c7671c4414: Pull complete
2025-08-21T00:20:54.3326821Z 2d9e29180a27: Pull complete
2025-08-21T00:20:54.4234286Z c6bcc2c9a041: Pull complete
2025-08-21T00:20:54.4337147Z ac4b721eb66f: Pull complete
2025-08-21T00:20:54.4447197Z 606bd164980e: Pull complete
2025-08-21T00:20:54.6649543Z f5dfd246bc6e: Verifying Checksum
2025-08-21T00:20:54.6650066Z f5dfd246bc6e: Download complete
2025-08-21T00:20:57.5740128Z f5dfd246bc6e: Pull complete
2025-08-21T00:20:57.5879765Z ba7036bb0a60: Pull complete
2025-08-21T00:20:57.5978425Z 799f859abbbd: Pull complete
2025-08-21T00:20:57.6077909Z d903e777080c: Pull complete
2025-08-21T00:20:57.6188507Z 04adcb462801: Pull complete
2025-08-21T00:20:57.6280696Z 5c10925b29ff: Pull complete
2025-08-21T00:20:57.6318592Z Digest: sha256:bc51cf4f1fe02cce7ed2370b20128a9b00b4eb804573a77d2a0d877aaa9c82b1
2025-08-21T00:20:57.6331301Z Status: Downloaded newer image for postgres:15
2025-08-21T00:20:57.6340140Z docker.io/library/postgres:15
2025-08-21T00:20:57.6400962Z ##[command]/usr/bin/docker create --name 29d95fd626d44a67abc97fb8ca5fbda6_postgres15_6949cd --label f82738 --network github_network_055b16d5c4dc4036b582b80e2dc5674f --network-alias postgres -p 5432:5432 --health-cmd="pg_isready -U postgres -d awa" --health-interval=5s --health-timeout=5s --health-retries=10 -e "POSTGRES_USER=postgres" -e "POSTGRES_PASSWORD=pass" -e "POSTGRES_DB=awa" -e GITHUB_ACTIONS=true -e CI=true postgres:15
2025-08-21T00:20:57.6634782Z 49d7f23780e0ee715e9e9ede14fb5cf503a060f0dcf382ffba7992cd2473b91b
2025-08-21T00:20:57.6656042Z ##[command]/usr/bin/docker start 49d7f23780e0ee715e9e9ede14fb5cf503a060f0dcf382ffba7992cd2473b91b
2025-08-21T00:20:58.1900526Z 49d7f23780e0ee715e9e9ede14fb5cf503a060f0dcf382ffba7992cd2473b91b
2025-08-21T00:20:58.1922364Z ##[command]/usr/bin/docker ps --all --filter id=49d7f23780e0ee715e9e9ede14fb5cf503a060f0dcf382ffba7992cd2473b91b --filter status=running --no-trunc --format "{{.ID}} {{.Status}}"
2025-08-21T00:20:58.2045889Z 49d7f23780e0ee715e9e9ede14fb5cf503a060f0dcf382ffba7992cd2473b91b Up Less than a second (health: starting)
2025-08-21T00:20:58.2064907Z ##[command]/usr/bin/docker port 49d7f23780e0ee715e9e9ede14fb5cf503a060f0dcf382ffba7992cd2473b91b
2025-08-21T00:20:58.2195231Z 5432/tcp -> 0.0.0.0:5432
2025-08-21T00:20:58.2195660Z 5432/tcp -> [::]:5432
2025-08-21T00:20:58.2241118Z ##[endgroup]
2025-08-21T00:20:58.2242031Z ##[group]Starting redis service container
2025-08-21T00:20:58.2243129Z ##[command]/usr/bin/docker pull redis:7-alpine
2025-08-21T00:20:58.5995609Z 7-alpine: Pulling from library/redis
2025-08-21T00:20:58.6984045Z 0368fd46e3c6: Pulling fs layer
2025-08-21T00:20:58.6984966Z 4c55286bbede: Pulling fs layer
2025-08-21T00:20:58.6989972Z 5e28347af205: Pulling fs layer
2025-08-21T00:20:58.6990763Z 311eca34042e: Pulling fs layer
2025-08-21T00:20:58.6991315Z e6fe6f07e192: Pulling fs layer
2025-08-21T00:20:58.6991792Z a2cadbfeca72: Pulling fs layer
2025-08-21T00:20:58.6992154Z 4f4fb700ef54: Pulling fs layer
2025-08-21T00:20:58.6992503Z a976ed7e7808: Pulling fs layer
2025-08-21T00:20:58.6992832Z 311eca34042e: Waiting
2025-08-21T00:20:58.6993137Z e6fe6f07e192: Waiting
2025-08-21T00:20:58.6993446Z a2cadbfeca72: Waiting
2025-08-21T00:20:58.6993741Z 4f4fb700ef54: Waiting
2025-08-21T00:20:58.6994022Z a976ed7e7808: Waiting
2025-08-21T00:20:58.8210420Z 4c55286bbede: Verifying Checksum
2025-08-21T00:20:58.8210886Z 4c55286bbede: Download complete
2025-08-21T00:20:58.8836007Z 0368fd46e3c6: Verifying Checksum
2025-08-21T00:20:58.8836439Z 0368fd46e3c6: Download complete
2025-08-21T00:20:58.9220875Z 5e28347af205: Verifying Checksum
2025-08-21T00:20:58.9221693Z 5e28347af205: Download complete
2025-08-21T00:20:58.9741209Z 311eca34042e: Verifying Checksum
2025-08-21T00:20:58.9741664Z 311eca34042e: Download complete
2025-08-21T00:20:59.0019378Z 0368fd46e3c6: Pull complete
2025-08-21T00:20:59.0221538Z a2cadbfeca72: Download complete
2025-08-21T00:20:59.0318169Z 4c55286bbede: Pull complete
2025-08-21T00:20:59.1042595Z 4f4fb700ef54: Verifying Checksum
2025-08-21T00:20:59.1049338Z 4f4fb700ef54: Download complete
2025-08-21T00:20:59.1377868Z a976ed7e7808: Verifying Checksum
2025-08-21T00:20:59.1379706Z a976ed7e7808: Download complete
2025-08-21T00:20:59.1816518Z 5e28347af205: Pull complete
2025-08-21T00:20:59.2116045Z 311eca34042e: Pull complete
2025-08-21T00:20:59.2505600Z e6fe6f07e192: Verifying Checksum
2025-08-21T00:20:59.2506187Z e6fe6f07e192: Download complete
2025-08-21T00:20:59.4246266Z e6fe6f07e192: Pull complete
2025-08-21T00:20:59.4319625Z a2cadbfeca72: Pull complete
2025-08-21T00:20:59.4387534Z 4f4fb700ef54: Pull complete
2025-08-21T00:20:59.4476653Z a976ed7e7808: Pull complete
2025-08-21T00:20:59.4509813Z Digest: sha256:bb186d083732f669da90be8b0f975a37812b15e913465bb14d845db72a4e3e08
2025-08-21T00:20:59.4519333Z Status: Downloaded newer image for redis:7-alpine
2025-08-21T00:20:59.4526491Z docker.io/library/redis:7-alpine
2025-08-21T00:20:59.4542584Z ##[command]/usr/bin/docker create --name 49fa4e9759924766ac0537cf19082d98_redis7alpine_152fc6 --label f82738 --network github_network_055b16d5c4dc4036b582b80e2dc5674f --network-alias redis -p 6379:6379  -e GITHUB_ACTIONS=true -e CI=true redis:7-alpine
2025-08-21T00:20:59.4760653Z de2d8785fcedb1725ba10d7bc47624fd582eb562c0df752bfa84afdf4ed003d6
2025-08-21T00:20:59.4773766Z ##[command]/usr/bin/docker start de2d8785fcedb1725ba10d7bc47624fd582eb562c0df752bfa84afdf4ed003d6
2025-08-21T00:20:59.6110670Z de2d8785fcedb1725ba10d7bc47624fd582eb562c0df752bfa84afdf4ed003d6
2025-08-21T00:20:59.6131619Z ##[command]/usr/bin/docker ps --all --filter id=de2d8785fcedb1725ba10d7bc47624fd582eb562c0df752bfa84afdf4ed003d6 --filter status=running --no-trunc --format "{{.ID}} {{.Status}}"
2025-08-21T00:20:59.6256303Z de2d8785fcedb1725ba10d7bc47624fd582eb562c0df752bfa84afdf4ed003d6 Up Less than a second
2025-08-21T00:20:59.6268247Z ##[command]/usr/bin/docker port de2d8785fcedb1725ba10d7bc47624fd582eb562c0df752bfa84afdf4ed003d6
2025-08-21T00:20:59.6385573Z 6379/tcp -> 0.0.0.0:6379
2025-08-21T00:20:59.6386028Z 6379/tcp -> [::]:6379
2025-08-21T00:20:59.6398003Z ##[endgroup]
2025-08-21T00:20:59.6407472Z ##[group]Waiting for all services to be ready
2025-08-21T00:20:59.6420605Z ##[command]/usr/bin/docker inspect --format="{{if .Config.Healthcheck}}{{print .State.Health.Status}}{{end}}" 49d7f23780e0ee715e9e9ede14fb5cf503a060f0dcf382ffba7992cd2473b91b
2025-08-21T00:20:59.6533042Z starting
2025-08-21T00:20:59.6554295Z postgres service is starting, waiting 2 seconds before checking again.
2025-08-21T00:21:01.6552306Z ##[command]/usr/bin/docker inspect --format="{{if .Config.Healthcheck}}{{print .State.Health.Status}}{{end}}" 49d7f23780e0ee715e9e9ede14fb5cf503a060f0dcf382ffba7992cd2473b91b
2025-08-21T00:21:01.6665621Z starting
2025-08-21T00:21:01.6678491Z postgres service is starting, waiting 3 seconds before checking again.
2025-08-21T00:21:05.4670653Z ##[command]/usr/bin/docker inspect --format="{{if .Config.Healthcheck}}{{print .State.Health.Status}}{{end}}" 49d7f23780e0ee715e9e9ede14fb5cf503a060f0dcf382ffba7992cd2473b91b
2025-08-21T00:21:05.4789225Z healthy
2025-08-21T00:21:05.4805511Z postgres service is healthy.
2025-08-21T00:21:05.4806293Z ##[command]/usr/bin/docker inspect --format="{{if .Config.Healthcheck}}{{print .State.Health.Status}}{{end}}" de2d8785fcedb1725ba10d7bc47624fd582eb562c0df752bfa84afdf4ed003d6
2025-08-21T00:21:05.4926839Z redis service is healthy.
2025-08-21T00:21:05.4927483Z ##[endgroup]
2025-08-21T00:21:05.5229926Z ##[group]Run actions/checkout@v5
2025-08-21T00:21:05.5230492Z with:
2025-08-21T00:21:05.5230694Z   repository: AlexBomber12/AWA-App
2025-08-21T00:21:05.5231072Z   token: ***
2025-08-21T00:21:05.5231244Z   ssh-strict: true
2025-08-21T00:21:05.5231424Z   ssh-user: git
2025-08-21T00:21:05.5231601Z   persist-credentials: true
2025-08-21T00:21:05.5231808Z   clean: true
2025-08-21T00:21:05.5231996Z   sparse-checkout-cone-mode: true
2025-08-21T00:21:05.5232224Z   fetch-depth: 1
2025-08-21T00:21:05.5232394Z   fetch-tags: false
2025-08-21T00:21:05.5232581Z   show-progress: true
2025-08-21T00:21:05.5232760Z   lfs: false
2025-08-21T00:21:05.5232913Z   submodules: false
2025-08-21T00:21:05.5233094Z   set-safe-directory: true
2025-08-21T00:21:05.5233453Z env:
2025-08-21T00:21:05.5233677Z   REDIS_URL: redis://localhost:6379/0
2025-08-21T00:21:05.5233925Z   RATE_LIMIT_DEFAULT: 100/minute
2025-08-21T00:21:05.5234137Z   TRUST_X_FORWARDED: 1
2025-08-21T00:21:05.5234315Z ##[endgroup]
2025-08-21T00:21:05.6135164Z Syncing repository: AlexBomber12/AWA-App
2025-08-21T00:21:05.6136350Z ##[group]Getting Git version info
2025-08-21T00:21:05.6136699Z Working directory is '/home/runner/work/AWA-App/AWA-App'
2025-08-21T00:21:05.6137193Z [command]/usr/bin/git version
2025-08-21T00:21:05.6178519Z git version 2.51.0
2025-08-21T00:21:05.6198392Z ##[endgroup]
2025-08-21T00:21:05.6212190Z Temporarily overriding HOME='/home/runner/work/_temp/ec0c9393-aff2-43fc-b26f-e5e9787c7962' before making global git config changes
2025-08-21T00:21:05.6213447Z Adding repository directory to the temporary git global config as a safe directory
2025-08-21T00:21:05.6216679Z [command]/usr/bin/git config --global --add safe.directory /home/runner/work/AWA-App/AWA-App
2025-08-21T00:21:05.6251684Z Deleting the contents of '/home/runner/work/AWA-App/AWA-App'
2025-08-21T00:21:05.6255108Z ##[group]Initializing the repository
2025-08-21T00:21:05.6259535Z [command]/usr/bin/git init /home/runner/work/AWA-App/AWA-App
2025-08-21T00:21:05.6326577Z hint: Using 'master' as the name for the initial branch. This default branch name
2025-08-21T00:21:05.6327595Z hint: is subject to change. To configure the initial branch name to use in all
2025-08-21T00:21:05.6328524Z hint: of your new repositories, which will suppress this warning, call:
2025-08-21T00:21:05.6329380Z hint:
2025-08-21T00:21:05.6329885Z hint: 	git config --global init.defaultBranch <name>
2025-08-21T00:21:05.6330458Z hint:
2025-08-21T00:21:05.6330986Z hint: Names commonly chosen instead of 'master' are 'main', 'trunk' and
2025-08-21T00:21:05.6331915Z hint: 'development'. The just-created branch can be renamed via this command:
2025-08-21T00:21:05.6332660Z hint:
2025-08-21T00:21:05.6332964Z hint: 	git branch -m <name>
2025-08-21T00:21:05.6333326Z hint:
2025-08-21T00:21:05.6333844Z hint: Disable this message with "git config set advice.defaultBranchName false"
2025-08-21T00:21:05.6334740Z Initialized empty Git repository in /home/runner/work/AWA-App/AWA-App/.git/
2025-08-21T00:21:05.6341310Z [command]/usr/bin/git remote add origin https://github.com/AlexBomber12/AWA-App
2025-08-21T00:21:05.6374997Z ##[endgroup]
2025-08-21T00:21:05.6375555Z ##[group]Disabling automatic garbage collection
2025-08-21T00:21:05.6378872Z [command]/usr/bin/git config --local gc.auto 0
2025-08-21T00:21:05.6404728Z ##[endgroup]
2025-08-21T00:21:05.6405236Z ##[group]Setting up auth
2025-08-21T00:21:05.6411312Z [command]/usr/bin/git config --local --name-only --get-regexp core\.sshCommand
2025-08-21T00:21:05.6440101Z [command]/usr/bin/git submodule foreach --recursive sh -c "git config --local --name-only --get-regexp 'core\.sshCommand' && git config --local --unset-all 'core.sshCommand' || :"
2025-08-21T00:21:05.6726855Z [command]/usr/bin/git config --local --name-only --get-regexp http\.https\:\/\/github\.com\/\.extraheader
2025-08-21T00:21:05.6755823Z [command]/usr/bin/git submodule foreach --recursive sh -c "git config --local --name-only --get-regexp 'http\.https\:\/\/github\.com\/\.extraheader' && git config --local --unset-all 'http.https://github.com/.extraheader' || :"
2025-08-21T00:21:05.6972273Z [command]/usr/bin/git config --local http.https://github.com/.extraheader AUTHORIZATION: basic ***
2025-08-21T00:21:05.7005295Z ##[endgroup]
2025-08-21T00:21:05.7005664Z ##[group]Fetching the repository
2025-08-21T00:21:05.7014479Z [command]/usr/bin/git -c protocol.version=2 fetch --no-tags --prune --no-recurse-submodules --depth=1 origin +edb818fb7fd563c0929f651f7111f550576189dd:refs/remotes/origin/main
2025-08-21T00:21:06.0323392Z From https://github.com/AlexBomber12/AWA-App
2025-08-21T00:21:06.0323875Z  * [new ref]         edb818fb7fd563c0929f651f7111f550576189dd -> origin/main
2025-08-21T00:21:06.0352858Z ##[endgroup]
2025-08-21T00:21:06.0353460Z ##[group]Determining the checkout info
2025-08-21T00:21:06.0356277Z ##[endgroup]
2025-08-21T00:21:06.0361860Z [command]/usr/bin/git sparse-checkout disable
2025-08-21T00:21:06.0401137Z [command]/usr/bin/git config --local --unset-all extensions.worktreeConfig
2025-08-21T00:21:06.0426420Z ##[group]Checking out the ref
2025-08-21T00:21:06.0431023Z [command]/usr/bin/git checkout --progress --force -B main refs/remotes/origin/main
2025-08-21T00:21:06.0764971Z Switched to a new branch 'main'
2025-08-21T00:21:06.0767726Z branch 'main' set up to track 'origin/main'.
2025-08-21T00:21:06.0805804Z ##[endgroup]
2025-08-21T00:21:06.0809551Z [command]/usr/bin/git log -1 --format=%H
2025-08-21T00:21:06.0831402Z edb818fb7fd563c0929f651f7111f550576189dd
2025-08-21T00:21:06.1000050Z ##[group]Run cat .env.ci >> "$GITHUB_ENV"
2025-08-21T00:21:06.1000390Z [36;1mcat .env.ci >> "$GITHUB_ENV"[0m
2025-08-21T00:21:06.1001081Z [36;1mecho "DATABASE_URL=***localhost:5432/awa" >> "$GITHUB_ENV"[0m
2025-08-21T00:21:06.1001451Z [36;1mecho "PG_HOST=localhost" >> "$GITHUB_ENV"[0m
2025-08-21T00:21:06.1001960Z [36;1mecho "PG_PORT=5432" >> "$GITHUB_ENV"[0m
2025-08-21T00:21:06.1002238Z [36;1mecho "PG_USER=postgres" >> "$GITHUB_ENV"[0m
2025-08-21T00:21:06.1002542Z [36;1mecho "PG_PASSWORD=pass" >> "$GITHUB_ENV"[0m
2025-08-21T00:21:06.1002839Z [36;1mecho "PG_DATABASE=awa" >> "$GITHUB_ENV"[0m
2025-08-21T00:21:06.1047065Z shell: /usr/bin/bash -e {0}
2025-08-21T00:21:06.1047310Z env:
2025-08-21T00:21:06.1047515Z   REDIS_URL: redis://localhost:6379/0
2025-08-21T00:21:06.1047777Z   RATE_LIMIT_DEFAULT: 100/minute
2025-08-21T00:21:06.1048002Z   TRUST_X_FORWARDED: 1
2025-08-21T00:21:06.1048183Z ##[endgroup]
2025-08-21T00:21:06.1224481Z ##[group]Run actions/setup-python@v5
2025-08-21T00:21:06.1224768Z with:
2025-08-21T00:21:06.1224944Z   python-version: 3.12
2025-08-21T00:21:06.1225148Z   cache: pip
2025-08-21T00:21:06.1225354Z   cache-dependency-path: requirements-dev.txt
2025-08-21T00:21:06.1225637Z   check-latest: false
2025-08-21T00:21:06.1225948Z   token: ***
2025-08-21T00:21:06.1226141Z   update-environment: true
2025-08-21T00:21:06.1226366Z   allow-prereleases: false
2025-08-21T00:21:06.1226566Z   freethreaded: false
2025-08-21T00:21:06.1226751Z env:
2025-08-21T00:21:06.1226933Z   REDIS_URL: redis://localhost:6379/0
2025-08-21T00:21:06.1227183Z   RATE_LIMIT_DEFAULT: 100/minute
2025-08-21T00:21:06.1227392Z   TRUST_X_FORWARDED: 1
2025-08-21T00:21:06.1227577Z   PG_USER: postgres
2025-08-21T00:21:06.1227752Z   PG_PASSWORD: pass
2025-08-21T00:21:06.1227927Z   PG_DATABASE: awa
2025-08-21T00:21:06.1228095Z   PG_HOST: localhost
2025-08-21T00:21:06.1228271Z   PG_PORT: 5432
2025-08-21T00:21:06.1228677Z   PG_SYNC_DSN: ***localhost:5432/awa
2025-08-21T00:21:06.1229320Z   PG_ASYNC_DSN: ***localhost:5432/awa
2025-08-21T00:21:06.1229714Z   DATABASE_URL: ***localhost:5432/awa
2025-08-21T00:21:06.1229943Z   DATA_DIR: /tmp/awa-data
2025-08-21T00:21:06.1230135Z   ENABLE_LIVE: 0
2025-08-21T00:21:06.1230299Z   TESTING: 1
2025-08-21T00:21:06.1230462Z ##[endgroup]
2025-08-21T00:21:06.2861459Z ##[group]Installed versions
2025-08-21T00:21:06.2953109Z Successfully set up CPython (3.12.11)
2025-08-21T00:21:06.2953864Z ##[endgroup]
2025-08-21T00:21:06.3246343Z [command]/opt/hostedtoolcache/Python/3.12.11/x64/bin/pip cache dir
2025-08-21T00:21:06.6009797Z /home/runner/.cache/pip
2025-08-21T00:21:06.8044802Z Cache hit for: setup-python-Linux-x64-24.04-Ubuntu-python-3.12.11-pip-cc13ccef493b9f3a93ad5651164d9fb09282c1111f6f72ce20e0657de16de6b4
2025-08-21T00:21:07.9433573Z Received 92274688 of 376053341 (24.5%), 87.8 MBs/sec
2025-08-21T00:21:08.9439123Z Received 230686720 of 376053341 (61.3%), 109.9 MBs/sec
2025-08-21T00:21:09.9523114Z Received 335544320 of 376053341 (89.2%), 106.5 MBs/sec
2025-08-21T00:21:10.6163001Z Received 376053341 of 376053341 (100.0%), 97.6 MBs/sec
2025-08-21T00:21:10.6166100Z Cache Size: ~359 MB (376053341 B)
2025-08-21T00:21:10.6279139Z [command]/usr/bin/tar -xf /home/runner/work/_temp/f69eb794-f44f-4935-8d59-e4cf1bd1eae9/cache.tzst -P -C /home/runner/work/AWA-App/AWA-App --use-compress-program unzstd
2025-08-21T00:21:11.2166339Z Cache restored successfully
2025-08-21T00:21:11.2860055Z Cache restored from key: setup-python-Linux-x64-24.04-Ubuntu-python-3.12.11-pip-cc13ccef493b9f3a93ad5651164d9fb09282c1111f6f72ce20e0657de16de6b4
2025-08-21T00:21:11.3006134Z ##[group]Run pip install --break-system-packages -r requirements-dev.txt
2025-08-21T00:21:11.3006672Z [36;1mpip install --break-system-packages -r requirements-dev.txt[0m
2025-08-21T00:21:11.3007169Z [36;1mpip install --break-system-packages keepa==1.3.15 minio==7.1.15[0m
2025-08-21T00:21:11.3052220Z shell: /usr/bin/bash -e {0}
2025-08-21T00:21:11.3052452Z env:
2025-08-21T00:21:11.3052660Z   REDIS_URL: redis://localhost:6379/0
2025-08-21T00:21:11.3052938Z   RATE_LIMIT_DEFAULT: 100/minute
2025-08-21T00:21:11.3053162Z   TRUST_X_FORWARDED: 1
2025-08-21T00:21:11.3053364Z   PG_USER: postgres
2025-08-21T00:21:11.3053564Z   PG_PASSWORD: pass
2025-08-21T00:21:11.3053745Z   PG_DATABASE: awa
2025-08-21T00:21:11.3053931Z   PG_HOST: localhost
2025-08-21T00:21:11.3054331Z   PG_PORT: 5432
2025-08-21T00:21:11.3054863Z   PG_SYNC_DSN: ***localhost:5432/awa
2025-08-21T00:21:11.3055341Z   PG_ASYNC_DSN: ***localhost:5432/awa
2025-08-21T00:21:11.3055739Z   DATABASE_URL: ***localhost:5432/awa
2025-08-21T00:21:11.3056012Z   DATA_DIR: /tmp/awa-data
2025-08-21T00:21:11.3056212Z   ENABLE_LIVE: 0
2025-08-21T00:21:11.3056389Z   TESTING: 1
2025-08-21T00:21:11.3056625Z   pythonLocation: /opt/hostedtoolcache/Python/3.12.11/x64
2025-08-21T00:21:11.3057029Z   PKG_CONFIG_PATH: /opt/hostedtoolcache/Python/3.12.11/x64/lib/pkgconfig
2025-08-21T00:21:11.3057417Z   Python_ROOT_DIR: /opt/hostedtoolcache/Python/3.12.11/x64
2025-08-21T00:21:11.3057774Z   Python2_ROOT_DIR: /opt/hostedtoolcache/Python/3.12.11/x64
2025-08-21T00:21:11.3058131Z   Python3_ROOT_DIR: /opt/hostedtoolcache/Python/3.12.11/x64
2025-08-21T00:21:11.3058495Z   LD_LIBRARY_PATH: /opt/hostedtoolcache/Python/3.12.11/x64/lib
2025-08-21T00:21:11.3058795Z ##[endgroup]
2025-08-21T00:21:12.2453661Z Collecting Jinja2==3.1.6 (from -r requirements-dev.txt (line 2))
2025-08-21T00:21:12.2472985Z   Using cached jinja2-3.1.6-py3-none-any.whl.metadata (2.9 kB)
2025-08-21T00:21:12.2693293Z Collecting alembic==1.16.4 (from -r requirements-dev.txt (line 3))
2025-08-21T00:21:12.2704534Z   Using cached alembic-1.16.4-py3-none-any.whl.metadata (7.3 kB)
2025-08-21T00:21:12.2887983Z Collecting apscheduler==3.10.4 (from -r requirements-dev.txt (line 4))
2025-08-21T00:21:12.2899108Z   Using cached APScheduler-3.10.4-py3-none-any.whl.metadata (5.7 kB)
2025-08-21T00:21:12.3063799Z Collecting asgi-correlation-id==4.3.1 (from -r requirements-dev.txt (line 5))
2025-08-21T00:21:12.3074727Z   Using cached asgi_correlation_id-4.3.1-py3-none-any.whl.metadata (28 kB)
2025-08-21T00:21:12.3625559Z Collecting asyncpg==0.30.0 (from -r requirements-dev.txt (line 6))
2025-08-21T00:21:12.3637015Z   Using cached asyncpg-0.30.0-cp312-cp312-manylinux_2_17_x86_64.manylinux2014_x86_64.whl.metadata (5.0 kB)
2025-08-21T00:21:12.4074545Z Collecting black==25.1.0 (from -r requirements-dev.txt (line 7))
2025-08-21T00:21:12.4086238Z   Using cached black-25.1.0-cp312-cp312-manylinux_2_17_x86_64.manylinux2014_x86_64.manylinux_2_28_x86_64.whl.metadata (81 kB)
2025-08-21T00:21:12.7318798Z Collecting boto3 (from -r requirements-dev.txt (line 8))
2025-08-21T00:21:12.7331242Z   Using cached boto3-1.40.14-py3-none-any.whl.metadata (6.7 kB)
2025-08-21T00:21:12.7619559Z Collecting redis==6.* (from -r requirements-dev.txt (line 9))
2025-08-21T00:21:12.7631209Z   Using cached redis-6.4.0-py3-none-any.whl.metadata (10 kB)
2025-08-21T00:21:12.8039296Z Collecting minio==7.* (from -r requirements-dev.txt (line 10))
2025-08-21T00:21:12.8050650Z   Using cached minio-7.2.16-py3-none-any.whl.metadata (6.5 kB)
2025-08-21T00:21:12.8207727Z Collecting vulture==2.10 (from -r requirements-dev.txt (line 11))
2025-08-21T00:21:12.8218559Z   Using cached vulture-2.10-py2.py3-none-any.whl.metadata (23 kB)
2025-08-21T00:21:12.8577001Z Collecting celery==5.5.3 (from -r requirements-dev.txt (line 12))
2025-08-21T00:21:12.8589044Z   Using cached celery-5.5.3-py3-none-any.whl.metadata (22 kB)
2025-08-21T00:21:12.9158550Z Collecting fastapi==0.116.1 (from -r requirements-dev.txt (line 13))
2025-08-21T00:21:12.9170632Z   Using cached fastapi-0.116.1-py3-none-any.whl.metadata (28 kB)
2025-08-21T00:21:12.9419735Z Collecting fastapi-limiter==0.1.6 (from -r requirements-dev.txt (line 15))
2025-08-21T00:21:12.9430609Z   Using cached fastapi_limiter-0.1.6-py3-none-any.whl.metadata (5.3 kB)
2025-08-21T00:21:12.9671431Z Collecting httpx<0.29,>=0.27 (from -r requirements-dev.txt (line 16))
2025-08-21T00:21:12.9686761Z   Using cached httpx-0.28.1-py3-none-any.whl.metadata (7.1 kB)
2025-08-21T00:21:12.9856602Z Collecting imapclient==3.0.1 (from -r requirements-dev.txt (line 17))
2025-08-21T00:21:12.9867771Z   Using cached IMAPClient-3.0.1-py2.py3-none-any.whl.metadata (1.7 kB)
2025-08-21T00:21:12.9959261Z Collecting itsdangerous (from -r requirements-dev.txt (line 18))
2025-08-21T00:21:12.9971403Z   Using cached itsdangerous-2.2.0-py3-none-any.whl.metadata (1.9 kB)
2025-08-21T00:21:13.0920854Z Collecting mypy==1.* (from -r requirements-dev.txt (line 19))
2025-08-21T00:21:13.0933502Z   Using cached mypy-1.17.1-cp312-cp312-manylinux2014_x86_64.manylinux_2_17_x86_64.manylinux_2_28_x86_64.whl.metadata (2.2 kB)
2025-08-21T00:21:13.1076825Z Collecting mypy-extensions==1.1.0 (from -r requirements-dev.txt (line 20))
2025-08-21T00:21:13.1088021Z   Using cached mypy_extensions-1.1.0-py3-none-any.whl.metadata (1.1 kB)
2025-08-21T00:21:13.2886034Z Collecting numpy<2 (from -r requirements-dev.txt (line 21))
2025-08-21T00:21:13.2898839Z   Using cached numpy-1.26.4-cp312-cp312-manylinux_2_17_x86_64.manylinux2014_x86_64.whl.metadata (61 kB)
2025-08-21T00:21:13.3151883Z Collecting openpyxl==3.1.5 (from -r requirements-dev.txt (line 22))
2025-08-21T00:21:13.3162926Z   Using cached openpyxl-3.1.5-py2.py3-none-any.whl.metadata (2.5 kB)
2025-08-21T00:21:13.4239928Z Collecting pandas==2.2.* (from -r requirements-dev.txt (line 23))
2025-08-21T00:21:13.4253640Z   Using cached pandas-2.2.3-cp312-cp312-manylinux_2_17_x86_64.manylinux2014_x86_64.whl.metadata (89 kB)
2025-08-21T00:21:13.5169796Z Collecting psycopg2-binary==2.9.10 (from -r requirements-dev.txt (line 24))
2025-08-21T00:21:13.5181425Z   Using cached psycopg2_binary-2.9.10-cp312-cp312-manylinux_2_17_x86_64.manylinux2014_x86_64.whl.metadata (4.9 kB)
2025-08-21T00:21:13.5326661Z Collecting psycopg==3.2.9 (from psycopg[binary]==3.2.9->-r requirements-dev.txt (line 25))
2025-08-21T00:21:13.5337421Z   Using cached psycopg-3.2.9-py3-none-any.whl.metadata (4.5 kB)
2025-08-21T00:21:13.6455397Z Collecting pydantic==2.11.7 (from -r requirements-dev.txt (line 26))
2025-08-21T00:21:13.6467336Z   Using cached pydantic-2.11.7-py3-none-any.whl.metadata (67 kB)
2025-08-21T00:21:13.7651797Z Collecting setuptools (from -r requirements-dev.txt (line 27))
2025-08-21T00:21:13.7663224Z   Using cached setuptools-80.9.0-py3-none-any.whl.metadata (6.6 kB)
2025-08-21T00:21:13.7902556Z Collecting pytest-asyncio==1.1.0 (from -r requirements-dev.txt (line 28))
2025-08-21T00:21:13.7917815Z   Using cached pytest_asyncio-1.1.0-py3-none-any.whl.metadata (4.1 kB)
2025-08-21T00:21:13.8057062Z Collecting pytest-cov==6.2.1 (from -r requirements-dev.txt (line 29))
2025-08-21T00:21:13.8068354Z   Using cached pytest_cov-6.2.1-py3-none-any.whl.metadata (30 kB)
2025-08-21T00:21:13.8267049Z Collecting pytest-postgresql==7.0.2 (from -r requirements-dev.txt (line 30))
2025-08-21T00:21:13.8277951Z   Using cached pytest_postgresql-7.0.2-py3-none-any.whl.metadata (18 kB)
2025-08-21T00:21:13.8441464Z Collecting python-dotenv (from -r requirements-dev.txt (line 31))
2025-08-21T00:21:13.8452383Z   Using cached python_dotenv-1.1.1-py3-none-any.whl.metadata (24 kB)
2025-08-21T00:21:13.8567581Z Collecting python-multipart (from -r requirements-dev.txt (line 32))
2025-08-21T00:21:13.8578473Z   Using cached python_multipart-0.0.20-py3-none-any.whl.metadata (1.8 kB)
2025-08-21T00:21:13.8917647Z Collecting python-telegram-bot==22.3 (from -r requirements-dev.txt (line 33))
2025-08-21T00:21:13.8934925Z   Using cached python_telegram_bot-22.3-py3-none-any.whl.metadata (17 kB)
2025-08-21T00:21:13.9224098Z Collecting requests==2.32.4 (from -r requirements-dev.txt (line 34))
2025-08-21T00:21:13.9234943Z   Using cached requests-2.32.4-py3-none-any.whl.metadata (4.9 kB)
2025-08-21T00:21:13.9401760Z Collecting respx==0.22.0 (from -r requirements-dev.txt (line 35))
2025-08-21T00:21:13.9412990Z   Using cached respx-0.22.0-py2.py3-none-any.whl.metadata (4.1 kB)
2025-08-21T00:21:14.2866568Z Collecting ruff==0.9.9 (from -r requirements-dev.txt (line 36))
2025-08-21T00:21:14.2879654Z   Using cached ruff-0.9.9-py3-none-manylinux_2_17_x86_64.manylinux2014_x86_64.whl.metadata (25 kB)
2025-08-21T00:21:14.5425478Z Collecting sqlalchemy==2.0.43 (from -r requirements-dev.txt (line 37))
2025-08-21T00:21:14.5439179Z   Using cached sqlalchemy-2.0.43-cp312-cp312-manylinux_2_17_x86_64.manylinux2014_x86_64.whl.metadata (9.6 kB)
2025-08-21T00:21:14.5705523Z Collecting structlog==24.1.0 (from -r requirements-dev.txt (line 38))
2025-08-21T00:21:14.5717416Z   Using cached structlog-24.1.0-py3-none-any.whl.metadata (6.9 kB)
2025-08-21T00:21:14.5882835Z Collecting testcontainers==4.12.0 (from testcontainers[postgres]==4.12.0->-r requirements-dev.txt (line 39))
2025-08-21T00:21:14.5894189Z   Using cached testcontainers-4.12.0-py3-none-any.whl.metadata (8.3 kB)
2025-08-21T00:21:14.6257274Z Collecting types-requests==2.32.4.20250809 (from -r requirements-dev.txt (line 40))
2025-08-21T00:21:14.6268072Z   Using cached types_requests-2.32.4.20250809-py3-none-any.whl.metadata (2.0 kB)
2025-08-21T00:21:14.6381865Z Collecting docspec-python==2.2.2 (from -r requirements-dev.txt (line 41))
2025-08-21T00:21:14.6392976Z   Using cached docspec_python-2.2.2-py3-none-any.whl.metadata (1.0 kB)
2025-08-21T00:21:14.6569617Z Collecting pydoc-markdown==4.8.2 (from -r requirements-dev.txt (line 42))
2025-08-21T00:21:14.6580499Z   Using cached pydoc_markdown-4.8.2-py3-none-any.whl.metadata (5.9 kB)
2025-08-21T00:21:14.7274188Z Collecting pandera==0.19.* (from -r requirements-dev.txt (line 43))
2025-08-21T00:21:14.7286964Z   Using cached pandera-0.19.3-py3-none-any.whl.metadata (15 kB)
2025-08-21T00:21:14.8178578Z Collecting MarkupSafe>=2.0 (from Jinja2==3.1.6->-r requirements-dev.txt (line 2))
2025-08-21T00:21:14.8190768Z   Using cached MarkupSafe-3.0.2-cp312-cp312-manylinux_2_17_x86_64.manylinux2014_x86_64.whl.metadata (4.0 kB)
2025-08-21T00:21:14.8506641Z Collecting Mako (from alembic==1.16.4->-r requirements-dev.txt (line 3))
2025-08-21T00:21:14.8518229Z   Using cached mako-1.3.10-py3-none-any.whl.metadata (2.9 kB)
2025-08-21T00:21:14.8678510Z Collecting typing-extensions>=4.12 (from alembic==1.16.4->-r requirements-dev.txt (line 3))
2025-08-21T00:21:14.8690359Z   Using cached typing_extensions-4.14.1-py3-none-any.whl.metadata (3.0 kB)
2025-08-21T00:21:14.8818506Z Collecting six>=1.4.0 (from apscheduler==3.10.4->-r requirements-dev.txt (line 4))
2025-08-21T00:21:14.8829681Z   Using cached six-1.17.0-py2.py3-none-any.whl.metadata (1.7 kB)
2025-08-21T00:21:14.9161562Z Collecting pytz (from apscheduler==3.10.4->-r requirements-dev.txt (line 4))
2025-08-21T00:21:14.9173036Z   Using cached pytz-2025.2-py2.py3-none-any.whl.metadata (22 kB)
2025-08-21T00:21:14.9360212Z Collecting tzlocal!=3.*,>=2.0 (from apscheduler==3.10.4->-r requirements-dev.txt (line 4))
2025-08-21T00:21:14.9370974Z   Using cached tzlocal-5.3.1-py3-none-any.whl.metadata (7.6 kB)
2025-08-21T00:21:14.9656377Z Collecting starlette>=0.18 (from asgi-correlation-id==4.3.1->-r requirements-dev.txt (line 5))
2025-08-21T00:21:14.9667414Z   Using cached starlette-0.47.2-py3-none-any.whl.metadata (6.2 kB)
2025-08-21T00:21:14.9852114Z Collecting click>=8.0.0 (from black==25.1.0->-r requirements-dev.txt (line 7))
2025-08-21T00:21:14.9863136Z   Using cached click-8.2.1-py3-none-any.whl.metadata (2.5 kB)
2025-08-21T00:21:15.0023928Z Collecting packaging>=22.0 (from black==25.1.0->-r requirements-dev.txt (line 7))
2025-08-21T00:21:15.0036124Z   Using cached packaging-25.0-py3-none-any.whl.metadata (3.3 kB)
2025-08-21T00:21:15.0143240Z Collecting pathspec>=0.9.0 (from black==25.1.0->-r requirements-dev.txt (line 7))
2025-08-21T00:21:15.0154388Z   Using cached pathspec-0.12.1-py3-none-any.whl.metadata (21 kB)
2025-08-21T00:21:15.0342874Z Collecting platformdirs>=2 (from black==25.1.0->-r requirements-dev.txt (line 7))
2025-08-21T00:21:15.0353774Z   Using cached platformdirs-4.3.8-py3-none-any.whl.metadata (12 kB)
2025-08-21T00:21:15.0465096Z Collecting toml (from vulture==2.10->-r requirements-dev.txt (line 11))
2025-08-21T00:21:15.0476349Z   Using cached toml-0.10.2-py2.py3-none-any.whl.metadata (7.1 kB)
2025-08-21T00:21:15.0669950Z Collecting billiard<5.0,>=4.2.1 (from celery==5.5.3->-r requirements-dev.txt (line 12))
2025-08-21T00:21:15.0680985Z   Using cached billiard-4.2.1-py3-none-any.whl.metadata (4.4 kB)
2025-08-21T00:21:15.0961041Z Collecting kombu<5.6,>=5.5.2 (from celery==5.5.3->-r requirements-dev.txt (line 12))
2025-08-21T00:21:15.0972009Z   Using cached kombu-5.5.4-py3-none-any.whl.metadata (3.5 kB)
2025-08-21T00:21:15.1125999Z Collecting vine<6.0,>=5.1.0 (from celery==5.5.3->-r requirements-dev.txt (line 12))
2025-08-21T00:21:15.1136842Z   Using cached vine-5.1.0-py3-none-any.whl.metadata (2.7 kB)
2025-08-21T00:21:15.1293873Z Collecting click-didyoumean>=0.3.0 (from celery==5.5.3->-r requirements-dev.txt (line 12))
2025-08-21T00:21:15.1304766Z   Using cached click_didyoumean-0.3.1-py3-none-any.whl.metadata (3.9 kB)
2025-08-21T00:21:15.1420592Z Collecting click-repl>=0.2.0 (from celery==5.5.3->-r requirements-dev.txt (line 12))
2025-08-21T00:21:15.1431455Z   Using cached click_repl-0.3.0-py3-none-any.whl.metadata (3.6 kB)
2025-08-21T00:21:15.1586813Z Collecting click-plugins>=1.1.1 (from celery==5.5.3->-r requirements-dev.txt (line 12))
2025-08-21T00:21:15.1599199Z   Using cached click_plugins-1.1.1.2-py2.py3-none-any.whl.metadata (6.5 kB)
2025-08-21T00:21:15.1713760Z Collecting python-dateutil>=2.8.2 (from celery==5.5.3->-r requirements-dev.txt (line 12))
2025-08-21T00:21:15.1725420Z   Using cached python_dateutil-2.9.0.post0-py2.py3-none-any.whl.metadata (8.4 kB)
2025-08-21T00:21:15.2223159Z Collecting annotated-types>=0.6.0 (from pydantic==2.11.7->-r requirements-dev.txt (line 26))
2025-08-21T00:21:15.2234169Z   Using cached annotated_types-0.7.0-py3-none-any.whl.metadata (15 kB)
2025-08-21T00:21:15.8643128Z Collecting pydantic-core==2.33.2 (from pydantic==2.11.7->-r requirements-dev.txt (line 26))
2025-08-21T00:21:15.8656069Z   Using cached pydantic_core-2.33.2-cp312-cp312-manylinux_2_17_x86_64.manylinux2014_x86_64.whl.metadata (6.8 kB)
2025-08-21T00:21:15.8777356Z Collecting typing-inspection>=0.4.0 (from pydantic==2.11.7->-r requirements-dev.txt (line 26))
2025-08-21T00:21:15.8788739Z   Using cached typing_inspection-0.4.1-py3-none-any.whl.metadata (2.6 kB)
2025-08-21T00:21:15.9015864Z Collecting et-xmlfile (from openpyxl==3.1.5->-r requirements-dev.txt (line 22))
2025-08-21T00:21:15.9026919Z   Using cached et_xmlfile-2.0.0-py3-none-any.whl.metadata (2.7 kB)
2025-08-21T00:21:15.9406955Z Collecting pytest<9,>=8.2 (from pytest-asyncio==1.1.0->-r requirements-dev.txt (line 28))
2025-08-21T00:21:15.9417963Z   Using cached pytest-8.4.1-py3-none-any.whl.metadata (7.7 kB)
2025-08-21T00:21:16.2427569Z Collecting coverage>=7.5 (from coverage[toml]>=7.5->pytest-cov==6.2.1->-r requirements-dev.txt (line 29))
2025-08-21T00:21:16.2440468Z   Using cached coverage-7.10.4-cp312-cp312-manylinux1_x86_64.manylinux_2_28_x86_64.manylinux_2_5_x86_64.whl.metadata (8.9 kB)
2025-08-21T00:21:16.2594190Z Collecting pluggy>=1.2 (from pytest-cov==6.2.1->-r requirements-dev.txt (line 29))
2025-08-21T00:21:16.2605198Z   Using cached pluggy-1.6.0-py3-none-any.whl.metadata (4.8 kB)
2025-08-21T00:21:16.2839386Z Collecting port-for>=0.7.3 (from pytest-postgresql==7.0.2->-r requirements-dev.txt (line 30))
2025-08-21T00:21:16.2849887Z   Using cached port_for-0.7.4-py3-none-any.whl.metadata (7.1 kB)
2025-08-21T00:21:16.3032006Z Collecting mirakuru>=2.6.0 (from pytest-postgresql==7.0.2->-r requirements-dev.txt (line 30))
2025-08-21T00:21:16.3044144Z   Using cached mirakuru-2.6.1-py3-none-any.whl.metadata (10 kB)
2025-08-21T00:21:16.3931440Z Collecting charset_normalizer<4,>=2 (from requests==2.32.4->-r requirements-dev.txt (line 34))
2025-08-21T00:21:16.3944244Z   Using cached charset_normalizer-3.4.3-cp312-cp312-manylinux2014_x86_64.manylinux_2_17_x86_64.manylinux_2_28_x86_64.whl.metadata (36 kB)
2025-08-21T00:21:16.4100359Z Collecting idna<4,>=2.5 (from requests==2.32.4->-r requirements-dev.txt (line 34))
2025-08-21T00:21:16.4111167Z   Using cached idna-3.10-py3-none-any.whl.metadata (10 kB)
2025-08-21T00:21:16.4380775Z Collecting urllib3<3,>=1.21.1 (from requests==2.32.4->-r requirements-dev.txt (line 34))
2025-08-21T00:21:16.4391645Z   Using cached urllib3-2.5.0-py3-none-any.whl.metadata (6.5 kB)
2025-08-21T00:21:16.4579971Z Collecting certifi>=2017.4.17 (from requests==2.32.4->-r requirements-dev.txt (line 34))
2025-08-21T00:21:16.4591227Z   Using cached certifi-2025.8.3-py3-none-any.whl.metadata (2.4 kB)
2025-08-21T00:21:16.6517766Z Collecting greenlet>=1 (from sqlalchemy==2.0.43->-r requirements-dev.txt (line 37))
2025-08-21T00:21:16.6531713Z   Using cached greenlet-3.2.4-cp312-cp312-manylinux_2_24_x86_64.manylinux_2_28_x86_64.whl.metadata (4.1 kB)
2025-08-21T00:21:16.6765589Z Collecting docker (from testcontainers==4.12.0->testcontainers[postgres]==4.12.0->-r requirements-dev.txt (line 39))
2025-08-21T00:21:16.6776400Z   Using cached docker-7.1.0-py3-none-any.whl.metadata (3.8 kB)
2025-08-21T00:21:16.7708381Z Collecting wrapt (from testcontainers==4.12.0->testcontainers[postgres]==4.12.0->-r requirements-dev.txt (line 39))
2025-08-21T00:21:16.7719908Z   Using cached wrapt-1.17.3-cp312-cp312-manylinux1_x86_64.manylinux_2_28_x86_64.manylinux_2_5_x86_64.whl.metadata (6.4 kB)
2025-08-21T00:21:16.8035541Z Collecting docspec==2.2.1 (from docspec-python==2.2.2->-r requirements-dev.txt (line 41))
2025-08-21T00:21:16.8046380Z   Using cached docspec-2.2.1-py3-none-any.whl.metadata (1.5 kB)
2025-08-21T00:21:16.8250539Z Collecting nr-util>=0.8.12 (from docspec-python==2.2.2->-r requirements-dev.txt (line 41))
2025-08-21T00:21:16.8261687Z   Using cached nr.util-0.8.12-py3-none-any.whl.metadata (813 bytes)
2025-08-21T00:21:16.8633433Z Collecting PyYAML<7.0,>=5.0 (from pydoc-markdown==4.8.2->-r requirements-dev.txt (line 42))
2025-08-21T00:21:16.8666260Z   Using cached PyYAML-6.0.2-cp312-cp312-manylinux_2_17_x86_64.manylinux2014_x86_64.whl.metadata (2.1 kB)
2025-08-21T00:21:16.9014639Z Collecting databind.core<5.0.0,>=4.4.0 (from pydoc-markdown==4.8.2->-r requirements-dev.txt (line 42))
2025-08-21T00:21:16.9025343Z   Using cached databind.core-4.5.2-py3-none-any.whl.metadata (1.1 kB)
2025-08-21T00:21:16.9242706Z Collecting databind.json<5.0.0,>=4.4.0 (from pydoc-markdown==4.8.2->-r requirements-dev.txt (line 42))
2025-08-21T00:21:16.9253665Z   Using cached databind.json-4.5.2-py3-none-any.whl.metadata (1.1 kB)
2025-08-21T00:21:16.9410470Z Collecting docstring-parser<0.12,>=0.11 (from pydoc-markdown==4.8.2->-r requirements-dev.txt (line 42))
2025-08-21T00:21:16.9411566Z   Using cached docstring_parser-0.11-py3-none-any.whl
2025-08-21T00:21:16.9736873Z Collecting tomli<3.0.0,>=2.0.0 (from pydoc-markdown==4.8.2->-r requirements-dev.txt (line 42))
2025-08-21T00:21:16.9747998Z   Using cached tomli-2.2.1-cp312-cp312-manylinux_2_17_x86_64.manylinux2014_x86_64.whl.metadata (11 kB)
2025-08-21T00:21:16.9875588Z Collecting tomli_w<2.0.0,>=1.0.0 (from pydoc-markdown==4.8.2->-r requirements-dev.txt (line 42))
2025-08-21T00:21:16.9886810Z   Using cached tomli_w-1.2.0-py3-none-any.whl.metadata (5.7 kB)
2025-08-21T00:21:17.0319862Z Collecting watchdog (from pydoc-markdown==4.8.2->-r requirements-dev.txt (line 42))
2025-08-21T00:21:17.0331204Z   Using cached watchdog-6.0.0-py3-none-manylinux2014_x86_64.whl.metadata (44 kB)
2025-08-21T00:21:17.0551350Z Collecting yapf>=0.30.0 (from pydoc-markdown==4.8.2->-r requirements-dev.txt (line 42))
2025-08-21T00:21:17.0561963Z   Using cached yapf-0.43.0-py3-none-any.whl.metadata (46 kB)
2025-08-21T00:21:17.0748025Z Collecting Deprecated<2.0.0,>=1.2.12 (from docspec==2.2.1->docspec-python==2.2.2->-r requirements-dev.txt (line 41))
2025-08-21T00:21:17.0759125Z   Using cached Deprecated-1.2.18-py2.py3-none-any.whl.metadata (5.7 kB)
2025-08-21T00:21:17.2250348Z Collecting psycopg-binary==3.2.9 (from psycopg[binary]==3.2.9->-r requirements-dev.txt (line 25))
2025-08-21T00:21:17.2263465Z   Using cached psycopg_binary-3.2.9-cp312-cp312-manylinux_2_17_x86_64.manylinux2014_x86_64.whl.metadata (2.9 kB)
2025-08-21T00:21:17.2590846Z Collecting argon2-cffi (from minio==7.*->-r requirements-dev.txt (line 10))
2025-08-21T00:21:17.2602191Z   Using cached argon2_cffi-25.1.0-py3-none-any.whl.metadata (4.1 kB)
2025-08-21T00:21:17.3388021Z Collecting pycryptodome (from minio==7.*->-r requirements-dev.txt (line 10))
2025-08-21T00:21:17.3399988Z   Using cached pycryptodome-3.23.0-cp37-abi3-manylinux_2_17_x86_64.manylinux2014_x86_64.whl.metadata (3.4 kB)
2025-08-21T00:21:17.3587113Z Collecting anyio (from httpx<0.29,>=0.27->-r requirements-dev.txt (line 16))
2025-08-21T00:21:17.3598630Z   Using cached anyio-4.10.0-py3-none-any.whl.metadata (4.0 kB)
2025-08-21T00:21:17.3779648Z Collecting httpcore==1.* (from httpx<0.29,>=0.27->-r requirements-dev.txt (line 16))
2025-08-21T00:21:17.3790541Z   Using cached httpcore-1.0.9-py3-none-any.whl.metadata (21 kB)
2025-08-21T00:21:17.4102193Z Collecting tzdata>=2022.7 (from pandas==2.2.*->-r requirements-dev.txt (line 23))
2025-08-21T00:21:17.4113284Z   Using cached tzdata-2025.2-py2.py3-none-any.whl.metadata (1.4 kB)
2025-08-21T00:21:17.4272573Z Collecting multimethod<=1.10.0 (from pandera==0.19.*->-r requirements-dev.txt (line 43))
2025-08-21T00:21:17.4283131Z   Using cached multimethod-1.10-py3-none-any.whl.metadata (8.2 kB)
2025-08-21T00:21:17.4620703Z Collecting typeguard (from pandera==0.19.*->-r requirements-dev.txt (line 43))
2025-08-21T00:21:17.4631950Z   Using cached typeguard-4.4.4-py3-none-any.whl.metadata (3.3 kB)
2025-08-21T00:21:17.4729875Z Collecting typing-inspect>=0.6.0 (from pandera==0.19.*->-r requirements-dev.txt (line 43))
2025-08-21T00:21:17.4740752Z   Using cached typing_inspect-0.9.0-py3-none-any.whl.metadata (1.5 kB)
2025-08-21T00:21:17.5010526Z Collecting databind<5.0.0,>=4.5.2 (from databind.core<5.0.0,>=4.4.0->pydoc-markdown==4.8.2->-r requirements-dev.txt (line 42))
2025-08-21T00:21:17.5021118Z   Using cached databind-4.5.2-py3-none-any.whl.metadata (4.3 kB)
2025-08-21T00:21:17.5145860Z Collecting nr-date<3.0.0,>=2.0.0 (from databind<5.0.0,>=4.5.2->databind.core<5.0.0,>=4.4.0->pydoc-markdown==4.8.2->-r requirements-dev.txt (line 42))
2025-08-21T00:21:17.5156184Z   Using cached nr_date-2.1.0-py3-none-any.whl.metadata (746 bytes)
2025-08-21T00:21:17.5277520Z Collecting nr-stream<2.0.0,>=1.0.0 (from databind<5.0.0,>=4.5.2->databind.core<5.0.0,>=4.4.0->pydoc-markdown==4.8.2->-r requirements-dev.txt (line 42))
2025-08-21T00:21:17.5287934Z   Using cached nr_stream-1.1.5-py3-none-any.whl.metadata (3.6 kB)
2025-08-21T00:21:17.5483625Z Collecting typeapi<3,>=2.0.1 (from databind<5.0.0,>=4.5.2->databind.core<5.0.0,>=4.4.0->pydoc-markdown==4.8.2->-r requirements-dev.txt (line 42))
2025-08-21T00:21:17.5494145Z   Using cached typeapi-2.2.4-py3-none-any.whl.metadata (1.5 kB)
2025-08-21T00:21:17.5746978Z Collecting h11>=0.16 (from httpcore==1.*->httpx<0.29,>=0.27->-r requirements-dev.txt (line 16))
2025-08-21T00:21:17.5757697Z   Using cached h11-0.16.0-py3-none-any.whl.metadata (8.3 kB)
2025-08-21T00:21:17.5971690Z Collecting amqp<6.0.0,>=5.1.1 (from kombu<5.6,>=5.5.2->celery==5.5.3->-r requirements-dev.txt (line 12))
2025-08-21T00:21:17.5982570Z   Using cached amqp-5.3.1-py3-none-any.whl.metadata (8.9 kB)
2025-08-21T00:21:17.6341597Z Collecting iniconfig>=1 (from pytest<9,>=8.2->pytest-asyncio==1.1.0->-r requirements-dev.txt (line 28))
2025-08-21T00:21:17.6354420Z   Using cached iniconfig-2.1.0-py3-none-any.whl.metadata (2.7 kB)
2025-08-21T00:21:17.6552423Z Collecting pygments>=2.7.2 (from pytest<9,>=8.2->pytest-asyncio==1.1.0->-r requirements-dev.txt (line 28))
2025-08-21T00:21:17.6563220Z   Using cached pygments-2.19.2-py3-none-any.whl.metadata (2.5 kB)
2025-08-21T00:21:17.6871068Z Collecting sniffio>=1.1 (from anyio->httpx<0.29,>=0.27->-r requirements-dev.txt (line 16))
2025-08-21T00:21:17.6882160Z   Using cached sniffio-1.3.1-py3-none-any.whl.metadata (3.9 kB)
2025-08-21T00:21:18.1061259Z Collecting botocore<1.41.0,>=1.40.14 (from boto3->-r requirements-dev.txt (line 8))
2025-08-21T00:21:18.1074363Z   Using cached botocore-1.40.14-py3-none-any.whl.metadata (5.7 kB)
2025-08-21T00:21:18.1199766Z Collecting jmespath<2.0.0,>=0.7.1 (from boto3->-r requirements-dev.txt (line 8))
2025-08-21T00:21:18.1211052Z   Using cached jmespath-1.0.1-py3-none-any.whl.metadata (7.6 kB)
2025-08-21T00:21:18.1375845Z Collecting s3transfer<0.14.0,>=0.13.0 (from boto3->-r requirements-dev.txt (line 8))
2025-08-21T00:21:18.1387257Z   Using cached s3transfer-0.13.1-py3-none-any.whl.metadata (1.7 kB)
2025-08-21T00:21:18.2744722Z Collecting fastapi-cli>=0.0.8 (from fastapi-cli[standard]>=0.0.8; extra == "all"->fastapi[all]->-r requirements-dev.txt (line 14))
2025-08-21T00:21:18.2755876Z   Using cached fastapi_cli-0.0.8-py3-none-any.whl.metadata (6.3 kB)
2025-08-21T00:21:18.3540525Z Collecting ujson!=4.0.2,!=4.1.0,!=4.2.0,!=4.3.0,!=5.0.0,!=5.1.0,>=4.0.1 (from fastapi[all]->-r requirements-dev.txt (line 14))
2025-08-21T00:21:18.3552469Z   Using cached ujson-5.11.0-cp312-cp312-manylinux_2_24_x86_64.manylinux_2_28_x86_64.whl.metadata (9.4 kB)
2025-08-21T00:21:18.5888526Z Collecting orjson>=3.2.1 (from fastapi[all]->-r requirements-dev.txt (line 14))
2025-08-21T00:21:18.5902253Z   Using cached orjson-3.11.2-cp312-cp312-manylinux_2_17_x86_64.manylinux2014_x86_64.whl.metadata (1.2 kB)
2025-08-21T00:21:18.6015433Z Collecting email-validator>=2.0.0 (from fastapi[all]->-r requirements-dev.txt (line 14))
2025-08-21T00:21:18.6027061Z   Using cached email_validator-2.2.0-py3-none-any.whl.metadata (25 kB)
2025-08-21T00:21:18.6311603Z Collecting uvicorn>=0.12.0 (from uvicorn[standard]>=0.12.0; extra == "all"->fastapi[all]->-r requirements-dev.txt (line 14))
2025-08-21T00:21:18.6322502Z   Using cached uvicorn-0.35.0-py3-none-any.whl.metadata (6.5 kB)
2025-08-21T00:21:18.6475242Z Collecting pydantic-settings>=2.0.0 (from fastapi[all]->-r requirements-dev.txt (line 14))
2025-08-21T00:21:18.6486300Z   Using cached pydantic_settings-2.10.1-py3-none-any.whl.metadata (3.4 kB)
2025-08-21T00:21:18.6607975Z Collecting pydantic-extra-types>=2.0.0 (from fastapi[all]->-r requirements-dev.txt (line 14))
2025-08-21T00:21:18.6619239Z   Using cached pydantic_extra_types-2.10.5-py3-none-any.whl.metadata (3.9 kB)
2025-08-21T00:21:18.7270670Z Collecting prompt-toolkit>=3.0.36 (from click-repl>=0.2.0->celery==5.5.3->-r requirements-dev.txt (line 12))
2025-08-21T00:21:18.7281949Z   Using cached prompt_toolkit-3.0.51-py3-none-any.whl.metadata (6.4 kB)
2025-08-21T00:21:18.7460696Z Collecting dnspython>=2.0.0 (from email-validator>=2.0.0->fastapi[all]->-r requirements-dev.txt (line 14))
2025-08-21T00:21:18.7471396Z   Using cached dnspython-2.7.0-py3-none-any.whl.metadata (5.8 kB)
2025-08-21T00:21:18.7746602Z Collecting typer>=0.15.1 (from fastapi-cli>=0.0.8->fastapi-cli[standard]>=0.0.8; extra == "all"->fastapi[all]->-r requirements-dev.txt (line 14))
2025-08-21T00:21:18.7757140Z   Using cached typer-0.16.1-py3-none-any.whl.metadata (15 kB)
2025-08-21T00:21:18.8033739Z Collecting rich-toolkit>=0.14.8 (from fastapi-cli>=0.0.8->fastapi-cli[standard]>=0.0.8; extra == "all"->fastapi[all]->-r requirements-dev.txt (line 14))
2025-08-21T00:21:18.8044178Z   Using cached rich_toolkit-0.15.0-py3-none-any.whl.metadata (1.0 kB)
2025-08-21T00:21:18.8187547Z Collecting fastapi-cloud-cli>=0.1.1 (from fastapi-cli[standard]>=0.0.8; extra == "all"->fastapi[all]->-r requirements-dev.txt (line 14))
2025-08-21T00:21:18.8198343Z   Using cached fastapi_cloud_cli-0.1.5-py3-none-any.whl.metadata (3.2 kB)
2025-08-21T00:21:18.8938104Z Collecting rignore>=0.5.1 (from fastapi-cloud-cli>=0.1.1->fastapi-cli[standard]>=0.0.8; extra == "all"->fastapi[all]->-r requirements-dev.txt (line 14))
2025-08-21T00:21:18.8948763Z   Using cached rignore-0.6.4-cp312-cp312-manylinux_2_17_x86_64.manylinux2014_x86_64.whl.metadata (3.8 kB)
2025-08-21T00:21:18.9673481Z Collecting sentry-sdk>=2.20.0 (from fastapi-cloud-cli>=0.1.1->fastapi-cli[standard]>=0.0.8; extra == "all"->fastapi[all]->-r requirements-dev.txt (line 14))
2025-08-21T00:21:18.9684114Z   Using cached sentry_sdk-2.35.0-py2.py3-none-any.whl.metadata (10 kB)
2025-08-21T00:21:19.0580193Z Collecting psutil>=4.0.0 (from mirakuru>=2.6.0->pytest-postgresql==7.0.2->-r requirements-dev.txt (line 30))
2025-08-21T00:21:19.0591992Z   Using cached psutil-7.0.0-cp36-abi3-manylinux_2_12_x86_64.manylinux2010_x86_64.manylinux_2_17_x86_64.manylinux2014_x86_64.whl.metadata (22 kB)
2025-08-21T00:21:19.0898596Z Collecting wcwidth (from prompt-toolkit>=3.0.36->click-repl>=0.2.0->celery==5.5.3->-r requirements-dev.txt (line 12))
2025-08-21T00:21:19.0909368Z   Using cached wcwidth-0.2.13-py2.py3-none-any.whl.metadata (14 kB)
2025-08-21T00:21:19.1977012Z Collecting rich>=13.7.1 (from rich-toolkit>=0.14.8->fastapi-cli>=0.0.8->fastapi-cli[standard]>=0.0.8; extra == "all"->fastapi[all]->-r requirements-dev.txt (line 14))
2025-08-21T00:21:19.1987677Z   Using cached rich-14.1.0-py3-none-any.whl.metadata (18 kB)
2025-08-21T00:21:19.2163733Z Collecting markdown-it-py>=2.2.0 (from rich>=13.7.1->rich-toolkit>=0.14.8->fastapi-cli>=0.0.8->fastapi-cli[standard]>=0.0.8; extra == "all"->fastapi[all]->-r requirements-dev.txt (line 14))
2025-08-21T00:21:19.2174386Z   Using cached markdown_it_py-4.0.0-py3-none-any.whl.metadata (7.3 kB)
2025-08-21T00:21:19.2376307Z Collecting mdurl~=0.1 (from markdown-it-py>=2.2.0->rich>=13.7.1->rich-toolkit>=0.14.8->fastapi-cli>=0.0.8->fastapi-cli[standard]>=0.0.8; extra == "all"->fastapi[all]->-r requirements-dev.txt (line 14))
2025-08-21T00:21:19.2387761Z   Using cached mdurl-0.1.2-py3-none-any.whl.metadata (1.6 kB)
2025-08-21T00:21:19.3072150Z Collecting shellingham>=1.3.0 (from typer>=0.15.1->fastapi-cli>=0.0.8->fastapi-cli[standard]>=0.0.8; extra == "all"->fastapi[all]->-r requirements-dev.txt (line 14))
2025-08-21T00:21:19.3083153Z   Using cached shellingham-1.5.4-py2.py3-none-any.whl.metadata (3.5 kB)
2025-08-21T00:21:19.3787615Z Collecting httptools>=0.6.3 (from uvicorn[standard]>=0.12.0; extra == "all"->fastapi[all]->-r requirements-dev.txt (line 14))
2025-08-21T00:21:19.3799929Z   Using cached httptools-0.6.4-cp312-cp312-manylinux_2_5_x86_64.manylinux1_x86_64.manylinux_2_17_x86_64.manylinux2014_x86_64.whl.metadata (3.6 kB)
2025-08-21T00:21:19.4205331Z Collecting uvloop>=0.15.1 (from uvicorn[standard]>=0.12.0; extra == "all"->fastapi[all]->-r requirements-dev.txt (line 14))
2025-08-21T00:21:19.4217348Z   Using cached uvloop-0.21.0-cp312-cp312-manylinux_2_17_x86_64.manylinux2014_x86_64.whl.metadata (4.9 kB)
2025-08-21T00:21:19.4905457Z Collecting watchfiles>=0.13 (from uvicorn[standard]>=0.12.0; extra == "all"->fastapi[all]->-r requirements-dev.txt (line 14))
2025-08-21T00:21:19.4917408Z   Using cached watchfiles-1.1.0-cp312-cp312-manylinux_2_17_x86_64.manylinux2014_x86_64.whl.metadata (4.9 kB)
2025-08-21T00:21:19.5731134Z Collecting websockets>=10.4 (from uvicorn[standard]>=0.12.0; extra == "all"->fastapi[all]->-r requirements-dev.txt (line 14))
2025-08-21T00:21:19.5743367Z   Using cached websockets-15.0.1-cp312-cp312-manylinux_2_5_x86_64.manylinux1_x86_64.manylinux_2_17_x86_64.manylinux2014_x86_64.whl.metadata (6.8 kB)
2025-08-21T00:21:19.7450158Z Collecting argon2-cffi-bindings (from argon2-cffi->minio==7.*->-r requirements-dev.txt (line 10))
2025-08-21T00:21:19.7462449Z   Using cached argon2_cffi_bindings-25.1.0-cp39-abi3-manylinux_2_26_x86_64.manylinux_2_28_x86_64.whl.metadata (7.4 kB)
2025-08-21T00:21:19.8458221Z Collecting cffi>=1.0.1 (from argon2-cffi-bindings->argon2-cffi->minio==7.*->-r requirements-dev.txt (line 10))
2025-08-21T00:21:19.8470555Z   Using cached cffi-1.17.1-cp312-cp312-manylinux_2_17_x86_64.manylinux2014_x86_64.whl.metadata (1.5 kB)
2025-08-21T00:21:19.8590983Z Collecting pycparser (from cffi>=1.0.1->argon2-cffi-bindings->argon2-cffi->minio==7.*->-r requirements-dev.txt (line 10))
2025-08-21T00:21:19.8602293Z   Using cached pycparser-2.22-py3-none-any.whl.metadata (943 bytes)
2025-08-21T00:21:19.9226229Z Using cached jinja2-3.1.6-py3-none-any.whl (134 kB)
2025-08-21T00:21:19.9239264Z Using cached alembic-1.16.4-py3-none-any.whl (247 kB)
2025-08-21T00:21:19.9251925Z Using cached APScheduler-3.10.4-py3-none-any.whl (59 kB)
2025-08-21T00:21:19.9263234Z Using cached asgi_correlation_id-4.3.1-py3-none-any.whl (15 kB)
2025-08-21T00:21:19.9274621Z Using cached asyncpg-0.30.0-cp312-cp312-manylinux_2_17_x86_64.manylinux2014_x86_64.whl (3.6 MB)
2025-08-21T00:21:19.9311671Z Using cached black-25.1.0-cp312-cp312-manylinux_2_17_x86_64.manylinux2014_x86_64.manylinux_2_28_x86_64.whl (1.8 MB)
2025-08-21T00:21:19.9335159Z Using cached vulture-2.10-py2.py3-none-any.whl (27 kB)
2025-08-21T00:21:19.9346244Z Using cached celery-5.5.3-py3-none-any.whl (438 kB)
2025-08-21T00:21:19.9360195Z Using cached fastapi-0.116.1-py3-none-any.whl (95 kB)
2025-08-21T00:21:19.9371839Z Using cached pydantic-2.11.7-py3-none-any.whl (444 kB)
2025-08-21T00:21:19.9385827Z Using cached fastapi_limiter-0.1.6-py3-none-any.whl (15 kB)
2025-08-21T00:21:19.9397138Z Using cached IMAPClient-3.0.1-py2.py3-none-any.whl (182 kB)
2025-08-21T00:21:19.9409581Z Using cached mypy_extensions-1.1.0-py3-none-any.whl (5.0 kB)
2025-08-21T00:21:19.9420615Z Using cached openpyxl-3.1.5-py2.py3-none-any.whl (250 kB)
2025-08-21T00:21:19.9433747Z Using cached psycopg2_binary-2.9.10-cp312-cp312-manylinux_2_17_x86_64.manylinux2014_x86_64.whl (3.0 MB)
2025-08-21T00:21:19.9467184Z Using cached psycopg-3.2.9-py3-none-any.whl (202 kB)
2025-08-21T00:21:19.9479577Z Using cached pytest_asyncio-1.1.0-py3-none-any.whl (15 kB)
2025-08-21T00:21:19.9490702Z Using cached pytest_cov-6.2.1-py3-none-any.whl (24 kB)
2025-08-21T00:21:19.9501907Z Using cached pytest_postgresql-7.0.2-py3-none-any.whl (41 kB)
2025-08-21T00:21:19.9513167Z Using cached python_telegram_bot-22.3-py3-none-any.whl (717 kB)
2025-08-21T00:21:19.9529221Z Using cached requests-2.32.4-py3-none-any.whl (64 kB)
2025-08-21T00:21:19.9540590Z Using cached respx-0.22.0-py2.py3-none-any.whl (25 kB)
2025-08-21T00:21:19.9552159Z Using cached ruff-0.9.9-py3-none-manylinux_2_17_x86_64.manylinux2014_x86_64.whl (11.2 MB)
2025-08-21T00:21:19.9642248Z Using cached sqlalchemy-2.0.43-cp312-cp312-manylinux_2_17_x86_64.manylinux2014_x86_64.whl (3.3 MB)
2025-08-21T00:21:19.9676853Z Using cached structlog-24.1.0-py3-none-any.whl (65 kB)
2025-08-21T00:21:19.9688219Z Using cached testcontainers-4.12.0-py3-none-any.whl (111 kB)
2025-08-21T00:21:19.9700281Z Using cached types_requests-2.32.4.20250809-py3-none-any.whl (20 kB)
2025-08-21T00:21:19.9711825Z Using cached docspec_python-2.2.2-py3-none-any.whl (15 kB)
2025-08-21T00:21:19.9722872Z Using cached pydoc_markdown-4.8.2-py3-none-any.whl (67 kB)
2025-08-21T00:21:19.9734108Z Using cached docspec-2.2.1-py3-none-any.whl (9.8 kB)
2025-08-21T00:21:19.9745587Z Using cached psycopg_binary-3.2.9-cp312-cp312-manylinux_2_17_x86_64.manylinux2014_x86_64.whl (4.4 MB)
2025-08-21T00:21:19.9787854Z Using cached pydantic_core-2.33.2-cp312-cp312-manylinux_2_17_x86_64.manylinux2014_x86_64.whl (2.0 MB)
2025-08-21T00:21:19.9812773Z Using cached redis-6.4.0-py3-none-any.whl (279 kB)
2025-08-21T00:21:19.9826285Z Using cached minio-7.2.16-py3-none-any.whl (95 kB)
2025-08-21T00:21:19.9837952Z Using cached httpx-0.28.1-py3-none-any.whl (73 kB)
2025-08-21T00:21:19.9849861Z Using cached mypy-1.17.1-cp312-cp312-manylinux2014_x86_64.manylinux_2_17_x86_64.manylinux_2_28_x86_64.whl (12.7 MB)
2025-08-21T00:21:19.9950636Z Using cached numpy-1.26.4-cp312-cp312-manylinux_2_17_x86_64.manylinux2014_x86_64.whl (18.0 MB)
2025-08-21T00:21:20.0086956Z Using cached pandas-2.2.3-cp312-cp312-manylinux_2_17_x86_64.manylinux2014_x86_64.whl (12.7 MB)
2025-08-21T00:21:20.0188053Z Using cached pandera-0.19.3-py3-none-any.whl (251 kB)
2025-08-21T00:21:20.0200722Z Using cached billiard-4.2.1-py3-none-any.whl (86 kB)
2025-08-21T00:21:20.0212671Z Using cached charset_normalizer-3.4.3-cp312-cp312-manylinux2014_x86_64.manylinux_2_17_x86_64.manylinux_2_28_x86_64.whl (151 kB)
2025-08-21T00:21:20.0224235Z Using cached click-8.2.1-py3-none-any.whl (102 kB)
2025-08-21T00:21:20.0236216Z Using cached databind.core-4.5.2-py3-none-any.whl (1.5 kB)
2025-08-21T00:21:20.0247768Z Using cached databind-4.5.2-py3-none-any.whl (49 kB)
2025-08-21T00:21:20.0259400Z Using cached databind.json-4.5.2-py3-none-any.whl (1.5 kB)
2025-08-21T00:21:20.0270745Z Using cached Deprecated-1.2.18-py2.py3-none-any.whl (10.0 kB)
2025-08-21T00:21:20.0281845Z Using cached httpcore-1.0.9-py3-none-any.whl (78 kB)
2025-08-21T00:21:20.0293379Z Using cached idna-3.10-py3-none-any.whl (70 kB)
2025-08-21T00:21:20.0304741Z Using cached kombu-5.5.4-py3-none-any.whl (210 kB)
2025-08-21T00:21:20.0316977Z Using cached vine-5.1.0-py3-none-any.whl (9.6 kB)
2025-08-21T00:21:20.0328009Z Using cached amqp-5.3.1-py3-none-any.whl (50 kB)
2025-08-21T00:21:20.0339582Z Using cached multimethod-1.10-py3-none-any.whl (9.9 kB)
2025-08-21T00:21:20.0350647Z Using cached nr_date-2.1.0-py3-none-any.whl (10 kB)
2025-08-21T00:21:20.0361826Z Using cached nr_stream-1.1.5-py3-none-any.whl (10 kB)
2025-08-21T00:21:20.0372952Z Using cached nr.util-0.8.12-py3-none-any.whl (90 kB)
2025-08-21T00:21:20.0384516Z Using cached pytest-8.4.1-py3-none-any.whl (365 kB)
2025-08-21T00:21:20.0398199Z Using cached pluggy-1.6.0-py3-none-any.whl (20 kB)
2025-08-21T00:21:20.0409730Z Using cached PyYAML-6.0.2-cp312-cp312-manylinux_2_17_x86_64.manylinux2014_x86_64.whl (767 kB)
2025-08-21T00:21:20.0426089Z Using cached starlette-0.47.2-py3-none-any.whl (72 kB)
2025-08-21T00:21:20.0437514Z Using cached anyio-4.10.0-py3-none-any.whl (107 kB)
2025-08-21T00:21:20.0449608Z Using cached tomli-2.2.1-cp312-cp312-manylinux_2_17_x86_64.manylinux2014_x86_64.whl (242 kB)
2025-08-21T00:21:20.0462106Z Using cached tomli_w-1.2.0-py3-none-any.whl (6.7 kB)
2025-08-21T00:21:20.0473082Z Using cached typeapi-2.2.4-py3-none-any.whl (26 kB)
2025-08-21T00:21:20.0484326Z Using cached typing_extensions-4.14.1-py3-none-any.whl (43 kB)
2025-08-21T00:21:20.0495776Z Using cached urllib3-2.5.0-py3-none-any.whl (129 kB)
2025-08-21T00:21:20.0508064Z Using cached wrapt-1.17.3-cp312-cp312-manylinux1_x86_64.manylinux_2_28_x86_64.manylinux_2_5_x86_64.whl (88 kB)
2025-08-21T00:21:20.0519486Z Using cached boto3-1.40.14-py3-none-any.whl (140 kB)
2025-08-21T00:21:20.0531564Z Using cached botocore-1.40.14-py3-none-any.whl (14.0 MB)
2025-08-21T00:21:20.0640631Z Using cached jmespath-1.0.1-py3-none-any.whl (20 kB)
2025-08-21T00:21:20.0652458Z Using cached python_dateutil-2.9.0.post0-py2.py3-none-any.whl (229 kB)
2025-08-21T00:21:20.0665013Z Using cached s3transfer-0.13.1-py3-none-any.whl (85 kB)
2025-08-21T00:21:20.0676618Z Using cached itsdangerous-2.2.0-py3-none-any.whl (16 kB)
2025-08-21T00:21:20.0687805Z Using cached setuptools-80.9.0-py3-none-any.whl (1.2 MB)
2025-08-21T00:21:20.0707438Z Using cached python_dotenv-1.1.1-py3-none-any.whl (20 kB)
2025-08-21T00:21:20.0718689Z Using cached python_multipart-0.0.20-py3-none-any.whl (24 kB)
2025-08-21T00:21:20.0730046Z Using cached annotated_types-0.7.0-py3-none-any.whl (13 kB)
2025-08-21T00:21:20.0741185Z Using cached certifi-2025.8.3-py3-none-any.whl (161 kB)
2025-08-21T00:21:20.0753206Z Using cached click_didyoumean-0.3.1-py3-none-any.whl (3.6 kB)
2025-08-21T00:21:20.0764832Z Using cached click_plugins-1.1.1.2-py2.py3-none-any.whl (11 kB)
2025-08-21T00:21:20.0775677Z Using cached click_repl-0.3.0-py3-none-any.whl (10 kB)
2025-08-21T00:21:20.0787328Z Using cached coverage-7.10.4-cp312-cp312-manylinux1_x86_64.manylinux_2_28_x86_64.manylinux_2_5_x86_64.whl (251 kB)
2025-08-21T00:21:20.0800582Z Using cached email_validator-2.2.0-py3-none-any.whl (33 kB)
2025-08-21T00:21:20.0811797Z Using cached dnspython-2.7.0-py3-none-any.whl (313 kB)
2025-08-21T00:21:20.0824529Z Using cached fastapi_cli-0.0.8-py3-none-any.whl (10 kB)
2025-08-21T00:21:20.0835497Z Using cached fastapi_cloud_cli-0.1.5-py3-none-any.whl (18 kB)
2025-08-21T00:21:20.0846686Z Using cached greenlet-3.2.4-cp312-cp312-manylinux_2_24_x86_64.manylinux_2_28_x86_64.whl (607 kB)
2025-08-21T00:21:20.0862051Z Using cached h11-0.16.0-py3-none-any.whl (37 kB)
2025-08-21T00:21:20.0873243Z Using cached iniconfig-2.1.0-py3-none-any.whl (6.0 kB)
2025-08-21T00:21:20.0884422Z Using cached MarkupSafe-3.0.2-cp312-cp312-manylinux_2_17_x86_64.manylinux2014_x86_64.whl (23 kB)
2025-08-21T00:21:20.0894708Z Using cached mirakuru-2.6.1-py3-none-any.whl (26 kB)
2025-08-21T00:21:20.0905649Z Using cached orjson-3.11.2-cp312-cp312-manylinux_2_17_x86_64.manylinux2014_x86_64.whl (121 kB)
2025-08-21T00:21:20.0916814Z Using cached packaging-25.0-py3-none-any.whl (66 kB)
2025-08-21T00:21:20.0927852Z Using cached pathspec-0.12.1-py3-none-any.whl (31 kB)
2025-08-21T00:21:20.0938835Z Using cached platformdirs-4.3.8-py3-none-any.whl (18 kB)
2025-08-21T00:21:20.0950724Z Using cached port_for-0.7.4-py3-none-any.whl (21 kB)
2025-08-21T00:21:20.0962685Z Using cached prompt_toolkit-3.0.51-py3-none-any.whl (387 kB)
2025-08-21T00:21:20.0976514Z Using cached psutil-7.0.0-cp36-abi3-manylinux_2_12_x86_64.manylinux2010_x86_64.manylinux_2_17_x86_64.manylinux2014_x86_64.whl (277 kB)
2025-08-21T00:21:20.0988704Z Using cached pydantic_extra_types-2.10.5-py3-none-any.whl (38 kB)
2025-08-21T00:21:20.0999669Z Using cached pydantic_settings-2.10.1-py3-none-any.whl (45 kB)
2025-08-21T00:21:20.1010704Z Using cached pygments-2.19.2-py3-none-any.whl (1.2 MB)
2025-08-21T00:21:20.1030177Z Using cached pytz-2025.2-py2.py3-none-any.whl (509 kB)
2025-08-21T00:21:20.1044390Z Using cached rich_toolkit-0.15.0-py3-none-any.whl (29 kB)
2025-08-21T00:21:20.1055133Z Using cached rich-14.1.0-py3-none-any.whl (243 kB)
2025-08-21T00:21:20.1067289Z Using cached markdown_it_py-4.0.0-py3-none-any.whl (87 kB)
2025-08-21T00:21:20.1078326Z Using cached mdurl-0.1.2-py3-none-any.whl (10.0 kB)
2025-08-21T00:21:20.1089355Z Using cached rignore-0.6.4-cp312-cp312-manylinux_2_17_x86_64.manylinux2014_x86_64.whl (949 kB)
2025-08-21T00:21:20.1107042Z Using cached sentry_sdk-2.35.0-py2.py3-none-any.whl (363 kB)
2025-08-21T00:21:20.1120415Z Using cached six-1.17.0-py2.py3-none-any.whl (11 kB)
2025-08-21T00:21:20.1131112Z Using cached sniffio-1.3.1-py3-none-any.whl (10 kB)
2025-08-21T00:21:20.1141905Z Using cached typer-0.16.1-py3-none-any.whl (46 kB)
2025-08-21T00:21:20.1152679Z Using cached shellingham-1.5.4-py2.py3-none-any.whl (9.8 kB)
2025-08-21T00:21:20.1163132Z Using cached typing_inspect-0.9.0-py3-none-any.whl (8.8 kB)
2025-08-21T00:21:20.1173853Z Using cached typing_inspection-0.4.1-py3-none-any.whl (14 kB)
2025-08-21T00:21:20.1184547Z Using cached tzdata-2025.2-py2.py3-none-any.whl (347 kB)
2025-08-21T00:21:20.1197600Z Using cached tzlocal-5.3.1-py3-none-any.whl (18 kB)
2025-08-21T00:21:20.1208523Z Using cached ujson-5.11.0-cp312-cp312-manylinux_2_24_x86_64.manylinux_2_28_x86_64.whl (57 kB)
2025-08-21T00:21:20.1219404Z Using cached uvicorn-0.35.0-py3-none-any.whl (66 kB)
2025-08-21T00:21:20.1231184Z Using cached httptools-0.6.4-cp312-cp312-manylinux_2_5_x86_64.manylinux1_x86_64.manylinux_2_17_x86_64.manylinux2014_x86_64.whl (510 kB)
2025-08-21T00:21:20.1247363Z Using cached uvloop-0.21.0-cp312-cp312-manylinux_2_17_x86_64.manylinux2014_x86_64.whl (4.7 MB)
2025-08-21T00:21:20.1294398Z Using cached watchfiles-1.1.0-cp312-cp312-manylinux_2_17_x86_64.manylinux2014_x86_64.whl (452 kB)
2025-08-21T00:21:20.1308518Z Using cached websockets-15.0.1-cp312-cp312-manylinux_2_5_x86_64.manylinux1_x86_64.manylinux_2_17_x86_64.manylinux2014_x86_64.whl (182 kB)
2025-08-21T00:21:20.1320105Z Using cached yapf-0.43.0-py3-none-any.whl (256 kB)
2025-08-21T00:21:20.1332505Z Using cached argon2_cffi-25.1.0-py3-none-any.whl (14 kB)
2025-08-21T00:21:20.1343848Z Using cached argon2_cffi_bindings-25.1.0-cp39-abi3-manylinux_2_26_x86_64.manylinux_2_28_x86_64.whl (87 kB)
2025-08-21T00:21:20.1355103Z Using cached cffi-1.17.1-cp312-cp312-manylinux_2_17_x86_64.manylinux2014_x86_64.whl (479 kB)
2025-08-21T00:21:20.1368853Z Using cached docker-7.1.0-py3-none-any.whl (147 kB)
2025-08-21T00:21:20.1380749Z Using cached et_xmlfile-2.0.0-py3-none-any.whl (18 kB)
2025-08-21T00:21:20.1391388Z Using cached mako-1.3.10-py3-none-any.whl (78 kB)
2025-08-21T00:21:20.1402471Z Using cached pycparser-2.22-py3-none-any.whl (117 kB)
2025-08-21T00:21:20.1415457Z Using cached pycryptodome-3.23.0-cp37-abi3-manylinux_2_17_x86_64.manylinux2014_x86_64.whl (2.3 MB)
2025-08-21T00:21:20.1443909Z Using cached toml-0.10.2-py2.py3-none-any.whl (16 kB)
2025-08-21T00:21:20.1454566Z Using cached typeguard-4.4.4-py3-none-any.whl (34 kB)
2025-08-21T00:21:20.1465338Z Using cached watchdog-6.0.0-py3-none-manylinux2014_x86_64.whl (79 kB)
2025-08-21T00:21:20.1476351Z Using cached wcwidth-0.2.13-py2.py3-none-any.whl (34 kB)
2025-08-21T00:21:20.6209907Z Installing collected packages: wcwidth, pytz, wrapt, websockets, watchdog, vine, uvloop, urllib3, ujson, tzlocal, tzdata, typing-extensions, tomli_w, tomli, toml, structlog, sniffio, six, shellingham, setuptools, ruff, rignore, redis, PyYAML, python-multipart, python-dotenv, pygments, pycryptodome, pycparser, psycopg2-binary, psycopg-binary, psutil, prompt-toolkit, port-for, pluggy, platformdirs, pathspec, packaging, orjson, numpy, nr-stream, nr-date, mypy-extensions, multimethod, mdurl, MarkupSafe, jmespath, itsdangerous, iniconfig, imapclient, idna, httptools, h11, greenlet, et-xmlfile, docstring-parser, dnspython, coverage, click, charset_normalizer, certifi, billiard, asyncpg, annotated-types, yapf, vulture, uvicorn, typing-inspection, typing-inspect, types-requests, typeguard, typeapi, sqlalchemy, sentry-sdk, requests, python-dateutil, pytest, pydantic-core, psycopg, openpyxl, mypy, mirakuru, markdown-it-py, Mako, Jinja2, httpcore, email-validator, Deprecated, click-repl, click-plugins, click-didyoumean, cffi, black, apscheduler, anyio, amqp, watchfiles, starlette, rich, pytest-postgresql, pytest-cov, pytest-asyncio, pydantic, pandas, nr-util, kombu, httpx, docker, databind, botocore, argon2-cffi-bindings, alembic, typer, testcontainers, s3transfer, rich-toolkit, respx, python-telegram-bot, pydantic-settings, pydantic-extra-types, pandera, fastapi, databind.json, databind.core, celery, asgi-correlation-id, argon2-cffi, minio, fastapi-limiter, fastapi-cloud-cli, fastapi-cli, docspec, boto3, docspec-python, pydoc-markdown
2025-08-21T00:21:39.2747112Z 
2025-08-21T00:21:39.2868376Z Successfully installed Deprecated-1.2.18 Jinja2-3.1.6 Mako-1.3.10 MarkupSafe-3.0.2 PyYAML-6.0.2 alembic-1.16.4 amqp-5.3.1 annotated-types-0.7.0 anyio-4.10.0 apscheduler-3.10.4 argon2-cffi-25.1.0 argon2-cffi-bindings-25.1.0 asgi-correlation-id-4.3.1 asyncpg-0.30.0 billiard-4.2.1 black-25.1.0 boto3-1.40.14 botocore-1.40.14 celery-5.5.3 certifi-2025.8.3 cffi-1.17.1 charset_normalizer-3.4.3 click-8.2.1 click-didyoumean-0.3.1 click-plugins-1.1.1.2 click-repl-0.3.0 coverage-7.10.4 databind-4.5.2 databind.core-4.5.2 databind.json-4.5.2 dnspython-2.7.0 docker-7.1.0 docspec-2.2.1 docspec-python-2.2.2 docstring-parser-0.11 email-validator-2.2.0 et-xmlfile-2.0.0 fastapi-0.116.1 fastapi-cli-0.0.8 fastapi-cloud-cli-0.1.5 fastapi-limiter-0.1.6 greenlet-3.2.4 h11-0.16.0 httpcore-1.0.9 httptools-0.6.4 httpx-0.28.1 idna-3.10 imapclient-3.0.1 iniconfig-2.1.0 itsdangerous-2.2.0 jmespath-1.0.1 kombu-5.5.4 markdown-it-py-4.0.0 mdurl-0.1.2 minio-7.2.16 mirakuru-2.6.1 multimethod-1.10 mypy-1.17.1 mypy-extensions-1.1.0 nr-date-2.1.0 nr-stream-1.1.5 nr-util-0.8.12 numpy-1.26.4 openpyxl-3.1.5 orjson-3.11.2 packaging-25.0 pandas-2.2.3 pandera-0.19.3 pathspec-0.12.1 platformdirs-4.3.8 pluggy-1.6.0 port-for-0.7.4 prompt-toolkit-3.0.51 psutil-7.0.0 psycopg-3.2.9 psycopg-binary-3.2.9 psycopg2-binary-2.9.10 pycparser-2.22 pycryptodome-3.23.0 pydantic-2.11.7 pydantic-core-2.33.2 pydantic-extra-types-2.10.5 pydantic-settings-2.10.1 pydoc-markdown-4.8.2 pygments-2.19.2 pytest-8.4.1 pytest-asyncio-1.1.0 pytest-cov-6.2.1 pytest-postgresql-7.0.2 python-dateutil-2.9.0.post0 python-dotenv-1.1.1 python-multipart-0.0.20 python-telegram-bot-22.3 pytz-2025.2 redis-6.4.0 requests-2.32.4 respx-0.22.0 rich-14.1.0 rich-toolkit-0.15.0 rignore-0.6.4 ruff-0.9.9 s3transfer-0.13.1 sentry-sdk-2.35.0 setuptools-80.9.0 shellingham-1.5.4 six-1.17.0 sniffio-1.3.1 sqlalchemy-2.0.43 starlette-0.47.2 structlog-24.1.0 testcontainers-4.12.0 toml-0.10.2 tomli-2.2.1 tomli_w-1.2.0 typeapi-2.2.4 typeguard-4.4.4 typer-0.16.1 types-requests-2.32.4.20250809 typing-extensions-4.14.1 typing-inspect-0.9.0 typing-inspection-0.4.1 tzdata-2025.2 tzlocal-5.3.1 ujson-5.11.0 urllib3-2.5.0 uvicorn-0.35.0 uvloop-0.21.0 vine-5.1.0 vulture-2.10 watchdog-6.0.0 watchfiles-1.1.0 wcwidth-0.2.13 websockets-15.0.1 wrapt-1.17.3 yapf-0.43.0
2025-08-21T00:21:40.7245406Z Collecting keepa==1.3.15
2025-08-21T00:21:40.7257953Z   Using cached keepa-1.3.15-py3-none-any.whl.metadata (11 kB)
2025-08-21T00:21:40.7541421Z Collecting minio==7.1.15
2025-08-21T00:21:40.7553475Z   Using cached minio-7.1.15-py3-none-any.whl.metadata (4.2 kB)
2025-08-21T00:21:40.7579810Z Requirement already satisfied: numpy>=1.9.3 in /opt/hostedtoolcache/Python/3.12.11/x64/lib/python3.12/site-packages (from keepa==1.3.15) (1.26.4)
2025-08-21T00:21:40.7585165Z Requirement already satisfied: requests>=2.2 in /opt/hostedtoolcache/Python/3.12.11/x64/lib/python3.12/site-packages (from keepa==1.3.15) (2.32.4)
2025-08-21T00:21:40.7887920Z Collecting tqdm (from keepa==1.3.15)
2025-08-21T00:21:40.7899644Z   Using cached tqdm-4.67.1-py3-none-any.whl.metadata (57 kB)
2025-08-21T00:21:41.2634398Z Collecting aiohttp (from keepa==1.3.15)
2025-08-21T00:21:41.2648372Z   Using cached aiohttp-3.12.15-cp312-cp312-manylinux_2_17_x86_64.manylinux2014_x86_64.whl.metadata (7.7 kB)
2025-08-21T00:21:41.2684971Z Requirement already satisfied: pandas<=3.0 in /opt/hostedtoolcache/Python/3.12.11/x64/lib/python3.12/site-packages (from keepa==1.3.15) (2.2.3)
2025-08-21T00:21:41.2689163Z Requirement already satisfied: pydantic in /opt/hostedtoolcache/Python/3.12.11/x64/lib/python3.12/site-packages (from keepa==1.3.15) (2.11.7)
2025-08-21T00:21:41.2697042Z Requirement already satisfied: certifi in /opt/hostedtoolcache/Python/3.12.11/x64/lib/python3.12/site-packages (from minio==7.1.15) (2025.8.3)
2025-08-21T00:21:41.2700967Z Requirement already satisfied: urllib3 in /opt/hostedtoolcache/Python/3.12.11/x64/lib/python3.12/site-packages (from minio==7.1.15) (2.5.0)
2025-08-21T00:21:41.2758184Z Requirement already satisfied: python-dateutil>=2.8.2 in /opt/hostedtoolcache/Python/3.12.11/x64/lib/python3.12/site-packages (from pandas<=3.0->keepa==1.3.15) (2.9.0.post0)
2025-08-21T00:21:41.2765576Z Requirement already satisfied: pytz>=2020.1 in /opt/hostedtoolcache/Python/3.12.11/x64/lib/python3.12/site-packages (from pandas<=3.0->keepa==1.3.15) (2025.2)
2025-08-21T00:21:41.2770842Z Requirement already satisfied: tzdata>=2022.7 in /opt/hostedtoolcache/Python/3.12.11/x64/lib/python3.12/site-packages (from pandas<=3.0->keepa==1.3.15) (2025.2)
2025-08-21T00:21:41.2898299Z Requirement already satisfied: six>=1.5 in /opt/hostedtoolcache/Python/3.12.11/x64/lib/python3.12/site-packages (from python-dateutil>=2.8.2->pandas<=3.0->keepa==1.3.15) (1.17.0)
2025-08-21T00:21:41.2920122Z Requirement already satisfied: charset_normalizer<4,>=2 in /opt/hostedtoolcache/Python/3.12.11/x64/lib/python3.12/site-packages (from requests>=2.2->keepa==1.3.15) (3.4.3)
2025-08-21T00:21:41.2927718Z Requirement already satisfied: idna<4,>=2.5 in /opt/hostedtoolcache/Python/3.12.11/x64/lib/python3.12/site-packages (from requests>=2.2->keepa==1.3.15) (3.10)
2025-08-21T00:21:41.3180861Z Collecting aiohappyeyeballs>=2.5.0 (from aiohttp->keepa==1.3.15)
2025-08-21T00:21:41.3196410Z   Using cached aiohappyeyeballs-2.6.1-py3-none-any.whl.metadata (5.9 kB)
2025-08-21T00:21:41.3326293Z Collecting aiosignal>=1.4.0 (from aiohttp->keepa==1.3.15)
2025-08-21T00:21:41.3339395Z   Using cached aiosignal-1.4.0-py3-none-any.whl.metadata (3.7 kB)
2025-08-21T00:21:41.3523192Z Collecting attrs>=17.3.0 (from aiohttp->keepa==1.3.15)
2025-08-21T00:21:41.3537297Z   Using cached attrs-25.3.0-py3-none-any.whl.metadata (10 kB)
2025-08-21T00:21:41.4467012Z Collecting frozenlist>=1.1.1 (from aiohttp->keepa==1.3.15)
2025-08-21T00:21:41.4479735Z   Using cached frozenlist-1.7.0-cp312-cp312-manylinux_2_5_x86_64.manylinux1_x86_64.manylinux_2_17_x86_64.manylinux2014_x86_64.whl.metadata (18 kB)
2025-08-21T00:21:41.7275100Z Collecting multidict<7.0,>=4.5 (from aiohttp->keepa==1.3.15)
2025-08-21T00:21:41.7289822Z   Using cached multidict-6.6.4-cp312-cp312-manylinux2014_x86_64.manylinux_2_17_x86_64.manylinux_2_28_x86_64.whl.metadata (5.3 kB)
2025-08-21T00:21:41.8630399Z Collecting propcache>=0.2.0 (from aiohttp->keepa==1.3.15)
2025-08-21T00:21:41.8643256Z   Using cached propcache-0.3.2-cp312-cp312-manylinux_2_17_x86_64.manylinux2014_x86_64.whl.metadata (12 kB)
2025-08-21T00:21:42.5509112Z Collecting yarl<2.0,>=1.17.0 (from aiohttp->keepa==1.3.15)
2025-08-21T00:21:42.5522325Z   Using cached yarl-1.20.1-cp312-cp312-manylinux_2_17_x86_64.manylinux2014_x86_64.whl.metadata (73 kB)
2025-08-21T00:21:42.5734164Z Requirement already satisfied: typing-extensions>=4.2 in /opt/hostedtoolcache/Python/3.12.11/x64/lib/python3.12/site-packages (from aiosignal>=1.4.0->aiohttp->keepa==1.3.15) (4.14.1)
2025-08-21T00:21:42.5782165Z Requirement already satisfied: annotated-types>=0.6.0 in /opt/hostedtoolcache/Python/3.12.11/x64/lib/python3.12/site-packages (from pydantic->keepa==1.3.15) (0.7.0)
2025-08-21T00:21:42.5787161Z Requirement already satisfied: pydantic-core==2.33.2 in /opt/hostedtoolcache/Python/3.12.11/x64/lib/python3.12/site-packages (from pydantic->keepa==1.3.15) (2.33.2)
2025-08-21T00:21:42.5794387Z Requirement already satisfied: typing-inspection>=0.4.0 in /opt/hostedtoolcache/Python/3.12.11/x64/lib/python3.12/site-packages (from pydantic->keepa==1.3.15) (0.4.1)
2025-08-21T00:21:42.5854574Z Using cached keepa-1.3.15-py3-none-any.whl (38 kB)
2025-08-21T00:21:42.5865806Z Using cached minio-7.1.15-py3-none-any.whl (77 kB)
2025-08-21T00:21:42.5877579Z Using cached aiohttp-3.12.15-cp312-cp312-manylinux_2_17_x86_64.manylinux2014_x86_64.whl (1.7 MB)
2025-08-21T00:21:42.5901527Z Using cached multidict-6.6.4-cp312-cp312-manylinux2014_x86_64.manylinux_2_17_x86_64.manylinux_2_28_x86_64.whl (256 kB)
2025-08-21T00:21:42.5913353Z Using cached yarl-1.20.1-cp312-cp312-manylinux_2_17_x86_64.manylinux2014_x86_64.whl (355 kB)
2025-08-21T00:21:42.5926251Z Using cached aiohappyeyeballs-2.6.1-py3-none-any.whl (15 kB)
2025-08-21T00:21:42.5936834Z Using cached aiosignal-1.4.0-py3-none-any.whl (7.5 kB)
2025-08-21T00:21:42.5947287Z Using cached attrs-25.3.0-py3-none-any.whl (63 kB)
2025-08-21T00:21:42.5958813Z Using cached frozenlist-1.7.0-cp312-cp312-manylinux_2_5_x86_64.manylinux1_x86_64.manylinux_2_17_x86_64.manylinux2014_x86_64.whl (241 kB)
2025-08-21T00:21:42.5971087Z Using cached propcache-0.3.2-cp312-cp312-manylinux_2_17_x86_64.manylinux2014_x86_64.whl (224 kB)
2025-08-21T00:21:42.5983456Z Using cached tqdm-4.67.1-py3-none-any.whl (78 kB)
2025-08-21T00:21:42.7782681Z Installing collected packages: tqdm, propcache, multidict, minio, frozenlist, attrs, aiohappyeyeballs, yarl, aiosignal, aiohttp, keepa
2025-08-21T00:21:42.8512823Z   Attempting uninstall: minio
2025-08-21T00:21:42.8561496Z     Found existing installation: minio 7.2.16
2025-08-21T00:21:42.8597552Z     Uninstalling minio-7.2.16:
2025-08-21T00:21:42.8607683Z       Successfully uninstalled minio-7.2.16
2025-08-21T00:21:43.2145975Z 
2025-08-21T00:21:43.2264312Z Successfully installed aiohappyeyeballs-2.6.1 aiohttp-3.12.15 aiosignal-1.4.0 attrs-25.3.0 frozenlist-1.7.0 keepa-1.3.15 minio-7.1.15 multidict-6.6.4 propcache-0.3.2 tqdm-4.67.1 yarl-1.20.1
2025-08-21T00:21:43.3709178Z ##[group]Run ruff check .
2025-08-21T00:21:43.3709477Z [36;1mruff check .[0m
2025-08-21T00:21:43.3709696Z [36;1mruff format --check .[0m
2025-08-21T00:21:43.3709941Z [36;1mvulture[0m
2025-08-21T00:21:43.3750689Z shell: /usr/bin/bash -e {0}
2025-08-21T00:21:43.3750916Z env:
2025-08-21T00:21:43.3751123Z   REDIS_URL: redis://localhost:6379/0
2025-08-21T00:21:43.3751384Z   RATE_LIMIT_DEFAULT: 100/minute
2025-08-21T00:21:43.3751603Z   TRUST_X_FORWARDED: 1
2025-08-21T00:21:43.3751811Z   PG_USER: postgres
2025-08-21T00:21:43.3752000Z   PG_PASSWORD: pass
2025-08-21T00:21:43.3752174Z   PG_DATABASE: awa
2025-08-21T00:21:43.3752355Z   PG_HOST: localhost
2025-08-21T00:21:43.3752541Z   PG_PORT: 5432
2025-08-21T00:21:43.3752989Z   PG_SYNC_DSN: ***localhost:5432/awa
2025-08-21T00:21:43.3753384Z   PG_ASYNC_DSN: ***localhost:5432/awa
2025-08-21T00:21:43.3753761Z   DATABASE_URL: ***localhost:5432/awa
2025-08-21T00:21:43.3753992Z   DATA_DIR: /tmp/awa-data
2025-08-21T00:21:43.3754234Z   ENABLE_LIVE: 0
2025-08-21T00:21:43.3754402Z   TESTING: 1
2025-08-21T00:21:43.3754637Z   pythonLocation: /opt/hostedtoolcache/Python/3.12.11/x64
2025-08-21T00:21:43.3755040Z   PKG_CONFIG_PATH: /opt/hostedtoolcache/Python/3.12.11/x64/lib/pkgconfig
2025-08-21T00:21:43.3755440Z   Python_ROOT_DIR: /opt/hostedtoolcache/Python/3.12.11/x64
2025-08-21T00:21:43.3755786Z   Python2_ROOT_DIR: /opt/hostedtoolcache/Python/3.12.11/x64
2025-08-21T00:21:43.3756142Z   Python3_ROOT_DIR: /opt/hostedtoolcache/Python/3.12.11/x64
2025-08-21T00:21:43.3756500Z   LD_LIBRARY_PATH: /opt/hostedtoolcache/Python/3.12.11/x64/lib
2025-08-21T00:21:43.3756790Z ##[endgroup]
2025-08-21T00:21:43.4047297Z All checks passed!
2025-08-21T00:21:43.4272198Z 256 files already formatted
2025-08-21T00:21:43.4830818Z ##[group]Run for i in {1..30}; do pg_isready -h "$PG_HOST" -p "$PG_PORT" -U "$PG_USER" -d "$PG_DATABASE" && break; sleep 1; done
2025-08-21T00:21:43.4831478Z [36;1mfor i in {1..30}; do pg_isready -h "$PG_HOST" -p "$PG_PORT" -U "$PG_USER" -d "$PG_DATABASE" && break; sleep 1; done[0m
2025-08-21T00:21:43.4872267Z shell: /usr/bin/bash -e {0}
2025-08-21T00:21:43.4872498Z env:
2025-08-21T00:21:43.4872700Z   REDIS_URL: redis://localhost:6379/0
2025-08-21T00:21:43.4872969Z   RATE_LIMIT_DEFAULT: 100/minute
2025-08-21T00:21:43.4873198Z   TRUST_X_FORWARDED: 1
2025-08-21T00:21:43.4873393Z   PG_USER: postgres
2025-08-21T00:21:43.4873585Z   PG_PASSWORD: pass
2025-08-21T00:21:43.4873772Z   PG_DATABASE: awa
2025-08-21T00:21:43.4873950Z   PG_HOST: localhost
2025-08-21T00:21:43.4874138Z   PG_PORT: 5432
2025-08-21T00:21:43.4874588Z   PG_SYNC_DSN: ***localhost:5432/awa
2025-08-21T00:21:43.4874974Z   PG_ASYNC_DSN: ***localhost:5432/awa
2025-08-21T00:21:43.4875394Z   DATABASE_URL: ***localhost:5432/awa
2025-08-21T00:21:43.4875640Z   DATA_DIR: /tmp/awa-data
2025-08-21T00:21:43.4875845Z   ENABLE_LIVE: 0
2025-08-21T00:21:43.4876020Z   TESTING: 1
2025-08-21T00:21:43.4876252Z   pythonLocation: /opt/hostedtoolcache/Python/3.12.11/x64
2025-08-21T00:21:43.4876660Z   PKG_CONFIG_PATH: /opt/hostedtoolcache/Python/3.12.11/x64/lib/pkgconfig
2025-08-21T00:21:43.4877054Z   Python_ROOT_DIR: /opt/hostedtoolcache/Python/3.12.11/x64
2025-08-21T00:21:43.4877406Z   Python2_ROOT_DIR: /opt/hostedtoolcache/Python/3.12.11/x64
2025-08-21T00:21:43.4877756Z   Python3_ROOT_DIR: /opt/hostedtoolcache/Python/3.12.11/x64
2025-08-21T00:21:43.4878115Z   LD_LIBRARY_PATH: /opt/hostedtoolcache/Python/3.12.11/x64/lib
2025-08-21T00:21:43.4878415Z ##[endgroup]
2025-08-21T00:21:43.6303144Z localhost:5432 - accepting connections
2025-08-21T00:21:43.6337871Z ##[group]Run psql -h "$PG_HOST" -p "$PG_PORT" -U "$PG_USER" -d "$PG_DATABASE" -c "SELECT 1"
2025-08-21T00:21:43.6338399Z [36;1mpsql -h "$PG_HOST" -p "$PG_PORT" -U "$PG_USER" -d "$PG_DATABASE" -c "SELECT 1"[0m
2025-08-21T00:21:43.6379804Z shell: /usr/bin/bash -e {0}
2025-08-21T00:21:43.6380029Z env:
2025-08-21T00:21:43.6380242Z   REDIS_URL: redis://localhost:6379/0
2025-08-21T00:21:43.6380517Z   RATE_LIMIT_DEFAULT: 100/minute
2025-08-21T00:21:43.6380743Z   TRUST_X_FORWARDED: 1
2025-08-21T00:21:43.6380938Z   PG_USER: postgres
2025-08-21T00:21:43.6381159Z   PG_PASSWORD: pass
2025-08-21T00:21:43.6381346Z   PG_DATABASE: awa
2025-08-21T00:21:43.6381532Z   PG_HOST: localhost
2025-08-21T00:21:43.6381721Z   PG_PORT: 5432
2025-08-21T00:21:43.6382306Z   PG_SYNC_DSN: ***localhost:5432/awa
2025-08-21T00:21:43.6382740Z   PG_ASYNC_DSN: ***localhost:5432/awa
2025-08-21T00:21:43.6383126Z   DATABASE_URL: ***localhost:5432/awa
2025-08-21T00:21:43.6383368Z   DATA_DIR: /tmp/awa-data
2025-08-21T00:21:43.6383612Z   ENABLE_LIVE: 0
2025-08-21T00:21:43.6383800Z   TESTING: 1
2025-08-21T00:21:43.6384043Z   pythonLocation: /opt/hostedtoolcache/Python/3.12.11/x64
2025-08-21T00:21:43.6384446Z   PKG_CONFIG_PATH: /opt/hostedtoolcache/Python/3.12.11/x64/lib/pkgconfig
2025-08-21T00:21:43.6384842Z   Python_ROOT_DIR: /opt/hostedtoolcache/Python/3.12.11/x64
2025-08-21T00:21:43.6385208Z   Python2_ROOT_DIR: /opt/hostedtoolcache/Python/3.12.11/x64
2025-08-21T00:21:43.6385563Z   Python3_ROOT_DIR: /opt/hostedtoolcache/Python/3.12.11/x64
2025-08-21T00:21:43.6385915Z   LD_LIBRARY_PATH: /opt/hostedtoolcache/Python/3.12.11/x64/lib
2025-08-21T00:21:43.6386220Z   PGPASSWORD: pass
2025-08-21T00:21:43.6386411Z ##[endgroup]
2025-08-21T00:21:43.8330080Z  ?column? 
2025-08-21T00:21:43.8333513Z ----------
2025-08-21T00:21:43.8334281Z         1
2025-08-21T00:21:43.8334879Z (1 row)
2025-08-21T00:21:43.8344922Z 
2025-08-21T00:21:43.8378516Z ##[group]Run alembic -c services/api/alembic.ini upgrade head
2025-08-21T00:21:43.8379398Z [36;1malembic -c services/api/alembic.ini upgrade head[0m
2025-08-21T00:21:43.8429203Z shell: /usr/bin/bash -e {0}
2025-08-21T00:21:43.8429438Z env:
2025-08-21T00:21:43.8429643Z   REDIS_URL: redis://localhost:6379/0
2025-08-21T00:21:43.8430122Z   RATE_LIMIT_DEFAULT: 100/minute
2025-08-21T00:21:43.8430348Z   TRUST_X_FORWARDED: 1
2025-08-21T00:21:43.8430551Z   PG_USER: postgres
2025-08-21T00:21:43.8430753Z   PG_PASSWORD: pass
2025-08-21T00:21:43.8430932Z   PG_DATABASE: awa
2025-08-21T00:21:43.8431116Z   PG_HOST: localhost
2025-08-21T00:21:43.8431306Z   PG_PORT: 5432
2025-08-21T00:21:43.8431768Z   PG_SYNC_DSN: ***localhost:5432/awa
2025-08-21T00:21:43.8432210Z   PG_ASYNC_DSN: ***localhost:5432/awa
2025-08-21T00:21:43.8432614Z   DATABASE_URL: ***localhost:5432/awa
2025-08-21T00:21:43.8432855Z   DATA_DIR: /tmp/awa-data
2025-08-21T00:21:43.8433064Z   ENABLE_LIVE: 0
2025-08-21T00:21:43.8433278Z   TESTING: 1
2025-08-21T00:21:43.8433523Z   pythonLocation: /opt/hostedtoolcache/Python/3.12.11/x64
2025-08-21T00:21:43.8433929Z   PKG_CONFIG_PATH: /opt/hostedtoolcache/Python/3.12.11/x64/lib/pkgconfig
2025-08-21T00:21:43.8434328Z   Python_ROOT_DIR: /opt/hostedtoolcache/Python/3.12.11/x64
2025-08-21T00:21:43.8434698Z   Python2_ROOT_DIR: /opt/hostedtoolcache/Python/3.12.11/x64
2025-08-21T00:21:43.8435063Z   Python3_ROOT_DIR: /opt/hostedtoolcache/Python/3.12.11/x64
2025-08-21T00:21:43.8435447Z   LD_LIBRARY_PATH: /opt/hostedtoolcache/Python/3.12.11/x64/lib
2025-08-21T00:21:43.8435755Z ##[endgroup]
2025-08-21T00:21:44.6802520Z INFO  [alembic.runtime.migration] Context impl PostgresqlImpl.
2025-08-21T00:21:44.6803375Z INFO  [alembic.runtime.migration] Will assume transactional DDL.
2025-08-21T00:21:44.6992099Z INFO  [alembic.runtime.migration] Running upgrade  -> 0001_baseline
2025-08-21T00:21:44.7129868Z INFO  [alembic.runtime.migration] Running upgrade 0001_baseline -> 0002_create_roi_view
2025-08-21T00:21:44.7155806Z INFO  [alembic.runtime.migration] Running upgrade 0002_create_roi_view -> 3e9d5c5aff2c
2025-08-21T00:21:44.7324645Z INFO  [alembic.runtime.migration] Running upgrade 3e9d5c5aff2c -> 0003_vendor_prices
2025-08-21T00:21:44.7460764Z INFO  [alembic.runtime.migration] Running upgrade 0003_vendor_prices -> 0004_fee_cron
2025-08-21T00:21:44.7530640Z INFO  [alembic.runtime.migration] Running upgrade 0004_fee_cron -> 0006_fix_roi_views
2025-08-21T00:21:44.7562341Z INFO  [alembic.runtime.migration] Running upgrade 0006_fix_roi_views -> 0020_unified_schema
2025-08-21T00:21:44.7669458Z INFO  [alembic.runtime.migration] Running upgrade 0020_unified_schema -> 0022_fix_roi_view
2025-08-21T00:21:44.7732593Z INFO  [alembic.runtime.migration] Running upgrade 0022_fix_roi_view -> 0023_add_storage_fee
2025-08-21T00:21:44.7769637Z INFO  [alembic.runtime.migration] Running upgrade 0023_add_storage_fee -> 0024_create_buybox
2025-08-21T00:21:44.7790755Z INFO  [alembic.runtime.migration] Running upgrade 0024_create_buybox -> 0025_pr4_indexes_loadlog
2025-08-21T00:21:44.7986800Z INFO  [alembic.runtime.migration] Running upgrade 0025_pr4_indexes_loadlog -> 0026_amazon_new_reports
2025-08-21T00:21:44.8922608Z ##[group]Run python -m mypy services || true
2025-08-21T00:21:44.8922961Z [36;1mpython -m mypy services || true[0m
2025-08-21T00:21:44.8963408Z shell: /usr/bin/bash -e {0}
2025-08-21T00:21:44.8963640Z env:
2025-08-21T00:21:44.8963853Z   REDIS_URL: redis://localhost:6379/0
2025-08-21T00:21:44.8964119Z   RATE_LIMIT_DEFAULT: 100/minute
2025-08-21T00:21:44.8964336Z   TRUST_X_FORWARDED: 1
2025-08-21T00:21:44.8964534Z   PG_USER: postgres
2025-08-21T00:21:44.8964724Z   PG_PASSWORD: pass
2025-08-21T00:21:44.8964899Z   PG_DATABASE: awa
2025-08-21T00:21:44.8965084Z   PG_HOST: localhost
2025-08-21T00:21:44.8965298Z   PG_PORT: 5432
2025-08-21T00:21:44.8965774Z   PG_SYNC_DSN: ***localhost:5432/awa
2025-08-21T00:21:44.8966182Z   PG_ASYNC_DSN: ***localhost:5432/awa
2025-08-21T00:21:44.8966569Z   DATABASE_URL: ***localhost:5432/awa
2025-08-21T00:21:44.8966802Z   DATA_DIR: /tmp/awa-data
2025-08-21T00:21:44.8967005Z   ENABLE_LIVE: 0
2025-08-21T00:21:44.8967181Z   TESTING: 1
2025-08-21T00:21:44.8967459Z   pythonLocation: /opt/hostedtoolcache/Python/3.12.11/x64
2025-08-21T00:21:44.8967859Z   PKG_CONFIG_PATH: /opt/hostedtoolcache/Python/3.12.11/x64/lib/pkgconfig
2025-08-21T00:21:44.8968257Z   Python_ROOT_DIR: /opt/hostedtoolcache/Python/3.12.11/x64
2025-08-21T00:21:44.8968799Z   Python2_ROOT_DIR: /opt/hostedtoolcache/Python/3.12.11/x64
2025-08-21T00:21:44.8969421Z   Python3_ROOT_DIR: /opt/hostedtoolcache/Python/3.12.11/x64
2025-08-21T00:21:44.8969787Z   LD_LIBRARY_PATH: /opt/hostedtoolcache/Python/3.12.11/x64/lib
2025-08-21T00:21:44.8970085Z ##[endgroup]
2025-08-21T00:22:16.7366107Z Success: no issues found in 99 source files
2025-08-21T00:22:16.7760975Z ##[group]Run pytest -q --cov=services --cov-report=xml
2025-08-21T00:22:16.7761366Z [36;1mpytest -q --cov=services --cov-report=xml[0m
2025-08-21T00:22:16.7801942Z shell: /usr/bin/bash -e {0}
2025-08-21T00:22:16.7802165Z env:
2025-08-21T00:22:16.7802368Z   REDIS_URL: redis://localhost:6379/0
2025-08-21T00:22:16.7802634Z   RATE_LIMIT_DEFAULT: 100/minute
2025-08-21T00:22:16.7802855Z   TRUST_X_FORWARDED: 1
2025-08-21T00:22:16.7803053Z   PG_USER: postgres
2025-08-21T00:22:16.7803251Z   PG_PASSWORD: pass
2025-08-21T00:22:16.7803430Z   PG_DATABASE: awa
2025-08-21T00:22:16.7803629Z   PG_HOST: localhost
2025-08-21T00:22:16.7803814Z   PG_PORT: 5432
2025-08-21T00:22:16.7804244Z   PG_SYNC_DSN: ***localhost:5432/awa
2025-08-21T00:22:16.7804739Z   PG_ASYNC_DSN: ***localhost:5432/awa
2025-08-21T00:22:16.7805124Z   DATABASE_URL: ***localhost:5432/awa
2025-08-21T00:22:16.7805357Z   DATA_DIR: /tmp/awa-data
2025-08-21T00:22:16.7805557Z   ENABLE_LIVE: 0
2025-08-21T00:22:16.7805729Z   TESTING: 1
2025-08-21T00:22:16.7805988Z   pythonLocation: /opt/hostedtoolcache/Python/3.12.11/x64
2025-08-21T00:22:16.7806378Z   PKG_CONFIG_PATH: /opt/hostedtoolcache/Python/3.12.11/x64/lib/pkgconfig
2025-08-21T00:22:16.7806764Z   Python_ROOT_DIR: /opt/hostedtoolcache/Python/3.12.11/x64
2025-08-21T00:22:16.7807126Z   Python2_ROOT_DIR: /opt/hostedtoolcache/Python/3.12.11/x64
2025-08-21T00:22:16.7807476Z   Python3_ROOT_DIR: /opt/hostedtoolcache/Python/3.12.11/x64
2025-08-21T00:22:16.7807824Z   LD_LIBRARY_PATH: /opt/hostedtoolcache/Python/3.12.11/x64/lib
2025-08-21T00:22:16.7808117Z ##[endgroup]
2025-08-21T00:22:54.9450015Z ........s.............................sssssss........................... [ 41%]
2025-08-21T00:23:26.8658218Z ........................................................................ [ 83%]
2025-08-21T00:23:28.1253056Z .............................                                            [100%]
2025-08-21T00:23:28.1253836Z =============================== warnings summary ===============================
2025-08-21T00:23:28.1254876Z ../../../../../opt/hostedtoolcache/Python/3.12.11/x64/lib/python3.12/site-packages/pydantic/fields.py:1093
2025-08-21T00:23:28.1258093Z   /opt/hostedtoolcache/Python/3.12.11/x64/lib/python3.12/site-packages/pydantic/fields.py:1093: PydanticDeprecatedSince20: Using extra keyword arguments on `Field` is deprecated and will be removed. Use `json_schema_extra` instead. (Extra keys: 'strip_whitespace'). Deprecated in Pydantic V2.0 to be removed in V3.0. See Pydantic V2 Migration Guide at https://errors.pydantic.dev/2.11/migration/
2025-08-21T00:23:28.1261320Z     warn(
2025-08-21T00:23:28.1261548Z 
2025-08-21T00:23:28.1261778Z services/alert_bot/tests/test_smoke.py:5
2025-08-21T00:23:28.1264378Z   /home/runner/work/AWA-App/AWA-App/services/alert_bot/tests/test_smoke.py:5: UserWarning: pkg_resources is deprecated as an API. See https://setuptools.pypa.io/en/latest/pkg_resources.html. The pkg_resources package is slated for removal as early as 2025-11-30. Refrain from using this package or pin to Setuptools<81.
2025-08-21T00:23:28.1266536Z     import pkg_resources  # noqa: F401
2025-08-21T00:23:28.1266897Z 
2025-08-21T00:23:28.1267115Z tests/api/test_ingest_endpoints.py: 12 warnings
2025-08-21T00:23:28.1267714Z tests/ingest/test_tasks_eager.py: 3 warnings
2025-08-21T00:23:28.1268268Z tests/test_api_fast.py: 1 warning
2025-08-21T00:23:28.1268735Z tests/test_health.py: 5 warnings
2025-08-21T00:23:28.1269416Z tests/test_smoke.py: 5 warnings
2025-08-21T00:23:28.1269895Z services/api/tests/test_cors.py: 1 warning
2025-08-21T00:23:28.1270505Z services/api/tests/test_errors_json.py: 2 warnings
2025-08-21T00:23:28.1271565Z services/api/tests/test_health.py: 1 warning
2025-08-21T00:23:28.1272187Z services/api/tests/test_rate_limit.py: 122 warnings
2025-08-21T00:23:28.1272861Z services/api/tests/test_roi_basic_auth.py: 4 warnings
2025-08-21T00:23:28.1273540Z services/api/tests/test_sentry_event.py: 1 warning
2025-08-21T00:23:28.1274257Z services/api/tests/test_stats_contracts.py: 3 warnings
2025-08-21T00:23:28.1275356Z services/api/tests/test_stats_future_contracts.py: 3 warnings
2025-08-21T00:23:28.1278036Z   /opt/hostedtoolcache/Python/3.12.11/x64/lib/python3.12/site-packages/asgi_correlation_id/extensions/sentry.py:27: DeprecationWarning: sentry_sdk.configure_scope is deprecated and will be removed in the next major version. Please consult our migration guide to learn how to migrate to the new API: https://docs.sentry.io/platforms/python/migration/1.x-to-2.x#scope-configuring
2025-08-21T00:23:28.1279865Z     with configure_scope() as scope:
2025-08-21T00:23:28.1280040Z 
2025-08-21T00:23:28.1280175Z tests/api/test_ingest_endpoints.py: 3 warnings
2025-08-21T00:23:28.1280460Z tests/test_api_fast.py: 1 warning
2025-08-21T00:23:28.1280690Z tests/test_health.py: 5 warnings
2025-08-21T00:23:28.1280918Z tests/test_smoke.py: 5 warnings
2025-08-21T00:23:28.1281160Z services/api/tests/test_cors.py: 3 warnings
2025-08-21T00:23:28.1281447Z services/api/tests/test_errors_json.py: 2 warnings
2025-08-21T00:23:28.1281749Z services/api/tests/test_health.py: 1 warning
2025-08-21T00:23:28.1282036Z services/api/tests/test_rate_limit.py: 2 warnings
2025-08-21T00:23:28.1282335Z services/api/tests/test_sentry_event.py: 1 warning
2025-08-21T00:23:28.1282653Z services/api/tests/test_stats_contracts.py: 3 warnings
2025-08-21T00:23:28.1283011Z services/api/tests/test_stats_future_contracts.py: 1 warning
2025-08-21T00:23:28.1283869Z   /opt/hostedtoolcache/Python/3.12.11/x64/lib/python3.12/site-packages/fastapi_limiter/__init__.py:89: DeprecationWarning: Call to deprecated close. (Use aclose() instead) -- Deprecated since version 5.0.1.
2025-08-21T00:23:28.1284639Z     await cls.redis.close()
2025-08-21T00:23:28.1284782Z 
2025-08-21T00:23:28.1284995Z tests/test_api_fast.py::test_health_endpoint
2025-08-21T00:23:28.1285995Z   /home/runner/work/AWA-App/AWA-App/tests/test_api_fast.py:13: DeprecationWarning: datetime.datetime.utcnow() is deprecated and scheduled for removal in a future version. Use timezone-aware objects to represent datetimes in UTC: datetime.datetime.now(datetime.UTC).
2025-08-21T00:23:28.1286966Z     return datetime.datetime.utcnow()
2025-08-21T00:23:28.1287137Z 
2025-08-21T00:23:28.1287224Z tests/test_api_fast.py: 1 warning
2025-08-21T00:23:28.1287459Z tests/test_health.py: 5 warnings
2025-08-21T00:23:28.1287685Z tests/test_smoke.py: 5 warnings
2025-08-21T00:23:28.1287915Z services/api/tests/test_cors.py: 1 warning
2025-08-21T00:23:28.1288190Z services/api/tests/test_health.py: 1 warning
2025-08-21T00:23:28.1288479Z services/api/tests/test_rate_limit.py: 102 warnings
2025-08-21T00:23:28.1289724Z   /home/runner/work/AWA-App/AWA-App/services/api/routes/health.py:24: DeprecationWarning: datetime.datetime.utcnow() is deprecated and scheduled for removal in a future version. Use timezone-aware objects to represent datetimes in UTC: datetime.datetime.now(datetime.UTC).
2025-08-21T00:23:28.1290762Z     app_now = datetime.utcnow().replace(tzinfo=timezone.utc)
2025-08-21T00:23:28.1290984Z 
2025-08-21T00:23:28.1291084Z tests/test_health.py::test_health[0]
2025-08-21T00:23:28.1291333Z tests/test_health.py::test_health[1]
2025-08-21T00:23:28.1291569Z tests/test_health.py::test_health[2]
2025-08-21T00:23:28.1291977Z tests/test_health.py::test_health[3]
2025-08-21T00:23:28.1292427Z tests/test_health.py::test_health[4]
2025-08-21T00:23:28.1294192Z   /home/runner/work/AWA-App/AWA-App/tests/test_health.py:22: DeprecationWarning: datetime.datetime.utcnow() is deprecated and scheduled for removal in a future version. Use timezone-aware objects to represent datetimes in UTC: datetime.datetime.now(datetime.UTC).
2025-08-21T00:23:28.1296255Z     return datetime.datetime.utcnow()
2025-08-21T00:23:28.1296582Z 
2025-08-21T00:23:28.1296756Z tests/test_smoke.py::test_health[0]
2025-08-21T00:23:28.1297207Z tests/test_smoke.py::test_health[1]
2025-08-21T00:23:28.1297656Z tests/test_smoke.py::test_health[2]
2025-08-21T00:23:28.1298136Z tests/test_smoke.py::test_health[3]
2025-08-21T00:23:28.1298595Z tests/test_smoke.py::test_health[4]
2025-08-21T00:23:28.1300742Z   /home/runner/work/AWA-App/AWA-App/tests/test_smoke.py:32: DeprecationWarning: datetime.datetime.utcnow() is deprecated and scheduled for removal in a future version. Use timezone-aware objects to represent datetimes in UTC: datetime.datetime.now(datetime.UTC).
2025-08-21T00:23:28.1302441Z     return datetime.datetime.utcnow()
2025-08-21T00:23:28.1302818Z 
2025-08-21T00:23:28.1303097Z services/api/tests/test_cors.py::test_cors_simple_get_allowed
2025-08-21T00:23:28.1305070Z   /home/runner/work/AWA-App/AWA-App/services/api/tests/test_cors.py:27: DeprecationWarning: datetime.datetime.utcnow() is deprecated and scheduled for removal in a future version. Use timezone-aware objects to represent datetimes in UTC: datetime.datetime.now(datetime.UTC).
2025-08-21T00:23:28.1306953Z     return datetime.datetime.utcnow()
2025-08-21T00:23:28.1307270Z 
2025-08-21T00:23:28.1307528Z services/api/tests/test_health.py::test_health_route
2025-08-21T00:23:28.1309567Z   /home/runner/work/AWA-App/AWA-App/services/api/tests/test_health.py:14: DeprecationWarning: datetime.datetime.utcnow() is deprecated and scheduled for removal in a future version. Use timezone-aware objects to represent datetimes in UTC: datetime.datetime.now(datetime.UTC).
2025-08-21T00:23:28.1311437Z     return datetime.datetime.utcnow()
2025-08-21T00:23:28.1311750Z 
2025-08-21T00:23:28.1311961Z services/api/tests/test_rate_limit.py: 102 warnings
2025-08-21T00:23:28.1313873Z   /home/runner/work/AWA-App/AWA-App/services/api/tests/test_rate_limit.py:33: DeprecationWarning: datetime.datetime.utcnow() is deprecated and scheduled for removal in a future version. Use timezone-aware objects to represent datetimes in UTC: datetime.datetime.now(datetime.UTC).
2025-08-21T00:23:28.1315743Z     return datetime.datetime.utcnow()
2025-08-21T00:23:28.1316056Z 
2025-08-21T00:23:28.1316485Z services/api/tests/test_sentry_event.py::test_unhandled_exception_is_captured_and_tagged
2025-08-21T00:23:28.1319108Z   /home/runner/work/AWA-App/AWA-App/services/api/tests/test_sentry_event.py:47: SentryHubDeprecationWarning: `sentry_sdk.Hub` is deprecated and will be removed in a future major release. Please consult our 1.x to 2.x migration guide for details on how to migrate `Hub` usage to the new API: https://docs.sentry.io/platforms/python/migration/1.x-to-2.x
2025-08-21T00:23:28.1321229Z     hub = sentry_sdk.Hub.current
2025-08-21T00:23:28.1321505Z 
2025-08-21T00:23:28.1321836Z -- Docs: https://docs.pytest.org/en/stable/how-to/capture-warnings.html
2025-08-21T00:23:28.1322508Z ================================ tests coverage ================================
2025-08-21T00:23:28.1323181Z _______________ coverage: platform linux, python 3.12.11-final-0 _______________
2025-08-21T00:23:28.1323646Z 
2025-08-21T00:23:28.1323824Z Coverage XML written to file coverage.xml
2025-08-21T00:23:28.1324374Z Sentry is attempting to send 0 pending events
2025-08-21T00:23:28.1324848Z Waiting up to True seconds
2025-08-21T00:23:28.1325219Z Press Ctrl-C to quit
2025-08-21T00:23:28.6181744Z ##[group]Run actions/upload-artifact@v4
2025-08-21T00:23:28.6182021Z with:
2025-08-21T00:23:28.6182199Z   name: coverage
2025-08-21T00:23:28.6182382Z   path: coverage.xml
2025-08-21T00:23:28.6182579Z   if-no-files-found: warn
2025-08-21T00:23:28.6182785Z   compression-level: 6
2025-08-21T00:23:28.6182975Z   overwrite: false
2025-08-21T00:23:28.6183165Z   include-hidden-files: false
2025-08-21T00:23:28.6183372Z env:
2025-08-21T00:23:28.6183567Z   REDIS_URL: redis://localhost:6379/0
2025-08-21T00:23:28.6183819Z   RATE_LIMIT_DEFAULT: 100/minute
2025-08-21T00:23:28.6184035Z   TRUST_X_FORWARDED: 1
2025-08-21T00:23:28.6184416Z   PG_USER: postgres
2025-08-21T00:23:28.6184605Z   PG_PASSWORD: pass
2025-08-21T00:23:28.6184778Z   PG_DATABASE: awa
2025-08-21T00:23:28.6184954Z   PG_HOST: localhost
2025-08-21T00:23:28.6185133Z   PG_PORT: 5432
2025-08-21T00:23:28.6185549Z   PG_SYNC_DSN: ***localhost:5432/awa
2025-08-21T00:23:28.6185949Z   PG_ASYNC_DSN: ***localhost:5432/awa
2025-08-21T00:23:28.6186367Z   DATABASE_URL: ***localhost:5432/awa
2025-08-21T00:23:28.6186603Z   DATA_DIR: /tmp/awa-data
2025-08-21T00:23:28.6186805Z   ENABLE_LIVE: 0
2025-08-21T00:23:28.6186975Z   TESTING: 1
2025-08-21T00:23:28.6187213Z   pythonLocation: /opt/hostedtoolcache/Python/3.12.11/x64
2025-08-21T00:23:28.6187609Z   PKG_CONFIG_PATH: /opt/hostedtoolcache/Python/3.12.11/x64/lib/pkgconfig
2025-08-21T00:23:28.6187994Z   Python_ROOT_DIR: /opt/hostedtoolcache/Python/3.12.11/x64
2025-08-21T00:23:28.6188336Z   Python2_ROOT_DIR: /opt/hostedtoolcache/Python/3.12.11/x64
2025-08-21T00:23:28.6188687Z   Python3_ROOT_DIR: /opt/hostedtoolcache/Python/3.12.11/x64
2025-08-21T00:23:28.6189207Z   LD_LIBRARY_PATH: /opt/hostedtoolcache/Python/3.12.11/x64/lib
2025-08-21T00:23:28.6189493Z ##[endgroup]
2025-08-21T00:23:28.8367640Z With the provided path, there will be 1 file uploaded
2025-08-21T00:23:28.8373775Z Artifact name is valid!
2025-08-21T00:23:28.8375472Z Root directory input is valid!
2025-08-21T00:23:28.9853115Z Beginning upload of artifact content to blob storage
2025-08-21T00:23:29.1838639Z Uploaded bytes 5442
2025-08-21T00:23:29.2360508Z Finished uploading artifact content to blob storage!
2025-08-21T00:23:29.2364192Z SHA256 digest of uploaded artifact zip is 5871ff6b97b6278ab2b185249d9c205a8f47f36559883064aed30c05542deea5
2025-08-21T00:23:29.2366018Z Finalizing artifact upload
2025-08-21T00:23:29.3317804Z Artifact coverage.zip successfully finalized. Artifact ID 3814386458
2025-08-21T00:23:29.3320087Z Artifact coverage has been successfully uploaded! Final size is 5442 bytes. Artifact ID is 3814386458
2025-08-21T00:23:29.3326335Z Artifact download URL: https://github.com/AlexBomber12/AWA-App/actions/runs/17113557086/artifacts/3814386458
2025-08-21T00:23:29.3457927Z Post job cleanup.
2025-08-21T00:23:29.5073490Z Cache hit occurred on the primary key setup-python-Linux-x64-24.04-Ubuntu-python-3.12.11-pip-cc13ccef493b9f3a93ad5651164d9fb09282c1111f6f72ce20e0657de16de6b4, not saving cache.
2025-08-21T00:23:29.5187799Z Post job cleanup.
2025-08-21T00:23:29.5960406Z [command]/usr/bin/git version
2025-08-21T00:23:29.5997773Z git version 2.51.0
2025-08-21T00:23:29.6035974Z Temporarily overriding HOME='/home/runner/work/_temp/bfdd7c3b-34fb-4bf8-aafb-ed9463b7fd38' before making global git config changes
2025-08-21T00:23:29.6037199Z Adding repository directory to the temporary git global config as a safe directory
2025-08-21T00:23:29.6041659Z [command]/usr/bin/git config --global --add safe.directory /home/runner/work/AWA-App/AWA-App
2025-08-21T00:23:29.6077551Z [command]/usr/bin/git config --local --name-only --get-regexp core\.sshCommand
2025-08-21T00:23:29.6110676Z [command]/usr/bin/git submodule foreach --recursive sh -c "git config --local --name-only --get-regexp 'core\.sshCommand' && git config --local --unset-all 'core.sshCommand' || :"
2025-08-21T00:23:29.6337757Z [command]/usr/bin/git config --local --name-only --get-regexp http\.https\:\/\/github\.com\/\.extraheader
2025-08-21T00:23:29.6360747Z http.https://github.com/.extraheader
2025-08-21T00:23:29.6370314Z [command]/usr/bin/git config --local --unset-all http.https://github.com/.extraheader
2025-08-21T00:23:29.6401931Z [command]/usr/bin/git submodule foreach --recursive sh -c "git config --local --name-only --get-regexp 'http\.https\:\/\/github\.com\/\.extraheader' && git config --local --unset-all 'http.https://github.com/.extraheader' || :"
2025-08-21T00:23:29.6720455Z Print service container logs: 29d95fd626d44a67abc97fb8ca5fbda6_postgres15_6949cd
2025-08-21T00:23:29.6724908Z ##[command]/usr/bin/docker logs --details 49d7f23780e0ee715e9e9ede14fb5cf503a060f0dcf382ffba7992cd2473b91b
2025-08-21T00:23:29.6844361Z  The files belonging to this database system will be owned by user "postgres".
2025-08-21T00:23:29.6846389Z  initdb: warning: enabling "trust" authentication for local connections
2025-08-21T00:23:29.6847717Z  initdb: hint: You can change this by editing pg_hba.conf or using the option -A, or --auth-local and --auth-host, the next time you run initdb.
2025-08-21T00:23:29.6849157Z  This user must also own the server process.
2025-08-21T00:23:29.6849735Z  
2025-08-21T00:23:29.6850239Z  The database cluster will be initialized with locale "en_US.utf8".
2025-08-21T00:23:29.6901579Z  The default database encoding has accordingly been set to "UTF8".
2025-08-21T00:23:29.6902268Z  The default text search configuration will be set to "english".
2025-08-21T00:23:29.6902872Z  
2025-08-21T00:23:29.6903167Z  Data page checksums are disabled.
2025-08-21T00:23:29.6903549Z  
2025-08-21T00:23:29.6903990Z  fixing permissions on existing directory /var/lib/postgresql/data ... ok
2025-08-21T00:23:29.6904656Z  creating subdirectories ... ok
2025-08-21T00:23:29.6905180Z  selecting dynamic shared memory implementation ... posix
2025-08-21T00:23:29.6905712Z  selecting default max_connections ... 100
2025-08-21T00:23:29.6906012Z  selecting default shared_buffers ... 128MB
2025-08-21T00:23:29.6906289Z  selecting default time zone ... Etc/UTC
2025-08-21T00:23:29.6906560Z  creating configuration files ... ok
2025-08-21T00:23:29.6906836Z  running bootstrap script ... ok
2025-08-21T00:23:29.6907120Z  performing post-bootstrap initialization ... ok
2025-08-21T00:23:29.6907424Z  syncing data to disk ... ok
2025-08-21T00:23:29.6907636Z  
2025-08-21T00:23:29.6907794Z  
2025-08-21T00:23:29.6908009Z  Success. You can now start the database server using:
2025-08-21T00:23:29.6908296Z  
2025-08-21T00:23:29.6908524Z      pg_ctl -D /var/lib/postgresql/data -l logfile start
2025-08-21T00:23:29.6908797Z  
2025-08-21T00:23:29.6909703Z  waiting for server to start....2025-08-21 00:20:58.811 UTC [48] LOG:  starting PostgreSQL 15.14 (Debian 15.14-1.pgdg13+1) on x86_64-pc-linux-gnu, compiled by gcc (Debian 14.2.0-19) 14.2.0, 64-bit
2025-08-21T00:23:29.6910488Z  2025-08-21 00:20:58.811 UTC [48] LOG:  listening on Unix socket "/var/run/postgresql/.s.PGSQL.5432"
2025-08-21T00:23:29.6910993Z  2025-08-21 00:20:58.814 UTC [51] LOG:  database system was shut down at 2025-08-21 00:20:58 UTC
2025-08-21T00:23:29.6911447Z  2025-08-21 00:20:58.818 UTC [48] LOG:  database system is ready to accept connections
2025-08-21T00:23:29.6911782Z   done
2025-08-21T00:23:29.6911953Z  server started
2025-08-21T00:23:29.6912130Z  CREATE DATABASE
2025-08-21T00:23:29.6912676Z  2025-08-21 00:20:59.160 UTC [1] LOG:  starting PostgreSQL 15.14 (Debian 15.14-1.pgdg13+1) on x86_64-pc-linux-gnu, compiled by gcc (Debian 14.2.0-19) 14.2.0, 64-bit
2025-08-21T00:23:29.6913326Z  2025-08-21 00:20:59.160 UTC [1] LOG:  listening on IPv4 address "0.0.0.0", port 5432
2025-08-21T00:23:29.6913743Z  2025-08-21 00:20:59.160 UTC [1] LOG:  listening on IPv6 address "::", port 5432
2025-08-21T00:23:29.6914207Z  2025-08-21 00:20:59.161 UTC [1] LOG:  listening on Unix socket "/var/run/postgresql/.s.PGSQL.5432"
2025-08-21T00:23:29.6914734Z  2025-08-21 00:20:59.165 UTC [64] LOG:  database system was shut down at 2025-08-21 00:20:59 UTC
2025-08-21T00:23:29.6915182Z  2025-08-21 00:20:59.169 UTC [1] LOG:  database system is ready to accept connections
2025-08-21T00:23:29.6915505Z  
2025-08-21T00:23:29.6915655Z  
2025-08-21T00:23:29.6915961Z  /usr/local/bin/docker-entrypoint.sh: ignoring /docker-entrypoint-initdb.d/*
2025-08-21T00:23:29.6916345Z  
2025-08-21T00:23:29.6916664Z  waiting for server to shut down...2025-08-21 00:20:59.036 UTC [48] LOG:  received fast shutdown request
2025-08-21T00:23:29.6917439Z  .2025-08-21 00:20:59.037 UTC [48] LOG:  aborting any active transactions
2025-08-21T00:23:29.6917974Z  2025-08-21 00:20:59.039 UTC [48] LOG:  background worker "logical replication launcher" (PID 54) exited with exit code 1
2025-08-21T00:23:29.6918455Z  2025-08-21 00:20:59.041 UTC [49] LOG:  shutting down
2025-08-21T00:23:29.6919230Z  2025-08-21 00:20:59.041 UTC [49] LOG:  checkpoint starting: shutdown immediate
2025-08-21T00:23:29.6920093Z  2025-08-21 00:20:59.062 UTC [49] LOG:  checkpoint complete: wrote 922 buffers (5.6%); 0 WAL file(s) added, 0 removed, 0 recycled; write=0.018 s, sync=0.002 s, total=0.022 s; sync files=301, longest=0.001 s, average=0.001 s; distance=4239 kB, estimate=4239 kB
2025-08-21T00:23:29.6920932Z  2025-08-21 00:20:59.070 UTC [48] LOG:  database system is shut down
2025-08-21T00:23:29.6921228Z   done
2025-08-21T00:23:29.6921396Z  server stopped
2025-08-21T00:23:29.6921572Z  
2025-08-21T00:23:29.6921794Z  PostgreSQL init process complete; ready for start up.
2025-08-21T00:23:29.6922081Z  
2025-08-21T00:23:29.6927281Z Stop and remove container: 29d95fd626d44a67abc97fb8ca5fbda6_postgres15_6949cd
2025-08-21T00:23:29.6932077Z ##[command]/usr/bin/docker rm --force 49d7f23780e0ee715e9e9ede14fb5cf503a060f0dcf382ffba7992cd2473b91b
2025-08-21T00:23:29.8089225Z 49d7f23780e0ee715e9e9ede14fb5cf503a060f0dcf382ffba7992cd2473b91b
2025-08-21T00:23:29.8112692Z Print service container logs: 49fa4e9759924766ac0537cf19082d98_redis7alpine_152fc6
2025-08-21T00:23:29.8113893Z ##[command]/usr/bin/docker logs --details de2d8785fcedb1725ba10d7bc47624fd582eb562c0df752bfa84afdf4ed003d6
2025-08-21T00:23:29.8233294Z  1:C 21 Aug 2025 00:20:59.618 # WARNING Memory overcommit must be enabled! Without it, a background save or replication may fail under low memory condition. Being disabled, it can also cause failures without low memory condition, see https://github.com/jemalloc/jemalloc/issues/1328. To fix this issue add 'vm.overcommit_memory = 1' to /etc/sysctl.conf and then reboot or run the command 'sysctl vm.overcommit_memory=1' for this to take effect.
2025-08-21T00:23:29.8235930Z  1:C 21 Aug 2025 00:20:59.618 * oO0OoO0OoO0Oo Redis is starting oO0OoO0OoO0Oo
2025-08-21T00:23:29.8236715Z  1:C 21 Aug 2025 00:20:59.618 * Redis version=7.4.5, bits=64, commit=00000000, modified=0, pid=1, just started
2025-08-21T00:23:29.8237929Z  1:C 21 Aug 2025 00:20:59.618 # Warning: no config file specified, using the default config. In order to specify a config file use redis-server /path/to/redis.conf
2025-08-21T00:23:29.8239267Z  1:M 21 Aug 2025 00:20:59.618 * monotonic clock: POSIX clock_gettime
2025-08-21T00:23:29.8239873Z  1:M 21 Aug 2025 00:20:59.619 * Running mode=standalone, port=6379.
2025-08-21T00:23:29.8240409Z  1:M 21 Aug 2025 00:20:59.619 * Server initialized
2025-08-21T00:23:29.8240928Z  1:M 21 Aug 2025 00:20:59.619 * Ready to accept connections tcp
2025-08-21T00:23:29.8249895Z Stop and remove container: 49fa4e9759924766ac0537cf19082d98_redis7alpine_152fc6
2025-08-21T00:23:29.8250672Z ##[command]/usr/bin/docker rm --force de2d8785fcedb1725ba10d7bc47624fd582eb562c0df752bfa84afdf4ed003d6
2025-08-21T00:23:29.9551670Z de2d8785fcedb1725ba10d7bc47624fd582eb562c0df752bfa84afdf4ed003d6
2025-08-21T00:23:29.9577749Z Remove container network: github_network_055b16d5c4dc4036b582b80e2dc5674f
2025-08-21T00:23:29.9583711Z ##[command]/usr/bin/docker network rm github_network_055b16d5c4dc4036b582b80e2dc5674f
2025-08-21T00:23:30.0945626Z github_network_055b16d5c4dc4036b582b80e2dc5674f
2025-08-21T00:23:30.1004163Z Cleaning up orphan processes
