2025-08-21T08:34:16.7494185Z Current runner version: '2.328.0'
2025-08-21T08:34:16.7529586Z ##[group]Runner Image Provisioner
2025-08-21T08:34:16.7530816Z Hosted Compute Agent
2025-08-21T08:34:16.7531674Z Version: 20250818.377
2025-08-21T08:34:16.7532824Z Commit: 3c593e9f75fe0b87e893bca80d6e12ba089c61fc
2025-08-21T08:34:16.7533975Z Build Date: 2025-08-18T14:52:18Z
2025-08-21T08:34:16.7535415Z ##[endgroup]
2025-08-21T08:34:16.7536504Z ##[group]Operating System
2025-08-21T08:34:16.7537438Z Ubuntu
2025-08-21T08:34:16.7538246Z 24.04.2
2025-08-21T08:34:16.7539051Z LTS
2025-08-21T08:34:16.7539844Z ##[endgroup]
2025-08-21T08:34:16.7540682Z ##[group]Runner Image
2025-08-21T08:34:16.7541841Z Image: ubuntu-24.04
2025-08-21T08:34:16.7542659Z Version: 20250818.1.0
2025-08-21T08:34:16.7544430Z Included Software: https://github.com/actions/runner-images/blob/ubuntu24/20250818.1/images/ubuntu/Ubuntu2404-Readme.md
2025-08-21T08:34:16.7547437Z Image Release: https://github.com/actions/runner-images/releases/tag/ubuntu24%2F20250818.1
2025-08-21T08:34:16.7549231Z ##[endgroup]
2025-08-21T08:34:16.7553627Z ##[group]GITHUB_TOKEN Permissions
2025-08-21T08:34:16.7556662Z Actions: write
2025-08-21T08:34:16.7557469Z Attestations: write
2025-08-21T08:34:16.7558296Z Checks: write
2025-08-21T08:34:16.7559186Z Contents: write
2025-08-21T08:34:16.7560053Z Deployments: write
2025-08-21T08:34:16.7560837Z Discussions: write
2025-08-21T08:34:16.7561676Z Issues: write
2025-08-21T08:34:16.7562471Z Metadata: read
2025-08-21T08:34:16.7563201Z Models: read
2025-08-21T08:34:16.7564198Z Packages: write
2025-08-21T08:34:16.7565261Z Pages: write
2025-08-21T08:34:16.7566290Z PullRequests: write
2025-08-21T08:34:16.7567219Z RepositoryProjects: write
2025-08-21T08:34:16.7568245Z SecurityEvents: write
2025-08-21T08:34:16.7569411Z Statuses: write
2025-08-21T08:34:16.7570256Z ##[endgroup]
2025-08-21T08:34:16.7573714Z Secret source: Actions
2025-08-21T08:34:16.7575034Z Prepare workflow directory
2025-08-21T08:34:16.8215943Z Prepare all required actions
2025-08-21T08:34:16.8275157Z Getting action download info
2025-08-21T08:34:17.0921673Z Download action repository 'actions/checkout@v5' (SHA:08c6903cd8c0fde910a37f88322edcfb5dd907a8)
2025-08-21T08:34:17.1916003Z Download action repository 'actions/setup-python@v5' (SHA:a26af69be951a213d495a4c3e4e4022e16d87065)
2025-08-21T08:34:17.3312281Z Download action repository 'actions/upload-artifact@v4' (SHA:ea165f8d65b6e75b540449e92b4886f43607fa02)
2025-08-21T08:34:17.5386873Z Complete job name: unit
2025-08-21T08:34:17.5892117Z ##[group]Checking docker version
2025-08-21T08:34:17.5905487Z ##[command]/usr/bin/docker version --format '{{.Server.APIVersion}}'
2025-08-21T08:34:17.6470130Z '1.48'
2025-08-21T08:34:17.6481220Z Docker daemon API version: '1.48'
2025-08-21T08:34:17.6481966Z ##[command]/usr/bin/docker version --format '{{.Client.APIVersion}}'
2025-08-21T08:34:17.6692589Z '1.48'
2025-08-21T08:34:17.6706347Z Docker client API version: '1.48'
2025-08-21T08:34:17.6711792Z ##[endgroup]
2025-08-21T08:34:17.6715212Z ##[group]Clean up resources from previous jobs
2025-08-21T08:34:17.6721264Z ##[command]/usr/bin/docker ps --all --quiet --no-trunc --filter "label=3f389b"
2025-08-21T08:34:17.6921694Z ##[command]/usr/bin/docker network prune --force --filter "label=3f389b"
2025-08-21T08:34:17.7056982Z ##[endgroup]
2025-08-21T08:34:17.7057501Z ##[group]Create local container network
2025-08-21T08:34:17.7067768Z ##[command]/usr/bin/docker network create --label 3f389b github_network_adccf3ae5fa04282bcff87a681e07d03
2025-08-21T08:34:17.7670333Z 22a6651e6e49b573c8e38a0b86116bec3ecfc21b31fdc4fe2854c6d5ca21848f
2025-08-21T08:34:17.7695934Z ##[endgroup]
2025-08-21T08:34:17.7719545Z ##[group]Starting postgres service container
2025-08-21T08:34:17.7740004Z ##[command]/usr/bin/docker pull postgres:15
2025-08-21T08:34:18.0669730Z 15: Pulling from library/postgres
2025-08-21T08:34:18.1657015Z 396b1da7636e: Pulling fs layer
2025-08-21T08:34:18.1658349Z fca2566eba32: Pulling fs layer
2025-08-21T08:34:18.1659283Z 631fe8c6d606: Pulling fs layer
2025-08-21T08:34:18.1660497Z 77c7671c4414: Pulling fs layer
2025-08-21T08:34:18.1661661Z 2d9e29180a27: Pulling fs layer
2025-08-21T08:34:18.1662335Z c6bcc2c9a041: Pulling fs layer
2025-08-21T08:34:18.1663122Z ac4b721eb66f: Pulling fs layer
2025-08-21T08:34:18.1663798Z 606bd164980e: Pulling fs layer
2025-08-21T08:34:18.1664460Z f5dfd246bc6e: Pulling fs layer
2025-08-21T08:34:18.1665405Z ba7036bb0a60: Pulling fs layer
2025-08-21T08:34:18.1666077Z 799f859abbbd: Pulling fs layer
2025-08-21T08:34:18.1666756Z d903e777080c: Pulling fs layer
2025-08-21T08:34:18.1667424Z 04adcb462801: Pulling fs layer
2025-08-21T08:34:18.1668108Z 5c10925b29ff: Pulling fs layer
2025-08-21T08:34:18.1668859Z f5dfd246bc6e: Waiting
2025-08-21T08:34:18.1669538Z 606bd164980e: Waiting
2025-08-21T08:34:18.1670298Z ba7036bb0a60: Waiting
2025-08-21T08:34:18.1670925Z 799f859abbbd: Waiting
2025-08-21T08:34:18.1671552Z d903e777080c: Waiting
2025-08-21T08:34:18.1672170Z 04adcb462801: Waiting
2025-08-21T08:34:18.1672796Z 5c10925b29ff: Waiting
2025-08-21T08:34:18.1673417Z 2d9e29180a27: Waiting
2025-08-21T08:34:18.1674057Z ac4b721eb66f: Waiting
2025-08-21T08:34:18.1674684Z 77c7671c4414: Waiting
2025-08-21T08:34:18.1675485Z c6bcc2c9a041: Waiting
2025-08-21T08:34:18.2356438Z fca2566eba32: Verifying Checksum
2025-08-21T08:34:18.2358305Z fca2566eba32: Download complete
2025-08-21T08:34:18.3209572Z 631fe8c6d606: Verifying Checksum
2025-08-21T08:34:18.3211385Z 631fe8c6d606: Download complete
2025-08-21T08:34:18.3289217Z 77c7671c4414: Verifying Checksum
2025-08-21T08:34:18.3291461Z 77c7671c4414: Download complete
2025-08-21T08:34:18.4237750Z c6bcc2c9a041: Verifying Checksum
2025-08-21T08:34:18.4239600Z c6bcc2c9a041: Download complete
2025-08-21T08:34:18.4534634Z 396b1da7636e: Verifying Checksum
2025-08-21T08:34:18.4538112Z 396b1da7636e: Download complete
2025-08-21T08:34:18.4763918Z 2d9e29180a27: Verifying Checksum
2025-08-21T08:34:18.4765679Z 2d9e29180a27: Download complete
2025-08-21T08:34:18.4995093Z ac4b721eb66f: Verifying Checksum
2025-08-21T08:34:18.4999486Z ac4b721eb66f: Download complete
2025-08-21T08:34:18.5342537Z 606bd164980e: Verifying Checksum
2025-08-21T08:34:18.5344167Z 606bd164980e: Download complete
2025-08-21T08:34:18.5857032Z ba7036bb0a60: Verifying Checksum
2025-08-21T08:34:18.5860835Z ba7036bb0a60: Download complete
2025-08-21T08:34:18.6177139Z 799f859abbbd: Download complete
2025-08-21T08:34:18.6762974Z d903e777080c: Verifying Checksum
2025-08-21T08:34:18.6763677Z d903e777080c: Download complete
2025-08-21T08:34:18.6996640Z 04adcb462801: Verifying Checksum
2025-08-21T08:34:18.6997856Z 04adcb462801: Download complete
2025-08-21T08:34:18.7518136Z 5c10925b29ff: Verifying Checksum
2025-08-21T08:34:18.7521947Z 5c10925b29ff: Download complete
2025-08-21T08:34:19.2863848Z f5dfd246bc6e: Verifying Checksum
2025-08-21T08:34:19.2864421Z f5dfd246bc6e: Download complete
2025-08-21T08:34:19.4769842Z 396b1da7636e: Pull complete
2025-08-21T08:34:20.3293812Z fca2566eba32: Pull complete
2025-08-21T08:34:20.5130330Z 631fe8c6d606: Pull complete
2025-08-21T08:34:20.5578773Z 77c7671c4414: Pull complete
2025-08-21T08:34:20.8693510Z 2d9e29180a27: Pull complete
2025-08-21T08:34:20.9547986Z c6bcc2c9a041: Pull complete
2025-08-21T08:34:20.9649875Z ac4b721eb66f: Pull complete
2025-08-21T08:34:20.9760985Z 606bd164980e: Pull complete
2025-08-21T08:34:23.9190666Z f5dfd246bc6e: Pull complete
2025-08-21T08:34:23.9418612Z ba7036bb0a60: Pull complete
2025-08-21T08:34:23.9521303Z 799f859abbbd: Pull complete
2025-08-21T08:34:23.9636042Z d903e777080c: Pull complete
2025-08-21T08:34:23.9794735Z 04adcb462801: Pull complete
2025-08-21T08:34:23.9914611Z 5c10925b29ff: Pull complete
2025-08-21T08:34:23.9960620Z Digest: sha256:bc51cf4f1fe02cce7ed2370b20128a9b00b4eb804573a77d2a0d877aaa9c82b1
2025-08-21T08:34:23.9975321Z Status: Downloaded newer image for postgres:15
2025-08-21T08:34:23.9984651Z docker.io/library/postgres:15
2025-08-21T08:34:24.0043096Z ##[command]/usr/bin/docker create --name aac5de22230e494bbf7c30d0866b1010_postgres15_75ebc9 --label 3f389b --network github_network_adccf3ae5fa04282bcff87a681e07d03 --network-alias postgres -p 5432:5432 --health-cmd="pg_isready -U postgres -d awa" --health-interval=5s --health-timeout=5s --health-retries=10 -e "POSTGRES_USER=postgres" -e "POSTGRES_PASSWORD=pass" -e "POSTGRES_DB=awa" -e GITHUB_ACTIONS=true -e CI=true postgres:15
2025-08-21T08:34:24.0300850Z 2d1b0cfc86a57011f43b762412ed3978c5836b8819f3d316c51b57fb7dfdb197
2025-08-21T08:34:24.0323966Z ##[command]/usr/bin/docker start 2d1b0cfc86a57011f43b762412ed3978c5836b8819f3d316c51b57fb7dfdb197
2025-08-21T08:34:24.2169935Z 2d1b0cfc86a57011f43b762412ed3978c5836b8819f3d316c51b57fb7dfdb197
2025-08-21T08:34:24.2192524Z ##[command]/usr/bin/docker ps --all --filter id=2d1b0cfc86a57011f43b762412ed3978c5836b8819f3d316c51b57fb7dfdb197 --filter status=running --no-trunc --format "{{.ID}} {{.Status}}"
2025-08-21T08:34:24.2320737Z 2d1b0cfc86a57011f43b762412ed3978c5836b8819f3d316c51b57fb7dfdb197 Up Less than a second (health: starting)
2025-08-21T08:34:24.2344356Z ##[command]/usr/bin/docker port 2d1b0cfc86a57011f43b762412ed3978c5836b8819f3d316c51b57fb7dfdb197
2025-08-21T08:34:24.2473275Z 5432/tcp -> 0.0.0.0:5432
2025-08-21T08:34:24.2473828Z 5432/tcp -> [::]:5432
2025-08-21T08:34:24.2519593Z ##[endgroup]
2025-08-21T08:34:24.2520551Z ##[group]Starting redis service container
2025-08-21T08:34:24.2521684Z ##[command]/usr/bin/docker pull redis:7-alpine
2025-08-21T08:34:24.4613421Z 7-alpine: Pulling from library/redis
2025-08-21T08:34:24.5336655Z 0368fd46e3c6: Pulling fs layer
2025-08-21T08:34:24.5337240Z 4c55286bbede: Pulling fs layer
2025-08-21T08:34:24.5338495Z 5e28347af205: Pulling fs layer
2025-08-21T08:34:24.5340397Z 311eca34042e: Pulling fs layer
2025-08-21T08:34:24.5340809Z e6fe6f07e192: Pulling fs layer
2025-08-21T08:34:24.5341184Z a2cadbfeca72: Pulling fs layer
2025-08-21T08:34:24.5341575Z 4f4fb700ef54: Pulling fs layer
2025-08-21T08:34:24.5342041Z a976ed7e7808: Pulling fs layer
2025-08-21T08:34:24.5342374Z 311eca34042e: Waiting
2025-08-21T08:34:24.5342681Z e6fe6f07e192: Waiting
2025-08-21T08:34:24.5342970Z a2cadbfeca72: Waiting
2025-08-21T08:34:24.5343278Z 4f4fb700ef54: Waiting
2025-08-21T08:34:24.5343556Z a976ed7e7808: Waiting
2025-08-21T08:34:24.6121828Z 4c55286bbede: Verifying Checksum
2025-08-21T08:34:24.6122340Z 4c55286bbede: Download complete
2025-08-21T08:34:24.6157139Z 5e28347af205: Verifying Checksum
2025-08-21T08:34:24.6158763Z 5e28347af205: Download complete
2025-08-21T08:34:24.6657399Z 0368fd46e3c6: Verifying Checksum
2025-08-21T08:34:24.6657926Z 0368fd46e3c6: Download complete
2025-08-21T08:34:24.7106307Z 311eca34042e: Verifying Checksum
2025-08-21T08:34:24.7107012Z 311eca34042e: Download complete
2025-08-21T08:34:24.7443260Z a2cadbfeca72: Download complete
2025-08-21T08:34:24.7903342Z 4f4fb700ef54: Download complete
2025-08-21T08:34:24.7993889Z 0368fd46e3c6: Pull complete
2025-08-21T08:34:24.8056654Z e6fe6f07e192: Verifying Checksum
2025-08-21T08:34:24.8057582Z e6fe6f07e192: Download complete
2025-08-21T08:34:24.8160810Z a976ed7e7808: Verifying Checksum
2025-08-21T08:34:24.8161522Z a976ed7e7808: Download complete
2025-08-21T08:34:24.8400934Z 4c55286bbede: Pull complete
2025-08-21T08:34:24.9988005Z 5e28347af205: Pull complete
2025-08-21T08:34:25.0266445Z 311eca34042e: Pull complete
2025-08-21T08:34:25.2287732Z e6fe6f07e192: Pull complete
2025-08-21T08:34:25.2374379Z a2cadbfeca72: Pull complete
2025-08-21T08:34:25.2457631Z 4f4fb700ef54: Pull complete
2025-08-21T08:34:25.2565682Z a976ed7e7808: Pull complete
2025-08-21T08:34:25.2600564Z Digest: sha256:bb186d083732f669da90be8b0f975a37812b15e913465bb14d845db72a4e3e08
2025-08-21T08:34:25.2611299Z Status: Downloaded newer image for redis:7-alpine
2025-08-21T08:34:25.2619062Z docker.io/library/redis:7-alpine
2025-08-21T08:34:25.2635426Z ##[command]/usr/bin/docker create --name 9f05b68ef495410dbe945527b6ec7fb5_redis7alpine_1cd77b --label 3f389b --network github_network_adccf3ae5fa04282bcff87a681e07d03 --network-alias redis -p 6379:6379  -e GITHUB_ACTIONS=true -e CI=true redis:7-alpine
2025-08-21T08:34:25.2868546Z ca7e548043de88e7ee09221e0996dbc9c738a89d046c633354591ffb62e8fb9d
2025-08-21T08:34:25.2883669Z ##[command]/usr/bin/docker start ca7e548043de88e7ee09221e0996dbc9c738a89d046c633354591ffb62e8fb9d
2025-08-21T08:34:25.4234241Z ca7e548043de88e7ee09221e0996dbc9c738a89d046c633354591ffb62e8fb9d
2025-08-21T08:34:25.4252114Z ##[command]/usr/bin/docker ps --all --filter id=ca7e548043de88e7ee09221e0996dbc9c738a89d046c633354591ffb62e8fb9d --filter status=running --no-trunc --format "{{.ID}} {{.Status}}"
2025-08-21T08:34:25.4379984Z ca7e548043de88e7ee09221e0996dbc9c738a89d046c633354591ffb62e8fb9d Up Less than a second
2025-08-21T08:34:25.4393918Z ##[command]/usr/bin/docker port ca7e548043de88e7ee09221e0996dbc9c738a89d046c633354591ffb62e8fb9d
2025-08-21T08:34:25.4507117Z 6379/tcp -> 0.0.0.0:6379
2025-08-21T08:34:25.4507500Z 6379/tcp -> [::]:6379
2025-08-21T08:34:25.4521182Z ##[endgroup]
2025-08-21T08:34:25.4532038Z ##[group]Waiting for all services to be ready
2025-08-21T08:34:25.4545484Z ##[command]/usr/bin/docker inspect --format="{{if .Config.Healthcheck}}{{print .State.Health.Status}}{{end}}" 2d1b0cfc86a57011f43b762412ed3978c5836b8819f3d316c51b57fb7dfdb197
2025-08-21T08:34:25.4655895Z starting
2025-08-21T08:34:25.4675972Z postgres service is starting, waiting 2 seconds before checking again.
2025-08-21T08:34:27.4680019Z ##[command]/usr/bin/docker inspect --format="{{if .Config.Healthcheck}}{{print .State.Health.Status}}{{end}}" 2d1b0cfc86a57011f43b762412ed3978c5836b8819f3d316c51b57fb7dfdb197
2025-08-21T08:34:27.4800690Z starting
2025-08-21T08:34:27.4814406Z postgres service is starting, waiting 4 seconds before checking again.
2025-08-21T08:34:31.8303569Z ##[command]/usr/bin/docker inspect --format="{{if .Config.Healthcheck}}{{print .State.Health.Status}}{{end}}" 2d1b0cfc86a57011f43b762412ed3978c5836b8819f3d316c51b57fb7dfdb197
2025-08-21T08:34:31.8423697Z healthy
2025-08-21T08:34:31.8442842Z postgres service is healthy.
2025-08-21T08:34:31.8443623Z ##[command]/usr/bin/docker inspect --format="{{if .Config.Healthcheck}}{{print .State.Health.Status}}{{end}}" ca7e548043de88e7ee09221e0996dbc9c738a89d046c633354591ffb62e8fb9d
2025-08-21T08:34:31.8576185Z redis service is healthy.
2025-08-21T08:34:31.8576811Z ##[endgroup]
2025-08-21T08:34:31.8820882Z ##[group]Run actions/checkout@v5
2025-08-21T08:34:31.8821423Z with:
2025-08-21T08:34:31.8821620Z   repository: AlexBomber12/AWA-App
2025-08-21T08:34:31.8822023Z   token: ***
2025-08-21T08:34:31.8822191Z   ssh-strict: true
2025-08-21T08:34:31.8822366Z   ssh-user: git
2025-08-21T08:34:31.8822542Z   persist-credentials: true
2025-08-21T08:34:31.8822751Z   clean: true
2025-08-21T08:34:31.8822935Z   sparse-checkout-cone-mode: true
2025-08-21T08:34:31.8823158Z   fetch-depth: 1
2025-08-21T08:34:31.8823319Z   fetch-tags: false
2025-08-21T08:34:31.8823495Z   show-progress: true
2025-08-21T08:34:31.8823672Z   lfs: false
2025-08-21T08:34:31.8823825Z   submodules: false
2025-08-21T08:34:31.8824004Z   set-safe-directory: true
2025-08-21T08:34:31.8824374Z env:
2025-08-21T08:34:31.8824591Z   REDIS_URL: redis://localhost:6379/0
2025-08-21T08:34:31.8825101Z   RATE_LIMIT_DEFAULT: 100/minute
2025-08-21T08:34:31.8825389Z   TRUST_X_FORWARDED: 1
2025-08-21T08:34:31.8825574Z ##[endgroup]
2025-08-21T08:34:31.9719691Z Syncing repository: AlexBomber12/AWA-App
2025-08-21T08:34:31.9720974Z ##[group]Getting Git version info
2025-08-21T08:34:31.9721328Z Working directory is '/home/runner/work/AWA-App/AWA-App'
2025-08-21T08:34:31.9721830Z [command]/usr/bin/git version
2025-08-21T08:34:31.9752587Z git version 2.51.0
2025-08-21T08:34:31.9804463Z ##[endgroup]
2025-08-21T08:34:31.9818380Z Temporarily overriding HOME='/home/runner/work/_temp/7947ad82-cc87-4368-8669-c6174672bf8e' before making global git config changes
2025-08-21T08:34:31.9819125Z Adding repository directory to the temporary git global config as a safe directory
2025-08-21T08:34:31.9823455Z [command]/usr/bin/git config --global --add safe.directory /home/runner/work/AWA-App/AWA-App
2025-08-21T08:34:31.9858645Z Deleting the contents of '/home/runner/work/AWA-App/AWA-App'
2025-08-21T08:34:31.9861838Z ##[group]Initializing the repository
2025-08-21T08:34:31.9866830Z [command]/usr/bin/git init /home/runner/work/AWA-App/AWA-App
2025-08-21T08:34:31.9927370Z hint: Using 'master' as the name for the initial branch. This default branch name
2025-08-21T08:34:31.9928400Z hint: is subject to change. To configure the initial branch name to use in all
2025-08-21T08:34:31.9929254Z hint: of your new repositories, which will suppress this warning, call:
2025-08-21T08:34:31.9929826Z hint:
2025-08-21T08:34:31.9930141Z hint: 	git config --global init.defaultBranch <name>
2025-08-21T08:34:31.9930527Z hint:
2025-08-21T08:34:31.9930992Z hint: Names commonly chosen instead of 'master' are 'main', 'trunk' and
2025-08-21T08:34:31.9931817Z hint: 'development'. The just-created branch can be renamed via this command:
2025-08-21T08:34:31.9932471Z hint:
2025-08-21T08:34:31.9932785Z hint: 	git branch -m <name>
2025-08-21T08:34:31.9933158Z hint:
2025-08-21T08:34:31.9933674Z hint: Disable this message with "git config set advice.defaultBranchName false"
2025-08-21T08:34:31.9934569Z Initialized empty Git repository in /home/runner/work/AWA-App/AWA-App/.git/
2025-08-21T08:34:31.9940822Z [command]/usr/bin/git remote add origin https://github.com/AlexBomber12/AWA-App
2025-08-21T08:34:31.9973234Z ##[endgroup]
2025-08-21T08:34:31.9973818Z ##[group]Disabling automatic garbage collection
2025-08-21T08:34:31.9977735Z [command]/usr/bin/git config --local gc.auto 0
2025-08-21T08:34:32.0004778Z ##[endgroup]
2025-08-21T08:34:32.0005553Z ##[group]Setting up auth
2025-08-21T08:34:32.0012030Z [command]/usr/bin/git config --local --name-only --get-regexp core\.sshCommand
2025-08-21T08:34:32.0042029Z [command]/usr/bin/git submodule foreach --recursive sh -c "git config --local --name-only --get-regexp 'core\.sshCommand' && git config --local --unset-all 'core.sshCommand' || :"
2025-08-21T08:34:32.0305716Z [command]/usr/bin/git config --local --name-only --get-regexp http\.https\:\/\/github\.com\/\.extraheader
2025-08-21T08:34:32.0339942Z [command]/usr/bin/git submodule foreach --recursive sh -c "git config --local --name-only --get-regexp 'http\.https\:\/\/github\.com\/\.extraheader' && git config --local --unset-all 'http.https://github.com/.extraheader' || :"
2025-08-21T08:34:32.0564243Z [command]/usr/bin/git config --local http.https://github.com/.extraheader AUTHORIZATION: basic ***
2025-08-21T08:34:32.0601041Z ##[endgroup]
2025-08-21T08:34:32.0601742Z ##[group]Fetching the repository
2025-08-21T08:34:32.0610043Z [command]/usr/bin/git -c protocol.version=2 fetch --no-tags --prune --no-recurse-submodules --depth=1 origin +1d1e7e4f11b9ac9b20b553beb5754ec863d5b3bf:refs/remotes/pull/327/merge
2025-08-21T08:34:32.3211052Z From https://github.com/AlexBomber12/AWA-App
2025-08-21T08:34:32.3211722Z  * [new ref]         1d1e7e4f11b9ac9b20b553beb5754ec863d5b3bf -> pull/327/merge
2025-08-21T08:34:32.3241886Z ##[endgroup]
2025-08-21T08:34:32.3242253Z ##[group]Determining the checkout info
2025-08-21T08:34:32.3244457Z ##[endgroup]
2025-08-21T08:34:32.3250707Z [command]/usr/bin/git sparse-checkout disable
2025-08-21T08:34:32.3290943Z [command]/usr/bin/git config --local --unset-all extensions.worktreeConfig
2025-08-21T08:34:32.3318748Z ##[group]Checking out the ref
2025-08-21T08:34:32.3323094Z [command]/usr/bin/git checkout --progress --force refs/remotes/pull/327/merge
2025-08-21T08:34:32.3649007Z Note: switching to 'refs/remotes/pull/327/merge'.
2025-08-21T08:34:32.3649394Z 
2025-08-21T08:34:32.3649710Z You are in 'detached HEAD' state. You can look around, make experimental
2025-08-21T08:34:32.3650409Z changes and commit them, and you can discard any commits you make in this
2025-08-21T08:34:32.3651110Z state without impacting any branches by switching back to a branch.
2025-08-21T08:34:32.3651532Z 
2025-08-21T08:34:32.3651799Z If you want to create a new branch to retain commits you create, you may
2025-08-21T08:34:32.3652426Z do so (now or later) by using -c with the switch command. Example:
2025-08-21T08:34:32.3652794Z 
2025-08-21T08:34:32.3652948Z   git switch -c <new-branch-name>
2025-08-21T08:34:32.3653209Z 
2025-08-21T08:34:32.3653642Z Or undo this operation with:
2025-08-21T08:34:32.3653865Z 
2025-08-21T08:34:32.3654006Z   git switch -
2025-08-21T08:34:32.3654194Z 
2025-08-21T08:34:32.3654510Z Turn off this advice by setting config variable advice.detachedHead to false
2025-08-21T08:34:32.3655009Z 
2025-08-21T08:34:32.3655370Z HEAD is now at 1d1e7e4 Merge c9ea34a696510f1c6ad99075018e7f3ab537332f into 2a89d3fad226f2b9a298a63379f49780ae5271ea
2025-08-21T08:34:32.3659321Z ##[endgroup]
2025-08-21T08:34:32.3700228Z [command]/usr/bin/git log -1 --format=%H
2025-08-21T08:34:32.3722841Z 1d1e7e4f11b9ac9b20b553beb5754ec863d5b3bf
2025-08-21T08:34:32.3891370Z ##[group]Run cat .env.ci >> "$GITHUB_ENV"
2025-08-21T08:34:32.3891742Z [36;1mcat .env.ci >> "$GITHUB_ENV"[0m
2025-08-21T08:34:32.3892430Z [36;1mecho "DATABASE_URL=***localhost:5432/awa" >> "$GITHUB_ENV"[0m
2025-08-21T08:34:32.3892800Z [36;1mecho "PG_HOST=localhost" >> "$GITHUB_ENV"[0m
2025-08-21T08:34:32.3893101Z [36;1mecho "PG_PORT=5432" >> "$GITHUB_ENV"[0m
2025-08-21T08:34:32.3893397Z [36;1mecho "PG_USER=postgres" >> "$GITHUB_ENV"[0m
2025-08-21T08:34:32.3893672Z [36;1mecho "PG_PASSWORD=pass" >> "$GITHUB_ENV"[0m
2025-08-21T08:34:32.3893944Z [36;1mecho "PG_DATABASE=awa" >> "$GITHUB_ENV"[0m
2025-08-21T08:34:32.3937661Z shell: /usr/bin/bash -e {0}
2025-08-21T08:34:32.3937887Z env:
2025-08-21T08:34:32.3938083Z   REDIS_URL: redis://localhost:6379/0
2025-08-21T08:34:32.3938331Z   RATE_LIMIT_DEFAULT: 100/minute
2025-08-21T08:34:32.3938544Z   TRUST_X_FORWARDED: 1
2025-08-21T08:34:32.3938725Z ##[endgroup]
2025-08-21T08:34:32.4118557Z ##[group]Run actions/setup-python@v5
2025-08-21T08:34:32.4118840Z with:
2025-08-21T08:34:32.4119009Z   python-version: 3.12
2025-08-21T08:34:32.4119203Z   cache: pip
2025-08-21T08:34:32.4119409Z   cache-dependency-path: requirements-dev.txt
2025-08-21T08:34:32.4119674Z   check-latest: false
2025-08-21T08:34:32.4119987Z   token: ***
2025-08-21T08:34:32.4120164Z   update-environment: true
2025-08-21T08:34:32.4120377Z   allow-prereleases: false
2025-08-21T08:34:32.4120580Z   freethreaded: false
2025-08-21T08:34:32.4120755Z env:
2025-08-21T08:34:32.4120929Z   REDIS_URL: redis://localhost:6379/0
2025-08-21T08:34:32.4121169Z   RATE_LIMIT_DEFAULT: 100/minute
2025-08-21T08:34:32.4121376Z   TRUST_X_FORWARDED: 1
2025-08-21T08:34:32.4121550Z   PG_USER: postgres
2025-08-21T08:34:32.4121730Z   PG_PASSWORD: pass
2025-08-21T08:34:32.4121898Z   PG_DATABASE: awa
2025-08-21T08:34:32.4122067Z   PG_HOST: localhost
2025-08-21T08:34:32.4122232Z   PG_PORT: 5432
2025-08-21T08:34:32.4122630Z   PG_SYNC_DSN: ***localhost:5432/awa
2025-08-21T08:34:32.4123025Z   PG_ASYNC_DSN: ***localhost:5432/awa
2025-08-21T08:34:32.4123406Z   DATABASE_URL: ***localhost:5432/awa
2025-08-21T08:34:32.4123631Z   DATA_DIR: /tmp/awa-data
2025-08-21T08:34:32.4123812Z   ENABLE_LIVE: 0
2025-08-21T08:34:32.4123972Z   TESTING: 1
2025-08-21T08:34:32.4124118Z ##[endgroup]
2025-08-21T08:34:32.5803434Z ##[group]Installed versions
2025-08-21T08:34:32.6407478Z Successfully set up CPython (3.12.11)
2025-08-21T08:34:32.6408223Z ##[endgroup]
2025-08-21T08:34:32.6775225Z [command]/opt/hostedtoolcache/Python/3.12.11/x64/bin/pip cache dir
2025-08-21T08:34:34.2996027Z /home/runner/.cache/pip
2025-08-21T08:34:34.4495456Z Cache hit for: setup-python-Linux-x64-24.04-Ubuntu-python-3.12.11-pip-cc13ccef493b9f3a93ad5651164d9fb09282c1111f6f72ce20e0657de16de6b4
2025-08-21T08:34:35.4960333Z Received 222298112 of 376053341 (59.1%), 212.0 MBs/sec
2025-08-21T08:34:36.2360359Z Received 376053341 of 376053341 (100.0%), 206.1 MBs/sec
2025-08-21T08:34:36.2403619Z Cache Size: ~359 MB (376053341 B)
2025-08-21T08:34:36.2478711Z [command]/usr/bin/tar -xf /home/runner/work/_temp/39fe9d3e-0e03-4e14-b4e8-66997ca180fd/cache.tzst -P -C /home/runner/work/AWA-App/AWA-App --use-compress-program unzstd
2025-08-21T08:34:36.8182291Z Cache restored successfully
2025-08-21T08:34:36.8887104Z Cache restored from key: setup-python-Linux-x64-24.04-Ubuntu-python-3.12.11-pip-cc13ccef493b9f3a93ad5651164d9fb09282c1111f6f72ce20e0657de16de6b4
2025-08-21T08:34:36.9039793Z ##[group]Run pip install --break-system-packages -r requirements-dev.txt
2025-08-21T08:34:36.9040323Z [36;1mpip install --break-system-packages -r requirements-dev.txt[0m
2025-08-21T08:34:36.9040758Z [36;1mpip install --break-system-packages keepa==1.3.15 minio==7.1.15[0m
2025-08-21T08:34:36.9085248Z shell: /usr/bin/bash -e {0}
2025-08-21T08:34:36.9085473Z env:
2025-08-21T08:34:36.9085675Z   REDIS_URL: redis://localhost:6379/0
2025-08-21T08:34:36.9085935Z   RATE_LIMIT_DEFAULT: 100/minute
2025-08-21T08:34:36.9086147Z   TRUST_X_FORWARDED: 1
2025-08-21T08:34:36.9086341Z   PG_USER: postgres
2025-08-21T08:34:36.9086530Z   PG_PASSWORD: pass
2025-08-21T08:34:36.9086701Z   PG_DATABASE: awa
2025-08-21T08:34:36.9086875Z   PG_HOST: localhost
2025-08-21T08:34:36.9087056Z   PG_PORT: 5432
2025-08-21T08:34:36.9087551Z   PG_SYNC_DSN: ***localhost:5432/awa
2025-08-21T08:34:36.9088013Z   PG_ASYNC_DSN: ***localhost:5432/awa
2025-08-21T08:34:36.9088398Z   DATABASE_URL: ***localhost:5432/awa
2025-08-21T08:34:36.9088666Z   DATA_DIR: /tmp/awa-data
2025-08-21T08:34:36.9088860Z   ENABLE_LIVE: 0
2025-08-21T08:34:36.9089028Z   TESTING: 1
2025-08-21T08:34:36.9089254Z   pythonLocation: /opt/hostedtoolcache/Python/3.12.11/x64
2025-08-21T08:34:36.9089648Z   PKG_CONFIG_PATH: /opt/hostedtoolcache/Python/3.12.11/x64/lib/pkgconfig
2025-08-21T08:34:36.9090030Z   Python_ROOT_DIR: /opt/hostedtoolcache/Python/3.12.11/x64
2025-08-21T08:34:36.9090373Z   Python2_ROOT_DIR: /opt/hostedtoolcache/Python/3.12.11/x64
2025-08-21T08:34:36.9090739Z   Python3_ROOT_DIR: /opt/hostedtoolcache/Python/3.12.11/x64
2025-08-21T08:34:36.9091107Z   LD_LIBRARY_PATH: /opt/hostedtoolcache/Python/3.12.11/x64/lib
2025-08-21T08:34:36.9091391Z ##[endgroup]
2025-08-21T08:34:38.3248314Z Collecting Jinja2==3.1.6 (from -r requirements-dev.txt (line 2))
2025-08-21T08:34:38.3261652Z   Using cached jinja2-3.1.6-py3-none-any.whl.metadata (2.9 kB)
2025-08-21T08:34:38.3511567Z Collecting alembic==1.16.4 (from -r requirements-dev.txt (line 3))
2025-08-21T08:34:38.3523540Z   Using cached alembic-1.16.4-py3-none-any.whl.metadata (7.3 kB)
2025-08-21T08:34:38.3710671Z Collecting apscheduler==3.10.4 (from -r requirements-dev.txt (line 4))
2025-08-21T08:34:38.3724155Z   Using cached APScheduler-3.10.4-py3-none-any.whl.metadata (5.7 kB)
2025-08-21T08:34:38.3904467Z Collecting asgi-correlation-id==4.3.1 (from -r requirements-dev.txt (line 5))
2025-08-21T08:34:38.3915613Z   Using cached asgi_correlation_id-4.3.1-py3-none-any.whl.metadata (28 kB)
2025-08-21T08:34:38.4345802Z Collecting asyncpg==0.30.0 (from -r requirements-dev.txt (line 6))
2025-08-21T08:34:38.4358575Z   Using cached asyncpg-0.30.0-cp312-cp312-manylinux_2_17_x86_64.manylinux2014_x86_64.whl.metadata (5.0 kB)
2025-08-21T08:34:38.4822508Z Collecting black==25.1.0 (from -r requirements-dev.txt (line 7))
2025-08-21T08:34:38.4835948Z   Using cached black-25.1.0-cp312-cp312-manylinux_2_17_x86_64.manylinux2014_x86_64.manylinux_2_28_x86_64.whl.metadata (81 kB)
2025-08-21T08:34:38.8196263Z Collecting boto3 (from -r requirements-dev.txt (line 8))
2025-08-21T08:34:38.8209095Z   Using cached boto3-1.40.14-py3-none-any.whl.metadata (6.7 kB)
2025-08-21T08:34:38.8518593Z Collecting redis==6.* (from -r requirements-dev.txt (line 9))
2025-08-21T08:34:38.8529832Z   Using cached redis-6.4.0-py3-none-any.whl.metadata (10 kB)
2025-08-21T08:34:38.8869899Z Collecting minio==7.* (from -r requirements-dev.txt (line 10))
2025-08-21T08:34:38.8881465Z   Using cached minio-7.2.16-py3-none-any.whl.metadata (6.5 kB)
2025-08-21T08:34:38.9047665Z Collecting vulture==2.10 (from -r requirements-dev.txt (line 11))
2025-08-21T08:34:38.9059020Z   Using cached vulture-2.10-py2.py3-none-any.whl.metadata (23 kB)
2025-08-21T08:34:38.9396625Z Collecting celery==5.5.3 (from -r requirements-dev.txt (line 12))
2025-08-21T08:34:38.9408822Z   Using cached celery-5.5.3-py3-none-any.whl.metadata (22 kB)
2025-08-21T08:34:39.0016139Z Collecting fastapi==0.116.1 (from -r requirements-dev.txt (line 13))
2025-08-21T08:34:39.0029426Z   Using cached fastapi-0.116.1-py3-none-any.whl.metadata (28 kB)
2025-08-21T08:34:39.0217694Z Collecting fastapi-limiter==0.1.6 (from -r requirements-dev.txt (line 15))
2025-08-21T08:34:39.0228972Z   Using cached fastapi_limiter-0.1.6-py3-none-any.whl.metadata (5.3 kB)
2025-08-21T08:34:39.0446240Z Collecting httpx<0.29,>=0.27 (from -r requirements-dev.txt (line 16))
2025-08-21T08:34:39.0462159Z   Using cached httpx-0.28.1-py3-none-any.whl.metadata (7.1 kB)
2025-08-21T08:34:39.0611976Z Collecting imapclient==3.0.1 (from -r requirements-dev.txt (line 17))
2025-08-21T08:34:39.0623808Z   Using cached IMAPClient-3.0.1-py2.py3-none-any.whl.metadata (1.7 kB)
2025-08-21T08:34:39.0771837Z Collecting itsdangerous (from -r requirements-dev.txt (line 18))
2025-08-21T08:34:39.0783276Z   Using cached itsdangerous-2.2.0-py3-none-any.whl.metadata (1.9 kB)
2025-08-21T08:34:39.1780265Z Collecting mypy==1.* (from -r requirements-dev.txt (line 19))
2025-08-21T08:34:39.1793422Z   Using cached mypy-1.17.1-cp312-cp312-manylinux2014_x86_64.manylinux_2_17_x86_64.manylinux_2_28_x86_64.whl.metadata (2.2 kB)
2025-08-21T08:34:39.1929173Z Collecting mypy-extensions==1.1.0 (from -r requirements-dev.txt (line 20))
2025-08-21T08:34:39.1945451Z   Using cached mypy_extensions-1.1.0-py3-none-any.whl.metadata (1.1 kB)
2025-08-21T08:34:39.3865081Z Collecting numpy<2 (from -r requirements-dev.txt (line 21))
2025-08-21T08:34:39.3878209Z   Using cached numpy-1.26.4-cp312-cp312-manylinux_2_17_x86_64.manylinux2014_x86_64.whl.metadata (61 kB)
2025-08-21T08:34:39.4242070Z Collecting openpyxl==3.1.5 (from -r requirements-dev.txt (line 22))
2025-08-21T08:34:39.4255382Z   Using cached openpyxl-3.1.5-py2.py3-none-any.whl.metadata (2.5 kB)
2025-08-21T08:34:39.5342597Z Collecting pandas==2.2.* (from -r requirements-dev.txt (line 23))
2025-08-21T08:34:39.5356235Z   Using cached pandas-2.2.3-cp312-cp312-manylinux_2_17_x86_64.manylinux2014_x86_64.whl.metadata (89 kB)
2025-08-21T08:34:39.6309981Z Collecting psycopg2-binary==2.9.10 (from -r requirements-dev.txt (line 24))
2025-08-21T08:34:39.6322973Z   Using cached psycopg2_binary-2.9.10-cp312-cp312-manylinux_2_17_x86_64.manylinux2014_x86_64.whl.metadata (4.9 kB)
2025-08-21T08:34:39.6507055Z Collecting psycopg==3.2.9 (from psycopg[binary]==3.2.9->-r requirements-dev.txt (line 25))
2025-08-21T08:34:39.6519073Z   Using cached psycopg-3.2.9-py3-none-any.whl.metadata (4.5 kB)
2025-08-21T08:34:39.7635814Z Collecting pydantic==2.11.7 (from -r requirements-dev.txt (line 26))
2025-08-21T08:34:39.7649697Z   Using cached pydantic-2.11.7-py3-none-any.whl.metadata (67 kB)
2025-08-21T08:34:39.8891410Z Collecting setuptools (from -r requirements-dev.txt (line 27))
2025-08-21T08:34:39.8905917Z   Using cached setuptools-80.9.0-py3-none-any.whl.metadata (6.6 kB)
2025-08-21T08:34:39.9192059Z Collecting pytest-asyncio==1.1.0 (from -r requirements-dev.txt (line 28))
2025-08-21T08:34:39.9205078Z   Using cached pytest_asyncio-1.1.0-py3-none-any.whl.metadata (4.1 kB)
2025-08-21T08:34:39.9382195Z Collecting pytest-cov==6.2.1 (from -r requirements-dev.txt (line 29))
2025-08-21T08:34:39.9394728Z   Using cached pytest_cov-6.2.1-py3-none-any.whl.metadata (30 kB)
2025-08-21T08:34:39.9587796Z Collecting pytest-postgresql==7.0.2 (from -r requirements-dev.txt (line 30))
2025-08-21T08:34:39.9599953Z   Using cached pytest_postgresql-7.0.2-py3-none-any.whl.metadata (18 kB)
2025-08-21T08:34:39.9802840Z Collecting python-dotenv (from -r requirements-dev.txt (line 31))
2025-08-21T08:34:39.9837589Z   Using cached python_dotenv-1.1.1-py3-none-any.whl.metadata (24 kB)
2025-08-21T08:34:39.9982342Z Collecting python-multipart (from -r requirements-dev.txt (line 32))
2025-08-21T08:34:39.9995171Z   Using cached python_multipart-0.0.20-py3-none-any.whl.metadata (1.8 kB)
2025-08-21T08:34:40.0310293Z Collecting python-telegram-bot==22.3 (from -r requirements-dev.txt (line 33))
2025-08-21T08:34:40.0323305Z   Using cached python_telegram_bot-22.3-py3-none-any.whl.metadata (17 kB)
2025-08-21T08:34:40.0638434Z Collecting requests==2.32.4 (from -r requirements-dev.txt (line 34))
2025-08-21T08:34:40.0650909Z   Using cached requests-2.32.4-py3-none-any.whl.metadata (4.9 kB)
2025-08-21T08:34:40.0831804Z Collecting respx==0.22.0 (from -r requirements-dev.txt (line 35))
2025-08-21T08:34:40.0843565Z   Using cached respx-0.22.0-py2.py3-none-any.whl.metadata (4.1 kB)
2025-08-21T08:34:40.4556543Z Collecting ruff==0.9.9 (from -r requirements-dev.txt (line 36))
2025-08-21T08:34:40.4570832Z   Using cached ruff-0.9.9-py3-none-manylinux_2_17_x86_64.manylinux2014_x86_64.whl.metadata (25 kB)
2025-08-21T08:34:40.7146843Z Collecting sqlalchemy==2.0.43 (from -r requirements-dev.txt (line 37))
2025-08-21T08:34:40.7160812Z   Using cached sqlalchemy-2.0.43-cp312-cp312-manylinux_2_17_x86_64.manylinux2014_x86_64.whl.metadata (9.6 kB)
2025-08-21T08:34:40.7411976Z Collecting structlog==24.1.0 (from -r requirements-dev.txt (line 38))
2025-08-21T08:34:40.7425820Z   Using cached structlog-24.1.0-py3-none-any.whl.metadata (6.9 kB)
2025-08-21T08:34:40.7636439Z Collecting testcontainers==4.12.0 (from testcontainers[postgres]==4.12.0->-r requirements-dev.txt (line 39))
2025-08-21T08:34:40.7648500Z   Using cached testcontainers-4.12.0-py3-none-any.whl.metadata (8.3 kB)
2025-08-21T08:34:40.8056622Z Collecting types-requests==2.32.4.20250809 (from -r requirements-dev.txt (line 40))
2025-08-21T08:34:40.8068026Z   Using cached types_requests-2.32.4.20250809-py3-none-any.whl.metadata (2.0 kB)
2025-08-21T08:34:40.8232864Z Collecting docspec-python==2.2.2 (from -r requirements-dev.txt (line 41))
2025-08-21T08:34:40.8244135Z   Using cached docspec_python-2.2.2-py3-none-any.whl.metadata (1.0 kB)
2025-08-21T08:34:40.8467495Z Collecting pydoc-markdown==4.8.2 (from -r requirements-dev.txt (line 42))
2025-08-21T08:34:40.8478804Z   Using cached pydoc_markdown-4.8.2-py3-none-any.whl.metadata (5.9 kB)
2025-08-21T08:34:40.9291451Z Collecting pandera==0.19.* (from -r requirements-dev.txt (line 43))
2025-08-21T08:34:40.9305908Z   Using cached pandera-0.19.3-py3-none-any.whl.metadata (15 kB)
2025-08-21T08:34:40.9927820Z Collecting MarkupSafe>=2.0 (from Jinja2==3.1.6->-r requirements-dev.txt (line 2))
2025-08-21T08:34:40.9942017Z   Using cached MarkupSafe-3.0.2-cp312-cp312-manylinux_2_17_x86_64.manylinux2014_x86_64.whl.metadata (4.0 kB)
2025-08-21T08:34:41.0309434Z Collecting Mako (from alembic==1.16.4->-r requirements-dev.txt (line 3))
2025-08-21T08:34:41.0321504Z   Using cached mako-1.3.10-py3-none-any.whl.metadata (2.9 kB)
2025-08-21T08:34:41.0525580Z Collecting typing-extensions>=4.12 (from alembic==1.16.4->-r requirements-dev.txt (line 3))
2025-08-21T08:34:41.0537027Z   Using cached typing_extensions-4.14.1-py3-none-any.whl.metadata (3.0 kB)
2025-08-21T08:34:41.0815893Z Collecting six>=1.4.0 (from apscheduler==3.10.4->-r requirements-dev.txt (line 4))
2025-08-21T08:34:41.0827284Z   Using cached six-1.17.0-py2.py3-none-any.whl.metadata (1.7 kB)
2025-08-21T08:34:41.1193588Z Collecting pytz (from apscheduler==3.10.4->-r requirements-dev.txt (line 4))
2025-08-21T08:34:41.1206609Z   Using cached pytz-2025.2-py2.py3-none-any.whl.metadata (22 kB)
2025-08-21T08:34:41.1403336Z Collecting tzlocal!=3.*,>=2.0 (from apscheduler==3.10.4->-r requirements-dev.txt (line 4))
2025-08-21T08:34:41.1414686Z   Using cached tzlocal-5.3.1-py3-none-any.whl.metadata (7.6 kB)
2025-08-21T08:34:41.1745349Z Collecting starlette>=0.18 (from asgi-correlation-id==4.3.1->-r requirements-dev.txt (line 5))
2025-08-21T08:34:41.1757791Z   Using cached starlette-0.47.2-py3-none-any.whl.metadata (6.2 kB)
2025-08-21T08:34:41.1995042Z Collecting click>=8.0.0 (from black==25.1.0->-r requirements-dev.txt (line 7))
2025-08-21T08:34:41.2007715Z   Using cached click-8.2.1-py3-none-any.whl.metadata (2.5 kB)
2025-08-21T08:34:41.2312484Z Collecting packaging>=22.0 (from black==25.1.0->-r requirements-dev.txt (line 7))
2025-08-21T08:34:41.2325353Z   Using cached packaging-25.0-py3-none-any.whl.metadata (3.3 kB)
2025-08-21T08:34:41.2476716Z Collecting pathspec>=0.9.0 (from black==25.1.0->-r requirements-dev.txt (line 7))
2025-08-21T08:34:41.2489196Z   Using cached pathspec-0.12.1-py3-none-any.whl.metadata (21 kB)
2025-08-21T08:34:41.2710736Z Collecting platformdirs>=2 (from black==25.1.0->-r requirements-dev.txt (line 7))
2025-08-21T08:34:41.2722379Z   Using cached platformdirs-4.3.8-py3-none-any.whl.metadata (12 kB)
2025-08-21T08:34:41.2907627Z Collecting toml (from vulture==2.10->-r requirements-dev.txt (line 11))
2025-08-21T08:34:41.2918832Z   Using cached toml-0.10.2-py2.py3-none-any.whl.metadata (7.1 kB)
2025-08-21T08:34:41.3120265Z Collecting billiard<5.0,>=4.2.1 (from celery==5.5.3->-r requirements-dev.txt (line 12))
2025-08-21T08:34:41.3131950Z   Using cached billiard-4.2.1-py3-none-any.whl.metadata (4.4 kB)
2025-08-21T08:34:41.3466292Z Collecting kombu<5.6,>=5.5.2 (from celery==5.5.3->-r requirements-dev.txt (line 12))
2025-08-21T08:34:41.3478404Z   Using cached kombu-5.5.4-py3-none-any.whl.metadata (3.5 kB)
2025-08-21T08:34:41.3657678Z Collecting vine<6.0,>=5.1.0 (from celery==5.5.3->-r requirements-dev.txt (line 12))
2025-08-21T08:34:41.3669315Z   Using cached vine-5.1.0-py3-none-any.whl.metadata (2.7 kB)
2025-08-21T08:34:41.3839546Z Collecting click-didyoumean>=0.3.0 (from celery==5.5.3->-r requirements-dev.txt (line 12))
2025-08-21T08:34:41.3850629Z   Using cached click_didyoumean-0.3.1-py3-none-any.whl.metadata (3.9 kB)
2025-08-21T08:34:41.3970254Z Collecting click-repl>=0.2.0 (from celery==5.5.3->-r requirements-dev.txt (line 12))
2025-08-21T08:34:41.3981365Z   Using cached click_repl-0.3.0-py3-none-any.whl.metadata (3.6 kB)
2025-08-21T08:34:41.4103196Z Collecting click-plugins>=1.1.1 (from celery==5.5.3->-r requirements-dev.txt (line 12))
2025-08-21T08:34:41.4114505Z   Using cached click_plugins-1.1.1.2-py2.py3-none-any.whl.metadata (6.5 kB)
2025-08-21T08:34:41.4268830Z Collecting python-dateutil>=2.8.2 (from celery==5.5.3->-r requirements-dev.txt (line 12))
2025-08-21T08:34:41.4280512Z   Using cached python_dateutil-2.9.0.post0-py2.py3-none-any.whl.metadata (8.4 kB)
2025-08-21T08:34:41.4675339Z Collecting annotated-types>=0.6.0 (from pydantic==2.11.7->-r requirements-dev.txt (line 26))
2025-08-21T08:34:41.4687043Z   Using cached annotated_types-0.7.0-py3-none-any.whl.metadata (15 kB)
2025-08-21T08:34:42.1284577Z Collecting pydantic-core==2.33.2 (from pydantic==2.11.7->-r requirements-dev.txt (line 26))
2025-08-21T08:34:42.1298036Z   Using cached pydantic_core-2.33.2-cp312-cp312-manylinux_2_17_x86_64.manylinux2014_x86_64.whl.metadata (6.8 kB)
2025-08-21T08:34:42.1459472Z Collecting typing-inspection>=0.4.0 (from pydantic==2.11.7->-r requirements-dev.txt (line 26))
2025-08-21T08:34:42.1470920Z   Using cached typing_inspection-0.4.1-py3-none-any.whl.metadata (2.6 kB)
2025-08-21T08:34:42.1763978Z Collecting et-xmlfile (from openpyxl==3.1.5->-r requirements-dev.txt (line 22))
2025-08-21T08:34:42.1775379Z   Using cached et_xmlfile-2.0.0-py3-none-any.whl.metadata (2.7 kB)
2025-08-21T08:34:42.2239379Z Collecting pytest<9,>=8.2 (from pytest-asyncio==1.1.0->-r requirements-dev.txt (line 28))
2025-08-21T08:34:42.2251856Z   Using cached pytest-8.4.1-py3-none-any.whl.metadata (7.7 kB)
2025-08-21T08:34:42.5369370Z Collecting coverage>=7.5 (from coverage[toml]>=7.5->pytest-cov==6.2.1->-r requirements-dev.txt (line 29))
2025-08-21T08:34:42.5382743Z   Using cached coverage-7.10.4-cp312-cp312-manylinux1_x86_64.manylinux_2_28_x86_64.manylinux_2_5_x86_64.whl.metadata (8.9 kB)
2025-08-21T08:34:42.5536079Z Collecting pluggy>=1.2 (from pytest-cov==6.2.1->-r requirements-dev.txt (line 29))
2025-08-21T08:34:42.5547671Z   Using cached pluggy-1.6.0-py3-none-any.whl.metadata (4.8 kB)
2025-08-21T08:34:42.5836577Z Collecting port-for>=0.7.3 (from pytest-postgresql==7.0.2->-r requirements-dev.txt (line 30))
2025-08-21T08:34:42.5847929Z   Using cached port_for-0.7.4-py3-none-any.whl.metadata (7.1 kB)
2025-08-21T08:34:42.6006216Z Collecting mirakuru>=2.6.0 (from pytest-postgresql==7.0.2->-r requirements-dev.txt (line 30))
2025-08-21T08:34:42.6017564Z   Using cached mirakuru-2.6.1-py3-none-any.whl.metadata (10 kB)
2025-08-21T08:34:42.6866577Z Collecting charset_normalizer<4,>=2 (from requests==2.32.4->-r requirements-dev.txt (line 34))
2025-08-21T08:34:42.6880758Z   Using cached charset_normalizer-3.4.3-cp312-cp312-manylinux2014_x86_64.manylinux_2_17_x86_64.manylinux_2_28_x86_64.whl.metadata (36 kB)
2025-08-21T08:34:42.7066576Z Collecting idna<4,>=2.5 (from requests==2.32.4->-r requirements-dev.txt (line 34))
2025-08-21T08:34:42.7078932Z   Using cached idna-3.10-py3-none-any.whl.metadata (10 kB)
2025-08-21T08:34:42.7387535Z Collecting urllib3<3,>=1.21.1 (from requests==2.32.4->-r requirements-dev.txt (line 34))
2025-08-21T08:34:42.7400623Z   Using cached urllib3-2.5.0-py3-none-any.whl.metadata (6.5 kB)
2025-08-21T08:34:42.7636895Z Collecting certifi>=2017.4.17 (from requests==2.32.4->-r requirements-dev.txt (line 34))
2025-08-21T08:34:42.7649053Z   Using cached certifi-2025.8.3-py3-none-any.whl.metadata (2.4 kB)
2025-08-21T08:34:42.9716188Z Collecting greenlet>=1 (from sqlalchemy==2.0.43->-r requirements-dev.txt (line 37))
2025-08-21T08:34:42.9729833Z   Using cached greenlet-3.2.4-cp312-cp312-manylinux_2_24_x86_64.manylinux_2_28_x86_64.whl.metadata (4.1 kB)
2025-08-21T08:34:42.9998493Z Collecting docker (from testcontainers==4.12.0->testcontainers[postgres]==4.12.0->-r requirements-dev.txt (line 39))
2025-08-21T08:34:43.0010646Z   Using cached docker-7.1.0-py3-none-any.whl.metadata (3.8 kB)
2025-08-21T08:34:43.1005895Z Collecting wrapt (from testcontainers==4.12.0->testcontainers[postgres]==4.12.0->-r requirements-dev.txt (line 39))
2025-08-21T08:34:43.1019573Z   Using cached wrapt-1.17.3-cp312-cp312-manylinux1_x86_64.manylinux_2_28_x86_64.manylinux_2_5_x86_64.whl.metadata (6.4 kB)
2025-08-21T08:34:43.1339393Z Collecting docspec==2.2.1 (from docspec-python==2.2.2->-r requirements-dev.txt (line 41))
2025-08-21T08:34:43.1351298Z   Using cached docspec-2.2.1-py3-none-any.whl.metadata (1.5 kB)
2025-08-21T08:34:43.1541240Z Collecting nr-util>=0.8.12 (from docspec-python==2.2.2->-r requirements-dev.txt (line 41))
2025-08-21T08:34:43.1553311Z   Using cached nr.util-0.8.12-py3-none-any.whl.metadata (813 bytes)
2025-08-21T08:34:43.1931851Z Collecting PyYAML<7.0,>=5.0 (from pydoc-markdown==4.8.2->-r requirements-dev.txt (line 42))
2025-08-21T08:34:43.1945727Z   Using cached PyYAML-6.0.2-cp312-cp312-manylinux_2_17_x86_64.manylinux2014_x86_64.whl.metadata (2.1 kB)
2025-08-21T08:34:43.2271836Z Collecting databind.core<5.0.0,>=4.4.0 (from pydoc-markdown==4.8.2->-r requirements-dev.txt (line 42))
2025-08-21T08:34:43.2285152Z   Using cached databind.core-4.5.2-py3-none-any.whl.metadata (1.1 kB)
2025-08-21T08:34:43.2530187Z Collecting databind.json<5.0.0,>=4.4.0 (from pydoc-markdown==4.8.2->-r requirements-dev.txt (line 42))
2025-08-21T08:34:43.2542096Z   Using cached databind.json-4.5.2-py3-none-any.whl.metadata (1.1 kB)
2025-08-21T08:34:43.2708649Z Collecting docstring-parser<0.12,>=0.11 (from pydoc-markdown==4.8.2->-r requirements-dev.txt (line 42))
2025-08-21T08:34:43.2710171Z   Using cached docstring_parser-0.11-py3-none-any.whl
2025-08-21T08:34:43.3155211Z Collecting tomli<3.0.0,>=2.0.0 (from pydoc-markdown==4.8.2->-r requirements-dev.txt (line 42))
2025-08-21T08:34:43.3166776Z   Using cached tomli-2.2.1-cp312-cp312-manylinux_2_17_x86_64.manylinux2014_x86_64.whl.metadata (11 kB)
2025-08-21T08:34:43.3296770Z Collecting tomli_w<2.0.0,>=1.0.0 (from pydoc-markdown==4.8.2->-r requirements-dev.txt (line 42))
2025-08-21T08:34:43.3308135Z   Using cached tomli_w-1.2.0-py3-none-any.whl.metadata (5.7 kB)
2025-08-21T08:34:43.3775736Z Collecting watchdog (from pydoc-markdown==4.8.2->-r requirements-dev.txt (line 42))
2025-08-21T08:34:43.3788502Z   Using cached watchdog-6.0.0-py3-none-manylinux2014_x86_64.whl.metadata (44 kB)
2025-08-21T08:34:43.4029597Z Collecting yapf>=0.30.0 (from pydoc-markdown==4.8.2->-r requirements-dev.txt (line 42))
2025-08-21T08:34:43.4041147Z   Using cached yapf-0.43.0-py3-none-any.whl.metadata (46 kB)
2025-08-21T08:34:43.4262299Z Collecting Deprecated<2.0.0,>=1.2.12 (from docspec==2.2.1->docspec-python==2.2.2->-r requirements-dev.txt (line 41))
2025-08-21T08:34:43.4274333Z   Using cached Deprecated-1.2.18-py2.py3-none-any.whl.metadata (5.7 kB)
2025-08-21T08:34:43.5968490Z Collecting psycopg-binary==3.2.9 (from psycopg[binary]==3.2.9->-r requirements-dev.txt (line 25))
2025-08-21T08:34:43.5981384Z   Using cached psycopg_binary-3.2.9-cp312-cp312-manylinux_2_17_x86_64.manylinux2014_x86_64.whl.metadata (2.9 kB)
2025-08-21T08:34:43.6356207Z Collecting argon2-cffi (from minio==7.*->-r requirements-dev.txt (line 10))
2025-08-21T08:34:43.6368575Z   Using cached argon2_cffi-25.1.0-py3-none-any.whl.metadata (4.1 kB)
2025-08-21T08:34:43.7275703Z Collecting pycryptodome (from minio==7.*->-r requirements-dev.txt (line 10))
2025-08-21T08:34:43.7290346Z   Using cached pycryptodome-3.23.0-cp37-abi3-manylinux_2_17_x86_64.manylinux2014_x86_64.whl.metadata (3.4 kB)
2025-08-21T08:34:43.7539384Z Collecting anyio (from httpx<0.29,>=0.27->-r requirements-dev.txt (line 16))
2025-08-21T08:34:43.7552629Z   Using cached anyio-4.10.0-py3-none-any.whl.metadata (4.0 kB)
2025-08-21T08:34:43.7788162Z Collecting httpcore==1.* (from httpx<0.29,>=0.27->-r requirements-dev.txt (line 16))
2025-08-21T08:34:43.7800473Z   Using cached httpcore-1.0.9-py3-none-any.whl.metadata (21 kB)
2025-08-21T08:34:43.8178430Z Collecting tzdata>=2022.7 (from pandas==2.2.*->-r requirements-dev.txt (line 23))
2025-08-21T08:34:43.8190675Z   Using cached tzdata-2025.2-py2.py3-none-any.whl.metadata (1.4 kB)
2025-08-21T08:34:43.8381580Z Collecting multimethod<=1.10.0 (from pandera==0.19.*->-r requirements-dev.txt (line 43))
2025-08-21T08:34:43.8393226Z   Using cached multimethod-1.10-py3-none-any.whl.metadata (8.2 kB)
2025-08-21T08:34:43.8823654Z Collecting typeguard (from pandera==0.19.*->-r requirements-dev.txt (line 43))
2025-08-21T08:34:43.8836608Z   Using cached typeguard-4.4.4-py3-none-any.whl.metadata (3.3 kB)
2025-08-21T08:34:43.8972680Z Collecting typing-inspect>=0.6.0 (from pandera==0.19.*->-r requirements-dev.txt (line 43))
2025-08-21T08:34:43.8984493Z   Using cached typing_inspect-0.9.0-py3-none-any.whl.metadata (1.5 kB)
2025-08-21T08:34:43.9319028Z Collecting databind<5.0.0,>=4.5.2 (from databind.core<5.0.0,>=4.4.0->pydoc-markdown==4.8.2->-r requirements-dev.txt (line 42))
2025-08-21T08:34:43.9332035Z   Using cached databind-4.5.2-py3-none-any.whl.metadata (4.3 kB)
2025-08-21T08:34:43.9490855Z Collecting nr-date<3.0.0,>=2.0.0 (from databind<5.0.0,>=4.5.2->databind.core<5.0.0,>=4.4.0->pydoc-markdown==4.8.2->-r requirements-dev.txt (line 42))
2025-08-21T08:34:43.9502843Z   Using cached nr_date-2.1.0-py3-none-any.whl.metadata (746 bytes)
2025-08-21T08:34:43.9660402Z Collecting nr-stream<2.0.0,>=1.0.0 (from databind<5.0.0,>=4.5.2->databind.core<5.0.0,>=4.4.0->pydoc-markdown==4.8.2->-r requirements-dev.txt (line 42))
2025-08-21T08:34:43.9672041Z   Using cached nr_stream-1.1.5-py3-none-any.whl.metadata (3.6 kB)
2025-08-21T08:34:43.9878091Z Collecting typeapi<3,>=2.0.1 (from databind<5.0.0,>=4.5.2->databind.core<5.0.0,>=4.4.0->pydoc-markdown==4.8.2->-r requirements-dev.txt (line 42))
2025-08-21T08:34:43.9890103Z   Using cached typeapi-2.2.4-py3-none-any.whl.metadata (1.5 kB)
2025-08-21T08:34:44.0208126Z Collecting h11>=0.16 (from httpcore==1.*->httpx<0.29,>=0.27->-r requirements-dev.txt (line 16))
2025-08-21T08:34:44.0220326Z   Using cached h11-0.16.0-py3-none-any.whl.metadata (8.3 kB)
2025-08-21T08:34:44.0470885Z Collecting amqp<6.0.0,>=5.1.1 (from kombu<5.6,>=5.5.2->celery==5.5.3->-r requirements-dev.txt (line 12))
2025-08-21T08:34:44.0482786Z   Using cached amqp-5.3.1-py3-none-any.whl.metadata (8.9 kB)
2025-08-21T08:34:44.0910517Z Collecting iniconfig>=1 (from pytest<9,>=8.2->pytest-asyncio==1.1.0->-r requirements-dev.txt (line 28))
2025-08-21T08:34:44.0921993Z   Using cached iniconfig-2.1.0-py3-none-any.whl.metadata (2.7 kB)
2025-08-21T08:34:44.1178988Z Collecting pygments>=2.7.2 (from pytest<9,>=8.2->pytest-asyncio==1.1.0->-r requirements-dev.txt (line 28))
2025-08-21T08:34:44.1191339Z   Using cached pygments-2.19.2-py3-none-any.whl.metadata (2.5 kB)
2025-08-21T08:34:44.1580489Z Collecting sniffio>=1.1 (from anyio->httpx<0.29,>=0.27->-r requirements-dev.txt (line 16))
2025-08-21T08:34:44.1593637Z   Using cached sniffio-1.3.1-py3-none-any.whl.metadata (3.9 kB)
2025-08-21T08:34:44.7108724Z Collecting botocore<1.41.0,>=1.40.14 (from boto3->-r requirements-dev.txt (line 8))
2025-08-21T08:34:44.7121933Z   Using cached botocore-1.40.14-py3-none-any.whl.metadata (5.7 kB)
2025-08-21T08:34:44.7279019Z Collecting jmespath<2.0.0,>=0.7.1 (from boto3->-r requirements-dev.txt (line 8))
2025-08-21T08:34:44.7289989Z   Using cached jmespath-1.0.1-py3-none-any.whl.metadata (7.6 kB)
2025-08-21T08:34:44.7488307Z Collecting s3transfer<0.14.0,>=0.13.0 (from boto3->-r requirements-dev.txt (line 8))
2025-08-21T08:34:44.7503782Z   Using cached s3transfer-0.13.1-py3-none-any.whl.metadata (1.7 kB)
2025-08-21T08:34:44.9652684Z Collecting fastapi-cli>=0.0.8 (from fastapi-cli[standard]>=0.0.8; extra == "all"->fastapi[all]->-r requirements-dev.txt (line 14))
2025-08-21T08:34:44.9663783Z   Using cached fastapi_cli-0.0.8-py3-none-any.whl.metadata (6.3 kB)
2025-08-21T08:34:45.0513761Z Collecting ujson!=4.0.2,!=4.1.0,!=4.2.0,!=4.3.0,!=5.0.0,!=5.1.0,>=4.0.1 (from fastapi[all]->-r requirements-dev.txt (line 14))
2025-08-21T08:34:45.0527184Z   Using cached ujson-5.11.0-cp312-cp312-manylinux_2_24_x86_64.manylinux_2_28_x86_64.whl.metadata (9.4 kB)
2025-08-21T08:34:45.3197009Z Collecting orjson>=3.2.1 (from fastapi[all]->-r requirements-dev.txt (line 14))
2025-08-21T08:34:45.3211634Z   Using cached orjson-3.11.2-cp312-cp312-manylinux_2_17_x86_64.manylinux2014_x86_64.whl.metadata (1.2 kB)
2025-08-21T08:34:45.3378538Z Collecting email-validator>=2.0.0 (from fastapi[all]->-r requirements-dev.txt (line 14))
2025-08-21T08:34:45.3399080Z   Using cached email_validator-2.2.0-py3-none-any.whl.metadata (25 kB)
2025-08-21T08:34:45.3739933Z Collecting uvicorn>=0.12.0 (from uvicorn[standard]>=0.12.0; extra == "all"->fastapi[all]->-r requirements-dev.txt (line 14))
2025-08-21T08:34:45.3753378Z   Using cached uvicorn-0.35.0-py3-none-any.whl.metadata (6.5 kB)
2025-08-21T08:34:45.3965137Z Collecting pydantic-settings>=2.0.0 (from fastapi[all]->-r requirements-dev.txt (line 14))
2025-08-21T08:34:45.3978104Z   Using cached pydantic_settings-2.10.1-py3-none-any.whl.metadata (3.4 kB)
2025-08-21T08:34:45.4148180Z Collecting pydantic-extra-types>=2.0.0 (from fastapi[all]->-r requirements-dev.txt (line 14))
2025-08-21T08:34:45.4160690Z   Using cached pydantic_extra_types-2.10.5-py3-none-any.whl.metadata (3.9 kB)
2025-08-21T08:34:45.4943980Z Collecting prompt-toolkit>=3.0.36 (from click-repl>=0.2.0->celery==5.5.3->-r requirements-dev.txt (line 12))
2025-08-21T08:34:45.4956508Z   Using cached prompt_toolkit-3.0.51-py3-none-any.whl.metadata (6.4 kB)
2025-08-21T08:34:45.5180075Z Collecting dnspython>=2.0.0 (from email-validator>=2.0.0->fastapi[all]->-r requirements-dev.txt (line 14))
2025-08-21T08:34:45.5192240Z   Using cached dnspython-2.7.0-py3-none-any.whl.metadata (5.8 kB)
2025-08-21T08:34:45.5535713Z Collecting typer>=0.15.1 (from fastapi-cli>=0.0.8->fastapi-cli[standard]>=0.0.8; extra == "all"->fastapi[all]->-r requirements-dev.txt (line 14))
2025-08-21T08:34:45.5547873Z   Using cached typer-0.16.1-py3-none-any.whl.metadata (15 kB)
2025-08-21T08:34:45.5861209Z Collecting rich-toolkit>=0.14.8 (from fastapi-cli>=0.0.8->fastapi-cli[standard]>=0.0.8; extra == "all"->fastapi[all]->-r requirements-dev.txt (line 14))
2025-08-21T08:34:45.5873607Z   Using cached rich_toolkit-0.15.0-py3-none-any.whl.metadata (1.0 kB)
2025-08-21T08:34:45.6029821Z Collecting fastapi-cloud-cli>=0.1.1 (from fastapi-cli[standard]>=0.0.8; extra == "all"->fastapi[all]->-r requirements-dev.txt (line 14))
2025-08-21T08:34:45.6042226Z   Using cached fastapi_cloud_cli-0.1.5-py3-none-any.whl.metadata (3.2 kB)
2025-08-21T08:34:45.6900006Z Collecting rignore>=0.5.1 (from fastapi-cloud-cli>=0.1.1->fastapi-cli[standard]>=0.0.8; extra == "all"->fastapi[all]->-r requirements-dev.txt (line 14))
2025-08-21T08:34:45.6913314Z   Using cached rignore-0.6.4-cp312-cp312-manylinux_2_17_x86_64.manylinux2014_x86_64.whl.metadata (3.8 kB)
2025-08-21T08:34:45.7571472Z Collecting sentry-sdk>=2.20.0 (from fastapi-cloud-cli>=0.1.1->fastapi-cli[standard]>=0.0.8; extra == "all"->fastapi[all]->-r requirements-dev.txt (line 14))
2025-08-21T08:34:45.7584036Z   Using cached sentry_sdk-2.35.0-py2.py3-none-any.whl.metadata (10 kB)
2025-08-21T08:34:45.8549884Z Collecting psutil>=4.0.0 (from mirakuru>=2.6.0->pytest-postgresql==7.0.2->-r requirements-dev.txt (line 30))
2025-08-21T08:34:45.8563832Z   Using cached psutil-7.0.0-cp36-abi3-manylinux_2_12_x86_64.manylinux2010_x86_64.manylinux_2_17_x86_64.manylinux2014_x86_64.whl.metadata (22 kB)
2025-08-21T08:34:45.8924272Z Collecting wcwidth (from prompt-toolkit>=3.0.36->click-repl>=0.2.0->celery==5.5.3->-r requirements-dev.txt (line 12))
2025-08-21T08:34:45.8936197Z   Using cached wcwidth-0.2.13-py2.py3-none-any.whl.metadata (14 kB)
2025-08-21T08:34:45.9953157Z Collecting rich>=13.7.1 (from rich-toolkit>=0.14.8->fastapi-cli>=0.0.8->fastapi-cli[standard]>=0.0.8; extra == "all"->fastapi[all]->-r requirements-dev.txt (line 14))
2025-08-21T08:34:45.9965496Z   Using cached rich-14.1.0-py3-none-any.whl.metadata (18 kB)
2025-08-21T08:34:46.0205286Z Collecting markdown-it-py>=2.2.0 (from rich>=13.7.1->rich-toolkit>=0.14.8->fastapi-cli>=0.0.8->fastapi-cli[standard]>=0.0.8; extra == "all"->fastapi[all]->-r requirements-dev.txt (line 14))
2025-08-21T08:34:46.0217228Z   Using cached markdown_it_py-4.0.0-py3-none-any.whl.metadata (7.3 kB)
2025-08-21T08:34:46.0482115Z Collecting mdurl~=0.1 (from markdown-it-py>=2.2.0->rich>=13.7.1->rich-toolkit>=0.14.8->fastapi-cli>=0.0.8->fastapi-cli[standard]>=0.0.8; extra == "all"->fastapi[all]->-r requirements-dev.txt (line 14))
2025-08-21T08:34:46.0495015Z   Using cached mdurl-0.1.2-py3-none-any.whl.metadata (1.6 kB)
2025-08-21T08:34:46.1079806Z Collecting shellingham>=1.3.0 (from typer>=0.15.1->fastapi-cli>=0.0.8->fastapi-cli[standard]>=0.0.8; extra == "all"->fastapi[all]->-r requirements-dev.txt (line 14))
2025-08-21T08:34:46.1091716Z   Using cached shellingham-1.5.4-py2.py3-none-any.whl.metadata (3.5 kB)
2025-08-21T08:34:46.1898068Z Collecting httptools>=0.6.3 (from uvicorn[standard]>=0.12.0; extra == "all"->fastapi[all]->-r requirements-dev.txt (line 14))
2025-08-21T08:34:46.1910811Z   Using cached httptools-0.6.4-cp312-cp312-manylinux_2_5_x86_64.manylinux1_x86_64.manylinux_2_17_x86_64.manylinux2014_x86_64.whl.metadata (3.6 kB)
2025-08-21T08:34:46.2390381Z Collecting uvloop>=0.15.1 (from uvicorn[standard]>=0.12.0; extra == "all"->fastapi[all]->-r requirements-dev.txt (line 14))
2025-08-21T08:34:46.2403947Z   Using cached uvloop-0.21.0-cp312-cp312-manylinux_2_17_x86_64.manylinux2014_x86_64.whl.metadata (4.9 kB)
2025-08-21T08:34:46.3221849Z Collecting watchfiles>=0.13 (from uvicorn[standard]>=0.12.0; extra == "all"->fastapi[all]->-r requirements-dev.txt (line 14))
2025-08-21T08:34:46.3235873Z   Using cached watchfiles-1.1.0-cp312-cp312-manylinux_2_17_x86_64.manylinux2014_x86_64.whl.metadata (4.9 kB)
2025-08-21T08:34:46.5332418Z Collecting websockets>=10.4 (from uvicorn[standard]>=0.12.0; extra == "all"->fastapi[all]->-r requirements-dev.txt (line 14))
2025-08-21T08:34:46.5346023Z   Using cached websockets-15.0.1-cp312-cp312-manylinux_2_5_x86_64.manylinux1_x86_64.manylinux_2_17_x86_64.manylinux2014_x86_64.whl.metadata (6.8 kB)
2025-08-21T08:34:46.5826105Z Collecting argon2-cffi-bindings (from argon2-cffi->minio==7.*->-r requirements-dev.txt (line 10))
2025-08-21T08:34:46.5837189Z   Using cached argon2_cffi_bindings-25.1.0-cp39-abi3-manylinux_2_26_x86_64.manylinux_2_28_x86_64.whl.metadata (7.4 kB)
2025-08-21T08:34:46.6888681Z Collecting cffi>=1.0.1 (from argon2-cffi-bindings->argon2-cffi->minio==7.*->-r requirements-dev.txt (line 10))
2025-08-21T08:34:46.6901723Z   Using cached cffi-1.17.1-cp312-cp312-manylinux_2_17_x86_64.manylinux2014_x86_64.whl.metadata (1.5 kB)
2025-08-21T08:34:46.7062540Z Collecting pycparser (from cffi>=1.0.1->argon2-cffi-bindings->argon2-cffi->minio==7.*->-r requirements-dev.txt (line 10))
2025-08-21T08:34:46.7074142Z   Using cached pycparser-2.22-py3-none-any.whl.metadata (943 bytes)
2025-08-21T08:34:46.7761174Z Using cached jinja2-3.1.6-py3-none-any.whl (134 kB)
2025-08-21T08:34:46.7773235Z Using cached alembic-1.16.4-py3-none-any.whl (247 kB)
2025-08-21T08:34:46.7785499Z Using cached APScheduler-3.10.4-py3-none-any.whl (59 kB)
2025-08-21T08:34:46.7796493Z Using cached asgi_correlation_id-4.3.1-py3-none-any.whl (15 kB)
2025-08-21T08:34:46.7807638Z Using cached asyncpg-0.30.0-cp312-cp312-manylinux_2_17_x86_64.manylinux2014_x86_64.whl (3.6 MB)
2025-08-21T08:34:46.7845480Z Using cached black-25.1.0-cp312-cp312-manylinux_2_17_x86_64.manylinux2014_x86_64.manylinux_2_28_x86_64.whl (1.8 MB)
2025-08-21T08:34:46.7868299Z Using cached vulture-2.10-py2.py3-none-any.whl (27 kB)
2025-08-21T08:34:46.7878945Z Using cached celery-5.5.3-py3-none-any.whl (438 kB)
2025-08-21T08:34:46.7892553Z Using cached fastapi-0.116.1-py3-none-any.whl (95 kB)
2025-08-21T08:34:46.7903797Z Using cached pydantic-2.11.7-py3-none-any.whl (444 kB)
2025-08-21T08:34:46.7917790Z Using cached fastapi_limiter-0.1.6-py3-none-any.whl (15 kB)
2025-08-21T08:34:46.7928387Z Using cached IMAPClient-3.0.1-py2.py3-none-any.whl (182 kB)
2025-08-21T08:34:46.7940198Z Using cached mypy_extensions-1.1.0-py3-none-any.whl (5.0 kB)
2025-08-21T08:34:46.7950879Z Using cached openpyxl-3.1.5-py2.py3-none-any.whl (250 kB)
2025-08-21T08:34:46.7963387Z Using cached psycopg2_binary-2.9.10-cp312-cp312-manylinux_2_17_x86_64.manylinux2014_x86_64.whl (3.0 MB)
2025-08-21T08:34:46.7996387Z Using cached psycopg-3.2.9-py3-none-any.whl (202 kB)
2025-08-21T08:34:46.8008277Z Using cached pytest_asyncio-1.1.0-py3-none-any.whl (15 kB)
2025-08-21T08:34:46.8018854Z Using cached pytest_cov-6.2.1-py3-none-any.whl (24 kB)
2025-08-21T08:34:46.8029518Z Using cached pytest_postgresql-7.0.2-py3-none-any.whl (41 kB)
2025-08-21T08:34:46.8040278Z Using cached python_telegram_bot-22.3-py3-none-any.whl (717 kB)
2025-08-21T08:34:46.8056087Z Using cached requests-2.32.4-py3-none-any.whl (64 kB)
2025-08-21T08:34:46.8067131Z Using cached respx-0.22.0-py2.py3-none-any.whl (25 kB)
2025-08-21T08:34:46.8077965Z Using cached ruff-0.9.9-py3-none-manylinux_2_17_x86_64.manylinux2014_x86_64.whl (11.2 MB)
2025-08-21T08:34:46.8173344Z Using cached sqlalchemy-2.0.43-cp312-cp312-manylinux_2_17_x86_64.manylinux2014_x86_64.whl (3.3 MB)
2025-08-21T08:34:46.8208820Z Using cached structlog-24.1.0-py3-none-any.whl (65 kB)
2025-08-21T08:34:46.8219801Z Using cached testcontainers-4.12.0-py3-none-any.whl (111 kB)
2025-08-21T08:34:46.8231418Z Using cached types_requests-2.32.4.20250809-py3-none-any.whl (20 kB)
2025-08-21T08:34:46.8242194Z Using cached docspec_python-2.2.2-py3-none-any.whl (15 kB)
2025-08-21T08:34:46.8252847Z Using cached pydoc_markdown-4.8.2-py3-none-any.whl (67 kB)
2025-08-21T08:34:46.8263658Z Using cached docspec-2.2.1-py3-none-any.whl (9.8 kB)
2025-08-21T08:34:46.8274536Z Using cached psycopg_binary-3.2.9-cp312-cp312-manylinux_2_17_x86_64.manylinux2014_x86_64.whl (4.4 MB)
2025-08-21T08:34:46.8317924Z Using cached pydantic_core-2.33.2-cp312-cp312-manylinux_2_17_x86_64.manylinux2014_x86_64.whl (2.0 MB)
2025-08-21T08:34:46.8342962Z Using cached redis-6.4.0-py3-none-any.whl (279 kB)
2025-08-21T08:34:46.8356640Z Using cached minio-7.2.16-py3-none-any.whl (95 kB)
2025-08-21T08:34:46.8368006Z Using cached httpx-0.28.1-py3-none-any.whl (73 kB)
2025-08-21T08:34:46.8379505Z Using cached mypy-1.17.1-cp312-cp312-manylinux2014_x86_64.manylinux_2_17_x86_64.manylinux_2_28_x86_64.whl (12.7 MB)
2025-08-21T08:34:46.8484090Z Using cached numpy-1.26.4-cp312-cp312-manylinux_2_17_x86_64.manylinux2014_x86_64.whl (18.0 MB)
2025-08-21T08:34:46.8627312Z Using cached pandas-2.2.3-cp312-cp312-manylinux_2_17_x86_64.manylinux2014_x86_64.whl (12.7 MB)
2025-08-21T08:34:46.8734500Z Using cached pandera-0.19.3-py3-none-any.whl (251 kB)
2025-08-21T08:34:46.8748421Z Using cached billiard-4.2.1-py3-none-any.whl (86 kB)
2025-08-21T08:34:46.8761239Z Using cached charset_normalizer-3.4.3-cp312-cp312-manylinux2014_x86_64.manylinux_2_17_x86_64.manylinux_2_28_x86_64.whl (151 kB)
2025-08-21T08:34:46.8773271Z Using cached click-8.2.1-py3-none-any.whl (102 kB)
2025-08-21T08:34:46.8785240Z Using cached databind.core-4.5.2-py3-none-any.whl (1.5 kB)
2025-08-21T08:34:46.8796572Z Using cached databind-4.5.2-py3-none-any.whl (49 kB)
2025-08-21T08:34:46.8807810Z Using cached databind.json-4.5.2-py3-none-any.whl (1.5 kB)
2025-08-21T08:34:46.8818898Z Using cached Deprecated-1.2.18-py2.py3-none-any.whl (10.0 kB)
2025-08-21T08:34:46.8829980Z Using cached httpcore-1.0.9-py3-none-any.whl (78 kB)
2025-08-21T08:34:46.8841376Z Using cached idna-3.10-py3-none-any.whl (70 kB)
2025-08-21T08:34:46.8852779Z Using cached kombu-5.5.4-py3-none-any.whl (210 kB)
2025-08-21T08:34:46.8865072Z Using cached vine-5.1.0-py3-none-any.whl (9.6 kB)
2025-08-21T08:34:46.8875910Z Using cached amqp-5.3.1-py3-none-any.whl (50 kB)
2025-08-21T08:34:46.8886976Z Using cached multimethod-1.10-py3-none-any.whl (9.9 kB)
2025-08-21T08:34:46.8897805Z Using cached nr_date-2.1.0-py3-none-any.whl (10 kB)
2025-08-21T08:34:46.8910460Z Using cached nr_stream-1.1.5-py3-none-any.whl (10 kB)
2025-08-21T08:34:46.8921646Z Using cached nr.util-0.8.12-py3-none-any.whl (90 kB)
2025-08-21T08:34:46.8933200Z Using cached pytest-8.4.1-py3-none-any.whl (365 kB)
2025-08-21T08:34:46.8946951Z Using cached pluggy-1.6.0-py3-none-any.whl (20 kB)
2025-08-21T08:34:46.8958398Z Using cached PyYAML-6.0.2-cp312-cp312-manylinux_2_17_x86_64.manylinux2014_x86_64.whl (767 kB)
2025-08-21T08:34:46.8974627Z Using cached starlette-0.47.2-py3-none-any.whl (72 kB)
2025-08-21T08:34:46.8986541Z Using cached anyio-4.10.0-py3-none-any.whl (107 kB)
2025-08-21T08:34:46.8998479Z Using cached tomli-2.2.1-cp312-cp312-manylinux_2_17_x86_64.manylinux2014_x86_64.whl (242 kB)
2025-08-21T08:34:46.9010882Z Using cached tomli_w-1.2.0-py3-none-any.whl (6.7 kB)
2025-08-21T08:34:46.9021715Z Using cached typeapi-2.2.4-py3-none-any.whl (26 kB)
2025-08-21T08:34:46.9032880Z Using cached typing_extensions-4.14.1-py3-none-any.whl (43 kB)
2025-08-21T08:34:46.9044231Z Using cached urllib3-2.5.0-py3-none-any.whl (129 kB)
2025-08-21T08:34:46.9056677Z Using cached wrapt-1.17.3-cp312-cp312-manylinux1_x86_64.manylinux_2_28_x86_64.manylinux_2_5_x86_64.whl (88 kB)
2025-08-21T08:34:46.9067928Z Using cached boto3-1.40.14-py3-none-any.whl (140 kB)
2025-08-21T08:34:46.9079808Z Using cached botocore-1.40.14-py3-none-any.whl (14.0 MB)
2025-08-21T08:34:46.9194665Z Using cached jmespath-1.0.1-py3-none-any.whl (20 kB)
2025-08-21T08:34:46.9208315Z Using cached python_dateutil-2.9.0.post0-py2.py3-none-any.whl (229 kB)
2025-08-21T08:34:46.9221091Z Using cached s3transfer-0.13.1-py3-none-any.whl (85 kB)
2025-08-21T08:34:46.9232683Z Using cached itsdangerous-2.2.0-py3-none-any.whl (16 kB)
2025-08-21T08:34:46.9244038Z Using cached setuptools-80.9.0-py3-none-any.whl (1.2 MB)
2025-08-21T08:34:46.9263782Z Using cached python_dotenv-1.1.1-py3-none-any.whl (20 kB)
2025-08-21T08:34:46.9275145Z Using cached python_multipart-0.0.20-py3-none-any.whl (24 kB)
2025-08-21T08:34:46.9286332Z Using cached annotated_types-0.7.0-py3-none-any.whl (13 kB)
2025-08-21T08:34:46.9297421Z Using cached certifi-2025.8.3-py3-none-any.whl (161 kB)
2025-08-21T08:34:46.9309429Z Using cached click_didyoumean-0.3.1-py3-none-any.whl (3.6 kB)
2025-08-21T08:34:46.9321015Z Using cached click_plugins-1.1.1.2-py2.py3-none-any.whl (11 kB)
2025-08-21T08:34:46.9331871Z Using cached click_repl-0.3.0-py3-none-any.whl (10 kB)
2025-08-21T08:34:46.9343744Z Using cached coverage-7.10.4-cp312-cp312-manylinux1_x86_64.manylinux_2_28_x86_64.manylinux_2_5_x86_64.whl (251 kB)
2025-08-21T08:34:46.9356789Z Using cached email_validator-2.2.0-py3-none-any.whl (33 kB)
2025-08-21T08:34:46.9368192Z Using cached dnspython-2.7.0-py3-none-any.whl (313 kB)
2025-08-21T08:34:46.9381229Z Using cached fastapi_cli-0.0.8-py3-none-any.whl (10 kB)
2025-08-21T08:34:46.9392245Z Using cached fastapi_cloud_cli-0.1.5-py3-none-any.whl (18 kB)
2025-08-21T08:34:46.9403716Z Using cached greenlet-3.2.4-cp312-cp312-manylinux_2_24_x86_64.manylinux_2_28_x86_64.whl (607 kB)
2025-08-21T08:34:46.9419342Z Using cached h11-0.16.0-py3-none-any.whl (37 kB)
2025-08-21T08:34:46.9430802Z Using cached iniconfig-2.1.0-py3-none-any.whl (6.0 kB)
2025-08-21T08:34:46.9442504Z Using cached MarkupSafe-3.0.2-cp312-cp312-manylinux_2_17_x86_64.manylinux2014_x86_64.whl (23 kB)
2025-08-21T08:34:46.9453628Z Using cached mirakuru-2.6.1-py3-none-any.whl (26 kB)
2025-08-21T08:34:46.9465336Z Using cached orjson-3.11.2-cp312-cp312-manylinux_2_17_x86_64.manylinux2014_x86_64.whl (121 kB)
2025-08-21T08:34:46.9477080Z Using cached packaging-25.0-py3-none-any.whl (66 kB)
2025-08-21T08:34:46.9488635Z Using cached pathspec-0.12.1-py3-none-any.whl (31 kB)
2025-08-21T08:34:46.9499967Z Using cached platformdirs-4.3.8-py3-none-any.whl (18 kB)
2025-08-21T08:34:46.9511077Z Using cached port_for-0.7.4-py3-none-any.whl (21 kB)
2025-08-21T08:34:46.9522428Z Using cached prompt_toolkit-3.0.51-py3-none-any.whl (387 kB)
2025-08-21T08:34:46.9537110Z Using cached psutil-7.0.0-cp36-abi3-manylinux_2_12_x86_64.manylinux2010_x86_64.manylinux_2_17_x86_64.manylinux2014_x86_64.whl (277 kB)
2025-08-21T08:34:46.9549977Z Using cached pydantic_extra_types-2.10.5-py3-none-any.whl (38 kB)
2025-08-21T08:34:46.9561439Z Using cached pydantic_settings-2.10.1-py3-none-any.whl (45 kB)
2025-08-21T08:34:46.9572841Z Using cached pygments-2.19.2-py3-none-any.whl (1.2 MB)
2025-08-21T08:34:46.9593358Z Using cached pytz-2025.2-py2.py3-none-any.whl (509 kB)
2025-08-21T08:34:46.9607995Z Using cached rich_toolkit-0.15.0-py3-none-any.whl (29 kB)
2025-08-21T08:34:46.9619387Z Using cached rich-14.1.0-py3-none-any.whl (243 kB)
2025-08-21T08:34:46.9632045Z Using cached markdown_it_py-4.0.0-py3-none-any.whl (87 kB)
2025-08-21T08:34:46.9643555Z Using cached mdurl-0.1.2-py3-none-any.whl (10.0 kB)
2025-08-21T08:34:46.9655292Z Using cached rignore-0.6.4-cp312-cp312-manylinux_2_17_x86_64.manylinux2014_x86_64.whl (949 kB)
2025-08-21T08:34:46.9673032Z Using cached sentry_sdk-2.35.0-py2.py3-none-any.whl (363 kB)
2025-08-21T08:34:46.9686807Z Using cached six-1.17.0-py2.py3-none-any.whl (11 kB)
2025-08-21T08:34:46.9697989Z Using cached sniffio-1.3.1-py3-none-any.whl (10 kB)
2025-08-21T08:34:46.9709088Z Using cached typer-0.16.1-py3-none-any.whl (46 kB)
2025-08-21T08:34:46.9720469Z Using cached shellingham-1.5.4-py2.py3-none-any.whl (9.8 kB)
2025-08-21T08:34:46.9731464Z Using cached typing_inspect-0.9.0-py3-none-any.whl (8.8 kB)
2025-08-21T08:34:46.9742909Z Using cached typing_inspection-0.4.1-py3-none-any.whl (14 kB)
2025-08-21T08:34:46.9754548Z Using cached tzdata-2025.2-py2.py3-none-any.whl (347 kB)
2025-08-21T08:34:46.9768328Z Using cached tzlocal-5.3.1-py3-none-any.whl (18 kB)
2025-08-21T08:34:46.9779784Z Using cached ujson-5.11.0-cp312-cp312-manylinux_2_24_x86_64.manylinux_2_28_x86_64.whl (57 kB)
2025-08-21T08:34:46.9791112Z Using cached uvicorn-0.35.0-py3-none-any.whl (66 kB)
2025-08-21T08:34:46.9803364Z Using cached httptools-0.6.4-cp312-cp312-manylinux_2_5_x86_64.manylinux1_x86_64.manylinux_2_17_x86_64.manylinux2014_x86_64.whl (510 kB)
2025-08-21T08:34:46.9818207Z Using cached uvloop-0.21.0-cp312-cp312-manylinux_2_17_x86_64.manylinux2014_x86_64.whl (4.7 MB)
2025-08-21T08:34:46.9863686Z Using cached watchfiles-1.1.0-cp312-cp312-manylinux_2_17_x86_64.manylinux2014_x86_64.whl (452 kB)
2025-08-21T08:34:46.9878400Z Using cached websockets-15.0.1-cp312-cp312-manylinux_2_5_x86_64.manylinux1_x86_64.manylinux_2_17_x86_64.manylinux2014_x86_64.whl (182 kB)
2025-08-21T08:34:46.9890007Z Using cached yapf-0.43.0-py3-none-any.whl (256 kB)
2025-08-21T08:34:46.9902547Z Using cached argon2_cffi-25.1.0-py3-none-any.whl (14 kB)
2025-08-21T08:34:46.9913767Z Using cached argon2_cffi_bindings-25.1.0-cp39-abi3-manylinux_2_26_x86_64.manylinux_2_28_x86_64.whl (87 kB)
2025-08-21T08:34:46.9925274Z Using cached cffi-1.17.1-cp312-cp312-manylinux_2_17_x86_64.manylinux2014_x86_64.whl (479 kB)
2025-08-21T08:34:46.9939321Z Using cached docker-7.1.0-py3-none-any.whl (147 kB)
2025-08-21T08:34:46.9951066Z Using cached et_xmlfile-2.0.0-py3-none-any.whl (18 kB)
2025-08-21T08:34:46.9961891Z Using cached mako-1.3.10-py3-none-any.whl (78 kB)
2025-08-21T08:34:46.9973217Z Using cached pycparser-2.22-py3-none-any.whl (117 kB)
2025-08-21T08:34:46.9985504Z Using cached pycryptodome-3.23.0-cp37-abi3-manylinux_2_17_x86_64.manylinux2014_x86_64.whl (2.3 MB)
2025-08-21T08:34:47.0012109Z Using cached toml-0.10.2-py2.py3-none-any.whl (16 kB)
2025-08-21T08:34:47.0023435Z Using cached typeguard-4.4.4-py3-none-any.whl (34 kB)
2025-08-21T08:34:47.0034311Z Using cached watchdog-6.0.0-py3-none-manylinux2014_x86_64.whl (79 kB)
2025-08-21T08:34:47.0045738Z Using cached wcwidth-0.2.13-py2.py3-none-any.whl (34 kB)
2025-08-21T08:34:47.4797444Z Installing collected packages: wcwidth, pytz, wrapt, websockets, watchdog, vine, uvloop, urllib3, ujson, tzlocal, tzdata, typing-extensions, tomli_w, tomli, toml, structlog, sniffio, six, shellingham, setuptools, ruff, rignore, redis, PyYAML, python-multipart, python-dotenv, pygments, pycryptodome, pycparser, psycopg2-binary, psycopg-binary, psutil, prompt-toolkit, port-for, pluggy, platformdirs, pathspec, packaging, orjson, numpy, nr-stream, nr-date, mypy-extensions, multimethod, mdurl, MarkupSafe, jmespath, itsdangerous, iniconfig, imapclient, idna, httptools, h11, greenlet, et-xmlfile, docstring-parser, dnspython, coverage, click, charset_normalizer, certifi, billiard, asyncpg, annotated-types, yapf, vulture, uvicorn, typing-inspection, typing-inspect, types-requests, typeguard, typeapi, sqlalchemy, sentry-sdk, requests, python-dateutil, pytest, pydantic-core, psycopg, openpyxl, mypy, mirakuru, markdown-it-py, Mako, Jinja2, httpcore, email-validator, Deprecated, click-repl, click-plugins, click-didyoumean, cffi, black, apscheduler, anyio, amqp, watchfiles, starlette, rich, pytest-postgresql, pytest-cov, pytest-asyncio, pydantic, pandas, nr-util, kombu, httpx, docker, databind, botocore, argon2-cffi-bindings, alembic, typer, testcontainers, s3transfer, rich-toolkit, respx, python-telegram-bot, pydantic-settings, pydantic-extra-types, pandera, fastapi, databind.json, databind.core, celery, asgi-correlation-id, argon2-cffi, minio, fastapi-limiter, fastapi-cloud-cli, fastapi-cli, docspec, boto3, docspec-python, pydoc-markdown
2025-08-21T08:35:07.8057650Z 
2025-08-21T08:35:07.8182620Z Successfully installed Deprecated-1.2.18 Jinja2-3.1.6 Mako-1.3.10 MarkupSafe-3.0.2 PyYAML-6.0.2 alembic-1.16.4 amqp-5.3.1 annotated-types-0.7.0 anyio-4.10.0 apscheduler-3.10.4 argon2-cffi-25.1.0 argon2-cffi-bindings-25.1.0 asgi-correlation-id-4.3.1 asyncpg-0.30.0 billiard-4.2.1 black-25.1.0 boto3-1.40.14 botocore-1.40.14 celery-5.5.3 certifi-2025.8.3 cffi-1.17.1 charset_normalizer-3.4.3 click-8.2.1 click-didyoumean-0.3.1 click-plugins-1.1.1.2 click-repl-0.3.0 coverage-7.10.4 databind-4.5.2 databind.core-4.5.2 databind.json-4.5.2 dnspython-2.7.0 docker-7.1.0 docspec-2.2.1 docspec-python-2.2.2 docstring-parser-0.11 email-validator-2.2.0 et-xmlfile-2.0.0 fastapi-0.116.1 fastapi-cli-0.0.8 fastapi-cloud-cli-0.1.5 fastapi-limiter-0.1.6 greenlet-3.2.4 h11-0.16.0 httpcore-1.0.9 httptools-0.6.4 httpx-0.28.1 idna-3.10 imapclient-3.0.1 iniconfig-2.1.0 itsdangerous-2.2.0 jmespath-1.0.1 kombu-5.5.4 markdown-it-py-4.0.0 mdurl-0.1.2 minio-7.2.16 mirakuru-2.6.1 multimethod-1.10 mypy-1.17.1 mypy-extensions-1.1.0 nr-date-2.1.0 nr-stream-1.1.5 nr-util-0.8.12 numpy-1.26.4 openpyxl-3.1.5 orjson-3.11.2 packaging-25.0 pandas-2.2.3 pandera-0.19.3 pathspec-0.12.1 platformdirs-4.3.8 pluggy-1.6.0 port-for-0.7.4 prompt-toolkit-3.0.51 psutil-7.0.0 psycopg-3.2.9 psycopg-binary-3.2.9 psycopg2-binary-2.9.10 pycparser-2.22 pycryptodome-3.23.0 pydantic-2.11.7 pydantic-core-2.33.2 pydantic-extra-types-2.10.5 pydantic-settings-2.10.1 pydoc-markdown-4.8.2 pygments-2.19.2 pytest-8.4.1 pytest-asyncio-1.1.0 pytest-cov-6.2.1 pytest-postgresql-7.0.2 python-dateutil-2.9.0.post0 python-dotenv-1.1.1 python-multipart-0.0.20 python-telegram-bot-22.3 pytz-2025.2 redis-6.4.0 requests-2.32.4 respx-0.22.0 rich-14.1.0 rich-toolkit-0.15.0 rignore-0.6.4 ruff-0.9.9 s3transfer-0.13.1 sentry-sdk-2.35.0 setuptools-80.9.0 shellingham-1.5.4 six-1.17.0 sniffio-1.3.1 sqlalchemy-2.0.43 starlette-0.47.2 structlog-24.1.0 testcontainers-4.12.0 toml-0.10.2 tomli-2.2.1 tomli_w-1.2.0 typeapi-2.2.4 typeguard-4.4.4 typer-0.16.1 types-requests-2.32.4.20250809 typing-extensions-4.14.1 typing-inspect-0.9.0 typing-inspection-0.4.1 tzdata-2025.2 tzlocal-5.3.1 ujson-5.11.0 urllib3-2.5.0 uvicorn-0.35.0 uvloop-0.21.0 vine-5.1.0 vulture-2.10 watchdog-6.0.0 watchfiles-1.1.0 wcwidth-0.2.13 websockets-15.0.1 wrapt-1.17.3 yapf-0.43.0
2025-08-21T08:35:09.6591065Z Collecting keepa==1.3.15
2025-08-21T08:35:09.6604299Z   Using cached keepa-1.3.15-py3-none-any.whl.metadata (11 kB)
2025-08-21T08:35:09.7016218Z Collecting minio==7.1.15
2025-08-21T08:35:09.7029578Z   Using cached minio-7.1.15-py3-none-any.whl.metadata (4.2 kB)
2025-08-21T08:35:09.7056880Z Requirement already satisfied: numpy>=1.9.3 in /opt/hostedtoolcache/Python/3.12.11/x64/lib/python3.12/site-packages (from keepa==1.3.15) (1.26.4)
2025-08-21T08:35:09.7062097Z Requirement already satisfied: requests>=2.2 in /opt/hostedtoolcache/Python/3.12.11/x64/lib/python3.12/site-packages (from keepa==1.3.15) (2.32.4)
2025-08-21T08:35:09.7419236Z Collecting tqdm (from keepa==1.3.15)
2025-08-21T08:35:09.7431148Z   Using cached tqdm-4.67.1-py3-none-any.whl.metadata (57 kB)
2025-08-21T08:35:10.2367257Z Collecting aiohttp (from keepa==1.3.15)
2025-08-21T08:35:10.2381329Z   Using cached aiohttp-3.12.15-cp312-cp312-manylinux_2_17_x86_64.manylinux2014_x86_64.whl.metadata (7.7 kB)
2025-08-21T08:35:10.2416204Z Requirement already satisfied: pandas<=3.0 in /opt/hostedtoolcache/Python/3.12.11/x64/lib/python3.12/site-packages (from keepa==1.3.15) (2.2.3)
2025-08-21T08:35:10.2420710Z Requirement already satisfied: pydantic in /opt/hostedtoolcache/Python/3.12.11/x64/lib/python3.12/site-packages (from keepa==1.3.15) (2.11.7)
2025-08-21T08:35:10.2429068Z Requirement already satisfied: certifi in /opt/hostedtoolcache/Python/3.12.11/x64/lib/python3.12/site-packages (from minio==7.1.15) (2025.8.3)
2025-08-21T08:35:10.2433094Z Requirement already satisfied: urllib3 in /opt/hostedtoolcache/Python/3.12.11/x64/lib/python3.12/site-packages (from minio==7.1.15) (2.5.0)
2025-08-21T08:35:10.2490317Z Requirement already satisfied: python-dateutil>=2.8.2 in /opt/hostedtoolcache/Python/3.12.11/x64/lib/python3.12/site-packages (from pandas<=3.0->keepa==1.3.15) (2.9.0.post0)
2025-08-21T08:35:10.2496001Z Requirement already satisfied: pytz>=2020.1 in /opt/hostedtoolcache/Python/3.12.11/x64/lib/python3.12/site-packages (from pandas<=3.0->keepa==1.3.15) (2025.2)
2025-08-21T08:35:10.2501643Z Requirement already satisfied: tzdata>=2022.7 in /opt/hostedtoolcache/Python/3.12.11/x64/lib/python3.12/site-packages (from pandas<=3.0->keepa==1.3.15) (2025.2)
2025-08-21T08:35:10.2630080Z Requirement already satisfied: six>=1.5 in /opt/hostedtoolcache/Python/3.12.11/x64/lib/python3.12/site-packages (from python-dateutil>=2.8.2->pandas<=3.0->keepa==1.3.15) (1.17.0)
2025-08-21T08:35:10.2650037Z Requirement already satisfied: charset_normalizer<4,>=2 in /opt/hostedtoolcache/Python/3.12.11/x64/lib/python3.12/site-packages (from requests>=2.2->keepa==1.3.15) (3.4.3)
2025-08-21T08:35:10.2657267Z Requirement already satisfied: idna<4,>=2.5 in /opt/hostedtoolcache/Python/3.12.11/x64/lib/python3.12/site-packages (from requests>=2.2->keepa==1.3.15) (3.10)
2025-08-21T08:35:10.2891054Z Collecting aiohappyeyeballs>=2.5.0 (from aiohttp->keepa==1.3.15)
2025-08-21T08:35:10.2904019Z   Using cached aiohappyeyeballs-2.6.1-py3-none-any.whl.metadata (5.9 kB)
2025-08-21T08:35:10.3033549Z Collecting aiosignal>=1.4.0 (from aiohttp->keepa==1.3.15)
2025-08-21T08:35:10.3045687Z   Using cached aiosignal-1.4.0-py3-none-any.whl.metadata (3.7 kB)
2025-08-21T08:35:10.3226875Z Collecting attrs>=17.3.0 (from aiohttp->keepa==1.3.15)
2025-08-21T08:35:10.3239427Z   Using cached attrs-25.3.0-py3-none-any.whl.metadata (10 kB)
2025-08-21T08:35:10.3953270Z Collecting frozenlist>=1.1.1 (from aiohttp->keepa==1.3.15)
2025-08-21T08:35:10.3967570Z   Using cached frozenlist-1.7.0-cp312-cp312-manylinux_2_5_x86_64.manylinux1_x86_64.manylinux_2_17_x86_64.manylinux2014_x86_64.whl.metadata (18 kB)
2025-08-21T08:35:10.6445956Z Collecting multidict<7.0,>=4.5 (from aiohttp->keepa==1.3.15)
2025-08-21T08:35:10.6460580Z   Using cached multidict-6.6.4-cp312-cp312-manylinux2014_x86_64.manylinux_2_17_x86_64.manylinux_2_28_x86_64.whl.metadata (5.3 kB)
2025-08-21T08:35:10.6910836Z Collecting propcache>=0.2.0 (from aiohttp->keepa==1.3.15)
2025-08-21T08:35:10.6924639Z   Using cached propcache-0.3.2-cp312-cp312-manylinux_2_17_x86_64.manylinux2014_x86_64.whl.metadata (12 kB)
2025-08-21T08:35:10.9323312Z Collecting yarl<2.0,>=1.17.0 (from aiohttp->keepa==1.3.15)
2025-08-21T08:35:10.9337040Z   Using cached yarl-1.20.1-cp312-cp312-manylinux_2_17_x86_64.manylinux2014_x86_64.whl.metadata (73 kB)
2025-08-21T08:35:10.9556308Z Requirement already satisfied: typing-extensions>=4.2 in /opt/hostedtoolcache/Python/3.12.11/x64/lib/python3.12/site-packages (from aiosignal>=1.4.0->aiohttp->keepa==1.3.15) (4.14.1)
2025-08-21T08:35:10.9605481Z Requirement already satisfied: annotated-types>=0.6.0 in /opt/hostedtoolcache/Python/3.12.11/x64/lib/python3.12/site-packages (from pydantic->keepa==1.3.15) (0.7.0)
2025-08-21T08:35:10.9611910Z Requirement already satisfied: pydantic-core==2.33.2 in /opt/hostedtoolcache/Python/3.12.11/x64/lib/python3.12/site-packages (from pydantic->keepa==1.3.15) (2.33.2)
2025-08-21T08:35:10.9619839Z Requirement already satisfied: typing-inspection>=0.4.0 in /opt/hostedtoolcache/Python/3.12.11/x64/lib/python3.12/site-packages (from pydantic->keepa==1.3.15) (0.4.1)
2025-08-21T08:35:10.9680896Z Using cached keepa-1.3.15-py3-none-any.whl (38 kB)
2025-08-21T08:35:10.9692059Z Using cached minio-7.1.15-py3-none-any.whl (77 kB)
2025-08-21T08:35:10.9703882Z Using cached aiohttp-3.12.15-cp312-cp312-manylinux_2_17_x86_64.manylinux2014_x86_64.whl (1.7 MB)
2025-08-21T08:35:10.9728411Z Using cached multidict-6.6.4-cp312-cp312-manylinux2014_x86_64.manylinux_2_17_x86_64.manylinux_2_28_x86_64.whl (256 kB)
2025-08-21T08:35:10.9741024Z Using cached yarl-1.20.1-cp312-cp312-manylinux_2_17_x86_64.manylinux2014_x86_64.whl (355 kB)
2025-08-21T08:35:10.9754387Z Using cached aiohappyeyeballs-2.6.1-py3-none-any.whl (15 kB)
2025-08-21T08:35:10.9765501Z Using cached aiosignal-1.4.0-py3-none-any.whl (7.5 kB)
2025-08-21T08:35:10.9776627Z Using cached attrs-25.3.0-py3-none-any.whl (63 kB)
2025-08-21T08:35:10.9788629Z Using cached frozenlist-1.7.0-cp312-cp312-manylinux_2_5_x86_64.manylinux1_x86_64.manylinux_2_17_x86_64.manylinux2014_x86_64.whl (241 kB)
2025-08-21T08:35:10.9801644Z Using cached propcache-0.3.2-cp312-cp312-manylinux_2_17_x86_64.manylinux2014_x86_64.whl (224 kB)
2025-08-21T08:35:10.9813837Z Using cached tqdm-4.67.1-py3-none-any.whl (78 kB)
2025-08-21T08:35:11.1614631Z Installing collected packages: tqdm, propcache, multidict, minio, frozenlist, attrs, aiohappyeyeballs, yarl, aiosignal, aiohttp, keepa
2025-08-21T08:35:11.2368719Z   Attempting uninstall: minio
2025-08-21T08:35:11.2418624Z     Found existing installation: minio 7.2.16
2025-08-21T08:35:11.2456413Z     Uninstalling minio-7.2.16:
2025-08-21T08:35:11.2467248Z       Successfully uninstalled minio-7.2.16
2025-08-21T08:35:11.6192556Z 
2025-08-21T08:35:11.6305966Z Successfully installed aiohappyeyeballs-2.6.1 aiohttp-3.12.15 aiosignal-1.4.0 attrs-25.3.0 frozenlist-1.7.0 keepa-1.3.15 minio-7.1.15 multidict-6.6.4 propcache-0.3.2 tqdm-4.67.1 yarl-1.20.1
2025-08-21T08:35:11.8228794Z ##[group]Run ruff check .
2025-08-21T08:35:11.8229067Z [36;1mruff check .[0m
2025-08-21T08:35:11.8229273Z [36;1mruff format --check .[0m
2025-08-21T08:35:11.8229494Z [36;1mvulture[0m
2025-08-21T08:35:11.8270349Z shell: /usr/bin/bash -e {0}
2025-08-21T08:35:11.8270585Z env:
2025-08-21T08:35:11.8270797Z   REDIS_URL: redis://localhost:6379/0
2025-08-21T08:35:11.8271059Z   RATE_LIMIT_DEFAULT: 100/minute
2025-08-21T08:35:11.8271277Z   TRUST_X_FORWARDED: 1
2025-08-21T08:35:11.8271471Z   PG_USER: postgres
2025-08-21T08:35:11.8271655Z   PG_PASSWORD: pass
2025-08-21T08:35:11.8271839Z   PG_DATABASE: awa
2025-08-21T08:35:11.8272012Z   PG_HOST: localhost
2025-08-21T08:35:11.8272185Z   PG_PORT: 5432
2025-08-21T08:35:11.8272631Z   PG_SYNC_DSN: ***localhost:5432/awa
2025-08-21T08:35:11.8273018Z   PG_ASYNC_DSN: ***localhost:5432/awa
2025-08-21T08:35:11.8273379Z   DATABASE_URL: ***localhost:5432/awa
2025-08-21T08:35:11.8273612Z   DATA_DIR: /tmp/awa-data
2025-08-21T08:35:11.8274058Z   ENABLE_LIVE: 0
2025-08-21T08:35:11.8274229Z   TESTING: 1
2025-08-21T08:35:11.8274455Z   pythonLocation: /opt/hostedtoolcache/Python/3.12.11/x64
2025-08-21T08:35:11.8275014Z   PKG_CONFIG_PATH: /opt/hostedtoolcache/Python/3.12.11/x64/lib/pkgconfig
2025-08-21T08:35:11.8275407Z   Python_ROOT_DIR: /opt/hostedtoolcache/Python/3.12.11/x64
2025-08-21T08:35:11.8275742Z   Python2_ROOT_DIR: /opt/hostedtoolcache/Python/3.12.11/x64
2025-08-21T08:35:11.8276088Z   Python3_ROOT_DIR: /opt/hostedtoolcache/Python/3.12.11/x64
2025-08-21T08:35:11.8276428Z   LD_LIBRARY_PATH: /opt/hostedtoolcache/Python/3.12.11/x64/lib
2025-08-21T08:35:11.8276714Z ##[endgroup]
2025-08-21T08:35:11.8577497Z All checks passed!
2025-08-21T08:35:11.8816968Z 256 files already formatted
2025-08-21T08:35:11.9399352Z ##[group]Run for i in {1..30}; do pg_isready -h "$PG_HOST" -p "$PG_PORT" -U "$PG_USER" -d "$PG_DATABASE" && break; sleep 1; done
2025-08-21T08:35:11.9400021Z [36;1mfor i in {1..30}; do pg_isready -h "$PG_HOST" -p "$PG_PORT" -U "$PG_USER" -d "$PG_DATABASE" && break; sleep 1; done[0m
2025-08-21T08:35:11.9441075Z shell: /usr/bin/bash -e {0}
2025-08-21T08:35:11.9441305Z env:
2025-08-21T08:35:11.9441501Z   REDIS_URL: redis://localhost:6379/0
2025-08-21T08:35:11.9441764Z   RATE_LIMIT_DEFAULT: 100/minute
2025-08-21T08:35:11.9441979Z   TRUST_X_FORWARDED: 1
2025-08-21T08:35:11.9442172Z   PG_USER: postgres
2025-08-21T08:35:11.9442369Z   PG_PASSWORD: pass
2025-08-21T08:35:11.9442545Z   PG_DATABASE: awa
2025-08-21T08:35:11.9442710Z   PG_HOST: localhost
2025-08-21T08:35:11.9442890Z   PG_PORT: 5432
2025-08-21T08:35:11.9443333Z   PG_SYNC_DSN: ***localhost:5432/awa
2025-08-21T08:35:11.9443728Z   PG_ASYNC_DSN: ***localhost:5432/awa
2025-08-21T08:35:11.9444138Z   DATABASE_URL: ***localhost:5432/awa
2025-08-21T08:35:11.9444369Z   DATA_DIR: /tmp/awa-data
2025-08-21T08:35:11.9444566Z   ENABLE_LIVE: 0
2025-08-21T08:35:11.9444736Z   TESTING: 1
2025-08-21T08:35:11.9445151Z   pythonLocation: /opt/hostedtoolcache/Python/3.12.11/x64
2025-08-21T08:35:11.9445571Z   PKG_CONFIG_PATH: /opt/hostedtoolcache/Python/3.12.11/x64/lib/pkgconfig
2025-08-21T08:35:11.9445956Z   Python_ROOT_DIR: /opt/hostedtoolcache/Python/3.12.11/x64
2025-08-21T08:35:11.9446291Z   Python2_ROOT_DIR: /opt/hostedtoolcache/Python/3.12.11/x64
2025-08-21T08:35:11.9446639Z   Python3_ROOT_DIR: /opt/hostedtoolcache/Python/3.12.11/x64
2025-08-21T08:35:11.9446983Z   LD_LIBRARY_PATH: /opt/hostedtoolcache/Python/3.12.11/x64/lib
2025-08-21T08:35:11.9447269Z ##[endgroup]
2025-08-21T08:35:12.0070154Z localhost:5432 - accepting connections
2025-08-21T08:35:12.0110075Z ##[group]Run psql -h "$PG_HOST" -p "$PG_PORT" -U "$PG_USER" -d "$PG_DATABASE" -c "SELECT 1"
2025-08-21T08:35:12.0110599Z [36;1mpsql -h "$PG_HOST" -p "$PG_PORT" -U "$PG_USER" -d "$PG_DATABASE" -c "SELECT 1"[0m
2025-08-21T08:35:12.0151346Z shell: /usr/bin/bash -e {0}
2025-08-21T08:35:12.0151567Z env:
2025-08-21T08:35:12.0151769Z   REDIS_URL: redis://localhost:6379/0
2025-08-21T08:35:12.0152039Z   RATE_LIMIT_DEFAULT: 100/minute
2025-08-21T08:35:12.0152287Z   TRUST_X_FORWARDED: 1
2025-08-21T08:35:12.0152476Z   PG_USER: postgres
2025-08-21T08:35:12.0152664Z   PG_PASSWORD: pass
2025-08-21T08:35:12.0152838Z   PG_DATABASE: awa
2025-08-21T08:35:12.0153010Z   PG_HOST: localhost
2025-08-21T08:35:12.0153193Z   PG_PORT: 5432
2025-08-21T08:35:12.0153645Z   PG_SYNC_DSN: ***localhost:5432/awa
2025-08-21T08:35:12.0154033Z   PG_ASYNC_DSN: ***localhost:5432/awa
2025-08-21T08:35:12.0154404Z   DATABASE_URL: ***localhost:5432/awa
2025-08-21T08:35:12.0154632Z   DATA_DIR: /tmp/awa-data
2025-08-21T08:35:12.0155086Z   ENABLE_LIVE: 0
2025-08-21T08:35:12.0155270Z   TESTING: 1
2025-08-21T08:35:12.0155510Z   pythonLocation: /opt/hostedtoolcache/Python/3.12.11/x64
2025-08-21T08:35:12.0155926Z   PKG_CONFIG_PATH: /opt/hostedtoolcache/Python/3.12.11/x64/lib/pkgconfig
2025-08-21T08:35:12.0156350Z   Python_ROOT_DIR: /opt/hostedtoolcache/Python/3.12.11/x64
2025-08-21T08:35:12.0156697Z   Python2_ROOT_DIR: /opt/hostedtoolcache/Python/3.12.11/x64
2025-08-21T08:35:12.0157250Z   Python3_ROOT_DIR: /opt/hostedtoolcache/Python/3.12.11/x64
2025-08-21T08:35:12.0157603Z   LD_LIBRARY_PATH: /opt/hostedtoolcache/Python/3.12.11/x64/lib
2025-08-21T08:35:12.0157896Z   PGPASSWORD: pass
2025-08-21T08:35:12.0158085Z ##[endgroup]
2025-08-21T08:35:12.1009598Z  ?column? 
2025-08-21T08:35:12.1009978Z ----------
2025-08-21T08:35:12.1010313Z         1
2025-08-21T08:35:12.1010630Z (1 row)
2025-08-21T08:35:12.1010802Z 
2025-08-21T08:35:12.1049691Z ##[group]Run alembic -c services/api/alembic.ini upgrade head
2025-08-21T08:35:12.1050118Z [36;1malembic -c services/api/alembic.ini upgrade head[0m
2025-08-21T08:35:12.1091218Z shell: /usr/bin/bash -e {0}
2025-08-21T08:35:12.1091444Z env:
2025-08-21T08:35:12.1091638Z   REDIS_URL: redis://localhost:6379/0
2025-08-21T08:35:12.1091894Z   RATE_LIMIT_DEFAULT: 100/minute
2025-08-21T08:35:12.1092110Z   TRUST_X_FORWARDED: 1
2025-08-21T08:35:12.1092300Z   PG_USER: postgres
2025-08-21T08:35:12.1092485Z   PG_PASSWORD: pass
2025-08-21T08:35:12.1092663Z   PG_DATABASE: awa
2025-08-21T08:35:12.1092846Z   PG_HOST: localhost
2025-08-21T08:35:12.1093025Z   PG_PORT: 5432
2025-08-21T08:35:12.1093450Z   PG_SYNC_DSN: ***localhost:5432/awa
2025-08-21T08:35:12.1093822Z   PG_ASYNC_DSN: ***localhost:5432/awa
2025-08-21T08:35:12.1094181Z   DATABASE_URL: ***localhost:5432/awa
2025-08-21T08:35:12.1094410Z   DATA_DIR: /tmp/awa-data
2025-08-21T08:35:12.1094599Z   ENABLE_LIVE: 0
2025-08-21T08:35:12.1095022Z   TESTING: 1
2025-08-21T08:35:12.1095279Z   pythonLocation: /opt/hostedtoolcache/Python/3.12.11/x64
2025-08-21T08:35:12.1095692Z   PKG_CONFIG_PATH: /opt/hostedtoolcache/Python/3.12.11/x64/lib/pkgconfig
2025-08-21T08:35:12.1096083Z   Python_ROOT_DIR: /opt/hostedtoolcache/Python/3.12.11/x64
2025-08-21T08:35:12.1096428Z   Python2_ROOT_DIR: /opt/hostedtoolcache/Python/3.12.11/x64
2025-08-21T08:35:12.1096761Z   Python3_ROOT_DIR: /opt/hostedtoolcache/Python/3.12.11/x64
2025-08-21T08:35:12.1097098Z   LD_LIBRARY_PATH: /opt/hostedtoolcache/Python/3.12.11/x64/lib
2025-08-21T08:35:12.1097386Z ##[endgroup]
2025-08-21T08:35:12.9959603Z INFO  [alembic.runtime.migration] Context impl PostgresqlImpl.
2025-08-21T08:35:12.9960328Z INFO  [alembic.runtime.migration] Will assume transactional DDL.
2025-08-21T08:35:13.0153892Z INFO  [alembic.runtime.migration] Running upgrade  -> 0001_baseline
2025-08-21T08:35:13.0311005Z INFO  [alembic.runtime.migration] Running upgrade 0001_baseline -> 0002_create_roi_view
2025-08-21T08:35:13.0338497Z INFO  [alembic.runtime.migration] Running upgrade 0002_create_roi_view -> 3e9d5c5aff2c
2025-08-21T08:35:13.0514087Z INFO  [alembic.runtime.migration] Running upgrade 3e9d5c5aff2c -> 0003_vendor_prices
2025-08-21T08:35:13.0690836Z INFO  [alembic.runtime.migration] Running upgrade 0003_vendor_prices -> 0004_fee_cron
2025-08-21T08:35:13.0769846Z INFO  [alembic.runtime.migration] Running upgrade 0004_fee_cron -> 0006_fix_roi_views
2025-08-21T08:35:13.0802970Z INFO  [alembic.runtime.migration] Running upgrade 0006_fix_roi_views -> 0020_unified_schema
2025-08-21T08:35:13.0928184Z INFO  [alembic.runtime.migration] Running upgrade 0020_unified_schema -> 0022_fix_roi_view
2025-08-21T08:35:13.0996697Z INFO  [alembic.runtime.migration] Running upgrade 0022_fix_roi_view -> 0023_add_storage_fee
2025-08-21T08:35:13.1037668Z INFO  [alembic.runtime.migration] Running upgrade 0023_add_storage_fee -> 0024_create_buybox
2025-08-21T08:35:13.1063644Z INFO  [alembic.runtime.migration] Running upgrade 0024_create_buybox -> 0025_pr4_indexes_loadlog
2025-08-21T08:35:13.1274150Z INFO  [alembic.runtime.migration] Running upgrade 0025_pr4_indexes_loadlog -> 0026_amazon_new_reports
2025-08-21T08:35:13.2296333Z ##[group]Run python -m mypy services || true
2025-08-21T08:35:13.2296851Z [36;1mpython -m mypy services || true[0m
2025-08-21T08:35:13.2337992Z shell: /usr/bin/bash -e {0}
2025-08-21T08:35:13.2338417Z env:
2025-08-21T08:35:13.2338678Z   REDIS_URL: redis://localhost:6379/0
2025-08-21T08:35:13.2339054Z   RATE_LIMIT_DEFAULT: 100/minute
2025-08-21T08:35:13.2339441Z   TRUST_X_FORWARDED: 1
2025-08-21T08:35:13.2339891Z   PG_USER: postgres
2025-08-21T08:35:13.2340160Z   PG_PASSWORD: pass
2025-08-21T08:35:13.2340502Z   PG_DATABASE: awa
2025-08-21T08:35:13.2340747Z   PG_HOST: localhost
2025-08-21T08:35:13.2341048Z   PG_PORT: 5432
2025-08-21T08:35:13.2341950Z   PG_SYNC_DSN: ***localhost:5432/awa
2025-08-21T08:35:13.2342512Z   PG_ASYNC_DSN: ***localhost:5432/awa
2025-08-21T08:35:13.2343091Z   DATABASE_URL: ***localhost:5432/awa
2025-08-21T08:35:13.2343465Z   DATA_DIR: /tmp/awa-data
2025-08-21T08:35:13.2343708Z   ENABLE_LIVE: 0
2025-08-21T08:35:13.2344034Z   TESTING: 1
2025-08-21T08:35:13.2344460Z   pythonLocation: /opt/hostedtoolcache/Python/3.12.11/x64
2025-08-21T08:35:13.2345122Z   PKG_CONFIG_PATH: /opt/hostedtoolcache/Python/3.12.11/x64/lib/pkgconfig
2025-08-21T08:35:13.2345638Z   Python_ROOT_DIR: /opt/hostedtoolcache/Python/3.12.11/x64
2025-08-21T08:35:13.2346065Z   Python2_ROOT_DIR: /opt/hostedtoolcache/Python/3.12.11/x64
2025-08-21T08:35:13.2346569Z   Python3_ROOT_DIR: /opt/hostedtoolcache/Python/3.12.11/x64
2025-08-21T08:35:13.2346980Z   LD_LIBRARY_PATH: /opt/hostedtoolcache/Python/3.12.11/x64/lib
2025-08-21T08:35:13.2347345Z ##[endgroup]
2025-08-21T08:35:45.6228293Z Success: no issues found in 99 source files
2025-08-21T08:35:45.6631078Z ##[group]Run pytest -q --cov=services --cov-report=xml
2025-08-21T08:35:45.6631528Z [36;1mpytest -q --cov=services --cov-report=xml[0m
2025-08-21T08:35:45.6673750Z shell: /usr/bin/bash -e {0}
2025-08-21T08:35:45.6674030Z env:
2025-08-21T08:35:45.6674448Z   REDIS_URL: redis://localhost:6379/0
2025-08-21T08:35:45.6674795Z   RATE_LIMIT_DEFAULT: 100/minute
2025-08-21T08:35:45.6675428Z   TRUST_X_FORWARDED: 1
2025-08-21T08:35:45.6675732Z   PG_USER: postgres
2025-08-21T08:35:45.6676013Z   PG_PASSWORD: pass
2025-08-21T08:35:45.6676321Z   PG_DATABASE: awa
2025-08-21T08:35:45.6676573Z   PG_HOST: localhost
2025-08-21T08:35:45.6676846Z   PG_PORT: 5432
2025-08-21T08:35:45.6677536Z   PG_SYNC_DSN: ***localhost:5432/awa
2025-08-21T08:35:45.6678155Z   PG_ASYNC_DSN: ***localhost:5432/awa
2025-08-21T08:35:45.6678737Z   DATABASE_URL: ***localhost:5432/awa
2025-08-21T08:35:45.6679083Z   DATA_DIR: /tmp/awa-data
2025-08-21T08:35:45.6679339Z   ENABLE_LIVE: 0
2025-08-21T08:35:45.6679638Z   TESTING: 1
2025-08-21T08:35:45.6680078Z   pythonLocation: /opt/hostedtoolcache/Python/3.12.11/x64
2025-08-21T08:35:45.6680542Z   PKG_CONFIG_PATH: /opt/hostedtoolcache/Python/3.12.11/x64/lib/pkgconfig
2025-08-21T08:35:45.6681121Z   Python_ROOT_DIR: /opt/hostedtoolcache/Python/3.12.11/x64
2025-08-21T08:35:45.6681556Z   Python2_ROOT_DIR: /opt/hostedtoolcache/Python/3.12.11/x64
2025-08-21T08:35:45.6681963Z   Python3_ROOT_DIR: /opt/hostedtoolcache/Python/3.12.11/x64
2025-08-21T08:35:45.6682502Z   LD_LIBRARY_PATH: /opt/hostedtoolcache/Python/3.12.11/x64/lib
2025-08-21T08:35:45.6682889Z ##[endgroup]
2025-08-21T08:36:18.1261190Z ........s.............................sssssss........................... [ 41%]
2025-08-21T08:36:50.1325606Z ........................................................................ [ 83%]
2025-08-21T08:36:51.5627871Z .............................                                            [100%]
2025-08-21T08:36:51.5628593Z =============================== warnings summary ===============================
2025-08-21T08:36:51.5629498Z ../../../../../opt/hostedtoolcache/Python/3.12.11/x64/lib/python3.12/site-packages/pydantic/fields.py:1093
2025-08-21T08:36:51.5632139Z   /opt/hostedtoolcache/Python/3.12.11/x64/lib/python3.12/site-packages/pydantic/fields.py:1093: PydanticDeprecatedSince20: Using extra keyword arguments on `Field` is deprecated and will be removed. Use `json_schema_extra` instead. (Extra keys: 'strip_whitespace'). Deprecated in Pydantic V2.0 to be removed in V3.0. See Pydantic V2 Migration Guide at https://errors.pydantic.dev/2.11/migration/
2025-08-21T08:36:51.5634438Z     warn(
2025-08-21T08:36:51.5634606Z 
2025-08-21T08:36:51.5634764Z services/alert_bot/tests/test_smoke.py:5
2025-08-21T08:36:51.5637303Z   /home/runner/work/AWA-App/AWA-App/services/alert_bot/tests/test_smoke.py:5: UserWarning: pkg_resources is deprecated as an API. See https://setuptools.pypa.io/en/latest/pkg_resources.html. The pkg_resources package is slated for removal as early as 2025-11-30. Refrain from using this package or pin to Setuptools<81.
2025-08-21T08:36:51.5639940Z     import pkg_resources  # noqa: F401
2025-08-21T08:36:51.5640284Z 
2025-08-21T08:36:51.5640507Z tests/api/test_ingest_endpoints.py: 12 warnings
2025-08-21T08:36:51.5641085Z tests/ingest/test_tasks_eager.py: 3 warnings
2025-08-21T08:36:51.5641616Z tests/test_api_fast.py: 1 warning
2025-08-21T08:36:51.5642083Z tests/test_health.py: 5 warnings
2025-08-21T08:36:51.5642529Z tests/test_smoke.py: 5 warnings
2025-08-21T08:36:51.5642995Z services/api/tests/test_cors.py: 1 warning
2025-08-21T08:36:51.5643568Z services/api/tests/test_errors_json.py: 2 warnings
2025-08-21T08:36:51.5644149Z services/api/tests/test_health.py: 1 warning
2025-08-21T08:36:51.5644634Z services/api/tests/test_rate_limit.py: 122 warnings
2025-08-21T08:36:51.5645374Z services/api/tests/test_roi_basic_auth.py: 4 warnings
2025-08-21T08:36:51.5645938Z services/api/tests/test_sentry_event.py: 1 warning
2025-08-21T08:36:51.5646473Z services/api/tests/test_stats_contracts.py: 3 warnings
2025-08-21T08:36:51.5647370Z services/api/tests/test_stats_future_contracts.py: 3 warnings
2025-08-21T08:36:51.5649431Z   /opt/hostedtoolcache/Python/3.12.11/x64/lib/python3.12/site-packages/asgi_correlation_id/extensions/sentry.py:27: DeprecationWarning: sentry_sdk.configure_scope is deprecated and will be removed in the next major version. Please consult our migration guide to learn how to migrate to the new API: https://docs.sentry.io/platforms/python/migration/1.x-to-2.x#scope-configuring
2025-08-21T08:36:51.5651638Z     with configure_scope() as scope:
2025-08-21T08:36:51.5651919Z 
2025-08-21T08:36:51.5652105Z tests/api/test_ingest_endpoints.py: 3 warnings
2025-08-21T08:36:51.5652555Z tests/test_api_fast.py: 1 warning
2025-08-21T08:36:51.5652943Z tests/test_health.py: 5 warnings
2025-08-21T08:36:51.5653313Z tests/test_smoke.py: 5 warnings
2025-08-21T08:36:51.5653694Z services/api/tests/test_cors.py: 3 warnings
2025-08-21T08:36:51.5654130Z services/api/tests/test_errors_json.py: 2 warnings
2025-08-21T08:36:51.5654577Z services/api/tests/test_health.py: 1 warning
2025-08-21T08:36:51.5655196Z services/api/tests/test_rate_limit.py: 2 warnings
2025-08-21T08:36:51.5655672Z services/api/tests/test_sentry_event.py: 1 warning
2025-08-21T08:36:51.5656237Z services/api/tests/test_stats_contracts.py: 3 warnings
2025-08-21T08:36:51.5656859Z services/api/tests/test_stats_future_contracts.py: 1 warning
2025-08-21T08:36:51.5658407Z   /opt/hostedtoolcache/Python/3.12.11/x64/lib/python3.12/site-packages/fastapi_limiter/__init__.py:89: DeprecationWarning: Call to deprecated close. (Use aclose() instead) -- Deprecated since version 5.0.1.
2025-08-21T08:36:51.5659721Z     await cls.redis.close()
2025-08-21T08:36:51.5659963Z 
2025-08-21T08:36:51.5660193Z tests/test_api_fast.py::test_health_endpoint
2025-08-21T08:36:51.5661881Z   /home/runner/work/AWA-App/AWA-App/tests/test_api_fast.py:13: DeprecationWarning: datetime.datetime.utcnow() is deprecated and scheduled for removal in a future version. Use timezone-aware objects to represent datetimes in UTC: datetime.datetime.now(datetime.UTC).
2025-08-21T08:36:51.5663649Z     return datetime.datetime.utcnow()
2025-08-21T08:36:51.5663973Z 
2025-08-21T08:36:51.5664133Z tests/test_api_fast.py: 1 warning
2025-08-21T08:36:51.5664563Z tests/test_health.py: 5 warnings
2025-08-21T08:36:51.5665212Z tests/test_smoke.py: 5 warnings
2025-08-21T08:36:51.5665655Z services/api/tests/test_cors.py: 1 warning
2025-08-21T08:36:51.5666159Z services/api/tests/test_health.py: 1 warning
2025-08-21T08:36:51.5666684Z services/api/tests/test_rate_limit.py: 102 warnings
2025-08-21T08:36:51.5668575Z   /home/runner/work/AWA-App/AWA-App/services/api/routes/health.py:24: DeprecationWarning: datetime.datetime.utcnow() is deprecated and scheduled for removal in a future version. Use timezone-aware objects to represent datetimes in UTC: datetime.datetime.now(datetime.UTC).
2025-08-21T08:36:51.5670736Z     app_now = datetime.utcnow().replace(tzinfo=timezone.utc)
2025-08-21T08:36:51.5671134Z 
2025-08-21T08:36:51.5671395Z tests/test_health.py::test_health[0]
2025-08-21T08:36:51.5671848Z tests/test_health.py::test_health[1]
2025-08-21T08:36:51.5672296Z tests/test_health.py::test_health[2]
2025-08-21T08:36:51.5672929Z tests/test_health.py::test_health[3]
2025-08-21T08:36:51.5673422Z tests/test_health.py::test_health[4]
2025-08-21T08:36:51.5675283Z   /home/runner/work/AWA-App/AWA-App/tests/test_health.py:22: DeprecationWarning: datetime.datetime.utcnow() is deprecated and scheduled for removal in a future version. Use timezone-aware objects to represent datetimes in UTC: datetime.datetime.now(datetime.UTC).
2025-08-21T08:36:51.5677024Z     return datetime.datetime.utcnow()
2025-08-21T08:36:51.5677335Z 
2025-08-21T08:36:51.5677512Z tests/test_smoke.py::test_health[0]
2025-08-21T08:36:51.5677947Z tests/test_smoke.py::test_health[1]
2025-08-21T08:36:51.5678402Z tests/test_smoke.py::test_health[2]
2025-08-21T08:36:51.5678829Z tests/test_smoke.py::test_health[3]
2025-08-21T08:36:51.5679253Z tests/test_smoke.py::test_health[4]
2025-08-21T08:36:51.5681150Z   /home/runner/work/AWA-App/AWA-App/tests/test_smoke.py:32: DeprecationWarning: datetime.datetime.utcnow() is deprecated and scheduled for removal in a future version. Use timezone-aware objects to represent datetimes in UTC: datetime.datetime.now(datetime.UTC).
2025-08-21T08:36:51.5682890Z     return datetime.datetime.utcnow()
2025-08-21T08:36:51.5683204Z 
2025-08-21T08:36:51.5683504Z services/api/tests/test_cors.py::test_cors_simple_get_allowed
2025-08-21T08:36:51.5685628Z   /home/runner/work/AWA-App/AWA-App/services/api/tests/test_cors.py:27: DeprecationWarning: datetime.datetime.utcnow() is deprecated and scheduled for removal in a future version. Use timezone-aware objects to represent datetimes in UTC: datetime.datetime.now(datetime.UTC).
2025-08-21T08:36:51.5687430Z     return datetime.datetime.utcnow()
2025-08-21T08:36:51.5687760Z 
2025-08-21T08:36:51.5688002Z services/api/tests/test_health.py::test_health_route
2025-08-21T08:36:51.5689856Z   /home/runner/work/AWA-App/AWA-App/services/api/tests/test_health.py:14: DeprecationWarning: datetime.datetime.utcnow() is deprecated and scheduled for removal in a future version. Use timezone-aware objects to represent datetimes in UTC: datetime.datetime.now(datetime.UTC).
2025-08-21T08:36:51.5691663Z     return datetime.datetime.utcnow()
2025-08-21T08:36:51.5691976Z 
2025-08-21T08:36:51.5692193Z services/api/tests/test_rate_limit.py: 102 warnings
2025-08-21T08:36:51.5694030Z   /home/runner/work/AWA-App/AWA-App/services/api/tests/test_rate_limit.py:33: DeprecationWarning: datetime.datetime.utcnow() is deprecated and scheduled for removal in a future version. Use timezone-aware objects to represent datetimes in UTC: datetime.datetime.now(datetime.UTC).
2025-08-21T08:36:51.5696052Z     return datetime.datetime.utcnow()
2025-08-21T08:36:51.5696362Z 
2025-08-21T08:36:51.5696809Z services/api/tests/test_sentry_event.py::test_unhandled_exception_is_captured_and_tagged
2025-08-21T08:36:51.5699153Z   /home/runner/work/AWA-App/AWA-App/services/api/tests/test_sentry_event.py:47: SentryHubDeprecationWarning: `sentry_sdk.Hub` is deprecated and will be removed in a future major release. Please consult our 1.x to 2.x migration guide for details on how to migrate `Hub` usage to the new API: https://docs.sentry.io/platforms/python/migration/1.x-to-2.x
2025-08-21T08:36:51.5701223Z     hub = sentry_sdk.Hub.current
2025-08-21T08:36:51.5701509Z 
2025-08-21T08:36:51.5701838Z -- Docs: https://docs.pytest.org/en/stable/how-to/capture-warnings.html
2025-08-21T08:36:51.5702520Z ================================ tests coverage ================================
2025-08-21T08:36:51.5703177Z _______________ coverage: platform linux, python 3.12.11-final-0 _______________
2025-08-21T08:36:51.5703642Z 
2025-08-21T08:36:51.5703818Z Coverage XML written to file coverage.xml
2025-08-21T08:36:51.5704661Z Sentry is attempting to send 0 pending events
2025-08-21T08:36:51.5705351Z Waiting up to True seconds
2025-08-21T08:36:51.5705736Z Press Ctrl-C to quit
2025-08-21T08:36:52.1570445Z ##[group]Run actions/upload-artifact@v4
2025-08-21T08:36:52.1570712Z with:
2025-08-21T08:36:52.1570875Z   name: coverage
2025-08-21T08:36:52.1571052Z   path: coverage.xml
2025-08-21T08:36:52.1571239Z   if-no-files-found: warn
2025-08-21T08:36:52.1571445Z   compression-level: 6
2025-08-21T08:36:52.1571634Z   overwrite: false
2025-08-21T08:36:52.1571814Z   include-hidden-files: false
2025-08-21T08:36:52.1572022Z env:
2025-08-21T08:36:52.1572210Z   REDIS_URL: redis://localhost:6379/0
2025-08-21T08:36:52.1572453Z   RATE_LIMIT_DEFAULT: 100/minute
2025-08-21T08:36:52.1572665Z   TRUST_X_FORWARDED: 1
2025-08-21T08:36:52.1572850Z   PG_USER: postgres
2025-08-21T08:36:52.1573027Z   PG_PASSWORD: pass
2025-08-21T08:36:52.1573202Z   PG_DATABASE: awa
2025-08-21T08:36:52.1573374Z   PG_HOST: localhost
2025-08-21T08:36:52.1573545Z   PG_PORT: 5432
2025-08-21T08:36:52.1573966Z   PG_SYNC_DSN: ***localhost:5432/awa
2025-08-21T08:36:52.1574358Z   PG_ASYNC_DSN: ***localhost:5432/awa
2025-08-21T08:36:52.1574757Z   DATABASE_URL: ***localhost:5432/awa
2025-08-21T08:36:52.1575214Z   DATA_DIR: /tmp/awa-data
2025-08-21T08:36:52.1575411Z   ENABLE_LIVE: 0
2025-08-21T08:36:52.1575578Z   TESTING: 1
2025-08-21T08:36:52.1575805Z   pythonLocation: /opt/hostedtoolcache/Python/3.12.11/x64
2025-08-21T08:36:52.1576181Z   PKG_CONFIG_PATH: /opt/hostedtoolcache/Python/3.12.11/x64/lib/pkgconfig
2025-08-21T08:36:52.1576556Z   Python_ROOT_DIR: /opt/hostedtoolcache/Python/3.12.11/x64
2025-08-21T08:36:52.1576891Z   Python2_ROOT_DIR: /opt/hostedtoolcache/Python/3.12.11/x64
2025-08-21T08:36:52.1577223Z   Python3_ROOT_DIR: /opt/hostedtoolcache/Python/3.12.11/x64
2025-08-21T08:36:52.1577564Z   LD_LIBRARY_PATH: /opt/hostedtoolcache/Python/3.12.11/x64/lib
2025-08-21T08:36:52.1577848Z ##[endgroup]
2025-08-21T08:36:52.3749923Z With the provided path, there will be 1 file uploaded
2025-08-21T08:36:52.3756161Z Artifact name is valid!
2025-08-21T08:36:52.3757530Z Root directory input is valid!
2025-08-21T08:36:52.5064106Z Beginning upload of artifact content to blob storage
2025-08-21T08:36:52.5527358Z Uploaded bytes 5394
2025-08-21T08:36:52.5672541Z Finished uploading artifact content to blob storage!
2025-08-21T08:36:52.5676197Z SHA256 digest of uploaded artifact zip is d6f93b3dda9858c77057ef91edb6e51d5a29c6319b2eb7145f437ce03ffc4cf1
2025-08-21T08:36:52.5678139Z Finalizing artifact upload
2025-08-21T08:36:52.6494174Z Artifact coverage.zip successfully finalized. Artifact ID 3816839008
2025-08-21T08:36:52.6495654Z Artifact coverage has been successfully uploaded! Final size is 5394 bytes. Artifact ID is 3816839008
2025-08-21T08:36:52.6503487Z Artifact download URL: https://github.com/AlexBomber12/AWA-App/actions/runs/17121612984/artifacts/3816839008
2025-08-21T08:36:52.6657384Z Post job cleanup.
2025-08-21T08:36:52.8214647Z Cache hit occurred on the primary key setup-python-Linux-x64-24.04-Ubuntu-python-3.12.11-pip-cc13ccef493b9f3a93ad5651164d9fb09282c1111f6f72ce20e0657de16de6b4, not saving cache.
2025-08-21T08:36:52.8328447Z Post job cleanup.
2025-08-21T08:36:52.9105151Z [command]/usr/bin/git version
2025-08-21T08:36:52.9141741Z git version 2.51.0
2025-08-21T08:36:52.9180938Z Temporarily overriding HOME='/home/runner/work/_temp/939ddf54-b9f9-452b-9679-70de52eb038d' before making global git config changes
2025-08-21T08:36:52.9182193Z Adding repository directory to the temporary git global config as a safe directory
2025-08-21T08:36:52.9187162Z [command]/usr/bin/git config --global --add safe.directory /home/runner/work/AWA-App/AWA-App
2025-08-21T08:36:52.9226027Z [command]/usr/bin/git config --local --name-only --get-regexp core\.sshCommand
2025-08-21T08:36:52.9258606Z [command]/usr/bin/git submodule foreach --recursive sh -c "git config --local --name-only --get-regexp 'core\.sshCommand' && git config --local --unset-all 'core.sshCommand' || :"
2025-08-21T08:36:52.9504214Z [command]/usr/bin/git config --local --name-only --get-regexp http\.https\:\/\/github\.com\/\.extraheader
2025-08-21T08:36:52.9529378Z http.https://github.com/.extraheader
2025-08-21T08:36:52.9539328Z [command]/usr/bin/git config --local --unset-all http.https://github.com/.extraheader
2025-08-21T08:36:52.9571197Z [command]/usr/bin/git submodule foreach --recursive sh -c "git config --local --name-only --get-regexp 'http\.https\:\/\/github\.com\/\.extraheader' && git config --local --unset-all 'http.https://github.com/.extraheader' || :"
2025-08-21T08:36:52.9890544Z Print service container logs: aac5de22230e494bbf7c30d0866b1010_postgres15_75ebc9
2025-08-21T08:36:52.9894793Z ##[command]/usr/bin/docker logs --details 2d1b0cfc86a57011f43b762412ed3978c5836b8819f3d316c51b57fb7dfdb197
2025-08-21T08:36:53.0019664Z  The files belonging to this database system will be owned by user "postgres".
2025-08-21T08:36:53.0021844Z  initdb: warning: enabling "trust" authentication for local connections
2025-08-21T08:36:53.0022504Z  This user must also own the server process.
2025-08-21T08:36:53.0023507Z  initdb: hint: You can change this by editing pg_hba.conf or using the option -A, or --auth-local and --auth-host, the next time you run initdb.
2025-08-21T08:36:53.0025099Z  2025-08-21 08:34:25.302 UTC [1] LOG:  starting PostgreSQL 15.14 (Debian 15.14-1.pgdg13+1) on x86_64-pc-linux-gnu, compiled by gcc (Debian 14.2.0-19) 14.2.0, 64-bit
2025-08-21T08:36:53.0026175Z  2025-08-21 08:34:25.302 UTC [1] LOG:  listening on IPv4 address "0.0.0.0", port 5432
2025-08-21T08:36:53.0026930Z  2025-08-21 08:34:25.302 UTC [1] LOG:  listening on IPv6 address "::", port 5432
2025-08-21T08:36:53.0027693Z  2025-08-21 08:34:25.303 UTC [1] LOG:  listening on Unix socket "/var/run/postgresql/.s.PGSQL.5432"
2025-08-21T08:36:53.0028518Z  2025-08-21 08:34:25.307 UTC [64] LOG:  database system was shut down at 2025-08-21 08:34:25 UTC
2025-08-21T08:36:53.0029241Z  2025-08-21 08:34:25.312 UTC [1] LOG:  database system is ready to accept connections
2025-08-21T08:36:53.0029765Z  
2025-08-21T08:36:53.0030204Z  The database cluster will be initialized with locale "en_US.utf8".
2025-08-21T08:36:53.0030887Z  The default database encoding has accordingly been set to "UTF8".
2025-08-21T08:36:53.0031549Z  The default text search configuration will be set to "english".
2025-08-21T08:36:53.0032047Z  
2025-08-21T08:36:53.0032330Z  Data page checksums are disabled.
2025-08-21T08:36:53.0032698Z  
2025-08-21T08:36:53.0033146Z  fixing permissions on existing directory /var/lib/postgresql/data ... ok
2025-08-21T08:36:53.0033770Z  creating subdirectories ... ok
2025-08-21T08:36:53.0034301Z  selecting dynamic shared memory implementation ... posix
2025-08-21T08:36:53.0034788Z  selecting default max_connections ... 100
2025-08-21T08:36:53.0035321Z  selecting default shared_buffers ... 128MB
2025-08-21T08:36:53.0035733Z  selecting default time zone ... Etc/UTC
2025-08-21T08:36:53.0036155Z  creating configuration files ... ok
2025-08-21T08:36:53.0036581Z  running bootstrap script ... ok
2025-08-21T08:36:53.0037046Z  performing post-bootstrap initialization ... ok
2025-08-21T08:36:53.0037518Z  syncing data to disk ... ok
2025-08-21T08:36:53.0037866Z  
2025-08-21T08:36:53.0038103Z  
2025-08-21T08:36:53.0038439Z  Success. You can now start the database server using:
2025-08-21T08:36:53.0039064Z  
2025-08-21T08:36:53.0039422Z      pg_ctl -D /var/lib/postgresql/data -l logfile start
2025-08-21T08:36:53.0039880Z  
2025-08-21T08:36:53.0040799Z  waiting for server to start....2025-08-21 08:34:24.960 UTC [48] LOG:  starting PostgreSQL 15.14 (Debian 15.14-1.pgdg13+1) on x86_64-pc-linux-gnu, compiled by gcc (Debian 14.2.0-19) 14.2.0, 64-bit
2025-08-21T08:36:53.0041629Z  2025-08-21 08:34:24.960 UTC [48] LOG:  listening on Unix socket "/var/run/postgresql/.s.PGSQL.5432"
2025-08-21T08:36:53.0042123Z  2025-08-21 08:34:24.964 UTC [51] LOG:  database system was shut down at 2025-08-21 08:34:24 UTC
2025-08-21T08:36:53.0042568Z  2025-08-21 08:34:24.968 UTC [48] LOG:  database system is ready to accept connections
2025-08-21T08:36:53.0043118Z   done
2025-08-21T08:36:53.0043278Z  server started
2025-08-21T08:36:53.0043455Z  CREATE DATABASE
2025-08-21T08:36:53.0043620Z  
2025-08-21T08:36:53.0043767Z  
2025-08-21T08:36:53.0044061Z  /usr/local/bin/docker-entrypoint.sh: ignoring /docker-entrypoint-initdb.d/*
2025-08-21T08:36:53.0044428Z  
2025-08-21T08:36:53.0044737Z  waiting for server to shut down...2025-08-21 08:34:25.179 UTC [48] LOG:  received fast shutdown request
2025-08-21T08:36:53.0045622Z  .2025-08-21 08:34:25.180 UTC [48] LOG:  aborting any active transactions
2025-08-21T08:36:53.0046135Z  2025-08-21 08:34:25.181 UTC [48] LOG:  background worker "logical replication launcher" (PID 54) exited with exit code 1
2025-08-21T08:36:53.0046600Z  2025-08-21 08:34:25.183 UTC [49] LOG:  shutting down
2025-08-21T08:36:53.0046939Z  2025-08-21 08:34:25.183 UTC [49] LOG:  checkpoint starting: shutdown immediate
2025-08-21T08:36:53.0047760Z  2025-08-21 08:34:25.214 UTC [49] LOG:  checkpoint complete: wrote 922 buffers (5.6%); 0 WAL file(s) added, 0 removed, 0 recycled; write=0.019 s, sync=0.004 s, total=0.032 s; sync files=301, longest=0.002 s, average=0.001 s; distance=4239 kB, estimate=4239 kB
2025-08-21T08:36:53.0048560Z  2025-08-21 08:34:25.222 UTC [48] LOG:  database system is shut down
2025-08-21T08:36:53.0048840Z   done
2025-08-21T08:36:53.0048992Z  server stopped
2025-08-21T08:36:53.0049162Z  
2025-08-21T08:36:53.0049371Z  PostgreSQL init process complete; ready for start up.
2025-08-21T08:36:53.0049641Z  
2025-08-21T08:36:53.0054740Z Stop and remove container: aac5de22230e494bbf7c30d0866b1010_postgres15_75ebc9
2025-08-21T08:36:53.0060056Z ##[command]/usr/bin/docker rm --force 2d1b0cfc86a57011f43b762412ed3978c5836b8819f3d316c51b57fb7dfdb197
2025-08-21T08:36:53.1280205Z 2d1b0cfc86a57011f43b762412ed3978c5836b8819f3d316c51b57fb7dfdb197
2025-08-21T08:36:53.1304392Z Print service container logs: 9f05b68ef495410dbe945527b6ec7fb5_redis7alpine_1cd77b
2025-08-21T08:36:53.1306413Z ##[command]/usr/bin/docker logs --details ca7e548043de88e7ee09221e0996dbc9c738a89d046c633354591ffb62e8fb9d
2025-08-21T08:36:53.1437405Z  1:C 21 Aug 2025 08:34:25.429 # WARNING Memory overcommit must be enabled! Without it, a background save or replication may fail under low memory condition. Being disabled, it can also cause failures without low memory condition, see https://github.com/jemalloc/jemalloc/issues/1328. To fix this issue add 'vm.overcommit_memory = 1' to /etc/sysctl.conf and then reboot or run the command 'sysctl vm.overcommit_memory=1' for this to take effect.
2025-08-21T08:36:53.1439549Z  1:C 21 Aug 2025 08:34:25.429 * oO0OoO0OoO0Oo Redis is starting oO0OoO0OoO0Oo
2025-08-21T08:36:53.1440047Z  1:C 21 Aug 2025 08:34:25.429 * Redis version=7.4.5, bits=64, commit=00000000, modified=0, pid=1, just started
2025-08-21T08:36:53.1440754Z  1:C 21 Aug 2025 08:34:25.429 # Warning: no config file specified, using the default config. In order to specify a config file use redis-server /path/to/redis.conf
2025-08-21T08:36:53.1441358Z  1:M 21 Aug 2025 08:34:25.430 * monotonic clock: POSIX clock_gettime
2025-08-21T08:36:53.1441726Z  1:M 21 Aug 2025 08:34:25.430 * Running mode=standalone, port=6379.
2025-08-21T08:36:53.1442043Z  1:M 21 Aug 2025 08:34:25.430 * Server initialized
2025-08-21T08:36:53.1442349Z  1:M 21 Aug 2025 08:34:25.430 * Ready to accept connections tcp
2025-08-21T08:36:53.1449873Z Stop and remove container: 9f05b68ef495410dbe945527b6ec7fb5_redis7alpine_1cd77b
2025-08-21T08:36:53.1450653Z ##[command]/usr/bin/docker rm --force ca7e548043de88e7ee09221e0996dbc9c738a89d046c633354591ffb62e8fb9d
2025-08-21T08:36:53.2549704Z ca7e548043de88e7ee09221e0996dbc9c738a89d046c633354591ffb62e8fb9d
2025-08-21T08:36:53.2572501Z Remove container network: github_network_adccf3ae5fa04282bcff87a681e07d03
2025-08-21T08:36:53.2577314Z ##[command]/usr/bin/docker network rm github_network_adccf3ae5fa04282bcff87a681e07d03
2025-08-21T08:36:53.3760786Z github_network_adccf3ae5fa04282bcff87a681e07d03
2025-08-21T08:36:53.3818470Z Cleaning up orphan processes
