2025-08-23T23:07:44.0402519Z Current runner version: '2.328.0'
2025-08-23T23:07:44.0425356Z ##[group]Runner Image Provisioner
2025-08-23T23:07:44.0426424Z Hosted Compute Agent
2025-08-23T23:07:44.0427034Z Version: 20250821.380
2025-08-23T23:07:44.0427646Z Commit: 438d12cb4fe092871db9867344e3bc0bc5319035
2025-08-23T23:07:44.0428324Z Build Date: 2025-08-21T20:49:43Z
2025-08-23T23:07:44.0429299Z ##[endgroup]
2025-08-23T23:07:44.0429833Z ##[group]Operating System
2025-08-23T23:07:44.0430393Z Ubuntu
2025-08-23T23:07:44.0430845Z 24.04.2
2025-08-23T23:07:44.0431372Z LTS
2025-08-23T23:07:44.0431921Z ##[endgroup]
2025-08-23T23:07:44.0432464Z ##[group]Runner Image
2025-08-23T23:07:44.0433102Z Image: ubuntu-24.04
2025-08-23T23:07:44.0433590Z Version: 20250818.1.0
2025-08-23T23:07:44.0434588Z Included Software: https://github.com/actions/runner-images/blob/ubuntu24/20250818.1/images/ubuntu/Ubuntu2404-Readme.md
2025-08-23T23:07:44.0436134Z Image Release: https://github.com/actions/runner-images/releases/tag/ubuntu24%2F20250818.1
2025-08-23T23:07:44.0437095Z ##[endgroup]
2025-08-23T23:07:44.0439541Z ##[group]GITHUB_TOKEN Permissions
2025-08-23T23:07:44.0441441Z Actions: write
2025-08-23T23:07:44.0442262Z Attestations: write
2025-08-23T23:07:44.0442843Z Checks: write
2025-08-23T23:07:44.0443296Z Contents: write
2025-08-23T23:07:44.0443853Z Deployments: write
2025-08-23T23:07:44.0444319Z Discussions: write
2025-08-23T23:07:44.0444808Z Issues: write
2025-08-23T23:07:44.0445278Z Metadata: read
2025-08-23T23:07:44.0445772Z Models: read
2025-08-23T23:07:44.0446257Z Packages: write
2025-08-23T23:07:44.0446795Z Pages: write
2025-08-23T23:07:44.0447304Z PullRequests: write
2025-08-23T23:07:44.0447936Z RepositoryProjects: write
2025-08-23T23:07:44.0448575Z SecurityEvents: write
2025-08-23T23:07:44.0449179Z Statuses: write
2025-08-23T23:07:44.0449733Z ##[endgroup]
2025-08-23T23:07:44.0451860Z Secret source: Actions
2025-08-23T23:07:44.0452686Z Prepare workflow directory
2025-08-23T23:07:44.0922255Z Prepare all required actions
2025-08-23T23:07:44.0975698Z Getting action download info
2025-08-23T23:07:44.5074833Z Download action repository 'actions/checkout@v5' (SHA:08c6903cd8c0fde910a37f88322edcfb5dd907a8)
2025-08-23T23:07:44.5974757Z Download action repository 'actions/setup-python@v5' (SHA:a26af69be951a213d495a4c3e4e4022e16d87065)
2025-08-23T23:07:44.7074953Z Download action repository 'actions/upload-artifact@v4' (SHA:ea165f8d65b6e75b540449e92b4886f43607fa02)
2025-08-23T23:07:44.9747229Z Complete job name: unit
2025-08-23T23:07:45.0269850Z ##[group]Checking docker version
2025-08-23T23:07:45.0283527Z ##[command]/usr/bin/docker version --format '{{.Server.APIVersion}}'
2025-08-23T23:07:45.1380666Z '1.48'
2025-08-23T23:07:45.1396667Z Docker daemon API version: '1.48'
2025-08-23T23:07:45.1397875Z ##[command]/usr/bin/docker version --format '{{.Client.APIVersion}}'
2025-08-23T23:07:45.1585576Z '1.48'
2025-08-23T23:07:45.1604807Z Docker client API version: '1.48'
2025-08-23T23:07:45.1609872Z ##[endgroup]
2025-08-23T23:07:45.1614032Z ##[group]Clean up resources from previous jobs
2025-08-23T23:07:45.1620074Z ##[command]/usr/bin/docker ps --all --quiet --no-trunc --filter "label=4ecc9d"
2025-08-23T23:07:45.1766938Z ##[command]/usr/bin/docker network prune --force --filter "label=4ecc9d"
2025-08-23T23:07:45.1894259Z ##[endgroup]
2025-08-23T23:07:45.1894760Z ##[group]Create local container network
2025-08-23T23:07:45.1904918Z ##[command]/usr/bin/docker network create --label 4ecc9d github_network_28581d45e8c541e596a77b3fc5012dea
2025-08-23T23:07:45.2366688Z e28090408f2bbf5b3309cf105cb7fc0837ee49de928efbca647ef148968904ee
2025-08-23T23:07:45.2384587Z ##[endgroup]
2025-08-23T23:07:45.2410217Z ##[group]Starting postgres service container
2025-08-23T23:07:45.2428781Z ##[command]/usr/bin/docker pull postgres:15
2025-08-23T23:07:46.2779555Z 15: Pulling from library/postgres
2025-08-23T23:07:46.5608592Z 396b1da7636e: Pulling fs layer
2025-08-23T23:07:46.5610784Z fca2566eba32: Pulling fs layer
2025-08-23T23:07:46.5611311Z 631fe8c6d606: Pulling fs layer
2025-08-23T23:07:46.5611987Z 77c7671c4414: Pulling fs layer
2025-08-23T23:07:46.5612956Z 2d9e29180a27: Pulling fs layer
2025-08-23T23:07:46.5613428Z c6bcc2c9a041: Pulling fs layer
2025-08-23T23:07:46.5613939Z ac4b721eb66f: Pulling fs layer
2025-08-23T23:07:46.5614408Z 606bd164980e: Pulling fs layer
2025-08-23T23:07:46.5614873Z f5dfd246bc6e: Pulling fs layer
2025-08-23T23:07:46.5615364Z ba7036bb0a60: Pulling fs layer
2025-08-23T23:07:46.5615861Z 799f859abbbd: Pulling fs layer
2025-08-23T23:07:46.5616192Z d903e777080c: Pulling fs layer
2025-08-23T23:07:46.5616613Z 04adcb462801: Pulling fs layer
2025-08-23T23:07:46.5616949Z 5c10925b29ff: Pulling fs layer
2025-08-23T23:07:46.5617232Z 77c7671c4414: Waiting
2025-08-23T23:07:46.5617467Z 2d9e29180a27: Waiting
2025-08-23T23:07:46.5617701Z c6bcc2c9a041: Waiting
2025-08-23T23:07:46.5617926Z ac4b721eb66f: Waiting
2025-08-23T23:07:46.5618140Z 606bd164980e: Waiting
2025-08-23T23:07:46.5618425Z d903e777080c: Waiting
2025-08-23T23:07:46.5618637Z 04adcb462801: Waiting
2025-08-23T23:07:46.5618877Z 5c10925b29ff: Waiting
2025-08-23T23:07:46.5619109Z f5dfd246bc6e: Waiting
2025-08-23T23:07:46.5619343Z 799f859abbbd: Waiting
2025-08-23T23:07:46.5619559Z ba7036bb0a60: Waiting
2025-08-23T23:07:46.8643260Z fca2566eba32: Verifying Checksum
2025-08-23T23:07:46.8644766Z fca2566eba32: Download complete
2025-08-23T23:07:46.9438265Z 631fe8c6d606: Verifying Checksum
2025-08-23T23:07:46.9440694Z 631fe8c6d606: Download complete
2025-08-23T23:07:47.0310799Z 396b1da7636e: Verifying Checksum
2025-08-23T23:07:47.0311478Z 396b1da7636e: Download complete
2025-08-23T23:07:47.1272644Z 77c7671c4414: Verifying Checksum
2025-08-23T23:07:47.1275122Z 77c7671c4414: Download complete
2025-08-23T23:07:47.3727594Z 2d9e29180a27: Verifying Checksum
2025-08-23T23:07:47.3728775Z 2d9e29180a27: Download complete
2025-08-23T23:07:47.4023753Z c6bcc2c9a041: Verifying Checksum
2025-08-23T23:07:47.4024436Z c6bcc2c9a041: Download complete
2025-08-23T23:07:47.4198612Z ac4b721eb66f: Download complete
2025-08-23T23:07:47.6581057Z ba7036bb0a60: Verifying Checksum
2025-08-23T23:07:47.6583106Z ba7036bb0a60: Download complete
2025-08-23T23:07:47.6773539Z 606bd164980e: Verifying Checksum
2025-08-23T23:07:47.6776333Z 606bd164980e: Download complete
2025-08-23T23:07:47.9244953Z 799f859abbbd: Verifying Checksum
2025-08-23T23:07:47.9246638Z 799f859abbbd: Download complete
2025-08-23T23:07:47.9343345Z d903e777080c: Verifying Checksum
2025-08-23T23:07:47.9344870Z d903e777080c: Download complete
2025-08-23T23:07:47.9958786Z 396b1da7636e: Pull complete
2025-08-23T23:07:48.0949608Z fca2566eba32: Pull complete
2025-08-23T23:07:48.1938953Z 04adcb462801: Verifying Checksum
2025-08-23T23:07:48.1939490Z 04adcb462801: Download complete
2025-08-23T23:07:48.2079982Z 5c10925b29ff: Verifying Checksum
2025-08-23T23:07:48.2080742Z 5c10925b29ff: Download complete
2025-08-23T23:07:48.2857231Z 631fe8c6d606: Pull complete
2025-08-23T23:07:48.3342432Z 77c7671c4414: Pull complete
2025-08-23T23:07:48.6481055Z 2d9e29180a27: Pull complete
2025-08-23T23:07:48.7452334Z c6bcc2c9a041: Pull complete
2025-08-23T23:07:48.7570401Z ac4b721eb66f: Pull complete
2025-08-23T23:07:48.7735755Z 606bd164980e: Pull complete
2025-08-23T23:07:49.8758169Z f5dfd246bc6e: Verifying Checksum
2025-08-23T23:07:49.8758607Z f5dfd246bc6e: Download complete
2025-08-23T23:07:52.7539764Z f5dfd246bc6e: Pull complete
2025-08-23T23:07:52.7742525Z ba7036bb0a60: Pull complete
2025-08-23T23:07:52.7879665Z 799f859abbbd: Pull complete
2025-08-23T23:07:52.8034117Z d903e777080c: Pull complete
2025-08-23T23:07:52.8168250Z 04adcb462801: Pull complete
2025-08-23T23:07:52.8295419Z 5c10925b29ff: Pull complete
2025-08-23T23:07:52.8349420Z Digest: sha256:bc51cf4f1fe02cce7ed2370b20128a9b00b4eb804573a77d2a0d877aaa9c82b1
2025-08-23T23:07:52.8365507Z Status: Downloaded newer image for postgres:15
2025-08-23T23:07:52.8375124Z docker.io/library/postgres:15
2025-08-23T23:07:52.8435702Z ##[command]/usr/bin/docker create --name 9b0b17d08e554db98bb0739e3647975b_postgres15_7c8902 --label 4ecc9d --network github_network_28581d45e8c541e596a77b3fc5012dea --network-alias postgres -p 5432:5432 --health-cmd="pg_isready -U postgres -d awa" --health-interval=5s --health-timeout=5s --health-retries=10 -e "POSTGRES_USER=postgres" -e "POSTGRES_PASSWORD=pass" -e "POSTGRES_DB=awa" -e GITHUB_ACTIONS=true -e CI=true postgres:15
2025-08-23T23:07:52.8763885Z f9cc602537da6442ee7bd2b3d336c99d07bcb37509d12b8e3acd45c1bd885837
2025-08-23T23:07:52.8786973Z ##[command]/usr/bin/docker start f9cc602537da6442ee7bd2b3d336c99d07bcb37509d12b8e3acd45c1bd885837
2025-08-23T23:07:53.6634226Z f9cc602537da6442ee7bd2b3d336c99d07bcb37509d12b8e3acd45c1bd885837
2025-08-23T23:07:53.6655473Z ##[command]/usr/bin/docker ps --all --filter id=f9cc602537da6442ee7bd2b3d336c99d07bcb37509d12b8e3acd45c1bd885837 --filter status=running --no-trunc --format "{{.ID}} {{.Status}}"
2025-08-23T23:07:53.6783149Z f9cc602537da6442ee7bd2b3d336c99d07bcb37509d12b8e3acd45c1bd885837 Up Less than a second (health: starting)
2025-08-23T23:07:53.6807691Z ##[command]/usr/bin/docker port f9cc602537da6442ee7bd2b3d336c99d07bcb37509d12b8e3acd45c1bd885837
2025-08-23T23:07:53.6943902Z 5432/tcp -> 0.0.0.0:5432
2025-08-23T23:07:53.6944339Z 5432/tcp -> [::]:5432
2025-08-23T23:07:53.6992857Z ##[endgroup]
2025-08-23T23:07:53.6993831Z ##[group]Starting redis service container
2025-08-23T23:07:53.6995038Z ##[command]/usr/bin/docker pull redis:7-alpine
2025-08-23T23:07:54.6736922Z 7-alpine: Pulling from library/redis
2025-08-23T23:07:54.9273691Z 0368fd46e3c6: Pulling fs layer
2025-08-23T23:07:54.9274318Z 4c55286bbede: Pulling fs layer
2025-08-23T23:07:54.9274594Z 5e28347af205: Pulling fs layer
2025-08-23T23:07:54.9274857Z 311eca34042e: Pulling fs layer
2025-08-23T23:07:54.9275231Z e6fe6f07e192: Pulling fs layer
2025-08-23T23:07:54.9275535Z a2cadbfeca72: Pulling fs layer
2025-08-23T23:07:54.9275874Z 4f4fb700ef54: Pulling fs layer
2025-08-23T23:07:54.9276126Z a976ed7e7808: Pulling fs layer
2025-08-23T23:07:54.9276416Z 311eca34042e: Waiting
2025-08-23T23:07:54.9276690Z e6fe6f07e192: Waiting
2025-08-23T23:07:54.9276892Z a2cadbfeca72: Waiting
2025-08-23T23:07:54.9277144Z 4f4fb700ef54: Waiting
2025-08-23T23:07:54.9277414Z a976ed7e7808: Waiting
2025-08-23T23:07:55.1901080Z 4c55286bbede: Verifying Checksum
2025-08-23T23:07:55.1901564Z 4c55286bbede: Download complete
2025-08-23T23:07:55.1986294Z 5e28347af205: Verifying Checksum
2025-08-23T23:07:55.1990981Z 5e28347af205: Download complete
2025-08-23T23:07:55.2084020Z 0368fd46e3c6: Verifying Checksum
2025-08-23T23:07:55.3108186Z 0368fd46e3c6: Pull complete
2025-08-23T23:07:55.3307378Z 4c55286bbede: Pull complete
2025-08-23T23:07:55.4633382Z 5e28347af205: Pull complete
2025-08-23T23:07:55.4713082Z 311eca34042e: Verifying Checksum
2025-08-23T23:07:55.4713733Z 311eca34042e: Download complete
2025-08-23T23:07:55.4793593Z a2cadbfeca72: Download complete
2025-08-23T23:07:55.4979785Z 311eca34042e: Pull complete
2025-08-23T23:07:55.7789036Z 4f4fb700ef54: Verifying Checksum
2025-08-23T23:07:55.7789414Z 4f4fb700ef54: Download complete
2025-08-23T23:07:55.7829311Z a976ed7e7808: Verifying Checksum
2025-08-23T23:07:55.7829918Z a976ed7e7808: Download complete
2025-08-23T23:07:56.3413137Z e6fe6f07e192: Verifying Checksum
2025-08-23T23:07:56.3413636Z e6fe6f07e192: Download complete
2025-08-23T23:07:56.5264542Z e6fe6f07e192: Pull complete
2025-08-23T23:07:56.5355463Z a2cadbfeca72: Pull complete
2025-08-23T23:07:56.5433336Z 4f4fb700ef54: Pull complete
2025-08-23T23:07:56.5547989Z a976ed7e7808: Pull complete
2025-08-23T23:07:56.5594944Z Digest: sha256:bb186d083732f669da90be8b0f975a37812b15e913465bb14d845db72a4e3e08
2025-08-23T23:07:56.5608305Z Status: Downloaded newer image for redis:7-alpine
2025-08-23T23:07:56.5616803Z docker.io/library/redis:7-alpine
2025-08-23T23:07:56.5634010Z ##[command]/usr/bin/docker create --name 66a030445fed4bc0bb880945cdb0b463_redis7alpine_e88111 --label 4ecc9d --network github_network_28581d45e8c541e596a77b3fc5012dea --network-alias redis -p 6379:6379  -e GITHUB_ACTIONS=true -e CI=true redis:7-alpine
2025-08-23T23:07:56.5870210Z 05a034b654a175770eab4bf135911d27afc57e9906a6778d88c333efc52836f0
2025-08-23T23:07:56.5885949Z ##[command]/usr/bin/docker start 05a034b654a175770eab4bf135911d27afc57e9906a6778d88c333efc52836f0
2025-08-23T23:07:56.7272009Z 05a034b654a175770eab4bf135911d27afc57e9906a6778d88c333efc52836f0
2025-08-23T23:07:56.7290502Z ##[command]/usr/bin/docker ps --all --filter id=05a034b654a175770eab4bf135911d27afc57e9906a6778d88c333efc52836f0 --filter status=running --no-trunc --format "{{.ID}} {{.Status}}"
2025-08-23T23:07:56.7429249Z 05a034b654a175770eab4bf135911d27afc57e9906a6778d88c333efc52836f0 Up Less than a second
2025-08-23T23:07:56.7444675Z ##[command]/usr/bin/docker port 05a034b654a175770eab4bf135911d27afc57e9906a6778d88c333efc52836f0
2025-08-23T23:07:56.7564724Z 6379/tcp -> 0.0.0.0:6379
2025-08-23T23:07:56.7565206Z 6379/tcp -> [::]:6379
2025-08-23T23:07:56.7580011Z ##[endgroup]
2025-08-23T23:07:56.7590522Z ##[group]Waiting for all services to be ready
2025-08-23T23:07:56.7604078Z ##[command]/usr/bin/docker inspect --format="{{if .Config.Healthcheck}}{{print .State.Health.Status}}{{end}}" f9cc602537da6442ee7bd2b3d336c99d07bcb37509d12b8e3acd45c1bd885837
2025-08-23T23:07:56.7723965Z starting
2025-08-23T23:07:56.7746106Z postgres service is starting, waiting 2 seconds before checking again.
2025-08-23T23:07:58.7748906Z ##[command]/usr/bin/docker inspect --format="{{if .Config.Healthcheck}}{{print .State.Health.Status}}{{end}}" f9cc602537da6442ee7bd2b3d336c99d07bcb37509d12b8e3acd45c1bd885837
2025-08-23T23:07:58.7873077Z healthy
2025-08-23T23:07:58.7890445Z postgres service is healthy.
2025-08-23T23:07:58.7891235Z ##[command]/usr/bin/docker inspect --format="{{if .Config.Healthcheck}}{{print .State.Health.Status}}{{end}}" 05a034b654a175770eab4bf135911d27afc57e9906a6778d88c333efc52836f0
2025-08-23T23:07:58.8021363Z redis service is healthy.
2025-08-23T23:07:58.8022001Z ##[endgroup]
2025-08-23T23:07:58.8338495Z ##[group]Run actions/checkout@v5
2025-08-23T23:07:58.8339145Z with:
2025-08-23T23:07:58.8339351Z   repository: AlexBomber12/AWA-App
2025-08-23T23:07:58.8339852Z   token: ***
2025-08-23T23:07:58.8340037Z   ssh-strict: true
2025-08-23T23:07:58.8340226Z   ssh-user: git
2025-08-23T23:07:58.8340413Z   persist-credentials: true
2025-08-23T23:07:58.8340625Z   clean: true
2025-08-23T23:07:58.8340804Z   sparse-checkout-cone-mode: true
2025-08-23T23:07:58.8341036Z   fetch-depth: 1
2025-08-23T23:07:58.8341209Z   fetch-tags: false
2025-08-23T23:07:58.8341390Z   show-progress: true
2025-08-23T23:07:58.8341569Z   lfs: false
2025-08-23T23:07:58.8341898Z   submodules: false
2025-08-23T23:07:58.8342075Z   set-safe-directory: true
2025-08-23T23:07:58.8342526Z env:
2025-08-23T23:07:58.8342742Z   REDIS_URL: redis://localhost:6379/0
2025-08-23T23:07:58.8343021Z   RATE_LIMIT_DEFAULT: 100/minute
2025-08-23T23:07:58.8343233Z   TRUST_X_FORWARDED: 1
2025-08-23T23:07:58.8343426Z ##[endgroup]
2025-08-23T23:07:58.9259606Z Syncing repository: AlexBomber12/AWA-App
2025-08-23T23:07:58.9260999Z ##[group]Getting Git version info
2025-08-23T23:07:58.9261361Z Working directory is '/home/runner/work/AWA-App/AWA-App'
2025-08-23T23:07:58.9262238Z [command]/usr/bin/git version
2025-08-23T23:07:58.9282660Z git version 2.51.0
2025-08-23T23:07:58.9303125Z ##[endgroup]
2025-08-23T23:07:58.9318636Z Temporarily overriding HOME='/home/runner/work/_temp/85518a28-20a9-428d-b195-26291f184141' before making global git config changes
2025-08-23T23:07:58.9319864Z Adding repository directory to the temporary git global config as a safe directory
2025-08-23T23:07:58.9324407Z [command]/usr/bin/git config --global --add safe.directory /home/runner/work/AWA-App/AWA-App
2025-08-23T23:07:58.9358200Z Deleting the contents of '/home/runner/work/AWA-App/AWA-App'
2025-08-23T23:07:58.9362019Z ##[group]Initializing the repository
2025-08-23T23:07:58.9366457Z [command]/usr/bin/git init /home/runner/work/AWA-App/AWA-App
2025-08-23T23:07:58.9437084Z hint: Using 'master' as the name for the initial branch. This default branch name
2025-08-23T23:07:58.9437841Z hint: is subject to change. To configure the initial branch name to use in all
2025-08-23T23:07:58.9438485Z hint: of your new repositories, which will suppress this warning, call:
2025-08-23T23:07:58.9439054Z hint:
2025-08-23T23:07:58.9439364Z hint: 	git config --global init.defaultBranch <name>
2025-08-23T23:07:58.9439644Z hint:
2025-08-23T23:07:58.9439901Z hint: Names commonly chosen instead of 'master' are 'main', 'trunk' and
2025-08-23T23:07:58.9440454Z hint: 'development'. The just-created branch can be renamed via this command:
2025-08-23T23:07:58.9441071Z hint:
2025-08-23T23:07:58.9441414Z hint: 	git branch -m <name>
2025-08-23T23:07:58.9441893Z hint:
2025-08-23T23:07:58.9442231Z hint: Disable this message with "git config set advice.defaultBranchName false"
2025-08-23T23:07:58.9442872Z Initialized empty Git repository in /home/runner/work/AWA-App/AWA-App/.git/
2025-08-23T23:07:58.9452379Z [command]/usr/bin/git remote add origin https://github.com/AlexBomber12/AWA-App
2025-08-23T23:07:58.9484351Z ##[endgroup]
2025-08-23T23:07:58.9484948Z ##[group]Disabling automatic garbage collection
2025-08-23T23:07:58.9489242Z [command]/usr/bin/git config --local gc.auto 0
2025-08-23T23:07:58.9515092Z ##[endgroup]
2025-08-23T23:07:58.9515421Z ##[group]Setting up auth
2025-08-23T23:07:58.9522240Z [command]/usr/bin/git config --local --name-only --get-regexp core\.sshCommand
2025-08-23T23:07:58.9551894Z [command]/usr/bin/git submodule foreach --recursive sh -c "git config --local --name-only --get-regexp 'core\.sshCommand' && git config --local --unset-all 'core.sshCommand' || :"
2025-08-23T23:07:58.9832776Z [command]/usr/bin/git config --local --name-only --get-regexp http\.https\:\/\/github\.com\/\.extraheader
2025-08-23T23:07:58.9862128Z [command]/usr/bin/git submodule foreach --recursive sh -c "git config --local --name-only --get-regexp 'http\.https\:\/\/github\.com\/\.extraheader' && git config --local --unset-all 'http.https://github.com/.extraheader' || :"
2025-08-23T23:07:59.0077409Z [command]/usr/bin/git config --local http.https://github.com/.extraheader AUTHORIZATION: basic ***
2025-08-23T23:07:59.0110483Z ##[endgroup]
2025-08-23T23:07:59.0111106Z ##[group]Fetching the repository
2025-08-23T23:07:59.0119891Z [command]/usr/bin/git -c protocol.version=2 fetch --no-tags --prune --no-recurse-submodules --depth=1 origin +a31c5eff10cae36d3146470c91e89841840396b5:refs/remotes/origin/main
2025-08-23T23:07:59.4791111Z From https://github.com/AlexBomber12/AWA-App
2025-08-23T23:07:59.4792293Z  * [new ref]         a31c5eff10cae36d3146470c91e89841840396b5 -> origin/main
2025-08-23T23:07:59.4824243Z ##[endgroup]
2025-08-23T23:07:59.4824819Z ##[group]Determining the checkout info
2025-08-23T23:07:59.4826508Z ##[endgroup]
2025-08-23T23:07:59.4832353Z [command]/usr/bin/git sparse-checkout disable
2025-08-23T23:07:59.4871359Z [command]/usr/bin/git config --local --unset-all extensions.worktreeConfig
2025-08-23T23:07:59.4898058Z ##[group]Checking out the ref
2025-08-23T23:07:59.4903425Z [command]/usr/bin/git checkout --progress --force -B main refs/remotes/origin/main
2025-08-23T23:07:59.5239586Z Switched to a new branch 'main'
2025-08-23T23:07:59.5241907Z branch 'main' set up to track 'origin/main'.
2025-08-23T23:07:59.5249355Z ##[endgroup]
2025-08-23T23:07:59.5289083Z [command]/usr/bin/git log -1 --format=%H
2025-08-23T23:07:59.5312612Z a31c5eff10cae36d3146470c91e89841840396b5
2025-08-23T23:07:59.5476433Z ##[group]Run cat .env.ci >> "$GITHUB_ENV"
2025-08-23T23:07:59.5476771Z [36;1mcat .env.ci >> "$GITHUB_ENV"[0m
2025-08-23T23:07:59.5477471Z [36;1mecho "DATABASE_URL=***localhost:5432/awa" >> "$GITHUB_ENV"[0m
2025-08-23T23:07:59.5477830Z [36;1mecho "PG_HOST=localhost" >> "$GITHUB_ENV"[0m
2025-08-23T23:07:59.5478119Z [36;1mecho "PG_PORT=5432" >> "$GITHUB_ENV"[0m
2025-08-23T23:07:59.5478403Z [36;1mecho "PG_USER=postgres" >> "$GITHUB_ENV"[0m
2025-08-23T23:07:59.5478687Z [36;1mecho "PG_PASSWORD=pass" >> "$GITHUB_ENV"[0m
2025-08-23T23:07:59.5478963Z [36;1mecho "PG_DATABASE=awa" >> "$GITHUB_ENV"[0m
2025-08-23T23:07:59.5523487Z shell: /usr/bin/bash -e {0}
2025-08-23T23:07:59.5523721Z env:
2025-08-23T23:07:59.5523922Z   REDIS_URL: redis://localhost:6379/0
2025-08-23T23:07:59.5524405Z   RATE_LIMIT_DEFAULT: 100/minute
2025-08-23T23:07:59.5524630Z   TRUST_X_FORWARDED: 1
2025-08-23T23:07:59.5524818Z ##[endgroup]
2025-08-23T23:07:59.5699898Z ##[group]Run actions/setup-python@v5
2025-08-23T23:07:59.5700184Z with:
2025-08-23T23:07:59.5700362Z   python-version: 3.12
2025-08-23T23:07:59.5700564Z   cache: pip
2025-08-23T23:07:59.5700769Z   cache-dependency-path: requirements-dev.txt
2025-08-23T23:07:59.5701038Z   check-latest: false
2025-08-23T23:07:59.5701351Z   token: ***
2025-08-23T23:07:59.5701532Z   update-environment: true
2025-08-23T23:07:59.5701969Z   allow-prereleases: false
2025-08-23T23:07:59.5702167Z   freethreaded: false
2025-08-23T23:07:59.5702348Z env:
2025-08-23T23:07:59.5702528Z   REDIS_URL: redis://localhost:6379/0
2025-08-23T23:07:59.5702782Z   RATE_LIMIT_DEFAULT: 100/minute
2025-08-23T23:07:59.5702998Z   TRUST_X_FORWARDED: 1
2025-08-23T23:07:59.5703179Z   PG_USER: postgres
2025-08-23T23:07:59.5703360Z   PG_PASSWORD: pass
2025-08-23T23:07:59.5703545Z   PG_DATABASE: awa
2025-08-23T23:07:59.5703722Z   PG_HOST: localhost
2025-08-23T23:07:59.5703896Z   PG_PORT: 5432
2025-08-23T23:07:59.5704310Z   PG_SYNC_DSN: ***localhost:5432/awa
2025-08-23T23:07:59.5704692Z   PG_ASYNC_DSN: ***localhost:5432/awa
2025-08-23T23:07:59.5705059Z   DATABASE_URL: ***localhost:5432/awa
2025-08-23T23:07:59.5705285Z   DATA_DIR: /tmp/awa-data
2025-08-23T23:07:59.5705472Z   ENABLE_LIVE: 0
2025-08-23T23:07:59.5705641Z   TESTING: 1
2025-08-23T23:07:59.5705796Z ##[endgroup]
2025-08-23T23:07:59.7397821Z ##[group]Installed versions
2025-08-23T23:07:59.7504523Z Successfully set up CPython (3.12.11)
2025-08-23T23:07:59.7505355Z ##[endgroup]
2025-08-23T23:07:59.7834047Z [command]/opt/hostedtoolcache/Python/3.12.11/x64/bin/pip cache dir
2025-08-23T23:08:01.2503594Z /home/runner/.cache/pip
2025-08-23T23:08:01.5765604Z Cache hit for: setup-python-Linux-x64-24.04-Ubuntu-python-3.12.11-pip-cc13ccef493b9f3a93ad5651164d9fb09282c1111f6f72ce20e0657de16de6b4
2025-08-23T23:08:02.9009188Z Received 4194304 of 376053341 (1.1%), 4.0 MBs/sec
2025-08-23T23:08:03.9007852Z Received 88080384 of 376053341 (23.4%), 42.0 MBs/sec
2025-08-23T23:08:04.9014754Z Received 130023424 of 376053341 (34.6%), 41.3 MBs/sec
2025-08-23T23:08:05.9027023Z Received 230686720 of 376053341 (61.3%), 55.0 MBs/sec
2025-08-23T23:08:06.9035422Z Received 260046848 of 376053341 (69.2%), 49.6 MBs/sec
2025-08-23T23:08:07.9037406Z Received 322961408 of 376053341 (85.9%), 51.3 MBs/sec
2025-08-23T23:08:08.5393664Z Received 376053341 of 376053341 (100.0%), 54.0 MBs/sec
2025-08-23T23:08:08.5396429Z Cache Size: ~359 MB (376053341 B)
2025-08-23T23:08:08.5439719Z [command]/usr/bin/tar -xf /home/runner/work/_temp/2ea3f58a-1fe4-4e18-9c41-2e8e0225ca15/cache.tzst -P -C /home/runner/work/AWA-App/AWA-App --use-compress-program unzstd
2025-08-23T23:08:09.1353930Z Cache restored successfully
2025-08-23T23:08:09.2063048Z Cache restored from key: setup-python-Linux-x64-24.04-Ubuntu-python-3.12.11-pip-cc13ccef493b9f3a93ad5651164d9fb09282c1111f6f72ce20e0657de16de6b4
2025-08-23T23:08:09.2223042Z ##[group]Run pip install --break-system-packages -r requirements-dev.txt
2025-08-23T23:08:09.2223583Z [36;1mpip install --break-system-packages -r requirements-dev.txt[0m
2025-08-23T23:08:09.2224024Z [36;1mpip install --break-system-packages keepa==1.3.15 minio==7.1.15[0m
2025-08-23T23:08:09.2268888Z shell: /usr/bin/bash -e {0}
2025-08-23T23:08:09.2269121Z env:
2025-08-23T23:08:09.2269329Z   REDIS_URL: redis://localhost:6379/0
2025-08-23T23:08:09.2269595Z   RATE_LIMIT_DEFAULT: 100/minute
2025-08-23T23:08:09.2269814Z   TRUST_X_FORWARDED: 1
2025-08-23T23:08:09.2270011Z   PG_USER: postgres
2025-08-23T23:08:09.2270207Z   PG_PASSWORD: pass
2025-08-23T23:08:09.2270385Z   PG_DATABASE: awa
2025-08-23T23:08:09.2270577Z   PG_HOST: localhost
2025-08-23T23:08:09.2270770Z   PG_PORT: 5432
2025-08-23T23:08:09.2271318Z   PG_SYNC_DSN: ***localhost:5432/awa
2025-08-23T23:08:09.2272003Z   PG_ASYNC_DSN: ***localhost:5432/awa
2025-08-23T23:08:09.2272398Z   DATABASE_URL: ***localhost:5432/awa
2025-08-23T23:08:09.2272877Z   DATA_DIR: /tmp/awa-data
2025-08-23T23:08:09.2273085Z   ENABLE_LIVE: 0
2025-08-23T23:08:09.2273259Z   TESTING: 1
2025-08-23T23:08:09.2273498Z   pythonLocation: /opt/hostedtoolcache/Python/3.12.11/x64
2025-08-23T23:08:09.2273919Z   PKG_CONFIG_PATH: /opt/hostedtoolcache/Python/3.12.11/x64/lib/pkgconfig
2025-08-23T23:08:09.2274307Z   Python_ROOT_DIR: /opt/hostedtoolcache/Python/3.12.11/x64
2025-08-23T23:08:09.2274655Z   Python2_ROOT_DIR: /opt/hostedtoolcache/Python/3.12.11/x64
2025-08-23T23:08:09.2275005Z   Python3_ROOT_DIR: /opt/hostedtoolcache/Python/3.12.11/x64
2025-08-23T23:08:09.2275354Z   LD_LIBRARY_PATH: /opt/hostedtoolcache/Python/3.12.11/x64/lib
2025-08-23T23:08:09.2275649Z ##[endgroup]
2025-08-23T23:08:10.6028671Z Collecting Jinja2==3.1.6 (from -r requirements-dev.txt (line 2))
2025-08-23T23:08:10.6041852Z   Using cached jinja2-3.1.6-py3-none-any.whl.metadata (2.9 kB)
2025-08-23T23:08:10.6261103Z Collecting alembic==1.16.4 (from -r requirements-dev.txt (line 3))
2025-08-23T23:08:10.6272733Z   Using cached alembic-1.16.4-py3-none-any.whl.metadata (7.3 kB)
2025-08-23T23:08:10.6431967Z Collecting apscheduler==3.10.4 (from -r requirements-dev.txt (line 4))
2025-08-23T23:08:10.6443085Z   Using cached APScheduler-3.10.4-py3-none-any.whl.metadata (5.7 kB)
2025-08-23T23:08:10.6635057Z Collecting asgi-correlation-id==4.3.1 (from -r requirements-dev.txt (line 5))
2025-08-23T23:08:10.6651183Z   Using cached asgi_correlation_id-4.3.1-py3-none-any.whl.metadata (28 kB)
2025-08-23T23:08:10.7082668Z Collecting asyncpg==0.30.0 (from -r requirements-dev.txt (line 6))
2025-08-23T23:08:10.7095189Z   Using cached asyncpg-0.30.0-cp312-cp312-manylinux_2_17_x86_64.manylinux2014_x86_64.whl.metadata (5.0 kB)
2025-08-23T23:08:10.7526709Z Collecting black==25.1.0 (from -r requirements-dev.txt (line 7))
2025-08-23T23:08:10.7539849Z   Using cached black-25.1.0-cp312-cp312-manylinux_2_17_x86_64.manylinux2014_x86_64.manylinux_2_28_x86_64.whl.metadata (81 kB)
2025-08-23T23:08:11.1046178Z Collecting boto3 (from -r requirements-dev.txt (line 8))
2025-08-23T23:08:11.1396759Z   Downloading boto3-1.40.16-py3-none-any.whl.metadata (6.7 kB)
2025-08-23T23:08:11.1689082Z Collecting redis==6.* (from -r requirements-dev.txt (line 9))
2025-08-23T23:08:11.1701102Z   Using cached redis-6.4.0-py3-none-any.whl.metadata (10 kB)
2025-08-23T23:08:11.2006877Z Collecting minio==7.* (from -r requirements-dev.txt (line 10))
2025-08-23T23:08:11.2018826Z   Using cached minio-7.2.16-py3-none-any.whl.metadata (6.5 kB)
2025-08-23T23:08:11.2154985Z Collecting vulture==2.10 (from -r requirements-dev.txt (line 11))
2025-08-23T23:08:11.2166255Z   Using cached vulture-2.10-py2.py3-none-any.whl.metadata (23 kB)
2025-08-23T23:08:11.2822998Z Collecting celery==5.5.3 (from -r requirements-dev.txt (line 12))
2025-08-23T23:08:11.2837009Z   Using cached celery-5.5.3-py3-none-any.whl.metadata (22 kB)
2025-08-23T23:08:11.3388585Z Collecting fastapi==0.116.1 (from -r requirements-dev.txt (line 13))
2025-08-23T23:08:11.3400867Z   Using cached fastapi-0.116.1-py3-none-any.whl.metadata (28 kB)
2025-08-23T23:08:11.3538997Z Collecting fastapi-limiter==0.1.6 (from -r requirements-dev.txt (line 15))
2025-08-23T23:08:11.3549983Z   Using cached fastapi_limiter-0.1.6-py3-none-any.whl.metadata (5.3 kB)
2025-08-23T23:08:11.3737869Z Collecting httpx<0.29,>=0.27 (from -r requirements-dev.txt (line 16))
2025-08-23T23:08:11.3753606Z   Using cached httpx-0.28.1-py3-none-any.whl.metadata (7.1 kB)
2025-08-23T23:08:11.3860489Z Collecting imapclient==3.0.1 (from -r requirements-dev.txt (line 17))
2025-08-23T23:08:11.3871393Z   Using cached IMAPClient-3.0.1-py2.py3-none-any.whl.metadata (1.7 kB)
2025-08-23T23:08:11.3960836Z Collecting itsdangerous (from -r requirements-dev.txt (line 18))
2025-08-23T23:08:11.3972042Z   Using cached itsdangerous-2.2.0-py3-none-any.whl.metadata (1.9 kB)
2025-08-23T23:08:11.4920750Z Collecting mypy==1.* (from -r requirements-dev.txt (line 19))
2025-08-23T23:08:11.4934428Z   Using cached mypy-1.17.1-cp312-cp312-manylinux2014_x86_64.manylinux_2_17_x86_64.manylinux_2_28_x86_64.whl.metadata (2.2 kB)
2025-08-23T23:08:11.5020186Z Collecting mypy-extensions==1.1.0 (from -r requirements-dev.txt (line 20))
2025-08-23T23:08:11.5031363Z   Using cached mypy_extensions-1.1.0-py3-none-any.whl.metadata (1.1 kB)
2025-08-23T23:08:11.6833518Z Collecting numpy<2 (from -r requirements-dev.txt (line 21))
2025-08-23T23:08:11.6847174Z   Using cached numpy-1.26.4-cp312-cp312-manylinux_2_17_x86_64.manylinux2014_x86_64.whl.metadata (61 kB)
2025-08-23T23:08:11.7083224Z Collecting openpyxl==3.1.5 (from -r requirements-dev.txt (line 22))
2025-08-23T23:08:11.7095361Z   Using cached openpyxl-3.1.5-py2.py3-none-any.whl.metadata (2.5 kB)
2025-08-23T23:08:11.8207954Z Collecting pandas==2.2.* (from -r requirements-dev.txt (line 23))
2025-08-23T23:08:11.8221115Z   Using cached pandas-2.2.3-cp312-cp312-manylinux_2_17_x86_64.manylinux2014_x86_64.whl.metadata (89 kB)
2025-08-23T23:08:11.9450664Z Collecting psycopg2-binary==2.9.10 (from -r requirements-dev.txt (line 24))
2025-08-23T23:08:11.9463933Z   Using cached psycopg2_binary-2.9.10-cp312-cp312-manylinux_2_17_x86_64.manylinux2014_x86_64.whl.metadata (4.9 kB)
2025-08-23T23:08:11.9614123Z Collecting psycopg==3.2.9 (from psycopg[binary]==3.2.9->-r requirements-dev.txt (line 25))
2025-08-23T23:08:11.9628416Z   Using cached psycopg-3.2.9-py3-none-any.whl.metadata (4.5 kB)
2025-08-23T23:08:12.0708185Z Collecting pydantic==2.11.7 (from -r requirements-dev.txt (line 26))
2025-08-23T23:08:12.0721180Z   Using cached pydantic-2.11.7-py3-none-any.whl.metadata (67 kB)
2025-08-23T23:08:12.1932952Z Collecting setuptools (from -r requirements-dev.txt (line 27))
2025-08-23T23:08:12.1946267Z   Using cached setuptools-80.9.0-py3-none-any.whl.metadata (6.6 kB)
2025-08-23T23:08:12.2183527Z Collecting pytest-asyncio==1.1.0 (from -r requirements-dev.txt (line 28))
2025-08-23T23:08:12.2199291Z   Using cached pytest_asyncio-1.1.0-py3-none-any.whl.metadata (4.1 kB)
2025-08-23T23:08:12.2327219Z Collecting pytest-cov==6.2.1 (from -r requirements-dev.txt (line 29))
2025-08-23T23:08:12.2338513Z   Using cached pytest_cov-6.2.1-py3-none-any.whl.metadata (30 kB)
2025-08-23T23:08:12.2484490Z Collecting pytest-postgresql==7.0.2 (from -r requirements-dev.txt (line 30))
2025-08-23T23:08:12.2495645Z   Using cached pytest_postgresql-7.0.2-py3-none-any.whl.metadata (18 kB)
2025-08-23T23:08:12.2651122Z Collecting python-dotenv (from -r requirements-dev.txt (line 31))
2025-08-23T23:08:12.2662426Z   Using cached python_dotenv-1.1.1-py3-none-any.whl.metadata (24 kB)
2025-08-23T23:08:12.2783622Z Collecting python-multipart (from -r requirements-dev.txt (line 32))
2025-08-23T23:08:12.2795347Z   Using cached python_multipart-0.0.20-py3-none-any.whl.metadata (1.8 kB)
2025-08-23T23:08:12.3084866Z Collecting python-telegram-bot==22.3 (from -r requirements-dev.txt (line 33))
2025-08-23T23:08:12.3096497Z   Using cached python_telegram_bot-22.3-py3-none-any.whl.metadata (17 kB)
2025-08-23T23:08:12.3362223Z Collecting requests==2.32.4 (from -r requirements-dev.txt (line 34))
2025-08-23T23:08:12.3374389Z   Using cached requests-2.32.4-py3-none-any.whl.metadata (4.9 kB)
2025-08-23T23:08:12.4409617Z Collecting respx==0.22.0 (from -r requirements-dev.txt (line 35))
2025-08-23T23:08:12.4422141Z   Using cached respx-0.22.0-py2.py3-none-any.whl.metadata (4.1 kB)
2025-08-23T23:08:12.8155543Z Collecting ruff==0.9.9 (from -r requirements-dev.txt (line 36))
2025-08-23T23:08:12.8169177Z   Using cached ruff-0.9.9-py3-none-manylinux_2_17_x86_64.manylinux2014_x86_64.whl.metadata (25 kB)
2025-08-23T23:08:13.0694316Z Collecting sqlalchemy==2.0.43 (from -r requirements-dev.txt (line 37))
2025-08-23T23:08:13.0707779Z   Using cached sqlalchemy-2.0.43-cp312-cp312-manylinux_2_17_x86_64.manylinux2014_x86_64.whl.metadata (9.6 kB)
2025-08-23T23:08:13.0919471Z Collecting structlog==24.1.0 (from -r requirements-dev.txt (line 38))
2025-08-23T23:08:13.0930889Z   Using cached structlog-24.1.0-py3-none-any.whl.metadata (6.9 kB)
2025-08-23T23:08:13.1101464Z Collecting testcontainers==4.12.0 (from testcontainers[postgres]==4.12.0->-r requirements-dev.txt (line 39))
2025-08-23T23:08:13.1113441Z   Using cached testcontainers-4.12.0-py3-none-any.whl.metadata (8.3 kB)
2025-08-23T23:08:13.1488299Z Collecting types-requests==2.32.4.20250809 (from -r requirements-dev.txt (line 40))
2025-08-23T23:08:13.1499790Z   Using cached types_requests-2.32.4.20250809-py3-none-any.whl.metadata (2.0 kB)
2025-08-23T23:08:13.1599783Z Collecting docspec-python==2.2.2 (from -r requirements-dev.txt (line 41))
2025-08-23T23:08:13.1611311Z   Using cached docspec_python-2.2.2-py3-none-any.whl.metadata (1.0 kB)
2025-08-23T23:08:13.2434237Z Collecting pydoc-markdown==4.8.2 (from -r requirements-dev.txt (line 42))
2025-08-23T23:08:13.2446504Z   Using cached pydoc_markdown-4.8.2-py3-none-any.whl.metadata (5.9 kB)
2025-08-23T23:08:13.3194901Z Collecting pandera==0.19.* (from -r requirements-dev.txt (line 43))
2025-08-23T23:08:13.3208734Z   Using cached pandera-0.19.3-py3-none-any.whl.metadata (15 kB)
2025-08-23T23:08:13.3732015Z Collecting MarkupSafe>=2.0 (from Jinja2==3.1.6->-r requirements-dev.txt (line 2))
2025-08-23T23:08:13.3745393Z   Using cached MarkupSafe-3.0.2-cp312-cp312-manylinux_2_17_x86_64.manylinux2014_x86_64.whl.metadata (4.0 kB)
2025-08-23T23:08:13.4039925Z Collecting Mako (from alembic==1.16.4->-r requirements-dev.txt (line 3))
2025-08-23T23:08:13.4052209Z   Using cached mako-1.3.10-py3-none-any.whl.metadata (2.9 kB)
2025-08-23T23:08:13.4195519Z Collecting typing-extensions>=4.12 (from alembic==1.16.4->-r requirements-dev.txt (line 3))
2025-08-23T23:08:13.4208940Z   Using cached typing_extensions-4.14.1-py3-none-any.whl.metadata (3.0 kB)
2025-08-23T23:08:13.4333794Z Collecting six>=1.4.0 (from apscheduler==3.10.4->-r requirements-dev.txt (line 4))
2025-08-23T23:08:13.4345697Z   Using cached six-1.17.0-py2.py3-none-any.whl.metadata (1.7 kB)
2025-08-23T23:08:13.4666915Z Collecting pytz (from apscheduler==3.10.4->-r requirements-dev.txt (line 4))
2025-08-23T23:08:13.4679157Z   Using cached pytz-2025.2-py2.py3-none-any.whl.metadata (22 kB)
2025-08-23T23:08:13.4830651Z Collecting tzlocal!=3.*,>=2.0 (from apscheduler==3.10.4->-r requirements-dev.txt (line 4))
2025-08-23T23:08:13.4842218Z   Using cached tzlocal-5.3.1-py3-none-any.whl.metadata (7.6 kB)
2025-08-23T23:08:13.5123194Z Collecting starlette>=0.18 (from asgi-correlation-id==4.3.1->-r requirements-dev.txt (line 5))
2025-08-23T23:08:13.5134525Z   Using cached starlette-0.47.2-py3-none-any.whl.metadata (6.2 kB)
2025-08-23T23:08:13.5314741Z Collecting click>=8.0.0 (from black==25.1.0->-r requirements-dev.txt (line 7))
2025-08-23T23:08:13.5326180Z   Using cached click-8.2.1-py3-none-any.whl.metadata (2.5 kB)
2025-08-23T23:08:13.5464028Z Collecting packaging>=22.0 (from black==25.1.0->-r requirements-dev.txt (line 7))
2025-08-23T23:08:13.5475471Z   Using cached packaging-25.0-py3-none-any.whl.metadata (3.3 kB)
2025-08-23T23:08:13.5568766Z Collecting pathspec>=0.9.0 (from black==25.1.0->-r requirements-dev.txt (line 7))
2025-08-23T23:08:13.5580177Z   Using cached pathspec-0.12.1-py3-none-any.whl.metadata (21 kB)
2025-08-23T23:08:13.5739974Z Collecting platformdirs>=2 (from black==25.1.0->-r requirements-dev.txt (line 7))
2025-08-23T23:08:13.5751360Z   Using cached platformdirs-4.3.8-py3-none-any.whl.metadata (12 kB)
2025-08-23T23:08:13.5850942Z Collecting toml (from vulture==2.10->-r requirements-dev.txt (line 11))
2025-08-23T23:08:13.5862414Z   Using cached toml-0.10.2-py2.py3-none-any.whl.metadata (7.1 kB)
2025-08-23T23:08:13.6073835Z Collecting billiard<5.0,>=4.2.1 (from celery==5.5.3->-r requirements-dev.txt (line 12))
2025-08-23T23:08:13.6085324Z   Using cached billiard-4.2.1-py3-none-any.whl.metadata (4.4 kB)
2025-08-23T23:08:13.6375516Z Collecting kombu<5.6,>=5.5.2 (from celery==5.5.3->-r requirements-dev.txt (line 12))
2025-08-23T23:08:13.6387797Z   Using cached kombu-5.5.4-py3-none-any.whl.metadata (3.5 kB)
2025-08-23T23:08:13.6534894Z Collecting vine<6.0,>=5.1.0 (from celery==5.5.3->-r requirements-dev.txt (line 12))
2025-08-23T23:08:13.6546257Z   Using cached vine-5.1.0-py3-none-any.whl.metadata (2.7 kB)
2025-08-23T23:08:13.6671257Z Collecting click-didyoumean>=0.3.0 (from celery==5.5.3->-r requirements-dev.txt (line 12))
2025-08-23T23:08:13.6683041Z   Using cached click_didyoumean-0.3.1-py3-none-any.whl.metadata (3.9 kB)
2025-08-23T23:08:13.6802556Z Collecting click-repl>=0.2.0 (from celery==5.5.3->-r requirements-dev.txt (line 12))
2025-08-23T23:08:13.6814151Z   Using cached click_repl-0.3.0-py3-none-any.whl.metadata (3.6 kB)
2025-08-23T23:08:13.6904208Z Collecting click-plugins>=1.1.1 (from celery==5.5.3->-r requirements-dev.txt (line 12))
2025-08-23T23:08:13.6915649Z   Using cached click_plugins-1.1.1.2-py2.py3-none-any.whl.metadata (6.5 kB)
2025-08-23T23:08:13.7032909Z Collecting python-dateutil>=2.8.2 (from celery==5.5.3->-r requirements-dev.txt (line 12))
2025-08-23T23:08:13.7044070Z   Using cached python_dateutil-2.9.0.post0-py2.py3-none-any.whl.metadata (8.4 kB)
2025-08-23T23:08:13.7638718Z Collecting annotated-types>=0.6.0 (from pydantic==2.11.7->-r requirements-dev.txt (line 26))
2025-08-23T23:08:13.7649587Z   Using cached annotated_types-0.7.0-py3-none-any.whl.metadata (15 kB)
2025-08-23T23:08:14.4419281Z Collecting pydantic-core==2.33.2 (from pydantic==2.11.7->-r requirements-dev.txt (line 26))
2025-08-23T23:08:14.4432533Z   Using cached pydantic_core-2.33.2-cp312-cp312-manylinux_2_17_x86_64.manylinux2014_x86_64.whl.metadata (6.8 kB)
2025-08-23T23:08:14.4549672Z Collecting typing-inspection>=0.4.0 (from pydantic==2.11.7->-r requirements-dev.txt (line 26))
2025-08-23T23:08:14.4560746Z   Using cached typing_inspection-0.4.1-py3-none-any.whl.metadata (2.6 kB)
2025-08-23T23:08:14.4798015Z Collecting et-xmlfile (from openpyxl==3.1.5->-r requirements-dev.txt (line 22))
2025-08-23T23:08:14.4809283Z   Using cached et_xmlfile-2.0.0-py3-none-any.whl.metadata (2.7 kB)
2025-08-23T23:08:14.5215755Z Collecting pytest<9,>=8.2 (from pytest-asyncio==1.1.0->-r requirements-dev.txt (line 28))
2025-08-23T23:08:14.5227696Z   Using cached pytest-8.4.1-py3-none-any.whl.metadata (7.7 kB)
2025-08-23T23:08:14.8542163Z Collecting coverage>=7.5 (from coverage[toml]>=7.5->pytest-cov==6.2.1->-r requirements-dev.txt (line 29))
2025-08-23T23:08:14.8574281Z   Downloading coverage-7.10.5-cp312-cp312-manylinux1_x86_64.manylinux_2_28_x86_64.manylinux_2_5_x86_64.whl.metadata (8.9 kB)
2025-08-23T23:08:14.8739893Z Collecting pluggy>=1.2 (from pytest-cov==6.2.1->-r requirements-dev.txt (line 29))
2025-08-23T23:08:14.8750854Z   Using cached pluggy-1.6.0-py3-none-any.whl.metadata (4.8 kB)
2025-08-23T23:08:14.8983951Z Collecting port-for>=0.7.3 (from pytest-postgresql==7.0.2->-r requirements-dev.txt (line 30))
2025-08-23T23:08:14.8995381Z   Using cached port_for-0.7.4-py3-none-any.whl.metadata (7.1 kB)
2025-08-23T23:08:14.9142413Z Collecting mirakuru>=2.6.0 (from pytest-postgresql==7.0.2->-r requirements-dev.txt (line 30))
2025-08-23T23:08:14.9152940Z   Using cached mirakuru-2.6.1-py3-none-any.whl.metadata (10 kB)
2025-08-23T23:08:14.9985078Z Collecting charset_normalizer<4,>=2 (from requests==2.32.4->-r requirements-dev.txt (line 34))
2025-08-23T23:08:14.9998953Z   Using cached charset_normalizer-3.4.3-cp312-cp312-manylinux2014_x86_64.manylinux_2_17_x86_64.manylinux_2_28_x86_64.whl.metadata (36 kB)
2025-08-23T23:08:15.0175700Z Collecting idna<4,>=2.5 (from requests==2.32.4->-r requirements-dev.txt (line 34))
2025-08-23T23:08:15.0187219Z   Using cached idna-3.10-py3-none-any.whl.metadata (10 kB)
2025-08-23T23:08:15.0442204Z Collecting urllib3<3,>=1.21.1 (from requests==2.32.4->-r requirements-dev.txt (line 34))
2025-08-23T23:08:15.0454043Z   Using cached urllib3-2.5.0-py3-none-any.whl.metadata (6.5 kB)
2025-08-23T23:08:15.0647848Z Collecting certifi>=2017.4.17 (from requests==2.32.4->-r requirements-dev.txt (line 34))
2025-08-23T23:08:15.0659396Z   Using cached certifi-2025.8.3-py3-none-any.whl.metadata (2.4 kB)
2025-08-23T23:08:15.2651994Z Collecting greenlet>=1 (from sqlalchemy==2.0.43->-r requirements-dev.txt (line 37))
2025-08-23T23:08:15.2665135Z   Using cached greenlet-3.2.4-cp312-cp312-manylinux_2_24_x86_64.manylinux_2_28_x86_64.whl.metadata (4.1 kB)
2025-08-23T23:08:15.2904796Z Collecting docker (from testcontainers==4.12.0->testcontainers[postgres]==4.12.0->-r requirements-dev.txt (line 39))
2025-08-23T23:08:15.2905761Z   Using cached docker-7.1.0-py3-none-any.whl.metadata (3.8 kB)
2025-08-23T23:08:15.3839158Z Collecting wrapt (from testcontainers==4.12.0->testcontainers[postgres]==4.12.0->-r requirements-dev.txt (line 39))
2025-08-23T23:08:15.3852588Z   Using cached wrapt-1.17.3-cp312-cp312-manylinux1_x86_64.manylinux_2_28_x86_64.manylinux_2_5_x86_64.whl.metadata (6.4 kB)
2025-08-23T23:08:15.4114738Z Collecting docspec==2.2.1 (from docspec-python==2.2.2->-r requirements-dev.txt (line 41))
2025-08-23T23:08:15.4126347Z   Using cached docspec-2.2.1-py3-none-any.whl.metadata (1.5 kB)
2025-08-23T23:08:15.4265441Z Collecting nr-util>=0.8.12 (from docspec-python==2.2.2->-r requirements-dev.txt (line 41))
2025-08-23T23:08:15.4276888Z   Using cached nr.util-0.8.12-py3-none-any.whl.metadata (813 bytes)
2025-08-23T23:08:15.4631010Z Collecting PyYAML<7.0,>=5.0 (from pydoc-markdown==4.8.2->-r requirements-dev.txt (line 42))
2025-08-23T23:08:15.4643251Z   Using cached PyYAML-6.0.2-cp312-cp312-manylinux_2_17_x86_64.manylinux2014_x86_64.whl.metadata (2.1 kB)
2025-08-23T23:08:15.4899689Z Collecting databind.core<5.0.0,>=4.4.0 (from pydoc-markdown==4.8.2->-r requirements-dev.txt (line 42))
2025-08-23T23:08:15.4911119Z   Using cached databind.core-4.5.2-py3-none-any.whl.metadata (1.1 kB)
2025-08-23T23:08:15.5116253Z Collecting databind.json<5.0.0,>=4.4.0 (from pydoc-markdown==4.8.2->-r requirements-dev.txt (line 42))
2025-08-23T23:08:15.5127964Z   Using cached databind.json-4.5.2-py3-none-any.whl.metadata (1.1 kB)
2025-08-23T23:08:15.5260821Z Collecting docstring-parser<0.12,>=0.11 (from pydoc-markdown==4.8.2->-r requirements-dev.txt (line 42))
2025-08-23T23:08:15.5262486Z   Using cached docstring_parser-0.11-py3-none-any.whl
2025-08-23T23:08:15.5587140Z Collecting tomli<3.0.0,>=2.0.0 (from pydoc-markdown==4.8.2->-r requirements-dev.txt (line 42))
2025-08-23T23:08:15.5598915Z   Using cached tomli-2.2.1-cp312-cp312-manylinux_2_17_x86_64.manylinux2014_x86_64.whl.metadata (11 kB)
2025-08-23T23:08:15.5705888Z Collecting tomli_w<2.0.0,>=1.0.0 (from pydoc-markdown==4.8.2->-r requirements-dev.txt (line 42))
2025-08-23T23:08:15.5717296Z   Using cached tomli_w-1.2.0-py3-none-any.whl.metadata (5.7 kB)
2025-08-23T23:08:15.6157874Z Collecting watchdog (from pydoc-markdown==4.8.2->-r requirements-dev.txt (line 42))
2025-08-23T23:08:15.6171009Z   Using cached watchdog-6.0.0-py3-none-manylinux2014_x86_64.whl.metadata (44 kB)
2025-08-23T23:08:15.6433579Z Collecting yapf>=0.30.0 (from pydoc-markdown==4.8.2->-r requirements-dev.txt (line 42))
2025-08-23T23:08:15.6444718Z   Using cached yapf-0.43.0-py3-none-any.whl.metadata (46 kB)
2025-08-23T23:08:15.6625447Z Collecting Deprecated<2.0.0,>=1.2.12 (from docspec==2.2.1->docspec-python==2.2.2->-r requirements-dev.txt (line 41))
2025-08-23T23:08:15.6637048Z   Using cached Deprecated-1.2.18-py2.py3-none-any.whl.metadata (5.7 kB)
2025-08-23T23:08:15.8171503Z Collecting psycopg-binary==3.2.9 (from psycopg[binary]==3.2.9->-r requirements-dev.txt (line 25))
2025-08-23T23:08:15.8186250Z   Using cached psycopg_binary-3.2.9-cp312-cp312-manylinux_2_17_x86_64.manylinux2014_x86_64.whl.metadata (2.9 kB)
2025-08-23T23:08:15.8491191Z Collecting argon2-cffi (from minio==7.*->-r requirements-dev.txt (line 10))
2025-08-23T23:08:15.8503405Z   Using cached argon2_cffi-25.1.0-py3-none-any.whl.metadata (4.1 kB)
2025-08-23T23:08:15.9276844Z Collecting pycryptodome (from minio==7.*->-r requirements-dev.txt (line 10))
2025-08-23T23:08:15.9291171Z   Using cached pycryptodome-3.23.0-cp37-abi3-manylinux_2_17_x86_64.manylinux2014_x86_64.whl.metadata (3.4 kB)
2025-08-23T23:08:15.9472370Z Collecting anyio (from httpx<0.29,>=0.27->-r requirements-dev.txt (line 16))
2025-08-23T23:08:15.9484138Z   Using cached anyio-4.10.0-py3-none-any.whl.metadata (4.0 kB)
2025-08-23T23:08:15.9652274Z Collecting httpcore==1.* (from httpx<0.29,>=0.27->-r requirements-dev.txt (line 16))
2025-08-23T23:08:15.9664249Z   Using cached httpcore-1.0.9-py3-none-any.whl.metadata (21 kB)
2025-08-23T23:08:15.9979595Z Collecting tzdata>=2022.7 (from pandas==2.2.*->-r requirements-dev.txt (line 23))
2025-08-23T23:08:15.9990619Z   Using cached tzdata-2025.2-py2.py3-none-any.whl.metadata (1.4 kB)
2025-08-23T23:08:16.0133361Z Collecting multimethod<=1.10.0 (from pandera==0.19.*->-r requirements-dev.txt (line 43))
2025-08-23T23:08:16.0144462Z   Using cached multimethod-1.10-py3-none-any.whl.metadata (8.2 kB)
2025-08-23T23:08:16.0514122Z Collecting typeguard (from pandera==0.19.*->-r requirements-dev.txt (line 43))
2025-08-23T23:08:16.0525044Z   Using cached typeguard-4.4.4-py3-none-any.whl.metadata (3.3 kB)
2025-08-23T23:08:16.0609352Z Collecting typing-inspect>=0.6.0 (from pandera==0.19.*->-r requirements-dev.txt (line 43))
2025-08-23T23:08:16.0620073Z   Using cached typing_inspect-0.9.0-py3-none-any.whl.metadata (1.5 kB)
2025-08-23T23:08:16.0878566Z Collecting databind<5.0.0,>=4.5.2 (from databind.core<5.0.0,>=4.4.0->pydoc-markdown==4.8.2->-r requirements-dev.txt (line 42))
2025-08-23T23:08:16.0889482Z   Using cached databind-4.5.2-py3-none-any.whl.metadata (4.3 kB)
2025-08-23T23:08:16.0996154Z Collecting nr-date<3.0.0,>=2.0.0 (from databind<5.0.0,>=4.5.2->databind.core<5.0.0,>=4.4.0->pydoc-markdown==4.8.2->-r requirements-dev.txt (line 42))
2025-08-23T23:08:16.1006794Z   Using cached nr_date-2.1.0-py3-none-any.whl.metadata (746 bytes)
2025-08-23T23:08:16.1121303Z Collecting nr-stream<2.0.0,>=1.0.0 (from databind<5.0.0,>=4.5.2->databind.core<5.0.0,>=4.4.0->pydoc-markdown==4.8.2->-r requirements-dev.txt (line 42))
2025-08-23T23:08:16.1132187Z   Using cached nr_stream-1.1.5-py3-none-any.whl.metadata (3.6 kB)
2025-08-23T23:08:16.1289271Z Collecting typeapi<3,>=2.0.1 (from databind<5.0.0,>=4.5.2->databind.core<5.0.0,>=4.4.0->pydoc-markdown==4.8.2->-r requirements-dev.txt (line 42))
2025-08-23T23:08:16.1300002Z   Using cached typeapi-2.2.4-py3-none-any.whl.metadata (1.5 kB)
2025-08-23T23:08:16.1587735Z Collecting h11>=0.16 (from httpcore==1.*->httpx<0.29,>=0.27->-r requirements-dev.txt (line 16))
2025-08-23T23:08:16.1598714Z   Using cached h11-0.16.0-py3-none-any.whl.metadata (8.3 kB)
2025-08-23T23:08:16.1807656Z Collecting amqp<6.0.0,>=5.1.1 (from kombu<5.6,>=5.5.2->celery==5.5.3->-r requirements-dev.txt (line 12))
2025-08-23T23:08:16.1819034Z   Using cached amqp-5.3.1-py3-none-any.whl.metadata (8.9 kB)
2025-08-23T23:08:16.2169560Z Collecting iniconfig>=1 (from pytest<9,>=8.2->pytest-asyncio==1.1.0->-r requirements-dev.txt (line 28))
2025-08-23T23:08:16.2180985Z   Using cached iniconfig-2.1.0-py3-none-any.whl.metadata (2.7 kB)
2025-08-23T23:08:16.2378944Z Collecting pygments>=2.7.2 (from pytest<9,>=8.2->pytest-asyncio==1.1.0->-r requirements-dev.txt (line 28))
2025-08-23T23:08:16.2391192Z   Using cached pygments-2.19.2-py3-none-any.whl.metadata (2.5 kB)
2025-08-23T23:08:16.2715594Z Collecting sniffio>=1.1 (from anyio->httpx<0.29,>=0.27->-r requirements-dev.txt (line 16))
2025-08-23T23:08:16.2726988Z   Using cached sniffio-1.3.1-py3-none-any.whl.metadata (3.9 kB)
2025-08-23T23:08:16.7765976Z Collecting botocore<1.41.0,>=1.40.16 (from boto3->-r requirements-dev.txt (line 8))
2025-08-23T23:08:16.7804076Z   Downloading botocore-1.40.16-py3-none-any.whl.metadata (5.7 kB)
2025-08-23T23:08:16.7932642Z Collecting jmespath<2.0.0,>=0.7.1 (from boto3->-r requirements-dev.txt (line 8))
2025-08-23T23:08:16.7944574Z   Using cached jmespath-1.0.1-py3-none-any.whl.metadata (7.6 kB)
2025-08-23T23:08:16.8109883Z Collecting s3transfer<0.14.0,>=0.13.0 (from boto3->-r requirements-dev.txt (line 8))
2025-08-23T23:08:16.8120922Z   Using cached s3transfer-0.13.1-py3-none-any.whl.metadata (1.7 kB)
2025-08-23T23:08:17.0173224Z Collecting fastapi-cli>=0.0.8 (from fastapi-cli[standard]>=0.0.8; extra == "all"->fastapi[all]->-r requirements-dev.txt (line 14))
2025-08-23T23:08:17.0184462Z   Using cached fastapi_cli-0.0.8-py3-none-any.whl.metadata (6.3 kB)
2025-08-23T23:08:17.0919125Z Collecting ujson!=4.0.2,!=4.1.0,!=4.2.0,!=4.3.0,!=5.0.0,!=5.1.0,>=4.0.1 (from fastapi[all]->-r requirements-dev.txt (line 14))
2025-08-23T23:08:17.0932329Z   Using cached ujson-5.11.0-cp312-cp312-manylinux_2_24_x86_64.manylinux_2_28_x86_64.whl.metadata (9.4 kB)
2025-08-23T23:08:17.3213993Z Collecting orjson>=3.2.1 (from fastapi[all]->-r requirements-dev.txt (line 14))
2025-08-23T23:08:17.3227215Z   Using cached orjson-3.11.2-cp312-cp312-manylinux_2_17_x86_64.manylinux2014_x86_64.whl.metadata (1.2 kB)
2025-08-23T23:08:17.3334850Z Collecting email-validator>=2.0.0 (from fastapi[all]->-r requirements-dev.txt (line 14))
2025-08-23T23:08:17.3347179Z   Using cached email_validator-2.2.0-py3-none-any.whl.metadata (25 kB)
2025-08-23T23:08:17.3621622Z Collecting uvicorn>=0.12.0 (from uvicorn[standard]>=0.12.0; extra == "all"->fastapi[all]->-r requirements-dev.txt (line 14))
2025-08-23T23:08:17.3633369Z   Using cached uvicorn-0.35.0-py3-none-any.whl.metadata (6.5 kB)
2025-08-23T23:08:17.3784494Z Collecting pydantic-settings>=2.0.0 (from fastapi[all]->-r requirements-dev.txt (line 14))
2025-08-23T23:08:17.3795497Z   Using cached pydantic_settings-2.10.1-py3-none-any.whl.metadata (3.4 kB)
2025-08-23T23:08:17.3922348Z Collecting pydantic-extra-types>=2.0.0 (from fastapi[all]->-r requirements-dev.txt (line 14))
2025-08-23T23:08:17.3933359Z   Using cached pydantic_extra_types-2.10.5-py3-none-any.whl.metadata (3.9 kB)
2025-08-23T23:08:17.4601375Z Collecting prompt-toolkit>=3.0.36 (from click-repl>=0.2.0->celery==5.5.3->-r requirements-dev.txt (line 12))
2025-08-23T23:08:17.4614430Z   Using cached prompt_toolkit-3.0.51-py3-none-any.whl.metadata (6.4 kB)
2025-08-23T23:08:17.4804118Z Collecting dnspython>=2.0.0 (from email-validator>=2.0.0->fastapi[all]->-r requirements-dev.txt (line 14))
2025-08-23T23:08:17.4815696Z   Using cached dnspython-2.7.0-py3-none-any.whl.metadata (5.8 kB)
2025-08-23T23:08:17.5108545Z Collecting typer>=0.15.1 (from fastapi-cli>=0.0.8->fastapi-cli[standard]>=0.0.8; extra == "all"->fastapi[all]->-r requirements-dev.txt (line 14))
2025-08-23T23:08:17.5119579Z   Using cached typer-0.16.1-py3-none-any.whl.metadata (15 kB)
2025-08-23T23:08:17.5414340Z Collecting rich-toolkit>=0.14.8 (from fastapi-cli>=0.0.8->fastapi-cli[standard]>=0.0.8; extra == "all"->fastapi[all]->-r requirements-dev.txt (line 14))
2025-08-23T23:08:17.5425976Z   Using cached rich_toolkit-0.15.0-py3-none-any.whl.metadata (1.0 kB)
2025-08-23T23:08:17.5549685Z Collecting fastapi-cloud-cli>=0.1.1 (from fastapi-cli[standard]>=0.0.8; extra == "all"->fastapi[all]->-r requirements-dev.txt (line 14))
2025-08-23T23:08:17.5561483Z   Using cached fastapi_cloud_cli-0.1.5-py3-none-any.whl.metadata (3.2 kB)
2025-08-23T23:08:17.6279151Z Collecting rignore>=0.5.1 (from fastapi-cloud-cli>=0.1.1->fastapi-cli[standard]>=0.0.8; extra == "all"->fastapi[all]->-r requirements-dev.txt (line 14))
2025-08-23T23:08:17.6293183Z   Using cached rignore-0.6.4-cp312-cp312-manylinux_2_17_x86_64.manylinux2014_x86_64.whl.metadata (3.8 kB)
2025-08-23T23:08:17.7183807Z Collecting sentry-sdk>=2.20.0 (from fastapi-cloud-cli>=0.1.1->fastapi-cli[standard]>=0.0.8; extra == "all"->fastapi[all]->-r requirements-dev.txt (line 14))
2025-08-23T23:08:17.7195843Z   Using cached sentry_sdk-2.35.0-py2.py3-none-any.whl.metadata (10 kB)
2025-08-23T23:08:17.8098411Z Collecting psutil>=4.0.0 (from mirakuru>=2.6.0->pytest-postgresql==7.0.2->-r requirements-dev.txt (line 30))
2025-08-23T23:08:17.8112314Z   Using cached psutil-7.0.0-cp36-abi3-manylinux_2_12_x86_64.manylinux2010_x86_64.manylinux_2_17_x86_64.manylinux2014_x86_64.whl.metadata (22 kB)
2025-08-23T23:08:17.9026676Z Collecting wcwidth (from prompt-toolkit>=3.0.36->click-repl>=0.2.0->celery==5.5.3->-r requirements-dev.txt (line 12))
2025-08-23T23:08:17.9037706Z   Using cached wcwidth-0.2.13-py2.py3-none-any.whl.metadata (14 kB)
2025-08-23T23:08:18.0125791Z Collecting rich>=13.7.1 (from rich-toolkit>=0.14.8->fastapi-cli>=0.0.8->fastapi-cli[standard]>=0.0.8; extra == "all"->fastapi[all]->-r requirements-dev.txt (line 14))
2025-08-23T23:08:18.0136454Z   Using cached rich-14.1.0-py3-none-any.whl.metadata (18 kB)
2025-08-23T23:08:18.0305400Z Collecting markdown-it-py>=2.2.0 (from rich>=13.7.1->rich-toolkit>=0.14.8->fastapi-cli>=0.0.8->fastapi-cli[standard]>=0.0.8; extra == "all"->fastapi[all]->-r requirements-dev.txt (line 14))
2025-08-23T23:08:18.0316002Z   Using cached markdown_it_py-4.0.0-py3-none-any.whl.metadata (7.3 kB)
2025-08-23T23:08:18.0513318Z Collecting mdurl~=0.1 (from markdown-it-py>=2.2.0->rich>=13.7.1->rich-toolkit>=0.14.8->fastapi-cli>=0.0.8->fastapi-cli[standard]>=0.0.8; extra == "all"->fastapi[all]->-r requirements-dev.txt (line 14))
2025-08-23T23:08:18.0529902Z   Using cached mdurl-0.1.2-py3-none-any.whl.metadata (1.6 kB)
2025-08-23T23:08:18.1034705Z Collecting shellingham>=1.3.0 (from typer>=0.15.1->fastapi-cli>=0.0.8->fastapi-cli[standard]>=0.0.8; extra == "all"->fastapi[all]->-r requirements-dev.txt (line 14))
2025-08-23T23:08:18.1045863Z   Using cached shellingham-1.5.4-py2.py3-none-any.whl.metadata (3.5 kB)
2025-08-23T23:08:18.1733178Z Collecting httptools>=0.6.3 (from uvicorn[standard]>=0.12.0; extra == "all"->fastapi[all]->-r requirements-dev.txt (line 14))
2025-08-23T23:08:18.1745749Z   Using cached httptools-0.6.4-cp312-cp312-manylinux_2_5_x86_64.manylinux1_x86_64.manylinux_2_17_x86_64.manylinux2014_x86_64.whl.metadata (3.6 kB)
2025-08-23T23:08:18.2169527Z Collecting uvloop>=0.15.1 (from uvicorn[standard]>=0.12.0; extra == "all"->fastapi[all]->-r requirements-dev.txt (line 14))
2025-08-23T23:08:18.2182292Z   Using cached uvloop-0.21.0-cp312-cp312-manylinux_2_17_x86_64.manylinux2014_x86_64.whl.metadata (4.9 kB)
2025-08-23T23:08:18.2920320Z Collecting watchfiles>=0.13 (from uvicorn[standard]>=0.12.0; extra == "all"->fastapi[all]->-r requirements-dev.txt (line 14))
2025-08-23T23:08:18.2933380Z   Using cached watchfiles-1.1.0-cp312-cp312-manylinux_2_17_x86_64.manylinux2014_x86_64.whl.metadata (4.9 kB)
2025-08-23T23:08:18.3799824Z Collecting websockets>=10.4 (from uvicorn[standard]>=0.12.0; extra == "all"->fastapi[all]->-r requirements-dev.txt (line 14))
2025-08-23T23:08:18.3813166Z   Using cached websockets-15.0.1-cp312-cp312-manylinux_2_5_x86_64.manylinux1_x86_64.manylinux_2_17_x86_64.manylinux2014_x86_64.whl.metadata (6.8 kB)
2025-08-23T23:08:18.4275106Z Collecting argon2-cffi-bindings (from argon2-cffi->minio==7.*->-r requirements-dev.txt (line 10))
2025-08-23T23:08:18.4286183Z   Using cached argon2_cffi_bindings-25.1.0-cp39-abi3-manylinux_2_26_x86_64.manylinux_2_28_x86_64.whl.metadata (7.4 kB)
2025-08-23T23:08:18.6463680Z Collecting cffi>=1.0.1 (from argon2-cffi-bindings->argon2-cffi->minio==7.*->-r requirements-dev.txt (line 10))
2025-08-23T23:08:18.6476805Z   Using cached cffi-1.17.1-cp312-cp312-manylinux_2_17_x86_64.manylinux2014_x86_64.whl.metadata (1.5 kB)
2025-08-23T23:08:18.6590101Z Collecting pycparser (from cffi>=1.0.1->argon2-cffi-bindings->argon2-cffi->minio==7.*->-r requirements-dev.txt (line 10))
2025-08-23T23:08:18.6600787Z   Using cached pycparser-2.22-py3-none-any.whl.metadata (943 bytes)
2025-08-23T23:08:18.7249414Z Using cached jinja2-3.1.6-py3-none-any.whl (134 kB)
2025-08-23T23:08:18.7261914Z Using cached alembic-1.16.4-py3-none-any.whl (247 kB)
2025-08-23T23:08:18.7274414Z Using cached APScheduler-3.10.4-py3-none-any.whl (59 kB)
2025-08-23T23:08:18.7285779Z Using cached asgi_correlation_id-4.3.1-py3-none-any.whl (15 kB)
2025-08-23T23:08:18.7296822Z Using cached asyncpg-0.30.0-cp312-cp312-manylinux_2_17_x86_64.manylinux2014_x86_64.whl (3.6 MB)
2025-08-23T23:08:18.7333994Z Using cached black-25.1.0-cp312-cp312-manylinux_2_17_x86_64.manylinux2014_x86_64.manylinux_2_28_x86_64.whl (1.8 MB)
2025-08-23T23:08:18.7357050Z Using cached vulture-2.10-py2.py3-none-any.whl (27 kB)
2025-08-23T23:08:18.7367771Z Using cached celery-5.5.3-py3-none-any.whl (438 kB)
2025-08-23T23:08:18.7381095Z Using cached fastapi-0.116.1-py3-none-any.whl (95 kB)
2025-08-23T23:08:18.7392683Z Using cached pydantic-2.11.7-py3-none-any.whl (444 kB)
2025-08-23T23:08:18.7406345Z Using cached fastapi_limiter-0.1.6-py3-none-any.whl (15 kB)
2025-08-23T23:08:18.7417109Z Using cached IMAPClient-3.0.1-py2.py3-none-any.whl (182 kB)
2025-08-23T23:08:18.7428827Z Using cached mypy_extensions-1.1.0-py3-none-any.whl (5.0 kB)
2025-08-23T23:08:18.7439393Z Using cached openpyxl-3.1.5-py2.py3-none-any.whl (250 kB)
2025-08-23T23:08:18.7452012Z Using cached psycopg2_binary-2.9.10-cp312-cp312-manylinux_2_17_x86_64.manylinux2014_x86_64.whl (3.0 MB)
2025-08-23T23:08:18.7485808Z Using cached psycopg-3.2.9-py3-none-any.whl (202 kB)
2025-08-23T23:08:18.7497685Z Using cached pytest_asyncio-1.1.0-py3-none-any.whl (15 kB)
2025-08-23T23:08:18.7508088Z Using cached pytest_cov-6.2.1-py3-none-any.whl (24 kB)
2025-08-23T23:08:18.7518763Z Using cached pytest_postgresql-7.0.2-py3-none-any.whl (41 kB)
2025-08-23T23:08:18.7529566Z Using cached python_telegram_bot-22.3-py3-none-any.whl (717 kB)
2025-08-23T23:08:18.7545842Z Using cached requests-2.32.4-py3-none-any.whl (64 kB)
2025-08-23T23:08:18.7556781Z Using cached respx-0.22.0-py2.py3-none-any.whl (25 kB)
2025-08-23T23:08:18.7567901Z Using cached ruff-0.9.9-py3-none-manylinux_2_17_x86_64.manylinux2014_x86_64.whl (11.2 MB)
2025-08-23T23:08:18.7663446Z Using cached sqlalchemy-2.0.43-cp312-cp312-manylinux_2_17_x86_64.manylinux2014_x86_64.whl (3.3 MB)
2025-08-23T23:08:18.7698294Z Using cached structlog-24.1.0-py3-none-any.whl (65 kB)
2025-08-23T23:08:18.7709247Z Using cached testcontainers-4.12.0-py3-none-any.whl (111 kB)
2025-08-23T23:08:18.7720759Z Using cached types_requests-2.32.4.20250809-py3-none-any.whl (20 kB)
2025-08-23T23:08:18.7731427Z Using cached docspec_python-2.2.2-py3-none-any.whl (15 kB)
2025-08-23T23:08:18.7742024Z Using cached pydoc_markdown-4.8.2-py3-none-any.whl (67 kB)
2025-08-23T23:08:18.7753093Z Using cached docspec-2.2.1-py3-none-any.whl (9.8 kB)
2025-08-23T23:08:18.7764147Z Using cached psycopg_binary-3.2.9-cp312-cp312-manylinux_2_17_x86_64.manylinux2014_x86_64.whl (4.4 MB)
2025-08-23T23:08:18.7806369Z Using cached pydantic_core-2.33.2-cp312-cp312-manylinux_2_17_x86_64.manylinux2014_x86_64.whl (2.0 MB)
2025-08-23T23:08:18.7830944Z Using cached redis-6.4.0-py3-none-any.whl (279 kB)
2025-08-23T23:08:18.7843848Z Using cached minio-7.2.16-py3-none-any.whl (95 kB)
2025-08-23T23:08:18.7855135Z Using cached httpx-0.28.1-py3-none-any.whl (73 kB)
2025-08-23T23:08:18.7866664Z Using cached mypy-1.17.1-cp312-cp312-manylinux2014_x86_64.manylinux_2_17_x86_64.manylinux_2_28_x86_64.whl (12.7 MB)
2025-08-23T23:08:18.7970780Z Using cached numpy-1.26.4-cp312-cp312-manylinux_2_17_x86_64.manylinux2014_x86_64.whl (18.0 MB)
2025-08-23T23:08:18.8112155Z Using cached pandas-2.2.3-cp312-cp312-manylinux_2_17_x86_64.manylinux2014_x86_64.whl (12.7 MB)
2025-08-23T23:08:18.8214794Z Using cached pandera-0.19.3-py3-none-any.whl (251 kB)
2025-08-23T23:08:18.8227056Z Using cached billiard-4.2.1-py3-none-any.whl (86 kB)
2025-08-23T23:08:18.8238963Z Using cached charset_normalizer-3.4.3-cp312-cp312-manylinux2014_x86_64.manylinux_2_17_x86_64.manylinux_2_28_x86_64.whl (151 kB)
2025-08-23T23:08:18.8250263Z Using cached click-8.2.1-py3-none-any.whl (102 kB)
2025-08-23T23:08:18.8261632Z Using cached databind.core-4.5.2-py3-none-any.whl (1.5 kB)
2025-08-23T23:08:18.8272583Z Using cached databind-4.5.2-py3-none-any.whl (49 kB)
2025-08-23T23:08:18.8283388Z Using cached databind.json-4.5.2-py3-none-any.whl (1.5 kB)
2025-08-23T23:08:18.8294062Z Using cached Deprecated-1.2.18-py2.py3-none-any.whl (10.0 kB)
2025-08-23T23:08:18.8304865Z Using cached httpcore-1.0.9-py3-none-any.whl (78 kB)
2025-08-23T23:08:18.8315867Z Using cached idna-3.10-py3-none-any.whl (70 kB)
2025-08-23T23:08:18.8326755Z Using cached kombu-5.5.4-py3-none-any.whl (210 kB)
2025-08-23T23:08:18.8338435Z Using cached vine-5.1.0-py3-none-any.whl (9.6 kB)
2025-08-23T23:08:18.8348916Z Using cached amqp-5.3.1-py3-none-any.whl (50 kB)
2025-08-23T23:08:18.8359700Z Using cached multimethod-1.10-py3-none-any.whl (9.9 kB)
2025-08-23T23:08:18.8370205Z Using cached nr_date-2.1.0-py3-none-any.whl (10 kB)
2025-08-23T23:08:18.8380950Z Using cached nr_stream-1.1.5-py3-none-any.whl (10 kB)
2025-08-23T23:08:18.8391935Z Using cached nr.util-0.8.12-py3-none-any.whl (90 kB)
2025-08-23T23:08:18.8403329Z Using cached pytest-8.4.1-py3-none-any.whl (365 kB)
2025-08-23T23:08:18.8416515Z Using cached pluggy-1.6.0-py3-none-any.whl (20 kB)
2025-08-23T23:08:18.8427565Z Using cached PyYAML-6.0.2-cp312-cp312-manylinux_2_17_x86_64.manylinux2014_x86_64.whl (767 kB)
2025-08-23T23:08:18.8443524Z Using cached starlette-0.47.2-py3-none-any.whl (72 kB)
2025-08-23T23:08:18.8454625Z Using cached anyio-4.10.0-py3-none-any.whl (107 kB)
2025-08-23T23:08:18.8466172Z Using cached tomli-2.2.1-cp312-cp312-manylinux_2_17_x86_64.manylinux2014_x86_64.whl (242 kB)
2025-08-23T23:08:18.8478072Z Using cached tomli_w-1.2.0-py3-none-any.whl (6.7 kB)
2025-08-23T23:08:18.8488605Z Using cached typeapi-2.2.4-py3-none-any.whl (26 kB)
2025-08-23T23:08:18.8499434Z Using cached typing_extensions-4.14.1-py3-none-any.whl (43 kB)
2025-08-23T23:08:18.8510254Z Using cached urllib3-2.5.0-py3-none-any.whl (129 kB)
2025-08-23T23:08:18.8522219Z Using cached wrapt-1.17.3-cp312-cp312-manylinux1_x86_64.manylinux_2_28_x86_64.manylinux_2_5_x86_64.whl (88 kB)
2025-08-23T23:08:18.8941375Z Downloading boto3-1.40.16-py3-none-any.whl (140 kB)
2025-08-23T23:08:18.9353401Z Downloading botocore-1.40.16-py3-none-any.whl (14.0 MB)
2025-08-23T23:08:19.1070210Z    ━━━━━━━━━━━━━━━━━━━━━━━━━━━━━━━━━━━━━━━━ 14.0/14.0 MB 82.9 MB/s  0:00:00
2025-08-23T23:08:19.1084168Z Using cached jmespath-1.0.1-py3-none-any.whl (20 kB)
2025-08-23T23:08:19.1095484Z Using cached python_dateutil-2.9.0.post0-py2.py3-none-any.whl (229 kB)
2025-08-23T23:08:19.1107637Z Using cached s3transfer-0.13.1-py3-none-any.whl (85 kB)
2025-08-23T23:08:19.1118827Z Using cached itsdangerous-2.2.0-py3-none-any.whl (16 kB)
2025-08-23T23:08:19.1129593Z Using cached setuptools-80.9.0-py3-none-any.whl (1.2 MB)
2025-08-23T23:08:19.1149038Z Using cached python_dotenv-1.1.1-py3-none-any.whl (20 kB)
2025-08-23T23:08:19.1159929Z Using cached python_multipart-0.0.20-py3-none-any.whl (24 kB)
2025-08-23T23:08:19.1170688Z Using cached annotated_types-0.7.0-py3-none-any.whl (13 kB)
2025-08-23T23:08:19.1181483Z Using cached certifi-2025.8.3-py3-none-any.whl (161 kB)
2025-08-23T23:08:19.1193339Z Using cached click_didyoumean-0.3.1-py3-none-any.whl (3.6 kB)
2025-08-23T23:08:19.1204682Z Using cached click_plugins-1.1.1.2-py2.py3-none-any.whl (11 kB)
2025-08-23T23:08:19.1215178Z Using cached click_repl-0.3.0-py3-none-any.whl (10 kB)
2025-08-23T23:08:19.1266185Z Downloading coverage-7.10.5-cp312-cp312-manylinux1_x86_64.manylinux_2_28_x86_64.manylinux_2_5_x86_64.whl (251 kB)
2025-08-23T23:08:19.1305680Z Using cached email_validator-2.2.0-py3-none-any.whl (33 kB)
2025-08-23T23:08:19.1316514Z Using cached dnspython-2.7.0-py3-none-any.whl (313 kB)
2025-08-23T23:08:19.1329293Z Using cached fastapi_cli-0.0.8-py3-none-any.whl (10 kB)
2025-08-23T23:08:19.1340001Z Using cached fastapi_cloud_cli-0.1.5-py3-none-any.whl (18 kB)
2025-08-23T23:08:19.1351110Z Using cached greenlet-3.2.4-cp312-cp312-manylinux_2_24_x86_64.manylinux_2_28_x86_64.whl (607 kB)
2025-08-23T23:08:19.1366053Z Using cached h11-0.16.0-py3-none-any.whl (37 kB)
2025-08-23T23:08:19.1377278Z Using cached iniconfig-2.1.0-py3-none-any.whl (6.0 kB)
2025-08-23T23:08:19.1388140Z Using cached MarkupSafe-3.0.2-cp312-cp312-manylinux_2_17_x86_64.manylinux2014_x86_64.whl (23 kB)
2025-08-23T23:08:19.1398647Z Using cached mirakuru-2.6.1-py3-none-any.whl (26 kB)
2025-08-23T23:08:19.1409637Z Using cached orjson-3.11.2-cp312-cp312-manylinux_2_17_x86_64.manylinux2014_x86_64.whl (121 kB)
2025-08-23T23:08:19.1420800Z Using cached packaging-25.0-py3-none-any.whl (66 kB)
2025-08-23T23:08:19.1431999Z Using cached pathspec-0.12.1-py3-none-any.whl (31 kB)
2025-08-23T23:08:19.1442900Z Using cached platformdirs-4.3.8-py3-none-any.whl (18 kB)
2025-08-23T23:08:19.1453400Z Using cached port_for-0.7.4-py3-none-any.whl (21 kB)
2025-08-23T23:08:19.1464288Z Using cached prompt_toolkit-3.0.51-py3-none-any.whl (387 kB)
2025-08-23T23:08:19.1478259Z Using cached psutil-7.0.0-cp36-abi3-manylinux_2_12_x86_64.manylinux2010_x86_64.manylinux_2_17_x86_64.manylinux2014_x86_64.whl (277 kB)
2025-08-23T23:08:19.1490447Z Using cached pydantic_extra_types-2.10.5-py3-none-any.whl (38 kB)
2025-08-23T23:08:19.1501317Z Using cached pydantic_settings-2.10.1-py3-none-any.whl (45 kB)
2025-08-23T23:08:19.1512204Z Using cached pygments-2.19.2-py3-none-any.whl (1.2 MB)
2025-08-23T23:08:19.1531882Z Using cached pytz-2025.2-py2.py3-none-any.whl (509 kB)
2025-08-23T23:08:19.1546072Z Using cached rich_toolkit-0.15.0-py3-none-any.whl (29 kB)
2025-08-23T23:08:19.1557102Z Using cached rich-14.1.0-py3-none-any.whl (243 kB)
2025-08-23T23:08:19.1569539Z Using cached markdown_it_py-4.0.0-py3-none-any.whl (87 kB)
2025-08-23T23:08:19.1580532Z Using cached mdurl-0.1.2-py3-none-any.whl (10.0 kB)
2025-08-23T23:08:19.1591418Z Using cached rignore-0.6.4-cp312-cp312-manylinux_2_17_x86_64.manylinux2014_x86_64.whl (949 kB)
2025-08-23T23:08:19.1608979Z Using cached sentry_sdk-2.35.0-py2.py3-none-any.whl (363 kB)
2025-08-23T23:08:19.1622020Z Using cached six-1.17.0-py2.py3-none-any.whl (11 kB)
2025-08-23T23:08:19.1632793Z Using cached sniffio-1.3.1-py3-none-any.whl (10 kB)
2025-08-23T23:08:19.1643390Z Using cached typer-0.16.1-py3-none-any.whl (46 kB)
2025-08-23T23:08:19.1654154Z Using cached shellingham-1.5.4-py2.py3-none-any.whl (9.8 kB)
2025-08-23T23:08:19.1665004Z Using cached typing_inspect-0.9.0-py3-none-any.whl (8.8 kB)
2025-08-23T23:08:19.1675972Z Using cached typing_inspection-0.4.1-py3-none-any.whl (14 kB)
2025-08-23T23:08:19.1686950Z Using cached tzdata-2025.2-py2.py3-none-any.whl (347 kB)
2025-08-23T23:08:19.1699852Z Using cached tzlocal-5.3.1-py3-none-any.whl (18 kB)
2025-08-23T23:08:19.1712602Z Using cached ujson-5.11.0-cp312-cp312-manylinux_2_24_x86_64.manylinux_2_28_x86_64.whl (57 kB)
2025-08-23T23:08:19.1723524Z Using cached uvicorn-0.35.0-py3-none-any.whl (66 kB)
2025-08-23T23:08:19.1735200Z Using cached httptools-0.6.4-cp312-cp312-manylinux_2_5_x86_64.manylinux1_x86_64.manylinux_2_17_x86_64.manylinux2014_x86_64.whl (510 kB)
2025-08-23T23:08:19.1749173Z Using cached uvloop-0.21.0-cp312-cp312-manylinux_2_17_x86_64.manylinux2014_x86_64.whl (4.7 MB)
2025-08-23T23:08:19.1793532Z Using cached watchfiles-1.1.0-cp312-cp312-manylinux_2_17_x86_64.manylinux2014_x86_64.whl (452 kB)
2025-08-23T23:08:19.1807593Z Using cached websockets-15.0.1-cp312-cp312-manylinux_2_5_x86_64.manylinux1_x86_64.manylinux_2_17_x86_64.manylinux2014_x86_64.whl (182 kB)
2025-08-23T23:08:19.1819200Z Using cached yapf-0.43.0-py3-none-any.whl (256 kB)
2025-08-23T23:08:19.1831561Z Using cached argon2_cffi-25.1.0-py3-none-any.whl (14 kB)
2025-08-23T23:08:19.1843029Z Using cached argon2_cffi_bindings-25.1.0-cp39-abi3-manylinux_2_26_x86_64.manylinux_2_28_x86_64.whl (87 kB)
2025-08-23T23:08:19.1854088Z Using cached cffi-1.17.1-cp312-cp312-manylinux_2_17_x86_64.manylinux2014_x86_64.whl (479 kB)
2025-08-23T23:08:19.1867877Z Using cached docker-7.1.0-py3-none-any.whl (147 kB)
2025-08-23T23:08:19.1879491Z Using cached et_xmlfile-2.0.0-py3-none-any.whl (18 kB)
2025-08-23T23:08:19.1890144Z Using cached mako-1.3.10-py3-none-any.whl (78 kB)
2025-08-23T23:08:19.1901229Z Using cached pycparser-2.22-py3-none-any.whl (117 kB)
2025-08-23T23:08:19.1913743Z Using cached pycryptodome-3.23.0-cp37-abi3-manylinux_2_17_x86_64.manylinux2014_x86_64.whl (2.3 MB)
2025-08-23T23:08:19.1939630Z Using cached toml-0.10.2-py2.py3-none-any.whl (16 kB)
2025-08-23T23:08:19.1950236Z Using cached typeguard-4.4.4-py3-none-any.whl (34 kB)
2025-08-23T23:08:19.1961055Z Using cached watchdog-6.0.0-py3-none-manylinux2014_x86_64.whl (79 kB)
2025-08-23T23:08:19.1972309Z Using cached wcwidth-0.2.13-py2.py3-none-any.whl (34 kB)
2025-08-23T23:08:19.6728666Z Installing collected packages: wcwidth, pytz, wrapt, websockets, watchdog, vine, uvloop, urllib3, ujson, tzlocal, tzdata, typing-extensions, tomli_w, tomli, toml, structlog, sniffio, six, shellingham, setuptools, ruff, rignore, redis, PyYAML, python-multipart, python-dotenv, pygments, pycryptodome, pycparser, psycopg2-binary, psycopg-binary, psutil, prompt-toolkit, port-for, pluggy, platformdirs, pathspec, packaging, orjson, numpy, nr-stream, nr-date, mypy-extensions, multimethod, mdurl, MarkupSafe, jmespath, itsdangerous, iniconfig, imapclient, idna, httptools, h11, greenlet, et-xmlfile, docstring-parser, dnspython, coverage, click, charset_normalizer, certifi, billiard, asyncpg, annotated-types, yapf, vulture, uvicorn, typing-inspection, typing-inspect, types-requests, typeguard, typeapi, sqlalchemy, sentry-sdk, requests, python-dateutil, pytest, pydantic-core, psycopg, openpyxl, mypy, mirakuru, markdown-it-py, Mako, Jinja2, httpcore, email-validator, Deprecated, click-repl, click-plugins, click-didyoumean, cffi, black, apscheduler, anyio, amqp, watchfiles, starlette, rich, pytest-postgresql, pytest-cov, pytest-asyncio, pydantic, pandas, nr-util, kombu, httpx, docker, databind, botocore, argon2-cffi-bindings, alembic, typer, testcontainers, s3transfer, rich-toolkit, respx, python-telegram-bot, pydantic-settings, pydantic-extra-types, pandera, fastapi, databind.json, databind.core, celery, asgi-correlation-id, argon2-cffi, minio, fastapi-limiter, fastapi-cloud-cli, fastapi-cli, docspec, boto3, docspec-python, pydoc-markdown
2025-08-23T23:08:38.9140352Z 
2025-08-23T23:08:38.9262334Z Successfully installed Deprecated-1.2.18 Jinja2-3.1.6 Mako-1.3.10 MarkupSafe-3.0.2 PyYAML-6.0.2 alembic-1.16.4 amqp-5.3.1 annotated-types-0.7.0 anyio-4.10.0 apscheduler-3.10.4 argon2-cffi-25.1.0 argon2-cffi-bindings-25.1.0 asgi-correlation-id-4.3.1 asyncpg-0.30.0 billiard-4.2.1 black-25.1.0 boto3-1.40.16 botocore-1.40.16 celery-5.5.3 certifi-2025.8.3 cffi-1.17.1 charset_normalizer-3.4.3 click-8.2.1 click-didyoumean-0.3.1 click-plugins-1.1.1.2 click-repl-0.3.0 coverage-7.10.5 databind-4.5.2 databind.core-4.5.2 databind.json-4.5.2 dnspython-2.7.0 docker-7.1.0 docspec-2.2.1 docspec-python-2.2.2 docstring-parser-0.11 email-validator-2.2.0 et-xmlfile-2.0.0 fastapi-0.116.1 fastapi-cli-0.0.8 fastapi-cloud-cli-0.1.5 fastapi-limiter-0.1.6 greenlet-3.2.4 h11-0.16.0 httpcore-1.0.9 httptools-0.6.4 httpx-0.28.1 idna-3.10 imapclient-3.0.1 iniconfig-2.1.0 itsdangerous-2.2.0 jmespath-1.0.1 kombu-5.5.4 markdown-it-py-4.0.0 mdurl-0.1.2 minio-7.2.16 mirakuru-2.6.1 multimethod-1.10 mypy-1.17.1 mypy-extensions-1.1.0 nr-date-2.1.0 nr-stream-1.1.5 nr-util-0.8.12 numpy-1.26.4 openpyxl-3.1.5 orjson-3.11.2 packaging-25.0 pandas-2.2.3 pandera-0.19.3 pathspec-0.12.1 platformdirs-4.3.8 pluggy-1.6.0 port-for-0.7.4 prompt-toolkit-3.0.51 psutil-7.0.0 psycopg-3.2.9 psycopg-binary-3.2.9 psycopg2-binary-2.9.10 pycparser-2.22 pycryptodome-3.23.0 pydantic-2.11.7 pydantic-core-2.33.2 pydantic-extra-types-2.10.5 pydantic-settings-2.10.1 pydoc-markdown-4.8.2 pygments-2.19.2 pytest-8.4.1 pytest-asyncio-1.1.0 pytest-cov-6.2.1 pytest-postgresql-7.0.2 python-dateutil-2.9.0.post0 python-dotenv-1.1.1 python-multipart-0.0.20 python-telegram-bot-22.3 pytz-2025.2 redis-6.4.0 requests-2.32.4 respx-0.22.0 rich-14.1.0 rich-toolkit-0.15.0 rignore-0.6.4 ruff-0.9.9 s3transfer-0.13.1 sentry-sdk-2.35.0 setuptools-80.9.0 shellingham-1.5.4 six-1.17.0 sniffio-1.3.1 sqlalchemy-2.0.43 starlette-0.47.2 structlog-24.1.0 testcontainers-4.12.0 toml-0.10.2 tomli-2.2.1 tomli_w-1.2.0 typeapi-2.2.4 typeguard-4.4.4 typer-0.16.1 types-requests-2.32.4.20250809 typing-extensions-4.14.1 typing-inspect-0.9.0 typing-inspection-0.4.1 tzdata-2025.2 tzlocal-5.3.1 ujson-5.11.0 urllib3-2.5.0 uvicorn-0.35.0 uvloop-0.21.0 vine-5.1.0 vulture-2.10 watchdog-6.0.0 watchfiles-1.1.0 wcwidth-0.2.13 websockets-15.0.1 wrapt-1.17.3 yapf-0.43.0
2025-08-23T23:08:40.3617000Z Collecting keepa==1.3.15
2025-08-23T23:08:40.3631247Z   Using cached keepa-1.3.15-py3-none-any.whl.metadata (11 kB)
2025-08-23T23:08:40.3913205Z Collecting minio==7.1.15
2025-08-23T23:08:40.3925456Z   Using cached minio-7.1.15-py3-none-any.whl.metadata (4.2 kB)
2025-08-23T23:08:40.3953526Z Requirement already satisfied: numpy>=1.9.3 in /opt/hostedtoolcache/Python/3.12.11/x64/lib/python3.12/site-packages (from keepa==1.3.15) (1.26.4)
2025-08-23T23:08:40.3958384Z Requirement already satisfied: requests>=2.2 in /opt/hostedtoolcache/Python/3.12.11/x64/lib/python3.12/site-packages (from keepa==1.3.15) (2.32.4)
2025-08-23T23:08:40.4269278Z Collecting tqdm (from keepa==1.3.15)
2025-08-23T23:08:40.4281375Z   Using cached tqdm-4.67.1-py3-none-any.whl.metadata (57 kB)
2025-08-23T23:08:40.9232794Z Collecting aiohttp (from keepa==1.3.15)
2025-08-23T23:08:40.9246020Z   Using cached aiohttp-3.12.15-cp312-cp312-manylinux_2_17_x86_64.manylinux2014_x86_64.whl.metadata (7.7 kB)
2025-08-23T23:08:40.9281557Z Requirement already satisfied: pandas<=3.0 in /opt/hostedtoolcache/Python/3.12.11/x64/lib/python3.12/site-packages (from keepa==1.3.15) (2.2.3)
2025-08-23T23:08:40.9285115Z Requirement already satisfied: pydantic in /opt/hostedtoolcache/Python/3.12.11/x64/lib/python3.12/site-packages (from keepa==1.3.15) (2.11.7)
2025-08-23T23:08:40.9293062Z Requirement already satisfied: certifi in /opt/hostedtoolcache/Python/3.12.11/x64/lib/python3.12/site-packages (from minio==7.1.15) (2025.8.3)
2025-08-23T23:08:40.9296540Z Requirement already satisfied: urllib3 in /opt/hostedtoolcache/Python/3.12.11/x64/lib/python3.12/site-packages (from minio==7.1.15) (2.5.0)
2025-08-23T23:08:40.9353920Z Requirement already satisfied: python-dateutil>=2.8.2 in /opt/hostedtoolcache/Python/3.12.11/x64/lib/python3.12/site-packages (from pandas<=3.0->keepa==1.3.15) (2.9.0.post0)
2025-08-23T23:08:40.9358814Z Requirement already satisfied: pytz>=2020.1 in /opt/hostedtoolcache/Python/3.12.11/x64/lib/python3.12/site-packages (from pandas<=3.0->keepa==1.3.15) (2025.2)
2025-08-23T23:08:40.9364078Z Requirement already satisfied: tzdata>=2022.7 in /opt/hostedtoolcache/Python/3.12.11/x64/lib/python3.12/site-packages (from pandas<=3.0->keepa==1.3.15) (2025.2)
2025-08-23T23:08:40.9490568Z Requirement already satisfied: six>=1.5 in /opt/hostedtoolcache/Python/3.12.11/x64/lib/python3.12/site-packages (from python-dateutil>=2.8.2->pandas<=3.0->keepa==1.3.15) (1.17.0)
2025-08-23T23:08:40.9509729Z Requirement already satisfied: charset_normalizer<4,>=2 in /opt/hostedtoolcache/Python/3.12.11/x64/lib/python3.12/site-packages (from requests>=2.2->keepa==1.3.15) (3.4.3)
2025-08-23T23:08:40.9516340Z Requirement already satisfied: idna<4,>=2.5 in /opt/hostedtoolcache/Python/3.12.11/x64/lib/python3.12/site-packages (from requests>=2.2->keepa==1.3.15) (3.10)
2025-08-23T23:08:40.9735095Z Collecting aiohappyeyeballs>=2.5.0 (from aiohttp->keepa==1.3.15)
2025-08-23T23:08:40.9746940Z   Using cached aiohappyeyeballs-2.6.1-py3-none-any.whl.metadata (5.9 kB)
2025-08-23T23:08:40.9828549Z Collecting aiosignal>=1.4.0 (from aiohttp->keepa==1.3.15)
2025-08-23T23:08:40.9839597Z   Using cached aiosignal-1.4.0-py3-none-any.whl.metadata (3.7 kB)
2025-08-23T23:08:40.9975551Z Collecting attrs>=17.3.0 (from aiohttp->keepa==1.3.15)
2025-08-23T23:08:40.9986642Z   Using cached attrs-25.3.0-py3-none-any.whl.metadata (10 kB)
2025-08-23T23:08:41.0650693Z Collecting frozenlist>=1.1.1 (from aiohttp->keepa==1.3.15)
2025-08-23T23:08:41.0665050Z   Using cached frozenlist-1.7.0-cp312-cp312-manylinux_2_5_x86_64.manylinux1_x86_64.manylinux_2_17_x86_64.manylinux2014_x86_64.whl.metadata (18 kB)
2025-08-23T23:08:41.3227866Z Collecting multidict<7.0,>=4.5 (from aiohttp->keepa==1.3.15)
2025-08-23T23:08:41.3242696Z   Using cached multidict-6.6.4-cp312-cp312-manylinux2014_x86_64.manylinux_2_17_x86_64.manylinux_2_28_x86_64.whl.metadata (5.3 kB)
2025-08-23T23:08:41.3682166Z Collecting propcache>=0.2.0 (from aiohttp->keepa==1.3.15)
2025-08-23T23:08:41.3695983Z   Using cached propcache-0.3.2-cp312-cp312-manylinux_2_17_x86_64.manylinux2014_x86_64.whl.metadata (12 kB)
2025-08-23T23:08:41.6132684Z Collecting yarl<2.0,>=1.17.0 (from aiohttp->keepa==1.3.15)
2025-08-23T23:08:41.6146354Z   Using cached yarl-1.20.1-cp312-cp312-manylinux_2_17_x86_64.manylinux2014_x86_64.whl.metadata (73 kB)
2025-08-23T23:08:41.6365181Z Requirement already satisfied: typing-extensions>=4.2 in /opt/hostedtoolcache/Python/3.12.11/x64/lib/python3.12/site-packages (from aiosignal>=1.4.0->aiohttp->keepa==1.3.15) (4.14.1)
2025-08-23T23:08:41.6414392Z Requirement already satisfied: annotated-types>=0.6.0 in /opt/hostedtoolcache/Python/3.12.11/x64/lib/python3.12/site-packages (from pydantic->keepa==1.3.15) (0.7.0)
2025-08-23T23:08:41.6420235Z Requirement already satisfied: pydantic-core==2.33.2 in /opt/hostedtoolcache/Python/3.12.11/x64/lib/python3.12/site-packages (from pydantic->keepa==1.3.15) (2.33.2)
2025-08-23T23:08:41.6428244Z Requirement already satisfied: typing-inspection>=0.4.0 in /opt/hostedtoolcache/Python/3.12.11/x64/lib/python3.12/site-packages (from pydantic->keepa==1.3.15) (0.4.1)
2025-08-23T23:08:41.6490274Z Using cached keepa-1.3.15-py3-none-any.whl (38 kB)
2025-08-23T23:08:41.6501629Z Using cached minio-7.1.15-py3-none-any.whl (77 kB)
2025-08-23T23:08:41.6513571Z Using cached aiohttp-3.12.15-cp312-cp312-manylinux_2_17_x86_64.manylinux2014_x86_64.whl (1.7 MB)
2025-08-23T23:08:41.6536876Z Using cached multidict-6.6.4-cp312-cp312-manylinux2014_x86_64.manylinux_2_17_x86_64.manylinux_2_28_x86_64.whl (256 kB)
2025-08-23T23:08:41.6549583Z Using cached yarl-1.20.1-cp312-cp312-manylinux_2_17_x86_64.manylinux2014_x86_64.whl (355 kB)
2025-08-23T23:08:41.6563040Z Using cached aiohappyeyeballs-2.6.1-py3-none-any.whl (15 kB)
2025-08-23T23:08:41.6574103Z Using cached aiosignal-1.4.0-py3-none-any.whl (7.5 kB)
2025-08-23T23:08:41.6584996Z Using cached attrs-25.3.0-py3-none-any.whl (63 kB)
2025-08-23T23:08:41.6596876Z Using cached frozenlist-1.7.0-cp312-cp312-manylinux_2_5_x86_64.manylinux1_x86_64.manylinux_2_17_x86_64.manylinux2014_x86_64.whl (241 kB)
2025-08-23T23:08:41.6609363Z Using cached propcache-0.3.2-cp312-cp312-manylinux_2_17_x86_64.manylinux2014_x86_64.whl (224 kB)
2025-08-23T23:08:41.6621488Z Using cached tqdm-4.67.1-py3-none-any.whl (78 kB)
2025-08-23T23:08:41.8426022Z Installing collected packages: tqdm, propcache, multidict, minio, frozenlist, attrs, aiohappyeyeballs, yarl, aiosignal, aiohttp, keepa
2025-08-23T23:08:41.9187114Z   Attempting uninstall: minio
2025-08-23T23:08:41.9237327Z     Found existing installation: minio 7.2.16
2025-08-23T23:08:41.9275519Z     Uninstalling minio-7.2.16:
2025-08-23T23:08:41.9286410Z       Successfully uninstalled minio-7.2.16
2025-08-23T23:08:42.2952153Z 
2025-08-23T23:08:42.3067497Z Successfully installed aiohappyeyeballs-2.6.1 aiohttp-3.12.15 aiosignal-1.4.0 attrs-25.3.0 frozenlist-1.7.0 keepa-1.3.15 minio-7.1.15 multidict-6.6.4 propcache-0.3.2 tqdm-4.67.1 yarl-1.20.1
2025-08-23T23:08:42.5226120Z ##[group]Run ruff check .
2025-08-23T23:08:42.5226449Z [36;1mruff check .[0m
2025-08-23T23:08:42.5226658Z [36;1mruff format --check .[0m
2025-08-23T23:08:42.5226882Z [36;1mvulture[0m
2025-08-23T23:08:42.5268036Z shell: /usr/bin/bash -e {0}
2025-08-23T23:08:42.5268267Z env:
2025-08-23T23:08:42.5268474Z   REDIS_URL: redis://localhost:6379/0
2025-08-23T23:08:42.5268728Z   RATE_LIMIT_DEFAULT: 100/minute
2025-08-23T23:08:42.5268950Z   TRUST_X_FORWARDED: 1
2025-08-23T23:08:42.5269145Z   PG_USER: postgres
2025-08-23T23:08:42.5269325Z   PG_PASSWORD: pass
2025-08-23T23:08:42.5269509Z   PG_DATABASE: awa
2025-08-23T23:08:42.5269696Z   PG_HOST: localhost
2025-08-23T23:08:42.5269875Z   PG_PORT: 5432
2025-08-23T23:08:42.5270332Z   PG_SYNC_DSN: ***localhost:5432/awa
2025-08-23T23:08:42.5270730Z   PG_ASYNC_DSN: ***localhost:5432/awa
2025-08-23T23:08:42.5271122Z   DATABASE_URL: ***localhost:5432/awa
2025-08-23T23:08:42.5271368Z   DATA_DIR: /tmp/awa-data
2025-08-23T23:08:42.5271611Z   ENABLE_LIVE: 0
2025-08-23T23:08:42.5272042Z   TESTING: 1
2025-08-23T23:08:42.5272281Z   pythonLocation: /opt/hostedtoolcache/Python/3.12.11/x64
2025-08-23T23:08:42.5272679Z   PKG_CONFIG_PATH: /opt/hostedtoolcache/Python/3.12.11/x64/lib/pkgconfig
2025-08-23T23:08:42.5273063Z   Python_ROOT_DIR: /opt/hostedtoolcache/Python/3.12.11/x64
2025-08-23T23:08:42.5273399Z   Python2_ROOT_DIR: /opt/hostedtoolcache/Python/3.12.11/x64
2025-08-23T23:08:42.5273741Z   Python3_ROOT_DIR: /opt/hostedtoolcache/Python/3.12.11/x64
2025-08-23T23:08:42.5274081Z   LD_LIBRARY_PATH: /opt/hostedtoolcache/Python/3.12.11/x64/lib
2025-08-23T23:08:42.5274373Z ##[endgroup]
2025-08-23T23:08:42.5581294Z All checks passed!
2025-08-23T23:08:42.5820568Z 259 files already formatted
2025-08-23T23:08:42.6430330Z ##[group]Run for i in {1..30}; do pg_isready -h "$PG_HOST" -p "$PG_PORT" -U "$PG_USER" -d "$PG_DATABASE" && break; sleep 1; done
2025-08-23T23:08:42.6431150Z [36;1mfor i in {1..30}; do pg_isready -h "$PG_HOST" -p "$PG_PORT" -U "$PG_USER" -d "$PG_DATABASE" && break; sleep 1; done[0m
2025-08-23T23:08:42.6473374Z shell: /usr/bin/bash -e {0}
2025-08-23T23:08:42.6473619Z env:
2025-08-23T23:08:42.6473833Z   REDIS_URL: redis://localhost:6379/0
2025-08-23T23:08:42.6474106Z   RATE_LIMIT_DEFAULT: 100/minute
2025-08-23T23:08:42.6474330Z   TRUST_X_FORWARDED: 1
2025-08-23T23:08:42.6474536Z   PG_USER: postgres
2025-08-23T23:08:42.6474743Z   PG_PASSWORD: pass
2025-08-23T23:08:42.6474925Z   PG_DATABASE: awa
2025-08-23T23:08:42.6475114Z   PG_HOST: localhost
2025-08-23T23:08:42.6475302Z   PG_PORT: 5432
2025-08-23T23:08:42.6475786Z   PG_SYNC_DSN: ***localhost:5432/awa
2025-08-23T23:08:42.6476193Z   PG_ASYNC_DSN: ***localhost:5432/awa
2025-08-23T23:08:42.6476609Z   DATABASE_URL: ***localhost:5432/awa
2025-08-23T23:08:42.6476849Z   DATA_DIR: /tmp/awa-data
2025-08-23T23:08:42.6477085Z   ENABLE_LIVE: 0
2025-08-23T23:08:42.6477274Z   TESTING: 1
2025-08-23T23:08:42.6477512Z   pythonLocation: /opt/hostedtoolcache/Python/3.12.11/x64
2025-08-23T23:08:42.6477911Z   PKG_CONFIG_PATH: /opt/hostedtoolcache/Python/3.12.11/x64/lib/pkgconfig
2025-08-23T23:08:42.6478321Z   Python_ROOT_DIR: /opt/hostedtoolcache/Python/3.12.11/x64
2025-08-23T23:08:42.6478678Z   Python2_ROOT_DIR: /opt/hostedtoolcache/Python/3.12.11/x64
2025-08-23T23:08:42.6479028Z   Python3_ROOT_DIR: /opt/hostedtoolcache/Python/3.12.11/x64
2025-08-23T23:08:42.6479377Z   LD_LIBRARY_PATH: /opt/hostedtoolcache/Python/3.12.11/x64/lib
2025-08-23T23:08:42.6479670Z ##[endgroup]
2025-08-23T23:08:42.7493429Z localhost:5432 - accepting connections
2025-08-23T23:08:42.7535005Z ##[group]Run psql -h "$PG_HOST" -p "$PG_PORT" -U "$PG_USER" -d "$PG_DATABASE" -c "SELECT 1"
2025-08-23T23:08:42.7535548Z [36;1mpsql -h "$PG_HOST" -p "$PG_PORT" -U "$PG_USER" -d "$PG_DATABASE" -c "SELECT 1"[0m
2025-08-23T23:08:42.7577555Z shell: /usr/bin/bash -e {0}
2025-08-23T23:08:42.7577782Z env:
2025-08-23T23:08:42.7578013Z   REDIS_URL: redis://localhost:6379/0
2025-08-23T23:08:42.7578278Z   RATE_LIMIT_DEFAULT: 100/minute
2025-08-23T23:08:42.7578498Z   TRUST_X_FORWARDED: 1
2025-08-23T23:08:42.7578692Z   PG_USER: postgres
2025-08-23T23:08:42.7578884Z   PG_PASSWORD: pass
2025-08-23T23:08:42.7579069Z   PG_DATABASE: awa
2025-08-23T23:08:42.7579246Z   PG_HOST: localhost
2025-08-23T23:08:42.7579433Z   PG_PORT: 5432
2025-08-23T23:08:42.7579896Z   PG_SYNC_DSN: ***localhost:5432/awa
2025-08-23T23:08:42.7580283Z   PG_ASYNC_DSN: ***localhost:5432/awa
2025-08-23T23:08:42.7580660Z   DATABASE_URL: ***localhost:5432/awa
2025-08-23T23:08:42.7580888Z   DATA_DIR: /tmp/awa-data
2025-08-23T23:08:42.7581138Z   ENABLE_LIVE: 0
2025-08-23T23:08:42.7581312Z   TESTING: 1
2025-08-23T23:08:42.7581561Z   pythonLocation: /opt/hostedtoolcache/Python/3.12.11/x64
2025-08-23T23:08:42.7582185Z   PKG_CONFIG_PATH: /opt/hostedtoolcache/Python/3.12.11/x64/lib/pkgconfig
2025-08-23T23:08:42.7582581Z   Python_ROOT_DIR: /opt/hostedtoolcache/Python/3.12.11/x64
2025-08-23T23:08:42.7582928Z   Python2_ROOT_DIR: /opt/hostedtoolcache/Python/3.12.11/x64
2025-08-23T23:08:42.7583284Z   Python3_ROOT_DIR: /opt/hostedtoolcache/Python/3.12.11/x64
2025-08-23T23:08:42.7583638Z   LD_LIBRARY_PATH: /opt/hostedtoolcache/Python/3.12.11/x64/lib
2025-08-23T23:08:42.7583935Z   PGPASSWORD: pass
2025-08-23T23:08:42.7584123Z ##[endgroup]
2025-08-23T23:08:42.8321026Z  ?column? 
2025-08-23T23:08:42.8321378Z ----------
2025-08-23T23:08:42.8321907Z         1
2025-08-23T23:08:42.8322192Z (1 row)
2025-08-23T23:08:42.8322356Z 
2025-08-23T23:08:42.8352357Z ##[group]Run alembic -c services/api/alembic.ini upgrade head
2025-08-23T23:08:42.8352804Z [36;1malembic -c services/api/alembic.ini upgrade head[0m
2025-08-23T23:08:42.8394026Z shell: /usr/bin/bash -e {0}
2025-08-23T23:08:42.8394250Z env:
2025-08-23T23:08:42.8394459Z   REDIS_URL: redis://localhost:6379/0
2025-08-23T23:08:42.8394726Z   RATE_LIMIT_DEFAULT: 100/minute
2025-08-23T23:08:42.8394955Z   TRUST_X_FORWARDED: 1
2025-08-23T23:08:42.8395315Z   PG_USER: postgres
2025-08-23T23:08:42.8395505Z   PG_PASSWORD: pass
2025-08-23T23:08:42.8395684Z   PG_DATABASE: awa
2025-08-23T23:08:42.8395856Z   PG_HOST: localhost
2025-08-23T23:08:42.8396041Z   PG_PORT: 5432
2025-08-23T23:08:42.8396475Z   PG_SYNC_DSN: ***localhost:5432/awa
2025-08-23T23:08:42.8396858Z   PG_ASYNC_DSN: ***localhost:5432/awa
2025-08-23T23:08:42.8397230Z   DATABASE_URL: ***localhost:5432/awa
2025-08-23T23:08:42.8397465Z   DATA_DIR: /tmp/awa-data
2025-08-23T23:08:42.8397668Z   ENABLE_LIVE: 0
2025-08-23T23:08:42.8397872Z   TESTING: 1
2025-08-23T23:08:42.8398107Z   pythonLocation: /opt/hostedtoolcache/Python/3.12.11/x64
2025-08-23T23:08:42.8398504Z   PKG_CONFIG_PATH: /opt/hostedtoolcache/Python/3.12.11/x64/lib/pkgconfig
2025-08-23T23:08:42.8398892Z   Python_ROOT_DIR: /opt/hostedtoolcache/Python/3.12.11/x64
2025-08-23T23:08:42.8399231Z   Python2_ROOT_DIR: /opt/hostedtoolcache/Python/3.12.11/x64
2025-08-23T23:08:42.8399575Z   Python3_ROOT_DIR: /opt/hostedtoolcache/Python/3.12.11/x64
2025-08-23T23:08:42.8399924Z   LD_LIBRARY_PATH: /opt/hostedtoolcache/Python/3.12.11/x64/lib
2025-08-23T23:08:42.8400214Z ##[endgroup]
2025-08-23T23:08:43.7992816Z INFO  [alembic.runtime.migration] Context impl PostgresqlImpl.
2025-08-23T23:08:43.7993560Z INFO  [alembic.runtime.migration] Will assume transactional DDL.
2025-08-23T23:08:43.8220856Z INFO  [alembic.runtime.migration] Running upgrade  -> 0001_baseline
2025-08-23T23:08:43.8400208Z INFO  [alembic.runtime.migration] Running upgrade 0001_baseline -> 0002_create_roi_view
2025-08-23T23:08:43.8437097Z INFO  [alembic.runtime.migration] Running upgrade 0002_create_roi_view -> 3e9d5c5aff2c
2025-08-23T23:08:43.8661540Z INFO  [alembic.runtime.migration] Running upgrade 3e9d5c5aff2c -> 0003_vendor_prices
2025-08-23T23:08:43.8825897Z INFO  [alembic.runtime.migration] Running upgrade 0003_vendor_prices -> 0004_fee_cron
2025-08-23T23:08:43.8902689Z INFO  [alembic.runtime.migration] Running upgrade 0004_fee_cron -> 0006_fix_roi_views
2025-08-23T23:08:43.8936149Z INFO  [alembic.runtime.migration] Running upgrade 0006_fix_roi_views -> 0020_unified_schema
2025-08-23T23:08:43.9056556Z INFO  [alembic.runtime.migration] Running upgrade 0020_unified_schema -> 0022_fix_roi_view
2025-08-23T23:08:43.9132119Z INFO  [alembic.runtime.migration] Running upgrade 0022_fix_roi_view -> 0023_add_storage_fee
2025-08-23T23:08:43.9172902Z INFO  [alembic.runtime.migration] Running upgrade 0023_add_storage_fee -> 0024_create_buybox
2025-08-23T23:08:43.9205007Z INFO  [alembic.runtime.migration] Running upgrade 0024_create_buybox -> 0025_pr4_indexes_loadlog
2025-08-23T23:08:43.9451171Z INFO  [alembic.runtime.migration] Running upgrade 0025_pr4_indexes_loadlog -> 0026_fix_refund_views
2025-08-23T23:08:43.9517288Z INFO  [alembic.runtime.migration] Running upgrade 0025_pr4_indexes_loadlog -> 0026_amazon_new_reports
2025-08-23T23:08:43.9733019Z INFO  [alembic.runtime.migration] Running upgrade 0026_amazon_new_reports, 0026_fix_refund_views -> 0027_merge_reports_refund_heads
2025-08-23T23:08:44.0648115Z ##[group]Run python -m mypy services || true
2025-08-23T23:08:44.0648482Z [36;1mpython -m mypy services || true[0m
2025-08-23T23:08:44.0689727Z shell: /usr/bin/bash -e {0}
2025-08-23T23:08:44.0689979Z env:
2025-08-23T23:08:44.0690181Z   REDIS_URL: redis://localhost:6379/0
2025-08-23T23:08:44.0690452Z   RATE_LIMIT_DEFAULT: 100/minute
2025-08-23T23:08:44.0690689Z   TRUST_X_FORWARDED: 1
2025-08-23T23:08:44.0690884Z   PG_USER: postgres
2025-08-23T23:08:44.0691084Z   PG_PASSWORD: pass
2025-08-23T23:08:44.0691278Z   PG_DATABASE: awa
2025-08-23T23:08:44.0691463Z   PG_HOST: localhost
2025-08-23T23:08:44.0691849Z   PG_PORT: 5432
2025-08-23T23:08:44.0692772Z   PG_SYNC_DSN: ***localhost:5432/awa
2025-08-23T23:08:44.0693259Z   PG_ASYNC_DSN: ***localhost:5432/awa
2025-08-23T23:08:44.0693689Z   DATABASE_URL: ***localhost:5432/awa
2025-08-23T23:08:44.0693942Z   DATA_DIR: /tmp/awa-data
2025-08-23T23:08:44.0694147Z   ENABLE_LIVE: 0
2025-08-23T23:08:44.0694330Z   TESTING: 1
2025-08-23T23:08:44.0694629Z   pythonLocation: /opt/hostedtoolcache/Python/3.12.11/x64
2025-08-23T23:08:44.0695297Z   PKG_CONFIG_PATH: /opt/hostedtoolcache/Python/3.12.11/x64/lib/pkgconfig
2025-08-23T23:08:44.0695721Z   Python_ROOT_DIR: /opt/hostedtoolcache/Python/3.12.11/x64
2025-08-23T23:08:44.0696085Z   Python2_ROOT_DIR: /opt/hostedtoolcache/Python/3.12.11/x64
2025-08-23T23:08:44.0696439Z   Python3_ROOT_DIR: /opt/hostedtoolcache/Python/3.12.11/x64
2025-08-23T23:08:44.0696799Z   LD_LIBRARY_PATH: /opt/hostedtoolcache/Python/3.12.11/x64/lib
2025-08-23T23:08:44.0697110Z ##[endgroup]
2025-08-23T23:09:16.3034316Z Success: no issues found in 99 source files
2025-08-23T23:09:16.3433206Z ##[group]Run pytest -q --cov=services --cov-report=xml
2025-08-23T23:09:16.3433854Z [36;1mpytest -q --cov=services --cov-report=xml[0m
2025-08-23T23:09:16.3483424Z shell: /usr/bin/bash -e {0}
2025-08-23T23:09:16.3483820Z env:
2025-08-23T23:09:16.3484153Z   REDIS_URL: redis://localhost:6379/0
2025-08-23T23:09:16.3484600Z   RATE_LIMIT_DEFAULT: 100/minute
2025-08-23T23:09:16.3484986Z   TRUST_X_FORWARDED: 1
2025-08-23T23:09:16.3485341Z   PG_USER: postgres
2025-08-23T23:09:16.3485674Z   PG_PASSWORD: pass
2025-08-23T23:09:16.3485956Z   PG_DATABASE: awa
2025-08-23T23:09:16.3486136Z   PG_HOST: localhost
2025-08-23T23:09:16.3486326Z   PG_PORT: 5432
2025-08-23T23:09:16.3486956Z   PG_SYNC_DSN: ***localhost:5432/awa
2025-08-23T23:09:16.3487673Z   PG_ASYNC_DSN: ***localhost:5432/awa
2025-08-23T23:09:16.3488350Z   DATABASE_URL: ***localhost:5432/awa
2025-08-23T23:09:16.3488762Z   DATA_DIR: /tmp/awa-data
2025-08-23T23:09:16.3489109Z   ENABLE_LIVE: 0
2025-08-23T23:09:16.3489412Z   TESTING: 1
2025-08-23T23:09:16.3489872Z   pythonLocation: /opt/hostedtoolcache/Python/3.12.11/x64
2025-08-23T23:09:16.3490559Z   PKG_CONFIG_PATH: /opt/hostedtoolcache/Python/3.12.11/x64/lib/pkgconfig
2025-08-23T23:09:16.3491230Z   Python_ROOT_DIR: /opt/hostedtoolcache/Python/3.12.11/x64
2025-08-23T23:09:16.3492093Z   Python2_ROOT_DIR: /opt/hostedtoolcache/Python/3.12.11/x64
2025-08-23T23:09:16.3492703Z   Python3_ROOT_DIR: /opt/hostedtoolcache/Python/3.12.11/x64
2025-08-23T23:09:16.3493180Z   LD_LIBRARY_PATH: /opt/hostedtoolcache/Python/3.12.11/x64/lib
2025-08-23T23:09:16.3493474Z ##[endgroup]
2025-08-23T23:09:48.5602067Z ........s.............................sssssss........................... [ 41%]
2025-08-23T23:10:20.5411260Z ........................................................................ [ 83%]
2025-08-23T23:10:21.9495642Z .............................                                            [100%]
2025-08-23T23:10:21.9497740Z =============================== warnings summary ===============================
2025-08-23T23:10:21.9498400Z Sentry is attempting to send 0 pending events
2025-08-23T23:10:21.9498819Z Waiting up to True seconds
2025-08-23T23:10:21.9499150Z Press Ctrl-C to quit
2025-08-23T23:10:21.9499744Z ../../../../../opt/hostedtoolcache/Python/3.12.11/x64/lib/python3.12/site-packages/pydantic/fields.py:1093
2025-08-23T23:10:21.9502765Z   /opt/hostedtoolcache/Python/3.12.11/x64/lib/python3.12/site-packages/pydantic/fields.py:1093: PydanticDeprecatedSince20: Using extra keyword arguments on `Field` is deprecated and will be removed. Use `json_schema_extra` instead. (Extra keys: 'strip_whitespace'). Deprecated in Pydantic V2.0 to be removed in V3.0. See Pydantic V2 Migration Guide at https://errors.pydantic.dev/2.11/migration/
2025-08-23T23:10:21.9505417Z     warn(
2025-08-23T23:10:21.9505586Z 
2025-08-23T23:10:21.9505758Z services/alert_bot/tests/test_smoke.py:5
2025-08-23T23:10:21.9507717Z   /home/runner/work/AWA-App/AWA-App/services/alert_bot/tests/test_smoke.py:5: UserWarning: pkg_resources is deprecated as an API. See https://setuptools.pypa.io/en/latest/pkg_resources.html. The pkg_resources package is slated for removal as early as 2025-11-30. Refrain from using this package or pin to Setuptools<81.
2025-08-23T23:10:21.9509641Z     import pkg_resources  # noqa: F401
2025-08-23T23:10:21.9509934Z 
2025-08-23T23:10:21.9510117Z tests/api/test_ingest_endpoints.py: 12 warnings
2025-08-23T23:10:21.9510611Z tests/ingest/test_tasks_eager.py: 3 warnings
2025-08-23T23:10:21.9511437Z tests/test_api_fast.py: 1 warning
2025-08-23T23:10:21.9512011Z tests/test_health.py: 5 warnings
2025-08-23T23:10:21.9512398Z tests/test_smoke.py: 5 warnings
2025-08-23T23:10:21.9512809Z services/api/tests/test_cors.py: 1 warning
2025-08-23T23:10:21.9513285Z services/api/tests/test_errors_json.py: 2 warnings
2025-08-23T23:10:21.9513788Z services/api/tests/test_health.py: 1 warning
2025-08-23T23:10:21.9514299Z services/api/tests/test_rate_limit.py: 122 warnings
2025-08-23T23:10:21.9515005Z services/api/tests/test_roi_basic_auth.py: 4 warnings
2025-08-23T23:10:21.9515574Z services/api/tests/test_sentry_event.py: 1 warning
2025-08-23T23:10:21.9516127Z services/api/tests/test_stats_contracts.py: 3 warnings
2025-08-23T23:10:21.9516773Z services/api/tests/test_stats_future_contracts.py: 3 warnings
2025-08-23T23:10:21.9519109Z   /opt/hostedtoolcache/Python/3.12.11/x64/lib/python3.12/site-packages/asgi_correlation_id/extensions/sentry.py:27: DeprecationWarning: sentry_sdk.configure_scope is deprecated and will be removed in the next major version. Please consult our migration guide to learn how to migrate to the new API: https://docs.sentry.io/platforms/python/migration/1.x-to-2.x#scope-configuring
2025-08-23T23:10:21.9521077Z     with configure_scope() as scope:
2025-08-23T23:10:21.9521328Z 
2025-08-23T23:10:21.9521497Z tests/api/test_ingest_endpoints.py: 3 warnings
2025-08-23T23:10:21.9522116Z tests/test_api_fast.py: 1 warning
2025-08-23T23:10:21.9522507Z tests/test_health.py: 5 warnings
2025-08-23T23:10:21.9522907Z tests/test_smoke.py: 5 warnings
2025-08-23T23:10:21.9523307Z services/api/tests/test_cors.py: 3 warnings
2025-08-23T23:10:21.9523783Z services/api/tests/test_errors_json.py: 2 warnings
2025-08-23T23:10:21.9524255Z services/api/tests/test_health.py: 1 warning
2025-08-23T23:10:21.9524766Z services/api/tests/test_rate_limit.py: 2 warnings
2025-08-23T23:10:21.9525293Z services/api/tests/test_sentry_event.py: 1 warning
2025-08-23T23:10:21.9525852Z services/api/tests/test_stats_contracts.py: 3 warnings
2025-08-23T23:10:21.9526453Z services/api/tests/test_stats_future_contracts.py: 1 warning
2025-08-23T23:10:21.9527900Z   /opt/hostedtoolcache/Python/3.12.11/x64/lib/python3.12/site-packages/fastapi_limiter/__init__.py:89: DeprecationWarning: Call to deprecated close. (Use aclose() instead) -- Deprecated since version 5.0.1.
2025-08-23T23:10:21.9529341Z     await cls.redis.close()
2025-08-23T23:10:21.9529598Z 
2025-08-23T23:10:21.9529827Z tests/test_api_fast.py::test_health_endpoint
2025-08-23T23:10:21.9531572Z   /home/runner/work/AWA-App/AWA-App/tests/test_api_fast.py:13: DeprecationWarning: datetime.datetime.utcnow() is deprecated and scheduled for removal in a future version. Use timezone-aware objects to represent datetimes in UTC: datetime.datetime.now(datetime.UTC).
2025-08-23T23:10:21.9533485Z     return datetime.datetime.utcnow()
2025-08-23T23:10:21.9533799Z 
2025-08-23T23:10:21.9533965Z tests/test_api_fast.py: 1 warning
2025-08-23T23:10:21.9534397Z tests/test_health.py: 5 warnings
2025-08-23T23:10:21.9534809Z tests/test_smoke.py: 5 warnings
2025-08-23T23:10:21.9535237Z services/api/tests/test_cors.py: 1 warning
2025-08-23T23:10:21.9535714Z services/api/tests/test_health.py: 1 warning
2025-08-23T23:10:21.9536246Z services/api/tests/test_rate_limit.py: 102 warnings
2025-08-23T23:10:21.9538034Z   /home/runner/work/AWA-App/AWA-App/services/api/routes/health.py:24: DeprecationWarning: datetime.datetime.utcnow() is deprecated and scheduled for removal in a future version. Use timezone-aware objects to represent datetimes in UTC: datetime.datetime.now(datetime.UTC).
2025-08-23T23:10:21.9539874Z     app_now = datetime.utcnow().replace(tzinfo=timezone.utc)
2025-08-23T23:10:21.9540272Z 
2025-08-23T23:10:21.9540445Z tests/test_health.py::test_health[0]
2025-08-23T23:10:21.9540895Z tests/test_health.py::test_health[1]
2025-08-23T23:10:21.9541341Z tests/test_health.py::test_health[2]
2025-08-23T23:10:21.9542104Z tests/test_health.py::test_health[3]
2025-08-23T23:10:21.9542872Z tests/test_health.py::test_health[4]
2025-08-23T23:10:21.9544539Z   /home/runner/work/AWA-App/AWA-App/tests/test_health.py:22: DeprecationWarning: datetime.datetime.utcnow() is deprecated and scheduled for removal in a future version. Use timezone-aware objects to represent datetimes in UTC: datetime.datetime.now(datetime.UTC).
2025-08-23T23:10:21.9546241Z     return datetime.datetime.utcnow()
2025-08-23T23:10:21.9546551Z 
2025-08-23T23:10:21.9546716Z tests/test_smoke.py::test_health[0]
2025-08-23T23:10:21.9547153Z tests/test_smoke.py::test_health[1]
2025-08-23T23:10:21.9547821Z tests/test_smoke.py::test_health[2]
2025-08-23T23:10:21.9548305Z tests/test_smoke.py::test_health[3]
2025-08-23T23:10:21.9548735Z tests/test_smoke.py::test_health[4]
2025-08-23T23:10:21.9550379Z   /home/runner/work/AWA-App/AWA-App/tests/test_smoke.py:32: DeprecationWarning: datetime.datetime.utcnow() is deprecated and scheduled for removal in a future version. Use timezone-aware objects to represent datetimes in UTC: datetime.datetime.now(datetime.UTC).
2025-08-23T23:10:21.9552281Z     return datetime.datetime.utcnow()
2025-08-23T23:10:21.9552595Z 
2025-08-23T23:10:21.9552890Z services/api/tests/test_cors.py::test_cors_simple_get_allowed
2025-08-23T23:10:21.9554757Z   /home/runner/work/AWA-App/AWA-App/services/api/tests/test_cors.py:27: DeprecationWarning: datetime.datetime.utcnow() is deprecated and scheduled for removal in a future version. Use timezone-aware objects to represent datetimes in UTC: datetime.datetime.now(datetime.UTC).
2025-08-23T23:10:21.9556512Z     return datetime.datetime.utcnow()
2025-08-23T23:10:21.9556832Z 
2025-08-23T23:10:21.9557070Z services/api/tests/test_health.py::test_health_route
2025-08-23T23:10:21.9558872Z   /home/runner/work/AWA-App/AWA-App/services/api/tests/test_health.py:14: DeprecationWarning: datetime.datetime.utcnow() is deprecated and scheduled for removal in a future version. Use timezone-aware objects to represent datetimes in UTC: datetime.datetime.now(datetime.UTC).
2025-08-23T23:10:21.9560634Z     return datetime.datetime.utcnow()
2025-08-23T23:10:21.9560941Z 
2025-08-23T23:10:21.9561155Z services/api/tests/test_rate_limit.py: 102 warnings
2025-08-23T23:10:21.9563127Z   /home/runner/work/AWA-App/AWA-App/services/api/tests/test_rate_limit.py:33: DeprecationWarning: datetime.datetime.utcnow() is deprecated and scheduled for removal in a future version. Use timezone-aware objects to represent datetimes in UTC: datetime.datetime.now(datetime.UTC).
2025-08-23T23:10:21.9564924Z     return datetime.datetime.utcnow()
2025-08-23T23:10:21.9565233Z 
2025-08-23T23:10:21.9565671Z services/api/tests/test_sentry_event.py::test_unhandled_exception_is_captured_and_tagged
2025-08-23T23:10:21.9568005Z   /home/runner/work/AWA-App/AWA-App/services/api/tests/test_sentry_event.py:47: SentryHubDeprecationWarning: `sentry_sdk.Hub` is deprecated and will be removed in a future major release. Please consult our 1.x to 2.x migration guide for details on how to migrate `Hub` usage to the new API: https://docs.sentry.io/platforms/python/migration/1.x-to-2.x
2025-08-23T23:10:21.9570060Z     hub = sentry_sdk.Hub.current
2025-08-23T23:10:21.9570346Z 
2025-08-23T23:10:21.9570671Z -- Docs: https://docs.pytest.org/en/stable/how-to/capture-warnings.html
2025-08-23T23:10:21.9571350Z ================================ tests coverage ================================
2025-08-23T23:10:21.9572204Z _______________ coverage: platform linux, python 3.12.11-final-0 _______________
2025-08-23T23:10:21.9572669Z 
2025-08-23T23:10:21.9572851Z Coverage XML written to file coverage.xml
2025-08-23T23:10:22.5592993Z ##[group]Run actions/upload-artifact@v4
2025-08-23T23:10:22.5593277Z with:
2025-08-23T23:10:22.5593440Z   name: coverage
2025-08-23T23:10:22.5593624Z   path: coverage.xml
2025-08-23T23:10:22.5593823Z   if-no-files-found: warn
2025-08-23T23:10:22.5594030Z   compression-level: 6
2025-08-23T23:10:22.5594223Z   overwrite: false
2025-08-23T23:10:22.5594410Z   include-hidden-files: false
2025-08-23T23:10:22.5594611Z env:
2025-08-23T23:10:22.5594989Z   REDIS_URL: redis://localhost:6379/0
2025-08-23T23:10:22.5595240Z   RATE_LIMIT_DEFAULT: 100/minute
2025-08-23T23:10:22.5595451Z   TRUST_X_FORWARDED: 1
2025-08-23T23:10:22.5595637Z   PG_USER: postgres
2025-08-23T23:10:22.5595821Z   PG_PASSWORD: pass
2025-08-23T23:10:22.5595995Z   PG_DATABASE: awa
2025-08-23T23:10:22.5596173Z   PG_HOST: localhost
2025-08-23T23:10:22.5596351Z   PG_PORT: 5432
2025-08-23T23:10:22.5596770Z   PG_SYNC_DSN: ***localhost:5432/awa
2025-08-23T23:10:22.5597163Z   PG_ASYNC_DSN: ***localhost:5432/awa
2025-08-23T23:10:22.5597576Z   DATABASE_URL: ***localhost:5432/awa
2025-08-23T23:10:22.5597812Z   DATA_DIR: /tmp/awa-data
2025-08-23T23:10:22.5598006Z   ENABLE_LIVE: 0
2025-08-23T23:10:22.5598178Z   TESTING: 1
2025-08-23T23:10:22.5598408Z   pythonLocation: /opt/hostedtoolcache/Python/3.12.11/x64
2025-08-23T23:10:22.5598798Z   PKG_CONFIG_PATH: /opt/hostedtoolcache/Python/3.12.11/x64/lib/pkgconfig
2025-08-23T23:10:22.5599183Z   Python_ROOT_DIR: /opt/hostedtoolcache/Python/3.12.11/x64
2025-08-23T23:10:22.5599533Z   Python2_ROOT_DIR: /opt/hostedtoolcache/Python/3.12.11/x64
2025-08-23T23:10:22.5599871Z   Python3_ROOT_DIR: /opt/hostedtoolcache/Python/3.12.11/x64
2025-08-23T23:10:22.5600207Z   LD_LIBRARY_PATH: /opt/hostedtoolcache/Python/3.12.11/x64/lib
2025-08-23T23:10:22.5600492Z ##[endgroup]
2025-08-23T23:10:22.7860167Z With the provided path, there will be 1 file uploaded
2025-08-23T23:10:22.7865616Z Artifact name is valid!
2025-08-23T23:10:22.7867004Z Root directory input is valid!
2025-08-23T23:10:23.1005796Z Beginning upload of artifact content to blob storage
2025-08-23T23:10:23.4362332Z Uploaded bytes 5529
2025-08-23T23:10:23.5255888Z Finished uploading artifact content to blob storage!
2025-08-23T23:10:23.5258239Z SHA256 digest of uploaded artifact zip is a56dce75e29f5095c178db261b5d6997e1e9b68f3b3999b289466a3d883f06cc
2025-08-23T23:10:23.5260250Z Finalizing artifact upload
2025-08-23T23:10:23.6715954Z Artifact coverage.zip successfully finalized. Artifact ID 3835921230
2025-08-23T23:10:23.6717039Z Artifact coverage has been successfully uploaded! Final size is 5529 bytes. Artifact ID is 3835921230
2025-08-23T23:10:23.6724502Z Artifact download URL: https://github.com/AlexBomber12/AWA-App/actions/runs/17181175450/artifacts/3835921230
2025-08-23T23:10:23.6841890Z Post job cleanup.
2025-08-23T23:10:23.8373967Z Cache hit occurred on the primary key setup-python-Linux-x64-24.04-Ubuntu-python-3.12.11-pip-cc13ccef493b9f3a93ad5651164d9fb09282c1111f6f72ce20e0657de16de6b4, not saving cache.
2025-08-23T23:10:23.8473804Z Post job cleanup.
2025-08-23T23:10:23.9283741Z [command]/usr/bin/git version
2025-08-23T23:10:23.9321256Z git version 2.51.0
2025-08-23T23:10:23.9360353Z Temporarily overriding HOME='/home/runner/work/_temp/dcc68bfc-6321-4a63-b65f-ccba7d4e06a0' before making global git config changes
2025-08-23T23:10:23.9361859Z Adding repository directory to the temporary git global config as a safe directory
2025-08-23T23:10:23.9366738Z [command]/usr/bin/git config --global --add safe.directory /home/runner/work/AWA-App/AWA-App
2025-08-23T23:10:23.9404132Z [command]/usr/bin/git config --local --name-only --get-regexp core\.sshCommand
2025-08-23T23:10:23.9437952Z [command]/usr/bin/git submodule foreach --recursive sh -c "git config --local --name-only --get-regexp 'core\.sshCommand' && git config --local --unset-all 'core.sshCommand' || :"
2025-08-23T23:10:23.9669250Z [command]/usr/bin/git config --local --name-only --get-regexp http\.https\:\/\/github\.com\/\.extraheader
2025-08-23T23:10:23.9692213Z http.https://github.com/.extraheader
2025-08-23T23:10:23.9702637Z [command]/usr/bin/git config --local --unset-all http.https://github.com/.extraheader
2025-08-23T23:10:23.9734061Z [command]/usr/bin/git submodule foreach --recursive sh -c "git config --local --name-only --get-regexp 'http\.https\:\/\/github\.com\/\.extraheader' && git config --local --unset-all 'http.https://github.com/.extraheader' || :"
2025-08-23T23:10:24.0050762Z Print service container logs: 9b0b17d08e554db98bb0739e3647975b_postgres15_7c8902
2025-08-23T23:10:24.0055662Z ##[command]/usr/bin/docker logs --details f9cc602537da6442ee7bd2b3d336c99d07bcb37509d12b8e3acd45c1bd885837
2025-08-23T23:10:24.0178511Z  The files belonging to this database system will be owned by user "postgres".
2025-08-23T23:10:24.0179310Z  This user must also own the server process.
2025-08-23T23:10:24.0179763Z  
2025-08-23T23:10:24.0180363Z  The database cluster will be initialized with locale "en_US.utf8".
2025-08-23T23:10:24.0181449Z  The default database encoding has accordingly been set to "UTF8".
2025-08-23T23:10:24.0182408Z  The default text search configuration will be set to "english".
2025-08-23T23:10:24.0198214Z  
2025-08-23T23:10:24.0198536Z  Data page checksums are disabled.
2025-08-23T23:10:24.0198936Z  
2025-08-23T23:10:24.0199457Z  fixing permissions on existing directory /var/lib/postgresql/data ... ok
2025-08-23T23:10:24.0200125Z  creating subdirectories ... ok
2025-08-23T23:10:24.0200517Z  selecting dynamic shared memory implementation ... posix
2025-08-23T23:10:24.0200889Z  selecting default max_connections ... 100
2025-08-23T23:10:24.0201175Z  selecting default shared_buffers ... 128MB
2025-08-23T23:10:24.0201455Z  selecting default time zone ... Etc/UTC
2025-08-23T23:10:24.0201946Z  creating configuration files ... ok
2025-08-23T23:10:24.0202216Z  running bootstrap script ... ok
2025-08-23T23:10:24.0202500Z  performing post-bootstrap initialization ... ok
2025-08-23T23:10:24.0202791Z  syncing data to disk ... ok
2025-08-23T23:10:24.0204125Z  initdb: warning: enabling "trust" authentication for local connections
2025-08-23T23:10:24.0204781Z  initdb: hint: You can change this by editing pg_hba.conf or using the option -A, or --auth-local and --auth-host, the next time you run initdb.
2025-08-23T23:10:24.0205617Z  2025-08-23 23:07:54.607 UTC [1] LOG:  starting PostgreSQL 15.14 (Debian 15.14-1.pgdg13+1) on x86_64-pc-linux-gnu, compiled by gcc (Debian 14.2.0-19) 14.2.0, 64-bit
2025-08-23T23:10:24.0206243Z  2025-08-23 23:07:54.608 UTC [1] LOG:  listening on IPv4 address "0.0.0.0", port 5432
2025-08-23T23:10:24.0206662Z  2025-08-23 23:07:54.608 UTC [1] LOG:  listening on IPv6 address "::", port 5432
2025-08-23T23:10:24.0207108Z  2025-08-23 23:07:54.609 UTC [1] LOG:  listening on Unix socket "/var/run/postgresql/.s.PGSQL.5432"
2025-08-23T23:10:24.0207626Z  2025-08-23 23:07:54.612 UTC [64] LOG:  database system was shut down at 2025-08-23 23:07:54 UTC
2025-08-23T23:10:24.0208083Z  2025-08-23 23:07:54.616 UTC [1] LOG:  database system is ready to accept connections
2025-08-23T23:10:24.0208408Z  
2025-08-23T23:10:24.0208561Z  
2025-08-23T23:10:24.0208774Z  Success. You can now start the database server using:
2025-08-23T23:10:24.0209053Z  
2025-08-23T23:10:24.0209268Z      pg_ctl -D /var/lib/postgresql/data -l logfile start
2025-08-23T23:10:24.0209551Z  
2025-08-23T23:10:24.0210103Z  waiting for server to start....2025-08-23 23:07:54.298 UTC [48] LOG:  starting PostgreSQL 15.14 (Debian 15.14-1.pgdg13+1) on x86_64-pc-linux-gnu, compiled by gcc (Debian 14.2.0-19) 14.2.0, 64-bit
2025-08-23T23:10:24.0210862Z  2025-08-23 23:07:54.299 UTC [48] LOG:  listening on Unix socket "/var/run/postgresql/.s.PGSQL.5432"
2025-08-23T23:10:24.0211359Z  2025-08-23 23:07:54.303 UTC [51] LOG:  database system was shut down at 2025-08-23 23:07:54 UTC
2025-08-23T23:10:24.0212019Z  2025-08-23 23:07:54.307 UTC [48] LOG:  database system is ready to accept connections
2025-08-23T23:10:24.0212346Z   done
2025-08-23T23:10:24.0212512Z  server started
2025-08-23T23:10:24.0212693Z  CREATE DATABASE
2025-08-23T23:10:24.0212870Z  
2025-08-23T23:10:24.0213020Z  
2025-08-23T23:10:24.0213322Z  /usr/local/bin/docker-entrypoint.sh: ignoring /docker-entrypoint-initdb.d/*
2025-08-23T23:10:24.0213687Z  
2025-08-23T23:10:24.0214001Z  waiting for server to shut down...2025-08-23 23:07:54.488 UTC [48] LOG:  received fast shutdown request
2025-08-23T23:10:24.0214780Z  .2025-08-23 23:07:54.489 UTC [48] LOG:  aborting any active transactions
2025-08-23T23:10:24.0215316Z  2025-08-23 23:07:54.490 UTC [48] LOG:  background worker "logical replication launcher" (PID 54) exited with exit code 1
2025-08-23T23:10:24.0215956Z  2025-08-23 23:07:54.490 UTC [49] LOG:  shutting down
2025-08-23T23:10:24.0216315Z  2025-08-23 23:07:54.491 UTC [49] LOG:  checkpoint starting: shutdown immediate
2025-08-23T23:10:24.0217151Z  2025-08-23 23:07:54.511 UTC [49] LOG:  checkpoint complete: wrote 922 buffers (5.6%); 0 WAL file(s) added, 0 removed, 0 recycled; write=0.014 s, sync=0.004 s, total=0.021 s; sync files=301, longest=0.002 s, average=0.001 s; distance=4239 kB, estimate=4239 kB
2025-08-23T23:10:24.0217959Z  2025-08-23 23:07:54.517 UTC [48] LOG:  database system is shut down
2025-08-23T23:10:24.0218254Z   done
2025-08-23T23:10:24.0218427Z  server stopped
2025-08-23T23:10:24.0218602Z  
2025-08-23T23:10:24.0218815Z  PostgreSQL init process complete; ready for start up.
2025-08-23T23:10:24.0219094Z  
2025-08-23T23:10:24.0224734Z Stop and remove container: 9b0b17d08e554db98bb0739e3647975b_postgres15_7c8902
2025-08-23T23:10:24.0229418Z ##[command]/usr/bin/docker rm --force f9cc602537da6442ee7bd2b3d336c99d07bcb37509d12b8e3acd45c1bd885837
2025-08-23T23:10:24.1402330Z f9cc602537da6442ee7bd2b3d336c99d07bcb37509d12b8e3acd45c1bd885837
2025-08-23T23:10:24.1422271Z Print service container logs: 66a030445fed4bc0bb880945cdb0b463_redis7alpine_e88111
2025-08-23T23:10:24.1423426Z ##[command]/usr/bin/docker logs --details 05a034b654a175770eab4bf135911d27afc57e9906a6778d88c333efc52836f0
2025-08-23T23:10:24.1544107Z  1:C 23 Aug 2025 23:07:56.735 # WARNING Memory overcommit must be enabled! Without it, a background save or replication may fail under low memory condition. Being disabled, it can also cause failures without low memory condition, see https://github.com/jemalloc/jemalloc/issues/1328. To fix this issue add 'vm.overcommit_memory = 1' to /etc/sysctl.conf and then reboot or run the command 'sysctl vm.overcommit_memory=1' for this to take effect.
2025-08-23T23:10:24.1546603Z  1:C 23 Aug 2025 23:07:56.735 * oO0OoO0OoO0Oo Redis is starting oO0OoO0OoO0Oo
2025-08-23T23:10:24.1547390Z  1:C 23 Aug 2025 23:07:56.735 * Redis version=7.4.5, bits=64, commit=00000000, modified=0, pid=1, just started
2025-08-23T23:10:24.1548545Z  1:C 23 Aug 2025 23:07:56.735 # Warning: no config file specified, using the default config. In order to specify a config file use redis-server /path/to/redis.conf
2025-08-23T23:10:24.1549562Z  1:M 23 Aug 2025 23:07:56.735 * monotonic clock: POSIX clock_gettime
2025-08-23T23:10:24.1550162Z  1:M 23 Aug 2025 23:07:56.736 * Running mode=standalone, port=6379.
2025-08-23T23:10:24.1550679Z  1:M 23 Aug 2025 23:07:56.736 * Server initialized
2025-08-23T23:10:24.1551203Z  1:M 23 Aug 2025 23:07:56.736 * Ready to accept connections tcp
2025-08-23T23:10:24.1561526Z Stop and remove container: 66a030445fed4bc0bb880945cdb0b463_redis7alpine_e88111
2025-08-23T23:10:24.1562534Z ##[command]/usr/bin/docker rm --force 05a034b654a175770eab4bf135911d27afc57e9906a6778d88c333efc52836f0
2025-08-23T23:10:24.2874204Z 05a034b654a175770eab4bf135911d27afc57e9906a6778d88c333efc52836f0
2025-08-23T23:10:24.2898028Z Remove container network: github_network_28581d45e8c541e596a77b3fc5012dea
2025-08-23T23:10:24.2902822Z ##[command]/usr/bin/docker network rm github_network_28581d45e8c541e596a77b3fc5012dea
2025-08-23T23:10:24.3979489Z github_network_28581d45e8c541e596a77b3fc5012dea
2025-08-23T23:10:24.4037628Z Cleaning up orphan processes
