2025-08-24T21:16:27.3239420Z Current runner version: '2.328.0'
2025-08-24T21:16:27.3262918Z ##[group]Runner Image Provisioner
2025-08-24T21:16:27.3263821Z Hosted Compute Agent
2025-08-24T21:16:27.3264357Z Version: 20250818.377
2025-08-24T21:16:27.3264970Z Commit: 3c593e9f75fe0b87e893bca80d6e12ba089c61fc
2025-08-24T21:16:27.3265734Z Build Date: 2025-08-18T14:52:18Z
2025-08-24T21:16:27.3266346Z ##[endgroup]
2025-08-24T21:16:27.3266881Z ##[group]Operating System
2025-08-24T21:16:27.3267395Z Ubuntu
2025-08-24T21:16:27.3267942Z 24.04.2
2025-08-24T21:16:27.3268364Z LTS
2025-08-24T21:16:27.3268831Z ##[endgroup]
2025-08-24T21:16:27.3269339Z ##[group]Runner Image
2025-08-24T21:16:27.3269878Z Image: ubuntu-24.04
2025-08-24T21:16:27.3270363Z Version: 20250818.1.0
2025-08-24T21:16:27.3271556Z Included Software: https://github.com/actions/runner-images/blob/ubuntu24/20250818.1/images/ubuntu/Ubuntu2404-Readme.md
2025-08-24T21:16:27.3273101Z Image Release: https://github.com/actions/runner-images/releases/tag/ubuntu24%2F20250818.1
2025-08-24T21:16:27.3274154Z ##[endgroup]
2025-08-24T21:16:27.3276527Z ##[group]GITHUB_TOKEN Permissions
2025-08-24T21:16:27.3278788Z Actions: write
2025-08-24T21:16:27.3279300Z Attestations: write
2025-08-24T21:16:27.3279807Z Checks: write
2025-08-24T21:16:27.3280355Z Contents: write
2025-08-24T21:16:27.3281016Z Deployments: write
2025-08-24T21:16:27.3281681Z Discussions: write
2025-08-24T21:16:27.3282450Z Issues: write
2025-08-24T21:16:27.3282952Z Metadata: read
2025-08-24T21:16:27.3283403Z Models: read
2025-08-24T21:16:27.3283945Z Packages: write
2025-08-24T21:16:27.3284442Z Pages: write
2025-08-24T21:16:27.3285032Z PullRequests: write
2025-08-24T21:16:27.3285650Z RepositoryProjects: write
2025-08-24T21:16:27.3286326Z SecurityEvents: write
2025-08-24T21:16:27.3286981Z Statuses: write
2025-08-24T21:16:27.3287441Z ##[endgroup]
2025-08-24T21:16:27.3289649Z Secret source: Actions
2025-08-24T21:16:27.3290638Z Prepare workflow directory
2025-08-24T21:16:27.3734092Z Prepare all required actions
2025-08-24T21:16:27.3771898Z Getting action download info
2025-08-24T21:16:27.6930725Z Download action repository 'actions/checkout@v5' (SHA:08c6903cd8c0fde910a37f88322edcfb5dd907a8)
2025-08-24T21:16:27.7714057Z Download action repository 'actions/setup-python@v5' (SHA:a26af69be951a213d495a4c3e4e4022e16d87065)
2025-08-24T21:16:27.8993192Z Download action repository 'actions/upload-artifact@v4' (SHA:ea165f8d65b6e75b540449e92b4886f43607fa02)
2025-08-24T21:16:28.0882360Z Complete job name: unit
2025-08-24T21:16:28.1376934Z ##[group]Checking docker version
2025-08-24T21:16:28.1390208Z ##[command]/usr/bin/docker version --format '{{.Server.APIVersion}}'
2025-08-24T21:16:28.1856825Z '1.48'
2025-08-24T21:16:28.1869261Z Docker daemon API version: '1.48'
2025-08-24T21:16:28.1870007Z ##[command]/usr/bin/docker version --format '{{.Client.APIVersion}}'
2025-08-24T21:16:28.2027942Z '1.48'
2025-08-24T21:16:28.2040655Z Docker client API version: '1.48'
2025-08-24T21:16:28.2045950Z ##[endgroup]
2025-08-24T21:16:28.2049366Z ##[group]Clean up resources from previous jobs
2025-08-24T21:16:28.2055132Z ##[command]/usr/bin/docker ps --all --quiet --no-trunc --filter "label=480e77"
2025-08-24T21:16:28.2184897Z ##[command]/usr/bin/docker network prune --force --filter "label=480e77"
2025-08-24T21:16:28.2305653Z ##[endgroup]
2025-08-24T21:16:28.2306138Z ##[group]Create local container network
2025-08-24T21:16:28.2316225Z ##[command]/usr/bin/docker network create --label 480e77 github_network_1b1cd1d832894d3880de534167feb825
2025-08-24T21:16:28.2821929Z 9f79baf42d25d12d0952cbcd4e0df14430d1cbca45c0d0a6cd6f894bfb0fa717
2025-08-24T21:16:28.2840303Z ##[endgroup]
2025-08-24T21:16:28.2864392Z ##[group]Starting postgres service container
2025-08-24T21:16:28.2884301Z ##[command]/usr/bin/docker pull postgres:15
2025-08-24T21:16:28.7114341Z 15: Pulling from library/postgres
2025-08-24T21:16:28.8097569Z 396b1da7636e: Pulling fs layer
2025-08-24T21:16:28.8103340Z fca2566eba32: Pulling fs layer
2025-08-24T21:16:28.8104236Z 631fe8c6d606: Pulling fs layer
2025-08-24T21:16:28.8104766Z 77c7671c4414: Pulling fs layer
2025-08-24T21:16:28.8105698Z 2d9e29180a27: Pulling fs layer
2025-08-24T21:16:28.8106221Z c6bcc2c9a041: Pulling fs layer
2025-08-24T21:16:28.8106743Z ac4b721eb66f: Pulling fs layer
2025-08-24T21:16:28.8107249Z 606bd164980e: Pulling fs layer
2025-08-24T21:16:28.8107741Z f5dfd246bc6e: Pulling fs layer
2025-08-24T21:16:28.8108229Z ba7036bb0a60: Pulling fs layer
2025-08-24T21:16:28.8108723Z 799f859abbbd: Pulling fs layer
2025-08-24T21:16:28.8109219Z d903e777080c: Pulling fs layer
2025-08-24T21:16:28.8109710Z 04adcb462801: Pulling fs layer
2025-08-24T21:16:28.8110215Z 5c10925b29ff: Pulling fs layer
2025-08-24T21:16:28.8110711Z 606bd164980e: Waiting
2025-08-24T21:16:28.8111628Z c6bcc2c9a041: Waiting
2025-08-24T21:16:28.8112135Z f5dfd246bc6e: Waiting
2025-08-24T21:16:28.8112658Z ac4b721eb66f: Waiting
2025-08-24T21:16:28.8113094Z ba7036bb0a60: Waiting
2025-08-24T21:16:28.8113512Z 799f859abbbd: Waiting
2025-08-24T21:16:28.8113977Z d903e777080c: Waiting
2025-08-24T21:16:28.8114398Z 04adcb462801: Waiting
2025-08-24T21:16:28.8114822Z 5c10925b29ff: Waiting
2025-08-24T21:16:28.8115236Z 77c7671c4414: Waiting
2025-08-24T21:16:28.8115641Z 2d9e29180a27: Waiting
2025-08-24T21:16:28.9337321Z fca2566eba32: Verifying Checksum
2025-08-24T21:16:28.9338649Z fca2566eba32: Download complete
2025-08-24T21:16:29.0691347Z 77c7671c4414: Verifying Checksum
2025-08-24T21:16:29.0692621Z 77c7671c4414: Download complete
2025-08-24T21:16:29.2554282Z 2d9e29180a27: Verifying Checksum
2025-08-24T21:16:29.3924462Z 2d9e29180a27: Download complete
2025-08-24T21:16:29.3925664Z c6bcc2c9a041: Download complete
2025-08-24T21:16:29.5075739Z ac4b721eb66f: Download complete
2025-08-24T21:16:29.6315007Z 606bd164980e: Download complete
2025-08-24T21:16:30.1553137Z 631fe8c6d606: Verifying Checksum
2025-08-24T21:16:30.1554288Z 631fe8c6d606: Download complete
2025-08-24T21:16:30.3585199Z ba7036bb0a60: Verifying Checksum
2025-08-24T21:16:30.3585800Z ba7036bb0a60: Download complete
2025-08-24T21:16:30.4755912Z 799f859abbbd: Verifying Checksum
2025-08-24T21:16:30.4756571Z 799f859abbbd: Download complete
2025-08-24T21:16:30.5948762Z d903e777080c: Download complete
2025-08-24T21:16:30.6963597Z 04adcb462801: Verifying Checksum
2025-08-24T21:16:30.6964217Z 04adcb462801: Download complete
2025-08-24T21:16:30.8148361Z 5c10925b29ff: Verifying Checksum
2025-08-24T21:16:30.8148892Z 5c10925b29ff: Download complete
2025-08-24T21:16:31.2809519Z 396b1da7636e: Verifying Checksum
2025-08-24T21:16:31.2813290Z 396b1da7636e: Download complete
2025-08-24T21:16:31.7974275Z f5dfd246bc6e: Verifying Checksum
2025-08-24T21:16:31.7974806Z f5dfd246bc6e: Download complete
2025-08-24T21:16:32.2152156Z 396b1da7636e: Pull complete
2025-08-24T21:16:32.4805892Z fca2566eba32: Pull complete
2025-08-24T21:16:32.6496349Z 631fe8c6d606: Pull complete
2025-08-24T21:16:32.7021189Z 77c7671c4414: Pull complete
2025-08-24T21:16:32.9969764Z 2d9e29180a27: Pull complete
2025-08-24T21:16:33.0797947Z c6bcc2c9a041: Pull complete
2025-08-24T21:16:33.0904094Z ac4b721eb66f: Pull complete
2025-08-24T21:16:33.1013725Z 606bd164980e: Pull complete
2025-08-24T21:16:35.9902894Z f5dfd246bc6e: Pull complete
2025-08-24T21:16:36.0208464Z ba7036bb0a60: Pull complete
2025-08-24T21:16:36.0319175Z 799f859abbbd: Pull complete
2025-08-24T21:16:36.0443739Z d903e777080c: Pull complete
2025-08-24T21:16:36.0559956Z 04adcb462801: Pull complete
2025-08-24T21:16:36.0679943Z 5c10925b29ff: Pull complete
2025-08-24T21:16:36.0725247Z Digest: sha256:bc51cf4f1fe02cce7ed2370b20128a9b00b4eb804573a77d2a0d877aaa9c82b1
2025-08-24T21:16:36.0737519Z Status: Downloaded newer image for postgres:15
2025-08-24T21:16:36.0748225Z docker.io/library/postgres:15
2025-08-24T21:16:36.0811787Z ##[command]/usr/bin/docker create --name a559ffae9ccd403da06eb69a449d73dd_postgres15_3320fc --label 480e77 --network github_network_1b1cd1d832894d3880de534167feb825 --network-alias postgres -p 5432:5432 --health-cmd="pg_isready -U postgres -d awa" --health-interval=5s --health-timeout=5s --health-retries=10 -e "POSTGRES_USER=postgres" -e "POSTGRES_PASSWORD=pass" -e "POSTGRES_DB=awa" -e GITHUB_ACTIONS=true -e CI=true postgres:15
2025-08-24T21:16:36.1061808Z 9ba464fb09ca81fde5595137f02e8509ac10134f1518db166e30e724515e16c0
2025-08-24T21:16:36.1086026Z ##[command]/usr/bin/docker start 9ba464fb09ca81fde5595137f02e8509ac10134f1518db166e30e724515e16c0
2025-08-24T21:16:36.3778000Z 9ba464fb09ca81fde5595137f02e8509ac10134f1518db166e30e724515e16c0
2025-08-24T21:16:36.3799943Z ##[command]/usr/bin/docker ps --all --filter id=9ba464fb09ca81fde5595137f02e8509ac10134f1518db166e30e724515e16c0 --filter status=running --no-trunc --format "{{.ID}} {{.Status}}"
2025-08-24T21:16:36.3933102Z 9ba464fb09ca81fde5595137f02e8509ac10134f1518db166e30e724515e16c0 Up Less than a second (health: starting)
2025-08-24T21:16:36.3952522Z ##[command]/usr/bin/docker port 9ba464fb09ca81fde5595137f02e8509ac10134f1518db166e30e724515e16c0
2025-08-24T21:16:36.4077943Z 5432/tcp -> 0.0.0.0:5432
2025-08-24T21:16:36.4078623Z 5432/tcp -> [::]:5432
2025-08-24T21:16:36.4124711Z ##[endgroup]
2025-08-24T21:16:36.4125611Z ##[group]Starting redis service container
2025-08-24T21:16:36.4126781Z ##[command]/usr/bin/docker pull redis:7-alpine
2025-08-24T21:16:36.7839582Z 7-alpine: Pulling from library/redis
2025-08-24T21:16:36.8866313Z 0368fd46e3c6: Pulling fs layer
2025-08-24T21:16:36.8866993Z 4c55286bbede: Pulling fs layer
2025-08-24T21:16:36.8867372Z 5e28347af205: Pulling fs layer
2025-08-24T21:16:36.8867740Z 311eca34042e: Pulling fs layer
2025-08-24T21:16:36.8868160Z e6fe6f07e192: Pulling fs layer
2025-08-24T21:16:36.8868365Z a2cadbfeca72: Pulling fs layer
2025-08-24T21:16:36.8868625Z 4f4fb700ef54: Pulling fs layer
2025-08-24T21:16:36.8868919Z a976ed7e7808: Pulling fs layer
2025-08-24T21:16:36.8869114Z e6fe6f07e192: Waiting
2025-08-24T21:16:36.8869295Z a2cadbfeca72: Waiting
2025-08-24T21:16:36.8869512Z 4f4fb700ef54: Waiting
2025-08-24T21:16:36.8869778Z a976ed7e7808: Waiting
2025-08-24T21:16:36.8870015Z 311eca34042e: Waiting
2025-08-24T21:16:37.0041894Z 5e28347af205: Verifying Checksum
2025-08-24T21:16:37.0042766Z 5e28347af205: Download complete
2025-08-24T21:16:37.0696296Z 0368fd46e3c6: Verifying Checksum
2025-08-24T21:16:37.0698052Z 0368fd46e3c6: Download complete
2025-08-24T21:16:37.0748655Z 4c55286bbede: Verifying Checksum
2025-08-24T21:16:37.0749080Z 4c55286bbede: Download complete
2025-08-24T21:16:37.1810414Z 0368fd46e3c6: Pull complete
2025-08-24T21:16:37.1942506Z a2cadbfeca72: Verifying Checksum
2025-08-24T21:16:37.1943551Z a2cadbfeca72: Download complete
2025-08-24T21:16:37.2029207Z 4c55286bbede: Pull complete
2025-08-24T21:16:37.2952116Z 311eca34042e: Verifying Checksum
2025-08-24T21:16:37.3127853Z 311eca34042e: Download complete
2025-08-24T21:16:37.3128301Z 4f4fb700ef54: Verifying Checksum
2025-08-24T21:16:37.3274352Z 4f4fb700ef54: Download complete
2025-08-24T21:16:37.3274849Z e6fe6f07e192: Verifying Checksum
2025-08-24T21:16:37.3275123Z e6fe6f07e192: Download complete
2025-08-24T21:16:37.3694740Z 5e28347af205: Pull complete
2025-08-24T21:16:37.3967003Z 311eca34042e: Pull complete
2025-08-24T21:16:37.4034970Z a976ed7e7808: Verifying Checksum
2025-08-24T21:16:37.4035397Z a976ed7e7808: Download complete
2025-08-24T21:16:37.5768875Z e6fe6f07e192: Pull complete
2025-08-24T21:16:37.5854997Z a2cadbfeca72: Pull complete
2025-08-24T21:16:37.5954304Z 4f4fb700ef54: Pull complete
2025-08-24T21:16:37.6054248Z a976ed7e7808: Pull complete
2025-08-24T21:16:37.6094401Z Digest: sha256:bb186d083732f669da90be8b0f975a37812b15e913465bb14d845db72a4e3e08
2025-08-24T21:16:37.6106277Z Status: Downloaded newer image for redis:7-alpine
2025-08-24T21:16:37.6115341Z docker.io/library/redis:7-alpine
2025-08-24T21:16:37.6132119Z ##[command]/usr/bin/docker create --name d8ff01a01a6c40fe96f75d53f649ff3a_redis7alpine_f7faab --label 480e77 --network github_network_1b1cd1d832894d3880de534167feb825 --network-alias redis -p 6379:6379  -e GITHUB_ACTIONS=true -e CI=true redis:7-alpine
2025-08-24T21:16:37.6378844Z b41d61cd2e2698b1d90b4e2ad5445c055d344b65ff61e349db76bcb2735351c4
2025-08-24T21:16:37.6392692Z ##[command]/usr/bin/docker start b41d61cd2e2698b1d90b4e2ad5445c055d344b65ff61e349db76bcb2735351c4
2025-08-24T21:16:37.7732661Z b41d61cd2e2698b1d90b4e2ad5445c055d344b65ff61e349db76bcb2735351c4
2025-08-24T21:16:37.7748264Z ##[command]/usr/bin/docker ps --all --filter id=b41d61cd2e2698b1d90b4e2ad5445c055d344b65ff61e349db76bcb2735351c4 --filter status=running --no-trunc --format "{{.ID}} {{.Status}}"
2025-08-24T21:16:37.7866589Z b41d61cd2e2698b1d90b4e2ad5445c055d344b65ff61e349db76bcb2735351c4 Up Less than a second
2025-08-24T21:16:37.7881371Z ##[command]/usr/bin/docker port b41d61cd2e2698b1d90b4e2ad5445c055d344b65ff61e349db76bcb2735351c4
2025-08-24T21:16:37.7992655Z 6379/tcp -> 0.0.0.0:6379
2025-08-24T21:16:37.7993205Z 6379/tcp -> [::]:6379
2025-08-24T21:16:37.8007003Z ##[endgroup]
2025-08-24T21:16:37.8016571Z ##[group]Waiting for all services to be ready
2025-08-24T21:16:37.8029572Z ##[command]/usr/bin/docker inspect --format="{{if .Config.Healthcheck}}{{print .State.Health.Status}}{{end}}" 9ba464fb09ca81fde5595137f02e8509ac10134f1518db166e30e724515e16c0
2025-08-24T21:16:37.8139204Z starting
2025-08-24T21:16:37.8160107Z postgres service is starting, waiting 2 seconds before checking again.
2025-08-24T21:16:39.8156217Z ##[command]/usr/bin/docker inspect --format="{{if .Config.Healthcheck}}{{print .State.Health.Status}}{{end}}" 9ba464fb09ca81fde5595137f02e8509ac10134f1518db166e30e724515e16c0
2025-08-24T21:16:39.8279465Z starting
2025-08-24T21:16:39.8353786Z postgres service is starting, waiting 4 seconds before checking again.
2025-08-24T21:16:44.0179383Z ##[command]/usr/bin/docker inspect --format="{{if .Config.Healthcheck}}{{print .State.Health.Status}}{{end}}" 9ba464fb09ca81fde5595137f02e8509ac10134f1518db166e30e724515e16c0
2025-08-24T21:16:44.0297388Z healthy
2025-08-24T21:16:44.0313458Z postgres service is healthy.
2025-08-24T21:16:44.0314228Z ##[command]/usr/bin/docker inspect --format="{{if .Config.Healthcheck}}{{print .State.Health.Status}}{{end}}" b41d61cd2e2698b1d90b4e2ad5445c055d344b65ff61e349db76bcb2735351c4
2025-08-24T21:16:44.0440606Z redis service is healthy.
2025-08-24T21:16:44.0441376Z ##[endgroup]
2025-08-24T21:16:44.0680559Z ##[group]Run actions/checkout@v5
2025-08-24T21:16:44.0681284Z with:
2025-08-24T21:16:44.0681475Z   repository: AlexBomber12/AWA-App
2025-08-24T21:16:44.0681856Z   token: ***
2025-08-24T21:16:44.0682032Z   ssh-strict: true
2025-08-24T21:16:44.0682203Z   ssh-user: git
2025-08-24T21:16:44.0682389Z   persist-credentials: true
2025-08-24T21:16:44.0682592Z   clean: true
2025-08-24T21:16:44.0682778Z   sparse-checkout-cone-mode: true
2025-08-24T21:16:44.0683003Z   fetch-depth: 1
2025-08-24T21:16:44.0683183Z   fetch-tags: false
2025-08-24T21:16:44.0683362Z   show-progress: true
2025-08-24T21:16:44.0683542Z   lfs: false
2025-08-24T21:16:44.0683694Z   submodules: false
2025-08-24T21:16:44.0683874Z   set-safe-directory: true
2025-08-24T21:16:44.0684255Z env:
2025-08-24T21:16:44.0684458Z   REDIS_URL: redis://localhost:6379/0
2025-08-24T21:16:44.0684717Z   RATE_LIMIT_DEFAULT: 100/minute
2025-08-24T21:16:44.0684918Z   TRUST_X_FORWARDED: 1
2025-08-24T21:16:44.0685113Z ##[endgroup]
2025-08-24T21:16:44.1576446Z Syncing repository: AlexBomber12/AWA-App
2025-08-24T21:16:44.1577837Z ##[group]Getting Git version info
2025-08-24T21:16:44.1578322Z Working directory is '/home/runner/work/AWA-App/AWA-App'
2025-08-24T21:16:44.1578828Z [command]/usr/bin/git version
2025-08-24T21:16:44.1613066Z git version 2.51.0
2025-08-24T21:16:44.1633573Z ##[endgroup]
2025-08-24T21:16:44.1646775Z Temporarily overriding HOME='/home/runner/work/_temp/932feecc-b5d7-4de9-866c-add4e6fc9a6b' before making global git config changes
2025-08-24T21:16:44.1647674Z Adding repository directory to the temporary git global config as a safe directory
2025-08-24T21:16:44.1651349Z [command]/usr/bin/git config --global --add safe.directory /home/runner/work/AWA-App/AWA-App
2025-08-24T21:16:44.1684339Z Deleting the contents of '/home/runner/work/AWA-App/AWA-App'
2025-08-24T21:16:44.1687460Z ##[group]Initializing the repository
2025-08-24T21:16:44.1691722Z [command]/usr/bin/git init /home/runner/work/AWA-App/AWA-App
2025-08-24T21:16:44.1765497Z hint: Using 'master' as the name for the initial branch. This default branch name
2025-08-24T21:16:44.1766381Z hint: is subject to change. To configure the initial branch name to use in all
2025-08-24T21:16:44.1767165Z hint: of your new repositories, which will suppress this warning, call:
2025-08-24T21:16:44.1767730Z hint:
2025-08-24T21:16:44.1768157Z hint: 	git config --global init.defaultBranch <name>
2025-08-24T21:16:44.1768623Z hint:
2025-08-24T21:16:44.1769052Z hint: Names commonly chosen instead of 'master' are 'main', 'trunk' and
2025-08-24T21:16:44.1769797Z hint: 'development'. The just-created branch can be renamed via this command:
2025-08-24T21:16:44.1770199Z hint:
2025-08-24T21:16:44.1770493Z hint: 	git branch -m <name>
2025-08-24T21:16:44.1771025Z hint:
2025-08-24T21:16:44.1771458Z hint: Disable this message with "git config set advice.defaultBranchName false"
2025-08-24T21:16:44.1771953Z Initialized empty Git repository in /home/runner/work/AWA-App/AWA-App/.git/
2025-08-24T21:16:44.1778713Z [command]/usr/bin/git remote add origin https://github.com/AlexBomber12/AWA-App
2025-08-24T21:16:44.1819762Z ##[endgroup]
2025-08-24T21:16:44.1820205Z ##[group]Disabling automatic garbage collection
2025-08-24T21:16:44.1823799Z [command]/usr/bin/git config --local gc.auto 0
2025-08-24T21:16:44.1849373Z ##[endgroup]
2025-08-24T21:16:44.1849798Z ##[group]Setting up auth
2025-08-24T21:16:44.1856194Z [command]/usr/bin/git config --local --name-only --get-regexp core\.sshCommand
2025-08-24T21:16:44.1885153Z [command]/usr/bin/git submodule foreach --recursive sh -c "git config --local --name-only --get-regexp 'core\.sshCommand' && git config --local --unset-all 'core.sshCommand' || :"
2025-08-24T21:16:44.2175571Z [command]/usr/bin/git config --local --name-only --get-regexp http\.https\:\/\/github\.com\/\.extraheader
2025-08-24T21:16:44.2205706Z [command]/usr/bin/git submodule foreach --recursive sh -c "git config --local --name-only --get-regexp 'http\.https\:\/\/github\.com\/\.extraheader' && git config --local --unset-all 'http.https://github.com/.extraheader' || :"
2025-08-24T21:16:44.2420173Z [command]/usr/bin/git config --local http.https://github.com/.extraheader AUTHORIZATION: basic ***
2025-08-24T21:16:44.2452899Z ##[endgroup]
2025-08-24T21:16:44.2453259Z ##[group]Fetching the repository
2025-08-24T21:16:44.2461934Z [command]/usr/bin/git -c protocol.version=2 fetch --no-tags --prune --no-recurse-submodules --depth=1 origin +335b261bb97e98cf4540e4bc4b89608c0cc1bea7:refs/remotes/pull/360/merge
2025-08-24T21:16:44.5287193Z From https://github.com/AlexBomber12/AWA-App
2025-08-24T21:16:44.5287817Z  * [new ref]         335b261bb97e98cf4540e4bc4b89608c0cc1bea7 -> pull/360/merge
2025-08-24T21:16:44.5316064Z ##[endgroup]
2025-08-24T21:16:44.5316584Z ##[group]Determining the checkout info
2025-08-24T21:16:44.5318776Z ##[endgroup]
2025-08-24T21:16:44.5324002Z [command]/usr/bin/git sparse-checkout disable
2025-08-24T21:16:44.5361354Z [command]/usr/bin/git config --local --unset-all extensions.worktreeConfig
2025-08-24T21:16:44.5386255Z ##[group]Checking out the ref
2025-08-24T21:16:44.5389993Z [command]/usr/bin/git checkout --progress --force refs/remotes/pull/360/merge
2025-08-24T21:16:44.5681310Z Note: switching to 'refs/remotes/pull/360/merge'.
2025-08-24T21:16:44.5681729Z 
2025-08-24T21:16:44.5682081Z You are in 'detached HEAD' state. You can look around, make experimental
2025-08-24T21:16:44.5682835Z changes and commit them, and you can discard any commits you make in this
2025-08-24T21:16:44.5683577Z state without impacting any branches by switching back to a branch.
2025-08-24T21:16:44.5683999Z 
2025-08-24T21:16:44.5684280Z If you want to create a new branch to retain commits you create, you may
2025-08-24T21:16:44.5684951Z do so (now or later) by using -c with the switch command. Example:
2025-08-24T21:16:44.5685325Z 
2025-08-24T21:16:44.5685487Z   git switch -c <new-branch-name>
2025-08-24T21:16:44.5685746Z 
2025-08-24T21:16:44.5685893Z Or undo this operation with:
2025-08-24T21:16:44.5686399Z 
2025-08-24T21:16:44.5686547Z   git switch -
2025-08-24T21:16:44.5686750Z 
2025-08-24T21:16:44.5686980Z Turn off this advice by setting config variable advice.detachedHead to false
2025-08-24T21:16:44.5687266Z 
2025-08-24T21:16:44.5687589Z HEAD is now at 335b261 Merge 52476a92a76829af1d670226b555d7b1ea7c56b7 into dfca26bf636c1c66afdcb41e7ce08d93c6ae02db
2025-08-24T21:16:44.5691579Z ##[endgroup]
2025-08-24T21:16:44.5727928Z [command]/usr/bin/git log -1 --format=%H
2025-08-24T21:16:44.5749812Z 335b261bb97e98cf4540e4bc4b89608c0cc1bea7
2025-08-24T21:16:44.5927873Z ##[group]Run cat .env.ci >> "$GITHUB_ENV"
2025-08-24T21:16:44.5928215Z [36;1mcat .env.ci >> "$GITHUB_ENV"[0m
2025-08-24T21:16:44.5928899Z [36;1mecho "DATABASE_URL=***localhost:5432/awa" >> "$GITHUB_ENV"[0m
2025-08-24T21:16:44.5929250Z [36;1mecho "PG_HOST=localhost" >> "$GITHUB_ENV"[0m
2025-08-24T21:16:44.5929530Z [36;1mecho "PG_PORT=5432" >> "$GITHUB_ENV"[0m
2025-08-24T21:16:44.5929813Z [36;1mecho "PG_USER=postgres" >> "$GITHUB_ENV"[0m
2025-08-24T21:16:44.5930121Z [36;1mecho "PG_PASSWORD=pass" >> "$GITHUB_ENV"[0m
2025-08-24T21:16:44.5930401Z [36;1mecho "PG_DATABASE=awa" >> "$GITHUB_ENV"[0m
2025-08-24T21:16:44.5974706Z shell: /usr/bin/bash -e {0}
2025-08-24T21:16:44.5974931Z env:
2025-08-24T21:16:44.5975131Z   REDIS_URL: redis://localhost:6379/0
2025-08-24T21:16:44.5975377Z   RATE_LIMIT_DEFAULT: 100/minute
2025-08-24T21:16:44.5975587Z   TRUST_X_FORWARDED: 1
2025-08-24T21:16:44.5975771Z ##[endgroup]
2025-08-24T21:16:44.6154878Z ##[group]Run actions/setup-python@v5
2025-08-24T21:16:44.6155159Z with:
2025-08-24T21:16:44.6155331Z   python-version: 3.12
2025-08-24T21:16:44.6155523Z   cache: pip
2025-08-24T21:16:44.6155732Z   cache-dependency-path: requirements-dev.txt
2025-08-24T21:16:44.6155999Z   check-latest: false
2025-08-24T21:16:44.6156307Z   token: ***
2025-08-24T21:16:44.6156483Z   update-environment: true
2025-08-24T21:16:44.6156695Z   allow-prereleases: false
2025-08-24T21:16:44.6156883Z   freethreaded: false
2025-08-24T21:16:44.6157068Z env:
2025-08-24T21:16:44.6157242Z   REDIS_URL: redis://localhost:6379/0
2025-08-24T21:16:44.6157486Z   RATE_LIMIT_DEFAULT: 100/minute
2025-08-24T21:16:44.6157695Z   TRUST_X_FORWARDED: 1
2025-08-24T21:16:44.6157873Z   PG_USER: postgres
2025-08-24T21:16:44.6158049Z   PG_PASSWORD: pass
2025-08-24T21:16:44.6158213Z   PG_DATABASE: awa
2025-08-24T21:16:44.6158381Z   PG_HOST: localhost
2025-08-24T21:16:44.6158547Z   PG_PORT: 5432
2025-08-24T21:16:44.6158955Z   PG_SYNC_DSN: ***localhost:5432/awa
2025-08-24T21:16:44.6159323Z   PG_ASYNC_DSN: ***localhost:5432/awa
2025-08-24T21:16:44.6159681Z   DATABASE_URL: ***localhost:5432/awa
2025-08-24T21:16:44.6159896Z   DATA_DIR: /tmp/awa-data
2025-08-24T21:16:44.6160075Z   ENABLE_LIVE: 0
2025-08-24T21:16:44.6160238Z   TESTING: 1
2025-08-24T21:16:44.6160389Z ##[endgroup]
2025-08-24T21:16:44.7809315Z ##[group]Installed versions
2025-08-24T21:16:44.7921546Z Successfully set up CPython (3.12.11)
2025-08-24T21:16:44.7922774Z ##[endgroup]
2025-08-24T21:16:44.8836696Z [command]/opt/hostedtoolcache/Python/3.12.11/x64/bin/pip cache dir
2025-08-24T21:16:46.4093507Z /home/runner/.cache/pip
2025-08-24T21:16:46.5827445Z Cache hit for: setup-python-Linux-x64-24.04-Ubuntu-python-3.12.11-pip-cc13ccef493b9f3a93ad5651164d9fb09282c1111f6f72ce20e0657de16de6b4
2025-08-24T21:16:47.7284129Z Received 117440512 of 376053341 (31.2%), 111.9 MBs/sec
2025-08-24T21:16:48.7310634Z Received 268435456 of 376053341 (71.4%), 127.8 MBs/sec
2025-08-24T21:16:49.2850609Z Received 376053341 of 376053341 (100.0%), 140.3 MBs/sec
2025-08-24T21:16:49.2852848Z Cache Size: ~359 MB (376053341 B)
2025-08-24T21:16:49.2979432Z [command]/usr/bin/tar -xf /home/runner/work/_temp/ffff59d4-3a1c-4759-bdb0-fb4bb06a480c/cache.tzst -P -C /home/runner/work/AWA-App/AWA-App --use-compress-program unzstd
2025-08-24T21:16:49.8823125Z Cache restored successfully
2025-08-24T21:16:49.9552386Z Cache restored from key: setup-python-Linux-x64-24.04-Ubuntu-python-3.12.11-pip-cc13ccef493b9f3a93ad5651164d9fb09282c1111f6f72ce20e0657de16de6b4
2025-08-24T21:16:49.9698226Z ##[group]Run pip install --break-system-packages -r requirements-dev.txt
2025-08-24T21:16:49.9698728Z [36;1mpip install --break-system-packages -r requirements-dev.txt[0m
2025-08-24T21:16:49.9699155Z [36;1mpip install --break-system-packages keepa==1.3.15 minio==7.1.15[0m
2025-08-24T21:16:49.9743651Z shell: /usr/bin/bash -e {0}
2025-08-24T21:16:49.9743886Z env:
2025-08-24T21:16:49.9744084Z   REDIS_URL: redis://localhost:6379/0
2025-08-24T21:16:49.9744331Z   RATE_LIMIT_DEFAULT: 100/minute
2025-08-24T21:16:49.9744550Z   TRUST_X_FORWARDED: 1
2025-08-24T21:16:49.9744762Z   PG_USER: postgres
2025-08-24T21:16:49.9744951Z   PG_PASSWORD: pass
2025-08-24T21:16:49.9745128Z   PG_DATABASE: awa
2025-08-24T21:16:49.9745302Z   PG_HOST: localhost
2025-08-24T21:16:49.9745476Z   PG_PORT: 5432
2025-08-24T21:16:49.9745976Z   PG_SYNC_DSN: ***localhost:5432/awa
2025-08-24T21:16:49.9746430Z   PG_ASYNC_DSN: ***localhost:5432/awa
2025-08-24T21:16:49.9746806Z   DATABASE_URL: ***localhost:5432/awa
2025-08-24T21:16:49.9747076Z   DATA_DIR: /tmp/awa-data
2025-08-24T21:16:49.9747269Z   ENABLE_LIVE: 0
2025-08-24T21:16:49.9747434Z   TESTING: 1
2025-08-24T21:16:49.9747662Z   pythonLocation: /opt/hostedtoolcache/Python/3.12.11/x64
2025-08-24T21:16:49.9748060Z   PKG_CONFIG_PATH: /opt/hostedtoolcache/Python/3.12.11/x64/lib/pkgconfig
2025-08-24T21:16:49.9748450Z   Python_ROOT_DIR: /opt/hostedtoolcache/Python/3.12.11/x64
2025-08-24T21:16:49.9748799Z   Python2_ROOT_DIR: /opt/hostedtoolcache/Python/3.12.11/x64
2025-08-24T21:16:49.9749144Z   Python3_ROOT_DIR: /opt/hostedtoolcache/Python/3.12.11/x64
2025-08-24T21:16:49.9749485Z   LD_LIBRARY_PATH: /opt/hostedtoolcache/Python/3.12.11/x64/lib
2025-08-24T21:16:49.9749772Z ##[endgroup]
2025-08-24T21:16:51.0321818Z Collecting Jinja2==3.1.6 (from -r requirements-dev.txt (line 2))
2025-08-24T21:16:51.0335205Z   Using cached jinja2-3.1.6-py3-none-any.whl.metadata (2.9 kB)
2025-08-24T21:16:51.0560542Z Collecting alembic==1.16.4 (from -r requirements-dev.txt (line 3))
2025-08-24T21:16:51.0571885Z   Using cached alembic-1.16.4-py3-none-any.whl.metadata (7.3 kB)
2025-08-24T21:16:51.0745539Z Collecting apscheduler==3.10.4 (from -r requirements-dev.txt (line 4))
2025-08-24T21:16:51.0758533Z   Using cached APScheduler-3.10.4-py3-none-any.whl.metadata (5.7 kB)
2025-08-24T21:16:51.0948094Z Collecting asgi-correlation-id==4.3.1 (from -r requirements-dev.txt (line 5))
2025-08-24T21:16:51.0959298Z   Using cached asgi_correlation_id-4.3.1-py3-none-any.whl.metadata (28 kB)
2025-08-24T21:16:51.1358410Z Collecting asyncpg==0.30.0 (from -r requirements-dev.txt (line 6))
2025-08-24T21:16:51.1372024Z   Using cached asyncpg-0.30.0-cp312-cp312-manylinux_2_17_x86_64.manylinux2014_x86_64.whl.metadata (5.0 kB)
2025-08-24T21:16:51.1791307Z Collecting black==25.1.0 (from -r requirements-dev.txt (line 7))
2025-08-24T21:16:51.1803368Z   Using cached black-25.1.0-cp312-cp312-manylinux_2_17_x86_64.manylinux2014_x86_64.manylinux_2_28_x86_64.whl.metadata (81 kB)
2025-08-24T21:16:51.5311828Z Collecting boto3 (from -r requirements-dev.txt (line 8))
2025-08-24T21:16:51.5982034Z   Downloading boto3-1.40.16-py3-none-any.whl.metadata (6.7 kB)
2025-08-24T21:16:51.6292527Z Collecting redis==6.* (from -r requirements-dev.txt (line 9))
2025-08-24T21:16:51.6304504Z   Using cached redis-6.4.0-py3-none-any.whl.metadata (10 kB)
2025-08-24T21:16:51.6626404Z Collecting minio==7.* (from -r requirements-dev.txt (line 10))
2025-08-24T21:16:51.6638694Z   Using cached minio-7.2.16-py3-none-any.whl.metadata (6.5 kB)
2025-08-24T21:16:51.6793223Z Collecting vulture==2.10 (from -r requirements-dev.txt (line 11))
2025-08-24T21:16:51.6804763Z   Using cached vulture-2.10-py2.py3-none-any.whl.metadata (23 kB)
2025-08-24T21:16:51.7126213Z Collecting celery==5.5.3 (from -r requirements-dev.txt (line 12))
2025-08-24T21:16:51.7137458Z   Using cached celery-5.5.3-py3-none-any.whl.metadata (22 kB)
2025-08-24T21:16:51.7705536Z Collecting fastapi==0.116.1 (from -r requirements-dev.txt (line 13))
2025-08-24T21:16:51.7718073Z   Using cached fastapi-0.116.1-py3-none-any.whl.metadata (28 kB)
2025-08-24T21:16:51.7894418Z Collecting fastapi-limiter==0.1.6 (from -r requirements-dev.txt (line 15))
2025-08-24T21:16:51.7905931Z   Using cached fastapi_limiter-0.1.6-py3-none-any.whl.metadata (5.3 kB)
2025-08-24T21:16:51.8113193Z Collecting httpx<0.29,>=0.27 (from -r requirements-dev.txt (line 16))
2025-08-24T21:16:51.8128940Z   Using cached httpx-0.28.1-py3-none-any.whl.metadata (7.1 kB)
2025-08-24T21:16:51.8269284Z Collecting imapclient==3.0.1 (from -r requirements-dev.txt (line 17))
2025-08-24T21:16:51.8281248Z   Using cached IMAPClient-3.0.1-py2.py3-none-any.whl.metadata (1.7 kB)
2025-08-24T21:16:51.8396267Z Collecting itsdangerous (from -r requirements-dev.txt (line 18))
2025-08-24T21:16:51.8407678Z   Using cached itsdangerous-2.2.0-py3-none-any.whl.metadata (1.9 kB)
2025-08-24T21:16:51.9405439Z Collecting mypy==1.* (from -r requirements-dev.txt (line 19))
2025-08-24T21:16:51.9417972Z   Using cached mypy-1.17.1-cp312-cp312-manylinux2014_x86_64.manylinux_2_17_x86_64.manylinux_2_28_x86_64.whl.metadata (2.2 kB)
2025-08-24T21:16:51.9510738Z Collecting mypy-extensions==1.1.0 (from -r requirements-dev.txt (line 20))
2025-08-24T21:16:51.9527163Z   Using cached mypy_extensions-1.1.0-py3-none-any.whl.metadata (1.1 kB)
2025-08-24T21:16:52.1322001Z Collecting numpy<2 (from -r requirements-dev.txt (line 21))
2025-08-24T21:16:52.1335863Z   Using cached numpy-1.26.4-cp312-cp312-manylinux_2_17_x86_64.manylinux2014_x86_64.whl.metadata (61 kB)
2025-08-24T21:16:52.1587225Z Collecting openpyxl==3.1.5 (from -r requirements-dev.txt (line 22))
2025-08-24T21:16:52.1601078Z   Using cached openpyxl-3.1.5-py2.py3-none-any.whl.metadata (2.5 kB)
2025-08-24T21:16:52.2732136Z Collecting pandas==2.2.* (from -r requirements-dev.txt (line 23))
2025-08-24T21:16:52.2745718Z   Using cached pandas-2.2.3-cp312-cp312-manylinux_2_17_x86_64.manylinux2014_x86_64.whl.metadata (89 kB)
2025-08-24T21:16:52.3677925Z Collecting psycopg2-binary==2.9.10 (from -r requirements-dev.txt (line 24))
2025-08-24T21:16:52.3690429Z   Using cached psycopg2_binary-2.9.10-cp312-cp312-manylinux_2_17_x86_64.manylinux2014_x86_64.whl.metadata (4.9 kB)
2025-08-24T21:16:52.3835283Z Collecting psycopg==3.2.9 (from psycopg[binary]==3.2.9->-r requirements-dev.txt (line 25))
2025-08-24T21:16:52.3846659Z   Using cached psycopg-3.2.9-py3-none-any.whl.metadata (4.5 kB)
2025-08-24T21:16:52.4934066Z Collecting pydantic==2.11.7 (from -r requirements-dev.txt (line 26))
2025-08-24T21:16:52.4946447Z   Using cached pydantic-2.11.7-py3-none-any.whl.metadata (67 kB)
2025-08-24T21:16:52.6168375Z Collecting setuptools (from -r requirements-dev.txt (line 27))
2025-08-24T21:16:52.6181152Z   Using cached setuptools-80.9.0-py3-none-any.whl.metadata (6.6 kB)
2025-08-24T21:16:52.6465743Z Collecting pytest-asyncio==1.1.0 (from -r requirements-dev.txt (line 28))
2025-08-24T21:16:52.6477319Z   Using cached pytest_asyncio-1.1.0-py3-none-any.whl.metadata (4.1 kB)
2025-08-24T21:16:52.6623786Z Collecting pytest-cov==6.2.1 (from -r requirements-dev.txt (line 29))
2025-08-24T21:16:52.6635934Z   Using cached pytest_cov-6.2.1-py3-none-any.whl.metadata (30 kB)
2025-08-24T21:16:52.6828115Z Collecting pytest-postgresql==7.0.2 (from -r requirements-dev.txt (line 30))
2025-08-24T21:16:52.6839077Z   Using cached pytest_postgresql-7.0.2-py3-none-any.whl.metadata (18 kB)
2025-08-24T21:16:52.6996190Z Collecting python-dotenv (from -r requirements-dev.txt (line 31))
2025-08-24T21:16:52.7007378Z   Using cached python_dotenv-1.1.1-py3-none-any.whl.metadata (24 kB)
2025-08-24T21:16:52.7124649Z Collecting python-multipart (from -r requirements-dev.txt (line 32))
2025-08-24T21:16:52.7135831Z   Using cached python_multipart-0.0.20-py3-none-any.whl.metadata (1.8 kB)
2025-08-24T21:16:52.7423800Z Collecting python-telegram-bot==22.3 (from -r requirements-dev.txt (line 33))
2025-08-24T21:16:52.7435221Z   Using cached python_telegram_bot-22.3-py3-none-any.whl.metadata (17 kB)
2025-08-24T21:16:52.7735996Z Collecting requests==2.32.4 (from -r requirements-dev.txt (line 34))
2025-08-24T21:16:52.7748255Z   Using cached requests-2.32.4-py3-none-any.whl.metadata (4.9 kB)
2025-08-24T21:16:52.7928892Z Collecting respx==0.22.0 (from -r requirements-dev.txt (line 35))
2025-08-24T21:16:52.7940258Z   Using cached respx-0.22.0-py2.py3-none-any.whl.metadata (4.1 kB)
2025-08-24T21:16:53.1666020Z Collecting ruff==0.9.9 (from -r requirements-dev.txt (line 36))
2025-08-24T21:16:53.1680185Z   Using cached ruff-0.9.9-py3-none-manylinux_2_17_x86_64.manylinux2014_x86_64.whl.metadata (25 kB)
2025-08-24T21:16:53.4213705Z Collecting sqlalchemy==2.0.43 (from -r requirements-dev.txt (line 37))
2025-08-24T21:16:53.4227756Z   Using cached sqlalchemy-2.0.43-cp312-cp312-manylinux_2_17_x86_64.manylinux2014_x86_64.whl.metadata (9.6 kB)
2025-08-24T21:16:53.4443006Z Collecting structlog==24.1.0 (from -r requirements-dev.txt (line 38))
2025-08-24T21:16:53.4454606Z   Using cached structlog-24.1.0-py3-none-any.whl.metadata (6.9 kB)
2025-08-24T21:16:53.4635156Z Collecting testcontainers==4.12.0 (from testcontainers[postgres]==4.12.0->-r requirements-dev.txt (line 39))
2025-08-24T21:16:53.4646526Z   Using cached testcontainers-4.12.0-py3-none-any.whl.metadata (8.3 kB)
2025-08-24T21:16:53.5034569Z Collecting types-requests==2.32.4.20250809 (from -r requirements-dev.txt (line 40))
2025-08-24T21:16:53.5045971Z   Using cached types_requests-2.32.4.20250809-py3-none-any.whl.metadata (2.0 kB)
2025-08-24T21:16:53.5363932Z Collecting docspec-python==2.2.2 (from -r requirements-dev.txt (line 41))
2025-08-24T21:16:53.5375614Z   Using cached docspec_python-2.2.2-py3-none-any.whl.metadata (1.0 kB)
2025-08-24T21:16:53.5732308Z Collecting pydoc-markdown==4.8.2 (from -r requirements-dev.txt (line 42))
2025-08-24T21:16:53.5743548Z   Using cached pydoc_markdown-4.8.2-py3-none-any.whl.metadata (5.9 kB)
2025-08-24T21:16:53.6459816Z Collecting pandera==0.19.* (from -r requirements-dev.txt (line 43))
2025-08-24T21:16:53.6473003Z   Using cached pandera-0.19.3-py3-none-any.whl.metadata (15 kB)
2025-08-24T21:16:53.6995268Z Collecting MarkupSafe>=2.0 (from Jinja2==3.1.6->-r requirements-dev.txt (line 2))
2025-08-24T21:16:53.7007410Z   Using cached MarkupSafe-3.0.2-cp312-cp312-manylinux_2_17_x86_64.manylinux2014_x86_64.whl.metadata (4.0 kB)
2025-08-24T21:16:53.7288476Z Collecting Mako (from alembic==1.16.4->-r requirements-dev.txt (line 3))
2025-08-24T21:16:53.7299964Z   Using cached mako-1.3.10-py3-none-any.whl.metadata (2.9 kB)
2025-08-24T21:16:53.7450537Z Collecting typing-extensions>=4.12 (from alembic==1.16.4->-r requirements-dev.txt (line 3))
2025-08-24T21:16:53.7461964Z   Using cached typing_extensions-4.14.1-py3-none-any.whl.metadata (3.0 kB)
2025-08-24T21:16:53.7587558Z Collecting six>=1.4.0 (from apscheduler==3.10.4->-r requirements-dev.txt (line 4))
2025-08-24T21:16:53.7598802Z   Using cached six-1.17.0-py2.py3-none-any.whl.metadata (1.7 kB)
2025-08-24T21:16:53.7930327Z Collecting pytz (from apscheduler==3.10.4->-r requirements-dev.txt (line 4))
2025-08-24T21:16:53.7942610Z   Using cached pytz-2025.2-py2.py3-none-any.whl.metadata (22 kB)
2025-08-24T21:16:53.8102954Z Collecting tzlocal!=3.*,>=2.0 (from apscheduler==3.10.4->-r requirements-dev.txt (line 4))
2025-08-24T21:16:53.8113717Z   Using cached tzlocal-5.3.1-py3-none-any.whl.metadata (7.6 kB)
2025-08-24T21:16:53.8418568Z Collecting starlette>=0.18 (from asgi-correlation-id==4.3.1->-r requirements-dev.txt (line 5))
2025-08-24T21:16:53.8555917Z   Downloading starlette-0.47.3-py3-none-any.whl.metadata (6.2 kB)
2025-08-24T21:16:53.8803166Z Collecting click>=8.0.0 (from black==25.1.0->-r requirements-dev.txt (line 7))
2025-08-24T21:16:53.8814131Z   Using cached click-8.2.1-py3-none-any.whl.metadata (2.5 kB)
2025-08-24T21:16:53.8972681Z Collecting packaging>=22.0 (from black==25.1.0->-r requirements-dev.txt (line 7))
2025-08-24T21:16:53.8983719Z   Using cached packaging-25.0-py3-none-any.whl.metadata (3.3 kB)
2025-08-24T21:16:53.9089962Z Collecting pathspec>=0.9.0 (from black==25.1.0->-r requirements-dev.txt (line 7))
2025-08-24T21:16:53.9101498Z   Using cached pathspec-0.12.1-py3-none-any.whl.metadata (21 kB)
2025-08-24T21:16:53.9276381Z Collecting platformdirs>=2 (from black==25.1.0->-r requirements-dev.txt (line 7))
2025-08-24T21:16:53.9287315Z   Using cached platformdirs-4.3.8-py3-none-any.whl.metadata (12 kB)
2025-08-24T21:16:53.9418955Z Collecting toml (from vulture==2.10->-r requirements-dev.txt (line 11))
2025-08-24T21:16:53.9430115Z   Using cached toml-0.10.2-py2.py3-none-any.whl.metadata (7.1 kB)
2025-08-24T21:16:53.9592453Z Collecting billiard<5.0,>=4.2.1 (from celery==5.5.3->-r requirements-dev.txt (line 12))
2025-08-24T21:16:53.9603615Z   Using cached billiard-4.2.1-py3-none-any.whl.metadata (4.4 kB)
2025-08-24T21:16:53.9901414Z Collecting kombu<5.6,>=5.5.2 (from celery==5.5.3->-r requirements-dev.txt (line 12))
2025-08-24T21:16:53.9914577Z   Using cached kombu-5.5.4-py3-none-any.whl.metadata (3.5 kB)
2025-08-24T21:16:54.0065489Z Collecting vine<6.0,>=5.1.0 (from celery==5.5.3->-r requirements-dev.txt (line 12))
2025-08-24T21:16:54.0077426Z   Using cached vine-5.1.0-py3-none-any.whl.metadata (2.7 kB)
2025-08-24T21:16:54.0203776Z Collecting click-didyoumean>=0.3.0 (from celery==5.5.3->-r requirements-dev.txt (line 12))
2025-08-24T21:16:54.0215267Z   Using cached click_didyoumean-0.3.1-py3-none-any.whl.metadata (3.9 kB)
2025-08-24T21:16:54.0298190Z Collecting click-repl>=0.2.0 (from celery==5.5.3->-r requirements-dev.txt (line 12))
2025-08-24T21:16:54.0309776Z   Using cached click_repl-0.3.0-py3-none-any.whl.metadata (3.6 kB)
2025-08-24T21:16:54.0424535Z Collecting click-plugins>=1.1.1 (from celery==5.5.3->-r requirements-dev.txt (line 12))
2025-08-24T21:16:54.0435873Z   Using cached click_plugins-1.1.1.2-py2.py3-none-any.whl.metadata (6.5 kB)
2025-08-24T21:16:54.0552769Z Collecting python-dateutil>=2.8.2 (from celery==5.5.3->-r requirements-dev.txt (line 12))
2025-08-24T21:16:54.0564518Z   Using cached python_dateutil-2.9.0.post0-py2.py3-none-any.whl.metadata (8.4 kB)
2025-08-24T21:16:54.0916311Z Collecting annotated-types>=0.6.0 (from pydantic==2.11.7->-r requirements-dev.txt (line 26))
2025-08-24T21:16:54.0927977Z   Using cached annotated_types-0.7.0-py3-none-any.whl.metadata (15 kB)
2025-08-24T21:16:54.7538149Z Collecting pydantic-core==2.33.2 (from pydantic==2.11.7->-r requirements-dev.txt (line 26))
2025-08-24T21:16:54.7552498Z   Using cached pydantic_core-2.33.2-cp312-cp312-manylinux_2_17_x86_64.manylinux2014_x86_64.whl.metadata (6.8 kB)
2025-08-24T21:16:54.7684744Z Collecting typing-inspection>=0.4.0 (from pydantic==2.11.7->-r requirements-dev.txt (line 26))
2025-08-24T21:16:54.7696861Z   Using cached typing_inspection-0.4.1-py3-none-any.whl.metadata (2.6 kB)
2025-08-24T21:16:54.7966784Z Collecting et-xmlfile (from openpyxl==3.1.5->-r requirements-dev.txt (line 22))
2025-08-24T21:16:54.7978670Z   Using cached et_xmlfile-2.0.0-py3-none-any.whl.metadata (2.7 kB)
2025-08-24T21:16:54.8381426Z Collecting pytest<9,>=8.2 (from pytest-asyncio==1.1.0->-r requirements-dev.txt (line 28))
2025-08-24T21:16:54.8393154Z   Using cached pytest-8.4.1-py3-none-any.whl.metadata (7.7 kB)
2025-08-24T21:16:55.1626729Z Collecting coverage>=7.5 (from coverage[toml]>=7.5->pytest-cov==6.2.1->-r requirements-dev.txt (line 29))
2025-08-24T21:16:55.1772575Z   Downloading coverage-7.10.5-cp312-cp312-manylinux1_x86_64.manylinux_2_28_x86_64.manylinux_2_5_x86_64.whl.metadata (8.9 kB)
2025-08-24T21:16:55.1921559Z Collecting pluggy>=1.2 (from pytest-cov==6.2.1->-r requirements-dev.txt (line 29))
2025-08-24T21:16:55.1933730Z   Using cached pluggy-1.6.0-py3-none-any.whl.metadata (4.8 kB)
2025-08-24T21:16:55.2190022Z Collecting port-for>=0.7.3 (from pytest-postgresql==7.0.2->-r requirements-dev.txt (line 30))
2025-08-24T21:16:55.2201618Z   Using cached port_for-0.7.4-py3-none-any.whl.metadata (7.1 kB)
2025-08-24T21:16:55.2341380Z Collecting mirakuru>=2.6.0 (from pytest-postgresql==7.0.2->-r requirements-dev.txt (line 30))
2025-08-24T21:16:55.2353543Z   Using cached mirakuru-2.6.1-py3-none-any.whl.metadata (10 kB)
2025-08-24T21:16:55.3175257Z Collecting charset_normalizer<4,>=2 (from requests==2.32.4->-r requirements-dev.txt (line 34))
2025-08-24T21:16:55.3189459Z   Using cached charset_normalizer-3.4.3-cp312-cp312-manylinux2014_x86_64.manylinux_2_17_x86_64.manylinux_2_28_x86_64.whl.metadata (36 kB)
2025-08-24T21:16:55.3331923Z Collecting idna<4,>=2.5 (from requests==2.32.4->-r requirements-dev.txt (line 34))
2025-08-24T21:16:55.3343543Z   Using cached idna-3.10-py3-none-any.whl.metadata (10 kB)
2025-08-24T21:16:55.3618572Z Collecting urllib3<3,>=1.21.1 (from requests==2.32.4->-r requirements-dev.txt (line 34))
2025-08-24T21:16:55.3630312Z   Using cached urllib3-2.5.0-py3-none-any.whl.metadata (6.5 kB)
2025-08-24T21:16:55.3827392Z Collecting certifi>=2017.4.17 (from requests==2.32.4->-r requirements-dev.txt (line 34))
2025-08-24T21:16:55.3839157Z   Using cached certifi-2025.8.3-py3-none-any.whl.metadata (2.4 kB)
2025-08-24T21:16:55.5841673Z Collecting greenlet>=1 (from sqlalchemy==2.0.43->-r requirements-dev.txt (line 37))
2025-08-24T21:16:55.5856152Z   Using cached greenlet-3.2.4-cp312-cp312-manylinux_2_24_x86_64.manylinux_2_28_x86_64.whl.metadata (4.1 kB)
2025-08-24T21:16:55.6106135Z Collecting docker (from testcontainers==4.12.0->testcontainers[postgres]==4.12.0->-r requirements-dev.txt (line 39))
2025-08-24T21:16:55.6118064Z   Using cached docker-7.1.0-py3-none-any.whl.metadata (3.8 kB)
2025-08-24T21:16:55.7067396Z Collecting wrapt (from testcontainers==4.12.0->testcontainers[postgres]==4.12.0->-r requirements-dev.txt (line 39))
2025-08-24T21:16:55.7081300Z   Using cached wrapt-1.17.3-cp312-cp312-manylinux1_x86_64.manylinux_2_28_x86_64.manylinux_2_5_x86_64.whl.metadata (6.4 kB)
2025-08-24T21:16:55.7541190Z Collecting docspec==2.2.1 (from docspec-python==2.2.2->-r requirements-dev.txt (line 41))
2025-08-24T21:16:55.7553106Z   Using cached docspec-2.2.1-py3-none-any.whl.metadata (1.5 kB)
2025-08-24T21:16:55.7950362Z Collecting nr-util>=0.8.12 (from docspec-python==2.2.2->-r requirements-dev.txt (line 41))
2025-08-24T21:16:55.7963296Z   Using cached nr.util-0.8.12-py3-none-any.whl.metadata (813 bytes)
2025-08-24T21:16:55.8293543Z Collecting PyYAML<7.0,>=5.0 (from pydoc-markdown==4.8.2->-r requirements-dev.txt (line 42))
2025-08-24T21:16:55.8306177Z   Using cached PyYAML-6.0.2-cp312-cp312-manylinux_2_17_x86_64.manylinux2014_x86_64.whl.metadata (2.1 kB)
2025-08-24T21:16:55.8735530Z Collecting databind.core<5.0.0,>=4.4.0 (from pydoc-markdown==4.8.2->-r requirements-dev.txt (line 42))
2025-08-24T21:16:55.8747226Z   Using cached databind.core-4.5.2-py3-none-any.whl.metadata (1.1 kB)
2025-08-24T21:16:55.9145709Z Collecting databind.json<5.0.0,>=4.4.0 (from pydoc-markdown==4.8.2->-r requirements-dev.txt (line 42))
2025-08-24T21:16:55.9157413Z   Using cached databind.json-4.5.2-py3-none-any.whl.metadata (1.1 kB)
2025-08-24T21:16:55.9289434Z Collecting docstring-parser<0.12,>=0.11 (from pydoc-markdown==4.8.2->-r requirements-dev.txt (line 42))
2025-08-24T21:16:55.9290597Z   Using cached docstring_parser-0.11-py3-none-any.whl
2025-08-24T21:16:55.9594354Z Collecting tomli<3.0.0,>=2.0.0 (from pydoc-markdown==4.8.2->-r requirements-dev.txt (line 42))
2025-08-24T21:16:55.9606769Z   Using cached tomli-2.2.1-cp312-cp312-manylinux_2_17_x86_64.manylinux2014_x86_64.whl.metadata (11 kB)
2025-08-24T21:16:55.9701433Z Collecting tomli_w<2.0.0,>=1.0.0 (from pydoc-markdown==4.8.2->-r requirements-dev.txt (line 42))
2025-08-24T21:16:55.9713009Z   Using cached tomli_w-1.2.0-py3-none-any.whl.metadata (5.7 kB)
2025-08-24T21:16:56.0183322Z Collecting watchdog (from pydoc-markdown==4.8.2->-r requirements-dev.txt (line 42))
2025-08-24T21:16:56.0195153Z   Using cached watchdog-6.0.0-py3-none-manylinux2014_x86_64.whl.metadata (44 kB)
2025-08-24T21:16:56.0429016Z Collecting yapf>=0.30.0 (from pydoc-markdown==4.8.2->-r requirements-dev.txt (line 42))
2025-08-24T21:16:56.0440293Z   Using cached yapf-0.43.0-py3-none-any.whl.metadata (46 kB)
2025-08-24T21:16:56.0622399Z Collecting Deprecated<2.0.0,>=1.2.12 (from docspec==2.2.1->docspec-python==2.2.2->-r requirements-dev.txt (line 41))
2025-08-24T21:16:56.0633529Z   Using cached Deprecated-1.2.18-py2.py3-none-any.whl.metadata (5.7 kB)
2025-08-24T21:16:56.2150221Z Collecting psycopg-binary==3.2.9 (from psycopg[binary]==3.2.9->-r requirements-dev.txt (line 25))
2025-08-24T21:16:56.2164325Z   Using cached psycopg_binary-3.2.9-cp312-cp312-manylinux_2_17_x86_64.manylinux2014_x86_64.whl.metadata (2.9 kB)
2025-08-24T21:16:56.2490776Z Collecting argon2-cffi (from minio==7.*->-r requirements-dev.txt (line 10))
2025-08-24T21:16:56.2503126Z   Using cached argon2_cffi-25.1.0-py3-none-any.whl.metadata (4.1 kB)
2025-08-24T21:16:56.3318136Z Collecting pycryptodome (from minio==7.*->-r requirements-dev.txt (line 10))
2025-08-24T21:16:56.3335681Z   Using cached pycryptodome-3.23.0-cp37-abi3-manylinux_2_17_x86_64.manylinux2014_x86_64.whl.metadata (3.4 kB)
2025-08-24T21:16:56.3592306Z Collecting anyio (from httpx<0.29,>=0.27->-r requirements-dev.txt (line 16))
2025-08-24T21:16:56.3604906Z   Using cached anyio-4.10.0-py3-none-any.whl.metadata (4.0 kB)
2025-08-24T21:16:56.3802936Z Collecting httpcore==1.* (from httpx<0.29,>=0.27->-r requirements-dev.txt (line 16))
2025-08-24T21:16:56.3814986Z   Using cached httpcore-1.0.9-py3-none-any.whl.metadata (21 kB)
2025-08-24T21:16:56.4123625Z Collecting tzdata>=2022.7 (from pandas==2.2.*->-r requirements-dev.txt (line 23))
2025-08-24T21:16:56.4135467Z   Using cached tzdata-2025.2-py2.py3-none-any.whl.metadata (1.4 kB)
2025-08-24T21:16:56.4291265Z Collecting multimethod<=1.10.0 (from pandera==0.19.*->-r requirements-dev.txt (line 43))
2025-08-24T21:16:56.4302979Z   Using cached multimethod-1.10-py3-none-any.whl.metadata (8.2 kB)
2025-08-24T21:16:56.4655380Z Collecting typeguard (from pandera==0.19.*->-r requirements-dev.txt (line 43))
2025-08-24T21:16:56.4667304Z   Using cached typeguard-4.4.4-py3-none-any.whl.metadata (3.3 kB)
2025-08-24T21:16:56.4790091Z Collecting typing-inspect>=0.6.0 (from pandera==0.19.*->-r requirements-dev.txt (line 43))
2025-08-24T21:16:56.4802018Z   Using cached typing_inspect-0.9.0-py3-none-any.whl.metadata (1.5 kB)
2025-08-24T21:16:56.5267541Z Collecting databind<5.0.0,>=4.5.2 (from databind.core<5.0.0,>=4.4.0->pydoc-markdown==4.8.2->-r requirements-dev.txt (line 42))
2025-08-24T21:16:56.5279474Z   Using cached databind-4.5.2-py3-none-any.whl.metadata (4.3 kB)
2025-08-24T21:16:56.5618872Z Collecting nr-date<3.0.0,>=2.0.0 (from databind<5.0.0,>=4.5.2->databind.core<5.0.0,>=4.4.0->pydoc-markdown==4.8.2->-r requirements-dev.txt (line 42))
2025-08-24T21:16:56.5630231Z   Using cached nr_date-2.1.0-py3-none-any.whl.metadata (746 bytes)
2025-08-24T21:16:56.5960651Z Collecting nr-stream<2.0.0,>=1.0.0 (from databind<5.0.0,>=4.5.2->databind.core<5.0.0,>=4.4.0->pydoc-markdown==4.8.2->-r requirements-dev.txt (line 42))
2025-08-24T21:16:56.5972229Z   Using cached nr_stream-1.1.5-py3-none-any.whl.metadata (3.6 kB)
2025-08-24T21:16:56.6419007Z Collecting typeapi<3,>=2.0.1 (from databind<5.0.0,>=4.5.2->databind.core<5.0.0,>=4.4.0->pydoc-markdown==4.8.2->-r requirements-dev.txt (line 42))
2025-08-24T21:16:56.6431320Z   Using cached typeapi-2.2.4-py3-none-any.whl.metadata (1.5 kB)
2025-08-24T21:16:56.6710307Z Collecting h11>=0.16 (from httpcore==1.*->httpx<0.29,>=0.27->-r requirements-dev.txt (line 16))
2025-08-24T21:16:56.6722424Z   Using cached h11-0.16.0-py3-none-any.whl.metadata (8.3 kB)
2025-08-24T21:16:56.6976981Z Collecting amqp<6.0.0,>=5.1.1 (from kombu<5.6,>=5.5.2->celery==5.5.3->-r requirements-dev.txt (line 12))
2025-08-24T21:16:56.6988846Z   Using cached amqp-5.3.1-py3-none-any.whl.metadata (8.9 kB)
2025-08-24T21:16:56.7363645Z Collecting iniconfig>=1 (from pytest<9,>=8.2->pytest-asyncio==1.1.0->-r requirements-dev.txt (line 28))
2025-08-24T21:16:56.7375315Z   Using cached iniconfig-2.1.0-py3-none-any.whl.metadata (2.7 kB)
2025-08-24T21:16:56.7613437Z Collecting pygments>=2.7.2 (from pytest<9,>=8.2->pytest-asyncio==1.1.0->-r requirements-dev.txt (line 28))
2025-08-24T21:16:56.7625094Z   Using cached pygments-2.19.2-py3-none-any.whl.metadata (2.5 kB)
2025-08-24T21:16:56.7944197Z Collecting sniffio>=1.1 (from anyio->httpx<0.29,>=0.27->-r requirements-dev.txt (line 16))
2025-08-24T21:16:56.7956724Z   Using cached sniffio-1.3.1-py3-none-any.whl.metadata (3.9 kB)
2025-08-24T21:16:57.2394964Z Collecting botocore<1.41.0,>=1.40.16 (from boto3->-r requirements-dev.txt (line 8))
2025-08-24T21:16:57.2537055Z   Downloading botocore-1.40.16-py3-none-any.whl.metadata (5.7 kB)
2025-08-24T21:16:57.2682022Z Collecting jmespath<2.0.0,>=0.7.1 (from boto3->-r requirements-dev.txt (line 8))
2025-08-24T21:16:57.2694629Z   Using cached jmespath-1.0.1-py3-none-any.whl.metadata (7.6 kB)
2025-08-24T21:16:57.2854652Z Collecting s3transfer<0.14.0,>=0.13.0 (from boto3->-r requirements-dev.txt (line 8))
2025-08-24T21:16:57.2865996Z   Using cached s3transfer-0.13.1-py3-none-any.whl.metadata (1.7 kB)
2025-08-24T21:16:57.4253330Z Collecting fastapi-cli>=0.0.8 (from fastapi-cli[standard]>=0.0.8; extra == "all"->fastapi[all]->-r requirements-dev.txt (line 14))
2025-08-24T21:16:57.4264625Z   Using cached fastapi_cli-0.0.8-py3-none-any.whl.metadata (6.3 kB)
2025-08-24T21:16:57.5017442Z Collecting ujson!=4.0.2,!=4.1.0,!=4.2.0,!=4.3.0,!=5.0.0,!=5.1.0,>=4.0.1 (from fastapi[all]->-r requirements-dev.txt (line 14))
2025-08-24T21:16:57.5033887Z   Using cached ujson-5.11.0-cp312-cp312-manylinux_2_24_x86_64.manylinux_2_28_x86_64.whl.metadata (9.4 kB)
2025-08-24T21:16:57.7311224Z Collecting orjson>=3.2.1 (from fastapi[all]->-r requirements-dev.txt (line 14))
2025-08-24T21:16:57.7325235Z   Using cached orjson-3.11.2-cp312-cp312-manylinux_2_17_x86_64.manylinux2014_x86_64.whl.metadata (1.2 kB)
2025-08-24T21:16:57.7449764Z Collecting email-validator>=2.0.0 (from fastapi[all]->-r requirements-dev.txt (line 14))
2025-08-24T21:16:57.7467892Z   Using cached email_validator-2.2.0-py3-none-any.whl.metadata (25 kB)
2025-08-24T21:16:57.7750424Z Collecting uvicorn>=0.12.0 (from uvicorn[standard]>=0.12.0; extra == "all"->fastapi[all]->-r requirements-dev.txt (line 14))
2025-08-24T21:16:57.7762343Z   Using cached uvicorn-0.35.0-py3-none-any.whl.metadata (6.5 kB)
2025-08-24T21:16:57.7954774Z Collecting pydantic-settings>=2.0.0 (from fastapi[all]->-r requirements-dev.txt (line 14))
2025-08-24T21:16:57.7967124Z   Using cached pydantic_settings-2.10.1-py3-none-any.whl.metadata (3.4 kB)
2025-08-24T21:16:57.8111894Z Collecting pydantic-extra-types>=2.0.0 (from fastapi[all]->-r requirements-dev.txt (line 14))
2025-08-24T21:16:57.8124405Z   Using cached pydantic_extra_types-2.10.5-py3-none-any.whl.metadata (3.9 kB)
2025-08-24T21:16:57.8830142Z Collecting prompt-toolkit>=3.0.36 (from click-repl>=0.2.0->celery==5.5.3->-r requirements-dev.txt (line 12))
2025-08-24T21:16:57.8841988Z   Using cached prompt_toolkit-3.0.51-py3-none-any.whl.metadata (6.4 kB)
2025-08-24T21:16:57.9018510Z Collecting dnspython>=2.0.0 (from email-validator>=2.0.0->fastapi[all]->-r requirements-dev.txt (line 14))
2025-08-24T21:16:57.9029867Z   Using cached dnspython-2.7.0-py3-none-any.whl.metadata (5.8 kB)
2025-08-24T21:16:57.9315242Z Collecting typer>=0.15.1 (from fastapi-cli>=0.0.8->fastapi-cli[standard]>=0.0.8; extra == "all"->fastapi[all]->-r requirements-dev.txt (line 14))
2025-08-24T21:16:57.9326805Z   Using cached typer-0.16.1-py3-none-any.whl.metadata (15 kB)
2025-08-24T21:16:57.9583073Z Collecting rich-toolkit>=0.14.8 (from fastapi-cli>=0.0.8->fastapi-cli[standard]>=0.0.8; extra == "all"->fastapi[all]->-r requirements-dev.txt (line 14))
2025-08-24T21:16:57.9594510Z   Using cached rich_toolkit-0.15.0-py3-none-any.whl.metadata (1.0 kB)
2025-08-24T21:16:57.9712580Z Collecting fastapi-cloud-cli>=0.1.1 (from fastapi-cli[standard]>=0.0.8; extra == "all"->fastapi[all]->-r requirements-dev.txt (line 14))
2025-08-24T21:16:57.9724070Z   Using cached fastapi_cloud_cli-0.1.5-py3-none-any.whl.metadata (3.2 kB)
2025-08-24T21:16:58.0452010Z Collecting rignore>=0.5.1 (from fastapi-cloud-cli>=0.1.1->fastapi-cli[standard]>=0.0.8; extra == "all"->fastapi[all]->-r requirements-dev.txt (line 14))
2025-08-24T21:16:58.0464102Z   Using cached rignore-0.6.4-cp312-cp312-manylinux_2_17_x86_64.manylinux2014_x86_64.whl.metadata (3.8 kB)
2025-08-24T21:16:58.1073153Z Collecting sentry-sdk>=2.20.0 (from fastapi-cloud-cli>=0.1.1->fastapi-cli[standard]>=0.0.8; extra == "all"->fastapi[all]->-r requirements-dev.txt (line 14))
2025-08-24T21:16:58.1085682Z   Using cached sentry_sdk-2.35.0-py2.py3-none-any.whl.metadata (10 kB)
2025-08-24T21:16:58.2009291Z Collecting psutil>=4.0.0 (from mirakuru>=2.6.0->pytest-postgresql==7.0.2->-r requirements-dev.txt (line 30))
2025-08-24T21:16:58.2022835Z   Using cached psutil-7.0.0-cp36-abi3-manylinux_2_12_x86_64.manylinux2010_x86_64.manylinux_2_17_x86_64.manylinux2014_x86_64.whl.metadata (22 kB)
2025-08-24T21:16:58.2339316Z Collecting wcwidth (from prompt-toolkit>=3.0.36->click-repl>=0.2.0->celery==5.5.3->-r requirements-dev.txt (line 12))
2025-08-24T21:16:58.2350690Z   Using cached wcwidth-0.2.13-py2.py3-none-any.whl.metadata (14 kB)
2025-08-24T21:16:58.3163470Z Collecting rich>=13.7.1 (from rich-toolkit>=0.14.8->fastapi-cli>=0.0.8->fastapi-cli[standard]>=0.0.8; extra == "all"->fastapi[all]->-r requirements-dev.txt (line 14))
2025-08-24T21:16:58.3174558Z   Using cached rich-14.1.0-py3-none-any.whl.metadata (18 kB)
2025-08-24T21:16:58.3356321Z Collecting markdown-it-py>=2.2.0 (from rich>=13.7.1->rich-toolkit>=0.14.8->fastapi-cli>=0.0.8->fastapi-cli[standard]>=0.0.8; extra == "all"->fastapi[all]->-r requirements-dev.txt (line 14))
2025-08-24T21:16:58.3367112Z   Using cached markdown_it_py-4.0.0-py3-none-any.whl.metadata (7.3 kB)
2025-08-24T21:16:58.3563747Z Collecting mdurl~=0.1 (from markdown-it-py>=2.2.0->rich>=13.7.1->rich-toolkit>=0.14.8->fastapi-cli>=0.0.8->fastapi-cli[standard]>=0.0.8; extra == "all"->fastapi[all]->-r requirements-dev.txt (line 14))
2025-08-24T21:16:58.3575277Z   Using cached mdurl-0.1.2-py3-none-any.whl.metadata (1.6 kB)
2025-08-24T21:16:58.4115384Z Collecting shellingham>=1.3.0 (from typer>=0.15.1->fastapi-cli>=0.0.8->fastapi-cli[standard]>=0.0.8; extra == "all"->fastapi[all]->-r requirements-dev.txt (line 14))
2025-08-24T21:16:58.4126367Z   Using cached shellingham-1.5.4-py2.py3-none-any.whl.metadata (3.5 kB)
2025-08-24T21:16:58.4872147Z Collecting httptools>=0.6.3 (from uvicorn[standard]>=0.12.0; extra == "all"->fastapi[all]->-r requirements-dev.txt (line 14))
2025-08-24T21:16:58.4884157Z   Using cached httptools-0.6.4-cp312-cp312-manylinux_2_5_x86_64.manylinux1_x86_64.manylinux_2_17_x86_64.manylinux2014_x86_64.whl.metadata (3.6 kB)
2025-08-24T21:16:58.5290368Z Collecting uvloop>=0.15.1 (from uvicorn[standard]>=0.12.0; extra == "all"->fastapi[all]->-r requirements-dev.txt (line 14))
2025-08-24T21:16:58.5302484Z   Using cached uvloop-0.21.0-cp312-cp312-manylinux_2_17_x86_64.manylinux2014_x86_64.whl.metadata (4.9 kB)
2025-08-24T21:16:58.5982918Z Collecting watchfiles>=0.13 (from uvicorn[standard]>=0.12.0; extra == "all"->fastapi[all]->-r requirements-dev.txt (line 14))
2025-08-24T21:16:58.5994300Z   Using cached watchfiles-1.1.0-cp312-cp312-manylinux_2_17_x86_64.manylinux2014_x86_64.whl.metadata (4.9 kB)
2025-08-24T21:16:58.7996832Z Collecting websockets>=10.4 (from uvicorn[standard]>=0.12.0; extra == "all"->fastapi[all]->-r requirements-dev.txt (line 14))
2025-08-24T21:16:58.8010423Z   Using cached websockets-15.0.1-cp312-cp312-manylinux_2_5_x86_64.manylinux1_x86_64.manylinux_2_17_x86_64.manylinux2014_x86_64.whl.metadata (6.8 kB)
2025-08-24T21:16:58.8471316Z Collecting argon2-cffi-bindings (from argon2-cffi->minio==7.*->-r requirements-dev.txt (line 10))
2025-08-24T21:16:58.8483150Z   Using cached argon2_cffi_bindings-25.1.0-cp39-abi3-manylinux_2_26_x86_64.manylinux_2_28_x86_64.whl.metadata (7.4 kB)
2025-08-24T21:16:58.9500562Z Collecting cffi>=1.0.1 (from argon2-cffi-bindings->argon2-cffi->minio==7.*->-r requirements-dev.txt (line 10))
2025-08-24T21:16:58.9513240Z   Using cached cffi-1.17.1-cp312-cp312-manylinux_2_17_x86_64.manylinux2014_x86_64.whl.metadata (1.5 kB)
2025-08-24T21:16:58.9643472Z Collecting pycparser (from cffi>=1.0.1->argon2-cffi-bindings->argon2-cffi->minio==7.*->-r requirements-dev.txt (line 10))
2025-08-24T21:16:58.9654699Z   Using cached pycparser-2.22-py3-none-any.whl.metadata (943 bytes)
2025-08-24T21:16:59.0256339Z Using cached jinja2-3.1.6-py3-none-any.whl (134 kB)
2025-08-24T21:16:59.0268742Z Using cached alembic-1.16.4-py3-none-any.whl (247 kB)
2025-08-24T21:16:59.0281273Z Using cached APScheduler-3.10.4-py3-none-any.whl (59 kB)
2025-08-24T21:16:59.0292575Z Using cached asgi_correlation_id-4.3.1-py3-none-any.whl (15 kB)
2025-08-24T21:16:59.0303695Z Using cached asyncpg-0.30.0-cp312-cp312-manylinux_2_17_x86_64.manylinux2014_x86_64.whl (3.6 MB)
2025-08-24T21:16:59.0340197Z Using cached black-25.1.0-cp312-cp312-manylinux_2_17_x86_64.manylinux2014_x86_64.manylinux_2_28_x86_64.whl (1.8 MB)
2025-08-24T21:16:59.0363463Z Using cached vulture-2.10-py2.py3-none-any.whl (27 kB)
2025-08-24T21:16:59.0374307Z Using cached celery-5.5.3-py3-none-any.whl (438 kB)
2025-08-24T21:16:59.0388090Z Using cached fastapi-0.116.1-py3-none-any.whl (95 kB)
2025-08-24T21:16:59.0399465Z Using cached pydantic-2.11.7-py3-none-any.whl (444 kB)
2025-08-24T21:16:59.0414428Z Using cached fastapi_limiter-0.1.6-py3-none-any.whl (15 kB)
2025-08-24T21:16:59.0425486Z Using cached IMAPClient-3.0.1-py2.py3-none-any.whl (182 kB)
2025-08-24T21:16:59.0437644Z Using cached mypy_extensions-1.1.0-py3-none-any.whl (5.0 kB)
2025-08-24T21:16:59.0448674Z Using cached openpyxl-3.1.5-py2.py3-none-any.whl (250 kB)
2025-08-24T21:16:59.0461776Z Using cached psycopg2_binary-2.9.10-cp312-cp312-manylinux_2_17_x86_64.manylinux2014_x86_64.whl (3.0 MB)
2025-08-24T21:16:59.0494082Z Using cached psycopg-3.2.9-py3-none-any.whl (202 kB)
2025-08-24T21:16:59.0506395Z Using cached pytest_asyncio-1.1.0-py3-none-any.whl (15 kB)
2025-08-24T21:16:59.0517552Z Using cached pytest_cov-6.2.1-py3-none-any.whl (24 kB)
2025-08-24T21:16:59.0528826Z Using cached pytest_postgresql-7.0.2-py3-none-any.whl (41 kB)
2025-08-24T21:16:59.0540191Z Using cached python_telegram_bot-22.3-py3-none-any.whl (717 kB)
2025-08-24T21:16:59.0556578Z Using cached requests-2.32.4-py3-none-any.whl (64 kB)
2025-08-24T21:16:59.0568527Z Using cached respx-0.22.0-py2.py3-none-any.whl (25 kB)
2025-08-24T21:16:59.0579769Z Using cached ruff-0.9.9-py3-none-manylinux_2_17_x86_64.manylinux2014_x86_64.whl (11.2 MB)
2025-08-24T21:16:59.0670603Z Using cached sqlalchemy-2.0.43-cp312-cp312-manylinux_2_17_x86_64.manylinux2014_x86_64.whl (3.3 MB)
2025-08-24T21:16:59.0705940Z Using cached structlog-24.1.0-py3-none-any.whl (65 kB)
2025-08-24T21:16:59.0717480Z Using cached testcontainers-4.12.0-py3-none-any.whl (111 kB)
2025-08-24T21:16:59.0729389Z Using cached types_requests-2.32.4.20250809-py3-none-any.whl (20 kB)
2025-08-24T21:16:59.0740568Z Using cached docspec_python-2.2.2-py3-none-any.whl (15 kB)
2025-08-24T21:16:59.0751650Z Using cached pydoc_markdown-4.8.2-py3-none-any.whl (67 kB)
2025-08-24T21:16:59.0763214Z Using cached docspec-2.2.1-py3-none-any.whl (9.8 kB)
2025-08-24T21:16:59.0774768Z Using cached psycopg_binary-3.2.9-cp312-cp312-manylinux_2_17_x86_64.manylinux2014_x86_64.whl (4.4 MB)
2025-08-24T21:16:59.0816815Z Using cached pydantic_core-2.33.2-cp312-cp312-manylinux_2_17_x86_64.manylinux2014_x86_64.whl (2.0 MB)
2025-08-24T21:16:59.0842502Z Using cached redis-6.4.0-py3-none-any.whl (279 kB)
2025-08-24T21:16:59.0855609Z Using cached minio-7.2.16-py3-none-any.whl (95 kB)
2025-08-24T21:16:59.0867321Z Using cached httpx-0.28.1-py3-none-any.whl (73 kB)
2025-08-24T21:16:59.0879276Z Using cached mypy-1.17.1-cp312-cp312-manylinux2014_x86_64.manylinux_2_17_x86_64.manylinux_2_28_x86_64.whl (12.7 MB)
2025-08-24T21:16:59.0979309Z Using cached numpy-1.26.4-cp312-cp312-manylinux_2_17_x86_64.manylinux2014_x86_64.whl (18.0 MB)
2025-08-24T21:16:59.1119287Z Using cached pandas-2.2.3-cp312-cp312-manylinux_2_17_x86_64.manylinux2014_x86_64.whl (12.7 MB)
2025-08-24T21:16:59.1219536Z Using cached pandera-0.19.3-py3-none-any.whl (251 kB)
2025-08-24T21:16:59.1231942Z Using cached billiard-4.2.1-py3-none-any.whl (86 kB)
2025-08-24T21:16:59.1244374Z Using cached charset_normalizer-3.4.3-cp312-cp312-manylinux2014_x86_64.manylinux_2_17_x86_64.manylinux_2_28_x86_64.whl (151 kB)
2025-08-24T21:16:59.1256229Z Using cached click-8.2.1-py3-none-any.whl (102 kB)
2025-08-24T21:16:59.1267638Z Using cached databind.core-4.5.2-py3-none-any.whl (1.5 kB)
2025-08-24T21:16:59.1278469Z Using cached databind-4.5.2-py3-none-any.whl (49 kB)
2025-08-24T21:16:59.1289386Z Using cached databind.json-4.5.2-py3-none-any.whl (1.5 kB)
2025-08-24T21:16:59.1300084Z Using cached Deprecated-1.2.18-py2.py3-none-any.whl (10.0 kB)
2025-08-24T21:16:59.1311097Z Using cached httpcore-1.0.9-py3-none-any.whl (78 kB)
2025-08-24T21:16:59.1322417Z Using cached idna-3.10-py3-none-any.whl (70 kB)
2025-08-24T21:16:59.1333559Z Using cached kombu-5.5.4-py3-none-any.whl (210 kB)
2025-08-24T21:16:59.1346009Z Using cached vine-5.1.0-py3-none-any.whl (9.6 kB)
2025-08-24T21:16:59.1357082Z Using cached amqp-5.3.1-py3-none-any.whl (50 kB)
2025-08-24T21:16:59.1368348Z Using cached multimethod-1.10-py3-none-any.whl (9.9 kB)
2025-08-24T21:16:59.1379154Z Using cached nr_date-2.1.0-py3-none-any.whl (10 kB)
2025-08-24T21:16:59.1390082Z Using cached nr_stream-1.1.5-py3-none-any.whl (10 kB)
2025-08-24T21:16:59.1401392Z Using cached nr.util-0.8.12-py3-none-any.whl (90 kB)
2025-08-24T21:16:59.1413016Z Using cached pytest-8.4.1-py3-none-any.whl (365 kB)
2025-08-24T21:16:59.1426599Z Using cached pluggy-1.6.0-py3-none-any.whl (20 kB)
2025-08-24T21:16:59.1438143Z Using cached PyYAML-6.0.2-cp312-cp312-manylinux_2_17_x86_64.manylinux2014_x86_64.whl (767 kB)
2025-08-24T21:16:59.1584292Z Downloading starlette-0.47.3-py3-none-any.whl (72 kB)
2025-08-24T21:16:59.1763129Z Using cached anyio-4.10.0-py3-none-any.whl (107 kB)
2025-08-24T21:16:59.1775307Z Using cached tomli-2.2.1-cp312-cp312-manylinux_2_17_x86_64.manylinux2014_x86_64.whl (242 kB)
2025-08-24T21:16:59.1788019Z Using cached tomli_w-1.2.0-py3-none-any.whl (6.7 kB)
2025-08-24T21:16:59.1799145Z Using cached typeapi-2.2.4-py3-none-any.whl (26 kB)
2025-08-24T21:16:59.1810445Z Using cached typing_extensions-4.14.1-py3-none-any.whl (43 kB)
2025-08-24T21:16:59.1821689Z Using cached urllib3-2.5.0-py3-none-any.whl (129 kB)
2025-08-24T21:16:59.1834267Z Using cached wrapt-1.17.3-cp312-cp312-manylinux1_x86_64.manylinux_2_28_x86_64.manylinux_2_5_x86_64.whl (88 kB)
2025-08-24T21:16:59.1970420Z Downloading boto3-1.40.16-py3-none-any.whl (140 kB)
2025-08-24T21:16:59.2248037Z Downloading botocore-1.40.16-py3-none-any.whl (14.0 MB)
2025-08-24T21:16:59.3205889Z    ━━━━━━━━━━━━━━━━━━━━━━━━━━━━━━━━━━━━━━━━ 14.0/14.0 MB 166.6 MB/s  0:00:00
2025-08-24T21:16:59.3217901Z Using cached jmespath-1.0.1-py3-none-any.whl (20 kB)
2025-08-24T21:16:59.3229330Z Using cached python_dateutil-2.9.0.post0-py2.py3-none-any.whl (229 kB)
2025-08-24T21:16:59.3241967Z Using cached s3transfer-0.13.1-py3-none-any.whl (85 kB)
2025-08-24T21:16:59.3253450Z Using cached itsdangerous-2.2.0-py3-none-any.whl (16 kB)
2025-08-24T21:16:59.3264476Z Using cached setuptools-80.9.0-py3-none-any.whl (1.2 MB)
2025-08-24T21:16:59.3284409Z Using cached python_dotenv-1.1.1-py3-none-any.whl (20 kB)
2025-08-24T21:16:59.3295449Z Using cached python_multipart-0.0.20-py3-none-any.whl (24 kB)
2025-08-24T21:16:59.3306561Z Using cached annotated_types-0.7.0-py3-none-any.whl (13 kB)
2025-08-24T21:16:59.3317388Z Using cached certifi-2025.8.3-py3-none-any.whl (161 kB)
2025-08-24T21:16:59.3329183Z Using cached click_didyoumean-0.3.1-py3-none-any.whl (3.6 kB)
2025-08-24T21:16:59.3340545Z Using cached click_plugins-1.1.1.2-py2.py3-none-any.whl (11 kB)
2025-08-24T21:16:59.3351390Z Using cached click_repl-0.3.0-py3-none-any.whl (10 kB)
2025-08-24T21:16:59.3495453Z Downloading coverage-7.10.5-cp312-cp312-manylinux1_x86_64.manylinux_2_28_x86_64.manylinux_2_5_x86_64.whl (251 kB)
2025-08-24T21:16:59.3539710Z Using cached email_validator-2.2.0-py3-none-any.whl (33 kB)
2025-08-24T21:16:59.3550805Z Using cached dnspython-2.7.0-py3-none-any.whl (313 kB)
2025-08-24T21:16:59.3564076Z Using cached fastapi_cli-0.0.8-py3-none-any.whl (10 kB)
2025-08-24T21:16:59.3575007Z Using cached fastapi_cloud_cli-0.1.5-py3-none-any.whl (18 kB)
2025-08-24T21:16:59.3586265Z Using cached greenlet-3.2.4-cp312-cp312-manylinux_2_24_x86_64.manylinux_2_28_x86_64.whl (607 kB)
2025-08-24T21:16:59.3601744Z Using cached h11-0.16.0-py3-none-any.whl (37 kB)
2025-08-24T21:16:59.3613581Z Using cached iniconfig-2.1.0-py3-none-any.whl (6.0 kB)
2025-08-24T21:16:59.3625210Z Using cached MarkupSafe-3.0.2-cp312-cp312-manylinux_2_17_x86_64.manylinux2014_x86_64.whl (23 kB)
2025-08-24T21:16:59.3636443Z Using cached mirakuru-2.6.1-py3-none-any.whl (26 kB)
2025-08-24T21:16:59.3648112Z Using cached orjson-3.11.2-cp312-cp312-manylinux_2_17_x86_64.manylinux2014_x86_64.whl (121 kB)
2025-08-24T21:16:59.3659916Z Using cached packaging-25.0-py3-none-any.whl (66 kB)
2025-08-24T21:16:59.3671518Z Using cached pathspec-0.12.1-py3-none-any.whl (31 kB)
2025-08-24T21:16:59.3683300Z Using cached platformdirs-4.3.8-py3-none-any.whl (18 kB)
2025-08-24T21:16:59.3694544Z Using cached port_for-0.7.4-py3-none-any.whl (21 kB)
2025-08-24T21:16:59.3706042Z Using cached prompt_toolkit-3.0.51-py3-none-any.whl (387 kB)
2025-08-24T21:16:59.3720678Z Using cached psutil-7.0.0-cp36-abi3-manylinux_2_12_x86_64.manylinux2010_x86_64.manylinux_2_17_x86_64.manylinux2014_x86_64.whl (277 kB)
2025-08-24T21:16:59.3734082Z Using cached pydantic_extra_types-2.10.5-py3-none-any.whl (38 kB)
2025-08-24T21:16:59.3745561Z Using cached pydantic_settings-2.10.1-py3-none-any.whl (45 kB)
2025-08-24T21:16:59.3757043Z Using cached pygments-2.19.2-py3-none-any.whl (1.2 MB)
2025-08-24T21:16:59.3777050Z Using cached pytz-2025.2-py2.py3-none-any.whl (509 kB)
2025-08-24T21:16:59.3791573Z Using cached rich_toolkit-0.15.0-py3-none-any.whl (29 kB)
2025-08-24T21:16:59.3803127Z Using cached rich-14.1.0-py3-none-any.whl (243 kB)
2025-08-24T21:16:59.3815958Z Using cached markdown_it_py-4.0.0-py3-none-any.whl (87 kB)
2025-08-24T21:16:59.3827571Z Using cached mdurl-0.1.2-py3-none-any.whl (10.0 kB)
2025-08-24T21:16:59.3839362Z Using cached rignore-0.6.4-cp312-cp312-manylinux_2_17_x86_64.manylinux2014_x86_64.whl (949 kB)
2025-08-24T21:16:59.3857431Z Using cached sentry_sdk-2.35.0-py2.py3-none-any.whl (363 kB)
2025-08-24T21:16:59.3871208Z Using cached six-1.17.0-py2.py3-none-any.whl (11 kB)
2025-08-24T21:16:59.3882797Z Using cached sniffio-1.3.1-py3-none-any.whl (10 kB)
2025-08-24T21:16:59.3893854Z Using cached typer-0.16.1-py3-none-any.whl (46 kB)
2025-08-24T21:16:59.3905302Z Using cached shellingham-1.5.4-py2.py3-none-any.whl (9.8 kB)
2025-08-24T21:16:59.3916281Z Using cached typing_inspect-0.9.0-py3-none-any.whl (8.8 kB)
2025-08-24T21:16:59.3927510Z Using cached typing_inspection-0.4.1-py3-none-any.whl (14 kB)
2025-08-24T21:16:59.3938754Z Using cached tzdata-2025.2-py2.py3-none-any.whl (347 kB)
2025-08-24T21:16:59.3952469Z Using cached tzlocal-5.3.1-py3-none-any.whl (18 kB)
2025-08-24T21:16:59.3963970Z Using cached ujson-5.11.0-cp312-cp312-manylinux_2_24_x86_64.manylinux_2_28_x86_64.whl (57 kB)
2025-08-24T21:16:59.3975265Z Using cached uvicorn-0.35.0-py3-none-any.whl (66 kB)
2025-08-24T21:16:59.3987588Z Using cached httptools-0.6.4-cp312-cp312-manylinux_2_5_x86_64.manylinux1_x86_64.manylinux_2_17_x86_64.manylinux2014_x86_64.whl (510 kB)
2025-08-24T21:16:59.4002427Z Using cached uvloop-0.21.0-cp312-cp312-manylinux_2_17_x86_64.manylinux2014_x86_64.whl (4.7 MB)
2025-08-24T21:16:59.4048868Z Using cached watchfiles-1.1.0-cp312-cp312-manylinux_2_17_x86_64.manylinux2014_x86_64.whl (452 kB)
2025-08-24T21:16:59.4063884Z Using cached websockets-15.0.1-cp312-cp312-manylinux_2_5_x86_64.manylinux1_x86_64.manylinux_2_17_x86_64.manylinux2014_x86_64.whl (182 kB)
2025-08-24T21:16:59.4076123Z Using cached yapf-0.43.0-py3-none-any.whl (256 kB)
2025-08-24T21:16:59.4088998Z Using cached argon2_cffi-25.1.0-py3-none-any.whl (14 kB)
2025-08-24T21:16:59.4101069Z Using cached argon2_cffi_bindings-25.1.0-cp39-abi3-manylinux_2_26_x86_64.manylinux_2_28_x86_64.whl (87 kB)
2025-08-24T21:16:59.4112994Z Using cached cffi-1.17.1-cp312-cp312-manylinux_2_17_x86_64.manylinux2014_x86_64.whl (479 kB)
2025-08-24T21:16:59.4127542Z Using cached docker-7.1.0-py3-none-any.whl (147 kB)
2025-08-24T21:16:59.4139789Z Using cached et_xmlfile-2.0.0-py3-none-any.whl (18 kB)
2025-08-24T21:16:59.4151434Z Using cached mako-1.3.10-py3-none-any.whl (78 kB)
2025-08-24T21:16:59.4163155Z Using cached pycparser-2.22-py3-none-any.whl (117 kB)
2025-08-24T21:16:59.4175794Z Using cached pycryptodome-3.23.0-cp37-abi3-manylinux_2_17_x86_64.manylinux2014_x86_64.whl (2.3 MB)
2025-08-24T21:16:59.4202549Z Using cached toml-0.10.2-py2.py3-none-any.whl (16 kB)
2025-08-24T21:16:59.4213706Z Using cached typeguard-4.4.4-py3-none-any.whl (34 kB)
2025-08-24T21:16:59.4225111Z Using cached watchdog-6.0.0-py3-none-manylinux2014_x86_64.whl (79 kB)
2025-08-24T21:16:59.4236690Z Using cached wcwidth-0.2.13-py2.py3-none-any.whl (34 kB)
2025-08-24T21:16:59.8941117Z Installing collected packages: wcwidth, pytz, wrapt, websockets, watchdog, vine, uvloop, urllib3, ujson, tzlocal, tzdata, typing-extensions, tomli_w, tomli, toml, structlog, sniffio, six, shellingham, setuptools, ruff, rignore, redis, PyYAML, python-multipart, python-dotenv, pygments, pycryptodome, pycparser, psycopg2-binary, psycopg-binary, psutil, prompt-toolkit, port-for, pluggy, platformdirs, pathspec, packaging, orjson, numpy, nr-stream, nr-date, mypy-extensions, multimethod, mdurl, MarkupSafe, jmespath, itsdangerous, iniconfig, imapclient, idna, httptools, h11, greenlet, et-xmlfile, docstring-parser, dnspython, coverage, click, charset_normalizer, certifi, billiard, asyncpg, annotated-types, yapf, vulture, uvicorn, typing-inspection, typing-inspect, types-requests, typeguard, typeapi, sqlalchemy, sentry-sdk, requests, python-dateutil, pytest, pydantic-core, psycopg, openpyxl, mypy, mirakuru, markdown-it-py, Mako, Jinja2, httpcore, email-validator, Deprecated, click-repl, click-plugins, click-didyoumean, cffi, black, apscheduler, anyio, amqp, watchfiles, starlette, rich, pytest-postgresql, pytest-cov, pytest-asyncio, pydantic, pandas, nr-util, kombu, httpx, docker, databind, botocore, argon2-cffi-bindings, alembic, typer, testcontainers, s3transfer, rich-toolkit, respx, python-telegram-bot, pydantic-settings, pydantic-extra-types, pandera, fastapi, databind.json, databind.core, celery, asgi-correlation-id, argon2-cffi, minio, fastapi-limiter, fastapi-cloud-cli, fastapi-cli, docspec, boto3, docspec-python, pydoc-markdown
2025-08-24T21:17:18.9499669Z 
2025-08-24T21:17:18.9621778Z Successfully installed Deprecated-1.2.18 Jinja2-3.1.6 Mako-1.3.10 MarkupSafe-3.0.2 PyYAML-6.0.2 alembic-1.16.4 amqp-5.3.1 annotated-types-0.7.0 anyio-4.10.0 apscheduler-3.10.4 argon2-cffi-25.1.0 argon2-cffi-bindings-25.1.0 asgi-correlation-id-4.3.1 asyncpg-0.30.0 billiard-4.2.1 black-25.1.0 boto3-1.40.16 botocore-1.40.16 celery-5.5.3 certifi-2025.8.3 cffi-1.17.1 charset_normalizer-3.4.3 click-8.2.1 click-didyoumean-0.3.1 click-plugins-1.1.1.2 click-repl-0.3.0 coverage-7.10.5 databind-4.5.2 databind.core-4.5.2 databind.json-4.5.2 dnspython-2.7.0 docker-7.1.0 docspec-2.2.1 docspec-python-2.2.2 docstring-parser-0.11 email-validator-2.2.0 et-xmlfile-2.0.0 fastapi-0.116.1 fastapi-cli-0.0.8 fastapi-cloud-cli-0.1.5 fastapi-limiter-0.1.6 greenlet-3.2.4 h11-0.16.0 httpcore-1.0.9 httptools-0.6.4 httpx-0.28.1 idna-3.10 imapclient-3.0.1 iniconfig-2.1.0 itsdangerous-2.2.0 jmespath-1.0.1 kombu-5.5.4 markdown-it-py-4.0.0 mdurl-0.1.2 minio-7.2.16 mirakuru-2.6.1 multimethod-1.10 mypy-1.17.1 mypy-extensions-1.1.0 nr-date-2.1.0 nr-stream-1.1.5 nr-util-0.8.12 numpy-1.26.4 openpyxl-3.1.5 orjson-3.11.2 packaging-25.0 pandas-2.2.3 pandera-0.19.3 pathspec-0.12.1 platformdirs-4.3.8 pluggy-1.6.0 port-for-0.7.4 prompt-toolkit-3.0.51 psutil-7.0.0 psycopg-3.2.9 psycopg-binary-3.2.9 psycopg2-binary-2.9.10 pycparser-2.22 pycryptodome-3.23.0 pydantic-2.11.7 pydantic-core-2.33.2 pydantic-extra-types-2.10.5 pydantic-settings-2.10.1 pydoc-markdown-4.8.2 pygments-2.19.2 pytest-8.4.1 pytest-asyncio-1.1.0 pytest-cov-6.2.1 pytest-postgresql-7.0.2 python-dateutil-2.9.0.post0 python-dotenv-1.1.1 python-multipart-0.0.20 python-telegram-bot-22.3 pytz-2025.2 redis-6.4.0 requests-2.32.4 respx-0.22.0 rich-14.1.0 rich-toolkit-0.15.0 rignore-0.6.4 ruff-0.9.9 s3transfer-0.13.1 sentry-sdk-2.35.0 setuptools-80.9.0 shellingham-1.5.4 six-1.17.0 sniffio-1.3.1 sqlalchemy-2.0.43 starlette-0.47.3 structlog-24.1.0 testcontainers-4.12.0 toml-0.10.2 tomli-2.2.1 tomli_w-1.2.0 typeapi-2.2.4 typeguard-4.4.4 typer-0.16.1 types-requests-2.32.4.20250809 typing-extensions-4.14.1 typing-inspect-0.9.0 typing-inspection-0.4.1 tzdata-2025.2 tzlocal-5.3.1 ujson-5.11.0 urllib3-2.5.0 uvicorn-0.35.0 uvloop-0.21.0 vine-5.1.0 vulture-2.10 watchdog-6.0.0 watchfiles-1.1.0 wcwidth-0.2.13 websockets-15.0.1 wrapt-1.17.3 yapf-0.43.0
2025-08-24T21:17:20.4731459Z Collecting keepa==1.3.15
2025-08-24T21:17:20.4745442Z   Using cached keepa-1.3.15-py3-none-any.whl.metadata (11 kB)
2025-08-24T21:17:20.5028755Z Collecting minio==7.1.15
2025-08-24T21:17:20.5041087Z   Using cached minio-7.1.15-py3-none-any.whl.metadata (4.2 kB)
2025-08-24T21:17:20.5068284Z Requirement already satisfied: numpy>=1.9.3 in /opt/hostedtoolcache/Python/3.12.11/x64/lib/python3.12/site-packages (from keepa==1.3.15) (1.26.4)
2025-08-24T21:17:20.5074488Z Requirement already satisfied: requests>=2.2 in /opt/hostedtoolcache/Python/3.12.11/x64/lib/python3.12/site-packages (from keepa==1.3.15) (2.32.4)
2025-08-24T21:17:20.5391903Z Collecting tqdm (from keepa==1.3.15)
2025-08-24T21:17:20.5404857Z   Using cached tqdm-4.67.1-py3-none-any.whl.metadata (57 kB)
2025-08-24T21:17:21.0262012Z Collecting aiohttp (from keepa==1.3.15)
2025-08-24T21:17:21.0275790Z   Using cached aiohttp-3.12.15-cp312-cp312-manylinux_2_17_x86_64.manylinux2014_x86_64.whl.metadata (7.7 kB)
2025-08-24T21:17:21.0310310Z Requirement already satisfied: pandas<=3.0 in /opt/hostedtoolcache/Python/3.12.11/x64/lib/python3.12/site-packages (from keepa==1.3.15) (2.2.3)
2025-08-24T21:17:21.0313798Z Requirement already satisfied: pydantic in /opt/hostedtoolcache/Python/3.12.11/x64/lib/python3.12/site-packages (from keepa==1.3.15) (2.11.7)
2025-08-24T21:17:21.0321266Z Requirement already satisfied: certifi in /opt/hostedtoolcache/Python/3.12.11/x64/lib/python3.12/site-packages (from minio==7.1.15) (2025.8.3)
2025-08-24T21:17:21.0324636Z Requirement already satisfied: urllib3 in /opt/hostedtoolcache/Python/3.12.11/x64/lib/python3.12/site-packages (from minio==7.1.15) (2.5.0)
2025-08-24T21:17:21.0383417Z Requirement already satisfied: python-dateutil>=2.8.2 in /opt/hostedtoolcache/Python/3.12.11/x64/lib/python3.12/site-packages (from pandas<=3.0->keepa==1.3.15) (2.9.0.post0)
2025-08-24T21:17:21.0388149Z Requirement already satisfied: pytz>=2020.1 in /opt/hostedtoolcache/Python/3.12.11/x64/lib/python3.12/site-packages (from pandas<=3.0->keepa==1.3.15) (2025.2)
2025-08-24T21:17:21.0393143Z Requirement already satisfied: tzdata>=2022.7 in /opt/hostedtoolcache/Python/3.12.11/x64/lib/python3.12/site-packages (from pandas<=3.0->keepa==1.3.15) (2025.2)
2025-08-24T21:17:21.0518959Z Requirement already satisfied: six>=1.5 in /opt/hostedtoolcache/Python/3.12.11/x64/lib/python3.12/site-packages (from python-dateutil>=2.8.2->pandas<=3.0->keepa==1.3.15) (1.17.0)
2025-08-24T21:17:21.0537858Z Requirement already satisfied: charset_normalizer<4,>=2 in /opt/hostedtoolcache/Python/3.12.11/x64/lib/python3.12/site-packages (from requests>=2.2->keepa==1.3.15) (3.4.3)
2025-08-24T21:17:21.0543946Z Requirement already satisfied: idna<4,>=2.5 in /opt/hostedtoolcache/Python/3.12.11/x64/lib/python3.12/site-packages (from requests>=2.2->keepa==1.3.15) (3.10)
2025-08-24T21:17:21.0755882Z Collecting aiohappyeyeballs>=2.5.0 (from aiohttp->keepa==1.3.15)
2025-08-24T21:17:21.0767368Z   Using cached aiohappyeyeballs-2.6.1-py3-none-any.whl.metadata (5.9 kB)
2025-08-24T21:17:21.0857623Z Collecting aiosignal>=1.4.0 (from aiohttp->keepa==1.3.15)
2025-08-24T21:17:21.0868731Z   Using cached aiosignal-1.4.0-py3-none-any.whl.metadata (3.7 kB)
2025-08-24T21:17:21.1009627Z Collecting attrs>=17.3.0 (from aiohttp->keepa==1.3.15)
2025-08-24T21:17:21.1021010Z   Using cached attrs-25.3.0-py3-none-any.whl.metadata (10 kB)
2025-08-24T21:17:21.1714432Z Collecting frozenlist>=1.1.1 (from aiohttp->keepa==1.3.15)
2025-08-24T21:17:21.1726977Z   Using cached frozenlist-1.7.0-cp312-cp312-manylinux_2_5_x86_64.manylinux1_x86_64.manylinux_2_17_x86_64.manylinux2014_x86_64.whl.metadata (18 kB)
2025-08-24T21:17:21.4158742Z Collecting multidict<7.0,>=4.5 (from aiohttp->keepa==1.3.15)
2025-08-24T21:17:21.4172997Z   Using cached multidict-6.6.4-cp312-cp312-manylinux2014_x86_64.manylinux_2_17_x86_64.manylinux_2_28_x86_64.whl.metadata (5.3 kB)
2025-08-24T21:17:21.4589219Z Collecting propcache>=0.2.0 (from aiohttp->keepa==1.3.15)
2025-08-24T21:17:21.4601743Z   Using cached propcache-0.3.2-cp312-cp312-manylinux_2_17_x86_64.manylinux2014_x86_64.whl.metadata (12 kB)
2025-08-24T21:17:21.6984821Z Collecting yarl<2.0,>=1.17.0 (from aiohttp->keepa==1.3.15)
2025-08-24T21:17:21.6998624Z   Using cached yarl-1.20.1-cp312-cp312-manylinux_2_17_x86_64.manylinux2014_x86_64.whl.metadata (73 kB)
2025-08-24T21:17:21.7213592Z Requirement already satisfied: typing-extensions>=4.2 in /opt/hostedtoolcache/Python/3.12.11/x64/lib/python3.12/site-packages (from aiosignal>=1.4.0->aiohttp->keepa==1.3.15) (4.14.1)
2025-08-24T21:17:21.7262469Z Requirement already satisfied: annotated-types>=0.6.0 in /opt/hostedtoolcache/Python/3.12.11/x64/lib/python3.12/site-packages (from pydantic->keepa==1.3.15) (0.7.0)
2025-08-24T21:17:21.7268426Z Requirement already satisfied: pydantic-core==2.33.2 in /opt/hostedtoolcache/Python/3.12.11/x64/lib/python3.12/site-packages (from pydantic->keepa==1.3.15) (2.33.2)
2025-08-24T21:17:21.7275364Z Requirement already satisfied: typing-inspection>=0.4.0 in /opt/hostedtoolcache/Python/3.12.11/x64/lib/python3.12/site-packages (from pydantic->keepa==1.3.15) (0.4.1)
2025-08-24T21:17:21.7335287Z Using cached keepa-1.3.15-py3-none-any.whl (38 kB)
2025-08-24T21:17:21.7346252Z Using cached minio-7.1.15-py3-none-any.whl (77 kB)
2025-08-24T21:17:21.7357977Z Using cached aiohttp-3.12.15-cp312-cp312-manylinux_2_17_x86_64.manylinux2014_x86_64.whl (1.7 MB)
2025-08-24T21:17:21.7381662Z Using cached multidict-6.6.4-cp312-cp312-manylinux2014_x86_64.manylinux_2_17_x86_64.manylinux_2_28_x86_64.whl (256 kB)
2025-08-24T21:17:21.7393591Z Using cached yarl-1.20.1-cp312-cp312-manylinux_2_17_x86_64.manylinux2014_x86_64.whl (355 kB)
2025-08-24T21:17:21.7406572Z Using cached aiohappyeyeballs-2.6.1-py3-none-any.whl (15 kB)
2025-08-24T21:17:21.7417250Z Using cached aiosignal-1.4.0-py3-none-any.whl (7.5 kB)
2025-08-24T21:17:21.7427751Z Using cached attrs-25.3.0-py3-none-any.whl (63 kB)
2025-08-24T21:17:21.7439687Z Using cached frozenlist-1.7.0-cp312-cp312-manylinux_2_5_x86_64.manylinux1_x86_64.manylinux_2_17_x86_64.manylinux2014_x86_64.whl (241 kB)
2025-08-24T21:17:21.7452581Z Using cached propcache-0.3.2-cp312-cp312-manylinux_2_17_x86_64.manylinux2014_x86_64.whl (224 kB)
2025-08-24T21:17:21.7464873Z Using cached tqdm-4.67.1-py3-none-any.whl (78 kB)
2025-08-24T21:17:21.9272552Z Installing collected packages: tqdm, propcache, multidict, minio, frozenlist, attrs, aiohappyeyeballs, yarl, aiosignal, aiohttp, keepa
2025-08-24T21:17:22.0153688Z   Attempting uninstall: minio
2025-08-24T21:17:22.0203117Z     Found existing installation: minio 7.2.16
2025-08-24T21:17:22.0239572Z     Uninstalling minio-7.2.16:
2025-08-24T21:17:22.0249731Z       Successfully uninstalled minio-7.2.16
2025-08-24T21:17:22.3867663Z 
2025-08-24T21:17:22.3982267Z Successfully installed aiohappyeyeballs-2.6.1 aiohttp-3.12.15 aiosignal-1.4.0 attrs-25.3.0 frozenlist-1.7.0 keepa-1.3.15 minio-7.1.15 multidict-6.6.4 propcache-0.3.2 tqdm-4.67.1 yarl-1.20.1
2025-08-24T21:17:22.5665899Z ##[group]Run ruff check .
2025-08-24T21:17:22.5666171Z [36;1mruff check .[0m
2025-08-24T21:17:22.5666377Z [36;1mruff format --check .[0m
2025-08-24T21:17:22.5666591Z [36;1mvulture[0m
2025-08-24T21:17:22.5707206Z shell: /usr/bin/bash -e {0}
2025-08-24T21:17:22.5707427Z env:
2025-08-24T21:17:22.5707629Z   REDIS_URL: redis://localhost:6379/0
2025-08-24T21:17:22.5707878Z   RATE_LIMIT_DEFAULT: 100/minute
2025-08-24T21:17:22.5708095Z   TRUST_X_FORWARDED: 1
2025-08-24T21:17:22.5708291Z   PG_USER: postgres
2025-08-24T21:17:22.5708470Z   PG_PASSWORD: pass
2025-08-24T21:17:22.5708650Z   PG_DATABASE: awa
2025-08-24T21:17:22.5708825Z   PG_HOST: localhost
2025-08-24T21:17:22.5709001Z   PG_PORT: 5432
2025-08-24T21:17:22.5709437Z   PG_SYNC_DSN: ***localhost:5432/awa
2025-08-24T21:17:22.5709812Z   PG_ASYNC_DSN: ***localhost:5432/awa
2025-08-24T21:17:22.5710360Z   DATABASE_URL: ***localhost:5432/awa
2025-08-24T21:17:22.5710604Z   DATA_DIR: /tmp/awa-data
2025-08-24T21:17:22.5711013Z   ENABLE_LIVE: 0
2025-08-24T21:17:22.5711292Z   TESTING: 1
2025-08-24T21:17:22.5711526Z   pythonLocation: /opt/hostedtoolcache/Python/3.12.11/x64
2025-08-24T21:17:22.5711918Z   PKG_CONFIG_PATH: /opt/hostedtoolcache/Python/3.12.11/x64/lib/pkgconfig
2025-08-24T21:17:22.5712298Z   Python_ROOT_DIR: /opt/hostedtoolcache/Python/3.12.11/x64
2025-08-24T21:17:22.5712630Z   Python2_ROOT_DIR: /opt/hostedtoolcache/Python/3.12.11/x64
2025-08-24T21:17:22.5712969Z   Python3_ROOT_DIR: /opt/hostedtoolcache/Python/3.12.11/x64
2025-08-24T21:17:22.5713310Z   LD_LIBRARY_PATH: /opt/hostedtoolcache/Python/3.12.11/x64/lib
2025-08-24T21:17:22.5713598Z ##[endgroup]
2025-08-24T21:17:22.6020603Z All checks passed!
2025-08-24T21:17:22.6247829Z Would reformat: services/etl/healthcheck.py
2025-08-24T21:17:22.6249059Z Would reformat: services/ingest/healthcheck.py
2025-08-24T21:17:22.6249644Z 2 files would be reformatted, 257 files already formatted
2025-08-24T21:17:22.6273103Z ##[error]Process completed with exit code 1.
2025-08-24T21:17:22.6367791Z Post job cleanup.
2025-08-24T21:17:22.7137465Z [command]/usr/bin/git version
2025-08-24T21:17:22.7172755Z git version 2.51.0
2025-08-24T21:17:22.7209169Z Temporarily overriding HOME='/home/runner/work/_temp/bee8697f-786f-444f-9020-3f56a6c9189b' before making global git config changes
2025-08-24T21:17:22.7209935Z Adding repository directory to the temporary git global config as a safe directory
2025-08-24T21:17:22.7215519Z [command]/usr/bin/git config --global --add safe.directory /home/runner/work/AWA-App/AWA-App
2025-08-24T21:17:22.7251588Z [command]/usr/bin/git config --local --name-only --get-regexp core\.sshCommand
2025-08-24T21:17:22.7307669Z [command]/usr/bin/git submodule foreach --recursive sh -c "git config --local --name-only --get-regexp 'core\.sshCommand' && git config --local --unset-all 'core.sshCommand' || :"
2025-08-24T21:17:22.7532923Z [command]/usr/bin/git config --local --name-only --get-regexp http\.https\:\/\/github\.com\/\.extraheader
2025-08-24T21:17:22.7554148Z http.https://github.com/.extraheader
2025-08-24T21:17:22.7564013Z [command]/usr/bin/git config --local --unset-all http.https://github.com/.extraheader
2025-08-24T21:17:22.7604381Z [command]/usr/bin/git submodule foreach --recursive sh -c "git config --local --name-only --get-regexp 'http\.https\:\/\/github\.com\/\.extraheader' && git config --local --unset-all 'http.https://github.com/.extraheader' || :"
2025-08-24T21:17:22.7946227Z Print service container logs: a559ffae9ccd403da06eb69a449d73dd_postgres15_3320fc
2025-08-24T21:17:22.7950552Z ##[command]/usr/bin/docker logs --details 9ba464fb09ca81fde5595137f02e8509ac10134f1518db166e30e724515e16c0
2025-08-24T21:17:22.8080505Z  The files belonging to this database system will be owned by user "postgres".
2025-08-24T21:17:22.8082360Z  initdb: warning: enabling "trust" authentication for local connections
2025-08-24T21:17:22.8083489Z  initdb: hint: You can change this by editing pg_hba.conf or using the option -A, or --auth-local and --auth-host, the next time you run initdb.
2025-08-24T21:17:22.8084904Z  2025-08-24 21:16:37.352 UTC [1] LOG:  starting PostgreSQL 15.14 (Debian 15.14-1.pgdg13+1) on x86_64-pc-linux-gnu, compiled by gcc (Debian 14.2.0-19) 14.2.0, 64-bit
2025-08-24T21:17:22.8085979Z  2025-08-24 21:16:37.352 UTC [1] LOG:  listening on IPv4 address "0.0.0.0", port 5432
2025-08-24T21:17:22.8086727Z  2025-08-24 21:16:37.352 UTC [1] LOG:  listening on IPv6 address "::", port 5432
2025-08-24T21:17:22.8087487Z  2025-08-24 21:16:37.353 UTC [1] LOG:  listening on Unix socket "/var/run/postgresql/.s.PGSQL.5432"
2025-08-24T21:17:22.8088305Z  2025-08-24 21:16:37.360 UTC [64] LOG:  database system was shut down at 2025-08-24 21:16:37 UTC
2025-08-24T21:17:22.8089087Z  2025-08-24 21:16:37.365 UTC [1] LOG:  database system is ready to accept connections
2025-08-24T21:17:22.8089682Z  This user must also own the server process.
2025-08-24T21:17:22.8090398Z  
2025-08-24T21:17:22.8090979Z  The database cluster will be initialized with locale "en_US.utf8".
2025-08-24T21:17:22.8091682Z  The default database encoding has accordingly been set to "UTF8".
2025-08-24T21:17:22.8092355Z  The default text search configuration will be set to "english".
2025-08-24T21:17:22.8092864Z  
2025-08-24T21:17:22.8093146Z  Data page checksums are disabled.
2025-08-24T21:17:22.8093512Z  
2025-08-24T21:17:22.8094169Z  fixing permissions on existing directory /var/lib/postgresql/data ... ok
2025-08-24T21:17:22.8094803Z  creating subdirectories ... ok
2025-08-24T21:17:22.8095295Z  selecting dynamic shared memory implementation ... posix
2025-08-24T21:17:22.8095830Z  selecting default max_connections ... 100
2025-08-24T21:17:22.8096295Z  selecting default shared_buffers ... 128MB
2025-08-24T21:17:22.8096738Z  selecting default time zone ... Etc/UTC
2025-08-24T21:17:22.8097167Z  creating configuration files ... ok
2025-08-24T21:17:22.8097583Z  running bootstrap script ... ok
2025-08-24T21:17:22.8098032Z  performing post-bootstrap initialization ... ok
2025-08-24T21:17:22.8098506Z  syncing data to disk ... ok
2025-08-24T21:17:22.8098848Z  
2025-08-24T21:17:22.8099089Z  
2025-08-24T21:17:22.8099418Z  Success. You can now start the database server using:
2025-08-24T21:17:22.8099871Z  
2025-08-24T21:17:22.8100216Z      pg_ctl -D /var/lib/postgresql/data -l logfile start
2025-08-24T21:17:22.8100483Z  
2025-08-24T21:17:22.8101443Z  waiting for server to start....2025-08-24 21:16:37.006 UTC [48] LOG:  starting PostgreSQL 15.14 (Debian 15.14-1.pgdg13+1) on x86_64-pc-linux-gnu, compiled by gcc (Debian 14.2.0-19) 14.2.0, 64-bit
2025-08-24T21:17:22.8102744Z  2025-08-24 21:16:37.007 UTC [48] LOG:  listening on Unix socket "/var/run/postgresql/.s.PGSQL.5432"
2025-08-24T21:17:22.8103589Z  2025-08-24 21:16:37.011 UTC [51] LOG:  database system was shut down at 2025-08-24 21:16:36 UTC
2025-08-24T21:17:22.8104347Z  2025-08-24 21:16:37.014 UTC [48] LOG:  database system is ready to accept connections
2025-08-24T21:17:22.8104893Z   done
2025-08-24T21:17:22.8105155Z  server started
2025-08-24T21:17:22.8105380Z  CREATE DATABASE
2025-08-24T21:17:22.8105550Z  
2025-08-24T21:17:22.8105687Z  
2025-08-24T21:17:22.8106155Z  /usr/local/bin/docker-entrypoint.sh: ignoring /docker-entrypoint-initdb.d/*
2025-08-24T21:17:22.8106763Z  
2025-08-24T21:17:22.8107291Z  waiting for server to shut down...2025-08-24 21:16:37.228 UTC [48] LOG:  received fast shutdown request
2025-08-24T21:17:22.8108463Z  .2025-08-24 21:16:37.229 UTC [48] LOG:  aborting any active transactions
2025-08-24T21:17:22.8109328Z  2025-08-24 21:16:37.231 UTC [48] LOG:  background worker "logical replication launcher" (PID 54) exited with exit code 1
2025-08-24T21:17:22.8110193Z  2025-08-24 21:16:37.233 UTC [49] LOG:  shutting down
2025-08-24T21:17:22.8110610Z  2025-08-24 21:16:37.233 UTC [49] LOG:  checkpoint starting: shutdown immediate
2025-08-24T21:17:22.8112188Z  2025-08-24 21:16:37.255 UTC [49] LOG:  checkpoint complete: wrote 922 buffers (5.6%); 0 WAL file(s) added, 0 removed, 0 recycled; write=0.018 s, sync=0.002 s, total=0.022 s; sync files=301, longest=0.001 s, average=0.001 s; distance=4239 kB, estimate=4239 kB
2025-08-24T21:17:22.8113592Z  2025-08-24 21:16:37.263 UTC [48] LOG:  database system is shut down
2025-08-24T21:17:22.8114069Z   done
2025-08-24T21:17:22.8114319Z  server stopped
2025-08-24T21:17:22.8114600Z  
2025-08-24T21:17:22.8114951Z  PostgreSQL init process complete; ready for start up.
2025-08-24T21:17:22.8115317Z  
2025-08-24T21:17:22.8123203Z Stop and remove container: a559ffae9ccd403da06eb69a449d73dd_postgres15_3320fc
2025-08-24T21:17:22.8129301Z ##[command]/usr/bin/docker rm --force 9ba464fb09ca81fde5595137f02e8509ac10134f1518db166e30e724515e16c0
2025-08-24T21:17:23.1794888Z 9ba464fb09ca81fde5595137f02e8509ac10134f1518db166e30e724515e16c0
2025-08-24T21:17:23.1815685Z Print service container logs: d8ff01a01a6c40fe96f75d53f649ff3a_redis7alpine_f7faab
2025-08-24T21:17:23.1817072Z ##[command]/usr/bin/docker logs --details b41d61cd2e2698b1d90b4e2ad5445c055d344b65ff61e349db76bcb2735351c4
2025-08-24T21:17:23.1934522Z  1:C 24 Aug 2025 21:16:37.780 # WARNING Memory overcommit must be enabled! Without it, a background save or replication may fail under low memory condition. Being disabled, it can also cause failures without low memory condition, see https://github.com/jemalloc/jemalloc/issues/1328. To fix this issue add 'vm.overcommit_memory = 1' to /etc/sysctl.conf and then reboot or run the command 'sysctl vm.overcommit_memory=1' for this to take effect.
2025-08-24T21:17:23.1937223Z  1:C 24 Aug 2025 21:16:37.780 * oO0OoO0OoO0Oo Redis is starting oO0OoO0OoO0Oo
2025-08-24T21:17:23.1938026Z  1:C 24 Aug 2025 21:16:37.780 * Redis version=7.4.5, bits=64, commit=00000000, modified=0, pid=1, just started
2025-08-24T21:17:23.1939260Z  1:C 24 Aug 2025 21:16:37.780 # Warning: no config file specified, using the default config. In order to specify a config file use redis-server /path/to/redis.conf
2025-08-24T21:17:23.1940304Z  1:M 24 Aug 2025 21:16:37.780 * monotonic clock: POSIX clock_gettime
2025-08-24T21:17:23.1941116Z  1:M 24 Aug 2025 21:16:37.781 * Running mode=standalone, port=6379.
2025-08-24T21:17:23.1941659Z  1:M 24 Aug 2025 21:16:37.781 * Server initialized
2025-08-24T21:17:23.1942178Z  1:M 24 Aug 2025 21:16:37.781 * Ready to accept connections tcp
2025-08-24T21:17:23.1948495Z Stop and remove container: d8ff01a01a6c40fe96f75d53f649ff3a_redis7alpine_f7faab
2025-08-24T21:17:23.1949251Z ##[command]/usr/bin/docker rm --force b41d61cd2e2698b1d90b4e2ad5445c055d344b65ff61e349db76bcb2735351c4
2025-08-24T21:17:23.2944331Z b41d61cd2e2698b1d90b4e2ad5445c055d344b65ff61e349db76bcb2735351c4
2025-08-24T21:17:23.2968922Z Remove container network: github_network_1b1cd1d832894d3880de534167feb825
2025-08-24T21:17:23.2973724Z ##[command]/usr/bin/docker network rm github_network_1b1cd1d832894d3880de534167feb825
2025-08-24T21:17:23.4167409Z github_network_1b1cd1d832894d3880de534167feb825
2025-08-24T21:17:23.4225104Z Cleaning up orphan processes
