2025-08-21T15:52:00.0949137Z Current runner version: '2.328.0'
2025-08-21T15:52:00.0982358Z ##[group]Runner Image Provisioner
2025-08-21T15:52:00.0983849Z Hosted Compute Agent
2025-08-21T15:52:00.0984710Z Version: 20250818.377
2025-08-21T15:52:00.0985657Z Commit: 3c593e9f75fe0b87e893bca80d6e12ba089c61fc
2025-08-21T15:52:00.0986743Z Build Date: 2025-08-18T14:52:18Z
2025-08-21T15:52:00.0987834Z ##[endgroup]
2025-08-21T15:52:00.0988603Z ##[group]Operating System
2025-08-21T15:52:00.0990136Z Ubuntu
2025-08-21T15:52:00.0990888Z 24.04.2
2025-08-21T15:52:00.0991603Z LTS
2025-08-21T15:52:00.0992443Z ##[endgroup]
2025-08-21T15:52:00.0993227Z ##[group]Runner Image
2025-08-21T15:52:00.0994338Z Image: ubuntu-24.04
2025-08-21T15:52:00.0995064Z Version: 20250818.1.0
2025-08-21T15:52:00.0996956Z Included Software: https://github.com/actions/runner-images/blob/ubuntu24/20250818.1/images/ubuntu/Ubuntu2404-Readme.md
2025-08-21T15:52:00.0999541Z Image Release: https://github.com/actions/runner-images/releases/tag/ubuntu24%2F20250818.1
2025-08-21T15:52:00.1001242Z ##[endgroup]
2025-08-21T15:52:00.1005682Z ##[group]GITHUB_TOKEN Permissions
2025-08-21T15:52:00.1008731Z Actions: write
2025-08-21T15:52:00.1009569Z Attestations: write
2025-08-21T15:52:00.1010484Z Checks: write
2025-08-21T15:52:00.1011188Z Contents: write
2025-08-21T15:52:00.1011974Z Deployments: write
2025-08-21T15:52:00.1012843Z Discussions: write
2025-08-21T15:52:00.1013928Z Issues: write
2025-08-21T15:52:00.1014634Z Metadata: read
2025-08-21T15:52:00.1015477Z Models: read
2025-08-21T15:52:00.1016289Z Packages: write
2025-08-21T15:52:00.1017029Z Pages: write
2025-08-21T15:52:00.1017858Z PullRequests: write
2025-08-21T15:52:00.1018707Z RepositoryProjects: write
2025-08-21T15:52:00.1019639Z SecurityEvents: write
2025-08-21T15:52:00.1020614Z Statuses: write
2025-08-21T15:52:00.1021422Z ##[endgroup]
2025-08-21T15:52:00.1025036Z Secret source: Actions
2025-08-21T15:52:00.1026668Z Prepare workflow directory
2025-08-21T15:52:00.1644031Z Prepare all required actions
2025-08-21T15:52:00.1699327Z Getting action download info
2025-08-21T15:52:00.4611431Z Download action repository 'actions/checkout@v5' (SHA:08c6903cd8c0fde910a37f88322edcfb5dd907a8)
2025-08-21T15:52:00.5316748Z Download action repository 'actions/setup-python@v5' (SHA:a26af69be951a213d495a4c3e4e4022e16d87065)
2025-08-21T15:52:00.6111751Z Download action repository 'actions/upload-artifact@v4' (SHA:ea165f8d65b6e75b540449e92b4886f43607fa02)
2025-08-21T15:52:01.0307004Z Complete job name: unit
2025-08-21T15:52:01.0901987Z ##[group]Checking docker version
2025-08-21T15:52:01.0916074Z ##[command]/usr/bin/docker version --format '{{.Server.APIVersion}}'
2025-08-21T15:52:01.1286497Z '1.48'
2025-08-21T15:52:01.1301507Z Docker daemon API version: '1.48'
2025-08-21T15:52:01.1302939Z ##[command]/usr/bin/docker version --format '{{.Client.APIVersion}}'
2025-08-21T15:52:01.1472362Z '1.48'
2025-08-21T15:52:01.1486895Z Docker client API version: '1.48'
2025-08-21T15:52:01.1493832Z ##[endgroup]
2025-08-21T15:52:01.1497372Z ##[group]Clean up resources from previous jobs
2025-08-21T15:52:01.1503528Z ##[command]/usr/bin/docker ps --all --quiet --no-trunc --filter "label=d4223a"
2025-08-21T15:52:01.1659593Z ##[command]/usr/bin/docker network prune --force --filter "label=d4223a"
2025-08-21T15:52:01.1801829Z ##[endgroup]
2025-08-21T15:52:01.1802707Z ##[group]Create local container network
2025-08-21T15:52:01.1814728Z ##[command]/usr/bin/docker network create --label d4223a github_network_d588ad11f9d24535b4404b2b448767ca
2025-08-21T15:52:01.2301543Z 681ae20cd73ce29de4f2472b32d441907808b552d2558de1c3d82241db13ee11
2025-08-21T15:52:01.2319574Z ##[endgroup]
2025-08-21T15:52:01.2345556Z ##[group]Starting postgres service container
2025-08-21T15:52:01.2365500Z ##[command]/usr/bin/docker pull postgres:15
2025-08-21T15:52:01.4411278Z 15: Pulling from library/postgres
2025-08-21T15:52:01.4921686Z 396b1da7636e: Pulling fs layer
2025-08-21T15:52:01.4923422Z fca2566eba32: Pulling fs layer
2025-08-21T15:52:01.4924985Z 631fe8c6d606: Pulling fs layer
2025-08-21T15:52:01.4926341Z 77c7671c4414: Pulling fs layer
2025-08-21T15:52:01.4927872Z 2d9e29180a27: Pulling fs layer
2025-08-21T15:52:01.4928819Z c6bcc2c9a041: Pulling fs layer
2025-08-21T15:52:01.4929705Z ac4b721eb66f: Pulling fs layer
2025-08-21T15:52:01.4930510Z 606bd164980e: Pulling fs layer
2025-08-21T15:52:01.4931330Z f5dfd246bc6e: Pulling fs layer
2025-08-21T15:52:01.4932163Z ba7036bb0a60: Pulling fs layer
2025-08-21T15:52:01.4932995Z 799f859abbbd: Pulling fs layer
2025-08-21T15:52:01.4934099Z d903e777080c: Pulling fs layer
2025-08-21T15:52:01.4934916Z 04adcb462801: Pulling fs layer
2025-08-21T15:52:01.4935720Z 5c10925b29ff: Pulling fs layer
2025-08-21T15:52:01.4936516Z f5dfd246bc6e: Waiting
2025-08-21T15:52:01.4937226Z 77c7671c4414: Waiting
2025-08-21T15:52:01.4937910Z d903e777080c: Waiting
2025-08-21T15:52:01.4938603Z ba7036bb0a60: Waiting
2025-08-21T15:52:01.4939295Z 2d9e29180a27: Waiting
2025-08-21T15:52:01.4939989Z 04adcb462801: Waiting
2025-08-21T15:52:01.4940688Z 799f859abbbd: Waiting
2025-08-21T15:52:01.4941374Z 5c10925b29ff: Waiting
2025-08-21T15:52:01.4942078Z c6bcc2c9a041: Waiting
2025-08-21T15:52:01.4942771Z 606bd164980e: Waiting
2025-08-21T15:52:01.5953045Z 631fe8c6d606: Download complete
2025-08-21T15:52:01.6263050Z fca2566eba32: Download complete
2025-08-21T15:52:01.7163405Z 77c7671c4414: Verifying Checksum
2025-08-21T15:52:01.7164372Z 77c7671c4414: Download complete
2025-08-21T15:52:01.8222237Z c6bcc2c9a041: Verifying Checksum
2025-08-21T15:52:01.8223151Z c6bcc2c9a041: Download complete
2025-08-21T15:52:01.8728117Z 396b1da7636e: Download complete
2025-08-21T15:52:01.8803373Z ac4b721eb66f: Verifying Checksum
2025-08-21T15:52:01.8804304Z ac4b721eb66f: Download complete
2025-08-21T15:52:01.9261381Z 2d9e29180a27: Verifying Checksum
2025-08-21T15:52:01.9262213Z 2d9e29180a27: Download complete
2025-08-21T15:52:01.9759330Z 606bd164980e: Verifying Checksum
2025-08-21T15:52:01.9760629Z 606bd164980e: Download complete
2025-08-21T15:52:01.9872173Z ba7036bb0a60: Verifying Checksum
2025-08-21T15:52:01.9872919Z ba7036bb0a60: Download complete
2025-08-21T15:52:02.0539207Z 799f859abbbd: Verifying Checksum
2025-08-21T15:52:02.0541392Z 799f859abbbd: Download complete
2025-08-21T15:52:02.1143325Z 04adcb462801: Verifying Checksum
2025-08-21T15:52:02.1144274Z 04adcb462801: Download complete
2025-08-21T15:52:02.1694037Z 5c10925b29ff: Verifying Checksum
2025-08-21T15:52:02.1695601Z 5c10925b29ff: Download complete
2025-08-21T15:52:02.2078694Z d903e777080c: Verifying Checksum
2025-08-21T15:52:02.2079688Z d903e777080c: Download complete
2025-08-21T15:52:02.9907562Z 396b1da7636e: Pull complete
2025-08-21T15:52:03.4344927Z f5dfd246bc6e: Verifying Checksum
2025-08-21T15:52:03.4345476Z f5dfd246bc6e: Download complete
2025-08-21T15:52:04.6197968Z fca2566eba32: Pull complete
2025-08-21T15:52:04.7891603Z 631fe8c6d606: Pull complete
2025-08-21T15:52:04.8306825Z 77c7671c4414: Pull complete
2025-08-21T15:52:05.1306718Z 2d9e29180a27: Pull complete
2025-08-21T15:52:05.2227135Z c6bcc2c9a041: Pull complete
2025-08-21T15:52:05.2313730Z ac4b721eb66f: Pull complete
2025-08-21T15:52:05.2416948Z 606bd164980e: Pull complete
2025-08-21T15:52:08.1632312Z f5dfd246bc6e: Pull complete
2025-08-21T15:52:08.1777276Z ba7036bb0a60: Pull complete
2025-08-21T15:52:08.1888236Z 799f859abbbd: Pull complete
2025-08-21T15:52:08.1995391Z d903e777080c: Pull complete
2025-08-21T15:52:08.2101353Z 04adcb462801: Pull complete
2025-08-21T15:52:08.2206993Z 5c10925b29ff: Pull complete
2025-08-21T15:52:08.2250899Z Digest: sha256:bc51cf4f1fe02cce7ed2370b20128a9b00b4eb804573a77d2a0d877aaa9c82b1
2025-08-21T15:52:08.2263294Z Status: Downloaded newer image for postgres:15
2025-08-21T15:52:08.2274782Z docker.io/library/postgres:15
2025-08-21T15:52:08.2336746Z ##[command]/usr/bin/docker create --name 1008e57eaf314fbc8cc8d8647370ae3f_postgres15_c49527 --label d4223a --network github_network_d588ad11f9d24535b4404b2b448767ca --network-alias postgres -p 5432:5432 --health-cmd="pg_isready -U postgres -d awa" --health-interval=5s --health-timeout=5s --health-retries=10 -e "POSTGRES_USER=postgres" -e "POSTGRES_PASSWORD=pass" -e "POSTGRES_DB=awa" -e GITHUB_ACTIONS=true -e CI=true postgres:15
2025-08-21T15:52:08.2587239Z c507ccde47b059474b637e79d951ca1aa21af2fc04623aac349aee9e07d7277f
2025-08-21T15:52:08.2612093Z ##[command]/usr/bin/docker start c507ccde47b059474b637e79d951ca1aa21af2fc04623aac349aee9e07d7277f
2025-08-21T15:52:08.4405342Z c507ccde47b059474b637e79d951ca1aa21af2fc04623aac349aee9e07d7277f
2025-08-21T15:52:08.4428067Z ##[command]/usr/bin/docker ps --all --filter id=c507ccde47b059474b637e79d951ca1aa21af2fc04623aac349aee9e07d7277f --filter status=running --no-trunc --format "{{.ID}} {{.Status}}"
2025-08-21T15:52:08.4559422Z c507ccde47b059474b637e79d951ca1aa21af2fc04623aac349aee9e07d7277f Up Less than a second (health: starting)
2025-08-21T15:52:08.4589749Z ##[command]/usr/bin/docker port c507ccde47b059474b637e79d951ca1aa21af2fc04623aac349aee9e07d7277f
2025-08-21T15:52:08.4732217Z 5432/tcp -> 0.0.0.0:5432
2025-08-21T15:52:08.4733421Z 5432/tcp -> [::]:5432
2025-08-21T15:52:08.4797376Z ##[endgroup]
2025-08-21T15:52:08.4798741Z ##[group]Starting redis service container
2025-08-21T15:52:08.4800566Z ##[command]/usr/bin/docker pull redis:7-alpine
2025-08-21T15:52:08.6731465Z 7-alpine: Pulling from library/redis
2025-08-21T15:52:08.7292049Z 0368fd46e3c6: Pulling fs layer
2025-08-21T15:52:08.7293008Z 4c55286bbede: Pulling fs layer
2025-08-21T15:52:08.7301562Z 5e28347af205: Pulling fs layer
2025-08-21T15:52:08.7303760Z 311eca34042e: Pulling fs layer
2025-08-21T15:52:08.7304754Z e6fe6f07e192: Pulling fs layer
2025-08-21T15:52:08.7305467Z a2cadbfeca72: Pulling fs layer
2025-08-21T15:52:08.7306243Z 4f4fb700ef54: Pulling fs layer
2025-08-21T15:52:08.7307049Z a976ed7e7808: Pulling fs layer
2025-08-21T15:52:08.7311301Z a2cadbfeca72: Waiting
2025-08-21T15:52:08.7312051Z 4f4fb700ef54: Waiting
2025-08-21T15:52:08.7312405Z a976ed7e7808: Waiting
2025-08-21T15:52:08.7312745Z 311eca34042e: Waiting
2025-08-21T15:52:08.7313073Z e6fe6f07e192: Waiting
2025-08-21T15:52:08.7949794Z 5e28347af205: Verifying Checksum
2025-08-21T15:52:08.7950247Z 5e28347af205: Download complete
2025-08-21T15:52:08.7973025Z 4c55286bbede: Verifying Checksum
2025-08-21T15:52:08.7973922Z 4c55286bbede: Download complete
2025-08-21T15:52:08.8114723Z 0368fd46e3c6: Download complete
2025-08-21T15:52:08.8505657Z 311eca34042e: Download complete
2025-08-21T15:52:08.9195466Z 4f4fb700ef54: Verifying Checksum
2025-08-21T15:52:08.9195962Z 4f4fb700ef54: Download complete
2025-08-21T15:52:08.9366663Z 0368fd46e3c6: Pull complete
2025-08-21T15:52:08.9671990Z 4c55286bbede: Pull complete
2025-08-21T15:52:08.9810780Z a976ed7e7808: Download complete
2025-08-21T15:52:08.9993456Z a2cadbfeca72: Verifying Checksum
2025-08-21T15:52:08.9997108Z a2cadbfeca72: Download complete
2025-08-21T15:52:09.1344194Z 5e28347af205: Pull complete
2025-08-21T15:52:09.1637152Z 311eca34042e: Pull complete
2025-08-21T15:52:09.3680133Z e6fe6f07e192: Download complete
2025-08-21T15:52:09.5651474Z e6fe6f07e192: Pull complete
2025-08-21T15:52:09.5729879Z a2cadbfeca72: Pull complete
2025-08-21T15:52:09.5815134Z 4f4fb700ef54: Pull complete
2025-08-21T15:52:09.5897301Z a976ed7e7808: Pull complete
2025-08-21T15:52:09.5929309Z Digest: sha256:bb186d083732f669da90be8b0f975a37812b15e913465bb14d845db72a4e3e08
2025-08-21T15:52:09.5938707Z Status: Downloaded newer image for redis:7-alpine
2025-08-21T15:52:09.5945625Z docker.io/library/redis:7-alpine
2025-08-21T15:52:09.5963353Z ##[command]/usr/bin/docker create --name 03adaf2d365f4f42b7c9d9fa576eaa3e_redis7alpine_ae1bd8 --label d4223a --network github_network_d588ad11f9d24535b4404b2b448767ca --network-alias redis -p 6379:6379  -e GITHUB_ACTIONS=true -e CI=true redis:7-alpine
2025-08-21T15:52:09.6189236Z f8d10f2fceb2c93a15ababed4996ee8e8f2b67360eb4eabb3014830841572095
2025-08-21T15:52:09.6204191Z ##[command]/usr/bin/docker start f8d10f2fceb2c93a15ababed4996ee8e8f2b67360eb4eabb3014830841572095
2025-08-21T15:52:09.7600786Z f8d10f2fceb2c93a15ababed4996ee8e8f2b67360eb4eabb3014830841572095
2025-08-21T15:52:09.7620033Z ##[command]/usr/bin/docker ps --all --filter id=f8d10f2fceb2c93a15ababed4996ee8e8f2b67360eb4eabb3014830841572095 --filter status=running --no-trunc --format "{{.ID}} {{.Status}}"
2025-08-21T15:52:09.7751960Z f8d10f2fceb2c93a15ababed4996ee8e8f2b67360eb4eabb3014830841572095 Up Less than a second
2025-08-21T15:52:09.7767067Z ##[command]/usr/bin/docker port f8d10f2fceb2c93a15ababed4996ee8e8f2b67360eb4eabb3014830841572095
2025-08-21T15:52:09.7897691Z 6379/tcp -> 0.0.0.0:6379
2025-08-21T15:52:09.7898099Z 6379/tcp -> [::]:6379
2025-08-21T15:52:09.7911896Z ##[endgroup]
2025-08-21T15:52:09.7922813Z ##[group]Waiting for all services to be ready
2025-08-21T15:52:09.7936613Z ##[command]/usr/bin/docker inspect --format="{{if .Config.Healthcheck}}{{print .State.Health.Status}}{{end}}" c507ccde47b059474b637e79d951ca1aa21af2fc04623aac349aee9e07d7277f
2025-08-21T15:52:09.8057725Z starting
2025-08-21T15:52:09.8080385Z postgres service is starting, waiting 2 seconds before checking again.
2025-08-21T15:52:11.8087845Z ##[command]/usr/bin/docker inspect --format="{{if .Config.Healthcheck}}{{print .State.Health.Status}}{{end}}" c507ccde47b059474b637e79d951ca1aa21af2fc04623aac349aee9e07d7277f
2025-08-21T15:52:11.8211471Z starting
2025-08-21T15:52:11.8226297Z postgres service is starting, waiting 4 seconds before checking again.
2025-08-21T15:52:16.0838670Z ##[command]/usr/bin/docker inspect --format="{{if .Config.Healthcheck}}{{print .State.Health.Status}}{{end}}" c507ccde47b059474b637e79d951ca1aa21af2fc04623aac349aee9e07d7277f
2025-08-21T15:52:16.0961787Z healthy
2025-08-21T15:52:16.0979370Z postgres service is healthy.
2025-08-21T15:52:16.0980251Z ##[command]/usr/bin/docker inspect --format="{{if .Config.Healthcheck}}{{print .State.Health.Status}}{{end}}" f8d10f2fceb2c93a15ababed4996ee8e8f2b67360eb4eabb3014830841572095
2025-08-21T15:52:16.1114808Z redis service is healthy.
2025-08-21T15:52:16.1115183Z ##[endgroup]
2025-08-21T15:52:16.1429363Z ##[group]Run actions/checkout@v5
2025-08-21T15:52:16.1429950Z with:
2025-08-21T15:52:16.1430157Z   repository: AlexBomber12/AWA-App
2025-08-21T15:52:16.1430547Z   token: ***
2025-08-21T15:52:16.1430744Z   ssh-strict: true
2025-08-21T15:52:16.1430929Z   ssh-user: git
2025-08-21T15:52:16.1431112Z   persist-credentials: true
2025-08-21T15:52:16.1431333Z   clean: true
2025-08-21T15:52:16.1431522Z   sparse-checkout-cone-mode: true
2025-08-21T15:52:16.1431755Z   fetch-depth: 1
2025-08-21T15:52:16.1431930Z   fetch-tags: false
2025-08-21T15:52:16.1432123Z   show-progress: true
2025-08-21T15:52:16.1432306Z   lfs: false
2025-08-21T15:52:16.1432474Z   submodules: false
2025-08-21T15:52:16.1432661Z   set-safe-directory: true
2025-08-21T15:52:16.1433081Z env:
2025-08-21T15:52:16.1433284Z   REDIS_URL: redis://localhost:6379/0
2025-08-21T15:52:16.1433548Z   RATE_LIMIT_DEFAULT: 100/minute
2025-08-21T15:52:16.1434140Z   TRUST_X_FORWARDED: 1
2025-08-21T15:52:16.1434327Z ##[endgroup]
2025-08-21T15:52:16.2370596Z Syncing repository: AlexBomber12/AWA-App
2025-08-21T15:52:16.2371948Z ##[group]Getting Git version info
2025-08-21T15:52:16.2372289Z Working directory is '/home/runner/work/AWA-App/AWA-App'
2025-08-21T15:52:16.2372815Z [command]/usr/bin/git version
2025-08-21T15:52:16.2391826Z git version 2.51.0
2025-08-21T15:52:16.2446011Z ##[endgroup]
2025-08-21T15:52:16.2460328Z Temporarily overriding HOME='/home/runner/work/_temp/abbe4d70-c5af-4e77-bbdb-faf1ad925f30' before making global git config changes
2025-08-21T15:52:16.2461514Z Adding repository directory to the temporary git global config as a safe directory
2025-08-21T15:52:16.2466197Z [command]/usr/bin/git config --global --add safe.directory /home/runner/work/AWA-App/AWA-App
2025-08-21T15:52:16.2504372Z Deleting the contents of '/home/runner/work/AWA-App/AWA-App'
2025-08-21T15:52:16.2508146Z ##[group]Initializing the repository
2025-08-21T15:52:16.2512934Z [command]/usr/bin/git init /home/runner/work/AWA-App/AWA-App
2025-08-21T15:52:16.2568852Z hint: Using 'master' as the name for the initial branch. This default branch name
2025-08-21T15:52:16.2569661Z hint: is subject to change. To configure the initial branch name to use in all
2025-08-21T15:52:16.2570382Z hint: of your new repositories, which will suppress this warning, call:
2025-08-21T15:52:16.2570702Z hint:
2025-08-21T15:52:16.2570981Z hint: 	git config --global init.defaultBranch <name>
2025-08-21T15:52:16.2571257Z hint:
2025-08-21T15:52:16.2571526Z hint: Names commonly chosen instead of 'master' are 'main', 'trunk' and
2025-08-21T15:52:16.2571961Z hint: 'development'. The just-created branch can be renamed via this command:
2025-08-21T15:52:16.2572288Z hint:
2025-08-21T15:52:16.2572471Z hint: 	git branch -m <name>
2025-08-21T15:52:16.2572676Z hint:
2025-08-21T15:52:16.2572968Z hint: Disable this message with "git config set advice.defaultBranchName false"
2025-08-21T15:52:16.2575032Z Initialized empty Git repository in /home/runner/work/AWA-App/AWA-App/.git/
2025-08-21T15:52:16.2583498Z [command]/usr/bin/git remote add origin https://github.com/AlexBomber12/AWA-App
2025-08-21T15:52:16.2617519Z ##[endgroup]
2025-08-21T15:52:16.2618041Z ##[group]Disabling automatic garbage collection
2025-08-21T15:52:16.2621727Z [command]/usr/bin/git config --local gc.auto 0
2025-08-21T15:52:16.2649613Z ##[endgroup]
2025-08-21T15:52:16.2650112Z ##[group]Setting up auth
2025-08-21T15:52:16.2657191Z [command]/usr/bin/git config --local --name-only --get-regexp core\.sshCommand
2025-08-21T15:52:16.2688203Z [command]/usr/bin/git submodule foreach --recursive sh -c "git config --local --name-only --get-regexp 'core\.sshCommand' && git config --local --unset-all 'core.sshCommand' || :"
2025-08-21T15:52:16.2949932Z [command]/usr/bin/git config --local --name-only --get-regexp http\.https\:\/\/github\.com\/\.extraheader
2025-08-21T15:52:16.2982205Z [command]/usr/bin/git submodule foreach --recursive sh -c "git config --local --name-only --get-regexp 'http\.https\:\/\/github\.com\/\.extraheader' && git config --local --unset-all 'http.https://github.com/.extraheader' || :"
2025-08-21T15:52:16.3210586Z [command]/usr/bin/git config --local http.https://github.com/.extraheader AUTHORIZATION: basic ***
2025-08-21T15:52:16.3248755Z ##[endgroup]
2025-08-21T15:52:16.3249317Z ##[group]Fetching the repository
2025-08-21T15:52:16.3258561Z [command]/usr/bin/git -c protocol.version=2 fetch --no-tags --prune --no-recurse-submodules --depth=1 origin +82062e61f1ba2797f0d3fb948e52853f3bb87db6:refs/remotes/origin/main
2025-08-21T15:52:16.5432830Z From https://github.com/AlexBomber12/AWA-App
2025-08-21T15:52:16.5434171Z  * [new ref]         82062e61f1ba2797f0d3fb948e52853f3bb87db6 -> origin/main
2025-08-21T15:52:16.5467142Z ##[endgroup]
2025-08-21T15:52:16.5467722Z ##[group]Determining the checkout info
2025-08-21T15:52:16.5470674Z ##[endgroup]
2025-08-21T15:52:16.5476040Z [command]/usr/bin/git sparse-checkout disable
2025-08-21T15:52:16.5517035Z [command]/usr/bin/git config --local --unset-all extensions.worktreeConfig
2025-08-21T15:52:16.5546189Z ##[group]Checking out the ref
2025-08-21T15:52:16.5549858Z [command]/usr/bin/git checkout --progress --force -B main refs/remotes/origin/main
2025-08-21T15:52:16.5846110Z Switched to a new branch 'main'
2025-08-21T15:52:16.5847071Z branch 'main' set up to track 'origin/main'.
2025-08-21T15:52:16.5857641Z ##[endgroup]
2025-08-21T15:52:16.5906142Z [command]/usr/bin/git log -1 --format=%H
2025-08-21T15:52:16.5931605Z 82062e61f1ba2797f0d3fb948e52853f3bb87db6
2025-08-21T15:52:16.6103352Z ##[group]Run cat .env.ci >> "$GITHUB_ENV"
2025-08-21T15:52:16.6103950Z [36;1mcat .env.ci >> "$GITHUB_ENV"[0m
2025-08-21T15:52:16.6104647Z [36;1mecho "DATABASE_URL=***localhost:5432/awa" >> "$GITHUB_ENV"[0m
2025-08-21T15:52:16.6104994Z [36;1mecho "PG_HOST=localhost" >> "$GITHUB_ENV"[0m
2025-08-21T15:52:16.6105276Z [36;1mecho "PG_PORT=5432" >> "$GITHUB_ENV"[0m
2025-08-21T15:52:16.6105557Z [36;1mecho "PG_USER=postgres" >> "$GITHUB_ENV"[0m
2025-08-21T15:52:16.6105835Z [36;1mecho "PG_PASSWORD=pass" >> "$GITHUB_ENV"[0m
2025-08-21T15:52:16.6106118Z [36;1mecho "PG_DATABASE=awa" >> "$GITHUB_ENV"[0m
2025-08-21T15:52:16.6151102Z shell: /usr/bin/bash -e {0}
2025-08-21T15:52:16.6151338Z env:
2025-08-21T15:52:16.6151761Z   REDIS_URL: redis://localhost:6379/0
2025-08-21T15:52:16.6152022Z   RATE_LIMIT_DEFAULT: 100/minute
2025-08-21T15:52:16.6152247Z   TRUST_X_FORWARDED: 1
2025-08-21T15:52:16.6152440Z ##[endgroup]
2025-08-21T15:52:16.6330081Z ##[group]Run actions/setup-python@v5
2025-08-21T15:52:16.6330366Z with:
2025-08-21T15:52:16.6330545Z   python-version: 3.12
2025-08-21T15:52:16.6330747Z   cache: pip
2025-08-21T15:52:16.6330953Z   cache-dependency-path: requirements-dev.txt
2025-08-21T15:52:16.6331238Z   check-latest: false
2025-08-21T15:52:16.6331565Z   token: ***
2025-08-21T15:52:16.6331754Z   update-environment: true
2025-08-21T15:52:16.6331973Z   allow-prereleases: false
2025-08-21T15:52:16.6332176Z   freethreaded: false
2025-08-21T15:52:16.6332359Z env:
2025-08-21T15:52:16.6332543Z   REDIS_URL: redis://localhost:6379/0
2025-08-21T15:52:16.6332802Z   RATE_LIMIT_DEFAULT: 100/minute
2025-08-21T15:52:16.6333026Z   TRUST_X_FORWARDED: 1
2025-08-21T15:52:16.6333213Z   PG_USER: postgres
2025-08-21T15:52:16.6333401Z   PG_PASSWORD: pass
2025-08-21T15:52:16.6333820Z   PG_DATABASE: awa
2025-08-21T15:52:16.6334113Z   PG_HOST: localhost
2025-08-21T15:52:16.6334306Z   PG_PORT: 5432
2025-08-21T15:52:16.6334725Z   PG_SYNC_DSN: ***localhost:5432/awa
2025-08-21T15:52:16.6335113Z   PG_ASYNC_DSN: ***localhost:5432/awa
2025-08-21T15:52:16.6335505Z   DATABASE_URL: ***localhost:5432/awa
2025-08-21T15:52:16.6335744Z   DATA_DIR: /tmp/awa-data
2025-08-21T15:52:16.6335940Z   ENABLE_LIVE: 0
2025-08-21T15:52:16.6336109Z   TESTING: 1
2025-08-21T15:52:16.6336269Z ##[endgroup]
2025-08-21T15:52:16.8026723Z ##[group]Installed versions
2025-08-21T15:52:16.8137344Z Successfully set up CPython (3.12.11)
2025-08-21T15:52:16.8138770Z ##[endgroup]
2025-08-21T15:52:16.8525854Z [command]/opt/hostedtoolcache/Python/3.12.11/x64/bin/pip cache dir
2025-08-21T15:52:18.4719387Z /home/runner/.cache/pip
2025-08-21T15:52:18.6536427Z Cache hit for: setup-python-Linux-x64-24.04-Ubuntu-python-3.12.11-pip-cc13ccef493b9f3a93ad5651164d9fb09282c1111f6f72ce20e0657de16de6b4
2025-08-21T15:52:19.7133924Z Received 159383552 of 376053341 (42.4%), 151.8 MBs/sec
2025-08-21T15:52:20.7496766Z Received 376053341 of 376053341 (100.0%), 176.1 MBs/sec
2025-08-21T15:52:20.7498976Z Cache Size: ~359 MB (376053341 B)
2025-08-21T15:52:20.7617497Z [command]/usr/bin/tar -xf /home/runner/work/_temp/73a64336-ddad-4e71-83ac-7d49c0f0fee1/cache.tzst -P -C /home/runner/work/AWA-App/AWA-App --use-compress-program unzstd
2025-08-21T15:52:21.3730257Z Cache restored successfully
2025-08-21T15:52:21.4464728Z Cache restored from key: setup-python-Linux-x64-24.04-Ubuntu-python-3.12.11-pip-cc13ccef493b9f3a93ad5651164d9fb09282c1111f6f72ce20e0657de16de6b4
2025-08-21T15:52:21.4609075Z ##[group]Run pip install --break-system-packages -r requirements-dev.txt
2025-08-21T15:52:21.4609633Z [36;1mpip install --break-system-packages -r requirements-dev.txt[0m
2025-08-21T15:52:21.4610085Z [36;1mpip install --break-system-packages keepa==1.3.15 minio==7.1.15[0m
2025-08-21T15:52:21.4654850Z shell: /usr/bin/bash -e {0}
2025-08-21T15:52:21.4655124Z env:
2025-08-21T15:52:21.4655350Z   REDIS_URL: redis://localhost:6379/0
2025-08-21T15:52:21.4655647Z   RATE_LIMIT_DEFAULT: 100/minute
2025-08-21T15:52:21.4655903Z   TRUST_X_FORWARDED: 1
2025-08-21T15:52:21.4656128Z   PG_USER: postgres
2025-08-21T15:52:21.4656337Z   PG_PASSWORD: pass
2025-08-21T15:52:21.4656541Z   PG_DATABASE: awa
2025-08-21T15:52:21.4656748Z   PG_HOST: localhost
2025-08-21T15:52:21.4656954Z   PG_PORT: 5432
2025-08-21T15:52:21.4657446Z   PG_SYNC_DSN: ***localhost:5432/awa
2025-08-21T15:52:21.4657959Z   PG_ASYNC_DSN: ***localhost:5432/awa
2025-08-21T15:52:21.4658382Z   DATABASE_URL: ***localhost:5432/awa
2025-08-21T15:52:21.4658682Z   DATA_DIR: /tmp/awa-data
2025-08-21T15:52:21.4658910Z   ENABLE_LIVE: 0
2025-08-21T15:52:21.4659107Z   TESTING: 1
2025-08-21T15:52:21.4659369Z   pythonLocation: /opt/hostedtoolcache/Python/3.12.11/x64
2025-08-21T15:52:21.4659804Z   PKG_CONFIG_PATH: /opt/hostedtoolcache/Python/3.12.11/x64/lib/pkgconfig
2025-08-21T15:52:21.4660236Z   Python_ROOT_DIR: /opt/hostedtoolcache/Python/3.12.11/x64
2025-08-21T15:52:21.4660812Z   Python2_ROOT_DIR: /opt/hostedtoolcache/Python/3.12.11/x64
2025-08-21T15:52:21.4661199Z   Python3_ROOT_DIR: /opt/hostedtoolcache/Python/3.12.11/x64
2025-08-21T15:52:21.4661583Z   LD_LIBRARY_PATH: /opt/hostedtoolcache/Python/3.12.11/x64/lib
2025-08-21T15:52:21.4661906Z ##[endgroup]
2025-08-21T15:52:22.4562723Z Collecting Jinja2==3.1.6 (from -r requirements-dev.txt (line 2))
2025-08-21T15:52:22.4577878Z   Using cached jinja2-3.1.6-py3-none-any.whl.metadata (2.9 kB)
2025-08-21T15:52:22.4811334Z Collecting alembic==1.16.4 (from -r requirements-dev.txt (line 3))
2025-08-21T15:52:22.4830740Z   Using cached alembic-1.16.4-py3-none-any.whl.metadata (7.3 kB)
2025-08-21T15:52:22.4990533Z Collecting apscheduler==3.10.4 (from -r requirements-dev.txt (line 4))
2025-08-21T15:52:22.5003282Z   Using cached APScheduler-3.10.4-py3-none-any.whl.metadata (5.7 kB)
2025-08-21T15:52:22.5171991Z Collecting asgi-correlation-id==4.3.1 (from -r requirements-dev.txt (line 5))
2025-08-21T15:52:22.5184656Z   Using cached asgi_correlation_id-4.3.1-py3-none-any.whl.metadata (28 kB)
2025-08-21T15:52:22.5592173Z Collecting asyncpg==0.30.0 (from -r requirements-dev.txt (line 6))
2025-08-21T15:52:22.5605932Z   Using cached asyncpg-0.30.0-cp312-cp312-manylinux_2_17_x86_64.manylinux2014_x86_64.whl.metadata (5.0 kB)
2025-08-21T15:52:22.6040704Z Collecting black==25.1.0 (from -r requirements-dev.txt (line 7))
2025-08-21T15:52:22.6054363Z   Using cached black-25.1.0-cp312-cp312-manylinux_2_17_x86_64.manylinux2014_x86_64.manylinux_2_28_x86_64.whl.metadata (81 kB)
2025-08-21T15:52:22.9425230Z Collecting boto3 (from -r requirements-dev.txt (line 8))
2025-08-21T15:52:22.9438972Z   Using cached boto3-1.40.14-py3-none-any.whl.metadata (6.7 kB)
2025-08-21T15:52:22.9719230Z Collecting redis==6.* (from -r requirements-dev.txt (line 9))
2025-08-21T15:52:22.9732700Z   Using cached redis-6.4.0-py3-none-any.whl.metadata (10 kB)
2025-08-21T15:52:23.0039499Z Collecting minio==7.* (from -r requirements-dev.txt (line 10))
2025-08-21T15:52:23.0051835Z   Using cached minio-7.2.16-py3-none-any.whl.metadata (6.5 kB)
2025-08-21T15:52:23.0189384Z Collecting vulture==2.10 (from -r requirements-dev.txt (line 11))
2025-08-21T15:52:23.0202615Z   Using cached vulture-2.10-py2.py3-none-any.whl.metadata (23 kB)
2025-08-21T15:52:23.0514022Z Collecting celery==5.5.3 (from -r requirements-dev.txt (line 12))
2025-08-21T15:52:23.0527261Z   Using cached celery-5.5.3-py3-none-any.whl.metadata (22 kB)
2025-08-21T15:52:23.1101275Z Collecting fastapi==0.116.1 (from -r requirements-dev.txt (line 13))
2025-08-21T15:52:23.1115194Z   Using cached fastapi-0.116.1-py3-none-any.whl.metadata (28 kB)
2025-08-21T15:52:23.1291181Z Collecting fastapi-limiter==0.1.6 (from -r requirements-dev.txt (line 15))
2025-08-21T15:52:23.1303172Z   Using cached fastapi_limiter-0.1.6-py3-none-any.whl.metadata (5.3 kB)
2025-08-21T15:52:23.1505162Z Collecting httpx<0.29,>=0.27 (from -r requirements-dev.txt (line 16))
2025-08-21T15:52:23.1518804Z   Using cached httpx-0.28.1-py3-none-any.whl.metadata (7.1 kB)
2025-08-21T15:52:23.1646609Z Collecting imapclient==3.0.1 (from -r requirements-dev.txt (line 17))
2025-08-21T15:52:23.1659092Z   Using cached IMAPClient-3.0.1-py2.py3-none-any.whl.metadata (1.7 kB)
2025-08-21T15:52:23.1765338Z Collecting itsdangerous (from -r requirements-dev.txt (line 18))
2025-08-21T15:52:23.1777662Z   Using cached itsdangerous-2.2.0-py3-none-any.whl.metadata (1.9 kB)
2025-08-21T15:52:23.2762270Z Collecting mypy==1.* (from -r requirements-dev.txt (line 19))
2025-08-21T15:52:23.2776129Z   Using cached mypy-1.17.1-cp312-cp312-manylinux2014_x86_64.manylinux_2_17_x86_64.manylinux_2_28_x86_64.whl.metadata (2.2 kB)
2025-08-21T15:52:23.2874444Z Collecting mypy-extensions==1.1.0 (from -r requirements-dev.txt (line 20))
2025-08-21T15:52:23.2886187Z   Using cached mypy_extensions-1.1.0-py3-none-any.whl.metadata (1.1 kB)
2025-08-21T15:52:23.4821325Z Collecting numpy<2 (from -r requirements-dev.txt (line 21))
2025-08-21T15:52:23.4835400Z   Using cached numpy-1.26.4-cp312-cp312-manylinux_2_17_x86_64.manylinux2014_x86_64.whl.metadata (61 kB)
2025-08-21T15:52:23.5086110Z Collecting openpyxl==3.1.5 (from -r requirements-dev.txt (line 22))
2025-08-21T15:52:23.5099204Z   Using cached openpyxl-3.1.5-py2.py3-none-any.whl.metadata (2.5 kB)
2025-08-21T15:52:23.6400525Z Collecting pandas==2.2.* (from -r requirements-dev.txt (line 23))
2025-08-21T15:52:23.6414451Z   Using cached pandas-2.2.3-cp312-cp312-manylinux_2_17_x86_64.manylinux2014_x86_64.whl.metadata (89 kB)
2025-08-21T15:52:23.7378465Z Collecting psycopg2-binary==2.9.10 (from -r requirements-dev.txt (line 24))
2025-08-21T15:52:23.7392311Z   Using cached psycopg2_binary-2.9.10-cp312-cp312-manylinux_2_17_x86_64.manylinux2014_x86_64.whl.metadata (4.9 kB)
2025-08-21T15:52:23.7546922Z Collecting psycopg==3.2.9 (from psycopg[binary]==3.2.9->-r requirements-dev.txt (line 25))
2025-08-21T15:52:23.7559256Z   Using cached psycopg-3.2.9-py3-none-any.whl.metadata (4.5 kB)
2025-08-21T15:52:23.8648547Z Collecting pydantic==2.11.7 (from -r requirements-dev.txt (line 26))
2025-08-21T15:52:23.8661441Z   Using cached pydantic-2.11.7-py3-none-any.whl.metadata (67 kB)
2025-08-21T15:52:23.9908854Z Collecting setuptools (from -r requirements-dev.txt (line 27))
2025-08-21T15:52:23.9922242Z   Using cached setuptools-80.9.0-py3-none-any.whl.metadata (6.6 kB)
2025-08-21T15:52:24.0173282Z Collecting pytest-asyncio==1.1.0 (from -r requirements-dev.txt (line 28))
2025-08-21T15:52:24.0185304Z   Using cached pytest_asyncio-1.1.0-py3-none-any.whl.metadata (4.1 kB)
2025-08-21T15:52:24.0321468Z Collecting pytest-cov==6.2.1 (from -r requirements-dev.txt (line 29))
2025-08-21T15:52:24.0332712Z   Using cached pytest_cov-6.2.1-py3-none-any.whl.metadata (30 kB)
2025-08-21T15:52:24.0485752Z Collecting pytest-postgresql==7.0.2 (from -r requirements-dev.txt (line 30))
2025-08-21T15:52:24.0497106Z   Using cached pytest_postgresql-7.0.2-py3-none-any.whl.metadata (18 kB)
2025-08-21T15:52:24.0663547Z Collecting python-dotenv (from -r requirements-dev.txt (line 31))
2025-08-21T15:52:24.0676137Z   Using cached python_dotenv-1.1.1-py3-none-any.whl.metadata (24 kB)
2025-08-21T15:52:24.0794731Z Collecting python-multipart (from -r requirements-dev.txt (line 32))
2025-08-21T15:52:24.0806324Z   Using cached python_multipart-0.0.20-py3-none-any.whl.metadata (1.8 kB)
2025-08-21T15:52:24.1097167Z Collecting python-telegram-bot==22.3 (from -r requirements-dev.txt (line 33))
2025-08-21T15:52:24.1109748Z   Using cached python_telegram_bot-22.3-py3-none-any.whl.metadata (17 kB)
2025-08-21T15:52:24.1391419Z Collecting requests==2.32.4 (from -r requirements-dev.txt (line 34))
2025-08-21T15:52:24.1404353Z   Using cached requests-2.32.4-py3-none-any.whl.metadata (4.9 kB)
2025-08-21T15:52:24.1556047Z Collecting respx==0.22.0 (from -r requirements-dev.txt (line 35))
2025-08-21T15:52:24.1567673Z   Using cached respx-0.22.0-py2.py3-none-any.whl.metadata (4.1 kB)
2025-08-21T15:52:24.5422084Z Collecting ruff==0.9.9 (from -r requirements-dev.txt (line 36))
2025-08-21T15:52:24.5436821Z   Using cached ruff-0.9.9-py3-none-manylinux_2_17_x86_64.manylinux2014_x86_64.whl.metadata (25 kB)
2025-08-21T15:52:24.8081369Z Collecting sqlalchemy==2.0.43 (from -r requirements-dev.txt (line 37))
2025-08-21T15:52:24.8094751Z   Using cached sqlalchemy-2.0.43-cp312-cp312-manylinux_2_17_x86_64.manylinux2014_x86_64.whl.metadata (9.6 kB)
2025-08-21T15:52:24.8309302Z Collecting structlog==24.1.0 (from -r requirements-dev.txt (line 38))
2025-08-21T15:52:24.8320895Z   Using cached structlog-24.1.0-py3-none-any.whl.metadata (6.9 kB)
2025-08-21T15:52:24.8497269Z Collecting testcontainers==4.12.0 (from testcontainers[postgres]==4.12.0->-r requirements-dev.txt (line 39))
2025-08-21T15:52:24.8509379Z   Using cached testcontainers-4.12.0-py3-none-any.whl.metadata (8.3 kB)
2025-08-21T15:52:24.8882911Z Collecting types-requests==2.32.4.20250809 (from -r requirements-dev.txt (line 40))
2025-08-21T15:52:24.8896367Z   Using cached types_requests-2.32.4.20250809-py3-none-any.whl.metadata (2.0 kB)
2025-08-21T15:52:24.9007973Z Collecting docspec-python==2.2.2 (from -r requirements-dev.txt (line 41))
2025-08-21T15:52:24.9019239Z   Using cached docspec_python-2.2.2-py3-none-any.whl.metadata (1.0 kB)
2025-08-21T15:52:24.9161925Z Collecting pydoc-markdown==4.8.2 (from -r requirements-dev.txt (line 42))
2025-08-21T15:52:24.9173828Z   Using cached pydoc_markdown-4.8.2-py3-none-any.whl.metadata (5.9 kB)
2025-08-21T15:52:24.9967246Z Collecting pandera==0.19.* (from -r requirements-dev.txt (line 43))
2025-08-21T15:52:24.9980031Z   Using cached pandera-0.19.3-py3-none-any.whl.metadata (15 kB)
2025-08-21T15:52:25.0514677Z Collecting MarkupSafe>=2.0 (from Jinja2==3.1.6->-r requirements-dev.txt (line 2))
2025-08-21T15:52:25.0528375Z   Using cached MarkupSafe-3.0.2-cp312-cp312-manylinux_2_17_x86_64.manylinux2014_x86_64.whl.metadata (4.0 kB)
2025-08-21T15:52:25.0774224Z Collecting Mako (from alembic==1.16.4->-r requirements-dev.txt (line 3))
2025-08-21T15:52:25.0786797Z   Using cached mako-1.3.10-py3-none-any.whl.metadata (2.9 kB)
2025-08-21T15:52:25.0939451Z Collecting typing-extensions>=4.12 (from alembic==1.16.4->-r requirements-dev.txt (line 3))
2025-08-21T15:52:25.0951667Z   Using cached typing_extensions-4.14.1-py3-none-any.whl.metadata (3.0 kB)
2025-08-21T15:52:25.1080566Z Collecting six>=1.4.0 (from apscheduler==3.10.4->-r requirements-dev.txt (line 4))
2025-08-21T15:52:25.1092549Z   Using cached six-1.17.0-py2.py3-none-any.whl.metadata (1.7 kB)
2025-08-21T15:52:25.1534813Z Collecting pytz (from apscheduler==3.10.4->-r requirements-dev.txt (line 4))
2025-08-21T15:52:25.1548279Z   Using cached pytz-2025.2-py2.py3-none-any.whl.metadata (22 kB)
2025-08-21T15:52:25.1711165Z Collecting tzlocal!=3.*,>=2.0 (from apscheduler==3.10.4->-r requirements-dev.txt (line 4))
2025-08-21T15:52:25.1723130Z   Using cached tzlocal-5.3.1-py3-none-any.whl.metadata (7.6 kB)
2025-08-21T15:52:25.2027432Z Collecting starlette>=0.18 (from asgi-correlation-id==4.3.1->-r requirements-dev.txt (line 5))
2025-08-21T15:52:25.2041098Z   Using cached starlette-0.47.2-py3-none-any.whl.metadata (6.2 kB)
2025-08-21T15:52:25.2229454Z Collecting click>=8.0.0 (from black==25.1.0->-r requirements-dev.txt (line 7))
2025-08-21T15:52:25.2241451Z   Using cached click-8.2.1-py3-none-any.whl.metadata (2.5 kB)
2025-08-21T15:52:25.2410566Z Collecting packaging>=22.0 (from black==25.1.0->-r requirements-dev.txt (line 7))
2025-08-21T15:52:25.2422555Z   Using cached packaging-25.0-py3-none-any.whl.metadata (3.3 kB)
2025-08-21T15:52:25.2531573Z Collecting pathspec>=0.9.0 (from black==25.1.0->-r requirements-dev.txt (line 7))
2025-08-21T15:52:25.2542850Z   Using cached pathspec-0.12.1-py3-none-any.whl.metadata (21 kB)
2025-08-21T15:52:25.2724955Z Collecting platformdirs>=2 (from black==25.1.0->-r requirements-dev.txt (line 7))
2025-08-21T15:52:25.2736854Z   Using cached platformdirs-4.3.8-py3-none-any.whl.metadata (12 kB)
2025-08-21T15:52:25.2850899Z Collecting toml (from vulture==2.10->-r requirements-dev.txt (line 11))
2025-08-21T15:52:25.2862512Z   Using cached toml-0.10.2-py2.py3-none-any.whl.metadata (7.1 kB)
2025-08-21T15:52:25.3030574Z Collecting billiard<5.0,>=4.2.1 (from celery==5.5.3->-r requirements-dev.txt (line 12))
2025-08-21T15:52:25.3042259Z   Using cached billiard-4.2.1-py3-none-any.whl.metadata (4.4 kB)
2025-08-21T15:52:25.3299069Z Collecting kombu<5.6,>=5.5.2 (from celery==5.5.3->-r requirements-dev.txt (line 12))
2025-08-21T15:52:25.3311235Z   Using cached kombu-5.5.4-py3-none-any.whl.metadata (3.5 kB)
2025-08-21T15:52:25.3464856Z Collecting vine<6.0,>=5.1.0 (from celery==5.5.3->-r requirements-dev.txt (line 12))
2025-08-21T15:52:25.3476769Z   Using cached vine-5.1.0-py3-none-any.whl.metadata (2.7 kB)
2025-08-21T15:52:25.3612446Z Collecting click-didyoumean>=0.3.0 (from celery==5.5.3->-r requirements-dev.txt (line 12))
2025-08-21T15:52:25.3624359Z   Using cached click_didyoumean-0.3.1-py3-none-any.whl.metadata (3.9 kB)
2025-08-21T15:52:25.3708614Z Collecting click-repl>=0.2.0 (from celery==5.5.3->-r requirements-dev.txt (line 12))
2025-08-21T15:52:25.3719719Z   Using cached click_repl-0.3.0-py3-none-any.whl.metadata (3.6 kB)
2025-08-21T15:52:25.3808531Z Collecting click-plugins>=1.1.1 (from celery==5.5.3->-r requirements-dev.txt (line 12))
2025-08-21T15:52:25.3820141Z   Using cached click_plugins-1.1.1.2-py2.py3-none-any.whl.metadata (6.5 kB)
2025-08-21T15:52:25.3937538Z Collecting python-dateutil>=2.8.2 (from celery==5.5.3->-r requirements-dev.txt (line 12))
2025-08-21T15:52:25.3949356Z   Using cached python_dateutil-2.9.0.post0-py2.py3-none-any.whl.metadata (8.4 kB)
2025-08-21T15:52:25.4462896Z Collecting annotated-types>=0.6.0 (from pydantic==2.11.7->-r requirements-dev.txt (line 26))
2025-08-21T15:52:25.4474919Z   Using cached annotated_types-0.7.0-py3-none-any.whl.metadata (15 kB)
2025-08-21T15:52:26.1356080Z Collecting pydantic-core==2.33.2 (from pydantic==2.11.7->-r requirements-dev.txt (line 26))
2025-08-21T15:52:26.1370026Z   Using cached pydantic_core-2.33.2-cp312-cp312-manylinux_2_17_x86_64.manylinux2014_x86_64.whl.metadata (6.8 kB)
2025-08-21T15:52:26.1501249Z Collecting typing-inspection>=0.4.0 (from pydantic==2.11.7->-r requirements-dev.txt (line 26))
2025-08-21T15:52:26.1514087Z   Using cached typing_inspection-0.4.1-py3-none-any.whl.metadata (2.6 kB)
2025-08-21T15:52:26.1761758Z Collecting et-xmlfile (from openpyxl==3.1.5->-r requirements-dev.txt (line 22))
2025-08-21T15:52:26.1774058Z   Using cached et_xmlfile-2.0.0-py3-none-any.whl.metadata (2.7 kB)
2025-08-21T15:52:26.2191345Z Collecting pytest<9,>=8.2 (from pytest-asyncio==1.1.0->-r requirements-dev.txt (line 28))
2025-08-21T15:52:26.2205922Z   Using cached pytest-8.4.1-py3-none-any.whl.metadata (7.7 kB)
2025-08-21T15:52:26.5329365Z Collecting coverage>=7.5 (from coverage[toml]>=7.5->pytest-cov==6.2.1->-r requirements-dev.txt (line 29))
2025-08-21T15:52:26.5343014Z   Using cached coverage-7.10.4-cp312-cp312-manylinux1_x86_64.manylinux_2_28_x86_64.manylinux_2_5_x86_64.whl.metadata (8.9 kB)
2025-08-21T15:52:26.5465268Z Collecting pluggy>=1.2 (from pytest-cov==6.2.1->-r requirements-dev.txt (line 29))
2025-08-21T15:52:26.5476907Z   Using cached pluggy-1.6.0-py3-none-any.whl.metadata (4.8 kB)
2025-08-21T15:52:26.5713075Z Collecting port-for>=0.7.3 (from pytest-postgresql==7.0.2->-r requirements-dev.txt (line 30))
2025-08-21T15:52:26.5725308Z   Using cached port_for-0.7.4-py3-none-any.whl.metadata (7.1 kB)
2025-08-21T15:52:26.5861960Z Collecting mirakuru>=2.6.0 (from pytest-postgresql==7.0.2->-r requirements-dev.txt (line 30))
2025-08-21T15:52:26.5874077Z   Using cached mirakuru-2.6.1-py3-none-any.whl.metadata (10 kB)
2025-08-21T15:52:26.6736113Z Collecting charset_normalizer<4,>=2 (from requests==2.32.4->-r requirements-dev.txt (line 34))
2025-08-21T15:52:26.6750099Z   Using cached charset_normalizer-3.4.3-cp312-cp312-manylinux2014_x86_64.manylinux_2_17_x86_64.manylinux_2_28_x86_64.whl.metadata (36 kB)
2025-08-21T15:52:26.6908071Z Collecting idna<4,>=2.5 (from requests==2.32.4->-r requirements-dev.txt (line 34))
2025-08-21T15:52:26.6919708Z   Using cached idna-3.10-py3-none-any.whl.metadata (10 kB)
2025-08-21T15:52:26.7190697Z Collecting urllib3<3,>=1.21.1 (from requests==2.32.4->-r requirements-dev.txt (line 34))
2025-08-21T15:52:26.7203018Z   Using cached urllib3-2.5.0-py3-none-any.whl.metadata (6.5 kB)
2025-08-21T15:52:26.7401738Z Collecting certifi>=2017.4.17 (from requests==2.32.4->-r requirements-dev.txt (line 34))
2025-08-21T15:52:26.7414279Z   Using cached certifi-2025.8.3-py3-none-any.whl.metadata (2.4 kB)
2025-08-21T15:52:26.9505042Z Collecting greenlet>=1 (from sqlalchemy==2.0.43->-r requirements-dev.txt (line 37))
2025-08-21T15:52:26.9520663Z   Using cached greenlet-3.2.4-cp312-cp312-manylinux_2_24_x86_64.manylinux_2_28_x86_64.whl.metadata (4.1 kB)
2025-08-21T15:52:26.9750119Z Collecting docker (from testcontainers==4.12.0->testcontainers[postgres]==4.12.0->-r requirements-dev.txt (line 39))
2025-08-21T15:52:26.9764325Z   Using cached docker-7.1.0-py3-none-any.whl.metadata (3.8 kB)
2025-08-21T15:52:27.0751221Z Collecting wrapt (from testcontainers==4.12.0->testcontainers[postgres]==4.12.0->-r requirements-dev.txt (line 39))
2025-08-21T15:52:27.0764332Z   Using cached wrapt-1.17.3-cp312-cp312-manylinux1_x86_64.manylinux_2_28_x86_64.manylinux_2_5_x86_64.whl.metadata (6.4 kB)
2025-08-21T15:52:27.1025688Z Collecting docspec==2.2.1 (from docspec-python==2.2.2->-r requirements-dev.txt (line 41))
2025-08-21T15:52:27.1037487Z   Using cached docspec-2.2.1-py3-none-any.whl.metadata (1.5 kB)
2025-08-21T15:52:27.1178978Z Collecting nr-util>=0.8.12 (from docspec-python==2.2.2->-r requirements-dev.txt (line 41))
2025-08-21T15:52:27.1190301Z   Using cached nr.util-0.8.12-py3-none-any.whl.metadata (813 bytes)
2025-08-21T15:52:27.1554785Z Collecting PyYAML<7.0,>=5.0 (from pydoc-markdown==4.8.2->-r requirements-dev.txt (line 42))
2025-08-21T15:52:27.1567736Z   Using cached PyYAML-6.0.2-cp312-cp312-manylinux_2_17_x86_64.manylinux2014_x86_64.whl.metadata (2.1 kB)
2025-08-21T15:52:27.1814700Z Collecting databind.core<5.0.0,>=4.4.0 (from pydoc-markdown==4.8.2->-r requirements-dev.txt (line 42))
2025-08-21T15:52:27.1828074Z   Using cached databind.core-4.5.2-py3-none-any.whl.metadata (1.1 kB)
2025-08-21T15:52:27.2017228Z Collecting databind.json<5.0.0,>=4.4.0 (from pydoc-markdown==4.8.2->-r requirements-dev.txt (line 42))
2025-08-21T15:52:27.2030236Z   Using cached databind.json-4.5.2-py3-none-any.whl.metadata (1.1 kB)
2025-08-21T15:52:27.2168953Z Collecting docstring-parser<0.12,>=0.11 (from pydoc-markdown==4.8.2->-r requirements-dev.txt (line 42))
2025-08-21T15:52:27.2170373Z   Using cached docstring_parser-0.11-py3-none-any.whl
2025-08-21T15:52:27.2534466Z Collecting tomli<3.0.0,>=2.0.0 (from pydoc-markdown==4.8.2->-r requirements-dev.txt (line 42))
2025-08-21T15:52:27.2546938Z   Using cached tomli-2.2.1-cp312-cp312-manylinux_2_17_x86_64.manylinux2014_x86_64.whl.metadata (11 kB)
2025-08-21T15:52:27.2647514Z Collecting tomli_w<2.0.0,>=1.0.0 (from pydoc-markdown==4.8.2->-r requirements-dev.txt (line 42))
2025-08-21T15:52:27.2659243Z   Using cached tomli_w-1.2.0-py3-none-any.whl.metadata (5.7 kB)
2025-08-21T15:52:27.3097013Z Collecting watchdog (from pydoc-markdown==4.8.2->-r requirements-dev.txt (line 42))
2025-08-21T15:52:27.3109984Z   Using cached watchdog-6.0.0-py3-none-manylinux2014_x86_64.whl.metadata (44 kB)
2025-08-21T15:52:27.3315155Z Collecting yapf>=0.30.0 (from pydoc-markdown==4.8.2->-r requirements-dev.txt (line 42))
2025-08-21T15:52:27.3327377Z   Using cached yapf-0.43.0-py3-none-any.whl.metadata (46 kB)
2025-08-21T15:52:27.3525141Z Collecting Deprecated<2.0.0,>=1.2.12 (from docspec==2.2.1->docspec-python==2.2.2->-r requirements-dev.txt (line 41))
2025-08-21T15:52:27.3537420Z   Using cached Deprecated-1.2.18-py2.py3-none-any.whl.metadata (5.7 kB)
2025-08-21T15:52:27.5066198Z Collecting psycopg-binary==3.2.9 (from psycopg[binary]==3.2.9->-r requirements-dev.txt (line 25))
2025-08-21T15:52:27.5079067Z   Using cached psycopg_binary-3.2.9-cp312-cp312-manylinux_2_17_x86_64.manylinux2014_x86_64.whl.metadata (2.9 kB)
2025-08-21T15:52:27.5412643Z Collecting argon2-cffi (from minio==7.*->-r requirements-dev.txt (line 10))
2025-08-21T15:52:27.5425692Z   Using cached argon2_cffi-25.1.0-py3-none-any.whl.metadata (4.1 kB)
2025-08-21T15:52:27.6219317Z Collecting pycryptodome (from minio==7.*->-r requirements-dev.txt (line 10))
2025-08-21T15:52:27.6232888Z   Using cached pycryptodome-3.23.0-cp37-abi3-manylinux_2_17_x86_64.manylinux2014_x86_64.whl.metadata (3.4 kB)
2025-08-21T15:52:27.6430135Z Collecting anyio (from httpx<0.29,>=0.27->-r requirements-dev.txt (line 16))
2025-08-21T15:52:27.6442780Z   Using cached anyio-4.10.0-py3-none-any.whl.metadata (4.0 kB)
2025-08-21T15:52:27.6628139Z Collecting httpcore==1.* (from httpx<0.29,>=0.27->-r requirements-dev.txt (line 16))
2025-08-21T15:52:27.6640161Z   Using cached httpcore-1.0.9-py3-none-any.whl.metadata (21 kB)
2025-08-21T15:52:27.6970357Z Collecting tzdata>=2022.7 (from pandas==2.2.*->-r requirements-dev.txt (line 23))
2025-08-21T15:52:27.6984201Z   Using cached tzdata-2025.2-py2.py3-none-any.whl.metadata (1.4 kB)
2025-08-21T15:52:27.7129849Z Collecting multimethod<=1.10.0 (from pandera==0.19.*->-r requirements-dev.txt (line 43))
2025-08-21T15:52:27.7142245Z   Using cached multimethod-1.10-py3-none-any.whl.metadata (8.2 kB)
2025-08-21T15:52:27.7505303Z Collecting typeguard (from pandera==0.19.*->-r requirements-dev.txt (line 43))
2025-08-21T15:52:27.7517679Z   Using cached typeguard-4.4.4-py3-none-any.whl.metadata (3.3 kB)
2025-08-21T15:52:27.7610263Z Collecting typing-inspect>=0.6.0 (from pandera==0.19.*->-r requirements-dev.txt (line 43))
2025-08-21T15:52:27.7622062Z   Using cached typing_inspect-0.9.0-py3-none-any.whl.metadata (1.5 kB)
2025-08-21T15:52:27.7876303Z Collecting databind<5.0.0,>=4.5.2 (from databind.core<5.0.0,>=4.4.0->pydoc-markdown==4.8.2->-r requirements-dev.txt (line 42))
2025-08-21T15:52:27.7888082Z   Using cached databind-4.5.2-py3-none-any.whl.metadata (4.3 kB)
2025-08-21T15:52:27.7995410Z Collecting nr-date<3.0.0,>=2.0.0 (from databind<5.0.0,>=4.5.2->databind.core<5.0.0,>=4.4.0->pydoc-markdown==4.8.2->-r requirements-dev.txt (line 42))
2025-08-21T15:52:27.8006366Z   Using cached nr_date-2.1.0-py3-none-any.whl.metadata (746 bytes)
2025-08-21T15:52:27.8116808Z Collecting nr-stream<2.0.0,>=1.0.0 (from databind<5.0.0,>=4.5.2->databind.core<5.0.0,>=4.4.0->pydoc-markdown==4.8.2->-r requirements-dev.txt (line 42))
2025-08-21T15:52:27.8127987Z   Using cached nr_stream-1.1.5-py3-none-any.whl.metadata (3.6 kB)
2025-08-21T15:52:27.8277410Z Collecting typeapi<3,>=2.0.1 (from databind<5.0.0,>=4.5.2->databind.core<5.0.0,>=4.4.0->pydoc-markdown==4.8.2->-r requirements-dev.txt (line 42))
2025-08-21T15:52:27.8289175Z   Using cached typeapi-2.2.4-py3-none-any.whl.metadata (1.5 kB)
2025-08-21T15:52:27.8569212Z Collecting h11>=0.16 (from httpcore==1.*->httpx<0.29,>=0.27->-r requirements-dev.txt (line 16))
2025-08-21T15:52:27.8581015Z   Using cached h11-0.16.0-py3-none-any.whl.metadata (8.3 kB)
2025-08-21T15:52:27.8790894Z Collecting amqp<6.0.0,>=5.1.1 (from kombu<5.6,>=5.5.2->celery==5.5.3->-r requirements-dev.txt (line 12))
2025-08-21T15:52:27.8802782Z   Using cached amqp-5.3.1-py3-none-any.whl.metadata (8.9 kB)
2025-08-21T15:52:27.9200697Z Collecting iniconfig>=1 (from pytest<9,>=8.2->pytest-asyncio==1.1.0->-r requirements-dev.txt (line 28))
2025-08-21T15:52:27.9213208Z   Using cached iniconfig-2.1.0-py3-none-any.whl.metadata (2.7 kB)
2025-08-21T15:52:27.9427555Z Collecting pygments>=2.7.2 (from pytest<9,>=8.2->pytest-asyncio==1.1.0->-r requirements-dev.txt (line 28))
2025-08-21T15:52:27.9439780Z   Using cached pygments-2.19.2-py3-none-any.whl.metadata (2.5 kB)
2025-08-21T15:52:27.9796564Z Collecting sniffio>=1.1 (from anyio->httpx<0.29,>=0.27->-r requirements-dev.txt (line 16))
2025-08-21T15:52:27.9808392Z   Using cached sniffio-1.3.1-py3-none-any.whl.metadata (3.9 kB)
2025-08-21T15:52:28.4156196Z Collecting botocore<1.41.0,>=1.40.14 (from boto3->-r requirements-dev.txt (line 8))
2025-08-21T15:52:28.4169980Z   Using cached botocore-1.40.14-py3-none-any.whl.metadata (5.7 kB)
2025-08-21T15:52:28.4294891Z Collecting jmespath<2.0.0,>=0.7.1 (from boto3->-r requirements-dev.txt (line 8))
2025-08-21T15:52:28.4306547Z   Using cached jmespath-1.0.1-py3-none-any.whl.metadata (7.6 kB)
2025-08-21T15:52:28.4475894Z Collecting s3transfer<0.14.0,>=0.13.0 (from boto3->-r requirements-dev.txt (line 8))
2025-08-21T15:52:28.4488328Z   Using cached s3transfer-0.13.1-py3-none-any.whl.metadata (1.7 kB)
2025-08-21T15:52:28.5923832Z Collecting fastapi-cli>=0.0.8 (from fastapi-cli[standard]>=0.0.8; extra == "all"->fastapi[all]->-r requirements-dev.txt (line 14))
2025-08-21T15:52:28.5935558Z   Using cached fastapi_cli-0.0.8-py3-none-any.whl.metadata (6.3 kB)
2025-08-21T15:52:28.6743889Z Collecting ujson!=4.0.2,!=4.1.0,!=4.2.0,!=4.3.0,!=5.0.0,!=5.1.0,>=4.0.1 (from fastapi[all]->-r requirements-dev.txt (line 14))
2025-08-21T15:52:28.6757364Z   Using cached ujson-5.11.0-cp312-cp312-manylinux_2_24_x86_64.manylinux_2_28_x86_64.whl.metadata (9.4 kB)
2025-08-21T15:52:28.9159740Z Collecting orjson>=3.2.1 (from fastapi[all]->-r requirements-dev.txt (line 14))
2025-08-21T15:52:28.9174450Z   Using cached orjson-3.11.2-cp312-cp312-manylinux_2_17_x86_64.manylinux2014_x86_64.whl.metadata (1.2 kB)
2025-08-21T15:52:28.9293351Z Collecting email-validator>=2.0.0 (from fastapi[all]->-r requirements-dev.txt (line 14))
2025-08-21T15:52:28.9307077Z   Using cached email_validator-2.2.0-py3-none-any.whl.metadata (25 kB)
2025-08-21T15:52:28.9598299Z Collecting uvicorn>=0.12.0 (from uvicorn[standard]>=0.12.0; extra == "all"->fastapi[all]->-r requirements-dev.txt (line 14))
2025-08-21T15:52:28.9612094Z   Using cached uvicorn-0.35.0-py3-none-any.whl.metadata (6.5 kB)
2025-08-21T15:52:28.9780640Z Collecting pydantic-settings>=2.0.0 (from fastapi[all]->-r requirements-dev.txt (line 14))
2025-08-21T15:52:28.9795374Z   Using cached pydantic_settings-2.10.1-py3-none-any.whl.metadata (3.4 kB)
2025-08-21T15:52:28.9926390Z Collecting pydantic-extra-types>=2.0.0 (from fastapi[all]->-r requirements-dev.txt (line 14))
2025-08-21T15:52:28.9939275Z   Using cached pydantic_extra_types-2.10.5-py3-none-any.whl.metadata (3.9 kB)
2025-08-21T15:52:29.0619968Z Collecting prompt-toolkit>=3.0.36 (from click-repl>=0.2.0->celery==5.5.3->-r requirements-dev.txt (line 12))
2025-08-21T15:52:29.0634351Z   Using cached prompt_toolkit-3.0.51-py3-none-any.whl.metadata (6.4 kB)
2025-08-21T15:52:29.0826911Z Collecting dnspython>=2.0.0 (from email-validator>=2.0.0->fastapi[all]->-r requirements-dev.txt (line 14))
2025-08-21T15:52:29.0839553Z   Using cached dnspython-2.7.0-py3-none-any.whl.metadata (5.8 kB)
2025-08-21T15:52:29.1129953Z Collecting typer>=0.15.1 (from fastapi-cli>=0.0.8->fastapi-cli[standard]>=0.0.8; extra == "all"->fastapi[all]->-r requirements-dev.txt (line 14))
2025-08-21T15:52:29.1142962Z   Using cached typer-0.16.1-py3-none-any.whl.metadata (15 kB)
2025-08-21T15:52:29.1406452Z Collecting rich-toolkit>=0.14.8 (from fastapi-cli>=0.0.8->fastapi-cli[standard]>=0.0.8; extra == "all"->fastapi[all]->-r requirements-dev.txt (line 14))
2025-08-21T15:52:29.1418945Z   Using cached rich_toolkit-0.15.0-py3-none-any.whl.metadata (1.0 kB)
2025-08-21T15:52:29.1530064Z Collecting fastapi-cloud-cli>=0.1.1 (from fastapi-cli[standard]>=0.0.8; extra == "all"->fastapi[all]->-r requirements-dev.txt (line 14))
2025-08-21T15:52:29.1542130Z   Using cached fastapi_cloud_cli-0.1.5-py3-none-any.whl.metadata (3.2 kB)
2025-08-21T15:52:29.2280564Z Collecting rignore>=0.5.1 (from fastapi-cloud-cli>=0.1.1->fastapi-cli[standard]>=0.0.8; extra == "all"->fastapi[all]->-r requirements-dev.txt (line 14))
2025-08-21T15:52:29.2294520Z   Using cached rignore-0.6.4-cp312-cp312-manylinux_2_17_x86_64.manylinux2014_x86_64.whl.metadata (3.8 kB)
2025-08-21T15:52:29.3104547Z Collecting sentry-sdk>=2.20.0 (from fastapi-cloud-cli>=0.1.1->fastapi-cli[standard]>=0.0.8; extra == "all"->fastapi[all]->-r requirements-dev.txt (line 14))
2025-08-21T15:52:29.3117915Z   Using cached sentry_sdk-2.35.0-py2.py3-none-any.whl.metadata (10 kB)
2025-08-21T15:52:29.4047836Z Collecting psutil>=4.0.0 (from mirakuru>=2.6.0->pytest-postgresql==7.0.2->-r requirements-dev.txt (line 30))
2025-08-21T15:52:29.4061940Z   Using cached psutil-7.0.0-cp36-abi3-manylinux_2_12_x86_64.manylinux2010_x86_64.manylinux_2_17_x86_64.manylinux2014_x86_64.whl.metadata (22 kB)
2025-08-21T15:52:29.4385112Z Collecting wcwidth (from prompt-toolkit>=3.0.36->click-repl>=0.2.0->celery==5.5.3->-r requirements-dev.txt (line 12))
2025-08-21T15:52:29.4397922Z   Using cached wcwidth-0.2.13-py2.py3-none-any.whl.metadata (14 kB)
2025-08-21T15:52:29.5581066Z Collecting rich>=13.7.1 (from rich-toolkit>=0.14.8->fastapi-cli>=0.0.8->fastapi-cli[standard]>=0.0.8; extra == "all"->fastapi[all]->-r requirements-dev.txt (line 14))
2025-08-21T15:52:29.5594564Z   Using cached rich-14.1.0-py3-none-any.whl.metadata (18 kB)
2025-08-21T15:52:29.5786132Z Collecting markdown-it-py>=2.2.0 (from rich>=13.7.1->rich-toolkit>=0.14.8->fastapi-cli>=0.0.8->fastapi-cli[standard]>=0.0.8; extra == "all"->fastapi[all]->-r requirements-dev.txt (line 14))
2025-08-21T15:52:29.5797932Z   Using cached markdown_it_py-4.0.0-py3-none-any.whl.metadata (7.3 kB)
2025-08-21T15:52:29.6017376Z Collecting mdurl~=0.1 (from markdown-it-py>=2.2.0->rich>=13.7.1->rich-toolkit>=0.14.8->fastapi-cli>=0.0.8->fastapi-cli[standard]>=0.0.8; extra == "all"->fastapi[all]->-r requirements-dev.txt (line 14))
2025-08-21T15:52:29.6030017Z   Using cached mdurl-0.1.2-py3-none-any.whl.metadata (1.6 kB)
2025-08-21T15:52:29.6583106Z Collecting shellingham>=1.3.0 (from typer>=0.15.1->fastapi-cli>=0.0.8->fastapi-cli[standard]>=0.0.8; extra == "all"->fastapi[all]->-r requirements-dev.txt (line 14))
2025-08-21T15:52:29.6595489Z   Using cached shellingham-1.5.4-py2.py3-none-any.whl.metadata (3.5 kB)
2025-08-21T15:52:29.7347666Z Collecting httptools>=0.6.3 (from uvicorn[standard]>=0.12.0; extra == "all"->fastapi[all]->-r requirements-dev.txt (line 14))
2025-08-21T15:52:29.7361214Z   Using cached httptools-0.6.4-cp312-cp312-manylinux_2_5_x86_64.manylinux1_x86_64.manylinux_2_17_x86_64.manylinux2014_x86_64.whl.metadata (3.6 kB)
2025-08-21T15:52:29.7777468Z Collecting uvloop>=0.15.1 (from uvicorn[standard]>=0.12.0; extra == "all"->fastapi[all]->-r requirements-dev.txt (line 14))
2025-08-21T15:52:29.7791473Z   Using cached uvloop-0.21.0-cp312-cp312-manylinux_2_17_x86_64.manylinux2014_x86_64.whl.metadata (4.9 kB)
2025-08-21T15:52:29.8496952Z Collecting watchfiles>=0.13 (from uvicorn[standard]>=0.12.0; extra == "all"->fastapi[all]->-r requirements-dev.txt (line 14))
2025-08-21T15:52:29.8510597Z   Using cached watchfiles-1.1.0-cp312-cp312-manylinux_2_17_x86_64.manylinux2014_x86_64.whl.metadata (4.9 kB)
2025-08-21T15:52:29.9382916Z Collecting websockets>=10.4 (from uvicorn[standard]>=0.12.0; extra == "all"->fastapi[all]->-r requirements-dev.txt (line 14))
2025-08-21T15:52:29.9397311Z   Using cached websockets-15.0.1-cp312-cp312-manylinux_2_5_x86_64.manylinux1_x86_64.manylinux_2_17_x86_64.manylinux2014_x86_64.whl.metadata (6.8 kB)
2025-08-21T15:52:29.9978325Z Collecting argon2-cffi-bindings (from argon2-cffi->minio==7.*->-r requirements-dev.txt (line 10))
2025-08-21T15:52:29.9991302Z   Using cached argon2_cffi_bindings-25.1.0-cp39-abi3-manylinux_2_26_x86_64.manylinux_2_28_x86_64.whl.metadata (7.4 kB)
2025-08-21T15:52:30.2469685Z Collecting cffi>=1.0.1 (from argon2-cffi-bindings->argon2-cffi->minio==7.*->-r requirements-dev.txt (line 10))
2025-08-21T15:52:30.2483924Z   Using cached cffi-1.17.1-cp312-cp312-manylinux_2_17_x86_64.manylinux2014_x86_64.whl.metadata (1.5 kB)
2025-08-21T15:52:30.2609659Z Collecting pycparser (from cffi>=1.0.1->argon2-cffi-bindings->argon2-cffi->minio==7.*->-r requirements-dev.txt (line 10))
2025-08-21T15:52:30.2621406Z   Using cached pycparser-2.22-py3-none-any.whl.metadata (943 bytes)
2025-08-21T15:52:30.3354454Z Using cached jinja2-3.1.6-py3-none-any.whl (134 kB)
2025-08-21T15:52:30.3366874Z Using cached alembic-1.16.4-py3-none-any.whl (247 kB)
2025-08-21T15:52:30.3379599Z Using cached APScheduler-3.10.4-py3-none-any.whl (59 kB)
2025-08-21T15:52:30.3391286Z Using cached asgi_correlation_id-4.3.1-py3-none-any.whl (15 kB)
2025-08-21T15:52:30.3402878Z Using cached asyncpg-0.30.0-cp312-cp312-manylinux_2_17_x86_64.manylinux2014_x86_64.whl (3.6 MB)
2025-08-21T15:52:30.3440767Z Using cached black-25.1.0-cp312-cp312-manylinux_2_17_x86_64.manylinux2014_x86_64.manylinux_2_28_x86_64.whl (1.8 MB)
2025-08-21T15:52:30.3464767Z Using cached vulture-2.10-py2.py3-none-any.whl (27 kB)
2025-08-21T15:52:30.3476213Z Using cached celery-5.5.3-py3-none-any.whl (438 kB)
2025-08-21T15:52:30.3490387Z Using cached fastapi-0.116.1-py3-none-any.whl (95 kB)
2025-08-21T15:52:30.3502310Z Using cached pydantic-2.11.7-py3-none-any.whl (444 kB)
2025-08-21T15:52:30.3516556Z Using cached fastapi_limiter-0.1.6-py3-none-any.whl (15 kB)
2025-08-21T15:52:30.3527891Z Using cached IMAPClient-3.0.1-py2.py3-none-any.whl (182 kB)
2025-08-21T15:52:30.3540308Z Using cached mypy_extensions-1.1.0-py3-none-any.whl (5.0 kB)
2025-08-21T15:52:30.3551534Z Using cached openpyxl-3.1.5-py2.py3-none-any.whl (250 kB)
2025-08-21T15:52:30.3564659Z Using cached psycopg2_binary-2.9.10-cp312-cp312-manylinux_2_17_x86_64.manylinux2014_x86_64.whl (3.0 MB)
2025-08-21T15:52:30.3598371Z Using cached psycopg-3.2.9-py3-none-any.whl (202 kB)
2025-08-21T15:52:30.3610947Z Using cached pytest_asyncio-1.1.0-py3-none-any.whl (15 kB)
2025-08-21T15:52:30.3622125Z Using cached pytest_cov-6.2.1-py3-none-any.whl (24 kB)
2025-08-21T15:52:30.3633484Z Using cached pytest_postgresql-7.0.2-py3-none-any.whl (41 kB)
2025-08-21T15:52:30.3645366Z Using cached python_telegram_bot-22.3-py3-none-any.whl (717 kB)
2025-08-21T15:52:30.3661568Z Using cached requests-2.32.4-py3-none-any.whl (64 kB)
2025-08-21T15:52:30.3673148Z Using cached respx-0.22.0-py2.py3-none-any.whl (25 kB)
2025-08-21T15:52:30.3685200Z Using cached ruff-0.9.9-py3-none-manylinux_2_17_x86_64.manylinux2014_x86_64.whl (11.2 MB)
2025-08-21T15:52:30.3779948Z Using cached sqlalchemy-2.0.43-cp312-cp312-manylinux_2_17_x86_64.manylinux2014_x86_64.whl (3.3 MB)
2025-08-21T15:52:30.3816235Z Using cached structlog-24.1.0-py3-none-any.whl (65 kB)
2025-08-21T15:52:30.3828307Z Using cached testcontainers-4.12.0-py3-none-any.whl (111 kB)
2025-08-21T15:52:30.3840159Z Using cached types_requests-2.32.4.20250809-py3-none-any.whl (20 kB)
2025-08-21T15:52:30.3850977Z Using cached docspec_python-2.2.2-py3-none-any.whl (15 kB)
2025-08-21T15:52:30.3861806Z Using cached pydoc_markdown-4.8.2-py3-none-any.whl (67 kB)
2025-08-21T15:52:30.3872713Z Using cached docspec-2.2.1-py3-none-any.whl (9.8 kB)
2025-08-21T15:52:30.3884103Z Using cached psycopg_binary-3.2.9-cp312-cp312-manylinux_2_17_x86_64.manylinux2014_x86_64.whl (4.4 MB)
2025-08-21T15:52:30.3927711Z Using cached pydantic_core-2.33.2-cp312-cp312-manylinux_2_17_x86_64.manylinux2014_x86_64.whl (2.0 MB)
2025-08-21T15:52:30.3952659Z Using cached redis-6.4.0-py3-none-any.whl (279 kB)
2025-08-21T15:52:30.3965657Z Using cached minio-7.2.16-py3-none-any.whl (95 kB)
2025-08-21T15:52:30.3977019Z Using cached httpx-0.28.1-py3-none-any.whl (73 kB)
2025-08-21T15:52:30.3989425Z Using cached mypy-1.17.1-cp312-cp312-manylinux2014_x86_64.manylinux_2_17_x86_64.manylinux_2_28_x86_64.whl (12.7 MB)
2025-08-21T15:52:30.4099649Z Using cached numpy-1.26.4-cp312-cp312-manylinux_2_17_x86_64.manylinux2014_x86_64.whl (18.0 MB)
2025-08-21T15:52:30.4242579Z Using cached pandas-2.2.3-cp312-cp312-manylinux_2_17_x86_64.manylinux2014_x86_64.whl (12.7 MB)
2025-08-21T15:52:30.4347813Z Using cached pandera-0.19.3-py3-none-any.whl (251 kB)
2025-08-21T15:52:30.4360141Z Using cached billiard-4.2.1-py3-none-any.whl (86 kB)
2025-08-21T15:52:30.4372705Z Using cached charset_normalizer-3.4.3-cp312-cp312-manylinux2014_x86_64.manylinux_2_17_x86_64.manylinux_2_28_x86_64.whl (151 kB)
2025-08-21T15:52:30.4384310Z Using cached click-8.2.1-py3-none-any.whl (102 kB)
2025-08-21T15:52:30.4395911Z Using cached databind.core-4.5.2-py3-none-any.whl (1.5 kB)
2025-08-21T15:52:30.4406821Z Using cached databind-4.5.2-py3-none-any.whl (49 kB)
2025-08-21T15:52:30.4417553Z Using cached databind.json-4.5.2-py3-none-any.whl (1.5 kB)
2025-08-21T15:52:30.4428247Z Using cached Deprecated-1.2.18-py2.py3-none-any.whl (10.0 kB)
2025-08-21T15:52:30.4439173Z Using cached httpcore-1.0.9-py3-none-any.whl (78 kB)
2025-08-21T15:52:30.4450332Z Using cached idna-3.10-py3-none-any.whl (70 kB)
2025-08-21T15:52:30.4461427Z Using cached kombu-5.5.4-py3-none-any.whl (210 kB)
2025-08-21T15:52:30.4473479Z Using cached vine-5.1.0-py3-none-any.whl (9.6 kB)
2025-08-21T15:52:30.4485317Z Using cached amqp-5.3.1-py3-none-any.whl (50 kB)
2025-08-21T15:52:30.4496234Z Using cached multimethod-1.10-py3-none-any.whl (9.9 kB)
2025-08-21T15:52:30.4506778Z Using cached nr_date-2.1.0-py3-none-any.whl (10 kB)
2025-08-21T15:52:30.4517621Z Using cached nr_stream-1.1.5-py3-none-any.whl (10 kB)
2025-08-21T15:52:30.4528476Z Using cached nr.util-0.8.12-py3-none-any.whl (90 kB)
2025-08-21T15:52:30.4539826Z Using cached pytest-8.4.1-py3-none-any.whl (365 kB)
2025-08-21T15:52:30.4552941Z Using cached pluggy-1.6.0-py3-none-any.whl (20 kB)
2025-08-21T15:52:30.4564193Z Using cached PyYAML-6.0.2-cp312-cp312-manylinux_2_17_x86_64.manylinux2014_x86_64.whl (767 kB)
2025-08-21T15:52:30.4582253Z Using cached starlette-0.47.2-py3-none-any.whl (72 kB)
2025-08-21T15:52:30.4593767Z Using cached anyio-4.10.0-py3-none-any.whl (107 kB)
2025-08-21T15:52:30.4606428Z Using cached tomli-2.2.1-cp312-cp312-manylinux_2_17_x86_64.manylinux2014_x86_64.whl (242 kB)
2025-08-21T15:52:30.4618799Z Using cached tomli_w-1.2.0-py3-none-any.whl (6.7 kB)
2025-08-21T15:52:30.4629584Z Using cached typeapi-2.2.4-py3-none-any.whl (26 kB)
2025-08-21T15:52:30.4640726Z Using cached typing_extensions-4.14.1-py3-none-any.whl (43 kB)
2025-08-21T15:52:30.4651817Z Using cached urllib3-2.5.0-py3-none-any.whl (129 kB)
2025-08-21T15:52:30.4664053Z Using cached wrapt-1.17.3-cp312-cp312-manylinux1_x86_64.manylinux_2_28_x86_64.manylinux_2_5_x86_64.whl (88 kB)
2025-08-21T15:52:30.4675355Z Using cached boto3-1.40.14-py3-none-any.whl (140 kB)
2025-08-21T15:52:30.4686962Z Using cached botocore-1.40.14-py3-none-any.whl (14.0 MB)
2025-08-21T15:52:30.4799730Z Using cached jmespath-1.0.1-py3-none-any.whl (20 kB)
2025-08-21T15:52:30.4811226Z Using cached python_dateutil-2.9.0.post0-py2.py3-none-any.whl (229 kB)
2025-08-21T15:52:30.4824091Z Using cached s3transfer-0.13.1-py3-none-any.whl (85 kB)
2025-08-21T15:52:30.4835860Z Using cached itsdangerous-2.2.0-py3-none-any.whl (16 kB)
2025-08-21T15:52:30.4846994Z Using cached setuptools-80.9.0-py3-none-any.whl (1.2 MB)
2025-08-21T15:52:30.4866243Z Using cached python_dotenv-1.1.1-py3-none-any.whl (20 kB)
2025-08-21T15:52:30.4877284Z Using cached python_multipart-0.0.20-py3-none-any.whl (24 kB)
2025-08-21T15:52:30.4888461Z Using cached annotated_types-0.7.0-py3-none-any.whl (13 kB)
2025-08-21T15:52:30.4899342Z Using cached certifi-2025.8.3-py3-none-any.whl (161 kB)
2025-08-21T15:52:30.4911130Z Using cached click_didyoumean-0.3.1-py3-none-any.whl (3.6 kB)
2025-08-21T15:52:30.4922480Z Using cached click_plugins-1.1.1.2-py2.py3-none-any.whl (11 kB)
2025-08-21T15:52:30.4933311Z Using cached click_repl-0.3.0-py3-none-any.whl (10 kB)
2025-08-21T15:52:30.4944655Z Using cached coverage-7.10.4-cp312-cp312-manylinux1_x86_64.manylinux_2_28_x86_64.manylinux_2_5_x86_64.whl (251 kB)
2025-08-21T15:52:30.4956794Z Using cached email_validator-2.2.0-py3-none-any.whl (33 kB)
2025-08-21T15:52:30.4967751Z Using cached dnspython-2.7.0-py3-none-any.whl (313 kB)
2025-08-21T15:52:30.4980439Z Using cached fastapi_cli-0.0.8-py3-none-any.whl (10 kB)
2025-08-21T15:52:30.4991249Z Using cached fastapi_cloud_cli-0.1.5-py3-none-any.whl (18 kB)
2025-08-21T15:52:30.5002544Z Using cached greenlet-3.2.4-cp312-cp312-manylinux_2_24_x86_64.manylinux_2_28_x86_64.whl (607 kB)
2025-08-21T15:52:30.5017984Z Using cached h11-0.16.0-py3-none-any.whl (37 kB)
2025-08-21T15:52:30.5029011Z Using cached iniconfig-2.1.0-py3-none-any.whl (6.0 kB)
2025-08-21T15:52:30.5040422Z Using cached MarkupSafe-3.0.2-cp312-cp312-manylinux_2_17_x86_64.manylinux2014_x86_64.whl (23 kB)
2025-08-21T15:52:30.5050666Z Using cached mirakuru-2.6.1-py3-none-any.whl (26 kB)
2025-08-21T15:52:30.5061793Z Using cached orjson-3.11.2-cp312-cp312-manylinux_2_17_x86_64.manylinux2014_x86_64.whl (121 kB)
2025-08-21T15:52:30.5072984Z Using cached packaging-25.0-py3-none-any.whl (66 kB)
2025-08-21T15:52:30.5084335Z Using cached pathspec-0.12.1-py3-none-any.whl (31 kB)
2025-08-21T15:52:30.5095194Z Using cached platformdirs-4.3.8-py3-none-any.whl (18 kB)
2025-08-21T15:52:30.5106447Z Using cached port_for-0.7.4-py3-none-any.whl (21 kB)
2025-08-21T15:52:30.5117450Z Using cached prompt_toolkit-3.0.51-py3-none-any.whl (387 kB)
2025-08-21T15:52:30.5131635Z Using cached psutil-7.0.0-cp36-abi3-manylinux_2_12_x86_64.manylinux2010_x86_64.manylinux_2_17_x86_64.manylinux2014_x86_64.whl (277 kB)
2025-08-21T15:52:30.5144125Z Using cached pydantic_extra_types-2.10.5-py3-none-any.whl (38 kB)
2025-08-21T15:52:30.5155339Z Using cached pydantic_settings-2.10.1-py3-none-any.whl (45 kB)
2025-08-21T15:52:30.5166383Z Using cached pygments-2.19.2-py3-none-any.whl (1.2 MB)
2025-08-21T15:52:30.5186530Z Using cached pytz-2025.2-py2.py3-none-any.whl (509 kB)
2025-08-21T15:52:30.5200636Z Using cached rich_toolkit-0.15.0-py3-none-any.whl (29 kB)
2025-08-21T15:52:30.5211587Z Using cached rich-14.1.0-py3-none-any.whl (243 kB)
2025-08-21T15:52:30.5224083Z Using cached markdown_it_py-4.0.0-py3-none-any.whl (87 kB)
2025-08-21T15:52:30.5235416Z Using cached mdurl-0.1.2-py3-none-any.whl (10.0 kB)
2025-08-21T15:52:30.5246774Z Using cached rignore-0.6.4-cp312-cp312-manylinux_2_17_x86_64.manylinux2014_x86_64.whl (949 kB)
2025-08-21T15:52:30.5264011Z Using cached sentry_sdk-2.35.0-py2.py3-none-any.whl (363 kB)
2025-08-21T15:52:30.5277373Z Using cached six-1.17.0-py2.py3-none-any.whl (11 kB)
2025-08-21T15:52:30.5288102Z Using cached sniffio-1.3.1-py3-none-any.whl (10 kB)
2025-08-21T15:52:30.5298699Z Using cached typer-0.16.1-py3-none-any.whl (46 kB)
2025-08-21T15:52:30.5309703Z Using cached shellingham-1.5.4-py2.py3-none-any.whl (9.8 kB)
2025-08-21T15:52:30.5320269Z Using cached typing_inspect-0.9.0-py3-none-any.whl (8.8 kB)
2025-08-21T15:52:30.5331047Z Using cached typing_inspection-0.4.1-py3-none-any.whl (14 kB)
2025-08-21T15:52:30.5341971Z Using cached tzdata-2025.2-py2.py3-none-any.whl (347 kB)
2025-08-21T15:52:30.5355258Z Using cached tzlocal-5.3.1-py3-none-any.whl (18 kB)
2025-08-21T15:52:30.5366397Z Using cached ujson-5.11.0-cp312-cp312-manylinux_2_24_x86_64.manylinux_2_28_x86_64.whl (57 kB)
2025-08-21T15:52:30.5377136Z Using cached uvicorn-0.35.0-py3-none-any.whl (66 kB)
2025-08-21T15:52:30.5389000Z Using cached httptools-0.6.4-cp312-cp312-manylinux_2_5_x86_64.manylinux1_x86_64.manylinux_2_17_x86_64.manylinux2014_x86_64.whl (510 kB)
2025-08-21T15:52:30.5403112Z Using cached uvloop-0.21.0-cp312-cp312-manylinux_2_17_x86_64.manylinux2014_x86_64.whl (4.7 MB)
2025-08-21T15:52:30.5448528Z Using cached watchfiles-1.1.0-cp312-cp312-manylinux_2_17_x86_64.manylinux2014_x86_64.whl (452 kB)
2025-08-21T15:52:30.5462806Z Using cached websockets-15.0.1-cp312-cp312-manylinux_2_5_x86_64.manylinux1_x86_64.manylinux_2_17_x86_64.manylinux2014_x86_64.whl (182 kB)
2025-08-21T15:52:30.5474234Z Using cached yapf-0.43.0-py3-none-any.whl (256 kB)
2025-08-21T15:52:30.5486779Z Using cached argon2_cffi-25.1.0-py3-none-any.whl (14 kB)
2025-08-21T15:52:30.5498105Z Using cached argon2_cffi_bindings-25.1.0-cp39-abi3-manylinux_2_26_x86_64.manylinux_2_28_x86_64.whl (87 kB)
2025-08-21T15:52:30.5510360Z Using cached cffi-1.17.1-cp312-cp312-manylinux_2_17_x86_64.manylinux2014_x86_64.whl (479 kB)
2025-08-21T15:52:30.5524243Z Using cached docker-7.1.0-py3-none-any.whl (147 kB)
2025-08-21T15:52:30.5536054Z Using cached et_xmlfile-2.0.0-py3-none-any.whl (18 kB)
2025-08-21T15:52:30.5547016Z Using cached mako-1.3.10-py3-none-any.whl (78 kB)
2025-08-21T15:52:30.5558318Z Using cached pycparser-2.22-py3-none-any.whl (117 kB)
2025-08-21T15:52:30.5571007Z Using cached pycryptodome-3.23.0-cp37-abi3-manylinux_2_17_x86_64.manylinux2014_x86_64.whl (2.3 MB)
2025-08-21T15:52:30.5597928Z Using cached toml-0.10.2-py2.py3-none-any.whl (16 kB)
2025-08-21T15:52:30.5608742Z Using cached typeguard-4.4.4-py3-none-any.whl (34 kB)
2025-08-21T15:52:30.5619739Z Using cached watchdog-6.0.0-py3-none-manylinux2014_x86_64.whl (79 kB)
2025-08-21T15:52:30.5630905Z Using cached wcwidth-0.2.13-py2.py3-none-any.whl (34 kB)
2025-08-21T15:52:31.0425576Z Installing collected packages: wcwidth, pytz, wrapt, websockets, watchdog, vine, uvloop, urllib3, ujson, tzlocal, tzdata, typing-extensions, tomli_w, tomli, toml, structlog, sniffio, six, shellingham, setuptools, ruff, rignore, redis, PyYAML, python-multipart, python-dotenv, pygments, pycryptodome, pycparser, psycopg2-binary, psycopg-binary, psutil, prompt-toolkit, port-for, pluggy, platformdirs, pathspec, packaging, orjson, numpy, nr-stream, nr-date, mypy-extensions, multimethod, mdurl, MarkupSafe, jmespath, itsdangerous, iniconfig, imapclient, idna, httptools, h11, greenlet, et-xmlfile, docstring-parser, dnspython, coverage, click, charset_normalizer, certifi, billiard, asyncpg, annotated-types, yapf, vulture, uvicorn, typing-inspection, typing-inspect, types-requests, typeguard, typeapi, sqlalchemy, sentry-sdk, requests, python-dateutil, pytest, pydantic-core, psycopg, openpyxl, mypy, mirakuru, markdown-it-py, Mako, Jinja2, httpcore, email-validator, Deprecated, click-repl, click-plugins, click-didyoumean, cffi, black, apscheduler, anyio, amqp, watchfiles, starlette, rich, pytest-postgresql, pytest-cov, pytest-asyncio, pydantic, pandas, nr-util, kombu, httpx, docker, databind, botocore, argon2-cffi-bindings, alembic, typer, testcontainers, s3transfer, rich-toolkit, respx, python-telegram-bot, pydantic-settings, pydantic-extra-types, pandera, fastapi, databind.json, databind.core, celery, asgi-correlation-id, argon2-cffi, minio, fastapi-limiter, fastapi-cloud-cli, fastapi-cli, docspec, boto3, docspec-python, pydoc-markdown
2025-08-21T15:52:52.6771131Z 
2025-08-21T15:52:52.6896736Z Successfully installed Deprecated-1.2.18 Jinja2-3.1.6 Mako-1.3.10 MarkupSafe-3.0.2 PyYAML-6.0.2 alembic-1.16.4 amqp-5.3.1 annotated-types-0.7.0 anyio-4.10.0 apscheduler-3.10.4 argon2-cffi-25.1.0 argon2-cffi-bindings-25.1.0 asgi-correlation-id-4.3.1 asyncpg-0.30.0 billiard-4.2.1 black-25.1.0 boto3-1.40.14 botocore-1.40.14 celery-5.5.3 certifi-2025.8.3 cffi-1.17.1 charset_normalizer-3.4.3 click-8.2.1 click-didyoumean-0.3.1 click-plugins-1.1.1.2 click-repl-0.3.0 coverage-7.10.4 databind-4.5.2 databind.core-4.5.2 databind.json-4.5.2 dnspython-2.7.0 docker-7.1.0 docspec-2.2.1 docspec-python-2.2.2 docstring-parser-0.11 email-validator-2.2.0 et-xmlfile-2.0.0 fastapi-0.116.1 fastapi-cli-0.0.8 fastapi-cloud-cli-0.1.5 fastapi-limiter-0.1.6 greenlet-3.2.4 h11-0.16.0 httpcore-1.0.9 httptools-0.6.4 httpx-0.28.1 idna-3.10 imapclient-3.0.1 iniconfig-2.1.0 itsdangerous-2.2.0 jmespath-1.0.1 kombu-5.5.4 markdown-it-py-4.0.0 mdurl-0.1.2 minio-7.2.16 mirakuru-2.6.1 multimethod-1.10 mypy-1.17.1 mypy-extensions-1.1.0 nr-date-2.1.0 nr-stream-1.1.5 nr-util-0.8.12 numpy-1.26.4 openpyxl-3.1.5 orjson-3.11.2 packaging-25.0 pandas-2.2.3 pandera-0.19.3 pathspec-0.12.1 platformdirs-4.3.8 pluggy-1.6.0 port-for-0.7.4 prompt-toolkit-3.0.51 psutil-7.0.0 psycopg-3.2.9 psycopg-binary-3.2.9 psycopg2-binary-2.9.10 pycparser-2.22 pycryptodome-3.23.0 pydantic-2.11.7 pydantic-core-2.33.2 pydantic-extra-types-2.10.5 pydantic-settings-2.10.1 pydoc-markdown-4.8.2 pygments-2.19.2 pytest-8.4.1 pytest-asyncio-1.1.0 pytest-cov-6.2.1 pytest-postgresql-7.0.2 python-dateutil-2.9.0.post0 python-dotenv-1.1.1 python-multipart-0.0.20 python-telegram-bot-22.3 pytz-2025.2 redis-6.4.0 requests-2.32.4 respx-0.22.0 rich-14.1.0 rich-toolkit-0.15.0 rignore-0.6.4 ruff-0.9.9 s3transfer-0.13.1 sentry-sdk-2.35.0 setuptools-80.9.0 shellingham-1.5.4 six-1.17.0 sniffio-1.3.1 sqlalchemy-2.0.43 starlette-0.47.2 structlog-24.1.0 testcontainers-4.12.0 toml-0.10.2 tomli-2.2.1 tomli_w-1.2.0 typeapi-2.2.4 typeguard-4.4.4 typer-0.16.1 types-requests-2.32.4.20250809 typing-extensions-4.14.1 typing-inspect-0.9.0 typing-inspection-0.4.1 tzdata-2025.2 tzlocal-5.3.1 ujson-5.11.0 urllib3-2.5.0 uvicorn-0.35.0 uvloop-0.21.0 vine-5.1.0 vulture-2.10 watchdog-6.0.0 watchfiles-1.1.0 wcwidth-0.2.13 websockets-15.0.1 wrapt-1.17.3 yapf-0.43.0
2025-08-21T15:52:54.1708369Z Collecting keepa==1.3.15
2025-08-21T15:52:54.1722868Z   Using cached keepa-1.3.15-py3-none-any.whl.metadata (11 kB)
2025-08-21T15:52:54.1997052Z Collecting minio==7.1.15
2025-08-21T15:52:54.2011358Z   Using cached minio-7.1.15-py3-none-any.whl.metadata (4.2 kB)
2025-08-21T15:52:54.2043400Z Requirement already satisfied: numpy>=1.9.3 in /opt/hostedtoolcache/Python/3.12.11/x64/lib/python3.12/site-packages (from keepa==1.3.15) (1.26.4)
2025-08-21T15:52:54.2049326Z Requirement already satisfied: requests>=2.2 in /opt/hostedtoolcache/Python/3.12.11/x64/lib/python3.12/site-packages (from keepa==1.3.15) (2.32.4)
2025-08-21T15:52:54.2380291Z Collecting tqdm (from keepa==1.3.15)
2025-08-21T15:52:54.2394207Z   Using cached tqdm-4.67.1-py3-none-any.whl.metadata (57 kB)
2025-08-21T15:52:54.7370462Z Collecting aiohttp (from keepa==1.3.15)
2025-08-21T15:52:54.7384416Z   Using cached aiohttp-3.12.15-cp312-cp312-manylinux_2_17_x86_64.manylinux2014_x86_64.whl.metadata (7.7 kB)
2025-08-21T15:52:54.7420053Z Requirement already satisfied: pandas<=3.0 in /opt/hostedtoolcache/Python/3.12.11/x64/lib/python3.12/site-packages (from keepa==1.3.15) (2.2.3)
2025-08-21T15:52:54.7424883Z Requirement already satisfied: pydantic in /opt/hostedtoolcache/Python/3.12.11/x64/lib/python3.12/site-packages (from keepa==1.3.15) (2.11.7)
2025-08-21T15:52:54.7433302Z Requirement already satisfied: certifi in /opt/hostedtoolcache/Python/3.12.11/x64/lib/python3.12/site-packages (from minio==7.1.15) (2025.8.3)
2025-08-21T15:52:54.7437399Z Requirement already satisfied: urllib3 in /opt/hostedtoolcache/Python/3.12.11/x64/lib/python3.12/site-packages (from minio==7.1.15) (2.5.0)
2025-08-21T15:52:54.7496815Z Requirement already satisfied: python-dateutil>=2.8.2 in /opt/hostedtoolcache/Python/3.12.11/x64/lib/python3.12/site-packages (from pandas<=3.0->keepa==1.3.15) (2.9.0.post0)
2025-08-21T15:52:54.7502528Z Requirement already satisfied: pytz>=2020.1 in /opt/hostedtoolcache/Python/3.12.11/x64/lib/python3.12/site-packages (from pandas<=3.0->keepa==1.3.15) (2025.2)
2025-08-21T15:52:54.7508479Z Requirement already satisfied: tzdata>=2022.7 in /opt/hostedtoolcache/Python/3.12.11/x64/lib/python3.12/site-packages (from pandas<=3.0->keepa==1.3.15) (2025.2)
2025-08-21T15:52:54.7638530Z Requirement already satisfied: six>=1.5 in /opt/hostedtoolcache/Python/3.12.11/x64/lib/python3.12/site-packages (from python-dateutil>=2.8.2->pandas<=3.0->keepa==1.3.15) (1.17.0)
2025-08-21T15:52:54.7659109Z Requirement already satisfied: charset_normalizer<4,>=2 in /opt/hostedtoolcache/Python/3.12.11/x64/lib/python3.12/site-packages (from requests>=2.2->keepa==1.3.15) (3.4.3)
2025-08-21T15:52:54.7666630Z Requirement already satisfied: idna<4,>=2.5 in /opt/hostedtoolcache/Python/3.12.11/x64/lib/python3.12/site-packages (from requests>=2.2->keepa==1.3.15) (3.10)
2025-08-21T15:52:54.7864275Z Collecting aiohappyeyeballs>=2.5.0 (from aiohttp->keepa==1.3.15)
2025-08-21T15:52:54.7877534Z   Using cached aiohappyeyeballs-2.6.1-py3-none-any.whl.metadata (5.9 kB)
2025-08-21T15:52:54.7963505Z Collecting aiosignal>=1.4.0 (from aiohttp->keepa==1.3.15)
2025-08-21T15:52:54.7976196Z   Using cached aiosignal-1.4.0-py3-none-any.whl.metadata (3.7 kB)
2025-08-21T15:52:54.8128966Z Collecting attrs>=17.3.0 (from aiohttp->keepa==1.3.15)
2025-08-21T15:52:54.8141491Z   Using cached attrs-25.3.0-py3-none-any.whl.metadata (10 kB)
2025-08-21T15:52:54.8821457Z Collecting frozenlist>=1.1.1 (from aiohttp->keepa==1.3.15)
2025-08-21T15:52:54.8837029Z   Using cached frozenlist-1.7.0-cp312-cp312-manylinux_2_5_x86_64.manylinux1_x86_64.manylinux_2_17_x86_64.manylinux2014_x86_64.whl.metadata (18 kB)
2025-08-21T15:52:55.1431298Z Collecting multidict<7.0,>=4.5 (from aiohttp->keepa==1.3.15)
2025-08-21T15:52:55.1448020Z   Using cached multidict-6.6.4-cp312-cp312-manylinux2014_x86_64.manylinux_2_17_x86_64.manylinux_2_28_x86_64.whl.metadata (5.3 kB)
2025-08-21T15:52:55.1880724Z Collecting propcache>=0.2.0 (from aiohttp->keepa==1.3.15)
2025-08-21T15:52:55.1895899Z   Using cached propcache-0.3.2-cp312-cp312-manylinux_2_17_x86_64.manylinux2014_x86_64.whl.metadata (12 kB)
2025-08-21T15:52:55.4341295Z Collecting yarl<2.0,>=1.17.0 (from aiohttp->keepa==1.3.15)
2025-08-21T15:52:55.4356176Z   Using cached yarl-1.20.1-cp312-cp312-manylinux_2_17_x86_64.manylinux2014_x86_64.whl.metadata (73 kB)
2025-08-21T15:52:55.4578339Z Requirement already satisfied: typing-extensions>=4.2 in /opt/hostedtoolcache/Python/3.12.11/x64/lib/python3.12/site-packages (from aiosignal>=1.4.0->aiohttp->keepa==1.3.15) (4.14.1)
2025-08-21T15:52:55.4630010Z Requirement already satisfied: annotated-types>=0.6.0 in /opt/hostedtoolcache/Python/3.12.11/x64/lib/python3.12/site-packages (from pydantic->keepa==1.3.15) (0.7.0)
2025-08-21T15:52:55.4636216Z Requirement already satisfied: pydantic-core==2.33.2 in /opt/hostedtoolcache/Python/3.12.11/x64/lib/python3.12/site-packages (from pydantic->keepa==1.3.15) (2.33.2)
2025-08-21T15:52:55.4644265Z Requirement already satisfied: typing-inspection>=0.4.0 in /opt/hostedtoolcache/Python/3.12.11/x64/lib/python3.12/site-packages (from pydantic->keepa==1.3.15) (0.4.1)
2025-08-21T15:52:55.4709133Z Using cached keepa-1.3.15-py3-none-any.whl (38 kB)
2025-08-21T15:52:55.4721615Z Using cached minio-7.1.15-py3-none-any.whl (77 kB)
2025-08-21T15:52:55.4734474Z Using cached aiohttp-3.12.15-cp312-cp312-manylinux_2_17_x86_64.manylinux2014_x86_64.whl (1.7 MB)
2025-08-21T15:52:55.4760538Z Using cached multidict-6.6.4-cp312-cp312-manylinux2014_x86_64.manylinux_2_17_x86_64.manylinux_2_28_x86_64.whl (256 kB)
2025-08-21T15:52:55.4774223Z Using cached yarl-1.20.1-cp312-cp312-manylinux_2_17_x86_64.manylinux2014_x86_64.whl (355 kB)
2025-08-21T15:52:55.4788128Z Using cached aiohappyeyeballs-2.6.1-py3-none-any.whl (15 kB)
2025-08-21T15:52:55.4799629Z Using cached aiosignal-1.4.0-py3-none-any.whl (7.5 kB)
2025-08-21T15:52:55.4811102Z Using cached attrs-25.3.0-py3-none-any.whl (63 kB)
2025-08-21T15:52:55.4823269Z Using cached frozenlist-1.7.0-cp312-cp312-manylinux_2_5_x86_64.manylinux1_x86_64.manylinux_2_17_x86_64.manylinux2014_x86_64.whl (241 kB)
2025-08-21T15:52:55.4836770Z Using cached propcache-0.3.2-cp312-cp312-manylinux_2_17_x86_64.manylinux2014_x86_64.whl (224 kB)
2025-08-21T15:52:55.4849450Z Using cached tqdm-4.67.1-py3-none-any.whl (78 kB)
2025-08-21T15:52:55.6689286Z Installing collected packages: tqdm, propcache, multidict, minio, frozenlist, attrs, aiohappyeyeballs, yarl, aiosignal, aiohttp, keepa
2025-08-21T15:52:55.7482742Z   Attempting uninstall: minio
2025-08-21T15:52:55.7535178Z     Found existing installation: minio 7.2.16
2025-08-21T15:52:55.7575023Z     Uninstalling minio-7.2.16:
2025-08-21T15:52:55.7586822Z       Successfully uninstalled minio-7.2.16
2025-08-21T15:52:56.1571447Z 
2025-08-21T15:52:56.1691312Z Successfully installed aiohappyeyeballs-2.6.1 aiohttp-3.12.15 aiosignal-1.4.0 attrs-25.3.0 frozenlist-1.7.0 keepa-1.3.15 minio-7.1.15 multidict-6.6.4 propcache-0.3.2 tqdm-4.67.1 yarl-1.20.1
2025-08-21T15:52:56.4110061Z ##[group]Run ruff check .
2025-08-21T15:52:56.4110352Z [36;1mruff check .[0m
2025-08-21T15:52:56.4110563Z [36;1mruff format --check .[0m
2025-08-21T15:52:56.4110798Z [36;1mvulture[0m
2025-08-21T15:52:56.4153517Z shell: /usr/bin/bash -e {0}
2025-08-21T15:52:56.4153996Z env:
2025-08-21T15:52:56.4154227Z   REDIS_URL: redis://localhost:6379/0
2025-08-21T15:52:56.4154496Z   RATE_LIMIT_DEFAULT: 100/minute
2025-08-21T15:52:56.4154728Z   TRUST_X_FORWARDED: 1
2025-08-21T15:52:56.4154951Z   PG_USER: postgres
2025-08-21T15:52:56.4155138Z   PG_PASSWORD: pass
2025-08-21T15:52:56.4155321Z   PG_DATABASE: awa
2025-08-21T15:52:56.4155511Z   PG_HOST: localhost
2025-08-21T15:52:56.4155696Z   PG_PORT: 5432
2025-08-21T15:52:56.4156181Z   PG_SYNC_DSN: ***localhost:5432/awa
2025-08-21T15:52:56.4156566Z   PG_ASYNC_DSN: ***localhost:5432/awa
2025-08-21T15:52:56.4156951Z   DATABASE_URL: ***localhost:5432/awa
2025-08-21T15:52:56.4157196Z   DATA_DIR: /tmp/awa-data
2025-08-21T15:52:56.4157438Z   ENABLE_LIVE: 0
2025-08-21T15:52:56.4157621Z   TESTING: 1
2025-08-21T15:52:56.4157853Z   pythonLocation: /opt/hostedtoolcache/Python/3.12.11/x64
2025-08-21T15:52:56.4158244Z   PKG_CONFIG_PATH: /opt/hostedtoolcache/Python/3.12.11/x64/lib/pkgconfig
2025-08-21T15:52:56.4158626Z   Python_ROOT_DIR: /opt/hostedtoolcache/Python/3.12.11/x64
2025-08-21T15:52:56.4158972Z   Python2_ROOT_DIR: /opt/hostedtoolcache/Python/3.12.11/x64
2025-08-21T15:52:56.4159324Z   Python3_ROOT_DIR: /opt/hostedtoolcache/Python/3.12.11/x64
2025-08-21T15:52:56.4159668Z   LD_LIBRARY_PATH: /opt/hostedtoolcache/Python/3.12.11/x64/lib
2025-08-21T15:52:56.4159957Z ##[endgroup]
2025-08-21T15:52:56.4451966Z All checks passed!
2025-08-21T15:52:56.4690638Z 256 files already formatted
2025-08-21T15:52:56.5304159Z ##[group]Run for i in {1..30}; do pg_isready -h "$PG_HOST" -p "$PG_PORT" -U "$PG_USER" -d "$PG_DATABASE" && break; sleep 1; done
2025-08-21T15:52:56.5304853Z [36;1mfor i in {1..30}; do pg_isready -h "$PG_HOST" -p "$PG_PORT" -U "$PG_USER" -d "$PG_DATABASE" && break; sleep 1; done[0m
2025-08-21T15:52:56.5345772Z shell: /usr/bin/bash -e {0}
2025-08-21T15:52:56.5346018Z env:
2025-08-21T15:52:56.5346228Z   REDIS_URL: redis://localhost:6379/0
2025-08-21T15:52:56.5346503Z   RATE_LIMIT_DEFAULT: 100/minute
2025-08-21T15:52:56.5346737Z   TRUST_X_FORWARDED: 1
2025-08-21T15:52:56.5347137Z   PG_USER: postgres
2025-08-21T15:52:56.5347340Z   PG_PASSWORD: pass
2025-08-21T15:52:56.5347528Z   PG_DATABASE: awa
2025-08-21T15:52:56.5347710Z   PG_HOST: localhost
2025-08-21T15:52:56.5347900Z   PG_PORT: 5432
2025-08-21T15:52:56.5348575Z   PG_SYNC_DSN: ***localhost:5432/awa
2025-08-21T15:52:56.5349021Z   PG_ASYNC_DSN: ***localhost:5432/awa
2025-08-21T15:52:56.5349509Z   DATABASE_URL: ***localhost:5432/awa
2025-08-21T15:52:56.5349751Z   DATA_DIR: /tmp/awa-data
2025-08-21T15:52:56.5349961Z   ENABLE_LIVE: 0
2025-08-21T15:52:56.5350146Z   TESTING: 1
2025-08-21T15:52:56.5350384Z   pythonLocation: /opt/hostedtoolcache/Python/3.12.11/x64
2025-08-21T15:52:56.5350800Z   PKG_CONFIG_PATH: /opt/hostedtoolcache/Python/3.12.11/x64/lib/pkgconfig
2025-08-21T15:52:56.5351199Z   Python_ROOT_DIR: /opt/hostedtoolcache/Python/3.12.11/x64
2025-08-21T15:52:56.5351556Z   Python2_ROOT_DIR: /opt/hostedtoolcache/Python/3.12.11/x64
2025-08-21T15:52:56.5351907Z   Python3_ROOT_DIR: /opt/hostedtoolcache/Python/3.12.11/x64
2025-08-21T15:52:56.5352270Z   LD_LIBRARY_PATH: /opt/hostedtoolcache/Python/3.12.11/x64/lib
2025-08-21T15:52:56.5352568Z ##[endgroup]
2025-08-21T15:52:56.6074486Z localhost:5432 - accepting connections
2025-08-21T15:52:56.6117988Z ##[group]Run psql -h "$PG_HOST" -p "$PG_PORT" -U "$PG_USER" -d "$PG_DATABASE" -c "SELECT 1"
2025-08-21T15:52:56.6118536Z [36;1mpsql -h "$PG_HOST" -p "$PG_PORT" -U "$PG_USER" -d "$PG_DATABASE" -c "SELECT 1"[0m
2025-08-21T15:52:56.6160935Z shell: /usr/bin/bash -e {0}
2025-08-21T15:52:56.6161197Z env:
2025-08-21T15:52:56.6161415Z   REDIS_URL: redis://localhost:6379/0
2025-08-21T15:52:56.6161676Z   RATE_LIMIT_DEFAULT: 100/minute
2025-08-21T15:52:56.6161916Z   TRUST_X_FORWARDED: 1
2025-08-21T15:52:56.6162125Z   PG_USER: postgres
2025-08-21T15:52:56.6162320Z   PG_PASSWORD: pass
2025-08-21T15:52:56.6162509Z   PG_DATABASE: awa
2025-08-21T15:52:56.6162703Z   PG_HOST: localhost
2025-08-21T15:52:56.6162894Z   PG_PORT: 5432
2025-08-21T15:52:56.6163476Z   PG_SYNC_DSN: ***localhost:5432/awa
2025-08-21T15:52:56.6164094Z   PG_ASYNC_DSN: ***localhost:5432/awa
2025-08-21T15:52:56.6164477Z   DATABASE_URL: ***localhost:5432/awa
2025-08-21T15:52:56.6164714Z   DATA_DIR: /tmp/awa-data
2025-08-21T15:52:56.6164968Z   ENABLE_LIVE: 0
2025-08-21T15:52:56.6165147Z   TESTING: 1
2025-08-21T15:52:56.6165398Z   pythonLocation: /opt/hostedtoolcache/Python/3.12.11/x64
2025-08-21T15:52:56.6165810Z   PKG_CONFIG_PATH: /opt/hostedtoolcache/Python/3.12.11/x64/lib/pkgconfig
2025-08-21T15:52:56.6166202Z   Python_ROOT_DIR: /opt/hostedtoolcache/Python/3.12.11/x64
2025-08-21T15:52:56.6166545Z   Python2_ROOT_DIR: /opt/hostedtoolcache/Python/3.12.11/x64
2025-08-21T15:52:56.6166893Z   Python3_ROOT_DIR: /opt/hostedtoolcache/Python/3.12.11/x64
2025-08-21T15:52:56.6167241Z   LD_LIBRARY_PATH: /opt/hostedtoolcache/Python/3.12.11/x64/lib
2025-08-21T15:52:56.6167546Z   PGPASSWORD: pass
2025-08-21T15:52:56.6167742Z ##[endgroup]
2025-08-21T15:52:56.7009047Z  ?column? 
2025-08-21T15:52:56.7009464Z ----------
2025-08-21T15:52:56.7009855Z         1
2025-08-21T15:52:56.7010102Z (1 row)
2025-08-21T15:52:56.7010226Z 
2025-08-21T15:52:56.7046915Z ##[group]Run alembic -c services/api/alembic.ini upgrade head
2025-08-21T15:52:56.7047357Z [36;1malembic -c services/api/alembic.ini upgrade head[0m
2025-08-21T15:52:56.7088126Z shell: /usr/bin/bash -e {0}
2025-08-21T15:52:56.7088358Z env:
2025-08-21T15:52:56.7088571Z   REDIS_URL: redis://localhost:6379/0
2025-08-21T15:52:56.7088849Z   RATE_LIMIT_DEFAULT: 100/minute
2025-08-21T15:52:56.7089080Z   TRUST_X_FORWARDED: 1
2025-08-21T15:52:56.7089279Z   PG_USER: postgres
2025-08-21T15:52:56.7089477Z   PG_PASSWORD: pass
2025-08-21T15:52:56.7089670Z   PG_DATABASE: awa
2025-08-21T15:52:56.7089850Z   PG_HOST: localhost
2025-08-21T15:52:56.7090044Z   PG_PORT: 5432
2025-08-21T15:52:56.7090503Z   PG_SYNC_DSN: ***localhost:5432/awa
2025-08-21T15:52:56.7090899Z   PG_ASYNC_DSN: ***localhost:5432/awa
2025-08-21T15:52:56.7091287Z   DATABASE_URL: ***localhost:5432/awa
2025-08-21T15:52:56.7091518Z   DATA_DIR: /tmp/awa-data
2025-08-21T15:52:56.7091937Z   ENABLE_LIVE: 0
2025-08-21T15:52:56.7092156Z   TESTING: 1
2025-08-21T15:52:56.7092394Z   pythonLocation: /opt/hostedtoolcache/Python/3.12.11/x64
2025-08-21T15:52:56.7092787Z   PKG_CONFIG_PATH: /opt/hostedtoolcache/Python/3.12.11/x64/lib/pkgconfig
2025-08-21T15:52:56.7093170Z   Python_ROOT_DIR: /opt/hostedtoolcache/Python/3.12.11/x64
2025-08-21T15:52:56.7093515Z   Python2_ROOT_DIR: /opt/hostedtoolcache/Python/3.12.11/x64
2025-08-21T15:52:56.7094155Z   Python3_ROOT_DIR: /opt/hostedtoolcache/Python/3.12.11/x64
2025-08-21T15:52:56.7094509Z   LD_LIBRARY_PATH: /opt/hostedtoolcache/Python/3.12.11/x64/lib
2025-08-21T15:52:56.7094807Z ##[endgroup]
2025-08-21T15:52:57.7934621Z INFO  [alembic.runtime.migration] Context impl PostgresqlImpl.
2025-08-21T15:52:57.7935327Z INFO  [alembic.runtime.migration] Will assume transactional DDL.
2025-08-21T15:52:57.8138096Z INFO  [alembic.runtime.migration] Running upgrade  -> 0001_baseline
2025-08-21T15:52:57.8290697Z INFO  [alembic.runtime.migration] Running upgrade 0001_baseline -> 0002_create_roi_view
2025-08-21T15:52:57.8318397Z INFO  [alembic.runtime.migration] Running upgrade 0002_create_roi_view -> 3e9d5c5aff2c
2025-08-21T15:52:57.8498818Z INFO  [alembic.runtime.migration] Running upgrade 3e9d5c5aff2c -> 0003_vendor_prices
2025-08-21T15:52:57.8645755Z INFO  [alembic.runtime.migration] Running upgrade 0003_vendor_prices -> 0004_fee_cron
2025-08-21T15:52:57.8721897Z INFO  [alembic.runtime.migration] Running upgrade 0004_fee_cron -> 0006_fix_roi_views
2025-08-21T15:52:57.8755368Z INFO  [alembic.runtime.migration] Running upgrade 0006_fix_roi_views -> 0020_unified_schema
2025-08-21T15:52:57.8867811Z INFO  [alembic.runtime.migration] Running upgrade 0020_unified_schema -> 0022_fix_roi_view
2025-08-21T15:52:57.8932937Z INFO  [alembic.runtime.migration] Running upgrade 0022_fix_roi_view -> 0023_add_storage_fee
2025-08-21T15:52:57.8975190Z INFO  [alembic.runtime.migration] Running upgrade 0023_add_storage_fee -> 0024_create_buybox
2025-08-21T15:52:57.8998911Z INFO  [alembic.runtime.migration] Running upgrade 0024_create_buybox -> 0025_pr4_indexes_loadlog
2025-08-21T15:52:57.9212998Z INFO  [alembic.runtime.migration] Running upgrade 0025_pr4_indexes_loadlog -> 0026_amazon_new_reports
2025-08-21T15:52:58.0529289Z ##[group]Run python -m mypy services || true
2025-08-21T15:52:58.0529640Z [36;1mpython -m mypy services || true[0m
2025-08-21T15:52:58.0570422Z shell: /usr/bin/bash -e {0}
2025-08-21T15:52:58.0570668Z env:
2025-08-21T15:52:58.0570880Z   REDIS_URL: redis://localhost:6379/0
2025-08-21T15:52:58.0571148Z   RATE_LIMIT_DEFAULT: 100/minute
2025-08-21T15:52:58.0571384Z   TRUST_X_FORWARDED: 1
2025-08-21T15:52:58.0571587Z   PG_USER: postgres
2025-08-21T15:52:58.0571789Z   PG_PASSWORD: pass
2025-08-21T15:52:58.0571980Z   PG_DATABASE: awa
2025-08-21T15:52:58.0572163Z   PG_HOST: localhost
2025-08-21T15:52:58.0572357Z   PG_PORT: 5432
2025-08-21T15:52:58.0572825Z   PG_SYNC_DSN: ***localhost:5432/awa
2025-08-21T15:52:58.0573219Z   PG_ASYNC_DSN: ***localhost:5432/awa
2025-08-21T15:52:58.0573894Z   DATABASE_URL: ***localhost:5432/awa
2025-08-21T15:52:58.0574165Z   DATA_DIR: /tmp/awa-data
2025-08-21T15:52:58.0574376Z   ENABLE_LIVE: 0
2025-08-21T15:52:58.0574558Z   TESTING: 1
2025-08-21T15:52:58.0574844Z   pythonLocation: /opt/hostedtoolcache/Python/3.12.11/x64
2025-08-21T15:52:58.0575251Z   PKG_CONFIG_PATH: /opt/hostedtoolcache/Python/3.12.11/x64/lib/pkgconfig
2025-08-21T15:52:58.0575631Z   Python_ROOT_DIR: /opt/hostedtoolcache/Python/3.12.11/x64
2025-08-21T15:52:58.0575984Z   Python2_ROOT_DIR: /opt/hostedtoolcache/Python/3.12.11/x64
2025-08-21T15:52:58.0576334Z   Python3_ROOT_DIR: /opt/hostedtoolcache/Python/3.12.11/x64
2025-08-21T15:52:58.0576683Z   LD_LIBRARY_PATH: /opt/hostedtoolcache/Python/3.12.11/x64/lib
2025-08-21T15:52:58.0576985Z ##[endgroup]
2025-08-21T15:53:31.6985240Z Success: no issues found in 99 source files
2025-08-21T15:53:31.7392933Z ##[group]Run pytest -q --cov=services --cov-report=xml
2025-08-21T15:53:31.7393384Z [36;1mpytest -q --cov=services --cov-report=xml[0m
2025-08-21T15:53:31.7434145Z shell: /usr/bin/bash -e {0}
2025-08-21T15:53:31.7434380Z env:
2025-08-21T15:53:31.7434594Z   REDIS_URL: redis://localhost:6379/0
2025-08-21T15:53:31.7434863Z   RATE_LIMIT_DEFAULT: 100/minute
2025-08-21T15:53:31.7435092Z   TRUST_X_FORWARDED: 1
2025-08-21T15:53:31.7435307Z   PG_USER: postgres
2025-08-21T15:53:31.7435509Z   PG_PASSWORD: pass
2025-08-21T15:53:31.7435694Z   PG_DATABASE: awa
2025-08-21T15:53:31.7435882Z   PG_HOST: localhost
2025-08-21T15:53:31.7436075Z   PG_PORT: 5432
2025-08-21T15:53:31.7436524Z   PG_SYNC_DSN: ***localhost:5432/awa
2025-08-21T15:53:31.7436955Z   PG_ASYNC_DSN: ***localhost:5432/awa
2025-08-21T15:53:31.7437351Z   DATABASE_URL: ***localhost:5432/awa
2025-08-21T15:53:31.7437592Z   DATA_DIR: /tmp/awa-data
2025-08-21T15:53:31.7437808Z   ENABLE_LIVE: 0
2025-08-21T15:53:31.7437991Z   TESTING: 1
2025-08-21T15:53:31.7438272Z   pythonLocation: /opt/hostedtoolcache/Python/3.12.11/x64
2025-08-21T15:53:31.7438691Z   PKG_CONFIG_PATH: /opt/hostedtoolcache/Python/3.12.11/x64/lib/pkgconfig
2025-08-21T15:53:31.7439114Z   Python_ROOT_DIR: /opt/hostedtoolcache/Python/3.12.11/x64
2025-08-21T15:53:31.7439485Z   Python2_ROOT_DIR: /opt/hostedtoolcache/Python/3.12.11/x64
2025-08-21T15:53:31.7439841Z   Python3_ROOT_DIR: /opt/hostedtoolcache/Python/3.12.11/x64
2025-08-21T15:53:31.7440193Z   LD_LIBRARY_PATH: /opt/hostedtoolcache/Python/3.12.11/x64/lib
2025-08-21T15:53:31.7440495Z ##[endgroup]
2025-08-21T15:54:00.6202401Z ........s.............................sssssss........................... [ 41%]
2025-08-21T15:54:32.6655704Z ........................................................................ [ 83%]
2025-08-21T15:54:34.0999425Z .............................                                            [100%]
2025-08-21T15:54:34.1000176Z =============================== warnings summary ===============================
2025-08-21T15:54:34.1001245Z ../../../../../opt/hostedtoolcache/Python/3.12.11/x64/lib/python3.12/site-packages/pydantic/fields.py:1093
2025-08-21T15:54:34.1006052Z   /opt/hostedtoolcache/Python/3.12.11/x64/lib/python3.12/site-packages/pydantic/fields.py:1093: PydanticDeprecatedSince20: Using extra keyword arguments on `Field` is deprecated and will be removed. Use `json_schema_extra` instead. (Extra keys: 'strip_whitespace'). Deprecated in Pydantic V2.0 to be removed in V3.0. See Pydantic V2 Migration Guide at https://errors.pydantic.dev/2.11/migration/
2025-08-21T15:54:34.1008964Z     warn(
2025-08-21T15:54:34.1009126Z 
2025-08-21T15:54:34.1009284Z services/alert_bot/tests/test_smoke.py:5
2025-08-21T15:54:34.1010974Z   /home/runner/work/AWA-App/AWA-App/services/alert_bot/tests/test_smoke.py:5: UserWarning: pkg_resources is deprecated as an API. See https://setuptools.pypa.io/en/latest/pkg_resources.html. The pkg_resources package is slated for removal as early as 2025-11-30. Refrain from using this package or pin to Setuptools<81.
2025-08-21T15:54:34.1012199Z     import pkg_resources  # noqa: F401
2025-08-21T15:54:34.1012383Z 
2025-08-21T15:54:34.1012508Z tests/api/test_ingest_endpoints.py: 12 warnings
2025-08-21T15:54:34.1012824Z tests/ingest/test_tasks_eager.py: 3 warnings
2025-08-21T15:54:34.1013109Z tests/test_api_fast.py: 1 warning
2025-08-21T15:54:34.1013370Z tests/test_health.py: 5 warnings
2025-08-21T15:54:34.1013864Z tests/test_smoke.py: 5 warnings
2025-08-21T15:54:34.1014132Z services/api/tests/test_cors.py: 1 warning
2025-08-21T15:54:34.1014442Z services/api/tests/test_errors_json.py: 2 warnings
2025-08-21T15:54:34.1014754Z services/api/tests/test_health.py: 1 warning
2025-08-21T15:54:34.1015067Z services/api/tests/test_rate_limit.py: 122 warnings
2025-08-21T15:54:34.1015409Z services/api/tests/test_roi_basic_auth.py: 4 warnings
2025-08-21T15:54:34.1015744Z services/api/tests/test_sentry_event.py: 1 warning
2025-08-21T15:54:34.1016086Z services/api/tests/test_stats_contracts.py: 3 warnings
2025-08-21T15:54:34.1016799Z services/api/tests/test_stats_future_contracts.py: 3 warnings
2025-08-21T15:54:34.1018318Z   /opt/hostedtoolcache/Python/3.12.11/x64/lib/python3.12/site-packages/asgi_correlation_id/extensions/sentry.py:27: DeprecationWarning: sentry_sdk.configure_scope is deprecated and will be removed in the next major version. Please consult our migration guide to learn how to migrate to the new API: https://docs.sentry.io/platforms/python/migration/1.x-to-2.x#scope-configuring
2025-08-21T15:54:34.1019894Z     with configure_scope() as scope:
2025-08-21T15:54:34.1020074Z 
2025-08-21T15:54:34.1020187Z tests/api/test_ingest_endpoints.py: 3 warnings
2025-08-21T15:54:34.1020486Z tests/test_api_fast.py: 1 warning
2025-08-21T15:54:34.1020735Z tests/test_health.py: 5 warnings
2025-08-21T15:54:34.1020967Z tests/test_smoke.py: 5 warnings
2025-08-21T15:54:34.1021204Z services/api/tests/test_cors.py: 3 warnings
2025-08-21T15:54:34.1021490Z services/api/tests/test_errors_json.py: 2 warnings
2025-08-21T15:54:34.1021779Z services/api/tests/test_health.py: 1 warning
2025-08-21T15:54:34.1022061Z services/api/tests/test_rate_limit.py: 2 warnings
2025-08-21T15:54:34.1022362Z services/api/tests/test_sentry_event.py: 1 warning
2025-08-21T15:54:34.1022677Z services/api/tests/test_stats_contracts.py: 3 warnings
2025-08-21T15:54:34.1023024Z services/api/tests/test_stats_future_contracts.py: 1 warning
2025-08-21T15:54:34.1024052Z   /opt/hostedtoolcache/Python/3.12.11/x64/lib/python3.12/site-packages/fastapi_limiter/__init__.py:89: DeprecationWarning: Call to deprecated close. (Use aclose() instead) -- Deprecated since version 5.0.1.
2025-08-21T15:54:34.1024797Z     await cls.redis.close()
2025-08-21T15:54:34.1024935Z 
2025-08-21T15:54:34.1025087Z tests/test_api_fast.py::test_health_endpoint
2025-08-21T15:54:34.1026039Z   /home/runner/work/AWA-App/AWA-App/tests/test_api_fast.py:13: DeprecationWarning: datetime.datetime.utcnow() is deprecated and scheduled for removal in a future version. Use timezone-aware objects to represent datetimes in UTC: datetime.datetime.now(datetime.UTC).
2025-08-21T15:54:34.1026965Z     return datetime.datetime.utcnow()
2025-08-21T15:54:34.1027131Z 
2025-08-21T15:54:34.1027231Z tests/test_api_fast.py: 1 warning
2025-08-21T15:54:34.1027459Z tests/test_health.py: 5 warnings
2025-08-21T15:54:34.1027686Z tests/test_smoke.py: 5 warnings
2025-08-21T15:54:34.1027920Z services/api/tests/test_cors.py: 1 warning
2025-08-21T15:54:34.1028186Z services/api/tests/test_health.py: 1 warning
2025-08-21T15:54:34.1028486Z services/api/tests/test_rate_limit.py: 102 warnings
2025-08-21T15:54:34.1029469Z   /home/runner/work/AWA-App/AWA-App/services/api/routes/health.py:24: DeprecationWarning: datetime.datetime.utcnow() is deprecated and scheduled for removal in a future version. Use timezone-aware objects to represent datetimes in UTC: datetime.datetime.now(datetime.UTC).
2025-08-21T15:54:34.1030466Z     app_now = datetime.utcnow().replace(tzinfo=timezone.utc)
2025-08-21T15:54:34.1030678Z 
2025-08-21T15:54:34.1030782Z tests/test_health.py::test_health[0]
2025-08-21T15:54:34.1031026Z tests/test_health.py::test_health[1]
2025-08-21T15:54:34.1031262Z tests/test_health.py::test_health[2]
2025-08-21T15:54:34.1031748Z tests/test_health.py::test_health[3]
2025-08-21T15:54:34.1032187Z tests/test_health.py::test_health[4]
2025-08-21T15:54:34.1033809Z   /home/runner/work/AWA-App/AWA-App/tests/test_health.py:22: DeprecationWarning: datetime.datetime.utcnow() is deprecated and scheduled for removal in a future version. Use timezone-aware objects to represent datetimes in UTC: datetime.datetime.now(datetime.UTC).
2025-08-21T15:54:34.1035375Z     return datetime.datetime.utcnow()
2025-08-21T15:54:34.1035666Z 
2025-08-21T15:54:34.1035834Z tests/test_smoke.py::test_health[0]
2025-08-21T15:54:34.1036223Z tests/test_smoke.py::test_health[1]
2025-08-21T15:54:34.1036699Z tests/test_smoke.py::test_health[2]
2025-08-21T15:54:34.1037096Z tests/test_smoke.py::test_health[3]
2025-08-21T15:54:34.1037503Z tests/test_smoke.py::test_health[4]
2025-08-21T15:54:34.1039366Z   /home/runner/work/AWA-App/AWA-App/tests/test_smoke.py:32: DeprecationWarning: datetime.datetime.utcnow() is deprecated and scheduled for removal in a future version. Use timezone-aware objects to represent datetimes in UTC: datetime.datetime.now(datetime.UTC).
2025-08-21T15:54:34.1041178Z     return datetime.datetime.utcnow()
2025-08-21T15:54:34.1041486Z 
2025-08-21T15:54:34.1041784Z services/api/tests/test_cors.py::test_cors_simple_get_allowed
2025-08-21T15:54:34.1043514Z   /home/runner/work/AWA-App/AWA-App/services/api/tests/test_cors.py:27: DeprecationWarning: datetime.datetime.utcnow() is deprecated and scheduled for removal in a future version. Use timezone-aware objects to represent datetimes in UTC: datetime.datetime.now(datetime.UTC).
2025-08-21T15:54:34.1045493Z     return datetime.datetime.utcnow()
2025-08-21T15:54:34.1045789Z 
2025-08-21T15:54:34.1046015Z services/api/tests/test_health.py::test_health_route
2025-08-21T15:54:34.1047772Z   /home/runner/work/AWA-App/AWA-App/services/api/tests/test_health.py:14: DeprecationWarning: datetime.datetime.utcnow() is deprecated and scheduled for removal in a future version. Use timezone-aware objects to represent datetimes in UTC: datetime.datetime.now(datetime.UTC).
2025-08-21T15:54:34.1049480Z     return datetime.datetime.utcnow()
2025-08-21T15:54:34.1049769Z 
2025-08-21T15:54:34.1049972Z services/api/tests/test_rate_limit.py: 102 warnings
2025-08-21T15:54:34.1051706Z   /home/runner/work/AWA-App/AWA-App/services/api/tests/test_rate_limit.py:33: DeprecationWarning: datetime.datetime.utcnow() is deprecated and scheduled for removal in a future version. Use timezone-aware objects to represent datetimes in UTC: datetime.datetime.now(datetime.UTC).
2025-08-21T15:54:34.1053404Z     return datetime.datetime.utcnow()
2025-08-21T15:54:34.1053919Z 
2025-08-21T15:54:34.1054331Z services/api/tests/test_sentry_event.py::test_unhandled_exception_is_captured_and_tagged
2025-08-21T15:54:34.1056563Z   /home/runner/work/AWA-App/AWA-App/services/api/tests/test_sentry_event.py:47: SentryHubDeprecationWarning: `sentry_sdk.Hub` is deprecated and will be removed in a future major release. Please consult our 1.x to 2.x migration guide for details on how to migrate `Hub` usage to the new API: https://docs.sentry.io/platforms/python/migration/1.x-to-2.x
2025-08-21T15:54:34.1058529Z     hub = sentry_sdk.Hub.current
2025-08-21T15:54:34.1058796Z 
2025-08-21T15:54:34.1059101Z -- Docs: https://docs.pytest.org/en/stable/how-to/capture-warnings.html
2025-08-21T15:54:34.1059738Z ================================ tests coverage ================================
2025-08-21T15:54:34.1060414Z _______________ coverage: platform linux, python 3.12.11-final-0 _______________
2025-08-21T15:54:34.1060856Z 
2025-08-21T15:54:34.1061023Z Coverage XML written to file coverage.xml
2025-08-21T15:54:34.1061577Z Sentry is attempting to send 0 pending events
2025-08-21T15:54:34.1062035Z Waiting up to True seconds
2025-08-21T15:54:34.1062394Z Press Ctrl-C to quit
2025-08-21T15:54:34.6980480Z ##[group]Run actions/upload-artifact@v4
2025-08-21T15:54:34.6980780Z with:
2025-08-21T15:54:34.6980956Z   name: coverage
2025-08-21T15:54:34.6981148Z   path: coverage.xml
2025-08-21T15:54:34.6981369Z   if-no-files-found: warn
2025-08-21T15:54:34.6981580Z   compression-level: 6
2025-08-21T15:54:34.6981776Z   overwrite: false
2025-08-21T15:54:34.6981971Z   include-hidden-files: false
2025-08-21T15:54:34.6982183Z env:
2025-08-21T15:54:34.6982388Z   REDIS_URL: redis://localhost:6379/0
2025-08-21T15:54:34.6982642Z   RATE_LIMIT_DEFAULT: 100/minute
2025-08-21T15:54:34.6982861Z   TRUST_X_FORWARDED: 1
2025-08-21T15:54:34.6983052Z   PG_USER: postgres
2025-08-21T15:54:34.6983242Z   PG_PASSWORD: pass
2025-08-21T15:54:34.6983428Z   PG_DATABASE: awa
2025-08-21T15:54:34.6983863Z   PG_HOST: localhost
2025-08-21T15:54:34.6984068Z   PG_PORT: 5432
2025-08-21T15:54:34.6984493Z   PG_SYNC_DSN: ***localhost:5432/awa
2025-08-21T15:54:34.6984941Z   PG_ASYNC_DSN: ***localhost:5432/awa
2025-08-21T15:54:34.6985344Z   DATABASE_URL: ***localhost:5432/awa
2025-08-21T15:54:34.6985583Z   DATA_DIR: /tmp/awa-data
2025-08-21T15:54:34.6985798Z   ENABLE_LIVE: 0
2025-08-21T15:54:34.6985981Z   TESTING: 1
2025-08-21T15:54:34.6986385Z   pythonLocation: /opt/hostedtoolcache/Python/3.12.11/x64
2025-08-21T15:54:34.6986776Z   PKG_CONFIG_PATH: /opt/hostedtoolcache/Python/3.12.11/x64/lib/pkgconfig
2025-08-21T15:54:34.6987156Z   Python_ROOT_DIR: /opt/hostedtoolcache/Python/3.12.11/x64
2025-08-21T15:54:34.6987494Z   Python2_ROOT_DIR: /opt/hostedtoolcache/Python/3.12.11/x64
2025-08-21T15:54:34.6987834Z   Python3_ROOT_DIR: /opt/hostedtoolcache/Python/3.12.11/x64
2025-08-21T15:54:34.6988183Z   LD_LIBRARY_PATH: /opt/hostedtoolcache/Python/3.12.11/x64/lib
2025-08-21T15:54:34.6988471Z ##[endgroup]
2025-08-21T15:54:34.9347133Z With the provided path, there will be 1 file uploaded
2025-08-21T15:54:34.9351994Z Artifact name is valid!
2025-08-21T15:54:34.9353327Z Root directory input is valid!
2025-08-21T15:54:35.0451445Z Beginning upload of artifact content to blob storage
2025-08-21T15:54:35.0932523Z Uploaded bytes 5472
2025-08-21T15:54:35.1077974Z Finished uploading artifact content to blob storage!
2025-08-21T15:54:35.1081123Z SHA256 digest of uploaded artifact zip is cf64c54fcd89d3a62ea93a1af9718caf8cb92a39fa92a572249cc13d3875afd5
2025-08-21T15:54:35.1082717Z Finalizing artifact upload
2025-08-21T15:54:35.2032675Z Artifact coverage.zip successfully finalized. Artifact ID 3820606218
2025-08-21T15:54:35.2033977Z Artifact coverage has been successfully uploaded! Final size is 5472 bytes. Artifact ID is 3820606218
2025-08-21T15:54:35.2040829Z Artifact download URL: https://github.com/AlexBomber12/AWA-App/actions/runs/17132106009/artifacts/3820606218
2025-08-21T15:54:35.2156843Z Post job cleanup.
2025-08-21T15:54:35.3697866Z Cache hit occurred on the primary key setup-python-Linux-x64-24.04-Ubuntu-python-3.12.11-pip-cc13ccef493b9f3a93ad5651164d9fb09282c1111f6f72ce20e0657de16de6b4, not saving cache.
2025-08-21T15:54:35.3800107Z Post job cleanup.
2025-08-21T15:54:35.4574721Z [command]/usr/bin/git version
2025-08-21T15:54:35.4643013Z git version 2.51.0
2025-08-21T15:54:35.4691291Z Temporarily overriding HOME='/home/runner/work/_temp/8ded8ffb-b3a6-4b47-af7d-483c2a5a6dca' before making global git config changes
2025-08-21T15:54:35.4692553Z Adding repository directory to the temporary git global config as a safe directory
2025-08-21T15:54:35.4698961Z [command]/usr/bin/git config --global --add safe.directory /home/runner/work/AWA-App/AWA-App
2025-08-21T15:54:35.4745212Z [command]/usr/bin/git config --local --name-only --get-regexp core\.sshCommand
2025-08-21T15:54:35.4787065Z [command]/usr/bin/git submodule foreach --recursive sh -c "git config --local --name-only --get-regexp 'core\.sshCommand' && git config --local --unset-all 'core.sshCommand' || :"
2025-08-21T15:54:35.5104895Z [command]/usr/bin/git config --local --name-only --get-regexp http\.https\:\/\/github\.com\/\.extraheader
2025-08-21T15:54:35.5133048Z http.https://github.com/.extraheader
2025-08-21T15:54:35.5147242Z [command]/usr/bin/git config --local --unset-all http.https://github.com/.extraheader
2025-08-21T15:54:35.5186436Z [command]/usr/bin/git submodule foreach --recursive sh -c "git config --local --name-only --get-regexp 'http\.https\:\/\/github\.com\/\.extraheader' && git config --local --unset-all 'http.https://github.com/.extraheader' || :"
2025-08-21T15:54:35.5533013Z Print service container logs: 1008e57eaf314fbc8cc8d8647370ae3f_postgres15_c49527
2025-08-21T15:54:35.5539720Z ##[command]/usr/bin/docker logs --details c507ccde47b059474b637e79d951ca1aa21af2fc04623aac349aee9e07d7277f
2025-08-21T15:54:35.5667890Z  The files belonging to this database system will be owned by user "postgres".
2025-08-21T15:54:35.5670318Z  initdb: warning: enabling "trust" authentication for local connections
2025-08-21T15:54:35.5671065Z  initdb: hint: You can change this by editing pg_hba.conf or using the option -A, or --auth-local and --auth-host, the next time you run initdb.
2025-08-21T15:54:35.5671653Z  This user must also own the server process.
2025-08-21T15:54:35.5672298Z  2025-08-21 15:52:09.525 UTC [1] LOG:  starting PostgreSQL 15.14 (Debian 15.14-1.pgdg13+1) on x86_64-pc-linux-gnu, compiled by gcc (Debian 14.2.0-19) 14.2.0, 64-bit
2025-08-21T15:54:35.5673257Z  2025-08-21 15:52:09.525 UTC [1] LOG:  listening on IPv4 address "0.0.0.0", port 5432
2025-08-21T15:54:35.5674003Z  2025-08-21 15:52:09.525 UTC [1] LOG:  listening on IPv6 address "::", port 5432
2025-08-21T15:54:35.5674484Z  2025-08-21 15:52:09.526 UTC [1] LOG:  listening on Unix socket "/var/run/postgresql/.s.PGSQL.5432"
2025-08-21T15:54:35.5674989Z  2025-08-21 15:52:09.529 UTC [64] LOG:  database system was shut down at 2025-08-21 15:52:09 UTC
2025-08-21T15:54:35.5675458Z  2025-08-21 15:52:09.534 UTC [1] LOG:  database system is ready to accept connections
2025-08-21T15:54:35.5675790Z  
2025-08-21T15:54:35.5676060Z  The database cluster will be initialized with locale "en_US.utf8".
2025-08-21T15:54:35.5676487Z  The default database encoding has accordingly been set to "UTF8".
2025-08-21T15:54:35.5676896Z  The default text search configuration will be set to "english".
2025-08-21T15:54:35.5677209Z  
2025-08-21T15:54:35.5677396Z  Data page checksums are disabled.
2025-08-21T15:54:35.5677639Z  
2025-08-21T15:54:35.5677922Z  fixing permissions on existing directory /var/lib/postgresql/data ... ok
2025-08-21T15:54:35.5678298Z  creating subdirectories ... ok
2025-08-21T15:54:35.5678599Z  selecting dynamic shared memory implementation ... posix
2025-08-21T15:54:35.5678923Z  selecting default max_connections ... 100
2025-08-21T15:54:35.5679338Z  selecting default shared_buffers ... 128MB
2025-08-21T15:54:35.5692277Z  selecting default time zone ... Etc/UTC
2025-08-21T15:54:35.5692804Z  creating configuration files ... ok
2025-08-21T15:54:35.5693233Z  running bootstrap script ... ok
2025-08-21T15:54:35.5693895Z  performing post-bootstrap initialization ... ok
2025-08-21T15:54:35.5694315Z  syncing data to disk ... ok
2025-08-21T15:54:35.5694552Z  
2025-08-21T15:54:35.5694715Z  
2025-08-21T15:54:35.5694937Z  Success. You can now start the database server using:
2025-08-21T15:54:35.5695220Z  
2025-08-21T15:54:35.5695454Z      pg_ctl -D /var/lib/postgresql/data -l logfile start
2025-08-21T15:54:35.5695756Z  
2025-08-21T15:54:35.5696318Z  waiting for server to start....2025-08-21 15:52:09.184 UTC [48] LOG:  starting PostgreSQL 15.14 (Debian 15.14-1.pgdg13+1) on x86_64-pc-linux-gnu, compiled by gcc (Debian 14.2.0-19) 14.2.0, 64-bit
2025-08-21T15:54:35.5697083Z  2025-08-21 15:52:09.185 UTC [48] LOG:  listening on Unix socket "/var/run/postgresql/.s.PGSQL.5432"
2025-08-21T15:54:35.5697591Z  2025-08-21 15:52:09.188 UTC [51] LOG:  database system was shut down at 2025-08-21 15:52:09 UTC
2025-08-21T15:54:35.5698059Z  2025-08-21 15:52:09.191 UTC [48] LOG:  database system is ready to accept connections
2025-08-21T15:54:35.5698402Z   done
2025-08-21T15:54:35.5698582Z  server started
2025-08-21T15:54:35.5698779Z  CREATE DATABASE
2025-08-21T15:54:35.5698965Z  
2025-08-21T15:54:35.5699119Z  
2025-08-21T15:54:35.5699437Z  /usr/local/bin/docker-entrypoint.sh: ignoring /docker-entrypoint-initdb.d/*
2025-08-21T15:54:35.5699814Z  
2025-08-21T15:54:35.5700053Z  2025-08-21 15:52:09.400 UTC [48] LOG:  received fast shutdown request
2025-08-21T15:54:35.5700791Z  waiting for server to shut down....2025-08-21 15:52:09.401 UTC [48] LOG:  aborting any active transactions
2025-08-21T15:54:35.5701402Z  2025-08-21 15:52:09.402 UTC [48] LOG:  background worker "logical replication launcher" (PID 54) exited with exit code 1
2025-08-21T15:54:35.5701877Z  2025-08-21 15:52:09.404 UTC [49] LOG:  shutting down
2025-08-21T15:54:35.5702226Z  2025-08-21 15:52:09.404 UTC [49] LOG:  checkpoint starting: shutdown immediate
2025-08-21T15:54:35.5703056Z  2025-08-21 15:52:09.428 UTC [49] LOG:  checkpoint complete: wrote 922 buffers (5.6%); 0 WAL file(s) added, 0 removed, 0 recycled; write=0.020 s, sync=0.002 s, total=0.025 s; sync files=301, longest=0.001 s, average=0.001 s; distance=4239 kB, estimate=4239 kB
2025-08-21T15:54:35.5704058Z  2025-08-21 15:52:09.437 UTC [48] LOG:  database system is shut down
2025-08-21T15:54:35.5704355Z   done
2025-08-21T15:54:35.5704530Z  server stopped
2025-08-21T15:54:35.5704869Z  
2025-08-21T15:54:35.5705099Z  PostgreSQL init process complete; ready for start up.
2025-08-21T15:54:35.5705381Z  
2025-08-21T15:54:35.5710755Z Stop and remove container: 1008e57eaf314fbc8cc8d8647370ae3f_postgres15_c49527
2025-08-21T15:54:35.5715914Z ##[command]/usr/bin/docker rm --force c507ccde47b059474b637e79d951ca1aa21af2fc04623aac349aee9e07d7277f
2025-08-21T15:54:35.7177783Z c507ccde47b059474b637e79d951ca1aa21af2fc04623aac349aee9e07d7277f
2025-08-21T15:54:35.7199340Z Print service container logs: 03adaf2d365f4f42b7c9d9fa576eaa3e_redis7alpine_ae1bd8
2025-08-21T15:54:35.7200819Z ##[command]/usr/bin/docker logs --details f8d10f2fceb2c93a15ababed4996ee8e8f2b67360eb4eabb3014830841572095
2025-08-21T15:54:35.7327773Z  1:C 21 Aug 2025 15:52:09.768 # WARNING Memory overcommit must be enabled! Without it, a background save or replication may fail under low memory condition. Being disabled, it can also cause failures without low memory condition, see https://github.com/jemalloc/jemalloc/issues/1328. To fix this issue add 'vm.overcommit_memory = 1' to /etc/sysctl.conf and then reboot or run the command 'sysctl vm.overcommit_memory=1' for this to take effect.
2025-08-21T15:54:35.7329486Z  1:C 21 Aug 2025 15:52:09.768 * oO0OoO0OoO0Oo Redis is starting oO0OoO0OoO0Oo
2025-08-21T15:54:35.7329968Z  1:C 21 Aug 2025 15:52:09.768 * Redis version=7.4.5, bits=64, commit=00000000, modified=0, pid=1, just started
2025-08-21T15:54:35.7330700Z  1:C 21 Aug 2025 15:52:09.768 # Warning: no config file specified, using the default config. In order to specify a config file use redis-server /path/to/redis.conf
2025-08-21T15:54:35.7331323Z  1:M 21 Aug 2025 15:52:09.768 * monotonic clock: POSIX clock_gettime
2025-08-21T15:54:35.7331697Z  1:M 21 Aug 2025 15:52:09.769 * Running mode=standalone, port=6379.
2025-08-21T15:54:35.7332019Z  1:M 21 Aug 2025 15:52:09.769 * Server initialized
2025-08-21T15:54:35.7332333Z  1:M 21 Aug 2025 15:52:09.769 * Ready to accept connections tcp
2025-08-21T15:54:35.7342652Z Stop and remove container: 03adaf2d365f4f42b7c9d9fa576eaa3e_redis7alpine_ae1bd8
2025-08-21T15:54:35.7343455Z ##[command]/usr/bin/docker rm --force f8d10f2fceb2c93a15ababed4996ee8e8f2b67360eb4eabb3014830841572095
2025-08-21T15:54:35.8563451Z f8d10f2fceb2c93a15ababed4996ee8e8f2b67360eb4eabb3014830841572095
2025-08-21T15:54:35.8593078Z Remove container network: github_network_d588ad11f9d24535b4404b2b448767ca
2025-08-21T15:54:35.8598735Z ##[command]/usr/bin/docker network rm github_network_d588ad11f9d24535b4404b2b448767ca
2025-08-21T15:54:35.9721805Z github_network_d588ad11f9d24535b4404b2b448767ca
2025-08-21T15:54:35.9782237Z Cleaning up orphan processes
