2025-08-17T16:06:53.7544617Z Current runner version: '2.327.1'
2025-08-17T16:06:53.7568577Z ##[group]Runner Image Provisioner
2025-08-17T16:06:53.7569354Z Hosted Compute Agent
2025-08-17T16:06:53.7569894Z Version: 20250812.370
2025-08-17T16:06:53.7570431Z Commit: 4a2b2bf7520004e3e907c2150c8cabe342a3da32
2025-08-17T16:06:53.7571189Z Build Date: 2025-08-12T16:08:14Z
2025-08-17T16:06:53.7571927Z ##[endgroup]
2025-08-17T16:06:53.7572577Z ##[group]Operating System
2025-08-17T16:06:53.7573222Z Ubuntu
2025-08-17T16:06:53.7573672Z 24.04.2
2025-08-17T16:06:53.7574130Z LTS
2025-08-17T16:06:53.7574620Z ##[endgroup]
2025-08-17T16:06:53.7575108Z ##[group]Runner Image
2025-08-17T16:06:53.7575640Z Image: ubuntu-24.04
2025-08-17T16:06:53.7576181Z Version: 20250810.1.0
2025-08-17T16:06:53.7577116Z Included Software: https://github.com/actions/runner-images/blob/ubuntu24/20250810.1/images/ubuntu/Ubuntu2404-Readme.md
2025-08-17T16:06:53.7578683Z Image Release: https://github.com/actions/runner-images/releases/tag/ubuntu24%2F20250810.1
2025-08-17T16:06:53.7579633Z ##[endgroup]
2025-08-17T16:06:53.7582508Z ##[group]GITHUB_TOKEN Permissions
2025-08-17T16:06:53.7584629Z Actions: write
2025-08-17T16:06:53.7585173Z Attestations: write
2025-08-17T16:06:53.7585713Z Checks: write
2025-08-17T16:06:53.7586215Z Contents: write
2025-08-17T16:06:53.7586706Z Deployments: write
2025-08-17T16:06:53.7587317Z Discussions: write
2025-08-17T16:06:53.7587788Z Issues: write
2025-08-17T16:06:53.7588267Z Metadata: read
2025-08-17T16:06:53.7588758Z Models: read
2025-08-17T16:06:53.7589213Z Packages: write
2025-08-17T16:06:53.7589741Z Pages: write
2025-08-17T16:06:53.7590169Z PullRequests: write
2025-08-17T16:06:53.7590756Z RepositoryProjects: write
2025-08-17T16:06:53.7591273Z SecurityEvents: write
2025-08-17T16:06:53.7592101Z Statuses: write
2025-08-17T16:06:53.7592704Z ##[endgroup]
2025-08-17T16:06:53.7594760Z Secret source: Actions
2025-08-17T16:06:53.7595483Z Prepare workflow directory
2025-08-17T16:06:53.8170911Z Prepare all required actions
2025-08-17T16:06:53.8226868Z Getting action download info
2025-08-17T16:06:54.1939081Z Download action repository 'actions/checkout@v4' (SHA:08eba0b27e820071cde6df949e0beb9ba4906955)
2025-08-17T16:06:54.7295207Z Download action repository 'actions/setup-python@v5' (SHA:a26af69be951a213d495a4c3e4e4022e16d87065)
2025-08-17T16:06:55.1225885Z Download action repository 'actions/upload-artifact@v4' (SHA:ea165f8d65b6e75b540449e92b4886f43607fa02)
2025-08-17T16:06:55.3322436Z Complete job name: unit
2025-08-17T16:06:55.3883557Z ##[group]Checking docker version
2025-08-17T16:06:55.3896912Z ##[command]/usr/bin/docker version --format '{{.Server.APIVersion}}'
2025-08-17T16:06:55.4836531Z '1.48'
2025-08-17T16:06:55.4851613Z Docker daemon API version: '1.48'
2025-08-17T16:06:55.4854123Z ##[command]/usr/bin/docker version --format '{{.Client.APIVersion}}'
2025-08-17T16:06:55.5025707Z '1.48'
2025-08-17T16:06:55.5039851Z Docker client API version: '1.48'
2025-08-17T16:06:55.5046268Z ##[endgroup]
2025-08-17T16:06:55.5049672Z ##[group]Clean up resources from previous jobs
2025-08-17T16:06:55.5055958Z ##[command]/usr/bin/docker ps --all --quiet --no-trunc --filter "label=63c60e"
2025-08-17T16:06:55.5194031Z ##[command]/usr/bin/docker network prune --force --filter "label=63c60e"
2025-08-17T16:06:55.5329162Z ##[endgroup]
2025-08-17T16:06:55.5330103Z ##[group]Create local container network
2025-08-17T16:06:55.5340761Z ##[command]/usr/bin/docker network create --label 63c60e github_network_5f7eb6e9ad9a4f37864ce72c51df7a94
2025-08-17T16:06:55.5842832Z 8d5f362b032f16a2ed6caafdbd4ca5fedb9331c5b0b8f5b5cdaa47d1ff8035c5
2025-08-17T16:06:55.5861200Z ##[endgroup]
2025-08-17T16:06:55.5887201Z ##[group]Starting postgres service container
2025-08-17T16:06:55.5907431Z ##[command]/usr/bin/docker pull postgres:15
2025-08-17T16:06:56.0432696Z 15: Pulling from library/postgres
2025-08-17T16:06:56.1834690Z 396b1da7636e: Pulling fs layer
2025-08-17T16:06:56.1836622Z fca2566eba32: Pulling fs layer
2025-08-17T16:06:56.1838313Z 631fe8c6d606: Pulling fs layer
2025-08-17T16:06:56.1839846Z 77c7671c4414: Pulling fs layer
2025-08-17T16:06:56.1842120Z 2d9e29180a27: Pulling fs layer
2025-08-17T16:06:56.1843798Z c6bcc2c9a041: Pulling fs layer
2025-08-17T16:06:56.1845470Z ac4b721eb66f: Pulling fs layer
2025-08-17T16:06:56.1847090Z 606bd164980e: Pulling fs layer
2025-08-17T16:06:56.1848564Z f5dfd246bc6e: Pulling fs layer
2025-08-17T16:06:56.1850037Z ba7036bb0a60: Pulling fs layer
2025-08-17T16:06:56.1851525Z 799f859abbbd: Pulling fs layer
2025-08-17T16:06:56.1853222Z d903e777080c: Pulling fs layer
2025-08-17T16:06:56.1854725Z 04adcb462801: Pulling fs layer
2025-08-17T16:06:56.1856236Z 5c10925b29ff: Pulling fs layer
2025-08-17T16:06:56.1857754Z 77c7671c4414: Waiting
2025-08-17T16:06:56.1859051Z 2d9e29180a27: Waiting
2025-08-17T16:06:56.1860400Z c6bcc2c9a041: Waiting
2025-08-17T16:06:56.1861901Z ac4b721eb66f: Waiting
2025-08-17T16:06:56.1864115Z 606bd164980e: Waiting
2025-08-17T16:06:56.1865192Z f5dfd246bc6e: Waiting
2025-08-17T16:06:56.1866290Z ba7036bb0a60: Waiting
2025-08-17T16:06:56.1867331Z 799f859abbbd: Waiting
2025-08-17T16:06:56.1868390Z d903e777080c: Waiting
2025-08-17T16:06:56.1869424Z 04adcb462801: Waiting
2025-08-17T16:06:56.1870457Z 5c10925b29ff: Waiting
2025-08-17T16:06:56.2987203Z fca2566eba32: Verifying Checksum
2025-08-17T16:06:56.2988899Z fca2566eba32: Download complete
2025-08-17T16:06:56.3730450Z 631fe8c6d606: Verifying Checksum
2025-08-17T16:06:56.3732680Z 631fe8c6d606: Download complete
2025-08-17T16:06:56.4401362Z 77c7671c4414: Verifying Checksum
2025-08-17T16:06:56.4403561Z 77c7671c4414: Download complete
2025-08-17T16:06:56.5128949Z 2d9e29180a27: Verifying Checksum
2025-08-17T16:06:56.5132921Z 2d9e29180a27: Download complete
2025-08-17T16:06:56.5323494Z 396b1da7636e: Verifying Checksum
2025-08-17T16:06:56.5325062Z 396b1da7636e: Download complete
2025-08-17T16:06:56.5547785Z c6bcc2c9a041: Verifying Checksum
2025-08-17T16:06:56.5549584Z c6bcc2c9a041: Download complete
2025-08-17T16:06:56.6090876Z ac4b721eb66f: Verifying Checksum
2025-08-17T16:06:56.6093412Z ac4b721eb66f: Download complete
2025-08-17T16:06:56.6397479Z 606bd164980e: Verifying Checksum
2025-08-17T16:06:56.6399394Z 606bd164980e: Download complete
2025-08-17T16:06:56.7174294Z ba7036bb0a60: Verifying Checksum
2025-08-17T16:06:56.7176148Z ba7036bb0a60: Download complete
2025-08-17T16:06:56.7717499Z 799f859abbbd: Verifying Checksum
2025-08-17T16:06:56.7719274Z 799f859abbbd: Download complete
2025-08-17T16:06:56.8353776Z d903e777080c: Download complete
2025-08-17T16:06:56.8983248Z 04adcb462801: Verifying Checksum
2025-08-17T16:06:56.8985022Z 04adcb462801: Download complete
2025-08-17T16:06:56.9390496Z 5c10925b29ff: Verifying Checksum
2025-08-17T16:06:56.9397260Z 5c10925b29ff: Download complete
2025-08-17T16:06:57.6225902Z 396b1da7636e: Pull complete
2025-08-17T16:06:57.8982699Z f5dfd246bc6e: Verifying Checksum
2025-08-17T16:06:57.8983185Z f5dfd246bc6e: Download complete
2025-08-17T16:06:58.7490052Z fca2566eba32: Pull complete
2025-08-17T16:06:58.9255984Z 631fe8c6d606: Pull complete
2025-08-17T16:06:58.9730810Z 77c7671c4414: Pull complete
2025-08-17T16:06:59.2761607Z 2d9e29180a27: Pull complete
2025-08-17T16:06:59.3601141Z c6bcc2c9a041: Pull complete
2025-08-17T16:06:59.3698543Z ac4b721eb66f: Pull complete
2025-08-17T16:06:59.3826941Z 606bd164980e: Pull complete
2025-08-17T16:07:02.3227796Z f5dfd246bc6e: Pull complete
2025-08-17T16:07:02.3393844Z ba7036bb0a60: Pull complete
2025-08-17T16:07:02.3499781Z 799f859abbbd: Pull complete
2025-08-17T16:07:02.3604586Z d903e777080c: Pull complete
2025-08-17T16:07:02.3709856Z 04adcb462801: Pull complete
2025-08-17T16:07:02.3833809Z 5c10925b29ff: Pull complete
2025-08-17T16:07:02.3874453Z Digest: sha256:bc51cf4f1fe02cce7ed2370b20128a9b00b4eb804573a77d2a0d877aaa9c82b1
2025-08-17T16:07:02.3886327Z Status: Downloaded newer image for postgres:15
2025-08-17T16:07:02.3896655Z docker.io/library/postgres:15
2025-08-17T16:07:02.3957120Z ##[command]/usr/bin/docker create --name f16e5af553224bf182cf0ae0dba33c86_postgres15_d2c45a --label 63c60e --network github_network_5f7eb6e9ad9a4f37864ce72c51df7a94 --network-alias postgres -p 5432:5432 --health-cmd="pg_isready -U postgres -d awa" --health-interval=5s --health-timeout=5s --health-retries=10 -e "POSTGRES_USER=postgres" -e "POSTGRES_PASSWORD=pass" -e "POSTGRES_DB=awa" -e GITHUB_ACTIONS=true -e CI=true postgres:15
2025-08-17T16:07:02.4208466Z 42bebbbc1ccd8d44e3ebd27817e0f2c33f84a1c56d115b0d6429257a8b09eb23
2025-08-17T16:07:02.4230878Z ##[command]/usr/bin/docker start 42bebbbc1ccd8d44e3ebd27817e0f2c33f84a1c56d115b0d6429257a8b09eb23
2025-08-17T16:07:02.6236430Z 42bebbbc1ccd8d44e3ebd27817e0f2c33f84a1c56d115b0d6429257a8b09eb23
2025-08-17T16:07:02.6258053Z ##[command]/usr/bin/docker ps --all --filter id=42bebbbc1ccd8d44e3ebd27817e0f2c33f84a1c56d115b0d6429257a8b09eb23 --filter status=running --no-trunc --format "{{.ID}} {{.Status}}"
2025-08-17T16:07:02.6387736Z 42bebbbc1ccd8d44e3ebd27817e0f2c33f84a1c56d115b0d6429257a8b09eb23 Up Less than a second (health: starting)
2025-08-17T16:07:02.6410086Z ##[command]/usr/bin/docker port 42bebbbc1ccd8d44e3ebd27817e0f2c33f84a1c56d115b0d6429257a8b09eb23
2025-08-17T16:07:02.6636223Z 5432/tcp -> 0.0.0.0:5432
2025-08-17T16:07:02.6636756Z 5432/tcp -> [::]:5432
2025-08-17T16:07:02.6696505Z ##[endgroup]
2025-08-17T16:07:02.6708621Z ##[group]Waiting for all services to be ready
2025-08-17T16:07:02.6727321Z ##[command]/usr/bin/docker inspect --format="{{if .Config.Healthcheck}}{{print .State.Health.Status}}{{end}}" 42bebbbc1ccd8d44e3ebd27817e0f2c33f84a1c56d115b0d6429257a8b09eb23
2025-08-17T16:07:02.6858876Z starting
2025-08-17T16:07:02.6880017Z postgres service is starting, waiting 2 seconds before checking again.
2025-08-17T16:07:04.6879239Z ##[command]/usr/bin/docker inspect --format="{{if .Config.Healthcheck}}{{print .State.Health.Status}}{{end}}" 42bebbbc1ccd8d44e3ebd27817e0f2c33f84a1c56d115b0d6429257a8b09eb23
2025-08-17T16:07:04.7002507Z starting
2025-08-17T16:07:04.7015898Z postgres service is starting, waiting 4 seconds before checking again.
2025-08-17T16:07:09.0186894Z ##[command]/usr/bin/docker inspect --format="{{if .Config.Healthcheck}}{{print .State.Health.Status}}{{end}}" 42bebbbc1ccd8d44e3ebd27817e0f2c33f84a1c56d115b0d6429257a8b09eb23
2025-08-17T16:07:09.0307611Z healthy
2025-08-17T16:07:09.0325892Z postgres service is healthy.
2025-08-17T16:07:09.0326428Z ##[endgroup]
2025-08-17T16:07:09.0658530Z ##[group]Run actions/checkout@v4
2025-08-17T16:07:09.0659087Z with:
2025-08-17T16:07:09.0659279Z   repository: AlexBomber12/AWA-App
2025-08-17T16:07:09.0659764Z   token: ***
2025-08-17T16:07:09.0659949Z   ssh-strict: true
2025-08-17T16:07:09.0660128Z   ssh-user: git
2025-08-17T16:07:09.0660311Z   persist-credentials: true
2025-08-17T16:07:09.0660521Z   clean: true
2025-08-17T16:07:09.0660703Z   sparse-checkout-cone-mode: true
2025-08-17T16:07:09.0660926Z   fetch-depth: 1
2025-08-17T16:07:09.0661098Z   fetch-tags: false
2025-08-17T16:07:09.0661273Z   show-progress: true
2025-08-17T16:07:09.0661456Z   lfs: false
2025-08-17T16:07:09.0661613Z   submodules: false
2025-08-17T16:07:09.0662082Z   set-safe-directory: true
2025-08-17T16:07:09.0662572Z ##[endgroup]
2025-08-17T16:07:09.1763659Z Syncing repository: AlexBomber12/AWA-App
2025-08-17T16:07:09.1765610Z ##[group]Getting Git version info
2025-08-17T16:07:09.1766226Z Working directory is '/home/runner/work/AWA-App/AWA-App'
2025-08-17T16:07:09.1767203Z [command]/usr/bin/git version
2025-08-17T16:07:09.1795603Z git version 2.50.1
2025-08-17T16:07:09.1822048Z ##[endgroup]
2025-08-17T16:07:09.1835268Z Temporarily overriding HOME='/home/runner/work/_temp/77b616f6-8627-4086-8538-7853111c95da' before making global git config changes
2025-08-17T16:07:09.1836046Z Adding repository directory to the temporary git global config as a safe directory
2025-08-17T16:07:09.1840458Z [command]/usr/bin/git config --global --add safe.directory /home/runner/work/AWA-App/AWA-App
2025-08-17T16:07:09.1874649Z Deleting the contents of '/home/runner/work/AWA-App/AWA-App'
2025-08-17T16:07:09.1878117Z ##[group]Initializing the repository
2025-08-17T16:07:09.1882203Z [command]/usr/bin/git init /home/runner/work/AWA-App/AWA-App
2025-08-17T16:07:09.1941086Z hint: Using 'master' as the name for the initial branch. This default branch name
2025-08-17T16:07:09.1942138Z hint: is subject to change. To configure the initial branch name to use in all
2025-08-17T16:07:09.1942982Z hint: of your new repositories, which will suppress this warning, call:
2025-08-17T16:07:09.1943566Z hint:
2025-08-17T16:07:09.1944008Z hint: 	git config --global init.defaultBranch <name>
2025-08-17T16:07:09.1944534Z hint:
2025-08-17T16:07:09.1945033Z hint: Names commonly chosen instead of 'master' are 'main', 'trunk' and
2025-08-17T16:07:09.1945971Z hint: 'development'. The just-created branch can be renamed via this command:
2025-08-17T16:07:09.1946539Z hint:
2025-08-17T16:07:09.1946802Z hint: 	git branch -m <name>
2025-08-17T16:07:09.1947010Z hint:
2025-08-17T16:07:09.1947318Z hint: Disable this message with "git config set advice.defaultBranchName false"
2025-08-17T16:07:09.1947817Z Initialized empty Git repository in /home/runner/work/AWA-App/AWA-App/.git/
2025-08-17T16:07:09.1956268Z [command]/usr/bin/git remote add origin https://github.com/AlexBomber12/AWA-App
2025-08-17T16:07:09.1986892Z ##[endgroup]
2025-08-17T16:07:09.1987295Z ##[group]Disabling automatic garbage collection
2025-08-17T16:07:09.1990962Z [command]/usr/bin/git config --local gc.auto 0
2025-08-17T16:07:09.2017870Z ##[endgroup]
2025-08-17T16:07:09.2018236Z ##[group]Setting up auth
2025-08-17T16:07:09.2024785Z [command]/usr/bin/git config --local --name-only --get-regexp core\.sshCommand
2025-08-17T16:07:09.2053208Z [command]/usr/bin/git submodule foreach --recursive sh -c "git config --local --name-only --get-regexp 'core\.sshCommand' && git config --local --unset-all 'core.sshCommand' || :"
2025-08-17T16:07:09.2306056Z [command]/usr/bin/git config --local --name-only --get-regexp http\.https\:\/\/github\.com\/\.extraheader
2025-08-17T16:07:09.2335297Z [command]/usr/bin/git submodule foreach --recursive sh -c "git config --local --name-only --get-regexp 'http\.https\:\/\/github\.com\/\.extraheader' && git config --local --unset-all 'http.https://github.com/.extraheader' || :"
2025-08-17T16:07:09.2557669Z [command]/usr/bin/git config --local http.https://github.com/.extraheader AUTHORIZATION: basic ***
2025-08-17T16:07:09.2593394Z ##[endgroup]
2025-08-17T16:07:09.2593991Z ##[group]Fetching the repository
2025-08-17T16:07:09.2601278Z [command]/usr/bin/git -c protocol.version=2 fetch --no-tags --prune --no-recurse-submodules --depth=1 origin +e16b49220e496e9682ac67a6456bbb7a60654801:refs/remotes/pull/229/merge
2025-08-17T16:07:09.5661004Z From https://github.com/AlexBomber12/AWA-App
2025-08-17T16:07:09.5662523Z  * [new ref]         e16b49220e496e9682ac67a6456bbb7a60654801 -> pull/229/merge
2025-08-17T16:07:09.5690732Z ##[endgroup]
2025-08-17T16:07:09.5691384Z ##[group]Determining the checkout info
2025-08-17T16:07:09.5693858Z ##[endgroup]
2025-08-17T16:07:09.5699732Z [command]/usr/bin/git sparse-checkout disable
2025-08-17T16:07:09.5737009Z [command]/usr/bin/git config --local --unset-all extensions.worktreeConfig
2025-08-17T16:07:09.5767220Z ##[group]Checking out the ref
2025-08-17T16:07:09.5771137Z [command]/usr/bin/git checkout --progress --force refs/remotes/pull/229/merge
2025-08-17T16:07:09.6037188Z Note: switching to 'refs/remotes/pull/229/merge'.
2025-08-17T16:07:09.6037699Z 
2025-08-17T16:07:09.6038102Z You are in 'detached HEAD' state. You can look around, make experimental
2025-08-17T16:07:09.6038942Z changes and commit them, and you can discard any commits you make in this
2025-08-17T16:07:09.6039894Z state without impacting any branches by switching back to a branch.
2025-08-17T16:07:09.6040377Z 
2025-08-17T16:07:09.6040721Z If you want to create a new branch to retain commits you create, you may
2025-08-17T16:07:09.6041448Z do so (now or later) by using -c with the switch command. Example:
2025-08-17T16:07:09.6042075Z 
2025-08-17T16:07:09.6042255Z   git switch -c <new-branch-name>
2025-08-17T16:07:09.6042533Z 
2025-08-17T16:07:09.6042707Z Or undo this operation with:
2025-08-17T16:07:09.6042964Z 
2025-08-17T16:07:09.6043444Z   git switch -
2025-08-17T16:07:09.6043660Z 
2025-08-17T16:07:09.6044035Z Turn off this advice by setting config variable advice.detachedHead to false
2025-08-17T16:07:09.6044527Z 
2025-08-17T16:07:09.6045178Z HEAD is now at e16b492 Merge ef39df8f93962e9799ff2409019fd32edebc2416 into 2422b0156d6774f96e9810af18bcd02c7a6c6a9b
2025-08-17T16:07:09.6048475Z ##[endgroup]
2025-08-17T16:07:09.6087739Z [command]/usr/bin/git log -1 --format=%H
2025-08-17T16:07:09.6111490Z e16b49220e496e9682ac67a6456bbb7a60654801
2025-08-17T16:07:09.6277859Z ##[group]Run cat .env.ci >> "$GITHUB_ENV"
2025-08-17T16:07:09.6278203Z [36;1mcat .env.ci >> "$GITHUB_ENV"[0m
2025-08-17T16:07:09.6278899Z [36;1mecho "DATABASE_URL=***localhost:5432/awa" >> "$GITHUB_ENV"[0m
2025-08-17T16:07:09.6279254Z [36;1mecho "PG_HOST=localhost" >> "$GITHUB_ENV"[0m
2025-08-17T16:07:09.6279538Z [36;1mecho "PG_PORT=5432" >> "$GITHUB_ENV"[0m
2025-08-17T16:07:09.6279817Z [36;1mecho "PG_USER=postgres" >> "$GITHUB_ENV"[0m
2025-08-17T16:07:09.6280114Z [36;1mecho "PG_PASSWORD=pass" >> "$GITHUB_ENV"[0m
2025-08-17T16:07:09.6280382Z [36;1mecho "PG_DATABASE=awa" >> "$GITHUB_ENV"[0m
2025-08-17T16:07:09.6325803Z shell: /usr/bin/bash -e {0}
2025-08-17T16:07:09.6326043Z ##[endgroup]
2025-08-17T16:07:09.6505324Z ##[group]Run actions/setup-python@v5
2025-08-17T16:07:09.6505584Z with:
2025-08-17T16:07:09.6505764Z   python-version: 3.12
2025-08-17T16:07:09.6505951Z   cache: pip
2025-08-17T16:07:09.6506164Z   cache-dependency-path: requirements-dev.txt
2025-08-17T16:07:09.6506434Z   check-latest: false
2025-08-17T16:07:09.6506725Z   token: ***
2025-08-17T16:07:09.6506913Z   update-environment: true
2025-08-17T16:07:09.6507126Z   allow-prereleases: false
2025-08-17T16:07:09.6507329Z   freethreaded: false
2025-08-17T16:07:09.6507505Z env:
2025-08-17T16:07:09.6507664Z   PG_USER: postgres
2025-08-17T16:07:09.6507846Z   PG_PASSWORD: pass
2025-08-17T16:07:09.6508018Z   PG_DATABASE: awa
2025-08-17T16:07:09.6508197Z   PG_HOST: localhost
2025-08-17T16:07:09.6508387Z   PG_PORT: 5432
2025-08-17T16:07:09.6509016Z   PG_SYNC_DSN: ***localhost:5432/awa
2025-08-17T16:07:09.6509466Z   PG_ASYNC_DSN: ***localhost:5432/awa
2025-08-17T16:07:09.6509835Z   DATABASE_URL: ***localhost:5432/awa
2025-08-17T16:07:09.6510101Z   DATA_DIR: /tmp/awa-data
2025-08-17T16:07:09.6510294Z   ENABLE_LIVE: 0
2025-08-17T16:07:09.6510465Z   TESTING: 1
2025-08-17T16:07:09.6510626Z ##[endgroup]
2025-08-17T16:07:09.8150436Z ##[group]Installed versions
2025-08-17T16:07:09.8259793Z Successfully set up CPython (3.12.11)
2025-08-17T16:07:09.8260591Z ##[endgroup]
2025-08-17T16:07:09.8614442Z [command]/opt/hostedtoolcache/Python/3.12.11/x64/bin/pip cache dir
2025-08-17T16:07:10.7244109Z /home/runner/.cache/pip
2025-08-17T16:07:10.8564244Z Cache hit for: setup-python-Linux-x64-24.04-Ubuntu-python-3.12.11-pip-2005571a326e80fd181d633d96bfcc1ae8cb53ffd7b38d40aba6418cea7f5ab1
2025-08-17T16:07:12.0021384Z Received 134217728 of 316625989 (42.4%), 128.0 MBs/sec
2025-08-17T16:07:12.9707641Z Received 316625989 of 316625989 (100.0%), 153.4 MBs/sec
2025-08-17T16:07:12.9763760Z Cache Size: ~302 MB (316625989 B)
2025-08-17T16:07:12.9819282Z [command]/usr/bin/tar -xf /home/runner/work/_temp/4803614d-b4a5-4131-a96b-b9432eebf488/cache.tzst -P -C /home/runner/work/AWA-App/AWA-App --use-compress-program unzstd
2025-08-17T16:07:13.4614428Z Cache restored successfully
2025-08-17T16:07:13.5214296Z Cache restored from key: setup-python-Linux-x64-24.04-Ubuntu-python-3.12.11-pip-2005571a326e80fd181d633d96bfcc1ae8cb53ffd7b38d40aba6418cea7f5ab1
2025-08-17T16:07:13.5355725Z ##[group]Run pip install -r requirements-dev.txt
2025-08-17T16:07:13.5356113Z [36;1mpip install -r requirements-dev.txt[0m
2025-08-17T16:07:13.5356421Z [36;1mpip install keepa==1.3.15 minio==7.1.15[0m
2025-08-17T16:07:13.5399515Z shell: /usr/bin/bash -e {0}
2025-08-17T16:07:13.5399757Z env:
2025-08-17T16:07:13.5399934Z   PG_USER: postgres
2025-08-17T16:07:13.5400127Z   PG_PASSWORD: pass
2025-08-17T16:07:13.5400318Z   PG_DATABASE: awa
2025-08-17T16:07:13.5400507Z   PG_HOST: localhost
2025-08-17T16:07:13.5400970Z   PG_PORT: 5432
2025-08-17T16:07:13.5401611Z   PG_SYNC_DSN: ***localhost:5432/awa
2025-08-17T16:07:13.5402280Z   PG_ASYNC_DSN: ***localhost:5432/awa
2025-08-17T16:07:13.5402684Z   DATABASE_URL: ***localhost:5432/awa
2025-08-17T16:07:13.5402928Z   DATA_DIR: /tmp/awa-data
2025-08-17T16:07:13.5403131Z   ENABLE_LIVE: 0
2025-08-17T16:07:13.5403301Z   TESTING: 1
2025-08-17T16:07:13.5403546Z   pythonLocation: /opt/hostedtoolcache/Python/3.12.11/x64
2025-08-17T16:07:13.5404005Z   PKG_CONFIG_PATH: /opt/hostedtoolcache/Python/3.12.11/x64/lib/pkgconfig
2025-08-17T16:07:13.5404396Z   Python_ROOT_DIR: /opt/hostedtoolcache/Python/3.12.11/x64
2025-08-17T16:07:13.5404755Z   Python2_ROOT_DIR: /opt/hostedtoolcache/Python/3.12.11/x64
2025-08-17T16:07:13.5405107Z   Python3_ROOT_DIR: /opt/hostedtoolcache/Python/3.12.11/x64
2025-08-17T16:07:13.5405449Z   LD_LIBRARY_PATH: /opt/hostedtoolcache/Python/3.12.11/x64/lib
2025-08-17T16:07:13.5405740Z ##[endgroup]
2025-08-17T16:07:14.6998309Z Collecting Jinja2==3.1.6 (from -r requirements-dev.txt (line 2))
2025-08-17T16:07:14.7012770Z   Using cached jinja2-3.1.6-py3-none-any.whl.metadata (2.9 kB)
2025-08-17T16:07:14.7240453Z Collecting alembic==1.13.1 (from -r requirements-dev.txt (line 3))
2025-08-17T16:07:14.7252551Z   Using cached alembic-1.13.1-py3-none-any.whl.metadata (7.4 kB)
2025-08-17T16:07:14.7429394Z Collecting apscheduler==3.10.4 (from -r requirements-dev.txt (line 4))
2025-08-17T16:07:14.7441144Z   Using cached APScheduler-3.10.4-py3-none-any.whl.metadata (5.7 kB)
2025-08-17T16:07:14.7867292Z Collecting asyncpg==0.30.0 (from -r requirements-dev.txt (line 5))
2025-08-17T16:07:14.7880263Z   Using cached asyncpg-0.30.0-cp312-cp312-manylinux_2_17_x86_64.manylinux2014_x86_64.whl.metadata (5.0 kB)
2025-08-17T16:07:14.8360106Z Collecting black==25.1.0 (from -r requirements-dev.txt (line 6))
2025-08-17T16:07:14.8372518Z   Using cached black-25.1.0-cp312-cp312-manylinux_2_17_x86_64.manylinux2014_x86_64.manylinux_2_28_x86_64.whl.metadata (81 kB)
2025-08-17T16:07:15.1650222Z Collecting boto3 (from -r requirements-dev.txt (line 7))
2025-08-17T16:07:15.1663870Z   Using cached boto3-1.40.11-py3-none-any.whl.metadata (6.7 kB)
2025-08-17T16:07:15.1978822Z Collecting celery==5.4.0 (from -r requirements-dev.txt (line 8))
2025-08-17T16:07:15.1990452Z   Using cached celery-5.4.0-py3-none-any.whl.metadata (21 kB)
2025-08-17T16:07:15.2560827Z Collecting fastapi==0.116.1 (from -r requirements-dev.txt (line 9))
2025-08-17T16:07:15.2579740Z   Using cached fastapi-0.116.1-py3-none-any.whl.metadata (28 kB)
2025-08-17T16:07:15.2809794Z Collecting httpx<0.29,>=0.27 (from -r requirements-dev.txt (line 11))
2025-08-17T16:07:15.2822002Z   Using cached httpx-0.28.1-py3-none-any.whl.metadata (7.1 kB)
2025-08-17T16:07:15.2945932Z Collecting imapclient==3.0.1 (from -r requirements-dev.txt (line 12))
2025-08-17T16:07:15.2958142Z   Using cached IMAPClient-3.0.1-py2.py3-none-any.whl.metadata (1.7 kB)
2025-08-17T16:07:15.3051040Z Collecting itsdangerous (from -r requirements-dev.txt (line 13))
2025-08-17T16:07:15.3062518Z   Using cached itsdangerous-2.2.0-py3-none-any.whl.metadata (1.9 kB)
2025-08-17T16:07:15.4034815Z Collecting mypy==1.* (from -r requirements-dev.txt (line 14))
2025-08-17T16:07:15.4048578Z   Using cached mypy-1.17.1-cp312-cp312-manylinux2014_x86_64.manylinux_2_17_x86_64.manylinux_2_28_x86_64.whl.metadata (2.2 kB)
2025-08-17T16:07:15.4145935Z Collecting mypy-extensions==1.1.0 (from -r requirements-dev.txt (line 15))
2025-08-17T16:07:15.4157213Z   Using cached mypy_extensions-1.1.0-py3-none-any.whl.metadata (1.1 kB)
2025-08-17T16:07:15.5933316Z Collecting numpy<2 (from -r requirements-dev.txt (line 16))
2025-08-17T16:07:15.5946488Z   Using cached numpy-1.26.4-cp312-cp312-manylinux_2_17_x86_64.manylinux2014_x86_64.whl.metadata (61 kB)
2025-08-17T16:07:15.6191596Z Collecting openpyxl==3.1.5 (from -r requirements-dev.txt (line 17))
2025-08-17T16:07:15.6203541Z   Using cached openpyxl-3.1.5-py2.py3-none-any.whl.metadata (2.5 kB)
2025-08-17T16:07:15.7229707Z Collecting pandas==2.2.* (from -r requirements-dev.txt (line 18))
2025-08-17T16:07:15.7244196Z   Using cached pandas-2.2.3-cp312-cp312-manylinux_2_17_x86_64.manylinux2014_x86_64.whl.metadata (89 kB)
2025-08-17T16:07:15.8158257Z Collecting psycopg2-binary==2.9.9 (from -r requirements-dev.txt (line 19))
2025-08-17T16:07:15.8171071Z   Using cached psycopg2_binary-2.9.9-cp312-cp312-manylinux_2_17_x86_64.manylinux2014_x86_64.whl.metadata (4.4 kB)
2025-08-17T16:07:15.8329560Z Collecting psycopg==3.2.9 (from psycopg[binary]==3.2.9->-r requirements-dev.txt (line 20))
2025-08-17T16:07:15.8340361Z   Using cached psycopg-3.2.9-py3-none-any.whl.metadata (4.5 kB)
2025-08-17T16:07:15.9388396Z Collecting pydantic==2.11.7 (from -r requirements-dev.txt (line 21))
2025-08-17T16:07:15.9401540Z   Using cached pydantic-2.11.7-py3-none-any.whl.metadata (67 kB)
2025-08-17T16:07:16.0588033Z Collecting setuptools (from -r requirements-dev.txt (line 22))
2025-08-17T16:07:16.0600472Z   Using cached setuptools-80.9.0-py3-none-any.whl.metadata (6.6 kB)
2025-08-17T16:07:16.0861133Z Collecting pytest-asyncio==0.23.6 (from -r requirements-dev.txt (line 23))
2025-08-17T16:07:16.0872732Z   Using cached pytest_asyncio-0.23.6-py3-none-any.whl.metadata (3.9 kB)
2025-08-17T16:07:16.1048430Z Collecting pytest-cov==6.2.1 (from -r requirements-dev.txt (line 24))
2025-08-17T16:07:16.1059802Z   Using cached pytest_cov-6.2.1-py3-none-any.whl.metadata (30 kB)
2025-08-17T16:07:16.1223035Z Collecting pytest-postgresql==7.0.2 (from -r requirements-dev.txt (line 25))
2025-08-17T16:07:16.1234630Z   Using cached pytest_postgresql-7.0.2-py3-none-any.whl.metadata (18 kB)
2025-08-17T16:07:16.1401058Z Collecting python-dotenv (from -r requirements-dev.txt (line 26))
2025-08-17T16:07:16.1412517Z   Using cached python_dotenv-1.1.1-py3-none-any.whl.metadata (24 kB)
2025-08-17T16:07:16.1545741Z Collecting python-multipart (from -r requirements-dev.txt (line 27))
2025-08-17T16:07:16.1557173Z   Using cached python_multipart-0.0.20-py3-none-any.whl.metadata (1.8 kB)
2025-08-17T16:07:16.1831989Z Collecting python-telegram-bot==22.2 (from -r requirements-dev.txt (line 28))
2025-08-17T16:07:16.1843403Z   Using cached python_telegram_bot-22.2-py3-none-any.whl.metadata (17 kB)
2025-08-17T16:07:16.2123600Z Collecting requests==2.32.4 (from -r requirements-dev.txt (line 29))
2025-08-17T16:07:16.2135621Z   Using cached requests-2.32.4-py3-none-any.whl.metadata (4.9 kB)
2025-08-17T16:07:16.2294962Z Collecting respx==0.22.0 (from -r requirements-dev.txt (line 30))
2025-08-17T16:07:16.2306516Z   Using cached respx-0.22.0-py2.py3-none-any.whl.metadata (4.1 kB)
2025-08-17T16:07:16.5799540Z Collecting ruff==0.4.4 (from -r requirements-dev.txt (line 31))
2025-08-17T16:07:16.5813425Z   Using cached ruff-0.4.4-py3-none-manylinux_2_17_x86_64.manylinux2014_x86_64.whl.metadata (23 kB)
2025-08-17T16:07:16.8330521Z Collecting sqlalchemy==2.0.29 (from -r requirements-dev.txt (line 32))
2025-08-17T16:07:16.8344641Z   Using cached SQLAlchemy-2.0.29-cp312-cp312-manylinux_2_17_x86_64.manylinux2014_x86_64.whl.metadata (9.6 kB)
2025-08-17T16:07:16.8569254Z Collecting testcontainers==4.10.0 (from testcontainers[postgres]==4.10.0->-r requirements-dev.txt (line 33))
2025-08-17T16:07:16.8580698Z   Using cached testcontainers-4.10.0-py3-none-any.whl.metadata (7.8 kB)
2025-08-17T16:07:16.8949549Z Collecting types-requests==2.32.0.20240602 (from -r requirements-dev.txt (line 34))
2025-08-17T16:07:16.8961403Z   Using cached types_requests-2.32.0.20240602-py3-none-any.whl.metadata (1.8 kB)
2025-08-17T16:07:16.9080656Z Collecting docspec-python==2.2.2 (from -r requirements-dev.txt (line 35))
2025-08-17T16:07:16.9092241Z   Using cached docspec_python-2.2.2-py3-none-any.whl.metadata (1.0 kB)
2025-08-17T16:07:16.9252741Z Collecting pydoc-markdown==4.8.2 (from -r requirements-dev.txt (line 36))
2025-08-17T16:07:16.9264400Z   Using cached pydoc_markdown-4.8.2-py3-none-any.whl.metadata (5.9 kB)
2025-08-17T16:07:16.9534330Z Collecting pandera==0.19.* (from -r requirements-dev.txt (line 37))
2025-08-17T16:07:16.9546065Z   Using cached pandera-0.19.3-py3-none-any.whl.metadata (15 kB)
2025-08-17T16:07:17.0070654Z Collecting MarkupSafe>=2.0 (from Jinja2==3.1.6->-r requirements-dev.txt (line 2))
2025-08-17T16:07:17.0084080Z   Using cached MarkupSafe-3.0.2-cp312-cp312-manylinux_2_17_x86_64.manylinux2014_x86_64.whl.metadata (4.0 kB)
2025-08-17T16:07:17.0340193Z Collecting Mako (from alembic==1.13.1->-r requirements-dev.txt (line 3))
2025-08-17T16:07:17.0351924Z   Using cached mako-1.3.10-py3-none-any.whl.metadata (2.9 kB)
2025-08-17T16:07:17.0524806Z Collecting typing-extensions>=4 (from alembic==1.13.1->-r requirements-dev.txt (line 3))
2025-08-17T16:07:17.0536545Z   Using cached typing_extensions-4.14.1-py3-none-any.whl.metadata (3.0 kB)
2025-08-17T16:07:17.1148781Z Collecting six>=1.4.0 (from apscheduler==3.10.4->-r requirements-dev.txt (line 4))
2025-08-17T16:07:17.1162682Z   Using cached six-1.17.0-py2.py3-none-any.whl.metadata (1.7 kB)
2025-08-17T16:07:17.1495034Z Collecting pytz (from apscheduler==3.10.4->-r requirements-dev.txt (line 4))
2025-08-17T16:07:17.1508055Z   Using cached pytz-2025.2-py2.py3-none-any.whl.metadata (22 kB)
2025-08-17T16:07:17.1667603Z Collecting tzlocal!=3.*,>=2.0 (from apscheduler==3.10.4->-r requirements-dev.txt (line 4))
2025-08-17T16:07:17.1679230Z   Using cached tzlocal-5.3.1-py3-none-any.whl.metadata (7.6 kB)
2025-08-17T16:07:17.1867918Z Collecting click>=8.0.0 (from black==25.1.0->-r requirements-dev.txt (line 6))
2025-08-17T16:07:17.1880139Z   Using cached click-8.2.1-py3-none-any.whl.metadata (2.5 kB)
2025-08-17T16:07:17.2024955Z Collecting packaging>=22.0 (from black==25.1.0->-r requirements-dev.txt (line 6))
2025-08-17T16:07:17.2036674Z   Using cached packaging-25.0-py3-none-any.whl.metadata (3.3 kB)
2025-08-17T16:07:17.2166127Z Collecting pathspec>=0.9.0 (from black==25.1.0->-r requirements-dev.txt (line 6))
2025-08-17T16:07:17.2177714Z   Using cached pathspec-0.12.1-py3-none-any.whl.metadata (21 kB)
2025-08-17T16:07:17.2350966Z Collecting platformdirs>=2 (from black==25.1.0->-r requirements-dev.txt (line 6))
2025-08-17T16:07:17.2362647Z   Using cached platformdirs-4.3.8-py3-none-any.whl.metadata (12 kB)
2025-08-17T16:07:17.2570349Z Collecting billiard<5.0,>=4.2.0 (from celery==5.4.0->-r requirements-dev.txt (line 8))
2025-08-17T16:07:17.2582016Z   Using cached billiard-4.2.1-py3-none-any.whl.metadata (4.4 kB)
2025-08-17T16:07:17.2895443Z Collecting kombu<6.0,>=5.3.4 (from celery==5.4.0->-r requirements-dev.txt (line 8))
2025-08-17T16:07:17.2906569Z   Using cached kombu-5.5.4-py3-none-any.whl.metadata (3.5 kB)
2025-08-17T16:07:17.3071550Z Collecting vine<6.0,>=5.1.0 (from celery==5.4.0->-r requirements-dev.txt (line 8))
2025-08-17T16:07:17.3082899Z   Using cached vine-5.1.0-py3-none-any.whl.metadata (2.7 kB)
2025-08-17T16:07:17.3286991Z Collecting click-didyoumean>=0.3.0 (from celery==5.4.0->-r requirements-dev.txt (line 8))
2025-08-17T16:07:17.3298131Z   Using cached click_didyoumean-0.3.1-py3-none-any.whl.metadata (3.9 kB)
2025-08-17T16:07:17.3397704Z Collecting click-repl>=0.2.0 (from celery==5.4.0->-r requirements-dev.txt (line 8))
2025-08-17T16:07:17.3408678Z   Using cached click_repl-0.3.0-py3-none-any.whl.metadata (3.6 kB)
2025-08-17T16:07:17.3507714Z Collecting click-plugins>=1.1.1 (from celery==5.4.0->-r requirements-dev.txt (line 8))
2025-08-17T16:07:17.3518841Z   Using cached click_plugins-1.1.1.2-py2.py3-none-any.whl.metadata (6.5 kB)
2025-08-17T16:07:17.3642429Z Collecting tzdata>=2022.7 (from celery==5.4.0->-r requirements-dev.txt (line 8))
2025-08-17T16:07:17.3654097Z   Using cached tzdata-2025.2-py2.py3-none-any.whl.metadata (1.4 kB)
2025-08-17T16:07:17.3761244Z Collecting python-dateutil>=2.8.2 (from celery==5.4.0->-r requirements-dev.txt (line 8))
2025-08-17T16:07:17.3773607Z   Using cached python_dateutil-2.9.0.post0-py2.py3-none-any.whl.metadata (8.4 kB)
2025-08-17T16:07:17.4048315Z Collecting starlette<0.48.0,>=0.40.0 (from fastapi==0.116.1->-r requirements-dev.txt (line 9))
2025-08-17T16:07:17.4059598Z   Using cached starlette-0.47.2-py3-none-any.whl.metadata (6.2 kB)
2025-08-17T16:07:17.4417866Z Collecting annotated-types>=0.6.0 (from pydantic==2.11.7->-r requirements-dev.txt (line 21))
2025-08-17T16:07:17.4429377Z   Using cached annotated_types-0.7.0-py3-none-any.whl.metadata (15 kB)
2025-08-17T16:07:18.1103286Z Collecting pydantic-core==2.33.2 (from pydantic==2.11.7->-r requirements-dev.txt (line 21))
2025-08-17T16:07:18.1117687Z   Using cached pydantic_core-2.33.2-cp312-cp312-manylinux_2_17_x86_64.manylinux2014_x86_64.whl.metadata (6.8 kB)
2025-08-17T16:07:18.1240255Z Collecting typing-inspection>=0.4.0 (from pydantic==2.11.7->-r requirements-dev.txt (line 21))
2025-08-17T16:07:18.1252015Z   Using cached typing_inspection-0.4.1-py3-none-any.whl.metadata (2.6 kB)
2025-08-17T16:07:18.1358630Z Collecting et-xmlfile (from openpyxl==3.1.5->-r requirements-dev.txt (line 17))
2025-08-17T16:07:18.1370120Z   Using cached et_xmlfile-2.0.0-py3-none-any.whl.metadata (2.7 kB)
2025-08-17T16:07:18.1765721Z Collecting pytest<9,>=7.0.0 (from pytest-asyncio==0.23.6->-r requirements-dev.txt (line 23))
2025-08-17T16:07:18.1777509Z   Using cached pytest-8.4.1-py3-none-any.whl.metadata (7.7 kB)
2025-08-17T16:07:18.4859863Z Collecting coverage>=7.5 (from coverage[toml]>=7.5->pytest-cov==6.2.1->-r requirements-dev.txt (line 24))
2025-08-17T16:07:18.4873801Z   Using cached coverage-7.10.4-cp312-cp312-manylinux1_x86_64.manylinux_2_28_x86_64.manylinux_2_5_x86_64.whl.metadata (8.9 kB)
2025-08-17T16:07:18.4992898Z Collecting pluggy>=1.2 (from pytest-cov==6.2.1->-r requirements-dev.txt (line 24))
2025-08-17T16:07:18.5004591Z   Using cached pluggy-1.6.0-py3-none-any.whl.metadata (4.8 kB)
2025-08-17T16:07:18.5255497Z Collecting port-for>=0.7.3 (from pytest-postgresql==7.0.2->-r requirements-dev.txt (line 25))
2025-08-17T16:07:18.5266938Z   Using cached port_for-0.7.4-py3-none-any.whl.metadata (7.1 kB)
2025-08-17T16:07:18.5423717Z Collecting mirakuru>=2.6.0 (from pytest-postgresql==7.0.2->-r requirements-dev.txt (line 25))
2025-08-17T16:07:18.5435177Z   Using cached mirakuru-2.6.1-py3-none-any.whl.metadata (10 kB)
2025-08-17T16:07:18.6357544Z Collecting charset_normalizer<4,>=2 (from requests==2.32.4->-r requirements-dev.txt (line 29))
2025-08-17T16:07:18.6370966Z   Using cached charset_normalizer-3.4.3-cp312-cp312-manylinux2014_x86_64.manylinux_2_17_x86_64.manylinux_2_28_x86_64.whl.metadata (36 kB)
2025-08-17T16:07:18.6531529Z Collecting idna<4,>=2.5 (from requests==2.32.4->-r requirements-dev.txt (line 29))
2025-08-17T16:07:18.6543329Z   Using cached idna-3.10-py3-none-any.whl.metadata (10 kB)
2025-08-17T16:07:18.6816090Z Collecting urllib3<3,>=1.21.1 (from requests==2.32.4->-r requirements-dev.txt (line 29))
2025-08-17T16:07:18.6827754Z   Using cached urllib3-2.5.0-py3-none-any.whl.metadata (6.5 kB)
2025-08-17T16:07:18.7022863Z Collecting certifi>=2017.4.17 (from requests==2.32.4->-r requirements-dev.txt (line 29))
2025-08-17T16:07:18.7034689Z   Using cached certifi-2025.8.3-py3-none-any.whl.metadata (2.4 kB)
2025-08-17T16:07:18.9056455Z Collecting greenlet!=0.4.17 (from sqlalchemy==2.0.29->-r requirements-dev.txt (line 32))
2025-08-17T16:07:18.9070044Z   Using cached greenlet-3.2.4-cp312-cp312-manylinux_2_24_x86_64.manylinux_2_28_x86_64.whl.metadata (4.1 kB)
2025-08-17T16:07:18.9272283Z Collecting docker (from testcontainers==4.10.0->testcontainers[postgres]==4.10.0->-r requirements-dev.txt (line 33))
2025-08-17T16:07:18.9284064Z   Using cached docker-7.1.0-py3-none-any.whl.metadata (3.8 kB)
2025-08-17T16:07:19.0202589Z Collecting wrapt (from testcontainers==4.10.0->testcontainers[postgres]==4.10.0->-r requirements-dev.txt (line 33))
2025-08-17T16:07:19.0217186Z   Using cached wrapt-1.17.3-cp312-cp312-manylinux1_x86_64.manylinux_2_28_x86_64.manylinux_2_5_x86_64.whl.metadata (6.4 kB)
2025-08-17T16:07:19.0469436Z Collecting docspec==2.2.1 (from docspec-python==2.2.2->-r requirements-dev.txt (line 35))
2025-08-17T16:07:19.0480733Z   Using cached docspec-2.2.1-py3-none-any.whl.metadata (1.5 kB)
2025-08-17T16:07:19.0634864Z Collecting nr-util>=0.8.12 (from docspec-python==2.2.2->-r requirements-dev.txt (line 35))
2025-08-17T16:07:19.0647005Z   Using cached nr.util-0.8.12-py3-none-any.whl.metadata (813 bytes)
2025-08-17T16:07:19.0978935Z Collecting PyYAML<7.0,>=5.0 (from pydoc-markdown==4.8.2->-r requirements-dev.txt (line 36))
2025-08-17T16:07:19.0991381Z   Using cached PyYAML-6.0.2-cp312-cp312-manylinux_2_17_x86_64.manylinux2014_x86_64.whl.metadata (2.1 kB)
2025-08-17T16:07:19.1263092Z Collecting databind.core<5.0.0,>=4.4.0 (from pydoc-markdown==4.8.2->-r requirements-dev.txt (line 36))
2025-08-17T16:07:19.1274867Z   Using cached databind.core-4.5.2-py3-none-any.whl.metadata (1.1 kB)
2025-08-17T16:07:19.1490134Z Collecting databind.json<5.0.0,>=4.4.0 (from pydoc-markdown==4.8.2->-r requirements-dev.txt (line 36))
2025-08-17T16:07:19.1502454Z   Using cached databind.json-4.5.2-py3-none-any.whl.metadata (1.1 kB)
2025-08-17T16:07:19.1733936Z Collecting docstring-parser<0.12,>=0.11 (from pydoc-markdown==4.8.2->-r requirements-dev.txt (line 36))
2025-08-17T16:07:19.1735072Z   Using cached docstring_parser-0.11-py3-none-any.whl
2025-08-17T16:07:19.2048972Z Collecting tomli<3.0.0,>=2.0.0 (from pydoc-markdown==4.8.2->-r requirements-dev.txt (line 36))
2025-08-17T16:07:19.2061117Z   Using cached tomli-2.2.1-cp312-cp312-manylinux_2_17_x86_64.manylinux2014_x86_64.whl.metadata (11 kB)
2025-08-17T16:07:19.2167684Z Collecting tomli_w<2.0.0,>=1.0.0 (from pydoc-markdown==4.8.2->-r requirements-dev.txt (line 36))
2025-08-17T16:07:19.2178915Z   Using cached tomli_w-1.2.0-py3-none-any.whl.metadata (5.7 kB)
2025-08-17T16:07:19.2606762Z Collecting watchdog (from pydoc-markdown==4.8.2->-r requirements-dev.txt (line 36))
2025-08-17T16:07:19.2619188Z   Using cached watchdog-6.0.0-py3-none-manylinux2014_x86_64.whl.metadata (44 kB)
2025-08-17T16:07:19.2856028Z Collecting yapf>=0.30.0 (from pydoc-markdown==4.8.2->-r requirements-dev.txt (line 36))
2025-08-17T16:07:19.2867591Z   Using cached yapf-0.43.0-py3-none-any.whl.metadata (46 kB)
2025-08-17T16:07:19.3050455Z Collecting Deprecated<2.0.0,>=1.2.12 (from docspec==2.2.1->docspec-python==2.2.2->-r requirements-dev.txt (line 35))
2025-08-17T16:07:19.3062406Z   Using cached Deprecated-1.2.18-py2.py3-none-any.whl.metadata (5.7 kB)
2025-08-17T16:07:19.4590284Z Collecting psycopg-binary==3.2.9 (from psycopg[binary]==3.2.9->-r requirements-dev.txt (line 20))
2025-08-17T16:07:19.4604208Z   Using cached psycopg_binary-3.2.9-cp312-cp312-manylinux_2_17_x86_64.manylinux2014_x86_64.whl.metadata (2.9 kB)
2025-08-17T16:07:19.4882732Z Collecting anyio (from httpx<0.29,>=0.27->-r requirements-dev.txt (line 11))
2025-08-17T16:07:19.4894842Z   Using cached anyio-4.10.0-py3-none-any.whl.metadata (4.0 kB)
2025-08-17T16:07:19.5075480Z Collecting httpcore==1.* (from httpx<0.29,>=0.27->-r requirements-dev.txt (line 11))
2025-08-17T16:07:19.5087244Z   Using cached httpcore-1.0.9-py3-none-any.whl.metadata (21 kB)
2025-08-17T16:07:19.5469698Z Collecting multimethod<=1.10.0 (from pandera==0.19.*->-r requirements-dev.txt (line 37))
2025-08-17T16:07:19.5480865Z   Using cached multimethod-1.10-py3-none-any.whl.metadata (8.2 kB)
2025-08-17T16:07:19.5936668Z Collecting typeguard (from pandera==0.19.*->-r requirements-dev.txt (line 37))
2025-08-17T16:07:19.5948195Z   Using cached typeguard-4.4.4-py3-none-any.whl.metadata (3.3 kB)
2025-08-17T16:07:19.6066931Z Collecting typing-inspect>=0.6.0 (from pandera==0.19.*->-r requirements-dev.txt (line 37))
2025-08-17T16:07:19.6077660Z   Using cached typing_inspect-0.9.0-py3-none-any.whl.metadata (1.5 kB)
2025-08-17T16:07:19.6315244Z Collecting databind<5.0.0,>=4.5.2 (from databind.core<5.0.0,>=4.4.0->pydoc-markdown==4.8.2->-r requirements-dev.txt (line 36))
2025-08-17T16:07:19.6325738Z   Using cached databind-4.5.2-py3-none-any.whl.metadata (4.3 kB)
2025-08-17T16:07:19.6449872Z Collecting nr-date<3.0.0,>=2.0.0 (from databind<5.0.0,>=4.5.2->databind.core<5.0.0,>=4.4.0->pydoc-markdown==4.8.2->-r requirements-dev.txt (line 36))
2025-08-17T16:07:19.6460487Z   Using cached nr_date-2.1.0-py3-none-any.whl.metadata (746 bytes)
2025-08-17T16:07:19.6584221Z Collecting nr-stream<2.0.0,>=1.0.0 (from databind<5.0.0,>=4.5.2->databind.core<5.0.0,>=4.4.0->pydoc-markdown==4.8.2->-r requirements-dev.txt (line 36))
2025-08-17T16:07:19.6594881Z   Using cached nr_stream-1.1.5-py3-none-any.whl.metadata (3.6 kB)
2025-08-17T16:07:19.6767811Z Collecting typeapi<3,>=2.0.1 (from databind<5.0.0,>=4.5.2->databind.core<5.0.0,>=4.4.0->pydoc-markdown==4.8.2->-r requirements-dev.txt (line 36))
2025-08-17T16:07:19.6778305Z   Using cached typeapi-2.2.4-py3-none-any.whl.metadata (1.5 kB)
2025-08-17T16:07:19.7024657Z Collecting h11>=0.16 (from httpcore==1.*->httpx<0.29,>=0.27->-r requirements-dev.txt (line 11))
2025-08-17T16:07:19.7035434Z   Using cached h11-0.16.0-py3-none-any.whl.metadata (8.3 kB)
2025-08-17T16:07:19.7295841Z Collecting amqp<6.0.0,>=5.1.1 (from kombu<6.0,>=5.3.4->celery==5.4.0->-r requirements-dev.txt (line 8))
2025-08-17T16:07:19.7306854Z   Using cached amqp-5.3.1-py3-none-any.whl.metadata (8.9 kB)
2025-08-17T16:07:19.7657682Z Collecting iniconfig>=1 (from pytest<9,>=7.0.0->pytest-asyncio==0.23.6->-r requirements-dev.txt (line 23))
2025-08-17T16:07:19.7668543Z   Using cached iniconfig-2.1.0-py3-none-any.whl.metadata (2.7 kB)
2025-08-17T16:07:19.7932712Z Collecting pygments>=2.7.2 (from pytest<9,>=7.0.0->pytest-asyncio==0.23.6->-r requirements-dev.txt (line 23))
2025-08-17T16:07:19.7944577Z   Using cached pygments-2.19.2-py3-none-any.whl.metadata (2.5 kB)
2025-08-17T16:07:19.8254763Z Collecting sniffio>=1.1 (from anyio->httpx<0.29,>=0.27->-r requirements-dev.txt (line 11))
2025-08-17T16:07:19.8265719Z   Using cached sniffio-1.3.1-py3-none-any.whl.metadata (3.9 kB)
2025-08-17T16:07:20.3075597Z Collecting botocore<1.41.0,>=1.40.11 (from boto3->-r requirements-dev.txt (line 7))
2025-08-17T16:07:20.3089200Z   Using cached botocore-1.40.11-py3-none-any.whl.metadata (5.7 kB)
2025-08-17T16:07:20.3214129Z Collecting jmespath<2.0.0,>=0.7.1 (from boto3->-r requirements-dev.txt (line 7))
2025-08-17T16:07:20.3225808Z   Using cached jmespath-1.0.1-py3-none-any.whl.metadata (7.6 kB)
2025-08-17T16:07:20.3394076Z Collecting s3transfer<0.14.0,>=0.13.0 (from boto3->-r requirements-dev.txt (line 7))
2025-08-17T16:07:20.3405021Z   Using cached s3transfer-0.13.1-py3-none-any.whl.metadata (1.7 kB)
2025-08-17T16:07:20.4883979Z Collecting fastapi-cli>=0.0.8 (from fastapi-cli[standard]>=0.0.8; extra == "all"->fastapi[all]->-r requirements-dev.txt (line 10))
2025-08-17T16:07:20.4895662Z   Using cached fastapi_cli-0.0.8-py3-none-any.whl.metadata (6.3 kB)
2025-08-17T16:07:20.5667804Z Collecting ujson!=4.0.2,!=4.1.0,!=4.2.0,!=4.3.0,!=5.0.0,!=5.1.0,>=4.0.1 (from fastapi[all]->-r requirements-dev.txt (line 10))
2025-08-17T16:07:20.5680952Z   Using cached ujson-5.10.0-cp312-cp312-manylinux_2_17_x86_64.manylinux2014_x86_64.whl.metadata (9.3 kB)
2025-08-17T16:07:20.8014462Z Collecting orjson>=3.2.1 (from fastapi[all]->-r requirements-dev.txt (line 10))
2025-08-17T16:07:20.8027653Z   Using cached orjson-3.11.2-cp312-cp312-manylinux_2_17_x86_64.manylinux2014_x86_64.whl.metadata (1.2 kB)
2025-08-17T16:07:20.8155557Z Collecting email-validator>=2.0.0 (from fastapi[all]->-r requirements-dev.txt (line 10))
2025-08-17T16:07:20.8172390Z   Using cached email_validator-2.2.0-py3-none-any.whl.metadata (25 kB)
2025-08-17T16:07:20.8465504Z Collecting uvicorn>=0.12.0 (from uvicorn[standard]>=0.12.0; extra == "all"->fastapi[all]->-r requirements-dev.txt (line 10))
2025-08-17T16:07:20.8476506Z   Using cached uvicorn-0.35.0-py3-none-any.whl.metadata (6.5 kB)
2025-08-17T16:07:20.8636630Z Collecting pydantic-settings>=2.0.0 (from fastapi[all]->-r requirements-dev.txt (line 10))
2025-08-17T16:07:20.8647962Z   Using cached pydantic_settings-2.10.1-py3-none-any.whl.metadata (3.4 kB)
2025-08-17T16:07:20.8820580Z Collecting pydantic-extra-types>=2.0.0 (from fastapi[all]->-r requirements-dev.txt (line 10))
2025-08-17T16:07:20.8831367Z   Using cached pydantic_extra_types-2.10.5-py3-none-any.whl.metadata (3.9 kB)
2025-08-17T16:07:20.9464175Z Collecting prompt-toolkit>=3.0.36 (from click-repl>=0.2.0->celery==5.4.0->-r requirements-dev.txt (line 8))
2025-08-17T16:07:20.9475575Z   Using cached prompt_toolkit-3.0.51-py3-none-any.whl.metadata (6.4 kB)
2025-08-17T16:07:20.9652999Z Collecting dnspython>=2.0.0 (from email-validator>=2.0.0->fastapi[all]->-r requirements-dev.txt (line 10))
2025-08-17T16:07:20.9664327Z   Using cached dnspython-2.7.0-py3-none-any.whl.metadata (5.8 kB)
2025-08-17T16:07:20.9950034Z Collecting typer>=0.15.1 (from fastapi-cli>=0.0.8->fastapi-cli[standard]>=0.0.8; extra == "all"->fastapi[all]->-r requirements-dev.txt (line 10))
2025-08-17T16:07:20.9960731Z   Using cached typer-0.16.0-py3-none-any.whl.metadata (15 kB)
2025-08-17T16:07:21.0252975Z Collecting rich-toolkit>=0.14.8 (from fastapi-cli>=0.0.8->fastapi-cli[standard]>=0.0.8; extra == "all"->fastapi[all]->-r requirements-dev.txt (line 10))
2025-08-17T16:07:21.0263948Z   Using cached rich_toolkit-0.15.0-py3-none-any.whl.metadata (1.0 kB)
2025-08-17T16:07:21.0384381Z Collecting fastapi-cloud-cli>=0.1.1 (from fastapi-cli[standard]>=0.0.8; extra == "all"->fastapi[all]->-r requirements-dev.txt (line 10))
2025-08-17T16:07:21.0395492Z   Using cached fastapi_cloud_cli-0.1.5-py3-none-any.whl.metadata (3.2 kB)
2025-08-17T16:07:21.1117048Z Collecting rignore>=0.5.1 (from fastapi-cloud-cli>=0.1.1->fastapi-cli[standard]>=0.0.8; extra == "all"->fastapi[all]->-r requirements-dev.txt (line 10))
2025-08-17T16:07:21.1130031Z   Using cached rignore-0.6.4-cp312-cp312-manylinux_2_17_x86_64.manylinux2014_x86_64.whl.metadata (3.8 kB)
2025-08-17T16:07:21.1902671Z Collecting sentry-sdk>=2.20.0 (from fastapi-cloud-cli>=0.1.1->fastapi-cli[standard]>=0.0.8; extra == "all"->fastapi[all]->-r requirements-dev.txt (line 10))
2025-08-17T16:07:21.1914207Z   Using cached sentry_sdk-2.35.0-py2.py3-none-any.whl.metadata (10 kB)
2025-08-17T16:07:21.2896167Z Collecting psutil>=4.0.0 (from mirakuru>=2.6.0->pytest-postgresql==7.0.2->-r requirements-dev.txt (line 25))
2025-08-17T16:07:21.2909597Z   Using cached psutil-7.0.0-cp36-abi3-manylinux_2_12_x86_64.manylinux2010_x86_64.manylinux_2_17_x86_64.manylinux2014_x86_64.whl.metadata (22 kB)
2025-08-17T16:07:21.3228479Z Collecting wcwidth (from prompt-toolkit>=3.0.36->click-repl>=0.2.0->celery==5.4.0->-r requirements-dev.txt (line 8))
2025-08-17T16:07:21.3238988Z   Using cached wcwidth-0.2.13-py2.py3-none-any.whl.metadata (14 kB)
2025-08-17T16:07:21.4258348Z Collecting rich>=13.7.1 (from rich-toolkit>=0.14.8->fastapi-cli>=0.0.8->fastapi-cli[standard]>=0.0.8; extra == "all"->fastapi[all]->-r requirements-dev.txt (line 10))
2025-08-17T16:07:21.4269229Z   Using cached rich-14.1.0-py3-none-any.whl.metadata (18 kB)
2025-08-17T16:07:21.4508343Z Collecting markdown-it-py>=2.2.0 (from rich>=13.7.1->rich-toolkit>=0.14.8->fastapi-cli>=0.0.8->fastapi-cli[standard]>=0.0.8; extra == "all"->fastapi[all]->-r requirements-dev.txt (line 10))
2025-08-17T16:07:21.4519135Z   Using cached markdown_it_py-4.0.0-py3-none-any.whl.metadata (7.3 kB)
2025-08-17T16:07:21.4735963Z Collecting mdurl~=0.1 (from markdown-it-py>=2.2.0->rich>=13.7.1->rich-toolkit>=0.14.8->fastapi-cli>=0.0.8->fastapi-cli[standard]>=0.0.8; extra == "all"->fastapi[all]->-r requirements-dev.txt (line 10))
2025-08-17T16:07:21.4746293Z   Using cached mdurl-0.1.2-py3-none-any.whl.metadata (1.6 kB)
2025-08-17T16:07:21.5212400Z Collecting shellingham>=1.3.0 (from typer>=0.15.1->fastapi-cli>=0.0.8->fastapi-cli[standard]>=0.0.8; extra == "all"->fastapi[all]->-r requirements-dev.txt (line 10))
2025-08-17T16:07:21.5228138Z   Using cached shellingham-1.5.4-py2.py3-none-any.whl.metadata (3.5 kB)
2025-08-17T16:07:21.6002144Z Collecting httptools>=0.6.3 (from uvicorn[standard]>=0.12.0; extra == "all"->fastapi[all]->-r requirements-dev.txt (line 10))
2025-08-17T16:07:21.6013285Z   Using cached httptools-0.6.4-cp312-cp312-manylinux_2_5_x86_64.manylinux1_x86_64.manylinux_2_17_x86_64.manylinux2014_x86_64.whl.metadata (3.6 kB)
2025-08-17T16:07:21.6463253Z Collecting uvloop>=0.15.1 (from uvicorn[standard]>=0.12.0; extra == "all"->fastapi[all]->-r requirements-dev.txt (line 10))
2025-08-17T16:07:21.6475792Z   Using cached uvloop-0.21.0-cp312-cp312-manylinux_2_17_x86_64.manylinux2014_x86_64.whl.metadata (4.9 kB)
2025-08-17T16:07:21.7177475Z Collecting watchfiles>=0.13 (from uvicorn[standard]>=0.12.0; extra == "all"->fastapi[all]->-r requirements-dev.txt (line 10))
2025-08-17T16:07:21.7190645Z   Using cached watchfiles-1.1.0-cp312-cp312-manylinux_2_17_x86_64.manylinux2014_x86_64.whl.metadata (4.9 kB)
2025-08-17T16:07:21.8023705Z Collecting websockets>=10.4 (from uvicorn[standard]>=0.12.0; extra == "all"->fastapi[all]->-r requirements-dev.txt (line 10))
2025-08-17T16:07:21.8036838Z   Using cached websockets-15.0.1-cp312-cp312-manylinux_2_5_x86_64.manylinux1_x86_64.manylinux_2_17_x86_64.manylinux2014_x86_64.whl.metadata (6.8 kB)
2025-08-17T16:07:21.8786193Z Using cached jinja2-3.1.6-py3-none-any.whl (134 kB)
2025-08-17T16:07:21.8797975Z Using cached alembic-1.13.1-py3-none-any.whl (233 kB)
2025-08-17T16:07:21.8810522Z Using cached APScheduler-3.10.4-py3-none-any.whl (59 kB)
2025-08-17T16:07:21.8822280Z Using cached asyncpg-0.30.0-cp312-cp312-manylinux_2_17_x86_64.manylinux2014_x86_64.whl (3.6 MB)
2025-08-17T16:07:21.8860293Z Using cached black-25.1.0-cp312-cp312-manylinux_2_17_x86_64.manylinux2014_x86_64.manylinux_2_28_x86_64.whl (1.8 MB)
2025-08-17T16:07:21.8884361Z Using cached celery-5.4.0-py3-none-any.whl (425 kB)
2025-08-17T16:07:21.8897583Z Using cached fastapi-0.116.1-py3-none-any.whl (95 kB)
2025-08-17T16:07:21.8908911Z Using cached pydantic-2.11.7-py3-none-any.whl (444 kB)
2025-08-17T16:07:21.8922800Z Using cached IMAPClient-3.0.1-py2.py3-none-any.whl (182 kB)
2025-08-17T16:07:21.8934640Z Using cached mypy_extensions-1.1.0-py3-none-any.whl (5.0 kB)
2025-08-17T16:07:21.8945297Z Using cached openpyxl-3.1.5-py2.py3-none-any.whl (250 kB)
2025-08-17T16:07:21.8957785Z Using cached psycopg2_binary-2.9.9-cp312-cp312-manylinux_2_17_x86_64.manylinux2014_x86_64.whl (3.0 MB)
2025-08-17T16:07:21.8990823Z Using cached psycopg-3.2.9-py3-none-any.whl (202 kB)
2025-08-17T16:07:21.9002975Z Using cached pytest_asyncio-0.23.6-py3-none-any.whl (17 kB)
2025-08-17T16:07:21.9013588Z Using cached pytest_cov-6.2.1-py3-none-any.whl (24 kB)
2025-08-17T16:07:21.9024359Z Using cached pytest_postgresql-7.0.2-py3-none-any.whl (41 kB)
2025-08-17T16:07:21.9035425Z Using cached python_telegram_bot-22.2-py3-none-any.whl (708 kB)
2025-08-17T16:07:21.9051345Z Using cached requests-2.32.4-py3-none-any.whl (64 kB)
2025-08-17T16:07:21.9063021Z Using cached respx-0.22.0-py2.py3-none-any.whl (25 kB)
2025-08-17T16:07:21.9074436Z Using cached ruff-0.4.4-py3-none-manylinux_2_17_x86_64.manylinux2014_x86_64.whl (8.7 MB)
2025-08-17T16:07:21.9148938Z Using cached SQLAlchemy-2.0.29-cp312-cp312-manylinux_2_17_x86_64.manylinux2014_x86_64.whl (3.2 MB)
2025-08-17T16:07:21.9183201Z Using cached testcontainers-4.10.0-py3-none-any.whl (107 kB)
2025-08-17T16:07:21.9195407Z Using cached types_requests-2.32.0.20240602-py3-none-any.whl (15 kB)
2025-08-17T16:07:21.9206597Z Using cached docspec_python-2.2.2-py3-none-any.whl (15 kB)
2025-08-17T16:07:21.9217608Z Using cached pydoc_markdown-4.8.2-py3-none-any.whl (67 kB)
2025-08-17T16:07:21.9228758Z Using cached docspec-2.2.1-py3-none-any.whl (9.8 kB)
2025-08-17T16:07:21.9240284Z Using cached psycopg_binary-3.2.9-cp312-cp312-manylinux_2_17_x86_64.manylinux2014_x86_64.whl (4.4 MB)
2025-08-17T16:07:21.9284406Z Using cached pydantic_core-2.33.2-cp312-cp312-manylinux_2_17_x86_64.manylinux2014_x86_64.whl (2.0 MB)
2025-08-17T16:07:21.9309886Z Using cached httpx-0.28.1-py3-none-any.whl (73 kB)
2025-08-17T16:07:21.9322004Z Using cached mypy-1.17.1-cp312-cp312-manylinux2014_x86_64.manylinux_2_17_x86_64.manylinux_2_28_x86_64.whl (12.7 MB)
2025-08-17T16:07:21.9426226Z Using cached numpy-1.26.4-cp312-cp312-manylinux_2_17_x86_64.manylinux2014_x86_64.whl (18.0 MB)
2025-08-17T16:07:21.9565984Z Using cached pandas-2.2.3-cp312-cp312-manylinux_2_17_x86_64.manylinux2014_x86_64.whl (12.7 MB)
2025-08-17T16:07:21.9667143Z Using cached pandera-0.19.3-py3-none-any.whl (251 kB)
2025-08-17T16:07:21.9680031Z Using cached billiard-4.2.1-py3-none-any.whl (86 kB)
2025-08-17T16:07:21.9692337Z Using cached charset_normalizer-3.4.3-cp312-cp312-manylinux2014_x86_64.manylinux_2_17_x86_64.manylinux_2_28_x86_64.whl (151 kB)
2025-08-17T16:07:21.9704402Z Using cached click-8.2.1-py3-none-any.whl (102 kB)
2025-08-17T16:07:21.9716304Z Using cached databind.core-4.5.2-py3-none-any.whl (1.5 kB)
2025-08-17T16:07:21.9727428Z Using cached databind-4.5.2-py3-none-any.whl (49 kB)
2025-08-17T16:07:21.9738777Z Using cached databind.json-4.5.2-py3-none-any.whl (1.5 kB)
2025-08-17T16:07:21.9749928Z Using cached Deprecated-1.2.18-py2.py3-none-any.whl (10.0 kB)
2025-08-17T16:07:21.9761095Z Using cached httpcore-1.0.9-py3-none-any.whl (78 kB)
2025-08-17T16:07:21.9772945Z Using cached idna-3.10-py3-none-any.whl (70 kB)
2025-08-17T16:07:21.9784522Z Using cached kombu-5.5.4-py3-none-any.whl (210 kB)
2025-08-17T16:07:21.9796836Z Using cached vine-5.1.0-py3-none-any.whl (9.6 kB)
2025-08-17T16:07:21.9807910Z Using cached amqp-5.3.1-py3-none-any.whl (50 kB)
2025-08-17T16:07:21.9819176Z Using cached multimethod-1.10-py3-none-any.whl (9.9 kB)
2025-08-17T16:07:21.9830149Z Using cached nr_date-2.1.0-py3-none-any.whl (10 kB)
2025-08-17T16:07:21.9841318Z Using cached nr_stream-1.1.5-py3-none-any.whl (10 kB)
2025-08-17T16:07:21.9852569Z Using cached nr.util-0.8.12-py3-none-any.whl (90 kB)
2025-08-17T16:07:21.9864303Z Using cached pytest-8.4.1-py3-none-any.whl (365 kB)
2025-08-17T16:07:21.9877992Z Using cached pluggy-1.6.0-py3-none-any.whl (20 kB)
2025-08-17T16:07:21.9889605Z Using cached PyYAML-6.0.2-cp312-cp312-manylinux_2_17_x86_64.manylinux2014_x86_64.whl (767 kB)
2025-08-17T16:07:21.9907120Z Using cached starlette-0.47.2-py3-none-any.whl (72 kB)
2025-08-17T16:07:21.9918633Z Using cached anyio-4.10.0-py3-none-any.whl (107 kB)
2025-08-17T16:07:21.9930821Z Using cached tomli-2.2.1-cp312-cp312-manylinux_2_17_x86_64.manylinux2014_x86_64.whl (242 kB)
2025-08-17T16:07:21.9943598Z Using cached tomli_w-1.2.0-py3-none-any.whl (6.7 kB)
2025-08-17T16:07:21.9954868Z Using cached typeapi-2.2.4-py3-none-any.whl (26 kB)
2025-08-17T16:07:21.9966200Z Using cached typing_extensions-4.14.1-py3-none-any.whl (43 kB)
2025-08-17T16:07:21.9977594Z Using cached urllib3-2.5.0-py3-none-any.whl (129 kB)
2025-08-17T16:07:21.9989872Z Using cached wrapt-1.17.3-cp312-cp312-manylinux1_x86_64.manylinux_2_28_x86_64.manylinux_2_5_x86_64.whl (88 kB)
2025-08-17T16:07:22.0001343Z Using cached boto3-1.40.11-py3-none-any.whl (140 kB)
2025-08-17T16:07:22.0013699Z Using cached botocore-1.40.11-py3-none-any.whl (14.0 MB)
2025-08-17T16:07:22.0124701Z Using cached jmespath-1.0.1-py3-none-any.whl (20 kB)
2025-08-17T16:07:22.0136496Z Using cached python_dateutil-2.9.0.post0-py2.py3-none-any.whl (229 kB)
2025-08-17T16:07:22.0149145Z Using cached s3transfer-0.13.1-py3-none-any.whl (85 kB)
2025-08-17T16:07:22.0160854Z Using cached itsdangerous-2.2.0-py3-none-any.whl (16 kB)
2025-08-17T16:07:22.0172506Z Using cached setuptools-80.9.0-py3-none-any.whl (1.2 MB)
2025-08-17T16:07:22.0192474Z Using cached python_dotenv-1.1.1-py3-none-any.whl (20 kB)
2025-08-17T16:07:22.0203938Z Using cached python_multipart-0.0.20-py3-none-any.whl (24 kB)
2025-08-17T16:07:22.0215189Z Using cached annotated_types-0.7.0-py3-none-any.whl (13 kB)
2025-08-17T16:07:22.0227856Z Using cached certifi-2025.8.3-py3-none-any.whl (161 kB)
2025-08-17T16:07:22.0240180Z Using cached click_didyoumean-0.3.1-py3-none-any.whl (3.6 kB)
2025-08-17T16:07:22.0251476Z Using cached click_plugins-1.1.1.2-py2.py3-none-any.whl (11 kB)
2025-08-17T16:07:22.0262386Z Using cached click_repl-0.3.0-py3-none-any.whl (10 kB)
2025-08-17T16:07:22.0274485Z Using cached coverage-7.10.4-cp312-cp312-manylinux1_x86_64.manylinux_2_28_x86_64.manylinux_2_5_x86_64.whl (251 kB)
2025-08-17T16:07:22.0286876Z Using cached email_validator-2.2.0-py3-none-any.whl (33 kB)
2025-08-17T16:07:22.0298368Z Using cached dnspython-2.7.0-py3-none-any.whl (313 kB)
2025-08-17T16:07:22.0312225Z Using cached fastapi_cli-0.0.8-py3-none-any.whl (10 kB)
2025-08-17T16:07:22.0323600Z Using cached fastapi_cloud_cli-0.1.5-py3-none-any.whl (18 kB)
2025-08-17T16:07:22.0335402Z Using cached greenlet-3.2.4-cp312-cp312-manylinux_2_24_x86_64.manylinux_2_28_x86_64.whl (607 kB)
2025-08-17T16:07:22.0350709Z Using cached h11-0.16.0-py3-none-any.whl (37 kB)
2025-08-17T16:07:22.0362493Z Using cached iniconfig-2.1.0-py3-none-any.whl (6.0 kB)
2025-08-17T16:07:22.0374091Z Using cached MarkupSafe-3.0.2-cp312-cp312-manylinux_2_17_x86_64.manylinux2014_x86_64.whl (23 kB)
2025-08-17T16:07:22.0385390Z Using cached mirakuru-2.6.1-py3-none-any.whl (26 kB)
2025-08-17T16:07:22.0397463Z Using cached orjson-3.11.2-cp312-cp312-manylinux_2_17_x86_64.manylinux2014_x86_64.whl (121 kB)
2025-08-17T16:07:22.0409316Z Using cached packaging-25.0-py3-none-any.whl (66 kB)
2025-08-17T16:07:22.0420966Z Using cached pathspec-0.12.1-py3-none-any.whl (31 kB)
2025-08-17T16:07:22.0432509Z Using cached platformdirs-4.3.8-py3-none-any.whl (18 kB)
2025-08-17T16:07:22.0443745Z Using cached port_for-0.7.4-py3-none-any.whl (21 kB)
2025-08-17T16:07:22.0455162Z Using cached prompt_toolkit-3.0.51-py3-none-any.whl (387 kB)
2025-08-17T16:07:22.0469837Z Using cached psutil-7.0.0-cp36-abi3-manylinux_2_12_x86_64.manylinux2010_x86_64.manylinux_2_17_x86_64.manylinux2014_x86_64.whl (277 kB)
2025-08-17T16:07:22.0482718Z Using cached pydantic_extra_types-2.10.5-py3-none-any.whl (38 kB)
2025-08-17T16:07:22.0494359Z Using cached pydantic_settings-2.10.1-py3-none-any.whl (45 kB)
2025-08-17T16:07:22.0505875Z Using cached pygments-2.19.2-py3-none-any.whl (1.2 MB)
2025-08-17T16:07:22.0525866Z Using cached pytz-2025.2-py2.py3-none-any.whl (509 kB)
2025-08-17T16:07:22.0540437Z Using cached rich_toolkit-0.15.0-py3-none-any.whl (29 kB)
2025-08-17T16:07:22.0552225Z Using cached rich-14.1.0-py3-none-any.whl (243 kB)
2025-08-17T16:07:22.0565297Z Using cached markdown_it_py-4.0.0-py3-none-any.whl (87 kB)
2025-08-17T16:07:22.0577128Z Using cached mdurl-0.1.2-py3-none-any.whl (10.0 kB)
2025-08-17T16:07:22.0588769Z Using cached rignore-0.6.4-cp312-cp312-manylinux_2_17_x86_64.manylinux2014_x86_64.whl (949 kB)
2025-08-17T16:07:22.0606900Z Using cached sentry_sdk-2.35.0-py2.py3-none-any.whl (363 kB)
2025-08-17T16:07:22.0620406Z Using cached six-1.17.0-py2.py3-none-any.whl (11 kB)
2025-08-17T16:07:22.0631645Z Using cached sniffio-1.3.1-py3-none-any.whl (10 kB)
2025-08-17T16:07:22.0643029Z Using cached typer-0.16.0-py3-none-any.whl (46 kB)
2025-08-17T16:07:22.0654350Z Using cached shellingham-1.5.4-py2.py3-none-any.whl (9.8 kB)
2025-08-17T16:07:22.0665372Z Using cached typing_inspect-0.9.0-py3-none-any.whl (8.8 kB)
2025-08-17T16:07:22.0676618Z Using cached typing_inspection-0.4.1-py3-none-any.whl (14 kB)
2025-08-17T16:07:22.0687873Z Using cached tzdata-2025.2-py2.py3-none-any.whl (347 kB)
2025-08-17T16:07:22.0701386Z Using cached tzlocal-5.3.1-py3-none-any.whl (18 kB)
2025-08-17T16:07:22.0713118Z Using cached ujson-5.10.0-cp312-cp312-manylinux_2_17_x86_64.manylinux2014_x86_64.whl (53 kB)
2025-08-17T16:07:22.0724423Z Using cached uvicorn-0.35.0-py3-none-any.whl (66 kB)
2025-08-17T16:07:22.0736750Z Using cached httptools-0.6.4-cp312-cp312-manylinux_2_5_x86_64.manylinux1_x86_64.manylinux_2_17_x86_64.manylinux2014_x86_64.whl (510 kB)
2025-08-17T16:07:22.0751556Z Using cached uvloop-0.21.0-cp312-cp312-manylinux_2_17_x86_64.manylinux2014_x86_64.whl (4.7 MB)
2025-08-17T16:07:22.0797058Z Using cached watchfiles-1.1.0-cp312-cp312-manylinux_2_17_x86_64.manylinux2014_x86_64.whl (452 kB)
2025-08-17T16:07:22.0812078Z Using cached websockets-15.0.1-cp312-cp312-manylinux_2_5_x86_64.manylinux1_x86_64.manylinux_2_17_x86_64.manylinux2014_x86_64.whl (182 kB)
2025-08-17T16:07:22.0824012Z Using cached yapf-0.43.0-py3-none-any.whl (256 kB)
2025-08-17T16:07:22.0837150Z Using cached docker-7.1.0-py3-none-any.whl (147 kB)
2025-08-17T16:07:22.0849115Z Using cached et_xmlfile-2.0.0-py3-none-any.whl (18 kB)
2025-08-17T16:07:22.0860343Z Using cached mako-1.3.10-py3-none-any.whl (78 kB)
2025-08-17T16:07:22.0872182Z Using cached typeguard-4.4.4-py3-none-any.whl (34 kB)
2025-08-17T16:07:22.0883598Z Using cached watchdog-6.0.0-py3-none-manylinux2014_x86_64.whl (79 kB)
2025-08-17T16:07:22.0895280Z Using cached wcwidth-0.2.13-py2.py3-none-any.whl (34 kB)
2025-08-17T16:07:22.5297374Z Installing collected packages: wcwidth, pytz, wrapt, websockets, watchdog, vine, uvloop, urllib3, ujson, tzlocal, tzdata, typing-extensions, tomli_w, tomli, sniffio, six, shellingham, setuptools, ruff, rignore, PyYAML, python-multipart, python-dotenv, pygments, psycopg2-binary, psycopg-binary, psutil, prompt-toolkit, port-for, pluggy, platformdirs, pathspec, packaging, orjson, numpy, nr-stream, nr-date, mypy-extensions, multimethod, mdurl, MarkupSafe, jmespath, itsdangerous, iniconfig, imapclient, idna, httptools, h11, greenlet, et-xmlfile, docstring-parser, dnspython, coverage, click, charset_normalizer, certifi, billiard, asyncpg, annotated-types, yapf, uvicorn, typing-inspection, typing-inspect, types-requests, typeguard, typeapi, sqlalchemy, sentry-sdk, requests, python-dateutil, pytest, pydantic-core, psycopg, openpyxl, mypy, mirakuru, markdown-it-py, Mako, Jinja2, httpcore, email-validator, Deprecated, click-repl, click-plugins, click-didyoumean, black, apscheduler, anyio, amqp, watchfiles, starlette, rich, pytest-postgresql, pytest-cov, pytest-asyncio, pydantic, pandas, nr-util, kombu, httpx, docker, databind, botocore, alembic, typer, testcontainers, s3transfer, rich-toolkit, respx, python-telegram-bot, pydantic-settings, pydantic-extra-types, pandera, fastapi, databind.json, databind.core, celery, fastapi-cloud-cli, fastapi-cli, docspec, boto3, docspec-python, pydoc-markdown
2025-08-17T16:07:41.1439310Z 
2025-08-17T16:07:41.1548632Z Successfully installed Deprecated-1.2.18 Jinja2-3.1.6 Mako-1.3.10 MarkupSafe-3.0.2 PyYAML-6.0.2 alembic-1.13.1 amqp-5.3.1 annotated-types-0.7.0 anyio-4.10.0 apscheduler-3.10.4 asyncpg-0.30.0 billiard-4.2.1 black-25.1.0 boto3-1.40.11 botocore-1.40.11 celery-5.4.0 certifi-2025.8.3 charset_normalizer-3.4.3 click-8.2.1 click-didyoumean-0.3.1 click-plugins-1.1.1.2 click-repl-0.3.0 coverage-7.10.4 databind-4.5.2 databind.core-4.5.2 databind.json-4.5.2 dnspython-2.7.0 docker-7.1.0 docspec-2.2.1 docspec-python-2.2.2 docstring-parser-0.11 email-validator-2.2.0 et-xmlfile-2.0.0 fastapi-0.116.1 fastapi-cli-0.0.8 fastapi-cloud-cli-0.1.5 greenlet-3.2.4 h11-0.16.0 httpcore-1.0.9 httptools-0.6.4 httpx-0.28.1 idna-3.10 imapclient-3.0.1 iniconfig-2.1.0 itsdangerous-2.2.0 jmespath-1.0.1 kombu-5.5.4 markdown-it-py-4.0.0 mdurl-0.1.2 mirakuru-2.6.1 multimethod-1.10 mypy-1.17.1 mypy-extensions-1.1.0 nr-date-2.1.0 nr-stream-1.1.5 nr-util-0.8.12 numpy-1.26.4 openpyxl-3.1.5 orjson-3.11.2 packaging-25.0 pandas-2.2.3 pandera-0.19.3 pathspec-0.12.1 platformdirs-4.3.8 pluggy-1.6.0 port-for-0.7.4 prompt-toolkit-3.0.51 psutil-7.0.0 psycopg-3.2.9 psycopg-binary-3.2.9 psycopg2-binary-2.9.9 pydantic-2.11.7 pydantic-core-2.33.2 pydantic-extra-types-2.10.5 pydantic-settings-2.10.1 pydoc-markdown-4.8.2 pygments-2.19.2 pytest-8.4.1 pytest-asyncio-0.23.6 pytest-cov-6.2.1 pytest-postgresql-7.0.2 python-dateutil-2.9.0.post0 python-dotenv-1.1.1 python-multipart-0.0.20 python-telegram-bot-22.2 pytz-2025.2 requests-2.32.4 respx-0.22.0 rich-14.1.0 rich-toolkit-0.15.0 rignore-0.6.4 ruff-0.4.4 s3transfer-0.13.1 sentry-sdk-2.35.0 setuptools-80.9.0 shellingham-1.5.4 six-1.17.0 sniffio-1.3.1 sqlalchemy-2.0.29 starlette-0.47.2 testcontainers-4.10.0 tomli-2.2.1 tomli_w-1.2.0 typeapi-2.2.4 typeguard-4.4.4 typer-0.16.0 types-requests-2.32.0.20240602 typing-extensions-4.14.1 typing-inspect-0.9.0 typing-inspection-0.4.1 tzdata-2025.2 tzlocal-5.3.1 ujson-5.10.0 urllib3-2.5.0 uvicorn-0.35.0 uvloop-0.21.0 vine-5.1.0 watchdog-6.0.0 watchfiles-1.1.0 wcwidth-0.2.13 websockets-15.0.1 wrapt-1.17.3 yapf-0.43.0
2025-08-17T16:07:42.3536820Z Collecting keepa==1.3.15
2025-08-17T16:07:42.3550632Z   Using cached keepa-1.3.15-py3-none-any.whl.metadata (11 kB)
2025-08-17T16:07:42.3832356Z Collecting minio==7.1.15
2025-08-17T16:07:42.3844845Z   Using cached minio-7.1.15-py3-none-any.whl.metadata (4.2 kB)
2025-08-17T16:07:42.3868143Z Requirement already satisfied: numpy>=1.9.3 in /opt/hostedtoolcache/Python/3.12.11/x64/lib/python3.12/site-packages (from keepa==1.3.15) (1.26.4)
2025-08-17T16:07:42.3874287Z Requirement already satisfied: requests>=2.2 in /opt/hostedtoolcache/Python/3.12.11/x64/lib/python3.12/site-packages (from keepa==1.3.15) (2.32.4)
2025-08-17T16:07:42.4204336Z Collecting tqdm (from keepa==1.3.15)
2025-08-17T16:07:42.4217774Z   Using cached tqdm-4.67.1-py3-none-any.whl.metadata (57 kB)
2025-08-17T16:07:42.8968730Z Collecting aiohttp (from keepa==1.3.15)
2025-08-17T16:07:42.8982679Z   Using cached aiohttp-3.12.15-cp312-cp312-manylinux_2_17_x86_64.manylinux2014_x86_64.whl.metadata (7.7 kB)
2025-08-17T16:07:42.9017377Z Requirement already satisfied: pandas<=3.0 in /opt/hostedtoolcache/Python/3.12.11/x64/lib/python3.12/site-packages (from keepa==1.3.15) (2.2.3)
2025-08-17T16:07:42.9021571Z Requirement already satisfied: pydantic in /opt/hostedtoolcache/Python/3.12.11/x64/lib/python3.12/site-packages (from keepa==1.3.15) (2.11.7)
2025-08-17T16:07:42.9029917Z Requirement already satisfied: certifi in /opt/hostedtoolcache/Python/3.12.11/x64/lib/python3.12/site-packages (from minio==7.1.15) (2025.8.3)
2025-08-17T16:07:42.9033926Z Requirement already satisfied: urllib3 in /opt/hostedtoolcache/Python/3.12.11/x64/lib/python3.12/site-packages (from minio==7.1.15) (2.5.0)
2025-08-17T16:07:42.9086951Z Requirement already satisfied: python-dateutil>=2.8.2 in /opt/hostedtoolcache/Python/3.12.11/x64/lib/python3.12/site-packages (from pandas<=3.0->keepa==1.3.15) (2.9.0.post0)
2025-08-17T16:07:42.9092418Z Requirement already satisfied: pytz>=2020.1 in /opt/hostedtoolcache/Python/3.12.11/x64/lib/python3.12/site-packages (from pandas<=3.0->keepa==1.3.15) (2025.2)
2025-08-17T16:07:42.9098101Z Requirement already satisfied: tzdata>=2022.7 in /opt/hostedtoolcache/Python/3.12.11/x64/lib/python3.12/site-packages (from pandas<=3.0->keepa==1.3.15) (2025.2)
2025-08-17T16:07:42.9227989Z Requirement already satisfied: six>=1.5 in /opt/hostedtoolcache/Python/3.12.11/x64/lib/python3.12/site-packages (from python-dateutil>=2.8.2->pandas<=3.0->keepa==1.3.15) (1.17.0)
2025-08-17T16:07:42.9247740Z Requirement already satisfied: charset_normalizer<4,>=2 in /opt/hostedtoolcache/Python/3.12.11/x64/lib/python3.12/site-packages (from requests>=2.2->keepa==1.3.15) (3.4.3)
2025-08-17T16:07:42.9254810Z Requirement already satisfied: idna<4,>=2.5 in /opt/hostedtoolcache/Python/3.12.11/x64/lib/python3.12/site-packages (from requests>=2.2->keepa==1.3.15) (3.10)
2025-08-17T16:07:42.9454035Z Collecting aiohappyeyeballs>=2.5.0 (from aiohttp->keepa==1.3.15)
2025-08-17T16:07:42.9465868Z   Using cached aiohappyeyeballs-2.6.1-py3-none-any.whl.metadata (5.9 kB)
2025-08-17T16:07:42.9568909Z Collecting aiosignal>=1.4.0 (from aiohttp->keepa==1.3.15)
2025-08-17T16:07:42.9579905Z   Using cached aiosignal-1.4.0-py3-none-any.whl.metadata (3.7 kB)
2025-08-17T16:07:42.9728002Z Collecting attrs>=17.3.0 (from aiohttp->keepa==1.3.15)
2025-08-17T16:07:42.9738954Z   Using cached attrs-25.3.0-py3-none-any.whl.metadata (10 kB)
2025-08-17T16:07:43.0393459Z Collecting frozenlist>=1.1.1 (from aiohttp->keepa==1.3.15)
2025-08-17T16:07:43.0407754Z   Using cached frozenlist-1.7.0-cp312-cp312-manylinux_2_5_x86_64.manylinux1_x86_64.manylinux_2_17_x86_64.manylinux2014_x86_64.whl.metadata (18 kB)
2025-08-17T16:07:43.2890951Z Collecting multidict<7.0,>=4.5 (from aiohttp->keepa==1.3.15)
2025-08-17T16:07:43.2904337Z   Using cached multidict-6.6.4-cp312-cp312-manylinux2014_x86_64.manylinux_2_17_x86_64.manylinux_2_28_x86_64.whl.metadata (5.3 kB)
2025-08-17T16:07:43.3326939Z Collecting propcache>=0.2.0 (from aiohttp->keepa==1.3.15)
2025-08-17T16:07:43.3338289Z   Using cached propcache-0.3.2-cp312-cp312-manylinux_2_17_x86_64.manylinux2014_x86_64.whl.metadata (12 kB)
2025-08-17T16:07:43.5669032Z Collecting yarl<2.0,>=1.17.0 (from aiohttp->keepa==1.3.15)
2025-08-17T16:07:43.5682478Z   Using cached yarl-1.20.1-cp312-cp312-manylinux_2_17_x86_64.manylinux2014_x86_64.whl.metadata (73 kB)
2025-08-17T16:07:43.5894625Z Requirement already satisfied: typing-extensions>=4.2 in /opt/hostedtoolcache/Python/3.12.11/x64/lib/python3.12/site-packages (from aiosignal>=1.4.0->aiohttp->keepa==1.3.15) (4.14.1)
2025-08-17T16:07:43.5942277Z Requirement already satisfied: annotated-types>=0.6.0 in /opt/hostedtoolcache/Python/3.12.11/x64/lib/python3.12/site-packages (from pydantic->keepa==1.3.15) (0.7.0)
2025-08-17T16:07:43.5947444Z Requirement already satisfied: pydantic-core==2.33.2 in /opt/hostedtoolcache/Python/3.12.11/x64/lib/python3.12/site-packages (from pydantic->keepa==1.3.15) (2.33.2)
2025-08-17T16:07:43.5953797Z Requirement already satisfied: typing-inspection>=0.4.0 in /opt/hostedtoolcache/Python/3.12.11/x64/lib/python3.12/site-packages (from pydantic->keepa==1.3.15) (0.4.1)
2025-08-17T16:07:43.6012236Z Using cached keepa-1.3.15-py3-none-any.whl (38 kB)
2025-08-17T16:07:43.6023382Z Using cached minio-7.1.15-py3-none-any.whl (77 kB)
2025-08-17T16:07:43.6034884Z Using cached aiohttp-3.12.15-cp312-cp312-manylinux_2_17_x86_64.manylinux2014_x86_64.whl (1.7 MB)
2025-08-17T16:07:43.6059488Z Using cached multidict-6.6.4-cp312-cp312-manylinux2014_x86_64.manylinux_2_17_x86_64.manylinux_2_28_x86_64.whl (256 kB)
2025-08-17T16:07:43.6072535Z Using cached yarl-1.20.1-cp312-cp312-manylinux_2_17_x86_64.manylinux2014_x86_64.whl (355 kB)
2025-08-17T16:07:43.6085694Z Using cached aiohappyeyeballs-2.6.1-py3-none-any.whl (15 kB)
2025-08-17T16:07:43.6096379Z Using cached aiosignal-1.4.0-py3-none-any.whl (7.5 kB)
2025-08-17T16:07:43.6107048Z Using cached attrs-25.3.0-py3-none-any.whl (63 kB)
2025-08-17T16:07:43.6118654Z Using cached frozenlist-1.7.0-cp312-cp312-manylinux_2_5_x86_64.manylinux1_x86_64.manylinux_2_17_x86_64.manylinux2014_x86_64.whl (241 kB)
2025-08-17T16:07:43.6131254Z Using cached propcache-0.3.2-cp312-cp312-manylinux_2_17_x86_64.manylinux2014_x86_64.whl (224 kB)
2025-08-17T16:07:43.6143487Z Using cached tqdm-4.67.1-py3-none-any.whl (78 kB)
2025-08-17T16:07:43.7984576Z Installing collected packages: tqdm, propcache, multidict, minio, frozenlist, attrs, aiohappyeyeballs, yarl, aiosignal, aiohttp, keepa
2025-08-17T16:07:44.2282411Z 
2025-08-17T16:07:44.2389784Z Successfully installed aiohappyeyeballs-2.6.1 aiohttp-3.12.15 aiosignal-1.4.0 attrs-25.3.0 frozenlist-1.7.0 keepa-1.3.15 minio-7.1.15 multidict-6.6.4 propcache-0.3.2 tqdm-4.67.1 yarl-1.20.1
2025-08-17T16:07:44.4198344Z ##[group]Run ruff check .
2025-08-17T16:07:44.4198628Z [36;1mruff check .[0m
2025-08-17T16:07:44.4198841Z [36;1mruff format --check .[0m
2025-08-17T16:07:44.4238960Z shell: /usr/bin/bash -e {0}
2025-08-17T16:07:44.4239195Z env:
2025-08-17T16:07:44.4239369Z   PG_USER: postgres
2025-08-17T16:07:44.4239574Z   PG_PASSWORD: pass
2025-08-17T16:07:44.4239766Z   PG_DATABASE: awa
2025-08-17T16:07:44.4239955Z   PG_HOST: localhost
2025-08-17T16:07:44.4240145Z   PG_PORT: 5432
2025-08-17T16:07:44.4240579Z   PG_SYNC_DSN: ***localhost:5432/awa
2025-08-17T16:07:44.4240978Z   PG_ASYNC_DSN: ***localhost:5432/awa
2025-08-17T16:07:44.4241360Z   DATABASE_URL: ***localhost:5432/awa
2025-08-17T16:07:44.4241597Z   DATA_DIR: /tmp/awa-data
2025-08-17T16:07:44.4241980Z   ENABLE_LIVE: 0
2025-08-17T16:07:44.4242163Z   TESTING: 1
2025-08-17T16:07:44.4242417Z   pythonLocation: /opt/hostedtoolcache/Python/3.12.11/x64
2025-08-17T16:07:44.4242861Z   PKG_CONFIG_PATH: /opt/hostedtoolcache/Python/3.12.11/x64/lib/pkgconfig
2025-08-17T16:07:44.4243258Z   Python_ROOT_DIR: /opt/hostedtoolcache/Python/3.12.11/x64
2025-08-17T16:07:44.4243606Z   Python2_ROOT_DIR: /opt/hostedtoolcache/Python/3.12.11/x64
2025-08-17T16:07:44.4243984Z   Python3_ROOT_DIR: /opt/hostedtoolcache/Python/3.12.11/x64
2025-08-17T16:07:44.4244346Z   LD_LIBRARY_PATH: /opt/hostedtoolcache/Python/3.12.11/x64/lib
2025-08-17T16:07:44.4244639Z ##[endgroup]
2025-08-17T16:07:44.4477858Z All checks passed!
2025-08-17T16:07:44.4658441Z 199 files already formatted
2025-08-17T16:07:44.4693142Z ##[group]Run for i in {1..30}; do pg_isready -h "$PG_HOST" -p "$PG_PORT" -U "$PG_USER" -d "$PG_DATABASE" && break; sleep 1; done
2025-08-17T16:07:44.4693799Z [36;1mfor i in {1..30}; do pg_isready -h "$PG_HOST" -p "$PG_PORT" -U "$PG_USER" -d "$PG_DATABASE" && break; sleep 1; done[0m
2025-08-17T16:07:44.4733669Z shell: /usr/bin/bash -e {0}
2025-08-17T16:07:44.4733897Z env:
2025-08-17T16:07:44.4734073Z   PG_USER: postgres
2025-08-17T16:07:44.4734459Z   PG_PASSWORD: pass
2025-08-17T16:07:44.4734642Z   PG_DATABASE: awa
2025-08-17T16:07:44.4734830Z   PG_HOST: localhost
2025-08-17T16:07:44.4735019Z   PG_PORT: 5432
2025-08-17T16:07:44.4735455Z   PG_SYNC_DSN: ***localhost:5432/awa
2025-08-17T16:07:44.4735851Z   PG_ASYNC_DSN: ***localhost:5432/awa
2025-08-17T16:07:44.4736245Z   DATABASE_URL: ***localhost:5432/awa
2025-08-17T16:07:44.4736476Z   DATA_DIR: /tmp/awa-data
2025-08-17T16:07:44.4736681Z   ENABLE_LIVE: 0
2025-08-17T16:07:44.4736856Z   TESTING: 1
2025-08-17T16:07:44.4737121Z   pythonLocation: /opt/hostedtoolcache/Python/3.12.11/x64
2025-08-17T16:07:44.4737517Z   PKG_CONFIG_PATH: /opt/hostedtoolcache/Python/3.12.11/x64/lib/pkgconfig
2025-08-17T16:07:44.4737914Z   Python_ROOT_DIR: /opt/hostedtoolcache/Python/3.12.11/x64
2025-08-17T16:07:44.4738268Z   Python2_ROOT_DIR: /opt/hostedtoolcache/Python/3.12.11/x64
2025-08-17T16:07:44.4738616Z   Python3_ROOT_DIR: /opt/hostedtoolcache/Python/3.12.11/x64
2025-08-17T16:07:44.4738960Z   LD_LIBRARY_PATH: /opt/hostedtoolcache/Python/3.12.11/x64/lib
2025-08-17T16:07:44.4739262Z ##[endgroup]
2025-08-17T16:07:44.5712241Z localhost:5432 - accepting connections
2025-08-17T16:07:44.5754658Z ##[group]Run psql -h "$PG_HOST" -p "$PG_PORT" -U "$PG_USER" -d "$PG_DATABASE" -c "SELECT 1"
2025-08-17T16:07:44.5755191Z [36;1mpsql -h "$PG_HOST" -p "$PG_PORT" -U "$PG_USER" -d "$PG_DATABASE" -c "SELECT 1"[0m
2025-08-17T16:07:44.5793372Z shell: /usr/bin/bash -e {0}
2025-08-17T16:07:44.5793600Z env:
2025-08-17T16:07:44.5793775Z   PG_USER: postgres
2025-08-17T16:07:44.5793973Z   PG_PASSWORD: pass
2025-08-17T16:07:44.5794164Z   PG_DATABASE: awa
2025-08-17T16:07:44.5794353Z   PG_HOST: localhost
2025-08-17T16:07:44.5794546Z   PG_PORT: 5432
2025-08-17T16:07:44.5794998Z   PG_SYNC_DSN: ***localhost:5432/awa
2025-08-17T16:07:44.5795398Z   PG_ASYNC_DSN: ***localhost:5432/awa
2025-08-17T16:07:44.5795783Z   DATABASE_URL: ***localhost:5432/awa
2025-08-17T16:07:44.5796013Z   DATA_DIR: /tmp/awa-data
2025-08-17T16:07:44.5796216Z   ENABLE_LIVE: 0
2025-08-17T16:07:44.5796409Z   TESTING: 1
2025-08-17T16:07:44.5796638Z   pythonLocation: /opt/hostedtoolcache/Python/3.12.11/x64
2025-08-17T16:07:44.5797077Z   PKG_CONFIG_PATH: /opt/hostedtoolcache/Python/3.12.11/x64/lib/pkgconfig
2025-08-17T16:07:44.5797456Z   Python_ROOT_DIR: /opt/hostedtoolcache/Python/3.12.11/x64
2025-08-17T16:07:44.5797803Z   Python2_ROOT_DIR: /opt/hostedtoolcache/Python/3.12.11/x64
2025-08-17T16:07:44.5798148Z   Python3_ROOT_DIR: /opt/hostedtoolcache/Python/3.12.11/x64
2025-08-17T16:07:44.5798503Z   LD_LIBRARY_PATH: /opt/hostedtoolcache/Python/3.12.11/x64/lib
2025-08-17T16:07:44.5798798Z   PGPASSWORD: pass
2025-08-17T16:07:44.5798988Z ##[endgroup]
2025-08-17T16:07:44.7297955Z  ?column? 
2025-08-17T16:07:44.7299696Z ----------
2025-08-17T16:07:44.7299981Z         1
2025-08-17T16:07:44.7300237Z (1 row)
2025-08-17T16:07:44.7300396Z 
2025-08-17T16:07:44.7333855Z ##[group]Run alembic -c services/api/alembic.ini upgrade head
2025-08-17T16:07:44.7334283Z [36;1malembic -c services/api/alembic.ini upgrade head[0m
2025-08-17T16:07:44.7374391Z shell: /usr/bin/bash -e {0}
2025-08-17T16:07:44.7374606Z env:
2025-08-17T16:07:44.7374780Z   PG_USER: postgres
2025-08-17T16:07:44.7374974Z   PG_PASSWORD: pass
2025-08-17T16:07:44.7375161Z   PG_DATABASE: awa
2025-08-17T16:07:44.7375344Z   PG_HOST: localhost
2025-08-17T16:07:44.7375530Z   PG_PORT: 5432
2025-08-17T16:07:44.7375956Z   PG_SYNC_DSN: ***localhost:5432/awa
2025-08-17T16:07:44.7376346Z   PG_ASYNC_DSN: ***localhost:5432/awa
2025-08-17T16:07:44.7376736Z   DATABASE_URL: ***localhost:5432/awa
2025-08-17T16:07:44.7376971Z   DATA_DIR: /tmp/awa-data
2025-08-17T16:07:44.7377172Z   ENABLE_LIVE: 0
2025-08-17T16:07:44.7377341Z   TESTING: 1
2025-08-17T16:07:44.7377575Z   pythonLocation: /opt/hostedtoolcache/Python/3.12.11/x64
2025-08-17T16:07:44.7377993Z   PKG_CONFIG_PATH: /opt/hostedtoolcache/Python/3.12.11/x64/lib/pkgconfig
2025-08-17T16:07:44.7378370Z   Python_ROOT_DIR: /opt/hostedtoolcache/Python/3.12.11/x64
2025-08-17T16:07:44.7378715Z   Python2_ROOT_DIR: /opt/hostedtoolcache/Python/3.12.11/x64
2025-08-17T16:07:44.7379243Z   Python3_ROOT_DIR: /opt/hostedtoolcache/Python/3.12.11/x64
2025-08-17T16:07:44.7379585Z   LD_LIBRARY_PATH: /opt/hostedtoolcache/Python/3.12.11/x64/lib
2025-08-17T16:07:44.7379866Z ##[endgroup]
2025-08-17T16:07:45.7976379Z INFO  [alembic.runtime.migration] Context impl PostgresqlImpl.
2025-08-17T16:07:45.7977098Z INFO  [alembic.runtime.migration] Will assume transactional DDL.
2025-08-17T16:07:45.8130439Z INFO  [alembic.runtime.migration] Running upgrade  -> 0001_baseline
2025-08-17T16:07:45.8285060Z INFO  [alembic.runtime.migration] Running upgrade 0001_baseline -> 0002_create_roi_view
2025-08-17T16:07:45.8311096Z INFO  [alembic.runtime.migration] Running upgrade 0002_create_roi_view -> 3e9d5c5aff2c
2025-08-17T16:07:45.8474569Z INFO  [alembic.runtime.migration] Running upgrade 3e9d5c5aff2c -> 0003_vendor_prices
2025-08-17T16:07:45.8618790Z INFO  [alembic.runtime.migration] Running upgrade 0003_vendor_prices -> 0004_fee_cron
2025-08-17T16:07:45.8689800Z INFO  [alembic.runtime.migration] Running upgrade 0004_fee_cron -> 0006_fix_roi_views
2025-08-17T16:07:45.8721496Z INFO  [alembic.runtime.migration] Running upgrade 0006_fix_roi_views -> 0020_unified_schema
2025-08-17T16:07:45.8831143Z INFO  [alembic.runtime.migration] Running upgrade 0020_unified_schema -> 0022_fix_roi_view
2025-08-17T16:07:45.8902475Z INFO  [alembic.runtime.migration] Running upgrade 0022_fix_roi_view -> 0023_add_storage_fee
2025-08-17T16:07:45.8938190Z INFO  [alembic.runtime.migration] Running upgrade 0023_add_storage_fee -> 0024_create_buybox
2025-08-17T16:07:45.9743354Z ##[group]Run python -m mypy services || true
2025-08-17T16:07:45.9743800Z [36;1mpython -m mypy services || true[0m
2025-08-17T16:07:45.9784756Z shell: /usr/bin/bash -e {0}
2025-08-17T16:07:45.9785161Z env:
2025-08-17T16:07:45.9785463Z   PG_USER: postgres
2025-08-17T16:07:45.9785764Z   PG_PASSWORD: pass
2025-08-17T16:07:45.9786083Z   PG_DATABASE: awa
2025-08-17T16:07:45.9786365Z   PG_HOST: localhost
2025-08-17T16:07:45.9800077Z   PG_PORT: 5432
2025-08-17T16:07:45.9800570Z   PG_SYNC_DSN: ***localhost:5432/awa
2025-08-17T16:07:45.9801030Z   PG_ASYNC_DSN: ***localhost:5432/awa
2025-08-17T16:07:45.9801421Z   DATABASE_URL: ***localhost:5432/awa
2025-08-17T16:07:45.9801666Z   DATA_DIR: /tmp/awa-data
2025-08-17T16:07:45.9802151Z   ENABLE_LIVE: 0
2025-08-17T16:07:45.9802358Z   TESTING: 1
2025-08-17T16:07:45.9802621Z   pythonLocation: /opt/hostedtoolcache/Python/3.12.11/x64
2025-08-17T16:07:45.9803044Z   PKG_CONFIG_PATH: /opt/hostedtoolcache/Python/3.12.11/x64/lib/pkgconfig
2025-08-17T16:07:45.9803500Z   Python_ROOT_DIR: /opt/hostedtoolcache/Python/3.12.11/x64
2025-08-17T16:07:45.9803859Z   Python2_ROOT_DIR: /opt/hostedtoolcache/Python/3.12.11/x64
2025-08-17T16:07:45.9804210Z   Python3_ROOT_DIR: /opt/hostedtoolcache/Python/3.12.11/x64
2025-08-17T16:07:45.9804568Z   LD_LIBRARY_PATH: /opt/hostedtoolcache/Python/3.12.11/x64/lib
2025-08-17T16:07:45.9804864Z ##[endgroup]
2025-08-17T16:07:53.8965558Z services/price_importer/reader.py:14: error: Function is missing a return type annotation  [no-untyped-def]
2025-08-17T16:08:07.5373545Z services/ingest/copy_loader.py:57: error: "PoolProxiedConnection" has no attribute "__enter__"  [attr-defined]
2025-08-17T16:08:07.5374391Z services/ingest/copy_loader.py:57: error: "PoolProxiedConnection" has no attribute "__exit__"  [attr-defined]
2025-08-17T16:08:14.2092988Z services/etl/dialects/schemas.py:33: error: Function is missing a return type annotation  [no-untyped-def]
2025-08-17T16:08:14.2094119Z services/etl/dialects/schemas.py:33: error: Function is missing a type annotation for one or more arguments  [no-untyped-def]
2025-08-17T16:08:14.2458589Z Found 5 errors in 3 files (checked 84 source files)
2025-08-17T16:08:14.2832778Z ##[group]Run pytest -q --cov=services
2025-08-17T16:08:14.2833098Z [36;1mpytest -q --cov=services[0m
2025-08-17T16:08:14.2873237Z shell: /usr/bin/bash -e {0}
2025-08-17T16:08:14.2873461Z env:
2025-08-17T16:08:14.2873637Z   PG_USER: postgres
2025-08-17T16:08:14.2874014Z   PG_PASSWORD: pass
2025-08-17T16:08:14.2874193Z   PG_DATABASE: awa
2025-08-17T16:08:14.2874375Z   PG_HOST: localhost
2025-08-17T16:08:14.2874561Z   PG_PORT: 5432
2025-08-17T16:08:14.2874987Z   PG_SYNC_DSN: ***localhost:5432/awa
2025-08-17T16:08:14.2875465Z   PG_ASYNC_DSN: ***localhost:5432/awa
2025-08-17T16:08:14.2875844Z   DATABASE_URL: ***localhost:5432/awa
2025-08-17T16:08:14.2876073Z   DATA_DIR: /tmp/awa-data
2025-08-17T16:08:14.2876275Z   ENABLE_LIVE: 0
2025-08-17T16:08:14.2876448Z   TESTING: 1
2025-08-17T16:08:14.2876676Z   pythonLocation: /opt/hostedtoolcache/Python/3.12.11/x64
2025-08-17T16:08:14.2877072Z   PKG_CONFIG_PATH: /opt/hostedtoolcache/Python/3.12.11/x64/lib/pkgconfig
2025-08-17T16:08:14.2877494Z   Python_ROOT_DIR: /opt/hostedtoolcache/Python/3.12.11/x64
2025-08-17T16:08:14.2877831Z   Python2_ROOT_DIR: /opt/hostedtoolcache/Python/3.12.11/x64
2025-08-17T16:08:14.2878175Z   Python3_ROOT_DIR: /opt/hostedtoolcache/Python/3.12.11/x64
2025-08-17T16:08:14.2878519Z   LD_LIBRARY_PATH: /opt/hostedtoolcache/Python/3.12.11/x64/lib
2025-08-17T16:08:14.2878805Z ##[endgroup]
2025-08-17T16:08:41.2477244Z .....s.........................sss...................................... [ 54%]
2025-08-17T16:09:12.6387437Z ...........................................................              [100%]
2025-08-17T16:09:12.6389448Z =============================== warnings summary ===============================
2025-08-17T16:09:12.6390191Z services/alert_bot/tests/test_smoke.py:5
2025-08-17T16:09:12.6392725Z   /home/runner/work/AWA-App/AWA-App/services/alert_bot/tests/test_smoke.py:5: UserWarning: pkg_resources is deprecated as an API. See https://setuptools.pypa.io/en/latest/pkg_resources.html. The pkg_resources package is slated for removal as early as 2025-11-30. Refrain from using this package or pin to Setuptools<81.
2025-08-17T16:09:12.6394984Z     import pkg_resources  # noqa: F401
2025-08-17T16:09:12.6395332Z 
2025-08-17T16:09:12.6395617Z tests/test_api_fast.py::test_health_endpoint
2025-08-17T16:09:12.6397221Z   /home/runner/work/AWA-App/AWA-App/tests/test_api_fast.py:13: DeprecationWarning: datetime.datetime.utcnow() is deprecated and scheduled for removal in a future version. Use timezone-aware objects to represent datetimes in UTC: datetime.datetime.now(datetime.UTC).
2025-08-17T16:09:12.6398395Z     return datetime.datetime.utcnow()
2025-08-17T16:09:12.6398600Z 
2025-08-17T16:09:12.6398709Z tests/test_api_fast.py: 1 warning
2025-08-17T16:09:12.6398997Z tests/test_health.py: 5 warnings
2025-08-17T16:09:12.6399277Z tests/test_smoke.py: 5 warnings
2025-08-17T16:09:12.6399574Z services/api/tests/test_health.py: 1 warning
2025-08-17T16:09:12.6400828Z   /home/runner/work/AWA-App/AWA-App/services/api/routes/health.py:24: DeprecationWarning: datetime.datetime.utcnow() is deprecated and scheduled for removal in a future version. Use timezone-aware objects to represent datetimes in UTC: datetime.datetime.now(datetime.UTC).
2025-08-17T16:09:12.6402310Z     app_now = datetime.utcnow().replace(tzinfo=timezone.utc)
2025-08-17T16:09:12.6402581Z 
2025-08-17T16:09:12.6402691Z tests/test_health.py::test_health[0]
2025-08-17T16:09:12.6402985Z tests/test_health.py::test_health[1]
2025-08-17T16:09:12.6403271Z tests/test_health.py::test_health[2]
2025-08-17T16:09:12.6403742Z tests/test_health.py::test_health[3]
2025-08-17T16:09:12.6404176Z tests/test_health.py::test_health[4]
2025-08-17T16:09:12.6405814Z   /home/runner/work/AWA-App/AWA-App/tests/test_health.py:22: DeprecationWarning: datetime.datetime.utcnow() is deprecated and scheduled for removal in a future version. Use timezone-aware objects to represent datetimes in UTC: datetime.datetime.now(datetime.UTC).
2025-08-17T16:09:12.6407533Z     return datetime.datetime.utcnow()
2025-08-17T16:09:12.6408276Z 
2025-08-17T16:09:12.6408479Z tests/test_smoke.py::test_health[0]
2025-08-17T16:09:12.6408918Z tests/test_smoke.py::test_health[1]
2025-08-17T16:09:12.6409361Z tests/test_smoke.py::test_health[2]
2025-08-17T16:09:12.6409765Z tests/test_smoke.py::test_health[3]
2025-08-17T16:09:12.6410511Z tests/test_smoke.py::test_health[4]
2025-08-17T16:09:12.6412378Z   /home/runner/work/AWA-App/AWA-App/tests/test_smoke.py:32: DeprecationWarning: datetime.datetime.utcnow() is deprecated and scheduled for removal in a future version. Use timezone-aware objects to represent datetimes in UTC: datetime.datetime.now(datetime.UTC).
2025-08-17T16:09:12.6414110Z     return datetime.datetime.utcnow()
2025-08-17T16:09:12.6414429Z 
2025-08-17T16:09:12.6414668Z services/api/tests/test_health.py::test_health_route
2025-08-17T16:09:12.6416514Z   /home/runner/work/AWA-App/AWA-App/services/api/tests/test_health.py:14: DeprecationWarning: datetime.datetime.utcnow() is deprecated and scheduled for removal in a future version. Use timezone-aware objects to represent datetimes in UTC: datetime.datetime.now(datetime.UTC).
2025-08-17T16:09:12.6418242Z     return datetime.datetime.utcnow()
2025-08-17T16:09:12.6418548Z 
2025-08-17T16:09:12.6418891Z -- Docs: https://docs.pytest.org/en/stable/how-to/capture-warnings.html
2025-08-17T16:09:12.6419548Z ================================ tests coverage ================================
2025-08-17T16:09:12.6420188Z _______________ coverage: platform linux, python 3.12.11-final-0 _______________
2025-08-17T16:09:12.6420647Z 
2025-08-17T16:09:12.6420824Z Coverage XML written to file coverage.xml
2025-08-17T16:09:12.6421378Z Required test coverage of 45% reached. Total coverage: 56.58%
2025-08-17T16:09:13.0006989Z ##[group]Run actions/upload-artifact@v4
2025-08-17T16:09:13.0007271Z with:
2025-08-17T16:09:13.0007433Z   name: coverage
2025-08-17T16:09:13.0007619Z   path: coverage.xml
2025-08-17T16:09:13.0007821Z   if-no-files-found: warn
2025-08-17T16:09:13.0008025Z   compression-level: 6
2025-08-17T16:09:13.0008217Z   overwrite: false
2025-08-17T16:09:13.0008411Z   include-hidden-files: false
2025-08-17T16:09:13.0008620Z env:
2025-08-17T16:09:13.0008775Z   PG_USER: postgres
2025-08-17T16:09:13.0008959Z   PG_PASSWORD: pass
2025-08-17T16:09:13.0009138Z   PG_DATABASE: awa
2025-08-17T16:09:13.0009325Z   PG_HOST: localhost
2025-08-17T16:09:13.0009502Z   PG_PORT: 5432
2025-08-17T16:09:13.0009909Z   PG_SYNC_DSN: ***localhost:5432/awa
2025-08-17T16:09:13.0010312Z   PG_ASYNC_DSN: ***localhost:5432/awa
2025-08-17T16:09:13.0010681Z   DATABASE_URL: ***localhost:5432/awa
2025-08-17T16:09:13.0010913Z   DATA_DIR: /tmp/awa-data
2025-08-17T16:09:13.0011114Z   ENABLE_LIVE: 0
2025-08-17T16:09:13.0011310Z   TESTING: 1
2025-08-17T16:09:13.0011544Z   pythonLocation: /opt/hostedtoolcache/Python/3.12.11/x64
2025-08-17T16:09:13.0012134Z   PKG_CONFIG_PATH: /opt/hostedtoolcache/Python/3.12.11/x64/lib/pkgconfig
2025-08-17T16:09:13.0012514Z   Python_ROOT_DIR: /opt/hostedtoolcache/Python/3.12.11/x64
2025-08-17T16:09:13.0012847Z   Python2_ROOT_DIR: /opt/hostedtoolcache/Python/3.12.11/x64
2025-08-17T16:09:13.0013180Z   Python3_ROOT_DIR: /opt/hostedtoolcache/Python/3.12.11/x64
2025-08-17T16:09:13.0013514Z   LD_LIBRARY_PATH: /opt/hostedtoolcache/Python/3.12.11/x64/lib
2025-08-17T16:09:13.0013794Z ##[endgroup]
2025-08-17T16:09:13.2214126Z With the provided path, there will be 1 file uploaded
2025-08-17T16:09:13.2219261Z Artifact name is valid!
2025-08-17T16:09:13.2220528Z Root directory input is valid!
2025-08-17T16:09:13.3657669Z Beginning upload of artifact content to blob storage
2025-08-17T16:09:13.5020189Z Uploaded bytes 3997
2025-08-17T16:09:13.5373485Z Finished uploading artifact content to blob storage!
2025-08-17T16:09:13.5376561Z SHA256 digest of uploaded artifact zip is 9c8017ae637fc1ef653cb043a8c0016e651b80e5cb65416088813bfbc4b596b3
2025-08-17T16:09:13.5378302Z Finalizing artifact upload
2025-08-17T16:09:13.6285332Z Artifact coverage.zip successfully finalized. Artifact ID 3783263287
2025-08-17T16:09:13.6286551Z Artifact coverage has been successfully uploaded! Final size is 3997 bytes. Artifact ID is 3783263287
2025-08-17T16:09:13.6293130Z Artifact download URL: https://github.com/AlexBomber12/AWA-App/actions/runs/17023103353/artifacts/3783263287
2025-08-17T16:09:13.6406622Z Post job cleanup.
2025-08-17T16:09:13.7889655Z Cache hit occurred on the primary key setup-python-Linux-x64-24.04-Ubuntu-python-3.12.11-pip-2005571a326e80fd181d633d96bfcc1ae8cb53ffd7b38d40aba6418cea7f5ab1, not saving cache.
2025-08-17T16:09:13.7990130Z Post job cleanup.
2025-08-17T16:09:13.8919380Z [command]/usr/bin/git version
2025-08-17T16:09:13.8955822Z git version 2.50.1
2025-08-17T16:09:13.9000173Z Temporarily overriding HOME='/home/runner/work/_temp/e1b23d6e-73f5-4171-b3d7-136e57916c90' before making global git config changes
2025-08-17T16:09:13.9001482Z Adding repository directory to the temporary git global config as a safe directory
2025-08-17T16:09:13.9013819Z [command]/usr/bin/git config --global --add safe.directory /home/runner/work/AWA-App/AWA-App
2025-08-17T16:09:13.9048103Z [command]/usr/bin/git config --local --name-only --get-regexp core\.sshCommand
2025-08-17T16:09:13.9080598Z [command]/usr/bin/git submodule foreach --recursive sh -c "git config --local --name-only --get-regexp 'core\.sshCommand' && git config --local --unset-all 'core.sshCommand' || :"
2025-08-17T16:09:13.9307836Z [command]/usr/bin/git config --local --name-only --get-regexp http\.https\:\/\/github\.com\/\.extraheader
2025-08-17T16:09:13.9328403Z http.https://github.com/.extraheader
2025-08-17T16:09:13.9340482Z [command]/usr/bin/git config --local --unset-all http.https://github.com/.extraheader
2025-08-17T16:09:13.9370297Z [command]/usr/bin/git submodule foreach --recursive sh -c "git config --local --name-only --get-regexp 'http\.https\:\/\/github\.com\/\.extraheader' && git config --local --unset-all 'http.https://github.com/.extraheader' || :"
2025-08-17T16:09:13.9673055Z Print service container logs: f16e5af553224bf182cf0ae0dba33c86_postgres15_d2c45a
2025-08-17T16:09:13.9677493Z ##[command]/usr/bin/docker logs --details 42bebbbc1ccd8d44e3ebd27817e0f2c33f84a1c56d115b0d6429257a8b09eb23
2025-08-17T16:09:13.9794213Z  The files belonging to this database system will be owned by user "postgres".
2025-08-17T16:09:13.9797024Z  initdb: warning: enabling "trust" authentication for local connections
2025-08-17T16:09:13.9798144Z  initdb: hint: You can change this by editing pg_hba.conf or using the option -A, or --auth-local and --auth-host, the next time you run initdb.
2025-08-17T16:09:13.9799550Z  2025-08-17 16:07:03.547 UTC [1] LOG:  starting PostgreSQL 15.14 (Debian 15.14-1.pgdg13+1) on x86_64-pc-linux-gnu, compiled by gcc (Debian 14.2.0-19) 14.2.0, 64-bit
2025-08-17T16:09:13.9800618Z  2025-08-17 16:07:03.547 UTC [1] LOG:  listening on IPv4 address "0.0.0.0", port 5432
2025-08-17T16:09:13.9801362Z  2025-08-17 16:07:03.547 UTC [1] LOG:  listening on IPv6 address "::", port 5432
2025-08-17T16:09:13.9802484Z  2025-08-17 16:07:03.549 UTC [1] LOG:  listening on Unix socket "/var/run/postgresql/.s.PGSQL.5432"
2025-08-17T16:09:13.9803315Z  2025-08-17 16:07:03.552 UTC [64] LOG:  database system was shut down at 2025-08-17 16:07:03 UTC
2025-08-17T16:09:13.9804052Z  2025-08-17 16:07:03.556 UTC [1] LOG:  database system is ready to accept connections
2025-08-17T16:09:13.9804620Z  This user must also own the server process.
2025-08-17T16:09:13.9805048Z  
2025-08-17T16:09:13.9805471Z  The database cluster will be initialized with locale "en_US.utf8".
2025-08-17T16:09:13.9806157Z  The default database encoding has accordingly been set to "UTF8".
2025-08-17T16:09:13.9806829Z  The default text search configuration will be set to "english".
2025-08-17T16:09:13.9807337Z  
2025-08-17T16:09:13.9807625Z  Data page checksums are disabled.
2025-08-17T16:09:13.9808003Z  
2025-08-17T16:09:13.9808465Z  fixing permissions on existing directory /var/lib/postgresql/data ... ok
2025-08-17T16:09:13.9809071Z  creating subdirectories ... ok
2025-08-17T16:09:13.9809494Z  selecting dynamic shared memory implementation ... posix
2025-08-17T16:09:13.9809970Z  selecting default max_connections ... 100
2025-08-17T16:09:13.9810378Z  selecting default shared_buffers ... 128MB
2025-08-17T16:09:13.9810786Z  selecting default time zone ... Etc/UTC
2025-08-17T16:09:13.9811228Z  creating configuration files ... ok
2025-08-17T16:09:13.9812067Z  running bootstrap script ... ok
2025-08-17T16:09:13.9812529Z  performing post-bootstrap initialization ... ok
2025-08-17T16:09:13.9813005Z  syncing data to disk ... ok
2025-08-17T16:09:13.9813344Z  
2025-08-17T16:09:13.9813597Z  
2025-08-17T16:09:13.9814119Z  Success. You can now start the database server using:
2025-08-17T16:09:13.9814586Z  
2025-08-17T16:09:13.9814945Z      pg_ctl -D /var/lib/postgresql/data -l logfile start
2025-08-17T16:09:13.9815404Z  
2025-08-17T16:09:13.9815993Z  waiting for server to start....2025-08-17 16:07:03.243 UTC [48] LOG:  starting PostgreSQL 15.14 (Debian 15.14-1.pgdg13+1) on x86_64-pc-linux-gnu, compiled by gcc (Debian 14.2.0-19) 14.2.0, 64-bit
2025-08-17T16:09:13.9816778Z  2025-08-17 16:07:03.244 UTC [48] LOG:  listening on Unix socket "/var/run/postgresql/.s.PGSQL.5432"
2025-08-17T16:09:13.9817277Z  2025-08-17 16:07:03.247 UTC [51] LOG:  database system was shut down at 2025-08-17 16:07:03 UTC
2025-08-17T16:09:13.9817723Z  2025-08-17 16:07:03.251 UTC [48] LOG:  database system is ready to accept connections
2025-08-17T16:09:13.9818055Z   done
2025-08-17T16:09:13.9818222Z  server started
2025-08-17T16:09:13.9818401Z  CREATE DATABASE
2025-08-17T16:09:13.9818577Z  
2025-08-17T16:09:13.9818726Z  
2025-08-17T16:09:13.9819024Z  /usr/local/bin/docker-entrypoint.sh: ignoring /docker-entrypoint-initdb.d/*
2025-08-17T16:09:13.9819383Z  
2025-08-17T16:09:13.9819610Z  2025-08-17 16:07:03.428 UTC [48] LOG:  received fast shutdown request
2025-08-17T16:09:13.9820268Z  waiting for server to shut down....2025-08-17 16:07:03.429 UTC [48] LOG:  aborting any active transactions
2025-08-17T16:09:13.9820873Z  2025-08-17 16:07:03.430 UTC [48] LOG:  background worker "logical replication launcher" (PID 54) exited with exit code 1
2025-08-17T16:09:13.9821338Z  2025-08-17 16:07:03.430 UTC [49] LOG:  shutting down
2025-08-17T16:09:13.9821679Z  2025-08-17 16:07:03.431 UTC [49] LOG:  checkpoint starting: shutdown immediate
2025-08-17T16:09:13.9822730Z  2025-08-17 16:07:03.446 UTC [49] LOG:  checkpoint complete: wrote 922 buffers (5.6%); 0 WAL file(s) added, 0 removed, 0 recycled; write=0.013 s, sync=0.002 s, total=0.016 s; sync files=301, longest=0.001 s, average=0.001 s; distance=4239 kB, estimate=4239 kB
2025-08-17T16:09:13.9823545Z  2025-08-17 16:07:03.452 UTC [48] LOG:  database system is shut down
2025-08-17T16:09:13.9823827Z   done
2025-08-17T16:09:13.9823990Z  server stopped
2025-08-17T16:09:13.9824167Z  
2025-08-17T16:09:13.9824382Z  PostgreSQL init process complete; ready for start up.
2025-08-17T16:09:13.9824692Z  
2025-08-17T16:09:13.9830229Z Stop and remove container: f16e5af553224bf182cf0ae0dba33c86_postgres15_d2c45a
2025-08-17T16:09:13.9834909Z ##[command]/usr/bin/docker rm --force 42bebbbc1ccd8d44e3ebd27817e0f2c33f84a1c56d115b0d6429257a8b09eb23
2025-08-17T16:09:14.1023618Z 42bebbbc1ccd8d44e3ebd27817e0f2c33f84a1c56d115b0d6429257a8b09eb23
2025-08-17T16:09:14.1053775Z Remove container network: github_network_5f7eb6e9ad9a4f37864ce72c51df7a94
2025-08-17T16:09:14.1058108Z ##[command]/usr/bin/docker network rm github_network_5f7eb6e9ad9a4f37864ce72c51df7a94
2025-08-17T16:09:14.2155499Z github_network_5f7eb6e9ad9a4f37864ce72c51df7a94
2025-08-17T16:09:14.2212610Z Cleaning up orphan processes
