2025-08-19T20:08:53.8171401Z Current runner version: '2.327.1'
2025-08-19T20:08:53.8194226Z ##[group]Runner Image Provisioner
2025-08-19T20:08:53.8194993Z Hosted Compute Agent
2025-08-19T20:08:53.8195634Z Version: 20250818.377
2025-08-19T20:08:53.8196242Z Commit: 3c593e9f75fe0b87e893bca80d6e12ba089c61fc
2025-08-19T20:08:53.8196869Z Build Date: 2025-08-18T14:52:18Z
2025-08-19T20:08:53.8197524Z ##[endgroup]
2025-08-19T20:08:53.8198043Z ##[group]Operating System
2025-08-19T20:08:53.8198574Z Ubuntu
2025-08-19T20:08:53.8199068Z 24.04.2
2025-08-19T20:08:53.8199523Z LTS
2025-08-19T20:08:53.8199927Z ##[endgroup]
2025-08-19T20:08:53.8200745Z ##[group]Runner Image
2025-08-19T20:08:53.8201346Z Image: ubuntu-24.04
2025-08-19T20:08:53.8201802Z Version: 20250810.1.0
2025-08-19T20:08:53.8203187Z Included Software: https://github.com/actions/runner-images/blob/ubuntu24/20250810.1/images/ubuntu/Ubuntu2404-Readme.md
2025-08-19T20:08:53.8204661Z Image Release: https://github.com/actions/runner-images/releases/tag/ubuntu24%2F20250810.1
2025-08-19T20:08:53.8205657Z ##[endgroup]
2025-08-19T20:08:53.8207998Z ##[group]GITHUB_TOKEN Permissions
2025-08-19T20:08:53.8210263Z Actions: write
2025-08-19T20:08:53.8211106Z Attestations: write
2025-08-19T20:08:53.8211575Z Checks: write
2025-08-19T20:08:53.8212088Z Contents: write
2025-08-19T20:08:53.8212584Z Deployments: write
2025-08-19T20:08:53.8213044Z Discussions: write
2025-08-19T20:08:53.8213638Z Issues: write
2025-08-19T20:08:53.8214222Z Metadata: read
2025-08-19T20:08:53.8214686Z Models: read
2025-08-19T20:08:53.8215099Z Packages: write
2025-08-19T20:08:53.8215672Z Pages: write
2025-08-19T20:08:53.8216108Z PullRequests: write
2025-08-19T20:08:53.8216640Z RepositoryProjects: write
2025-08-19T20:08:53.8217239Z SecurityEvents: write
2025-08-19T20:08:53.8217820Z Statuses: write
2025-08-19T20:08:53.8218297Z ##[endgroup]
2025-08-19T20:08:53.8220298Z Secret source: Actions
2025-08-19T20:08:53.8221493Z Prepare workflow directory
2025-08-19T20:08:53.8649281Z Prepare all required actions
2025-08-19T20:08:53.8686298Z Getting action download info
2025-08-19T20:08:54.1693105Z Download action repository 'actions/checkout@v4' (SHA:08eba0b27e820071cde6df949e0beb9ba4906955)
2025-08-19T20:08:54.4287880Z Download action repository 'actions/setup-python@v5' (SHA:a26af69be951a213d495a4c3e4e4022e16d87065)
2025-08-19T20:08:54.7249703Z Download action repository 'actions/upload-artifact@v4' (SHA:ea165f8d65b6e75b540449e92b4886f43607fa02)
2025-08-19T20:08:55.1192363Z Complete job name: unit
2025-08-19T20:08:55.1758578Z ##[group]Checking docker version
2025-08-19T20:08:55.1772599Z ##[command]/usr/bin/docker version --format '{{.Server.APIVersion}}'
2025-08-19T20:08:55.2140952Z '1.48'
2025-08-19T20:08:55.2155217Z Docker daemon API version: '1.48'
2025-08-19T20:08:55.2156708Z ##[command]/usr/bin/docker version --format '{{.Client.APIVersion}}'
2025-08-19T20:08:55.2308329Z '1.48'
2025-08-19T20:08:55.2322631Z Docker client API version: '1.48'
2025-08-19T20:08:55.2327521Z ##[endgroup]
2025-08-19T20:08:55.2331694Z ##[group]Clean up resources from previous jobs
2025-08-19T20:08:55.2337742Z ##[command]/usr/bin/docker ps --all --quiet --no-trunc --filter "label=c43a13"
2025-08-19T20:08:55.2475538Z ##[command]/usr/bin/docker network prune --force --filter "label=c43a13"
2025-08-19T20:08:55.2603269Z ##[endgroup]
2025-08-19T20:08:55.2604201Z ##[group]Create local container network
2025-08-19T20:08:55.2615502Z ##[command]/usr/bin/docker network create --label c43a13 github_network_d93696bfe2c647e782ba1ea8e205406a
2025-08-19T20:08:55.3232999Z ca6b86c39d9c387d8c0cc1a3a01926057890818359117b81997bd0f77aa310e9
2025-08-19T20:08:55.3251001Z ##[endgroup]
2025-08-19T20:08:55.3276284Z ##[group]Starting postgres service container
2025-08-19T20:08:55.3296519Z ##[command]/usr/bin/docker pull postgres:15
2025-08-19T20:08:55.6006629Z 15: Pulling from library/postgres
2025-08-19T20:08:55.6650332Z 396b1da7636e: Pulling fs layer
2025-08-19T20:08:55.6652251Z fca2566eba32: Pulling fs layer
2025-08-19T20:08:55.6653657Z 631fe8c6d606: Pulling fs layer
2025-08-19T20:08:55.6655018Z 77c7671c4414: Pulling fs layer
2025-08-19T20:08:55.6656873Z 2d9e29180a27: Pulling fs layer
2025-08-19T20:08:55.6658352Z c6bcc2c9a041: Pulling fs layer
2025-08-19T20:08:55.6659925Z ac4b721eb66f: Pulling fs layer
2025-08-19T20:08:55.6661115Z 606bd164980e: Pulling fs layer
2025-08-19T20:08:55.6662166Z f5dfd246bc6e: Pulling fs layer
2025-08-19T20:08:55.6663115Z ba7036bb0a60: Pulling fs layer
2025-08-19T20:08:55.6664016Z 799f859abbbd: Pulling fs layer
2025-08-19T20:08:55.6664946Z d903e777080c: Pulling fs layer
2025-08-19T20:08:55.6665843Z 04adcb462801: Pulling fs layer
2025-08-19T20:08:55.6666732Z 5c10925b29ff: Pulling fs layer
2025-08-19T20:08:55.6667609Z 77c7671c4414: Waiting
2025-08-19T20:08:55.6668380Z 2d9e29180a27: Waiting
2025-08-19T20:08:55.6669171Z f5dfd246bc6e: Waiting
2025-08-19T20:08:55.6669960Z ba7036bb0a60: Waiting
2025-08-19T20:08:55.6670961Z 799f859abbbd: Waiting
2025-08-19T20:08:55.6671729Z d903e777080c: Waiting
2025-08-19T20:08:55.6672512Z 04adcb462801: Waiting
2025-08-19T20:08:55.6673278Z 5c10925b29ff: Waiting
2025-08-19T20:08:55.6674065Z c6bcc2c9a041: Waiting
2025-08-19T20:08:55.6674829Z 606bd164980e: Waiting
2025-08-19T20:08:55.6675579Z ac4b721eb66f: Waiting
2025-08-19T20:08:55.7424753Z fca2566eba32: Verifying Checksum
2025-08-19T20:08:55.7428853Z fca2566eba32: Download complete
2025-08-19T20:08:55.8534396Z 77c7671c4414: Verifying Checksum
2025-08-19T20:08:55.8539245Z 77c7671c4414: Download complete
2025-08-19T20:08:55.8889941Z 631fe8c6d606: Verifying Checksum
2025-08-19T20:08:55.8891619Z 631fe8c6d606: Download complete
2025-08-19T20:08:56.0461420Z c6bcc2c9a041: Verifying Checksum
2025-08-19T20:08:56.0466123Z c6bcc2c9a041: Download complete
2025-08-19T20:08:56.0704229Z 396b1da7636e: Verifying Checksum
2025-08-19T20:08:56.0705941Z 396b1da7636e: Download complete
2025-08-19T20:08:56.0777034Z 2d9e29180a27: Verifying Checksum
2025-08-19T20:08:56.0778753Z 2d9e29180a27: Download complete
2025-08-19T20:08:56.1303919Z ac4b721eb66f: Verifying Checksum
2025-08-19T20:08:56.1305818Z ac4b721eb66f: Download complete
2025-08-19T20:08:56.1567852Z 606bd164980e: Verifying Checksum
2025-08-19T20:08:56.1569360Z 606bd164980e: Download complete
2025-08-19T20:08:56.2288173Z ba7036bb0a60: Verifying Checksum
2025-08-19T20:08:56.2289314Z ba7036bb0a60: Download complete
2025-08-19T20:08:56.2580285Z 799f859abbbd: Verifying Checksum
2025-08-19T20:08:56.2582323Z 799f859abbbd: Download complete
2025-08-19T20:08:56.3291741Z d903e777080c: Verifying Checksum
2025-08-19T20:08:56.3293497Z d903e777080c: Download complete
2025-08-19T20:08:56.3363817Z 04adcb462801: Download complete
2025-08-19T20:08:56.4366320Z 5c10925b29ff: Verifying Checksum
2025-08-19T20:08:56.4372360Z 5c10925b29ff: Download complete
2025-08-19T20:08:57.0701983Z 396b1da7636e: Pull complete
2025-08-19T20:08:58.1108287Z fca2566eba32: Pull complete
2025-08-19T20:08:58.2206505Z f5dfd246bc6e: Verifying Checksum
2025-08-19T20:08:58.2206870Z f5dfd246bc6e: Download complete
2025-08-19T20:08:58.2926607Z 631fe8c6d606: Pull complete
2025-08-19T20:08:58.3326787Z 77c7671c4414: Pull complete
2025-08-19T20:08:58.6226571Z 2d9e29180a27: Pull complete
2025-08-19T20:08:58.7059648Z c6bcc2c9a041: Pull complete
2025-08-19T20:08:58.7132204Z ac4b721eb66f: Pull complete
2025-08-19T20:08:58.7219988Z 606bd164980e: Pull complete
2025-08-19T20:09:01.5814329Z f5dfd246bc6e: Pull complete
2025-08-19T20:09:01.5951278Z ba7036bb0a60: Pull complete
2025-08-19T20:09:01.6044038Z 799f859abbbd: Pull complete
2025-08-19T20:09:01.6139760Z d903e777080c: Pull complete
2025-08-19T20:09:01.6253290Z 04adcb462801: Pull complete
2025-08-19T20:09:01.6348760Z 5c10925b29ff: Pull complete
2025-08-19T20:09:01.6385268Z Digest: sha256:bc51cf4f1fe02cce7ed2370b20128a9b00b4eb804573a77d2a0d877aaa9c82b1
2025-08-19T20:09:01.6396866Z Status: Downloaded newer image for postgres:15
2025-08-19T20:09:01.6406667Z docker.io/library/postgres:15
2025-08-19T20:09:01.6468914Z ##[command]/usr/bin/docker create --name 49869f4c9b3946eaa9bcf58bedfb2aac_postgres15_59f085 --label c43a13 --network github_network_d93696bfe2c647e782ba1ea8e205406a --network-alias postgres -p 5432:5432 --health-cmd="pg_isready -U postgres -d awa" --health-interval=5s --health-timeout=5s --health-retries=10 -e "POSTGRES_USER=postgres" -e "POSTGRES_PASSWORD=pass" -e "POSTGRES_DB=awa" -e GITHUB_ACTIONS=true -e CI=true postgres:15
2025-08-19T20:09:01.6706975Z 1b03c982b79edf5902336f7f37392eaae7a059c4a0be5931834a166ce15833c7
2025-08-19T20:09:01.6728354Z ##[command]/usr/bin/docker start 1b03c982b79edf5902336f7f37392eaae7a059c4a0be5931834a166ce15833c7
2025-08-19T20:09:01.8377620Z 1b03c982b79edf5902336f7f37392eaae7a059c4a0be5931834a166ce15833c7
2025-08-19T20:09:01.8403840Z ##[command]/usr/bin/docker ps --all --filter id=1b03c982b79edf5902336f7f37392eaae7a059c4a0be5931834a166ce15833c7 --filter status=running --no-trunc --format "{{.ID}} {{.Status}}"
2025-08-19T20:09:01.8526070Z 1b03c982b79edf5902336f7f37392eaae7a059c4a0be5931834a166ce15833c7 Up Less than a second (health: starting)
2025-08-19T20:09:01.8547071Z ##[command]/usr/bin/docker port 1b03c982b79edf5902336f7f37392eaae7a059c4a0be5931834a166ce15833c7
2025-08-19T20:09:01.8666119Z 5432/tcp -> 0.0.0.0:5432
2025-08-19T20:09:01.8667255Z 5432/tcp -> [::]:5432
2025-08-19T20:09:01.8718602Z ##[endgroup]
2025-08-19T20:09:01.8719493Z ##[group]Starting redis service container
2025-08-19T20:09:01.8721142Z ##[command]/usr/bin/docker pull redis:7-alpine
2025-08-19T20:09:02.1355223Z 7-alpine: Pulling from library/redis
2025-08-19T20:09:02.2182675Z 0368fd46e3c6: Pulling fs layer
2025-08-19T20:09:02.2183336Z 4c55286bbede: Pulling fs layer
2025-08-19T20:09:02.2183648Z 5e28347af205: Pulling fs layer
2025-08-19T20:09:02.2183915Z 311eca34042e: Pulling fs layer
2025-08-19T20:09:02.2184223Z e6fe6f07e192: Pulling fs layer
2025-08-19T20:09:02.2184433Z a2cadbfeca72: Pulling fs layer
2025-08-19T20:09:02.2184654Z 4f4fb700ef54: Pulling fs layer
2025-08-19T20:09:02.2184949Z a976ed7e7808: Pulling fs layer
2025-08-19T20:09:02.2185220Z 311eca34042e: Waiting
2025-08-19T20:09:02.2185518Z e6fe6f07e192: Waiting
2025-08-19T20:09:02.2185819Z a2cadbfeca72: Waiting
2025-08-19T20:09:02.2186115Z 4f4fb700ef54: Waiting
2025-08-19T20:09:02.2186380Z a976ed7e7808: Waiting
2025-08-19T20:09:02.3160725Z 4c55286bbede: Verifying Checksum
2025-08-19T20:09:02.3161148Z 4c55286bbede: Download complete
2025-08-19T20:09:02.3744731Z 5e28347af205: Verifying Checksum
2025-08-19T20:09:02.3745488Z 5e28347af205: Download complete
2025-08-19T20:09:02.3861820Z 0368fd46e3c6: Verifying Checksum
2025-08-19T20:09:02.3862298Z 0368fd46e3c6: Download complete
2025-08-19T20:09:02.4266322Z 311eca34042e: Verifying Checksum
2025-08-19T20:09:02.4266833Z 311eca34042e: Download complete
2025-08-19T20:09:02.4665682Z a2cadbfeca72: Download complete
2025-08-19T20:09:02.5021408Z 4f4fb700ef54: Verifying Checksum
2025-08-19T20:09:02.5022078Z 4f4fb700ef54: Download complete
2025-08-19T20:09:02.5231973Z 0368fd46e3c6: Pull complete
2025-08-19T20:09:02.5476558Z 4c55286bbede: Pull complete
2025-08-19T20:09:02.5643170Z a976ed7e7808: Download complete
2025-08-19T20:09:02.6332034Z e6fe6f07e192: Verifying Checksum
2025-08-19T20:09:02.6332628Z e6fe6f07e192: Download complete
2025-08-19T20:09:02.6948864Z 5e28347af205: Pull complete
2025-08-19T20:09:02.7223982Z 311eca34042e: Pull complete
2025-08-19T20:09:02.9168154Z e6fe6f07e192: Pull complete
2025-08-19T20:09:02.9237467Z a2cadbfeca72: Pull complete
2025-08-19T20:09:02.9298707Z 4f4fb700ef54: Pull complete
2025-08-19T20:09:02.9378858Z a976ed7e7808: Pull complete
2025-08-19T20:09:02.9409916Z Digest: sha256:bb186d083732f669da90be8b0f975a37812b15e913465bb14d845db72a4e3e08
2025-08-19T20:09:02.9418856Z Status: Downloaded newer image for redis:7-alpine
2025-08-19T20:09:02.9426076Z docker.io/library/redis:7-alpine
2025-08-19T20:09:02.9442742Z ##[command]/usr/bin/docker create --name 19e8c5de5b9a4c709dacf579ea5d1ba3_redis7alpine_24ce13 --label c43a13 --network github_network_d93696bfe2c647e782ba1ea8e205406a --network-alias redis -p 6379:6379  -e GITHUB_ACTIONS=true -e CI=true redis:7-alpine
2025-08-19T20:09:02.9656424Z 8791aa1314b5f8489c5eb352dc74ef8a163c677a3ee571bd63c4ba413f92b3d9
2025-08-19T20:09:02.9669626Z ##[command]/usr/bin/docker start 8791aa1314b5f8489c5eb352dc74ef8a163c677a3ee571bd63c4ba413f92b3d9
2025-08-19T20:09:03.1009579Z 8791aa1314b5f8489c5eb352dc74ef8a163c677a3ee571bd63c4ba413f92b3d9
2025-08-19T20:09:03.1029311Z ##[command]/usr/bin/docker ps --all --filter id=8791aa1314b5f8489c5eb352dc74ef8a163c677a3ee571bd63c4ba413f92b3d9 --filter status=running --no-trunc --format "{{.ID}} {{.Status}}"
2025-08-19T20:09:03.1145001Z 8791aa1314b5f8489c5eb352dc74ef8a163c677a3ee571bd63c4ba413f92b3d9 Up Less than a second
2025-08-19T20:09:03.1158251Z ##[command]/usr/bin/docker port 8791aa1314b5f8489c5eb352dc74ef8a163c677a3ee571bd63c4ba413f92b3d9
2025-08-19T20:09:03.1263507Z 6379/tcp -> 0.0.0.0:6379
2025-08-19T20:09:03.1263981Z 6379/tcp -> [::]:6379
2025-08-19T20:09:03.1277606Z ##[endgroup]
2025-08-19T20:09:03.1288959Z ##[group]Waiting for all services to be ready
2025-08-19T20:09:03.1302569Z ##[command]/usr/bin/docker inspect --format="{{if .Config.Healthcheck}}{{print .State.Health.Status}}{{end}}" 1b03c982b79edf5902336f7f37392eaae7a059c4a0be5931834a166ce15833c7
2025-08-19T20:09:03.1408221Z starting
2025-08-19T20:09:03.1427557Z postgres service is starting, waiting 2 seconds before checking again.
2025-08-19T20:09:05.1423816Z ##[command]/usr/bin/docker inspect --format="{{if .Config.Healthcheck}}{{print .State.Health.Status}}{{end}}" 1b03c982b79edf5902336f7f37392eaae7a059c4a0be5931834a166ce15833c7
2025-08-19T20:09:05.1541652Z starting
2025-08-19T20:09:05.1554697Z postgres service is starting, waiting 3 seconds before checking again.
2025-08-19T20:09:09.0561763Z ##[command]/usr/bin/docker inspect --format="{{if .Config.Healthcheck}}{{print .State.Health.Status}}{{end}}" 1b03c982b79edf5902336f7f37392eaae7a059c4a0be5931834a166ce15833c7
2025-08-19T20:09:09.0675754Z healthy
2025-08-19T20:09:09.0693199Z postgres service is healthy.
2025-08-19T20:09:09.0693941Z ##[command]/usr/bin/docker inspect --format="{{if .Config.Healthcheck}}{{print .State.Health.Status}}{{end}}" 8791aa1314b5f8489c5eb352dc74ef8a163c677a3ee571bd63c4ba413f92b3d9
2025-08-19T20:09:09.0812761Z redis service is healthy.
2025-08-19T20:09:09.0813345Z ##[endgroup]
2025-08-19T20:09:09.1108395Z ##[group]Run actions/checkout@v4
2025-08-19T20:09:09.1108909Z with:
2025-08-19T20:09:09.1109105Z   repository: AlexBomber12/AWA-App
2025-08-19T20:09:09.1109473Z   token: ***
2025-08-19T20:09:09.1109658Z   ssh-strict: true
2025-08-19T20:09:09.1109833Z   ssh-user: git
2025-08-19T20:09:09.1110018Z   persist-credentials: true
2025-08-19T20:09:09.1110215Z   clean: true
2025-08-19T20:09:09.1110594Z   sparse-checkout-cone-mode: true
2025-08-19T20:09:09.1110821Z   fetch-depth: 1
2025-08-19T20:09:09.1110987Z   fetch-tags: false
2025-08-19T20:09:09.1111162Z   show-progress: true
2025-08-19T20:09:09.1111329Z   lfs: false
2025-08-19T20:09:09.1111486Z   submodules: false
2025-08-19T20:09:09.1111657Z   set-safe-directory: true
2025-08-19T20:09:09.1112073Z env:
2025-08-19T20:09:09.1112284Z   REDIS_URL: redis://localhost:6379/0
2025-08-19T20:09:09.1112536Z   RATE_LIMIT_DEFAULT: 100/minute
2025-08-19T20:09:09.1112749Z   TRUST_X_FORWARDED: 1
2025-08-19T20:09:09.1112932Z ##[endgroup]
2025-08-19T20:09:09.2196305Z Syncing repository: AlexBomber12/AWA-App
2025-08-19T20:09:09.2197508Z ##[group]Getting Git version info
2025-08-19T20:09:09.2197868Z Working directory is '/home/runner/work/AWA-App/AWA-App'
2025-08-19T20:09:09.2198364Z [command]/usr/bin/git version
2025-08-19T20:09:09.2213470Z git version 2.50.1
2025-08-19T20:09:09.2239302Z ##[endgroup]
2025-08-19T20:09:09.2254310Z Temporarily overriding HOME='/home/runner/work/_temp/8e8200ac-00eb-457d-8695-650bcb0c9572' before making global git config changes
2025-08-19T20:09:09.2255567Z Adding repository directory to the temporary git global config as a safe directory
2025-08-19T20:09:09.2266595Z [command]/usr/bin/git config --global --add safe.directory /home/runner/work/AWA-App/AWA-App
2025-08-19T20:09:09.2299481Z Deleting the contents of '/home/runner/work/AWA-App/AWA-App'
2025-08-19T20:09:09.2303366Z ##[group]Initializing the repository
2025-08-19T20:09:09.2308176Z [command]/usr/bin/git init /home/runner/work/AWA-App/AWA-App
2025-08-19T20:09:09.2360696Z hint: Using 'master' as the name for the initial branch. This default branch name
2025-08-19T20:09:09.2361602Z hint: is subject to change. To configure the initial branch name to use in all
2025-08-19T20:09:09.2362347Z hint: of your new repositories, which will suppress this warning, call:
2025-08-19T20:09:09.2362930Z hint:
2025-08-19T20:09:09.2363326Z hint: 	git config --global init.defaultBranch <name>
2025-08-19T20:09:09.2363626Z hint:
2025-08-19T20:09:09.2363908Z hint: Names commonly chosen instead of 'master' are 'main', 'trunk' and
2025-08-19T20:09:09.2364374Z hint: 'development'. The just-created branch can be renamed via this command:
2025-08-19T20:09:09.2364968Z hint:
2025-08-19T20:09:09.2365292Z hint: 	git branch -m <name>
2025-08-19T20:09:09.2365650Z hint:
2025-08-19T20:09:09.2366181Z hint: Disable this message with "git config set advice.defaultBranchName false"
2025-08-19T20:09:09.2367078Z Initialized empty Git repository in /home/runner/work/AWA-App/AWA-App/.git/
2025-08-19T20:09:09.2375645Z [command]/usr/bin/git remote add origin https://github.com/AlexBomber12/AWA-App
2025-08-19T20:09:09.2406520Z ##[endgroup]
2025-08-19T20:09:09.2407113Z ##[group]Disabling automatic garbage collection
2025-08-19T20:09:09.2411654Z [command]/usr/bin/git config --local gc.auto 0
2025-08-19T20:09:09.2438777Z ##[endgroup]
2025-08-19T20:09:09.2439354Z ##[group]Setting up auth
2025-08-19T20:09:09.2446331Z [command]/usr/bin/git config --local --name-only --get-regexp core\.sshCommand
2025-08-19T20:09:09.2475208Z [command]/usr/bin/git submodule foreach --recursive sh -c "git config --local --name-only --get-regexp 'core\.sshCommand' && git config --local --unset-all 'core.sshCommand' || :"
2025-08-19T20:09:09.2724375Z [command]/usr/bin/git config --local --name-only --get-regexp http\.https\:\/\/github\.com\/\.extraheader
2025-08-19T20:09:09.2752068Z [command]/usr/bin/git submodule foreach --recursive sh -c "git config --local --name-only --get-regexp 'http\.https\:\/\/github\.com\/\.extraheader' && git config --local --unset-all 'http.https://github.com/.extraheader' || :"
2025-08-19T20:09:09.2966881Z [command]/usr/bin/git config --local http.https://github.com/.extraheader AUTHORIZATION: basic ***
2025-08-19T20:09:09.3006499Z ##[endgroup]
2025-08-19T20:09:09.3006889Z ##[group]Fetching the repository
2025-08-19T20:09:09.3015926Z [command]/usr/bin/git -c protocol.version=2 fetch --no-tags --prune --no-recurse-submodules --depth=1 origin +84ee5023780fc317d0fa710fbb5a4cb3686766a8:refs/remotes/origin/main
2025-08-19T20:09:09.5559650Z From https://github.com/AlexBomber12/AWA-App
2025-08-19T20:09:09.5560639Z  * [new ref]         84ee5023780fc317d0fa710fbb5a4cb3686766a8 -> origin/main
2025-08-19T20:09:09.5585459Z ##[endgroup]
2025-08-19T20:09:09.5586048Z ##[group]Determining the checkout info
2025-08-19T20:09:09.5588300Z ##[endgroup]
2025-08-19T20:09:09.5593725Z [command]/usr/bin/git sparse-checkout disable
2025-08-19T20:09:09.5634223Z [command]/usr/bin/git config --local --unset-all extensions.worktreeConfig
2025-08-19T20:09:09.5661912Z ##[group]Checking out the ref
2025-08-19T20:09:09.5666248Z [command]/usr/bin/git checkout --progress --force -B main refs/remotes/origin/main
2025-08-19T20:09:09.5973342Z Switched to a new branch 'main'
2025-08-19T20:09:09.5976529Z branch 'main' set up to track 'origin/main'.
2025-08-19T20:09:09.5983700Z ##[endgroup]
2025-08-19T20:09:09.6019953Z [command]/usr/bin/git log -1 --format=%H
2025-08-19T20:09:09.6043018Z 84ee5023780fc317d0fa710fbb5a4cb3686766a8
2025-08-19T20:09:09.6201718Z ##[group]Run cat .env.ci >> "$GITHUB_ENV"
2025-08-19T20:09:09.6202062Z [36;1mcat .env.ci >> "$GITHUB_ENV"[0m
2025-08-19T20:09:09.6202750Z [36;1mecho "DATABASE_URL=***localhost:5432/awa" >> "$GITHUB_ENV"[0m
2025-08-19T20:09:09.6203100Z [36;1mecho "PG_HOST=localhost" >> "$GITHUB_ENV"[0m
2025-08-19T20:09:09.6203388Z [36;1mecho "PG_PORT=5432" >> "$GITHUB_ENV"[0m
2025-08-19T20:09:09.6203654Z [36;1mecho "PG_USER=postgres" >> "$GITHUB_ENV"[0m
2025-08-19T20:09:09.6204118Z [36;1mecho "PG_PASSWORD=pass" >> "$GITHUB_ENV"[0m
2025-08-19T20:09:09.6204408Z [36;1mecho "PG_DATABASE=awa" >> "$GITHUB_ENV"[0m
2025-08-19T20:09:09.6249187Z shell: /usr/bin/bash -e {0}
2025-08-19T20:09:09.6249426Z env:
2025-08-19T20:09:09.6249625Z   REDIS_URL: redis://localhost:6379/0
2025-08-19T20:09:09.6249877Z   RATE_LIMIT_DEFAULT: 100/minute
2025-08-19T20:09:09.6250093Z   TRUST_X_FORWARDED: 1
2025-08-19T20:09:09.6250268Z ##[endgroup]
2025-08-19T20:09:09.6416308Z ##[group]Run actions/setup-python@v5
2025-08-19T20:09:09.6416572Z with:
2025-08-19T20:09:09.6416747Z   python-version: 3.12
2025-08-19T20:09:09.6416929Z   cache: pip
2025-08-19T20:09:09.6417141Z   cache-dependency-path: requirements-dev.txt
2025-08-19T20:09:09.6417396Z   check-latest: false
2025-08-19T20:09:09.6417704Z   token: ***
2025-08-19T20:09:09.6417883Z   update-environment: true
2025-08-19T20:09:09.6418100Z   allow-prereleases: false
2025-08-19T20:09:09.6418310Z   freethreaded: false
2025-08-19T20:09:09.6418497Z env:
2025-08-19T20:09:09.6418679Z   REDIS_URL: redis://localhost:6379/0
2025-08-19T20:09:09.6418927Z   RATE_LIMIT_DEFAULT: 100/minute
2025-08-19T20:09:09.6419147Z   TRUST_X_FORWARDED: 1
2025-08-19T20:09:09.6419332Z   PG_USER: postgres
2025-08-19T20:09:09.6419515Z   PG_PASSWORD: pass
2025-08-19T20:09:09.6419681Z   PG_DATABASE: awa
2025-08-19T20:09:09.6419854Z   PG_HOST: localhost
2025-08-19T20:09:09.6420022Z   PG_PORT: 5432
2025-08-19T20:09:09.6420605Z   PG_SYNC_DSN: ***localhost:5432/awa
2025-08-19T20:09:09.6421035Z   PG_ASYNC_DSN: ***localhost:5432/awa
2025-08-19T20:09:09.6421410Z   DATABASE_URL: ***localhost:5432/awa
2025-08-19T20:09:09.6421628Z   DATA_DIR: /tmp/awa-data
2025-08-19T20:09:09.6421817Z   ENABLE_LIVE: 0
2025-08-19T20:09:09.6421979Z   TESTING: 1
2025-08-19T20:09:09.6422137Z ##[endgroup]
2025-08-19T20:09:09.8031145Z ##[group]Installed versions
2025-08-19T20:09:09.8109195Z Successfully set up CPython (3.12.11)
2025-08-19T20:09:09.8111216Z ##[endgroup]
2025-08-19T20:09:09.8379205Z [command]/opt/hostedtoolcache/Python/3.12.11/x64/bin/pip cache dir
2025-08-19T20:09:10.0439676Z /home/runner/.cache/pip
2025-08-19T20:09:10.1803558Z Cache hit for: setup-python-Linux-x64-24.04-Ubuntu-python-3.12.11-pip-29fc3204f837bce43d81586a404709764a9accd1f738d0c33a52a32bf7a0c312
2025-08-19T20:09:11.2155727Z Received 134217728 of 337357499 (39.8%), 128.0 MBs/sec
2025-08-19T20:09:12.2161363Z Received 331350016 of 337357499 (98.2%), 158.0 MBs/sec
2025-08-19T20:09:12.2865557Z Received 337357499 of 337357499 (100.0%), 155.3 MBs/sec
2025-08-19T20:09:12.2868403Z Cache Size: ~322 MB (337357499 B)
2025-08-19T20:09:12.2930213Z [command]/usr/bin/tar -xf /home/runner/work/_temp/323cb3ab-b459-4028-863d-550df7c7c9d1/cache.tzst -P -C /home/runner/work/AWA-App/AWA-App --use-compress-program unzstd
2025-08-19T20:09:12.8446865Z Cache restored successfully
2025-08-19T20:09:12.9078235Z Cache restored from key: setup-python-Linux-x64-24.04-Ubuntu-python-3.12.11-pip-29fc3204f837bce43d81586a404709764a9accd1f738d0c33a52a32bf7a0c312
2025-08-19T20:09:12.9234149Z ##[group]Run pip install -r requirements-dev.txt
2025-08-19T20:09:12.9234534Z [36;1mpip install -r requirements-dev.txt[0m
2025-08-19T20:09:12.9234830Z [36;1mpip install keepa==1.3.15 minio==7.1.15[0m
2025-08-19T20:09:12.9276685Z shell: /usr/bin/bash -e {0}
2025-08-19T20:09:12.9276917Z env:
2025-08-19T20:09:12.9277125Z   REDIS_URL: redis://localhost:6379/0
2025-08-19T20:09:12.9277420Z   RATE_LIMIT_DEFAULT: 100/minute
2025-08-19T20:09:12.9277656Z   TRUST_X_FORWARDED: 1
2025-08-19T20:09:12.9277855Z   PG_USER: postgres
2025-08-19T20:09:12.9278054Z   PG_PASSWORD: pass
2025-08-19T20:09:12.9278225Z   PG_DATABASE: awa
2025-08-19T20:09:12.9278403Z   PG_HOST: localhost
2025-08-19T20:09:12.9278589Z   PG_PORT: 5432
2025-08-19T20:09:12.9279042Z   PG_SYNC_DSN: ***localhost:5432/awa
2025-08-19T20:09:12.9279497Z   PG_ASYNC_DSN: ***localhost:5432/awa
2025-08-19T20:09:12.9279877Z   DATABASE_URL: ***localhost:5432/awa
2025-08-19T20:09:12.9280112Z   DATA_DIR: /tmp/awa-data
2025-08-19T20:09:12.9280799Z   ENABLE_LIVE: 0
2025-08-19T20:09:12.9280971Z   TESTING: 1
2025-08-19T20:09:12.9281215Z   pythonLocation: /opt/hostedtoolcache/Python/3.12.11/x64
2025-08-19T20:09:12.9281616Z   PKG_CONFIG_PATH: /opt/hostedtoolcache/Python/3.12.11/x64/lib/pkgconfig
2025-08-19T20:09:12.9281994Z   Python_ROOT_DIR: /opt/hostedtoolcache/Python/3.12.11/x64
2025-08-19T20:09:12.9282335Z   Python2_ROOT_DIR: /opt/hostedtoolcache/Python/3.12.11/x64
2025-08-19T20:09:12.9282677Z   Python3_ROOT_DIR: /opt/hostedtoolcache/Python/3.12.11/x64
2025-08-19T20:09:12.9283023Z   LD_LIBRARY_PATH: /opt/hostedtoolcache/Python/3.12.11/x64/lib
2025-08-19T20:09:12.9283299Z ##[endgroup]
2025-08-19T20:09:13.5748194Z Collecting Jinja2==3.1.6 (from -r requirements-dev.txt (line 2))
2025-08-19T20:09:13.5761421Z   Using cached jinja2-3.1.6-py3-none-any.whl.metadata (2.9 kB)
2025-08-19T20:09:13.6007503Z Collecting alembic==1.13.1 (from -r requirements-dev.txt (line 3))
2025-08-19T20:09:13.6019018Z   Using cached alembic-1.13.1-py3-none-any.whl.metadata (7.4 kB)
2025-08-19T20:09:13.6206342Z Collecting apscheduler==3.10.4 (from -r requirements-dev.txt (line 4))
2025-08-19T20:09:13.6217289Z   Using cached APScheduler-3.10.4-py3-none-any.whl.metadata (5.7 kB)
2025-08-19T20:09:13.6397104Z Collecting asgi-correlation-id==4.3.1 (from -r requirements-dev.txt (line 5))
2025-08-19T20:09:13.6408327Z   Using cached asgi_correlation_id-4.3.1-py3-none-any.whl.metadata (28 kB)
2025-08-19T20:09:13.6835576Z Collecting asyncpg==0.30.0 (from -r requirements-dev.txt (line 6))
2025-08-19T20:09:13.6846814Z   Using cached asyncpg-0.30.0-cp312-cp312-manylinux_2_17_x86_64.manylinux2014_x86_64.whl.metadata (5.0 kB)
2025-08-19T20:09:13.7301466Z Collecting black==25.1.0 (from -r requirements-dev.txt (line 7))
2025-08-19T20:09:13.7313040Z   Using cached black-25.1.0-cp312-cp312-manylinux_2_17_x86_64.manylinux2014_x86_64.manylinux_2_28_x86_64.whl.metadata (81 kB)
2025-08-19T20:09:14.0616343Z Collecting boto3 (from -r requirements-dev.txt (line 8))
2025-08-19T20:09:14.0628608Z   Using cached boto3-1.40.12-py3-none-any.whl.metadata (6.7 kB)
2025-08-19T20:09:14.0933223Z Collecting redis==6.* (from -r requirements-dev.txt (line 9))
2025-08-19T20:09:14.0944666Z   Using cached redis-6.4.0-py3-none-any.whl.metadata (10 kB)
2025-08-19T20:09:14.1280853Z Collecting minio==7.* (from -r requirements-dev.txt (line 10))
2025-08-19T20:09:14.1292223Z   Using cached minio-7.2.16-py3-none-any.whl.metadata (6.5 kB)
2025-08-19T20:09:14.1619470Z Collecting celery==5.5.3 (from -r requirements-dev.txt (line 11))
2025-08-19T20:09:14.1631041Z   Using cached celery-5.5.3-py3-none-any.whl.metadata (22 kB)
2025-08-19T20:09:14.2222822Z Collecting fastapi==0.116.1 (from -r requirements-dev.txt (line 12))
2025-08-19T20:09:14.2235748Z   Using cached fastapi-0.116.1-py3-none-any.whl.metadata (28 kB)
2025-08-19T20:09:14.2424813Z Collecting fastapi-limiter==0.1.6 (from -r requirements-dev.txt (line 14))
2025-08-19T20:09:14.2436178Z   Using cached fastapi_limiter-0.1.6-py3-none-any.whl.metadata (5.3 kB)
2025-08-19T20:09:14.2674762Z Collecting httpx<0.29,>=0.27 (from -r requirements-dev.txt (line 15))
2025-08-19T20:09:14.2689739Z   Using cached httpx-0.28.1-py3-none-any.whl.metadata (7.1 kB)
2025-08-19T20:09:14.2835374Z Collecting imapclient==3.0.1 (from -r requirements-dev.txt (line 16))
2025-08-19T20:09:14.2846588Z   Using cached IMAPClient-3.0.1-py2.py3-none-any.whl.metadata (1.7 kB)
2025-08-19T20:09:14.2970792Z Collecting itsdangerous (from -r requirements-dev.txt (line 17))
2025-08-19T20:09:14.2981748Z   Using cached itsdangerous-2.2.0-py3-none-any.whl.metadata (1.9 kB)
2025-08-19T20:09:14.3964176Z Collecting mypy==1.* (from -r requirements-dev.txt (line 18))
2025-08-19T20:09:14.3976638Z   Using cached mypy-1.17.1-cp312-cp312-manylinux2014_x86_64.manylinux_2_17_x86_64.manylinux_2_28_x86_64.whl.metadata (2.2 kB)
2025-08-19T20:09:14.4104998Z Collecting mypy-extensions==1.1.0 (from -r requirements-dev.txt (line 19))
2025-08-19T20:09:14.4116018Z   Using cached mypy_extensions-1.1.0-py3-none-any.whl.metadata (1.1 kB)
2025-08-19T20:09:14.5911470Z Collecting numpy<2 (from -r requirements-dev.txt (line 20))
2025-08-19T20:09:14.5924056Z   Using cached numpy-1.26.4-cp312-cp312-manylinux_2_17_x86_64.manylinux2014_x86_64.whl.metadata (61 kB)
2025-08-19T20:09:14.6203372Z Collecting openpyxl==3.1.5 (from -r requirements-dev.txt (line 21))
2025-08-19T20:09:14.6214481Z   Using cached openpyxl-3.1.5-py2.py3-none-any.whl.metadata (2.5 kB)
2025-08-19T20:09:14.7252538Z Collecting pandas==2.2.* (from -r requirements-dev.txt (line 22))
2025-08-19T20:09:14.7264138Z   Using cached pandas-2.2.3-cp312-cp312-manylinux_2_17_x86_64.manylinux2014_x86_64.whl.metadata (89 kB)
2025-08-19T20:09:14.8178445Z Collecting psycopg2-binary==2.9.10 (from -r requirements-dev.txt (line 23))
2025-08-19T20:09:14.8189421Z   Using cached psycopg2_binary-2.9.10-cp312-cp312-manylinux_2_17_x86_64.manylinux2014_x86_64.whl.metadata (4.9 kB)
2025-08-19T20:09:14.8364659Z Collecting psycopg==3.2.9 (from psycopg[binary]==3.2.9->-r requirements-dev.txt (line 24))
2025-08-19T20:09:14.8376162Z   Using cached psycopg-3.2.9-py3-none-any.whl.metadata (4.5 kB)
2025-08-19T20:09:14.9462810Z Collecting pydantic==2.11.7 (from -r requirements-dev.txt (line 25))
2025-08-19T20:09:14.9474438Z   Using cached pydantic-2.11.7-py3-none-any.whl.metadata (67 kB)
2025-08-19T20:09:15.0684346Z Collecting setuptools (from -r requirements-dev.txt (line 26))
2025-08-19T20:09:15.0696127Z   Using cached setuptools-80.9.0-py3-none-any.whl.metadata (6.6 kB)
2025-08-19T20:09:15.0974796Z Collecting pytest-asyncio==0.23.6 (from -r requirements-dev.txt (line 27))
2025-08-19T20:09:15.0986293Z   Using cached pytest_asyncio-0.23.6-py3-none-any.whl.metadata (3.9 kB)
2025-08-19T20:09:15.1155621Z Collecting pytest-cov==6.2.1 (from -r requirements-dev.txt (line 28))
2025-08-19T20:09:15.1167562Z   Using cached pytest_cov-6.2.1-py3-none-any.whl.metadata (30 kB)
2025-08-19T20:09:15.1349053Z Collecting pytest-postgresql==7.0.2 (from -r requirements-dev.txt (line 29))
2025-08-19T20:09:15.1360772Z   Using cached pytest_postgresql-7.0.2-py3-none-any.whl.metadata (18 kB)
2025-08-19T20:09:15.1564668Z Collecting python-dotenv (from -r requirements-dev.txt (line 30))
2025-08-19T20:09:15.1575989Z   Using cached python_dotenv-1.1.1-py3-none-any.whl.metadata (24 kB)
2025-08-19T20:09:15.1731317Z Collecting python-multipart (from -r requirements-dev.txt (line 31))
2025-08-19T20:09:15.1742585Z   Using cached python_multipart-0.0.20-py3-none-any.whl.metadata (1.8 kB)
2025-08-19T20:09:15.2047510Z Collecting python-telegram-bot==22.3 (from -r requirements-dev.txt (line 32))
2025-08-19T20:09:15.2058828Z   Using cached python_telegram_bot-22.3-py3-none-any.whl.metadata (17 kB)
2025-08-19T20:09:15.2369399Z Collecting requests==2.32.4 (from -r requirements-dev.txt (line 33))
2025-08-19T20:09:15.2380909Z   Using cached requests-2.32.4-py3-none-any.whl.metadata (4.9 kB)
2025-08-19T20:09:15.2557911Z Collecting respx==0.22.0 (from -r requirements-dev.txt (line 34))
2025-08-19T20:09:15.2568944Z   Using cached respx-0.22.0-py2.py3-none-any.whl.metadata (4.1 kB)
2025-08-19T20:09:15.6044235Z Collecting ruff==0.4.4 (from -r requirements-dev.txt (line 35))
2025-08-19T20:09:15.6057568Z   Using cached ruff-0.4.4-py3-none-manylinux_2_17_x86_64.manylinux2014_x86_64.whl.metadata (23 kB)
2025-08-19T20:09:15.8572774Z Collecting sqlalchemy==2.0.43 (from -r requirements-dev.txt (line 36))
2025-08-19T20:09:15.8585934Z   Using cached sqlalchemy-2.0.43-cp312-cp312-manylinux_2_17_x86_64.manylinux2014_x86_64.whl.metadata (9.6 kB)
2025-08-19T20:09:15.8830134Z Collecting structlog==24.1.0 (from -r requirements-dev.txt (line 37))
2025-08-19T20:09:15.8841980Z   Using cached structlog-24.1.0-py3-none-any.whl.metadata (6.9 kB)
2025-08-19T20:09:15.9041914Z Collecting testcontainers==4.10.0 (from testcontainers[postgres]==4.10.0->-r requirements-dev.txt (line 38))
2025-08-19T20:09:15.9053419Z   Using cached testcontainers-4.10.0-py3-none-any.whl.metadata (7.8 kB)
2025-08-19T20:09:15.9429377Z Collecting types-requests==2.32.4.20250809 (from -r requirements-dev.txt (line 39))
2025-08-19T20:09:15.9441223Z   Using cached types_requests-2.32.4.20250809-py3-none-any.whl.metadata (2.0 kB)
2025-08-19T20:09:15.9591435Z Collecting docspec-python==2.2.2 (from -r requirements-dev.txt (line 40))
2025-08-19T20:09:15.9603092Z   Using cached docspec_python-2.2.2-py3-none-any.whl.metadata (1.0 kB)
2025-08-19T20:09:15.9795315Z Collecting pydoc-markdown==4.8.2 (from -r requirements-dev.txt (line 41))
2025-08-19T20:09:15.9806703Z   Using cached pydoc_markdown-4.8.2-py3-none-any.whl.metadata (5.9 kB)
2025-08-19T20:09:16.0102013Z Collecting pandera==0.19.* (from -r requirements-dev.txt (line 42))
2025-08-19T20:09:16.0113586Z   Using cached pandera-0.19.3-py3-none-any.whl.metadata (15 kB)
2025-08-19T20:09:16.1073785Z Collecting MarkupSafe>=2.0 (from Jinja2==3.1.6->-r requirements-dev.txt (line 2))
2025-08-19T20:09:16.1086216Z   Using cached MarkupSafe-3.0.2-cp312-cp312-manylinux_2_17_x86_64.manylinux2014_x86_64.whl.metadata (4.0 kB)
2025-08-19T20:09:16.1399346Z Collecting Mako (from alembic==1.13.1->-r requirements-dev.txt (line 3))
2025-08-19T20:09:16.1411055Z   Using cached mako-1.3.10-py3-none-any.whl.metadata (2.9 kB)
2025-08-19T20:09:16.1605873Z Collecting typing-extensions>=4 (from alembic==1.13.1->-r requirements-dev.txt (line 3))
2025-08-19T20:09:16.1617456Z   Using cached typing_extensions-4.14.1-py3-none-any.whl.metadata (3.0 kB)
2025-08-19T20:09:16.1783754Z Collecting six>=1.4.0 (from apscheduler==3.10.4->-r requirements-dev.txt (line 4))
2025-08-19T20:09:16.1795299Z   Using cached six-1.17.0-py2.py3-none-any.whl.metadata (1.7 kB)
2025-08-19T20:09:16.2154494Z Collecting pytz (from apscheduler==3.10.4->-r requirements-dev.txt (line 4))
2025-08-19T20:09:16.2166478Z   Using cached pytz-2025.2-py2.py3-none-any.whl.metadata (22 kB)
2025-08-19T20:09:16.2358737Z Collecting tzlocal!=3.*,>=2.0 (from apscheduler==3.10.4->-r requirements-dev.txt (line 4))
2025-08-19T20:09:16.2370063Z   Using cached tzlocal-5.3.1-py3-none-any.whl.metadata (7.6 kB)
2025-08-19T20:09:16.2692888Z Collecting starlette>=0.18 (from asgi-correlation-id==4.3.1->-r requirements-dev.txt (line 5))
2025-08-19T20:09:16.2703897Z   Using cached starlette-0.47.2-py3-none-any.whl.metadata (6.2 kB)
2025-08-19T20:09:16.2925182Z Collecting click>=8.0.0 (from black==25.1.0->-r requirements-dev.txt (line 7))
2025-08-19T20:09:16.2936182Z   Using cached click-8.2.1-py3-none-any.whl.metadata (2.5 kB)
2025-08-19T20:09:16.3118333Z Collecting packaging>=22.0 (from black==25.1.0->-r requirements-dev.txt (line 7))
2025-08-19T20:09:16.3129356Z   Using cached packaging-25.0-py3-none-any.whl.metadata (3.3 kB)
2025-08-19T20:09:16.3277518Z Collecting pathspec>=0.9.0 (from black==25.1.0->-r requirements-dev.txt (line 7))
2025-08-19T20:09:16.3288457Z   Using cached pathspec-0.12.1-py3-none-any.whl.metadata (21 kB)
2025-08-19T20:09:16.3494328Z Collecting platformdirs>=2 (from black==25.1.0->-r requirements-dev.txt (line 7))
2025-08-19T20:09:16.3505657Z   Using cached platformdirs-4.3.8-py3-none-any.whl.metadata (12 kB)
2025-08-19T20:09:16.3718497Z Collecting billiard<5.0,>=4.2.1 (from celery==5.5.3->-r requirements-dev.txt (line 11))
2025-08-19T20:09:16.3729382Z   Using cached billiard-4.2.1-py3-none-any.whl.metadata (4.4 kB)
2025-08-19T20:09:16.4016523Z Collecting kombu<5.6,>=5.5.2 (from celery==5.5.3->-r requirements-dev.txt (line 11))
2025-08-19T20:09:16.4027425Z   Using cached kombu-5.5.4-py3-none-any.whl.metadata (3.5 kB)
2025-08-19T20:09:16.4206933Z Collecting vine<6.0,>=5.1.0 (from celery==5.5.3->-r requirements-dev.txt (line 11))
2025-08-19T20:09:16.4217776Z   Using cached vine-5.1.0-py3-none-any.whl.metadata (2.7 kB)
2025-08-19T20:09:16.4371819Z Collecting click-didyoumean>=0.3.0 (from celery==5.5.3->-r requirements-dev.txt (line 11))
2025-08-19T20:09:16.4382756Z   Using cached click_didyoumean-0.3.1-py3-none-any.whl.metadata (3.9 kB)
2025-08-19T20:09:16.4498141Z Collecting click-repl>=0.2.0 (from celery==5.5.3->-r requirements-dev.txt (line 11))
2025-08-19T20:09:16.4509138Z   Using cached click_repl-0.3.0-py3-none-any.whl.metadata (3.6 kB)
2025-08-19T20:09:16.4628784Z Collecting click-plugins>=1.1.1 (from celery==5.5.3->-r requirements-dev.txt (line 11))
2025-08-19T20:09:16.4639816Z   Using cached click_plugins-1.1.1.2-py2.py3-none-any.whl.metadata (6.5 kB)
2025-08-19T20:09:16.4789696Z Collecting python-dateutil>=2.8.2 (from celery==5.5.3->-r requirements-dev.txt (line 11))
2025-08-19T20:09:16.4800788Z   Using cached python_dateutil-2.9.0.post0-py2.py3-none-any.whl.metadata (8.4 kB)
2025-08-19T20:09:16.5209742Z Collecting annotated-types>=0.6.0 (from pydantic==2.11.7->-r requirements-dev.txt (line 25))
2025-08-19T20:09:16.5220972Z   Using cached annotated_types-0.7.0-py3-none-any.whl.metadata (15 kB)
2025-08-19T20:09:17.1806346Z Collecting pydantic-core==2.33.2 (from pydantic==2.11.7->-r requirements-dev.txt (line 25))
2025-08-19T20:09:17.1819923Z   Using cached pydantic_core-2.33.2-cp312-cp312-manylinux_2_17_x86_64.manylinux2014_x86_64.whl.metadata (6.8 kB)
2025-08-19T20:09:17.1978628Z Collecting typing-inspection>=0.4.0 (from pydantic==2.11.7->-r requirements-dev.txt (line 25))
2025-08-19T20:09:17.1990176Z   Using cached typing_inspection-0.4.1-py3-none-any.whl.metadata (2.6 kB)
2025-08-19T20:09:17.2251788Z Collecting et-xmlfile (from openpyxl==3.1.5->-r requirements-dev.txt (line 21))
2025-08-19T20:09:17.2263369Z   Using cached et_xmlfile-2.0.0-py3-none-any.whl.metadata (2.7 kB)
2025-08-19T20:09:17.2699934Z Collecting pytest<9,>=7.0.0 (from pytest-asyncio==0.23.6->-r requirements-dev.txt (line 27))
2025-08-19T20:09:17.2710625Z   Using cached pytest-8.4.1-py3-none-any.whl.metadata (7.7 kB)
2025-08-19T20:09:17.5755065Z Collecting coverage>=7.5 (from coverage[toml]>=7.5->pytest-cov==6.2.1->-r requirements-dev.txt (line 28))
2025-08-19T20:09:17.5769087Z   Using cached coverage-7.10.4-cp312-cp312-manylinux1_x86_64.manylinux_2_28_x86_64.manylinux_2_5_x86_64.whl.metadata (8.9 kB)
2025-08-19T20:09:17.5920629Z Collecting pluggy>=1.2 (from pytest-cov==6.2.1->-r requirements-dev.txt (line 28))
2025-08-19T20:09:17.5932148Z   Using cached pluggy-1.6.0-py3-none-any.whl.metadata (4.8 kB)
2025-08-19T20:09:17.6206072Z Collecting port-for>=0.7.3 (from pytest-postgresql==7.0.2->-r requirements-dev.txt (line 29))
2025-08-19T20:09:17.6217278Z   Using cached port_for-0.7.4-py3-none-any.whl.metadata (7.1 kB)
2025-08-19T20:09:17.6376704Z Collecting mirakuru>=2.6.0 (from pytest-postgresql==7.0.2->-r requirements-dev.txt (line 29))
2025-08-19T20:09:17.6388063Z   Using cached mirakuru-2.6.1-py3-none-any.whl.metadata (10 kB)
2025-08-19T20:09:17.7221527Z Collecting charset_normalizer<4,>=2 (from requests==2.32.4->-r requirements-dev.txt (line 33))
2025-08-19T20:09:17.7233346Z   Using cached charset_normalizer-3.4.3-cp312-cp312-manylinux2014_x86_64.manylinux_2_17_x86_64.manylinux_2_28_x86_64.whl.metadata (36 kB)
2025-08-19T20:09:17.7408758Z Collecting idna<4,>=2.5 (from requests==2.32.4->-r requirements-dev.txt (line 33))
2025-08-19T20:09:17.7419425Z   Using cached idna-3.10-py3-none-any.whl.metadata (10 kB)
2025-08-19T20:09:17.7720892Z Collecting urllib3<3,>=1.21.1 (from requests==2.32.4->-r requirements-dev.txt (line 33))
2025-08-19T20:09:17.7731472Z   Using cached urllib3-2.5.0-py3-none-any.whl.metadata (6.5 kB)
2025-08-19T20:09:17.7958701Z Collecting certifi>=2017.4.17 (from requests==2.32.4->-r requirements-dev.txt (line 33))
2025-08-19T20:09:17.7970101Z   Using cached certifi-2025.8.3-py3-none-any.whl.metadata (2.4 kB)
2025-08-19T20:09:17.9973531Z Collecting greenlet>=1 (from sqlalchemy==2.0.43->-r requirements-dev.txt (line 36))
2025-08-19T20:09:17.9987320Z   Using cached greenlet-3.2.4-cp312-cp312-manylinux_2_24_x86_64.manylinux_2_28_x86_64.whl.metadata (4.1 kB)
2025-08-19T20:09:18.0240289Z Collecting docker (from testcontainers==4.10.0->testcontainers[postgres]==4.10.0->-r requirements-dev.txt (line 38))
2025-08-19T20:09:18.0252040Z   Using cached docker-7.1.0-py3-none-any.whl.metadata (3.8 kB)
2025-08-19T20:09:18.1237725Z Collecting wrapt (from testcontainers==4.10.0->testcontainers[postgres]==4.10.0->-r requirements-dev.txt (line 38))
2025-08-19T20:09:18.1251741Z   Using cached wrapt-1.17.3-cp312-cp312-manylinux1_x86_64.manylinux_2_28_x86_64.manylinux_2_5_x86_64.whl.metadata (6.4 kB)
2025-08-19T20:09:18.1531329Z Collecting docspec==2.2.1 (from docspec-python==2.2.2->-r requirements-dev.txt (line 40))
2025-08-19T20:09:18.1542157Z   Using cached docspec-2.2.1-py3-none-any.whl.metadata (1.5 kB)
2025-08-19T20:09:18.1725474Z Collecting nr-util>=0.8.12 (from docspec-python==2.2.2->-r requirements-dev.txt (line 40))
2025-08-19T20:09:18.1736873Z   Using cached nr.util-0.8.12-py3-none-any.whl.metadata (813 bytes)
2025-08-19T20:09:18.2096157Z Collecting PyYAML<7.0,>=5.0 (from pydoc-markdown==4.8.2->-r requirements-dev.txt (line 41))
2025-08-19T20:09:18.2107980Z   Using cached PyYAML-6.0.2-cp312-cp312-manylinux_2_17_x86_64.manylinux2014_x86_64.whl.metadata (2.1 kB)
2025-08-19T20:09:18.2396080Z Collecting databind.core<5.0.0,>=4.4.0 (from pydoc-markdown==4.8.2->-r requirements-dev.txt (line 41))
2025-08-19T20:09:18.2407619Z   Using cached databind.core-4.5.2-py3-none-any.whl.metadata (1.1 kB)
2025-08-19T20:09:18.2629383Z Collecting databind.json<5.0.0,>=4.4.0 (from pydoc-markdown==4.8.2->-r requirements-dev.txt (line 41))
2025-08-19T20:09:18.2641113Z   Using cached databind.json-4.5.2-py3-none-any.whl.metadata (1.1 kB)
2025-08-19T20:09:18.2840988Z Collecting docstring-parser<0.12,>=0.11 (from pydoc-markdown==4.8.2->-r requirements-dev.txt (line 41))
2025-08-19T20:09:18.2841981Z   Using cached docstring_parser-0.11-py3-none-any.whl
2025-08-19T20:09:18.3140254Z Collecting tomli<3.0.0,>=2.0.0 (from pydoc-markdown==4.8.2->-r requirements-dev.txt (line 41))
2025-08-19T20:09:18.3152171Z   Using cached tomli-2.2.1-cp312-cp312-manylinux_2_17_x86_64.manylinux2014_x86_64.whl.metadata (11 kB)
2025-08-19T20:09:18.3369634Z Collecting tomli_w<2.0.0,>=1.0.0 (from pydoc-markdown==4.8.2->-r requirements-dev.txt (line 41))
2025-08-19T20:09:18.3381239Z   Using cached tomli_w-1.2.0-py3-none-any.whl.metadata (5.7 kB)
2025-08-19T20:09:18.3849359Z Collecting watchdog (from pydoc-markdown==4.8.2->-r requirements-dev.txt (line 41))
2025-08-19T20:09:18.3861143Z   Using cached watchdog-6.0.0-py3-none-manylinux2014_x86_64.whl.metadata (44 kB)
2025-08-19T20:09:18.4089509Z Collecting yapf>=0.30.0 (from pydoc-markdown==4.8.2->-r requirements-dev.txt (line 41))
2025-08-19T20:09:18.4101007Z   Using cached yapf-0.43.0-py3-none-any.whl.metadata (46 kB)
2025-08-19T20:09:18.4358718Z Collecting Deprecated<2.0.0,>=1.2.12 (from docspec==2.2.1->docspec-python==2.2.2->-r requirements-dev.txt (line 40))
2025-08-19T20:09:18.4373516Z   Using cached Deprecated-1.2.18-py2.py3-none-any.whl.metadata (5.7 kB)
2025-08-19T20:09:18.7386229Z Collecting psycopg-binary==3.2.9 (from psycopg[binary]==3.2.9->-r requirements-dev.txt (line 24))
2025-08-19T20:09:18.7397831Z   Using cached psycopg_binary-3.2.9-cp312-cp312-manylinux_2_17_x86_64.manylinux2014_x86_64.whl.metadata (2.9 kB)
2025-08-19T20:09:18.7744242Z Collecting argon2-cffi (from minio==7.*->-r requirements-dev.txt (line 10))
2025-08-19T20:09:18.7754962Z   Using cached argon2_cffi-25.1.0-py3-none-any.whl.metadata (4.1 kB)
2025-08-19T20:09:18.8547442Z Collecting pycryptodome (from minio==7.*->-r requirements-dev.txt (line 10))
2025-08-19T20:09:18.8562418Z   Using cached pycryptodome-3.23.0-cp37-abi3-manylinux_2_17_x86_64.manylinux2014_x86_64.whl.metadata (3.4 kB)
2025-08-19T20:09:18.8784301Z Collecting anyio (from httpx<0.29,>=0.27->-r requirements-dev.txt (line 15))
2025-08-19T20:09:18.8795298Z   Using cached anyio-4.10.0-py3-none-any.whl.metadata (4.0 kB)
2025-08-19T20:09:18.9006297Z Collecting httpcore==1.* (from httpx<0.29,>=0.27->-r requirements-dev.txt (line 15))
2025-08-19T20:09:18.9017709Z   Using cached httpcore-1.0.9-py3-none-any.whl.metadata (21 kB)
2025-08-19T20:09:18.9357280Z Collecting tzdata>=2022.7 (from pandas==2.2.*->-r requirements-dev.txt (line 22))
2025-08-19T20:09:18.9368538Z   Using cached tzdata-2025.2-py2.py3-none-any.whl.metadata (1.4 kB)
2025-08-19T20:09:18.9536326Z Collecting multimethod<=1.10.0 (from pandera==0.19.*->-r requirements-dev.txt (line 42))
2025-08-19T20:09:18.9547094Z   Using cached multimethod-1.10-py3-none-any.whl.metadata (8.2 kB)
2025-08-19T20:09:18.9923009Z Collecting typeguard (from pandera==0.19.*->-r requirements-dev.txt (line 42))
2025-08-19T20:09:18.9933936Z   Using cached typeguard-4.4.4-py3-none-any.whl.metadata (3.3 kB)
2025-08-19T20:09:19.0065834Z Collecting typing-inspect>=0.6.0 (from pandera==0.19.*->-r requirements-dev.txt (line 42))
2025-08-19T20:09:19.0076524Z   Using cached typing_inspect-0.9.0-py3-none-any.whl.metadata (1.5 kB)
2025-08-19T20:09:19.0361348Z Collecting databind<5.0.0,>=4.5.2 (from databind.core<5.0.0,>=4.4.0->pydoc-markdown==4.8.2->-r requirements-dev.txt (line 41))
2025-08-19T20:09:19.0372299Z   Using cached databind-4.5.2-py3-none-any.whl.metadata (4.3 kB)
2025-08-19T20:09:19.0525840Z Collecting nr-date<3.0.0,>=2.0.0 (from databind<5.0.0,>=4.5.2->databind.core<5.0.0,>=4.4.0->pydoc-markdown==4.8.2->-r requirements-dev.txt (line 41))
2025-08-19T20:09:19.0536678Z   Using cached nr_date-2.1.0-py3-none-any.whl.metadata (746 bytes)
2025-08-19T20:09:19.0689767Z Collecting nr-stream<2.0.0,>=1.0.0 (from databind<5.0.0,>=4.5.2->databind.core<5.0.0,>=4.4.0->pydoc-markdown==4.8.2->-r requirements-dev.txt (line 41))
2025-08-19T20:09:19.0700962Z   Using cached nr_stream-1.1.5-py3-none-any.whl.metadata (3.6 kB)
2025-08-19T20:09:19.0884160Z Collecting typeapi<3,>=2.0.1 (from databind<5.0.0,>=4.5.2->databind.core<5.0.0,>=4.4.0->pydoc-markdown==4.8.2->-r requirements-dev.txt (line 41))
2025-08-19T20:09:19.0895048Z   Using cached typeapi-2.2.4-py3-none-any.whl.metadata (1.5 kB)
2025-08-19T20:09:19.1195056Z Collecting h11>=0.16 (from httpcore==1.*->httpx<0.29,>=0.27->-r requirements-dev.txt (line 15))
2025-08-19T20:09:19.1205868Z   Using cached h11-0.16.0-py3-none-any.whl.metadata (8.3 kB)
2025-08-19T20:09:19.1435146Z Collecting amqp<6.0.0,>=5.1.1 (from kombu<5.6,>=5.5.2->celery==5.5.3->-r requirements-dev.txt (line 11))
2025-08-19T20:09:19.1446243Z   Using cached amqp-5.3.1-py3-none-any.whl.metadata (8.9 kB)
2025-08-19T20:09:19.1843514Z Collecting iniconfig>=1 (from pytest<9,>=7.0.0->pytest-asyncio==0.23.6->-r requirements-dev.txt (line 27))
2025-08-19T20:09:19.1854597Z   Using cached iniconfig-2.1.0-py3-none-any.whl.metadata (2.7 kB)
2025-08-19T20:09:19.2084849Z Collecting pygments>=2.7.2 (from pytest<9,>=7.0.0->pytest-asyncio==0.23.6->-r requirements-dev.txt (line 27))
2025-08-19T20:09:19.2095959Z   Using cached pygments-2.19.2-py3-none-any.whl.metadata (2.5 kB)
2025-08-19T20:09:19.2443338Z Collecting sniffio>=1.1 (from anyio->httpx<0.29,>=0.27->-r requirements-dev.txt (line 15))
2025-08-19T20:09:19.2454807Z   Using cached sniffio-1.3.1-py3-none-any.whl.metadata (3.9 kB)
2025-08-19T20:09:19.6600717Z Collecting botocore<1.41.0,>=1.40.12 (from boto3->-r requirements-dev.txt (line 8))
2025-08-19T20:09:19.6614120Z   Using cached botocore-1.40.12-py3-none-any.whl.metadata (5.7 kB)
2025-08-19T20:09:19.6774194Z Collecting jmespath<2.0.0,>=0.7.1 (from boto3->-r requirements-dev.txt (line 8))
2025-08-19T20:09:19.6786028Z   Using cached jmespath-1.0.1-py3-none-any.whl.metadata (7.6 kB)
2025-08-19T20:09:19.7028219Z Collecting s3transfer<0.14.0,>=0.13.0 (from boto3->-r requirements-dev.txt (line 8))
2025-08-19T20:09:19.7039614Z   Using cached s3transfer-0.13.1-py3-none-any.whl.metadata (1.7 kB)
2025-08-19T20:09:19.8497122Z Collecting fastapi-cli>=0.0.8 (from fastapi-cli[standard]>=0.0.8; extra == "all"->fastapi[all]->-r requirements-dev.txt (line 13))
2025-08-19T20:09:19.8507891Z   Using cached fastapi_cli-0.0.8-py3-none-any.whl.metadata (6.3 kB)
2025-08-19T20:09:19.9213214Z Collecting ujson!=4.0.2,!=4.1.0,!=4.2.0,!=4.3.0,!=5.0.0,!=5.1.0,>=4.0.1 (from fastapi[all]->-r requirements-dev.txt (line 13))
2025-08-19T20:09:19.9224357Z   Using cached ujson-5.10.0-cp312-cp312-manylinux_2_17_x86_64.manylinux2014_x86_64.whl.metadata (9.3 kB)
2025-08-19T20:09:20.1507174Z Collecting orjson>=3.2.1 (from fastapi[all]->-r requirements-dev.txt (line 13))
2025-08-19T20:09:20.1520120Z   Using cached orjson-3.11.2-cp312-cp312-manylinux_2_17_x86_64.manylinux2014_x86_64.whl.metadata (1.2 kB)
2025-08-19T20:09:20.1676503Z Collecting email-validator>=2.0.0 (from fastapi[all]->-r requirements-dev.txt (line 13))
2025-08-19T20:09:20.1688513Z   Using cached email_validator-2.2.0-py3-none-any.whl.metadata (25 kB)
2025-08-19T20:09:20.1998530Z Collecting uvicorn>=0.12.0 (from uvicorn[standard]>=0.12.0; extra == "all"->fastapi[all]->-r requirements-dev.txt (line 13))
2025-08-19T20:09:20.2009646Z   Using cached uvicorn-0.35.0-py3-none-any.whl.metadata (6.5 kB)
2025-08-19T20:09:20.2207921Z Collecting pydantic-settings>=2.0.0 (from fastapi[all]->-r requirements-dev.txt (line 13))
2025-08-19T20:09:20.2219221Z   Using cached pydantic_settings-2.10.1-py3-none-any.whl.metadata (3.4 kB)
2025-08-19T20:09:20.2385385Z Collecting pydantic-extra-types>=2.0.0 (from fastapi[all]->-r requirements-dev.txt (line 13))
2025-08-19T20:09:20.2396618Z   Using cached pydantic_extra_types-2.10.5-py3-none-any.whl.metadata (3.9 kB)
2025-08-19T20:09:20.3088277Z Collecting prompt-toolkit>=3.0.36 (from click-repl>=0.2.0->celery==5.5.3->-r requirements-dev.txt (line 11))
2025-08-19T20:09:20.3099373Z   Using cached prompt_toolkit-3.0.51-py3-none-any.whl.metadata (6.4 kB)
2025-08-19T20:09:20.3345598Z Collecting dnspython>=2.0.0 (from email-validator>=2.0.0->fastapi[all]->-r requirements-dev.txt (line 13))
2025-08-19T20:09:20.3356875Z   Using cached dnspython-2.7.0-py3-none-any.whl.metadata (5.8 kB)
2025-08-19T20:09:20.3662082Z Collecting typer>=0.15.1 (from fastapi-cli>=0.0.8->fastapi-cli[standard]>=0.0.8; extra == "all"->fastapi[all]->-r requirements-dev.txt (line 13))
2025-08-19T20:09:20.3673871Z   Using cached typer-0.16.1-py3-none-any.whl.metadata (15 kB)
2025-08-19T20:09:20.3963983Z Collecting rich-toolkit>=0.14.8 (from fastapi-cli>=0.0.8->fastapi-cli[standard]>=0.0.8; extra == "all"->fastapi[all]->-r requirements-dev.txt (line 13))
2025-08-19T20:09:20.3974758Z   Using cached rich_toolkit-0.15.0-py3-none-any.whl.metadata (1.0 kB)
2025-08-19T20:09:20.4126342Z Collecting fastapi-cloud-cli>=0.1.1 (from fastapi-cli[standard]>=0.0.8; extra == "all"->fastapi[all]->-r requirements-dev.txt (line 13))
2025-08-19T20:09:20.4137728Z   Using cached fastapi_cloud_cli-0.1.5-py3-none-any.whl.metadata (3.2 kB)
2025-08-19T20:09:20.4871667Z Collecting rignore>=0.5.1 (from fastapi-cloud-cli>=0.1.1->fastapi-cli[standard]>=0.0.8; extra == "all"->fastapi[all]->-r requirements-dev.txt (line 13))
2025-08-19T20:09:20.4882996Z   Using cached rignore-0.6.4-cp312-cp312-manylinux_2_17_x86_64.manylinux2014_x86_64.whl.metadata (3.8 kB)
2025-08-19T20:09:20.5591447Z Collecting sentry-sdk>=2.20.0 (from fastapi-cloud-cli>=0.1.1->fastapi-cli[standard]>=0.0.8; extra == "all"->fastapi[all]->-r requirements-dev.txt (line 13))
2025-08-19T20:09:20.5602237Z   Using cached sentry_sdk-2.35.0-py2.py3-none-any.whl.metadata (10 kB)
2025-08-19T20:09:20.6537558Z Collecting psutil>=4.0.0 (from mirakuru>=2.6.0->pytest-postgresql==7.0.2->-r requirements-dev.txt (line 29))
2025-08-19T20:09:20.6549653Z   Using cached psutil-7.0.0-cp36-abi3-manylinux_2_12_x86_64.manylinux2010_x86_64.manylinux_2_17_x86_64.manylinux2014_x86_64.whl.metadata (22 kB)
2025-08-19T20:09:20.6889330Z Collecting wcwidth (from prompt-toolkit>=3.0.36->click-repl>=0.2.0->celery==5.5.3->-r requirements-dev.txt (line 11))
2025-08-19T20:09:20.6900216Z   Using cached wcwidth-0.2.13-py2.py3-none-any.whl.metadata (14 kB)
2025-08-19T20:09:20.7796907Z Collecting rich>=13.7.1 (from rich-toolkit>=0.14.8->fastapi-cli>=0.0.8->fastapi-cli[standard]>=0.0.8; extra == "all"->fastapi[all]->-r requirements-dev.txt (line 13))
2025-08-19T20:09:20.7807793Z   Using cached rich-14.1.0-py3-none-any.whl.metadata (18 kB)
2025-08-19T20:09:20.8020857Z Collecting markdown-it-py>=2.2.0 (from rich>=13.7.1->rich-toolkit>=0.14.8->fastapi-cli>=0.0.8->fastapi-cli[standard]>=0.0.8; extra == "all"->fastapi[all]->-r requirements-dev.txt (line 13))
2025-08-19T20:09:20.8031420Z   Using cached markdown_it_py-4.0.0-py3-none-any.whl.metadata (7.3 kB)
2025-08-19T20:09:20.8269428Z Collecting mdurl~=0.1 (from markdown-it-py>=2.2.0->rich>=13.7.1->rich-toolkit>=0.14.8->fastapi-cli>=0.0.8->fastapi-cli[standard]>=0.0.8; extra == "all"->fastapi[all]->-r requirements-dev.txt (line 13))
2025-08-19T20:09:20.8280914Z   Using cached mdurl-0.1.2-py3-none-any.whl.metadata (1.6 kB)
2025-08-19T20:09:20.8893843Z Collecting shellingham>=1.3.0 (from typer>=0.15.1->fastapi-cli>=0.0.8->fastapi-cli[standard]>=0.0.8; extra == "all"->fastapi[all]->-r requirements-dev.txt (line 13))
2025-08-19T20:09:20.8904996Z   Using cached shellingham-1.5.4-py2.py3-none-any.whl.metadata (3.5 kB)
2025-08-19T20:09:20.9725994Z Collecting httptools>=0.6.3 (from uvicorn[standard]>=0.12.0; extra == "all"->fastapi[all]->-r requirements-dev.txt (line 13))
2025-08-19T20:09:20.9737928Z   Using cached httptools-0.6.4-cp312-cp312-manylinux_2_5_x86_64.manylinux1_x86_64.manylinux_2_17_x86_64.manylinux2014_x86_64.whl.metadata (3.6 kB)
2025-08-19T20:09:21.0176678Z Collecting uvloop>=0.15.1 (from uvicorn[standard]>=0.12.0; extra == "all"->fastapi[all]->-r requirements-dev.txt (line 13))
2025-08-19T20:09:21.0188485Z   Using cached uvloop-0.21.0-cp312-cp312-manylinux_2_17_x86_64.manylinux2014_x86_64.whl.metadata (4.9 kB)
2025-08-19T20:09:21.0906392Z Collecting watchfiles>=0.13 (from uvicorn[standard]>=0.12.0; extra == "all"->fastapi[all]->-r requirements-dev.txt (line 13))
2025-08-19T20:09:21.0917920Z   Using cached watchfiles-1.1.0-cp312-cp312-manylinux_2_17_x86_64.manylinux2014_x86_64.whl.metadata (4.9 kB)
2025-08-19T20:09:21.1769601Z Collecting websockets>=10.4 (from uvicorn[standard]>=0.12.0; extra == "all"->fastapi[all]->-r requirements-dev.txt (line 13))
2025-08-19T20:09:21.1781448Z   Using cached websockets-15.0.1-cp312-cp312-manylinux_2_5_x86_64.manylinux1_x86_64.manylinux_2_17_x86_64.manylinux2014_x86_64.whl.metadata (6.8 kB)
2025-08-19T20:09:21.2237984Z Collecting argon2-cffi-bindings (from argon2-cffi->minio==7.*->-r requirements-dev.txt (line 10))
2025-08-19T20:09:21.2249704Z   Using cached argon2_cffi_bindings-25.1.0-cp39-abi3-manylinux_2_26_x86_64.manylinux_2_28_x86_64.whl.metadata (7.4 kB)
2025-08-19T20:09:21.4434089Z Collecting cffi>=1.0.1 (from argon2-cffi-bindings->argon2-cffi->minio==7.*->-r requirements-dev.txt (line 10))
2025-08-19T20:09:21.4447236Z   Using cached cffi-1.17.1-cp312-cp312-manylinux_2_17_x86_64.manylinux2014_x86_64.whl.metadata (1.5 kB)
2025-08-19T20:09:21.4605713Z Collecting pycparser (from cffi>=1.0.1->argon2-cffi-bindings->argon2-cffi->minio==7.*->-r requirements-dev.txt (line 10))
2025-08-19T20:09:21.4616953Z   Using cached pycparser-2.22-py3-none-any.whl.metadata (943 bytes)
2025-08-19T20:09:21.5229705Z Using cached jinja2-3.1.6-py3-none-any.whl (134 kB)
2025-08-19T20:09:21.5242007Z Using cached alembic-1.13.1-py3-none-any.whl (233 kB)
2025-08-19T20:09:21.5254535Z Using cached APScheduler-3.10.4-py3-none-any.whl (59 kB)
2025-08-19T20:09:21.5265815Z Using cached asgi_correlation_id-4.3.1-py3-none-any.whl (15 kB)
2025-08-19T20:09:21.5277048Z Using cached asyncpg-0.30.0-cp312-cp312-manylinux_2_17_x86_64.manylinux2014_x86_64.whl (3.6 MB)
2025-08-19T20:09:21.5314451Z Using cached black-25.1.0-cp312-cp312-manylinux_2_17_x86_64.manylinux2014_x86_64.manylinux_2_28_x86_64.whl (1.8 MB)
2025-08-19T20:09:21.5337245Z Using cached celery-5.5.3-py3-none-any.whl (438 kB)
2025-08-19T20:09:21.5350813Z Using cached fastapi-0.116.1-py3-none-any.whl (95 kB)
2025-08-19T20:09:21.5362198Z Using cached pydantic-2.11.7-py3-none-any.whl (444 kB)
2025-08-19T20:09:21.5375806Z Using cached fastapi_limiter-0.1.6-py3-none-any.whl (15 kB)
2025-08-19T20:09:21.5386467Z Using cached IMAPClient-3.0.1-py2.py3-none-any.whl (182 kB)
2025-08-19T20:09:21.5398218Z Using cached mypy_extensions-1.1.0-py3-none-any.whl (5.0 kB)
2025-08-19T20:09:21.5408900Z Using cached openpyxl-3.1.5-py2.py3-none-any.whl (250 kB)
2025-08-19T20:09:21.5421501Z Using cached psycopg2_binary-2.9.10-cp312-cp312-manylinux_2_17_x86_64.manylinux2014_x86_64.whl (3.0 MB)
2025-08-19T20:09:21.5453480Z Using cached psycopg-3.2.9-py3-none-any.whl (202 kB)
2025-08-19T20:09:21.5465292Z Using cached pytest_asyncio-0.23.6-py3-none-any.whl (17 kB)
2025-08-19T20:09:21.5475934Z Using cached pytest_cov-6.2.1-py3-none-any.whl (24 kB)
2025-08-19T20:09:21.5486782Z Using cached pytest_postgresql-7.0.2-py3-none-any.whl (41 kB)
2025-08-19T20:09:21.5497577Z Using cached python_telegram_bot-22.3-py3-none-any.whl (717 kB)
2025-08-19T20:09:21.5513525Z Using cached requests-2.32.4-py3-none-any.whl (64 kB)
2025-08-19T20:09:21.5524405Z Using cached respx-0.22.0-py2.py3-none-any.whl (25 kB)
2025-08-19T20:09:21.5535442Z Using cached ruff-0.4.4-py3-none-manylinux_2_17_x86_64.manylinux2014_x86_64.whl (8.7 MB)
2025-08-19T20:09:21.5608079Z Using cached sqlalchemy-2.0.43-cp312-cp312-manylinux_2_17_x86_64.manylinux2014_x86_64.whl (3.3 MB)
2025-08-19T20:09:21.5642070Z Using cached structlog-24.1.0-py3-none-any.whl (65 kB)
2025-08-19T20:09:21.5653181Z Using cached testcontainers-4.10.0-py3-none-any.whl (107 kB)
2025-08-19T20:09:21.5664668Z Using cached types_requests-2.32.4.20250809-py3-none-any.whl (20 kB)
2025-08-19T20:09:21.5675424Z Using cached docspec_python-2.2.2-py3-none-any.whl (15 kB)
2025-08-19T20:09:21.5686080Z Using cached pydoc_markdown-4.8.2-py3-none-any.whl (67 kB)
2025-08-19T20:09:21.5697095Z Using cached docspec-2.2.1-py3-none-any.whl (9.8 kB)
2025-08-19T20:09:21.5708042Z Using cached psycopg_binary-3.2.9-cp312-cp312-manylinux_2_17_x86_64.manylinux2014_x86_64.whl (4.4 MB)
2025-08-19T20:09:21.5750212Z Using cached pydantic_core-2.33.2-cp312-cp312-manylinux_2_17_x86_64.manylinux2014_x86_64.whl (2.0 MB)
2025-08-19T20:09:21.5774972Z Using cached redis-6.4.0-py3-none-any.whl (279 kB)
2025-08-19T20:09:21.5788429Z Using cached minio-7.2.16-py3-none-any.whl (95 kB)
2025-08-19T20:09:21.5799781Z Using cached httpx-0.28.1-py3-none-any.whl (73 kB)
2025-08-19T20:09:21.5811486Z Using cached mypy-1.17.1-cp312-cp312-manylinux2014_x86_64.manylinux_2_17_x86_64.manylinux_2_28_x86_64.whl (12.7 MB)
2025-08-19T20:09:21.5938830Z Using cached numpy-1.26.4-cp312-cp312-manylinux_2_17_x86_64.manylinux2014_x86_64.whl (18.0 MB)
2025-08-19T20:09:21.6075397Z Using cached pandas-2.2.3-cp312-cp312-manylinux_2_17_x86_64.manylinux2014_x86_64.whl (12.7 MB)
2025-08-19T20:09:21.6175476Z Using cached pandera-0.19.3-py3-none-any.whl (251 kB)
2025-08-19T20:09:21.6187843Z Using cached billiard-4.2.1-py3-none-any.whl (86 kB)
2025-08-19T20:09:21.6200163Z Using cached charset_normalizer-3.4.3-cp312-cp312-manylinux2014_x86_64.manylinux_2_17_x86_64.manylinux_2_28_x86_64.whl (151 kB)
2025-08-19T20:09:21.6211661Z Using cached click-8.2.1-py3-none-any.whl (102 kB)
2025-08-19T20:09:21.6223133Z Using cached databind.core-4.5.2-py3-none-any.whl (1.5 kB)
2025-08-19T20:09:21.6233596Z Using cached databind-4.5.2-py3-none-any.whl (49 kB)
2025-08-19T20:09:21.6244631Z Using cached databind.json-4.5.2-py3-none-any.whl (1.5 kB)
2025-08-19T20:09:21.6255331Z Using cached Deprecated-1.2.18-py2.py3-none-any.whl (10.0 kB)
2025-08-19T20:09:21.6265953Z Using cached httpcore-1.0.9-py3-none-any.whl (78 kB)
2025-08-19T20:09:21.6277018Z Using cached idna-3.10-py3-none-any.whl (70 kB)
2025-08-19T20:09:21.6288049Z Using cached kombu-5.5.4-py3-none-any.whl (210 kB)
2025-08-19T20:09:21.6300151Z Using cached vine-5.1.0-py3-none-any.whl (9.6 kB)
2025-08-19T20:09:21.6310663Z Using cached amqp-5.3.1-py3-none-any.whl (50 kB)
2025-08-19T20:09:21.6321660Z Using cached multimethod-1.10-py3-none-any.whl (9.9 kB)
2025-08-19T20:09:21.6332114Z Using cached nr_date-2.1.0-py3-none-any.whl (10 kB)
2025-08-19T20:09:21.6342696Z Using cached nr_stream-1.1.5-py3-none-any.whl (10 kB)
2025-08-19T20:09:21.6353330Z Using cached nr.util-0.8.12-py3-none-any.whl (90 kB)
2025-08-19T20:09:21.6364590Z Using cached pytest-8.4.1-py3-none-any.whl (365 kB)
2025-08-19T20:09:21.6377727Z Using cached pluggy-1.6.0-py3-none-any.whl (20 kB)
2025-08-19T20:09:21.6388833Z Using cached PyYAML-6.0.2-cp312-cp312-manylinux_2_17_x86_64.manylinux2014_x86_64.whl (767 kB)
2025-08-19T20:09:21.6404538Z Using cached starlette-0.47.2-py3-none-any.whl (72 kB)
2025-08-19T20:09:21.6415591Z Using cached anyio-4.10.0-py3-none-any.whl (107 kB)
2025-08-19T20:09:21.6427105Z Using cached tomli-2.2.1-cp312-cp312-manylinux_2_17_x86_64.manylinux2014_x86_64.whl (242 kB)
2025-08-19T20:09:21.6439232Z Using cached tomli_w-1.2.0-py3-none-any.whl (6.7 kB)
2025-08-19T20:09:21.6449715Z Using cached typeapi-2.2.4-py3-none-any.whl (26 kB)
2025-08-19T20:09:21.6460774Z Using cached typing_extensions-4.14.1-py3-none-any.whl (43 kB)
2025-08-19T20:09:21.6471792Z Using cached urllib3-2.5.0-py3-none-any.whl (129 kB)
2025-08-19T20:09:21.6483652Z Using cached wrapt-1.17.3-cp312-cp312-manylinux1_x86_64.manylinux_2_28_x86_64.manylinux_2_5_x86_64.whl (88 kB)
2025-08-19T20:09:21.6494593Z Using cached boto3-1.40.12-py3-none-any.whl (140 kB)
2025-08-19T20:09:21.6506149Z Using cached botocore-1.40.12-py3-none-any.whl (14.0 MB)
2025-08-19T20:09:21.6615517Z Using cached jmespath-1.0.1-py3-none-any.whl (20 kB)
2025-08-19T20:09:21.6626523Z Using cached python_dateutil-2.9.0.post0-py2.py3-none-any.whl (229 kB)
2025-08-19T20:09:21.6638560Z Using cached s3transfer-0.13.1-py3-none-any.whl (85 kB)
2025-08-19T20:09:21.6649921Z Using cached itsdangerous-2.2.0-py3-none-any.whl (16 kB)
2025-08-19T20:09:21.6660805Z Using cached setuptools-80.9.0-py3-none-any.whl (1.2 MB)
2025-08-19T20:09:21.6680027Z Using cached python_dotenv-1.1.1-py3-none-any.whl (20 kB)
2025-08-19T20:09:21.6691198Z Using cached python_multipart-0.0.20-py3-none-any.whl (24 kB)
2025-08-19T20:09:21.6702026Z Using cached annotated_types-0.7.0-py3-none-any.whl (13 kB)
2025-08-19T20:09:21.6712743Z Using cached certifi-2025.8.3-py3-none-any.whl (161 kB)
2025-08-19T20:09:21.6724543Z Using cached click_didyoumean-0.3.1-py3-none-any.whl (3.6 kB)
2025-08-19T20:09:21.6735129Z Using cached click_plugins-1.1.1.2-py2.py3-none-any.whl (11 kB)
2025-08-19T20:09:21.6746207Z Using cached click_repl-0.3.0-py3-none-any.whl (10 kB)
2025-08-19T20:09:21.6757260Z Using cached coverage-7.10.4-cp312-cp312-manylinux1_x86_64.manylinux_2_28_x86_64.manylinux_2_5_x86_64.whl (251 kB)
2025-08-19T20:09:21.6769167Z Using cached email_validator-2.2.0-py3-none-any.whl (33 kB)
2025-08-19T20:09:21.6780016Z Using cached dnspython-2.7.0-py3-none-any.whl (313 kB)
2025-08-19T20:09:21.6793077Z Using cached fastapi_cli-0.0.8-py3-none-any.whl (10 kB)
2025-08-19T20:09:21.6803771Z Using cached fastapi_cloud_cli-0.1.5-py3-none-any.whl (18 kB)
2025-08-19T20:09:21.6814840Z Using cached greenlet-3.2.4-cp312-cp312-manylinux_2_24_x86_64.manylinux_2_28_x86_64.whl (607 kB)
2025-08-19T20:09:21.6829399Z Using cached h11-0.16.0-py3-none-any.whl (37 kB)
2025-08-19T20:09:21.6840665Z Using cached iniconfig-2.1.0-py3-none-any.whl (6.0 kB)
2025-08-19T20:09:21.6851929Z Using cached MarkupSafe-3.0.2-cp312-cp312-manylinux_2_17_x86_64.manylinux2014_x86_64.whl (23 kB)
2025-08-19T20:09:21.6862521Z Using cached mirakuru-2.6.1-py3-none-any.whl (26 kB)
2025-08-19T20:09:21.6873577Z Using cached orjson-3.11.2-cp312-cp312-manylinux_2_17_x86_64.manylinux2014_x86_64.whl (121 kB)
2025-08-19T20:09:21.6884669Z Using cached packaging-25.0-py3-none-any.whl (66 kB)
2025-08-19T20:09:21.6895733Z Using cached pathspec-0.12.1-py3-none-any.whl (31 kB)
2025-08-19T20:09:21.6906616Z Using cached platformdirs-4.3.8-py3-none-any.whl (18 kB)
2025-08-19T20:09:21.6917364Z Using cached port_for-0.7.4-py3-none-any.whl (21 kB)
2025-08-19T20:09:21.6928035Z Using cached prompt_toolkit-3.0.51-py3-none-any.whl (387 kB)
2025-08-19T20:09:21.6942086Z Using cached psutil-7.0.0-cp36-abi3-manylinux_2_12_x86_64.manylinux2010_x86_64.manylinux_2_17_x86_64.manylinux2014_x86_64.whl (277 kB)
2025-08-19T20:09:21.6954259Z Using cached pydantic_extra_types-2.10.5-py3-none-any.whl (38 kB)
2025-08-19T20:09:21.6965183Z Using cached pydantic_settings-2.10.1-py3-none-any.whl (45 kB)
2025-08-19T20:09:21.6976046Z Using cached pygments-2.19.2-py3-none-any.whl (1.2 MB)
2025-08-19T20:09:21.6996382Z Using cached pytz-2025.2-py2.py3-none-any.whl (509 kB)
2025-08-19T20:09:21.7010296Z Using cached rich_toolkit-0.15.0-py3-none-any.whl (29 kB)
2025-08-19T20:09:21.7021806Z Using cached rich-14.1.0-py3-none-any.whl (243 kB)
2025-08-19T20:09:21.7034066Z Using cached markdown_it_py-4.0.0-py3-none-any.whl (87 kB)
2025-08-19T20:09:21.7045120Z Using cached mdurl-0.1.2-py3-none-any.whl (10.0 kB)
2025-08-19T20:09:21.7056353Z Using cached rignore-0.6.4-cp312-cp312-manylinux_2_17_x86_64.manylinux2014_x86_64.whl (949 kB)
2025-08-19T20:09:21.7073686Z Using cached sentry_sdk-2.35.0-py2.py3-none-any.whl (363 kB)
2025-08-19T20:09:21.7086716Z Using cached six-1.17.0-py2.py3-none-any.whl (11 kB)
2025-08-19T20:09:21.7097492Z Using cached sniffio-1.3.1-py3-none-any.whl (10 kB)
2025-08-19T20:09:21.7108169Z Using cached typer-0.16.1-py3-none-any.whl (46 kB)
2025-08-19T20:09:21.7119005Z Using cached shellingham-1.5.4-py2.py3-none-any.whl (9.8 kB)
2025-08-19T20:09:21.7129517Z Using cached typing_inspect-0.9.0-py3-none-any.whl (8.8 kB)
2025-08-19T20:09:21.7140346Z Using cached typing_inspection-0.4.1-py3-none-any.whl (14 kB)
2025-08-19T20:09:21.7151064Z Using cached tzdata-2025.2-py2.py3-none-any.whl (347 kB)
2025-08-19T20:09:21.7164191Z Using cached tzlocal-5.3.1-py3-none-any.whl (18 kB)
2025-08-19T20:09:21.7175258Z Using cached ujson-5.10.0-cp312-cp312-manylinux_2_17_x86_64.manylinux2014_x86_64.whl (53 kB)
2025-08-19T20:09:21.7187109Z Using cached uvicorn-0.35.0-py3-none-any.whl (66 kB)
2025-08-19T20:09:21.7199019Z Using cached httptools-0.6.4-cp312-cp312-manylinux_2_5_x86_64.manylinux1_x86_64.manylinux_2_17_x86_64.manylinux2014_x86_64.whl (510 kB)
2025-08-19T20:09:21.7213145Z Using cached uvloop-0.21.0-cp312-cp312-manylinux_2_17_x86_64.manylinux2014_x86_64.whl (4.7 MB)
2025-08-19T20:09:21.7257181Z Using cached watchfiles-1.1.0-cp312-cp312-manylinux_2_17_x86_64.manylinux2014_x86_64.whl (452 kB)
2025-08-19T20:09:21.7271976Z Using cached websockets-15.0.1-cp312-cp312-manylinux_2_5_x86_64.manylinux1_x86_64.manylinux_2_17_x86_64.manylinux2014_x86_64.whl (182 kB)
2025-08-19T20:09:21.7283353Z Using cached yapf-0.43.0-py3-none-any.whl (256 kB)
2025-08-19T20:09:21.7295789Z Using cached argon2_cffi-25.1.0-py3-none-any.whl (14 kB)
2025-08-19T20:09:21.7307058Z Using cached argon2_cffi_bindings-25.1.0-cp39-abi3-manylinux_2_26_x86_64.manylinux_2_28_x86_64.whl (87 kB)
2025-08-19T20:09:21.7318436Z Using cached cffi-1.17.1-cp312-cp312-manylinux_2_17_x86_64.manylinux2014_x86_64.whl (479 kB)
2025-08-19T20:09:21.7332401Z Using cached docker-7.1.0-py3-none-any.whl (147 kB)
2025-08-19T20:09:21.7344030Z Using cached et_xmlfile-2.0.0-py3-none-any.whl (18 kB)
2025-08-19T20:09:21.7354675Z Using cached mako-1.3.10-py3-none-any.whl (78 kB)
2025-08-19T20:09:21.7365798Z Using cached pycparser-2.22-py3-none-any.whl (117 kB)
2025-08-19T20:09:21.7377629Z Using cached pycryptodome-3.23.0-cp37-abi3-manylinux_2_17_x86_64.manylinux2014_x86_64.whl (2.3 MB)
2025-08-19T20:09:21.7403942Z Using cached typeguard-4.4.4-py3-none-any.whl (34 kB)
2025-08-19T20:09:21.7414881Z Using cached watchdog-6.0.0-py3-none-manylinux2014_x86_64.whl (79 kB)
2025-08-19T20:09:21.7425917Z Using cached wcwidth-0.2.13-py2.py3-none-any.whl (34 kB)
2025-08-19T20:09:22.2106955Z Installing collected packages: wcwidth, pytz, wrapt, websockets, watchdog, vine, uvloop, urllib3, ujson, tzlocal, tzdata, typing-extensions, tomli_w, tomli, structlog, sniffio, six, shellingham, setuptools, ruff, rignore, redis, PyYAML, python-multipart, python-dotenv, pygments, pycryptodome, pycparser, psycopg2-binary, psycopg-binary, psutil, prompt-toolkit, port-for, pluggy, platformdirs, pathspec, packaging, orjson, numpy, nr-stream, nr-date, mypy-extensions, multimethod, mdurl, MarkupSafe, jmespath, itsdangerous, iniconfig, imapclient, idna, httptools, h11, greenlet, et-xmlfile, docstring-parser, dnspython, coverage, click, charset_normalizer, certifi, billiard, asyncpg, annotated-types, yapf, uvicorn, typing-inspection, typing-inspect, types-requests, typeguard, typeapi, sqlalchemy, sentry-sdk, requests, python-dateutil, pytest, pydantic-core, psycopg, openpyxl, mypy, mirakuru, markdown-it-py, Mako, Jinja2, httpcore, email-validator, Deprecated, click-repl, click-plugins, click-didyoumean, cffi, black, apscheduler, anyio, amqp, watchfiles, starlette, rich, pytest-postgresql, pytest-cov, pytest-asyncio, pydantic, pandas, nr-util, kombu, httpx, docker, databind, botocore, argon2-cffi-bindings, alembic, typer, testcontainers, s3transfer, rich-toolkit, respx, python-telegram-bot, pydantic-settings, pydantic-extra-types, pandera, fastapi, databind.json, databind.core, celery, asgi-correlation-id, argon2-cffi, minio, fastapi-limiter, fastapi-cloud-cli, fastapi-cli, docspec, boto3, docspec-python, pydoc-markdown
2025-08-19T20:09:41.2976794Z 
2025-08-19T20:09:41.3096533Z Successfully installed Deprecated-1.2.18 Jinja2-3.1.6 Mako-1.3.10 MarkupSafe-3.0.2 PyYAML-6.0.2 alembic-1.13.1 amqp-5.3.1 annotated-types-0.7.0 anyio-4.10.0 apscheduler-3.10.4 argon2-cffi-25.1.0 argon2-cffi-bindings-25.1.0 asgi-correlation-id-4.3.1 asyncpg-0.30.0 billiard-4.2.1 black-25.1.0 boto3-1.40.12 botocore-1.40.12 celery-5.5.3 certifi-2025.8.3 cffi-1.17.1 charset_normalizer-3.4.3 click-8.2.1 click-didyoumean-0.3.1 click-plugins-1.1.1.2 click-repl-0.3.0 coverage-7.10.4 databind-4.5.2 databind.core-4.5.2 databind.json-4.5.2 dnspython-2.7.0 docker-7.1.0 docspec-2.2.1 docspec-python-2.2.2 docstring-parser-0.11 email-validator-2.2.0 et-xmlfile-2.0.0 fastapi-0.116.1 fastapi-cli-0.0.8 fastapi-cloud-cli-0.1.5 fastapi-limiter-0.1.6 greenlet-3.2.4 h11-0.16.0 httpcore-1.0.9 httptools-0.6.4 httpx-0.28.1 idna-3.10 imapclient-3.0.1 iniconfig-2.1.0 itsdangerous-2.2.0 jmespath-1.0.1 kombu-5.5.4 markdown-it-py-4.0.0 mdurl-0.1.2 minio-7.2.16 mirakuru-2.6.1 multimethod-1.10 mypy-1.17.1 mypy-extensions-1.1.0 nr-date-2.1.0 nr-stream-1.1.5 nr-util-0.8.12 numpy-1.26.4 openpyxl-3.1.5 orjson-3.11.2 packaging-25.0 pandas-2.2.3 pandera-0.19.3 pathspec-0.12.1 platformdirs-4.3.8 pluggy-1.6.0 port-for-0.7.4 prompt-toolkit-3.0.51 psutil-7.0.0 psycopg-3.2.9 psycopg-binary-3.2.9 psycopg2-binary-2.9.10 pycparser-2.22 pycryptodome-3.23.0 pydantic-2.11.7 pydantic-core-2.33.2 pydantic-extra-types-2.10.5 pydantic-settings-2.10.1 pydoc-markdown-4.8.2 pygments-2.19.2 pytest-8.4.1 pytest-asyncio-0.23.6 pytest-cov-6.2.1 pytest-postgresql-7.0.2 python-dateutil-2.9.0.post0 python-dotenv-1.1.1 python-multipart-0.0.20 python-telegram-bot-22.3 pytz-2025.2 redis-6.4.0 requests-2.32.4 respx-0.22.0 rich-14.1.0 rich-toolkit-0.15.0 rignore-0.6.4 ruff-0.4.4 s3transfer-0.13.1 sentry-sdk-2.35.0 setuptools-80.9.0 shellingham-1.5.4 six-1.17.0 sniffio-1.3.1 sqlalchemy-2.0.43 starlette-0.47.2 structlog-24.1.0 testcontainers-4.10.0 tomli-2.2.1 tomli_w-1.2.0 typeapi-2.2.4 typeguard-4.4.4 typer-0.16.1 types-requests-2.32.4.20250809 typing-extensions-4.14.1 typing-inspect-0.9.0 typing-inspection-0.4.1 tzdata-2025.2 tzlocal-5.3.1 ujson-5.10.0 urllib3-2.5.0 uvicorn-0.35.0 uvloop-0.21.0 vine-5.1.0 watchdog-6.0.0 watchfiles-1.1.0 wcwidth-0.2.13 websockets-15.0.1 wrapt-1.17.3 yapf-0.43.0
2025-08-19T20:09:42.4982850Z Collecting keepa==1.3.15
2025-08-19T20:09:42.4995957Z   Using cached keepa-1.3.15-py3-none-any.whl.metadata (11 kB)
2025-08-19T20:09:42.5304307Z Collecting minio==7.1.15
2025-08-19T20:09:42.5316397Z   Using cached minio-7.1.15-py3-none-any.whl.metadata (4.2 kB)
2025-08-19T20:09:42.5342830Z Requirement already satisfied: numpy>=1.9.3 in /opt/hostedtoolcache/Python/3.12.11/x64/lib/python3.12/site-packages (from keepa==1.3.15) (1.26.4)
2025-08-19T20:09:42.5349067Z Requirement already satisfied: requests>=2.2 in /opt/hostedtoolcache/Python/3.12.11/x64/lib/python3.12/site-packages (from keepa==1.3.15) (2.32.4)
2025-08-19T20:09:42.5704374Z Collecting tqdm (from keepa==1.3.15)
2025-08-19T20:09:42.5715980Z   Using cached tqdm-4.67.1-py3-none-any.whl.metadata (57 kB)
2025-08-19T20:09:43.0525250Z Collecting aiohttp (from keepa==1.3.15)
2025-08-19T20:09:43.0538467Z   Using cached aiohttp-3.12.15-cp312-cp312-manylinux_2_17_x86_64.manylinux2014_x86_64.whl.metadata (7.7 kB)
2025-08-19T20:09:43.0572816Z Requirement already satisfied: pandas<=3.0 in /opt/hostedtoolcache/Python/3.12.11/x64/lib/python3.12/site-packages (from keepa==1.3.15) (2.2.3)
2025-08-19T20:09:43.0577090Z Requirement already satisfied: pydantic in /opt/hostedtoolcache/Python/3.12.11/x64/lib/python3.12/site-packages (from keepa==1.3.15) (2.11.7)
2025-08-19T20:09:43.0585322Z Requirement already satisfied: certifi in /opt/hostedtoolcache/Python/3.12.11/x64/lib/python3.12/site-packages (from minio==7.1.15) (2025.8.3)
2025-08-19T20:09:43.0589562Z Requirement already satisfied: urllib3 in /opt/hostedtoolcache/Python/3.12.11/x64/lib/python3.12/site-packages (from minio==7.1.15) (2.5.0)
2025-08-19T20:09:43.0646084Z Requirement already satisfied: python-dateutil>=2.8.2 in /opt/hostedtoolcache/Python/3.12.11/x64/lib/python3.12/site-packages (from pandas<=3.0->keepa==1.3.15) (2.9.0.post0)
2025-08-19T20:09:43.0651473Z Requirement already satisfied: pytz>=2020.1 in /opt/hostedtoolcache/Python/3.12.11/x64/lib/python3.12/site-packages (from pandas<=3.0->keepa==1.3.15) (2025.2)
2025-08-19T20:09:43.0657289Z Requirement already satisfied: tzdata>=2022.7 in /opt/hostedtoolcache/Python/3.12.11/x64/lib/python3.12/site-packages (from pandas<=3.0->keepa==1.3.15) (2025.2)
2025-08-19T20:09:43.0784206Z Requirement already satisfied: six>=1.5 in /opt/hostedtoolcache/Python/3.12.11/x64/lib/python3.12/site-packages (from python-dateutil>=2.8.2->pandas<=3.0->keepa==1.3.15) (1.17.0)
2025-08-19T20:09:43.0804185Z Requirement already satisfied: charset_normalizer<4,>=2 in /opt/hostedtoolcache/Python/3.12.11/x64/lib/python3.12/site-packages (from requests>=2.2->keepa==1.3.15) (3.4.3)
2025-08-19T20:09:43.0811283Z Requirement already satisfied: idna<4,>=2.5 in /opt/hostedtoolcache/Python/3.12.11/x64/lib/python3.12/site-packages (from requests>=2.2->keepa==1.3.15) (3.10)
2025-08-19T20:09:43.1039156Z Collecting aiohappyeyeballs>=2.5.0 (from aiohttp->keepa==1.3.15)
2025-08-19T20:09:43.1050949Z   Using cached aiohappyeyeballs-2.6.1-py3-none-any.whl.metadata (5.9 kB)
2025-08-19T20:09:43.1170922Z Collecting aiosignal>=1.4.0 (from aiohttp->keepa==1.3.15)
2025-08-19T20:09:43.1182503Z   Using cached aiosignal-1.4.0-py3-none-any.whl.metadata (3.7 kB)
2025-08-19T20:09:43.1356480Z Collecting attrs>=17.3.0 (from aiohttp->keepa==1.3.15)
2025-08-19T20:09:43.1367984Z   Using cached attrs-25.3.0-py3-none-any.whl.metadata (10 kB)
2025-08-19T20:09:43.2048696Z Collecting frozenlist>=1.1.1 (from aiohttp->keepa==1.3.15)
2025-08-19T20:09:43.2061144Z   Using cached frozenlist-1.7.0-cp312-cp312-manylinux_2_5_x86_64.manylinux1_x86_64.manylinux_2_17_x86_64.manylinux2014_x86_64.whl.metadata (18 kB)
2025-08-19T20:09:43.4475405Z Collecting multidict<7.0,>=4.5 (from aiohttp->keepa==1.3.15)
2025-08-19T20:09:43.4488551Z   Using cached multidict-6.6.4-cp312-cp312-manylinux2014_x86_64.manylinux_2_17_x86_64.manylinux_2_28_x86_64.whl.metadata (5.3 kB)
2025-08-19T20:09:43.4930294Z Collecting propcache>=0.2.0 (from aiohttp->keepa==1.3.15)
2025-08-19T20:09:43.4942588Z   Using cached propcache-0.3.2-cp312-cp312-manylinux_2_17_x86_64.manylinux2014_x86_64.whl.metadata (12 kB)
2025-08-19T20:09:43.7317333Z Collecting yarl<2.0,>=1.17.0 (from aiohttp->keepa==1.3.15)
2025-08-19T20:09:43.7334218Z   Using cached yarl-1.20.1-cp312-cp312-manylinux_2_17_x86_64.manylinux2014_x86_64.whl.metadata (73 kB)
2025-08-19T20:09:43.7561056Z Requirement already satisfied: typing-extensions>=4.2 in /opt/hostedtoolcache/Python/3.12.11/x64/lib/python3.12/site-packages (from aiosignal>=1.4.0->aiohttp->keepa==1.3.15) (4.14.1)
2025-08-19T20:09:43.7610255Z Requirement already satisfied: annotated-types>=0.6.0 in /opt/hostedtoolcache/Python/3.12.11/x64/lib/python3.12/site-packages (from pydantic->keepa==1.3.15) (0.7.0)
2025-08-19T20:09:43.7616209Z Requirement already satisfied: pydantic-core==2.33.2 in /opt/hostedtoolcache/Python/3.12.11/x64/lib/python3.12/site-packages (from pydantic->keepa==1.3.15) (2.33.2)
2025-08-19T20:09:43.7623905Z Requirement already satisfied: typing-inspection>=0.4.0 in /opt/hostedtoolcache/Python/3.12.11/x64/lib/python3.12/site-packages (from pydantic->keepa==1.3.15) (0.4.1)
2025-08-19T20:09:43.7684487Z Using cached keepa-1.3.15-py3-none-any.whl (38 kB)
2025-08-19T20:09:43.7695946Z Using cached minio-7.1.15-py3-none-any.whl (77 kB)
2025-08-19T20:09:43.7707802Z Using cached aiohttp-3.12.15-cp312-cp312-manylinux_2_17_x86_64.manylinux2014_x86_64.whl (1.7 MB)
2025-08-19T20:09:43.7732173Z Using cached multidict-6.6.4-cp312-cp312-manylinux2014_x86_64.manylinux_2_17_x86_64.manylinux_2_28_x86_64.whl (256 kB)
2025-08-19T20:09:43.7744989Z Using cached yarl-1.20.1-cp312-cp312-manylinux_2_17_x86_64.manylinux2014_x86_64.whl (355 kB)
2025-08-19T20:09:43.7758485Z Using cached aiohappyeyeballs-2.6.1-py3-none-any.whl (15 kB)
2025-08-19T20:09:43.7769545Z Using cached aiosignal-1.4.0-py3-none-any.whl (7.5 kB)
2025-08-19T20:09:43.7780692Z Using cached attrs-25.3.0-py3-none-any.whl (63 kB)
2025-08-19T20:09:43.7792813Z Using cached frozenlist-1.7.0-cp312-cp312-manylinux_2_5_x86_64.manylinux1_x86_64.manylinux_2_17_x86_64.manylinux2014_x86_64.whl (241 kB)
2025-08-19T20:09:43.7805565Z Using cached propcache-0.3.2-cp312-cp312-manylinux_2_17_x86_64.manylinux2014_x86_64.whl (224 kB)
2025-08-19T20:09:43.7817771Z Using cached tqdm-4.67.1-py3-none-any.whl (78 kB)
2025-08-19T20:09:43.9583981Z Installing collected packages: tqdm, propcache, multidict, minio, frozenlist, attrs, aiohappyeyeballs, yarl, aiosignal, aiohttp, keepa
2025-08-19T20:09:44.0383894Z   Attempting uninstall: minio
2025-08-19T20:09:44.0464356Z     Found existing installation: minio 7.2.16
2025-08-19T20:09:44.0524010Z     Uninstalling minio-7.2.16:
2025-08-19T20:09:44.0538051Z       Successfully uninstalled minio-7.2.16
2025-08-19T20:09:44.5507568Z 
2025-08-19T20:09:44.5619952Z Successfully installed aiohappyeyeballs-2.6.1 aiohttp-3.12.15 aiosignal-1.4.0 attrs-25.3.0 frozenlist-1.7.0 keepa-1.3.15 minio-7.1.15 multidict-6.6.4 propcache-0.3.2 tqdm-4.67.1 yarl-1.20.1
2025-08-19T20:09:44.7067719Z ##[group]Run ruff check .
2025-08-19T20:09:44.7067982Z [36;1mruff check .[0m
2025-08-19T20:09:44.7068193Z [36;1mruff format --check .[0m
2025-08-19T20:09:44.7108258Z shell: /usr/bin/bash -e {0}
2025-08-19T20:09:44.7108474Z env:
2025-08-19T20:09:44.7108670Z   REDIS_URL: redis://localhost:6379/0
2025-08-19T20:09:44.7108926Z   RATE_LIMIT_DEFAULT: 100/minute
2025-08-19T20:09:44.7109138Z   TRUST_X_FORWARDED: 1
2025-08-19T20:09:44.7109332Z   PG_USER: postgres
2025-08-19T20:09:44.7109517Z   PG_PASSWORD: pass
2025-08-19T20:09:44.7109689Z   PG_DATABASE: awa
2025-08-19T20:09:44.7109882Z   PG_HOST: localhost
2025-08-19T20:09:44.7110059Z   PG_PORT: 5432
2025-08-19T20:09:44.7110842Z   PG_SYNC_DSN: ***localhost:5432/awa
2025-08-19T20:09:44.7111284Z   PG_ASYNC_DSN: ***localhost:5432/awa
2025-08-19T20:09:44.7111676Z   DATABASE_URL: ***localhost:5432/awa
2025-08-19T20:09:44.7111900Z   DATA_DIR: /tmp/awa-data
2025-08-19T20:09:44.7112106Z   ENABLE_LIVE: 0
2025-08-19T20:09:44.7112306Z   TESTING: 1
2025-08-19T20:09:44.7112539Z   pythonLocation: /opt/hostedtoolcache/Python/3.12.11/x64
2025-08-19T20:09:44.7112918Z   PKG_CONFIG_PATH: /opt/hostedtoolcache/Python/3.12.11/x64/lib/pkgconfig
2025-08-19T20:09:44.7113293Z   Python_ROOT_DIR: /opt/hostedtoolcache/Python/3.12.11/x64
2025-08-19T20:09:44.7113630Z   Python2_ROOT_DIR: /opt/hostedtoolcache/Python/3.12.11/x64
2025-08-19T20:09:44.7113963Z   Python3_ROOT_DIR: /opt/hostedtoolcache/Python/3.12.11/x64
2025-08-19T20:09:44.7114299Z   LD_LIBRARY_PATH: /opt/hostedtoolcache/Python/3.12.11/x64/lib
2025-08-19T20:09:44.7114581Z ##[endgroup]
2025-08-19T20:09:44.7375840Z All checks passed!
2025-08-19T20:09:44.7585983Z 245 files already formatted
2025-08-19T20:09:44.7620895Z ##[group]Run for i in {1..30}; do pg_isready -h "$PG_HOST" -p "$PG_PORT" -U "$PG_USER" -d "$PG_DATABASE" && break; sleep 1; done
2025-08-19T20:09:44.7621554Z [36;1mfor i in {1..30}; do pg_isready -h "$PG_HOST" -p "$PG_PORT" -U "$PG_USER" -d "$PG_DATABASE" && break; sleep 1; done[0m
2025-08-19T20:09:44.7661757Z shell: /usr/bin/bash -e {0}
2025-08-19T20:09:44.7661986Z env:
2025-08-19T20:09:44.7662181Z   REDIS_URL: redis://localhost:6379/0
2025-08-19T20:09:44.7662443Z   RATE_LIMIT_DEFAULT: 100/minute
2025-08-19T20:09:44.7662663Z   TRUST_X_FORWARDED: 1
2025-08-19T20:09:44.7662852Z   PG_USER: postgres
2025-08-19T20:09:44.7663038Z   PG_PASSWORD: pass
2025-08-19T20:09:44.7663220Z   PG_DATABASE: awa
2025-08-19T20:09:44.7663394Z   PG_HOST: localhost
2025-08-19T20:09:44.7663577Z   PG_PORT: 5432
2025-08-19T20:09:44.7664036Z   PG_SYNC_DSN: ***localhost:5432/awa
2025-08-19T20:09:44.7664650Z   PG_ASYNC_DSN: ***localhost:5432/awa
2025-08-19T20:09:44.7665075Z   DATABASE_URL: ***localhost:5432/awa
2025-08-19T20:09:44.7665310Z   DATA_DIR: /tmp/awa-data
2025-08-19T20:09:44.7665509Z   ENABLE_LIVE: 0
2025-08-19T20:09:44.7665681Z   TESTING: 1
2025-08-19T20:09:44.7665914Z   pythonLocation: /opt/hostedtoolcache/Python/3.12.11/x64
2025-08-19T20:09:44.7666300Z   PKG_CONFIG_PATH: /opt/hostedtoolcache/Python/3.12.11/x64/lib/pkgconfig
2025-08-19T20:09:44.7666702Z   Python_ROOT_DIR: /opt/hostedtoolcache/Python/3.12.11/x64
2025-08-19T20:09:44.7667058Z   Python2_ROOT_DIR: /opt/hostedtoolcache/Python/3.12.11/x64
2025-08-19T20:09:44.7667408Z   Python3_ROOT_DIR: /opt/hostedtoolcache/Python/3.12.11/x64
2025-08-19T20:09:44.7667766Z   LD_LIBRARY_PATH: /opt/hostedtoolcache/Python/3.12.11/x64/lib
2025-08-19T20:09:44.7668055Z ##[endgroup]
2025-08-19T20:09:44.8411064Z localhost:5432 - accepting connections
2025-08-19T20:09:44.8443597Z ##[group]Run psql -h "$PG_HOST" -p "$PG_PORT" -U "$PG_USER" -d "$PG_DATABASE" -c "SELECT 1"
2025-08-19T20:09:44.8444123Z [36;1mpsql -h "$PG_HOST" -p "$PG_PORT" -U "$PG_USER" -d "$PG_DATABASE" -c "SELECT 1"[0m
2025-08-19T20:09:44.8481585Z shell: /usr/bin/bash -e {0}
2025-08-19T20:09:44.8481809Z env:
2025-08-19T20:09:44.8482004Z   REDIS_URL: redis://localhost:6379/0
2025-08-19T20:09:44.8482269Z   RATE_LIMIT_DEFAULT: 100/minute
2025-08-19T20:09:44.8482492Z   TRUST_X_FORWARDED: 1
2025-08-19T20:09:44.8482676Z   PG_USER: postgres
2025-08-19T20:09:44.8482859Z   PG_PASSWORD: pass
2025-08-19T20:09:44.8483037Z   PG_DATABASE: awa
2025-08-19T20:09:44.8483205Z   PG_HOST: localhost
2025-08-19T20:09:44.8483391Z   PG_PORT: 5432
2025-08-19T20:09:44.8483850Z   PG_SYNC_DSN: ***localhost:5432/awa
2025-08-19T20:09:44.8484246Z   PG_ASYNC_DSN: ***localhost:5432/awa
2025-08-19T20:09:44.8484622Z   DATABASE_URL: ***localhost:5432/awa
2025-08-19T20:09:44.8484844Z   DATA_DIR: /tmp/awa-data
2025-08-19T20:09:44.8485077Z   ENABLE_LIVE: 0
2025-08-19T20:09:44.8485243Z   TESTING: 1
2025-08-19T20:09:44.8485477Z   pythonLocation: /opt/hostedtoolcache/Python/3.12.11/x64
2025-08-19T20:09:44.8485869Z   PKG_CONFIG_PATH: /opt/hostedtoolcache/Python/3.12.11/x64/lib/pkgconfig
2025-08-19T20:09:44.8486256Z   Python_ROOT_DIR: /opt/hostedtoolcache/Python/3.12.11/x64
2025-08-19T20:09:44.8486595Z   Python2_ROOT_DIR: /opt/hostedtoolcache/Python/3.12.11/x64
2025-08-19T20:09:44.8486940Z   Python3_ROOT_DIR: /opt/hostedtoolcache/Python/3.12.11/x64
2025-08-19T20:09:44.8487282Z   LD_LIBRARY_PATH: /opt/hostedtoolcache/Python/3.12.11/x64/lib
2025-08-19T20:09:44.8487678Z   PGPASSWORD: pass
2025-08-19T20:09:44.8487979Z ##[endgroup]
2025-08-19T20:09:45.0657060Z  ?column? 
2025-08-19T20:09:45.0657819Z ----------
2025-08-19T20:09:45.0658380Z         1
2025-08-19T20:09:45.0658688Z (1 row)
2025-08-19T20:09:45.0658869Z 
2025-08-19T20:09:45.0689844Z ##[group]Run alembic -c services/api/alembic.ini upgrade head
2025-08-19T20:09:45.0690254Z [36;1malembic -c services/api/alembic.ini upgrade head[0m
2025-08-19T20:09:45.0727720Z shell: /usr/bin/bash -e {0}
2025-08-19T20:09:45.0727945Z env:
2025-08-19T20:09:45.0728142Z   REDIS_URL: redis://localhost:6379/0
2025-08-19T20:09:45.0728408Z   RATE_LIMIT_DEFAULT: 100/minute
2025-08-19T20:09:45.0728630Z   TRUST_X_FORWARDED: 1
2025-08-19T20:09:45.0728818Z   PG_USER: postgres
2025-08-19T20:09:45.0729005Z   PG_PASSWORD: pass
2025-08-19T20:09:45.0729181Z   PG_DATABASE: awa
2025-08-19T20:09:45.0729362Z   PG_HOST: localhost
2025-08-19T20:09:45.0729545Z   PG_PORT: 5432
2025-08-19T20:09:45.0729937Z   PG_SYNC_DSN: ***localhost:5432/awa
2025-08-19T20:09:45.0730327Z   PG_ASYNC_DSN: ***localhost:5432/awa
2025-08-19T20:09:45.0730941Z   DATABASE_URL: ***localhost:5432/awa
2025-08-19T20:09:45.0731168Z   DATA_DIR: /tmp/awa-data
2025-08-19T20:09:45.0731364Z   ENABLE_LIVE: 0
2025-08-19T20:09:45.0731566Z   TESTING: 1
2025-08-19T20:09:45.0731792Z   pythonLocation: /opt/hostedtoolcache/Python/3.12.11/x64
2025-08-19T20:09:45.0732181Z   PKG_CONFIG_PATH: /opt/hostedtoolcache/Python/3.12.11/x64/lib/pkgconfig
2025-08-19T20:09:45.0732560Z   Python_ROOT_DIR: /opt/hostedtoolcache/Python/3.12.11/x64
2025-08-19T20:09:45.0733071Z   Python2_ROOT_DIR: /opt/hostedtoolcache/Python/3.12.11/x64
2025-08-19T20:09:45.0733419Z   Python3_ROOT_DIR: /opt/hostedtoolcache/Python/3.12.11/x64
2025-08-19T20:09:45.0733761Z   LD_LIBRARY_PATH: /opt/hostedtoolcache/Python/3.12.11/x64/lib
2025-08-19T20:09:45.0734043Z ##[endgroup]
2025-08-19T20:09:45.7826539Z INFO  [alembic.runtime.migration] Context impl PostgresqlImpl.
2025-08-19T20:09:45.7827294Z INFO  [alembic.runtime.migration] Will assume transactional DDL.
2025-08-19T20:09:45.8011159Z INFO  [alembic.runtime.migration] Running upgrade  -> 0001_baseline
2025-08-19T20:09:45.8156030Z INFO  [alembic.runtime.migration] Running upgrade 0001_baseline -> 0002_create_roi_view
2025-08-19T20:09:45.8185040Z INFO  [alembic.runtime.migration] Running upgrade 0002_create_roi_view -> 3e9d5c5aff2c
2025-08-19T20:09:45.8350633Z INFO  [alembic.runtime.migration] Running upgrade 3e9d5c5aff2c -> 0003_vendor_prices
2025-08-19T20:09:45.8491845Z INFO  [alembic.runtime.migration] Running upgrade 0003_vendor_prices -> 0004_fee_cron
2025-08-19T20:09:45.8565481Z INFO  [alembic.runtime.migration] Running upgrade 0004_fee_cron -> 0006_fix_roi_views
2025-08-19T20:09:45.8596398Z INFO  [alembic.runtime.migration] Running upgrade 0006_fix_roi_views -> 0020_unified_schema
2025-08-19T20:09:45.8699501Z INFO  [alembic.runtime.migration] Running upgrade 0020_unified_schema -> 0022_fix_roi_view
2025-08-19T20:09:45.8759801Z INFO  [alembic.runtime.migration] Running upgrade 0022_fix_roi_view -> 0023_add_storage_fee
2025-08-19T20:09:45.8797027Z INFO  [alembic.runtime.migration] Running upgrade 0023_add_storage_fee -> 0024_create_buybox
2025-08-19T20:09:45.8818109Z INFO  [alembic.runtime.migration] Running upgrade 0024_create_buybox -> 0025_pr4_indexes_loadlog
2025-08-19T20:09:45.9018820Z INFO  [alembic.runtime.migration] Running upgrade 0025_pr4_indexes_loadlog -> 0026_amazon_new_reports
2025-08-19T20:09:45.9892515Z ##[group]Run python -m mypy services || true
2025-08-19T20:09:45.9892878Z [36;1mpython -m mypy services || true[0m
2025-08-19T20:09:45.9932631Z shell: /usr/bin/bash -e {0}
2025-08-19T20:09:45.9932962Z env:
2025-08-19T20:09:45.9933174Z   REDIS_URL: redis://localhost:6379/0
2025-08-19T20:09:45.9933449Z   RATE_LIMIT_DEFAULT: 100/minute
2025-08-19T20:09:45.9933686Z   TRUST_X_FORWARDED: 1
2025-08-19T20:09:45.9933900Z   PG_USER: postgres
2025-08-19T20:09:45.9934085Z   PG_PASSWORD: pass
2025-08-19T20:09:45.9934274Z   PG_DATABASE: awa
2025-08-19T20:09:45.9934454Z   PG_HOST: localhost
2025-08-19T20:09:45.9934636Z   PG_PORT: 5432
2025-08-19T20:09:45.9935063Z   PG_SYNC_DSN: ***localhost:5432/awa
2025-08-19T20:09:45.9935487Z   PG_ASYNC_DSN: ***localhost:5432/awa
2025-08-19T20:09:45.9935898Z   DATABASE_URL: ***localhost:5432/awa
2025-08-19T20:09:45.9936135Z   DATA_DIR: /tmp/awa-data
2025-08-19T20:09:45.9936337Z   ENABLE_LIVE: 0
2025-08-19T20:09:45.9936512Z   TESTING: 1
2025-08-19T20:09:45.9936806Z   pythonLocation: /opt/hostedtoolcache/Python/3.12.11/x64
2025-08-19T20:09:45.9937210Z   PKG_CONFIG_PATH: /opt/hostedtoolcache/Python/3.12.11/x64/lib/pkgconfig
2025-08-19T20:09:45.9937593Z   Python_ROOT_DIR: /opt/hostedtoolcache/Python/3.12.11/x64
2025-08-19T20:09:45.9937942Z   Python2_ROOT_DIR: /opt/hostedtoolcache/Python/3.12.11/x64
2025-08-19T20:09:45.9938286Z   Python3_ROOT_DIR: /opt/hostedtoolcache/Python/3.12.11/x64
2025-08-19T20:09:45.9938621Z   LD_LIBRARY_PATH: /opt/hostedtoolcache/Python/3.12.11/x64/lib
2025-08-19T20:09:45.9938906Z ##[endgroup]
2025-08-19T20:10:16.4914990Z services/api/routes/score.py:16: error: Function is missing a return type annotation  [no-untyped-def]
2025-08-19T20:10:16.4916719Z services/api/routes/score.py:16: note: Use "-> None" if function does not return a value
2025-08-19T20:10:16.4917969Z services/api/routes/score.py:26: error: All conditional function variants must have identical signatures  [misc]
2025-08-19T20:10:16.4918731Z services/api/routes/score.py:26: note: Original:
2025-08-19T20:10:16.4919374Z services/api/routes/score.py:26: note:     def require_basic_auth(credentials: HTTPBasicCredentials = ...) -> None
2025-08-19T20:10:16.4920280Z services/api/routes/score.py:26: note: Redefinition:
2025-08-19T20:10:16.4921111Z services/api/routes/score.py:26: note:     def require_basic_auth() -> None
2025-08-19T20:10:16.4921931Z services/api/routes/score.py:34: error: Incompatible types in assignment (expression has type "None", variable has type Module)  [assignment]
2025-08-19T20:10:16.4922779Z services/api/routes/score.py:38: error: Invalid type comment or annotation  [valid-type]
2025-08-19T20:10:16.4923421Z services/api/routes/score.py:38: note: Suggestion: use constr[...] instead of constr(...)
2025-08-19T20:10:16.5394350Z Found 4 errors in 1 file (checked 97 source files)
2025-08-19T20:10:16.5802208Z ##[group]Run pytest -q --cov=services
2025-08-19T20:10:16.5802734Z [36;1mpytest -q --cov=services[0m
2025-08-19T20:10:16.5861181Z shell: /usr/bin/bash -e {0}
2025-08-19T20:10:16.5861538Z env:
2025-08-19T20:10:16.5861852Z   REDIS_URL: redis://localhost:6379/0
2025-08-19T20:10:16.5862292Z   RATE_LIMIT_DEFAULT: 100/minute
2025-08-19T20:10:16.5862655Z   TRUST_X_FORWARDED: 1
2025-08-19T20:10:16.5862977Z   PG_USER: postgres
2025-08-19T20:10:16.5863289Z   PG_PASSWORD: pass
2025-08-19T20:10:16.5863594Z   PG_DATABASE: awa
2025-08-19T20:10:16.5863882Z   PG_HOST: localhost
2025-08-19T20:10:16.5864183Z   PG_PORT: 5432
2025-08-19T20:10:16.5864811Z   PG_SYNC_DSN: ***localhost:5432/awa
2025-08-19T20:10:16.5865493Z   PG_ASYNC_DSN: ***localhost:5432/awa
2025-08-19T20:10:16.5866179Z   DATABASE_URL: ***localhost:5432/awa
2025-08-19T20:10:16.5866600Z   DATA_DIR: /tmp/awa-data
2025-08-19T20:10:16.5866949Z   ENABLE_LIVE: 0
2025-08-19T20:10:16.5867250Z   TESTING: 1
2025-08-19T20:10:16.5867700Z   pythonLocation: /opt/hostedtoolcache/Python/3.12.11/x64
2025-08-19T20:10:16.5868386Z   PKG_CONFIG_PATH: /opt/hostedtoolcache/Python/3.12.11/x64/lib/pkgconfig
2025-08-19T20:10:16.5869050Z   Python_ROOT_DIR: /opt/hostedtoolcache/Python/3.12.11/x64
2025-08-19T20:10:16.5869664Z   Python2_ROOT_DIR: /opt/hostedtoolcache/Python/3.12.11/x64
2025-08-19T20:10:16.5870281Z   Python3_ROOT_DIR: /opt/hostedtoolcache/Python/3.12.11/x64
2025-08-19T20:10:16.5871156Z   LD_LIBRARY_PATH: /opt/hostedtoolcache/Python/3.12.11/x64/lib
2025-08-19T20:10:16.5871645Z ##[endgroup]
2025-08-19T20:10:47.6416412Z ........s.............................sssssss........................... [ 43%]
2025-08-19T20:11:20.3405460Z ..........................F............................................. [ 86%]
2025-08-19T20:11:21.0808586Z ......................                                                   [100%]
2025-08-19T20:11:21.0811080Z =================================== FAILURES ===================================
2025-08-19T20:11:21.0814453Z _________________________________ test_offline _________________________________
2025-08-19T20:11:21.0814845Z 
2025-08-19T20:11:21.0815132Z self = <sqlalchemy.engine.base.Connection object at 0x7fa406c24e90>
2025-08-19T20:11:21.0815997Z dialect = <sqlalchemy.dialects.postgresql.psycopg.PGDialect_psycopg object at 0x7fa406c27fe0>
2025-08-19T20:11:21.0817040Z context = <sqlalchemy.dialects.postgresql.psycopg.PGExecutionContext_psycopg object at 0x7fa406a398b0>
2025-08-19T20:11:21.0818199Z statement = <sqlalchemy.dialects.postgresql.psycopg.PGCompiler_psycopg object at 0x7fa406a38140>
2025-08-19T20:11:21.0819183Z parameters = [{'amount0': 1.11, 'amount1': 2.22, 'asin0': 'DUMMY1', 'asin1': 'DUMMY2', ...}]
2025-08-19T20:11:21.0819663Z 
2025-08-19T20:11:21.0819816Z     def _exec_single_context(
2025-08-19T20:11:21.0820162Z         self,
2025-08-19T20:11:21.0820741Z         dialect: Dialect,
2025-08-19T20:11:21.0821125Z         context: ExecutionContext,
2025-08-19T20:11:21.0821562Z         statement: Union[str, Compiled],
2025-08-19T20:11:21.0822053Z         parameters: Optional[_AnyMultiExecuteParams],
2025-08-19T20:11:21.0822546Z     ) -> CursorResult[Any]:
2025-08-19T20:11:21.0823021Z         """continue the _execute_context() method for a single DBAPI
2025-08-19T20:11:21.0823609Z         cursor.execute() or cursor.executemany() call.
2025-08-19T20:11:21.0824133Z     
2025-08-19T20:11:21.0824284Z         """
2025-08-19T20:11:21.0824507Z         if dialect.bind_typing is BindTyping.SETINPUTSIZES:
2025-08-19T20:11:21.0824868Z             generic_setinputsizes = context._prepare_set_input_sizes()
2025-08-19T20:11:21.0825162Z     
2025-08-19T20:11:21.0825329Z             if generic_setinputsizes:
2025-08-19T20:11:21.0825548Z                 try:
2025-08-19T20:11:21.0825749Z                     dialect.do_set_input_sizes(
2025-08-19T20:11:21.0826040Z                         context.cursor, generic_setinputsizes, context
2025-08-19T20:11:21.0826310Z                     )
2025-08-19T20:11:21.0826683Z                 except BaseException as e:
2025-08-19T20:11:21.0826947Z                     self._handle_dbapi_exception(
2025-08-19T20:11:21.0827267Z                         e, str(statement), parameters, None, context
2025-08-19T20:11:21.0827728Z                     )
2025-08-19T20:11:21.0827923Z     
2025-08-19T20:11:21.0828112Z         cursor, str_statement, parameters = (
2025-08-19T20:11:21.0828356Z             context.cursor,
2025-08-19T20:11:21.0828566Z             context.statement,
2025-08-19T20:11:21.0828777Z             context.parameters,
2025-08-19T20:11:21.0828970Z         )
2025-08-19T20:11:21.0829117Z     
2025-08-19T20:11:21.0829324Z         effective_parameters: Optional[_AnyExecuteParams]
2025-08-19T20:11:21.0829579Z     
2025-08-19T20:11:21.0829744Z         if not context.executemany:
2025-08-19T20:11:21.0829991Z             effective_parameters = parameters[0]
2025-08-19T20:11:21.0830222Z         else:
2025-08-19T20:11:21.0830607Z             effective_parameters = parameters
2025-08-19T20:11:21.0830920Z     
2025-08-19T20:11:21.0831117Z         if self._has_events or self.engine._has_events:
2025-08-19T20:11:21.0831421Z             for fn in self.dispatch.before_cursor_execute:
2025-08-19T20:11:21.0831715Z                 str_statement, effective_parameters = fn(
2025-08-19T20:11:21.0831977Z                     self,
2025-08-19T20:11:21.0832159Z                     cursor,
2025-08-19T20:11:21.0832354Z                     str_statement,
2025-08-19T20:11:21.0832579Z                     effective_parameters,
2025-08-19T20:11:21.0832804Z                     context,
2025-08-19T20:11:21.0833010Z                     context.executemany,
2025-08-19T20:11:21.0833280Z                 )
2025-08-19T20:11:21.0833440Z     
2025-08-19T20:11:21.0833589Z         if self._echo:
2025-08-19T20:11:21.0833782Z             self._log_info(str_statement)
2025-08-19T20:11:21.0833999Z     
2025-08-19T20:11:21.0834170Z             stats = context._get_cache_stats()
2025-08-19T20:11:21.0834388Z     
2025-08-19T20:11:21.0834580Z             if not self.engine.hide_parameters:
2025-08-19T20:11:21.0834826Z                 self._log_info(
2025-08-19T20:11:21.0835024Z                     "[%s] %r",
2025-08-19T20:11:21.0835225Z                     stats,
2025-08-19T20:11:21.0835428Z                     sql_util._repr_params(
2025-08-19T20:11:21.0835677Z                         effective_parameters,
2025-08-19T20:11:21.0835905Z                         batches=10,
2025-08-19T20:11:21.0836149Z                         ismulti=context.executemany,
2025-08-19T20:11:21.0836388Z                     ),
2025-08-19T20:11:21.0836553Z                 )
2025-08-19T20:11:21.0836715Z             else:
2025-08-19T20:11:21.0836882Z                 self._log_info(
2025-08-19T20:11:21.0837152Z                     "[%s] [SQL parameters hidden due to hide_parameters=True]",
2025-08-19T20:11:21.0837450Z                     stats,
2025-08-19T20:11:21.0837637Z                 )
2025-08-19T20:11:21.0837791Z     
2025-08-19T20:11:21.0837956Z         evt_handled: bool = False
2025-08-19T20:11:21.0838174Z         try:
2025-08-19T20:11:21.0838393Z             if context.execute_style is ExecuteStyle.EXECUTEMANY:
2025-08-19T20:11:21.0838698Z                 effective_parameters = cast(
2025-08-19T20:11:21.0838992Z                     "_CoreMultiExecuteParams", effective_parameters
2025-08-19T20:11:21.0839414Z                 )
2025-08-19T20:11:21.0839599Z                 if self.dialect._has_events:
2025-08-19T20:11:21.0839880Z                     for fn in self.dialect.dispatch.do_executemany:
2025-08-19T20:11:21.0840156Z                         if fn(
2025-08-19T20:11:21.0840357Z                             cursor,
2025-08-19T20:11:21.0840772Z                             str_statement,
2025-08-19T20:11:21.0841019Z                             effective_parameters,
2025-08-19T20:11:21.0841254Z                             context,
2025-08-19T20:11:21.0841465Z                         ):
2025-08-19T20:11:21.0841669Z                             evt_handled = True
2025-08-19T20:11:21.0842042Z                             break
2025-08-19T20:11:21.0842256Z                 if not evt_handled:
2025-08-19T20:11:21.0842492Z                     self.dialect.do_executemany(
2025-08-19T20:11:21.0842728Z                         cursor,
2025-08-19T20:11:21.0842930Z                         str_statement,
2025-08-19T20:11:21.0843169Z                         effective_parameters,
2025-08-19T20:11:21.0843398Z                         context,
2025-08-19T20:11:21.0843598Z                     )
2025-08-19T20:11:21.0843845Z             elif not effective_parameters and context.no_parameters:
2025-08-19T20:11:21.0844149Z                 if self.dialect._has_events:
2025-08-19T20:11:21.0844452Z                     for fn in self.dialect.dispatch.do_execute_no_params:
2025-08-19T20:11:21.0844760Z                         if fn(cursor, str_statement, context):
2025-08-19T20:11:21.0845024Z                             evt_handled = True
2025-08-19T20:11:21.0845260Z                             break
2025-08-19T20:11:21.0845479Z                 if not evt_handled:
2025-08-19T20:11:21.0845727Z                     self.dialect.do_execute_no_params(
2025-08-19T20:11:21.0845995Z                         cursor, str_statement, context
2025-08-19T20:11:21.0846224Z                     )
2025-08-19T20:11:21.0846403Z             else:
2025-08-19T20:11:21.0846594Z                 effective_parameters = cast(
2025-08-19T20:11:21.0846886Z                     "_CoreSingleExecuteParams", effective_parameters
2025-08-19T20:11:21.0847149Z                 )
2025-08-19T20:11:21.0847337Z                 if self.dialect._has_events:
2025-08-19T20:11:21.0847612Z                     for fn in self.dialect.dispatch.do_execute:
2025-08-19T20:11:21.0847869Z                         if fn(
2025-08-19T20:11:21.0848070Z                             cursor,
2025-08-19T20:11:21.0848291Z                             str_statement,
2025-08-19T20:11:21.0848529Z                             effective_parameters,
2025-08-19T20:11:21.0848771Z                             context,
2025-08-19T20:11:21.0848987Z                         ):
2025-08-19T20:11:21.0849184Z                             evt_handled = True
2025-08-19T20:11:21.0849423Z                             break
2025-08-19T20:11:21.0849656Z                 if not evt_handled:
2025-08-19T20:11:21.0849895Z >                   self.dialect.do_execute(
2025-08-19T20:11:21.0850181Z                         cursor, str_statement, effective_parameters, context
2025-08-19T20:11:21.0850629Z                     )
2025-08-19T20:11:21.0850751Z 
2025-08-19T20:11:21.0851045Z /opt/hostedtoolcache/Python/3.12.11/x64/lib/python3.12/site-packages/sqlalchemy/engine/base.py:1967: 
2025-08-19T20:11:21.0851536Z _ _ _ _ _ _ _ _ _ _ _ _ _ _ _ _ _ _ _ _ _ _ _ _ _ _ _ _ _ _ _ _ _ _ _ _ _ _ _ _ 
2025-08-19T20:11:21.0852063Z /opt/hostedtoolcache/Python/3.12.11/x64/lib/python3.12/site-packages/sqlalchemy/engine/default.py:951: in do_execute
2025-08-19T20:11:21.0852576Z     cursor.execute(statement, parameters)
2025-08-19T20:11:21.0852861Z _ _ _ _ _ _ _ _ _ _ _ _ _ _ _ _ _ _ _ _ _ _ _ _ _ _ _ _ _ _ _ _ _ _ _ _ _ _ _ _ 
2025-08-19T20:11:21.0853048Z 
2025-08-19T20:11:21.0853294Z self = <psycopg.Cursor [closed] [IDLE] (host=localhost user=postgres database=awa) at 0x7fa40eecfa10>
2025-08-19T20:11:21.0854233Z query = '\n    WITH v(asin, marketplace, fee_type, amount, currency, source, effective_date) AS (VALUES (%(asin0)s, %(marketpl...CT FROM v.currency OR t.source IS DISTINCT FROM v.source OR t.effective_date IS DISTINCT FROM v.effective_date);\n    '
2025-08-19T20:11:21.0855264Z params = {'amount0': 1.11, 'amount1': 2.22, 'asin0': 'DUMMY1', 'asin1': 'DUMMY2', ...}
2025-08-19T20:11:21.0855520Z 
2025-08-19T20:11:21.0855592Z     def execute(
2025-08-19T20:11:21.0855752Z         self,
2025-08-19T20:11:21.0855913Z         query: Query,
2025-08-19T20:11:21.0856112Z         params: Params | None = None,
2025-08-19T20:11:21.0856324Z         *,
2025-08-19T20:11:21.0856491Z         prepare: bool | None = None,
2025-08-19T20:11:21.0856835Z         binary: bool | None = None,
2025-08-19T20:11:21.0857053Z     ) -> Self:
2025-08-19T20:11:21.0857211Z         """
2025-08-19T20:11:21.0857398Z         Execute a query or command to the database.
2025-08-19T20:11:21.0857635Z         """
2025-08-19T20:11:21.0857778Z         try:
2025-08-19T20:11:21.0857951Z             with self._conn.lock:
2025-08-19T20:11:21.0858170Z                 self._conn.wait(
2025-08-19T20:11:21.0858461Z                     self._execute_gen(query, params, prepare=prepare, binary=binary)
2025-08-19T20:11:21.0858765Z                 )
2025-08-19T20:11:21.0858951Z         except e._NO_TRACEBACK as ex:
2025-08-19T20:11:21.0859186Z >           raise ex.with_traceback(None)
2025-08-19T20:11:21.0859538Z E           psycopg.errors.UndefinedFunction: operator does not exist: date = text
2025-08-19T20:11:21.0859979Z E           LINE 7: ...rce IS DISTINCT FROM v.source OR t.effective_date IS DISTINC...
2025-08-19T20:11:21.0860321Z E                                                                        ^
2025-08-19T20:11:21.0860938Z E           HINT:  No operator matches the given name and argument types. You might need to add explicit type casts.
2025-08-19T20:11:21.0861288Z 
2025-08-19T20:11:21.0861591Z /opt/hostedtoolcache/Python/3.12.11/x64/lib/python3.12/site-packages/psycopg/cursor.py:97: UndefinedFunction
2025-08-19T20:11:21.0861980Z 
2025-08-19T20:11:21.0862143Z The above exception was the direct cause of the following exception:
2025-08-19T20:11:21.0862386Z 
2025-08-19T20:11:21.0862573Z monkeypatch = <_pytest.monkeypatch.MonkeyPatch object at 0x7fa406a21730>
2025-08-19T20:11:21.0862991Z tmp_path = PosixPath('/tmp/pytest-of-runner/pytest-0/test_offline0')
2025-08-19T20:11:21.0863611Z pg_engine = Engine(***localhost:5432/awa)
2025-08-19T20:11:21.0863881Z ensure_test_fees_raw_table = None
2025-08-19T20:11:21.0864034Z 
2025-08-19T20:11:21.0864267Z     def test_offline(monkeypatch, tmp_path, pg_engine, ensure_test_fees_raw_table) -> None:
2025-08-19T20:11:21.0864686Z         os.environ["FEES_RAW_TABLE"] = "test_fees_raw"
2025-08-19T20:11:21.0864963Z         os.environ["ENABLE_LIVE"] = "0"
2025-08-19T20:11:21.0865217Z         os.environ["SP_REFRESH_TOKEN"] = "t"
2025-08-19T20:11:21.0865464Z         os.environ["SP_CLIENT_ID"] = "i"
2025-08-19T20:11:21.0865713Z         os.environ["SP_CLIENT_SECRET"] = "s"
2025-08-19T20:11:21.0865968Z         os.environ["SELLER_ID"] = "seller"
2025-08-19T20:11:21.0866205Z         os.environ["REGION"] = "EU"
2025-08-19T20:11:21.0866471Z         os.environ["DATABASE_URL"] = build_dsn(sync=True)
2025-08-19T20:11:21.0866760Z         _ = pg_engine, ensure_test_fees_raw_table
2025-08-19T20:11:21.0867016Z >       res = sp_fees_ingestor.main()
2025-08-19T20:11:21.0867246Z               ^^^^^^^^^^^^^^^^^^^^^^^
2025-08-19T20:11:21.0867392Z 
2025-08-19T20:11:21.0867480Z tests/test_sp_fees_ingestor.py:52: 
2025-08-19T20:11:21.0867747Z _ _ _ _ _ _ _ _ _ _ _ _ _ _ _ _ _ _ _ _ _ _ _ _ _ _ _ _ _ _ _ _ _ _ _ _ _ _ _ _ 
2025-08-19T20:11:21.0868040Z services/etl/sp_fees_ingestor.py:79: in main
2025-08-19T20:11:21.0868391Z     repo.upsert_fees_raw(engine, rows, testing=os.getenv("TESTING") == "1")
2025-08-19T20:11:21.0868773Z services/fees_h10/repository.py:65: in upsert_fees_raw
2025-08-19T20:11:21.0869080Z     res2 = conn.execute(text(update_sql), params)
2025-08-19T20:11:21.0869484Z            ^^^^^^^^^^^^^^^^^^^^^^^^^^^^^^^^^^^^^^
2025-08-19T20:11:21.0869951Z /opt/hostedtoolcache/Python/3.12.11/x64/lib/python3.12/site-packages/sqlalchemy/engine/base.py:1419: in execute
2025-08-19T20:11:21.0870600Z     return meth(
2025-08-19T20:11:21.0871110Z /opt/hostedtoolcache/Python/3.12.11/x64/lib/python3.12/site-packages/sqlalchemy/sql/elements.py:526: in _execute_on_connection
2025-08-19T20:11:21.0871654Z     return connection._execute_clauseelement(
2025-08-19T20:11:21.0872192Z /opt/hostedtoolcache/Python/3.12.11/x64/lib/python3.12/site-packages/sqlalchemy/engine/base.py:1641: in _execute_clauseelement
2025-08-19T20:11:21.0872709Z     ret = self._execute_context(
2025-08-19T20:11:21.0873308Z /opt/hostedtoolcache/Python/3.12.11/x64/lib/python3.12/site-packages/sqlalchemy/engine/base.py:1846: in _execute_context
2025-08-19T20:11:21.0873853Z     return self._exec_single_context(
2025-08-19T20:11:21.0874362Z /opt/hostedtoolcache/Python/3.12.11/x64/lib/python3.12/site-packages/sqlalchemy/engine/base.py:1986: in _exec_single_context
2025-08-19T20:11:21.0874876Z     self._handle_dbapi_exception(
2025-08-19T20:11:21.0875389Z /opt/hostedtoolcache/Python/3.12.11/x64/lib/python3.12/site-packages/sqlalchemy/engine/base.py:2355: in _handle_dbapi_exception
2025-08-19T20:11:21.0875970Z     raise sqlalchemy_exception.with_traceback(exc_info[2]) from e
2025-08-19T20:11:21.0876540Z /opt/hostedtoolcache/Python/3.12.11/x64/lib/python3.12/site-packages/sqlalchemy/engine/base.py:1967: in _exec_single_context
2025-08-19T20:11:21.0877036Z     self.dialect.do_execute(
2025-08-19T20:11:21.0877495Z /opt/hostedtoolcache/Python/3.12.11/x64/lib/python3.12/site-packages/sqlalchemy/engine/default.py:951: in do_execute
2025-08-19T20:11:21.0877993Z     cursor.execute(statement, parameters)
2025-08-19T20:11:21.0878270Z _ _ _ _ _ _ _ _ _ _ _ _ _ _ _ _ _ _ _ _ _ _ _ _ _ _ _ _ _ _ _ _ _ _ _ _ _ _ _ _ 
2025-08-19T20:11:21.0878470Z 
2025-08-19T20:11:21.0878719Z self = <psycopg.Cursor [closed] [IDLE] (host=localhost user=postgres database=awa) at 0x7fa40eecfa10>
2025-08-19T20:11:21.0879663Z query = '\n    WITH v(asin, marketplace, fee_type, amount, currency, source, effective_date) AS (VALUES (%(asin0)s, %(marketpl...CT FROM v.currency OR t.source IS DISTINCT FROM v.source OR t.effective_date IS DISTINCT FROM v.effective_date);\n    '
2025-08-19T20:11:21.0880749Z params = {'amount0': 1.11, 'amount1': 2.22, 'asin0': 'DUMMY1', 'asin1': 'DUMMY2', ...}
2025-08-19T20:11:21.0881014Z 
2025-08-19T20:11:21.0881087Z     def execute(
2025-08-19T20:11:21.0881253Z         self,
2025-08-19T20:11:21.0881420Z         query: Query,
2025-08-19T20:11:21.0881621Z         params: Params | None = None,
2025-08-19T20:11:21.0881835Z         *,
2025-08-19T20:11:21.0882010Z         prepare: bool | None = None,
2025-08-19T20:11:21.0882242Z         binary: bool | None = None,
2025-08-19T20:11:21.0882456Z     ) -> Self:
2025-08-19T20:11:21.0882621Z         """
2025-08-19T20:11:21.0882810Z         Execute a query or command to the database.
2025-08-19T20:11:21.0883054Z         """
2025-08-19T20:11:21.0883203Z         try:
2025-08-19T20:11:21.0883375Z             with self._conn.lock:
2025-08-19T20:11:21.0883588Z                 self._conn.wait(
2025-08-19T20:11:21.0883896Z                     self._execute_gen(query, params, prepare=prepare, binary=binary)
2025-08-19T20:11:21.0884200Z                 )
2025-08-19T20:11:21.0884394Z         except e._NO_TRACEBACK as ex:
2025-08-19T20:11:21.0884630Z >           raise ex.with_traceback(None)
2025-08-19T20:11:21.0885091Z E           sqlalchemy.exc.ProgrammingError: (psycopg.errors.UndefinedFunction) operator does not exist: date = text
2025-08-19T20:11:21.0885645Z E           LINE 7: ...rce IS DISTINCT FROM v.source OR t.effective_date IS DISTINC...
2025-08-19T20:11:21.0885981Z E                                                                        ^
2025-08-19T20:11:21.0886413Z E           HINT:  No operator matches the given name and argument types. You might need to add explicit type casts.
2025-08-19T20:11:21.0886960Z E           [SQL: 
2025-08-19T20:11:21.0887787Z E               WITH v(asin, marketplace, fee_type, amount, currency, source, effective_date) AS (VALUES (%(asin0)s, %(marketplace0)s, %(fee_type0)s, %(amount0)s, %(currency0)s, %(source0)s, %(effective_date0)s), (%(asin1)s, %(marketplace1)s, %(fee_type1)s, %(amount1)s, %(currency1)s, %(source1)s, %(effective_date1)s))
2025-08-19T20:11:21.0888666Z E               UPDATE test_fees_raw AS t
2025-08-19T20:11:21.0889065Z E               SET amount = v.amount, currency = v.currency, source = v.source, effective_date = v.effective_date
2025-08-19T20:11:21.0889452Z E               FROM v
2025-08-19T20:11:21.0889879Z E               WHERE t.asin = v.asin AND t.marketplace = v.marketplace AND t.fee_type = v.fee_type
2025-08-19T20:11:21.0890798Z E                 AND (t.amount IS DISTINCT FROM v.amount OR t.currency IS DISTINCT FROM v.currency OR t.source IS DISTINCT FROM v.source OR t.effective_date IS DISTINCT FROM v.effective_date);
2025-08-19T20:11:21.0891391Z E               ]
2025-08-19T20:11:21.0892193Z E           [parameters: {'asin0': 'DUMMY1', 'marketplace0': 'US', 'fee_type0': 'fba_pick_pack', 'amount0': 1.11, 'currency0': 'USD', 'source0': 'sp', 'effective_date0': None, 'asin1': 'DUMMY2', 'marketplace1': 'US', 'fee_type1': 'fba_pick_pack', 'amount1': 2.22, 'currency1': 'USD', 'source1': 'sp', 'effective_date1': None}]
2025-08-19T20:11:21.0893115Z E           (Background on this error at: https://sqlalche.me/e/20/f405)
2025-08-19T20:11:21.0893351Z 
2025-08-19T20:11:21.0893661Z /opt/hostedtoolcache/Python/3.12.11/x64/lib/python3.12/site-packages/psycopg/cursor.py:97: ProgrammingError
2025-08-19T20:11:21.0894152Z =============================== warnings summary ===============================
2025-08-19T20:11:21.0894445Z services/alert_bot/tests/test_smoke.py:5
2025-08-19T20:11:21.0895527Z   /home/runner/work/AWA-App/AWA-App/services/alert_bot/tests/test_smoke.py:5: UserWarning: pkg_resources is deprecated as an API. See https://setuptools.pypa.io/en/latest/pkg_resources.html. The pkg_resources package is slated for removal as early as 2025-11-30. Refrain from using this package or pin to Setuptools<81.
2025-08-19T20:11:21.0896577Z     import pkg_resources  # noqa: F401
2025-08-19T20:11:21.0896738Z 
2025-08-19T20:11:21.0896845Z tests/api/test_ingest_endpoints.py: 12 warnings
2025-08-19T20:11:21.0897128Z tests/ingest/test_tasks_eager.py: 3 warnings
2025-08-19T20:11:21.0897384Z tests/test_api_fast.py: 1 warning
2025-08-19T20:11:21.0897610Z tests/test_health.py: 5 warnings
2025-08-19T20:11:21.0897834Z tests/test_smoke.py: 5 warnings
2025-08-19T20:11:21.0898067Z services/api/tests/test_cors.py: 1 warning
2025-08-19T20:11:21.0898347Z services/api/tests/test_errors_json.py: 2 warnings
2025-08-19T20:11:21.0898633Z services/api/tests/test_health.py: 1 warning
2025-08-19T20:11:21.0898916Z services/api/tests/test_rate_limit.py: 122 warnings
2025-08-19T20:11:21.0899231Z services/api/tests/test_roi_basic_auth.py: 4 warnings
2025-08-19T20:11:21.0899537Z services/api/tests/test_sentry_event.py: 1 warning
2025-08-19T20:11:21.0899853Z services/api/tests/test_stats_contracts.py: 3 warnings
2025-08-19T20:11:21.0901371Z   /opt/hostedtoolcache/Python/3.12.11/x64/lib/python3.12/site-packages/asgi_correlation_id/extensions/sentry.py:27: DeprecationWarning: sentry_sdk.configure_scope is deprecated and will be removed in the next major version. Please consult our migration guide to learn how to migrate to the new API: https://docs.sentry.io/platforms/python/migration/1.x-to-2.x#scope-configuring
2025-08-19T20:11:21.0902624Z     with configure_scope() as scope:
2025-08-19T20:11:21.0902781Z 
2025-08-19T20:11:21.0902886Z tests/api/test_ingest_endpoints.py: 3 warnings
2025-08-19T20:11:21.0903156Z tests/test_api_fast.py: 1 warning
2025-08-19T20:11:21.0903385Z tests/test_health.py: 5 warnings
2025-08-19T20:11:21.0903607Z tests/test_smoke.py: 5 warnings
2025-08-19T20:11:21.0903832Z services/api/tests/test_cors.py: 3 warnings
2025-08-19T20:11:21.0904111Z services/api/tests/test_errors_json.py: 2 warnings
2025-08-19T20:11:21.0904539Z services/api/tests/test_health.py: 1 warning
2025-08-19T20:11:21.0904817Z services/api/tests/test_rate_limit.py: 2 warnings
2025-08-19T20:11:21.0905107Z services/api/tests/test_sentry_event.py: 1 warning
2025-08-19T20:11:21.0905417Z services/api/tests/test_stats_contracts.py: 3 warnings
2025-08-19T20:11:21.0906209Z   /opt/hostedtoolcache/Python/3.12.11/x64/lib/python3.12/site-packages/fastapi_limiter/__init__.py:89: DeprecationWarning: Call to deprecated close. (Use aclose() instead) -- Deprecated since version 5.0.1.
2025-08-19T20:11:21.0906960Z     await cls.redis.close()
2025-08-19T20:11:21.0907102Z 
2025-08-19T20:11:21.0907311Z tests/test_api_fast.py::test_health_endpoint
2025-08-19T20:11:21.0908361Z   /home/runner/work/AWA-App/AWA-App/tests/test_api_fast.py:13: DeprecationWarning: datetime.datetime.utcnow() is deprecated and scheduled for removal in a future version. Use timezone-aware objects to represent datetimes in UTC: datetime.datetime.now(datetime.UTC).
2025-08-19T20:11:21.0909305Z     return datetime.datetime.utcnow()
2025-08-19T20:11:21.0909471Z 
2025-08-19T20:11:21.0909554Z tests/test_api_fast.py: 1 warning
2025-08-19T20:11:21.0909785Z tests/test_health.py: 5 warnings
2025-08-19T20:11:21.0910008Z tests/test_smoke.py: 5 warnings
2025-08-19T20:11:21.0910232Z services/api/tests/test_cors.py: 1 warning
2025-08-19T20:11:21.0910749Z services/api/tests/test_health.py: 1 warning
2025-08-19T20:11:21.0911046Z services/api/tests/test_rate_limit.py: 102 warnings
2025-08-19T20:11:21.0912039Z   /home/runner/work/AWA-App/AWA-App/services/api/routes/health.py:24: DeprecationWarning: datetime.datetime.utcnow() is deprecated and scheduled for removal in a future version. Use timezone-aware objects to represent datetimes in UTC: datetime.datetime.now(datetime.UTC).
2025-08-19T20:11:21.0913040Z     app_now = datetime.utcnow().replace(tzinfo=timezone.utc)
2025-08-19T20:11:21.0913256Z 
2025-08-19T20:11:21.0913358Z tests/test_health.py::test_health[0]
2025-08-19T20:11:21.0913603Z tests/test_health.py::test_health[1]
2025-08-19T20:11:21.0913835Z tests/test_health.py::test_health[2]
2025-08-19T20:11:21.0914064Z tests/test_health.py::test_health[3]
2025-08-19T20:11:21.0914297Z tests/test_health.py::test_health[4]
2025-08-19T20:11:21.0915200Z   /home/runner/work/AWA-App/AWA-App/tests/test_health.py:22: DeprecationWarning: datetime.datetime.utcnow() is deprecated and scheduled for removal in a future version. Use timezone-aware objects to represent datetimes in UTC: datetime.datetime.now(datetime.UTC).
2025-08-19T20:11:21.0916109Z     return datetime.datetime.utcnow()
2025-08-19T20:11:21.0916276Z 
2025-08-19T20:11:21.0916361Z tests/test_smoke.py::test_health[0]
2025-08-19T20:11:21.0916596Z tests/test_smoke.py::test_health[1]
2025-08-19T20:11:21.0916829Z tests/test_smoke.py::test_health[2]
2025-08-19T20:11:21.0917053Z tests/test_smoke.py::test_health[3]
2025-08-19T20:11:21.0917279Z tests/test_smoke.py::test_health[4]
2025-08-19T20:11:21.0918165Z   /home/runner/work/AWA-App/AWA-App/tests/test_smoke.py:32: DeprecationWarning: datetime.datetime.utcnow() is deprecated and scheduled for removal in a future version. Use timezone-aware objects to represent datetimes in UTC: datetime.datetime.now(datetime.UTC).
2025-08-19T20:11:21.0919076Z     return datetime.datetime.utcnow()
2025-08-19T20:11:21.0919243Z 
2025-08-19T20:11:21.4965471Z services/api/tests/test_cors.py::test_cors_simple_get_allowed
2025-08-19T20:11:21.4967264Z   /home/runner/work/AWA-App/AWA-App/services/api/tests/test_cors.py:27: DeprecationWarning: datetime.datetime.utcnow() is deprecated and scheduled for removal in a future version. Use timezone-aware objects to represent datetimes in UTC: datetime.datetime.now(datetime.UTC).
2025-08-19T20:11:21.4969095Z     return datetime.datetime.utcnow()
2025-08-19T20:11:21.4969527Z Sentry is attempting to send 0 pending events
2025-08-19T20:11:21.4969870Z Waiting up to True seconds
2025-08-19T20:11:21.4970124Z Press Ctrl-C to quit
2025-08-19T20:11:21.4970278Z 
2025-08-19T20:11:21.4970723Z services/api/tests/test_health.py::test_health_route
2025-08-19T20:11:21.4972310Z   /home/runner/work/AWA-App/AWA-App/services/api/tests/test_health.py:14: DeprecationWarning: datetime.datetime.utcnow() is deprecated and scheduled for removal in a future version. Use timezone-aware objects to represent datetimes in UTC: datetime.datetime.now(datetime.UTC).
2025-08-19T20:11:21.4973315Z     return datetime.datetime.utcnow()
2025-08-19T20:11:21.4973483Z 
2025-08-19T20:11:21.4973598Z services/api/tests/test_rate_limit.py: 102 warnings
2025-08-19T20:11:21.4974804Z   /home/runner/work/AWA-App/AWA-App/services/api/tests/test_rate_limit.py:33: DeprecationWarning: datetime.datetime.utcnow() is deprecated and scheduled for removal in a future version. Use timezone-aware objects to represent datetimes in UTC: datetime.datetime.now(datetime.UTC).
2025-08-19T20:11:21.4975789Z     return datetime.datetime.utcnow()
2025-08-19T20:11:21.4975973Z 
2025-08-19T20:11:21.4976206Z services/api/tests/test_sentry_event.py::test_unhandled_exception_is_captured_and_tagged
2025-08-19T20:11:21.4977574Z   /home/runner/work/AWA-App/AWA-App/services/api/tests/test_sentry_event.py:47: SentryHubDeprecationWarning: `sentry_sdk.Hub` is deprecated and will be removed in a future major release. Please consult our 1.x to 2.x migration guide for details on how to migrate `Hub` usage to the new API: https://docs.sentry.io/platforms/python/migration/1.x-to-2.x
2025-08-19T20:11:21.4978724Z     hub = sentry_sdk.Hub.current
2025-08-19T20:11:21.4978872Z 
2025-08-19T20:11:21.4979055Z -- Docs: https://docs.pytest.org/en/stable/how-to/capture-warnings.html
2025-08-19T20:11:21.4979429Z ================================ tests coverage ================================
2025-08-19T20:11:21.4979799Z _______________ coverage: platform linux, python 3.12.11-final-0 _______________
2025-08-19T20:11:21.4980047Z 
2025-08-19T20:11:21.4980146Z Coverage XML written to file coverage.xml
2025-08-19T20:11:21.4980682Z Required test coverage of 65% reached. Total coverage: 65.43%
2025-08-19T20:11:21.4981041Z =========================== short test summary info ============================
2025-08-19T20:11:21.4981714Z FAILED tests/test_sp_fees_ingestor.py::test_offline - sqlalchemy.exc.ProgrammingError: (psycopg.errors.UndefinedFunction) operator does not exist: date = text
2025-08-19T20:11:21.4982419Z LINE 7: ...rce IS DISTINCT FROM v.source OR t.effective_date IS DISTINC...
2025-08-19T20:11:21.4982750Z                                                              ^
2025-08-19T20:11:21.4983175Z HINT:  No operator matches the given name and argument types. You might need to add explicit type casts.
2025-08-19T20:11:21.4983570Z [SQL: 
2025-08-19T20:11:21.4984374Z     WITH v(asin, marketplace, fee_type, amount, currency, source, effective_date) AS (VALUES (%(asin0)s, %(marketplace0)s, %(fee_type0)s, %(amount0)s, %(currency0)s, %(source0)s, %(effective_date0)s), (%(asin1)s, %(marketplace1)s, %(fee_type1)s, %(amount1)s, %(currency1)s, %(source1)s, %(effective_date1)s))
2025-08-19T20:11:21.4985246Z     UPDATE test_fees_raw AS t
2025-08-19T20:11:21.4985636Z     SET amount = v.amount, currency = v.currency, source = v.source, effective_date = v.effective_date
2025-08-19T20:11:21.4986023Z     FROM v
2025-08-19T20:11:21.4986309Z     WHERE t.asin = v.asin AND t.marketplace = v.marketplace AND t.fee_type = v.fee_type
2025-08-19T20:11:21.4987024Z       AND (t.amount IS DISTINCT FROM v.amount OR t.currency IS DISTINCT FROM v.currency OR t.source IS DISTINCT FROM v.source OR t.effective_date IS DISTINCT FROM v.effective_date);
2025-08-19T20:11:21.4987597Z     ]
2025-08-19T20:11:21.4988376Z [parameters: {'asin0': 'DUMMY1', 'marketplace0': 'US', 'fee_type0': 'fba_pick_pack', 'amount0': 1.11, 'currency0': 'USD', 'source0': 'sp', 'effective_date0': None, 'asin1': 'DUMMY2', 'marketplace1': 'US', 'fee_type1': 'fba_pick_pack', 'amount1': 2.22, 'currency1': 'USD', 'source1': 'sp', 'effective_date1': None}]
2025-08-19T20:11:21.4989277Z (Background on this error at: https://sqlalche.me/e/20/f405)
2025-08-19T20:11:21.8933026Z ##[error]Process completed with exit code 1.
2025-08-19T20:11:21.9006165Z Post job cleanup.
2025-08-19T20:11:21.9926652Z [command]/usr/bin/git version
2025-08-19T20:11:21.9966798Z git version 2.50.1
2025-08-19T20:11:22.0010731Z Temporarily overriding HOME='/home/runner/work/_temp/7ee9fdfe-7564-47f7-a6f7-a8e708519026' before making global git config changes
2025-08-19T20:11:22.0012023Z Adding repository directory to the temporary git global config as a safe directory
2025-08-19T20:11:22.0017113Z [command]/usr/bin/git config --global --add safe.directory /home/runner/work/AWA-App/AWA-App
2025-08-19T20:11:22.0053153Z [command]/usr/bin/git config --local --name-only --get-regexp core\.sshCommand
2025-08-19T20:11:22.0085679Z [command]/usr/bin/git submodule foreach --recursive sh -c "git config --local --name-only --get-regexp 'core\.sshCommand' && git config --local --unset-all 'core.sshCommand' || :"
2025-08-19T20:11:22.0309609Z [command]/usr/bin/git config --local --name-only --get-regexp http\.https\:\/\/github\.com\/\.extraheader
2025-08-19T20:11:22.0329532Z http.https://github.com/.extraheader
2025-08-19T20:11:22.0341856Z [command]/usr/bin/git config --local --unset-all http.https://github.com/.extraheader
2025-08-19T20:11:22.0370881Z [command]/usr/bin/git submodule foreach --recursive sh -c "git config --local --name-only --get-regexp 'http\.https\:\/\/github\.com\/\.extraheader' && git config --local --unset-all 'http.https://github.com/.extraheader' || :"
2025-08-19T20:11:22.0671031Z Print service container logs: 49869f4c9b3946eaa9bcf58bedfb2aac_postgres15_59f085
2025-08-19T20:11:22.0675451Z ##[command]/usr/bin/docker logs --details 1b03c982b79edf5902336f7f37392eaae7a059c4a0be5931834a166ce15833c7
2025-08-19T20:11:22.0806724Z  The files belonging to this database system will be owned by user "postgres".
2025-08-19T20:11:22.0807488Z  This user must also own the server process.
2025-08-19T20:11:22.0808105Z  
2025-08-19T20:11:22.0809201Z  initdb: warning: enabling "trust" authentication for local connections
2025-08-19T20:11:22.0809708Z  The database cluster will be initialized with locale "en_US.utf8".
2025-08-19T20:11:22.0810939Z  initdb: hint: You can change this by editing pg_hba.conf or using the option -A, or --auth-local and --auth-host, the next time you run initdb.
2025-08-19T20:11:22.0811889Z  The default database encoding has accordingly been set to "UTF8".
2025-08-19T20:11:22.0813009Z  2025-08-19 20:09:02.876 UTC [1] LOG:  starting PostgreSQL 15.14 (Debian 15.14-1.pgdg13+1) on x86_64-pc-linux-gnu, compiled by gcc (Debian 14.2.0-19) 14.2.0, 64-bit
2025-08-19T20:11:22.0814053Z  2025-08-19 20:09:02.876 UTC [1] LOG:  listening on IPv4 address "0.0.0.0", port 5432
2025-08-19T20:11:22.0814746Z  2025-08-19 20:09:02.876 UTC [1] LOG:  listening on IPv6 address "::", port 5432
2025-08-19T20:11:22.0815473Z  2025-08-19 20:09:02.877 UTC [1] LOG:  listening on Unix socket "/var/run/postgresql/.s.PGSQL.5432"
2025-08-19T20:11:22.0816264Z  2025-08-19 20:09:02.880 UTC [64] LOG:  database system was shut down at 2025-08-19 20:09:02 UTC
2025-08-19T20:11:22.0816982Z  2025-08-19 20:09:02.884 UTC [1] LOG:  database system is ready to accept connections
2025-08-19T20:11:22.0817702Z  2025-08-19 20:10:47.846 UTC [244] ERROR:  operator does not exist: date = text at character 538
2025-08-19T20:11:22.0818654Z  2025-08-19 20:10:47.846 UTC [244] HINT:  No operator matches the given name and argument types. You might need to add explicit type casts.
2025-08-19T20:11:22.0819267Z  2025-08-19 20:10:47.846 UTC [244] STATEMENT:  
2025-08-19T20:11:22.0819780Z  	    WITH v(asin, marketplace, fee_type, amount, currency, source, effective_date) AS (VALUES ($1, $2, $3, $4, $5, $6, $7), ($8, $9, $10, $11, $12, $13, $14))
2025-08-19T20:11:22.0820275Z  	    UPDATE test_fees_raw AS t
2025-08-19T20:11:22.0820930Z  	    SET amount = v.amount, currency = v.currency, source = v.source, effective_date = v.effective_date
2025-08-19T20:11:22.0821310Z  	    FROM v
2025-08-19T20:11:22.0821601Z  	    WHERE t.asin = v.asin AND t.marketplace = v.marketplace AND t.fee_type = v.fee_type
2025-08-19T20:11:22.0822545Z  	      AND (t.amount IS DISTINCT FROM v.amount OR t.currency IS DISTINCT FROM v.currency OR t.source IS DISTINCT FROM v.source OR t.effective_date IS DISTINCT FROM v.effective_date);
2025-08-19T20:11:22.0823132Z  	    
2025-08-19T20:11:22.0823378Z  The default text search configuration will be set to "english".
2025-08-19T20:11:22.0823668Z  
2025-08-19T20:11:22.0823837Z  Data page checksums are disabled.
2025-08-19T20:11:22.0824058Z  
2025-08-19T20:11:22.0824316Z  fixing permissions on existing directory /var/lib/postgresql/data ... ok
2025-08-19T20:11:22.0824664Z  creating subdirectories ... ok
2025-08-19T20:11:22.0824940Z  selecting dynamic shared memory implementation ... posix
2025-08-19T20:11:22.0825360Z  selecting default max_connections ... 100
2025-08-19T20:11:22.0825967Z  selecting default shared_buffers ... 128MB
2025-08-19T20:11:22.0826505Z  selecting default time zone ... Etc/UTC
2025-08-19T20:11:22.0826935Z  creating configuration files ... ok
2025-08-19T20:11:22.0827278Z  running bootstrap script ... ok
2025-08-19T20:11:22.0827584Z  performing post-bootstrap initialization ... ok
2025-08-19T20:11:22.0827865Z  syncing data to disk ... ok
2025-08-19T20:11:22.0828068Z  
2025-08-19T20:11:22.0828212Z  
2025-08-19T20:11:22.0828415Z  Success. You can now start the database server using:
2025-08-19T20:11:22.0828675Z  
2025-08-19T20:11:22.0828883Z      pg_ctl -D /var/lib/postgresql/data -l logfile start
2025-08-19T20:11:22.0829380Z  
2025-08-19T20:11:22.0830046Z  waiting for server to start....2025-08-19 20:09:02.530 UTC [48] LOG:  starting PostgreSQL 15.14 (Debian 15.14-1.pgdg13+1) on x86_64-pc-linux-gnu, compiled by gcc (Debian 14.2.0-19) 14.2.0, 64-bit
2025-08-19T20:11:22.0830980Z  2025-08-19 20:09:02.531 UTC [48] LOG:  listening on Unix socket "/var/run/postgresql/.s.PGSQL.5432"
2025-08-19T20:11:22.0831453Z  2025-08-19 20:09:02.536 UTC [51] LOG:  database system was shut down at 2025-08-19 20:09:02 UTC
2025-08-19T20:11:22.0831881Z  2025-08-19 20:09:02.542 UTC [48] LOG:  database system is ready to accept connections
2025-08-19T20:11:22.0832211Z   done
2025-08-19T20:11:22.0832363Z  server started
2025-08-19T20:11:22.0832530Z  CREATE DATABASE
2025-08-19T20:11:22.0832692Z  
2025-08-19T20:11:22.0832829Z  
2025-08-19T20:11:22.0833121Z  /usr/local/bin/docker-entrypoint.sh: ignoring /docker-entrypoint-initdb.d/*
2025-08-19T20:11:22.0833468Z  
2025-08-19T20:11:22.0833687Z  2025-08-19 20:09:02.752 UTC [48] LOG:  received fast shutdown request
2025-08-19T20:11:22.0834133Z  waiting for server to shut down....2025-08-19 20:09:02.752 UTC [48] LOG:  aborting any active transactions
2025-08-19T20:11:22.0834709Z  2025-08-19 20:09:02.754 UTC [48] LOG:  background worker "logical replication launcher" (PID 54) exited with exit code 1
2025-08-19T20:11:22.0835152Z  2025-08-19 20:09:02.754 UTC [49] LOG:  shutting down
2025-08-19T20:11:22.0835478Z  2025-08-19 20:09:02.755 UTC [49] LOG:  checkpoint starting: shutdown immediate
2025-08-19T20:11:22.0836282Z  2025-08-19 20:09:02.777 UTC [49] LOG:  checkpoint complete: wrote 922 buffers (5.6%); 0 WAL file(s) added, 0 removed, 0 recycled; write=0.019 s, sync=0.002 s, total=0.024 s; sync files=301, longest=0.001 s, average=0.001 s; distance=4239 kB, estimate=4239 kB
2025-08-19T20:11:22.0837070Z  2025-08-19 20:09:02.785 UTC [48] LOG:  database system is shut down
2025-08-19T20:11:22.0837345Z   done
2025-08-19T20:11:22.0837492Z  server stopped
2025-08-19T20:11:22.0837656Z  
2025-08-19T20:11:22.0837864Z  PostgreSQL init process complete; ready for start up.
2025-08-19T20:11:22.0838126Z  
2025-08-19T20:11:22.0843446Z Stop and remove container: 49869f4c9b3946eaa9bcf58bedfb2aac_postgres15_59f085
2025-08-19T20:11:22.0847962Z ##[command]/usr/bin/docker rm --force 1b03c982b79edf5902336f7f37392eaae7a059c4a0be5931834a166ce15833c7
2025-08-19T20:11:22.2048646Z 1b03c982b79edf5902336f7f37392eaae7a059c4a0be5931834a166ce15833c7
2025-08-19T20:11:22.2070798Z Print service container logs: 19e8c5de5b9a4c709dacf579ea5d1ba3_redis7alpine_24ce13
2025-08-19T20:11:22.2072131Z ##[command]/usr/bin/docker logs --details 8791aa1314b5f8489c5eb352dc74ef8a163c677a3ee571bd63c4ba413f92b3d9
2025-08-19T20:11:22.2193041Z  1:C 19 Aug 2025 20:09:03.108 # WARNING Memory overcommit must be enabled! Without it, a background save or replication may fail under low memory condition. Being disabled, it can also cause failures without low memory condition, see https://github.com/jemalloc/jemalloc/issues/1328. To fix this issue add 'vm.overcommit_memory = 1' to /etc/sysctl.conf and then reboot or run the command 'sysctl vm.overcommit_memory=1' for this to take effect.
2025-08-19T20:11:22.2195528Z  1:C 19 Aug 2025 20:09:03.108 * oO0OoO0OoO0Oo Redis is starting oO0OoO0OoO0Oo
2025-08-19T20:11:22.2196303Z  1:C 19 Aug 2025 20:09:03.108 * Redis version=7.4.5, bits=64, commit=00000000, modified=0, pid=1, just started
2025-08-19T20:11:22.2197469Z  1:C 19 Aug 2025 20:09:03.108 # Warning: no config file specified, using the default config. In order to specify a config file use redis-server /path/to/redis.conf
2025-08-19T20:11:22.2198495Z  1:M 19 Aug 2025 20:09:03.108 * monotonic clock: POSIX clock_gettime
2025-08-19T20:11:22.2199063Z  1:M 19 Aug 2025 20:09:03.109 * Running mode=standalone, port=6379.
2025-08-19T20:11:22.2199567Z  1:M 19 Aug 2025 20:09:03.109 * Server initialized
2025-08-19T20:11:22.2200063Z  1:M 19 Aug 2025 20:09:03.109 * Ready to accept connections tcp
2025-08-19T20:11:22.2207584Z Stop and remove container: 19e8c5de5b9a4c709dacf579ea5d1ba3_redis7alpine_24ce13
2025-08-19T20:11:22.2208303Z ##[command]/usr/bin/docker rm --force 8791aa1314b5f8489c5eb352dc74ef8a163c677a3ee571bd63c4ba413f92b3d9
2025-08-19T20:11:22.3236668Z 8791aa1314b5f8489c5eb352dc74ef8a163c677a3ee571bd63c4ba413f92b3d9
2025-08-19T20:11:22.3261761Z Remove container network: github_network_d93696bfe2c647e782ba1ea8e205406a
2025-08-19T20:11:22.3266185Z ##[command]/usr/bin/docker network rm github_network_d93696bfe2c647e782ba1ea8e205406a
2025-08-19T20:11:22.4395698Z github_network_d93696bfe2c647e782ba1ea8e205406a
2025-08-19T20:11:22.4454629Z Cleaning up orphan processes
