2025-08-21T17:51:51.5054748Z Current runner version: '2.328.0'
2025-08-21T17:51:51.5081460Z ##[group]Operating System
2025-08-21T17:51:51.5082179Z Ubuntu
2025-08-21T17:51:51.5082725Z 24.04.2
2025-08-21T17:51:51.5083205Z LTS
2025-08-21T17:51:51.5083640Z ##[endgroup]
2025-08-21T17:51:51.5084202Z ##[group]Runner Image
2025-08-21T17:51:51.5084775Z Image: ubuntu-24.04
2025-08-21T17:51:51.5085328Z Version: 20250818.1.0
2025-08-21T17:51:51.5086329Z Included Software: https://github.com/actions/runner-images/blob/ubuntu24/20250818.1/images/ubuntu/Ubuntu2404-Readme.md
2025-08-21T17:51:51.5087869Z Image Release: https://github.com/actions/runner-images/releases/tag/ubuntu24%2F20250818.1
2025-08-21T17:51:51.5088752Z ##[endgroup]
2025-08-21T17:51:51.5089255Z ##[group]Runner Image Provisioner
2025-08-21T17:51:51.5089871Z 2.0.449.1
2025-08-21T17:51:51.5090285Z ##[endgroup]
2025-08-21T17:51:51.5092667Z ##[group]GITHUB_TOKEN Permissions
2025-08-21T17:51:51.5095167Z Actions: write
2025-08-21T17:51:51.5096113Z Attestations: write
2025-08-21T17:51:51.5096862Z Checks: write
2025-08-21T17:51:51.5097320Z Contents: write
2025-08-21T17:51:51.5097902Z Deployments: write
2025-08-21T17:51:51.5098441Z Discussions: write
2025-08-21T17:51:51.5098881Z Issues: write
2025-08-21T17:51:51.5099371Z Metadata: read
2025-08-21T17:51:51.5099805Z Models: read
2025-08-21T17:51:51.5100307Z Packages: write
2025-08-21T17:51:51.5100768Z Pages: write
2025-08-21T17:51:51.5101267Z PullRequests: write
2025-08-21T17:51:51.5101727Z RepositoryProjects: write
2025-08-21T17:51:51.5102339Z SecurityEvents: write
2025-08-21T17:51:51.5102846Z Statuses: write
2025-08-21T17:51:51.5103293Z ##[endgroup]
2025-08-21T17:51:51.5105368Z Secret source: Actions
2025-08-21T17:51:51.5106137Z Prepare workflow directory
2025-08-21T17:51:51.5533619Z Prepare all required actions
2025-08-21T17:51:51.5571338Z Getting action download info
2025-08-21T17:51:51.8470815Z Download action repository 'actions/checkout@v5' (SHA:08c6903cd8c0fde910a37f88322edcfb5dd907a8)
2025-08-21T17:51:51.9995000Z Download action repository 'actions/setup-python@v5' (SHA:a26af69be951a213d495a4c3e4e4022e16d87065)
2025-08-21T17:51:52.2035415Z Download action repository 'actions/upload-artifact@v4' (SHA:ea165f8d65b6e75b540449e92b4886f43607fa02)
2025-08-21T17:51:52.5605042Z Complete job name: unit
2025-08-21T17:51:52.6165374Z ##[group]Checking docker version
2025-08-21T17:51:52.6179303Z ##[command]/usr/bin/docker version --format '{{.Server.APIVersion}}'
2025-08-21T17:51:56.7323785Z '1.48'
2025-08-21T17:51:56.7339723Z Docker daemon API version: '1.48'
2025-08-21T17:51:56.7340217Z ##[command]/usr/bin/docker version --format '{{.Client.APIVersion}}'
2025-08-21T17:51:56.7494327Z '1.48'
2025-08-21T17:51:56.7508064Z Docker client API version: '1.48'
2025-08-21T17:51:56.7513223Z ##[endgroup]
2025-08-21T17:51:56.7515694Z ##[group]Clean up resources from previous jobs
2025-08-21T17:51:56.7520791Z ##[command]/usr/bin/docker ps --all --quiet --no-trunc --filter "label=f51a2f"
2025-08-21T17:51:56.7651857Z ##[command]/usr/bin/docker network prune --force --filter "label=f51a2f"
2025-08-21T17:51:56.7766922Z ##[endgroup]
2025-08-21T17:51:56.7767239Z ##[group]Create local container network
2025-08-21T17:51:56.7776180Z ##[command]/usr/bin/docker network create --label f51a2f github_network_93659796f6e74fd9a3cc0930ed3edfe4
2025-08-21T17:51:56.8512588Z 41fe2dfaf4bb66ed81b9f8151656bd46e3812e09553bdc501338dcaf949ddf32
2025-08-21T17:51:56.8532443Z ##[endgroup]
2025-08-21T17:51:56.8555000Z ##[group]Starting postgres service container
2025-08-21T17:51:56.8573584Z ##[command]/usr/bin/docker pull postgres:15
2025-08-21T17:51:57.2557068Z 15: Pulling from library/postgres
2025-08-21T17:51:57.3190284Z 396b1da7636e: Pulling fs layer
2025-08-21T17:51:57.3190738Z fca2566eba32: Pulling fs layer
2025-08-21T17:51:57.3190993Z 631fe8c6d606: Pulling fs layer
2025-08-21T17:51:57.3191325Z 77c7671c4414: Pulling fs layer
2025-08-21T17:51:57.3191732Z 2d9e29180a27: Pulling fs layer
2025-08-21T17:51:57.3192107Z c6bcc2c9a041: Pulling fs layer
2025-08-21T17:51:57.3192513Z ac4b721eb66f: Pulling fs layer
2025-08-21T17:51:57.3193396Z 606bd164980e: Pulling fs layer
2025-08-21T17:51:57.3193800Z f5dfd246bc6e: Pulling fs layer
2025-08-21T17:51:57.3194207Z ba7036bb0a60: Pulling fs layer
2025-08-21T17:51:57.3194477Z 799f859abbbd: Pulling fs layer
2025-08-21T17:51:57.3194726Z d903e777080c: Pulling fs layer
2025-08-21T17:51:57.3195051Z 04adcb462801: Pulling fs layer
2025-08-21T17:51:57.3195264Z 5c10925b29ff: Pulling fs layer
2025-08-21T17:51:57.3195487Z 606bd164980e: Waiting
2025-08-21T17:51:57.3195769Z f5dfd246bc6e: Waiting
2025-08-21T17:51:57.3196016Z ba7036bb0a60: Waiting
2025-08-21T17:51:57.3196194Z 2d9e29180a27: Waiting
2025-08-21T17:51:57.3196368Z 799f859abbbd: Waiting
2025-08-21T17:51:57.3196633Z d903e777080c: Waiting
2025-08-21T17:51:57.3197024Z c6bcc2c9a041: Waiting
2025-08-21T17:51:57.3197203Z ac4b721eb66f: Waiting
2025-08-21T17:51:57.3197367Z 04adcb462801: Waiting
2025-08-21T17:51:57.3197535Z 77c7671c4414: Waiting
2025-08-21T17:51:57.5080037Z fca2566eba32: Download complete
2025-08-21T17:51:57.7171861Z 396b1da7636e: Verifying Checksum
2025-08-21T17:51:57.7172496Z 396b1da7636e: Download complete
2025-08-21T17:51:57.7301880Z 631fe8c6d606: Verifying Checksum
2025-08-21T17:51:57.7302428Z 631fe8c6d606: Download complete
2025-08-21T17:51:57.8299821Z c6bcc2c9a041: Verifying Checksum
2025-08-21T17:51:57.8300396Z c6bcc2c9a041: Download complete
2025-08-21T17:51:57.8347171Z 77c7671c4414: Verifying Checksum
2025-08-21T17:51:57.8347750Z 77c7671c4414: Download complete
2025-08-21T17:51:57.9141843Z 606bd164980e: Verifying Checksum
2025-08-21T17:51:57.9142561Z 606bd164980e: Download complete
2025-08-21T17:51:57.9151572Z ac4b721eb66f: Verifying Checksum
2025-08-21T17:51:57.9158790Z ac4b721eb66f: Download complete
2025-08-21T17:51:57.9702312Z 2d9e29180a27: Verifying Checksum
2025-08-21T17:51:57.9702911Z 2d9e29180a27: Download complete
2025-08-21T17:51:58.0015956Z ba7036bb0a60: Verifying Checksum
2025-08-21T17:51:58.0016417Z ba7036bb0a60: Download complete
2025-08-21T17:51:58.0549567Z 799f859abbbd: Verifying Checksum
2025-08-21T17:51:58.0551615Z 799f859abbbd: Download complete
2025-08-21T17:51:58.1150133Z d903e777080c: Verifying Checksum
2025-08-21T17:51:58.1150598Z d903e777080c: Download complete
2025-08-21T17:51:58.1599097Z 04adcb462801: Verifying Checksum
2025-08-21T17:51:58.1600552Z 04adcb462801: Download complete
2025-08-21T17:51:58.2972779Z 5c10925b29ff: Verifying Checksum
2025-08-21T17:51:58.2973525Z 5c10925b29ff: Download complete
2025-08-21T17:51:58.7313733Z 396b1da7636e: Pull complete
2025-08-21T17:51:58.9961792Z fca2566eba32: Pull complete
2025-08-21T17:51:59.1989533Z 631fe8c6d606: Pull complete
2025-08-21T17:51:59.2537281Z 77c7671c4414: Pull complete
2025-08-21T17:51:59.4806291Z f5dfd246bc6e: Verifying Checksum
2025-08-21T17:51:59.4807208Z f5dfd246bc6e: Download complete
2025-08-21T17:51:59.6088937Z 2d9e29180a27: Pull complete
2025-08-21T17:51:59.7016639Z c6bcc2c9a041: Pull complete
2025-08-21T17:51:59.7118999Z ac4b721eb66f: Pull complete
2025-08-21T17:51:59.7293783Z 606bd164980e: Pull complete
2025-08-21T17:52:02.7537888Z f5dfd246bc6e: Pull complete
2025-08-21T17:52:02.7770110Z ba7036bb0a60: Pull complete
2025-08-21T17:52:02.7911528Z 799f859abbbd: Pull complete
2025-08-21T17:52:02.8049901Z d903e777080c: Pull complete
2025-08-21T17:52:02.8181202Z 04adcb462801: Pull complete
2025-08-21T17:52:02.8320365Z 5c10925b29ff: Pull complete
2025-08-21T17:52:02.8371447Z Digest: sha256:bc51cf4f1fe02cce7ed2370b20128a9b00b4eb804573a77d2a0d877aaa9c82b1
2025-08-21T17:52:02.8386537Z Status: Downloaded newer image for postgres:15
2025-08-21T17:52:02.8397899Z docker.io/library/postgres:15
2025-08-21T17:52:02.8459274Z ##[command]/usr/bin/docker create --name 699a689220604ebf93b77e7124cec3cd_postgres15_61a13f --label f51a2f --network github_network_93659796f6e74fd9a3cc0930ed3edfe4 --network-alias postgres -p 5432:5432 --health-cmd="pg_isready -U postgres -d awa" --health-interval=5s --health-timeout=5s --health-retries=10 -e "POSTGRES_USER=postgres" -e "POSTGRES_PASSWORD=pass" -e "POSTGRES_DB=awa" -e GITHUB_ACTIONS=true -e CI=true postgres:15
2025-08-21T17:52:02.8963550Z e9d22cd069f3d46beaa84550b53125f1a0e54f5b7f3fae8c433f9340ee85e434
2025-08-21T17:52:02.8984659Z ##[command]/usr/bin/docker start e9d22cd069f3d46beaa84550b53125f1a0e54f5b7f3fae8c433f9340ee85e434
2025-08-21T17:52:05.7386633Z e9d22cd069f3d46beaa84550b53125f1a0e54f5b7f3fae8c433f9340ee85e434
2025-08-21T17:52:05.7408091Z ##[command]/usr/bin/docker ps --all --filter id=e9d22cd069f3d46beaa84550b53125f1a0e54f5b7f3fae8c433f9340ee85e434 --filter status=running --no-trunc --format "{{.ID}} {{.Status}}"
2025-08-21T17:52:05.7709913Z e9d22cd069f3d46beaa84550b53125f1a0e54f5b7f3fae8c433f9340ee85e434 Up 2 seconds (health: starting)
2025-08-21T17:52:05.7733875Z ##[command]/usr/bin/docker port e9d22cd069f3d46beaa84550b53125f1a0e54f5b7f3fae8c433f9340ee85e434
2025-08-21T17:52:05.7861254Z 5432/tcp -> 0.0.0.0:5432
2025-08-21T17:52:05.7861678Z 5432/tcp -> [::]:5432
2025-08-21T17:52:05.7909364Z ##[endgroup]
2025-08-21T17:52:05.7910211Z ##[group]Starting redis service container
2025-08-21T17:52:05.7911266Z ##[command]/usr/bin/docker pull redis:7-alpine
2025-08-21T17:52:06.0347020Z 7-alpine: Pulling from library/redis
2025-08-21T17:52:06.0968669Z 0368fd46e3c6: Pulling fs layer
2025-08-21T17:52:06.0969176Z 4c55286bbede: Pulling fs layer
2025-08-21T17:52:06.0969610Z 5e28347af205: Pulling fs layer
2025-08-21T17:52:06.0970004Z 311eca34042e: Pulling fs layer
2025-08-21T17:52:06.0970387Z e6fe6f07e192: Pulling fs layer
2025-08-21T17:52:06.0970802Z a2cadbfeca72: Pulling fs layer
2025-08-21T17:52:06.0971200Z 4f4fb700ef54: Pulling fs layer
2025-08-21T17:52:06.0971588Z a976ed7e7808: Pulling fs layer
2025-08-21T17:52:06.0971939Z e6fe6f07e192: Waiting
2025-08-21T17:52:06.0972302Z a2cadbfeca72: Waiting
2025-08-21T17:52:06.0972626Z 4f4fb700ef54: Waiting
2025-08-21T17:52:06.0972965Z a976ed7e7808: Waiting
2025-08-21T17:52:06.0973304Z 311eca34042e: Waiting
2025-08-21T17:52:06.1924083Z 5e28347af205: Verifying Checksum
2025-08-21T17:52:06.1924784Z 5e28347af205: Download complete
2025-08-21T17:52:06.2898095Z 4c55286bbede: Verifying Checksum
2025-08-21T17:52:06.2907445Z 4c55286bbede: Download complete
2025-08-21T17:52:06.2953728Z 311eca34042e: Verifying Checksum
2025-08-21T17:52:06.2954802Z 311eca34042e: Download complete
2025-08-21T17:52:06.3881717Z 0368fd46e3c6: Verifying Checksum
2025-08-21T17:52:06.3885379Z 0368fd46e3c6: Download complete
2025-08-21T17:52:06.3893117Z a2cadbfeca72: Verifying Checksum
2025-08-21T17:52:06.3893677Z a2cadbfeca72: Download complete
2025-08-21T17:52:06.4517293Z e6fe6f07e192: Verifying Checksum
2025-08-21T17:52:06.4772632Z a976ed7e7808: Verifying Checksum
2025-08-21T17:52:06.4773097Z a976ed7e7808: Download complete
2025-08-21T17:52:06.4817842Z 4f4fb700ef54: Verifying Checksum
2025-08-21T17:52:06.4818374Z 4f4fb700ef54: Download complete
2025-08-21T17:52:06.5186843Z 0368fd46e3c6: Pull complete
2025-08-21T17:52:06.5685878Z 4c55286bbede: Pull complete
2025-08-21T17:52:06.7337332Z 5e28347af205: Pull complete
2025-08-21T17:52:06.7638782Z 311eca34042e: Pull complete
2025-08-21T17:52:06.9705092Z e6fe6f07e192: Pull complete
2025-08-21T17:52:06.9795259Z a2cadbfeca72: Pull complete
2025-08-21T17:52:06.9881500Z 4f4fb700ef54: Pull complete
2025-08-21T17:52:06.9989675Z a976ed7e7808: Pull complete
2025-08-21T17:52:07.0093377Z Digest: sha256:bb186d083732f669da90be8b0f975a37812b15e913465bb14d845db72a4e3e08
2025-08-21T17:52:07.0107175Z Status: Downloaded newer image for redis:7-alpine
2025-08-21T17:52:07.0116465Z docker.io/library/redis:7-alpine
2025-08-21T17:52:07.0133088Z ##[command]/usr/bin/docker create --name 7c346f6aa96445abbd4ac34a3d2505b6_redis7alpine_1b5614 --label f51a2f --network github_network_93659796f6e74fd9a3cc0930ed3edfe4 --network-alias redis -p 6379:6379  -e GITHUB_ACTIONS=true -e CI=true redis:7-alpine
2025-08-21T17:52:07.0389570Z 5fc4d4d45d0a2f199c451af676f334ea51b1a9676fc249cefc1a058b021808ed
2025-08-21T17:52:07.0403291Z ##[command]/usr/bin/docker start 5fc4d4d45d0a2f199c451af676f334ea51b1a9676fc249cefc1a058b021808ed
2025-08-21T17:52:07.1730237Z 5fc4d4d45d0a2f199c451af676f334ea51b1a9676fc249cefc1a058b021808ed
2025-08-21T17:52:07.1748381Z ##[command]/usr/bin/docker ps --all --filter id=5fc4d4d45d0a2f199c451af676f334ea51b1a9676fc249cefc1a058b021808ed --filter status=running --no-trunc --format "{{.ID}} {{.Status}}"
2025-08-21T17:52:07.1866546Z 5fc4d4d45d0a2f199c451af676f334ea51b1a9676fc249cefc1a058b021808ed Up Less than a second
2025-08-21T17:52:07.1881122Z ##[command]/usr/bin/docker port 5fc4d4d45d0a2f199c451af676f334ea51b1a9676fc249cefc1a058b021808ed
2025-08-21T17:52:07.1991170Z 6379/tcp -> 0.0.0.0:6379
2025-08-21T17:52:07.1991563Z 6379/tcp -> [::]:6379
2025-08-21T17:52:07.2004884Z ##[endgroup]
2025-08-21T17:52:07.2015286Z ##[group]Waiting for all services to be ready
2025-08-21T17:52:07.2028782Z ##[command]/usr/bin/docker inspect --format="{{if .Config.Healthcheck}}{{print .State.Health.Status}}{{end}}" e9d22cd069f3d46beaa84550b53125f1a0e54f5b7f3fae8c433f9340ee85e434
2025-08-21T17:52:07.2141200Z starting
2025-08-21T17:52:07.2161742Z postgres service is starting, waiting 2 seconds before checking again.
2025-08-21T17:52:09.2167603Z ##[command]/usr/bin/docker inspect --format="{{if .Config.Healthcheck}}{{print .State.Health.Status}}{{end}}" e9d22cd069f3d46beaa84550b53125f1a0e54f5b7f3fae8c433f9340ee85e434
2025-08-21T17:52:09.2290944Z starting
2025-08-21T17:52:09.2358890Z postgres service is starting, waiting 4 seconds before checking again.
2025-08-21T17:52:13.5983712Z ##[command]/usr/bin/docker inspect --format="{{if .Config.Healthcheck}}{{print .State.Health.Status}}{{end}}" e9d22cd069f3d46beaa84550b53125f1a0e54f5b7f3fae8c433f9340ee85e434
2025-08-21T17:52:13.6105232Z healthy
2025-08-21T17:52:13.6122890Z postgres service is healthy.
2025-08-21T17:52:13.6123659Z ##[command]/usr/bin/docker inspect --format="{{if .Config.Healthcheck}}{{print .State.Health.Status}}{{end}}" 5fc4d4d45d0a2f199c451af676f334ea51b1a9676fc249cefc1a058b021808ed
2025-08-21T17:52:13.6245628Z redis service is healthy.
2025-08-21T17:52:13.6246212Z ##[endgroup]
2025-08-21T17:52:13.6488636Z ##[group]Run actions/checkout@v5
2025-08-21T17:52:13.6489180Z with:
2025-08-21T17:52:13.6489428Z   repository: AlexBomber12/AWA-App
2025-08-21T17:52:13.6489840Z   token: ***
2025-08-21T17:52:13.6490055Z   ssh-strict: true
2025-08-21T17:52:13.6490259Z   ssh-user: git
2025-08-21T17:52:13.6490483Z   persist-credentials: true
2025-08-21T17:52:13.6490720Z   clean: true
2025-08-21T17:52:13.6490944Z   sparse-checkout-cone-mode: true
2025-08-21T17:52:13.6491202Z   fetch-depth: 1
2025-08-21T17:52:13.6491414Z   fetch-tags: false
2025-08-21T17:52:13.6491633Z   show-progress: true
2025-08-21T17:52:13.6491839Z   lfs: false
2025-08-21T17:52:13.6492030Z   submodules: false
2025-08-21T17:52:13.6492243Z   set-safe-directory: true
2025-08-21T17:52:13.6492644Z env:
2025-08-21T17:52:13.6492885Z   REDIS_URL: redis://localhost:6379/0
2025-08-21T17:52:13.6493188Z   RATE_LIMIT_DEFAULT: 100/minute
2025-08-21T17:52:13.6493440Z   TRUST_X_FORWARDED: 1
2025-08-21T17:52:13.6493655Z ##[endgroup]
2025-08-21T17:52:20.9258574Z Syncing repository: AlexBomber12/AWA-App
2025-08-21T17:52:20.9259800Z ##[group]Getting Git version info
2025-08-21T17:52:20.9260172Z Working directory is '/home/runner/work/AWA-App/AWA-App'
2025-08-21T17:52:20.9260663Z [command]/usr/bin/git version
2025-08-21T17:52:20.9469156Z git version 2.51.0
2025-08-21T17:52:20.9490293Z ##[endgroup]
2025-08-21T17:52:20.9506213Z Temporarily overriding HOME='/home/runner/work/_temp/554721db-a2f6-433f-b585-a7ed151eed0c' before making global git config changes
2025-08-21T17:52:20.9507678Z Adding repository directory to the temporary git global config as a safe directory
2025-08-21T17:52:20.9512391Z [command]/usr/bin/git config --global --add safe.directory /home/runner/work/AWA-App/AWA-App
2025-08-21T17:52:20.9548241Z Deleting the contents of '/home/runner/work/AWA-App/AWA-App'
2025-08-21T17:52:20.9551824Z ##[group]Initializing the repository
2025-08-21T17:52:20.9555996Z [command]/usr/bin/git init /home/runner/work/AWA-App/AWA-App
2025-08-21T17:52:20.9619603Z hint: Using 'master' as the name for the initial branch. This default branch name
2025-08-21T17:52:20.9620667Z hint: is subject to change. To configure the initial branch name to use in all
2025-08-21T17:52:20.9621377Z hint: of your new repositories, which will suppress this warning, call:
2025-08-21T17:52:20.9621776Z hint:
2025-08-21T17:52:20.9622199Z hint: 	git config --global init.defaultBranch <name>
2025-08-21T17:52:20.9622718Z hint:
2025-08-21T17:52:20.9623174Z hint: Names commonly chosen instead of 'master' are 'main', 'trunk' and
2025-08-21T17:52:20.9623943Z hint: 'development'. The just-created branch can be renamed via this command:
2025-08-21T17:52:20.9624507Z hint:
2025-08-21T17:52:20.9624779Z hint: 	git branch -m <name>
2025-08-21T17:52:20.9625111Z hint:
2025-08-21T17:52:20.9625584Z hint: Disable this message with "git config set advice.defaultBranchName false"
2025-08-21T17:52:20.9626414Z Initialized empty Git repository in /home/runner/work/AWA-App/AWA-App/.git/
2025-08-21T17:52:20.9634785Z [command]/usr/bin/git remote add origin https://github.com/AlexBomber12/AWA-App
2025-08-21T17:52:20.9671662Z ##[endgroup]
2025-08-21T17:52:20.9672251Z ##[group]Disabling automatic garbage collection
2025-08-21T17:52:20.9676230Z [command]/usr/bin/git config --local gc.auto 0
2025-08-21T17:52:20.9702496Z ##[endgroup]
2025-08-21T17:52:20.9703071Z ##[group]Setting up auth
2025-08-21T17:52:20.9709959Z [command]/usr/bin/git config --local --name-only --get-regexp core\.sshCommand
2025-08-21T17:52:20.9740153Z [command]/usr/bin/git submodule foreach --recursive sh -c "git config --local --name-only --get-regexp 'core\.sshCommand' && git config --local --unset-all 'core.sshCommand' || :"
2025-08-21T17:52:21.0041566Z [command]/usr/bin/git config --local --name-only --get-regexp http\.https\:\/\/github\.com\/\.extraheader
2025-08-21T17:52:21.0070910Z [command]/usr/bin/git submodule foreach --recursive sh -c "git config --local --name-only --get-regexp 'http\.https\:\/\/github\.com\/\.extraheader' && git config --local --unset-all 'http.https://github.com/.extraheader' || :"
2025-08-21T17:52:21.0294071Z [command]/usr/bin/git config --local http.https://github.com/.extraheader AUTHORIZATION: basic ***
2025-08-21T17:52:21.0328071Z ##[endgroup]
2025-08-21T17:52:21.0328683Z ##[group]Fetching the repository
2025-08-21T17:52:21.0337208Z [command]/usr/bin/git -c protocol.version=2 fetch --no-tags --prune --no-recurse-submodules --depth=1 origin +51ceb3c2e2ed8dfe8bb0229b0c8d09c7118efa79:refs/remotes/pull/335/merge
2025-08-21T17:52:21.2582212Z From https://github.com/AlexBomber12/AWA-App
2025-08-21T17:52:21.2582919Z  * [new ref]         51ceb3c2e2ed8dfe8bb0229b0c8d09c7118efa79 -> pull/335/merge
2025-08-21T17:52:21.2614352Z ##[endgroup]
2025-08-21T17:52:21.2614966Z ##[group]Determining the checkout info
2025-08-21T17:52:21.2617300Z ##[endgroup]
2025-08-21T17:52:21.2622371Z [command]/usr/bin/git sparse-checkout disable
2025-08-21T17:52:21.2662773Z [command]/usr/bin/git config --local --unset-all extensions.worktreeConfig
2025-08-21T17:52:21.2690558Z ##[group]Checking out the ref
2025-08-21T17:52:21.2695093Z [command]/usr/bin/git checkout --progress --force refs/remotes/pull/335/merge
2025-08-21T17:52:21.2916543Z Note: switching to 'refs/remotes/pull/335/merge'.
2025-08-21T17:52:21.2917097Z 
2025-08-21T17:52:21.2917436Z You are in 'detached HEAD' state. You can look around, make experimental
2025-08-21T17:52:21.2918244Z changes and commit them, and you can discard any commits you make in this
2025-08-21T17:52:21.2919028Z state without impacting any branches by switching back to a branch.
2025-08-21T17:52:21.2919494Z 
2025-08-21T17:52:21.2919788Z If you want to create a new branch to retain commits you create, you may
2025-08-21T17:52:21.2920510Z do so (now or later) by using -c with the switch command. Example:
2025-08-21T17:52:21.2920879Z 
2025-08-21T17:52:21.2920990Z   git switch -c <new-branch-name>
2025-08-21T17:52:21.2921182Z 
2025-08-21T17:52:21.2921287Z Or undo this operation with:
2025-08-21T17:52:21.2921457Z 
2025-08-21T17:52:21.2921562Z   git switch -
2025-08-21T17:52:21.2921786Z 
2025-08-21T17:52:21.2922123Z Turn off this advice by setting config variable advice.detachedHead to false
2025-08-21T17:52:21.2922952Z 
2025-08-21T17:52:21.2923596Z HEAD is now at 51ceb3c Merge f9f31b2ee2e55cae3f510ddac5621ee6e831aa2f into d3c9474aa6e76dc2fcdf051819b99de869ed6fdb
2025-08-21T17:52:21.2927251Z ##[endgroup]
2025-08-21T17:52:21.2961511Z [command]/usr/bin/git log -1 --format=%H
2025-08-21T17:52:21.2985897Z 51ceb3c2e2ed8dfe8bb0229b0c8d09c7118efa79
2025-08-21T17:52:21.5364754Z ##[group]Run cat .env.ci >> "$GITHUB_ENV"
2025-08-21T17:52:21.5365093Z [36;1mcat .env.ci >> "$GITHUB_ENV"[0m
2025-08-21T17:52:21.5365777Z [36;1mecho "DATABASE_URL=***localhost:5432/awa" >> "$GITHUB_ENV"[0m
2025-08-21T17:52:21.5366142Z [36;1mecho "PG_HOST=localhost" >> "$GITHUB_ENV"[0m
2025-08-21T17:52:21.5366431Z [36;1mecho "PG_PORT=5432" >> "$GITHUB_ENV"[0m
2025-08-21T17:52:21.5366964Z [36;1mecho "PG_USER=postgres" >> "$GITHUB_ENV"[0m
2025-08-21T17:52:21.5367261Z [36;1mecho "PG_PASSWORD=pass" >> "$GITHUB_ENV"[0m
2025-08-21T17:52:21.5367540Z [36;1mecho "PG_DATABASE=awa" >> "$GITHUB_ENV"[0m
2025-08-21T17:52:21.5412430Z shell: /usr/bin/bash -e {0}
2025-08-21T17:52:21.5412669Z env:
2025-08-21T17:52:21.5412861Z   REDIS_URL: redis://localhost:6379/0
2025-08-21T17:52:21.5413118Z   RATE_LIMIT_DEFAULT: 100/minute
2025-08-21T17:52:21.5413349Z   TRUST_X_FORWARDED: 1
2025-08-21T17:52:21.5413531Z ##[endgroup]
2025-08-21T17:52:21.5584566Z ##[group]Run actions/setup-python@v5
2025-08-21T17:52:21.5584856Z with:
2025-08-21T17:52:21.5585032Z   python-version: 3.12
2025-08-21T17:52:21.5585230Z   cache: pip
2025-08-21T17:52:21.5585437Z   cache-dependency-path: requirements-dev.txt
2025-08-21T17:52:21.5585703Z   check-latest: false
2025-08-21T17:52:21.5586002Z   token: ***
2025-08-21T17:52:21.5586191Z   update-environment: true
2025-08-21T17:52:21.5586407Z   allow-prereleases: false
2025-08-21T17:52:21.5586612Z   freethreaded: false
2025-08-21T17:52:21.5586995Z env:
2025-08-21T17:52:21.5587177Z   REDIS_URL: redis://localhost:6379/0
2025-08-21T17:52:21.5587425Z   RATE_LIMIT_DEFAULT: 100/minute
2025-08-21T17:52:21.5587644Z   TRUST_X_FORWARDED: 1
2025-08-21T17:52:21.5587831Z   PG_USER: postgres
2025-08-21T17:52:21.5588007Z   PG_PASSWORD: pass
2025-08-21T17:52:21.5588183Z   PG_DATABASE: awa
2025-08-21T17:52:21.5588352Z   PG_HOST: localhost
2025-08-21T17:52:21.5588529Z   PG_PORT: 5432
2025-08-21T17:52:21.5588929Z   PG_SYNC_DSN: ***localhost:5432/awa
2025-08-21T17:52:21.5589299Z   PG_ASYNC_DSN: ***localhost:5432/awa
2025-08-21T17:52:21.5589670Z   DATABASE_URL: ***localhost:5432/awa
2025-08-21T17:52:21.5589888Z   DATA_DIR: /tmp/awa-data
2025-08-21T17:52:21.5590077Z   ENABLE_LIVE: 0
2025-08-21T17:52:21.5590238Z   TESTING: 1
2025-08-21T17:52:21.5590399Z ##[endgroup]
2025-08-21T17:52:27.4732150Z ##[group]Installed versions
2025-08-21T17:52:27.4966183Z Successfully set up CPython (3.12.11)
2025-08-21T17:52:27.4967005Z ##[endgroup]
2025-08-21T17:52:27.5817390Z [command]/opt/hostedtoolcache/Python/3.12.11/x64/bin/pip cache dir
2025-08-21T17:52:31.6327238Z /home/runner/.cache/pip
2025-08-21T17:52:32.0266361Z Cache hit for: setup-python-Linux-x64-24.04-Ubuntu-python-3.12.11-pip-cc13ccef493b9f3a93ad5651164d9fb09282c1111f6f72ce20e0657de16de6b4
2025-08-21T17:52:33.0643456Z Received 201326592 of 376053341 (53.5%), 191.8 MBs/sec
2025-08-21T17:52:33.8660762Z Received 376053341 of 376053341 (100.0%), 198.9 MBs/sec
2025-08-21T17:52:33.8662221Z Cache Size: ~359 MB (376053341 B)
2025-08-21T17:52:33.8723214Z [command]/usr/bin/tar -xf /home/runner/work/_temp/9afac396-bf0f-4e66-973f-339624fda2ea/cache.tzst -P -C /home/runner/work/AWA-App/AWA-App --use-compress-program unzstd
2025-08-21T17:52:34.5343481Z Cache restored successfully
2025-08-21T17:52:34.6050977Z Cache restored from key: setup-python-Linux-x64-24.04-Ubuntu-python-3.12.11-pip-cc13ccef493b9f3a93ad5651164d9fb09282c1111f6f72ce20e0657de16de6b4
2025-08-21T17:52:34.6195042Z ##[group]Run pip install --break-system-packages -r requirements-dev.txt
2025-08-21T17:52:34.6195591Z [36;1mpip install --break-system-packages -r requirements-dev.txt[0m
2025-08-21T17:52:34.6196340Z [36;1mpip install --break-system-packages keepa==1.3.15 minio==7.1.15[0m
2025-08-21T17:52:34.6240690Z shell: /usr/bin/bash -e {0}
2025-08-21T17:52:34.6240922Z env:
2025-08-21T17:52:34.6241134Z   REDIS_URL: redis://localhost:6379/0
2025-08-21T17:52:34.6241421Z   RATE_LIMIT_DEFAULT: 100/minute
2025-08-21T17:52:34.6241650Z   TRUST_X_FORWARDED: 1
2025-08-21T17:52:34.6241856Z   PG_USER: postgres
2025-08-21T17:52:34.6242050Z   PG_PASSWORD: pass
2025-08-21T17:52:34.6242238Z   PG_DATABASE: awa
2025-08-21T17:52:34.6242428Z   PG_HOST: localhost
2025-08-21T17:52:34.6242624Z   PG_PORT: 5432
2025-08-21T17:52:34.6243091Z   PG_SYNC_DSN: ***localhost:5432/awa
2025-08-21T17:52:34.6243557Z   PG_ASYNC_DSN: ***localhost:5432/awa
2025-08-21T17:52:34.6243948Z   DATABASE_URL: ***localhost:5432/awa
2025-08-21T17:52:34.6244216Z   DATA_DIR: /tmp/awa-data
2025-08-21T17:52:34.6244416Z   ENABLE_LIVE: 0
2025-08-21T17:52:34.6244591Z   TESTING: 1
2025-08-21T17:52:34.6244836Z   pythonLocation: /opt/hostedtoolcache/Python/3.12.11/x64
2025-08-21T17:52:34.6245267Z   PKG_CONFIG_PATH: /opt/hostedtoolcache/Python/3.12.11/x64/lib/pkgconfig
2025-08-21T17:52:34.6245665Z   Python_ROOT_DIR: /opt/hostedtoolcache/Python/3.12.11/x64
2025-08-21T17:52:34.6246024Z   Python2_ROOT_DIR: /opt/hostedtoolcache/Python/3.12.11/x64
2025-08-21T17:52:34.6246387Z   Python3_ROOT_DIR: /opt/hostedtoolcache/Python/3.12.11/x64
2025-08-21T17:52:34.6246928Z   LD_LIBRARY_PATH: /opt/hostedtoolcache/Python/3.12.11/x64/lib
2025-08-21T17:52:34.6247283Z ##[endgroup]
2025-08-21T17:52:36.8931380Z Collecting Jinja2==3.1.6 (from -r requirements-dev.txt (line 2))
2025-08-21T17:52:36.8944727Z   Using cached jinja2-3.1.6-py3-none-any.whl.metadata (2.9 kB)
2025-08-21T17:52:36.9190057Z Collecting alembic==1.16.4 (from -r requirements-dev.txt (line 3))
2025-08-21T17:52:36.9201821Z   Using cached alembic-1.16.4-py3-none-any.whl.metadata (7.3 kB)
2025-08-21T17:52:36.9395675Z Collecting apscheduler==3.10.4 (from -r requirements-dev.txt (line 4))
2025-08-21T17:52:36.9406924Z   Using cached APScheduler-3.10.4-py3-none-any.whl.metadata (5.7 kB)
2025-08-21T17:52:36.9597392Z Collecting asgi-correlation-id==4.3.1 (from -r requirements-dev.txt (line 5))
2025-08-21T17:52:36.9608825Z   Using cached asgi_correlation_id-4.3.1-py3-none-any.whl.metadata (28 kB)
2025-08-21T17:52:37.0046175Z Collecting asyncpg==0.30.0 (from -r requirements-dev.txt (line 6))
2025-08-21T17:52:37.0059045Z   Using cached asyncpg-0.30.0-cp312-cp312-manylinux_2_17_x86_64.manylinux2014_x86_64.whl.metadata (5.0 kB)
2025-08-21T17:52:37.0527852Z Collecting black==25.1.0 (from -r requirements-dev.txt (line 7))
2025-08-21T17:52:37.0540784Z   Using cached black-25.1.0-cp312-cp312-manylinux_2_17_x86_64.manylinux2014_x86_64.manylinux_2_28_x86_64.whl.metadata (81 kB)
2025-08-21T17:52:37.3840232Z Collecting boto3 (from -r requirements-dev.txt (line 8))
2025-08-21T17:52:37.3854439Z   Using cached boto3-1.40.14-py3-none-any.whl.metadata (6.7 kB)
2025-08-21T17:52:37.4169058Z Collecting redis==6.* (from -r requirements-dev.txt (line 9))
2025-08-21T17:52:37.4181247Z   Using cached redis-6.4.0-py3-none-any.whl.metadata (10 kB)
2025-08-21T17:52:37.4522833Z Collecting minio==7.* (from -r requirements-dev.txt (line 10))
2025-08-21T17:52:37.4534718Z   Using cached minio-7.2.16-py3-none-any.whl.metadata (6.5 kB)
2025-08-21T17:52:37.4709441Z Collecting vulture==2.10 (from -r requirements-dev.txt (line 11))
2025-08-21T17:52:37.4721178Z   Using cached vulture-2.10-py2.py3-none-any.whl.metadata (23 kB)
2025-08-21T17:52:37.5059663Z Collecting celery==5.5.3 (from -r requirements-dev.txt (line 12))
2025-08-21T17:52:37.5071633Z   Using cached celery-5.5.3-py3-none-any.whl.metadata (22 kB)
2025-08-21T17:52:37.5683111Z Collecting fastapi==0.116.1 (from -r requirements-dev.txt (line 13))
2025-08-21T17:52:37.5696994Z   Using cached fastapi-0.116.1-py3-none-any.whl.metadata (28 kB)
2025-08-21T17:52:37.5874894Z Collecting fastapi-limiter==0.1.6 (from -r requirements-dev.txt (line 15))
2025-08-21T17:52:37.5887390Z   Using cached fastapi_limiter-0.1.6-py3-none-any.whl.metadata (5.3 kB)
2025-08-21T17:52:37.6120102Z Collecting httpx<0.29,>=0.27 (from -r requirements-dev.txt (line 16))
2025-08-21T17:52:37.6132355Z   Using cached httpx-0.28.1-py3-none-any.whl.metadata (7.1 kB)
2025-08-21T17:52:37.6277026Z Collecting imapclient==3.0.1 (from -r requirements-dev.txt (line 17))
2025-08-21T17:52:37.6289094Z   Using cached IMAPClient-3.0.1-py2.py3-none-any.whl.metadata (1.7 kB)
2025-08-21T17:52:37.6414710Z Collecting itsdangerous (from -r requirements-dev.txt (line 18))
2025-08-21T17:52:37.6426493Z   Using cached itsdangerous-2.2.0-py3-none-any.whl.metadata (1.9 kB)
2025-08-21T17:52:37.7414870Z Collecting mypy==1.* (from -r requirements-dev.txt (line 19))
2025-08-21T17:52:37.7428214Z   Using cached mypy-1.17.1-cp312-cp312-manylinux2014_x86_64.manylinux_2_17_x86_64.manylinux_2_28_x86_64.whl.metadata (2.2 kB)
2025-08-21T17:52:37.7564015Z Collecting mypy-extensions==1.1.0 (from -r requirements-dev.txt (line 20))
2025-08-21T17:52:37.7576465Z   Using cached mypy_extensions-1.1.0-py3-none-any.whl.metadata (1.1 kB)
2025-08-21T17:52:37.9464821Z Collecting numpy<2 (from -r requirements-dev.txt (line 21))
2025-08-21T17:52:37.9478846Z   Using cached numpy-1.26.4-cp312-cp312-manylinux_2_17_x86_64.manylinux2014_x86_64.whl.metadata (61 kB)
2025-08-21T17:52:37.9763751Z Collecting openpyxl==3.1.5 (from -r requirements-dev.txt (line 22))
2025-08-21T17:52:37.9775946Z   Using cached openpyxl-3.1.5-py2.py3-none-any.whl.metadata (2.5 kB)
2025-08-21T17:52:38.1123229Z Collecting pandas==2.2.* (from -r requirements-dev.txt (line 23))
2025-08-21T17:52:38.1137610Z   Using cached pandas-2.2.3-cp312-cp312-manylinux_2_17_x86_64.manylinux2014_x86_64.whl.metadata (89 kB)
2025-08-21T17:52:38.2104887Z Collecting psycopg2-binary==2.9.10 (from -r requirements-dev.txt (line 24))
2025-08-21T17:52:38.2119362Z   Using cached psycopg2_binary-2.9.10-cp312-cp312-manylinux_2_17_x86_64.manylinux2014_x86_64.whl.metadata (4.9 kB)
2025-08-21T17:52:38.2320418Z Collecting psycopg==3.2.9 (from psycopg[binary]==3.2.9->-r requirements-dev.txt (line 25))
2025-08-21T17:52:38.2333364Z   Using cached psycopg-3.2.9-py3-none-any.whl.metadata (4.5 kB)
2025-08-21T17:52:38.3457940Z Collecting pydantic==2.11.7 (from -r requirements-dev.txt (line 26))
2025-08-21T17:52:38.3472179Z   Using cached pydantic-2.11.7-py3-none-any.whl.metadata (67 kB)
2025-08-21T17:52:38.4730241Z Collecting setuptools (from -r requirements-dev.txt (line 27))
2025-08-21T17:52:38.4744495Z   Using cached setuptools-80.9.0-py3-none-any.whl.metadata (6.6 kB)
2025-08-21T17:52:38.5034234Z Collecting pytest-asyncio==1.1.0 (from -r requirements-dev.txt (line 28))
2025-08-21T17:52:38.5046379Z   Using cached pytest_asyncio-1.1.0-py3-none-any.whl.metadata (4.1 kB)
2025-08-21T17:52:38.5223741Z Collecting pytest-cov==6.2.1 (from -r requirements-dev.txt (line 29))
2025-08-21T17:52:38.5235794Z   Using cached pytest_cov-6.2.1-py3-none-any.whl.metadata (30 kB)
2025-08-21T17:52:38.5423001Z Collecting pytest-postgresql==7.0.2 (from -r requirements-dev.txt (line 30))
2025-08-21T17:52:38.5434591Z   Using cached pytest_postgresql-7.0.2-py3-none-any.whl.metadata (18 kB)
2025-08-21T17:52:38.5641645Z Collecting python-dotenv (from -r requirements-dev.txt (line 31))
2025-08-21T17:52:38.5654541Z   Using cached python_dotenv-1.1.1-py3-none-any.whl.metadata (24 kB)
2025-08-21T17:52:38.5821646Z Collecting python-multipart (from -r requirements-dev.txt (line 32))
2025-08-21T17:52:38.5833888Z   Using cached python_multipart-0.0.20-py3-none-any.whl.metadata (1.8 kB)
2025-08-21T17:52:38.6213944Z Collecting python-telegram-bot==22.3 (from -r requirements-dev.txt (line 33))
2025-08-21T17:52:38.6227165Z   Using cached python_telegram_bot-22.3-py3-none-any.whl.metadata (17 kB)
2025-08-21T17:52:38.7581210Z Collecting requests==2.32.4 (from -r requirements-dev.txt (line 34))
2025-08-21T17:52:38.7594148Z   Using cached requests-2.32.4-py3-none-any.whl.metadata (4.9 kB)
2025-08-21T17:52:38.7802279Z Collecting respx==0.22.0 (from -r requirements-dev.txt (line 35))
2025-08-21T17:52:38.7816176Z   Using cached respx-0.22.0-py2.py3-none-any.whl.metadata (4.1 kB)
2025-08-21T17:52:39.1396255Z Collecting ruff==0.9.9 (from -r requirements-dev.txt (line 36))
2025-08-21T17:52:39.1412369Z   Using cached ruff-0.9.9-py3-none-manylinux_2_17_x86_64.manylinux2014_x86_64.whl.metadata (25 kB)
2025-08-21T17:52:39.3968697Z Collecting sqlalchemy==2.0.43 (from -r requirements-dev.txt (line 37))
2025-08-21T17:52:39.3983221Z   Using cached sqlalchemy-2.0.43-cp312-cp312-manylinux_2_17_x86_64.manylinux2014_x86_64.whl.metadata (9.6 kB)
2025-08-21T17:52:39.4235592Z Collecting structlog==24.1.0 (from -r requirements-dev.txt (line 38))
2025-08-21T17:52:39.4247857Z   Using cached structlog-24.1.0-py3-none-any.whl.metadata (6.9 kB)
2025-08-21T17:52:39.4459502Z Collecting testcontainers==4.12.0 (from testcontainers[postgres]==4.12.0->-r requirements-dev.txt (line 39))
2025-08-21T17:52:39.4472088Z   Using cached testcontainers-4.12.0-py3-none-any.whl.metadata (8.3 kB)
2025-08-21T17:52:39.4893255Z Collecting types-requests==2.32.4.20250809 (from -r requirements-dev.txt (line 40))
2025-08-21T17:52:39.4905895Z   Using cached types_requests-2.32.4.20250809-py3-none-any.whl.metadata (2.0 kB)
2025-08-21T17:52:39.5061562Z Collecting docspec-python==2.2.2 (from -r requirements-dev.txt (line 41))
2025-08-21T17:52:39.5073325Z   Using cached docspec_python-2.2.2-py3-none-any.whl.metadata (1.0 kB)
2025-08-21T17:52:39.5268434Z Collecting pydoc-markdown==4.8.2 (from -r requirements-dev.txt (line 42))
2025-08-21T17:52:39.5279899Z   Using cached pydoc_markdown-4.8.2-py3-none-any.whl.metadata (5.9 kB)
2025-08-21T17:52:39.6066138Z Collecting pandera==0.19.* (from -r requirements-dev.txt (line 43))
2025-08-21T17:52:39.6079407Z   Using cached pandera-0.19.3-py3-none-any.whl.metadata (15 kB)
2025-08-21T17:52:39.6643890Z Collecting MarkupSafe>=2.0 (from Jinja2==3.1.6->-r requirements-dev.txt (line 2))
2025-08-21T17:52:39.6657393Z   Using cached MarkupSafe-3.0.2-cp312-cp312-manylinux_2_17_x86_64.manylinux2014_x86_64.whl.metadata (4.0 kB)
2025-08-21T17:52:39.6975462Z Collecting Mako (from alembic==1.16.4->-r requirements-dev.txt (line 3))
2025-08-21T17:52:39.6987285Z   Using cached mako-1.3.10-py3-none-any.whl.metadata (2.9 kB)
2025-08-21T17:52:39.7175479Z Collecting typing-extensions>=4.12 (from alembic==1.16.4->-r requirements-dev.txt (line 3))
2025-08-21T17:52:39.7187241Z   Using cached typing_extensions-4.14.1-py3-none-any.whl.metadata (3.0 kB)
2025-08-21T17:52:39.7353493Z Collecting six>=1.4.0 (from apscheduler==3.10.4->-r requirements-dev.txt (line 4))
2025-08-21T17:52:39.7364902Z   Using cached six-1.17.0-py2.py3-none-any.whl.metadata (1.7 kB)
2025-08-21T17:52:39.7735227Z Collecting pytz (from apscheduler==3.10.4->-r requirements-dev.txt (line 4))
2025-08-21T17:52:39.7748598Z   Using cached pytz-2025.2-py2.py3-none-any.whl.metadata (22 kB)
2025-08-21T17:52:39.7967729Z Collecting tzlocal!=3.*,>=2.0 (from apscheduler==3.10.4->-r requirements-dev.txt (line 4))
2025-08-21T17:52:39.7980107Z   Using cached tzlocal-5.3.1-py3-none-any.whl.metadata (7.6 kB)
2025-08-21T17:52:39.8321506Z Collecting starlette>=0.18 (from asgi-correlation-id==4.3.1->-r requirements-dev.txt (line 5))
2025-08-21T17:52:39.8333014Z   Using cached starlette-0.47.2-py3-none-any.whl.metadata (6.2 kB)
2025-08-21T17:52:39.8562727Z Collecting click>=8.0.0 (from black==25.1.0->-r requirements-dev.txt (line 7))
2025-08-21T17:52:39.8574484Z   Using cached click-8.2.1-py3-none-any.whl.metadata (2.5 kB)
2025-08-21T17:52:39.8760037Z Collecting packaging>=22.0 (from black==25.1.0->-r requirements-dev.txt (line 7))
2025-08-21T17:52:39.8771759Z   Using cached packaging-25.0-py3-none-any.whl.metadata (3.3 kB)
2025-08-21T17:52:39.8919197Z Collecting pathspec>=0.9.0 (from black==25.1.0->-r requirements-dev.txt (line 7))
2025-08-21T17:52:39.8931562Z   Using cached pathspec-0.12.1-py3-none-any.whl.metadata (21 kB)
2025-08-21T17:52:39.9158320Z Collecting platformdirs>=2 (from black==25.1.0->-r requirements-dev.txt (line 7))
2025-08-21T17:52:39.9170652Z   Using cached platformdirs-4.3.8-py3-none-any.whl.metadata (12 kB)
2025-08-21T17:52:39.9325413Z Collecting toml (from vulture==2.10->-r requirements-dev.txt (line 11))
2025-08-21T17:52:39.9337444Z   Using cached toml-0.10.2-py2.py3-none-any.whl.metadata (7.1 kB)
2025-08-21T17:52:39.9555253Z Collecting billiard<5.0,>=4.2.1 (from celery==5.5.3->-r requirements-dev.txt (line 12))
2025-08-21T17:52:39.9567422Z   Using cached billiard-4.2.1-py3-none-any.whl.metadata (4.4 kB)
2025-08-21T17:52:39.9864451Z Collecting kombu<5.6,>=5.5.2 (from celery==5.5.3->-r requirements-dev.txt (line 12))
2025-08-21T17:52:39.9877171Z   Using cached kombu-5.5.4-py3-none-any.whl.metadata (3.5 kB)
2025-08-21T17:52:40.0070204Z Collecting vine<6.0,>=5.1.0 (from celery==5.5.3->-r requirements-dev.txt (line 12))
2025-08-21T17:52:40.0082264Z   Using cached vine-5.1.0-py3-none-any.whl.metadata (2.7 kB)
2025-08-21T17:52:40.0244163Z Collecting click-didyoumean>=0.3.0 (from celery==5.5.3->-r requirements-dev.txt (line 12))
2025-08-21T17:52:40.0256215Z   Using cached click_didyoumean-0.3.1-py3-none-any.whl.metadata (3.9 kB)
2025-08-21T17:52:40.0409212Z Collecting click-repl>=0.2.0 (from celery==5.5.3->-r requirements-dev.txt (line 12))
2025-08-21T17:52:40.0426416Z   Using cached click_repl-0.3.0-py3-none-any.whl.metadata (3.6 kB)
2025-08-21T17:52:40.0557534Z Collecting click-plugins>=1.1.1 (from celery==5.5.3->-r requirements-dev.txt (line 12))
2025-08-21T17:52:40.0568559Z   Using cached click_plugins-1.1.1.2-py2.py3-none-any.whl.metadata (6.5 kB)
2025-08-21T17:52:40.0730318Z Collecting python-dateutil>=2.8.2 (from celery==5.5.3->-r requirements-dev.txt (line 12))
2025-08-21T17:52:40.0741762Z   Using cached python_dateutil-2.9.0.post0-py2.py3-none-any.whl.metadata (8.4 kB)
2025-08-21T17:52:40.1343139Z Collecting annotated-types>=0.6.0 (from pydantic==2.11.7->-r requirements-dev.txt (line 26))
2025-08-21T17:52:40.1355981Z   Using cached annotated_types-0.7.0-py3-none-any.whl.metadata (15 kB)
2025-08-21T17:52:40.8056123Z Collecting pydantic-core==2.33.2 (from pydantic==2.11.7->-r requirements-dev.txt (line 26))
2025-08-21T17:52:40.8070865Z   Using cached pydantic_core-2.33.2-cp312-cp312-manylinux_2_17_x86_64.manylinux2014_x86_64.whl.metadata (6.8 kB)
2025-08-21T17:52:40.8234363Z Collecting typing-inspection>=0.4.0 (from pydantic==2.11.7->-r requirements-dev.txt (line 26))
2025-08-21T17:52:40.8246156Z   Using cached typing_inspection-0.4.1-py3-none-any.whl.metadata (2.6 kB)
2025-08-21T17:52:40.8533134Z Collecting et-xmlfile (from openpyxl==3.1.5->-r requirements-dev.txt (line 22))
2025-08-21T17:52:40.8544358Z   Using cached et_xmlfile-2.0.0-py3-none-any.whl.metadata (2.7 kB)
2025-08-21T17:52:40.8959163Z Collecting pytest<9,>=8.2 (from pytest-asyncio==1.1.0->-r requirements-dev.txt (line 28))
2025-08-21T17:52:40.8971966Z   Using cached pytest-8.4.1-py3-none-any.whl.metadata (7.7 kB)
2025-08-21T17:52:41.2261423Z Collecting coverage>=7.5 (from coverage[toml]>=7.5->pytest-cov==6.2.1->-r requirements-dev.txt (line 29))
2025-08-21T17:52:41.2275307Z   Using cached coverage-7.10.4-cp312-cp312-manylinux1_x86_64.manylinux_2_28_x86_64.manylinux_2_5_x86_64.whl.metadata (8.9 kB)
2025-08-21T17:52:41.2435745Z Collecting pluggy>=1.2 (from pytest-cov==6.2.1->-r requirements-dev.txt (line 29))
2025-08-21T17:52:41.2447453Z   Using cached pluggy-1.6.0-py3-none-any.whl.metadata (4.8 kB)
2025-08-21T17:52:41.2697219Z Collecting port-for>=0.7.3 (from pytest-postgresql==7.0.2->-r requirements-dev.txt (line 30))
2025-08-21T17:52:41.2708760Z   Using cached port_for-0.7.4-py3-none-any.whl.metadata (7.1 kB)
2025-08-21T17:52:41.2902595Z Collecting mirakuru>=2.6.0 (from pytest-postgresql==7.0.2->-r requirements-dev.txt (line 30))
2025-08-21T17:52:41.2914000Z   Using cached mirakuru-2.6.1-py3-none-any.whl.metadata (10 kB)
2025-08-21T17:52:41.3751594Z Collecting charset_normalizer<4,>=2 (from requests==2.32.4->-r requirements-dev.txt (line 34))
2025-08-21T17:52:41.3763776Z   Using cached charset_normalizer-3.4.3-cp312-cp312-manylinux2014_x86_64.manylinux_2_17_x86_64.manylinux_2_28_x86_64.whl.metadata (36 kB)
2025-08-21T17:52:41.3952736Z Collecting idna<4,>=2.5 (from requests==2.32.4->-r requirements-dev.txt (line 34))
2025-08-21T17:52:41.3963950Z   Using cached idna-3.10-py3-none-any.whl.metadata (10 kB)
2025-08-21T17:52:41.4273237Z Collecting urllib3<3,>=1.21.1 (from requests==2.32.4->-r requirements-dev.txt (line 34))
2025-08-21T17:52:41.4284251Z   Using cached urllib3-2.5.0-py3-none-any.whl.metadata (6.5 kB)
2025-08-21T17:52:41.4519890Z Collecting certifi>=2017.4.17 (from requests==2.32.4->-r requirements-dev.txt (line 34))
2025-08-21T17:52:41.4531454Z   Using cached certifi-2025.8.3-py3-none-any.whl.metadata (2.4 kB)
2025-08-21T17:52:41.6612260Z Collecting greenlet>=1 (from sqlalchemy==2.0.43->-r requirements-dev.txt (line 37))
2025-08-21T17:52:41.6625676Z   Using cached greenlet-3.2.4-cp312-cp312-manylinux_2_24_x86_64.manylinux_2_28_x86_64.whl.metadata (4.1 kB)
2025-08-21T17:52:41.6893195Z Collecting docker (from testcontainers==4.12.0->testcontainers[postgres]==4.12.0->-r requirements-dev.txt (line 39))
2025-08-21T17:52:41.6904949Z   Using cached docker-7.1.0-py3-none-any.whl.metadata (3.8 kB)
2025-08-21T17:52:41.7917135Z Collecting wrapt (from testcontainers==4.12.0->testcontainers[postgres]==4.12.0->-r requirements-dev.txt (line 39))
2025-08-21T17:52:41.7930890Z   Using cached wrapt-1.17.3-cp312-cp312-manylinux1_x86_64.manylinux_2_28_x86_64.manylinux_2_5_x86_64.whl.metadata (6.4 kB)
2025-08-21T17:52:41.8196439Z Collecting docspec==2.2.1 (from docspec-python==2.2.2->-r requirements-dev.txt (line 41))
2025-08-21T17:52:41.8207980Z   Using cached docspec-2.2.1-py3-none-any.whl.metadata (1.5 kB)
2025-08-21T17:52:41.8395054Z Collecting nr-util>=0.8.12 (from docspec-python==2.2.2->-r requirements-dev.txt (line 41))
2025-08-21T17:52:41.8407076Z   Using cached nr.util-0.8.12-py3-none-any.whl.metadata (813 bytes)
2025-08-21T17:52:41.8775315Z Collecting PyYAML<7.0,>=5.0 (from pydoc-markdown==4.8.2->-r requirements-dev.txt (line 42))
2025-08-21T17:52:41.8787970Z   Using cached PyYAML-6.0.2-cp312-cp312-manylinux_2_17_x86_64.manylinux2014_x86_64.whl.metadata (2.1 kB)
2025-08-21T17:52:41.9075834Z Collecting databind.core<5.0.0,>=4.4.0 (from pydoc-markdown==4.8.2->-r requirements-dev.txt (line 42))
2025-08-21T17:52:41.9089709Z   Using cached databind.core-4.5.2-py3-none-any.whl.metadata (1.1 kB)
2025-08-21T17:52:42.0530835Z Collecting databind.json<5.0.0,>=4.4.0 (from pydoc-markdown==4.8.2->-r requirements-dev.txt (line 42))
2025-08-21T17:52:42.0543159Z   Using cached databind.json-4.5.2-py3-none-any.whl.metadata (1.1 kB)
2025-08-21T17:52:42.0715746Z Collecting docstring-parser<0.12,>=0.11 (from pydoc-markdown==4.8.2->-r requirements-dev.txt (line 42))
2025-08-21T17:52:42.0717791Z   Using cached docstring_parser-0.11-py3-none-any.whl
2025-08-21T17:52:42.1593915Z Collecting tomli<3.0.0,>=2.0.0 (from pydoc-markdown==4.8.2->-r requirements-dev.txt (line 42))
2025-08-21T17:52:42.1605457Z   Using cached tomli-2.2.1-cp312-cp312-manylinux_2_17_x86_64.manylinux2014_x86_64.whl.metadata (11 kB)
2025-08-21T17:52:42.1757234Z Collecting tomli_w<2.0.0,>=1.0.0 (from pydoc-markdown==4.8.2->-r requirements-dev.txt (line 42))
2025-08-21T17:52:42.1768412Z   Using cached tomli_w-1.2.0-py3-none-any.whl.metadata (5.7 kB)
2025-08-21T17:52:42.2237441Z Collecting watchdog (from pydoc-markdown==4.8.2->-r requirements-dev.txt (line 42))
2025-08-21T17:52:42.2249364Z   Using cached watchdog-6.0.0-py3-none-manylinux2014_x86_64.whl.metadata (44 kB)
2025-08-21T17:52:42.2496631Z Collecting yapf>=0.30.0 (from pydoc-markdown==4.8.2->-r requirements-dev.txt (line 42))
2025-08-21T17:52:42.2507983Z   Using cached yapf-0.43.0-py3-none-any.whl.metadata (46 kB)
2025-08-21T17:52:42.2730826Z Collecting Deprecated<2.0.0,>=1.2.12 (from docspec==2.2.1->docspec-python==2.2.2->-r requirements-dev.txt (line 41))
2025-08-21T17:52:42.2741935Z   Using cached Deprecated-1.2.18-py2.py3-none-any.whl.metadata (5.7 kB)
2025-08-21T17:52:42.4220730Z Collecting psycopg-binary==3.2.9 (from psycopg[binary]==3.2.9->-r requirements-dev.txt (line 25))
2025-08-21T17:52:42.4232561Z   Using cached psycopg_binary-3.2.9-cp312-cp312-manylinux_2_17_x86_64.manylinux2014_x86_64.whl.metadata (2.9 kB)
2025-08-21T17:52:42.4588975Z Collecting argon2-cffi (from minio==7.*->-r requirements-dev.txt (line 10))
2025-08-21T17:52:42.4600472Z   Using cached argon2_cffi-25.1.0-py3-none-any.whl.metadata (4.1 kB)
2025-08-21T17:52:42.5406440Z Collecting pycryptodome (from minio==7.*->-r requirements-dev.txt (line 10))
2025-08-21T17:52:42.5422780Z   Using cached pycryptodome-3.23.0-cp37-abi3-manylinux_2_17_x86_64.manylinux2014_x86_64.whl.metadata (3.4 kB)
2025-08-21T17:52:42.5660759Z Collecting anyio (from httpx<0.29,>=0.27->-r requirements-dev.txt (line 16))
2025-08-21T17:52:42.5672510Z   Using cached anyio-4.10.0-py3-none-any.whl.metadata (4.0 kB)
2025-08-21T17:52:42.5893912Z Collecting httpcore==1.* (from httpx<0.29,>=0.27->-r requirements-dev.txt (line 16))
2025-08-21T17:52:42.5907098Z   Using cached httpcore-1.0.9-py3-none-any.whl.metadata (21 kB)
2025-08-21T17:52:42.6259332Z Collecting tzdata>=2022.7 (from pandas==2.2.*->-r requirements-dev.txt (line 23))
2025-08-21T17:52:42.6271027Z   Using cached tzdata-2025.2-py2.py3-none-any.whl.metadata (1.4 kB)
2025-08-21T17:52:42.6446641Z Collecting multimethod<=1.10.0 (from pandera==0.19.*->-r requirements-dev.txt (line 43))
2025-08-21T17:52:42.6458590Z   Using cached multimethod-1.10-py3-none-any.whl.metadata (8.2 kB)
2025-08-21T17:52:42.6848035Z Collecting typeguard (from pandera==0.19.*->-r requirements-dev.txt (line 43))
2025-08-21T17:52:42.6859823Z   Using cached typeguard-4.4.4-py3-none-any.whl.metadata (3.3 kB)
2025-08-21T17:52:42.7000290Z Collecting typing-inspect>=0.6.0 (from pandera==0.19.*->-r requirements-dev.txt (line 43))
2025-08-21T17:52:42.7012514Z   Using cached typing_inspect-0.9.0-py3-none-any.whl.metadata (1.5 kB)
2025-08-21T17:52:42.7305800Z Collecting databind<5.0.0,>=4.5.2 (from databind.core<5.0.0,>=4.4.0->pydoc-markdown==4.8.2->-r requirements-dev.txt (line 42))
2025-08-21T17:52:42.7317466Z   Using cached databind-4.5.2-py3-none-any.whl.metadata (4.3 kB)
2025-08-21T17:52:42.7457463Z Collecting nr-date<3.0.0,>=2.0.0 (from databind<5.0.0,>=4.5.2->databind.core<5.0.0,>=4.4.0->pydoc-markdown==4.8.2->-r requirements-dev.txt (line 42))
2025-08-21T17:52:42.7468653Z   Using cached nr_date-2.1.0-py3-none-any.whl.metadata (746 bytes)
2025-08-21T17:52:42.7660647Z Collecting nr-stream<2.0.0,>=1.0.0 (from databind<5.0.0,>=4.5.2->databind.core<5.0.0,>=4.4.0->pydoc-markdown==4.8.2->-r requirements-dev.txt (line 42))
2025-08-21T17:52:42.7671491Z   Using cached nr_stream-1.1.5-py3-none-any.whl.metadata (3.6 kB)
2025-08-21T17:52:42.7862916Z Collecting typeapi<3,>=2.0.1 (from databind<5.0.0,>=4.5.2->databind.core<5.0.0,>=4.4.0->pydoc-markdown==4.8.2->-r requirements-dev.txt (line 42))
2025-08-21T17:52:42.7874537Z   Using cached typeapi-2.2.4-py3-none-any.whl.metadata (1.5 kB)
2025-08-21T17:52:42.8177487Z Collecting h11>=0.16 (from httpcore==1.*->httpx<0.29,>=0.27->-r requirements-dev.txt (line 16))
2025-08-21T17:52:42.8189271Z   Using cached h11-0.16.0-py3-none-any.whl.metadata (8.3 kB)
2025-08-21T17:52:42.8441421Z Collecting amqp<6.0.0,>=5.1.1 (from kombu<5.6,>=5.5.2->celery==5.5.3->-r requirements-dev.txt (line 12))
2025-08-21T17:52:42.8453022Z   Using cached amqp-5.3.1-py3-none-any.whl.metadata (8.9 kB)
2025-08-21T17:52:42.8878896Z Collecting iniconfig>=1 (from pytest<9,>=8.2->pytest-asyncio==1.1.0->-r requirements-dev.txt (line 28))
2025-08-21T17:52:42.8890989Z   Using cached iniconfig-2.1.0-py3-none-any.whl.metadata (2.7 kB)
2025-08-21T17:52:42.9143679Z Collecting pygments>=2.7.2 (from pytest<9,>=8.2->pytest-asyncio==1.1.0->-r requirements-dev.txt (line 28))
2025-08-21T17:52:42.9155418Z   Using cached pygments-2.19.2-py3-none-any.whl.metadata (2.5 kB)
2025-08-21T17:52:42.9515780Z Collecting sniffio>=1.1 (from anyio->httpx<0.29,>=0.27->-r requirements-dev.txt (line 16))
2025-08-21T17:52:42.9527910Z   Using cached sniffio-1.3.1-py3-none-any.whl.metadata (3.9 kB)
2025-08-21T17:52:43.4352051Z Collecting botocore<1.41.0,>=1.40.14 (from boto3->-r requirements-dev.txt (line 8))
2025-08-21T17:52:43.4367200Z   Using cached botocore-1.40.14-py3-none-any.whl.metadata (5.7 kB)
2025-08-21T17:52:43.4540267Z Collecting jmespath<2.0.0,>=0.7.1 (from boto3->-r requirements-dev.txt (line 8))
2025-08-21T17:52:43.4552367Z   Using cached jmespath-1.0.1-py3-none-any.whl.metadata (7.6 kB)
2025-08-21T17:52:43.4761346Z Collecting s3transfer<0.14.0,>=0.13.0 (from boto3->-r requirements-dev.txt (line 8))
2025-08-21T17:52:43.4773079Z   Using cached s3transfer-0.13.1-py3-none-any.whl.metadata (1.7 kB)
2025-08-21T17:52:43.6329635Z Collecting fastapi-cli>=0.0.8 (from fastapi-cli[standard]>=0.0.8; extra == "all"->fastapi[all]->-r requirements-dev.txt (line 14))
2025-08-21T17:52:43.6340667Z   Using cached fastapi_cli-0.0.8-py3-none-any.whl.metadata (6.3 kB)
2025-08-21T17:52:43.7103219Z Collecting ujson!=4.0.2,!=4.1.0,!=4.2.0,!=4.3.0,!=5.0.0,!=5.1.0,>=4.0.1 (from fastapi[all]->-r requirements-dev.txt (line 14))
2025-08-21T17:52:43.7118970Z   Using cached ujson-5.11.0-cp312-cp312-manylinux_2_24_x86_64.manylinux_2_28_x86_64.whl.metadata (9.4 kB)
2025-08-21T17:52:43.9414346Z Collecting orjson>=3.2.1 (from fastapi[all]->-r requirements-dev.txt (line 14))
2025-08-21T17:52:43.9428528Z   Using cached orjson-3.11.2-cp312-cp312-manylinux_2_17_x86_64.manylinux2014_x86_64.whl.metadata (1.2 kB)
2025-08-21T17:52:43.9587860Z Collecting email-validator>=2.0.0 (from fastapi[all]->-r requirements-dev.txt (line 14))
2025-08-21T17:52:43.9604712Z   Using cached email_validator-2.2.0-py3-none-any.whl.metadata (25 kB)
2025-08-21T17:52:43.9928051Z Collecting uvicorn>=0.12.0 (from uvicorn[standard]>=0.12.0; extra == "all"->fastapi[all]->-r requirements-dev.txt (line 14))
2025-08-21T17:52:43.9939719Z   Using cached uvicorn-0.35.0-py3-none-any.whl.metadata (6.5 kB)
2025-08-21T17:52:44.0134546Z Collecting pydantic-settings>=2.0.0 (from fastapi[all]->-r requirements-dev.txt (line 14))
2025-08-21T17:52:44.0146102Z   Using cached pydantic_settings-2.10.1-py3-none-any.whl.metadata (3.4 kB)
2025-08-21T17:52:44.0308482Z Collecting pydantic-extra-types>=2.0.0 (from fastapi[all]->-r requirements-dev.txt (line 14))
2025-08-21T17:52:44.0319288Z   Using cached pydantic_extra_types-2.10.5-py3-none-any.whl.metadata (3.9 kB)
2025-08-21T17:52:44.1003606Z Collecting prompt-toolkit>=3.0.36 (from click-repl>=0.2.0->celery==5.5.3->-r requirements-dev.txt (line 12))
2025-08-21T17:52:44.1014780Z   Using cached prompt_toolkit-3.0.51-py3-none-any.whl.metadata (6.4 kB)
2025-08-21T17:52:44.1228908Z Collecting dnspython>=2.0.0 (from email-validator>=2.0.0->fastapi[all]->-r requirements-dev.txt (line 14))
2025-08-21T17:52:44.1240393Z   Using cached dnspython-2.7.0-py3-none-any.whl.metadata (5.8 kB)
2025-08-21T17:52:44.1555224Z Collecting typer>=0.15.1 (from fastapi-cli>=0.0.8->fastapi-cli[standard]>=0.0.8; extra == "all"->fastapi[all]->-r requirements-dev.txt (line 14))
2025-08-21T17:52:44.1567602Z   Using cached typer-0.16.1-py3-none-any.whl.metadata (15 kB)
2025-08-21T17:52:44.1863732Z Collecting rich-toolkit>=0.14.8 (from fastapi-cli>=0.0.8->fastapi-cli[standard]>=0.0.8; extra == "all"->fastapi[all]->-r requirements-dev.txt (line 14))
2025-08-21T17:52:44.1874788Z   Using cached rich_toolkit-0.15.0-py3-none-any.whl.metadata (1.0 kB)
2025-08-21T17:52:44.2021794Z Collecting fastapi-cloud-cli>=0.1.1 (from fastapi-cli[standard]>=0.0.8; extra == "all"->fastapi[all]->-r requirements-dev.txt (line 14))
2025-08-21T17:52:44.2032873Z   Using cached fastapi_cloud_cli-0.1.5-py3-none-any.whl.metadata (3.2 kB)
2025-08-21T17:52:44.2873669Z Collecting rignore>=0.5.1 (from fastapi-cloud-cli>=0.1.1->fastapi-cli[standard]>=0.0.8; extra == "all"->fastapi[all]->-r requirements-dev.txt (line 14))
2025-08-21T17:52:44.2886569Z   Using cached rignore-0.6.4-cp312-cp312-manylinux_2_17_x86_64.manylinux2014_x86_64.whl.metadata (3.8 kB)
2025-08-21T17:52:44.4376052Z Collecting sentry-sdk>=2.20.0 (from fastapi-cloud-cli>=0.1.1->fastapi-cli[standard]>=0.0.8; extra == "all"->fastapi[all]->-r requirements-dev.txt (line 14))
2025-08-21T17:52:44.4387642Z   Using cached sentry_sdk-2.35.0-py2.py3-none-any.whl.metadata (10 kB)
2025-08-21T17:52:44.5339820Z Collecting psutil>=4.0.0 (from mirakuru>=2.6.0->pytest-postgresql==7.0.2->-r requirements-dev.txt (line 30))
2025-08-21T17:52:44.5352696Z   Using cached psutil-7.0.0-cp36-abi3-manylinux_2_12_x86_64.manylinux2010_x86_64.manylinux_2_17_x86_64.manylinux2014_x86_64.whl.metadata (22 kB)
2025-08-21T17:52:44.5703589Z Collecting wcwidth (from prompt-toolkit>=3.0.36->click-repl>=0.2.0->celery==5.5.3->-r requirements-dev.txt (line 12))
2025-08-21T17:52:44.5715343Z   Using cached wcwidth-0.2.13-py2.py3-none-any.whl.metadata (14 kB)
2025-08-21T17:52:44.7017509Z Collecting rich>=13.7.1 (from rich-toolkit>=0.14.8->fastapi-cli>=0.0.8->fastapi-cli[standard]>=0.0.8; extra == "all"->fastapi[all]->-r requirements-dev.txt (line 14))
2025-08-21T17:52:44.7029466Z   Using cached rich-14.1.0-py3-none-any.whl.metadata (18 kB)
2025-08-21T17:52:44.7250821Z Collecting markdown-it-py>=2.2.0 (from rich>=13.7.1->rich-toolkit>=0.14.8->fastapi-cli>=0.0.8->fastapi-cli[standard]>=0.0.8; extra == "all"->fastapi[all]->-r requirements-dev.txt (line 14))
2025-08-21T17:52:44.7262510Z   Using cached markdown_it_py-4.0.0-py3-none-any.whl.metadata (7.3 kB)
2025-08-21T17:52:44.7505411Z Collecting mdurl~=0.1 (from markdown-it-py>=2.2.0->rich>=13.7.1->rich-toolkit>=0.14.8->fastapi-cli>=0.0.8->fastapi-cli[standard]>=0.0.8; extra == "all"->fastapi[all]->-r requirements-dev.txt (line 14))
2025-08-21T17:52:44.7517619Z   Using cached mdurl-0.1.2-py3-none-any.whl.metadata (1.6 kB)
2025-08-21T17:52:44.8043065Z Collecting shellingham>=1.3.0 (from typer>=0.15.1->fastapi-cli>=0.0.8->fastapi-cli[standard]>=0.0.8; extra == "all"->fastapi[all]->-r requirements-dev.txt (line 14))
2025-08-21T17:52:44.8054841Z   Using cached shellingham-1.5.4-py2.py3-none-any.whl.metadata (3.5 kB)
2025-08-21T17:52:44.8784835Z Collecting httptools>=0.6.3 (from uvicorn[standard]>=0.12.0; extra == "all"->fastapi[all]->-r requirements-dev.txt (line 14))
2025-08-21T17:52:44.8797871Z   Using cached httptools-0.6.4-cp312-cp312-manylinux_2_5_x86_64.manylinux1_x86_64.manylinux_2_17_x86_64.manylinux2014_x86_64.whl.metadata (3.6 kB)
2025-08-21T17:52:44.9235897Z Collecting uvloop>=0.15.1 (from uvicorn[standard]>=0.12.0; extra == "all"->fastapi[all]->-r requirements-dev.txt (line 14))
2025-08-21T17:52:44.9248706Z   Using cached uvloop-0.21.0-cp312-cp312-manylinux_2_17_x86_64.manylinux2014_x86_64.whl.metadata (4.9 kB)
2025-08-21T17:52:44.9974929Z Collecting watchfiles>=0.13 (from uvicorn[standard]>=0.12.0; extra == "all"->fastapi[all]->-r requirements-dev.txt (line 14))
2025-08-21T17:52:44.9987191Z   Using cached watchfiles-1.1.0-cp312-cp312-manylinux_2_17_x86_64.manylinux2014_x86_64.whl.metadata (4.9 kB)
2025-08-21T17:52:45.2026507Z Collecting websockets>=10.4 (from uvicorn[standard]>=0.12.0; extra == "all"->fastapi[all]->-r requirements-dev.txt (line 14))
2025-08-21T17:52:45.2040619Z   Using cached websockets-15.0.1-cp312-cp312-manylinux_2_5_x86_64.manylinux1_x86_64.manylinux_2_17_x86_64.manylinux2014_x86_64.whl.metadata (6.8 kB)
2025-08-21T17:52:45.2513013Z Collecting argon2-cffi-bindings (from argon2-cffi->minio==7.*->-r requirements-dev.txt (line 10))
2025-08-21T17:52:45.2525727Z   Using cached argon2_cffi_bindings-25.1.0-cp39-abi3-manylinux_2_26_x86_64.manylinux_2_28_x86_64.whl.metadata (7.4 kB)
2025-08-21T17:52:45.3576507Z Collecting cffi>=1.0.1 (from argon2-cffi-bindings->argon2-cffi->minio==7.*->-r requirements-dev.txt (line 10))
2025-08-21T17:52:45.3589565Z   Using cached cffi-1.17.1-cp312-cp312-manylinux_2_17_x86_64.manylinux2014_x86_64.whl.metadata (1.5 kB)
2025-08-21T17:52:45.3765853Z Collecting pycparser (from cffi>=1.0.1->argon2-cffi-bindings->argon2-cffi->minio==7.*->-r requirements-dev.txt (line 10))
2025-08-21T17:52:45.3777233Z   Using cached pycparser-2.22-py3-none-any.whl.metadata (943 bytes)
2025-08-21T17:52:45.4393671Z Using cached jinja2-3.1.6-py3-none-any.whl (134 kB)
2025-08-21T17:52:45.4406238Z Using cached alembic-1.16.4-py3-none-any.whl (247 kB)
2025-08-21T17:52:45.4418937Z Using cached APScheduler-3.10.4-py3-none-any.whl (59 kB)
2025-08-21T17:52:45.4430290Z Using cached asgi_correlation_id-4.3.1-py3-none-any.whl (15 kB)
2025-08-21T17:52:45.4441678Z Using cached asyncpg-0.30.0-cp312-cp312-manylinux_2_17_x86_64.manylinux2014_x86_64.whl (3.6 MB)
2025-08-21T17:52:45.4479523Z Using cached black-25.1.0-cp312-cp312-manylinux_2_17_x86_64.manylinux2014_x86_64.manylinux_2_28_x86_64.whl (1.8 MB)
2025-08-21T17:52:45.4503521Z Using cached vulture-2.10-py2.py3-none-any.whl (27 kB)
2025-08-21T17:52:45.4514528Z Using cached celery-5.5.3-py3-none-any.whl (438 kB)
2025-08-21T17:52:45.4528547Z Using cached fastapi-0.116.1-py3-none-any.whl (95 kB)
2025-08-21T17:52:45.4539952Z Using cached pydantic-2.11.7-py3-none-any.whl (444 kB)
2025-08-21T17:52:45.4554291Z Using cached fastapi_limiter-0.1.6-py3-none-any.whl (15 kB)
2025-08-21T17:52:45.4565397Z Using cached IMAPClient-3.0.1-py2.py3-none-any.whl (182 kB)
2025-08-21T17:52:45.4577806Z Using cached mypy_extensions-1.1.0-py3-none-any.whl (5.0 kB)
2025-08-21T17:52:45.4589071Z Using cached openpyxl-3.1.5-py2.py3-none-any.whl (250 kB)
2025-08-21T17:52:45.4602300Z Using cached psycopg2_binary-2.9.10-cp312-cp312-manylinux_2_17_x86_64.manylinux2014_x86_64.whl (3.0 MB)
2025-08-21T17:52:45.4635951Z Using cached psycopg-3.2.9-py3-none-any.whl (202 kB)
2025-08-21T17:52:45.4648619Z Using cached pytest_asyncio-1.1.0-py3-none-any.whl (15 kB)
2025-08-21T17:52:45.4659821Z Using cached pytest_cov-6.2.1-py3-none-any.whl (24 kB)
2025-08-21T17:52:45.4671185Z Using cached pytest_postgresql-7.0.2-py3-none-any.whl (41 kB)
2025-08-21T17:52:45.4682598Z Using cached python_telegram_bot-22.3-py3-none-any.whl (717 kB)
2025-08-21T17:52:45.4698859Z Using cached requests-2.32.4-py3-none-any.whl (64 kB)
2025-08-21T17:52:45.4712233Z Using cached respx-0.22.0-py2.py3-none-any.whl (25 kB)
2025-08-21T17:52:45.4724114Z Using cached ruff-0.9.9-py3-none-manylinux_2_17_x86_64.manylinux2014_x86_64.whl (11.2 MB)
2025-08-21T17:52:45.4818040Z Using cached sqlalchemy-2.0.43-cp312-cp312-manylinux_2_17_x86_64.manylinux2014_x86_64.whl (3.3 MB)
2025-08-21T17:52:45.4853272Z Using cached structlog-24.1.0-py3-none-any.whl (65 kB)
2025-08-21T17:52:45.4864316Z Using cached testcontainers-4.12.0-py3-none-any.whl (111 kB)
2025-08-21T17:52:45.4875795Z Using cached types_requests-2.32.4.20250809-py3-none-any.whl (20 kB)
2025-08-21T17:52:45.4886879Z Using cached docspec_python-2.2.2-py3-none-any.whl (15 kB)
2025-08-21T17:52:45.4897936Z Using cached pydoc_markdown-4.8.2-py3-none-any.whl (67 kB)
2025-08-21T17:52:45.4908878Z Using cached docspec-2.2.1-py3-none-any.whl (9.8 kB)
2025-08-21T17:52:45.4920035Z Using cached psycopg_binary-3.2.9-cp312-cp312-manylinux_2_17_x86_64.manylinux2014_x86_64.whl (4.4 MB)
2025-08-21T17:52:45.4962865Z Using cached pydantic_core-2.33.2-cp312-cp312-manylinux_2_17_x86_64.manylinux2014_x86_64.whl (2.0 MB)
2025-08-21T17:52:45.4987316Z Using cached redis-6.4.0-py3-none-any.whl (279 kB)
2025-08-21T17:52:45.4999825Z Using cached minio-7.2.16-py3-none-any.whl (95 kB)
2025-08-21T17:52:45.5011334Z Using cached httpx-0.28.1-py3-none-any.whl (73 kB)
2025-08-21T17:52:45.5022959Z Using cached mypy-1.17.1-cp312-cp312-manylinux2014_x86_64.manylinux_2_17_x86_64.manylinux_2_28_x86_64.whl (12.7 MB)
2025-08-21T17:52:45.5123874Z Using cached numpy-1.26.4-cp312-cp312-manylinux_2_17_x86_64.manylinux2014_x86_64.whl (18.0 MB)
2025-08-21T17:52:45.5261338Z Using cached pandas-2.2.3-cp312-cp312-manylinux_2_17_x86_64.manylinux2014_x86_64.whl (12.7 MB)
2025-08-21T17:52:45.5362906Z Using cached pandera-0.19.3-py3-none-any.whl (251 kB)
2025-08-21T17:52:45.5377068Z Using cached billiard-4.2.1-py3-none-any.whl (86 kB)
2025-08-21T17:52:45.5389276Z Using cached charset_normalizer-3.4.3-cp312-cp312-manylinux2014_x86_64.manylinux_2_17_x86_64.manylinux_2_28_x86_64.whl (151 kB)
2025-08-21T17:52:45.5400542Z Using cached click-8.2.1-py3-none-any.whl (102 kB)
2025-08-21T17:52:45.5412036Z Using cached databind.core-4.5.2-py3-none-any.whl (1.5 kB)
2025-08-21T17:52:45.5422832Z Using cached databind-4.5.2-py3-none-any.whl (49 kB)
2025-08-21T17:52:45.5434158Z Using cached databind.json-4.5.2-py3-none-any.whl (1.5 kB)
2025-08-21T17:52:45.5444897Z Using cached Deprecated-1.2.18-py2.py3-none-any.whl (10.0 kB)
2025-08-21T17:52:45.5455652Z Using cached httpcore-1.0.9-py3-none-any.whl (78 kB)
2025-08-21T17:52:45.5466982Z Using cached idna-3.10-py3-none-any.whl (70 kB)
2025-08-21T17:52:45.5478267Z Using cached kombu-5.5.4-py3-none-any.whl (210 kB)
2025-08-21T17:52:45.5490186Z Using cached vine-5.1.0-py3-none-any.whl (9.6 kB)
2025-08-21T17:52:45.5500747Z Using cached amqp-5.3.1-py3-none-any.whl (50 kB)
2025-08-21T17:52:45.5511596Z Using cached multimethod-1.10-py3-none-any.whl (9.9 kB)
2025-08-21T17:52:45.5522188Z Using cached nr_date-2.1.0-py3-none-any.whl (10 kB)
2025-08-21T17:52:45.5532986Z Using cached nr_stream-1.1.5-py3-none-any.whl (10 kB)
2025-08-21T17:52:45.5543620Z Using cached nr.util-0.8.12-py3-none-any.whl (90 kB)
2025-08-21T17:52:45.5554842Z Using cached pytest-8.4.1-py3-none-any.whl (365 kB)
2025-08-21T17:52:45.5568151Z Using cached pluggy-1.6.0-py3-none-any.whl (20 kB)
2025-08-21T17:52:45.5579176Z Using cached PyYAML-6.0.2-cp312-cp312-manylinux_2_17_x86_64.manylinux2014_x86_64.whl (767 kB)
2025-08-21T17:52:45.5595206Z Using cached starlette-0.47.2-py3-none-any.whl (72 kB)
2025-08-21T17:52:45.5606592Z Using cached anyio-4.10.0-py3-none-any.whl (107 kB)
2025-08-21T17:52:45.5618577Z Using cached tomli-2.2.1-cp312-cp312-manylinux_2_17_x86_64.manylinux2014_x86_64.whl (242 kB)
2025-08-21T17:52:45.5630668Z Using cached tomli_w-1.2.0-py3-none-any.whl (6.7 kB)
2025-08-21T17:52:45.5641284Z Using cached typeapi-2.2.4-py3-none-any.whl (26 kB)
2025-08-21T17:52:45.5652157Z Using cached typing_extensions-4.14.1-py3-none-any.whl (43 kB)
2025-08-21T17:52:45.5663061Z Using cached urllib3-2.5.0-py3-none-any.whl (129 kB)
2025-08-21T17:52:45.5675035Z Using cached wrapt-1.17.3-cp312-cp312-manylinux1_x86_64.manylinux_2_28_x86_64.manylinux_2_5_x86_64.whl (88 kB)
2025-08-21T17:52:45.5685799Z Using cached boto3-1.40.14-py3-none-any.whl (140 kB)
2025-08-21T17:52:45.5697551Z Using cached botocore-1.40.14-py3-none-any.whl (14.0 MB)
2025-08-21T17:52:45.5809410Z Using cached jmespath-1.0.1-py3-none-any.whl (20 kB)
2025-08-21T17:52:45.5820583Z Using cached python_dateutil-2.9.0.post0-py2.py3-none-any.whl (229 kB)
2025-08-21T17:52:45.5832759Z Using cached s3transfer-0.13.1-py3-none-any.whl (85 kB)
2025-08-21T17:52:45.5844032Z Using cached itsdangerous-2.2.0-py3-none-any.whl (16 kB)
2025-08-21T17:52:45.5854855Z Using cached setuptools-80.9.0-py3-none-any.whl (1.2 MB)
2025-08-21T17:52:45.5874096Z Using cached python_dotenv-1.1.1-py3-none-any.whl (20 kB)
2025-08-21T17:52:45.5885073Z Using cached python_multipart-0.0.20-py3-none-any.whl (24 kB)
2025-08-21T17:52:45.5895997Z Using cached annotated_types-0.7.0-py3-none-any.whl (13 kB)
2025-08-21T17:52:45.5907036Z Using cached certifi-2025.8.3-py3-none-any.whl (161 kB)
2025-08-21T17:52:45.5918991Z Using cached click_didyoumean-0.3.1-py3-none-any.whl (3.6 kB)
2025-08-21T17:52:45.5930080Z Using cached click_plugins-1.1.1.2-py2.py3-none-any.whl (11 kB)
2025-08-21T17:52:45.5940735Z Using cached click_repl-0.3.0-py3-none-any.whl (10 kB)
2025-08-21T17:52:45.5951922Z Using cached coverage-7.10.4-cp312-cp312-manylinux1_x86_64.manylinux_2_28_x86_64.manylinux_2_5_x86_64.whl (251 kB)
2025-08-21T17:52:45.5963796Z Using cached email_validator-2.2.0-py3-none-any.whl (33 kB)
2025-08-21T17:52:45.5974675Z Using cached dnspython-2.7.0-py3-none-any.whl (313 kB)
2025-08-21T17:52:45.5987375Z Using cached fastapi_cli-0.0.8-py3-none-any.whl (10 kB)
2025-08-21T17:52:45.5998146Z Using cached fastapi_cloud_cli-0.1.5-py3-none-any.whl (18 kB)
2025-08-21T17:52:45.6009244Z Using cached greenlet-3.2.4-cp312-cp312-manylinux_2_24_x86_64.manylinux_2_28_x86_64.whl (607 kB)
2025-08-21T17:52:45.6023993Z Using cached h11-0.16.0-py3-none-any.whl (37 kB)
2025-08-21T17:52:45.6034854Z Using cached iniconfig-2.1.0-py3-none-any.whl (6.0 kB)
2025-08-21T17:52:45.6046267Z Using cached MarkupSafe-3.0.2-cp312-cp312-manylinux_2_17_x86_64.manylinux2014_x86_64.whl (23 kB)
2025-08-21T17:52:45.6057059Z Using cached mirakuru-2.6.1-py3-none-any.whl (26 kB)
2025-08-21T17:52:45.6068839Z Using cached orjson-3.11.2-cp312-cp312-manylinux_2_17_x86_64.manylinux2014_x86_64.whl (121 kB)
2025-08-21T17:52:45.6080111Z Using cached packaging-25.0-py3-none-any.whl (66 kB)
2025-08-21T17:52:45.6091130Z Using cached pathspec-0.12.1-py3-none-any.whl (31 kB)
2025-08-21T17:52:45.6101878Z Using cached platformdirs-4.3.8-py3-none-any.whl (18 kB)
2025-08-21T17:52:45.6112501Z Using cached port_for-0.7.4-py3-none-any.whl (21 kB)
2025-08-21T17:52:45.6123369Z Using cached prompt_toolkit-3.0.51-py3-none-any.whl (387 kB)
2025-08-21T17:52:45.6137507Z Using cached psutil-7.0.0-cp36-abi3-manylinux_2_12_x86_64.manylinux2010_x86_64.manylinux_2_17_x86_64.manylinux2014_x86_64.whl (277 kB)
2025-08-21T17:52:45.6149994Z Using cached pydantic_extra_types-2.10.5-py3-none-any.whl (38 kB)
2025-08-21T17:52:45.6160906Z Using cached pydantic_settings-2.10.1-py3-none-any.whl (45 kB)
2025-08-21T17:52:45.6171842Z Using cached pygments-2.19.2-py3-none-any.whl (1.2 MB)
2025-08-21T17:52:45.6192356Z Using cached pytz-2025.2-py2.py3-none-any.whl (509 kB)
2025-08-21T17:52:45.6206429Z Using cached rich_toolkit-0.15.0-py3-none-any.whl (29 kB)
2025-08-21T17:52:45.6218449Z Using cached rich-14.1.0-py3-none-any.whl (243 kB)
2025-08-21T17:52:45.6230766Z Using cached markdown_it_py-4.0.0-py3-none-any.whl (87 kB)
2025-08-21T17:52:45.6241897Z Using cached mdurl-0.1.2-py3-none-any.whl (10.0 kB)
2025-08-21T17:52:45.6252900Z Using cached rignore-0.6.4-cp312-cp312-manylinux_2_17_x86_64.manylinux2014_x86_64.whl (949 kB)
2025-08-21T17:52:45.6270282Z Using cached sentry_sdk-2.35.0-py2.py3-none-any.whl (363 kB)
2025-08-21T17:52:45.6283452Z Using cached six-1.17.0-py2.py3-none-any.whl (11 kB)
2025-08-21T17:52:45.6294176Z Using cached sniffio-1.3.1-py3-none-any.whl (10 kB)
2025-08-21T17:52:45.6304792Z Using cached typer-0.16.1-py3-none-any.whl (46 kB)
2025-08-21T17:52:45.6315732Z Using cached shellingham-1.5.4-py2.py3-none-any.whl (9.8 kB)
2025-08-21T17:52:45.6326380Z Using cached typing_inspect-0.9.0-py3-none-any.whl (8.8 kB)
2025-08-21T17:52:45.6337364Z Using cached typing_inspection-0.4.1-py3-none-any.whl (14 kB)
2025-08-21T17:52:45.6348253Z Using cached tzdata-2025.2-py2.py3-none-any.whl (347 kB)
2025-08-21T17:52:45.6361245Z Using cached tzlocal-5.3.1-py3-none-any.whl (18 kB)
2025-08-21T17:52:45.6372336Z Using cached ujson-5.11.0-cp312-cp312-manylinux_2_24_x86_64.manylinux_2_28_x86_64.whl (57 kB)
2025-08-21T17:52:45.6383212Z Using cached uvicorn-0.35.0-py3-none-any.whl (66 kB)
2025-08-21T17:52:45.6395028Z Using cached httptools-0.6.4-cp312-cp312-manylinux_2_5_x86_64.manylinux1_x86_64.manylinux_2_17_x86_64.manylinux2014_x86_64.whl (510 kB)
2025-08-21T17:52:45.6409243Z Using cached uvloop-0.21.0-cp312-cp312-manylinux_2_17_x86_64.manylinux2014_x86_64.whl (4.7 MB)
2025-08-21T17:52:45.6455104Z Using cached watchfiles-1.1.0-cp312-cp312-manylinux_2_17_x86_64.manylinux2014_x86_64.whl (452 kB)
2025-08-21T17:52:45.6469715Z Using cached websockets-15.0.1-cp312-cp312-manylinux_2_5_x86_64.manylinux1_x86_64.manylinux_2_17_x86_64.manylinux2014_x86_64.whl (182 kB)
2025-08-21T17:52:45.6481076Z Using cached yapf-0.43.0-py3-none-any.whl (256 kB)
2025-08-21T17:52:45.6493439Z Using cached argon2_cffi-25.1.0-py3-none-any.whl (14 kB)
2025-08-21T17:52:45.6504682Z Using cached argon2_cffi_bindings-25.1.0-cp39-abi3-manylinux_2_26_x86_64.manylinux_2_28_x86_64.whl (87 kB)
2025-08-21T17:52:45.6516088Z Using cached cffi-1.17.1-cp312-cp312-manylinux_2_17_x86_64.manylinux2014_x86_64.whl (479 kB)
2025-08-21T17:52:45.6530108Z Using cached docker-7.1.0-py3-none-any.whl (147 kB)
2025-08-21T17:52:45.6542161Z Using cached et_xmlfile-2.0.0-py3-none-any.whl (18 kB)
2025-08-21T17:52:45.6552847Z Using cached mako-1.3.10-py3-none-any.whl (78 kB)
2025-08-21T17:52:45.6564102Z Using cached pycparser-2.22-py3-none-any.whl (117 kB)
2025-08-21T17:52:45.6576257Z Using cached pycryptodome-3.23.0-cp37-abi3-manylinux_2_17_x86_64.manylinux2014_x86_64.whl (2.3 MB)
2025-08-21T17:52:45.6602808Z Using cached toml-0.10.2-py2.py3-none-any.whl (16 kB)
2025-08-21T17:52:45.6613412Z Using cached typeguard-4.4.4-py3-none-any.whl (34 kB)
2025-08-21T17:52:45.6624425Z Using cached watchdog-6.0.0-py3-none-manylinux2014_x86_64.whl (79 kB)
2025-08-21T17:52:45.6637908Z Using cached wcwidth-0.2.13-py2.py3-none-any.whl (34 kB)
2025-08-21T17:52:46.1369164Z Installing collected packages: wcwidth, pytz, wrapt, websockets, watchdog, vine, uvloop, urllib3, ujson, tzlocal, tzdata, typing-extensions, tomli_w, tomli, toml, structlog, sniffio, six, shellingham, setuptools, ruff, rignore, redis, PyYAML, python-multipart, python-dotenv, pygments, pycryptodome, pycparser, psycopg2-binary, psycopg-binary, psutil, prompt-toolkit, port-for, pluggy, platformdirs, pathspec, packaging, orjson, numpy, nr-stream, nr-date, mypy-extensions, multimethod, mdurl, MarkupSafe, jmespath, itsdangerous, iniconfig, imapclient, idna, httptools, h11, greenlet, et-xmlfile, docstring-parser, dnspython, coverage, click, charset_normalizer, certifi, billiard, asyncpg, annotated-types, yapf, vulture, uvicorn, typing-inspection, typing-inspect, types-requests, typeguard, typeapi, sqlalchemy, sentry-sdk, requests, python-dateutil, pytest, pydantic-core, psycopg, openpyxl, mypy, mirakuru, markdown-it-py, Mako, Jinja2, httpcore, email-validator, Deprecated, click-repl, click-plugins, click-didyoumean, cffi, black, apscheduler, anyio, amqp, watchfiles, starlette, rich, pytest-postgresql, pytest-cov, pytest-asyncio, pydantic, pandas, nr-util, kombu, httpx, docker, databind, botocore, argon2-cffi-bindings, alembic, typer, testcontainers, s3transfer, rich-toolkit, respx, python-telegram-bot, pydantic-settings, pydantic-extra-types, pandera, fastapi, databind.json, databind.core, celery, asgi-correlation-id, argon2-cffi, minio, fastapi-limiter, fastapi-cloud-cli, fastapi-cli, docspec, boto3, docspec-python, pydoc-markdown
2025-08-21T17:53:06.0465364Z 
2025-08-21T17:53:06.0589023Z Successfully installed Deprecated-1.2.18 Jinja2-3.1.6 Mako-1.3.10 MarkupSafe-3.0.2 PyYAML-6.0.2 alembic-1.16.4 amqp-5.3.1 annotated-types-0.7.0 anyio-4.10.0 apscheduler-3.10.4 argon2-cffi-25.1.0 argon2-cffi-bindings-25.1.0 asgi-correlation-id-4.3.1 asyncpg-0.30.0 billiard-4.2.1 black-25.1.0 boto3-1.40.14 botocore-1.40.14 celery-5.5.3 certifi-2025.8.3 cffi-1.17.1 charset_normalizer-3.4.3 click-8.2.1 click-didyoumean-0.3.1 click-plugins-1.1.1.2 click-repl-0.3.0 coverage-7.10.4 databind-4.5.2 databind.core-4.5.2 databind.json-4.5.2 dnspython-2.7.0 docker-7.1.0 docspec-2.2.1 docspec-python-2.2.2 docstring-parser-0.11 email-validator-2.2.0 et-xmlfile-2.0.0 fastapi-0.116.1 fastapi-cli-0.0.8 fastapi-cloud-cli-0.1.5 fastapi-limiter-0.1.6 greenlet-3.2.4 h11-0.16.0 httpcore-1.0.9 httptools-0.6.4 httpx-0.28.1 idna-3.10 imapclient-3.0.1 iniconfig-2.1.0 itsdangerous-2.2.0 jmespath-1.0.1 kombu-5.5.4 markdown-it-py-4.0.0 mdurl-0.1.2 minio-7.2.16 mirakuru-2.6.1 multimethod-1.10 mypy-1.17.1 mypy-extensions-1.1.0 nr-date-2.1.0 nr-stream-1.1.5 nr-util-0.8.12 numpy-1.26.4 openpyxl-3.1.5 orjson-3.11.2 packaging-25.0 pandas-2.2.3 pandera-0.19.3 pathspec-0.12.1 platformdirs-4.3.8 pluggy-1.6.0 port-for-0.7.4 prompt-toolkit-3.0.51 psutil-7.0.0 psycopg-3.2.9 psycopg-binary-3.2.9 psycopg2-binary-2.9.10 pycparser-2.22 pycryptodome-3.23.0 pydantic-2.11.7 pydantic-core-2.33.2 pydantic-extra-types-2.10.5 pydantic-settings-2.10.1 pydoc-markdown-4.8.2 pygments-2.19.2 pytest-8.4.1 pytest-asyncio-1.1.0 pytest-cov-6.2.1 pytest-postgresql-7.0.2 python-dateutil-2.9.0.post0 python-dotenv-1.1.1 python-multipart-0.0.20 python-telegram-bot-22.3 pytz-2025.2 redis-6.4.0 requests-2.32.4 respx-0.22.0 rich-14.1.0 rich-toolkit-0.15.0 rignore-0.6.4 ruff-0.9.9 s3transfer-0.13.1 sentry-sdk-2.35.0 setuptools-80.9.0 shellingham-1.5.4 six-1.17.0 sniffio-1.3.1 sqlalchemy-2.0.43 starlette-0.47.2 structlog-24.1.0 testcontainers-4.12.0 toml-0.10.2 tomli-2.2.1 tomli_w-1.2.0 typeapi-2.2.4 typeguard-4.4.4 typer-0.16.1 types-requests-2.32.4.20250809 typing-extensions-4.14.1 typing-inspect-0.9.0 typing-inspection-0.4.1 tzdata-2025.2 tzlocal-5.3.1 ujson-5.11.0 urllib3-2.5.0 uvicorn-0.35.0 uvloop-0.21.0 vine-5.1.0 vulture-2.10 watchdog-6.0.0 watchfiles-1.1.0 wcwidth-0.2.13 websockets-15.0.1 wrapt-1.17.3 yapf-0.43.0
2025-08-21T17:53:07.9087499Z Collecting keepa==1.3.15
2025-08-21T17:53:07.9101603Z   Using cached keepa-1.3.15-py3-none-any.whl.metadata (11 kB)
2025-08-21T17:53:07.9423465Z Collecting minio==7.1.15
2025-08-21T17:53:07.9437034Z   Using cached minio-7.1.15-py3-none-any.whl.metadata (4.2 kB)
2025-08-21T17:53:07.9467381Z Requirement already satisfied: numpy>=1.9.3 in /opt/hostedtoolcache/Python/3.12.11/x64/lib/python3.12/site-packages (from keepa==1.3.15) (1.26.4)
2025-08-21T17:53:07.9472875Z Requirement already satisfied: requests>=2.2 in /opt/hostedtoolcache/Python/3.12.11/x64/lib/python3.12/site-packages (from keepa==1.3.15) (2.32.4)
2025-08-21T17:53:07.9837571Z Collecting tqdm (from keepa==1.3.15)
2025-08-21T17:53:07.9851392Z   Using cached tqdm-4.67.1-py3-none-any.whl.metadata (57 kB)
2025-08-21T17:53:08.4726924Z Collecting aiohttp (from keepa==1.3.15)
2025-08-21T17:53:08.4741129Z   Using cached aiohttp-3.12.15-cp312-cp312-manylinux_2_17_x86_64.manylinux2014_x86_64.whl.metadata (7.7 kB)
2025-08-21T17:53:08.4776640Z Requirement already satisfied: pandas<=3.0 in /opt/hostedtoolcache/Python/3.12.11/x64/lib/python3.12/site-packages (from keepa==1.3.15) (2.2.3)
2025-08-21T17:53:08.4781223Z Requirement already satisfied: pydantic in /opt/hostedtoolcache/Python/3.12.11/x64/lib/python3.12/site-packages (from keepa==1.3.15) (2.11.7)
2025-08-21T17:53:08.4789740Z Requirement already satisfied: certifi in /opt/hostedtoolcache/Python/3.12.11/x64/lib/python3.12/site-packages (from minio==7.1.15) (2025.8.3)
2025-08-21T17:53:08.4793830Z Requirement already satisfied: urllib3 in /opt/hostedtoolcache/Python/3.12.11/x64/lib/python3.12/site-packages (from minio==7.1.15) (2.5.0)
2025-08-21T17:53:08.4852893Z Requirement already satisfied: python-dateutil>=2.8.2 in /opt/hostedtoolcache/Python/3.12.11/x64/lib/python3.12/site-packages (from pandas<=3.0->keepa==1.3.15) (2.9.0.post0)
2025-08-21T17:53:08.4858848Z Requirement already satisfied: pytz>=2020.1 in /opt/hostedtoolcache/Python/3.12.11/x64/lib/python3.12/site-packages (from pandas<=3.0->keepa==1.3.15) (2025.2)
2025-08-21T17:53:08.4864701Z Requirement already satisfied: tzdata>=2022.7 in /opt/hostedtoolcache/Python/3.12.11/x64/lib/python3.12/site-packages (from pandas<=3.0->keepa==1.3.15) (2025.2)
2025-08-21T17:53:08.4992373Z Requirement already satisfied: six>=1.5 in /opt/hostedtoolcache/Python/3.12.11/x64/lib/python3.12/site-packages (from python-dateutil>=2.8.2->pandas<=3.0->keepa==1.3.15) (1.17.0)
2025-08-21T17:53:08.5012575Z Requirement already satisfied: charset_normalizer<4,>=2 in /opt/hostedtoolcache/Python/3.12.11/x64/lib/python3.12/site-packages (from requests>=2.2->keepa==1.3.15) (3.4.3)
2025-08-21T17:53:08.5019750Z Requirement already satisfied: idna<4,>=2.5 in /opt/hostedtoolcache/Python/3.12.11/x64/lib/python3.12/site-packages (from requests>=2.2->keepa==1.3.15) (3.10)
2025-08-21T17:53:08.5255993Z Collecting aiohappyeyeballs>=2.5.0 (from aiohttp->keepa==1.3.15)
2025-08-21T17:53:08.5268441Z   Using cached aiohappyeyeballs-2.6.1-py3-none-any.whl.metadata (5.9 kB)
2025-08-21T17:53:08.5395074Z Collecting aiosignal>=1.4.0 (from aiohttp->keepa==1.3.15)
2025-08-21T17:53:08.5407191Z   Using cached aiosignal-1.4.0-py3-none-any.whl.metadata (3.7 kB)
2025-08-21T17:53:08.5588688Z Collecting attrs>=17.3.0 (from aiohttp->keepa==1.3.15)
2025-08-21T17:53:08.5600727Z   Using cached attrs-25.3.0-py3-none-any.whl.metadata (10 kB)
2025-08-21T17:53:08.6307670Z Collecting frozenlist>=1.1.1 (from aiohttp->keepa==1.3.15)
2025-08-21T17:53:08.6321256Z   Using cached frozenlist-1.7.0-cp312-cp312-manylinux_2_5_x86_64.manylinux1_x86_64.manylinux_2_17_x86_64.manylinux2014_x86_64.whl.metadata (18 kB)
2025-08-21T17:53:08.8889969Z Collecting multidict<7.0,>=4.5 (from aiohttp->keepa==1.3.15)
2025-08-21T17:53:08.8910058Z   Using cached multidict-6.6.4-cp312-cp312-manylinux2014_x86_64.manylinux_2_17_x86_64.manylinux_2_28_x86_64.whl.metadata (5.3 kB)
2025-08-21T17:53:08.9422603Z Collecting propcache>=0.2.0 (from aiohttp->keepa==1.3.15)
2025-08-21T17:53:08.9435525Z   Using cached propcache-0.3.2-cp312-cp312-manylinux_2_17_x86_64.manylinux2014_x86_64.whl.metadata (12 kB)
2025-08-21T17:53:09.2104542Z Collecting yarl<2.0,>=1.17.0 (from aiohttp->keepa==1.3.15)
2025-08-21T17:53:09.2118249Z   Using cached yarl-1.20.1-cp312-cp312-manylinux_2_17_x86_64.manylinux2014_x86_64.whl.metadata (73 kB)
2025-08-21T17:53:09.2339929Z Requirement already satisfied: typing-extensions>=4.2 in /opt/hostedtoolcache/Python/3.12.11/x64/lib/python3.12/site-packages (from aiosignal>=1.4.0->aiohttp->keepa==1.3.15) (4.14.1)
2025-08-21T17:53:09.2388154Z Requirement already satisfied: annotated-types>=0.6.0 in /opt/hostedtoolcache/Python/3.12.11/x64/lib/python3.12/site-packages (from pydantic->keepa==1.3.15) (0.7.0)
2025-08-21T17:53:09.2393147Z Requirement already satisfied: pydantic-core==2.33.2 in /opt/hostedtoolcache/Python/3.12.11/x64/lib/python3.12/site-packages (from pydantic->keepa==1.3.15) (2.33.2)
2025-08-21T17:53:09.2400167Z Requirement already satisfied: typing-inspection>=0.4.0 in /opt/hostedtoolcache/Python/3.12.11/x64/lib/python3.12/site-packages (from pydantic->keepa==1.3.15) (0.4.1)
2025-08-21T17:53:09.2460977Z Using cached keepa-1.3.15-py3-none-any.whl (38 kB)
2025-08-21T17:53:09.2472482Z Using cached minio-7.1.15-py3-none-any.whl (77 kB)
2025-08-21T17:53:09.2485142Z Using cached aiohttp-3.12.15-cp312-cp312-manylinux_2_17_x86_64.manylinux2014_x86_64.whl (1.7 MB)
2025-08-21T17:53:09.2509983Z Using cached multidict-6.6.4-cp312-cp312-manylinux2014_x86_64.manylinux_2_17_x86_64.manylinux_2_28_x86_64.whl (256 kB)
2025-08-21T17:53:09.2523986Z Using cached yarl-1.20.1-cp312-cp312-manylinux_2_17_x86_64.manylinux2014_x86_64.whl (355 kB)
2025-08-21T17:53:09.2537961Z Using cached aiohappyeyeballs-2.6.1-py3-none-any.whl (15 kB)
2025-08-21T17:53:09.2549248Z Using cached aiosignal-1.4.0-py3-none-any.whl (7.5 kB)
2025-08-21T17:53:09.2560555Z Using cached attrs-25.3.0-py3-none-any.whl (63 kB)
2025-08-21T17:53:09.2572798Z Using cached frozenlist-1.7.0-cp312-cp312-manylinux_2_5_x86_64.manylinux1_x86_64.manylinux_2_17_x86_64.manylinux2014_x86_64.whl (241 kB)
2025-08-21T17:53:09.2585576Z Using cached propcache-0.3.2-cp312-cp312-manylinux_2_17_x86_64.manylinux2014_x86_64.whl (224 kB)
2025-08-21T17:53:09.2598313Z Using cached tqdm-4.67.1-py3-none-any.whl (78 kB)
2025-08-21T17:53:09.4431469Z Installing collected packages: tqdm, propcache, multidict, minio, frozenlist, attrs, aiohappyeyeballs, yarl, aiosignal, aiohttp, keepa
2025-08-21T17:53:09.5190402Z   Attempting uninstall: minio
2025-08-21T17:53:09.5240198Z     Found existing installation: minio 7.2.16
2025-08-21T17:53:09.5277546Z     Uninstalling minio-7.2.16:
2025-08-21T17:53:09.5288132Z       Successfully uninstalled minio-7.2.16
2025-08-21T17:53:09.8960227Z 
2025-08-21T17:53:09.9076191Z Successfully installed aiohappyeyeballs-2.6.1 aiohttp-3.12.15 aiosignal-1.4.0 attrs-25.3.0 frozenlist-1.7.0 keepa-1.3.15 minio-7.1.15 multidict-6.6.4 propcache-0.3.2 tqdm-4.67.1 yarl-1.20.1
2025-08-21T17:53:10.0789769Z ##[group]Run ruff check .
2025-08-21T17:53:10.0790058Z [36;1mruff check .[0m
2025-08-21T17:53:10.0790267Z [36;1mruff format --check .[0m
2025-08-21T17:53:10.0790506Z [36;1mvulture[0m
2025-08-21T17:53:10.0832287Z shell: /usr/bin/bash -e {0}
2025-08-21T17:53:10.0832514Z env:
2025-08-21T17:53:10.0832720Z   REDIS_URL: redis://localhost:6379/0
2025-08-21T17:53:10.0832981Z   RATE_LIMIT_DEFAULT: 100/minute
2025-08-21T17:53:10.0833210Z   TRUST_X_FORWARDED: 1
2025-08-21T17:53:10.0833403Z   PG_USER: postgres
2025-08-21T17:53:10.0833595Z   PG_PASSWORD: pass
2025-08-21T17:53:10.0833783Z   PG_DATABASE: awa
2025-08-21T17:53:10.0833959Z   PG_HOST: localhost
2025-08-21T17:53:10.0834148Z   PG_PORT: 5432
2025-08-21T17:53:10.0834605Z   PG_SYNC_DSN: ***localhost:5432/awa
2025-08-21T17:53:10.0835002Z   PG_ASYNC_DSN: ***localhost:5432/awa
2025-08-21T17:53:10.0835391Z   DATABASE_URL: ***localhost:5432/awa
2025-08-21T17:53:10.0835626Z   DATA_DIR: /tmp/awa-data
2025-08-21T17:53:10.0835855Z   ENABLE_LIVE: 0
2025-08-21T17:53:10.0836024Z   TESTING: 1
2025-08-21T17:53:10.0836260Z   pythonLocation: /opt/hostedtoolcache/Python/3.12.11/x64
2025-08-21T17:53:10.0837023Z   PKG_CONFIG_PATH: /opt/hostedtoolcache/Python/3.12.11/x64/lib/pkgconfig
2025-08-21T17:53:10.0837428Z   Python_ROOT_DIR: /opt/hostedtoolcache/Python/3.12.11/x64
2025-08-21T17:53:10.0837780Z   Python2_ROOT_DIR: /opt/hostedtoolcache/Python/3.12.11/x64
2025-08-21T17:53:10.0838140Z   Python3_ROOT_DIR: /opt/hostedtoolcache/Python/3.12.11/x64
2025-08-21T17:53:10.0838490Z   LD_LIBRARY_PATH: /opt/hostedtoolcache/Python/3.12.11/x64/lib
2025-08-21T17:53:10.0838775Z ##[endgroup]
2025-08-21T17:53:10.1123588Z All checks passed!
2025-08-21T17:53:10.1352630Z 256 files already formatted
2025-08-21T17:53:10.1937075Z ##[group]Run for i in {1..30}; do pg_isready -h "$PG_HOST" -p "$PG_PORT" -U "$PG_USER" -d "$PG_DATABASE" && break; sleep 1; done
2025-08-21T17:53:10.1938249Z [36;1mfor i in {1..30}; do pg_isready -h "$PG_HOST" -p "$PG_PORT" -U "$PG_USER" -d "$PG_DATABASE" && break; sleep 1; done[0m
2025-08-21T17:53:10.1997865Z shell: /usr/bin/bash -e {0}
2025-08-21T17:53:10.1998264Z env:
2025-08-21T17:53:10.1998620Z   REDIS_URL: redis://localhost:6379/0
2025-08-21T17:53:10.1999148Z   RATE_LIMIT_DEFAULT: 100/minute
2025-08-21T17:53:10.1999571Z   TRUST_X_FORWARDED: 1
2025-08-21T17:53:10.1999929Z   PG_USER: postgres
2025-08-21T17:53:10.2000273Z   PG_PASSWORD: pass
2025-08-21T17:53:10.2000617Z   PG_DATABASE: awa
2025-08-21T17:53:10.2000935Z   PG_HOST: localhost
2025-08-21T17:53:10.2001274Z   PG_PORT: 5432
2025-08-21T17:53:10.2002213Z   PG_SYNC_DSN: ***localhost:5432/awa
2025-08-21T17:53:10.2002993Z   PG_ASYNC_DSN: ***localhost:5432/awa
2025-08-21T17:53:10.2003811Z   DATABASE_URL: ***localhost:5432/awa
2025-08-21T17:53:10.2004252Z   DATA_DIR: /tmp/awa-data
2025-08-21T17:53:10.2004618Z   ENABLE_LIVE: 0
2025-08-21T17:53:10.2004919Z   TESTING: 1
2025-08-21T17:53:10.2005338Z   pythonLocation: /opt/hostedtoolcache/Python/3.12.11/x64
2025-08-21T17:53:10.2006055Z   PKG_CONFIG_PATH: /opt/hostedtoolcache/Python/3.12.11/x64/lib/pkgconfig
2025-08-21T17:53:10.2007002Z   Python_ROOT_DIR: /opt/hostedtoolcache/Python/3.12.11/x64
2025-08-21T17:53:10.2007646Z   Python2_ROOT_DIR: /opt/hostedtoolcache/Python/3.12.11/x64
2025-08-21T17:53:10.2008279Z   Python3_ROOT_DIR: /opt/hostedtoolcache/Python/3.12.11/x64
2025-08-21T17:53:10.2008918Z   LD_LIBRARY_PATH: /opt/hostedtoolcache/Python/3.12.11/x64/lib
2025-08-21T17:53:10.2009436Z ##[endgroup]
2025-08-21T17:53:10.3772588Z localhost:5432 - accepting connections
2025-08-21T17:53:10.3813574Z ##[group]Run psql -h "$PG_HOST" -p "$PG_PORT" -U "$PG_USER" -d "$PG_DATABASE" -c "SELECT 1"
2025-08-21T17:53:10.3814133Z [36;1mpsql -h "$PG_HOST" -p "$PG_PORT" -U "$PG_USER" -d "$PG_DATABASE" -c "SELECT 1"[0m
2025-08-21T17:53:10.3855459Z shell: /usr/bin/bash -e {0}
2025-08-21T17:53:10.3855687Z env:
2025-08-21T17:53:10.3855899Z   REDIS_URL: redis://localhost:6379/0
2025-08-21T17:53:10.3856171Z   RATE_LIMIT_DEFAULT: 100/minute
2025-08-21T17:53:10.3856401Z   TRUST_X_FORWARDED: 1
2025-08-21T17:53:10.3856597Z   PG_USER: postgres
2025-08-21T17:53:10.3856996Z   PG_PASSWORD: pass
2025-08-21T17:53:10.3857191Z   PG_DATABASE: awa
2025-08-21T17:53:10.3857387Z   PG_HOST: localhost
2025-08-21T17:53:10.3857573Z   PG_PORT: 5432
2025-08-21T17:53:10.3858080Z   PG_SYNC_DSN: ***localhost:5432/awa
2025-08-21T17:53:10.3858493Z   PG_ASYNC_DSN: ***localhost:5432/awa
2025-08-21T17:53:10.3858880Z   DATABASE_URL: ***localhost:5432/awa
2025-08-21T17:53:10.3859117Z   DATA_DIR: /tmp/awa-data
2025-08-21T17:53:10.3859349Z   ENABLE_LIVE: 0
2025-08-21T17:53:10.3859522Z   TESTING: 1
2025-08-21T17:53:10.3859761Z   pythonLocation: /opt/hostedtoolcache/Python/3.12.11/x64
2025-08-21T17:53:10.3860159Z   PKG_CONFIG_PATH: /opt/hostedtoolcache/Python/3.12.11/x64/lib/pkgconfig
2025-08-21T17:53:10.3860551Z   Python_ROOT_DIR: /opt/hostedtoolcache/Python/3.12.11/x64
2025-08-21T17:53:10.3860900Z   Python2_ROOT_DIR: /opt/hostedtoolcache/Python/3.12.11/x64
2025-08-21T17:53:10.3861254Z   Python3_ROOT_DIR: /opt/hostedtoolcache/Python/3.12.11/x64
2025-08-21T17:53:10.3861608Z   LD_LIBRARY_PATH: /opt/hostedtoolcache/Python/3.12.11/x64/lib
2025-08-21T17:53:10.3861901Z   PGPASSWORD: pass
2025-08-21T17:53:10.3862264Z ##[endgroup]
2025-08-21T17:53:10.6697394Z  ?column? 
2025-08-21T17:53:10.6697822Z ----------
2025-08-21T17:53:10.6698184Z         1
2025-08-21T17:53:10.6698505Z (1 row)
2025-08-21T17:53:10.6698653Z 
2025-08-21T17:53:10.6739323Z ##[group]Run alembic -c services/api/alembic.ini upgrade head
2025-08-21T17:53:10.6739774Z [36;1malembic -c services/api/alembic.ini upgrade head[0m
2025-08-21T17:53:10.6781519Z shell: /usr/bin/bash -e {0}
2025-08-21T17:53:10.6781748Z env:
2025-08-21T17:53:10.6781950Z   REDIS_URL: redis://localhost:6379/0
2025-08-21T17:53:10.6782233Z   RATE_LIMIT_DEFAULT: 100/minute
2025-08-21T17:53:10.6782469Z   TRUST_X_FORWARDED: 1
2025-08-21T17:53:10.6782702Z   PG_USER: postgres
2025-08-21T17:53:10.6782917Z   PG_PASSWORD: pass
2025-08-21T17:53:10.6783111Z   PG_DATABASE: awa
2025-08-21T17:53:10.6783292Z   PG_HOST: localhost
2025-08-21T17:53:10.6783486Z   PG_PORT: 5432
2025-08-21T17:53:10.6783932Z   PG_SYNC_DSN: ***localhost:5432/awa
2025-08-21T17:53:10.6784351Z   PG_ASYNC_DSN: ***localhost:5432/awa
2025-08-21T17:53:10.6784763Z   DATABASE_URL: ***localhost:5432/awa
2025-08-21T17:53:10.6785014Z   DATA_DIR: /tmp/awa-data
2025-08-21T17:53:10.6785215Z   ENABLE_LIVE: 0
2025-08-21T17:53:10.6785422Z   TESTING: 1
2025-08-21T17:53:10.6785663Z   pythonLocation: /opt/hostedtoolcache/Python/3.12.11/x64
2025-08-21T17:53:10.6786085Z   PKG_CONFIG_PATH: /opt/hostedtoolcache/Python/3.12.11/x64/lib/pkgconfig
2025-08-21T17:53:10.6786511Z   Python_ROOT_DIR: /opt/hostedtoolcache/Python/3.12.11/x64
2025-08-21T17:53:10.6787107Z   Python2_ROOT_DIR: /opt/hostedtoolcache/Python/3.12.11/x64
2025-08-21T17:53:10.6787471Z   Python3_ROOT_DIR: /opt/hostedtoolcache/Python/3.12.11/x64
2025-08-21T17:53:10.6787840Z   LD_LIBRARY_PATH: /opt/hostedtoolcache/Python/3.12.11/x64/lib
2025-08-21T17:53:10.6788149Z ##[endgroup]
2025-08-21T17:53:12.0934206Z INFO  [alembic.runtime.migration] Context impl PostgresqlImpl.
2025-08-21T17:53:12.0934836Z INFO  [alembic.runtime.migration] Will assume transactional DDL.
2025-08-21T17:53:12.1146494Z INFO  [alembic.runtime.migration] Running upgrade  -> 0001_baseline
2025-08-21T17:53:12.1299311Z INFO  [alembic.runtime.migration] Running upgrade 0001_baseline -> 0002_create_roi_view
2025-08-21T17:53:12.1325037Z INFO  [alembic.runtime.migration] Running upgrade 0002_create_roi_view -> 3e9d5c5aff2c
2025-08-21T17:53:12.1502219Z INFO  [alembic.runtime.migration] Running upgrade 3e9d5c5aff2c -> 0003_vendor_prices
2025-08-21T17:53:12.1735578Z INFO  [alembic.runtime.migration] Running upgrade 0003_vendor_prices -> 0004_fee_cron
2025-08-21T17:53:12.1810727Z INFO  [alembic.runtime.migration] Running upgrade 0004_fee_cron -> 0006_fix_roi_views
2025-08-21T17:53:12.1843846Z INFO  [alembic.runtime.migration] Running upgrade 0006_fix_roi_views -> 0020_unified_schema
2025-08-21T17:53:12.1958610Z INFO  [alembic.runtime.migration] Running upgrade 0020_unified_schema -> 0022_fix_roi_view
2025-08-21T17:53:12.2035662Z INFO  [alembic.runtime.migration] Running upgrade 0022_fix_roi_view -> 0023_add_storage_fee
2025-08-21T17:53:12.2076348Z INFO  [alembic.runtime.migration] Running upgrade 0023_add_storage_fee -> 0024_create_buybox
2025-08-21T17:53:12.2103680Z INFO  [alembic.runtime.migration] Running upgrade 0024_create_buybox -> 0025_pr4_indexes_loadlog
2025-08-21T17:53:12.2331289Z INFO  [alembic.runtime.migration] Running upgrade 0025_pr4_indexes_loadlog -> 0026_amazon_new_reports
2025-08-21T17:53:12.3319658Z ##[group]Run python -m mypy services || true
2025-08-21T17:53:12.3320007Z [36;1mpython -m mypy services || true[0m
2025-08-21T17:53:12.3360943Z shell: /usr/bin/bash -e {0}
2025-08-21T17:53:12.3361170Z env:
2025-08-21T17:53:12.3361375Z   REDIS_URL: redis://localhost:6379/0
2025-08-21T17:53:12.3361640Z   RATE_LIMIT_DEFAULT: 100/minute
2025-08-21T17:53:12.3361865Z   TRUST_X_FORWARDED: 1
2025-08-21T17:53:12.3362066Z   PG_USER: postgres
2025-08-21T17:53:12.3362258Z   PG_PASSWORD: pass
2025-08-21T17:53:12.3362438Z   PG_DATABASE: awa
2025-08-21T17:53:12.3362615Z   PG_HOST: localhost
2025-08-21T17:53:12.3362984Z   PG_PORT: 5432
2025-08-21T17:53:12.3363412Z   PG_SYNC_DSN: ***localhost:5432/awa
2025-08-21T17:53:12.3363815Z   PG_ASYNC_DSN: ***localhost:5432/awa
2025-08-21T17:53:12.3364214Z   DATABASE_URL: ***localhost:5432/awa
2025-08-21T17:53:12.3364448Z   DATA_DIR: /tmp/awa-data
2025-08-21T17:53:12.3364652Z   ENABLE_LIVE: 0
2025-08-21T17:53:12.3364831Z   TESTING: 1
2025-08-21T17:53:12.3365096Z   pythonLocation: /opt/hostedtoolcache/Python/3.12.11/x64
2025-08-21T17:53:12.3365507Z   PKG_CONFIG_PATH: /opt/hostedtoolcache/Python/3.12.11/x64/lib/pkgconfig
2025-08-21T17:53:12.3365915Z   Python_ROOT_DIR: /opt/hostedtoolcache/Python/3.12.11/x64
2025-08-21T17:53:12.3366273Z   Python2_ROOT_DIR: /opt/hostedtoolcache/Python/3.12.11/x64
2025-08-21T17:53:12.3366627Z   Python3_ROOT_DIR: /opt/hostedtoolcache/Python/3.12.11/x64
2025-08-21T17:53:12.3367195Z   LD_LIBRARY_PATH: /opt/hostedtoolcache/Python/3.12.11/x64/lib
2025-08-21T17:53:12.3367493Z ##[endgroup]
2025-08-21T17:53:44.0830571Z Success: no issues found in 99 source files
2025-08-21T17:53:44.1244224Z ##[group]Run pytest -q --cov=services --cov-report=xml
2025-08-21T17:53:44.1244630Z [36;1mpytest -q --cov=services --cov-report=xml[0m
2025-08-21T17:53:44.1286458Z shell: /usr/bin/bash -e {0}
2025-08-21T17:53:44.1286905Z env:
2025-08-21T17:53:44.1287176Z   REDIS_URL: redis://localhost:6379/0
2025-08-21T17:53:44.1287451Z   RATE_LIMIT_DEFAULT: 100/minute
2025-08-21T17:53:44.1287676Z   TRUST_X_FORWARDED: 1
2025-08-21T17:53:44.1287871Z   PG_USER: postgres
2025-08-21T17:53:44.1288067Z   PG_PASSWORD: pass
2025-08-21T17:53:44.1288253Z   PG_DATABASE: awa
2025-08-21T17:53:44.1288429Z   PG_HOST: localhost
2025-08-21T17:53:44.1288615Z   PG_PORT: 5432
2025-08-21T17:53:44.1289038Z   PG_SYNC_DSN: ***localhost:5432/awa
2025-08-21T17:53:44.1289447Z   PG_ASYNC_DSN: ***localhost:5432/awa
2025-08-21T17:53:44.1289820Z   DATABASE_URL: ***localhost:5432/awa
2025-08-21T17:53:44.1290054Z   DATA_DIR: /tmp/awa-data
2025-08-21T17:53:44.1290256Z   ENABLE_LIVE: 0
2025-08-21T17:53:44.1290434Z   TESTING: 1
2025-08-21T17:53:44.1290707Z   pythonLocation: /opt/hostedtoolcache/Python/3.12.11/x64
2025-08-21T17:53:44.1291098Z   PKG_CONFIG_PATH: /opt/hostedtoolcache/Python/3.12.11/x64/lib/pkgconfig
2025-08-21T17:53:44.1291485Z   Python_ROOT_DIR: /opt/hostedtoolcache/Python/3.12.11/x64
2025-08-21T17:53:44.1291827Z   Python2_ROOT_DIR: /opt/hostedtoolcache/Python/3.12.11/x64
2025-08-21T17:53:44.1292172Z   Python3_ROOT_DIR: /opt/hostedtoolcache/Python/3.12.11/x64
2025-08-21T17:53:44.1292516Z   LD_LIBRARY_PATH: /opt/hostedtoolcache/Python/3.12.11/x64/lib
2025-08-21T17:53:44.1292808Z ##[endgroup]
2025-08-21T17:54:24.0843426Z ........s.............................sssssss........................... [ 41%]
2025-08-21T17:54:56.0312182Z ........................................................................ [ 83%]
2025-08-21T17:54:57.3130492Z .............................                                            [100%]
2025-08-21T17:54:57.3131148Z =============================== warnings summary ===============================
2025-08-21T17:54:57.3131953Z ../../../../../opt/hostedtoolcache/Python/3.12.11/x64/lib/python3.12/site-packages/pydantic/fields.py:1093
2025-08-21T17:54:57.3135519Z   /opt/hostedtoolcache/Python/3.12.11/x64/lib/python3.12/site-packages/pydantic/fields.py:1093: PydanticDeprecatedSince20: Using extra keyword arguments on `Field` is deprecated and will be removed. Use `json_schema_extra` instead. (Extra keys: 'strip_whitespace'). Deprecated in Pydantic V2.0 to be removed in V3.0. See Pydantic V2 Migration Guide at https://errors.pydantic.dev/2.11/migration/
2025-08-21T17:54:57.3142992Z     warn(
2025-08-21T17:54:57.3143215Z 
2025-08-21T17:54:57.3143441Z services/alert_bot/tests/test_smoke.py:5
2025-08-21T17:54:57.3145877Z   /home/runner/work/AWA-App/AWA-App/services/alert_bot/tests/test_smoke.py:5: UserWarning: pkg_resources is deprecated as an API. See https://setuptools.pypa.io/en/latest/pkg_resources.html. The pkg_resources package is slated for removal as early as 2025-11-30. Refrain from using this package or pin to Setuptools<81.
2025-08-21T17:54:57.3148772Z     import pkg_resources  # noqa: F401
2025-08-21T17:54:57.3149107Z 
2025-08-21T17:54:57.3149329Z tests/api/test_ingest_endpoints.py: 12 warnings
2025-08-21T17:54:57.3149908Z tests/ingest/test_tasks_eager.py: 3 warnings
2025-08-21T17:54:57.3150423Z tests/test_api_fast.py: 1 warning
2025-08-21T17:54:57.3150884Z tests/test_health.py: 5 warnings
2025-08-21T17:54:57.3151325Z tests/test_smoke.py: 5 warnings
2025-08-21T17:54:57.3151790Z services/api/tests/test_cors.py: 1 warning
2025-08-21T17:54:57.3152377Z services/api/tests/test_errors_json.py: 2 warnings
2025-08-21T17:54:57.3152974Z services/api/tests/test_health.py: 1 warning
2025-08-21T17:54:57.3153491Z services/api/tests/test_rate_limit.py: 122 warnings
2025-08-21T17:54:57.3154039Z services/api/tests/test_roi_basic_auth.py: 4 warnings
2025-08-21T17:54:57.3154593Z services/api/tests/test_sentry_event.py: 1 warning
2025-08-21T17:54:57.3155157Z services/api/tests/test_stats_contracts.py: 3 warnings
2025-08-21T17:54:57.3156106Z services/api/tests/test_stats_future_contracts.py: 3 warnings
2025-08-21T17:54:57.3158714Z   /opt/hostedtoolcache/Python/3.12.11/x64/lib/python3.12/site-packages/asgi_correlation_id/extensions/sentry.py:27: DeprecationWarning: sentry_sdk.configure_scope is deprecated and will be removed in the next major version. Please consult our migration guide to learn how to migrate to the new API: https://docs.sentry.io/platforms/python/migration/1.x-to-2.x#scope-configuring
2025-08-21T17:54:57.3160765Z     with configure_scope() as scope:
2025-08-21T17:54:57.3161018Z 
2025-08-21T17:54:57.3161207Z tests/api/test_ingest_endpoints.py: 3 warnings
2025-08-21T17:54:57.3161667Z tests/test_api_fast.py: 1 warning
2025-08-21T17:54:57.3162075Z tests/test_health.py: 5 warnings
2025-08-21T17:54:57.3162470Z tests/test_smoke.py: 5 warnings
2025-08-21T17:54:57.3162872Z services/api/tests/test_cors.py: 3 warnings
2025-08-21T17:54:57.3163356Z services/api/tests/test_errors_json.py: 2 warnings
2025-08-21T17:54:57.3163985Z Sentry is attempting to send 0 pending events
2025-08-21T17:54:57.3164445Z Waiting up to True seconds
2025-08-21T17:54:57.3164812Z Press Ctrl-C to quit
2025-08-21T17:54:57.3165183Z services/api/tests/test_health.py: 1 warning
2025-08-21T17:54:57.3165682Z services/api/tests/test_rate_limit.py: 2 warnings
2025-08-21T17:54:57.3166217Z services/api/tests/test_sentry_event.py: 1 warning
2025-08-21T17:54:57.3167026Z services/api/tests/test_stats_contracts.py: 3 warnings
2025-08-21T17:54:57.3167703Z services/api/tests/test_stats_future_contracts.py: 1 warning
2025-08-21T17:54:57.3169275Z   /opt/hostedtoolcache/Python/3.12.11/x64/lib/python3.12/site-packages/fastapi_limiter/__init__.py:89: DeprecationWarning: Call to deprecated close. (Use aclose() instead) -- Deprecated since version 5.0.1.
2025-08-21T17:54:57.3170698Z     await cls.redis.close()
2025-08-21T17:54:57.3170959Z 
2025-08-21T17:54:57.3171189Z tests/test_api_fast.py::test_health_endpoint
2025-08-21T17:54:57.3172990Z   /home/runner/work/AWA-App/AWA-App/tests/test_api_fast.py:13: DeprecationWarning: datetime.datetime.utcnow() is deprecated and scheduled for removal in a future version. Use timezone-aware objects to represent datetimes in UTC: datetime.datetime.now(datetime.UTC).
2025-08-21T17:54:57.3174786Z     return datetime.datetime.utcnow()
2025-08-21T17:54:57.3175096Z 
2025-08-21T17:54:57.3175261Z tests/test_api_fast.py: 1 warning
2025-08-21T17:54:57.3175678Z tests/test_health.py: 5 warnings
2025-08-21T17:54:57.3176093Z tests/test_smoke.py: 5 warnings
2025-08-21T17:54:57.3176525Z services/api/tests/test_cors.py: 1 warning
2025-08-21T17:54:57.3177221Z services/api/tests/test_health.py: 1 warning
2025-08-21T17:54:57.3177764Z services/api/tests/test_rate_limit.py: 102 warnings
2025-08-21T17:54:57.3179688Z   /home/runner/work/AWA-App/AWA-App/services/api/routes/health.py:24: DeprecationWarning: datetime.datetime.utcnow() is deprecated and scheduled for removal in a future version. Use timezone-aware objects to represent datetimes in UTC: datetime.datetime.now(datetime.UTC).
2025-08-21T17:54:57.3181915Z     app_now = datetime.utcnow().replace(tzinfo=timezone.utc)
2025-08-21T17:54:57.3182321Z 
2025-08-21T17:54:57.3182501Z tests/test_health.py::test_health[0]
2025-08-21T17:54:57.3182956Z tests/test_health.py::test_health[1]
2025-08-21T17:54:57.3183402Z tests/test_health.py::test_health[2]
2025-08-21T17:54:57.3183830Z tests/test_health.py::test_health[3]
2025-08-21T17:54:57.3184270Z tests/test_health.py::test_health[4]
2025-08-21T17:54:57.3185996Z   /home/runner/work/AWA-App/AWA-App/tests/test_health.py:22: DeprecationWarning: datetime.datetime.utcnow() is deprecated and scheduled for removal in a future version. Use timezone-aware objects to represent datetimes in UTC: datetime.datetime.now(datetime.UTC).
2025-08-21T17:54:57.3187988Z     return datetime.datetime.utcnow()
2025-08-21T17:54:57.3188301Z 
2025-08-21T17:54:57.3188469Z tests/test_smoke.py::test_health[0]
2025-08-21T17:54:57.3188918Z tests/test_smoke.py::test_health[1]
2025-08-21T17:54:57.3189585Z tests/test_smoke.py::test_health[2]
2025-08-21T17:54:57.3190067Z tests/test_smoke.py::test_health[3]
2025-08-21T17:54:57.3190498Z tests/test_smoke.py::test_health[4]
2025-08-21T17:54:57.3192216Z   /home/runner/work/AWA-App/AWA-App/tests/test_smoke.py:32: DeprecationWarning: datetime.datetime.utcnow() is deprecated and scheduled for removal in a future version. Use timezone-aware objects to represent datetimes in UTC: datetime.datetime.now(datetime.UTC).
2025-08-21T17:54:57.3193969Z     return datetime.datetime.utcnow()
2025-08-21T17:54:57.3194290Z 
2025-08-21T17:54:57.3194589Z services/api/tests/test_cors.py::test_cors_simple_get_allowed
2025-08-21T17:54:57.3196547Z   /home/runner/work/AWA-App/AWA-App/services/api/tests/test_cors.py:27: DeprecationWarning: datetime.datetime.utcnow() is deprecated and scheduled for removal in a future version. Use timezone-aware objects to represent datetimes in UTC: datetime.datetime.now(datetime.UTC).
2025-08-21T17:54:57.3198597Z     return datetime.datetime.utcnow()
2025-08-21T17:54:57.3198934Z 
2025-08-21T17:54:57.3199191Z services/api/tests/test_health.py::test_health_route
2025-08-21T17:54:57.3201088Z   /home/runner/work/AWA-App/AWA-App/services/api/tests/test_health.py:14: DeprecationWarning: datetime.datetime.utcnow() is deprecated and scheduled for removal in a future version. Use timezone-aware objects to represent datetimes in UTC: datetime.datetime.now(datetime.UTC).
2025-08-21T17:54:57.3202932Z     return datetime.datetime.utcnow()
2025-08-21T17:54:57.3203237Z 
2025-08-21T17:54:57.3203454Z services/api/tests/test_rate_limit.py: 102 warnings
2025-08-21T17:54:57.3205360Z   /home/runner/work/AWA-App/AWA-App/services/api/tests/test_rate_limit.py:33: DeprecationWarning: datetime.datetime.utcnow() is deprecated and scheduled for removal in a future version. Use timezone-aware objects to represent datetimes in UTC: datetime.datetime.now(datetime.UTC).
2025-08-21T17:54:57.3207403Z     return datetime.datetime.utcnow()
2025-08-21T17:54:57.3207715Z 
2025-08-21T17:54:57.3208159Z services/api/tests/test_sentry_event.py::test_unhandled_exception_is_captured_and_tagged
2025-08-21T17:54:57.3210621Z   /home/runner/work/AWA-App/AWA-App/services/api/tests/test_sentry_event.py:47: SentryHubDeprecationWarning: `sentry_sdk.Hub` is deprecated and will be removed in a future major release. Please consult our 1.x to 2.x migration guide for details on how to migrate `Hub` usage to the new API: https://docs.sentry.io/platforms/python/migration/1.x-to-2.x
2025-08-21T17:54:57.3212779Z     hub = sentry_sdk.Hub.current
2025-08-21T17:54:57.3213059Z 
2025-08-21T17:54:57.3213402Z -- Docs: https://docs.pytest.org/en/stable/how-to/capture-warnings.html
2025-08-21T17:54:57.3214088Z ================================ tests coverage ================================
2025-08-21T17:54:57.3214751Z _______________ coverage: platform linux, python 3.12.11-final-0 _______________
2025-08-21T17:54:57.3215226Z 
2025-08-21T17:54:57.3215411Z Coverage XML written to file coverage.xml
2025-08-21T17:54:57.7628066Z ##[group]Run actions/upload-artifact@v4
2025-08-21T17:54:57.7628513Z with:
2025-08-21T17:54:57.7628689Z   name: coverage
2025-08-21T17:54:57.7628875Z   path: coverage.xml
2025-08-21T17:54:57.7629076Z   if-no-files-found: warn
2025-08-21T17:54:57.7629291Z   compression-level: 6
2025-08-21T17:54:57.7629493Z   overwrite: false
2025-08-21T17:54:57.7629686Z   include-hidden-files: false
2025-08-21T17:54:57.7629896Z env:
2025-08-21T17:54:57.7630092Z   REDIS_URL: redis://localhost:6379/0
2025-08-21T17:54:57.7630346Z   RATE_LIMIT_DEFAULT: 100/minute
2025-08-21T17:54:57.7630559Z   TRUST_X_FORWARDED: 1
2025-08-21T17:54:57.7630753Z   PG_USER: postgres
2025-08-21T17:54:57.7630946Z   PG_PASSWORD: pass
2025-08-21T17:54:57.7631124Z   PG_DATABASE: awa
2025-08-21T17:54:57.7631303Z   PG_HOST: localhost
2025-08-21T17:54:57.7631486Z   PG_PORT: 5432
2025-08-21T17:54:57.7631882Z   PG_SYNC_DSN: ***localhost:5432/awa
2025-08-21T17:54:57.7632271Z   PG_ASYNC_DSN: ***localhost:5432/awa
2025-08-21T17:54:57.7632665Z   DATABASE_URL: ***localhost:5432/awa
2025-08-21T17:54:57.7632899Z   DATA_DIR: /tmp/awa-data
2025-08-21T17:54:57.7633102Z   ENABLE_LIVE: 0
2025-08-21T17:54:57.7633272Z   TESTING: 1
2025-08-21T17:54:57.7633504Z   pythonLocation: /opt/hostedtoolcache/Python/3.12.11/x64
2025-08-21T17:54:57.7633889Z   PKG_CONFIG_PATH: /opt/hostedtoolcache/Python/3.12.11/x64/lib/pkgconfig
2025-08-21T17:54:57.7634269Z   Python_ROOT_DIR: /opt/hostedtoolcache/Python/3.12.11/x64
2025-08-21T17:54:57.7634612Z   Python2_ROOT_DIR: /opt/hostedtoolcache/Python/3.12.11/x64
2025-08-21T17:54:57.7634952Z   Python3_ROOT_DIR: /opt/hostedtoolcache/Python/3.12.11/x64
2025-08-21T17:54:57.7635310Z   LD_LIBRARY_PATH: /opt/hostedtoolcache/Python/3.12.11/x64/lib
2025-08-21T17:54:57.7635609Z ##[endgroup]
2025-08-21T17:54:57.9815435Z With the provided path, there will be 1 file uploaded
2025-08-21T17:54:57.9820580Z Artifact name is valid!
2025-08-21T17:54:57.9821970Z Root directory input is valid!
2025-08-21T17:54:58.1061391Z Beginning upload of artifact content to blob storage
2025-08-21T17:54:58.3128272Z Uploaded bytes 5452
2025-08-21T17:54:58.3322197Z Finished uploading artifact content to blob storage!
2025-08-21T17:54:58.3325820Z SHA256 digest of uploaded artifact zip is dee4177b33036aa9cbda13fcc2b75853639c351ac8b0d18f22782ad3ca2c8a31
2025-08-21T17:54:58.3327807Z Finalizing artifact upload
2025-08-21T17:54:58.4209727Z Artifact coverage.zip successfully finalized. Artifact ID 3821540082
2025-08-21T17:54:58.4211002Z Artifact coverage has been successfully uploaded! Final size is 5452 bytes. Artifact ID is 3821540082
2025-08-21T17:54:58.4218734Z Artifact download URL: https://github.com/AlexBomber12/AWA-App/actions/runs/17134485265/artifacts/3821540082
2025-08-21T17:54:58.4331829Z Post job cleanup.
2025-08-21T17:54:58.5904936Z Cache hit occurred on the primary key setup-python-Linux-x64-24.04-Ubuntu-python-3.12.11-pip-cc13ccef493b9f3a93ad5651164d9fb09282c1111f6f72ce20e0657de16de6b4, not saving cache.
2025-08-21T17:54:58.5998170Z Post job cleanup.
2025-08-21T17:54:58.6798107Z [command]/usr/bin/git version
2025-08-21T17:54:58.6834472Z git version 2.51.0
2025-08-21T17:54:58.6903338Z Temporarily overriding HOME='/home/runner/work/_temp/645028f9-1c82-4ee5-ab2a-6fc6e91d7c0d' before making global git config changes
2025-08-21T17:54:58.6904649Z Adding repository directory to the temporary git global config as a safe directory
2025-08-21T17:54:58.6909694Z [command]/usr/bin/git config --global --add safe.directory /home/runner/work/AWA-App/AWA-App
2025-08-21T17:54:58.6946392Z [command]/usr/bin/git config --local --name-only --get-regexp core\.sshCommand
2025-08-21T17:54:58.6979816Z [command]/usr/bin/git submodule foreach --recursive sh -c "git config --local --name-only --get-regexp 'core\.sshCommand' && git config --local --unset-all 'core.sshCommand' || :"
2025-08-21T17:54:58.7211479Z [command]/usr/bin/git config --local --name-only --get-regexp http\.https\:\/\/github\.com\/\.extraheader
2025-08-21T17:54:58.7235231Z http.https://github.com/.extraheader
2025-08-21T17:54:58.7244836Z [command]/usr/bin/git config --local --unset-all http.https://github.com/.extraheader
2025-08-21T17:54:58.7277414Z [command]/usr/bin/git submodule foreach --recursive sh -c "git config --local --name-only --get-regexp 'http\.https\:\/\/github\.com\/\.extraheader' && git config --local --unset-all 'http.https://github.com/.extraheader' || :"
2025-08-21T17:54:58.7598802Z Print service container logs: 699a689220604ebf93b77e7124cec3cd_postgres15_61a13f
2025-08-21T17:54:58.7603052Z ##[command]/usr/bin/docker logs --details e9d22cd069f3d46beaa84550b53125f1a0e54f5b7f3fae8c433f9340ee85e434
2025-08-21T17:54:58.7725079Z  initdb: warning: enabling "trust" authentication for local connections
2025-08-21T17:54:58.7726429Z  initdb: hint: You can change this by editing pg_hba.conf or using the option -A, or --auth-local and --auth-host, the next time you run initdb.
2025-08-21T17:54:58.7727918Z  The files belonging to this database system will be owned by user "postgres".
2025-08-21T17:54:58.7729187Z  2025-08-21 17:52:06.793 UTC [1] LOG:  starting PostgreSQL 15.14 (Debian 15.14-1.pgdg13+1) on x86_64-pc-linux-gnu, compiled by gcc (Debian 14.2.0-19) 14.2.0, 64-bit
2025-08-21T17:54:58.7730503Z  2025-08-21 17:52:06.794 UTC [1] LOG:  listening on IPv4 address "0.0.0.0", port 5432
2025-08-21T17:54:58.7731433Z  2025-08-21 17:52:06.794 UTC [1] LOG:  listening on IPv6 address "::", port 5432
2025-08-21T17:54:58.7732390Z  2025-08-21 17:52:06.795 UTC [1] LOG:  listening on Unix socket "/var/run/postgresql/.s.PGSQL.5432"
2025-08-21T17:54:58.7733349Z  2025-08-21 17:52:06.799 UTC [64] LOG:  database system was shut down at 2025-08-21 17:52:06 UTC
2025-08-21T17:54:58.7734211Z  2025-08-21 17:52:06.803 UTC [1] LOG:  database system is ready to accept connections
2025-08-21T17:54:58.7735029Z  This user must also own the server process.
2025-08-21T17:54:58.7735620Z  
2025-08-21T17:54:58.7736222Z  The database cluster will be initialized with locale "en_US.utf8".
2025-08-21T17:54:58.7737246Z  The default database encoding has accordingly been set to "UTF8".
2025-08-21T17:54:58.7738057Z  The default text search configuration will be set to "english".
2025-08-21T17:54:58.7738752Z  
2025-08-21T17:54:58.7739177Z  Data page checksums are disabled.
2025-08-21T17:54:58.7739628Z  
2025-08-21T17:54:58.7740211Z  fixing permissions on existing directory /var/lib/postgresql/data ... ok
2025-08-21T17:54:58.7740899Z  creating subdirectories ... ok
2025-08-21T17:54:58.7741498Z  selecting dynamic shared memory implementation ... posix
2025-08-21T17:54:58.7742487Z  selecting default max_connections ... 100
2025-08-21T17:54:58.7743240Z  selecting default shared_buffers ... 128MB
2025-08-21T17:54:58.7743703Z  selecting default time zone ... Etc/UTC
2025-08-21T17:54:58.7744072Z  creating configuration files ... ok
2025-08-21T17:54:58.7744489Z  running bootstrap script ... ok
2025-08-21T17:54:58.7744864Z  performing post-bootstrap initialization ... ok
2025-08-21T17:54:58.7745258Z  syncing data to disk ... ok
2025-08-21T17:54:58.7745621Z  
2025-08-21T17:54:58.7745834Z  
2025-08-21T17:54:58.7746135Z  Success. You can now start the database server using:
2025-08-21T17:54:58.7746562Z  
2025-08-21T17:54:58.7747104Z      pg_ctl -D /var/lib/postgresql/data -l logfile start
2025-08-21T17:54:58.7747509Z  
2025-08-21T17:54:58.7748184Z  waiting for server to start....2025-08-21 17:52:06.458 UTC [48] LOG:  starting PostgreSQL 15.14 (Debian 15.14-1.pgdg13+1) on x86_64-pc-linux-gnu, compiled by gcc (Debian 14.2.0-19) 14.2.0, 64-bit
2025-08-21T17:54:58.7749011Z  2025-08-21 17:52:06.460 UTC [48] LOG:  listening on Unix socket "/var/run/postgresql/.s.PGSQL.5432"
2025-08-21T17:54:58.7749644Z  2025-08-21 17:52:06.464 UTC [51] LOG:  database system was shut down at 2025-08-21 17:52:06 UTC
2025-08-21T17:54:58.7750217Z  2025-08-21 17:52:06.468 UTC [48] LOG:  database system is ready to accept connections
2025-08-21T17:54:58.7750617Z   done
2025-08-21T17:54:58.7750934Z  server started
2025-08-21T17:54:58.7751206Z  CREATE DATABASE
2025-08-21T17:54:58.7751422Z  
2025-08-21T17:54:58.7751726Z  
2025-08-21T17:54:58.7752147Z  /usr/local/bin/docker-entrypoint.sh: ignoring /docker-entrypoint-initdb.d/*
2025-08-21T17:54:58.7752848Z  
2025-08-21T17:54:58.7753303Z  waiting for server to shut down...2025-08-21 17:52:06.671 UTC [48] LOG:  received fast shutdown request
2025-08-21T17:54:58.7754032Z  .2025-08-21 17:52:06.672 UTC [48] LOG:  aborting any active transactions
2025-08-21T17:54:58.7754763Z  2025-08-21 17:52:06.674 UTC [48] LOG:  background worker "logical replication launcher" (PID 54) exited with exit code 1
2025-08-21T17:54:58.7755332Z  2025-08-21 17:52:06.676 UTC [49] LOG:  shutting down
2025-08-21T17:54:58.7755754Z  2025-08-21 17:52:06.676 UTC [49] LOG:  checkpoint starting: shutdown immediate
2025-08-21T17:54:58.7756950Z  2025-08-21 17:52:06.703 UTC [49] LOG:  checkpoint complete: wrote 922 buffers (5.6%); 0 WAL file(s) added, 0 removed, 0 recycled; write=0.018 s, sync=0.005 s, total=0.028 s; sync files=301, longest=0.003 s, average=0.001 s; distance=4239 kB, estimate=4239 kB
2025-08-21T17:54:58.7757889Z  2025-08-21 17:52:06.710 UTC [48] LOG:  database system is shut down
2025-08-21T17:54:58.7758316Z   done
2025-08-21T17:54:58.7758625Z  server stopped
2025-08-21T17:54:58.7758862Z  
2025-08-21T17:54:58.7759214Z  PostgreSQL init process complete; ready for start up.
2025-08-21T17:54:58.7759600Z  
2025-08-21T17:54:58.7764827Z Stop and remove container: 699a689220604ebf93b77e7124cec3cd_postgres15_61a13f
2025-08-21T17:54:58.7769675Z ##[command]/usr/bin/docker rm --force e9d22cd069f3d46beaa84550b53125f1a0e54f5b7f3fae8c433f9340ee85e434
2025-08-21T17:54:58.8942306Z e9d22cd069f3d46beaa84550b53125f1a0e54f5b7f3fae8c433f9340ee85e434
2025-08-21T17:54:58.8967885Z Print service container logs: 7c346f6aa96445abbd4ac34a3d2505b6_redis7alpine_1b5614
2025-08-21T17:54:58.8969248Z ##[command]/usr/bin/docker logs --details 5fc4d4d45d0a2f199c451af676f334ea51b1a9676fc249cefc1a058b021808ed
2025-08-21T17:54:58.9089220Z  1:C 21 Aug 2025 17:52:07.181 # WARNING Memory overcommit must be enabled! Without it, a background save or replication may fail under low memory condition. Being disabled, it can also cause failures without low memory condition, see https://github.com/jemalloc/jemalloc/issues/1328. To fix this issue add 'vm.overcommit_memory = 1' to /etc/sysctl.conf and then reboot or run the command 'sysctl vm.overcommit_memory=1' for this to take effect.
2025-08-21T17:54:58.9092063Z  1:C 21 Aug 2025 17:52:07.181 * oO0OoO0OoO0Oo Redis is starting oO0OoO0OoO0Oo
2025-08-21T17:54:58.9093078Z  1:C 21 Aug 2025 17:52:07.181 * Redis version=7.4.5, bits=64, commit=00000000, modified=0, pid=1, just started
2025-08-21T17:54:58.9094452Z  1:C 21 Aug 2025 17:52:07.181 # Warning: no config file specified, using the default config. In order to specify a config file use redis-server /path/to/redis.conf
2025-08-21T17:54:58.9095604Z  1:M 21 Aug 2025 17:52:07.181 * monotonic clock: POSIX clock_gettime
2025-08-21T17:54:58.9096424Z  1:M 21 Aug 2025 17:52:07.182 * Running mode=standalone, port=6379.
2025-08-21T17:54:58.9097256Z  1:M 21 Aug 2025 17:52:07.182 * Server initialized
2025-08-21T17:54:58.9097890Z  1:M 21 Aug 2025 17:52:07.182 * Ready to accept connections tcp
2025-08-21T17:54:58.9104181Z Stop and remove container: 7c346f6aa96445abbd4ac34a3d2505b6_redis7alpine_1b5614
2025-08-21T17:54:58.9105474Z ##[command]/usr/bin/docker rm --force 5fc4d4d45d0a2f199c451af676f334ea51b1a9676fc249cefc1a058b021808ed
2025-08-21T17:54:59.0228345Z 5fc4d4d45d0a2f199c451af676f334ea51b1a9676fc249cefc1a058b021808ed
2025-08-21T17:54:59.0250339Z Remove container network: github_network_93659796f6e74fd9a3cc0930ed3edfe4
2025-08-21T17:54:59.0254898Z ##[command]/usr/bin/docker network rm github_network_93659796f6e74fd9a3cc0930ed3edfe4
2025-08-21T17:54:59.1443554Z github_network_93659796f6e74fd9a3cc0930ed3edfe4
2025-08-21T17:54:59.1504585Z Cleaning up orphan processes
