2025-08-19T08:19:15.1195872Z Current runner version: '2.327.1'
2025-08-19T08:19:15.1219898Z ##[group]Runner Image Provisioner
2025-08-19T08:19:15.1220669Z Hosted Compute Agent
2025-08-19T08:19:15.1221221Z Version: 20250818.377
2025-08-19T08:19:15.1221888Z Commit: 3c593e9f75fe0b87e893bca80d6e12ba089c61fc
2025-08-19T08:19:15.1222561Z Build Date: 2025-08-18T14:52:18Z
2025-08-19T08:19:15.1223144Z ##[endgroup]
2025-08-19T08:19:15.1223705Z ##[group]Operating System
2025-08-19T08:19:15.1224280Z Ubuntu
2025-08-19T08:19:15.1224714Z 24.04.2
2025-08-19T08:19:15.1225234Z LTS
2025-08-19T08:19:15.1225668Z ##[endgroup]
2025-08-19T08:19:15.1226143Z ##[group]Runner Image
2025-08-19T08:19:15.1226747Z Image: ubuntu-24.04
2025-08-19T08:19:15.1227225Z Version: 20250810.1.0
2025-08-19T08:19:15.1228597Z Included Software: https://github.com/actions/runner-images/blob/ubuntu24/20250810.1/images/ubuntu/Ubuntu2404-Readme.md
2025-08-19T08:19:15.1230487Z Image Release: https://github.com/actions/runner-images/releases/tag/ubuntu24%2F20250810.1
2025-08-19T08:19:15.1231502Z ##[endgroup]
2025-08-19T08:19:15.1233901Z ##[group]GITHUB_TOKEN Permissions
2025-08-19T08:19:15.1236159Z Actions: write
2025-08-19T08:19:15.1236687Z Attestations: write
2025-08-19T08:19:15.1237264Z Checks: write
2025-08-19T08:19:15.1237905Z Contents: write
2025-08-19T08:19:15.1238396Z Deployments: write
2025-08-19T08:19:15.1238932Z Discussions: write
2025-08-19T08:19:15.1239457Z Issues: write
2025-08-19T08:19:15.1239921Z Metadata: read
2025-08-19T08:19:15.1240451Z Models: read
2025-08-19T08:19:15.1240889Z Packages: write
2025-08-19T08:19:15.1241383Z Pages: write
2025-08-19T08:19:15.1241869Z PullRequests: write
2025-08-19T08:19:15.1242449Z RepositoryProjects: write
2025-08-19T08:19:15.1243002Z SecurityEvents: write
2025-08-19T08:19:15.1243633Z Statuses: write
2025-08-19T08:19:15.1244140Z ##[endgroup]
2025-08-19T08:19:15.1246540Z Secret source: Actions
2025-08-19T08:19:15.1247512Z Prepare workflow directory
2025-08-19T08:19:15.1679415Z Prepare all required actions
2025-08-19T08:19:15.1716976Z Getting action download info
2025-08-19T08:19:15.5217415Z Download action repository 'actions/checkout@v4' (SHA:08eba0b27e820071cde6df949e0beb9ba4906955)
2025-08-19T08:19:16.0761822Z Download action repository 'actions/setup-python@v5' (SHA:a26af69be951a213d495a4c3e4e4022e16d87065)
2025-08-19T08:19:16.6479424Z Download action repository 'actions/upload-artifact@v4' (SHA:ea165f8d65b6e75b540449e92b4886f43607fa02)
2025-08-19T08:19:16.9922079Z Complete job name: unit
2025-08-19T08:19:17.0479690Z ##[group]Checking docker version
2025-08-19T08:19:17.0493234Z ##[command]/usr/bin/docker version --format '{{.Server.APIVersion}}'
2025-08-19T08:19:18.1974018Z '1.48'
2025-08-19T08:19:18.1987967Z Docker daemon API version: '1.48'
2025-08-19T08:19:18.1988406Z ##[command]/usr/bin/docker version --format '{{.Client.APIVersion}}'
2025-08-19T08:19:18.2184677Z '1.48'
2025-08-19T08:19:18.2197484Z Docker client API version: '1.48'
2025-08-19T08:19:18.2202872Z ##[endgroup]
2025-08-19T08:19:18.2205405Z ##[group]Clean up resources from previous jobs
2025-08-19T08:19:18.2210910Z ##[command]/usr/bin/docker ps --all --quiet --no-trunc --filter "label=10cdb9"
2025-08-19T08:19:18.2342694Z ##[command]/usr/bin/docker network prune --force --filter "label=10cdb9"
2025-08-19T08:19:18.2502775Z ##[endgroup]
2025-08-19T08:19:18.2503065Z ##[group]Create local container network
2025-08-19T08:19:18.2511942Z ##[command]/usr/bin/docker network create --label 10cdb9 github_network_bd44d245197841f6be8f3abd4165402b
2025-08-19T08:19:18.2965656Z c99d35344bde8731e04a0a8f53bdfd3829289a4f9ea383181786da36d18898a6
2025-08-19T08:19:18.2984161Z ##[endgroup]
2025-08-19T08:19:18.3006795Z ##[group]Starting postgres service container
2025-08-19T08:19:18.3026051Z ##[command]/usr/bin/docker pull postgres:15
2025-08-19T08:19:18.9091773Z 15: Pulling from library/postgres
2025-08-19T08:19:19.0584509Z 396b1da7636e: Pulling fs layer
2025-08-19T08:19:19.0585036Z fca2566eba32: Pulling fs layer
2025-08-19T08:19:19.0585434Z 631fe8c6d606: Pulling fs layer
2025-08-19T08:19:19.0585862Z 77c7671c4414: Pulling fs layer
2025-08-19T08:19:19.0586660Z 2d9e29180a27: Pulling fs layer
2025-08-19T08:19:19.0587069Z c6bcc2c9a041: Pulling fs layer
2025-08-19T08:19:19.0587469Z ac4b721eb66f: Pulling fs layer
2025-08-19T08:19:19.0588127Z 606bd164980e: Pulling fs layer
2025-08-19T08:19:19.0588572Z f5dfd246bc6e: Pulling fs layer
2025-08-19T08:19:19.0588979Z ba7036bb0a60: Pulling fs layer
2025-08-19T08:19:19.0589473Z 799f859abbbd: Pulling fs layer
2025-08-19T08:19:19.0589902Z d903e777080c: Pulling fs layer
2025-08-19T08:19:19.0590275Z 04adcb462801: Pulling fs layer
2025-08-19T08:19:19.0590594Z 5c10925b29ff: Pulling fs layer
2025-08-19T08:19:19.0590889Z 77c7671c4414: Waiting
2025-08-19T08:19:19.0591170Z 2d9e29180a27: Waiting
2025-08-19T08:19:19.0591423Z c6bcc2c9a041: Waiting
2025-08-19T08:19:19.0591664Z 799f859abbbd: Waiting
2025-08-19T08:19:19.0591913Z ac4b721eb66f: Waiting
2025-08-19T08:19:19.0592158Z 606bd164980e: Waiting
2025-08-19T08:19:19.0592400Z d903e777080c: Waiting
2025-08-19T08:19:19.0592641Z f5dfd246bc6e: Waiting
2025-08-19T08:19:19.0592866Z 04adcb462801: Waiting
2025-08-19T08:19:19.0593086Z 5c10925b29ff: Waiting
2025-08-19T08:19:19.0593298Z ba7036bb0a60: Waiting
2025-08-19T08:19:19.2623954Z fca2566eba32: Verifying Checksum
2025-08-19T08:19:19.2624481Z fca2566eba32: Download complete
2025-08-19T08:19:19.3695392Z 631fe8c6d606: Verifying Checksum
2025-08-19T08:19:19.3698938Z 631fe8c6d606: Download complete
2025-08-19T08:19:19.4605989Z 396b1da7636e: Verifying Checksum
2025-08-19T08:19:19.4606519Z 396b1da7636e: Download complete
2025-08-19T08:19:19.5171502Z 77c7671c4414: Verifying Checksum
2025-08-19T08:19:19.5171995Z 77c7671c4414: Download complete
2025-08-19T08:19:19.6936151Z ac4b721eb66f: Verifying Checksum
2025-08-19T08:19:19.6960341Z ac4b721eb66f: Download complete
2025-08-19T08:19:19.6960746Z 2d9e29180a27: Verifying Checksum
2025-08-19T08:19:19.6961165Z 2d9e29180a27: Download complete
2025-08-19T08:19:19.7063984Z c6bcc2c9a041: Verifying Checksum
2025-08-19T08:19:19.7064581Z c6bcc2c9a041: Download complete
2025-08-19T08:19:19.8835266Z ba7036bb0a60: Verifying Checksum
2025-08-19T08:19:19.8835711Z ba7036bb0a60: Download complete
2025-08-19T08:19:19.8896855Z 606bd164980e: Verifying Checksum
2025-08-19T08:19:19.8897918Z 606bd164980e: Download complete
2025-08-19T08:19:20.0653102Z 799f859abbbd: Verifying Checksum
2025-08-19T08:19:20.0661039Z 799f859abbbd: Download complete
2025-08-19T08:19:20.0790862Z d903e777080c: Verifying Checksum
2025-08-19T08:19:20.0794559Z d903e777080c: Download complete
2025-08-19T08:19:20.2505938Z 04adcb462801: Verifying Checksum
2025-08-19T08:19:20.2506476Z 04adcb462801: Download complete
2025-08-19T08:19:20.2730675Z 5c10925b29ff: Verifying Checksum
2025-08-19T08:19:20.2731289Z 5c10925b29ff: Download complete
2025-08-19T08:19:20.4782575Z 396b1da7636e: Pull complete
2025-08-19T08:19:21.0967323Z f5dfd246bc6e: Verifying Checksum
2025-08-19T08:19:21.0967865Z f5dfd246bc6e: Download complete
2025-08-19T08:19:22.1254402Z fca2566eba32: Pull complete
2025-08-19T08:19:22.2995683Z 631fe8c6d606: Pull complete
2025-08-19T08:19:22.3457435Z 77c7671c4414: Pull complete
2025-08-19T08:19:22.6621340Z 2d9e29180a27: Pull complete
2025-08-19T08:19:22.7701437Z c6bcc2c9a041: Pull complete
2025-08-19T08:19:22.7838561Z ac4b721eb66f: Pull complete
2025-08-19T08:19:22.7948201Z 606bd164980e: Pull complete
2025-08-19T08:19:25.9375669Z f5dfd246bc6e: Pull complete
2025-08-19T08:19:25.9624175Z ba7036bb0a60: Pull complete
2025-08-19T08:19:25.9746814Z 799f859abbbd: Pull complete
2025-08-19T08:19:25.9848048Z d903e777080c: Pull complete
2025-08-19T08:19:25.9961108Z 04adcb462801: Pull complete
2025-08-19T08:19:26.0058930Z 5c10925b29ff: Pull complete
2025-08-19T08:19:26.0098614Z Digest: sha256:bc51cf4f1fe02cce7ed2370b20128a9b00b4eb804573a77d2a0d877aaa9c82b1
2025-08-19T08:19:26.0110833Z Status: Downloaded newer image for postgres:15
2025-08-19T08:19:26.0176154Z docker.io/library/postgres:15
2025-08-19T08:19:26.0237892Z ##[command]/usr/bin/docker create --name 1e79d8dfdbb743768913f3e1bf218464_postgres15_3c9846 --label 10cdb9 --network github_network_bd44d245197841f6be8f3abd4165402b --network-alias postgres -p 5432:5432 --health-cmd="pg_isready -U postgres -d awa" --health-interval=5s --health-timeout=5s --health-retries=10 -e "POSTGRES_USER=postgres" -e "POSTGRES_PASSWORD=pass" -e "POSTGRES_DB=awa" -e GITHUB_ACTIONS=true -e CI=true postgres:15
2025-08-19T08:19:26.0536816Z 27e619636c63b4b17b7469f50c738d43667a8d30c0cee0f624ec7da8cfd9bd31
2025-08-19T08:19:26.0561966Z ##[command]/usr/bin/docker start 27e619636c63b4b17b7469f50c738d43667a8d30c0cee0f624ec7da8cfd9bd31
2025-08-19T08:19:26.9344861Z 27e619636c63b4b17b7469f50c738d43667a8d30c0cee0f624ec7da8cfd9bd31
2025-08-19T08:19:26.9371681Z ##[command]/usr/bin/docker ps --all --filter id=27e619636c63b4b17b7469f50c738d43667a8d30c0cee0f624ec7da8cfd9bd31 --filter status=running --no-trunc --format "{{.ID}} {{.Status}}"
2025-08-19T08:19:26.9529711Z 27e619636c63b4b17b7469f50c738d43667a8d30c0cee0f624ec7da8cfd9bd31 Up Less than a second (health: starting)
2025-08-19T08:19:26.9549260Z ##[command]/usr/bin/docker port 27e619636c63b4b17b7469f50c738d43667a8d30c0cee0f624ec7da8cfd9bd31
2025-08-19T08:19:26.9673090Z 5432/tcp -> 0.0.0.0:5432
2025-08-19T08:19:26.9673948Z 5432/tcp -> [::]:5432
2025-08-19T08:19:26.9720775Z ##[endgroup]
2025-08-19T08:19:26.9721629Z ##[group]Starting redis service container
2025-08-19T08:19:26.9722517Z ##[command]/usr/bin/docker pull redis:7-alpine
2025-08-19T08:19:27.4871254Z 7-alpine: Pulling from library/redis
2025-08-19T08:19:27.6309657Z 0368fd46e3c6: Pulling fs layer
2025-08-19T08:19:27.6310556Z 4c55286bbede: Pulling fs layer
2025-08-19T08:19:27.6311266Z 5e28347af205: Pulling fs layer
2025-08-19T08:19:27.6311751Z 311eca34042e: Pulling fs layer
2025-08-19T08:19:27.6312200Z e6fe6f07e192: Pulling fs layer
2025-08-19T08:19:27.6312789Z a2cadbfeca72: Pulling fs layer
2025-08-19T08:19:27.6313500Z 4f4fb700ef54: Pulling fs layer
2025-08-19T08:19:27.6314580Z a976ed7e7808: Pulling fs layer
2025-08-19T08:19:27.6315171Z e6fe6f07e192: Waiting
2025-08-19T08:19:27.6315863Z a2cadbfeca72: Waiting
2025-08-19T08:19:27.6316558Z 4f4fb700ef54: Waiting
2025-08-19T08:19:27.6316925Z a976ed7e7808: Waiting
2025-08-19T08:19:27.6317262Z 311eca34042e: Waiting
2025-08-19T08:19:27.8250267Z 4c55286bbede: Verifying Checksum
2025-08-19T08:19:27.8250733Z 4c55286bbede: Download complete
2025-08-19T08:19:27.8422642Z 5e28347af205: Verifying Checksum
2025-08-19T08:19:27.8423480Z 5e28347af205: Download complete
2025-08-19T08:19:27.8984231Z 0368fd46e3c6: Verifying Checksum
2025-08-19T08:19:27.8984989Z 0368fd46e3c6: Download complete
2025-08-19T08:19:28.0000449Z 0368fd46e3c6: Pull complete
2025-08-19T08:19:28.0397297Z 4c55286bbede: Pull complete
2025-08-19T08:19:28.0675351Z 311eca34042e: Verifying Checksum
2025-08-19T08:19:28.0676933Z 311eca34042e: Download complete
2025-08-19T08:19:28.1140694Z a2cadbfeca72: Download complete
2025-08-19T08:19:28.1266273Z e6fe6f07e192: Verifying Checksum
2025-08-19T08:19:28.1267073Z e6fe6f07e192: Download complete
2025-08-19T08:19:28.1908454Z 5e28347af205: Pull complete
2025-08-19T08:19:28.2158154Z 311eca34042e: Pull complete
2025-08-19T08:19:28.2559897Z 4f4fb700ef54: Verifying Checksum
2025-08-19T08:19:28.2560334Z 4f4fb700ef54: Download complete
2025-08-19T08:19:28.3269713Z a976ed7e7808: Download complete
2025-08-19T08:19:28.3951135Z e6fe6f07e192: Pull complete
2025-08-19T08:19:28.4029279Z a2cadbfeca72: Pull complete
2025-08-19T08:19:28.4102911Z 4f4fb700ef54: Pull complete
2025-08-19T08:19:28.4218724Z a976ed7e7808: Pull complete
2025-08-19T08:19:28.4259383Z Digest: sha256:bb186d083732f669da90be8b0f975a37812b15e913465bb14d845db72a4e3e08
2025-08-19T08:19:28.4270726Z Status: Downloaded newer image for redis:7-alpine
2025-08-19T08:19:28.4278904Z docker.io/library/redis:7-alpine
2025-08-19T08:19:28.4295666Z ##[command]/usr/bin/docker create --name 8a9cab9b4fad46b9866cf5daa97467be_redis7alpine_44122b --label 10cdb9 --network github_network_bd44d245197841f6be8f3abd4165402b --network-alias redis -p 6379:6379  -e GITHUB_ACTIONS=true -e CI=true redis:7-alpine
2025-08-19T08:19:28.4516019Z 905c9f660f632ea24987cac72ba76b30e866ed0e4bad3025db5b69d0f5723f22
2025-08-19T08:19:28.4529949Z ##[command]/usr/bin/docker start 905c9f660f632ea24987cac72ba76b30e866ed0e4bad3025db5b69d0f5723f22
2025-08-19T08:19:28.5840859Z 905c9f660f632ea24987cac72ba76b30e866ed0e4bad3025db5b69d0f5723f22
2025-08-19T08:19:28.5858298Z ##[command]/usr/bin/docker ps --all --filter id=905c9f660f632ea24987cac72ba76b30e866ed0e4bad3025db5b69d0f5723f22 --filter status=running --no-trunc --format "{{.ID}} {{.Status}}"
2025-08-19T08:19:28.5996786Z 905c9f660f632ea24987cac72ba76b30e866ed0e4bad3025db5b69d0f5723f22 Up Less than a second
2025-08-19T08:19:28.6010797Z ##[command]/usr/bin/docker port 905c9f660f632ea24987cac72ba76b30e866ed0e4bad3025db5b69d0f5723f22
2025-08-19T08:19:28.6121719Z 6379/tcp -> 0.0.0.0:6379
2025-08-19T08:19:28.6122094Z 6379/tcp -> [::]:6379
2025-08-19T08:19:28.6135158Z ##[endgroup]
2025-08-19T08:19:28.6145746Z ##[group]Waiting for all services to be ready
2025-08-19T08:19:28.6159023Z ##[command]/usr/bin/docker inspect --format="{{if .Config.Healthcheck}}{{print .State.Health.Status}}{{end}}" 27e619636c63b4b17b7469f50c738d43667a8d30c0cee0f624ec7da8cfd9bd31
2025-08-19T08:19:28.6269390Z starting
2025-08-19T08:19:28.6290193Z postgres service is starting, waiting 2 seconds before checking again.
2025-08-19T08:19:30.6300431Z ##[command]/usr/bin/docker inspect --format="{{if .Config.Healthcheck}}{{print .State.Health.Status}}{{end}}" 27e619636c63b4b17b7469f50c738d43667a8d30c0cee0f624ec7da8cfd9bd31
2025-08-19T08:19:30.6415717Z starting
2025-08-19T08:19:30.6430040Z postgres service is starting, waiting 3 seconds before checking again.
2025-08-19T08:19:34.4351683Z ##[command]/usr/bin/docker inspect --format="{{if .Config.Healthcheck}}{{print .State.Health.Status}}{{end}}" 27e619636c63b4b17b7469f50c738d43667a8d30c0cee0f624ec7da8cfd9bd31
2025-08-19T08:19:34.4476370Z healthy
2025-08-19T08:19:34.4492199Z postgres service is healthy.
2025-08-19T08:19:34.4492960Z ##[command]/usr/bin/docker inspect --format="{{if .Config.Healthcheck}}{{print .State.Health.Status}}{{end}}" 905c9f660f632ea24987cac72ba76b30e866ed0e4bad3025db5b69d0f5723f22
2025-08-19T08:19:34.4615325Z redis service is healthy.
2025-08-19T08:19:34.4615921Z ##[endgroup]
2025-08-19T08:19:34.4920151Z ##[group]Run actions/checkout@v4
2025-08-19T08:19:34.4920668Z with:
2025-08-19T08:19:34.4920857Z   repository: AlexBomber12/AWA-App
2025-08-19T08:19:34.4921221Z   token: ***
2025-08-19T08:19:34.4921391Z   ssh-strict: true
2025-08-19T08:19:34.4921568Z   ssh-user: git
2025-08-19T08:19:34.4921747Z   persist-credentials: true
2025-08-19T08:19:34.4921961Z   clean: true
2025-08-19T08:19:34.4922151Z   sparse-checkout-cone-mode: true
2025-08-19T08:19:34.4922369Z   fetch-depth: 1
2025-08-19T08:19:34.4922544Z   fetch-tags: false
2025-08-19T08:19:34.4922713Z   show-progress: true
2025-08-19T08:19:34.4922891Z   lfs: false
2025-08-19T08:19:34.4923045Z   submodules: false
2025-08-19T08:19:34.4923222Z   set-safe-directory: true
2025-08-19T08:19:34.4923589Z env:
2025-08-19T08:19:34.4923793Z   REDIS_URL: redis://localhost:6379/0
2025-08-19T08:19:34.4924059Z   RATE_LIMIT_DEFAULT: 100/minute
2025-08-19T08:19:34.4924274Z   TRUST_X_FORWARDED: 1
2025-08-19T08:19:34.4924460Z ##[endgroup]
2025-08-19T08:19:34.6015867Z Syncing repository: AlexBomber12/AWA-App
2025-08-19T08:19:34.6017988Z ##[group]Getting Git version info
2025-08-19T08:19:34.6018604Z Working directory is '/home/runner/work/AWA-App/AWA-App'
2025-08-19T08:19:34.6019504Z [command]/usr/bin/git version
2025-08-19T08:19:34.6097103Z git version 2.50.1
2025-08-19T08:19:34.6123639Z ##[endgroup]
2025-08-19T08:19:34.6138772Z Temporarily overriding HOME='/home/runner/work/_temp/a2a7ae9d-7cec-49a7-a7dc-518fcd6ce833' before making global git config changes
2025-08-19T08:19:34.6140112Z Adding repository directory to the temporary git global config as a safe directory
2025-08-19T08:19:34.6151962Z [command]/usr/bin/git config --global --add safe.directory /home/runner/work/AWA-App/AWA-App
2025-08-19T08:19:34.6188471Z Deleting the contents of '/home/runner/work/AWA-App/AWA-App'
2025-08-19T08:19:34.6192186Z ##[group]Initializing the repository
2025-08-19T08:19:34.6196358Z [command]/usr/bin/git init /home/runner/work/AWA-App/AWA-App
2025-08-19T08:19:34.6302889Z hint: Using 'master' as the name for the initial branch. This default branch name
2025-08-19T08:19:34.6303616Z hint: is subject to change. To configure the initial branch name to use in all
2025-08-19T08:19:34.6304100Z hint: of your new repositories, which will suppress this warning, call:
2025-08-19T08:19:34.6304419Z hint:
2025-08-19T08:19:34.6304650Z hint: 	git config --global init.defaultBranch <name>
2025-08-19T08:19:34.6304926Z hint:
2025-08-19T08:19:34.6305178Z hint: Names commonly chosen instead of 'master' are 'main', 'trunk' and
2025-08-19T08:19:34.6305910Z hint: 'development'. The just-created branch can be renamed via this command:
2025-08-19T08:19:34.6306528Z hint:
2025-08-19T08:19:34.6306825Z hint: 	git branch -m <name>
2025-08-19T08:19:34.6307174Z hint:
2025-08-19T08:19:34.6307870Z hint: Disable this message with "git config set advice.defaultBranchName false"
2025-08-19T08:19:34.6309158Z Initialized empty Git repository in /home/runner/work/AWA-App/AWA-App/.git/
2025-08-19T08:19:34.6320550Z [command]/usr/bin/git remote add origin https://github.com/AlexBomber12/AWA-App
2025-08-19T08:19:34.6354915Z ##[endgroup]
2025-08-19T08:19:34.6355517Z ##[group]Disabling automatic garbage collection
2025-08-19T08:19:34.6359956Z [command]/usr/bin/git config --local gc.auto 0
2025-08-19T08:19:34.6387550Z ##[endgroup]
2025-08-19T08:19:34.6388475Z ##[group]Setting up auth
2025-08-19T08:19:34.6395069Z [command]/usr/bin/git config --local --name-only --get-regexp core\.sshCommand
2025-08-19T08:19:34.6424081Z [command]/usr/bin/git submodule foreach --recursive sh -c "git config --local --name-only --get-regexp 'core\.sshCommand' && git config --local --unset-all 'core.sshCommand' || :"
2025-08-19T08:19:34.6781036Z [command]/usr/bin/git config --local --name-only --get-regexp http\.https\:\/\/github\.com\/\.extraheader
2025-08-19T08:19:34.6811272Z [command]/usr/bin/git submodule foreach --recursive sh -c "git config --local --name-only --get-regexp 'http\.https\:\/\/github\.com\/\.extraheader' && git config --local --unset-all 'http.https://github.com/.extraheader' || :"
2025-08-19T08:19:34.7026170Z [command]/usr/bin/git config --local http.https://github.com/.extraheader AUTHORIZATION: basic ***
2025-08-19T08:19:34.7068382Z ##[endgroup]
2025-08-19T08:19:34.7068954Z ##[group]Fetching the repository
2025-08-19T08:19:34.7076039Z [command]/usr/bin/git -c protocol.version=2 fetch --no-tags --prune --no-recurse-submodules --depth=1 origin +9c21d9fa1fc6b0d9bcb014f12d5e99ae3bc64abd:refs/remotes/origin/main
2025-08-19T08:19:35.1238525Z From https://github.com/AlexBomber12/AWA-App
2025-08-19T08:19:35.1239129Z  * [new ref]         9c21d9fa1fc6b0d9bcb014f12d5e99ae3bc64abd -> origin/main
2025-08-19T08:19:35.1265358Z ##[endgroup]
2025-08-19T08:19:35.1265894Z ##[group]Determining the checkout info
2025-08-19T08:19:35.1267503Z ##[endgroup]
2025-08-19T08:19:35.1272859Z [command]/usr/bin/git sparse-checkout disable
2025-08-19T08:19:35.1312607Z [command]/usr/bin/git config --local --unset-all extensions.worktreeConfig
2025-08-19T08:19:35.1339147Z ##[group]Checking out the ref
2025-08-19T08:19:35.1344241Z [command]/usr/bin/git checkout --progress --force -B main refs/remotes/origin/main
2025-08-19T08:19:35.1631677Z Switched to a new branch 'main'
2025-08-19T08:19:35.1634227Z branch 'main' set up to track 'origin/main'.
2025-08-19T08:19:35.1640393Z ##[endgroup]
2025-08-19T08:19:35.1675450Z [command]/usr/bin/git log -1 --format=%H
2025-08-19T08:19:35.1697349Z 9c21d9fa1fc6b0d9bcb014f12d5e99ae3bc64abd
2025-08-19T08:19:35.1854868Z ##[group]Run cat .env.ci >> "$GITHUB_ENV"
2025-08-19T08:19:35.1855210Z [36;1mcat .env.ci >> "$GITHUB_ENV"[0m
2025-08-19T08:19:35.1855876Z [36;1mecho "DATABASE_URL=***localhost:5432/awa" >> "$GITHUB_ENV"[0m
2025-08-19T08:19:35.1856221Z [36;1mecho "PG_HOST=localhost" >> "$GITHUB_ENV"[0m
2025-08-19T08:19:35.1856496Z [36;1mecho "PG_PORT=5432" >> "$GITHUB_ENV"[0m
2025-08-19T08:19:35.1856954Z [36;1mecho "PG_USER=postgres" >> "$GITHUB_ENV"[0m
2025-08-19T08:19:35.1857226Z [36;1mecho "PG_PASSWORD=pass" >> "$GITHUB_ENV"[0m
2025-08-19T08:19:35.1857495Z [36;1mecho "PG_DATABASE=awa" >> "$GITHUB_ENV"[0m
2025-08-19T08:19:35.1899930Z shell: /usr/bin/bash -e {0}
2025-08-19T08:19:35.1900158Z env:
2025-08-19T08:19:35.1900357Z   REDIS_URL: redis://localhost:6379/0
2025-08-19T08:19:35.1900620Z   RATE_LIMIT_DEFAULT: 100/minute
2025-08-19T08:19:35.1900841Z   TRUST_X_FORWARDED: 1
2025-08-19T08:19:35.1901025Z ##[endgroup]
2025-08-19T08:19:35.2059988Z ##[group]Run actions/setup-python@v5
2025-08-19T08:19:35.2060245Z with:
2025-08-19T08:19:35.2060418Z   python-version: 3.12
2025-08-19T08:19:35.2060597Z   cache: pip
2025-08-19T08:19:35.2060802Z   cache-dependency-path: requirements-dev.txt
2025-08-19T08:19:35.2061059Z   check-latest: false
2025-08-19T08:19:35.2061341Z   token: ***
2025-08-19T08:19:35.2061521Z   update-environment: true
2025-08-19T08:19:35.2061730Z   allow-prereleases: false
2025-08-19T08:19:35.2061938Z   freethreaded: false
2025-08-19T08:19:35.2062108Z env:
2025-08-19T08:19:35.2062293Z   REDIS_URL: redis://localhost:6379/0
2025-08-19T08:19:35.2062534Z   RATE_LIMIT_DEFAULT: 100/minute
2025-08-19T08:19:35.2062745Z   TRUST_X_FORWARDED: 1
2025-08-19T08:19:35.2062928Z   PG_USER: postgres
2025-08-19T08:19:35.2063101Z   PG_PASSWORD: pass
2025-08-19T08:19:35.2063276Z   PG_DATABASE: awa
2025-08-19T08:19:35.2063445Z   PG_HOST: localhost
2025-08-19T08:19:35.2063621Z   PG_PORT: 5432
2025-08-19T08:19:35.2064023Z   PG_SYNC_DSN: ***localhost:5432/awa
2025-08-19T08:19:35.2064401Z   PG_ASYNC_DSN: ***localhost:5432/awa
2025-08-19T08:19:35.2064766Z   DATABASE_URL: ***localhost:5432/awa
2025-08-19T08:19:35.2064991Z   DATA_DIR: /tmp/awa-data
2025-08-19T08:19:35.2065191Z   ENABLE_LIVE: 0
2025-08-19T08:19:35.2065355Z   TESTING: 1
2025-08-19T08:19:35.2065516Z ##[endgroup]
2025-08-19T08:19:35.3698152Z ##[group]Installed versions
2025-08-19T08:19:35.4274367Z Successfully set up CPython (3.12.11)
2025-08-19T08:19:35.4275184Z ##[endgroup]
2025-08-19T08:19:35.4773232Z [command]/opt/hostedtoolcache/Python/3.12.11/x64/bin/pip cache dir
2025-08-19T08:19:37.5432400Z /home/runner/.cache/pip
2025-08-19T08:19:37.7646793Z Cache hit for: setup-python-Linux-x64-24.04-Ubuntu-python-3.12.11-pip-537d03b31e6eb980d6b3367c418728742fee42e5b3ffde104ce478a002f2f269
2025-08-19T08:19:38.9486022Z Received 62914560 of 332576824 (18.9%), 60.0 MBs/sec
2025-08-19T08:19:39.9508832Z Received 234881024 of 332576824 (70.6%), 112.0 MBs/sec
2025-08-19T08:19:40.6766312Z Received 332576824 of 332576824 (100.0%), 116.3 MBs/sec
2025-08-19T08:19:40.6768787Z Cache Size: ~317 MB (332576824 B)
2025-08-19T08:19:40.6855404Z [command]/usr/bin/tar -xf /home/runner/work/_temp/f9771de8-85b6-4d2d-a477-007a02bcc7e7/cache.tzst -P -C /home/runner/work/AWA-App/AWA-App --use-compress-program unzstd
2025-08-19T08:19:41.1972723Z Cache restored successfully
2025-08-19T08:19:41.2603339Z Cache restored from key: setup-python-Linux-x64-24.04-Ubuntu-python-3.12.11-pip-c172802cd17d95f4a21a1dfb3b09a2f596596a7a71e9a723868dcbd7ca2b709e
2025-08-19T08:19:41.2737277Z ##[group]Run pip install -r requirements-dev.txt
2025-08-19T08:19:41.2737901Z [36;1mpip install -r requirements-dev.txt[0m
2025-08-19T08:19:41.2738229Z [36;1mpip install keepa==1.3.15 minio==7.1.15[0m
2025-08-19T08:19:41.2780471Z shell: /usr/bin/bash -e {0}
2025-08-19T08:19:41.2780693Z env:
2025-08-19T08:19:41.2780896Z   REDIS_URL: redis://localhost:6379/0
2025-08-19T08:19:41.2781156Z   RATE_LIMIT_DEFAULT: 100/minute
2025-08-19T08:19:41.2781369Z   TRUST_X_FORWARDED: 1
2025-08-19T08:19:41.2781561Z   PG_USER: postgres
2025-08-19T08:19:41.2781752Z   PG_PASSWORD: pass
2025-08-19T08:19:41.2781925Z   PG_DATABASE: awa
2025-08-19T08:19:41.2782106Z   PG_HOST: localhost
2025-08-19T08:19:41.2782293Z   PG_PORT: 5432
2025-08-19T08:19:41.2782734Z   PG_SYNC_DSN: ***localhost:5432/awa
2025-08-19T08:19:41.2783175Z   PG_ASYNC_DSN: ***localhost:5432/awa
2025-08-19T08:19:41.2783543Z   DATABASE_URL: ***localhost:5432/awa
2025-08-19T08:19:41.2783955Z   DATA_DIR: /tmp/awa-data
2025-08-19T08:19:41.2784178Z   ENABLE_LIVE: 0
2025-08-19T08:19:41.2784345Z   TESTING: 1
2025-08-19T08:19:41.2784579Z   pythonLocation: /opt/hostedtoolcache/Python/3.12.11/x64
2025-08-19T08:19:41.2784983Z   PKG_CONFIG_PATH: /opt/hostedtoolcache/Python/3.12.11/x64/lib/pkgconfig
2025-08-19T08:19:41.2785359Z   Python_ROOT_DIR: /opt/hostedtoolcache/Python/3.12.11/x64
2025-08-19T08:19:41.2785697Z   Python2_ROOT_DIR: /opt/hostedtoolcache/Python/3.12.11/x64
2025-08-19T08:19:41.2786040Z   Python3_ROOT_DIR: /opt/hostedtoolcache/Python/3.12.11/x64
2025-08-19T08:19:41.2786388Z   LD_LIBRARY_PATH: /opt/hostedtoolcache/Python/3.12.11/x64/lib
2025-08-19T08:19:41.2786667Z ##[endgroup]
2025-08-19T08:19:43.8926080Z Collecting Jinja2==3.1.6 (from -r requirements-dev.txt (line 2))
2025-08-19T08:19:43.9284253Z   Using cached jinja2-3.1.6-py3-none-any.whl.metadata (2.9 kB)
2025-08-19T08:19:43.9622023Z Collecting alembic==1.13.1 (from -r requirements-dev.txt (line 3))
2025-08-19T08:19:43.9633172Z   Using cached alembic-1.13.1-py3-none-any.whl.metadata (7.4 kB)
2025-08-19T08:19:43.9902529Z Collecting apscheduler==3.10.4 (from -r requirements-dev.txt (line 4))
2025-08-19T08:19:43.9913375Z   Using cached APScheduler-3.10.4-py3-none-any.whl.metadata (5.7 kB)
2025-08-19T08:19:44.0202212Z Collecting asgi-correlation-id==4.3.1 (from -r requirements-dev.txt (line 5))
2025-08-19T08:19:44.0219048Z   Using cached asgi_correlation_id-4.3.1-py3-none-any.whl.metadata (28 kB)
2025-08-19T08:19:44.0738576Z Collecting asyncpg==0.30.0 (from -r requirements-dev.txt (line 6))
2025-08-19T08:19:44.0750646Z   Using cached asyncpg-0.30.0-cp312-cp312-manylinux_2_17_x86_64.manylinux2014_x86_64.whl.metadata (5.0 kB)
2025-08-19T08:19:44.1286406Z Collecting black==25.1.0 (from -r requirements-dev.txt (line 7))
2025-08-19T08:19:44.1298941Z   Using cached black-25.1.0-cp312-cp312-manylinux_2_17_x86_64.manylinux2014_x86_64.manylinux_2_28_x86_64.whl.metadata (81 kB)
2025-08-19T08:19:44.4636008Z Collecting boto3 (from -r requirements-dev.txt (line 8))
2025-08-19T08:19:44.4649407Z   Using cached boto3-1.40.12-py3-none-any.whl.metadata (6.7 kB)
2025-08-19T08:19:44.5067875Z Collecting redis==5.* (from -r requirements-dev.txt (line 9))
2025-08-19T08:19:44.5079593Z   Using cached redis-5.3.1-py3-none-any.whl.metadata (9.2 kB)
2025-08-19T08:19:44.5501918Z Collecting minio==7.* (from -r requirements-dev.txt (line 10))
2025-08-19T08:19:44.5513435Z   Using cached minio-7.2.16-py3-none-any.whl.metadata (6.5 kB)
2025-08-19T08:19:44.5937180Z Collecting celery==5.5.3 (from -r requirements-dev.txt (line 11))
2025-08-19T08:19:44.6764647Z   Downloading celery-5.5.3-py3-none-any.whl.metadata (22 kB)
2025-08-19T08:19:44.7510171Z Collecting fastapi==0.116.1 (from -r requirements-dev.txt (line 12))
2025-08-19T08:19:44.7523311Z   Using cached fastapi-0.116.1-py3-none-any.whl.metadata (28 kB)
2025-08-19T08:19:44.7786318Z Collecting fastapi-limiter==0.1.6 (from -r requirements-dev.txt (line 14))
2025-08-19T08:19:44.7797960Z   Using cached fastapi_limiter-0.1.6-py3-none-any.whl.metadata (5.3 kB)
2025-08-19T08:19:44.8101129Z Collecting httpx<0.29,>=0.27 (from -r requirements-dev.txt (line 15))
2025-08-19T08:19:44.8112587Z   Using cached httpx-0.28.1-py3-none-any.whl.metadata (7.1 kB)
2025-08-19T08:19:44.8348956Z Collecting imapclient==3.0.1 (from -r requirements-dev.txt (line 16))
2025-08-19T08:19:44.8360590Z   Using cached IMAPClient-3.0.1-py2.py3-none-any.whl.metadata (1.7 kB)
2025-08-19T08:19:44.8569436Z Collecting itsdangerous (from -r requirements-dev.txt (line 17))
2025-08-19T08:19:44.8580892Z   Using cached itsdangerous-2.2.0-py3-none-any.whl.metadata (1.9 kB)
2025-08-19T08:19:44.9648234Z Collecting mypy==1.* (from -r requirements-dev.txt (line 18))
2025-08-19T08:19:44.9660406Z   Using cached mypy-1.17.1-cp312-cp312-manylinux2014_x86_64.manylinux_2_17_x86_64.manylinux_2_28_x86_64.whl.metadata (2.2 kB)
2025-08-19T08:19:44.9870077Z Collecting mypy-extensions==1.1.0 (from -r requirements-dev.txt (line 19))
2025-08-19T08:19:44.9881683Z   Using cached mypy_extensions-1.1.0-py3-none-any.whl.metadata (1.1 kB)
2025-08-19T08:19:45.1794506Z Collecting numpy<2 (from -r requirements-dev.txt (line 20))
2025-08-19T08:19:45.1808545Z   Using cached numpy-1.26.4-cp312-cp312-manylinux_2_17_x86_64.manylinux2014_x86_64.whl.metadata (61 kB)
2025-08-19T08:19:45.2174537Z Collecting openpyxl==3.1.5 (from -r requirements-dev.txt (line 21))
2025-08-19T08:19:45.2186214Z   Using cached openpyxl-3.1.5-py2.py3-none-any.whl.metadata (2.5 kB)
2025-08-19T08:19:45.3322409Z Collecting pandas==2.2.* (from -r requirements-dev.txt (line 22))
2025-08-19T08:19:45.3335923Z   Using cached pandas-2.2.3-cp312-cp312-manylinux_2_17_x86_64.manylinux2014_x86_64.whl.metadata (89 kB)
2025-08-19T08:19:45.4361637Z Collecting psycopg2-binary==2.9.9 (from -r requirements-dev.txt (line 23))
2025-08-19T08:19:45.4373705Z   Using cached psycopg2_binary-2.9.9-cp312-cp312-manylinux_2_17_x86_64.manylinux2014_x86_64.whl.metadata (4.4 kB)
2025-08-19T08:19:45.4634152Z Collecting psycopg==3.2.9 (from psycopg[binary]==3.2.9->-r requirements-dev.txt (line 24))
2025-08-19T08:19:45.4645566Z   Using cached psycopg-3.2.9-py3-none-any.whl.metadata (4.5 kB)
2025-08-19T08:19:45.5820951Z Collecting pydantic==2.11.7 (from -r requirements-dev.txt (line 25))
2025-08-19T08:19:45.5832938Z   Using cached pydantic-2.11.7-py3-none-any.whl.metadata (67 kB)
2025-08-19T08:19:45.7130179Z Collecting setuptools (from -r requirements-dev.txt (line 26))
2025-08-19T08:19:45.7142189Z   Using cached setuptools-80.9.0-py3-none-any.whl.metadata (6.6 kB)
2025-08-19T08:19:45.7505433Z Collecting pytest-asyncio==0.23.6 (from -r requirements-dev.txt (line 27))
2025-08-19T08:19:45.7516917Z   Using cached pytest_asyncio-0.23.6-py3-none-any.whl.metadata (3.9 kB)
2025-08-19T08:19:45.7762301Z Collecting pytest-cov==6.2.1 (from -r requirements-dev.txt (line 28))
2025-08-19T08:19:45.7773762Z   Using cached pytest_cov-6.2.1-py3-none-any.whl.metadata (30 kB)
2025-08-19T08:19:45.8049225Z Collecting pytest-postgresql==7.0.2 (from -r requirements-dev.txt (line 29))
2025-08-19T08:19:45.8060394Z   Using cached pytest_postgresql-7.0.2-py3-none-any.whl.metadata (18 kB)
2025-08-19T08:19:45.8347367Z Collecting python-dotenv (from -r requirements-dev.txt (line 30))
2025-08-19T08:19:45.8358991Z   Using cached python_dotenv-1.1.1-py3-none-any.whl.metadata (24 kB)
2025-08-19T08:19:45.8599581Z Collecting python-multipart (from -r requirements-dev.txt (line 31))
2025-08-19T08:19:45.8611105Z   Using cached python_multipart-0.0.20-py3-none-any.whl.metadata (1.8 kB)
2025-08-19T08:19:45.8996983Z Collecting python-telegram-bot==22.3 (from -r requirements-dev.txt (line 32))
2025-08-19T08:19:45.9147077Z   Downloading python_telegram_bot-22.3-py3-none-any.whl.metadata (17 kB)
2025-08-19T08:19:45.9592654Z Collecting requests==2.32.4 (from -r requirements-dev.txt (line 33))
2025-08-19T08:19:45.9603703Z   Using cached requests-2.32.4-py3-none-any.whl.metadata (4.9 kB)
2025-08-19T08:19:45.9867372Z Collecting respx==0.22.0 (from -r requirements-dev.txt (line 34))
2025-08-19T08:19:45.9878809Z   Using cached respx-0.22.0-py2.py3-none-any.whl.metadata (4.1 kB)
2025-08-19T08:19:46.3491285Z Collecting ruff==0.4.4 (from -r requirements-dev.txt (line 35))
2025-08-19T08:19:46.3504327Z   Using cached ruff-0.4.4-py3-none-manylinux_2_17_x86_64.manylinux2014_x86_64.whl.metadata (23 kB)
2025-08-19T08:19:46.6099383Z Collecting sqlalchemy==2.0.29 (from -r requirements-dev.txt (line 36))
2025-08-19T08:19:46.6113748Z   Using cached SQLAlchemy-2.0.29-cp312-cp312-manylinux_2_17_x86_64.manylinux2014_x86_64.whl.metadata (9.6 kB)
2025-08-19T08:19:46.6440830Z Collecting structlog==24.1.0 (from -r requirements-dev.txt (line 37))
2025-08-19T08:19:46.6452354Z   Using cached structlog-24.1.0-py3-none-any.whl.metadata (6.9 kB)
2025-08-19T08:19:46.6742355Z Collecting testcontainers==4.10.0 (from testcontainers[postgres]==4.10.0->-r requirements-dev.txt (line 38))
2025-08-19T08:19:46.6753861Z   Using cached testcontainers-4.10.0-py3-none-any.whl.metadata (7.8 kB)
2025-08-19T08:19:46.7226352Z Collecting types-requests==2.32.0.20240602 (from -r requirements-dev.txt (line 39))
2025-08-19T08:19:46.7238375Z   Using cached types_requests-2.32.0.20240602-py3-none-any.whl.metadata (1.8 kB)
2025-08-19T08:19:46.7476979Z Collecting docspec-python==2.2.2 (from -r requirements-dev.txt (line 40))
2025-08-19T08:19:46.7488719Z   Using cached docspec_python-2.2.2-py3-none-any.whl.metadata (1.0 kB)
2025-08-19T08:19:46.7751323Z Collecting pydoc-markdown==4.8.2 (from -r requirements-dev.txt (line 41))
2025-08-19T08:19:46.7762798Z   Using cached pydoc_markdown-4.8.2-py3-none-any.whl.metadata (5.9 kB)
2025-08-19T08:19:46.8148509Z Collecting pandera==0.19.* (from -r requirements-dev.txt (line 42))
2025-08-19T08:19:46.8159981Z   Using cached pandera-0.19.3-py3-none-any.whl.metadata (15 kB)
2025-08-19T08:19:46.9250746Z Collecting MarkupSafe>=2.0 (from Jinja2==3.1.6->-r requirements-dev.txt (line 2))
2025-08-19T08:19:46.9262884Z   Using cached MarkupSafe-3.0.2-cp312-cp312-manylinux_2_17_x86_64.manylinux2014_x86_64.whl.metadata (4.0 kB)
2025-08-19T08:19:46.9642021Z Collecting Mako (from alembic==1.13.1->-r requirements-dev.txt (line 3))
2025-08-19T08:19:46.9653555Z   Using cached mako-1.3.10-py3-none-any.whl.metadata (2.9 kB)
2025-08-19T08:19:46.9929818Z Collecting typing-extensions>=4 (from alembic==1.13.1->-r requirements-dev.txt (line 3))
2025-08-19T08:19:46.9940870Z   Using cached typing_extensions-4.14.1-py3-none-any.whl.metadata (3.0 kB)
2025-08-19T08:19:47.0187341Z Collecting six>=1.4.0 (from apscheduler==3.10.4->-r requirements-dev.txt (line 4))
2025-08-19T08:19:47.0198566Z   Using cached six-1.17.0-py2.py3-none-any.whl.metadata (1.7 kB)
2025-08-19T08:19:47.0640359Z Collecting pytz (from apscheduler==3.10.4->-r requirements-dev.txt (line 4))
2025-08-19T08:19:47.0652221Z   Using cached pytz-2025.2-py2.py3-none-any.whl.metadata (22 kB)
2025-08-19T08:19:47.0918401Z Collecting tzlocal!=3.*,>=2.0 (from apscheduler==3.10.4->-r requirements-dev.txt (line 4))
2025-08-19T08:19:47.0929224Z   Using cached tzlocal-5.3.1-py3-none-any.whl.metadata (7.6 kB)
2025-08-19T08:19:47.1337923Z Collecting starlette>=0.18 (from asgi-correlation-id==4.3.1->-r requirements-dev.txt (line 5))
2025-08-19T08:19:47.1349212Z   Using cached starlette-0.47.2-py3-none-any.whl.metadata (6.2 kB)
2025-08-19T08:19:47.1680569Z Collecting click>=8.0.0 (from black==25.1.0->-r requirements-dev.txt (line 7))
2025-08-19T08:19:47.1692860Z   Using cached click-8.2.1-py3-none-any.whl.metadata (2.5 kB)
2025-08-19T08:19:47.1956391Z Collecting packaging>=22.0 (from black==25.1.0->-r requirements-dev.txt (line 7))
2025-08-19T08:19:47.1968141Z   Using cached packaging-25.0-py3-none-any.whl.metadata (3.3 kB)
2025-08-19T08:19:47.2187946Z Collecting pathspec>=0.9.0 (from black==25.1.0->-r requirements-dev.txt (line 7))
2025-08-19T08:19:47.2199631Z   Using cached pathspec-0.12.1-py3-none-any.whl.metadata (21 kB)
2025-08-19T08:19:47.2489360Z Collecting platformdirs>=2 (from black==25.1.0->-r requirements-dev.txt (line 7))
2025-08-19T08:19:47.2500859Z   Using cached platformdirs-4.3.8-py3-none-any.whl.metadata (12 kB)
2025-08-19T08:19:47.2801792Z Collecting billiard<5.0,>=4.2.1 (from celery==5.5.3->-r requirements-dev.txt (line 11))
2025-08-19T08:19:47.2813292Z   Using cached billiard-4.2.1-py3-none-any.whl.metadata (4.4 kB)
2025-08-19T08:19:47.3190193Z Collecting kombu<5.6,>=5.5.2 (from celery==5.5.3->-r requirements-dev.txt (line 11))
2025-08-19T08:19:47.3202677Z   Using cached kombu-5.5.4-py3-none-any.whl.metadata (3.5 kB)
2025-08-19T08:19:47.3461623Z Collecting vine<6.0,>=5.1.0 (from celery==5.5.3->-r requirements-dev.txt (line 11))
2025-08-19T08:19:47.3473300Z   Using cached vine-5.1.0-py3-none-any.whl.metadata (2.7 kB)
2025-08-19T08:19:47.3715300Z Collecting click-didyoumean>=0.3.0 (from celery==5.5.3->-r requirements-dev.txt (line 11))
2025-08-19T08:19:47.3727382Z   Using cached click_didyoumean-0.3.1-py3-none-any.whl.metadata (3.9 kB)
2025-08-19T08:19:47.3929336Z Collecting click-repl>=0.2.0 (from celery==5.5.3->-r requirements-dev.txt (line 11))
2025-08-19T08:19:47.3940661Z   Using cached click_repl-0.3.0-py3-none-any.whl.metadata (3.6 kB)
2025-08-19T08:19:47.4154211Z Collecting click-plugins>=1.1.1 (from celery==5.5.3->-r requirements-dev.txt (line 11))
2025-08-19T08:19:47.4165770Z   Using cached click_plugins-1.1.1.2-py2.py3-none-any.whl.metadata (6.5 kB)
2025-08-19T08:19:47.4402616Z Collecting python-dateutil>=2.8.2 (from celery==5.5.3->-r requirements-dev.txt (line 11))
2025-08-19T08:19:47.4414709Z   Using cached python_dateutil-2.9.0.post0-py2.py3-none-any.whl.metadata (8.4 kB)
2025-08-19T08:19:47.5058970Z Collecting annotated-types>=0.6.0 (from pydantic==2.11.7->-r requirements-dev.txt (line 25))
2025-08-19T08:19:47.5070145Z   Using cached annotated_types-0.7.0-py3-none-any.whl.metadata (15 kB)
2025-08-19T08:19:48.1666350Z Collecting pydantic-core==2.33.2 (from pydantic==2.11.7->-r requirements-dev.txt (line 25))
2025-08-19T08:19:48.1679921Z   Using cached pydantic_core-2.33.2-cp312-cp312-manylinux_2_17_x86_64.manylinux2014_x86_64.whl.metadata (6.8 kB)
2025-08-19T08:19:48.1918689Z Collecting typing-inspection>=0.4.0 (from pydantic==2.11.7->-r requirements-dev.txt (line 25))
2025-08-19T08:19:48.1930300Z   Using cached typing_inspection-0.4.1-py3-none-any.whl.metadata (2.6 kB)
2025-08-19T08:19:48.2306350Z Collecting et-xmlfile (from openpyxl==3.1.5->-r requirements-dev.txt (line 21))
2025-08-19T08:19:48.2317402Z   Using cached et_xmlfile-2.0.0-py3-none-any.whl.metadata (2.7 kB)
2025-08-19T08:19:48.2868377Z Collecting pytest<9,>=7.0.0 (from pytest-asyncio==0.23.6->-r requirements-dev.txt (line 27))
2025-08-19T08:19:48.2879540Z   Using cached pytest-8.4.1-py3-none-any.whl.metadata (7.7 kB)
2025-08-19T08:19:48.6038321Z Collecting coverage>=7.5 (from coverage[toml]>=7.5->pytest-cov==6.2.1->-r requirements-dev.txt (line 28))
2025-08-19T08:19:48.6051254Z   Using cached coverage-7.10.4-cp312-cp312-manylinux1_x86_64.manylinux_2_28_x86_64.manylinux_2_5_x86_64.whl.metadata (8.9 kB)
2025-08-19T08:19:48.6285775Z Collecting pluggy>=1.2 (from pytest-cov==6.2.1->-r requirements-dev.txt (line 28))
2025-08-19T08:19:48.6297364Z   Using cached pluggy-1.6.0-py3-none-any.whl.metadata (4.8 kB)
2025-08-19T08:19:48.6662838Z Collecting port-for>=0.7.3 (from pytest-postgresql==7.0.2->-r requirements-dev.txt (line 29))
2025-08-19T08:19:48.6674019Z   Using cached port_for-0.7.4-py3-none-any.whl.metadata (7.1 kB)
2025-08-19T08:19:48.6936498Z Collecting mirakuru>=2.6.0 (from pytest-postgresql==7.0.2->-r requirements-dev.txt (line 29))
2025-08-19T08:19:48.6949219Z   Using cached mirakuru-2.6.1-py3-none-any.whl.metadata (10 kB)
2025-08-19T08:19:48.7851713Z Collecting charset_normalizer<4,>=2 (from requests==2.32.4->-r requirements-dev.txt (line 33))
2025-08-19T08:19:48.7864173Z   Using cached charset_normalizer-3.4.3-cp312-cp312-manylinux2014_x86_64.manylinux_2_17_x86_64.manylinux_2_28_x86_64.whl.metadata (36 kB)
2025-08-19T08:19:48.8129401Z Collecting idna<4,>=2.5 (from requests==2.32.4->-r requirements-dev.txt (line 33))
2025-08-19T08:19:48.8140970Z   Using cached idna-3.10-py3-none-any.whl.metadata (10 kB)
2025-08-19T08:19:48.8519498Z Collecting urllib3<3,>=1.21.1 (from requests==2.32.4->-r requirements-dev.txt (line 33))
2025-08-19T08:19:48.8530374Z   Using cached urllib3-2.5.0-py3-none-any.whl.metadata (6.5 kB)
2025-08-19T08:19:48.8838262Z Collecting certifi>=2017.4.17 (from requests==2.32.4->-r requirements-dev.txt (line 33))
2025-08-19T08:19:48.8849600Z   Using cached certifi-2025.8.3-py3-none-any.whl.metadata (2.4 kB)
2025-08-19T08:19:49.0901795Z Collecting greenlet!=0.4.17 (from sqlalchemy==2.0.29->-r requirements-dev.txt (line 36))
2025-08-19T08:19:49.0914823Z   Using cached greenlet-3.2.4-cp312-cp312-manylinux_2_24_x86_64.manylinux_2_28_x86_64.whl.metadata (4.1 kB)
2025-08-19T08:19:49.1252035Z Collecting docker (from testcontainers==4.10.0->testcontainers[postgres]==4.10.0->-r requirements-dev.txt (line 38))
2025-08-19T08:19:49.1263145Z   Using cached docker-7.1.0-py3-none-any.whl.metadata (3.8 kB)
2025-08-19T08:19:49.2649150Z Collecting wrapt (from testcontainers==4.10.0->testcontainers[postgres]==4.10.0->-r requirements-dev.txt (line 38))
2025-08-19T08:19:49.2661346Z   Using cached wrapt-1.17.3-cp312-cp312-manylinux1_x86_64.manylinux_2_28_x86_64.manylinux_2_5_x86_64.whl.metadata (6.4 kB)
2025-08-19T08:19:49.3035866Z Collecting docspec==2.2.1 (from docspec-python==2.2.2->-r requirements-dev.txt (line 40))
2025-08-19T08:19:49.3046586Z   Using cached docspec-2.2.1-py3-none-any.whl.metadata (1.5 kB)
2025-08-19T08:19:49.3333883Z Collecting nr-util>=0.8.12 (from docspec-python==2.2.2->-r requirements-dev.txt (line 40))
2025-08-19T08:19:49.3334743Z   Using cached nr.util-0.8.12-py3-none-any.whl.metadata (813 bytes)
2025-08-19T08:19:49.3765711Z Collecting PyYAML<7.0,>=5.0 (from pydoc-markdown==4.8.2->-r requirements-dev.txt (line 41))
2025-08-19T08:19:49.3778215Z   Using cached PyYAML-6.0.2-cp312-cp312-manylinux_2_17_x86_64.manylinux2014_x86_64.whl.metadata (2.1 kB)
2025-08-19T08:19:49.4165336Z Collecting databind.core<5.0.0,>=4.4.0 (from pydoc-markdown==4.8.2->-r requirements-dev.txt (line 41))
2025-08-19T08:19:49.4176943Z   Using cached databind.core-4.5.2-py3-none-any.whl.metadata (1.1 kB)
2025-08-19T08:19:49.4620305Z Collecting databind.json<5.0.0,>=4.4.0 (from pydoc-markdown==4.8.2->-r requirements-dev.txt (line 41))
2025-08-19T08:19:49.4636886Z   Using cached databind.json-4.5.2-py3-none-any.whl.metadata (1.1 kB)
2025-08-19T08:19:49.6291707Z Collecting docstring-parser<0.12,>=0.11 (from pydoc-markdown==4.8.2->-r requirements-dev.txt (line 41))
2025-08-19T08:19:49.6292817Z   Using cached docstring_parser-0.11-py3-none-any.whl
2025-08-19T08:19:49.6929364Z Collecting tomli<3.0.0,>=2.0.0 (from pydoc-markdown==4.8.2->-r requirements-dev.txt (line 41))
2025-08-19T08:19:49.6941067Z   Using cached tomli-2.2.1-cp312-cp312-manylinux_2_17_x86_64.manylinux2014_x86_64.whl.metadata (11 kB)
2025-08-19T08:19:49.7150648Z Collecting tomli_w<2.0.0,>=1.0.0 (from pydoc-markdown==4.8.2->-r requirements-dev.txt (line 41))
2025-08-19T08:19:49.7161580Z   Using cached tomli_w-1.2.0-py3-none-any.whl.metadata (5.7 kB)
2025-08-19T08:19:49.7706415Z Collecting watchdog (from pydoc-markdown==4.8.2->-r requirements-dev.txt (line 41))
2025-08-19T08:19:49.7718197Z   Using cached watchdog-6.0.0-py3-none-manylinux2014_x86_64.whl.metadata (44 kB)
2025-08-19T08:19:49.8033495Z Collecting yapf>=0.30.0 (from pydoc-markdown==4.8.2->-r requirements-dev.txt (line 41))
2025-08-19T08:19:49.8044640Z   Using cached yapf-0.43.0-py3-none-any.whl.metadata (46 kB)
2025-08-19T08:19:49.8345417Z Collecting Deprecated<2.0.0,>=1.2.12 (from docspec==2.2.1->docspec-python==2.2.2->-r requirements-dev.txt (line 40))
2025-08-19T08:19:49.8356868Z   Using cached Deprecated-1.2.18-py2.py3-none-any.whl.metadata (5.7 kB)
2025-08-19T08:19:49.9952756Z Collecting psycopg-binary==3.2.9 (from psycopg[binary]==3.2.9->-r requirements-dev.txt (line 24))
2025-08-19T08:19:49.9965518Z   Using cached psycopg_binary-3.2.9-cp312-cp312-manylinux_2_17_x86_64.manylinux2014_x86_64.whl.metadata (2.9 kB)
2025-08-19T08:19:50.0343130Z Collecting PyJWT>=2.9.0 (from redis==5.*->-r requirements-dev.txt (line 9))
2025-08-19T08:19:50.0354724Z   Using cached PyJWT-2.10.1-py3-none-any.whl.metadata (4.0 kB)
2025-08-19T08:19:50.0702034Z Collecting argon2-cffi (from minio==7.*->-r requirements-dev.txt (line 10))
2025-08-19T08:19:50.0712531Z   Using cached argon2_cffi-25.1.0-py3-none-any.whl.metadata (4.1 kB)
2025-08-19T08:19:50.1604917Z Collecting pycryptodome (from minio==7.*->-r requirements-dev.txt (line 10))
2025-08-19T08:19:50.1618097Z   Using cached pycryptodome-3.23.0-cp37-abi3-manylinux_2_17_x86_64.manylinux2014_x86_64.whl.metadata (3.4 kB)
2025-08-19T08:19:50.1925619Z Collecting anyio (from httpx<0.29,>=0.27->-r requirements-dev.txt (line 15))
2025-08-19T08:19:50.1936626Z   Using cached anyio-4.10.0-py3-none-any.whl.metadata (4.0 kB)
2025-08-19T08:19:50.2231745Z Collecting httpcore==1.* (from httpx<0.29,>=0.27->-r requirements-dev.txt (line 15))
2025-08-19T08:19:50.2243067Z   Using cached httpcore-1.0.9-py3-none-any.whl.metadata (21 kB)
2025-08-19T08:19:50.2673042Z Collecting tzdata>=2022.7 (from pandas==2.2.*->-r requirements-dev.txt (line 22))
2025-08-19T08:19:50.2684265Z   Using cached tzdata-2025.2-py2.py3-none-any.whl.metadata (1.4 kB)
2025-08-19T08:19:50.2959436Z Collecting multimethod<=1.10.0 (from pandera==0.19.*->-r requirements-dev.txt (line 42))
2025-08-19T08:19:50.2970578Z   Using cached multimethod-1.10-py3-none-any.whl.metadata (8.2 kB)
2025-08-19T08:19:50.3443272Z Collecting typeguard (from pandera==0.19.*->-r requirements-dev.txt (line 42))
2025-08-19T08:19:50.3454897Z   Using cached typeguard-4.4.4-py3-none-any.whl.metadata (3.3 kB)
2025-08-19T08:19:50.3687228Z Collecting typing-inspect>=0.6.0 (from pandera==0.19.*->-r requirements-dev.txt (line 42))
2025-08-19T08:19:50.3698267Z   Using cached typing_inspect-0.9.0-py3-none-any.whl.metadata (1.5 kB)
2025-08-19T08:19:50.4075567Z Collecting databind<5.0.0,>=4.5.2 (from databind.core<5.0.0,>=4.4.0->pydoc-markdown==4.8.2->-r requirements-dev.txt (line 41))
2025-08-19T08:19:50.4086495Z   Using cached databind-4.5.2-py3-none-any.whl.metadata (4.3 kB)
2025-08-19T08:19:50.4313391Z Collecting nr-date<3.0.0,>=2.0.0 (from databind<5.0.0,>=4.5.2->databind.core<5.0.0,>=4.4.0->pydoc-markdown==4.8.2->-r requirements-dev.txt (line 41))
2025-08-19T08:19:50.4323811Z   Using cached nr_date-2.1.0-py3-none-any.whl.metadata (746 bytes)
2025-08-19T08:19:50.4550844Z Collecting nr-stream<2.0.0,>=1.0.0 (from databind<5.0.0,>=4.5.2->databind.core<5.0.0,>=4.4.0->pydoc-markdown==4.8.2->-r requirements-dev.txt (line 41))
2025-08-19T08:19:50.4561165Z   Using cached nr_stream-1.1.5-py3-none-any.whl.metadata (3.6 kB)
2025-08-19T08:19:50.4830450Z Collecting typeapi<3,>=2.0.1 (from databind<5.0.0,>=4.5.2->databind.core<5.0.0,>=4.4.0->pydoc-markdown==4.8.2->-r requirements-dev.txt (line 41))
2025-08-19T08:19:50.4840850Z   Using cached typeapi-2.2.4-py3-none-any.whl.metadata (1.5 kB)
2025-08-19T08:19:50.5222866Z Collecting h11>=0.16 (from httpcore==1.*->httpx<0.29,>=0.27->-r requirements-dev.txt (line 15))
2025-08-19T08:19:50.5234081Z   Using cached h11-0.16.0-py3-none-any.whl.metadata (8.3 kB)
2025-08-19T08:19:50.5548881Z Collecting amqp<6.0.0,>=5.1.1 (from kombu<5.6,>=5.5.2->celery==5.5.3->-r requirements-dev.txt (line 11))
2025-08-19T08:19:50.5559976Z   Using cached amqp-5.3.1-py3-none-any.whl.metadata (8.9 kB)
2025-08-19T08:19:50.6055004Z Collecting iniconfig>=1 (from pytest<9,>=7.0.0->pytest-asyncio==0.23.6->-r requirements-dev.txt (line 27))
2025-08-19T08:19:50.6066935Z   Using cached iniconfig-2.1.0-py3-none-any.whl.metadata (2.7 kB)
2025-08-19T08:19:50.6382105Z Collecting pygments>=2.7.2 (from pytest<9,>=7.0.0->pytest-asyncio==0.23.6->-r requirements-dev.txt (line 27))
2025-08-19T08:19:50.6393121Z   Using cached pygments-2.19.2-py3-none-any.whl.metadata (2.5 kB)
2025-08-19T08:19:50.6849813Z Collecting sniffio>=1.1 (from anyio->httpx<0.29,>=0.27->-r requirements-dev.txt (line 15))
2025-08-19T08:19:50.6861238Z   Using cached sniffio-1.3.1-py3-none-any.whl.metadata (3.9 kB)
2025-08-19T08:19:51.1185517Z Collecting botocore<1.41.0,>=1.40.12 (from boto3->-r requirements-dev.txt (line 8))
2025-08-19T08:19:51.1199005Z   Using cached botocore-1.40.12-py3-none-any.whl.metadata (5.7 kB)
2025-08-19T08:19:51.1435113Z Collecting jmespath<2.0.0,>=0.7.1 (from boto3->-r requirements-dev.txt (line 8))
2025-08-19T08:19:51.1446475Z   Using cached jmespath-1.0.1-py3-none-any.whl.metadata (7.6 kB)
2025-08-19T08:19:51.1728410Z Collecting s3transfer<0.14.0,>=0.13.0 (from boto3->-r requirements-dev.txt (line 8))
2025-08-19T08:19:51.1740164Z   Using cached s3transfer-0.13.1-py3-none-any.whl.metadata (1.7 kB)
2025-08-19T08:19:51.3218267Z Collecting fastapi-cli>=0.0.8 (from fastapi-cli[standard]>=0.0.8; extra == "all"->fastapi[all]->-r requirements-dev.txt (line 13))
2025-08-19T08:19:51.3230067Z   Using cached fastapi_cli-0.0.8-py3-none-any.whl.metadata (6.3 kB)
2025-08-19T08:19:51.4044484Z Collecting ujson!=4.0.2,!=4.1.0,!=4.2.0,!=4.3.0,!=5.0.0,!=5.1.0,>=4.0.1 (from fastapi[all]->-r requirements-dev.txt (line 13))
2025-08-19T08:19:51.4057958Z   Using cached ujson-5.10.0-cp312-cp312-manylinux_2_17_x86_64.manylinux2014_x86_64.whl.metadata (9.3 kB)
2025-08-19T08:19:51.6458101Z Collecting orjson>=3.2.1 (from fastapi[all]->-r requirements-dev.txt (line 13))
2025-08-19T08:19:51.6471474Z   Using cached orjson-3.11.2-cp312-cp312-manylinux_2_17_x86_64.manylinux2014_x86_64.whl.metadata (1.2 kB)
2025-08-19T08:19:51.6705496Z Collecting email-validator>=2.0.0 (from fastapi[all]->-r requirements-dev.txt (line 13))
2025-08-19T08:19:51.6721350Z   Using cached email_validator-2.2.0-py3-none-any.whl.metadata (25 kB)
2025-08-19T08:19:51.7120630Z Collecting uvicorn>=0.12.0 (from uvicorn[standard]>=0.12.0; extra == "all"->fastapi[all]->-r requirements-dev.txt (line 13))
2025-08-19T08:19:51.7132735Z   Using cached uvicorn-0.35.0-py3-none-any.whl.metadata (6.5 kB)
2025-08-19T08:19:51.7438164Z Collecting pydantic-settings>=2.0.0 (from fastapi[all]->-r requirements-dev.txt (line 13))
2025-08-19T08:19:51.7449952Z   Using cached pydantic_settings-2.10.1-py3-none-any.whl.metadata (3.4 kB)
2025-08-19T08:19:51.7701605Z Collecting pydantic-extra-types>=2.0.0 (from fastapi[all]->-r requirements-dev.txt (line 13))
2025-08-19T08:19:51.7713066Z   Using cached pydantic_extra_types-2.10.5-py3-none-any.whl.metadata (3.9 kB)
2025-08-19T08:19:51.8494037Z Collecting prompt-toolkit>=3.0.36 (from click-repl>=0.2.0->celery==5.5.3->-r requirements-dev.txt (line 11))
2025-08-19T08:19:51.8505521Z   Using cached prompt_toolkit-3.0.51-py3-none-any.whl.metadata (6.4 kB)
2025-08-19T08:19:51.8800577Z Collecting dnspython>=2.0.0 (from email-validator>=2.0.0->fastapi[all]->-r requirements-dev.txt (line 13))
2025-08-19T08:19:51.8811992Z   Using cached dnspython-2.7.0-py3-none-any.whl.metadata (5.8 kB)
2025-08-19T08:19:51.9208695Z Collecting typer>=0.15.1 (from fastapi-cli>=0.0.8->fastapi-cli[standard]>=0.0.8; extra == "all"->fastapi[all]->-r requirements-dev.txt (line 13))
2025-08-19T08:19:51.9221016Z   Using cached typer-0.16.1-py3-none-any.whl.metadata (15 kB)
2025-08-19T08:19:51.9584122Z Collecting rich-toolkit>=0.14.8 (from fastapi-cli>=0.0.8->fastapi-cli[standard]>=0.0.8; extra == "all"->fastapi[all]->-r requirements-dev.txt (line 13))
2025-08-19T08:19:51.9595722Z   Using cached rich_toolkit-0.15.0-py3-none-any.whl.metadata (1.0 kB)
2025-08-19T08:19:51.9826240Z Collecting fastapi-cloud-cli>=0.1.1 (from fastapi-cli[standard]>=0.0.8; extra == "all"->fastapi[all]->-r requirements-dev.txt (line 13))
2025-08-19T08:19:51.9837985Z   Using cached fastapi_cloud_cli-0.1.5-py3-none-any.whl.metadata (3.2 kB)
2025-08-19T08:19:52.0660186Z Collecting rignore>=0.5.1 (from fastapi-cloud-cli>=0.1.1->fastapi-cli[standard]>=0.0.8; extra == "all"->fastapi[all]->-r requirements-dev.txt (line 13))
2025-08-19T08:19:52.0672085Z   Using cached rignore-0.6.4-cp312-cp312-manylinux_2_17_x86_64.manylinux2014_x86_64.whl.metadata (3.8 kB)
2025-08-19T08:19:52.1555813Z Collecting sentry-sdk>=2.20.0 (from fastapi-cloud-cli>=0.1.1->fastapi-cli[standard]>=0.0.8; extra == "all"->fastapi[all]->-r requirements-dev.txt (line 13))
2025-08-19T08:19:52.1567872Z   Using cached sentry_sdk-2.35.0-py2.py3-none-any.whl.metadata (10 kB)
2025-08-19T08:19:52.2793412Z Collecting psutil>=4.0.0 (from mirakuru>=2.6.0->pytest-postgresql==7.0.2->-r requirements-dev.txt (line 29))
2025-08-19T08:19:52.2807871Z   Using cached psutil-7.0.0-cp36-abi3-manylinux_2_12_x86_64.manylinux2010_x86_64.manylinux_2_17_x86_64.manylinux2014_x86_64.whl.metadata (22 kB)
2025-08-19T08:19:52.3248702Z Collecting wcwidth (from prompt-toolkit>=3.0.36->click-repl>=0.2.0->celery==5.5.3->-r requirements-dev.txt (line 11))
2025-08-19T08:19:52.3260292Z   Using cached wcwidth-0.2.13-py2.py3-none-any.whl.metadata (14 kB)
2025-08-19T08:19:52.4512097Z Collecting rich>=13.7.1 (from rich-toolkit>=0.14.8->fastapi-cli>=0.0.8->fastapi-cli[standard]>=0.0.8; extra == "all"->fastapi[all]->-r requirements-dev.txt (line 13))
2025-08-19T08:19:52.4523784Z   Using cached rich-14.1.0-py3-none-any.whl.metadata (18 kB)
2025-08-19T08:19:52.4821507Z Collecting markdown-it-py>=2.2.0 (from rich>=13.7.1->rich-toolkit>=0.14.8->fastapi-cli>=0.0.8->fastapi-cli[standard]>=0.0.8; extra == "all"->fastapi[all]->-r requirements-dev.txt (line 13))
2025-08-19T08:19:52.4833062Z   Using cached markdown_it_py-4.0.0-py3-none-any.whl.metadata (7.3 kB)
2025-08-19T08:19:52.5160105Z Collecting mdurl~=0.1 (from markdown-it-py>=2.2.0->rich>=13.7.1->rich-toolkit>=0.14.8->fastapi-cli>=0.0.8->fastapi-cli[standard]>=0.0.8; extra == "all"->fastapi[all]->-r requirements-dev.txt (line 13))
2025-08-19T08:19:52.5172065Z   Using cached mdurl-0.1.2-py3-none-any.whl.metadata (1.6 kB)
2025-08-19T08:19:52.5773069Z Collecting shellingham>=1.3.0 (from typer>=0.15.1->fastapi-cli>=0.0.8->fastapi-cli[standard]>=0.0.8; extra == "all"->fastapi[all]->-r requirements-dev.txt (line 13))
2025-08-19T08:19:52.5784574Z   Using cached shellingham-1.5.4-py2.py3-none-any.whl.metadata (3.5 kB)
2025-08-19T08:19:52.6741820Z Collecting httptools>=0.6.3 (from uvicorn[standard]>=0.12.0; extra == "all"->fastapi[all]->-r requirements-dev.txt (line 13))
2025-08-19T08:19:52.6754462Z   Using cached httptools-0.6.4-cp312-cp312-manylinux_2_5_x86_64.manylinux1_x86_64.manylinux_2_17_x86_64.manylinux2014_x86_64.whl.metadata (3.6 kB)
2025-08-19T08:19:52.7333575Z Collecting uvloop>=0.15.1 (from uvicorn[standard]>=0.12.0; extra == "all"->fastapi[all]->-r requirements-dev.txt (line 13))
2025-08-19T08:19:52.7345415Z   Using cached uvloop-0.21.0-cp312-cp312-manylinux_2_17_x86_64.manylinux2014_x86_64.whl.metadata (4.9 kB)
2025-08-19T08:19:52.8142768Z Collecting watchfiles>=0.13 (from uvicorn[standard]>=0.12.0; extra == "all"->fastapi[all]->-r requirements-dev.txt (line 13))
2025-08-19T08:19:52.8154986Z   Using cached watchfiles-1.1.0-cp312-cp312-manylinux_2_17_x86_64.manylinux2014_x86_64.whl.metadata (4.9 kB)
2025-08-19T08:19:53.0171337Z Collecting websockets>=10.4 (from uvicorn[standard]>=0.12.0; extra == "all"->fastapi[all]->-r requirements-dev.txt (line 13))
2025-08-19T08:19:53.0184757Z   Using cached websockets-15.0.1-cp312-cp312-manylinux_2_5_x86_64.manylinux1_x86_64.manylinux_2_17_x86_64.manylinux2014_x86_64.whl.metadata (6.8 kB)
2025-08-19T08:19:53.0761953Z Collecting argon2-cffi-bindings (from argon2-cffi->minio==7.*->-r requirements-dev.txt (line 10))
2025-08-19T08:19:53.0773922Z   Using cached argon2_cffi_bindings-25.1.0-cp39-abi3-manylinux_2_26_x86_64.manylinux_2_28_x86_64.whl.metadata (7.4 kB)
2025-08-19T08:19:53.1874255Z Collecting cffi>=1.0.1 (from argon2-cffi-bindings->argon2-cffi->minio==7.*->-r requirements-dev.txt (line 10))
2025-08-19T08:19:53.1886433Z   Using cached cffi-1.17.1-cp312-cp312-manylinux_2_17_x86_64.manylinux2014_x86_64.whl.metadata (1.5 kB)
2025-08-19T08:19:53.2120984Z Collecting pycparser (from cffi>=1.0.1->argon2-cffi-bindings->argon2-cffi->minio==7.*->-r requirements-dev.txt (line 10))
2025-08-19T08:19:53.2132252Z   Using cached pycparser-2.22-py3-none-any.whl.metadata (943 bytes)
2025-08-19T08:19:53.2690464Z Using cached jinja2-3.1.6-py3-none-any.whl (134 kB)
2025-08-19T08:19:53.2702729Z Using cached alembic-1.13.1-py3-none-any.whl (233 kB)
2025-08-19T08:19:53.2715380Z Using cached APScheduler-3.10.4-py3-none-any.whl (59 kB)
2025-08-19T08:19:53.2726756Z Using cached asgi_correlation_id-4.3.1-py3-none-any.whl (15 kB)
2025-08-19T08:19:53.2738411Z Using cached asyncpg-0.30.0-cp312-cp312-manylinux_2_17_x86_64.manylinux2014_x86_64.whl (3.6 MB)
2025-08-19T08:19:53.2775814Z Using cached black-25.1.0-cp312-cp312-manylinux_2_17_x86_64.manylinux2014_x86_64.manylinux_2_28_x86_64.whl (1.8 MB)
2025-08-19T08:19:53.2940611Z Downloading celery-5.5.3-py3-none-any.whl (438 kB)
2025-08-19T08:19:53.3401027Z Using cached fastapi-0.116.1-py3-none-any.whl (95 kB)
2025-08-19T08:19:53.3412661Z Using cached pydantic-2.11.7-py3-none-any.whl (444 kB)
2025-08-19T08:19:53.3426672Z Using cached fastapi_limiter-0.1.6-py3-none-any.whl (15 kB)
2025-08-19T08:19:53.3438049Z Using cached IMAPClient-3.0.1-py2.py3-none-any.whl (182 kB)
2025-08-19T08:19:53.3450507Z Using cached mypy_extensions-1.1.0-py3-none-any.whl (5.0 kB)
2025-08-19T08:19:53.3461703Z Using cached openpyxl-3.1.5-py2.py3-none-any.whl (250 kB)
2025-08-19T08:19:53.3474892Z Using cached psycopg2_binary-2.9.9-cp312-cp312-manylinux_2_17_x86_64.manylinux2014_x86_64.whl (3.0 MB)
2025-08-19T08:19:53.3507067Z Using cached psycopg-3.2.9-py3-none-any.whl (202 kB)
2025-08-19T08:19:53.3519593Z Using cached pytest_asyncio-0.23.6-py3-none-any.whl (17 kB)
2025-08-19T08:19:53.3530716Z Using cached pytest_cov-6.2.1-py3-none-any.whl (24 kB)
2025-08-19T08:19:53.3542006Z Using cached pytest_postgresql-7.0.2-py3-none-any.whl (41 kB)
2025-08-19T08:19:53.3719010Z Downloading python_telegram_bot-22.3-py3-none-any.whl (717 kB)
2025-08-19T08:19:53.3914673Z    ━━━━━━━━━━━━━━━━━━━━━━━━━━━━━━━━━━━━━━━━ 717.1/717.1 kB 30.5 MB/s  0:00:00
2025-08-19T08:19:53.3926288Z Using cached requests-2.32.4-py3-none-any.whl (64 kB)
2025-08-19T08:19:53.3937972Z Using cached respx-0.22.0-py2.py3-none-any.whl (25 kB)
2025-08-19T08:19:53.3949489Z Using cached ruff-0.4.4-py3-none-manylinux_2_17_x86_64.manylinux2014_x86_64.whl (8.7 MB)
2025-08-19T08:19:53.4022471Z Using cached SQLAlchemy-2.0.29-cp312-cp312-manylinux_2_17_x86_64.manylinux2014_x86_64.whl (3.2 MB)
2025-08-19T08:19:53.4056629Z Using cached structlog-24.1.0-py3-none-any.whl (65 kB)
2025-08-19T08:19:53.4068816Z Using cached testcontainers-4.10.0-py3-none-any.whl (107 kB)
2025-08-19T08:19:53.4081138Z Using cached types_requests-2.32.0.20240602-py3-none-any.whl (15 kB)
2025-08-19T08:19:53.4092249Z Using cached docspec_python-2.2.2-py3-none-any.whl (15 kB)
2025-08-19T08:19:53.4103937Z Using cached pydoc_markdown-4.8.2-py3-none-any.whl (67 kB)
2025-08-19T08:19:53.4115372Z Using cached docspec-2.2.1-py3-none-any.whl (9.8 kB)
2025-08-19T08:19:53.4126996Z Using cached psycopg_binary-3.2.9-cp312-cp312-manylinux_2_17_x86_64.manylinux2014_x86_64.whl (4.4 MB)
2025-08-19T08:19:53.4169605Z Using cached pydantic_core-2.33.2-cp312-cp312-manylinux_2_17_x86_64.manylinux2014_x86_64.whl (2.0 MB)
2025-08-19T08:19:53.4194914Z Using cached redis-5.3.1-py3-none-any.whl (272 kB)
2025-08-19T08:19:53.4207849Z Using cached minio-7.2.16-py3-none-any.whl (95 kB)
2025-08-19T08:19:53.4219559Z Using cached httpx-0.28.1-py3-none-any.whl (73 kB)
2025-08-19T08:19:53.4231566Z Using cached mypy-1.17.1-cp312-cp312-manylinux2014_x86_64.manylinux_2_17_x86_64.manylinux_2_28_x86_64.whl (12.7 MB)
2025-08-19T08:19:53.4331628Z Using cached numpy-1.26.4-cp312-cp312-manylinux_2_17_x86_64.manylinux2014_x86_64.whl (18.0 MB)
2025-08-19T08:19:53.4468788Z Using cached pandas-2.2.3-cp312-cp312-manylinux_2_17_x86_64.manylinux2014_x86_64.whl (12.7 MB)
2025-08-19T08:19:53.4571651Z Using cached pandera-0.19.3-py3-none-any.whl (251 kB)
2025-08-19T08:19:53.4584315Z Using cached billiard-4.2.1-py3-none-any.whl (86 kB)
2025-08-19T08:19:53.4596876Z Using cached charset_normalizer-3.4.3-cp312-cp312-manylinux2014_x86_64.manylinux_2_17_x86_64.manylinux_2_28_x86_64.whl (151 kB)
2025-08-19T08:19:53.4608825Z Using cached click-8.2.1-py3-none-any.whl (102 kB)
2025-08-19T08:19:53.4620588Z Using cached databind.core-4.5.2-py3-none-any.whl (1.5 kB)
2025-08-19T08:19:53.4631573Z Using cached databind-4.5.2-py3-none-any.whl (49 kB)
2025-08-19T08:19:53.4642927Z Using cached databind.json-4.5.2-py3-none-any.whl (1.5 kB)
2025-08-19T08:19:53.4654312Z Using cached Deprecated-1.2.18-py2.py3-none-any.whl (10.0 kB)
2025-08-19T08:19:53.4665465Z Using cached httpcore-1.0.9-py3-none-any.whl (78 kB)
2025-08-19T08:19:53.4676843Z Using cached idna-3.10-py3-none-any.whl (70 kB)
2025-08-19T08:19:53.4688201Z Using cached kombu-5.5.4-py3-none-any.whl (210 kB)
2025-08-19T08:19:53.4700780Z Using cached vine-5.1.0-py3-none-any.whl (9.6 kB)
2025-08-19T08:19:53.4711719Z Using cached amqp-5.3.1-py3-none-any.whl (50 kB)
2025-08-19T08:19:53.4723109Z Using cached multimethod-1.10-py3-none-any.whl (9.9 kB)
2025-08-19T08:19:53.4733968Z Using cached nr_date-2.1.0-py3-none-any.whl (10 kB)
2025-08-19T08:19:53.4745065Z Using cached nr_stream-1.1.5-py3-none-any.whl (10 kB)
2025-08-19T08:19:53.4756017Z Using cached nr.util-0.8.12-py3-none-any.whl (90 kB)
2025-08-19T08:19:53.4767512Z Using cached pytest-8.4.1-py3-none-any.whl (365 kB)
2025-08-19T08:19:53.4781333Z Using cached pluggy-1.6.0-py3-none-any.whl (20 kB)
2025-08-19T08:19:53.4792773Z Using cached PyYAML-6.0.2-cp312-cp312-manylinux_2_17_x86_64.manylinux2014_x86_64.whl (767 kB)
2025-08-19T08:19:53.4809405Z Using cached starlette-0.47.2-py3-none-any.whl (72 kB)
2025-08-19T08:19:53.4820915Z Using cached anyio-4.10.0-py3-none-any.whl (107 kB)
2025-08-19T08:19:53.4833016Z Using cached tomli-2.2.1-cp312-cp312-manylinux_2_17_x86_64.manylinux2014_x86_64.whl (242 kB)
2025-08-19T08:19:53.4845442Z Using cached tomli_w-1.2.0-py3-none-any.whl (6.7 kB)
2025-08-19T08:19:53.4856511Z Using cached typeapi-2.2.4-py3-none-any.whl (26 kB)
2025-08-19T08:19:53.4867939Z Using cached typing_extensions-4.14.1-py3-none-any.whl (43 kB)
2025-08-19T08:19:53.4879233Z Using cached urllib3-2.5.0-py3-none-any.whl (129 kB)
2025-08-19T08:19:53.4891519Z Using cached wrapt-1.17.3-cp312-cp312-manylinux1_x86_64.manylinux_2_28_x86_64.manylinux_2_5_x86_64.whl (88 kB)
2025-08-19T08:19:53.4902975Z Using cached boto3-1.40.12-py3-none-any.whl (140 kB)
2025-08-19T08:19:53.4914991Z Using cached botocore-1.40.12-py3-none-any.whl (14.0 MB)
2025-08-19T08:19:53.5024958Z Using cached jmespath-1.0.1-py3-none-any.whl (20 kB)
2025-08-19T08:19:53.5036351Z Using cached python_dateutil-2.9.0.post0-py2.py3-none-any.whl (229 kB)
2025-08-19T08:19:53.5049106Z Using cached s3transfer-0.13.1-py3-none-any.whl (85 kB)
2025-08-19T08:19:53.5060796Z Using cached itsdangerous-2.2.0-py3-none-any.whl (16 kB)
2025-08-19T08:19:53.5072005Z Using cached setuptools-80.9.0-py3-none-any.whl (1.2 MB)
2025-08-19T08:19:53.5091519Z Using cached python_dotenv-1.1.1-py3-none-any.whl (20 kB)
2025-08-19T08:19:53.5102673Z Using cached python_multipart-0.0.20-py3-none-any.whl (24 kB)
2025-08-19T08:19:53.5113945Z Using cached annotated_types-0.7.0-py3-none-any.whl (13 kB)
2025-08-19T08:19:53.5125117Z Using cached certifi-2025.8.3-py3-none-any.whl (161 kB)
2025-08-19T08:19:53.5137048Z Using cached click_didyoumean-0.3.1-py3-none-any.whl (3.6 kB)
2025-08-19T08:19:53.5148231Z Using cached click_plugins-1.1.1.2-py2.py3-none-any.whl (11 kB)
2025-08-19T08:19:53.5159787Z Using cached click_repl-0.3.0-py3-none-any.whl (10 kB)
2025-08-19T08:19:53.5171342Z Using cached coverage-7.10.4-cp312-cp312-manylinux1_x86_64.manylinux_2_28_x86_64.manylinux_2_5_x86_64.whl (251 kB)
2025-08-19T08:19:53.5183633Z Using cached email_validator-2.2.0-py3-none-any.whl (33 kB)
2025-08-19T08:19:53.5194921Z Using cached dnspython-2.7.0-py3-none-any.whl (313 kB)
2025-08-19T08:19:53.5208118Z Using cached fastapi_cli-0.0.8-py3-none-any.whl (10 kB)
2025-08-19T08:19:53.5219247Z Using cached fastapi_cloud_cli-0.1.5-py3-none-any.whl (18 kB)
2025-08-19T08:19:53.5230822Z Using cached greenlet-3.2.4-cp312-cp312-manylinux_2_24_x86_64.manylinux_2_28_x86_64.whl (607 kB)
2025-08-19T08:19:53.5245831Z Using cached h11-0.16.0-py3-none-any.whl (37 kB)
2025-08-19T08:19:53.5257045Z Using cached iniconfig-2.1.0-py3-none-any.whl (6.0 kB)
2025-08-19T08:19:53.5268119Z Using cached MarkupSafe-3.0.2-cp312-cp312-manylinux_2_17_x86_64.manylinux2014_x86_64.whl (23 kB)
2025-08-19T08:19:53.5278875Z Using cached mirakuru-2.6.1-py3-none-any.whl (26 kB)
2025-08-19T08:19:53.5290157Z Using cached orjson-3.11.2-cp312-cp312-manylinux_2_17_x86_64.manylinux2014_x86_64.whl (121 kB)
2025-08-19T08:19:53.5301343Z Using cached packaging-25.0-py3-none-any.whl (66 kB)
2025-08-19T08:19:53.5312338Z Using cached pathspec-0.12.1-py3-none-any.whl (31 kB)
2025-08-19T08:19:53.5323228Z Using cached platformdirs-4.3.8-py3-none-any.whl (18 kB)
2025-08-19T08:19:53.5334010Z Using cached port_for-0.7.4-py3-none-any.whl (21 kB)
2025-08-19T08:19:53.5344826Z Using cached prompt_toolkit-3.0.51-py3-none-any.whl (387 kB)
2025-08-19T08:19:53.5358912Z Using cached psutil-7.0.0-cp36-abi3-manylinux_2_12_x86_64.manylinux2010_x86_64.manylinux_2_17_x86_64.manylinux2014_x86_64.whl (277 kB)
2025-08-19T08:19:53.5371677Z Using cached pydantic_extra_types-2.10.5-py3-none-any.whl (38 kB)
2025-08-19T08:19:53.5382546Z Using cached pydantic_settings-2.10.1-py3-none-any.whl (45 kB)
2025-08-19T08:19:53.5393432Z Using cached pygments-2.19.2-py3-none-any.whl (1.2 MB)
2025-08-19T08:19:53.5413625Z Using cached PyJWT-2.10.1-py3-none-any.whl (22 kB)
2025-08-19T08:19:53.5424384Z Using cached pytz-2025.2-py2.py3-none-any.whl (509 kB)
2025-08-19T08:19:53.5438449Z Using cached rich_toolkit-0.15.0-py3-none-any.whl (29 kB)
2025-08-19T08:19:53.5449400Z Using cached rich-14.1.0-py3-none-any.whl (243 kB)
2025-08-19T08:19:53.5461586Z Using cached markdown_it_py-4.0.0-py3-none-any.whl (87 kB)
2025-08-19T08:19:53.5472833Z Using cached mdurl-0.1.2-py3-none-any.whl (10.0 kB)
2025-08-19T08:19:53.5483648Z Using cached rignore-0.6.4-cp312-cp312-manylinux_2_17_x86_64.manylinux2014_x86_64.whl (949 kB)
2025-08-19T08:19:53.5500993Z Using cached sentry_sdk-2.35.0-py2.py3-none-any.whl (363 kB)
2025-08-19T08:19:53.5513998Z Using cached six-1.17.0-py2.py3-none-any.whl (11 kB)
2025-08-19T08:19:53.5524651Z Using cached sniffio-1.3.1-py3-none-any.whl (10 kB)
2025-08-19T08:19:53.5535322Z Using cached typer-0.16.1-py3-none-any.whl (46 kB)
2025-08-19T08:19:53.5546495Z Using cached shellingham-1.5.4-py2.py3-none-any.whl (9.8 kB)
2025-08-19T08:19:53.5557411Z Using cached typing_inspect-0.9.0-py3-none-any.whl (8.8 kB)
2025-08-19T08:19:53.5568467Z Using cached typing_inspection-0.4.1-py3-none-any.whl (14 kB)
2025-08-19T08:19:53.5579952Z Using cached tzdata-2025.2-py2.py3-none-any.whl (347 kB)
2025-08-19T08:19:53.5593307Z Using cached tzlocal-5.3.1-py3-none-any.whl (18 kB)
2025-08-19T08:19:53.5604691Z Using cached ujson-5.10.0-cp312-cp312-manylinux_2_17_x86_64.manylinux2014_x86_64.whl (53 kB)
2025-08-19T08:19:53.5615806Z Using cached uvicorn-0.35.0-py3-none-any.whl (66 kB)
2025-08-19T08:19:53.5628159Z Using cached httptools-0.6.4-cp312-cp312-manylinux_2_5_x86_64.manylinux1_x86_64.manylinux_2_17_x86_64.manylinux2014_x86_64.whl (510 kB)
2025-08-19T08:19:53.5642840Z Using cached uvloop-0.21.0-cp312-cp312-manylinux_2_17_x86_64.manylinux2014_x86_64.whl (4.7 MB)
2025-08-19T08:19:53.5687052Z Using cached watchfiles-1.1.0-cp312-cp312-manylinux_2_17_x86_64.manylinux2014_x86_64.whl (452 kB)
2025-08-19T08:19:53.5702169Z Using cached websockets-15.0.1-cp312-cp312-manylinux_2_5_x86_64.manylinux1_x86_64.manylinux_2_17_x86_64.manylinux2014_x86_64.whl (182 kB)
2025-08-19T08:19:53.5714029Z Using cached yapf-0.43.0-py3-none-any.whl (256 kB)
2025-08-19T08:19:53.5726849Z Using cached argon2_cffi-25.1.0-py3-none-any.whl (14 kB)
2025-08-19T08:19:53.5738649Z Using cached argon2_cffi_bindings-25.1.0-cp39-abi3-manylinux_2_26_x86_64.manylinux_2_28_x86_64.whl (87 kB)
2025-08-19T08:19:53.5750741Z Using cached cffi-1.17.1-cp312-cp312-manylinux_2_17_x86_64.manylinux2014_x86_64.whl (479 kB)
2025-08-19T08:19:53.5764995Z Using cached docker-7.1.0-py3-none-any.whl (147 kB)
2025-08-19T08:19:53.5776931Z Using cached et_xmlfile-2.0.0-py3-none-any.whl (18 kB)
2025-08-19T08:19:53.5788178Z Using cached mako-1.3.10-py3-none-any.whl (78 kB)
2025-08-19T08:19:53.5799880Z Using cached pycparser-2.22-py3-none-any.whl (117 kB)
2025-08-19T08:19:53.5812315Z Using cached pycryptodome-3.23.0-cp37-abi3-manylinux_2_17_x86_64.manylinux2014_x86_64.whl (2.3 MB)
2025-08-19T08:19:53.5839002Z Using cached typeguard-4.4.4-py3-none-any.whl (34 kB)
2025-08-19T08:19:53.5850762Z Using cached watchdog-6.0.0-py3-none-manylinux2014_x86_64.whl (79 kB)
2025-08-19T08:19:53.5862221Z Using cached wcwidth-0.2.13-py2.py3-none-any.whl (34 kB)
2025-08-19T08:19:54.0584841Z Installing collected packages: wcwidth, pytz, wrapt, websockets, watchdog, vine, uvloop, urllib3, ujson, tzlocal, tzdata, typing-extensions, tomli_w, tomli, structlog, sniffio, six, shellingham, setuptools, ruff, rignore, PyYAML, python-multipart, python-dotenv, PyJWT, pygments, pycryptodome, pycparser, psycopg2-binary, psycopg-binary, psutil, prompt-toolkit, port-for, pluggy, platformdirs, pathspec, packaging, orjson, numpy, nr-stream, nr-date, mypy-extensions, multimethod, mdurl, MarkupSafe, jmespath, itsdangerous, iniconfig, imapclient, idna, httptools, h11, greenlet, et-xmlfile, docstring-parser, dnspython, coverage, click, charset_normalizer, certifi, billiard, asyncpg, annotated-types, yapf, uvicorn, typing-inspection, typing-inspect, types-requests, typeguard, typeapi, sqlalchemy, sentry-sdk, requests, redis, python-dateutil, pytest, pydantic-core, psycopg, openpyxl, mypy, mirakuru, markdown-it-py, Mako, Jinja2, httpcore, email-validator, Deprecated, click-repl, click-plugins, click-didyoumean, cffi, black, apscheduler, anyio, amqp, watchfiles, starlette, rich, pytest-postgresql, pytest-cov, pytest-asyncio, pydantic, pandas, nr-util, kombu, httpx, docker, databind, botocore, argon2-cffi-bindings, alembic, typer, testcontainers, s3transfer, rich-toolkit, respx, python-telegram-bot, pydantic-settings, pydantic-extra-types, pandera, fastapi, databind.json, databind.core, celery, asgi-correlation-id, argon2-cffi, minio, fastapi-limiter, fastapi-cloud-cli, fastapi-cli, docspec, boto3, docspec-python, pydoc-markdown
2025-08-19T08:20:12.7054450Z 
2025-08-19T08:20:12.7176898Z Successfully installed Deprecated-1.2.18 Jinja2-3.1.6 Mako-1.3.10 MarkupSafe-3.0.2 PyJWT-2.10.1 PyYAML-6.0.2 alembic-1.13.1 amqp-5.3.1 annotated-types-0.7.0 anyio-4.10.0 apscheduler-3.10.4 argon2-cffi-25.1.0 argon2-cffi-bindings-25.1.0 asgi-correlation-id-4.3.1 asyncpg-0.30.0 billiard-4.2.1 black-25.1.0 boto3-1.40.12 botocore-1.40.12 celery-5.5.3 certifi-2025.8.3 cffi-1.17.1 charset_normalizer-3.4.3 click-8.2.1 click-didyoumean-0.3.1 click-plugins-1.1.1.2 click-repl-0.3.0 coverage-7.10.4 databind-4.5.2 databind.core-4.5.2 databind.json-4.5.2 dnspython-2.7.0 docker-7.1.0 docspec-2.2.1 docspec-python-2.2.2 docstring-parser-0.11 email-validator-2.2.0 et-xmlfile-2.0.0 fastapi-0.116.1 fastapi-cli-0.0.8 fastapi-cloud-cli-0.1.5 fastapi-limiter-0.1.6 greenlet-3.2.4 h11-0.16.0 httpcore-1.0.9 httptools-0.6.4 httpx-0.28.1 idna-3.10 imapclient-3.0.1 iniconfig-2.1.0 itsdangerous-2.2.0 jmespath-1.0.1 kombu-5.5.4 markdown-it-py-4.0.0 mdurl-0.1.2 minio-7.2.16 mirakuru-2.6.1 multimethod-1.10 mypy-1.17.1 mypy-extensions-1.1.0 nr-date-2.1.0 nr-stream-1.1.5 nr-util-0.8.12 numpy-1.26.4 openpyxl-3.1.5 orjson-3.11.2 packaging-25.0 pandas-2.2.3 pandera-0.19.3 pathspec-0.12.1 platformdirs-4.3.8 pluggy-1.6.0 port-for-0.7.4 prompt-toolkit-3.0.51 psutil-7.0.0 psycopg-3.2.9 psycopg-binary-3.2.9 psycopg2-binary-2.9.9 pycparser-2.22 pycryptodome-3.23.0 pydantic-2.11.7 pydantic-core-2.33.2 pydantic-extra-types-2.10.5 pydantic-settings-2.10.1 pydoc-markdown-4.8.2 pygments-2.19.2 pytest-8.4.1 pytest-asyncio-0.23.6 pytest-cov-6.2.1 pytest-postgresql-7.0.2 python-dateutil-2.9.0.post0 python-dotenv-1.1.1 python-multipart-0.0.20 python-telegram-bot-22.3 pytz-2025.2 redis-5.3.1 requests-2.32.4 respx-0.22.0 rich-14.1.0 rich-toolkit-0.15.0 rignore-0.6.4 ruff-0.4.4 s3transfer-0.13.1 sentry-sdk-2.35.0 setuptools-80.9.0 shellingham-1.5.4 six-1.17.0 sniffio-1.3.1 sqlalchemy-2.0.29 starlette-0.47.2 structlog-24.1.0 testcontainers-4.10.0 tomli-2.2.1 tomli_w-1.2.0 typeapi-2.2.4 typeguard-4.4.4 typer-0.16.1 types-requests-2.32.0.20240602 typing-extensions-4.14.1 typing-inspect-0.9.0 typing-inspection-0.4.1 tzdata-2025.2 tzlocal-5.3.1 ujson-5.10.0 urllib3-2.5.0 uvicorn-0.35.0 uvloop-0.21.0 vine-5.1.0 watchdog-6.0.0 watchfiles-1.1.0 wcwidth-0.2.13 websockets-15.0.1 wrapt-1.17.3 yapf-0.43.0
2025-08-19T08:20:14.4652741Z Collecting keepa==1.3.15
2025-08-19T08:20:14.4666380Z   Using cached keepa-1.3.15-py3-none-any.whl.metadata (11 kB)
2025-08-19T08:20:14.5053323Z Collecting minio==7.1.15
2025-08-19T08:20:14.5065090Z   Using cached minio-7.1.15-py3-none-any.whl.metadata (4.2 kB)
2025-08-19T08:20:14.5092101Z Requirement already satisfied: numpy>=1.9.3 in /opt/hostedtoolcache/Python/3.12.11/x64/lib/python3.12/site-packages (from keepa==1.3.15) (1.26.4)
2025-08-19T08:20:14.5097281Z Requirement already satisfied: requests>=2.2 in /opt/hostedtoolcache/Python/3.12.11/x64/lib/python3.12/site-packages (from keepa==1.3.15) (2.32.4)
2025-08-19T08:20:14.5520444Z Collecting tqdm (from keepa==1.3.15)
2025-08-19T08:20:14.5531956Z   Using cached tqdm-4.67.1-py3-none-any.whl.metadata (57 kB)
2025-08-19T08:20:15.0359407Z Collecting aiohttp (from keepa==1.3.15)
2025-08-19T08:20:15.0372521Z   Using cached aiohttp-3.12.15-cp312-cp312-manylinux_2_17_x86_64.manylinux2014_x86_64.whl.metadata (7.7 kB)
2025-08-19T08:20:15.0407029Z Requirement already satisfied: pandas<=3.0 in /opt/hostedtoolcache/Python/3.12.11/x64/lib/python3.12/site-packages (from keepa==1.3.15) (2.2.3)
2025-08-19T08:20:15.0411007Z Requirement already satisfied: pydantic in /opt/hostedtoolcache/Python/3.12.11/x64/lib/python3.12/site-packages (from keepa==1.3.15) (2.11.7)
2025-08-19T08:20:15.0418809Z Requirement already satisfied: certifi in /opt/hostedtoolcache/Python/3.12.11/x64/lib/python3.12/site-packages (from minio==7.1.15) (2025.8.3)
2025-08-19T08:20:15.0422303Z Requirement already satisfied: urllib3 in /opt/hostedtoolcache/Python/3.12.11/x64/lib/python3.12/site-packages (from minio==7.1.15) (2.5.0)
2025-08-19T08:20:15.0479547Z Requirement already satisfied: python-dateutil>=2.8.2 in /opt/hostedtoolcache/Python/3.12.11/x64/lib/python3.12/site-packages (from pandas<=3.0->keepa==1.3.15) (2.9.0.post0)
2025-08-19T08:20:15.0484620Z Requirement already satisfied: pytz>=2020.1 in /opt/hostedtoolcache/Python/3.12.11/x64/lib/python3.12/site-packages (from pandas<=3.0->keepa==1.3.15) (2025.2)
2025-08-19T08:20:15.0489676Z Requirement already satisfied: tzdata>=2022.7 in /opt/hostedtoolcache/Python/3.12.11/x64/lib/python3.12/site-packages (from pandas<=3.0->keepa==1.3.15) (2025.2)
2025-08-19T08:20:15.0614608Z Requirement already satisfied: six>=1.5 in /opt/hostedtoolcache/Python/3.12.11/x64/lib/python3.12/site-packages (from python-dateutil>=2.8.2->pandas<=3.0->keepa==1.3.15) (1.17.0)
2025-08-19T08:20:15.0633505Z Requirement already satisfied: charset_normalizer<4,>=2 in /opt/hostedtoolcache/Python/3.12.11/x64/lib/python3.12/site-packages (from requests>=2.2->keepa==1.3.15) (3.4.3)
2025-08-19T08:20:15.0640065Z Requirement already satisfied: idna<4,>=2.5 in /opt/hostedtoolcache/Python/3.12.11/x64/lib/python3.12/site-packages (from requests>=2.2->keepa==1.3.15) (3.10)
2025-08-19T08:20:15.0945158Z Collecting aiohappyeyeballs>=2.5.0 (from aiohttp->keepa==1.3.15)
2025-08-19T08:20:15.0957280Z   Using cached aiohappyeyeballs-2.6.1-py3-none-any.whl.metadata (5.9 kB)
2025-08-19T08:20:15.1159871Z Collecting aiosignal>=1.4.0 (from aiohttp->keepa==1.3.15)
2025-08-19T08:20:15.1171806Z   Using cached aiosignal-1.4.0-py3-none-any.whl.metadata (3.7 kB)
2025-08-19T08:20:15.1430304Z Collecting attrs>=17.3.0 (from aiohttp->keepa==1.3.15)
2025-08-19T08:20:15.1442041Z   Using cached attrs-25.3.0-py3-none-any.whl.metadata (10 kB)
2025-08-19T08:20:15.2208224Z Collecting frozenlist>=1.1.1 (from aiohttp->keepa==1.3.15)
2025-08-19T08:20:15.2221056Z   Using cached frozenlist-1.7.0-cp312-cp312-manylinux_2_5_x86_64.manylinux1_x86_64.manylinux_2_17_x86_64.manylinux2014_x86_64.whl.metadata (18 kB)
2025-08-19T08:20:15.4743732Z Collecting multidict<7.0,>=4.5 (from aiohttp->keepa==1.3.15)
2025-08-19T08:20:15.4757461Z   Using cached multidict-6.6.4-cp312-cp312-manylinux2014_x86_64.manylinux_2_17_x86_64.manylinux_2_28_x86_64.whl.metadata (5.3 kB)
2025-08-19T08:20:15.5282436Z Collecting propcache>=0.2.0 (from aiohttp->keepa==1.3.15)
2025-08-19T08:20:15.5294688Z   Using cached propcache-0.3.2-cp312-cp312-manylinux_2_17_x86_64.manylinux2014_x86_64.whl.metadata (12 kB)
2025-08-19T08:20:15.7708493Z Collecting yarl<2.0,>=1.17.0 (from aiohttp->keepa==1.3.15)
2025-08-19T08:20:15.7721214Z   Using cached yarl-1.20.1-cp312-cp312-manylinux_2_17_x86_64.manylinux2014_x86_64.whl.metadata (73 kB)
2025-08-19T08:20:15.7936261Z Requirement already satisfied: typing-extensions>=4.2 in /opt/hostedtoolcache/Python/3.12.11/x64/lib/python3.12/site-packages (from aiosignal>=1.4.0->aiohttp->keepa==1.3.15) (4.14.1)
2025-08-19T08:20:15.7984474Z Requirement already satisfied: annotated-types>=0.6.0 in /opt/hostedtoolcache/Python/3.12.11/x64/lib/python3.12/site-packages (from pydantic->keepa==1.3.15) (0.7.0)
2025-08-19T08:20:15.7990366Z Requirement already satisfied: pydantic-core==2.33.2 in /opt/hostedtoolcache/Python/3.12.11/x64/lib/python3.12/site-packages (from pydantic->keepa==1.3.15) (2.33.2)
2025-08-19T08:20:15.7997262Z Requirement already satisfied: typing-inspection>=0.4.0 in /opt/hostedtoolcache/Python/3.12.11/x64/lib/python3.12/site-packages (from pydantic->keepa==1.3.15) (0.4.1)
2025-08-19T08:20:15.8057036Z Using cached keepa-1.3.15-py3-none-any.whl (38 kB)
2025-08-19T08:20:15.8068522Z Using cached minio-7.1.15-py3-none-any.whl (77 kB)
2025-08-19T08:20:15.8080495Z Using cached aiohttp-3.12.15-cp312-cp312-manylinux_2_17_x86_64.manylinux2014_x86_64.whl (1.7 MB)
2025-08-19T08:20:15.8104050Z Using cached multidict-6.6.4-cp312-cp312-manylinux2014_x86_64.manylinux_2_17_x86_64.manylinux_2_28_x86_64.whl (256 kB)
2025-08-19T08:20:15.8116757Z Using cached yarl-1.20.1-cp312-cp312-manylinux_2_17_x86_64.manylinux2014_x86_64.whl (355 kB)
2025-08-19T08:20:15.8130648Z Using cached aiohappyeyeballs-2.6.1-py3-none-any.whl (15 kB)
2025-08-19T08:20:15.8141783Z Using cached aiosignal-1.4.0-py3-none-any.whl (7.5 kB)
2025-08-19T08:20:15.8152715Z Using cached attrs-25.3.0-py3-none-any.whl (63 kB)
2025-08-19T08:20:15.8164762Z Using cached frozenlist-1.7.0-cp312-cp312-manylinux_2_5_x86_64.manylinux1_x86_64.manylinux_2_17_x86_64.manylinux2014_x86_64.whl (241 kB)
2025-08-19T08:20:15.8177310Z Using cached propcache-0.3.2-cp312-cp312-manylinux_2_17_x86_64.manylinux2014_x86_64.whl (224 kB)
2025-08-19T08:20:15.8189889Z Using cached tqdm-4.67.1-py3-none-any.whl (78 kB)
2025-08-19T08:20:15.9979622Z Installing collected packages: tqdm, propcache, multidict, minio, frozenlist, attrs, aiohappyeyeballs, yarl, aiosignal, aiohttp, keepa
2025-08-19T08:20:16.0708442Z   Attempting uninstall: minio
2025-08-19T08:20:16.0755961Z     Found existing installation: minio 7.2.16
2025-08-19T08:20:16.0792658Z     Uninstalling minio-7.2.16:
2025-08-19T08:20:16.0803072Z       Successfully uninstalled minio-7.2.16
2025-08-19T08:20:16.4371587Z 
2025-08-19T08:20:16.4485260Z Successfully installed aiohappyeyeballs-2.6.1 aiohttp-3.12.15 aiosignal-1.4.0 attrs-25.3.0 frozenlist-1.7.0 keepa-1.3.15 minio-7.1.15 multidict-6.6.4 propcache-0.3.2 tqdm-4.67.1 yarl-1.20.1
2025-08-19T08:20:16.6049269Z ##[group]Run ruff check .
2025-08-19T08:20:16.6049539Z [36;1mruff check .[0m
2025-08-19T08:20:16.6049757Z [36;1mruff format --check .[0m
2025-08-19T08:20:16.6090262Z shell: /usr/bin/bash -e {0}
2025-08-19T08:20:16.6090479Z env:
2025-08-19T08:20:16.6090680Z   REDIS_URL: redis://localhost:6379/0
2025-08-19T08:20:16.6090938Z   RATE_LIMIT_DEFAULT: 100/minute
2025-08-19T08:20:16.6091148Z   TRUST_X_FORWARDED: 1
2025-08-19T08:20:16.6091343Z   PG_USER: postgres
2025-08-19T08:20:16.6091538Z   PG_PASSWORD: pass
2025-08-19T08:20:16.6091719Z   PG_DATABASE: awa
2025-08-19T08:20:16.6091906Z   PG_HOST: localhost
2025-08-19T08:20:16.6092093Z   PG_PORT: 5432
2025-08-19T08:20:16.6092679Z   PG_SYNC_DSN: ***localhost:5432/awa
2025-08-19T08:20:16.6093099Z   PG_ASYNC_DSN: ***localhost:5432/awa
2025-08-19T08:20:16.6093472Z   DATABASE_URL: ***localhost:5432/awa
2025-08-19T08:20:16.6093705Z   DATA_DIR: /tmp/awa-data
2025-08-19T08:20:16.6093907Z   ENABLE_LIVE: 0
2025-08-19T08:20:16.6094109Z   TESTING: 1
2025-08-19T08:20:16.6094353Z   pythonLocation: /opt/hostedtoolcache/Python/3.12.11/x64
2025-08-19T08:20:16.6094736Z   PKG_CONFIG_PATH: /opt/hostedtoolcache/Python/3.12.11/x64/lib/pkgconfig
2025-08-19T08:20:16.6095121Z   Python_ROOT_DIR: /opt/hostedtoolcache/Python/3.12.11/x64
2025-08-19T08:20:16.6095465Z   Python2_ROOT_DIR: /opt/hostedtoolcache/Python/3.12.11/x64
2025-08-19T08:20:16.6095798Z   Python3_ROOT_DIR: /opt/hostedtoolcache/Python/3.12.11/x64
2025-08-19T08:20:16.6096144Z   LD_LIBRARY_PATH: /opt/hostedtoolcache/Python/3.12.11/x64/lib
2025-08-19T08:20:16.6096443Z ##[endgroup]
2025-08-19T08:20:16.6350025Z tests/helpers/factories.py:1:1: I001 [*] Import block is un-sorted or un-formatted
2025-08-19T08:20:16.6350695Z Found 1 error.
2025-08-19T08:20:16.6351032Z [*] 1 fixable with the `--fix` option.
2025-08-19T08:20:16.6371304Z ##[error]Process completed with exit code 1.
2025-08-19T08:20:16.6460653Z Post job cleanup.
2025-08-19T08:20:16.7377103Z [command]/usr/bin/git version
2025-08-19T08:20:16.7412514Z git version 2.50.1
2025-08-19T08:20:16.7455213Z Temporarily overriding HOME='/home/runner/work/_temp/6168335e-81a0-4d4b-ad31-7b7d5747d8a0' before making global git config changes
2025-08-19T08:20:16.7456899Z Adding repository directory to the temporary git global config as a safe directory
2025-08-19T08:20:16.7468808Z [command]/usr/bin/git config --global --add safe.directory /home/runner/work/AWA-App/AWA-App
2025-08-19T08:20:16.7502699Z [command]/usr/bin/git config --local --name-only --get-regexp core\.sshCommand
2025-08-19T08:20:16.7534961Z [command]/usr/bin/git submodule foreach --recursive sh -c "git config --local --name-only --get-regexp 'core\.sshCommand' && git config --local --unset-all 'core.sshCommand' || :"
2025-08-19T08:20:16.7762002Z [command]/usr/bin/git config --local --name-only --get-regexp http\.https\:\/\/github\.com\/\.extraheader
2025-08-19T08:20:16.7782301Z http.https://github.com/.extraheader
2025-08-19T08:20:16.7794675Z [command]/usr/bin/git config --local --unset-all http.https://github.com/.extraheader
2025-08-19T08:20:16.7824866Z [command]/usr/bin/git submodule foreach --recursive sh -c "git config --local --name-only --get-regexp 'http\.https\:\/\/github\.com\/\.extraheader' && git config --local --unset-all 'http.https://github.com/.extraheader' || :"
2025-08-19T08:20:16.8131518Z Print service container logs: 1e79d8dfdbb743768913f3e1bf218464_postgres15_3c9846
2025-08-19T08:20:16.8135824Z ##[command]/usr/bin/docker logs --details 27e619636c63b4b17b7469f50c738d43667a8d30c0cee0f624ec7da8cfd9bd31
2025-08-19T08:20:16.8300976Z  The files belonging to this database system will be owned by user "postgres".
2025-08-19T08:20:16.8302666Z  initdb: warning: enabling "trust" authentication for local connections
2025-08-19T08:20:16.8303770Z  initdb: hint: You can change this by editing pg_hba.conf or using the option -A, or --auth-local and --auth-host, the next time you run initdb.
2025-08-19T08:20:16.8305172Z  2025-08-19 08:19:27.877 UTC [1] LOG:  starting PostgreSQL 15.14 (Debian 15.14-1.pgdg13+1) on x86_64-pc-linux-gnu, compiled by gcc (Debian 14.2.0-19) 14.2.0, 64-bit
2025-08-19T08:20:16.8306248Z  2025-08-19 08:19:27.877 UTC [1] LOG:  listening on IPv4 address "0.0.0.0", port 5432
2025-08-19T08:20:16.8307014Z  2025-08-19 08:19:27.877 UTC [1] LOG:  listening on IPv6 address "::", port 5432
2025-08-19T08:20:16.8308006Z  2025-08-19 08:19:27.878 UTC [1] LOG:  listening on Unix socket "/var/run/postgresql/.s.PGSQL.5432"
2025-08-19T08:20:16.8308835Z  2025-08-19 08:19:27.881 UTC [64] LOG:  database system was shut down at 2025-08-19 08:19:27 UTC
2025-08-19T08:20:16.8309581Z  2025-08-19 08:19:27.885 UTC [1] LOG:  database system is ready to accept connections
2025-08-19T08:20:16.8310176Z  This user must also own the server process.
2025-08-19T08:20:16.8310588Z  
2025-08-19T08:20:16.8311003Z  The database cluster will be initialized with locale "en_US.utf8".
2025-08-19T08:20:16.8311726Z  The default database encoding has accordingly been set to "UTF8".
2025-08-19T08:20:16.8312391Z  The default text search configuration will be set to "english".
2025-08-19T08:20:16.8312899Z  
2025-08-19T08:20:16.8313179Z  Data page checksums are disabled.
2025-08-19T08:20:16.8313552Z  
2025-08-19T08:20:16.8314013Z  fixing permissions on existing directory /var/lib/postgresql/data ... ok
2025-08-19T08:20:16.8314640Z  creating subdirectories ... ok
2025-08-19T08:20:16.8315132Z  selecting dynamic shared memory implementation ... posix
2025-08-19T08:20:16.8315670Z  selecting default max_connections ... 100
2025-08-19T08:20:16.8316131Z  selecting default shared_buffers ... 128MB
2025-08-19T08:20:16.8316578Z  selecting default time zone ... Etc/UTC
2025-08-19T08:20:16.8317008Z  creating configuration files ... ok
2025-08-19T08:20:16.8317815Z  running bootstrap script ... ok
2025-08-19T08:20:16.8318282Z  performing post-bootstrap initialization ... ok
2025-08-19T08:20:16.8318755Z  syncing data to disk ... ok
2025-08-19T08:20:16.8319095Z  
2025-08-19T08:20:16.8319290Z  
2025-08-19T08:20:16.8319500Z  Success. You can now start the database server using:
2025-08-19T08:20:16.8319767Z  
2025-08-19T08:20:16.8319981Z      pg_ctl -D /var/lib/postgresql/data -l logfile start
2025-08-19T08:20:16.8320448Z  
2025-08-19T08:20:16.8320997Z  waiting for server to start....2025-08-19 08:19:27.569 UTC [48] LOG:  starting PostgreSQL 15.14 (Debian 15.14-1.pgdg13+1) on x86_64-pc-linux-gnu, compiled by gcc (Debian 14.2.0-19) 14.2.0, 64-bit
2025-08-19T08:20:16.8321728Z  2025-08-19 08:19:27.570 UTC [48] LOG:  listening on Unix socket "/var/run/postgresql/.s.PGSQL.5432"
2025-08-19T08:20:16.8322201Z  2025-08-19 08:19:27.572 UTC [51] LOG:  database system was shut down at 2025-08-19 08:19:27 UTC
2025-08-19T08:20:16.8322627Z  2025-08-19 08:19:27.576 UTC [48] LOG:  database system is ready to accept connections
2025-08-19T08:20:16.8322932Z   done
2025-08-19T08:20:16.8323094Z  server started
2025-08-19T08:20:16.8323268Z  CREATE DATABASE
2025-08-19T08:20:16.8323433Z  
2025-08-19T08:20:16.8323571Z  
2025-08-19T08:20:16.8323857Z  /usr/local/bin/docker-entrypoint.sh: ignoring /docker-entrypoint-initdb.d/*
2025-08-19T08:20:16.8324202Z  
2025-08-19T08:20:16.8324410Z  2025-08-19 08:19:27.756 UTC [48] LOG:  received fast shutdown request
2025-08-19T08:20:16.8325027Z  waiting for server to shut down....2025-08-19 08:19:27.757 UTC [48] LOG:  aborting any active transactions
2025-08-19T08:20:16.8325598Z  2025-08-19 08:19:27.758 UTC [48] LOG:  background worker "logical replication launcher" (PID 54) exited with exit code 1
2025-08-19T08:20:16.8326049Z  2025-08-19 08:19:27.758 UTC [49] LOG:  shutting down
2025-08-19T08:20:16.8326375Z  2025-08-19 08:19:27.759 UTC [49] LOG:  checkpoint starting: shutdown immediate
2025-08-19T08:20:16.8327169Z  2025-08-19 08:19:27.776 UTC [49] LOG:  checkpoint complete: wrote 922 buffers (5.6%); 0 WAL file(s) added, 0 removed, 0 recycled; write=0.015 s, sync=0.002 s, total=0.018 s; sync files=301, longest=0.001 s, average=0.001 s; distance=4239 kB, estimate=4239 kB
2025-08-19T08:20:16.8328177Z  2025-08-19 08:19:27.782 UTC [48] LOG:  database system is shut down
2025-08-19T08:20:16.8328457Z   done
2025-08-19T08:20:16.8328615Z  server stopped
2025-08-19T08:20:16.8328784Z  
2025-08-19T08:20:16.8328995Z  PostgreSQL init process complete; ready for start up.
2025-08-19T08:20:16.8329260Z  
2025-08-19T08:20:16.8334127Z Stop and remove container: 1e79d8dfdbb743768913f3e1bf218464_postgres15_3c9846
2025-08-19T08:20:16.8339181Z ##[command]/usr/bin/docker rm --force 27e619636c63b4b17b7469f50c738d43667a8d30c0cee0f624ec7da8cfd9bd31
2025-08-19T08:20:17.9745359Z 27e619636c63b4b17b7469f50c738d43667a8d30c0cee0f624ec7da8cfd9bd31
2025-08-19T08:20:17.9767350Z Print service container logs: 8a9cab9b4fad46b9866cf5daa97467be_redis7alpine_44122b
2025-08-19T08:20:17.9768785Z ##[command]/usr/bin/docker logs --details 905c9f660f632ea24987cac72ba76b30e866ed0e4bad3025db5b69d0f5723f22
2025-08-19T08:20:17.9888273Z  1:C 19 Aug 2025 08:19:28.592 # WARNING Memory overcommit must be enabled! Without it, a background save or replication may fail under low memory condition. Being disabled, it can also cause failures without low memory condition, see https://github.com/jemalloc/jemalloc/issues/1328. To fix this issue add 'vm.overcommit_memory = 1' to /etc/sysctl.conf and then reboot or run the command 'sysctl vm.overcommit_memory=1' for this to take effect.
2025-08-19T08:20:17.9889869Z  1:C 19 Aug 2025 08:19:28.592 * oO0OoO0OoO0Oo Redis is starting oO0OoO0OoO0Oo
2025-08-19T08:20:17.9890346Z  1:C 19 Aug 2025 08:19:28.592 * Redis version=7.4.5, bits=64, commit=00000000, modified=0, pid=1, just started
2025-08-19T08:20:17.9891029Z  1:C 19 Aug 2025 08:19:28.592 # Warning: no config file specified, using the default config. In order to specify a config file use redis-server /path/to/redis.conf
2025-08-19T08:20:17.9891624Z  1:M 19 Aug 2025 08:19:28.593 * monotonic clock: POSIX clock_gettime
2025-08-19T08:20:17.9891981Z  1:M 19 Aug 2025 08:19:28.593 * Running mode=standalone, port=6379.
2025-08-19T08:20:17.9892295Z  1:M 19 Aug 2025 08:19:28.594 * Server initialized
2025-08-19T08:20:17.9892598Z  1:M 19 Aug 2025 08:19:28.594 * Ready to accept connections tcp
2025-08-19T08:20:17.9900531Z Stop and remove container: 8a9cab9b4fad46b9866cf5daa97467be_redis7alpine_44122b
2025-08-19T08:20:17.9901540Z ##[command]/usr/bin/docker rm --force 905c9f660f632ea24987cac72ba76b30e866ed0e4bad3025db5b69d0f5723f22
2025-08-19T08:20:18.1042681Z 905c9f660f632ea24987cac72ba76b30e866ed0e4bad3025db5b69d0f5723f22
2025-08-19T08:20:18.1064687Z Remove container network: github_network_bd44d245197841f6be8f3abd4165402b
2025-08-19T08:20:18.1069262Z ##[command]/usr/bin/docker network rm github_network_bd44d245197841f6be8f3abd4165402b
2025-08-19T08:20:18.2412652Z github_network_bd44d245197841f6be8f3abd4165402b
2025-08-19T08:20:18.2469504Z Cleaning up orphan processes
