2025-08-16T23:44:42.5873494Z Current runner version: '2.327.1'
2025-08-16T23:44:42.5900784Z ##[group]Runner Image Provisioner
2025-08-16T23:44:42.5902221Z Hosted Compute Agent
2025-08-16T23:44:42.5903081Z Version: 20250812.370
2025-08-16T23:44:42.5904124Z Commit: 4a2b2bf7520004e3e907c2150c8cabe342a3da32
2025-08-16T23:44:42.5905339Z Build Date: 2025-08-12T16:08:14Z
2025-08-16T23:44:42.5906387Z ##[endgroup]
2025-08-16T23:44:42.5907181Z ##[group]Operating System
2025-08-16T23:44:42.5908126Z Ubuntu
2025-08-16T23:44:42.5908980Z 24.04.2
2025-08-16T23:44:42.5909811Z LTS
2025-08-16T23:44:42.5910481Z ##[endgroup]
2025-08-16T23:44:42.5910992Z ##[group]Runner Image
2025-08-16T23:44:42.5911552Z Image: ubuntu-24.04
2025-08-16T23:44:42.5912093Z Version: 20250810.1.0
2025-08-16T23:44:42.5913066Z Included Software: https://github.com/actions/runner-images/blob/ubuntu24/20250810.1/images/ubuntu/Ubuntu2404-Readme.md
2025-08-16T23:44:42.5914580Z Image Release: https://github.com/actions/runner-images/releases/tag/ubuntu24%2F20250810.1
2025-08-16T23:44:42.5915612Z ##[endgroup]
2025-08-16T23:44:42.5918249Z ##[group]GITHUB_TOKEN Permissions
2025-08-16T23:44:42.5920282Z Actions: write
2025-08-16T23:44:42.5920783Z Attestations: write
2025-08-16T23:44:42.5921282Z Checks: write
2025-08-16T23:44:42.5921903Z Contents: write
2025-08-16T23:44:42.5922361Z Deployments: write
2025-08-16T23:44:42.5922838Z Discussions: write
2025-08-16T23:44:42.5923351Z Issues: write
2025-08-16T23:44:42.5923816Z Metadata: read
2025-08-16T23:44:42.5924287Z Models: read
2025-08-16T23:44:42.5924854Z Packages: write
2025-08-16T23:44:42.5925310Z Pages: write
2025-08-16T23:44:42.5925784Z PullRequests: write
2025-08-16T23:44:42.5926549Z RepositoryProjects: write
2025-08-16T23:44:42.5927128Z SecurityEvents: write
2025-08-16T23:44:42.5927765Z Statuses: write
2025-08-16T23:44:42.5928270Z ##[endgroup]
2025-08-16T23:44:42.5930259Z Secret source: Actions
2025-08-16T23:44:42.5930912Z Prepare workflow directory
2025-08-16T23:44:42.6518493Z Prepare all required actions
2025-08-16T23:44:42.6573301Z Getting action download info
2025-08-16T23:44:42.9529286Z Download action repository 'actions/checkout@v4' (SHA:08eba0b27e820071cde6df949e0beb9ba4906955)
2025-08-16T23:44:43.4078363Z Download action repository 'actions/setup-python@v5' (SHA:a26af69be951a213d495a4c3e4e4022e16d87065)
2025-08-16T23:44:43.9125579Z Download action repository 'actions/upload-artifact@v4' (SHA:ea165f8d65b6e75b540449e92b4886f43607fa02)
2025-08-16T23:44:44.1234018Z Complete job name: unit
2025-08-16T23:44:44.1819101Z ##[group]Checking docker version
2025-08-16T23:44:44.1832584Z ##[command]/usr/bin/docker version --format '{{.Server.APIVersion}}'
2025-08-16T23:44:44.2554047Z '1.48'
2025-08-16T23:44:44.2567199Z Docker daemon API version: '1.48'
2025-08-16T23:44:44.2568609Z ##[command]/usr/bin/docker version --format '{{.Client.APIVersion}}'
2025-08-16T23:44:44.2728743Z '1.48'
2025-08-16T23:44:44.2742103Z Docker client API version: '1.48'
2025-08-16T23:44:44.2748518Z ##[endgroup]
2025-08-16T23:44:44.2752382Z ##[group]Clean up resources from previous jobs
2025-08-16T23:44:44.2758944Z ##[command]/usr/bin/docker ps --all --quiet --no-trunc --filter "label=b91643"
2025-08-16T23:44:44.2897442Z ##[command]/usr/bin/docker network prune --force --filter "label=b91643"
2025-08-16T23:44:44.3029606Z ##[endgroup]
2025-08-16T23:44:44.3030496Z ##[group]Create local container network
2025-08-16T23:44:44.3041121Z ##[command]/usr/bin/docker network create --label b91643 github_network_dd2cb5cd0c05476184d1ddd36a0002c7
2025-08-16T23:44:44.3603018Z 4a7706a4acd20dccd9daa006991f335b8f5991a12be01c7fa9078026d1d60e96
2025-08-16T23:44:44.3621939Z ##[endgroup]
2025-08-16T23:44:44.3647119Z ##[group]Starting postgres service container
2025-08-16T23:44:44.3667212Z ##[command]/usr/bin/docker pull postgres:15
2025-08-16T23:44:44.9964381Z 15: Pulling from library/postgres
2025-08-16T23:44:45.1408069Z 396b1da7636e: Pulling fs layer
2025-08-16T23:44:45.1409274Z fca2566eba32: Pulling fs layer
2025-08-16T23:44:45.1410415Z 631fe8c6d606: Pulling fs layer
2025-08-16T23:44:45.1411388Z 77c7671c4414: Pulling fs layer
2025-08-16T23:44:45.1412596Z 2d9e29180a27: Pulling fs layer
2025-08-16T23:44:45.1413516Z c6bcc2c9a041: Pulling fs layer
2025-08-16T23:44:45.1414684Z ac4b721eb66f: Pulling fs layer
2025-08-16T23:44:45.1415549Z 606bd164980e: Pulling fs layer
2025-08-16T23:44:45.1416696Z f5dfd246bc6e: Pulling fs layer
2025-08-16T23:44:45.1417612Z ba7036bb0a60: Pulling fs layer
2025-08-16T23:44:45.1418446Z 799f859abbbd: Pulling fs layer
2025-08-16T23:44:45.1419314Z d903e777080c: Pulling fs layer
2025-08-16T23:44:45.1420223Z 04adcb462801: Pulling fs layer
2025-08-16T23:44:45.1421058Z 5c10925b29ff: Pulling fs layer
2025-08-16T23:44:45.1421888Z 77c7671c4414: Waiting
2025-08-16T23:44:45.1422678Z f5dfd246bc6e: Waiting
2025-08-16T23:44:45.1423470Z 2d9e29180a27: Waiting
2025-08-16T23:44:45.1424272Z c6bcc2c9a041: Waiting
2025-08-16T23:44:45.1425069Z ac4b721eb66f: Waiting
2025-08-16T23:44:45.1425856Z 606bd164980e: Waiting
2025-08-16T23:44:45.1426827Z ba7036bb0a60: Waiting
2025-08-16T23:44:45.1427612Z d903e777080c: Waiting
2025-08-16T23:44:45.1428424Z 799f859abbbd: Waiting
2025-08-16T23:44:45.1429223Z 04adcb462801: Waiting
2025-08-16T23:44:45.1429994Z 5c10925b29ff: Waiting
2025-08-16T23:44:45.4269153Z fca2566eba32: Verifying Checksum
2025-08-16T23:44:45.4270030Z fca2566eba32: Download complete
2025-08-16T23:44:45.5397392Z 631fe8c6d606: Verifying Checksum
2025-08-16T23:44:45.5398183Z 631fe8c6d606: Download complete
2025-08-16T23:44:45.6958548Z 77c7671c4414: Verifying Checksum
2025-08-16T23:44:45.6959325Z 77c7671c4414: Download complete
2025-08-16T23:44:45.8271158Z 396b1da7636e: Verifying Checksum
2025-08-16T23:44:45.8273557Z 396b1da7636e: Download complete
2025-08-16T23:44:45.8993032Z 2d9e29180a27: Verifying Checksum
2025-08-16T23:44:45.8994301Z 2d9e29180a27: Download complete
2025-08-16T23:44:45.9603887Z c6bcc2c9a041: Verifying Checksum
2025-08-16T23:44:45.9610284Z c6bcc2c9a041: Download complete
2025-08-16T23:44:46.0314954Z ac4b721eb66f: Verifying Checksum
2025-08-16T23:44:46.0316847Z ac4b721eb66f: Download complete
2025-08-16T23:44:46.1231049Z 606bd164980e: Verifying Checksum
2025-08-16T23:44:46.1231694Z 606bd164980e: Download complete
2025-08-16T23:44:46.2328271Z ba7036bb0a60: Verifying Checksum
2025-08-16T23:44:46.2332084Z ba7036bb0a60: Download complete
2025-08-16T23:44:46.3375314Z 799f859abbbd: Verifying Checksum
2025-08-16T23:44:46.3378035Z 799f859abbbd: Download complete
2025-08-16T23:44:46.4428048Z d903e777080c: Verifying Checksum
2025-08-16T23:44:46.4431209Z d903e777080c: Download complete
2025-08-16T23:44:46.6559997Z 5c10925b29ff: Verifying Checksum
2025-08-16T23:44:46.6561271Z 5c10925b29ff: Download complete
2025-08-16T23:44:46.6642475Z 04adcb462801: Verifying Checksum
2025-08-16T23:44:46.6643240Z 04adcb462801: Download complete
2025-08-16T23:44:46.8434097Z 396b1da7636e: Pull complete
2025-08-16T23:44:47.7806617Z f5dfd246bc6e: Verifying Checksum
2025-08-16T23:44:47.7807043Z f5dfd246bc6e: Download complete
2025-08-16T23:44:47.8329284Z fca2566eba32: Pull complete
2025-08-16T23:44:48.0153691Z 631fe8c6d606: Pull complete
2025-08-16T23:44:48.0615208Z 77c7671c4414: Pull complete
2025-08-16T23:44:48.3587860Z 2d9e29180a27: Pull complete
2025-08-16T23:44:48.4570364Z c6bcc2c9a041: Pull complete
2025-08-16T23:44:48.4688778Z ac4b721eb66f: Pull complete
2025-08-16T23:44:48.4818936Z 606bd164980e: Pull complete
2025-08-16T23:44:51.3833527Z f5dfd246bc6e: Pull complete
2025-08-16T23:44:51.3994593Z ba7036bb0a60: Pull complete
2025-08-16T23:44:51.4135511Z 799f859abbbd: Pull complete
2025-08-16T23:44:51.4261449Z d903e777080c: Pull complete
2025-08-16T23:44:51.4398376Z 04adcb462801: Pull complete
2025-08-16T23:44:51.4532034Z 5c10925b29ff: Pull complete
2025-08-16T23:44:51.4576523Z Digest: sha256:bc51cf4f1fe02cce7ed2370b20128a9b00b4eb804573a77d2a0d877aaa9c82b1
2025-08-16T23:44:51.4590238Z Status: Downloaded newer image for postgres:15
2025-08-16T23:44:51.4599368Z docker.io/library/postgres:15
2025-08-16T23:44:51.4660339Z ##[command]/usr/bin/docker create --name 2d6a23dba94d42f09ac5486db6e26815_postgres15_6c0e48 --label b91643 --network github_network_dd2cb5cd0c05476184d1ddd36a0002c7 --network-alias postgres -p 5432:5432 --health-cmd="pg_isready -U postgres -d awa" --health-interval=5s --health-timeout=5s --health-retries=10 -e "POSTGRES_USER=postgres" -e "POSTGRES_PASSWORD=pass" -e "POSTGRES_DB=awa" -e GITHUB_ACTIONS=true -e CI=true postgres:15
2025-08-16T23:44:51.4930426Z b0346e8127f8a311d7083e0897a9a357cc03e487f61d842e253105f20a8c0c21
2025-08-16T23:44:51.4953677Z ##[command]/usr/bin/docker start b0346e8127f8a311d7083e0897a9a357cc03e487f61d842e253105f20a8c0c21
2025-08-16T23:44:51.7840840Z b0346e8127f8a311d7083e0897a9a357cc03e487f61d842e253105f20a8c0c21
2025-08-16T23:44:51.7864373Z ##[command]/usr/bin/docker ps --all --filter id=b0346e8127f8a311d7083e0897a9a357cc03e487f61d842e253105f20a8c0c21 --filter status=running --no-trunc --format "{{.ID}} {{.Status}}"
2025-08-16T23:44:51.7988657Z b0346e8127f8a311d7083e0897a9a357cc03e487f61d842e253105f20a8c0c21 Up Less than a second (health: starting)
2025-08-16T23:44:51.8015240Z ##[command]/usr/bin/docker port b0346e8127f8a311d7083e0897a9a357cc03e487f61d842e253105f20a8c0c21
2025-08-16T23:44:51.8143737Z 5432/tcp -> 0.0.0.0:5432
2025-08-16T23:44:51.8144779Z 5432/tcp -> [::]:5432
2025-08-16T23:44:51.8203336Z ##[endgroup]
2025-08-16T23:44:51.8214932Z ##[group]Waiting for all services to be ready
2025-08-16T23:44:51.8233055Z ##[command]/usr/bin/docker inspect --format="{{if .Config.Healthcheck}}{{print .State.Health.Status}}{{end}}" b0346e8127f8a311d7083e0897a9a357cc03e487f61d842e253105f20a8c0c21
2025-08-16T23:44:51.8364610Z starting
2025-08-16T23:44:51.8389546Z postgres service is starting, waiting 2 seconds before checking again.
2025-08-16T23:44:53.8393975Z ##[command]/usr/bin/docker inspect --format="{{if .Config.Healthcheck}}{{print .State.Health.Status}}{{end}}" b0346e8127f8a311d7083e0897a9a357cc03e487f61d842e253105f20a8c0c21
2025-08-16T23:44:53.8513116Z starting
2025-08-16T23:44:53.8525906Z postgres service is starting, waiting 3 seconds before checking again.
2025-08-16T23:44:57.6331359Z ##[command]/usr/bin/docker inspect --format="{{if .Config.Healthcheck}}{{print .State.Health.Status}}{{end}}" b0346e8127f8a311d7083e0897a9a357cc03e487f61d842e253105f20a8c0c21
2025-08-16T23:44:57.6453271Z healthy
2025-08-16T23:44:57.6469252Z postgres service is healthy.
2025-08-16T23:44:57.6470005Z ##[endgroup]
2025-08-16T23:44:57.6795818Z ##[group]Run actions/checkout@v4
2025-08-16T23:44:57.6796541Z with:
2025-08-16T23:44:57.6796744Z   repository: AlexBomber12/AWA-App
2025-08-16T23:44:57.6797175Z   token: ***
2025-08-16T23:44:57.6797357Z   ssh-strict: true
2025-08-16T23:44:57.6797527Z   ssh-user: git
2025-08-16T23:44:57.6797713Z   persist-credentials: true
2025-08-16T23:44:57.6797916Z   clean: true
2025-08-16T23:44:57.6798107Z   sparse-checkout-cone-mode: true
2025-08-16T23:44:57.6798327Z   fetch-depth: 1
2025-08-16T23:44:57.6798495Z   fetch-tags: false
2025-08-16T23:44:57.6798674Z   show-progress: true
2025-08-16T23:44:57.6798851Z   lfs: false
2025-08-16T23:44:57.6799015Z   submodules: false
2025-08-16T23:44:57.6799192Z   set-safe-directory: true
2025-08-16T23:44:57.6799598Z ##[endgroup]
2025-08-16T23:44:57.7851138Z Syncing repository: AlexBomber12/AWA-App
2025-08-16T23:44:57.7852369Z ##[group]Getting Git version info
2025-08-16T23:44:57.7852727Z Working directory is '/home/runner/work/AWA-App/AWA-App'
2025-08-16T23:44:57.7853297Z [command]/usr/bin/git version
2025-08-16T23:44:57.7930982Z git version 2.50.1
2025-08-16T23:44:57.7956691Z ##[endgroup]
2025-08-16T23:44:57.7972230Z Temporarily overriding HOME='/home/runner/work/_temp/baa2b997-ce12-4aad-9f71-3a28050dfffe' before making global git config changes
2025-08-16T23:44:57.7973548Z Adding repository directory to the temporary git global config as a safe directory
2025-08-16T23:44:57.7978281Z [command]/usr/bin/git config --global --add safe.directory /home/runner/work/AWA-App/AWA-App
2025-08-16T23:44:57.8017399Z Deleting the contents of '/home/runner/work/AWA-App/AWA-App'
2025-08-16T23:44:57.8021040Z ##[group]Initializing the repository
2025-08-16T23:44:57.8025442Z [command]/usr/bin/git init /home/runner/work/AWA-App/AWA-App
2025-08-16T23:44:57.8092247Z hint: Using 'master' as the name for the initial branch. This default branch name
2025-08-16T23:44:57.8093131Z hint: is subject to change. To configure the initial branch name to use in all
2025-08-16T23:44:57.8093861Z hint: of your new repositories, which will suppress this warning, call:
2025-08-16T23:44:57.8094199Z hint:
2025-08-16T23:44:57.8094452Z hint: 	git config --global init.defaultBranch <name>
2025-08-16T23:44:57.8094736Z hint:
2025-08-16T23:44:57.8095190Z hint: Names commonly chosen instead of 'master' are 'main', 'trunk' and
2025-08-16T23:44:57.8096278Z hint: 'development'. The just-created branch can be renamed via this command:
2025-08-16T23:44:57.8096707Z hint:
2025-08-16T23:44:57.8096893Z hint: 	git branch -m <name>
2025-08-16T23:44:57.8097147Z hint:
2025-08-16T23:44:57.8097680Z hint: Disable this message with "git config set advice.defaultBranchName false"
2025-08-16T23:44:57.8098619Z Initialized empty Git repository in /home/runner/work/AWA-App/AWA-App/.git/
2025-08-16T23:44:57.8108130Z [command]/usr/bin/git remote add origin https://github.com/AlexBomber12/AWA-App
2025-08-16T23:44:57.8138989Z ##[endgroup]
2025-08-16T23:44:57.8139585Z ##[group]Disabling automatic garbage collection
2025-08-16T23:44:57.8144064Z [command]/usr/bin/git config --local gc.auto 0
2025-08-16T23:44:57.8171027Z ##[endgroup]
2025-08-16T23:44:57.8171613Z ##[group]Setting up auth
2025-08-16T23:44:57.8178585Z [command]/usr/bin/git config --local --name-only --get-regexp core\.sshCommand
2025-08-16T23:44:57.8208123Z [command]/usr/bin/git submodule foreach --recursive sh -c "git config --local --name-only --get-regexp 'core\.sshCommand' && git config --local --unset-all 'core.sshCommand' || :"
2025-08-16T23:44:57.8483998Z [command]/usr/bin/git config --local --name-only --get-regexp http\.https\:\/\/github\.com\/\.extraheader
2025-08-16T23:44:57.8511735Z [command]/usr/bin/git submodule foreach --recursive sh -c "git config --local --name-only --get-regexp 'http\.https\:\/\/github\.com\/\.extraheader' && git config --local --unset-all 'http.https://github.com/.extraheader' || :"
2025-08-16T23:44:57.8725411Z [command]/usr/bin/git config --local http.https://github.com/.extraheader AUTHORIZATION: basic ***
2025-08-16T23:44:57.8762325Z ##[endgroup]
2025-08-16T23:44:57.8763007Z ##[group]Fetching the repository
2025-08-16T23:44:57.8770974Z [command]/usr/bin/git -c protocol.version=2 fetch --no-tags --prune --no-recurse-submodules --depth=1 origin +9fd6124e924e9701d092e021446eacb293cee2b2:refs/remotes/pull/216/merge
2025-08-16T23:44:58.2819116Z From https://github.com/AlexBomber12/AWA-App
2025-08-16T23:44:58.2820357Z  * [new ref]         9fd6124e924e9701d092e021446eacb293cee2b2 -> pull/216/merge
2025-08-16T23:44:58.2850310Z ##[endgroup]
2025-08-16T23:44:58.2851031Z ##[group]Determining the checkout info
2025-08-16T23:44:58.2853286Z ##[endgroup]
2025-08-16T23:44:58.2858860Z [command]/usr/bin/git sparse-checkout disable
2025-08-16T23:44:58.2900246Z [command]/usr/bin/git config --local --unset-all extensions.worktreeConfig
2025-08-16T23:44:58.2928340Z ##[group]Checking out the ref
2025-08-16T23:44:58.2932396Z [command]/usr/bin/git checkout --progress --force refs/remotes/pull/216/merge
2025-08-16T23:44:58.3226355Z Note: switching to 'refs/remotes/pull/216/merge'.
2025-08-16T23:44:58.3227286Z 
2025-08-16T23:44:58.3227897Z You are in 'detached HEAD' state. You can look around, make experimental
2025-08-16T23:44:58.3228989Z changes and commit them, and you can discard any commits you make in this
2025-08-16T23:44:58.3229736Z state without impacting any branches by switching back to a branch.
2025-08-16T23:44:58.3230178Z 
2025-08-16T23:44:58.3230462Z If you want to create a new branch to retain commits you create, you may
2025-08-16T23:44:58.3231106Z do so (now or later) by using -c with the switch command. Example:
2025-08-16T23:44:58.3231481Z 
2025-08-16T23:44:58.3231633Z   git switch -c <new-branch-name>
2025-08-16T23:44:58.3231900Z 
2025-08-16T23:44:58.3232060Z Or undo this operation with:
2025-08-16T23:44:58.3232619Z 
2025-08-16T23:44:58.3232750Z   git switch -
2025-08-16T23:44:58.3232956Z 
2025-08-16T23:44:58.3233298Z Turn off this advice by setting config variable advice.detachedHead to false
2025-08-16T23:44:58.3233811Z 
2025-08-16T23:44:58.3234394Z HEAD is now at 9fd6124 Merge 16e85cdc7383149983c9f190ba13861baf93d9fa into ea1263d06913bb13b49ffd2a9a0ba8f96d7c9677
2025-08-16T23:44:58.3236857Z ##[endgroup]
2025-08-16T23:44:58.3276505Z [command]/usr/bin/git log -1 --format=%H
2025-08-16T23:44:58.3299310Z 9fd6124e924e9701d092e021446eacb293cee2b2
2025-08-16T23:44:58.3459142Z ##[group]Run cat .env.ci >> "$GITHUB_ENV"
2025-08-16T23:44:58.3459497Z [36;1mcat .env.ci >> "$GITHUB_ENV"[0m
2025-08-16T23:44:58.3460179Z [36;1mecho "DATABASE_URL=***localhost:5432/awa" >> "$GITHUB_ENV"[0m
2025-08-16T23:44:58.3460525Z [36;1mecho "PG_HOST=localhost" >> "$GITHUB_ENV"[0m
2025-08-16T23:44:58.3460801Z [36;1mecho "PG_PORT=5432" >> "$GITHUB_ENV"[0m
2025-08-16T23:44:58.3461082Z [36;1mecho "PG_USER=postgres" >> "$GITHUB_ENV"[0m
2025-08-16T23:44:58.3461378Z [36;1mecho "PG_PASSWORD=pass" >> "$GITHUB_ENV"[0m
2025-08-16T23:44:58.3461660Z [36;1mecho "PG_DATABASE=awa" >> "$GITHUB_ENV"[0m
2025-08-16T23:44:58.3507131Z shell: /usr/bin/bash -e {0}
2025-08-16T23:44:58.3507369Z ##[endgroup]
2025-08-16T23:44:58.3680365Z ##[group]Run actions/setup-python@v5
2025-08-16T23:44:58.3680626Z with:
2025-08-16T23:44:58.3680803Z   python-version: 3.12
2025-08-16T23:44:58.3680996Z   cache: pip
2025-08-16T23:44:58.3681210Z   cache-dependency-path: requirements-dev.txt
2025-08-16T23:44:58.3681470Z   check-latest: false
2025-08-16T23:44:58.3681784Z   token: ***
2025-08-16T23:44:58.3681969Z   update-environment: true
2025-08-16T23:44:58.3682190Z   allow-prereleases: false
2025-08-16T23:44:58.3682396Z   freethreaded: false
2025-08-16T23:44:58.3682617Z env:
2025-08-16T23:44:58.3682781Z   PG_USER: postgres
2025-08-16T23:44:58.3682960Z   PG_PASSWORD: pass
2025-08-16T23:44:58.3683140Z   PG_DATABASE: awa
2025-08-16T23:44:58.3683326Z   PG_HOST: localhost
2025-08-16T23:44:58.3683513Z   PG_PORT: 5432
2025-08-16T23:44:58.3683889Z   PG_SYNC_DSN: ***localhost:5432/awa
2025-08-16T23:44:58.3684293Z   PG_ASYNC_DSN: ***localhost:5432/awa
2025-08-16T23:44:58.3684683Z   DATABASE_URL: ***localhost:5432/awa
2025-08-16T23:44:58.3684946Z   DATA_DIR: /tmp/awa-data
2025-08-16T23:44:58.3685145Z   ENABLE_LIVE: 0
2025-08-16T23:44:58.3685313Z   TESTING: 1
2025-08-16T23:44:58.3685468Z ##[endgroup]
2025-08-16T23:44:58.5339501Z ##[group]Installed versions
2025-08-16T23:44:58.5476532Z Successfully set up CPython (3.12.11)
2025-08-16T23:44:58.5478002Z ##[endgroup]
2025-08-16T23:44:58.5914600Z [command]/opt/hostedtoolcache/Python/3.12.11/x64/bin/pip cache dir
2025-08-16T23:44:59.8497699Z /home/runner/.cache/pip
2025-08-16T23:45:00.0189451Z Cache hit for: setup-python-Linux-x64-24.04-Ubuntu-python-3.12.11-pip-dee7c0c28332ec2ebb5d2650fb0d2cfddf025b3b0e96b0c826645ad2cb717961
2025-08-16T23:45:01.3403421Z Received 67108864 of 271557671 (24.7%), 63.9 MBs/sec
2025-08-16T23:45:02.3426507Z Received 226492416 of 271557671 (83.4%), 107.9 MBs/sec
2025-08-16T23:45:02.7171137Z Received 271557671 of 271557671 (100.0%), 108.9 MBs/sec
2025-08-16T23:45:02.7173680Z Cache Size: ~259 MB (271557671 B)
2025-08-16T23:45:02.7213113Z [command]/usr/bin/tar -xf /home/runner/work/_temp/6a7bf31c-3a00-4f83-b292-bcfa073a89d6/cache.tzst -P -C /home/runner/work/AWA-App/AWA-App --use-compress-program unzstd
2025-08-16T23:45:03.1650325Z Cache restored successfully
2025-08-16T23:45:03.2157070Z Cache restored from key: setup-python-Linux-x64-24.04-Ubuntu-python-3.12.11-pip-dee7c0c28332ec2ebb5d2650fb0d2cfddf025b3b0e96b0c826645ad2cb717961
2025-08-16T23:45:03.2314164Z ##[group]Run pip install -r requirements-dev.txt
2025-08-16T23:45:03.2314541Z [36;1mpip install -r requirements-dev.txt[0m
2025-08-16T23:45:03.2314841Z [36;1mpip install keepa==1.3.15 minio==7.1.15[0m
2025-08-16T23:45:03.2358535Z shell: /usr/bin/bash -e {0}
2025-08-16T23:45:03.2358764Z env:
2025-08-16T23:45:03.2358939Z   PG_USER: postgres
2025-08-16T23:45:03.2359313Z   PG_PASSWORD: pass
2025-08-16T23:45:03.2359500Z   PG_DATABASE: awa
2025-08-16T23:45:03.2359683Z   PG_HOST: localhost
2025-08-16T23:45:03.2359867Z   PG_PORT: 5432
2025-08-16T23:45:03.2360347Z   PG_SYNC_DSN: ***localhost:5432/awa
2025-08-16T23:45:03.2360797Z   PG_ASYNC_DSN: ***localhost:5432/awa
2025-08-16T23:45:03.2361192Z   DATABASE_URL: ***localhost:5432/awa
2025-08-16T23:45:03.2361430Z   DATA_DIR: /tmp/awa-data
2025-08-16T23:45:03.2361640Z   ENABLE_LIVE: 0
2025-08-16T23:45:03.2361812Z   TESTING: 1
2025-08-16T23:45:03.2362051Z   pythonLocation: /opt/hostedtoolcache/Python/3.12.11/x64
2025-08-16T23:45:03.2362483Z   PKG_CONFIG_PATH: /opt/hostedtoolcache/Python/3.12.11/x64/lib/pkgconfig
2025-08-16T23:45:03.2362872Z   Python_ROOT_DIR: /opt/hostedtoolcache/Python/3.12.11/x64
2025-08-16T23:45:03.2363220Z   Python2_ROOT_DIR: /opt/hostedtoolcache/Python/3.12.11/x64
2025-08-16T23:45:03.2363567Z   Python3_ROOT_DIR: /opt/hostedtoolcache/Python/3.12.11/x64
2025-08-16T23:45:03.2363921Z   LD_LIBRARY_PATH: /opt/hostedtoolcache/Python/3.12.11/x64/lib
2025-08-16T23:45:03.2364214Z ##[endgroup]
2025-08-16T23:45:04.5818435Z Collecting Jinja2==3.1.6 (from -r requirements-dev.txt (line 2))
2025-08-16T23:45:04.5831268Z   Using cached jinja2-3.1.6-py3-none-any.whl.metadata (2.9 kB)
2025-08-16T23:45:04.6191661Z Collecting alembic==1.13.1 (from -r requirements-dev.txt (line 3))
2025-08-16T23:45:04.6203173Z   Using cached alembic-1.13.1-py3-none-any.whl.metadata (7.4 kB)
2025-08-16T23:45:04.6499395Z Collecting apscheduler==3.10.4 (from -r requirements-dev.txt (line 4))
2025-08-16T23:45:04.6512419Z   Using cached APScheduler-3.10.4-py3-none-any.whl.metadata (5.7 kB)
2025-08-16T23:45:04.7041266Z Collecting asyncpg==0.30.0 (from -r requirements-dev.txt (line 5))
2025-08-16T23:45:04.7053194Z   Using cached asyncpg-0.30.0-cp312-cp312-manylinux_2_17_x86_64.manylinux2014_x86_64.whl.metadata (5.0 kB)
2025-08-16T23:45:04.7821431Z Collecting black==25.1.0 (from -r requirements-dev.txt (line 6))
2025-08-16T23:45:04.7833343Z   Using cached black-25.1.0-cp312-cp312-manylinux_2_17_x86_64.manylinux2014_x86_64.manylinux_2_28_x86_64.whl.metadata (81 kB)
2025-08-16T23:45:05.2121775Z Collecting boto3 (from -r requirements-dev.txt (line 7))
2025-08-16T23:45:05.2887068Z   Downloading boto3-1.40.11-py3-none-any.whl.metadata (6.7 kB)
2025-08-16T23:45:05.3477829Z Collecting celery==5.4.0 (from -r requirements-dev.txt (line 8))
2025-08-16T23:45:05.3490202Z   Using cached celery-5.4.0-py3-none-any.whl.metadata (21 kB)
2025-08-16T23:45:05.4221682Z Collecting fastapi==0.116.1 (from -r requirements-dev.txt (line 9))
2025-08-16T23:45:05.4235232Z   Using cached fastapi-0.116.1-py3-none-any.whl.metadata (28 kB)
2025-08-16T23:45:05.4608153Z Collecting httpx<0.29,>=0.27 (from -r requirements-dev.txt (line 11))
2025-08-16T23:45:05.4620036Z   Using cached httpx-0.28.1-py3-none-any.whl.metadata (7.1 kB)
2025-08-16T23:45:05.4877144Z Collecting imapclient==3.0.1 (from -r requirements-dev.txt (line 12))
2025-08-16T23:45:05.4889456Z   Using cached IMAPClient-3.0.1-py2.py3-none-any.whl.metadata (1.7 kB)
2025-08-16T23:45:05.5120606Z Collecting itsdangerous (from -r requirements-dev.txt (line 13))
2025-08-16T23:45:05.5132999Z   Using cached itsdangerous-2.2.0-py3-none-any.whl.metadata (1.9 kB)
2025-08-16T23:45:05.6245594Z Collecting mypy==1.* (from -r requirements-dev.txt (line 14))
2025-08-16T23:45:05.6259933Z   Using cached mypy-1.17.1-cp312-cp312-manylinux2014_x86_64.manylinux_2_17_x86_64.manylinux_2_28_x86_64.whl.metadata (2.2 kB)
2025-08-16T23:45:05.6480142Z Collecting mypy-extensions==1.1.0 (from -r requirements-dev.txt (line 15))
2025-08-16T23:45:05.6492673Z   Using cached mypy_extensions-1.1.0-py3-none-any.whl.metadata (1.1 kB)
2025-08-16T23:45:05.6789388Z Collecting openpyxl==3.1.5 (from -r requirements-dev.txt (line 16))
2025-08-16T23:45:05.6801370Z   Using cached openpyxl-3.1.5-py2.py3-none-any.whl.metadata (2.5 kB)
2025-08-16T23:45:05.7938449Z Collecting pandas==2.3.1 (from -r requirements-dev.txt (line 17))
2025-08-16T23:45:05.7952673Z   Using cached pandas-2.3.1-cp312-cp312-manylinux_2_17_x86_64.manylinux2014_x86_64.whl.metadata (91 kB)
2025-08-16T23:45:05.9199543Z Collecting psycopg2-binary==2.9.9 (from -r requirements-dev.txt (line 18))
2025-08-16T23:45:05.9213077Z   Using cached psycopg2_binary-2.9.9-cp312-cp312-manylinux_2_17_x86_64.manylinux2014_x86_64.whl.metadata (4.4 kB)
2025-08-16T23:45:05.9498122Z Collecting psycopg==3.2.9 (from psycopg[binary]==3.2.9->-r requirements-dev.txt (line 19))
2025-08-16T23:45:05.9510014Z   Using cached psycopg-3.2.9-py3-none-any.whl.metadata (4.5 kB)
2025-08-16T23:45:06.0699571Z Collecting pydantic==2.11.7 (from -r requirements-dev.txt (line 20))
2025-08-16T23:45:06.0713724Z   Using cached pydantic-2.11.7-py3-none-any.whl.metadata (67 kB)
2025-08-16T23:45:06.2049495Z Collecting setuptools (from -r requirements-dev.txt (line 21))
2025-08-16T23:45:06.2063014Z   Using cached setuptools-80.9.0-py3-none-any.whl.metadata (6.6 kB)
2025-08-16T23:45:06.2474899Z Collecting pytest-asyncio==0.23.6 (from -r requirements-dev.txt (line 22))
2025-08-16T23:45:06.2487041Z   Using cached pytest_asyncio-0.23.6-py3-none-any.whl.metadata (3.9 kB)
2025-08-16T23:45:06.2763303Z Collecting pytest-cov==6.2.1 (from -r requirements-dev.txt (line 23))
2025-08-16T23:45:06.2776375Z   Using cached pytest_cov-6.2.1-py3-none-any.whl.metadata (30 kB)
2025-08-16T23:45:06.3058524Z Collecting pytest-postgresql==7.0.2 (from -r requirements-dev.txt (line 24))
2025-08-16T23:45:06.3070121Z   Using cached pytest_postgresql-7.0.2-py3-none-any.whl.metadata (18 kB)
2025-08-16T23:45:06.3409997Z Collecting python-dotenv (from -r requirements-dev.txt (line 25))
2025-08-16T23:45:06.3421778Z   Using cached python_dotenv-1.1.1-py3-none-any.whl.metadata (24 kB)
2025-08-16T23:45:06.3689545Z Collecting python-multipart (from -r requirements-dev.txt (line 26))
2025-08-16T23:45:06.3701485Z   Using cached python_multipart-0.0.20-py3-none-any.whl.metadata (1.8 kB)
2025-08-16T23:45:06.4130699Z Collecting python-telegram-bot==22.2 (from -r requirements-dev.txt (line 27))
2025-08-16T23:45:06.4143119Z   Using cached python_telegram_bot-22.2-py3-none-any.whl.metadata (17 kB)
2025-08-16T23:45:06.4544121Z Collecting requests==2.32.4 (from -r requirements-dev.txt (line 28))
2025-08-16T23:45:06.4555929Z   Using cached requests-2.32.4-py3-none-any.whl.metadata (4.9 kB)
2025-08-16T23:45:06.4842032Z Collecting respx==0.22.0 (from -r requirements-dev.txt (line 29))
2025-08-16T23:45:06.4854403Z   Using cached respx-0.22.0-py2.py3-none-any.whl.metadata (4.1 kB)
2025-08-16T23:45:06.9424065Z Collecting ruff==0.4.4 (from -r requirements-dev.txt (line 30))
2025-08-16T23:45:06.9439325Z   Using cached ruff-0.4.4-py3-none-manylinux_2_17_x86_64.manylinux2014_x86_64.whl.metadata (23 kB)
2025-08-16T23:45:07.2580801Z Collecting sqlalchemy==2.0.29 (from -r requirements-dev.txt (line 31))
2025-08-16T23:45:07.2594357Z   Using cached SQLAlchemy-2.0.29-cp312-cp312-manylinux_2_17_x86_64.manylinux2014_x86_64.whl.metadata (9.6 kB)
2025-08-16T23:45:07.2960475Z Collecting testcontainers==4.10.0 (from testcontainers[postgres]==4.10.0->-r requirements-dev.txt (line 32))
2025-08-16T23:45:07.2971925Z   Using cached testcontainers-4.10.0-py3-none-any.whl.metadata (7.8 kB)
2025-08-16T23:45:07.3451815Z Collecting types-requests==2.32.0.20240602 (from -r requirements-dev.txt (line 33))
2025-08-16T23:45:07.3463391Z   Using cached types_requests-2.32.0.20240602-py3-none-any.whl.metadata (1.8 kB)
2025-08-16T23:45:07.3718135Z Collecting docspec-python==2.2.2 (from -r requirements-dev.txt (line 34))
2025-08-16T23:45:07.3729572Z   Using cached docspec_python-2.2.2-py3-none-any.whl.metadata (1.0 kB)
2025-08-16T23:45:07.4377180Z Collecting pydoc-markdown==4.8.2 (from -r requirements-dev.txt (line 35))
2025-08-16T23:45:07.4388725Z   Using cached pydoc_markdown-4.8.2-py3-none-any.whl.metadata (5.9 kB)
2025-08-16T23:45:07.5030245Z Collecting MarkupSafe>=2.0 (from Jinja2==3.1.6->-r requirements-dev.txt (line 2))
2025-08-16T23:45:07.5043770Z   Using cached MarkupSafe-3.0.2-cp312-cp312-manylinux_2_17_x86_64.manylinux2014_x86_64.whl.metadata (4.0 kB)
2025-08-16T23:45:07.5465945Z Collecting Mako (from alembic==1.13.1->-r requirements-dev.txt (line 3))
2025-08-16T23:45:07.5478583Z   Using cached mako-1.3.10-py3-none-any.whl.metadata (2.9 kB)
2025-08-16T23:45:07.5768325Z Collecting typing-extensions>=4 (from alembic==1.13.1->-r requirements-dev.txt (line 3))
2025-08-16T23:45:07.5780309Z   Using cached typing_extensions-4.14.1-py3-none-any.whl.metadata (3.0 kB)
2025-08-16T23:45:07.6035381Z Collecting six>=1.4.0 (from apscheduler==3.10.4->-r requirements-dev.txt (line 4))
2025-08-16T23:45:07.6047038Z   Using cached six-1.17.0-py2.py3-none-any.whl.metadata (1.7 kB)
2025-08-16T23:45:07.6501395Z Collecting pytz (from apscheduler==3.10.4->-r requirements-dev.txt (line 4))
2025-08-16T23:45:07.6513793Z   Using cached pytz-2025.2-py2.py3-none-any.whl.metadata (22 kB)
2025-08-16T23:45:07.6860306Z Collecting tzlocal!=3.*,>=2.0 (from apscheduler==3.10.4->-r requirements-dev.txt (line 4))
2025-08-16T23:45:07.6871905Z   Using cached tzlocal-5.3.1-py3-none-any.whl.metadata (7.6 kB)
2025-08-16T23:45:07.7189037Z Collecting click>=8.0.0 (from black==25.1.0->-r requirements-dev.txt (line 6))
2025-08-16T23:45:07.7200792Z   Using cached click-8.2.1-py3-none-any.whl.metadata (2.5 kB)
2025-08-16T23:45:07.7483119Z Collecting packaging>=22.0 (from black==25.1.0->-r requirements-dev.txt (line 6))
2025-08-16T23:45:07.7495051Z   Using cached packaging-25.0-py3-none-any.whl.metadata (3.3 kB)
2025-08-16T23:45:07.7726254Z Collecting pathspec>=0.9.0 (from black==25.1.0->-r requirements-dev.txt (line 6))
2025-08-16T23:45:07.7737936Z   Using cached pathspec-0.12.1-py3-none-any.whl.metadata (21 kB)
2025-08-16T23:45:07.8036891Z Collecting platformdirs>=2 (from black==25.1.0->-r requirements-dev.txt (line 6))
2025-08-16T23:45:07.8048461Z   Using cached platformdirs-4.3.8-py3-none-any.whl.metadata (12 kB)
2025-08-16T23:45:07.8355196Z Collecting billiard<5.0,>=4.2.0 (from celery==5.4.0->-r requirements-dev.txt (line 8))
2025-08-16T23:45:07.8368519Z   Using cached billiard-4.2.1-py3-none-any.whl.metadata (4.4 kB)
2025-08-16T23:45:07.8804183Z Collecting kombu<6.0,>=5.3.4 (from celery==5.4.0->-r requirements-dev.txt (line 8))
2025-08-16T23:45:07.8816727Z   Using cached kombu-5.5.4-py3-none-any.whl.metadata (3.5 kB)
2025-08-16T23:45:07.9140325Z Collecting vine<6.0,>=5.1.0 (from celery==5.4.0->-r requirements-dev.txt (line 8))
2025-08-16T23:45:07.9152489Z   Using cached vine-5.1.0-py3-none-any.whl.metadata (2.7 kB)
2025-08-16T23:45:07.9472782Z Collecting click-didyoumean>=0.3.0 (from celery==5.4.0->-r requirements-dev.txt (line 8))
2025-08-16T23:45:07.9485456Z   Using cached click_didyoumean-0.3.1-py3-none-any.whl.metadata (3.9 kB)
2025-08-16T23:45:07.9730642Z Collecting click-repl>=0.2.0 (from celery==5.4.0->-r requirements-dev.txt (line 8))
2025-08-16T23:45:07.9742631Z   Using cached click_repl-0.3.0-py3-none-any.whl.metadata (3.6 kB)
2025-08-16T23:45:07.9976037Z Collecting click-plugins>=1.1.1 (from celery==5.4.0->-r requirements-dev.txt (line 8))
2025-08-16T23:45:07.9988214Z   Using cached click_plugins-1.1.1.2-py2.py3-none-any.whl.metadata (6.5 kB)
2025-08-16T23:45:08.0243472Z Collecting tzdata>=2022.7 (from celery==5.4.0->-r requirements-dev.txt (line 8))
2025-08-16T23:45:08.0255337Z   Using cached tzdata-2025.2-py2.py3-none-any.whl.metadata (1.4 kB)
2025-08-16T23:45:08.0507234Z Collecting python-dateutil>=2.8.2 (from celery==5.4.0->-r requirements-dev.txt (line 8))
2025-08-16T23:45:08.0519360Z   Using cached python_dateutil-2.9.0.post0-py2.py3-none-any.whl.metadata (8.4 kB)
2025-08-16T23:45:08.0953566Z Collecting starlette<0.48.0,>=0.40.0 (from fastapi==0.116.1->-r requirements-dev.txt (line 9))
2025-08-16T23:45:08.0967139Z   Using cached starlette-0.47.2-py3-none-any.whl.metadata (6.2 kB)
2025-08-16T23:45:08.1477506Z Collecting annotated-types>=0.6.0 (from pydantic==2.11.7->-r requirements-dev.txt (line 20))
2025-08-16T23:45:08.1489783Z   Using cached annotated_types-0.7.0-py3-none-any.whl.metadata (15 kB)
2025-08-16T23:45:08.9225289Z Collecting pydantic-core==2.33.2 (from pydantic==2.11.7->-r requirements-dev.txt (line 20))
2025-08-16T23:45:08.9239898Z   Using cached pydantic_core-2.33.2-cp312-cp312-manylinux_2_17_x86_64.manylinux2014_x86_64.whl.metadata (6.8 kB)
2025-08-16T23:45:08.9499072Z Collecting typing-inspection>=0.4.0 (from pydantic==2.11.7->-r requirements-dev.txt (line 20))
2025-08-16T23:45:08.9511248Z   Using cached typing_inspection-0.4.1-py3-none-any.whl.metadata (2.6 kB)
2025-08-16T23:45:08.9736741Z Collecting et-xmlfile (from openpyxl==3.1.5->-r requirements-dev.txt (line 16))
2025-08-16T23:45:08.9749492Z   Using cached et_xmlfile-2.0.0-py3-none-any.whl.metadata (2.7 kB)
2025-08-16T23:45:09.2112309Z Collecting numpy>=1.26.0 (from pandas==2.3.1->-r requirements-dev.txt (line 17))
2025-08-16T23:45:09.2126652Z   Using cached numpy-2.3.2-cp312-cp312-manylinux_2_27_x86_64.manylinux_2_28_x86_64.whl.metadata (62 kB)
2025-08-16T23:45:09.2813541Z Collecting pytest<9,>=7.0.0 (from pytest-asyncio==0.23.6->-r requirements-dev.txt (line 22))
2025-08-16T23:45:09.2825478Z   Using cached pytest-8.4.1-py3-none-any.whl.metadata (7.7 kB)
2025-08-16T23:45:09.6011908Z Collecting coverage>=7.5 (from coverage[toml]>=7.5->pytest-cov==6.2.1->-r requirements-dev.txt (line 23))
2025-08-16T23:45:09.6026301Z   Using cached coverage-7.10.3-cp312-cp312-manylinux1_x86_64.manylinux_2_28_x86_64.manylinux_2_5_x86_64.whl.metadata (8.9 kB)
2025-08-16T23:45:09.6276396Z Collecting pluggy>=1.2 (from pytest-cov==6.2.1->-r requirements-dev.txt (line 23))
2025-08-16T23:45:09.6288445Z   Using cached pluggy-1.6.0-py3-none-any.whl.metadata (4.8 kB)
2025-08-16T23:45:09.6667289Z Collecting port-for>=0.7.3 (from pytest-postgresql==7.0.2->-r requirements-dev.txt (line 24))
2025-08-16T23:45:09.6678903Z   Using cached port_for-0.7.4-py3-none-any.whl.metadata (7.1 kB)
2025-08-16T23:45:09.6949464Z Collecting mirakuru>=2.6.0 (from pytest-postgresql==7.0.2->-r requirements-dev.txt (line 24))
2025-08-16T23:45:09.6960994Z   Using cached mirakuru-2.6.1-py3-none-any.whl.metadata (10 kB)
2025-08-16T23:45:09.7889957Z Collecting charset_normalizer<4,>=2 (from requests==2.32.4->-r requirements-dev.txt (line 28))
2025-08-16T23:45:09.7903405Z   Using cached charset_normalizer-3.4.3-cp312-cp312-manylinux2014_x86_64.manylinux_2_17_x86_64.manylinux_2_28_x86_64.whl.metadata (36 kB)
2025-08-16T23:45:09.8173653Z Collecting idna<4,>=2.5 (from requests==2.32.4->-r requirements-dev.txt (line 28))
2025-08-16T23:45:09.8185309Z   Using cached idna-3.10-py3-none-any.whl.metadata (10 kB)
2025-08-16T23:45:09.8577738Z Collecting urllib3<3,>=1.21.1 (from requests==2.32.4->-r requirements-dev.txt (line 28))
2025-08-16T23:45:09.8590097Z   Using cached urllib3-2.5.0-py3-none-any.whl.metadata (6.5 kB)
2025-08-16T23:45:09.9020912Z Collecting certifi>=2017.4.17 (from requests==2.32.4->-r requirements-dev.txt (line 28))
2025-08-16T23:45:09.9033730Z   Using cached certifi-2025.8.3-py3-none-any.whl.metadata (2.4 kB)
2025-08-16T23:45:10.0508981Z Collecting greenlet!=0.4.17 (from sqlalchemy==2.0.29->-r requirements-dev.txt (line 31))
2025-08-16T23:45:10.0522751Z   Using cached greenlet-3.2.4-cp312-cp312-manylinux_2_24_x86_64.manylinux_2_28_x86_64.whl.metadata (4.1 kB)
2025-08-16T23:45:10.1617201Z Collecting docker (from testcontainers==4.10.0->testcontainers[postgres]==4.10.0->-r requirements-dev.txt (line 32))
2025-08-16T23:45:10.1631340Z   Using cached docker-7.1.0-py3-none-any.whl.metadata (3.8 kB)
2025-08-16T23:45:10.2700679Z Collecting wrapt (from testcontainers==4.10.0->testcontainers[postgres]==4.10.0->-r requirements-dev.txt (line 32))
2025-08-16T23:45:10.2714173Z   Using cached wrapt-1.17.3-cp312-cp312-manylinux1_x86_64.manylinux_2_28_x86_64.manylinux_2_5_x86_64.whl.metadata (6.4 kB)
2025-08-16T23:45:10.3099279Z Collecting docspec==2.2.1 (from docspec-python==2.2.2->-r requirements-dev.txt (line 34))
2025-08-16T23:45:10.3111267Z   Using cached docspec-2.2.1-py3-none-any.whl.metadata (1.5 kB)
2025-08-16T23:45:10.3384224Z Collecting nr-util>=0.8.12 (from docspec-python==2.2.2->-r requirements-dev.txt (line 34))
2025-08-16T23:45:10.3395556Z   Using cached nr.util-0.8.12-py3-none-any.whl.metadata (813 bytes)
2025-08-16T23:45:10.3849795Z Collecting PyYAML<7.0,>=5.0 (from pydoc-markdown==4.8.2->-r requirements-dev.txt (line 35))
2025-08-16T23:45:10.3861549Z   Using cached PyYAML-6.0.2-cp312-cp312-manylinux_2_17_x86_64.manylinux2014_x86_64.whl.metadata (2.1 kB)
2025-08-16T23:45:10.4291859Z Collecting databind.core<5.0.0,>=4.4.0 (from pydoc-markdown==4.8.2->-r requirements-dev.txt (line 35))
2025-08-16T23:45:10.4303244Z   Using cached databind.core-4.5.2-py3-none-any.whl.metadata (1.1 kB)
2025-08-16T23:45:10.4627741Z Collecting databind.json<5.0.0,>=4.4.0 (from pydoc-markdown==4.8.2->-r requirements-dev.txt (line 35))
2025-08-16T23:45:10.4639171Z   Using cached databind.json-4.5.2-py3-none-any.whl.metadata (1.1 kB)
2025-08-16T23:45:10.4908985Z Collecting docstring-parser<0.12,>=0.11 (from pydoc-markdown==4.8.2->-r requirements-dev.txt (line 35))
2025-08-16T23:45:10.4910352Z   Using cached docstring_parser-0.11-py3-none-any.whl
2025-08-16T23:45:10.5339137Z Collecting tomli<3.0.0,>=2.0.0 (from pydoc-markdown==4.8.2->-r requirements-dev.txt (line 35))
2025-08-16T23:45:10.5351339Z   Using cached tomli-2.2.1-cp312-cp312-manylinux_2_17_x86_64.manylinux2014_x86_64.whl.metadata (11 kB)
2025-08-16T23:45:10.5582381Z Collecting tomli_w<2.0.0,>=1.0.0 (from pydoc-markdown==4.8.2->-r requirements-dev.txt (line 35))
2025-08-16T23:45:10.5594049Z   Using cached tomli_w-1.2.0-py3-none-any.whl.metadata (5.7 kB)
2025-08-16T23:45:10.6177016Z Collecting watchdog (from pydoc-markdown==4.8.2->-r requirements-dev.txt (line 35))
2025-08-16T23:45:10.6189825Z   Using cached watchdog-6.0.0-py3-none-manylinux2014_x86_64.whl.metadata (44 kB)
2025-08-16T23:45:10.6540091Z Collecting yapf>=0.30.0 (from pydoc-markdown==4.8.2->-r requirements-dev.txt (line 35))
2025-08-16T23:45:10.6551815Z   Using cached yapf-0.43.0-py3-none-any.whl.metadata (46 kB)
2025-08-16T23:45:10.6886589Z Collecting Deprecated<2.0.0,>=1.2.12 (from docspec==2.2.1->docspec-python==2.2.2->-r requirements-dev.txt (line 34))
2025-08-16T23:45:10.6898452Z   Using cached Deprecated-1.2.18-py2.py3-none-any.whl.metadata (5.7 kB)
2025-08-16T23:45:10.8529200Z Collecting psycopg-binary==3.2.9 (from psycopg[binary]==3.2.9->-r requirements-dev.txt (line 19))
2025-08-16T23:45:10.8543053Z   Using cached psycopg_binary-3.2.9-cp312-cp312-manylinux_2_17_x86_64.manylinux2014_x86_64.whl.metadata (2.9 kB)
2025-08-16T23:45:10.8958969Z Collecting anyio (from httpx<0.29,>=0.27->-r requirements-dev.txt (line 11))
2025-08-16T23:45:10.8972944Z   Using cached anyio-4.10.0-py3-none-any.whl.metadata (4.0 kB)
2025-08-16T23:45:10.9275505Z Collecting httpcore==1.* (from httpx<0.29,>=0.27->-r requirements-dev.txt (line 11))
2025-08-16T23:45:10.9287858Z   Using cached httpcore-1.0.9-py3-none-any.whl.metadata (21 kB)
2025-08-16T23:45:10.9744838Z Collecting databind<5.0.0,>=4.5.2 (from databind.core<5.0.0,>=4.4.0->pydoc-markdown==4.8.2->-r requirements-dev.txt (line 35))
2025-08-16T23:45:10.9757603Z   Using cached databind-4.5.2-py3-none-any.whl.metadata (4.3 kB)
2025-08-16T23:45:11.0000140Z Collecting nr-date<3.0.0,>=2.0.0 (from databind<5.0.0,>=4.5.2->databind.core<5.0.0,>=4.4.0->pydoc-markdown==4.8.2->-r requirements-dev.txt (line 35))
2025-08-16T23:45:11.0012068Z   Using cached nr_date-2.1.0-py3-none-any.whl.metadata (746 bytes)
2025-08-16T23:45:11.0259254Z Collecting nr-stream<2.0.0,>=1.0.0 (from databind<5.0.0,>=4.5.2->databind.core<5.0.0,>=4.4.0->pydoc-markdown==4.8.2->-r requirements-dev.txt (line 35))
2025-08-16T23:45:11.0271366Z   Using cached nr_stream-1.1.5-py3-none-any.whl.metadata (3.6 kB)
2025-08-16T23:45:11.0558467Z Collecting typeapi<3,>=2.0.1 (from databind<5.0.0,>=4.5.2->databind.core<5.0.0,>=4.4.0->pydoc-markdown==4.8.2->-r requirements-dev.txt (line 35))
2025-08-16T23:45:11.0571332Z   Using cached typeapi-2.2.4-py3-none-any.whl.metadata (1.5 kB)
2025-08-16T23:45:11.0964028Z Collecting h11>=0.16 (from httpcore==1.*->httpx<0.29,>=0.27->-r requirements-dev.txt (line 11))
2025-08-16T23:45:11.0976743Z   Using cached h11-0.16.0-py3-none-any.whl.metadata (8.3 kB)
2025-08-16T23:45:11.1324404Z Collecting amqp<6.0.0,>=5.1.1 (from kombu<6.0,>=5.3.4->celery==5.4.0->-r requirements-dev.txt (line 8))
2025-08-16T23:45:11.1336860Z   Using cached amqp-5.3.1-py3-none-any.whl.metadata (8.9 kB)
2025-08-16T23:45:11.1799110Z Collecting iniconfig>=1 (from pytest<9,>=7.0.0->pytest-asyncio==0.23.6->-r requirements-dev.txt (line 22))
2025-08-16T23:45:11.1811090Z   Using cached iniconfig-2.1.0-py3-none-any.whl.metadata (2.7 kB)
2025-08-16T23:45:11.2165294Z Collecting pygments>=2.7.2 (from pytest<9,>=7.0.0->pytest-asyncio==0.23.6->-r requirements-dev.txt (line 22))
2025-08-16T23:45:11.2177106Z   Using cached pygments-2.19.2-py3-none-any.whl.metadata (2.5 kB)
2025-08-16T23:45:11.2650422Z Collecting sniffio>=1.1 (from anyio->httpx<0.29,>=0.27->-r requirements-dev.txt (line 11))
2025-08-16T23:45:11.2662336Z   Using cached sniffio-1.3.1-py3-none-any.whl.metadata (3.9 kB)
2025-08-16T23:45:11.6451598Z Collecting botocore<1.41.0,>=1.40.11 (from boto3->-r requirements-dev.txt (line 7))
2025-08-16T23:45:11.6613634Z   Downloading botocore-1.40.11-py3-none-any.whl.metadata (5.7 kB)
2025-08-16T23:45:11.6881950Z Collecting jmespath<2.0.0,>=0.7.1 (from boto3->-r requirements-dev.txt (line 7))
2025-08-16T23:45:11.6893543Z   Using cached jmespath-1.0.1-py3-none-any.whl.metadata (7.6 kB)
2025-08-16T23:45:11.7172080Z Collecting s3transfer<0.14.0,>=0.13.0 (from boto3->-r requirements-dev.txt (line 7))
2025-08-16T23:45:11.7183860Z   Using cached s3transfer-0.13.1-py3-none-any.whl.metadata (1.7 kB)
2025-08-16T23:45:11.8742397Z Collecting fastapi-cli>=0.0.8 (from fastapi-cli[standard]>=0.0.8; extra == "all"->fastapi[all]->-r requirements-dev.txt (line 10))
2025-08-16T23:45:11.8754776Z   Using cached fastapi_cli-0.0.8-py3-none-any.whl.metadata (6.3 kB)
2025-08-16T23:45:12.0530867Z Collecting ujson!=4.0.2,!=4.1.0,!=4.2.0,!=4.3.0,!=5.0.0,!=5.1.0,>=4.0.1 (from fastapi[all]->-r requirements-dev.txt (line 10))
2025-08-16T23:45:12.0544458Z   Using cached ujson-5.10.0-cp312-cp312-manylinux_2_17_x86_64.manylinux2014_x86_64.whl.metadata (9.3 kB)
2025-08-16T23:45:12.2973552Z Collecting orjson>=3.2.1 (from fastapi[all]->-r requirements-dev.txt (line 10))
2025-08-16T23:45:12.2987745Z   Using cached orjson-3.11.2-cp312-cp312-manylinux_2_17_x86_64.manylinux2014_x86_64.whl.metadata (1.2 kB)
2025-08-16T23:45:12.3246962Z Collecting email-validator>=2.0.0 (from fastapi[all]->-r requirements-dev.txt (line 10))
2025-08-16T23:45:12.3258780Z   Using cached email_validator-2.2.0-py3-none-any.whl.metadata (25 kB)
2025-08-16T23:45:12.3701506Z Collecting uvicorn>=0.12.0 (from uvicorn[standard]>=0.12.0; extra == "all"->fastapi[all]->-r requirements-dev.txt (line 10))
2025-08-16T23:45:12.3713510Z   Using cached uvicorn-0.35.0-py3-none-any.whl.metadata (6.5 kB)
2025-08-16T23:45:12.4010667Z Collecting pydantic-settings>=2.0.0 (from fastapi[all]->-r requirements-dev.txt (line 10))
2025-08-16T23:45:12.4022808Z   Using cached pydantic_settings-2.10.1-py3-none-any.whl.metadata (3.4 kB)
2025-08-16T23:45:12.4294250Z Collecting pydantic-extra-types>=2.0.0 (from fastapi[all]->-r requirements-dev.txt (line 10))
2025-08-16T23:45:12.4306409Z   Using cached pydantic_extra_types-2.10.5-py3-none-any.whl.metadata (3.9 kB)
2025-08-16T23:45:12.5140145Z Collecting prompt-toolkit>=3.0.36 (from click-repl>=0.2.0->celery==5.4.0->-r requirements-dev.txt (line 8))
2025-08-16T23:45:12.5152301Z   Using cached prompt_toolkit-3.0.51-py3-none-any.whl.metadata (6.4 kB)
2025-08-16T23:45:12.5459541Z Collecting dnspython>=2.0.0 (from email-validator>=2.0.0->fastapi[all]->-r requirements-dev.txt (line 10))
2025-08-16T23:45:12.5471323Z   Using cached dnspython-2.7.0-py3-none-any.whl.metadata (5.8 kB)
2025-08-16T23:45:12.5915666Z Collecting typer>=0.15.1 (from fastapi-cli>=0.0.8->fastapi-cli[standard]>=0.0.8; extra == "all"->fastapi[all]->-r requirements-dev.txt (line 10))
2025-08-16T23:45:12.5927806Z   Using cached typer-0.16.0-py3-none-any.whl.metadata (15 kB)
2025-08-16T23:45:12.6327300Z Collecting rich-toolkit>=0.14.8 (from fastapi-cli>=0.0.8->fastapi-cli[standard]>=0.0.8; extra == "all"->fastapi[all]->-r requirements-dev.txt (line 10))
2025-08-16T23:45:12.6338503Z   Using cached rich_toolkit-0.15.0-py3-none-any.whl.metadata (1.0 kB)
2025-08-16T23:45:12.6598639Z Collecting fastapi-cloud-cli>=0.1.1 (from fastapi-cli[standard]>=0.0.8; extra == "all"->fastapi[all]->-r requirements-dev.txt (line 10))
2025-08-16T23:45:12.6609667Z   Using cached fastapi_cloud_cli-0.1.5-py3-none-any.whl.metadata (3.2 kB)
2025-08-16T23:45:12.7467945Z Collecting rignore>=0.5.1 (from fastapi-cloud-cli>=0.1.1->fastapi-cli[standard]>=0.0.8; extra == "all"->fastapi[all]->-r requirements-dev.txt (line 10))
2025-08-16T23:45:12.7482322Z   Using cached rignore-0.6.4-cp312-cp312-manylinux_2_17_x86_64.manylinux2014_x86_64.whl.metadata (3.8 kB)
2025-08-16T23:45:12.8473486Z Collecting sentry-sdk>=2.20.0 (from fastapi-cloud-cli>=0.1.1->fastapi-cli[standard]>=0.0.8; extra == "all"->fastapi[all]->-r requirements-dev.txt (line 10))
2025-08-16T23:45:12.8630225Z   Downloading sentry_sdk-2.35.0-py2.py3-none-any.whl.metadata (10 kB)
2025-08-16T23:45:12.9717183Z Collecting psutil>=4.0.0 (from mirakuru>=2.6.0->pytest-postgresql==7.0.2->-r requirements-dev.txt (line 24))
2025-08-16T23:45:12.9730625Z   Using cached psutil-7.0.0-cp36-abi3-manylinux_2_12_x86_64.manylinux2010_x86_64.manylinux_2_17_x86_64.manylinux2014_x86_64.whl.metadata (22 kB)
2025-08-16T23:45:13.0241747Z Collecting wcwidth (from prompt-toolkit>=3.0.36->click-repl>=0.2.0->celery==5.4.0->-r requirements-dev.txt (line 8))
2025-08-16T23:45:13.0253094Z   Using cached wcwidth-0.2.13-py2.py3-none-any.whl.metadata (14 kB)
2025-08-16T23:45:13.1578168Z Collecting rich>=13.7.1 (from rich-toolkit>=0.14.8->fastapi-cli>=0.0.8->fastapi-cli[standard]>=0.0.8; extra == "all"->fastapi[all]->-r requirements-dev.txt (line 10))
2025-08-16T23:45:13.1589580Z   Using cached rich-14.1.0-py3-none-any.whl.metadata (18 kB)
2025-08-16T23:45:13.1894938Z Collecting markdown-it-py>=2.2.0 (from rich>=13.7.1->rich-toolkit>=0.14.8->fastapi-cli>=0.0.8->fastapi-cli[standard]>=0.0.8; extra == "all"->fastapi[all]->-r requirements-dev.txt (line 10))
2025-08-16T23:45:13.1906575Z   Using cached markdown_it_py-4.0.0-py3-none-any.whl.metadata (7.3 kB)
2025-08-16T23:45:13.2228193Z Collecting mdurl~=0.1 (from markdown-it-py>=2.2.0->rich>=13.7.1->rich-toolkit>=0.14.8->fastapi-cli>=0.0.8->fastapi-cli[standard]>=0.0.8; extra == "all"->fastapi[all]->-r requirements-dev.txt (line 10))
2025-08-16T23:45:13.2240151Z   Using cached mdurl-0.1.2-py3-none-any.whl.metadata (1.6 kB)
2025-08-16T23:45:13.2839895Z Collecting shellingham>=1.3.0 (from typer>=0.15.1->fastapi-cli>=0.0.8->fastapi-cli[standard]>=0.0.8; extra == "all"->fastapi[all]->-r requirements-dev.txt (line 10))
2025-08-16T23:45:13.2851626Z   Using cached shellingham-1.5.4-py2.py3-none-any.whl.metadata (3.5 kB)
2025-08-16T23:45:13.3640983Z Collecting httptools>=0.6.3 (from uvicorn[standard]>=0.12.0; extra == "all"->fastapi[all]->-r requirements-dev.txt (line 10))
2025-08-16T23:45:13.3653594Z   Using cached httptools-0.6.4-cp312-cp312-manylinux_2_5_x86_64.manylinux1_x86_64.manylinux_2_17_x86_64.manylinux2014_x86_64.whl.metadata (3.6 kB)
2025-08-16T23:45:13.4197471Z Collecting uvloop>=0.15.1 (from uvicorn[standard]>=0.12.0; extra == "all"->fastapi[all]->-r requirements-dev.txt (line 10))
2025-08-16T23:45:13.4210752Z   Using cached uvloop-0.21.0-cp312-cp312-manylinux_2_17_x86_64.manylinux2014_x86_64.whl.metadata (4.9 kB)
2025-08-16T23:45:13.5124497Z Collecting watchfiles>=0.13 (from uvicorn[standard]>=0.12.0; extra == "all"->fastapi[all]->-r requirements-dev.txt (line 10))
2025-08-16T23:45:13.5137684Z   Using cached watchfiles-1.1.0-cp312-cp312-manylinux_2_17_x86_64.manylinux2014_x86_64.whl.metadata (4.9 kB)
2025-08-16T23:45:13.6110820Z Collecting websockets>=10.4 (from uvicorn[standard]>=0.12.0; extra == "all"->fastapi[all]->-r requirements-dev.txt (line 10))
2025-08-16T23:45:13.6124629Z   Using cached websockets-15.0.1-cp312-cp312-manylinux_2_5_x86_64.manylinux1_x86_64.manylinux_2_17_x86_64.manylinux2014_x86_64.whl.metadata (6.8 kB)
2025-08-16T23:45:13.6828913Z Using cached jinja2-3.1.6-py3-none-any.whl (134 kB)
2025-08-16T23:45:13.6841831Z Using cached alembic-1.13.1-py3-none-any.whl (233 kB)
2025-08-16T23:45:13.6854897Z Using cached APScheduler-3.10.4-py3-none-any.whl (59 kB)
2025-08-16T23:45:13.6867415Z Using cached asyncpg-0.30.0-cp312-cp312-manylinux_2_17_x86_64.manylinux2014_x86_64.whl (3.6 MB)
2025-08-16T23:45:13.6904360Z Using cached black-25.1.0-cp312-cp312-manylinux_2_17_x86_64.manylinux2014_x86_64.manylinux_2_28_x86_64.whl (1.8 MB)
2025-08-16T23:45:13.6928544Z Using cached celery-5.4.0-py3-none-any.whl (425 kB)
2025-08-16T23:45:13.6942312Z Using cached fastapi-0.116.1-py3-none-any.whl (95 kB)
2025-08-16T23:45:13.6954121Z Using cached pydantic-2.11.7-py3-none-any.whl (444 kB)
2025-08-16T23:45:13.6968367Z Using cached IMAPClient-3.0.1-py2.py3-none-any.whl (182 kB)
2025-08-16T23:45:13.6980744Z Using cached mypy_extensions-1.1.0-py3-none-any.whl (5.0 kB)
2025-08-16T23:45:13.6992127Z Using cached openpyxl-3.1.5-py2.py3-none-any.whl (250 kB)
2025-08-16T23:45:13.7005207Z Using cached pandas-2.3.1-cp312-cp312-manylinux_2_17_x86_64.manylinux2014_x86_64.whl (12.0 MB)
2025-08-16T23:45:13.7101104Z Using cached psycopg2_binary-2.9.9-cp312-cp312-manylinux_2_17_x86_64.manylinux2014_x86_64.whl (3.0 MB)
2025-08-16T23:45:13.7134101Z Using cached psycopg-3.2.9-py3-none-any.whl (202 kB)
2025-08-16T23:45:13.7147871Z Using cached pytest_asyncio-0.23.6-py3-none-any.whl (17 kB)
2025-08-16T23:45:13.7157524Z Using cached pytest_cov-6.2.1-py3-none-any.whl (24 kB)
2025-08-16T23:45:13.7168594Z Using cached pytest_postgresql-7.0.2-py3-none-any.whl (41 kB)
2025-08-16T23:45:13.7179704Z Using cached python_telegram_bot-22.2-py3-none-any.whl (708 kB)
2025-08-16T23:45:13.7195464Z Using cached requests-2.32.4-py3-none-any.whl (64 kB)
2025-08-16T23:45:13.7206693Z Using cached respx-0.22.0-py2.py3-none-any.whl (25 kB)
2025-08-16T23:45:13.7217843Z Using cached ruff-0.4.4-py3-none-manylinux_2_17_x86_64.manylinux2014_x86_64.whl (8.7 MB)
2025-08-16T23:45:13.7288943Z Using cached SQLAlchemy-2.0.29-cp312-cp312-manylinux_2_17_x86_64.manylinux2014_x86_64.whl (3.2 MB)
2025-08-16T23:45:13.7322441Z Using cached testcontainers-4.10.0-py3-none-any.whl (107 kB)
2025-08-16T23:45:13.7333983Z Using cached types_requests-2.32.0.20240602-py3-none-any.whl (15 kB)
2025-08-16T23:45:13.7344774Z Using cached docspec_python-2.2.2-py3-none-any.whl (15 kB)
2025-08-16T23:45:13.7355488Z Using cached pydoc_markdown-4.8.2-py3-none-any.whl (67 kB)
2025-08-16T23:45:13.7366436Z Using cached docspec-2.2.1-py3-none-any.whl (9.8 kB)
2025-08-16T23:45:13.7377743Z Using cached psycopg_binary-3.2.9-cp312-cp312-manylinux_2_17_x86_64.manylinux2014_x86_64.whl (4.4 MB)
2025-08-16T23:45:13.7419584Z Using cached pydantic_core-2.33.2-cp312-cp312-manylinux_2_17_x86_64.manylinux2014_x86_64.whl (2.0 MB)
2025-08-16T23:45:13.7444857Z Using cached httpx-0.28.1-py3-none-any.whl (73 kB)
2025-08-16T23:45:13.7456420Z Using cached mypy-1.17.1-cp312-cp312-manylinux2014_x86_64.manylinux_2_17_x86_64.manylinux_2_28_x86_64.whl (12.7 MB)
2025-08-16T23:45:13.7555284Z Using cached billiard-4.2.1-py3-none-any.whl (86 kB)
2025-08-16T23:45:13.7567535Z Using cached charset_normalizer-3.4.3-cp312-cp312-manylinux2014_x86_64.manylinux_2_17_x86_64.manylinux_2_28_x86_64.whl (151 kB)
2025-08-16T23:45:13.7579121Z Using cached click-8.2.1-py3-none-any.whl (102 kB)
2025-08-16T23:45:13.7590669Z Using cached databind.core-4.5.2-py3-none-any.whl (1.5 kB)
2025-08-16T23:45:13.7601388Z Using cached databind-4.5.2-py3-none-any.whl (49 kB)
2025-08-16T23:45:13.7612456Z Using cached databind.json-4.5.2-py3-none-any.whl (1.5 kB)
2025-08-16T23:45:13.7623460Z Using cached Deprecated-1.2.18-py2.py3-none-any.whl (10.0 kB)
2025-08-16T23:45:13.7634537Z Using cached httpcore-1.0.9-py3-none-any.whl (78 kB)
2025-08-16T23:45:13.7645753Z Using cached idna-3.10-py3-none-any.whl (70 kB)
2025-08-16T23:45:13.7657152Z Using cached kombu-5.5.4-py3-none-any.whl (210 kB)
2025-08-16T23:45:13.7669084Z Using cached vine-5.1.0-py3-none-any.whl (9.6 kB)
2025-08-16T23:45:13.7679774Z Using cached amqp-5.3.1-py3-none-any.whl (50 kB)
2025-08-16T23:45:13.7690793Z Using cached nr_date-2.1.0-py3-none-any.whl (10 kB)
2025-08-16T23:45:13.7701577Z Using cached nr_stream-1.1.5-py3-none-any.whl (10 kB)
2025-08-16T23:45:13.7712338Z Using cached nr.util-0.8.12-py3-none-any.whl (90 kB)
2025-08-16T23:45:13.7723684Z Using cached pytest-8.4.1-py3-none-any.whl (365 kB)
2025-08-16T23:45:13.7737471Z Using cached pluggy-1.6.0-py3-none-any.whl (20 kB)
2025-08-16T23:45:13.7748978Z Using cached PyYAML-6.0.2-cp312-cp312-manylinux_2_17_x86_64.manylinux2014_x86_64.whl (767 kB)
2025-08-16T23:45:13.7765404Z Using cached starlette-0.47.2-py3-none-any.whl (72 kB)
2025-08-16T23:45:13.7776823Z Using cached anyio-4.10.0-py3-none-any.whl (107 kB)
2025-08-16T23:45:13.7789118Z Using cached tomli-2.2.1-cp312-cp312-manylinux_2_17_x86_64.manylinux2014_x86_64.whl (242 kB)
2025-08-16T23:45:13.7801721Z Using cached tomli_w-1.2.0-py3-none-any.whl (6.7 kB)
2025-08-16T23:45:13.7812708Z Using cached typeapi-2.2.4-py3-none-any.whl (26 kB)
2025-08-16T23:45:13.7824102Z Using cached typing_extensions-4.14.1-py3-none-any.whl (43 kB)
2025-08-16T23:45:13.7835440Z Using cached urllib3-2.5.0-py3-none-any.whl (129 kB)
2025-08-16T23:45:13.7848024Z Using cached wrapt-1.17.3-cp312-cp312-manylinux1_x86_64.manylinux_2_28_x86_64.manylinux_2_5_x86_64.whl (88 kB)
2025-08-16T23:45:13.8096681Z Downloading boto3-1.40.11-py3-none-any.whl (140 kB)
2025-08-16T23:45:13.8567887Z Downloading botocore-1.40.11-py3-none-any.whl (14.0 MB)
2025-08-16T23:45:13.9784839Z    ━━━━━━━━━━━━━━━━━━━━━━━━━━━━━━━━━━━━━━━━ 14.0/14.0 MB 131.3 MB/s  0:00:00
2025-08-16T23:45:13.9798295Z Using cached jmespath-1.0.1-py3-none-any.whl (20 kB)
2025-08-16T23:45:13.9810208Z Using cached python_dateutil-2.9.0.post0-py2.py3-none-any.whl (229 kB)
2025-08-16T23:45:13.9822929Z Using cached s3transfer-0.13.1-py3-none-any.whl (85 kB)
2025-08-16T23:45:13.9834961Z Using cached itsdangerous-2.2.0-py3-none-any.whl (16 kB)
2025-08-16T23:45:13.9846607Z Using cached setuptools-80.9.0-py3-none-any.whl (1.2 MB)
2025-08-16T23:45:13.9866480Z Using cached python_dotenv-1.1.1-py3-none-any.whl (20 kB)
2025-08-16T23:45:13.9878059Z Using cached python_multipart-0.0.20-py3-none-any.whl (24 kB)
2025-08-16T23:45:13.9889945Z Using cached annotated_types-0.7.0-py3-none-any.whl (13 kB)
2025-08-16T23:45:13.9901164Z Using cached certifi-2025.8.3-py3-none-any.whl (161 kB)
2025-08-16T23:45:13.9913290Z Using cached click_didyoumean-0.3.1-py3-none-any.whl (3.6 kB)
2025-08-16T23:45:13.9924534Z Using cached click_plugins-1.1.1.2-py2.py3-none-any.whl (11 kB)
2025-08-16T23:45:13.9935599Z Using cached click_repl-0.3.0-py3-none-any.whl (10 kB)
2025-08-16T23:45:13.9947741Z Using cached coverage-7.10.3-cp312-cp312-manylinux1_x86_64.manylinux_2_28_x86_64.manylinux_2_5_x86_64.whl (250 kB)
2025-08-16T23:45:13.9960355Z Using cached email_validator-2.2.0-py3-none-any.whl (33 kB)
2025-08-16T23:45:13.9971838Z Using cached dnspython-2.7.0-py3-none-any.whl (313 kB)
2025-08-16T23:45:13.9985059Z Using cached fastapi_cli-0.0.8-py3-none-any.whl (10 kB)
2025-08-16T23:45:13.9996491Z Using cached fastapi_cloud_cli-0.1.5-py3-none-any.whl (18 kB)
2025-08-16T23:45:14.0008337Z Using cached greenlet-3.2.4-cp312-cp312-manylinux_2_24_x86_64.manylinux_2_28_x86_64.whl (607 kB)
2025-08-16T23:45:14.0024103Z Using cached h11-0.16.0-py3-none-any.whl (37 kB)
2025-08-16T23:45:14.0035613Z Using cached iniconfig-2.1.0-py3-none-any.whl (6.0 kB)
2025-08-16T23:45:14.0047354Z Using cached MarkupSafe-3.0.2-cp312-cp312-manylinux_2_17_x86_64.manylinux2014_x86_64.whl (23 kB)
2025-08-16T23:45:14.0058576Z Using cached mirakuru-2.6.1-py3-none-any.whl (26 kB)
2025-08-16T23:45:14.0070266Z Using cached numpy-2.3.2-cp312-cp312-manylinux_2_27_x86_64.manylinux_2_28_x86_64.whl (16.6 MB)
2025-08-16T23:45:14.0203435Z Using cached orjson-3.11.2-cp312-cp312-manylinux_2_17_x86_64.manylinux2014_x86_64.whl (121 kB)
2025-08-16T23:45:14.0215077Z Using cached packaging-25.0-py3-none-any.whl (66 kB)
2025-08-16T23:45:14.0226939Z Using cached pathspec-0.12.1-py3-none-any.whl (31 kB)
2025-08-16T23:45:14.0238546Z Using cached platformdirs-4.3.8-py3-none-any.whl (18 kB)
2025-08-16T23:45:14.0250189Z Using cached port_for-0.7.4-py3-none-any.whl (21 kB)
2025-08-16T23:45:14.0261778Z Using cached prompt_toolkit-3.0.51-py3-none-any.whl (387 kB)
2025-08-16T23:45:14.0276519Z Using cached psutil-7.0.0-cp36-abi3-manylinux_2_12_x86_64.manylinux2010_x86_64.manylinux_2_17_x86_64.manylinux2014_x86_64.whl (277 kB)
2025-08-16T23:45:14.0289549Z Using cached pydantic_extra_types-2.10.5-py3-none-any.whl (38 kB)
2025-08-16T23:45:14.0301224Z Using cached pydantic_settings-2.10.1-py3-none-any.whl (45 kB)
2025-08-16T23:45:14.0312869Z Using cached pygments-2.19.2-py3-none-any.whl (1.2 MB)
2025-08-16T23:45:14.0332908Z Using cached pytz-2025.2-py2.py3-none-any.whl (509 kB)
2025-08-16T23:45:14.0347575Z Using cached rich_toolkit-0.15.0-py3-none-any.whl (29 kB)
2025-08-16T23:45:14.0359346Z Using cached rich-14.1.0-py3-none-any.whl (243 kB)
2025-08-16T23:45:14.0372214Z Using cached markdown_it_py-4.0.0-py3-none-any.whl (87 kB)
2025-08-16T23:45:14.0383910Z Using cached mdurl-0.1.2-py3-none-any.whl (10.0 kB)
2025-08-16T23:45:14.0395525Z Using cached rignore-0.6.4-cp312-cp312-manylinux_2_17_x86_64.manylinux2014_x86_64.whl (949 kB)
2025-08-16T23:45:14.0565009Z Downloading sentry_sdk-2.35.0-py2.py3-none-any.whl (363 kB)
2025-08-16T23:45:14.0613317Z Using cached six-1.17.0-py2.py3-none-any.whl (11 kB)
2025-08-16T23:45:14.0624978Z Using cached sniffio-1.3.1-py3-none-any.whl (10 kB)
2025-08-16T23:45:14.0636435Z Using cached typer-0.16.0-py3-none-any.whl (46 kB)
2025-08-16T23:45:14.0647876Z Using cached shellingham-1.5.4-py2.py3-none-any.whl (9.8 kB)
2025-08-16T23:45:14.0659194Z Using cached typing_inspection-0.4.1-py3-none-any.whl (14 kB)
2025-08-16T23:45:14.0670540Z Using cached tzdata-2025.2-py2.py3-none-any.whl (347 kB)
2025-08-16T23:45:14.0684021Z Using cached tzlocal-5.3.1-py3-none-any.whl (18 kB)
2025-08-16T23:45:14.0695515Z Using cached ujson-5.10.0-cp312-cp312-manylinux_2_17_x86_64.manylinux2014_x86_64.whl (53 kB)
2025-08-16T23:45:14.0707081Z Using cached uvicorn-0.35.0-py3-none-any.whl (66 kB)
2025-08-16T23:45:14.0719402Z Using cached httptools-0.6.4-cp312-cp312-manylinux_2_5_x86_64.manylinux1_x86_64.manylinux_2_17_x86_64.manylinux2014_x86_64.whl (510 kB)
2025-08-16T23:45:14.0733968Z Using cached uvloop-0.21.0-cp312-cp312-manylinux_2_17_x86_64.manylinux2014_x86_64.whl (4.7 MB)
2025-08-16T23:45:14.0777964Z Using cached watchfiles-1.1.0-cp312-cp312-manylinux_2_17_x86_64.manylinux2014_x86_64.whl (452 kB)
2025-08-16T23:45:14.0792749Z Using cached websockets-15.0.1-cp312-cp312-manylinux_2_5_x86_64.manylinux1_x86_64.manylinux_2_17_x86_64.manylinux2014_x86_64.whl (182 kB)
2025-08-16T23:45:14.0804838Z Using cached yapf-0.43.0-py3-none-any.whl (256 kB)
2025-08-16T23:45:14.0817925Z Using cached docker-7.1.0-py3-none-any.whl (147 kB)
2025-08-16T23:45:14.0830164Z Using cached et_xmlfile-2.0.0-py3-none-any.whl (18 kB)
2025-08-16T23:45:14.0841505Z Using cached mako-1.3.10-py3-none-any.whl (78 kB)
2025-08-16T23:45:14.0853269Z Using cached watchdog-6.0.0-py3-none-manylinux2014_x86_64.whl (79 kB)
2025-08-16T23:45:14.0864925Z Using cached wcwidth-0.2.13-py2.py3-none-any.whl (34 kB)
2025-08-16T23:45:14.5168791Z Installing collected packages: wcwidth, pytz, wrapt, websockets, watchdog, vine, uvloop, urllib3, ujson, tzlocal, tzdata, typing-extensions, tomli_w, tomli, sniffio, six, shellingham, setuptools, ruff, rignore, PyYAML, python-multipart, python-dotenv, pygments, psycopg2-binary, psycopg-binary, psutil, prompt-toolkit, port-for, pluggy, platformdirs, pathspec, packaging, orjson, numpy, nr-stream, nr-date, mypy-extensions, mdurl, MarkupSafe, jmespath, itsdangerous, iniconfig, imapclient, idna, httptools, h11, greenlet, et-xmlfile, docstring-parser, dnspython, coverage, click, charset_normalizer, certifi, billiard, asyncpg, annotated-types, yapf, uvicorn, typing-inspection, types-requests, typeapi, sqlalchemy, sentry-sdk, requests, python-dateutil, pytest, pydantic-core, psycopg, openpyxl, mypy, mirakuru, markdown-it-py, Mako, Jinja2, httpcore, email-validator, Deprecated, click-repl, click-plugins, click-didyoumean, black, apscheduler, anyio, amqp, watchfiles, starlette, rich, pytest-postgresql, pytest-cov, pytest-asyncio, pydantic, pandas, nr-util, kombu, httpx, docker, databind, botocore, alembic, typer, testcontainers, s3transfer, rich-toolkit, respx, python-telegram-bot, pydantic-settings, pydantic-extra-types, fastapi, databind.json, databind.core, celery, fastapi-cloud-cli, fastapi-cli, docspec, boto3, docspec-python, pydoc-markdown
2025-08-16T23:45:32.4169585Z 
2025-08-16T23:45:32.4278381Z Successfully installed Deprecated-1.2.18 Jinja2-3.1.6 Mako-1.3.10 MarkupSafe-3.0.2 PyYAML-6.0.2 alembic-1.13.1 amqp-5.3.1 annotated-types-0.7.0 anyio-4.10.0 apscheduler-3.10.4 asyncpg-0.30.0 billiard-4.2.1 black-25.1.0 boto3-1.40.11 botocore-1.40.11 celery-5.4.0 certifi-2025.8.3 charset_normalizer-3.4.3 click-8.2.1 click-didyoumean-0.3.1 click-plugins-1.1.1.2 click-repl-0.3.0 coverage-7.10.3 databind-4.5.2 databind.core-4.5.2 databind.json-4.5.2 dnspython-2.7.0 docker-7.1.0 docspec-2.2.1 docspec-python-2.2.2 docstring-parser-0.11 email-validator-2.2.0 et-xmlfile-2.0.0 fastapi-0.116.1 fastapi-cli-0.0.8 fastapi-cloud-cli-0.1.5 greenlet-3.2.4 h11-0.16.0 httpcore-1.0.9 httptools-0.6.4 httpx-0.28.1 idna-3.10 imapclient-3.0.1 iniconfig-2.1.0 itsdangerous-2.2.0 jmespath-1.0.1 kombu-5.5.4 markdown-it-py-4.0.0 mdurl-0.1.2 mirakuru-2.6.1 mypy-1.17.1 mypy-extensions-1.1.0 nr-date-2.1.0 nr-stream-1.1.5 nr-util-0.8.12 numpy-2.3.2 openpyxl-3.1.5 orjson-3.11.2 packaging-25.0 pandas-2.3.1 pathspec-0.12.1 platformdirs-4.3.8 pluggy-1.6.0 port-for-0.7.4 prompt-toolkit-3.0.51 psutil-7.0.0 psycopg-3.2.9 psycopg-binary-3.2.9 psycopg2-binary-2.9.9 pydantic-2.11.7 pydantic-core-2.33.2 pydantic-extra-types-2.10.5 pydantic-settings-2.10.1 pydoc-markdown-4.8.2 pygments-2.19.2 pytest-8.4.1 pytest-asyncio-0.23.6 pytest-cov-6.2.1 pytest-postgresql-7.0.2 python-dateutil-2.9.0.post0 python-dotenv-1.1.1 python-multipart-0.0.20 python-telegram-bot-22.2 pytz-2025.2 requests-2.32.4 respx-0.22.0 rich-14.1.0 rich-toolkit-0.15.0 rignore-0.6.4 ruff-0.4.4 s3transfer-0.13.1 sentry-sdk-2.35.0 setuptools-80.9.0 shellingham-1.5.4 six-1.17.0 sniffio-1.3.1 sqlalchemy-2.0.29 starlette-0.47.2 testcontainers-4.10.0 tomli-2.2.1 tomli_w-1.2.0 typeapi-2.2.4 typer-0.16.0 types-requests-2.32.0.20240602 typing-extensions-4.14.1 typing-inspection-0.4.1 tzdata-2025.2 tzlocal-5.3.1 ujson-5.10.0 urllib3-2.5.0 uvicorn-0.35.0 uvloop-0.21.0 vine-5.1.0 watchdog-6.0.0 watchfiles-1.1.0 wcwidth-0.2.13 websockets-15.0.1 wrapt-1.17.3 yapf-0.43.0
2025-08-16T23:45:33.9127506Z Collecting keepa==1.3.15
2025-08-16T23:45:33.9141607Z   Using cached keepa-1.3.15-py3-none-any.whl.metadata (11 kB)
2025-08-16T23:45:33.9545467Z Collecting minio==7.1.15
2025-08-16T23:45:33.9557965Z   Using cached minio-7.1.15-py3-none-any.whl.metadata (4.2 kB)
2025-08-16T23:45:33.9581680Z Requirement already satisfied: numpy>=1.9.3 in /opt/hostedtoolcache/Python/3.12.11/x64/lib/python3.12/site-packages (from keepa==1.3.15) (2.3.2)
2025-08-16T23:45:33.9587871Z Requirement already satisfied: requests>=2.2 in /opt/hostedtoolcache/Python/3.12.11/x64/lib/python3.12/site-packages (from keepa==1.3.15) (2.32.4)
2025-08-16T23:45:34.0046941Z Collecting tqdm (from keepa==1.3.15)
2025-08-16T23:45:34.0059220Z   Using cached tqdm-4.67.1-py3-none-any.whl.metadata (57 kB)
2025-08-16T23:45:34.5024686Z Collecting aiohttp (from keepa==1.3.15)
2025-08-16T23:45:34.5038819Z   Using cached aiohttp-3.12.15-cp312-cp312-manylinux_2_17_x86_64.manylinux2014_x86_64.whl.metadata (7.7 kB)
2025-08-16T23:45:34.5074127Z Requirement already satisfied: pandas<=3.0 in /opt/hostedtoolcache/Python/3.12.11/x64/lib/python3.12/site-packages (from keepa==1.3.15) (2.3.1)
2025-08-16T23:45:34.5079047Z Requirement already satisfied: pydantic in /opt/hostedtoolcache/Python/3.12.11/x64/lib/python3.12/site-packages (from keepa==1.3.15) (2.11.7)
2025-08-16T23:45:34.5087236Z Requirement already satisfied: certifi in /opt/hostedtoolcache/Python/3.12.11/x64/lib/python3.12/site-packages (from minio==7.1.15) (2025.8.3)
2025-08-16T23:45:34.5091604Z Requirement already satisfied: urllib3 in /opt/hostedtoolcache/Python/3.12.11/x64/lib/python3.12/site-packages (from minio==7.1.15) (2.5.0)
2025-08-16T23:45:34.5146608Z Requirement already satisfied: python-dateutil>=2.8.2 in /opt/hostedtoolcache/Python/3.12.11/x64/lib/python3.12/site-packages (from pandas<=3.0->keepa==1.3.15) (2.9.0.post0)
2025-08-16T23:45:34.5152237Z Requirement already satisfied: pytz>=2020.1 in /opt/hostedtoolcache/Python/3.12.11/x64/lib/python3.12/site-packages (from pandas<=3.0->keepa==1.3.15) (2025.2)
2025-08-16T23:45:34.5158210Z Requirement already satisfied: tzdata>=2022.7 in /opt/hostedtoolcache/Python/3.12.11/x64/lib/python3.12/site-packages (from pandas<=3.0->keepa==1.3.15) (2025.2)
2025-08-16T23:45:34.5288680Z Requirement already satisfied: six>=1.5 in /opt/hostedtoolcache/Python/3.12.11/x64/lib/python3.12/site-packages (from python-dateutil>=2.8.2->pandas<=3.0->keepa==1.3.15) (1.17.0)
2025-08-16T23:45:34.5309331Z Requirement already satisfied: charset_normalizer<4,>=2 in /opt/hostedtoolcache/Python/3.12.11/x64/lib/python3.12/site-packages (from requests>=2.2->keepa==1.3.15) (3.4.3)
2025-08-16T23:45:34.5316536Z Requirement already satisfied: idna<4,>=2.5 in /opt/hostedtoolcache/Python/3.12.11/x64/lib/python3.12/site-packages (from requests>=2.2->keepa==1.3.15) (3.10)
2025-08-16T23:45:34.5646488Z Collecting aiohappyeyeballs>=2.5.0 (from aiohttp->keepa==1.3.15)
2025-08-16T23:45:34.5658659Z   Using cached aiohappyeyeballs-2.6.1-py3-none-any.whl.metadata (5.9 kB)
2025-08-16T23:45:34.5867616Z Collecting aiosignal>=1.4.0 (from aiohttp->keepa==1.3.15)
2025-08-16T23:45:34.5879413Z   Using cached aiosignal-1.4.0-py3-none-any.whl.metadata (3.7 kB)
2025-08-16T23:45:34.6138072Z Collecting attrs>=17.3.0 (from aiohttp->keepa==1.3.15)
2025-08-16T23:45:34.6149779Z   Using cached attrs-25.3.0-py3-none-any.whl.metadata (10 kB)
2025-08-16T23:45:34.6931504Z Collecting frozenlist>=1.1.1 (from aiohttp->keepa==1.3.15)
2025-08-16T23:45:34.6944934Z   Using cached frozenlist-1.7.0-cp312-cp312-manylinux_2_5_x86_64.manylinux1_x86_64.manylinux_2_17_x86_64.manylinux2014_x86_64.whl.metadata (18 kB)
2025-08-16T23:45:34.9535660Z Collecting multidict<7.0,>=4.5 (from aiohttp->keepa==1.3.15)
2025-08-16T23:45:34.9550319Z   Using cached multidict-6.6.4-cp312-cp312-manylinux2014_x86_64.manylinux_2_17_x86_64.manylinux_2_28_x86_64.whl.metadata (5.3 kB)
2025-08-16T23:45:35.0927087Z Collecting propcache>=0.2.0 (from aiohttp->keepa==1.3.15)
2025-08-16T23:45:35.0938275Z   Using cached propcache-0.3.2-cp312-cp312-manylinux_2_17_x86_64.manylinux2014_x86_64.whl.metadata (12 kB)
2025-08-16T23:45:35.3471427Z Collecting yarl<2.0,>=1.17.0 (from aiohttp->keepa==1.3.15)
2025-08-16T23:45:35.3484822Z   Using cached yarl-1.20.1-cp312-cp312-manylinux_2_17_x86_64.manylinux2014_x86_64.whl.metadata (73 kB)
2025-08-16T23:45:35.3703608Z Requirement already satisfied: typing-extensions>=4.2 in /opt/hostedtoolcache/Python/3.12.11/x64/lib/python3.12/site-packages (from aiosignal>=1.4.0->aiohttp->keepa==1.3.15) (4.14.1)
2025-08-16T23:45:35.3751414Z Requirement already satisfied: annotated-types>=0.6.0 in /opt/hostedtoolcache/Python/3.12.11/x64/lib/python3.12/site-packages (from pydantic->keepa==1.3.15) (0.7.0)
2025-08-16T23:45:35.3757263Z Requirement already satisfied: pydantic-core==2.33.2 in /opt/hostedtoolcache/Python/3.12.11/x64/lib/python3.12/site-packages (from pydantic->keepa==1.3.15) (2.33.2)
2025-08-16T23:45:35.3764336Z Requirement already satisfied: typing-inspection>=0.4.0 in /opt/hostedtoolcache/Python/3.12.11/x64/lib/python3.12/site-packages (from pydantic->keepa==1.3.15) (0.4.1)
2025-08-16T23:45:35.3824140Z Using cached keepa-1.3.15-py3-none-any.whl (38 kB)
2025-08-16T23:45:35.3835782Z Using cached minio-7.1.15-py3-none-any.whl (77 kB)
2025-08-16T23:45:35.3847781Z Using cached aiohttp-3.12.15-cp312-cp312-manylinux_2_17_x86_64.manylinux2014_x86_64.whl (1.7 MB)
2025-08-16T23:45:35.3871121Z Using cached multidict-6.6.4-cp312-cp312-manylinux2014_x86_64.manylinux_2_17_x86_64.manylinux_2_28_x86_64.whl (256 kB)
2025-08-16T23:45:35.3883154Z Using cached yarl-1.20.1-cp312-cp312-manylinux_2_17_x86_64.manylinux2014_x86_64.whl (355 kB)
2025-08-16T23:45:35.3896768Z Using cached aiohappyeyeballs-2.6.1-py3-none-any.whl (15 kB)
2025-08-16T23:45:35.3907348Z Using cached aiosignal-1.4.0-py3-none-any.whl (7.5 kB)
2025-08-16T23:45:35.3917869Z Using cached attrs-25.3.0-py3-none-any.whl (63 kB)
2025-08-16T23:45:35.3929395Z Using cached frozenlist-1.7.0-cp312-cp312-manylinux_2_5_x86_64.manylinux1_x86_64.manylinux_2_17_x86_64.manylinux2014_x86_64.whl (241 kB)
2025-08-16T23:45:35.3941581Z Using cached propcache-0.3.2-cp312-cp312-manylinux_2_17_x86_64.manylinux2014_x86_64.whl (224 kB)
2025-08-16T23:45:35.3953268Z Using cached tqdm-4.67.1-py3-none-any.whl (78 kB)
2025-08-16T23:45:35.5629850Z Installing collected packages: tqdm, propcache, multidict, minio, frozenlist, attrs, aiohappyeyeballs, yarl, aiosignal, aiohttp, keepa
2025-08-16T23:45:36.0019865Z 
2025-08-16T23:45:36.0125651Z Successfully installed aiohappyeyeballs-2.6.1 aiohttp-3.12.15 aiosignal-1.4.0 attrs-25.3.0 frozenlist-1.7.0 keepa-1.3.15 minio-7.1.15 multidict-6.6.4 propcache-0.3.2 tqdm-4.67.1 yarl-1.20.1
2025-08-16T23:45:36.1794539Z ##[group]Run ruff check .
2025-08-16T23:45:36.1794864Z [36;1mruff check .[0m
2025-08-16T23:45:36.1795078Z [36;1mruff format --check .[0m
2025-08-16T23:45:36.1835272Z shell: /usr/bin/bash -e {0}
2025-08-16T23:45:36.1835496Z env:
2025-08-16T23:45:36.1835666Z   PG_USER: postgres
2025-08-16T23:45:36.1835854Z   PG_PASSWORD: pass
2025-08-16T23:45:36.1836040Z   PG_DATABASE: awa
2025-08-16T23:45:36.1836503Z   PG_HOST: localhost
2025-08-16T23:45:36.1836693Z   PG_PORT: 5432
2025-08-16T23:45:36.1837304Z   PG_SYNC_DSN: ***localhost:5432/awa
2025-08-16T23:45:36.1837739Z   PG_ASYNC_DSN: ***localhost:5432/awa
2025-08-16T23:45:36.1838128Z   DATABASE_URL: ***localhost:5432/awa
2025-08-16T23:45:36.1838366Z   DATA_DIR: /tmp/awa-data
2025-08-16T23:45:36.1838568Z   ENABLE_LIVE: 0
2025-08-16T23:45:36.1838737Z   TESTING: 1
2025-08-16T23:45:36.1838979Z   pythonLocation: /opt/hostedtoolcache/Python/3.12.11/x64
2025-08-16T23:45:36.1839412Z   PKG_CONFIG_PATH: /opt/hostedtoolcache/Python/3.12.11/x64/lib/pkgconfig
2025-08-16T23:45:36.1839810Z   Python_ROOT_DIR: /opt/hostedtoolcache/Python/3.12.11/x64
2025-08-16T23:45:36.1840160Z   Python2_ROOT_DIR: /opt/hostedtoolcache/Python/3.12.11/x64
2025-08-16T23:45:36.1840516Z   Python3_ROOT_DIR: /opt/hostedtoolcache/Python/3.12.11/x64
2025-08-16T23:45:36.1840865Z   LD_LIBRARY_PATH: /opt/hostedtoolcache/Python/3.12.11/x64/lib
2025-08-16T23:45:36.1841159Z ##[endgroup]
2025-08-16T23:45:36.2069451Z All checks passed!
2025-08-16T23:45:36.2242852Z 192 files already formatted
2025-08-16T23:45:36.2278488Z ##[group]Run for i in {1..30}; do pg_isready -h "$PG_HOST" -p "$PG_PORT" -U "$PG_USER" -d "$PG_DATABASE" && break; sleep 1; done
2025-08-16T23:45:36.2279165Z [36;1mfor i in {1..30}; do pg_isready -h "$PG_HOST" -p "$PG_PORT" -U "$PG_USER" -d "$PG_DATABASE" && break; sleep 1; done[0m
2025-08-16T23:45:36.2319028Z shell: /usr/bin/bash -e {0}
2025-08-16T23:45:36.2319256Z env:
2025-08-16T23:45:36.2319431Z   PG_USER: postgres
2025-08-16T23:45:36.2319635Z   PG_PASSWORD: pass
2025-08-16T23:45:36.2319820Z   PG_DATABASE: awa
2025-08-16T23:45:36.2320000Z   PG_HOST: localhost
2025-08-16T23:45:36.2320178Z   PG_PORT: 5432
2025-08-16T23:45:36.2320632Z   PG_SYNC_DSN: ***localhost:5432/awa
2025-08-16T23:45:36.2321081Z   PG_ASYNC_DSN: ***localhost:5432/awa
2025-08-16T23:45:36.2321466Z   DATABASE_URL: ***localhost:5432/awa
2025-08-16T23:45:36.2321707Z   DATA_DIR: /tmp/awa-data
2025-08-16T23:45:36.2321912Z   ENABLE_LIVE: 0
2025-08-16T23:45:36.2322082Z   TESTING: 1
2025-08-16T23:45:36.2322352Z   pythonLocation: /opt/hostedtoolcache/Python/3.12.11/x64
2025-08-16T23:45:36.2322742Z   PKG_CONFIG_PATH: /opt/hostedtoolcache/Python/3.12.11/x64/lib/pkgconfig
2025-08-16T23:45:36.2323142Z   Python_ROOT_DIR: /opt/hostedtoolcache/Python/3.12.11/x64
2025-08-16T23:45:36.2323491Z   Python2_ROOT_DIR: /opt/hostedtoolcache/Python/3.12.11/x64
2025-08-16T23:45:36.2323839Z   Python3_ROOT_DIR: /opt/hostedtoolcache/Python/3.12.11/x64
2025-08-16T23:45:36.2324177Z   LD_LIBRARY_PATH: /opt/hostedtoolcache/Python/3.12.11/x64/lib
2025-08-16T23:45:36.2324641Z ##[endgroup]
2025-08-16T23:45:36.3251449Z localhost:5432 - accepting connections
2025-08-16T23:45:36.3292719Z ##[group]Run psql -h "$PG_HOST" -p "$PG_PORT" -U "$PG_USER" -d "$PG_DATABASE" -c "SELECT 1"
2025-08-16T23:45:36.3293572Z [36;1mpsql -h "$PG_HOST" -p "$PG_PORT" -U "$PG_USER" -d "$PG_DATABASE" -c "SELECT 1"[0m
2025-08-16T23:45:36.3337040Z shell: /usr/bin/bash -e {0}
2025-08-16T23:45:36.3337264Z env:
2025-08-16T23:45:36.3337441Z   PG_USER: postgres
2025-08-16T23:45:36.3337639Z   PG_PASSWORD: pass
2025-08-16T23:45:36.3337821Z   PG_DATABASE: awa
2025-08-16T23:45:36.3337997Z   PG_HOST: localhost
2025-08-16T23:45:36.3338183Z   PG_PORT: 5432
2025-08-16T23:45:36.3338649Z   PG_SYNC_DSN: ***localhost:5432/awa
2025-08-16T23:45:36.3339052Z   PG_ASYNC_DSN: ***localhost:5432/awa
2025-08-16T23:45:36.3339433Z   DATABASE_URL: ***localhost:5432/awa
2025-08-16T23:45:36.3339677Z   DATA_DIR: /tmp/awa-data
2025-08-16T23:45:36.3339884Z   ENABLE_LIVE: 0
2025-08-16T23:45:36.3340074Z   TESTING: 1
2025-08-16T23:45:36.3340308Z   pythonLocation: /opt/hostedtoolcache/Python/3.12.11/x64
2025-08-16T23:45:36.3340740Z   PKG_CONFIG_PATH: /opt/hostedtoolcache/Python/3.12.11/x64/lib/pkgconfig
2025-08-16T23:45:36.3341197Z   Python_ROOT_DIR: /opt/hostedtoolcache/Python/3.12.11/x64
2025-08-16T23:45:36.3341592Z   Python2_ROOT_DIR: /opt/hostedtoolcache/Python/3.12.11/x64
2025-08-16T23:45:36.3341949Z   Python3_ROOT_DIR: /opt/hostedtoolcache/Python/3.12.11/x64
2025-08-16T23:45:36.3342303Z   LD_LIBRARY_PATH: /opt/hostedtoolcache/Python/3.12.11/x64/lib
2025-08-16T23:45:36.3342602Z   PGPASSWORD: pass
2025-08-16T23:45:36.3342785Z ##[endgroup]
2025-08-16T23:45:36.4099901Z  ?column? 
2025-08-16T23:45:36.4100223Z ----------
2025-08-16T23:45:36.4100510Z         1
2025-08-16T23:45:36.4100775Z (1 row)
2025-08-16T23:45:36.4100932Z 
2025-08-16T23:45:36.4135336Z ##[group]Run alembic -c services/api/alembic.ini upgrade head
2025-08-16T23:45:36.4135775Z [36;1malembic -c services/api/alembic.ini upgrade head[0m
2025-08-16T23:45:36.4175572Z shell: /usr/bin/bash -e {0}
2025-08-16T23:45:36.4175801Z env:
2025-08-16T23:45:36.4175972Z   PG_USER: postgres
2025-08-16T23:45:36.4176360Z   PG_PASSWORD: pass
2025-08-16T23:45:36.4176546Z   PG_DATABASE: awa
2025-08-16T23:45:36.4176735Z   PG_HOST: localhost
2025-08-16T23:45:36.4176927Z   PG_PORT: 5432
2025-08-16T23:45:36.4177394Z   PG_SYNC_DSN: ***localhost:5432/awa
2025-08-16T23:45:36.4177807Z   PG_ASYNC_DSN: ***localhost:5432/awa
2025-08-16T23:45:36.4178183Z   DATABASE_URL: ***localhost:5432/awa
2025-08-16T23:45:36.4178424Z   DATA_DIR: /tmp/awa-data
2025-08-16T23:45:36.4178627Z   ENABLE_LIVE: 0
2025-08-16T23:45:36.4178809Z   TESTING: 1
2025-08-16T23:45:36.4179042Z   pythonLocation: /opt/hostedtoolcache/Python/3.12.11/x64
2025-08-16T23:45:36.4179483Z   PKG_CONFIG_PATH: /opt/hostedtoolcache/Python/3.12.11/x64/lib/pkgconfig
2025-08-16T23:45:36.4179867Z   Python_ROOT_DIR: /opt/hostedtoolcache/Python/3.12.11/x64
2025-08-16T23:45:36.4180223Z   Python2_ROOT_DIR: /opt/hostedtoolcache/Python/3.12.11/x64
2025-08-16T23:45:36.4180584Z   Python3_ROOT_DIR: /opt/hostedtoolcache/Python/3.12.11/x64
2025-08-16T23:45:36.4180934Z   LD_LIBRARY_PATH: /opt/hostedtoolcache/Python/3.12.11/x64/lib
2025-08-16T23:45:36.4181217Z ##[endgroup]
2025-08-16T23:45:37.3153743Z INFO  [alembic.runtime.migration] Context impl PostgresqlImpl.
2025-08-16T23:45:37.3154246Z INFO  [alembic.runtime.migration] Will assume transactional DDL.
2025-08-16T23:45:37.3307891Z INFO  [alembic.runtime.migration] Running upgrade  -> 0001_baseline
2025-08-16T23:45:37.3459462Z INFO  [alembic.runtime.migration] Running upgrade 0001_baseline -> 0002_create_roi_view
2025-08-16T23:45:37.3485840Z INFO  [alembic.runtime.migration] Running upgrade 0002_create_roi_view -> 3e9d5c5aff2c
2025-08-16T23:45:37.3661761Z INFO  [alembic.runtime.migration] Running upgrade 3e9d5c5aff2c -> 0003_vendor_prices
2025-08-16T23:45:37.3877633Z INFO  [alembic.runtime.migration] Running upgrade 0003_vendor_prices -> 0004_fee_cron
2025-08-16T23:45:37.3953733Z INFO  [alembic.runtime.migration] Running upgrade 0004_fee_cron -> 0006_fix_roi_views
2025-08-16T23:45:37.3985999Z INFO  [alembic.runtime.migration] Running upgrade 0006_fix_roi_views -> 0020_unified_schema
2025-08-16T23:45:37.4148223Z INFO  [alembic.runtime.migration] Running upgrade 0020_unified_schema -> 0022_fix_roi_view
2025-08-16T23:45:37.4249184Z INFO  [alembic.runtime.migration] Running upgrade 0022_fix_roi_view -> 0023_add_storage_fee
2025-08-16T23:45:37.4305553Z INFO  [alembic.runtime.migration] Running upgrade 0023_add_storage_fee -> 0024_create_buybox
2025-08-16T23:45:37.5142573Z ##[group]Run python -m mypy services || true
2025-08-16T23:45:37.5142924Z [36;1mpython -m mypy services || true[0m
2025-08-16T23:45:37.5182718Z shell: /usr/bin/bash -e {0}
2025-08-16T23:45:37.5182946Z env:
2025-08-16T23:45:37.5183136Z   PG_USER: postgres
2025-08-16T23:45:37.5194796Z   PG_PASSWORD: pass
2025-08-16T23:45:37.5195019Z   PG_DATABASE: awa
2025-08-16T23:45:37.5195225Z   PG_HOST: localhost
2025-08-16T23:45:37.5195429Z   PG_PORT: 5432
2025-08-16T23:45:37.5195928Z   PG_SYNC_DSN: ***localhost:5432/awa
2025-08-16T23:45:37.5196565Z   PG_ASYNC_DSN: ***localhost:5432/awa
2025-08-16T23:45:37.5196976Z   DATABASE_URL: ***localhost:5432/awa
2025-08-16T23:45:37.5197222Z   DATA_DIR: /tmp/awa-data
2025-08-16T23:45:37.5197427Z   ENABLE_LIVE: 0
2025-08-16T23:45:37.5197599Z   TESTING: 1
2025-08-16T23:45:37.5197840Z   pythonLocation: /opt/hostedtoolcache/Python/3.12.11/x64
2025-08-16T23:45:37.5198234Z   PKG_CONFIG_PATH: /opt/hostedtoolcache/Python/3.12.11/x64/lib/pkgconfig
2025-08-16T23:45:37.5198663Z   Python_ROOT_DIR: /opt/hostedtoolcache/Python/3.12.11/x64
2025-08-16T23:45:37.5199007Z   Python2_ROOT_DIR: /opt/hostedtoolcache/Python/3.12.11/x64
2025-08-16T23:45:37.5199378Z   Python3_ROOT_DIR: /opt/hostedtoolcache/Python/3.12.11/x64
2025-08-16T23:45:37.5199736Z   LD_LIBRARY_PATH: /opt/hostedtoolcache/Python/3.12.11/x64/lib
2025-08-16T23:45:37.5200025Z ##[endgroup]
2025-08-16T23:46:04.5723179Z Success: no issues found in 81 source files
2025-08-16T23:46:04.6103240Z ##[group]Run pytest -q --cov=services
2025-08-16T23:46:04.6103766Z [36;1mpytest -q --cov=services[0m
2025-08-16T23:46:04.6158691Z shell: /usr/bin/bash -e {0}
2025-08-16T23:46:04.6158928Z env:
2025-08-16T23:46:04.6159108Z   PG_USER: postgres
2025-08-16T23:46:04.6159320Z   PG_PASSWORD: pass
2025-08-16T23:46:04.6159508Z   PG_DATABASE: awa
2025-08-16T23:46:04.6159691Z   PG_HOST: localhost
2025-08-16T23:46:04.6159876Z   PG_PORT: 5432
2025-08-16T23:46:04.6160312Z   PG_SYNC_DSN: ***localhost:5432/awa
2025-08-16T23:46:04.6160832Z   PG_ASYNC_DSN: ***localhost:5432/awa
2025-08-16T23:46:04.6161546Z   DATABASE_URL: ***localhost:5432/awa
2025-08-16T23:46:04.6161984Z   DATA_DIR: /tmp/awa-data
2025-08-16T23:46:04.6162198Z   ENABLE_LIVE: 0
2025-08-16T23:46:04.6162376Z   TESTING: 1
2025-08-16T23:46:04.6162611Z   pythonLocation: /opt/hostedtoolcache/Python/3.12.11/x64
2025-08-16T23:46:04.6163018Z   PKG_CONFIG_PATH: /opt/hostedtoolcache/Python/3.12.11/x64/lib/pkgconfig
2025-08-16T23:46:04.6163465Z   Python_ROOT_DIR: /opt/hostedtoolcache/Python/3.12.11/x64
2025-08-16T23:46:04.6163817Z   Python2_ROOT_DIR: /opt/hostedtoolcache/Python/3.12.11/x64
2025-08-16T23:46:04.6164170Z   Python3_ROOT_DIR: /opt/hostedtoolcache/Python/3.12.11/x64
2025-08-16T23:46:04.6164524Z   LD_LIBRARY_PATH: /opt/hostedtoolcache/Python/3.12.11/x64/lib
2025-08-16T23:46:04.6164815Z ##[endgroup]
2025-08-16T23:46:32.5053460Z .....s.................................................................. [ 58%]
2025-08-16T23:47:03.7962644Z ...................................................                      [100%]
2025-08-16T23:47:03.7963334Z =============================== warnings summary ===============================
2025-08-16T23:47:03.7963955Z services/alert_bot/tests/test_smoke.py:5
2025-08-16T23:47:03.7967067Z   /home/runner/work/AWA-App/AWA-App/services/alert_bot/tests/test_smoke.py:5: UserWarning: pkg_resources is deprecated as an API. See https://setuptools.pypa.io/en/latest/pkg_resources.html. The pkg_resources package is slated for removal as early as 2025-11-30. Refrain from using this package or pin to Setuptools<81.
2025-08-16T23:47:03.7969968Z     import pkg_resources  # noqa: F401
2025-08-16T23:47:03.7970359Z 
2025-08-16T23:47:03.7970653Z tests/test_api_fast.py::test_health_endpoint
2025-08-16T23:47:03.7972473Z   /home/runner/work/AWA-App/AWA-App/tests/test_api_fast.py:13: DeprecationWarning: datetime.datetime.utcnow() is deprecated and scheduled for removal in a future version. Use timezone-aware objects to represent datetimes in UTC: datetime.datetime.now(datetime.UTC).
2025-08-16T23:47:03.7973844Z     return datetime.datetime.utcnow()
2025-08-16T23:47:03.7974081Z 
2025-08-16T23:47:03.7974203Z tests/test_api_fast.py: 1 warning
2025-08-16T23:47:03.7974526Z tests/test_health.py: 5 warnings
2025-08-16T23:47:03.7974840Z tests/test_smoke.py: 5 warnings
2025-08-16T23:47:03.7975173Z services/api/tests/test_health.py: 1 warning
2025-08-16T23:47:03.7976729Z   /home/runner/work/AWA-App/AWA-App/services/api/routes/health.py:24: DeprecationWarning: datetime.datetime.utcnow() is deprecated and scheduled for removal in a future version. Use timezone-aware objects to represent datetimes in UTC: datetime.datetime.now(datetime.UTC).
2025-08-16T23:47:03.7977884Z     app_now = datetime.utcnow().replace(tzinfo=timezone.utc)
2025-08-16T23:47:03.7978118Z 
2025-08-16T23:47:03.7978217Z tests/test_health.py::test_health[0]
2025-08-16T23:47:03.7978477Z tests/test_health.py::test_health[1]
2025-08-16T23:47:03.7978725Z tests/test_health.py::test_health[2]
2025-08-16T23:47:03.7979077Z tests/test_health.py::test_health[3]
2025-08-16T23:47:03.7979327Z tests/test_health.py::test_health[4]
2025-08-16T23:47:03.7980356Z   /home/runner/work/AWA-App/AWA-App/tests/test_health.py:22: DeprecationWarning: datetime.datetime.utcnow() is deprecated and scheduled for removal in a future version. Use timezone-aware objects to represent datetimes in UTC: datetime.datetime.now(datetime.UTC).
2025-08-16T23:47:03.7981379Z     return datetime.datetime.utcnow()
2025-08-16T23:47:03.7981827Z 
2025-08-16T23:47:03.7981926Z tests/test_smoke.py::test_health[0]
2025-08-16T23:47:03.7982177Z tests/test_smoke.py::test_health[1]
2025-08-16T23:47:03.7982417Z tests/test_smoke.py::test_health[2]
2025-08-16T23:47:03.7982662Z tests/test_smoke.py::test_health[3]
2025-08-16T23:47:03.7982900Z tests/test_smoke.py::test_health[4]
2025-08-16T23:47:03.7983831Z   /home/runner/work/AWA-App/AWA-App/tests/test_smoke.py:32: DeprecationWarning: datetime.datetime.utcnow() is deprecated and scheduled for removal in a future version. Use timezone-aware objects to represent datetimes in UTC: datetime.datetime.now(datetime.UTC).
2025-08-16T23:47:03.7984758Z     return datetime.datetime.utcnow()
2025-08-16T23:47:03.7984930Z 
2025-08-16T23:47:03.7985057Z services/api/tests/test_health.py::test_health_route
2025-08-16T23:47:03.7986270Z   /home/runner/work/AWA-App/AWA-App/services/api/tests/test_health.py:14: DeprecationWarning: datetime.datetime.utcnow() is deprecated and scheduled for removal in a future version. Use timezone-aware objects to represent datetimes in UTC: datetime.datetime.now(datetime.UTC).
2025-08-16T23:47:03.7987309Z     return datetime.datetime.utcnow()
2025-08-16T23:47:03.7987477Z 
2025-08-16T23:47:03.7987667Z -- Docs: https://docs.pytest.org/en/stable/how-to/capture-warnings.html
2025-08-16T23:47:03.7988055Z ================================ tests coverage ================================
2025-08-16T23:47:03.7988421Z _______________ coverage: platform linux, python 3.12.11-final-0 _______________
2025-08-16T23:47:03.7988669Z 
2025-08-16T23:47:03.7988768Z Coverage XML written to file coverage.xml
2025-08-16T23:47:03.7989088Z Required test coverage of 45% reached. Total coverage: 58.08%
2025-08-16T23:47:04.1645516Z ##[group]Run actions/upload-artifact@v4
2025-08-16T23:47:04.1645798Z with:
2025-08-16T23:47:04.1645959Z   name: coverage
2025-08-16T23:47:04.1646946Z   path: coverage.xml
2025-08-16T23:47:04.1647165Z   if-no-files-found: warn
2025-08-16T23:47:04.1647374Z   compression-level: 6
2025-08-16T23:47:04.1647764Z   overwrite: false
2025-08-16T23:47:04.1647963Z   include-hidden-files: false
2025-08-16T23:47:04.1648187Z env:
2025-08-16T23:47:04.1648346Z   PG_USER: postgres
2025-08-16T23:47:04.1648532Z   PG_PASSWORD: pass
2025-08-16T23:47:04.1648714Z   PG_DATABASE: awa
2025-08-16T23:47:04.1648887Z   PG_HOST: localhost
2025-08-16T23:47:04.1649067Z   PG_PORT: 5432
2025-08-16T23:47:04.1649488Z   PG_SYNC_DSN: ***localhost:5432/awa
2025-08-16T23:47:04.1649896Z   PG_ASYNC_DSN: ***localhost:5432/awa
2025-08-16T23:47:04.1650290Z   DATABASE_URL: ***localhost:5432/awa
2025-08-16T23:47:04.1650517Z   DATA_DIR: /tmp/awa-data
2025-08-16T23:47:04.1650716Z   ENABLE_LIVE: 0
2025-08-16T23:47:04.1650913Z   TESTING: 1
2025-08-16T23:47:04.1651151Z   pythonLocation: /opt/hostedtoolcache/Python/3.12.11/x64
2025-08-16T23:47:04.1651539Z   PKG_CONFIG_PATH: /opt/hostedtoolcache/Python/3.12.11/x64/lib/pkgconfig
2025-08-16T23:47:04.1651917Z   Python_ROOT_DIR: /opt/hostedtoolcache/Python/3.12.11/x64
2025-08-16T23:47:04.1652257Z   Python2_ROOT_DIR: /opt/hostedtoolcache/Python/3.12.11/x64
2025-08-16T23:47:04.1652597Z   Python3_ROOT_DIR: /opt/hostedtoolcache/Python/3.12.11/x64
2025-08-16T23:47:04.1652945Z   LD_LIBRARY_PATH: /opt/hostedtoolcache/Python/3.12.11/x64/lib
2025-08-16T23:47:04.1653234Z ##[endgroup]
2025-08-16T23:47:04.3878570Z With the provided path, there will be 1 file uploaded
2025-08-16T23:47:04.3884184Z Artifact name is valid!
2025-08-16T23:47:04.3885549Z Root directory input is valid!
2025-08-16T23:47:04.5497631Z Beginning upload of artifact content to blob storage
2025-08-16T23:47:04.7923747Z Uploaded bytes 3785
2025-08-16T23:47:04.8552064Z Finished uploading artifact content to blob storage!
2025-08-16T23:47:04.8555184Z SHA256 digest of uploaded artifact zip is 5d7fea001d059ced29d4d3c1ace26a8786c2303b6b988f07d2b34e31e568664d
2025-08-16T23:47:04.8557022Z Finalizing artifact upload
2025-08-16T23:47:04.9514271Z Artifact coverage.zip successfully finalized. Artifact ID 3781041146
2025-08-16T23:47:04.9515353Z Artifact coverage has been successfully uploaded! Final size is 3785 bytes. Artifact ID is 3781041146
2025-08-16T23:47:04.9522964Z Artifact download URL: https://github.com/AlexBomber12/AWA-App/actions/runs/17014206296/artifacts/3781041146
2025-08-16T23:47:04.9640893Z Post job cleanup.
2025-08-16T23:47:05.1203948Z Cache hit occurred on the primary key setup-python-Linux-x64-24.04-Ubuntu-python-3.12.11-pip-dee7c0c28332ec2ebb5d2650fb0d2cfddf025b3b0e96b0c826645ad2cb717961, not saving cache.
2025-08-16T23:47:05.1309057Z Post job cleanup.
2025-08-16T23:47:05.2228784Z [command]/usr/bin/git version
2025-08-16T23:47:05.2264002Z git version 2.50.1
2025-08-16T23:47:05.2313158Z Temporarily overriding HOME='/home/runner/work/_temp/a106ed55-4086-419f-8473-b455785b05e6' before making global git config changes
2025-08-16T23:47:05.2314513Z Adding repository directory to the temporary git global config as a safe directory
2025-08-16T23:47:05.2319391Z [command]/usr/bin/git config --global --add safe.directory /home/runner/work/AWA-App/AWA-App
2025-08-16T23:47:05.2353307Z [command]/usr/bin/git config --local --name-only --get-regexp core\.sshCommand
2025-08-16T23:47:05.2385786Z [command]/usr/bin/git submodule foreach --recursive sh -c "git config --local --name-only --get-regexp 'core\.sshCommand' && git config --local --unset-all 'core.sshCommand' || :"
2025-08-16T23:47:05.2612579Z [command]/usr/bin/git config --local --name-only --get-regexp http\.https\:\/\/github\.com\/\.extraheader
2025-08-16T23:47:05.2633872Z http.https://github.com/.extraheader
2025-08-16T23:47:05.2645914Z [command]/usr/bin/git config --local --unset-all http.https://github.com/.extraheader
2025-08-16T23:47:05.2675562Z [command]/usr/bin/git submodule foreach --recursive sh -c "git config --local --name-only --get-regexp 'http\.https\:\/\/github\.com\/\.extraheader' && git config --local --unset-all 'http.https://github.com/.extraheader' || :"
2025-08-16T23:47:05.2981571Z Print service container logs: 2d6a23dba94d42f09ac5486db6e26815_postgres15_6c0e48
2025-08-16T23:47:05.2986308Z ##[command]/usr/bin/docker logs --details b0346e8127f8a311d7083e0897a9a357cc03e487f61d842e253105f20a8c0c21
2025-08-16T23:47:05.3106931Z  The files belonging to this database system will be owned by user "postgres".
2025-08-16T23:47:05.3109289Z  initdb: warning: enabling "trust" authentication for local connections
2025-08-16T23:47:05.3110439Z  initdb: hint: You can change this by editing pg_hba.conf or using the option -A, or --auth-local and --auth-host, the next time you run initdb.
2025-08-16T23:47:05.3111030Z  This user must also own the server process.
2025-08-16T23:47:05.3111293Z  
2025-08-16T23:47:05.3111564Z  The database cluster will be initialized with locale "en_US.utf8".
2025-08-16T23:47:05.3111990Z  The default database encoding has accordingly been set to "UTF8".
2025-08-16T23:47:05.3112387Z  The default text search configuration will be set to "english".
2025-08-16T23:47:05.3112754Z  
2025-08-16T23:47:05.3112932Z  Data page checksums are disabled.
2025-08-16T23:47:05.3113175Z  
2025-08-16T23:47:05.3113450Z  fixing permissions on existing directory /var/lib/postgresql/data ... ok
2025-08-16T23:47:05.3113814Z  creating subdirectories ... ok
2025-08-16T23:47:05.3114111Z  selecting dynamic shared memory implementation ... posix
2025-08-16T23:47:05.3114434Z  selecting default max_connections ... 100
2025-08-16T23:47:05.3114708Z  selecting default shared_buffers ... 128MB
2025-08-16T23:47:05.3114971Z  selecting default time zone ... Etc/UTC
2025-08-16T23:47:05.3115232Z  creating configuration files ... ok
2025-08-16T23:47:05.3115483Z  running bootstrap script ... ok
2025-08-16T23:47:05.3115762Z  performing post-bootstrap initialization ... ok
2025-08-16T23:47:05.3116042Z  syncing data to disk ... ok
2025-08-16T23:47:05.3116478Z  
2025-08-16T23:47:05.3116631Z  
2025-08-16T23:47:05.3116841Z  Success. You can now start the database server using:
2025-08-16T23:47:05.3117118Z  
2025-08-16T23:47:05.3117335Z      pg_ctl -D /var/lib/postgresql/data -l logfile start
2025-08-16T23:47:05.3117606Z  
2025-08-16T23:47:05.3118162Z  waiting for server to start....2025-08-16 23:44:52.412 UTC [48] LOG:  starting PostgreSQL 15.14 (Debian 15.14-1.pgdg13+1) on x86_64-pc-linux-gnu, compiled by gcc (Debian 14.2.0-19) 14.2.0, 64-bit
2025-08-16T23:47:05.3118922Z  2025-08-16 23:44:52.412 UTC [48] LOG:  listening on Unix socket "/var/run/postgresql/.s.PGSQL.5432"
2025-08-16T23:47:05.3120071Z  2025-08-16 23:44:52.416 UTC [51] LOG:  database system was shut down at 2025-08-16 23:44:52 UTC
2025-08-16T23:47:05.3120868Z  2025-08-16 23:44:52.420 UTC [48] LOG:  database system is ready to accept connections
2025-08-16T23:47:05.3121415Z   done
2025-08-16T23:47:05.3121636Z  server started
2025-08-16T23:47:05.3121824Z  CREATE DATABASE
2025-08-16T23:47:05.3122001Z  
2025-08-16T23:47:05.3122152Z  
2025-08-16T23:47:05.3122455Z  /usr/local/bin/docker-entrypoint.sh: ignoring /docker-entrypoint-initdb.d/*
2025-08-16T23:47:05.3122826Z  
2025-08-16T23:47:05.3123056Z  2025-08-16 23:44:52.597 UTC [48] LOG:  received fast shutdown request
2025-08-16T23:47:05.3123528Z  waiting for server to shut down....2025-08-16 23:44:52.598 UTC [48] LOG:  aborting any active transactions
2025-08-16T23:47:05.3124135Z  2025-08-16 23:44:52.599 UTC [48] LOG:  background worker "logical replication launcher" (PID 54) exited with exit code 1
2025-08-16T23:47:05.3124612Z  2025-08-16 23:44:52.599 UTC [49] LOG:  shutting down
2025-08-16T23:47:05.3124966Z  2025-08-16 23:44:52.600 UTC [49] LOG:  checkpoint starting: shutdown immediate
2025-08-16T23:47:05.3125802Z  2025-08-16 23:44:52.616 UTC [49] LOG:  checkpoint complete: wrote 922 buffers (5.6%); 0 WAL file(s) added, 0 removed, 0 recycled; write=0.013 s, sync=0.002 s, total=0.017 s; sync files=301, longest=0.001 s, average=0.001 s; distance=4239 kB, estimate=4239 kB
2025-08-16T23:47:05.3126788Z  2025-08-16 23:44:52.622 UTC [48] LOG:  database system is shut down
2025-08-16T23:47:05.3127319Z   done
2025-08-16T23:47:05.3127494Z  server stopped
2025-08-16T23:47:05.3127671Z  
2025-08-16T23:47:05.3127888Z  PostgreSQL init process complete; ready for start up.
2025-08-16T23:47:05.3128301Z  
2025-08-16T23:47:05.3128764Z  2025-08-16 23:44:52.717 UTC [1] LOG:  starting PostgreSQL 15.14 (Debian 15.14-1.pgdg13+1) on x86_64-pc-linux-gnu, compiled by gcc (Debian 14.2.0-19) 14.2.0, 64-bit
2025-08-16T23:47:05.3129396Z  2025-08-16 23:44:52.717 UTC [1] LOG:  listening on IPv4 address "0.0.0.0", port 5432
2025-08-16T23:47:05.3129805Z  2025-08-16 23:44:52.717 UTC [1] LOG:  listening on IPv6 address "::", port 5432
2025-08-16T23:47:05.3130256Z  2025-08-16 23:44:52.718 UTC [1] LOG:  listening on Unix socket "/var/run/postgresql/.s.PGSQL.5432"
2025-08-16T23:47:05.3130738Z  2025-08-16 23:44:52.721 UTC [64] LOG:  database system was shut down at 2025-08-16 23:44:52 UTC
2025-08-16T23:47:05.3131178Z  2025-08-16 23:44:52.725 UTC [1] LOG:  database system is ready to accept connections
2025-08-16T23:47:05.3136624Z Stop and remove container: 2d6a23dba94d42f09ac5486db6e26815_postgres15_6c0e48
2025-08-16T23:47:05.3141453Z ##[command]/usr/bin/docker rm --force b0346e8127f8a311d7083e0897a9a357cc03e487f61d842e253105f20a8c0c21
2025-08-16T23:47:05.4328446Z b0346e8127f8a311d7083e0897a9a357cc03e487f61d842e253105f20a8c0c21
2025-08-16T23:47:05.4405429Z Remove container network: github_network_dd2cb5cd0c05476184d1ddd36a0002c7
2025-08-16T23:47:05.4410200Z ##[command]/usr/bin/docker network rm github_network_dd2cb5cd0c05476184d1ddd36a0002c7
2025-08-16T23:47:05.6043333Z github_network_dd2cb5cd0c05476184d1ddd36a0002c7
2025-08-16T23:47:05.6098951Z Cleaning up orphan processes
