2025-08-20T00:33:50.9741237Z Current runner version: '2.327.1'
2025-08-20T00:33:50.9765412Z ##[group]Runner Image Provisioner
2025-08-20T00:33:50.9766221Z Hosted Compute Agent
2025-08-20T00:33:50.9766785Z Version: 20250818.377
2025-08-20T00:33:50.9767397Z Commit: 3c593e9f75fe0b87e893bca80d6e12ba089c61fc
2025-08-20T00:33:50.9768108Z Build Date: 2025-08-18T14:52:18Z
2025-08-20T00:33:50.9768662Z ##[endgroup]
2025-08-20T00:33:50.9769255Z ##[group]Operating System
2025-08-20T00:33:50.9769804Z Ubuntu
2025-08-20T00:33:50.9770288Z 24.04.2
2025-08-20T00:33:50.9770696Z LTS
2025-08-20T00:33:50.9771213Z ##[endgroup]
2025-08-20T00:33:50.9771673Z ##[group]Runner Image
2025-08-20T00:33:50.9772641Z Image: ubuntu-24.04
2025-08-20T00:33:50.9773259Z Version: 20250810.1.0
2025-08-20T00:33:50.9774241Z Included Software: https://github.com/actions/runner-images/blob/ubuntu24/20250810.1/images/ubuntu/Ubuntu2404-Readme.md
2025-08-20T00:33:50.9775837Z Image Release: https://github.com/actions/runner-images/releases/tag/ubuntu24%2F20250810.1
2025-08-20T00:33:50.9776839Z ##[endgroup]
2025-08-20T00:33:50.9779326Z ##[group]GITHUB_TOKEN Permissions
2025-08-20T00:33:50.9781286Z Actions: write
2025-08-20T00:33:50.9782007Z Attestations: write
2025-08-20T00:33:50.9782834Z Checks: write
2025-08-20T00:33:50.9783387Z Contents: write
2025-08-20T00:33:50.9783926Z Deployments: write
2025-08-20T00:33:50.9784465Z Discussions: write
2025-08-20T00:33:50.9784945Z Issues: write
2025-08-20T00:33:50.9785470Z Metadata: read
2025-08-20T00:33:50.9785945Z Models: read
2025-08-20T00:33:50.9786438Z Packages: write
2025-08-20T00:33:50.9786918Z Pages: write
2025-08-20T00:33:50.9787484Z PullRequests: write
2025-08-20T00:33:50.9788025Z RepositoryProjects: write
2025-08-20T00:33:50.9788543Z SecurityEvents: write
2025-08-20T00:33:50.9789237Z Statuses: write
2025-08-20T00:33:50.9789711Z ##[endgroup]
2025-08-20T00:33:50.9792147Z Secret source: Actions
2025-08-20T00:33:50.9793102Z Prepare workflow directory
2025-08-20T00:33:51.0223644Z Prepare all required actions
2025-08-20T00:33:51.0262134Z Getting action download info
2025-08-20T00:33:51.3484481Z Download action repository 'actions/checkout@v4' (SHA:08eba0b27e820071cde6df949e0beb9ba4906955)
2025-08-20T00:33:51.5727721Z Download action repository 'actions/setup-python@v5' (SHA:a26af69be951a213d495a4c3e4e4022e16d87065)
2025-08-20T00:33:51.8831006Z Download action repository 'actions/upload-artifact@v4' (SHA:ea165f8d65b6e75b540449e92b4886f43607fa02)
2025-08-20T00:33:52.0798153Z Complete job name: unit
2025-08-20T00:33:52.1295458Z ##[group]Checking docker version
2025-08-20T00:33:52.1308220Z ##[command]/usr/bin/docker version --format '{{.Server.APIVersion}}'
2025-08-20T00:33:52.1981755Z '1.48'
2025-08-20T00:33:52.1994490Z Docker daemon API version: '1.48'
2025-08-20T00:33:52.1995254Z ##[command]/usr/bin/docker version --format '{{.Client.APIVersion}}'
2025-08-20T00:33:52.2145441Z '1.48'
2025-08-20T00:33:52.2158794Z Docker client API version: '1.48'
2025-08-20T00:33:52.2165167Z ##[endgroup]
2025-08-20T00:33:52.2168229Z ##[group]Clean up resources from previous jobs
2025-08-20T00:33:52.2173874Z ##[command]/usr/bin/docker ps --all --quiet --no-trunc --filter "label=089946"
2025-08-20T00:33:52.2310590Z ##[command]/usr/bin/docker network prune --force --filter "label=089946"
2025-08-20T00:33:52.2435810Z ##[endgroup]
2025-08-20T00:33:52.2436323Z ##[group]Create local container network
2025-08-20T00:33:52.2446352Z ##[command]/usr/bin/docker network create --label 089946 github_network_fb252c7d6c9748be8433790842db1938
2025-08-20T00:33:52.2910315Z 97ebaa34338a2b54c01bf4c964fab8ea4c4270abb07271c0a391b67e6b15c068
2025-08-20T00:33:52.2929432Z ##[endgroup]
2025-08-20T00:33:52.2954469Z ##[group]Starting postgres service container
2025-08-20T00:33:52.2973388Z ##[command]/usr/bin/docker pull postgres:15
2025-08-20T00:33:52.4904231Z 15: Pulling from library/postgres
2025-08-20T00:33:52.5562510Z 396b1da7636e: Pulling fs layer
2025-08-20T00:33:52.5563634Z fca2566eba32: Pulling fs layer
2025-08-20T00:33:52.5564498Z 631fe8c6d606: Pulling fs layer
2025-08-20T00:33:52.5565268Z 77c7671c4414: Pulling fs layer
2025-08-20T00:33:52.5566532Z 2d9e29180a27: Pulling fs layer
2025-08-20T00:33:52.5567379Z c6bcc2c9a041: Pulling fs layer
2025-08-20T00:33:52.5567987Z ac4b721eb66f: Pulling fs layer
2025-08-20T00:33:52.5568459Z 606bd164980e: Pulling fs layer
2025-08-20T00:33:52.5568938Z f5dfd246bc6e: Pulling fs layer
2025-08-20T00:33:52.5569436Z ba7036bb0a60: Pulling fs layer
2025-08-20T00:33:52.5569892Z 799f859abbbd: Pulling fs layer
2025-08-20T00:33:52.5570372Z d903e777080c: Pulling fs layer
2025-08-20T00:33:52.5570833Z 04adcb462801: Pulling fs layer
2025-08-20T00:33:52.5571288Z 5c10925b29ff: Pulling fs layer
2025-08-20T00:33:52.5571727Z 77c7671c4414: Waiting
2025-08-20T00:33:52.5572129Z 2d9e29180a27: Waiting
2025-08-20T00:33:52.5572826Z c6bcc2c9a041: Waiting
2025-08-20T00:33:52.5573243Z ac4b721eb66f: Waiting
2025-08-20T00:33:52.5573642Z 606bd164980e: Waiting
2025-08-20T00:33:52.5574026Z 04adcb462801: Waiting
2025-08-20T00:33:52.5574424Z 5c10925b29ff: Waiting
2025-08-20T00:33:52.5574808Z d903e777080c: Waiting
2025-08-20T00:33:52.5575212Z 799f859abbbd: Waiting
2025-08-20T00:33:52.5575609Z f5dfd246bc6e: Waiting
2025-08-20T00:33:52.6286874Z fca2566eba32: Verifying Checksum
2025-08-20T00:33:52.6287955Z fca2566eba32: Download complete
2025-08-20T00:33:52.7172875Z 77c7671c4414: Verifying Checksum
2025-08-20T00:33:52.7173936Z 77c7671c4414: Download complete
2025-08-20T00:33:52.8377988Z 2d9e29180a27: Verifying Checksum
2025-08-20T00:33:52.8380461Z 2d9e29180a27: Download complete
2025-08-20T00:33:52.8844528Z 631fe8c6d606: Verifying Checksum
2025-08-20T00:33:52.8846130Z 631fe8c6d606: Download complete
2025-08-20T00:33:52.8992834Z c6bcc2c9a041: Verifying Checksum
2025-08-20T00:33:52.8994229Z c6bcc2c9a041: Download complete
2025-08-20T00:33:52.9471418Z ac4b721eb66f: Verifying Checksum
2025-08-20T00:33:52.9473361Z ac4b721eb66f: Download complete
2025-08-20T00:33:52.9614121Z 606bd164980e: Verifying Checksum
2025-08-20T00:33:52.9615589Z 606bd164980e: Download complete
2025-08-20T00:33:53.0254215Z ba7036bb0a60: Verifying Checksum
2025-08-20T00:33:53.0256020Z ba7036bb0a60: Download complete
2025-08-20T00:33:53.0674070Z 396b1da7636e: Verifying Checksum
2025-08-20T00:33:53.0675434Z 396b1da7636e: Download complete
2025-08-20T00:33:53.0848977Z 799f859abbbd: Verifying Checksum
2025-08-20T00:33:53.0852165Z 799f859abbbd: Download complete
2025-08-20T00:33:53.1288824Z d903e777080c: Verifying Checksum
2025-08-20T00:33:53.1291104Z d903e777080c: Download complete
2025-08-20T00:33:53.1536407Z 04adcb462801: Verifying Checksum
2025-08-20T00:33:53.1542851Z 04adcb462801: Download complete
2025-08-20T00:33:53.1785836Z 5c10925b29ff: Verifying Checksum
2025-08-20T00:33:53.1789003Z 5c10925b29ff: Download complete
2025-08-20T00:33:54.1654373Z 396b1da7636e: Pull complete
2025-08-20T00:33:54.2425522Z f5dfd246bc6e: Verifying Checksum
2025-08-20T00:33:54.2426164Z f5dfd246bc6e: Download complete
2025-08-20T00:33:54.4363010Z fca2566eba32: Pull complete
2025-08-20T00:33:54.6055273Z 631fe8c6d606: Pull complete
2025-08-20T00:33:54.6454062Z 77c7671c4414: Pull complete
2025-08-20T00:33:54.9565728Z 2d9e29180a27: Pull complete
2025-08-20T00:33:55.0369598Z c6bcc2c9a041: Pull complete
2025-08-20T00:33:55.0449680Z ac4b721eb66f: Pull complete
2025-08-20T00:33:55.0546574Z 606bd164980e: Pull complete
2025-08-20T00:33:58.0049306Z f5dfd246bc6e: Pull complete
2025-08-20T00:33:58.0205279Z ba7036bb0a60: Pull complete
2025-08-20T00:33:58.0311064Z 799f859abbbd: Pull complete
2025-08-20T00:33:58.0423131Z d903e777080c: Pull complete
2025-08-20T00:33:58.0524411Z 04adcb462801: Pull complete
2025-08-20T00:33:58.0634499Z 5c10925b29ff: Pull complete
2025-08-20T00:33:58.0672830Z Digest: sha256:bc51cf4f1fe02cce7ed2370b20128a9b00b4eb804573a77d2a0d877aaa9c82b1
2025-08-20T00:33:58.0686657Z Status: Downloaded newer image for postgres:15
2025-08-20T00:33:58.0698279Z docker.io/library/postgres:15
2025-08-20T00:33:58.0758266Z ##[command]/usr/bin/docker create --name 0405e4a6216b4ebaa3d360f85c34cad5_postgres15_85c15c --label 089946 --network github_network_fb252c7d6c9748be8433790842db1938 --network-alias postgres -p 5432:5432 --health-cmd="pg_isready -U postgres -d awa" --health-interval=5s --health-timeout=5s --health-retries=10 -e "POSTGRES_USER=postgres" -e "POSTGRES_PASSWORD=pass" -e "POSTGRES_DB=awa" -e GITHUB_ACTIONS=true -e CI=true postgres:15
2025-08-20T00:33:58.1022795Z a1884097737a23f2cee4f6d343542870f1c2d2e707b03a3b262a05be7e93cfb9
2025-08-20T00:33:58.1046841Z ##[command]/usr/bin/docker start a1884097737a23f2cee4f6d343542870f1c2d2e707b03a3b262a05be7e93cfb9
2025-08-20T00:33:58.3859858Z a1884097737a23f2cee4f6d343542870f1c2d2e707b03a3b262a05be7e93cfb9
2025-08-20T00:33:58.3881346Z ##[command]/usr/bin/docker ps --all --filter id=a1884097737a23f2cee4f6d343542870f1c2d2e707b03a3b262a05be7e93cfb9 --filter status=running --no-trunc --format "{{.ID}} {{.Status}}"
2025-08-20T00:33:58.4008728Z a1884097737a23f2cee4f6d343542870f1c2d2e707b03a3b262a05be7e93cfb9 Up Less than a second (health: starting)
2025-08-20T00:33:58.4032910Z ##[command]/usr/bin/docker port a1884097737a23f2cee4f6d343542870f1c2d2e707b03a3b262a05be7e93cfb9
2025-08-20T00:33:58.4160811Z 5432/tcp -> 0.0.0.0:5432
2025-08-20T00:33:58.4161445Z 5432/tcp -> [::]:5432
2025-08-20T00:33:58.4207684Z ##[endgroup]
2025-08-20T00:33:58.4208906Z ##[group]Starting redis service container
2025-08-20T00:33:58.4210400Z ##[command]/usr/bin/docker pull redis:7-alpine
2025-08-20T00:33:58.6366181Z 7-alpine: Pulling from library/redis
2025-08-20T00:33:58.6843638Z 0368fd46e3c6: Pulling fs layer
2025-08-20T00:33:58.6844190Z 4c55286bbede: Pulling fs layer
2025-08-20T00:33:58.6844847Z 5e28347af205: Pulling fs layer
2025-08-20T00:33:58.6845272Z 311eca34042e: Pulling fs layer
2025-08-20T00:33:58.6845748Z e6fe6f07e192: Pulling fs layer
2025-08-20T00:33:58.6846368Z a2cadbfeca72: Pulling fs layer
2025-08-20T00:33:58.6846796Z 4f4fb700ef54: Pulling fs layer
2025-08-20T00:33:58.6847250Z a976ed7e7808: Pulling fs layer
2025-08-20T00:33:58.6847752Z e6fe6f07e192: Waiting
2025-08-20T00:33:58.6848181Z a2cadbfeca72: Waiting
2025-08-20T00:33:58.6848562Z 4f4fb700ef54: Waiting
2025-08-20T00:33:58.6849171Z a976ed7e7808: Waiting
2025-08-20T00:33:58.6850771Z 311eca34042e: Waiting
2025-08-20T00:33:58.7309403Z 4c55286bbede: Verifying Checksum
2025-08-20T00:33:58.7311569Z 4c55286bbede: Download complete
2025-08-20T00:33:58.7942029Z 5e28347af205: Verifying Checksum
2025-08-20T00:33:58.7943031Z 5e28347af205: Download complete
2025-08-20T00:33:58.8269883Z 0368fd46e3c6: Verifying Checksum
2025-08-20T00:33:58.8272586Z 0368fd46e3c6: Download complete
2025-08-20T00:33:58.8286623Z 311eca34042e: Verifying Checksum
2025-08-20T00:33:58.8295765Z 311eca34042e: Download complete
2025-08-20T00:33:58.8919941Z 4f4fb700ef54: Verifying Checksum
2025-08-20T00:33:58.8932930Z 4f4fb700ef54: Download complete
2025-08-20T00:33:58.8934001Z a2cadbfeca72: Verifying Checksum
2025-08-20T00:33:58.8934805Z a2cadbfeca72: Download complete
2025-08-20T00:33:58.9472639Z e6fe6f07e192: Verifying Checksum
2025-08-20T00:33:58.9475956Z e6fe6f07e192: Download complete
2025-08-20T00:33:58.9552468Z 0368fd46e3c6: Pull complete
2025-08-20T00:33:58.9586792Z a976ed7e7808: Verifying Checksum
2025-08-20T00:33:58.9594118Z a976ed7e7808: Download complete
2025-08-20T00:33:58.9907951Z 4c55286bbede: Pull complete
2025-08-20T00:33:59.1470593Z 5e28347af205: Pull complete
2025-08-20T00:33:59.1720001Z 311eca34042e: Pull complete
2025-08-20T00:33:59.3680510Z e6fe6f07e192: Pull complete
2025-08-20T00:33:59.3759923Z a2cadbfeca72: Pull complete
2025-08-20T00:33:59.3853147Z 4f4fb700ef54: Pull complete
2025-08-20T00:33:59.3934801Z a976ed7e7808: Pull complete
2025-08-20T00:33:59.3987418Z Digest: sha256:bb186d083732f669da90be8b0f975a37812b15e913465bb14d845db72a4e3e08
2025-08-20T00:33:59.3997702Z Status: Downloaded newer image for redis:7-alpine
2025-08-20T00:33:59.4005217Z docker.io/library/redis:7-alpine
2025-08-20T00:33:59.4023409Z ##[command]/usr/bin/docker create --name 6d1fee3000d6427d980c872dd89bd4bd_redis7alpine_11fdbf --label 089946 --network github_network_fb252c7d6c9748be8433790842db1938 --network-alias redis -p 6379:6379  -e GITHUB_ACTIONS=true -e CI=true redis:7-alpine
2025-08-20T00:33:59.4239259Z 8a6233db1baeebc803c5eb20608c627a6aff34cde3071770ea122026433a3180
2025-08-20T00:33:59.4253664Z ##[command]/usr/bin/docker start 8a6233db1baeebc803c5eb20608c627a6aff34cde3071770ea122026433a3180
2025-08-20T00:33:59.5650709Z 8a6233db1baeebc803c5eb20608c627a6aff34cde3071770ea122026433a3180
2025-08-20T00:33:59.5669909Z ##[command]/usr/bin/docker ps --all --filter id=8a6233db1baeebc803c5eb20608c627a6aff34cde3071770ea122026433a3180 --filter status=running --no-trunc --format "{{.ID}} {{.Status}}"
2025-08-20T00:33:59.5790899Z 8a6233db1baeebc803c5eb20608c627a6aff34cde3071770ea122026433a3180 Up Less than a second
2025-08-20T00:33:59.5804517Z ##[command]/usr/bin/docker port 8a6233db1baeebc803c5eb20608c627a6aff34cde3071770ea122026433a3180
2025-08-20T00:33:59.5927594Z 6379/tcp -> 0.0.0.0:6379
2025-08-20T00:33:59.5928233Z 6379/tcp -> [::]:6379
2025-08-20T00:33:59.5947102Z ##[endgroup]
2025-08-20T00:33:59.5956308Z ##[group]Waiting for all services to be ready
2025-08-20T00:33:59.5969633Z ##[command]/usr/bin/docker inspect --format="{{if .Config.Healthcheck}}{{print .State.Health.Status}}{{end}}" a1884097737a23f2cee4f6d343542870f1c2d2e707b03a3b262a05be7e93cfb9
2025-08-20T00:33:59.6082184Z starting
2025-08-20T00:33:59.6101536Z postgres service is starting, waiting 2 seconds before checking again.
2025-08-20T00:34:01.6097212Z ##[command]/usr/bin/docker inspect --format="{{if .Config.Healthcheck}}{{print .State.Health.Status}}{{end}}" a1884097737a23f2cee4f6d343542870f1c2d2e707b03a3b262a05be7e93cfb9
2025-08-20T00:34:01.6275395Z starting
2025-08-20T00:34:01.6289501Z postgres service is starting, waiting 4 seconds before checking again.
2025-08-20T00:34:05.7346346Z ##[command]/usr/bin/docker inspect --format="{{if .Config.Healthcheck}}{{print .State.Health.Status}}{{end}}" a1884097737a23f2cee4f6d343542870f1c2d2e707b03a3b262a05be7e93cfb9
2025-08-20T00:34:05.7462962Z healthy
2025-08-20T00:34:05.7479502Z postgres service is healthy.
2025-08-20T00:34:05.7480284Z ##[command]/usr/bin/docker inspect --format="{{if .Config.Healthcheck}}{{print .State.Health.Status}}{{end}}" 8a6233db1baeebc803c5eb20608c627a6aff34cde3071770ea122026433a3180
2025-08-20T00:34:05.7601129Z redis service is healthy.
2025-08-20T00:34:05.7601732Z ##[endgroup]
2025-08-20T00:34:05.7855697Z ##[group]Run actions/checkout@v4
2025-08-20T00:34:05.7856209Z with:
2025-08-20T00:34:05.7856406Z   repository: AlexBomber12/AWA-App
2025-08-20T00:34:05.7856774Z   token: ***
2025-08-20T00:34:05.7856956Z   ssh-strict: true
2025-08-20T00:34:05.7857126Z   ssh-user: git
2025-08-20T00:34:05.7857309Z   persist-credentials: true
2025-08-20T00:34:05.7857519Z   clean: true
2025-08-20T00:34:05.7857701Z   sparse-checkout-cone-mode: true
2025-08-20T00:34:05.7857931Z   fetch-depth: 1
2025-08-20T00:34:05.7858100Z   fetch-tags: false
2025-08-20T00:34:05.7858283Z   show-progress: true
2025-08-20T00:34:05.7858457Z   lfs: false
2025-08-20T00:34:05.7858617Z   submodules: false
2025-08-20T00:34:05.7858794Z   set-safe-directory: true
2025-08-20T00:34:05.7859162Z env:
2025-08-20T00:34:05.7859389Z   REDIS_URL: redis://localhost:6379/0
2025-08-20T00:34:05.7859639Z   RATE_LIMIT_DEFAULT: 100/minute
2025-08-20T00:34:05.7859854Z   TRUST_X_FORWARDED: 1
2025-08-20T00:34:05.7860029Z ##[endgroup]
2025-08-20T00:34:05.8961357Z Syncing repository: AlexBomber12/AWA-App
2025-08-20T00:34:05.8963582Z ##[group]Getting Git version info
2025-08-20T00:34:05.8964209Z Working directory is '/home/runner/work/AWA-App/AWA-App'
2025-08-20T00:34:05.8965141Z [command]/usr/bin/git version
2025-08-20T00:34:05.9022501Z git version 2.50.1
2025-08-20T00:34:05.9049102Z ##[endgroup]
2025-08-20T00:34:05.9061982Z Temporarily overriding HOME='/home/runner/work/_temp/08aafade-01a4-42bb-8e69-f3d7cfda5724' before making global git config changes
2025-08-20T00:34:05.9063303Z Adding repository directory to the temporary git global config as a safe directory
2025-08-20T00:34:05.9067332Z [command]/usr/bin/git config --global --add safe.directory /home/runner/work/AWA-App/AWA-App
2025-08-20T00:34:05.9101292Z Deleting the contents of '/home/runner/work/AWA-App/AWA-App'
2025-08-20T00:34:05.9105087Z ##[group]Initializing the repository
2025-08-20T00:34:05.9109875Z [command]/usr/bin/git init /home/runner/work/AWA-App/AWA-App
2025-08-20T00:34:05.9175343Z hint: Using 'master' as the name for the initial branch. This default branch name
2025-08-20T00:34:05.9176359Z hint: is subject to change. To configure the initial branch name to use in all
2025-08-20T00:34:05.9177179Z hint: of your new repositories, which will suppress this warning, call:
2025-08-20T00:34:05.9177752Z hint:
2025-08-20T00:34:05.9178167Z hint: 	git config --global init.defaultBranch <name>
2025-08-20T00:34:05.9178683Z hint:
2025-08-20T00:34:05.9179158Z hint: Names commonly chosen instead of 'master' are 'main', 'trunk' and
2025-08-20T00:34:05.9179935Z hint: 'development'. The just-created branch can be renamed via this command:
2025-08-20T00:34:05.9180505Z hint:
2025-08-20T00:34:05.9180793Z hint: 	git branch -m <name>
2025-08-20T00:34:05.9181123Z hint:
2025-08-20T00:34:05.9181587Z hint: Disable this message with "git config set advice.defaultBranchName false"
2025-08-20T00:34:05.9182098Z Initialized empty Git repository in /home/runner/work/AWA-App/AWA-App/.git/
2025-08-20T00:34:05.9191061Z [command]/usr/bin/git remote add origin https://github.com/AlexBomber12/AWA-App
2025-08-20T00:34:05.9223595Z ##[endgroup]
2025-08-20T00:34:05.9223978Z ##[group]Disabling automatic garbage collection
2025-08-20T00:34:05.9227603Z [command]/usr/bin/git config --local gc.auto 0
2025-08-20T00:34:05.9254284Z ##[endgroup]
2025-08-20T00:34:05.9254669Z ##[group]Setting up auth
2025-08-20T00:34:05.9260869Z [command]/usr/bin/git config --local --name-only --get-regexp core\.sshCommand
2025-08-20T00:34:05.9289410Z [command]/usr/bin/git submodule foreach --recursive sh -c "git config --local --name-only --get-regexp 'core\.sshCommand' && git config --local --unset-all 'core.sshCommand' || :"
2025-08-20T00:34:05.9583183Z [command]/usr/bin/git config --local --name-only --get-regexp http\.https\:\/\/github\.com\/\.extraheader
2025-08-20T00:34:05.9611148Z [command]/usr/bin/git submodule foreach --recursive sh -c "git config --local --name-only --get-regexp 'http\.https\:\/\/github\.com\/\.extraheader' && git config --local --unset-all 'http.https://github.com/.extraheader' || :"
2025-08-20T00:34:05.9834394Z [command]/usr/bin/git config --local http.https://github.com/.extraheader AUTHORIZATION: basic ***
2025-08-20T00:34:05.9867931Z ##[endgroup]
2025-08-20T00:34:05.9868358Z ##[group]Fetching the repository
2025-08-20T00:34:05.9876471Z [command]/usr/bin/git -c protocol.version=2 fetch --no-tags --prune --no-recurse-submodules --depth=1 origin +162a7787d9b365027c5f36e03c9556d53c3ecd03:refs/remotes/pull/294/merge
2025-08-20T00:34:06.2577170Z From https://github.com/AlexBomber12/AWA-App
2025-08-20T00:34:06.2577831Z  * [new ref]         162a7787d9b365027c5f36e03c9556d53c3ecd03 -> pull/294/merge
2025-08-20T00:34:06.2604129Z ##[endgroup]
2025-08-20T00:34:06.2604631Z ##[group]Determining the checkout info
2025-08-20T00:34:06.2606524Z ##[endgroup]
2025-08-20T00:34:06.2611289Z [command]/usr/bin/git sparse-checkout disable
2025-08-20T00:34:06.2649900Z [command]/usr/bin/git config --local --unset-all extensions.worktreeConfig
2025-08-20T00:34:06.2676810Z ##[group]Checking out the ref
2025-08-20T00:34:06.2680224Z [command]/usr/bin/git checkout --progress --force refs/remotes/pull/294/merge
2025-08-20T00:34:06.3023163Z Note: switching to 'refs/remotes/pull/294/merge'.
2025-08-20T00:34:06.3023546Z 
2025-08-20T00:34:06.3023911Z You are in 'detached HEAD' state. You can look around, make experimental
2025-08-20T00:34:06.3024706Z changes and commit them, and you can discard any commits you make in this
2025-08-20T00:34:06.3025484Z state without impacting any branches by switching back to a branch.
2025-08-20T00:34:06.3025914Z 
2025-08-20T00:34:06.3026239Z If you want to create a new branch to retain commits you create, you may
2025-08-20T00:34:06.3026932Z do so (now or later) by using -c with the switch command. Example:
2025-08-20T00:34:06.3027565Z 
2025-08-20T00:34:06.3027742Z   git switch -c <new-branch-name>
2025-08-20T00:34:06.3028006Z 
2025-08-20T00:34:06.3028165Z Or undo this operation with:
2025-08-20T00:34:06.3028410Z 
2025-08-20T00:34:06.3028546Z   git switch -
2025-08-20T00:34:06.3028720Z 
2025-08-20T00:34:06.3029084Z Turn off this advice by setting config variable advice.detachedHead to false
2025-08-20T00:34:06.3029575Z 
2025-08-20T00:34:06.3029953Z HEAD is now at 162a778 Merge 86c912bff79f542d0283bf37beab706318e1b4cd into 23b645575d5893cdba71f50a0dc4c4dec621ad4d
2025-08-20T00:34:06.3033445Z ##[endgroup]
2025-08-20T00:34:06.3066783Z [command]/usr/bin/git log -1 --format=%H
2025-08-20T00:34:06.3088323Z 162a7787d9b365027c5f36e03c9556d53c3ecd03
2025-08-20T00:34:06.3253812Z ##[group]Run cat .env.ci >> "$GITHUB_ENV"
2025-08-20T00:34:06.3254161Z [36;1mcat .env.ci >> "$GITHUB_ENV"[0m
2025-08-20T00:34:06.3254863Z [36;1mecho "DATABASE_URL=***localhost:5432/awa" >> "$GITHUB_ENV"[0m
2025-08-20T00:34:06.3255212Z [36;1mecho "PG_HOST=localhost" >> "$GITHUB_ENV"[0m
2025-08-20T00:34:06.3255515Z [36;1mecho "PG_PORT=5432" >> "$GITHUB_ENV"[0m
2025-08-20T00:34:06.3255799Z [36;1mecho "PG_USER=postgres" >> "$GITHUB_ENV"[0m
2025-08-20T00:34:06.3256089Z [36;1mecho "PG_PASSWORD=pass" >> "$GITHUB_ENV"[0m
2025-08-20T00:34:06.3256380Z [36;1mecho "PG_DATABASE=awa" >> "$GITHUB_ENV"[0m
2025-08-20T00:34:06.3302126Z shell: /usr/bin/bash -e {0}
2025-08-20T00:34:06.3302705Z env:
2025-08-20T00:34:06.3302925Z   REDIS_URL: redis://localhost:6379/0
2025-08-20T00:34:06.3303186Z   RATE_LIMIT_DEFAULT: 100/minute
2025-08-20T00:34:06.3303412Z   TRUST_X_FORWARDED: 1
2025-08-20T00:34:06.3303603Z ##[endgroup]
2025-08-20T00:34:06.3470510Z ##[group]Run actions/setup-python@v5
2025-08-20T00:34:06.3470778Z with:
2025-08-20T00:34:06.3470958Z   python-version: 3.12
2025-08-20T00:34:06.3471145Z   cache: pip
2025-08-20T00:34:06.3471354Z   cache-dependency-path: requirements-dev.txt
2025-08-20T00:34:06.3471622Z   check-latest: false
2025-08-20T00:34:06.3471935Z   token: ***
2025-08-20T00:34:06.3472125Z   update-environment: true
2025-08-20T00:34:06.3472587Z   allow-prereleases: false
2025-08-20T00:34:06.3472799Z   freethreaded: false
2025-08-20T00:34:06.3472977Z env:
2025-08-20T00:34:06.3473165Z   REDIS_URL: redis://localhost:6379/0
2025-08-20T00:34:06.3473419Z   RATE_LIMIT_DEFAULT: 100/minute
2025-08-20T00:34:06.3473641Z   TRUST_X_FORWARDED: 1
2025-08-20T00:34:06.3473835Z   PG_USER: postgres
2025-08-20T00:34:06.3474018Z   PG_PASSWORD: pass
2025-08-20T00:34:06.3474199Z   PG_DATABASE: awa
2025-08-20T00:34:06.3474371Z   PG_HOST: localhost
2025-08-20T00:34:06.3474553Z   PG_PORT: 5432
2025-08-20T00:34:06.3474963Z   PG_SYNC_DSN: ***localhost:5432/awa
2025-08-20T00:34:06.3475361Z   PG_ASYNC_DSN: ***localhost:5432/awa
2025-08-20T00:34:06.3475747Z   DATABASE_URL: ***localhost:5432/awa
2025-08-20T00:34:06.3475974Z   DATA_DIR: /tmp/awa-data
2025-08-20T00:34:06.3476171Z   ENABLE_LIVE: 0
2025-08-20T00:34:06.3476336Z   TESTING: 1
2025-08-20T00:34:06.3476498Z ##[endgroup]
2025-08-20T00:34:06.5108578Z ##[group]Installed versions
2025-08-20T00:34:06.5209901Z Successfully set up CPython (3.12.11)
2025-08-20T00:34:06.5210450Z ##[endgroup]
2025-08-20T00:34:06.5542058Z [command]/opt/hostedtoolcache/Python/3.12.11/x64/bin/pip cache dir
2025-08-20T00:34:07.7869304Z /home/runner/.cache/pip
2025-08-20T00:34:07.9126671Z Cache hit for: setup-python-Linux-x64-24.04-Ubuntu-python-3.12.11-pip-29fc3204f837bce43d81586a404709764a9accd1f738d0c33a52a32bf7a0c312
2025-08-20T00:34:08.9713921Z Received 218103808 of 337357499 (64.7%), 207.8 MBs/sec
2025-08-20T00:34:09.4904257Z Received 337357499 of 337357499 (100.0%), 211.7 MBs/sec
2025-08-20T00:34:09.4907024Z Cache Size: ~322 MB (337357499 B)
2025-08-20T00:34:09.4944955Z [command]/usr/bin/tar -xf /home/runner/work/_temp/171a4edb-10d8-49a7-bd3f-edd27fe146c9/cache.tzst -P -C /home/runner/work/AWA-App/AWA-App --use-compress-program unzstd
2025-08-20T00:34:10.0287208Z Cache restored successfully
2025-08-20T00:34:10.0927332Z Cache restored from key: setup-python-Linux-x64-24.04-Ubuntu-python-3.12.11-pip-29fc3204f837bce43d81586a404709764a9accd1f738d0c33a52a32bf7a0c312
2025-08-20T00:34:10.1088213Z ##[group]Run pip install -r requirements-dev.txt
2025-08-20T00:34:10.1088602Z [36;1mpip install -r requirements-dev.txt[0m
2025-08-20T00:34:10.1088913Z [36;1mpip install keepa==1.3.15 minio==7.1.15[0m
2025-08-20T00:34:10.1131877Z shell: /usr/bin/bash -e {0}
2025-08-20T00:34:10.1132109Z env:
2025-08-20T00:34:10.1132560Z   REDIS_URL: redis://localhost:6379/0
2025-08-20T00:34:10.1132840Z   RATE_LIMIT_DEFAULT: 100/minute
2025-08-20T00:34:10.1133058Z   TRUST_X_FORWARDED: 1
2025-08-20T00:34:10.1133253Z   PG_USER: postgres
2025-08-20T00:34:10.1133443Z   PG_PASSWORD: pass
2025-08-20T00:34:10.1133626Z   PG_DATABASE: awa
2025-08-20T00:34:10.1133807Z   PG_HOST: localhost
2025-08-20T00:34:10.1133994Z   PG_PORT: 5432
2025-08-20T00:34:10.1134437Z   PG_SYNC_DSN: ***localhost:5432/awa
2025-08-20T00:34:10.1134885Z   PG_ASYNC_DSN: ***localhost:5432/awa
2025-08-20T00:34:10.1135260Z   DATABASE_URL: ***localhost:5432/awa
2025-08-20T00:34:10.1135506Z   DATA_DIR: /tmp/awa-data
2025-08-20T00:34:10.1135744Z   ENABLE_LIVE: 0
2025-08-20T00:34:10.1135915Z   TESTING: 1
2025-08-20T00:34:10.1136151Z   pythonLocation: /opt/hostedtoolcache/Python/3.12.11/x64
2025-08-20T00:34:10.1136560Z   PKG_CONFIG_PATH: /opt/hostedtoolcache/Python/3.12.11/x64/lib/pkgconfig
2025-08-20T00:34:10.1136945Z   Python_ROOT_DIR: /opt/hostedtoolcache/Python/3.12.11/x64
2025-08-20T00:34:10.1137293Z   Python2_ROOT_DIR: /opt/hostedtoolcache/Python/3.12.11/x64
2025-08-20T00:34:10.1137640Z   Python3_ROOT_DIR: /opt/hostedtoolcache/Python/3.12.11/x64
2025-08-20T00:34:10.1137996Z   LD_LIBRARY_PATH: /opt/hostedtoolcache/Python/3.12.11/x64/lib
2025-08-20T00:34:10.1138279Z ##[endgroup]
2025-08-20T00:34:11.0602423Z Collecting Jinja2==3.1.6 (from -r requirements-dev.txt (line 2))
2025-08-20T00:34:11.0616343Z   Using cached jinja2-3.1.6-py3-none-any.whl.metadata (2.9 kB)
2025-08-20T00:34:11.0828411Z Collecting alembic==1.13.1 (from -r requirements-dev.txt (line 3))
2025-08-20T00:34:11.0840772Z   Using cached alembic-1.13.1-py3-none-any.whl.metadata (7.4 kB)
2025-08-20T00:34:11.0998970Z Collecting apscheduler==3.10.4 (from -r requirements-dev.txt (line 4))
2025-08-20T00:34:11.1010700Z   Using cached APScheduler-3.10.4-py3-none-any.whl.metadata (5.7 kB)
2025-08-20T00:34:11.1159020Z Collecting asgi-correlation-id==4.3.1 (from -r requirements-dev.txt (line 5))
2025-08-20T00:34:11.1170610Z   Using cached asgi_correlation_id-4.3.1-py3-none-any.whl.metadata (28 kB)
2025-08-20T00:34:11.1563580Z Collecting asyncpg==0.30.0 (from -r requirements-dev.txt (line 6))
2025-08-20T00:34:11.1576927Z   Using cached asyncpg-0.30.0-cp312-cp312-manylinux_2_17_x86_64.manylinux2014_x86_64.whl.metadata (5.0 kB)
2025-08-20T00:34:11.1998662Z Collecting black==25.1.0 (from -r requirements-dev.txt (line 7))
2025-08-20T00:34:11.2011920Z   Using cached black-25.1.0-cp312-cp312-manylinux_2_17_x86_64.manylinux2014_x86_64.manylinux_2_28_x86_64.whl.metadata (81 kB)
2025-08-20T00:34:11.5504811Z Collecting boto3 (from -r requirements-dev.txt (line 8))
2025-08-20T00:34:11.5855770Z   Downloading boto3-1.40.13-py3-none-any.whl.metadata (6.7 kB)
2025-08-20T00:34:11.6144080Z Collecting redis==6.* (from -r requirements-dev.txt (line 9))
2025-08-20T00:34:11.6155980Z   Using cached redis-6.4.0-py3-none-any.whl.metadata (10 kB)
2025-08-20T00:34:11.6444062Z Collecting minio==7.* (from -r requirements-dev.txt (line 10))
2025-08-20T00:34:11.6455276Z   Using cached minio-7.2.16-py3-none-any.whl.metadata (6.5 kB)
2025-08-20T00:34:11.6733203Z Collecting celery==5.5.3 (from -r requirements-dev.txt (line 11))
2025-08-20T00:34:11.6749518Z   Using cached celery-5.5.3-py3-none-any.whl.metadata (22 kB)
2025-08-20T00:34:11.7299245Z Collecting fastapi==0.116.1 (from -r requirements-dev.txt (line 12))
2025-08-20T00:34:11.7310409Z   Using cached fastapi-0.116.1-py3-none-any.whl.metadata (28 kB)
2025-08-20T00:34:11.7452500Z Collecting fastapi-limiter==0.1.6 (from -r requirements-dev.txt (line 14))
2025-08-20T00:34:11.7463633Z   Using cached fastapi_limiter-0.1.6-py3-none-any.whl.metadata (5.3 kB)
2025-08-20T00:34:11.7628951Z Collecting httpx<0.29,>=0.27 (from -r requirements-dev.txt (line 15))
2025-08-20T00:34:11.7639859Z   Using cached httpx-0.28.1-py3-none-any.whl.metadata (7.1 kB)
2025-08-20T00:34:11.7760194Z Collecting imapclient==3.0.1 (from -r requirements-dev.txt (line 16))
2025-08-20T00:34:11.7771605Z   Using cached IMAPClient-3.0.1-py2.py3-none-any.whl.metadata (1.7 kB)
2025-08-20T00:34:11.7856161Z Collecting itsdangerous (from -r requirements-dev.txt (line 17))
2025-08-20T00:34:11.7867362Z   Using cached itsdangerous-2.2.0-py3-none-any.whl.metadata (1.9 kB)
2025-08-20T00:34:11.8821401Z Collecting mypy==1.* (from -r requirements-dev.txt (line 18))
2025-08-20T00:34:11.8833702Z   Using cached mypy-1.17.1-cp312-cp312-manylinux2014_x86_64.manylinux_2_17_x86_64.manylinux_2_28_x86_64.whl.metadata (2.2 kB)
2025-08-20T00:34:11.8921377Z Collecting mypy-extensions==1.1.0 (from -r requirements-dev.txt (line 19))
2025-08-20T00:34:11.8932655Z   Using cached mypy_extensions-1.1.0-py3-none-any.whl.metadata (1.1 kB)
2025-08-20T00:34:12.0739557Z Collecting numpy<2 (from -r requirements-dev.txt (line 20))
2025-08-20T00:34:12.0753157Z   Using cached numpy-1.26.4-cp312-cp312-manylinux_2_17_x86_64.manylinux2014_x86_64.whl.metadata (61 kB)
2025-08-20T00:34:12.0990961Z Collecting openpyxl==3.1.5 (from -r requirements-dev.txt (line 21))
2025-08-20T00:34:12.1002123Z   Using cached openpyxl-3.1.5-py2.py3-none-any.whl.metadata (2.5 kB)
2025-08-20T00:34:12.2040307Z Collecting pandas==2.2.* (from -r requirements-dev.txt (line 22))
2025-08-20T00:34:12.2053851Z   Using cached pandas-2.2.3-cp312-cp312-manylinux_2_17_x86_64.manylinux2014_x86_64.whl.metadata (89 kB)
2025-08-20T00:34:12.2960066Z Collecting psycopg2-binary==2.9.10 (from -r requirements-dev.txt (line 23))
2025-08-20T00:34:12.2972147Z   Using cached psycopg2_binary-2.9.10-cp312-cp312-manylinux_2_17_x86_64.manylinux2014_x86_64.whl.metadata (4.9 kB)
2025-08-20T00:34:12.3136379Z Collecting psycopg==3.2.9 (from psycopg[binary]==3.2.9->-r requirements-dev.txt (line 24))
2025-08-20T00:34:12.3147453Z   Using cached psycopg-3.2.9-py3-none-any.whl.metadata (4.5 kB)
2025-08-20T00:34:12.4184302Z Collecting pydantic==2.11.7 (from -r requirements-dev.txt (line 25))
2025-08-20T00:34:12.4196498Z   Using cached pydantic-2.11.7-py3-none-any.whl.metadata (67 kB)
2025-08-20T00:34:12.5379039Z Collecting setuptools (from -r requirements-dev.txt (line 26))
2025-08-20T00:34:12.5391214Z   Using cached setuptools-80.9.0-py3-none-any.whl.metadata (6.6 kB)
2025-08-20T00:34:12.5637151Z Collecting pytest-asyncio==0.23.6 (from -r requirements-dev.txt (line 27))
2025-08-20T00:34:12.5648158Z   Using cached pytest_asyncio-0.23.6-py3-none-any.whl.metadata (3.9 kB)
2025-08-20T00:34:12.5770896Z Collecting pytest-cov==6.2.1 (from -r requirements-dev.txt (line 28))
2025-08-20T00:34:12.5782045Z   Using cached pytest_cov-6.2.1-py3-none-any.whl.metadata (30 kB)
2025-08-20T00:34:12.5933007Z Collecting pytest-postgresql==7.0.2 (from -r requirements-dev.txt (line 29))
2025-08-20T00:34:12.5943951Z   Using cached pytest_postgresql-7.0.2-py3-none-any.whl.metadata (18 kB)
2025-08-20T00:34:12.6098424Z Collecting python-dotenv (from -r requirements-dev.txt (line 30))
2025-08-20T00:34:12.6109677Z   Using cached python_dotenv-1.1.1-py3-none-any.whl.metadata (24 kB)
2025-08-20T00:34:12.6223838Z Collecting python-multipart (from -r requirements-dev.txt (line 31))
2025-08-20T00:34:12.6234923Z   Using cached python_multipart-0.0.20-py3-none-any.whl.metadata (1.8 kB)
2025-08-20T00:34:12.6514424Z Collecting python-telegram-bot==22.3 (from -r requirements-dev.txt (line 32))
2025-08-20T00:34:12.6525582Z   Using cached python_telegram_bot-22.3-py3-none-any.whl.metadata (17 kB)
2025-08-20T00:34:12.6803414Z Collecting requests==2.32.4 (from -r requirements-dev.txt (line 33))
2025-08-20T00:34:12.6814579Z   Using cached requests-2.32.4-py3-none-any.whl.metadata (4.9 kB)
2025-08-20T00:34:12.6950271Z Collecting respx==0.22.0 (from -r requirements-dev.txt (line 34))
2025-08-20T00:34:12.6961348Z   Using cached respx-0.22.0-py2.py3-none-any.whl.metadata (4.1 kB)
2025-08-20T00:34:13.0620178Z Collecting ruff==0.4.4 (from -r requirements-dev.txt (line 35))
2025-08-20T00:34:13.0633215Z   Using cached ruff-0.4.4-py3-none-manylinux_2_17_x86_64.manylinux2014_x86_64.whl.metadata (23 kB)
2025-08-20T00:34:13.3096641Z Collecting sqlalchemy==2.0.43 (from -r requirements-dev.txt (line 36))
2025-08-20T00:34:13.3110546Z   Using cached sqlalchemy-2.0.43-cp312-cp312-manylinux_2_17_x86_64.manylinux2014_x86_64.whl.metadata (9.6 kB)
2025-08-20T00:34:13.3313903Z Collecting structlog==24.1.0 (from -r requirements-dev.txt (line 37))
2025-08-20T00:34:13.3325054Z   Using cached structlog-24.1.0-py3-none-any.whl.metadata (6.9 kB)
2025-08-20T00:34:13.3481715Z Collecting testcontainers==4.10.0 (from testcontainers[postgres]==4.10.0->-r requirements-dev.txt (line 38))
2025-08-20T00:34:13.3492756Z   Using cached testcontainers-4.10.0-py3-none-any.whl.metadata (7.8 kB)
2025-08-20T00:34:13.3837969Z Collecting types-requests==2.32.4.20250809 (from -r requirements-dev.txt (line 39))
2025-08-20T00:34:13.3849415Z   Using cached types_requests-2.32.4.20250809-py3-none-any.whl.metadata (2.0 kB)
2025-08-20T00:34:13.3963279Z Collecting docspec-python==2.2.2 (from -r requirements-dev.txt (line 40))
2025-08-20T00:34:13.3974444Z   Using cached docspec_python-2.2.2-py3-none-any.whl.metadata (1.0 kB)
2025-08-20T00:34:13.4148679Z Collecting pydoc-markdown==4.8.2 (from -r requirements-dev.txt (line 41))
2025-08-20T00:34:13.4159555Z   Using cached pydoc_markdown-4.8.2-py3-none-any.whl.metadata (5.9 kB)
2025-08-20T00:34:13.4412648Z Collecting pandera==0.19.* (from -r requirements-dev.txt (line 42))
2025-08-20T00:34:13.4423716Z   Using cached pandera-0.19.3-py3-none-any.whl.metadata (15 kB)
2025-08-20T00:34:13.5405471Z Collecting MarkupSafe>=2.0 (from Jinja2==3.1.6->-r requirements-dev.txt (line 2))
2025-08-20T00:34:13.5417254Z   Using cached MarkupSafe-3.0.2-cp312-cp312-manylinux_2_17_x86_64.manylinux2014_x86_64.whl.metadata (4.0 kB)
2025-08-20T00:34:13.5739978Z Collecting Mako (from alembic==1.13.1->-r requirements-dev.txt (line 3))
2025-08-20T00:34:13.5751942Z   Using cached mako-1.3.10-py3-none-any.whl.metadata (2.9 kB)
2025-08-20T00:34:13.5970545Z Collecting typing-extensions>=4 (from alembic==1.13.1->-r requirements-dev.txt (line 3))
2025-08-20T00:34:13.5985656Z   Using cached typing_extensions-4.14.1-py3-none-any.whl.metadata (3.0 kB)
2025-08-20T00:34:13.6189633Z Collecting six>=1.4.0 (from apscheduler==3.10.4->-r requirements-dev.txt (line 4))
2025-08-20T00:34:13.6201165Z   Using cached six-1.17.0-py2.py3-none-any.whl.metadata (1.7 kB)
2025-08-20T00:34:13.6519446Z Collecting pytz (from apscheduler==3.10.4->-r requirements-dev.txt (line 4))
2025-08-20T00:34:13.6530982Z   Using cached pytz-2025.2-py2.py3-none-any.whl.metadata (22 kB)
2025-08-20T00:34:13.6679234Z Collecting tzlocal!=3.*,>=2.0 (from apscheduler==3.10.4->-r requirements-dev.txt (line 4))
2025-08-20T00:34:13.6695558Z   Using cached tzlocal-5.3.1-py3-none-any.whl.metadata (7.6 kB)
2025-08-20T00:34:13.6986878Z Collecting starlette>=0.18 (from asgi-correlation-id==4.3.1->-r requirements-dev.txt (line 5))
2025-08-20T00:34:13.6997891Z   Using cached starlette-0.47.2-py3-none-any.whl.metadata (6.2 kB)
2025-08-20T00:34:13.7178516Z Collecting click>=8.0.0 (from black==25.1.0->-r requirements-dev.txt (line 7))
2025-08-20T00:34:13.7189561Z   Using cached click-8.2.1-py3-none-any.whl.metadata (2.5 kB)
2025-08-20T00:34:13.7332904Z Collecting packaging>=22.0 (from black==25.1.0->-r requirements-dev.txt (line 7))
2025-08-20T00:34:13.7344420Z   Using cached packaging-25.0-py3-none-any.whl.metadata (3.3 kB)
2025-08-20T00:34:13.7439247Z Collecting pathspec>=0.9.0 (from black==25.1.0->-r requirements-dev.txt (line 7))
2025-08-20T00:34:13.7450584Z   Using cached pathspec-0.12.1-py3-none-any.whl.metadata (21 kB)
2025-08-20T00:34:13.7616791Z Collecting platformdirs>=2 (from black==25.1.0->-r requirements-dev.txt (line 7))
2025-08-20T00:34:13.7627765Z   Using cached platformdirs-4.3.8-py3-none-any.whl.metadata (12 kB)
2025-08-20T00:34:13.7814496Z Collecting billiard<5.0,>=4.2.1 (from celery==5.5.3->-r requirements-dev.txt (line 11))
2025-08-20T00:34:13.7825212Z   Using cached billiard-4.2.1-py3-none-any.whl.metadata (4.4 kB)
2025-08-20T00:34:13.8083337Z Collecting kombu<5.6,>=5.5.2 (from celery==5.5.3->-r requirements-dev.txt (line 11))
2025-08-20T00:34:13.8094476Z   Using cached kombu-5.5.4-py3-none-any.whl.metadata (3.5 kB)
2025-08-20T00:34:13.8233279Z Collecting vine<6.0,>=5.1.0 (from celery==5.5.3->-r requirements-dev.txt (line 11))
2025-08-20T00:34:13.8244167Z   Using cached vine-5.1.0-py3-none-any.whl.metadata (2.7 kB)
2025-08-20T00:34:13.8361221Z Collecting click-didyoumean>=0.3.0 (from celery==5.5.3->-r requirements-dev.txt (line 11))
2025-08-20T00:34:13.8372121Z   Using cached click_didyoumean-0.3.1-py3-none-any.whl.metadata (3.9 kB)
2025-08-20T00:34:13.8447729Z Collecting click-repl>=0.2.0 (from celery==5.5.3->-r requirements-dev.txt (line 11))
2025-08-20T00:34:13.8458617Z   Using cached click_repl-0.3.0-py3-none-any.whl.metadata (3.6 kB)
2025-08-20T00:34:13.8535911Z Collecting click-plugins>=1.1.1 (from celery==5.5.3->-r requirements-dev.txt (line 11))
2025-08-20T00:34:13.8546794Z   Using cached click_plugins-1.1.1.2-py2.py3-none-any.whl.metadata (6.5 kB)
2025-08-20T00:34:13.8655607Z Collecting python-dateutil>=2.8.2 (from celery==5.5.3->-r requirements-dev.txt (line 11))
2025-08-20T00:34:13.8666698Z   Using cached python_dateutil-2.9.0.post0-py2.py3-none-any.whl.metadata (8.4 kB)
2025-08-20T00:34:13.9094499Z Collecting annotated-types>=0.6.0 (from pydantic==2.11.7->-r requirements-dev.txt (line 25))
2025-08-20T00:34:13.9105683Z   Using cached annotated_types-0.7.0-py3-none-any.whl.metadata (15 kB)
2025-08-20T00:34:14.5688761Z Collecting pydantic-core==2.33.2 (from pydantic==2.11.7->-r requirements-dev.txt (line 25))
2025-08-20T00:34:14.5701790Z   Using cached pydantic_core-2.33.2-cp312-cp312-manylinux_2_17_x86_64.manylinux2014_x86_64.whl.metadata (6.8 kB)
2025-08-20T00:34:14.5821595Z Collecting typing-inspection>=0.4.0 (from pydantic==2.11.7->-r requirements-dev.txt (line 25))
2025-08-20T00:34:14.5832691Z   Using cached typing_inspection-0.4.1-py3-none-any.whl.metadata (2.6 kB)
2025-08-20T00:34:14.6064918Z Collecting et-xmlfile (from openpyxl==3.1.5->-r requirements-dev.txt (line 21))
2025-08-20T00:34:14.6075935Z   Using cached et_xmlfile-2.0.0-py3-none-any.whl.metadata (2.7 kB)
2025-08-20T00:34:14.6501646Z Collecting pytest<9,>=7.0.0 (from pytest-asyncio==0.23.6->-r requirements-dev.txt (line 27))
2025-08-20T00:34:14.6512835Z   Using cached pytest-8.4.1-py3-none-any.whl.metadata (7.7 kB)
2025-08-20T00:34:14.9591994Z Collecting coverage>=7.5 (from coverage[toml]>=7.5->pytest-cov==6.2.1->-r requirements-dev.txt (line 28))
2025-08-20T00:34:14.9605276Z   Using cached coverage-7.10.4-cp312-cp312-manylinux1_x86_64.manylinux_2_28_x86_64.manylinux_2_5_x86_64.whl.metadata (8.9 kB)
2025-08-20T00:34:14.9719312Z Collecting pluggy>=1.2 (from pytest-cov==6.2.1->-r requirements-dev.txt (line 28))
2025-08-20T00:34:14.9730562Z   Using cached pluggy-1.6.0-py3-none-any.whl.metadata (4.8 kB)
2025-08-20T00:34:14.9996219Z Collecting port-for>=0.7.3 (from pytest-postgresql==7.0.2->-r requirements-dev.txt (line 29))
2025-08-20T00:34:15.0007191Z   Using cached port_for-0.7.4-py3-none-any.whl.metadata (7.1 kB)
2025-08-20T00:34:15.0128293Z Collecting mirakuru>=2.6.0 (from pytest-postgresql==7.0.2->-r requirements-dev.txt (line 29))
2025-08-20T00:34:15.0139057Z   Using cached mirakuru-2.6.1-py3-none-any.whl.metadata (10 kB)
2025-08-20T00:34:15.0935405Z Collecting charset_normalizer<4,>=2 (from requests==2.32.4->-r requirements-dev.txt (line 33))
2025-08-20T00:34:15.0949504Z   Using cached charset_normalizer-3.4.3-cp312-cp312-manylinux2014_x86_64.manylinux_2_17_x86_64.manylinux_2_28_x86_64.whl.metadata (36 kB)
2025-08-20T00:34:15.1422954Z Collecting idna<4,>=2.5 (from requests==2.32.4->-r requirements-dev.txt (line 33))
2025-08-20T00:34:15.1434515Z   Using cached idna-3.10-py3-none-any.whl.metadata (10 kB)
2025-08-20T00:34:15.2176906Z Collecting urllib3<3,>=1.21.1 (from requests==2.32.4->-r requirements-dev.txt (line 33))
2025-08-20T00:34:15.2188129Z   Using cached urllib3-2.5.0-py3-none-any.whl.metadata (6.5 kB)
2025-08-20T00:34:15.2372656Z Collecting certifi>=2017.4.17 (from requests==2.32.4->-r requirements-dev.txt (line 33))
2025-08-20T00:34:15.2383852Z   Using cached certifi-2025.8.3-py3-none-any.whl.metadata (2.4 kB)
2025-08-20T00:34:15.4353483Z Collecting greenlet>=1 (from sqlalchemy==2.0.43->-r requirements-dev.txt (line 36))
2025-08-20T00:34:15.4366255Z   Using cached greenlet-3.2.4-cp312-cp312-manylinux_2_24_x86_64.manylinux_2_28_x86_64.whl.metadata (4.1 kB)
2025-08-20T00:34:15.4579260Z Collecting docker (from testcontainers==4.10.0->testcontainers[postgres]==4.10.0->-r requirements-dev.txt (line 38))
2025-08-20T00:34:15.4590562Z   Using cached docker-7.1.0-py3-none-any.whl.metadata (3.8 kB)
2025-08-20T00:34:15.5538407Z Collecting wrapt (from testcontainers==4.10.0->testcontainers[postgres]==4.10.0->-r requirements-dev.txt (line 38))
2025-08-20T00:34:15.5551161Z   Using cached wrapt-1.17.3-cp312-cp312-manylinux1_x86_64.manylinux_2_28_x86_64.manylinux_2_5_x86_64.whl.metadata (6.4 kB)
2025-08-20T00:34:15.5885649Z Collecting docspec==2.2.1 (from docspec-python==2.2.2->-r requirements-dev.txt (line 40))
2025-08-20T00:34:15.5896847Z   Using cached docspec-2.2.1-py3-none-any.whl.metadata (1.5 kB)
2025-08-20T00:34:15.6219878Z Collecting nr-util>=0.8.12 (from docspec-python==2.2.2->-r requirements-dev.txt (line 40))
2025-08-20T00:34:15.6230798Z   Using cached nr.util-0.8.12-py3-none-any.whl.metadata (813 bytes)
2025-08-20T00:34:15.6551837Z Collecting PyYAML<7.0,>=5.0 (from pydoc-markdown==4.8.2->-r requirements-dev.txt (line 41))
2025-08-20T00:34:15.6563610Z   Using cached PyYAML-6.0.2-cp312-cp312-manylinux_2_17_x86_64.manylinux2014_x86_64.whl.metadata (2.1 kB)
2025-08-20T00:34:15.6839083Z Collecting databind.core<5.0.0,>=4.4.0 (from pydoc-markdown==4.8.2->-r requirements-dev.txt (line 41))
2025-08-20T00:34:15.6850547Z   Using cached databind.core-4.5.2-py3-none-any.whl.metadata (1.1 kB)
2025-08-20T00:34:15.7067968Z Collecting databind.json<5.0.0,>=4.4.0 (from pydoc-markdown==4.8.2->-r requirements-dev.txt (line 41))
2025-08-20T00:34:15.7079511Z   Using cached databind.json-4.5.2-py3-none-any.whl.metadata (1.1 kB)
2025-08-20T00:34:15.7224140Z Collecting docstring-parser<0.12,>=0.11 (from pydoc-markdown==4.8.2->-r requirements-dev.txt (line 41))
2025-08-20T00:34:15.7225523Z   Using cached docstring_parser-0.11-py3-none-any.whl
2025-08-20T00:34:15.7544437Z Collecting tomli<3.0.0,>=2.0.0 (from pydoc-markdown==4.8.2->-r requirements-dev.txt (line 41))
2025-08-20T00:34:15.7556633Z   Using cached tomli-2.2.1-cp312-cp312-manylinux_2_17_x86_64.manylinux2014_x86_64.whl.metadata (11 kB)
2025-08-20T00:34:15.7641800Z Collecting tomli_w<2.0.0,>=1.0.0 (from pydoc-markdown==4.8.2->-r requirements-dev.txt (line 41))
2025-08-20T00:34:15.7653705Z   Using cached tomli_w-1.2.0-py3-none-any.whl.metadata (5.7 kB)
2025-08-20T00:34:15.8073198Z Collecting watchdog (from pydoc-markdown==4.8.2->-r requirements-dev.txt (line 41))
2025-08-20T00:34:15.8085129Z   Using cached watchdog-6.0.0-py3-none-manylinux2014_x86_64.whl.metadata (44 kB)
2025-08-20T00:34:15.8274323Z Collecting yapf>=0.30.0 (from pydoc-markdown==4.8.2->-r requirements-dev.txt (line 41))
2025-08-20T00:34:15.8285935Z   Using cached yapf-0.43.0-py3-none-any.whl.metadata (46 kB)
2025-08-20T00:34:15.8462674Z Collecting Deprecated<2.0.0,>=1.2.12 (from docspec==2.2.1->docspec-python==2.2.2->-r requirements-dev.txt (line 40))
2025-08-20T00:34:15.8474455Z   Using cached Deprecated-1.2.18-py2.py3-none-any.whl.metadata (5.7 kB)
2025-08-20T00:34:15.9956551Z Collecting psycopg-binary==3.2.9 (from psycopg[binary]==3.2.9->-r requirements-dev.txt (line 24))
2025-08-20T00:34:15.9970494Z   Using cached psycopg_binary-3.2.9-cp312-cp312-manylinux_2_17_x86_64.manylinux2014_x86_64.whl.metadata (2.9 kB)
2025-08-20T00:34:16.0274493Z Collecting argon2-cffi (from minio==7.*->-r requirements-dev.txt (line 10))
2025-08-20T00:34:16.0286542Z   Using cached argon2_cffi-25.1.0-py3-none-any.whl.metadata (4.1 kB)
2025-08-20T00:34:16.1070640Z Collecting pycryptodome (from minio==7.*->-r requirements-dev.txt (line 10))
2025-08-20T00:34:16.1084412Z   Using cached pycryptodome-3.23.0-cp37-abi3-manylinux_2_17_x86_64.manylinux2014_x86_64.whl.metadata (3.4 kB)
2025-08-20T00:34:16.1275703Z Collecting anyio (from httpx<0.29,>=0.27->-r requirements-dev.txt (line 15))
2025-08-20T00:34:16.1287874Z   Using cached anyio-4.10.0-py3-none-any.whl.metadata (4.0 kB)
2025-08-20T00:34:16.1466684Z Collecting httpcore==1.* (from httpx<0.29,>=0.27->-r requirements-dev.txt (line 15))
2025-08-20T00:34:16.1478701Z   Using cached httpcore-1.0.9-py3-none-any.whl.metadata (21 kB)
2025-08-20T00:34:16.1781811Z Collecting tzdata>=2022.7 (from pandas==2.2.*->-r requirements-dev.txt (line 22))
2025-08-20T00:34:16.1793149Z   Using cached tzdata-2025.2-py2.py3-none-any.whl.metadata (1.4 kB)
2025-08-20T00:34:16.1924661Z Collecting multimethod<=1.10.0 (from pandera==0.19.*->-r requirements-dev.txt (line 42))
2025-08-20T00:34:16.1936158Z   Using cached multimethod-1.10-py3-none-any.whl.metadata (8.2 kB)
2025-08-20T00:34:16.2266751Z Collecting typeguard (from pandera==0.19.*->-r requirements-dev.txt (line 42))
2025-08-20T00:34:16.2278485Z   Using cached typeguard-4.4.4-py3-none-any.whl.metadata (3.3 kB)
2025-08-20T00:34:16.2370133Z Collecting typing-inspect>=0.6.0 (from pandera==0.19.*->-r requirements-dev.txt (line 42))
2025-08-20T00:34:16.2381507Z   Using cached typing_inspect-0.9.0-py3-none-any.whl.metadata (1.5 kB)
2025-08-20T00:34:16.2637529Z Collecting databind<5.0.0,>=4.5.2 (from databind.core<5.0.0,>=4.4.0->pydoc-markdown==4.8.2->-r requirements-dev.txt (line 41))
2025-08-20T00:34:16.2649356Z   Using cached databind-4.5.2-py3-none-any.whl.metadata (4.3 kB)
2025-08-20T00:34:16.2755299Z Collecting nr-date<3.0.0,>=2.0.0 (from databind<5.0.0,>=4.5.2->databind.core<5.0.0,>=4.4.0->pydoc-markdown==4.8.2->-r requirements-dev.txt (line 41))
2025-08-20T00:34:16.2766674Z   Using cached nr_date-2.1.0-py3-none-any.whl.metadata (746 bytes)
2025-08-20T00:34:16.2882175Z Collecting nr-stream<2.0.0,>=1.0.0 (from databind<5.0.0,>=4.5.2->databind.core<5.0.0,>=4.4.0->pydoc-markdown==4.8.2->-r requirements-dev.txt (line 41))
2025-08-20T00:34:16.2894034Z   Using cached nr_stream-1.1.5-py3-none-any.whl.metadata (3.6 kB)
2025-08-20T00:34:16.3050539Z Collecting typeapi<3,>=2.0.1 (from databind<5.0.0,>=4.5.2->databind.core<5.0.0,>=4.4.0->pydoc-markdown==4.8.2->-r requirements-dev.txt (line 41))
2025-08-20T00:34:16.3062141Z   Using cached typeapi-2.2.4-py3-none-any.whl.metadata (1.5 kB)
2025-08-20T00:34:16.3315272Z Collecting h11>=0.16 (from httpcore==1.*->httpx<0.29,>=0.27->-r requirements-dev.txt (line 15))
2025-08-20T00:34:16.3326881Z   Using cached h11-0.16.0-py3-none-any.whl.metadata (8.3 kB)
2025-08-20T00:34:16.3517855Z Collecting amqp<6.0.0,>=5.1.1 (from kombu<5.6,>=5.5.2->celery==5.5.3->-r requirements-dev.txt (line 11))
2025-08-20T00:34:16.3529523Z   Using cached amqp-5.3.1-py3-none-any.whl.metadata (8.9 kB)
2025-08-20T00:34:16.3878410Z Collecting iniconfig>=1 (from pytest<9,>=7.0.0->pytest-asyncio==0.23.6->-r requirements-dev.txt (line 27))
2025-08-20T00:34:16.3889923Z   Using cached iniconfig-2.1.0-py3-none-any.whl.metadata (2.7 kB)
2025-08-20T00:34:16.4077877Z Collecting pygments>=2.7.2 (from pytest<9,>=7.0.0->pytest-asyncio==0.23.6->-r requirements-dev.txt (line 27))
2025-08-20T00:34:16.4089748Z   Using cached pygments-2.19.2-py3-none-any.whl.metadata (2.5 kB)
2025-08-20T00:34:16.4398147Z Collecting sniffio>=1.1 (from anyio->httpx<0.29,>=0.27->-r requirements-dev.txt (line 15))
2025-08-20T00:34:16.4409593Z   Using cached sniffio-1.3.1-py3-none-any.whl.metadata (3.9 kB)
2025-08-20T00:34:16.8553345Z Collecting botocore<1.41.0,>=1.40.13 (from boto3->-r requirements-dev.txt (line 8))
2025-08-20T00:34:16.8592490Z   Downloading botocore-1.40.13-py3-none-any.whl.metadata (5.7 kB)
2025-08-20T00:34:16.8718327Z Collecting jmespath<2.0.0,>=0.7.1 (from boto3->-r requirements-dev.txt (line 8))
2025-08-20T00:34:16.8730808Z   Using cached jmespath-1.0.1-py3-none-any.whl.metadata (7.6 kB)
2025-08-20T00:34:16.8884251Z Collecting s3transfer<0.14.0,>=0.13.0 (from boto3->-r requirements-dev.txt (line 8))
2025-08-20T00:34:16.8895653Z   Using cached s3transfer-0.13.1-py3-none-any.whl.metadata (1.7 kB)
2025-08-20T00:34:17.0940291Z Collecting fastapi-cli>=0.0.8 (from fastapi-cli[standard]>=0.0.8; extra == "all"->fastapi[all]->-r requirements-dev.txt (line 13))
2025-08-20T00:34:17.0952159Z   Using cached fastapi_cli-0.0.8-py3-none-any.whl.metadata (6.3 kB)
2025-08-20T00:34:17.1632649Z Collecting ujson!=4.0.2,!=4.1.0,!=4.2.0,!=4.3.0,!=5.0.0,!=5.1.0,>=4.0.1 (from fastapi[all]->-r requirements-dev.txt (line 13))
2025-08-20T00:34:17.1645908Z   Using cached ujson-5.10.0-cp312-cp312-manylinux_2_17_x86_64.manylinux2014_x86_64.whl.metadata (9.3 kB)
2025-08-20T00:34:17.3894645Z Collecting orjson>=3.2.1 (from fastapi[all]->-r requirements-dev.txt (line 13))
2025-08-20T00:34:17.3908063Z   Using cached orjson-3.11.2-cp312-cp312-manylinux_2_17_x86_64.manylinux2014_x86_64.whl.metadata (1.2 kB)
2025-08-20T00:34:17.4018465Z Collecting email-validator>=2.0.0 (from fastapi[all]->-r requirements-dev.txt (line 13))
2025-08-20T00:34:17.4030901Z   Using cached email_validator-2.2.0-py3-none-any.whl.metadata (25 kB)
2025-08-20T00:34:17.4303183Z Collecting uvicorn>=0.12.0 (from uvicorn[standard]>=0.12.0; extra == "all"->fastapi[all]->-r requirements-dev.txt (line 13))
2025-08-20T00:34:17.4315499Z   Using cached uvicorn-0.35.0-py3-none-any.whl.metadata (6.5 kB)
2025-08-20T00:34:17.4465448Z Collecting pydantic-settings>=2.0.0 (from fastapi[all]->-r requirements-dev.txt (line 13))
2025-08-20T00:34:17.4477178Z   Using cached pydantic_settings-2.10.1-py3-none-any.whl.metadata (3.4 kB)
2025-08-20T00:34:17.4595225Z Collecting pydantic-extra-types>=2.0.0 (from fastapi[all]->-r requirements-dev.txt (line 13))
2025-08-20T00:34:17.4606960Z   Using cached pydantic_extra_types-2.10.5-py3-none-any.whl.metadata (3.9 kB)
2025-08-20T00:34:17.5280024Z Collecting prompt-toolkit>=3.0.36 (from click-repl>=0.2.0->celery==5.5.3->-r requirements-dev.txt (line 11))
2025-08-20T00:34:17.5293164Z   Using cached prompt_toolkit-3.0.51-py3-none-any.whl.metadata (6.4 kB)
2025-08-20T00:34:17.5469926Z Collecting dnspython>=2.0.0 (from email-validator>=2.0.0->fastapi[all]->-r requirements-dev.txt (line 13))
2025-08-20T00:34:17.5481505Z   Using cached dnspython-2.7.0-py3-none-any.whl.metadata (5.8 kB)
2025-08-20T00:34:17.5765944Z Collecting typer>=0.15.1 (from fastapi-cli>=0.0.8->fastapi-cli[standard]>=0.0.8; extra == "all"->fastapi[all]->-r requirements-dev.txt (line 13))
2025-08-20T00:34:17.5777537Z   Using cached typer-0.16.1-py3-none-any.whl.metadata (15 kB)
2025-08-20T00:34:17.6027082Z Collecting rich-toolkit>=0.14.8 (from fastapi-cli>=0.0.8->fastapi-cli[standard]>=0.0.8; extra == "all"->fastapi[all]->-r requirements-dev.txt (line 13))
2025-08-20T00:34:17.6038397Z   Using cached rich_toolkit-0.15.0-py3-none-any.whl.metadata (1.0 kB)
2025-08-20T00:34:17.6142927Z Collecting fastapi-cloud-cli>=0.1.1 (from fastapi-cli[standard]>=0.0.8; extra == "all"->fastapi[all]->-r requirements-dev.txt (line 13))
2025-08-20T00:34:17.6154605Z   Using cached fastapi_cloud_cli-0.1.5-py3-none-any.whl.metadata (3.2 kB)
2025-08-20T00:34:17.6855584Z Collecting rignore>=0.5.1 (from fastapi-cloud-cli>=0.1.1->fastapi-cli[standard]>=0.0.8; extra == "all"->fastapi[all]->-r requirements-dev.txt (line 13))
2025-08-20T00:34:17.6869154Z   Using cached rignore-0.6.4-cp312-cp312-manylinux_2_17_x86_64.manylinux2014_x86_64.whl.metadata (3.8 kB)
2025-08-20T00:34:17.7586783Z Collecting sentry-sdk>=2.20.0 (from fastapi-cloud-cli>=0.1.1->fastapi-cli[standard]>=0.0.8; extra == "all"->fastapi[all]->-r requirements-dev.txt (line 13))
2025-08-20T00:34:17.7598626Z   Using cached sentry_sdk-2.35.0-py2.py3-none-any.whl.metadata (10 kB)
2025-08-20T00:34:17.8498252Z Collecting psutil>=4.0.0 (from mirakuru>=2.6.0->pytest-postgresql==7.0.2->-r requirements-dev.txt (line 29))
2025-08-20T00:34:17.8511611Z   Using cached psutil-7.0.0-cp36-abi3-manylinux_2_12_x86_64.manylinux2010_x86_64.manylinux_2_17_x86_64.manylinux2014_x86_64.whl.metadata (22 kB)
2025-08-20T00:34:17.8816033Z Collecting wcwidth (from prompt-toolkit>=3.0.36->click-repl>=0.2.0->celery==5.5.3->-r requirements-dev.txt (line 11))
2025-08-20T00:34:17.8827132Z   Using cached wcwidth-0.2.13-py2.py3-none-any.whl.metadata (14 kB)
2025-08-20T00:34:17.9840254Z Collecting rich>=13.7.1 (from rich-toolkit>=0.14.8->fastapi-cli>=0.0.8->fastapi-cli[standard]>=0.0.8; extra == "all"->fastapi[all]->-r requirements-dev.txt (line 13))
2025-08-20T00:34:17.9852665Z   Using cached rich-14.1.0-py3-none-any.whl.metadata (18 kB)
2025-08-20T00:34:18.0026611Z Collecting markdown-it-py>=2.2.0 (from rich>=13.7.1->rich-toolkit>=0.14.8->fastapi-cli>=0.0.8->fastapi-cli[standard]>=0.0.8; extra == "all"->fastapi[all]->-r requirements-dev.txt (line 13))
2025-08-20T00:34:18.0037948Z   Using cached markdown_it_py-4.0.0-py3-none-any.whl.metadata (7.3 kB)
2025-08-20T00:34:18.0228426Z Collecting mdurl~=0.1 (from markdown-it-py>=2.2.0->rich>=13.7.1->rich-toolkit>=0.14.8->fastapi-cli>=0.0.8->fastapi-cli[standard]>=0.0.8; extra == "all"->fastapi[all]->-r requirements-dev.txt (line 13))
2025-08-20T00:34:18.0240352Z   Using cached mdurl-0.1.2-py3-none-any.whl.metadata (1.6 kB)
2025-08-20T00:34:18.0736368Z Collecting shellingham>=1.3.0 (from typer>=0.15.1->fastapi-cli>=0.0.8->fastapi-cli[standard]>=0.0.8; extra == "all"->fastapi[all]->-r requirements-dev.txt (line 13))
2025-08-20T00:34:18.0747646Z   Using cached shellingham-1.5.4-py2.py3-none-any.whl.metadata (3.5 kB)
2025-08-20T00:34:18.1466598Z Collecting httptools>=0.6.3 (from uvicorn[standard]>=0.12.0; extra == "all"->fastapi[all]->-r requirements-dev.txt (line 13))
2025-08-20T00:34:18.1478523Z   Using cached httptools-0.6.4-cp312-cp312-manylinux_2_5_x86_64.manylinux1_x86_64.manylinux_2_17_x86_64.manylinux2014_x86_64.whl.metadata (3.6 kB)
2025-08-20T00:34:18.1885100Z Collecting uvloop>=0.15.1 (from uvicorn[standard]>=0.12.0; extra == "all"->fastapi[all]->-r requirements-dev.txt (line 13))
2025-08-20T00:34:18.1896384Z   Using cached uvloop-0.21.0-cp312-cp312-manylinux_2_17_x86_64.manylinux2014_x86_64.whl.metadata (4.9 kB)
2025-08-20T00:34:18.2567581Z Collecting watchfiles>=0.13 (from uvicorn[standard]>=0.12.0; extra == "all"->fastapi[all]->-r requirements-dev.txt (line 13))
2025-08-20T00:34:18.2579955Z   Using cached watchfiles-1.1.0-cp312-cp312-manylinux_2_17_x86_64.manylinux2014_x86_64.whl.metadata (4.9 kB)
2025-08-20T00:34:18.3395606Z Collecting websockets>=10.4 (from uvicorn[standard]>=0.12.0; extra == "all"->fastapi[all]->-r requirements-dev.txt (line 13))
2025-08-20T00:34:18.3407775Z   Using cached websockets-15.0.1-cp312-cp312-manylinux_2_5_x86_64.manylinux1_x86_64.manylinux_2_17_x86_64.manylinux2014_x86_64.whl.metadata (6.8 kB)
2025-08-20T00:34:18.4970827Z Collecting argon2-cffi-bindings (from argon2-cffi->minio==7.*->-r requirements-dev.txt (line 10))
2025-08-20T00:34:18.4982804Z   Using cached argon2_cffi_bindings-25.1.0-cp39-abi3-manylinux_2_26_x86_64.manylinux_2_28_x86_64.whl.metadata (7.4 kB)
2025-08-20T00:34:18.5957969Z Collecting cffi>=1.0.1 (from argon2-cffi-bindings->argon2-cffi->minio==7.*->-r requirements-dev.txt (line 10))
2025-08-20T00:34:18.5970592Z   Using cached cffi-1.17.1-cp312-cp312-manylinux_2_17_x86_64.manylinux2014_x86_64.whl.metadata (1.5 kB)
2025-08-20T00:34:18.6092628Z Collecting pycparser (from cffi>=1.0.1->argon2-cffi-bindings->argon2-cffi->minio==7.*->-r requirements-dev.txt (line 10))
2025-08-20T00:34:18.6103626Z   Using cached pycparser-2.22-py3-none-any.whl.metadata (943 bytes)
2025-08-20T00:34:18.6893917Z Using cached jinja2-3.1.6-py3-none-any.whl (134 kB)
2025-08-20T00:34:18.6904826Z Using cached alembic-1.13.1-py3-none-any.whl (233 kB)
2025-08-20T00:34:18.6917349Z Using cached APScheduler-3.10.4-py3-none-any.whl (59 kB)
2025-08-20T00:34:18.6928378Z Using cached asgi_correlation_id-4.3.1-py3-none-any.whl (15 kB)
2025-08-20T00:34:18.6939409Z Using cached asyncpg-0.30.0-cp312-cp312-manylinux_2_17_x86_64.manylinux2014_x86_64.whl (3.6 MB)
2025-08-20T00:34:18.6978528Z Using cached black-25.1.0-cp312-cp312-manylinux_2_17_x86_64.manylinux2014_x86_64.manylinux_2_28_x86_64.whl (1.8 MB)
2025-08-20T00:34:18.7002145Z Using cached celery-5.5.3-py3-none-any.whl (438 kB)
2025-08-20T00:34:18.7015959Z Using cached fastapi-0.116.1-py3-none-any.whl (95 kB)
2025-08-20T00:34:18.7027336Z Using cached pydantic-2.11.7-py3-none-any.whl (444 kB)
2025-08-20T00:34:18.7040710Z Using cached fastapi_limiter-0.1.6-py3-none-any.whl (15 kB)
2025-08-20T00:34:18.7051311Z Using cached IMAPClient-3.0.1-py2.py3-none-any.whl (182 kB)
2025-08-20T00:34:18.7063332Z Using cached mypy_extensions-1.1.0-py3-none-any.whl (5.0 kB)
2025-08-20T00:34:18.7074002Z Using cached openpyxl-3.1.5-py2.py3-none-any.whl (250 kB)
2025-08-20T00:34:18.7086590Z Using cached psycopg2_binary-2.9.10-cp312-cp312-manylinux_2_17_x86_64.manylinux2014_x86_64.whl (3.0 MB)
2025-08-20T00:34:18.7120109Z Using cached psycopg-3.2.9-py3-none-any.whl (202 kB)
2025-08-20T00:34:18.7131859Z Using cached pytest_asyncio-0.23.6-py3-none-any.whl (17 kB)
2025-08-20T00:34:18.7142712Z Using cached pytest_cov-6.2.1-py3-none-any.whl (24 kB)
2025-08-20T00:34:18.7153711Z Using cached pytest_postgresql-7.0.2-py3-none-any.whl (41 kB)
2025-08-20T00:34:18.7164496Z Using cached python_telegram_bot-22.3-py3-none-any.whl (717 kB)
2025-08-20T00:34:18.7179875Z Using cached requests-2.32.4-py3-none-any.whl (64 kB)
2025-08-20T00:34:18.7190653Z Using cached respx-0.22.0-py2.py3-none-any.whl (25 kB)
2025-08-20T00:34:18.7201505Z Using cached ruff-0.4.4-py3-none-manylinux_2_17_x86_64.manylinux2014_x86_64.whl (8.7 MB)
2025-08-20T00:34:18.7273445Z Using cached sqlalchemy-2.0.43-cp312-cp312-manylinux_2_17_x86_64.manylinux2014_x86_64.whl (3.3 MB)
2025-08-20T00:34:18.7307803Z Using cached structlog-24.1.0-py3-none-any.whl (65 kB)
2025-08-20T00:34:18.7318598Z Using cached testcontainers-4.10.0-py3-none-any.whl (107 kB)
2025-08-20T00:34:18.7329908Z Using cached types_requests-2.32.4.20250809-py3-none-any.whl (20 kB)
2025-08-20T00:34:18.7340496Z Using cached docspec_python-2.2.2-py3-none-any.whl (15 kB)
2025-08-20T00:34:18.7350966Z Using cached pydoc_markdown-4.8.2-py3-none-any.whl (67 kB)
2025-08-20T00:34:18.7365548Z Using cached docspec-2.2.1-py3-none-any.whl (9.8 kB)
2025-08-20T00:34:18.7374103Z Using cached psycopg_binary-3.2.9-cp312-cp312-manylinux_2_17_x86_64.manylinux2014_x86_64.whl (4.4 MB)
2025-08-20T00:34:18.7417541Z Using cached pydantic_core-2.33.2-cp312-cp312-manylinux_2_17_x86_64.manylinux2014_x86_64.whl (2.0 MB)
2025-08-20T00:34:18.7442183Z Using cached redis-6.4.0-py3-none-any.whl (279 kB)
2025-08-20T00:34:18.7455078Z Using cached minio-7.2.16-py3-none-any.whl (95 kB)
2025-08-20T00:34:18.7466272Z Using cached httpx-0.28.1-py3-none-any.whl (73 kB)
2025-08-20T00:34:18.7477784Z Using cached mypy-1.17.1-cp312-cp312-manylinux2014_x86_64.manylinux_2_17_x86_64.manylinux_2_28_x86_64.whl (12.7 MB)
2025-08-20T00:34:18.7577984Z Using cached numpy-1.26.4-cp312-cp312-manylinux_2_17_x86_64.manylinux2014_x86_64.whl (18.0 MB)
2025-08-20T00:34:18.7714657Z Using cached pandas-2.2.3-cp312-cp312-manylinux_2_17_x86_64.manylinux2014_x86_64.whl (12.7 MB)
2025-08-20T00:34:18.7815297Z Using cached pandera-0.19.3-py3-none-any.whl (251 kB)
2025-08-20T00:34:18.7827359Z Using cached billiard-4.2.1-py3-none-any.whl (86 kB)
2025-08-20T00:34:18.7839271Z Using cached charset_normalizer-3.4.3-cp312-cp312-manylinux2014_x86_64.manylinux_2_17_x86_64.manylinux_2_28_x86_64.whl (151 kB)
2025-08-20T00:34:18.7850389Z Using cached click-8.2.1-py3-none-any.whl (102 kB)
2025-08-20T00:34:18.7861728Z Using cached databind.core-4.5.2-py3-none-any.whl (1.5 kB)
2025-08-20T00:34:18.7872406Z Using cached databind-4.5.2-py3-none-any.whl (49 kB)
2025-08-20T00:34:18.7883342Z Using cached databind.json-4.5.2-py3-none-any.whl (1.5 kB)
2025-08-20T00:34:18.7893970Z Using cached Deprecated-1.2.18-py2.py3-none-any.whl (10.0 kB)
2025-08-20T00:34:18.7904915Z Using cached httpcore-1.0.9-py3-none-any.whl (78 kB)
2025-08-20T00:34:18.7915972Z Using cached idna-3.10-py3-none-any.whl (70 kB)
2025-08-20T00:34:18.7926942Z Using cached kombu-5.5.4-py3-none-any.whl (210 kB)
2025-08-20T00:34:18.7938773Z Using cached vine-5.1.0-py3-none-any.whl (9.6 kB)
2025-08-20T00:34:18.7949046Z Using cached amqp-5.3.1-py3-none-any.whl (50 kB)
2025-08-20T00:34:18.7959743Z Using cached multimethod-1.10-py3-none-any.whl (9.9 kB)
2025-08-20T00:34:18.7970018Z Using cached nr_date-2.1.0-py3-none-any.whl (10 kB)
2025-08-20T00:34:18.7980572Z Using cached nr_stream-1.1.5-py3-none-any.whl (10 kB)
2025-08-20T00:34:18.7991054Z Using cached nr.util-0.8.12-py3-none-any.whl (90 kB)
2025-08-20T00:34:18.8002112Z Using cached pytest-8.4.1-py3-none-any.whl (365 kB)
2025-08-20T00:34:18.8016420Z Using cached pluggy-1.6.0-py3-none-any.whl (20 kB)
2025-08-20T00:34:18.8027432Z Using cached PyYAML-6.0.2-cp312-cp312-manylinux_2_17_x86_64.manylinux2014_x86_64.whl (767 kB)
2025-08-20T00:34:18.8042907Z Using cached starlette-0.47.2-py3-none-any.whl (72 kB)
2025-08-20T00:34:18.8053999Z Using cached anyio-4.10.0-py3-none-any.whl (107 kB)
2025-08-20T00:34:18.8065661Z Using cached tomli-2.2.1-cp312-cp312-manylinux_2_17_x86_64.manylinux2014_x86_64.whl (242 kB)
2025-08-20T00:34:18.8077601Z Using cached tomli_w-1.2.0-py3-none-any.whl (6.7 kB)
2025-08-20T00:34:18.8088120Z Using cached typeapi-2.2.4-py3-none-any.whl (26 kB)
2025-08-20T00:34:18.8098930Z Using cached typing_extensions-4.14.1-py3-none-any.whl (43 kB)
2025-08-20T00:34:18.8109723Z Using cached urllib3-2.5.0-py3-none-any.whl (129 kB)
2025-08-20T00:34:18.8121447Z Using cached wrapt-1.17.3-cp312-cp312-manylinux1_x86_64.manylinux_2_28_x86_64.manylinux_2_5_x86_64.whl (88 kB)
2025-08-20T00:34:18.8155281Z Downloading boto3-1.40.13-py3-none-any.whl (140 kB)
2025-08-20T00:34:18.8322940Z Downloading botocore-1.40.13-py3-none-any.whl (14.0 MB)
2025-08-20T00:34:18.8909974Z    ━━━━━━━━━━━━━━━━━━━━━━━━━━━━━━━━━━━━━━━━ 14.0/14.0 MB 247.7 MB/s  0:00:00
2025-08-20T00:34:18.8922122Z Using cached jmespath-1.0.1-py3-none-any.whl (20 kB)
2025-08-20T00:34:18.8933287Z Using cached python_dateutil-2.9.0.post0-py2.py3-none-any.whl (229 kB)
2025-08-20T00:34:18.8945593Z Using cached s3transfer-0.13.1-py3-none-any.whl (85 kB)
2025-08-20T00:34:18.8957215Z Using cached itsdangerous-2.2.0-py3-none-any.whl (16 kB)
2025-08-20T00:34:18.8968170Z Using cached setuptools-80.9.0-py3-none-any.whl (1.2 MB)
2025-08-20T00:34:18.8987725Z Using cached python_dotenv-1.1.1-py3-none-any.whl (20 kB)
2025-08-20T00:34:18.8998825Z Using cached python_multipart-0.0.20-py3-none-any.whl (24 kB)
2025-08-20T00:34:18.9009581Z Using cached annotated_types-0.7.0-py3-none-any.whl (13 kB)
2025-08-20T00:34:18.9020144Z Using cached certifi-2025.8.3-py3-none-any.whl (161 kB)
2025-08-20T00:34:18.9031922Z Using cached click_didyoumean-0.3.1-py3-none-any.whl (3.6 kB)
2025-08-20T00:34:18.9042925Z Using cached click_plugins-1.1.1.2-py2.py3-none-any.whl (11 kB)
2025-08-20T00:34:18.9054041Z Using cached click_repl-0.3.0-py3-none-any.whl (10 kB)
2025-08-20T00:34:18.9065295Z Using cached coverage-7.10.4-cp312-cp312-manylinux1_x86_64.manylinux_2_28_x86_64.manylinux_2_5_x86_64.whl (251 kB)
2025-08-20T00:34:18.9077166Z Using cached email_validator-2.2.0-py3-none-any.whl (33 kB)
2025-08-20T00:34:18.9087830Z Using cached dnspython-2.7.0-py3-none-any.whl (313 kB)
2025-08-20T00:34:18.9100360Z Using cached fastapi_cli-0.0.8-py3-none-any.whl (10 kB)
2025-08-20T00:34:18.9110854Z Using cached fastapi_cloud_cli-0.1.5-py3-none-any.whl (18 kB)
2025-08-20T00:34:18.9121818Z Using cached greenlet-3.2.4-cp312-cp312-manylinux_2_24_x86_64.manylinux_2_28_x86_64.whl (607 kB)
2025-08-20T00:34:18.9136901Z Using cached h11-0.16.0-py3-none-any.whl (37 kB)
2025-08-20T00:34:18.9148077Z Using cached iniconfig-2.1.0-py3-none-any.whl (6.0 kB)
2025-08-20T00:34:18.9159142Z Using cached MarkupSafe-3.0.2-cp312-cp312-manylinux_2_17_x86_64.manylinux2014_x86_64.whl (23 kB)
2025-08-20T00:34:18.9169639Z Using cached mirakuru-2.6.1-py3-none-any.whl (26 kB)
2025-08-20T00:34:18.9180577Z Using cached orjson-3.11.2-cp312-cp312-manylinux_2_17_x86_64.manylinux2014_x86_64.whl (121 kB)
2025-08-20T00:34:18.9191688Z Using cached packaging-25.0-py3-none-any.whl (66 kB)
2025-08-20T00:34:18.9202698Z Using cached pathspec-0.12.1-py3-none-any.whl (31 kB)
2025-08-20T00:34:18.9213845Z Using cached platformdirs-4.3.8-py3-none-any.whl (18 kB)
2025-08-20T00:34:18.9224364Z Using cached port_for-0.7.4-py3-none-any.whl (21 kB)
2025-08-20T00:34:18.9235160Z Using cached prompt_toolkit-3.0.51-py3-none-any.whl (387 kB)
2025-08-20T00:34:18.9248957Z Using cached psutil-7.0.0-cp36-abi3-manylinux_2_12_x86_64.manylinux2010_x86_64.manylinux_2_17_x86_64.manylinux2014_x86_64.whl (277 kB)
2025-08-20T00:34:18.9261028Z Using cached pydantic_extra_types-2.10.5-py3-none-any.whl (38 kB)
2025-08-20T00:34:18.9271791Z Using cached pydantic_settings-2.10.1-py3-none-any.whl (45 kB)
2025-08-20T00:34:18.9282918Z Using cached pygments-2.19.2-py3-none-any.whl (1.2 MB)
2025-08-20T00:34:18.9302076Z Using cached pytz-2025.2-py2.py3-none-any.whl (509 kB)
2025-08-20T00:34:18.9316583Z Using cached rich_toolkit-0.15.0-py3-none-any.whl (29 kB)
2025-08-20T00:34:18.9327459Z Using cached rich-14.1.0-py3-none-any.whl (243 kB)
2025-08-20T00:34:18.9339559Z Using cached markdown_it_py-4.0.0-py3-none-any.whl (87 kB)
2025-08-20T00:34:18.9350440Z Using cached mdurl-0.1.2-py3-none-any.whl (10.0 kB)
2025-08-20T00:34:18.9361309Z Using cached rignore-0.6.4-cp312-cp312-manylinux_2_17_x86_64.manylinux2014_x86_64.whl (949 kB)
2025-08-20T00:34:18.9378897Z Using cached sentry_sdk-2.35.0-py2.py3-none-any.whl (363 kB)
2025-08-20T00:34:18.9391889Z Using cached six-1.17.0-py2.py3-none-any.whl (11 kB)
2025-08-20T00:34:18.9403906Z Using cached sniffio-1.3.1-py3-none-any.whl (10 kB)
2025-08-20T00:34:18.9414491Z Using cached typer-0.16.1-py3-none-any.whl (46 kB)
2025-08-20T00:34:18.9425392Z Using cached shellingham-1.5.4-py2.py3-none-any.whl (9.8 kB)
2025-08-20T00:34:18.9435882Z Using cached typing_inspect-0.9.0-py3-none-any.whl (8.8 kB)
2025-08-20T00:34:18.9446615Z Using cached typing_inspection-0.4.1-py3-none-any.whl (14 kB)
2025-08-20T00:34:18.9457636Z Using cached tzdata-2025.2-py2.py3-none-any.whl (347 kB)
2025-08-20T00:34:18.9470601Z Using cached tzlocal-5.3.1-py3-none-any.whl (18 kB)
2025-08-20T00:34:18.9481549Z Using cached ujson-5.10.0-cp312-cp312-manylinux_2_17_x86_64.manylinux2014_x86_64.whl (53 kB)
2025-08-20T00:34:18.9492398Z Using cached uvicorn-0.35.0-py3-none-any.whl (66 kB)
2025-08-20T00:34:18.9504279Z Using cached httptools-0.6.4-cp312-cp312-manylinux_2_5_x86_64.manylinux1_x86_64.manylinux_2_17_x86_64.manylinux2014_x86_64.whl (510 kB)
2025-08-20T00:34:18.9518220Z Using cached uvloop-0.21.0-cp312-cp312-manylinux_2_17_x86_64.manylinux2014_x86_64.whl (4.7 MB)
2025-08-20T00:34:18.9562203Z Using cached watchfiles-1.1.0-cp312-cp312-manylinux_2_17_x86_64.manylinux2014_x86_64.whl (452 kB)
2025-08-20T00:34:18.9576605Z Using cached websockets-15.0.1-cp312-cp312-manylinux_2_5_x86_64.manylinux1_x86_64.manylinux_2_17_x86_64.manylinux2014_x86_64.whl (182 kB)
2025-08-20T00:34:18.9587951Z Using cached yapf-0.43.0-py3-none-any.whl (256 kB)
2025-08-20T00:34:18.9600024Z Using cached argon2_cffi-25.1.0-py3-none-any.whl (14 kB)
2025-08-20T00:34:18.9611153Z Using cached argon2_cffi_bindings-25.1.0-cp39-abi3-manylinux_2_26_x86_64.manylinux_2_28_x86_64.whl (87 kB)
2025-08-20T00:34:18.9622724Z Using cached cffi-1.17.1-cp312-cp312-manylinux_2_17_x86_64.manylinux2014_x86_64.whl (479 kB)
2025-08-20T00:34:18.9636534Z Using cached docker-7.1.0-py3-none-any.whl (147 kB)
2025-08-20T00:34:18.9648214Z Using cached et_xmlfile-2.0.0-py3-none-any.whl (18 kB)
2025-08-20T00:34:18.9658700Z Using cached mako-1.3.10-py3-none-any.whl (78 kB)
2025-08-20T00:34:18.9669801Z Using cached pycparser-2.22-py3-none-any.whl (117 kB)
2025-08-20T00:34:18.9681465Z Using cached pycryptodome-3.23.0-cp37-abi3-manylinux_2_17_x86_64.manylinux2014_x86_64.whl (2.3 MB)
2025-08-20T00:34:18.9707934Z Using cached typeguard-4.4.4-py3-none-any.whl (34 kB)
2025-08-20T00:34:18.9718853Z Using cached watchdog-6.0.0-py3-none-manylinux2014_x86_64.whl (79 kB)
2025-08-20T00:34:18.9729690Z Using cached wcwidth-0.2.13-py2.py3-none-any.whl (34 kB)
2025-08-20T00:34:19.4333188Z Installing collected packages: wcwidth, pytz, wrapt, websockets, watchdog, vine, uvloop, urllib3, ujson, tzlocal, tzdata, typing-extensions, tomli_w, tomli, structlog, sniffio, six, shellingham, setuptools, ruff, rignore, redis, PyYAML, python-multipart, python-dotenv, pygments, pycryptodome, pycparser, psycopg2-binary, psycopg-binary, psutil, prompt-toolkit, port-for, pluggy, platformdirs, pathspec, packaging, orjson, numpy, nr-stream, nr-date, mypy-extensions, multimethod, mdurl, MarkupSafe, jmespath, itsdangerous, iniconfig, imapclient, idna, httptools, h11, greenlet, et-xmlfile, docstring-parser, dnspython, coverage, click, charset_normalizer, certifi, billiard, asyncpg, annotated-types, yapf, uvicorn, typing-inspection, typing-inspect, types-requests, typeguard, typeapi, sqlalchemy, sentry-sdk, requests, python-dateutil, pytest, pydantic-core, psycopg, openpyxl, mypy, mirakuru, markdown-it-py, Mako, Jinja2, httpcore, email-validator, Deprecated, click-repl, click-plugins, click-didyoumean, cffi, black, apscheduler, anyio, amqp, watchfiles, starlette, rich, pytest-postgresql, pytest-cov, pytest-asyncio, pydantic, pandas, nr-util, kombu, httpx, docker, databind, botocore, argon2-cffi-bindings, alembic, typer, testcontainers, s3transfer, rich-toolkit, respx, python-telegram-bot, pydantic-settings, pydantic-extra-types, pandera, fastapi, databind.json, databind.core, celery, asgi-correlation-id, argon2-cffi, minio, fastapi-limiter, fastapi-cloud-cli, fastapi-cli, docspec, boto3, docspec-python, pydoc-markdown
2025-08-20T00:34:38.5740624Z 
2025-08-20T00:34:38.5860087Z Successfully installed Deprecated-1.2.18 Jinja2-3.1.6 Mako-1.3.10 MarkupSafe-3.0.2 PyYAML-6.0.2 alembic-1.13.1 amqp-5.3.1 annotated-types-0.7.0 anyio-4.10.0 apscheduler-3.10.4 argon2-cffi-25.1.0 argon2-cffi-bindings-25.1.0 asgi-correlation-id-4.3.1 asyncpg-0.30.0 billiard-4.2.1 black-25.1.0 boto3-1.40.13 botocore-1.40.13 celery-5.5.3 certifi-2025.8.3 cffi-1.17.1 charset_normalizer-3.4.3 click-8.2.1 click-didyoumean-0.3.1 click-plugins-1.1.1.2 click-repl-0.3.0 coverage-7.10.4 databind-4.5.2 databind.core-4.5.2 databind.json-4.5.2 dnspython-2.7.0 docker-7.1.0 docspec-2.2.1 docspec-python-2.2.2 docstring-parser-0.11 email-validator-2.2.0 et-xmlfile-2.0.0 fastapi-0.116.1 fastapi-cli-0.0.8 fastapi-cloud-cli-0.1.5 fastapi-limiter-0.1.6 greenlet-3.2.4 h11-0.16.0 httpcore-1.0.9 httptools-0.6.4 httpx-0.28.1 idna-3.10 imapclient-3.0.1 iniconfig-2.1.0 itsdangerous-2.2.0 jmespath-1.0.1 kombu-5.5.4 markdown-it-py-4.0.0 mdurl-0.1.2 minio-7.2.16 mirakuru-2.6.1 multimethod-1.10 mypy-1.17.1 mypy-extensions-1.1.0 nr-date-2.1.0 nr-stream-1.1.5 nr-util-0.8.12 numpy-1.26.4 openpyxl-3.1.5 orjson-3.11.2 packaging-25.0 pandas-2.2.3 pandera-0.19.3 pathspec-0.12.1 platformdirs-4.3.8 pluggy-1.6.0 port-for-0.7.4 prompt-toolkit-3.0.51 psutil-7.0.0 psycopg-3.2.9 psycopg-binary-3.2.9 psycopg2-binary-2.9.10 pycparser-2.22 pycryptodome-3.23.0 pydantic-2.11.7 pydantic-core-2.33.2 pydantic-extra-types-2.10.5 pydantic-settings-2.10.1 pydoc-markdown-4.8.2 pygments-2.19.2 pytest-8.4.1 pytest-asyncio-0.23.6 pytest-cov-6.2.1 pytest-postgresql-7.0.2 python-dateutil-2.9.0.post0 python-dotenv-1.1.1 python-multipart-0.0.20 python-telegram-bot-22.3 pytz-2025.2 redis-6.4.0 requests-2.32.4 respx-0.22.0 rich-14.1.0 rich-toolkit-0.15.0 rignore-0.6.4 ruff-0.4.4 s3transfer-0.13.1 sentry-sdk-2.35.0 setuptools-80.9.0 shellingham-1.5.4 six-1.17.0 sniffio-1.3.1 sqlalchemy-2.0.43 starlette-0.47.2 structlog-24.1.0 testcontainers-4.10.0 tomli-2.2.1 tomli_w-1.2.0 typeapi-2.2.4 typeguard-4.4.4 typer-0.16.1 types-requests-2.32.4.20250809 typing-extensions-4.14.1 typing-inspect-0.9.0 typing-inspection-0.4.1 tzdata-2025.2 tzlocal-5.3.1 ujson-5.10.0 urllib3-2.5.0 uvicorn-0.35.0 uvloop-0.21.0 vine-5.1.0 watchdog-6.0.0 watchfiles-1.1.0 wcwidth-0.2.13 websockets-15.0.1 wrapt-1.17.3 yapf-0.43.0
2025-08-20T00:34:39.8104115Z Collecting keepa==1.3.15
2025-08-20T00:34:39.8116508Z   Using cached keepa-1.3.15-py3-none-any.whl.metadata (11 kB)
2025-08-20T00:34:39.8384602Z Collecting minio==7.1.15
2025-08-20T00:34:39.8396144Z   Using cached minio-7.1.15-py3-none-any.whl.metadata (4.2 kB)
2025-08-20T00:34:39.8422860Z Requirement already satisfied: numpy>=1.9.3 in /opt/hostedtoolcache/Python/3.12.11/x64/lib/python3.12/site-packages (from keepa==1.3.15) (1.26.4)
2025-08-20T00:34:39.8429429Z Requirement already satisfied: requests>=2.2 in /opt/hostedtoolcache/Python/3.12.11/x64/lib/python3.12/site-packages (from keepa==1.3.15) (2.32.4)
2025-08-20T00:34:39.8753272Z Collecting tqdm (from keepa==1.3.15)
2025-08-20T00:34:39.8764455Z   Using cached tqdm-4.67.1-py3-none-any.whl.metadata (57 kB)
2025-08-20T00:34:40.3489811Z Collecting aiohttp (from keepa==1.3.15)
2025-08-20T00:34:40.3503167Z   Using cached aiohttp-3.12.15-cp312-cp312-manylinux_2_17_x86_64.manylinux2014_x86_64.whl.metadata (7.7 kB)
2025-08-20T00:34:40.3537722Z Requirement already satisfied: pandas<=3.0 in /opt/hostedtoolcache/Python/3.12.11/x64/lib/python3.12/site-packages (from keepa==1.3.15) (2.2.3)
2025-08-20T00:34:40.3542036Z Requirement already satisfied: pydantic in /opt/hostedtoolcache/Python/3.12.11/x64/lib/python3.12/site-packages (from keepa==1.3.15) (2.11.7)
2025-08-20T00:34:40.3550241Z Requirement already satisfied: certifi in /opt/hostedtoolcache/Python/3.12.11/x64/lib/python3.12/site-packages (from minio==7.1.15) (2025.8.3)
2025-08-20T00:34:40.3554593Z Requirement already satisfied: urllib3 in /opt/hostedtoolcache/Python/3.12.11/x64/lib/python3.12/site-packages (from minio==7.1.15) (2.5.0)
2025-08-20T00:34:40.3609336Z Requirement already satisfied: python-dateutil>=2.8.2 in /opt/hostedtoolcache/Python/3.12.11/x64/lib/python3.12/site-packages (from pandas<=3.0->keepa==1.3.15) (2.9.0.post0)
2025-08-20T00:34:40.3615226Z Requirement already satisfied: pytz>=2020.1 in /opt/hostedtoolcache/Python/3.12.11/x64/lib/python3.12/site-packages (from pandas<=3.0->keepa==1.3.15) (2025.2)
2025-08-20T00:34:40.3620906Z Requirement already satisfied: tzdata>=2022.7 in /opt/hostedtoolcache/Python/3.12.11/x64/lib/python3.12/site-packages (from pandas<=3.0->keepa==1.3.15) (2025.2)
2025-08-20T00:34:40.3746887Z Requirement already satisfied: six>=1.5 in /opt/hostedtoolcache/Python/3.12.11/x64/lib/python3.12/site-packages (from python-dateutil>=2.8.2->pandas<=3.0->keepa==1.3.15) (1.17.0)
2025-08-20T00:34:40.3766628Z Requirement already satisfied: charset_normalizer<4,>=2 in /opt/hostedtoolcache/Python/3.12.11/x64/lib/python3.12/site-packages (from requests>=2.2->keepa==1.3.15) (3.4.3)
2025-08-20T00:34:40.3773497Z Requirement already satisfied: idna<4,>=2.5 in /opt/hostedtoolcache/Python/3.12.11/x64/lib/python3.12/site-packages (from requests>=2.2->keepa==1.3.15) (3.10)
2025-08-20T00:34:40.3956456Z Collecting aiohappyeyeballs>=2.5.0 (from aiohttp->keepa==1.3.15)
2025-08-20T00:34:40.3968088Z   Using cached aiohappyeyeballs-2.6.1-py3-none-any.whl.metadata (5.9 kB)
2025-08-20T00:34:40.4043602Z Collecting aiosignal>=1.4.0 (from aiohttp->keepa==1.3.15)
2025-08-20T00:34:40.4055060Z   Using cached aiosignal-1.4.0-py3-none-any.whl.metadata (3.7 kB)
2025-08-20T00:34:40.4186448Z Collecting attrs>=17.3.0 (from aiohttp->keepa==1.3.15)
2025-08-20T00:34:40.4197801Z   Using cached attrs-25.3.0-py3-none-any.whl.metadata (10 kB)
2025-08-20T00:34:40.4853387Z Collecting frozenlist>=1.1.1 (from aiohttp->keepa==1.3.15)
2025-08-20T00:34:40.4866032Z   Using cached frozenlist-1.7.0-cp312-cp312-manylinux_2_5_x86_64.manylinux1_x86_64.manylinux_2_17_x86_64.manylinux2014_x86_64.whl.metadata (18 kB)
2025-08-20T00:34:40.7296519Z Collecting multidict<7.0,>=4.5 (from aiohttp->keepa==1.3.15)
2025-08-20T00:34:40.7310079Z   Using cached multidict-6.6.4-cp312-cp312-manylinux2014_x86_64.manylinux_2_17_x86_64.manylinux_2_28_x86_64.whl.metadata (5.3 kB)
2025-08-20T00:34:40.7711868Z Collecting propcache>=0.2.0 (from aiohttp->keepa==1.3.15)
2025-08-20T00:34:40.7724257Z   Using cached propcache-0.3.2-cp312-cp312-manylinux_2_17_x86_64.manylinux2014_x86_64.whl.metadata (12 kB)
2025-08-20T00:34:41.0064999Z Collecting yarl<2.0,>=1.17.0 (from aiohttp->keepa==1.3.15)
2025-08-20T00:34:41.0078860Z   Using cached yarl-1.20.1-cp312-cp312-manylinux_2_17_x86_64.manylinux2014_x86_64.whl.metadata (73 kB)
2025-08-20T00:34:41.0290019Z Requirement already satisfied: typing-extensions>=4.2 in /opt/hostedtoolcache/Python/3.12.11/x64/lib/python3.12/site-packages (from aiosignal>=1.4.0->aiohttp->keepa==1.3.15) (4.14.1)
2025-08-20T00:34:41.0338628Z Requirement already satisfied: annotated-types>=0.6.0 in /opt/hostedtoolcache/Python/3.12.11/x64/lib/python3.12/site-packages (from pydantic->keepa==1.3.15) (0.7.0)
2025-08-20T00:34:41.0344466Z Requirement already satisfied: pydantic-core==2.33.2 in /opt/hostedtoolcache/Python/3.12.11/x64/lib/python3.12/site-packages (from pydantic->keepa==1.3.15) (2.33.2)
2025-08-20T00:34:41.0351967Z Requirement already satisfied: typing-inspection>=0.4.0 in /opt/hostedtoolcache/Python/3.12.11/x64/lib/python3.12/site-packages (from pydantic->keepa==1.3.15) (0.4.1)
2025-08-20T00:34:41.0412114Z Using cached keepa-1.3.15-py3-none-any.whl (38 kB)
2025-08-20T00:34:41.0423385Z Using cached minio-7.1.15-py3-none-any.whl (77 kB)
2025-08-20T00:34:41.0435370Z Using cached aiohttp-3.12.15-cp312-cp312-manylinux_2_17_x86_64.manylinux2014_x86_64.whl (1.7 MB)
2025-08-20T00:34:41.0459033Z Using cached multidict-6.6.4-cp312-cp312-manylinux2014_x86_64.manylinux_2_17_x86_64.manylinux_2_28_x86_64.whl (256 kB)
2025-08-20T00:34:41.0471672Z Using cached yarl-1.20.1-cp312-cp312-manylinux_2_17_x86_64.manylinux2014_x86_64.whl (355 kB)
2025-08-20T00:34:41.0485392Z Using cached aiohappyeyeballs-2.6.1-py3-none-any.whl (15 kB)
2025-08-20T00:34:41.0496576Z Using cached aiosignal-1.4.0-py3-none-any.whl (7.5 kB)
2025-08-20T00:34:41.0507528Z Using cached attrs-25.3.0-py3-none-any.whl (63 kB)
2025-08-20T00:34:41.0519570Z Using cached frozenlist-1.7.0-cp312-cp312-manylinux_2_5_x86_64.manylinux1_x86_64.manylinux_2_17_x86_64.manylinux2014_x86_64.whl (241 kB)
2025-08-20T00:34:41.0532209Z Using cached propcache-0.3.2-cp312-cp312-manylinux_2_17_x86_64.manylinux2014_x86_64.whl (224 kB)
2025-08-20T00:34:41.0544683Z Using cached tqdm-4.67.1-py3-none-any.whl (78 kB)
2025-08-20T00:34:41.2328248Z Installing collected packages: tqdm, propcache, multidict, minio, frozenlist, attrs, aiohappyeyeballs, yarl, aiosignal, aiohttp, keepa
2025-08-20T00:34:41.3065092Z   Attempting uninstall: minio
2025-08-20T00:34:41.3112030Z     Found existing installation: minio 7.2.16
2025-08-20T00:34:41.3148734Z     Uninstalling minio-7.2.16:
2025-08-20T00:34:41.3159187Z       Successfully uninstalled minio-7.2.16
2025-08-20T00:34:41.6753049Z 
2025-08-20T00:34:41.6866906Z Successfully installed aiohappyeyeballs-2.6.1 aiohttp-3.12.15 aiosignal-1.4.0 attrs-25.3.0 frozenlist-1.7.0 keepa-1.3.15 minio-7.1.15 multidict-6.6.4 propcache-0.3.2 tqdm-4.67.1 yarl-1.20.1
2025-08-20T00:34:41.8328538Z ##[group]Run ruff check .
2025-08-20T00:34:41.8328812Z [36;1mruff check .[0m
2025-08-20T00:34:41.8329021Z [36;1mruff format --check .[0m
2025-08-20T00:34:41.8369075Z shell: /usr/bin/bash -e {0}
2025-08-20T00:34:41.8369293Z env:
2025-08-20T00:34:41.8369496Z   REDIS_URL: redis://localhost:6379/0
2025-08-20T00:34:41.8369762Z   RATE_LIMIT_DEFAULT: 100/minute
2025-08-20T00:34:41.8369992Z   TRUST_X_FORWARDED: 1
2025-08-20T00:34:41.8370187Z   PG_USER: postgres
2025-08-20T00:34:41.8370379Z   PG_PASSWORD: pass
2025-08-20T00:34:41.8370566Z   PG_DATABASE: awa
2025-08-20T00:34:41.8370750Z   PG_HOST: localhost
2025-08-20T00:34:41.8370936Z   PG_PORT: 5432
2025-08-20T00:34:41.8371631Z   PG_SYNC_DSN: ***localhost:5432/awa
2025-08-20T00:34:41.8372046Z   PG_ASYNC_DSN: ***localhost:5432/awa
2025-08-20T00:34:41.8372568Z   DATABASE_URL: ***localhost:5432/awa
2025-08-20T00:34:41.8372798Z   DATA_DIR: /tmp/awa-data
2025-08-20T00:34:41.8372999Z   ENABLE_LIVE: 0
2025-08-20T00:34:41.8373198Z   TESTING: 1
2025-08-20T00:34:41.8373433Z   pythonLocation: /opt/hostedtoolcache/Python/3.12.11/x64
2025-08-20T00:34:41.8373825Z   PKG_CONFIG_PATH: /opt/hostedtoolcache/Python/3.12.11/x64/lib/pkgconfig
2025-08-20T00:34:41.8374213Z   Python_ROOT_DIR: /opt/hostedtoolcache/Python/3.12.11/x64
2025-08-20T00:34:41.8374558Z   Python2_ROOT_DIR: /opt/hostedtoolcache/Python/3.12.11/x64
2025-08-20T00:34:41.8375092Z   Python3_ROOT_DIR: /opt/hostedtoolcache/Python/3.12.11/x64
2025-08-20T00:34:41.8375445Z   LD_LIBRARY_PATH: /opt/hostedtoolcache/Python/3.12.11/x64/lib
2025-08-20T00:34:41.8375735Z ##[endgroup]
2025-08-20T00:34:41.8644773Z All checks passed!
2025-08-20T00:34:41.8872511Z 253 files already formatted
2025-08-20T00:34:41.8908349Z ##[group]Run for i in {1..30}; do pg_isready -h "$PG_HOST" -p "$PG_PORT" -U "$PG_USER" -d "$PG_DATABASE" && break; sleep 1; done
2025-08-20T00:34:41.8908993Z [36;1mfor i in {1..30}; do pg_isready -h "$PG_HOST" -p "$PG_PORT" -U "$PG_USER" -d "$PG_DATABASE" && break; sleep 1; done[0m
2025-08-20T00:34:41.8949825Z shell: /usr/bin/bash -e {0}
2025-08-20T00:34:41.8950054Z env:
2025-08-20T00:34:41.8950250Z   REDIS_URL: redis://localhost:6379/0
2025-08-20T00:34:41.8950503Z   RATE_LIMIT_DEFAULT: 100/minute
2025-08-20T00:34:41.8950726Z   TRUST_X_FORWARDED: 1
2025-08-20T00:34:41.8950917Z   PG_USER: postgres
2025-08-20T00:34:41.8951100Z   PG_PASSWORD: pass
2025-08-20T00:34:41.8951285Z   PG_DATABASE: awa
2025-08-20T00:34:41.8951481Z   PG_HOST: localhost
2025-08-20T00:34:41.8951666Z   PG_PORT: 5432
2025-08-20T00:34:41.8952109Z   PG_SYNC_DSN: ***localhost:5432/awa
2025-08-20T00:34:41.8952731Z   PG_ASYNC_DSN: ***localhost:5432/awa
2025-08-20T00:34:41.8953139Z   DATABASE_URL: ***localhost:5432/awa
2025-08-20T00:34:41.8953372Z   DATA_DIR: /tmp/awa-data
2025-08-20T00:34:41.8953570Z   ENABLE_LIVE: 0
2025-08-20T00:34:41.8953743Z   TESTING: 1
2025-08-20T00:34:41.8953970Z   pythonLocation: /opt/hostedtoolcache/Python/3.12.11/x64
2025-08-20T00:34:41.8954366Z   PKG_CONFIG_PATH: /opt/hostedtoolcache/Python/3.12.11/x64/lib/pkgconfig
2025-08-20T00:34:41.8954777Z   Python_ROOT_DIR: /opt/hostedtoolcache/Python/3.12.11/x64
2025-08-20T00:34:41.8955129Z   Python2_ROOT_DIR: /opt/hostedtoolcache/Python/3.12.11/x64
2025-08-20T00:34:41.8955476Z   Python3_ROOT_DIR: /opt/hostedtoolcache/Python/3.12.11/x64
2025-08-20T00:34:41.8955830Z   LD_LIBRARY_PATH: /opt/hostedtoolcache/Python/3.12.11/x64/lib
2025-08-20T00:34:41.8956128Z ##[endgroup]
2025-08-20T00:34:42.0013648Z localhost:5432 - accepting connections
2025-08-20T00:34:42.0049901Z ##[group]Run psql -h "$PG_HOST" -p "$PG_PORT" -U "$PG_USER" -d "$PG_DATABASE" -c "SELECT 1"
2025-08-20T00:34:42.0050436Z [36;1mpsql -h "$PG_HOST" -p "$PG_PORT" -U "$PG_USER" -d "$PG_DATABASE" -c "SELECT 1"[0m
2025-08-20T00:34:42.0088285Z shell: /usr/bin/bash -e {0}
2025-08-20T00:34:42.0088506Z env:
2025-08-20T00:34:42.0088704Z   REDIS_URL: redis://localhost:6379/0
2025-08-20T00:34:42.0088968Z   RATE_LIMIT_DEFAULT: 100/minute
2025-08-20T00:34:42.0089189Z   TRUST_X_FORWARDED: 1
2025-08-20T00:34:42.0089381Z   PG_USER: postgres
2025-08-20T00:34:42.0089569Z   PG_PASSWORD: pass
2025-08-20T00:34:42.0089875Z   PG_DATABASE: awa
2025-08-20T00:34:42.0090172Z   PG_HOST: localhost
2025-08-20T00:34:42.0090480Z   PG_PORT: 5432
2025-08-20T00:34:42.0091126Z   PG_SYNC_DSN: ***localhost:5432/awa
2025-08-20T00:34:42.0091786Z   PG_ASYNC_DSN: ***localhost:5432/awa
2025-08-20T00:34:42.0092941Z   DATABASE_URL: ***localhost:5432/awa
2025-08-20T00:34:42.0093509Z   DATA_DIR: /tmp/awa-data
2025-08-20T00:34:42.0093953Z   ENABLE_LIVE: 0
2025-08-20T00:34:42.0094258Z   TESTING: 1
2025-08-20T00:34:42.0094723Z   pythonLocation: /opt/hostedtoolcache/Python/3.12.11/x64
2025-08-20T00:34:42.0095400Z   PKG_CONFIG_PATH: /opt/hostedtoolcache/Python/3.12.11/x64/lib/pkgconfig
2025-08-20T00:34:42.0095866Z   Python_ROOT_DIR: /opt/hostedtoolcache/Python/3.12.11/x64
2025-08-20T00:34:42.0096231Z   Python2_ROOT_DIR: /opt/hostedtoolcache/Python/3.12.11/x64
2025-08-20T00:34:42.0096576Z   Python3_ROOT_DIR: /opt/hostedtoolcache/Python/3.12.11/x64
2025-08-20T00:34:42.0096923Z   LD_LIBRARY_PATH: /opt/hostedtoolcache/Python/3.12.11/x64/lib
2025-08-20T00:34:42.0097219Z   PGPASSWORD: pass
2025-08-20T00:34:42.0097400Z ##[endgroup]
2025-08-20T00:34:42.0817071Z  ?column? 
2025-08-20T00:34:42.0817475Z ----------
2025-08-20T00:34:42.0819542Z         1
2025-08-20T00:34:42.0819845Z (1 row)
2025-08-20T00:34:42.0819997Z 
2025-08-20T00:34:42.0861796Z ##[group]Run alembic -c services/api/alembic.ini upgrade head
2025-08-20T00:34:42.0862662Z [36;1malembic -c services/api/alembic.ini upgrade head[0m
2025-08-20T00:34:42.0902024Z shell: /usr/bin/bash -e {0}
2025-08-20T00:34:42.0902515Z env:
2025-08-20T00:34:42.0902717Z   REDIS_URL: redis://localhost:6379/0
2025-08-20T00:34:42.0902978Z   RATE_LIMIT_DEFAULT: 100/minute
2025-08-20T00:34:42.0903202Z   TRUST_X_FORWARDED: 1
2025-08-20T00:34:42.0903392Z   PG_USER: postgres
2025-08-20T00:34:42.0903612Z   PG_PASSWORD: pass
2025-08-20T00:34:42.0903799Z   PG_DATABASE: awa
2025-08-20T00:34:42.0903976Z   PG_HOST: localhost
2025-08-20T00:34:42.0904157Z   PG_PORT: 5432
2025-08-20T00:34:42.0904562Z   PG_SYNC_DSN: ***localhost:5432/awa
2025-08-20T00:34:42.0904950Z   PG_ASYNC_DSN: ***localhost:5432/awa
2025-08-20T00:34:42.0905326Z   DATABASE_URL: ***localhost:5432/awa
2025-08-20T00:34:42.0905559Z   DATA_DIR: /tmp/awa-data
2025-08-20T00:34:42.0905753Z   ENABLE_LIVE: 0
2025-08-20T00:34:42.0905957Z   TESTING: 1
2025-08-20T00:34:42.0906191Z   pythonLocation: /opt/hostedtoolcache/Python/3.12.11/x64
2025-08-20T00:34:42.0906582Z   PKG_CONFIG_PATH: /opt/hostedtoolcache/Python/3.12.11/x64/lib/pkgconfig
2025-08-20T00:34:42.0906966Z   Python_ROOT_DIR: /opt/hostedtoolcache/Python/3.12.11/x64
2025-08-20T00:34:42.0907310Z   Python2_ROOT_DIR: /opt/hostedtoolcache/Python/3.12.11/x64
2025-08-20T00:34:42.0907652Z   Python3_ROOT_DIR: /opt/hostedtoolcache/Python/3.12.11/x64
2025-08-20T00:34:42.0907998Z   LD_LIBRARY_PATH: /opt/hostedtoolcache/Python/3.12.11/x64/lib
2025-08-20T00:34:42.0908289Z ##[endgroup]
2025-08-20T00:34:42.9209795Z INFO  [alembic.runtime.migration] Context impl PostgresqlImpl.
2025-08-20T00:34:42.9210270Z INFO  [alembic.runtime.migration] Will assume transactional DDL.
2025-08-20T00:34:42.9438402Z INFO  [alembic.runtime.migration] Running upgrade  -> 0001_baseline
2025-08-20T00:34:42.9593053Z INFO  [alembic.runtime.migration] Running upgrade 0001_baseline -> 0002_create_roi_view
2025-08-20T00:34:42.9620691Z INFO  [alembic.runtime.migration] Running upgrade 0002_create_roi_view -> 3e9d5c5aff2c
2025-08-20T00:34:42.9786888Z INFO  [alembic.runtime.migration] Running upgrade 3e9d5c5aff2c -> 0003_vendor_prices
2025-08-20T00:34:42.9922854Z INFO  [alembic.runtime.migration] Running upgrade 0003_vendor_prices -> 0004_fee_cron
2025-08-20T00:34:43.0010382Z INFO  [alembic.runtime.migration] Running upgrade 0004_fee_cron -> 0006_fix_roi_views
2025-08-20T00:34:43.0055182Z INFO  [alembic.runtime.migration] Running upgrade 0006_fix_roi_views -> 0020_unified_schema
2025-08-20T00:34:43.0186461Z INFO  [alembic.runtime.migration] Running upgrade 0020_unified_schema -> 0022_fix_roi_view
2025-08-20T00:34:43.0250544Z INFO  [alembic.runtime.migration] Running upgrade 0022_fix_roi_view -> 0023_add_storage_fee
2025-08-20T00:34:43.0287804Z INFO  [alembic.runtime.migration] Running upgrade 0023_add_storage_fee -> 0024_create_buybox
2025-08-20T00:34:43.0309020Z INFO  [alembic.runtime.migration] Running upgrade 0024_create_buybox -> 0025_pr4_indexes_loadlog
2025-08-20T00:34:43.0517323Z INFO  [alembic.runtime.migration] Running upgrade 0025_pr4_indexes_loadlog -> 0026_amazon_new_reports
2025-08-20T00:34:43.1461353Z ##[group]Run python -m mypy services || true
2025-08-20T00:34:43.1461696Z [36;1mpython -m mypy services || true[0m
2025-08-20T00:34:43.1502665Z shell: /usr/bin/bash -e {0}
2025-08-20T00:34:43.1502888Z env:
2025-08-20T00:34:43.1503083Z   REDIS_URL: redis://localhost:6379/0
2025-08-20T00:34:43.1503350Z   RATE_LIMIT_DEFAULT: 100/minute
2025-08-20T00:34:43.1503570Z   TRUST_X_FORWARDED: 1
2025-08-20T00:34:43.1503768Z   PG_USER: postgres
2025-08-20T00:34:43.1503955Z   PG_PASSWORD: pass
2025-08-20T00:34:43.1504134Z   PG_DATABASE: awa
2025-08-20T00:34:43.1504314Z   PG_HOST: localhost
2025-08-20T00:34:43.1504495Z   PG_PORT: 5432
2025-08-20T00:34:43.1504920Z   PG_SYNC_DSN: ***localhost:5432/awa
2025-08-20T00:34:43.1505329Z   PG_ASYNC_DSN: ***localhost:5432/awa
2025-08-20T00:34:43.1505720Z   DATABASE_URL: ***localhost:5432/awa
2025-08-20T00:34:43.1505953Z   DATA_DIR: /tmp/awa-data
2025-08-20T00:34:43.1506335Z   ENABLE_LIVE: 0
2025-08-20T00:34:43.1506509Z   TESTING: 1
2025-08-20T00:34:43.1506778Z   pythonLocation: /opt/hostedtoolcache/Python/3.12.11/x64
2025-08-20T00:34:43.1507197Z   PKG_CONFIG_PATH: /opt/hostedtoolcache/Python/3.12.11/x64/lib/pkgconfig
2025-08-20T00:34:43.1507589Z   Python_ROOT_DIR: /opt/hostedtoolcache/Python/3.12.11/x64
2025-08-20T00:34:43.1507932Z   Python2_ROOT_DIR: /opt/hostedtoolcache/Python/3.12.11/x64
2025-08-20T00:34:43.1508281Z   Python3_ROOT_DIR: /opt/hostedtoolcache/Python/3.12.11/x64
2025-08-20T00:34:43.1508628Z   LD_LIBRARY_PATH: /opt/hostedtoolcache/Python/3.12.11/x64/lib
2025-08-20T00:34:43.1508916Z ##[endgroup]
2025-08-20T00:35:14.0501920Z services/api/routes/score.py:16: error: Function is missing a return type annotation  [no-untyped-def]
2025-08-20T00:35:14.0504363Z services/api/routes/score.py:16: note: Use "-> None" if function does not return a value
2025-08-20T00:35:14.0505596Z services/api/routes/score.py:26: error: All conditional function variants must have identical signatures  [misc]
2025-08-20T00:35:14.0506613Z services/api/routes/score.py:26: note: Original:
2025-08-20T00:35:14.0507579Z services/api/routes/score.py:26: note:     def require_basic_auth(credentials: HTTPBasicCredentials = ...) -> None
2025-08-20T00:35:14.0508547Z services/api/routes/score.py:26: note: Redefinition:
2025-08-20T00:35:14.0509293Z services/api/routes/score.py:26: note:     def require_basic_auth() -> None
2025-08-20T00:35:14.0510577Z services/api/routes/score.py:34: error: Incompatible types in assignment (expression has type "None", variable has type Module)  [assignment]
2025-08-20T00:35:14.0511906Z services/api/routes/score.py:38: error: Invalid type comment or annotation  [valid-type]
2025-08-20T00:35:14.0513225Z services/api/routes/score.py:38: note: Suggestion: use constr[...] instead of constr(...)
2025-08-20T00:35:14.0982148Z Found 4 errors in 1 file (checked 97 source files)
2025-08-20T00:35:14.1360516Z ##[group]Run pytest -q --cov=services
2025-08-20T00:35:14.1360844Z [36;1mpytest -q --cov=services[0m
2025-08-20T00:35:14.1401262Z shell: /usr/bin/bash -e {0}
2025-08-20T00:35:14.1401479Z env:
2025-08-20T00:35:14.1401677Z   REDIS_URL: redis://localhost:6379/0
2025-08-20T00:35:14.1401939Z   RATE_LIMIT_DEFAULT: 100/minute
2025-08-20T00:35:14.1402153Z   TRUST_X_FORWARDED: 1
2025-08-20T00:35:14.1402672Z   PG_USER: postgres
2025-08-20T00:35:14.1402865Z   PG_PASSWORD: pass
2025-08-20T00:35:14.1403036Z   PG_DATABASE: awa
2025-08-20T00:35:14.1403214Z   PG_HOST: localhost
2025-08-20T00:35:14.1403394Z   PG_PORT: 5432
2025-08-20T00:35:14.1403807Z   PG_SYNC_DSN: ***localhost:5432/awa
2025-08-20T00:35:14.1404211Z   PG_ASYNC_DSN: ***localhost:5432/awa
2025-08-20T00:35:14.1404596Z   DATABASE_URL: ***localhost:5432/awa
2025-08-20T00:35:14.1404822Z   DATA_DIR: /tmp/awa-data
2025-08-20T00:35:14.1405024Z   ENABLE_LIVE: 0
2025-08-20T00:35:14.1405196Z   TESTING: 1
2025-08-20T00:35:14.1405457Z   pythonLocation: /opt/hostedtoolcache/Python/3.12.11/x64
2025-08-20T00:35:14.1405852Z   PKG_CONFIG_PATH: /opt/hostedtoolcache/Python/3.12.11/x64/lib/pkgconfig
2025-08-20T00:35:14.1406248Z   Python_ROOT_DIR: /opt/hostedtoolcache/Python/3.12.11/x64
2025-08-20T00:35:14.1406592Z   Python2_ROOT_DIR: /opt/hostedtoolcache/Python/3.12.11/x64
2025-08-20T00:35:14.1406942Z   Python3_ROOT_DIR: /opt/hostedtoolcache/Python/3.12.11/x64
2025-08-20T00:35:14.1407290Z   LD_LIBRARY_PATH: /opt/hostedtoolcache/Python/3.12.11/x64/lib
2025-08-20T00:35:14.1407580Z ##[endgroup]
2025-08-20T00:35:43.5130561Z ........s.............................sssssss........................... [ 41%]
2025-08-20T00:36:15.4106542Z ........................................................................ [ 83%]
2025-08-20T00:36:16.1741821Z .............................
2025-08-20T00:36:16.1743795Z ERROR: Coverage failure: total of 65 is less than fail-under=75
2025-08-20T00:36:16.6056758Z                                                                          [100%]
2025-08-20T00:36:16.6057413Z =============================== warnings summary ===============================
2025-08-20T00:36:16.6058427Z services/alert_bot/tests/test_smoke.py:5
2025-08-20T00:36:16.6060339Z   /home/runner/work/AWA-App/AWA-App/services/alert_bot/tests/test_smoke.py:5: UserWarning: pkg_resources is deprecated as an API. See https://setuptools.pypa.io/en/latest/pkg_resources.html. The pkg_resources package is slated for removal as early as 2025-11-30. Refrain from using this package or pin to Setuptools<81.
2025-08-20T00:36:16.6062687Z     import pkg_resources  # noqa: F401
2025-08-20T00:36:16.6063017Z 
2025-08-20T00:36:16.6063246Z tests/api/test_ingest_endpoints.py: 12 warnings
2025-08-20T00:36:16.6063761Z tests/ingest/test_tasks_eager.py: 3 warnings
2025-08-20T00:36:16.6064334Z tests/test_api_fast.py: 1 warning
2025-08-20T00:36:16.6064841Z tests/test_health.py: 5 warnings
2025-08-20T00:36:16.6065332Z tests/test_smoke.py: 5 warnings
2025-08-20T00:36:16.6065870Z services/api/tests/test_cors.py: 1 warning
2025-08-20T00:36:16.6066483Z services/api/tests/test_errors_json.py: 2 warnings
2025-08-20T00:36:16.6067151Z services/api/tests/test_health.py: 1 warning
2025-08-20T00:36:16.6067787Z services/api/tests/test_rate_limit.py: 122 warnings
2025-08-20T00:36:16.6068482Z services/api/tests/test_roi_basic_auth.py: 4 warnings
2025-08-20T00:36:16.6069178Z services/api/tests/test_sentry_event.py: 1 warning
2025-08-20T00:36:16.6069902Z services/api/tests/test_stats_contracts.py: 3 warnings
2025-08-20T00:36:16.6070720Z services/api/tests/test_stats_future_contracts.py: 3 warnings
2025-08-20T00:36:16.6073743Z   /opt/hostedtoolcache/Python/3.12.11/x64/lib/python3.12/site-packages/asgi_correlation_id/extensions/sentry.py:27: DeprecationWarning: sentry_sdk.configure_scope is deprecated and will be removed in the next major version. Please consult our migration guide to learn how to migrate to the new API: https://docs.sentry.io/platforms/python/migration/1.x-to-2.x#scope-configuring
2025-08-20T00:36:16.6076453Z     with configure_scope() as scope:
2025-08-20T00:36:16.6076774Z 
2025-08-20T00:36:16.6076978Z tests/api/test_ingest_endpoints.py: 3 warnings
2025-08-20T00:36:16.6077473Z tests/test_api_fast.py: 1 warning
2025-08-20T00:36:16.6077914Z tests/test_health.py: 5 warnings
2025-08-20T00:36:16.6078181Z tests/test_smoke.py: 5 warnings
2025-08-20T00:36:16.6078452Z services/api/tests/test_cors.py: 3 warnings
2025-08-20T00:36:16.6078939Z services/api/tests/test_errors_json.py: 2 warnings
2025-08-20T00:36:16.6079464Z services/api/tests/test_health.py: 1 warning
2025-08-20T00:36:16.6080078Z services/api/tests/test_rate_limit.py: 2 warnings
2025-08-20T00:36:16.6080634Z services/api/tests/test_sentry_event.py: 1 warning
2025-08-20T00:36:16.6081207Z services/api/tests/test_stats_contracts.py: 3 warnings
2025-08-20T00:36:16.6081847Z services/api/tests/test_stats_future_contracts.py: 1 warning
2025-08-20T00:36:16.6083473Z   /opt/hostedtoolcache/Python/3.12.11/x64/lib/python3.12/site-packages/fastapi_limiter/__init__.py:89: DeprecationWarning: Call to deprecated close. (Use aclose() instead) -- Deprecated since version 5.0.1.
2025-08-20T00:36:16.6084684Z     await cls.redis.close()
2025-08-20T00:36:16.6084900Z 
2025-08-20T00:36:16.6085165Z tests/test_api_fast.py::test_health_endpoint
2025-08-20T00:36:16.6086953Z   /home/runner/work/AWA-App/AWA-App/tests/test_api_fast.py:13: DeprecationWarning: datetime.datetime.utcnow() is deprecated and scheduled for removal in a future version. Use timezone-aware objects to represent datetimes in UTC: datetime.datetime.now(datetime.UTC).
2025-08-20T00:36:16.6088648Z     return datetime.datetime.utcnow()
2025-08-20T00:36:16.6088957Z 
2025-08-20T00:36:16.6089117Z tests/test_api_fast.py: 1 warning
2025-08-20T00:36:16.6089529Z tests/test_health.py: 5 warnings
2025-08-20T00:36:16.6089920Z tests/test_smoke.py: 5 warnings
2025-08-20T00:36:16.6090328Z services/api/tests/test_cors.py: 1 warning
2025-08-20T00:36:16.6090845Z services/api/tests/test_health.py: 1 warning
2025-08-20T00:36:16.6091402Z services/api/tests/test_rate_limit.py: 102 warnings
2025-08-20T00:36:16.6093605Z   /home/runner/work/AWA-App/AWA-App/services/api/routes/health.py:24: DeprecationWarning: datetime.datetime.utcnow() is deprecated and scheduled for removal in a future version. Use timezone-aware objects to represent datetimes in UTC: datetime.datetime.now(datetime.UTC).
2025-08-20T00:36:16.6095839Z     app_now = datetime.utcnow().replace(tzinfo=timezone.utc)
2025-08-20T00:36:16.6096256Z 
2025-08-20T00:36:16.6096455Z tests/test_health.py::test_health[0]
2025-08-20T00:36:16.6096909Z tests/test_health.py::test_health[1]
2025-08-20T00:36:16.6097402Z tests/test_health.py::test_health[2]
2025-08-20T00:36:16.6098031Z tests/test_health.py::test_health[3]
2025-08-20T00:36:16.6098535Z tests/test_health.py::test_health[4]
2025-08-20T00:36:16.6100301Z   /home/runner/work/AWA-App/AWA-App/tests/test_health.py:22: DeprecationWarning: datetime.datetime.utcnow() is deprecated and scheduled for removal in a future version. Use timezone-aware objects to represent datetimes in UTC: datetime.datetime.now(datetime.UTC).
2025-08-20T00:36:16.6102127Z     return datetime.datetime.utcnow()
2025-08-20T00:36:16.6102655Z 
2025-08-20T00:36:16.6102841Z tests/test_smoke.py::test_health[0]
2025-08-20T00:36:16.6103296Z tests/test_smoke.py::test_health[1]
2025-08-20T00:36:16.6103749Z tests/test_smoke.py::test_health[2]
2025-08-20T00:36:16.6104204Z tests/test_smoke.py::test_health[3]
2025-08-20T00:36:16.6104637Z tests/test_smoke.py::test_health[4]
2025-08-20T00:36:16.6106366Z   /home/runner/work/AWA-App/AWA-App/tests/test_smoke.py:32: DeprecationWarning: datetime.datetime.utcnow() is deprecated and scheduled for removal in a future version. Use timezone-aware objects to represent datetimes in UTC: datetime.datetime.now(datetime.UTC).
2025-08-20T00:36:16.6108150Z     return datetime.datetime.utcnow()
2025-08-20T00:36:16.6108468Z 
2025-08-20T00:36:16.6108778Z services/api/tests/test_cors.py::test_cors_simple_get_allowed
2025-08-20T00:36:16.6111013Z   /home/runner/work/AWA-App/AWA-App/services/api/tests/test_cors.py:27: DeprecationWarning: datetime.datetime.utcnow() is deprecated and scheduled for removal in a future version. Use timezone-aware objects to represent datetimes in UTC: datetime.datetime.now(datetime.UTC).
2025-08-20T00:36:16.6113148Z     return datetime.datetime.utcnow()
2025-08-20T00:36:16.6113475Z 
2025-08-20T00:36:16.6113773Z services/api/tests/test_health.py::test_health_route
2025-08-20T00:36:16.6115710Z   /home/runner/work/AWA-App/AWA-App/services/api/tests/test_health.py:14: DeprecationWarning: datetime.datetime.utcnow() is deprecated and scheduled for removal in a future version. Use timezone-aware objects to represent datetimes in UTC: datetime.datetime.now(datetime.UTC).
2025-08-20T00:36:16.6117599Z     return datetime.datetime.utcnow()
2025-08-20T00:36:16.6117916Z 
2025-08-20T00:36:16.6118136Z services/api/tests/test_rate_limit.py: 102 warnings
2025-08-20T00:36:16.6120072Z   /home/runner/work/AWA-App/AWA-App/services/api/tests/test_rate_limit.py:33: DeprecationWarning: datetime.datetime.utcnow() is deprecated and scheduled for removal in a future version. Use timezone-aware objects to represent datetimes in UTC: datetime.datetime.now(datetime.UTC).
2025-08-20T00:36:16.6121989Z     return datetime.datetime.utcnow()
2025-08-20T00:36:16.6122555Z 
2025-08-20T00:36:16.6123013Z services/api/tests/test_sentry_event.py::test_unhandled_exception_is_captured_and_tagged
2025-08-20T00:36:16.6125460Z   /home/runner/work/AWA-App/AWA-App/services/api/tests/test_sentry_event.py:47: SentryHubDeprecationWarning: `sentry_sdk.Hub` is deprecated and will be removed in a future major release. Please consult our 1.x to 2.x migration guide for details on how to migrate `Hub` usage to the new API: https://docs.sentry.io/platforms/python/migration/1.x-to-2.x
2025-08-20T00:36:16.6127640Z     hub = sentry_sdk.Hub.current
2025-08-20T00:36:16.6127935Z 
2025-08-20T00:36:16.6128272Z -- Docs: https://docs.pytest.org/en/stable/how-to/capture-warnings.html
2025-08-20T00:36:16.6128992Z ================================ tests coverage ================================
2025-08-20T00:36:16.6129937Z _______________ coverage: platform linux, python 3.12.11-final-0 _______________
2025-08-20T00:36:16.6130431Z 
2025-08-20T00:36:16.6130619Z Coverage XML written to file coverage.xml
2025-08-20T00:36:16.6131260Z FAIL Required test coverage of 75% not reached. Total coverage: 65.35%
2025-08-20T00:36:16.6132000Z Sentry is attempting to send 0 pending events
2025-08-20T00:36:16.6132705Z Waiting up to True seconds
2025-08-20T00:36:16.6133092Z Press Ctrl-C to quit
2025-08-20T00:36:17.0216111Z ##[error]Process completed with exit code 1.
2025-08-20T00:36:17.0309613Z Post job cleanup.
2025-08-20T00:36:17.1245641Z [command]/usr/bin/git version
2025-08-20T00:36:17.1287983Z git version 2.50.1
2025-08-20T00:36:17.1330863Z Temporarily overriding HOME='/home/runner/work/_temp/2e4b08c6-b110-4cad-a7f5-e7eb708551a6' before making global git config changes
2025-08-20T00:36:17.1332211Z Adding repository directory to the temporary git global config as a safe directory
2025-08-20T00:36:17.1337303Z [command]/usr/bin/git config --global --add safe.directory /home/runner/work/AWA-App/AWA-App
2025-08-20T00:36:17.1371051Z [command]/usr/bin/git config --local --name-only --get-regexp core\.sshCommand
2025-08-20T00:36:17.1402829Z [command]/usr/bin/git submodule foreach --recursive sh -c "git config --local --name-only --get-regexp 'core\.sshCommand' && git config --local --unset-all 'core.sshCommand' || :"
2025-08-20T00:36:17.1627133Z [command]/usr/bin/git config --local --name-only --get-regexp http\.https\:\/\/github\.com\/\.extraheader
2025-08-20T00:36:17.1647473Z http.https://github.com/.extraheader
2025-08-20T00:36:17.1659804Z [command]/usr/bin/git config --local --unset-all http.https://github.com/.extraheader
2025-08-20T00:36:17.1689959Z [command]/usr/bin/git submodule foreach --recursive sh -c "git config --local --name-only --get-regexp 'http\.https\:\/\/github\.com\/\.extraheader' && git config --local --unset-all 'http.https://github.com/.extraheader' || :"
2025-08-20T00:36:17.1997077Z Print service container logs: 0405e4a6216b4ebaa3d360f85c34cad5_postgres15_85c15c
2025-08-20T00:36:17.2001670Z ##[command]/usr/bin/docker logs --details a1884097737a23f2cee4f6d343542870f1c2d2e707b03a3b262a05be7e93cfb9
2025-08-20T00:36:17.2125565Z  The files belonging to this database system will be owned by user "postgres".
2025-08-20T00:36:17.2127340Z  initdb: warning: enabling "trust" authentication for local connections
2025-08-20T00:36:17.2128007Z  This user must also own the server process.
2025-08-20T00:36:17.2128863Z  initdb: hint: You can change this by editing pg_hba.conf or using the option -A, or --auth-local and --auth-host, the next time you run initdb.
2025-08-20T00:36:17.2129721Z  2025-08-20 00:33:59.468 UTC [1] LOG:  starting PostgreSQL 15.14 (Debian 15.14-1.pgdg13+1) on x86_64-pc-linux-gnu, compiled by gcc (Debian 14.2.0-19) 14.2.0, 64-bit
2025-08-20T00:36:17.2130344Z  2025-08-20 00:33:59.468 UTC [1] LOG:  listening on IPv4 address "0.0.0.0", port 5432
2025-08-20T00:36:17.2130811Z  2025-08-20 00:33:59.468 UTC [1] LOG:  listening on IPv6 address "::", port 5432
2025-08-20T00:36:17.2131276Z  2025-08-20 00:33:59.469 UTC [1] LOG:  listening on Unix socket "/var/run/postgresql/.s.PGSQL.5432"
2025-08-20T00:36:17.2131756Z  2025-08-20 00:33:59.472 UTC [64] LOG:  database system was shut down at 2025-08-20 00:33:59 UTC
2025-08-20T00:36:17.2132190Z  2025-08-20 00:33:59.475 UTC [1] LOG:  database system is ready to accept connections
2025-08-20T00:36:17.2132743Z  
2025-08-20T00:36:17.2132997Z  The database cluster will be initialized with locale "en_US.utf8".
2025-08-20T00:36:17.2133392Z  The default database encoding has accordingly been set to "UTF8".
2025-08-20T00:36:17.2133774Z  The default text search configuration will be set to "english".
2025-08-20T00:36:17.2134064Z  
2025-08-20T00:36:17.2134234Z  Data page checksums are disabled.
2025-08-20T00:36:17.2134452Z  
2025-08-20T00:36:17.2134717Z  fixing permissions on existing directory /var/lib/postgresql/data ... ok
2025-08-20T00:36:17.2135080Z  creating subdirectories ... ok
2025-08-20T00:36:17.2135596Z  selecting dynamic shared memory implementation ... posix
2025-08-20T00:36:17.2135911Z  selecting default max_connections ... 100
2025-08-20T00:36:17.2136176Z  selecting default shared_buffers ... 128MB
2025-08-20T00:36:17.2136432Z  selecting default time zone ... Etc/UTC
2025-08-20T00:36:17.2136684Z  creating configuration files ... ok
2025-08-20T00:36:17.2136923Z  running bootstrap script ... ok
2025-08-20T00:36:17.2137192Z  performing post-bootstrap initialization ... ok
2025-08-20T00:36:17.2137469Z  syncing data to disk ... ok
2025-08-20T00:36:17.2137670Z  
2025-08-20T00:36:17.2137808Z  
2025-08-20T00:36:17.2138006Z  Success. You can now start the database server using:
2025-08-20T00:36:17.2138266Z  
2025-08-20T00:36:17.2138467Z      pg_ctl -D /var/lib/postgresql/data -l logfile start
2025-08-20T00:36:17.2139083Z  
2025-08-20T00:36:17.2140027Z  waiting for server to start....2025-08-20 00:33:59.121 UTC [48] LOG:  starting PostgreSQL 15.14 (Debian 15.14-1.pgdg13+1) on x86_64-pc-linux-gnu, compiled by gcc (Debian 14.2.0-19) 14.2.0, 64-bit
2025-08-20T00:36:17.2140997Z  2025-08-20 00:33:59.122 UTC [48] LOG:  listening on Unix socket "/var/run/postgresql/.s.PGSQL.5432"
2025-08-20T00:36:17.2141492Z  2025-08-20 00:33:59.125 UTC [51] LOG:  database system was shut down at 2025-08-20 00:33:59 UTC
2025-08-20T00:36:17.2141931Z  2025-08-20 00:33:59.129 UTC [48] LOG:  database system is ready to accept connections
2025-08-20T00:36:17.2142435Z   done
2025-08-20T00:36:17.2142603Z  server started
2025-08-20T00:36:17.2142788Z  CREATE DATABASE
2025-08-20T00:36:17.2142955Z  
2025-08-20T00:36:17.2143094Z  
2025-08-20T00:36:17.2143386Z  /usr/local/bin/docker-entrypoint.sh: ignoring /docker-entrypoint-initdb.d/*
2025-08-20T00:36:17.2143749Z  
2025-08-20T00:36:17.2143969Z  2025-08-20 00:33:59.344 UTC [48] LOG:  received fast shutdown request
2025-08-20T00:36:17.2144620Z  waiting for server to shut down....2025-08-20 00:33:59.345 UTC [48] LOG:  aborting any active transactions
2025-08-20T00:36:17.2145223Z  2025-08-20 00:33:59.346 UTC [48] LOG:  background worker "logical replication launcher" (PID 54) exited with exit code 1
2025-08-20T00:36:17.2145679Z  2025-08-20 00:33:59.349 UTC [49] LOG:  shutting down
2025-08-20T00:36:17.2146014Z  2025-08-20 00:33:59.349 UTC [49] LOG:  checkpoint starting: shutdown immediate
2025-08-20T00:36:17.2146819Z  2025-08-20 00:33:59.373 UTC [49] LOG:  checkpoint complete: wrote 922 buffers (5.6%); 0 WAL file(s) added, 0 removed, 0 recycled; write=0.022 s, sync=0.002 s, total=0.025 s; sync files=301, longest=0.001 s, average=0.001 s; distance=4239 kB, estimate=4239 kB
2025-08-20T00:36:17.2147591Z  2025-08-20 00:33:59.381 UTC [48] LOG:  database system is shut down
2025-08-20T00:36:17.2147872Z   done
2025-08-20T00:36:17.2148029Z  server stopped
2025-08-20T00:36:17.2148206Z  
2025-08-20T00:36:17.2148415Z  PostgreSQL init process complete; ready for start up.
2025-08-20T00:36:17.2148686Z  
2025-08-20T00:36:17.2154740Z Stop and remove container: 0405e4a6216b4ebaa3d360f85c34cad5_postgres15_85c15c
2025-08-20T00:36:17.2159107Z ##[command]/usr/bin/docker rm --force a1884097737a23f2cee4f6d343542870f1c2d2e707b03a3b262a05be7e93cfb9
2025-08-20T00:36:17.3416043Z a1884097737a23f2cee4f6d343542870f1c2d2e707b03a3b262a05be7e93cfb9
2025-08-20T00:36:17.3439879Z Print service container logs: 6d1fee3000d6427d980c872dd89bd4bd_redis7alpine_11fdbf
2025-08-20T00:36:17.3441507Z ##[command]/usr/bin/docker logs --details 8a6233db1baeebc803c5eb20608c627a6aff34cde3071770ea122026433a3180
2025-08-20T00:36:17.3555945Z  1:C 20 Aug 2025 00:33:59.572 # WARNING Memory overcommit must be enabled! Without it, a background save or replication may fail under low memory condition. Being disabled, it can also cause failures without low memory condition, see https://github.com/jemalloc/jemalloc/issues/1328. To fix this issue add 'vm.overcommit_memory = 1' to /etc/sysctl.conf and then reboot or run the command 'sysctl vm.overcommit_memory=1' for this to take effect.
2025-08-20T00:36:17.3557463Z  1:C 20 Aug 2025 00:33:59.572 * oO0OoO0OoO0Oo Redis is starting oO0OoO0OoO0Oo
2025-08-20T00:36:17.3558151Z  1:C 20 Aug 2025 00:33:59.572 * Redis version=7.4.5, bits=64, commit=00000000, modified=0, pid=1, just started
2025-08-20T00:36:17.3558858Z  1:C 20 Aug 2025 00:33:59.572 # Warning: no config file specified, using the default config. In order to specify a config file use redis-server /path/to/redis.conf
2025-08-20T00:36:17.3559449Z  1:M 20 Aug 2025 00:33:59.573 * monotonic clock: POSIX clock_gettime
2025-08-20T00:36:17.3559792Z  1:M 20 Aug 2025 00:33:59.573 * Running mode=standalone, port=6379.
2025-08-20T00:36:17.3560095Z  1:M 20 Aug 2025 00:33:59.573 * Server initialized
2025-08-20T00:36:17.3560386Z  1:M 20 Aug 2025 00:33:59.573 * Ready to accept connections tcp
2025-08-20T00:36:17.3568500Z Stop and remove container: 6d1fee3000d6427d980c872dd89bd4bd_redis7alpine_11fdbf
2025-08-20T00:36:17.3569220Z ##[command]/usr/bin/docker rm --force 8a6233db1baeebc803c5eb20608c627a6aff34cde3071770ea122026433a3180
2025-08-20T00:36:17.4649997Z 8a6233db1baeebc803c5eb20608c627a6aff34cde3071770ea122026433a3180
2025-08-20T00:36:17.4671471Z Remove container network: github_network_fb252c7d6c9748be8433790842db1938
2025-08-20T00:36:17.4676127Z ##[command]/usr/bin/docker network rm github_network_fb252c7d6c9748be8433790842db1938
2025-08-20T00:36:17.5755701Z github_network_fb252c7d6c9748be8433790842db1938
2025-08-20T00:36:17.5818152Z Cleaning up orphan processes
