2025-08-20T18:56:29.1871145Z Current runner version: '2.328.0'
2025-08-20T18:56:29.1893073Z ##[group]Runner Image Provisioner
2025-08-20T18:56:29.1893858Z Hosted Compute Agent
2025-08-20T18:56:29.1894473Z Version: 20250818.377
2025-08-20T18:56:29.1895065Z Commit: 3c593e9f75fe0b87e893bca80d6e12ba089c61fc
2025-08-20T18:56:29.1895740Z Build Date: 2025-08-18T14:52:18Z
2025-08-20T18:56:29.1896371Z ##[endgroup]
2025-08-20T18:56:29.1896931Z ##[group]Operating System
2025-08-20T18:56:29.1897449Z Ubuntu
2025-08-20T18:56:29.1897972Z 24.04.2
2025-08-20T18:56:29.1898407Z LTS
2025-08-20T18:56:29.1898888Z ##[endgroup]
2025-08-20T18:56:29.1899367Z ##[group]Runner Image
2025-08-20T18:56:29.1899925Z Image: ubuntu-24.04
2025-08-20T18:56:29.1900390Z Version: 20250810.1.0
2025-08-20T18:56:29.1901402Z Included Software: https://github.com/actions/runner-images/blob/ubuntu24/20250810.1/images/ubuntu/Ubuntu2404-Readme.md
2025-08-20T18:56:29.1903134Z Image Release: https://github.com/actions/runner-images/releases/tag/ubuntu24%2F20250810.1
2025-08-20T18:56:29.1904186Z ##[endgroup]
2025-08-20T18:56:29.1906521Z ##[group]GITHUB_TOKEN Permissions
2025-08-20T18:56:29.1908444Z Actions: write
2025-08-20T18:56:29.1908981Z Attestations: write
2025-08-20T18:56:29.1909517Z Checks: write
2025-08-20T18:56:29.1909948Z Contents: write
2025-08-20T18:56:29.1910506Z Deployments: write
2025-08-20T18:56:29.1911038Z Discussions: write
2025-08-20T18:56:29.1911517Z Issues: write
2025-08-20T18:56:29.1912723Z Metadata: read
2025-08-20T18:56:29.1913240Z Models: read
2025-08-20T18:56:29.1913733Z Packages: write
2025-08-20T18:56:29.1914276Z Pages: write
2025-08-20T18:56:29.1914766Z PullRequests: write
2025-08-20T18:56:29.1915251Z RepositoryProjects: write
2025-08-20T18:56:29.1915863Z SecurityEvents: write
2025-08-20T18:56:29.1916519Z Statuses: write
2025-08-20T18:56:29.1916991Z ##[endgroup]
2025-08-20T18:56:29.1919046Z Secret source: Actions
2025-08-20T18:56:29.1919711Z Prepare workflow directory
2025-08-20T18:56:29.2345845Z Prepare all required actions
2025-08-20T18:56:29.2382531Z Getting action download info
2025-08-20T18:56:29.7399706Z Download action repository 'actions/checkout@v4' (SHA:08eba0b27e820071cde6df949e0beb9ba4906955)
2025-08-20T18:56:30.2604749Z Download action repository 'actions/setup-python@v5' (SHA:a26af69be951a213d495a4c3e4e4022e16d87065)
2025-08-20T18:56:30.8485359Z Download action repository 'actions/upload-artifact@v4' (SHA:ea165f8d65b6e75b540449e92b4886f43607fa02)
2025-08-20T18:56:31.0364109Z Complete job name: unit
2025-08-20T18:56:31.0868469Z ##[group]Checking docker version
2025-08-20T18:56:31.0881334Z ##[command]/usr/bin/docker version --format '{{.Server.APIVersion}}'
2025-08-20T18:56:31.1430425Z '1.48'
2025-08-20T18:56:31.1442092Z Docker daemon API version: '1.48'
2025-08-20T18:56:31.1442904Z ##[command]/usr/bin/docker version --format '{{.Client.APIVersion}}'
2025-08-20T18:56:31.1592762Z '1.48'
2025-08-20T18:56:31.1610458Z Docker client API version: '1.48'
2025-08-20T18:56:31.1615252Z ##[endgroup]
2025-08-20T18:56:31.1618374Z ##[group]Clean up resources from previous jobs
2025-08-20T18:56:31.1624519Z ##[command]/usr/bin/docker ps --all --quiet --no-trunc --filter "label=733c28"
2025-08-20T18:56:31.1779305Z ##[command]/usr/bin/docker network prune --force --filter "label=733c28"
2025-08-20T18:56:31.1903745Z ##[endgroup]
2025-08-20T18:56:31.1904280Z ##[group]Create local container network
2025-08-20T18:56:31.1914594Z ##[command]/usr/bin/docker network create --label 733c28 github_network_390c78e1e59e4af994bad7346a8cc67a
2025-08-20T18:56:31.2436385Z 4805dfd0f6c2d712eaaa45333d79990c1efa9acdec990bdd72810ec9bc2f9b1b
2025-08-20T18:56:31.2453434Z ##[endgroup]
2025-08-20T18:56:31.2477531Z ##[group]Starting postgres service container
2025-08-20T18:56:31.2497294Z ##[command]/usr/bin/docker pull postgres:15
2025-08-20T18:56:32.3784797Z 15: Pulling from library/postgres
2025-08-20T18:56:32.6384110Z 396b1da7636e: Pulling fs layer
2025-08-20T18:56:32.6385454Z fca2566eba32: Pulling fs layer
2025-08-20T18:56:32.6386670Z 631fe8c6d606: Pulling fs layer
2025-08-20T18:56:32.6387828Z 77c7671c4414: Pulling fs layer
2025-08-20T18:56:32.6390120Z 2d9e29180a27: Pulling fs layer
2025-08-20T18:56:32.6391326Z c6bcc2c9a041: Pulling fs layer
2025-08-20T18:56:32.6392560Z ac4b721eb66f: Pulling fs layer
2025-08-20T18:56:32.6393303Z 606bd164980e: Pulling fs layer
2025-08-20T18:56:32.6394072Z f5dfd246bc6e: Pulling fs layer
2025-08-20T18:56:32.6394849Z ba7036bb0a60: Pulling fs layer
2025-08-20T18:56:32.6395520Z 799f859abbbd: Pulling fs layer
2025-08-20T18:56:32.6396210Z d903e777080c: Pulling fs layer
2025-08-20T18:56:32.6396891Z 04adcb462801: Pulling fs layer
2025-08-20T18:56:32.6397606Z 5c10925b29ff: Pulling fs layer
2025-08-20T18:56:32.6398329Z c6bcc2c9a041: Waiting
2025-08-20T18:56:32.6398958Z ac4b721eb66f: Waiting
2025-08-20T18:56:32.6399575Z 606bd164980e: Waiting
2025-08-20T18:56:32.6400189Z f5dfd246bc6e: Waiting
2025-08-20T18:56:32.6400844Z 77c7671c4414: Waiting
2025-08-20T18:56:32.6401479Z 2d9e29180a27: Waiting
2025-08-20T18:56:32.6402317Z ba7036bb0a60: Waiting
2025-08-20T18:56:32.6402975Z 799f859abbbd: Waiting
2025-08-20T18:56:32.6403633Z d903e777080c: Waiting
2025-08-20T18:56:32.6404283Z 04adcb462801: Waiting
2025-08-20T18:56:32.8955024Z fca2566eba32: Verifying Checksum
2025-08-20T18:56:32.8956684Z fca2566eba32: Download complete
2025-08-20T18:56:32.9770484Z 631fe8c6d606: Verifying Checksum
2025-08-20T18:56:32.9772637Z 631fe8c6d606: Download complete
2025-08-20T18:56:33.1659511Z 77c7671c4414: Verifying Checksum
2025-08-20T18:56:33.1661252Z 77c7671c4414: Download complete
2025-08-20T18:56:33.3233285Z 396b1da7636e: Verifying Checksum
2025-08-20T18:56:33.3233747Z 396b1da7636e: Download complete
2025-08-20T18:56:33.3653293Z 2d9e29180a27: Verifying Checksum
2025-08-20T18:56:33.3653710Z 2d9e29180a27: Download complete
2025-08-20T18:56:33.4510079Z c6bcc2c9a041: Verifying Checksum
2025-08-20T18:56:33.4510773Z c6bcc2c9a041: Download complete
2025-08-20T18:56:33.5827543Z ac4b721eb66f: Verifying Checksum
2025-08-20T18:56:33.5828101Z ac4b721eb66f: Download complete
2025-08-20T18:56:33.6872602Z 606bd164980e: Verifying Checksum
2025-08-20T18:56:33.6873222Z 606bd164980e: Download complete
2025-08-20T18:56:33.8495870Z ba7036bb0a60: Verifying Checksum
2025-08-20T18:56:33.8496343Z ba7036bb0a60: Download complete
2025-08-20T18:56:33.9579752Z 799f859abbbd: Verifying Checksum
2025-08-20T18:56:33.9580213Z 799f859abbbd: Download complete
2025-08-20T18:56:34.1080538Z d903e777080c: Verifying Checksum
2025-08-20T18:56:34.1086289Z d903e777080c: Download complete
2025-08-20T18:56:34.2334578Z 04adcb462801: Verifying Checksum
2025-08-20T18:56:34.2334996Z 04adcb462801: Download complete
2025-08-20T18:56:34.2534181Z 396b1da7636e: Pull complete
2025-08-20T18:56:34.4763091Z 5c10925b29ff: Verifying Checksum
2025-08-20T18:56:34.4766394Z 5c10925b29ff: Download complete
2025-08-20T18:56:35.5765203Z fca2566eba32: Pull complete
2025-08-20T18:56:35.7846036Z 631fe8c6d606: Pull complete
2025-08-20T18:56:35.8337025Z 77c7671c4414: Pull complete
2025-08-20T18:56:36.1472200Z 2d9e29180a27: Pull complete
2025-08-20T18:56:36.2516956Z c6bcc2c9a041: Pull complete
2025-08-20T18:56:36.2617779Z f5dfd246bc6e: Verifying Checksum
2025-08-20T18:56:36.2618249Z f5dfd246bc6e: Download complete
2025-08-20T18:56:36.2655253Z ac4b721eb66f: Pull complete
2025-08-20T18:56:36.2791803Z 606bd164980e: Pull complete
2025-08-20T18:56:39.1880264Z f5dfd246bc6e: Pull complete
2025-08-20T18:56:39.2092316Z ba7036bb0a60: Pull complete
2025-08-20T18:56:39.2232532Z 799f859abbbd: Pull complete
2025-08-20T18:56:39.2390751Z d903e777080c: Pull complete
2025-08-20T18:56:39.2501540Z 04adcb462801: Pull complete
2025-08-20T18:56:39.2636905Z 5c10925b29ff: Pull complete
2025-08-20T18:56:39.2677888Z Digest: sha256:bc51cf4f1fe02cce7ed2370b20128a9b00b4eb804573a77d2a0d877aaa9c82b1
2025-08-20T18:56:39.2691243Z Status: Downloaded newer image for postgres:15
2025-08-20T18:56:39.2704900Z docker.io/library/postgres:15
2025-08-20T18:56:39.2764564Z ##[command]/usr/bin/docker create --name 5958b212f33b43d4aa5687d118ad803d_postgres15_767a8a --label 733c28 --network github_network_390c78e1e59e4af994bad7346a8cc67a --network-alias postgres -p 5432:5432 --health-cmd="pg_isready -U postgres -d awa" --health-interval=5s --health-timeout=5s --health-retries=10 -e "POSTGRES_USER=postgres" -e "POSTGRES_PASSWORD=pass" -e "POSTGRES_DB=awa" -e GITHUB_ACTIONS=true -e CI=true postgres:15
2025-08-20T18:56:39.3065033Z 20bc8d6c1e4ef353e3bc3d2ac7dc5f794deed805cfc9cdcfb9ff2c9764e5b4b5
2025-08-20T18:56:39.3087164Z ##[command]/usr/bin/docker start 20bc8d6c1e4ef353e3bc3d2ac7dc5f794deed805cfc9cdcfb9ff2c9764e5b4b5
2025-08-20T18:56:39.6372371Z 20bc8d6c1e4ef353e3bc3d2ac7dc5f794deed805cfc9cdcfb9ff2c9764e5b4b5
2025-08-20T18:56:39.6400866Z ##[command]/usr/bin/docker ps --all --filter id=20bc8d6c1e4ef353e3bc3d2ac7dc5f794deed805cfc9cdcfb9ff2c9764e5b4b5 --filter status=running --no-trunc --format "{{.ID}} {{.Status}}"
2025-08-20T18:56:39.6535964Z 20bc8d6c1e4ef353e3bc3d2ac7dc5f794deed805cfc9cdcfb9ff2c9764e5b4b5 Up Less than a second (health: starting)
2025-08-20T18:56:39.6562295Z ##[command]/usr/bin/docker port 20bc8d6c1e4ef353e3bc3d2ac7dc5f794deed805cfc9cdcfb9ff2c9764e5b4b5
2025-08-20T18:56:39.6696843Z 5432/tcp -> 0.0.0.0:5432
2025-08-20T18:56:39.6698736Z 5432/tcp -> [::]:5432
2025-08-20T18:56:39.6743572Z ##[endgroup]
2025-08-20T18:56:39.6744777Z ##[group]Starting redis service container
2025-08-20T18:56:39.6746088Z ##[command]/usr/bin/docker pull redis:7-alpine
2025-08-20T18:56:40.6698630Z 7-alpine: Pulling from library/redis
2025-08-20T18:56:40.9323120Z 0368fd46e3c6: Pulling fs layer
2025-08-20T18:56:40.9323635Z 4c55286bbede: Pulling fs layer
2025-08-20T18:56:40.9324197Z 5e28347af205: Pulling fs layer
2025-08-20T18:56:40.9324686Z 311eca34042e: Pulling fs layer
2025-08-20T18:56:40.9325181Z e6fe6f07e192: Pulling fs layer
2025-08-20T18:56:40.9325608Z a2cadbfeca72: Pulling fs layer
2025-08-20T18:56:40.9326145Z 4f4fb700ef54: Pulling fs layer
2025-08-20T18:56:40.9326575Z a976ed7e7808: Pulling fs layer
2025-08-20T18:56:40.9327086Z e6fe6f07e192: Waiting
2025-08-20T18:56:40.9327584Z 4f4fb700ef54: Waiting
2025-08-20T18:56:40.9327952Z a976ed7e7808: Waiting
2025-08-20T18:56:40.9328506Z 311eca34042e: Waiting
2025-08-20T18:56:40.9328944Z a2cadbfeca72: Waiting
2025-08-20T18:56:41.2226040Z 4c55286bbede: Download complete
2025-08-20T18:56:41.3093630Z 5e28347af205: Verifying Checksum
2025-08-20T18:56:41.3094365Z 5e28347af205: Download complete
2025-08-20T18:56:41.3565034Z 0368fd46e3c6: Verifying Checksum
2025-08-20T18:56:41.3566990Z 0368fd46e3c6: Download complete
2025-08-20T18:56:41.4540472Z 0368fd46e3c6: Pull complete
2025-08-20T18:56:41.4757594Z 4c55286bbede: Pull complete
2025-08-20T18:56:41.5304803Z 311eca34042e: Verifying Checksum
2025-08-20T18:56:41.5305884Z 311eca34042e: Download complete
2025-08-20T18:56:41.6081467Z 5e28347af205: Pull complete
2025-08-20T18:56:41.6519198Z 311eca34042e: Pull complete
2025-08-20T18:56:41.6831580Z e6fe6f07e192: Verifying Checksum
2025-08-20T18:56:41.6833806Z e6fe6f07e192: Download complete
2025-08-20T18:56:41.7315244Z a2cadbfeca72: Verifying Checksum
2025-08-20T18:56:41.7316310Z a2cadbfeca72: Download complete
2025-08-20T18:56:41.8081586Z 4f4fb700ef54: Verifying Checksum
2025-08-20T18:56:41.8082416Z 4f4fb700ef54: Download complete
2025-08-20T18:56:41.8634037Z e6fe6f07e192: Pull complete
2025-08-20T18:56:41.8727216Z a2cadbfeca72: Pull complete
2025-08-20T18:56:41.8833216Z 4f4fb700ef54: Pull complete
2025-08-20T18:56:41.9630047Z a976ed7e7808: Verifying Checksum
2025-08-20T18:56:41.9630701Z a976ed7e7808: Download complete
2025-08-20T18:56:41.9740430Z a976ed7e7808: Pull complete
2025-08-20T18:56:41.9785615Z Digest: sha256:bb186d083732f669da90be8b0f975a37812b15e913465bb14d845db72a4e3e08
2025-08-20T18:56:41.9797503Z Status: Downloaded newer image for redis:7-alpine
2025-08-20T18:56:41.9806424Z docker.io/library/redis:7-alpine
2025-08-20T18:56:41.9822142Z ##[command]/usr/bin/docker create --name 9f27b81b4f6a488380dd75ce5c08cdc4_redis7alpine_c45eb8 --label 733c28 --network github_network_390c78e1e59e4af994bad7346a8cc67a --network-alias redis -p 6379:6379  -e GITHUB_ACTIONS=true -e CI=true redis:7-alpine
2025-08-20T18:56:42.0064694Z 18a81ea2585916fa3c4158d037ea0060352fb1e8a6265e72495d828b30e1f26d
2025-08-20T18:56:42.0078340Z ##[command]/usr/bin/docker start 18a81ea2585916fa3c4158d037ea0060352fb1e8a6265e72495d828b30e1f26d
2025-08-20T18:56:42.1431778Z 18a81ea2585916fa3c4158d037ea0060352fb1e8a6265e72495d828b30e1f26d
2025-08-20T18:56:42.1451484Z ##[command]/usr/bin/docker ps --all --filter id=18a81ea2585916fa3c4158d037ea0060352fb1e8a6265e72495d828b30e1f26d --filter status=running --no-trunc --format "{{.ID}} {{.Status}}"
2025-08-20T18:56:42.1571518Z 18a81ea2585916fa3c4158d037ea0060352fb1e8a6265e72495d828b30e1f26d Up Less than a second
2025-08-20T18:56:42.1585210Z ##[command]/usr/bin/docker port 18a81ea2585916fa3c4158d037ea0060352fb1e8a6265e72495d828b30e1f26d
2025-08-20T18:56:42.1696656Z 6379/tcp -> 0.0.0.0:6379
2025-08-20T18:56:42.1697626Z 6379/tcp -> [::]:6379
2025-08-20T18:56:42.1709876Z ##[endgroup]
2025-08-20T18:56:42.1720886Z ##[group]Waiting for all services to be ready
2025-08-20T18:56:42.1734518Z ##[command]/usr/bin/docker inspect --format="{{if .Config.Healthcheck}}{{print .State.Health.Status}}{{end}}" 20bc8d6c1e4ef353e3bc3d2ac7dc5f794deed805cfc9cdcfb9ff2c9764e5b4b5
2025-08-20T18:56:42.1842610Z starting
2025-08-20T18:56:42.1862326Z postgres service is starting, waiting 2 seconds before checking again.
2025-08-20T18:56:44.1860432Z ##[command]/usr/bin/docker inspect --format="{{if .Config.Healthcheck}}{{print .State.Health.Status}}{{end}}" 20bc8d6c1e4ef353e3bc3d2ac7dc5f794deed805cfc9cdcfb9ff2c9764e5b4b5
2025-08-20T18:56:44.2036994Z starting
2025-08-20T18:56:44.2050087Z postgres service is starting, waiting 3 seconds before checking again.
2025-08-20T18:56:48.2011030Z ##[command]/usr/bin/docker inspect --format="{{if .Config.Healthcheck}}{{print .State.Health.Status}}{{end}}" 20bc8d6c1e4ef353e3bc3d2ac7dc5f794deed805cfc9cdcfb9ff2c9764e5b4b5
2025-08-20T18:56:48.2124710Z healthy
2025-08-20T18:56:48.2141239Z postgres service is healthy.
2025-08-20T18:56:48.2142249Z ##[command]/usr/bin/docker inspect --format="{{if .Config.Healthcheck}}{{print .State.Health.Status}}{{end}}" 18a81ea2585916fa3c4158d037ea0060352fb1e8a6265e72495d828b30e1f26d
2025-08-20T18:56:48.2263392Z redis service is healthy.
2025-08-20T18:56:48.2264065Z ##[endgroup]
2025-08-20T18:56:48.2516093Z ##[group]Run actions/checkout@v4
2025-08-20T18:56:48.2516596Z with:
2025-08-20T18:56:48.2516789Z   repository: AlexBomber12/AWA-App
2025-08-20T18:56:48.2517165Z   token: ***
2025-08-20T18:56:48.2517344Z   ssh-strict: true
2025-08-20T18:56:48.2517518Z   ssh-user: git
2025-08-20T18:56:48.2517694Z   persist-credentials: true
2025-08-20T18:56:48.2517895Z   clean: true
2025-08-20T18:56:48.2518070Z   sparse-checkout-cone-mode: true
2025-08-20T18:56:48.2518293Z   fetch-depth: 1
2025-08-20T18:56:48.2518454Z   fetch-tags: false
2025-08-20T18:56:48.2518629Z   show-progress: true
2025-08-20T18:56:48.2518798Z   lfs: false
2025-08-20T18:56:48.2518951Z   submodules: false
2025-08-20T18:56:48.2519124Z   set-safe-directory: true
2025-08-20T18:56:48.2519479Z env:
2025-08-20T18:56:48.2519687Z   REDIS_URL: redis://localhost:6379/0
2025-08-20T18:56:48.2519955Z   RATE_LIMIT_DEFAULT: 100/minute
2025-08-20T18:56:48.2520166Z   TRUST_X_FORWARDED: 1
2025-08-20T18:56:48.2520340Z ##[endgroup]
2025-08-20T18:56:48.3569953Z Syncing repository: AlexBomber12/AWA-App
2025-08-20T18:56:48.3571237Z ##[group]Getting Git version info
2025-08-20T18:56:48.3571657Z Working directory is '/home/runner/work/AWA-App/AWA-App'
2025-08-20T18:56:48.3572418Z [command]/usr/bin/git version
2025-08-20T18:56:48.3618661Z git version 2.50.1
2025-08-20T18:56:48.3644259Z ##[endgroup]
2025-08-20T18:56:48.3657889Z Temporarily overriding HOME='/home/runner/work/_temp/aa79f566-0ea8-486e-ab0f-e8d37d84f5a4' before making global git config changes
2025-08-20T18:56:48.3658865Z Adding repository directory to the temporary git global config as a safe directory
2025-08-20T18:56:48.3663008Z [command]/usr/bin/git config --global --add safe.directory /home/runner/work/AWA-App/AWA-App
2025-08-20T18:56:48.3696144Z Deleting the contents of '/home/runner/work/AWA-App/AWA-App'
2025-08-20T18:56:48.3699790Z ##[group]Initializing the repository
2025-08-20T18:56:48.3704242Z [command]/usr/bin/git init /home/runner/work/AWA-App/AWA-App
2025-08-20T18:56:48.3766718Z hint: Using 'master' as the name for the initial branch. This default branch name
2025-08-20T18:56:48.3767608Z hint: is subject to change. To configure the initial branch name to use in all
2025-08-20T18:56:48.3768432Z hint: of your new repositories, which will suppress this warning, call:
2025-08-20T18:56:48.3769026Z hint:
2025-08-20T18:56:48.3769363Z hint: 	git config --global init.defaultBranch <name>
2025-08-20T18:56:48.3769644Z hint:
2025-08-20T18:56:48.3770155Z hint: Names commonly chosen instead of 'master' are 'main', 'trunk' and
2025-08-20T18:56:48.3770968Z hint: 'development'. The just-created branch can be renamed via this command:
2025-08-20T18:56:48.3771605Z hint:
2025-08-20T18:56:48.3772155Z hint: 	git branch -m <name>
2025-08-20T18:56:48.3772534Z hint:
2025-08-20T18:56:48.3773055Z hint: Disable this message with "git config set advice.defaultBranchName false"
2025-08-20T18:56:48.3774022Z Initialized empty Git repository in /home/runner/work/AWA-App/AWA-App/.git/
2025-08-20T18:56:48.3782042Z [command]/usr/bin/git remote add origin https://github.com/AlexBomber12/AWA-App
2025-08-20T18:56:48.3817228Z ##[endgroup]
2025-08-20T18:56:48.3817808Z ##[group]Disabling automatic garbage collection
2025-08-20T18:56:48.3822264Z [command]/usr/bin/git config --local gc.auto 0
2025-08-20T18:56:48.3851487Z ##[endgroup]
2025-08-20T18:56:48.3852075Z ##[group]Setting up auth
2025-08-20T18:56:48.3858517Z [command]/usr/bin/git config --local --name-only --get-regexp core\.sshCommand
2025-08-20T18:56:48.3887495Z [command]/usr/bin/git submodule foreach --recursive sh -c "git config --local --name-only --get-regexp 'core\.sshCommand' && git config --local --unset-all 'core.sshCommand' || :"
2025-08-20T18:56:48.4155303Z [command]/usr/bin/git config --local --name-only --get-regexp http\.https\:\/\/github\.com\/\.extraheader
2025-08-20T18:56:48.4183703Z [command]/usr/bin/git submodule foreach --recursive sh -c "git config --local --name-only --get-regexp 'http\.https\:\/\/github\.com\/\.extraheader' && git config --local --unset-all 'http.https://github.com/.extraheader' || :"
2025-08-20T18:56:48.4397098Z [command]/usr/bin/git config --local http.https://github.com/.extraheader AUTHORIZATION: basic ***
2025-08-20T18:56:48.4436387Z ##[endgroup]
2025-08-20T18:56:48.4436868Z ##[group]Fetching the repository
2025-08-20T18:56:48.4444745Z [command]/usr/bin/git -c protocol.version=2 fetch --no-tags --prune --no-recurse-submodules --depth=1 origin +04e6680f39e7b6f9bebab182e5a1fdfab16d3b57:refs/remotes/pull/307/merge
2025-08-20T18:56:48.9742886Z From https://github.com/AlexBomber12/AWA-App
2025-08-20T18:56:48.9743548Z  * [new ref]         04e6680f39e7b6f9bebab182e5a1fdfab16d3b57 -> pull/307/merge
2025-08-20T18:56:48.9768249Z ##[endgroup]
2025-08-20T18:56:48.9768629Z ##[group]Determining the checkout info
2025-08-20T18:56:48.9770676Z ##[endgroup]
2025-08-20T18:56:48.9775928Z [command]/usr/bin/git sparse-checkout disable
2025-08-20T18:56:48.9818068Z [command]/usr/bin/git config --local --unset-all extensions.worktreeConfig
2025-08-20T18:56:48.9845570Z ##[group]Checking out the ref
2025-08-20T18:56:48.9849336Z [command]/usr/bin/git checkout --progress --force refs/remotes/pull/307/merge
2025-08-20T18:56:49.0135023Z Note: switching to 'refs/remotes/pull/307/merge'.
2025-08-20T18:56:49.0136104Z 
2025-08-20T18:56:49.0136546Z You are in 'detached HEAD' state. You can look around, make experimental
2025-08-20T18:56:49.0137374Z changes and commit them, and you can discard any commits you make in this
2025-08-20T18:56:49.0138181Z state without impacting any branches by switching back to a branch.
2025-08-20T18:56:49.0138666Z 
2025-08-20T18:56:49.0138971Z If you want to create a new branch to retain commits you create, you may
2025-08-20T18:56:49.0139689Z do so (now or later) by using -c with the switch command. Example:
2025-08-20T18:56:49.0140097Z 
2025-08-20T18:56:49.0140270Z   git switch -c <new-branch-name>
2025-08-20T18:56:49.0140836Z 
2025-08-20T18:56:49.0140994Z Or undo this operation with:
2025-08-20T18:56:49.0141245Z 
2025-08-20T18:56:49.0141399Z   git switch -
2025-08-20T18:56:49.0141598Z 
2025-08-20T18:56:49.0142222Z Turn off this advice by setting config variable advice.detachedHead to false
2025-08-20T18:56:49.0142746Z 
2025-08-20T18:56:49.0143276Z HEAD is now at 04e6680 Merge efcc07227e16b2022e33ad3cc2589d2141926882 into 6f87cca512b8f92dcc71c09ce5a3520133489185
2025-08-20T18:56:49.0144903Z ##[endgroup]
2025-08-20T18:56:49.0181502Z [command]/usr/bin/git log -1 --format=%H
2025-08-20T18:56:49.0203948Z 04e6680f39e7b6f9bebab182e5a1fdfab16d3b57
2025-08-20T18:56:49.0361399Z ##[group]Run cat .env.ci >> "$GITHUB_ENV"
2025-08-20T18:56:49.0361729Z [36;1mcat .env.ci >> "$GITHUB_ENV"[0m
2025-08-20T18:56:49.0362743Z [36;1mecho "DATABASE_URL=***localhost:5432/awa" >> "$GITHUB_ENV"[0m
2025-08-20T18:56:49.0363096Z [36;1mecho "PG_HOST=localhost" >> "$GITHUB_ENV"[0m
2025-08-20T18:56:49.0363408Z [36;1mecho "PG_PORT=5432" >> "$GITHUB_ENV"[0m
2025-08-20T18:56:49.0363682Z [36;1mecho "PG_USER=postgres" >> "$GITHUB_ENV"[0m
2025-08-20T18:56:49.0363959Z [36;1mecho "PG_PASSWORD=pass" >> "$GITHUB_ENV"[0m
2025-08-20T18:56:49.0364226Z [36;1mecho "PG_DATABASE=awa" >> "$GITHUB_ENV"[0m
2025-08-20T18:56:49.0408231Z shell: /usr/bin/bash -e {0}
2025-08-20T18:56:49.0408461Z env:
2025-08-20T18:56:49.0408658Z   REDIS_URL: redis://localhost:6379/0
2025-08-20T18:56:49.0408936Z   RATE_LIMIT_DEFAULT: 100/minute
2025-08-20T18:56:49.0409152Z   TRUST_X_FORWARDED: 1
2025-08-20T18:56:49.0409337Z ##[endgroup]
2025-08-20T18:56:49.0571547Z ##[group]Run actions/setup-python@v5
2025-08-20T18:56:49.0572025Z with:
2025-08-20T18:56:49.0572292Z   python-version: 3.12
2025-08-20T18:56:49.0572486Z   cache: pip
2025-08-20T18:56:49.0572685Z   cache-dependency-path: requirements-dev.txt
2025-08-20T18:56:49.0572946Z   check-latest: false
2025-08-20T18:56:49.0573244Z   token: ***
2025-08-20T18:56:49.0573428Z   update-environment: true
2025-08-20T18:56:49.0573649Z   allow-prereleases: false
2025-08-20T18:56:49.0573848Z   freethreaded: false
2025-08-20T18:56:49.0574024Z env:
2025-08-20T18:56:49.0574202Z   REDIS_URL: redis://localhost:6379/0
2025-08-20T18:56:49.0574451Z   RATE_LIMIT_DEFAULT: 100/minute
2025-08-20T18:56:49.0574660Z   TRUST_X_FORWARDED: 1
2025-08-20T18:56:49.0574850Z   PG_USER: postgres
2025-08-20T18:56:49.0575030Z   PG_PASSWORD: pass
2025-08-20T18:56:49.0575205Z   PG_DATABASE: awa
2025-08-20T18:56:49.0575372Z   PG_HOST: localhost
2025-08-20T18:56:49.0575547Z   PG_PORT: 5432
2025-08-20T18:56:49.0575943Z   PG_SYNC_DSN: ***localhost:5432/awa
2025-08-20T18:56:49.0576323Z   PG_ASYNC_DSN: ***localhost:5432/awa
2025-08-20T18:56:49.0576687Z   DATABASE_URL: ***localhost:5432/awa
2025-08-20T18:56:49.0576906Z   DATA_DIR: /tmp/awa-data
2025-08-20T18:56:49.0577094Z   ENABLE_LIVE: 0
2025-08-20T18:56:49.0577254Z   TESTING: 1
2025-08-20T18:56:49.0577412Z ##[endgroup]
2025-08-20T18:56:49.2202682Z ##[group]Installed versions
2025-08-20T18:56:49.2290765Z Successfully set up CPython (3.12.11)
2025-08-20T18:56:49.2291431Z ##[endgroup]
2025-08-20T18:56:49.2703628Z [command]/opt/hostedtoolcache/Python/3.12.11/x64/bin/pip cache dir
2025-08-20T18:56:51.0535809Z /home/runner/.cache/pip
2025-08-20T18:56:51.3654447Z Cache hit for: setup-python-Linux-x64-24.04-Ubuntu-python-3.12.11-pip-cad4f3141a3acebc51100003b786cdd8b1469fbd1e92da4bdcf4b225e9f8de52
2025-08-20T18:56:52.6866497Z Received 0 of 362325517 (0.0%), 0.0 MBs/sec
2025-08-20T18:56:53.6871616Z Received 100663296 of 362325517 (27.8%), 48.0 MBs/sec
2025-08-20T18:56:54.6887731Z Received 218103808 of 362325517 (60.2%), 69.3 MBs/sec
2025-08-20T18:56:55.6894081Z Received 268435456 of 362325517 (74.1%), 64.0 MBs/sec
2025-08-20T18:56:56.6907930Z Received 358131213 of 362325517 (98.8%), 68.3 MBs/sec
2025-08-20T18:56:56.8708007Z Received 362325517 of 362325517 (100.0%), 66.7 MBs/sec
2025-08-20T18:56:56.8710047Z Cache Size: ~346 MB (362325517 B)
2025-08-20T18:56:56.8749711Z [command]/usr/bin/tar -xf /home/runner/work/_temp/cfe95b0e-577e-4139-b561-3c881d3ed028/cache.tzst -P -C /home/runner/work/AWA-App/AWA-App --use-compress-program unzstd
2025-08-20T18:56:57.4442272Z Cache restored successfully
2025-08-20T18:56:57.5116890Z Cache restored from key: setup-python-Linux-x64-24.04-Ubuntu-python-3.12.11-pip-c1482b34cefb1d5627945f9a0dd249aa846f19d51444dfcb41e18d369341003d
2025-08-20T18:56:57.5276748Z ##[group]Run pip install --break-system-packages -r requirements-dev.txt
2025-08-20T18:56:57.5277246Z [36;1mpip install --break-system-packages -r requirements-dev.txt[0m
2025-08-20T18:56:57.5277670Z [36;1mpip install --break-system-packages keepa==1.3.15 minio==7.1.15[0m
2025-08-20T18:56:57.5320443Z shell: /usr/bin/bash -e {0}
2025-08-20T18:56:57.5320666Z env:
2025-08-20T18:56:57.5320877Z   REDIS_URL: redis://localhost:6379/0
2025-08-20T18:56:57.5321141Z   RATE_LIMIT_DEFAULT: 100/minute
2025-08-20T18:56:57.5321355Z   TRUST_X_FORWARDED: 1
2025-08-20T18:56:57.5321550Z   PG_USER: postgres
2025-08-20T18:56:57.5321747Z   PG_PASSWORD: pass
2025-08-20T18:56:57.5322129Z   PG_DATABASE: awa
2025-08-20T18:56:57.5322312Z   PG_HOST: localhost
2025-08-20T18:56:57.5322491Z   PG_PORT: 5432
2025-08-20T18:56:57.5322935Z   PG_SYNC_DSN: ***localhost:5432/awa
2025-08-20T18:56:57.5323366Z   PG_ASYNC_DSN: ***localhost:5432/awa
2025-08-20T18:56:57.5323750Z   DATABASE_URL: ***localhost:5432/awa
2025-08-20T18:56:57.5324011Z   DATA_DIR: /tmp/awa-data
2025-08-20T18:56:57.5324209Z   ENABLE_LIVE: 0
2025-08-20T18:56:57.5324380Z   TESTING: 1
2025-08-20T18:56:57.5324609Z   pythonLocation: /opt/hostedtoolcache/Python/3.12.11/x64
2025-08-20T18:56:57.5325002Z   PKG_CONFIG_PATH: /opt/hostedtoolcache/Python/3.12.11/x64/lib/pkgconfig
2025-08-20T18:56:57.5325381Z   Python_ROOT_DIR: /opt/hostedtoolcache/Python/3.12.11/x64
2025-08-20T18:56:57.5325722Z   Python2_ROOT_DIR: /opt/hostedtoolcache/Python/3.12.11/x64
2025-08-20T18:56:57.5326060Z   Python3_ROOT_DIR: /opt/hostedtoolcache/Python/3.12.11/x64
2025-08-20T18:56:57.5326407Z   LD_LIBRARY_PATH: /opt/hostedtoolcache/Python/3.12.11/x64/lib
2025-08-20T18:56:57.5326694Z ##[endgroup]
2025-08-20T18:56:59.0968272Z Collecting Jinja2==3.1.6 (from -r requirements-dev.txt (line 2))
2025-08-20T18:56:59.0981710Z   Using cached jinja2-3.1.6-py3-none-any.whl.metadata (2.9 kB)
2025-08-20T18:56:59.1275269Z Collecting alembic==1.13.1 (from -r requirements-dev.txt (line 3))
2025-08-20T18:56:59.1286959Z   Using cached alembic-1.13.1-py3-none-any.whl.metadata (7.4 kB)
2025-08-20T18:56:59.1447328Z Collecting apscheduler==3.10.4 (from -r requirements-dev.txt (line 4))
2025-08-20T18:56:59.1459071Z   Using cached APScheduler-3.10.4-py3-none-any.whl.metadata (5.7 kB)
2025-08-20T18:56:59.1641146Z Collecting asgi-correlation-id==4.3.1 (from -r requirements-dev.txt (line 5))
2025-08-20T18:56:59.1653060Z   Using cached asgi_correlation_id-4.3.1-py3-none-any.whl.metadata (28 kB)
2025-08-20T18:56:59.2041786Z Collecting asyncpg==0.30.0 (from -r requirements-dev.txt (line 6))
2025-08-20T18:56:59.2053045Z   Using cached asyncpg-0.30.0-cp312-cp312-manylinux_2_17_x86_64.manylinux2014_x86_64.whl.metadata (5.0 kB)
2025-08-20T18:56:59.2482540Z Collecting black==25.1.0 (from -r requirements-dev.txt (line 7))
2025-08-20T18:56:59.2495499Z   Using cached black-25.1.0-cp312-cp312-manylinux_2_17_x86_64.manylinux2014_x86_64.manylinux_2_28_x86_64.whl.metadata (81 kB)
2025-08-20T18:56:59.5718773Z Collecting boto3 (from -r requirements-dev.txt (line 8))
2025-08-20T18:56:59.5731521Z   Using cached boto3-1.40.13-py3-none-any.whl.metadata (6.7 kB)
2025-08-20T18:56:59.6011262Z Collecting redis==6.* (from -r requirements-dev.txt (line 9))
2025-08-20T18:56:59.6022856Z   Using cached redis-6.4.0-py3-none-any.whl.metadata (10 kB)
2025-08-20T18:56:59.6332124Z Collecting minio==7.* (from -r requirements-dev.txt (line 10))
2025-08-20T18:56:59.6343390Z   Using cached minio-7.2.16-py3-none-any.whl.metadata (6.5 kB)
2025-08-20T18:56:59.6482128Z Collecting vulture==2.10 (from -r requirements-dev.txt (line 11))
2025-08-20T18:56:59.6493646Z   Using cached vulture-2.10-py2.py3-none-any.whl.metadata (23 kB)
2025-08-20T18:56:59.6794983Z Collecting celery==5.5.3 (from -r requirements-dev.txt (line 12))
2025-08-20T18:56:59.6806459Z   Using cached celery-5.5.3-py3-none-any.whl.metadata (22 kB)
2025-08-20T18:56:59.7362499Z Collecting fastapi==0.116.1 (from -r requirements-dev.txt (line 13))
2025-08-20T18:56:59.7374897Z   Using cached fastapi-0.116.1-py3-none-any.whl.metadata (28 kB)
2025-08-20T18:56:59.7511099Z Collecting fastapi-limiter==0.1.6 (from -r requirements-dev.txt (line 15))
2025-08-20T18:56:59.7522507Z   Using cached fastapi_limiter-0.1.6-py3-none-any.whl.metadata (5.3 kB)
2025-08-20T18:56:59.7704586Z Collecting httpx<0.29,>=0.27 (from -r requirements-dev.txt (line 16))
2025-08-20T18:56:59.7716111Z   Using cached httpx-0.28.1-py3-none-any.whl.metadata (7.1 kB)
2025-08-20T18:56:59.7835113Z Collecting imapclient==3.0.1 (from -r requirements-dev.txt (line 17))
2025-08-20T18:56:59.7846569Z   Using cached IMAPClient-3.0.1-py2.py3-none-any.whl.metadata (1.7 kB)
2025-08-20T18:56:59.7932581Z Collecting itsdangerous (from -r requirements-dev.txt (line 18))
2025-08-20T18:56:59.7944256Z   Using cached itsdangerous-2.2.0-py3-none-any.whl.metadata (1.9 kB)
2025-08-20T18:56:59.9045869Z Collecting mypy==1.* (from -r requirements-dev.txt (line 19))
2025-08-20T18:56:59.9059516Z   Using cached mypy-1.17.1-cp312-cp312-manylinux2014_x86_64.manylinux_2_17_x86_64.manylinux_2_28_x86_64.whl.metadata (2.2 kB)
2025-08-20T18:56:59.9149065Z Collecting mypy-extensions==1.1.0 (from -r requirements-dev.txt (line 20))
2025-08-20T18:56:59.9163247Z   Using cached mypy_extensions-1.1.0-py3-none-any.whl.metadata (1.1 kB)
2025-08-20T18:57:00.0929290Z Collecting numpy<2 (from -r requirements-dev.txt (line 21))
2025-08-20T18:57:00.0955077Z   Using cached numpy-1.26.4-cp312-cp312-manylinux_2_17_x86_64.manylinux2014_x86_64.whl.metadata (61 kB)
2025-08-20T18:57:00.1183787Z Collecting openpyxl==3.1.5 (from -r requirements-dev.txt (line 22))
2025-08-20T18:57:00.1194977Z   Using cached openpyxl-3.1.5-py2.py3-none-any.whl.metadata (2.5 kB)
2025-08-20T18:57:00.2217915Z Collecting pandas==2.2.* (from -r requirements-dev.txt (line 23))
2025-08-20T18:57:00.2229909Z   Using cached pandas-2.2.3-cp312-cp312-manylinux_2_17_x86_64.manylinux2014_x86_64.whl.metadata (89 kB)
2025-08-20T18:57:00.3132053Z Collecting psycopg2-binary==2.9.10 (from -r requirements-dev.txt (line 24))
2025-08-20T18:57:00.3143776Z   Using cached psycopg2_binary-2.9.10-cp312-cp312-manylinux_2_17_x86_64.manylinux2014_x86_64.whl.metadata (4.9 kB)
2025-08-20T18:57:00.3280287Z Collecting psycopg==3.2.9 (from psycopg[binary]==3.2.9->-r requirements-dev.txt (line 25))
2025-08-20T18:57:00.3291510Z   Using cached psycopg-3.2.9-py3-none-any.whl.metadata (4.5 kB)
2025-08-20T18:57:00.4377666Z Collecting pydantic==2.11.7 (from -r requirements-dev.txt (line 26))
2025-08-20T18:57:00.4389158Z   Using cached pydantic-2.11.7-py3-none-any.whl.metadata (67 kB)
2025-08-20T18:57:00.5593194Z Collecting setuptools (from -r requirements-dev.txt (line 27))
2025-08-20T18:57:00.5604905Z   Using cached setuptools-80.9.0-py3-none-any.whl.metadata (6.6 kB)
2025-08-20T18:57:00.5842616Z Collecting pytest-asyncio==0.23.6 (from -r requirements-dev.txt (line 28))
2025-08-20T18:57:00.5853702Z   Using cached pytest_asyncio-0.23.6-py3-none-any.whl.metadata (3.9 kB)
2025-08-20T18:57:00.5993528Z Collecting pytest-cov==6.2.1 (from -r requirements-dev.txt (line 29))
2025-08-20T18:57:00.6004766Z   Using cached pytest_cov-6.2.1-py3-none-any.whl.metadata (30 kB)
2025-08-20T18:57:00.6160277Z Collecting pytest-postgresql==7.0.2 (from -r requirements-dev.txt (line 30))
2025-08-20T18:57:00.6171381Z   Using cached pytest_postgresql-7.0.2-py3-none-any.whl.metadata (18 kB)
2025-08-20T18:57:00.6345726Z Collecting python-dotenv (from -r requirements-dev.txt (line 31))
2025-08-20T18:57:00.6356836Z   Using cached python_dotenv-1.1.1-py3-none-any.whl.metadata (24 kB)
2025-08-20T18:57:00.6467514Z Collecting python-multipart (from -r requirements-dev.txt (line 32))
2025-08-20T18:57:00.6478952Z   Using cached python_multipart-0.0.20-py3-none-any.whl.metadata (1.8 kB)
2025-08-20T18:57:00.7467799Z Collecting python-telegram-bot==22.3 (from -r requirements-dev.txt (line 33))
2025-08-20T18:57:00.7479131Z   Using cached python_telegram_bot-22.3-py3-none-any.whl.metadata (17 kB)
2025-08-20T18:57:00.7742827Z Collecting requests==2.32.4 (from -r requirements-dev.txt (line 34))
2025-08-20T18:57:00.7754376Z   Using cached requests-2.32.4-py3-none-any.whl.metadata (4.9 kB)
2025-08-20T18:57:00.7902471Z Collecting respx==0.22.0 (from -r requirements-dev.txt (line 35))
2025-08-20T18:57:00.7913522Z   Using cached respx-0.22.0-py2.py3-none-any.whl.metadata (4.1 kB)
2025-08-20T18:57:01.1420507Z Collecting ruff==0.9.9 (from -r requirements-dev.txt (line 36))
2025-08-20T18:57:01.1434431Z   Using cached ruff-0.9.9-py3-none-manylinux_2_17_x86_64.manylinux2014_x86_64.whl.metadata (25 kB)
2025-08-20T18:57:01.3914082Z Collecting sqlalchemy==2.0.43 (from -r requirements-dev.txt (line 37))
2025-08-20T18:57:01.3927635Z   Using cached sqlalchemy-2.0.43-cp312-cp312-manylinux_2_17_x86_64.manylinux2014_x86_64.whl.metadata (9.6 kB)
2025-08-20T18:57:01.4142260Z Collecting structlog==24.1.0 (from -r requirements-dev.txt (line 38))
2025-08-20T18:57:01.4153545Z   Using cached structlog-24.1.0-py3-none-any.whl.metadata (6.9 kB)
2025-08-20T18:57:01.4314873Z Collecting testcontainers==4.10.0 (from testcontainers[postgres]==4.10.0->-r requirements-dev.txt (line 39))
2025-08-20T18:57:01.4326285Z   Using cached testcontainers-4.10.0-py3-none-any.whl.metadata (7.8 kB)
2025-08-20T18:57:01.4657819Z Collecting types-requests==2.32.4.20250809 (from -r requirements-dev.txt (line 40))
2025-08-20T18:57:01.4669321Z   Using cached types_requests-2.32.4.20250809-py3-none-any.whl.metadata (2.0 kB)
2025-08-20T18:57:01.4779136Z Collecting docspec-python==2.2.2 (from -r requirements-dev.txt (line 41))
2025-08-20T18:57:01.4790701Z   Using cached docspec_python-2.2.2-py3-none-any.whl.metadata (1.0 kB)
2025-08-20T18:57:01.4942012Z Collecting pydoc-markdown==4.8.2 (from -r requirements-dev.txt (line 42))
2025-08-20T18:57:01.4953791Z   Using cached pydoc_markdown-4.8.2-py3-none-any.whl.metadata (5.9 kB)
2025-08-20T18:57:01.5619201Z Collecting pandera==0.19.* (from -r requirements-dev.txt (line 43))
2025-08-20T18:57:01.5632329Z   Using cached pandera-0.19.3-py3-none-any.whl.metadata (15 kB)
2025-08-20T18:57:01.6195416Z Collecting MarkupSafe>=2.0 (from Jinja2==3.1.6->-r requirements-dev.txt (line 2))
2025-08-20T18:57:01.6207066Z   Using cached MarkupSafe-3.0.2-cp312-cp312-manylinux_2_17_x86_64.manylinux2014_x86_64.whl.metadata (4.0 kB)
2025-08-20T18:57:01.6439181Z Collecting Mako (from alembic==1.13.1->-r requirements-dev.txt (line 3))
2025-08-20T18:57:01.6449762Z   Using cached mako-1.3.10-py3-none-any.whl.metadata (2.9 kB)
2025-08-20T18:57:01.6613633Z Collecting typing-extensions>=4 (from alembic==1.13.1->-r requirements-dev.txt (line 3))
2025-08-20T18:57:01.6624734Z   Using cached typing_extensions-4.14.1-py3-none-any.whl.metadata (3.0 kB)
2025-08-20T18:57:01.6753287Z Collecting six>=1.4.0 (from apscheduler==3.10.4->-r requirements-dev.txt (line 4))
2025-08-20T18:57:01.6764374Z   Using cached six-1.17.0-py2.py3-none-any.whl.metadata (1.7 kB)
2025-08-20T18:57:01.7082246Z Collecting pytz (from apscheduler==3.10.4->-r requirements-dev.txt (line 4))
2025-08-20T18:57:01.7094041Z   Using cached pytz-2025.2-py2.py3-none-any.whl.metadata (22 kB)
2025-08-20T18:57:01.7250450Z Collecting tzlocal!=3.*,>=2.0 (from apscheduler==3.10.4->-r requirements-dev.txt (line 4))
2025-08-20T18:57:01.7261393Z   Using cached tzlocal-5.3.1-py3-none-any.whl.metadata (7.6 kB)
2025-08-20T18:57:01.7552213Z Collecting starlette>=0.18 (from asgi-correlation-id==4.3.1->-r requirements-dev.txt (line 5))
2025-08-20T18:57:01.7563386Z   Using cached starlette-0.47.2-py3-none-any.whl.metadata (6.2 kB)
2025-08-20T18:57:01.7744828Z Collecting click>=8.0.0 (from black==25.1.0->-r requirements-dev.txt (line 7))
2025-08-20T18:57:01.7755793Z   Using cached click-8.2.1-py3-none-any.whl.metadata (2.5 kB)
2025-08-20T18:57:01.7894197Z Collecting packaging>=22.0 (from black==25.1.0->-r requirements-dev.txt (line 7))
2025-08-20T18:57:01.7905276Z   Using cached packaging-25.0-py3-none-any.whl.metadata (3.3 kB)
2025-08-20T18:57:01.8020091Z Collecting pathspec>=0.9.0 (from black==25.1.0->-r requirements-dev.txt (line 7))
2025-08-20T18:57:01.8031231Z   Using cached pathspec-0.12.1-py3-none-any.whl.metadata (21 kB)
2025-08-20T18:57:01.8231145Z Collecting platformdirs>=2 (from black==25.1.0->-r requirements-dev.txt (line 7))
2025-08-20T18:57:01.8242789Z   Using cached platformdirs-4.3.8-py3-none-any.whl.metadata (12 kB)
2025-08-20T18:57:01.8355836Z Collecting toml (from vulture==2.10->-r requirements-dev.txt (line 11))
2025-08-20T18:57:01.8367399Z   Using cached toml-0.10.2-py2.py3-none-any.whl.metadata (7.1 kB)
2025-08-20T18:57:01.8533926Z Collecting billiard<5.0,>=4.2.1 (from celery==5.5.3->-r requirements-dev.txt (line 12))
2025-08-20T18:57:01.8545202Z   Using cached billiard-4.2.1-py3-none-any.whl.metadata (4.4 kB)
2025-08-20T18:57:01.8830694Z Collecting kombu<5.6,>=5.5.2 (from celery==5.5.3->-r requirements-dev.txt (line 12))
2025-08-20T18:57:01.8842102Z   Using cached kombu-5.5.4-py3-none-any.whl.metadata (3.5 kB)
2025-08-20T18:57:01.8993336Z Collecting vine<6.0,>=5.1.0 (from celery==5.5.3->-r requirements-dev.txt (line 12))
2025-08-20T18:57:01.9004211Z   Using cached vine-5.1.0-py3-none-any.whl.metadata (2.7 kB)
2025-08-20T18:57:01.9192807Z Collecting click-didyoumean>=0.3.0 (from celery==5.5.3->-r requirements-dev.txt (line 12))
2025-08-20T18:57:01.9203772Z   Using cached click_didyoumean-0.3.1-py3-none-any.whl.metadata (3.9 kB)
2025-08-20T18:57:01.9296917Z Collecting click-repl>=0.2.0 (from celery==5.5.3->-r requirements-dev.txt (line 12))
2025-08-20T18:57:01.9308252Z   Using cached click_repl-0.3.0-py3-none-any.whl.metadata (3.6 kB)
2025-08-20T18:57:01.9388371Z Collecting click-plugins>=1.1.1 (from celery==5.5.3->-r requirements-dev.txt (line 12))
2025-08-20T18:57:01.9399577Z   Using cached click_plugins-1.1.1.2-py2.py3-none-any.whl.metadata (6.5 kB)
2025-08-20T18:57:01.9508226Z Collecting python-dateutil>=2.8.2 (from celery==5.5.3->-r requirements-dev.txt (line 12))
2025-08-20T18:57:01.9519363Z   Using cached python_dateutil-2.9.0.post0-py2.py3-none-any.whl.metadata (8.4 kB)
2025-08-20T18:57:02.0255058Z Collecting annotated-types>=0.6.0 (from pydantic==2.11.7->-r requirements-dev.txt (line 26))
2025-08-20T18:57:02.0265988Z   Using cached annotated_types-0.7.0-py3-none-any.whl.metadata (15 kB)
2025-08-20T18:57:02.6840892Z Collecting pydantic-core==2.33.2 (from pydantic==2.11.7->-r requirements-dev.txt (line 26))
2025-08-20T18:57:02.6854870Z   Using cached pydantic_core-2.33.2-cp312-cp312-manylinux_2_17_x86_64.manylinux2014_x86_64.whl.metadata (6.8 kB)
2025-08-20T18:57:02.6998710Z Collecting typing-inspection>=0.4.0 (from pydantic==2.11.7->-r requirements-dev.txt (line 26))
2025-08-20T18:57:02.7010559Z   Using cached typing_inspection-0.4.1-py3-none-any.whl.metadata (2.6 kB)
2025-08-20T18:57:02.7239260Z Collecting et-xmlfile (from openpyxl==3.1.5->-r requirements-dev.txt (line 22))
2025-08-20T18:57:02.7251081Z   Using cached et_xmlfile-2.0.0-py3-none-any.whl.metadata (2.7 kB)
2025-08-20T18:57:02.7691802Z Collecting pytest<9,>=7.0.0 (from pytest-asyncio==0.23.6->-r requirements-dev.txt (line 28))
2025-08-20T18:57:02.7703777Z   Using cached pytest-8.4.1-py3-none-any.whl.metadata (7.7 kB)
2025-08-20T18:57:03.0886770Z Collecting coverage>=7.5 (from coverage[toml]>=7.5->pytest-cov==6.2.1->-r requirements-dev.txt (line 29))
2025-08-20T18:57:03.0900052Z   Using cached coverage-7.10.4-cp312-cp312-manylinux1_x86_64.manylinux_2_28_x86_64.manylinux_2_5_x86_64.whl.metadata (8.9 kB)
2025-08-20T18:57:03.1025785Z Collecting pluggy>=1.2 (from pytest-cov==6.2.1->-r requirements-dev.txt (line 29))
2025-08-20T18:57:03.1037684Z   Using cached pluggy-1.6.0-py3-none-any.whl.metadata (4.8 kB)
2025-08-20T18:57:03.1329287Z Collecting port-for>=0.7.3 (from pytest-postgresql==7.0.2->-r requirements-dev.txt (line 30))
2025-08-20T18:57:03.1340535Z   Using cached port_for-0.7.4-py3-none-any.whl.metadata (7.1 kB)
2025-08-20T18:57:03.1471707Z Collecting mirakuru>=2.6.0 (from pytest-postgresql==7.0.2->-r requirements-dev.txt (line 30))
2025-08-20T18:57:03.1483288Z   Using cached mirakuru-2.6.1-py3-none-any.whl.metadata (10 kB)
2025-08-20T18:57:03.2282583Z Collecting charset_normalizer<4,>=2 (from requests==2.32.4->-r requirements-dev.txt (line 34))
2025-08-20T18:57:03.2295604Z   Using cached charset_normalizer-3.4.3-cp312-cp312-manylinux2014_x86_64.manylinux_2_17_x86_64.manylinux_2_28_x86_64.whl.metadata (36 kB)
2025-08-20T18:57:03.2443911Z Collecting idna<4,>=2.5 (from requests==2.32.4->-r requirements-dev.txt (line 34))
2025-08-20T18:57:03.2455362Z   Using cached idna-3.10-py3-none-any.whl.metadata (10 kB)
2025-08-20T18:57:03.2723235Z Collecting urllib3<3,>=1.21.1 (from requests==2.32.4->-r requirements-dev.txt (line 34))
2025-08-20T18:57:03.2734662Z   Using cached urllib3-2.5.0-py3-none-any.whl.metadata (6.5 kB)
2025-08-20T18:57:03.2923895Z Collecting certifi>=2017.4.17 (from requests==2.32.4->-r requirements-dev.txt (line 34))
2025-08-20T18:57:03.2935410Z   Using cached certifi-2025.8.3-py3-none-any.whl.metadata (2.4 kB)
2025-08-20T18:57:03.4883151Z Collecting greenlet>=1 (from sqlalchemy==2.0.43->-r requirements-dev.txt (line 37))
2025-08-20T18:57:03.4896372Z   Using cached greenlet-3.2.4-cp312-cp312-manylinux_2_24_x86_64.manylinux_2_28_x86_64.whl.metadata (4.1 kB)
2025-08-20T18:57:03.5114152Z Collecting docker (from testcontainers==4.10.0->testcontainers[postgres]==4.10.0->-r requirements-dev.txt (line 39))
2025-08-20T18:57:03.5125136Z   Using cached docker-7.1.0-py3-none-any.whl.metadata (3.8 kB)
2025-08-20T18:57:03.6073869Z Collecting wrapt (from testcontainers==4.10.0->testcontainers[postgres]==4.10.0->-r requirements-dev.txt (line 39))
2025-08-20T18:57:03.6085536Z   Using cached wrapt-1.17.3-cp312-cp312-manylinux1_x86_64.manylinux_2_28_x86_64.manylinux_2_5_x86_64.whl.metadata (6.4 kB)
2025-08-20T18:57:03.6344026Z Collecting docspec==2.2.1 (from docspec-python==2.2.2->-r requirements-dev.txt (line 41))
2025-08-20T18:57:03.6355007Z   Using cached docspec-2.2.1-py3-none-any.whl.metadata (1.5 kB)
2025-08-20T18:57:03.6492880Z Collecting nr-util>=0.8.12 (from docspec-python==2.2.2->-r requirements-dev.txt (line 41))
2025-08-20T18:57:03.6504131Z   Using cached nr.util-0.8.12-py3-none-any.whl.metadata (813 bytes)
2025-08-20T18:57:03.6827399Z Collecting PyYAML<7.0,>=5.0 (from pydoc-markdown==4.8.2->-r requirements-dev.txt (line 42))
2025-08-20T18:57:03.6838938Z   Using cached PyYAML-6.0.2-cp312-cp312-manylinux_2_17_x86_64.manylinux2014_x86_64.whl.metadata (2.1 kB)
2025-08-20T18:57:03.7097524Z Collecting databind.core<5.0.0,>=4.4.0 (from pydoc-markdown==4.8.2->-r requirements-dev.txt (line 42))
2025-08-20T18:57:03.7108591Z   Using cached databind.core-4.5.2-py3-none-any.whl.metadata (1.1 kB)
2025-08-20T18:57:03.7330678Z Collecting databind.json<5.0.0,>=4.4.0 (from pydoc-markdown==4.8.2->-r requirements-dev.txt (line 42))
2025-08-20T18:57:03.7342279Z   Using cached databind.json-4.5.2-py3-none-any.whl.metadata (1.1 kB)
2025-08-20T18:57:03.7480871Z Collecting docstring-parser<0.12,>=0.11 (from pydoc-markdown==4.8.2->-r requirements-dev.txt (line 42))
2025-08-20T18:57:03.7482634Z   Using cached docstring_parser-0.11-py3-none-any.whl
2025-08-20T18:57:03.7795753Z Collecting tomli<3.0.0,>=2.0.0 (from pydoc-markdown==4.8.2->-r requirements-dev.txt (line 42))
2025-08-20T18:57:03.7807117Z   Using cached tomli-2.2.1-cp312-cp312-manylinux_2_17_x86_64.manylinux2014_x86_64.whl.metadata (11 kB)
2025-08-20T18:57:03.7892173Z Collecting tomli_w<2.0.0,>=1.0.0 (from pydoc-markdown==4.8.2->-r requirements-dev.txt (line 42))
2025-08-20T18:57:03.7903167Z   Using cached tomli_w-1.2.0-py3-none-any.whl.metadata (5.7 kB)
2025-08-20T18:57:03.8341146Z Collecting watchdog (from pydoc-markdown==4.8.2->-r requirements-dev.txt (line 42))
2025-08-20T18:57:03.8352677Z   Using cached watchdog-6.0.0-py3-none-manylinux2014_x86_64.whl.metadata (44 kB)
2025-08-20T18:57:03.8558161Z Collecting yapf>=0.30.0 (from pydoc-markdown==4.8.2->-r requirements-dev.txt (line 42))
2025-08-20T18:57:03.8569128Z   Using cached yapf-0.43.0-py3-none-any.whl.metadata (46 kB)
2025-08-20T18:57:03.8747441Z Collecting Deprecated<2.0.0,>=1.2.12 (from docspec==2.2.1->docspec-python==2.2.2->-r requirements-dev.txt (line 41))
2025-08-20T18:57:03.8758548Z   Using cached Deprecated-1.2.18-py2.py3-none-any.whl.metadata (5.7 kB)
2025-08-20T18:57:04.0238031Z Collecting psycopg-binary==3.2.9 (from psycopg[binary]==3.2.9->-r requirements-dev.txt (line 25))
2025-08-20T18:57:04.0250412Z   Using cached psycopg_binary-3.2.9-cp312-cp312-manylinux_2_17_x86_64.manylinux2014_x86_64.whl.metadata (2.9 kB)
2025-08-20T18:57:04.0625417Z Collecting argon2-cffi (from minio==7.*->-r requirements-dev.txt (line 10))
2025-08-20T18:57:04.0636962Z   Using cached argon2_cffi-25.1.0-py3-none-any.whl.metadata (4.1 kB)
2025-08-20T18:57:04.1399414Z Collecting pycryptodome (from minio==7.*->-r requirements-dev.txt (line 10))
2025-08-20T18:57:04.1411370Z   Using cached pycryptodome-3.23.0-cp37-abi3-manylinux_2_17_x86_64.manylinux2014_x86_64.whl.metadata (3.4 kB)
2025-08-20T18:57:04.1964419Z Collecting anyio (from httpx<0.29,>=0.27->-r requirements-dev.txt (line 16))
2025-08-20T18:57:04.1975420Z   Using cached anyio-4.10.0-py3-none-any.whl.metadata (4.0 kB)
2025-08-20T18:57:04.2153067Z Collecting httpcore==1.* (from httpx<0.29,>=0.27->-r requirements-dev.txt (line 16))
2025-08-20T18:57:04.2164183Z   Using cached httpcore-1.0.9-py3-none-any.whl.metadata (21 kB)
2025-08-20T18:57:04.2472157Z Collecting tzdata>=2022.7 (from pandas==2.2.*->-r requirements-dev.txt (line 23))
2025-08-20T18:57:04.2483581Z   Using cached tzdata-2025.2-py2.py3-none-any.whl.metadata (1.4 kB)
2025-08-20T18:57:04.2629132Z Collecting multimethod<=1.10.0 (from pandera==0.19.*->-r requirements-dev.txt (line 43))
2025-08-20T18:57:04.2640125Z   Using cached multimethod-1.10-py3-none-any.whl.metadata (8.2 kB)
2025-08-20T18:57:04.2984604Z Collecting typeguard (from pandera==0.19.*->-r requirements-dev.txt (line 43))
2025-08-20T18:57:04.2995648Z   Using cached typeguard-4.4.4-py3-none-any.whl.metadata (3.3 kB)
2025-08-20T18:57:04.3083826Z Collecting typing-inspect>=0.6.0 (from pandera==0.19.*->-r requirements-dev.txt (line 43))
2025-08-20T18:57:04.3095687Z   Using cached typing_inspect-0.9.0-py3-none-any.whl.metadata (1.5 kB)
2025-08-20T18:57:04.3341011Z Collecting databind<5.0.0,>=4.5.2 (from databind.core<5.0.0,>=4.4.0->pydoc-markdown==4.8.2->-r requirements-dev.txt (line 42))
2025-08-20T18:57:04.3352560Z   Using cached databind-4.5.2-py3-none-any.whl.metadata (4.3 kB)
2025-08-20T18:57:04.3461037Z Collecting nr-date<3.0.0,>=2.0.0 (from databind<5.0.0,>=4.5.2->databind.core<5.0.0,>=4.4.0->pydoc-markdown==4.8.2->-r requirements-dev.txt (line 42))
2025-08-20T18:57:04.3472556Z   Using cached nr_date-2.1.0-py3-none-any.whl.metadata (746 bytes)
2025-08-20T18:57:04.3587879Z Collecting nr-stream<2.0.0,>=1.0.0 (from databind<5.0.0,>=4.5.2->databind.core<5.0.0,>=4.4.0->pydoc-markdown==4.8.2->-r requirements-dev.txt (line 42))
2025-08-20T18:57:04.3599374Z   Using cached nr_stream-1.1.5-py3-none-any.whl.metadata (3.6 kB)
2025-08-20T18:57:04.3759219Z Collecting typeapi<3,>=2.0.1 (from databind<5.0.0,>=4.5.2->databind.core<5.0.0,>=4.4.0->pydoc-markdown==4.8.2->-r requirements-dev.txt (line 42))
2025-08-20T18:57:04.3770286Z   Using cached typeapi-2.2.4-py3-none-any.whl.metadata (1.5 kB)
2025-08-20T18:57:04.4028176Z Collecting h11>=0.16 (from httpcore==1.*->httpx<0.29,>=0.27->-r requirements-dev.txt (line 16))
2025-08-20T18:57:04.4039131Z   Using cached h11-0.16.0-py3-none-any.whl.metadata (8.3 kB)
2025-08-20T18:57:04.4274269Z Collecting amqp<6.0.0,>=5.1.1 (from kombu<5.6,>=5.5.2->celery==5.5.3->-r requirements-dev.txt (line 12))
2025-08-20T18:57:04.4285287Z   Using cached amqp-5.3.1-py3-none-any.whl.metadata (8.9 kB)
2025-08-20T18:57:04.4657066Z Collecting iniconfig>=1 (from pytest<9,>=7.0.0->pytest-asyncio==0.23.6->-r requirements-dev.txt (line 28))
2025-08-20T18:57:04.4668274Z   Using cached iniconfig-2.1.0-py3-none-any.whl.metadata (2.7 kB)
2025-08-20T18:57:04.4864873Z Collecting pygments>=2.7.2 (from pytest<9,>=7.0.0->pytest-asyncio==0.23.6->-r requirements-dev.txt (line 28))
2025-08-20T18:57:04.4875976Z   Using cached pygments-2.19.2-py3-none-any.whl.metadata (2.5 kB)
2025-08-20T18:57:04.5180980Z Collecting sniffio>=1.1 (from anyio->httpx<0.29,>=0.27->-r requirements-dev.txt (line 16))
2025-08-20T18:57:04.5192402Z   Using cached sniffio-1.3.1-py3-none-any.whl.metadata (3.9 kB)
2025-08-20T18:57:04.9377045Z Collecting botocore<1.41.0,>=1.40.13 (from boto3->-r requirements-dev.txt (line 8))
2025-08-20T18:57:04.9390560Z   Using cached botocore-1.40.13-py3-none-any.whl.metadata (5.7 kB)
2025-08-20T18:57:04.9550294Z Collecting jmespath<2.0.0,>=0.7.1 (from boto3->-r requirements-dev.txt (line 8))
2025-08-20T18:57:04.9562190Z   Using cached jmespath-1.0.1-py3-none-any.whl.metadata (7.6 kB)
2025-08-20T18:57:04.9723766Z Collecting s3transfer<0.14.0,>=0.13.0 (from boto3->-r requirements-dev.txt (line 8))
2025-08-20T18:57:04.9735309Z   Using cached s3transfer-0.13.1-py3-none-any.whl.metadata (1.7 kB)
2025-08-20T18:57:05.1186150Z Collecting fastapi-cli>=0.0.8 (from fastapi-cli[standard]>=0.0.8; extra == "all"->fastapi[all]->-r requirements-dev.txt (line 14))
2025-08-20T18:57:05.1196870Z   Using cached fastapi_cli-0.0.8-py3-none-any.whl.metadata (6.3 kB)
2025-08-20T18:57:05.1942653Z Collecting ujson!=4.0.2,!=4.1.0,!=4.2.0,!=4.3.0,!=5.0.0,!=5.1.0,>=4.0.1 (from fastapi[all]->-r requirements-dev.txt (line 14))
2025-08-20T18:57:05.1954042Z   Using cached ujson-5.11.0-cp312-cp312-manylinux_2_24_x86_64.manylinux_2_28_x86_64.whl.metadata (9.4 kB)
2025-08-20T18:57:05.4216063Z Collecting orjson>=3.2.1 (from fastapi[all]->-r requirements-dev.txt (line 14))
2025-08-20T18:57:05.4229024Z   Using cached orjson-3.11.2-cp312-cp312-manylinux_2_17_x86_64.manylinux2014_x86_64.whl.metadata (1.2 kB)
2025-08-20T18:57:05.4337604Z Collecting email-validator>=2.0.0 (from fastapi[all]->-r requirements-dev.txt (line 14))
2025-08-20T18:57:05.4349592Z   Using cached email_validator-2.2.0-py3-none-any.whl.metadata (25 kB)
2025-08-20T18:57:05.4617097Z Collecting uvicorn>=0.12.0 (from uvicorn[standard]>=0.12.0; extra == "all"->fastapi[all]->-r requirements-dev.txt (line 14))
2025-08-20T18:57:05.4628026Z   Using cached uvicorn-0.35.0-py3-none-any.whl.metadata (6.5 kB)
2025-08-20T18:57:05.4779990Z Collecting pydantic-settings>=2.0.0 (from fastapi[all]->-r requirements-dev.txt (line 14))
2025-08-20T18:57:05.4790945Z   Using cached pydantic_settings-2.10.1-py3-none-any.whl.metadata (3.4 kB)
2025-08-20T18:57:05.4905344Z Collecting pydantic-extra-types>=2.0.0 (from fastapi[all]->-r requirements-dev.txt (line 14))
2025-08-20T18:57:05.4916424Z   Using cached pydantic_extra_types-2.10.5-py3-none-any.whl.metadata (3.9 kB)
2025-08-20T18:57:05.5566126Z Collecting prompt-toolkit>=3.0.36 (from click-repl>=0.2.0->celery==5.5.3->-r requirements-dev.txt (line 12))
2025-08-20T18:57:05.5577288Z   Using cached prompt_toolkit-3.0.51-py3-none-any.whl.metadata (6.4 kB)
2025-08-20T18:57:05.5790717Z Collecting dnspython>=2.0.0 (from email-validator>=2.0.0->fastapi[all]->-r requirements-dev.txt (line 14))
2025-08-20T18:57:05.5801704Z   Using cached dnspython-2.7.0-py3-none-any.whl.metadata (5.8 kB)
2025-08-20T18:57:05.6079321Z Collecting typer>=0.15.1 (from fastapi-cli>=0.0.8->fastapi-cli[standard]>=0.0.8; extra == "all"->fastapi[all]->-r requirements-dev.txt (line 14))
2025-08-20T18:57:05.6091523Z   Using cached typer-0.16.1-py3-none-any.whl.metadata (15 kB)
2025-08-20T18:57:05.6340893Z Collecting rich-toolkit>=0.14.8 (from fastapi-cli>=0.0.8->fastapi-cli[standard]>=0.0.8; extra == "all"->fastapi[all]->-r requirements-dev.txt (line 14))
2025-08-20T18:57:05.6352356Z   Using cached rich_toolkit-0.15.0-py3-none-any.whl.metadata (1.0 kB)
2025-08-20T18:57:05.6462358Z Collecting fastapi-cloud-cli>=0.1.1 (from fastapi-cli[standard]>=0.0.8; extra == "all"->fastapi[all]->-r requirements-dev.txt (line 14))
2025-08-20T18:57:05.6473998Z   Using cached fastapi_cloud_cli-0.1.5-py3-none-any.whl.metadata (3.2 kB)
2025-08-20T18:57:05.7210763Z Collecting rignore>=0.5.1 (from fastapi-cloud-cli>=0.1.1->fastapi-cli[standard]>=0.0.8; extra == "all"->fastapi[all]->-r requirements-dev.txt (line 14))
2025-08-20T18:57:05.7223542Z   Using cached rignore-0.6.4-cp312-cp312-manylinux_2_17_x86_64.manylinux2014_x86_64.whl.metadata (3.8 kB)
2025-08-20T18:57:05.8067874Z Collecting sentry-sdk>=2.20.0 (from fastapi-cloud-cli>=0.1.1->fastapi-cli[standard]>=0.0.8; extra == "all"->fastapi[all]->-r requirements-dev.txt (line 14))
2025-08-20T18:57:05.8079353Z   Using cached sentry_sdk-2.35.0-py2.py3-none-any.whl.metadata (10 kB)
2025-08-20T18:57:05.8978425Z Collecting psutil>=4.0.0 (from mirakuru>=2.6.0->pytest-postgresql==7.0.2->-r requirements-dev.txt (line 30))
2025-08-20T18:57:05.8990775Z   Using cached psutil-7.0.0-cp36-abi3-manylinux_2_12_x86_64.manylinux2010_x86_64.manylinux_2_17_x86_64.manylinux2014_x86_64.whl.metadata (22 kB)
2025-08-20T18:57:05.9294992Z Collecting wcwidth (from prompt-toolkit>=3.0.36->click-repl>=0.2.0->celery==5.5.3->-r requirements-dev.txt (line 12))
2025-08-20T18:57:05.9306687Z   Using cached wcwidth-0.2.13-py2.py3-none-any.whl.metadata (14 kB)
2025-08-20T18:57:06.0448203Z Collecting rich>=13.7.1 (from rich-toolkit>=0.14.8->fastapi-cli>=0.0.8->fastapi-cli[standard]>=0.0.8; extra == "all"->fastapi[all]->-r requirements-dev.txt (line 14))
2025-08-20T18:57:06.0459184Z   Using cached rich-14.1.0-py3-none-any.whl.metadata (18 kB)
2025-08-20T18:57:06.0629699Z Collecting markdown-it-py>=2.2.0 (from rich>=13.7.1->rich-toolkit>=0.14.8->fastapi-cli>=0.0.8->fastapi-cli[standard]>=0.0.8; extra == "all"->fastapi[all]->-r requirements-dev.txt (line 14))
2025-08-20T18:57:06.0640570Z   Using cached markdown_it_py-4.0.0-py3-none-any.whl.metadata (7.3 kB)
2025-08-20T18:57:06.0833244Z Collecting mdurl~=0.1 (from markdown-it-py>=2.2.0->rich>=13.7.1->rich-toolkit>=0.14.8->fastapi-cli>=0.0.8->fastapi-cli[standard]>=0.0.8; extra == "all"->fastapi[all]->-r requirements-dev.txt (line 14))
2025-08-20T18:57:06.0844626Z   Using cached mdurl-0.1.2-py3-none-any.whl.metadata (1.6 kB)
2025-08-20T18:57:06.1317062Z Collecting shellingham>=1.3.0 (from typer>=0.15.1->fastapi-cli>=0.0.8->fastapi-cli[standard]>=0.0.8; extra == "all"->fastapi[all]->-r requirements-dev.txt (line 14))
2025-08-20T18:57:06.1328525Z   Using cached shellingham-1.5.4-py2.py3-none-any.whl.metadata (3.5 kB)
2025-08-20T18:57:06.2061803Z Collecting httptools>=0.6.3 (from uvicorn[standard]>=0.12.0; extra == "all"->fastapi[all]->-r requirements-dev.txt (line 14))
2025-08-20T18:57:06.2073364Z   Using cached httptools-0.6.4-cp312-cp312-manylinux_2_5_x86_64.manylinux1_x86_64.manylinux_2_17_x86_64.manylinux2014_x86_64.whl.metadata (3.6 kB)
2025-08-20T18:57:06.2480923Z Collecting uvloop>=0.15.1 (from uvicorn[standard]>=0.12.0; extra == "all"->fastapi[all]->-r requirements-dev.txt (line 14))
2025-08-20T18:57:06.2492559Z   Using cached uvloop-0.21.0-cp312-cp312-manylinux_2_17_x86_64.manylinux2014_x86_64.whl.metadata (4.9 kB)
2025-08-20T18:57:06.3175735Z Collecting watchfiles>=0.13 (from uvicorn[standard]>=0.12.0; extra == "all"->fastapi[all]->-r requirements-dev.txt (line 14))
2025-08-20T18:57:06.3187847Z   Using cached watchfiles-1.1.0-cp312-cp312-manylinux_2_17_x86_64.manylinux2014_x86_64.whl.metadata (4.9 kB)
2025-08-20T18:57:06.5065552Z Collecting websockets>=10.4 (from uvicorn[standard]>=0.12.0; extra == "all"->fastapi[all]->-r requirements-dev.txt (line 14))
2025-08-20T18:57:06.5079078Z   Using cached websockets-15.0.1-cp312-cp312-manylinux_2_5_x86_64.manylinux1_x86_64.manylinux_2_17_x86_64.manylinux2014_x86_64.whl.metadata (6.8 kB)
2025-08-20T18:57:06.5507932Z Collecting argon2-cffi-bindings (from argon2-cffi->minio==7.*->-r requirements-dev.txt (line 10))
2025-08-20T18:57:06.5520145Z   Using cached argon2_cffi_bindings-25.1.0-cp39-abi3-manylinux_2_26_x86_64.manylinux_2_28_x86_64.whl.metadata (7.4 kB)
2025-08-20T18:57:06.6513149Z Collecting cffi>=1.0.1 (from argon2-cffi-bindings->argon2-cffi->minio==7.*->-r requirements-dev.txt (line 10))
2025-08-20T18:57:06.6525440Z   Using cached cffi-1.17.1-cp312-cp312-manylinux_2_17_x86_64.manylinux2014_x86_64.whl.metadata (1.5 kB)
2025-08-20T18:57:06.6634840Z Collecting pycparser (from cffi>=1.0.1->argon2-cffi-bindings->argon2-cffi->minio==7.*->-r requirements-dev.txt (line 10))
2025-08-20T18:57:06.6647235Z   Using cached pycparser-2.22-py3-none-any.whl.metadata (943 bytes)
2025-08-20T18:57:06.7253835Z Using cached jinja2-3.1.6-py3-none-any.whl (134 kB)
2025-08-20T18:57:06.7266384Z Using cached alembic-1.13.1-py3-none-any.whl (233 kB)
2025-08-20T18:57:06.7278931Z Using cached APScheduler-3.10.4-py3-none-any.whl (59 kB)
2025-08-20T18:57:06.7290496Z Using cached asgi_correlation_id-4.3.1-py3-none-any.whl (15 kB)
2025-08-20T18:57:06.7302497Z Using cached asyncpg-0.30.0-cp312-cp312-manylinux_2_17_x86_64.manylinux2014_x86_64.whl (3.6 MB)
2025-08-20T18:57:06.7339578Z Using cached black-25.1.0-cp312-cp312-manylinux_2_17_x86_64.manylinux2014_x86_64.manylinux_2_28_x86_64.whl (1.8 MB)
2025-08-20T18:57:06.7362731Z Using cached vulture-2.10-py2.py3-none-any.whl (27 kB)
2025-08-20T18:57:06.7374011Z Using cached celery-5.5.3-py3-none-any.whl (438 kB)
2025-08-20T18:57:06.7388083Z Using cached fastapi-0.116.1-py3-none-any.whl (95 kB)
2025-08-20T18:57:06.7399972Z Using cached pydantic-2.11.7-py3-none-any.whl (444 kB)
2025-08-20T18:57:06.7414044Z Using cached fastapi_limiter-0.1.6-py3-none-any.whl (15 kB)
2025-08-20T18:57:06.7425199Z Using cached IMAPClient-3.0.1-py2.py3-none-any.whl (182 kB)
2025-08-20T18:57:06.7437422Z Using cached mypy_extensions-1.1.0-py3-none-any.whl (5.0 kB)
2025-08-20T18:57:06.7448571Z Using cached openpyxl-3.1.5-py2.py3-none-any.whl (250 kB)
2025-08-20T18:57:06.7461553Z Using cached psycopg2_binary-2.9.10-cp312-cp312-manylinux_2_17_x86_64.manylinux2014_x86_64.whl (3.0 MB)
2025-08-20T18:57:06.7495219Z Using cached psycopg-3.2.9-py3-none-any.whl (202 kB)
2025-08-20T18:57:06.7507521Z Using cached pytest_asyncio-0.23.6-py3-none-any.whl (17 kB)
2025-08-20T18:57:06.7518588Z Using cached pytest_cov-6.2.1-py3-none-any.whl (24 kB)
2025-08-20T18:57:06.7529771Z Using cached pytest_postgresql-7.0.2-py3-none-any.whl (41 kB)
2025-08-20T18:57:06.7540952Z Using cached python_telegram_bot-22.3-py3-none-any.whl (717 kB)
2025-08-20T18:57:06.7557457Z Using cached requests-2.32.4-py3-none-any.whl (64 kB)
2025-08-20T18:57:06.7568914Z Using cached respx-0.22.0-py2.py3-none-any.whl (25 kB)
2025-08-20T18:57:06.7580754Z Using cached ruff-0.9.9-py3-none-manylinux_2_17_x86_64.manylinux2014_x86_64.whl (11.2 MB)
2025-08-20T18:57:06.7669909Z Using cached sqlalchemy-2.0.43-cp312-cp312-manylinux_2_17_x86_64.manylinux2014_x86_64.whl (3.3 MB)
2025-08-20T18:57:06.7704323Z Using cached structlog-24.1.0-py3-none-any.whl (65 kB)
2025-08-20T18:57:06.7715765Z Using cached testcontainers-4.10.0-py3-none-any.whl (107 kB)
2025-08-20T18:57:06.7727889Z Using cached types_requests-2.32.4.20250809-py3-none-any.whl (20 kB)
2025-08-20T18:57:06.7739290Z Using cached docspec_python-2.2.2-py3-none-any.whl (15 kB)
2025-08-20T18:57:06.7750503Z Using cached pydoc_markdown-4.8.2-py3-none-any.whl (67 kB)
2025-08-20T18:57:06.7761752Z Using cached docspec-2.2.1-py3-none-any.whl (9.8 kB)
2025-08-20T18:57:06.7773488Z Using cached psycopg_binary-3.2.9-cp312-cp312-manylinux_2_17_x86_64.manylinux2014_x86_64.whl (4.4 MB)
2025-08-20T18:57:06.7815396Z Using cached pydantic_core-2.33.2-cp312-cp312-manylinux_2_17_x86_64.manylinux2014_x86_64.whl (2.0 MB)
2025-08-20T18:57:06.7840028Z Using cached redis-6.4.0-py3-none-any.whl (279 kB)
2025-08-20T18:57:06.7853736Z Using cached minio-7.2.16-py3-none-any.whl (95 kB)
2025-08-20T18:57:06.7865438Z Using cached httpx-0.28.1-py3-none-any.whl (73 kB)
2025-08-20T18:57:06.7877387Z Using cached mypy-1.17.1-cp312-cp312-manylinux2014_x86_64.manylinux_2_17_x86_64.manylinux_2_28_x86_64.whl (12.7 MB)
2025-08-20T18:57:06.7977071Z Using cached numpy-1.26.4-cp312-cp312-manylinux_2_17_x86_64.manylinux2014_x86_64.whl (18.0 MB)
2025-08-20T18:57:06.8113421Z Using cached pandas-2.2.3-cp312-cp312-manylinux_2_17_x86_64.manylinux2014_x86_64.whl (12.7 MB)
2025-08-20T18:57:06.8212157Z Using cached pandera-0.19.3-py3-none-any.whl (251 kB)
2025-08-20T18:57:06.8224486Z Using cached billiard-4.2.1-py3-none-any.whl (86 kB)
2025-08-20T18:57:06.8236415Z Using cached charset_normalizer-3.4.3-cp312-cp312-manylinux2014_x86_64.manylinux_2_17_x86_64.manylinux_2_28_x86_64.whl (151 kB)
2025-08-20T18:57:06.8247884Z Using cached click-8.2.1-py3-none-any.whl (102 kB)
2025-08-20T18:57:06.8259496Z Using cached databind.core-4.5.2-py3-none-any.whl (1.5 kB)
2025-08-20T18:57:06.8270265Z Using cached databind-4.5.2-py3-none-any.whl (49 kB)
2025-08-20T18:57:06.8281149Z Using cached databind.json-4.5.2-py3-none-any.whl (1.5 kB)
2025-08-20T18:57:06.8292084Z Using cached Deprecated-1.2.18-py2.py3-none-any.whl (10.0 kB)
2025-08-20T18:57:06.8302985Z Using cached httpcore-1.0.9-py3-none-any.whl (78 kB)
2025-08-20T18:57:06.8314167Z Using cached idna-3.10-py3-none-any.whl (70 kB)
2025-08-20T18:57:06.8325266Z Using cached kombu-5.5.4-py3-none-any.whl (210 kB)
2025-08-20T18:57:06.8337452Z Using cached vine-5.1.0-py3-none-any.whl (9.6 kB)
2025-08-20T18:57:06.8348456Z Using cached amqp-5.3.1-py3-none-any.whl (50 kB)
2025-08-20T18:57:06.8359728Z Using cached multimethod-1.10-py3-none-any.whl (9.9 kB)
2025-08-20T18:57:06.8370690Z Using cached nr_date-2.1.0-py3-none-any.whl (10 kB)
2025-08-20T18:57:06.8381971Z Using cached nr_stream-1.1.5-py3-none-any.whl (10 kB)
2025-08-20T18:57:06.8393314Z Using cached nr.util-0.8.12-py3-none-any.whl (90 kB)
2025-08-20T18:57:06.8404858Z Using cached pytest-8.4.1-py3-none-any.whl (365 kB)
2025-08-20T18:57:06.8418546Z Using cached pluggy-1.6.0-py3-none-any.whl (20 kB)
2025-08-20T18:57:06.8430049Z Using cached PyYAML-6.0.2-cp312-cp312-manylinux_2_17_x86_64.manylinux2014_x86_64.whl (767 kB)
2025-08-20T18:57:06.8446562Z Using cached starlette-0.47.2-py3-none-any.whl (72 kB)
2025-08-20T18:57:06.8458075Z Using cached anyio-4.10.0-py3-none-any.whl (107 kB)
2025-08-20T18:57:06.8470094Z Using cached tomli-2.2.1-cp312-cp312-manylinux_2_17_x86_64.manylinux2014_x86_64.whl (242 kB)
2025-08-20T18:57:06.8482595Z Using cached tomli_w-1.2.0-py3-none-any.whl (6.7 kB)
2025-08-20T18:57:06.8493718Z Using cached typeapi-2.2.4-py3-none-any.whl (26 kB)
2025-08-20T18:57:06.8505094Z Using cached typing_extensions-4.14.1-py3-none-any.whl (43 kB)
2025-08-20T18:57:06.8516446Z Using cached urllib3-2.5.0-py3-none-any.whl (129 kB)
2025-08-20T18:57:06.8528768Z Using cached wrapt-1.17.3-cp312-cp312-manylinux1_x86_64.manylinux_2_28_x86_64.manylinux_2_5_x86_64.whl (88 kB)
2025-08-20T18:57:06.8540228Z Using cached boto3-1.40.13-py3-none-any.whl (140 kB)
2025-08-20T18:57:06.8552397Z Using cached botocore-1.40.13-py3-none-any.whl (14.0 MB)
2025-08-20T18:57:06.8662510Z Using cached jmespath-1.0.1-py3-none-any.whl (20 kB)
2025-08-20T18:57:06.8674322Z Using cached python_dateutil-2.9.0.post0-py2.py3-none-any.whl (229 kB)
2025-08-20T18:57:06.8686981Z Using cached s3transfer-0.13.1-py3-none-any.whl (85 kB)
2025-08-20T18:57:06.8698820Z Using cached itsdangerous-2.2.0-py3-none-any.whl (16 kB)
2025-08-20T18:57:06.8710140Z Using cached setuptools-80.9.0-py3-none-any.whl (1.2 MB)
2025-08-20T18:57:06.8729782Z Using cached python_dotenv-1.1.1-py3-none-any.whl (20 kB)
2025-08-20T18:57:06.8741090Z Using cached python_multipart-0.0.20-py3-none-any.whl (24 kB)
2025-08-20T18:57:06.8752482Z Using cached annotated_types-0.7.0-py3-none-any.whl (13 kB)
2025-08-20T18:57:06.8763939Z Using cached certifi-2025.8.3-py3-none-any.whl (161 kB)
2025-08-20T18:57:06.8776082Z Using cached click_didyoumean-0.3.1-py3-none-any.whl (3.6 kB)
2025-08-20T18:57:06.8787788Z Using cached click_plugins-1.1.1.2-py2.py3-none-any.whl (11 kB)
2025-08-20T18:57:06.8798703Z Using cached click_repl-0.3.0-py3-none-any.whl (10 kB)
2025-08-20T18:57:06.8810265Z Using cached coverage-7.10.4-cp312-cp312-manylinux1_x86_64.manylinux_2_28_x86_64.manylinux_2_5_x86_64.whl (251 kB)
2025-08-20T18:57:06.8822642Z Using cached email_validator-2.2.0-py3-none-any.whl (33 kB)
2025-08-20T18:57:06.8834646Z Using cached dnspython-2.7.0-py3-none-any.whl (313 kB)
2025-08-20T18:57:06.8847837Z Using cached fastapi_cli-0.0.8-py3-none-any.whl (10 kB)
2025-08-20T18:57:06.8859036Z Using cached fastapi_cloud_cli-0.1.5-py3-none-any.whl (18 kB)
2025-08-20T18:57:06.8870772Z Using cached greenlet-3.2.4-cp312-cp312-manylinux_2_24_x86_64.manylinux_2_28_x86_64.whl (607 kB)
2025-08-20T18:57:06.8886400Z Using cached h11-0.16.0-py3-none-any.whl (37 kB)
2025-08-20T18:57:06.8897742Z Using cached iniconfig-2.1.0-py3-none-any.whl (6.0 kB)
2025-08-20T18:57:06.8909541Z Using cached MarkupSafe-3.0.2-cp312-cp312-manylinux_2_17_x86_64.manylinux2014_x86_64.whl (23 kB)
2025-08-20T18:57:06.8920630Z Using cached mirakuru-2.6.1-py3-none-any.whl (26 kB)
2025-08-20T18:57:06.8932391Z Using cached orjson-3.11.2-cp312-cp312-manylinux_2_17_x86_64.manylinux2014_x86_64.whl (121 kB)
2025-08-20T18:57:06.8944609Z Using cached packaging-25.0-py3-none-any.whl (66 kB)
2025-08-20T18:57:06.8956162Z Using cached pathspec-0.12.1-py3-none-any.whl (31 kB)
2025-08-20T18:57:06.8967423Z Using cached platformdirs-4.3.8-py3-none-any.whl (18 kB)
2025-08-20T18:57:06.8978527Z Using cached port_for-0.7.4-py3-none-any.whl (21 kB)
2025-08-20T18:57:06.8989830Z Using cached prompt_toolkit-3.0.51-py3-none-any.whl (387 kB)
2025-08-20T18:57:06.9004485Z Using cached psutil-7.0.0-cp36-abi3-manylinux_2_12_x86_64.manylinux2010_x86_64.manylinux_2_17_x86_64.manylinux2014_x86_64.whl (277 kB)
2025-08-20T18:57:06.9017202Z Using cached pydantic_extra_types-2.10.5-py3-none-any.whl (38 kB)
2025-08-20T18:57:06.9028693Z Using cached pydantic_settings-2.10.1-py3-none-any.whl (45 kB)
2025-08-20T18:57:06.9040232Z Using cached pygments-2.19.2-py3-none-any.whl (1.2 MB)
2025-08-20T18:57:06.9059979Z Using cached pytz-2025.2-py2.py3-none-any.whl (509 kB)
2025-08-20T18:57:06.9074538Z Using cached rich_toolkit-0.15.0-py3-none-any.whl (29 kB)
2025-08-20T18:57:06.9085853Z Using cached rich-14.1.0-py3-none-any.whl (243 kB)
2025-08-20T18:57:06.9098669Z Using cached markdown_it_py-4.0.0-py3-none-any.whl (87 kB)
2025-08-20T18:57:06.9110129Z Using cached mdurl-0.1.2-py3-none-any.whl (10.0 kB)
2025-08-20T18:57:06.9121532Z Using cached rignore-0.6.4-cp312-cp312-manylinux_2_17_x86_64.manylinux2014_x86_64.whl (949 kB)
2025-08-20T18:57:06.9139923Z Using cached sentry_sdk-2.35.0-py2.py3-none-any.whl (363 kB)
2025-08-20T18:57:06.9153348Z Using cached six-1.17.0-py2.py3-none-any.whl (11 kB)
2025-08-20T18:57:06.9164136Z Using cached sniffio-1.3.1-py3-none-any.whl (10 kB)
2025-08-20T18:57:06.9174677Z Using cached typer-0.16.1-py3-none-any.whl (46 kB)
2025-08-20T18:57:06.9185584Z Using cached shellingham-1.5.4-py2.py3-none-any.whl (9.8 kB)
2025-08-20T18:57:06.9196320Z Using cached typing_inspect-0.9.0-py3-none-any.whl (8.8 kB)
2025-08-20T18:57:06.9207094Z Using cached typing_inspection-0.4.1-py3-none-any.whl (14 kB)
2025-08-20T18:57:06.9217825Z Using cached tzdata-2025.2-py2.py3-none-any.whl (347 kB)
2025-08-20T18:57:06.9231668Z Using cached tzlocal-5.3.1-py3-none-any.whl (18 kB)
2025-08-20T18:57:06.9243324Z Using cached ujson-5.11.0-cp312-cp312-manylinux_2_24_x86_64.manylinux_2_28_x86_64.whl (57 kB)
2025-08-20T18:57:06.9254177Z Using cached uvicorn-0.35.0-py3-none-any.whl (66 kB)
2025-08-20T18:57:06.9267457Z Using cached httptools-0.6.4-cp312-cp312-manylinux_2_5_x86_64.manylinux1_x86_64.manylinux_2_17_x86_64.manylinux2014_x86_64.whl (510 kB)
2025-08-20T18:57:06.9281539Z Using cached uvloop-0.21.0-cp312-cp312-manylinux_2_17_x86_64.manylinux2014_x86_64.whl (4.7 MB)
2025-08-20T18:57:06.9325971Z Using cached watchfiles-1.1.0-cp312-cp312-manylinux_2_17_x86_64.manylinux2014_x86_64.whl (452 kB)
2025-08-20T18:57:06.9340138Z Using cached websockets-15.0.1-cp312-cp312-manylinux_2_5_x86_64.manylinux1_x86_64.manylinux_2_17_x86_64.manylinux2014_x86_64.whl (182 kB)
2025-08-20T18:57:06.9351535Z Using cached yapf-0.43.0-py3-none-any.whl (256 kB)
2025-08-20T18:57:06.9364214Z Using cached argon2_cffi-25.1.0-py3-none-any.whl (14 kB)
2025-08-20T18:57:06.9375365Z Using cached argon2_cffi_bindings-25.1.0-cp39-abi3-manylinux_2_26_x86_64.manylinux_2_28_x86_64.whl (87 kB)
2025-08-20T18:57:06.9386679Z Using cached cffi-1.17.1-cp312-cp312-manylinux_2_17_x86_64.manylinux2014_x86_64.whl (479 kB)
2025-08-20T18:57:06.9400672Z Using cached docker-7.1.0-py3-none-any.whl (147 kB)
2025-08-20T18:57:06.9412506Z Using cached et_xmlfile-2.0.0-py3-none-any.whl (18 kB)
2025-08-20T18:57:06.9423156Z Using cached mako-1.3.10-py3-none-any.whl (78 kB)
2025-08-20T18:57:06.9434253Z Using cached pycparser-2.22-py3-none-any.whl (117 kB)
2025-08-20T18:57:06.9446247Z Using cached pycryptodome-3.23.0-cp37-abi3-manylinux_2_17_x86_64.manylinux2014_x86_64.whl (2.3 MB)
2025-08-20T18:57:06.9472739Z Using cached toml-0.10.2-py2.py3-none-any.whl (16 kB)
2025-08-20T18:57:06.9483510Z Using cached typeguard-4.4.4-py3-none-any.whl (34 kB)
2025-08-20T18:57:06.9494385Z Using cached watchdog-6.0.0-py3-none-manylinux2014_x86_64.whl (79 kB)
2025-08-20T18:57:06.9505763Z Using cached wcwidth-0.2.13-py2.py3-none-any.whl (34 kB)
2025-08-20T18:57:07.4216060Z Installing collected packages: wcwidth, pytz, wrapt, websockets, watchdog, vine, uvloop, urllib3, ujson, tzlocal, tzdata, typing-extensions, tomli_w, tomli, toml, structlog, sniffio, six, shellingham, setuptools, ruff, rignore, redis, PyYAML, python-multipart, python-dotenv, pygments, pycryptodome, pycparser, psycopg2-binary, psycopg-binary, psutil, prompt-toolkit, port-for, pluggy, platformdirs, pathspec, packaging, orjson, numpy, nr-stream, nr-date, mypy-extensions, multimethod, mdurl, MarkupSafe, jmespath, itsdangerous, iniconfig, imapclient, idna, httptools, h11, greenlet, et-xmlfile, docstring-parser, dnspython, coverage, click, charset_normalizer, certifi, billiard, asyncpg, annotated-types, yapf, vulture, uvicorn, typing-inspection, typing-inspect, types-requests, typeguard, typeapi, sqlalchemy, sentry-sdk, requests, python-dateutil, pytest, pydantic-core, psycopg, openpyxl, mypy, mirakuru, markdown-it-py, Mako, Jinja2, httpcore, email-validator, Deprecated, click-repl, click-plugins, click-didyoumean, cffi, black, apscheduler, anyio, amqp, watchfiles, starlette, rich, pytest-postgresql, pytest-cov, pytest-asyncio, pydantic, pandas, nr-util, kombu, httpx, docker, databind, botocore, argon2-cffi-bindings, alembic, typer, testcontainers, s3transfer, rich-toolkit, respx, python-telegram-bot, pydantic-settings, pydantic-extra-types, pandera, fastapi, databind.json, databind.core, celery, asgi-correlation-id, argon2-cffi, minio, fastapi-limiter, fastapi-cloud-cli, fastapi-cli, docspec, boto3, docspec-python, pydoc-markdown
2025-08-20T18:57:25.9223136Z 
2025-08-20T18:57:25.9347963Z Successfully installed Deprecated-1.2.18 Jinja2-3.1.6 Mako-1.3.10 MarkupSafe-3.0.2 PyYAML-6.0.2 alembic-1.13.1 amqp-5.3.1 annotated-types-0.7.0 anyio-4.10.0 apscheduler-3.10.4 argon2-cffi-25.1.0 argon2-cffi-bindings-25.1.0 asgi-correlation-id-4.3.1 asyncpg-0.30.0 billiard-4.2.1 black-25.1.0 boto3-1.40.13 botocore-1.40.13 celery-5.5.3 certifi-2025.8.3 cffi-1.17.1 charset_normalizer-3.4.3 click-8.2.1 click-didyoumean-0.3.1 click-plugins-1.1.1.2 click-repl-0.3.0 coverage-7.10.4 databind-4.5.2 databind.core-4.5.2 databind.json-4.5.2 dnspython-2.7.0 docker-7.1.0 docspec-2.2.1 docspec-python-2.2.2 docstring-parser-0.11 email-validator-2.2.0 et-xmlfile-2.0.0 fastapi-0.116.1 fastapi-cli-0.0.8 fastapi-cloud-cli-0.1.5 fastapi-limiter-0.1.6 greenlet-3.2.4 h11-0.16.0 httpcore-1.0.9 httptools-0.6.4 httpx-0.28.1 idna-3.10 imapclient-3.0.1 iniconfig-2.1.0 itsdangerous-2.2.0 jmespath-1.0.1 kombu-5.5.4 markdown-it-py-4.0.0 mdurl-0.1.2 minio-7.2.16 mirakuru-2.6.1 multimethod-1.10 mypy-1.17.1 mypy-extensions-1.1.0 nr-date-2.1.0 nr-stream-1.1.5 nr-util-0.8.12 numpy-1.26.4 openpyxl-3.1.5 orjson-3.11.2 packaging-25.0 pandas-2.2.3 pandera-0.19.3 pathspec-0.12.1 platformdirs-4.3.8 pluggy-1.6.0 port-for-0.7.4 prompt-toolkit-3.0.51 psutil-7.0.0 psycopg-3.2.9 psycopg-binary-3.2.9 psycopg2-binary-2.9.10 pycparser-2.22 pycryptodome-3.23.0 pydantic-2.11.7 pydantic-core-2.33.2 pydantic-extra-types-2.10.5 pydantic-settings-2.10.1 pydoc-markdown-4.8.2 pygments-2.19.2 pytest-8.4.1 pytest-asyncio-0.23.6 pytest-cov-6.2.1 pytest-postgresql-7.0.2 python-dateutil-2.9.0.post0 python-dotenv-1.1.1 python-multipart-0.0.20 python-telegram-bot-22.3 pytz-2025.2 redis-6.4.0 requests-2.32.4 respx-0.22.0 rich-14.1.0 rich-toolkit-0.15.0 rignore-0.6.4 ruff-0.9.9 s3transfer-0.13.1 sentry-sdk-2.35.0 setuptools-80.9.0 shellingham-1.5.4 six-1.17.0 sniffio-1.3.1 sqlalchemy-2.0.43 starlette-0.47.2 structlog-24.1.0 testcontainers-4.10.0 toml-0.10.2 tomli-2.2.1 tomli_w-1.2.0 typeapi-2.2.4 typeguard-4.4.4 typer-0.16.1 types-requests-2.32.4.20250809 typing-extensions-4.14.1 typing-inspect-0.9.0 typing-inspection-0.4.1 tzdata-2025.2 tzlocal-5.3.1 ujson-5.11.0 urllib3-2.5.0 uvicorn-0.35.0 uvloop-0.21.0 vine-5.1.0 vulture-2.10 watchdog-6.0.0 watchfiles-1.1.0 wcwidth-0.2.13 websockets-15.0.1 wrapt-1.17.3 yapf-0.43.0
2025-08-20T18:57:27.5866900Z Collecting keepa==1.3.15
2025-08-20T18:57:27.5879024Z   Using cached keepa-1.3.15-py3-none-any.whl.metadata (11 kB)
2025-08-20T18:57:27.6153935Z Collecting minio==7.1.15
2025-08-20T18:57:27.6165226Z   Using cached minio-7.1.15-py3-none-any.whl.metadata (4.2 kB)
2025-08-20T18:57:27.6190702Z Requirement already satisfied: numpy>=1.9.3 in /opt/hostedtoolcache/Python/3.12.11/x64/lib/python3.12/site-packages (from keepa==1.3.15) (1.26.4)
2025-08-20T18:57:27.6196377Z Requirement already satisfied: requests>=2.2 in /opt/hostedtoolcache/Python/3.12.11/x64/lib/python3.12/site-packages (from keepa==1.3.15) (2.32.4)
2025-08-20T18:57:27.6515961Z Collecting tqdm (from keepa==1.3.15)
2025-08-20T18:57:27.6527116Z   Using cached tqdm-4.67.1-py3-none-any.whl.metadata (57 kB)
2025-08-20T18:57:28.1272421Z Collecting aiohttp (from keepa==1.3.15)
2025-08-20T18:57:28.1285950Z   Using cached aiohttp-3.12.15-cp312-cp312-manylinux_2_17_x86_64.manylinux2014_x86_64.whl.metadata (7.7 kB)
2025-08-20T18:57:28.1320173Z Requirement already satisfied: pandas<=3.0 in /opt/hostedtoolcache/Python/3.12.11/x64/lib/python3.12/site-packages (from keepa==1.3.15) (2.2.3)
2025-08-20T18:57:28.1324758Z Requirement already satisfied: pydantic in /opt/hostedtoolcache/Python/3.12.11/x64/lib/python3.12/site-packages (from keepa==1.3.15) (2.11.7)
2025-08-20T18:57:28.1332982Z Requirement already satisfied: certifi in /opt/hostedtoolcache/Python/3.12.11/x64/lib/python3.12/site-packages (from minio==7.1.15) (2025.8.3)
2025-08-20T18:57:28.1336853Z Requirement already satisfied: urllib3 in /opt/hostedtoolcache/Python/3.12.11/x64/lib/python3.12/site-packages (from minio==7.1.15) (2.5.0)
2025-08-20T18:57:28.1391762Z Requirement already satisfied: python-dateutil>=2.8.2 in /opt/hostedtoolcache/Python/3.12.11/x64/lib/python3.12/site-packages (from pandas<=3.0->keepa==1.3.15) (2.9.0.post0)
2025-08-20T18:57:28.1397606Z Requirement already satisfied: pytz>=2020.1 in /opt/hostedtoolcache/Python/3.12.11/x64/lib/python3.12/site-packages (from pandas<=3.0->keepa==1.3.15) (2025.2)
2025-08-20T18:57:28.1403112Z Requirement already satisfied: tzdata>=2022.7 in /opt/hostedtoolcache/Python/3.12.11/x64/lib/python3.12/site-packages (from pandas<=3.0->keepa==1.3.15) (2025.2)
2025-08-20T18:57:28.1529781Z Requirement already satisfied: six>=1.5 in /opt/hostedtoolcache/Python/3.12.11/x64/lib/python3.12/site-packages (from python-dateutil>=2.8.2->pandas<=3.0->keepa==1.3.15) (1.17.0)
2025-08-20T18:57:28.1549524Z Requirement already satisfied: charset_normalizer<4,>=2 in /opt/hostedtoolcache/Python/3.12.11/x64/lib/python3.12/site-packages (from requests>=2.2->keepa==1.3.15) (3.4.3)
2025-08-20T18:57:28.1556559Z Requirement already satisfied: idna<4,>=2.5 in /opt/hostedtoolcache/Python/3.12.11/x64/lib/python3.12/site-packages (from requests>=2.2->keepa==1.3.15) (3.10)
2025-08-20T18:57:28.1747458Z Collecting aiohappyeyeballs>=2.5.0 (from aiohttp->keepa==1.3.15)
2025-08-20T18:57:28.1759039Z   Using cached aiohappyeyeballs-2.6.1-py3-none-any.whl.metadata (5.9 kB)
2025-08-20T18:57:28.1833105Z Collecting aiosignal>=1.4.0 (from aiohttp->keepa==1.3.15)
2025-08-20T18:57:28.1844578Z   Using cached aiosignal-1.4.0-py3-none-any.whl.metadata (3.7 kB)
2025-08-20T18:57:28.1973964Z Collecting attrs>=17.3.0 (from aiohttp->keepa==1.3.15)
2025-08-20T18:57:28.1985576Z   Using cached attrs-25.3.0-py3-none-any.whl.metadata (10 kB)
2025-08-20T18:57:28.2686443Z Collecting frozenlist>=1.1.1 (from aiohttp->keepa==1.3.15)
2025-08-20T18:57:28.2698818Z   Using cached frozenlist-1.7.0-cp312-cp312-manylinux_2_5_x86_64.manylinux1_x86_64.manylinux_2_17_x86_64.manylinux2014_x86_64.whl.metadata (18 kB)
2025-08-20T18:57:28.5035069Z Collecting multidict<7.0,>=4.5 (from aiohttp->keepa==1.3.15)
2025-08-20T18:57:28.5048732Z   Using cached multidict-6.6.4-cp312-cp312-manylinux2014_x86_64.manylinux_2_17_x86_64.manylinux_2_28_x86_64.whl.metadata (5.3 kB)
2025-08-20T18:57:28.5451308Z Collecting propcache>=0.2.0 (from aiohttp->keepa==1.3.15)
2025-08-20T18:57:28.5463508Z   Using cached propcache-0.3.2-cp312-cp312-manylinux_2_17_x86_64.manylinux2014_x86_64.whl.metadata (12 kB)
2025-08-20T18:57:28.7801328Z Collecting yarl<2.0,>=1.17.0 (from aiohttp->keepa==1.3.15)
2025-08-20T18:57:28.7815063Z   Using cached yarl-1.20.1-cp312-cp312-manylinux_2_17_x86_64.manylinux2014_x86_64.whl.metadata (73 kB)
2025-08-20T18:57:28.8030041Z Requirement already satisfied: typing-extensions>=4.2 in /opt/hostedtoolcache/Python/3.12.11/x64/lib/python3.12/site-packages (from aiosignal>=1.4.0->aiohttp->keepa==1.3.15) (4.14.1)
2025-08-20T18:57:28.8080024Z Requirement already satisfied: annotated-types>=0.6.0 in /opt/hostedtoolcache/Python/3.12.11/x64/lib/python3.12/site-packages (from pydantic->keepa==1.3.15) (0.7.0)
2025-08-20T18:57:28.8086011Z Requirement already satisfied: pydantic-core==2.33.2 in /opt/hostedtoolcache/Python/3.12.11/x64/lib/python3.12/site-packages (from pydantic->keepa==1.3.15) (2.33.2)
2025-08-20T18:57:28.8093760Z Requirement already satisfied: typing-inspection>=0.4.0 in /opt/hostedtoolcache/Python/3.12.11/x64/lib/python3.12/site-packages (from pydantic->keepa==1.3.15) (0.4.1)
2025-08-20T18:57:28.8153466Z Using cached keepa-1.3.15-py3-none-any.whl (38 kB)
2025-08-20T18:57:28.8165307Z Using cached minio-7.1.15-py3-none-any.whl (77 kB)
2025-08-20T18:57:28.8176757Z Using cached aiohttp-3.12.15-cp312-cp312-manylinux_2_17_x86_64.manylinux2014_x86_64.whl (1.7 MB)
2025-08-20T18:57:28.8199982Z Using cached multidict-6.6.4-cp312-cp312-manylinux2014_x86_64.manylinux_2_17_x86_64.manylinux_2_28_x86_64.whl (256 kB)
2025-08-20T18:57:28.8212428Z Using cached yarl-1.20.1-cp312-cp312-manylinux_2_17_x86_64.manylinux2014_x86_64.whl (355 kB)
2025-08-20T18:57:28.8225727Z Using cached aiohappyeyeballs-2.6.1-py3-none-any.whl (15 kB)
2025-08-20T18:57:28.8236474Z Using cached aiosignal-1.4.0-py3-none-any.whl (7.5 kB)
2025-08-20T18:57:28.8247086Z Using cached attrs-25.3.0-py3-none-any.whl (63 kB)
2025-08-20T18:57:28.8259389Z Using cached frozenlist-1.7.0-cp312-cp312-manylinux_2_5_x86_64.manylinux1_x86_64.manylinux_2_17_x86_64.manylinux2014_x86_64.whl (241 kB)
2025-08-20T18:57:28.8272017Z Using cached propcache-0.3.2-cp312-cp312-manylinux_2_17_x86_64.manylinux2014_x86_64.whl (224 kB)
2025-08-20T18:57:28.8284213Z Using cached tqdm-4.67.1-py3-none-any.whl (78 kB)
2025-08-20T18:57:29.0070682Z Installing collected packages: tqdm, propcache, multidict, minio, frozenlist, attrs, aiohappyeyeballs, yarl, aiosignal, aiohttp, keepa
2025-08-20T18:57:29.1088395Z   Attempting uninstall: minio
2025-08-20T18:57:29.1136517Z     Found existing installation: minio 7.2.16
2025-08-20T18:57:29.1173499Z     Uninstalling minio-7.2.16:
2025-08-20T18:57:29.1183629Z       Successfully uninstalled minio-7.2.16
2025-08-20T18:57:29.4698397Z 
2025-08-20T18:57:29.4813484Z Successfully installed aiohappyeyeballs-2.6.1 aiohttp-3.12.15 aiosignal-1.4.0 attrs-25.3.0 frozenlist-1.7.0 keepa-1.3.15 minio-7.1.15 multidict-6.6.4 propcache-0.3.2 tqdm-4.67.1 yarl-1.20.1
2025-08-20T18:57:29.6249301Z ##[group]Run ruff check .
2025-08-20T18:57:29.6249568Z [36;1mruff check .[0m
2025-08-20T18:57:29.6249773Z [36;1mruff format --check .[0m
2025-08-20T18:57:29.6249989Z [36;1mvulture[0m
2025-08-20T18:57:29.6290423Z shell: /usr/bin/bash -e {0}
2025-08-20T18:57:29.6290649Z env:
2025-08-20T18:57:29.6290849Z   REDIS_URL: redis://localhost:6379/0
2025-08-20T18:57:29.6291105Z   RATE_LIMIT_DEFAULT: 100/minute
2025-08-20T18:57:29.6291321Z   TRUST_X_FORWARDED: 1
2025-08-20T18:57:29.6291518Z   PG_USER: postgres
2025-08-20T18:57:29.6291718Z   PG_PASSWORD: pass
2025-08-20T18:57:29.6292353Z   PG_DATABASE: awa
2025-08-20T18:57:29.6292542Z   PG_HOST: localhost
2025-08-20T18:57:29.6292728Z   PG_PORT: 5432
2025-08-20T18:57:29.6293320Z   PG_SYNC_DSN: ***localhost:5432/awa
2025-08-20T18:57:29.6293724Z   PG_ASYNC_DSN: ***localhost:5432/awa
2025-08-20T18:57:29.6294101Z   DATABASE_URL: ***localhost:5432/awa
2025-08-20T18:57:29.6294329Z   DATA_DIR: /tmp/awa-data
2025-08-20T18:57:29.6294563Z   ENABLE_LIVE: 0
2025-08-20T18:57:29.6294733Z   TESTING: 1
2025-08-20T18:57:29.6294968Z   pythonLocation: /opt/hostedtoolcache/Python/3.12.11/x64
2025-08-20T18:57:29.6295371Z   PKG_CONFIG_PATH: /opt/hostedtoolcache/Python/3.12.11/x64/lib/pkgconfig
2025-08-20T18:57:29.6295745Z   Python_ROOT_DIR: /opt/hostedtoolcache/Python/3.12.11/x64
2025-08-20T18:57:29.6296085Z   Python2_ROOT_DIR: /opt/hostedtoolcache/Python/3.12.11/x64
2025-08-20T18:57:29.6296427Z   Python3_ROOT_DIR: /opt/hostedtoolcache/Python/3.12.11/x64
2025-08-20T18:57:29.6296767Z   LD_LIBRARY_PATH: /opt/hostedtoolcache/Python/3.12.11/x64/lib
2025-08-20T18:57:29.6297052Z ##[endgroup]
2025-08-20T18:57:29.6578535Z All checks passed!
2025-08-20T18:57:29.6819046Z 254 files already formatted
2025-08-20T18:57:29.7386529Z ##[group]Run for i in {1..30}; do pg_isready -h "$PG_HOST" -p "$PG_PORT" -U "$PG_USER" -d "$PG_DATABASE" && break; sleep 1; done
2025-08-20T18:57:29.7387693Z [36;1mfor i in {1..30}; do pg_isready -h "$PG_HOST" -p "$PG_PORT" -U "$PG_USER" -d "$PG_DATABASE" && break; sleep 1; done[0m
2025-08-20T18:57:29.7445427Z shell: /usr/bin/bash -e {0}
2025-08-20T18:57:29.7445817Z env:
2025-08-20T18:57:29.7446165Z   REDIS_URL: redis://localhost:6379/0
2025-08-20T18:57:29.7446636Z   RATE_LIMIT_DEFAULT: 100/minute
2025-08-20T18:57:29.7447047Z   TRUST_X_FORWARDED: 1
2025-08-20T18:57:29.7447390Z   PG_USER: postgres
2025-08-20T18:57:29.7447720Z   PG_PASSWORD: pass
2025-08-20T18:57:29.7448045Z   PG_DATABASE: awa
2025-08-20T18:57:29.7448356Z   PG_HOST: localhost
2025-08-20T18:57:29.7448679Z   PG_PORT: 5432
2025-08-20T18:57:29.7449389Z   PG_SYNC_DSN: ***localhost:5432/awa
2025-08-20T18:57:29.7450164Z   PG_ASYNC_DSN: ***localhost:5432/awa
2025-08-20T18:57:29.7450910Z   DATABASE_URL: ***localhost:5432/awa
2025-08-20T18:57:29.7451330Z   DATA_DIR: /tmp/awa-data
2025-08-20T18:57:29.7451687Z   ENABLE_LIVE: 0
2025-08-20T18:57:29.7452295Z   TESTING: 1
2025-08-20T18:57:29.7452705Z   pythonLocation: /opt/hostedtoolcache/Python/3.12.11/x64
2025-08-20T18:57:29.7453413Z   PKG_CONFIG_PATH: /opt/hostedtoolcache/Python/3.12.11/x64/lib/pkgconfig
2025-08-20T18:57:29.7454095Z   Python_ROOT_DIR: /opt/hostedtoolcache/Python/3.12.11/x64
2025-08-20T18:57:29.7454718Z   Python2_ROOT_DIR: /opt/hostedtoolcache/Python/3.12.11/x64
2025-08-20T18:57:29.7455345Z   Python3_ROOT_DIR: /opt/hostedtoolcache/Python/3.12.11/x64
2025-08-20T18:57:29.7455976Z   LD_LIBRARY_PATH: /opt/hostedtoolcache/Python/3.12.11/x64/lib
2025-08-20T18:57:29.7456507Z ##[endgroup]
2025-08-20T18:57:29.8291309Z localhost:5432 - accepting connections
2025-08-20T18:57:29.8331105Z ##[group]Run psql -h "$PG_HOST" -p "$PG_PORT" -U "$PG_USER" -d "$PG_DATABASE" -c "SELECT 1"
2025-08-20T18:57:29.8331631Z [36;1mpsql -h "$PG_HOST" -p "$PG_PORT" -U "$PG_USER" -d "$PG_DATABASE" -c "SELECT 1"[0m
2025-08-20T18:57:29.8369474Z shell: /usr/bin/bash -e {0}
2025-08-20T18:57:29.8369698Z env:
2025-08-20T18:57:29.8369890Z   REDIS_URL: redis://localhost:6379/0
2025-08-20T18:57:29.8370150Z   RATE_LIMIT_DEFAULT: 100/minute
2025-08-20T18:57:29.8370385Z   TRUST_X_FORWARDED: 1
2025-08-20T18:57:29.8370575Z   PG_USER: postgres
2025-08-20T18:57:29.8370760Z   PG_PASSWORD: pass
2025-08-20T18:57:29.8370952Z   PG_DATABASE: awa
2025-08-20T18:57:29.8371125Z   PG_HOST: localhost
2025-08-20T18:57:29.8371313Z   PG_PORT: 5432
2025-08-20T18:57:29.8371773Z   PG_SYNC_DSN: ***localhost:5432/awa
2025-08-20T18:57:29.8372519Z   PG_ASYNC_DSN: ***localhost:5432/awa
2025-08-20T18:57:29.8372909Z   DATABASE_URL: ***localhost:5432/awa
2025-08-20T18:57:29.8373137Z   DATA_DIR: /tmp/awa-data
2025-08-20T18:57:29.8373371Z   ENABLE_LIVE: 0
2025-08-20T18:57:29.8373541Z   TESTING: 1
2025-08-20T18:57:29.8373963Z   pythonLocation: /opt/hostedtoolcache/Python/3.12.11/x64
2025-08-20T18:57:29.8374358Z   PKG_CONFIG_PATH: /opt/hostedtoolcache/Python/3.12.11/x64/lib/pkgconfig
2025-08-20T18:57:29.8374737Z   Python_ROOT_DIR: /opt/hostedtoolcache/Python/3.12.11/x64
2025-08-20T18:57:29.8375071Z   Python2_ROOT_DIR: /opt/hostedtoolcache/Python/3.12.11/x64
2025-08-20T18:57:29.8375411Z   Python3_ROOT_DIR: /opt/hostedtoolcache/Python/3.12.11/x64
2025-08-20T18:57:29.8375754Z   LD_LIBRARY_PATH: /opt/hostedtoolcache/Python/3.12.11/x64/lib
2025-08-20T18:57:29.8376059Z   PGPASSWORD: pass
2025-08-20T18:57:29.8376246Z ##[endgroup]
2025-08-20T18:57:29.9336779Z  ?column? 
2025-08-20T18:57:29.9337360Z ----------
2025-08-20T18:57:29.9337812Z         1
2025-08-20T18:57:29.9338079Z (1 row)
2025-08-20T18:57:29.9338241Z 
2025-08-20T18:57:29.9370788Z ##[group]Run alembic -c services/api/alembic.ini upgrade head
2025-08-20T18:57:29.9371192Z [36;1malembic -c services/api/alembic.ini upgrade head[0m
2025-08-20T18:57:29.9409522Z shell: /usr/bin/bash -e {0}
2025-08-20T18:57:29.9409737Z env:
2025-08-20T18:57:29.9409933Z   REDIS_URL: redis://localhost:6379/0
2025-08-20T18:57:29.9410193Z   RATE_LIMIT_DEFAULT: 100/minute
2025-08-20T18:57:29.9410403Z   TRUST_X_FORWARDED: 1
2025-08-20T18:57:29.9410594Z   PG_USER: postgres
2025-08-20T18:57:29.9410781Z   PG_PASSWORD: pass
2025-08-20T18:57:29.9410950Z   PG_DATABASE: awa
2025-08-20T18:57:29.9411130Z   PG_HOST: localhost
2025-08-20T18:57:29.9411317Z   PG_PORT: 5432
2025-08-20T18:57:29.9411719Z   PG_SYNC_DSN: ***localhost:5432/awa
2025-08-20T18:57:29.9412381Z   PG_ASYNC_DSN: ***localhost:5432/awa
2025-08-20T18:57:29.9412777Z   DATABASE_URL: ***localhost:5432/awa
2025-08-20T18:57:29.9413001Z   DATA_DIR: /tmp/awa-data
2025-08-20T18:57:29.9413198Z   ENABLE_LIVE: 0
2025-08-20T18:57:29.9413396Z   TESTING: 1
2025-08-20T18:57:29.9413630Z   pythonLocation: /opt/hostedtoolcache/Python/3.12.11/x64
2025-08-20T18:57:29.9414013Z   PKG_CONFIG_PATH: /opt/hostedtoolcache/Python/3.12.11/x64/lib/pkgconfig
2025-08-20T18:57:29.9414400Z   Python_ROOT_DIR: /opt/hostedtoolcache/Python/3.12.11/x64
2025-08-20T18:57:29.9414742Z   Python2_ROOT_DIR: /opt/hostedtoolcache/Python/3.12.11/x64
2025-08-20T18:57:29.9415076Z   Python3_ROOT_DIR: /opt/hostedtoolcache/Python/3.12.11/x64
2025-08-20T18:57:29.9415421Z   LD_LIBRARY_PATH: /opt/hostedtoolcache/Python/3.12.11/x64/lib
2025-08-20T18:57:29.9415706Z ##[endgroup]
2025-08-20T18:57:30.9910406Z INFO  [alembic.runtime.migration] Context impl PostgresqlImpl.
2025-08-20T18:57:30.9911210Z INFO  [alembic.runtime.migration] Will assume transactional DDL.
2025-08-20T18:57:31.0082836Z INFO  [alembic.runtime.migration] Running upgrade  -> 0001_baseline
2025-08-20T18:57:31.0230144Z INFO  [alembic.runtime.migration] Running upgrade 0001_baseline -> 0002_create_roi_view
2025-08-20T18:57:31.0256576Z INFO  [alembic.runtime.migration] Running upgrade 0002_create_roi_view -> 3e9d5c5aff2c
2025-08-20T18:57:31.0421982Z INFO  [alembic.runtime.migration] Running upgrade 3e9d5c5aff2c -> 0003_vendor_prices
2025-08-20T18:57:31.0563834Z INFO  [alembic.runtime.migration] Running upgrade 0003_vendor_prices -> 0004_fee_cron
2025-08-20T18:57:31.0637650Z INFO  [alembic.runtime.migration] Running upgrade 0004_fee_cron -> 0006_fix_roi_views
2025-08-20T18:57:31.0668841Z INFO  [alembic.runtime.migration] Running upgrade 0006_fix_roi_views -> 0020_unified_schema
2025-08-20T18:57:31.0786391Z INFO  [alembic.runtime.migration] Running upgrade 0020_unified_schema -> 0022_fix_roi_view
2025-08-20T18:57:31.0857991Z INFO  [alembic.runtime.migration] Running upgrade 0022_fix_roi_view -> 0023_add_storage_fee
2025-08-20T18:57:31.0896480Z INFO  [alembic.runtime.migration] Running upgrade 0023_add_storage_fee -> 0024_create_buybox
2025-08-20T18:57:31.0918565Z INFO  [alembic.runtime.migration] Running upgrade 0024_create_buybox -> 0025_pr4_indexes_loadlog
2025-08-20T18:57:31.1124355Z INFO  [alembic.runtime.migration] Running upgrade 0025_pr4_indexes_loadlog -> 0026_amazon_new_reports
2025-08-20T18:57:31.2100948Z ##[group]Run python -m mypy services || true
2025-08-20T18:57:31.2101447Z [36;1mpython -m mypy services || true[0m
2025-08-20T18:57:31.2140986Z shell: /usr/bin/bash -e {0}
2025-08-20T18:57:31.2141202Z env:
2025-08-20T18:57:31.2141399Z   REDIS_URL: redis://localhost:6379/0
2025-08-20T18:57:31.2141654Z   RATE_LIMIT_DEFAULT: 100/minute
2025-08-20T18:57:31.2142031Z   TRUST_X_FORWARDED: 1
2025-08-20T18:57:31.2142229Z   PG_USER: postgres
2025-08-20T18:57:31.2142414Z   PG_PASSWORD: pass
2025-08-20T18:57:31.2142588Z   PG_DATABASE: awa
2025-08-20T18:57:31.2142766Z   PG_HOST: localhost
2025-08-20T18:57:31.2142947Z   PG_PORT: 5432
2025-08-20T18:57:31.2143360Z   PG_SYNC_DSN: ***localhost:5432/awa
2025-08-20T18:57:31.2143781Z   PG_ASYNC_DSN: ***localhost:5432/awa
2025-08-20T18:57:31.2144173Z   DATABASE_URL: ***localhost:5432/awa
2025-08-20T18:57:31.2144399Z   DATA_DIR: /tmp/awa-data
2025-08-20T18:57:31.2144599Z   ENABLE_LIVE: 0
2025-08-20T18:57:31.2144770Z   TESTING: 1
2025-08-20T18:57:31.2145048Z   pythonLocation: /opt/hostedtoolcache/Python/3.12.11/x64
2025-08-20T18:57:31.2145443Z   PKG_CONFIG_PATH: /opt/hostedtoolcache/Python/3.12.11/x64/lib/pkgconfig
2025-08-20T18:57:31.2145829Z   Python_ROOT_DIR: /opt/hostedtoolcache/Python/3.12.11/x64
2025-08-20T18:57:31.2146171Z   Python2_ROOT_DIR: /opt/hostedtoolcache/Python/3.12.11/x64
2025-08-20T18:57:31.2146521Z   Python3_ROOT_DIR: /opt/hostedtoolcache/Python/3.12.11/x64
2025-08-20T18:57:31.2146861Z   LD_LIBRARY_PATH: /opt/hostedtoolcache/Python/3.12.11/x64/lib
2025-08-20T18:57:31.2147154Z ##[endgroup]
2025-08-20T18:58:02.5422281Z Success: no issues found in 97 source files
2025-08-20T18:58:02.5820158Z ##[group]Run pytest -q --cov=services --cov-report=xml
2025-08-20T18:58:02.5820815Z [36;1mpytest -q --cov=services --cov-report=xml[0m
2025-08-20T18:58:02.5878714Z shell: /usr/bin/bash -e {0}
2025-08-20T18:58:02.5879085Z env:
2025-08-20T18:58:02.5879432Z   REDIS_URL: redis://localhost:6379/0
2025-08-20T18:58:02.5879886Z   RATE_LIMIT_DEFAULT: 100/minute
2025-08-20T18:58:02.5880272Z   TRUST_X_FORWARDED: 1
2025-08-20T18:58:02.5880605Z   PG_USER: postgres
2025-08-20T18:58:02.5880918Z   PG_PASSWORD: pass
2025-08-20T18:58:02.5881218Z   PG_DATABASE: awa
2025-08-20T18:58:02.5881509Z   PG_HOST: localhost
2025-08-20T18:58:02.5881997Z   PG_PORT: 5432
2025-08-20T18:58:02.5882654Z   PG_SYNC_DSN: ***localhost:5432/awa
2025-08-20T18:58:02.5883331Z   PG_ASYNC_DSN: ***localhost:5432/awa
2025-08-20T18:58:02.5884002Z   DATABASE_URL: ***localhost:5432/awa
2025-08-20T18:58:02.5884417Z   DATA_DIR: /tmp/awa-data
2025-08-20T18:58:02.5884761Z   ENABLE_LIVE: 0
2025-08-20T18:58:02.5885068Z   TESTING: 1
2025-08-20T18:58:02.5885523Z   pythonLocation: /opt/hostedtoolcache/Python/3.12.11/x64
2025-08-20T18:58:02.5886202Z   PKG_CONFIG_PATH: /opt/hostedtoolcache/Python/3.12.11/x64/lib/pkgconfig
2025-08-20T18:58:02.5886892Z   Python_ROOT_DIR: /opt/hostedtoolcache/Python/3.12.11/x64
2025-08-20T18:58:02.5887525Z   Python2_ROOT_DIR: /opt/hostedtoolcache/Python/3.12.11/x64
2025-08-20T18:58:02.5888146Z   Python3_ROOT_DIR: /opt/hostedtoolcache/Python/3.12.11/x64
2025-08-20T18:58:02.5888759Z   LD_LIBRARY_PATH: /opt/hostedtoolcache/Python/3.12.11/x64/lib
2025-08-20T18:58:02.5889281Z ##[endgroup]
2025-08-20T18:58:35.6717964Z ........s.............................sssssss........................... [ 41%]
2025-08-20T18:59:07.5824988Z ........................................................................ [ 83%]
2025-08-20T18:59:08.7787678Z .............................                                            [100%]
2025-08-20T18:59:08.7788409Z =============================== warnings summary ===============================
2025-08-20T18:59:08.7789272Z ../../../../../opt/hostedtoolcache/Python/3.12.11/x64/lib/python3.12/site-packages/pydantic/fields.py:1093
2025-08-20T18:59:08.7792056Z   /opt/hostedtoolcache/Python/3.12.11/x64/lib/python3.12/site-packages/pydantic/fields.py:1093: PydanticDeprecatedSince20: Using extra keyword arguments on `Field` is deprecated and will be removed. Use `json_schema_extra` instead. (Extra keys: 'strip_whitespace'). Deprecated in Pydantic V2.0 to be removed in V3.0. See Pydantic V2 Migration Guide at https://errors.pydantic.dev/2.11/migration/
2025-08-20T18:59:08.7794925Z     warn(
2025-08-20T18:59:08.7795121Z 
2025-08-20T18:59:08.7795331Z services/alert_bot/tests/test_smoke.py:5
2025-08-20T18:59:08.7797574Z   /home/runner/work/AWA-App/AWA-App/services/alert_bot/tests/test_smoke.py:5: UserWarning: pkg_resources is deprecated as an API. See https://setuptools.pypa.io/en/latest/pkg_resources.html. The pkg_resources package is slated for removal as early as 2025-11-30. Refrain from using this package or pin to Setuptools<81.
2025-08-20T18:59:08.7799538Z     import pkg_resources  # noqa: F401
2025-08-20T18:59:08.7799824Z 
2025-08-20T18:59:08.7800017Z tests/api/test_ingest_endpoints.py: 12 warnings
2025-08-20T18:59:08.7800499Z tests/ingest/test_tasks_eager.py: 3 warnings
2025-08-20T18:59:08.7800943Z tests/test_api_fast.py: 1 warning
2025-08-20T18:59:08.7801334Z tests/test_health.py: 5 warnings
2025-08-20T18:59:08.7801726Z tests/test_smoke.py: 5 warnings
2025-08-20T18:59:08.7802288Z services/api/tests/test_cors.py: 1 warning
2025-08-20T18:59:08.7802781Z services/api/tests/test_errors_json.py: 2 warnings
2025-08-20T18:59:08.7803285Z services/api/tests/test_health.py: 1 warning
2025-08-20T18:59:08.7803775Z services/api/tests/test_rate_limit.py: 122 warnings
2025-08-20T18:59:08.7804321Z services/api/tests/test_roi_basic_auth.py: 4 warnings
2025-08-20T18:59:08.7804859Z services/api/tests/test_sentry_event.py: 1 warning
2025-08-20T18:59:08.7805402Z services/api/tests/test_stats_contracts.py: 3 warnings
2025-08-20T18:59:08.7806484Z services/api/tests/test_stats_future_contracts.py: 3 warnings
2025-08-20T18:59:08.7808678Z   /opt/hostedtoolcache/Python/3.12.11/x64/lib/python3.12/site-packages/asgi_correlation_id/extensions/sentry.py:27: DeprecationWarning: sentry_sdk.configure_scope is deprecated and will be removed in the next major version. Please consult our migration guide to learn how to migrate to the new API: https://docs.sentry.io/platforms/python/migration/1.x-to-2.x#scope-configuring
2025-08-20T18:59:08.7810931Z     with configure_scope() as scope:
2025-08-20T18:59:08.7811212Z 
2025-08-20T18:59:08.7811392Z tests/api/test_ingest_endpoints.py: 3 warnings
2025-08-20T18:59:08.7811802Z tests/test_api_fast.py: 1 warning
2025-08-20T18:59:08.7812366Z tests/test_health.py: 5 warnings
2025-08-20T18:59:08.7812716Z tests/test_smoke.py: 5 warnings
2025-08-20T18:59:08.7813071Z services/api/tests/test_cors.py: 3 warnings
2025-08-20T18:59:08.7813511Z services/api/tests/test_errors_json.py: 2 warnings
2025-08-20T18:59:08.7814008Z services/api/tests/test_health.py: 1 warning
2025-08-20T18:59:08.7814509Z services/api/tests/test_rate_limit.py: 2 warnings
2025-08-20T18:59:08.7815035Z services/api/tests/test_sentry_event.py: 1 warning
2025-08-20T18:59:08.7815567Z services/api/tests/test_stats_contracts.py: 3 warnings
2025-08-20T18:59:08.7816156Z services/api/tests/test_stats_future_contracts.py: 1 warning
2025-08-20T18:59:08.7817593Z   /opt/hostedtoolcache/Python/3.12.11/x64/lib/python3.12/site-packages/fastapi_limiter/__init__.py:89: DeprecationWarning: Call to deprecated close. (Use aclose() instead) -- Deprecated since version 5.0.1.
2025-08-20T18:59:08.7818960Z     await cls.redis.close()
2025-08-20T18:59:08.7819216Z 
2025-08-20T18:59:08.7819472Z tests/test_api_fast.py::test_health_endpoint
2025-08-20T18:59:08.7821307Z   /home/runner/work/AWA-App/AWA-App/tests/test_api_fast.py:13: DeprecationWarning: datetime.datetime.utcnow() is deprecated and scheduled for removal in a future version. Use timezone-aware objects to represent datetimes in UTC: datetime.datetime.now(datetime.UTC).
2025-08-20T18:59:08.7823301Z     return datetime.datetime.utcnow()
2025-08-20T18:59:08.7823626Z 
2025-08-20T18:59:08.7823778Z tests/test_api_fast.py: 1 warning
2025-08-20T18:59:08.7824202Z tests/test_health.py: 5 warnings
2025-08-20T18:59:08.7824601Z tests/test_smoke.py: 5 warnings
2025-08-20T18:59:08.7825025Z services/api/tests/test_cors.py: 1 warning
2025-08-20T18:59:08.7825805Z services/api/tests/test_health.py: 1 warning
2025-08-20T18:59:08.7826338Z services/api/tests/test_rate_limit.py: 102 warnings
2025-08-20T18:59:08.7828181Z   /home/runner/work/AWA-App/AWA-App/services/api/routes/health.py:24: DeprecationWarning: datetime.datetime.utcnow() is deprecated and scheduled for removal in a future version. Use timezone-aware objects to represent datetimes in UTC: datetime.datetime.now(datetime.UTC).
2025-08-20T18:59:08.7830084Z     app_now = datetime.utcnow().replace(tzinfo=timezone.utc)
2025-08-20T18:59:08.7830493Z 
2025-08-20T18:59:08.7830680Z tests/test_health.py::test_health[0]
2025-08-20T18:59:08.7831221Z tests/test_health.py::test_health[1]
2025-08-20T18:59:08.7831657Z tests/test_health.py::test_health[2]
2025-08-20T18:59:08.7832511Z tests/test_health.py::test_health[3]
2025-08-20T18:59:08.7833009Z tests/test_health.py::test_health[4]
2025-08-20T18:59:08.7834721Z   /home/runner/work/AWA-App/AWA-App/tests/test_health.py:22: DeprecationWarning: datetime.datetime.utcnow() is deprecated and scheduled for removal in a future version. Use timezone-aware objects to represent datetimes in UTC: datetime.datetime.now(datetime.UTC).
2025-08-20T18:59:08.7836490Z     return datetime.datetime.utcnow()
2025-08-20T18:59:08.7836811Z 
2025-08-20T18:59:08.7836978Z tests/test_smoke.py::test_health[0]
2025-08-20T18:59:08.7837423Z tests/test_smoke.py::test_health[1]
2025-08-20T18:59:08.7837853Z tests/test_smoke.py::test_health[2]
2025-08-20T18:59:08.7838292Z tests/test_smoke.py::test_health[3]
2025-08-20T18:59:08.7838725Z tests/test_smoke.py::test_health[4]
2025-08-20T18:59:08.7840661Z   /home/runner/work/AWA-App/AWA-App/tests/test_smoke.py:32: DeprecationWarning: datetime.datetime.utcnow() is deprecated and scheduled for removal in a future version. Use timezone-aware objects to represent datetimes in UTC: datetime.datetime.now(datetime.UTC).
2025-08-20T18:59:08.7842640Z     return datetime.datetime.utcnow()
2025-08-20T18:59:08.7842961Z 
2025-08-20T18:59:08.7843255Z services/api/tests/test_cors.py::test_cors_simple_get_allowed
2025-08-20T18:59:08.7845204Z   /home/runner/work/AWA-App/AWA-App/services/api/tests/test_cors.py:27: DeprecationWarning: datetime.datetime.utcnow() is deprecated and scheduled for removal in a future version. Use timezone-aware objects to represent datetimes in UTC: datetime.datetime.now(datetime.UTC).
2025-08-20T18:59:08.7847038Z     return datetime.datetime.utcnow()
2025-08-20T18:59:08.7847350Z 
2025-08-20T18:59:08.7847588Z services/api/tests/test_health.py::test_health_route
2025-08-20T18:59:08.7849504Z   /home/runner/work/AWA-App/AWA-App/services/api/tests/test_health.py:14: DeprecationWarning: datetime.datetime.utcnow() is deprecated and scheduled for removal in a future version. Use timezone-aware objects to represent datetimes in UTC: datetime.datetime.now(datetime.UTC).
2025-08-20T18:59:08.7851362Z     return datetime.datetime.utcnow()
2025-08-20T18:59:08.7851676Z 
2025-08-20T18:59:08.7852078Z services/api/tests/test_rate_limit.py: 102 warnings
2025-08-20T18:59:08.7853962Z   /home/runner/work/AWA-App/AWA-App/services/api/tests/test_rate_limit.py:33: DeprecationWarning: datetime.datetime.utcnow() is deprecated and scheduled for removal in a future version. Use timezone-aware objects to represent datetimes in UTC: datetime.datetime.now(datetime.UTC).
2025-08-20T18:59:08.7855843Z     return datetime.datetime.utcnow()
2025-08-20T18:59:08.7856162Z 
2025-08-20T18:59:08.7856598Z services/api/tests/test_sentry_event.py::test_unhandled_exception_is_captured_and_tagged
2025-08-20T18:59:08.7858996Z   /home/runner/work/AWA-App/AWA-App/services/api/tests/test_sentry_event.py:47: SentryHubDeprecationWarning: `sentry_sdk.Hub` is deprecated and will be removed in a future major release. Please consult our 1.x to 2.x migration guide for details on how to migrate `Hub` usage to the new API: https://docs.sentry.io/platforms/python/migration/1.x-to-2.x
2025-08-20T18:59:08.7861109Z     hub = sentry_sdk.Hub.current
2025-08-20T18:59:08.7861387Z 
2025-08-20T18:59:08.7861722Z -- Docs: https://docs.pytest.org/en/stable/how-to/capture-warnings.html
2025-08-20T18:59:08.7862863Z ================================ tests coverage ================================
2025-08-20T18:59:08.7863539Z _______________ coverage: platform linux, python 3.12.11-final-0 _______________
2025-08-20T18:59:08.7864000Z 
2025-08-20T18:59:08.7864189Z Coverage XML written to file coverage.xml
2025-08-20T18:59:08.7864760Z Sentry is attempting to send 0 pending events
2025-08-20T18:59:08.7865249Z Waiting up to True seconds
2025-08-20T18:59:08.7865690Z Press Ctrl-C to quit
2025-08-20T18:59:09.2279949Z ##[group]Run actions/upload-artifact@v4
2025-08-20T18:59:09.2280226Z with:
2025-08-20T18:59:09.2280394Z   name: coverage
2025-08-20T18:59:09.2280572Z   path: coverage.xml
2025-08-20T18:59:09.2280767Z   if-no-files-found: warn
2025-08-20T18:59:09.2280966Z   compression-level: 6
2025-08-20T18:59:09.2281153Z   overwrite: false
2025-08-20T18:59:09.2281343Z   include-hidden-files: false
2025-08-20T18:59:09.2281548Z env:
2025-08-20T18:59:09.2281747Z   REDIS_URL: redis://localhost:6379/0
2025-08-20T18:59:09.2282220Z   RATE_LIMIT_DEFAULT: 100/minute
2025-08-20T18:59:09.2282437Z   TRUST_X_FORWARDED: 1
2025-08-20T18:59:09.2282625Z   PG_USER: postgres
2025-08-20T18:59:09.2282807Z   PG_PASSWORD: pass
2025-08-20T18:59:09.2282982Z   PG_DATABASE: awa
2025-08-20T18:59:09.2283157Z   PG_HOST: localhost
2025-08-20T18:59:09.2283336Z   PG_PORT: 5432
2025-08-20T18:59:09.2283738Z   PG_SYNC_DSN: ***localhost:5432/awa
2025-08-20T18:59:09.2284133Z   PG_ASYNC_DSN: ***localhost:5432/awa
2025-08-20T18:59:09.2284520Z   DATABASE_URL: ***localhost:5432/awa
2025-08-20T18:59:09.2284750Z   DATA_DIR: /tmp/awa-data
2025-08-20T18:59:09.2284941Z   ENABLE_LIVE: 0
2025-08-20T18:59:09.2285109Z   TESTING: 1
2025-08-20T18:59:09.2285337Z   pythonLocation: /opt/hostedtoolcache/Python/3.12.11/x64
2025-08-20T18:59:09.2285721Z   PKG_CONFIG_PATH: /opt/hostedtoolcache/Python/3.12.11/x64/lib/pkgconfig
2025-08-20T18:59:09.2286099Z   Python_ROOT_DIR: /opt/hostedtoolcache/Python/3.12.11/x64
2025-08-20T18:59:09.2286441Z   Python2_ROOT_DIR: /opt/hostedtoolcache/Python/3.12.11/x64
2025-08-20T18:59:09.2286781Z   Python3_ROOT_DIR: /opt/hostedtoolcache/Python/3.12.11/x64
2025-08-20T18:59:09.2287114Z   LD_LIBRARY_PATH: /opt/hostedtoolcache/Python/3.12.11/x64/lib
2025-08-20T18:59:09.2287396Z ##[endgroup]
2025-08-20T18:59:09.4474937Z With the provided path, there will be 1 file uploaded
2025-08-20T18:59:09.4479590Z Artifact name is valid!
2025-08-20T18:59:09.4481000Z Root directory input is valid!
2025-08-20T18:59:09.7953588Z Beginning upload of artifact content to blob storage
2025-08-20T18:59:10.1186931Z Uploaded bytes 5326
2025-08-20T18:59:10.1978764Z Finished uploading artifact content to blob storage!
2025-08-20T18:59:10.1982263Z SHA256 digest of uploaded artifact zip is c2d91641c47ee71b81c3aa6cb536c1800545900fb9ac54e1355cce4bb36cfceb
2025-08-20T18:59:10.1983891Z Finalizing artifact upload
2025-08-20T18:59:10.3590889Z Artifact coverage.zip successfully finalized. Artifact ID 3812189654
2025-08-20T18:59:10.3592189Z Artifact coverage has been successfully uploaded! Final size is 5326 bytes. Artifact ID is 3812189654
2025-08-20T18:59:10.3599562Z Artifact download URL: https://github.com/AlexBomber12/AWA-App/actions/runs/17107638750/artifacts/3812189654
2025-08-20T18:59:10.3719334Z Post job cleanup.
2025-08-20T18:59:10.5451060Z [command]/usr/bin/tar --posix -cf cache.tzst --exclude cache.tzst -P -C /home/runner/work/AWA-App/AWA-App --files-from manifest.txt --use-compress-program zstdmt
2025-08-20T18:59:12.4327800Z Sent 0 of 362325399 (0.0%), 0.0 MBs/sec
2025-08-20T18:59:13.4331498Z Sent 26781079 of 362325399 (7.4%), 12.8 MBs/sec
2025-08-20T18:59:14.4343901Z Sent 295216535 of 362325399 (81.5%), 93.8 MBs/sec
2025-08-20T18:59:15.4347180Z Sent 295216535 of 362325399 (81.5%), 70.3 MBs/sec
2025-08-20T18:59:16.4360823Z Sent 295216535 of 362325399 (81.5%), 56.3 MBs/sec
2025-08-20T18:59:17.4367862Z Sent 295216535 of 362325399 (81.5%), 46.9 MBs/sec
2025-08-20T18:59:18.4383084Z Sent 295216535 of 362325399 (81.5%), 40.2 MBs/sec
2025-08-20T18:59:19.4393477Z Sent 295216535 of 362325399 (81.5%), 35.2 MBs/sec
2025-08-20T18:59:20.4399652Z Sent 295216535 of 362325399 (81.5%), 31.3 MBs/sec
2025-08-20T18:59:21.4412157Z Sent 295216535 of 362325399 (81.5%), 28.1 MBs/sec
2025-08-20T18:59:22.4411120Z Sent 362325399 of 362325399 (100.0%), 31.4 MBs/sec
2025-08-20T18:59:22.8435335Z Cache saved with the key: setup-python-Linux-x64-24.04-Ubuntu-python-3.12.11-pip-cad4f3141a3acebc51100003b786cdd8b1469fbd1e92da4bdcf4b225e9f8de52
2025-08-20T18:59:22.8539328Z Post job cleanup.
2025-08-20T18:59:22.9465883Z [command]/usr/bin/git version
2025-08-20T18:59:22.9500961Z git version 2.50.1
2025-08-20T18:59:22.9551075Z Temporarily overriding HOME='/home/runner/work/_temp/de6326ed-c3c4-458f-808c-cdbdb1831b3e' before making global git config changes
2025-08-20T18:59:22.9552593Z Adding repository directory to the temporary git global config as a safe directory
2025-08-20T18:59:22.9557333Z [command]/usr/bin/git config --global --add safe.directory /home/runner/work/AWA-App/AWA-App
2025-08-20T18:59:22.9591181Z [command]/usr/bin/git config --local --name-only --get-regexp core\.sshCommand
2025-08-20T18:59:22.9623599Z [command]/usr/bin/git submodule foreach --recursive sh -c "git config --local --name-only --get-regexp 'core\.sshCommand' && git config --local --unset-all 'core.sshCommand' || :"
2025-08-20T18:59:22.9849403Z [command]/usr/bin/git config --local --name-only --get-regexp http\.https\:\/\/github\.com\/\.extraheader
2025-08-20T18:59:22.9869565Z http.https://github.com/.extraheader
2025-08-20T18:59:22.9881506Z [command]/usr/bin/git config --local --unset-all http.https://github.com/.extraheader
2025-08-20T18:59:22.9912184Z [command]/usr/bin/git submodule foreach --recursive sh -c "git config --local --name-only --get-regexp 'http\.https\:\/\/github\.com\/\.extraheader' && git config --local --unset-all 'http.https://github.com/.extraheader' || :"
2025-08-20T18:59:23.0215839Z Print service container logs: 5958b212f33b43d4aa5687d118ad803d_postgres15_767a8a
2025-08-20T18:59:23.0220679Z ##[command]/usr/bin/docker logs --details 20bc8d6c1e4ef353e3bc3d2ac7dc5f794deed805cfc9cdcfb9ff2c9764e5b4b5
2025-08-20T18:59:23.0341032Z  The files belonging to this database system will be owned by user "postgres".
2025-08-20T18:59:23.0342538Z  This user must also own the server process.
2025-08-20T18:59:23.0343176Z  
2025-08-20T18:59:23.0343734Z  The database cluster will be initialized with locale "en_US.utf8".
2025-08-20T18:59:23.0344494Z  The default database encoding has accordingly been set to "UTF8".
2025-08-20T18:59:23.0345223Z  The default text search configuration will be set to "english".
2025-08-20T18:59:23.0345789Z  
2025-08-20T18:59:23.0346092Z  Data page checksums are disabled.
2025-08-20T18:59:23.0346506Z  
2025-08-20T18:59:23.0346997Z  fixing permissions on existing directory /var/lib/postgresql/data ... ok
2025-08-20T18:59:23.0347712Z  creating subdirectories ... ok
2025-08-20T18:59:23.0348228Z  selecting dynamic shared memory implementation ... posix
2025-08-20T18:59:23.0348808Z  selecting default max_connections ... 100
2025-08-20T18:59:23.0349291Z  selecting default shared_buffers ... 128MB
2025-08-20T18:59:23.0349763Z  selecting default time zone ... Etc/UTC
2025-08-20T18:59:23.0350219Z  creating configuration files ... ok
2025-08-20T18:59:23.0350661Z  running bootstrap script ... ok
2025-08-20T18:59:23.0351143Z  performing post-bootstrap initialization ... ok
2025-08-20T18:59:23.0351638Z  syncing data to disk ... ok
2025-08-20T18:59:23.0352181Z  
2025-08-20T18:59:23.0352446Z  
2025-08-20T18:59:23.0352807Z  Success. You can now start the database server using:
2025-08-20T18:59:23.0353287Z  
2025-08-20T18:59:23.0353650Z      pg_ctl -D /var/lib/postgresql/data -l logfile start
2025-08-20T18:59:23.0355076Z  initdb: warning: enabling "trust" authentication for local connections
2025-08-20T18:59:23.0356182Z  initdb: hint: You can change this by editing pg_hba.conf or using the option -A, or --auth-local and --auth-host, the next time you run initdb.
2025-08-20T18:59:23.0357922Z  2025-08-20 18:56:40.562 UTC [1] LOG:  starting PostgreSQL 15.14 (Debian 15.14-1.pgdg13+1) on x86_64-pc-linux-gnu, compiled by gcc (Debian 14.2.0-19) 14.2.0, 64-bit
2025-08-20T18:59:23.0359018Z  2025-08-20 18:56:40.563 UTC [1] LOG:  listening on IPv4 address "0.0.0.0", port 5432
2025-08-20T18:59:23.0359692Z  2025-08-20 18:56:40.563 UTC [1] LOG:  listening on IPv6 address "::", port 5432
2025-08-20T18:59:23.0360367Z  2025-08-20 18:56:40.564 UTC [1] LOG:  listening on Unix socket "/var/run/postgresql/.s.PGSQL.5432"
2025-08-20T18:59:23.0361124Z  2025-08-20 18:56:40.568 UTC [65] LOG:  database system was shut down at 2025-08-20 18:56:40 UTC
2025-08-20T18:59:23.0362025Z  2025-08-20 18:56:40.572 UTC [1] LOG:  database system is ready to accept connections
2025-08-20T18:59:23.0362606Z  
2025-08-20T18:59:23.0363548Z  waiting for server to start....2025-08-20 18:56:40.258 UTC [49] LOG:  starting PostgreSQL 15.14 (Debian 15.14-1.pgdg13+1) on x86_64-pc-linux-gnu, compiled by gcc (Debian 14.2.0-19) 14.2.0, 64-bit
2025-08-20T18:59:23.0364871Z  2025-08-20 18:56:40.259 UTC [49] LOG:  listening on Unix socket "/var/run/postgresql/.s.PGSQL.5432"
2025-08-20T18:59:23.0365703Z  2025-08-20 18:56:40.262 UTC [52] LOG:  database system was shut down at 2025-08-20 18:56:40 UTC
2025-08-20T18:59:23.0366317Z  2025-08-20 18:56:40.274 UTC [49] LOG:  database system is ready to accept connections
2025-08-20T18:59:23.0366648Z   done
2025-08-20T18:59:23.0366821Z  server started
2025-08-20T18:59:23.0367010Z  CREATE DATABASE
2025-08-20T18:59:23.0367193Z  
2025-08-20T18:59:23.0367347Z  
2025-08-20T18:59:23.0367654Z  /usr/local/bin/docker-entrypoint.sh: ignoring /docker-entrypoint-initdb.d/*
2025-08-20T18:59:23.0368020Z  
2025-08-20T18:59:23.0368252Z  2025-08-20 18:56:40.444 UTC [49] LOG:  received fast shutdown request
2025-08-20T18:59:23.0368938Z  waiting for server to shut down....2025-08-20 18:56:40.445 UTC [49] LOG:  aborting any active transactions
2025-08-20T18:59:23.0369547Z  2025-08-20 18:56:40.446 UTC [49] LOG:  background worker "logical replication launcher" (PID 55) exited with exit code 1
2025-08-20T18:59:23.0370024Z  2025-08-20 18:56:40.446 UTC [50] LOG:  shutting down
2025-08-20T18:59:23.0370376Z  2025-08-20 18:56:40.447 UTC [50] LOG:  checkpoint starting: shutdown immediate
2025-08-20T18:59:23.0371214Z  2025-08-20 18:56:40.465 UTC [50] LOG:  checkpoint complete: wrote 922 buffers (5.6%); 0 WAL file(s) added, 0 removed, 0 recycled; write=0.014 s, sync=0.003 s, total=0.019 s; sync files=301, longest=0.001 s, average=0.001 s; distance=4239 kB, estimate=4239 kB
2025-08-20T18:59:23.0372282Z  2025-08-20 18:56:40.471 UTC [49] LOG:  database system is shut down
2025-08-20T18:59:23.0372589Z   done
2025-08-20T18:59:23.0372757Z  server stopped
2025-08-20T18:59:23.0372940Z  
2025-08-20T18:59:23.0373163Z  PostgreSQL init process complete; ready for start up.
2025-08-20T18:59:23.0373441Z  
2025-08-20T18:59:23.0378834Z Stop and remove container: 5958b212f33b43d4aa5687d118ad803d_postgres15_767a8a
2025-08-20T18:59:23.0383741Z ##[command]/usr/bin/docker rm --force 20bc8d6c1e4ef353e3bc3d2ac7dc5f794deed805cfc9cdcfb9ff2c9764e5b4b5
2025-08-20T18:59:23.1834041Z 20bc8d6c1e4ef353e3bc3d2ac7dc5f794deed805cfc9cdcfb9ff2c9764e5b4b5
2025-08-20T18:59:23.1854108Z Print service container logs: 9f27b81b4f6a488380dd75ce5c08cdc4_redis7alpine_c45eb8
2025-08-20T18:59:23.1855230Z ##[command]/usr/bin/docker logs --details 18a81ea2585916fa3c4158d037ea0060352fb1e8a6265e72495d828b30e1f26d
2025-08-20T18:59:23.1971550Z  1:C 20 Aug 2025 18:56:42.150 # WARNING Memory overcommit must be enabled! Without it, a background save or replication may fail under low memory condition. Being disabled, it can also cause failures without low memory condition, see https://github.com/jemalloc/jemalloc/issues/1328. To fix this issue add 'vm.overcommit_memory = 1' to /etc/sysctl.conf and then reboot or run the command 'sysctl vm.overcommit_memory=1' for this to take effect.
2025-08-20T18:59:23.1973327Z  1:C 20 Aug 2025 18:56:42.150 * oO0OoO0OoO0Oo Redis is starting oO0OoO0OoO0Oo
2025-08-20T18:59:23.1974074Z  1:C 20 Aug 2025 18:56:42.150 * Redis version=7.4.5, bits=64, commit=00000000, modified=0, pid=1, just started
2025-08-20T18:59:23.1974808Z  1:C 20 Aug 2025 18:56:42.150 # Warning: no config file specified, using the default config. In order to specify a config file use redis-server /path/to/redis.conf
2025-08-20T18:59:23.1975428Z  1:M 20 Aug 2025 18:56:42.150 * monotonic clock: POSIX clock_gettime
2025-08-20T18:59:23.1975782Z  1:M 20 Aug 2025 18:56:42.151 * Running mode=standalone, port=6379.
2025-08-20T18:59:23.1976099Z  1:M 20 Aug 2025 18:56:42.151 * Server initialized
2025-08-20T18:59:23.1976416Z  1:M 20 Aug 2025 18:56:42.151 * Ready to accept connections tcp
2025-08-20T18:59:23.1983104Z Stop and remove container: 9f27b81b4f6a488380dd75ce5c08cdc4_redis7alpine_c45eb8
2025-08-20T18:59:23.1983828Z ##[command]/usr/bin/docker rm --force 18a81ea2585916fa3c4158d037ea0060352fb1e8a6265e72495d828b30e1f26d
2025-08-20T18:59:23.3030468Z 18a81ea2585916fa3c4158d037ea0060352fb1e8a6265e72495d828b30e1f26d
2025-08-20T18:59:23.3052827Z Remove container network: github_network_390c78e1e59e4af994bad7346a8cc67a
2025-08-20T18:59:23.3057026Z ##[command]/usr/bin/docker network rm github_network_390c78e1e59e4af994bad7346a8cc67a
2025-08-20T18:59:23.4222900Z github_network_390c78e1e59e4af994bad7346a8cc67a
2025-08-20T18:59:23.4278627Z Cleaning up orphan processes
