2025-08-19T15:38:27.4094814Z Current runner version: '2.327.1'
2025-08-19T15:38:27.4118284Z ##[group]Runner Image Provisioner
2025-08-19T15:38:27.4119020Z Hosted Compute Agent
2025-08-19T15:38:27.4119686Z Version: 20250818.377
2025-08-19T15:38:27.4120297Z Commit: 3c593e9f75fe0b87e893bca80d6e12ba089c61fc
2025-08-19T15:38:27.4121022Z Build Date: 2025-08-18T14:52:18Z
2025-08-19T15:38:27.4121928Z ##[endgroup]
2025-08-19T15:38:27.4122673Z ##[group]Operating System
2025-08-19T15:38:27.4123221Z Ubuntu
2025-08-19T15:38:27.4123696Z 24.04.2
2025-08-19T15:38:27.4124270Z LTS
2025-08-19T15:38:27.4124708Z ##[endgroup]
2025-08-19T15:38:27.4125192Z ##[group]Runner Image
2025-08-19T15:38:27.4125848Z Image: ubuntu-24.04
2025-08-19T15:38:27.4126360Z Version: 20250810.1.0
2025-08-19T15:38:27.4127333Z Included Software: https://github.com/actions/runner-images/blob/ubuntu24/20250810.1/images/ubuntu/Ubuntu2404-Readme.md
2025-08-19T15:38:27.4128946Z Image Release: https://github.com/actions/runner-images/releases/tag/ubuntu24%2F20250810.1
2025-08-19T15:38:27.4129875Z ##[endgroup]
2025-08-19T15:38:27.4132467Z ##[group]GITHUB_TOKEN Permissions
2025-08-19T15:38:27.4134700Z Actions: read
2025-08-19T15:38:27.4135400Z Attestations: read
2025-08-19T15:38:27.4135899Z Checks: read
2025-08-19T15:38:27.4136397Z Contents: read
2025-08-19T15:38:27.4136939Z Deployments: read
2025-08-19T15:38:27.4137472Z Discussions: read
2025-08-19T15:38:27.4137972Z Issues: read
2025-08-19T15:38:27.4138519Z Metadata: read
2025-08-19T15:38:27.4138997Z Models: read
2025-08-19T15:38:27.4139502Z Packages: read
2025-08-19T15:38:27.4140064Z Pages: read
2025-08-19T15:38:27.4140551Z PullRequests: read
2025-08-19T15:38:27.4141125Z RepositoryProjects: read
2025-08-19T15:38:27.4141948Z SecurityEvents: read
2025-08-19T15:38:27.4142707Z Statuses: read
2025-08-19T15:38:27.4143181Z ##[endgroup]
2025-08-19T15:38:27.4145525Z Secret source: Dependabot
2025-08-19T15:38:27.4146658Z Prepare workflow directory
2025-08-19T15:38:27.4582964Z Prepare all required actions
2025-08-19T15:38:27.4619856Z Getting action download info
2025-08-19T15:38:27.8350545Z Download action repository 'actions/checkout@v4' (SHA:08eba0b27e820071cde6df949e0beb9ba4906955)
2025-08-19T15:38:28.5061297Z Download action repository 'actions/setup-python@v5' (SHA:a26af69be951a213d495a4c3e4e4022e16d87065)
2025-08-19T15:38:29.0031146Z Download action repository 'actions/upload-artifact@v4' (SHA:ea165f8d65b6e75b540449e92b4886f43607fa02)
2025-08-19T15:38:29.2245815Z Complete job name: unit
2025-08-19T15:38:29.2809687Z ##[group]Checking docker version
2025-08-19T15:38:29.2823576Z ##[command]/usr/bin/docker version --format '{{.Server.APIVersion}}'
2025-08-19T15:38:29.3840251Z '1.48'
2025-08-19T15:38:29.3854611Z Docker daemon API version: '1.48'
2025-08-19T15:38:29.3856136Z ##[command]/usr/bin/docker version --format '{{.Client.APIVersion}}'
2025-08-19T15:38:29.4025641Z '1.48'
2025-08-19T15:38:29.4039600Z Docker client API version: '1.48'
2025-08-19T15:38:29.4045789Z ##[endgroup]
2025-08-19T15:38:29.4049694Z ##[group]Clean up resources from previous jobs
2025-08-19T15:38:29.4056068Z ##[command]/usr/bin/docker ps --all --quiet --no-trunc --filter "label=ccda17"
2025-08-19T15:38:29.4200966Z ##[command]/usr/bin/docker network prune --force --filter "label=ccda17"
2025-08-19T15:38:29.4367111Z ##[endgroup]
2025-08-19T15:38:29.4368005Z ##[group]Create local container network
2025-08-19T15:38:29.4379357Z ##[command]/usr/bin/docker network create --label ccda17 github_network_bab446856b0f4160b0a9d57d1182c7e5
2025-08-19T15:38:29.5043516Z 5556eb395106226868bfe8ce2c2647aff61aa2036bb019c957ac1c3794baa7dd
2025-08-19T15:38:29.5062700Z ##[endgroup]
2025-08-19T15:38:29.5088573Z ##[group]Starting postgres service container
2025-08-19T15:38:29.5109212Z ##[command]/usr/bin/docker pull postgres:15
2025-08-19T15:38:30.1316175Z 15: Pulling from library/postgres
2025-08-19T15:38:30.3016263Z 396b1da7636e: Pulling fs layer
2025-08-19T15:38:30.3016880Z fca2566eba32: Pulling fs layer
2025-08-19T15:38:30.3017438Z 631fe8c6d606: Pulling fs layer
2025-08-19T15:38:30.3017960Z 77c7671c4414: Pulling fs layer
2025-08-19T15:38:30.3018891Z 2d9e29180a27: Pulling fs layer
2025-08-19T15:38:30.3019419Z c6bcc2c9a041: Pulling fs layer
2025-08-19T15:38:30.3019933Z ac4b721eb66f: Pulling fs layer
2025-08-19T15:38:30.3020294Z 606bd164980e: Pulling fs layer
2025-08-19T15:38:30.3020662Z f5dfd246bc6e: Pulling fs layer
2025-08-19T15:38:30.3021017Z ba7036bb0a60: Pulling fs layer
2025-08-19T15:38:30.3021349Z 799f859abbbd: Pulling fs layer
2025-08-19T15:38:30.3021944Z d903e777080c: Pulling fs layer
2025-08-19T15:38:30.3022308Z 04adcb462801: Pulling fs layer
2025-08-19T15:38:30.3022639Z 5c10925b29ff: Pulling fs layer
2025-08-19T15:38:30.3022959Z ac4b721eb66f: Waiting
2025-08-19T15:38:30.3023252Z 799f859abbbd: Waiting
2025-08-19T15:38:30.3023541Z 606bd164980e: Waiting
2025-08-19T15:38:30.3023826Z d903e777080c: Waiting
2025-08-19T15:38:30.3024123Z f5dfd246bc6e: Waiting
2025-08-19T15:38:30.3024414Z 04adcb462801: Waiting
2025-08-19T15:38:30.3024711Z ba7036bb0a60: Waiting
2025-08-19T15:38:30.3024988Z 5c10925b29ff: Waiting
2025-08-19T15:38:30.3025301Z 77c7671c4414: Waiting
2025-08-19T15:38:30.3025586Z 2d9e29180a27: Waiting
2025-08-19T15:38:30.3025861Z c6bcc2c9a041: Waiting
2025-08-19T15:38:30.5353505Z fca2566eba32: Download complete
2025-08-19T15:38:30.7444687Z 631fe8c6d606: Verifying Checksum
2025-08-19T15:38:30.7445567Z 631fe8c6d606: Download complete
2025-08-19T15:38:30.8058662Z 396b1da7636e: Verifying Checksum
2025-08-19T15:38:30.8060230Z 396b1da7636e: Download complete
2025-08-19T15:38:30.8186431Z 77c7671c4414: Verifying Checksum
2025-08-19T15:38:30.8187763Z 77c7671c4414: Download complete
2025-08-19T15:38:31.0577679Z ac4b721eb66f: Verifying Checksum
2025-08-19T15:38:31.0581804Z ac4b721eb66f: Download complete
2025-08-19T15:38:31.0761787Z 2d9e29180a27: Verifying Checksum
2025-08-19T15:38:31.0763827Z 2d9e29180a27: Download complete
2025-08-19T15:38:31.1034032Z c6bcc2c9a041: Verifying Checksum
2025-08-19T15:38:31.1034641Z c6bcc2c9a041: Download complete
2025-08-19T15:38:31.2957027Z 606bd164980e: Download complete
2025-08-19T15:38:31.3265248Z ba7036bb0a60: Verifying Checksum
2025-08-19T15:38:31.3265852Z ba7036bb0a60: Download complete
2025-08-19T15:38:31.5409246Z 799f859abbbd: Verifying Checksum
2025-08-19T15:38:31.5414289Z 799f859abbbd: Download complete
2025-08-19T15:38:31.5728785Z d903e777080c: Verifying Checksum
2025-08-19T15:38:31.5729235Z d903e777080c: Download complete
2025-08-19T15:38:31.7765771Z 04adcb462801: Verifying Checksum
2025-08-19T15:38:31.7767025Z 04adcb462801: Download complete
2025-08-19T15:38:31.7791684Z 5c10925b29ff: Verifying Checksum
2025-08-19T15:38:31.7792630Z 5c10925b29ff: Download complete
2025-08-19T15:38:31.7908777Z 396b1da7636e: Pull complete
2025-08-19T15:38:32.6671670Z fca2566eba32: Pull complete
2025-08-19T15:38:32.8671872Z 631fe8c6d606: Pull complete
2025-08-19T15:38:32.9160522Z 77c7671c4414: Pull complete
2025-08-19T15:38:33.2451751Z 2d9e29180a27: Pull complete
2025-08-19T15:38:33.3400238Z c6bcc2c9a041: Pull complete
2025-08-19T15:38:33.3540929Z ac4b721eb66f: Pull complete
2025-08-19T15:38:33.3663874Z 606bd164980e: Pull complete
2025-08-19T15:38:33.5439356Z f5dfd246bc6e: Verifying Checksum
2025-08-19T15:38:33.5439813Z f5dfd246bc6e: Download complete
2025-08-19T15:38:36.4688224Z f5dfd246bc6e: Pull complete
2025-08-19T15:38:36.4874831Z ba7036bb0a60: Pull complete
2025-08-19T15:38:36.4985113Z 799f859abbbd: Pull complete
2025-08-19T15:38:36.5102910Z d903e777080c: Pull complete
2025-08-19T15:38:36.5230291Z 04adcb462801: Pull complete
2025-08-19T15:38:36.5337535Z 5c10925b29ff: Pull complete
2025-08-19T15:38:36.5382233Z Digest: sha256:bc51cf4f1fe02cce7ed2370b20128a9b00b4eb804573a77d2a0d877aaa9c82b1
2025-08-19T15:38:36.5399131Z Status: Downloaded newer image for postgres:15
2025-08-19T15:38:36.5410470Z docker.io/library/postgres:15
2025-08-19T15:38:36.5478301Z ##[command]/usr/bin/docker create --name 89f3c4b76844432997d3087f93ce3d09_postgres15_4dd150 --label ccda17 --network github_network_bab446856b0f4160b0a9d57d1182c7e5 --network-alias postgres -p 5432:5432 --health-cmd="pg_isready -U postgres -d awa" --health-interval=5s --health-timeout=5s --health-retries=10 -e "POSTGRES_USER=postgres" -e "POSTGRES_PASSWORD=pass" -e "POSTGRES_DB=awa" -e GITHUB_ACTIONS=true -e CI=true postgres:15
2025-08-19T15:38:36.5746189Z 311d673e47eecb57324534a544d1fd52ff981a4486fe62f11e8b6e8eea928724
2025-08-19T15:38:36.5768007Z ##[command]/usr/bin/docker start 311d673e47eecb57324534a544d1fd52ff981a4486fe62f11e8b6e8eea928724
2025-08-19T15:38:36.9144294Z 311d673e47eecb57324534a544d1fd52ff981a4486fe62f11e8b6e8eea928724
2025-08-19T15:38:36.9165804Z ##[command]/usr/bin/docker ps --all --filter id=311d673e47eecb57324534a544d1fd52ff981a4486fe62f11e8b6e8eea928724 --filter status=running --no-trunc --format "{{.ID}} {{.Status}}"
2025-08-19T15:38:36.9293580Z 311d673e47eecb57324534a544d1fd52ff981a4486fe62f11e8b6e8eea928724 Up Less than a second (health: starting)
2025-08-19T15:38:36.9319221Z ##[command]/usr/bin/docker port 311d673e47eecb57324534a544d1fd52ff981a4486fe62f11e8b6e8eea928724
2025-08-19T15:38:36.9552520Z 5432/tcp -> 0.0.0.0:5432
2025-08-19T15:38:36.9555954Z 5432/tcp -> [::]:5432
2025-08-19T15:38:36.9603243Z ##[endgroup]
2025-08-19T15:38:36.9604447Z ##[group]Starting redis service container
2025-08-19T15:38:36.9605835Z ##[command]/usr/bin/docker pull redis:7-alpine
2025-08-19T15:38:37.6058471Z 7-alpine: Pulling from library/redis
2025-08-19T15:38:37.7461349Z 0368fd46e3c6: Pulling fs layer
2025-08-19T15:38:37.7462353Z 4c55286bbede: Pulling fs layer
2025-08-19T15:38:37.7463006Z 5e28347af205: Pulling fs layer
2025-08-19T15:38:37.7463582Z 311eca34042e: Pulling fs layer
2025-08-19T15:38:37.7464121Z e6fe6f07e192: Pulling fs layer
2025-08-19T15:38:37.7464547Z a2cadbfeca72: Pulling fs layer
2025-08-19T15:38:37.7465252Z 4f4fb700ef54: Pulling fs layer
2025-08-19T15:38:37.7465551Z a976ed7e7808: Pulling fs layer
2025-08-19T15:38:37.7466300Z 311eca34042e: Waiting
2025-08-19T15:38:37.7466658Z e6fe6f07e192: Waiting
2025-08-19T15:38:37.7467297Z a2cadbfeca72: Waiting
2025-08-19T15:38:37.7467730Z 4f4fb700ef54: Waiting
2025-08-19T15:38:37.7468155Z a976ed7e7808: Waiting
2025-08-19T15:38:37.9631779Z 4c55286bbede: Verifying Checksum
2025-08-19T15:38:37.9632748Z 4c55286bbede: Download complete
2025-08-19T15:38:37.9943788Z 5e28347af205: Verifying Checksum
2025-08-19T15:38:37.9944671Z 5e28347af205: Download complete
2025-08-19T15:38:38.0932002Z 0368fd46e3c6: Verifying Checksum
2025-08-19T15:38:38.0936499Z 0368fd46e3c6: Download complete
2025-08-19T15:38:38.1940988Z 0368fd46e3c6: Pull complete
2025-08-19T15:38:38.2155295Z 4c55286bbede: Pull complete
2025-08-19T15:38:38.2337038Z 311eca34042e: Verifying Checksum
2025-08-19T15:38:38.2337628Z 311eca34042e: Download complete
2025-08-19T15:38:38.3453701Z a2cadbfeca72: Verifying Checksum
2025-08-19T15:38:38.3456310Z a2cadbfeca72: Download complete
2025-08-19T15:38:38.3583822Z 5e28347af205: Pull complete
2025-08-19T15:38:38.3896400Z 311eca34042e: Pull complete
2025-08-19T15:38:38.4404669Z e6fe6f07e192: Verifying Checksum
2025-08-19T15:38:38.4405369Z e6fe6f07e192: Download complete
2025-08-19T15:38:38.5207010Z 4f4fb700ef54: Verifying Checksum
2025-08-19T15:38:38.5208786Z 4f4fb700ef54: Download complete
2025-08-19T15:38:38.5511347Z a976ed7e7808: Verifying Checksum
2025-08-19T15:38:38.5512113Z a976ed7e7808: Download complete
2025-08-19T15:38:38.6182739Z e6fe6f07e192: Pull complete
2025-08-19T15:38:38.6275872Z a2cadbfeca72: Pull complete
2025-08-19T15:38:38.6362851Z 4f4fb700ef54: Pull complete
2025-08-19T15:38:38.6473852Z a976ed7e7808: Pull complete
2025-08-19T15:38:38.6509570Z Digest: sha256:bb186d083732f669da90be8b0f975a37812b15e913465bb14d845db72a4e3e08
2025-08-19T15:38:38.6519681Z Status: Downloaded newer image for redis:7-alpine
2025-08-19T15:38:38.6528642Z docker.io/library/redis:7-alpine
2025-08-19T15:38:38.6544703Z ##[command]/usr/bin/docker create --name a6c0659c05c1470f81c3ec264f30ee8b_redis7alpine_87256d --label ccda17 --network github_network_bab446856b0f4160b0a9d57d1182c7e5 --network-alias redis -p 6379:6379  -e GITHUB_ACTIONS=true -e CI=true redis:7-alpine
2025-08-19T15:38:38.6778962Z 6d36d3c1bdc2e83d0286df66a6df8c7fb3afd3d3e83dd9857de8de0975d6a2d0
2025-08-19T15:38:38.6794377Z ##[command]/usr/bin/docker start 6d36d3c1bdc2e83d0286df66a6df8c7fb3afd3d3e83dd9857de8de0975d6a2d0
2025-08-19T15:38:38.8123279Z 6d36d3c1bdc2e83d0286df66a6df8c7fb3afd3d3e83dd9857de8de0975d6a2d0
2025-08-19T15:38:38.8140020Z ##[command]/usr/bin/docker ps --all --filter id=6d36d3c1bdc2e83d0286df66a6df8c7fb3afd3d3e83dd9857de8de0975d6a2d0 --filter status=running --no-trunc --format "{{.ID}} {{.Status}}"
2025-08-19T15:38:38.8271862Z 6d36d3c1bdc2e83d0286df66a6df8c7fb3afd3d3e83dd9857de8de0975d6a2d0 Up Less than a second
2025-08-19T15:38:38.8285601Z ##[command]/usr/bin/docker port 6d36d3c1bdc2e83d0286df66a6df8c7fb3afd3d3e83dd9857de8de0975d6a2d0
2025-08-19T15:38:38.8392177Z 6379/tcp -> 0.0.0.0:6379
2025-08-19T15:38:38.8392761Z 6379/tcp -> [::]:6379
2025-08-19T15:38:38.8406405Z ##[endgroup]
2025-08-19T15:38:38.8418049Z ##[group]Waiting for all services to be ready
2025-08-19T15:38:38.8431814Z ##[command]/usr/bin/docker inspect --format="{{if .Config.Healthcheck}}{{print .State.Health.Status}}{{end}}" 311d673e47eecb57324534a544d1fd52ff981a4486fe62f11e8b6e8eea928724
2025-08-19T15:38:38.8545035Z starting
2025-08-19T15:38:38.8564962Z postgres service is starting, waiting 2 seconds before checking again.
2025-08-19T15:38:40.8573353Z ##[command]/usr/bin/docker inspect --format="{{if .Config.Healthcheck}}{{print .State.Health.Status}}{{end}}" 311d673e47eecb57324534a544d1fd52ff981a4486fe62f11e8b6e8eea928724
2025-08-19T15:38:40.8690210Z starting
2025-08-19T15:38:40.8704741Z postgres service is starting, waiting 4 seconds before checking again.
2025-08-19T15:38:44.9945477Z ##[command]/usr/bin/docker inspect --format="{{if .Config.Healthcheck}}{{print .State.Health.Status}}{{end}}" 311d673e47eecb57324534a544d1fd52ff981a4486fe62f11e8b6e8eea928724
2025-08-19T15:38:45.0069776Z healthy
2025-08-19T15:38:45.0085718Z postgres service is healthy.
2025-08-19T15:38:45.0086598Z ##[command]/usr/bin/docker inspect --format="{{if .Config.Healthcheck}}{{print .State.Health.Status}}{{end}}" 6d36d3c1bdc2e83d0286df66a6df8c7fb3afd3d3e83dd9857de8de0975d6a2d0
2025-08-19T15:38:45.0211213Z redis service is healthy.
2025-08-19T15:38:45.0212028Z ##[endgroup]
2025-08-19T15:38:45.0462885Z ##[group]Run actions/checkout@v4
2025-08-19T15:38:45.0463567Z with:
2025-08-19T15:38:45.0463780Z   repository: AlexBomber12/AWA-App
2025-08-19T15:38:45.0464174Z   token: ***
2025-08-19T15:38:45.0464381Z   ssh-strict: true
2025-08-19T15:38:45.0464583Z   ssh-user: git
2025-08-19T15:38:45.0464785Z   persist-credentials: true
2025-08-19T15:38:45.0465018Z   clean: true
2025-08-19T15:38:45.0465227Z   sparse-checkout-cone-mode: true
2025-08-19T15:38:45.0465474Z   fetch-depth: 1
2025-08-19T15:38:45.0465673Z   fetch-tags: false
2025-08-19T15:38:45.0465873Z   show-progress: true
2025-08-19T15:38:45.0466077Z   lfs: false
2025-08-19T15:38:45.0466258Z   submodules: false
2025-08-19T15:38:45.0466464Z   set-safe-directory: true
2025-08-19T15:38:45.0466872Z env:
2025-08-19T15:38:45.0467125Z   REDIS_URL: redis://localhost:6379/0
2025-08-19T15:38:45.0467422Z   RATE_LIMIT_DEFAULT: 100/minute
2025-08-19T15:38:45.0467660Z   TRUST_X_FORWARDED: 1
2025-08-19T15:38:45.0467858Z ##[endgroup]
2025-08-19T15:38:45.1529338Z Syncing repository: AlexBomber12/AWA-App
2025-08-19T15:38:45.1530588Z ##[group]Getting Git version info
2025-08-19T15:38:45.1530978Z Working directory is '/home/runner/work/AWA-App/AWA-App'
2025-08-19T15:38:45.1531765Z [command]/usr/bin/git version
2025-08-19T15:38:45.1633844Z git version 2.50.1
2025-08-19T15:38:45.1659727Z ##[endgroup]
2025-08-19T15:38:45.1673122Z Temporarily overriding HOME='/home/runner/work/_temp/c857192d-7691-4b99-aec2-e43c546dae3d' before making global git config changes
2025-08-19T15:38:45.1674069Z Adding repository directory to the temporary git global config as a safe directory
2025-08-19T15:38:45.1678072Z [command]/usr/bin/git config --global --add safe.directory /home/runner/work/AWA-App/AWA-App
2025-08-19T15:38:45.1714631Z Deleting the contents of '/home/runner/work/AWA-App/AWA-App'
2025-08-19T15:38:45.1718158Z ##[group]Initializing the repository
2025-08-19T15:38:45.1722235Z [command]/usr/bin/git init /home/runner/work/AWA-App/AWA-App
2025-08-19T15:38:45.1825589Z hint: Using 'master' as the name for the initial branch. This default branch name
2025-08-19T15:38:45.1826386Z hint: is subject to change. To configure the initial branch name to use in all
2025-08-19T15:38:45.1826918Z hint: of your new repositories, which will suppress this warning, call:
2025-08-19T15:38:45.1827297Z hint:
2025-08-19T15:38:45.1827586Z hint: 	git config --global init.defaultBranch <name>
2025-08-19T15:38:45.1827910Z hint:
2025-08-19T15:38:45.1828214Z hint: Names commonly chosen instead of 'master' are 'main', 'trunk' and
2025-08-19T15:38:45.1828747Z hint: 'development'. The just-created branch can be renamed via this command:
2025-08-19T15:38:45.1829215Z hint:
2025-08-19T15:38:45.1829535Z hint: 	git branch -m <name>
2025-08-19T15:38:45.1829890Z hint:
2025-08-19T15:38:45.1830387Z hint: Disable this message with "git config set advice.defaultBranchName false"
2025-08-19T15:38:45.1831032Z Initialized empty Git repository in /home/runner/work/AWA-App/AWA-App/.git/
2025-08-19T15:38:45.1840647Z [command]/usr/bin/git remote add origin https://github.com/AlexBomber12/AWA-App
2025-08-19T15:38:45.1877135Z ##[endgroup]
2025-08-19T15:38:45.1877749Z ##[group]Disabling automatic garbage collection
2025-08-19T15:38:45.1882048Z [command]/usr/bin/git config --local gc.auto 0
2025-08-19T15:38:45.1909920Z ##[endgroup]
2025-08-19T15:38:45.1910517Z ##[group]Setting up auth
2025-08-19T15:38:45.1917552Z [command]/usr/bin/git config --local --name-only --get-regexp core\.sshCommand
2025-08-19T15:38:45.1947578Z [command]/usr/bin/git submodule foreach --recursive sh -c "git config --local --name-only --get-regexp 'core\.sshCommand' && git config --local --unset-all 'core.sshCommand' || :"
2025-08-19T15:38:45.2358869Z [command]/usr/bin/git config --local --name-only --get-regexp http\.https\:\/\/github\.com\/\.extraheader
2025-08-19T15:38:45.2388222Z [command]/usr/bin/git submodule foreach --recursive sh -c "git config --local --name-only --get-regexp 'http\.https\:\/\/github\.com\/\.extraheader' && git config --local --unset-all 'http.https://github.com/.extraheader' || :"
2025-08-19T15:38:45.2605268Z [command]/usr/bin/git config --local http.https://github.com/.extraheader AUTHORIZATION: basic ***
2025-08-19T15:38:45.2639086Z ##[endgroup]
2025-08-19T15:38:45.2639755Z ##[group]Fetching the repository
2025-08-19T15:38:45.2648553Z [command]/usr/bin/git -c protocol.version=2 fetch --no-tags --prune --no-recurse-submodules --depth=1 origin +ca74a95e0738ff6f49b8469705a9650e8d3edee2:refs/remotes/pull/281/merge
2025-08-19T15:38:45.7250112Z From https://github.com/AlexBomber12/AWA-App
2025-08-19T15:38:45.7251037Z  * [new ref]         ca74a95e0738ff6f49b8469705a9650e8d3edee2 -> pull/281/merge
2025-08-19T15:38:45.7276353Z ##[endgroup]
2025-08-19T15:38:45.7276939Z ##[group]Determining the checkout info
2025-08-19T15:38:45.7278922Z ##[endgroup]
2025-08-19T15:38:45.7284350Z [command]/usr/bin/git sparse-checkout disable
2025-08-19T15:38:45.7324509Z [command]/usr/bin/git config --local --unset-all extensions.worktreeConfig
2025-08-19T15:38:45.7351373Z ##[group]Checking out the ref
2025-08-19T15:38:45.7355964Z [command]/usr/bin/git checkout --progress --force refs/remotes/pull/281/merge
2025-08-19T15:38:45.7707290Z Note: switching to 'refs/remotes/pull/281/merge'.
2025-08-19T15:38:45.7707804Z 
2025-08-19T15:38:45.7708196Z You are in 'detached HEAD' state. You can look around, make experimental
2025-08-19T15:38:45.7709245Z changes and commit them, and you can discard any commits you make in this
2025-08-19T15:38:45.7710104Z state without impacting any branches by switching back to a branch.
2025-08-19T15:38:45.7710621Z 
2025-08-19T15:38:45.7710943Z If you want to create a new branch to retain commits you create, you may
2025-08-19T15:38:45.7711679Z do so (now or later) by using -c with the switch command. Example:
2025-08-19T15:38:45.7712175Z 
2025-08-19T15:38:45.7712397Z   git switch -c <new-branch-name>
2025-08-19T15:38:45.7713085Z 
2025-08-19T15:38:45.7713297Z Or undo this operation with:
2025-08-19T15:38:45.7713651Z 
2025-08-19T15:38:45.7713837Z   git switch -
2025-08-19T15:38:45.7714241Z 
2025-08-19T15:38:45.7714660Z Turn off this advice by setting config variable advice.detachedHead to false
2025-08-19T15:38:45.7715297Z 
2025-08-19T15:38:45.7715955Z HEAD is now at ca74a95 Merge 99f074b87edf940f79b93b4f608ceb225e433aad into 416bb3323323947ed0bb73f94104241663afc80e
2025-08-19T15:38:45.7718362Z ##[endgroup]
2025-08-19T15:38:45.7751901Z [command]/usr/bin/git log -1 --format=%H
2025-08-19T15:38:45.7774427Z ca74a95e0738ff6f49b8469705a9650e8d3edee2
2025-08-19T15:38:45.7934559Z ##[group]Run cat .env.ci >> "$GITHUB_ENV"
2025-08-19T15:38:45.7934921Z [36;1mcat .env.ci >> "$GITHUB_ENV"[0m
2025-08-19T15:38:45.7935639Z [36;1mecho "DATABASE_URL=***localhost:5432/awa" >> "$GITHUB_ENV"[0m
2025-08-19T15:38:45.7936014Z [36;1mecho "PG_HOST=localhost" >> "$GITHUB_ENV"[0m
2025-08-19T15:38:45.7936310Z [36;1mecho "PG_PORT=5432" >> "$GITHUB_ENV"[0m
2025-08-19T15:38:45.7936606Z [36;1mecho "PG_USER=postgres" >> "$GITHUB_ENV"[0m
2025-08-19T15:38:45.7936891Z [36;1mecho "PG_PASSWORD=pass" >> "$GITHUB_ENV"[0m
2025-08-19T15:38:45.7937175Z [36;1mecho "PG_DATABASE=awa" >> "$GITHUB_ENV"[0m
2025-08-19T15:38:45.7981701Z shell: /usr/bin/bash -e {0}
2025-08-19T15:38:45.7981945Z env:
2025-08-19T15:38:45.7982156Z   REDIS_URL: redis://localhost:6379/0
2025-08-19T15:38:45.7982418Z   RATE_LIMIT_DEFAULT: 100/minute
2025-08-19T15:38:45.7982652Z   TRUST_X_FORWARDED: 1
2025-08-19T15:38:45.7982844Z ##[endgroup]
2025-08-19T15:38:45.8153802Z ##[group]Run actions/setup-python@v5
2025-08-19T15:38:45.8154075Z with:
2025-08-19T15:38:45.8154259Z   python-version: 3.12
2025-08-19T15:38:45.8154455Z   cache: pip
2025-08-19T15:38:45.8154671Z   cache-dependency-path: requirements-dev.txt
2025-08-19T15:38:45.8154945Z   check-latest: false
2025-08-19T15:38:45.8155252Z   token: ***
2025-08-19T15:38:45.8155442Z   update-environment: true
2025-08-19T15:38:45.8155680Z   allow-prereleases: false
2025-08-19T15:38:45.8155892Z   freethreaded: false
2025-08-19T15:38:45.8156073Z env:
2025-08-19T15:38:45.8156267Z   REDIS_URL: redis://localhost:6379/0
2025-08-19T15:38:45.8156522Z   RATE_LIMIT_DEFAULT: 100/minute
2025-08-19T15:38:45.8156743Z   TRUST_X_FORWARDED: 1
2025-08-19T15:38:45.8156937Z   PG_USER: postgres
2025-08-19T15:38:45.8157120Z   PG_PASSWORD: pass
2025-08-19T15:38:45.8157306Z   PG_DATABASE: awa
2025-08-19T15:38:45.8157482Z   PG_HOST: localhost
2025-08-19T15:38:45.8157672Z   PG_PORT: 5432
2025-08-19T15:38:45.8158098Z   PG_SYNC_DSN: ***localhost:5432/awa
2025-08-19T15:38:45.8158502Z   PG_ASYNC_DSN: ***localhost:5432/awa
2025-08-19T15:38:45.8158894Z   DATABASE_URL: ***localhost:5432/awa
2025-08-19T15:38:45.8159124Z   DATA_DIR: /tmp/awa-data
2025-08-19T15:38:45.8159326Z   ENABLE_LIVE: 0
2025-08-19T15:38:45.8159494Z   TESTING: 1
2025-08-19T15:38:45.8159664Z ##[endgroup]
2025-08-19T15:38:45.9814050Z ##[group]Installed versions
2025-08-19T15:38:45.9912289Z Successfully set up CPython (3.12.11)
2025-08-19T15:38:45.9913369Z ##[endgroup]
2025-08-19T15:38:46.0372835Z [command]/opt/hostedtoolcache/Python/3.12.11/x64/bin/pip cache dir
2025-08-19T15:38:48.6074366Z /home/runner/.cache/pip
2025-08-19T15:38:48.7692135Z Cache hit for: setup-python-Linux-x64-24.04-Ubuntu-python-3.12.11-pip-5c3d480d6175935105d05087e2095fdd6d5a07314b4edbb51e23097b8cb58d36
2025-08-19T15:38:49.9179366Z Received 113246208 of 334002855 (33.9%), 107.9 MBs/sec
2025-08-19T15:38:50.9177534Z Received 268435456 of 334002855 (80.4%), 127.9 MBs/sec
2025-08-19T15:38:51.3616007Z Received 334002855 of 334002855 (100.0%), 130.3 MBs/sec
2025-08-19T15:38:51.3618306Z Cache Size: ~319 MB (334002855 B)
2025-08-19T15:38:51.3654336Z [command]/usr/bin/tar -xf /home/runner/work/_temp/6b1173b4-f2b4-4931-a315-c300182ab988/cache.tzst -P -C /home/runner/work/AWA-App/AWA-App --use-compress-program unzstd
2025-08-19T15:38:51.9026107Z Cache restored successfully
2025-08-19T15:38:51.9668419Z Cache restored from key: setup-python-Linux-x64-24.04-Ubuntu-python-3.12.11-pip-9de5cb0422a390759e34b2174ad2a206e054e5ff6c60a2fa9b41fd71e56eb705
2025-08-19T15:38:51.9810164Z ##[group]Run pip install -r requirements-dev.txt
2025-08-19T15:38:51.9810544Z [36;1mpip install -r requirements-dev.txt[0m
2025-08-19T15:38:51.9810850Z [36;1mpip install keepa==1.3.15 minio==7.1.15[0m
2025-08-19T15:38:51.9854894Z shell: /usr/bin/bash -e {0}
2025-08-19T15:38:51.9855130Z env:
2025-08-19T15:38:51.9855344Z   REDIS_URL: redis://localhost:6379/0
2025-08-19T15:38:51.9855629Z   RATE_LIMIT_DEFAULT: 100/minute
2025-08-19T15:38:51.9855864Z   TRUST_X_FORWARDED: 1
2025-08-19T15:38:51.9856082Z   PG_USER: postgres
2025-08-19T15:38:51.9856302Z   PG_PASSWORD: pass
2025-08-19T15:38:51.9856502Z   PG_DATABASE: awa
2025-08-19T15:38:51.9856703Z   PG_HOST: localhost
2025-08-19T15:38:51.9856910Z   PG_PORT: 5432
2025-08-19T15:38:51.9857392Z   PG_SYNC_DSN: ***localhost:5432/awa
2025-08-19T15:38:51.9857882Z   PG_ASYNC_DSN: ***localhost:5432/awa
2025-08-19T15:38:51.9858318Z   DATABASE_URL: ***localhost:5432/awa
2025-08-19T15:38:51.9858583Z   DATA_DIR: /tmp/awa-data
2025-08-19T15:38:51.9858840Z   ENABLE_LIVE: 0
2025-08-19T15:38:51.9859031Z   TESTING: 1
2025-08-19T15:38:51.9859295Z   pythonLocation: /opt/hostedtoolcache/Python/3.12.11/x64
2025-08-19T15:38:51.9859748Z   PKG_CONFIG_PATH: /opt/hostedtoolcache/Python/3.12.11/x64/lib/pkgconfig
2025-08-19T15:38:51.9860181Z   Python_ROOT_DIR: /opt/hostedtoolcache/Python/3.12.11/x64
2025-08-19T15:38:51.9860572Z   Python2_ROOT_DIR: /opt/hostedtoolcache/Python/3.12.11/x64
2025-08-19T15:38:51.9860966Z   Python3_ROOT_DIR: /opt/hostedtoolcache/Python/3.12.11/x64
2025-08-19T15:38:51.9861365Z   LD_LIBRARY_PATH: /opt/hostedtoolcache/Python/3.12.11/x64/lib
2025-08-19T15:38:51.9861925Z ##[endgroup]
2025-08-19T15:38:53.9402293Z Collecting Jinja2==3.1.6 (from -r requirements-dev.txt (line 2))
2025-08-19T15:38:53.9415473Z   Using cached jinja2-3.1.6-py3-none-any.whl.metadata (2.9 kB)
2025-08-19T15:38:53.9748744Z Collecting alembic==1.13.1 (from -r requirements-dev.txt (line 3))
2025-08-19T15:38:53.9760477Z   Using cached alembic-1.13.1-py3-none-any.whl.metadata (7.4 kB)
2025-08-19T15:38:54.0036527Z Collecting apscheduler==3.10.4 (from -r requirements-dev.txt (line 4))
2025-08-19T15:38:54.0047856Z   Using cached APScheduler-3.10.4-py3-none-any.whl.metadata (5.7 kB)
2025-08-19T15:38:54.0318430Z Collecting asgi-correlation-id==4.3.1 (from -r requirements-dev.txt (line 5))
2025-08-19T15:38:54.0329603Z   Using cached asgi_correlation_id-4.3.1-py3-none-any.whl.metadata (28 kB)
2025-08-19T15:38:54.0860489Z Collecting asyncpg==0.30.0 (from -r requirements-dev.txt (line 6))
2025-08-19T15:38:54.0872063Z   Using cached asyncpg-0.30.0-cp312-cp312-manylinux_2_17_x86_64.manylinux2014_x86_64.whl.metadata (5.0 kB)
2025-08-19T15:38:54.1412218Z Collecting black==25.1.0 (from -r requirements-dev.txt (line 7))
2025-08-19T15:38:54.1423982Z   Using cached black-25.1.0-cp312-cp312-manylinux_2_17_x86_64.manylinux2014_x86_64.manylinux_2_28_x86_64.whl.metadata (81 kB)
2025-08-19T15:38:54.4820732Z Collecting boto3 (from -r requirements-dev.txt (line 8))
2025-08-19T15:38:54.5175851Z   Using cached boto3-1.40.12-py3-none-any.whl.metadata (6.7 kB)
2025-08-19T15:38:54.5832337Z Collecting redis==6.* (from -r requirements-dev.txt (line 9))
2025-08-19T15:38:54.5844371Z   Using cached redis-6.4.0-py3-none-any.whl.metadata (10 kB)
2025-08-19T15:38:54.6266816Z Collecting minio==7.* (from -r requirements-dev.txt (line 10))
2025-08-19T15:38:54.6278756Z   Using cached minio-7.2.16-py3-none-any.whl.metadata (6.5 kB)
2025-08-19T15:38:54.6729577Z Collecting celery==5.5.3 (from -r requirements-dev.txt (line 11))
2025-08-19T15:38:54.6741171Z   Using cached celery-5.5.3-py3-none-any.whl.metadata (22 kB)
2025-08-19T15:38:54.7424014Z Collecting fastapi==0.116.1 (from -r requirements-dev.txt (line 12))
2025-08-19T15:38:54.7436016Z   Using cached fastapi-0.116.1-py3-none-any.whl.metadata (28 kB)
2025-08-19T15:38:54.7705804Z Collecting fastapi-limiter==0.1.6 (from -r requirements-dev.txt (line 14))
2025-08-19T15:38:54.7717602Z   Using cached fastapi_limiter-0.1.6-py3-none-any.whl.metadata (5.3 kB)
2025-08-19T15:38:54.8023305Z Collecting httpx<0.29,>=0.27 (from -r requirements-dev.txt (line 15))
2025-08-19T15:38:54.8034780Z   Using cached httpx-0.28.1-py3-none-any.whl.metadata (7.1 kB)
2025-08-19T15:38:54.8280761Z Collecting imapclient==3.0.1 (from -r requirements-dev.txt (line 16))
2025-08-19T15:38:54.8292167Z   Using cached IMAPClient-3.0.1-py2.py3-none-any.whl.metadata (1.7 kB)
2025-08-19T15:38:54.8501930Z Collecting itsdangerous (from -r requirements-dev.txt (line 17))
2025-08-19T15:38:54.8513098Z   Using cached itsdangerous-2.2.0-py3-none-any.whl.metadata (1.9 kB)
2025-08-19T15:38:54.9605138Z Collecting mypy==1.* (from -r requirements-dev.txt (line 18))
2025-08-19T15:38:54.9617479Z   Using cached mypy-1.17.1-cp312-cp312-manylinux2014_x86_64.manylinux_2_17_x86_64.manylinux_2_28_x86_64.whl.metadata (2.2 kB)
2025-08-19T15:38:54.9839364Z Collecting mypy-extensions==1.1.0 (from -r requirements-dev.txt (line 19))
2025-08-19T15:38:54.9850776Z   Using cached mypy_extensions-1.1.0-py3-none-any.whl.metadata (1.1 kB)
2025-08-19T15:38:55.1765484Z Collecting numpy<2 (from -r requirements-dev.txt (line 20))
2025-08-19T15:38:55.1778459Z   Using cached numpy-1.26.4-cp312-cp312-manylinux_2_17_x86_64.manylinux2014_x86_64.whl.metadata (61 kB)
2025-08-19T15:38:55.2155157Z Collecting openpyxl==3.1.5 (from -r requirements-dev.txt (line 21))
2025-08-19T15:38:55.2190197Z   Using cached openpyxl-3.1.5-py2.py3-none-any.whl.metadata (2.5 kB)
2025-08-19T15:38:55.3382185Z Collecting pandas==2.2.* (from -r requirements-dev.txt (line 22))
2025-08-19T15:38:55.3395706Z   Using cached pandas-2.2.3-cp312-cp312-manylinux_2_17_x86_64.manylinux2014_x86_64.whl.metadata (89 kB)
2025-08-19T15:38:55.4421170Z Collecting psycopg2-binary==2.9.10 (from -r requirements-dev.txt (line 23))
2025-08-19T15:38:55.4433909Z   Using cached psycopg2_binary-2.9.10-cp312-cp312-manylinux_2_17_x86_64.manylinux2014_x86_64.whl.metadata (4.9 kB)
2025-08-19T15:38:55.4735870Z Collecting psycopg==3.2.9 (from psycopg[binary]==3.2.9->-r requirements-dev.txt (line 24))
2025-08-19T15:38:55.4747773Z   Using cached psycopg-3.2.9-py3-none-any.whl.metadata (4.5 kB)
2025-08-19T15:38:55.5938133Z Collecting pydantic==2.11.7 (from -r requirements-dev.txt (line 25))
2025-08-19T15:38:55.5951256Z   Using cached pydantic-2.11.7-py3-none-any.whl.metadata (67 kB)
2025-08-19T15:38:55.7284724Z Collecting setuptools (from -r requirements-dev.txt (line 26))
2025-08-19T15:38:55.7297064Z   Using cached setuptools-80.9.0-py3-none-any.whl.metadata (6.6 kB)
2025-08-19T15:38:55.7693309Z Collecting pytest-asyncio==0.23.6 (from -r requirements-dev.txt (line 27))
2025-08-19T15:38:55.7705067Z   Using cached pytest_asyncio-0.23.6-py3-none-any.whl.metadata (3.9 kB)
2025-08-19T15:38:55.7958901Z Collecting pytest-cov==6.2.1 (from -r requirements-dev.txt (line 28))
2025-08-19T15:38:55.7970274Z   Using cached pytest_cov-6.2.1-py3-none-any.whl.metadata (30 kB)
2025-08-19T15:38:55.8252390Z Collecting pytest-postgresql==7.0.2 (from -r requirements-dev.txt (line 29))
2025-08-19T15:38:55.8263533Z   Using cached pytest_postgresql-7.0.2-py3-none-any.whl.metadata (18 kB)
2025-08-19T15:38:55.8545472Z Collecting python-dotenv (from -r requirements-dev.txt (line 30))
2025-08-19T15:38:55.8556815Z   Using cached python_dotenv-1.1.1-py3-none-any.whl.metadata (24 kB)
2025-08-19T15:38:55.8798497Z Collecting python-multipart (from -r requirements-dev.txt (line 31))
2025-08-19T15:38:55.8810107Z   Using cached python_multipart-0.0.20-py3-none-any.whl.metadata (1.8 kB)
2025-08-19T15:38:55.9212078Z Collecting python-telegram-bot==22.3 (from -r requirements-dev.txt (line 32))
2025-08-19T15:38:55.9225149Z   Using cached python_telegram_bot-22.3-py3-none-any.whl.metadata (17 kB)
2025-08-19T15:38:55.9636720Z Collecting requests==2.32.4 (from -r requirements-dev.txt (line 33))
2025-08-19T15:38:55.9648521Z   Using cached requests-2.32.4-py3-none-any.whl.metadata (4.9 kB)
2025-08-19T15:38:55.9924128Z Collecting respx==0.22.0 (from -r requirements-dev.txt (line 34))
2025-08-19T15:38:55.9935373Z   Using cached respx-0.22.0-py2.py3-none-any.whl.metadata (4.1 kB)
2025-08-19T15:38:56.3570031Z Collecting ruff==0.4.4 (from -r requirements-dev.txt (line 35))
2025-08-19T15:38:56.3583425Z   Using cached ruff-0.4.4-py3-none-manylinux_2_17_x86_64.manylinux2014_x86_64.whl.metadata (23 kB)
2025-08-19T15:38:56.6215105Z Collecting sqlalchemy==2.0.43 (from -r requirements-dev.txt (line 36))
2025-08-19T15:38:56.7066832Z   Downloading sqlalchemy-2.0.43-cp312-cp312-manylinux_2_17_x86_64.manylinux2014_x86_64.whl.metadata (9.6 kB)
2025-08-19T15:38:56.7420709Z Collecting structlog==24.1.0 (from -r requirements-dev.txt (line 37))
2025-08-19T15:38:56.7432092Z   Using cached structlog-24.1.0-py3-none-any.whl.metadata (6.9 kB)
2025-08-19T15:38:56.7722723Z Collecting testcontainers==4.10.0 (from testcontainers[postgres]==4.10.0->-r requirements-dev.txt (line 38))
2025-08-19T15:38:56.7734984Z   Using cached testcontainers-4.10.0-py3-none-any.whl.metadata (7.8 kB)
2025-08-19T15:38:56.8209007Z Collecting types-requests==2.32.0.20240602 (from -r requirements-dev.txt (line 39))
2025-08-19T15:38:56.8220444Z   Using cached types_requests-2.32.0.20240602-py3-none-any.whl.metadata (1.8 kB)
2025-08-19T15:38:56.8462272Z Collecting docspec-python==2.2.2 (from -r requirements-dev.txt (line 40))
2025-08-19T15:38:56.8473717Z   Using cached docspec_python-2.2.2-py3-none-any.whl.metadata (1.0 kB)
2025-08-19T15:38:56.8741399Z Collecting pydoc-markdown==4.8.2 (from -r requirements-dev.txt (line 41))
2025-08-19T15:38:56.8753356Z   Using cached pydoc_markdown-4.8.2-py3-none-any.whl.metadata (5.9 kB)
2025-08-19T15:38:56.9148057Z Collecting pandera==0.19.* (from -r requirements-dev.txt (line 42))
2025-08-19T15:38:56.9159656Z   Using cached pandera-0.19.3-py3-none-any.whl.metadata (15 kB)
2025-08-19T15:38:57.0241111Z Collecting MarkupSafe>=2.0 (from Jinja2==3.1.6->-r requirements-dev.txt (line 2))
2025-08-19T15:38:57.0254308Z   Using cached MarkupSafe-3.0.2-cp312-cp312-manylinux_2_17_x86_64.manylinux2014_x86_64.whl.metadata (4.0 kB)
2025-08-19T15:38:57.0616958Z Collecting Mako (from alembic==1.13.1->-r requirements-dev.txt (line 3))
2025-08-19T15:38:57.0628965Z   Using cached mako-1.3.10-py3-none-any.whl.metadata (2.9 kB)
2025-08-19T15:38:57.0913644Z Collecting typing-extensions>=4 (from alembic==1.13.1->-r requirements-dev.txt (line 3))
2025-08-19T15:38:57.0925347Z   Using cached typing_extensions-4.14.1-py3-none-any.whl.metadata (3.0 kB)
2025-08-19T15:38:57.1190749Z Collecting six>=1.4.0 (from apscheduler==3.10.4->-r requirements-dev.txt (line 4))
2025-08-19T15:38:57.1205183Z   Using cached six-1.17.0-py2.py3-none-any.whl.metadata (1.7 kB)
2025-08-19T15:38:57.1694092Z Collecting pytz (from apscheduler==3.10.4->-r requirements-dev.txt (line 4))
2025-08-19T15:38:57.1706493Z   Using cached pytz-2025.2-py2.py3-none-any.whl.metadata (22 kB)
2025-08-19T15:38:57.1985395Z Collecting tzlocal!=3.*,>=2.0 (from apscheduler==3.10.4->-r requirements-dev.txt (line 4))
2025-08-19T15:38:57.2000747Z   Using cached tzlocal-5.3.1-py3-none-any.whl.metadata (7.6 kB)
2025-08-19T15:38:57.2418311Z Collecting starlette>=0.18 (from asgi-correlation-id==4.3.1->-r requirements-dev.txt (line 5))
2025-08-19T15:38:57.2429464Z   Using cached starlette-0.47.2-py3-none-any.whl.metadata (6.2 kB)
2025-08-19T15:38:57.2738302Z Collecting click>=8.0.0 (from black==25.1.0->-r requirements-dev.txt (line 7))
2025-08-19T15:38:57.2749297Z   Using cached click-8.2.1-py3-none-any.whl.metadata (2.5 kB)
2025-08-19T15:38:57.3025890Z Collecting packaging>=22.0 (from black==25.1.0->-r requirements-dev.txt (line 7))
2025-08-19T15:38:57.3037101Z   Using cached packaging-25.0-py3-none-any.whl.metadata (3.3 kB)
2025-08-19T15:38:57.3260384Z Collecting pathspec>=0.9.0 (from black==25.1.0->-r requirements-dev.txt (line 7))
2025-08-19T15:38:57.3271596Z   Using cached pathspec-0.12.1-py3-none-any.whl.metadata (21 kB)
2025-08-19T15:38:57.3566767Z Collecting platformdirs>=2 (from black==25.1.0->-r requirements-dev.txt (line 7))
2025-08-19T15:38:57.3577942Z   Using cached platformdirs-4.3.8-py3-none-any.whl.metadata (12 kB)
2025-08-19T15:38:57.3926806Z Collecting billiard<5.0,>=4.2.1 (from celery==5.5.3->-r requirements-dev.txt (line 11))
2025-08-19T15:38:57.3937575Z   Using cached billiard-4.2.1-py3-none-any.whl.metadata (4.4 kB)
2025-08-19T15:38:57.4329918Z Collecting kombu<5.6,>=5.5.2 (from celery==5.5.3->-r requirements-dev.txt (line 11))
2025-08-19T15:38:57.4341606Z   Using cached kombu-5.5.4-py3-none-any.whl.metadata (3.5 kB)
2025-08-19T15:38:57.4605311Z Collecting vine<6.0,>=5.1.0 (from celery==5.5.3->-r requirements-dev.txt (line 11))
2025-08-19T15:38:57.4616428Z   Using cached vine-5.1.0-py3-none-any.whl.metadata (2.7 kB)
2025-08-19T15:38:57.4891060Z Collecting click-didyoumean>=0.3.0 (from celery==5.5.3->-r requirements-dev.txt (line 11))
2025-08-19T15:38:57.4902149Z   Using cached click_didyoumean-0.3.1-py3-none-any.whl.metadata (3.9 kB)
2025-08-19T15:38:57.5119855Z Collecting click-repl>=0.2.0 (from celery==5.5.3->-r requirements-dev.txt (line 11))
2025-08-19T15:38:57.5130783Z   Using cached click_repl-0.3.0-py3-none-any.whl.metadata (3.6 kB)
2025-08-19T15:38:57.5334522Z Collecting click-plugins>=1.1.1 (from celery==5.5.3->-r requirements-dev.txt (line 11))
2025-08-19T15:38:57.5345432Z   Using cached click_plugins-1.1.1.2-py2.py3-none-any.whl.metadata (6.5 kB)
2025-08-19T15:38:57.5582256Z Collecting python-dateutil>=2.8.2 (from celery==5.5.3->-r requirements-dev.txt (line 11))
2025-08-19T15:38:57.5593324Z   Using cached python_dateutil-2.9.0.post0-py2.py3-none-any.whl.metadata (8.4 kB)
2025-08-19T15:38:57.6298075Z Collecting annotated-types>=0.6.0 (from pydantic==2.11.7->-r requirements-dev.txt (line 25))
2025-08-19T15:38:57.6309213Z   Using cached annotated_types-0.7.0-py3-none-any.whl.metadata (15 kB)
2025-08-19T15:38:58.2942530Z Collecting pydantic-core==2.33.2 (from pydantic==2.11.7->-r requirements-dev.txt (line 25))
2025-08-19T15:38:58.2956261Z   Using cached pydantic_core-2.33.2-cp312-cp312-manylinux_2_17_x86_64.manylinux2014_x86_64.whl.metadata (6.8 kB)
2025-08-19T15:38:58.3204924Z Collecting typing-inspection>=0.4.0 (from pydantic==2.11.7->-r requirements-dev.txt (line 25))
2025-08-19T15:38:58.3216885Z   Using cached typing_inspection-0.4.1-py3-none-any.whl.metadata (2.6 kB)
2025-08-19T15:38:58.3618787Z Collecting et-xmlfile (from openpyxl==3.1.5->-r requirements-dev.txt (line 21))
2025-08-19T15:38:58.3630458Z   Using cached et_xmlfile-2.0.0-py3-none-any.whl.metadata (2.7 kB)
2025-08-19T15:38:58.4185705Z Collecting pytest<9,>=7.0.0 (from pytest-asyncio==0.23.6->-r requirements-dev.txt (line 27))
2025-08-19T15:38:58.4197899Z   Using cached pytest-8.4.1-py3-none-any.whl.metadata (7.7 kB)
2025-08-19T15:38:58.7387790Z Collecting coverage>=7.5 (from coverage[toml]>=7.5->pytest-cov==6.2.1->-r requirements-dev.txt (line 28))
2025-08-19T15:38:58.7403829Z   Using cached coverage-7.10.4-cp312-cp312-manylinux1_x86_64.manylinux_2_28_x86_64.manylinux_2_5_x86_64.whl.metadata (8.9 kB)
2025-08-19T15:38:58.7643924Z Collecting pluggy>=1.2 (from pytest-cov==6.2.1->-r requirements-dev.txt (line 28))
2025-08-19T15:38:58.7655547Z   Using cached pluggy-1.6.0-py3-none-any.whl.metadata (4.8 kB)
2025-08-19T15:38:58.8023566Z Collecting port-for>=0.7.3 (from pytest-postgresql==7.0.2->-r requirements-dev.txt (line 29))
2025-08-19T15:38:58.8035012Z   Using cached port_for-0.7.4-py3-none-any.whl.metadata (7.1 kB)
2025-08-19T15:38:58.8297880Z Collecting mirakuru>=2.6.0 (from pytest-postgresql==7.0.2->-r requirements-dev.txt (line 29))
2025-08-19T15:38:58.8309081Z   Using cached mirakuru-2.6.1-py3-none-any.whl.metadata (10 kB)
2025-08-19T15:38:58.9264076Z Collecting charset_normalizer<4,>=2 (from requests==2.32.4->-r requirements-dev.txt (line 33))
2025-08-19T15:38:58.9276972Z   Using cached charset_normalizer-3.4.3-cp312-cp312-manylinux2014_x86_64.manylinux_2_17_x86_64.manylinux_2_28_x86_64.whl.metadata (36 kB)
2025-08-19T15:38:58.9540366Z Collecting idna<4,>=2.5 (from requests==2.32.4->-r requirements-dev.txt (line 33))
2025-08-19T15:38:58.9551885Z   Using cached idna-3.10-py3-none-any.whl.metadata (10 kB)
2025-08-19T15:38:58.9942579Z Collecting urllib3<3,>=1.21.1 (from requests==2.32.4->-r requirements-dev.txt (line 33))
2025-08-19T15:38:58.9953727Z   Using cached urllib3-2.5.0-py3-none-any.whl.metadata (6.5 kB)
2025-08-19T15:38:59.0263236Z Collecting certifi>=2017.4.17 (from requests==2.32.4->-r requirements-dev.txt (line 33))
2025-08-19T15:38:59.0274718Z   Using cached certifi-2025.8.3-py3-none-any.whl.metadata (2.4 kB)
2025-08-19T15:38:59.2356012Z Collecting greenlet>=1 (from sqlalchemy==2.0.43->-r requirements-dev.txt (line 36))
2025-08-19T15:38:59.2368948Z   Using cached greenlet-3.2.4-cp312-cp312-manylinux_2_24_x86_64.manylinux_2_28_x86_64.whl.metadata (4.1 kB)
2025-08-19T15:38:59.2711933Z Collecting docker (from testcontainers==4.10.0->testcontainers[postgres]==4.10.0->-r requirements-dev.txt (line 38))
2025-08-19T15:38:59.2723123Z   Using cached docker-7.1.0-py3-none-any.whl.metadata (3.8 kB)
2025-08-19T15:38:59.3794534Z Collecting wrapt (from testcontainers==4.10.0->testcontainers[postgres]==4.10.0->-r requirements-dev.txt (line 38))
2025-08-19T15:38:59.3806396Z   Using cached wrapt-1.17.3-cp312-cp312-manylinux1_x86_64.manylinux_2_28_x86_64.manylinux_2_5_x86_64.whl.metadata (6.4 kB)
2025-08-19T15:38:59.4226383Z Collecting docspec==2.2.1 (from docspec-python==2.2.2->-r requirements-dev.txt (line 40))
2025-08-19T15:38:59.4241810Z   Using cached docspec-2.2.1-py3-none-any.whl.metadata (1.5 kB)
2025-08-19T15:38:59.4678563Z Collecting nr-util>=0.8.12 (from docspec-python==2.2.2->-r requirements-dev.txt (line 40))
2025-08-19T15:38:59.4689693Z   Using cached nr.util-0.8.12-py3-none-any.whl.metadata (813 bytes)
2025-08-19T15:38:59.5142243Z Collecting PyYAML<7.0,>=5.0 (from pydoc-markdown==4.8.2->-r requirements-dev.txt (line 41))
2025-08-19T15:38:59.5154582Z   Using cached PyYAML-6.0.2-cp312-cp312-manylinux_2_17_x86_64.manylinux2014_x86_64.whl.metadata (2.1 kB)
2025-08-19T15:38:59.5525728Z Collecting databind.core<5.0.0,>=4.4.0 (from pydoc-markdown==4.8.2->-r requirements-dev.txt (line 41))
2025-08-19T15:38:59.5537254Z   Using cached databind.core-4.5.2-py3-none-any.whl.metadata (1.1 kB)
2025-08-19T15:38:59.5857791Z Collecting databind.json<5.0.0,>=4.4.0 (from pydoc-markdown==4.8.2->-r requirements-dev.txt (line 41))
2025-08-19T15:38:59.5869441Z   Using cached databind.json-4.5.2-py3-none-any.whl.metadata (1.1 kB)
2025-08-19T15:38:59.6126703Z Collecting docstring-parser<0.12,>=0.11 (from pydoc-markdown==4.8.2->-r requirements-dev.txt (line 41))
2025-08-19T15:38:59.6128168Z   Using cached docstring_parser-0.11-py3-none-any.whl
2025-08-19T15:38:59.6636876Z Collecting tomli<3.0.0,>=2.0.0 (from pydoc-markdown==4.8.2->-r requirements-dev.txt (line 41))
2025-08-19T15:38:59.6648911Z   Using cached tomli-2.2.1-cp312-cp312-manylinux_2_17_x86_64.manylinux2014_x86_64.whl.metadata (11 kB)
2025-08-19T15:38:59.6867637Z Collecting tomli_w<2.0.0,>=1.0.0 (from pydoc-markdown==4.8.2->-r requirements-dev.txt (line 41))
2025-08-19T15:38:59.6879068Z   Using cached tomli_w-1.2.0-py3-none-any.whl.metadata (5.7 kB)
2025-08-19T15:38:59.7439338Z Collecting watchdog (from pydoc-markdown==4.8.2->-r requirements-dev.txt (line 41))
2025-08-19T15:38:59.7451160Z   Using cached watchdog-6.0.0-py3-none-manylinux2014_x86_64.whl.metadata (44 kB)
2025-08-19T15:38:59.7780107Z Collecting yapf>=0.30.0 (from pydoc-markdown==4.8.2->-r requirements-dev.txt (line 41))
2025-08-19T15:38:59.7791273Z   Using cached yapf-0.43.0-py3-none-any.whl.metadata (46 kB)
2025-08-19T15:38:59.8094536Z Collecting Deprecated<2.0.0,>=1.2.12 (from docspec==2.2.1->docspec-python==2.2.2->-r requirements-dev.txt (line 40))
2025-08-19T15:38:59.8105940Z   Using cached Deprecated-1.2.18-py2.py3-none-any.whl.metadata (5.7 kB)
2025-08-19T15:38:59.9740590Z Collecting psycopg-binary==3.2.9 (from psycopg[binary]==3.2.9->-r requirements-dev.txt (line 24))
2025-08-19T15:38:59.9754706Z   Using cached psycopg_binary-3.2.9-cp312-cp312-manylinux_2_17_x86_64.manylinux2014_x86_64.whl.metadata (2.9 kB)
2025-08-19T15:39:00.0203132Z Collecting argon2-cffi (from minio==7.*->-r requirements-dev.txt (line 10))
2025-08-19T15:39:00.0215322Z   Using cached argon2_cffi-25.1.0-py3-none-any.whl.metadata (4.1 kB)
2025-08-19T15:39:00.1119075Z Collecting pycryptodome (from minio==7.*->-r requirements-dev.txt (line 10))
2025-08-19T15:39:00.1134614Z   Using cached pycryptodome-3.23.0-cp37-abi3-manylinux_2_17_x86_64.manylinux2014_x86_64.whl.metadata (3.4 kB)
2025-08-19T15:39:00.1447996Z Collecting anyio (from httpx<0.29,>=0.27->-r requirements-dev.txt (line 15))
2025-08-19T15:39:00.1459565Z   Using cached anyio-4.10.0-py3-none-any.whl.metadata (4.0 kB)
2025-08-19T15:39:00.1765451Z Collecting httpcore==1.* (from httpx<0.29,>=0.27->-r requirements-dev.txt (line 15))
2025-08-19T15:39:00.1776646Z   Using cached httpcore-1.0.9-py3-none-any.whl.metadata (21 kB)
2025-08-19T15:39:00.2211070Z Collecting tzdata>=2022.7 (from pandas==2.2.*->-r requirements-dev.txt (line 22))
2025-08-19T15:39:00.2222236Z   Using cached tzdata-2025.2-py2.py3-none-any.whl.metadata (1.4 kB)
2025-08-19T15:39:00.2486592Z Collecting multimethod<=1.10.0 (from pandera==0.19.*->-r requirements-dev.txt (line 42))
2025-08-19T15:39:00.2497616Z   Using cached multimethod-1.10-py3-none-any.whl.metadata (8.2 kB)
2025-08-19T15:39:00.2968419Z Collecting typeguard (from pandera==0.19.*->-r requirements-dev.txt (line 42))
2025-08-19T15:39:00.2979607Z   Using cached typeguard-4.4.4-py3-none-any.whl.metadata (3.3 kB)
2025-08-19T15:39:00.3200455Z Collecting typing-inspect>=0.6.0 (from pandera==0.19.*->-r requirements-dev.txt (line 42))
2025-08-19T15:39:00.3211117Z   Using cached typing_inspect-0.9.0-py3-none-any.whl.metadata (1.5 kB)
2025-08-19T15:39:00.3596844Z Collecting databind<5.0.0,>=4.5.2 (from databind.core<5.0.0,>=4.4.0->pydoc-markdown==4.8.2->-r requirements-dev.txt (line 41))
2025-08-19T15:39:00.3607478Z   Using cached databind-4.5.2-py3-none-any.whl.metadata (4.3 kB)
2025-08-19T15:39:00.3844416Z Collecting nr-date<3.0.0,>=2.0.0 (from databind<5.0.0,>=4.5.2->databind.core<5.0.0,>=4.4.0->pydoc-markdown==4.8.2->-r requirements-dev.txt (line 41))
2025-08-19T15:39:00.3855104Z   Using cached nr_date-2.1.0-py3-none-any.whl.metadata (746 bytes)
2025-08-19T15:39:00.4094580Z Collecting nr-stream<2.0.0,>=1.0.0 (from databind<5.0.0,>=4.5.2->databind.core<5.0.0,>=4.4.0->pydoc-markdown==4.8.2->-r requirements-dev.txt (line 41))
2025-08-19T15:39:00.4105337Z   Using cached nr_stream-1.1.5-py3-none-any.whl.metadata (3.6 kB)
2025-08-19T15:39:00.4377939Z Collecting typeapi<3,>=2.0.1 (from databind<5.0.0,>=4.5.2->databind.core<5.0.0,>=4.4.0->pydoc-markdown==4.8.2->-r requirements-dev.txt (line 41))
2025-08-19T15:39:00.4388704Z   Using cached typeapi-2.2.4-py3-none-any.whl.metadata (1.5 kB)
2025-08-19T15:39:00.4782826Z Collecting h11>=0.16 (from httpcore==1.*->httpx<0.29,>=0.27->-r requirements-dev.txt (line 15))
2025-08-19T15:39:00.4793538Z   Using cached h11-0.16.0-py3-none-any.whl.metadata (8.3 kB)
2025-08-19T15:39:00.5116216Z Collecting amqp<6.0.0,>=5.1.1 (from kombu<5.6,>=5.5.2->celery==5.5.3->-r requirements-dev.txt (line 11))
2025-08-19T15:39:00.5127867Z   Using cached amqp-5.3.1-py3-none-any.whl.metadata (8.9 kB)
2025-08-19T15:39:00.5637431Z Collecting iniconfig>=1 (from pytest<9,>=7.0.0->pytest-asyncio==0.23.6->-r requirements-dev.txt (line 27))
2025-08-19T15:39:00.5649049Z   Using cached iniconfig-2.1.0-py3-none-any.whl.metadata (2.7 kB)
2025-08-19T15:39:00.5983412Z Collecting pygments>=2.7.2 (from pytest<9,>=7.0.0->pytest-asyncio==0.23.6->-r requirements-dev.txt (line 27))
2025-08-19T15:39:00.5994759Z   Using cached pygments-2.19.2-py3-none-any.whl.metadata (2.5 kB)
2025-08-19T15:39:00.6462622Z Collecting sniffio>=1.1 (from anyio->httpx<0.29,>=0.27->-r requirements-dev.txt (line 15))
2025-08-19T15:39:00.6474869Z   Using cached sniffio-1.3.1-py3-none-any.whl.metadata (3.9 kB)
2025-08-19T15:39:01.1428030Z Collecting botocore<1.41.0,>=1.40.12 (from boto3->-r requirements-dev.txt (line 8))
2025-08-19T15:39:01.1441813Z   Using cached botocore-1.40.12-py3-none-any.whl.metadata (5.7 kB)
2025-08-19T15:39:01.1685776Z Collecting jmespath<2.0.0,>=0.7.1 (from boto3->-r requirements-dev.txt (line 8))
2025-08-19T15:39:01.1697198Z   Using cached jmespath-1.0.1-py3-none-any.whl.metadata (7.6 kB)
2025-08-19T15:39:01.1986071Z Collecting s3transfer<0.14.0,>=0.13.0 (from boto3->-r requirements-dev.txt (line 8))
2025-08-19T15:39:01.1996997Z   Using cached s3transfer-0.13.1-py3-none-any.whl.metadata (1.7 kB)
2025-08-19T15:39:01.3679406Z Collecting fastapi-cli>=0.0.8 (from fastapi-cli[standard]>=0.0.8; extra == "all"->fastapi[all]->-r requirements-dev.txt (line 13))
2025-08-19T15:39:01.3691038Z   Using cached fastapi_cli-0.0.8-py3-none-any.whl.metadata (6.3 kB)
2025-08-19T15:39:01.4542123Z Collecting ujson!=4.0.2,!=4.1.0,!=4.2.0,!=4.3.0,!=5.0.0,!=5.1.0,>=4.0.1 (from fastapi[all]->-r requirements-dev.txt (line 13))
2025-08-19T15:39:01.4559675Z   Using cached ujson-5.10.0-cp312-cp312-manylinux_2_17_x86_64.manylinux2014_x86_64.whl.metadata (9.3 kB)
2025-08-19T15:39:01.6988386Z Collecting orjson>=3.2.1 (from fastapi[all]->-r requirements-dev.txt (line 13))
2025-08-19T15:39:01.7002177Z   Using cached orjson-3.11.2-cp312-cp312-manylinux_2_17_x86_64.manylinux2014_x86_64.whl.metadata (1.2 kB)
2025-08-19T15:39:01.7245027Z Collecting email-validator>=2.0.0 (from fastapi[all]->-r requirements-dev.txt (line 13))
2025-08-19T15:39:01.7257376Z   Using cached email_validator-2.2.0-py3-none-any.whl.metadata (25 kB)
2025-08-19T15:39:01.7664922Z Collecting uvicorn>=0.12.0 (from uvicorn[standard]>=0.12.0; extra == "all"->fastapi[all]->-r requirements-dev.txt (line 13))
2025-08-19T15:39:01.7676114Z   Using cached uvicorn-0.35.0-py3-none-any.whl.metadata (6.5 kB)
2025-08-19T15:39:01.7951866Z Collecting pydantic-settings>=2.0.0 (from fastapi[all]->-r requirements-dev.txt (line 13))
2025-08-19T15:39:01.7963330Z   Using cached pydantic_settings-2.10.1-py3-none-any.whl.metadata (3.4 kB)
2025-08-19T15:39:01.8244101Z Collecting pydantic-extra-types>=2.0.0 (from fastapi[all]->-r requirements-dev.txt (line 13))
2025-08-19T15:39:01.8255346Z   Using cached pydantic_extra_types-2.10.5-py3-none-any.whl.metadata (3.9 kB)
2025-08-19T15:39:01.9046534Z Collecting prompt-toolkit>=3.0.36 (from click-repl>=0.2.0->celery==5.5.3->-r requirements-dev.txt (line 11))
2025-08-19T15:39:01.9058810Z   Using cached prompt_toolkit-3.0.51-py3-none-any.whl.metadata (6.4 kB)
2025-08-19T15:39:01.9366527Z Collecting dnspython>=2.0.0 (from email-validator>=2.0.0->fastapi[all]->-r requirements-dev.txt (line 13))
2025-08-19T15:39:01.9379568Z   Using cached dnspython-2.7.0-py3-none-any.whl.metadata (5.8 kB)
2025-08-19T15:39:01.9887906Z Collecting typer>=0.15.1 (from fastapi-cli>=0.0.8->fastapi-cli[standard]>=0.0.8; extra == "all"->fastapi[all]->-r requirements-dev.txt (line 13))
2025-08-19T15:39:01.9898962Z   Using cached typer-0.16.1-py3-none-any.whl.metadata (15 kB)
2025-08-19T15:39:02.0278296Z Collecting rich-toolkit>=0.14.8 (from fastapi-cli>=0.0.8->fastapi-cli[standard]>=0.0.8; extra == "all"->fastapi[all]->-r requirements-dev.txt (line 13))
2025-08-19T15:39:02.0288743Z   Using cached rich_toolkit-0.15.0-py3-none-any.whl.metadata (1.0 kB)
2025-08-19T15:39:02.0519014Z Collecting fastapi-cloud-cli>=0.1.1 (from fastapi-cli[standard]>=0.0.8; extra == "all"->fastapi[all]->-r requirements-dev.txt (line 13))
2025-08-19T15:39:02.0529716Z   Using cached fastapi_cloud_cli-0.1.5-py3-none-any.whl.metadata (3.2 kB)
2025-08-19T15:39:02.1365529Z Collecting rignore>=0.5.1 (from fastapi-cloud-cli>=0.1.1->fastapi-cli[standard]>=0.0.8; extra == "all"->fastapi[all]->-r requirements-dev.txt (line 13))
2025-08-19T15:39:02.1377005Z   Using cached rignore-0.6.4-cp312-cp312-manylinux_2_17_x86_64.manylinux2014_x86_64.whl.metadata (3.8 kB)
2025-08-19T15:39:02.2378498Z Collecting sentry-sdk>=2.20.0 (from fastapi-cloud-cli>=0.1.1->fastapi-cli[standard]>=0.0.8; extra == "all"->fastapi[all]->-r requirements-dev.txt (line 13))
2025-08-19T15:39:02.2391184Z   Using cached sentry_sdk-2.35.0-py2.py3-none-any.whl.metadata (10 kB)
2025-08-19T15:39:02.3445847Z Collecting psutil>=4.0.0 (from mirakuru>=2.6.0->pytest-postgresql==7.0.2->-r requirements-dev.txt (line 29))
2025-08-19T15:39:02.3458907Z   Using cached psutil-7.0.0-cp36-abi3-manylinux_2_12_x86_64.manylinux2010_x86_64.manylinux_2_17_x86_64.manylinux2014_x86_64.whl.metadata (22 kB)
2025-08-19T15:39:02.3889651Z Collecting wcwidth (from prompt-toolkit>=3.0.36->click-repl>=0.2.0->celery==5.5.3->-r requirements-dev.txt (line 11))
2025-08-19T15:39:02.3900648Z   Using cached wcwidth-0.2.13-py2.py3-none-any.whl.metadata (14 kB)
2025-08-19T15:39:02.5042907Z Collecting rich>=13.7.1 (from rich-toolkit>=0.14.8->fastapi-cli>=0.0.8->fastapi-cli[standard]>=0.0.8; extra == "all"->fastapi[all]->-r requirements-dev.txt (line 13))
2025-08-19T15:39:02.5056321Z   Using cached rich-14.1.0-py3-none-any.whl.metadata (18 kB)
2025-08-19T15:39:02.5375271Z Collecting markdown-it-py>=2.2.0 (from rich>=13.7.1->rich-toolkit>=0.14.8->fastapi-cli>=0.0.8->fastapi-cli[standard]>=0.0.8; extra == "all"->fastapi[all]->-r requirements-dev.txt (line 13))
2025-08-19T15:39:02.5386994Z   Using cached markdown_it_py-4.0.0-py3-none-any.whl.metadata (7.3 kB)
2025-08-19T15:39:02.5736349Z Collecting mdurl~=0.1 (from markdown-it-py>=2.2.0->rich>=13.7.1->rich-toolkit>=0.14.8->fastapi-cli>=0.0.8->fastapi-cli[standard]>=0.0.8; extra == "all"->fastapi[all]->-r requirements-dev.txt (line 13))
2025-08-19T15:39:02.5748798Z   Using cached mdurl-0.1.2-py3-none-any.whl.metadata (1.6 kB)
2025-08-19T15:39:02.6457585Z Collecting shellingham>=1.3.0 (from typer>=0.15.1->fastapi-cli>=0.0.8->fastapi-cli[standard]>=0.0.8; extra == "all"->fastapi[all]->-r requirements-dev.txt (line 13))
2025-08-19T15:39:02.6472630Z   Using cached shellingham-1.5.4-py2.py3-none-any.whl.metadata (3.5 kB)
2025-08-19T15:39:02.7407339Z Collecting httptools>=0.6.3 (from uvicorn[standard]>=0.12.0; extra == "all"->fastapi[all]->-r requirements-dev.txt (line 13))
2025-08-19T15:39:02.7419372Z   Using cached httptools-0.6.4-cp312-cp312-manylinux_2_5_x86_64.manylinux1_x86_64.manylinux_2_17_x86_64.manylinux2014_x86_64.whl.metadata (3.6 kB)
2025-08-19T15:39:02.7946272Z Collecting uvloop>=0.15.1 (from uvicorn[standard]>=0.12.0; extra == "all"->fastapi[all]->-r requirements-dev.txt (line 13))
2025-08-19T15:39:02.7957636Z   Using cached uvloop-0.21.0-cp312-cp312-manylinux_2_17_x86_64.manylinux2014_x86_64.whl.metadata (4.9 kB)
2025-08-19T15:39:02.8762616Z Collecting watchfiles>=0.13 (from uvicorn[standard]>=0.12.0; extra == "all"->fastapi[all]->-r requirements-dev.txt (line 13))
2025-08-19T15:39:02.8774550Z   Using cached watchfiles-1.1.0-cp312-cp312-manylinux_2_17_x86_64.manylinux2014_x86_64.whl.metadata (4.9 kB)
2025-08-19T15:39:03.0885058Z Collecting websockets>=10.4 (from uvicorn[standard]>=0.12.0; extra == "all"->fastapi[all]->-r requirements-dev.txt (line 13))
2025-08-19T15:39:03.0898311Z   Using cached websockets-15.0.1-cp312-cp312-manylinux_2_5_x86_64.manylinux1_x86_64.manylinux_2_17_x86_64.manylinux2014_x86_64.whl.metadata (6.8 kB)
2025-08-19T15:39:03.1523293Z Collecting argon2-cffi-bindings (from argon2-cffi->minio==7.*->-r requirements-dev.txt (line 10))
2025-08-19T15:39:03.1535143Z   Using cached argon2_cffi_bindings-25.1.0-cp39-abi3-manylinux_2_26_x86_64.manylinux_2_28_x86_64.whl.metadata (7.4 kB)
2025-08-19T15:39:03.2672177Z Collecting cffi>=1.0.1 (from argon2-cffi-bindings->argon2-cffi->minio==7.*->-r requirements-dev.txt (line 10))
2025-08-19T15:39:03.2684330Z   Using cached cffi-1.17.1-cp312-cp312-manylinux_2_17_x86_64.manylinux2014_x86_64.whl.metadata (1.5 kB)
2025-08-19T15:39:03.2926446Z Collecting pycparser (from cffi>=1.0.1->argon2-cffi-bindings->argon2-cffi->minio==7.*->-r requirements-dev.txt (line 10))
2025-08-19T15:39:03.2938419Z   Using cached pycparser-2.22-py3-none-any.whl.metadata (943 bytes)
2025-08-19T15:39:03.3547221Z Using cached jinja2-3.1.6-py3-none-any.whl (134 kB)
2025-08-19T15:39:03.3559363Z Using cached alembic-1.13.1-py3-none-any.whl (233 kB)
2025-08-19T15:39:03.3572257Z Using cached APScheduler-3.10.4-py3-none-any.whl (59 kB)
2025-08-19T15:39:03.3583716Z Using cached asgi_correlation_id-4.3.1-py3-none-any.whl (15 kB)
2025-08-19T15:39:03.3595138Z Using cached asyncpg-0.30.0-cp312-cp312-manylinux_2_17_x86_64.manylinux2014_x86_64.whl (3.6 MB)
2025-08-19T15:39:03.3632783Z Using cached black-25.1.0-cp312-cp312-manylinux_2_17_x86_64.manylinux2014_x86_64.manylinux_2_28_x86_64.whl (1.8 MB)
2025-08-19T15:39:03.3656325Z Using cached celery-5.5.3-py3-none-any.whl (438 kB)
2025-08-19T15:39:03.3670012Z Using cached fastapi-0.116.1-py3-none-any.whl (95 kB)
2025-08-19T15:39:03.3681946Z Using cached pydantic-2.11.7-py3-none-any.whl (444 kB)
2025-08-19T15:39:03.3696100Z Using cached fastapi_limiter-0.1.6-py3-none-any.whl (15 kB)
2025-08-19T15:39:03.3706917Z Using cached IMAPClient-3.0.1-py2.py3-none-any.whl (182 kB)
2025-08-19T15:39:03.3718856Z Using cached mypy_extensions-1.1.0-py3-none-any.whl (5.0 kB)
2025-08-19T15:39:03.3729918Z Using cached openpyxl-3.1.5-py2.py3-none-any.whl (250 kB)
2025-08-19T15:39:03.3742826Z Using cached psycopg2_binary-2.9.10-cp312-cp312-manylinux_2_17_x86_64.manylinux2014_x86_64.whl (3.0 MB)
2025-08-19T15:39:03.3775299Z Using cached psycopg-3.2.9-py3-none-any.whl (202 kB)
2025-08-19T15:39:03.3787238Z Using cached pytest_asyncio-0.23.6-py3-none-any.whl (17 kB)
2025-08-19T15:39:03.3797998Z Using cached pytest_cov-6.2.1-py3-none-any.whl (24 kB)
2025-08-19T15:39:03.3808895Z Using cached pytest_postgresql-7.0.2-py3-none-any.whl (41 kB)
2025-08-19T15:39:03.3820249Z Using cached python_telegram_bot-22.3-py3-none-any.whl (717 kB)
2025-08-19T15:39:03.3836107Z Using cached requests-2.32.4-py3-none-any.whl (64 kB)
2025-08-19T15:39:03.3847291Z Using cached respx-0.22.0-py2.py3-none-any.whl (25 kB)
2025-08-19T15:39:03.3858440Z Using cached ruff-0.4.4-py3-none-manylinux_2_17_x86_64.manylinux2014_x86_64.whl (8.7 MB)
2025-08-19T15:39:03.4081841Z Downloading sqlalchemy-2.0.43-cp312-cp312-manylinux_2_17_x86_64.manylinux2014_x86_64.whl (3.3 MB)
2025-08-19T15:39:03.5108187Z    ━━━━━━━━━━━━━━━━━━━━━━━━━━━━━━━━━━━━━━━━ 3.3/3.3 MB 51.0 MB/s  0:00:00
2025-08-19T15:39:03.5121924Z Using cached structlog-24.1.0-py3-none-any.whl (65 kB)
2025-08-19T15:39:03.5133787Z Using cached testcontainers-4.10.0-py3-none-any.whl (107 kB)
2025-08-19T15:39:03.5146028Z Using cached types_requests-2.32.0.20240602-py3-none-any.whl (15 kB)
2025-08-19T15:39:03.5157477Z Using cached docspec_python-2.2.2-py3-none-any.whl (15 kB)
2025-08-19T15:39:03.5168781Z Using cached pydoc_markdown-4.8.2-py3-none-any.whl (67 kB)
2025-08-19T15:39:03.5180189Z Using cached docspec-2.2.1-py3-none-any.whl (9.8 kB)
2025-08-19T15:39:03.5192119Z Using cached psycopg_binary-3.2.9-cp312-cp312-manylinux_2_17_x86_64.manylinux2014_x86_64.whl (4.4 MB)
2025-08-19T15:39:03.5235822Z Using cached pydantic_core-2.33.2-cp312-cp312-manylinux_2_17_x86_64.manylinux2014_x86_64.whl (2.0 MB)
2025-08-19T15:39:03.5261277Z Using cached redis-6.4.0-py3-none-any.whl (279 kB)
2025-08-19T15:39:03.5274695Z Using cached minio-7.2.16-py3-none-any.whl (95 kB)
2025-08-19T15:39:03.5286515Z Using cached httpx-0.28.1-py3-none-any.whl (73 kB)
2025-08-19T15:39:03.5298693Z Using cached mypy-1.17.1-cp312-cp312-manylinux2014_x86_64.manylinux_2_17_x86_64.manylinux_2_28_x86_64.whl (12.7 MB)
2025-08-19T15:39:03.5401870Z Using cached numpy-1.26.4-cp312-cp312-manylinux_2_17_x86_64.manylinux2014_x86_64.whl (18.0 MB)
2025-08-19T15:39:03.5544464Z Using cached pandas-2.2.3-cp312-cp312-manylinux_2_17_x86_64.manylinux2014_x86_64.whl (12.7 MB)
2025-08-19T15:39:03.5651762Z Using cached pandera-0.19.3-py3-none-any.whl (251 kB)
2025-08-19T15:39:03.5665003Z Using cached billiard-4.2.1-py3-none-any.whl (86 kB)
2025-08-19T15:39:03.5678105Z Using cached charset_normalizer-3.4.3-cp312-cp312-manylinux2014_x86_64.manylinux_2_17_x86_64.manylinux_2_28_x86_64.whl (151 kB)
2025-08-19T15:39:03.5692505Z Using cached click-8.2.1-py3-none-any.whl (102 kB)
2025-08-19T15:39:03.5704988Z Using cached databind.core-4.5.2-py3-none-any.whl (1.5 kB)
2025-08-19T15:39:03.5718607Z Using cached databind-4.5.2-py3-none-any.whl (49 kB)
2025-08-19T15:39:03.5732161Z Using cached databind.json-4.5.2-py3-none-any.whl (1.5 kB)
2025-08-19T15:39:03.5743925Z Using cached Deprecated-1.2.18-py2.py3-none-any.whl (10.0 kB)
2025-08-19T15:39:03.5755441Z Using cached httpcore-1.0.9-py3-none-any.whl (78 kB)
2025-08-19T15:39:03.5767278Z Using cached idna-3.10-py3-none-any.whl (70 kB)
2025-08-19T15:39:03.5779133Z Using cached kombu-5.5.4-py3-none-any.whl (210 kB)
2025-08-19T15:39:03.5791651Z Using cached vine-5.1.0-py3-none-any.whl (9.6 kB)
2025-08-19T15:39:03.5802820Z Using cached amqp-5.3.1-py3-none-any.whl (50 kB)
2025-08-19T15:39:03.5814115Z Using cached multimethod-1.10-py3-none-any.whl (9.9 kB)
2025-08-19T15:39:03.5825349Z Using cached nr_date-2.1.0-py3-none-any.whl (10 kB)
2025-08-19T15:39:03.5836814Z Using cached nr_stream-1.1.5-py3-none-any.whl (10 kB)
2025-08-19T15:39:03.5848198Z Using cached nr.util-0.8.12-py3-none-any.whl (90 kB)
2025-08-19T15:39:03.5859869Z Using cached pytest-8.4.1-py3-none-any.whl (365 kB)
2025-08-19T15:39:03.5873884Z Using cached pluggy-1.6.0-py3-none-any.whl (20 kB)
2025-08-19T15:39:03.5885597Z Using cached PyYAML-6.0.2-cp312-cp312-manylinux_2_17_x86_64.manylinux2014_x86_64.whl (767 kB)
2025-08-19T15:39:03.5902749Z Using cached starlette-0.47.2-py3-none-any.whl (72 kB)
2025-08-19T15:39:03.5914455Z Using cached anyio-4.10.0-py3-none-any.whl (107 kB)
2025-08-19T15:39:03.5926892Z Using cached tomli-2.2.1-cp312-cp312-manylinux_2_17_x86_64.manylinux2014_x86_64.whl (242 kB)
2025-08-19T15:39:03.5939598Z Using cached tomli_w-1.2.0-py3-none-any.whl (6.7 kB)
2025-08-19T15:39:03.5950781Z Using cached typeapi-2.2.4-py3-none-any.whl (26 kB)
2025-08-19T15:39:03.5962520Z Using cached typing_extensions-4.14.1-py3-none-any.whl (43 kB)
2025-08-19T15:39:03.5974119Z Using cached urllib3-2.5.0-py3-none-any.whl (129 kB)
2025-08-19T15:39:03.5986606Z Using cached wrapt-1.17.3-cp312-cp312-manylinux1_x86_64.manylinux_2_28_x86_64.manylinux_2_5_x86_64.whl (88 kB)
2025-08-19T15:39:03.5998151Z Using cached boto3-1.40.12-py3-none-any.whl (140 kB)
2025-08-19T15:39:03.6010454Z Using cached botocore-1.40.12-py3-none-any.whl (14.0 MB)
2025-08-19T15:39:03.6119682Z Using cached jmespath-1.0.1-py3-none-any.whl (20 kB)
2025-08-19T15:39:03.6131206Z Using cached python_dateutil-2.9.0.post0-py2.py3-none-any.whl (229 kB)
2025-08-19T15:39:03.6144201Z Using cached s3transfer-0.13.1-py3-none-any.whl (85 kB)
2025-08-19T15:39:03.6156176Z Using cached itsdangerous-2.2.0-py3-none-any.whl (16 kB)
2025-08-19T15:39:03.6167633Z Using cached setuptools-80.9.0-py3-none-any.whl (1.2 MB)
2025-08-19T15:39:03.6188216Z Using cached python_dotenv-1.1.1-py3-none-any.whl (20 kB)
2025-08-19T15:39:03.6199685Z Using cached python_multipart-0.0.20-py3-none-any.whl (24 kB)
2025-08-19T15:39:03.6211355Z Using cached annotated_types-0.7.0-py3-none-any.whl (13 kB)
2025-08-19T15:39:03.6222850Z Using cached certifi-2025.8.3-py3-none-any.whl (161 kB)
2025-08-19T15:39:03.6235362Z Using cached click_didyoumean-0.3.1-py3-none-any.whl (3.6 kB)
2025-08-19T15:39:03.6247373Z Using cached click_plugins-1.1.1.2-py2.py3-none-any.whl (11 kB)
2025-08-19T15:39:03.6259317Z Using cached click_repl-0.3.0-py3-none-any.whl (10 kB)
2025-08-19T15:39:03.6272013Z Using cached coverage-7.10.4-cp312-cp312-manylinux1_x86_64.manylinux_2_28_x86_64.manylinux_2_5_x86_64.whl (251 kB)
2025-08-19T15:39:03.6284569Z Using cached email_validator-2.2.0-py3-none-any.whl (33 kB)
2025-08-19T15:39:03.6295993Z Using cached dnspython-2.7.0-py3-none-any.whl (313 kB)
2025-08-19T15:39:03.6309158Z Using cached fastapi_cli-0.0.8-py3-none-any.whl (10 kB)
2025-08-19T15:39:03.6320253Z Using cached fastapi_cloud_cli-0.1.5-py3-none-any.whl (18 kB)
2025-08-19T15:39:03.6332037Z Using cached greenlet-3.2.4-cp312-cp312-manylinux_2_24_x86_64.manylinux_2_28_x86_64.whl (607 kB)
2025-08-19T15:39:03.6347448Z Using cached h11-0.16.0-py3-none-any.whl (37 kB)
2025-08-19T15:39:03.6358851Z Using cached iniconfig-2.1.0-py3-none-any.whl (6.0 kB)
2025-08-19T15:39:03.6370565Z Using cached MarkupSafe-3.0.2-cp312-cp312-manylinux_2_17_x86_64.manylinux2014_x86_64.whl (23 kB)
2025-08-19T15:39:03.6381960Z Using cached mirakuru-2.6.1-py3-none-any.whl (26 kB)
2025-08-19T15:39:03.6393510Z Using cached orjson-3.11.2-cp312-cp312-manylinux_2_17_x86_64.manylinux2014_x86_64.whl (121 kB)
2025-08-19T15:39:03.6405235Z Using cached packaging-25.0-py3-none-any.whl (66 kB)
2025-08-19T15:39:03.6417070Z Using cached pathspec-0.12.1-py3-none-any.whl (31 kB)
2025-08-19T15:39:03.6428546Z Using cached platformdirs-4.3.8-py3-none-any.whl (18 kB)
2025-08-19T15:39:03.6439608Z Using cached port_for-0.7.4-py3-none-any.whl (21 kB)
2025-08-19T15:39:03.6451036Z Using cached prompt_toolkit-3.0.51-py3-none-any.whl (387 kB)
2025-08-19T15:39:03.6466286Z Using cached psutil-7.0.0-cp36-abi3-manylinux_2_12_x86_64.manylinux2010_x86_64.manylinux_2_17_x86_64.manylinux2014_x86_64.whl (277 kB)
2025-08-19T15:39:03.6478948Z Using cached pydantic_extra_types-2.10.5-py3-none-any.whl (38 kB)
2025-08-19T15:39:03.6490100Z Using cached pydantic_settings-2.10.1-py3-none-any.whl (45 kB)
2025-08-19T15:39:03.6501374Z Using cached pygments-2.19.2-py3-none-any.whl (1.2 MB)
2025-08-19T15:39:03.6521053Z Using cached pytz-2025.2-py2.py3-none-any.whl (509 kB)
2025-08-19T15:39:03.6535573Z Using cached rich_toolkit-0.15.0-py3-none-any.whl (29 kB)
2025-08-19T15:39:03.6546710Z Using cached rich-14.1.0-py3-none-any.whl (243 kB)
2025-08-19T15:39:03.6559371Z Using cached markdown_it_py-4.0.0-py3-none-any.whl (87 kB)
2025-08-19T15:39:03.6570575Z Using cached mdurl-0.1.2-py3-none-any.whl (10.0 kB)
2025-08-19T15:39:03.6581913Z Using cached rignore-0.6.4-cp312-cp312-manylinux_2_17_x86_64.manylinux2014_x86_64.whl (949 kB)
2025-08-19T15:39:03.6599135Z Using cached sentry_sdk-2.35.0-py2.py3-none-any.whl (363 kB)
2025-08-19T15:39:03.6612649Z Using cached six-1.17.0-py2.py3-none-any.whl (11 kB)
2025-08-19T15:39:03.6623709Z Using cached sniffio-1.3.1-py3-none-any.whl (10 kB)
2025-08-19T15:39:03.6634426Z Using cached typer-0.16.1-py3-none-any.whl (46 kB)
2025-08-19T15:39:03.6645859Z Using cached shellingham-1.5.4-py2.py3-none-any.whl (9.8 kB)
2025-08-19T15:39:03.6656599Z Using cached typing_inspect-0.9.0-py3-none-any.whl (8.8 kB)
2025-08-19T15:39:03.6667515Z Using cached typing_inspection-0.4.1-py3-none-any.whl (14 kB)
2025-08-19T15:39:03.6678415Z Using cached tzdata-2025.2-py2.py3-none-any.whl (347 kB)
2025-08-19T15:39:03.6691716Z Using cached tzlocal-5.3.1-py3-none-any.whl (18 kB)
2025-08-19T15:39:03.6702895Z Using cached ujson-5.10.0-cp312-cp312-manylinux_2_17_x86_64.manylinux2014_x86_64.whl (53 kB)
2025-08-19T15:39:03.6713757Z Using cached uvicorn-0.35.0-py3-none-any.whl (66 kB)
2025-08-19T15:39:03.6725577Z Using cached httptools-0.6.4-cp312-cp312-manylinux_2_5_x86_64.manylinux1_x86_64.manylinux_2_17_x86_64.manylinux2014_x86_64.whl (510 kB)
2025-08-19T15:39:03.6739764Z Using cached uvloop-0.21.0-cp312-cp312-manylinux_2_17_x86_64.manylinux2014_x86_64.whl (4.7 MB)
2025-08-19T15:39:03.6784608Z Using cached watchfiles-1.1.0-cp312-cp312-manylinux_2_17_x86_64.manylinux2014_x86_64.whl (452 kB)
2025-08-19T15:39:03.6798768Z Using cached websockets-15.0.1-cp312-cp312-manylinux_2_5_x86_64.manylinux1_x86_64.manylinux_2_17_x86_64.manylinux2014_x86_64.whl (182 kB)
2025-08-19T15:39:03.6810232Z Using cached yapf-0.43.0-py3-none-any.whl (256 kB)
2025-08-19T15:39:03.6822832Z Using cached argon2_cffi-25.1.0-py3-none-any.whl (14 kB)
2025-08-19T15:39:03.6834103Z Using cached argon2_cffi_bindings-25.1.0-cp39-abi3-manylinux_2_26_x86_64.manylinux_2_28_x86_64.whl (87 kB)
2025-08-19T15:39:03.6845513Z Using cached cffi-1.17.1-cp312-cp312-manylinux_2_17_x86_64.manylinux2014_x86_64.whl (479 kB)
2025-08-19T15:39:03.6859440Z Using cached docker-7.1.0-py3-none-any.whl (147 kB)
2025-08-19T15:39:03.6871158Z Using cached et_xmlfile-2.0.0-py3-none-any.whl (18 kB)
2025-08-19T15:39:03.6881907Z Using cached mako-1.3.10-py3-none-any.whl (78 kB)
2025-08-19T15:39:03.6893317Z Using cached pycparser-2.22-py3-none-any.whl (117 kB)
2025-08-19T15:39:03.6905269Z Using cached pycryptodome-3.23.0-cp37-abi3-manylinux_2_17_x86_64.manylinux2014_x86_64.whl (2.3 MB)
2025-08-19T15:39:03.6932939Z Using cached typeguard-4.4.4-py3-none-any.whl (34 kB)
2025-08-19T15:39:03.6944359Z Using cached watchdog-6.0.0-py3-none-manylinux2014_x86_64.whl (79 kB)
2025-08-19T15:39:03.6956170Z Using cached wcwidth-0.2.13-py2.py3-none-any.whl (34 kB)
2025-08-19T15:39:04.1670329Z Installing collected packages: wcwidth, pytz, wrapt, websockets, watchdog, vine, uvloop, urllib3, ujson, tzlocal, tzdata, typing-extensions, tomli_w, tomli, structlog, sniffio, six, shellingham, setuptools, ruff, rignore, redis, PyYAML, python-multipart, python-dotenv, pygments, pycryptodome, pycparser, psycopg2-binary, psycopg-binary, psutil, prompt-toolkit, port-for, pluggy, platformdirs, pathspec, packaging, orjson, numpy, nr-stream, nr-date, mypy-extensions, multimethod, mdurl, MarkupSafe, jmespath, itsdangerous, iniconfig, imapclient, idna, httptools, h11, greenlet, et-xmlfile, docstring-parser, dnspython, coverage, click, charset_normalizer, certifi, billiard, asyncpg, annotated-types, yapf, uvicorn, typing-inspection, typing-inspect, types-requests, typeguard, typeapi, sqlalchemy, sentry-sdk, requests, python-dateutil, pytest, pydantic-core, psycopg, openpyxl, mypy, mirakuru, markdown-it-py, Mako, Jinja2, httpcore, email-validator, Deprecated, click-repl, click-plugins, click-didyoumean, cffi, black, apscheduler, anyio, amqp, watchfiles, starlette, rich, pytest-postgresql, pytest-cov, pytest-asyncio, pydantic, pandas, nr-util, kombu, httpx, docker, databind, botocore, argon2-cffi-bindings, alembic, typer, testcontainers, s3transfer, rich-toolkit, respx, python-telegram-bot, pydantic-settings, pydantic-extra-types, pandera, fastapi, databind.json, databind.core, celery, asgi-correlation-id, argon2-cffi, minio, fastapi-limiter, fastapi-cloud-cli, fastapi-cli, docspec, boto3, docspec-python, pydoc-markdown
2025-08-19T15:39:23.5319660Z 
2025-08-19T15:39:23.5440975Z Successfully installed Deprecated-1.2.18 Jinja2-3.1.6 Mako-1.3.10 MarkupSafe-3.0.2 PyYAML-6.0.2 alembic-1.13.1 amqp-5.3.1 annotated-types-0.7.0 anyio-4.10.0 apscheduler-3.10.4 argon2-cffi-25.1.0 argon2-cffi-bindings-25.1.0 asgi-correlation-id-4.3.1 asyncpg-0.30.0 billiard-4.2.1 black-25.1.0 boto3-1.40.12 botocore-1.40.12 celery-5.5.3 certifi-2025.8.3 cffi-1.17.1 charset_normalizer-3.4.3 click-8.2.1 click-didyoumean-0.3.1 click-plugins-1.1.1.2 click-repl-0.3.0 coverage-7.10.4 databind-4.5.2 databind.core-4.5.2 databind.json-4.5.2 dnspython-2.7.0 docker-7.1.0 docspec-2.2.1 docspec-python-2.2.2 docstring-parser-0.11 email-validator-2.2.0 et-xmlfile-2.0.0 fastapi-0.116.1 fastapi-cli-0.0.8 fastapi-cloud-cli-0.1.5 fastapi-limiter-0.1.6 greenlet-3.2.4 h11-0.16.0 httpcore-1.0.9 httptools-0.6.4 httpx-0.28.1 idna-3.10 imapclient-3.0.1 iniconfig-2.1.0 itsdangerous-2.2.0 jmespath-1.0.1 kombu-5.5.4 markdown-it-py-4.0.0 mdurl-0.1.2 minio-7.2.16 mirakuru-2.6.1 multimethod-1.10 mypy-1.17.1 mypy-extensions-1.1.0 nr-date-2.1.0 nr-stream-1.1.5 nr-util-0.8.12 numpy-1.26.4 openpyxl-3.1.5 orjson-3.11.2 packaging-25.0 pandas-2.2.3 pandera-0.19.3 pathspec-0.12.1 platformdirs-4.3.8 pluggy-1.6.0 port-for-0.7.4 prompt-toolkit-3.0.51 psutil-7.0.0 psycopg-3.2.9 psycopg-binary-3.2.9 psycopg2-binary-2.9.10 pycparser-2.22 pycryptodome-3.23.0 pydantic-2.11.7 pydantic-core-2.33.2 pydantic-extra-types-2.10.5 pydantic-settings-2.10.1 pydoc-markdown-4.8.2 pygments-2.19.2 pytest-8.4.1 pytest-asyncio-0.23.6 pytest-cov-6.2.1 pytest-postgresql-7.0.2 python-dateutil-2.9.0.post0 python-dotenv-1.1.1 python-multipart-0.0.20 python-telegram-bot-22.3 pytz-2025.2 redis-6.4.0 requests-2.32.4 respx-0.22.0 rich-14.1.0 rich-toolkit-0.15.0 rignore-0.6.4 ruff-0.4.4 s3transfer-0.13.1 sentry-sdk-2.35.0 setuptools-80.9.0 shellingham-1.5.4 six-1.17.0 sniffio-1.3.1 sqlalchemy-2.0.43 starlette-0.47.2 structlog-24.1.0 testcontainers-4.10.0 tomli-2.2.1 tomli_w-1.2.0 typeapi-2.2.4 typeguard-4.4.4 typer-0.16.1 types-requests-2.32.0.20240602 typing-extensions-4.14.1 typing-inspect-0.9.0 typing-inspection-0.4.1 tzdata-2025.2 tzlocal-5.3.1 ujson-5.10.0 urllib3-2.5.0 uvicorn-0.35.0 uvloop-0.21.0 vine-5.1.0 watchdog-6.0.0 watchfiles-1.1.0 wcwidth-0.2.13 websockets-15.0.1 wrapt-1.17.3 yapf-0.43.0
2025-08-19T15:39:24.7999113Z Collecting keepa==1.3.15
2025-08-19T15:39:24.8011741Z   Using cached keepa-1.3.15-py3-none-any.whl.metadata (11 kB)
2025-08-19T15:39:24.8401951Z Collecting minio==7.1.15
2025-08-19T15:39:24.8413345Z   Using cached minio-7.1.15-py3-none-any.whl.metadata (4.2 kB)
2025-08-19T15:39:24.8439544Z Requirement already satisfied: numpy>=1.9.3 in /opt/hostedtoolcache/Python/3.12.11/x64/lib/python3.12/site-packages (from keepa==1.3.15) (1.26.4)
2025-08-19T15:39:24.8444806Z Requirement already satisfied: requests>=2.2 in /opt/hostedtoolcache/Python/3.12.11/x64/lib/python3.12/site-packages (from keepa==1.3.15) (2.32.4)
2025-08-19T15:39:24.8874520Z Collecting tqdm (from keepa==1.3.15)
2025-08-19T15:39:24.8885803Z   Using cached tqdm-4.67.1-py3-none-any.whl.metadata (57 kB)
2025-08-19T15:39:25.3867803Z Collecting aiohttp (from keepa==1.3.15)
2025-08-19T15:39:25.3881935Z   Using cached aiohttp-3.12.15-cp312-cp312-manylinux_2_17_x86_64.manylinux2014_x86_64.whl.metadata (7.7 kB)
2025-08-19T15:39:25.3917269Z Requirement already satisfied: pandas<=3.0 in /opt/hostedtoolcache/Python/3.12.11/x64/lib/python3.12/site-packages (from keepa==1.3.15) (2.2.3)
2025-08-19T15:39:25.3921746Z Requirement already satisfied: pydantic in /opt/hostedtoolcache/Python/3.12.11/x64/lib/python3.12/site-packages (from keepa==1.3.15) (2.11.7)
2025-08-19T15:39:25.3930046Z Requirement already satisfied: certifi in /opt/hostedtoolcache/Python/3.12.11/x64/lib/python3.12/site-packages (from minio==7.1.15) (2025.8.3)
2025-08-19T15:39:25.3934303Z Requirement already satisfied: urllib3 in /opt/hostedtoolcache/Python/3.12.11/x64/lib/python3.12/site-packages (from minio==7.1.15) (2.5.0)
2025-08-19T15:39:25.3990320Z Requirement already satisfied: python-dateutil>=2.8.2 in /opt/hostedtoolcache/Python/3.12.11/x64/lib/python3.12/site-packages (from pandas<=3.0->keepa==1.3.15) (2.9.0.post0)
2025-08-19T15:39:25.3996520Z Requirement already satisfied: pytz>=2020.1 in /opt/hostedtoolcache/Python/3.12.11/x64/lib/python3.12/site-packages (from pandas<=3.0->keepa==1.3.15) (2025.2)
2025-08-19T15:39:25.4001879Z Requirement already satisfied: tzdata>=2022.7 in /opt/hostedtoolcache/Python/3.12.11/x64/lib/python3.12/site-packages (from pandas<=3.0->keepa==1.3.15) (2025.2)
2025-08-19T15:39:25.4128123Z Requirement already satisfied: six>=1.5 in /opt/hostedtoolcache/Python/3.12.11/x64/lib/python3.12/site-packages (from python-dateutil>=2.8.2->pandas<=3.0->keepa==1.3.15) (1.17.0)
2025-08-19T15:39:25.4147273Z Requirement already satisfied: charset_normalizer<4,>=2 in /opt/hostedtoolcache/Python/3.12.11/x64/lib/python3.12/site-packages (from requests>=2.2->keepa==1.3.15) (3.4.3)
2025-08-19T15:39:25.4153686Z Requirement already satisfied: idna<4,>=2.5 in /opt/hostedtoolcache/Python/3.12.11/x64/lib/python3.12/site-packages (from requests>=2.2->keepa==1.3.15) (3.10)
2025-08-19T15:39:25.4467764Z Collecting aiohappyeyeballs>=2.5.0 (from aiohttp->keepa==1.3.15)
2025-08-19T15:39:25.4479337Z   Using cached aiohappyeyeballs-2.6.1-py3-none-any.whl.metadata (5.9 kB)
2025-08-19T15:39:25.4680355Z Collecting aiosignal>=1.4.0 (from aiohttp->keepa==1.3.15)
2025-08-19T15:39:25.4691878Z   Using cached aiosignal-1.4.0-py3-none-any.whl.metadata (3.7 kB)
2025-08-19T15:39:25.4961787Z Collecting attrs>=17.3.0 (from aiohttp->keepa==1.3.15)
2025-08-19T15:39:25.4973057Z   Using cached attrs-25.3.0-py3-none-any.whl.metadata (10 kB)
2025-08-19T15:39:25.5756545Z Collecting frozenlist>=1.1.1 (from aiohttp->keepa==1.3.15)
2025-08-19T15:39:25.5768813Z   Using cached frozenlist-1.7.0-cp312-cp312-manylinux_2_5_x86_64.manylinux1_x86_64.manylinux_2_17_x86_64.manylinux2014_x86_64.whl.metadata (18 kB)
2025-08-19T15:39:25.8318835Z Collecting multidict<7.0,>=4.5 (from aiohttp->keepa==1.3.15)
2025-08-19T15:39:25.8332636Z   Using cached multidict-6.6.4-cp312-cp312-manylinux2014_x86_64.manylinux_2_17_x86_64.manylinux_2_28_x86_64.whl.metadata (5.3 kB)
2025-08-19T15:39:25.8863491Z Collecting propcache>=0.2.0 (from aiohttp->keepa==1.3.15)
2025-08-19T15:39:25.8876127Z   Using cached propcache-0.3.2-cp312-cp312-manylinux_2_17_x86_64.manylinux2014_x86_64.whl.metadata (12 kB)
2025-08-19T15:39:26.1352357Z Collecting yarl<2.0,>=1.17.0 (from aiohttp->keepa==1.3.15)
2025-08-19T15:39:26.1365918Z   Using cached yarl-1.20.1-cp312-cp312-manylinux_2_17_x86_64.manylinux2014_x86_64.whl.metadata (73 kB)
2025-08-19T15:39:26.1585029Z Requirement already satisfied: typing-extensions>=4.2 in /opt/hostedtoolcache/Python/3.12.11/x64/lib/python3.12/site-packages (from aiosignal>=1.4.0->aiohttp->keepa==1.3.15) (4.14.1)
2025-08-19T15:39:26.1632344Z Requirement already satisfied: annotated-types>=0.6.0 in /opt/hostedtoolcache/Python/3.12.11/x64/lib/python3.12/site-packages (from pydantic->keepa==1.3.15) (0.7.0)
2025-08-19T15:39:26.1637647Z Requirement already satisfied: pydantic-core==2.33.2 in /opt/hostedtoolcache/Python/3.12.11/x64/lib/python3.12/site-packages (from pydantic->keepa==1.3.15) (2.33.2)
2025-08-19T15:39:26.1644983Z Requirement already satisfied: typing-inspection>=0.4.0 in /opt/hostedtoolcache/Python/3.12.11/x64/lib/python3.12/site-packages (from pydantic->keepa==1.3.15) (0.4.1)
2025-08-19T15:39:26.1705032Z Using cached keepa-1.3.15-py3-none-any.whl (38 kB)
2025-08-19T15:39:26.1716208Z Using cached minio-7.1.15-py3-none-any.whl (77 kB)
2025-08-19T15:39:26.1727690Z Using cached aiohttp-3.12.15-cp312-cp312-manylinux_2_17_x86_64.manylinux2014_x86_64.whl (1.7 MB)
2025-08-19T15:39:26.1750942Z Using cached multidict-6.6.4-cp312-cp312-manylinux2014_x86_64.manylinux_2_17_x86_64.manylinux_2_28_x86_64.whl (256 kB)
2025-08-19T15:39:26.1763178Z Using cached yarl-1.20.1-cp312-cp312-manylinux_2_17_x86_64.manylinux2014_x86_64.whl (355 kB)
2025-08-19T15:39:26.1776962Z Using cached aiohappyeyeballs-2.6.1-py3-none-any.whl (15 kB)
2025-08-19T15:39:26.1787481Z Using cached aiosignal-1.4.0-py3-none-any.whl (7.5 kB)
2025-08-19T15:39:26.1798493Z Using cached attrs-25.3.0-py3-none-any.whl (63 kB)
2025-08-19T15:39:26.1809923Z Using cached frozenlist-1.7.0-cp312-cp312-manylinux_2_5_x86_64.manylinux1_x86_64.manylinux_2_17_x86_64.manylinux2014_x86_64.whl (241 kB)
2025-08-19T15:39:26.1822048Z Using cached propcache-0.3.2-cp312-cp312-manylinux_2_17_x86_64.manylinux2014_x86_64.whl (224 kB)
2025-08-19T15:39:26.1833839Z Using cached tqdm-4.67.1-py3-none-any.whl (78 kB)
2025-08-19T15:39:26.3621724Z Installing collected packages: tqdm, propcache, multidict, minio, frozenlist, attrs, aiohappyeyeballs, yarl, aiosignal, aiohttp, keepa
2025-08-19T15:39:26.4366962Z   Attempting uninstall: minio
2025-08-19T15:39:26.4414042Z     Found existing installation: minio 7.2.16
2025-08-19T15:39:26.4450406Z     Uninstalling minio-7.2.16:
2025-08-19T15:39:26.4460418Z       Successfully uninstalled minio-7.2.16
2025-08-19T15:39:26.8099433Z 
2025-08-19T15:39:26.8213068Z Successfully installed aiohappyeyeballs-2.6.1 aiohttp-3.12.15 aiosignal-1.4.0 attrs-25.3.0 frozenlist-1.7.0 keepa-1.3.15 minio-7.1.15 multidict-6.6.4 propcache-0.3.2 tqdm-4.67.1 yarl-1.20.1
2025-08-19T15:39:26.9808184Z ##[group]Run ruff check .
2025-08-19T15:39:26.9808461Z [36;1mruff check .[0m
2025-08-19T15:39:26.9808675Z [36;1mruff format --check .[0m
2025-08-19T15:39:26.9849126Z shell: /usr/bin/bash -e {0}
2025-08-19T15:39:26.9849359Z env:
2025-08-19T15:39:26.9849567Z   REDIS_URL: redis://localhost:6379/0
2025-08-19T15:39:26.9849823Z   RATE_LIMIT_DEFAULT: 100/minute
2025-08-19T15:39:26.9850067Z   TRUST_X_FORWARDED: 1
2025-08-19T15:39:26.9850269Z   PG_USER: postgres
2025-08-19T15:39:26.9850453Z   PG_PASSWORD: pass
2025-08-19T15:39:26.9850642Z   PG_DATABASE: awa
2025-08-19T15:39:26.9850827Z   PG_HOST: localhost
2025-08-19T15:39:26.9851009Z   PG_PORT: 5432
2025-08-19T15:39:26.9851824Z   PG_SYNC_DSN: ***localhost:5432/awa
2025-08-19T15:39:26.9852276Z   PG_ASYNC_DSN: ***localhost:5432/awa
2025-08-19T15:39:26.9852673Z   DATABASE_URL: ***localhost:5432/awa
2025-08-19T15:39:26.9852915Z   DATA_DIR: /tmp/awa-data
2025-08-19T15:39:26.9853116Z   ENABLE_LIVE: 0
2025-08-19T15:39:26.9853337Z   TESTING: 1
2025-08-19T15:39:26.9853573Z   pythonLocation: /opt/hostedtoolcache/Python/3.12.11/x64
2025-08-19T15:39:26.9853982Z   PKG_CONFIG_PATH: /opt/hostedtoolcache/Python/3.12.11/x64/lib/pkgconfig
2025-08-19T15:39:26.9854371Z   Python_ROOT_DIR: /opt/hostedtoolcache/Python/3.12.11/x64
2025-08-19T15:39:26.9854721Z   Python2_ROOT_DIR: /opt/hostedtoolcache/Python/3.12.11/x64
2025-08-19T15:39:26.9855242Z   Python3_ROOT_DIR: /opt/hostedtoolcache/Python/3.12.11/x64
2025-08-19T15:39:26.9855595Z   LD_LIBRARY_PATH: /opt/hostedtoolcache/Python/3.12.11/x64/lib
2025-08-19T15:39:26.9855887Z ##[endgroup]
2025-08-19T15:39:27.0114957Z All checks passed!
2025-08-19T15:39:27.0326794Z 242 files already formatted
2025-08-19T15:39:27.0362836Z ##[group]Run for i in {1..30}; do pg_isready -h "$PG_HOST" -p "$PG_PORT" -U "$PG_USER" -d "$PG_DATABASE" && break; sleep 1; done
2025-08-19T15:39:27.0363517Z [36;1mfor i in {1..30}; do pg_isready -h "$PG_HOST" -p "$PG_PORT" -U "$PG_USER" -d "$PG_DATABASE" && break; sleep 1; done[0m
2025-08-19T15:39:27.0403525Z shell: /usr/bin/bash -e {0}
2025-08-19T15:39:27.0403774Z env:
2025-08-19T15:39:27.0403992Z   REDIS_URL: redis://localhost:6379/0
2025-08-19T15:39:27.0404283Z   RATE_LIMIT_DEFAULT: 100/minute
2025-08-19T15:39:27.0404527Z   TRUST_X_FORWARDED: 1
2025-08-19T15:39:27.0404737Z   PG_USER: postgres
2025-08-19T15:39:27.0404951Z   PG_PASSWORD: pass
2025-08-19T15:39:27.0405152Z   PG_DATABASE: awa
2025-08-19T15:39:27.0405353Z   PG_HOST: localhost
2025-08-19T15:39:27.0405559Z   PG_PORT: 5432
2025-08-19T15:39:27.0406040Z   PG_SYNC_DSN: ***localhost:5432/awa
2025-08-19T15:39:27.0406516Z   PG_ASYNC_DSN: ***localhost:5432/awa
2025-08-19T15:39:27.0406968Z   DATABASE_URL: ***localhost:5432/awa
2025-08-19T15:39:27.0407221Z   DATA_DIR: /tmp/awa-data
2025-08-19T15:39:27.0407442Z   ENABLE_LIVE: 0
2025-08-19T15:39:27.0407635Z   TESTING: 1
2025-08-19T15:39:27.0407893Z   pythonLocation: /opt/hostedtoolcache/Python/3.12.11/x64
2025-08-19T15:39:27.0408308Z   PKG_CONFIG_PATH: /opt/hostedtoolcache/Python/3.12.11/x64/lib/pkgconfig
2025-08-19T15:39:27.0408711Z   Python_ROOT_DIR: /opt/hostedtoolcache/Python/3.12.11/x64
2025-08-19T15:39:27.0409080Z   Python2_ROOT_DIR: /opt/hostedtoolcache/Python/3.12.11/x64
2025-08-19T15:39:27.0409443Z   Python3_ROOT_DIR: /opt/hostedtoolcache/Python/3.12.11/x64
2025-08-19T15:39:27.0409814Z   LD_LIBRARY_PATH: /opt/hostedtoolcache/Python/3.12.11/x64/lib
2025-08-19T15:39:27.0410130Z ##[endgroup]
2025-08-19T15:39:27.1217968Z localhost:5432 - accepting connections
2025-08-19T15:39:27.1256066Z ##[group]Run psql -h "$PG_HOST" -p "$PG_PORT" -U "$PG_USER" -d "$PG_DATABASE" -c "SELECT 1"
2025-08-19T15:39:27.1256658Z [36;1mpsql -h "$PG_HOST" -p "$PG_PORT" -U "$PG_USER" -d "$PG_DATABASE" -c "SELECT 1"[0m
2025-08-19T15:39:27.1295227Z shell: /usr/bin/bash -e {0}
2025-08-19T15:39:27.1295453Z env:
2025-08-19T15:39:27.1295658Z   REDIS_URL: redis://localhost:6379/0
2025-08-19T15:39:27.1295924Z   RATE_LIMIT_DEFAULT: 100/minute
2025-08-19T15:39:27.1296158Z   TRUST_X_FORWARDED: 1
2025-08-19T15:39:27.1296352Z   PG_USER: postgres
2025-08-19T15:39:27.1296544Z   PG_PASSWORD: pass
2025-08-19T15:39:27.1296731Z   PG_DATABASE: awa
2025-08-19T15:39:27.1296909Z   PG_HOST: localhost
2025-08-19T15:39:27.1297097Z   PG_PORT: 5432
2025-08-19T15:39:27.1297535Z   PG_SYNC_DSN: ***localhost:5432/awa
2025-08-19T15:39:27.1297937Z   PG_ASYNC_DSN: ***localhost:5432/awa
2025-08-19T15:39:27.1298316Z   DATABASE_URL: ***localhost:5432/awa
2025-08-19T15:39:27.1298558Z   DATA_DIR: /tmp/awa-data
2025-08-19T15:39:27.1298793Z   ENABLE_LIVE: 0
2025-08-19T15:39:27.1298966Z   TESTING: 1
2025-08-19T15:39:27.1299208Z   pythonLocation: /opt/hostedtoolcache/Python/3.12.11/x64
2025-08-19T15:39:27.1299613Z   PKG_CONFIG_PATH: /opt/hostedtoolcache/Python/3.12.11/x64/lib/pkgconfig
2025-08-19T15:39:27.1300001Z   Python_ROOT_DIR: /opt/hostedtoolcache/Python/3.12.11/x64
2025-08-19T15:39:27.1300345Z   Python2_ROOT_DIR: /opt/hostedtoolcache/Python/3.12.11/x64
2025-08-19T15:39:27.1300694Z   Python3_ROOT_DIR: /opt/hostedtoolcache/Python/3.12.11/x64
2025-08-19T15:39:27.1301043Z   LD_LIBRARY_PATH: /opt/hostedtoolcache/Python/3.12.11/x64/lib
2025-08-19T15:39:27.1301337Z   PGPASSWORD: pass
2025-08-19T15:39:27.1301751Z ##[endgroup]
2025-08-19T15:39:27.2157017Z  ?column? 
2025-08-19T15:39:27.2169835Z ----------
2025-08-19T15:39:27.2170132Z         1
2025-08-19T15:39:27.2170398Z (1 row)
2025-08-19T15:39:27.2170553Z 
2025-08-19T15:39:27.2195580Z ##[group]Run alembic -c services/api/alembic.ini upgrade head
2025-08-19T15:39:27.2196156Z [36;1malembic -c services/api/alembic.ini upgrade head[0m
2025-08-19T15:39:27.2235357Z shell: /usr/bin/bash -e {0}
2025-08-19T15:39:27.2235599Z env:
2025-08-19T15:39:27.2235806Z   REDIS_URL: redis://localhost:6379/0
2025-08-19T15:39:27.2236080Z   RATE_LIMIT_DEFAULT: 100/minute
2025-08-19T15:39:27.2236312Z   TRUST_X_FORWARDED: 1
2025-08-19T15:39:27.2236507Z   PG_USER: postgres
2025-08-19T15:39:27.2236705Z   PG_PASSWORD: pass
2025-08-19T15:39:27.2236895Z   PG_DATABASE: awa
2025-08-19T15:39:27.2237074Z   PG_HOST: localhost
2025-08-19T15:39:27.2237265Z   PG_PORT: 5432
2025-08-19T15:39:27.2237700Z   PG_SYNC_DSN: ***localhost:5432/awa
2025-08-19T15:39:27.2238112Z   PG_ASYNC_DSN: ***localhost:5432/awa
2025-08-19T15:39:27.2238487Z   DATABASE_URL: ***localhost:5432/awa
2025-08-19T15:39:27.2238723Z   DATA_DIR: /tmp/awa-data
2025-08-19T15:39:27.2238919Z   ENABLE_LIVE: 0
2025-08-19T15:39:27.2239124Z   TESTING: 1
2025-08-19T15:39:27.2239366Z   pythonLocation: /opt/hostedtoolcache/Python/3.12.11/x64
2025-08-19T15:39:27.2239761Z   PKG_CONFIG_PATH: /opt/hostedtoolcache/Python/3.12.11/x64/lib/pkgconfig
2025-08-19T15:39:27.2240163Z   Python_ROOT_DIR: /opt/hostedtoolcache/Python/3.12.11/x64
2025-08-19T15:39:27.2240514Z   Python2_ROOT_DIR: /opt/hostedtoolcache/Python/3.12.11/x64
2025-08-19T15:39:27.2240858Z   Python3_ROOT_DIR: /opt/hostedtoolcache/Python/3.12.11/x64
2025-08-19T15:39:27.2241209Z   LD_LIBRARY_PATH: /opt/hostedtoolcache/Python/3.12.11/x64/lib
2025-08-19T15:39:27.2241634Z ##[endgroup]
2025-08-19T15:39:28.2912671Z INFO  [alembic.runtime.migration] Context impl PostgresqlImpl.
2025-08-19T15:39:28.2913464Z INFO  [alembic.runtime.migration] Will assume transactional DDL.
2025-08-19T15:39:28.3088634Z INFO  [alembic.runtime.migration] Running upgrade  -> 0001_baseline
2025-08-19T15:39:28.3232409Z INFO  [alembic.runtime.migration] Running upgrade 0001_baseline -> 0002_create_roi_view
2025-08-19T15:39:28.3258128Z INFO  [alembic.runtime.migration] Running upgrade 0002_create_roi_view -> 3e9d5c5aff2c
2025-08-19T15:39:28.3423170Z INFO  [alembic.runtime.migration] Running upgrade 3e9d5c5aff2c -> 0003_vendor_prices
2025-08-19T15:39:28.3572987Z INFO  [alembic.runtime.migration] Running upgrade 0003_vendor_prices -> 0004_fee_cron
2025-08-19T15:39:28.3643260Z INFO  [alembic.runtime.migration] Running upgrade 0004_fee_cron -> 0006_fix_roi_views
2025-08-19T15:39:28.3673991Z INFO  [alembic.runtime.migration] Running upgrade 0006_fix_roi_views -> 0020_unified_schema
2025-08-19T15:39:28.3795933Z INFO  [alembic.runtime.migration] Running upgrade 0020_unified_schema -> 0022_fix_roi_view
2025-08-19T15:39:28.3870619Z INFO  [alembic.runtime.migration] Running upgrade 0022_fix_roi_view -> 0023_add_storage_fee
2025-08-19T15:39:28.3908401Z INFO  [alembic.runtime.migration] Running upgrade 0023_add_storage_fee -> 0024_create_buybox
2025-08-19T15:39:28.3929908Z INFO  [alembic.runtime.migration] Running upgrade 0024_create_buybox -> 0025_pr4_indexes_loadlog
2025-08-19T15:39:28.4149303Z INFO  [alembic.runtime.migration] Running upgrade 0025_pr4_indexes_loadlog -> 0026_amazon_new_reports
2025-08-19T15:39:28.5071010Z ##[group]Run python -m mypy services || true
2025-08-19T15:39:28.5071365Z [36;1mpython -m mypy services || true[0m
2025-08-19T15:39:28.5111666Z shell: /usr/bin/bash -e {0}
2025-08-19T15:39:28.5111924Z env:
2025-08-19T15:39:28.5112143Z   REDIS_URL: redis://localhost:6379/0
2025-08-19T15:39:28.5112406Z   RATE_LIMIT_DEFAULT: 100/minute
2025-08-19T15:39:28.5112632Z   TRUST_X_FORWARDED: 1
2025-08-19T15:39:28.5112835Z   PG_USER: postgres
2025-08-19T15:39:28.5113026Z   PG_PASSWORD: pass
2025-08-19T15:39:28.5113215Z   PG_DATABASE: awa
2025-08-19T15:39:28.5113395Z   PG_HOST: localhost
2025-08-19T15:39:28.5113582Z   PG_PORT: 5432
2025-08-19T15:39:28.5114056Z   PG_SYNC_DSN: ***localhost:5432/awa
2025-08-19T15:39:28.5114477Z   PG_ASYNC_DSN: ***localhost:5432/awa
2025-08-19T15:39:28.5114886Z   DATABASE_URL: ***localhost:5432/awa
2025-08-19T15:39:28.5115125Z   DATA_DIR: /tmp/awa-data
2025-08-19T15:39:28.5115515Z   ENABLE_LIVE: 0
2025-08-19T15:39:28.5115695Z   TESTING: 1
2025-08-19T15:39:28.5115977Z   pythonLocation: /opt/hostedtoolcache/Python/3.12.11/x64
2025-08-19T15:39:28.5116379Z   PKG_CONFIG_PATH: /opt/hostedtoolcache/Python/3.12.11/x64/lib/pkgconfig
2025-08-19T15:39:28.5116777Z   Python_ROOT_DIR: /opt/hostedtoolcache/Python/3.12.11/x64
2025-08-19T15:39:28.5117126Z   Python2_ROOT_DIR: /opt/hostedtoolcache/Python/3.12.11/x64
2025-08-19T15:39:28.5117476Z   Python3_ROOT_DIR: /opt/hostedtoolcache/Python/3.12.11/x64
2025-08-19T15:39:28.5117840Z   LD_LIBRARY_PATH: /opt/hostedtoolcache/Python/3.12.11/x64/lib
2025-08-19T15:39:28.5118145Z ##[endgroup]
2025-08-19T15:39:59.2822191Z services/api/routes/score.py:16: error: Function is missing a return type annotation  [no-untyped-def]
2025-08-19T15:39:59.2823324Z services/api/routes/score.py:16: note: Use "-> None" if function does not return a value
2025-08-19T15:39:59.2824461Z services/api/routes/score.py:26: error: All conditional function variants must have identical signatures  [misc]
2025-08-19T15:39:59.2825499Z services/api/routes/score.py:26: note: Original:
2025-08-19T15:39:59.2826477Z services/api/routes/score.py:26: note:     def require_basic_auth(credentials: HTTPBasicCredentials = ...) -> None
2025-08-19T15:39:59.2827449Z services/api/routes/score.py:26: note: Redefinition:
2025-08-19T15:39:59.2828176Z services/api/routes/score.py:26: note:     def require_basic_auth() -> None
2025-08-19T15:39:59.2829498Z services/api/routes/score.py:34: error: Incompatible types in assignment (expression has type "None", variable has type Module)  [assignment]
2025-08-19T15:39:59.2830802Z services/api/routes/score.py:38: error: Invalid type comment or annotation  [valid-type]
2025-08-19T15:39:59.2832051Z services/api/routes/score.py:38: note: Suggestion: use constr[...] instead of constr(...)
2025-08-19T15:39:59.3306223Z Found 4 errors in 1 file (checked 97 source files)
2025-08-19T15:39:59.3705114Z ##[group]Run pytest -q --cov=services
2025-08-19T15:39:59.3705455Z [36;1mpytest -q --cov=services[0m
2025-08-19T15:39:59.3745115Z shell: /usr/bin/bash -e {0}
2025-08-19T15:39:59.3745355Z env:
2025-08-19T15:39:59.3745576Z   REDIS_URL: redis://localhost:6379/0
2025-08-19T15:39:59.3745857Z   RATE_LIMIT_DEFAULT: 100/minute
2025-08-19T15:39:59.3746097Z   TRUST_X_FORWARDED: 1
2025-08-19T15:39:59.3746312Z   PG_USER: postgres
2025-08-19T15:39:59.3746527Z   PG_PASSWORD: pass
2025-08-19T15:39:59.3746731Z   PG_DATABASE: awa
2025-08-19T15:39:59.3746925Z   PG_HOST: localhost
2025-08-19T15:39:59.3747130Z   PG_PORT: 5432
2025-08-19T15:39:59.3747562Z   PG_SYNC_DSN: ***localhost:5432/awa
2025-08-19T15:39:59.3748006Z   PG_ASYNC_DSN: ***localhost:5432/awa
2025-08-19T15:39:59.3748414Z   DATABASE_URL: ***localhost:5432/awa
2025-08-19T15:39:59.3748663Z   DATA_DIR: /tmp/awa-data
2025-08-19T15:39:59.3748883Z   ENABLE_LIVE: 0
2025-08-19T15:39:59.3749074Z   TESTING: 1
2025-08-19T15:39:59.3749353Z   pythonLocation: /opt/hostedtoolcache/Python/3.12.11/x64
2025-08-19T15:39:59.3749773Z   PKG_CONFIG_PATH: /opt/hostedtoolcache/Python/3.12.11/x64/lib/pkgconfig
2025-08-19T15:39:59.3750192Z   Python_ROOT_DIR: /opt/hostedtoolcache/Python/3.12.11/x64
2025-08-19T15:39:59.3750558Z   Python2_ROOT_DIR: /opt/hostedtoolcache/Python/3.12.11/x64
2025-08-19T15:39:59.3750947Z   Python3_ROOT_DIR: /opt/hostedtoolcache/Python/3.12.11/x64
2025-08-19T15:39:59.3751315Z   LD_LIBRARY_PATH: /opt/hostedtoolcache/Python/3.12.11/x64/lib
2025-08-19T15:39:59.3751816Z ##[endgroup]
2025-08-19T15:40:38.4268192Z ........s.............................sssssss........................... [ 43%]
2025-08-19T15:41:10.6496523Z ........................................................................ [ 86%]
2025-08-19T15:41:11.8247437Z ......................                                                   [100%]
2025-08-19T15:41:11.8249625Z =============================== warnings summary ===============================
2025-08-19T15:41:11.8250567Z services/alert_bot/tests/test_smoke.py:5
2025-08-19T15:41:11.8253942Z   /home/runner/work/AWA-App/AWA-App/services/alert_bot/tests/test_smoke.py:5: UserWarning: pkg_resources is deprecated as an API. See https://setuptools.pypa.io/en/latest/pkg_resources.html. The pkg_resources package is slated for removal as early as 2025-11-30. Refrain from using this package or pin to Setuptools<81.
2025-08-19T15:41:11.8256403Z     import pkg_resources  # noqa: F401
2025-08-19T15:41:11.8256725Z 
2025-08-19T15:41:11.8256944Z tests/api/test_ingest_endpoints.py: 12 warnings
2025-08-19T15:41:11.8257488Z tests/ingest/test_tasks_eager.py: 3 warnings
2025-08-19T15:41:11.8257983Z tests/test_api_fast.py: 1 warning
2025-08-19T15:41:11.8258419Z tests/test_health.py: 5 warnings
2025-08-19T15:41:11.8258840Z tests/test_smoke.py: 5 warnings
2025-08-19T15:41:11.8259280Z services/api/tests/test_cors.py: 1 warning
2025-08-19T15:41:11.8259711Z services/api/tests/test_errors_json.py: 2 warnings
2025-08-19T15:41:11.8260061Z services/api/tests/test_health.py: 1 warning
2025-08-19T15:41:11.8260384Z services/api/tests/test_rate_limit.py: 122 warnings
2025-08-19T15:41:11.8260736Z services/api/tests/test_roi_basic_auth.py: 4 warnings
2025-08-19T15:41:11.8261074Z services/api/tests/test_sentry_event.py: 1 warning
2025-08-19T15:41:11.8261574Z services/api/tests/test_stats_contracts.py: 3 warnings
2025-08-19T15:41:11.8262964Z   /opt/hostedtoolcache/Python/3.12.11/x64/lib/python3.12/site-packages/asgi_correlation_id/extensions/sentry.py:27: DeprecationWarning: sentry_sdk.configure_scope is deprecated and will be removed in the next major version. Please consult our migration guide to learn how to migrate to the new API: https://docs.sentry.io/platforms/python/migration/1.x-to-2.x#scope-configuring
2025-08-19T15:41:11.8264286Z     with configure_scope() as scope:
2025-08-19T15:41:11.8264466Z 
2025-08-19T15:41:11.8264586Z tests/api/test_ingest_endpoints.py: 3 warnings
2025-08-19T15:41:11.8264879Z tests/test_api_fast.py: 1 warning
2025-08-19T15:41:11.8265363Z tests/test_health.py: 5 warnings
2025-08-19T15:41:11.8265620Z tests/test_smoke.py: 5 warnings
2025-08-19T15:41:11.8265881Z services/api/tests/test_cors.py: 3 warnings
2025-08-19T15:41:11.8266187Z services/api/tests/test_errors_json.py: 2 warnings
2025-08-19T15:41:11.8266500Z services/api/tests/test_health.py: 1 warning
2025-08-19T15:41:11.8266808Z services/api/tests/test_rate_limit.py: 2 warnings
2025-08-19T15:41:11.8267121Z services/api/tests/test_sentry_event.py: 1 warning
2025-08-19T15:41:11.8267466Z services/api/tests/test_stats_contracts.py: 3 warnings
2025-08-19T15:41:11.8268302Z   /opt/hostedtoolcache/Python/3.12.11/x64/lib/python3.12/site-packages/fastapi_limiter/__init__.py:89: DeprecationWarning: Call to deprecated close. (Use aclose() instead) -- Deprecated since version 5.0.1.
2025-08-19T15:41:11.8269087Z     await cls.redis.close()
2025-08-19T15:41:11.8269235Z 
2025-08-19T15:41:11.8269391Z tests/test_api_fast.py::test_health_endpoint
2025-08-19T15:41:11.8270398Z   /home/runner/work/AWA-App/AWA-App/tests/test_api_fast.py:13: DeprecationWarning: datetime.datetime.utcnow() is deprecated and scheduled for removal in a future version. Use timezone-aware objects to represent datetimes in UTC: datetime.datetime.now(datetime.UTC).
2025-08-19T15:41:11.8271559Z     return datetime.datetime.utcnow()
2025-08-19T15:41:11.8271770Z 
2025-08-19T15:41:11.8271873Z tests/test_api_fast.py: 1 warning
2025-08-19T15:41:11.8272127Z tests/test_health.py: 5 warnings
2025-08-19T15:41:11.8272469Z Sentry is attempting to send 0 pending events
2025-08-19T15:41:11.8272757Z Waiting up to True seconds
2025-08-19T15:41:11.8272984Z Press Ctrl-C to quit
2025-08-19T15:41:11.8273198Z tests/test_smoke.py: 5 warnings
2025-08-19T15:41:11.8273456Z services/api/tests/test_cors.py: 1 warning
2025-08-19T15:41:11.8273747Z services/api/tests/test_health.py: 1 warning
2025-08-19T15:41:11.8274058Z services/api/tests/test_rate_limit.py: 102 warnings
2025-08-19T15:41:11.8275113Z   /home/runner/work/AWA-App/AWA-App/services/api/routes/health.py:24: DeprecationWarning: datetime.datetime.utcnow() is deprecated and scheduled for removal in a future version. Use timezone-aware objects to represent datetimes in UTC: datetime.datetime.now(datetime.UTC).
2025-08-19T15:41:11.8276313Z     app_now = datetime.utcnow().replace(tzinfo=timezone.utc)
2025-08-19T15:41:11.8276546Z 
2025-08-19T15:41:11.8276649Z tests/test_health.py::test_health[0]
2025-08-19T15:41:11.8276909Z tests/test_health.py::test_health[1]
2025-08-19T15:41:11.8277156Z tests/test_health.py::test_health[2]
2025-08-19T15:41:11.8279039Z tests/test_health.py::test_health[3]
2025-08-19T15:41:11.8279544Z tests/test_health.py::test_health[4]
2025-08-19T15:41:11.8281097Z   /home/runner/work/AWA-App/AWA-App/tests/test_health.py:22: DeprecationWarning: datetime.datetime.utcnow() is deprecated and scheduled for removal in a future version. Use timezone-aware objects to represent datetimes in UTC: datetime.datetime.now(datetime.UTC).
2025-08-19T15:41:11.8282915Z     return datetime.datetime.utcnow()
2025-08-19T15:41:11.8283254Z 
2025-08-19T15:41:11.8283427Z tests/test_smoke.py::test_health[0]
2025-08-19T15:41:11.8283884Z tests/test_smoke.py::test_health[1]
2025-08-19T15:41:11.8284327Z tests/test_smoke.py::test_health[2]
2025-08-19T15:41:11.8284750Z tests/test_smoke.py::test_health[3]
2025-08-19T15:41:11.8285190Z tests/test_smoke.py::test_health[4]
2025-08-19T15:41:11.8286836Z   /home/runner/work/AWA-App/AWA-App/tests/test_smoke.py:32: DeprecationWarning: datetime.datetime.utcnow() is deprecated and scheduled for removal in a future version. Use timezone-aware objects to represent datetimes in UTC: datetime.datetime.now(datetime.UTC).
2025-08-19T15:41:11.8288653Z     return datetime.datetime.utcnow()
2025-08-19T15:41:11.8288990Z 
2025-08-19T15:41:11.8289296Z services/api/tests/test_cors.py::test_cors_simple_get_allowed
2025-08-19T15:41:11.8291733Z   /home/runner/work/AWA-App/AWA-App/services/api/tests/test_cors.py:27: DeprecationWarning: datetime.datetime.utcnow() is deprecated and scheduled for removal in a future version. Use timezone-aware objects to represent datetimes in UTC: datetime.datetime.now(datetime.UTC).
2025-08-19T15:41:11.8293638Z     return datetime.datetime.utcnow()
2025-08-19T15:41:11.8293969Z 
2025-08-19T15:41:11.8294210Z services/api/tests/test_health.py::test_health_route
2025-08-19T15:41:11.8296106Z   /home/runner/work/AWA-App/AWA-App/services/api/tests/test_health.py:14: DeprecationWarning: datetime.datetime.utcnow() is deprecated and scheduled for removal in a future version. Use timezone-aware objects to represent datetimes in UTC: datetime.datetime.now(datetime.UTC).
2025-08-19T15:41:11.8297943Z     return datetime.datetime.utcnow()
2025-08-19T15:41:11.8298260Z 
2025-08-19T15:41:11.8298481Z services/api/tests/test_rate_limit.py: 102 warnings
2025-08-19T15:41:11.8300364Z   /home/runner/work/AWA-App/AWA-App/services/api/tests/test_rate_limit.py:33: DeprecationWarning: datetime.datetime.utcnow() is deprecated and scheduled for removal in a future version. Use timezone-aware objects to represent datetimes in UTC: datetime.datetime.now(datetime.UTC).
2025-08-19T15:41:11.8302422Z     return datetime.datetime.utcnow()
2025-08-19T15:41:11.8302740Z 
2025-08-19T15:41:11.8303166Z services/api/tests/test_sentry_event.py::test_unhandled_exception_is_captured_and_tagged
2025-08-19T15:41:11.8305610Z   /home/runner/work/AWA-App/AWA-App/services/api/tests/test_sentry_event.py:47: SentryHubDeprecationWarning: `sentry_sdk.Hub` is deprecated and will be removed in a future major release. Please consult our 1.x to 2.x migration guide for details on how to migrate `Hub` usage to the new API: https://docs.sentry.io/platforms/python/migration/1.x-to-2.x
2025-08-19T15:41:11.8307713Z     hub = sentry_sdk.Hub.current
2025-08-19T15:41:11.8307980Z 
2025-08-19T15:41:11.8308303Z -- Docs: https://docs.pytest.org/en/stable/how-to/capture-warnings.html
2025-08-19T15:41:11.8308987Z ================================ tests coverage ================================
2025-08-19T15:41:11.8309672Z _______________ coverage: platform linux, python 3.12.11-final-0 _______________
2025-08-19T15:41:11.8310133Z 
2025-08-19T15:41:11.8310547Z Coverage XML written to file coverage.xml
2025-08-19T15:41:11.8311128Z Required test coverage of 65% reached. Total coverage: 65.47%
2025-08-19T15:41:12.2780965Z ##[group]Run actions/upload-artifact@v4
2025-08-19T15:41:12.2781252Z with:
2025-08-19T15:41:12.2781580Z   name: coverage
2025-08-19T15:41:12.2781767Z   path: coverage.xml
2025-08-19T15:41:12.2781967Z   if-no-files-found: warn
2025-08-19T15:41:12.2782182Z   compression-level: 6
2025-08-19T15:41:12.2782370Z   overwrite: false
2025-08-19T15:41:12.2782560Z   include-hidden-files: false
2025-08-19T15:41:12.2782770Z env:
2025-08-19T15:41:12.2782961Z   REDIS_URL: redis://localhost:6379/0
2025-08-19T15:41:12.2783215Z   RATE_LIMIT_DEFAULT: 100/minute
2025-08-19T15:41:12.2783439Z   TRUST_X_FORWARDED: 1
2025-08-19T15:41:12.2783626Z   PG_USER: postgres
2025-08-19T15:41:12.2783814Z   PG_PASSWORD: pass
2025-08-19T15:41:12.2783997Z   PG_DATABASE: awa
2025-08-19T15:41:12.2784172Z   PG_HOST: localhost
2025-08-19T15:41:12.2784359Z   PG_PORT: 5432
2025-08-19T15:41:12.2784785Z   PG_SYNC_DSN: ***localhost:5432/awa
2025-08-19T15:41:12.2785185Z   PG_ASYNC_DSN: ***localhost:5432/awa
2025-08-19T15:41:12.2785591Z   DATABASE_URL: ***localhost:5432/awa
2025-08-19T15:41:12.2785827Z   DATA_DIR: /tmp/awa-data
2025-08-19T15:41:12.2786039Z   ENABLE_LIVE: 0
2025-08-19T15:41:12.2786216Z   TESTING: 1
2025-08-19T15:41:12.2786447Z   pythonLocation: /opt/hostedtoolcache/Python/3.12.11/x64
2025-08-19T15:41:12.2786841Z   PKG_CONFIG_PATH: /opt/hostedtoolcache/Python/3.12.11/x64/lib/pkgconfig
2025-08-19T15:41:12.2787225Z   Python_ROOT_DIR: /opt/hostedtoolcache/Python/3.12.11/x64
2025-08-19T15:41:12.2787566Z   Python2_ROOT_DIR: /opt/hostedtoolcache/Python/3.12.11/x64
2025-08-19T15:41:12.2787909Z   Python3_ROOT_DIR: /opt/hostedtoolcache/Python/3.12.11/x64
2025-08-19T15:41:12.2788255Z   LD_LIBRARY_PATH: /opt/hostedtoolcache/Python/3.12.11/x64/lib
2025-08-19T15:41:12.2788546Z ##[endgroup]
2025-08-19T15:41:12.4893438Z With the provided path, there will be 1 file uploaded
2025-08-19T15:41:12.4898555Z Artifact name is valid!
2025-08-19T15:41:12.4899878Z Root directory input is valid!
2025-08-19T15:41:12.7099990Z Beginning upload of artifact content to blob storage
2025-08-19T15:41:12.8967316Z Uploaded bytes 5044
2025-08-19T15:41:12.9457850Z Finished uploading artifact content to blob storage!
2025-08-19T15:41:12.9461793Z SHA256 digest of uploaded artifact zip is d7ad004284acd5d6b8a28036aba56dc121afba6f6ac88bcee7cee7c919db67c5
2025-08-19T15:41:12.9463303Z Finalizing artifact upload
2025-08-19T15:41:13.0546741Z Artifact coverage.zip successfully finalized. Artifact ID 3800284210
2025-08-19T15:41:13.0547884Z Artifact coverage has been successfully uploaded! Final size is 5044 bytes. Artifact ID is 3800284210
2025-08-19T15:41:13.0556132Z Artifact download URL: https://github.com/AlexBomber12/AWA-App/actions/runs/17074575710/artifacts/3800284210
2025-08-19T15:41:13.0724849Z Post job cleanup.
2025-08-19T15:41:13.2386800Z [command]/usr/bin/tar --posix -cf cache.tzst --exclude cache.tzst -P -C /home/runner/work/AWA-App/AWA-App --files-from manifest.txt --use-compress-program zstdmt
2025-08-19T15:41:14.9888209Z Sent 1812277 of 337356597 (0.5%), 1.7 MBs/sec
2025-08-19T15:41:15.6485310Z Sent 337356597 of 337356597 (100.0%), 193.9 MBs/sec
2025-08-19T15:41:15.8683473Z Cache saved with the key: setup-python-Linux-x64-24.04-Ubuntu-python-3.12.11-pip-5c3d480d6175935105d05087e2095fdd6d5a07314b4edbb51e23097b8cb58d36
2025-08-19T15:41:15.8815457Z Post job cleanup.
2025-08-19T15:41:15.9762648Z [command]/usr/bin/git version
2025-08-19T15:41:15.9804656Z git version 2.50.1
2025-08-19T15:41:15.9847803Z Temporarily overriding HOME='/home/runner/work/_temp/f2d84499-e257-4058-acbf-7bffe42c8196' before making global git config changes
2025-08-19T15:41:15.9849168Z Adding repository directory to the temporary git global config as a safe directory
2025-08-19T15:41:15.9854360Z [command]/usr/bin/git config --global --add safe.directory /home/runner/work/AWA-App/AWA-App
2025-08-19T15:41:15.9889387Z [command]/usr/bin/git config --local --name-only --get-regexp core\.sshCommand
2025-08-19T15:41:15.9923425Z [command]/usr/bin/git submodule foreach --recursive sh -c "git config --local --name-only --get-regexp 'core\.sshCommand' && git config --local --unset-all 'core.sshCommand' || :"
2025-08-19T15:41:16.0151609Z [command]/usr/bin/git config --local --name-only --get-regexp http\.https\:\/\/github\.com\/\.extraheader
2025-08-19T15:41:16.0171960Z http.https://github.com/.extraheader
2025-08-19T15:41:16.0184312Z [command]/usr/bin/git config --local --unset-all http.https://github.com/.extraheader
2025-08-19T15:41:16.0214560Z [command]/usr/bin/git submodule foreach --recursive sh -c "git config --local --name-only --get-regexp 'http\.https\:\/\/github\.com\/\.extraheader' && git config --local --unset-all 'http.https://github.com/.extraheader' || :"
2025-08-19T15:41:16.0520194Z Print service container logs: 89f3c4b76844432997d3087f93ce3d09_postgres15_4dd150
2025-08-19T15:41:16.0524976Z ##[command]/usr/bin/docker logs --details 311d673e47eecb57324534a544d1fd52ff981a4486fe62f11e8b6e8eea928724
2025-08-19T15:41:16.0643486Z  The files belonging to this database system will be owned by user "postgres".
2025-08-19T15:41:16.0645167Z  This user must also own the server process.
2025-08-19T15:41:16.0645666Z  
2025-08-19T15:41:16.0646161Z  The database cluster will be initialized with locale "en_US.utf8".
2025-08-19T15:41:16.0646899Z  The default database encoding has accordingly been set to "UTF8".
2025-08-19T15:41:16.0647533Z  The default text search configuration will be set to "english".
2025-08-19T15:41:16.0647860Z  
2025-08-19T15:41:16.0648047Z  Data page checksums are disabled.
2025-08-19T15:41:16.0648290Z  
2025-08-19T15:41:16.0648579Z  fixing permissions on existing directory /var/lib/postgresql/data ... ok
2025-08-19T15:41:16.0649046Z  creating subdirectories ... ok
2025-08-19T15:41:16.0650042Z  initdb: warning: enabling "trust" authentication for local connections
2025-08-19T15:41:16.0650709Z  initdb: hint: You can change this by editing pg_hba.conf or using the option -A, or --auth-local and --auth-host, the next time you run initdb.
2025-08-19T15:41:16.0651828Z  2025-08-19 15:38:37.859 UTC [1] LOG:  starting PostgreSQL 15.14 (Debian 15.14-1.pgdg13+1) on x86_64-pc-linux-gnu, compiled by gcc (Debian 14.2.0-19) 14.2.0, 64-bit
2025-08-19T15:41:16.0652511Z  2025-08-19 15:38:37.859 UTC [1] LOG:  listening on IPv4 address "0.0.0.0", port 5432
2025-08-19T15:41:16.0652944Z  2025-08-19 15:38:37.859 UTC [1] LOG:  listening on IPv6 address "::", port 5432
2025-08-19T15:41:16.0653414Z  2025-08-19 15:38:37.860 UTC [1] LOG:  listening on Unix socket "/var/run/postgresql/.s.PGSQL.5432"
2025-08-19T15:41:16.0653931Z  2025-08-19 15:38:37.863 UTC [64] LOG:  database system was shut down at 2025-08-19 15:38:37 UTC
2025-08-19T15:41:16.0654400Z  2025-08-19 15:38:37.866 UTC [1] LOG:  database system is ready to accept connections
2025-08-19T15:41:16.0654816Z  selecting dynamic shared memory implementation ... posix
2025-08-19T15:41:16.0655155Z  selecting default max_connections ... 100
2025-08-19T15:41:16.0655449Z  selecting default shared_buffers ... 128MB
2025-08-19T15:41:16.0655732Z  selecting default time zone ... Etc/UTC
2025-08-19T15:41:16.0656005Z  creating configuration files ... ok
2025-08-19T15:41:16.0656269Z  running bootstrap script ... ok
2025-08-19T15:41:16.0656558Z  performing post-bootstrap initialization ... ok
2025-08-19T15:41:16.0656856Z  syncing data to disk ... ok
2025-08-19T15:41:16.0657195Z  
2025-08-19T15:41:16.0657656Z  
2025-08-19T15:41:16.0658037Z  Success. You can now start the database server using:
2025-08-19T15:41:16.0658552Z  
2025-08-19T15:41:16.0658789Z      pg_ctl -D /var/lib/postgresql/data -l logfile start
2025-08-19T15:41:16.0659080Z  
2025-08-19T15:41:16.0659664Z  waiting for server to start....2025-08-19 15:38:37.552 UTC [48] LOG:  starting PostgreSQL 15.14 (Debian 15.14-1.pgdg13+1) on x86_64-pc-linux-gnu, compiled by gcc (Debian 14.2.0-19) 14.2.0, 64-bit
2025-08-19T15:41:16.0660462Z  2025-08-19 15:38:37.553 UTC [48] LOG:  listening on Unix socket "/var/run/postgresql/.s.PGSQL.5432"
2025-08-19T15:41:16.0661191Z  2025-08-19 15:38:37.556 UTC [51] LOG:  database system was shut down at 2025-08-19 15:38:37 UTC
2025-08-19T15:41:16.0661866Z  2025-08-19 15:38:37.560 UTC [48] LOG:  database system is ready to accept connections
2025-08-19T15:41:16.0662204Z   done
2025-08-19T15:41:16.0662376Z  server started
2025-08-19T15:41:16.0662563Z  CREATE DATABASE
2025-08-19T15:41:16.0662746Z  
2025-08-19T15:41:16.0662903Z  
2025-08-19T15:41:16.0663213Z  /usr/local/bin/docker-entrypoint.sh: ignoring /docker-entrypoint-initdb.d/*
2025-08-19T15:41:16.0663588Z  
2025-08-19T15:41:16.0663825Z  2025-08-19 15:38:37.739 UTC [48] LOG:  received fast shutdown request
2025-08-19T15:41:16.0664478Z  waiting for server to shut down....2025-08-19 15:38:37.740 UTC [48] LOG:  aborting any active transactions
2025-08-19T15:41:16.0665099Z  2025-08-19 15:38:37.741 UTC [48] LOG:  background worker "logical replication launcher" (PID 54) exited with exit code 1
2025-08-19T15:41:16.0665582Z  2025-08-19 15:38:37.742 UTC [49] LOG:  shutting down
2025-08-19T15:41:16.0665935Z  2025-08-19 15:38:37.743 UTC [49] LOG:  checkpoint starting: shutdown immediate
2025-08-19T15:41:16.0666764Z  2025-08-19 15:38:37.761 UTC [49] LOG:  checkpoint complete: wrote 922 buffers (5.6%); 0 WAL file(s) added, 0 removed, 0 recycled; write=0.015 s, sync=0.002 s, total=0.019 s; sync files=301, longest=0.001 s, average=0.001 s; distance=4239 kB, estimate=4239 kB
2025-08-19T15:41:16.0667576Z  2025-08-19 15:38:37.767 UTC [48] LOG:  database system is shut down
2025-08-19T15:41:16.0667873Z   done
2025-08-19T15:41:16.0668047Z  server stopped
2025-08-19T15:41:16.0668229Z  
2025-08-19T15:41:16.0668453Z  PostgreSQL init process complete; ready for start up.
2025-08-19T15:41:16.0668735Z  
2025-08-19T15:41:16.0674534Z Stop and remove container: 89f3c4b76844432997d3087f93ce3d09_postgres15_4dd150
2025-08-19T15:41:16.0679248Z ##[command]/usr/bin/docker rm --force 311d673e47eecb57324534a544d1fd52ff981a4486fe62f11e8b6e8eea928724
2025-08-19T15:41:16.2076781Z 311d673e47eecb57324534a544d1fd52ff981a4486fe62f11e8b6e8eea928724
2025-08-19T15:41:16.2098176Z Print service container logs: a6c0659c05c1470f81c3ec264f30ee8b_redis7alpine_87256d
2025-08-19T15:41:16.2099187Z ##[command]/usr/bin/docker logs --details 6d36d3c1bdc2e83d0286df66a6df8c7fb3afd3d3e83dd9857de8de0975d6a2d0
2025-08-19T15:41:16.2217620Z  1:C 19 Aug 2025 15:38:38.818 # WARNING Memory overcommit must be enabled! Without it, a background save or replication may fail under low memory condition. Being disabled, it can also cause failures without low memory condition, see https://github.com/jemalloc/jemalloc/issues/1328. To fix this issue add 'vm.overcommit_memory = 1' to /etc/sysctl.conf and then reboot or run the command 'sysctl vm.overcommit_memory=1' for this to take effect.
2025-08-19T15:41:16.2219225Z  1:C 19 Aug 2025 15:38:38.818 * oO0OoO0OoO0Oo Redis is starting oO0OoO0OoO0Oo
2025-08-19T15:41:16.2219734Z  1:C 19 Aug 2025 15:38:38.818 * Redis version=7.4.5, bits=64, commit=00000000, modified=0, pid=1, just started
2025-08-19T15:41:16.2220474Z  1:C 19 Aug 2025 15:38:38.818 # Warning: no config file specified, using the default config. In order to specify a config file use redis-server /path/to/redis.conf
2025-08-19T15:41:16.2221123Z  1:M 19 Aug 2025 15:38:38.818 * monotonic clock: POSIX clock_gettime
2025-08-19T15:41:16.2221743Z  1:M 19 Aug 2025 15:38:38.819 * Running mode=standalone, port=6379.
2025-08-19T15:41:16.2222095Z  1:M 19 Aug 2025 15:38:38.819 * Server initialized
2025-08-19T15:41:16.2222435Z  1:M 19 Aug 2025 15:38:38.819 * Ready to accept connections tcp
2025-08-19T15:41:16.2229116Z Stop and remove container: a6c0659c05c1470f81c3ec264f30ee8b_redis7alpine_87256d
2025-08-19T15:41:16.2229873Z ##[command]/usr/bin/docker rm --force 6d36d3c1bdc2e83d0286df66a6df8c7fb3afd3d3e83dd9857de8de0975d6a2d0
2025-08-19T15:41:16.3390661Z 6d36d3c1bdc2e83d0286df66a6df8c7fb3afd3d3e83dd9857de8de0975d6a2d0
2025-08-19T15:41:16.3412852Z Remove container network: github_network_bab446856b0f4160b0a9d57d1182c7e5
2025-08-19T15:41:16.3417796Z ##[command]/usr/bin/docker network rm github_network_bab446856b0f4160b0a9d57d1182c7e5
2025-08-19T15:41:16.4576357Z github_network_bab446856b0f4160b0a9d57d1182c7e5
2025-08-19T15:41:16.4635671Z Cleaning up orphan processes
