2025-08-20T19:32:16.1182618Z Current runner version: '2.328.0'
2025-08-20T19:32:16.1207605Z ##[group]Runner Image Provisioner
2025-08-20T19:32:16.1208545Z Hosted Compute Agent
2025-08-20T19:32:16.1209065Z Version: 20250818.377
2025-08-20T19:32:16.1209657Z Commit: 3c593e9f75fe0b87e893bca80d6e12ba089c61fc
2025-08-20T19:32:16.1210400Z Build Date: 2025-08-18T14:52:18Z
2025-08-20T19:32:16.1211003Z ##[endgroup]
2025-08-20T19:32:16.1211556Z ##[group]Operating System
2025-08-20T19:32:16.1212165Z Ubuntu
2025-08-20T19:32:16.1212650Z 24.04.2
2025-08-20T19:32:16.1213085Z LTS
2025-08-20T19:32:16.1213598Z ##[endgroup]
2025-08-20T19:32:16.1214069Z ##[group]Runner Image
2025-08-20T19:32:16.1214822Z Image: ubuntu-24.04
2025-08-20T19:32:16.1215344Z Version: 20250818.1.0
2025-08-20T19:32:16.1216361Z Included Software: https://github.com/actions/runner-images/blob/ubuntu24/20250818.1/images/ubuntu/Ubuntu2404-Readme.md
2025-08-20T19:32:16.1217842Z Image Release: https://github.com/actions/runner-images/releases/tag/ubuntu24%2F20250818.1
2025-08-20T19:32:16.1218873Z ##[endgroup]
2025-08-20T19:32:16.1221399Z ##[group]GITHUB_TOKEN Permissions
2025-08-20T19:32:16.1223388Z Actions: write
2025-08-20T19:32:16.1223905Z Attestations: write
2025-08-20T19:32:16.1224870Z Checks: write
2025-08-20T19:32:16.1225362Z Contents: write
2025-08-20T19:32:16.1225903Z Deployments: write
2025-08-20T19:32:16.1226460Z Discussions: write
2025-08-20T19:32:16.1226946Z Issues: write
2025-08-20T19:32:16.1227441Z Metadata: read
2025-08-20T19:32:16.1227901Z Models: read
2025-08-20T19:32:16.1228457Z Packages: write
2025-08-20T19:32:16.1228965Z Pages: write
2025-08-20T19:32:16.1229454Z PullRequests: write
2025-08-20T19:32:16.1230023Z RepositoryProjects: write
2025-08-20T19:32:16.1230595Z SecurityEvents: write
2025-08-20T19:32:16.1231216Z Statuses: write
2025-08-20T19:32:16.1231767Z ##[endgroup]
2025-08-20T19:32:16.1234368Z Secret source: Actions
2025-08-20T19:32:16.1235035Z Prepare workflow directory
2025-08-20T19:32:16.1686748Z Prepare all required actions
2025-08-20T19:32:16.1723932Z Getting action download info
2025-08-20T19:32:16.4589149Z Download action repository 'actions/checkout@v4' (SHA:08eba0b27e820071cde6df949e0beb9ba4906955)
2025-08-20T19:32:16.5376808Z Download action repository 'actions/setup-python@v5' (SHA:a26af69be951a213d495a4c3e4e4022e16d87065)
2025-08-20T19:32:16.6270068Z Download action repository 'actions/upload-artifact@v4' (SHA:ea165f8d65b6e75b540449e92b4886f43607fa02)
2025-08-20T19:32:16.9492068Z Complete job name: unit
2025-08-20T19:32:17.0025276Z ##[group]Checking docker version
2025-08-20T19:32:17.0039040Z ##[command]/usr/bin/docker version --format '{{.Server.APIVersion}}'
2025-08-20T19:32:18.6382262Z '1.48'
2025-08-20T19:32:18.6393812Z Docker daemon API version: '1.48'
2025-08-20T19:32:18.6394893Z ##[command]/usr/bin/docker version --format '{{.Client.APIVersion}}'
2025-08-20T19:32:18.6555756Z '1.48'
2025-08-20T19:32:18.6569911Z Docker client API version: '1.48'
2025-08-20T19:32:18.6576292Z ##[endgroup]
2025-08-20T19:32:18.6579318Z ##[group]Clean up resources from previous jobs
2025-08-20T19:32:18.6585893Z ##[command]/usr/bin/docker ps --all --quiet --no-trunc --filter "label=aee838"
2025-08-20T19:32:18.6736417Z ##[command]/usr/bin/docker network prune --force --filter "label=aee838"
2025-08-20T19:32:18.6913833Z ##[endgroup]
2025-08-20T19:32:18.6914633Z ##[group]Create local container network
2025-08-20T19:32:18.6924512Z ##[command]/usr/bin/docker network create --label aee838 github_network_8de92cade3c54f2da7cacba9098020e2
2025-08-20T19:32:18.7429378Z 67661c735e88fa9a05b017735388b64fe8f6fc8b1b91bc6c824db331ca4d4a9d
2025-08-20T19:32:18.7448499Z ##[endgroup]
2025-08-20T19:32:18.7472705Z ##[group]Starting postgres service container
2025-08-20T19:32:18.7491738Z ##[command]/usr/bin/docker pull postgres:15
2025-08-20T19:32:18.9760534Z 15: Pulling from library/postgres
2025-08-20T19:32:19.0465991Z 396b1da7636e: Pulling fs layer
2025-08-20T19:32:19.0467275Z fca2566eba32: Pulling fs layer
2025-08-20T19:32:19.0468067Z 631fe8c6d606: Pulling fs layer
2025-08-20T19:32:19.0468962Z 77c7671c4414: Pulling fs layer
2025-08-20T19:32:19.0470285Z 2d9e29180a27: Pulling fs layer
2025-08-20T19:32:19.0471513Z c6bcc2c9a041: Pulling fs layer
2025-08-20T19:32:19.0472512Z ac4b721eb66f: Pulling fs layer
2025-08-20T19:32:19.0473303Z 606bd164980e: Pulling fs layer
2025-08-20T19:32:19.0473995Z f5dfd246bc6e: Pulling fs layer
2025-08-20T19:32:19.0474883Z ba7036bb0a60: Pulling fs layer
2025-08-20T19:32:19.0475572Z 799f859abbbd: Pulling fs layer
2025-08-20T19:32:19.0476296Z d903e777080c: Pulling fs layer
2025-08-20T19:32:19.0477024Z 04adcb462801: Pulling fs layer
2025-08-20T19:32:19.0477752Z 5c10925b29ff: Pulling fs layer
2025-08-20T19:32:19.0478481Z 77c7671c4414: Waiting
2025-08-20T19:32:19.0479123Z 2d9e29180a27: Waiting
2025-08-20T19:32:19.0479786Z c6bcc2c9a041: Waiting
2025-08-20T19:32:19.0480441Z ac4b721eb66f: Waiting
2025-08-20T19:32:19.0481142Z 799f859abbbd: Waiting
2025-08-20T19:32:19.0481773Z d903e777080c: Waiting
2025-08-20T19:32:19.0482406Z 606bd164980e: Waiting
2025-08-20T19:32:19.0483078Z f5dfd246bc6e: Waiting
2025-08-20T19:32:19.0483782Z 04adcb462801: Waiting
2025-08-20T19:32:19.0484632Z 5c10925b29ff: Waiting
2025-08-20T19:32:19.0485322Z ba7036bb0a60: Waiting
2025-08-20T19:32:19.2078751Z fca2566eba32: Verifying Checksum
2025-08-20T19:32:19.2081087Z fca2566eba32: Download complete
2025-08-20T19:32:19.2642435Z 631fe8c6d606: Verifying Checksum
2025-08-20T19:32:19.2645501Z 631fe8c6d606: Download complete
2025-08-20T19:32:19.3859624Z 77c7671c4414: Verifying Checksum
2025-08-20T19:32:19.3861330Z 77c7671c4414: Download complete
2025-08-20T19:32:19.4284451Z 2d9e29180a27: Verifying Checksum
2025-08-20T19:32:19.4286185Z 2d9e29180a27: Download complete
2025-08-20T19:32:19.5066000Z ac4b721eb66f: Download complete
2025-08-20T19:32:19.5376634Z c6bcc2c9a041: Verifying Checksum
2025-08-20T19:32:19.5378393Z c6bcc2c9a041: Download complete
2025-08-20T19:32:19.5885478Z 606bd164980e: Verifying Checksum
2025-08-20T19:32:19.5887232Z 606bd164980e: Download complete
2025-08-20T19:32:19.6867017Z 396b1da7636e: Verifying Checksum
2025-08-20T19:32:19.6867792Z 396b1da7636e: Download complete
2025-08-20T19:32:19.7572856Z ba7036bb0a60: Verifying Checksum
2025-08-20T19:32:19.7573515Z ba7036bb0a60: Download complete
2025-08-20T19:32:19.7958357Z 799f859abbbd: Verifying Checksum
2025-08-20T19:32:19.7958872Z 799f859abbbd: Download complete
2025-08-20T19:32:19.8425592Z d903e777080c: Verifying Checksum
2025-08-20T19:32:19.8426101Z d903e777080c: Download complete
2025-08-20T19:32:19.8835197Z 04adcb462801: Verifying Checksum
2025-08-20T19:32:19.8835819Z 04adcb462801: Download complete
2025-08-20T19:32:19.9662302Z 5c10925b29ff: Verifying Checksum
2025-08-20T19:32:19.9662913Z 5c10925b29ff: Download complete
2025-08-20T19:32:20.6665714Z 396b1da7636e: Pull complete
2025-08-20T19:32:20.8437238Z fca2566eba32: Pull complete
2025-08-20T19:32:21.0628796Z 631fe8c6d606: Pull complete
2025-08-20T19:32:21.1066692Z 77c7671c4414: Pull complete
2025-08-20T19:32:21.4368123Z 2d9e29180a27: Pull complete
2025-08-20T19:32:21.5288559Z c6bcc2c9a041: Pull complete
2025-08-20T19:32:21.5387568Z ac4b721eb66f: Pull complete
2025-08-20T19:32:21.5509039Z 606bd164980e: Pull complete
2025-08-20T19:32:21.6295254Z f5dfd246bc6e: Verifying Checksum
2025-08-20T19:32:21.6295940Z f5dfd246bc6e: Download complete
2025-08-20T19:32:24.5888240Z f5dfd246bc6e: Pull complete
2025-08-20T19:32:24.6108889Z ba7036bb0a60: Pull complete
2025-08-20T19:32:24.6232612Z 799f859abbbd: Pull complete
2025-08-20T19:32:24.6365047Z d903e777080c: Pull complete
2025-08-20T19:32:24.6492046Z 04adcb462801: Pull complete
2025-08-20T19:32:24.6621014Z 5c10925b29ff: Pull complete
2025-08-20T19:32:24.6671107Z Digest: sha256:bc51cf4f1fe02cce7ed2370b20128a9b00b4eb804573a77d2a0d877aaa9c82b1
2025-08-20T19:32:24.6686515Z Status: Downloaded newer image for postgres:15
2025-08-20T19:32:24.6698953Z docker.io/library/postgres:15
2025-08-20T19:32:24.6764649Z ##[command]/usr/bin/docker create --name 628516eec12a452b8e0d0e0af5d622b6_postgres15_60281a --label aee838 --network github_network_8de92cade3c54f2da7cacba9098020e2 --network-alias postgres -p 5432:5432 --health-cmd="pg_isready -U postgres -d awa" --health-interval=5s --health-timeout=5s --health-retries=10 -e "POSTGRES_USER=postgres" -e "POSTGRES_PASSWORD=pass" -e "POSTGRES_DB=awa" -e GITHUB_ACTIONS=true -e CI=true postgres:15
2025-08-20T19:32:24.7039515Z fbe8d730f999886ceaa924b5f7b70e3715b9b87ad4fae83261194b7a5f5a6591
2025-08-20T19:32:24.7066307Z ##[command]/usr/bin/docker start fbe8d730f999886ceaa924b5f7b70e3715b9b87ad4fae83261194b7a5f5a6591
2025-08-20T19:32:24.8884851Z fbe8d730f999886ceaa924b5f7b70e3715b9b87ad4fae83261194b7a5f5a6591
2025-08-20T19:32:24.8908362Z ##[command]/usr/bin/docker ps --all --filter id=fbe8d730f999886ceaa924b5f7b70e3715b9b87ad4fae83261194b7a5f5a6591 --filter status=running --no-trunc --format "{{.ID}} {{.Status}}"
2025-08-20T19:32:24.9037164Z fbe8d730f999886ceaa924b5f7b70e3715b9b87ad4fae83261194b7a5f5a6591 Up Less than a second (health: starting)
2025-08-20T19:32:24.9064906Z ##[command]/usr/bin/docker port fbe8d730f999886ceaa924b5f7b70e3715b9b87ad4fae83261194b7a5f5a6591
2025-08-20T19:32:24.9282717Z 5432/tcp -> 0.0.0.0:5432
2025-08-20T19:32:24.9284295Z 5432/tcp -> [::]:5432
2025-08-20T19:32:24.9335024Z ##[endgroup]
2025-08-20T19:32:24.9335990Z ##[group]Starting redis service container
2025-08-20T19:32:24.9337080Z ##[command]/usr/bin/docker pull redis:7-alpine
2025-08-20T19:32:25.1525714Z 7-alpine: Pulling from library/redis
2025-08-20T19:32:25.2246934Z 0368fd46e3c6: Pulling fs layer
2025-08-20T19:32:25.2247661Z 4c55286bbede: Pulling fs layer
2025-08-20T19:32:25.2254636Z 5e28347af205: Pulling fs layer
2025-08-20T19:32:25.2258591Z 311eca34042e: Pulling fs layer
2025-08-20T19:32:25.2258981Z e6fe6f07e192: Pulling fs layer
2025-08-20T19:32:25.2259359Z a2cadbfeca72: Pulling fs layer
2025-08-20T19:32:25.2259711Z 4f4fb700ef54: Pulling fs layer
2025-08-20T19:32:25.2260080Z a976ed7e7808: Pulling fs layer
2025-08-20T19:32:25.2260435Z e6fe6f07e192: Waiting
2025-08-20T19:32:25.2260770Z a2cadbfeca72: Waiting
2025-08-20T19:32:25.2261098Z 4f4fb700ef54: Waiting
2025-08-20T19:32:25.2261427Z a976ed7e7808: Waiting
2025-08-20T19:32:25.2261735Z 311eca34042e: Waiting
2025-08-20T19:32:25.3140720Z 4c55286bbede: Verifying Checksum
2025-08-20T19:32:25.3141238Z 4c55286bbede: Download complete
2025-08-20T19:32:25.3581752Z 5e28347af205: Verifying Checksum
2025-08-20T19:32:25.3582319Z 5e28347af205: Download complete
2025-08-20T19:32:25.3652518Z 0368fd46e3c6: Verifying Checksum
2025-08-20T19:32:25.3653330Z 0368fd46e3c6: Download complete
2025-08-20T19:32:25.5032916Z a2cadbfeca72: Verifying Checksum
2025-08-20T19:32:25.5033586Z a2cadbfeca72: Download complete
2025-08-20T19:32:25.5060310Z 0368fd46e3c6: Pull complete
2025-08-20T19:32:25.5452659Z 4c55286bbede: Pull complete
2025-08-20T19:32:25.5856124Z 4f4fb700ef54: Verifying Checksum
2025-08-20T19:32:25.5856590Z 4f4fb700ef54: Download complete
2025-08-20T19:32:25.5911263Z 311eca34042e: Download complete
2025-08-20T19:32:25.6860824Z a976ed7e7808: Verifying Checksum
2025-08-20T19:32:25.6861279Z a976ed7e7808: Download complete
2025-08-20T19:32:25.7010687Z 5e28347af205: Pull complete
2025-08-20T19:32:25.7069650Z e6fe6f07e192: Verifying Checksum
2025-08-20T19:32:25.7070095Z e6fe6f07e192: Download complete
2025-08-20T19:32:25.7312871Z 311eca34042e: Pull complete
2025-08-20T19:32:25.9541423Z e6fe6f07e192: Pull complete
2025-08-20T19:32:25.9640991Z a2cadbfeca72: Pull complete
2025-08-20T19:32:25.9728321Z 4f4fb700ef54: Pull complete
2025-08-20T19:32:25.9835168Z a976ed7e7808: Pull complete
2025-08-20T19:32:25.9876389Z Digest: sha256:bb186d083732f669da90be8b0f975a37812b15e913465bb14d845db72a4e3e08
2025-08-20T19:32:25.9886842Z Status: Downloaded newer image for redis:7-alpine
2025-08-20T19:32:25.9896139Z docker.io/library/redis:7-alpine
2025-08-20T19:32:25.9915614Z ##[command]/usr/bin/docker create --name 6884acf0e5cf4eb4bf8f3d25e8b05abf_redis7alpine_510eac --label aee838 --network github_network_8de92cade3c54f2da7cacba9098020e2 --network-alias redis -p 6379:6379  -e GITHUB_ACTIONS=true -e CI=true redis:7-alpine
2025-08-20T19:32:26.0168712Z 0be8f5bdc90fcea76c37840e21cb6afa26d91ff53ae765de0a0901dfcb312b7c
2025-08-20T19:32:26.0185182Z ##[command]/usr/bin/docker start 0be8f5bdc90fcea76c37840e21cb6afa26d91ff53ae765de0a0901dfcb312b7c
2025-08-20T19:32:26.1581365Z 0be8f5bdc90fcea76c37840e21cb6afa26d91ff53ae765de0a0901dfcb312b7c
2025-08-20T19:32:26.1600111Z ##[command]/usr/bin/docker ps --all --filter id=0be8f5bdc90fcea76c37840e21cb6afa26d91ff53ae765de0a0901dfcb312b7c --filter status=running --no-trunc --format "{{.ID}} {{.Status}}"
2025-08-20T19:32:26.1886071Z 0be8f5bdc90fcea76c37840e21cb6afa26d91ff53ae765de0a0901dfcb312b7c Up Less than a second
2025-08-20T19:32:26.1901457Z ##[command]/usr/bin/docker port 0be8f5bdc90fcea76c37840e21cb6afa26d91ff53ae765de0a0901dfcb312b7c
2025-08-20T19:32:26.2018824Z 6379/tcp -> 0.0.0.0:6379
2025-08-20T19:32:26.2032738Z 6379/tcp -> [::]:6379
2025-08-20T19:32:26.2034624Z ##[endgroup]
2025-08-20T19:32:26.2044525Z ##[group]Waiting for all services to be ready
2025-08-20T19:32:26.2057855Z ##[command]/usr/bin/docker inspect --format="{{if .Config.Healthcheck}}{{print .State.Health.Status}}{{end}}" fbe8d730f999886ceaa924b5f7b70e3715b9b87ad4fae83261194b7a5f5a6591
2025-08-20T19:32:26.2174040Z starting
2025-08-20T19:32:26.2198139Z postgres service is starting, waiting 2 seconds before checking again.
2025-08-20T19:32:28.2202142Z ##[command]/usr/bin/docker inspect --format="{{if .Config.Healthcheck}}{{print .State.Health.Status}}{{end}}" fbe8d730f999886ceaa924b5f7b70e3715b9b87ad4fae83261194b7a5f5a6591
2025-08-20T19:32:28.2332106Z starting
2025-08-20T19:32:28.2412955Z postgres service is starting, waiting 3 seconds before checking again.
2025-08-20T19:32:32.0456317Z ##[command]/usr/bin/docker inspect --format="{{if .Config.Healthcheck}}{{print .State.Health.Status}}{{end}}" fbe8d730f999886ceaa924b5f7b70e3715b9b87ad4fae83261194b7a5f5a6591
2025-08-20T19:32:32.0579946Z healthy
2025-08-20T19:32:32.0597817Z postgres service is healthy.
2025-08-20T19:32:32.0598608Z ##[command]/usr/bin/docker inspect --format="{{if .Config.Healthcheck}}{{print .State.Health.Status}}{{end}}" 0be8f5bdc90fcea76c37840e21cb6afa26d91ff53ae765de0a0901dfcb312b7c
2025-08-20T19:32:32.0736044Z redis service is healthy.
2025-08-20T19:32:32.0736411Z ##[endgroup]
2025-08-20T19:32:32.0991072Z ##[group]Run actions/checkout@v4
2025-08-20T19:32:32.0991616Z with:
2025-08-20T19:32:32.0991817Z   repository: AlexBomber12/AWA-App
2025-08-20T19:32:32.0992279Z   token: ***
2025-08-20T19:32:32.0992449Z   ssh-strict: true
2025-08-20T19:32:32.0992625Z   ssh-user: git
2025-08-20T19:32:32.0992804Z   persist-credentials: true
2025-08-20T19:32:32.0993011Z   clean: true
2025-08-20T19:32:32.0993197Z   sparse-checkout-cone-mode: true
2025-08-20T19:32:32.0993421Z   fetch-depth: 1
2025-08-20T19:32:32.0993590Z   fetch-tags: false
2025-08-20T19:32:32.0993769Z   show-progress: true
2025-08-20T19:32:32.0993941Z   lfs: false
2025-08-20T19:32:32.0994247Z   submodules: false
2025-08-20T19:32:32.0994428Z   set-safe-directory: true
2025-08-20T19:32:32.0994838Z env:
2025-08-20T19:32:32.0995091Z   REDIS_URL: redis://localhost:6379/0
2025-08-20T19:32:32.0995365Z   RATE_LIMIT_DEFAULT: 100/minute
2025-08-20T19:32:32.0995577Z   TRUST_X_FORWARDED: 1
2025-08-20T19:32:32.0995754Z ##[endgroup]
2025-08-20T19:32:32.2095189Z Syncing repository: AlexBomber12/AWA-App
2025-08-20T19:32:32.2096727Z ##[group]Getting Git version info
2025-08-20T19:32:32.2097103Z Working directory is '/home/runner/work/AWA-App/AWA-App'
2025-08-20T19:32:32.2097635Z [command]/usr/bin/git version
2025-08-20T19:32:32.2131349Z git version 2.51.0
2025-08-20T19:32:32.2157193Z ##[endgroup]
2025-08-20T19:32:32.2171223Z Temporarily overriding HOME='/home/runner/work/_temp/19325a1b-ed07-4fe8-b025-cadda78163be' before making global git config changes
2025-08-20T19:32:32.2172087Z Adding repository directory to the temporary git global config as a safe directory
2025-08-20T19:32:32.2177043Z [command]/usr/bin/git config --global --add safe.directory /home/runner/work/AWA-App/AWA-App
2025-08-20T19:32:32.2214829Z Deleting the contents of '/home/runner/work/AWA-App/AWA-App'
2025-08-20T19:32:32.2218691Z ##[group]Initializing the repository
2025-08-20T19:32:32.2222582Z [command]/usr/bin/git init /home/runner/work/AWA-App/AWA-App
2025-08-20T19:32:32.2283431Z hint: Using 'master' as the name for the initial branch. This default branch name
2025-08-20T19:32:32.2284447Z hint: is subject to change. To configure the initial branch name to use in all
2025-08-20T19:32:32.2285261Z hint: of your new repositories, which will suppress this warning, call:
2025-08-20T19:32:32.2285793Z hint:
2025-08-20T19:32:32.2286188Z hint: 	git config --global init.defaultBranch <name>
2025-08-20T19:32:32.2286645Z hint:
2025-08-20T19:32:32.2287073Z hint: Names commonly chosen instead of 'master' are 'main', 'trunk' and
2025-08-20T19:32:32.2287821Z hint: 'development'. The just-created branch can be renamed via this command:
2025-08-20T19:32:32.2288171Z hint:
2025-08-20T19:32:32.2288349Z hint: 	git branch -m <name>
2025-08-20T19:32:32.2288567Z hint:
2025-08-20T19:32:32.2288850Z hint: Disable this message with "git config set advice.defaultBranchName false"
2025-08-20T19:32:32.2289350Z Initialized empty Git repository in /home/runner/work/AWA-App/AWA-App/.git/
2025-08-20T19:32:32.2297312Z [command]/usr/bin/git remote add origin https://github.com/AlexBomber12/AWA-App
2025-08-20T19:32:32.2329733Z ##[endgroup]
2025-08-20T19:32:32.2330103Z ##[group]Disabling automatic garbage collection
2025-08-20T19:32:32.2333669Z [command]/usr/bin/git config --local gc.auto 0
2025-08-20T19:32:32.2362070Z ##[endgroup]
2025-08-20T19:32:32.2362422Z ##[group]Setting up auth
2025-08-20T19:32:32.2369362Z [command]/usr/bin/git config --local --name-only --get-regexp core\.sshCommand
2025-08-20T19:32:32.2399582Z [command]/usr/bin/git submodule foreach --recursive sh -c "git config --local --name-only --get-regexp 'core\.sshCommand' && git config --local --unset-all 'core.sshCommand' || :"
2025-08-20T19:32:32.2668856Z [command]/usr/bin/git config --local --name-only --get-regexp http\.https\:\/\/github\.com\/\.extraheader
2025-08-20T19:32:32.2698541Z [command]/usr/bin/git submodule foreach --recursive sh -c "git config --local --name-only --get-regexp 'http\.https\:\/\/github\.com\/\.extraheader' && git config --local --unset-all 'http.https://github.com/.extraheader' || :"
2025-08-20T19:32:32.2925200Z [command]/usr/bin/git config --local http.https://github.com/.extraheader AUTHORIZATION: basic ***
2025-08-20T19:32:32.2971776Z ##[endgroup]
2025-08-20T19:32:32.2972243Z ##[group]Fetching the repository
2025-08-20T19:32:32.2981267Z [command]/usr/bin/git -c protocol.version=2 fetch --no-tags --prune --no-recurse-submodules --depth=1 origin +81372fcf4b34ed73eefadb9c80e8c4f617a944e1:refs/remotes/pull/308/merge
2025-08-20T19:32:32.5626316Z From https://github.com/AlexBomber12/AWA-App
2025-08-20T19:32:32.5626992Z  * [new ref]         81372fcf4b34ed73eefadb9c80e8c4f617a944e1 -> pull/308/merge
2025-08-20T19:32:32.5660593Z ##[endgroup]
2025-08-20T19:32:32.5661186Z ##[group]Determining the checkout info
2025-08-20T19:32:32.5662696Z ##[endgroup]
2025-08-20T19:32:32.5668239Z [command]/usr/bin/git sparse-checkout disable
2025-08-20T19:32:32.5708731Z [command]/usr/bin/git config --local --unset-all extensions.worktreeConfig
2025-08-20T19:32:32.5738302Z ##[group]Checking out the ref
2025-08-20T19:32:32.5741928Z [command]/usr/bin/git checkout --progress --force refs/remotes/pull/308/merge
2025-08-20T19:32:32.6099029Z Note: switching to 'refs/remotes/pull/308/merge'.
2025-08-20T19:32:32.6099974Z 
2025-08-20T19:32:32.6100671Z You are in 'detached HEAD' state. You can look around, make experimental
2025-08-20T19:32:32.6102739Z changes and commit them, and you can discard any commits you make in this
2025-08-20T19:32:32.6103512Z state without impacting any branches by switching back to a branch.
2025-08-20T19:32:32.6103982Z 
2025-08-20T19:32:32.6104531Z If you want to create a new branch to retain commits you create, you may
2025-08-20T19:32:32.6105236Z do so (now or later) by using -c with the switch command. Example:
2025-08-20T19:32:32.6105632Z 
2025-08-20T19:32:32.6105792Z   git switch -c <new-branch-name>
2025-08-20T19:32:32.6106528Z 
2025-08-20T19:32:32.6106688Z Or undo this operation with:
2025-08-20T19:32:32.6106925Z 
2025-08-20T19:32:32.6107066Z   git switch -
2025-08-20T19:32:32.6107269Z 
2025-08-20T19:32:32.6107596Z Turn off this advice by setting config variable advice.detachedHead to false
2025-08-20T19:32:32.6108060Z 
2025-08-20T19:32:32.6108616Z HEAD is now at 81372fc Merge e70664995b8b215a696e4292b481adaa76059139 into 0cb5029b3e7f5225c2e40dd6f31dd948232bc3e8
2025-08-20T19:32:32.6110739Z ##[endgroup]
2025-08-20T19:32:32.6160720Z [command]/usr/bin/git log -1 --format=%H
2025-08-20T19:32:32.6186826Z 81372fcf4b34ed73eefadb9c80e8c4f617a944e1
2025-08-20T19:32:32.6366005Z ##[group]Run cat .env.ci >> "$GITHUB_ENV"
2025-08-20T19:32:32.6366378Z [36;1mcat .env.ci >> "$GITHUB_ENV"[0m
2025-08-20T19:32:32.6367099Z [36;1mecho "DATABASE_URL=***localhost:5432/awa" >> "$GITHUB_ENV"[0m
2025-08-20T19:32:32.6367454Z [36;1mecho "PG_HOST=localhost" >> "$GITHUB_ENV"[0m
2025-08-20T19:32:32.6367764Z [36;1mecho "PG_PORT=5432" >> "$GITHUB_ENV"[0m
2025-08-20T19:32:32.6368040Z [36;1mecho "PG_USER=postgres" >> "$GITHUB_ENV"[0m
2025-08-20T19:32:32.6368327Z [36;1mecho "PG_PASSWORD=pass" >> "$GITHUB_ENV"[0m
2025-08-20T19:32:32.6368605Z [36;1mecho "PG_DATABASE=awa" >> "$GITHUB_ENV"[0m
2025-08-20T19:32:32.6414907Z shell: /usr/bin/bash -e {0}
2025-08-20T19:32:32.6415160Z env:
2025-08-20T19:32:32.6415379Z   REDIS_URL: redis://localhost:6379/0
2025-08-20T19:32:32.6415640Z   RATE_LIMIT_DEFAULT: 100/minute
2025-08-20T19:32:32.6415856Z   TRUST_X_FORWARDED: 1
2025-08-20T19:32:32.6416041Z ##[endgroup]
2025-08-20T19:32:32.6621569Z ##[group]Run actions/setup-python@v5
2025-08-20T19:32:32.6621852Z with:
2025-08-20T19:32:32.6622026Z   python-version: 3.12
2025-08-20T19:32:32.6622222Z   cache: pip
2025-08-20T19:32:32.6622424Z   cache-dependency-path: requirements-dev.txt
2025-08-20T19:32:32.6622706Z   check-latest: false
2025-08-20T19:32:32.6623044Z   token: ***
2025-08-20T19:32:32.6623221Z   update-environment: true
2025-08-20T19:32:32.6623452Z   allow-prereleases: false
2025-08-20T19:32:32.6623653Z   freethreaded: false
2025-08-20T19:32:32.6623836Z env:
2025-08-20T19:32:32.6624012Z   REDIS_URL: redis://localhost:6379/0
2025-08-20T19:32:32.6624525Z   RATE_LIMIT_DEFAULT: 100/minute
2025-08-20T19:32:32.6624744Z   TRUST_X_FORWARDED: 1
2025-08-20T19:32:32.6624928Z   PG_USER: postgres
2025-08-20T19:32:32.6625112Z   PG_PASSWORD: pass
2025-08-20T19:32:32.6625287Z   PG_DATABASE: awa
2025-08-20T19:32:32.6625461Z   PG_HOST: localhost
2025-08-20T19:32:32.6625631Z   PG_PORT: 5432
2025-08-20T19:32:32.6626041Z   PG_SYNC_DSN: ***localhost:5432/awa
2025-08-20T19:32:32.6626423Z   PG_ASYNC_DSN: ***localhost:5432/awa
2025-08-20T19:32:32.6626794Z   DATABASE_URL: ***localhost:5432/awa
2025-08-20T19:32:32.6627015Z   DATA_DIR: /tmp/awa-data
2025-08-20T19:32:32.6627204Z   ENABLE_LIVE: 0
2025-08-20T19:32:32.6627368Z   TESTING: 1
2025-08-20T19:32:32.6627521Z ##[endgroup]
2025-08-20T19:32:32.8339899Z ##[group]Installed versions
2025-08-20T19:32:32.8446849Z Successfully set up CPython (3.12.11)
2025-08-20T19:32:32.8447757Z ##[endgroup]
2025-08-20T19:32:32.8797952Z [command]/opt/hostedtoolcache/Python/3.12.11/x64/bin/pip cache dir
2025-08-20T19:32:35.8977806Z /home/runner/.cache/pip
2025-08-20T19:32:36.0389003Z Cache hit for: setup-python-Linux-x64-24.04-Ubuntu-python-3.12.11-pip-cad4f3141a3acebc51100003b786cdd8b1469fbd1e92da4bdcf4b225e9f8de52
2025-08-20T19:32:37.0971026Z Received 130023424 of 362324030 (35.9%), 124.0 MBs/sec
2025-08-20T19:32:38.0970458Z Received 310378496 of 362324030 (85.7%), 148.0 MBs/sec
2025-08-20T19:32:38.8514703Z Received 362324030 of 362324030 (100.0%), 125.4 MBs/sec
2025-08-20T19:32:38.8517466Z Cache Size: ~346 MB (362324030 B)
2025-08-20T19:32:38.8640756Z [command]/usr/bin/tar -xf /home/runner/work/_temp/2bfed1b7-78ad-4683-add5-e027b52e1302/cache.tzst -P -C /home/runner/work/AWA-App/AWA-App --use-compress-program unzstd
2025-08-20T19:32:39.4714478Z Cache restored successfully
2025-08-20T19:32:39.5407754Z Cache restored from key: setup-python-Linux-x64-24.04-Ubuntu-python-3.12.11-pip-cad4f3141a3acebc51100003b786cdd8b1469fbd1e92da4bdcf4b225e9f8de52
2025-08-20T19:32:39.5562465Z ##[group]Run pip install --break-system-packages -r requirements-dev.txt
2025-08-20T19:32:39.5562992Z [36;1mpip install --break-system-packages -r requirements-dev.txt[0m
2025-08-20T19:32:39.5563430Z [36;1mpip install --break-system-packages keepa==1.3.15 minio==7.1.15[0m
2025-08-20T19:32:39.5608116Z shell: /usr/bin/bash -e {0}
2025-08-20T19:32:39.5608347Z env:
2025-08-20T19:32:39.5608553Z   REDIS_URL: redis://localhost:6379/0
2025-08-20T19:32:39.5608824Z   RATE_LIMIT_DEFAULT: 100/minute
2025-08-20T19:32:39.5609054Z   TRUST_X_FORWARDED: 1
2025-08-20T19:32:39.5609259Z   PG_USER: postgres
2025-08-20T19:32:39.5609460Z   PG_PASSWORD: pass
2025-08-20T19:32:39.5609647Z   PG_DATABASE: awa
2025-08-20T19:32:39.5609830Z   PG_HOST: localhost
2025-08-20T19:32:39.5610020Z   PG_PORT: 5432
2025-08-20T19:32:39.5610558Z   PG_SYNC_DSN: ***localhost:5432/awa
2025-08-20T19:32:39.5611027Z   PG_ASYNC_DSN: ***localhost:5432/awa
2025-08-20T19:32:39.5611417Z   DATABASE_URL: ***localhost:5432/awa
2025-08-20T19:32:39.5611677Z   DATA_DIR: /tmp/awa-data
2025-08-20T19:32:39.5611883Z   ENABLE_LIVE: 0
2025-08-20T19:32:39.5612067Z   TESTING: 1
2025-08-20T19:32:39.5612306Z   pythonLocation: /opt/hostedtoolcache/Python/3.12.11/x64
2025-08-20T19:32:39.5612715Z   PKG_CONFIG_PATH: /opt/hostedtoolcache/Python/3.12.11/x64/lib/pkgconfig
2025-08-20T19:32:39.5613105Z   Python_ROOT_DIR: /opt/hostedtoolcache/Python/3.12.11/x64
2025-08-20T19:32:39.5613459Z   Python2_ROOT_DIR: /opt/hostedtoolcache/Python/3.12.11/x64
2025-08-20T19:32:39.5613816Z   Python3_ROOT_DIR: /opt/hostedtoolcache/Python/3.12.11/x64
2025-08-20T19:32:39.5614313Z   LD_LIBRARY_PATH: /opt/hostedtoolcache/Python/3.12.11/x64/lib
2025-08-20T19:32:39.5614618Z ##[endgroup]
2025-08-20T19:32:42.1009311Z Collecting Jinja2==3.1.6 (from -r requirements-dev.txt (line 2))
2025-08-20T19:32:42.1023629Z   Using cached jinja2-3.1.6-py3-none-any.whl.metadata (2.9 kB)
2025-08-20T19:32:42.1273124Z Collecting alembic==1.13.1 (from -r requirements-dev.txt (line 3))
2025-08-20T19:32:42.1285656Z   Using cached alembic-1.13.1-py3-none-any.whl.metadata (7.4 kB)
2025-08-20T19:32:42.1479628Z Collecting apscheduler==3.10.4 (from -r requirements-dev.txt (line 4))
2025-08-20T19:32:42.1491509Z   Using cached APScheduler-3.10.4-py3-none-any.whl.metadata (5.7 kB)
2025-08-20T19:32:42.1681429Z Collecting asgi-correlation-id==4.3.1 (from -r requirements-dev.txt (line 5))
2025-08-20T19:32:42.1693079Z   Using cached asgi_correlation_id-4.3.1-py3-none-any.whl.metadata (28 kB)
2025-08-20T19:32:42.2176036Z Collecting asyncpg==0.30.0 (from -r requirements-dev.txt (line 6))
2025-08-20T19:32:42.2190196Z   Using cached asyncpg-0.30.0-cp312-cp312-manylinux_2_17_x86_64.manylinux2014_x86_64.whl.metadata (5.0 kB)
2025-08-20T19:32:42.2653247Z Collecting black==25.1.0 (from -r requirements-dev.txt (line 7))
2025-08-20T19:32:42.2667767Z   Using cached black-25.1.0-cp312-cp312-manylinux_2_17_x86_64.manylinux2014_x86_64.manylinux_2_28_x86_64.whl.metadata (81 kB)
2025-08-20T19:32:42.6494986Z Collecting boto3 (from -r requirements-dev.txt (line 8))
2025-08-20T19:32:42.7098573Z   Downloading boto3-1.40.14-py3-none-any.whl.metadata (6.7 kB)
2025-08-20T19:32:42.7430617Z Collecting redis==6.* (from -r requirements-dev.txt (line 9))
2025-08-20T19:32:42.7442283Z   Using cached redis-6.4.0-py3-none-any.whl.metadata (10 kB)
2025-08-20T19:32:42.7781584Z Collecting minio==7.* (from -r requirements-dev.txt (line 10))
2025-08-20T19:32:42.7793317Z   Using cached minio-7.2.16-py3-none-any.whl.metadata (6.5 kB)
2025-08-20T19:32:42.7959543Z Collecting vulture==2.10 (from -r requirements-dev.txt (line 11))
2025-08-20T19:32:42.7971115Z   Using cached vulture-2.10-py2.py3-none-any.whl.metadata (23 kB)
2025-08-20T19:32:42.8312455Z Collecting celery==5.5.3 (from -r requirements-dev.txt (line 12))
2025-08-20T19:32:42.8324698Z   Using cached celery-5.5.3-py3-none-any.whl.metadata (22 kB)
2025-08-20T19:32:42.8957701Z Collecting fastapi==0.116.1 (from -r requirements-dev.txt (line 13))
2025-08-20T19:32:42.8971690Z   Using cached fastapi-0.116.1-py3-none-any.whl.metadata (28 kB)
2025-08-20T19:32:42.9164029Z Collecting fastapi-limiter==0.1.6 (from -r requirements-dev.txt (line 15))
2025-08-20T19:32:42.9176150Z   Using cached fastapi_limiter-0.1.6-py3-none-any.whl.metadata (5.3 kB)
2025-08-20T19:32:42.9393535Z Collecting httpx<0.29,>=0.27 (from -r requirements-dev.txt (line 16))
2025-08-20T19:32:42.9405892Z   Using cached httpx-0.28.1-py3-none-any.whl.metadata (7.1 kB)
2025-08-20T19:32:42.9552378Z Collecting imapclient==3.0.1 (from -r requirements-dev.txt (line 17))
2025-08-20T19:32:42.9564020Z   Using cached IMAPClient-3.0.1-py2.py3-none-any.whl.metadata (1.7 kB)
2025-08-20T19:32:42.9729158Z Collecting itsdangerous (from -r requirements-dev.txt (line 18))
2025-08-20T19:32:42.9741204Z   Using cached itsdangerous-2.2.0-py3-none-any.whl.metadata (1.9 kB)
2025-08-20T19:32:43.0739400Z Collecting mypy==1.* (from -r requirements-dev.txt (line 19))
2025-08-20T19:32:43.0754517Z   Using cached mypy-1.17.1-cp312-cp312-manylinux2014_x86_64.manylinux_2_17_x86_64.manylinux_2_28_x86_64.whl.metadata (2.2 kB)
2025-08-20T19:32:43.0888425Z Collecting mypy-extensions==1.1.0 (from -r requirements-dev.txt (line 20))
2025-08-20T19:32:43.0900430Z   Using cached mypy_extensions-1.1.0-py3-none-any.whl.metadata (1.1 kB)
2025-08-20T19:32:43.2810309Z Collecting numpy<2 (from -r requirements-dev.txt (line 21))
2025-08-20T19:32:43.2824596Z   Using cached numpy-1.26.4-cp312-cp312-manylinux_2_17_x86_64.manylinux2014_x86_64.whl.metadata (61 kB)
2025-08-20T19:32:43.3108507Z Collecting openpyxl==3.1.5 (from -r requirements-dev.txt (line 22))
2025-08-20T19:32:43.3121497Z   Using cached openpyxl-3.1.5-py2.py3-none-any.whl.metadata (2.5 kB)
2025-08-20T19:32:43.4221200Z Collecting pandas==2.2.* (from -r requirements-dev.txt (line 23))
2025-08-20T19:32:43.4234632Z   Using cached pandas-2.2.3-cp312-cp312-manylinux_2_17_x86_64.manylinux2014_x86_64.whl.metadata (89 kB)
2025-08-20T19:32:43.5203825Z Collecting psycopg2-binary==2.9.10 (from -r requirements-dev.txt (line 24))
2025-08-20T19:32:43.5217919Z   Using cached psycopg2_binary-2.9.10-cp312-cp312-manylinux_2_17_x86_64.manylinux2014_x86_64.whl.metadata (4.9 kB)
2025-08-20T19:32:43.5411660Z Collecting psycopg==3.2.9 (from psycopg[binary]==3.2.9->-r requirements-dev.txt (line 25))
2025-08-20T19:32:43.5424524Z   Using cached psycopg-3.2.9-py3-none-any.whl.metadata (4.5 kB)
2025-08-20T19:32:43.6569979Z Collecting pydantic==2.11.7 (from -r requirements-dev.txt (line 26))
2025-08-20T19:32:43.6583034Z   Using cached pydantic-2.11.7-py3-none-any.whl.metadata (67 kB)
2025-08-20T19:32:43.7875990Z Collecting setuptools (from -r requirements-dev.txt (line 27))
2025-08-20T19:32:43.7889533Z   Using cached setuptools-80.9.0-py3-none-any.whl.metadata (6.6 kB)
2025-08-20T19:32:43.8180748Z Collecting pytest-asyncio==0.23.6 (from -r requirements-dev.txt (line 28))
2025-08-20T19:32:43.8193575Z   Using cached pytest_asyncio-0.23.6-py3-none-any.whl.metadata (3.9 kB)
2025-08-20T19:32:43.8369612Z Collecting pytest-cov==6.2.1 (from -r requirements-dev.txt (line 29))
2025-08-20T19:32:43.8381392Z   Using cached pytest_cov-6.2.1-py3-none-any.whl.metadata (30 kB)
2025-08-20T19:32:43.8576479Z Collecting pytest-postgresql==7.0.2 (from -r requirements-dev.txt (line 30))
2025-08-20T19:32:43.8588190Z   Using cached pytest_postgresql-7.0.2-py3-none-any.whl.metadata (18 kB)
2025-08-20T19:32:43.8793961Z Collecting python-dotenv (from -r requirements-dev.txt (line 31))
2025-08-20T19:32:43.8808276Z   Using cached python_dotenv-1.1.1-py3-none-any.whl.metadata (24 kB)
2025-08-20T19:32:43.8967652Z Collecting python-multipart (from -r requirements-dev.txt (line 32))
2025-08-20T19:32:43.8979481Z   Using cached python_multipart-0.0.20-py3-none-any.whl.metadata (1.8 kB)
2025-08-20T19:32:43.9309093Z Collecting python-telegram-bot==22.3 (from -r requirements-dev.txt (line 33))
2025-08-20T19:32:43.9321828Z   Using cached python_telegram_bot-22.3-py3-none-any.whl.metadata (17 kB)
2025-08-20T19:32:43.9639711Z Collecting requests==2.32.4 (from -r requirements-dev.txt (line 34))
2025-08-20T19:32:43.9652835Z   Using cached requests-2.32.4-py3-none-any.whl.metadata (4.9 kB)
2025-08-20T19:32:43.9845873Z Collecting respx==0.22.0 (from -r requirements-dev.txt (line 35))
2025-08-20T19:32:43.9857682Z   Using cached respx-0.22.0-py2.py3-none-any.whl.metadata (4.1 kB)
2025-08-20T19:32:44.3743081Z Collecting ruff==0.9.9 (from -r requirements-dev.txt (line 36))
2025-08-20T19:32:44.3756948Z   Using cached ruff-0.9.9-py3-none-manylinux_2_17_x86_64.manylinux2014_x86_64.whl.metadata (25 kB)
2025-08-20T19:32:44.6410452Z Collecting sqlalchemy==2.0.43 (from -r requirements-dev.txt (line 37))
2025-08-20T19:32:44.6424884Z   Using cached sqlalchemy-2.0.43-cp312-cp312-manylinux_2_17_x86_64.manylinux2014_x86_64.whl.metadata (9.6 kB)
2025-08-20T19:32:44.6675469Z Collecting structlog==24.1.0 (from -r requirements-dev.txt (line 38))
2025-08-20T19:32:44.6687215Z   Using cached structlog-24.1.0-py3-none-any.whl.metadata (6.9 kB)
2025-08-20T19:32:44.6891560Z Collecting testcontainers==4.10.0 (from testcontainers[postgres]==4.10.0->-r requirements-dev.txt (line 39))
2025-08-20T19:32:44.6902527Z   Using cached testcontainers-4.10.0-py3-none-any.whl.metadata (7.8 kB)
2025-08-20T19:32:44.7291502Z Collecting types-requests==2.32.4.20250809 (from -r requirements-dev.txt (line 40))
2025-08-20T19:32:44.7305871Z   Using cached types_requests-2.32.4.20250809-py3-none-any.whl.metadata (2.0 kB)
2025-08-20T19:32:44.7465601Z Collecting docspec-python==2.2.2 (from -r requirements-dev.txt (line 41))
2025-08-20T19:32:44.7478271Z   Using cached docspec_python-2.2.2-py3-none-any.whl.metadata (1.0 kB)
2025-08-20T19:32:44.7666638Z Collecting pydoc-markdown==4.8.2 (from -r requirements-dev.txt (line 42))
2025-08-20T19:32:44.7679793Z   Using cached pydoc_markdown-4.8.2-py3-none-any.whl.metadata (5.9 kB)
2025-08-20T19:32:44.8541195Z Collecting pandera==0.19.* (from -r requirements-dev.txt (line 43))
2025-08-20T19:32:44.8554675Z   Using cached pandera-0.19.3-py3-none-any.whl.metadata (15 kB)
2025-08-20T19:32:44.9133166Z Collecting MarkupSafe>=2.0 (from Jinja2==3.1.6->-r requirements-dev.txt (line 2))
2025-08-20T19:32:44.9147731Z   Using cached MarkupSafe-3.0.2-cp312-cp312-manylinux_2_17_x86_64.manylinux2014_x86_64.whl.metadata (4.0 kB)
2025-08-20T19:32:44.9429192Z Collecting Mako (from alembic==1.13.1->-r requirements-dev.txt (line 3))
2025-08-20T19:32:44.9442778Z   Using cached mako-1.3.10-py3-none-any.whl.metadata (2.9 kB)
2025-08-20T19:32:44.9671318Z Collecting typing-extensions>=4 (from alembic==1.13.1->-r requirements-dev.txt (line 3))
2025-08-20T19:32:44.9684023Z   Using cached typing_extensions-4.14.1-py3-none-any.whl.metadata (3.0 kB)
2025-08-20T19:32:44.9859210Z Collecting six>=1.4.0 (from apscheduler==3.10.4->-r requirements-dev.txt (line 4))
2025-08-20T19:32:44.9870802Z   Using cached six-1.17.0-py2.py3-none-any.whl.metadata (1.7 kB)
2025-08-20T19:32:45.0241774Z Collecting pytz (from apscheduler==3.10.4->-r requirements-dev.txt (line 4))
2025-08-20T19:32:45.0255404Z   Using cached pytz-2025.2-py2.py3-none-any.whl.metadata (22 kB)
2025-08-20T19:32:45.0448871Z Collecting tzlocal!=3.*,>=2.0 (from apscheduler==3.10.4->-r requirements-dev.txt (line 4))
2025-08-20T19:32:45.0460339Z   Using cached tzlocal-5.3.1-py3-none-any.whl.metadata (7.6 kB)
2025-08-20T19:32:45.0799795Z Collecting starlette>=0.18 (from asgi-correlation-id==4.3.1->-r requirements-dev.txt (line 5))
2025-08-20T19:32:45.0811853Z   Using cached starlette-0.47.2-py3-none-any.whl.metadata (6.2 kB)
2025-08-20T19:32:45.1055157Z Collecting click>=8.0.0 (from black==25.1.0->-r requirements-dev.txt (line 7))
2025-08-20T19:32:45.1068234Z   Using cached click-8.2.1-py3-none-any.whl.metadata (2.5 kB)
2025-08-20T19:32:45.1284999Z Collecting packaging>=22.0 (from black==25.1.0->-r requirements-dev.txt (line 7))
2025-08-20T19:32:45.1299509Z   Using cached packaging-25.0-py3-none-any.whl.metadata (3.3 kB)
2025-08-20T19:32:45.1456800Z Collecting pathspec>=0.9.0 (from black==25.1.0->-r requirements-dev.txt (line 7))
2025-08-20T19:32:45.1474547Z   Using cached pathspec-0.12.1-py3-none-any.whl.metadata (21 kB)
2025-08-20T19:32:45.1708004Z Collecting platformdirs>=2 (from black==25.1.0->-r requirements-dev.txt (line 7))
2025-08-20T19:32:45.1720531Z   Using cached platformdirs-4.3.8-py3-none-any.whl.metadata (12 kB)
2025-08-20T19:32:45.1882830Z Collecting toml (from vulture==2.10->-r requirements-dev.txt (line 11))
2025-08-20T19:32:45.1894995Z   Using cached toml-0.10.2-py2.py3-none-any.whl.metadata (7.1 kB)
2025-08-20T19:32:45.2117470Z Collecting billiard<5.0,>=4.2.1 (from celery==5.5.3->-r requirements-dev.txt (line 12))
2025-08-20T19:32:45.2130031Z   Using cached billiard-4.2.1-py3-none-any.whl.metadata (4.4 kB)
2025-08-20T19:32:45.2438091Z Collecting kombu<5.6,>=5.5.2 (from celery==5.5.3->-r requirements-dev.txt (line 12))
2025-08-20T19:32:45.2451372Z   Using cached kombu-5.5.4-py3-none-any.whl.metadata (3.5 kB)
2025-08-20T19:32:45.2635638Z Collecting vine<6.0,>=5.1.0 (from celery==5.5.3->-r requirements-dev.txt (line 12))
2025-08-20T19:32:45.2647042Z   Using cached vine-5.1.0-py3-none-any.whl.metadata (2.7 kB)
2025-08-20T19:32:45.2824962Z Collecting click-didyoumean>=0.3.0 (from celery==5.5.3->-r requirements-dev.txt (line 12))
2025-08-20T19:32:45.2836358Z   Using cached click_didyoumean-0.3.1-py3-none-any.whl.metadata (3.9 kB)
2025-08-20T19:32:45.2964716Z Collecting click-repl>=0.2.0 (from celery==5.5.3->-r requirements-dev.txt (line 12))
2025-08-20T19:32:45.2977476Z   Using cached click_repl-0.3.0-py3-none-any.whl.metadata (3.6 kB)
2025-08-20T19:32:45.3110157Z Collecting click-plugins>=1.1.1 (from celery==5.5.3->-r requirements-dev.txt (line 12))
2025-08-20T19:32:45.3122667Z   Using cached click_plugins-1.1.1.2-py2.py3-none-any.whl.metadata (6.5 kB)
2025-08-20T19:32:45.3289045Z Collecting python-dateutil>=2.8.2 (from celery==5.5.3->-r requirements-dev.txt (line 12))
2025-08-20T19:32:45.3300564Z   Using cached python_dateutil-2.9.0.post0-py2.py3-none-any.whl.metadata (8.4 kB)
2025-08-20T19:32:45.4100963Z Collecting annotated-types>=0.6.0 (from pydantic==2.11.7->-r requirements-dev.txt (line 26))
2025-08-20T19:32:45.4119391Z   Using cached annotated_types-0.7.0-py3-none-any.whl.metadata (15 kB)
2025-08-20T19:32:46.1111762Z Collecting pydantic-core==2.33.2 (from pydantic==2.11.7->-r requirements-dev.txt (line 26))
2025-08-20T19:32:46.1125845Z   Using cached pydantic_core-2.33.2-cp312-cp312-manylinux_2_17_x86_64.manylinux2014_x86_64.whl.metadata (6.8 kB)
2025-08-20T19:32:46.1303813Z Collecting typing-inspection>=0.4.0 (from pydantic==2.11.7->-r requirements-dev.txt (line 26))
2025-08-20T19:32:46.1316364Z   Using cached typing_inspection-0.4.1-py3-none-any.whl.metadata (2.6 kB)
2025-08-20T19:32:46.1615024Z Collecting et-xmlfile (from openpyxl==3.1.5->-r requirements-dev.txt (line 22))
2025-08-20T19:32:46.1626679Z   Using cached et_xmlfile-2.0.0-py3-none-any.whl.metadata (2.7 kB)
2025-08-20T19:32:46.2126591Z Collecting pytest<9,>=7.0.0 (from pytest-asyncio==0.23.6->-r requirements-dev.txt (line 28))
2025-08-20T19:32:46.2139964Z   Using cached pytest-8.4.1-py3-none-any.whl.metadata (7.7 kB)
2025-08-20T19:32:46.5495619Z Collecting coverage>=7.5 (from coverage[toml]>=7.5->pytest-cov==6.2.1->-r requirements-dev.txt (line 29))
2025-08-20T19:32:46.5509547Z   Using cached coverage-7.10.4-cp312-cp312-manylinux1_x86_64.manylinux_2_28_x86_64.manylinux_2_5_x86_64.whl.metadata (8.9 kB)
2025-08-20T19:32:46.5675239Z Collecting pluggy>=1.2 (from pytest-cov==6.2.1->-r requirements-dev.txt (line 29))
2025-08-20T19:32:46.5687214Z   Using cached pluggy-1.6.0-py3-none-any.whl.metadata (4.8 kB)
2025-08-20T19:32:46.8388199Z Collecting port-for>=0.7.3 (from pytest-postgresql==7.0.2->-r requirements-dev.txt (line 30))
2025-08-20T19:32:46.8403957Z   Using cached port_for-0.7.4-py3-none-any.whl.metadata (7.1 kB)
2025-08-20T19:32:46.8585771Z Collecting mirakuru>=2.6.0 (from pytest-postgresql==7.0.2->-r requirements-dev.txt (line 30))
2025-08-20T19:32:46.8596848Z   Using cached mirakuru-2.6.1-py3-none-any.whl.metadata (10 kB)
2025-08-20T19:32:46.9527570Z Collecting charset_normalizer<4,>=2 (from requests==2.32.4->-r requirements-dev.txt (line 34))
2025-08-20T19:32:46.9541334Z   Using cached charset_normalizer-3.4.3-cp312-cp312-manylinux2014_x86_64.manylinux_2_17_x86_64.manylinux_2_28_x86_64.whl.metadata (36 kB)
2025-08-20T19:32:46.9731474Z Collecting idna<4,>=2.5 (from requests==2.32.4->-r requirements-dev.txt (line 34))
2025-08-20T19:32:46.9744494Z   Using cached idna-3.10-py3-none-any.whl.metadata (10 kB)
2025-08-20T19:32:47.0061458Z Collecting urllib3<3,>=1.21.1 (from requests==2.32.4->-r requirements-dev.txt (line 34))
2025-08-20T19:32:47.0073906Z   Using cached urllib3-2.5.0-py3-none-any.whl.metadata (6.5 kB)
2025-08-20T19:32:47.0312936Z Collecting certifi>=2017.4.17 (from requests==2.32.4->-r requirements-dev.txt (line 34))
2025-08-20T19:32:47.0325978Z   Using cached certifi-2025.8.3-py3-none-any.whl.metadata (2.4 kB)
2025-08-20T19:32:47.2501242Z Collecting greenlet>=1 (from sqlalchemy==2.0.43->-r requirements-dev.txt (line 37))
2025-08-20T19:32:47.2515869Z   Using cached greenlet-3.2.4-cp312-cp312-manylinux_2_24_x86_64.manylinux_2_28_x86_64.whl.metadata (4.1 kB)
2025-08-20T19:32:47.2790773Z Collecting docker (from testcontainers==4.10.0->testcontainers[postgres]==4.10.0->-r requirements-dev.txt (line 39))
2025-08-20T19:32:47.2805046Z   Using cached docker-7.1.0-py3-none-any.whl.metadata (3.8 kB)
2025-08-20T19:32:47.3838199Z Collecting wrapt (from testcontainers==4.10.0->testcontainers[postgres]==4.10.0->-r requirements-dev.txt (line 39))
2025-08-20T19:32:47.3852086Z   Using cached wrapt-1.17.3-cp312-cp312-manylinux1_x86_64.manylinux_2_28_x86_64.manylinux_2_5_x86_64.whl.metadata (6.4 kB)
2025-08-20T19:32:47.4367557Z Collecting docspec==2.2.1 (from docspec-python==2.2.2->-r requirements-dev.txt (line 41))
2025-08-20T19:32:47.4380714Z   Using cached docspec-2.2.1-py3-none-any.whl.metadata (1.5 kB)
2025-08-20T19:32:47.4637179Z Collecting nr-util>=0.8.12 (from docspec-python==2.2.2->-r requirements-dev.txt (line 41))
2025-08-20T19:32:47.4650655Z   Using cached nr.util-0.8.12-py3-none-any.whl.metadata (813 bytes)
2025-08-20T19:32:47.5037886Z Collecting PyYAML<7.0,>=5.0 (from pydoc-markdown==4.8.2->-r requirements-dev.txt (line 42))
2025-08-20T19:32:47.5053469Z   Using cached PyYAML-6.0.2-cp312-cp312-manylinux_2_17_x86_64.manylinux2014_x86_64.whl.metadata (2.1 kB)
2025-08-20T19:32:47.5383120Z Collecting databind.core<5.0.0,>=4.4.0 (from pydoc-markdown==4.8.2->-r requirements-dev.txt (line 42))
2025-08-20T19:32:47.5397101Z   Using cached databind.core-4.5.2-py3-none-any.whl.metadata (1.1 kB)
2025-08-20T19:32:47.5668137Z Collecting databind.json<5.0.0,>=4.4.0 (from pydoc-markdown==4.8.2->-r requirements-dev.txt (line 42))
2025-08-20T19:32:47.5681642Z   Using cached databind.json-4.5.2-py3-none-any.whl.metadata (1.1 kB)
2025-08-20T19:32:47.5861545Z Collecting docstring-parser<0.12,>=0.11 (from pydoc-markdown==4.8.2->-r requirements-dev.txt (line 42))
2025-08-20T19:32:47.5862495Z   Using cached docstring_parser-0.11-py3-none-any.whl
2025-08-20T19:32:47.6306998Z Collecting tomli<3.0.0,>=2.0.0 (from pydoc-markdown==4.8.2->-r requirements-dev.txt (line 42))
2025-08-20T19:32:47.6320343Z   Using cached tomli-2.2.1-cp312-cp312-manylinux_2_17_x86_64.manylinux2014_x86_64.whl.metadata (11 kB)
2025-08-20T19:32:47.6466390Z Collecting tomli_w<2.0.0,>=1.0.0 (from pydoc-markdown==4.8.2->-r requirements-dev.txt (line 42))
2025-08-20T19:32:47.6479900Z   Using cached tomli_w-1.2.0-py3-none-any.whl.metadata (5.7 kB)
2025-08-20T19:32:47.6970733Z Collecting watchdog (from pydoc-markdown==4.8.2->-r requirements-dev.txt (line 42))
2025-08-20T19:32:47.6984679Z   Using cached watchdog-6.0.0-py3-none-manylinux2014_x86_64.whl.metadata (44 kB)
2025-08-20T19:32:47.7233799Z Collecting yapf>=0.30.0 (from pydoc-markdown==4.8.2->-r requirements-dev.txt (line 42))
2025-08-20T19:32:47.7246845Z   Using cached yapf-0.43.0-py3-none-any.whl.metadata (46 kB)
2025-08-20T19:32:47.7476647Z Collecting Deprecated<2.0.0,>=1.2.12 (from docspec==2.2.1->docspec-python==2.2.2->-r requirements-dev.txt (line 41))
2025-08-20T19:32:47.7489585Z   Using cached Deprecated-1.2.18-py2.py3-none-any.whl.metadata (5.7 kB)
2025-08-20T19:32:47.9057269Z Collecting psycopg-binary==3.2.9 (from psycopg[binary]==3.2.9->-r requirements-dev.txt (line 25))
2025-08-20T19:32:47.9071659Z   Using cached psycopg_binary-3.2.9-cp312-cp312-manylinux_2_17_x86_64.manylinux2014_x86_64.whl.metadata (2.9 kB)
2025-08-20T19:32:47.9438524Z Collecting argon2-cffi (from minio==7.*->-r requirements-dev.txt (line 10))
2025-08-20T19:32:47.9452233Z   Using cached argon2_cffi-25.1.0-py3-none-any.whl.metadata (4.1 kB)
2025-08-20T19:32:48.0304763Z Collecting pycryptodome (from minio==7.*->-r requirements-dev.txt (line 10))
2025-08-20T19:32:48.0319610Z   Using cached pycryptodome-3.23.0-cp37-abi3-manylinux_2_17_x86_64.manylinux2014_x86_64.whl.metadata (3.4 kB)
2025-08-20T19:32:48.0578483Z Collecting anyio (from httpx<0.29,>=0.27->-r requirements-dev.txt (line 16))
2025-08-20T19:32:48.0592183Z   Using cached anyio-4.10.0-py3-none-any.whl.metadata (4.0 kB)
2025-08-20T19:32:48.0820454Z Collecting httpcore==1.* (from httpx<0.29,>=0.27->-r requirements-dev.txt (line 16))
2025-08-20T19:32:48.0833984Z   Using cached httpcore-1.0.9-py3-none-any.whl.metadata (21 kB)
2025-08-20T19:32:48.1221704Z Collecting tzdata>=2022.7 (from pandas==2.2.*->-r requirements-dev.txt (line 23))
2025-08-20T19:32:48.1235377Z   Using cached tzdata-2025.2-py2.py3-none-any.whl.metadata (1.4 kB)
2025-08-20T19:32:48.1427461Z Collecting multimethod<=1.10.0 (from pandera==0.19.*->-r requirements-dev.txt (line 43))
2025-08-20T19:32:48.1440600Z   Using cached multimethod-1.10-py3-none-any.whl.metadata (8.2 kB)
2025-08-20T19:32:48.1873012Z Collecting typeguard (from pandera==0.19.*->-r requirements-dev.txt (line 43))
2025-08-20T19:32:48.1886992Z   Using cached typeguard-4.4.4-py3-none-any.whl.metadata (3.3 kB)
2025-08-20T19:32:48.2032565Z Collecting typing-inspect>=0.6.0 (from pandera==0.19.*->-r requirements-dev.txt (line 43))
2025-08-20T19:32:48.2045032Z   Using cached typing_inspect-0.9.0-py3-none-any.whl.metadata (1.5 kB)
2025-08-20T19:32:48.2388393Z Collecting databind<5.0.0,>=4.5.2 (from databind.core<5.0.0,>=4.4.0->pydoc-markdown==4.8.2->-r requirements-dev.txt (line 42))
2025-08-20T19:32:48.2402247Z   Using cached databind-4.5.2-py3-none-any.whl.metadata (4.3 kB)
2025-08-20T19:32:48.2575680Z Collecting nr-date<3.0.0,>=2.0.0 (from databind<5.0.0,>=4.5.2->databind.core<5.0.0,>=4.4.0->pydoc-markdown==4.8.2->-r requirements-dev.txt (line 42))
2025-08-20T19:32:48.2588159Z   Using cached nr_date-2.1.0-py3-none-any.whl.metadata (746 bytes)
2025-08-20T19:32:48.2783216Z Collecting nr-stream<2.0.0,>=1.0.0 (from databind<5.0.0,>=4.5.2->databind.core<5.0.0,>=4.4.0->pydoc-markdown==4.8.2->-r requirements-dev.txt (line 42))
2025-08-20T19:32:48.2796423Z   Using cached nr_stream-1.1.5-py3-none-any.whl.metadata (3.6 kB)
2025-08-20T19:32:48.3002942Z Collecting typeapi<3,>=2.0.1 (from databind<5.0.0,>=4.5.2->databind.core<5.0.0,>=4.4.0->pydoc-markdown==4.8.2->-r requirements-dev.txt (line 42))
2025-08-20T19:32:48.3015886Z   Using cached typeapi-2.2.4-py3-none-any.whl.metadata (1.5 kB)
2025-08-20T19:32:48.3330399Z Collecting h11>=0.16 (from httpcore==1.*->httpx<0.29,>=0.27->-r requirements-dev.txt (line 16))
2025-08-20T19:32:48.3342699Z   Using cached h11-0.16.0-py3-none-any.whl.metadata (8.3 kB)
2025-08-20T19:32:48.3639573Z Collecting amqp<6.0.0,>=5.1.1 (from kombu<5.6,>=5.5.2->celery==5.5.3->-r requirements-dev.txt (line 12))
2025-08-20T19:32:48.3652467Z   Using cached amqp-5.3.1-py3-none-any.whl.metadata (8.9 kB)
2025-08-20T19:32:48.4086182Z Collecting iniconfig>=1 (from pytest<9,>=7.0.0->pytest-asyncio==0.23.6->-r requirements-dev.txt (line 28))
2025-08-20T19:32:48.4098443Z   Using cached iniconfig-2.1.0-py3-none-any.whl.metadata (2.7 kB)
2025-08-20T19:32:48.4337649Z Collecting pygments>=2.7.2 (from pytest<9,>=7.0.0->pytest-asyncio==0.23.6->-r requirements-dev.txt (line 28))
2025-08-20T19:32:48.4350407Z   Using cached pygments-2.19.2-py3-none-any.whl.metadata (2.5 kB)
2025-08-20T19:32:48.4718868Z Collecting sniffio>=1.1 (from anyio->httpx<0.29,>=0.27->-r requirements-dev.txt (line 16))
2025-08-20T19:32:48.4730717Z   Using cached sniffio-1.3.1-py3-none-any.whl.metadata (3.9 kB)
2025-08-20T19:32:49.0107558Z Collecting botocore<1.41.0,>=1.40.14 (from boto3->-r requirements-dev.txt (line 8))
2025-08-20T19:32:49.0189590Z   Downloading botocore-1.40.14-py3-none-any.whl.metadata (5.7 kB)
2025-08-20T19:32:49.0372511Z Collecting jmespath<2.0.0,>=0.7.1 (from boto3->-r requirements-dev.txt (line 8))
2025-08-20T19:32:49.0385889Z   Using cached jmespath-1.0.1-py3-none-any.whl.metadata (7.6 kB)
2025-08-20T19:32:49.0575229Z Collecting s3transfer<0.14.0,>=0.13.0 (from boto3->-r requirements-dev.txt (line 8))
2025-08-20T19:32:49.0586899Z   Using cached s3transfer-0.13.1-py3-none-any.whl.metadata (1.7 kB)
2025-08-20T19:32:49.3385290Z Collecting fastapi-cli>=0.0.8 (from fastapi-cli[standard]>=0.0.8; extra == "all"->fastapi[all]->-r requirements-dev.txt (line 14))
2025-08-20T19:32:49.3400072Z   Using cached fastapi_cli-0.0.8-py3-none-any.whl.metadata (6.3 kB)
2025-08-20T19:32:49.4197716Z Collecting ujson!=4.0.2,!=4.1.0,!=4.2.0,!=4.3.0,!=5.0.0,!=5.1.0,>=4.0.1 (from fastapi[all]->-r requirements-dev.txt (line 14))
2025-08-20T19:32:49.4211437Z   Using cached ujson-5.11.0-cp312-cp312-manylinux_2_24_x86_64.manylinux_2_28_x86_64.whl.metadata (9.4 kB)
2025-08-20T19:32:49.6565121Z Collecting orjson>=3.2.1 (from fastapi[all]->-r requirements-dev.txt (line 14))
2025-08-20T19:32:49.6579330Z   Using cached orjson-3.11.2-cp312-cp312-manylinux_2_17_x86_64.manylinux2014_x86_64.whl.metadata (1.2 kB)
2025-08-20T19:32:49.6739960Z Collecting email-validator>=2.0.0 (from fastapi[all]->-r requirements-dev.txt (line 14))
2025-08-20T19:32:49.6753303Z   Using cached email_validator-2.2.0-py3-none-any.whl.metadata (25 kB)
2025-08-20T19:32:49.7069539Z Collecting uvicorn>=0.12.0 (from uvicorn[standard]>=0.12.0; extra == "all"->fastapi[all]->-r requirements-dev.txt (line 14))
2025-08-20T19:32:49.7082287Z   Using cached uvicorn-0.35.0-py3-none-any.whl.metadata (6.5 kB)
2025-08-20T19:32:49.7286766Z Collecting pydantic-settings>=2.0.0 (from fastapi[all]->-r requirements-dev.txt (line 14))
2025-08-20T19:32:49.7298809Z   Using cached pydantic_settings-2.10.1-py3-none-any.whl.metadata (3.4 kB)
2025-08-20T19:32:49.7461081Z Collecting pydantic-extra-types>=2.0.0 (from fastapi[all]->-r requirements-dev.txt (line 14))
2025-08-20T19:32:49.7473548Z   Using cached pydantic_extra_types-2.10.5-py3-none-any.whl.metadata (3.9 kB)
2025-08-20T19:32:49.8203884Z Collecting prompt-toolkit>=3.0.36 (from click-repl>=0.2.0->celery==5.5.3->-r requirements-dev.txt (line 12))
2025-08-20T19:32:49.8216328Z   Using cached prompt_toolkit-3.0.51-py3-none-any.whl.metadata (6.4 kB)
2025-08-20T19:32:49.8437017Z Collecting dnspython>=2.0.0 (from email-validator>=2.0.0->fastapi[all]->-r requirements-dev.txt (line 14))
2025-08-20T19:32:49.8449225Z   Using cached dnspython-2.7.0-py3-none-any.whl.metadata (5.8 kB)
2025-08-20T19:32:49.8770519Z Collecting typer>=0.15.1 (from fastapi-cli>=0.0.8->fastapi-cli[standard]>=0.0.8; extra == "all"->fastapi[all]->-r requirements-dev.txt (line 14))
2025-08-20T19:32:49.8782999Z   Using cached typer-0.16.1-py3-none-any.whl.metadata (15 kB)
2025-08-20T19:32:49.9095237Z Collecting rich-toolkit>=0.14.8 (from fastapi-cli>=0.0.8->fastapi-cli[standard]>=0.0.8; extra == "all"->fastapi[all]->-r requirements-dev.txt (line 14))
2025-08-20T19:32:49.9107570Z   Using cached rich_toolkit-0.15.0-py3-none-any.whl.metadata (1.0 kB)
2025-08-20T19:32:49.9280430Z Collecting fastapi-cloud-cli>=0.1.1 (from fastapi-cli[standard]>=0.0.8; extra == "all"->fastapi[all]->-r requirements-dev.txt (line 14))
2025-08-20T19:32:49.9292429Z   Using cached fastapi_cloud_cli-0.1.5-py3-none-any.whl.metadata (3.2 kB)
2025-08-20T19:32:50.0064035Z Collecting rignore>=0.5.1 (from fastapi-cloud-cli>=0.1.1->fastapi-cli[standard]>=0.0.8; extra == "all"->fastapi[all]->-r requirements-dev.txt (line 14))
2025-08-20T19:32:50.0077195Z   Using cached rignore-0.6.4-cp312-cp312-manylinux_2_17_x86_64.manylinux2014_x86_64.whl.metadata (3.8 kB)
2025-08-20T19:32:50.1146861Z Collecting sentry-sdk>=2.20.0 (from fastapi-cloud-cli>=0.1.1->fastapi-cli[standard]>=0.0.8; extra == "all"->fastapi[all]->-r requirements-dev.txt (line 14))
2025-08-20T19:32:50.1159916Z   Using cached sentry_sdk-2.35.0-py2.py3-none-any.whl.metadata (10 kB)
2025-08-20T19:32:50.2180992Z Collecting psutil>=4.0.0 (from mirakuru>=2.6.0->pytest-postgresql==7.0.2->-r requirements-dev.txt (line 30))
2025-08-20T19:32:50.2202490Z   Using cached psutil-7.0.0-cp36-abi3-manylinux_2_12_x86_64.manylinux2010_x86_64.manylinux_2_17_x86_64.manylinux2014_x86_64.whl.metadata (22 kB)
2025-08-20T19:32:50.2579285Z Collecting wcwidth (from prompt-toolkit>=3.0.36->click-repl>=0.2.0->celery==5.5.3->-r requirements-dev.txt (line 12))
2025-08-20T19:32:50.2591259Z   Using cached wcwidth-0.2.13-py2.py3-none-any.whl.metadata (14 kB)
2025-08-20T19:32:50.4140684Z Collecting rich>=13.7.1 (from rich-toolkit>=0.14.8->fastapi-cli>=0.0.8->fastapi-cli[standard]>=0.0.8; extra == "all"->fastapi[all]->-r requirements-dev.txt (line 14))
2025-08-20T19:32:50.4154507Z   Using cached rich-14.1.0-py3-none-any.whl.metadata (18 kB)
2025-08-20T19:32:50.4385843Z Collecting markdown-it-py>=2.2.0 (from rich>=13.7.1->rich-toolkit>=0.14.8->fastapi-cli>=0.0.8->fastapi-cli[standard]>=0.0.8; extra == "all"->fastapi[all]->-r requirements-dev.txt (line 14))
2025-08-20T19:32:50.4398560Z   Using cached markdown_it_py-4.0.0-py3-none-any.whl.metadata (7.3 kB)
2025-08-20T19:32:50.4662878Z Collecting mdurl~=0.1 (from markdown-it-py>=2.2.0->rich>=13.7.1->rich-toolkit>=0.14.8->fastapi-cli>=0.0.8->fastapi-cli[standard]>=0.0.8; extra == "all"->fastapi[all]->-r requirements-dev.txt (line 14))
2025-08-20T19:32:50.4676599Z   Using cached mdurl-0.1.2-py3-none-any.whl.metadata (1.6 kB)
2025-08-20T19:32:50.5245340Z Collecting shellingham>=1.3.0 (from typer>=0.15.1->fastapi-cli>=0.0.8->fastapi-cli[standard]>=0.0.8; extra == "all"->fastapi[all]->-r requirements-dev.txt (line 14))
2025-08-20T19:32:50.5258230Z   Using cached shellingham-1.5.4-py2.py3-none-any.whl.metadata (3.5 kB)
2025-08-20T19:32:50.6161263Z Collecting httptools>=0.6.3 (from uvicorn[standard]>=0.12.0; extra == "all"->fastapi[all]->-r requirements-dev.txt (line 14))
2025-08-20T19:32:50.6175515Z   Using cached httptools-0.6.4-cp312-cp312-manylinux_2_5_x86_64.manylinux1_x86_64.manylinux_2_17_x86_64.manylinux2014_x86_64.whl.metadata (3.6 kB)
2025-08-20T19:32:50.6651538Z Collecting uvloop>=0.15.1 (from uvicorn[standard]>=0.12.0; extra == "all"->fastapi[all]->-r requirements-dev.txt (line 14))
2025-08-20T19:32:50.6665040Z   Using cached uvloop-0.21.0-cp312-cp312-manylinux_2_17_x86_64.manylinux2014_x86_64.whl.metadata (4.9 kB)
2025-08-20T19:32:50.7445132Z Collecting watchfiles>=0.13 (from uvicorn[standard]>=0.12.0; extra == "all"->fastapi[all]->-r requirements-dev.txt (line 14))
2025-08-20T19:32:50.7459629Z   Using cached watchfiles-1.1.0-cp312-cp312-manylinux_2_17_x86_64.manylinux2014_x86_64.whl.metadata (4.9 kB)
2025-08-20T19:32:50.8342750Z Collecting websockets>=10.4 (from uvicorn[standard]>=0.12.0; extra == "all"->fastapi[all]->-r requirements-dev.txt (line 14))
2025-08-20T19:32:50.8356891Z   Using cached websockets-15.0.1-cp312-cp312-manylinux_2_5_x86_64.manylinux1_x86_64.manylinux_2_17_x86_64.manylinux2014_x86_64.whl.metadata (6.8 kB)
2025-08-20T19:32:50.8845502Z Collecting argon2-cffi-bindings (from argon2-cffi->minio==7.*->-r requirements-dev.txt (line 10))
2025-08-20T19:32:50.8859241Z   Using cached argon2_cffi_bindings-25.1.0-cp39-abi3-manylinux_2_26_x86_64.manylinux_2_28_x86_64.whl.metadata (7.4 kB)
2025-08-20T19:32:51.1251759Z Collecting cffi>=1.0.1 (from argon2-cffi-bindings->argon2-cffi->minio==7.*->-r requirements-dev.txt (line 10))
2025-08-20T19:32:51.1265478Z   Using cached cffi-1.17.1-cp312-cp312-manylinux_2_17_x86_64.manylinux2014_x86_64.whl.metadata (1.5 kB)
2025-08-20T19:32:51.1485787Z Collecting pycparser (from cffi>=1.0.1->argon2-cffi-bindings->argon2-cffi->minio==7.*->-r requirements-dev.txt (line 10))
2025-08-20T19:32:51.1503066Z   Using cached pycparser-2.22-py3-none-any.whl.metadata (943 bytes)
2025-08-20T19:32:51.2270827Z Using cached jinja2-3.1.6-py3-none-any.whl (134 kB)
2025-08-20T19:32:51.2282583Z Using cached alembic-1.13.1-py3-none-any.whl (233 kB)
2025-08-20T19:32:51.2294895Z Using cached APScheduler-3.10.4-py3-none-any.whl (59 kB)
2025-08-20T19:32:51.2305901Z Using cached asgi_correlation_id-4.3.1-py3-none-any.whl (15 kB)
2025-08-20T19:32:51.2316872Z Using cached asyncpg-0.30.0-cp312-cp312-manylinux_2_17_x86_64.manylinux2014_x86_64.whl (3.6 MB)
2025-08-20T19:32:51.2355006Z Using cached black-25.1.0-cp312-cp312-manylinux_2_17_x86_64.manylinux2014_x86_64.manylinux_2_28_x86_64.whl (1.8 MB)
2025-08-20T19:32:51.2378690Z Using cached vulture-2.10-py2.py3-none-any.whl (27 kB)
2025-08-20T19:32:51.2389698Z Using cached celery-5.5.3-py3-none-any.whl (438 kB)
2025-08-20T19:32:51.2403782Z Using cached fastapi-0.116.1-py3-none-any.whl (95 kB)
2025-08-20T19:32:51.2415763Z Using cached pydantic-2.11.7-py3-none-any.whl (444 kB)
2025-08-20T19:32:51.2429778Z Using cached fastapi_limiter-0.1.6-py3-none-any.whl (15 kB)
2025-08-20T19:32:51.2440583Z Using cached IMAPClient-3.0.1-py2.py3-none-any.whl (182 kB)
2025-08-20T19:32:51.2452659Z Using cached mypy_extensions-1.1.0-py3-none-any.whl (5.0 kB)
2025-08-20T19:32:51.2463289Z Using cached openpyxl-3.1.5-py2.py3-none-any.whl (250 kB)
2025-08-20T19:32:51.2476467Z Using cached psycopg2_binary-2.9.10-cp312-cp312-manylinux_2_17_x86_64.manylinux2014_x86_64.whl (3.0 MB)
2025-08-20T19:32:51.2510334Z Using cached psycopg-3.2.9-py3-none-any.whl (202 kB)
2025-08-20T19:32:51.2522556Z Using cached pytest_asyncio-0.23.6-py3-none-any.whl (17 kB)
2025-08-20T19:32:51.2533465Z Using cached pytest_cov-6.2.1-py3-none-any.whl (24 kB)
2025-08-20T19:32:51.2544443Z Using cached pytest_postgresql-7.0.2-py3-none-any.whl (41 kB)
2025-08-20T19:32:51.2555474Z Using cached python_telegram_bot-22.3-py3-none-any.whl (717 kB)
2025-08-20T19:32:51.2572705Z Using cached requests-2.32.4-py3-none-any.whl (64 kB)
2025-08-20T19:32:51.2584346Z Using cached respx-0.22.0-py2.py3-none-any.whl (25 kB)
2025-08-20T19:32:51.2595679Z Using cached ruff-0.9.9-py3-none-manylinux_2_17_x86_64.manylinux2014_x86_64.whl (11.2 MB)
2025-08-20T19:32:51.2690941Z Using cached sqlalchemy-2.0.43-cp312-cp312-manylinux_2_17_x86_64.manylinux2014_x86_64.whl (3.3 MB)
2025-08-20T19:32:51.2725628Z Using cached structlog-24.1.0-py3-none-any.whl (65 kB)
2025-08-20T19:32:51.2736941Z Using cached testcontainers-4.10.0-py3-none-any.whl (107 kB)
2025-08-20T19:32:51.2748801Z Using cached types_requests-2.32.4.20250809-py3-none-any.whl (20 kB)
2025-08-20T19:32:51.2759650Z Using cached docspec_python-2.2.2-py3-none-any.whl (15 kB)
2025-08-20T19:32:51.2770427Z Using cached pydoc_markdown-4.8.2-py3-none-any.whl (67 kB)
2025-08-20T19:32:51.2781325Z Using cached docspec-2.2.1-py3-none-any.whl (9.8 kB)
2025-08-20T19:32:51.2792402Z Using cached psycopg_binary-3.2.9-cp312-cp312-manylinux_2_17_x86_64.manylinux2014_x86_64.whl (4.4 MB)
2025-08-20T19:32:51.2836755Z Using cached pydantic_core-2.33.2-cp312-cp312-manylinux_2_17_x86_64.manylinux2014_x86_64.whl (2.0 MB)
2025-08-20T19:32:51.2861575Z Using cached redis-6.4.0-py3-none-any.whl (279 kB)
2025-08-20T19:32:51.2874645Z Using cached minio-7.2.16-py3-none-any.whl (95 kB)
2025-08-20T19:32:51.2886293Z Using cached httpx-0.28.1-py3-none-any.whl (73 kB)
2025-08-20T19:32:51.2897859Z Using cached mypy-1.17.1-cp312-cp312-manylinux2014_x86_64.manylinux_2_17_x86_64.manylinux_2_28_x86_64.whl (12.7 MB)
2025-08-20T19:32:51.3005139Z Using cached numpy-1.26.4-cp312-cp312-manylinux_2_17_x86_64.manylinux2014_x86_64.whl (18.0 MB)
2025-08-20T19:32:51.3148895Z Using cached pandas-2.2.3-cp312-cp312-manylinux_2_17_x86_64.manylinux2014_x86_64.whl (12.7 MB)
2025-08-20T19:32:51.3252572Z Using cached pandera-0.19.3-py3-none-any.whl (251 kB)
2025-08-20T19:32:51.3265837Z Using cached billiard-4.2.1-py3-none-any.whl (86 kB)
2025-08-20T19:32:51.3277904Z Using cached charset_normalizer-3.4.3-cp312-cp312-manylinux2014_x86_64.manylinux_2_17_x86_64.manylinux_2_28_x86_64.whl (151 kB)
2025-08-20T19:32:51.3289326Z Using cached click-8.2.1-py3-none-any.whl (102 kB)
2025-08-20T19:32:51.3300814Z Using cached databind.core-4.5.2-py3-none-any.whl (1.5 kB)
2025-08-20T19:32:51.3311670Z Using cached databind-4.5.2-py3-none-any.whl (49 kB)
2025-08-20T19:32:51.3322536Z Using cached databind.json-4.5.2-py3-none-any.whl (1.5 kB)
2025-08-20T19:32:51.3333611Z Using cached Deprecated-1.2.18-py2.py3-none-any.whl (10.0 kB)
2025-08-20T19:32:51.3345916Z Using cached httpcore-1.0.9-py3-none-any.whl (78 kB)
2025-08-20T19:32:51.3357712Z Using cached idna-3.10-py3-none-any.whl (70 kB)
2025-08-20T19:32:51.3368792Z Using cached kombu-5.5.4-py3-none-any.whl (210 kB)
2025-08-20T19:32:51.3380800Z Using cached vine-5.1.0-py3-none-any.whl (9.6 kB)
2025-08-20T19:32:51.3391436Z Using cached amqp-5.3.1-py3-none-any.whl (50 kB)
2025-08-20T19:32:51.3402656Z Using cached multimethod-1.10-py3-none-any.whl (9.9 kB)
2025-08-20T19:32:51.3413167Z Using cached nr_date-2.1.0-py3-none-any.whl (10 kB)
2025-08-20T19:32:51.3423951Z Using cached nr_stream-1.1.5-py3-none-any.whl (10 kB)
2025-08-20T19:32:51.3435685Z Using cached nr.util-0.8.12-py3-none-any.whl (90 kB)
2025-08-20T19:32:51.3447439Z Using cached pytest-8.4.1-py3-none-any.whl (365 kB)
2025-08-20T19:32:51.3461027Z Using cached pluggy-1.6.0-py3-none-any.whl (20 kB)
2025-08-20T19:32:51.3472236Z Using cached PyYAML-6.0.2-cp312-cp312-manylinux_2_17_x86_64.manylinux2014_x86_64.whl (767 kB)
2025-08-20T19:32:51.3488875Z Using cached starlette-0.47.2-py3-none-any.whl (72 kB)
2025-08-20T19:32:51.3500081Z Using cached anyio-4.10.0-py3-none-any.whl (107 kB)
2025-08-20T19:32:51.3511781Z Using cached tomli-2.2.1-cp312-cp312-manylinux_2_17_x86_64.manylinux2014_x86_64.whl (242 kB)
2025-08-20T19:32:51.3523986Z Using cached tomli_w-1.2.0-py3-none-any.whl (6.7 kB)
2025-08-20T19:32:51.3535074Z Using cached typeapi-2.2.4-py3-none-any.whl (26 kB)
2025-08-20T19:32:51.3546135Z Using cached typing_extensions-4.14.1-py3-none-any.whl (43 kB)
2025-08-20T19:32:51.3557166Z Using cached urllib3-2.5.0-py3-none-any.whl (129 kB)
2025-08-20T19:32:51.3569133Z Using cached wrapt-1.17.3-cp312-cp312-manylinux1_x86_64.manylinux_2_28_x86_64.manylinux_2_5_x86_64.whl (88 kB)
2025-08-20T19:32:51.3642510Z Downloading boto3-1.40.14-py3-none-any.whl (140 kB)
2025-08-20T19:32:51.3878274Z Downloading botocore-1.40.14-py3-none-any.whl (14.0 MB)
2025-08-20T19:32:51.4606921Z    ━━━━━━━━━━━━━━━━━━━━━━━━━━━━━━━━━━━━━━━━ 14.0/14.0 MB 209.4 MB/s  0:00:00
2025-08-20T19:32:51.4619226Z Using cached jmespath-1.0.1-py3-none-any.whl (20 kB)
2025-08-20T19:32:51.4630505Z Using cached python_dateutil-2.9.0.post0-py2.py3-none-any.whl (229 kB)
2025-08-20T19:32:51.4643045Z Using cached s3transfer-0.13.1-py3-none-any.whl (85 kB)
2025-08-20T19:32:51.4654560Z Using cached itsdangerous-2.2.0-py3-none-any.whl (16 kB)
2025-08-20T19:32:51.4665695Z Using cached setuptools-80.9.0-py3-none-any.whl (1.2 MB)
2025-08-20T19:32:51.4685431Z Using cached python_dotenv-1.1.1-py3-none-any.whl (20 kB)
2025-08-20T19:32:51.4696610Z Using cached python_multipart-0.0.20-py3-none-any.whl (24 kB)
2025-08-20T19:32:51.4708753Z Using cached annotated_types-0.7.0-py3-none-any.whl (13 kB)
2025-08-20T19:32:51.4720366Z Using cached certifi-2025.8.3-py3-none-any.whl (161 kB)
2025-08-20T19:32:51.4732455Z Using cached click_didyoumean-0.3.1-py3-none-any.whl (3.6 kB)
2025-08-20T19:32:51.4743707Z Using cached click_plugins-1.1.1.2-py2.py3-none-any.whl (11 kB)
2025-08-20T19:32:51.4754430Z Using cached click_repl-0.3.0-py3-none-any.whl (10 kB)
2025-08-20T19:32:51.4765798Z Using cached coverage-7.10.4-cp312-cp312-manylinux1_x86_64.manylinux_2_28_x86_64.manylinux_2_5_x86_64.whl (251 kB)
2025-08-20T19:32:51.4778125Z Using cached email_validator-2.2.0-py3-none-any.whl (33 kB)
2025-08-20T19:32:51.4789062Z Using cached dnspython-2.7.0-py3-none-any.whl (313 kB)
2025-08-20T19:32:51.4801988Z Using cached fastapi_cli-0.0.8-py3-none-any.whl (10 kB)
2025-08-20T19:32:51.4812676Z Using cached fastapi_cloud_cli-0.1.5-py3-none-any.whl (18 kB)
2025-08-20T19:32:51.4823879Z Using cached greenlet-3.2.4-cp312-cp312-manylinux_2_24_x86_64.manylinux_2_28_x86_64.whl (607 kB)
2025-08-20T19:32:51.4839327Z Using cached h11-0.16.0-py3-none-any.whl (37 kB)
2025-08-20T19:32:51.4850855Z Using cached iniconfig-2.1.0-py3-none-any.whl (6.0 kB)
2025-08-20T19:32:51.4862061Z Using cached MarkupSafe-3.0.2-cp312-cp312-manylinux_2_17_x86_64.manylinux2014_x86_64.whl (23 kB)
2025-08-20T19:32:51.4873465Z Using cached mirakuru-2.6.1-py3-none-any.whl (26 kB)
2025-08-20T19:32:51.4884633Z Using cached orjson-3.11.2-cp312-cp312-manylinux_2_17_x86_64.manylinux2014_x86_64.whl (121 kB)
2025-08-20T19:32:51.4896284Z Using cached packaging-25.0-py3-none-any.whl (66 kB)
2025-08-20T19:32:51.4907479Z Using cached pathspec-0.12.1-py3-none-any.whl (31 kB)
2025-08-20T19:32:51.4918408Z Using cached platformdirs-4.3.8-py3-none-any.whl (18 kB)
2025-08-20T19:32:51.4929130Z Using cached port_for-0.7.4-py3-none-any.whl (21 kB)
2025-08-20T19:32:51.4940061Z Using cached prompt_toolkit-3.0.51-py3-none-any.whl (387 kB)
2025-08-20T19:32:51.4954067Z Using cached psutil-7.0.0-cp36-abi3-manylinux_2_12_x86_64.manylinux2010_x86_64.manylinux_2_17_x86_64.manylinux2014_x86_64.whl (277 kB)
2025-08-20T19:32:51.4966855Z Using cached pydantic_extra_types-2.10.5-py3-none-any.whl (38 kB)
2025-08-20T19:32:51.4977867Z Using cached pydantic_settings-2.10.1-py3-none-any.whl (45 kB)
2025-08-20T19:32:51.4989053Z Using cached pygments-2.19.2-py3-none-any.whl (1.2 MB)
2025-08-20T19:32:51.5010415Z Using cached pytz-2025.2-py2.py3-none-any.whl (509 kB)
2025-08-20T19:32:51.5026306Z Using cached rich_toolkit-0.15.0-py3-none-any.whl (29 kB)
2025-08-20T19:32:51.5037378Z Using cached rich-14.1.0-py3-none-any.whl (243 kB)
2025-08-20T19:32:51.5049867Z Using cached markdown_it_py-4.0.0-py3-none-any.whl (87 kB)
2025-08-20T19:32:51.5061202Z Using cached mdurl-0.1.2-py3-none-any.whl (10.0 kB)
2025-08-20T19:32:51.5072306Z Using cached rignore-0.6.4-cp312-cp312-manylinux_2_17_x86_64.manylinux2014_x86_64.whl (949 kB)
2025-08-20T19:32:51.5089792Z Using cached sentry_sdk-2.35.0-py2.py3-none-any.whl (363 kB)
2025-08-20T19:32:51.5103062Z Using cached six-1.17.0-py2.py3-none-any.whl (11 kB)
2025-08-20T19:32:51.5113836Z Using cached sniffio-1.3.1-py3-none-any.whl (10 kB)
2025-08-20T19:32:51.5124887Z Using cached typer-0.16.1-py3-none-any.whl (46 kB)
2025-08-20T19:32:51.5135990Z Using cached shellingham-1.5.4-py2.py3-none-any.whl (9.8 kB)
2025-08-20T19:32:51.5146731Z Using cached typing_inspect-0.9.0-py3-none-any.whl (8.8 kB)
2025-08-20T19:32:51.5157643Z Using cached typing_inspection-0.4.1-py3-none-any.whl (14 kB)
2025-08-20T19:32:51.5168743Z Using cached tzdata-2025.2-py2.py3-none-any.whl (347 kB)
2025-08-20T19:32:51.5182502Z Using cached tzlocal-5.3.1-py3-none-any.whl (18 kB)
2025-08-20T19:32:51.5193677Z Using cached ujson-5.11.0-cp312-cp312-manylinux_2_24_x86_64.manylinux_2_28_x86_64.whl (57 kB)
2025-08-20T19:32:51.5204627Z Using cached uvicorn-0.35.0-py3-none-any.whl (66 kB)
2025-08-20T19:32:51.5216736Z Using cached httptools-0.6.4-cp312-cp312-manylinux_2_5_x86_64.manylinux1_x86_64.manylinux_2_17_x86_64.manylinux2014_x86_64.whl (510 kB)
2025-08-20T19:32:51.5231165Z Using cached uvloop-0.21.0-cp312-cp312-manylinux_2_17_x86_64.manylinux2014_x86_64.whl (4.7 MB)
2025-08-20T19:32:51.5277678Z Using cached watchfiles-1.1.0-cp312-cp312-manylinux_2_17_x86_64.manylinux2014_x86_64.whl (452 kB)
2025-08-20T19:32:51.5291976Z Using cached websockets-15.0.1-cp312-cp312-manylinux_2_5_x86_64.manylinux1_x86_64.manylinux_2_17_x86_64.manylinux2014_x86_64.whl (182 kB)
2025-08-20T19:32:51.5303691Z Using cached yapf-0.43.0-py3-none-any.whl (256 kB)
2025-08-20T19:32:51.5317754Z Using cached argon2_cffi-25.1.0-py3-none-any.whl (14 kB)
2025-08-20T19:32:51.5329964Z Using cached argon2_cffi_bindings-25.1.0-cp39-abi3-manylinux_2_26_x86_64.manylinux_2_28_x86_64.whl (87 kB)
2025-08-20T19:32:51.5342041Z Using cached cffi-1.17.1-cp312-cp312-manylinux_2_17_x86_64.manylinux2014_x86_64.whl (479 kB)
2025-08-20T19:32:51.5356770Z Using cached docker-7.1.0-py3-none-any.whl (147 kB)
2025-08-20T19:32:51.5368929Z Using cached et_xmlfile-2.0.0-py3-none-any.whl (18 kB)
2025-08-20T19:32:51.5380133Z Using cached mako-1.3.10-py3-none-any.whl (78 kB)
2025-08-20T19:32:51.5391863Z Using cached pycparser-2.22-py3-none-any.whl (117 kB)
2025-08-20T19:32:51.5404720Z Using cached pycryptodome-3.23.0-cp37-abi3-manylinux_2_17_x86_64.manylinux2014_x86_64.whl (2.3 MB)
2025-08-20T19:32:51.5432116Z Using cached toml-0.10.2-py2.py3-none-any.whl (16 kB)
2025-08-20T19:32:51.5443363Z Using cached typeguard-4.4.4-py3-none-any.whl (34 kB)
2025-08-20T19:32:51.5454802Z Using cached watchdog-6.0.0-py3-none-manylinux2014_x86_64.whl (79 kB)
2025-08-20T19:32:51.5466714Z Using cached wcwidth-0.2.13-py2.py3-none-any.whl (34 kB)
2025-08-20T19:32:52.0357931Z Installing collected packages: wcwidth, pytz, wrapt, websockets, watchdog, vine, uvloop, urllib3, ujson, tzlocal, tzdata, typing-extensions, tomli_w, tomli, toml, structlog, sniffio, six, shellingham, setuptools, ruff, rignore, redis, PyYAML, python-multipart, python-dotenv, pygments, pycryptodome, pycparser, psycopg2-binary, psycopg-binary, psutil, prompt-toolkit, port-for, pluggy, platformdirs, pathspec, packaging, orjson, numpy, nr-stream, nr-date, mypy-extensions, multimethod, mdurl, MarkupSafe, jmespath, itsdangerous, iniconfig, imapclient, idna, httptools, h11, greenlet, et-xmlfile, docstring-parser, dnspython, coverage, click, charset_normalizer, certifi, billiard, asyncpg, annotated-types, yapf, vulture, uvicorn, typing-inspection, typing-inspect, types-requests, typeguard, typeapi, sqlalchemy, sentry-sdk, requests, python-dateutil, pytest, pydantic-core, psycopg, openpyxl, mypy, mirakuru, markdown-it-py, Mako, Jinja2, httpcore, email-validator, Deprecated, click-repl, click-plugins, click-didyoumean, cffi, black, apscheduler, anyio, amqp, watchfiles, starlette, rich, pytest-postgresql, pytest-cov, pytest-asyncio, pydantic, pandas, nr-util, kombu, httpx, docker, databind, botocore, argon2-cffi-bindings, alembic, typer, testcontainers, s3transfer, rich-toolkit, respx, python-telegram-bot, pydantic-settings, pydantic-extra-types, pandera, fastapi, databind.json, databind.core, celery, asgi-correlation-id, argon2-cffi, minio, fastapi-limiter, fastapi-cloud-cli, fastapi-cli, docspec, boto3, docspec-python, pydoc-markdown
2025-08-20T19:33:11.9129936Z 
2025-08-20T19:33:11.9255906Z Successfully installed Deprecated-1.2.18 Jinja2-3.1.6 Mako-1.3.10 MarkupSafe-3.0.2 PyYAML-6.0.2 alembic-1.13.1 amqp-5.3.1 annotated-types-0.7.0 anyio-4.10.0 apscheduler-3.10.4 argon2-cffi-25.1.0 argon2-cffi-bindings-25.1.0 asgi-correlation-id-4.3.1 asyncpg-0.30.0 billiard-4.2.1 black-25.1.0 boto3-1.40.14 botocore-1.40.14 celery-5.5.3 certifi-2025.8.3 cffi-1.17.1 charset_normalizer-3.4.3 click-8.2.1 click-didyoumean-0.3.1 click-plugins-1.1.1.2 click-repl-0.3.0 coverage-7.10.4 databind-4.5.2 databind.core-4.5.2 databind.json-4.5.2 dnspython-2.7.0 docker-7.1.0 docspec-2.2.1 docspec-python-2.2.2 docstring-parser-0.11 email-validator-2.2.0 et-xmlfile-2.0.0 fastapi-0.116.1 fastapi-cli-0.0.8 fastapi-cloud-cli-0.1.5 fastapi-limiter-0.1.6 greenlet-3.2.4 h11-0.16.0 httpcore-1.0.9 httptools-0.6.4 httpx-0.28.1 idna-3.10 imapclient-3.0.1 iniconfig-2.1.0 itsdangerous-2.2.0 jmespath-1.0.1 kombu-5.5.4 markdown-it-py-4.0.0 mdurl-0.1.2 minio-7.2.16 mirakuru-2.6.1 multimethod-1.10 mypy-1.17.1 mypy-extensions-1.1.0 nr-date-2.1.0 nr-stream-1.1.5 nr-util-0.8.12 numpy-1.26.4 openpyxl-3.1.5 orjson-3.11.2 packaging-25.0 pandas-2.2.3 pandera-0.19.3 pathspec-0.12.1 platformdirs-4.3.8 pluggy-1.6.0 port-for-0.7.4 prompt-toolkit-3.0.51 psutil-7.0.0 psycopg-3.2.9 psycopg-binary-3.2.9 psycopg2-binary-2.9.10 pycparser-2.22 pycryptodome-3.23.0 pydantic-2.11.7 pydantic-core-2.33.2 pydantic-extra-types-2.10.5 pydantic-settings-2.10.1 pydoc-markdown-4.8.2 pygments-2.19.2 pytest-8.4.1 pytest-asyncio-0.23.6 pytest-cov-6.2.1 pytest-postgresql-7.0.2 python-dateutil-2.9.0.post0 python-dotenv-1.1.1 python-multipart-0.0.20 python-telegram-bot-22.3 pytz-2025.2 redis-6.4.0 requests-2.32.4 respx-0.22.0 rich-14.1.0 rich-toolkit-0.15.0 rignore-0.6.4 ruff-0.9.9 s3transfer-0.13.1 sentry-sdk-2.35.0 setuptools-80.9.0 shellingham-1.5.4 six-1.17.0 sniffio-1.3.1 sqlalchemy-2.0.43 starlette-0.47.2 structlog-24.1.0 testcontainers-4.10.0 toml-0.10.2 tomli-2.2.1 tomli_w-1.2.0 typeapi-2.2.4 typeguard-4.4.4 typer-0.16.1 types-requests-2.32.4.20250809 typing-extensions-4.14.1 typing-inspect-0.9.0 typing-inspection-0.4.1 tzdata-2025.2 tzlocal-5.3.1 ujson-5.11.0 urllib3-2.5.0 uvicorn-0.35.0 uvloop-0.21.0 vine-5.1.0 vulture-2.10 watchdog-6.0.0 watchfiles-1.1.0 wcwidth-0.2.13 websockets-15.0.1 wrapt-1.17.3 yapf-0.43.0
2025-08-20T19:33:13.8848208Z Collecting keepa==1.3.15
2025-08-20T19:33:13.8863012Z   Using cached keepa-1.3.15-py3-none-any.whl.metadata (11 kB)
2025-08-20T19:33:13.9170080Z Collecting minio==7.1.15
2025-08-20T19:33:13.9183205Z   Using cached minio-7.1.15-py3-none-any.whl.metadata (4.2 kB)
2025-08-20T19:33:13.9211229Z Requirement already satisfied: numpy>=1.9.3 in /opt/hostedtoolcache/Python/3.12.11/x64/lib/python3.12/site-packages (from keepa==1.3.15) (1.26.4)
2025-08-20T19:33:13.9216723Z Requirement already satisfied: requests>=2.2 in /opt/hostedtoolcache/Python/3.12.11/x64/lib/python3.12/site-packages (from keepa==1.3.15) (2.32.4)
2025-08-20T19:33:13.9573260Z Collecting tqdm (from keepa==1.3.15)
2025-08-20T19:33:13.9587264Z   Using cached tqdm-4.67.1-py3-none-any.whl.metadata (57 kB)
2025-08-20T19:33:14.4485403Z Collecting aiohttp (from keepa==1.3.15)
2025-08-20T19:33:14.4500575Z   Using cached aiohttp-3.12.15-cp312-cp312-manylinux_2_17_x86_64.manylinux2014_x86_64.whl.metadata (7.7 kB)
2025-08-20T19:33:14.4537824Z Requirement already satisfied: pandas<=3.0 in /opt/hostedtoolcache/Python/3.12.11/x64/lib/python3.12/site-packages (from keepa==1.3.15) (2.2.3)
2025-08-20T19:33:14.4541654Z Requirement already satisfied: pydantic in /opt/hostedtoolcache/Python/3.12.11/x64/lib/python3.12/site-packages (from keepa==1.3.15) (2.11.7)
2025-08-20T19:33:14.4549346Z Requirement already satisfied: certifi in /opt/hostedtoolcache/Python/3.12.11/x64/lib/python3.12/site-packages (from minio==7.1.15) (2025.8.3)
2025-08-20T19:33:14.4552682Z Requirement already satisfied: urllib3 in /opt/hostedtoolcache/Python/3.12.11/x64/lib/python3.12/site-packages (from minio==7.1.15) (2.5.0)
2025-08-20T19:33:14.4613209Z Requirement already satisfied: python-dateutil>=2.8.2 in /opt/hostedtoolcache/Python/3.12.11/x64/lib/python3.12/site-packages (from pandas<=3.0->keepa==1.3.15) (2.9.0.post0)
2025-08-20T19:33:14.4619216Z Requirement already satisfied: pytz>=2020.1 in /opt/hostedtoolcache/Python/3.12.11/x64/lib/python3.12/site-packages (from pandas<=3.0->keepa==1.3.15) (2025.2)
2025-08-20T19:33:14.4623918Z Requirement already satisfied: tzdata>=2022.7 in /opt/hostedtoolcache/Python/3.12.11/x64/lib/python3.12/site-packages (from pandas<=3.0->keepa==1.3.15) (2025.2)
2025-08-20T19:33:14.4751917Z Requirement already satisfied: six>=1.5 in /opt/hostedtoolcache/Python/3.12.11/x64/lib/python3.12/site-packages (from python-dateutil>=2.8.2->pandas<=3.0->keepa==1.3.15) (1.17.0)
2025-08-20T19:33:14.4771709Z Requirement already satisfied: charset_normalizer<4,>=2 in /opt/hostedtoolcache/Python/3.12.11/x64/lib/python3.12/site-packages (from requests>=2.2->keepa==1.3.15) (3.4.3)
2025-08-20T19:33:14.4778340Z Requirement already satisfied: idna<4,>=2.5 in /opt/hostedtoolcache/Python/3.12.11/x64/lib/python3.12/site-packages (from requests>=2.2->keepa==1.3.15) (3.10)
2025-08-20T19:33:14.5020715Z Collecting aiohappyeyeballs>=2.5.0 (from aiohttp->keepa==1.3.15)
2025-08-20T19:33:14.5035447Z   Using cached aiohappyeyeballs-2.6.1-py3-none-any.whl.metadata (5.9 kB)
2025-08-20T19:33:14.5185157Z Collecting aiosignal>=1.4.0 (from aiohttp->keepa==1.3.15)
2025-08-20T19:33:14.5197343Z   Using cached aiosignal-1.4.0-py3-none-any.whl.metadata (3.7 kB)
2025-08-20T19:33:14.5388146Z Collecting attrs>=17.3.0 (from aiohttp->keepa==1.3.15)
2025-08-20T19:33:14.5401983Z   Using cached attrs-25.3.0-py3-none-any.whl.metadata (10 kB)
2025-08-20T19:33:14.6130023Z Collecting frozenlist>=1.1.1 (from aiohttp->keepa==1.3.15)
2025-08-20T19:33:14.6145461Z   Using cached frozenlist-1.7.0-cp312-cp312-manylinux_2_5_x86_64.manylinux1_x86_64.manylinux_2_17_x86_64.manylinux2014_x86_64.whl.metadata (18 kB)
2025-08-20T19:33:14.8777188Z Collecting multidict<7.0,>=4.5 (from aiohttp->keepa==1.3.15)
2025-08-20T19:33:14.8793313Z   Using cached multidict-6.6.4-cp312-cp312-manylinux2014_x86_64.manylinux_2_17_x86_64.manylinux_2_28_x86_64.whl.metadata (5.3 kB)
2025-08-20T19:33:14.9260006Z Collecting propcache>=0.2.0 (from aiohttp->keepa==1.3.15)
2025-08-20T19:33:14.9274724Z   Using cached propcache-0.3.2-cp312-cp312-manylinux_2_17_x86_64.manylinux2014_x86_64.whl.metadata (12 kB)
2025-08-20T19:33:15.1686668Z Collecting yarl<2.0,>=1.17.0 (from aiohttp->keepa==1.3.15)
2025-08-20T19:33:15.1700809Z   Using cached yarl-1.20.1-cp312-cp312-manylinux_2_17_x86_64.manylinux2014_x86_64.whl.metadata (73 kB)
2025-08-20T19:33:15.1921799Z Requirement already satisfied: typing-extensions>=4.2 in /opt/hostedtoolcache/Python/3.12.11/x64/lib/python3.12/site-packages (from aiosignal>=1.4.0->aiohttp->keepa==1.3.15) (4.14.1)
2025-08-20T19:33:15.1972222Z Requirement already satisfied: annotated-types>=0.6.0 in /opt/hostedtoolcache/Python/3.12.11/x64/lib/python3.12/site-packages (from pydantic->keepa==1.3.15) (0.7.0)
2025-08-20T19:33:15.1979402Z Requirement already satisfied: pydantic-core==2.33.2 in /opt/hostedtoolcache/Python/3.12.11/x64/lib/python3.12/site-packages (from pydantic->keepa==1.3.15) (2.33.2)
2025-08-20T19:33:15.1987422Z Requirement already satisfied: typing-inspection>=0.4.0 in /opt/hostedtoolcache/Python/3.12.11/x64/lib/python3.12/site-packages (from pydantic->keepa==1.3.15) (0.4.1)
2025-08-20T19:33:15.2050216Z Using cached keepa-1.3.15-py3-none-any.whl (38 kB)
2025-08-20T19:33:15.2063227Z Using cached minio-7.1.15-py3-none-any.whl (77 kB)
2025-08-20T19:33:15.2075737Z Using cached aiohttp-3.12.15-cp312-cp312-manylinux_2_17_x86_64.manylinux2014_x86_64.whl (1.7 MB)
2025-08-20T19:33:15.2099862Z Using cached multidict-6.6.4-cp312-cp312-manylinux2014_x86_64.manylinux_2_17_x86_64.manylinux_2_28_x86_64.whl (256 kB)
2025-08-20T19:33:15.2112720Z Using cached yarl-1.20.1-cp312-cp312-manylinux_2_17_x86_64.manylinux2014_x86_64.whl (355 kB)
2025-08-20T19:33:15.2126514Z Using cached aiohappyeyeballs-2.6.1-py3-none-any.whl (15 kB)
2025-08-20T19:33:15.2137871Z Using cached aiosignal-1.4.0-py3-none-any.whl (7.5 kB)
2025-08-20T19:33:15.2148897Z Using cached attrs-25.3.0-py3-none-any.whl (63 kB)
2025-08-20T19:33:15.2161062Z Using cached frozenlist-1.7.0-cp312-cp312-manylinux_2_5_x86_64.manylinux1_x86_64.manylinux_2_17_x86_64.manylinux2014_x86_64.whl (241 kB)
2025-08-20T19:33:15.2173763Z Using cached propcache-0.3.2-cp312-cp312-manylinux_2_17_x86_64.manylinux2014_x86_64.whl (224 kB)
2025-08-20T19:33:15.2186428Z Using cached tqdm-4.67.1-py3-none-any.whl (78 kB)
2025-08-20T19:33:15.4013580Z Installing collected packages: tqdm, propcache, multidict, minio, frozenlist, attrs, aiohappyeyeballs, yarl, aiosignal, aiohttp, keepa
2025-08-20T19:33:15.4763292Z   Attempting uninstall: minio
2025-08-20T19:33:15.4813881Z     Found existing installation: minio 7.2.16
2025-08-20T19:33:15.4853617Z     Uninstalling minio-7.2.16:
2025-08-20T19:33:15.4864481Z       Successfully uninstalled minio-7.2.16
2025-08-20T19:33:15.8721770Z 
2025-08-20T19:33:15.8840088Z Successfully installed aiohappyeyeballs-2.6.1 aiohttp-3.12.15 aiosignal-1.4.0 attrs-25.3.0 frozenlist-1.7.0 keepa-1.3.15 minio-7.1.15 multidict-6.6.4 propcache-0.3.2 tqdm-4.67.1 yarl-1.20.1
2025-08-20T19:33:16.0930411Z ##[group]Run ruff check .
2025-08-20T19:33:16.0930707Z [36;1mruff check .[0m
2025-08-20T19:33:16.0930944Z [36;1mruff format --check .[0m
2025-08-20T19:33:16.0931179Z [36;1mvulture[0m
2025-08-20T19:33:16.0972748Z shell: /usr/bin/bash -e {0}
2025-08-20T19:33:16.0972997Z env:
2025-08-20T19:33:16.0973209Z   REDIS_URL: redis://localhost:6379/0
2025-08-20T19:33:16.0973483Z   RATE_LIMIT_DEFAULT: 100/minute
2025-08-20T19:33:16.0973718Z   TRUST_X_FORWARDED: 1
2025-08-20T19:33:16.0973923Z   PG_USER: postgres
2025-08-20T19:33:16.0974315Z   PG_PASSWORD: pass
2025-08-20T19:33:16.0974529Z   PG_DATABASE: awa
2025-08-20T19:33:16.0974720Z   PG_HOST: localhost
2025-08-20T19:33:16.0974924Z   PG_PORT: 5432
2025-08-20T19:33:16.0975603Z   PG_SYNC_DSN: ***localhost:5432/awa
2025-08-20T19:33:16.0976009Z   PG_ASYNC_DSN: ***localhost:5432/awa
2025-08-20T19:33:16.0976400Z   DATABASE_URL: ***localhost:5432/awa
2025-08-20T19:33:16.0976645Z   DATA_DIR: /tmp/awa-data
2025-08-20T19:33:16.0976907Z   ENABLE_LIVE: 0
2025-08-20T19:33:16.0977095Z   TESTING: 1
2025-08-20T19:33:16.0977349Z   pythonLocation: /opt/hostedtoolcache/Python/3.12.11/x64
2025-08-20T19:33:16.0977767Z   PKG_CONFIG_PATH: /opt/hostedtoolcache/Python/3.12.11/x64/lib/pkgconfig
2025-08-20T19:33:16.0978165Z   Python_ROOT_DIR: /opt/hostedtoolcache/Python/3.12.11/x64
2025-08-20T19:33:16.0978519Z   Python2_ROOT_DIR: /opt/hostedtoolcache/Python/3.12.11/x64
2025-08-20T19:33:16.0979069Z   Python3_ROOT_DIR: /opt/hostedtoolcache/Python/3.12.11/x64
2025-08-20T19:33:16.0979458Z   LD_LIBRARY_PATH: /opt/hostedtoolcache/Python/3.12.11/x64/lib
2025-08-20T19:33:16.0979759Z ##[endgroup]
2025-08-20T19:33:16.1282219Z All checks passed!
2025-08-20T19:33:16.1523523Z 254 files already formatted
2025-08-20T19:33:16.2101190Z ##[group]Run for i in {1..30}; do pg_isready -h "$PG_HOST" -p "$PG_PORT" -U "$PG_USER" -d "$PG_DATABASE" && break; sleep 1; done
2025-08-20T19:33:16.2101880Z [36;1mfor i in {1..30}; do pg_isready -h "$PG_HOST" -p "$PG_PORT" -U "$PG_USER" -d "$PG_DATABASE" && break; sleep 1; done[0m
2025-08-20T19:33:16.2143364Z shell: /usr/bin/bash -e {0}
2025-08-20T19:33:16.2143632Z env:
2025-08-20T19:33:16.2143833Z   REDIS_URL: redis://localhost:6379/0
2025-08-20T19:33:16.2144270Z   RATE_LIMIT_DEFAULT: 100/minute
2025-08-20T19:33:16.2144572Z   TRUST_X_FORWARDED: 1
2025-08-20T19:33:16.2144772Z   PG_USER: postgres
2025-08-20T19:33:16.2144967Z   PG_PASSWORD: pass
2025-08-20T19:33:16.2145149Z   PG_DATABASE: awa
2025-08-20T19:33:16.2145326Z   PG_HOST: localhost
2025-08-20T19:33:16.2145521Z   PG_PORT: 5432
2025-08-20T19:33:16.2145988Z   PG_SYNC_DSN: ***localhost:5432/awa
2025-08-20T19:33:16.2146408Z   PG_ASYNC_DSN: ***localhost:5432/awa
2025-08-20T19:33:16.2146832Z   DATABASE_URL: ***localhost:5432/awa
2025-08-20T19:33:16.2147076Z   DATA_DIR: /tmp/awa-data
2025-08-20T19:33:16.2147283Z   ENABLE_LIVE: 0
2025-08-20T19:33:16.2147459Z   TESTING: 1
2025-08-20T19:33:16.2147691Z   pythonLocation: /opt/hostedtoolcache/Python/3.12.11/x64
2025-08-20T19:33:16.2148103Z   PKG_CONFIG_PATH: /opt/hostedtoolcache/Python/3.12.11/x64/lib/pkgconfig
2025-08-20T19:33:16.2148509Z   Python_ROOT_DIR: /opt/hostedtoolcache/Python/3.12.11/x64
2025-08-20T19:33:16.2148864Z   Python2_ROOT_DIR: /opt/hostedtoolcache/Python/3.12.11/x64
2025-08-20T19:33:16.2149217Z   Python3_ROOT_DIR: /opt/hostedtoolcache/Python/3.12.11/x64
2025-08-20T19:33:16.2149571Z   LD_LIBRARY_PATH: /opt/hostedtoolcache/Python/3.12.11/x64/lib
2025-08-20T19:33:16.2149866Z ##[endgroup]
2025-08-20T19:33:16.3758590Z localhost:5432 - accepting connections
2025-08-20T19:33:16.3799707Z ##[group]Run psql -h "$PG_HOST" -p "$PG_PORT" -U "$PG_USER" -d "$PG_DATABASE" -c "SELECT 1"
2025-08-20T19:33:16.3800256Z [36;1mpsql -h "$PG_HOST" -p "$PG_PORT" -U "$PG_USER" -d "$PG_DATABASE" -c "SELECT 1"[0m
2025-08-20T19:33:16.3842020Z shell: /usr/bin/bash -e {0}
2025-08-20T19:33:16.3842247Z env:
2025-08-20T19:33:16.3842466Z   REDIS_URL: redis://localhost:6379/0
2025-08-20T19:33:16.3842725Z   RATE_LIMIT_DEFAULT: 100/minute
2025-08-20T19:33:16.3842944Z   TRUST_X_FORWARDED: 1
2025-08-20T19:33:16.3843150Z   PG_USER: postgres
2025-08-20T19:33:16.3843339Z   PG_PASSWORD: pass
2025-08-20T19:33:16.3843512Z   PG_DATABASE: awa
2025-08-20T19:33:16.3843695Z   PG_HOST: localhost
2025-08-20T19:33:16.3843880Z   PG_PORT: 5432
2025-08-20T19:33:16.3844526Z   PG_SYNC_DSN: ***localhost:5432/awa
2025-08-20T19:33:16.3844915Z   PG_ASYNC_DSN: ***localhost:5432/awa
2025-08-20T19:33:16.3845289Z   DATABASE_URL: ***localhost:5432/awa
2025-08-20T19:33:16.3845520Z   DATA_DIR: /tmp/awa-data
2025-08-20T19:33:16.3846029Z   ENABLE_LIVE: 0
2025-08-20T19:33:16.3846292Z   TESTING: 1
2025-08-20T19:33:16.3846686Z   pythonLocation: /opt/hostedtoolcache/Python/3.12.11/x64
2025-08-20T19:33:16.3847221Z   PKG_CONFIG_PATH: /opt/hostedtoolcache/Python/3.12.11/x64/lib/pkgconfig
2025-08-20T19:33:16.3847890Z   Python_ROOT_DIR: /opt/hostedtoolcache/Python/3.12.11/x64
2025-08-20T19:33:16.3848369Z   Python2_ROOT_DIR: /opt/hostedtoolcache/Python/3.12.11/x64
2025-08-20T19:33:16.3848833Z   Python3_ROOT_DIR: /opt/hostedtoolcache/Python/3.12.11/x64
2025-08-20T19:33:16.3849240Z   LD_LIBRARY_PATH: /opt/hostedtoolcache/Python/3.12.11/x64/lib
2025-08-20T19:33:16.3849669Z   PGPASSWORD: pass
2025-08-20T19:33:16.3850001Z ##[endgroup]
2025-08-20T19:33:16.5818854Z  ?column? 
2025-08-20T19:33:16.5819537Z ----------
2025-08-20T19:33:16.5820045Z         1
2025-08-20T19:33:16.5820350Z (1 row)
2025-08-20T19:33:16.5820516Z 
2025-08-20T19:33:16.5859957Z ##[group]Run alembic -c services/api/alembic.ini upgrade head
2025-08-20T19:33:16.5860446Z [36;1malembic -c services/api/alembic.ini upgrade head[0m
2025-08-20T19:33:16.5901450Z shell: /usr/bin/bash -e {0}
2025-08-20T19:33:16.5901680Z env:
2025-08-20T19:33:16.5901877Z   REDIS_URL: redis://localhost:6379/0
2025-08-20T19:33:16.5902153Z   RATE_LIMIT_DEFAULT: 100/minute
2025-08-20T19:33:16.5902371Z   TRUST_X_FORWARDED: 1
2025-08-20T19:33:16.5902558Z   PG_USER: postgres
2025-08-20T19:33:16.5902747Z   PG_PASSWORD: pass
2025-08-20T19:33:16.5902928Z   PG_DATABASE: awa
2025-08-20T19:33:16.5903101Z   PG_HOST: localhost
2025-08-20T19:33:16.5903280Z   PG_PORT: 5432
2025-08-20T19:33:16.5903922Z   PG_SYNC_DSN: ***localhost:5432/awa
2025-08-20T19:33:16.5904682Z   PG_ASYNC_DSN: ***localhost:5432/awa
2025-08-20T19:33:16.5905140Z   DATABASE_URL: ***localhost:5432/awa
2025-08-20T19:33:16.5905369Z   DATA_DIR: /tmp/awa-data
2025-08-20T19:33:16.5905565Z   ENABLE_LIVE: 0
2025-08-20T19:33:16.5905777Z   TESTING: 1
2025-08-20T19:33:16.5906004Z   pythonLocation: /opt/hostedtoolcache/Python/3.12.11/x64
2025-08-20T19:33:16.5906394Z   PKG_CONFIG_PATH: /opt/hostedtoolcache/Python/3.12.11/x64/lib/pkgconfig
2025-08-20T19:33:16.5906772Z   Python_ROOT_DIR: /opt/hostedtoolcache/Python/3.12.11/x64
2025-08-20T19:33:16.5907161Z   Python2_ROOT_DIR: /opt/hostedtoolcache/Python/3.12.11/x64
2025-08-20T19:33:16.5907514Z   Python3_ROOT_DIR: /opt/hostedtoolcache/Python/3.12.11/x64
2025-08-20T19:33:16.5907862Z   LD_LIBRARY_PATH: /opt/hostedtoolcache/Python/3.12.11/x64/lib
2025-08-20T19:33:16.5908153Z ##[endgroup]
2025-08-20T19:33:17.5921707Z INFO  [alembic.runtime.migration] Context impl PostgresqlImpl.
2025-08-20T19:33:17.5922541Z INFO  [alembic.runtime.migration] Will assume transactional DDL.
2025-08-20T19:33:17.6107540Z INFO  [alembic.runtime.migration] Running upgrade  -> 0001_baseline
2025-08-20T19:33:17.6269710Z INFO  [alembic.runtime.migration] Running upgrade 0001_baseline -> 0002_create_roi_view
2025-08-20T19:33:17.6298717Z INFO  [alembic.runtime.migration] Running upgrade 0002_create_roi_view -> 3e9d5c5aff2c
2025-08-20T19:33:17.6501733Z INFO  [alembic.runtime.migration] Running upgrade 3e9d5c5aff2c -> 0003_vendor_prices
2025-08-20T19:33:17.6679679Z INFO  [alembic.runtime.migration] Running upgrade 0003_vendor_prices -> 0004_fee_cron
2025-08-20T19:33:17.6756684Z INFO  [alembic.runtime.migration] Running upgrade 0004_fee_cron -> 0006_fix_roi_views
2025-08-20T19:33:17.6788145Z INFO  [alembic.runtime.migration] Running upgrade 0006_fix_roi_views -> 0020_unified_schema
2025-08-20T19:33:17.6909995Z INFO  [alembic.runtime.migration] Running upgrade 0020_unified_schema -> 0022_fix_roi_view
2025-08-20T19:33:17.6989823Z INFO  [alembic.runtime.migration] Running upgrade 0022_fix_roi_view -> 0023_add_storage_fee
2025-08-20T19:33:17.7031540Z INFO  [alembic.runtime.migration] Running upgrade 0023_add_storage_fee -> 0024_create_buybox
2025-08-20T19:33:17.7056612Z INFO  [alembic.runtime.migration] Running upgrade 0024_create_buybox -> 0025_pr4_indexes_loadlog
2025-08-20T19:33:17.7284810Z INFO  [alembic.runtime.migration] Running upgrade 0025_pr4_indexes_loadlog -> 0026_amazon_new_reports
2025-08-20T19:33:17.8413007Z ##[group]Run python -m mypy services || true
2025-08-20T19:33:17.8413348Z [36;1mpython -m mypy services || true[0m
2025-08-20T19:33:17.8455393Z shell: /usr/bin/bash -e {0}
2025-08-20T19:33:17.8455803Z env:
2025-08-20T19:33:17.8456013Z   REDIS_URL: redis://localhost:6379/0
2025-08-20T19:33:17.8456271Z   RATE_LIMIT_DEFAULT: 100/minute
2025-08-20T19:33:17.8456488Z   TRUST_X_FORWARDED: 1
2025-08-20T19:33:17.8456689Z   PG_USER: postgres
2025-08-20T19:33:17.8456878Z   PG_PASSWORD: pass
2025-08-20T19:33:17.8457045Z   PG_DATABASE: awa
2025-08-20T19:33:17.8457221Z   PG_HOST: localhost
2025-08-20T19:33:17.8457404Z   PG_PORT: 5432
2025-08-20T19:33:17.8457910Z   PG_SYNC_DSN: ***localhost:5432/awa
2025-08-20T19:33:17.8458358Z   PG_ASYNC_DSN: ***localhost:5432/awa
2025-08-20T19:33:17.8458745Z   DATABASE_URL: ***localhost:5432/awa
2025-08-20T19:33:17.8458981Z   DATA_DIR: /tmp/awa-data
2025-08-20T19:33:17.8459182Z   ENABLE_LIVE: 0
2025-08-20T19:33:17.8459363Z   TESTING: 1
2025-08-20T19:33:17.8459628Z   pythonLocation: /opt/hostedtoolcache/Python/3.12.11/x64
2025-08-20T19:33:17.8460020Z   PKG_CONFIG_PATH: /opt/hostedtoolcache/Python/3.12.11/x64/lib/pkgconfig
2025-08-20T19:33:17.8460435Z   Python_ROOT_DIR: /opt/hostedtoolcache/Python/3.12.11/x64
2025-08-20T19:33:17.8460796Z   Python2_ROOT_DIR: /opt/hostedtoolcache/Python/3.12.11/x64
2025-08-20T19:33:17.8461156Z   Python3_ROOT_DIR: /opt/hostedtoolcache/Python/3.12.11/x64
2025-08-20T19:33:17.8461501Z   LD_LIBRARY_PATH: /opt/hostedtoolcache/Python/3.12.11/x64/lib
2025-08-20T19:33:17.8461797Z ##[endgroup]
2025-08-20T19:33:50.5212003Z Success: no issues found in 97 source files
2025-08-20T19:33:50.5638100Z ##[group]Run pytest -q --cov=services --cov-report=xml
2025-08-20T19:33:50.5638764Z [36;1mpytest -q --cov=services --cov-report=xml[0m
2025-08-20T19:33:50.5695342Z shell: /usr/bin/bash -e {0}
2025-08-20T19:33:50.5695748Z env:
2025-08-20T19:33:50.5696103Z   REDIS_URL: redis://localhost:6379/0
2025-08-20T19:33:50.5696570Z   RATE_LIMIT_DEFAULT: 100/minute
2025-08-20T19:33:50.5696970Z   TRUST_X_FORWARDED: 1
2025-08-20T19:33:50.5697307Z   PG_USER: postgres
2025-08-20T19:33:50.5697611Z   PG_PASSWORD: pass
2025-08-20T19:33:50.5697821Z   PG_DATABASE: awa
2025-08-20T19:33:50.5698042Z   PG_HOST: localhost
2025-08-20T19:33:50.5698249Z   PG_PORT: 5432
2025-08-20T19:33:50.5698823Z   PG_SYNC_DSN: ***localhost:5432/awa
2025-08-20T19:33:50.5699354Z   PG_ASYNC_DSN: ***localhost:5432/awa
2025-08-20T19:33:50.5700075Z   DATABASE_URL: ***localhost:5432/awa
2025-08-20T19:33:50.5700503Z   DATA_DIR: /tmp/awa-data
2025-08-20T19:33:50.5700734Z   ENABLE_LIVE: 0
2025-08-20T19:33:50.5700925Z   TESTING: 1
2025-08-20T19:33:50.5701228Z   pythonLocation: /opt/hostedtoolcache/Python/3.12.11/x64
2025-08-20T19:33:50.5701640Z   PKG_CONFIG_PATH: /opt/hostedtoolcache/Python/3.12.11/x64/lib/pkgconfig
2025-08-20T19:33:50.5702046Z   Python_ROOT_DIR: /opt/hostedtoolcache/Python/3.12.11/x64
2025-08-20T19:33:50.5702419Z   Python2_ROOT_DIR: /opt/hostedtoolcache/Python/3.12.11/x64
2025-08-20T19:33:50.5702777Z   Python3_ROOT_DIR: /opt/hostedtoolcache/Python/3.12.11/x64
2025-08-20T19:33:50.5703132Z   LD_LIBRARY_PATH: /opt/hostedtoolcache/Python/3.12.11/x64/lib
2025-08-20T19:33:50.5703442Z ##[endgroup]
2025-08-20T19:34:24.1421296Z ........s.............................sssssss........................... [ 41%]
2025-08-20T19:34:56.1789738Z ........................................................................ [ 83%]
2025-08-20T19:34:57.6110171Z .............................                                            [100%]
2025-08-20T19:34:57.6110972Z =============================== warnings summary ===============================
2025-08-20T19:34:57.6111994Z ../../../../../opt/hostedtoolcache/Python/3.12.11/x64/lib/python3.12/site-packages/pydantic/fields.py:1093
2025-08-20T19:34:57.6116175Z   /opt/hostedtoolcache/Python/3.12.11/x64/lib/python3.12/site-packages/pydantic/fields.py:1093: PydanticDeprecatedSince20: Using extra keyword arguments on `Field` is deprecated and will be removed. Use `json_schema_extra` instead. (Extra keys: 'strip_whitespace'). Deprecated in Pydantic V2.0 to be removed in V3.0. See Pydantic V2 Migration Guide at https://errors.pydantic.dev/2.11/migration/
2025-08-20T19:34:57.6119714Z     warn(
2025-08-20T19:34:57.6119930Z 
2025-08-20T19:34:57.6120141Z services/alert_bot/tests/test_smoke.py:5
2025-08-20T19:34:57.6122323Z   /home/runner/work/AWA-App/AWA-App/services/alert_bot/tests/test_smoke.py:5: UserWarning: pkg_resources is deprecated as an API. See https://setuptools.pypa.io/en/latest/pkg_resources.html. The pkg_resources package is slated for removal as early as 2025-11-30. Refrain from using this package or pin to Setuptools<81.
2025-08-20T19:34:57.6123813Z     import pkg_resources  # noqa: F401
2025-08-20T19:34:57.6123998Z 
2025-08-20T19:34:57.6124309Z tests/api/test_ingest_endpoints.py: 12 warnings
2025-08-20T19:34:57.6124631Z tests/ingest/test_tasks_eager.py: 3 warnings
2025-08-20T19:34:57.6124923Z tests/test_api_fast.py: 1 warning
2025-08-20T19:34:57.6125178Z tests/test_health.py: 5 warnings
2025-08-20T19:34:57.6125421Z tests/test_smoke.py: 5 warnings
2025-08-20T19:34:57.6125678Z services/api/tests/test_cors.py: 1 warning
2025-08-20T19:34:57.6125991Z services/api/tests/test_errors_json.py: 2 warnings
2025-08-20T19:34:57.6126324Z services/api/tests/test_health.py: 1 warning
2025-08-20T19:34:57.6126634Z services/api/tests/test_rate_limit.py: 122 warnings
2025-08-20T19:34:57.6126978Z services/api/tests/test_roi_basic_auth.py: 4 warnings
2025-08-20T19:34:57.6127320Z services/api/tests/test_sentry_event.py: 1 warning
2025-08-20T19:34:57.6127661Z services/api/tests/test_stats_contracts.py: 3 warnings
2025-08-20T19:34:57.6128286Z services/api/tests/test_stats_future_contracts.py: 3 warnings
2025-08-20T19:34:57.6129842Z   /opt/hostedtoolcache/Python/3.12.11/x64/lib/python3.12/site-packages/asgi_correlation_id/extensions/sentry.py:27: DeprecationWarning: sentry_sdk.configure_scope is deprecated and will be removed in the next major version. Please consult our migration guide to learn how to migrate to the new API: https://docs.sentry.io/platforms/python/migration/1.x-to-2.x#scope-configuring
2025-08-20T19:34:57.6131368Z     with configure_scope() as scope:
2025-08-20T19:34:57.6131550Z 
2025-08-20T19:34:57.6131667Z tests/api/test_ingest_endpoints.py: 3 warnings
2025-08-20T19:34:57.6131956Z tests/test_api_fast.py: 1 warning
2025-08-20T19:34:57.6132188Z tests/test_health.py: 5 warnings
2025-08-20T19:34:57.6132413Z tests/test_smoke.py: 5 warnings
2025-08-20T19:34:57.6132714Z Sentry is attempting to send 0 pending events
2025-08-20T19:34:57.6132976Z Waiting up to True seconds
2025-08-20T19:34:57.6133190Z Press Ctrl-C to quit
2025-08-20T19:34:57.6133401Z services/api/tests/test_cors.py: 3 warnings
2025-08-20T19:34:57.6133679Z services/api/tests/test_errors_json.py: 2 warnings
2025-08-20T19:34:57.6133974Z services/api/tests/test_health.py: 1 warning
2025-08-20T19:34:57.6134436Z services/api/tests/test_rate_limit.py: 2 warnings
2025-08-20T19:34:57.6134731Z services/api/tests/test_sentry_event.py: 1 warning
2025-08-20T19:34:57.6135044Z services/api/tests/test_stats_contracts.py: 3 warnings
2025-08-20T19:34:57.6135394Z services/api/tests/test_stats_future_contracts.py: 1 warning
2025-08-20T19:34:57.6136237Z   /opt/hostedtoolcache/Python/3.12.11/x64/lib/python3.12/site-packages/fastapi_limiter/__init__.py:89: DeprecationWarning: Call to deprecated close. (Use aclose() instead) -- Deprecated since version 5.0.1.
2025-08-20T19:34:57.6136982Z     await cls.redis.close()
2025-08-20T19:34:57.6137129Z 
2025-08-20T19:34:57.6137275Z tests/test_api_fast.py::test_health_endpoint
2025-08-20T19:34:57.6138241Z   /home/runner/work/AWA-App/AWA-App/tests/test_api_fast.py:13: DeprecationWarning: datetime.datetime.utcnow() is deprecated and scheduled for removal in a future version. Use timezone-aware objects to represent datetimes in UTC: datetime.datetime.now(datetime.UTC).
2025-08-20T19:34:57.6139190Z     return datetime.datetime.utcnow()
2025-08-20T19:34:57.6139354Z 
2025-08-20T19:34:57.6139436Z tests/test_api_fast.py: 1 warning
2025-08-20T19:34:57.6139671Z tests/test_health.py: 5 warnings
2025-08-20T19:34:57.6139895Z tests/test_smoke.py: 5 warnings
2025-08-20T19:34:57.6140122Z services/api/tests/test_cors.py: 1 warning
2025-08-20T19:34:57.6140546Z services/api/tests/test_health.py: 1 warning
2025-08-20T19:34:57.6140831Z services/api/tests/test_rate_limit.py: 102 warnings
2025-08-20T19:34:57.6141865Z   /home/runner/work/AWA-App/AWA-App/services/api/routes/health.py:24: DeprecationWarning: datetime.datetime.utcnow() is deprecated and scheduled for removal in a future version. Use timezone-aware objects to represent datetimes in UTC: datetime.datetime.now(datetime.UTC).
2025-08-20T19:34:57.6142896Z     app_now = datetime.utcnow().replace(tzinfo=timezone.utc)
2025-08-20T19:34:57.6143116Z 
2025-08-20T19:34:57.6143207Z tests/test_health.py::test_health[0]
2025-08-20T19:34:57.6143449Z tests/test_health.py::test_health[1]
2025-08-20T19:34:57.6143683Z tests/test_health.py::test_health[2]
2025-08-20T19:34:57.6144005Z tests/test_health.py::test_health[3]
2025-08-20T19:34:57.6144493Z tests/test_health.py::test_health[4]
2025-08-20T19:34:57.6145460Z   /home/runner/work/AWA-App/AWA-App/tests/test_health.py:22: DeprecationWarning: datetime.datetime.utcnow() is deprecated and scheduled for removal in a future version. Use timezone-aware objects to represent datetimes in UTC: datetime.datetime.now(datetime.UTC).
2025-08-20T19:34:57.6146418Z     return datetime.datetime.utcnow()
2025-08-20T19:34:57.6146589Z 
2025-08-20T19:34:57.6146678Z tests/test_smoke.py::test_health[0]
2025-08-20T19:34:57.6146915Z tests/test_smoke.py::test_health[1]
2025-08-20T19:34:57.6147297Z tests/test_smoke.py::test_health[2]
2025-08-20T19:34:57.6147531Z tests/test_smoke.py::test_health[3]
2025-08-20T19:34:57.6147760Z tests/test_smoke.py::test_health[4]
2025-08-20T19:34:57.6148668Z   /home/runner/work/AWA-App/AWA-App/tests/test_smoke.py:32: DeprecationWarning: datetime.datetime.utcnow() is deprecated and scheduled for removal in a future version. Use timezone-aware objects to represent datetimes in UTC: datetime.datetime.now(datetime.UTC).
2025-08-20T19:34:57.6149602Z     return datetime.datetime.utcnow()
2025-08-20T19:34:57.6149764Z 
2025-08-20T19:34:57.6149923Z services/api/tests/test_cors.py::test_cors_simple_get_allowed
2025-08-20T19:34:57.6150968Z   /home/runner/work/AWA-App/AWA-App/services/api/tests/test_cors.py:27: DeprecationWarning: datetime.datetime.utcnow() is deprecated and scheduled for removal in a future version. Use timezone-aware objects to represent datetimes in UTC: datetime.datetime.now(datetime.UTC).
2025-08-20T19:34:57.6151956Z     return datetime.datetime.utcnow()
2025-08-20T19:34:57.6152121Z 
2025-08-20T19:34:57.6152252Z services/api/tests/test_health.py::test_health_route
2025-08-20T19:34:57.6153268Z   /home/runner/work/AWA-App/AWA-App/services/api/tests/test_health.py:14: DeprecationWarning: datetime.datetime.utcnow() is deprecated and scheduled for removal in a future version. Use timezone-aware objects to represent datetimes in UTC: datetime.datetime.now(datetime.UTC).
2025-08-20T19:34:57.6154470Z     return datetime.datetime.utcnow()
2025-08-20T19:34:57.6154638Z 
2025-08-20T19:34:57.6154752Z services/api/tests/test_rate_limit.py: 102 warnings
2025-08-20T19:34:57.6155778Z   /home/runner/work/AWA-App/AWA-App/services/api/tests/test_rate_limit.py:33: DeprecationWarning: datetime.datetime.utcnow() is deprecated and scheduled for removal in a future version. Use timezone-aware objects to represent datetimes in UTC: datetime.datetime.now(datetime.UTC).
2025-08-20T19:34:57.6156771Z     return datetime.datetime.utcnow()
2025-08-20T19:34:57.6156926Z 
2025-08-20T19:34:57.6157163Z services/api/tests/test_sentry_event.py::test_unhandled_exception_is_captured_and_tagged
2025-08-20T19:34:57.6158490Z   /home/runner/work/AWA-App/AWA-App/services/api/tests/test_sentry_event.py:47: SentryHubDeprecationWarning: `sentry_sdk.Hub` is deprecated and will be removed in a future major release. Please consult our 1.x to 2.x migration guide for details on how to migrate `Hub` usage to the new API: https://docs.sentry.io/platforms/python/migration/1.x-to-2.x
2025-08-20T19:34:57.6159675Z     hub = sentry_sdk.Hub.current
2025-08-20T19:34:57.6159825Z 
2025-08-20T19:34:57.6160162Z -- Docs: https://docs.pytest.org/en/stable/how-to/capture-warnings.html
2025-08-20T19:34:57.6160541Z ================================ tests coverage ================================
2025-08-20T19:34:57.6160916Z _______________ coverage: platform linux, python 3.12.11-final-0 _______________
2025-08-20T19:34:57.6161170Z 
2025-08-20T19:34:57.6161267Z Coverage XML written to file coverage.xml
2025-08-20T19:34:58.2079321Z ##[group]Run actions/upload-artifact@v4
2025-08-20T19:34:58.2079597Z with:
2025-08-20T19:34:58.2079760Z   name: coverage
2025-08-20T19:34:58.2079943Z   path: coverage.xml
2025-08-20T19:34:58.2080144Z   if-no-files-found: warn
2025-08-20T19:34:58.2080348Z   compression-level: 6
2025-08-20T19:34:58.2080538Z   overwrite: false
2025-08-20T19:34:58.2080726Z   include-hidden-files: false
2025-08-20T19:34:58.2080928Z env:
2025-08-20T19:34:58.2081119Z   REDIS_URL: redis://localhost:6379/0
2025-08-20T19:34:58.2081370Z   RATE_LIMIT_DEFAULT: 100/minute
2025-08-20T19:34:58.2081582Z   TRUST_X_FORWARDED: 1
2025-08-20T19:34:58.2081783Z   PG_USER: postgres
2025-08-20T19:34:58.2081964Z   PG_PASSWORD: pass
2025-08-20T19:34:58.2082134Z   PG_DATABASE: awa
2025-08-20T19:34:58.2082308Z   PG_HOST: localhost
2025-08-20T19:34:58.2082488Z   PG_PORT: 5432
2025-08-20T19:34:58.2082912Z   PG_SYNC_DSN: ***localhost:5432/awa
2025-08-20T19:34:58.2083301Z   PG_ASYNC_DSN: ***localhost:5432/awa
2025-08-20T19:34:58.2083702Z   DATABASE_URL: ***localhost:5432/awa
2025-08-20T19:34:58.2083935Z   DATA_DIR: /tmp/awa-data
2025-08-20T19:34:58.2084384Z   ENABLE_LIVE: 0
2025-08-20T19:34:58.2084564Z   TESTING: 1
2025-08-20T19:34:58.2084798Z   pythonLocation: /opt/hostedtoolcache/Python/3.12.11/x64
2025-08-20T19:34:58.2085183Z   PKG_CONFIG_PATH: /opt/hostedtoolcache/Python/3.12.11/x64/lib/pkgconfig
2025-08-20T19:34:58.2085565Z   Python_ROOT_DIR: /opt/hostedtoolcache/Python/3.12.11/x64
2025-08-20T19:34:58.2085909Z   Python2_ROOT_DIR: /opt/hostedtoolcache/Python/3.12.11/x64
2025-08-20T19:34:58.2086252Z   Python3_ROOT_DIR: /opt/hostedtoolcache/Python/3.12.11/x64
2025-08-20T19:34:58.2086599Z   LD_LIBRARY_PATH: /opt/hostedtoolcache/Python/3.12.11/x64/lib
2025-08-20T19:34:58.2086891Z ##[endgroup]
2025-08-20T19:34:58.4336651Z With the provided path, there will be 1 file uploaded
2025-08-20T19:34:58.4341678Z Artifact name is valid!
2025-08-20T19:34:58.4343108Z Root directory input is valid!
2025-08-20T19:34:58.5540657Z Beginning upload of artifact content to blob storage
2025-08-20T19:34:58.6205643Z Uploaded bytes 5325
2025-08-20T19:34:58.6407892Z Finished uploading artifact content to blob storage!
2025-08-20T19:34:58.6411748Z SHA256 digest of uploaded artifact zip is de3046f5d179474e7a5dc8b6cafd346b3e9586dac22cd2d9b986de0e36f6aac0
2025-08-20T19:34:58.6413889Z Finalizing artifact upload
2025-08-20T19:34:58.7476363Z Artifact coverage.zip successfully finalized. Artifact ID 3812485174
2025-08-20T19:34:58.7477507Z Artifact coverage has been successfully uploaded! Final size is 5325 bytes. Artifact ID is 3812485174
2025-08-20T19:34:58.7485171Z Artifact download URL: https://github.com/AlexBomber12/AWA-App/actions/runs/17108400913/artifacts/3812485174
2025-08-20T19:34:58.7610027Z Post job cleanup.
2025-08-20T19:34:58.9211802Z Cache hit occurred on the primary key setup-python-Linux-x64-24.04-Ubuntu-python-3.12.11-pip-cad4f3141a3acebc51100003b786cdd8b1469fbd1e92da4bdcf4b225e9f8de52, not saving cache.
2025-08-20T19:34:58.9315007Z Post job cleanup.
2025-08-20T19:34:59.0313198Z [command]/usr/bin/git version
2025-08-20T19:34:59.0355065Z git version 2.51.0
2025-08-20T19:34:59.0410080Z Temporarily overriding HOME='/home/runner/work/_temp/b8a91db0-32f8-49a9-97cc-fee396607155' before making global git config changes
2025-08-20T19:34:59.0411431Z Adding repository directory to the temporary git global config as a safe directory
2025-08-20T19:34:59.0417068Z [command]/usr/bin/git config --global --add safe.directory /home/runner/work/AWA-App/AWA-App
2025-08-20T19:34:59.0461683Z [command]/usr/bin/git config --local --name-only --get-regexp core\.sshCommand
2025-08-20T19:34:59.0502057Z [command]/usr/bin/git submodule foreach --recursive sh -c "git config --local --name-only --get-regexp 'core\.sshCommand' && git config --local --unset-all 'core.sshCommand' || :"
2025-08-20T19:34:59.0756537Z [command]/usr/bin/git config --local --name-only --get-regexp http\.https\:\/\/github\.com\/\.extraheader
2025-08-20T19:34:59.0782091Z http.https://github.com/.extraheader
2025-08-20T19:34:59.0797251Z [command]/usr/bin/git config --local --unset-all http.https://github.com/.extraheader
2025-08-20T19:34:59.0833395Z [command]/usr/bin/git submodule foreach --recursive sh -c "git config --local --name-only --get-regexp 'http\.https\:\/\/github\.com\/\.extraheader' && git config --local --unset-all 'http.https://github.com/.extraheader' || :"
2025-08-20T19:34:59.1168728Z Print service container logs: 628516eec12a452b8e0d0e0af5d622b6_postgres15_60281a
2025-08-20T19:34:59.1173177Z ##[command]/usr/bin/docker logs --details fbe8d730f999886ceaa924b5f7b70e3715b9b87ad4fae83261194b7a5f5a6591
2025-08-20T19:34:59.1303988Z  The files belonging to this database system will be owned by user "postgres".
2025-08-20T19:34:59.1306814Z  initdb: warning: enabling "trust" authentication for local connections
2025-08-20T19:34:59.1307878Z  initdb: hint: You can change this by editing pg_hba.conf or using the option -A, or --auth-local and --auth-host, the next time you run initdb.
2025-08-20T19:34:59.1308766Z  This user must also own the server process.
2025-08-20T19:34:59.1309181Z  
2025-08-20T19:34:59.1309596Z  The database cluster will be initialized with locale "en_US.utf8".
2025-08-20T19:34:59.1310324Z  The default database encoding has accordingly been set to "UTF8".
2025-08-20T19:34:59.1311009Z  The default text search configuration will be set to "english".
2025-08-20T19:34:59.1311555Z  
2025-08-20T19:34:59.1311834Z  Data page checksums are disabled.
2025-08-20T19:34:59.1312203Z  
2025-08-20T19:34:59.1312652Z  fixing permissions on existing directory /var/lib/postgresql/data ... ok
2025-08-20T19:34:59.1313260Z  creating subdirectories ... ok
2025-08-20T19:34:59.1313735Z  selecting dynamic shared memory implementation ... posix
2025-08-20T19:34:59.1314411Z  selecting default max_connections ... 100
2025-08-20T19:34:59.1314854Z  selecting default shared_buffers ... 128MB
2025-08-20T19:34:59.1315282Z  selecting default time zone ... Etc/UTC
2025-08-20T19:34:59.1315698Z  creating configuration files ... ok
2025-08-20T19:34:59.1316109Z  running bootstrap script ... ok
2025-08-20T19:34:59.1316541Z  performing post-bootstrap initialization ... ok
2025-08-20T19:34:59.1317007Z  syncing data to disk ... ok
2025-08-20T19:34:59.1317340Z  
2025-08-20T19:34:59.1317576Z  
2025-08-20T19:34:59.1317883Z  Success. You can now start the database server using:
2025-08-20T19:34:59.1318299Z  
2025-08-20T19:34:59.1318610Z      pg_ctl -D /var/lib/postgresql/data -l logfile start
2025-08-20T19:34:59.1319010Z  
2025-08-20T19:34:59.1319893Z  waiting for server to start....2025-08-20 19:32:25.631 UTC [48] LOG:  starting PostgreSQL 15.14 (Debian 15.14-1.pgdg13+1) on x86_64-pc-linux-gnu, compiled by gcc (Debian 14.2.0-19) 14.2.0, 64-bit
2025-08-20T19:34:59.1321111Z  2025-08-20 19:32:25.631 UTC [48] LOG:  listening on Unix socket "/var/run/postgresql/.s.PGSQL.5432"
2025-08-20T19:34:59.1322184Z  2025-08-20 19:32:25.992 UTC [1] LOG:  starting PostgreSQL 15.14 (Debian 15.14-1.pgdg13+1) on x86_64-pc-linux-gnu, compiled by gcc (Debian 14.2.0-19) 14.2.0, 64-bit
2025-08-20T19:34:59.1323148Z  2025-08-20 19:32:25.993 UTC [1] LOG:  listening on IPv4 address "0.0.0.0", port 5432
2025-08-20T19:34:59.1323818Z  2025-08-20 19:32:25.993 UTC [1] LOG:  listening on IPv6 address "::", port 5432
2025-08-20T19:34:59.1324673Z  2025-08-20 19:32:25.994 UTC [1] LOG:  listening on Unix socket "/var/run/postgresql/.s.PGSQL.5432"
2025-08-20T19:34:59.1325395Z  2025-08-20 19:32:25.997 UTC [64] LOG:  database system was shut down at 2025-08-20 19:32:25 UTC
2025-08-20T19:34:59.1326090Z  2025-08-20 19:32:26.001 UTC [1] LOG:  database system is ready to accept connections
2025-08-20T19:34:59.1327255Z  2025-08-20 19:32:25.635 UTC [51] LOG:  database system was shut down at 2025-08-20 19:32:25 UTC
2025-08-20T19:34:59.1327998Z  2025-08-20 19:32:25.639 UTC [48] LOG:  database system is ready to accept connections
2025-08-20T19:34:59.1328541Z   done
2025-08-20T19:34:59.1328793Z  server started
2025-08-20T19:34:59.1329069Z  CREATE DATABASE
2025-08-20T19:34:59.1329339Z  
2025-08-20T19:34:59.1329589Z  
2025-08-20T19:34:59.1330857Z  /usr/local/bin/docker-entrypoint.sh: ignoring /docker-entrypoint-initdb.d/*
2025-08-20T19:34:59.1331459Z  
2025-08-20T19:34:59.1331996Z  waiting for server to shut down....2025-08-20 19:32:25.870 UTC [48] LOG:  received fast shutdown request
2025-08-20T19:34:59.1332786Z  2025-08-20 19:32:25.871 UTC [48] LOG:  aborting any active transactions
2025-08-20T19:34:59.1333313Z  2025-08-20 19:32:25.874 UTC [48] LOG:  background worker "logical replication launcher" (PID 54) exited with exit code 1
2025-08-20T19:34:59.1333790Z  2025-08-20 19:32:25.875 UTC [49] LOG:  shutting down
2025-08-20T19:34:59.1334364Z  2025-08-20 19:32:25.875 UTC [49] LOG:  checkpoint starting: shutdown immediate
2025-08-20T19:34:59.1335217Z  2025-08-20 19:32:25.897 UTC [49] LOG:  checkpoint complete: wrote 922 buffers (5.6%); 0 WAL file(s) added, 0 removed, 0 recycled; write=0.018 s, sync=0.003 s, total=0.023 s; sync files=301, longest=0.001 s, average=0.001 s; distance=4239 kB, estimate=4239 kB
2025-08-20T19:34:59.1336038Z  2025-08-20 19:32:25.906 UTC [48] LOG:  database system is shut down
2025-08-20T19:34:59.1336331Z   done
2025-08-20T19:34:59.1336497Z  server stopped
2025-08-20T19:34:59.1336673Z  
2025-08-20T19:34:59.1336887Z  PostgreSQL init process complete; ready for start up.
2025-08-20T19:34:59.1337166Z  
2025-08-20T19:34:59.1343319Z Stop and remove container: 628516eec12a452b8e0d0e0af5d622b6_postgres15_60281a
2025-08-20T19:34:59.1349182Z ##[command]/usr/bin/docker rm --force fbe8d730f999886ceaa924b5f7b70e3715b9b87ad4fae83261194b7a5f5a6591
2025-08-20T19:34:59.2718926Z fbe8d730f999886ceaa924b5f7b70e3715b9b87ad4fae83261194b7a5f5a6591
2025-08-20T19:34:59.2741557Z Print service container logs: 6884acf0e5cf4eb4bf8f3d25e8b05abf_redis7alpine_510eac
2025-08-20T19:34:59.2742926Z ##[command]/usr/bin/docker logs --details 0be8f5bdc90fcea76c37840e21cb6afa26d91ff53ae765de0a0901dfcb312b7c
2025-08-20T19:34:59.2873500Z  1:C 20 Aug 2025 19:32:26.163 # WARNING Memory overcommit must be enabled! Without it, a background save or replication may fail under low memory condition. Being disabled, it can also cause failures without low memory condition, see https://github.com/jemalloc/jemalloc/issues/1328. To fix this issue add 'vm.overcommit_memory = 1' to /etc/sysctl.conf and then reboot or run the command 'sysctl vm.overcommit_memory=1' for this to take effect.
2025-08-20T19:34:59.2876200Z  1:C 20 Aug 2025 19:32:26.163 * oO0OoO0OoO0Oo Redis is starting oO0OoO0OoO0Oo
2025-08-20T19:34:59.2876975Z  1:C 20 Aug 2025 19:32:26.163 * Redis version=7.4.5, bits=64, commit=00000000, modified=0, pid=1, just started
2025-08-20T19:34:59.2877899Z  1:C 20 Aug 2025 19:32:26.163 # Warning: no config file specified, using the default config. In order to specify a config file use redis-server /path/to/redis.conf
2025-08-20T19:34:59.2878542Z  1:M 20 Aug 2025 19:32:26.163 * monotonic clock: POSIX clock_gettime
2025-08-20T19:34:59.2878922Z  1:M 20 Aug 2025 19:32:26.164 * Running mode=standalone, port=6379.
2025-08-20T19:34:59.2879247Z  1:M 20 Aug 2025 19:32:26.164 * Server initialized
2025-08-20T19:34:59.2879564Z  1:M 20 Aug 2025 19:32:26.164 * Ready to accept connections tcp
2025-08-20T19:34:59.2887378Z Stop and remove container: 6884acf0e5cf4eb4bf8f3d25e8b05abf_redis7alpine_510eac
2025-08-20T19:34:59.2888183Z ##[command]/usr/bin/docker rm --force 0be8f5bdc90fcea76c37840e21cb6afa26d91ff53ae765de0a0901dfcb312b7c
2025-08-20T19:34:59.4095333Z 0be8f5bdc90fcea76c37840e21cb6afa26d91ff53ae765de0a0901dfcb312b7c
2025-08-20T19:34:59.4118677Z Remove container network: github_network_8de92cade3c54f2da7cacba9098020e2
2025-08-20T19:34:59.4123801Z ##[command]/usr/bin/docker network rm github_network_8de92cade3c54f2da7cacba9098020e2
2025-08-20T19:34:59.5351551Z github_network_8de92cade3c54f2da7cacba9098020e2
2025-08-20T19:34:59.5414629Z Cleaning up orphan processes
