2025-08-20T17:23:12.7860000Z Current runner version: '2.328.0'
2025-08-20T17:23:12.7883006Z ##[group]Runner Image Provisioner
2025-08-20T17:23:12.7883817Z Hosted Compute Agent
2025-08-20T17:23:12.7884323Z Version: 20250818.377
2025-08-20T17:23:12.7884955Z Commit: 3c593e9f75fe0b87e893bca80d6e12ba089c61fc
2025-08-20T17:23:12.7885644Z Build Date: 2025-08-18T14:52:18Z
2025-08-20T17:23:12.7886242Z ##[endgroup]
2025-08-20T17:23:12.7886850Z ##[group]Operating System
2025-08-20T17:23:12.7887384Z Ubuntu
2025-08-20T17:23:12.7887861Z 24.04.2
2025-08-20T17:23:12.7888271Z LTS
2025-08-20T17:23:12.7888780Z ##[endgroup]
2025-08-20T17:23:12.7889214Z ##[group]Runner Image
2025-08-20T17:23:12.7890030Z Image: ubuntu-24.04
2025-08-20T17:23:12.7890613Z Version: 20250810.1.0
2025-08-20T17:23:12.7891597Z Included Software: https://github.com/actions/runner-images/blob/ubuntu24/20250810.1/images/ubuntu/Ubuntu2404-Readme.md
2025-08-20T17:23:12.7893514Z Image Release: https://github.com/actions/runner-images/releases/tag/ubuntu24%2F20250810.1
2025-08-20T17:23:12.7894519Z ##[endgroup]
2025-08-20T17:23:12.7897109Z ##[group]GITHUB_TOKEN Permissions
2025-08-20T17:23:12.7899377Z Actions: write
2025-08-20T17:23:12.7900277Z Attestations: write
2025-08-20T17:23:12.7900790Z Checks: write
2025-08-20T17:23:12.7901274Z Contents: write
2025-08-20T17:23:12.7901712Z Deployments: write
2025-08-20T17:23:12.7902279Z Discussions: write
2025-08-20T17:23:12.7902766Z Issues: write
2025-08-20T17:23:12.7903321Z Metadata: read
2025-08-20T17:23:12.7903823Z Models: read
2025-08-20T17:23:12.7904284Z Packages: write
2025-08-20T17:23:12.7904840Z Pages: write
2025-08-20T17:23:12.7905374Z PullRequests: write
2025-08-20T17:23:12.7905920Z RepositoryProjects: write
2025-08-20T17:23:12.7906442Z SecurityEvents: write
2025-08-20T17:23:12.7907126Z Statuses: write
2025-08-20T17:23:12.7907623Z ##[endgroup]
2025-08-20T17:23:12.7910116Z Secret source: Actions
2025-08-20T17:23:12.7911014Z Prepare workflow directory
2025-08-20T17:23:12.8341756Z Prepare all required actions
2025-08-20T17:23:12.8378329Z Getting action download info
2025-08-20T17:23:13.2083558Z Download action repository 'actions/checkout@v4' (SHA:08eba0b27e820071cde6df949e0beb9ba4906955)
2025-08-20T17:23:13.5603997Z Download action repository 'actions/setup-python@v5' (SHA:a26af69be951a213d495a4c3e4e4022e16d87065)
2025-08-20T17:23:14.0078321Z Download action repository 'actions/upload-artifact@v4' (SHA:ea165f8d65b6e75b540449e92b4886f43607fa02)
2025-08-20T17:23:14.2941946Z Complete job name: unit
2025-08-20T17:23:14.3485614Z ##[group]Checking docker version
2025-08-20T17:23:14.3499393Z ##[command]/usr/bin/docker version --format '{{.Server.APIVersion}}'
2025-08-20T17:23:14.4001614Z '1.48'
2025-08-20T17:23:14.4015025Z Docker daemon API version: '1.48'
2025-08-20T17:23:14.4016457Z ##[command]/usr/bin/docker version --format '{{.Client.APIVersion}}'
2025-08-20T17:23:14.4169564Z '1.48'
2025-08-20T17:23:14.4182877Z Docker client API version: '1.48'
2025-08-20T17:23:14.4187900Z ##[endgroup]
2025-08-20T17:23:14.4192010Z ##[group]Clean up resources from previous jobs
2025-08-20T17:23:14.4197823Z ##[command]/usr/bin/docker ps --all --quiet --no-trunc --filter "label=9ac05d"
2025-08-20T17:23:14.4353548Z ##[command]/usr/bin/docker network prune --force --filter "label=9ac05d"
2025-08-20T17:23:14.4501867Z ##[endgroup]
2025-08-20T17:23:14.4502702Z ##[group]Create local container network
2025-08-20T17:23:14.4514315Z ##[command]/usr/bin/docker network create --label 9ac05d github_network_b83e8669e05a45e08382f59cabe41969
2025-08-20T17:23:14.5027351Z 1744db89e47ea19abd40a2f8058bc641a12c9ce11078cd57b85f4aa56efbf674
2025-08-20T17:23:14.5046414Z ##[endgroup]
2025-08-20T17:23:14.5072824Z ##[group]Starting postgres service container
2025-08-20T17:23:14.5092549Z ##[command]/usr/bin/docker pull postgres:15
2025-08-20T17:23:15.2086337Z 15: Pulling from library/postgres
2025-08-20T17:23:15.3359539Z 396b1da7636e: Pulling fs layer
2025-08-20T17:23:15.3362158Z fca2566eba32: Pulling fs layer
2025-08-20T17:23:15.3363729Z 631fe8c6d606: Pulling fs layer
2025-08-20T17:23:15.3365777Z 77c7671c4414: Pulling fs layer
2025-08-20T17:23:15.3367086Z 2d9e29180a27: Pulling fs layer
2025-08-20T17:23:15.3368024Z c6bcc2c9a041: Pulling fs layer
2025-08-20T17:23:15.3368954Z ac4b721eb66f: Pulling fs layer
2025-08-20T17:23:15.3370093Z 606bd164980e: Pulling fs layer
2025-08-20T17:23:15.3371004Z f5dfd246bc6e: Pulling fs layer
2025-08-20T17:23:15.3371896Z ba7036bb0a60: Pulling fs layer
2025-08-20T17:23:15.3372786Z 799f859abbbd: Pulling fs layer
2025-08-20T17:23:15.3373699Z d903e777080c: Pulling fs layer
2025-08-20T17:23:15.3374639Z 04adcb462801: Pulling fs layer
2025-08-20T17:23:15.3375511Z 5c10925b29ff: Pulling fs layer
2025-08-20T17:23:15.3376365Z 77c7671c4414: Waiting
2025-08-20T17:23:15.3377110Z 2d9e29180a27: Waiting
2025-08-20T17:23:15.3377873Z c6bcc2c9a041: Waiting
2025-08-20T17:23:15.3378635Z ac4b721eb66f: Waiting
2025-08-20T17:23:15.3379383Z 606bd164980e: Waiting
2025-08-20T17:23:15.3380338Z d903e777080c: Waiting
2025-08-20T17:23:15.3381085Z f5dfd246bc6e: Waiting
2025-08-20T17:23:15.3381834Z 04adcb462801: Waiting
2025-08-20T17:23:15.3382585Z ba7036bb0a60: Waiting
2025-08-20T17:23:15.3383335Z 5c10925b29ff: Waiting
2025-08-20T17:23:15.3384085Z 799f859abbbd: Waiting
2025-08-20T17:23:15.4964748Z 631fe8c6d606: Verifying Checksum
2025-08-20T17:23:15.4966012Z 631fe8c6d606: Download complete
2025-08-20T17:23:15.6307498Z 77c7671c4414: Verifying Checksum
2025-08-20T17:23:15.6311609Z 77c7671c4414: Download complete
2025-08-20T17:23:15.6494061Z fca2566eba32: Download complete
2025-08-20T17:23:15.7887994Z c6bcc2c9a041: Verifying Checksum
2025-08-20T17:23:15.7889866Z c6bcc2c9a041: Download complete
2025-08-20T17:23:15.8561182Z 2d9e29180a27: Verifying Checksum
2025-08-20T17:23:15.8562683Z 2d9e29180a27: Download complete
2025-08-20T17:23:15.9114777Z ac4b721eb66f: Verifying Checksum
2025-08-20T17:23:15.9116642Z ac4b721eb66f: Download complete
2025-08-20T17:23:15.9146873Z 396b1da7636e: Verifying Checksum
2025-08-20T17:23:15.9148727Z 396b1da7636e: Download complete
2025-08-20T17:23:15.9759627Z 606bd164980e: Verifying Checksum
2025-08-20T17:23:15.9761963Z 606bd164980e: Download complete
2025-08-20T17:23:16.0971745Z 799f859abbbd: Download complete
2025-08-20T17:23:16.1150341Z ba7036bb0a60: Verifying Checksum
2025-08-20T17:23:16.1150920Z ba7036bb0a60: Download complete
2025-08-20T17:23:16.2453450Z d903e777080c: Verifying Checksum
2025-08-20T17:23:16.2454732Z d903e777080c: Download complete
2025-08-20T17:23:16.2510973Z 04adcb462801: Verifying Checksum
2025-08-20T17:23:16.2513075Z 04adcb462801: Download complete
2025-08-20T17:23:16.3850443Z 5c10925b29ff: Verifying Checksum
2025-08-20T17:23:16.3854812Z 5c10925b29ff: Download complete
2025-08-20T17:23:16.9436000Z 396b1da7636e: Pull complete
2025-08-20T17:23:17.6161966Z f5dfd246bc6e: Verifying Checksum
2025-08-20T17:23:17.6162479Z f5dfd246bc6e: Download complete
2025-08-20T17:23:17.8612072Z fca2566eba32: Pull complete
2025-08-20T17:23:18.0272466Z 631fe8c6d606: Pull complete
2025-08-20T17:23:18.0692385Z 77c7671c4414: Pull complete
2025-08-20T17:23:18.3721330Z 2d9e29180a27: Pull complete
2025-08-20T17:23:18.4498371Z c6bcc2c9a041: Pull complete
2025-08-20T17:23:18.4570809Z ac4b721eb66f: Pull complete
2025-08-20T17:23:18.4664943Z 606bd164980e: Pull complete
2025-08-20T17:23:21.6151653Z f5dfd246bc6e: Pull complete
2025-08-20T17:23:21.6283338Z ba7036bb0a60: Pull complete
2025-08-20T17:23:21.6370688Z 799f859abbbd: Pull complete
2025-08-20T17:23:21.6452671Z d903e777080c: Pull complete
2025-08-20T17:23:21.6547732Z 04adcb462801: Pull complete
2025-08-20T17:23:21.6635942Z 5c10925b29ff: Pull complete
2025-08-20T17:23:21.6670886Z Digest: sha256:bc51cf4f1fe02cce7ed2370b20128a9b00b4eb804573a77d2a0d877aaa9c82b1
2025-08-20T17:23:21.6680620Z Status: Downloaded newer image for postgres:15
2025-08-20T17:23:21.6689804Z docker.io/library/postgres:15
2025-08-20T17:23:21.6749452Z ##[command]/usr/bin/docker create --name 1b4ba2fa334b4eb0b96dd0a32332ab38_postgres15_65aaa4 --label 9ac05d --network github_network_b83e8669e05a45e08382f59cabe41969 --network-alias postgres -p 5432:5432 --health-cmd="pg_isready -U postgres -d awa" --health-interval=5s --health-timeout=5s --health-retries=10 -e "POSTGRES_USER=postgres" -e "POSTGRES_PASSWORD=pass" -e "POSTGRES_DB=awa" -e GITHUB_ACTIONS=true -e CI=true postgres:15
2025-08-20T17:23:21.6980211Z 40e680e9aacb0789e60f47c1d7d00a28aef3c45ba826478ff4ee296fe8963c24
2025-08-20T17:23:21.7001062Z ##[command]/usr/bin/docker start 40e680e9aacb0789e60f47c1d7d00a28aef3c45ba826478ff4ee296fe8963c24
2025-08-20T17:23:22.0189804Z 40e680e9aacb0789e60f47c1d7d00a28aef3c45ba826478ff4ee296fe8963c24
2025-08-20T17:23:22.0211331Z ##[command]/usr/bin/docker ps --all --filter id=40e680e9aacb0789e60f47c1d7d00a28aef3c45ba826478ff4ee296fe8963c24 --filter status=running --no-trunc --format "{{.ID}} {{.Status}}"
2025-08-20T17:23:22.0339185Z 40e680e9aacb0789e60f47c1d7d00a28aef3c45ba826478ff4ee296fe8963c24 Up Less than a second (health: starting)
2025-08-20T17:23:22.0359163Z ##[command]/usr/bin/docker port 40e680e9aacb0789e60f47c1d7d00a28aef3c45ba826478ff4ee296fe8963c24
2025-08-20T17:23:22.0482245Z 5432/tcp -> 0.0.0.0:5432
2025-08-20T17:23:22.0482830Z 5432/tcp -> [::]:5432
2025-08-20T17:23:22.0526815Z ##[endgroup]
2025-08-20T17:23:22.0527715Z ##[group]Starting redis service container
2025-08-20T17:23:22.0528875Z ##[command]/usr/bin/docker pull redis:7-alpine
2025-08-20T17:23:22.4746788Z 7-alpine: Pulling from library/redis
2025-08-20T17:23:22.5926433Z 0368fd46e3c6: Pulling fs layer
2025-08-20T17:23:22.5927769Z 4c55286bbede: Pulling fs layer
2025-08-20T17:23:22.5928212Z 5e28347af205: Pulling fs layer
2025-08-20T17:23:22.5928599Z 311eca34042e: Pulling fs layer
2025-08-20T17:23:22.5928996Z e6fe6f07e192: Pulling fs layer
2025-08-20T17:23:22.5929364Z a2cadbfeca72: Pulling fs layer
2025-08-20T17:23:22.5929910Z 4f4fb700ef54: Pulling fs layer
2025-08-20T17:23:22.5930428Z a976ed7e7808: Pulling fs layer
2025-08-20T17:23:22.5930774Z 311eca34042e: Waiting
2025-08-20T17:23:22.5931094Z e6fe6f07e192: Waiting
2025-08-20T17:23:22.5931400Z a2cadbfeca72: Waiting
2025-08-20T17:23:22.5931707Z 4f4fb700ef54: Waiting
2025-08-20T17:23:22.5932004Z a976ed7e7808: Waiting
2025-08-20T17:23:22.7211385Z 5e28347af205: Verifying Checksum
2025-08-20T17:23:22.7213031Z 5e28347af205: Download complete
2025-08-20T17:23:22.7309972Z 4c55286bbede: Verifying Checksum
2025-08-20T17:23:22.7310913Z 4c55286bbede: Download complete
2025-08-20T17:23:22.8456264Z 311eca34042e: Verifying Checksum
2025-08-20T17:23:22.8456758Z 311eca34042e: Download complete
2025-08-20T17:23:22.8618480Z 0368fd46e3c6: Verifying Checksum
2025-08-20T17:23:22.8624518Z 0368fd46e3c6: Download complete
2025-08-20T17:23:22.9585568Z a2cadbfeca72: Verifying Checksum
2025-08-20T17:23:22.9586630Z a2cadbfeca72: Download complete
2025-08-20T17:23:22.9711852Z 0368fd46e3c6: Pull complete
2025-08-20T17:23:22.9865951Z 4f4fb700ef54: Download complete
2025-08-20T17:23:22.9904729Z 4c55286bbede: Pull complete
2025-08-20T17:23:23.1141865Z e6fe6f07e192: Verifying Checksum
2025-08-20T17:23:23.1143959Z e6fe6f07e192: Download complete
2025-08-20T17:23:23.1248196Z 5e28347af205: Pull complete
2025-08-20T17:23:23.1489154Z 311eca34042e: Pull complete
2025-08-20T17:23:23.1576282Z a976ed7e7808: Verifying Checksum
2025-08-20T17:23:23.3272194Z e6fe6f07e192: Pull complete
2025-08-20T17:23:23.3343443Z a2cadbfeca72: Pull complete
2025-08-20T17:23:23.3403884Z 4f4fb700ef54: Pull complete
2025-08-20T17:23:23.3482709Z a976ed7e7808: Pull complete
2025-08-20T17:23:23.3515500Z Digest: sha256:bb186d083732f669da90be8b0f975a37812b15e913465bb14d845db72a4e3e08
2025-08-20T17:23:23.3524529Z Status: Downloaded newer image for redis:7-alpine
2025-08-20T17:23:23.3531701Z docker.io/library/redis:7-alpine
2025-08-20T17:23:23.3547691Z ##[command]/usr/bin/docker create --name 038c3a0a25b34107846a0abb87370157_redis7alpine_164c7a --label 9ac05d --network github_network_b83e8669e05a45e08382f59cabe41969 --network-alias redis -p 6379:6379  -e GITHUB_ACTIONS=true -e CI=true redis:7-alpine
2025-08-20T17:23:23.3771612Z 322b25aaaf6015abbe4fb1439e6c0d2f04c54e5d2b6b03e931b670d27b878306
2025-08-20T17:23:23.3785212Z ##[command]/usr/bin/docker start 322b25aaaf6015abbe4fb1439e6c0d2f04c54e5d2b6b03e931b670d27b878306
2025-08-20T17:23:23.5085247Z 322b25aaaf6015abbe4fb1439e6c0d2f04c54e5d2b6b03e931b670d27b878306
2025-08-20T17:23:23.5103401Z ##[command]/usr/bin/docker ps --all --filter id=322b25aaaf6015abbe4fb1439e6c0d2f04c54e5d2b6b03e931b670d27b878306 --filter status=running --no-trunc --format "{{.ID}} {{.Status}}"
2025-08-20T17:23:23.5219417Z 322b25aaaf6015abbe4fb1439e6c0d2f04c54e5d2b6b03e931b670d27b878306 Up Less than a second
2025-08-20T17:23:23.5232649Z ##[command]/usr/bin/docker port 322b25aaaf6015abbe4fb1439e6c0d2f04c54e5d2b6b03e931b670d27b878306
2025-08-20T17:23:23.5337766Z 6379/tcp -> 0.0.0.0:6379
2025-08-20T17:23:23.5338314Z 6379/tcp -> [::]:6379
2025-08-20T17:23:23.5351423Z ##[endgroup]
2025-08-20T17:23:23.5362891Z ##[group]Waiting for all services to be ready
2025-08-20T17:23:23.5375843Z ##[command]/usr/bin/docker inspect --format="{{if .Config.Healthcheck}}{{print .State.Health.Status}}{{end}}" 40e680e9aacb0789e60f47c1d7d00a28aef3c45ba826478ff4ee296fe8963c24
2025-08-20T17:23:23.5482125Z starting
2025-08-20T17:23:23.5502408Z postgres service is starting, waiting 2 seconds before checking again.
2025-08-20T17:23:25.5503418Z ##[command]/usr/bin/docker inspect --format="{{if .Config.Healthcheck}}{{print .State.Health.Status}}{{end}}" 40e680e9aacb0789e60f47c1d7d00a28aef3c45ba826478ff4ee296fe8963c24
2025-08-20T17:23:25.5621760Z starting
2025-08-20T17:23:25.5635172Z postgres service is starting, waiting 3 seconds before checking again.
2025-08-20T17:23:29.3908561Z ##[command]/usr/bin/docker inspect --format="{{if .Config.Healthcheck}}{{print .State.Health.Status}}{{end}}" 40e680e9aacb0789e60f47c1d7d00a28aef3c45ba826478ff4ee296fe8963c24
2025-08-20T17:23:29.4028759Z healthy
2025-08-20T17:23:29.4044400Z postgres service is healthy.
2025-08-20T17:23:29.4045137Z ##[command]/usr/bin/docker inspect --format="{{if .Config.Healthcheck}}{{print .State.Health.Status}}{{end}}" 322b25aaaf6015abbe4fb1439e6c0d2f04c54e5d2b6b03e931b670d27b878306
2025-08-20T17:23:29.4165206Z redis service is healthy.
2025-08-20T17:23:29.4165863Z ##[endgroup]
2025-08-20T17:23:29.4473831Z ##[group]Run actions/checkout@v4
2025-08-20T17:23:29.4474353Z with:
2025-08-20T17:23:29.4474551Z   repository: AlexBomber12/AWA-App
2025-08-20T17:23:29.4474920Z   token: ***
2025-08-20T17:23:29.4475103Z   ssh-strict: true
2025-08-20T17:23:29.4475274Z   ssh-user: git
2025-08-20T17:23:29.4475458Z   persist-credentials: true
2025-08-20T17:23:29.4475664Z   clean: true
2025-08-20T17:23:29.4475845Z   sparse-checkout-cone-mode: true
2025-08-20T17:23:29.4476070Z   fetch-depth: 1
2025-08-20T17:23:29.4476237Z   fetch-tags: false
2025-08-20T17:23:29.4476413Z   show-progress: true
2025-08-20T17:23:29.4476589Z   lfs: false
2025-08-20T17:23:29.4476753Z   submodules: false
2025-08-20T17:23:29.4476928Z   set-safe-directory: true
2025-08-20T17:23:29.4477304Z env:
2025-08-20T17:23:29.4477518Z   REDIS_URL: redis://localhost:6379/0
2025-08-20T17:23:29.4477776Z   RATE_LIMIT_DEFAULT: 100/minute
2025-08-20T17:23:29.4477990Z   TRUST_X_FORWARDED: 1
2025-08-20T17:23:29.4478180Z ##[endgroup]
2025-08-20T17:23:29.5546886Z Syncing repository: AlexBomber12/AWA-App
2025-08-20T17:23:29.5548585Z ##[group]Getting Git version info
2025-08-20T17:23:29.5549203Z Working directory is '/home/runner/work/AWA-App/AWA-App'
2025-08-20T17:23:29.5550364Z [command]/usr/bin/git version
2025-08-20T17:23:29.5580258Z git version 2.50.1
2025-08-20T17:23:29.5606399Z ##[endgroup]
2025-08-20T17:23:29.5621573Z Temporarily overriding HOME='/home/runner/work/_temp/050ab815-0204-4e05-9598-601714310c21' before making global git config changes
2025-08-20T17:23:29.5622876Z Adding repository directory to the temporary git global config as a safe directory
2025-08-20T17:23:29.5634199Z [command]/usr/bin/git config --global --add safe.directory /home/runner/work/AWA-App/AWA-App
2025-08-20T17:23:29.5666739Z Deleting the contents of '/home/runner/work/AWA-App/AWA-App'
2025-08-20T17:23:29.5670707Z ##[group]Initializing the repository
2025-08-20T17:23:29.5675064Z [command]/usr/bin/git init /home/runner/work/AWA-App/AWA-App
2025-08-20T17:23:29.5730387Z hint: Using 'master' as the name for the initial branch. This default branch name
2025-08-20T17:23:29.5731273Z hint: is subject to change. To configure the initial branch name to use in all
2025-08-20T17:23:29.5731959Z hint: of your new repositories, which will suppress this warning, call:
2025-08-20T17:23:29.5732564Z hint:
2025-08-20T17:23:29.5733014Z hint: 	git config --global init.defaultBranch <name>
2025-08-20T17:23:29.5733474Z hint:
2025-08-20T17:23:29.5733744Z hint: Names commonly chosen instead of 'master' are 'main', 'trunk' and
2025-08-20T17:23:29.5734190Z hint: 'development'. The just-created branch can be renamed via this command:
2025-08-20T17:23:29.5734780Z hint:
2025-08-20T17:23:29.5735111Z hint: 	git branch -m <name>
2025-08-20T17:23:29.5735495Z hint:
2025-08-20T17:23:29.5736046Z hint: Disable this message with "git config set advice.defaultBranchName false"
2025-08-20T17:23:29.5737006Z Initialized empty Git repository in /home/runner/work/AWA-App/AWA-App/.git/
2025-08-20T17:23:29.5745611Z [command]/usr/bin/git remote add origin https://github.com/AlexBomber12/AWA-App
2025-08-20T17:23:29.5775388Z ##[endgroup]
2025-08-20T17:23:29.5775980Z ##[group]Disabling automatic garbage collection
2025-08-20T17:23:29.5780207Z [command]/usr/bin/git config --local gc.auto 0
2025-08-20T17:23:29.5807435Z ##[endgroup]
2025-08-20T17:23:29.5808042Z ##[group]Setting up auth
2025-08-20T17:23:29.5814929Z [command]/usr/bin/git config --local --name-only --get-regexp core\.sshCommand
2025-08-20T17:23:29.5844454Z [command]/usr/bin/git submodule foreach --recursive sh -c "git config --local --name-only --get-regexp 'core\.sshCommand' && git config --local --unset-all 'core.sshCommand' || :"
2025-08-20T17:23:29.6099064Z [command]/usr/bin/git config --local --name-only --get-regexp http\.https\:\/\/github\.com\/\.extraheader
2025-08-20T17:23:29.6127807Z [command]/usr/bin/git submodule foreach --recursive sh -c "git config --local --name-only --get-regexp 'http\.https\:\/\/github\.com\/\.extraheader' && git config --local --unset-all 'http.https://github.com/.extraheader' || :"
2025-08-20T17:23:29.6343739Z [command]/usr/bin/git config --local http.https://github.com/.extraheader AUTHORIZATION: basic ***
2025-08-20T17:23:29.6375816Z ##[endgroup]
2025-08-20T17:23:29.6376508Z ##[group]Fetching the repository
2025-08-20T17:23:29.6392735Z [command]/usr/bin/git -c protocol.version=2 fetch --no-tags --prune --no-recurse-submodules --depth=1 origin +9ed442201859e64181d48f0afa8d7b741568bf32:refs/remotes/origin/main
2025-08-20T17:23:29.9841816Z From https://github.com/AlexBomber12/AWA-App
2025-08-20T17:23:29.9842487Z  * [new ref]         9ed442201859e64181d48f0afa8d7b741568bf32 -> origin/main
2025-08-20T17:23:29.9865488Z ##[endgroup]
2025-08-20T17:23:29.9866011Z ##[group]Determining the checkout info
2025-08-20T17:23:29.9867952Z ##[endgroup]
2025-08-20T17:23:29.9873041Z [command]/usr/bin/git sparse-checkout disable
2025-08-20T17:23:29.9908945Z [command]/usr/bin/git config --local --unset-all extensions.worktreeConfig
2025-08-20T17:23:29.9935312Z ##[group]Checking out the ref
2025-08-20T17:23:29.9939104Z [command]/usr/bin/git checkout --progress --force -B main refs/remotes/origin/main
2025-08-20T17:23:30.0471686Z Switched to a new branch 'main'
2025-08-20T17:23:30.0474397Z branch 'main' set up to track 'origin/main'.
2025-08-20T17:23:30.0480748Z ##[endgroup]
2025-08-20T17:23:30.0513830Z [command]/usr/bin/git log -1 --format=%H
2025-08-20T17:23:30.0534867Z 9ed442201859e64181d48f0afa8d7b741568bf32
2025-08-20T17:23:30.0690797Z ##[group]Run cat .env.ci >> "$GITHUB_ENV"
2025-08-20T17:23:30.0691136Z [36;1mcat .env.ci >> "$GITHUB_ENV"[0m
2025-08-20T17:23:30.0691819Z [36;1mecho "DATABASE_URL=***localhost:5432/awa" >> "$GITHUB_ENV"[0m
2025-08-20T17:23:30.0692171Z [36;1mecho "PG_HOST=localhost" >> "$GITHUB_ENV"[0m
2025-08-20T17:23:30.0692464Z [36;1mecho "PG_PORT=5432" >> "$GITHUB_ENV"[0m
2025-08-20T17:23:30.0692736Z [36;1mecho "PG_USER=postgres" >> "$GITHUB_ENV"[0m
2025-08-20T17:23:30.0693017Z [36;1mecho "PG_PASSWORD=pass" >> "$GITHUB_ENV"[0m
2025-08-20T17:23:30.0693478Z [36;1mecho "PG_DATABASE=awa" >> "$GITHUB_ENV"[0m
2025-08-20T17:23:30.0737825Z shell: /usr/bin/bash -e {0}
2025-08-20T17:23:30.0738060Z env:
2025-08-20T17:23:30.0738255Z   REDIS_URL: redis://localhost:6379/0
2025-08-20T17:23:30.0738513Z   RATE_LIMIT_DEFAULT: 100/minute
2025-08-20T17:23:30.0738733Z   TRUST_X_FORWARDED: 1
2025-08-20T17:23:30.0738909Z ##[endgroup]
2025-08-20T17:23:30.0901919Z ##[group]Run actions/setup-python@v5
2025-08-20T17:23:30.0902189Z with:
2025-08-20T17:23:30.0902360Z   python-version: 3.12
2025-08-20T17:23:30.0902554Z   cache: pip
2025-08-20T17:23:30.0902755Z   cache-dependency-path: requirements-dev.txt
2025-08-20T17:23:30.0903097Z   check-latest: false
2025-08-20T17:23:30.0903467Z   token: ***
2025-08-20T17:23:30.0903648Z   update-environment: true
2025-08-20T17:23:30.0903864Z   allow-prereleases: false
2025-08-20T17:23:30.0904056Z   freethreaded: false
2025-08-20T17:23:30.0904235Z env:
2025-08-20T17:23:30.0904429Z   REDIS_URL: redis://localhost:6379/0
2025-08-20T17:23:30.0904675Z   RATE_LIMIT_DEFAULT: 100/minute
2025-08-20T17:23:30.0904888Z   TRUST_X_FORWARDED: 1
2025-08-20T17:23:30.0905068Z   PG_USER: postgres
2025-08-20T17:23:30.0905245Z   PG_PASSWORD: pass
2025-08-20T17:23:30.0905418Z   PG_DATABASE: awa
2025-08-20T17:23:30.0905591Z   PG_HOST: localhost
2025-08-20T17:23:30.0905764Z   PG_PORT: 5432
2025-08-20T17:23:30.0906166Z   PG_SYNC_DSN: ***localhost:5432/awa
2025-08-20T17:23:30.0906576Z   PG_ASYNC_DSN: ***localhost:5432/awa
2025-08-20T17:23:30.0906960Z   DATABASE_URL: ***localhost:5432/awa
2025-08-20T17:23:30.0907189Z   DATA_DIR: /tmp/awa-data
2025-08-20T17:23:30.0907376Z   ENABLE_LIVE: 0
2025-08-20T17:23:30.0907546Z   TESTING: 1
2025-08-20T17:23:30.0907706Z ##[endgroup]
2025-08-20T17:23:30.2527499Z ##[group]Installed versions
2025-08-20T17:23:30.2603205Z Successfully set up CPython (3.12.11)
2025-08-20T17:23:30.2603837Z ##[endgroup]
2025-08-20T17:23:30.2956923Z [command]/opt/hostedtoolcache/Python/3.12.11/x64/bin/pip cache dir
2025-08-20T17:23:31.9598706Z /home/runner/.cache/pip
2025-08-20T17:23:32.1504970Z Cache hit for: setup-python-Linux-x64-24.04-Ubuntu-python-3.12.11-pip-29fc3204f837bce43d81586a404709764a9accd1f738d0c33a52a32bf7a0c312
2025-08-20T17:23:33.5404929Z Received 125829120 of 337357499 (37.3%), 119.9 MBs/sec
2025-08-20T17:23:34.5409103Z Received 281018368 of 337357499 (83.3%), 133.9 MBs/sec
2025-08-20T17:23:34.8443739Z Received 337357499 of 337357499 (100.0%), 139.6 MBs/sec
2025-08-20T17:23:34.8445949Z Cache Size: ~322 MB (337357499 B)
2025-08-20T17:23:34.8487234Z [command]/usr/bin/tar -xf /home/runner/work/_temp/124507e1-f319-4892-a178-74e2c390ffba/cache.tzst -P -C /home/runner/work/AWA-App/AWA-App --use-compress-program unzstd
2025-08-20T17:23:35.4175536Z Cache restored successfully
2025-08-20T17:23:35.4818269Z Cache restored from key: setup-python-Linux-x64-24.04-Ubuntu-python-3.12.11-pip-29fc3204f837bce43d81586a404709764a9accd1f738d0c33a52a32bf7a0c312
2025-08-20T17:23:35.4990586Z ##[group]Run pip install -r requirements-dev.txt
2025-08-20T17:23:35.4991204Z [36;1mpip install -r requirements-dev.txt[0m
2025-08-20T17:23:35.4991687Z [36;1mpip install keepa==1.3.15 minio==7.1.15[0m
2025-08-20T17:23:35.5034910Z shell: /usr/bin/bash -e {0}
2025-08-20T17:23:35.5035144Z env:
2025-08-20T17:23:35.5035354Z   REDIS_URL: redis://localhost:6379/0
2025-08-20T17:23:35.5035618Z   RATE_LIMIT_DEFAULT: 100/minute
2025-08-20T17:23:35.5035845Z   TRUST_X_FORWARDED: 1
2025-08-20T17:23:35.5036043Z   PG_USER: postgres
2025-08-20T17:23:35.5036236Z   PG_PASSWORD: pass
2025-08-20T17:23:35.5036414Z   PG_DATABASE: awa
2025-08-20T17:23:35.5036594Z   PG_HOST: localhost
2025-08-20T17:23:35.5036782Z   PG_PORT: 5432
2025-08-20T17:23:35.5037382Z   PG_SYNC_DSN: ***localhost:5432/awa
2025-08-20T17:23:35.5037857Z   PG_ASYNC_DSN: ***localhost:5432/awa
2025-08-20T17:23:35.5038239Z   DATABASE_URL: ***localhost:5432/awa
2025-08-20T17:23:35.5038474Z   DATA_DIR: /tmp/awa-data
2025-08-20T17:23:35.5038717Z   ENABLE_LIVE: 0
2025-08-20T17:23:35.5039064Z   TESTING: 1
2025-08-20T17:23:35.5039307Z   pythonLocation: /opt/hostedtoolcache/Python/3.12.11/x64
2025-08-20T17:23:35.5039934Z   PKG_CONFIG_PATH: /opt/hostedtoolcache/Python/3.12.11/x64/lib/pkgconfig
2025-08-20T17:23:35.5040324Z   Python_ROOT_DIR: /opt/hostedtoolcache/Python/3.12.11/x64
2025-08-20T17:23:35.5040674Z   Python2_ROOT_DIR: /opt/hostedtoolcache/Python/3.12.11/x64
2025-08-20T17:23:35.5041022Z   Python3_ROOT_DIR: /opt/hostedtoolcache/Python/3.12.11/x64
2025-08-20T17:23:35.5041378Z   LD_LIBRARY_PATH: /opt/hostedtoolcache/Python/3.12.11/x64/lib
2025-08-20T17:23:35.5041661Z ##[endgroup]
2025-08-20T17:23:37.0843944Z Collecting Jinja2==3.1.6 (from -r requirements-dev.txt (line 2))
2025-08-20T17:23:37.0856898Z   Using cached jinja2-3.1.6-py3-none-any.whl.metadata (2.9 kB)
2025-08-20T17:23:37.1084342Z Collecting alembic==1.13.1 (from -r requirements-dev.txt (line 3))
2025-08-20T17:23:37.1096064Z   Using cached alembic-1.13.1-py3-none-any.whl.metadata (7.4 kB)
2025-08-20T17:23:37.1295147Z Collecting apscheduler==3.10.4 (from -r requirements-dev.txt (line 4))
2025-08-20T17:23:37.1306820Z   Using cached APScheduler-3.10.4-py3-none-any.whl.metadata (5.7 kB)
2025-08-20T17:23:37.1465971Z Collecting asgi-correlation-id==4.3.1 (from -r requirements-dev.txt (line 5))
2025-08-20T17:23:37.1477446Z   Using cached asgi_correlation_id-4.3.1-py3-none-any.whl.metadata (28 kB)
2025-08-20T17:23:37.1955050Z Collecting asyncpg==0.30.0 (from -r requirements-dev.txt (line 6))
2025-08-20T17:23:37.1967033Z   Using cached asyncpg-0.30.0-cp312-cp312-manylinux_2_17_x86_64.manylinux2014_x86_64.whl.metadata (5.0 kB)
2025-08-20T17:23:37.2402032Z Collecting black==25.1.0 (from -r requirements-dev.txt (line 7))
2025-08-20T17:23:37.2413805Z   Using cached black-25.1.0-cp312-cp312-manylinux_2_17_x86_64.manylinux2014_x86_64.manylinux_2_28_x86_64.whl.metadata (81 kB)
2025-08-20T17:23:37.5760847Z Collecting boto3 (from -r requirements-dev.txt (line 8))
2025-08-20T17:23:37.6396892Z   Downloading boto3-1.40.13-py3-none-any.whl.metadata (6.7 kB)
2025-08-20T17:23:37.6683305Z Collecting redis==6.* (from -r requirements-dev.txt (line 9))
2025-08-20T17:23:37.6694986Z   Using cached redis-6.4.0-py3-none-any.whl.metadata (10 kB)
2025-08-20T17:23:37.7009446Z Collecting minio==7.* (from -r requirements-dev.txt (line 10))
2025-08-20T17:23:37.7021184Z   Using cached minio-7.2.16-py3-none-any.whl.metadata (6.5 kB)
2025-08-20T17:23:37.7329265Z Collecting celery==5.5.3 (from -r requirements-dev.txt (line 11))
2025-08-20T17:23:37.7340929Z   Using cached celery-5.5.3-py3-none-any.whl.metadata (22 kB)
2025-08-20T17:23:37.7892971Z Collecting fastapi==0.116.1 (from -r requirements-dev.txt (line 12))
2025-08-20T17:23:37.7904308Z   Using cached fastapi-0.116.1-py3-none-any.whl.metadata (28 kB)
2025-08-20T17:23:37.8060382Z Collecting fastapi-limiter==0.1.6 (from -r requirements-dev.txt (line 14))
2025-08-20T17:23:37.8071558Z   Using cached fastapi_limiter-0.1.6-py3-none-any.whl.metadata (5.3 kB)
2025-08-20T17:23:37.8253792Z Collecting httpx<0.29,>=0.27 (from -r requirements-dev.txt (line 15))
2025-08-20T17:23:37.8264968Z   Using cached httpx-0.28.1-py3-none-any.whl.metadata (7.1 kB)
2025-08-20T17:23:37.8391370Z Collecting imapclient==3.0.1 (from -r requirements-dev.txt (line 16))
2025-08-20T17:23:37.8402460Z   Using cached IMAPClient-3.0.1-py2.py3-none-any.whl.metadata (1.7 kB)
2025-08-20T17:23:37.8495466Z Collecting itsdangerous (from -r requirements-dev.txt (line 17))
2025-08-20T17:23:37.8506665Z   Using cached itsdangerous-2.2.0-py3-none-any.whl.metadata (1.9 kB)
2025-08-20T17:23:37.9470651Z Collecting mypy==1.* (from -r requirements-dev.txt (line 18))
2025-08-20T17:23:37.9482167Z   Using cached mypy-1.17.1-cp312-cp312-manylinux2014_x86_64.manylinux_2_17_x86_64.manylinux_2_28_x86_64.whl.metadata (2.2 kB)
2025-08-20T17:23:37.9577546Z Collecting mypy-extensions==1.1.0 (from -r requirements-dev.txt (line 19))
2025-08-20T17:23:37.9588447Z   Using cached mypy_extensions-1.1.0-py3-none-any.whl.metadata (1.1 kB)
2025-08-20T17:23:38.1334034Z Collecting numpy<2 (from -r requirements-dev.txt (line 20))
2025-08-20T17:23:38.1347377Z   Using cached numpy-1.26.4-cp312-cp312-manylinux_2_17_x86_64.manylinux2014_x86_64.whl.metadata (61 kB)
2025-08-20T17:23:38.1585473Z Collecting openpyxl==3.1.5 (from -r requirements-dev.txt (line 21))
2025-08-20T17:23:38.1597618Z   Using cached openpyxl-3.1.5-py2.py3-none-any.whl.metadata (2.5 kB)
2025-08-20T17:23:38.2628089Z Collecting pandas==2.2.* (from -r requirements-dev.txt (line 22))
2025-08-20T17:23:38.2640523Z   Using cached pandas-2.2.3-cp312-cp312-manylinux_2_17_x86_64.manylinux2014_x86_64.whl.metadata (89 kB)
2025-08-20T17:23:38.3588554Z Collecting psycopg2-binary==2.9.10 (from -r requirements-dev.txt (line 23))
2025-08-20T17:23:38.3600676Z   Using cached psycopg2_binary-2.9.10-cp312-cp312-manylinux_2_17_x86_64.manylinux2014_x86_64.whl.metadata (4.9 kB)
2025-08-20T17:23:38.3762538Z Collecting psycopg==3.2.9 (from psycopg[binary]==3.2.9->-r requirements-dev.txt (line 24))
2025-08-20T17:23:38.3774158Z   Using cached psycopg-3.2.9-py3-none-any.whl.metadata (4.5 kB)
2025-08-20T17:23:38.4833688Z Collecting pydantic==2.11.7 (from -r requirements-dev.txt (line 25))
2025-08-20T17:23:38.4845431Z   Using cached pydantic-2.11.7-py3-none-any.whl.metadata (67 kB)
2025-08-20T17:23:38.6017728Z Collecting setuptools (from -r requirements-dev.txt (line 26))
2025-08-20T17:23:38.6029059Z   Using cached setuptools-80.9.0-py3-none-any.whl.metadata (6.6 kB)
2025-08-20T17:23:38.6270542Z Collecting pytest-asyncio==0.23.6 (from -r requirements-dev.txt (line 27))
2025-08-20T17:23:38.6281597Z   Using cached pytest_asyncio-0.23.6-py3-none-any.whl.metadata (3.9 kB)
2025-08-20T17:23:38.6413969Z Collecting pytest-cov==6.2.1 (from -r requirements-dev.txt (line 28))
2025-08-20T17:23:38.6425210Z   Using cached pytest_cov-6.2.1-py3-none-any.whl.metadata (30 kB)
2025-08-20T17:23:38.6587224Z Collecting pytest-postgresql==7.0.2 (from -r requirements-dev.txt (line 29))
2025-08-20T17:23:38.6598414Z   Using cached pytest_postgresql-7.0.2-py3-none-any.whl.metadata (18 kB)
2025-08-20T17:23:38.6756247Z Collecting python-dotenv (from -r requirements-dev.txt (line 30))
2025-08-20T17:23:38.6767439Z   Using cached python_dotenv-1.1.1-py3-none-any.whl.metadata (24 kB)
2025-08-20T17:23:38.6945262Z Collecting python-multipart (from -r requirements-dev.txt (line 31))
2025-08-20T17:23:38.6973879Z   Using cached python_multipart-0.0.20-py3-none-any.whl.metadata (1.8 kB)
2025-08-20T17:23:38.7281840Z Collecting python-telegram-bot==22.3 (from -r requirements-dev.txt (line 32))
2025-08-20T17:23:38.7293428Z   Using cached python_telegram_bot-22.3-py3-none-any.whl.metadata (17 kB)
2025-08-20T17:23:38.8751631Z Collecting requests==2.32.4 (from -r requirements-dev.txt (line 33))
2025-08-20T17:23:38.8762658Z   Using cached requests-2.32.4-py3-none-any.whl.metadata (4.9 kB)
2025-08-20T17:23:38.8925645Z Collecting respx==0.22.0 (from -r requirements-dev.txt (line 34))
2025-08-20T17:23:38.8936828Z   Using cached respx-0.22.0-py2.py3-none-any.whl.metadata (4.1 kB)
2025-08-20T17:23:39.2416720Z Collecting ruff==0.4.4 (from -r requirements-dev.txt (line 35))
2025-08-20T17:23:39.2430641Z   Using cached ruff-0.4.4-py3-none-manylinux_2_17_x86_64.manylinux2014_x86_64.whl.metadata (23 kB)
2025-08-20T17:23:39.4877018Z Collecting sqlalchemy==2.0.43 (from -r requirements-dev.txt (line 36))
2025-08-20T17:23:39.4890316Z   Using cached sqlalchemy-2.0.43-cp312-cp312-manylinux_2_17_x86_64.manylinux2014_x86_64.whl.metadata (9.6 kB)
2025-08-20T17:23:39.5101182Z Collecting structlog==24.1.0 (from -r requirements-dev.txt (line 37))
2025-08-20T17:23:39.5112734Z   Using cached structlog-24.1.0-py3-none-any.whl.metadata (6.9 kB)
2025-08-20T17:23:39.5283456Z Collecting testcontainers==4.10.0 (from testcontainers[postgres]==4.10.0->-r requirements-dev.txt (line 38))
2025-08-20T17:23:39.5294616Z   Using cached testcontainers-4.10.0-py3-none-any.whl.metadata (7.8 kB)
2025-08-20T17:23:39.5637122Z Collecting types-requests==2.32.4.20250809 (from -r requirements-dev.txt (line 39))
2025-08-20T17:23:39.5648870Z   Using cached types_requests-2.32.4.20250809-py3-none-any.whl.metadata (2.0 kB)
2025-08-20T17:23:39.5764056Z Collecting docspec-python==2.2.2 (from -r requirements-dev.txt (line 40))
2025-08-20T17:23:39.5775743Z   Using cached docspec_python-2.2.2-py3-none-any.whl.metadata (1.0 kB)
2025-08-20T17:23:39.5929319Z Collecting pydoc-markdown==4.8.2 (from -r requirements-dev.txt (line 41))
2025-08-20T17:23:39.5940529Z   Using cached pydoc_markdown-4.8.2-py3-none-any.whl.metadata (5.9 kB)
2025-08-20T17:23:39.6221112Z Collecting pandera==0.19.* (from -r requirements-dev.txt (line 42))
2025-08-20T17:23:39.6231983Z   Using cached pandera-0.19.3-py3-none-any.whl.metadata (15 kB)
2025-08-20T17:23:39.7172046Z Collecting MarkupSafe>=2.0 (from Jinja2==3.1.6->-r requirements-dev.txt (line 2))
2025-08-20T17:23:39.7183473Z   Using cached MarkupSafe-3.0.2-cp312-cp312-manylinux_2_17_x86_64.manylinux2014_x86_64.whl.metadata (4.0 kB)
2025-08-20T17:23:39.7420707Z Collecting Mako (from alembic==1.13.1->-r requirements-dev.txt (line 3))
2025-08-20T17:23:39.7431876Z   Using cached mako-1.3.10-py3-none-any.whl.metadata (2.9 kB)
2025-08-20T17:23:39.7593105Z Collecting typing-extensions>=4 (from alembic==1.13.1->-r requirements-dev.txt (line 3))
2025-08-20T17:23:39.7604298Z   Using cached typing_extensions-4.14.1-py3-none-any.whl.metadata (3.0 kB)
2025-08-20T17:23:39.7730540Z Collecting six>=1.4.0 (from apscheduler==3.10.4->-r requirements-dev.txt (line 4))
2025-08-20T17:23:39.7741602Z   Using cached six-1.17.0-py2.py3-none-any.whl.metadata (1.7 kB)
2025-08-20T17:23:39.8113328Z Collecting pytz (from apscheduler==3.10.4->-r requirements-dev.txt (line 4))
2025-08-20T17:23:39.8124576Z   Using cached pytz-2025.2-py2.py3-none-any.whl.metadata (22 kB)
2025-08-20T17:23:39.8274271Z Collecting tzlocal!=3.*,>=2.0 (from apscheduler==3.10.4->-r requirements-dev.txt (line 4))
2025-08-20T17:23:39.8285790Z   Using cached tzlocal-5.3.1-py3-none-any.whl.metadata (7.6 kB)
2025-08-20T17:23:39.8571733Z Collecting starlette>=0.18 (from asgi-correlation-id==4.3.1->-r requirements-dev.txt (line 5))
2025-08-20T17:23:39.8582611Z   Using cached starlette-0.47.2-py3-none-any.whl.metadata (6.2 kB)
2025-08-20T17:23:39.8768127Z Collecting click>=8.0.0 (from black==25.1.0->-r requirements-dev.txt (line 7))
2025-08-20T17:23:39.8779244Z   Using cached click-8.2.1-py3-none-any.whl.metadata (2.5 kB)
2025-08-20T17:23:39.8928773Z Collecting packaging>=22.0 (from black==25.1.0->-r requirements-dev.txt (line 7))
2025-08-20T17:23:39.8940102Z   Using cached packaging-25.0-py3-none-any.whl.metadata (3.3 kB)
2025-08-20T17:23:39.9041477Z Collecting pathspec>=0.9.0 (from black==25.1.0->-r requirements-dev.txt (line 7))
2025-08-20T17:23:39.9052774Z   Using cached pathspec-0.12.1-py3-none-any.whl.metadata (21 kB)
2025-08-20T17:23:39.9227239Z Collecting platformdirs>=2 (from black==25.1.0->-r requirements-dev.txt (line 7))
2025-08-20T17:23:39.9238367Z   Using cached platformdirs-4.3.8-py3-none-any.whl.metadata (12 kB)
2025-08-20T17:23:39.9446579Z Collecting billiard<5.0,>=4.2.1 (from celery==5.5.3->-r requirements-dev.txt (line 11))
2025-08-20T17:23:39.9457283Z   Using cached billiard-4.2.1-py3-none-any.whl.metadata (4.4 kB)
2025-08-20T17:23:39.9729523Z Collecting kombu<5.6,>=5.5.2 (from celery==5.5.3->-r requirements-dev.txt (line 11))
2025-08-20T17:23:39.9740976Z   Using cached kombu-5.5.4-py3-none-any.whl.metadata (3.5 kB)
2025-08-20T17:23:39.9887393Z Collecting vine<6.0,>=5.1.0 (from celery==5.5.3->-r requirements-dev.txt (line 11))
2025-08-20T17:23:39.9898212Z   Using cached vine-5.1.0-py3-none-any.whl.metadata (2.7 kB)
2025-08-20T17:23:40.0030980Z Collecting click-didyoumean>=0.3.0 (from celery==5.5.3->-r requirements-dev.txt (line 11))
2025-08-20T17:23:40.0041947Z   Using cached click_didyoumean-0.3.1-py3-none-any.whl.metadata (3.9 kB)
2025-08-20T17:23:40.0141368Z Collecting click-repl>=0.2.0 (from celery==5.5.3->-r requirements-dev.txt (line 11))
2025-08-20T17:23:40.0152385Z   Using cached click_repl-0.3.0-py3-none-any.whl.metadata (3.6 kB)
2025-08-20T17:23:40.0248566Z Collecting click-plugins>=1.1.1 (from celery==5.5.3->-r requirements-dev.txt (line 11))
2025-08-20T17:23:40.0259581Z   Using cached click_plugins-1.1.1.2-py2.py3-none-any.whl.metadata (6.5 kB)
2025-08-20T17:23:40.0372096Z Collecting python-dateutil>=2.8.2 (from celery==5.5.3->-r requirements-dev.txt (line 11))
2025-08-20T17:23:40.0383192Z   Using cached python_dateutil-2.9.0.post0-py2.py3-none-any.whl.metadata (8.4 kB)
2025-08-20T17:23:40.0770803Z Collecting annotated-types>=0.6.0 (from pydantic==2.11.7->-r requirements-dev.txt (line 25))
2025-08-20T17:23:40.0782459Z   Using cached annotated_types-0.7.0-py3-none-any.whl.metadata (15 kB)
2025-08-20T17:23:40.7240924Z Collecting pydantic-core==2.33.2 (from pydantic==2.11.7->-r requirements-dev.txt (line 25))
2025-08-20T17:23:40.7255241Z   Using cached pydantic_core-2.33.2-cp312-cp312-manylinux_2_17_x86_64.manylinux2014_x86_64.whl.metadata (6.8 kB)
2025-08-20T17:23:40.7387592Z Collecting typing-inspection>=0.4.0 (from pydantic==2.11.7->-r requirements-dev.txt (line 25))
2025-08-20T17:23:40.7399841Z   Using cached typing_inspection-0.4.1-py3-none-any.whl.metadata (2.6 kB)
2025-08-20T17:23:40.7622793Z Collecting et-xmlfile (from openpyxl==3.1.5->-r requirements-dev.txt (line 21))
2025-08-20T17:23:40.7634617Z   Using cached et_xmlfile-2.0.0-py3-none-any.whl.metadata (2.7 kB)
2025-08-20T17:23:40.8037211Z Collecting pytest<9,>=7.0.0 (from pytest-asyncio==0.23.6->-r requirements-dev.txt (line 27))
2025-08-20T17:23:40.8049049Z   Using cached pytest-8.4.1-py3-none-any.whl.metadata (7.7 kB)
2025-08-20T17:23:41.1051034Z Collecting coverage>=7.5 (from coverage[toml]>=7.5->pytest-cov==6.2.1->-r requirements-dev.txt (line 28))
2025-08-20T17:23:41.1064997Z   Using cached coverage-7.10.4-cp312-cp312-manylinux1_x86_64.manylinux_2_28_x86_64.manylinux_2_5_x86_64.whl.metadata (8.9 kB)
2025-08-20T17:23:41.1180409Z Collecting pluggy>=1.2 (from pytest-cov==6.2.1->-r requirements-dev.txt (line 28))
2025-08-20T17:23:41.1192348Z   Using cached pluggy-1.6.0-py3-none-any.whl.metadata (4.8 kB)
2025-08-20T17:23:41.1440483Z Collecting port-for>=0.7.3 (from pytest-postgresql==7.0.2->-r requirements-dev.txt (line 29))
2025-08-20T17:23:41.1452050Z   Using cached port_for-0.7.4-py3-none-any.whl.metadata (7.1 kB)
2025-08-20T17:23:41.1584699Z Collecting mirakuru>=2.6.0 (from pytest-postgresql==7.0.2->-r requirements-dev.txt (line 29))
2025-08-20T17:23:41.1596205Z   Using cached mirakuru-2.6.1-py3-none-any.whl.metadata (10 kB)
2025-08-20T17:23:41.2396123Z Collecting charset_normalizer<4,>=2 (from requests==2.32.4->-r requirements-dev.txt (line 33))
2025-08-20T17:23:41.2408426Z   Using cached charset_normalizer-3.4.3-cp312-cp312-manylinux2014_x86_64.manylinux_2_17_x86_64.manylinux_2_28_x86_64.whl.metadata (36 kB)
2025-08-20T17:23:41.2557127Z Collecting idna<4,>=2.5 (from requests==2.32.4->-r requirements-dev.txt (line 33))
2025-08-20T17:23:41.2568548Z   Using cached idna-3.10-py3-none-any.whl.metadata (10 kB)
2025-08-20T17:23:41.2831509Z Collecting urllib3<3,>=1.21.1 (from requests==2.32.4->-r requirements-dev.txt (line 33))
2025-08-20T17:23:41.2843012Z   Using cached urllib3-2.5.0-py3-none-any.whl.metadata (6.5 kB)
2025-08-20T17:23:41.3034295Z Collecting certifi>=2017.4.17 (from requests==2.32.4->-r requirements-dev.txt (line 33))
2025-08-20T17:23:41.3046065Z   Using cached certifi-2025.8.3-py3-none-any.whl.metadata (2.4 kB)
2025-08-20T17:23:41.4976612Z Collecting greenlet>=1 (from sqlalchemy==2.0.43->-r requirements-dev.txt (line 36))
2025-08-20T17:23:41.4990749Z   Using cached greenlet-3.2.4-cp312-cp312-manylinux_2_24_x86_64.manylinux_2_28_x86_64.whl.metadata (4.1 kB)
2025-08-20T17:23:41.5221027Z Collecting docker (from testcontainers==4.10.0->testcontainers[postgres]==4.10.0->-r requirements-dev.txt (line 38))
2025-08-20T17:23:41.5232818Z   Using cached docker-7.1.0-py3-none-any.whl.metadata (3.8 kB)
2025-08-20T17:23:41.6164257Z Collecting wrapt (from testcontainers==4.10.0->testcontainers[postgres]==4.10.0->-r requirements-dev.txt (line 38))
2025-08-20T17:23:41.6176585Z   Using cached wrapt-1.17.3-cp312-cp312-manylinux1_x86_64.manylinux_2_28_x86_64.manylinux_2_5_x86_64.whl.metadata (6.4 kB)
2025-08-20T17:23:41.6409880Z Collecting docspec==2.2.1 (from docspec-python==2.2.2->-r requirements-dev.txt (line 40))
2025-08-20T17:23:41.6420600Z   Using cached docspec-2.2.1-py3-none-any.whl.metadata (1.5 kB)
2025-08-20T17:23:41.6570284Z Collecting nr-util>=0.8.12 (from docspec-python==2.2.2->-r requirements-dev.txt (line 40))
2025-08-20T17:23:41.6581325Z   Using cached nr.util-0.8.12-py3-none-any.whl.metadata (813 bytes)
2025-08-20T17:23:41.6903347Z Collecting PyYAML<7.0,>=5.0 (from pydoc-markdown==4.8.2->-r requirements-dev.txt (line 41))
2025-08-20T17:23:41.6915431Z   Using cached PyYAML-6.0.2-cp312-cp312-manylinux_2_17_x86_64.manylinux2014_x86_64.whl.metadata (2.1 kB)
2025-08-20T17:23:41.7161887Z Collecting databind.core<5.0.0,>=4.4.0 (from pydoc-markdown==4.8.2->-r requirements-dev.txt (line 41))
2025-08-20T17:23:41.7194696Z   Using cached databind.core-4.5.2-py3-none-any.whl.metadata (1.1 kB)
2025-08-20T17:23:41.7379237Z Collecting databind.json<5.0.0,>=4.4.0 (from pydoc-markdown==4.8.2->-r requirements-dev.txt (line 41))
2025-08-20T17:23:41.7391066Z   Using cached databind.json-4.5.2-py3-none-any.whl.metadata (1.1 kB)
2025-08-20T17:23:41.7531333Z Collecting docstring-parser<0.12,>=0.11 (from pydoc-markdown==4.8.2->-r requirements-dev.txt (line 41))
2025-08-20T17:23:41.7532834Z   Using cached docstring_parser-0.11-py3-none-any.whl
2025-08-20T17:23:41.7811166Z Collecting tomli<3.0.0,>=2.0.0 (from pydoc-markdown==4.8.2->-r requirements-dev.txt (line 41))
2025-08-20T17:23:41.7822824Z   Using cached tomli-2.2.1-cp312-cp312-manylinux_2_17_x86_64.manylinux2014_x86_64.whl.metadata (11 kB)
2025-08-20T17:23:41.7913787Z Collecting tomli_w<2.0.0,>=1.0.0 (from pydoc-markdown==4.8.2->-r requirements-dev.txt (line 41))
2025-08-20T17:23:41.7925289Z   Using cached tomli_w-1.2.0-py3-none-any.whl.metadata (5.7 kB)
2025-08-20T17:23:41.8353890Z Collecting watchdog (from pydoc-markdown==4.8.2->-r requirements-dev.txt (line 41))
2025-08-20T17:23:41.8365666Z   Using cached watchdog-6.0.0-py3-none-manylinux2014_x86_64.whl.metadata (44 kB)
2025-08-20T17:23:41.8563081Z Collecting yapf>=0.30.0 (from pydoc-markdown==4.8.2->-r requirements-dev.txt (line 41))
2025-08-20T17:23:41.8574526Z   Using cached yapf-0.43.0-py3-none-any.whl.metadata (46 kB)
2025-08-20T17:23:41.8745538Z Collecting Deprecated<2.0.0,>=1.2.12 (from docspec==2.2.1->docspec-python==2.2.2->-r requirements-dev.txt (line 40))
2025-08-20T17:23:41.8757183Z   Using cached Deprecated-1.2.18-py2.py3-none-any.whl.metadata (5.7 kB)
2025-08-20T17:23:42.0236209Z Collecting psycopg-binary==3.2.9 (from psycopg[binary]==3.2.9->-r requirements-dev.txt (line 24))
2025-08-20T17:23:42.0248256Z   Using cached psycopg_binary-3.2.9-cp312-cp312-manylinux_2_17_x86_64.manylinux2014_x86_64.whl.metadata (2.9 kB)
2025-08-20T17:23:42.0560149Z Collecting argon2-cffi (from minio==7.*->-r requirements-dev.txt (line 10))
2025-08-20T17:23:42.0571959Z   Using cached argon2_cffi-25.1.0-py3-none-any.whl.metadata (4.1 kB)
2025-08-20T17:23:42.1350024Z Collecting pycryptodome (from minio==7.*->-r requirements-dev.txt (line 10))
2025-08-20T17:23:42.1365153Z   Using cached pycryptodome-3.23.0-cp37-abi3-manylinux_2_17_x86_64.manylinux2014_x86_64.whl.metadata (3.4 kB)
2025-08-20T17:23:42.1548751Z Collecting anyio (from httpx<0.29,>=0.27->-r requirements-dev.txt (line 15))
2025-08-20T17:23:42.1560358Z   Using cached anyio-4.10.0-py3-none-any.whl.metadata (4.0 kB)
2025-08-20T17:23:42.1748697Z Collecting httpcore==1.* (from httpx<0.29,>=0.27->-r requirements-dev.txt (line 15))
2025-08-20T17:23:42.1760374Z   Using cached httpcore-1.0.9-py3-none-any.whl.metadata (21 kB)
2025-08-20T17:23:42.2061706Z Collecting tzdata>=2022.7 (from pandas==2.2.*->-r requirements-dev.txt (line 22))
2025-08-20T17:23:42.2072950Z   Using cached tzdata-2025.2-py2.py3-none-any.whl.metadata (1.4 kB)
2025-08-20T17:23:42.2236913Z Collecting multimethod<=1.10.0 (from pandera==0.19.*->-r requirements-dev.txt (line 42))
2025-08-20T17:23:42.2248783Z   Using cached multimethod-1.10-py3-none-any.whl.metadata (8.2 kB)
2025-08-20T17:23:42.2645072Z Collecting typeguard (from pandera==0.19.*->-r requirements-dev.txt (line 42))
2025-08-20T17:23:42.2656638Z   Using cached typeguard-4.4.4-py3-none-any.whl.metadata (3.3 kB)
2025-08-20T17:23:42.2754243Z Collecting typing-inspect>=0.6.0 (from pandera==0.19.*->-r requirements-dev.txt (line 42))
2025-08-20T17:23:42.2765893Z   Using cached typing_inspect-0.9.0-py3-none-any.whl.metadata (1.5 kB)
2025-08-20T17:23:42.3022649Z Collecting databind<5.0.0,>=4.5.2 (from databind.core<5.0.0,>=4.4.0->pydoc-markdown==4.8.2->-r requirements-dev.txt (line 41))
2025-08-20T17:23:42.3034406Z   Using cached databind-4.5.2-py3-none-any.whl.metadata (4.3 kB)
2025-08-20T17:23:42.3150308Z Collecting nr-date<3.0.0,>=2.0.0 (from databind<5.0.0,>=4.5.2->databind.core<5.0.0,>=4.4.0->pydoc-markdown==4.8.2->-r requirements-dev.txt (line 41))
2025-08-20T17:23:42.3161740Z   Using cached nr_date-2.1.0-py3-none-any.whl.metadata (746 bytes)
2025-08-20T17:23:42.3274610Z Collecting nr-stream<2.0.0,>=1.0.0 (from databind<5.0.0,>=4.5.2->databind.core<5.0.0,>=4.4.0->pydoc-markdown==4.8.2->-r requirements-dev.txt (line 41))
2025-08-20T17:23:42.3286007Z   Using cached nr_stream-1.1.5-py3-none-any.whl.metadata (3.6 kB)
2025-08-20T17:23:42.3439458Z Collecting typeapi<3,>=2.0.1 (from databind<5.0.0,>=4.5.2->databind.core<5.0.0,>=4.4.0->pydoc-markdown==4.8.2->-r requirements-dev.txt (line 41))
2025-08-20T17:23:42.3451175Z   Using cached typeapi-2.2.4-py3-none-any.whl.metadata (1.5 kB)
2025-08-20T17:23:42.3709005Z Collecting h11>=0.16 (from httpcore==1.*->httpx<0.29,>=0.27->-r requirements-dev.txt (line 15))
2025-08-20T17:23:42.3720514Z   Using cached h11-0.16.0-py3-none-any.whl.metadata (8.3 kB)
2025-08-20T17:23:42.3945636Z Collecting amqp<6.0.0,>=5.1.1 (from kombu<5.6,>=5.5.2->celery==5.5.3->-r requirements-dev.txt (line 11))
2025-08-20T17:23:42.3957200Z   Using cached amqp-5.3.1-py3-none-any.whl.metadata (8.9 kB)
2025-08-20T17:23:42.4311196Z Collecting iniconfig>=1 (from pytest<9,>=7.0.0->pytest-asyncio==0.23.6->-r requirements-dev.txt (line 27))
2025-08-20T17:23:42.4322601Z   Using cached iniconfig-2.1.0-py3-none-any.whl.metadata (2.7 kB)
2025-08-20T17:23:42.4524724Z Collecting pygments>=2.7.2 (from pytest<9,>=7.0.0->pytest-asyncio==0.23.6->-r requirements-dev.txt (line 27))
2025-08-20T17:23:42.4536352Z   Using cached pygments-2.19.2-py3-none-any.whl.metadata (2.5 kB)
2025-08-20T17:23:42.4865109Z Collecting sniffio>=1.1 (from anyio->httpx<0.29,>=0.27->-r requirements-dev.txt (line 15))
2025-08-20T17:23:42.4876560Z   Using cached sniffio-1.3.1-py3-none-any.whl.metadata (3.9 kB)
2025-08-20T17:23:42.9765113Z Collecting botocore<1.41.0,>=1.40.13 (from boto3->-r requirements-dev.txt (line 8))
2025-08-20T17:23:42.9904828Z   Downloading botocore-1.40.13-py3-none-any.whl.metadata (5.7 kB)
2025-08-20T17:23:43.0043813Z Collecting jmespath<2.0.0,>=0.7.1 (from boto3->-r requirements-dev.txt (line 8))
2025-08-20T17:23:43.0056066Z   Using cached jmespath-1.0.1-py3-none-any.whl.metadata (7.6 kB)
2025-08-20T17:23:43.0225370Z Collecting s3transfer<0.14.0,>=0.13.0 (from boto3->-r requirements-dev.txt (line 8))
2025-08-20T17:23:43.0236397Z   Using cached s3transfer-0.13.1-py3-none-any.whl.metadata (1.7 kB)
2025-08-20T17:23:43.1743907Z Collecting fastapi-cli>=0.0.8 (from fastapi-cli[standard]>=0.0.8; extra == "all"->fastapi[all]->-r requirements-dev.txt (line 13))
2025-08-20T17:23:43.1754964Z   Using cached fastapi_cli-0.0.8-py3-none-any.whl.metadata (6.3 kB)
2025-08-20T17:23:43.2473707Z Collecting ujson!=4.0.2,!=4.1.0,!=4.2.0,!=4.3.0,!=5.0.0,!=5.1.0,>=4.0.1 (from fastapi[all]->-r requirements-dev.txt (line 13))
2025-08-20T17:23:43.2612841Z   Downloading ujson-5.11.0-cp312-cp312-manylinux_2_24_x86_64.manylinux_2_28_x86_64.whl.metadata (9.4 kB)
2025-08-20T17:23:43.4847773Z Collecting orjson>=3.2.1 (from fastapi[all]->-r requirements-dev.txt (line 13))
2025-08-20T17:23:43.4860599Z   Using cached orjson-3.11.2-cp312-cp312-manylinux_2_17_x86_64.manylinux2014_x86_64.whl.metadata (1.2 kB)
2025-08-20T17:23:43.4978969Z Collecting email-validator>=2.0.0 (from fastapi[all]->-r requirements-dev.txt (line 13))
2025-08-20T17:23:43.4991466Z   Using cached email_validator-2.2.0-py3-none-any.whl.metadata (25 kB)
2025-08-20T17:23:43.5264385Z Collecting uvicorn>=0.12.0 (from uvicorn[standard]>=0.12.0; extra == "all"->fastapi[all]->-r requirements-dev.txt (line 13))
2025-08-20T17:23:43.5275337Z   Using cached uvicorn-0.35.0-py3-none-any.whl.metadata (6.5 kB)
2025-08-20T17:23:43.5434232Z Collecting pydantic-settings>=2.0.0 (from fastapi[all]->-r requirements-dev.txt (line 13))
2025-08-20T17:23:43.5444909Z   Using cached pydantic_settings-2.10.1-py3-none-any.whl.metadata (3.4 kB)
2025-08-20T17:23:43.5587151Z Collecting pydantic-extra-types>=2.0.0 (from fastapi[all]->-r requirements-dev.txt (line 13))
2025-08-20T17:23:43.5598192Z   Using cached pydantic_extra_types-2.10.5-py3-none-any.whl.metadata (3.9 kB)
2025-08-20T17:23:43.6247693Z Collecting prompt-toolkit>=3.0.36 (from click-repl>=0.2.0->celery==5.5.3->-r requirements-dev.txt (line 11))
2025-08-20T17:23:43.6258845Z   Using cached prompt_toolkit-3.0.51-py3-none-any.whl.metadata (6.4 kB)
2025-08-20T17:23:43.6432423Z Collecting dnspython>=2.0.0 (from email-validator>=2.0.0->fastapi[all]->-r requirements-dev.txt (line 13))
2025-08-20T17:23:43.6443443Z   Using cached dnspython-2.7.0-py3-none-any.whl.metadata (5.8 kB)
2025-08-20T17:23:43.6718103Z Collecting typer>=0.15.1 (from fastapi-cli>=0.0.8->fastapi-cli[standard]>=0.0.8; extra == "all"->fastapi[all]->-r requirements-dev.txt (line 13))
2025-08-20T17:23:43.6730215Z   Using cached typer-0.16.1-py3-none-any.whl.metadata (15 kB)
2025-08-20T17:23:43.6996240Z Collecting rich-toolkit>=0.14.8 (from fastapi-cli>=0.0.8->fastapi-cli[standard]>=0.0.8; extra == "all"->fastapi[all]->-r requirements-dev.txt (line 13))
2025-08-20T17:23:43.7007672Z   Using cached rich_toolkit-0.15.0-py3-none-any.whl.metadata (1.0 kB)
2025-08-20T17:23:43.7121132Z Collecting fastapi-cloud-cli>=0.1.1 (from fastapi-cli[standard]>=0.0.8; extra == "all"->fastapi[all]->-r requirements-dev.txt (line 13))
2025-08-20T17:23:43.7132952Z   Using cached fastapi_cloud_cli-0.1.5-py3-none-any.whl.metadata (3.2 kB)
2025-08-20T17:23:43.7844119Z Collecting rignore>=0.5.1 (from fastapi-cloud-cli>=0.1.1->fastapi-cli[standard]>=0.0.8; extra == "all"->fastapi[all]->-r requirements-dev.txt (line 13))
2025-08-20T17:23:43.7855271Z   Using cached rignore-0.6.4-cp312-cp312-manylinux_2_17_x86_64.manylinux2014_x86_64.whl.metadata (3.8 kB)
2025-08-20T17:23:43.8485530Z Collecting sentry-sdk>=2.20.0 (from fastapi-cloud-cli>=0.1.1->fastapi-cli[standard]>=0.0.8; extra == "all"->fastapi[all]->-r requirements-dev.txt (line 13))
2025-08-20T17:23:43.8496933Z   Using cached sentry_sdk-2.35.0-py2.py3-none-any.whl.metadata (10 kB)
2025-08-20T17:23:43.9400862Z Collecting psutil>=4.0.0 (from mirakuru>=2.6.0->pytest-postgresql==7.0.2->-r requirements-dev.txt (line 29))
2025-08-20T17:23:43.9412803Z   Using cached psutil-7.0.0-cp36-abi3-manylinux_2_12_x86_64.manylinux2010_x86_64.manylinux_2_17_x86_64.manylinux2014_x86_64.whl.metadata (22 kB)
2025-08-20T17:23:43.9723316Z Collecting wcwidth (from prompt-toolkit>=3.0.36->click-repl>=0.2.0->celery==5.5.3->-r requirements-dev.txt (line 11))
2025-08-20T17:23:43.9734103Z   Using cached wcwidth-0.2.13-py2.py3-none-any.whl.metadata (14 kB)
2025-08-20T17:23:44.0533526Z Collecting rich>=13.7.1 (from rich-toolkit>=0.14.8->fastapi-cli>=0.0.8->fastapi-cli[standard]>=0.0.8; extra == "all"->fastapi[all]->-r requirements-dev.txt (line 13))
2025-08-20T17:23:44.0544428Z   Using cached rich-14.1.0-py3-none-any.whl.metadata (18 kB)
2025-08-20T17:23:44.0721521Z Collecting markdown-it-py>=2.2.0 (from rich>=13.7.1->rich-toolkit>=0.14.8->fastapi-cli>=0.0.8->fastapi-cli[standard]>=0.0.8; extra == "all"->fastapi[all]->-r requirements-dev.txt (line 13))
2025-08-20T17:23:44.0732337Z   Using cached markdown_it_py-4.0.0-py3-none-any.whl.metadata (7.3 kB)
2025-08-20T17:23:44.0944924Z Collecting mdurl~=0.1 (from markdown-it-py>=2.2.0->rich>=13.7.1->rich-toolkit>=0.14.8->fastapi-cli>=0.0.8->fastapi-cli[standard]>=0.0.8; extra == "all"->fastapi[all]->-r requirements-dev.txt (line 13))
2025-08-20T17:23:44.0956068Z   Using cached mdurl-0.1.2-py3-none-any.whl.metadata (1.6 kB)
2025-08-20T17:23:44.1486297Z Collecting shellingham>=1.3.0 (from typer>=0.15.1->fastapi-cli>=0.0.8->fastapi-cli[standard]>=0.0.8; extra == "all"->fastapi[all]->-r requirements-dev.txt (line 13))
2025-08-20T17:23:44.1497093Z   Using cached shellingham-1.5.4-py2.py3-none-any.whl.metadata (3.5 kB)
2025-08-20T17:23:44.2326147Z Collecting httptools>=0.6.3 (from uvicorn[standard]>=0.12.0; extra == "all"->fastapi[all]->-r requirements-dev.txt (line 13))
2025-08-20T17:23:44.2337808Z   Using cached httptools-0.6.4-cp312-cp312-manylinux_2_5_x86_64.manylinux1_x86_64.manylinux_2_17_x86_64.manylinux2014_x86_64.whl.metadata (3.6 kB)
2025-08-20T17:23:44.2738189Z Collecting uvloop>=0.15.1 (from uvicorn[standard]>=0.12.0; extra == "all"->fastapi[all]->-r requirements-dev.txt (line 13))
2025-08-20T17:23:44.2749494Z   Using cached uvloop-0.21.0-cp312-cp312-manylinux_2_17_x86_64.manylinux2014_x86_64.whl.metadata (4.9 kB)
2025-08-20T17:23:44.3596686Z Collecting watchfiles>=0.13 (from uvicorn[standard]>=0.12.0; extra == "all"->fastapi[all]->-r requirements-dev.txt (line 13))
2025-08-20T17:23:44.3608627Z   Using cached watchfiles-1.1.0-cp312-cp312-manylinux_2_17_x86_64.manylinux2014_x86_64.whl.metadata (4.9 kB)
2025-08-20T17:23:44.4791997Z Collecting websockets>=10.4 (from uvicorn[standard]>=0.12.0; extra == "all"->fastapi[all]->-r requirements-dev.txt (line 13))
2025-08-20T17:23:44.4807033Z   Using cached websockets-15.0.1-cp312-cp312-manylinux_2_5_x86_64.manylinux1_x86_64.manylinux_2_17_x86_64.manylinux2014_x86_64.whl.metadata (6.8 kB)
2025-08-20T17:23:44.5248114Z Collecting argon2-cffi-bindings (from argon2-cffi->minio==7.*->-r requirements-dev.txt (line 10))
2025-08-20T17:23:44.5259528Z   Using cached argon2_cffi_bindings-25.1.0-cp39-abi3-manylinux_2_26_x86_64.manylinux_2_28_x86_64.whl.metadata (7.4 kB)
2025-08-20T17:23:44.7361632Z Collecting cffi>=1.0.1 (from argon2-cffi-bindings->argon2-cffi->minio==7.*->-r requirements-dev.txt (line 10))
2025-08-20T17:23:44.7374989Z   Using cached cffi-1.17.1-cp312-cp312-manylinux_2_17_x86_64.manylinux2014_x86_64.whl.metadata (1.5 kB)
2025-08-20T17:23:44.7499369Z Collecting pycparser (from cffi>=1.0.1->argon2-cffi-bindings->argon2-cffi->minio==7.*->-r requirements-dev.txt (line 10))
2025-08-20T17:23:44.7510261Z   Using cached pycparser-2.22-py3-none-any.whl.metadata (943 bytes)
2025-08-20T17:23:44.8138810Z Using cached jinja2-3.1.6-py3-none-any.whl (134 kB)
2025-08-20T17:23:44.8151037Z Using cached alembic-1.13.1-py3-none-any.whl (233 kB)
2025-08-20T17:23:44.8163569Z Using cached APScheduler-3.10.4-py3-none-any.whl (59 kB)
2025-08-20T17:23:44.8174741Z Using cached asgi_correlation_id-4.3.1-py3-none-any.whl (15 kB)
2025-08-20T17:23:44.8186096Z Using cached asyncpg-0.30.0-cp312-cp312-manylinux_2_17_x86_64.manylinux2014_x86_64.whl (3.6 MB)
2025-08-20T17:23:44.8225584Z Using cached black-25.1.0-cp312-cp312-manylinux_2_17_x86_64.manylinux2014_x86_64.manylinux_2_28_x86_64.whl (1.8 MB)
2025-08-20T17:23:44.8248761Z Using cached celery-5.5.3-py3-none-any.whl (438 kB)
2025-08-20T17:23:44.8262499Z Using cached fastapi-0.116.1-py3-none-any.whl (95 kB)
2025-08-20T17:23:44.8273772Z Using cached pydantic-2.11.7-py3-none-any.whl (444 kB)
2025-08-20T17:23:44.8287252Z Using cached fastapi_limiter-0.1.6-py3-none-any.whl (15 kB)
2025-08-20T17:23:44.8297869Z Using cached IMAPClient-3.0.1-py2.py3-none-any.whl (182 kB)
2025-08-20T17:23:44.8309892Z Using cached mypy_extensions-1.1.0-py3-none-any.whl (5.0 kB)
2025-08-20T17:23:44.8320756Z Using cached openpyxl-3.1.5-py2.py3-none-any.whl (250 kB)
2025-08-20T17:23:44.8333323Z Using cached psycopg2_binary-2.9.10-cp312-cp312-manylinux_2_17_x86_64.manylinux2014_x86_64.whl (3.0 MB)
2025-08-20T17:23:44.8365570Z Using cached psycopg-3.2.9-py3-none-any.whl (202 kB)
2025-08-20T17:23:44.8377303Z Using cached pytest_asyncio-0.23.6-py3-none-any.whl (17 kB)
2025-08-20T17:23:44.8387936Z Using cached pytest_cov-6.2.1-py3-none-any.whl (24 kB)
2025-08-20T17:23:44.8398641Z Using cached pytest_postgresql-7.0.2-py3-none-any.whl (41 kB)
2025-08-20T17:23:44.8409963Z Using cached python_telegram_bot-22.3-py3-none-any.whl (717 kB)
2025-08-20T17:23:44.8425594Z Using cached requests-2.32.4-py3-none-any.whl (64 kB)
2025-08-20T17:23:44.8436630Z Using cached respx-0.22.0-py2.py3-none-any.whl (25 kB)
2025-08-20T17:23:44.8447587Z Using cached ruff-0.4.4-py3-none-manylinux_2_17_x86_64.manylinux2014_x86_64.whl (8.7 MB)
2025-08-20T17:23:44.8519344Z Using cached sqlalchemy-2.0.43-cp312-cp312-manylinux_2_17_x86_64.manylinux2014_x86_64.whl (3.3 MB)
2025-08-20T17:23:44.8553081Z Using cached structlog-24.1.0-py3-none-any.whl (65 kB)
2025-08-20T17:23:44.8564286Z Using cached testcontainers-4.10.0-py3-none-any.whl (107 kB)
2025-08-20T17:23:44.8575605Z Using cached types_requests-2.32.4.20250809-py3-none-any.whl (20 kB)
2025-08-20T17:23:44.8586320Z Using cached docspec_python-2.2.2-py3-none-any.whl (15 kB)
2025-08-20T17:23:44.8596953Z Using cached pydoc_markdown-4.8.2-py3-none-any.whl (67 kB)
2025-08-20T17:23:44.8607814Z Using cached docspec-2.2.1-py3-none-any.whl (9.8 kB)
2025-08-20T17:23:44.8618689Z Using cached psycopg_binary-3.2.9-cp312-cp312-manylinux_2_17_x86_64.manylinux2014_x86_64.whl (4.4 MB)
2025-08-20T17:23:44.8661234Z Using cached pydantic_core-2.33.2-cp312-cp312-manylinux_2_17_x86_64.manylinux2014_x86_64.whl (2.0 MB)
2025-08-20T17:23:44.8685505Z Using cached redis-6.4.0-py3-none-any.whl (279 kB)
2025-08-20T17:23:44.8697950Z Using cached minio-7.2.16-py3-none-any.whl (95 kB)
2025-08-20T17:23:44.8709133Z Using cached httpx-0.28.1-py3-none-any.whl (73 kB)
2025-08-20T17:23:44.8720736Z Using cached mypy-1.17.1-cp312-cp312-manylinux2014_x86_64.manylinux_2_17_x86_64.manylinux_2_28_x86_64.whl (12.7 MB)
2025-08-20T17:23:44.8821355Z Using cached numpy-1.26.4-cp312-cp312-manylinux_2_17_x86_64.manylinux2014_x86_64.whl (18.0 MB)
2025-08-20T17:23:44.8957999Z Using cached pandas-2.2.3-cp312-cp312-manylinux_2_17_x86_64.manylinux2014_x86_64.whl (12.7 MB)
2025-08-20T17:23:44.9057734Z Using cached pandera-0.19.3-py3-none-any.whl (251 kB)
2025-08-20T17:23:44.9070288Z Using cached billiard-4.2.1-py3-none-any.whl (86 kB)
2025-08-20T17:23:44.9082755Z Using cached charset_normalizer-3.4.3-cp312-cp312-manylinux2014_x86_64.manylinux_2_17_x86_64.manylinux_2_28_x86_64.whl (151 kB)
2025-08-20T17:23:44.9094314Z Using cached click-8.2.1-py3-none-any.whl (102 kB)
2025-08-20T17:23:44.9105543Z Using cached databind.core-4.5.2-py3-none-any.whl (1.5 kB)
2025-08-20T17:23:44.9116110Z Using cached databind-4.5.2-py3-none-any.whl (49 kB)
2025-08-20T17:23:44.9128380Z Using cached databind.json-4.5.2-py3-none-any.whl (1.5 kB)
2025-08-20T17:23:44.9139153Z Using cached Deprecated-1.2.18-py2.py3-none-any.whl (10.0 kB)
2025-08-20T17:23:44.9149926Z Using cached httpcore-1.0.9-py3-none-any.whl (78 kB)
2025-08-20T17:23:44.9161174Z Using cached idna-3.10-py3-none-any.whl (70 kB)
2025-08-20T17:23:44.9172170Z Using cached kombu-5.5.4-py3-none-any.whl (210 kB)
2025-08-20T17:23:44.9184271Z Using cached vine-5.1.0-py3-none-any.whl (9.6 kB)
2025-08-20T17:23:44.9194500Z Using cached amqp-5.3.1-py3-none-any.whl (50 kB)
2025-08-20T17:23:44.9206914Z Using cached multimethod-1.10-py3-none-any.whl (9.9 kB)
2025-08-20T17:23:44.9217443Z Using cached nr_date-2.1.0-py3-none-any.whl (10 kB)
2025-08-20T17:23:44.9228121Z Using cached nr_stream-1.1.5-py3-none-any.whl (10 kB)
2025-08-20T17:23:44.9238909Z Using cached nr.util-0.8.12-py3-none-any.whl (90 kB)
2025-08-20T17:23:44.9250487Z Using cached pytest-8.4.1-py3-none-any.whl (365 kB)
2025-08-20T17:23:44.9264044Z Using cached pluggy-1.6.0-py3-none-any.whl (20 kB)
2025-08-20T17:23:44.9275174Z Using cached PyYAML-6.0.2-cp312-cp312-manylinux_2_17_x86_64.manylinux2014_x86_64.whl (767 kB)
2025-08-20T17:23:44.9290831Z Using cached starlette-0.47.2-py3-none-any.whl (72 kB)
2025-08-20T17:23:44.9301944Z Using cached anyio-4.10.0-py3-none-any.whl (107 kB)
2025-08-20T17:23:44.9313717Z Using cached tomli-2.2.1-cp312-cp312-manylinux_2_17_x86_64.manylinux2014_x86_64.whl (242 kB)
2025-08-20T17:23:44.9325704Z Using cached tomli_w-1.2.0-py3-none-any.whl (6.7 kB)
2025-08-20T17:23:44.9336410Z Using cached typeapi-2.2.4-py3-none-any.whl (26 kB)
2025-08-20T17:23:44.9347225Z Using cached typing_extensions-4.14.1-py3-none-any.whl (43 kB)
2025-08-20T17:23:44.9358010Z Using cached urllib3-2.5.0-py3-none-any.whl (129 kB)
2025-08-20T17:23:44.9370105Z Using cached wrapt-1.17.3-cp312-cp312-manylinux1_x86_64.manylinux_2_28_x86_64.manylinux_2_5_x86_64.whl (88 kB)
2025-08-20T17:23:44.9508410Z Downloading boto3-1.40.13-py3-none-any.whl (140 kB)
2025-08-20T17:23:45.0711322Z Downloading botocore-1.40.13-py3-none-any.whl (14.0 MB)
2025-08-20T17:23:45.1717664Z    ━━━━━━━━━━━━━━━━━━━━━━━━━━━━━━━━━━━━━━━━ 14.0/14.0 MB 159.3 MB/s  0:00:00
2025-08-20T17:23:45.1730643Z Using cached jmespath-1.0.1-py3-none-any.whl (20 kB)
2025-08-20T17:23:45.1741938Z Using cached python_dateutil-2.9.0.post0-py2.py3-none-any.whl (229 kB)
2025-08-20T17:23:45.1754165Z Using cached s3transfer-0.13.1-py3-none-any.whl (85 kB)
2025-08-20T17:23:45.1765557Z Using cached itsdangerous-2.2.0-py3-none-any.whl (16 kB)
2025-08-20T17:23:45.1776416Z Using cached setuptools-80.9.0-py3-none-any.whl (1.2 MB)
2025-08-20T17:23:45.1795787Z Using cached python_dotenv-1.1.1-py3-none-any.whl (20 kB)
2025-08-20T17:23:45.1806766Z Using cached python_multipart-0.0.20-py3-none-any.whl (24 kB)
2025-08-20T17:23:45.1817662Z Using cached annotated_types-0.7.0-py3-none-any.whl (13 kB)
2025-08-20T17:23:45.1828370Z Using cached certifi-2025.8.3-py3-none-any.whl (161 kB)
2025-08-20T17:23:45.1840212Z Using cached click_didyoumean-0.3.1-py3-none-any.whl (3.6 kB)
2025-08-20T17:23:45.1850792Z Using cached click_plugins-1.1.1.2-py2.py3-none-any.whl (11 kB)
2025-08-20T17:23:45.1861905Z Using cached click_repl-0.3.0-py3-none-any.whl (10 kB)
2025-08-20T17:23:45.1873262Z Using cached coverage-7.10.4-cp312-cp312-manylinux1_x86_64.manylinux_2_28_x86_64.manylinux_2_5_x86_64.whl (251 kB)
2025-08-20T17:23:45.1885335Z Using cached email_validator-2.2.0-py3-none-any.whl (33 kB)
2025-08-20T17:23:45.1896262Z Using cached dnspython-2.7.0-py3-none-any.whl (313 kB)
2025-08-20T17:23:45.1909015Z Using cached fastapi_cli-0.0.8-py3-none-any.whl (10 kB)
2025-08-20T17:23:45.1919818Z Using cached fastapi_cloud_cli-0.1.5-py3-none-any.whl (18 kB)
2025-08-20T17:23:45.1931121Z Using cached greenlet-3.2.4-cp312-cp312-manylinux_2_24_x86_64.manylinux_2_28_x86_64.whl (607 kB)
2025-08-20T17:23:45.1945679Z Using cached h11-0.16.0-py3-none-any.whl (37 kB)
2025-08-20T17:23:45.1956634Z Using cached iniconfig-2.1.0-py3-none-any.whl (6.0 kB)
2025-08-20T17:23:45.1967785Z Using cached MarkupSafe-3.0.2-cp312-cp312-manylinux_2_17_x86_64.manylinux2014_x86_64.whl (23 kB)
2025-08-20T17:23:45.1978266Z Using cached mirakuru-2.6.1-py3-none-any.whl (26 kB)
2025-08-20T17:23:45.1989389Z Using cached orjson-3.11.2-cp312-cp312-manylinux_2_17_x86_64.manylinux2014_x86_64.whl (121 kB)
2025-08-20T17:23:45.2000951Z Using cached packaging-25.0-py3-none-any.whl (66 kB)
2025-08-20T17:23:45.2011948Z Using cached pathspec-0.12.1-py3-none-any.whl (31 kB)
2025-08-20T17:23:45.2023103Z Using cached platformdirs-4.3.8-py3-none-any.whl (18 kB)
2025-08-20T17:23:45.2033529Z Using cached port_for-0.7.4-py3-none-any.whl (21 kB)
2025-08-20T17:23:45.2044280Z Using cached prompt_toolkit-3.0.51-py3-none-any.whl (387 kB)
2025-08-20T17:23:45.2058178Z Using cached psutil-7.0.0-cp36-abi3-manylinux_2_12_x86_64.manylinux2010_x86_64.manylinux_2_17_x86_64.manylinux2014_x86_64.whl (277 kB)
2025-08-20T17:23:45.2070510Z Using cached pydantic_extra_types-2.10.5-py3-none-any.whl (38 kB)
2025-08-20T17:23:45.2081549Z Using cached pydantic_settings-2.10.1-py3-none-any.whl (45 kB)
2025-08-20T17:23:45.2092548Z Using cached pygments-2.19.2-py3-none-any.whl (1.2 MB)
2025-08-20T17:23:45.2111819Z Using cached pytz-2025.2-py2.py3-none-any.whl (509 kB)
2025-08-20T17:23:45.2125795Z Using cached rich_toolkit-0.15.0-py3-none-any.whl (29 kB)
2025-08-20T17:23:45.2136565Z Using cached rich-14.1.0-py3-none-any.whl (243 kB)
2025-08-20T17:23:45.2148801Z Using cached markdown_it_py-4.0.0-py3-none-any.whl (87 kB)
2025-08-20T17:23:45.2159990Z Using cached mdurl-0.1.2-py3-none-any.whl (10.0 kB)
2025-08-20T17:23:45.2171158Z Using cached rignore-0.6.4-cp312-cp312-manylinux_2_17_x86_64.manylinux2014_x86_64.whl (949 kB)
2025-08-20T17:23:45.2188119Z Using cached sentry_sdk-2.35.0-py2.py3-none-any.whl (363 kB)
2025-08-20T17:23:45.2201511Z Using cached six-1.17.0-py2.py3-none-any.whl (11 kB)
2025-08-20T17:23:45.2212039Z Using cached sniffio-1.3.1-py3-none-any.whl (10 kB)
2025-08-20T17:23:45.2224445Z Using cached typer-0.16.1-py3-none-any.whl (46 kB)
2025-08-20T17:23:45.2235454Z Using cached shellingham-1.5.4-py2.py3-none-any.whl (9.8 kB)
2025-08-20T17:23:45.2245983Z Using cached typing_inspect-0.9.0-py3-none-any.whl (8.8 kB)
2025-08-20T17:23:45.2256984Z Using cached typing_inspection-0.4.1-py3-none-any.whl (14 kB)
2025-08-20T17:23:45.2268114Z Using cached tzdata-2025.2-py2.py3-none-any.whl (347 kB)
2025-08-20T17:23:45.2281460Z Using cached tzlocal-5.3.1-py3-none-any.whl (18 kB)
2025-08-20T17:23:45.2419445Z Downloading ujson-5.11.0-cp312-cp312-manylinux_2_24_x86_64.manylinux_2_28_x86_64.whl (57 kB)
2025-08-20T17:23:45.2450635Z Using cached uvicorn-0.35.0-py3-none-any.whl (66 kB)
2025-08-20T17:23:45.2462564Z Using cached httptools-0.6.4-cp312-cp312-manylinux_2_5_x86_64.manylinux1_x86_64.manylinux_2_17_x86_64.manylinux2014_x86_64.whl (510 kB)
2025-08-20T17:23:45.2476689Z Using cached uvloop-0.21.0-cp312-cp312-manylinux_2_17_x86_64.manylinux2014_x86_64.whl (4.7 MB)
2025-08-20T17:23:45.2520961Z Using cached watchfiles-1.1.0-cp312-cp312-manylinux_2_17_x86_64.manylinux2014_x86_64.whl (452 kB)
2025-08-20T17:23:45.2535303Z Using cached websockets-15.0.1-cp312-cp312-manylinux_2_5_x86_64.manylinux1_x86_64.manylinux_2_17_x86_64.manylinux2014_x86_64.whl (182 kB)
2025-08-20T17:23:45.2546621Z Using cached yapf-0.43.0-py3-none-any.whl (256 kB)
2025-08-20T17:23:45.2559087Z Using cached argon2_cffi-25.1.0-py3-none-any.whl (14 kB)
2025-08-20T17:23:45.2570715Z Using cached argon2_cffi_bindings-25.1.0-cp39-abi3-manylinux_2_26_x86_64.manylinux_2_28_x86_64.whl (87 kB)
2025-08-20T17:23:45.2581977Z Using cached cffi-1.17.1-cp312-cp312-manylinux_2_17_x86_64.manylinux2014_x86_64.whl (479 kB)
2025-08-20T17:23:45.2595783Z Using cached docker-7.1.0-py3-none-any.whl (147 kB)
2025-08-20T17:23:45.2607457Z Using cached et_xmlfile-2.0.0-py3-none-any.whl (18 kB)
2025-08-20T17:23:45.2618192Z Using cached mako-1.3.10-py3-none-any.whl (78 kB)
2025-08-20T17:23:45.2629322Z Using cached pycparser-2.22-py3-none-any.whl (117 kB)
2025-08-20T17:23:45.2641581Z Using cached pycryptodome-3.23.0-cp37-abi3-manylinux_2_17_x86_64.manylinux2014_x86_64.whl (2.3 MB)
2025-08-20T17:23:45.2668177Z Using cached typeguard-4.4.4-py3-none-any.whl (34 kB)
2025-08-20T17:23:45.2679072Z Using cached watchdog-6.0.0-py3-none-manylinux2014_x86_64.whl (79 kB)
2025-08-20T17:23:45.2690356Z Using cached wcwidth-0.2.13-py2.py3-none-any.whl (34 kB)
2025-08-20T17:23:45.7313962Z Installing collected packages: wcwidth, pytz, wrapt, websockets, watchdog, vine, uvloop, urllib3, ujson, tzlocal, tzdata, typing-extensions, tomli_w, tomli, structlog, sniffio, six, shellingham, setuptools, ruff, rignore, redis, PyYAML, python-multipart, python-dotenv, pygments, pycryptodome, pycparser, psycopg2-binary, psycopg-binary, psutil, prompt-toolkit, port-for, pluggy, platformdirs, pathspec, packaging, orjson, numpy, nr-stream, nr-date, mypy-extensions, multimethod, mdurl, MarkupSafe, jmespath, itsdangerous, iniconfig, imapclient, idna, httptools, h11, greenlet, et-xmlfile, docstring-parser, dnspython, coverage, click, charset_normalizer, certifi, billiard, asyncpg, annotated-types, yapf, uvicorn, typing-inspection, typing-inspect, types-requests, typeguard, typeapi, sqlalchemy, sentry-sdk, requests, python-dateutil, pytest, pydantic-core, psycopg, openpyxl, mypy, mirakuru, markdown-it-py, Mako, Jinja2, httpcore, email-validator, Deprecated, click-repl, click-plugins, click-didyoumean, cffi, black, apscheduler, anyio, amqp, watchfiles, starlette, rich, pytest-postgresql, pytest-cov, pytest-asyncio, pydantic, pandas, nr-util, kombu, httpx, docker, databind, botocore, argon2-cffi-bindings, alembic, typer, testcontainers, s3transfer, rich-toolkit, respx, python-telegram-bot, pydantic-settings, pydantic-extra-types, pandera, fastapi, databind.json, databind.core, celery, asgi-correlation-id, argon2-cffi, minio, fastapi-limiter, fastapi-cloud-cli, fastapi-cli, docspec, boto3, docspec-python, pydoc-markdown
2025-08-20T17:24:04.5557131Z 
2025-08-20T17:24:04.5676895Z Successfully installed Deprecated-1.2.18 Jinja2-3.1.6 Mako-1.3.10 MarkupSafe-3.0.2 PyYAML-6.0.2 alembic-1.13.1 amqp-5.3.1 annotated-types-0.7.0 anyio-4.10.0 apscheduler-3.10.4 argon2-cffi-25.1.0 argon2-cffi-bindings-25.1.0 asgi-correlation-id-4.3.1 asyncpg-0.30.0 billiard-4.2.1 black-25.1.0 boto3-1.40.13 botocore-1.40.13 celery-5.5.3 certifi-2025.8.3 cffi-1.17.1 charset_normalizer-3.4.3 click-8.2.1 click-didyoumean-0.3.1 click-plugins-1.1.1.2 click-repl-0.3.0 coverage-7.10.4 databind-4.5.2 databind.core-4.5.2 databind.json-4.5.2 dnspython-2.7.0 docker-7.1.0 docspec-2.2.1 docspec-python-2.2.2 docstring-parser-0.11 email-validator-2.2.0 et-xmlfile-2.0.0 fastapi-0.116.1 fastapi-cli-0.0.8 fastapi-cloud-cli-0.1.5 fastapi-limiter-0.1.6 greenlet-3.2.4 h11-0.16.0 httpcore-1.0.9 httptools-0.6.4 httpx-0.28.1 idna-3.10 imapclient-3.0.1 iniconfig-2.1.0 itsdangerous-2.2.0 jmespath-1.0.1 kombu-5.5.4 markdown-it-py-4.0.0 mdurl-0.1.2 minio-7.2.16 mirakuru-2.6.1 multimethod-1.10 mypy-1.17.1 mypy-extensions-1.1.0 nr-date-2.1.0 nr-stream-1.1.5 nr-util-0.8.12 numpy-1.26.4 openpyxl-3.1.5 orjson-3.11.2 packaging-25.0 pandas-2.2.3 pandera-0.19.3 pathspec-0.12.1 platformdirs-4.3.8 pluggy-1.6.0 port-for-0.7.4 prompt-toolkit-3.0.51 psutil-7.0.0 psycopg-3.2.9 psycopg-binary-3.2.9 psycopg2-binary-2.9.10 pycparser-2.22 pycryptodome-3.23.0 pydantic-2.11.7 pydantic-core-2.33.2 pydantic-extra-types-2.10.5 pydantic-settings-2.10.1 pydoc-markdown-4.8.2 pygments-2.19.2 pytest-8.4.1 pytest-asyncio-0.23.6 pytest-cov-6.2.1 pytest-postgresql-7.0.2 python-dateutil-2.9.0.post0 python-dotenv-1.1.1 python-multipart-0.0.20 python-telegram-bot-22.3 pytz-2025.2 redis-6.4.0 requests-2.32.4 respx-0.22.0 rich-14.1.0 rich-toolkit-0.15.0 rignore-0.6.4 ruff-0.4.4 s3transfer-0.13.1 sentry-sdk-2.35.0 setuptools-80.9.0 shellingham-1.5.4 six-1.17.0 sniffio-1.3.1 sqlalchemy-2.0.43 starlette-0.47.2 structlog-24.1.0 testcontainers-4.10.0 tomli-2.2.1 tomli_w-1.2.0 typeapi-2.2.4 typeguard-4.4.4 typer-0.16.1 types-requests-2.32.4.20250809 typing-extensions-4.14.1 typing-inspect-0.9.0 typing-inspection-0.4.1 tzdata-2025.2 tzlocal-5.3.1 ujson-5.11.0 urllib3-2.5.0 uvicorn-0.35.0 uvloop-0.21.0 vine-5.1.0 watchdog-6.0.0 watchfiles-1.1.0 wcwidth-0.2.13 websockets-15.0.1 wrapt-1.17.3 yapf-0.43.0
2025-08-20T17:24:06.2249936Z Collecting keepa==1.3.15
2025-08-20T17:24:06.2262246Z   Using cached keepa-1.3.15-py3-none-any.whl.metadata (11 kB)
2025-08-20T17:24:06.2539332Z Collecting minio==7.1.15
2025-08-20T17:24:06.2551786Z   Using cached minio-7.1.15-py3-none-any.whl.metadata (4.2 kB)
2025-08-20T17:24:06.2578215Z Requirement already satisfied: numpy>=1.9.3 in /opt/hostedtoolcache/Python/3.12.11/x64/lib/python3.12/site-packages (from keepa==1.3.15) (1.26.4)
2025-08-20T17:24:06.2583293Z Requirement already satisfied: requests>=2.2 in /opt/hostedtoolcache/Python/3.12.11/x64/lib/python3.12/site-packages (from keepa==1.3.15) (2.32.4)
2025-08-20T17:24:06.2897193Z Collecting tqdm (from keepa==1.3.15)
2025-08-20T17:24:06.2908519Z   Using cached tqdm-4.67.1-py3-none-any.whl.metadata (57 kB)
2025-08-20T17:24:06.7636783Z Collecting aiohttp (from keepa==1.3.15)
2025-08-20T17:24:06.7651193Z   Using cached aiohttp-3.12.15-cp312-cp312-manylinux_2_17_x86_64.manylinux2014_x86_64.whl.metadata (7.7 kB)
2025-08-20T17:24:06.7685571Z Requirement already satisfied: pandas<=3.0 in /opt/hostedtoolcache/Python/3.12.11/x64/lib/python3.12/site-packages (from keepa==1.3.15) (2.2.3)
2025-08-20T17:24:06.7690025Z Requirement already satisfied: pydantic in /opt/hostedtoolcache/Python/3.12.11/x64/lib/python3.12/site-packages (from keepa==1.3.15) (2.11.7)
2025-08-20T17:24:06.7698234Z Requirement already satisfied: certifi in /opt/hostedtoolcache/Python/3.12.11/x64/lib/python3.12/site-packages (from minio==7.1.15) (2025.8.3)
2025-08-20T17:24:06.7702666Z Requirement already satisfied: urllib3 in /opt/hostedtoolcache/Python/3.12.11/x64/lib/python3.12/site-packages (from minio==7.1.15) (2.5.0)
2025-08-20T17:24:06.7758620Z Requirement already satisfied: python-dateutil>=2.8.2 in /opt/hostedtoolcache/Python/3.12.11/x64/lib/python3.12/site-packages (from pandas<=3.0->keepa==1.3.15) (2.9.0.post0)
2025-08-20T17:24:06.7764531Z Requirement already satisfied: pytz>=2020.1 in /opt/hostedtoolcache/Python/3.12.11/x64/lib/python3.12/site-packages (from pandas<=3.0->keepa==1.3.15) (2025.2)
2025-08-20T17:24:06.7770360Z Requirement already satisfied: tzdata>=2022.7 in /opt/hostedtoolcache/Python/3.12.11/x64/lib/python3.12/site-packages (from pandas<=3.0->keepa==1.3.15) (2025.2)
2025-08-20T17:24:06.7895341Z Requirement already satisfied: six>=1.5 in /opt/hostedtoolcache/Python/3.12.11/x64/lib/python3.12/site-packages (from python-dateutil>=2.8.2->pandas<=3.0->keepa==1.3.15) (1.17.0)
2025-08-20T17:24:06.7915143Z Requirement already satisfied: charset_normalizer<4,>=2 in /opt/hostedtoolcache/Python/3.12.11/x64/lib/python3.12/site-packages (from requests>=2.2->keepa==1.3.15) (3.4.3)
2025-08-20T17:24:06.7922160Z Requirement already satisfied: idna<4,>=2.5 in /opt/hostedtoolcache/Python/3.12.11/x64/lib/python3.12/site-packages (from requests>=2.2->keepa==1.3.15) (3.10)
2025-08-20T17:24:06.8109879Z Collecting aiohappyeyeballs>=2.5.0 (from aiohttp->keepa==1.3.15)
2025-08-20T17:24:06.8121517Z   Using cached aiohappyeyeballs-2.6.1-py3-none-any.whl.metadata (5.9 kB)
2025-08-20T17:24:06.8231217Z Collecting aiosignal>=1.4.0 (from aiohttp->keepa==1.3.15)
2025-08-20T17:24:06.8242886Z   Using cached aiosignal-1.4.0-py3-none-any.whl.metadata (3.7 kB)
2025-08-20T17:24:06.8382254Z Collecting attrs>=17.3.0 (from aiohttp->keepa==1.3.15)
2025-08-20T17:24:06.8393840Z   Using cached attrs-25.3.0-py3-none-any.whl.metadata (10 kB)
2025-08-20T17:24:06.9035908Z Collecting frozenlist>=1.1.1 (from aiohttp->keepa==1.3.15)
2025-08-20T17:24:06.9048167Z   Using cached frozenlist-1.7.0-cp312-cp312-manylinux_2_5_x86_64.manylinux1_x86_64.manylinux_2_17_x86_64.manylinux2014_x86_64.whl.metadata (18 kB)
2025-08-20T17:24:07.1396823Z Collecting multidict<7.0,>=4.5 (from aiohttp->keepa==1.3.15)
2025-08-20T17:24:07.1410045Z   Using cached multidict-6.6.4-cp312-cp312-manylinux2014_x86_64.manylinux_2_17_x86_64.manylinux_2_28_x86_64.whl.metadata (5.3 kB)
2025-08-20T17:24:07.1808468Z Collecting propcache>=0.2.0 (from aiohttp->keepa==1.3.15)
2025-08-20T17:24:07.1820657Z   Using cached propcache-0.3.2-cp312-cp312-manylinux_2_17_x86_64.manylinux2014_x86_64.whl.metadata (12 kB)
2025-08-20T17:24:07.4092794Z Collecting yarl<2.0,>=1.17.0 (from aiohttp->keepa==1.3.15)
2025-08-20T17:24:07.4105376Z   Using cached yarl-1.20.1-cp312-cp312-manylinux_2_17_x86_64.manylinux2014_x86_64.whl.metadata (73 kB)
2025-08-20T17:24:07.4315025Z Requirement already satisfied: typing-extensions>=4.2 in /opt/hostedtoolcache/Python/3.12.11/x64/lib/python3.12/site-packages (from aiosignal>=1.4.0->aiohttp->keepa==1.3.15) (4.14.1)
2025-08-20T17:24:07.4363467Z Requirement already satisfied: annotated-types>=0.6.0 in /opt/hostedtoolcache/Python/3.12.11/x64/lib/python3.12/site-packages (from pydantic->keepa==1.3.15) (0.7.0)
2025-08-20T17:24:07.4370077Z Requirement already satisfied: pydantic-core==2.33.2 in /opt/hostedtoolcache/Python/3.12.11/x64/lib/python3.12/site-packages (from pydantic->keepa==1.3.15) (2.33.2)
2025-08-20T17:24:07.4377677Z Requirement already satisfied: typing-inspection>=0.4.0 in /opt/hostedtoolcache/Python/3.12.11/x64/lib/python3.12/site-packages (from pydantic->keepa==1.3.15) (0.4.1)
2025-08-20T17:24:07.4437529Z Using cached keepa-1.3.15-py3-none-any.whl (38 kB)
2025-08-20T17:24:07.4448928Z Using cached minio-7.1.15-py3-none-any.whl (77 kB)
2025-08-20T17:24:07.4460686Z Using cached aiohttp-3.12.15-cp312-cp312-manylinux_2_17_x86_64.manylinux2014_x86_64.whl (1.7 MB)
2025-08-20T17:24:07.4484539Z Using cached multidict-6.6.4-cp312-cp312-manylinux2014_x86_64.manylinux_2_17_x86_64.manylinux_2_28_x86_64.whl (256 kB)
2025-08-20T17:24:07.4497259Z Using cached yarl-1.20.1-cp312-cp312-manylinux_2_17_x86_64.manylinux2014_x86_64.whl (355 kB)
2025-08-20T17:24:07.4510844Z Using cached aiohappyeyeballs-2.6.1-py3-none-any.whl (15 kB)
2025-08-20T17:24:07.4521897Z Using cached aiosignal-1.4.0-py3-none-any.whl (7.5 kB)
2025-08-20T17:24:07.4532775Z Using cached attrs-25.3.0-py3-none-any.whl (63 kB)
2025-08-20T17:24:07.4544797Z Using cached frozenlist-1.7.0-cp312-cp312-manylinux_2_5_x86_64.manylinux1_x86_64.manylinux_2_17_x86_64.manylinux2014_x86_64.whl (241 kB)
2025-08-20T17:24:07.4557479Z Using cached propcache-0.3.2-cp312-cp312-manylinux_2_17_x86_64.manylinux2014_x86_64.whl (224 kB)
2025-08-20T17:24:07.4569532Z Using cached tqdm-4.67.1-py3-none-any.whl (78 kB)
2025-08-20T17:24:07.6413147Z Installing collected packages: tqdm, propcache, multidict, minio, frozenlist, attrs, aiohappyeyeballs, yarl, aiosignal, aiohttp, keepa
2025-08-20T17:24:07.7140072Z   Attempting uninstall: minio
2025-08-20T17:24:07.7188504Z     Found existing installation: minio 7.2.16
2025-08-20T17:24:07.7226146Z     Uninstalling minio-7.2.16:
2025-08-20T17:24:07.7236727Z       Successfully uninstalled minio-7.2.16
2025-08-20T17:24:08.0790367Z 
2025-08-20T17:24:08.0904494Z Successfully installed aiohappyeyeballs-2.6.1 aiohttp-3.12.15 aiosignal-1.4.0 attrs-25.3.0 frozenlist-1.7.0 keepa-1.3.15 minio-7.1.15 multidict-6.6.4 propcache-0.3.2 tqdm-4.67.1 yarl-1.20.1
2025-08-20T17:24:08.2366796Z ##[group]Run ruff check .
2025-08-20T17:24:08.2367069Z [36;1mruff check .[0m
2025-08-20T17:24:08.2367282Z [36;1mruff format --check .[0m
2025-08-20T17:24:08.2407579Z shell: /usr/bin/bash -e {0}
2025-08-20T17:24:08.2407810Z env:
2025-08-20T17:24:08.2408017Z   REDIS_URL: redis://localhost:6379/0
2025-08-20T17:24:08.2408278Z   RATE_LIMIT_DEFAULT: 100/minute
2025-08-20T17:24:08.2408503Z   TRUST_X_FORWARDED: 1
2025-08-20T17:24:08.2408696Z   PG_USER: postgres
2025-08-20T17:24:08.2408892Z   PG_PASSWORD: pass
2025-08-20T17:24:08.2409090Z   PG_DATABASE: awa
2025-08-20T17:24:08.2409269Z   PG_HOST: localhost
2025-08-20T17:24:08.2409452Z   PG_PORT: 5432
2025-08-20T17:24:08.2410037Z   PG_SYNC_DSN: ***localhost:5432/awa
2025-08-20T17:24:08.2410455Z   PG_ASYNC_DSN: ***localhost:5432/awa
2025-08-20T17:24:08.2410832Z   DATABASE_URL: ***localhost:5432/awa
2025-08-20T17:24:08.2411067Z   DATA_DIR: /tmp/awa-data
2025-08-20T17:24:08.2411268Z   ENABLE_LIVE: 0
2025-08-20T17:24:08.2411478Z   TESTING: 1
2025-08-20T17:24:08.2411721Z   pythonLocation: /opt/hostedtoolcache/Python/3.12.11/x64
2025-08-20T17:24:08.2412114Z   PKG_CONFIG_PATH: /opt/hostedtoolcache/Python/3.12.11/x64/lib/pkgconfig
2025-08-20T17:24:08.2412493Z   Python_ROOT_DIR: /opt/hostedtoolcache/Python/3.12.11/x64
2025-08-20T17:24:08.2412838Z   Python2_ROOT_DIR: /opt/hostedtoolcache/Python/3.12.11/x64
2025-08-20T17:24:08.2413177Z   Python3_ROOT_DIR: /opt/hostedtoolcache/Python/3.12.11/x64
2025-08-20T17:24:08.2413524Z   LD_LIBRARY_PATH: /opt/hostedtoolcache/Python/3.12.11/x64/lib
2025-08-20T17:24:08.2413831Z ##[endgroup]
2025-08-20T17:24:08.2685255Z All checks passed!
2025-08-20T17:24:08.2907656Z 253 files already formatted
2025-08-20T17:24:08.2943590Z ##[group]Run for i in {1..30}; do pg_isready -h "$PG_HOST" -p "$PG_PORT" -U "$PG_USER" -d "$PG_DATABASE" && break; sleep 1; done
2025-08-20T17:24:08.2944264Z [36;1mfor i in {1..30}; do pg_isready -h "$PG_HOST" -p "$PG_PORT" -U "$PG_USER" -d "$PG_DATABASE" && break; sleep 1; done[0m
2025-08-20T17:24:08.2984631Z shell: /usr/bin/bash -e {0}
2025-08-20T17:24:08.2984854Z env:
2025-08-20T17:24:08.2985061Z   REDIS_URL: redis://localhost:6379/0
2025-08-20T17:24:08.2985326Z   RATE_LIMIT_DEFAULT: 100/minute
2025-08-20T17:24:08.2985547Z   TRUST_X_FORWARDED: 1
2025-08-20T17:24:08.2985747Z   PG_USER: postgres
2025-08-20T17:24:08.2985934Z   PG_PASSWORD: pass
2025-08-20T17:24:08.2986110Z   PG_DATABASE: awa
2025-08-20T17:24:08.2986295Z   PG_HOST: localhost
2025-08-20T17:24:08.2986476Z   PG_PORT: 5432
2025-08-20T17:24:08.2986902Z   PG_SYNC_DSN: ***localhost:5432/awa
2025-08-20T17:24:08.2987460Z   PG_ASYNC_DSN: ***localhost:5432/awa
2025-08-20T17:24:08.2987884Z   DATABASE_URL: ***localhost:5432/awa
2025-08-20T17:24:08.2988121Z   DATA_DIR: /tmp/awa-data
2025-08-20T17:24:08.2988322Z   ENABLE_LIVE: 0
2025-08-20T17:24:08.2988503Z   TESTING: 1
2025-08-20T17:24:08.2988739Z   pythonLocation: /opt/hostedtoolcache/Python/3.12.11/x64
2025-08-20T17:24:08.2989122Z   PKG_CONFIG_PATH: /opt/hostedtoolcache/Python/3.12.11/x64/lib/pkgconfig
2025-08-20T17:24:08.2989498Z   Python_ROOT_DIR: /opt/hostedtoolcache/Python/3.12.11/x64
2025-08-20T17:24:08.2990069Z   Python2_ROOT_DIR: /opt/hostedtoolcache/Python/3.12.11/x64
2025-08-20T17:24:08.2990419Z   Python3_ROOT_DIR: /opt/hostedtoolcache/Python/3.12.11/x64
2025-08-20T17:24:08.2990765Z   LD_LIBRARY_PATH: /opt/hostedtoolcache/Python/3.12.11/x64/lib
2025-08-20T17:24:08.2991051Z ##[endgroup]
2025-08-20T17:24:08.3958298Z localhost:5432 - accepting connections
2025-08-20T17:24:08.3992725Z ##[group]Run psql -h "$PG_HOST" -p "$PG_PORT" -U "$PG_USER" -d "$PG_DATABASE" -c "SELECT 1"
2025-08-20T17:24:08.3993277Z [36;1mpsql -h "$PG_HOST" -p "$PG_PORT" -U "$PG_USER" -d "$PG_DATABASE" -c "SELECT 1"[0m
2025-08-20T17:24:08.4029322Z shell: /usr/bin/bash -e {0}
2025-08-20T17:24:08.4029548Z env:
2025-08-20T17:24:08.4029986Z   REDIS_URL: redis://localhost:6379/0
2025-08-20T17:24:08.4030266Z   RATE_LIMIT_DEFAULT: 100/minute
2025-08-20T17:24:08.4030491Z   TRUST_X_FORWARDED: 1
2025-08-20T17:24:08.4030683Z   PG_USER: postgres
2025-08-20T17:24:08.4030871Z   PG_PASSWORD: pass
2025-08-20T17:24:08.4031053Z   PG_DATABASE: awa
2025-08-20T17:24:08.4031229Z   PG_HOST: localhost
2025-08-20T17:24:08.4031429Z   PG_PORT: 5432
2025-08-20T17:24:08.4031833Z   PG_SYNC_DSN: ***localhost:5432/awa
2025-08-20T17:24:08.4032239Z   PG_ASYNC_DSN: ***localhost:5432/awa
2025-08-20T17:24:08.4032637Z   DATABASE_URL: ***localhost:5432/awa
2025-08-20T17:24:08.4032870Z   DATA_DIR: /tmp/awa-data
2025-08-20T17:24:08.4033107Z   ENABLE_LIVE: 0
2025-08-20T17:24:08.4033276Z   TESTING: 1
2025-08-20T17:24:08.4033522Z   pythonLocation: /opt/hostedtoolcache/Python/3.12.11/x64
2025-08-20T17:24:08.4033918Z   PKG_CONFIG_PATH: /opt/hostedtoolcache/Python/3.12.11/x64/lib/pkgconfig
2025-08-20T17:24:08.4034305Z   Python_ROOT_DIR: /opt/hostedtoolcache/Python/3.12.11/x64
2025-08-20T17:24:08.4034647Z   Python2_ROOT_DIR: /opt/hostedtoolcache/Python/3.12.11/x64
2025-08-20T17:24:08.4034988Z   Python3_ROOT_DIR: /opt/hostedtoolcache/Python/3.12.11/x64
2025-08-20T17:24:08.4035333Z   LD_LIBRARY_PATH: /opt/hostedtoolcache/Python/3.12.11/x64/lib
2025-08-20T17:24:08.4035622Z   PGPASSWORD: pass
2025-08-20T17:24:08.4035807Z ##[endgroup]
2025-08-20T17:24:08.4913045Z  ?column? 
2025-08-20T17:24:08.4913696Z ----------
2025-08-20T17:24:08.4914070Z         1
2025-08-20T17:24:08.4914395Z (1 row)
2025-08-20T17:24:08.4914589Z 
2025-08-20T17:24:08.4944620Z ##[group]Run alembic -c services/api/alembic.ini upgrade head
2025-08-20T17:24:08.4945036Z [36;1malembic -c services/api/alembic.ini upgrade head[0m
2025-08-20T17:24:08.4981240Z shell: /usr/bin/bash -e {0}
2025-08-20T17:24:08.4981463Z env:
2025-08-20T17:24:08.4981661Z   REDIS_URL: redis://localhost:6379/0
2025-08-20T17:24:08.4981934Z   RATE_LIMIT_DEFAULT: 100/minute
2025-08-20T17:24:08.4982151Z   TRUST_X_FORWARDED: 1
2025-08-20T17:24:08.4982350Z   PG_USER: postgres
2025-08-20T17:24:08.4982539Z   PG_PASSWORD: pass
2025-08-20T17:24:08.4982713Z   PG_DATABASE: awa
2025-08-20T17:24:08.4982893Z   PG_HOST: localhost
2025-08-20T17:24:08.4983076Z   PG_PORT: 5432
2025-08-20T17:24:08.4983467Z   PG_SYNC_DSN: ***localhost:5432/awa
2025-08-20T17:24:08.4983873Z   PG_ASYNC_DSN: ***localhost:5432/awa
2025-08-20T17:24:08.4984268Z   DATABASE_URL: ***localhost:5432/awa
2025-08-20T17:24:08.4984497Z   DATA_DIR: /tmp/awa-data
2025-08-20T17:24:08.4984701Z   ENABLE_LIVE: 0
2025-08-20T17:24:08.4984907Z   TESTING: 1
2025-08-20T17:24:08.4985148Z   pythonLocation: /opt/hostedtoolcache/Python/3.12.11/x64
2025-08-20T17:24:08.4985542Z   PKG_CONFIG_PATH: /opt/hostedtoolcache/Python/3.12.11/x64/lib/pkgconfig
2025-08-20T17:24:08.4986088Z   Python_ROOT_DIR: /opt/hostedtoolcache/Python/3.12.11/x64
2025-08-20T17:24:08.4986428Z   Python2_ROOT_DIR: /opt/hostedtoolcache/Python/3.12.11/x64
2025-08-20T17:24:08.4986767Z   Python3_ROOT_DIR: /opt/hostedtoolcache/Python/3.12.11/x64
2025-08-20T17:24:08.4987115Z   LD_LIBRARY_PATH: /opt/hostedtoolcache/Python/3.12.11/x64/lib
2025-08-20T17:24:08.4987404Z ##[endgroup]
2025-08-20T17:24:09.5064802Z INFO  [alembic.runtime.migration] Context impl PostgresqlImpl.
2025-08-20T17:24:09.5065281Z INFO  [alembic.runtime.migration] Will assume transactional DDL.
2025-08-20T17:24:09.5240112Z INFO  [alembic.runtime.migration] Running upgrade  -> 0001_baseline
2025-08-20T17:24:09.5376947Z INFO  [alembic.runtime.migration] Running upgrade 0001_baseline -> 0002_create_roi_view
2025-08-20T17:24:09.5402749Z INFO  [alembic.runtime.migration] Running upgrade 0002_create_roi_view -> 3e9d5c5aff2c
2025-08-20T17:24:09.5565374Z INFO  [alembic.runtime.migration] Running upgrade 3e9d5c5aff2c -> 0003_vendor_prices
2025-08-20T17:24:09.5698277Z INFO  [alembic.runtime.migration] Running upgrade 0003_vendor_prices -> 0004_fee_cron
2025-08-20T17:24:09.5767173Z INFO  [alembic.runtime.migration] Running upgrade 0004_fee_cron -> 0006_fix_roi_views
2025-08-20T17:24:09.5798151Z INFO  [alembic.runtime.migration] Running upgrade 0006_fix_roi_views -> 0020_unified_schema
2025-08-20T17:24:09.5902270Z INFO  [alembic.runtime.migration] Running upgrade 0020_unified_schema -> 0022_fix_roi_view
2025-08-20T17:24:09.5963535Z INFO  [alembic.runtime.migration] Running upgrade 0022_fix_roi_view -> 0023_add_storage_fee
2025-08-20T17:24:09.6000294Z INFO  [alembic.runtime.migration] Running upgrade 0023_add_storage_fee -> 0024_create_buybox
2025-08-20T17:24:09.6020568Z INFO  [alembic.runtime.migration] Running upgrade 0024_create_buybox -> 0025_pr4_indexes_loadlog
2025-08-20T17:24:09.6221514Z INFO  [alembic.runtime.migration] Running upgrade 0025_pr4_indexes_loadlog -> 0026_amazon_new_reports
2025-08-20T17:24:09.7083280Z ##[group]Run python -m mypy services || true
2025-08-20T17:24:09.7083645Z [36;1mpython -m mypy services || true[0m
2025-08-20T17:24:09.7123428Z shell: /usr/bin/bash -e {0}
2025-08-20T17:24:09.7123666Z env:
2025-08-20T17:24:09.7123885Z   REDIS_URL: redis://localhost:6379/0
2025-08-20T17:24:09.7124152Z   RATE_LIMIT_DEFAULT: 100/minute
2025-08-20T17:24:09.7124373Z   TRUST_X_FORWARDED: 1
2025-08-20T17:24:09.7124575Z   PG_USER: postgres
2025-08-20T17:24:09.7124763Z   PG_PASSWORD: pass
2025-08-20T17:24:09.7124942Z   PG_DATABASE: awa
2025-08-20T17:24:09.7125131Z   PG_HOST: localhost
2025-08-20T17:24:09.7125315Z   PG_PORT: 5432
2025-08-20T17:24:09.7125739Z   PG_SYNC_DSN: ***localhost:5432/awa
2025-08-20T17:24:09.7126128Z   PG_ASYNC_DSN: ***localhost:5432/awa
2025-08-20T17:24:09.7126498Z   DATABASE_URL: ***localhost:5432/awa
2025-08-20T17:24:09.7126735Z   DATA_DIR: /tmp/awa-data
2025-08-20T17:24:09.7126938Z   ENABLE_LIVE: 0
2025-08-20T17:24:09.7127111Z   TESTING: 1
2025-08-20T17:24:09.7127396Z   pythonLocation: /opt/hostedtoolcache/Python/3.12.11/x64
2025-08-20T17:24:09.7127804Z   PKG_CONFIG_PATH: /opt/hostedtoolcache/Python/3.12.11/x64/lib/pkgconfig
2025-08-20T17:24:09.7128192Z   Python_ROOT_DIR: /opt/hostedtoolcache/Python/3.12.11/x64
2025-08-20T17:24:09.7128541Z   Python2_ROOT_DIR: /opt/hostedtoolcache/Python/3.12.11/x64
2025-08-20T17:24:09.7128881Z   Python3_ROOT_DIR: /opt/hostedtoolcache/Python/3.12.11/x64
2025-08-20T17:24:09.7129232Z   LD_LIBRARY_PATH: /opt/hostedtoolcache/Python/3.12.11/x64/lib
2025-08-20T17:24:09.7129524Z ##[endgroup]
2025-08-20T17:24:40.4149353Z Success: no issues found in 97 source files
2025-08-20T17:24:40.4548723Z ##[group]Run pytest -q --cov=services --cov-report=xml
2025-08-20T17:24:40.4549112Z [36;1mpytest -q --cov=services --cov-report=xml[0m
2025-08-20T17:24:40.4589350Z shell: /usr/bin/bash -e {0}
2025-08-20T17:24:40.4589567Z env:
2025-08-20T17:24:40.4589954Z   REDIS_URL: redis://localhost:6379/0
2025-08-20T17:24:40.4590224Z   RATE_LIMIT_DEFAULT: 100/minute
2025-08-20T17:24:40.4590451Z   TRUST_X_FORWARDED: 1
2025-08-20T17:24:40.4590824Z   PG_USER: postgres
2025-08-20T17:24:40.4591011Z   PG_PASSWORD: pass
2025-08-20T17:24:40.4591188Z   PG_DATABASE: awa
2025-08-20T17:24:40.4591359Z   PG_HOST: localhost
2025-08-20T17:24:40.4591540Z   PG_PORT: 5432
2025-08-20T17:24:40.4591952Z   PG_SYNC_DSN: ***localhost:5432/awa
2025-08-20T17:24:40.4592348Z   PG_ASYNC_DSN: ***localhost:5432/awa
2025-08-20T17:24:40.4592715Z   DATABASE_URL: ***localhost:5432/awa
2025-08-20T17:24:40.4592942Z   DATA_DIR: /tmp/awa-data
2025-08-20T17:24:40.4593143Z   ENABLE_LIVE: 0
2025-08-20T17:24:40.4593314Z   TESTING: 1
2025-08-20T17:24:40.4593574Z   pythonLocation: /opt/hostedtoolcache/Python/3.12.11/x64
2025-08-20T17:24:40.4593964Z   PKG_CONFIG_PATH: /opt/hostedtoolcache/Python/3.12.11/x64/lib/pkgconfig
2025-08-20T17:24:40.4594341Z   Python_ROOT_DIR: /opt/hostedtoolcache/Python/3.12.11/x64
2025-08-20T17:24:40.4594685Z   Python2_ROOT_DIR: /opt/hostedtoolcache/Python/3.12.11/x64
2025-08-20T17:24:40.4595058Z   Python3_ROOT_DIR: /opt/hostedtoolcache/Python/3.12.11/x64
2025-08-20T17:24:40.4595405Z   LD_LIBRARY_PATH: /opt/hostedtoolcache/Python/3.12.11/x64/lib
2025-08-20T17:24:40.4595692Z ##[endgroup]
2025-08-20T17:25:09.7396464Z ........s.............................sssssss........................... [ 41%]
2025-08-20T17:25:41.6276424Z ........................................................................ [ 83%]
2025-08-20T17:25:42.8146828Z .............................                                            [100%]
2025-08-20T17:25:42.8147482Z =============================== warnings summary ===============================
2025-08-20T17:25:42.8148220Z ../../../../../opt/hostedtoolcache/Python/3.12.11/x64/lib/python3.12/site-packages/pydantic/fields.py:1093
2025-08-20T17:25:42.8151168Z   /opt/hostedtoolcache/Python/3.12.11/x64/lib/python3.12/site-packages/pydantic/fields.py:1093: PydanticDeprecatedSince20: Using extra keyword arguments on `Field` is deprecated and will be removed. Use `json_schema_extra` instead. (Extra keys: 'strip_whitespace'). Deprecated in Pydantic V2.0 to be removed in V3.0. See Pydantic V2 Migration Guide at https://errors.pydantic.dev/2.11/migration/
2025-08-20T17:25:42.8153551Z     warn(
2025-08-20T17:25:42.8153709Z 
2025-08-20T17:25:42.8153861Z services/alert_bot/tests/test_smoke.py:5
2025-08-20T17:25:42.8155638Z   /home/runner/work/AWA-App/AWA-App/services/alert_bot/tests/test_smoke.py:5: UserWarning: pkg_resources is deprecated as an API. See https://setuptools.pypa.io/en/latest/pkg_resources.html. The pkg_resources package is slated for removal as early as 2025-11-30. Refrain from using this package or pin to Setuptools<81.
2025-08-20T17:25:42.8157486Z     import pkg_resources  # noqa: F401
2025-08-20T17:25:42.8157798Z 
2025-08-20T17:25:42.8157995Z tests/api/test_ingest_endpoints.py: 12 warnings
2025-08-20T17:25:42.8158534Z tests/ingest/test_tasks_eager.py: 3 warnings
2025-08-20T17:25:42.8159022Z tests/test_api_fast.py: 1 warning
2025-08-20T17:25:42.8159463Z tests/test_health.py: 5 warnings
2025-08-20T17:25:42.8160099Z tests/test_smoke.py: 5 warnings
2025-08-20T17:25:42.8160535Z services/api/tests/test_cors.py: 1 warning
2025-08-20T17:25:42.8161083Z services/api/tests/test_errors_json.py: 2 warnings
2025-08-20T17:25:42.8161597Z services/api/tests/test_health.py: 1 warning
2025-08-20T17:25:42.8162076Z services/api/tests/test_rate_limit.py: 122 warnings
2025-08-20T17:25:42.8162504Z services/api/tests/test_roi_basic_auth.py: 4 warnings
2025-08-20T17:25:42.8162811Z services/api/tests/test_sentry_event.py: 1 warning
2025-08-20T17:25:42.8163123Z services/api/tests/test_stats_contracts.py: 3 warnings
2025-08-20T17:25:42.8163785Z services/api/tests/test_stats_future_contracts.py: 3 warnings
2025-08-20T17:25:42.8165162Z   /opt/hostedtoolcache/Python/3.12.11/x64/lib/python3.12/site-packages/asgi_correlation_id/extensions/sentry.py:27: DeprecationWarning: sentry_sdk.configure_scope is deprecated and will be removed in the next major version. Please consult our migration guide to learn how to migrate to the new API: https://docs.sentry.io/platforms/python/migration/1.x-to-2.x#scope-configuring
2025-08-20T17:25:42.8166599Z     with configure_scope() as scope:
2025-08-20T17:25:42.8166767Z 
2025-08-20T17:25:42.8166879Z tests/api/test_ingest_endpoints.py: 3 warnings
2025-08-20T17:25:42.8167153Z tests/test_api_fast.py: 1 warning
2025-08-20T17:25:42.8167384Z tests/test_health.py: 5 warnings
2025-08-20T17:25:42.8167603Z tests/test_smoke.py: 5 warnings
2025-08-20T17:25:42.8167837Z services/api/tests/test_cors.py: 3 warnings
2025-08-20T17:25:42.8168121Z services/api/tests/test_errors_json.py: 2 warnings
2025-08-20T17:25:42.8168413Z services/api/tests/test_health.py: 1 warning
2025-08-20T17:25:42.8168696Z services/api/tests/test_rate_limit.py: 2 warnings
2025-08-20T17:25:42.8168992Z services/api/tests/test_sentry_event.py: 1 warning
2025-08-20T17:25:42.8169302Z services/api/tests/test_stats_contracts.py: 3 warnings
2025-08-20T17:25:42.8169837Z services/api/tests/test_stats_future_contracts.py: 1 warning
2025-08-20T17:25:42.8170698Z   /opt/hostedtoolcache/Python/3.12.11/x64/lib/python3.12/site-packages/fastapi_limiter/__init__.py:89: DeprecationWarning: Call to deprecated close. (Use aclose() instead) -- Deprecated since version 5.0.1.
2025-08-20T17:25:42.8171447Z     await cls.redis.close()
2025-08-20T17:25:42.8171580Z 
2025-08-20T17:25:42.8171714Z tests/test_api_fast.py::test_health_endpoint
2025-08-20T17:25:42.8172665Z   /home/runner/work/AWA-App/AWA-App/tests/test_api_fast.py:13: DeprecationWarning: datetime.datetime.utcnow() is deprecated and scheduled for removal in a future version. Use timezone-aware objects to represent datetimes in UTC: datetime.datetime.now(datetime.UTC).
2025-08-20T17:25:42.8173609Z     return datetime.datetime.utcnow()
2025-08-20T17:25:42.8173774Z 
2025-08-20T17:25:42.8173861Z tests/test_api_fast.py: 1 warning
2025-08-20T17:25:42.8174084Z tests/test_health.py: 5 warnings
2025-08-20T17:25:42.8174304Z tests/test_smoke.py: 5 warnings
2025-08-20T17:25:42.8174535Z services/api/tests/test_cors.py: 1 warning
2025-08-20T17:25:42.8174802Z services/api/tests/test_health.py: 1 warning
2025-08-20T17:25:42.8175081Z services/api/tests/test_rate_limit.py: 102 warnings
2025-08-20T17:25:42.8176078Z   /home/runner/work/AWA-App/AWA-App/services/api/routes/health.py:24: DeprecationWarning: datetime.datetime.utcnow() is deprecated and scheduled for removal in a future version. Use timezone-aware objects to represent datetimes in UTC: datetime.datetime.now(datetime.UTC).
2025-08-20T17:25:42.8177093Z     app_now = datetime.utcnow().replace(tzinfo=timezone.utc)
2025-08-20T17:25:42.8177302Z 
2025-08-20T17:25:42.8177400Z tests/test_health.py::test_health[0]
2025-08-20T17:25:42.8177642Z tests/test_health.py::test_health[1]
2025-08-20T17:25:42.8177878Z tests/test_health.py::test_health[2]
2025-08-20T17:25:42.8178296Z tests/test_health.py::test_health[3]
2025-08-20T17:25:42.8178740Z tests/test_health.py::test_health[4]
2025-08-20T17:25:42.8180455Z   /home/runner/work/AWA-App/AWA-App/tests/test_health.py:22: DeprecationWarning: datetime.datetime.utcnow() is deprecated and scheduled for removal in a future version. Use timezone-aware objects to represent datetimes in UTC: datetime.datetime.now(datetime.UTC).
2025-08-20T17:25:42.8182177Z     return datetime.datetime.utcnow()
2025-08-20T17:25:42.8182480Z 
2025-08-20T17:25:42.8182635Z tests/test_smoke.py::test_health[0]
2025-08-20T17:25:42.8183072Z tests/test_smoke.py::test_health[1]
2025-08-20T17:25:42.8183498Z tests/test_smoke.py::test_health[2]
2025-08-20T17:25:42.8183913Z tests/test_smoke.py::test_health[3]
2025-08-20T17:25:42.8184335Z tests/test_smoke.py::test_health[4]
2025-08-20T17:25:42.8186282Z   /home/runner/work/AWA-App/AWA-App/tests/test_smoke.py:32: DeprecationWarning: datetime.datetime.utcnow() is deprecated and scheduled for removal in a future version. Use timezone-aware objects to represent datetimes in UTC: datetime.datetime.now(datetime.UTC).
2025-08-20T17:25:42.8188062Z     return datetime.datetime.utcnow()
2025-08-20T17:25:42.8188371Z 
2025-08-20T17:25:42.8188678Z services/api/tests/test_cors.py::test_cors_simple_get_allowed
2025-08-20T17:25:42.8191005Z   /home/runner/work/AWA-App/AWA-App/services/api/tests/test_cors.py:27: DeprecationWarning: datetime.datetime.utcnow() is deprecated and scheduled for removal in a future version. Use timezone-aware objects to represent datetimes in UTC: datetime.datetime.now(datetime.UTC).
2025-08-20T17:25:42.8192813Z     return datetime.datetime.utcnow()
2025-08-20T17:25:42.8193118Z 
2025-08-20T17:25:42.8193352Z services/api/tests/test_health.py::test_health_route
2025-08-20T17:25:42.8195246Z   /home/runner/work/AWA-App/AWA-App/services/api/tests/test_health.py:14: DeprecationWarning: datetime.datetime.utcnow() is deprecated and scheduled for removal in a future version. Use timezone-aware objects to represent datetimes in UTC: datetime.datetime.now(datetime.UTC).
2025-08-20T17:25:42.8197087Z     return datetime.datetime.utcnow()
2025-08-20T17:25:42.8197391Z 
2025-08-20T17:25:42.8197604Z services/api/tests/test_rate_limit.py: 102 warnings
2025-08-20T17:25:42.8199478Z   /home/runner/work/AWA-App/AWA-App/services/api/tests/test_rate_limit.py:33: DeprecationWarning: datetime.datetime.utcnow() is deprecated and scheduled for removal in a future version. Use timezone-aware objects to represent datetimes in UTC: datetime.datetime.now(datetime.UTC).
2025-08-20T17:25:42.8201556Z     return datetime.datetime.utcnow()
2025-08-20T17:25:42.8201875Z 
2025-08-20T17:25:42.8202313Z services/api/tests/test_sentry_event.py::test_unhandled_exception_is_captured_and_tagged
2025-08-20T17:25:42.8204704Z   /home/runner/work/AWA-App/AWA-App/services/api/tests/test_sentry_event.py:47: SentryHubDeprecationWarning: `sentry_sdk.Hub` is deprecated and will be removed in a future major release. Please consult our 1.x to 2.x migration guide for details on how to migrate `Hub` usage to the new API: https://docs.sentry.io/platforms/python/migration/1.x-to-2.x
2025-08-20T17:25:42.8206814Z     hub = sentry_sdk.Hub.current
2025-08-20T17:25:42.8207075Z 
2025-08-20T17:25:42.8207387Z -- Docs: https://docs.pytest.org/en/stable/how-to/capture-warnings.html
2025-08-20T17:25:42.8208060Z ================================ tests coverage ================================
2025-08-20T17:25:42.8208717Z _______________ coverage: platform linux, python 3.12.11-final-0 _______________
2025-08-20T17:25:42.8209167Z 
2025-08-20T17:25:42.8209344Z Coverage XML written to file coverage.xml
2025-08-20T17:25:42.8210079Z Sentry is attempting to send 0 pending events
2025-08-20T17:25:42.8210544Z Waiting up to True seconds
2025-08-20T17:25:42.8210913Z Press Ctrl-C to quit
2025-08-20T17:25:43.2240590Z ##[group]Run actions/upload-artifact@v4
2025-08-20T17:25:43.2240879Z with:
2025-08-20T17:25:43.2241043Z   name: coverage
2025-08-20T17:25:43.2241225Z   path: coverage.xml
2025-08-20T17:25:43.2241432Z   if-no-files-found: warn
2025-08-20T17:25:43.2241633Z   compression-level: 6
2025-08-20T17:25:43.2241824Z   overwrite: false
2025-08-20T17:25:43.2242012Z   include-hidden-files: false
2025-08-20T17:25:43.2242213Z env:
2025-08-20T17:25:43.2242425Z   REDIS_URL: redis://localhost:6379/0
2025-08-20T17:25:43.2242671Z   RATE_LIMIT_DEFAULT: 100/minute
2025-08-20T17:25:43.2242883Z   TRUST_X_FORWARDED: 1
2025-08-20T17:25:43.2243071Z   PG_USER: postgres
2025-08-20T17:25:43.2243263Z   PG_PASSWORD: pass
2025-08-20T17:25:43.2243438Z   PG_DATABASE: awa
2025-08-20T17:25:43.2243613Z   PG_HOST: localhost
2025-08-20T17:25:43.2243793Z   PG_PORT: 5432
2025-08-20T17:25:43.2244194Z   PG_SYNC_DSN: ***localhost:5432/awa
2025-08-20T17:25:43.2244581Z   PG_ASYNC_DSN: ***localhost:5432/awa
2025-08-20T17:25:43.2244979Z   DATABASE_URL: ***localhost:5432/awa
2025-08-20T17:25:43.2245220Z   DATA_DIR: /tmp/awa-data
2025-08-20T17:25:43.2245418Z   ENABLE_LIVE: 0
2025-08-20T17:25:43.2245591Z   TESTING: 1
2025-08-20T17:25:43.2245824Z   pythonLocation: /opt/hostedtoolcache/Python/3.12.11/x64
2025-08-20T17:25:43.2246209Z   PKG_CONFIG_PATH: /opt/hostedtoolcache/Python/3.12.11/x64/lib/pkgconfig
2025-08-20T17:25:43.2246589Z   Python_ROOT_DIR: /opt/hostedtoolcache/Python/3.12.11/x64
2025-08-20T17:25:43.2247103Z   Python2_ROOT_DIR: /opt/hostedtoolcache/Python/3.12.11/x64
2025-08-20T17:25:43.2247445Z   Python3_ROOT_DIR: /opt/hostedtoolcache/Python/3.12.11/x64
2025-08-20T17:25:43.2247784Z   LD_LIBRARY_PATH: /opt/hostedtoolcache/Python/3.12.11/x64/lib
2025-08-20T17:25:43.2248068Z ##[endgroup]
2025-08-20T17:25:43.4430713Z With the provided path, there will be 1 file uploaded
2025-08-20T17:25:43.4435911Z Artifact name is valid!
2025-08-20T17:25:43.4437183Z Root directory input is valid!
2025-08-20T17:25:43.5926447Z Beginning upload of artifact content to blob storage
2025-08-20T17:25:43.7516211Z Uploaded bytes 5275
2025-08-20T17:25:43.7937402Z Finished uploading artifact content to blob storage!
2025-08-20T17:25:43.7940887Z SHA256 digest of uploaded artifact zip is 2b8c114b083fada8a16011b53e181ecc7eea9f1200ed19fb14f87b85138c8078
2025-08-20T17:25:43.7942818Z Finalizing artifact upload
2025-08-20T17:25:43.9074789Z Artifact coverage.zip successfully finalized. Artifact ID 3811398905
2025-08-20T17:25:43.9076264Z Artifact coverage has been successfully uploaded! Final size is 5275 bytes. Artifact ID is 3811398905
2025-08-20T17:25:43.9084564Z Artifact download URL: https://github.com/AlexBomber12/AWA-App/actions/runs/17105625291/artifacts/3811398905
2025-08-20T17:25:43.9221538Z Post job cleanup.
2025-08-20T17:25:44.0840667Z Cache hit occurred on the primary key setup-python-Linux-x64-24.04-Ubuntu-python-3.12.11-pip-29fc3204f837bce43d81586a404709764a9accd1f738d0c33a52a32bf7a0c312, not saving cache.
2025-08-20T17:25:44.0942094Z Post job cleanup.
2025-08-20T17:25:44.1874708Z [command]/usr/bin/git version
2025-08-20T17:25:44.1911374Z git version 2.50.1
2025-08-20T17:25:44.1954297Z Temporarily overriding HOME='/home/runner/work/_temp/371ea3df-b573-428f-86ec-e8d65aa3ea18' before making global git config changes
2025-08-20T17:25:44.1955649Z Adding repository directory to the temporary git global config as a safe directory
2025-08-20T17:25:44.1961123Z [command]/usr/bin/git config --global --add safe.directory /home/runner/work/AWA-App/AWA-App
2025-08-20T17:25:44.1996611Z [command]/usr/bin/git config --local --name-only --get-regexp core\.sshCommand
2025-08-20T17:25:44.2029132Z [command]/usr/bin/git submodule foreach --recursive sh -c "git config --local --name-only --get-regexp 'core\.sshCommand' && git config --local --unset-all 'core.sshCommand' || :"
2025-08-20T17:25:44.2254062Z [command]/usr/bin/git config --local --name-only --get-regexp http\.https\:\/\/github\.com\/\.extraheader
2025-08-20T17:25:44.2274411Z http.https://github.com/.extraheader
2025-08-20T17:25:44.2286797Z [command]/usr/bin/git config --local --unset-all http.https://github.com/.extraheader
2025-08-20T17:25:44.2316347Z [command]/usr/bin/git submodule foreach --recursive sh -c "git config --local --name-only --get-regexp 'http\.https\:\/\/github\.com\/\.extraheader' && git config --local --unset-all 'http.https://github.com/.extraheader' || :"
2025-08-20T17:25:44.2620444Z Print service container logs: 1b4ba2fa334b4eb0b96dd0a32332ab38_postgres15_65aaa4
2025-08-20T17:25:44.2625320Z ##[command]/usr/bin/docker logs --details 40e680e9aacb0789e60f47c1d7d00a28aef3c45ba826478ff4ee296fe8963c24
2025-08-20T17:25:44.2741503Z  The files belonging to this database system will be owned by user "postgres".
2025-08-20T17:25:44.2743739Z  initdb: warning: enabling "trust" authentication for local connections
2025-08-20T17:25:44.2744927Z  initdb: hint: You can change this by editing pg_hba.conf or using the option -A, or --auth-local and --auth-host, the next time you run initdb.
2025-08-20T17:25:44.2745738Z  This user must also own the server process.
2025-08-20T17:25:44.2746085Z  
2025-08-20T17:25:44.2746518Z  The database cluster will be initialized with locale "en_US.utf8".
2025-08-20T17:25:44.2747048Z  The default database encoding has accordingly been set to "UTF8".
2025-08-20T17:25:44.2747533Z  The default text search configuration will be set to "english".
2025-08-20T17:25:44.2748041Z  
2025-08-20T17:25:44.2748323Z  Data page checksums are disabled.
2025-08-20T17:25:44.2748932Z  
2025-08-20T17:25:44.2749329Z  fixing permissions on existing directory /var/lib/postgresql/data ... ok
2025-08-20T17:25:44.2801187Z  creating subdirectories ... ok
2025-08-20T17:25:44.2801776Z  selecting dynamic shared memory implementation ... posix
2025-08-20T17:25:44.2802299Z  selecting default max_connections ... 100
2025-08-20T17:25:44.2802738Z  selecting default shared_buffers ... 128MB
2025-08-20T17:25:44.2803161Z  selecting default time zone ... Etc/UTC
2025-08-20T17:25:44.2803634Z  creating configuration files ... ok
2025-08-20T17:25:44.2804039Z  running bootstrap script ... ok
2025-08-20T17:25:44.2804487Z  performing post-bootstrap initialization ... ok
2025-08-20T17:25:44.2804934Z  syncing data to disk ... ok
2025-08-20T17:25:44.2805268Z  
2025-08-20T17:25:44.2805520Z  
2025-08-20T17:25:44.2805865Z  Success. You can now start the database server using:
2025-08-20T17:25:44.2806338Z  
2025-08-20T17:25:44.2806708Z      pg_ctl -D /var/lib/postgresql/data -l logfile start
2025-08-20T17:25:44.2807191Z  
2025-08-20T17:25:44.2808147Z  waiting for server to start....2025-08-20 17:23:22.628 UTC [48] LOG:  starting PostgreSQL 15.14 (Debian 15.14-1.pgdg13+1) on x86_64-pc-linux-gnu, compiled by gcc (Debian 14.2.0-19) 14.2.0, 64-bit
2025-08-20T17:25:44.2809522Z  2025-08-20 17:23:22.629 UTC [48] LOG:  listening on Unix socket "/var/run/postgresql/.s.PGSQL.5432"
2025-08-20T17:25:44.2810625Z  2025-08-20 17:23:22.631 UTC [51] LOG:  database system was shut down at 2025-08-20 17:23:22 UTC
2025-08-20T17:25:44.2811451Z  2025-08-20 17:23:22.635 UTC [48] LOG:  database system is ready to accept connections
2025-08-20T17:25:44.2811968Z   done
2025-08-20T17:25:44.2812211Z  server started
2025-08-20T17:25:44.2812487Z  CREATE DATABASE
2025-08-20T17:25:44.2812768Z  
2025-08-20T17:25:44.2812933Z  
2025-08-20T17:25:44.2813242Z  /usr/local/bin/docker-entrypoint.sh: ignoring /docker-entrypoint-initdb.d/*
2025-08-20T17:25:44.2813637Z  
2025-08-20T17:25:44.2813877Z  2025-08-20 17:23:22.825 UTC [48] LOG:  received fast shutdown request
2025-08-20T17:25:44.2814338Z  waiting for server to shut down....2025-08-20 17:23:22.826 UTC [48] LOG:  aborting any active transactions
2025-08-20T17:25:44.2814929Z  2025-08-20 17:23:22.827 UTC [48] LOG:  background worker "logical replication launcher" (PID 54) exited with exit code 1
2025-08-20T17:25:44.2815386Z  2025-08-20 17:23:22.827 UTC [49] LOG:  shutting down
2025-08-20T17:25:44.2815949Z  2025-08-20 17:23:22.950 UTC [1] LOG:  starting PostgreSQL 15.14 (Debian 15.14-1.pgdg13+1) on x86_64-pc-linux-gnu, compiled by gcc (Debian 14.2.0-19) 14.2.0, 64-bit
2025-08-20T17:25:44.2816554Z  2025-08-20 17:23:22.950 UTC [1] LOG:  listening on IPv4 address "0.0.0.0", port 5432
2025-08-20T17:25:44.2816950Z  2025-08-20 17:23:22.950 UTC [1] LOG:  listening on IPv6 address "::", port 5432
2025-08-20T17:25:44.2817636Z  2025-08-20 17:23:22.952 UTC [1] LOG:  listening on Unix socket "/var/run/postgresql/.s.PGSQL.5432"
2025-08-20T17:25:44.2818129Z  2025-08-20 17:23:22.955 UTC [64] LOG:  database system was shut down at 2025-08-20 17:23:22 UTC
2025-08-20T17:25:44.2818561Z  2025-08-20 17:23:22.959 UTC [1] LOG:  database system is ready to accept connections
2025-08-20T17:25:44.2818962Z  2025-08-20 17:23:22.828 UTC [49] LOG:  checkpoint starting: shutdown immediate
2025-08-20T17:25:44.2820044Z  2025-08-20 17:23:22.845 UTC [49] LOG:  checkpoint complete: wrote 922 buffers (5.6%); 0 WAL file(s) added, 0 removed, 0 recycled; write=0.014 s, sync=0.002 s, total=0.018 s; sync files=301, longest=0.001 s, average=0.001 s; distance=4239 kB, estimate=4239 kB
2025-08-20T17:25:44.2820849Z  2025-08-20 17:23:22.851 UTC [48] LOG:  database system is shut down
2025-08-20T17:25:44.2821129Z   done
2025-08-20T17:25:44.2821290Z  server stopped
2025-08-20T17:25:44.2821460Z  
2025-08-20T17:25:44.2821677Z  PostgreSQL init process complete; ready for start up.
2025-08-20T17:25:44.2821945Z  
2025-08-20T17:25:44.2827244Z Stop and remove container: 1b4ba2fa334b4eb0b96dd0a32332ab38_postgres15_65aaa4
2025-08-20T17:25:44.2832241Z ##[command]/usr/bin/docker rm --force 40e680e9aacb0789e60f47c1d7d00a28aef3c45ba826478ff4ee296fe8963c24
2025-08-20T17:25:44.4090548Z 40e680e9aacb0789e60f47c1d7d00a28aef3c45ba826478ff4ee296fe8963c24
2025-08-20T17:25:44.4115012Z Print service container logs: 038c3a0a25b34107846a0abb87370157_redis7alpine_164c7a
2025-08-20T17:25:44.4116053Z ##[command]/usr/bin/docker logs --details 322b25aaaf6015abbe4fb1439e6c0d2f04c54e5d2b6b03e931b670d27b878306
2025-08-20T17:25:44.4233850Z  1:C 20 Aug 2025 17:23:23.515 # WARNING Memory overcommit must be enabled! Without it, a background save or replication may fail under low memory condition. Being disabled, it can also cause failures without low memory condition, see https://github.com/jemalloc/jemalloc/issues/1328. To fix this issue add 'vm.overcommit_memory = 1' to /etc/sysctl.conf and then reboot or run the command 'sysctl vm.overcommit_memory=1' for this to take effect.
2025-08-20T17:25:44.4236629Z  1:C 20 Aug 2025 17:23:23.516 * oO0OoO0OoO0Oo Redis is starting oO0OoO0OoO0Oo
2025-08-20T17:25:44.4237438Z  1:C 20 Aug 2025 17:23:23.516 * Redis version=7.4.5, bits=64, commit=00000000, modified=0, pid=1, just started
2025-08-20T17:25:44.4238657Z  1:C 20 Aug 2025 17:23:23.516 # Warning: no config file specified, using the default config. In order to specify a config file use redis-server /path/to/redis.conf
2025-08-20T17:25:44.4239910Z  1:M 20 Aug 2025 17:23:23.516 * monotonic clock: POSIX clock_gettime
2025-08-20T17:25:44.4240528Z  1:M 20 Aug 2025 17:23:23.516 * Running mode=standalone, port=6379.
2025-08-20T17:25:44.4241049Z  1:M 20 Aug 2025 17:23:23.517 * Server initialized
2025-08-20T17:25:44.4241557Z  1:M 20 Aug 2025 17:23:23.517 * Ready to accept connections tcp
2025-08-20T17:25:44.4248325Z Stop and remove container: 038c3a0a25b34107846a0abb87370157_redis7alpine_164c7a
2025-08-20T17:25:44.4249064Z ##[command]/usr/bin/docker rm --force 322b25aaaf6015abbe4fb1439e6c0d2f04c54e5d2b6b03e931b670d27b878306
2025-08-20T17:25:44.5302416Z 322b25aaaf6015abbe4fb1439e6c0d2f04c54e5d2b6b03e931b670d27b878306
2025-08-20T17:25:44.5324699Z Remove container network: github_network_b83e8669e05a45e08382f59cabe41969
2025-08-20T17:25:44.5328850Z ##[command]/usr/bin/docker network rm github_network_b83e8669e05a45e08382f59cabe41969
2025-08-20T17:25:44.6392332Z github_network_b83e8669e05a45e08382f59cabe41969
2025-08-20T17:25:44.6448949Z Cleaning up orphan processes
