2025-08-26T13:54:24.8543055Z Current runner version: '2.328.0'
2025-08-26T13:54:24.8566571Z ##[group]Runner Image Provisioner
2025-08-26T13:54:24.8567377Z Hosted Compute Agent
2025-08-26T13:54:24.8567889Z Version: 20250818.377
2025-08-26T13:54:24.8568585Z Commit: 3c593e9f75fe0b87e893bca80d6e12ba089c61fc
2025-08-26T13:54:24.8569237Z Build Date: 2025-08-18T14:52:18Z
2025-08-26T13:54:24.8569816Z ##[endgroup]
2025-08-26T13:54:24.8570449Z ##[group]Operating System
2025-08-26T13:54:24.8570985Z Ubuntu
2025-08-26T13:54:24.8571444Z 24.04.2
2025-08-26T13:54:24.8572377Z LTS
2025-08-26T13:54:24.8572854Z ##[endgroup]
2025-08-26T13:54:24.8573313Z ##[group]Runner Image
2025-08-26T13:54:24.8573919Z Image: ubuntu-24.04
2025-08-26T13:54:24.8574429Z Version: 20250818.1.0
2025-08-26T13:54:24.8575447Z Included Software: https://github.com/actions/runner-images/blob/ubuntu24/20250818.1/images/ubuntu/Ubuntu2404-Readme.md
2025-08-26T13:54:24.8577321Z Image Release: https://github.com/actions/runner-images/releases/tag/ubuntu24%2F20250818.1
2025-08-26T13:54:24.8578353Z ##[endgroup]
2025-08-26T13:54:24.8580684Z ##[group]GITHUB_TOKEN Permissions
2025-08-26T13:54:24.8582953Z Actions: write
2025-08-26T13:54:24.8583575Z Attestations: write
2025-08-26T13:54:24.8584109Z Checks: write
2025-08-26T13:54:24.8584565Z Contents: write
2025-08-26T13:54:24.8585121Z Deployments: write
2025-08-26T13:54:24.8585663Z Discussions: write
2025-08-26T13:54:24.8586450Z Issues: write
2025-08-26T13:54:24.8587021Z Metadata: read
2025-08-26T13:54:24.8587480Z Models: read
2025-08-26T13:54:24.8587971Z Packages: write
2025-08-26T13:54:24.8588508Z Pages: write
2025-08-26T13:54:24.8589046Z PullRequests: write
2025-08-26T13:54:24.8589555Z RepositoryProjects: write
2025-08-26T13:54:24.8590236Z SecurityEvents: write
2025-08-26T13:54:24.8590868Z Statuses: write
2025-08-26T13:54:24.8591334Z ##[endgroup]
2025-08-26T13:54:24.8593718Z Secret source: Actions
2025-08-26T13:54:24.8594600Z Prepare workflow directory
2025-08-26T13:54:24.9010831Z Prepare all required actions
2025-08-26T13:54:24.9048532Z Getting action download info
2025-08-26T13:54:25.2486259Z Download action repository 'actions/checkout@v5' (SHA:08c6903cd8c0fde910a37f88322edcfb5dd907a8)
2025-08-26T13:54:25.3312123Z Download action repository 'actions/setup-python@v5' (SHA:a26af69be951a213d495a4c3e4e4022e16d87065)
2025-08-26T13:54:25.4513078Z Download action repository 'actions/upload-artifact@v4' (SHA:ea165f8d65b6e75b540449e92b4886f43607fa02)
2025-08-26T13:54:25.7568084Z Complete job name: unit
2025-08-26T13:54:25.8132070Z ##[group]Checking docker version
2025-08-26T13:54:25.8145550Z ##[command]/usr/bin/docker version --format '{{.Server.APIVersion}}'
2025-08-26T13:54:25.8878041Z '1.48'
2025-08-26T13:54:25.8899188Z Docker daemon API version: '1.48'
2025-08-26T13:54:25.8901389Z ##[command]/usr/bin/docker version --format '{{.Client.APIVersion}}'
2025-08-26T13:54:25.9159270Z '1.48'
2025-08-26T13:54:25.9176626Z Docker client API version: '1.48'
2025-08-26T13:54:25.9181730Z ##[endgroup]
2025-08-26T13:54:25.9185319Z ##[group]Clean up resources from previous jobs
2025-08-26T13:54:25.9192084Z ##[command]/usr/bin/docker ps --all --quiet --no-trunc --filter "label=4e2c47"
2025-08-26T13:54:25.9347748Z ##[command]/usr/bin/docker network prune --force --filter "label=4e2c47"
2025-08-26T13:54:25.9484516Z ##[endgroup]
2025-08-26T13:54:25.9485307Z ##[group]Create local container network
2025-08-26T13:54:25.9496761Z ##[command]/usr/bin/docker network create --label 4e2c47 github_network_0e9ccf4b58344851b751f527c9ab9b3c
2025-08-26T13:54:26.0081118Z 8665b1c14f2eeb157443e771ac72631fb46ce50eef50165df6ba3b0225b2a73f
2025-08-26T13:54:26.0099255Z ##[endgroup]
2025-08-26T13:54:26.0123918Z ##[group]Starting postgres service container
2025-08-26T13:54:26.0143373Z ##[command]/usr/bin/docker pull postgres:15
2025-08-26T13:54:26.2203242Z 15: Pulling from library/postgres
2025-08-26T13:54:26.2834262Z 396b1da7636e: Pulling fs layer
2025-08-26T13:54:26.2835254Z fca2566eba32: Pulling fs layer
2025-08-26T13:54:26.2836516Z 631fe8c6d606: Pulling fs layer
2025-08-26T13:54:26.2837373Z 77c7671c4414: Pulling fs layer
2025-08-26T13:54:26.2838221Z 2d9e29180a27: Pulling fs layer
2025-08-26T13:54:26.2838671Z c6bcc2c9a041: Pulling fs layer
2025-08-26T13:54:26.2839049Z ac4b721eb66f: Pulling fs layer
2025-08-26T13:54:26.2839412Z 606bd164980e: Pulling fs layer
2025-08-26T13:54:26.2839771Z f5dfd246bc6e: Pulling fs layer
2025-08-26T13:54:26.2840157Z ba7036bb0a60: Pulling fs layer
2025-08-26T13:54:26.2840540Z 799f859abbbd: Pulling fs layer
2025-08-26T13:54:26.2840927Z d903e777080c: Pulling fs layer
2025-08-26T13:54:26.2841298Z 04adcb462801: Pulling fs layer
2025-08-26T13:54:26.2841652Z 77c7671c4414: Waiting
2025-08-26T13:54:26.2841965Z 5c10925b29ff: Pulling fs layer
2025-08-26T13:54:26.2842299Z 2d9e29180a27: Waiting
2025-08-26T13:54:26.2842580Z c6bcc2c9a041: Waiting
2025-08-26T13:54:26.2842877Z ac4b721eb66f: Waiting
2025-08-26T13:54:26.2843163Z 606bd164980e: Waiting
2025-08-26T13:54:26.2843441Z f5dfd246bc6e: Waiting
2025-08-26T13:54:26.2843722Z ba7036bb0a60: Waiting
2025-08-26T13:54:26.2844014Z 799f859abbbd: Waiting
2025-08-26T13:54:26.2844312Z d903e777080c: Waiting
2025-08-26T13:54:26.2844583Z 04adcb462801: Waiting
2025-08-26T13:54:26.2844863Z 5c10925b29ff: Waiting
2025-08-26T13:54:26.3783197Z fca2566eba32: Verifying Checksum
2025-08-26T13:54:26.3784276Z fca2566eba32: Download complete
2025-08-26T13:54:26.4613083Z 77c7671c4414: Verifying Checksum
2025-08-26T13:54:26.4614031Z 77c7671c4414: Download complete
2025-08-26T13:54:26.5673988Z 2d9e29180a27: Download complete
2025-08-26T13:54:26.5929383Z 396b1da7636e: Verifying Checksum
2025-08-26T13:54:26.5930578Z 396b1da7636e: Download complete
2025-08-26T13:54:26.5947241Z 631fe8c6d606: Verifying Checksum
2025-08-26T13:54:26.5950465Z 631fe8c6d606: Download complete
2025-08-26T13:54:26.6544419Z 606bd164980e: Verifying Checksum
2025-08-26T13:54:26.6545461Z 606bd164980e: Download complete
2025-08-26T13:54:26.6773344Z c6bcc2c9a041: Verifying Checksum
2025-08-26T13:54:26.6779756Z c6bcc2c9a041: Download complete
2025-08-26T13:54:26.7052624Z ac4b721eb66f: Verifying Checksum
2025-08-26T13:54:26.7053498Z ac4b721eb66f: Download complete
2025-08-26T13:54:26.7424776Z ba7036bb0a60: Verifying Checksum
2025-08-26T13:54:26.7428002Z ba7036bb0a60: Download complete
2025-08-26T13:54:26.7703313Z 799f859abbbd: Verifying Checksum
2025-08-26T13:54:26.7704158Z 799f859abbbd: Download complete
2025-08-26T13:54:26.8212541Z d903e777080c: Verifying Checksum
2025-08-26T13:54:26.8213960Z d903e777080c: Download complete
2025-08-26T13:54:26.8303490Z 04adcb462801: Verifying Checksum
2025-08-26T13:54:26.8316643Z 04adcb462801: Download complete
2025-08-26T13:54:26.8931145Z 5c10925b29ff: Verifying Checksum
2025-08-26T13:54:27.6362226Z 396b1da7636e: Pull complete
2025-08-26T13:54:28.2666669Z fca2566eba32: Pull complete
2025-08-26T13:54:28.2858875Z f5dfd246bc6e: Verifying Checksum
2025-08-26T13:54:28.2860353Z f5dfd246bc6e: Download complete
2025-08-26T13:54:28.4378577Z 631fe8c6d606: Pull complete
2025-08-26T13:54:28.4778106Z 77c7671c4414: Pull complete
2025-08-26T13:54:28.7779267Z 2d9e29180a27: Pull complete
2025-08-26T13:54:28.8586543Z c6bcc2c9a041: Pull complete
2025-08-26T13:54:28.8665502Z ac4b721eb66f: Pull complete
2025-08-26T13:54:28.8761079Z 606bd164980e: Pull complete
2025-08-26T13:54:31.7708166Z f5dfd246bc6e: Pull complete
2025-08-26T13:54:31.7855446Z ba7036bb0a60: Pull complete
2025-08-26T13:54:31.7957531Z 799f859abbbd: Pull complete
2025-08-26T13:54:31.8082804Z d903e777080c: Pull complete
2025-08-26T13:54:31.8180951Z 04adcb462801: Pull complete
2025-08-26T13:54:31.8287326Z 5c10925b29ff: Pull complete
2025-08-26T13:54:31.8326455Z Digest: sha256:bc51cf4f1fe02cce7ed2370b20128a9b00b4eb804573a77d2a0d877aaa9c82b1
2025-08-26T13:54:31.8338906Z Status: Downloaded newer image for postgres:15
2025-08-26T13:54:31.8348845Z docker.io/library/postgres:15
2025-08-26T13:54:31.8411671Z ##[command]/usr/bin/docker create --name 2df59203ecbd4de8aecef16808c1a287_postgres15_b8cff4 --label 4e2c47 --network github_network_0e9ccf4b58344851b751f527c9ab9b3c --network-alias postgres -p 5432:5432 --health-cmd="pg_isready -U postgres -d awa" --health-interval=5s --health-timeout=5s --health-retries=10 -e "POSTGRES_USER=postgres" -e "POSTGRES_PASSWORD=pass" -e "POSTGRES_DB=awa" -e GITHUB_ACTIONS=true -e CI=true postgres:15
2025-08-26T13:54:31.8711786Z a71595e5dc480f1cd85fd100537d10f619e20af50d5c7d0406acb2149aa3c120
2025-08-26T13:54:31.8734518Z ##[command]/usr/bin/docker start a71595e5dc480f1cd85fd100537d10f619e20af50d5c7d0406acb2149aa3c120
2025-08-26T13:54:32.2211830Z a71595e5dc480f1cd85fd100537d10f619e20af50d5c7d0406acb2149aa3c120
2025-08-26T13:54:32.2229082Z ##[command]/usr/bin/docker ps --all --filter id=a71595e5dc480f1cd85fd100537d10f619e20af50d5c7d0406acb2149aa3c120 --filter status=running --no-trunc --format "{{.ID}} {{.Status}}"
2025-08-26T13:54:32.2361237Z a71595e5dc480f1cd85fd100537d10f619e20af50d5c7d0406acb2149aa3c120 Up Less than a second (health: starting)
2025-08-26T13:54:32.2384231Z ##[command]/usr/bin/docker port a71595e5dc480f1cd85fd100537d10f619e20af50d5c7d0406acb2149aa3c120
2025-08-26T13:54:32.2515085Z 5432/tcp -> 0.0.0.0:5432
2025-08-26T13:54:32.2515902Z 5432/tcp -> [::]:5432
2025-08-26T13:54:32.2573954Z ##[endgroup]
2025-08-26T13:54:32.2575247Z ##[group]Starting redis service container
2025-08-26T13:54:32.2577244Z ##[command]/usr/bin/docker pull redis:7-alpine
2025-08-26T13:54:32.4445972Z 7-alpine: Pulling from library/redis
2025-08-26T13:54:32.4997325Z 0368fd46e3c6: Pulling fs layer
2025-08-26T13:54:32.4998232Z 4c55286bbede: Pulling fs layer
2025-08-26T13:54:32.4998895Z 5e28347af205: Pulling fs layer
2025-08-26T13:54:32.4999347Z 311eca34042e: Pulling fs layer
2025-08-26T13:54:32.4999815Z e6fe6f07e192: Pulling fs layer
2025-08-26T13:54:32.5000289Z a2cadbfeca72: Pulling fs layer
2025-08-26T13:54:32.5000746Z 4f4fb700ef54: Pulling fs layer
2025-08-26T13:54:32.5001242Z a976ed7e7808: Pulling fs layer
2025-08-26T13:54:32.5001720Z e6fe6f07e192: Waiting
2025-08-26T13:54:32.5002129Z a2cadbfeca72: Waiting
2025-08-26T13:54:32.5002495Z a976ed7e7808: Waiting
2025-08-26T13:54:32.5002834Z 4f4fb700ef54: Waiting
2025-08-26T13:54:32.5003193Z 311eca34042e: Waiting
2025-08-26T13:54:32.5613198Z 5e28347af205: Verifying Checksum
2025-08-26T13:54:32.5623546Z 5e28347af205: Download complete
2025-08-26T13:54:32.5775598Z 0368fd46e3c6: Verifying Checksum
2025-08-26T13:54:32.5776757Z 0368fd46e3c6: Download complete
2025-08-26T13:54:32.5927198Z 4c55286bbede: Download complete
2025-08-26T13:54:32.6829003Z 311eca34042e: Verifying Checksum
2025-08-26T13:54:32.6829471Z 311eca34042e: Download complete
2025-08-26T13:54:32.7116918Z a2cadbfeca72: Verifying Checksum
2025-08-26T13:54:32.7119689Z a2cadbfeca72: Download complete
2025-08-26T13:54:32.7175668Z 0368fd46e3c6: Pull complete
2025-08-26T13:54:32.7427285Z 4f4fb700ef54: Verifying Checksum
2025-08-26T13:54:32.7427707Z 4f4fb700ef54: Download complete
2025-08-26T13:54:32.7490959Z 4c55286bbede: Pull complete
2025-08-26T13:54:32.7693950Z a976ed7e7808: Verifying Checksum
2025-08-26T13:54:32.7694224Z a976ed7e7808: Download complete
2025-08-26T13:54:32.7927968Z e6fe6f07e192: Verifying Checksum
2025-08-26T13:54:32.7929162Z e6fe6f07e192: Download complete
2025-08-26T13:54:32.9088295Z 5e28347af205: Pull complete
2025-08-26T13:54:32.9395916Z 311eca34042e: Pull complete
2025-08-26T13:54:33.1277496Z e6fe6f07e192: Pull complete
2025-08-26T13:54:33.1358457Z a2cadbfeca72: Pull complete
2025-08-26T13:54:33.1445112Z 4f4fb700ef54: Pull complete
2025-08-26T13:54:33.1570138Z a976ed7e7808: Pull complete
2025-08-26T13:54:33.1607313Z Digest: sha256:bb186d083732f669da90be8b0f975a37812b15e913465bb14d845db72a4e3e08
2025-08-26T13:54:33.1619733Z Status: Downloaded newer image for redis:7-alpine
2025-08-26T13:54:33.1626777Z docker.io/library/redis:7-alpine
2025-08-26T13:54:33.1644328Z ##[command]/usr/bin/docker create --name dd4d5bad0a4144e68b355f2591cf625d_redis7alpine_506938 --label 4e2c47 --network github_network_0e9ccf4b58344851b751f527c9ab9b3c --network-alias redis -p 6379:6379  -e GITHUB_ACTIONS=true -e CI=true redis:7-alpine
2025-08-26T13:54:33.1950717Z b4bddcddcddae655bbdbf8a67efa645b6b836920999e38ea1243f2468c67ac33
2025-08-26T13:54:33.1967205Z ##[command]/usr/bin/docker start b4bddcddcddae655bbdbf8a67efa645b6b836920999e38ea1243f2468c67ac33
2025-08-26T13:54:33.3335485Z b4bddcddcddae655bbdbf8a67efa645b6b836920999e38ea1243f2468c67ac33
2025-08-26T13:54:33.3352973Z ##[command]/usr/bin/docker ps --all --filter id=b4bddcddcddae655bbdbf8a67efa645b6b836920999e38ea1243f2468c67ac33 --filter status=running --no-trunc --format "{{.ID}} {{.Status}}"
2025-08-26T13:54:33.3484185Z b4bddcddcddae655bbdbf8a67efa645b6b836920999e38ea1243f2468c67ac33 Up Less than a second
2025-08-26T13:54:33.3498124Z ##[command]/usr/bin/docker port b4bddcddcddae655bbdbf8a67efa645b6b836920999e38ea1243f2468c67ac33
2025-08-26T13:54:33.3621871Z 6379/tcp -> 0.0.0.0:6379
2025-08-26T13:54:33.3622454Z 6379/tcp -> [::]:6379
2025-08-26T13:54:33.3635185Z ##[endgroup]
2025-08-26T13:54:33.3644295Z ##[group]Waiting for all services to be ready
2025-08-26T13:54:33.3657826Z ##[command]/usr/bin/docker inspect --format="{{if .Config.Healthcheck}}{{print .State.Health.Status}}{{end}}" a71595e5dc480f1cd85fd100537d10f619e20af50d5c7d0406acb2149aa3c120
2025-08-26T13:54:33.3772654Z starting
2025-08-26T13:54:33.3792825Z postgres service is starting, waiting 2 seconds before checking again.
2025-08-26T13:54:35.3794119Z ##[command]/usr/bin/docker inspect --format="{{if .Config.Healthcheck}}{{print .State.Health.Status}}{{end}}" a71595e5dc480f1cd85fd100537d10f619e20af50d5c7d0406acb2149aa3c120
2025-08-26T13:54:35.3917549Z starting
2025-08-26T13:54:35.3930614Z postgres service is starting, waiting 4 seconds before checking again.
2025-08-26T13:54:39.4533808Z ##[command]/usr/bin/docker inspect --format="{{if .Config.Healthcheck}}{{print .State.Health.Status}}{{end}}" a71595e5dc480f1cd85fd100537d10f619e20af50d5c7d0406acb2149aa3c120
2025-08-26T13:54:39.4656385Z healthy
2025-08-26T13:54:39.4672353Z postgres service is healthy.
2025-08-26T13:54:39.4673212Z ##[command]/usr/bin/docker inspect --format="{{if .Config.Healthcheck}}{{print .State.Health.Status}}{{end}}" b4bddcddcddae655bbdbf8a67efa645b6b836920999e38ea1243f2468c67ac33
2025-08-26T13:54:39.4798119Z redis service is healthy.
2025-08-26T13:54:39.4798715Z ##[endgroup]
2025-08-26T13:54:39.5102856Z ##[group]Run actions/checkout@v5
2025-08-26T13:54:39.5103384Z with:
2025-08-26T13:54:39.5103571Z   repository: AlexBomber12/AWA-App
2025-08-26T13:54:39.5103946Z   token: ***
2025-08-26T13:54:39.5104124Z   ssh-strict: true
2025-08-26T13:54:39.5104305Z   ssh-user: git
2025-08-26T13:54:39.5104482Z   persist-credentials: true
2025-08-26T13:54:39.5104688Z   clean: true
2025-08-26T13:54:39.5104868Z   sparse-checkout-cone-mode: true
2025-08-26T13:54:39.5105092Z   fetch-depth: 1
2025-08-26T13:54:39.5105269Z   fetch-tags: false
2025-08-26T13:54:39.5105442Z   show-progress: true
2025-08-26T13:54:39.5105620Z   lfs: false
2025-08-26T13:54:39.5106012Z   submodules: false
2025-08-26T13:54:39.5106203Z   set-safe-directory: true
2025-08-26T13:54:39.5106655Z env:
2025-08-26T13:54:39.5106876Z   REDIS_URL: redis://localhost:6379/0
2025-08-26T13:54:39.5107130Z   RATE_LIMIT_DEFAULT: 100/minute
2025-08-26T13:54:39.5107357Z   TRUST_X_FORWARDED: 1
2025-08-26T13:54:39.5107533Z ##[endgroup]
2025-08-26T13:54:39.6012850Z Syncing repository: AlexBomber12/AWA-App
2025-08-26T13:54:39.6014105Z ##[group]Getting Git version info
2025-08-26T13:54:39.6014474Z Working directory is '/home/runner/work/AWA-App/AWA-App'
2025-08-26T13:54:39.6014984Z [command]/usr/bin/git version
2025-08-26T13:54:39.6015339Z git version 2.51.0
2025-08-26T13:54:39.6035318Z ##[endgroup]
2025-08-26T13:54:39.6048938Z Temporarily overriding HOME='/home/runner/work/_temp/98b67639-c8e3-48c9-a0a2-af4b5de900a3' before making global git config changes
2025-08-26T13:54:39.6049904Z Adding repository directory to the temporary git global config as a safe directory
2025-08-26T13:54:39.6053738Z [command]/usr/bin/git config --global --add safe.directory /home/runner/work/AWA-App/AWA-App
2025-08-26T13:54:39.6088281Z Deleting the contents of '/home/runner/work/AWA-App/AWA-App'
2025-08-26T13:54:39.6091545Z ##[group]Initializing the repository
2025-08-26T13:54:39.6096181Z [command]/usr/bin/git init /home/runner/work/AWA-App/AWA-App
2025-08-26T13:54:39.6150886Z hint: Using 'master' as the name for the initial branch. This default branch name
2025-08-26T13:54:39.6152157Z hint: is subject to change. To configure the initial branch name to use in all
2025-08-26T13:54:39.6153229Z hint: of your new repositories, which will suppress this warning, call:
2025-08-26T13:54:39.6154066Z hint:
2025-08-26T13:54:39.6154535Z hint: 	git config --global init.defaultBranch <name>
2025-08-26T13:54:39.6155018Z hint:
2025-08-26T13:54:39.6155948Z hint: Names commonly chosen instead of 'master' are 'main', 'trunk' and
2025-08-26T13:54:39.6156891Z hint: 'development'. The just-created branch can be renamed via this command:
2025-08-26T13:54:39.6157955Z hint:
2025-08-26T13:54:39.6158457Z hint: 	git branch -m <name>
2025-08-26T13:54:39.6158783Z hint:
2025-08-26T13:54:39.6159244Z hint: Disable this message with "git config set advice.defaultBranchName false"
2025-08-26T13:54:39.6160034Z Initialized empty Git repository in /home/runner/work/AWA-App/AWA-App/.git/
2025-08-26T13:54:39.6163291Z [command]/usr/bin/git remote add origin https://github.com/AlexBomber12/AWA-App
2025-08-26T13:54:39.6194992Z ##[endgroup]
2025-08-26T13:54:39.6195463Z ##[group]Disabling automatic garbage collection
2025-08-26T13:54:39.6198894Z [command]/usr/bin/git config --local gc.auto 0
2025-08-26T13:54:39.6226394Z ##[endgroup]
2025-08-26T13:54:39.6226838Z ##[group]Setting up auth
2025-08-26T13:54:39.6232844Z [command]/usr/bin/git config --local --name-only --get-regexp core\.sshCommand
2025-08-26T13:54:39.6262957Z [command]/usr/bin/git submodule foreach --recursive sh -c "git config --local --name-only --get-regexp 'core\.sshCommand' && git config --local --unset-all 'core.sshCommand' || :"
2025-08-26T13:54:39.6519925Z [command]/usr/bin/git config --local --name-only --get-regexp http\.https\:\/\/github\.com\/\.extraheader
2025-08-26T13:54:39.6548929Z [command]/usr/bin/git submodule foreach --recursive sh -c "git config --local --name-only --get-regexp 'http\.https\:\/\/github\.com\/\.extraheader' && git config --local --unset-all 'http.https://github.com/.extraheader' || :"
2025-08-26T13:54:39.6766146Z [command]/usr/bin/git config --local http.https://github.com/.extraheader AUTHORIZATION: basic ***
2025-08-26T13:54:39.6800217Z ##[endgroup]
2025-08-26T13:54:39.6800723Z ##[group]Fetching the repository
2025-08-26T13:54:39.6809035Z [command]/usr/bin/git -c protocol.version=2 fetch --no-tags --prune --no-recurse-submodules --depth=1 origin +1271d690c1d913b1a0600cd60b133bcfa8182c82:refs/remotes/origin/main
2025-08-26T13:54:39.9302550Z From https://github.com/AlexBomber12/AWA-App
2025-08-26T13:54:39.9303210Z  * [new ref]         1271d690c1d913b1a0600cd60b133bcfa8182c82 -> origin/main
2025-08-26T13:54:39.9333122Z ##[endgroup]
2025-08-26T13:54:39.9333905Z ##[group]Determining the checkout info
2025-08-26T13:54:39.9336767Z ##[endgroup]
2025-08-26T13:54:39.9342160Z [command]/usr/bin/git sparse-checkout disable
2025-08-26T13:54:39.9513888Z [command]/usr/bin/git config --local --unset-all extensions.worktreeConfig
2025-08-26T13:54:39.9540337Z ##[group]Checking out the ref
2025-08-26T13:54:39.9546620Z [command]/usr/bin/git checkout --progress --force -B main refs/remotes/origin/main
2025-08-26T13:54:39.9837296Z Switched to a new branch 'main'
2025-08-26T13:54:39.9839961Z branch 'main' set up to track 'origin/main'.
2025-08-26T13:54:39.9846690Z ##[endgroup]
2025-08-26T13:54:39.9882764Z [command]/usr/bin/git log -1 --format=%H
2025-08-26T13:54:39.9904975Z 1271d690c1d913b1a0600cd60b133bcfa8182c82
2025-08-26T13:54:40.0068207Z ##[group]Run cat .env.ci >> "$GITHUB_ENV"
2025-08-26T13:54:40.0068570Z [36;1mcat .env.ci >> "$GITHUB_ENV"[0m
2025-08-26T13:54:40.0069319Z [36;1mecho "DATABASE_URL=***localhost:5432/awa" >> "$GITHUB_ENV"[0m
2025-08-26T13:54:40.0069709Z [36;1mecho "PG_HOST=localhost" >> "$GITHUB_ENV"[0m
2025-08-26T13:54:40.0070007Z [36;1mecho "PG_PORT=5432" >> "$GITHUB_ENV"[0m
2025-08-26T13:54:40.0070301Z [36;1mecho "PG_USER=postgres" >> "$GITHUB_ENV"[0m
2025-08-26T13:54:40.0070791Z [36;1mecho "PG_PASSWORD=pass" >> "$GITHUB_ENV"[0m
2025-08-26T13:54:40.0071089Z [36;1mecho "PG_DATABASE=awa" >> "$GITHUB_ENV"[0m
2025-08-26T13:54:40.0116144Z shell: /usr/bin/bash -e {0}
2025-08-26T13:54:40.0116403Z env:
2025-08-26T13:54:40.0116647Z   REDIS_URL: redis://localhost:6379/0
2025-08-26T13:54:40.0116952Z   RATE_LIMIT_DEFAULT: 100/minute
2025-08-26T13:54:40.0117217Z   TRUST_X_FORWARDED: 1
2025-08-26T13:54:40.0117442Z ##[endgroup]
2025-08-26T13:54:40.0287864Z ##[group]Run actions/setup-python@v5
2025-08-26T13:54:40.0288141Z with:
2025-08-26T13:54:40.0288316Z   python-version: 3.12
2025-08-26T13:54:40.0288525Z   cache: pip
2025-08-26T13:54:40.0288737Z   cache-dependency-path: requirements-dev.txt
2025-08-26T13:54:40.0289005Z   check-latest: false
2025-08-26T13:54:40.0289313Z   token: ***
2025-08-26T13:54:40.0289500Z   update-environment: true
2025-08-26T13:54:40.0289727Z   allow-prereleases: false
2025-08-26T13:54:40.0289920Z   freethreaded: false
2025-08-26T13:54:40.0290111Z env:
2025-08-26T13:54:40.0290288Z   REDIS_URL: redis://localhost:6379/0
2025-08-26T13:54:40.0290543Z   RATE_LIMIT_DEFAULT: 100/minute
2025-08-26T13:54:40.0290748Z   TRUST_X_FORWARDED: 1
2025-08-26T13:54:40.0290932Z   PG_USER: postgres
2025-08-26T13:54:40.0291107Z   PG_PASSWORD: pass
2025-08-26T13:54:40.0291281Z   PG_DATABASE: awa
2025-08-26T13:54:40.0291446Z   PG_HOST: localhost
2025-08-26T13:54:40.0291624Z   PG_PORT: 5432
2025-08-26T13:54:40.0292043Z   PG_SYNC_DSN: ***localhost:5432/awa
2025-08-26T13:54:40.0292417Z   PG_ASYNC_DSN: ***localhost:5432/awa
2025-08-26T13:54:40.0292791Z   DATABASE_URL: ***localhost:5432/awa
2025-08-26T13:54:40.0293012Z   DATA_DIR: /tmp/awa-data
2025-08-26T13:54:40.0293199Z   ENABLE_LIVE: 0
2025-08-26T13:54:40.0293359Z   TESTING: 1
2025-08-26T13:54:40.0293517Z ##[endgroup]
2025-08-26T13:54:40.1961067Z ##[group]Installed versions
2025-08-26T13:54:40.2600024Z Successfully set up CPython (3.12.11)
2025-08-26T13:54:40.2601003Z ##[endgroup]
2025-08-26T13:54:40.2936755Z [command]/opt/hostedtoolcache/Python/3.12.11/x64/bin/pip cache dir
2025-08-26T13:54:44.8366224Z /home/runner/.cache/pip
2025-08-26T13:54:44.9892056Z Cache hit for: setup-python-Linux-x64-24.04-Ubuntu-python-3.12.11-pip-2272770d37895c4dec9a14a79de268972921b7e89a293e92e0a5f493f686291c
2025-08-26T13:54:46.0389431Z Received 230686720 of 389895199 (59.2%), 217.8 MBs/sec
2025-08-26T13:54:46.6510072Z Received 389895199 of 389895199 (100.0%), 229.2 MBs/sec
2025-08-26T13:54:46.6512596Z Cache Size: ~372 MB (389895199 B)
2025-08-26T13:54:46.6551638Z [command]/usr/bin/tar -xf /home/runner/work/_temp/bd42a617-010f-4525-b465-9027caa1ab23/cache.tzst -P -C /home/runner/work/AWA-App/AWA-App --use-compress-program unzstd
2025-08-26T13:54:47.2606532Z Cache restored successfully
2025-08-26T13:54:47.3349301Z Cache restored from key: setup-python-Linux-x64-24.04-Ubuntu-python-3.12.11-pip-b5b6d1c49e5c2b3f48d0c0d757e5ca86260a9628cadb47cfb996cbe1a8fdf115
2025-08-26T13:54:47.3536333Z ##[group]Run pip install --break-system-packages -r requirements-dev.txt
2025-08-26T13:54:47.3536952Z [36;1mpip install --break-system-packages -r requirements-dev.txt[0m
2025-08-26T13:54:47.3537443Z [36;1mpip install --break-system-packages keepa==1.3.15 minio==7.1.15[0m
2025-08-26T13:54:47.3584186Z shell: /usr/bin/bash -e {0}
2025-08-26T13:54:47.3584557Z env:
2025-08-26T13:54:47.3584900Z   REDIS_URL: redis://localhost:6379/0
2025-08-26T13:54:47.3585305Z   RATE_LIMIT_DEFAULT: 100/minute
2025-08-26T13:54:47.3585662Z   TRUST_X_FORWARDED: 1
2025-08-26T13:54:47.3586125Z   PG_USER: postgres
2025-08-26T13:54:47.3586356Z   PG_PASSWORD: pass
2025-08-26T13:54:47.3586569Z   PG_DATABASE: awa
2025-08-26T13:54:47.3586867Z   PG_HOST: localhost
2025-08-26T13:54:47.3587164Z   PG_PORT: 5432
2025-08-26T13:54:47.3587916Z   PG_SYNC_DSN: ***localhost:5432/awa
2025-08-26T13:54:47.3588774Z   PG_ASYNC_DSN: ***localhost:5432/awa
2025-08-26T13:54:47.3589549Z   DATABASE_URL: ***localhost:5432/awa
2025-08-26T13:54:47.3590063Z   DATA_DIR: /tmp/awa-data
2025-08-26T13:54:47.3590734Z   ENABLE_LIVE: 0
2025-08-26T13:54:47.3591070Z   TESTING: 1
2025-08-26T13:54:47.3591425Z   pythonLocation: /opt/hostedtoolcache/Python/3.12.11/x64
2025-08-26T13:54:47.3592164Z   PKG_CONFIG_PATH: /opt/hostedtoolcache/Python/3.12.11/x64/lib/pkgconfig
2025-08-26T13:54:47.3592669Z   Python_ROOT_DIR: /opt/hostedtoolcache/Python/3.12.11/x64
2025-08-26T13:54:47.3593185Z   Python2_ROOT_DIR: /opt/hostedtoolcache/Python/3.12.11/x64
2025-08-26T13:54:47.3593609Z   Python3_ROOT_DIR: /opt/hostedtoolcache/Python/3.12.11/x64
2025-08-26T13:54:47.3594124Z   LD_LIBRARY_PATH: /opt/hostedtoolcache/Python/3.12.11/x64/lib
2025-08-26T13:54:47.3594472Z ##[endgroup]
2025-08-26T13:54:50.3660583Z Collecting Jinja2==3.1.6 (from -r requirements-dev.txt (line 2))
2025-08-26T13:54:50.3673276Z   Using cached jinja2-3.1.6-py3-none-any.whl.metadata (2.9 kB)
2025-08-26T13:54:50.3887291Z Collecting alembic==1.16.4 (from -r requirements-dev.txt (line 3))
2025-08-26T13:54:50.3898619Z   Using cached alembic-1.16.4-py3-none-any.whl.metadata (7.3 kB)
2025-08-26T13:54:50.4048844Z Collecting apscheduler==3.10.4 (from -r requirements-dev.txt (line 4))
2025-08-26T13:54:50.4059698Z   Using cached APScheduler-3.10.4-py3-none-any.whl.metadata (5.7 kB)
2025-08-26T13:54:50.4202951Z Collecting asgi-correlation-id==4.3.1 (from -r requirements-dev.txt (line 5))
2025-08-26T13:54:50.4214179Z   Using cached asgi_correlation_id-4.3.1-py3-none-any.whl.metadata (28 kB)
2025-08-26T13:54:50.4609251Z Collecting asyncpg==0.30.0 (from -r requirements-dev.txt (line 6))
2025-08-26T13:54:50.4620716Z   Using cached asyncpg-0.30.0-cp312-cp312-manylinux_2_17_x86_64.manylinux2014_x86_64.whl.metadata (5.0 kB)
2025-08-26T13:54:50.5044525Z Collecting black==25.1.0 (from -r requirements-dev.txt (line 7))
2025-08-26T13:54:50.5056745Z   Using cached black-25.1.0-cp312-cp312-manylinux_2_17_x86_64.manylinux2014_x86_64.manylinux_2_28_x86_64.whl.metadata (81 kB)
2025-08-26T13:54:50.8651080Z Collecting boto3 (from -r requirements-dev.txt (line 8))
2025-08-26T13:54:50.9013622Z   Downloading boto3-1.40.17-py3-none-any.whl.metadata (6.7 kB)
2025-08-26T13:54:50.9307031Z Collecting redis==6.* (from -r requirements-dev.txt (line 9))
2025-08-26T13:54:50.9318010Z   Using cached redis-6.4.0-py3-none-any.whl.metadata (10 kB)
2025-08-26T13:54:50.9618015Z Collecting minio==7.* (from -r requirements-dev.txt (line 10))
2025-08-26T13:54:50.9628644Z   Using cached minio-7.2.16-py3-none-any.whl.metadata (6.5 kB)
2025-08-26T13:54:50.9760880Z Collecting vulture==2.10 (from -r requirements-dev.txt (line 11))
2025-08-26T13:54:50.9772015Z   Using cached vulture-2.10-py2.py3-none-any.whl.metadata (23 kB)
2025-08-26T13:54:51.0070420Z Collecting celery==5.5.3 (from -r requirements-dev.txt (line 12))
2025-08-26T13:54:51.0081934Z   Using cached celery-5.5.3-py3-none-any.whl.metadata (22 kB)
2025-08-26T13:54:51.0643151Z Collecting fastapi==0.116.1 (from -r requirements-dev.txt (line 13))
2025-08-26T13:54:51.0656973Z   Using cached fastapi-0.116.1-py3-none-any.whl.metadata (28 kB)
2025-08-26T13:54:51.0840742Z Collecting fastapi-limiter==0.1.6 (from -r requirements-dev.txt (line 15))
2025-08-26T13:54:51.0852497Z   Using cached fastapi_limiter-0.1.6-py3-none-any.whl.metadata (5.3 kB)
2025-08-26T13:54:51.1031871Z Collecting httpx<0.29,>=0.27 (from -r requirements-dev.txt (line 16))
2025-08-26T13:54:51.1043681Z   Using cached httpx-0.28.1-py3-none-any.whl.metadata (7.1 kB)
2025-08-26T13:54:51.1154170Z Collecting imapclient==3.0.1 (from -r requirements-dev.txt (line 17))
2025-08-26T13:54:51.1166066Z   Using cached IMAPClient-3.0.1-py2.py3-none-any.whl.metadata (1.7 kB)
2025-08-26T13:54:51.1258040Z Collecting itsdangerous (from -r requirements-dev.txt (line 18))
2025-08-26T13:54:51.1269827Z   Using cached itsdangerous-2.2.0-py3-none-any.whl.metadata (1.9 kB)
2025-08-26T13:54:51.2215710Z Collecting mypy==1.* (from -r requirements-dev.txt (line 19))
2025-08-26T13:54:51.2229941Z   Using cached mypy-1.17.1-cp312-cp312-manylinux2014_x86_64.manylinux_2_17_x86_64.manylinux_2_28_x86_64.whl.metadata (2.2 kB)
2025-08-26T13:54:51.2332461Z Collecting mypy-extensions==1.1.0 (from -r requirements-dev.txt (line 20))
2025-08-26T13:54:51.2344221Z   Using cached mypy_extensions-1.1.0-py3-none-any.whl.metadata (1.1 kB)
2025-08-26T13:54:51.4141182Z Collecting numpy<2 (from -r requirements-dev.txt (line 21))
2025-08-26T13:54:51.4154832Z   Using cached numpy-1.26.4-cp312-cp312-manylinux_2_17_x86_64.manylinux2014_x86_64.whl.metadata (61 kB)
2025-08-26T13:54:51.4400425Z Collecting openpyxl==3.1.5 (from -r requirements-dev.txt (line 22))
2025-08-26T13:54:51.4412382Z   Using cached openpyxl-3.1.5-py2.py3-none-any.whl.metadata (2.5 kB)
2025-08-26T13:54:51.5447792Z Collecting pandas==2.2.* (from -r requirements-dev.txt (line 23))
2025-08-26T13:54:51.5459763Z   Using cached pandas-2.2.3-cp312-cp312-manylinux_2_17_x86_64.manylinux2014_x86_64.whl.metadata (89 kB)
2025-08-26T13:54:51.6349932Z Collecting psycopg2-binary==2.9.10 (from -r requirements-dev.txt (line 24))
2025-08-26T13:54:51.6362061Z   Using cached psycopg2_binary-2.9.10-cp312-cp312-manylinux_2_17_x86_64.manylinux2014_x86_64.whl.metadata (4.9 kB)
2025-08-26T13:54:51.6507216Z Collecting psycopg==3.2.9 (from psycopg[binary]==3.2.9->-r requirements-dev.txt (line 25))
2025-08-26T13:54:51.6523776Z   Using cached psycopg-3.2.9-py3-none-any.whl.metadata (4.5 kB)
2025-08-26T13:54:51.7713082Z Collecting pydantic==2.11.7 (from -r requirements-dev.txt (line 26))
2025-08-26T13:54:51.7724775Z   Using cached pydantic-2.11.7-py3-none-any.whl.metadata (67 kB)
2025-08-26T13:54:51.8924866Z Collecting setuptools (from -r requirements-dev.txt (line 27))
2025-08-26T13:54:51.8936684Z   Using cached setuptools-80.9.0-py3-none-any.whl.metadata (6.6 kB)
2025-08-26T13:54:51.9197199Z Collecting pytest-asyncio==1.1.0 (from -r requirements-dev.txt (line 28))
2025-08-26T13:54:51.9212950Z   Using cached pytest_asyncio-1.1.0-py3-none-any.whl.metadata (4.1 kB)
2025-08-26T13:54:51.9349547Z Collecting pytest-cov==6.2.1 (from -r requirements-dev.txt (line 29))
2025-08-26T13:54:51.9360912Z   Using cached pytest_cov-6.2.1-py3-none-any.whl.metadata (30 kB)
2025-08-26T13:54:51.9506329Z Collecting pytest-postgresql==7.0.2 (from -r requirements-dev.txt (line 30))
2025-08-26T13:54:51.9517188Z   Using cached pytest_postgresql-7.0.2-py3-none-any.whl.metadata (18 kB)
2025-08-26T13:54:51.9689684Z Collecting python-dotenv (from -r requirements-dev.txt (line 31))
2025-08-26T13:54:51.9700893Z   Using cached python_dotenv-1.1.1-py3-none-any.whl.metadata (24 kB)
2025-08-26T13:54:51.9818546Z Collecting python-multipart (from -r requirements-dev.txt (line 32))
2025-08-26T13:54:51.9829761Z   Using cached python_multipart-0.0.20-py3-none-any.whl.metadata (1.8 kB)
2025-08-26T13:54:52.0111521Z Collecting python-telegram-bot==22.3 (from -r requirements-dev.txt (line 33))
2025-08-26T13:54:52.0123431Z   Using cached python_telegram_bot-22.3-py3-none-any.whl.metadata (17 kB)
2025-08-26T13:54:52.0473278Z Collecting requests==2.32.5 (from -r requirements-dev.txt (line 34))
2025-08-26T13:54:52.0485122Z   Using cached requests-2.32.5-py3-none-any.whl.metadata (4.9 kB)
2025-08-26T13:54:52.0635611Z Collecting respx==0.22.0 (from -r requirements-dev.txt (line 35))
2025-08-26T13:54:52.0647312Z   Using cached respx-0.22.0-py2.py3-none-any.whl.metadata (4.1 kB)
2025-08-26T13:54:52.4223739Z Collecting ruff==0.12.10 (from -r requirements-dev.txt (line 36))
2025-08-26T13:54:52.4270396Z   Downloading ruff-0.12.10-py3-none-manylinux_2_17_x86_64.manylinux2014_x86_64.whl.metadata (25 kB)
2025-08-26T13:54:52.6849897Z Collecting sqlalchemy==2.0.43 (from -r requirements-dev.txt (line 37))
2025-08-26T13:54:52.6863555Z   Using cached sqlalchemy-2.0.43-cp312-cp312-manylinux_2_17_x86_64.manylinux2014_x86_64.whl.metadata (9.6 kB)
2025-08-26T13:54:52.7078380Z Collecting structlog==24.1.0 (from -r requirements-dev.txt (line 38))
2025-08-26T13:54:52.7089750Z   Using cached structlog-24.1.0-py3-none-any.whl.metadata (6.9 kB)
2025-08-26T13:54:52.7260404Z Collecting testcontainers==4.12.0 (from testcontainers[postgres]==4.12.0->-r requirements-dev.txt (line 39))
2025-08-26T13:54:52.7271318Z   Using cached testcontainers-4.12.0-py3-none-any.whl.metadata (8.3 kB)
2025-08-26T13:54:52.7640610Z Collecting types-requests==2.32.4.20250809 (from -r requirements-dev.txt (line 40))
2025-08-26T13:54:52.7651610Z   Using cached types_requests-2.32.4.20250809-py3-none-any.whl.metadata (2.0 kB)
2025-08-26T13:54:52.7757617Z Collecting docspec-python==2.2.2 (from -r requirements-dev.txt (line 41))
2025-08-26T13:54:52.7768653Z   Using cached docspec_python-2.2.2-py3-none-any.whl.metadata (1.0 kB)
2025-08-26T13:54:52.7910556Z Collecting pydoc-markdown==4.8.2 (from -r requirements-dev.txt (line 42))
2025-08-26T13:54:52.7921474Z   Using cached pydoc_markdown-4.8.2-py3-none-any.whl.metadata (5.9 kB)
2025-08-26T13:54:52.8636201Z Collecting pandera==0.19.* (from -r requirements-dev.txt (line 43))
2025-08-26T13:54:52.8649341Z   Using cached pandera-0.19.3-py3-none-any.whl.metadata (15 kB)
2025-08-26T13:54:52.9169595Z Collecting MarkupSafe>=2.0 (from Jinja2==3.1.6->-r requirements-dev.txt (line 2))
2025-08-26T13:54:52.9181510Z   Using cached MarkupSafe-3.0.2-cp312-cp312-manylinux_2_17_x86_64.manylinux2014_x86_64.whl.metadata (4.0 kB)
2025-08-26T13:54:52.9420669Z Collecting Mako (from alembic==1.16.4->-r requirements-dev.txt (line 3))
2025-08-26T13:54:52.9432448Z   Using cached mako-1.3.10-py3-none-any.whl.metadata (2.9 kB)
2025-08-26T13:54:52.9614108Z Collecting typing-extensions>=4.12 (from alembic==1.16.4->-r requirements-dev.txt (line 3))
2025-08-26T13:54:52.9652361Z   Downloading typing_extensions-4.15.0-py3-none-any.whl.metadata (3.3 kB)
2025-08-26T13:54:52.9803255Z Collecting six>=1.4.0 (from apscheduler==3.10.4->-r requirements-dev.txt (line 4))
2025-08-26T13:54:52.9814420Z   Using cached six-1.17.0-py2.py3-none-any.whl.metadata (1.7 kB)
2025-08-26T13:54:53.0141855Z Collecting pytz (from apscheduler==3.10.4->-r requirements-dev.txt (line 4))
2025-08-26T13:54:53.0154060Z   Using cached pytz-2025.2-py2.py3-none-any.whl.metadata (22 kB)
2025-08-26T13:54:53.0306518Z Collecting tzlocal!=3.*,>=2.0 (from apscheduler==3.10.4->-r requirements-dev.txt (line 4))
2025-08-26T13:54:53.0318212Z   Using cached tzlocal-5.3.1-py3-none-any.whl.metadata (7.6 kB)
2025-08-26T13:54:53.0674942Z Collecting starlette>=0.18 (from asgi-correlation-id==4.3.1->-r requirements-dev.txt (line 5))
2025-08-26T13:54:53.0715535Z   Downloading starlette-0.47.3-py3-none-any.whl.metadata (6.2 kB)
2025-08-26T13:54:53.0924365Z Collecting click>=8.0.0 (from black==25.1.0->-r requirements-dev.txt (line 7))
2025-08-26T13:54:53.0936236Z   Using cached click-8.2.1-py3-none-any.whl.metadata (2.5 kB)
2025-08-26T13:54:53.1091505Z Collecting packaging>=22.0 (from black==25.1.0->-r requirements-dev.txt (line 7))
2025-08-26T13:54:53.1103106Z   Using cached packaging-25.0-py3-none-any.whl.metadata (3.3 kB)
2025-08-26T13:54:53.1206652Z Collecting pathspec>=0.9.0 (from black==25.1.0->-r requirements-dev.txt (line 7))
2025-08-26T13:54:53.1218213Z   Using cached pathspec-0.12.1-py3-none-any.whl.metadata (21 kB)
2025-08-26T13:54:53.1395461Z Collecting platformdirs>=2 (from black==25.1.0->-r requirements-dev.txt (line 7))
2025-08-26T13:54:53.1407191Z   Using cached platformdirs-4.3.8-py3-none-any.whl.metadata (12 kB)
2025-08-26T13:54:53.1522147Z Collecting toml (from vulture==2.10->-r requirements-dev.txt (line 11))
2025-08-26T13:54:53.1533580Z   Using cached toml-0.10.2-py2.py3-none-any.whl.metadata (7.1 kB)
2025-08-26T13:54:53.1697336Z Collecting billiard<5.0,>=4.2.1 (from celery==5.5.3->-r requirements-dev.txt (line 12))
2025-08-26T13:54:53.1708892Z   Using cached billiard-4.2.1-py3-none-any.whl.metadata (4.4 kB)
2025-08-26T13:54:53.1964807Z Collecting kombu<5.6,>=5.5.2 (from celery==5.5.3->-r requirements-dev.txt (line 12))
2025-08-26T13:54:53.1976495Z   Using cached kombu-5.5.4-py3-none-any.whl.metadata (3.5 kB)
2025-08-26T13:54:53.2126833Z Collecting vine<6.0,>=5.1.0 (from celery==5.5.3->-r requirements-dev.txt (line 12))
2025-08-26T13:54:53.2138269Z   Using cached vine-5.1.0-py3-none-any.whl.metadata (2.7 kB)
2025-08-26T13:54:53.2258255Z Collecting click-didyoumean>=0.3.0 (from celery==5.5.3->-r requirements-dev.txt (line 12))
2025-08-26T13:54:53.2269968Z   Using cached click_didyoumean-0.3.1-py3-none-any.whl.metadata (3.9 kB)
2025-08-26T13:54:53.2357338Z Collecting click-repl>=0.2.0 (from celery==5.5.3->-r requirements-dev.txt (line 12))
2025-08-26T13:54:53.2368715Z   Using cached click_repl-0.3.0-py3-none-any.whl.metadata (3.6 kB)
2025-08-26T13:54:53.2465174Z Collecting click-plugins>=1.1.1 (from celery==5.5.3->-r requirements-dev.txt (line 12))
2025-08-26T13:54:53.2476679Z   Using cached click_plugins-1.1.1.2-py2.py3-none-any.whl.metadata (6.5 kB)
2025-08-26T13:54:53.2596164Z Collecting python-dateutil>=2.8.2 (from celery==5.5.3->-r requirements-dev.txt (line 12))
2025-08-26T13:54:53.2607931Z   Using cached python_dateutil-2.9.0.post0-py2.py3-none-any.whl.metadata (8.4 kB)
2025-08-26T13:54:53.3280518Z Collecting annotated-types>=0.6.0 (from pydantic==2.11.7->-r requirements-dev.txt (line 26))
2025-08-26T13:54:53.3292033Z   Using cached annotated_types-0.7.0-py3-none-any.whl.metadata (15 kB)
2025-08-26T13:54:53.9930320Z Collecting pydantic-core==2.33.2 (from pydantic==2.11.7->-r requirements-dev.txt (line 26))
2025-08-26T13:54:53.9944615Z   Using cached pydantic_core-2.33.2-cp312-cp312-manylinux_2_17_x86_64.manylinux2014_x86_64.whl.metadata (6.8 kB)
2025-08-26T13:54:54.0565614Z Collecting typing-inspection>=0.4.0 (from pydantic==2.11.7->-r requirements-dev.txt (line 26))
2025-08-26T13:54:54.0578068Z   Using cached typing_inspection-0.4.1-py3-none-any.whl.metadata (2.6 kB)
2025-08-26T13:54:54.0829593Z Collecting et-xmlfile (from openpyxl==3.1.5->-r requirements-dev.txt (line 22))
2025-08-26T13:54:54.0841163Z   Using cached et_xmlfile-2.0.0-py3-none-any.whl.metadata (2.7 kB)
2025-08-26T13:54:54.1224018Z Collecting pytest<9,>=8.2 (from pytest-asyncio==1.1.0->-r requirements-dev.txt (line 28))
2025-08-26T13:54:54.1235557Z   Using cached pytest-8.4.1-py3-none-any.whl.metadata (7.7 kB)
2025-08-26T13:54:54.4285489Z Collecting coverage>=7.5 (from coverage[toml]>=7.5->pytest-cov==6.2.1->-r requirements-dev.txt (line 29))
2025-08-26T13:54:54.4300094Z   Using cached coverage-7.10.5-cp312-cp312-manylinux1_x86_64.manylinux_2_28_x86_64.manylinux_2_5_x86_64.whl.metadata (8.9 kB)
2025-08-26T13:54:54.4420479Z Collecting pluggy>=1.2 (from pytest-cov==6.2.1->-r requirements-dev.txt (line 29))
2025-08-26T13:54:54.4432210Z   Using cached pluggy-1.6.0-py3-none-any.whl.metadata (4.8 kB)
2025-08-26T13:54:54.4639588Z Collecting port-for>=0.7.3 (from pytest-postgresql==7.0.2->-r requirements-dev.txt (line 30))
2025-08-26T13:54:54.4650556Z   Using cached port_for-0.7.4-py3-none-any.whl.metadata (7.1 kB)
2025-08-26T13:54:54.4778427Z Collecting mirakuru>=2.6.0 (from pytest-postgresql==7.0.2->-r requirements-dev.txt (line 30))
2025-08-26T13:54:54.4789260Z   Using cached mirakuru-2.6.1-py3-none-any.whl.metadata (10 kB)
2025-08-26T13:54:54.5586291Z Collecting charset_normalizer<4,>=2 (from requests==2.32.5->-r requirements-dev.txt (line 34))
2025-08-26T13:54:54.5598721Z   Using cached charset_normalizer-3.4.3-cp312-cp312-manylinux2014_x86_64.manylinux_2_17_x86_64.manylinux_2_28_x86_64.whl.metadata (36 kB)
2025-08-26T13:54:54.5740025Z Collecting idna<4,>=2.5 (from requests==2.32.5->-r requirements-dev.txt (line 34))
2025-08-26T13:54:54.5750988Z   Using cached idna-3.10-py3-none-any.whl.metadata (10 kB)
2025-08-26T13:54:54.6010504Z Collecting urllib3<3,>=1.21.1 (from requests==2.32.5->-r requirements-dev.txt (line 34))
2025-08-26T13:54:54.6021639Z   Using cached urllib3-2.5.0-py3-none-any.whl.metadata (6.5 kB)
2025-08-26T13:54:54.6215015Z Collecting certifi>=2017.4.17 (from requests==2.32.5->-r requirements-dev.txt (line 34))
2025-08-26T13:54:54.6226417Z   Using cached certifi-2025.8.3-py3-none-any.whl.metadata (2.4 kB)
2025-08-26T13:54:54.8256735Z Collecting greenlet>=1 (from sqlalchemy==2.0.43->-r requirements-dev.txt (line 37))
2025-08-26T13:54:54.8270402Z   Using cached greenlet-3.2.4-cp312-cp312-manylinux_2_24_x86_64.manylinux_2_28_x86_64.whl.metadata (4.1 kB)
2025-08-26T13:54:54.8493060Z Collecting docker (from testcontainers==4.12.0->testcontainers[postgres]==4.12.0->-r requirements-dev.txt (line 39))
2025-08-26T13:54:54.8504530Z   Using cached docker-7.1.0-py3-none-any.whl.metadata (3.8 kB)
2025-08-26T13:54:54.9448454Z Collecting wrapt (from testcontainers==4.12.0->testcontainers[postgres]==4.12.0->-r requirements-dev.txt (line 39))
2025-08-26T13:54:54.9461137Z   Using cached wrapt-1.17.3-cp312-cp312-manylinux1_x86_64.manylinux_2_28_x86_64.manylinux_2_5_x86_64.whl.metadata (6.4 kB)
2025-08-26T13:54:54.9720271Z Collecting docspec==2.2.1 (from docspec-python==2.2.2->-r requirements-dev.txt (line 41))
2025-08-26T13:54:54.9731970Z   Using cached docspec-2.2.1-py3-none-any.whl.metadata (1.5 kB)
2025-08-26T13:54:54.9870634Z Collecting nr-util>=0.8.12 (from docspec-python==2.2.2->-r requirements-dev.txt (line 41))
2025-08-26T13:54:54.9882068Z   Using cached nr.util-0.8.12-py3-none-any.whl.metadata (813 bytes)
2025-08-26T13:54:55.0212896Z Collecting PyYAML<7.0,>=5.0 (from pydoc-markdown==4.8.2->-r requirements-dev.txt (line 42))
2025-08-26T13:54:55.0224987Z   Using cached PyYAML-6.0.2-cp312-cp312-manylinux_2_17_x86_64.manylinux2014_x86_64.whl.metadata (2.1 kB)
2025-08-26T13:54:55.0479204Z Collecting databind.core<5.0.0,>=4.4.0 (from pydoc-markdown==4.8.2->-r requirements-dev.txt (line 42))
2025-08-26T13:54:55.0490818Z   Using cached databind.core-4.5.2-py3-none-any.whl.metadata (1.1 kB)
2025-08-26T13:54:55.0702553Z Collecting databind.json<5.0.0,>=4.4.0 (from pydoc-markdown==4.8.2->-r requirements-dev.txt (line 42))
2025-08-26T13:54:55.0714130Z   Using cached databind.json-4.5.2-py3-none-any.whl.metadata (1.1 kB)
2025-08-26T13:54:55.0843062Z Collecting docstring-parser<0.12,>=0.11 (from pydoc-markdown==4.8.2->-r requirements-dev.txt (line 42))
2025-08-26T13:54:55.0844550Z   Using cached docstring_parser-0.11-py3-none-any.whl
2025-08-26T13:54:55.1211599Z Collecting tomli<3.0.0,>=2.0.0 (from pydoc-markdown==4.8.2->-r requirements-dev.txt (line 42))
2025-08-26T13:54:55.1223315Z   Using cached tomli-2.2.1-cp312-cp312-manylinux_2_17_x86_64.manylinux2014_x86_64.whl.metadata (11 kB)
2025-08-26T13:54:55.1313561Z Collecting tomli_w<2.0.0,>=1.0.0 (from pydoc-markdown==4.8.2->-r requirements-dev.txt (line 42))
2025-08-26T13:54:55.1324965Z   Using cached tomli_w-1.2.0-py3-none-any.whl.metadata (5.7 kB)
2025-08-26T13:54:55.1754270Z Collecting watchdog (from pydoc-markdown==4.8.2->-r requirements-dev.txt (line 42))
2025-08-26T13:54:55.1766296Z   Using cached watchdog-6.0.0-py3-none-manylinux2014_x86_64.whl.metadata (44 kB)
2025-08-26T13:54:55.1964394Z Collecting yapf>=0.30.0 (from pydoc-markdown==4.8.2->-r requirements-dev.txt (line 42))
2025-08-26T13:54:55.1976060Z   Using cached yapf-0.43.0-py3-none-any.whl.metadata (46 kB)
2025-08-26T13:54:55.2162756Z Collecting Deprecated<2.0.0,>=1.2.12 (from docspec==2.2.1->docspec-python==2.2.2->-r requirements-dev.txt (line 41))
2025-08-26T13:54:55.2174260Z   Using cached Deprecated-1.2.18-py2.py3-none-any.whl.metadata (5.7 kB)
2025-08-26T13:54:55.3652524Z Collecting psycopg-binary==3.2.9 (from psycopg[binary]==3.2.9->-r requirements-dev.txt (line 25))
2025-08-26T13:54:55.3666440Z   Using cached psycopg_binary-3.2.9-cp312-cp312-manylinux_2_17_x86_64.manylinux2014_x86_64.whl.metadata (2.9 kB)
2025-08-26T13:54:55.4016793Z Collecting argon2-cffi (from minio==7.*->-r requirements-dev.txt (line 10))
2025-08-26T13:54:55.4028981Z   Using cached argon2_cffi-25.1.0-py3-none-any.whl.metadata (4.1 kB)
2025-08-26T13:54:55.4786563Z Collecting pycryptodome (from minio==7.*->-r requirements-dev.txt (line 10))
2025-08-26T13:54:55.4799366Z   Using cached pycryptodome-3.23.0-cp37-abi3-manylinux_2_17_x86_64.manylinux2014_x86_64.whl.metadata (3.4 kB)
2025-08-26T13:54:55.4993311Z Collecting anyio (from httpx<0.29,>=0.27->-r requirements-dev.txt (line 16))
2025-08-26T13:54:55.5005026Z   Using cached anyio-4.10.0-py3-none-any.whl.metadata (4.0 kB)
2025-08-26T13:54:55.5188333Z Collecting httpcore==1.* (from httpx<0.29,>=0.27->-r requirements-dev.txt (line 16))
2025-08-26T13:54:55.5199949Z   Using cached httpcore-1.0.9-py3-none-any.whl.metadata (21 kB)
2025-08-26T13:54:55.5512860Z Collecting tzdata>=2022.7 (from pandas==2.2.*->-r requirements-dev.txt (line 23))
2025-08-26T13:54:55.5524282Z   Using cached tzdata-2025.2-py2.py3-none-any.whl.metadata (1.4 kB)
2025-08-26T13:54:55.5660076Z Collecting multimethod<=1.10.0 (from pandera==0.19.*->-r requirements-dev.txt (line 43))
2025-08-26T13:54:55.5670944Z   Using cached multimethod-1.10-py3-none-any.whl.metadata (8.2 kB)
2025-08-26T13:54:55.6032517Z Collecting typeguard (from pandera==0.19.*->-r requirements-dev.txt (line 43))
2025-08-26T13:54:55.6043827Z   Using cached typeguard-4.4.4-py3-none-any.whl.metadata (3.3 kB)
2025-08-26T13:54:55.6137452Z Collecting typing-inspect>=0.6.0 (from pandera==0.19.*->-r requirements-dev.txt (line 43))
2025-08-26T13:54:55.6148745Z   Using cached typing_inspect-0.9.0-py3-none-any.whl.metadata (1.5 kB)
2025-08-26T13:54:55.6392405Z Collecting databind<5.0.0,>=4.5.2 (from databind.core<5.0.0,>=4.4.0->pydoc-markdown==4.8.2->-r requirements-dev.txt (line 42))
2025-08-26T13:54:55.6403974Z   Using cached databind-4.5.2-py3-none-any.whl.metadata (4.3 kB)
2025-08-26T13:54:55.6507545Z Collecting nr-date<3.0.0,>=2.0.0 (from databind<5.0.0,>=4.5.2->databind.core<5.0.0,>=4.4.0->pydoc-markdown==4.8.2->-r requirements-dev.txt (line 42))
2025-08-26T13:54:55.6518862Z   Using cached nr_date-2.1.0-py3-none-any.whl.metadata (746 bytes)
2025-08-26T13:54:55.6622739Z Collecting nr-stream<2.0.0,>=1.0.0 (from databind<5.0.0,>=4.5.2->databind.core<5.0.0,>=4.4.0->pydoc-markdown==4.8.2->-r requirements-dev.txt (line 42))
2025-08-26T13:54:55.6634216Z   Using cached nr_stream-1.1.5-py3-none-any.whl.metadata (3.6 kB)
2025-08-26T13:54:55.6775046Z Collecting typeapi<3,>=2.0.1 (from databind<5.0.0,>=4.5.2->databind.core<5.0.0,>=4.4.0->pydoc-markdown==4.8.2->-r requirements-dev.txt (line 42))
2025-08-26T13:54:55.6786656Z   Using cached typeapi-2.2.4-py3-none-any.whl.metadata (1.5 kB)
2025-08-26T13:54:55.7074385Z Collecting h11>=0.16 (from httpcore==1.*->httpx<0.29,>=0.27->-r requirements-dev.txt (line 16))
2025-08-26T13:54:55.7086062Z   Using cached h11-0.16.0-py3-none-any.whl.metadata (8.3 kB)
2025-08-26T13:54:55.7301636Z Collecting amqp<6.0.0,>=5.1.1 (from kombu<5.6,>=5.5.2->celery==5.5.3->-r requirements-dev.txt (line 12))
2025-08-26T13:54:55.7313234Z   Using cached amqp-5.3.1-py3-none-any.whl.metadata (8.9 kB)
2025-08-26T13:54:55.7707585Z Collecting iniconfig>=1 (from pytest<9,>=8.2->pytest-asyncio==1.1.0->-r requirements-dev.txt (line 28))
2025-08-26T13:54:55.7718969Z   Using cached iniconfig-2.1.0-py3-none-any.whl.metadata (2.7 kB)
2025-08-26T13:54:55.7928548Z Collecting pygments>=2.7.2 (from pytest<9,>=8.2->pytest-asyncio==1.1.0->-r requirements-dev.txt (line 28))
2025-08-26T13:54:55.7939983Z   Using cached pygments-2.19.2-py3-none-any.whl.metadata (2.5 kB)
2025-08-26T13:54:55.8257956Z Collecting sniffio>=1.1 (from anyio->httpx<0.29,>=0.27->-r requirements-dev.txt (line 16))
2025-08-26T13:54:55.8269744Z   Using cached sniffio-1.3.1-py3-none-any.whl.metadata (3.9 kB)
2025-08-26T13:54:56.3398253Z Collecting botocore<1.41.0,>=1.40.17 (from boto3->-r requirements-dev.txt (line 8))
2025-08-26T13:54:56.3443569Z   Downloading botocore-1.40.17-py3-none-any.whl.metadata (5.7 kB)
2025-08-26T13:54:56.3582520Z Collecting jmespath<2.0.0,>=0.7.1 (from boto3->-r requirements-dev.txt (line 8))
2025-08-26T13:54:56.3594731Z   Using cached jmespath-1.0.1-py3-none-any.whl.metadata (7.6 kB)
2025-08-26T13:54:56.3759475Z Collecting s3transfer<0.14.0,>=0.13.0 (from boto3->-r requirements-dev.txt (line 8))
2025-08-26T13:54:56.3770534Z   Using cached s3transfer-0.13.1-py3-none-any.whl.metadata (1.7 kB)
2025-08-26T13:54:56.5832135Z Collecting fastapi-cli>=0.0.8 (from fastapi-cli[standard]>=0.0.8; extra == "all"->fastapi[all]->-r requirements-dev.txt (line 14))
2025-08-26T13:54:56.5843448Z   Using cached fastapi_cli-0.0.8-py3-none-any.whl.metadata (6.3 kB)
2025-08-26T13:54:56.6568194Z Collecting ujson!=4.0.2,!=4.1.0,!=4.2.0,!=4.3.0,!=5.0.0,!=5.1.0,>=4.0.1 (from fastapi[all]->-r requirements-dev.txt (line 14))
2025-08-26T13:54:56.6580079Z   Using cached ujson-5.11.0-cp312-cp312-manylinux_2_24_x86_64.manylinux_2_28_x86_64.whl.metadata (9.4 kB)
2025-08-26T13:54:56.8919378Z Collecting orjson>=3.2.1 (from fastapi[all]->-r requirements-dev.txt (line 14))
2025-08-26T13:54:56.8933354Z   Using cached orjson-3.11.2-cp312-cp312-manylinux_2_17_x86_64.manylinux2014_x86_64.whl.metadata (1.2 kB)
2025-08-26T13:54:56.9064244Z Collecting email-validator>=2.0.0 (from fastapi[all]->-r requirements-dev.txt (line 14))
2025-08-26T13:54:56.9109114Z   Downloading email_validator-2.3.0-py3-none-any.whl.metadata (26 kB)
2025-08-26T13:54:56.9412468Z Collecting uvicorn>=0.12.0 (from uvicorn[standard]>=0.12.0; extra == "all"->fastapi[all]->-r requirements-dev.txt (line 14))
2025-08-26T13:54:56.9423487Z   Using cached uvicorn-0.35.0-py3-none-any.whl.metadata (6.5 kB)
2025-08-26T13:54:56.9585119Z Collecting pydantic-settings>=2.0.0 (from fastapi[all]->-r requirements-dev.txt (line 14))
2025-08-26T13:54:56.9596749Z   Using cached pydantic_settings-2.10.1-py3-none-any.whl.metadata (3.4 kB)
2025-08-26T13:54:56.9725508Z Collecting pydantic-extra-types>=2.0.0 (from fastapi[all]->-r requirements-dev.txt (line 14))
2025-08-26T13:54:56.9736502Z   Using cached pydantic_extra_types-2.10.5-py3-none-any.whl.metadata (3.9 kB)
2025-08-26T13:54:57.0415328Z Collecting prompt-toolkit>=3.0.36 (from click-repl>=0.2.0->celery==5.5.3->-r requirements-dev.txt (line 12))
2025-08-26T13:54:57.0426263Z   Using cached prompt_toolkit-3.0.51-py3-none-any.whl.metadata (6.4 kB)
2025-08-26T13:54:57.0603607Z Collecting dnspython>=2.0.0 (from email-validator>=2.0.0->fastapi[all]->-r requirements-dev.txt (line 14))
2025-08-26T13:54:57.0614308Z   Using cached dnspython-2.7.0-py3-none-any.whl.metadata (5.8 kB)
2025-08-26T13:54:57.0904502Z Collecting typer>=0.15.1 (from fastapi-cli>=0.0.8->fastapi-cli[standard]>=0.0.8; extra == "all"->fastapi[all]->-r requirements-dev.txt (line 14))
2025-08-26T13:54:57.0914660Z   Using cached typer-0.16.1-py3-none-any.whl.metadata (15 kB)
2025-08-26T13:54:57.1178863Z Collecting rich-toolkit>=0.14.8 (from fastapi-cli>=0.0.8->fastapi-cli[standard]>=0.0.8; extra == "all"->fastapi[all]->-r requirements-dev.txt (line 14))
2025-08-26T13:54:57.1189798Z   Using cached rich_toolkit-0.15.0-py3-none-any.whl.metadata (1.0 kB)
2025-08-26T13:54:57.1297364Z Collecting fastapi-cloud-cli>=0.1.1 (from fastapi-cli[standard]>=0.0.8; extra == "all"->fastapi[all]->-r requirements-dev.txt (line 14))
2025-08-26T13:54:57.1308013Z   Using cached fastapi_cloud_cli-0.1.5-py3-none-any.whl.metadata (3.2 kB)
2025-08-26T13:54:57.2013492Z Collecting rignore>=0.5.1 (from fastapi-cloud-cli>=0.1.1->fastapi-cli[standard]>=0.0.8; extra == "all"->fastapi[all]->-r requirements-dev.txt (line 14))
2025-08-26T13:54:57.2025188Z   Using cached rignore-0.6.4-cp312-cp312-manylinux_2_17_x86_64.manylinux2014_x86_64.whl.metadata (3.8 kB)
2025-08-26T13:54:57.3045454Z Collecting sentry-sdk>=2.20.0 (from fastapi-cloud-cli>=0.1.1->fastapi-cli[standard]>=0.0.8; extra == "all"->fastapi[all]->-r requirements-dev.txt (line 14))
2025-08-26T13:54:57.3086116Z   Downloading sentry_sdk-2.35.1-py2.py3-none-any.whl.metadata (10 kB)
2025-08-26T13:54:57.4017603Z Collecting psutil>=4.0.0 (from mirakuru>=2.6.0->pytest-postgresql==7.0.2->-r requirements-dev.txt (line 30))
2025-08-26T13:54:57.4031635Z   Using cached psutil-7.0.0-cp36-abi3-manylinux_2_12_x86_64.manylinux2010_x86_64.manylinux_2_17_x86_64.manylinux2014_x86_64.whl.metadata (22 kB)
2025-08-26T13:54:57.4348753Z Collecting wcwidth (from prompt-toolkit>=3.0.36->click-repl>=0.2.0->celery==5.5.3->-r requirements-dev.txt (line 12))
2025-08-26T13:54:57.4359778Z   Using cached wcwidth-0.2.13-py2.py3-none-any.whl.metadata (14 kB)
2025-08-26T13:54:57.5577366Z Collecting rich>=13.7.1 (from rich-toolkit>=0.14.8->fastapi-cli>=0.0.8->fastapi-cli[standard]>=0.0.8; extra == "all"->fastapi[all]->-r requirements-dev.txt (line 14))
2025-08-26T13:54:57.5590788Z   Using cached rich-14.1.0-py3-none-any.whl.metadata (18 kB)
2025-08-26T13:54:57.5789245Z Collecting markdown-it-py>=2.2.0 (from rich>=13.7.1->rich-toolkit>=0.14.8->fastapi-cli>=0.0.8->fastapi-cli[standard]>=0.0.8; extra == "all"->fastapi[all]->-r requirements-dev.txt (line 14))
2025-08-26T13:54:57.5800041Z   Using cached markdown_it_py-4.0.0-py3-none-any.whl.metadata (7.3 kB)
2025-08-26T13:54:57.5996580Z Collecting mdurl~=0.1 (from markdown-it-py>=2.2.0->rich>=13.7.1->rich-toolkit>=0.14.8->fastapi-cli>=0.0.8->fastapi-cli[standard]>=0.0.8; extra == "all"->fastapi[all]->-r requirements-dev.txt (line 14))
2025-08-26T13:54:57.6008601Z   Using cached mdurl-0.1.2-py3-none-any.whl.metadata (1.6 kB)
2025-08-26T13:54:57.6522768Z Collecting shellingham>=1.3.0 (from typer>=0.15.1->fastapi-cli>=0.0.8->fastapi-cli[standard]>=0.0.8; extra == "all"->fastapi[all]->-r requirements-dev.txt (line 14))
2025-08-26T13:54:57.6533276Z   Using cached shellingham-1.5.4-py2.py3-none-any.whl.metadata (3.5 kB)
2025-08-26T13:54:57.7251023Z Collecting httptools>=0.6.3 (from uvicorn[standard]>=0.12.0; extra == "all"->fastapi[all]->-r requirements-dev.txt (line 14))
2025-08-26T13:54:57.7262553Z   Using cached httptools-0.6.4-cp312-cp312-manylinux_2_5_x86_64.manylinux1_x86_64.manylinux_2_17_x86_64.manylinux2014_x86_64.whl.metadata (3.6 kB)
2025-08-26T13:54:57.7667169Z Collecting uvloop>=0.15.1 (from uvicorn[standard]>=0.12.0; extra == "all"->fastapi[all]->-r requirements-dev.txt (line 14))
2025-08-26T13:54:57.7678086Z   Using cached uvloop-0.21.0-cp312-cp312-manylinux_2_17_x86_64.manylinux2014_x86_64.whl.metadata (4.9 kB)
2025-08-26T13:54:57.8361464Z Collecting watchfiles>=0.13 (from uvicorn[standard]>=0.12.0; extra == "all"->fastapi[all]->-r requirements-dev.txt (line 14))
2025-08-26T13:54:57.8373251Z   Using cached watchfiles-1.1.0-cp312-cp312-manylinux_2_17_x86_64.manylinux2014_x86_64.whl.metadata (4.9 kB)
2025-08-26T13:54:57.9248579Z Collecting websockets>=10.4 (from uvicorn[standard]>=0.12.0; extra == "all"->fastapi[all]->-r requirements-dev.txt (line 14))
2025-08-26T13:54:57.9260717Z   Using cached websockets-15.0.1-cp312-cp312-manylinux_2_5_x86_64.manylinux1_x86_64.manylinux_2_17_x86_64.manylinux2014_x86_64.whl.metadata (6.8 kB)
2025-08-26T13:54:57.9698272Z Collecting argon2-cffi-bindings (from argon2-cffi->minio==7.*->-r requirements-dev.txt (line 10))
2025-08-26T13:54:57.9709491Z   Using cached argon2_cffi_bindings-25.1.0-cp39-abi3-manylinux_2_26_x86_64.manylinux_2_28_x86_64.whl.metadata (7.4 kB)
2025-08-26T13:54:58.1884442Z Collecting cffi>=1.0.1 (from argon2-cffi-bindings->argon2-cffi->minio==7.*->-r requirements-dev.txt (line 10))
2025-08-26T13:54:58.1897680Z   Using cached cffi-1.17.1-cp312-cp312-manylinux_2_17_x86_64.manylinux2014_x86_64.whl.metadata (1.5 kB)
2025-08-26T13:54:58.2028199Z Collecting pycparser (from cffi>=1.0.1->argon2-cffi-bindings->argon2-cffi->minio==7.*->-r requirements-dev.txt (line 10))
2025-08-26T13:54:58.2039026Z   Using cached pycparser-2.22-py3-none-any.whl.metadata (943 bytes)
2025-08-26T13:54:58.2674774Z Using cached jinja2-3.1.6-py3-none-any.whl (134 kB)
2025-08-26T13:54:58.2687027Z Using cached alembic-1.16.4-py3-none-any.whl (247 kB)
2025-08-26T13:54:58.2699643Z Using cached APScheduler-3.10.4-py3-none-any.whl (59 kB)
2025-08-26T13:54:58.2710999Z Using cached asgi_correlation_id-4.3.1-py3-none-any.whl (15 kB)
2025-08-26T13:54:58.2721883Z Using cached asyncpg-0.30.0-cp312-cp312-manylinux_2_17_x86_64.manylinux2014_x86_64.whl (3.6 MB)
2025-08-26T13:54:58.2759879Z Using cached black-25.1.0-cp312-cp312-manylinux_2_17_x86_64.manylinux2014_x86_64.manylinux_2_28_x86_64.whl (1.8 MB)
2025-08-26T13:54:58.2783098Z Using cached vulture-2.10-py2.py3-none-any.whl (27 kB)
2025-08-26T13:54:58.2793822Z Using cached celery-5.5.3-py3-none-any.whl (438 kB)
2025-08-26T13:54:58.2807650Z Using cached fastapi-0.116.1-py3-none-any.whl (95 kB)
2025-08-26T13:54:58.2819921Z Using cached pydantic-2.11.7-py3-none-any.whl (444 kB)
2025-08-26T13:54:58.2833727Z Using cached fastapi_limiter-0.1.6-py3-none-any.whl (15 kB)
2025-08-26T13:54:58.2844857Z Using cached IMAPClient-3.0.1-py2.py3-none-any.whl (182 kB)
2025-08-26T13:54:58.2857191Z Using cached mypy_extensions-1.1.0-py3-none-any.whl (5.0 kB)
2025-08-26T13:54:58.2867802Z Using cached openpyxl-3.1.5-py2.py3-none-any.whl (250 kB)
2025-08-26T13:54:58.2880609Z Using cached psycopg2_binary-2.9.10-cp312-cp312-manylinux_2_17_x86_64.manylinux2014_x86_64.whl (3.0 MB)
2025-08-26T13:54:58.2913699Z Using cached psycopg-3.2.9-py3-none-any.whl (202 kB)
2025-08-26T13:54:58.2925576Z Using cached pytest_asyncio-1.1.0-py3-none-any.whl (15 kB)
2025-08-26T13:54:58.2936266Z Using cached pytest_cov-6.2.1-py3-none-any.whl (24 kB)
2025-08-26T13:54:58.2947005Z Using cached pytest_postgresql-7.0.2-py3-none-any.whl (41 kB)
2025-08-26T13:54:58.2957887Z Using cached python_telegram_bot-22.3-py3-none-any.whl (717 kB)
2025-08-26T13:54:58.2973423Z Using cached requests-2.32.5-py3-none-any.whl (64 kB)
2025-08-26T13:54:58.2984276Z Using cached respx-0.22.0-py2.py3-none-any.whl (25 kB)
2025-08-26T13:54:58.3026707Z Downloading ruff-0.12.10-py3-none-manylinux_2_17_x86_64.manylinux2014_x86_64.whl (13.1 MB)
2025-08-26T13:54:58.3690880Z    ━━━━━━━━━━━━━━━━━━━━━━━━━━━━━━━━━━━━━━━━ 13.1/13.1 MB 217.6 MB/s  0:00:00
2025-08-26T13:54:58.3704173Z Using cached sqlalchemy-2.0.43-cp312-cp312-manylinux_2_17_x86_64.manylinux2014_x86_64.whl (3.3 MB)
2025-08-26T13:54:58.3738969Z Using cached structlog-24.1.0-py3-none-any.whl (65 kB)
2025-08-26T13:54:58.3750432Z Using cached testcontainers-4.12.0-py3-none-any.whl (111 kB)
2025-08-26T13:54:58.3762256Z Using cached types_requests-2.32.4.20250809-py3-none-any.whl (20 kB)
2025-08-26T13:54:58.3773051Z Using cached docspec_python-2.2.2-py3-none-any.whl (15 kB)
2025-08-26T13:54:58.3784096Z Using cached pydoc_markdown-4.8.2-py3-none-any.whl (67 kB)
2025-08-26T13:54:58.3795281Z Using cached docspec-2.2.1-py3-none-any.whl (9.8 kB)
2025-08-26T13:54:58.3806580Z Using cached psycopg_binary-3.2.9-cp312-cp312-manylinux_2_17_x86_64.manylinux2014_x86_64.whl (4.4 MB)
2025-08-26T13:54:58.3849417Z Using cached pydantic_core-2.33.2-cp312-cp312-manylinux_2_17_x86_64.manylinux2014_x86_64.whl (2.0 MB)
2025-08-26T13:54:58.3874400Z Using cached redis-6.4.0-py3-none-any.whl (279 kB)
2025-08-26T13:54:58.3887375Z Using cached minio-7.2.16-py3-none-any.whl (95 kB)
2025-08-26T13:54:58.3898905Z Using cached httpx-0.28.1-py3-none-any.whl (73 kB)
2025-08-26T13:54:58.3910695Z Using cached mypy-1.17.1-cp312-cp312-manylinux2014_x86_64.manylinux_2_17_x86_64.manylinux_2_28_x86_64.whl (12.7 MB)
2025-08-26T13:54:58.4011485Z Using cached numpy-1.26.4-cp312-cp312-manylinux_2_17_x86_64.manylinux2014_x86_64.whl (18.0 MB)
2025-08-26T13:54:58.4148917Z Using cached pandas-2.2.3-cp312-cp312-manylinux_2_17_x86_64.manylinux2014_x86_64.whl (12.7 MB)
2025-08-26T13:54:58.4248832Z Using cached pandera-0.19.3-py3-none-any.whl (251 kB)
2025-08-26T13:54:58.4261100Z Using cached billiard-4.2.1-py3-none-any.whl (86 kB)
2025-08-26T13:54:58.4273084Z Using cached charset_normalizer-3.4.3-cp312-cp312-manylinux2014_x86_64.manylinux_2_17_x86_64.manylinux_2_28_x86_64.whl (151 kB)
2025-08-26T13:54:58.4284301Z Using cached click-8.2.1-py3-none-any.whl (102 kB)
2025-08-26T13:54:58.4296258Z Using cached databind.core-4.5.2-py3-none-any.whl (1.5 kB)
2025-08-26T13:54:58.4306554Z Using cached databind-4.5.2-py3-none-any.whl (49 kB)
2025-08-26T13:54:58.4317524Z Using cached databind.json-4.5.2-py3-none-any.whl (1.5 kB)
2025-08-26T13:54:58.4328267Z Using cached Deprecated-1.2.18-py2.py3-none-any.whl (10.0 kB)
2025-08-26T13:54:58.4338974Z Using cached httpcore-1.0.9-py3-none-any.whl (78 kB)
2025-08-26T13:54:58.4350101Z Using cached idna-3.10-py3-none-any.whl (70 kB)
2025-08-26T13:54:58.4361141Z Using cached kombu-5.5.4-py3-none-any.whl (210 kB)
2025-08-26T13:54:58.4372896Z Using cached vine-5.1.0-py3-none-any.whl (9.6 kB)
2025-08-26T13:54:58.4383622Z Using cached amqp-5.3.1-py3-none-any.whl (50 kB)
2025-08-26T13:54:58.4394344Z Using cached multimethod-1.10-py3-none-any.whl (9.9 kB)
2025-08-26T13:54:58.4404801Z Using cached nr_date-2.1.0-py3-none-any.whl (10 kB)
2025-08-26T13:54:58.4415513Z Using cached nr_stream-1.1.5-py3-none-any.whl (10 kB)
2025-08-26T13:54:58.4426450Z Using cached nr.util-0.8.12-py3-none-any.whl (90 kB)
2025-08-26T13:54:58.4437828Z Using cached pytest-8.4.1-py3-none-any.whl (365 kB)
2025-08-26T13:54:58.4451208Z Using cached pluggy-1.6.0-py3-none-any.whl (20 kB)
2025-08-26T13:54:58.4462382Z Using cached PyYAML-6.0.2-cp312-cp312-manylinux_2_17_x86_64.manylinux2014_x86_64.whl (767 kB)
2025-08-26T13:54:58.4509657Z Downloading starlette-0.47.3-py3-none-any.whl (72 kB)
2025-08-26T13:54:58.4543658Z Using cached anyio-4.10.0-py3-none-any.whl (107 kB)
2025-08-26T13:54:58.4555427Z Using cached tomli-2.2.1-cp312-cp312-manylinux_2_17_x86_64.manylinux2014_x86_64.whl (242 kB)
2025-08-26T13:54:58.4567771Z Using cached tomli_w-1.2.0-py3-none-any.whl (6.7 kB)
2025-08-26T13:54:58.4578387Z Using cached typeapi-2.2.4-py3-none-any.whl (26 kB)
2025-08-26T13:54:58.4616664Z Downloading typing_extensions-4.15.0-py3-none-any.whl (44 kB)
2025-08-26T13:54:58.4645900Z Using cached urllib3-2.5.0-py3-none-any.whl (129 kB)
2025-08-26T13:54:58.4658307Z Using cached wrapt-1.17.3-cp312-cp312-manylinux1_x86_64.manylinux_2_28_x86_64.manylinux_2_5_x86_64.whl (88 kB)
2025-08-26T13:54:58.4699377Z Downloading boto3-1.40.17-py3-none-any.whl (140 kB)
2025-08-26T13:54:58.4759611Z Downloading botocore-1.40.17-py3-none-any.whl (14.0 MB)
2025-08-26T13:54:58.5336787Z    ━━━━━━━━━━━━━━━━━━━━━━━━━━━━━━━━━━━━━━━━ 14.0/14.0 MB 249.7 MB/s  0:00:00
2025-08-26T13:54:58.5349436Z Using cached jmespath-1.0.1-py3-none-any.whl (20 kB)
2025-08-26T13:54:58.5361070Z Using cached python_dateutil-2.9.0.post0-py2.py3-none-any.whl (229 kB)
2025-08-26T13:54:58.5373908Z Using cached s3transfer-0.13.1-py3-none-any.whl (85 kB)
2025-08-26T13:54:58.5386156Z Using cached itsdangerous-2.2.0-py3-none-any.whl (16 kB)
2025-08-26T13:54:58.5397593Z Using cached setuptools-80.9.0-py3-none-any.whl (1.2 MB)
2025-08-26T13:54:58.5417561Z Using cached python_dotenv-1.1.1-py3-none-any.whl (20 kB)
2025-08-26T13:54:58.5429146Z Using cached python_multipart-0.0.20-py3-none-any.whl (24 kB)
2025-08-26T13:54:58.5440637Z Using cached annotated_types-0.7.0-py3-none-any.whl (13 kB)
2025-08-26T13:54:58.5452068Z Using cached certifi-2025.8.3-py3-none-any.whl (161 kB)
2025-08-26T13:54:58.5464320Z Using cached click_didyoumean-0.3.1-py3-none-any.whl (3.6 kB)
2025-08-26T13:54:58.5476087Z Using cached click_plugins-1.1.1.2-py2.py3-none-any.whl (11 kB)
2025-08-26T13:54:58.5487262Z Using cached click_repl-0.3.0-py3-none-any.whl (10 kB)
2025-08-26T13:54:58.5499052Z Using cached coverage-7.10.5-cp312-cp312-manylinux1_x86_64.manylinux_2_28_x86_64.manylinux_2_5_x86_64.whl (251 kB)
2025-08-26T13:54:58.5541790Z Downloading email_validator-2.3.0-py3-none-any.whl (35 kB)
2025-08-26T13:54:58.5573228Z Using cached dnspython-2.7.0-py3-none-any.whl (313 kB)
2025-08-26T13:54:58.5586419Z Using cached fastapi_cli-0.0.8-py3-none-any.whl (10 kB)
2025-08-26T13:54:58.5598057Z Using cached fastapi_cloud_cli-0.1.5-py3-none-any.whl (18 kB)
2025-08-26T13:54:58.5610311Z Using cached greenlet-3.2.4-cp312-cp312-manylinux_2_24_x86_64.manylinux_2_28_x86_64.whl (607 kB)
2025-08-26T13:54:58.5625970Z Using cached h11-0.16.0-py3-none-any.whl (37 kB)
2025-08-26T13:54:58.5637520Z Using cached iniconfig-2.1.0-py3-none-any.whl (6.0 kB)
2025-08-26T13:54:58.5649324Z Using cached MarkupSafe-3.0.2-cp312-cp312-manylinux_2_17_x86_64.manylinux2014_x86_64.whl (23 kB)
2025-08-26T13:54:58.5660491Z Using cached mirakuru-2.6.1-py3-none-any.whl (26 kB)
2025-08-26T13:54:58.5672034Z Using cached orjson-3.11.2-cp312-cp312-manylinux_2_17_x86_64.manylinux2014_x86_64.whl (121 kB)
2025-08-26T13:54:58.5683745Z Using cached packaging-25.0-py3-none-any.whl (66 kB)
2025-08-26T13:54:58.5695491Z Using cached pathspec-0.12.1-py3-none-any.whl (31 kB)
2025-08-26T13:54:58.5707357Z Using cached platformdirs-4.3.8-py3-none-any.whl (18 kB)
2025-08-26T13:54:58.5718597Z Using cached port_for-0.7.4-py3-none-any.whl (21 kB)
2025-08-26T13:54:58.5729973Z Using cached prompt_toolkit-3.0.51-py3-none-any.whl (387 kB)
2025-08-26T13:54:58.5744408Z Using cached psutil-7.0.0-cp36-abi3-manylinux_2_12_x86_64.manylinux2010_x86_64.manylinux_2_17_x86_64.manylinux2014_x86_64.whl (277 kB)
2025-08-26T13:54:58.5758030Z Using cached pydantic_extra_types-2.10.5-py3-none-any.whl (38 kB)
2025-08-26T13:54:58.5769547Z Using cached pydantic_settings-2.10.1-py3-none-any.whl (45 kB)
2025-08-26T13:54:58.5781124Z Using cached pygments-2.19.2-py3-none-any.whl (1.2 MB)
2025-08-26T13:54:58.5801037Z Using cached pytz-2025.2-py2.py3-none-any.whl (509 kB)
2025-08-26T13:54:58.5815563Z Using cached rich_toolkit-0.15.0-py3-none-any.whl (29 kB)
2025-08-26T13:54:58.5827119Z Using cached rich-14.1.0-py3-none-any.whl (243 kB)
2025-08-26T13:54:58.5840251Z Using cached markdown_it_py-4.0.0-py3-none-any.whl (87 kB)
2025-08-26T13:54:58.5852000Z Using cached mdurl-0.1.2-py3-none-any.whl (10.0 kB)
2025-08-26T13:54:58.5863552Z Using cached rignore-0.6.4-cp312-cp312-manylinux_2_17_x86_64.manylinux2014_x86_64.whl (949 kB)
2025-08-26T13:54:58.5914754Z Downloading sentry_sdk-2.35.1-py2.py3-none-any.whl (363 kB)
2025-08-26T13:54:58.5958014Z Using cached six-1.17.0-py2.py3-none-any.whl (11 kB)
2025-08-26T13:54:58.5969355Z Using cached sniffio-1.3.1-py3-none-any.whl (10 kB)
2025-08-26T13:54:58.5980659Z Using cached typer-0.16.1-py3-none-any.whl (46 kB)
2025-08-26T13:54:58.5992023Z Using cached shellingham-1.5.4-py2.py3-none-any.whl (9.8 kB)
2025-08-26T13:54:58.6003055Z Using cached typing_inspect-0.9.0-py3-none-any.whl (8.8 kB)
2025-08-26T13:54:58.6014487Z Using cached typing_inspection-0.4.1-py3-none-any.whl (14 kB)
2025-08-26T13:54:58.6026051Z Using cached tzdata-2025.2-py2.py3-none-any.whl (347 kB)
2025-08-26T13:54:58.6039634Z Using cached tzlocal-5.3.1-py3-none-any.whl (18 kB)
2025-08-26T13:54:58.6051136Z Using cached ujson-5.11.0-cp312-cp312-manylinux_2_24_x86_64.manylinux_2_28_x86_64.whl (57 kB)
2025-08-26T13:54:58.6062436Z Using cached uvicorn-0.35.0-py3-none-any.whl (66 kB)
2025-08-26T13:54:58.6074651Z Using cached httptools-0.6.4-cp312-cp312-manylinux_2_5_x86_64.manylinux1_x86_64.manylinux_2_17_x86_64.manylinux2014_x86_64.whl (510 kB)
2025-08-26T13:54:58.6089702Z Using cached uvloop-0.21.0-cp312-cp312-manylinux_2_17_x86_64.manylinux2014_x86_64.whl (4.7 MB)
2025-08-26T13:54:58.6134187Z Using cached watchfiles-1.1.0-cp312-cp312-manylinux_2_17_x86_64.manylinux2014_x86_64.whl (452 kB)
2025-08-26T13:54:58.6149400Z Using cached websockets-15.0.1-cp312-cp312-manylinux_2_5_x86_64.manylinux1_x86_64.manylinux_2_17_x86_64.manylinux2014_x86_64.whl (182 kB)
2025-08-26T13:54:58.6161425Z Using cached yapf-0.43.0-py3-none-any.whl (256 kB)
2025-08-26T13:54:58.6174701Z Using cached argon2_cffi-25.1.0-py3-none-any.whl (14 kB)
2025-08-26T13:54:58.6188698Z Using cached argon2_cffi_bindings-25.1.0-cp39-abi3-manylinux_2_26_x86_64.manylinux_2_28_x86_64.whl (87 kB)
2025-08-26T13:54:58.6200741Z Using cached cffi-1.17.1-cp312-cp312-manylinux_2_17_x86_64.manylinux2014_x86_64.whl (479 kB)
2025-08-26T13:54:58.6215443Z Using cached docker-7.1.0-py3-none-any.whl (147 kB)
2025-08-26T13:54:58.6227746Z Using cached et_xmlfile-2.0.0-py3-none-any.whl (18 kB)
2025-08-26T13:54:58.6239163Z Using cached mako-1.3.10-py3-none-any.whl (78 kB)
2025-08-26T13:54:58.6251067Z Using cached pycparser-2.22-py3-none-any.whl (117 kB)
2025-08-26T13:54:58.6263215Z Using cached pycryptodome-3.23.0-cp37-abi3-manylinux_2_17_x86_64.manylinux2014_x86_64.whl (2.3 MB)
2025-08-26T13:54:58.6290325Z Using cached toml-0.10.2-py2.py3-none-any.whl (16 kB)
2025-08-26T13:54:58.6301490Z Using cached typeguard-4.4.4-py3-none-any.whl (34 kB)
2025-08-26T13:54:58.6312861Z Using cached watchdog-6.0.0-py3-none-manylinux2014_x86_64.whl (79 kB)
2025-08-26T13:54:58.6324708Z Using cached wcwidth-0.2.13-py2.py3-none-any.whl (34 kB)
2025-08-26T13:54:59.1094407Z Installing collected packages: wcwidth, pytz, wrapt, websockets, watchdog, vine, uvloop, urllib3, ujson, tzlocal, tzdata, typing-extensions, tomli_w, tomli, toml, structlog, sniffio, six, shellingham, setuptools, ruff, rignore, redis, PyYAML, python-multipart, python-dotenv, pygments, pycryptodome, pycparser, psycopg2-binary, psycopg-binary, psutil, prompt-toolkit, port-for, pluggy, platformdirs, pathspec, packaging, orjson, numpy, nr-stream, nr-date, mypy-extensions, multimethod, mdurl, MarkupSafe, jmespath, itsdangerous, iniconfig, imapclient, idna, httptools, h11, greenlet, et-xmlfile, docstring-parser, dnspython, coverage, click, charset_normalizer, certifi, billiard, asyncpg, annotated-types, yapf, vulture, uvicorn, typing-inspection, typing-inspect, types-requests, typeguard, typeapi, sqlalchemy, sentry-sdk, requests, python-dateutil, pytest, pydantic-core, psycopg, openpyxl, mypy, mirakuru, markdown-it-py, Mako, Jinja2, httpcore, email-validator, Deprecated, click-repl, click-plugins, click-didyoumean, cffi, black, apscheduler, anyio, amqp, watchfiles, starlette, rich, pytest-postgresql, pytest-cov, pytest-asyncio, pydantic, pandas, nr-util, kombu, httpx, docker, databind, botocore, argon2-cffi-bindings, alembic, typer, testcontainers, s3transfer, rich-toolkit, respx, python-telegram-bot, pydantic-settings, pydantic-extra-types, pandera, fastapi, databind.json, databind.core, celery, asgi-correlation-id, argon2-cffi, minio, fastapi-limiter, fastapi-cloud-cli, fastapi-cli, docspec, boto3, docspec-python, pydoc-markdown
2025-08-26T13:55:18.3855538Z 
2025-08-26T13:55:18.3978291Z Successfully installed Deprecated-1.2.18 Jinja2-3.1.6 Mako-1.3.10 MarkupSafe-3.0.2 PyYAML-6.0.2 alembic-1.16.4 amqp-5.3.1 annotated-types-0.7.0 anyio-4.10.0 apscheduler-3.10.4 argon2-cffi-25.1.0 argon2-cffi-bindings-25.1.0 asgi-correlation-id-4.3.1 asyncpg-0.30.0 billiard-4.2.1 black-25.1.0 boto3-1.40.17 botocore-1.40.17 celery-5.5.3 certifi-2025.8.3 cffi-1.17.1 charset_normalizer-3.4.3 click-8.2.1 click-didyoumean-0.3.1 click-plugins-1.1.1.2 click-repl-0.3.0 coverage-7.10.5 databind-4.5.2 databind.core-4.5.2 databind.json-4.5.2 dnspython-2.7.0 docker-7.1.0 docspec-2.2.1 docspec-python-2.2.2 docstring-parser-0.11 email-validator-2.3.0 et-xmlfile-2.0.0 fastapi-0.116.1 fastapi-cli-0.0.8 fastapi-cloud-cli-0.1.5 fastapi-limiter-0.1.6 greenlet-3.2.4 h11-0.16.0 httpcore-1.0.9 httptools-0.6.4 httpx-0.28.1 idna-3.10 imapclient-3.0.1 iniconfig-2.1.0 itsdangerous-2.2.0 jmespath-1.0.1 kombu-5.5.4 markdown-it-py-4.0.0 mdurl-0.1.2 minio-7.2.16 mirakuru-2.6.1 multimethod-1.10 mypy-1.17.1 mypy-extensions-1.1.0 nr-date-2.1.0 nr-stream-1.1.5 nr-util-0.8.12 numpy-1.26.4 openpyxl-3.1.5 orjson-3.11.2 packaging-25.0 pandas-2.2.3 pandera-0.19.3 pathspec-0.12.1 platformdirs-4.3.8 pluggy-1.6.0 port-for-0.7.4 prompt-toolkit-3.0.51 psutil-7.0.0 psycopg-3.2.9 psycopg-binary-3.2.9 psycopg2-binary-2.9.10 pycparser-2.22 pycryptodome-3.23.0 pydantic-2.11.7 pydantic-core-2.33.2 pydantic-extra-types-2.10.5 pydantic-settings-2.10.1 pydoc-markdown-4.8.2 pygments-2.19.2 pytest-8.4.1 pytest-asyncio-1.1.0 pytest-cov-6.2.1 pytest-postgresql-7.0.2 python-dateutil-2.9.0.post0 python-dotenv-1.1.1 python-multipart-0.0.20 python-telegram-bot-22.3 pytz-2025.2 redis-6.4.0 requests-2.32.5 respx-0.22.0 rich-14.1.0 rich-toolkit-0.15.0 rignore-0.6.4 ruff-0.12.10 s3transfer-0.13.1 sentry-sdk-2.35.1 setuptools-80.9.0 shellingham-1.5.4 six-1.17.0 sniffio-1.3.1 sqlalchemy-2.0.43 starlette-0.47.3 structlog-24.1.0 testcontainers-4.12.0 toml-0.10.2 tomli-2.2.1 tomli_w-1.2.0 typeapi-2.2.4 typeguard-4.4.4 typer-0.16.1 types-requests-2.32.4.20250809 typing-extensions-4.15.0 typing-inspect-0.9.0 typing-inspection-0.4.1 tzdata-2025.2 tzlocal-5.3.1 ujson-5.11.0 urllib3-2.5.0 uvicorn-0.35.0 uvloop-0.21.0 vine-5.1.0 vulture-2.10 watchdog-6.0.0 watchfiles-1.1.0 wcwidth-0.2.13 websockets-15.0.1 wrapt-1.17.3 yapf-0.43.0
2025-08-26T13:55:20.2460017Z Collecting keepa==1.3.15
2025-08-26T13:55:20.2472153Z   Using cached keepa-1.3.15-py3-none-any.whl.metadata (11 kB)
2025-08-26T13:55:20.2745686Z Collecting minio==7.1.15
2025-08-26T13:55:20.2757715Z   Using cached minio-7.1.15-py3-none-any.whl.metadata (4.2 kB)
2025-08-26T13:55:20.2783604Z Requirement already satisfied: numpy>=1.9.3 in /opt/hostedtoolcache/Python/3.12.11/x64/lib/python3.12/site-packages (from keepa==1.3.15) (1.26.4)
2025-08-26T13:55:20.2789020Z Requirement already satisfied: requests>=2.2 in /opt/hostedtoolcache/Python/3.12.11/x64/lib/python3.12/site-packages (from keepa==1.3.15) (2.32.5)
2025-08-26T13:55:20.3104656Z Collecting tqdm (from keepa==1.3.15)
2025-08-26T13:55:20.3116049Z   Using cached tqdm-4.67.1-py3-none-any.whl.metadata (57 kB)
2025-08-26T13:55:20.7935170Z Collecting aiohttp (from keepa==1.3.15)
2025-08-26T13:55:20.7949310Z   Using cached aiohttp-3.12.15-cp312-cp312-manylinux_2_17_x86_64.manylinux2014_x86_64.whl.metadata (7.7 kB)
2025-08-26T13:55:20.7984177Z Requirement already satisfied: pandas<=3.0 in /opt/hostedtoolcache/Python/3.12.11/x64/lib/python3.12/site-packages (from keepa==1.3.15) (2.2.3)
2025-08-26T13:55:20.7988924Z Requirement already satisfied: pydantic in /opt/hostedtoolcache/Python/3.12.11/x64/lib/python3.12/site-packages (from keepa==1.3.15) (2.11.7)
2025-08-26T13:55:20.7997116Z Requirement already satisfied: certifi in /opt/hostedtoolcache/Python/3.12.11/x64/lib/python3.12/site-packages (from minio==7.1.15) (2025.8.3)
2025-08-26T13:55:20.8001245Z Requirement already satisfied: urllib3 in /opt/hostedtoolcache/Python/3.12.11/x64/lib/python3.12/site-packages (from minio==7.1.15) (2.5.0)
2025-08-26T13:55:20.8059251Z Requirement already satisfied: python-dateutil>=2.8.2 in /opt/hostedtoolcache/Python/3.12.11/x64/lib/python3.12/site-packages (from pandas<=3.0->keepa==1.3.15) (2.9.0.post0)
2025-08-26T13:55:20.8065021Z Requirement already satisfied: pytz>=2020.1 in /opt/hostedtoolcache/Python/3.12.11/x64/lib/python3.12/site-packages (from pandas<=3.0->keepa==1.3.15) (2025.2)
2025-08-26T13:55:20.8071069Z Requirement already satisfied: tzdata>=2022.7 in /opt/hostedtoolcache/Python/3.12.11/x64/lib/python3.12/site-packages (from pandas<=3.0->keepa==1.3.15) (2025.2)
2025-08-26T13:55:20.8199846Z Requirement already satisfied: six>=1.5 in /opt/hostedtoolcache/Python/3.12.11/x64/lib/python3.12/site-packages (from python-dateutil>=2.8.2->pandas<=3.0->keepa==1.3.15) (1.17.0)
2025-08-26T13:55:20.8219903Z Requirement already satisfied: charset_normalizer<4,>=2 in /opt/hostedtoolcache/Python/3.12.11/x64/lib/python3.12/site-packages (from requests>=2.2->keepa==1.3.15) (3.4.3)
2025-08-26T13:55:20.8226973Z Requirement already satisfied: idna<4,>=2.5 in /opt/hostedtoolcache/Python/3.12.11/x64/lib/python3.12/site-packages (from requests>=2.2->keepa==1.3.15) (3.10)
2025-08-26T13:55:20.8426313Z Collecting aiohappyeyeballs>=2.5.0 (from aiohttp->keepa==1.3.15)
2025-08-26T13:55:20.8438318Z   Using cached aiohappyeyeballs-2.6.1-py3-none-any.whl.metadata (5.9 kB)
2025-08-26T13:55:20.8524711Z Collecting aiosignal>=1.4.0 (from aiohttp->keepa==1.3.15)
2025-08-26T13:55:20.8535700Z   Using cached aiosignal-1.4.0-py3-none-any.whl.metadata (3.7 kB)
2025-08-26T13:55:20.8677045Z Collecting attrs>=17.3.0 (from aiohttp->keepa==1.3.15)
2025-08-26T13:55:20.8688371Z   Using cached attrs-25.3.0-py3-none-any.whl.metadata (10 kB)
2025-08-26T13:55:20.9357829Z Collecting frozenlist>=1.1.1 (from aiohttp->keepa==1.3.15)
2025-08-26T13:55:20.9370017Z   Using cached frozenlist-1.7.0-cp312-cp312-manylinux_2_5_x86_64.manylinux1_x86_64.manylinux_2_17_x86_64.manylinux2014_x86_64.whl.metadata (18 kB)
2025-08-26T13:55:21.1876837Z Collecting multidict<7.0,>=4.5 (from aiohttp->keepa==1.3.15)
2025-08-26T13:55:21.1890501Z   Using cached multidict-6.6.4-cp312-cp312-manylinux2014_x86_64.manylinux_2_17_x86_64.manylinux_2_28_x86_64.whl.metadata (5.3 kB)
2025-08-26T13:55:21.2298690Z Collecting propcache>=0.2.0 (from aiohttp->keepa==1.3.15)
2025-08-26T13:55:21.2310179Z   Using cached propcache-0.3.2-cp312-cp312-manylinux_2_17_x86_64.manylinux2014_x86_64.whl.metadata (12 kB)
2025-08-26T13:55:21.4646783Z Collecting yarl<2.0,>=1.17.0 (from aiohttp->keepa==1.3.15)
2025-08-26T13:55:21.4660564Z   Using cached yarl-1.20.1-cp312-cp312-manylinux_2_17_x86_64.manylinux2014_x86_64.whl.metadata (73 kB)
2025-08-26T13:55:21.4877709Z Requirement already satisfied: typing-extensions>=4.2 in /opt/hostedtoolcache/Python/3.12.11/x64/lib/python3.12/site-packages (from aiosignal>=1.4.0->aiohttp->keepa==1.3.15) (4.15.0)
2025-08-26T13:55:21.4926054Z Requirement already satisfied: annotated-types>=0.6.0 in /opt/hostedtoolcache/Python/3.12.11/x64/lib/python3.12/site-packages (from pydantic->keepa==1.3.15) (0.7.0)
2025-08-26T13:55:21.4931285Z Requirement already satisfied: pydantic-core==2.33.2 in /opt/hostedtoolcache/Python/3.12.11/x64/lib/python3.12/site-packages (from pydantic->keepa==1.3.15) (2.33.2)
2025-08-26T13:55:21.4938543Z Requirement already satisfied: typing-inspection>=0.4.0 in /opt/hostedtoolcache/Python/3.12.11/x64/lib/python3.12/site-packages (from pydantic->keepa==1.3.15) (0.4.1)
2025-08-26T13:55:21.4997304Z Using cached keepa-1.3.15-py3-none-any.whl (38 kB)
2025-08-26T13:55:21.5008468Z Using cached minio-7.1.15-py3-none-any.whl (77 kB)
2025-08-26T13:55:21.5020090Z Using cached aiohttp-3.12.15-cp312-cp312-manylinux_2_17_x86_64.manylinux2014_x86_64.whl (1.7 MB)
2025-08-26T13:55:21.5044631Z Using cached multidict-6.6.4-cp312-cp312-manylinux2014_x86_64.manylinux_2_17_x86_64.manylinux_2_28_x86_64.whl (256 kB)
2025-08-26T13:55:21.5057390Z Using cached yarl-1.20.1-cp312-cp312-manylinux_2_17_x86_64.manylinux2014_x86_64.whl (355 kB)
2025-08-26T13:55:21.5070516Z Using cached aiohappyeyeballs-2.6.1-py3-none-any.whl (15 kB)
2025-08-26T13:55:21.5081329Z Using cached aiosignal-1.4.0-py3-none-any.whl (7.5 kB)
2025-08-26T13:55:21.5091989Z Using cached attrs-25.3.0-py3-none-any.whl (63 kB)
2025-08-26T13:55:21.5103772Z Using cached frozenlist-1.7.0-cp312-cp312-manylinux_2_5_x86_64.manylinux1_x86_64.manylinux_2_17_x86_64.manylinux2014_x86_64.whl (241 kB)
2025-08-26T13:55:21.5116167Z Using cached propcache-0.3.2-cp312-cp312-manylinux_2_17_x86_64.manylinux2014_x86_64.whl (224 kB)
2025-08-26T13:55:21.5128239Z Using cached tqdm-4.67.1-py3-none-any.whl (78 kB)
2025-08-26T13:55:21.6948808Z Installing collected packages: tqdm, propcache, multidict, minio, frozenlist, attrs, aiohappyeyeballs, yarl, aiosignal, aiohttp, keepa
2025-08-26T13:55:21.7693902Z   Attempting uninstall: minio
2025-08-26T13:55:21.7742140Z     Found existing installation: minio 7.2.16
2025-08-26T13:55:21.7779517Z     Uninstalling minio-7.2.16:
2025-08-26T13:55:21.7789868Z       Successfully uninstalled minio-7.2.16
2025-08-26T13:55:22.1493741Z 
2025-08-26T13:55:22.1611236Z Successfully installed aiohappyeyeballs-2.6.1 aiohttp-3.12.15 aiosignal-1.4.0 attrs-25.3.0 frozenlist-1.7.0 keepa-1.3.15 minio-7.1.15 multidict-6.6.4 propcache-0.3.2 tqdm-4.67.1 yarl-1.20.1
2025-08-26T13:55:22.3405444Z ##[group]Run ruff check .
2025-08-26T13:55:22.3406088Z [36;1mruff check .[0m
2025-08-26T13:55:22.3406428Z [36;1mruff format --check .[0m
2025-08-26T13:55:22.3406793Z [36;1mvulture[0m
2025-08-26T13:55:22.3448087Z shell: /usr/bin/bash -e {0}
2025-08-26T13:55:22.3448417Z env:
2025-08-26T13:55:22.3448713Z   REDIS_URL: redis://localhost:6379/0
2025-08-26T13:55:22.3449116Z   RATE_LIMIT_DEFAULT: 100/minute
2025-08-26T13:55:22.3449468Z   TRUST_X_FORWARDED: 1
2025-08-26T13:55:22.3449772Z   PG_USER: postgres
2025-08-26T13:55:22.3450059Z   PG_PASSWORD: pass
2025-08-26T13:55:22.3450344Z   PG_DATABASE: awa
2025-08-26T13:55:22.3450630Z   PG_HOST: localhost
2025-08-26T13:55:22.3450914Z   PG_PORT: 5432
2025-08-26T13:55:22.3451686Z   PG_SYNC_DSN: ***localhost:5432/awa
2025-08-26T13:55:22.3452299Z   PG_ASYNC_DSN: ***localhost:5432/awa
2025-08-26T13:55:22.3452913Z   DATABASE_URL: ***localhost:5432/awa
2025-08-26T13:55:22.3453286Z   DATA_DIR: /tmp/awa-data
2025-08-26T13:55:22.3453627Z   ENABLE_LIVE: 0
2025-08-26T13:55:22.3453901Z   TESTING: 1
2025-08-26T13:55:22.3454264Z   pythonLocation: /opt/hostedtoolcache/Python/3.12.11/x64
2025-08-26T13:55:22.3454889Z   PKG_CONFIG_PATH: /opt/hostedtoolcache/Python/3.12.11/x64/lib/pkgconfig
2025-08-26T13:55:22.3455544Z   Python_ROOT_DIR: /opt/hostedtoolcache/Python/3.12.11/x64
2025-08-26T13:55:22.3456197Z   Python2_ROOT_DIR: /opt/hostedtoolcache/Python/3.12.11/x64
2025-08-26T13:55:22.3456746Z   Python3_ROOT_DIR: /opt/hostedtoolcache/Python/3.12.11/x64
2025-08-26T13:55:22.3457300Z   LD_LIBRARY_PATH: /opt/hostedtoolcache/Python/3.12.11/x64/lib
2025-08-26T13:55:22.3457761Z ##[endgroup]
2025-08-26T13:55:22.3762105Z All checks passed!
2025-08-26T13:55:22.3992192Z Would reformat: services/etl/healthcheck.py
2025-08-26T13:55:22.3992756Z Would reformat: services/ingest/healthcheck.py
2025-08-26T13:55:22.3993589Z 2 files would be reformatted, 257 files already formatted
2025-08-26T13:55:22.4016942Z ##[error]Process completed with exit code 1.
2025-08-26T13:55:22.4092471Z ##[group]Run actions/upload-artifact@v4
2025-08-26T13:55:22.4092753Z with:
2025-08-26T13:55:22.4092943Z   name: pytest-logs
2025-08-26T13:55:22.4093153Z   path: pytest.log
2025-08-26T13:55:22.4093357Z   if-no-files-found: warn
2025-08-26T13:55:22.4093590Z   compression-level: 6
2025-08-26T13:55:22.4093805Z   overwrite: false
2025-08-26T13:55:22.4094009Z   include-hidden-files: false
2025-08-26T13:55:22.4094239Z env:
2025-08-26T13:55:22.4094455Z   REDIS_URL: redis://localhost:6379/0
2025-08-26T13:55:22.4094726Z   RATE_LIMIT_DEFAULT: 100/minute
2025-08-26T13:55:22.4094965Z   TRUST_X_FORWARDED: 1
2025-08-26T13:55:22.4095176Z   PG_USER: postgres
2025-08-26T13:55:22.4095373Z   PG_PASSWORD: pass
2025-08-26T13:55:22.4095577Z   PG_DATABASE: awa
2025-08-26T13:55:22.4095958Z   PG_HOST: localhost
2025-08-26T13:55:22.4096178Z   PG_PORT: 5432
2025-08-26T13:55:22.4096699Z   PG_SYNC_DSN: ***localhost:5432/awa
2025-08-26T13:55:22.4097132Z   PG_ASYNC_DSN: ***localhost:5432/awa
2025-08-26T13:55:22.4097617Z   DATABASE_URL: ***localhost:5432/awa
2025-08-26T13:55:22.4097872Z   DATA_DIR: /tmp/awa-data
2025-08-26T13:55:22.4098091Z   ENABLE_LIVE: 0
2025-08-26T13:55:22.4098284Z   TESTING: 1
2025-08-26T13:55:22.4098547Z   pythonLocation: /opt/hostedtoolcache/Python/3.12.11/x64
2025-08-26T13:55:22.4098985Z   PKG_CONFIG_PATH: /opt/hostedtoolcache/Python/3.12.11/x64/lib/pkgconfig
2025-08-26T13:55:22.4099416Z   Python_ROOT_DIR: /opt/hostedtoolcache/Python/3.12.11/x64
2025-08-26T13:55:22.4099800Z   Python2_ROOT_DIR: /opt/hostedtoolcache/Python/3.12.11/x64
2025-08-26T13:55:22.4100181Z   Python3_ROOT_DIR: /opt/hostedtoolcache/Python/3.12.11/x64
2025-08-26T13:55:22.4100570Z   LD_LIBRARY_PATH: /opt/hostedtoolcache/Python/3.12.11/x64/lib
2025-08-26T13:55:22.4100893Z ##[endgroup]
2025-08-26T13:55:22.6213856Z ##[warning]No files were found with the provided path: pytest.log. No artifacts will be uploaded.
2025-08-26T13:55:22.6337732Z Post job cleanup.
2025-08-26T13:55:22.7107275Z [command]/usr/bin/git version
2025-08-26T13:55:22.7174420Z git version 2.51.0
2025-08-26T13:55:22.7212430Z Temporarily overriding HOME='/home/runner/work/_temp/d9d6d9d3-2efd-4064-a073-07cd3c305eaf' before making global git config changes
2025-08-26T13:55:22.7213814Z Adding repository directory to the temporary git global config as a safe directory
2025-08-26T13:55:22.7218700Z [command]/usr/bin/git config --global --add safe.directory /home/runner/work/AWA-App/AWA-App
2025-08-26T13:55:22.7256976Z [command]/usr/bin/git config --local --name-only --get-regexp core\.sshCommand
2025-08-26T13:55:22.7289530Z [command]/usr/bin/git submodule foreach --recursive sh -c "git config --local --name-only --get-regexp 'core\.sshCommand' && git config --local --unset-all 'core.sshCommand' || :"
2025-08-26T13:55:22.7526027Z [command]/usr/bin/git config --local --name-only --get-regexp http\.https\:\/\/github\.com\/\.extraheader
2025-08-26T13:55:22.7550286Z http.https://github.com/.extraheader
2025-08-26T13:55:22.7563416Z [command]/usr/bin/git config --local --unset-all http.https://github.com/.extraheader
2025-08-26T13:55:22.7600299Z [command]/usr/bin/git submodule foreach --recursive sh -c "git config --local --name-only --get-regexp 'http\.https\:\/\/github\.com\/\.extraheader' && git config --local --unset-all 'http.https://github.com/.extraheader' || :"
2025-08-26T13:55:22.7952201Z Print service container logs: 2df59203ecbd4de8aecef16808c1a287_postgres15_b8cff4
2025-08-26T13:55:22.7957007Z ##[command]/usr/bin/docker logs --details a71595e5dc480f1cd85fd100537d10f619e20af50d5c7d0406acb2149aa3c120
2025-08-26T13:55:22.8079541Z  The files belonging to this database system will be owned by user "postgres".
2025-08-26T13:55:22.8081849Z  initdb: warning: enabling "trust" authentication for local connections
2025-08-26T13:55:22.8083185Z  initdb: hint: You can change this by editing pg_hba.conf or using the option -A, or --auth-local and --auth-host, the next time you run initdb.
2025-08-26T13:55:22.8085141Z  2025-08-26 13:54:33.306 UTC [1] LOG:  starting PostgreSQL 15.14 (Debian 15.14-1.pgdg13+1) on x86_64-pc-linux-gnu, compiled by gcc (Debian 14.2.0-19) 14.2.0, 64-bit
2025-08-26T13:55:22.8086577Z  This user must also own the server process.
2025-08-26T13:55:22.8087105Z  
2025-08-26T13:55:22.8087668Z  The database cluster will be initialized with locale "en_US.utf8".
2025-08-26T13:55:22.8088547Z  The default database encoding has accordingly been set to "UTF8".
2025-08-26T13:55:22.8089389Z  The default text search configuration will be set to "english".
2025-08-26T13:55:22.8090034Z  
2025-08-26T13:55:22.8090389Z  Data page checksums are disabled.
2025-08-26T13:55:22.8090862Z  
2025-08-26T13:55:22.8091417Z  fixing permissions on existing directory /var/lib/postgresql/data ... ok
2025-08-26T13:55:22.8092184Z  creating subdirectories ... ok
2025-08-26T13:55:22.8092784Z  selecting dynamic shared memory implementation ... posix
2025-08-26T13:55:22.8093469Z  selecting default max_connections ... 100
2025-08-26T13:55:22.8094034Z  selecting default shared_buffers ... 128MB
2025-08-26T13:55:22.8094591Z  selecting default time zone ... Etc/UTC
2025-08-26T13:55:22.8095128Z  creating configuration files ... ok
2025-08-26T13:55:22.8095651Z  running bootstrap script ... ok
2025-08-26T13:55:22.8096317Z  performing post-bootstrap initialization ... ok
2025-08-26T13:55:22.8096810Z  syncing data to disk ... ok
2025-08-26T13:55:22.8097166Z  
2025-08-26T13:55:22.8097420Z  
2025-08-26T13:55:22.8097758Z  Success. You can now start the database server using:
2025-08-26T13:55:22.8098228Z  
2025-08-26T13:55:22.8098573Z      pg_ctl -D /var/lib/postgresql/data -l logfile start
2025-08-26T13:55:22.8099024Z  
2025-08-26T13:55:22.8099941Z  waiting for server to start....2025-08-26 13:54:32.964 UTC [48] LOG:  starting PostgreSQL 15.14 (Debian 15.14-1.pgdg13+1) on x86_64-pc-linux-gnu, compiled by gcc (Debian 14.2.0-19) 14.2.0, 64-bit
2025-08-26T13:55:22.8101281Z  2025-08-26 13:54:32.965 UTC [48] LOG:  listening on Unix socket "/var/run/postgresql/.s.PGSQL.5432"
2025-08-26T13:55:22.8102128Z  2025-08-26 13:54:32.968 UTC [51] LOG:  database system was shut down at 2025-08-26 13:54:32 UTC
2025-08-26T13:55:22.8102717Z  2025-08-26 13:54:32.972 UTC [48] LOG:  database system is ready to accept connections
2025-08-26T13:55:22.8103050Z   done
2025-08-26T13:55:22.8103208Z  server started
2025-08-26T13:55:22.8103396Z  CREATE DATABASE
2025-08-26T13:55:22.8103567Z  
2025-08-26T13:55:22.8103716Z  
2025-08-26T13:55:22.8104005Z  /usr/local/bin/docker-entrypoint.sh: ignoring /docker-entrypoint-initdb.d/*
2025-08-26T13:55:22.8104362Z  
2025-08-26T13:55:22.8104674Z  waiting for server to shut down....2025-08-26 13:54:33.183 UTC [48] LOG:  received fast shutdown request
2025-08-26T13:55:22.8105129Z  2025-08-26 13:54:33.184 UTC [48] LOG:  aborting any active transactions
2025-08-26T13:55:22.8105615Z  2025-08-26 13:54:33.185 UTC [48] LOG:  background worker "logical replication launcher" (PID 54) exited with exit code 1
2025-08-26T13:55:22.8106355Z  2025-08-26 13:54:33.187 UTC [49] LOG:  shutting down
2025-08-26T13:55:22.8106697Z  2025-08-26 13:54:33.187 UTC [49] LOG:  checkpoint starting: shutdown immediate
2025-08-26T13:55:22.8107710Z  2025-08-26 13:54:33.208 UTC [49] LOG:  checkpoint complete: wrote 922 buffers (5.6%); 0 WAL file(s) added, 0 removed, 0 recycled; write=0.018 s, sync=0.002 s, total=0.022 s; sync files=301, longest=0.001 s, average=0.001 s; distance=4239 kB, estimate=4239 kB
2025-08-26T13:55:22.8108528Z  2025-08-26 13:54:33.216 UTC [48] LOG:  database system is shut down
2025-08-26T13:55:22.8108803Z   done
2025-08-26T13:55:22.8108964Z  server stopped
2025-08-26T13:55:22.8109133Z  
2025-08-26T13:55:22.8109344Z  PostgreSQL init process complete; ready for start up.
2025-08-26T13:55:22.8109606Z  
2025-08-26T13:55:22.8109861Z  2025-08-26 13:54:33.307 UTC [1] LOG:  listening on IPv4 address "0.0.0.0", port 5432
2025-08-26T13:55:22.8110254Z  2025-08-26 13:54:33.307 UTC [1] LOG:  listening on IPv6 address "::", port 5432
2025-08-26T13:55:22.8110843Z  2025-08-26 13:54:33.308 UTC [1] LOG:  listening on Unix socket "/var/run/postgresql/.s.PGSQL.5432"
2025-08-26T13:55:22.8111317Z  2025-08-26 13:54:33.311 UTC [64] LOG:  database system was shut down at 2025-08-26 13:54:33 UTC
2025-08-26T13:55:22.8111736Z  2025-08-26 13:54:33.323 UTC [1] LOG:  database system is ready to accept connections
2025-08-26T13:55:22.8117234Z Stop and remove container: 2df59203ecbd4de8aecef16808c1a287_postgres15_b8cff4
2025-08-26T13:55:22.8122247Z ##[command]/usr/bin/docker rm --force a71595e5dc480f1cd85fd100537d10f619e20af50d5c7d0406acb2149aa3c120
2025-08-26T13:55:23.9715201Z a71595e5dc480f1cd85fd100537d10f619e20af50d5c7d0406acb2149aa3c120
2025-08-26T13:55:23.9737426Z Print service container logs: dd4d5bad0a4144e68b355f2591cf625d_redis7alpine_506938
2025-08-26T13:55:23.9739142Z ##[command]/usr/bin/docker logs --details b4bddcddcddae655bbdbf8a67efa645b6b836920999e38ea1243f2468c67ac33
2025-08-26T13:55:23.9868532Z  1:C 26 Aug 2025 13:54:33.341 # WARNING Memory overcommit must be enabled! Without it, a background save or replication may fail under low memory condition. Being disabled, it can also cause failures without low memory condition, see https://github.com/jemalloc/jemalloc/issues/1328. To fix this issue add 'vm.overcommit_memory = 1' to /etc/sysctl.conf and then reboot or run the command 'sysctl vm.overcommit_memory=1' for this to take effect.
2025-08-26T13:55:23.9871209Z  1:C 26 Aug 2025 13:54:33.341 * oO0OoO0OoO0Oo Redis is starting oO0OoO0OoO0Oo
2025-08-26T13:55:23.9872003Z  1:C 26 Aug 2025 13:54:33.341 * Redis version=7.4.5, bits=64, commit=00000000, modified=0, pid=1, just started
2025-08-26T13:55:23.9873093Z  1:C 26 Aug 2025 13:54:33.341 # Warning: no config file specified, using the default config. In order to specify a config file use redis-server /path/to/redis.conf
2025-08-26T13:55:23.9873788Z  1:M 26 Aug 2025 13:54:33.341 * monotonic clock: POSIX clock_gettime
2025-08-26T13:55:23.9874202Z  1:M 26 Aug 2025 13:54:33.342 * Running mode=standalone, port=6379.
2025-08-26T13:55:23.9874576Z  1:M 26 Aug 2025 13:54:33.342 * Server initialized
2025-08-26T13:55:23.9874916Z  1:M 26 Aug 2025 13:54:33.342 * Ready to accept connections tcp
2025-08-26T13:55:23.9879315Z Stop and remove container: dd4d5bad0a4144e68b355f2591cf625d_redis7alpine_506938
2025-08-26T13:55:23.9880035Z ##[command]/usr/bin/docker rm --force b4bddcddcddae655bbdbf8a67efa645b6b836920999e38ea1243f2468c67ac33
2025-08-26T13:55:24.1115597Z b4bddcddcddae655bbdbf8a67efa645b6b836920999e38ea1243f2468c67ac33
2025-08-26T13:55:24.1139980Z Remove container network: github_network_0e9ccf4b58344851b751f527c9ab9b3c
2025-08-26T13:55:24.1144469Z ##[command]/usr/bin/docker network rm github_network_0e9ccf4b58344851b751f527c9ab9b3c
2025-08-26T13:55:24.2403289Z github_network_0e9ccf4b58344851b751f527c9ab9b3c
2025-08-26T13:55:24.2473080Z Cleaning up orphan processes
