2025-08-19T22:46:58.6949817Z Current runner version: '2.327.1'
2025-08-19T22:46:58.6977983Z ##[group]Runner Image Provisioner
2025-08-19T22:46:58.6978782Z Hosted Compute Agent
2025-08-19T22:46:58.6979445Z Version: 20250818.377
2025-08-19T22:46:58.6980116Z Commit: 3c593e9f75fe0b87e893bca80d6e12ba089c61fc
2025-08-19T22:46:58.6980847Z Build Date: 2025-08-18T14:52:18Z
2025-08-19T22:46:58.6981760Z ##[endgroup]
2025-08-19T22:46:58.6982320Z ##[group]Operating System
2025-08-19T22:46:58.6982862Z Ubuntu
2025-08-19T22:46:58.6983429Z 24.04.2
2025-08-19T22:46:58.6983858Z LTS
2025-08-19T22:46:58.6984353Z ##[endgroup]
2025-08-19T22:46:58.6984845Z ##[group]Runner Image
2025-08-19T22:46:58.6985431Z Image: ubuntu-24.04
2025-08-19T22:46:58.6985941Z Version: 20250810.1.0
2025-08-19T22:46:58.6986964Z Included Software: https://github.com/actions/runner-images/blob/ubuntu24/20250810.1/images/ubuntu/Ubuntu2404-Readme.md
2025-08-19T22:46:58.6988569Z Image Release: https://github.com/actions/runner-images/releases/tag/ubuntu24%2F20250810.1
2025-08-19T22:46:58.6989630Z ##[endgroup]
2025-08-19T22:46:58.6992284Z ##[group]GITHUB_TOKEN Permissions
2025-08-19T22:46:58.6994424Z Actions: write
2025-08-19T22:46:58.6994949Z Attestations: write
2025-08-19T22:46:58.6995513Z Checks: write
2025-08-19T22:46:58.6996021Z Contents: write
2025-08-19T22:46:58.6996544Z Deployments: write
2025-08-19T22:46:58.6997059Z Discussions: write
2025-08-19T22:46:58.6997603Z Issues: write
2025-08-19T22:46:58.6998205Z Metadata: read
2025-08-19T22:46:58.6998698Z Models: read
2025-08-19T22:46:58.6999220Z Packages: write
2025-08-19T22:46:58.6999706Z Pages: write
2025-08-19T22:46:58.7000202Z PullRequests: write
2025-08-19T22:46:58.7000688Z RepositoryProjects: write
2025-08-19T22:46:58.7001568Z SecurityEvents: write
2025-08-19T22:46:58.7002332Z Statuses: write
2025-08-19T22:46:58.7002871Z ##[endgroup]
2025-08-19T22:46:58.7005506Z Secret source: Actions
2025-08-19T22:46:58.7006219Z Prepare workflow directory
2025-08-19T22:46:58.7463092Z Prepare all required actions
2025-08-19T22:46:58.7502922Z Getting action download info
2025-08-19T22:46:59.0387375Z Download action repository 'actions/checkout@v4' (SHA:08eba0b27e820071cde6df949e0beb9ba4906955)
2025-08-19T22:46:59.2606537Z Download action repository 'actions/setup-python@v5' (SHA:a26af69be951a213d495a4c3e4e4022e16d87065)
2025-08-19T22:46:59.5155371Z Download action repository 'actions/upload-artifact@v4' (SHA:ea165f8d65b6e75b540449e92b4886f43607fa02)
2025-08-19T22:46:59.7239197Z Complete job name: unit
2025-08-19T22:46:59.7822001Z ##[group]Checking docker version
2025-08-19T22:46:59.7835680Z ##[command]/usr/bin/docker version --format '{{.Server.APIVersion}}'
2025-08-19T22:46:59.8498915Z '1.48'
2025-08-19T22:46:59.8511530Z Docker daemon API version: '1.48'
2025-08-19T22:46:59.8512590Z ##[command]/usr/bin/docker version --format '{{.Client.APIVersion}}'
2025-08-19T22:46:59.8693489Z '1.48'
2025-08-19T22:46:59.8708697Z Docker client API version: '1.48'
2025-08-19T22:46:59.8715316Z ##[endgroup]
2025-08-19T22:46:59.8719286Z ##[group]Clean up resources from previous jobs
2025-08-19T22:46:59.8725784Z ##[command]/usr/bin/docker ps --all --quiet --no-trunc --filter "label=c3e6f9"
2025-08-19T22:46:59.8878351Z ##[command]/usr/bin/docker network prune --force --filter "label=c3e6f9"
2025-08-19T22:46:59.9016426Z ##[endgroup]
2025-08-19T22:46:59.9016994Z ##[group]Create local container network
2025-08-19T22:46:59.9027682Z ##[command]/usr/bin/docker network create --label c3e6f9 github_network_458c9d63a26e4fcc95e6a6461bfd2201
2025-08-19T22:46:59.9674603Z 43b4307bfebd03d36c61ed326b96224c0013df404a69be37533e1526858ceeed
2025-08-19T22:46:59.9692706Z ##[endgroup]
2025-08-19T22:46:59.9718189Z ##[group]Starting postgres service container
2025-08-19T22:46:59.9738285Z ##[command]/usr/bin/docker pull postgres:15
2025-08-19T22:47:00.1936369Z 15: Pulling from library/postgres
2025-08-19T22:47:00.2468117Z 396b1da7636e: Pulling fs layer
2025-08-19T22:47:00.2469597Z fca2566eba32: Pulling fs layer
2025-08-19T22:47:00.2470846Z 631fe8c6d606: Pulling fs layer
2025-08-19T22:47:00.2472350Z 77c7671c4414: Pulling fs layer
2025-08-19T22:47:00.2473981Z 2d9e29180a27: Pulling fs layer
2025-08-19T22:47:00.2475102Z c6bcc2c9a041: Pulling fs layer
2025-08-19T22:47:00.2475958Z ac4b721eb66f: Pulling fs layer
2025-08-19T22:47:00.2476795Z 606bd164980e: Pulling fs layer
2025-08-19T22:47:00.2477660Z f5dfd246bc6e: Pulling fs layer
2025-08-19T22:47:00.2478556Z ba7036bb0a60: Pulling fs layer
2025-08-19T22:47:00.2479407Z 799f859abbbd: Pulling fs layer
2025-08-19T22:47:00.2480272Z d903e777080c: Pulling fs layer
2025-08-19T22:47:00.2481108Z 04adcb462801: Pulling fs layer
2025-08-19T22:47:00.2482179Z 5c10925b29ff: Pulling fs layer
2025-08-19T22:47:00.2482996Z 77c7671c4414: Waiting
2025-08-19T22:47:00.2483687Z f5dfd246bc6e: Waiting
2025-08-19T22:47:00.2484442Z ba7036bb0a60: Waiting
2025-08-19T22:47:00.2485294Z 799f859abbbd: Waiting
2025-08-19T22:47:00.2486127Z d903e777080c: Waiting
2025-08-19T22:47:00.2486959Z c6bcc2c9a041: Waiting
2025-08-19T22:47:00.2487839Z 04adcb462801: Waiting
2025-08-19T22:47:00.2488688Z 606bd164980e: Waiting
2025-08-19T22:47:00.2489566Z ac4b721eb66f: Waiting
2025-08-19T22:47:00.3013996Z fca2566eba32: Verifying Checksum
2025-08-19T22:47:00.3015899Z fca2566eba32: Download complete
2025-08-19T22:47:00.3508933Z 631fe8c6d606: Verifying Checksum
2025-08-19T22:47:00.3510776Z 631fe8c6d606: Download complete
2025-08-19T22:47:00.4046504Z 77c7671c4414: Verifying Checksum
2025-08-19T22:47:00.4048609Z 77c7671c4414: Download complete
2025-08-19T22:47:00.4877109Z c6bcc2c9a041: Verifying Checksum
2025-08-19T22:47:00.4879069Z c6bcc2c9a041: Download complete
2025-08-19T22:47:00.5768686Z 2d9e29180a27: Download complete
2025-08-19T22:47:00.5803536Z ac4b721eb66f: Verifying Checksum
2025-08-19T22:47:00.5807826Z ac4b721eb66f: Download complete
2025-08-19T22:47:00.6284125Z 606bd164980e: Verifying Checksum
2025-08-19T22:47:00.6285898Z 606bd164980e: Download complete
2025-08-19T22:47:00.6620694Z 396b1da7636e: Verifying Checksum
2025-08-19T22:47:00.6623628Z 396b1da7636e: Download complete
2025-08-19T22:47:00.7008164Z ba7036bb0a60: Verifying Checksum
2025-08-19T22:47:00.7010301Z ba7036bb0a60: Download complete
2025-08-19T22:47:00.7428864Z 799f859abbbd: Verifying Checksum
2025-08-19T22:47:00.7432997Z 799f859abbbd: Download complete
2025-08-19T22:47:00.7933494Z d903e777080c: Verifying Checksum
2025-08-19T22:47:00.7935599Z d903e777080c: Download complete
2025-08-19T22:47:00.7967084Z 04adcb462801: Download complete
2025-08-19T22:47:00.8558464Z 5c10925b29ff: Verifying Checksum
2025-08-19T22:47:00.8562870Z 5c10925b29ff: Download complete
2025-08-19T22:47:01.7915633Z 396b1da7636e: Pull complete
2025-08-19T22:47:01.9262477Z f5dfd246bc6e: Verifying Checksum
2025-08-19T22:47:01.9263807Z f5dfd246bc6e: Download complete
2025-08-19T22:47:02.8792608Z fca2566eba32: Pull complete
2025-08-19T22:47:03.0481581Z 631fe8c6d606: Pull complete
2025-08-19T22:47:03.0903415Z 77c7671c4414: Pull complete
2025-08-19T22:47:03.4076746Z 2d9e29180a27: Pull complete
2025-08-19T22:47:03.5021846Z c6bcc2c9a041: Pull complete
2025-08-19T22:47:03.5101835Z ac4b721eb66f: Pull complete
2025-08-19T22:47:03.5204087Z 606bd164980e: Pull complete
2025-08-19T22:47:06.4808212Z f5dfd246bc6e: Pull complete
2025-08-19T22:47:06.4975290Z ba7036bb0a60: Pull complete
2025-08-19T22:47:06.5074555Z 799f859abbbd: Pull complete
2025-08-19T22:47:06.5174636Z d903e777080c: Pull complete
2025-08-19T22:47:06.5282966Z 04adcb462801: Pull complete
2025-08-19T22:47:06.5413377Z 5c10925b29ff: Pull complete
2025-08-19T22:47:06.5459385Z Digest: sha256:bc51cf4f1fe02cce7ed2370b20128a9b00b4eb804573a77d2a0d877aaa9c82b1
2025-08-19T22:47:06.5473695Z Status: Downloaded newer image for postgres:15
2025-08-19T22:47:06.5488748Z docker.io/library/postgres:15
2025-08-19T22:47:06.5553286Z ##[command]/usr/bin/docker create --name 83bb9e79278640b699fc43393b2e649a_postgres15_084e32 --label c3e6f9 --network github_network_458c9d63a26e4fcc95e6a6461bfd2201 --network-alias postgres -p 5432:5432 --health-cmd="pg_isready -U postgres -d awa" --health-interval=5s --health-timeout=5s --health-retries=10 -e "POSTGRES_USER=postgres" -e "POSTGRES_PASSWORD=pass" -e "POSTGRES_DB=awa" -e GITHUB_ACTIONS=true -e CI=true postgres:15
2025-08-19T22:47:06.5808613Z 3b79b49daf4cb4d72bac342dd1db206857323807d76fa26ed9b2918494175d64
2025-08-19T22:47:06.5834783Z ##[command]/usr/bin/docker start 3b79b49daf4cb4d72bac342dd1db206857323807d76fa26ed9b2918494175d64
2025-08-19T22:47:06.7636056Z 3b79b49daf4cb4d72bac342dd1db206857323807d76fa26ed9b2918494175d64
2025-08-19T22:47:06.7657864Z ##[command]/usr/bin/docker ps --all --filter id=3b79b49daf4cb4d72bac342dd1db206857323807d76fa26ed9b2918494175d64 --filter status=running --no-trunc --format "{{.ID}} {{.Status}}"
2025-08-19T22:47:06.7815504Z 3b79b49daf4cb4d72bac342dd1db206857323807d76fa26ed9b2918494175d64 Up Less than a second (health: starting)
2025-08-19T22:47:06.7838548Z ##[command]/usr/bin/docker port 3b79b49daf4cb4d72bac342dd1db206857323807d76fa26ed9b2918494175d64
2025-08-19T22:47:06.7973603Z 5432/tcp -> 0.0.0.0:5432
2025-08-19T22:47:06.7974162Z 5432/tcp -> [::]:5432
2025-08-19T22:47:06.8024249Z ##[endgroup]
2025-08-19T22:47:06.8025548Z ##[group]Starting redis service container
2025-08-19T22:47:06.8027009Z ##[command]/usr/bin/docker pull redis:7-alpine
2025-08-19T22:47:06.9943564Z 7-alpine: Pulling from library/redis
2025-08-19T22:47:07.0456501Z 0368fd46e3c6: Pulling fs layer
2025-08-19T22:47:07.0458877Z 4c55286bbede: Pulling fs layer
2025-08-19T22:47:07.0459455Z 5e28347af205: Pulling fs layer
2025-08-19T22:47:07.0460089Z 311eca34042e: Pulling fs layer
2025-08-19T22:47:07.0460785Z e6fe6f07e192: Pulling fs layer
2025-08-19T22:47:07.0461469Z a2cadbfeca72: Pulling fs layer
2025-08-19T22:47:07.0462091Z 311eca34042e: Waiting
2025-08-19T22:47:07.0462563Z e6fe6f07e192: Waiting
2025-08-19T22:47:07.0463049Z 4f4fb700ef54: Pulling fs layer
2025-08-19T22:47:07.0463499Z a976ed7e7808: Pulling fs layer
2025-08-19T22:47:07.0464211Z a2cadbfeca72: Waiting
2025-08-19T22:47:07.0464629Z 4f4fb700ef54: Waiting
2025-08-19T22:47:07.0465078Z a976ed7e7808: Waiting
2025-08-19T22:47:07.0945196Z 4c55286bbede: Verifying Checksum
2025-08-19T22:47:07.0947014Z 4c55286bbede: Download complete
2025-08-19T22:47:07.1481944Z 0368fd46e3c6: Download complete
2025-08-19T22:47:07.1563717Z 5e28347af205: Verifying Checksum
2025-08-19T22:47:07.1564872Z 5e28347af205: Download complete
2025-08-19T22:47:07.1610638Z 311eca34042e: Verifying Checksum
2025-08-19T22:47:07.1612056Z 311eca34042e: Download complete
2025-08-19T22:47:07.2181446Z a2cadbfeca72: Verifying Checksum
2025-08-19T22:47:07.2183526Z a2cadbfeca72: Download complete
2025-08-19T22:47:07.2393566Z 4f4fb700ef54: Verifying Checksum
2025-08-19T22:47:07.2394898Z 4f4fb700ef54: Download complete
2025-08-19T22:47:07.2871028Z 0368fd46e3c6: Pull complete
2025-08-19T22:47:07.3200410Z 4c55286bbede: Pull complete
2025-08-19T22:47:07.4080755Z e6fe6f07e192: Verifying Checksum
2025-08-19T22:47:07.4081866Z e6fe6f07e192: Download complete
2025-08-19T22:47:07.4414610Z a976ed7e7808: Verifying Checksum
2025-08-19T22:47:07.4415192Z a976ed7e7808: Download complete
2025-08-19T22:47:07.5093487Z 5e28347af205: Pull complete
2025-08-19T22:47:07.5359159Z 311eca34042e: Pull complete
2025-08-19T22:47:07.7224606Z e6fe6f07e192: Pull complete
2025-08-19T22:47:07.7301164Z a2cadbfeca72: Pull complete
2025-08-19T22:47:07.7387590Z 4f4fb700ef54: Pull complete
2025-08-19T22:47:07.7506901Z a976ed7e7808: Pull complete
2025-08-19T22:47:07.7542421Z Digest: sha256:bb186d083732f669da90be8b0f975a37812b15e913465bb14d845db72a4e3e08
2025-08-19T22:47:07.7552129Z Status: Downloaded newer image for redis:7-alpine
2025-08-19T22:47:07.7561240Z docker.io/library/redis:7-alpine
2025-08-19T22:47:07.7579821Z ##[command]/usr/bin/docker create --name 6b575e2040ee467bbcc0bd53d98a51f8_redis7alpine_ceb09a --label c3e6f9 --network github_network_458c9d63a26e4fcc95e6a6461bfd2201 --network-alias redis -p 6379:6379  -e GITHUB_ACTIONS=true -e CI=true redis:7-alpine
2025-08-19T22:47:07.7905767Z d1562fb17b6e129e52ff4ee617f70c5899a3b6da0ce6c71bb7786464280e27da
2025-08-19T22:47:07.7923026Z ##[command]/usr/bin/docker start d1562fb17b6e129e52ff4ee617f70c5899a3b6da0ce6c71bb7786464280e27da
2025-08-19T22:47:07.9337996Z d1562fb17b6e129e52ff4ee617f70c5899a3b6da0ce6c71bb7786464280e27da
2025-08-19T22:47:07.9355346Z ##[command]/usr/bin/docker ps --all --filter id=d1562fb17b6e129e52ff4ee617f70c5899a3b6da0ce6c71bb7786464280e27da --filter status=running --no-trunc --format "{{.ID}} {{.Status}}"
2025-08-19T22:47:07.9508108Z d1562fb17b6e129e52ff4ee617f70c5899a3b6da0ce6c71bb7786464280e27da Up Less than a second
2025-08-19T22:47:07.9523998Z ##[command]/usr/bin/docker port d1562fb17b6e129e52ff4ee617f70c5899a3b6da0ce6c71bb7786464280e27da
2025-08-19T22:47:07.9674104Z 6379/tcp -> 0.0.0.0:6379
2025-08-19T22:47:07.9674824Z 6379/tcp -> [::]:6379
2025-08-19T22:47:07.9692784Z ##[endgroup]
2025-08-19T22:47:07.9703446Z ##[group]Waiting for all services to be ready
2025-08-19T22:47:07.9718210Z ##[command]/usr/bin/docker inspect --format="{{if .Config.Healthcheck}}{{print .State.Health.Status}}{{end}}" 3b79b49daf4cb4d72bac342dd1db206857323807d76fa26ed9b2918494175d64
2025-08-19T22:47:07.9849239Z starting
2025-08-19T22:47:07.9872734Z postgres service is starting, waiting 2 seconds before checking again.
2025-08-19T22:47:09.9875782Z ##[command]/usr/bin/docker inspect --format="{{if .Config.Healthcheck}}{{print .State.Health.Status}}{{end}}" 3b79b49daf4cb4d72bac342dd1db206857323807d76fa26ed9b2918494175d64
2025-08-19T22:47:10.0071955Z starting
2025-08-19T22:47:10.0086701Z postgres service is starting, waiting 4 seconds before checking again.
2025-08-19T22:47:14.2052344Z ##[command]/usr/bin/docker inspect --format="{{if .Config.Healthcheck}}{{print .State.Health.Status}}{{end}}" 3b79b49daf4cb4d72bac342dd1db206857323807d76fa26ed9b2918494175d64
2025-08-19T22:47:14.2175072Z healthy
2025-08-19T22:47:14.2195580Z postgres service is healthy.
2025-08-19T22:47:14.2196424Z ##[command]/usr/bin/docker inspect --format="{{if .Config.Healthcheck}}{{print .State.Health.Status}}{{end}}" d1562fb17b6e129e52ff4ee617f70c5899a3b6da0ce6c71bb7786464280e27da
2025-08-19T22:47:14.2332710Z redis service is healthy.
2025-08-19T22:47:14.2333405Z ##[endgroup]
2025-08-19T22:47:14.2596277Z ##[group]Run actions/checkout@v4
2025-08-19T22:47:14.2596819Z with:
2025-08-19T22:47:14.2597039Z   repository: AlexBomber12/AWA-App
2025-08-19T22:47:14.2597497Z   token: ***
2025-08-19T22:47:14.2597690Z   ssh-strict: true
2025-08-19T22:47:14.2597871Z   ssh-user: git
2025-08-19T22:47:14.2598065Z   persist-credentials: true
2025-08-19T22:47:14.2598280Z   clean: true
2025-08-19T22:47:14.2598462Z   sparse-checkout-cone-mode: true
2025-08-19T22:47:14.2598694Z   fetch-depth: 1
2025-08-19T22:47:14.2598864Z   fetch-tags: false
2025-08-19T22:47:14.2599048Z   show-progress: true
2025-08-19T22:47:14.2599234Z   lfs: false
2025-08-19T22:47:14.2599409Z   submodules: false
2025-08-19T22:47:14.2599598Z   set-safe-directory: true
2025-08-19T22:47:14.2600012Z env:
2025-08-19T22:47:14.2600220Z   REDIS_URL: redis://localhost:6379/0
2025-08-19T22:47:14.2600493Z   RATE_LIMIT_DEFAULT: 100/minute
2025-08-19T22:47:14.2600717Z   TRUST_X_FORWARDED: 1
2025-08-19T22:47:14.2600902Z ##[endgroup]
2025-08-19T22:47:14.3722696Z Syncing repository: AlexBomber12/AWA-App
2025-08-19T22:47:14.3724320Z ##[group]Getting Git version info
2025-08-19T22:47:14.3724690Z Working directory is '/home/runner/work/AWA-App/AWA-App'
2025-08-19T22:47:14.3725226Z [command]/usr/bin/git version
2025-08-19T22:47:14.3753186Z git version 2.50.1
2025-08-19T22:47:14.3780390Z ##[endgroup]
2025-08-19T22:47:14.3795075Z Temporarily overriding HOME='/home/runner/work/_temp/539cc7ec-310b-4277-a0ac-89d8b2b039fb' before making global git config changes
2025-08-19T22:47:14.3795902Z Adding repository directory to the temporary git global config as a safe directory
2025-08-19T22:47:14.3801946Z [command]/usr/bin/git config --global --add safe.directory /home/runner/work/AWA-App/AWA-App
2025-08-19T22:47:14.3842913Z Deleting the contents of '/home/runner/work/AWA-App/AWA-App'
2025-08-19T22:47:14.3847466Z ##[group]Initializing the repository
2025-08-19T22:47:14.3852482Z [command]/usr/bin/git init /home/runner/work/AWA-App/AWA-App
2025-08-19T22:47:14.3913457Z hint: Using 'master' as the name for the initial branch. This default branch name
2025-08-19T22:47:14.3914305Z hint: is subject to change. To configure the initial branch name to use in all
2025-08-19T22:47:14.3914991Z hint: of your new repositories, which will suppress this warning, call:
2025-08-19T22:47:14.3915520Z hint:
2025-08-19T22:47:14.3915975Z hint: 	git config --global init.defaultBranch <name>
2025-08-19T22:47:14.3916452Z hint:
2025-08-19T22:47:14.3916930Z hint: Names commonly chosen instead of 'master' are 'main', 'trunk' and
2025-08-19T22:47:14.3917665Z hint: 'development'. The just-created branch can be renamed via this command:
2025-08-19T22:47:14.3918226Z hint:
2025-08-19T22:47:14.3918504Z hint: 	git branch -m <name>
2025-08-19T22:47:14.3918834Z hint:
2025-08-19T22:47:14.3919303Z hint: Disable this message with "git config set advice.defaultBranchName false"
2025-08-19T22:47:14.3920112Z Initialized empty Git repository in /home/runner/work/AWA-App/AWA-App/.git/
2025-08-19T22:47:14.3929770Z [command]/usr/bin/git remote add origin https://github.com/AlexBomber12/AWA-App
2025-08-19T22:47:14.3969894Z ##[endgroup]
2025-08-19T22:47:14.3970280Z ##[group]Disabling automatic garbage collection
2025-08-19T22:47:14.3975547Z [command]/usr/bin/git config --local gc.auto 0
2025-08-19T22:47:14.4009793Z ##[endgroup]
2025-08-19T22:47:14.4010329Z ##[group]Setting up auth
2025-08-19T22:47:14.4018321Z [command]/usr/bin/git config --local --name-only --get-regexp core\.sshCommand
2025-08-19T22:47:14.4051091Z [command]/usr/bin/git submodule foreach --recursive sh -c "git config --local --name-only --get-regexp 'core\.sshCommand' && git config --local --unset-all 'core.sshCommand' || :"
2025-08-19T22:47:14.4325417Z [command]/usr/bin/git config --local --name-only --get-regexp http\.https\:\/\/github\.com\/\.extraheader
2025-08-19T22:47:14.4359817Z [command]/usr/bin/git submodule foreach --recursive sh -c "git config --local --name-only --get-regexp 'http\.https\:\/\/github\.com\/\.extraheader' && git config --local --unset-all 'http.https://github.com/.extraheader' || :"
2025-08-19T22:47:14.4607784Z [command]/usr/bin/git config --local http.https://github.com/.extraheader AUTHORIZATION: basic ***
2025-08-19T22:47:14.4652022Z ##[endgroup]
2025-08-19T22:47:14.4652594Z ##[group]Fetching the repository
2025-08-19T22:47:14.4661734Z [command]/usr/bin/git -c protocol.version=2 fetch --no-tags --prune --no-recurse-submodules --depth=1 origin +bc77bfd28da879407e35fc24644e0788dd1ee376:refs/remotes/pull/292/merge
2025-08-19T22:47:14.6965648Z From https://github.com/AlexBomber12/AWA-App
2025-08-19T22:47:14.6966557Z  * [new ref]         bc77bfd28da879407e35fc24644e0788dd1ee376 -> pull/292/merge
2025-08-19T22:47:14.6993055Z ##[endgroup]
2025-08-19T22:47:14.6993672Z ##[group]Determining the checkout info
2025-08-19T22:47:14.6995216Z ##[endgroup]
2025-08-19T22:47:14.7000829Z [command]/usr/bin/git sparse-checkout disable
2025-08-19T22:47:14.7044250Z [command]/usr/bin/git config --local --unset-all extensions.worktreeConfig
2025-08-19T22:47:14.7075725Z ##[group]Checking out the ref
2025-08-19T22:47:14.7080316Z [command]/usr/bin/git checkout --progress --force refs/remotes/pull/292/merge
2025-08-19T22:47:14.7382700Z Note: switching to 'refs/remotes/pull/292/merge'.
2025-08-19T22:47:14.7385076Z 
2025-08-19T22:47:14.7385718Z You are in 'detached HEAD' state. You can look around, make experimental
2025-08-19T22:47:14.7386424Z changes and commit them, and you can discard any commits you make in this
2025-08-19T22:47:14.7387137Z state without impacting any branches by switching back to a branch.
2025-08-19T22:47:14.7387522Z 
2025-08-19T22:47:14.7387790Z If you want to create a new branch to retain commits you create, you may
2025-08-19T22:47:14.7388415Z do so (now or later) by using -c with the switch command. Example:
2025-08-19T22:47:14.7388778Z 
2025-08-19T22:47:14.7388927Z   git switch -c <new-branch-name>
2025-08-19T22:47:14.7389156Z 
2025-08-19T22:47:14.7389259Z Or undo this operation with:
2025-08-19T22:47:14.7389416Z 
2025-08-19T22:47:14.7389799Z   git switch -
2025-08-19T22:47:14.7389936Z 
2025-08-19T22:47:14.7390165Z Turn off this advice by setting config variable advice.detachedHead to false
2025-08-19T22:47:14.7390453Z 
2025-08-19T22:47:14.7390775Z HEAD is now at bc77bfd Merge 1d2234c8abfe19dcb91d7e3231fa1e3d834dfd9f into 8fecdd32289fe39f3fa6487e94855d9f8ef50773
2025-08-19T22:47:14.7395086Z ##[endgroup]
2025-08-19T22:47:14.7446328Z [command]/usr/bin/git log -1 --format=%H
2025-08-19T22:47:14.7476867Z bc77bfd28da879407e35fc24644e0788dd1ee376
2025-08-19T22:47:14.7674781Z ##[group]Run cat .env.ci >> "$GITHUB_ENV"
2025-08-19T22:47:14.7675217Z [36;1mcat .env.ci >> "$GITHUB_ENV"[0m
2025-08-19T22:47:14.7676096Z [36;1mecho "DATABASE_URL=***localhost:5432/awa" >> "$GITHUB_ENV"[0m
2025-08-19T22:47:14.7676464Z [36;1mecho "PG_HOST=localhost" >> "$GITHUB_ENV"[0m
2025-08-19T22:47:14.7676770Z [36;1mecho "PG_PORT=5432" >> "$GITHUB_ENV"[0m
2025-08-19T22:47:14.7677063Z [36;1mecho "PG_USER=postgres" >> "$GITHUB_ENV"[0m
2025-08-19T22:47:14.7677390Z [36;1mecho "PG_PASSWORD=pass" >> "$GITHUB_ENV"[0m
2025-08-19T22:47:14.7677712Z [36;1mecho "PG_DATABASE=awa" >> "$GITHUB_ENV"[0m
2025-08-19T22:47:14.7729747Z shell: /usr/bin/bash -e {0}
2025-08-19T22:47:14.7730041Z env:
2025-08-19T22:47:14.7730283Z   REDIS_URL: redis://localhost:6379/0
2025-08-19T22:47:14.7730566Z   RATE_LIMIT_DEFAULT: 100/minute
2025-08-19T22:47:14.7730810Z   TRUST_X_FORWARDED: 1
2025-08-19T22:47:14.7731015Z ##[endgroup]
2025-08-19T22:47:14.7926945Z ##[group]Run actions/setup-python@v5
2025-08-19T22:47:14.7927232Z with:
2025-08-19T22:47:14.7927417Z   python-version: 3.12
2025-08-19T22:47:14.7927618Z   cache: pip
2025-08-19T22:47:14.7927840Z   cache-dependency-path: requirements-dev.txt
2025-08-19T22:47:14.7928112Z   check-latest: false
2025-08-19T22:47:14.7928480Z   token: ***
2025-08-19T22:47:14.7928673Z   update-environment: true
2025-08-19T22:47:14.7928899Z   allow-prereleases: false
2025-08-19T22:47:14.7929111Z   freethreaded: false
2025-08-19T22:47:14.7929299Z env:
2025-08-19T22:47:14.7929522Z   REDIS_URL: redis://localhost:6379/0
2025-08-19T22:47:14.7929766Z   RATE_LIMIT_DEFAULT: 100/minute
2025-08-19T22:47:14.7929989Z   TRUST_X_FORWARDED: 1
2025-08-19T22:47:14.7930193Z   PG_USER: postgres
2025-08-19T22:47:14.7930379Z   PG_PASSWORD: pass
2025-08-19T22:47:14.7930564Z   PG_DATABASE: awa
2025-08-19T22:47:14.7930741Z   PG_HOST: localhost
2025-08-19T22:47:14.7930920Z   PG_PORT: 5432
2025-08-19T22:47:14.7931579Z   PG_SYNC_DSN: ***localhost:5432/awa
2025-08-19T22:47:14.7932003Z   PG_ASYNC_DSN: ***localhost:5432/awa
2025-08-19T22:47:14.7932389Z   DATABASE_URL: ***localhost:5432/awa
2025-08-19T22:47:14.7932617Z   DATA_DIR: /tmp/awa-data
2025-08-19T22:47:14.7932817Z   ENABLE_LIVE: 0
2025-08-19T22:47:14.7932986Z   TESTING: 1
2025-08-19T22:47:14.7933152Z ##[endgroup]
2025-08-19T22:47:14.9698892Z ##[group]Installed versions
2025-08-19T22:47:14.9800026Z Successfully set up CPython (3.12.11)
2025-08-19T22:47:14.9800797Z ##[endgroup]
2025-08-19T22:47:15.0095893Z [command]/opt/hostedtoolcache/Python/3.12.11/x64/bin/pip cache dir
2025-08-19T22:47:15.2739066Z /home/runner/.cache/pip
2025-08-19T22:47:15.4042637Z Cache hit for: setup-python-Linux-x64-24.04-Ubuntu-python-3.12.11-pip-29fc3204f837bce43d81586a404709764a9accd1f738d0c33a52a32bf7a0c312
2025-08-19T22:47:16.4776558Z Received 197132288 of 337357499 (58.4%), 187.6 MBs/sec
2025-08-19T22:47:17.1758134Z Received 337357499 of 337357499 (100.0%), 189.3 MBs/sec
2025-08-19T22:47:17.1760362Z Cache Size: ~322 MB (337357499 B)
2025-08-19T22:47:17.1845253Z [command]/usr/bin/tar -xf /home/runner/work/_temp/7d751481-f366-4f30-bad6-f984f1bf1a8e/cache.tzst -P -C /home/runner/work/AWA-App/AWA-App --use-compress-program unzstd
2025-08-19T22:47:17.7229876Z Cache restored successfully
2025-08-19T22:47:17.7890233Z Cache restored from key: setup-python-Linux-x64-24.04-Ubuntu-python-3.12.11-pip-29fc3204f837bce43d81586a404709764a9accd1f738d0c33a52a32bf7a0c312
2025-08-19T22:47:17.8038696Z ##[group]Run pip install -r requirements-dev.txt
2025-08-19T22:47:17.8039128Z [36;1mpip install -r requirements-dev.txt[0m
2025-08-19T22:47:17.8039620Z [36;1mpip install keepa==1.3.15 minio==7.1.15[0m
2025-08-19T22:47:17.8084236Z shell: /usr/bin/bash -e {0}
2025-08-19T22:47:17.8084470Z env:
2025-08-19T22:47:17.8084682Z   REDIS_URL: redis://localhost:6379/0
2025-08-19T22:47:17.8084955Z   RATE_LIMIT_DEFAULT: 100/minute
2025-08-19T22:47:17.8085188Z   TRUST_X_FORWARDED: 1
2025-08-19T22:47:17.8085396Z   PG_USER: postgres
2025-08-19T22:47:17.8085589Z   PG_PASSWORD: pass
2025-08-19T22:47:17.8085768Z   PG_DATABASE: awa
2025-08-19T22:47:17.8085953Z   PG_HOST: localhost
2025-08-19T22:47:17.8086143Z   PG_PORT: 5432
2025-08-19T22:47:17.8086621Z   PG_SYNC_DSN: ***localhost:5432/awa
2025-08-19T22:47:17.8087072Z   PG_ASYNC_DSN: ***localhost:5432/awa
2025-08-19T22:47:17.8087453Z   DATABASE_URL: ***localhost:5432/awa
2025-08-19T22:47:17.8087689Z   DATA_DIR: /tmp/awa-data
2025-08-19T22:47:17.8087936Z   ENABLE_LIVE: 0
2025-08-19T22:47:17.8088112Z   TESTING: 1
2025-08-19T22:47:17.8088353Z   pythonLocation: /opt/hostedtoolcache/Python/3.12.11/x64
2025-08-19T22:47:17.8088778Z   PKG_CONFIG_PATH: /opt/hostedtoolcache/Python/3.12.11/x64/lib/pkgconfig
2025-08-19T22:47:17.8089173Z   Python_ROOT_DIR: /opt/hostedtoolcache/Python/3.12.11/x64
2025-08-19T22:47:17.8089522Z   Python2_ROOT_DIR: /opt/hostedtoolcache/Python/3.12.11/x64
2025-08-19T22:47:17.8089863Z   Python3_ROOT_DIR: /opt/hostedtoolcache/Python/3.12.11/x64
2025-08-19T22:47:17.8090216Z   LD_LIBRARY_PATH: /opt/hostedtoolcache/Python/3.12.11/x64/lib
2025-08-19T22:47:17.8090501Z ##[endgroup]
2025-08-19T22:47:18.4916983Z Collecting Jinja2==3.1.6 (from -r requirements-dev.txt (line 2))
2025-08-19T22:47:18.4931143Z   Using cached jinja2-3.1.6-py3-none-any.whl.metadata (2.9 kB)
2025-08-19T22:47:18.5150991Z Collecting alembic==1.13.1 (from -r requirements-dev.txt (line 3))
2025-08-19T22:47:18.5164486Z   Using cached alembic-1.13.1-py3-none-any.whl.metadata (7.4 kB)
2025-08-19T22:47:18.5329838Z Collecting apscheduler==3.10.4 (from -r requirements-dev.txt (line 4))
2025-08-19T22:47:18.5344126Z   Using cached APScheduler-3.10.4-py3-none-any.whl.metadata (5.7 kB)
2025-08-19T22:47:18.5498318Z Collecting asgi-correlation-id==4.3.1 (from -r requirements-dev.txt (line 5))
2025-08-19T22:47:18.5512016Z   Using cached asgi_correlation_id-4.3.1-py3-none-any.whl.metadata (28 kB)
2025-08-19T22:47:18.5925919Z Collecting asyncpg==0.30.0 (from -r requirements-dev.txt (line 6))
2025-08-19T22:47:18.5939478Z   Using cached asyncpg-0.30.0-cp312-cp312-manylinux_2_17_x86_64.manylinux2014_x86_64.whl.metadata (5.0 kB)
2025-08-19T22:47:18.6377869Z Collecting black==25.1.0 (from -r requirements-dev.txt (line 7))
2025-08-19T22:47:18.6392262Z   Using cached black-25.1.0-cp312-cp312-manylinux_2_17_x86_64.manylinux2014_x86_64.manylinux_2_28_x86_64.whl.metadata (81 kB)
2025-08-19T22:47:19.0039130Z Collecting boto3 (from -r requirements-dev.txt (line 8))
2025-08-19T22:47:19.0381753Z   Downloading boto3-1.40.13-py3-none-any.whl.metadata (6.7 kB)
2025-08-19T22:47:19.0680283Z Collecting redis==6.* (from -r requirements-dev.txt (line 9))
2025-08-19T22:47:19.0693687Z   Using cached redis-6.4.0-py3-none-any.whl.metadata (10 kB)
2025-08-19T22:47:19.1012982Z Collecting minio==7.* (from -r requirements-dev.txt (line 10))
2025-08-19T22:47:19.1026601Z   Using cached minio-7.2.16-py3-none-any.whl.metadata (6.5 kB)
2025-08-19T22:47:19.1329542Z Collecting celery==5.5.3 (from -r requirements-dev.txt (line 11))
2025-08-19T22:47:19.1343162Z   Using cached celery-5.5.3-py3-none-any.whl.metadata (22 kB)
2025-08-19T22:47:19.1920416Z Collecting fastapi==0.116.1 (from -r requirements-dev.txt (line 12))
2025-08-19T22:47:19.1938920Z   Using cached fastapi-0.116.1-py3-none-any.whl.metadata (28 kB)
2025-08-19T22:47:19.2075008Z Collecting fastapi-limiter==0.1.6 (from -r requirements-dev.txt (line 14))
2025-08-19T22:47:19.2085869Z   Using cached fastapi_limiter-0.1.6-py3-none-any.whl.metadata (5.3 kB)
2025-08-19T22:47:19.2282510Z Collecting httpx<0.29,>=0.27 (from -r requirements-dev.txt (line 15))
2025-08-19T22:47:19.2295394Z   Using cached httpx-0.28.1-py3-none-any.whl.metadata (7.1 kB)
2025-08-19T22:47:19.2415047Z Collecting imapclient==3.0.1 (from -r requirements-dev.txt (line 16))
2025-08-19T22:47:19.2427653Z   Using cached IMAPClient-3.0.1-py2.py3-none-any.whl.metadata (1.7 kB)
2025-08-19T22:47:19.2522069Z Collecting itsdangerous (from -r requirements-dev.txt (line 17))
2025-08-19T22:47:19.2535632Z   Using cached itsdangerous-2.2.0-py3-none-any.whl.metadata (1.9 kB)
2025-08-19T22:47:19.3545731Z Collecting mypy==1.* (from -r requirements-dev.txt (line 18))
2025-08-19T22:47:19.3559639Z   Using cached mypy-1.17.1-cp312-cp312-manylinux2014_x86_64.manylinux_2_17_x86_64.manylinux_2_28_x86_64.whl.metadata (2.2 kB)
2025-08-19T22:47:19.3655732Z Collecting mypy-extensions==1.1.0 (from -r requirements-dev.txt (line 19))
2025-08-19T22:47:19.3669428Z   Using cached mypy_extensions-1.1.0-py3-none-any.whl.metadata (1.1 kB)
2025-08-19T22:47:19.5662468Z Collecting numpy<2 (from -r requirements-dev.txt (line 20))
2025-08-19T22:47:19.5677324Z   Using cached numpy-1.26.4-cp312-cp312-manylinux_2_17_x86_64.manylinux2014_x86_64.whl.metadata (61 kB)
2025-08-19T22:47:19.5923446Z Collecting openpyxl==3.1.5 (from -r requirements-dev.txt (line 21))
2025-08-19T22:47:19.5936518Z   Using cached openpyxl-3.1.5-py2.py3-none-any.whl.metadata (2.5 kB)
2025-08-19T22:47:19.7007026Z Collecting pandas==2.2.* (from -r requirements-dev.txt (line 22))
2025-08-19T22:47:19.7020635Z   Using cached pandas-2.2.3-cp312-cp312-manylinux_2_17_x86_64.manylinux2014_x86_64.whl.metadata (89 kB)
2025-08-19T22:47:19.7957254Z Collecting psycopg2-binary==2.9.10 (from -r requirements-dev.txt (line 23))
2025-08-19T22:47:19.7971815Z   Using cached psycopg2_binary-2.9.10-cp312-cp312-manylinux_2_17_x86_64.manylinux2014_x86_64.whl.metadata (4.9 kB)
2025-08-19T22:47:19.8113038Z Collecting psycopg==3.2.9 (from psycopg[binary]==3.2.9->-r requirements-dev.txt (line 24))
2025-08-19T22:47:19.8125296Z   Using cached psycopg-3.2.9-py3-none-any.whl.metadata (4.5 kB)
2025-08-19T22:47:19.9224226Z Collecting pydantic==2.11.7 (from -r requirements-dev.txt (line 25))
2025-08-19T22:47:19.9237882Z   Using cached pydantic-2.11.7-py3-none-any.whl.metadata (67 kB)
2025-08-19T22:47:20.0507574Z Collecting setuptools (from -r requirements-dev.txt (line 26))
2025-08-19T22:47:20.0508601Z   Using cached setuptools-80.9.0-py3-none-any.whl.metadata (6.6 kB)
2025-08-19T22:47:20.0748446Z Collecting pytest-asyncio==0.23.6 (from -r requirements-dev.txt (line 27))
2025-08-19T22:47:20.0761595Z   Using cached pytest_asyncio-0.23.6-py3-none-any.whl.metadata (3.9 kB)
2025-08-19T22:47:20.0895436Z Collecting pytest-cov==6.2.1 (from -r requirements-dev.txt (line 28))
2025-08-19T22:47:20.0907492Z   Using cached pytest_cov-6.2.1-py3-none-any.whl.metadata (30 kB)
2025-08-19T22:47:20.1056167Z Collecting pytest-postgresql==7.0.2 (from -r requirements-dev.txt (line 29))
2025-08-19T22:47:20.1068408Z   Using cached pytest_postgresql-7.0.2-py3-none-any.whl.metadata (18 kB)
2025-08-19T22:47:20.1232380Z Collecting python-dotenv (from -r requirements-dev.txt (line 30))
2025-08-19T22:47:20.1246132Z   Using cached python_dotenv-1.1.1-py3-none-any.whl.metadata (24 kB)
2025-08-19T22:47:20.1367765Z Collecting python-multipart (from -r requirements-dev.txt (line 31))
2025-08-19T22:47:20.1380958Z   Using cached python_multipart-0.0.20-py3-none-any.whl.metadata (1.8 kB)
2025-08-19T22:47:20.1665443Z Collecting python-telegram-bot==22.3 (from -r requirements-dev.txt (line 32))
2025-08-19T22:47:20.1678772Z   Using cached python_telegram_bot-22.3-py3-none-any.whl.metadata (17 kB)
2025-08-19T22:47:20.1965003Z Collecting requests==2.32.4 (from -r requirements-dev.txt (line 33))
2025-08-19T22:47:20.1977873Z   Using cached requests-2.32.4-py3-none-any.whl.metadata (4.9 kB)
2025-08-19T22:47:20.2125758Z Collecting respx==0.22.0 (from -r requirements-dev.txt (line 34))
2025-08-19T22:47:20.2138735Z   Using cached respx-0.22.0-py2.py3-none-any.whl.metadata (4.1 kB)
2025-08-19T22:47:20.5912698Z Collecting ruff==0.4.4 (from -r requirements-dev.txt (line 35))
2025-08-19T22:47:20.5925901Z   Using cached ruff-0.4.4-py3-none-manylinux_2_17_x86_64.manylinux2014_x86_64.whl.metadata (23 kB)
2025-08-19T22:47:20.8509364Z Collecting sqlalchemy==2.0.43 (from -r requirements-dev.txt (line 36))
2025-08-19T22:47:20.8524121Z   Using cached sqlalchemy-2.0.43-cp312-cp312-manylinux_2_17_x86_64.manylinux2014_x86_64.whl.metadata (9.6 kB)
2025-08-19T22:47:20.8740023Z Collecting structlog==24.1.0 (from -r requirements-dev.txt (line 37))
2025-08-19T22:47:20.8753058Z   Using cached structlog-24.1.0-py3-none-any.whl.metadata (6.9 kB)
2025-08-19T22:47:20.8929608Z Collecting testcontainers==4.10.0 (from testcontainers[postgres]==4.10.0->-r requirements-dev.txt (line 38))
2025-08-19T22:47:20.8942232Z   Using cached testcontainers-4.10.0-py3-none-any.whl.metadata (7.8 kB)
2025-08-19T22:47:20.9298414Z Collecting types-requests==2.32.4.20250809 (from -r requirements-dev.txt (line 39))
2025-08-19T22:47:20.9313014Z   Using cached types_requests-2.32.4.20250809-py3-none-any.whl.metadata (2.0 kB)
2025-08-19T22:47:20.9430034Z Collecting docspec-python==2.2.2 (from -r requirements-dev.txt (line 40))
2025-08-19T22:47:20.9444038Z   Using cached docspec_python-2.2.2-py3-none-any.whl.metadata (1.0 kB)
2025-08-19T22:47:20.9607108Z Collecting pydoc-markdown==4.8.2 (from -r requirements-dev.txt (line 41))
2025-08-19T22:47:20.9621039Z   Using cached pydoc_markdown-4.8.2-py3-none-any.whl.metadata (5.9 kB)
2025-08-19T22:47:20.9897155Z Collecting pandera==0.19.* (from -r requirements-dev.txt (line 42))
2025-08-19T22:47:20.9910135Z   Using cached pandera-0.19.3-py3-none-any.whl.metadata (15 kB)
2025-08-19T22:47:21.1052872Z Collecting MarkupSafe>=2.0 (from Jinja2==3.1.6->-r requirements-dev.txt (line 2))
2025-08-19T22:47:21.1066781Z   Using cached MarkupSafe-3.0.2-cp312-cp312-manylinux_2_17_x86_64.manylinux2014_x86_64.whl.metadata (4.0 kB)
2025-08-19T22:47:21.1362111Z Collecting Mako (from alembic==1.13.1->-r requirements-dev.txt (line 3))
2025-08-19T22:47:21.1375668Z   Using cached mako-1.3.10-py3-none-any.whl.metadata (2.9 kB)
2025-08-19T22:47:21.1550543Z Collecting typing-extensions>=4 (from alembic==1.13.1->-r requirements-dev.txt (line 3))
2025-08-19T22:47:21.1564343Z   Using cached typing_extensions-4.14.1-py3-none-any.whl.metadata (3.0 kB)
2025-08-19T22:47:21.1716010Z Collecting six>=1.4.0 (from apscheduler==3.10.4->-r requirements-dev.txt (line 4))
2025-08-19T22:47:21.1730373Z   Using cached six-1.17.0-py2.py3-none-any.whl.metadata (1.7 kB)
2025-08-19T22:47:21.2074732Z Collecting pytz (from apscheduler==3.10.4->-r requirements-dev.txt (line 4))
2025-08-19T22:47:21.2089154Z   Using cached pytz-2025.2-py2.py3-none-any.whl.metadata (22 kB)
2025-08-19T22:47:21.2267551Z Collecting tzlocal!=3.*,>=2.0 (from apscheduler==3.10.4->-r requirements-dev.txt (line 4))
2025-08-19T22:47:21.2281845Z   Using cached tzlocal-5.3.1-py3-none-any.whl.metadata (7.6 kB)
2025-08-19T22:47:21.2585516Z Collecting starlette>=0.18 (from asgi-correlation-id==4.3.1->-r requirements-dev.txt (line 5))
2025-08-19T22:47:21.2599090Z   Using cached starlette-0.47.2-py3-none-any.whl.metadata (6.2 kB)
2025-08-19T22:47:21.2792186Z Collecting click>=8.0.0 (from black==25.1.0->-r requirements-dev.txt (line 7))
2025-08-19T22:47:21.2804979Z   Using cached click-8.2.1-py3-none-any.whl.metadata (2.5 kB)
2025-08-19T22:47:21.2983247Z Collecting packaging>=22.0 (from black==25.1.0->-r requirements-dev.txt (line 7))
2025-08-19T22:47:21.2994766Z   Using cached packaging-25.0-py3-none-any.whl.metadata (3.3 kB)
2025-08-19T22:47:21.3093774Z Collecting pathspec>=0.9.0 (from black==25.1.0->-r requirements-dev.txt (line 7))
2025-08-19T22:47:21.3105365Z   Using cached pathspec-0.12.1-py3-none-any.whl.metadata (21 kB)
2025-08-19T22:47:21.3282744Z Collecting platformdirs>=2 (from black==25.1.0->-r requirements-dev.txt (line 7))
2025-08-19T22:47:21.3295922Z   Using cached platformdirs-4.3.8-py3-none-any.whl.metadata (12 kB)
2025-08-19T22:47:21.3486371Z Collecting billiard<5.0,>=4.2.1 (from celery==5.5.3->-r requirements-dev.txt (line 11))
2025-08-19T22:47:21.3498774Z   Using cached billiard-4.2.1-py3-none-any.whl.metadata (4.4 kB)
2025-08-19T22:47:21.3789001Z Collecting kombu<5.6,>=5.5.2 (from celery==5.5.3->-r requirements-dev.txt (line 11))
2025-08-19T22:47:21.3801992Z   Using cached kombu-5.5.4-py3-none-any.whl.metadata (3.5 kB)
2025-08-19T22:47:21.3950907Z Collecting vine<6.0,>=5.1.0 (from celery==5.5.3->-r requirements-dev.txt (line 11))
2025-08-19T22:47:21.3962942Z   Using cached vine-5.1.0-py3-none-any.whl.metadata (2.7 kB)
2025-08-19T22:47:21.4093423Z Collecting click-didyoumean>=0.3.0 (from celery==5.5.3->-r requirements-dev.txt (line 11))
2025-08-19T22:47:21.4104583Z   Using cached click_didyoumean-0.3.1-py3-none-any.whl.metadata (3.9 kB)
2025-08-19T22:47:21.4181892Z Collecting click-repl>=0.2.0 (from celery==5.5.3->-r requirements-dev.txt (line 11))
2025-08-19T22:47:21.4193344Z   Using cached click_repl-0.3.0-py3-none-any.whl.metadata (3.6 kB)
2025-08-19T22:47:21.4282313Z Collecting click-plugins>=1.1.1 (from celery==5.5.3->-r requirements-dev.txt (line 11))
2025-08-19T22:47:21.4295621Z   Using cached click_plugins-1.1.1.2-py2.py3-none-any.whl.metadata (6.5 kB)
2025-08-19T22:47:21.4417293Z Collecting python-dateutil>=2.8.2 (from celery==5.5.3->-r requirements-dev.txt (line 11))
2025-08-19T22:47:21.4430033Z   Using cached python_dateutil-2.9.0.post0-py2.py3-none-any.whl.metadata (8.4 kB)
2025-08-19T22:47:21.4785927Z Collecting annotated-types>=0.6.0 (from pydantic==2.11.7->-r requirements-dev.txt (line 25))
2025-08-19T22:47:21.4797556Z   Using cached annotated_types-0.7.0-py3-none-any.whl.metadata (15 kB)
2025-08-19T22:47:22.1673099Z Collecting pydantic-core==2.33.2 (from pydantic==2.11.7->-r requirements-dev.txt (line 25))
2025-08-19T22:47:22.1686212Z   Using cached pydantic_core-2.33.2-cp312-cp312-manylinux_2_17_x86_64.manylinux2014_x86_64.whl.metadata (6.8 kB)
2025-08-19T22:47:22.1809499Z Collecting typing-inspection>=0.4.0 (from pydantic==2.11.7->-r requirements-dev.txt (line 25))
2025-08-19T22:47:22.1822065Z   Using cached typing_inspection-0.4.1-py3-none-any.whl.metadata (2.6 kB)
2025-08-19T22:47:22.2044849Z Collecting et-xmlfile (from openpyxl==3.1.5->-r requirements-dev.txt (line 21))
2025-08-19T22:47:22.2056064Z   Using cached et_xmlfile-2.0.0-py3-none-any.whl.metadata (2.7 kB)
2025-08-19T22:47:22.2466130Z Collecting pytest<9,>=7.0.0 (from pytest-asyncio==0.23.6->-r requirements-dev.txt (line 27))
2025-08-19T22:47:22.2479484Z   Using cached pytest-8.4.1-py3-none-any.whl.metadata (7.7 kB)
2025-08-19T22:47:22.5793340Z Collecting coverage>=7.5 (from coverage[toml]>=7.5->pytest-cov==6.2.1->-r requirements-dev.txt (line 28))
2025-08-19T22:47:22.5808433Z   Using cached coverage-7.10.4-cp312-cp312-manylinux1_x86_64.manylinux_2_28_x86_64.manylinux_2_5_x86_64.whl.metadata (8.9 kB)
2025-08-19T22:47:22.5927913Z Collecting pluggy>=1.2 (from pytest-cov==6.2.1->-r requirements-dev.txt (line 28))
2025-08-19T22:47:22.5940515Z   Using cached pluggy-1.6.0-py3-none-any.whl.metadata (4.8 kB)
2025-08-19T22:47:22.6187589Z Collecting port-for>=0.7.3 (from pytest-postgresql==7.0.2->-r requirements-dev.txt (line 29))
2025-08-19T22:47:22.6200782Z   Using cached port_for-0.7.4-py3-none-any.whl.metadata (7.1 kB)
2025-08-19T22:47:22.6334990Z Collecting mirakuru>=2.6.0 (from pytest-postgresql==7.0.2->-r requirements-dev.txt (line 29))
2025-08-19T22:47:22.6348743Z   Using cached mirakuru-2.6.1-py3-none-any.whl.metadata (10 kB)
2025-08-19T22:47:22.7232914Z Collecting charset_normalizer<4,>=2 (from requests==2.32.4->-r requirements-dev.txt (line 33))
2025-08-19T22:47:22.7247130Z   Using cached charset_normalizer-3.4.3-cp312-cp312-manylinux2014_x86_64.manylinux_2_17_x86_64.manylinux_2_28_x86_64.whl.metadata (36 kB)
2025-08-19T22:47:22.7416314Z Collecting idna<4,>=2.5 (from requests==2.32.4->-r requirements-dev.txt (line 33))
2025-08-19T22:47:22.7429047Z   Using cached idna-3.10-py3-none-any.whl.metadata (10 kB)
2025-08-19T22:47:22.7702841Z Collecting urllib3<3,>=1.21.1 (from requests==2.32.4->-r requirements-dev.txt (line 33))
2025-08-19T22:47:22.7716229Z   Using cached urllib3-2.5.0-py3-none-any.whl.metadata (6.5 kB)
2025-08-19T22:47:22.7915553Z Collecting certifi>=2017.4.17 (from requests==2.32.4->-r requirements-dev.txt (line 33))
2025-08-19T22:47:22.7928702Z   Using cached certifi-2025.8.3-py3-none-any.whl.metadata (2.4 kB)
2025-08-19T22:47:23.0096828Z Collecting greenlet>=1 (from sqlalchemy==2.0.43->-r requirements-dev.txt (line 36))
2025-08-19T22:47:23.0110504Z   Using cached greenlet-3.2.4-cp312-cp312-manylinux_2_24_x86_64.manylinux_2_28_x86_64.whl.metadata (4.1 kB)
2025-08-19T22:47:23.0335375Z Collecting docker (from testcontainers==4.10.0->testcontainers[postgres]==4.10.0->-r requirements-dev.txt (line 38))
2025-08-19T22:47:23.0348862Z   Using cached docker-7.1.0-py3-none-any.whl.metadata (3.8 kB)
2025-08-19T22:47:23.1400466Z Collecting wrapt (from testcontainers==4.10.0->testcontainers[postgres]==4.10.0->-r requirements-dev.txt (line 38))
2025-08-19T22:47:23.1415954Z   Using cached wrapt-1.17.3-cp312-cp312-manylinux1_x86_64.manylinux_2_28_x86_64.manylinux_2_5_x86_64.whl.metadata (6.4 kB)
2025-08-19T22:47:23.2774414Z Collecting docspec==2.2.1 (from docspec-python==2.2.2->-r requirements-dev.txt (line 40))
2025-08-19T22:47:23.2787135Z   Using cached docspec-2.2.1-py3-none-any.whl.metadata (1.5 kB)
2025-08-19T22:47:23.2971179Z Collecting nr-util>=0.8.12 (from docspec-python==2.2.2->-r requirements-dev.txt (line 40))
2025-08-19T22:47:23.2983925Z   Using cached nr.util-0.8.12-py3-none-any.whl.metadata (813 bytes)
2025-08-19T22:47:23.3317758Z Collecting PyYAML<7.0,>=5.0 (from pydoc-markdown==4.8.2->-r requirements-dev.txt (line 41))
2025-08-19T22:47:23.3332101Z   Using cached PyYAML-6.0.2-cp312-cp312-manylinux_2_17_x86_64.manylinux2014_x86_64.whl.metadata (2.1 kB)
2025-08-19T22:47:23.3596952Z Collecting databind.core<5.0.0,>=4.4.0 (from pydoc-markdown==4.8.2->-r requirements-dev.txt (line 41))
2025-08-19T22:47:23.3610353Z   Using cached databind.core-4.5.2-py3-none-any.whl.metadata (1.1 kB)
2025-08-19T22:47:23.3815318Z Collecting databind.json<5.0.0,>=4.4.0 (from pydoc-markdown==4.8.2->-r requirements-dev.txt (line 41))
2025-08-19T22:47:23.3827948Z   Using cached databind.json-4.5.2-py3-none-any.whl.metadata (1.1 kB)
2025-08-19T22:47:23.3967188Z Collecting docstring-parser<0.12,>=0.11 (from pydoc-markdown==4.8.2->-r requirements-dev.txt (line 41))
2025-08-19T22:47:23.3968180Z   Using cached docstring_parser-0.11-py3-none-any.whl
2025-08-19T22:47:23.4300951Z Collecting tomli<3.0.0,>=2.0.0 (from pydoc-markdown==4.8.2->-r requirements-dev.txt (line 41))
2025-08-19T22:47:23.4315177Z   Using cached tomli-2.2.1-cp312-cp312-manylinux_2_17_x86_64.manylinux2014_x86_64.whl.metadata (11 kB)
2025-08-19T22:47:23.4410825Z Collecting tomli_w<2.0.0,>=1.0.0 (from pydoc-markdown==4.8.2->-r requirements-dev.txt (line 41))
2025-08-19T22:47:23.4423563Z   Using cached tomli_w-1.2.0-py3-none-any.whl.metadata (5.7 kB)
2025-08-19T22:47:23.4962458Z Collecting watchdog (from pydoc-markdown==4.8.2->-r requirements-dev.txt (line 41))
2025-08-19T22:47:23.4975565Z   Using cached watchdog-6.0.0-py3-none-manylinux2014_x86_64.whl.metadata (44 kB)
2025-08-19T22:47:23.5173741Z Collecting yapf>=0.30.0 (from pydoc-markdown==4.8.2->-r requirements-dev.txt (line 41))
2025-08-19T22:47:23.5187298Z   Using cached yapf-0.43.0-py3-none-any.whl.metadata (46 kB)
2025-08-19T22:47:23.5374058Z Collecting Deprecated<2.0.0,>=1.2.12 (from docspec==2.2.1->docspec-python==2.2.2->-r requirements-dev.txt (line 40))
2025-08-19T22:47:23.5387456Z   Using cached Deprecated-1.2.18-py2.py3-none-any.whl.metadata (5.7 kB)
2025-08-19T22:47:23.6897255Z Collecting psycopg-binary==3.2.9 (from psycopg[binary]==3.2.9->-r requirements-dev.txt (line 24))
2025-08-19T22:47:23.6911012Z   Using cached psycopg_binary-3.2.9-cp312-cp312-manylinux_2_17_x86_64.manylinux2014_x86_64.whl.metadata (2.9 kB)
2025-08-19T22:47:23.7223084Z Collecting argon2-cffi (from minio==7.*->-r requirements-dev.txt (line 10))
2025-08-19T22:47:23.7238345Z   Using cached argon2_cffi-25.1.0-py3-none-any.whl.metadata (4.1 kB)
2025-08-19T22:47:23.8041674Z Collecting pycryptodome (from minio==7.*->-r requirements-dev.txt (line 10))
2025-08-19T22:47:23.8061115Z   Using cached pycryptodome-3.23.0-cp37-abi3-manylinux_2_17_x86_64.manylinux2014_x86_64.whl.metadata (3.4 kB)
2025-08-19T22:47:23.8252434Z Collecting anyio (from httpx<0.29,>=0.27->-r requirements-dev.txt (line 15))
2025-08-19T22:47:23.8265943Z   Using cached anyio-4.10.0-py3-none-any.whl.metadata (4.0 kB)
2025-08-19T22:47:23.8454828Z Collecting httpcore==1.* (from httpx<0.29,>=0.27->-r requirements-dev.txt (line 15))
2025-08-19T22:47:23.8468448Z   Using cached httpcore-1.0.9-py3-none-any.whl.metadata (21 kB)
2025-08-19T22:47:23.8786891Z Collecting tzdata>=2022.7 (from pandas==2.2.*->-r requirements-dev.txt (line 22))
2025-08-19T22:47:23.8799373Z   Using cached tzdata-2025.2-py2.py3-none-any.whl.metadata (1.4 kB)
2025-08-19T22:47:23.8944875Z Collecting multimethod<=1.10.0 (from pandera==0.19.*->-r requirements-dev.txt (line 42))
2025-08-19T22:47:23.8958147Z   Using cached multimethod-1.10-py3-none-any.whl.metadata (8.2 kB)
2025-08-19T22:47:23.9312295Z Collecting typeguard (from pandera==0.19.*->-r requirements-dev.txt (line 42))
2025-08-19T22:47:23.9326094Z   Using cached typeguard-4.4.4-py3-none-any.whl.metadata (3.3 kB)
2025-08-19T22:47:23.9432958Z Collecting typing-inspect>=0.6.0 (from pandera==0.19.*->-r requirements-dev.txt (line 42))
2025-08-19T22:47:23.9445684Z   Using cached typing_inspect-0.9.0-py3-none-any.whl.metadata (1.5 kB)
2025-08-19T22:47:23.9823027Z Collecting databind<5.0.0,>=4.5.2 (from databind.core<5.0.0,>=4.4.0->pydoc-markdown==4.8.2->-r requirements-dev.txt (line 41))
2025-08-19T22:47:23.9835440Z   Using cached databind-4.5.2-py3-none-any.whl.metadata (4.3 kB)
2025-08-19T22:47:23.9952371Z Collecting nr-date<3.0.0,>=2.0.0 (from databind<5.0.0,>=4.5.2->databind.core<5.0.0,>=4.4.0->pydoc-markdown==4.8.2->-r requirements-dev.txt (line 41))
2025-08-19T22:47:23.9963237Z   Using cached nr_date-2.1.0-py3-none-any.whl.metadata (746 bytes)
2025-08-19T22:47:24.0079649Z Collecting nr-stream<2.0.0,>=1.0.0 (from databind<5.0.0,>=4.5.2->databind.core<5.0.0,>=4.4.0->pydoc-markdown==4.8.2->-r requirements-dev.txt (line 41))
2025-08-19T22:47:24.0091461Z   Using cached nr_stream-1.1.5-py3-none-any.whl.metadata (3.6 kB)
2025-08-19T22:47:24.0250076Z Collecting typeapi<3,>=2.0.1 (from databind<5.0.0,>=4.5.2->databind.core<5.0.0,>=4.4.0->pydoc-markdown==4.8.2->-r requirements-dev.txt (line 41))
2025-08-19T22:47:24.0264087Z   Using cached typeapi-2.2.4-py3-none-any.whl.metadata (1.5 kB)
2025-08-19T22:47:24.0533484Z Collecting h11>=0.16 (from httpcore==1.*->httpx<0.29,>=0.27->-r requirements-dev.txt (line 15))
2025-08-19T22:47:24.0545321Z   Using cached h11-0.16.0-py3-none-any.whl.metadata (8.3 kB)
2025-08-19T22:47:24.0769165Z Collecting amqp<6.0.0,>=5.1.1 (from kombu<5.6,>=5.5.2->celery==5.5.3->-r requirements-dev.txt (line 11))
2025-08-19T22:47:24.0782055Z   Using cached amqp-5.3.1-py3-none-any.whl.metadata (8.9 kB)
2025-08-19T22:47:24.1152126Z Collecting iniconfig>=1 (from pytest<9,>=7.0.0->pytest-asyncio==0.23.6->-r requirements-dev.txt (line 27))
2025-08-19T22:47:24.1164395Z   Using cached iniconfig-2.1.0-py3-none-any.whl.metadata (2.7 kB)
2025-08-19T22:47:24.1376577Z Collecting pygments>=2.7.2 (from pytest<9,>=7.0.0->pytest-asyncio==0.23.6->-r requirements-dev.txt (line 27))
2025-08-19T22:47:24.1393424Z   Using cached pygments-2.19.2-py3-none-any.whl.metadata (2.5 kB)
2025-08-19T22:47:24.1740724Z Collecting sniffio>=1.1 (from anyio->httpx<0.29,>=0.27->-r requirements-dev.txt (line 15))
2025-08-19T22:47:24.1753224Z   Using cached sniffio-1.3.1-py3-none-any.whl.metadata (3.9 kB)
2025-08-19T22:47:24.6968770Z Collecting botocore<1.41.0,>=1.40.13 (from boto3->-r requirements-dev.txt (line 8))
2025-08-19T22:47:24.7009950Z   Downloading botocore-1.40.13-py3-none-any.whl.metadata (5.7 kB)
2025-08-19T22:47:24.7151882Z Collecting jmespath<2.0.0,>=0.7.1 (from boto3->-r requirements-dev.txt (line 8))
2025-08-19T22:47:24.7167505Z   Using cached jmespath-1.0.1-py3-none-any.whl.metadata (7.6 kB)
2025-08-19T22:47:24.7338561Z Collecting s3transfer<0.14.0,>=0.13.0 (from boto3->-r requirements-dev.txt (line 8))
2025-08-19T22:47:24.7353423Z   Using cached s3transfer-0.13.1-py3-none-any.whl.metadata (1.7 kB)
2025-08-19T22:47:25.0072844Z Collecting fastapi-cli>=0.0.8 (from fastapi-cli[standard]>=0.0.8; extra == "all"->fastapi[all]->-r requirements-dev.txt (line 13))
2025-08-19T22:47:25.0085454Z   Using cached fastapi_cli-0.0.8-py3-none-any.whl.metadata (6.3 kB)
2025-08-19T22:47:25.0825473Z Collecting ujson!=4.0.2,!=4.1.0,!=4.2.0,!=4.3.0,!=5.0.0,!=5.1.0,>=4.0.1 (from fastapi[all]->-r requirements-dev.txt (line 13))
2025-08-19T22:47:25.0840736Z   Using cached ujson-5.10.0-cp312-cp312-manylinux_2_17_x86_64.manylinux2014_x86_64.whl.metadata (9.3 kB)
2025-08-19T22:47:25.3195733Z Collecting orjson>=3.2.1 (from fastapi[all]->-r requirements-dev.txt (line 13))
2025-08-19T22:47:25.3209819Z   Using cached orjson-3.11.2-cp312-cp312-manylinux_2_17_x86_64.manylinux2014_x86_64.whl.metadata (1.2 kB)
2025-08-19T22:47:25.3327645Z Collecting email-validator>=2.0.0 (from fastapi[all]->-r requirements-dev.txt (line 13))
2025-08-19T22:47:25.3340624Z   Using cached email_validator-2.2.0-py3-none-any.whl.metadata (25 kB)
2025-08-19T22:47:25.3628797Z Collecting uvicorn>=0.12.0 (from uvicorn[standard]>=0.12.0; extra == "all"->fastapi[all]->-r requirements-dev.txt (line 13))
2025-08-19T22:47:25.3643431Z   Using cached uvicorn-0.35.0-py3-none-any.whl.metadata (6.5 kB)
2025-08-19T22:47:25.3805584Z Collecting pydantic-settings>=2.0.0 (from fastapi[all]->-r requirements-dev.txt (line 13))
2025-08-19T22:47:25.3818378Z   Using cached pydantic_settings-2.10.1-py3-none-any.whl.metadata (3.4 kB)
2025-08-19T22:47:25.3950344Z Collecting pydantic-extra-types>=2.0.0 (from fastapi[all]->-r requirements-dev.txt (line 13))
2025-08-19T22:47:25.3963943Z   Using cached pydantic_extra_types-2.10.5-py3-none-any.whl.metadata (3.9 kB)
2025-08-19T22:47:25.4650046Z Collecting prompt-toolkit>=3.0.36 (from click-repl>=0.2.0->celery==5.5.3->-r requirements-dev.txt (line 11))
2025-08-19T22:47:25.4665092Z   Using cached prompt_toolkit-3.0.51-py3-none-any.whl.metadata (6.4 kB)
2025-08-19T22:47:25.4850351Z Collecting dnspython>=2.0.0 (from email-validator>=2.0.0->fastapi[all]->-r requirements-dev.txt (line 13))
2025-08-19T22:47:25.4863586Z   Using cached dnspython-2.7.0-py3-none-any.whl.metadata (5.8 kB)
2025-08-19T22:47:25.5145782Z Collecting typer>=0.15.1 (from fastapi-cli>=0.0.8->fastapi-cli[standard]>=0.0.8; extra == "all"->fastapi[all]->-r requirements-dev.txt (line 13))
2025-08-19T22:47:25.5158052Z   Using cached typer-0.16.1-py3-none-any.whl.metadata (15 kB)
2025-08-19T22:47:25.5415641Z Collecting rich-toolkit>=0.14.8 (from fastapi-cli>=0.0.8->fastapi-cli[standard]>=0.0.8; extra == "all"->fastapi[all]->-r requirements-dev.txt (line 13))
2025-08-19T22:47:25.5427480Z   Using cached rich_toolkit-0.15.0-py3-none-any.whl.metadata (1.0 kB)
2025-08-19T22:47:25.5543123Z Collecting fastapi-cloud-cli>=0.1.1 (from fastapi-cli[standard]>=0.0.8; extra == "all"->fastapi[all]->-r requirements-dev.txt (line 13))
2025-08-19T22:47:25.5555363Z   Using cached fastapi_cloud_cli-0.1.5-py3-none-any.whl.metadata (3.2 kB)
2025-08-19T22:47:25.6279818Z Collecting rignore>=0.5.1 (from fastapi-cloud-cli>=0.1.1->fastapi-cli[standard]>=0.0.8; extra == "all"->fastapi[all]->-r requirements-dev.txt (line 13))
2025-08-19T22:47:25.6293954Z   Using cached rignore-0.6.4-cp312-cp312-manylinux_2_17_x86_64.manylinux2014_x86_64.whl.metadata (3.8 kB)
2025-08-19T22:47:25.6913615Z Collecting sentry-sdk>=2.20.0 (from fastapi-cloud-cli>=0.1.1->fastapi-cli[standard]>=0.0.8; extra == "all"->fastapi[all]->-r requirements-dev.txt (line 13))
2025-08-19T22:47:25.6928260Z   Using cached sentry_sdk-2.35.0-py2.py3-none-any.whl.metadata (10 kB)
2025-08-19T22:47:25.7865663Z Collecting psutil>=4.0.0 (from mirakuru>=2.6.0->pytest-postgresql==7.0.2->-r requirements-dev.txt (line 29))
2025-08-19T22:47:25.7880097Z   Using cached psutil-7.0.0-cp36-abi3-manylinux_2_12_x86_64.manylinux2010_x86_64.manylinux_2_17_x86_64.manylinux2014_x86_64.whl.metadata (22 kB)
2025-08-19T22:47:25.8201188Z Collecting wcwidth (from prompt-toolkit>=3.0.36->click-repl>=0.2.0->celery==5.5.3->-r requirements-dev.txt (line 11))
2025-08-19T22:47:25.8214182Z   Using cached wcwidth-0.2.13-py2.py3-none-any.whl.metadata (14 kB)
2025-08-19T22:47:25.9049166Z Collecting rich>=13.7.1 (from rich-toolkit>=0.14.8->fastapi-cli>=0.0.8->fastapi-cli[standard]>=0.0.8; extra == "all"->fastapi[all]->-r requirements-dev.txt (line 13))
2025-08-19T22:47:25.9062740Z   Using cached rich-14.1.0-py3-none-any.whl.metadata (18 kB)
2025-08-19T22:47:25.9252439Z Collecting markdown-it-py>=2.2.0 (from rich>=13.7.1->rich-toolkit>=0.14.8->fastapi-cli>=0.0.8->fastapi-cli[standard]>=0.0.8; extra == "all"->fastapi[all]->-r requirements-dev.txt (line 13))
2025-08-19T22:47:25.9265656Z   Using cached markdown_it_py-4.0.0-py3-none-any.whl.metadata (7.3 kB)
2025-08-19T22:47:25.9471806Z Collecting mdurl~=0.1 (from markdown-it-py>=2.2.0->rich>=13.7.1->rich-toolkit>=0.14.8->fastapi-cli>=0.0.8->fastapi-cli[standard]>=0.0.8; extra == "all"->fastapi[all]->-r requirements-dev.txt (line 13))
2025-08-19T22:47:25.9485361Z   Using cached mdurl-0.1.2-py3-none-any.whl.metadata (1.6 kB)
2025-08-19T22:47:26.0052831Z Collecting shellingham>=1.3.0 (from typer>=0.15.1->fastapi-cli>=0.0.8->fastapi-cli[standard]>=0.0.8; extra == "all"->fastapi[all]->-r requirements-dev.txt (line 13))
2025-08-19T22:47:26.0066661Z   Using cached shellingham-1.5.4-py2.py3-none-any.whl.metadata (3.5 kB)
2025-08-19T22:47:26.0928694Z Collecting httptools>=0.6.3 (from uvicorn[standard]>=0.12.0; extra == "all"->fastapi[all]->-r requirements-dev.txt (line 13))
2025-08-19T22:47:26.0942658Z   Using cached httptools-0.6.4-cp312-cp312-manylinux_2_5_x86_64.manylinux1_x86_64.manylinux_2_17_x86_64.manylinux2014_x86_64.whl.metadata (3.6 kB)
2025-08-19T22:47:26.1359970Z Collecting uvloop>=0.15.1 (from uvicorn[standard]>=0.12.0; extra == "all"->fastapi[all]->-r requirements-dev.txt (line 13))
2025-08-19T22:47:26.1374872Z   Using cached uvloop-0.21.0-cp312-cp312-manylinux_2_17_x86_64.manylinux2014_x86_64.whl.metadata (4.9 kB)
2025-08-19T22:47:26.2076555Z Collecting watchfiles>=0.13 (from uvicorn[standard]>=0.12.0; extra == "all"->fastapi[all]->-r requirements-dev.txt (line 13))
2025-08-19T22:47:26.2091048Z   Using cached watchfiles-1.1.0-cp312-cp312-manylinux_2_17_x86_64.manylinux2014_x86_64.whl.metadata (4.9 kB)
2025-08-19T22:47:26.4334167Z Collecting websockets>=10.4 (from uvicorn[standard]>=0.12.0; extra == "all"->fastapi[all]->-r requirements-dev.txt (line 13))
2025-08-19T22:47:26.4349488Z   Using cached websockets-15.0.1-cp312-cp312-manylinux_2_5_x86_64.manylinux1_x86_64.manylinux_2_17_x86_64.manylinux2014_x86_64.whl.metadata (6.8 kB)
2025-08-19T22:47:26.4854322Z Collecting argon2-cffi-bindings (from argon2-cffi->minio==7.*->-r requirements-dev.txt (line 10))
2025-08-19T22:47:26.4867371Z   Using cached argon2_cffi_bindings-25.1.0-cp39-abi3-manylinux_2_26_x86_64.manylinux_2_28_x86_64.whl.metadata (7.4 kB)
2025-08-19T22:47:26.5918475Z Collecting cffi>=1.0.1 (from argon2-cffi-bindings->argon2-cffi->minio==7.*->-r requirements-dev.txt (line 10))
2025-08-19T22:47:26.5932002Z   Using cached cffi-1.17.1-cp312-cp312-manylinux_2_17_x86_64.manylinux2014_x86_64.whl.metadata (1.5 kB)
2025-08-19T22:47:26.6075334Z Collecting pycparser (from cffi>=1.0.1->argon2-cffi-bindings->argon2-cffi->minio==7.*->-r requirements-dev.txt (line 10))
2025-08-19T22:47:26.6086942Z   Using cached pycparser-2.22-py3-none-any.whl.metadata (943 bytes)
2025-08-19T22:47:26.6754561Z Using cached jinja2-3.1.6-py3-none-any.whl (134 kB)
2025-08-19T22:47:26.6766817Z Using cached alembic-1.13.1-py3-none-any.whl (233 kB)
2025-08-19T22:47:26.6779924Z Using cached APScheduler-3.10.4-py3-none-any.whl (59 kB)
2025-08-19T22:47:26.6791975Z Using cached asgi_correlation_id-4.3.1-py3-none-any.whl (15 kB)
2025-08-19T22:47:26.6803545Z Using cached asyncpg-0.30.0-cp312-cp312-manylinux_2_17_x86_64.manylinux2014_x86_64.whl (3.6 MB)
2025-08-19T22:47:26.6841972Z Using cached black-25.1.0-cp312-cp312-manylinux_2_17_x86_64.manylinux2014_x86_64.manylinux_2_28_x86_64.whl (1.8 MB)
2025-08-19T22:47:26.6866215Z Using cached celery-5.5.3-py3-none-any.whl (438 kB)
2025-08-19T22:47:26.6880743Z Using cached fastapi-0.116.1-py3-none-any.whl (95 kB)
2025-08-19T22:47:26.6893210Z Using cached pydantic-2.11.7-py3-none-any.whl (444 kB)
2025-08-19T22:47:26.6907656Z Using cached fastapi_limiter-0.1.6-py3-none-any.whl (15 kB)
2025-08-19T22:47:26.6918975Z Using cached IMAPClient-3.0.1-py2.py3-none-any.whl (182 kB)
2025-08-19T22:47:26.6931529Z Using cached mypy_extensions-1.1.0-py3-none-any.whl (5.0 kB)
2025-08-19T22:47:26.6942912Z Using cached openpyxl-3.1.5-py2.py3-none-any.whl (250 kB)
2025-08-19T22:47:26.6956479Z Using cached psycopg2_binary-2.9.10-cp312-cp312-manylinux_2_17_x86_64.manylinux2014_x86_64.whl (3.0 MB)
2025-08-19T22:47:26.6991992Z Using cached psycopg-3.2.9-py3-none-any.whl (202 kB)
2025-08-19T22:47:26.7004624Z Using cached pytest_asyncio-0.23.6-py3-none-any.whl (17 kB)
2025-08-19T22:47:26.7015965Z Using cached pytest_cov-6.2.1-py3-none-any.whl (24 kB)
2025-08-19T22:47:26.7027228Z Using cached pytest_postgresql-7.0.2-py3-none-any.whl (41 kB)
2025-08-19T22:47:26.7038716Z Using cached python_telegram_bot-22.3-py3-none-any.whl (717 kB)
2025-08-19T22:47:26.7055189Z Using cached requests-2.32.4-py3-none-any.whl (64 kB)
2025-08-19T22:47:26.7066613Z Using cached respx-0.22.0-py2.py3-none-any.whl (25 kB)
2025-08-19T22:47:26.7078377Z Using cached ruff-0.4.4-py3-none-manylinux_2_17_x86_64.manylinux2014_x86_64.whl (8.7 MB)
2025-08-19T22:47:26.7159613Z Using cached sqlalchemy-2.0.43-cp312-cp312-manylinux_2_17_x86_64.manylinux2014_x86_64.whl (3.3 MB)
2025-08-19T22:47:26.7197794Z Using cached structlog-24.1.0-py3-none-any.whl (65 kB)
2025-08-19T22:47:26.7209379Z Using cached testcontainers-4.10.0-py3-none-any.whl (107 kB)
2025-08-19T22:47:26.7221610Z Using cached types_requests-2.32.4.20250809-py3-none-any.whl (20 kB)
2025-08-19T22:47:26.7233085Z Using cached docspec_python-2.2.2-py3-none-any.whl (15 kB)
2025-08-19T22:47:26.7244331Z Using cached pydoc_markdown-4.8.2-py3-none-any.whl (67 kB)
2025-08-19T22:47:26.7255742Z Using cached docspec-2.2.1-py3-none-any.whl (9.8 kB)
2025-08-19T22:47:26.7269134Z Using cached psycopg_binary-3.2.9-cp312-cp312-manylinux_2_17_x86_64.manylinux2014_x86_64.whl (4.4 MB)
2025-08-19T22:47:26.7314293Z Using cached pydantic_core-2.33.2-cp312-cp312-manylinux_2_17_x86_64.manylinux2014_x86_64.whl (2.0 MB)
2025-08-19T22:47:26.7339830Z Using cached redis-6.4.0-py3-none-any.whl (279 kB)
2025-08-19T22:47:26.7353324Z Using cached minio-7.2.16-py3-none-any.whl (95 kB)
2025-08-19T22:47:26.7365392Z Using cached httpx-0.28.1-py3-none-any.whl (73 kB)
2025-08-19T22:47:26.7377341Z Using cached mypy-1.17.1-cp312-cp312-manylinux2014_x86_64.manylinux_2_17_x86_64.manylinux_2_28_x86_64.whl (12.7 MB)
2025-08-19T22:47:26.7483766Z Using cached numpy-1.26.4-cp312-cp312-manylinux_2_17_x86_64.manylinux2014_x86_64.whl (18.0 MB)
2025-08-19T22:47:26.7628391Z Using cached pandas-2.2.3-cp312-cp312-manylinux_2_17_x86_64.manylinux2014_x86_64.whl (12.7 MB)
2025-08-19T22:47:26.7731603Z Using cached pandera-0.19.3-py3-none-any.whl (251 kB)
2025-08-19T22:47:26.7744999Z Using cached billiard-4.2.1-py3-none-any.whl (86 kB)
2025-08-19T22:47:26.7758040Z Using cached charset_normalizer-3.4.3-cp312-cp312-manylinux2014_x86_64.manylinux_2_17_x86_64.manylinux_2_28_x86_64.whl (151 kB)
2025-08-19T22:47:26.7770244Z Using cached click-8.2.1-py3-none-any.whl (102 kB)
2025-08-19T22:47:26.7782115Z Using cached databind.core-4.5.2-py3-none-any.whl (1.5 kB)
2025-08-19T22:47:26.7793092Z Using cached databind-4.5.2-py3-none-any.whl (49 kB)
2025-08-19T22:47:26.7804324Z Using cached databind.json-4.5.2-py3-none-any.whl (1.5 kB)
2025-08-19T22:47:26.7815249Z Using cached Deprecated-1.2.18-py2.py3-none-any.whl (10.0 kB)
2025-08-19T22:47:26.7826254Z Using cached httpcore-1.0.9-py3-none-any.whl (78 kB)
2025-08-19T22:47:26.7837697Z Using cached idna-3.10-py3-none-any.whl (70 kB)
2025-08-19T22:47:26.7849073Z Using cached kombu-5.5.4-py3-none-any.whl (210 kB)
2025-08-19T22:47:26.7861607Z Using cached vine-5.1.0-py3-none-any.whl (9.6 kB)
2025-08-19T22:47:26.7872045Z Using cached amqp-5.3.1-py3-none-any.whl (50 kB)
2025-08-19T22:47:26.7883291Z Using cached multimethod-1.10-py3-none-any.whl (9.9 kB)
2025-08-19T22:47:26.7893880Z Using cached nr_date-2.1.0-py3-none-any.whl (10 kB)
2025-08-19T22:47:26.7904716Z Using cached nr_stream-1.1.5-py3-none-any.whl (10 kB)
2025-08-19T22:47:26.7915508Z Using cached nr.util-0.8.12-py3-none-any.whl (90 kB)
2025-08-19T22:47:26.7927060Z Using cached pytest-8.4.1-py3-none-any.whl (365 kB)
2025-08-19T22:47:26.7941179Z Using cached pluggy-1.6.0-py3-none-any.whl (20 kB)
2025-08-19T22:47:26.7953102Z Using cached PyYAML-6.0.2-cp312-cp312-manylinux_2_17_x86_64.manylinux2014_x86_64.whl (767 kB)
2025-08-19T22:47:26.7969106Z Using cached starlette-0.47.2-py3-none-any.whl (72 kB)
2025-08-19T22:47:26.7980443Z Using cached anyio-4.10.0-py3-none-any.whl (107 kB)
2025-08-19T22:47:26.7993831Z Using cached tomli-2.2.1-cp312-cp312-manylinux_2_17_x86_64.manylinux2014_x86_64.whl (242 kB)
2025-08-19T22:47:26.8006745Z Using cached tomli_w-1.2.0-py3-none-any.whl (6.7 kB)
2025-08-19T22:47:26.8017805Z Using cached typeapi-2.2.4-py3-none-any.whl (26 kB)
2025-08-19T22:47:26.8029618Z Using cached typing_extensions-4.14.1-py3-none-any.whl (43 kB)
2025-08-19T22:47:26.8041212Z Using cached urllib3-2.5.0-py3-none-any.whl (129 kB)
2025-08-19T22:47:26.8053948Z Using cached wrapt-1.17.3-cp312-cp312-manylinux1_x86_64.manylinux_2_28_x86_64.manylinux_2_5_x86_64.whl (88 kB)
2025-08-19T22:47:26.8085546Z Downloading boto3-1.40.13-py3-none-any.whl (140 kB)
2025-08-19T22:47:26.8270096Z Downloading botocore-1.40.13-py3-none-any.whl (14.0 MB)
2025-08-19T22:47:26.8948221Z    ━━━━━━━━━━━━━━━━━━━━━━━━━━━━━━━━━━━━━━━━ 14.0/14.0 MB 217.2 MB/s  0:00:00
2025-08-19T22:47:26.8963639Z Using cached jmespath-1.0.1-py3-none-any.whl (20 kB)
2025-08-19T22:47:26.8976598Z Using cached python_dateutil-2.9.0.post0-py2.py3-none-any.whl (229 kB)
2025-08-19T22:47:26.8990194Z Using cached s3transfer-0.13.1-py3-none-any.whl (85 kB)
2025-08-19T22:47:26.9002284Z Using cached itsdangerous-2.2.0-py3-none-any.whl (16 kB)
2025-08-19T22:47:26.9013587Z Using cached setuptools-80.9.0-py3-none-any.whl (1.2 MB)
2025-08-19T22:47:26.9033735Z Using cached python_dotenv-1.1.1-py3-none-any.whl (20 kB)
2025-08-19T22:47:26.9045202Z Using cached python_multipart-0.0.20-py3-none-any.whl (24 kB)
2025-08-19T22:47:26.9056293Z Using cached annotated_types-0.7.0-py3-none-any.whl (13 kB)
2025-08-19T22:47:26.9067315Z Using cached certifi-2025.8.3-py3-none-any.whl (161 kB)
2025-08-19T22:47:26.9079220Z Using cached click_didyoumean-0.3.1-py3-none-any.whl (3.6 kB)
2025-08-19T22:47:26.9090188Z Using cached click_plugins-1.1.1.2-py2.py3-none-any.whl (11 kB)
2025-08-19T22:47:26.9101663Z Using cached click_repl-0.3.0-py3-none-any.whl (10 kB)
2025-08-19T22:47:26.9113204Z Using cached coverage-7.10.4-cp312-cp312-manylinux1_x86_64.manylinux_2_28_x86_64.manylinux_2_5_x86_64.whl (251 kB)
2025-08-19T22:47:26.9125546Z Using cached email_validator-2.2.0-py3-none-any.whl (33 kB)
2025-08-19T22:47:26.9136522Z Using cached dnspython-2.7.0-py3-none-any.whl (313 kB)
2025-08-19T22:47:26.9149606Z Using cached fastapi_cli-0.0.8-py3-none-any.whl (10 kB)
2025-08-19T22:47:26.9160476Z Using cached fastapi_cloud_cli-0.1.5-py3-none-any.whl (18 kB)
2025-08-19T22:47:26.9171894Z Using cached greenlet-3.2.4-cp312-cp312-manylinux_2_24_x86_64.manylinux_2_28_x86_64.whl (607 kB)
2025-08-19T22:47:26.9187623Z Using cached h11-0.16.0-py3-none-any.whl (37 kB)
2025-08-19T22:47:26.9198694Z Using cached iniconfig-2.1.0-py3-none-any.whl (6.0 kB)
2025-08-19T22:47:26.9209883Z Using cached MarkupSafe-3.0.2-cp312-cp312-manylinux_2_17_x86_64.manylinux2014_x86_64.whl (23 kB)
2025-08-19T22:47:26.9220456Z Using cached mirakuru-2.6.1-py3-none-any.whl (26 kB)
2025-08-19T22:47:26.9231878Z Using cached orjson-3.11.2-cp312-cp312-manylinux_2_17_x86_64.manylinux2014_x86_64.whl (121 kB)
2025-08-19T22:47:26.9243467Z Using cached packaging-25.0-py3-none-any.whl (66 kB)
2025-08-19T22:47:26.9254791Z Using cached pathspec-0.12.1-py3-none-any.whl (31 kB)
2025-08-19T22:47:26.9266075Z Using cached platformdirs-4.3.8-py3-none-any.whl (18 kB)
2025-08-19T22:47:26.9276761Z Using cached port_for-0.7.4-py3-none-any.whl (21 kB)
2025-08-19T22:47:26.9287939Z Using cached prompt_toolkit-3.0.51-py3-none-any.whl (387 kB)
2025-08-19T22:47:26.9302476Z Using cached psutil-7.0.0-cp36-abi3-manylinux_2_12_x86_64.manylinux2010_x86_64.manylinux_2_17_x86_64.manylinux2014_x86_64.whl (277 kB)
2025-08-19T22:47:26.9315004Z Using cached pydantic_extra_types-2.10.5-py3-none-any.whl (38 kB)
2025-08-19T22:47:26.9326142Z Using cached pydantic_settings-2.10.1-py3-none-any.whl (45 kB)
2025-08-19T22:47:26.9337415Z Using cached pygments-2.19.2-py3-none-any.whl (1.2 MB)
2025-08-19T22:47:26.9358134Z Using cached pytz-2025.2-py2.py3-none-any.whl (509 kB)
2025-08-19T22:47:26.9372662Z Using cached rich_toolkit-0.15.0-py3-none-any.whl (29 kB)
2025-08-19T22:47:26.9383776Z Using cached rich-14.1.0-py3-none-any.whl (243 kB)
2025-08-19T22:47:26.9396211Z Using cached markdown_it_py-4.0.0-py3-none-any.whl (87 kB)
2025-08-19T22:47:26.9407416Z Using cached mdurl-0.1.2-py3-none-any.whl (10.0 kB)
2025-08-19T22:47:26.9418547Z Using cached rignore-0.6.4-cp312-cp312-manylinux_2_17_x86_64.manylinux2014_x86_64.whl (949 kB)
2025-08-19T22:47:26.9436093Z Using cached sentry_sdk-2.35.0-py2.py3-none-any.whl (363 kB)
2025-08-19T22:47:26.9450081Z Using cached six-1.17.0-py2.py3-none-any.whl (11 kB)
2025-08-19T22:47:26.9461490Z Using cached sniffio-1.3.1-py3-none-any.whl (10 kB)
2025-08-19T22:47:26.9473774Z Using cached typer-0.16.1-py3-none-any.whl (46 kB)
2025-08-19T22:47:26.9484977Z Using cached shellingham-1.5.4-py2.py3-none-any.whl (9.8 kB)
2025-08-19T22:47:26.9495891Z Using cached typing_inspect-0.9.0-py3-none-any.whl (8.8 kB)
2025-08-19T22:47:26.9506752Z Using cached typing_inspection-0.4.1-py3-none-any.whl (14 kB)
2025-08-19T22:47:26.9517705Z Using cached tzdata-2025.2-py2.py3-none-any.whl (347 kB)
2025-08-19T22:47:26.9530935Z Using cached tzlocal-5.3.1-py3-none-any.whl (18 kB)
2025-08-19T22:47:26.9542477Z Using cached ujson-5.10.0-cp312-cp312-manylinux_2_17_x86_64.manylinux2014_x86_64.whl (53 kB)
2025-08-19T22:47:26.9553211Z Using cached uvicorn-0.35.0-py3-none-any.whl (66 kB)
2025-08-19T22:47:26.9567035Z Using cached httptools-0.6.4-cp312-cp312-manylinux_2_5_x86_64.manylinux1_x86_64.manylinux_2_17_x86_64.manylinux2014_x86_64.whl (510 kB)
2025-08-19T22:47:26.9581720Z Using cached uvloop-0.21.0-cp312-cp312-manylinux_2_17_x86_64.manylinux2014_x86_64.whl (4.7 MB)
2025-08-19T22:47:26.9629429Z Using cached watchfiles-1.1.0-cp312-cp312-manylinux_2_17_x86_64.manylinux2014_x86_64.whl (452 kB)
2025-08-19T22:47:26.9644503Z Using cached websockets-15.0.1-cp312-cp312-manylinux_2_5_x86_64.manylinux1_x86_64.manylinux_2_17_x86_64.manylinux2014_x86_64.whl (182 kB)
2025-08-19T22:47:26.9655933Z Using cached yapf-0.43.0-py3-none-any.whl (256 kB)
2025-08-19T22:47:26.9668452Z Using cached argon2_cffi-25.1.0-py3-none-any.whl (14 kB)
2025-08-19T22:47:26.9679788Z Using cached argon2_cffi_bindings-25.1.0-cp39-abi3-manylinux_2_26_x86_64.manylinux_2_28_x86_64.whl (87 kB)
2025-08-19T22:47:26.9691148Z Using cached cffi-1.17.1-cp312-cp312-manylinux_2_17_x86_64.manylinux2014_x86_64.whl (479 kB)
2025-08-19T22:47:26.9705603Z Using cached docker-7.1.0-py3-none-any.whl (147 kB)
2025-08-19T22:47:26.9717284Z Using cached et_xmlfile-2.0.0-py3-none-any.whl (18 kB)
2025-08-19T22:47:26.9728216Z Using cached mako-1.3.10-py3-none-any.whl (78 kB)
2025-08-19T22:47:26.9739416Z Using cached pycparser-2.22-py3-none-any.whl (117 kB)
2025-08-19T22:47:26.9751613Z Using cached pycryptodome-3.23.0-cp37-abi3-manylinux_2_17_x86_64.manylinux2014_x86_64.whl (2.3 MB)
2025-08-19T22:47:26.9779696Z Using cached typeguard-4.4.4-py3-none-any.whl (34 kB)
2025-08-19T22:47:26.9790847Z Using cached watchdog-6.0.0-py3-none-manylinux2014_x86_64.whl (79 kB)
2025-08-19T22:47:26.9802459Z Using cached wcwidth-0.2.13-py2.py3-none-any.whl (34 kB)
2025-08-19T22:47:27.4705058Z Installing collected packages: wcwidth, pytz, wrapt, websockets, watchdog, vine, uvloop, urllib3, ujson, tzlocal, tzdata, typing-extensions, tomli_w, tomli, structlog, sniffio, six, shellingham, setuptools, ruff, rignore, redis, PyYAML, python-multipart, python-dotenv, pygments, pycryptodome, pycparser, psycopg2-binary, psycopg-binary, psutil, prompt-toolkit, port-for, pluggy, platformdirs, pathspec, packaging, orjson, numpy, nr-stream, nr-date, mypy-extensions, multimethod, mdurl, MarkupSafe, jmespath, itsdangerous, iniconfig, imapclient, idna, httptools, h11, greenlet, et-xmlfile, docstring-parser, dnspython, coverage, click, charset_normalizer, certifi, billiard, asyncpg, annotated-types, yapf, uvicorn, typing-inspection, typing-inspect, types-requests, typeguard, typeapi, sqlalchemy, sentry-sdk, requests, python-dateutil, pytest, pydantic-core, psycopg, openpyxl, mypy, mirakuru, markdown-it-py, Mako, Jinja2, httpcore, email-validator, Deprecated, click-repl, click-plugins, click-didyoumean, cffi, black, apscheduler, anyio, amqp, watchfiles, starlette, rich, pytest-postgresql, pytest-cov, pytest-asyncio, pydantic, pandas, nr-util, kombu, httpx, docker, databind, botocore, argon2-cffi-bindings, alembic, typer, testcontainers, s3transfer, rich-toolkit, respx, python-telegram-bot, pydantic-settings, pydantic-extra-types, pandera, fastapi, databind.json, databind.core, celery, asgi-correlation-id, argon2-cffi, minio, fastapi-limiter, fastapi-cloud-cli, fastapi-cli, docspec, boto3, docspec-python, pydoc-markdown
2025-08-19T22:47:48.4840915Z 
2025-08-19T22:47:48.4970411Z Successfully installed Deprecated-1.2.18 Jinja2-3.1.6 Mako-1.3.10 MarkupSafe-3.0.2 PyYAML-6.0.2 alembic-1.13.1 amqp-5.3.1 annotated-types-0.7.0 anyio-4.10.0 apscheduler-3.10.4 argon2-cffi-25.1.0 argon2-cffi-bindings-25.1.0 asgi-correlation-id-4.3.1 asyncpg-0.30.0 billiard-4.2.1 black-25.1.0 boto3-1.40.13 botocore-1.40.13 celery-5.5.3 certifi-2025.8.3 cffi-1.17.1 charset_normalizer-3.4.3 click-8.2.1 click-didyoumean-0.3.1 click-plugins-1.1.1.2 click-repl-0.3.0 coverage-7.10.4 databind-4.5.2 databind.core-4.5.2 databind.json-4.5.2 dnspython-2.7.0 docker-7.1.0 docspec-2.2.1 docspec-python-2.2.2 docstring-parser-0.11 email-validator-2.2.0 et-xmlfile-2.0.0 fastapi-0.116.1 fastapi-cli-0.0.8 fastapi-cloud-cli-0.1.5 fastapi-limiter-0.1.6 greenlet-3.2.4 h11-0.16.0 httpcore-1.0.9 httptools-0.6.4 httpx-0.28.1 idna-3.10 imapclient-3.0.1 iniconfig-2.1.0 itsdangerous-2.2.0 jmespath-1.0.1 kombu-5.5.4 markdown-it-py-4.0.0 mdurl-0.1.2 minio-7.2.16 mirakuru-2.6.1 multimethod-1.10 mypy-1.17.1 mypy-extensions-1.1.0 nr-date-2.1.0 nr-stream-1.1.5 nr-util-0.8.12 numpy-1.26.4 openpyxl-3.1.5 orjson-3.11.2 packaging-25.0 pandas-2.2.3 pandera-0.19.3 pathspec-0.12.1 platformdirs-4.3.8 pluggy-1.6.0 port-for-0.7.4 prompt-toolkit-3.0.51 psutil-7.0.0 psycopg-3.2.9 psycopg-binary-3.2.9 psycopg2-binary-2.9.10 pycparser-2.22 pycryptodome-3.23.0 pydantic-2.11.7 pydantic-core-2.33.2 pydantic-extra-types-2.10.5 pydantic-settings-2.10.1 pydoc-markdown-4.8.2 pygments-2.19.2 pytest-8.4.1 pytest-asyncio-0.23.6 pytest-cov-6.2.1 pytest-postgresql-7.0.2 python-dateutil-2.9.0.post0 python-dotenv-1.1.1 python-multipart-0.0.20 python-telegram-bot-22.3 pytz-2025.2 redis-6.4.0 requests-2.32.4 respx-0.22.0 rich-14.1.0 rich-toolkit-0.15.0 rignore-0.6.4 ruff-0.4.4 s3transfer-0.13.1 sentry-sdk-2.35.0 setuptools-80.9.0 shellingham-1.5.4 six-1.17.0 sniffio-1.3.1 sqlalchemy-2.0.43 starlette-0.47.2 structlog-24.1.0 testcontainers-4.10.0 tomli-2.2.1 tomli_w-1.2.0 typeapi-2.2.4 typeguard-4.4.4 typer-0.16.1 types-requests-2.32.4.20250809 typing-extensions-4.14.1 typing-inspect-0.9.0 typing-inspection-0.4.1 tzdata-2025.2 tzlocal-5.3.1 ujson-5.10.0 urllib3-2.5.0 uvicorn-0.35.0 uvloop-0.21.0 vine-5.1.0 watchdog-6.0.0 watchfiles-1.1.0 wcwidth-0.2.13 websockets-15.0.1 wrapt-1.17.3 yapf-0.43.0
2025-08-19T22:47:50.1104650Z Collecting keepa==1.3.15
2025-08-19T22:47:50.1118703Z   Using cached keepa-1.3.15-py3-none-any.whl.metadata (11 kB)
2025-08-19T22:47:50.1406839Z Collecting minio==7.1.15
2025-08-19T22:47:50.1421030Z   Using cached minio-7.1.15-py3-none-any.whl.metadata (4.2 kB)
2025-08-19T22:47:50.1454642Z Requirement already satisfied: numpy>=1.9.3 in /opt/hostedtoolcache/Python/3.12.11/x64/lib/python3.12/site-packages (from keepa==1.3.15) (1.26.4)
2025-08-19T22:47:50.1460336Z Requirement already satisfied: requests>=2.2 in /opt/hostedtoolcache/Python/3.12.11/x64/lib/python3.12/site-packages (from keepa==1.3.15) (2.32.4)
2025-08-19T22:47:50.1810648Z Collecting tqdm (from keepa==1.3.15)
2025-08-19T22:47:50.1824193Z   Using cached tqdm-4.67.1-py3-none-any.whl.metadata (57 kB)
2025-08-19T22:47:50.6792241Z Collecting aiohttp (from keepa==1.3.15)
2025-08-19T22:47:50.6806931Z   Using cached aiohttp-3.12.15-cp312-cp312-manylinux_2_17_x86_64.manylinux2014_x86_64.whl.metadata (7.7 kB)
2025-08-19T22:47:50.6842820Z Requirement already satisfied: pandas<=3.0 in /opt/hostedtoolcache/Python/3.12.11/x64/lib/python3.12/site-packages (from keepa==1.3.15) (2.2.3)
2025-08-19T22:47:50.6846754Z Requirement already satisfied: pydantic in /opt/hostedtoolcache/Python/3.12.11/x64/lib/python3.12/site-packages (from keepa==1.3.15) (2.11.7)
2025-08-19T22:47:50.6855431Z Requirement already satisfied: certifi in /opt/hostedtoolcache/Python/3.12.11/x64/lib/python3.12/site-packages (from minio==7.1.15) (2025.8.3)
2025-08-19T22:47:50.6859414Z Requirement already satisfied: urllib3 in /opt/hostedtoolcache/Python/3.12.11/x64/lib/python3.12/site-packages (from minio==7.1.15) (2.5.0)
2025-08-19T22:47:50.6921684Z Requirement already satisfied: python-dateutil>=2.8.2 in /opt/hostedtoolcache/Python/3.12.11/x64/lib/python3.12/site-packages (from pandas<=3.0->keepa==1.3.15) (2.9.0.post0)
2025-08-19T22:47:50.6926775Z Requirement already satisfied: pytz>=2020.1 in /opt/hostedtoolcache/Python/3.12.11/x64/lib/python3.12/site-packages (from pandas<=3.0->keepa==1.3.15) (2025.2)
2025-08-19T22:47:50.6932553Z Requirement already satisfied: tzdata>=2022.7 in /opt/hostedtoolcache/Python/3.12.11/x64/lib/python3.12/site-packages (from pandas<=3.0->keepa==1.3.15) (2025.2)
2025-08-19T22:47:50.7060982Z Requirement already satisfied: six>=1.5 in /opt/hostedtoolcache/Python/3.12.11/x64/lib/python3.12/site-packages (from python-dateutil>=2.8.2->pandas<=3.0->keepa==1.3.15) (1.17.0)
2025-08-19T22:47:50.7080881Z Requirement already satisfied: charset_normalizer<4,>=2 in /opt/hostedtoolcache/Python/3.12.11/x64/lib/python3.12/site-packages (from requests>=2.2->keepa==1.3.15) (3.4.3)
2025-08-19T22:47:50.7088068Z Requirement already satisfied: idna<4,>=2.5 in /opt/hostedtoolcache/Python/3.12.11/x64/lib/python3.12/site-packages (from requests>=2.2->keepa==1.3.15) (3.10)
2025-08-19T22:47:50.7288686Z Collecting aiohappyeyeballs>=2.5.0 (from aiohttp->keepa==1.3.15)
2025-08-19T22:47:50.7304002Z   Using cached aiohappyeyeballs-2.6.1-py3-none-any.whl.metadata (5.9 kB)
2025-08-19T22:47:50.7392903Z Collecting aiosignal>=1.4.0 (from aiohttp->keepa==1.3.15)
2025-08-19T22:47:50.7406549Z   Using cached aiosignal-1.4.0-py3-none-any.whl.metadata (3.7 kB)
2025-08-19T22:47:50.7563655Z Collecting attrs>=17.3.0 (from aiohttp->keepa==1.3.15)
2025-08-19T22:47:50.7578690Z   Using cached attrs-25.3.0-py3-none-any.whl.metadata (10 kB)
2025-08-19T22:47:50.8268917Z Collecting frozenlist>=1.1.1 (from aiohttp->keepa==1.3.15)
2025-08-19T22:47:50.8284077Z   Using cached frozenlist-1.7.0-cp312-cp312-manylinux_2_5_x86_64.manylinux1_x86_64.manylinux_2_17_x86_64.manylinux2014_x86_64.whl.metadata (18 kB)
2025-08-19T22:47:51.0869022Z Collecting multidict<7.0,>=4.5 (from aiohttp->keepa==1.3.15)
2025-08-19T22:47:51.0883516Z   Using cached multidict-6.6.4-cp312-cp312-manylinux2014_x86_64.manylinux_2_17_x86_64.manylinux_2_28_x86_64.whl.metadata (5.3 kB)
2025-08-19T22:47:51.1306494Z Collecting propcache>=0.2.0 (from aiohttp->keepa==1.3.15)
2025-08-19T22:47:51.1321037Z   Using cached propcache-0.3.2-cp312-cp312-manylinux_2_17_x86_64.manylinux2014_x86_64.whl.metadata (12 kB)
2025-08-19T22:47:51.3716807Z Collecting yarl<2.0,>=1.17.0 (from aiohttp->keepa==1.3.15)
2025-08-19T22:47:51.3731797Z   Using cached yarl-1.20.1-cp312-cp312-manylinux_2_17_x86_64.manylinux2014_x86_64.whl.metadata (73 kB)
2025-08-19T22:47:51.3953349Z Requirement already satisfied: typing-extensions>=4.2 in /opt/hostedtoolcache/Python/3.12.11/x64/lib/python3.12/site-packages (from aiosignal>=1.4.0->aiohttp->keepa==1.3.15) (4.14.1)
2025-08-19T22:47:51.4003373Z Requirement already satisfied: annotated-types>=0.6.0 in /opt/hostedtoolcache/Python/3.12.11/x64/lib/python3.12/site-packages (from pydantic->keepa==1.3.15) (0.7.0)
2025-08-19T22:47:51.4009733Z Requirement already satisfied: pydantic-core==2.33.2 in /opt/hostedtoolcache/Python/3.12.11/x64/lib/python3.12/site-packages (from pydantic->keepa==1.3.15) (2.33.2)
2025-08-19T22:47:51.4017690Z Requirement already satisfied: typing-inspection>=0.4.0 in /opt/hostedtoolcache/Python/3.12.11/x64/lib/python3.12/site-packages (from pydantic->keepa==1.3.15) (0.4.1)
2025-08-19T22:47:51.4082339Z Using cached keepa-1.3.15-py3-none-any.whl (38 kB)
2025-08-19T22:47:51.4094060Z Using cached minio-7.1.15-py3-none-any.whl (77 kB)
2025-08-19T22:47:51.4106591Z Using cached aiohttp-3.12.15-cp312-cp312-manylinux_2_17_x86_64.manylinux2014_x86_64.whl (1.7 MB)
2025-08-19T22:47:51.4131559Z Using cached multidict-6.6.4-cp312-cp312-manylinux2014_x86_64.manylinux_2_17_x86_64.manylinux_2_28_x86_64.whl (256 kB)
2025-08-19T22:47:51.4144575Z Using cached yarl-1.20.1-cp312-cp312-manylinux_2_17_x86_64.manylinux2014_x86_64.whl (355 kB)
2025-08-19T22:47:51.4158152Z Using cached aiohappyeyeballs-2.6.1-py3-none-any.whl (15 kB)
2025-08-19T22:47:51.4169459Z Using cached aiosignal-1.4.0-py3-none-any.whl (7.5 kB)
2025-08-19T22:47:51.4180685Z Using cached attrs-25.3.0-py3-none-any.whl (63 kB)
2025-08-19T22:47:51.4193268Z Using cached frozenlist-1.7.0-cp312-cp312-manylinux_2_5_x86_64.manylinux1_x86_64.manylinux_2_17_x86_64.manylinux2014_x86_64.whl (241 kB)
2025-08-19T22:47:51.4206334Z Using cached propcache-0.3.2-cp312-cp312-manylinux_2_17_x86_64.manylinux2014_x86_64.whl (224 kB)
2025-08-19T22:47:51.4218884Z Using cached tqdm-4.67.1-py3-none-any.whl (78 kB)
2025-08-19T22:47:51.6104555Z Installing collected packages: tqdm, propcache, multidict, minio, frozenlist, attrs, aiohappyeyeballs, yarl, aiosignal, aiohttp, keepa
2025-08-19T22:47:51.6931452Z   Attempting uninstall: minio
2025-08-19T22:47:51.6980836Z     Found existing installation: minio 7.2.16
2025-08-19T22:47:51.7019030Z     Uninstalling minio-7.2.16:
2025-08-19T22:47:51.7029799Z       Successfully uninstalled minio-7.2.16
2025-08-19T22:47:52.1092194Z 
2025-08-19T22:47:52.1214547Z Successfully installed aiohappyeyeballs-2.6.1 aiohttp-3.12.15 aiosignal-1.4.0 attrs-25.3.0 frozenlist-1.7.0 keepa-1.3.15 minio-7.1.15 multidict-6.6.4 propcache-0.3.2 tqdm-4.67.1 yarl-1.20.1
2025-08-19T22:47:52.4624741Z ##[group]Run ruff check .
2025-08-19T22:47:52.4625194Z [36;1mruff check .[0m
2025-08-19T22:47:52.4625528Z [36;1mruff format --check .[0m
2025-08-19T22:47:52.4688029Z shell: /usr/bin/bash -e {0}
2025-08-19T22:47:52.4688341Z env:
2025-08-19T22:47:52.4688658Z   REDIS_URL: redis://localhost:6379/0
2025-08-19T22:47:52.4688942Z   RATE_LIMIT_DEFAULT: 100/minute
2025-08-19T22:47:52.4689315Z   TRUST_X_FORWARDED: 1
2025-08-19T22:47:52.4689640Z   PG_USER: postgres
2025-08-19T22:47:52.4689983Z   PG_PASSWORD: pass
2025-08-19T22:47:52.4690294Z   PG_DATABASE: awa
2025-08-19T22:47:52.4690542Z   PG_HOST: localhost
2025-08-19T22:47:52.4690861Z   PG_PORT: 5432
2025-08-19T22:47:52.4692378Z   PG_SYNC_DSN: ***localhost:5432/awa
2025-08-19T22:47:52.4693081Z   PG_ASYNC_DSN: ***localhost:5432/awa
2025-08-19T22:47:52.4693500Z   DATABASE_URL: ***localhost:5432/awa
2025-08-19T22:47:52.4693742Z   DATA_DIR: /tmp/awa-data
2025-08-19T22:47:52.4693956Z   ENABLE_LIVE: 0
2025-08-19T22:47:52.4694195Z   TESTING: 1
2025-08-19T22:47:52.4694443Z   pythonLocation: /opt/hostedtoolcache/Python/3.12.11/x64
2025-08-19T22:47:52.4694859Z   PKG_CONFIG_PATH: /opt/hostedtoolcache/Python/3.12.11/x64/lib/pkgconfig
2025-08-19T22:47:52.4695255Z   Python_ROOT_DIR: /opt/hostedtoolcache/Python/3.12.11/x64
2025-08-19T22:47:52.4695619Z   Python2_ROOT_DIR: /opt/hostedtoolcache/Python/3.12.11/x64
2025-08-19T22:47:52.4695969Z   Python3_ROOT_DIR: /opt/hostedtoolcache/Python/3.12.11/x64
2025-08-19T22:47:52.4696328Z   LD_LIBRARY_PATH: /opt/hostedtoolcache/Python/3.12.11/x64/lib
2025-08-19T22:47:52.4696631Z ##[endgroup]
2025-08-19T22:47:52.4988442Z All checks passed!
2025-08-19T22:47:52.5222613Z 253 files already formatted
2025-08-19T22:47:52.5260508Z ##[group]Run for i in {1..30}; do pg_isready -h "$PG_HOST" -p "$PG_PORT" -U "$PG_USER" -d "$PG_DATABASE" && break; sleep 1; done
2025-08-19T22:47:52.5261179Z [36;1mfor i in {1..30}; do pg_isready -h "$PG_HOST" -p "$PG_PORT" -U "$PG_USER" -d "$PG_DATABASE" && break; sleep 1; done[0m
2025-08-19T22:47:52.5302908Z shell: /usr/bin/bash -e {0}
2025-08-19T22:47:52.5303138Z env:
2025-08-19T22:47:52.5303348Z   REDIS_URL: redis://localhost:6379/0
2025-08-19T22:47:52.5303618Z   RATE_LIMIT_DEFAULT: 100/minute
2025-08-19T22:47:52.5303841Z   TRUST_X_FORWARDED: 1
2025-08-19T22:47:52.5304047Z   PG_USER: postgres
2025-08-19T22:47:52.5304241Z   PG_PASSWORD: pass
2025-08-19T22:47:52.5304427Z   PG_DATABASE: awa
2025-08-19T22:47:52.5304624Z   PG_HOST: localhost
2025-08-19T22:47:52.5304817Z   PG_PORT: 5432
2025-08-19T22:47:52.5305317Z   PG_SYNC_DSN: ***localhost:5432/awa
2025-08-19T22:47:52.5305799Z   PG_ASYNC_DSN: ***localhost:5432/awa
2025-08-19T22:47:52.5306243Z   DATABASE_URL: ***localhost:5432/awa
2025-08-19T22:47:52.5306489Z   DATA_DIR: /tmp/awa-data
2025-08-19T22:47:52.5306690Z   ENABLE_LIVE: 0
2025-08-19T22:47:52.5306870Z   TESTING: 1
2025-08-19T22:47:52.5307109Z   pythonLocation: /opt/hostedtoolcache/Python/3.12.11/x64
2025-08-19T22:47:52.5307506Z   PKG_CONFIG_PATH: /opt/hostedtoolcache/Python/3.12.11/x64/lib/pkgconfig
2025-08-19T22:47:52.5307899Z   Python_ROOT_DIR: /opt/hostedtoolcache/Python/3.12.11/x64
2025-08-19T22:47:52.5308247Z   Python2_ROOT_DIR: /opt/hostedtoolcache/Python/3.12.11/x64
2025-08-19T22:47:52.5308598Z   Python3_ROOT_DIR: /opt/hostedtoolcache/Python/3.12.11/x64
2025-08-19T22:47:52.5308945Z   LD_LIBRARY_PATH: /opt/hostedtoolcache/Python/3.12.11/x64/lib
2025-08-19T22:47:52.5309239Z ##[endgroup]
2025-08-19T22:47:52.6073289Z localhost:5432 - accepting connections
2025-08-19T22:47:52.6112015Z ##[group]Run psql -h "$PG_HOST" -p "$PG_PORT" -U "$PG_USER" -d "$PG_DATABASE" -c "SELECT 1"
2025-08-19T22:47:52.6112603Z [36;1mpsql -h "$PG_HOST" -p "$PG_PORT" -U "$PG_USER" -d "$PG_DATABASE" -c "SELECT 1"[0m
2025-08-19T22:47:52.6152901Z shell: /usr/bin/bash -e {0}
2025-08-19T22:47:52.6153133Z env:
2025-08-19T22:47:52.6153341Z   REDIS_URL: redis://localhost:6379/0
2025-08-19T22:47:52.6153616Z   RATE_LIMIT_DEFAULT: 100/minute
2025-08-19T22:47:52.6153843Z   TRUST_X_FORWARDED: 1
2025-08-19T22:47:52.6154038Z   PG_USER: postgres
2025-08-19T22:47:52.6154232Z   PG_PASSWORD: pass
2025-08-19T22:47:52.6154426Z   PG_DATABASE: awa
2025-08-19T22:47:52.6154610Z   PG_HOST: localhost
2025-08-19T22:47:52.6154798Z   PG_PORT: 5432
2025-08-19T22:47:52.6155307Z   PG_SYNC_DSN: ***localhost:5432/awa
2025-08-19T22:47:52.6155716Z   PG_ASYNC_DSN: ***localhost:5432/awa
2025-08-19T22:47:52.6156106Z   DATABASE_URL: ***localhost:5432/awa
2025-08-19T22:47:52.6156343Z   DATA_DIR: /tmp/awa-data
2025-08-19T22:47:52.6156582Z   ENABLE_LIVE: 0
2025-08-19T22:47:52.6156758Z   TESTING: 1
2025-08-19T22:47:52.6156996Z   pythonLocation: /opt/hostedtoolcache/Python/3.12.11/x64
2025-08-19T22:47:52.6157396Z   PKG_CONFIG_PATH: /opt/hostedtoolcache/Python/3.12.11/x64/lib/pkgconfig
2025-08-19T22:47:52.6157779Z   Python_ROOT_DIR: /opt/hostedtoolcache/Python/3.12.11/x64
2025-08-19T22:47:52.6158122Z   Python2_ROOT_DIR: /opt/hostedtoolcache/Python/3.12.11/x64
2025-08-19T22:47:52.6158467Z   Python3_ROOT_DIR: /opt/hostedtoolcache/Python/3.12.11/x64
2025-08-19T22:47:52.6158814Z   LD_LIBRARY_PATH: /opt/hostedtoolcache/Python/3.12.11/x64/lib
2025-08-19T22:47:52.6159102Z   PGPASSWORD: pass
2025-08-19T22:47:52.6159292Z ##[endgroup]
2025-08-19T22:47:52.6913191Z  ?column? 
2025-08-19T22:47:52.6914519Z ----------
2025-08-19T22:47:52.6914862Z         1
2025-08-19T22:47:52.6915128Z (1 row)
2025-08-19T22:47:52.6915285Z 
2025-08-19T22:47:52.6964001Z ##[group]Run alembic -c services/api/alembic.ini upgrade head
2025-08-19T22:47:52.6964429Z [36;1malembic -c services/api/alembic.ini upgrade head[0m
2025-08-19T22:47:52.7004403Z shell: /usr/bin/bash -e {0}
2025-08-19T22:47:52.7004631Z env:
2025-08-19T22:47:52.7005004Z   REDIS_URL: redis://localhost:6379/0
2025-08-19T22:47:52.7005268Z   RATE_LIMIT_DEFAULT: 100/minute
2025-08-19T22:47:52.7005495Z   TRUST_X_FORWARDED: 1
2025-08-19T22:47:52.7005687Z   PG_USER: postgres
2025-08-19T22:47:52.7005878Z   PG_PASSWORD: pass
2025-08-19T22:47:52.7006057Z   PG_DATABASE: awa
2025-08-19T22:47:52.7006236Z   PG_HOST: localhost
2025-08-19T22:47:52.7006420Z   PG_PORT: 5432
2025-08-19T22:47:52.7006841Z   PG_SYNC_DSN: ***localhost:5432/awa
2025-08-19T22:47:52.7007229Z   PG_ASYNC_DSN: ***localhost:5432/awa
2025-08-19T22:47:52.7007604Z   DATABASE_URL: ***localhost:5432/awa
2025-08-19T22:47:52.7007849Z   DATA_DIR: /tmp/awa-data
2025-08-19T22:47:52.7008047Z   ENABLE_LIVE: 0
2025-08-19T22:47:52.7008255Z   TESTING: 1
2025-08-19T22:47:52.7008489Z   pythonLocation: /opt/hostedtoolcache/Python/3.12.11/x64
2025-08-19T22:47:52.7008885Z   PKG_CONFIG_PATH: /opt/hostedtoolcache/Python/3.12.11/x64/lib/pkgconfig
2025-08-19T22:47:52.7009271Z   Python_ROOT_DIR: /opt/hostedtoolcache/Python/3.12.11/x64
2025-08-19T22:47:52.7009625Z   Python2_ROOT_DIR: /opt/hostedtoolcache/Python/3.12.11/x64
2025-08-19T22:47:52.7009961Z   Python3_ROOT_DIR: /opt/hostedtoolcache/Python/3.12.11/x64
2025-08-19T22:47:52.7010310Z   LD_LIBRARY_PATH: /opt/hostedtoolcache/Python/3.12.11/x64/lib
2025-08-19T22:47:52.7010604Z ##[endgroup]
2025-08-19T22:47:53.6727179Z INFO  [alembic.runtime.migration] Context impl PostgresqlImpl.
2025-08-19T22:47:53.6728024Z INFO  [alembic.runtime.migration] Will assume transactional DDL.
2025-08-19T22:47:53.6926777Z INFO  [alembic.runtime.migration] Running upgrade  -> 0001_baseline
2025-08-19T22:47:53.7094011Z INFO  [alembic.runtime.migration] Running upgrade 0001_baseline -> 0002_create_roi_view
2025-08-19T22:47:53.7123473Z INFO  [alembic.runtime.migration] Running upgrade 0002_create_roi_view -> 3e9d5c5aff2c
2025-08-19T22:47:53.7338847Z INFO  [alembic.runtime.migration] Running upgrade 3e9d5c5aff2c -> 0003_vendor_prices
2025-08-19T22:47:53.7539364Z INFO  [alembic.runtime.migration] Running upgrade 0003_vendor_prices -> 0004_fee_cron
2025-08-19T22:47:53.7637345Z INFO  [alembic.runtime.migration] Running upgrade 0004_fee_cron -> 0006_fix_roi_views
2025-08-19T22:47:53.7677296Z INFO  [alembic.runtime.migration] Running upgrade 0006_fix_roi_views -> 0020_unified_schema
2025-08-19T22:47:53.7814112Z INFO  [alembic.runtime.migration] Running upgrade 0020_unified_schema -> 0022_fix_roi_view
2025-08-19T22:47:53.7885315Z INFO  [alembic.runtime.migration] Running upgrade 0022_fix_roi_view -> 0023_add_storage_fee
2025-08-19T22:47:53.7931786Z INFO  [alembic.runtime.migration] Running upgrade 0023_add_storage_fee -> 0024_create_buybox
2025-08-19T22:47:53.7958966Z INFO  [alembic.runtime.migration] Running upgrade 0024_create_buybox -> 0025_pr4_indexes_loadlog
2025-08-19T22:47:53.8206319Z INFO  [alembic.runtime.migration] Running upgrade 0025_pr4_indexes_loadlog -> 0026_amazon_new_reports
2025-08-19T22:47:54.0024786Z ##[group]Run python -m mypy services || true
2025-08-19T22:47:54.0025141Z [36;1mpython -m mypy services || true[0m
2025-08-19T22:47:54.0065675Z shell: /usr/bin/bash -e {0}
2025-08-19T22:47:54.0065910Z env:
2025-08-19T22:47:54.0066126Z   REDIS_URL: redis://localhost:6379/0
2025-08-19T22:47:54.0066392Z   RATE_LIMIT_DEFAULT: 100/minute
2025-08-19T22:47:54.0066619Z   TRUST_X_FORWARDED: 1
2025-08-19T22:47:54.0066833Z   PG_USER: postgres
2025-08-19T22:47:54.0067030Z   PG_PASSWORD: pass
2025-08-19T22:47:54.0067217Z   PG_DATABASE: awa
2025-08-19T22:47:54.0067399Z   PG_HOST: localhost
2025-08-19T22:47:54.0067591Z   PG_PORT: 5432
2025-08-19T22:47:54.0068025Z   PG_SYNC_DSN: ***localhost:5432/awa
2025-08-19T22:47:54.0068432Z   PG_ASYNC_DSN: ***localhost:5432/awa
2025-08-19T22:47:54.0068840Z   DATABASE_URL: ***localhost:5432/awa
2025-08-19T22:47:54.0069083Z   DATA_DIR: /tmp/awa-data
2025-08-19T22:47:54.0069295Z   ENABLE_LIVE: 0
2025-08-19T22:47:54.0069479Z   TESTING: 1
2025-08-19T22:47:54.0069757Z   pythonLocation: /opt/hostedtoolcache/Python/3.12.11/x64
2025-08-19T22:47:54.0070172Z   PKG_CONFIG_PATH: /opt/hostedtoolcache/Python/3.12.11/x64/lib/pkgconfig
2025-08-19T22:47:54.0070764Z   Python_ROOT_DIR: /opt/hostedtoolcache/Python/3.12.11/x64
2025-08-19T22:47:54.0071124Z   Python2_ROOT_DIR: /opt/hostedtoolcache/Python/3.12.11/x64
2025-08-19T22:47:54.0071670Z   Python3_ROOT_DIR: /opt/hostedtoolcache/Python/3.12.11/x64
2025-08-19T22:47:54.0072030Z   LD_LIBRARY_PATH: /opt/hostedtoolcache/Python/3.12.11/x64/lib
2025-08-19T22:47:54.0072333Z ##[endgroup]
2025-08-19T22:48:29.7538589Z services/api/routes/score.py:16: error: Function is missing a return type annotation  [no-untyped-def]
2025-08-19T22:48:29.7541105Z services/api/routes/score.py:16: note: Use "-> None" if function does not return a value
2025-08-19T22:48:29.7543003Z services/api/routes/score.py:26: error: All conditional function variants must have identical signatures  [misc]
2025-08-19T22:48:29.7543935Z services/api/routes/score.py:26: note: Original:
2025-08-19T22:48:29.7544668Z services/api/routes/score.py:26: note:     def require_basic_auth(credentials: HTTPBasicCredentials = ...) -> None
2025-08-19T22:48:29.7545227Z services/api/routes/score.py:26: note: Redefinition:
2025-08-19T22:48:29.7545639Z services/api/routes/score.py:26: note:     def require_basic_auth() -> None
2025-08-19T22:48:29.7546333Z services/api/routes/score.py:34: error: Incompatible types in assignment (expression has type "None", variable has type Module)  [assignment]
2025-08-19T22:48:29.7547054Z services/api/routes/score.py:38: error: Invalid type comment or annotation  [valid-type]
2025-08-19T22:48:29.7547599Z services/api/routes/score.py:38: note: Suggestion: use constr[...] instead of constr(...)
2025-08-19T22:48:29.8092892Z Found 4 errors in 1 file (checked 97 source files)
2025-08-19T22:48:29.8516636Z ##[group]Run pytest -q --cov=services
2025-08-19T22:48:29.8517179Z [36;1mpytest -q --cov=services[0m
2025-08-19T22:48:29.8575826Z shell: /usr/bin/bash -e {0}
2025-08-19T22:48:29.8576195Z env:
2025-08-19T22:48:29.8576533Z   REDIS_URL: redis://localhost:6379/0
2025-08-19T22:48:29.8577005Z   RATE_LIMIT_DEFAULT: 100/minute
2025-08-19T22:48:29.8577384Z   TRUST_X_FORWARDED: 1
2025-08-19T22:48:29.8577730Z   PG_USER: postgres
2025-08-19T22:48:29.8578064Z   PG_PASSWORD: pass
2025-08-19T22:48:29.8578381Z   PG_DATABASE: awa
2025-08-19T22:48:29.8578691Z   PG_HOST: localhost
2025-08-19T22:48:29.8579016Z   PG_PORT: 5432
2025-08-19T22:48:29.8579722Z   PG_SYNC_DSN: ***localhost:5432/awa
2025-08-19T22:48:29.8580453Z   PG_ASYNC_DSN: ***localhost:5432/awa
2025-08-19T22:48:29.8581158Z   DATABASE_URL: ***localhost:5432/awa
2025-08-19T22:48:29.8581805Z   DATA_DIR: /tmp/awa-data
2025-08-19T22:48:29.8582162Z   ENABLE_LIVE: 0
2025-08-19T22:48:29.8582479Z   TESTING: 1
2025-08-19T22:48:29.8582949Z   pythonLocation: /opt/hostedtoolcache/Python/3.12.11/x64
2025-08-19T22:48:29.8583629Z   PKG_CONFIG_PATH: /opt/hostedtoolcache/Python/3.12.11/x64/lib/pkgconfig
2025-08-19T22:48:29.8584303Z   Python_ROOT_DIR: /opt/hostedtoolcache/Python/3.12.11/x64
2025-08-19T22:48:29.8584902Z   Python2_ROOT_DIR: /opt/hostedtoolcache/Python/3.12.11/x64
2025-08-19T22:48:29.8585510Z   Python3_ROOT_DIR: /opt/hostedtoolcache/Python/3.12.11/x64
2025-08-19T22:48:29.8586116Z   LD_LIBRARY_PATH: /opt/hostedtoolcache/Python/3.12.11/x64/lib
2025-08-19T22:48:29.8586612Z ##[endgroup]
2025-08-19T22:49:02.1482919Z ........s.............................sssssss........................... [ 41%]
2025-08-19T22:49:34.3782063Z ........................................................................ [ 83%]
2025-08-19T22:49:35.2576189Z .............................
2025-08-19T22:49:35.2578978Z ERROR: Coverage failure: total of 65 is less than fail-under=75
2025-08-19T22:49:35.9504847Z                                                                          [100%]
2025-08-19T22:49:35.9505749Z =============================== warnings summary ===============================
2025-08-19T22:49:35.9506313Z services/alert_bot/tests/test_smoke.py:5
2025-08-19T22:49:35.9508694Z   /home/runner/work/AWA-App/AWA-App/services/alert_bot/tests/test_smoke.py:5: UserWarning: pkg_resources is deprecated as an API. See https://setuptools.pypa.io/en/latest/pkg_resources.html. The pkg_resources package is slated for removal as early as 2025-11-30. Refrain from using this package or pin to Setuptools<81.
2025-08-19T22:49:35.9511860Z     import pkg_resources  # noqa: F401
2025-08-19T22:49:35.9512161Z 
2025-08-19T22:49:35.9512363Z tests/api/test_ingest_endpoints.py: 12 warnings
2025-08-19T22:49:35.9512928Z tests/ingest/test_tasks_eager.py: 3 warnings
2025-08-19T22:49:35.9513397Z tests/test_api_fast.py: 1 warning
2025-08-19T22:49:35.9513808Z tests/test_health.py: 5 warnings
2025-08-19T22:49:35.9514220Z tests/test_smoke.py: 5 warnings
2025-08-19T22:49:35.9514646Z services/api/tests/test_cors.py: 1 warning
2025-08-19T22:49:35.9515142Z services/api/tests/test_errors_json.py: 2 warnings
2025-08-19T22:49:35.9515797Z services/api/tests/test_health.py: 1 warning
2025-08-19T22:49:35.9516467Z services/api/tests/test_rate_limit.py: 122 warnings
2025-08-19T22:49:35.9517188Z services/api/tests/test_roi_basic_auth.py: 4 warnings
2025-08-19T22:49:35.9517780Z services/api/tests/test_sentry_event.py: 1 warning
2025-08-19T22:49:35.9518302Z services/api/tests/test_stats_contracts.py: 3 warnings
2025-08-19T22:49:35.9518890Z services/api/tests/test_stats_future_contracts.py: 3 warnings
2025-08-19T22:49:35.9521123Z   /opt/hostedtoolcache/Python/3.12.11/x64/lib/python3.12/site-packages/asgi_correlation_id/extensions/sentry.py:27: DeprecationWarning: sentry_sdk.configure_scope is deprecated and will be removed in the next major version. Please consult our migration guide to learn how to migrate to the new API: https://docs.sentry.io/platforms/python/migration/1.x-to-2.x#scope-configuring
2025-08-19T22:49:35.9523032Z     with configure_scope() as scope:
2025-08-19T22:49:35.9523221Z 
2025-08-19T22:49:35.9523335Z tests/api/test_ingest_endpoints.py: 3 warnings
2025-08-19T22:49:35.9523614Z tests/test_api_fast.py: 1 warning
2025-08-19T22:49:35.9523861Z tests/test_health.py: 5 warnings
2025-08-19T22:49:35.9524088Z tests/test_smoke.py: 5 warnings
2025-08-19T22:49:35.9524338Z services/api/tests/test_cors.py: 3 warnings
2025-08-19T22:49:35.9524631Z services/api/tests/test_errors_json.py: 2 warnings
2025-08-19T22:49:35.9524936Z services/api/tests/test_health.py: 1 warning
2025-08-19T22:49:35.9525238Z services/api/tests/test_rate_limit.py: 2 warnings
2025-08-19T22:49:35.9525547Z services/api/tests/test_sentry_event.py: 1 warning
2025-08-19T22:49:35.9525865Z services/api/tests/test_stats_contracts.py: 3 warnings
2025-08-19T22:49:35.9526226Z services/api/tests/test_stats_future_contracts.py: 1 warning
2025-08-19T22:49:35.9527092Z   /opt/hostedtoolcache/Python/3.12.11/x64/lib/python3.12/site-packages/fastapi_limiter/__init__.py:89: DeprecationWarning: Call to deprecated close. (Use aclose() instead) -- Deprecated since version 5.0.1.
2025-08-19T22:49:35.9527850Z     await cls.redis.close()
2025-08-19T22:49:35.9527990Z 
2025-08-19T22:49:35.9528149Z tests/test_api_fast.py::test_health_endpoint
2025-08-19T22:49:35.9529213Z   /home/runner/work/AWA-App/AWA-App/tests/test_api_fast.py:13: DeprecationWarning: datetime.datetime.utcnow() is deprecated and scheduled for removal in a future version. Use timezone-aware objects to represent datetimes in UTC: datetime.datetime.now(datetime.UTC).
2025-08-19T22:49:35.9530164Z     return datetime.datetime.utcnow()
2025-08-19T22:49:35.9530332Z 
2025-08-19T22:49:35.9530425Z tests/test_api_fast.py: 1 warning
2025-08-19T22:49:35.9530654Z tests/test_health.py: 5 warnings
2025-08-19T22:49:35.9530881Z tests/test_smoke.py: 5 warnings
2025-08-19T22:49:35.9531124Z services/api/tests/test_cors.py: 1 warning
2025-08-19T22:49:35.9531573Z services/api/tests/test_health.py: 1 warning
2025-08-19T22:49:35.9531871Z services/api/tests/test_rate_limit.py: 102 warnings
2025-08-19T22:49:35.9532865Z   /home/runner/work/AWA-App/AWA-App/services/api/routes/health.py:24: DeprecationWarning: datetime.datetime.utcnow() is deprecated and scheduled for removal in a future version. Use timezone-aware objects to represent datetimes in UTC: datetime.datetime.now(datetime.UTC).
2025-08-19T22:49:35.9534026Z     app_now = datetime.utcnow().replace(tzinfo=timezone.utc)
2025-08-19T22:49:35.9534237Z 
2025-08-19T22:49:35.9534332Z tests/test_health.py::test_health[0]
2025-08-19T22:49:35.9534579Z tests/test_health.py::test_health[1]
2025-08-19T22:49:35.9534821Z tests/test_health.py::test_health[2]
2025-08-19T22:49:35.9535226Z tests/test_health.py::test_health[3]
2025-08-19T22:49:35.9535619Z tests/test_health.py::test_health[4]
2025-08-19T22:49:35.9537105Z   /home/runner/work/AWA-App/AWA-App/tests/test_health.py:22: DeprecationWarning: datetime.datetime.utcnow() is deprecated and scheduled for removal in a future version. Use timezone-aware objects to represent datetimes in UTC: datetime.datetime.now(datetime.UTC).
2025-08-19T22:49:35.9538749Z     return datetime.datetime.utcnow()
2025-08-19T22:49:35.9539036Z 
2025-08-19T22:49:35.9539203Z tests/test_smoke.py::test_health[0]
2025-08-19T22:49:35.9539608Z tests/test_smoke.py::test_health[1]
2025-08-19T22:49:35.9540022Z tests/test_smoke.py::test_health[2]
2025-08-19T22:49:35.9540426Z tests/test_smoke.py::test_health[3]
2025-08-19T22:49:35.9540823Z tests/test_smoke.py::test_health[4]
2025-08-19T22:49:35.9542561Z   /home/runner/work/AWA-App/AWA-App/tests/test_smoke.py:32: DeprecationWarning: datetime.datetime.utcnow() is deprecated and scheduled for removal in a future version. Use timezone-aware objects to represent datetimes in UTC: datetime.datetime.now(datetime.UTC).
2025-08-19T22:49:35.9544170Z     return datetime.datetime.utcnow()
2025-08-19T22:49:35.9544472Z 
2025-08-19T22:49:35.9544770Z services/api/tests/test_cors.py::test_cors_simple_get_allowed
2025-08-19T22:49:35.9546412Z   /home/runner/work/AWA-App/AWA-App/services/api/tests/test_cors.py:27: DeprecationWarning: datetime.datetime.utcnow() is deprecated and scheduled for removal in a future version. Use timezone-aware objects to represent datetimes in UTC: datetime.datetime.now(datetime.UTC).
2025-08-19T22:49:35.9547427Z     return datetime.datetime.utcnow()
2025-08-19T22:49:35.9547609Z 
2025-08-19T22:49:35.9547752Z services/api/tests/test_health.py::test_health_route
2025-08-19T22:49:35.9548784Z   /home/runner/work/AWA-App/AWA-App/services/api/tests/test_health.py:14: DeprecationWarning: datetime.datetime.utcnow() is deprecated and scheduled for removal in a future version. Use timezone-aware objects to represent datetimes in UTC: datetime.datetime.now(datetime.UTC).
2025-08-19T22:49:35.9549766Z     return datetime.datetime.utcnow()
2025-08-19T22:49:35.9549937Z 
2025-08-19T22:49:35.9550055Z services/api/tests/test_rate_limit.py: 102 warnings
2025-08-19T22:49:35.9551077Z   /home/runner/work/AWA-App/AWA-App/services/api/tests/test_rate_limit.py:33: DeprecationWarning: datetime.datetime.utcnow() is deprecated and scheduled for removal in a future version. Use timezone-aware objects to represent datetimes in UTC: datetime.datetime.now(datetime.UTC).
2025-08-19T22:49:35.9552343Z     return datetime.datetime.utcnow()
2025-08-19T22:49:35.9552511Z 
2025-08-19T22:49:35.9552765Z services/api/tests/test_sentry_event.py::test_unhandled_exception_is_captured_and_tagged
2025-08-19T22:49:35.9554073Z   /home/runner/work/AWA-App/AWA-App/services/api/tests/test_sentry_event.py:47: SentryHubDeprecationWarning: `sentry_sdk.Hub` is deprecated and will be removed in a future major release. Please consult our 1.x to 2.x migration guide for details on how to migrate `Hub` usage to the new API: https://docs.sentry.io/platforms/python/migration/1.x-to-2.x
2025-08-19T22:49:35.9555219Z     hub = sentry_sdk.Hub.current
2025-08-19T22:49:35.9555374Z 
2025-08-19T22:49:35.9555557Z -- Docs: https://docs.pytest.org/en/stable/how-to/capture-warnings.html
2025-08-19T22:49:35.9555938Z ================================ tests coverage ================================
2025-08-19T22:49:35.9556298Z _______________ coverage: platform linux, python 3.12.11-final-0 _______________
2025-08-19T22:49:35.9556550Z 
2025-08-19T22:49:35.9556647Z Coverage XML written to file coverage.xml
2025-08-19T22:49:35.9556989Z FAIL Required test coverage of 75% not reached. Total coverage: 65.35%
2025-08-19T22:49:35.9557529Z Sentry is attempting to send 0 pending events
2025-08-19T22:49:35.9557801Z Waiting up to True seconds
2025-08-19T22:49:35.9558014Z Press Ctrl-C to quit
2025-08-19T22:49:36.7070671Z ##[error]Process completed with exit code 1.
2025-08-19T22:49:36.7148709Z Post job cleanup.
2025-08-19T22:49:36.8167507Z [command]/usr/bin/git version
2025-08-19T22:49:36.8218792Z git version 2.50.1
2025-08-19T22:49:36.8266092Z Temporarily overriding HOME='/home/runner/work/_temp/4361a4ea-01d3-425b-b102-0eefcc9e6575' before making global git config changes
2025-08-19T22:49:36.8267321Z Adding repository directory to the temporary git global config as a safe directory
2025-08-19T22:49:36.8274377Z [command]/usr/bin/git config --global --add safe.directory /home/runner/work/AWA-App/AWA-App
2025-08-19T22:49:36.8318906Z [command]/usr/bin/git config --local --name-only --get-regexp core\.sshCommand
2025-08-19T22:49:36.8362306Z [command]/usr/bin/git submodule foreach --recursive sh -c "git config --local --name-only --get-regexp 'core\.sshCommand' && git config --local --unset-all 'core.sshCommand' || :"
2025-08-19T22:49:36.8615064Z [command]/usr/bin/git config --local --name-only --get-regexp http\.https\:\/\/github\.com\/\.extraheader
2025-08-19T22:49:36.8642646Z http.https://github.com/.extraheader
2025-08-19T22:49:36.8656594Z [command]/usr/bin/git config --local --unset-all http.https://github.com/.extraheader
2025-08-19T22:49:36.8696934Z [command]/usr/bin/git submodule foreach --recursive sh -c "git config --local --name-only --get-regexp 'http\.https\:\/\/github\.com\/\.extraheader' && git config --local --unset-all 'http.https://github.com/.extraheader' || :"
2025-08-19T22:49:36.9038924Z Print service container logs: 83bb9e79278640b699fc43393b2e649a_postgres15_084e32
2025-08-19T22:49:36.9044360Z ##[command]/usr/bin/docker logs --details 3b79b49daf4cb4d72bac342dd1db206857323807d76fa26ed9b2918494175d64
2025-08-19T22:49:36.9170136Z  The files belonging to this database system will be owned by user "postgres".
2025-08-19T22:49:36.9173242Z  initdb: warning: enabling "trust" authentication for local connections
2025-08-19T22:49:36.9174297Z  initdb: hint: You can change this by editing pg_hba.conf or using the option -A, or --auth-local and --auth-host, the next time you run initdb.
2025-08-19T22:49:36.9175155Z  This user must also own the server process.
2025-08-19T22:49:36.9175567Z  
2025-08-19T22:49:36.9175972Z  The database cluster will be initialized with locale "en_US.utf8".
2025-08-19T22:49:36.9176638Z  The default database encoding has accordingly been set to "UTF8".
2025-08-19T22:49:36.9177276Z  The default text search configuration will be set to "english".
2025-08-19T22:49:36.9177822Z  
2025-08-19T22:49:36.9178096Z  Data page checksums are disabled.
2025-08-19T22:49:36.9178453Z  
2025-08-19T22:49:36.9178891Z  fixing permissions on existing directory /var/lib/postgresql/data ... ok
2025-08-19T22:49:36.9179474Z  creating subdirectories ... ok
2025-08-19T22:49:36.9179943Z  selecting dynamic shared memory implementation ... posix
2025-08-19T22:49:36.9180460Z  selecting default max_connections ... 100
2025-08-19T22:49:36.9180883Z  selecting default shared_buffers ... 128MB
2025-08-19T22:49:36.9181462Z  selecting default time zone ... Etc/UTC
2025-08-19T22:49:36.9181848Z  creating configuration files ... ok
2025-08-19T22:49:36.9182232Z  running bootstrap script ... ok
2025-08-19T22:49:36.9182662Z  performing post-bootstrap initialization ... ok
2025-08-19T22:49:36.9183116Z  syncing data to disk ... ok
2025-08-19T22:49:36.9183434Z  
2025-08-19T22:49:36.9183664Z  
2025-08-19T22:49:36.9183985Z  Success. You can now start the database server using:
2025-08-19T22:49:36.9184420Z  
2025-08-19T22:49:36.9184742Z      pg_ctl -D /var/lib/postgresql/data -l logfile start
2025-08-19T22:49:36.9185167Z  
2025-08-19T22:49:36.9186008Z  waiting for server to start....2025-08-19 22:47:07.559 UTC [48] LOG:  starting PostgreSQL 15.14 (Debian 15.14-1.pgdg13+1) on x86_64-pc-linux-gnu, compiled by gcc (Debian 14.2.0-19) 14.2.0, 64-bit
2025-08-19T22:49:36.9187707Z  2025-08-19 22:47:07.559 UTC [48] LOG:  listening on Unix socket "/var/run/postgresql/.s.PGSQL.5432"
2025-08-19T22:49:36.9188449Z  2025-08-19 22:47:07.563 UTC [51] LOG:  database system was shut down at 2025-08-19 22:47:07 UTC
2025-08-19T22:49:36.9189127Z  2025-08-19 22:47:07.567 UTC [48] LOG:  database system is ready to accept connections
2025-08-19T22:49:36.9189630Z   done
2025-08-19T22:49:36.9189901Z  server started
2025-08-19T22:49:36.9190184Z  CREATE DATABASE
2025-08-19T22:49:36.9190469Z  
2025-08-19T22:49:36.9190706Z  
2025-08-19T22:49:36.9191176Z  /usr/local/bin/docker-entrypoint.sh: ignoring /docker-entrypoint-initdb.d/*
2025-08-19T22:49:36.9191999Z  
2025-08-19T22:49:36.9192480Z  waiting for server to shut down....2025-08-19 22:47:07.787 UTC [48] LOG:  received fast shutdown request
2025-08-19T22:49:36.9194758Z  2025-08-19 22:47:07.908 UTC [1] LOG:  starting PostgreSQL 15.14 (Debian 15.14-1.pgdg13+1) on x86_64-pc-linux-gnu, compiled by gcc (Debian 14.2.0-19) 14.2.0, 64-bit
2025-08-19T22:49:36.9195931Z  2025-08-19 22:47:07.908 UTC [1] LOG:  listening on IPv4 address "0.0.0.0", port 5432
2025-08-19T22:49:36.9196588Z  2025-08-19 22:47:07.908 UTC [1] LOG:  listening on IPv6 address "::", port 5432
2025-08-19T22:49:36.9197137Z  2025-08-19 22:47:07.909 UTC [1] LOG:  listening on Unix socket "/var/run/postgresql/.s.PGSQL.5432"
2025-08-19T22:49:36.9197630Z  2025-08-19 22:47:07.912 UTC [64] LOG:  database system was shut down at 2025-08-19 22:47:07 UTC
2025-08-19T22:49:36.9198068Z  2025-08-19 22:47:07.916 UTC [1] LOG:  database system is ready to accept connections
2025-08-19T22:49:36.9198792Z  2025-08-19 22:47:07.787 UTC [48] LOG:  aborting any active transactions
2025-08-19T22:49:36.9199304Z  2025-08-19 22:47:07.789 UTC [48] LOG:  background worker "logical replication launcher" (PID 54) exited with exit code 1
2025-08-19T22:49:36.9199757Z  2025-08-19 22:47:07.789 UTC [49] LOG:  shutting down
2025-08-19T22:49:36.9200107Z  2025-08-19 22:47:07.790 UTC [49] LOG:  checkpoint starting: shutdown immediate
2025-08-19T22:49:36.9200907Z  2025-08-19 22:47:07.812 UTC [49] LOG:  checkpoint complete: wrote 922 buffers (5.6%); 0 WAL file(s) added, 0 removed, 0 recycled; write=0.018 s, sync=0.003 s, total=0.023 s; sync files=301, longest=0.001 s, average=0.001 s; distance=4239 kB, estimate=4239 kB
2025-08-19T22:49:36.9202059Z  2025-08-19 22:47:07.820 UTC [48] LOG:  database system is shut down
2025-08-19T22:49:36.9202349Z   done
2025-08-19T22:49:36.9202514Z  server stopped
2025-08-19T22:49:36.9202695Z  
2025-08-19T22:49:36.9202913Z  PostgreSQL init process complete; ready for start up.
2025-08-19T22:49:36.9203302Z  
2025-08-19T22:49:36.9211148Z Stop and remove container: 83bb9e79278640b699fc43393b2e649a_postgres15_084e32
2025-08-19T22:49:36.9216806Z ##[command]/usr/bin/docker rm --force 3b79b49daf4cb4d72bac342dd1db206857323807d76fa26ed9b2918494175d64
2025-08-19T22:49:37.0743108Z 3b79b49daf4cb4d72bac342dd1db206857323807d76fa26ed9b2918494175d64
2025-08-19T22:49:37.0766179Z Print service container logs: 6b575e2040ee467bbcc0bd53d98a51f8_redis7alpine_ceb09a
2025-08-19T22:49:37.0767461Z ##[command]/usr/bin/docker logs --details d1562fb17b6e129e52ff4ee617f70c5899a3b6da0ce6c71bb7786464280e27da
2025-08-19T22:49:37.0897890Z  1:C 19 Aug 2025 22:47:07.942 # WARNING Memory overcommit must be enabled! Without it, a background save or replication may fail under low memory condition. Being disabled, it can also cause failures without low memory condition, see https://github.com/jemalloc/jemalloc/issues/1328. To fix this issue add 'vm.overcommit_memory = 1' to /etc/sysctl.conf and then reboot or run the command 'sysctl vm.overcommit_memory=1' for this to take effect.
2025-08-19T22:49:37.0899513Z  1:C 19 Aug 2025 22:47:07.942 * oO0OoO0OoO0Oo Redis is starting oO0OoO0OoO0Oo
2025-08-19T22:49:37.0899986Z  1:C 19 Aug 2025 22:47:07.942 * Redis version=7.4.5, bits=64, commit=00000000, modified=0, pid=1, just started
2025-08-19T22:49:37.0900685Z  1:C 19 Aug 2025 22:47:07.942 # Warning: no config file specified, using the default config. In order to specify a config file use redis-server /path/to/redis.conf
2025-08-19T22:49:37.0901987Z  1:M 19 Aug 2025 22:47:07.942 * monotonic clock: POSIX clock_gettime
2025-08-19T22:49:37.0902348Z  1:M 19 Aug 2025 22:47:07.943 * Running mode=standalone, port=6379.
2025-08-19T22:49:37.0902664Z  1:M 19 Aug 2025 22:47:07.943 * Server initialized
2025-08-19T22:49:37.0902975Z  1:M 19 Aug 2025 22:47:07.943 * Ready to accept connections tcp
2025-08-19T22:49:37.0911174Z Stop and remove container: 6b575e2040ee467bbcc0bd53d98a51f8_redis7alpine_ceb09a
2025-08-19T22:49:37.0912180Z ##[command]/usr/bin/docker rm --force d1562fb17b6e129e52ff4ee617f70c5899a3b6da0ce6c71bb7786464280e27da
2025-08-19T22:49:37.2041857Z d1562fb17b6e129e52ff4ee617f70c5899a3b6da0ce6c71bb7786464280e27da
2025-08-19T22:49:37.2067669Z Remove container network: github_network_458c9d63a26e4fcc95e6a6461bfd2201
2025-08-19T22:49:37.2073051Z ##[command]/usr/bin/docker network rm github_network_458c9d63a26e4fcc95e6a6461bfd2201
2025-08-19T22:49:37.3412464Z github_network_458c9d63a26e4fcc95e6a6461bfd2201
2025-08-19T22:49:37.3474963Z Cleaning up orphan processes
