2025-08-20T01:17:49.0468611Z Current runner version: '2.327.1'
2025-08-20T01:17:49.0492052Z ##[group]Runner Image Provisioner
2025-08-20T01:17:49.0492852Z Hosted Compute Agent
2025-08-20T01:17:49.0493364Z Version: 20250818.377
2025-08-20T01:17:49.0494043Z Commit: 3c593e9f75fe0b87e893bca80d6e12ba089c61fc
2025-08-20T01:17:49.0494962Z Build Date: 2025-08-18T14:52:18Z
2025-08-20T01:17:49.0495560Z ##[endgroup]
2025-08-20T01:17:49.0496129Z ##[group]Operating System
2025-08-20T01:17:49.0496703Z Ubuntu
2025-08-20T01:17:49.0497136Z 24.04.2
2025-08-20T01:17:49.0497623Z LTS
2025-08-20T01:17:49.0498088Z ##[endgroup]
2025-08-20T01:17:49.0498536Z ##[group]Runner Image
2025-08-20T01:17:49.0499142Z Image: ubuntu-24.04
2025-08-20T01:17:49.0499632Z Version: 20250810.1.0
2025-08-20T01:17:49.0500619Z Included Software: https://github.com/actions/runner-images/blob/ubuntu24/20250810.1/images/ubuntu/Ubuntu2404-Readme.md
2025-08-20T01:17:49.0502152Z Image Release: https://github.com/actions/runner-images/releases/tag/ubuntu24%2F20250810.1
2025-08-20T01:17:49.0503099Z ##[endgroup]
2025-08-20T01:17:49.0505852Z ##[group]GITHUB_TOKEN Permissions
2025-08-20T01:17:49.0507843Z Actions: write
2025-08-20T01:17:49.0508343Z Attestations: write
2025-08-20T01:17:49.0508953Z Checks: write
2025-08-20T01:17:49.0509406Z Contents: write
2025-08-20T01:17:49.0509914Z Deployments: write
2025-08-20T01:17:49.0510452Z Discussions: write
2025-08-20T01:17:49.0510955Z Issues: write
2025-08-20T01:17:49.0511393Z Metadata: read
2025-08-20T01:17:49.0511928Z Models: read
2025-08-20T01:17:49.0512414Z Packages: write
2025-08-20T01:17:49.0512902Z Pages: write
2025-08-20T01:17:49.0513435Z PullRequests: write
2025-08-20T01:17:49.0513929Z RepositoryProjects: write
2025-08-20T01:17:49.0514663Z SecurityEvents: write
2025-08-20T01:17:49.0515304Z Statuses: write
2025-08-20T01:17:49.0515950Z ##[endgroup]
2025-08-20T01:17:49.0518011Z Secret source: Actions
2025-08-20T01:17:49.0518751Z Prepare workflow directory
2025-08-20T01:17:49.1004151Z Prepare all required actions
2025-08-20T01:17:49.1041522Z Getting action download info
2025-08-20T01:17:49.5192115Z Download action repository 'actions/checkout@v4' (SHA:08eba0b27e820071cde6df949e0beb9ba4906955)
2025-08-20T01:17:50.0155239Z Download action repository 'actions/setup-python@v5' (SHA:a26af69be951a213d495a4c3e4e4022e16d87065)
2025-08-20T01:17:50.5648890Z Download action repository 'actions/upload-artifact@v4' (SHA:ea165f8d65b6e75b540449e92b4886f43607fa02)
2025-08-20T01:17:50.7629408Z Complete job name: unit
2025-08-20T01:17:50.8145485Z ##[group]Checking docker version
2025-08-20T01:17:50.8158572Z ##[command]/usr/bin/docker version --format '{{.Server.APIVersion}}'
2025-08-20T01:17:50.8760042Z '1.48'
2025-08-20T01:17:50.8771842Z Docker daemon API version: '1.48'
2025-08-20T01:17:50.8772618Z ##[command]/usr/bin/docker version --format '{{.Client.APIVersion}}'
2025-08-20T01:17:50.8926038Z '1.48'
2025-08-20T01:17:50.8939180Z Docker client API version: '1.48'
2025-08-20T01:17:50.8944275Z ##[endgroup]
2025-08-20T01:17:50.8947514Z ##[group]Clean up resources from previous jobs
2025-08-20T01:17:50.8953457Z ##[command]/usr/bin/docker ps --all --quiet --no-trunc --filter "label=b0d619"
2025-08-20T01:17:50.9089146Z ##[command]/usr/bin/docker network prune --force --filter "label=b0d619"
2025-08-20T01:17:50.9211957Z ##[endgroup]
2025-08-20T01:17:50.9212460Z ##[group]Create local container network
2025-08-20T01:17:50.9222482Z ##[command]/usr/bin/docker network create --label b0d619 github_network_a8f14efd2496431586a30c635629e637
2025-08-20T01:17:50.9736487Z 21847e0b35b4e4d5c300f31c1c377ec29a866cf132b5230e83127a0cc04d04c3
2025-08-20T01:17:50.9753489Z ##[endgroup]
2025-08-20T01:17:50.9777515Z ##[group]Starting postgres service container
2025-08-20T01:17:50.9796407Z ##[command]/usr/bin/docker pull postgres:15
2025-08-20T01:17:52.0312925Z 15: Pulling from library/postgres
2025-08-20T01:17:52.2947472Z 396b1da7636e: Pulling fs layer
2025-08-20T01:17:52.2948638Z fca2566eba32: Pulling fs layer
2025-08-20T01:17:52.2949367Z 631fe8c6d606: Pulling fs layer
2025-08-20T01:17:52.2950520Z 77c7671c4414: Pulling fs layer
2025-08-20T01:17:52.2952119Z 2d9e29180a27: Pulling fs layer
2025-08-20T01:17:52.2952833Z c6bcc2c9a041: Pulling fs layer
2025-08-20T01:17:52.2953716Z ac4b721eb66f: Pulling fs layer
2025-08-20T01:17:52.2954409Z 606bd164980e: Pulling fs layer
2025-08-20T01:17:52.2955268Z f5dfd246bc6e: Pulling fs layer
2025-08-20T01:17:52.2955962Z ba7036bb0a60: Pulling fs layer
2025-08-20T01:17:52.2956635Z 799f859abbbd: Pulling fs layer
2025-08-20T01:17:52.2957326Z d903e777080c: Pulling fs layer
2025-08-20T01:17:52.2957999Z 04adcb462801: Pulling fs layer
2025-08-20T01:17:52.2958724Z 5c10925b29ff: Pulling fs layer
2025-08-20T01:17:52.2959459Z 77c7671c4414: Waiting
2025-08-20T01:17:52.2960090Z ba7036bb0a60: Waiting
2025-08-20T01:17:52.2960708Z 2d9e29180a27: Waiting
2025-08-20T01:17:52.2961340Z 799f859abbbd: Waiting
2025-08-20T01:17:52.2962000Z c6bcc2c9a041: Waiting
2025-08-20T01:17:52.2962655Z d903e777080c: Waiting
2025-08-20T01:17:52.2963310Z ac4b721eb66f: Waiting
2025-08-20T01:17:52.2963954Z 04adcb462801: Waiting
2025-08-20T01:17:52.2964769Z 606bd164980e: Waiting
2025-08-20T01:17:52.2965422Z 5c10925b29ff: Waiting
2025-08-20T01:17:52.2966123Z f5dfd246bc6e: Waiting
2025-08-20T01:17:52.5678867Z fca2566eba32: Download complete
2025-08-20T01:17:52.7105455Z 631fe8c6d606: Verifying Checksum
2025-08-20T01:17:52.7105977Z 631fe8c6d606: Download complete
2025-08-20T01:17:52.8398922Z 77c7671c4414: Verifying Checksum
2025-08-20T01:17:52.8399580Z 77c7671c4414: Download complete
2025-08-20T01:17:52.8848109Z 396b1da7636e: Verifying Checksum
2025-08-20T01:17:52.8848709Z 396b1da7636e: Download complete
2025-08-20T01:17:53.1097738Z c6bcc2c9a041: Verifying Checksum
2025-08-20T01:17:53.1099695Z c6bcc2c9a041: Download complete
2025-08-20T01:17:53.1373112Z 2d9e29180a27: Verifying Checksum
2025-08-20T01:17:53.1373793Z 2d9e29180a27: Download complete
2025-08-20T01:17:53.1890354Z ac4b721eb66f: Verifying Checksum
2025-08-20T01:17:53.1893202Z ac4b721eb66f: Download complete
2025-08-20T01:17:53.4205276Z 606bd164980e: Verifying Checksum
2025-08-20T01:17:53.4210269Z 606bd164980e: Download complete
2025-08-20T01:17:53.5108700Z ba7036bb0a60: Verifying Checksum
2025-08-20T01:17:53.5109216Z ba7036bb0a60: Download complete
2025-08-20T01:17:53.6908527Z 799f859abbbd: Verifying Checksum
2025-08-20T01:17:53.6909844Z 799f859abbbd: Download complete
2025-08-20T01:17:53.7833473Z d903e777080c: Verifying Checksum
2025-08-20T01:17:53.7833977Z d903e777080c: Download complete
2025-08-20T01:17:53.8169403Z 396b1da7636e: Pull complete
2025-08-20T01:17:53.8950523Z fca2566eba32: Pull complete
2025-08-20T01:17:53.9392368Z 04adcb462801: Download complete
2025-08-20T01:17:54.0618717Z 5c10925b29ff: Download complete
2025-08-20T01:17:54.0730797Z 631fe8c6d606: Pull complete
2025-08-20T01:17:54.1250799Z 77c7671c4414: Pull complete
2025-08-20T01:17:54.4619384Z 2d9e29180a27: Pull complete
2025-08-20T01:17:54.5622835Z c6bcc2c9a041: Pull complete
2025-08-20T01:17:54.5718998Z ac4b721eb66f: Pull complete
2025-08-20T01:17:54.5865390Z 606bd164980e: Pull complete
2025-08-20T01:17:55.6780772Z f5dfd246bc6e: Verifying Checksum
2025-08-20T01:17:55.6781250Z f5dfd246bc6e: Download complete
2025-08-20T01:17:58.6242057Z f5dfd246bc6e: Pull complete
2025-08-20T01:17:58.6423043Z ba7036bb0a60: Pull complete
2025-08-20T01:17:58.6624356Z 799f859abbbd: Pull complete
2025-08-20T01:17:58.6786387Z d903e777080c: Pull complete
2025-08-20T01:17:58.6938240Z 04adcb462801: Pull complete
2025-08-20T01:17:58.7063303Z 5c10925b29ff: Pull complete
2025-08-20T01:17:58.7109795Z Digest: sha256:bc51cf4f1fe02cce7ed2370b20128a9b00b4eb804573a77d2a0d877aaa9c82b1
2025-08-20T01:17:58.7125050Z Status: Downloaded newer image for postgres:15
2025-08-20T01:17:58.7146704Z docker.io/library/postgres:15
2025-08-20T01:17:58.7209929Z ##[command]/usr/bin/docker create --name 0cecea8719e941cab82e4b7660047901_postgres15_0aff03 --label b0d619 --network github_network_a8f14efd2496431586a30c635629e637 --network-alias postgres -p 5432:5432 --health-cmd="pg_isready -U postgres -d awa" --health-interval=5s --health-timeout=5s --health-retries=10 -e "POSTGRES_USER=postgres" -e "POSTGRES_PASSWORD=pass" -e "POSTGRES_DB=awa" -e GITHUB_ACTIONS=true -e CI=true postgres:15
2025-08-20T01:17:58.7493520Z 2da279a24625b016369f80e8b6bd8008db138dbb2f9232bae87b308c0dfaa41a
2025-08-20T01:17:58.7517673Z ##[command]/usr/bin/docker start 2da279a24625b016369f80e8b6bd8008db138dbb2f9232bae87b308c0dfaa41a
2025-08-20T01:17:58.9339865Z 2da279a24625b016369f80e8b6bd8008db138dbb2f9232bae87b308c0dfaa41a
2025-08-20T01:17:58.9366118Z ##[command]/usr/bin/docker ps --all --filter id=2da279a24625b016369f80e8b6bd8008db138dbb2f9232bae87b308c0dfaa41a --filter status=running --no-trunc --format "{{.ID}} {{.Status}}"
2025-08-20T01:17:58.9498169Z 2da279a24625b016369f80e8b6bd8008db138dbb2f9232bae87b308c0dfaa41a Up Less than a second (health: starting)
2025-08-20T01:17:58.9523867Z ##[command]/usr/bin/docker port 2da279a24625b016369f80e8b6bd8008db138dbb2f9232bae87b308c0dfaa41a
2025-08-20T01:17:58.9678754Z 5432/tcp -> 0.0.0.0:5432
2025-08-20T01:17:58.9679372Z 5432/tcp -> [::]:5432
2025-08-20T01:17:58.9725541Z ##[endgroup]
2025-08-20T01:17:58.9726846Z ##[group]Starting redis service container
2025-08-20T01:17:58.9728324Z ##[command]/usr/bin/docker pull redis:7-alpine
2025-08-20T01:17:59.9950408Z 7-alpine: Pulling from library/redis
2025-08-20T01:18:00.2638733Z 0368fd46e3c6: Pulling fs layer
2025-08-20T01:18:00.2639488Z 4c55286bbede: Pulling fs layer
2025-08-20T01:18:00.2639956Z 5e28347af205: Pulling fs layer
2025-08-20T01:18:00.2640492Z 311eca34042e: Pulling fs layer
2025-08-20T01:18:00.2641712Z e6fe6f07e192: Pulling fs layer
2025-08-20T01:18:00.2642232Z a2cadbfeca72: Pulling fs layer
2025-08-20T01:18:00.2644155Z 4f4fb700ef54: Pulling fs layer
2025-08-20T01:18:00.2644949Z a976ed7e7808: Pulling fs layer
2025-08-20T01:18:00.2645407Z 311eca34042e: Waiting
2025-08-20T01:18:00.2645945Z e6fe6f07e192: Waiting
2025-08-20T01:18:00.2646539Z a2cadbfeca72: Waiting
2025-08-20T01:18:00.2646781Z 4f4fb700ef54: Waiting
2025-08-20T01:18:00.2647028Z a976ed7e7808: Waiting
2025-08-20T01:18:00.5327944Z 5e28347af205: Verifying Checksum
2025-08-20T01:18:00.5328623Z 5e28347af205: Download complete
2025-08-20T01:18:00.5938538Z 0368fd46e3c6: Download complete
2025-08-20T01:18:00.6942482Z 0368fd46e3c6: Pull complete
2025-08-20T01:18:00.7152318Z 4c55286bbede: Pull complete
2025-08-20T01:18:00.8213055Z 311eca34042e: Verifying Checksum
2025-08-20T01:18:00.8213722Z 311eca34042e: Download complete
2025-08-20T01:18:00.8509049Z 5e28347af205: Pull complete
2025-08-20T01:18:00.8856044Z 311eca34042e: Pull complete
2025-08-20T01:18:00.8966353Z a2cadbfeca72: Download complete
2025-08-20T01:18:00.9248854Z e6fe6f07e192: Verifying Checksum
2025-08-20T01:18:00.9249350Z e6fe6f07e192: Download complete
2025-08-20T01:18:01.1084366Z e6fe6f07e192: Pull complete
2025-08-20T01:18:01.1193445Z a2cadbfeca72: Pull complete
2025-08-20T01:18:01.1756363Z 4f4fb700ef54: Download complete
2025-08-20T01:18:01.1839980Z 4f4fb700ef54: Pull complete
2025-08-20T01:18:01.2021346Z a976ed7e7808: Download complete
2025-08-20T01:18:01.2124450Z a976ed7e7808: Pull complete
2025-08-20T01:18:01.2162769Z Digest: sha256:bb186d083732f669da90be8b0f975a37812b15e913465bb14d845db72a4e3e08
2025-08-20T01:18:01.2174148Z Status: Downloaded newer image for redis:7-alpine
2025-08-20T01:18:01.2183023Z docker.io/library/redis:7-alpine
2025-08-20T01:18:01.2199282Z ##[command]/usr/bin/docker create --name dc56b7ffa9a44946931705915211cd5e_redis7alpine_8e415b --label b0d619 --network github_network_a8f14efd2496431586a30c635629e637 --network-alias redis -p 6379:6379  -e GITHUB_ACTIONS=true -e CI=true redis:7-alpine
2025-08-20T01:18:01.2505635Z 092a7b99b65a7be917da694cb56a05da42c9e3a05665d26a66d413f8ad0b1b86
2025-08-20T01:18:01.2519398Z ##[command]/usr/bin/docker start 092a7b99b65a7be917da694cb56a05da42c9e3a05665d26a66d413f8ad0b1b86
2025-08-20T01:18:01.3942216Z 092a7b99b65a7be917da694cb56a05da42c9e3a05665d26a66d413f8ad0b1b86
2025-08-20T01:18:01.3959515Z ##[command]/usr/bin/docker ps --all --filter id=092a7b99b65a7be917da694cb56a05da42c9e3a05665d26a66d413f8ad0b1b86 --filter status=running --no-trunc --format "{{.ID}} {{.Status}}"
2025-08-20T01:18:01.4080598Z 092a7b99b65a7be917da694cb56a05da42c9e3a05665d26a66d413f8ad0b1b86 Up Less than a second
2025-08-20T01:18:01.4095268Z ##[command]/usr/bin/docker port 092a7b99b65a7be917da694cb56a05da42c9e3a05665d26a66d413f8ad0b1b86
2025-08-20T01:18:01.4213925Z 6379/tcp -> 0.0.0.0:6379
2025-08-20T01:18:01.4214389Z 6379/tcp -> [::]:6379
2025-08-20T01:18:01.4227754Z ##[endgroup]
2025-08-20T01:18:01.4239395Z ##[group]Waiting for all services to be ready
2025-08-20T01:18:01.4253300Z ##[command]/usr/bin/docker inspect --format="{{if .Config.Healthcheck}}{{print .State.Health.Status}}{{end}}" 2da279a24625b016369f80e8b6bd8008db138dbb2f9232bae87b308c0dfaa41a
2025-08-20T01:18:01.4369913Z starting
2025-08-20T01:18:01.4390788Z postgres service is starting, waiting 2 seconds before checking again.
2025-08-20T01:18:03.4385575Z ##[command]/usr/bin/docker inspect --format="{{if .Config.Healthcheck}}{{print .State.Health.Status}}{{end}}" 2da279a24625b016369f80e8b6bd8008db138dbb2f9232bae87b308c0dfaa41a
2025-08-20T01:18:03.4500785Z starting
2025-08-20T01:18:03.4572439Z postgres service is starting, waiting 4 seconds before checking again.
2025-08-20T01:18:07.4921380Z ##[command]/usr/bin/docker inspect --format="{{if .Config.Healthcheck}}{{print .State.Health.Status}}{{end}}" 2da279a24625b016369f80e8b6bd8008db138dbb2f9232bae87b308c0dfaa41a
2025-08-20T01:18:07.5041788Z healthy
2025-08-20T01:18:07.5059146Z postgres service is healthy.
2025-08-20T01:18:07.5059961Z ##[command]/usr/bin/docker inspect --format="{{if .Config.Healthcheck}}{{print .State.Health.Status}}{{end}}" 092a7b99b65a7be917da694cb56a05da42c9e3a05665d26a66d413f8ad0b1b86
2025-08-20T01:18:07.5191603Z redis service is healthy.
2025-08-20T01:18:07.5192298Z ##[endgroup]
2025-08-20T01:18:07.5445022Z ##[group]Run actions/checkout@v4
2025-08-20T01:18:07.5445563Z with:
2025-08-20T01:18:07.5445762Z   repository: AlexBomber12/AWA-App
2025-08-20T01:18:07.5446137Z   token: ***
2025-08-20T01:18:07.5446319Z   ssh-strict: true
2025-08-20T01:18:07.5446515Z   ssh-user: git
2025-08-20T01:18:07.5446715Z   persist-credentials: true
2025-08-20T01:18:07.5446926Z   clean: true
2025-08-20T01:18:07.5447103Z   sparse-checkout-cone-mode: true
2025-08-20T01:18:07.5447327Z   fetch-depth: 1
2025-08-20T01:18:07.5447490Z   fetch-tags: false
2025-08-20T01:18:07.5447666Z   show-progress: true
2025-08-20T01:18:07.5447845Z   lfs: false
2025-08-20T01:18:07.5448001Z   submodules: false
2025-08-20T01:18:07.5448174Z   set-safe-directory: true
2025-08-20T01:18:07.5448553Z env:
2025-08-20T01:18:07.5448761Z   REDIS_URL: redis://localhost:6379/0
2025-08-20T01:18:07.5449023Z   RATE_LIMIT_DEFAULT: 100/minute
2025-08-20T01:18:07.5449231Z   TRUST_X_FORWARDED: 1
2025-08-20T01:18:07.5449404Z ##[endgroup]
2025-08-20T01:18:07.6558691Z Syncing repository: AlexBomber12/AWA-App
2025-08-20T01:18:07.6560475Z ##[group]Getting Git version info
2025-08-20T01:18:07.6561036Z Working directory is '/home/runner/work/AWA-App/AWA-App'
2025-08-20T01:18:07.6561847Z [command]/usr/bin/git version
2025-08-20T01:18:07.6611849Z git version 2.50.1
2025-08-20T01:18:07.6637023Z ##[endgroup]
2025-08-20T01:18:07.6650160Z Temporarily overriding HOME='/home/runner/work/_temp/276cf2a6-6aaf-44c2-ae1d-19f209e8fc0e' before making global git config changes
2025-08-20T01:18:07.6651354Z Adding repository directory to the temporary git global config as a safe directory
2025-08-20T01:18:07.6655232Z [command]/usr/bin/git config --global --add safe.directory /home/runner/work/AWA-App/AWA-App
2025-08-20T01:18:07.6688462Z Deleting the contents of '/home/runner/work/AWA-App/AWA-App'
2025-08-20T01:18:07.6691840Z ##[group]Initializing the repository
2025-08-20T01:18:07.6695667Z [command]/usr/bin/git init /home/runner/work/AWA-App/AWA-App
2025-08-20T01:18:07.6769079Z hint: Using 'master' as the name for the initial branch. This default branch name
2025-08-20T01:18:07.6769920Z hint: is subject to change. To configure the initial branch name to use in all
2025-08-20T01:18:07.6770379Z hint: of your new repositories, which will suppress this warning, call:
2025-08-20T01:18:07.6770920Z hint:
2025-08-20T01:18:07.6771167Z hint: 	git config --global init.defaultBranch <name>
2025-08-20T01:18:07.6771435Z hint:
2025-08-20T01:18:07.6771698Z hint: Names commonly chosen instead of 'master' are 'main', 'trunk' and
2025-08-20T01:18:07.6772157Z hint: 'development'. The just-created branch can be renamed via this command:
2025-08-20T01:18:07.6772741Z hint:
2025-08-20T01:18:07.6773026Z hint: 	git branch -m <name>
2025-08-20T01:18:07.6773343Z hint:
2025-08-20T01:18:07.6773741Z hint: Disable this message with "git config set advice.defaultBranchName false"
2025-08-20T01:18:07.6774231Z Initialized empty Git repository in /home/runner/work/AWA-App/AWA-App/.git/
2025-08-20T01:18:07.6783757Z [command]/usr/bin/git remote add origin https://github.com/AlexBomber12/AWA-App
2025-08-20T01:18:07.6816245Z ##[endgroup]
2025-08-20T01:18:07.6816834Z ##[group]Disabling automatic garbage collection
2025-08-20T01:18:07.6821195Z [command]/usr/bin/git config --local gc.auto 0
2025-08-20T01:18:07.6848456Z ##[endgroup]
2025-08-20T01:18:07.6849016Z ##[group]Setting up auth
2025-08-20T01:18:07.6855795Z [command]/usr/bin/git config --local --name-only --get-regexp core\.sshCommand
2025-08-20T01:18:07.6885123Z [command]/usr/bin/git submodule foreach --recursive sh -c "git config --local --name-only --get-regexp 'core\.sshCommand' && git config --local --unset-all 'core.sshCommand' || :"
2025-08-20T01:18:07.7180907Z [command]/usr/bin/git config --local --name-only --get-regexp http\.https\:\/\/github\.com\/\.extraheader
2025-08-20T01:18:07.7210414Z [command]/usr/bin/git submodule foreach --recursive sh -c "git config --local --name-only --get-regexp 'http\.https\:\/\/github\.com\/\.extraheader' && git config --local --unset-all 'http.https://github.com/.extraheader' || :"
2025-08-20T01:18:07.7434259Z [command]/usr/bin/git config --local http.https://github.com/.extraheader AUTHORIZATION: basic ***
2025-08-20T01:18:07.7478838Z ##[endgroup]
2025-08-20T01:18:07.7479379Z ##[group]Fetching the repository
2025-08-20T01:18:07.7488882Z [command]/usr/bin/git -c protocol.version=2 fetch --no-tags --prune --no-recurse-submodules --depth=1 origin +82cfbdf033b9fe2a19187c88c5c5df6fbb62a984:refs/remotes/pull/296/merge
2025-08-20T01:18:08.2406186Z From https://github.com/AlexBomber12/AWA-App
2025-08-20T01:18:08.2406928Z  * [new ref]         82cfbdf033b9fe2a19187c88c5c5df6fbb62a984 -> pull/296/merge
2025-08-20T01:18:08.2430299Z ##[endgroup]
2025-08-20T01:18:08.2430825Z ##[group]Determining the checkout info
2025-08-20T01:18:08.2432550Z ##[endgroup]
2025-08-20T01:18:08.2437741Z [command]/usr/bin/git sparse-checkout disable
2025-08-20T01:18:08.2486966Z [command]/usr/bin/git config --local --unset-all extensions.worktreeConfig
2025-08-20T01:18:08.2513564Z ##[group]Checking out the ref
2025-08-20T01:18:08.2517657Z [command]/usr/bin/git checkout --progress --force refs/remotes/pull/296/merge
2025-08-20T01:18:08.2853816Z Note: switching to 'refs/remotes/pull/296/merge'.
2025-08-20T01:18:08.2854239Z 
2025-08-20T01:18:08.2854788Z You are in 'detached HEAD' state. You can look around, make experimental
2025-08-20T01:18:08.2855521Z changes and commit them, and you can discard any commits you make in this
2025-08-20T01:18:08.2856230Z state without impacting any branches by switching back to a branch.
2025-08-20T01:18:08.2856660Z 
2025-08-20T01:18:08.2856932Z If you want to create a new branch to retain commits you create, you may
2025-08-20T01:18:08.2857557Z do so (now or later) by using -c with the switch command. Example:
2025-08-20T01:18:08.2857936Z 
2025-08-20T01:18:08.2858090Z   git switch -c <new-branch-name>
2025-08-20T01:18:08.2858352Z 
2025-08-20T01:18:08.2858498Z Or undo this operation with:
2025-08-20T01:18:08.2858733Z 
2025-08-20T01:18:08.2858866Z   git switch -
2025-08-20T01:18:08.2859180Z 
2025-08-20T01:18:08.2859502Z Turn off this advice by setting config variable advice.detachedHead to false
2025-08-20T01:18:08.2859897Z 
2025-08-20T01:18:08.2860222Z HEAD is now at 82cfbdf Merge 5ad77ef1941b29d5c550c010492330f81ca6ac8f into 64483b515ffb70322c306371efcac178d65c175a
2025-08-20T01:18:08.2865581Z ##[endgroup]
2025-08-20T01:18:08.2902885Z [command]/usr/bin/git log -1 --format=%H
2025-08-20T01:18:08.2924071Z 82cfbdf033b9fe2a19187c88c5c5df6fbb62a984
2025-08-20T01:18:08.3088286Z ##[group]Run cat .env.ci >> "$GITHUB_ENV"
2025-08-20T01:18:08.3088623Z [36;1mcat .env.ci >> "$GITHUB_ENV"[0m
2025-08-20T01:18:08.3089318Z [36;1mecho "DATABASE_URL=***localhost:5432/awa" >> "$GITHUB_ENV"[0m
2025-08-20T01:18:08.3089662Z [36;1mecho "PG_HOST=localhost" >> "$GITHUB_ENV"[0m
2025-08-20T01:18:08.3089948Z [36;1mecho "PG_PORT=5432" >> "$GITHUB_ENV"[0m
2025-08-20T01:18:08.3090212Z [36;1mecho "PG_USER=postgres" >> "$GITHUB_ENV"[0m
2025-08-20T01:18:08.3090488Z [36;1mecho "PG_PASSWORD=pass" >> "$GITHUB_ENV"[0m
2025-08-20T01:18:08.3090756Z [36;1mecho "PG_DATABASE=awa" >> "$GITHUB_ENV"[0m
2025-08-20T01:18:08.3135867Z shell: /usr/bin/bash -e {0}
2025-08-20T01:18:08.3136094Z env:
2025-08-20T01:18:08.3136293Z   REDIS_URL: redis://localhost:6379/0
2025-08-20T01:18:08.3136584Z   RATE_LIMIT_DEFAULT: 100/minute
2025-08-20T01:18:08.3136804Z   TRUST_X_FORWARDED: 1
2025-08-20T01:18:08.3136978Z ##[endgroup]
2025-08-20T01:18:08.3300905Z ##[group]Run actions/setup-python@v5
2025-08-20T01:18:08.3301156Z with:
2025-08-20T01:18:08.3301327Z   python-version: 3.12
2025-08-20T01:18:08.3301505Z   cache: pip
2025-08-20T01:18:08.3301710Z   cache-dependency-path: requirements-dev.txt
2025-08-20T01:18:08.3301972Z   check-latest: false
2025-08-20T01:18:08.3302257Z   token: ***
2025-08-20T01:18:08.3302440Z   update-environment: true
2025-08-20T01:18:08.3302653Z   allow-prereleases: false
2025-08-20T01:18:08.3302853Z   freethreaded: false
2025-08-20T01:18:08.3303025Z env:
2025-08-20T01:18:08.3303208Z   REDIS_URL: redis://localhost:6379/0
2025-08-20T01:18:08.3303446Z   RATE_LIMIT_DEFAULT: 100/minute
2025-08-20T01:18:08.3303659Z   TRUST_X_FORWARDED: 1
2025-08-20T01:18:08.3303842Z   PG_USER: postgres
2025-08-20T01:18:08.3304019Z   PG_PASSWORD: pass
2025-08-20T01:18:08.3304211Z   PG_DATABASE: awa
2025-08-20T01:18:08.3304375Z   PG_HOST: localhost
2025-08-20T01:18:08.3304748Z   PG_PORT: 5432
2025-08-20T01:18:08.3305148Z   PG_SYNC_DSN: ***localhost:5432/awa
2025-08-20T01:18:08.3305534Z   PG_ASYNC_DSN: ***localhost:5432/awa
2025-08-20T01:18:08.3305907Z   DATABASE_URL: ***localhost:5432/awa
2025-08-20T01:18:08.3306125Z   DATA_DIR: /tmp/awa-data
2025-08-20T01:18:08.3306314Z   ENABLE_LIVE: 0
2025-08-20T01:18:08.3306474Z   TESTING: 1
2025-08-20T01:18:08.3306631Z ##[endgroup]
2025-08-20T01:18:08.4942358Z ##[group]Installed versions
2025-08-20T01:18:08.5021213Z Successfully set up CPython (3.12.11)
2025-08-20T01:18:08.5022139Z ##[endgroup]
2025-08-20T01:18:08.5293090Z [command]/opt/hostedtoolcache/Python/3.12.11/x64/bin/pip cache dir
2025-08-20T01:18:08.8072093Z /home/runner/.cache/pip
2025-08-20T01:18:09.1077850Z Cache hit for: setup-python-Linux-x64-24.04-Ubuntu-python-3.12.11-pip-29fc3204f837bce43d81586a404709764a9accd1f738d0c33a52a32bf7a0c312
2025-08-20T01:18:10.4231112Z Received 4194304 of 337357499 (1.2%), 4.0 MBs/sec
2025-08-20T01:18:11.4282192Z Received 96468992 of 337357499 (28.6%), 45.9 MBs/sec
2025-08-20T01:18:12.4264443Z Received 205520896 of 337357499 (60.9%), 65.2 MBs/sec
2025-08-20T01:18:13.4276923Z Received 314572800 of 337357499 (93.2%), 74.9 MBs/sec
2025-08-20T01:18:13.5897900Z Received 337357499 of 337357499 (100.0%), 77.2 MBs/sec
2025-08-20T01:18:13.5900420Z Cache Size: ~322 MB (337357499 B)
2025-08-20T01:18:13.6015361Z [command]/usr/bin/tar -xf /home/runner/work/_temp/ffcb445c-264b-4732-b26e-85b11aea2dc1/cache.tzst -P -C /home/runner/work/AWA-App/AWA-App --use-compress-program unzstd
2025-08-20T01:18:14.1142620Z Cache restored successfully
2025-08-20T01:18:14.1856237Z Cache restored from key: setup-python-Linux-x64-24.04-Ubuntu-python-3.12.11-pip-29fc3204f837bce43d81586a404709764a9accd1f738d0c33a52a32bf7a0c312
2025-08-20T01:18:14.1998278Z ##[group]Run pip install -r requirements-dev.txt
2025-08-20T01:18:14.1998649Z [36;1mpip install -r requirements-dev.txt[0m
2025-08-20T01:18:14.1999143Z [36;1mpip install keepa==1.3.15 minio==7.1.15[0m
2025-08-20T01:18:14.2041693Z shell: /usr/bin/bash -e {0}
2025-08-20T01:18:14.2041921Z env:
2025-08-20T01:18:14.2042126Z   REDIS_URL: redis://localhost:6379/0
2025-08-20T01:18:14.2042393Z   RATE_LIMIT_DEFAULT: 100/minute
2025-08-20T01:18:14.2042617Z   TRUST_X_FORWARDED: 1
2025-08-20T01:18:14.2042817Z   PG_USER: postgres
2025-08-20T01:18:14.2043005Z   PG_PASSWORD: pass
2025-08-20T01:18:14.2043176Z   PG_DATABASE: awa
2025-08-20T01:18:14.2043360Z   PG_HOST: localhost
2025-08-20T01:18:14.2043545Z   PG_PORT: 5432
2025-08-20T01:18:14.2043986Z   PG_SYNC_DSN: ***localhost:5432/awa
2025-08-20T01:18:14.2044678Z   PG_ASYNC_DSN: ***localhost:5432/awa
2025-08-20T01:18:14.2045126Z   DATABASE_URL: ***localhost:5432/awa
2025-08-20T01:18:14.2045365Z   DATA_DIR: /tmp/awa-data
2025-08-20T01:18:14.2045600Z   ENABLE_LIVE: 0
2025-08-20T01:18:14.2045767Z   TESTING: 1
2025-08-20T01:18:14.2046007Z   pythonLocation: /opt/hostedtoolcache/Python/3.12.11/x64
2025-08-20T01:18:14.2046419Z   PKG_CONFIG_PATH: /opt/hostedtoolcache/Python/3.12.11/x64/lib/pkgconfig
2025-08-20T01:18:14.2046801Z   Python_ROOT_DIR: /opt/hostedtoolcache/Python/3.12.11/x64
2025-08-20T01:18:14.2047143Z   Python2_ROOT_DIR: /opt/hostedtoolcache/Python/3.12.11/x64
2025-08-20T01:18:14.2047490Z   Python3_ROOT_DIR: /opt/hostedtoolcache/Python/3.12.11/x64
2025-08-20T01:18:14.2047839Z   LD_LIBRARY_PATH: /opt/hostedtoolcache/Python/3.12.11/x64/lib
2025-08-20T01:18:14.2048118Z ##[endgroup]
2025-08-20T01:18:14.7930007Z Collecting Jinja2==3.1.6 (from -r requirements-dev.txt (line 2))
2025-08-20T01:18:14.7943202Z   Using cached jinja2-3.1.6-py3-none-any.whl.metadata (2.9 kB)
2025-08-20T01:18:14.8151125Z Collecting alembic==1.13.1 (from -r requirements-dev.txt (line 3))
2025-08-20T01:18:14.8162995Z   Using cached alembic-1.13.1-py3-none-any.whl.metadata (7.4 kB)
2025-08-20T01:18:14.8330891Z Collecting apscheduler==3.10.4 (from -r requirements-dev.txt (line 4))
2025-08-20T01:18:14.8342618Z   Using cached APScheduler-3.10.4-py3-none-any.whl.metadata (5.7 kB)
2025-08-20T01:18:14.8556116Z Collecting asgi-correlation-id==4.3.1 (from -r requirements-dev.txt (line 5))
2025-08-20T01:18:14.8567812Z   Using cached asgi_correlation_id-4.3.1-py3-none-any.whl.metadata (28 kB)
2025-08-20T01:18:14.8969004Z Collecting asyncpg==0.30.0 (from -r requirements-dev.txt (line 6))
2025-08-20T01:18:14.8981070Z   Using cached asyncpg-0.30.0-cp312-cp312-manylinux_2_17_x86_64.manylinux2014_x86_64.whl.metadata (5.0 kB)
2025-08-20T01:18:14.9399446Z Collecting black==25.1.0 (from -r requirements-dev.txt (line 7))
2025-08-20T01:18:14.9411727Z   Using cached black-25.1.0-cp312-cp312-manylinux_2_17_x86_64.manylinux2014_x86_64.manylinux_2_28_x86_64.whl.metadata (81 kB)
2025-08-20T01:18:15.2854090Z Collecting boto3 (from -r requirements-dev.txt (line 8))
2025-08-20T01:18:15.3172092Z   Downloading boto3-1.40.13-py3-none-any.whl.metadata (6.7 kB)
2025-08-20T01:18:15.3472759Z Collecting redis==6.* (from -r requirements-dev.txt (line 9))
2025-08-20T01:18:15.3484895Z   Using cached redis-6.4.0-py3-none-any.whl.metadata (10 kB)
2025-08-20T01:18:15.3798144Z Collecting minio==7.* (from -r requirements-dev.txt (line 10))
2025-08-20T01:18:15.3809696Z   Using cached minio-7.2.16-py3-none-any.whl.metadata (6.5 kB)
2025-08-20T01:18:15.4097400Z Collecting celery==5.5.3 (from -r requirements-dev.txt (line 11))
2025-08-20T01:18:15.4109113Z   Using cached celery-5.5.3-py3-none-any.whl.metadata (22 kB)
2025-08-20T01:18:15.4672005Z Collecting fastapi==0.116.1 (from -r requirements-dev.txt (line 12))
2025-08-20T01:18:15.4683747Z   Using cached fastapi-0.116.1-py3-none-any.whl.metadata (28 kB)
2025-08-20T01:18:15.5457922Z Collecting fastapi-limiter==0.1.6 (from -r requirements-dev.txt (line 14))
2025-08-20T01:18:15.5469840Z   Using cached fastapi_limiter-0.1.6-py3-none-any.whl.metadata (5.3 kB)
2025-08-20T01:18:15.5958237Z Collecting httpx<0.29,>=0.27 (from -r requirements-dev.txt (line 15))
2025-08-20T01:18:15.5970534Z   Using cached httpx-0.28.1-py3-none-any.whl.metadata (7.1 kB)
2025-08-20T01:18:15.6115875Z Collecting imapclient==3.0.1 (from -r requirements-dev.txt (line 16))
2025-08-20T01:18:15.6127329Z   Using cached IMAPClient-3.0.1-py2.py3-none-any.whl.metadata (1.7 kB)
2025-08-20T01:18:15.6223043Z Collecting itsdangerous (from -r requirements-dev.txt (line 17))
2025-08-20T01:18:15.6234873Z   Using cached itsdangerous-2.2.0-py3-none-any.whl.metadata (1.9 kB)
2025-08-20T01:18:15.7185708Z Collecting mypy==1.* (from -r requirements-dev.txt (line 18))
2025-08-20T01:18:15.7199706Z   Using cached mypy-1.17.1-cp312-cp312-manylinux2014_x86_64.manylinux_2_17_x86_64.manylinux_2_28_x86_64.whl.metadata (2.2 kB)
2025-08-20T01:18:15.7296629Z Collecting mypy-extensions==1.1.0 (from -r requirements-dev.txt (line 19))
2025-08-20T01:18:15.7308109Z   Using cached mypy_extensions-1.1.0-py3-none-any.whl.metadata (1.1 kB)
2025-08-20T01:18:15.9089759Z Collecting numpy<2 (from -r requirements-dev.txt (line 20))
2025-08-20T01:18:15.9103068Z   Using cached numpy-1.26.4-cp312-cp312-manylinux_2_17_x86_64.manylinux2014_x86_64.whl.metadata (61 kB)
2025-08-20T01:18:15.9339003Z Collecting openpyxl==3.1.5 (from -r requirements-dev.txt (line 21))
2025-08-20T01:18:15.9351189Z   Using cached openpyxl-3.1.5-py2.py3-none-any.whl.metadata (2.5 kB)
2025-08-20T01:18:16.0377052Z Collecting pandas==2.2.* (from -r requirements-dev.txt (line 22))
2025-08-20T01:18:16.0390732Z   Using cached pandas-2.2.3-cp312-cp312-manylinux_2_17_x86_64.manylinux2014_x86_64.whl.metadata (89 kB)
2025-08-20T01:18:16.1306790Z Collecting psycopg2-binary==2.9.10 (from -r requirements-dev.txt (line 23))
2025-08-20T01:18:16.1319944Z   Using cached psycopg2_binary-2.9.10-cp312-cp312-manylinux_2_17_x86_64.manylinux2014_x86_64.whl.metadata (4.9 kB)
2025-08-20T01:18:16.1472577Z Collecting psycopg==3.2.9 (from psycopg[binary]==3.2.9->-r requirements-dev.txt (line 24))
2025-08-20T01:18:16.1484225Z   Using cached psycopg-3.2.9-py3-none-any.whl.metadata (4.5 kB)
2025-08-20T01:18:16.2538118Z Collecting pydantic==2.11.7 (from -r requirements-dev.txt (line 25))
2025-08-20T01:18:16.2551586Z   Using cached pydantic-2.11.7-py3-none-any.whl.metadata (67 kB)
2025-08-20T01:18:16.3741628Z Collecting setuptools (from -r requirements-dev.txt (line 26))
2025-08-20T01:18:16.3754760Z   Using cached setuptools-80.9.0-py3-none-any.whl.metadata (6.6 kB)
2025-08-20T01:18:16.4031899Z Collecting pytest-asyncio==0.23.6 (from -r requirements-dev.txt (line 27))
2025-08-20T01:18:16.4032850Z   Using cached pytest_asyncio-0.23.6-py3-none-any.whl.metadata (3.9 kB)
2025-08-20T01:18:16.4160728Z Collecting pytest-cov==6.2.1 (from -r requirements-dev.txt (line 28))
2025-08-20T01:18:16.4172488Z   Using cached pytest_cov-6.2.1-py3-none-any.whl.metadata (30 kB)
2025-08-20T01:18:16.4330155Z Collecting pytest-postgresql==7.0.2 (from -r requirements-dev.txt (line 29))
2025-08-20T01:18:16.4341793Z   Using cached pytest_postgresql-7.0.2-py3-none-any.whl.metadata (18 kB)
2025-08-20T01:18:16.4497296Z Collecting python-dotenv (from -r requirements-dev.txt (line 30))
2025-08-20T01:18:16.4509154Z   Using cached python_dotenv-1.1.1-py3-none-any.whl.metadata (24 kB)
2025-08-20T01:18:16.4622847Z Collecting python-multipart (from -r requirements-dev.txt (line 31))
2025-08-20T01:18:16.4634857Z   Using cached python_multipart-0.0.20-py3-none-any.whl.metadata (1.8 kB)
2025-08-20T01:18:16.5437627Z Collecting python-telegram-bot==22.3 (from -r requirements-dev.txt (line 32))
2025-08-20T01:18:16.5449615Z   Using cached python_telegram_bot-22.3-py3-none-any.whl.metadata (17 kB)
2025-08-20T01:18:16.5725182Z Collecting requests==2.32.4 (from -r requirements-dev.txt (line 33))
2025-08-20T01:18:16.5737253Z   Using cached requests-2.32.4-py3-none-any.whl.metadata (4.9 kB)
2025-08-20T01:18:16.5897677Z Collecting respx==0.22.0 (from -r requirements-dev.txt (line 34))
2025-08-20T01:18:16.5909251Z   Using cached respx-0.22.0-py2.py3-none-any.whl.metadata (4.1 kB)
2025-08-20T01:18:16.9394251Z Collecting ruff==0.4.4 (from -r requirements-dev.txt (line 35))
2025-08-20T01:18:16.9408500Z   Using cached ruff-0.4.4-py3-none-manylinux_2_17_x86_64.manylinux2014_x86_64.whl.metadata (23 kB)
2025-08-20T01:18:17.1939747Z Collecting sqlalchemy==2.0.43 (from -r requirements-dev.txt (line 36))
2025-08-20T01:18:17.1953578Z   Using cached sqlalchemy-2.0.43-cp312-cp312-manylinux_2_17_x86_64.manylinux2014_x86_64.whl.metadata (9.6 kB)
2025-08-20T01:18:17.2156662Z Collecting structlog==24.1.0 (from -r requirements-dev.txt (line 37))
2025-08-20T01:18:17.2168348Z   Using cached structlog-24.1.0-py3-none-any.whl.metadata (6.9 kB)
2025-08-20T01:18:17.2326658Z Collecting testcontainers==4.10.0 (from testcontainers[postgres]==4.10.0->-r requirements-dev.txt (line 38))
2025-08-20T01:18:17.2338387Z   Using cached testcontainers-4.10.0-py3-none-any.whl.metadata (7.8 kB)
2025-08-20T01:18:17.2697180Z Collecting types-requests==2.32.4.20250809 (from -r requirements-dev.txt (line 39))
2025-08-20T01:18:17.2709381Z   Using cached types_requests-2.32.4.20250809-py3-none-any.whl.metadata (2.0 kB)
2025-08-20T01:18:17.2810271Z Collecting docspec-python==2.2.2 (from -r requirements-dev.txt (line 40))
2025-08-20T01:18:17.2822021Z   Using cached docspec_python-2.2.2-py3-none-any.whl.metadata (1.0 kB)
2025-08-20T01:18:17.2954415Z Collecting pydoc-markdown==4.8.2 (from -r requirements-dev.txt (line 41))
2025-08-20T01:18:17.2966266Z   Using cached pydoc_markdown-4.8.2-py3-none-any.whl.metadata (5.9 kB)
2025-08-20T01:18:17.3241160Z Collecting pandera==0.19.* (from -r requirements-dev.txt (line 42))
2025-08-20T01:18:17.3252931Z   Using cached pandera-0.19.3-py3-none-any.whl.metadata (15 kB)
2025-08-20T01:18:17.4233343Z Collecting MarkupSafe>=2.0 (from Jinja2==3.1.6->-r requirements-dev.txt (line 2))
2025-08-20T01:18:17.4246768Z   Using cached MarkupSafe-3.0.2-cp312-cp312-manylinux_2_17_x86_64.manylinux2014_x86_64.whl.metadata (4.0 kB)
2025-08-20T01:18:17.4540735Z Collecting Mako (from alembic==1.13.1->-r requirements-dev.txt (line 3))
2025-08-20T01:18:17.4552640Z   Using cached mako-1.3.10-py3-none-any.whl.metadata (2.9 kB)
2025-08-20T01:18:17.4723328Z Collecting typing-extensions>=4 (from alembic==1.13.1->-r requirements-dev.txt (line 3))
2025-08-20T01:18:17.4735243Z   Using cached typing_extensions-4.14.1-py3-none-any.whl.metadata (3.0 kB)
2025-08-20T01:18:17.4865018Z Collecting six>=1.4.0 (from apscheduler==3.10.4->-r requirements-dev.txt (line 4))
2025-08-20T01:18:17.4876640Z   Using cached six-1.17.0-py2.py3-none-any.whl.metadata (1.7 kB)
2025-08-20T01:18:17.5200254Z Collecting pytz (from apscheduler==3.10.4->-r requirements-dev.txt (line 4))
2025-08-20T01:18:17.5212526Z   Using cached pytz-2025.2-py2.py3-none-any.whl.metadata (22 kB)
2025-08-20T01:18:17.5360544Z Collecting tzlocal!=3.*,>=2.0 (from apscheduler==3.10.4->-r requirements-dev.txt (line 4))
2025-08-20T01:18:17.5371472Z   Using cached tzlocal-5.3.1-py3-none-any.whl.metadata (7.6 kB)
2025-08-20T01:18:17.5656712Z Collecting starlette>=0.18 (from asgi-correlation-id==4.3.1->-r requirements-dev.txt (line 5))
2025-08-20T01:18:17.5668828Z   Using cached starlette-0.47.2-py3-none-any.whl.metadata (6.2 kB)
2025-08-20T01:18:17.5866185Z Collecting click>=8.0.0 (from black==25.1.0->-r requirements-dev.txt (line 7))
2025-08-20T01:18:17.5877260Z   Using cached click-8.2.1-py3-none-any.whl.metadata (2.5 kB)
2025-08-20T01:18:17.6017005Z Collecting packaging>=22.0 (from black==25.1.0->-r requirements-dev.txt (line 7))
2025-08-20T01:18:17.6028265Z   Using cached packaging-25.0-py3-none-any.whl.metadata (3.3 kB)
2025-08-20T01:18:17.6124284Z Collecting pathspec>=0.9.0 (from black==25.1.0->-r requirements-dev.txt (line 7))
2025-08-20T01:18:17.6135590Z   Using cached pathspec-0.12.1-py3-none-any.whl.metadata (21 kB)
2025-08-20T01:18:17.6303142Z Collecting platformdirs>=2 (from black==25.1.0->-r requirements-dev.txt (line 7))
2025-08-20T01:18:17.6314126Z   Using cached platformdirs-4.3.8-py3-none-any.whl.metadata (12 kB)
2025-08-20T01:18:17.6500850Z Collecting billiard<5.0,>=4.2.1 (from celery==5.5.3->-r requirements-dev.txt (line 11))
2025-08-20T01:18:17.6511577Z   Using cached billiard-4.2.1-py3-none-any.whl.metadata (4.4 kB)
2025-08-20T01:18:17.6790858Z Collecting kombu<5.6,>=5.5.2 (from celery==5.5.3->-r requirements-dev.txt (line 11))
2025-08-20T01:18:17.6802430Z   Using cached kombu-5.5.4-py3-none-any.whl.metadata (3.5 kB)
2025-08-20T01:18:17.6967019Z Collecting vine<6.0,>=5.1.0 (from celery==5.5.3->-r requirements-dev.txt (line 11))
2025-08-20T01:18:17.6978387Z   Using cached vine-5.1.0-py3-none-any.whl.metadata (2.7 kB)
2025-08-20T01:18:17.7097782Z Collecting click-didyoumean>=0.3.0 (from celery==5.5.3->-r requirements-dev.txt (line 11))
2025-08-20T01:18:17.7109680Z   Using cached click_didyoumean-0.3.1-py3-none-any.whl.metadata (3.9 kB)
2025-08-20T01:18:17.7182618Z Collecting click-repl>=0.2.0 (from celery==5.5.3->-r requirements-dev.txt (line 11))
2025-08-20T01:18:17.7194056Z   Using cached click_repl-0.3.0-py3-none-any.whl.metadata (3.6 kB)
2025-08-20T01:18:17.7269371Z Collecting click-plugins>=1.1.1 (from celery==5.5.3->-r requirements-dev.txt (line 11))
2025-08-20T01:18:17.7281048Z   Using cached click_plugins-1.1.1.2-py2.py3-none-any.whl.metadata (6.5 kB)
2025-08-20T01:18:17.7388722Z Collecting python-dateutil>=2.8.2 (from celery==5.5.3->-r requirements-dev.txt (line 11))
2025-08-20T01:18:17.7400436Z   Using cached python_dateutil-2.9.0.post0-py2.py3-none-any.whl.metadata (8.4 kB)
2025-08-20T01:18:17.8104259Z Collecting annotated-types>=0.6.0 (from pydantic==2.11.7->-r requirements-dev.txt (line 25))
2025-08-20T01:18:17.8117320Z   Using cached annotated_types-0.7.0-py3-none-any.whl.metadata (15 kB)
2025-08-20T01:18:18.4677483Z Collecting pydantic-core==2.33.2 (from pydantic==2.11.7->-r requirements-dev.txt (line 25))
2025-08-20T01:18:18.4691821Z   Using cached pydantic_core-2.33.2-cp312-cp312-manylinux_2_17_x86_64.manylinux2014_x86_64.whl.metadata (6.8 kB)
2025-08-20T01:18:18.4823494Z Collecting typing-inspection>=0.4.0 (from pydantic==2.11.7->-r requirements-dev.txt (line 25))
2025-08-20T01:18:18.4835478Z   Using cached typing_inspection-0.4.1-py3-none-any.whl.metadata (2.6 kB)
2025-08-20T01:18:18.5068993Z Collecting et-xmlfile (from openpyxl==3.1.5->-r requirements-dev.txt (line 21))
2025-08-20T01:18:18.5080699Z   Using cached et_xmlfile-2.0.0-py3-none-any.whl.metadata (2.7 kB)
2025-08-20T01:18:18.5503895Z Collecting pytest<9,>=7.0.0 (from pytest-asyncio==0.23.6->-r requirements-dev.txt (line 27))
2025-08-20T01:18:18.5516641Z   Using cached pytest-8.4.1-py3-none-any.whl.metadata (7.7 kB)
2025-08-20T01:18:18.8645813Z Collecting coverage>=7.5 (from coverage[toml]>=7.5->pytest-cov==6.2.1->-r requirements-dev.txt (line 28))
2025-08-20T01:18:18.8660329Z   Using cached coverage-7.10.4-cp312-cp312-manylinux1_x86_64.manylinux_2_28_x86_64.manylinux_2_5_x86_64.whl.metadata (8.9 kB)
2025-08-20T01:18:18.8772453Z Collecting pluggy>=1.2 (from pytest-cov==6.2.1->-r requirements-dev.txt (line 28))
2025-08-20T01:18:18.8784412Z   Using cached pluggy-1.6.0-py3-none-any.whl.metadata (4.8 kB)
2025-08-20T01:18:18.9069133Z Collecting port-for>=0.7.3 (from pytest-postgresql==7.0.2->-r requirements-dev.txt (line 29))
2025-08-20T01:18:18.9080723Z   Using cached port_for-0.7.4-py3-none-any.whl.metadata (7.1 kB)
2025-08-20T01:18:18.9216337Z Collecting mirakuru>=2.6.0 (from pytest-postgresql==7.0.2->-r requirements-dev.txt (line 29))
2025-08-20T01:18:18.9227778Z   Using cached mirakuru-2.6.1-py3-none-any.whl.metadata (10 kB)
2025-08-20T01:18:19.0048131Z Collecting charset_normalizer<4,>=2 (from requests==2.32.4->-r requirements-dev.txt (line 33))
2025-08-20T01:18:19.0061835Z   Using cached charset_normalizer-3.4.3-cp312-cp312-manylinux2014_x86_64.manylinux_2_17_x86_64.manylinux_2_28_x86_64.whl.metadata (36 kB)
2025-08-20T01:18:19.0203032Z Collecting idna<4,>=2.5 (from requests==2.32.4->-r requirements-dev.txt (line 33))
2025-08-20T01:18:19.0215076Z   Using cached idna-3.10-py3-none-any.whl.metadata (10 kB)
2025-08-20T01:18:19.0482698Z Collecting urllib3<3,>=1.21.1 (from requests==2.32.4->-r requirements-dev.txt (line 33))
2025-08-20T01:18:19.0494389Z   Using cached urllib3-2.5.0-py3-none-any.whl.metadata (6.5 kB)
2025-08-20T01:18:19.0738747Z Collecting certifi>=2017.4.17 (from requests==2.32.4->-r requirements-dev.txt (line 33))
2025-08-20T01:18:19.0750750Z   Using cached certifi-2025.8.3-py3-none-any.whl.metadata (2.4 kB)
2025-08-20T01:18:19.2818808Z Collecting greenlet>=1 (from sqlalchemy==2.0.43->-r requirements-dev.txt (line 36))
2025-08-20T01:18:19.2833283Z   Using cached greenlet-3.2.4-cp312-cp312-manylinux_2_24_x86_64.manylinux_2_28_x86_64.whl.metadata (4.1 kB)
2025-08-20T01:18:19.3104974Z Collecting docker (from testcontainers==4.10.0->testcontainers[postgres]==4.10.0->-r requirements-dev.txt (line 38))
2025-08-20T01:18:19.3116143Z   Using cached docker-7.1.0-py3-none-any.whl.metadata (3.8 kB)
2025-08-20T01:18:19.4096826Z Collecting wrapt (from testcontainers==4.10.0->testcontainers[postgres]==4.10.0->-r requirements-dev.txt (line 38))
2025-08-20T01:18:19.4109530Z   Using cached wrapt-1.17.3-cp312-cp312-manylinux1_x86_64.manylinux_2_28_x86_64.manylinux_2_5_x86_64.whl.metadata (6.4 kB)
2025-08-20T01:18:19.4323258Z Collecting docspec==2.2.1 (from docspec-python==2.2.2->-r requirements-dev.txt (line 40))
2025-08-20T01:18:19.4334084Z   Using cached docspec-2.2.1-py3-none-any.whl.metadata (1.5 kB)
2025-08-20T01:18:19.4468310Z Collecting nr-util>=0.8.12 (from docspec-python==2.2.2->-r requirements-dev.txt (line 40))
2025-08-20T01:18:19.4479590Z   Using cached nr.util-0.8.12-py3-none-any.whl.metadata (813 bytes)
2025-08-20T01:18:19.4801224Z Collecting PyYAML<7.0,>=5.0 (from pydoc-markdown==4.8.2->-r requirements-dev.txt (line 41))
2025-08-20T01:18:19.4813140Z   Using cached PyYAML-6.0.2-cp312-cp312-manylinux_2_17_x86_64.manylinux2014_x86_64.whl.metadata (2.1 kB)
2025-08-20T01:18:19.5067185Z Collecting databind.core<5.0.0,>=4.4.0 (from pydoc-markdown==4.8.2->-r requirements-dev.txt (line 41))
2025-08-20T01:18:19.5077582Z   Using cached databind.core-4.5.2-py3-none-any.whl.metadata (1.1 kB)
2025-08-20T01:18:19.5277549Z Collecting databind.json<5.0.0,>=4.4.0 (from pydoc-markdown==4.8.2->-r requirements-dev.txt (line 41))
2025-08-20T01:18:19.5289665Z   Using cached databind.json-4.5.2-py3-none-any.whl.metadata (1.1 kB)
2025-08-20T01:18:19.5420645Z Collecting docstring-parser<0.12,>=0.11 (from pydoc-markdown==4.8.2->-r requirements-dev.txt (line 41))
2025-08-20T01:18:19.5422081Z   Using cached docstring_parser-0.11-py3-none-any.whl
2025-08-20T01:18:19.5748853Z Collecting tomli<3.0.0,>=2.0.0 (from pydoc-markdown==4.8.2->-r requirements-dev.txt (line 41))
2025-08-20T01:18:19.5760791Z   Using cached tomli-2.2.1-cp312-cp312-manylinux_2_17_x86_64.manylinux2014_x86_64.whl.metadata (11 kB)
2025-08-20T01:18:19.5843843Z Collecting tomli_w<2.0.0,>=1.0.0 (from pydoc-markdown==4.8.2->-r requirements-dev.txt (line 41))
2025-08-20T01:18:19.5855230Z   Using cached tomli_w-1.2.0-py3-none-any.whl.metadata (5.7 kB)
2025-08-20T01:18:19.6285795Z Collecting watchdog (from pydoc-markdown==4.8.2->-r requirements-dev.txt (line 41))
2025-08-20T01:18:19.6299673Z   Using cached watchdog-6.0.0-py3-none-manylinux2014_x86_64.whl.metadata (44 kB)
2025-08-20T01:18:19.6501701Z Collecting yapf>=0.30.0 (from pydoc-markdown==4.8.2->-r requirements-dev.txt (line 41))
2025-08-20T01:18:19.6513710Z   Using cached yapf-0.43.0-py3-none-any.whl.metadata (46 kB)
2025-08-20T01:18:19.6687459Z Collecting Deprecated<2.0.0,>=1.2.12 (from docspec==2.2.1->docspec-python==2.2.2->-r requirements-dev.txt (line 40))
2025-08-20T01:18:19.6699244Z   Using cached Deprecated-1.2.18-py2.py3-none-any.whl.metadata (5.7 kB)
2025-08-20T01:18:19.8241014Z Collecting psycopg-binary==3.2.9 (from psycopg[binary]==3.2.9->-r requirements-dev.txt (line 24))
2025-08-20T01:18:19.8255286Z   Using cached psycopg_binary-3.2.9-cp312-cp312-manylinux_2_17_x86_64.manylinux2014_x86_64.whl.metadata (2.9 kB)
2025-08-20T01:18:19.8591691Z Collecting argon2-cffi (from minio==7.*->-r requirements-dev.txt (line 10))
2025-08-20T01:18:19.8603220Z   Using cached argon2_cffi-25.1.0-py3-none-any.whl.metadata (4.1 kB)
2025-08-20T01:18:19.9392108Z Collecting pycryptodome (from minio==7.*->-r requirements-dev.txt (line 10))
2025-08-20T01:18:19.9407018Z   Using cached pycryptodome-3.23.0-cp37-abi3-manylinux_2_17_x86_64.manylinux2014_x86_64.whl.metadata (3.4 kB)
2025-08-20T01:18:19.9584118Z Collecting anyio (from httpx<0.29,>=0.27->-r requirements-dev.txt (line 15))
2025-08-20T01:18:19.9595243Z   Using cached anyio-4.10.0-py3-none-any.whl.metadata (4.0 kB)
2025-08-20T01:18:19.9765210Z Collecting httpcore==1.* (from httpx<0.29,>=0.27->-r requirements-dev.txt (line 15))
2025-08-20T01:18:19.9776492Z   Using cached httpcore-1.0.9-py3-none-any.whl.metadata (21 kB)
2025-08-20T01:18:20.0072264Z Collecting tzdata>=2022.7 (from pandas==2.2.*->-r requirements-dev.txt (line 22))
2025-08-20T01:18:20.0083171Z   Using cached tzdata-2025.2-py2.py3-none-any.whl.metadata (1.4 kB)
2025-08-20T01:18:20.0224272Z Collecting multimethod<=1.10.0 (from pandera==0.19.*->-r requirements-dev.txt (line 42))
2025-08-20T01:18:20.0235197Z   Using cached multimethod-1.10-py3-none-any.whl.metadata (8.2 kB)
2025-08-20T01:18:20.0568549Z Collecting typeguard (from pandera==0.19.*->-r requirements-dev.txt (line 42))
2025-08-20T01:18:20.0579822Z   Using cached typeguard-4.4.4-py3-none-any.whl.metadata (3.3 kB)
2025-08-20T01:18:20.0709941Z Collecting typing-inspect>=0.6.0 (from pandera==0.19.*->-r requirements-dev.txt (line 42))
2025-08-20T01:18:20.0721420Z   Using cached typing_inspect-0.9.0-py3-none-any.whl.metadata (1.5 kB)
2025-08-20T01:18:20.0981195Z Collecting databind<5.0.0,>=4.5.2 (from databind.core<5.0.0,>=4.4.0->pydoc-markdown==4.8.2->-r requirements-dev.txt (line 41))
2025-08-20T01:18:20.0992359Z   Using cached databind-4.5.2-py3-none-any.whl.metadata (4.3 kB)
2025-08-20T01:18:20.1090337Z Collecting nr-date<3.0.0,>=2.0.0 (from databind<5.0.0,>=4.5.2->databind.core<5.0.0,>=4.4.0->pydoc-markdown==4.8.2->-r requirements-dev.txt (line 41))
2025-08-20T01:18:20.1101143Z   Using cached nr_date-2.1.0-py3-none-any.whl.metadata (746 bytes)
2025-08-20T01:18:20.1203585Z Collecting nr-stream<2.0.0,>=1.0.0 (from databind<5.0.0,>=4.5.2->databind.core<5.0.0,>=4.4.0->pydoc-markdown==4.8.2->-r requirements-dev.txt (line 41))
2025-08-20T01:18:20.1214317Z   Using cached nr_stream-1.1.5-py3-none-any.whl.metadata (3.6 kB)
2025-08-20T01:18:20.1351929Z Collecting typeapi<3,>=2.0.1 (from databind<5.0.0,>=4.5.2->databind.core<5.0.0,>=4.4.0->pydoc-markdown==4.8.2->-r requirements-dev.txt (line 41))
2025-08-20T01:18:20.1362468Z   Using cached typeapi-2.2.4-py3-none-any.whl.metadata (1.5 kB)
2025-08-20T01:18:20.1622178Z Collecting h11>=0.16 (from httpcore==1.*->httpx<0.29,>=0.27->-r requirements-dev.txt (line 15))
2025-08-20T01:18:20.1633066Z   Using cached h11-0.16.0-py3-none-any.whl.metadata (8.3 kB)
2025-08-20T01:18:20.1853660Z Collecting amqp<6.0.0,>=5.1.1 (from kombu<5.6,>=5.5.2->celery==5.5.3->-r requirements-dev.txt (line 11))
2025-08-20T01:18:20.1865685Z   Using cached amqp-5.3.1-py3-none-any.whl.metadata (8.9 kB)
2025-08-20T01:18:20.2286437Z Collecting iniconfig>=1 (from pytest<9,>=7.0.0->pytest-asyncio==0.23.6->-r requirements-dev.txt (line 27))
2025-08-20T01:18:20.2297418Z   Using cached iniconfig-2.1.0-py3-none-any.whl.metadata (2.7 kB)
2025-08-20T01:18:20.2496089Z Collecting pygments>=2.7.2 (from pytest<9,>=7.0.0->pytest-asyncio==0.23.6->-r requirements-dev.txt (line 27))
2025-08-20T01:18:20.2507201Z   Using cached pygments-2.19.2-py3-none-any.whl.metadata (2.5 kB)
2025-08-20T01:18:20.2811847Z Collecting sniffio>=1.1 (from anyio->httpx<0.29,>=0.27->-r requirements-dev.txt (line 15))
2025-08-20T01:18:20.2822691Z   Using cached sniffio-1.3.1-py3-none-any.whl.metadata (3.9 kB)
2025-08-20T01:18:20.7218802Z Collecting botocore<1.41.0,>=1.40.13 (from boto3->-r requirements-dev.txt (line 8))
2025-08-20T01:18:20.7269608Z   Downloading botocore-1.40.13-py3-none-any.whl.metadata (5.7 kB)
2025-08-20T01:18:20.7409561Z Collecting jmespath<2.0.0,>=0.7.1 (from boto3->-r requirements-dev.txt (line 8))
2025-08-20T01:18:20.7421794Z   Using cached jmespath-1.0.1-py3-none-any.whl.metadata (7.6 kB)
2025-08-20T01:18:20.7582072Z Collecting s3transfer<0.14.0,>=0.13.0 (from boto3->-r requirements-dev.txt (line 8))
2025-08-20T01:18:20.7593239Z   Using cached s3transfer-0.13.1-py3-none-any.whl.metadata (1.7 kB)
2025-08-20T01:18:20.9620935Z Collecting fastapi-cli>=0.0.8 (from fastapi-cli[standard]>=0.0.8; extra == "all"->fastapi[all]->-r requirements-dev.txt (line 13))
2025-08-20T01:18:20.9632161Z   Using cached fastapi_cli-0.0.8-py3-none-any.whl.metadata (6.3 kB)
2025-08-20T01:18:21.0337394Z Collecting ujson!=4.0.2,!=4.1.0,!=4.2.0,!=4.3.0,!=5.0.0,!=5.1.0,>=4.0.1 (from fastapi[all]->-r requirements-dev.txt (line 13))
2025-08-20T01:18:21.0349196Z   Using cached ujson-5.10.0-cp312-cp312-manylinux_2_17_x86_64.manylinux2014_x86_64.whl.metadata (9.3 kB)
2025-08-20T01:18:21.2656056Z Collecting orjson>=3.2.1 (from fastapi[all]->-r requirements-dev.txt (line 13))
2025-08-20T01:18:21.2669289Z   Using cached orjson-3.11.2-cp312-cp312-manylinux_2_17_x86_64.manylinux2014_x86_64.whl.metadata (1.2 kB)
2025-08-20T01:18:21.2778302Z Collecting email-validator>=2.0.0 (from fastapi[all]->-r requirements-dev.txt (line 13))
2025-08-20T01:18:21.2794934Z   Using cached email_validator-2.2.0-py3-none-any.whl.metadata (25 kB)
2025-08-20T01:18:21.3058119Z Collecting uvicorn>=0.12.0 (from uvicorn[standard]>=0.12.0; extra == "all"->fastapi[all]->-r requirements-dev.txt (line 13))
2025-08-20T01:18:21.3068859Z   Using cached uvicorn-0.35.0-py3-none-any.whl.metadata (6.5 kB)
2025-08-20T01:18:21.3236199Z Collecting pydantic-settings>=2.0.0 (from fastapi[all]->-r requirements-dev.txt (line 13))
2025-08-20T01:18:21.3247268Z   Using cached pydantic_settings-2.10.1-py3-none-any.whl.metadata (3.4 kB)
2025-08-20T01:18:21.3364104Z Collecting pydantic-extra-types>=2.0.0 (from fastapi[all]->-r requirements-dev.txt (line 13))
2025-08-20T01:18:21.3375673Z   Using cached pydantic_extra_types-2.10.5-py3-none-any.whl.metadata (3.9 kB)
2025-08-20T01:18:21.4047060Z Collecting prompt-toolkit>=3.0.36 (from click-repl>=0.2.0->celery==5.5.3->-r requirements-dev.txt (line 11))
2025-08-20T01:18:21.4058511Z   Using cached prompt_toolkit-3.0.51-py3-none-any.whl.metadata (6.4 kB)
2025-08-20T01:18:21.4225284Z Collecting dnspython>=2.0.0 (from email-validator>=2.0.0->fastapi[all]->-r requirements-dev.txt (line 13))
2025-08-20T01:18:21.4235993Z   Using cached dnspython-2.7.0-py3-none-any.whl.metadata (5.8 kB)
2025-08-20T01:18:21.4501352Z Collecting typer>=0.15.1 (from fastapi-cli>=0.0.8->fastapi-cli[standard]>=0.0.8; extra == "all"->fastapi[all]->-r requirements-dev.txt (line 13))
2025-08-20T01:18:21.4513356Z   Using cached typer-0.16.1-py3-none-any.whl.metadata (15 kB)
2025-08-20T01:18:21.4758631Z Collecting rich-toolkit>=0.14.8 (from fastapi-cli>=0.0.8->fastapi-cli[standard]>=0.0.8; extra == "all"->fastapi[all]->-r requirements-dev.txt (line 13))
2025-08-20T01:18:21.4769261Z   Using cached rich_toolkit-0.15.0-py3-none-any.whl.metadata (1.0 kB)
2025-08-20T01:18:21.4868312Z Collecting fastapi-cloud-cli>=0.1.1 (from fastapi-cli[standard]>=0.0.8; extra == "all"->fastapi[all]->-r requirements-dev.txt (line 13))
2025-08-20T01:18:21.4879158Z   Using cached fastapi_cloud_cli-0.1.5-py3-none-any.whl.metadata (3.2 kB)
2025-08-20T01:18:21.5579588Z Collecting rignore>=0.5.1 (from fastapi-cloud-cli>=0.1.1->fastapi-cli[standard]>=0.0.8; extra == "all"->fastapi[all]->-r requirements-dev.txt (line 13))
2025-08-20T01:18:21.5591802Z   Using cached rignore-0.6.4-cp312-cp312-manylinux_2_17_x86_64.manylinux2014_x86_64.whl.metadata (3.8 kB)
2025-08-20T01:18:21.6507179Z Collecting sentry-sdk>=2.20.0 (from fastapi-cloud-cli>=0.1.1->fastapi-cli[standard]>=0.0.8; extra == "all"->fastapi[all]->-r requirements-dev.txt (line 13))
2025-08-20T01:18:21.6518337Z   Using cached sentry_sdk-2.35.0-py2.py3-none-any.whl.metadata (10 kB)
2025-08-20T01:18:21.7432837Z Collecting psutil>=4.0.0 (from mirakuru>=2.6.0->pytest-postgresql==7.0.2->-r requirements-dev.txt (line 29))
2025-08-20T01:18:21.7446024Z   Using cached psutil-7.0.0-cp36-abi3-manylinux_2_12_x86_64.manylinux2010_x86_64.manylinux_2_17_x86_64.manylinux2014_x86_64.whl.metadata (22 kB)
2025-08-20T01:18:21.7751581Z Collecting wcwidth (from prompt-toolkit>=3.0.36->click-repl>=0.2.0->celery==5.5.3->-r requirements-dev.txt (line 11))
2025-08-20T01:18:21.7762500Z   Using cached wcwidth-0.2.13-py2.py3-none-any.whl.metadata (14 kB)
2025-08-20T01:18:21.9195679Z Collecting rich>=13.7.1 (from rich-toolkit>=0.14.8->fastapi-cli>=0.0.8->fastapi-cli[standard]>=0.0.8; extra == "all"->fastapi[all]->-r requirements-dev.txt (line 13))
2025-08-20T01:18:21.9206826Z   Using cached rich-14.1.0-py3-none-any.whl.metadata (18 kB)
2025-08-20T01:18:21.9380169Z Collecting markdown-it-py>=2.2.0 (from rich>=13.7.1->rich-toolkit>=0.14.8->fastapi-cli>=0.0.8->fastapi-cli[standard]>=0.0.8; extra == "all"->fastapi[all]->-r requirements-dev.txt (line 13))
2025-08-20T01:18:21.9391058Z   Using cached markdown_it_py-4.0.0-py3-none-any.whl.metadata (7.3 kB)
2025-08-20T01:18:21.9593668Z Collecting mdurl~=0.1 (from markdown-it-py>=2.2.0->rich>=13.7.1->rich-toolkit>=0.14.8->fastapi-cli>=0.0.8->fastapi-cli[standard]>=0.0.8; extra == "all"->fastapi[all]->-r requirements-dev.txt (line 13))
2025-08-20T01:18:21.9604904Z   Using cached mdurl-0.1.2-py3-none-any.whl.metadata (1.6 kB)
2025-08-20T01:18:22.0119403Z Collecting shellingham>=1.3.0 (from typer>=0.15.1->fastapi-cli>=0.0.8->fastapi-cli[standard]>=0.0.8; extra == "all"->fastapi[all]->-r requirements-dev.txt (line 13))
2025-08-20T01:18:22.0130496Z   Using cached shellingham-1.5.4-py2.py3-none-any.whl.metadata (3.5 kB)
2025-08-20T01:18:22.0885143Z Collecting httptools>=0.6.3 (from uvicorn[standard]>=0.12.0; extra == "all"->fastapi[all]->-r requirements-dev.txt (line 13))
2025-08-20T01:18:22.0897198Z   Using cached httptools-0.6.4-cp312-cp312-manylinux_2_5_x86_64.manylinux1_x86_64.manylinux_2_17_x86_64.manylinux2014_x86_64.whl.metadata (3.6 kB)
2025-08-20T01:18:22.1308299Z Collecting uvloop>=0.15.1 (from uvicorn[standard]>=0.12.0; extra == "all"->fastapi[all]->-r requirements-dev.txt (line 13))
2025-08-20T01:18:22.1319833Z   Using cached uvloop-0.21.0-cp312-cp312-manylinux_2_17_x86_64.manylinux2014_x86_64.whl.metadata (4.9 kB)
2025-08-20T01:18:22.2006058Z Collecting watchfiles>=0.13 (from uvicorn[standard]>=0.12.0; extra == "all"->fastapi[all]->-r requirements-dev.txt (line 13))
2025-08-20T01:18:22.2018492Z   Using cached watchfiles-1.1.0-cp312-cp312-manylinux_2_17_x86_64.manylinux2014_x86_64.whl.metadata (4.9 kB)
2025-08-20T01:18:22.4555976Z Collecting websockets>=10.4 (from uvicorn[standard]>=0.12.0; extra == "all"->fastapi[all]->-r requirements-dev.txt (line 13))
2025-08-20T01:18:22.4570108Z   Using cached websockets-15.0.1-cp312-cp312-manylinux_2_5_x86_64.manylinux1_x86_64.manylinux_2_17_x86_64.manylinux2014_x86_64.whl.metadata (6.8 kB)
2025-08-20T01:18:22.6203217Z Collecting argon2-cffi-bindings (from argon2-cffi->minio==7.*->-r requirements-dev.txt (line 10))
2025-08-20T01:18:22.6215347Z   Using cached argon2_cffi_bindings-25.1.0-cp39-abi3-manylinux_2_26_x86_64.manylinux_2_28_x86_64.whl.metadata (7.4 kB)
2025-08-20T01:18:22.7682815Z Collecting cffi>=1.0.1 (from argon2-cffi-bindings->argon2-cffi->minio==7.*->-r requirements-dev.txt (line 10))
2025-08-20T01:18:22.7695634Z   Using cached cffi-1.17.1-cp312-cp312-manylinux_2_17_x86_64.manylinux2014_x86_64.whl.metadata (1.5 kB)
2025-08-20T01:18:22.7818029Z Collecting pycparser (from cffi>=1.0.1->argon2-cffi-bindings->argon2-cffi->minio==7.*->-r requirements-dev.txt (line 10))
2025-08-20T01:18:22.7829130Z   Using cached pycparser-2.22-py3-none-any.whl.metadata (943 bytes)
2025-08-20T01:18:22.8413964Z Using cached jinja2-3.1.6-py3-none-any.whl (134 kB)
2025-08-20T01:18:22.8426720Z Using cached alembic-1.13.1-py3-none-any.whl (233 kB)
2025-08-20T01:18:22.8439335Z Using cached APScheduler-3.10.4-py3-none-any.whl (59 kB)
2025-08-20T01:18:22.8450708Z Using cached asgi_correlation_id-4.3.1-py3-none-any.whl (15 kB)
2025-08-20T01:18:22.8461834Z Using cached asyncpg-0.30.0-cp312-cp312-manylinux_2_17_x86_64.manylinux2014_x86_64.whl (3.6 MB)
2025-08-20T01:18:22.8499323Z Using cached black-25.1.0-cp312-cp312-manylinux_2_17_x86_64.manylinux2014_x86_64.manylinux_2_28_x86_64.whl (1.8 MB)
2025-08-20T01:18:22.8522133Z Using cached celery-5.5.3-py3-none-any.whl (438 kB)
2025-08-20T01:18:22.8535894Z Using cached fastapi-0.116.1-py3-none-any.whl (95 kB)
2025-08-20T01:18:22.8547337Z Using cached pydantic-2.11.7-py3-none-any.whl (444 kB)
2025-08-20T01:18:22.8560950Z Using cached fastapi_limiter-0.1.6-py3-none-any.whl (15 kB)
2025-08-20T01:18:22.8571751Z Using cached IMAPClient-3.0.1-py2.py3-none-any.whl (182 kB)
2025-08-20T01:18:22.8583596Z Using cached mypy_extensions-1.1.0-py3-none-any.whl (5.0 kB)
2025-08-20T01:18:22.8594337Z Using cached openpyxl-3.1.5-py2.py3-none-any.whl (250 kB)
2025-08-20T01:18:22.8607196Z Using cached psycopg2_binary-2.9.10-cp312-cp312-manylinux_2_17_x86_64.manylinux2014_x86_64.whl (3.0 MB)
2025-08-20T01:18:22.8640922Z Using cached psycopg-3.2.9-py3-none-any.whl (202 kB)
2025-08-20T01:18:22.8652803Z Using cached pytest_asyncio-0.23.6-py3-none-any.whl (17 kB)
2025-08-20T01:18:22.8663625Z Using cached pytest_cov-6.2.1-py3-none-any.whl (24 kB)
2025-08-20T01:18:22.8674201Z Using cached pytest_postgresql-7.0.2-py3-none-any.whl (41 kB)
2025-08-20T01:18:22.8685009Z Using cached python_telegram_bot-22.3-py3-none-any.whl (717 kB)
2025-08-20T01:18:22.8701050Z Using cached requests-2.32.4-py3-none-any.whl (64 kB)
2025-08-20T01:18:22.8712020Z Using cached respx-0.22.0-py2.py3-none-any.whl (25 kB)
2025-08-20T01:18:22.8722992Z Using cached ruff-0.4.4-py3-none-manylinux_2_17_x86_64.manylinux2014_x86_64.whl (8.7 MB)
2025-08-20T01:18:22.8795034Z Using cached sqlalchemy-2.0.43-cp312-cp312-manylinux_2_17_x86_64.manylinux2014_x86_64.whl (3.3 MB)
2025-08-20T01:18:22.8828362Z Using cached structlog-24.1.0-py3-none-any.whl (65 kB)
2025-08-20T01:18:22.8839469Z Using cached testcontainers-4.10.0-py3-none-any.whl (107 kB)
2025-08-20T01:18:22.8851051Z Using cached types_requests-2.32.4.20250809-py3-none-any.whl (20 kB)
2025-08-20T01:18:22.8861800Z Using cached docspec_python-2.2.2-py3-none-any.whl (15 kB)
2025-08-20T01:18:22.8872402Z Using cached pydoc_markdown-4.8.2-py3-none-any.whl (67 kB)
2025-08-20T01:18:22.8883304Z Using cached docspec-2.2.1-py3-none-any.whl (9.8 kB)
2025-08-20T01:18:22.8895428Z Using cached psycopg_binary-3.2.9-cp312-cp312-manylinux_2_17_x86_64.manylinux2014_x86_64.whl (4.4 MB)
2025-08-20T01:18:22.8938073Z Using cached pydantic_core-2.33.2-cp312-cp312-manylinux_2_17_x86_64.manylinux2014_x86_64.whl (2.0 MB)
2025-08-20T01:18:22.8962837Z Using cached redis-6.4.0-py3-none-any.whl (279 kB)
2025-08-20T01:18:22.8976124Z Using cached minio-7.2.16-py3-none-any.whl (95 kB)
2025-08-20T01:18:22.8987729Z Using cached httpx-0.28.1-py3-none-any.whl (73 kB)
2025-08-20T01:18:22.8999767Z Using cached mypy-1.17.1-cp312-cp312-manylinux2014_x86_64.manylinux_2_17_x86_64.manylinux_2_28_x86_64.whl (12.7 MB)
2025-08-20T01:18:22.9099940Z Using cached numpy-1.26.4-cp312-cp312-manylinux_2_17_x86_64.manylinux2014_x86_64.whl (18.0 MB)
2025-08-20T01:18:22.9235640Z Using cached pandas-2.2.3-cp312-cp312-manylinux_2_17_x86_64.manylinux2014_x86_64.whl (12.7 MB)
2025-08-20T01:18:22.9335059Z Using cached pandera-0.19.3-py3-none-any.whl (251 kB)
2025-08-20T01:18:22.9347985Z Using cached billiard-4.2.1-py3-none-any.whl (86 kB)
2025-08-20T01:18:22.9360215Z Using cached charset_normalizer-3.4.3-cp312-cp312-manylinux2014_x86_64.manylinux_2_17_x86_64.manylinux_2_28_x86_64.whl (151 kB)
2025-08-20T01:18:22.9372278Z Using cached click-8.2.1-py3-none-any.whl (102 kB)
2025-08-20T01:18:22.9383945Z Using cached databind.core-4.5.2-py3-none-any.whl (1.5 kB)
2025-08-20T01:18:22.9395099Z Using cached databind-4.5.2-py3-none-any.whl (49 kB)
2025-08-20T01:18:22.9407160Z Using cached databind.json-4.5.2-py3-none-any.whl (1.5 kB)
2025-08-20T01:18:22.9418417Z Using cached Deprecated-1.2.18-py2.py3-none-any.whl (10.0 kB)
2025-08-20T01:18:22.9429477Z Using cached httpcore-1.0.9-py3-none-any.whl (78 kB)
2025-08-20T01:18:22.9440956Z Using cached idna-3.10-py3-none-any.whl (70 kB)
2025-08-20T01:18:22.9452421Z Using cached kombu-5.5.4-py3-none-any.whl (210 kB)
2025-08-20T01:18:22.9465178Z Using cached vine-5.1.0-py3-none-any.whl (9.6 kB)
2025-08-20T01:18:22.9476131Z Using cached amqp-5.3.1-py3-none-any.whl (50 kB)
2025-08-20T01:18:22.9487353Z Using cached multimethod-1.10-py3-none-any.whl (9.9 kB)
2025-08-20T01:18:22.9498464Z Using cached nr_date-2.1.0-py3-none-any.whl (10 kB)
2025-08-20T01:18:22.9509674Z Using cached nr_stream-1.1.5-py3-none-any.whl (10 kB)
2025-08-20T01:18:22.9520306Z Using cached nr.util-0.8.12-py3-none-any.whl (90 kB)
2025-08-20T01:18:22.9531537Z Using cached pytest-8.4.1-py3-none-any.whl (365 kB)
2025-08-20T01:18:22.9545184Z Using cached pluggy-1.6.0-py3-none-any.whl (20 kB)
2025-08-20T01:18:22.9556721Z Using cached PyYAML-6.0.2-cp312-cp312-manylinux_2_17_x86_64.manylinux2014_x86_64.whl (767 kB)
2025-08-20T01:18:22.9572899Z Using cached starlette-0.47.2-py3-none-any.whl (72 kB)
2025-08-20T01:18:22.9584291Z Using cached anyio-4.10.0-py3-none-any.whl (107 kB)
2025-08-20T01:18:22.9596492Z Using cached tomli-2.2.1-cp312-cp312-manylinux_2_17_x86_64.manylinux2014_x86_64.whl (242 kB)
2025-08-20T01:18:22.9608946Z Using cached tomli_w-1.2.0-py3-none-any.whl (6.7 kB)
2025-08-20T01:18:22.9619954Z Using cached typeapi-2.2.4-py3-none-any.whl (26 kB)
2025-08-20T01:18:22.9631265Z Using cached typing_extensions-4.14.1-py3-none-any.whl (43 kB)
2025-08-20T01:18:22.9642525Z Using cached urllib3-2.5.0-py3-none-any.whl (129 kB)
2025-08-20T01:18:22.9655027Z Using cached wrapt-1.17.3-cp312-cp312-manylinux1_x86_64.manylinux_2_28_x86_64.manylinux_2_5_x86_64.whl (88 kB)
2025-08-20T01:18:22.9688255Z Downloading boto3-1.40.13-py3-none-any.whl (140 kB)
2025-08-20T01:18:22.9875180Z Downloading botocore-1.40.13-py3-none-any.whl (14.0 MB)
2025-08-20T01:18:23.0671206Z    ━━━━━━━━━━━━━━━━━━━━━━━━━━━━━━━━━━━━━━━━ 14.0/14.0 MB 185.0 MB/s  0:00:00
2025-08-20T01:18:23.0683690Z Using cached jmespath-1.0.1-py3-none-any.whl (20 kB)
2025-08-20T01:18:23.0695249Z Using cached python_dateutil-2.9.0.post0-py2.py3-none-any.whl (229 kB)
2025-08-20T01:18:23.0708223Z Using cached s3transfer-0.13.1-py3-none-any.whl (85 kB)
2025-08-20T01:18:23.0720112Z Using cached itsdangerous-2.2.0-py3-none-any.whl (16 kB)
2025-08-20T01:18:23.0731451Z Using cached setuptools-80.9.0-py3-none-any.whl (1.2 MB)
2025-08-20T01:18:23.0751382Z Using cached python_dotenv-1.1.1-py3-none-any.whl (20 kB)
2025-08-20T01:18:23.0762930Z Using cached python_multipart-0.0.20-py3-none-any.whl (24 kB)
2025-08-20T01:18:23.0774258Z Using cached annotated_types-0.7.0-py3-none-any.whl (13 kB)
2025-08-20T01:18:23.0785652Z Using cached certifi-2025.8.3-py3-none-any.whl (161 kB)
2025-08-20T01:18:23.0797744Z Using cached click_didyoumean-0.3.1-py3-none-any.whl (3.6 kB)
2025-08-20T01:18:23.0808826Z Using cached click_plugins-1.1.1.2-py2.py3-none-any.whl (11 kB)
2025-08-20T01:18:23.0820419Z Using cached click_repl-0.3.0-py3-none-any.whl (10 kB)
2025-08-20T01:18:23.0831918Z Using cached coverage-7.10.4-cp312-cp312-manylinux1_x86_64.manylinux_2_28_x86_64.manylinux_2_5_x86_64.whl (251 kB)
2025-08-20T01:18:23.0844303Z Using cached email_validator-2.2.0-py3-none-any.whl (33 kB)
2025-08-20T01:18:23.0855819Z Using cached dnspython-2.7.0-py3-none-any.whl (313 kB)
2025-08-20T01:18:23.0869013Z Using cached fastapi_cli-0.0.8-py3-none-any.whl (10 kB)
2025-08-20T01:18:23.0880110Z Using cached fastapi_cloud_cli-0.1.5-py3-none-any.whl (18 kB)
2025-08-20T01:18:23.0891842Z Using cached greenlet-3.2.4-cp312-cp312-manylinux_2_24_x86_64.manylinux_2_28_x86_64.whl (607 kB)
2025-08-20T01:18:23.0907144Z Using cached h11-0.16.0-py3-none-any.whl (37 kB)
2025-08-20T01:18:23.0918687Z Using cached iniconfig-2.1.0-py3-none-any.whl (6.0 kB)
2025-08-20T01:18:23.0930243Z Using cached MarkupSafe-3.0.2-cp312-cp312-manylinux_2_17_x86_64.manylinux2014_x86_64.whl (23 kB)
2025-08-20T01:18:23.0941623Z Using cached mirakuru-2.6.1-py3-none-any.whl (26 kB)
2025-08-20T01:18:23.0953141Z Using cached orjson-3.11.2-cp312-cp312-manylinux_2_17_x86_64.manylinux2014_x86_64.whl (121 kB)
2025-08-20T01:18:23.0965014Z Using cached packaging-25.0-py3-none-any.whl (66 kB)
2025-08-20T01:18:23.0976468Z Using cached pathspec-0.12.1-py3-none-any.whl (31 kB)
2025-08-20T01:18:23.0988082Z Using cached platformdirs-4.3.8-py3-none-any.whl (18 kB)
2025-08-20T01:18:23.0998963Z Using cached port_for-0.7.4-py3-none-any.whl (21 kB)
2025-08-20T01:18:23.1010250Z Using cached prompt_toolkit-3.0.51-py3-none-any.whl (387 kB)
2025-08-20T01:18:23.1025020Z Using cached psutil-7.0.0-cp36-abi3-manylinux_2_12_x86_64.manylinux2010_x86_64.manylinux_2_17_x86_64.manylinux2014_x86_64.whl (277 kB)
2025-08-20T01:18:23.1038132Z Using cached pydantic_extra_types-2.10.5-py3-none-any.whl (38 kB)
2025-08-20T01:18:23.1049479Z Using cached pydantic_settings-2.10.1-py3-none-any.whl (45 kB)
2025-08-20T01:18:23.1060947Z Using cached pygments-2.19.2-py3-none-any.whl (1.2 MB)
2025-08-20T01:18:23.1080706Z Using cached pytz-2025.2-py2.py3-none-any.whl (509 kB)
2025-08-20T01:18:23.1095210Z Using cached rich_toolkit-0.15.0-py3-none-any.whl (29 kB)
2025-08-20T01:18:23.1106753Z Using cached rich-14.1.0-py3-none-any.whl (243 kB)
2025-08-20T01:18:23.1119607Z Using cached markdown_it_py-4.0.0-py3-none-any.whl (87 kB)
2025-08-20T01:18:23.1131460Z Using cached mdurl-0.1.2-py3-none-any.whl (10.0 kB)
2025-08-20T01:18:23.1142897Z Using cached rignore-0.6.4-cp312-cp312-manylinux_2_17_x86_64.manylinux2014_x86_64.whl (949 kB)
2025-08-20T01:18:23.1160668Z Using cached sentry_sdk-2.35.0-py2.py3-none-any.whl (363 kB)
2025-08-20T01:18:23.1174204Z Using cached six-1.17.0-py2.py3-none-any.whl (11 kB)
2025-08-20T01:18:23.1185628Z Using cached sniffio-1.3.1-py3-none-any.whl (10 kB)
2025-08-20T01:18:23.1196655Z Using cached typer-0.16.1-py3-none-any.whl (46 kB)
2025-08-20T01:18:23.1208071Z Using cached shellingham-1.5.4-py2.py3-none-any.whl (9.8 kB)
2025-08-20T01:18:23.1219113Z Using cached typing_inspect-0.9.0-py3-none-any.whl (8.8 kB)
2025-08-20T01:18:23.1230479Z Using cached typing_inspection-0.4.1-py3-none-any.whl (14 kB)
2025-08-20T01:18:23.1241645Z Using cached tzdata-2025.2-py2.py3-none-any.whl (347 kB)
2025-08-20T01:18:23.1255095Z Using cached tzlocal-5.3.1-py3-none-any.whl (18 kB)
2025-08-20T01:18:23.1266762Z Using cached ujson-5.10.0-cp312-cp312-manylinux_2_17_x86_64.manylinux2014_x86_64.whl (53 kB)
2025-08-20T01:18:23.1277925Z Using cached uvicorn-0.35.0-py3-none-any.whl (66 kB)
2025-08-20T01:18:23.1290176Z Using cached httptools-0.6.4-cp312-cp312-manylinux_2_5_x86_64.manylinux1_x86_64.manylinux_2_17_x86_64.manylinux2014_x86_64.whl (510 kB)
2025-08-20T01:18:23.1304946Z Using cached uvloop-0.21.0-cp312-cp312-manylinux_2_17_x86_64.manylinux2014_x86_64.whl (4.7 MB)
2025-08-20T01:18:23.1349528Z Using cached watchfiles-1.1.0-cp312-cp312-manylinux_2_17_x86_64.manylinux2014_x86_64.whl (452 kB)
2025-08-20T01:18:23.1364687Z Using cached websockets-15.0.1-cp312-cp312-manylinux_2_5_x86_64.manylinux1_x86_64.manylinux_2_17_x86_64.manylinux2014_x86_64.whl (182 kB)
2025-08-20T01:18:23.1376720Z Using cached yapf-0.43.0-py3-none-any.whl (256 kB)
2025-08-20T01:18:23.1389541Z Using cached argon2_cffi-25.1.0-py3-none-any.whl (14 kB)
2025-08-20T01:18:23.1401386Z Using cached argon2_cffi_bindings-25.1.0-cp39-abi3-manylinux_2_26_x86_64.manylinux_2_28_x86_64.whl (87 kB)
2025-08-20T01:18:23.1413305Z Using cached cffi-1.17.1-cp312-cp312-manylinux_2_17_x86_64.manylinux2014_x86_64.whl (479 kB)
2025-08-20T01:18:23.1427793Z Using cached docker-7.1.0-py3-none-any.whl (147 kB)
2025-08-20T01:18:23.1439848Z Using cached et_xmlfile-2.0.0-py3-none-any.whl (18 kB)
2025-08-20T01:18:23.1450923Z Using cached mako-1.3.10-py3-none-any.whl (78 kB)
2025-08-20T01:18:23.1462351Z Using cached pycparser-2.22-py3-none-any.whl (117 kB)
2025-08-20T01:18:23.1474741Z Using cached pycryptodome-3.23.0-cp37-abi3-manylinux_2_17_x86_64.manylinux2014_x86_64.whl (2.3 MB)
2025-08-20T01:18:23.1501243Z Using cached typeguard-4.4.4-py3-none-any.whl (34 kB)
2025-08-20T01:18:23.1512572Z Using cached watchdog-6.0.0-py3-none-manylinux2014_x86_64.whl (79 kB)
2025-08-20T01:18:23.1524236Z Using cached wcwidth-0.2.13-py2.py3-none-any.whl (34 kB)
2025-08-20T01:18:23.6148360Z Installing collected packages: wcwidth, pytz, wrapt, websockets, watchdog, vine, uvloop, urllib3, ujson, tzlocal, tzdata, typing-extensions, tomli_w, tomli, structlog, sniffio, six, shellingham, setuptools, ruff, rignore, redis, PyYAML, python-multipart, python-dotenv, pygments, pycryptodome, pycparser, psycopg2-binary, psycopg-binary, psutil, prompt-toolkit, port-for, pluggy, platformdirs, pathspec, packaging, orjson, numpy, nr-stream, nr-date, mypy-extensions, multimethod, mdurl, MarkupSafe, jmespath, itsdangerous, iniconfig, imapclient, idna, httptools, h11, greenlet, et-xmlfile, docstring-parser, dnspython, coverage, click, charset_normalizer, certifi, billiard, asyncpg, annotated-types, yapf, uvicorn, typing-inspection, typing-inspect, types-requests, typeguard, typeapi, sqlalchemy, sentry-sdk, requests, python-dateutil, pytest, pydantic-core, psycopg, openpyxl, mypy, mirakuru, markdown-it-py, Mako, Jinja2, httpcore, email-validator, Deprecated, click-repl, click-plugins, click-didyoumean, cffi, black, apscheduler, anyio, amqp, watchfiles, starlette, rich, pytest-postgresql, pytest-cov, pytest-asyncio, pydantic, pandas, nr-util, kombu, httpx, docker, databind, botocore, argon2-cffi-bindings, alembic, typer, testcontainers, s3transfer, rich-toolkit, respx, python-telegram-bot, pydantic-settings, pydantic-extra-types, pandera, fastapi, databind.json, databind.core, celery, asgi-correlation-id, argon2-cffi, minio, fastapi-limiter, fastapi-cloud-cli, fastapi-cli, docspec, boto3, docspec-python, pydoc-markdown
2025-08-20T01:18:43.1537725Z 
2025-08-20T01:18:43.1667950Z Successfully installed Deprecated-1.2.18 Jinja2-3.1.6 Mako-1.3.10 MarkupSafe-3.0.2 PyYAML-6.0.2 alembic-1.13.1 amqp-5.3.1 annotated-types-0.7.0 anyio-4.10.0 apscheduler-3.10.4 argon2-cffi-25.1.0 argon2-cffi-bindings-25.1.0 asgi-correlation-id-4.3.1 asyncpg-0.30.0 billiard-4.2.1 black-25.1.0 boto3-1.40.13 botocore-1.40.13 celery-5.5.3 certifi-2025.8.3 cffi-1.17.1 charset_normalizer-3.4.3 click-8.2.1 click-didyoumean-0.3.1 click-plugins-1.1.1.2 click-repl-0.3.0 coverage-7.10.4 databind-4.5.2 databind.core-4.5.2 databind.json-4.5.2 dnspython-2.7.0 docker-7.1.0 docspec-2.2.1 docspec-python-2.2.2 docstring-parser-0.11 email-validator-2.2.0 et-xmlfile-2.0.0 fastapi-0.116.1 fastapi-cli-0.0.8 fastapi-cloud-cli-0.1.5 fastapi-limiter-0.1.6 greenlet-3.2.4 h11-0.16.0 httpcore-1.0.9 httptools-0.6.4 httpx-0.28.1 idna-3.10 imapclient-3.0.1 iniconfig-2.1.0 itsdangerous-2.2.0 jmespath-1.0.1 kombu-5.5.4 markdown-it-py-4.0.0 mdurl-0.1.2 minio-7.2.16 mirakuru-2.6.1 multimethod-1.10 mypy-1.17.1 mypy-extensions-1.1.0 nr-date-2.1.0 nr-stream-1.1.5 nr-util-0.8.12 numpy-1.26.4 openpyxl-3.1.5 orjson-3.11.2 packaging-25.0 pandas-2.2.3 pandera-0.19.3 pathspec-0.12.1 platformdirs-4.3.8 pluggy-1.6.0 port-for-0.7.4 prompt-toolkit-3.0.51 psutil-7.0.0 psycopg-3.2.9 psycopg-binary-3.2.9 psycopg2-binary-2.9.10 pycparser-2.22 pycryptodome-3.23.0 pydantic-2.11.7 pydantic-core-2.33.2 pydantic-extra-types-2.10.5 pydantic-settings-2.10.1 pydoc-markdown-4.8.2 pygments-2.19.2 pytest-8.4.1 pytest-asyncio-0.23.6 pytest-cov-6.2.1 pytest-postgresql-7.0.2 python-dateutil-2.9.0.post0 python-dotenv-1.1.1 python-multipart-0.0.20 python-telegram-bot-22.3 pytz-2025.2 redis-6.4.0 requests-2.32.4 respx-0.22.0 rich-14.1.0 rich-toolkit-0.15.0 rignore-0.6.4 ruff-0.4.4 s3transfer-0.13.1 sentry-sdk-2.35.0 setuptools-80.9.0 shellingham-1.5.4 six-1.17.0 sniffio-1.3.1 sqlalchemy-2.0.43 starlette-0.47.2 structlog-24.1.0 testcontainers-4.10.0 tomli-2.2.1 tomli_w-1.2.0 typeapi-2.2.4 typeguard-4.4.4 typer-0.16.1 types-requests-2.32.4.20250809 typing-extensions-4.14.1 typing-inspect-0.9.0 typing-inspection-0.4.1 tzdata-2025.2 tzlocal-5.3.1 ujson-5.10.0 urllib3-2.5.0 uvicorn-0.35.0 uvloop-0.21.0 vine-5.1.0 watchdog-6.0.0 watchfiles-1.1.0 wcwidth-0.2.13 websockets-15.0.1 wrapt-1.17.3 yapf-0.43.0
2025-08-20T01:18:44.6172181Z Collecting keepa==1.3.15
2025-08-20T01:18:44.6185218Z   Using cached keepa-1.3.15-py3-none-any.whl.metadata (11 kB)
2025-08-20T01:18:44.6449735Z Collecting minio==7.1.15
2025-08-20T01:18:44.6461833Z   Using cached minio-7.1.15-py3-none-any.whl.metadata (4.2 kB)
2025-08-20T01:18:44.6489103Z Requirement already satisfied: numpy>=1.9.3 in /opt/hostedtoolcache/Python/3.12.11/x64/lib/python3.12/site-packages (from keepa==1.3.15) (1.26.4)
2025-08-20T01:18:44.6493933Z Requirement already satisfied: requests>=2.2 in /opt/hostedtoolcache/Python/3.12.11/x64/lib/python3.12/site-packages (from keepa==1.3.15) (2.32.4)
2025-08-20T01:18:44.6798171Z Collecting tqdm (from keepa==1.3.15)
2025-08-20T01:18:44.6809524Z   Using cached tqdm-4.67.1-py3-none-any.whl.metadata (57 kB)
2025-08-20T01:18:45.1551054Z Collecting aiohttp (from keepa==1.3.15)
2025-08-20T01:18:45.1564617Z   Using cached aiohttp-3.12.15-cp312-cp312-manylinux_2_17_x86_64.manylinux2014_x86_64.whl.metadata (7.7 kB)
2025-08-20T01:18:45.1599329Z Requirement already satisfied: pandas<=3.0 in /opt/hostedtoolcache/Python/3.12.11/x64/lib/python3.12/site-packages (from keepa==1.3.15) (2.2.3)
2025-08-20T01:18:45.1602969Z Requirement already satisfied: pydantic in /opt/hostedtoolcache/Python/3.12.11/x64/lib/python3.12/site-packages (from keepa==1.3.15) (2.11.7)
2025-08-20T01:18:45.1610627Z Requirement already satisfied: certifi in /opt/hostedtoolcache/Python/3.12.11/x64/lib/python3.12/site-packages (from minio==7.1.15) (2025.8.3)
2025-08-20T01:18:45.1613988Z Requirement already satisfied: urllib3 in /opt/hostedtoolcache/Python/3.12.11/x64/lib/python3.12/site-packages (from minio==7.1.15) (2.5.0)
2025-08-20T01:18:45.1670700Z Requirement already satisfied: python-dateutil>=2.8.2 in /opt/hostedtoolcache/Python/3.12.11/x64/lib/python3.12/site-packages (from pandas<=3.0->keepa==1.3.15) (2.9.0.post0)
2025-08-20T01:18:45.1675432Z Requirement already satisfied: pytz>=2020.1 in /opt/hostedtoolcache/Python/3.12.11/x64/lib/python3.12/site-packages (from pandas<=3.0->keepa==1.3.15) (2025.2)
2025-08-20T01:18:45.1680389Z Requirement already satisfied: tzdata>=2022.7 in /opt/hostedtoolcache/Python/3.12.11/x64/lib/python3.12/site-packages (from pandas<=3.0->keepa==1.3.15) (2025.2)
2025-08-20T01:18:45.1807919Z Requirement already satisfied: six>=1.5 in /opt/hostedtoolcache/Python/3.12.11/x64/lib/python3.12/site-packages (from python-dateutil>=2.8.2->pandas<=3.0->keepa==1.3.15) (1.17.0)
2025-08-20T01:18:45.1826917Z Requirement already satisfied: charset_normalizer<4,>=2 in /opt/hostedtoolcache/Python/3.12.11/x64/lib/python3.12/site-packages (from requests>=2.2->keepa==1.3.15) (3.4.3)
2025-08-20T01:18:45.1832866Z Requirement already satisfied: idna<4,>=2.5 in /opt/hostedtoolcache/Python/3.12.11/x64/lib/python3.12/site-packages (from requests>=2.2->keepa==1.3.15) (3.10)
2025-08-20T01:18:45.2125254Z Collecting aiohappyeyeballs>=2.5.0 (from aiohttp->keepa==1.3.15)
2025-08-20T01:18:45.2137557Z   Using cached aiohappyeyeballs-2.6.1-py3-none-any.whl.metadata (5.9 kB)
2025-08-20T01:18:45.2214197Z Collecting aiosignal>=1.4.0 (from aiohttp->keepa==1.3.15)
2025-08-20T01:18:45.2227233Z   Using cached aiosignal-1.4.0-py3-none-any.whl.metadata (3.7 kB)
2025-08-20T01:18:45.2402302Z Collecting attrs>=17.3.0 (from aiohttp->keepa==1.3.15)
2025-08-20T01:18:45.2413566Z   Using cached attrs-25.3.0-py3-none-any.whl.metadata (10 kB)
2025-08-20T01:18:45.3075020Z Collecting frozenlist>=1.1.1 (from aiohttp->keepa==1.3.15)
2025-08-20T01:18:45.3088718Z   Using cached frozenlist-1.7.0-cp312-cp312-manylinux_2_5_x86_64.manylinux1_x86_64.manylinux_2_17_x86_64.manylinux2014_x86_64.whl.metadata (18 kB)
2025-08-20T01:18:45.5474764Z Collecting multidict<7.0,>=4.5 (from aiohttp->keepa==1.3.15)
2025-08-20T01:18:45.5488699Z   Using cached multidict-6.6.4-cp312-cp312-manylinux2014_x86_64.manylinux_2_17_x86_64.manylinux_2_28_x86_64.whl.metadata (5.3 kB)
2025-08-20T01:18:45.5891076Z Collecting propcache>=0.2.0 (from aiohttp->keepa==1.3.15)
2025-08-20T01:18:45.5903279Z   Using cached propcache-0.3.2-cp312-cp312-manylinux_2_17_x86_64.manylinux2014_x86_64.whl.metadata (12 kB)
2025-08-20T01:18:45.8259885Z Collecting yarl<2.0,>=1.17.0 (from aiohttp->keepa==1.3.15)
2025-08-20T01:18:45.8273853Z   Using cached yarl-1.20.1-cp312-cp312-manylinux_2_17_x86_64.manylinux2014_x86_64.whl.metadata (73 kB)
2025-08-20T01:18:45.8491731Z Requirement already satisfied: typing-extensions>=4.2 in /opt/hostedtoolcache/Python/3.12.11/x64/lib/python3.12/site-packages (from aiosignal>=1.4.0->aiohttp->keepa==1.3.15) (4.14.1)
2025-08-20T01:18:45.8540059Z Requirement already satisfied: annotated-types>=0.6.0 in /opt/hostedtoolcache/Python/3.12.11/x64/lib/python3.12/site-packages (from pydantic->keepa==1.3.15) (0.7.0)
2025-08-20T01:18:45.8545667Z Requirement already satisfied: pydantic-core==2.33.2 in /opt/hostedtoolcache/Python/3.12.11/x64/lib/python3.12/site-packages (from pydantic->keepa==1.3.15) (2.33.2)
2025-08-20T01:18:45.8552591Z Requirement already satisfied: typing-inspection>=0.4.0 in /opt/hostedtoolcache/Python/3.12.11/x64/lib/python3.12/site-packages (from pydantic->keepa==1.3.15) (0.4.1)
2025-08-20T01:18:45.8613906Z Using cached keepa-1.3.15-py3-none-any.whl (38 kB)
2025-08-20T01:18:45.8625667Z Using cached minio-7.1.15-py3-none-any.whl (77 kB)
2025-08-20T01:18:45.8637657Z Using cached aiohttp-3.12.15-cp312-cp312-manylinux_2_17_x86_64.manylinux2014_x86_64.whl (1.7 MB)
2025-08-20T01:18:45.8662046Z Using cached multidict-6.6.4-cp312-cp312-manylinux2014_x86_64.manylinux_2_17_x86_64.manylinux_2_28_x86_64.whl (256 kB)
2025-08-20T01:18:45.8673817Z Using cached yarl-1.20.1-cp312-cp312-manylinux_2_17_x86_64.manylinux2014_x86_64.whl (355 kB)
2025-08-20T01:18:45.8687307Z Using cached aiohappyeyeballs-2.6.1-py3-none-any.whl (15 kB)
2025-08-20T01:18:45.8698064Z Using cached aiosignal-1.4.0-py3-none-any.whl (7.5 kB)
2025-08-20T01:18:45.8708648Z Using cached attrs-25.3.0-py3-none-any.whl (63 kB)
2025-08-20T01:18:45.8720180Z Using cached frozenlist-1.7.0-cp312-cp312-manylinux_2_5_x86_64.manylinux1_x86_64.manylinux_2_17_x86_64.manylinux2014_x86_64.whl (241 kB)
2025-08-20T01:18:45.8732371Z Using cached propcache-0.3.2-cp312-cp312-manylinux_2_17_x86_64.manylinux2014_x86_64.whl (224 kB)
2025-08-20T01:18:45.8744099Z Using cached tqdm-4.67.1-py3-none-any.whl (78 kB)
2025-08-20T01:18:46.0544105Z Installing collected packages: tqdm, propcache, multidict, minio, frozenlist, attrs, aiohappyeyeballs, yarl, aiosignal, aiohttp, keepa
2025-08-20T01:18:46.1398246Z   Attempting uninstall: minio
2025-08-20T01:18:46.1446478Z     Found existing installation: minio 7.2.16
2025-08-20T01:18:46.1483683Z     Uninstalling minio-7.2.16:
2025-08-20T01:18:46.1493913Z       Successfully uninstalled minio-7.2.16
2025-08-20T01:18:46.5255466Z 
2025-08-20T01:18:46.5411113Z Successfully installed aiohappyeyeballs-2.6.1 aiohttp-3.12.15 aiosignal-1.4.0 attrs-25.3.0 frozenlist-1.7.0 keepa-1.3.15 minio-7.1.15 multidict-6.6.4 propcache-0.3.2 tqdm-4.67.1 yarl-1.20.1
2025-08-20T01:18:46.7191003Z ##[group]Run ruff check .
2025-08-20T01:18:46.7191283Z [36;1mruff check .[0m
2025-08-20T01:18:46.7191497Z [36;1mruff format --check .[0m
2025-08-20T01:18:46.7232480Z shell: /usr/bin/bash -e {0}
2025-08-20T01:18:46.7232710Z env:
2025-08-20T01:18:46.7232915Z   REDIS_URL: redis://localhost:6379/0
2025-08-20T01:18:46.7233174Z   RATE_LIMIT_DEFAULT: 100/minute
2025-08-20T01:18:46.7233408Z   TRUST_X_FORWARDED: 1
2025-08-20T01:18:46.7233603Z   PG_USER: postgres
2025-08-20T01:18:46.7233792Z   PG_PASSWORD: pass
2025-08-20T01:18:46.7233967Z   PG_DATABASE: awa
2025-08-20T01:18:46.7234142Z   PG_HOST: localhost
2025-08-20T01:18:46.7234331Z   PG_PORT: 5432
2025-08-20T01:18:46.7235179Z   PG_SYNC_DSN: ***localhost:5432/awa
2025-08-20T01:18:46.7235604Z   PG_ASYNC_DSN: ***localhost:5432/awa
2025-08-20T01:18:46.7235972Z   DATABASE_URL: ***localhost:5432/awa
2025-08-20T01:18:46.7236204Z   DATA_DIR: /tmp/awa-data
2025-08-20T01:18:46.7236398Z   ENABLE_LIVE: 0
2025-08-20T01:18:46.7236604Z   TESTING: 1
2025-08-20T01:18:46.7236831Z   pythonLocation: /opt/hostedtoolcache/Python/3.12.11/x64
2025-08-20T01:18:46.7237222Z   PKG_CONFIG_PATH: /opt/hostedtoolcache/Python/3.12.11/x64/lib/pkgconfig
2025-08-20T01:18:46.7237598Z   Python_ROOT_DIR: /opt/hostedtoolcache/Python/3.12.11/x64
2025-08-20T01:18:46.7237942Z   Python2_ROOT_DIR: /opt/hostedtoolcache/Python/3.12.11/x64
2025-08-20T01:18:46.7238284Z   Python3_ROOT_DIR: /opt/hostedtoolcache/Python/3.12.11/x64
2025-08-20T01:18:46.7238638Z   LD_LIBRARY_PATH: /opt/hostedtoolcache/Python/3.12.11/x64/lib
2025-08-20T01:18:46.7238930Z ##[endgroup]
2025-08-20T01:18:46.7511169Z All checks passed!
2025-08-20T01:18:46.7737646Z 253 files already formatted
2025-08-20T01:18:46.7772304Z ##[group]Run for i in {1..30}; do pg_isready -h "$PG_HOST" -p "$PG_PORT" -U "$PG_USER" -d "$PG_DATABASE" && break; sleep 1; done
2025-08-20T01:18:46.7772963Z [36;1mfor i in {1..30}; do pg_isready -h "$PG_HOST" -p "$PG_PORT" -U "$PG_USER" -d "$PG_DATABASE" && break; sleep 1; done[0m
2025-08-20T01:18:46.7813342Z shell: /usr/bin/bash -e {0}
2025-08-20T01:18:46.7813572Z env:
2025-08-20T01:18:46.7813766Z   REDIS_URL: redis://localhost:6379/0
2025-08-20T01:18:46.7814024Z   RATE_LIMIT_DEFAULT: 100/minute
2025-08-20T01:18:46.7814251Z   TRUST_X_FORWARDED: 1
2025-08-20T01:18:46.7814441Z   PG_USER: postgres
2025-08-20T01:18:46.7815061Z   PG_PASSWORD: pass
2025-08-20T01:18:46.7815250Z   PG_DATABASE: awa
2025-08-20T01:18:46.7815424Z   PG_HOST: localhost
2025-08-20T01:18:46.7815611Z   PG_PORT: 5432
2025-08-20T01:18:46.7816058Z   PG_SYNC_DSN: ***localhost:5432/awa
2025-08-20T01:18:46.7816502Z   PG_ASYNC_DSN: ***localhost:5432/awa
2025-08-20T01:18:46.7816933Z   DATABASE_URL: ***localhost:5432/awa
2025-08-20T01:18:46.7817162Z   DATA_DIR: /tmp/awa-data
2025-08-20T01:18:46.7817360Z   ENABLE_LIVE: 0
2025-08-20T01:18:46.7817531Z   TESTING: 1
2025-08-20T01:18:46.7817757Z   pythonLocation: /opt/hostedtoolcache/Python/3.12.11/x64
2025-08-20T01:18:46.7818145Z   PKG_CONFIG_PATH: /opt/hostedtoolcache/Python/3.12.11/x64/lib/pkgconfig
2025-08-20T01:18:46.7818523Z   Python_ROOT_DIR: /opt/hostedtoolcache/Python/3.12.11/x64
2025-08-20T01:18:46.7818865Z   Python2_ROOT_DIR: /opt/hostedtoolcache/Python/3.12.11/x64
2025-08-20T01:18:46.7819202Z   Python3_ROOT_DIR: /opt/hostedtoolcache/Python/3.12.11/x64
2025-08-20T01:18:46.7819547Z   LD_LIBRARY_PATH: /opt/hostedtoolcache/Python/3.12.11/x64/lib
2025-08-20T01:18:46.7819831Z ##[endgroup]
2025-08-20T01:18:46.8568820Z localhost:5432 - accepting connections
2025-08-20T01:18:46.8606297Z ##[group]Run psql -h "$PG_HOST" -p "$PG_PORT" -U "$PG_USER" -d "$PG_DATABASE" -c "SELECT 1"
2025-08-20T01:18:46.8606815Z [36;1mpsql -h "$PG_HOST" -p "$PG_PORT" -U "$PG_USER" -d "$PG_DATABASE" -c "SELECT 1"[0m
2025-08-20T01:18:46.8647187Z shell: /usr/bin/bash -e {0}
2025-08-20T01:18:46.8647411Z env:
2025-08-20T01:18:46.8647660Z   REDIS_URL: redis://localhost:6379/0
2025-08-20T01:18:46.8647928Z   RATE_LIMIT_DEFAULT: 100/minute
2025-08-20T01:18:46.8648137Z   TRUST_X_FORWARDED: 1
2025-08-20T01:18:46.8648330Z   PG_USER: postgres
2025-08-20T01:18:46.8648522Z   PG_PASSWORD: pass
2025-08-20T01:18:46.8648690Z   PG_DATABASE: awa
2025-08-20T01:18:46.8648865Z   PG_HOST: localhost
2025-08-20T01:18:46.8649045Z   PG_PORT: 5432
2025-08-20T01:18:46.8649497Z   PG_SYNC_DSN: ***localhost:5432/awa
2025-08-20T01:18:46.8649915Z   PG_ASYNC_DSN: ***localhost:5432/awa
2025-08-20T01:18:46.8650303Z   DATABASE_URL: ***localhost:5432/awa
2025-08-20T01:18:46.8650532Z   DATA_DIR: /tmp/awa-data
2025-08-20T01:18:46.8650768Z   ENABLE_LIVE: 0
2025-08-20T01:18:46.8650938Z   TESTING: 1
2025-08-20T01:18:46.8651178Z   pythonLocation: /opt/hostedtoolcache/Python/3.12.11/x64
2025-08-20T01:18:46.8651581Z   PKG_CONFIG_PATH: /opt/hostedtoolcache/Python/3.12.11/x64/lib/pkgconfig
2025-08-20T01:18:46.8651960Z   Python_ROOT_DIR: /opt/hostedtoolcache/Python/3.12.11/x64
2025-08-20T01:18:46.8652300Z   Python2_ROOT_DIR: /opt/hostedtoolcache/Python/3.12.11/x64
2025-08-20T01:18:46.8652642Z   Python3_ROOT_DIR: /opt/hostedtoolcache/Python/3.12.11/x64
2025-08-20T01:18:46.8652985Z   LD_LIBRARY_PATH: /opt/hostedtoolcache/Python/3.12.11/x64/lib
2025-08-20T01:18:46.8653270Z   PGPASSWORD: pass
2025-08-20T01:18:46.8653450Z ##[endgroup]
2025-08-20T01:18:46.9378309Z  ?column? 
2025-08-20T01:18:46.9380146Z ----------
2025-08-20T01:18:46.9380540Z         1
2025-08-20T01:18:46.9380894Z (1 row)
2025-08-20T01:18:46.9381097Z 
2025-08-20T01:18:46.9425432Z ##[group]Run alembic -c services/api/alembic.ini upgrade head
2025-08-20T01:18:46.9425876Z [36;1malembic -c services/api/alembic.ini upgrade head[0m
2025-08-20T01:18:46.9467459Z shell: /usr/bin/bash -e {0}
2025-08-20T01:18:46.9467683Z env:
2025-08-20T01:18:46.9467880Z   REDIS_URL: redis://localhost:6379/0
2025-08-20T01:18:46.9468312Z   RATE_LIMIT_DEFAULT: 100/minute
2025-08-20T01:18:46.9468535Z   TRUST_X_FORWARDED: 1
2025-08-20T01:18:46.9468722Z   PG_USER: postgres
2025-08-20T01:18:46.9468916Z   PG_PASSWORD: pass
2025-08-20T01:18:46.9469098Z   PG_DATABASE: awa
2025-08-20T01:18:46.9469270Z   PG_HOST: localhost
2025-08-20T01:18:46.9469454Z   PG_PORT: 5432
2025-08-20T01:18:46.9469900Z   PG_SYNC_DSN: ***localhost:5432/awa
2025-08-20T01:18:46.9470320Z   PG_ASYNC_DSN: ***localhost:5432/awa
2025-08-20T01:18:46.9470687Z   DATABASE_URL: ***localhost:5432/awa
2025-08-20T01:18:46.9470913Z   DATA_DIR: /tmp/awa-data
2025-08-20T01:18:46.9471108Z   ENABLE_LIVE: 0
2025-08-20T01:18:46.9471312Z   TESTING: 1
2025-08-20T01:18:46.9471538Z   pythonLocation: /opt/hostedtoolcache/Python/3.12.11/x64
2025-08-20T01:18:46.9471931Z   PKG_CONFIG_PATH: /opt/hostedtoolcache/Python/3.12.11/x64/lib/pkgconfig
2025-08-20T01:18:46.9472314Z   Python_ROOT_DIR: /opt/hostedtoolcache/Python/3.12.11/x64
2025-08-20T01:18:46.9472666Z   Python2_ROOT_DIR: /opt/hostedtoolcache/Python/3.12.11/x64
2025-08-20T01:18:46.9473002Z   Python3_ROOT_DIR: /opt/hostedtoolcache/Python/3.12.11/x64
2025-08-20T01:18:46.9473346Z   LD_LIBRARY_PATH: /opt/hostedtoolcache/Python/3.12.11/x64/lib
2025-08-20T01:18:46.9473633Z ##[endgroup]
2025-08-20T01:18:47.5809194Z INFO  [alembic.runtime.migration] Context impl PostgresqlImpl.
2025-08-20T01:18:47.5809951Z INFO  [alembic.runtime.migration] Will assume transactional DDL.
2025-08-20T01:18:47.6005148Z INFO  [alembic.runtime.migration] Running upgrade  -> 0001_baseline
2025-08-20T01:18:47.6183200Z INFO  [alembic.runtime.migration] Running upgrade 0001_baseline -> 0002_create_roi_view
2025-08-20T01:18:47.6208824Z INFO  [alembic.runtime.migration] Running upgrade 0002_create_roi_view -> 3e9d5c5aff2c
2025-08-20T01:18:47.6378997Z INFO  [alembic.runtime.migration] Running upgrade 3e9d5c5aff2c -> 0003_vendor_prices
2025-08-20T01:18:47.6531085Z INFO  [alembic.runtime.migration] Running upgrade 0003_vendor_prices -> 0004_fee_cron
2025-08-20T01:18:47.6601312Z INFO  [alembic.runtime.migration] Running upgrade 0004_fee_cron -> 0006_fix_roi_views
2025-08-20T01:18:47.6631819Z INFO  [alembic.runtime.migration] Running upgrade 0006_fix_roi_views -> 0020_unified_schema
2025-08-20T01:18:47.6758940Z INFO  [alembic.runtime.migration] Running upgrade 0020_unified_schema -> 0022_fix_roi_view
2025-08-20T01:18:47.6830001Z INFO  [alembic.runtime.migration] Running upgrade 0022_fix_roi_view -> 0023_add_storage_fee
2025-08-20T01:18:47.6867848Z INFO  [alembic.runtime.migration] Running upgrade 0023_add_storage_fee -> 0024_create_buybox
2025-08-20T01:18:47.6889873Z INFO  [alembic.runtime.migration] Running upgrade 0024_create_buybox -> 0025_pr4_indexes_loadlog
2025-08-20T01:18:47.7112422Z INFO  [alembic.runtime.migration] Running upgrade 0025_pr4_indexes_loadlog -> 0026_amazon_new_reports
2025-08-20T01:18:47.8036467Z ##[group]Run python -m mypy services || true
2025-08-20T01:18:47.8036821Z [36;1mpython -m mypy services || true[0m
2025-08-20T01:18:47.8077011Z shell: /usr/bin/bash -e {0}
2025-08-20T01:18:47.8077230Z env:
2025-08-20T01:18:47.8077431Z   REDIS_URL: redis://localhost:6379/0
2025-08-20T01:18:47.8077703Z   RATE_LIMIT_DEFAULT: 100/minute
2025-08-20T01:18:47.8077922Z   TRUST_X_FORWARDED: 1
2025-08-20T01:18:47.8078119Z   PG_USER: postgres
2025-08-20T01:18:47.8078305Z   PG_PASSWORD: pass
2025-08-20T01:18:47.8078480Z   PG_DATABASE: awa
2025-08-20T01:18:47.8078648Z   PG_HOST: localhost
2025-08-20T01:18:47.8078838Z   PG_PORT: 5432
2025-08-20T01:18:47.8079297Z   PG_SYNC_DSN: ***localhost:5432/awa
2025-08-20T01:18:47.8079712Z   PG_ASYNC_DSN: ***localhost:5432/awa
2025-08-20T01:18:47.8080111Z   DATABASE_URL: ***localhost:5432/awa
2025-08-20T01:18:47.8080339Z   DATA_DIR: /tmp/awa-data
2025-08-20T01:18:47.8080558Z   ENABLE_LIVE: 0
2025-08-20T01:18:47.8080731Z   TESTING: 1
2025-08-20T01:18:47.8081003Z   pythonLocation: /opt/hostedtoolcache/Python/3.12.11/x64
2025-08-20T01:18:47.8081394Z   PKG_CONFIG_PATH: /opt/hostedtoolcache/Python/3.12.11/x64/lib/pkgconfig
2025-08-20T01:18:47.8081974Z   Python_ROOT_DIR: /opt/hostedtoolcache/Python/3.12.11/x64
2025-08-20T01:18:47.8082318Z   Python2_ROOT_DIR: /opt/hostedtoolcache/Python/3.12.11/x64
2025-08-20T01:18:47.8082668Z   Python3_ROOT_DIR: /opt/hostedtoolcache/Python/3.12.11/x64
2025-08-20T01:18:47.8083012Z   LD_LIBRARY_PATH: /opt/hostedtoolcache/Python/3.12.11/x64/lib
2025-08-20T01:18:47.8083301Z ##[endgroup]
2025-08-20T01:19:18.5631397Z services/api/routes/score.py:16: error: Function is missing a return type annotation  [no-untyped-def]
2025-08-20T01:19:18.5633008Z services/api/routes/score.py:16: note: Use "-> None" if function does not return a value
2025-08-20T01:19:18.5633889Z services/api/routes/score.py:26: error: All conditional function variants must have identical signatures  [misc]
2025-08-20T01:19:18.5634906Z services/api/routes/score.py:26: note: Original:
2025-08-20T01:19:18.5635633Z services/api/routes/score.py:26: note:     def require_basic_auth(credentials: HTTPBasicCredentials = ...) -> None
2025-08-20T01:19:18.5636282Z services/api/routes/score.py:26: note: Redefinition:
2025-08-20T01:19:18.5636782Z services/api/routes/score.py:26: note:     def require_basic_auth() -> None
2025-08-20T01:19:18.5637601Z services/api/routes/score.py:34: error: Incompatible types in assignment (expression has type "None", variable has type Module)  [assignment]
2025-08-20T01:19:18.5638446Z services/api/routes/score.py:38: error: Invalid type comment or annotation  [valid-type]
2025-08-20T01:19:18.5639094Z services/api/routes/score.py:38: note: Suggestion: use constr[...] instead of constr(...)
2025-08-20T01:19:18.6113086Z Found 4 errors in 1 file (checked 97 source files)
2025-08-20T01:19:18.6506928Z ##[group]Run pytest -q --cov=services
2025-08-20T01:19:18.6507233Z [36;1mpytest -q --cov=services[0m
2025-08-20T01:19:18.6547398Z shell: /usr/bin/bash -e {0}
2025-08-20T01:19:18.6547611Z env:
2025-08-20T01:19:18.6547807Z   REDIS_URL: redis://localhost:6379/0
2025-08-20T01:19:18.6548064Z   RATE_LIMIT_DEFAULT: 100/minute
2025-08-20T01:19:18.6548292Z   TRUST_X_FORWARDED: 1
2025-08-20T01:19:18.6548484Z   PG_USER: postgres
2025-08-20T01:19:18.6548675Z   PG_PASSWORD: pass
2025-08-20T01:19:18.6548853Z   PG_DATABASE: awa
2025-08-20T01:19:18.6549022Z   PG_HOST: localhost
2025-08-20T01:19:18.6549199Z   PG_PORT: 5432
2025-08-20T01:19:18.6549600Z   PG_SYNC_DSN: ***localhost:5432/awa
2025-08-20T01:19:18.6550007Z   PG_ASYNC_DSN: ***localhost:5432/awa
2025-08-20T01:19:18.6550373Z   DATABASE_URL: ***localhost:5432/awa
2025-08-20T01:19:18.6550598Z   DATA_DIR: /tmp/awa-data
2025-08-20T01:19:18.6550798Z   ENABLE_LIVE: 0
2025-08-20T01:19:18.6550967Z   TESTING: 1
2025-08-20T01:19:18.6551224Z   pythonLocation: /opt/hostedtoolcache/Python/3.12.11/x64
2025-08-20T01:19:18.6551616Z   PKG_CONFIG_PATH: /opt/hostedtoolcache/Python/3.12.11/x64/lib/pkgconfig
2025-08-20T01:19:18.6551993Z   Python_ROOT_DIR: /opt/hostedtoolcache/Python/3.12.11/x64
2025-08-20T01:19:18.6552330Z   Python2_ROOT_DIR: /opt/hostedtoolcache/Python/3.12.11/x64
2025-08-20T01:19:18.6552675Z   Python3_ROOT_DIR: /opt/hostedtoolcache/Python/3.12.11/x64
2025-08-20T01:19:18.6553014Z   LD_LIBRARY_PATH: /opt/hostedtoolcache/Python/3.12.11/x64/lib
2025-08-20T01:19:18.6553303Z ##[endgroup]
2025-08-20T01:19:48.5971826Z ........s.............................sssssss........................... [ 41%]
2025-08-20T01:20:20.5210150Z ........................................................................ [ 83%]
2025-08-20T01:20:21.8206818Z .............................                                            [100%]
2025-08-20T01:20:21.8207506Z =============================== warnings summary ===============================
2025-08-20T01:20:21.8208063Z services/alert_bot/tests/test_smoke.py:5
2025-08-20T01:20:21.8210008Z   /home/runner/work/AWA-App/AWA-App/services/alert_bot/tests/test_smoke.py:5: UserWarning: pkg_resources is deprecated as an API. See https://setuptools.pypa.io/en/latest/pkg_resources.html. The pkg_resources package is slated for removal as early as 2025-11-30. Refrain from using this package or pin to Setuptools<81.
2025-08-20T01:20:21.8212263Z     import pkg_resources  # noqa: F401
2025-08-20T01:20:21.8212570Z 
2025-08-20T01:20:21.8212780Z tests/api/test_ingest_endpoints.py: 12 warnings
2025-08-20T01:20:21.8213296Z tests/ingest/test_tasks_eager.py: 3 warnings
2025-08-20T01:20:21.8213698Z tests/test_api_fast.py: 1 warning
2025-08-20T01:20:21.8214013Z tests/test_health.py: 5 warnings
2025-08-20T01:20:21.8214411Z tests/test_smoke.py: 5 warnings
2025-08-20T01:20:21.8215036Z services/api/tests/test_cors.py: 1 warning
2025-08-20T01:20:21.8215557Z services/api/tests/test_errors_json.py: 2 warnings
2025-08-20T01:20:21.8216018Z services/api/tests/test_health.py: 1 warning
2025-08-20T01:20:21.8216411Z services/api/tests/test_rate_limit.py: 122 warnings
2025-08-20T01:20:21.8216963Z services/api/tests/test_roi_basic_auth.py: 4 warnings
2025-08-20T01:20:21.8217512Z services/api/tests/test_sentry_event.py: 1 warning
2025-08-20T01:20:21.8218049Z services/api/tests/test_stats_contracts.py: 3 warnings
2025-08-20T01:20:21.8218607Z services/api/tests/test_stats_future_contracts.py: 3 warnings
2025-08-20T01:20:21.8219991Z   /opt/hostedtoolcache/Python/3.12.11/x64/lib/python3.12/site-packages/asgi_correlation_id/extensions/sentry.py:27: DeprecationWarning: sentry_sdk.configure_scope is deprecated and will be removed in the next major version. Please consult our migration guide to learn how to migrate to the new API: https://docs.sentry.io/platforms/python/migration/1.x-to-2.x#scope-configuring
2025-08-20T01:20:21.8221266Z     with configure_scope() as scope:
2025-08-20T01:20:21.8221428Z 
2025-08-20T01:20:21.8221542Z tests/api/test_ingest_endpoints.py: 3 warnings
2025-08-20T01:20:21.8222098Z tests/test_api_fast.py: 1 warning
2025-08-20T01:20:21.8222344Z tests/test_health.py: 5 warnings
2025-08-20T01:20:21.8222570Z tests/test_smoke.py: 5 warnings
2025-08-20T01:20:21.8222797Z services/api/tests/test_cors.py: 3 warnings
2025-08-20T01:20:21.8223081Z services/api/tests/test_errors_json.py: 2 warnings
2025-08-20T01:20:21.8223371Z services/api/tests/test_health.py: 1 warning
2025-08-20T01:20:21.8223644Z services/api/tests/test_rate_limit.py: 2 warnings
2025-08-20T01:20:21.8223936Z services/api/tests/test_sentry_event.py: 1 warning
2025-08-20T01:20:21.8224247Z services/api/tests/test_stats_contracts.py: 3 warnings
2025-08-20T01:20:21.8224818Z services/api/tests/test_stats_future_contracts.py: 1 warning
2025-08-20T01:20:21.8225653Z   /opt/hostedtoolcache/Python/3.12.11/x64/lib/python3.12/site-packages/fastapi_limiter/__init__.py:89: DeprecationWarning: Call to deprecated close. (Use aclose() instead) -- Deprecated since version 5.0.1.
2025-08-20T01:20:21.8226409Z     await cls.redis.close()
2025-08-20T01:20:21.8226550Z 
2025-08-20T01:20:21.8226701Z tests/test_api_fast.py::test_health_endpoint
2025-08-20T01:20:21.8227659Z   /home/runner/work/AWA-App/AWA-App/tests/test_api_fast.py:13: DeprecationWarning: datetime.datetime.utcnow() is deprecated and scheduled for removal in a future version. Use timezone-aware objects to represent datetimes in UTC: datetime.datetime.now(datetime.UTC).
2025-08-20T01:20:21.8228603Z     return datetime.datetime.utcnow()
2025-08-20T01:20:21.8228773Z 
2025-08-20T01:20:21.8228856Z tests/test_api_fast.py: 1 warning
2025-08-20T01:20:21.8229086Z tests/test_health.py: 5 warnings
2025-08-20T01:20:21.8229302Z tests/test_smoke.py: 5 warnings
2025-08-20T01:20:21.8229532Z services/api/tests/test_cors.py: 1 warning
2025-08-20T01:20:21.8229802Z services/api/tests/test_health.py: 1 warning
2025-08-20T01:20:21.8230086Z services/api/tests/test_rate_limit.py: 102 warnings
2025-08-20T01:20:21.8231109Z   /home/runner/work/AWA-App/AWA-App/services/api/routes/health.py:24: DeprecationWarning: datetime.datetime.utcnow() is deprecated and scheduled for removal in a future version. Use timezone-aware objects to represent datetimes in UTC: datetime.datetime.now(datetime.UTC).
2025-08-20T01:20:21.8232140Z     app_now = datetime.utcnow().replace(tzinfo=timezone.utc)
2025-08-20T01:20:21.8232352Z 
2025-08-20T01:20:21.8232606Z tests/test_health.py::test_health[0]
2025-08-20T01:20:21.8232854Z tests/test_health.py::test_health[1]
2025-08-20T01:20:21.8233081Z tests/test_health.py::test_health[2]
2025-08-20T01:20:21.8233531Z tests/test_health.py::test_health[3]
2025-08-20T01:20:21.8233977Z tests/test_health.py::test_health[4]
2025-08-20T01:20:21.8235632Z   /home/runner/work/AWA-App/AWA-App/tests/test_health.py:22: DeprecationWarning: datetime.datetime.utcnow() is deprecated and scheduled for removal in a future version. Use timezone-aware objects to represent datetimes in UTC: datetime.datetime.now(datetime.UTC).
2025-08-20T01:20:21.8237218Z     return datetime.datetime.utcnow()
2025-08-20T01:20:21.8237523Z 
2025-08-20T01:20:21.8237692Z tests/test_smoke.py::test_health[0]
2025-08-20T01:20:21.8238133Z tests/test_smoke.py::test_health[1]
2025-08-20T01:20:21.8238529Z tests/test_smoke.py::test_health[2]
2025-08-20T01:20:21.8238948Z tests/test_smoke.py::test_health[3]
2025-08-20T01:20:21.8239357Z tests/test_smoke.py::test_health[4]
2025-08-20T01:20:21.8241028Z   /home/runner/work/AWA-App/AWA-App/tests/test_smoke.py:32: DeprecationWarning: datetime.datetime.utcnow() is deprecated and scheduled for removal in a future version. Use timezone-aware objects to represent datetimes in UTC: datetime.datetime.now(datetime.UTC).
2025-08-20T01:20:21.8242765Z     return datetime.datetime.utcnow()
2025-08-20T01:20:21.8243086Z 
2025-08-20T01:20:21.8243378Z services/api/tests/test_cors.py::test_cors_simple_get_allowed
2025-08-20T01:20:21.8245717Z   /home/runner/work/AWA-App/AWA-App/services/api/tests/test_cors.py:27: DeprecationWarning: datetime.datetime.utcnow() is deprecated and scheduled for removal in a future version. Use timezone-aware objects to represent datetimes in UTC: datetime.datetime.now(datetime.UTC).
2025-08-20T01:20:21.8247507Z     return datetime.datetime.utcnow()
2025-08-20T01:20:21.8247799Z 
2025-08-20T01:20:21.8248032Z services/api/tests/test_health.py::test_health_route
2025-08-20T01:20:21.8249827Z   /home/runner/work/AWA-App/AWA-App/services/api/tests/test_health.py:14: DeprecationWarning: datetime.datetime.utcnow() is deprecated and scheduled for removal in a future version. Use timezone-aware objects to represent datetimes in UTC: datetime.datetime.now(datetime.UTC).
2025-08-20T01:20:21.8251694Z     return datetime.datetime.utcnow()
2025-08-20T01:20:21.8251993Z 
2025-08-20T01:20:21.8252205Z services/api/tests/test_rate_limit.py: 102 warnings
2025-08-20T01:20:21.8254025Z   /home/runner/work/AWA-App/AWA-App/services/api/tests/test_rate_limit.py:33: DeprecationWarning: datetime.datetime.utcnow() is deprecated and scheduled for removal in a future version. Use timezone-aware objects to represent datetimes in UTC: datetime.datetime.now(datetime.UTC).
2025-08-20T01:20:21.8256126Z     return datetime.datetime.utcnow()
2025-08-20T01:20:21.8256429Z 
2025-08-20T01:20:21.8256838Z services/api/tests/test_sentry_event.py::test_unhandled_exception_is_captured_and_tagged
2025-08-20T01:20:21.8259184Z   /home/runner/work/AWA-App/AWA-App/services/api/tests/test_sentry_event.py:47: SentryHubDeprecationWarning: `sentry_sdk.Hub` is deprecated and will be removed in a future major release. Please consult our 1.x to 2.x migration guide for details on how to migrate `Hub` usage to the new API: https://docs.sentry.io/platforms/python/migration/1.x-to-2.x
2025-08-20T01:20:21.8261260Z     hub = sentry_sdk.Hub.current
2025-08-20T01:20:21.8261528Z 
2025-08-20T01:20:21.8261845Z -- Docs: https://docs.pytest.org/en/stable/how-to/capture-warnings.html
2025-08-20T01:20:21.8262507Z ================================ tests coverage ================================
2025-08-20T01:20:21.8263145Z _______________ coverage: platform linux, python 3.12.11-final-0 _______________
2025-08-20T01:20:21.8263598Z 
2025-08-20T01:20:21.8263774Z Coverage XML written to file coverage.xml
2025-08-20T01:20:21.8264333Z Sentry is attempting to send 0 pending events
2025-08-20T01:20:21.8265002Z Waiting up to True seconds
2025-08-20T01:20:21.8265363Z Press Ctrl-C to quit
2025-08-20T01:20:22.2948700Z ##[group]Run actions/upload-artifact@v4
2025-08-20T01:20:22.2948979Z with:
2025-08-20T01:20:22.2949145Z   name: coverage
2025-08-20T01:20:22.2949321Z   path: coverage.xml
2025-08-20T01:20:22.2949514Z   if-no-files-found: warn
2025-08-20T01:20:22.2949737Z   compression-level: 6
2025-08-20T01:20:22.2949920Z   overwrite: false
2025-08-20T01:20:22.2950104Z   include-hidden-files: false
2025-08-20T01:20:22.2950308Z env:
2025-08-20T01:20:22.2950490Z   REDIS_URL: redis://localhost:6379/0
2025-08-20T01:20:22.2950739Z   RATE_LIMIT_DEFAULT: 100/minute
2025-08-20T01:20:22.2950951Z   TRUST_X_FORWARDED: 1
2025-08-20T01:20:22.2951128Z   PG_USER: postgres
2025-08-20T01:20:22.2951311Z   PG_PASSWORD: pass
2025-08-20T01:20:22.2951486Z   PG_DATABASE: awa
2025-08-20T01:20:22.2951653Z   PG_HOST: localhost
2025-08-20T01:20:22.2951832Z   PG_PORT: 5432
2025-08-20T01:20:22.2952236Z   PG_SYNC_DSN: ***localhost:5432/awa
2025-08-20T01:20:22.2952615Z   PG_ASYNC_DSN: ***localhost:5432/awa
2025-08-20T01:20:22.2953010Z   DATABASE_URL: ***localhost:5432/awa
2025-08-20T01:20:22.2953242Z   DATA_DIR: /tmp/awa-data
2025-08-20T01:20:22.2953437Z   ENABLE_LIVE: 0
2025-08-20T01:20:22.2953610Z   TESTING: 1
2025-08-20T01:20:22.2953836Z   pythonLocation: /opt/hostedtoolcache/Python/3.12.11/x64
2025-08-20T01:20:22.2954224Z   PKG_CONFIG_PATH: /opt/hostedtoolcache/Python/3.12.11/x64/lib/pkgconfig
2025-08-20T01:20:22.2955408Z   Python_ROOT_DIR: /opt/hostedtoolcache/Python/3.12.11/x64
2025-08-20T01:20:22.2955772Z   Python2_ROOT_DIR: /opt/hostedtoolcache/Python/3.12.11/x64
2025-08-20T01:20:22.2956131Z   Python3_ROOT_DIR: /opt/hostedtoolcache/Python/3.12.11/x64
2025-08-20T01:20:22.2956480Z   LD_LIBRARY_PATH: /opt/hostedtoolcache/Python/3.12.11/x64/lib
2025-08-20T01:20:22.2956765Z ##[endgroup]
2025-08-20T01:20:22.5057732Z With the provided path, there will be 1 file uploaded
2025-08-20T01:20:22.5062862Z Artifact name is valid!
2025-08-20T01:20:22.5064163Z Root directory input is valid!
2025-08-20T01:20:22.8176561Z Beginning upload of artifact content to blob storage
2025-08-20T01:20:23.1888203Z Uploaded bytes 5300
2025-08-20T01:20:23.2838575Z Finished uploading artifact content to blob storage!
2025-08-20T01:20:23.2841604Z SHA256 digest of uploaded artifact zip is b6661f23c352c726155e19cc8b92463eec1c6f845b7837080453e24c6d1c6350
2025-08-20T01:20:23.2843442Z Finalizing artifact upload
2025-08-20T01:20:23.4499559Z Artifact coverage.zip successfully finalized. Artifact ID 3804461173
2025-08-20T01:20:23.4500803Z Artifact coverage has been successfully uploaded! Final size is 5300 bytes. Artifact ID is 3804461173
2025-08-20T01:20:23.4507764Z Artifact download URL: https://github.com/AlexBomber12/AWA-App/actions/runs/17085840473/artifacts/3804461173
2025-08-20T01:20:23.4625783Z Post job cleanup.
2025-08-20T01:20:23.6112629Z Cache hit occurred on the primary key setup-python-Linux-x64-24.04-Ubuntu-python-3.12.11-pip-29fc3204f837bce43d81586a404709764a9accd1f738d0c33a52a32bf7a0c312, not saving cache.
2025-08-20T01:20:23.6256744Z Post job cleanup.
2025-08-20T01:20:23.7168212Z [command]/usr/bin/git version
2025-08-20T01:20:23.7203700Z git version 2.50.1
2025-08-20T01:20:23.7247138Z Temporarily overriding HOME='/home/runner/work/_temp/181cf485-2acb-4b61-a507-d1e1c44b4fa1' before making global git config changes
2025-08-20T01:20:23.7248265Z Adding repository directory to the temporary git global config as a safe directory
2025-08-20T01:20:23.7260694Z [command]/usr/bin/git config --global --add safe.directory /home/runner/work/AWA-App/AWA-App
2025-08-20T01:20:23.7298154Z [command]/usr/bin/git config --local --name-only --get-regexp core\.sshCommand
2025-08-20T01:20:23.7330403Z [command]/usr/bin/git submodule foreach --recursive sh -c "git config --local --name-only --get-regexp 'core\.sshCommand' && git config --local --unset-all 'core.sshCommand' || :"
2025-08-20T01:20:23.7563799Z [command]/usr/bin/git config --local --name-only --get-regexp http\.https\:\/\/github\.com\/\.extraheader
2025-08-20T01:20:23.7585204Z http.https://github.com/.extraheader
2025-08-20T01:20:23.7599973Z [command]/usr/bin/git config --local --unset-all http.https://github.com/.extraheader
2025-08-20T01:20:23.7630495Z [command]/usr/bin/git submodule foreach --recursive sh -c "git config --local --name-only --get-regexp 'http\.https\:\/\/github\.com\/\.extraheader' && git config --local --unset-all 'http.https://github.com/.extraheader' || :"
2025-08-20T01:20:23.7948297Z Print service container logs: 0cecea8719e941cab82e4b7660047901_postgres15_0aff03
2025-08-20T01:20:23.7952576Z ##[command]/usr/bin/docker logs --details 2da279a24625b016369f80e8b6bd8008db138dbb2f9232bae87b308c0dfaa41a
2025-08-20T01:20:23.8070751Z  The files belonging to this database system will be owned by user "postgres".
2025-08-20T01:20:23.8072749Z  initdb: warning: enabling "trust" authentication for local connections
2025-08-20T01:20:23.8073850Z  initdb: hint: You can change this by editing pg_hba.conf or using the option -A, or --auth-local and --auth-host, the next time you run initdb.
2025-08-20T01:20:23.8075483Z  2025-08-20 01:17:59.860 UTC [1] LOG:  starting PostgreSQL 15.14 (Debian 15.14-1.pgdg13+1) on x86_64-pc-linux-gnu, compiled by gcc (Debian 14.2.0-19) 14.2.0, 64-bit
2025-08-20T01:20:23.8076586Z  2025-08-20 01:17:59.860 UTC [1] LOG:  listening on IPv4 address "0.0.0.0", port 5432
2025-08-20T01:20:23.8077372Z  2025-08-20 01:17:59.860 UTC [1] LOG:  listening on IPv6 address "::", port 5432
2025-08-20T01:20:23.8078145Z  2025-08-20 01:17:59.862 UTC [1] LOG:  listening on Unix socket "/var/run/postgresql/.s.PGSQL.5432"
2025-08-20T01:20:23.8078971Z  2025-08-20 01:17:59.865 UTC [64] LOG:  database system was shut down at 2025-08-20 01:17:59 UTC
2025-08-20T01:20:23.8079750Z  2025-08-20 01:17:59.869 UTC [1] LOG:  database system is ready to accept connections
2025-08-20T01:20:23.8080348Z  This user must also own the server process.
2025-08-20T01:20:23.8080765Z  
2025-08-20T01:20:23.8081178Z  The database cluster will be initialized with locale "en_US.utf8".
2025-08-20T01:20:23.8081862Z  The default database encoding has accordingly been set to "UTF8".
2025-08-20T01:20:23.8082535Z  The default text search configuration will be set to "english".
2025-08-20T01:20:23.8083045Z  
2025-08-20T01:20:23.8083325Z  Data page checksums are disabled.
2025-08-20T01:20:23.8083703Z  
2025-08-20T01:20:23.8084162Z  fixing permissions on existing directory /var/lib/postgresql/data ... ok
2025-08-20T01:20:23.8084958Z  creating subdirectories ... ok
2025-08-20T01:20:23.8085447Z  selecting dynamic shared memory implementation ... posix
2025-08-20T01:20:23.8085990Z  selecting default max_connections ... 100
2025-08-20T01:20:23.8086451Z  selecting default shared_buffers ... 128MB
2025-08-20T01:20:23.8086885Z  selecting default time zone ... Etc/UTC
2025-08-20T01:20:23.8087316Z  creating configuration files ... ok
2025-08-20T01:20:23.8087901Z  running bootstrap script ... ok
2025-08-20T01:20:23.8088356Z  performing post-bootstrap initialization ... ok
2025-08-20T01:20:23.8088830Z  syncing data to disk ... ok
2025-08-20T01:20:23.8089174Z  
2025-08-20T01:20:23.8089322Z  
2025-08-20T01:20:23.8089548Z  Success. You can now start the database server using:
2025-08-20T01:20:23.8089829Z  
2025-08-20T01:20:23.8090044Z      pg_ctl -D /var/lib/postgresql/data -l logfile start
2025-08-20T01:20:23.8090308Z  
2025-08-20T01:20:23.8090873Z  waiting for server to start....2025-08-20 01:17:59.552 UTC [48] LOG:  starting PostgreSQL 15.14 (Debian 15.14-1.pgdg13+1) on x86_64-pc-linux-gnu, compiled by gcc (Debian 14.2.0-19) 14.2.0, 64-bit
2025-08-20T01:20:23.8091634Z  2025-08-20 01:17:59.553 UTC [48] LOG:  listening on Unix socket "/var/run/postgresql/.s.PGSQL.5432"
2025-08-20T01:20:23.8092122Z  2025-08-20 01:17:59.556 UTC [51] LOG:  database system was shut down at 2025-08-20 01:17:59 UTC
2025-08-20T01:20:23.8092565Z  2025-08-20 01:17:59.559 UTC [48] LOG:  database system is ready to accept connections
2025-08-20T01:20:23.8092893Z   done
2025-08-20T01:20:23.8093059Z  server started
2025-08-20T01:20:23.8093232Z  CREATE DATABASE
2025-08-20T01:20:23.8093406Z  
2025-08-20T01:20:23.8093552Z  
2025-08-20T01:20:23.8094072Z  /usr/local/bin/docker-entrypoint.sh: ignoring /docker-entrypoint-initdb.d/*
2025-08-20T01:20:23.8094438Z  
2025-08-20T01:20:23.8094924Z  2025-08-20 01:17:59.740 UTC [48] LOG:  received fast shutdown request
2025-08-20T01:20:23.8095588Z  waiting for server to shut down....2025-08-20 01:17:59.741 UTC [48] LOG:  aborting any active transactions
2025-08-20T01:20:23.8096217Z  2025-08-20 01:17:59.743 UTC [48] LOG:  background worker "logical replication launcher" (PID 54) exited with exit code 1
2025-08-20T01:20:23.8096689Z  2025-08-20 01:17:59.743 UTC [49] LOG:  shutting down
2025-08-20T01:20:23.8097035Z  2025-08-20 01:17:59.743 UTC [49] LOG:  checkpoint starting: shutdown immediate
2025-08-20T01:20:23.8097858Z  2025-08-20 01:17:59.760 UTC [49] LOG:  checkpoint complete: wrote 922 buffers (5.6%); 0 WAL file(s) added, 0 removed, 0 recycled; write=0.013 s, sync=0.003 s, total=0.018 s; sync files=301, longest=0.001 s, average=0.001 s; distance=4239 kB, estimate=4239 kB
2025-08-20T01:20:23.8098667Z  2025-08-20 01:17:59.766 UTC [48] LOG:  database system is shut down
2025-08-20T01:20:23.8098954Z   done
2025-08-20T01:20:23.8099115Z  server stopped
2025-08-20T01:20:23.8099288Z  
2025-08-20T01:20:23.8099500Z  PostgreSQL init process complete; ready for start up.
2025-08-20T01:20:23.8099775Z  
2025-08-20T01:20:23.8105871Z Stop and remove container: 0cecea8719e941cab82e4b7660047901_postgres15_0aff03
2025-08-20T01:20:23.8110699Z ##[command]/usr/bin/docker rm --force 2da279a24625b016369f80e8b6bd8008db138dbb2f9232bae87b308c0dfaa41a
2025-08-20T01:20:23.9392807Z 2da279a24625b016369f80e8b6bd8008db138dbb2f9232bae87b308c0dfaa41a
2025-08-20T01:20:23.9412803Z Print service container logs: dc56b7ffa9a44946931705915211cd5e_redis7alpine_8e415b
2025-08-20T01:20:23.9413937Z ##[command]/usr/bin/docker logs --details 092a7b99b65a7be917da694cb56a05da42c9e3a05665d26a66d413f8ad0b1b86
2025-08-20T01:20:23.9537583Z  1:C 20 Aug 2025 01:18:01.401 # WARNING Memory overcommit must be enabled! Without it, a background save or replication may fail under low memory condition. Being disabled, it can also cause failures without low memory condition, see https://github.com/jemalloc/jemalloc/issues/1328. To fix this issue add 'vm.overcommit_memory = 1' to /etc/sysctl.conf and then reboot or run the command 'sysctl vm.overcommit_memory=1' for this to take effect.
2025-08-20T01:20:23.9540222Z  1:C 20 Aug 2025 01:18:01.401 * oO0OoO0OoO0Oo Redis is starting oO0OoO0OoO0Oo
2025-08-20T01:20:23.9541008Z  1:C 20 Aug 2025 01:18:01.401 * Redis version=7.4.5, bits=64, commit=00000000, modified=0, pid=1, just started
2025-08-20T01:20:23.9542200Z  1:C 20 Aug 2025 01:18:01.401 # Warning: no config file specified, using the default config. In order to specify a config file use redis-server /path/to/redis.conf
2025-08-20T01:20:23.9543242Z  1:M 20 Aug 2025 01:18:01.401 * monotonic clock: POSIX clock_gettime
2025-08-20T01:20:23.9543833Z  1:M 20 Aug 2025 01:18:01.402 * Running mode=standalone, port=6379.
2025-08-20T01:20:23.9544364Z  1:M 20 Aug 2025 01:18:01.402 * Server initialized
2025-08-20T01:20:23.9545093Z  1:M 20 Aug 2025 01:18:01.402 * Ready to accept connections tcp
2025-08-20T01:20:23.9553397Z Stop and remove container: dc56b7ffa9a44946931705915211cd5e_redis7alpine_8e415b
2025-08-20T01:20:23.9554145Z ##[command]/usr/bin/docker rm --force 092a7b99b65a7be917da694cb56a05da42c9e3a05665d26a66d413f8ad0b1b86
2025-08-20T01:20:24.0785116Z 092a7b99b65a7be917da694cb56a05da42c9e3a05665d26a66d413f8ad0b1b86
2025-08-20T01:20:24.0807273Z Remove container network: github_network_a8f14efd2496431586a30c635629e637
2025-08-20T01:20:24.0811521Z ##[command]/usr/bin/docker network rm github_network_a8f14efd2496431586a30c635629e637
2025-08-20T01:20:24.1916145Z github_network_a8f14efd2496431586a30c635629e637
2025-08-20T01:20:24.1975128Z Cleaning up orphan processes
