2025-08-19T03:36:26.7421997Z Current runner version: '2.327.1'
2025-08-19T03:36:26.7455841Z ##[group]Runner Image Provisioner
2025-08-19T03:36:26.7457090Z Hosted Compute Agent
2025-08-19T03:36:26.7458368Z Version: 20250818.377
2025-08-19T03:36:26.7459362Z Commit: 3c593e9f75fe0b87e893bca80d6e12ba089c61fc
2025-08-19T03:36:26.7460432Z Build Date: 2025-08-18T14:52:18Z
2025-08-19T03:36:26.7461482Z ##[endgroup]
2025-08-19T03:36:26.7462345Z ##[group]Operating System
2025-08-19T03:36:26.7463312Z Ubuntu
2025-08-19T03:36:26.7464352Z 24.04.2
2025-08-19T03:36:26.7465154Z LTS
2025-08-19T03:36:26.7466039Z ##[endgroup]
2025-08-19T03:36:26.7466873Z ##[group]Runner Image
2025-08-19T03:36:26.7468131Z Image: ubuntu-24.04
2025-08-19T03:36:26.7468961Z Version: 20250810.1.0
2025-08-19T03:36:26.7471008Z Included Software: https://github.com/actions/runner-images/blob/ubuntu24/20250810.1/images/ubuntu/Ubuntu2404-Readme.md
2025-08-19T03:36:26.7473666Z Image Release: https://github.com/actions/runner-images/releases/tag/ubuntu24%2F20250810.1
2025-08-19T03:36:26.7475642Z ##[endgroup]
2025-08-19T03:36:26.7480128Z ##[group]GITHUB_TOKEN Permissions
2025-08-19T03:36:26.7483190Z Actions: read
2025-08-19T03:36:26.7484094Z Attestations: read
2025-08-19T03:36:26.7485095Z Checks: read
2025-08-19T03:36:26.7485877Z Contents: read
2025-08-19T03:36:26.7486983Z Deployments: read
2025-08-19T03:36:26.7488110Z Discussions: read
2025-08-19T03:36:26.7489101Z Issues: read
2025-08-19T03:36:26.7490078Z Metadata: read
2025-08-19T03:36:26.7490981Z Models: read
2025-08-19T03:36:26.7491894Z Packages: read
2025-08-19T03:36:26.7492816Z Pages: read
2025-08-19T03:36:26.7493718Z PullRequests: read
2025-08-19T03:36:26.7494594Z RepositoryProjects: read
2025-08-19T03:36:26.7495648Z SecurityEvents: read
2025-08-19T03:36:26.7496648Z Statuses: read
2025-08-19T03:36:26.7497724Z ##[endgroup]
2025-08-19T03:36:26.7501020Z Secret source: Dependabot
2025-08-19T03:36:26.7502298Z Prepare workflow directory
2025-08-19T03:36:26.7986006Z Prepare all required actions
2025-08-19T03:36:26.8043309Z Getting action download info
2025-08-19T03:36:27.0383481Z Download action repository 'actions/checkout@v4' (SHA:08eba0b27e820071cde6df949e0beb9ba4906955)
2025-08-19T03:36:27.2511481Z Download action repository 'docker/setup-buildx-action@v3' (SHA:e468171a9de216ec08956ac3ada2f0791b6bd435)
2025-08-19T03:36:27.5610013Z Download action repository 'actions/cache@v4' (SHA:0400d5f644dc74513175e3cd8d07132dd4860809)
2025-08-19T03:36:27.8855489Z Complete job name: container-build
2025-08-19T03:36:27.9548010Z ##[group]Run actions/checkout@v4
2025-08-19T03:36:27.9548915Z with:
2025-08-19T03:36:27.9549335Z   repository: AlexBomber12/AWA-App
2025-08-19T03:36:27.9550011Z   token: ***
2025-08-19T03:36:27.9550393Z   ssh-strict: true
2025-08-19T03:36:27.9550781Z   ssh-user: git
2025-08-19T03:36:27.9551174Z   persist-credentials: true
2025-08-19T03:36:27.9551624Z   clean: true
2025-08-19T03:36:27.9552017Z   sparse-checkout-cone-mode: true
2025-08-19T03:36:27.9552492Z   fetch-depth: 1
2025-08-19T03:36:27.9552874Z   fetch-tags: false
2025-08-19T03:36:27.9553289Z   show-progress: true
2025-08-19T03:36:27.9553686Z   lfs: false
2025-08-19T03:36:27.9554056Z   submodules: false
2025-08-19T03:36:27.9554451Z   set-safe-directory: true
2025-08-19T03:36:27.9555113Z ##[endgroup]
2025-08-19T03:36:28.0642858Z Syncing repository: AlexBomber12/AWA-App
2025-08-19T03:36:28.0644752Z ##[group]Getting Git version info
2025-08-19T03:36:28.0645443Z Working directory is '/home/runner/work/AWA-App/AWA-App'
2025-08-19T03:36:28.0646462Z [command]/usr/bin/git version
2025-08-19T03:36:28.0674194Z git version 2.50.1
2025-08-19T03:36:28.0700901Z ##[endgroup]
2025-08-19T03:36:28.0718072Z Temporarily overriding HOME='/home/runner/work/_temp/81bfd6e1-79d7-49f7-b744-eca6d6b19305' before making global git config changes
2025-08-19T03:36:28.0720455Z Adding repository directory to the temporary git global config as a safe directory
2025-08-19T03:36:28.0724656Z [command]/usr/bin/git config --global --add safe.directory /home/runner/work/AWA-App/AWA-App
2025-08-19T03:36:28.0761101Z Deleting the contents of '/home/runner/work/AWA-App/AWA-App'
2025-08-19T03:36:28.0765362Z ##[group]Initializing the repository
2025-08-19T03:36:28.0770243Z [command]/usr/bin/git init /home/runner/work/AWA-App/AWA-App
2025-08-19T03:36:28.0824491Z hint: Using 'master' as the name for the initial branch. This default branch name
2025-08-19T03:36:28.0826182Z hint: is subject to change. To configure the initial branch name to use in all
2025-08-19T03:36:28.0827789Z hint: of your new repositories, which will suppress this warning, call:
2025-08-19T03:36:28.0828868Z hint:
2025-08-19T03:36:28.0829886Z hint: 	git config --global init.defaultBranch <name>
2025-08-19T03:36:28.0830942Z hint:
2025-08-19T03:36:28.0831923Z hint: Names commonly chosen instead of 'master' are 'main', 'trunk' and
2025-08-19T03:36:28.0833549Z hint: 'development'. The just-created branch can be renamed via this command:
2025-08-19T03:36:28.0834842Z hint:
2025-08-19T03:36:28.0835488Z hint: 	git branch -m <name>
2025-08-19T03:36:28.0836219Z hint:
2025-08-19T03:36:28.0837681Z hint: Disable this message with "git config set advice.defaultBranchName false"
2025-08-19T03:36:28.0839505Z Initialized empty Git repository in /home/runner/work/AWA-App/AWA-App/.git/
2025-08-19T03:36:28.0842318Z [command]/usr/bin/git remote add origin https://github.com/AlexBomber12/AWA-App
2025-08-19T03:36:28.0872465Z ##[endgroup]
2025-08-19T03:36:28.0873623Z ##[group]Disabling automatic garbage collection
2025-08-19T03:36:28.0877526Z [command]/usr/bin/git config --local gc.auto 0
2025-08-19T03:36:28.0905801Z ##[endgroup]
2025-08-19T03:36:28.0907006Z ##[group]Setting up auth
2025-08-19T03:36:28.0913448Z [command]/usr/bin/git config --local --name-only --get-regexp core\.sshCommand
2025-08-19T03:36:28.0944416Z [command]/usr/bin/git submodule foreach --recursive sh -c "git config --local --name-only --get-regexp 'core\.sshCommand' && git config --local --unset-all 'core.sshCommand' || :"
2025-08-19T03:36:28.1198200Z [command]/usr/bin/git config --local --name-only --get-regexp http\.https\:\/\/github\.com\/\.extraheader
2025-08-19T03:36:28.1232173Z [command]/usr/bin/git submodule foreach --recursive sh -c "git config --local --name-only --get-regexp 'http\.https\:\/\/github\.com\/\.extraheader' && git config --local --unset-all 'http.https://github.com/.extraheader' || :"
2025-08-19T03:36:28.1455111Z [command]/usr/bin/git config --local http.https://github.com/.extraheader AUTHORIZATION: basic ***
2025-08-19T03:36:28.1491553Z ##[endgroup]
2025-08-19T03:36:28.1492929Z ##[group]Fetching the repository
2025-08-19T03:36:28.1501590Z [command]/usr/bin/git -c protocol.version=2 fetch --no-tags --prune --no-recurse-submodules --depth=1 origin +5ab1b175ba0fb90e315dcdee3352fb229131d5fa:refs/remotes/pull/266/merge
2025-08-19T03:36:28.3964503Z From https://github.com/AlexBomber12/AWA-App
2025-08-19T03:36:28.3965456Z  * [new ref]         5ab1b175ba0fb90e315dcdee3352fb229131d5fa -> pull/266/merge
2025-08-19T03:36:28.3987746Z ##[endgroup]
2025-08-19T03:36:28.3988539Z ##[group]Determining the checkout info
2025-08-19T03:36:28.3990186Z ##[endgroup]
2025-08-19T03:36:28.3995280Z [command]/usr/bin/git sparse-checkout disable
2025-08-19T03:36:28.4033406Z [command]/usr/bin/git config --local --unset-all extensions.worktreeConfig
2025-08-19T03:36:28.4061261Z ##[group]Checking out the ref
2025-08-19T03:36:28.4065603Z [command]/usr/bin/git checkout --progress --force refs/remotes/pull/266/merge
2025-08-19T03:36:28.4546384Z Note: switching to 'refs/remotes/pull/266/merge'.
2025-08-19T03:36:28.4547396Z 
2025-08-19T03:36:28.4547974Z You are in 'detached HEAD' state. You can look around, make experimental
2025-08-19T03:36:28.4549071Z changes and commit them, and you can discard any commits you make in this
2025-08-19T03:36:28.4550129Z state without impacting any branches by switching back to a branch.
2025-08-19T03:36:28.4550812Z 
2025-08-19T03:36:28.4551558Z If you want to create a new branch to retain commits you create, you may
2025-08-19T03:36:28.4553073Z do so (now or later) by using -c with the switch command. Example:
2025-08-19T03:36:28.4554278Z 
2025-08-19T03:36:28.4554657Z   git switch -c <new-branch-name>
2025-08-19T03:36:28.4555195Z 
2025-08-19T03:36:28.4555526Z Or undo this operation with:
2025-08-19T03:36:28.4556059Z 
2025-08-19T03:36:28.4556361Z   git switch -
2025-08-19T03:36:28.4556850Z 
2025-08-19T03:36:28.4557840Z Turn off this advice by setting config variable advice.detachedHead to false
2025-08-19T03:36:28.4558982Z 
2025-08-19T03:36:28.4560166Z HEAD is now at 5ab1b17 Merge 7782bf09fe88f5cfa5108d04a7d9f0b0f973dee0 into 5e166f3f8d16f236e2353b952e9c723896c2670d
2025-08-19T03:36:28.4563552Z ##[endgroup]
2025-08-19T03:36:28.4594949Z [command]/usr/bin/git log -1 --format=%H
2025-08-19T03:36:28.4617566Z 5ab1b175ba0fb90e315dcdee3352fb229131d5fa
2025-08-19T03:36:28.4838443Z ##[group]Run docker/setup-buildx-action@v3
2025-08-19T03:36:28.4839004Z with:
2025-08-19T03:36:28.4839388Z   driver: docker-container
2025-08-19T03:36:28.4839813Z   install: false
2025-08-19T03:36:28.4840172Z   use: true
2025-08-19T03:36:28.4840525Z   keep-state: false
2025-08-19T03:36:28.4840902Z   cache-binary: true
2025-08-19T03:36:28.4841277Z   cleanup: true
2025-08-19T03:36:28.4841633Z ##[endgroup]
2025-08-19T03:36:28.7731426Z ##[group]Docker info
2025-08-19T03:36:28.7761362Z [command]/usr/bin/docker version
2025-08-19T03:36:28.8253573Z Client: Docker Engine - Community
2025-08-19T03:36:28.8254590Z  Version:           28.0.4
2025-08-19T03:36:28.8256874Z  API version:       1.48
2025-08-19T03:36:28.8257794Z  Go version:        go1.23.7
2025-08-19T03:36:28.8258281Z  Git commit:        b8034c0
2025-08-19T03:36:28.8258752Z  Built:             Tue Mar 25 15:07:16 2025
2025-08-19T03:36:28.8259272Z  OS/Arch:           linux/amd64
2025-08-19T03:36:28.8259785Z  Context:           default
2025-08-19T03:36:28.8260054Z 
2025-08-19T03:36:28.8260238Z Server: Docker Engine - Community
2025-08-19T03:36:28.8260694Z  Engine:
2025-08-19T03:36:28.8261042Z   Version:          28.0.4
2025-08-19T03:36:28.8261519Z   API version:      1.48 (minimum version 1.24)
2025-08-19T03:36:28.8262059Z   Go version:       go1.23.7
2025-08-19T03:36:28.8262490Z   Git commit:       6430e49
2025-08-19T03:36:28.8263081Z   Built:            Tue Mar 25 15:07:16 2025
2025-08-19T03:36:28.8263736Z   OS/Arch:          linux/amd64
2025-08-19T03:36:28.8264184Z   Experimental:     false
2025-08-19T03:36:28.8264596Z  containerd:
2025-08-19T03:36:28.8264946Z   Version:          1.7.27
2025-08-19T03:36:28.8265467Z   GitCommit:        05044ec0a9a75232cad458027ca83437aae3f4da
2025-08-19T03:36:28.8266017Z  runc:
2025-08-19T03:36:28.8266358Z   Version:          1.2.5
2025-08-19T03:36:28.8266794Z   GitCommit:        v1.2.5-0-g59923ef
2025-08-19T03:36:28.8267521Z  docker-init:
2025-08-19T03:36:28.8267941Z   Version:          0.19.0
2025-08-19T03:36:28.8268380Z   GitCommit:        de40ad0
2025-08-19T03:36:28.8305260Z [command]/usr/bin/docker info
2025-08-19T03:36:28.9865165Z Client: Docker Engine - Community
2025-08-19T03:36:28.9866130Z  Version:    28.0.4
2025-08-19T03:36:28.9866832Z  Context:    default
2025-08-19T03:36:28.9867697Z  Debug Mode: false
2025-08-19T03:36:28.9868287Z  Plugins:
2025-08-19T03:36:28.9868877Z   buildx: Docker Buildx (Docker Inc.)
2025-08-19T03:36:28.9869645Z     Version:  v0.26.1
2025-08-19T03:36:28.9870448Z     Path:     /usr/libexec/docker/cli-plugins/docker-buildx
2025-08-19T03:36:28.9871400Z   compose: Docker Compose (Docker Inc.)
2025-08-19T03:36:28.9872170Z     Version:  v2.38.2
2025-08-19T03:36:28.9872940Z     Path:     /usr/libexec/docker/cli-plugins/docker-compose
2025-08-19T03:36:28.9873606Z 
2025-08-19T03:36:28.9873837Z Server:
2025-08-19T03:36:28.9874358Z  Containers: 0
2025-08-19T03:36:28.9874923Z   Running: 0
2025-08-19T03:36:28.9875466Z   Paused: 0
2025-08-19T03:36:28.9875991Z   Stopped: 0
2025-08-19T03:36:28.9876550Z  Images: 0
2025-08-19T03:36:28.9877094Z  Server Version: 28.0.4
2025-08-19T03:36:28.9877984Z  Storage Driver: overlay2
2025-08-19T03:36:28.9878680Z   Backing Filesystem: extfs
2025-08-19T03:36:28.9879387Z   Supports d_type: true
2025-08-19T03:36:28.9880385Z   Using metacopy: false
2025-08-19T03:36:28.9881055Z   Native Overlay Diff: false
2025-08-19T03:36:28.9881737Z   userxattr: false
2025-08-19T03:36:28.9882386Z  Logging Driver: json-file
2025-08-19T03:36:28.9949439Z  Cgroup Driver: systemd
2025-08-19T03:36:28.9950265Z  Cgroup Version: 2
2025-08-19T03:36:28.9950839Z  Plugins:
2025-08-19T03:36:28.9951382Z   Volume: local
2025-08-19T03:36:28.9952058Z   Network: bridge host ipvlan macvlan null overlay
2025-08-19T03:36:28.9953175Z   Log: awslogs fluentd gcplogs gelf journald json-file local splunk syslog
2025-08-19T03:36:28.9954264Z  Swarm: inactive
2025-08-19T03:36:28.9954957Z  Runtimes: io.containerd.runc.v2 runc
2025-08-19T03:36:28.9955815Z  Default Runtime: runc
2025-08-19T03:36:28.9956897Z  Init Binary: docker-init
2025-08-19T03:36:28.9958071Z  containerd version: 05044ec0a9a75232cad458027ca83437aae3f4da
2025-08-19T03:36:28.9959122Z  runc version: v1.2.5-0-g59923ef
2025-08-19T03:36:28.9959889Z  init version: de40ad0
2025-08-19T03:36:28.9960557Z  Security Options:
2025-08-19T03:36:28.9961186Z   apparmor
2025-08-19T03:36:28.9961765Z   seccomp
2025-08-19T03:36:28.9962334Z    Profile: builtin
2025-08-19T03:36:28.9962946Z   cgroupns
2025-08-19T03:36:28.9963592Z  Kernel Version: 6.11.0-1018-azure
2025-08-19T03:36:28.9964420Z  Operating System: Ubuntu 24.04.2 LTS
2025-08-19T03:36:28.9965271Z  OSType: linux
2025-08-19T03:36:28.9965933Z  Architecture: x86_64
2025-08-19T03:36:28.9966423Z  CPUs: 4
2025-08-19T03:36:28.9967057Z  Total Memory: 15.62GiB
2025-08-19T03:36:28.9967785Z  Name: pkrvmubgrv54qmi
2025-08-19T03:36:28.9968320Z  ID: 2166c256-3f30-4fc2-abf1-e8d653854173
2025-08-19T03:36:28.9968850Z  Docker Root Dir: /var/lib/docker
2025-08-19T03:36:28.9969480Z  Debug Mode: false
2025-08-19T03:36:28.9970030Z  Username: githubactions
2025-08-19T03:36:28.9970564Z  Experimental: false
2025-08-19T03:36:28.9971073Z  Insecure Registries:
2025-08-19T03:36:28.9974993Z   ::1/128
2025-08-19T03:36:28.9975440Z   127.0.0.0/8
2025-08-19T03:36:28.9975926Z  Live Restore Enabled: false
2025-08-19T03:36:28.9976265Z 
2025-08-19T03:36:28.9976906Z ##[endgroup]
2025-08-19T03:36:29.0731508Z ##[group]Buildx version
2025-08-19T03:36:29.0758731Z [command]/usr/bin/docker buildx version
2025-08-19T03:36:29.1319059Z github.com/docker/buildx v0.26.1 1a8287f22cf5a38339a4c1bf432b803c5f8b2aae
2025-08-19T03:36:29.1352674Z ##[endgroup]
2025-08-19T03:36:29.1506429Z ##[group]Inspecting default docker context
2025-08-19T03:36:29.1690587Z [
2025-08-19T03:36:29.1691435Z   {
2025-08-19T03:36:29.1692012Z     "Name": "default",
2025-08-19T03:36:29.1692688Z     "Metadata": {},
2025-08-19T03:36:29.1693315Z     "Endpoints": {
2025-08-19T03:36:29.1693916Z       "docker": {
2025-08-19T03:36:29.1694571Z         "Host": "unix:///var/run/docker.sock",
2025-08-19T03:36:29.1695669Z         "SkipTLSVerify": false
2025-08-19T03:36:29.1696540Z       }
2025-08-19T03:36:29.1697689Z     },
2025-08-19T03:36:29.1698829Z     "TLSMaterial": {},
2025-08-19T03:36:29.1700083Z     "Storage": {
2025-08-19T03:36:29.1701320Z       "MetadataPath": "<IN MEMORY>",
2025-08-19T03:36:29.1702886Z       "TLSPath": "<IN MEMORY>"
2025-08-19T03:36:29.1704282Z     }
2025-08-19T03:36:29.1705455Z   }
2025-08-19T03:36:29.1706563Z ]
2025-08-19T03:36:29.1708956Z ##[endgroup]
2025-08-19T03:36:29.1711145Z ##[group]Creating a new builder instance
2025-08-19T03:36:29.2782902Z [command]/usr/bin/docker buildx create --name builder-45dd2793-bd05-4897-adfb-f470c6b072e5 --driver docker-container --buildkitd-flags --allow-insecure-entitlement security.insecure --allow-insecure-entitlement network.host --use
2025-08-19T03:36:29.3363781Z builder-45dd2793-bd05-4897-adfb-f470c6b072e5
2025-08-19T03:36:29.3409182Z ##[endgroup]
2025-08-19T03:36:29.3412228Z ##[group]Booting builder
2025-08-19T03:36:29.3453994Z [command]/usr/bin/docker buildx inspect --bootstrap --builder builder-45dd2793-bd05-4897-adfb-f470c6b072e5
2025-08-19T03:36:29.4182470Z #1 [internal] booting buildkit
2025-08-19T03:36:29.5689886Z #1 pulling image moby/buildkit:buildx-stable-1
2025-08-19T03:36:31.4213000Z #1 pulling image moby/buildkit:buildx-stable-1 2.0s done
2025-08-19T03:36:31.5722679Z #1 creating container buildx_buildkit_builder-45dd2793-bd05-4897-adfb-f470c6b072e50
2025-08-19T03:36:31.6749518Z #1 creating container buildx_buildkit_builder-45dd2793-bd05-4897-adfb-f470c6b072e50 0.3s done
2025-08-19T03:36:31.6766670Z #1 DONE 2.3s
2025-08-19T03:36:31.7079923Z Name:          builder-45dd2793-bd05-4897-adfb-f470c6b072e5
2025-08-19T03:36:31.7081105Z Driver:        docker-container
2025-08-19T03:36:31.7099536Z Last Activity: 2025-08-19 03:36:29 +0000 UTC
2025-08-19T03:36:31.7099966Z 
2025-08-19T03:36:31.7100117Z Nodes:
2025-08-19T03:36:31.7100583Z Name:                  builder-45dd2793-bd05-4897-adfb-f470c6b072e50
2025-08-19T03:36:31.7101596Z Endpoint:              unix:///var/run/docker.sock
2025-08-19T03:36:31.7102156Z Status:                running
2025-08-19T03:36:31.7103196Z BuildKit daemon flags: --allow-insecure-entitlement security.insecure --allow-insecure-entitlement network.host
2025-08-19T03:36:31.7104122Z BuildKit version:      v0.22.0
2025-08-19T03:36:31.7104730Z Platforms:             linux/amd64, linux/amd64/v2, linux/amd64/v3, linux/386
2025-08-19T03:36:31.7105417Z Labels:
2025-08-19T03:36:31.7105892Z  org.mobyproject.buildkit.worker.executor:         oci
2025-08-19T03:36:31.7106635Z  org.mobyproject.buildkit.worker.hostname:         aa4ef1927c44
2025-08-19T03:36:31.7107541Z  org.mobyproject.buildkit.worker.network:          host
2025-08-19T03:36:31.7108282Z  org.mobyproject.buildkit.worker.oci.process-mode: sandbox
2025-08-19T03:36:31.7108991Z  org.mobyproject.buildkit.worker.selinux.enabled:  false
2025-08-19T03:36:31.7109776Z  org.mobyproject.buildkit.worker.snapshotter:      overlayfs
2025-08-19T03:36:31.7110374Z GC Policy rule#0:
2025-08-19T03:36:31.7110770Z  All:            false
2025-08-19T03:36:31.7111397Z  Filters:        type==source.local,type==exec.cachemount,type==source.git.checkout
2025-08-19T03:36:31.7112169Z  Keep Duration:  48h0m0s
2025-08-19T03:36:31.7112599Z  Max Used Space: 488.3MiB
2025-08-19T03:36:31.7113029Z GC Policy rule#1:
2025-08-19T03:36:31.7113427Z  All:            false
2025-08-19T03:36:31.7116089Z  Keep Duration:  1440h0m0s
2025-08-19T03:36:31.7116614Z  Reserved Space: 7.451GiB
2025-08-19T03:36:31.7118748Z  Max Used Space: 54.02GiB
2025-08-19T03:36:31.7120247Z  Min Free Space: 13.97GiB
2025-08-19T03:36:31.7120741Z GC Policy rule#2:
2025-08-19T03:36:31.7121122Z  All:            false
2025-08-19T03:36:31.7121496Z  Reserved Space: 7.451GiB
2025-08-19T03:36:31.7121883Z  Max Used Space: 54.02GiB
2025-08-19T03:36:31.7122272Z  Min Free Space: 13.97GiB
2025-08-19T03:36:31.7122655Z GC Policy rule#3:
2025-08-19T03:36:31.7123006Z  All:            true
2025-08-19T03:36:31.7123367Z  Reserved Space: 7.451GiB
2025-08-19T03:36:31.7123796Z  Max Used Space: 54.02GiB
2025-08-19T03:36:31.7124198Z  Min Free Space: 13.97GiB
2025-08-19T03:36:31.7145704Z ##[endgroup]
2025-08-19T03:36:31.8072337Z ##[group]Inspect builder
2025-08-19T03:36:31.8078635Z {
2025-08-19T03:36:31.8078998Z   "nodes": [
2025-08-19T03:36:31.8079368Z     {
2025-08-19T03:36:31.8079803Z       "name": "builder-45dd2793-bd05-4897-adfb-f470c6b072e50",
2025-08-19T03:36:31.8080386Z       "endpoint": "unix:///var/run/docker.sock",
2025-08-19T03:36:31.8080857Z       "status": "running",
2025-08-19T03:36:31.8081862Z       "buildkitd-flags": "--allow-insecure-entitlement security.insecure --allow-insecure-entitlement network.host",
2025-08-19T03:36:31.8082771Z       "buildkit": "v0.22.0",
2025-08-19T03:36:31.8083306Z       "platforms": "linux/amd64,linux/amd64/v2,linux/amd64/v3,linux/386",
2025-08-19T03:36:31.8083895Z       "features": {
2025-08-19T03:36:31.8084424Z         "Automatically load images to the Docker Engine image store": true,
2025-08-19T03:36:31.8085177Z         "Cache export": true,
2025-08-19T03:36:31.8085611Z         "Direct push": true,
2025-08-19T03:36:31.8085983Z         "Docker exporter": true,
2025-08-19T03:36:31.8086415Z         "Multi-platform build": true,
2025-08-19T03:36:31.8086797Z         "OCI exporter": true
2025-08-19T03:36:31.8087708Z       },
2025-08-19T03:36:31.8087950Z       "labels": {
2025-08-19T03:36:31.8088336Z         "org.mobyproject.buildkit.worker.executor": "oci",
2025-08-19T03:36:31.8088913Z         "org.mobyproject.buildkit.worker.hostname": "aa4ef1927c44",
2025-08-19T03:36:31.8089497Z         "org.mobyproject.buildkit.worker.network": "host",
2025-08-19T03:36:31.8090162Z         "org.mobyproject.buildkit.worker.oci.process-mode": "sandbox",
2025-08-19T03:36:31.8090870Z         "org.mobyproject.buildkit.worker.selinux.enabled": "false",
2025-08-19T03:36:31.8091534Z         "org.mobyproject.buildkit.worker.snapshotter": "overlayfs"
2025-08-19T03:36:31.8092015Z       },
2025-08-19T03:36:31.8092265Z       "gcPolicy": [
2025-08-19T03:36:31.8092779Z         {
2025-08-19T03:36:31.8093021Z           "all": false,
2025-08-19T03:36:31.8093297Z           "filter": [
2025-08-19T03:36:31.8093618Z             "type==source.local",
2025-08-19T03:36:31.8093986Z             "type==exec.cachemount",
2025-08-19T03:36:31.8094424Z             "type==source.git.checkout"
2025-08-19T03:36:31.8094787Z           ],
2025-08-19T03:36:31.8095058Z           "keepDuration": "48h0m0s",
2025-08-19T03:36:31.8095429Z           "maxUsedSpace": "488.3MiB"
2025-08-19T03:36:31.8095769Z         },
2025-08-19T03:36:31.8096013Z         {
2025-08-19T03:36:31.8096261Z           "all": false,
2025-08-19T03:36:31.8096581Z           "keepDuration": "1440h0m0s",
2025-08-19T03:36:31.8096967Z           "reservedSpace": "7.451GiB",
2025-08-19T03:36:31.8097546Z           "maxUsedSpace": "54.02GiB",
2025-08-19T03:36:31.8097945Z           "minFreeSpace": "13.97GiB"
2025-08-19T03:36:31.8098299Z         },
2025-08-19T03:36:31.8098546Z         {
2025-08-19T03:36:31.8098810Z           "all": false,
2025-08-19T03:36:31.8099137Z           "reservedSpace": "7.451GiB",
2025-08-19T03:36:31.8099510Z           "maxUsedSpace": "54.02GiB",
2025-08-19T03:36:31.8099873Z           "minFreeSpace": "13.97GiB"
2025-08-19T03:36:31.8100202Z         },
2025-08-19T03:36:31.8100477Z         {
2025-08-19T03:36:31.8100725Z           "all": true,
2025-08-19T03:36:31.8101040Z           "reservedSpace": "7.451GiB",
2025-08-19T03:36:31.8101415Z           "maxUsedSpace": "54.02GiB",
2025-08-19T03:36:31.8101791Z           "minFreeSpace": "13.97GiB"
2025-08-19T03:36:31.8102130Z         }
2025-08-19T03:36:31.8102370Z       ]
2025-08-19T03:36:31.8102609Z     }
2025-08-19T03:36:31.8102840Z   ],
2025-08-19T03:36:31.8103190Z   "name": "builder-45dd2793-bd05-4897-adfb-f470c6b072e5",
2025-08-19T03:36:31.8103674Z   "driver": "docker-container",
2025-08-19T03:36:31.8104069Z   "lastActivity": "2025-08-19T03:36:29.000Z"
2025-08-19T03:36:31.8104440Z }
2025-08-19T03:36:31.8105064Z ##[endgroup]
2025-08-19T03:36:31.8105664Z ##[group]BuildKit version
2025-08-19T03:36:31.8106113Z builder-45dd2793-bd05-4897-adfb-f470c6b072e50: v0.22.0
2025-08-19T03:36:31.8106823Z ##[endgroup]
2025-08-19T03:36:31.9591675Z ##[group]Run actions/cache@v4
2025-08-19T03:36:31.9591927Z with:
2025-08-19T03:36:31.9592096Z   path: ~/.cache/pip
2025-08-19T03:36:31.9592470Z   key: Linux-pip-5f825e17f8169e7ab22ee60228696ee2f1516b44dca6b4d75676f3fa90f9b9f2
2025-08-19T03:36:31.9592869Z   enableCrossOsArchive: false
2025-08-19T03:36:31.9593088Z   fail-on-cache-miss: false
2025-08-19T03:36:31.9593303Z   lookup-only: false
2025-08-19T03:36:31.9593490Z   save-always: false
2025-08-19T03:36:31.9593662Z ##[endgroup]
2025-08-19T03:36:32.1879829Z Cache not found for input keys: Linux-pip-5f825e17f8169e7ab22ee60228696ee2f1516b44dca6b4d75676f3fa90f9b9f2
2025-08-19T03:36:32.1974228Z ##[group]Run docker buildx build \
2025-08-19T03:36:32.1974552Z [36;1mdocker buildx build \[0m
2025-08-19T03:36:32.1974976Z [36;1m  --tag ghcr.io/alexbomber12/awa-app/api:5ab1b175ba0fb90e315dcdee3352fb229131d5fa \[0m
2025-08-19T03:36:32.1975498Z [36;1m  --build-arg TZ_CACHE_BUST=5ab1b175ba0fb90e315dcdee3352fb229131d5fa \[0m
2025-08-19T03:36:32.1975878Z [36;1m  --file services/api/Dockerfile \[0m
2025-08-19T03:36:32.1976116Z [36;1m  --load .[0m
2025-08-19T03:36:32.2048258Z shell: /usr/bin/bash -e {0}
2025-08-19T03:36:32.2048511Z ##[endgroup]
2025-08-19T03:36:32.5203638Z #0 building with "builder-45dd2793-bd05-4897-adfb-f470c6b072e5" instance using docker-container driver
2025-08-19T03:36:32.5204360Z 
2025-08-19T03:36:32.5204572Z #1 [internal] load build definition from Dockerfile
2025-08-19T03:36:32.5205080Z #1 transferring dockerfile: 1.48kB done
2025-08-19T03:36:32.5205496Z #1 DONE 0.0s
2025-08-19T03:36:32.5205668Z 
2025-08-19T03:36:32.5206027Z #2 [auth] docker/dockerfile:pull token for registry-1.docker.io
2025-08-19T03:36:32.5206626Z #2 DONE 0.0s
2025-08-19T03:36:32.5206808Z 
2025-08-19T03:36:32.5207450Z #3 resolve image config for docker-image://docker.io/docker/dockerfile:1.6
2025-08-19T03:36:32.6498665Z #3 DONE 0.3s
2025-08-19T03:36:32.7609193Z 
2025-08-19T03:36:32.7613521Z #4 docker-image://docker.io/docker/dockerfile:1.6@sha256:ac85f380a63b13dfcefa89046420e1781752bab202122f8f50032edf31be0021
2025-08-19T03:36:32.7615713Z #4 resolve docker.io/docker/dockerfile:1.6@sha256:ac85f380a63b13dfcefa89046420e1781752bab202122f8f50032edf31be0021 done
2025-08-19T03:36:32.7617682Z #4 sha256:9d9c93f4b00be908ab694a4df732570bced3b8a96b7515d70ff93402179ad232 11.80MB / 11.80MB 0.1s done
2025-08-19T03:36:32.9115302Z #4 extracting sha256:9d9c93f4b00be908ab694a4df732570bced3b8a96b7515d70ff93402179ad232 0.1s done
2025-08-19T03:36:32.9116077Z #4 DONE 0.2s
2025-08-19T03:36:32.9116201Z 
2025-08-19T03:36:32.9116383Z #5 [internal] load metadata for docker.io/library/python:3.12-slim
2025-08-19T03:36:33.0696410Z #5 ...
2025-08-19T03:36:33.0696633Z 
2025-08-19T03:36:33.0696911Z #6 [auth] library/python:pull token for registry-1.docker.io
2025-08-19T03:36:33.0697728Z #6 DONE 0.0s
2025-08-19T03:36:33.0697872Z 
2025-08-19T03:36:33.0698101Z #5 [internal] load metadata for docker.io/library/python:3.12-slim
2025-08-19T03:36:33.1675398Z #5 DONE 0.3s
2025-08-19T03:36:33.2770888Z 
2025-08-19T03:36:33.2771535Z #7 [internal] load .dockerignore
2025-08-19T03:36:33.2772082Z #7 transferring context: 265B done
2025-08-19T03:36:33.2772662Z #7 DONE 0.0s
2025-08-19T03:36:33.2772835Z 
2025-08-19T03:36:33.2772951Z #8 [internal] load build context
2025-08-19T03:36:33.2773330Z #8 transferring context: 134.69kB 0.0s done
2025-08-19T03:36:33.2773577Z #8 DONE 0.0s
2025-08-19T03:36:33.2773673Z 
2025-08-19T03:36:33.2774343Z #9 [base  1/13] FROM docker.io/library/python:3.12-slim@sha256:d67a7b66b989ad6b6d6b10d428dcc5e0bfc3e5f88906e67d490c4d3daac57047
2025-08-19T03:36:33.2775318Z #9 resolve docker.io/library/python:3.12-slim@sha256:d67a7b66b989ad6b6d6b10d428dcc5e0bfc3e5f88906e67d490c4d3daac57047 done
2025-08-19T03:36:33.2776129Z #9 sha256:d76206d463c08ba2a3f7bbab2de2a933ad73f33ab4ab813eafe50c9dff9edc12 251B / 251B 0.1s done
2025-08-19T03:36:33.3892011Z #9 sha256:5d587318e932a89b94608393c99dd30ee5092a6991c1656f717bd4f4e13d60df 1.29MB / 1.29MB 0.1s done
2025-08-19T03:36:33.3894646Z #9 sha256:e5c05dcf47fbdb2f18dc242ad1b7f48fbd3813c0027ffcfb8e81e4aa7e0965f4 12.11MB / 12.11MB 0.1s done
2025-08-19T03:36:33.3896304Z #9 sha256:396b1da7636e2dcd10565cb4f2f952cbb4a8a38b58d3b86a2cacb172fb70117c 13.63MB / 29.77MB 0.2s
2025-08-19T03:36:33.5395124Z #9 sha256:396b1da7636e2dcd10565cb4f2f952cbb4a8a38b58d3b86a2cacb172fb70117c 29.77MB / 29.77MB 0.3s
2025-08-19T03:36:33.6929816Z #9 sha256:396b1da7636e2dcd10565cb4f2f952cbb4a8a38b58d3b86a2cacb172fb70117c 29.77MB / 29.77MB 0.3s done
2025-08-19T03:36:33.6930980Z #9 extracting sha256:396b1da7636e2dcd10565cb4f2f952cbb4a8a38b58d3b86a2cacb172fb70117c
2025-08-19T03:36:34.1796497Z #9 extracting sha256:396b1da7636e2dcd10565cb4f2f952cbb4a8a38b58d3b86a2cacb172fb70117c 0.6s done
2025-08-19T03:36:34.1797493Z #9 DONE 1.0s
2025-08-19T03:36:34.4019545Z 
2025-08-19T03:36:34.4021069Z #9 [base  1/13] FROM docker.io/library/python:3.12-slim@sha256:d67a7b66b989ad6b6d6b10d428dcc5e0bfc3e5f88906e67d490c4d3daac57047
2025-08-19T03:36:34.4022068Z #9 extracting sha256:5d587318e932a89b94608393c99dd30ee5092a6991c1656f717bd4f4e13d60df 0.1s done
2025-08-19T03:36:34.4022798Z #9 extracting sha256:e5c05dcf47fbdb2f18dc242ad1b7f48fbd3813c0027ffcfb8e81e4aa7e0965f4
2025-08-19T03:36:34.6016876Z #9 extracting sha256:e5c05dcf47fbdb2f18dc242ad1b7f48fbd3813c0027ffcfb8e81e4aa7e0965f4 0.4s done
2025-08-19T03:36:34.6017932Z #9 DONE 1.4s
2025-08-19T03:36:34.7195291Z 
2025-08-19T03:36:34.7196670Z #9 [base  1/13] FROM docker.io/library/python:3.12-slim@sha256:d67a7b66b989ad6b6d6b10d428dcc5e0bfc3e5f88906e67d490c4d3daac57047
2025-08-19T03:36:34.7198639Z #9 extracting sha256:d76206d463c08ba2a3f7bbab2de2a933ad73f33ab4ab813eafe50c9dff9edc12 done
2025-08-19T03:36:34.7199465Z #9 DONE 1.4s
2025-08-19T03:36:34.7199650Z 
2025-08-19T03:36:34.7199796Z #10 [base  2/13] WORKDIR /app
2025-08-19T03:36:34.7200187Z #10 DONE 0.1s
2025-08-19T03:36:34.8315048Z 
2025-08-19T03:36:34.8316262Z #11 [base  3/13] COPY services/api/requirements.txt ./requirements.txt
2025-08-19T03:36:34.8317023Z #11 DONE 0.0s
2025-08-19T03:36:34.8318428Z 
2025-08-19T03:36:34.8320127Z #12 [stage-1 3/6] RUN set -eux;     if [ -f /etc/apt/sources.list ]; then         sed -i 's|http://deb.debian.org|https://deb.debian.org|g' /etc/apt/sources.list;     fi;     apt-get update;     apt-get install -y --no-install-recommends tzdata postgresql-client curl;     rm -rf /var/lib/apt/lists/*
2025-08-19T03:36:34.8325413Z #12 0.058 + [ -f /etc/apt/sources.list ]
2025-08-19T03:36:34.8325833Z #12 0.058 + apt-get update
2025-08-19T03:36:34.8326274Z #12 0.111 Hit:1 http://deb.debian.org/debian trixie InRelease
2025-08-19T03:36:34.8326962Z #12 0.111 Get:2 http://deb.debian.org/debian trixie-updates InRelease [47.1 kB]
2025-08-19T03:36:35.0521094Z #12 0.113 Get:3 http://deb.debian.org/debian-security trixie-security InRelease [43.4 kB]
2025-08-19T03:36:35.0523095Z #12 0.136 Get:4 http://deb.debian.org/debian trixie/main amd64 Packages [9668 kB]
2025-08-19T03:36:35.0523854Z #12 0.181 Get:5 http://deb.debian.org/debian trixie-updates/main amd64 Packages [2432 B]
2025-08-19T03:36:35.0524729Z #12 0.181 Get:6 http://deb.debian.org/debian-security trixie-security/main amd64 Packages [11.2 kB]
2025-08-19T03:36:35.5445422Z #12 0.823 Fetched 9772 kB in 1s (13.2 MB/s)
2025-08-19T03:36:36.0141814Z #12 0.823 Reading package lists...
2025-08-19T03:36:36.1841697Z #12 1.303 + apt-get install -y --no-install-recommends tzdata postgresql-client curl
2025-08-19T03:36:36.6138921Z #12 1.313 Reading package lists...
2025-08-19T03:36:36.7921970Z #12 1.810 Building dependency tree...
2025-08-19T03:36:36.7922867Z #12 1.942 Reading state information...
2025-08-19T03:36:36.7923759Z #12 2.072 tzdata is already the newest version (2025b-4).
2025-08-19T03:36:36.7924763Z #12 2.072 The following additional packages will be installed:
2025-08-19T03:36:36.9192910Z #12 2.072   libbrotli1 libcom-err2 libcurl4t64 libgdbm-compat4t64 libgnutls30t64
2025-08-19T03:36:36.9195345Z #12 2.072   libgssapi-krb5-2 libidn2-0 libk5crypto3 libkeyutils1 libkrb5-3
2025-08-19T03:36:36.9196091Z #12 2.072   libkrb5support0 libldap2 libnghttp2-14 libnghttp3-9 libp11-kit0 libperl5.40
2025-08-19T03:36:36.9197487Z #12 2.072   libpq5 libpsl5t64 librtmp1 libsasl2-2 libsasl2-modules-db libssh2-1t64
2025-08-19T03:36:36.9198382Z #12 2.072   libtasn1-6 libunistring5 perl perl-modules-5.40 postgresql-client-17
2025-08-19T03:36:36.9198814Z #12 2.073   postgresql-client-common sensible-utils
2025-08-19T03:36:36.9199141Z #12 2.073 Suggested packages:
2025-08-19T03:36:36.9199552Z #12 2.073   gnutls-bin krb5-doc krb5-user perl-doc libterm-readline-gnu-perl
2025-08-19T03:36:36.9200191Z #12 2.073   | libterm-readline-perl-perl make libtap-harness-archive-perl postgresql-17
2025-08-19T03:36:36.9200992Z #12 2.073   postgresql-doc-17
2025-08-19T03:36:36.9201241Z #12 2.073 Recommended packages:
2025-08-19T03:36:36.9201605Z #12 2.073   bash-completion krb5-locales libldap-common publicsuffix libsasl2-modules
2025-08-19T03:36:37.0319174Z #12 2.251 The following NEW packages will be installed:
2025-08-19T03:36:37.0326199Z #12 2.251   curl libbrotli1 libcom-err2 libcurl4t64 libgdbm-compat4t64 libgnutls30t64
2025-08-19T03:36:37.0327425Z #12 2.251   libgssapi-krb5-2 libidn2-0 libk5crypto3 libkeyutils1 libkrb5-3
2025-08-19T03:36:37.0330773Z #12 2.251   libkrb5support0 libldap2 libnghttp2-14 libnghttp3-9 libp11-kit0 libperl5.40
2025-08-19T03:36:37.0331696Z #12 2.251   libpq5 libpsl5t64 librtmp1 libsasl2-2 libsasl2-modules-db libssh2-1t64
2025-08-19T03:36:37.0332524Z #12 2.252   libtasn1-6 libunistring5 perl perl-modules-5.40 postgresql-client
2025-08-19T03:36:37.0333292Z #12 2.252   postgresql-client-17 postgresql-client-common sensible-utils
2025-08-19T03:36:37.0334098Z #12 2.275 0 upgraded, 31 newly installed, 0 to remove and 0 not upgraded.
2025-08-19T03:36:37.0334841Z #12 2.275 Need to get 14.9 MB of archives.
2025-08-19T03:36:37.0337666Z #12 2.275 After this operation, 78.1 MB of additional disk space will be used.
2025-08-19T03:36:37.0338586Z #12 2.275 Get:1 http://deb.debian.org/debian trixie/main amd64 sensible-utils all 0.0.25 [25.0 kB]
2025-08-19T03:36:37.0339582Z #12 2.277 Get:2 http://deb.debian.org/debian trixie/main amd64 perl-modules-5.40 all 5.40.1-6 [3019 kB]
2025-08-19T03:36:37.0343157Z #12 2.296 Get:3 http://deb.debian.org/debian trixie/main amd64 libgdbm-compat4t64 amd64 1.24-2 [50.3 kB]
2025-08-19T03:36:37.0344135Z #12 2.297 Get:4 http://deb.debian.org/debian trixie/main amd64 libperl5.40 amd64 5.40.1-6 [4341 kB]
2025-08-19T03:36:37.1574490Z #12 2.314 Get:5 http://deb.debian.org/debian trixie/main amd64 perl amd64 5.40.1-6 [267 kB]
2025-08-19T03:36:37.1575201Z #12 2.315 Get:6 http://deb.debian.org/debian trixie/main amd64 libbrotli1 amd64 1.1.0-2+b7 [307 kB]
2025-08-19T03:36:37.1575840Z #12 2.316 Get:7 http://deb.debian.org/debian trixie/main amd64 libkrb5support0 amd64 1.21.3-5 [33.0 kB]
2025-08-19T03:36:37.1576398Z #12 2.317 Get:8 http://deb.debian.org/debian trixie/main amd64 libcom-err2 amd64 1.47.2-3+b3 [25.0 kB]
2025-08-19T03:36:37.1576935Z #12 2.317 Get:9 http://deb.debian.org/debian trixie/main amd64 libk5crypto3 amd64 1.21.3-5 [81.5 kB]
2025-08-19T03:36:37.1577730Z #12 2.318 Get:10 http://deb.debian.org/debian trixie/main amd64 libkeyutils1 amd64 1.6.3-6 [9456 B]
2025-08-19T03:36:37.1578251Z #12 2.319 Get:11 http://deb.debian.org/debian trixie/main amd64 libkrb5-3 amd64 1.21.3-5 [326 kB]
2025-08-19T03:36:37.1578792Z #12 2.321 Get:12 http://deb.debian.org/debian trixie/main amd64 libgssapi-krb5-2 amd64 1.21.3-5 [138 kB]
2025-08-19T03:36:37.1579311Z #12 2.321 Get:13 http://deb.debian.org/debian trixie/main amd64 libunistring5 amd64 1.3-2 [477 kB]
2025-08-19T03:36:37.1579820Z #12 2.323 Get:14 http://deb.debian.org/debian trixie/main amd64 libidn2-0 amd64 2.3.8-2 [109 kB]
2025-08-19T03:36:37.1580373Z #12 2.323 Get:15 http://deb.debian.org/debian trixie/main amd64 libsasl2-modules-db amd64 2.1.28+dfsg1-9 [19.8 kB]
2025-08-19T03:36:37.1580950Z #12 2.324 Get:16 http://deb.debian.org/debian trixie/main amd64 libsasl2-2 amd64 2.1.28+dfsg1-9 [57.5 kB]
2025-08-19T03:36:37.1581481Z #12 2.324 Get:17 http://deb.debian.org/debian trixie/main amd64 libldap2 amd64 2.6.10+dfsg-1 [194 kB]
2025-08-19T03:36:37.1582005Z #12 2.325 Get:18 http://deb.debian.org/debian trixie/main amd64 libnghttp2-14 amd64 1.64.0-1.1 [76.0 kB]
2025-08-19T03:36:37.1582539Z #12 2.326 Get:19 http://deb.debian.org/debian trixie/main amd64 libnghttp3-9 amd64 1.8.0-1 [67.7 kB]
2025-08-19T03:36:37.1583059Z #12 2.327 Get:20 http://deb.debian.org/debian trixie/main amd64 libpsl5t64 amd64 0.21.2-1.1+b1 [57.2 kB]
2025-08-19T03:36:37.1583582Z #12 2.327 Get:21 http://deb.debian.org/debian trixie/main amd64 libp11-kit0 amd64 0.25.5-3 [425 kB]
2025-08-19T03:36:37.1584334Z #12 2.329 Get:22 http://deb.debian.org/debian trixie/main amd64 libtasn1-6 amd64 4.20.0-2 [49.9 kB]
2025-08-19T03:36:37.1584855Z #12 2.329 Get:23 http://deb.debian.org/debian trixie/main amd64 libgnutls30t64 amd64 3.8.9-3 [1465 kB]
2025-08-19T03:36:37.1585432Z #12 2.335 Get:24 http://deb.debian.org/debian trixie/main amd64 librtmp1 amd64 2.4+20151223.gitfa8646d.1-2+b5 [58.8 kB]
2025-08-19T03:36:37.1586012Z #12 2.335 Get:25 http://deb.debian.org/debian trixie/main amd64 libssh2-1t64 amd64 1.11.1-1 [245 kB]
2025-08-19T03:36:37.1586527Z #12 2.336 Get:26 http://deb.debian.org/debian trixie/main amd64 libcurl4t64 amd64 8.14.1-2 [391 kB]
2025-08-19T03:36:37.1587327Z #12 2.338 Get:27 http://deb.debian.org/debian trixie/main amd64 curl amd64 8.14.1-2 [269 kB]
2025-08-19T03:36:37.1587978Z #12 2.339 Get:28 http://deb.debian.org/debian trixie/main amd64 libpq5 amd64 17.5-1 [226 kB]
2025-08-19T03:36:37.1588917Z #12 2.340 Get:29 http://deb.debian.org/debian trixie/main amd64 postgresql-client-common all 278 [47.1 kB]
2025-08-19T03:36:37.1589984Z #12 2.340 Get:30 http://deb.debian.org/debian trixie/main amd64 postgresql-client-17 amd64 17.5-1 [2025 kB]
2025-08-19T03:36:37.1590999Z #12 2.347 Get:31 http://deb.debian.org/debian trixie/main amd64 postgresql-client all 17+278 [14.0 kB]
2025-08-19T03:36:38.1307560Z #12 3.410 Fetched 14.9 MB in 0s (171 MB/s)
2025-08-19T03:36:38.2384147Z #12 3.424 Selecting previously unselected package sensible-utils.
2025-08-19T03:36:38.2386930Z #12 3.424 (Reading database ... 
2025-08-19T03:36:38.2388944Z (Reading database ... 5%
2025-08-19T03:36:38.2389294Z (Reading database ... 10%
2025-08-19T03:36:38.2389655Z (Reading database ... 15%
2025-08-19T03:36:38.2389998Z (Reading database ... 20%
2025-08-19T03:36:38.2390332Z (Reading database ... 25%
2025-08-19T03:36:38.2390680Z (Reading database ... 30%
2025-08-19T03:36:38.2391006Z (Reading database ... 35%
2025-08-19T03:36:38.2391337Z (Reading database ... 40%
2025-08-19T03:36:38.2391648Z (Reading database ... 45%
2025-08-19T03:36:38.2391981Z (Reading database ... 50%
2025-08-19T03:36:38.2392308Z (Reading database ... 55%
2025-08-19T03:36:38.2392666Z (Reading database ... 60%
2025-08-19T03:36:38.2392983Z (Reading database ... 65%
2025-08-19T03:36:38.2393285Z (Reading database ... 70%
2025-08-19T03:36:38.2393617Z (Reading database ... 75%
2025-08-19T03:36:38.2393924Z (Reading database ... 80%
2025-08-19T03:36:38.2394252Z (Reading database ... 85%
2025-08-19T03:36:38.2394581Z (Reading database ... 90%
2025-08-19T03:36:38.2394908Z (Reading database ... 95%
2025-08-19T03:36:38.2395223Z (Reading database ... 100%
2025-08-19T03:36:38.2395705Z (Reading database ... 5643 files and directories currently installed.)
2025-08-19T03:36:38.2396397Z #12 3.430 Preparing to unpack .../00-sensible-utils_0.0.25_all.deb ...
2025-08-19T03:36:38.2396960Z #12 3.431 Unpacking sensible-utils (0.0.25) ...
2025-08-19T03:36:38.2397707Z #12 3.453 Selecting previously unselected package perl-modules-5.40.
2025-08-19T03:36:38.2398396Z #12 3.454 Preparing to unpack .../01-perl-modules-5.40_5.40.1-6_all.deb ...
2025-08-19T03:36:38.2398994Z #12 3.455 Unpacking perl-modules-5.40 (5.40.1-6) ...
2025-08-19T03:36:38.4728648Z #12 3.752 Selecting previously unselected package libgdbm-compat4t64:amd64.
2025-08-19T03:36:38.6486667Z #12 3.754 Preparing to unpack .../02-libgdbm-compat4t64_1.24-2_amd64.deb ...
2025-08-19T03:36:38.6487676Z #12 3.757 Unpacking libgdbm-compat4t64:amd64 (1.24-2) ...
2025-08-19T03:36:38.6488405Z #12 3.775 Selecting previously unselected package libperl5.40:amd64.
2025-08-19T03:36:38.6489220Z #12 3.777 Preparing to unpack .../03-libperl5.40_5.40.1-6_amd64.deb ...
2025-08-19T03:36:38.6489976Z #12 3.778 Unpacking libperl5.40:amd64 (5.40.1-6) ...
2025-08-19T03:36:38.7669900Z #12 4.019 Selecting previously unselected package perl.
2025-08-19T03:36:38.7670705Z #12 4.021 Preparing to unpack .../04-perl_5.40.1-6_amd64.deb ...
2025-08-19T03:36:38.7673146Z #12 4.022 Unpacking perl (5.40.1-6) ...
2025-08-19T03:36:38.7673707Z #12 4.047 Selecting previously unselected package libbrotli1:amd64.
2025-08-19T03:36:38.8800956Z #12 4.049 Preparing to unpack .../05-libbrotli1_1.1.0-2+b7_amd64.deb ...
2025-08-19T03:36:38.8807999Z #12 4.050 Unpacking libbrotli1:amd64 (1.1.0-2+b7) ...
2025-08-19T03:36:38.8808645Z #12 4.079 Selecting previously unselected package libkrb5support0:amd64.
2025-08-19T03:36:38.8809384Z #12 4.081 Preparing to unpack .../06-libkrb5support0_1.21.3-5_amd64.deb ...
2025-08-19T03:36:38.8809988Z #12 4.082 Unpacking libkrb5support0:amd64 (1.21.3-5) ...
2025-08-19T03:36:38.8810572Z #12 4.100 Selecting previously unselected package libcom-err2:amd64.
2025-08-19T03:36:38.8811511Z #12 4.101 Preparing to unpack .../07-libcom-err2_1.47.2-3+b3_amd64.deb ...
2025-08-19T03:36:38.8812091Z #12 4.102 Unpacking libcom-err2:amd64 (1.47.2-3+b3) ...
2025-08-19T03:36:38.8812527Z #12 4.118 Selecting previously unselected package libk5crypto3:amd64.
2025-08-19T03:36:38.8812919Z #12 4.120 Preparing to unpack .../08-libk5crypto3_1.21.3-5_amd64.deb ...
2025-08-19T03:36:38.8813399Z #12 4.121 Unpacking libk5crypto3:amd64 (1.21.3-5) ...
2025-08-19T03:36:38.8813960Z #12 4.141 Selecting previously unselected package libkeyutils1:amd64.
2025-08-19T03:36:38.8815319Z #12 4.142 Preparing to unpack .../09-libkeyutils1_1.6.3-6_amd64.deb ...
2025-08-19T03:36:38.8815943Z #12 4.143 Unpacking libkeyutils1:amd64 (1.6.3-6) ...
2025-08-19T03:36:38.8816548Z #12 4.160 Selecting previously unselected package libkrb5-3:amd64.
2025-08-19T03:36:38.9856832Z #12 4.162 Preparing to unpack .../10-libkrb5-3_1.21.3-5_amd64.deb ...
2025-08-19T03:36:38.9858943Z #12 4.163 Unpacking libkrb5-3:amd64 (1.21.3-5) ...
2025-08-19T03:36:38.9860381Z #12 4.196 Selecting previously unselected package libgssapi-krb5-2:amd64.
2025-08-19T03:36:38.9861163Z #12 4.197 Preparing to unpack .../11-libgssapi-krb5-2_1.21.3-5_amd64.deb ...
2025-08-19T03:36:38.9861805Z #12 4.199 Unpacking libgssapi-krb5-2:amd64 (1.21.3-5) ...
2025-08-19T03:36:38.9862427Z #12 4.223 Selecting previously unselected package libunistring5:amd64.
2025-08-19T03:36:38.9863120Z #12 4.225 Preparing to unpack .../12-libunistring5_1.3-2_amd64.deb ...
2025-08-19T03:36:38.9863724Z #12 4.226 Unpacking libunistring5:amd64 (1.3-2) ...
2025-08-19T03:36:38.9864291Z #12 4.265 Selecting previously unselected package libidn2-0:amd64.
2025-08-19T03:36:39.0989200Z #12 4.267 Preparing to unpack .../13-libidn2-0_2.3.8-2_amd64.deb ...
2025-08-19T03:36:39.0989861Z #12 4.268 Unpacking libidn2-0:amd64 (2.3.8-2) ...
2025-08-19T03:36:39.0990503Z #12 4.287 Selecting previously unselected package libsasl2-modules-db:amd64.
2025-08-19T03:36:39.0991296Z #12 4.289 Preparing to unpack .../14-libsasl2-modules-db_2.1.28+dfsg1-9_amd64.deb ...
2025-08-19T03:36:39.0992039Z #12 4.290 Unpacking libsasl2-modules-db:amd64 (2.1.28+dfsg1-9) ...
2025-08-19T03:36:39.0992687Z #12 4.307 Selecting previously unselected package libsasl2-2:amd64.
2025-08-19T03:36:39.0993355Z #12 4.309 Preparing to unpack .../15-libsasl2-2_2.1.28+dfsg1-9_amd64.deb ...
2025-08-19T03:36:39.0993747Z #12 4.310 Unpacking libsasl2-2:amd64 (2.1.28+dfsg1-9) ...
2025-08-19T03:36:39.0994209Z #12 4.329 Selecting previously unselected package libldap2:amd64.
2025-08-19T03:36:39.0994607Z #12 4.330 Preparing to unpack .../16-libldap2_2.6.10+dfsg-1_amd64.deb ...
2025-08-19T03:36:39.0995056Z #12 4.331 Unpacking libldap2:amd64 (2.6.10+dfsg-1) ...
2025-08-19T03:36:39.0995411Z #12 4.356 Selecting previously unselected package libnghttp2-14:amd64.
2025-08-19T03:36:39.0995908Z #12 4.358 Preparing to unpack .../17-libnghttp2-14_1.64.0-1.1_amd64.deb ...
2025-08-19T03:36:39.0996260Z #12 4.359 Unpacking libnghttp2-14:amd64 (1.64.0-1.1) ...
2025-08-19T03:36:39.0996697Z #12 4.378 Selecting previously unselected package libnghttp3-9:amd64.
2025-08-19T03:36:39.2005427Z #12 4.380 Preparing to unpack .../18-libnghttp3-9_1.8.0-1_amd64.deb ...
2025-08-19T03:36:39.2006099Z #12 4.381 Unpacking libnghttp3-9:amd64 (1.8.0-1) ...
2025-08-19T03:36:39.2006710Z #12 4.400 Selecting previously unselected package libpsl5t64:amd64.
2025-08-19T03:36:39.2007534Z #12 4.402 Preparing to unpack .../19-libpsl5t64_0.21.2-1.1+b1_amd64.deb ...
2025-08-19T03:36:39.2008450Z #12 4.403 Unpacking libpsl5t64:amd64 (0.21.2-1.1+b1) ...
2025-08-19T03:36:39.2009060Z #12 4.421 Selecting previously unselected package libp11-kit0:amd64.
2025-08-19T03:36:39.2009713Z #12 4.422 Preparing to unpack .../20-libp11-kit0_0.25.5-3_amd64.deb ...
2025-08-19T03:36:39.2010118Z #12 4.423 Unpacking libp11-kit0:amd64 (0.25.5-3) ...
2025-08-19T03:36:39.2010611Z #12 4.457 Selecting previously unselected package libtasn1-6:amd64.
2025-08-19T03:36:39.2011012Z #12 4.459 Preparing to unpack .../21-libtasn1-6_4.20.0-2_amd64.deb ...
2025-08-19T03:36:39.2011662Z #12 4.460 Unpacking libtasn1-6:amd64 (4.20.0-2) ...
2025-08-19T03:36:39.2012294Z #12 4.478 Selecting previously unselected package libgnutls30t64:amd64.
2025-08-19T03:36:39.2013677Z #12 4.480 Preparing to unpack .../22-libgnutls30t64_3.8.9-3_amd64.deb ...
2025-08-19T03:36:39.3020631Z #12 4.481 Unpacking libgnutls30t64:amd64 (3.8.9-3) ...
2025-08-19T03:36:39.3022519Z #12 4.535 Selecting previously unselected package librtmp1:amd64.
2025-08-19T03:36:39.3024397Z #12 4.537 Preparing to unpack .../23-librtmp1_2.4+20151223.gitfa8646d.1-2+b5_amd64.deb ...
2025-08-19T03:36:39.3025315Z #12 4.538 Unpacking librtmp1:amd64 (2.4+20151223.gitfa8646d.1-2+b5) ...
2025-08-19T03:36:39.3026137Z #12 4.557 Selecting previously unselected package libssh2-1t64:amd64.
2025-08-19T03:36:39.3026971Z #12 4.559 Preparing to unpack .../24-libssh2-1t64_1.11.1-1_amd64.deb ...
2025-08-19T03:36:39.3027960Z #12 4.560 Unpacking libssh2-1t64:amd64 (1.11.1-1) ...
2025-08-19T03:36:39.3028692Z #12 4.582 Selecting previously unselected package libcurl4t64:amd64.
2025-08-19T03:36:39.4197150Z #12 4.583 Preparing to unpack .../25-libcurl4t64_8.14.1-2_amd64.deb ...
2025-08-19T03:36:39.4197964Z #12 4.585 Unpacking libcurl4t64:amd64 (8.14.1-2) ...
2025-08-19T03:36:39.4198510Z #12 4.615 Selecting previously unselected package curl.
2025-08-19T03:36:39.4199063Z #12 4.616 Preparing to unpack .../26-curl_8.14.1-2_amd64.deb ...
2025-08-19T03:36:39.4199558Z #12 4.617 Unpacking curl (8.14.1-2) ...
2025-08-19T03:36:39.4200086Z #12 4.642 Selecting previously unselected package libpq5:amd64.
2025-08-19T03:36:39.4200663Z #12 4.643 Preparing to unpack .../27-libpq5_17.5-1_amd64.deb ...
2025-08-19T03:36:39.4201171Z #12 4.644 Unpacking libpq5:amd64 (17.5-1) ...
2025-08-19T03:36:39.4202996Z #12 4.672 Selecting previously unselected package postgresql-client-common.
2025-08-19T03:36:39.4203953Z #12 4.673 Preparing to unpack .../28-postgresql-client-common_278_all.deb ...
2025-08-19T03:36:39.4204358Z #12 4.679 Unpacking postgresql-client-common (278) ...
2025-08-19T03:36:39.4204785Z #12 4.699 Selecting previously unselected package postgresql-client-17.
2025-08-19T03:36:39.5360024Z #12 4.702 Preparing to unpack .../29-postgresql-client-17_17.5-1_amd64.deb ...
2025-08-19T03:36:39.5361041Z #12 4.703 Unpacking postgresql-client-17 (17.5-1) ...
2025-08-19T03:36:39.5361625Z #12 4.815 Selecting previously unselected package postgresql-client.
2025-08-19T03:36:39.6383239Z #12 4.817 Preparing to unpack .../30-postgresql-client_17+278_all.deb ...
2025-08-19T03:36:39.6384386Z #12 4.818 Unpacking postgresql-client (17+278) ...
2025-08-19T03:36:39.6384914Z #12 4.841 Setting up libkeyutils1:amd64 (1.6.3-6) ...
2025-08-19T03:36:39.6385447Z #12 4.844 Setting up libgdbm-compat4t64:amd64 (1.24-2) ...
2025-08-19T03:36:39.6386000Z #12 4.846 Setting up libbrotli1:amd64 (1.1.0-2+b7) ...
2025-08-19T03:36:39.6386535Z #12 4.849 Setting up libnghttp2-14:amd64 (1.64.0-1.1) ...
2025-08-19T03:36:39.6387059Z #12 4.851 Setting up libcom-err2:amd64 (1.47.2-3+b3) ...
2025-08-19T03:36:39.6387861Z #12 4.854 Setting up libkrb5support0:amd64 (1.21.3-5) ...
2025-08-19T03:36:39.6388433Z #12 4.857 Setting up libsasl2-modules-db:amd64 (2.1.28+dfsg1-9) ...
2025-08-19T03:36:39.6388988Z #12 4.860 Setting up libp11-kit0:amd64 (0.25.5-3) ...
2025-08-19T03:36:39.6389391Z #12 4.862 Setting up libunistring5:amd64 (1.3-2) ...
2025-08-19T03:36:39.6389708Z #12 4.865 Setting up libk5crypto3:amd64 (1.21.3-5) ...
2025-08-19T03:36:39.6390009Z #12 4.868 Setting up libsasl2-2:amd64 (2.1.28+dfsg1-9) ...
2025-08-19T03:36:39.6390741Z #12 4.870 Setting up libnghttp3-9:amd64 (1.8.0-1) ...
2025-08-19T03:36:39.6391048Z #12 4.873 Setting up perl-modules-5.40 (5.40.1-6) ...
2025-08-19T03:36:39.6391327Z #12 4.876 Setting up sensible-utils (0.0.25) ...
2025-08-19T03:36:39.6391596Z #12 4.878 Setting up libtasn1-6:amd64 (4.20.0-2) ...
2025-08-19T03:36:39.6391872Z #12 4.881 Setting up libkrb5-3:amd64 (1.21.3-5) ...
2025-08-19T03:36:39.6392142Z #12 4.884 Setting up libssh2-1t64:amd64 (1.11.1-1) ...
2025-08-19T03:36:39.6392425Z #12 4.886 Setting up libldap2:amd64 (2.6.10+dfsg-1) ...
2025-08-19T03:36:39.6393126Z #12 4.889 Setting up libidn2-0:amd64 (2.3.8-2) ...
2025-08-19T03:36:39.6393402Z #12 4.891 Setting up libperl5.40:amd64 (5.40.1-6) ...
2025-08-19T03:36:39.6393742Z #12 4.894 Setting up perl (5.40.1-6) ...
2025-08-19T03:36:39.6394014Z #12 4.901 Setting up libgssapi-krb5-2:amd64 (1.21.3-5) ...
2025-08-19T03:36:39.6394321Z #12 4.905 Setting up libgnutls30t64:amd64 (3.8.9-3) ...
2025-08-19T03:36:39.6394616Z #12 4.908 Setting up postgresql-client-common (278) ...
2025-08-19T03:36:39.6394914Z #12 4.915 Setting up libpsl5t64:amd64 (0.21.2-1.1+b1) ...
2025-08-19T03:36:39.6395192Z #12 4.918 Setting up libpq5:amd64 (17.5-1) ...
2025-08-19T03:36:39.7973481Z #12 4.921 Setting up librtmp1:amd64 (2.4+20151223.gitfa8646d.1-2+b5) ...
2025-08-19T03:36:39.7975448Z #12 4.924 Setting up libcurl4t64:amd64 (8.14.1-2) ...
2025-08-19T03:36:39.7975999Z #12 4.926 Setting up postgresql-client-17 (17.5-1) ...
2025-08-19T03:36:40.0941579Z #12 5.296 update-alternatives: using /usr/share/postgresql/17/man/man1/psql.1.gz to provide /usr/share/man/man1/psql.1.gz (psql.1.gz) in auto mode
2025-08-19T03:36:40.0942715Z #12 5.339 Setting up curl (8.14.1-2) ...
2025-08-19T03:36:40.0943174Z #12 5.342 Setting up postgresql-client (17+278) ...
2025-08-19T03:36:40.0943709Z #12 5.346 Processing triggers for libc-bin (2.41-12) ...
2025-08-19T03:36:40.0947548Z #12 5.374 + rm -rf /var/lib/apt/lists/auxfiles /var/lib/apt/lists/deb.debian.org_debian-security_dists_trixie-security_InRelease /var/lib/apt/lists/deb.debian.org_debian-security_dists_trixie-security_main_binary-amd64_Packages.lz4 /var/lib/apt/lists/deb.debian.org_debian_dists_trixie-updates_InRelease /var/lib/apt/lists/deb.debian.org_debian_dists_trixie-updates_main_binary-amd64_Packages.lz4 /var/lib/apt/lists/deb.debian.org_debian_dists_trixie_InRelease /var/lib/apt/lists/deb.debian.org_debian_dists_trixie_main_binary-amd64_Packages.lz4 /var/lib/apt/lists/lock /var/lib/apt/lists/partial
2025-08-19T03:36:40.2177893Z #12 DONE 5.4s
2025-08-19T03:36:40.2180820Z 
2025-08-19T03:36:40.2181445Z #13 [base  4/13] RUN pip install --no-cache-dir -r requirements.txt
2025-08-19T03:36:40.2182689Z #13 1.465 Collecting uvicorn==0.29.0 (from -r requirements.txt (line 1))
2025-08-19T03:36:40.2183595Z #13 1.485   Downloading uvicorn-0.29.0-py3-none-any.whl.metadata (6.3 kB)
2025-08-19T03:36:40.2184508Z #13 1.498 Collecting pydantic-settings==2.2.1 (from -r requirements.txt (line 2))
2025-08-19T03:36:40.2185560Z #13 1.502   Downloading pydantic_settings-2.2.1-py3-none-any.whl.metadata (3.1 kB)
2025-08-19T03:36:40.2186415Z #13 1.539 Collecting fastapi==0.111.0 (from -r requirements.txt (line 3))
2025-08-19T03:36:40.2187104Z #13 1.542   Downloading fastapi-0.111.0-py3-none-any.whl.metadata (25 kB)
2025-08-19T03:36:40.2187900Z #13 1.769 Collecting sqlalchemy==2.0.29 (from -r requirements.txt (line 4))
2025-08-19T03:36:40.2188748Z #13 1.773   Downloading SQLAlchemy-2.0.29-cp312-cp312-manylinux_2_17_x86_64.manylinux2014_x86_64.whl.metadata (9.6 kB)
2025-08-19T03:36:40.2189709Z #13 1.801 Collecting alembic==1.13.1 (from -r requirements.txt (line 5))
2025-08-19T03:36:40.2190357Z #13 1.808   Downloading alembic-1.13.1-py3-none-any.whl.metadata (7.4 kB)
2025-08-19T03:36:40.2190957Z #13 1.823 Collecting psycopg==3.2.9 (from psycopg[binary]==3.2.9->-r requirements.txt (line 6))
2025-08-19T03:36:40.2191631Z #13 1.826   Downloading psycopg-3.2.9-py3-none-any.whl.metadata (4.5 kB)
2025-08-19T03:36:40.2192707Z #13 1.846 Collecting httpx==0.27.2 (from -r requirements.txt (line 7))
2025-08-19T03:36:40.2193346Z #13 1.849   Downloading httpx-0.27.2-py3-none-any.whl.metadata (7.1 kB)
2025-08-19T03:36:40.2193852Z #13 1.880 Collecting asyncpg==0.29.0 (from -r requirements.txt (line 8))
2025-08-19T03:36:40.2194377Z #13 1.885   Downloading asyncpg-0.29.0-cp312-cp312-manylinux_2_17_x86_64.manylinux2014_x86_64.whl.metadata (4.4 kB)
2025-08-19T03:36:40.2194979Z #13 2.131 Collecting boto3==1.34.162 (from -r requirements.txt (line 9))
2025-08-19T03:36:40.2195462Z #13 2.134   Downloading boto3-1.34.162-py3-none-any.whl.metadata (6.6 kB)
2025-08-19T03:36:40.2196086Z #13 2.154 Collecting Jinja2==3.1.5 (from -r requirements.txt (line 10))
2025-08-19T03:36:40.2196543Z #13 2.156   Downloading jinja2-3.1.5-py3-none-any.whl.metadata (2.6 kB)
2025-08-19T03:36:40.2197019Z #13 2.186 Collecting celery==5.3.* (from -r requirements.txt (line 11))
2025-08-19T03:36:40.2197766Z #13 2.190   Downloading celery-5.3.6-py3-none-any.whl.metadata (21 kB)
2025-08-19T03:36:40.2198545Z #13 2.220 Collecting structlog==24.1.0 (from -r requirements.txt (line 12))
2025-08-19T03:36:40.2199324Z #13 2.224   Downloading structlog-24.1.0-py3-none-any.whl.metadata (6.9 kB)
2025-08-19T03:36:40.2200181Z #13 2.236 Collecting asgi-correlation-id==4.3.1 (from -r requirements.txt (line 13))
2025-08-19T03:36:40.2201057Z #13 2.250   Downloading asgi_correlation_id-4.3.1-py3-none-any.whl.metadata (28 kB)
2025-08-19T03:36:40.2201919Z #13 2.263 Collecting fastapi-limiter==0.1.6 (from -r requirements.txt (line 14))
2025-08-19T03:36:40.2202778Z #13 2.267   Downloading fastapi_limiter-0.1.6-py3-none-any.whl.metadata (5.3 kB)
2025-08-19T03:36:40.2203559Z #13 2.299 Collecting redis==5.0.8 (from -r requirements.txt (line 15))
2025-08-19T03:36:40.2204286Z #13 2.303   Downloading redis-5.0.8-py3-none-any.whl.metadata (9.2 kB)
2025-08-19T03:36:40.2205273Z #13 2.358 Collecting sentry-sdk==2.9.0 (from sentry-sdk[celery,fastapi,sqlalchemy]==2.9.0->-r requirements.txt (line 16))
2025-08-19T03:36:40.2206325Z #13 2.361   Downloading sentry_sdk-2.9.0-py2.py3-none-any.whl.metadata (14 kB)
2025-08-19T03:36:40.2207365Z #13 2.423 Collecting click>=7.0 (from uvicorn==0.29.0->-r requirements.txt (line 1))
2025-08-19T03:36:40.2208163Z #13 2.427   Downloading click-8.2.1-py3-none-any.whl.metadata (2.5 kB)
2025-08-19T03:36:40.2208928Z #13 2.434 Collecting h11>=0.8 (from uvicorn==0.29.0->-r requirements.txt (line 1))
2025-08-19T03:36:40.2209683Z #13 2.437   Downloading h11-0.16.0-py3-none-any.whl.metadata (8.3 kB)
2025-08-19T03:36:40.2210523Z #13 2.526 Collecting pydantic>=2.3.0 (from pydantic-settings==2.2.1->-r requirements.txt (line 2))
2025-08-19T03:36:40.2211404Z #13 2.537   Downloading pydantic-2.11.7-py3-none-any.whl.metadata (67 kB)
2025-08-19T03:36:40.2212313Z #13 2.552 Collecting python-dotenv>=0.21.0 (from pydantic-settings==2.2.1->-r requirements.txt (line 2))
2025-08-19T03:36:40.2213281Z #13 2.555   Downloading python_dotenv-1.1.1-py3-none-any.whl.metadata (24 kB)
2025-08-19T03:36:40.2214150Z #13 2.580 Collecting starlette<0.38.0,>=0.37.2 (from fastapi==0.111.0->-r requirements.txt (line 3))
2025-08-19T03:36:40.2215011Z #13 2.583   Downloading starlette-0.37.2-py3-none-any.whl.metadata (5.9 kB)
2025-08-19T03:36:40.2215936Z #13 2.621 Collecting typing-extensions>=4.8.0 (from fastapi==0.111.0->-r requirements.txt (line 3))
2025-08-19T03:36:40.2217094Z #13 2.624   Downloading typing_extensions-4.14.1-py3-none-any.whl.metadata (3.0 kB)
2025-08-19T03:36:40.2218228Z #13 2.631 Collecting fastapi-cli>=0.0.2 (from fastapi==0.111.0->-r requirements.txt (line 3))
2025-08-19T03:36:40.2219155Z #13 2.634   Downloading fastapi_cli-0.0.8-py3-none-any.whl.metadata (6.3 kB)
2025-08-19T03:36:40.2220078Z #13 2.650 Collecting python-multipart>=0.0.7 (from fastapi==0.111.0->-r requirements.txt (line 3))
2025-08-19T03:36:40.2221271Z #13 2.652   Downloading python_multipart-0.0.20-py3-none-any.whl.metadata (1.8 kB)
2025-08-19T03:36:40.2250329Z #13 2.695 Collecting ujson!=4.0.2,!=4.1.0,!=4.2.0,!=4.3.0,!=5.0.0,!=5.1.0,>=4.0.1 (from fastapi==0.111.0->-r requirements.txt (line 3))
2025-08-19T03:36:40.2251486Z #13 2.701   Downloading ujson-5.10.0-cp312-cp312-manylinux_2_17_x86_64.manylinux2014_x86_64.whl.metadata (9.3 kB)
2025-08-19T03:36:40.2252520Z #13 2.883 Collecting orjson>=3.2.1 (from fastapi==0.111.0->-r requirements.txt (line 3))
2025-08-19T03:36:40.2253542Z #13 2.886   Downloading orjson-3.11.2-cp312-cp312-manylinux_2_17_x86_64.manylinux2014_x86_64.whl.metadata (1.2 kB)
2025-08-19T03:36:40.2254592Z #13 2.895 Collecting email_validator>=2.0.0 (from fastapi==0.111.0->-r requirements.txt (line 3))
2025-08-19T03:36:40.2255728Z #13 2.898   Downloading email_validator-2.2.0-py3-none-any.whl.metadata (25 kB)
2025-08-19T03:36:40.2256608Z #13 3.011 Collecting greenlet!=0.4.17 (from sqlalchemy==2.0.29->-r requirements.txt (line 4))
2025-08-19T03:36:40.2257833Z #13 3.015   Downloading greenlet-3.2.4-cp312-cp312-manylinux_2_24_x86_64.manylinux_2_28_x86_64.whl.metadata (4.1 kB)
2025-08-19T03:36:40.2258822Z #13 3.038 Collecting Mako (from alembic==1.13.1->-r requirements.txt (line 5))
2025-08-19T03:36:40.2259613Z #13 3.041   Downloading mako-1.3.10-py3-none-any.whl.metadata (2.9 kB)
2025-08-19T03:36:40.2260357Z #13 3.061 Collecting anyio (from httpx==0.27.2->-r requirements.txt (line 7))
2025-08-19T03:36:40.2261108Z #13 3.064   Downloading anyio-4.10.0-py3-none-any.whl.metadata (4.0 kB)
2025-08-19T03:36:40.2261856Z #13 3.078 Collecting certifi (from httpx==0.27.2->-r requirements.txt (line 7))
2025-08-19T03:36:40.2262642Z #13 3.081   Downloading certifi-2025.8.3-py3-none-any.whl.metadata (2.4 kB)
2025-08-19T03:36:40.2263442Z #13 3.097 Collecting httpcore==1.* (from httpx==0.27.2->-r requirements.txt (line 7))
2025-08-19T03:36:40.2264245Z #13 3.100   Downloading httpcore-1.0.9-py3-none-any.whl.metadata (21 kB)
2025-08-19T03:36:40.2264998Z #13 3.111 Collecting idna (from httpx==0.27.2->-r requirements.txt (line 7))
2025-08-19T03:36:40.2265775Z #13 3.113   Downloading idna-3.10-py3-none-any.whl.metadata (10 kB)
2025-08-19T03:36:40.2266503Z #13 3.120 Collecting sniffio (from httpx==0.27.2->-r requirements.txt (line 7))
2025-08-19T03:36:40.2267484Z #13 3.123   Downloading sniffio-1.3.1-py3-none-any.whl.metadata (3.9 kB)
2025-08-19T03:36:40.2268357Z #13 3.464 Collecting botocore<1.35.0,>=1.34.162 (from boto3==1.34.162->-r requirements.txt (line 9))
2025-08-19T03:36:40.2269218Z #13 3.468   Downloading botocore-1.34.162-py3-none-any.whl.metadata (5.7 kB)
2025-08-19T03:36:40.2270049Z #13 3.479 Collecting jmespath<2.0.0,>=0.7.1 (from boto3==1.34.162->-r requirements.txt (line 9))
2025-08-19T03:36:40.2270889Z #13 3.482   Downloading jmespath-1.0.1-py3-none-any.whl.metadata (7.6 kB)
2025-08-19T03:36:40.2271719Z #13 3.505 Collecting s3transfer<0.11.0,>=0.10.0 (from boto3==1.34.162->-r requirements.txt (line 9))
2025-08-19T03:36:40.2272572Z #13 3.509   Downloading s3transfer-0.10.4-py3-none-any.whl.metadata (1.7 kB)
2025-08-19T03:36:40.2273406Z #13 3.564 Collecting MarkupSafe>=2.0 (from Jinja2==3.1.5->-r requirements.txt (line 10))
2025-08-19T03:36:40.2274445Z #13 3.568   Downloading MarkupSafe-3.0.2-cp312-cp312-manylinux_2_17_x86_64.manylinux2014_x86_64.whl.metadata (4.0 kB)
2025-08-19T03:36:40.2275484Z #13 3.589 Collecting billiard<5.0,>=4.2.0 (from celery==5.3.*->-r requirements.txt (line 11))
2025-08-19T03:36:40.2276290Z #13 3.592   Downloading billiard-4.2.1-py3-none-any.whl.metadata (4.4 kB)
2025-08-19T03:36:40.2277146Z #13 3.597 Collecting click-didyoumean>=0.3.0 (from celery==5.3.*->-r requirements.txt (line 11))
2025-08-19T03:36:40.2278232Z #13 3.600   Downloading click_didyoumean-0.3.1-py3-none-any.whl.metadata (3.9 kB)
2025-08-19T03:36:40.2279132Z #13 3.611 Collecting click-plugins>=1.1.1 (from celery==5.3.*->-r requirements.txt (line 11))
2025-08-19T03:36:40.2280042Z #13 3.614   Downloading click_plugins-1.1.1.2-py2.py3-none-any.whl.metadata (6.5 kB)
2025-08-19T03:36:40.2280911Z #13 3.621 Collecting click-repl>=0.2.0 (from celery==5.3.*->-r requirements.txt (line 11))
2025-08-19T03:36:40.2281732Z #13 3.624   Downloading click_repl-0.3.0-py3-none-any.whl.metadata (3.6 kB)
2025-08-19T03:36:40.2282730Z #13 3.655 Collecting kombu<6.0,>=5.3.4 (from celery==5.3.*->-r requirements.txt (line 11))
2025-08-19T03:36:40.2283535Z #13 3.658   Downloading kombu-5.5.4-py3-none-any.whl.metadata (3.5 kB)
2025-08-19T03:36:40.2284374Z #13 3.674 Collecting python-dateutil>=2.8.2 (from celery==5.3.*->-r requirements.txt (line 11))
2025-08-19T03:36:40.2285351Z #13 3.676   Downloading python_dateutil-2.9.0.post0-py2.py3-none-any.whl.metadata (8.4 kB)
2025-08-19T03:36:40.2286276Z #13 3.690 Collecting tzdata>=2022.7 (from celery==5.3.*->-r requirements.txt (line 11))
2025-08-19T03:36:40.2287466Z #13 3.692   Downloading tzdata-2025.2-py2.py3-none-any.whl.metadata (1.4 kB)
2025-08-19T03:36:40.2288287Z #13 3.702 Collecting vine<6.0,>=5.1.0 (from celery==5.3.*->-r requirements.txt (line 11))
2025-08-19T03:36:40.2289052Z #13 3.705   Downloading vine-5.1.0-py3-none-any.whl.metadata (2.7 kB)
2025-08-19T03:36:40.2290100Z #13 3.758 Collecting urllib3>=1.26.11 (from sentry-sdk==2.9.0->sentry-sdk[celery,fastapi,sqlalchemy]==2.9.0->-r requirements.txt (line 16))
2025-08-19T03:36:40.2291174Z #13 3.761   Downloading urllib3-2.5.0-py3-none-any.whl.metadata (6.5 kB)
2025-08-19T03:36:40.2292057Z #13 3.929 Collecting psycopg-binary==3.2.9 (from psycopg[binary]==3.2.9->-r requirements.txt (line 6))
2025-08-19T03:36:40.2293194Z #13 3.934   Downloading psycopg_binary-3.2.9-cp312-cp312-manylinux_2_17_x86_64.manylinux2014_x86_64.whl.metadata (2.9 kB)
2025-08-19T03:36:40.2294380Z #13 4.052 Collecting prompt-toolkit>=3.0.36 (from click-repl>=0.2.0->celery==5.3.*->-r requirements.txt (line 11))
2025-08-19T03:36:40.2295359Z #13 4.056   Downloading prompt_toolkit-3.0.51-py3-none-any.whl.metadata (6.4 kB)
2025-08-19T03:36:40.2296341Z #13 4.068 Collecting dnspython>=2.0.0 (from email_validator>=2.0.0->fastapi==0.111.0->-r requirements.txt (line 3))
2025-08-19T03:36:40.2297493Z #13 4.071   Downloading dnspython-2.7.0-py3-none-any.whl.metadata (5.8 kB)
2025-08-19T03:36:40.2298443Z #13 4.094 Collecting typer>=0.15.1 (from fastapi-cli>=0.0.2->fastapi==0.111.0->-r requirements.txt (line 3))
2025-08-19T03:36:40.2299329Z #13 4.097   Downloading typer-0.16.1-py3-none-any.whl.metadata (15 kB)
2025-08-19T03:36:40.2300235Z #13 4.121 Collecting rich-toolkit>=0.14.8 (from fastapi-cli>=0.0.2->fastapi==0.111.0->-r requirements.txt (line 3))
2025-08-19T03:36:40.2301202Z #13 4.125   Downloading rich_toolkit-0.15.0-py3-none-any.whl.metadata (1.0 kB)
2025-08-19T03:36:40.2302086Z #13 4.155 Collecting amqp<6.0.0,>=5.1.1 (from kombu<6.0,>=5.3.4->celery==5.3.*->-r requirements.txt (line 11))
2025-08-19T03:36:40.2302939Z #13 4.158   Downloading amqp-5.3.1-py3-none-any.whl.metadata (8.9 kB)
2025-08-19T03:36:40.2303771Z #13 4.176 Collecting packaging (from kombu<6.0,>=5.3.4->celery==5.3.*->-r requirements.txt (line 11))
2025-08-19T03:36:40.2304652Z #13 4.179   Downloading packaging-25.0-py3-none-any.whl.metadata (3.3 kB)
2025-08-19T03:36:40.2305673Z #13 4.194 Collecting annotated-types>=0.6.0 (from pydantic>=2.3.0->pydantic-settings==2.2.1->-r requirements.txt (line 2))
2025-08-19T03:36:40.2306714Z #13 4.197   Downloading annotated_types-0.7.0-py3-none-any.whl.metadata (15 kB)
2025-08-19T03:36:40.2307924Z #13 4.847 Collecting pydantic-core==2.33.2 (from pydantic>=2.3.0->pydantic-settings==2.2.1->-r requirements.txt (line 2))
2025-08-19T03:36:40.2309158Z #13 4.850   Downloading pydantic_core-2.33.2-cp312-cp312-manylinux_2_17_x86_64.manylinux2014_x86_64.whl.metadata (6.8 kB)
2025-08-19T03:36:40.2310400Z #13 4.865 Collecting typing-inspection>=0.4.0 (from pydantic>=2.3.0->pydantic-settings==2.2.1->-r requirements.txt (line 2))
2025-08-19T03:36:40.2311487Z #13 4.869   Downloading typing_inspection-0.4.1-py3-none-any.whl.metadata (2.6 kB)
2025-08-19T03:36:40.2312431Z #13 4.890 Collecting six>=1.5 (from python-dateutil>=2.8.2->celery==5.3.*->-r requirements.txt (line 11))
2025-08-19T03:36:40.2313329Z #13 4.893   Downloading six-1.17.0-py2.py3-none-any.whl.metadata (1.7 kB)
2025-08-19T03:36:40.2314463Z #13 5.100 Collecting httptools>=0.5.0 (from uvicorn[standard]>=0.12.0->fastapi==0.111.0->-r requirements.txt (line 3))
2025-08-19T03:36:40.2315856Z #13 5.104   Downloading httptools-0.6.4-cp312-cp312-manylinux_2_5_x86_64.manylinux1_x86_64.manylinux_2_17_x86_64.manylinux2014_x86_64.whl.metadata (3.6 kB)
2025-08-19T03:36:40.2317362Z #13 5.134 Collecting pyyaml>=5.1 (from uvicorn[standard]>=0.12.0->fastapi==0.111.0->-r requirements.txt (line 3))
2025-08-19T03:36:40.2318479Z #13 5.138   Downloading PyYAML-6.0.2-cp312-cp312-manylinux_2_17_x86_64.manylinux2014_x86_64.whl.metadata (2.1 kB)
2025-08-19T03:36:40.2319643Z #13 5.175 Collecting uvloop!=0.15.0,!=0.15.1,>=0.14.0 (from uvicorn[standard]>=0.12.0->fastapi==0.111.0->-r requirements.txt (line 3))
2025-08-19T03:36:40.2321030Z #13 5.178   Downloading uvloop-0.21.0-cp312-cp312-manylinux_2_17_x86_64.manylinux2014_x86_64.whl.metadata (4.9 kB)
2025-08-19T03:36:40.2322194Z #13 5.236 Collecting watchfiles>=0.13 (from uvicorn[standard]>=0.12.0->fastapi==0.111.0->-r requirements.txt (line 3))
2025-08-19T03:36:40.2323391Z #13 5.240   Downloading watchfiles-1.1.0-cp312-cp312-manylinux_2_17_x86_64.manylinux2014_x86_64.whl.metadata (4.9 kB)
2025-08-19T03:36:40.2324564Z #13 5.374 Collecting websockets>=10.4 (from uvicorn[standard]>=0.12.0->fastapi==0.111.0->-r requirements.txt (line 3))
2025-08-19T03:36:40.2325940Z #13 5.378   Downloading websockets-15.0.1-cp312-cp312-manylinux_2_5_x86_64.manylinux1_x86_64.manylinux_2_17_x86_64.manylinux2014_x86_64.whl.metadata (6.8 kB)
2025-08-19T03:36:40.2327510Z #13 5.407 Collecting wcwidth (from prompt-toolkit>=3.0.36->click-repl>=0.2.0->celery==5.3.*->-r requirements.txt (line 11))
2025-08-19T03:36:40.2328553Z #13 5.410   Downloading wcwidth-0.2.13-py2.py3-none-any.whl.metadata (14 kB)
2025-08-19T03:36:40.2329579Z #13 5.455 Collecting rich>=13.7.1 (from rich-toolkit>=0.14.8->fastapi-cli>=0.0.2->fastapi==0.111.0->-r requirements.txt (line 3))
2025-08-19T03:36:40.2330539Z #13 5.458   Downloading rich-14.1.0-py3-none-any.whl.metadata (18 kB)
2025-08-19T03:36:40.2331508Z #13 5.484 Collecting shellingham>=1.3.0 (from typer>=0.15.1->fastapi-cli>=0.0.2->fastapi==0.111.0->-r requirements.txt (line 3))
2025-08-19T03:36:40.3235737Z #13 5.488   Downloading shellingham-1.5.4-py2.py3-none-any.whl.metadata (3.5 kB)
2025-08-19T03:36:40.3237708Z #13 5.538 Collecting markdown-it-py>=2.2.0 (from rich>=13.7.1->rich-toolkit>=0.14.8->fastapi-cli>=0.0.2->fastapi==0.111.0->-r requirements.txt (line 3))
2025-08-19T03:36:40.3238550Z #13 5.541   Downloading markdown_it_py-4.0.0-py3-none-any.whl.metadata (7.3 kB)
2025-08-19T03:36:40.3239368Z #13 5.560 Collecting pygments<3.0.0,>=2.13.0 (from rich>=13.7.1->rich-toolkit>=0.14.8->fastapi-cli>=0.0.2->fastapi==0.111.0->-r requirements.txt (line 3))
2025-08-19T03:36:40.3240179Z #13 5.563   Downloading pygments-2.19.2-py3-none-any.whl.metadata (2.5 kB)
2025-08-19T03:36:40.3241104Z #13 5.575 Collecting mdurl~=0.1 (from markdown-it-py>=2.2.0->rich>=13.7.1->rich-toolkit>=0.14.8->fastapi-cli>=0.0.2->fastapi==0.111.0->-r requirements.txt (line 3))
2025-08-19T03:36:40.3241923Z #13 5.577   Downloading mdurl-0.1.2-py3-none-any.whl.metadata (1.6 kB)
2025-08-19T03:36:40.3242417Z #13 5.590 Downloading uvicorn-0.29.0-py3-none-any.whl (60 kB)
2025-08-19T03:36:40.4237391Z #13 5.595 Downloading pydantic_settings-2.2.1-py3-none-any.whl (13 kB)
2025-08-19T03:36:40.4238297Z #13 5.598 Downloading fastapi-0.111.0-py3-none-any.whl (91 kB)
2025-08-19T03:36:40.4239220Z #13 5.607 Downloading SQLAlchemy-2.0.29-cp312-cp312-manylinux_2_17_x86_64.manylinux2014_x86_64.whl (3.2 MB)
2025-08-19T03:36:40.4240255Z #13 5.623    ━━━━━━━━━━━━━━━━━━━━━━━━━━━━━━━━━━━━━━━━ 3.2/3.2 MB 257.2 MB/s eta 0:00:00
2025-08-19T03:36:40.4240758Z #13 5.626 Downloading alembic-1.13.1-py3-none-any.whl (233 kB)
2025-08-19T03:36:40.4241229Z #13 5.631 Downloading psycopg-3.2.9-py3-none-any.whl (202 kB)
2025-08-19T03:36:40.4241664Z #13 5.634 Downloading httpx-0.27.2-py3-none-any.whl (76 kB)
2025-08-19T03:36:40.4242269Z #13 5.640 Downloading asyncpg-0.29.0-cp312-cp312-manylinux_2_17_x86_64.manylinux2014_x86_64.whl (3.3 MB)
2025-08-19T03:36:40.4243394Z #13 5.653    ━━━━━━━━━━━━━━━━━━━━━━━━━━━━━━━━━━━━━━━━ 3.3/3.3 MB 277.1 MB/s eta 0:00:00
2025-08-19T03:36:40.4243849Z #13 5.656 Downloading boto3-1.34.162-py3-none-any.whl (139 kB)
2025-08-19T03:36:40.4244290Z #13 5.659 Downloading jinja2-3.1.5-py3-none-any.whl (134 kB)
2025-08-19T03:36:40.4244716Z #13 5.663 Downloading celery-5.3.6-py3-none-any.whl (422 kB)
2025-08-19T03:36:40.4245161Z #13 5.669 Downloading structlog-24.1.0-py3-none-any.whl (65 kB)
2025-08-19T03:36:40.4245656Z #13 5.674 Downloading asgi_correlation_id-4.3.1-py3-none-any.whl (15 kB)
2025-08-19T03:36:40.4246336Z #13 5.679 Downloading fastapi_limiter-0.1.6-py3-none-any.whl (15 kB)
2025-08-19T03:36:40.4246682Z #13 5.682 Downloading redis-5.0.8-py3-none-any.whl (255 kB)
2025-08-19T03:36:40.4247032Z #13 5.687 Downloading sentry_sdk-2.9.0-py2.py3-none-any.whl (301 kB)
2025-08-19T03:36:40.4247657Z #13 5.690 Downloading httpcore-1.0.9-py3-none-any.whl (78 kB)
2025-08-19T03:36:40.5255929Z #13 5.694 Downloading psycopg_binary-3.2.9-cp312-cp312-manylinux_2_17_x86_64.manylinux2014_x86_64.whl (4.4 MB)
2025-08-19T03:36:40.5257908Z #13 5.709    ━━━━━━━━━━━━━━━━━━━━━━━━━━━━━━━━━━━━━━━━ 4.4/4.4 MB 333.3 MB/s eta 0:00:00
2025-08-19T03:36:40.5258510Z #13 5.712 Downloading billiard-4.2.1-py3-none-any.whl (86 kB)
2025-08-19T03:36:40.5259124Z #13 5.716 Downloading botocore-1.34.162-py3-none-any.whl (12.5 MB)
2025-08-19T03:36:40.5259753Z #13 5.750    ━━━━━━━━━━━━━━━━━━━━━━━━━━━━━━━━━━━━━━━━ 12.5/12.5 MB 389.3 MB/s eta 0:00:00
2025-08-19T03:36:40.5260199Z #13 5.754 Downloading click-8.2.1-py3-none-any.whl (102 kB)
2025-08-19T03:36:40.5260674Z #13 5.756 Downloading click_didyoumean-0.3.1-py3-none-any.whl (3.6 kB)
2025-08-19T03:36:40.5261180Z #13 5.760 Downloading click_plugins-1.1.1.2-py2.py3-none-any.whl (11 kB)
2025-08-19T03:36:40.5261646Z #13 5.763 Downloading click_repl-0.3.0-py3-none-any.whl (10 kB)
2025-08-19T03:36:40.5262098Z #13 5.765 Downloading email_validator-2.2.0-py3-none-any.whl (33 kB)
2025-08-19T03:36:40.5262542Z #13 5.768 Downloading fastapi_cli-0.0.8-py3-none-any.whl (10 kB)
2025-08-19T03:36:40.5263138Z #13 5.771 Downloading greenlet-3.2.4-cp312-cp312-manylinux_2_24_x86_64.manylinux_2_28_x86_64.whl (607 kB)
2025-08-19T03:36:40.5263978Z #13 5.775    ━━━━━━━━━━━━━━━━━━━━━━━━━━━━━━━━━━━━━━━ 607.6/607.6 kB 562.6 MB/s eta 0:00:00
2025-08-19T03:36:40.5264425Z #13 5.778 Downloading h11-0.16.0-py3-none-any.whl (37 kB)
2025-08-19T03:36:40.5264827Z #13 5.781 Downloading idna-3.10-py3-none-any.whl (70 kB)
2025-08-19T03:36:40.5265256Z #13 5.784 Downloading jmespath-1.0.1-py3-none-any.whl (20 kB)
2025-08-19T03:36:40.5265701Z #13 5.787 Downloading kombu-5.5.4-py3-none-any.whl (210 kB)
2025-08-19T03:36:40.5266113Z #13 5.790 Downloading vine-5.1.0-py3-none-any.whl (9.6 kB)
2025-08-19T03:36:40.5266713Z #13 5.792 Downloading MarkupSafe-3.0.2-cp312-cp312-manylinux_2_17_x86_64.manylinux2014_x86_64.whl (23 kB)
2025-08-19T03:36:40.6314801Z #13 5.795 Downloading orjson-3.11.2-cp312-cp312-manylinux_2_17_x86_64.manylinux2014_x86_64.whl (121 kB)
2025-08-19T03:36:40.6317634Z #13 5.798 Downloading pydantic-2.11.7-py3-none-any.whl (444 kB)
2025-08-19T03:36:40.6318596Z #13 5.802 Downloading pydantic_core-2.33.2-cp312-cp312-manylinux_2_17_x86_64.manylinux2014_x86_64.whl (2.0 MB)
2025-08-19T03:36:40.6319865Z #13 5.809    ━━━━━━━━━━━━━━━━━━━━━━━━━━━━━━━━━━━━━━━━ 2.0/2.0 MB 416.4 MB/s eta 0:00:00
2025-08-19T03:36:40.6320598Z #13 5.812 Downloading python_dateutil-2.9.0.post0-py2.py3-none-any.whl (229 kB)
2025-08-19T03:36:40.6321068Z #13 5.815 Downloading python_dotenv-1.1.1-py3-none-any.whl (20 kB)
2025-08-19T03:36:40.6321464Z #13 5.818 Downloading python_multipart-0.0.20-py3-none-any.whl (24 kB)
2025-08-19T03:36:40.6321877Z #13 5.821 Downloading s3transfer-0.10.4-py3-none-any.whl (83 kB)
2025-08-19T03:36:40.6322228Z #13 5.823 Downloading starlette-0.37.2-py3-none-any.whl (71 kB)
2025-08-19T03:36:40.6322575Z #13 5.826 Downloading anyio-4.10.0-py3-none-any.whl (107 kB)
2025-08-19T03:36:40.6322911Z #13 5.829 Downloading sniffio-1.3.1-py3-none-any.whl (10 kB)
2025-08-19T03:36:40.6323540Z #13 5.832 Downloading typing_extensions-4.14.1-py3-none-any.whl (43 kB)
2025-08-19T03:36:40.6323937Z #13 5.835 Downloading tzdata-2025.2-py2.py3-none-any.whl (347 kB)
2025-08-19T03:36:40.6324396Z #13 5.838 Downloading ujson-5.10.0-cp312-cp312-manylinux_2_17_x86_64.manylinux2014_x86_64.whl (53 kB)
2025-08-19T03:36:40.6324849Z #13 5.842 Downloading urllib3-2.5.0-py3-none-any.whl (129 kB)
2025-08-19T03:36:40.6325210Z #13 5.845 Downloading certifi-2025.8.3-py3-none-any.whl (161 kB)
2025-08-19T03:36:40.6325552Z #13 5.847 Downloading mako-1.3.10-py3-none-any.whl (78 kB)
2025-08-19T03:36:40.6326014Z #13 5.850 Downloading amqp-5.3.1-py3-none-any.whl (50 kB)
2025-08-19T03:36:40.6326372Z #13 5.853 Downloading annotated_types-0.7.0-py3-none-any.whl (13 kB)
2025-08-19T03:36:40.6326735Z #13 5.855 Downloading dnspython-2.7.0-py3-none-any.whl (313 kB)
2025-08-19T03:36:40.6327514Z #13 5.859 Downloading httptools-0.6.4-cp312-cp312-manylinux_2_5_x86_64.manylinux1_x86_64.manylinux_2_17_x86_64.manylinux2014_x86_64.whl (510 kB)
2025-08-19T03:36:40.6328131Z #13 5.862 Downloading prompt_toolkit-3.0.51-py3-none-any.whl (387 kB)
2025-08-19T03:36:40.6328601Z #13 5.866 Downloading PyYAML-6.0.2-cp312-cp312-manylinux_2_17_x86_64.manylinux2014_x86_64.whl (767 kB)
2025-08-19T03:36:40.6329183Z #13 5.869    ━━━━━━━━━━━━━━━━━━━━━━━━━━━━━━━━━━━━━━━ 767.5/767.5 kB 630.9 MB/s eta 0:00:00
2025-08-19T03:36:40.6329551Z #13 5.872 Downloading rich_toolkit-0.15.0-py3-none-any.whl (29 kB)
2025-08-19T03:36:40.6329897Z #13 5.875 Downloading six-1.17.0-py2.py3-none-any.whl (11 kB)
2025-08-19T03:36:40.6330230Z #13 5.878 Downloading typer-0.16.1-py3-none-any.whl (46 kB)
2025-08-19T03:36:40.6330590Z #13 5.881 Downloading typing_inspection-0.4.1-py3-none-any.whl (14 kB)
2025-08-19T03:36:40.6331069Z #13 5.884 Downloading uvloop-0.21.0-cp312-cp312-manylinux_2_17_x86_64.manylinux2014_x86_64.whl (4.7 MB)
2025-08-19T03:36:40.8175085Z #13 5.898    ━━━━━━━━━━━━━━━━━━━━━━━━━━━━━━━━━━━━━━━━ 4.7/4.7 MB 379.2 MB/s eta 0:00:00
2025-08-19T03:36:40.8176085Z #13 5.901 Downloading watchfiles-1.1.0-cp312-cp312-manylinux_2_17_x86_64.manylinux2014_x86_64.whl (452 kB)
2025-08-19T03:36:40.8177698Z #13 5.907 Downloading websockets-15.0.1-cp312-cp312-manylinux_2_5_x86_64.manylinux1_x86_64.manylinux_2_17_x86_64.manylinux2014_x86_64.whl (182 kB)
2025-08-19T03:36:40.8178835Z #13 5.910 Downloading packaging-25.0-py3-none-any.whl (66 kB)
2025-08-19T03:36:40.8179480Z #13 5.913 Downloading rich-14.1.0-py3-none-any.whl (243 kB)
2025-08-19T03:36:40.8180156Z #13 5.917 Downloading shellingham-1.5.4-py2.py3-none-any.whl (9.8 kB)
2025-08-19T03:36:40.8180900Z #13 5.919 Downloading wcwidth-0.2.13-py2.py3-none-any.whl (34 kB)
2025-08-19T03:36:40.8181588Z #13 5.922 Downloading markdown_it_py-4.0.0-py3-none-any.whl (87 kB)
2025-08-19T03:36:40.8182272Z #13 5.925 Downloading pygments-2.19.2-py3-none-any.whl (1.2 MB)
2025-08-19T03:36:40.8183120Z #13 5.930    ━━━━━━━━━━━━━━━━━━━━━━━━━━━━━━━━━━━━━━━━ 1.2/1.2 MB 518.8 MB/s eta 0:00:00
2025-08-19T03:36:40.8183725Z #13 5.933 Downloading mdurl-0.1.2-py3-none-any.whl (10.0 kB)
2025-08-19T03:36:40.8833468Z #13 6.149 Installing collected packages: wcwidth, websockets, vine, uvloop, urllib3, ujson, tzdata, typing-extensions, structlog, sniffio, six, shellingham, redis, pyyaml, python-multipart, python-dotenv, pygments, psycopg-binary, prompt-toolkit, packaging, orjson, mdurl, MarkupSafe, jmespath, idna, httptools, h11, greenlet, dnspython, click, certifi, billiard, asyncpg, annotated-types, uvicorn, typing-inspection, sqlalchemy, sentry-sdk, python-dateutil, pydantic-core, psycopg, markdown-it-py, Mako, Jinja2, httpcore, email_validator, click-repl, click-plugins, click-didyoumean, anyio, amqp, watchfiles, starlette, rich, pydantic, kombu, httpx, botocore, alembic, typer, s3transfer, rich-toolkit, pydantic-settings, celery, asgi-correlation-id, fastapi-cli, boto3, fastapi, fastapi-limiter
2025-08-19T03:36:47.0638070Z #13 12.33 Successfully installed Jinja2-3.1.5 Mako-1.3.10 MarkupSafe-3.0.2 alembic-1.13.1 amqp-5.3.1 annotated-types-0.7.0 anyio-4.10.0 asgi-correlation-id-4.3.1 asyncpg-0.29.0 billiard-4.2.1 boto3-1.34.162 botocore-1.34.162 celery-5.3.6 certifi-2025.8.3 click-8.2.1 click-didyoumean-0.3.1 click-plugins-1.1.1.2 click-repl-0.3.0 dnspython-2.7.0 email_validator-2.2.0 fastapi-0.111.0 fastapi-cli-0.0.8 fastapi-limiter-0.1.6 greenlet-3.2.4 h11-0.16.0 httpcore-1.0.9 httptools-0.6.4 httpx-0.27.2 idna-3.10 jmespath-1.0.1 kombu-5.5.4 markdown-it-py-4.0.0 mdurl-0.1.2 orjson-3.11.2 packaging-25.0 prompt-toolkit-3.0.51 psycopg-3.2.9 psycopg-binary-3.2.9 pydantic-2.11.7 pydantic-core-2.33.2 pydantic-settings-2.2.1 pygments-2.19.2 python-dateutil-2.9.0.post0 python-dotenv-1.1.1 python-multipart-0.0.20 pyyaml-6.0.2 redis-5.0.8 rich-14.1.0 rich-toolkit-0.15.0 s3transfer-0.10.4 sentry-sdk-2.9.0 shellingham-1.5.4 six-1.17.0 sniffio-1.3.1 sqlalchemy-2.0.29 starlette-0.37.2 structlog-24.1.0 typer-0.16.1 typing-extensions-4.14.1 typing-inspection-0.4.1 tzdata-2025.2 ujson-5.10.0 urllib3-2.5.0 uvicorn-0.29.0 uvloop-0.21.0 vine-5.1.0 watchfiles-1.1.0 wcwidth-0.2.13 websockets-15.0.1
2025-08-19T03:36:47.2756898Z #13 12.33 WARNING: Running pip as the 'root' user can result in broken permissions and conflicting behaviour with the system package manager, possibly rendering your system unusable. It is recommended to use a virtual environment instead: https://pip.pypa.io/warnings/venv. Use the --root-user-action option if you know what you are doing and want to suppress this warning.
2025-08-19T03:36:47.2759374Z #13 12.39 
2025-08-19T03:36:47.2759687Z #13 12.39 [notice] A new release of pip is available: 25.0.1 -> 25.2
2025-08-19T03:36:47.2760136Z #13 12.39 [notice] To update, run: pip install --upgrade pip
2025-08-19T03:36:47.4365730Z #13 DONE 12.7s
2025-08-19T03:36:47.5396257Z 
2025-08-19T03:36:47.5397386Z #14 [base  5/13] COPY services/api/ ./services/api
2025-08-19T03:36:47.5397905Z #14 DONE 0.1s
2025-08-19T03:36:47.5398081Z 
2025-08-19T03:36:47.5398283Z #15 [base  6/13] COPY services/common/ ./services/common
2025-08-19T03:36:47.5398725Z #15 DONE 0.0s
2025-08-19T03:36:47.6799362Z 
2025-08-19T03:36:47.6800744Z #16 [base  7/13] COPY services/ingest/ ./services/ingest
2025-08-19T03:36:47.6801524Z #16 DONE 0.0s
2025-08-19T03:36:47.6802121Z 
2025-08-19T03:36:47.6802947Z #17 [base  8/13] COPY services/etl/ ./services/etl
2025-08-19T03:36:47.6803711Z #17 DONE 0.0s
2025-08-19T03:36:47.6803899Z 
2025-08-19T03:36:47.6804037Z #18 [base  9/13] COPY api/ ./api
2025-08-19T03:36:47.6804391Z #18 DONE 0.0s
2025-08-19T03:36:47.6804571Z 
2025-08-19T03:36:47.6804789Z #19 [base 10/13] COPY services/api/alembic.ini ./alembic.ini
2025-08-19T03:36:47.6805259Z #19 DONE 0.0s
2025-08-19T03:36:47.6805451Z 
2025-08-19T03:36:47.6805596Z #20 [base 11/13] COPY alembic/ ./alembic/
2025-08-19T03:36:47.6805987Z #20 DONE 0.0s
2025-08-19T03:36:47.6806145Z 
2025-08-19T03:36:47.6806376Z #21 [base 12/13] COPY services/api/entrypoint.sh ./entrypoint.sh
2025-08-19T03:36:47.6806859Z #21 DONE 0.0s
2025-08-19T03:36:47.6807037Z 
2025-08-19T03:36:47.6807383Z #22 [base 13/13] RUN chmod +x ./entrypoint.sh
2025-08-19T03:36:47.6807798Z #22 DONE 0.1s
2025-08-19T03:36:48.5624370Z 
2025-08-19T03:36:48.5625260Z #23 [stage-1 4/6] COPY --from=base /usr/local /usr/local
2025-08-19T03:36:50.3835176Z #23 DONE 1.8s
2025-08-19T03:36:50.4913188Z 
2025-08-19T03:36:50.4913519Z #24 [stage-1 5/6] COPY --from=base /app /app
2025-08-19T03:36:50.4914016Z #24 DONE 0.1s
2025-08-19T03:36:50.6999550Z 
2025-08-19T03:36:50.7000340Z #25 [stage-1 6/6] RUN chmod +x /app/entrypoint.sh
2025-08-19T03:36:50.7000831Z #25 DONE 0.1s
2025-08-19T03:36:50.7000992Z 
2025-08-19T03:36:50.7001133Z #26 exporting to docker image format
2025-08-19T03:36:50.7001530Z #26 exporting layers
2025-08-19T03:36:55.9696136Z #26 exporting layers 5.4s done
2025-08-19T03:36:56.1260785Z #26 exporting manifest sha256:f98c62e7284e36908e798f81f324f4b0aff9c07f2cbf15bda7a2053627b83e18 done
2025-08-19T03:36:56.1262419Z #26 exporting config sha256:73d0fdf53dc86eb9e88e3c12428007f3fd939d62040de625a8b1ba6c2d352f2b done
2025-08-19T03:36:56.1263244Z #26 sending tarball
2025-08-19T03:36:56.5473366Z #26 ...
2025-08-19T03:36:56.5473830Z 
2025-08-19T03:36:56.5474540Z #27 importing to docker
2025-08-19T03:36:56.6974976Z #27 loading layer e6a3842ebc7f 327.68kB / 29.77MB
2025-08-19T03:36:57.4236283Z #27 loading layer 11a4ec4d004e 32.77kB / 1.29MB
2025-08-19T03:36:57.7622650Z #27 loading layer 07cd4433de32 131.07kB / 12.11MB
2025-08-19T03:36:58.3609046Z #27 loading layer e33228fe7708 251B / 251B
2025-08-19T03:36:58.5460183Z #27 loading layer 0657a5183fe1 92B / 92B
2025-08-19T03:36:58.5460730Z #27 loading layer b70bad41b020 196.61kB / 19.48MB
2025-08-19T03:36:59.3023800Z #27 loading layer 423bda818835 557.06kB / 56.29MB
2025-08-19T03:37:01.3667782Z #27 loading layer 423bda818835 41.78MB / 56.29MB 2.1s
2025-08-19T03:37:02.2703551Z #27 loading layer 899ada7ef2a4 32.77kB / 35.72kB
2025-08-19T03:37:02.3540001Z #27 loading layer e6a3842ebc7f 29.77MB / 29.77MB 5.8s done
2025-08-19T03:37:02.3540601Z #27 loading layer 11a4ec4d004e 1.29MB / 1.29MB 4.9s done
2025-08-19T03:37:02.3541152Z #27 loading layer 07cd4433de32 12.11MB / 12.11MB 4.6s done
2025-08-19T03:37:02.3541708Z #27 loading layer e33228fe7708 251B / 251B 4.0s done
2025-08-19T03:37:02.3542230Z #27 loading layer 0657a5183fe1 92B / 92B 4.0s done
2025-08-19T03:37:02.3542773Z #27 loading layer b70bad41b020 19.48MB / 19.48MB 3.9s done
2025-08-19T03:37:02.3543324Z #27 loading layer 423bda818835 56.29MB / 56.29MB 3.0s done
2025-08-19T03:37:02.3544079Z #27 loading layer 899ada7ef2a4 35.72kB / 35.72kB 0.1s done
2025-08-19T03:37:02.3544601Z #27 loading layer 5f70bf18a086 32B / 32B 0.0s done
2025-08-19T03:37:02.3545035Z #27 DONE 5.8s
2025-08-19T03:37:02.3545222Z 
2025-08-19T03:37:02.3545372Z #26 exporting to docker image format
2025-08-19T03:37:02.3545791Z #26 sending tarball 6.4s done
2025-08-19T03:37:02.3546363Z #26 DONE 11.8s
2025-08-19T03:37:02.4926660Z Post job cleanup.
2025-08-19T03:37:02.6263810Z [warning]Path Validation Error: Path(s) specified in the action for caching do(es) not exist, hence no cache is being saved.
2025-08-19T03:37:02.6354284Z Post job cleanup.
2025-08-19T03:37:02.9335354Z ##[group]Removing builder
2025-08-19T03:37:03.0444806Z [command]/usr/bin/docker buildx rm builder-45dd2793-bd05-4897-adfb-f470c6b072e5
2025-08-19T03:37:04.0838568Z builder-45dd2793-bd05-4897-adfb-f470c6b072e5 removed
2025-08-19T03:37:04.0883601Z ##[endgroup]
2025-08-19T03:37:04.0884979Z ##[group]Cleaning up certificates
2025-08-19T03:37:04.0892986Z ##[endgroup]
2025-08-19T03:37:04.0894834Z ##[group]Post cache
2025-08-19T03:37:04.0896011Z State not set
2025-08-19T03:37:04.0899806Z ##[endgroup]
2025-08-19T03:37:04.1030181Z Post job cleanup.
2025-08-19T03:37:04.1970481Z [command]/usr/bin/git version
2025-08-19T03:37:04.2006775Z git version 2.50.1
2025-08-19T03:37:04.2050373Z Temporarily overriding HOME='/home/runner/work/_temp/d01a28c5-7e2f-47d2-aa03-34716b76e7c8' before making global git config changes
2025-08-19T03:37:04.2051618Z Adding repository directory to the temporary git global config as a safe directory
2025-08-19T03:37:04.2056170Z [command]/usr/bin/git config --global --add safe.directory /home/runner/work/AWA-App/AWA-App
2025-08-19T03:37:04.2091567Z [command]/usr/bin/git config --local --name-only --get-regexp core\.sshCommand
2025-08-19T03:37:04.2123968Z [command]/usr/bin/git submodule foreach --recursive sh -c "git config --local --name-only --get-regexp 'core\.sshCommand' && git config --local --unset-all 'core.sshCommand' || :"
2025-08-19T03:37:04.2349639Z [command]/usr/bin/git config --local --name-only --get-regexp http\.https\:\/\/github\.com\/\.extraheader
2025-08-19T03:37:04.2369908Z http.https://github.com/.extraheader
2025-08-19T03:37:04.2381876Z [command]/usr/bin/git config --local --unset-all http.https://github.com/.extraheader
2025-08-19T03:37:04.2411722Z [command]/usr/bin/git submodule foreach --recursive sh -c "git config --local --name-only --get-regexp 'http\.https\:\/\/github\.com\/\.extraheader' && git config --local --unset-all 'http.https://github.com/.extraheader' || :"
2025-08-19T03:37:04.2731997Z Cleaning up orphan processes
