2025-08-22T22:38:17.2455800Z Current runner version: '2.328.0'
2025-08-22T22:38:17.2478988Z ##[group]Runner Image Provisioner
2025-08-22T22:38:17.2479825Z Hosted Compute Agent
2025-08-22T22:38:17.2480332Z Version: 20250818.377
2025-08-22T22:38:17.2480920Z Commit: 3c593e9f75fe0b87e893bca80d6e12ba089c61fc
2025-08-22T22:38:17.2481650Z Build Date: 2025-08-18T14:52:18Z
2025-08-22T22:38:17.2482208Z ##[endgroup]
2025-08-22T22:38:17.2482741Z ##[group]Operating System
2025-08-22T22:38:17.2483323Z Ubuntu
2025-08-22T22:38:17.2483796Z 24.04.2
2025-08-22T22:38:17.2484214Z LTS
2025-08-22T22:38:17.2485155Z ##[endgroup]
2025-08-22T22:38:17.2485633Z ##[group]Runner Image
2025-08-22T22:38:17.2486212Z Image: ubuntu-24.04
2025-08-22T22:38:17.2486767Z Version: 20250818.1.0
2025-08-22T22:38:17.2487714Z Included Software: https://github.com/actions/runner-images/blob/ubuntu24/20250818.1/images/ubuntu/Ubuntu2404-Readme.md
2025-08-22T22:38:17.2489232Z Image Release: https://github.com/actions/runner-images/releases/tag/ubuntu24%2F20250818.1
2025-08-22T22:38:17.2490430Z ##[endgroup]
2025-08-22T22:38:17.2492861Z ##[group]GITHUB_TOKEN Permissions
2025-08-22T22:38:17.2495071Z Actions: write
2025-08-22T22:38:17.2495603Z Attestations: write
2025-08-22T22:38:17.2496206Z Checks: write
2025-08-22T22:38:17.2496662Z Contents: write
2025-08-22T22:38:17.2497199Z Deployments: write
2025-08-22T22:38:17.2497742Z Discussions: write
2025-08-22T22:38:17.2498199Z Issues: write
2025-08-22T22:38:17.2498674Z Metadata: read
2025-08-22T22:38:17.2499154Z Models: read
2025-08-22T22:38:17.2499651Z Packages: write
2025-08-22T22:38:17.2500140Z Pages: write
2025-08-22T22:38:17.2500652Z PullRequests: write
2025-08-22T22:38:17.2501152Z RepositoryProjects: write
2025-08-22T22:38:17.2501704Z SecurityEvents: write
2025-08-22T22:38:17.2502337Z Statuses: write
2025-08-22T22:38:17.2502818Z ##[endgroup]
2025-08-22T22:38:17.2505004Z Secret source: Actions
2025-08-22T22:38:17.2505669Z Prepare workflow directory
2025-08-22T22:38:17.2816191Z Prepare all required actions
2025-08-22T22:38:17.2853254Z Getting action download info
2025-08-22T22:38:17.5577125Z Download action repository 'actions/checkout@v5' (SHA:08c6903cd8c0fde910a37f88322edcfb5dd907a8)
2025-08-22T22:38:17.6266326Z Download action repository 'docker/setup-buildx-action@v3' (SHA:e468171a9de216ec08956ac3ada2f0791b6bd435)
2025-08-22T22:38:17.9700346Z Download action repository 'actions/cache@v4' (SHA:0400d5f644dc74513175e3cd8d07132dd4860809)
2025-08-22T22:38:18.1481002Z Complete job name: container-build
2025-08-22T22:38:18.2168458Z ##[group]Run actions/checkout@v5
2025-08-22T22:38:18.2169374Z with:
2025-08-22T22:38:18.2169876Z   repository: AlexBomber12/AWA-App
2025-08-22T22:38:18.2170643Z   token: ***
2025-08-22T22:38:18.2171045Z   ssh-strict: true
2025-08-22T22:38:18.2171504Z   ssh-user: git
2025-08-22T22:38:18.2171921Z   persist-credentials: true
2025-08-22T22:38:18.2172388Z   clean: true
2025-08-22T22:38:18.2172805Z   sparse-checkout-cone-mode: true
2025-08-22T22:38:18.2173315Z   fetch-depth: 1
2025-08-22T22:38:18.2173729Z   fetch-tags: false
2025-08-22T22:38:18.2174176Z   show-progress: true
2025-08-22T22:38:18.2174795Z   lfs: false
2025-08-22T22:38:18.2175208Z   submodules: false
2025-08-22T22:38:18.2175652Z   set-safe-directory: true
2025-08-22T22:38:18.2176438Z ##[endgroup]
2025-08-22T22:38:18.3191234Z Syncing repository: AlexBomber12/AWA-App
2025-08-22T22:38:18.3193387Z ##[group]Getting Git version info
2025-08-22T22:38:18.3194185Z Working directory is '/home/runner/work/AWA-App/AWA-App'
2025-08-22T22:38:18.3195612Z [command]/usr/bin/git version
2025-08-22T22:38:18.3203027Z git version 2.51.0
2025-08-22T22:38:18.3225110Z ##[endgroup]
2025-08-22T22:38:18.3242209Z Temporarily overriding HOME='/home/runner/work/_temp/3b93451f-3369-484b-b46f-59a31c1bca38' before making global git config changes
2025-08-22T22:38:18.3246487Z Adding repository directory to the temporary git global config as a safe directory
2025-08-22T22:38:18.3250342Z [command]/usr/bin/git config --global --add safe.directory /home/runner/work/AWA-App/AWA-App
2025-08-22T22:38:18.3287673Z Deleting the contents of '/home/runner/work/AWA-App/AWA-App'
2025-08-22T22:38:18.3290934Z ##[group]Initializing the repository
2025-08-22T22:38:18.3295150Z [command]/usr/bin/git init /home/runner/work/AWA-App/AWA-App
2025-08-22T22:38:18.3348084Z hint: Using 'master' as the name for the initial branch. This default branch name
2025-08-22T22:38:18.3349866Z hint: is subject to change. To configure the initial branch name to use in all
2025-08-22T22:38:18.3351476Z hint: of your new repositories, which will suppress this warning, call:
2025-08-22T22:38:18.3352648Z hint:
2025-08-22T22:38:18.3353414Z hint: 	git config --global init.defaultBranch <name>
2025-08-22T22:38:18.3354017Z hint:
2025-08-22T22:38:18.3354846Z hint: Names commonly chosen instead of 'master' are 'main', 'trunk' and
2025-08-22T22:38:18.3355767Z hint: 'development'. The just-created branch can be renamed via this command:
2025-08-22T22:38:18.3356932Z hint:
2025-08-22T22:38:18.3357406Z hint: 	git branch -m <name>
2025-08-22T22:38:18.3357857Z hint:
2025-08-22T22:38:18.3358479Z hint: Disable this message with "git config set advice.defaultBranchName false"
2025-08-22T22:38:18.3359635Z Initialized empty Git repository in /home/runner/work/AWA-App/AWA-App/.git/
2025-08-22T22:38:18.3361697Z [command]/usr/bin/git remote add origin https://github.com/AlexBomber12/AWA-App
2025-08-22T22:38:18.3394596Z ##[endgroup]
2025-08-22T22:38:18.3395426Z ##[group]Disabling automatic garbage collection
2025-08-22T22:38:18.3398086Z [command]/usr/bin/git config --local gc.auto 0
2025-08-22T22:38:18.3428169Z ##[endgroup]
2025-08-22T22:38:18.3428886Z ##[group]Setting up auth
2025-08-22T22:38:18.3437493Z [command]/usr/bin/git config --local --name-only --get-regexp core\.sshCommand
2025-08-22T22:38:18.3473776Z [command]/usr/bin/git submodule foreach --recursive sh -c "git config --local --name-only --get-regexp 'core\.sshCommand' && git config --local --unset-all 'core.sshCommand' || :"
2025-08-22T22:38:18.3734144Z [command]/usr/bin/git config --local --name-only --get-regexp http\.https\:\/\/github\.com\/\.extraheader
2025-08-22T22:38:18.3763891Z [command]/usr/bin/git submodule foreach --recursive sh -c "git config --local --name-only --get-regexp 'http\.https\:\/\/github\.com\/\.extraheader' && git config --local --unset-all 'http.https://github.com/.extraheader' || :"
2025-08-22T22:38:18.3984722Z [command]/usr/bin/git config --local http.https://github.com/.extraheader AUTHORIZATION: basic ***
2025-08-22T22:38:18.4019488Z ##[endgroup]
2025-08-22T22:38:18.4020975Z ##[group]Fetching the repository
2025-08-22T22:38:18.4029888Z [command]/usr/bin/git -c protocol.version=2 fetch --no-tags --prune --no-recurse-submodules --depth=1 origin +33d0f4835d394736f946fbd2fbd2c995caefaddb:refs/remotes/pull/347/merge
2025-08-22T22:38:18.6364014Z From https://github.com/AlexBomber12/AWA-App
2025-08-22T22:38:18.6367590Z  * [new ref]         33d0f4835d394736f946fbd2fbd2c995caefaddb -> pull/347/merge
2025-08-22T22:38:18.6392614Z ##[endgroup]
2025-08-22T22:38:18.6394168Z ##[group]Determining the checkout info
2025-08-22T22:38:18.6396137Z ##[endgroup]
2025-08-22T22:38:18.6400124Z [command]/usr/bin/git sparse-checkout disable
2025-08-22T22:38:18.6438034Z [command]/usr/bin/git config --local --unset-all extensions.worktreeConfig
2025-08-22T22:38:18.6463964Z ##[group]Checking out the ref
2025-08-22T22:38:18.6467217Z [command]/usr/bin/git checkout --progress --force refs/remotes/pull/347/merge
2025-08-22T22:38:18.6797200Z Note: switching to 'refs/remotes/pull/347/merge'.
2025-08-22T22:38:18.6798327Z 
2025-08-22T22:38:18.6799287Z You are in 'detached HEAD' state. You can look around, make experimental
2025-08-22T22:38:18.6801578Z changes and commit them, and you can discard any commits you make in this
2025-08-22T22:38:18.6803302Z state without impacting any branches by switching back to a branch.
2025-08-22T22:38:18.6804237Z 
2025-08-22T22:38:18.6805215Z If you want to create a new branch to retain commits you create, you may
2025-08-22T22:38:18.6807200Z do so (now or later) by using -c with the switch command. Example:
2025-08-22T22:38:18.6808502Z 
2025-08-22T22:38:18.6808835Z   git switch -c <new-branch-name>
2025-08-22T22:38:18.6809413Z 
2025-08-22T22:38:18.6809724Z Or undo this operation with:
2025-08-22T22:38:18.6810243Z 
2025-08-22T22:38:18.6810507Z   git switch -
2025-08-22T22:38:18.6810908Z 
2025-08-22T22:38:18.6811729Z Turn off this advice by setting config variable advice.detachedHead to false
2025-08-22T22:38:18.6812961Z 
2025-08-22T22:38:18.6814472Z HEAD is now at 33d0f48 Merge 5ce9b07f0dfbb94699266bc314d8d1fca18f1c77 into 06e21873e0823d2866b49ff77608ff5fd6088d67
2025-08-22T22:38:18.6818083Z ##[endgroup]
2025-08-22T22:38:18.6847351Z [command]/usr/bin/git log -1 --format=%H
2025-08-22T22:38:18.6870188Z 33d0f4835d394736f946fbd2fbd2c995caefaddb
2025-08-22T22:38:18.7158735Z ##[group]Run docker/setup-buildx-action@v3
2025-08-22T22:38:18.7159938Z with:
2025-08-22T22:38:18.7160672Z   driver: docker-container
2025-08-22T22:38:18.7161598Z   install: false
2025-08-22T22:38:18.7162360Z   use: true
2025-08-22T22:38:18.7163087Z   keep-state: false
2025-08-22T22:38:18.7163895Z   cache-binary: true
2025-08-22T22:38:18.7164899Z   cleanup: true
2025-08-22T22:38:18.7165649Z ##[endgroup]
2025-08-22T22:38:19.0039723Z ##[group]Docker info
2025-08-22T22:38:19.0065400Z [command]/usr/bin/docker version
2025-08-22T22:38:19.0769547Z Client: Docker Engine - Community
2025-08-22T22:38:19.0771797Z  Version:           28.0.4
2025-08-22T22:38:19.0773166Z  API version:       1.48
2025-08-22T22:38:19.0774715Z  Go version:        go1.23.7
2025-08-22T22:38:19.0776156Z  Git commit:        b8034c0
2025-08-22T22:38:19.0777671Z  Built:             Tue Mar 25 15:07:16 2025
2025-08-22T22:38:19.0779332Z  OS/Arch:           linux/amd64
2025-08-22T22:38:19.0780891Z  Context:           default
2025-08-22T22:38:19.0781770Z 
2025-08-22T22:38:19.0782260Z Server: Docker Engine - Community
2025-08-22T22:38:19.0783302Z  Engine:
2025-08-22T22:38:19.0783999Z   Version:          28.0.4
2025-08-22T22:38:19.0785443Z   API version:      1.48 (minimum version 1.24)
2025-08-22T22:38:19.0786615Z   Go version:       go1.23.7
2025-08-22T22:38:19.0787514Z   Git commit:       6430e49
2025-08-22T22:38:19.0788431Z   Built:            Tue Mar 25 15:07:16 2025
2025-08-22T22:38:19.0789483Z   OS/Arch:          linux/amd64
2025-08-22T22:38:19.0790393Z   Experimental:     false
2025-08-22T22:38:19.0791223Z  containerd:
2025-08-22T22:38:19.0791924Z   Version:          1.7.27
2025-08-22T22:38:19.0792978Z   GitCommit:        05044ec0a9a75232cad458027ca83437aae3f4da
2025-08-22T22:38:19.0794170Z  runc:
2025-08-22T22:38:19.0795004Z   Version:          1.2.5
2025-08-22T22:38:19.0795945Z   GitCommit:        v1.2.5-0-g59923ef
2025-08-22T22:38:19.0797008Z  docker-init:
2025-08-22T22:38:19.0797859Z   Version:          0.19.0
2025-08-22T22:38:19.0798839Z   GitCommit:        de40ad0
2025-08-22T22:38:19.0822914Z [command]/usr/bin/docker info
2025-08-22T22:38:19.2528995Z Client: Docker Engine - Community
2025-08-22T22:38:19.2530783Z  Version:    28.0.4
2025-08-22T22:38:19.2531702Z  Context:    default
2025-08-22T22:38:19.2532654Z  Debug Mode: false
2025-08-22T22:38:19.2533519Z  Plugins:
2025-08-22T22:38:19.2534639Z   buildx: Docker Buildx (Docker Inc.)
2025-08-22T22:38:19.2535777Z     Version:  v0.26.1
2025-08-22T22:38:19.2536900Z     Path:     /usr/libexec/docker/cli-plugins/docker-buildx
2025-08-22T22:38:19.2538314Z   compose: Docker Compose (Docker Inc.)
2025-08-22T22:38:19.2539474Z     Version:  v2.38.2
2025-08-22T22:38:19.2540942Z     Path:     /usr/libexec/docker/cli-plugins/docker-compose
2025-08-22T22:38:19.2541956Z 
2025-08-22T22:38:19.2542301Z Server:
2025-08-22T22:38:19.2543077Z  Containers: 0
2025-08-22T22:38:19.2543902Z   Running: 0
2025-08-22T22:38:19.2545156Z   Paused: 0
2025-08-22T22:38:19.2545966Z   Stopped: 0
2025-08-22T22:38:19.2546803Z  Images: 0
2025-08-22T22:38:19.2547606Z  Server Version: 28.0.4
2025-08-22T22:38:19.2548572Z  Storage Driver: overlay2
2025-08-22T22:38:19.2549553Z   Backing Filesystem: extfs
2025-08-22T22:38:19.2550521Z   Supports d_type: true
2025-08-22T22:38:19.2551819Z   Using metacopy: false
2025-08-22T22:38:19.2552740Z   Native Overlay Diff: false
2025-08-22T22:38:19.2553712Z   userxattr: false
2025-08-22T22:38:19.2554965Z  Logging Driver: json-file
2025-08-22T22:38:19.2555942Z  Cgroup Driver: systemd
2025-08-22T22:38:19.2556832Z  Cgroup Version: 2
2025-08-22T22:38:19.2557761Z  Plugins:
2025-08-22T22:38:19.2558509Z   Volume: local
2025-08-22T22:38:19.2559468Z   Network: bridge host ipvlan macvlan null overlay
2025-08-22T22:38:19.2561225Z   Log: awslogs fluentd gcplogs gelf journald json-file local splunk syslog
2025-08-22T22:38:19.2562965Z  Swarm: inactive
2025-08-22T22:38:19.2564023Z  Runtimes: io.containerd.runc.v2 runc
2025-08-22T22:38:19.2565394Z  Default Runtime: runc
2025-08-22T22:38:19.2566546Z  Init Binary: docker-init
2025-08-22T22:38:19.2567783Z  containerd version: 05044ec0a9a75232cad458027ca83437aae3f4da
2025-08-22T22:38:19.2569976Z  runc version: v1.2.5-0-g59923ef
2025-08-22T22:38:19.2571697Z  init version: de40ad0
2025-08-22T22:38:19.2573199Z  Security Options:
2025-08-22T22:38:19.2574840Z   apparmor
2025-08-22T22:38:19.2576082Z   seccomp
2025-08-22T22:38:19.2577361Z    Profile: builtin
2025-08-22T22:38:19.2578737Z   cgroupns
2025-08-22T22:38:19.2580014Z  Kernel Version: 6.11.0-1018-azure
2025-08-22T22:38:19.2581664Z  Operating System: Ubuntu 24.04.2 LTS
2025-08-22T22:38:19.2583343Z  OSType: linux
2025-08-22T22:38:19.2584984Z  Architecture: x86_64
2025-08-22T22:38:19.2586250Z  CPUs: 4
2025-08-22T22:38:19.2587319Z  Total Memory: 15.62GiB
2025-08-22T22:38:19.2588665Z  Name: pkrvmqc4gcfdwos
2025-08-22T22:38:19.2590073Z  ID: 1c1cbb44-b30d-44d5-842a-37462128d90e
2025-08-22T22:38:19.2591757Z  Docker Root Dir: /var/lib/docker
2025-08-22T22:38:19.2593186Z  Debug Mode: false
2025-08-22T22:38:19.2594047Z  Username: githubactions
2025-08-22T22:38:19.2595358Z  Experimental: false
2025-08-22T22:38:19.2596219Z  Insecure Registries:
2025-08-22T22:38:19.2601825Z   ::1/128
2025-08-22T22:38:19.2603033Z   127.0.0.0/8
2025-08-22T22:38:19.2677306Z  Live Restore Enabled: false
2025-08-22T22:38:19.2678466Z 
2025-08-22T22:38:19.2680150Z ##[endgroup]
2025-08-22T22:38:19.3112505Z ##[group]Buildx version
2025-08-22T22:38:19.3137694Z [command]/usr/bin/docker buildx version
2025-08-22T22:38:19.3606481Z github.com/docker/buildx v0.26.1 1a8287f22cf5a38339a4c1bf432b803c5f8b2aae
2025-08-22T22:38:19.3637463Z ##[endgroup]
2025-08-22T22:38:19.3790554Z ##[group]Inspecting default docker context
2025-08-22T22:38:19.3931878Z [
2025-08-22T22:38:19.3933442Z   {
2025-08-22T22:38:19.3934844Z     "Name": "default",
2025-08-22T22:38:19.3936305Z     "Metadata": {},
2025-08-22T22:38:19.3937730Z     "Endpoints": {
2025-08-22T22:38:19.3939119Z       "docker": {
2025-08-22T22:38:19.3940618Z         "Host": "unix:///var/run/docker.sock",
2025-08-22T22:38:19.3942637Z         "SkipTLSVerify": false
2025-08-22T22:38:19.3944558Z       }
2025-08-22T22:38:19.3945762Z     },
2025-08-22T22:38:19.3947018Z     "TLSMaterial": {},
2025-08-22T22:38:19.3948483Z     "Storage": {
2025-08-22T22:38:19.3949928Z       "MetadataPath": "<IN MEMORY>",
2025-08-22T22:38:19.3951763Z       "TLSPath": "<IN MEMORY>"
2025-08-22T22:38:19.3953323Z     }
2025-08-22T22:38:19.3954656Z   }
2025-08-22T22:38:19.3955746Z ]
2025-08-22T22:38:19.3957742Z ##[endgroup]
2025-08-22T22:38:19.3959992Z ##[group]Creating a new builder instance
2025-08-22T22:38:19.5225415Z [command]/usr/bin/docker buildx create --name builder-3100ff0d-a12a-4c98-9737-7a2aca401e83 --driver docker-container --buildkitd-flags --allow-insecure-entitlement security.insecure --allow-insecure-entitlement network.host --use
2025-08-22T22:38:19.5750608Z builder-3100ff0d-a12a-4c98-9737-7a2aca401e83
2025-08-22T22:38:19.5783779Z ##[endgroup]
2025-08-22T22:38:19.5785450Z ##[group]Booting builder
2025-08-22T22:38:19.5818584Z [command]/usr/bin/docker buildx inspect --bootstrap --builder builder-3100ff0d-a12a-4c98-9737-7a2aca401e83
2025-08-22T22:38:19.6459899Z #1 [internal] booting buildkit
2025-08-22T22:38:19.7967557Z #1 pulling image moby/buildkit:buildx-stable-1
2025-08-22T22:38:21.9067152Z #1 pulling image moby/buildkit:buildx-stable-1 2.3s done
2025-08-22T22:38:22.0589280Z #1 creating container buildx_buildkit_builder-3100ff0d-a12a-4c98-9737-7a2aca401e830
2025-08-22T22:38:22.1587073Z #1 creating container buildx_buildkit_builder-3100ff0d-a12a-4c98-9737-7a2aca401e830 0.3s done
2025-08-22T22:38:22.2404852Z #1 DONE 2.5s
2025-08-22T22:38:22.2723122Z Name:          builder-3100ff0d-a12a-4c98-9737-7a2aca401e83
2025-08-22T22:38:22.2723936Z Driver:        docker-container
2025-08-22T22:38:22.2724591Z Last Activity: 2025-08-22 22:38:19 +0000 UTC
2025-08-22T22:38:22.2724903Z 
2025-08-22T22:38:22.2725030Z Nodes:
2025-08-22T22:38:22.2725406Z Name:                  builder-3100ff0d-a12a-4c98-9737-7a2aca401e830
2025-08-22T22:38:22.2726402Z Endpoint:              unix:///var/run/docker.sock
2025-08-22T22:38:22.2726883Z Status:                running
2025-08-22T22:38:22.2727720Z BuildKit daemon flags: --allow-insecure-entitlement security.insecure --allow-insecure-entitlement network.host
2025-08-22T22:38:22.2728602Z BuildKit version:      v0.23.2
2025-08-22T22:38:22.2729159Z Platforms:             linux/amd64, linux/amd64/v2, linux/amd64/v3, linux/386
2025-08-22T22:38:22.2729701Z Labels:
2025-08-22T22:38:22.2730082Z  org.mobyproject.buildkit.worker.executor:         oci
2025-08-22T22:38:22.2730756Z  org.mobyproject.buildkit.worker.hostname:         9b3b963396ad
2025-08-22T22:38:22.2731419Z  org.mobyproject.buildkit.worker.network:          host
2025-08-22T22:38:22.2732069Z  org.mobyproject.buildkit.worker.oci.process-mode: sandbox
2025-08-22T22:38:22.2732770Z  org.mobyproject.buildkit.worker.selinux.enabled:  false
2025-08-22T22:38:22.2733441Z  org.mobyproject.buildkit.worker.snapshotter:      overlayfs
2025-08-22T22:38:22.2733986Z GC Policy rule#0:
2025-08-22T22:38:22.2734464Z  All:            false
2025-08-22T22:38:22.2735010Z  Filters:        type==source.local,type==exec.cachemount,type==source.git.checkout
2025-08-22T22:38:22.2735656Z  Keep Duration:  48h0m0s
2025-08-22T22:38:22.2736008Z  Max Used Space: 488.3MiB
2025-08-22T22:38:22.2736372Z GC Policy rule#1:
2025-08-22T22:38:22.2736670Z  All:            false
2025-08-22T22:38:22.2737100Z  Keep Duration:  1440h0m0s
2025-08-22T22:38:22.2737459Z  Reserved Space: 7.451GiB
2025-08-22T22:38:22.2737844Z  Max Used Space: 54.02GiB
2025-08-22T22:38:22.2738190Z  Min Free Space: 13.97GiB
2025-08-22T22:38:22.2738520Z GC Policy rule#2:
2025-08-22T22:38:22.2738818Z  All:            false
2025-08-22T22:38:22.2739126Z  Reserved Space: 7.451GiB
2025-08-22T22:38:22.2739467Z  Max Used Space: 54.02GiB
2025-08-22T22:38:22.2739805Z  Min Free Space: 13.97GiB
2025-08-22T22:38:22.2740137Z GC Policy rule#3:
2025-08-22T22:38:22.2740432Z  All:            true
2025-08-22T22:38:22.2740760Z  Reserved Space: 7.451GiB
2025-08-22T22:38:22.2741099Z  Max Used Space: 54.02GiB
2025-08-22T22:38:22.2741435Z  Min Free Space: 13.97GiB
2025-08-22T22:38:22.2781781Z ##[endgroup]
2025-08-22T22:38:22.3681683Z ##[group]Inspect builder
2025-08-22T22:38:22.3684103Z {
2025-08-22T22:38:22.3684559Z   "nodes": [
2025-08-22T22:38:22.3684858Z     {
2025-08-22T22:38:22.3685217Z       "name": "builder-3100ff0d-a12a-4c98-9737-7a2aca401e830",
2025-08-22T22:38:22.3685555Z       "endpoint": "unix:///var/run/docker.sock",
2025-08-22T22:38:22.3685817Z       "status": "running",
2025-08-22T22:38:22.3686320Z       "buildkitd-flags": "--allow-insecure-entitlement security.insecure --allow-insecure-entitlement network.host",
2025-08-22T22:38:22.3686845Z       "buildkit": "v0.23.2",
2025-08-22T22:38:22.3687145Z       "platforms": "linux/amd64,linux/amd64/v2,linux/amd64/v3,linux/386",
2025-08-22T22:38:22.3687464Z       "features": {
2025-08-22T22:38:22.3687740Z         "Automatically load images to the Docker Engine image store": true,
2025-08-22T22:38:22.3688086Z         "Cache export": true,
2025-08-22T22:38:22.3688424Z         "Direct push": true,
2025-08-22T22:38:22.3688785Z         "Docker exporter": true,
2025-08-22T22:38:22.3689159Z         "Multi-platform build": true,
2025-08-22T22:38:22.3689571Z         "OCI exporter": true
2025-08-22T22:38:22.3690137Z       },
2025-08-22T22:38:22.3690289Z       "labels": {
2025-08-22T22:38:22.3690529Z         "org.mobyproject.buildkit.worker.executor": "oci",
2025-08-22T22:38:22.3690896Z         "org.mobyproject.buildkit.worker.hostname": "9b3b963396ad",
2025-08-22T22:38:22.3691264Z         "org.mobyproject.buildkit.worker.network": "host",
2025-08-22T22:38:22.3691640Z         "org.mobyproject.buildkit.worker.oci.process-mode": "sandbox",
2025-08-22T22:38:22.3692185Z         "org.mobyproject.buildkit.worker.selinux.enabled": "false",
2025-08-22T22:38:22.3692868Z         "org.mobyproject.buildkit.worker.snapshotter": "overlayfs"
2025-08-22T22:38:22.3693373Z       },
2025-08-22T22:38:22.3693640Z       "gcPolicy": [
2025-08-22T22:38:22.3694114Z         {
2025-08-22T22:38:22.3695015Z           "all": false,
2025-08-22T22:38:22.3695326Z           "filter": [
2025-08-22T22:38:22.3695643Z             "type==source.local",
2025-08-22T22:38:22.3696020Z             "type==exec.cachemount",
2025-08-22T22:38:22.3696425Z             "type==source.git.checkout"
2025-08-22T22:38:22.3696797Z           ],
2025-08-22T22:38:22.3697084Z           "keepDuration": "48h0m0s",
2025-08-22T22:38:22.3697462Z           "maxUsedSpace": "488.3MiB"
2025-08-22T22:38:22.3697797Z         },
2025-08-22T22:38:22.3697948Z         {
2025-08-22T22:38:22.3698096Z           "all": false,
2025-08-22T22:38:22.3698289Z           "keepDuration": "1440h0m0s",
2025-08-22T22:38:22.3698525Z           "reservedSpace": "7.451GiB",
2025-08-22T22:38:22.3698762Z           "maxUsedSpace": "54.02GiB",
2025-08-22T22:38:22.3698983Z           "minFreeSpace": "13.97GiB"
2025-08-22T22:38:22.3699194Z         },
2025-08-22T22:38:22.3699335Z         {
2025-08-22T22:38:22.3699490Z           "all": false,
2025-08-22T22:38:22.3699673Z           "reservedSpace": "7.451GiB",
2025-08-22T22:38:22.3699904Z           "maxUsedSpace": "54.02GiB",
2025-08-22T22:38:22.3700135Z           "minFreeSpace": "13.97GiB"
2025-08-22T22:38:22.3700343Z         },
2025-08-22T22:38:22.3700496Z         {
2025-08-22T22:38:22.3700643Z           "all": true,
2025-08-22T22:38:22.3700838Z           "reservedSpace": "7.451GiB",
2025-08-22T22:38:22.3701064Z           "maxUsedSpace": "54.02GiB",
2025-08-22T22:38:22.3701302Z           "minFreeSpace": "13.97GiB"
2025-08-22T22:38:22.3701507Z         }
2025-08-22T22:38:22.3701655Z       ]
2025-08-22T22:38:22.3701796Z     }
2025-08-22T22:38:22.3701940Z   ],
2025-08-22T22:38:22.3702146Z   "name": "builder-3100ff0d-a12a-4c98-9737-7a2aca401e83",
2025-08-22T22:38:22.3702452Z   "driver": "docker-container",
2025-08-22T22:38:22.3702687Z   "lastActivity": "2025-08-22T22:38:19.000Z"
2025-08-22T22:38:22.3702911Z }
2025-08-22T22:38:22.3703295Z ##[endgroup]
2025-08-22T22:38:22.3703603Z ##[group]BuildKit version
2025-08-22T22:38:22.3703851Z builder-3100ff0d-a12a-4c98-9737-7a2aca401e830: v0.23.2
2025-08-22T22:38:22.3704409Z ##[endgroup]
2025-08-22T22:38:22.5152916Z ##[group]Run actions/cache@v4
2025-08-22T22:38:22.5153169Z with:
2025-08-22T22:38:22.5153346Z   path: ~/.cache/pip
2025-08-22T22:38:22.5153724Z   key: Linux-pip-4bdbb2eb0570e1aecda3a80b8ad704389197a0c3f0c5b3711213736afda7cb0c
2025-08-22T22:38:22.5154148Z   enableCrossOsArchive: false
2025-08-22T22:38:22.5154834Z   fail-on-cache-miss: false
2025-08-22T22:38:22.5155143Z   lookup-only: false
2025-08-22T22:38:22.5155334Z   save-always: false
2025-08-22T22:38:22.5155520Z ##[endgroup]
2025-08-22T22:38:22.7213259Z Cache not found for input keys: Linux-pip-4bdbb2eb0570e1aecda3a80b8ad704389197a0c3f0c5b3711213736afda7cb0c
2025-08-22T22:38:22.7315899Z ##[group]Run docker buildx build \
2025-08-22T22:38:22.7316219Z [36;1mdocker buildx build \[0m
2025-08-22T22:38:22.7316630Z [36;1m  --tag ghcr.io/alexbomber12/awa-app/api:33d0f4835d394736f946fbd2fbd2c995caefaddb \[0m
2025-08-22T22:38:22.7317154Z [36;1m  --build-arg TZ_CACHE_BUST=33d0f4835d394736f946fbd2fbd2c995caefaddb \[0m
2025-08-22T22:38:22.7317506Z [36;1m  --file services/api/Dockerfile \[0m
2025-08-22T22:38:22.7317753Z [36;1m  --load .[0m
2025-08-22T22:38:22.7386650Z shell: /usr/bin/bash -e {0}
2025-08-22T22:38:22.7386887Z ##[endgroup]
2025-08-22T22:38:23.0605392Z #0 building with "builder-3100ff0d-a12a-4c98-9737-7a2aca401e83" instance using docker-container driver
2025-08-22T22:38:23.0605885Z 
2025-08-22T22:38:23.0606031Z #1 [internal] load build definition from Dockerfile
2025-08-22T22:38:23.0606376Z #1 transferring dockerfile: 1.48kB done
2025-08-22T22:38:23.0606651Z #1 DONE 0.0s
2025-08-22T22:38:23.0606768Z 
2025-08-22T22:38:23.0607008Z #2 [auth] docker/dockerfile:pull token for registry-1.docker.io
2025-08-22T22:38:23.0607382Z #2 DONE 0.0s
2025-08-22T22:38:23.0607498Z 
2025-08-22T22:38:23.0607757Z #3 resolve image config for docker-image://docker.io/docker/dockerfile:1.6
2025-08-22T22:38:23.1647997Z #3 DONE 0.3s
2025-08-22T22:38:23.2733405Z 
2025-08-22T22:38:23.2734863Z #4 docker-image://docker.io/docker/dockerfile:1.6@sha256:ac85f380a63b13dfcefa89046420e1781752bab202122f8f50032edf31be0021
2025-08-22T22:38:23.2736649Z #4 resolve docker.io/docker/dockerfile:1.6@sha256:ac85f380a63b13dfcefa89046420e1781752bab202122f8f50032edf31be0021 done
2025-08-22T22:38:23.2739710Z #4 sha256:9d9c93f4b00be908ab694a4df732570bced3b8a96b7515d70ff93402179ad232 11.80MB / 11.80MB 0.1s done
2025-08-22T22:38:23.3783705Z #4 extracting sha256:9d9c93f4b00be908ab694a4df732570bced3b8a96b7515d70ff93402179ad232 0.1s done
2025-08-22T22:38:23.3784805Z #4 DONE 0.2s
2025-08-22T22:38:23.5926717Z 
2025-08-22T22:38:23.5927188Z #5 [auth] library/python:pull token for registry-1.docker.io
2025-08-22T22:38:23.5927704Z #5 DONE 0.0s
2025-08-22T22:38:23.5927813Z 
2025-08-22T22:38:23.5927982Z #6 [internal] load metadata for docker.io/library/python:3.12-slim
2025-08-22T22:38:23.6527261Z #6 DONE 0.2s
2025-08-22T22:38:23.7783410Z 
2025-08-22T22:38:23.7784615Z #7 [internal] load .dockerignore
2025-08-22T22:38:23.7785095Z #7 transferring context: 265B done
2025-08-22T22:38:23.7785575Z #7 DONE 0.0s
2025-08-22T22:38:23.7785753Z 
2025-08-22T22:38:23.7785843Z #8 [internal] load build context
2025-08-22T22:38:23.7786260Z #8 transferring context: 170.37kB 0.0s done
2025-08-22T22:38:23.7786629Z #8 DONE 0.0s
2025-08-22T22:38:23.7786734Z 
2025-08-22T22:38:23.7787314Z #9 [base  1/13] FROM docker.io/library/python:3.12-slim@sha256:d67a7b66b989ad6b6d6b10d428dcc5e0bfc3e5f88906e67d490c4d3daac57047
2025-08-22T22:38:23.7788307Z #9 resolve docker.io/library/python:3.12-slim@sha256:d67a7b66b989ad6b6d6b10d428dcc5e0bfc3e5f88906e67d490c4d3daac57047 done
2025-08-22T22:38:23.7789408Z #9 sha256:d76206d463c08ba2a3f7bbab2de2a933ad73f33ab4ab813eafe50c9dff9edc12 251B / 251B 0.0s done
2025-08-22T22:38:23.8922619Z #9 sha256:5d587318e932a89b94608393c99dd30ee5092a6991c1656f717bd4f4e13d60df 1.29MB / 1.29MB 0.1s done
2025-08-22T22:38:23.8923835Z #9 sha256:e5c05dcf47fbdb2f18dc242ad1b7f48fbd3813c0027ffcfb8e81e4aa7e0965f4 8.39MB / 12.11MB 0.2s
2025-08-22T22:38:24.0460155Z #9 sha256:e5c05dcf47fbdb2f18dc242ad1b7f48fbd3813c0027ffcfb8e81e4aa7e0965f4 12.11MB / 12.11MB 0.2s done
2025-08-22T22:38:24.0461204Z #9 sha256:396b1da7636e2dcd10565cb4f2f952cbb4a8a38b58d3b86a2cacb172fb70117c 20.97MB / 29.77MB 0.3s
2025-08-22T22:38:24.2926067Z #9 sha256:396b1da7636e2dcd10565cb4f2f952cbb4a8a38b58d3b86a2cacb172fb70117c 29.77MB / 29.77MB 0.4s done
2025-08-22T22:38:24.2927432Z #9 extracting sha256:396b1da7636e2dcd10565cb4f2f952cbb4a8a38b58d3b86a2cacb172fb70117c
2025-08-22T22:38:24.7839824Z #9 extracting sha256:396b1da7636e2dcd10565cb4f2f952cbb4a8a38b58d3b86a2cacb172fb70117c 0.6s done
2025-08-22T22:38:24.7840620Z #9 DONE 1.1s
2025-08-22T22:38:25.0051191Z 
2025-08-22T22:38:25.0052696Z #9 [base  1/13] FROM docker.io/library/python:3.12-slim@sha256:d67a7b66b989ad6b6d6b10d428dcc5e0bfc3e5f88906e67d490c4d3daac57047
2025-08-22T22:38:25.0054450Z #9 extracting sha256:5d587318e932a89b94608393c99dd30ee5092a6991c1656f717bd4f4e13d60df 0.1s done
2025-08-22T22:38:25.0056438Z #9 extracting sha256:e5c05dcf47fbdb2f18dc242ad1b7f48fbd3813c0027ffcfb8e81e4aa7e0965f4
2025-08-22T22:38:25.2071914Z #9 extracting sha256:e5c05dcf47fbdb2f18dc242ad1b7f48fbd3813c0027ffcfb8e81e4aa7e0965f4 0.4s done
2025-08-22T22:38:25.2072872Z #9 DONE 1.5s
2025-08-22T22:38:25.3094663Z 
2025-08-22T22:38:25.3095569Z #9 [base  1/13] FROM docker.io/library/python:3.12-slim@sha256:d67a7b66b989ad6b6d6b10d428dcc5e0bfc3e5f88906e67d490c4d3daac57047
2025-08-22T22:38:25.3096833Z #9 extracting sha256:d76206d463c08ba2a3f7bbab2de2a933ad73f33ab4ab813eafe50c9dff9edc12 done
2025-08-22T22:38:25.3097579Z #9 DONE 1.5s
2025-08-22T22:38:25.3097768Z 
2025-08-22T22:38:25.3097955Z #10 [base  2/13] WORKDIR /app
2025-08-22T22:38:25.3098413Z #10 DONE 0.1s
2025-08-22T22:38:25.3098645Z 
2025-08-22T22:38:25.3103039Z #11 [base  3/13] COPY services/api/requirements.txt ./requirements.txt
2025-08-22T22:38:25.3103614Z #11 DONE 0.0s
2025-08-22T22:38:25.3104012Z 
2025-08-22T22:38:25.3105599Z #12 [stage-1 3/6] RUN set -eux;     if [ -f /etc/apt/sources.list ]; then         sed -i 's|http://deb.debian.org|https://deb.debian.org|g' /etc/apt/sources.list;     fi;     apt-get update;     apt-get install -y --no-install-recommends tzdata postgresql-client curl;     rm -rf /var/lib/apt/lists/*
2025-08-22T22:38:25.4105983Z #12 0.049 + [ -f /etc/apt/sources.list ]
2025-08-22T22:38:25.4110416Z #12 0.049 + apt-get update
2025-08-22T22:38:25.4111226Z #12 0.111 Hit:1 http://deb.debian.org/debian trixie InRelease
2025-08-22T22:38:25.4113077Z #12 0.111 Get:2 http://deb.debian.org/debian trixie-updates InRelease [47.1 kB]
2025-08-22T22:38:25.6298521Z #12 0.113 Get:3 http://deb.debian.org/debian-security trixie-security InRelease [43.4 kB]
2025-08-22T22:38:25.6299411Z #12 0.127 Get:4 http://deb.debian.org/debian trixie/main amd64 Packages [9668 kB]
2025-08-22T22:38:25.6300172Z #12 0.179 Get:5 http://deb.debian.org/debian trixie-updates/main amd64 Packages [2432 B]
2025-08-22T22:38:25.6301068Z #12 0.180 Get:6 http://deb.debian.org/debian-security trixie-security/main amd64 Packages [23.9 kB]
2025-08-22T22:38:26.1256775Z #12 0.827 Fetched 9784 kB in 1s (13.0 MB/s)
2025-08-22T22:38:26.5759387Z #12 0.827 Reading package lists...
2025-08-22T22:38:26.7457402Z #12 1.286 + apt-get install -y --no-install-recommends tzdata postgresql-client curl
2025-08-22T22:38:27.0678274Z #12 1.296 Reading package lists...
2025-08-22T22:38:27.3143636Z #12 1.778 Building dependency tree...
2025-08-22T22:38:27.3144199Z #12 1.895 Reading state information...
2025-08-22T22:38:27.3147285Z #12 2.015 tzdata is already the newest version (2025b-4).
2025-08-22T22:38:27.3148277Z #12 2.015 The following additional packages will be installed:
2025-08-22T22:38:27.4466909Z #12 2.015   libbrotli1 libcom-err2 libcurl4t64 libgdbm-compat4t64 libgnutls30t64
2025-08-22T22:38:27.4470421Z #12 2.015   libgssapi-krb5-2 libidn2-0 libk5crypto3 libkeyutils1 libkrb5-3
2025-08-22T22:38:27.4471409Z #12 2.015   libkrb5support0 libldap2 libnghttp2-14 libnghttp3-9 libp11-kit0 libperl5.40
2025-08-22T22:38:27.4472224Z #12 2.015   libpq5 libpsl5t64 librtmp1 libsasl2-2 libsasl2-modules-db libssh2-1t64
2025-08-22T22:38:27.4472949Z #12 2.016   libtasn1-6 libunistring5 perl perl-modules-5.40 postgresql-client-17
2025-08-22T22:38:27.4473552Z #12 2.016   postgresql-client-common sensible-utils
2025-08-22T22:38:27.4474023Z #12 2.017 Suggested packages:
2025-08-22T22:38:27.4474746Z #12 2.017   gnutls-bin krb5-doc krb5-user perl-doc libterm-readline-gnu-perl
2025-08-22T22:38:27.4475566Z #12 2.017   | libterm-readline-perl-perl make libtap-harness-archive-perl postgresql-17
2025-08-22T22:38:27.4476254Z #12 2.017   postgresql-doc-17
2025-08-22T22:38:27.4476630Z #12 2.017 Recommended packages:
2025-08-22T22:38:27.4477615Z #12 2.017   bash-completion krb5-locales libldap-common publicsuffix libsasl2-modules
2025-08-22T22:38:27.5515020Z #12 2.218 The following NEW packages will be installed:
2025-08-22T22:38:27.5516569Z #12 2.218   curl libbrotli1 libcom-err2 libcurl4t64 libgdbm-compat4t64 libgnutls30t64
2025-08-22T22:38:27.5517266Z #12 2.218   libgssapi-krb5-2 libidn2-0 libk5crypto3 libkeyutils1 libkrb5-3
2025-08-22T22:38:27.5517894Z #12 2.219   libkrb5support0 libldap2 libnghttp2-14 libnghttp3-9 libp11-kit0 libperl5.40
2025-08-22T22:38:27.5518601Z #12 2.219   libpq5 libpsl5t64 librtmp1 libsasl2-2 libsasl2-modules-db libssh2-1t64
2025-08-22T22:38:27.5519573Z #12 2.219   libtasn1-6 libunistring5 perl perl-modules-5.40 postgresql-client
2025-08-22T22:38:27.5520215Z #12 2.220   postgresql-client-17 postgresql-client-common sensible-utils
2025-08-22T22:38:27.7571070Z #12 2.423 0 upgraded, 31 newly installed, 0 to remove and 0 not upgraded.
2025-08-22T22:38:27.7572109Z #12 2.423 Need to get 14.9 MB of archives.
2025-08-22T22:38:27.7574915Z #12 2.423 After this operation, 78.1 MB of additional disk space will be used.
2025-08-22T22:38:27.7575856Z #12 2.423 Get:1 http://deb.debian.org/debian trixie/main amd64 sensible-utils all 0.0.25 [25.0 kB]
2025-08-22T22:38:27.7582162Z #12 2.426 Get:2 http://deb.debian.org/debian trixie/main amd64 perl-modules-5.40 all 5.40.1-6 [3019 kB]
2025-08-22T22:38:27.7583190Z #12 2.440 Get:3 http://deb.debian.org/debian trixie/main amd64 libgdbm-compat4t64 amd64 1.24-2 [50.3 kB]
2025-08-22T22:38:27.7584129Z #12 2.440 Get:4 http://deb.debian.org/debian trixie/main amd64 libperl5.40 amd64 5.40.1-6 [4341 kB]
2025-08-22T22:38:27.7585216Z #12 2.455 Get:5 http://deb.debian.org/debian trixie/main amd64 perl amd64 5.40.1-6 [267 kB]
2025-08-22T22:38:27.7586094Z #12 2.456 Get:6 http://deb.debian.org/debian trixie/main amd64 libbrotli1 amd64 1.1.0-2+b7 [307 kB]
2025-08-22T22:38:27.7587001Z #12 2.458 Get:7 http://deb.debian.org/debian trixie/main amd64 libkrb5support0 amd64 1.21.3-5 [33.0 kB]
2025-08-22T22:38:27.8590581Z #12 2.459 Get:8 http://deb.debian.org/debian trixie/main amd64 libcom-err2 amd64 1.47.2-3+b3 [25.0 kB]
2025-08-22T22:38:27.8595853Z #12 2.460 Get:9 http://deb.debian.org/debian trixie/main amd64 libk5crypto3 amd64 1.21.3-5 [81.5 kB]
2025-08-22T22:38:27.8596856Z #12 2.461 Get:10 http://deb.debian.org/debian trixie/main amd64 libkeyutils1 amd64 1.6.3-6 [9456 B]
2025-08-22T22:38:27.8597751Z #12 2.461 Get:11 http://deb.debian.org/debian trixie/main amd64 libkrb5-3 amd64 1.21.3-5 [326 kB]
2025-08-22T22:38:27.8598668Z #12 2.461 Get:12 http://deb.debian.org/debian trixie/main amd64 libgssapi-krb5-2 amd64 1.21.3-5 [138 kB]
2025-08-22T22:38:27.8599428Z #12 2.462 Get:13 http://deb.debian.org/debian trixie/main amd64 libunistring5 amd64 1.3-2 [477 kB]
2025-08-22T22:38:27.8599981Z #12 2.464 Get:14 http://deb.debian.org/debian trixie/main amd64 libidn2-0 amd64 2.3.8-2 [109 kB]
2025-08-22T22:38:27.8600579Z #12 2.465 Get:15 http://deb.debian.org/debian trixie/main amd64 libsasl2-modules-db amd64 2.1.28+dfsg1-9 [19.8 kB]
2025-08-22T22:38:27.8601210Z #12 2.465 Get:16 http://deb.debian.org/debian trixie/main amd64 libsasl2-2 amd64 2.1.28+dfsg1-9 [57.5 kB]
2025-08-22T22:38:27.8601756Z #12 2.465 Get:17 http://deb.debian.org/debian trixie/main amd64 libldap2 amd64 2.6.10+dfsg-1 [194 kB]
2025-08-22T22:38:27.8602300Z #12 2.466 Get:18 http://deb.debian.org/debian trixie/main amd64 libnghttp2-14 amd64 1.64.0-1.1 [76.0 kB]
2025-08-22T22:38:27.8602852Z #12 2.467 Get:19 http://deb.debian.org/debian trixie/main amd64 libnghttp3-9 amd64 1.8.0-1 [67.7 kB]
2025-08-22T22:38:27.8603394Z #12 2.468 Get:20 http://deb.debian.org/debian trixie/main amd64 libpsl5t64 amd64 0.21.2-1.1+b1 [57.2 kB]
2025-08-22T22:38:27.8603920Z #12 2.468 Get:21 http://deb.debian.org/debian trixie/main amd64 libp11-kit0 amd64 0.25.5-3 [425 kB]
2025-08-22T22:38:27.8604665Z #12 2.470 Get:22 http://deb.debian.org/debian trixie/main amd64 libtasn1-6 amd64 4.20.0-2 [49.9 kB]
2025-08-22T22:38:27.8605189Z #12 2.471 Get:23 http://deb.debian.org/debian trixie/main amd64 libgnutls30t64 amd64 3.8.9-3 [1465 kB]
2025-08-22T22:38:27.8606018Z #12 2.476 Get:24 http://deb.debian.org/debian trixie/main amd64 librtmp1 amd64 2.4+20151223.gitfa8646d.1-2+b5 [58.8 kB]
2025-08-22T22:38:27.8606635Z #12 2.476 Get:25 http://deb.debian.org/debian trixie/main amd64 libssh2-1t64 amd64 1.11.1-1 [245 kB]
2025-08-22T22:38:27.8607166Z #12 2.477 Get:26 http://deb.debian.org/debian trixie/main amd64 libcurl4t64 amd64 8.14.1-2 [391 kB]
2025-08-22T22:38:27.8607667Z #12 2.479 Get:27 http://deb.debian.org/debian trixie/main amd64 curl amd64 8.14.1-2 [269 kB]
2025-08-22T22:38:27.8608276Z #12 2.480 Get:28 http://deb.debian.org/debian trixie/main amd64 libpq5 amd64 17.5-1 [226 kB]
2025-08-22T22:38:27.8608818Z #12 2.481 Get:29 http://deb.debian.org/debian trixie/main amd64 postgresql-client-common all 278 [47.1 kB]
2025-08-22T22:38:27.8609404Z #12 2.482 Get:30 http://deb.debian.org/debian trixie/main amd64 postgresql-client-17 amd64 17.5-1 [2025 kB]
2025-08-22T22:38:27.8609969Z #12 2.488 Get:31 http://deb.debian.org/debian trixie/main amd64 postgresql-client all 17+278 [14.0 kB]
2025-08-22T22:38:28.9074703Z #12 3.521 Fetched 14.9 MB in 0s (57.4 MB/s)
2025-08-22T22:38:28.9078069Z #12 3.535 Selecting previously unselected package sensible-utils.
2025-08-22T22:38:28.9078651Z #12 3.535 (Reading database ... 
2025-08-22T22:38:28.9079035Z (Reading database ... 5%
2025-08-22T22:38:28.9079373Z (Reading database ... 10%
2025-08-22T22:38:28.9079710Z (Reading database ... 15%
2025-08-22T22:38:28.9080055Z (Reading database ... 20%
2025-08-22T22:38:28.9081894Z (Reading database ... 25%
2025-08-22T22:38:28.9082505Z (Reading database ... 30%
2025-08-22T22:38:28.9083054Z (Reading database ... 35%
2025-08-22T22:38:28.9083411Z (Reading database ... 40%
2025-08-22T22:38:28.9083926Z (Reading database ... 45%
2025-08-22T22:38:28.9084828Z (Reading database ... 50%
2025-08-22T22:38:28.9085172Z (Reading database ... 55%
2025-08-22T22:38:28.9085713Z (Reading database ... 60%
2025-08-22T22:38:28.9086052Z (Reading database ... 65%
2025-08-22T22:38:28.9086586Z (Reading database ... 70%
2025-08-22T22:38:28.9086948Z (Reading database ... 75%
2025-08-22T22:38:28.9087471Z (Reading database ... 80%
2025-08-22T22:38:28.9087805Z (Reading database ... 85%
2025-08-22T22:38:28.9088361Z (Reading database ... 90%
2025-08-22T22:38:28.9088699Z (Reading database ... 95%
2025-08-22T22:38:28.9089262Z (Reading database ... 100%
2025-08-22T22:38:28.9089990Z (Reading database ... 5643 files and directories currently installed.)
2025-08-22T22:38:28.9090814Z #12 3.541 Preparing to unpack .../00-sensible-utils_0.0.25_all.deb ...
2025-08-22T22:38:28.9091417Z #12 3.542 Unpacking sensible-utils (0.0.25) ...
2025-08-22T22:38:28.9092021Z #12 3.562 Selecting previously unselected package perl-modules-5.40.
2025-08-22T22:38:28.9092703Z #12 3.563 Preparing to unpack .../01-perl-modules-5.40_5.40.1-6_all.deb ...
2025-08-22T22:38:28.9093306Z #12 3.564 Unpacking perl-modules-5.40 (5.40.1-6) ...
2025-08-22T22:38:29.1530038Z #12 3.854 Selecting previously unselected package libgdbm-compat4t64:amd64.
2025-08-22T22:38:29.3584650Z #12 3.855 Preparing to unpack .../02-libgdbm-compat4t64_1.24-2_amd64.deb ...
2025-08-22T22:38:29.3585405Z #12 3.858 Unpacking libgdbm-compat4t64:amd64 (1.24-2) ...
2025-08-22T22:38:29.3586040Z #12 3.875 Selecting previously unselected package libperl5.40:amd64.
2025-08-22T22:38:29.3586725Z #12 3.876 Preparing to unpack .../03-libperl5.40_5.40.1-6_amd64.deb ...
2025-08-22T22:38:29.3587325Z #12 3.878 Unpacking libperl5.40:amd64 (5.40.1-6) ...
2025-08-22T22:38:29.4661429Z #12 4.118 Selecting previously unselected package perl.
2025-08-22T22:38:29.4663992Z #12 4.120 Preparing to unpack .../04-perl_5.40.1-6_amd64.deb ...
2025-08-22T22:38:29.4664711Z #12 4.121 Unpacking perl (5.40.1-6) ...
2025-08-22T22:38:29.4665264Z #12 4.148 Selecting previously unselected package libbrotli1:amd64.
2025-08-22T22:38:29.4666302Z #12 4.149 Preparing to unpack .../05-libbrotli1_1.1.0-2+b7_amd64.deb ...
2025-08-22T22:38:29.4666739Z #12 4.150 Unpacking libbrotli1:amd64 (1.1.0-2+b7) ...
2025-08-22T22:38:29.5677304Z #12 4.186 Selecting previously unselected package libkrb5support0:amd64.
2025-08-22T22:38:29.5679591Z #12 4.187 Preparing to unpack .../06-libkrb5support0_1.21.3-5_amd64.deb ...
2025-08-22T22:38:29.5680536Z #12 4.189 Unpacking libkrb5support0:amd64 (1.21.3-5) ...
2025-08-22T22:38:29.5681215Z #12 4.206 Selecting previously unselected package libcom-err2:amd64.
2025-08-22T22:38:29.5682373Z #12 4.207 Preparing to unpack .../07-libcom-err2_1.47.2-3+b3_amd64.deb ...
2025-08-22T22:38:29.5683224Z #12 4.209 Unpacking libcom-err2:amd64 (1.47.2-3+b3) ...
2025-08-22T22:38:29.5685634Z #12 4.227 Selecting previously unselected package libk5crypto3:amd64.
2025-08-22T22:38:29.5686357Z #12 4.228 Preparing to unpack .../08-libk5crypto3_1.21.3-5_amd64.deb ...
2025-08-22T22:38:29.5686957Z #12 4.229 Unpacking libk5crypto3:amd64 (1.21.3-5) ...
2025-08-22T22:38:29.5687547Z #12 4.250 Selecting previously unselected package libkeyutils1:amd64.
2025-08-22T22:38:29.5688231Z #12 4.252 Preparing to unpack .../09-libkeyutils1_1.6.3-6_amd64.deb ...
2025-08-22T22:38:29.5688830Z #12 4.253 Unpacking libkeyutils1:amd64 (1.6.3-6) ...
2025-08-22T22:38:29.5689407Z #12 4.269 Selecting previously unselected package libkrb5-3:amd64.
2025-08-22T22:38:29.6695840Z #12 4.271 Preparing to unpack .../10-libkrb5-3_1.21.3-5_amd64.deb ...
2025-08-22T22:38:29.6696520Z #12 4.271 Unpacking libkrb5-3:amd64 (1.21.3-5) ...
2025-08-22T22:38:29.6697133Z #12 4.303 Selecting previously unselected package libgssapi-krb5-2:amd64.
2025-08-22T22:38:29.6697690Z #12 4.305 Preparing to unpack .../11-libgssapi-krb5-2_1.21.3-5_amd64.deb ...
2025-08-22T22:38:29.6698244Z #12 4.306 Unpacking libgssapi-krb5-2:amd64 (1.21.3-5) ...
2025-08-22T22:38:29.6698624Z #12 4.328 Selecting previously unselected package libunistring5:amd64.
2025-08-22T22:38:29.6699154Z #12 4.330 Preparing to unpack .../12-libunistring5_1.3-2_amd64.deb ...
2025-08-22T22:38:29.6699501Z #12 4.330 Unpacking libunistring5:amd64 (1.3-2) ...
2025-08-22T22:38:29.6699956Z #12 4.370 Selecting previously unselected package libidn2-0:amd64.
2025-08-22T22:38:29.7809403Z #12 4.372 Preparing to unpack .../13-libidn2-0_2.3.8-2_amd64.deb ...
2025-08-22T22:38:29.7810296Z #12 4.373 Unpacking libidn2-0:amd64 (2.3.8-2) ...
2025-08-22T22:38:29.7812614Z #12 4.395 Selecting previously unselected package libsasl2-modules-db:amd64.
2025-08-22T22:38:29.7813468Z #12 4.397 Preparing to unpack .../14-libsasl2-modules-db_2.1.28+dfsg1-9_amd64.deb ...
2025-08-22T22:38:29.7814229Z #12 4.398 Unpacking libsasl2-modules-db:amd64 (2.1.28+dfsg1-9) ...
2025-08-22T22:38:29.7815276Z #12 4.414 Selecting previously unselected package libsasl2-2:amd64.
2025-08-22T22:38:29.7815987Z #12 4.415 Preparing to unpack .../15-libsasl2-2_2.1.28+dfsg1-9_amd64.deb ...
2025-08-22T22:38:29.7816628Z #12 4.416 Unpacking libsasl2-2:amd64 (2.1.28+dfsg1-9) ...
2025-08-22T22:38:29.7817249Z #12 4.433 Selecting previously unselected package libldap2:amd64.
2025-08-22T22:38:29.7817937Z #12 4.434 Preparing to unpack .../16-libldap2_2.6.10+dfsg-1_amd64.deb ...
2025-08-22T22:38:29.7818571Z #12 4.435 Unpacking libldap2:amd64 (2.6.10+dfsg-1) ...
2025-08-22T22:38:29.7819194Z #12 4.461 Selecting previously unselected package libnghttp2-14:amd64.
2025-08-22T22:38:29.7822540Z #12 4.462 Preparing to unpack .../17-libnghttp2-14_1.64.0-1.1_amd64.deb ...
2025-08-22T22:38:29.7823372Z #12 4.463 Unpacking libnghttp2-14:amd64 (1.64.0-1.1) ...
2025-08-22T22:38:29.7824011Z #12 4.481 Selecting previously unselected package libnghttp3-9:amd64.
2025-08-22T22:38:29.9318441Z #12 4.483 Preparing to unpack .../18-libnghttp3-9_1.8.0-1_amd64.deb ...
2025-08-22T22:38:29.9319661Z #12 4.484 Unpacking libnghttp3-9:amd64 (1.8.0-1) ...
2025-08-22T22:38:29.9321514Z #12 4.502 Selecting previously unselected package libpsl5t64:amd64.
2025-08-22T22:38:29.9323208Z #12 4.504 Preparing to unpack .../19-libpsl5t64_0.21.2-1.1+b1_amd64.deb ...
2025-08-22T22:38:29.9323840Z #12 4.506 Unpacking libpsl5t64:amd64 (0.21.2-1.1+b1) ...
2025-08-22T22:38:29.9325135Z #12 4.523 Selecting previously unselected package libp11-kit0:amd64.
2025-08-22T22:38:29.9326001Z #12 4.525 Preparing to unpack .../20-libp11-kit0_0.25.5-3_amd64.deb ...
2025-08-22T22:38:29.9326540Z #12 4.526 Unpacking libp11-kit0:amd64 (0.25.5-3) ...
2025-08-22T22:38:29.9327033Z #12 4.556 Selecting previously unselected package libtasn1-6:amd64.
2025-08-22T22:38:29.9327601Z #12 4.558 Preparing to unpack .../21-libtasn1-6_4.20.0-2_amd64.deb ...
2025-08-22T22:38:29.9328090Z #12 4.559 Unpacking libtasn1-6:amd64 (4.20.0-2) ...
2025-08-22T22:38:29.9328609Z #12 4.577 Selecting previously unselected package libgnutls30t64:amd64.
2025-08-22T22:38:29.9330109Z #12 4.578 Preparing to unpack .../22-libgnutls30t64_3.8.9-3_amd64.deb ...
2025-08-22T22:38:29.9330757Z #12 4.579 Unpacking libgnutls30t64:amd64 (3.8.9-3) ...
2025-08-22T22:38:29.9331252Z #12 4.633 Selecting previously unselected package librtmp1:amd64.
2025-08-22T22:38:30.0338337Z #12 4.634 Preparing to unpack .../23-librtmp1_2.4+20151223.gitfa8646d.1-2+b5_amd64.deb ...
2025-08-22T22:38:30.0342057Z #12 4.636 Unpacking librtmp1:amd64 (2.4+20151223.gitfa8646d.1-2+b5) ...
2025-08-22T22:38:30.0343298Z #12 4.652 Selecting previously unselected package libssh2-1t64:amd64.
2025-08-22T22:38:30.0344698Z #12 4.653 Preparing to unpack .../24-libssh2-1t64_1.11.1-1_amd64.deb ...
2025-08-22T22:38:30.0345629Z #12 4.654 Unpacking libssh2-1t64:amd64 (1.11.1-1) ...
2025-08-22T22:38:30.0346455Z #12 4.675 Selecting previously unselected package libcurl4t64:amd64.
2025-08-22T22:38:30.0347193Z #12 4.677 Preparing to unpack .../25-libcurl4t64_8.14.1-2_amd64.deb ...
2025-08-22T22:38:30.0347822Z #12 4.678 Unpacking libcurl4t64:amd64 (8.14.1-2) ...
2025-08-22T22:38:30.0348372Z #12 4.707 Selecting previously unselected package curl.
2025-08-22T22:38:30.0348964Z #12 4.709 Preparing to unpack .../26-curl_8.14.1-2_amd64.deb ...
2025-08-22T22:38:30.0349498Z #12 4.710 Unpacking curl (8.14.1-2) ...
2025-08-22T22:38:30.0350022Z #12 4.735 Selecting previously unselected package libpq5:amd64.
2025-08-22T22:38:30.1358870Z #12 4.736 Preparing to unpack .../27-libpq5_17.5-1_amd64.deb ...
2025-08-22T22:38:30.1361666Z #12 4.737 Unpacking libpq5:amd64 (17.5-1) ...
2025-08-22T22:38:30.1362608Z #12 4.764 Selecting previously unselected package postgresql-client-common.
2025-08-22T22:38:30.1363599Z #12 4.765 Preparing to unpack .../28-postgresql-client-common_278_all.deb ...
2025-08-22T22:38:30.1365433Z #12 4.771 Unpacking postgresql-client-common (278) ...
2025-08-22T22:38:30.1366355Z #12 4.791 Selecting previously unselected package postgresql-client-17.
2025-08-22T22:38:30.1367270Z #12 4.792 Preparing to unpack .../29-postgresql-client-17_17.5-1_amd64.deb ...
2025-08-22T22:38:30.1368072Z #12 4.794 Unpacking postgresql-client-17 (17.5-1) ...
2025-08-22T22:38:30.2367526Z #12 4.905 Selecting previously unselected package postgresql-client.
2025-08-22T22:38:30.2368320Z #12 4.907 Preparing to unpack .../30-postgresql-client_17+278_all.deb ...
2025-08-22T22:38:30.2368961Z #12 4.909 Unpacking postgresql-client (17+278) ...
2025-08-22T22:38:30.2369494Z #12 4.928 Setting up libkeyutils1:amd64 (1.6.3-6) ...
2025-08-22T22:38:30.2370075Z #12 4.931 Setting up libgdbm-compat4t64:amd64 (1.24-2) ...
2025-08-22T22:38:30.2370415Z #12 4.933 Setting up libbrotli1:amd64 (1.1.0-2+b7) ...
2025-08-22T22:38:30.2370937Z #12 4.935 Setting up libnghttp2-14:amd64 (1.64.0-1.1) ...
2025-08-22T22:38:30.2371357Z #12 4.938 Setting up libcom-err2:amd64 (1.47.2-3+b3) ...
2025-08-22T22:38:30.4372835Z #12 4.940 Setting up libkrb5support0:amd64 (1.21.3-5) ...
2025-08-22T22:38:30.4375362Z #12 4.943 Setting up libsasl2-modules-db:amd64 (2.1.28+dfsg1-9) ...
2025-08-22T22:38:30.4376012Z #12 4.948 Setting up libp11-kit0:amd64 (0.25.5-3) ...
2025-08-22T22:38:30.4376480Z #12 4.950 Setting up libunistring5:amd64 (1.3-2) ...
2025-08-22T22:38:30.4377008Z #12 4.953 Setting up libk5crypto3:amd64 (1.21.3-5) ...
2025-08-22T22:38:30.4377510Z #12 4.955 Setting up libsasl2-2:amd64 (2.1.28+dfsg1-9) ...
2025-08-22T22:38:30.4377969Z #12 4.958 Setting up libnghttp3-9:amd64 (1.8.0-1) ...
2025-08-22T22:38:30.4378279Z #12 4.960 Setting up perl-modules-5.40 (5.40.1-6) ...
2025-08-22T22:38:30.4378842Z #12 4.963 Setting up sensible-utils (0.0.25) ...
2025-08-22T22:38:30.4379152Z #12 4.965 Setting up libtasn1-6:amd64 (4.20.0-2) ...
2025-08-22T22:38:30.4379444Z #12 4.967 Setting up libkrb5-3:amd64 (1.21.3-5) ...
2025-08-22T22:38:30.4379732Z #12 4.970 Setting up libssh2-1t64:amd64 (1.11.1-1) ...
2025-08-22T22:38:30.4380017Z #12 4.972 Setting up libldap2:amd64 (2.6.10+dfsg-1) ...
2025-08-22T22:38:30.4380302Z #12 4.974 Setting up libidn2-0:amd64 (2.3.8-2) ...
2025-08-22T22:38:30.4380722Z #12 4.977 Setting up libperl5.40:amd64 (5.40.1-6) ...
2025-08-22T22:38:30.4380989Z #12 4.979 Setting up perl (5.40.1-6) ...
2025-08-22T22:38:30.4381267Z #12 4.985 Setting up libgssapi-krb5-2:amd64 (1.21.3-5) ...
2025-08-22T22:38:30.4381568Z #12 4.988 Setting up libgnutls30t64:amd64 (3.8.9-3) ...
2025-08-22T22:38:30.4381863Z #12 4.991 Setting up postgresql-client-common (278) ...
2025-08-22T22:38:30.4382160Z #12 4.998 Setting up libpsl5t64:amd64 (0.21.2-1.1+b1) ...
2025-08-22T22:38:30.4382449Z #12 5.001 Setting up libpq5:amd64 (17.5-1) ...
2025-08-22T22:38:30.4382758Z #12 5.003 Setting up librtmp1:amd64 (2.4+20151223.gitfa8646d.1-2+b5) ...
2025-08-22T22:38:30.4383093Z #12 5.006 Setting up libcurl4t64:amd64 (8.14.1-2) ...
2025-08-22T22:38:30.4383376Z #12 5.008 Setting up postgresql-client-17 (17.5-1) ...
2025-08-22T22:38:30.7343946Z #12 5.376 update-alternatives: using /usr/share/postgresql/17/man/man1/psql.1.gz to provide /usr/share/man/man1/psql.1.gz (psql.1.gz) in auto mode
2025-08-22T22:38:30.7345348Z #12 5.415 Setting up curl (8.14.1-2) ...
2025-08-22T22:38:30.7345834Z #12 5.418 Setting up postgresql-client (17+278) ...
2025-08-22T22:38:30.7346387Z #12 5.420 Processing triggers for libc-bin (2.41-12) ...
2025-08-22T22:38:30.8728042Z #12 5.448 + rm -rf /var/lib/apt/lists/auxfiles /var/lib/apt/lists/deb.debian.org_debian-security_dists_trixie-security_InRelease /var/lib/apt/lists/deb.debian.org_debian-security_dists_trixie-security_main_binary-amd64_Packages.lz4 /var/lib/apt/lists/deb.debian.org_debian_dists_trixie-updates_InRelease /var/lib/apt/lists/deb.debian.org_debian_dists_trixie-updates_main_binary-amd64_Packages.lz4 /var/lib/apt/lists/deb.debian.org_debian_dists_trixie_InRelease /var/lib/apt/lists/deb.debian.org_debian_dists_trixie_main_binary-amd64_Packages.lz4 /var/lib/apt/lists/lock /var/lib/apt/lists/partial
2025-08-22T22:38:30.8730965Z #12 DONE 5.5s
2025-08-22T22:38:30.8731089Z 
2025-08-22T22:38:30.8731264Z #13 [base  4/13] RUN pip install --no-cache-dir -r requirements.txt
2025-08-22T22:38:30.8731733Z #13 1.453 Collecting uvicorn==0.29.0 (from -r requirements.txt (line 1))
2025-08-22T22:38:30.8732200Z #13 1.480   Downloading uvicorn-0.29.0-py3-none-any.whl.metadata (6.3 kB)
2025-08-22T22:38:30.8732650Z #13 1.494 Collecting pydantic-settings==2.2.1 (from -r requirements.txt (line 2))
2025-08-22T22:38:30.8733131Z #13 1.499   Downloading pydantic_settings-2.2.1-py3-none-any.whl.metadata (3.1 kB)
2025-08-22T22:38:30.8733600Z #13 1.535 Collecting fastapi==0.111.0 (from -r requirements.txt (line 3))
2025-08-22T22:38:30.8734027Z #13 1.540   Downloading fastapi-0.111.0-py3-none-any.whl.metadata (25 kB)
2025-08-22T22:38:30.8734703Z #13 1.763 Collecting sqlalchemy==2.0.29 (from -r requirements.txt (line 4))
2025-08-22T22:38:30.8735262Z #13 1.768   Downloading SQLAlchemy-2.0.29-cp312-cp312-manylinux_2_17_x86_64.manylinux2014_x86_64.whl.metadata (9.6 kB)
2025-08-22T22:38:30.8735802Z #13 1.792 Collecting alembic==1.13.1 (from -r requirements.txt (line 5))
2025-08-22T22:38:30.8736206Z #13 1.796   Downloading alembic-1.13.1-py3-none-any.whl.metadata (7.4 kB)
2025-08-22T22:38:30.8736689Z #13 1.810 Collecting psycopg==3.2.9 (from psycopg[binary]==3.2.9->-r requirements.txt (line 6))
2025-08-22T22:38:30.8737146Z #13 1.813   Downloading psycopg-3.2.9-py3-none-any.whl.metadata (4.5 kB)
2025-08-22T22:38:30.8737550Z #13 1.836 Collecting httpx==0.27.2 (from -r requirements.txt (line 7))
2025-08-22T22:38:30.8737951Z #13 1.840   Downloading httpx-0.27.2-py3-none-any.whl.metadata (7.1 kB)
2025-08-22T22:38:30.8738652Z #13 1.873 Collecting asyncpg==0.29.0 (from -r requirements.txt (line 8))
2025-08-22T22:38:30.8739208Z #13 1.877   Downloading asyncpg-0.29.0-cp312-cp312-manylinux_2_17_x86_64.manylinux2014_x86_64.whl.metadata (4.4 kB)
2025-08-22T22:38:30.8739726Z #13 2.136 Collecting boto3==1.34.162 (from -r requirements.txt (line 9))
2025-08-22T22:38:30.8740121Z #13 2.140   Downloading boto3-1.34.162-py3-none-any.whl.metadata (6.6 kB)
2025-08-22T22:38:30.8740524Z #13 2.159 Collecting Jinja2==3.1.5 (from -r requirements.txt (line 10))
2025-08-22T22:38:30.8741063Z #13 2.162   Downloading jinja2-3.1.5-py3-none-any.whl.metadata (2.6 kB)
2025-08-22T22:38:30.8741449Z #13 2.206 Collecting celery==5.3.* (from -r requirements.txt (line 11))
2025-08-22T22:38:30.8741838Z #13 2.210   Downloading celery-5.3.6-py3-none-any.whl.metadata (21 kB)
2025-08-22T22:38:30.8742244Z #13 2.241 Collecting structlog==24.1.0 (from -r requirements.txt (line 12))
2025-08-22T22:38:30.8742658Z #13 2.245   Downloading structlog-24.1.0-py3-none-any.whl.metadata (6.9 kB)
2025-08-22T22:38:30.8743112Z #13 2.257 Collecting asgi-correlation-id==4.3.1 (from -r requirements.txt (line 13))
2025-08-22T22:38:30.8743578Z #13 2.262   Downloading asgi_correlation_id-4.3.1-py3-none-any.whl.metadata (28 kB)
2025-08-22T22:38:30.8744196Z #13 2.272 Collecting fastapi-limiter==0.1.6 (from -r requirements.txt (line 14))
2025-08-22T22:38:30.8744811Z #13 2.277   Downloading fastapi_limiter-0.1.6-py3-none-any.whl.metadata (5.3 kB)
2025-08-22T22:38:30.8745220Z #13 2.298 Collecting redis==5.0.8 (from -r requirements.txt (line 15))
2025-08-22T22:38:30.8745608Z #13 2.303   Downloading redis-5.0.8-py3-none-any.whl.metadata (9.2 kB)
2025-08-22T22:38:30.8746131Z #13 2.346 Collecting sentry-sdk==2.9.0 (from sentry-sdk[celery,fastapi,sqlalchemy]==2.9.0->-r requirements.txt (line 16))
2025-08-22T22:38:30.8746685Z #13 2.350   Downloading sentry_sdk-2.9.0-py2.py3-none-any.whl.metadata (14 kB)
2025-08-22T22:38:30.8747225Z #13 2.409 Collecting click>=7.0 (from uvicorn==0.29.0->-r requirements.txt (line 1))
2025-08-22T22:38:30.8747655Z #13 2.412   Downloading click-8.2.1-py3-none-any.whl.metadata (2.5 kB)
2025-08-22T22:38:30.8748057Z #13 2.420 Collecting h11>=0.8 (from uvicorn==0.29.0->-r requirements.txt (line 1))
2025-08-22T22:38:30.8748444Z #13 2.424   Downloading h11-0.16.0-py3-none-any.whl.metadata (8.3 kB)
2025-08-22T22:38:30.8748896Z #13 2.530 Collecting pydantic>=2.3.0 (from pydantic-settings==2.2.1->-r requirements.txt (line 2))
2025-08-22T22:38:30.8749371Z #13 2.534   Downloading pydantic-2.11.7-py3-none-any.whl.metadata (67 kB)
2025-08-22T22:38:30.8749874Z #13 2.549 Collecting python-dotenv>=0.21.0 (from pydantic-settings==2.2.1->-r requirements.txt (line 2))
2025-08-22T22:38:30.8750377Z #13 2.552   Downloading python_dotenv-1.1.1-py3-none-any.whl.metadata (24 kB)
2025-08-22T22:38:30.8750863Z #13 2.580 Collecting starlette<0.38.0,>=0.37.2 (from fastapi==0.111.0->-r requirements.txt (line 3))
2025-08-22T22:38:30.8751349Z #13 2.584   Downloading starlette-0.37.2-py3-none-any.whl.metadata (5.9 kB)
2025-08-22T22:38:30.8751848Z #13 2.617 Collecting typing-extensions>=4.8.0 (from fastapi==0.111.0->-r requirements.txt (line 3))
2025-08-22T22:38:30.8752364Z #13 2.621   Downloading typing_extensions-4.14.1-py3-none-any.whl.metadata (3.0 kB)
2025-08-22T22:38:30.8752852Z #13 2.628 Collecting fastapi-cli>=0.0.2 (from fastapi==0.111.0->-r requirements.txt (line 3))
2025-08-22T22:38:30.8753318Z #13 2.633   Downloading fastapi_cli-0.0.8-py3-none-any.whl.metadata (6.3 kB)
2025-08-22T22:38:30.8753801Z #13 2.650 Collecting python-multipart>=0.0.7 (from fastapi==0.111.0->-r requirements.txt (line 3))
2025-08-22T22:38:30.8754452Z #13 2.654   Downloading python_multipart-0.0.20-py3-none-any.whl.metadata (1.8 kB)
2025-08-22T22:38:30.8755365Z #13 2.700 Collecting ujson!=4.0.2,!=4.1.0,!=4.2.0,!=4.3.0,!=5.0.0,!=5.1.0,>=4.0.1 (from fastapi==0.111.0->-r requirements.txt (line 3))
2025-08-22T22:38:30.8756069Z #13 2.704   Downloading ujson-5.11.0-cp312-cp312-manylinux_2_24_x86_64.manylinux_2_28_x86_64.whl.metadata (9.4 kB)
2025-08-22T22:38:30.8756892Z #13 2.884 Collecting orjson>=3.2.1 (from fastapi==0.111.0->-r requirements.txt (line 3))
2025-08-22T22:38:30.8757565Z #13 2.888   Downloading orjson-3.11.2-cp312-cp312-manylinux_2_17_x86_64.manylinux2014_x86_64.whl.metadata (1.2 kB)
2025-08-22T22:38:30.8758246Z #13 2.898 Collecting email_validator>=2.0.0 (from fastapi==0.111.0->-r requirements.txt (line 3))
2025-08-22T22:38:30.8758840Z #13 2.901   Downloading email_validator-2.2.0-py3-none-any.whl.metadata (25 kB)
2025-08-22T22:38:30.8759472Z #13 3.003 Collecting greenlet!=0.4.17 (from sqlalchemy==2.0.29->-r requirements.txt (line 4))
2025-08-22T22:38:30.8760148Z #13 3.007   Downloading greenlet-3.2.4-cp312-cp312-manylinux_2_24_x86_64.manylinux_2_28_x86_64.whl.metadata (4.1 kB)
2025-08-22T22:38:30.8760786Z #13 3.033 Collecting Mako (from alembic==1.13.1->-r requirements.txt (line 5))
2025-08-22T22:38:30.8761282Z #13 3.038   Downloading mako-1.3.10-py3-none-any.whl.metadata (2.9 kB)
2025-08-22T22:38:30.8761968Z #13 3.058 Collecting anyio (from httpx==0.27.2->-r requirements.txt (line 7))
2025-08-22T22:38:30.8762730Z #13 3.062   Downloading anyio-4.10.0-py3-none-any.whl.metadata (4.0 kB)
2025-08-22T22:38:30.8763500Z #13 3.077 Collecting certifi (from httpx==0.27.2->-r requirements.txt (line 7))
2025-08-22T22:38:30.8764436Z #13 3.080   Downloading certifi-2025.8.3-py3-none-any.whl.metadata (2.4 kB)
2025-08-22T22:38:30.8765279Z #13 3.095 Collecting httpcore==1.* (from httpx==0.27.2->-r requirements.txt (line 7))
2025-08-22T22:38:30.8766058Z #13 3.099   Downloading httpcore-1.0.9-py3-none-any.whl.metadata (21 kB)
2025-08-22T22:38:30.8766812Z #13 3.109 Collecting idna (from httpx==0.27.2->-r requirements.txt (line 7))
2025-08-22T22:38:30.8767541Z #13 3.113   Downloading idna-3.10-py3-none-any.whl.metadata (10 kB)
2025-08-22T22:38:30.8768178Z #13 3.120 Collecting sniffio (from httpx==0.27.2->-r requirements.txt (line 7))
2025-08-22T22:38:30.8768610Z #13 3.125   Downloading sniffio-1.3.1-py3-none-any.whl.metadata (3.9 kB)
2025-08-22T22:38:30.8769205Z #13 3.479 Collecting botocore<1.35.0,>=1.34.162 (from boto3==1.34.162->-r requirements.txt (line 9))
2025-08-22T22:38:30.8769679Z #13 3.483   Downloading botocore-1.34.162-py3-none-any.whl.metadata (5.7 kB)
2025-08-22T22:38:30.8770273Z #13 3.496 Collecting jmespath<2.0.0,>=0.7.1 (from boto3==1.34.162->-r requirements.txt (line 9))
2025-08-22T22:38:30.8770844Z #13 3.499   Downloading jmespath-1.0.1-py3-none-any.whl.metadata (7.6 kB)
2025-08-22T22:38:30.8771313Z #13 3.515 Collecting s3transfer<0.11.0,>=0.10.0 (from boto3==1.34.162->-r requirements.txt (line 9))
2025-08-22T22:38:30.8771914Z #13 3.519   Downloading s3transfer-0.10.4-py3-none-any.whl.metadata (1.7 kB)
2025-08-22T22:38:30.8772493Z #13 3.571 Collecting MarkupSafe>=2.0 (from Jinja2==3.1.5->-r requirements.txt (line 10))
2025-08-22T22:38:30.8773136Z #13 3.575   Downloading MarkupSafe-3.0.2-cp312-cp312-manylinux_2_17_x86_64.manylinux2014_x86_64.whl.metadata (4.0 kB)
2025-08-22T22:38:30.8773800Z #13 3.597 Collecting billiard<5.0,>=4.2.0 (from celery==5.3.*->-r requirements.txt (line 11))
2025-08-22T22:38:30.8774605Z #13 3.601   Downloading billiard-4.2.1-py3-none-any.whl.metadata (4.4 kB)
2025-08-22T22:38:30.8775421Z #13 3.609 Collecting click-didyoumean>=0.3.0 (from celery==5.3.*->-r requirements.txt (line 11))
2025-08-22T22:38:30.8795402Z #13 3.624   Downloading click_didyoumean-0.3.1-py3-none-any.whl.metadata (3.9 kB)
2025-08-22T22:38:30.8796313Z #13 3.632 Collecting click-plugins>=1.1.1 (from celery==5.3.*->-r requirements.txt (line 11))
2025-08-22T22:38:30.8797254Z #13 3.636   Downloading click_plugins-1.1.1.2-py2.py3-none-any.whl.metadata (6.5 kB)
2025-08-22T22:38:30.8797818Z #13 3.645 Collecting click-repl>=0.2.0 (from celery==5.3.*->-r requirements.txt (line 11))
2025-08-22T22:38:30.8798387Z #13 3.648   Downloading click_repl-0.3.0-py3-none-any.whl.metadata (3.6 kB)
2025-08-22T22:38:30.8798963Z #13 3.689 Collecting kombu<6.0,>=5.3.4 (from celery==5.3.*->-r requirements.txt (line 11))
2025-08-22T22:38:30.8799647Z #13 3.694   Downloading kombu-5.5.4-py3-none-any.whl.metadata (3.5 kB)
2025-08-22T22:38:30.8800189Z #13 3.710 Collecting python-dateutil>=2.8.2 (from celery==5.3.*->-r requirements.txt (line 11))
2025-08-22T22:38:30.8800846Z #13 3.713   Downloading python_dateutil-2.9.0.post0-py2.py3-none-any.whl.metadata (8.4 kB)
2025-08-22T22:38:30.8801456Z #13 3.723 Collecting tzdata>=2022.7 (from celery==5.3.*->-r requirements.txt (line 11))
2025-08-22T22:38:30.8801920Z #13 3.729   Downloading tzdata-2025.2-py2.py3-none-any.whl.metadata (1.4 kB)
2025-08-22T22:38:30.8802634Z #13 3.739 Collecting vine<6.0,>=5.1.0 (from celery==5.3.*->-r requirements.txt (line 11))
2025-08-22T22:38:30.8803173Z #13 3.743   Downloading vine-5.1.0-py3-none-any.whl.metadata (2.7 kB)
2025-08-22T22:38:30.8803825Z #13 3.791 Collecting urllib3>=1.26.11 (from sentry-sdk==2.9.0->sentry-sdk[celery,fastapi,sqlalchemy]==2.9.0->-r requirements.txt (line 16))
2025-08-22T22:38:30.8804636Z #13 3.795   Downloading urllib3-2.5.0-py3-none-any.whl.metadata (6.5 kB)
2025-08-22T22:38:30.8805195Z #13 3.938 Collecting psycopg-binary==3.2.9 (from psycopg[binary]==3.2.9->-r requirements.txt (line 6))
2025-08-22T22:38:30.8805924Z #13 3.942   Downloading psycopg_binary-3.2.9-cp312-cp312-manylinux_2_17_x86_64.manylinux2014_x86_64.whl.metadata (2.9 kB)
2025-08-22T22:38:30.8806683Z #13 4.048 Collecting prompt-toolkit>=3.0.36 (from click-repl>=0.2.0->celery==5.3.*->-r requirements.txt (line 11))
2025-08-22T22:38:30.8807223Z #13 4.052   Downloading prompt_toolkit-3.0.51-py3-none-any.whl.metadata (6.4 kB)
2025-08-22T22:38:30.8807759Z #13 4.070 Collecting dnspython>=2.0.0 (from email_validator>=2.0.0->fastapi==0.111.0->-r requirements.txt (line 3))
2025-08-22T22:38:30.8808440Z #13 4.074   Downloading dnspython-2.7.0-py3-none-any.whl.metadata (5.8 kB)
2025-08-22T22:38:30.8808935Z #13 4.099 Collecting typer>=0.15.1 (from fastapi-cli>=0.0.2->fastapi==0.111.0->-r requirements.txt (line 3))
2025-08-22T22:38:30.8809414Z #13 4.103   Downloading typer-0.16.1-py3-none-any.whl.metadata (15 kB)
2025-08-22T22:38:30.8809918Z #13 4.125 Collecting rich-toolkit>=0.14.8 (from fastapi-cli>=0.0.2->fastapi==0.111.0->-r requirements.txt (line 3))
2025-08-22T22:38:30.8810543Z #13 4.130   Downloading rich_toolkit-0.15.0-py3-none-any.whl.metadata (1.0 kB)
2025-08-22T22:38:30.8811024Z #13 4.156 Collecting amqp<6.0.0,>=5.1.1 (from kombu<6.0,>=5.3.4->celery==5.3.*->-r requirements.txt (line 11))
2025-08-22T22:38:30.8811477Z #13 4.160   Downloading amqp-5.3.1-py3-none-any.whl.metadata (8.9 kB)
2025-08-22T22:38:30.8811931Z #13 4.178 Collecting packaging (from kombu<6.0,>=5.3.4->celery==5.3.*->-r requirements.txt (line 11))
2025-08-22T22:38:30.8812411Z #13 4.182   Downloading packaging-25.0-py3-none-any.whl.metadata (3.3 kB)
2025-08-22T22:38:30.8812968Z #13 4.195 Collecting annotated-types>=0.6.0 (from pydantic>=2.3.0->pydantic-settings==2.2.1->-r requirements.txt (line 2))
2025-08-22T22:38:30.8813543Z #13 4.199   Downloading annotated_types-0.7.0-py3-none-any.whl.metadata (15 kB)
2025-08-22T22:38:30.8814202Z #13 4.826 Collecting pydantic-core==2.33.2 (from pydantic>=2.3.0->pydantic-settings==2.2.1->-r requirements.txt (line 2))
2025-08-22T22:38:30.8815183Z #13 4.831   Downloading pydantic_core-2.33.2-cp312-cp312-manylinux_2_17_x86_64.manylinux2014_x86_64.whl.metadata (6.8 kB)
2025-08-22T22:38:30.8815860Z #13 4.843 Collecting typing-inspection>=0.4.0 (from pydantic>=2.3.0->pydantic-settings==2.2.1->-r requirements.txt (line 2))
2025-08-22T22:38:30.8816438Z #13 4.847   Downloading typing_inspection-0.4.1-py3-none-any.whl.metadata (2.6 kB)
2025-08-22T22:38:30.8816971Z #13 4.872 Collecting six>=1.5 (from python-dateutil>=2.8.2->celery==5.3.*->-r requirements.txt (line 11))
2025-08-22T22:38:30.8817461Z #13 4.876   Downloading six-1.17.0-py2.py3-none-any.whl.metadata (1.7 kB)
2025-08-22T22:38:30.8817981Z #13 5.127 Collecting httptools>=0.5.0 (from uvicorn[standard]>=0.12.0->fastapi==0.111.0->-r requirements.txt (line 3))
2025-08-22T22:38:30.8818867Z #13 5.131   Downloading httptools-0.6.4-cp312-cp312-manylinux_2_5_x86_64.manylinux1_x86_64.manylinux_2_17_x86_64.manylinux2014_x86_64.whl.metadata (3.6 kB)
2025-08-22T22:38:30.8819608Z #13 5.161 Collecting pyyaml>=5.1 (from uvicorn[standard]>=0.12.0->fastapi==0.111.0->-r requirements.txt (line 3))
2025-08-22T22:38:30.8820237Z #13 5.165   Downloading PyYAML-6.0.2-cp312-cp312-manylinux_2_17_x86_64.manylinux2014_x86_64.whl.metadata (2.1 kB)
2025-08-22T22:38:30.8820905Z #13 5.208 Collecting uvloop!=0.15.0,!=0.15.1,>=0.14.0 (from uvicorn[standard]>=0.12.0->fastapi==0.111.0->-r requirements.txt (line 3))
2025-08-22T22:38:30.8821749Z #13 5.213   Downloading uvloop-0.21.0-cp312-cp312-manylinux_2_17_x86_64.manylinux2014_x86_64.whl.metadata (4.9 kB)
2025-08-22T22:38:30.8822376Z #13 5.322 Collecting watchfiles>=0.13 (from uvicorn[standard]>=0.12.0->fastapi==0.111.0->-r requirements.txt (line 3))
2025-08-22T22:38:30.8823012Z #13 5.326   Downloading watchfiles-1.1.0-cp312-cp312-manylinux_2_17_x86_64.manylinux2014_x86_64.whl.metadata (4.9 kB)
2025-08-22T22:38:30.8823654Z #13 5.394 Collecting websockets>=10.4 (from uvicorn[standard]>=0.12.0->fastapi==0.111.0->-r requirements.txt (line 3))
2025-08-22T22:38:30.8824495Z #13 5.398   Downloading websockets-15.0.1-cp312-cp312-manylinux_2_5_x86_64.manylinux1_x86_64.manylinux_2_17_x86_64.manylinux2014_x86_64.whl.metadata (6.8 kB)
2025-08-22T22:38:30.8825453Z #13 5.424 Collecting wcwidth (from prompt-toolkit>=3.0.36->click-repl>=0.2.0->celery==5.3.*->-r requirements.txt (line 11))
2025-08-22T22:38:30.8826037Z #13 5.428   Downloading wcwidth-0.2.13-py2.py3-none-any.whl.metadata (14 kB)
2025-08-22T22:38:30.8826595Z #13 5.480 Collecting rich>=13.7.1 (from rich-toolkit>=0.14.8->fastapi-cli>=0.0.2->fastapi==0.111.0->-r requirements.txt (line 3))
2025-08-22T22:38:30.8827104Z #13 5.484   Downloading rich-14.1.0-py3-none-any.whl.metadata (18 kB)
2025-08-22T22:38:30.8827632Z #13 5.513 Collecting shellingham>=1.3.0 (from typer>=0.15.1->fastapi-cli>=0.0.2->fastapi==0.111.0->-r requirements.txt (line 3))
2025-08-22T22:38:30.8828194Z #13 5.516   Downloading shellingham-1.5.4-py2.py3-none-any.whl.metadata (3.5 kB)
2025-08-22T22:38:30.8828810Z #13 5.563 Collecting markdown-it-py>=2.2.0 (from rich>=13.7.1->rich-toolkit>=0.14.8->fastapi-cli>=0.0.2->fastapi==0.111.0->-r requirements.txt (line 3))
2025-08-22T22:38:30.9934478Z #13 5.567   Downloading markdown_it_py-4.0.0-py3-none-any.whl.metadata (7.3 kB)
2025-08-22T22:38:30.9935731Z #13 5.586 Collecting pygments<3.0.0,>=2.13.0 (from rich>=13.7.1->rich-toolkit>=0.14.8->fastapi-cli>=0.0.2->fastapi==0.111.0->-r requirements.txt (line 3))
2025-08-22T22:38:30.9936850Z #13 5.592   Downloading pygments-2.19.2-py3-none-any.whl.metadata (2.5 kB)
2025-08-22T22:38:30.9937738Z #13 5.604 Collecting mdurl~=0.1 (from markdown-it-py>=2.2.0->rich>=13.7.1->rich-toolkit>=0.14.8->fastapi-cli>=0.0.2->fastapi==0.111.0->-r requirements.txt (line 3))
2025-08-22T22:38:30.9938489Z #13 5.607   Downloading mdurl-0.1.2-py3-none-any.whl.metadata (1.6 kB)
2025-08-22T22:38:30.9938938Z #13 5.618 Downloading uvicorn-0.29.0-py3-none-any.whl (60 kB)
2025-08-22T22:38:30.9939426Z #13 5.623 Downloading pydantic_settings-2.2.1-py3-none-any.whl (13 kB)
2025-08-22T22:38:30.9939915Z #13 5.628 Downloading fastapi-0.111.0-py3-none-any.whl (91 kB)
2025-08-22T22:38:30.9940449Z #13 5.632 Downloading SQLAlchemy-2.0.29-cp312-cp312-manylinux_2_17_x86_64.manylinux2014_x86_64.whl (3.2 MB)
2025-08-22T22:38:30.9941351Z #13 5.646    ━━━━━━━━━━━━━━━━━━━━━━━━━━━━━━━━━━━━━━━━ 3.2/3.2 MB 316.6 MB/s eta 0:00:00
2025-08-22T22:38:30.9941843Z #13 5.650 Downloading alembic-1.13.1-py3-none-any.whl (233 kB)
2025-08-22T22:38:30.9942199Z #13 5.655 Downloading psycopg-3.2.9-py3-none-any.whl (202 kB)
2025-08-22T22:38:30.9942674Z #13 5.658 Downloading httpx-0.27.2-py3-none-any.whl (76 kB)
2025-08-22T22:38:30.9943240Z #13 5.662 Downloading asyncpg-0.29.0-cp312-cp312-manylinux_2_17_x86_64.manylinux2014_x86_64.whl (3.3 MB)
2025-08-22T22:38:31.1101534Z #13 5.683    ━━━━━━━━━━━━━━━━━━━━━━━━━━━━━━━━━━━━━━━━ 3.3/3.3 MB 177.1 MB/s eta 0:00:00
2025-08-22T22:38:31.1102257Z #13 5.687 Downloading boto3-1.34.162-py3-none-any.whl (139 kB)
2025-08-22T22:38:31.1103219Z #13 5.691 Downloading jinja2-3.1.5-py3-none-any.whl (134 kB)
2025-08-22T22:38:31.1103762Z #13 5.694 Downloading celery-5.3.6-py3-none-any.whl (422 kB)
2025-08-22T22:38:31.1104476Z #13 5.703 Downloading structlog-24.1.0-py3-none-any.whl (65 kB)
2025-08-22T22:38:31.1104915Z #13 5.707 Downloading asgi_correlation_id-4.3.1-py3-none-any.whl (15 kB)
2025-08-22T22:38:31.1105471Z #13 5.718 Downloading fastapi_limiter-0.1.6-py3-none-any.whl (15 kB)
2025-08-22T22:38:31.1105937Z #13 5.721 Downloading redis-5.0.8-py3-none-any.whl (255 kB)
2025-08-22T22:38:31.1106561Z #13 5.731 Downloading sentry_sdk-2.9.0-py2.py3-none-any.whl (301 kB)
2025-08-22T22:38:31.1107069Z #13 5.736 Downloading httpcore-1.0.9-py3-none-any.whl (78 kB)
2025-08-22T22:38:31.1107674Z #13 5.741 Downloading psycopg_binary-3.2.9-cp312-cp312-manylinux_2_17_x86_64.manylinux2014_x86_64.whl (4.4 MB)
2025-08-22T22:38:31.1108393Z #13 5.757    ━━━━━━━━━━━━━━━━━━━━━━━━━━━━━━━━━━━━━━━━ 4.4/4.4 MB 328.2 MB/s eta 0:00:00
2025-08-22T22:38:31.1108825Z #13 5.761 Downloading billiard-4.2.1-py3-none-any.whl (86 kB)
2025-08-22T22:38:31.1109253Z #13 5.765 Downloading botocore-1.34.162-py3-none-any.whl (12.5 MB)
2025-08-22T22:38:31.2132863Z #13 5.800    ━━━━━━━━━━━━━━━━━━━━━━━━━━━━━━━━━━━━━━━━ 12.5/12.5 MB 392.6 MB/s eta 0:00:00
2025-08-22T22:38:31.2133609Z #13 5.804 Downloading click-8.2.1-py3-none-any.whl (102 kB)
2025-08-22T22:38:31.2134528Z #13 5.807 Downloading click_didyoumean-0.3.1-py3-none-any.whl (3.6 kB)
2025-08-22T22:38:31.2135341Z #13 5.811 Downloading click_plugins-1.1.1.2-py2.py3-none-any.whl (11 kB)
2025-08-22T22:38:31.2136100Z #13 5.814 Downloading click_repl-0.3.0-py3-none-any.whl (10 kB)
2025-08-22T22:38:31.2136833Z #13 5.818 Downloading email_validator-2.2.0-py3-none-any.whl (33 kB)
2025-08-22T22:38:31.2137540Z #13 5.825 Downloading fastapi_cli-0.0.8-py3-none-any.whl (10 kB)
2025-08-22T22:38:31.2138454Z #13 5.828 Downloading greenlet-3.2.4-cp312-cp312-manylinux_2_24_x86_64.manylinux_2_28_x86_64.whl (607 kB)
2025-08-22T22:38:31.2139596Z #13 5.831    ━━━━━━━━━━━━━━━━━━━━━━━━━━━━━━━━━━━━━━━ 607.6/607.6 kB 648.2 MB/s eta 0:00:00
2025-08-22T22:38:31.2140099Z #13 5.835 Downloading h11-0.16.0-py3-none-any.whl (37 kB)
2025-08-22T22:38:31.2140527Z #13 5.838 Downloading idna-3.10-py3-none-any.whl (70 kB)
2025-08-22T22:38:31.2140861Z #13 5.841 Downloading jmespath-1.0.1-py3-none-any.whl (20 kB)
2025-08-22T22:38:31.2141219Z #13 5.844 Downloading kombu-5.5.4-py3-none-any.whl (210 kB)
2025-08-22T22:38:31.2141538Z #13 5.848 Downloading vine-5.1.0-py3-none-any.whl (9.6 kB)
2025-08-22T22:38:31.2142021Z #13 5.851 Downloading MarkupSafe-3.0.2-cp312-cp312-manylinux_2_17_x86_64.manylinux2014_x86_64.whl (23 kB)
2025-08-22T22:38:31.2142614Z #13 5.854 Downloading orjson-3.11.2-cp312-cp312-manylinux_2_17_x86_64.manylinux2014_x86_64.whl (121 kB)
2025-08-22T22:38:31.2143088Z #13 5.858 Downloading pydantic-2.11.7-py3-none-any.whl (444 kB)
2025-08-22T22:38:31.2143580Z #13 5.862 Downloading pydantic_core-2.33.2-cp312-cp312-manylinux_2_17_x86_64.manylinux2014_x86_64.whl (2.0 MB)
2025-08-22T22:38:31.2144471Z #13 5.867    ━━━━━━━━━━━━━━━━━━━━━━━━━━━━━━━━━━━━━━━━ 2.0/2.0 MB 615.0 MB/s eta 0:00:00
2025-08-22T22:38:31.2144911Z #13 5.870 Downloading python_dateutil-2.9.0.post0-py2.py3-none-any.whl (229 kB)
2025-08-22T22:38:31.2145339Z #13 5.874 Downloading python_dotenv-1.1.1-py3-none-any.whl (20 kB)
2025-08-22T22:38:31.2145735Z #13 5.879 Downloading python_multipart-0.0.20-py3-none-any.whl (24 kB)
2025-08-22T22:38:31.2146123Z #13 5.882 Downloading s3transfer-0.10.4-py3-none-any.whl (83 kB)
2025-08-22T22:38:31.2146486Z #13 5.886 Downloading starlette-0.37.2-py3-none-any.whl (71 kB)
2025-08-22T22:38:31.2146864Z #13 5.890 Downloading anyio-4.10.0-py3-none-any.whl (107 kB)
2025-08-22T22:38:31.2147187Z #13 5.893 Downloading sniffio-1.3.1-py3-none-any.whl (10 kB)
2025-08-22T22:38:31.2147556Z #13 5.896 Downloading typing_extensions-4.14.1-py3-none-any.whl (43 kB)
2025-08-22T22:38:31.2147940Z #13 5.900 Downloading tzdata-2025.2-py2.py3-none-any.whl (347 kB)
2025-08-22T22:38:31.2148660Z #13 5.903 Downloading ujson-5.11.0-cp312-cp312-manylinux_2_24_x86_64.manylinux_2_28_x86_64.whl (57 kB)
2025-08-22T22:38:31.3146023Z #13 5.907 Downloading urllib3-2.5.0-py3-none-any.whl (129 kB)
2025-08-22T22:38:31.3146933Z #13 5.911 Downloading certifi-2025.8.3-py3-none-any.whl (161 kB)
2025-08-22T22:38:31.3147602Z #13 5.919 Downloading mako-1.3.10-py3-none-any.whl (78 kB)
2025-08-22T22:38:31.3148153Z #13 5.923 Downloading amqp-5.3.1-py3-none-any.whl (50 kB)
2025-08-22T22:38:31.3148753Z #13 5.926 Downloading annotated_types-0.7.0-py3-none-any.whl (13 kB)
2025-08-22T22:38:31.3149715Z #13 5.930 Downloading dnspython-2.7.0-py3-none-any.whl (313 kB)
2025-08-22T22:38:31.3150737Z #13 5.934 Downloading httptools-0.6.4-cp312-cp312-manylinux_2_5_x86_64.manylinux1_x86_64.manylinux_2_17_x86_64.manylinux2014_x86_64.whl (510 kB)
2025-08-22T22:38:31.3151565Z #13 5.938 Downloading prompt_toolkit-3.0.51-py3-none-any.whl (387 kB)
2025-08-22T22:38:31.3152218Z #13 5.942 Downloading PyYAML-6.0.2-cp312-cp312-manylinux_2_17_x86_64.manylinux2014_x86_64.whl (767 kB)
2025-08-22T22:38:31.3152998Z #13 5.946    ━━━━━━━━━━━━━━━━━━━━━━━━━━━━━━━━━━━━━━━ 767.5/767.5 kB 577.1 MB/s eta 0:00:00
2025-08-22T22:38:31.3153372Z #13 5.949 Downloading rich_toolkit-0.15.0-py3-none-any.whl (29 kB)
2025-08-22T22:38:31.3153741Z #13 5.953 Downloading six-1.17.0-py2.py3-none-any.whl (11 kB)
2025-08-22T22:38:31.3154075Z #13 5.956 Downloading typer-0.16.1-py3-none-any.whl (46 kB)
2025-08-22T22:38:31.3154688Z #13 5.960 Downloading typing_inspection-0.4.1-py3-none-any.whl (14 kB)
2025-08-22T22:38:31.3155218Z #13 5.964 Downloading uvloop-0.21.0-cp312-cp312-manylinux_2_17_x86_64.manylinux2014_x86_64.whl (4.7 MB)
2025-08-22T22:38:31.3155776Z #13 5.975    ━━━━━━━━━━━━━━━━━━━━━━━━━━━━━━━━━━━━━━━━ 4.7/4.7 MB 514.1 MB/s eta 0:00:00
2025-08-22T22:38:31.3156260Z #13 5.978 Downloading watchfiles-1.1.0-cp312-cp312-manylinux_2_17_x86_64.manylinux2014_x86_64.whl (452 kB)
2025-08-22T22:38:31.3156978Z #13 5.983 Downloading websockets-15.0.1-cp312-cp312-manylinux_2_5_x86_64.manylinux1_x86_64.manylinux_2_17_x86_64.manylinux2014_x86_64.whl (182 kB)
2025-08-22T22:38:31.3157565Z #13 5.986 Downloading packaging-25.0-py3-none-any.whl (66 kB)
2025-08-22T22:38:31.3157911Z #13 5.990 Downloading rich-14.1.0-py3-none-any.whl (243 kB)
2025-08-22T22:38:31.3158276Z #13 5.994 Downloading shellingham-1.5.4-py2.py3-none-any.whl (9.8 kB)
2025-08-22T22:38:31.3158670Z #13 6.000 Downloading wcwidth-0.2.13-py2.py3-none-any.whl (34 kB)
2025-08-22T22:38:31.3159037Z #13 6.005 Downloading markdown_it_py-4.0.0-py3-none-any.whl (87 kB)
2025-08-22T22:38:31.4763893Z #13 6.008 Downloading pygments-2.19.2-py3-none-any.whl (1.2 MB)
2025-08-22T22:38:31.4765262Z #13 6.012    ━━━━━━━━━━━━━━━━━━━━━━━━━━━━━━━━━━━━━━━━ 1.2/1.2 MB 622.4 MB/s eta 0:00:00
2025-08-22T22:38:31.4765818Z #13 6.016 Downloading mdurl-0.1.2-py3-none-any.whl (10.0 kB)
2025-08-22T22:38:31.5382750Z #13 6.228 Installing collected packages: wcwidth, websockets, vine, uvloop, urllib3, ujson, tzdata, typing-extensions, structlog, sniffio, six, shellingham, redis, pyyaml, python-multipart, python-dotenv, pygments, psycopg-binary, prompt-toolkit, packaging, orjson, mdurl, MarkupSafe, jmespath, idna, httptools, h11, greenlet, dnspython, click, certifi, billiard, asyncpg, annotated-types, uvicorn, typing-inspection, sqlalchemy, sentry-sdk, python-dateutil, pydantic-core, psycopg, markdown-it-py, Mako, Jinja2, httpcore, email_validator, click-repl, click-plugins, click-didyoumean, anyio, amqp, watchfiles, starlette, rich, pydantic, kombu, httpx, botocore, alembic, typer, s3transfer, rich-toolkit, pydantic-settings, celery, asgi-correlation-id, fastapi-cli, boto3, fastapi, fastapi-limiter
2025-08-22T22:38:37.5524119Z #13 12.24 Successfully installed Jinja2-3.1.5 Mako-1.3.10 MarkupSafe-3.0.2 alembic-1.13.1 amqp-5.3.1 annotated-types-0.7.0 anyio-4.10.0 asgi-correlation-id-4.3.1 asyncpg-0.29.0 billiard-4.2.1 boto3-1.34.162 botocore-1.34.162 celery-5.3.6 certifi-2025.8.3 click-8.2.1 click-didyoumean-0.3.1 click-plugins-1.1.1.2 click-repl-0.3.0 dnspython-2.7.0 email_validator-2.2.0 fastapi-0.111.0 fastapi-cli-0.0.8 fastapi-limiter-0.1.6 greenlet-3.2.4 h11-0.16.0 httpcore-1.0.9 httptools-0.6.4 httpx-0.27.2 idna-3.10 jmespath-1.0.1 kombu-5.5.4 markdown-it-py-4.0.0 mdurl-0.1.2 orjson-3.11.2 packaging-25.0 prompt-toolkit-3.0.51 psycopg-3.2.9 psycopg-binary-3.2.9 pydantic-2.11.7 pydantic-core-2.33.2 pydantic-settings-2.2.1 pygments-2.19.2 python-dateutil-2.9.0.post0 python-dotenv-1.1.1 python-multipart-0.0.20 pyyaml-6.0.2 redis-5.0.8 rich-14.1.0 rich-toolkit-0.15.0 s3transfer-0.10.4 sentry-sdk-2.9.0 shellingham-1.5.4 six-1.17.0 sniffio-1.3.1 sqlalchemy-2.0.29 starlette-0.37.2 structlog-24.1.0 typer-0.16.1 typing-extensions-4.14.1 typing-inspection-0.4.1 tzdata-2025.2 ujson-5.11.0 urllib3-2.5.0 uvicorn-0.29.0 uvloop-0.21.0 vine-5.1.0 watchfiles-1.1.0 wcwidth-0.2.13 websockets-15.0.1
2025-08-22T22:38:37.7692105Z #13 12.24 WARNING: Running pip as the 'root' user can result in broken permissions and conflicting behaviour with the system package manager, possibly rendering your system unusable. It is recommended to use a virtual environment instead: https://pip.pypa.io/warnings/venv. Use the --root-user-action option if you know what you are doing and want to suppress this warning.
2025-08-22T22:38:37.7693593Z #13 12.31 
2025-08-22T22:38:37.7693868Z #13 12.31 [notice] A new release of pip is available: 25.0.1 -> 25.2
2025-08-22T22:38:37.7694483Z #13 12.31 [notice] To update, run: pip install --upgrade pip
2025-08-22T22:38:37.9113463Z #13 DONE 12.6s
2025-08-22T22:38:38.0168124Z 
2025-08-22T22:38:38.0168907Z #14 [base  5/13] COPY services/api/ ./services/api
2025-08-22T22:38:38.0169529Z #14 DONE 0.1s
2025-08-22T22:38:38.0169710Z 
2025-08-22T22:38:38.0169922Z #15 [base  6/13] COPY services/common/ ./services/common
2025-08-22T22:38:38.0170392Z #15 DONE 0.0s
2025-08-22T22:38:38.1280033Z 
2025-08-22T22:38:38.1282106Z #16 [base  7/13] COPY services/ingest/ ./services/ingest
2025-08-22T22:38:38.1282631Z #16 DONE 0.0s
2025-08-22T22:38:38.1282815Z 
2025-08-22T22:38:38.1283021Z #17 [base  8/13] COPY services/etl/ ./services/etl
2025-08-22T22:38:38.1283464Z #17 DONE 0.0s
2025-08-22T22:38:38.1283628Z 
2025-08-22T22:38:38.1283758Z #18 [base  9/13] COPY api/ ./api
2025-08-22T22:38:38.1284108Z #18 DONE 0.0s
2025-08-22T22:38:38.1284713Z 
2025-08-22T22:38:38.1285281Z #19 [base 10/13] COPY services/api/alembic.ini ./alembic.ini
2025-08-22T22:38:38.1285891Z #19 DONE 0.0s
2025-08-22T22:38:38.1286431Z 
2025-08-22T22:38:38.1286580Z #20 [base 11/13] COPY alembic/ ./alembic/
2025-08-22T22:38:38.1286977Z #20 DONE 0.0s
2025-08-22T22:38:38.1287156Z 
2025-08-22T22:38:38.1287408Z #21 [base 12/13] COPY services/api/entrypoint.sh ./entrypoint.sh
2025-08-22T22:38:38.1287892Z #21 DONE 0.0s
2025-08-22T22:38:38.1288051Z 
2025-08-22T22:38:38.1288209Z #22 [base 13/13] RUN chmod +x ./entrypoint.sh
2025-08-22T22:38:38.1288605Z #22 DONE 0.0s
2025-08-22T22:38:38.9941155Z 
2025-08-22T22:38:38.9944197Z #23 [stage-1 4/6] COPY --from=base /usr/local /usr/local
2025-08-22T22:38:40.7720207Z #23 DONE 1.8s
2025-08-22T22:38:40.8787637Z 
2025-08-22T22:38:40.8788298Z #24 [stage-1 5/6] COPY --from=base /app /app
2025-08-22T22:38:40.8788780Z #24 DONE 0.1s
2025-08-22T22:38:41.0867907Z 
2025-08-22T22:38:41.0868538Z #25 [stage-1 6/6] RUN chmod +x /app/entrypoint.sh
2025-08-22T22:38:41.0869030Z #25 DONE 0.1s
2025-08-22T22:38:41.0869196Z 
2025-08-22T22:38:41.0869335Z #26 exporting to docker image format
2025-08-22T22:38:41.0869722Z #26 exporting layers
2025-08-22T22:38:46.2929211Z #26 exporting layers 5.4s done
2025-08-22T22:38:46.4516757Z #26 exporting manifest sha256:f3320510ef5ffc7853d94ac376c697701c7b83c388ef9fc61efc4da0c5f10c44 done
2025-08-22T22:38:46.4518081Z #26 exporting config sha256:c12f7600c6a8252e865c416799403af97c43443f0bc49bdb91d2fb27304d5658 done
2025-08-22T22:38:46.4518897Z #26 sending tarball
2025-08-22T22:38:46.8867493Z #26 ...
2025-08-22T22:38:46.8868935Z 
2025-08-22T22:38:46.8869703Z #27 importing to docker
2025-08-22T22:38:47.0381568Z #27 loading layer e6a3842ebc7f 327.68kB / 29.77MB
2025-08-22T22:38:47.7803017Z #27 loading layer 11a4ec4d004e 32.77kB / 1.29MB
2025-08-22T22:38:48.1136736Z #27 loading layer 07cd4433de32 131.07kB / 12.11MB
2025-08-22T22:38:48.6817098Z #27 loading layer e33228fe7708 251B / 251B
2025-08-22T22:38:48.8654591Z #27 loading layer 8be43455061b 93B / 93B
2025-08-22T22:38:48.8655579Z #27 loading layer ab0a92d895a5 196.61kB / 19.48MB
2025-08-22T22:38:49.6422049Z #27 loading layer 94dc387b9dff 557.06kB / 56.29MB
2025-08-22T22:38:51.7362997Z #27 loading layer 94dc387b9dff 41.78MB / 56.29MB 2.1s
2025-08-22T22:38:52.6298188Z #27 loading layer 114a929b92b6 32.77kB / 42.80kB
2025-08-22T22:38:52.7126687Z #27 loading layer e6a3842ebc7f 29.77MB / 29.77MB 5.8s done
2025-08-22T22:38:52.7127474Z #27 loading layer 11a4ec4d004e 1.29MB / 1.29MB 4.9s done
2025-08-22T22:38:52.7128424Z #27 loading layer 07cd4433de32 12.11MB / 12.11MB 4.6s done
2025-08-22T22:38:52.7129125Z #27 loading layer e33228fe7708 251B / 251B 4.0s done
2025-08-22T22:38:52.7129657Z #27 loading layer 8be43455061b 93B / 93B 4.0s done
2025-08-22T22:38:52.7130234Z #27 loading layer ab0a92d895a5 19.48MB / 19.48MB 4.0s done
2025-08-22T22:38:52.7131141Z #27 loading layer 94dc387b9dff 56.29MB / 56.29MB 3.1s done
2025-08-22T22:38:52.7131703Z #27 loading layer 114a929b92b6 42.80kB / 42.80kB 0.1s done
2025-08-22T22:38:52.7132403Z #27 loading layer 5f70bf18a086 32B / 32B 0.0s done
2025-08-22T22:38:52.7132882Z #27 DONE 5.8s
2025-08-22T22:38:52.7133063Z 
2025-08-22T22:38:52.7133215Z #26 exporting to docker image format
2025-08-22T22:38:52.7133942Z #26 sending tarball 6.4s done
2025-08-22T22:38:52.7134520Z #26 DONE 11.8s
2025-08-22T22:38:52.8514791Z Post job cleanup.
2025-08-22T22:38:52.9828185Z [warning]Path Validation Error: Path(s) specified in the action for caching do(es) not exist, hence no cache is being saved.
2025-08-22T22:38:52.9916507Z Post job cleanup.
2025-08-22T22:38:53.2613857Z ##[group]Removing builder
2025-08-22T22:38:53.3764963Z [command]/usr/bin/docker buildx rm builder-3100ff0d-a12a-4c98-9737-7a2aca401e83
2025-08-22T22:38:54.3984973Z builder-3100ff0d-a12a-4c98-9737-7a2aca401e83 removed
2025-08-22T22:38:54.4046726Z ##[endgroup]
2025-08-22T22:38:54.4048150Z ##[group]Cleaning up certificates
2025-08-22T22:38:54.4054951Z ##[endgroup]
2025-08-22T22:38:54.4055661Z ##[group]Post cache
2025-08-22T22:38:54.4058170Z State not set
2025-08-22T22:38:54.4058728Z ##[endgroup]
2025-08-22T22:38:54.4189571Z Post job cleanup.
2025-08-22T22:38:54.4946111Z [command]/usr/bin/git version
2025-08-22T22:38:54.4980888Z git version 2.51.0
2025-08-22T22:38:54.5022729Z Temporarily overriding HOME='/home/runner/work/_temp/6f3ef8d3-50f3-4953-ad71-7224da66ce85' before making global git config changes
2025-08-22T22:38:54.5023868Z Adding repository directory to the temporary git global config as a safe directory
2025-08-22T22:38:54.5026272Z [command]/usr/bin/git config --global --add safe.directory /home/runner/work/AWA-App/AWA-App
2025-08-22T22:38:54.5060901Z [command]/usr/bin/git config --local --name-only --get-regexp core\.sshCommand
2025-08-22T22:38:54.5091967Z [command]/usr/bin/git submodule foreach --recursive sh -c "git config --local --name-only --get-regexp 'core\.sshCommand' && git config --local --unset-all 'core.sshCommand' || :"
2025-08-22T22:38:54.5313087Z [command]/usr/bin/git config --local --name-only --get-regexp http\.https\:\/\/github\.com\/\.extraheader
2025-08-22T22:38:54.5334873Z http.https://github.com/.extraheader
2025-08-22T22:38:54.5343957Z [command]/usr/bin/git config --local --unset-all http.https://github.com/.extraheader
2025-08-22T22:38:54.5374194Z [command]/usr/bin/git submodule foreach --recursive sh -c "git config --local --name-only --get-regexp 'http\.https\:\/\/github\.com\/\.extraheader' && git config --local --unset-all 'http.https://github.com/.extraheader' || :"
2025-08-22T22:38:54.5698281Z Cleaning up orphan processes
