2025-08-21T12:26:33.8430306Z Current runner version: '2.328.0'
2025-08-21T12:26:33.8453762Z ##[group]Runner Image Provisioner
2025-08-21T12:26:33.8454761Z Hosted Compute Agent
2025-08-21T12:26:33.8455373Z Version: 20250818.377
2025-08-21T12:26:33.8455960Z Commit: 3c593e9f75fe0b87e893bca80d6e12ba089c61fc
2025-08-21T12:26:33.8456646Z Build Date: 2025-08-18T14:52:18Z
2025-08-21T12:26:33.8457180Z ##[endgroup]
2025-08-21T12:26:33.8457803Z ##[group]Operating System
2025-08-21T12:26:33.8458335Z Ubuntu
2025-08-21T12:26:33.8458801Z 24.04.2
2025-08-21T12:26:33.8459292Z LTS
2025-08-21T12:26:33.8459745Z ##[endgroup]
2025-08-21T12:26:33.8460188Z ##[group]Runner Image
2025-08-21T12:26:33.8460814Z Image: ubuntu-24.04
2025-08-21T12:26:33.8461319Z Version: 20250818.1.0
2025-08-21T12:26:33.8462263Z Included Software: https://github.com/actions/runner-images/blob/ubuntu24/20250818.1/images/ubuntu/Ubuntu2404-Readme.md
2025-08-21T12:26:33.8463823Z Image Release: https://github.com/actions/runner-images/releases/tag/ubuntu24%2F20250818.1
2025-08-21T12:26:33.8464851Z ##[endgroup]
2025-08-21T12:26:33.8467397Z ##[group]GITHUB_TOKEN Permissions
2025-08-21T12:26:33.8469547Z Actions: write
2025-08-21T12:26:33.8470122Z Attestations: write
2025-08-21T12:26:33.8470651Z Checks: write
2025-08-21T12:26:33.8471130Z Contents: write
2025-08-21T12:26:33.8471640Z Deployments: write
2025-08-21T12:26:33.8472165Z Discussions: write
2025-08-21T12:26:33.8472654Z Issues: write
2025-08-21T12:26:33.8473166Z Metadata: read
2025-08-21T12:26:33.8473624Z Models: read
2025-08-21T12:26:33.8474436Z Packages: write
2025-08-21T12:26:33.8474934Z Pages: write
2025-08-21T12:26:33.8475579Z PullRequests: write
2025-08-21T12:26:33.8476099Z RepositoryProjects: write
2025-08-21T12:26:33.8476638Z SecurityEvents: write
2025-08-21T12:26:33.8477331Z Statuses: write
2025-08-21T12:26:33.8477784Z ##[endgroup]
2025-08-21T12:26:33.8479804Z Secret source: Actions
2025-08-21T12:26:33.8480569Z Prepare workflow directory
2025-08-21T12:26:33.8798186Z Prepare all required actions
2025-08-21T12:26:33.8835517Z Getting action download info
2025-08-21T12:26:34.3752608Z Download action repository 'actions/checkout@v5' (SHA:08c6903cd8c0fde910a37f88322edcfb5dd907a8)
2025-08-21T12:26:34.4461923Z Download action repository 'docker/setup-buildx-action@v3' (SHA:e468171a9de216ec08956ac3ada2f0791b6bd435)
2025-08-21T12:26:35.1288106Z Download action repository 'actions/cache@v4' (SHA:0400d5f644dc74513175e3cd8d07132dd4860809)
2025-08-21T12:26:35.3095795Z Complete job name: container-build
2025-08-21T12:26:35.3756095Z ##[group]Run actions/checkout@v5
2025-08-21T12:26:35.3756888Z with:
2025-08-21T12:26:35.3757292Z   repository: AlexBomber12/AWA-App
2025-08-21T12:26:35.3757925Z   token: ***
2025-08-21T12:26:35.3758299Z   ssh-strict: true
2025-08-21T12:26:35.3758683Z   ssh-user: git
2025-08-21T12:26:35.3759088Z   persist-credentials: true
2025-08-21T12:26:35.3759521Z   clean: true
2025-08-21T12:26:35.3759923Z   sparse-checkout-cone-mode: true
2025-08-21T12:26:35.3760391Z   fetch-depth: 1
2025-08-21T12:26:35.3760774Z   fetch-tags: false
2025-08-21T12:26:35.3761182Z   show-progress: true
2025-08-21T12:26:35.3761586Z   lfs: false
2025-08-21T12:26:35.3761946Z   submodules: false
2025-08-21T12:26:35.3762358Z   set-safe-directory: true
2025-08-21T12:26:35.3762990Z ##[endgroup]
2025-08-21T12:26:35.4654357Z Syncing repository: AlexBomber12/AWA-App
2025-08-21T12:26:35.4656128Z ##[group]Getting Git version info
2025-08-21T12:26:35.4656849Z Working directory is '/home/runner/work/AWA-App/AWA-App'
2025-08-21T12:26:35.4657815Z [command]/usr/bin/git version
2025-08-21T12:26:35.4681711Z git version 2.51.0
2025-08-21T12:26:35.4703372Z ##[endgroup]
2025-08-21T12:26:35.4719964Z Temporarily overriding HOME='/home/runner/work/_temp/988ea919-c1d1-4e0a-8020-d2aa5dc7377d' before making global git config changes
2025-08-21T12:26:35.4722286Z Adding repository directory to the temporary git global config as a safe directory
2025-08-21T12:26:35.4726049Z [command]/usr/bin/git config --global --add safe.directory /home/runner/work/AWA-App/AWA-App
2025-08-21T12:26:35.4761161Z Deleting the contents of '/home/runner/work/AWA-App/AWA-App'
2025-08-21T12:26:35.4765157Z ##[group]Initializing the repository
2025-08-21T12:26:35.4769616Z [command]/usr/bin/git init /home/runner/work/AWA-App/AWA-App
2025-08-21T12:26:35.4843474Z hint: Using 'master' as the name for the initial branch. This default branch name
2025-08-21T12:26:35.4845135Z hint: is subject to change. To configure the initial branch name to use in all
2025-08-21T12:26:35.4846542Z hint: of your new repositories, which will suppress this warning, call:
2025-08-21T12:26:35.4847215Z hint:
2025-08-21T12:26:35.4847940Z hint: 	git config --global init.defaultBranch <name>
2025-08-21T12:26:35.4848980Z hint:
2025-08-21T12:26:35.4849961Z hint: Names commonly chosen instead of 'master' are 'main', 'trunk' and
2025-08-21T12:26:35.4851588Z hint: 'development'. The just-created branch can be renamed via this command:
2025-08-21T12:26:35.4852880Z hint:
2025-08-21T12:26:35.4853566Z hint: 	git branch -m <name>
2025-08-21T12:26:35.4854516Z hint:
2025-08-21T12:26:35.4855537Z hint: Disable this message with "git config set advice.defaultBranchName false"
2025-08-21T12:26:35.4857259Z Initialized empty Git repository in /home/runner/work/AWA-App/AWA-App/.git/
2025-08-21T12:26:35.4860031Z [command]/usr/bin/git remote add origin https://github.com/AlexBomber12/AWA-App
2025-08-21T12:26:35.4891349Z ##[endgroup]
2025-08-21T12:26:35.4892517Z ##[group]Disabling automatic garbage collection
2025-08-21T12:26:35.4895838Z [command]/usr/bin/git config --local gc.auto 0
2025-08-21T12:26:35.4923465Z ##[endgroup]
2025-08-21T12:26:35.4924878Z ##[group]Setting up auth
2025-08-21T12:26:35.4930501Z [command]/usr/bin/git config --local --name-only --get-regexp core\.sshCommand
2025-08-21T12:26:35.4960840Z [command]/usr/bin/git submodule foreach --recursive sh -c "git config --local --name-only --get-regexp 'core\.sshCommand' && git config --local --unset-all 'core.sshCommand' || :"
2025-08-21T12:26:35.5230802Z [command]/usr/bin/git config --local --name-only --get-regexp http\.https\:\/\/github\.com\/\.extraheader
2025-08-21T12:26:35.5262146Z [command]/usr/bin/git submodule foreach --recursive sh -c "git config --local --name-only --get-regexp 'http\.https\:\/\/github\.com\/\.extraheader' && git config --local --unset-all 'http.https://github.com/.extraheader' || :"
2025-08-21T12:26:35.5481314Z [command]/usr/bin/git config --local http.https://github.com/.extraheader AUTHORIZATION: basic ***
2025-08-21T12:26:35.5518073Z ##[endgroup]
2025-08-21T12:26:35.5519350Z ##[group]Fetching the repository
2025-08-21T12:26:35.5527342Z [command]/usr/bin/git -c protocol.version=2 fetch --no-tags --prune --no-recurse-submodules --depth=1 origin +93358a0048700600171f4d16062335db0bbdf0af:refs/remotes/origin/main
2025-08-21T12:26:36.0400539Z From https://github.com/AlexBomber12/AWA-App
2025-08-21T12:26:36.0401511Z  * [new ref]         93358a0048700600171f4d16062335db0bbdf0af -> origin/main
2025-08-21T12:26:36.0429634Z ##[endgroup]
2025-08-21T12:26:36.0430977Z ##[group]Determining the checkout info
2025-08-21T12:26:36.0432715Z ##[endgroup]
2025-08-21T12:26:36.0438148Z [command]/usr/bin/git sparse-checkout disable
2025-08-21T12:26:36.0477841Z [command]/usr/bin/git config --local --unset-all extensions.worktreeConfig
2025-08-21T12:26:36.0504310Z ##[group]Checking out the ref
2025-08-21T12:26:36.0508453Z [command]/usr/bin/git checkout --progress --force -B main refs/remotes/origin/main
2025-08-21T12:26:36.0845016Z Switched to a new branch 'main'
2025-08-21T12:26:36.0846260Z branch 'main' set up to track 'origin/main'.
2025-08-21T12:26:36.0855756Z ##[endgroup]
2025-08-21T12:26:36.0894775Z [command]/usr/bin/git log -1 --format=%H
2025-08-21T12:26:36.0917570Z 93358a0048700600171f4d16062335db0bbdf0af
2025-08-21T12:26:36.1161006Z ##[group]Run docker/setup-buildx-action@v3
2025-08-21T12:26:36.1161633Z with:
2025-08-21T12:26:36.1162030Z   driver: docker-container
2025-08-21T12:26:36.1162491Z   install: false
2025-08-21T12:26:36.1162887Z   use: true
2025-08-21T12:26:36.1163264Z   keep-state: false
2025-08-21T12:26:36.1163892Z   cache-binary: true
2025-08-21T12:26:36.1164632Z   cleanup: true
2025-08-21T12:26:36.1165027Z ##[endgroup]
2025-08-21T12:26:36.4111378Z ##[group]Docker info
2025-08-21T12:26:36.4134736Z [command]/usr/bin/docker version
2025-08-21T12:26:36.5399496Z Client: Docker Engine - Community
2025-08-21T12:26:36.5402208Z  Version:           28.0.4
2025-08-21T12:26:36.5403181Z  API version:       1.48
2025-08-21T12:26:36.5403820Z  Go version:        go1.23.7
2025-08-21T12:26:36.5404881Z  Git commit:        b8034c0
2025-08-21T12:26:36.5405599Z  Built:             Tue Mar 25 15:07:16 2025
2025-08-21T12:26:36.5406342Z  OS/Arch:           linux/amd64
2025-08-21T12:26:36.5407091Z  Context:           default
2025-08-21T12:26:36.5407487Z 
2025-08-21T12:26:36.5407757Z Server: Docker Engine - Community
2025-08-21T12:26:36.5408422Z  Engine:
2025-08-21T12:26:36.5408930Z   Version:          28.0.4
2025-08-21T12:26:36.5409853Z   API version:      1.48 (minimum version 1.24)
2025-08-21T12:26:36.5410725Z   Go version:       go1.23.7
2025-08-21T12:26:36.5411441Z   Git commit:       6430e49
2025-08-21T12:26:36.5412191Z   Built:            Tue Mar 25 15:07:16 2025
2025-08-21T12:26:36.5413041Z   OS/Arch:          linux/amd64
2025-08-21T12:26:36.5413795Z   Experimental:     false
2025-08-21T12:26:36.5414840Z  containerd:
2025-08-21T12:26:36.5415454Z   Version:          1.7.27
2025-08-21T12:26:36.5416298Z   GitCommit:        05044ec0a9a75232cad458027ca83437aae3f4da
2025-08-21T12:26:36.5417296Z  runc:
2025-08-21T12:26:36.5417871Z   Version:          1.2.5
2025-08-21T12:26:36.5418600Z   GitCommit:        v1.2.5-0-g59923ef
2025-08-21T12:26:36.5419434Z  docker-init:
2025-08-21T12:26:36.5420046Z   Version:          0.19.0
2025-08-21T12:26:36.5420911Z   GitCommit:        de40ad0
2025-08-21T12:26:36.5448331Z [command]/usr/bin/docker info
2025-08-21T12:26:36.8245323Z Client: Docker Engine - Community
2025-08-21T12:26:36.8246876Z  Version:    28.0.4
2025-08-21T12:26:36.8248067Z  Context:    default
2025-08-21T12:26:36.8249270Z  Debug Mode: false
2025-08-21T12:26:36.8250472Z  Plugins:
2025-08-21T12:26:36.8251646Z   buildx: Docker Buildx (Docker Inc.)
2025-08-21T12:26:36.8253109Z     Version:  v0.26.1
2025-08-21T12:26:36.8255099Z     Path:     /usr/libexec/docker/cli-plugins/docker-buildx
2025-08-21T12:26:36.8257008Z   compose: Docker Compose (Docker Inc.)
2025-08-21T12:26:36.8258603Z     Version:  v2.38.2
2025-08-21T12:26:36.8260112Z     Path:     /usr/libexec/docker/cli-plugins/docker-compose
2025-08-21T12:26:36.8261246Z 
2025-08-21T12:26:36.8261609Z Server:
2025-08-21T12:26:36.8262384Z  Containers: 0
2025-08-21T12:26:36.8263191Z   Running: 0
2025-08-21T12:26:36.8264175Z   Paused: 0
2025-08-21T12:26:36.8265026Z   Stopped: 0
2025-08-21T12:26:36.8265931Z  Images: 0
2025-08-21T12:26:36.8267005Z  Server Version: 28.0.4
2025-08-21T12:26:36.8267953Z  Storage Driver: overlay2
2025-08-21T12:26:36.8268899Z   Backing Filesystem: extfs
2025-08-21T12:26:36.8269874Z   Supports d_type: true
2025-08-21T12:26:36.8270777Z   Using metacopy: false
2025-08-21T12:26:36.8271859Z   Native Overlay Diff: false
2025-08-21T12:26:36.8272949Z   userxattr: false
2025-08-21T12:26:36.8273791Z  Logging Driver: json-file
2025-08-21T12:26:36.8275495Z  Cgroup Driver: systemd
2025-08-21T12:26:36.8276590Z  Cgroup Version: 2
2025-08-21T12:26:36.8277477Z  Plugins:
2025-08-21T12:26:36.8278335Z   Volume: local
2025-08-21T12:26:36.8279452Z   Network: bridge host ipvlan macvlan null overlay
2025-08-21T12:26:36.8281104Z   Log: awslogs fluentd gcplogs gelf journald json-file local splunk syslog
2025-08-21T12:26:36.8282737Z  Swarm: inactive
2025-08-21T12:26:36.8284251Z  Runtimes: io.containerd.runc.v2 runc
2025-08-21T12:26:36.8285662Z  Default Runtime: runc
2025-08-21T12:26:36.8286953Z  Init Binary: docker-init
2025-08-21T12:26:36.8288301Z  containerd version: 05044ec0a9a75232cad458027ca83437aae3f4da
2025-08-21T12:26:36.8289955Z  runc version: v1.2.5-0-g59923ef
2025-08-21T12:26:36.8291060Z  init version: de40ad0
2025-08-21T12:26:36.8292006Z  Security Options:
2025-08-21T12:26:36.8293014Z   apparmor
2025-08-21T12:26:36.8293982Z   seccomp
2025-08-21T12:26:36.8295301Z    Profile: builtin
2025-08-21T12:26:36.8296297Z   cgroupns
2025-08-21T12:26:36.8297146Z  Kernel Version: 6.11.0-1018-azure
2025-08-21T12:26:36.8298288Z  Operating System: Ubuntu 24.04.2 LTS
2025-08-21T12:26:36.8299570Z  OSType: linux
2025-08-21T12:26:36.8300450Z  Architecture: x86_64
2025-08-21T12:26:36.8301360Z  CPUs: 4
2025-08-21T12:26:36.8302164Z  Total Memory: 15.62GiB
2025-08-21T12:26:36.8303127Z  Name: pkrvmqc4gcfdwos
2025-08-21T12:26:36.8304391Z  ID: 1c1cbb44-b30d-44d5-842a-37462128d90e
2025-08-21T12:26:36.8305601Z  Docker Root Dir: /var/lib/docker
2025-08-21T12:26:36.8306671Z  Debug Mode: false
2025-08-21T12:26:36.8307566Z  Username: githubactions
2025-08-21T12:26:36.8308526Z  Experimental: false
2025-08-21T12:26:36.8309429Z  Insecure Registries:
2025-08-21T12:26:36.8313630Z   ::1/128
2025-08-21T12:26:36.8314583Z   127.0.0.0/8
2025-08-21T12:26:36.8315419Z  Live Restore Enabled: false
2025-08-21T12:26:36.8316100Z 
2025-08-21T12:26:36.8317387Z ##[endgroup]
2025-08-21T12:26:36.8950475Z ##[group]Buildx version
2025-08-21T12:26:36.8973697Z [command]/usr/bin/docker buildx version
2025-08-21T12:26:36.9517231Z github.com/docker/buildx v0.26.1 1a8287f22cf5a38339a4c1bf432b803c5f8b2aae
2025-08-21T12:26:36.9549590Z ##[endgroup]
2025-08-21T12:26:36.9702782Z ##[group]Inspecting default docker context
2025-08-21T12:26:36.9840749Z [
2025-08-21T12:26:36.9841596Z   {
2025-08-21T12:26:36.9842345Z     "Name": "default",
2025-08-21T12:26:36.9843404Z     "Metadata": {},
2025-08-21T12:26:36.9844527Z     "Endpoints": {
2025-08-21T12:26:36.9845378Z       "docker": {
2025-08-21T12:26:36.9846283Z         "Host": "unix:///var/run/docker.sock",
2025-08-21T12:26:36.9847676Z         "SkipTLSVerify": false
2025-08-21T12:26:36.9848648Z       }
2025-08-21T12:26:36.9849341Z     },
2025-08-21T12:26:36.9850183Z     "TLSMaterial": {},
2025-08-21T12:26:36.9851059Z     "Storage": {
2025-08-21T12:26:36.9851916Z       "MetadataPath": "<IN MEMORY>",
2025-08-21T12:26:36.9853143Z       "TLSPath": "<IN MEMORY>"
2025-08-21T12:26:36.9854306Z     }
2025-08-21T12:26:36.9855004Z   }
2025-08-21T12:26:36.9855675Z ]
2025-08-21T12:26:36.9857450Z ##[endgroup]
2025-08-21T12:26:36.9858968Z ##[group]Creating a new builder instance
2025-08-21T12:26:37.1145890Z [command]/usr/bin/docker buildx create --name builder-0c2f3738-ea31-420d-908c-f59a8329c10e --driver docker-container --buildkitd-flags --allow-insecure-entitlement security.insecure --allow-insecure-entitlement network.host --use
2025-08-21T12:26:37.1687186Z builder-0c2f3738-ea31-420d-908c-f59a8329c10e
2025-08-21T12:26:37.1721271Z ##[endgroup]
2025-08-21T12:26:37.1722700Z ##[group]Booting builder
2025-08-21T12:26:37.1756651Z [command]/usr/bin/docker buildx inspect --bootstrap --builder builder-0c2f3738-ea31-420d-908c-f59a8329c10e
2025-08-21T12:26:37.2303695Z #1 [internal] booting buildkit
2025-08-21T12:26:37.3809290Z #1 pulling image moby/buildkit:buildx-stable-1
2025-08-21T12:26:41.0677493Z #1 pulling image moby/buildkit:buildx-stable-1 3.8s done
2025-08-21T12:26:41.2177396Z #1 creating container buildx_buildkit_builder-0c2f3738-ea31-420d-908c-f59a8329c10e0
2025-08-21T12:26:41.4880783Z #1 creating container buildx_buildkit_builder-0c2f3738-ea31-420d-908c-f59a8329c10e0 0.4s done
2025-08-21T12:26:41.4901449Z #1 DONE 4.3s
2025-08-21T12:26:41.5216924Z Name:          builder-0c2f3738-ea31-420d-908c-f59a8329c10e
2025-08-21T12:26:41.5217810Z Driver:        docker-container
2025-08-21T12:26:41.5220153Z Last Activity: 2025-08-21 12:26:37 +0000 UTC
2025-08-21T12:26:41.5220503Z 
2025-08-21T12:26:41.5220613Z Nodes:
2025-08-21T12:26:41.5220984Z Name:                  builder-0c2f3738-ea31-420d-908c-f59a8329c10e0
2025-08-21T12:26:41.5222126Z Endpoint:              unix:///var/run/docker.sock
2025-08-21T12:26:41.5222595Z Status:                running
2025-08-21T12:26:41.5223528Z BuildKit daemon flags: --allow-insecure-entitlement security.insecure --allow-insecure-entitlement network.host
2025-08-21T12:26:41.5224594Z BuildKit version:      v0.23.2
2025-08-21T12:26:41.5225433Z Platforms:             linux/amd64, linux/amd64/v2, linux/amd64/v3, linux/386
2025-08-21T12:26:41.5225964Z Labels:
2025-08-21T12:26:41.5226345Z  org.mobyproject.buildkit.worker.executor:         oci
2025-08-21T12:26:41.5227011Z  org.mobyproject.buildkit.worker.hostname:         57521d9e8c7d
2025-08-21T12:26:41.5227650Z  org.mobyproject.buildkit.worker.network:          host
2025-08-21T12:26:41.5228278Z  org.mobyproject.buildkit.worker.oci.process-mode: sandbox
2025-08-21T12:26:41.5228928Z  org.mobyproject.buildkit.worker.selinux.enabled:  false
2025-08-21T12:26:41.5229560Z  org.mobyproject.buildkit.worker.snapshotter:      overlayfs
2025-08-21T12:26:41.5230059Z GC Policy rule#0:
2025-08-21T12:26:41.5230357Z  All:            false
2025-08-21T12:26:41.5230865Z  Filters:        type==source.local,type==exec.cachemount,type==source.git.checkout
2025-08-21T12:26:41.5231470Z  Keep Duration:  48h0m0s
2025-08-21T12:26:41.5231797Z  Max Used Space: 488.3MiB
2025-08-21T12:26:41.5232117Z GC Policy rule#1:
2025-08-21T12:26:41.5232444Z  All:            false
2025-08-21T12:26:41.5232825Z  Keep Duration:  1440h0m0s
2025-08-21T12:26:41.5233169Z  Reserved Space: 7.451GiB
2025-08-21T12:26:41.5233532Z  Max Used Space: 54.02GiB
2025-08-21T12:26:41.5233858Z  Min Free Space: 13.97GiB
2025-08-21T12:26:41.5234358Z GC Policy rule#2:
2025-08-21T12:26:41.5234647Z  All:            false
2025-08-21T12:26:41.5234953Z  Reserved Space: 7.451GiB
2025-08-21T12:26:41.5235284Z  Max Used Space: 54.02GiB
2025-08-21T12:26:41.5235608Z  Min Free Space: 13.97GiB
2025-08-21T12:26:41.5235927Z GC Policy rule#3:
2025-08-21T12:26:41.5236218Z  All:            true
2025-08-21T12:26:41.5338005Z  Reserved Space: 7.451GiB
2025-08-21T12:26:41.5338717Z  Max Used Space: 54.02GiB
2025-08-21T12:26:41.5339112Z  Min Free Space: 13.97GiB
2025-08-21T12:26:41.5340988Z ##[endgroup]
2025-08-21T12:26:41.6134977Z ##[group]Inspect builder
2025-08-21T12:26:41.6137336Z {
2025-08-21T12:26:41.6137691Z   "nodes": [
2025-08-21T12:26:41.6137974Z     {
2025-08-21T12:26:41.6138480Z       "name": "builder-0c2f3738-ea31-420d-908c-f59a8329c10e0",
2025-08-21T12:26:41.6139075Z       "endpoint": "unix:///var/run/docker.sock",
2025-08-21T12:26:41.6139549Z       "status": "running",
2025-08-21T12:26:41.6140467Z       "buildkitd-flags": "--allow-insecure-entitlement security.insecure --allow-insecure-entitlement network.host",
2025-08-21T12:26:41.6141386Z       "buildkit": "v0.23.2",
2025-08-21T12:26:41.6141956Z       "platforms": "linux/amd64,linux/amd64/v2,linux/amd64/v3,linux/386",
2025-08-21T12:26:41.6142577Z       "features": {
2025-08-21T12:26:41.6143088Z         "Automatically load images to the Docker Engine image store": true,
2025-08-21T12:26:41.6143736Z         "Cache export": true,
2025-08-21T12:26:41.6144364Z         "Direct push": true,
2025-08-21T12:26:41.6144786Z         "Docker exporter": true,
2025-08-21T12:26:41.6145222Z         "Multi-platform build": true,
2025-08-21T12:26:41.6145651Z         "OCI exporter": true
2025-08-21T12:26:41.6146016Z       },
2025-08-21T12:26:41.6146373Z       "labels": {
2025-08-21T12:26:41.6146782Z         "org.mobyproject.buildkit.worker.executor": "oci",
2025-08-21T12:26:41.6147419Z         "org.mobyproject.buildkit.worker.hostname": "57521d9e8c7d",
2025-08-21T12:26:41.6147975Z         "org.mobyproject.buildkit.worker.network": "host",
2025-08-21T12:26:41.6148571Z         "org.mobyproject.buildkit.worker.oci.process-mode": "sandbox",
2025-08-21T12:26:41.6149202Z         "org.mobyproject.buildkit.worker.selinux.enabled": "false",
2025-08-21T12:26:41.6149847Z         "org.mobyproject.buildkit.worker.snapshotter": "overlayfs"
2025-08-21T12:26:41.6150477Z       },
2025-08-21T12:26:41.6150737Z       "gcPolicy": [
2025-08-21T12:26:41.6151303Z         {
2025-08-21T12:26:41.6151586Z           "all": false,
2025-08-21T12:26:41.6151885Z           "filter": [
2025-08-21T12:26:41.6152184Z             "type==source.local",
2025-08-21T12:26:41.6152529Z             "type==exec.cachemount",
2025-08-21T12:26:41.6152903Z             "type==source.git.checkout"
2025-08-21T12:26:41.6153464Z           ],
2025-08-21T12:26:41.6153719Z           "keepDuration": "48h0m0s",
2025-08-21T12:26:41.6154276Z           "maxUsedSpace": "488.3MiB"
2025-08-21T12:26:41.6154640Z         },
2025-08-21T12:26:41.6154904Z         {
2025-08-21T12:26:41.6155205Z           "all": false,
2025-08-21T12:26:41.6155553Z           "keepDuration": "1440h0m0s",
2025-08-21T12:26:41.6155939Z           "reservedSpace": "7.451GiB",
2025-08-21T12:26:41.6156325Z           "maxUsedSpace": "54.02GiB",
2025-08-21T12:26:41.6156710Z           "minFreeSpace": "13.97GiB"
2025-08-21T12:26:41.6157063Z         },
2025-08-21T12:26:41.6157310Z         {
2025-08-21T12:26:41.6157595Z           "all": false,
2025-08-21T12:26:41.6157918Z           "reservedSpace": "7.451GiB",
2025-08-21T12:26:41.6158303Z           "maxUsedSpace": "54.02GiB",
2025-08-21T12:26:41.6158690Z           "minFreeSpace": "13.97GiB"
2025-08-21T12:26:41.6159038Z         },
2025-08-21T12:26:41.6159302Z         {
2025-08-21T12:26:41.6159561Z           "all": true,
2025-08-21T12:26:41.6159888Z           "reservedSpace": "7.451GiB",
2025-08-21T12:26:41.6160273Z           "maxUsedSpace": "54.02GiB",
2025-08-21T12:26:41.6160669Z           "minFreeSpace": "13.97GiB"
2025-08-21T12:26:41.6161017Z         }
2025-08-21T12:26:41.6161270Z       ]
2025-08-21T12:26:41.6161516Z     }
2025-08-21T12:26:41.6161752Z   ],
2025-08-21T12:26:41.6162105Z   "name": "builder-0c2f3738-ea31-420d-908c-f59a8329c10e",
2025-08-21T12:26:41.6162575Z   "driver": "docker-container",
2025-08-21T12:26:41.6162969Z   "lastActivity": "2025-08-21T12:26:37.000Z"
2025-08-21T12:26:41.6163346Z }
2025-08-21T12:26:41.6163877Z ##[endgroup]
2025-08-21T12:26:41.6164561Z ##[group]BuildKit version
2025-08-21T12:26:41.6164980Z builder-0c2f3738-ea31-420d-908c-f59a8329c10e0: v0.23.2
2025-08-21T12:26:41.6165636Z ##[endgroup]
2025-08-21T12:26:41.7586676Z ##[group]Run actions/cache@v4
2025-08-21T12:26:41.7586946Z with:
2025-08-21T12:26:41.7587131Z   path: ~/.cache/pip
2025-08-21T12:26:41.7587484Z   key: Linux-pip-b7d99bf2e951879a1e84cb70d80e48a0c895c705f1f8dac0e7da465a15c113a6
2025-08-21T12:26:41.7587912Z   enableCrossOsArchive: false
2025-08-21T12:26:41.7588144Z   fail-on-cache-miss: false
2025-08-21T12:26:41.7588351Z   lookup-only: false
2025-08-21T12:26:41.7588544Z   save-always: false
2025-08-21T12:26:41.7588728Z ##[endgroup]
2025-08-21T12:26:42.1925275Z Cache not found for input keys: Linux-pip-b7d99bf2e951879a1e84cb70d80e48a0c895c705f1f8dac0e7da465a15c113a6
2025-08-21T12:26:42.2009330Z ##[group]Run docker buildx build \
2025-08-21T12:26:42.2009672Z [36;1mdocker buildx build \[0m
2025-08-21T12:26:42.2010118Z [36;1m  --tag ghcr.io/alexbomber12/awa-app/api:93358a0048700600171f4d16062335db0bbdf0af \[0m
2025-08-21T12:26:42.2010606Z [36;1m  --build-arg TZ_CACHE_BUST=93358a0048700600171f4d16062335db0bbdf0af \[0m
2025-08-21T12:26:42.2010962Z [36;1m  --file services/api/Dockerfile \[0m
2025-08-21T12:26:42.2011201Z [36;1m  --load .[0m
2025-08-21T12:26:42.2085866Z shell: /usr/bin/bash -e {0}
2025-08-21T12:26:42.2086136Z ##[endgroup]
2025-08-21T12:26:42.4894194Z #0 building with "builder-0c2f3738-ea31-420d-908c-f59a8329c10e" instance using docker-container driver
2025-08-21T12:26:42.4894909Z 
2025-08-21T12:26:42.4895099Z #1 [internal] load build definition from Dockerfile
2025-08-21T12:26:42.4895576Z #1 transferring dockerfile: 1.48kB done
2025-08-21T12:26:42.4895953Z #1 DONE 0.0s
2025-08-21T12:26:42.4896116Z 
2025-08-21T12:26:42.4896563Z #2 resolve image config for docker-image://docker.io/docker/dockerfile:1.6
2025-08-21T12:26:42.7220736Z #2 ...
2025-08-21T12:26:42.7223089Z 
2025-08-21T12:26:42.7223557Z #3 [auth] docker/dockerfile:pull token for registry-1.docker.io
2025-08-21T12:26:42.7224495Z #3 DONE 0.0s
2025-08-21T12:26:42.8693590Z 
2025-08-21T12:26:42.8694367Z #2 resolve image config for docker-image://docker.io/docker/dockerfile:1.6
2025-08-21T12:26:43.3189943Z #2 DONE 1.0s
2025-08-21T12:26:43.4801992Z 
2025-08-21T12:26:43.4802919Z #4 docker-image://docker.io/docker/dockerfile:1.6@sha256:ac85f380a63b13dfcefa89046420e1781752bab202122f8f50032edf31be0021
2025-08-21T12:26:43.4804514Z #4 resolve docker.io/docker/dockerfile:1.6@sha256:ac85f380a63b13dfcefa89046420e1781752bab202122f8f50032edf31be0021 done
2025-08-21T12:26:43.4832232Z #4 sha256:9d9c93f4b00be908ab694a4df732570bced3b8a96b7515d70ff93402179ad232 9.44MB / 11.80MB 0.2s
2025-08-21T12:26:43.5893931Z #4 sha256:9d9c93f4b00be908ab694a4df732570bced3b8a96b7515d70ff93402179ad232 11.80MB / 11.80MB 0.2s done
2025-08-21T12:26:43.5895329Z #4 extracting sha256:9d9c93f4b00be908ab694a4df732570bced3b8a96b7515d70ff93402179ad232 0.1s done
2025-08-21T12:26:43.5895868Z #4 DONE 0.3s
2025-08-21T12:26:43.7246912Z 
2025-08-21T12:26:43.7247286Z #5 [auth] library/python:pull token for registry-1.docker.io
2025-08-21T12:26:43.8752611Z #5 DONE 0.0s
2025-08-21T12:26:43.8752878Z 
2025-08-21T12:26:43.8753235Z #6 [internal] load metadata for docker.io/library/python:3.12-slim
2025-08-21T12:26:44.2543169Z #6 DONE 0.6s
2025-08-21T12:26:44.4448770Z 
2025-08-21T12:26:44.4449463Z #7 [internal] load .dockerignore
2025-08-21T12:26:44.4450054Z #7 transferring context: 265B done
2025-08-21T12:26:44.4450566Z #7 DONE 0.0s
2025-08-21T12:26:44.4450780Z 
2025-08-21T12:26:44.4450944Z #8 [internal] load build context
2025-08-21T12:26:44.4451479Z #8 transferring context: 160.83kB 0.0s done
2025-08-21T12:26:44.4452020Z #8 DONE 0.0s
2025-08-21T12:26:44.4452241Z 
2025-08-21T12:26:44.4452871Z #9 [base  1/13] FROM docker.io/library/python:3.12-slim@sha256:d67a7b66b989ad6b6d6b10d428dcc5e0bfc3e5f88906e67d490c4d3daac57047
2025-08-21T12:26:44.4454201Z #9 resolve docker.io/library/python:3.12-slim@sha256:d67a7b66b989ad6b6d6b10d428dcc5e0bfc3e5f88906e67d490c4d3daac57047 done
2025-08-21T12:26:44.4455224Z #9 sha256:d76206d463c08ba2a3f7bbab2de2a933ad73f33ab4ab813eafe50c9dff9edc12 251B / 251B 0.1s done
2025-08-21T12:26:44.5909372Z #9 sha256:e5c05dcf47fbdb2f18dc242ad1b7f48fbd3813c0027ffcfb8e81e4aa7e0965f4 12.11MB / 12.11MB 0.2s done
2025-08-21T12:26:44.5910378Z #9 sha256:5d587318e932a89b94608393c99dd30ee5092a6991c1656f717bd4f4e13d60df 0B / 1.29MB 0.2s
2025-08-21T12:26:44.5911255Z #9 sha256:396b1da7636e2dcd10565cb4f2f952cbb4a8a38b58d3b86a2cacb172fb70117c 0B / 29.77MB 0.2s
2025-08-21T12:26:44.7997766Z #9 sha256:5d587318e932a89b94608393c99dd30ee5092a6991c1656f717bd4f4e13d60df 1.29MB / 1.29MB 0.3s done
2025-08-21T12:26:44.7999782Z #9 sha256:396b1da7636e2dcd10565cb4f2f952cbb4a8a38b58d3b86a2cacb172fb70117c 10.49MB / 29.77MB 0.5s
2025-08-21T12:26:44.9007693Z #9 sha256:396b1da7636e2dcd10565cb4f2f952cbb4a8a38b58d3b86a2cacb172fb70117c 29.77MB / 29.77MB 0.6s done
2025-08-21T12:26:45.0532707Z #9 extracting sha256:396b1da7636e2dcd10565cb4f2f952cbb4a8a38b58d3b86a2cacb172fb70117c
2025-08-21T12:26:45.5454721Z #9 extracting sha256:396b1da7636e2dcd10565cb4f2f952cbb4a8a38b58d3b86a2cacb172fb70117c 0.6s done
2025-08-21T12:26:45.5456535Z #9 DONE 1.2s
2025-08-21T12:26:45.7674850Z 
2025-08-21T12:26:45.7675671Z #9 [base  1/13] FROM docker.io/library/python:3.12-slim@sha256:d67a7b66b989ad6b6d6b10d428dcc5e0bfc3e5f88906e67d490c4d3daac57047
2025-08-21T12:26:45.7676969Z #9 extracting sha256:5d587318e932a89b94608393c99dd30ee5092a6991c1656f717bd4f4e13d60df 0.1s done
2025-08-21T12:26:45.7677951Z #9 extracting sha256:e5c05dcf47fbdb2f18dc242ad1b7f48fbd3813c0027ffcfb8e81e4aa7e0965f4
2025-08-21T12:26:45.9632727Z #9 extracting sha256:e5c05dcf47fbdb2f18dc242ad1b7f48fbd3813c0027ffcfb8e81e4aa7e0965f4 0.3s done
2025-08-21T12:26:45.9633673Z #9 DONE 1.7s
2025-08-21T12:26:46.0730787Z 
2025-08-21T12:26:46.0732347Z #9 [base  1/13] FROM docker.io/library/python:3.12-slim@sha256:d67a7b66b989ad6b6d6b10d428dcc5e0bfc3e5f88906e67d490c4d3daac57047
2025-08-21T12:26:46.0734657Z #9 extracting sha256:d76206d463c08ba2a3f7bbab2de2a933ad73f33ab4ab813eafe50c9dff9edc12 done
2025-08-21T12:26:46.0735690Z #9 DONE 1.7s
2025-08-21T12:26:46.0736067Z 
2025-08-21T12:26:46.0736422Z #10 [base  2/13] WORKDIR /app
2025-08-21T12:26:46.0736806Z #10 DONE 0.1s
2025-08-21T12:26:46.0736983Z 
2025-08-21T12:26:46.0737271Z #11 [base  3/13] COPY services/api/requirements.txt ./requirements.txt
2025-08-21T12:26:46.0738166Z #11 DONE 0.0s
2025-08-21T12:26:46.0738355Z 
2025-08-21T12:26:46.0739715Z #12 [stage-1 3/6] RUN set -eux;     if [ -f /etc/apt/sources.list ]; then         sed -i 's|http://deb.debian.org|https://deb.debian.org|g' /etc/apt/sources.list;     fi;     apt-get update;     apt-get install -y --no-install-recommends tzdata postgresql-client curl;     rm -rf /var/lib/apt/lists/*
2025-08-21T12:26:46.2101121Z #12 0.051 + [ -f /etc/apt/sources.list ]
2025-08-21T12:26:46.2101656Z #12 0.051 + apt-get update
2025-08-21T12:26:46.2102109Z #12 0.149 Hit:1 http://deb.debian.org/debian trixie InRelease
2025-08-21T12:26:46.2102761Z #12 0.149 Get:2 http://deb.debian.org/debian trixie-updates InRelease [47.1 kB]
2025-08-21T12:26:46.4279800Z #12 0.152 Get:3 http://deb.debian.org/debian-security trixie-security InRelease [43.4 kB]
2025-08-21T12:26:46.4280692Z #12 0.169 Get:4 http://deb.debian.org/debian trixie/main amd64 Packages [9668 kB]
2025-08-21T12:26:46.4281482Z #12 0.217 Get:5 http://deb.debian.org/debian trixie-updates/main amd64 Packages [2432 B]
2025-08-21T12:26:46.4282450Z #12 0.217 Get:6 http://deb.debian.org/debian-security trixie-security/main amd64 Packages [20.5 kB]
2025-08-21T12:26:46.9201268Z #12 0.860 Fetched 9781 kB in 1s (12.5 MB/s)
2025-08-21T12:26:47.4070187Z #12 0.860 Reading package lists...
2025-08-21T12:26:47.5142991Z #12 1.357 + apt-get install -y --no-install-recommends tzdata postgresql-client curl
2025-08-21T12:26:47.9249828Z #12 1.366 Reading package lists...
2025-08-21T12:26:48.0385811Z #12 1.849 Building dependency tree...
2025-08-21T12:26:48.1663867Z #12 1.978 Reading state information...
2025-08-21T12:26:48.2798157Z #12 2.112 tzdata is already the newest version (2025b-4).
2025-08-21T12:26:48.2798868Z #12 2.112 The following additional packages will be installed:
2025-08-21T12:26:48.2799603Z #12 2.112   libbrotli1 libcom-err2 libcurl4t64 libgdbm-compat4t64 libgnutls30t64
2025-08-21T12:26:48.2800495Z #12 2.112   libgssapi-krb5-2 libidn2-0 libk5crypto3 libkeyutils1 libkrb5-3
2025-08-21T12:26:48.2801391Z #12 2.112   libkrb5support0 libldap2 libnghttp2-14 libnghttp3-9 libp11-kit0 libperl5.40
2025-08-21T12:26:48.2802282Z #12 2.112   libpq5 libpsl5t64 librtmp1 libsasl2-2 libsasl2-modules-db libssh2-1t64
2025-08-21T12:26:48.2803119Z #12 2.112   libtasn1-6 libunistring5 perl perl-modules-5.40 postgresql-client-17
2025-08-21T12:26:48.2803824Z #12 2.112   postgresql-client-common sensible-utils
2025-08-21T12:26:48.2804538Z #12 2.113 Suggested packages:
2025-08-21T12:26:48.2805449Z #12 2.113   gnutls-bin krb5-doc krb5-user perl-doc libterm-readline-gnu-perl
2025-08-21T12:26:48.2806314Z #12 2.113   | libterm-readline-perl-perl make libtap-harness-archive-perl postgresql-17
2025-08-21T12:26:48.2806983Z #12 2.113   postgresql-doc-17
2025-08-21T12:26:48.2807361Z #12 2.113 Recommended packages:
2025-08-21T12:26:48.2807977Z #12 2.113   bash-completion krb5-locales libldap-common publicsuffix libsasl2-modules
2025-08-21T12:26:48.3845462Z #12 2.313 The following NEW packages will be installed:
2025-08-21T12:26:48.3847344Z #12 2.313   curl libbrotli1 libcom-err2 libcurl4t64 libgdbm-compat4t64 libgnutls30t64
2025-08-21T12:26:48.3848811Z #12 2.313   libgssapi-krb5-2 libidn2-0 libk5crypto3 libkeyutils1 libkrb5-3
2025-08-21T12:26:48.3849623Z #12 2.313   libkrb5support0 libldap2 libnghttp2-14 libnghttp3-9 libp11-kit0 libperl5.40
2025-08-21T12:26:48.3850458Z #12 2.314   libpq5 libpsl5t64 librtmp1 libsasl2-2 libsasl2-modules-db libssh2-1t64
2025-08-21T12:26:48.3851312Z #12 2.314   libtasn1-6 libunistring5 perl perl-modules-5.40 postgresql-client
2025-08-21T12:26:48.3851840Z #12 2.314   postgresql-client-17 postgresql-client-common sensible-utils
2025-08-21T12:26:48.5645757Z #12 2.339 0 upgraded, 31 newly installed, 0 to remove and 0 not upgraded.
2025-08-21T12:26:48.5649933Z #12 2.339 Need to get 14.9 MB of archives.
2025-08-21T12:26:48.5650700Z #12 2.339 After this operation, 78.1 MB of additional disk space will be used.
2025-08-21T12:26:48.5651803Z #12 2.339 Get:1 http://deb.debian.org/debian trixie/main amd64 sensible-utils all 0.0.25 [25.0 kB]
2025-08-21T12:26:48.5653451Z #12 2.341 Get:2 http://deb.debian.org/debian trixie/main amd64 perl-modules-5.40 all 5.40.1-6 [3019 kB]
2025-08-21T12:26:48.5654884Z #12 2.360 Get:3 http://deb.debian.org/debian trixie/main amd64 libgdbm-compat4t64 amd64 1.24-2 [50.3 kB]
2025-08-21T12:26:48.5655951Z #12 2.360 Get:4 http://deb.debian.org/debian trixie/main amd64 libperl5.40 amd64 5.40.1-6 [4341 kB]
2025-08-21T12:26:48.5656923Z #12 2.379 Get:5 http://deb.debian.org/debian trixie/main amd64 perl amd64 5.40.1-6 [267 kB]
2025-08-21T12:26:48.5657877Z #12 2.381 Get:6 http://deb.debian.org/debian trixie/main amd64 libbrotli1 amd64 1.1.0-2+b7 [307 kB]
2025-08-21T12:26:48.5658886Z #12 2.383 Get:7 http://deb.debian.org/debian trixie/main amd64 libkrb5support0 amd64 1.21.3-5 [33.0 kB]
2025-08-21T12:26:48.5659915Z #12 2.383 Get:8 http://deb.debian.org/debian trixie/main amd64 libcom-err2 amd64 1.47.2-3+b3 [25.0 kB]
2025-08-21T12:26:48.5660911Z #12 2.384 Get:9 http://deb.debian.org/debian trixie/main amd64 libk5crypto3 amd64 1.21.3-5 [81.5 kB]
2025-08-21T12:26:48.5661892Z #12 2.385 Get:10 http://deb.debian.org/debian trixie/main amd64 libkeyutils1 amd64 1.6.3-6 [9456 B]
2025-08-21T12:26:48.5662839Z #12 2.385 Get:11 http://deb.debian.org/debian trixie/main amd64 libkrb5-3 amd64 1.21.3-5 [326 kB]
2025-08-21T12:26:48.5663767Z #12 2.386 Get:12 http://deb.debian.org/debian trixie/main amd64 libgssapi-krb5-2 amd64 1.21.3-5 [138 kB]
2025-08-21T12:26:48.5664961Z #12 2.387 Get:13 http://deb.debian.org/debian trixie/main amd64 libunistring5 amd64 1.3-2 [477 kB]
2025-08-21T12:26:48.5665906Z #12 2.390 Get:14 http://deb.debian.org/debian trixie/main amd64 libidn2-0 amd64 2.3.8-2 [109 kB]
2025-08-21T12:26:48.5666936Z #12 2.391 Get:15 http://deb.debian.org/debian trixie/main amd64 libsasl2-modules-db amd64 2.1.28+dfsg1-9 [19.8 kB]
2025-08-21T12:26:48.5668050Z #12 2.391 Get:16 http://deb.debian.org/debian trixie/main amd64 libsasl2-2 amd64 2.1.28+dfsg1-9 [57.5 kB]
2025-08-21T12:26:48.5669059Z #12 2.392 Get:17 http://deb.debian.org/debian trixie/main amd64 libldap2 amd64 2.6.10+dfsg-1 [194 kB]
2025-08-21T12:26:48.5670068Z #12 2.393 Get:18 http://deb.debian.org/debian trixie/main amd64 libnghttp2-14 amd64 1.64.0-1.1 [76.0 kB]
2025-08-21T12:26:48.5673010Z #12 2.394 Get:19 http://deb.debian.org/debian trixie/main amd64 libnghttp3-9 amd64 1.8.0-1 [67.7 kB]
2025-08-21T12:26:48.5674582Z #12 2.394 Get:20 http://deb.debian.org/debian trixie/main amd64 libpsl5t64 amd64 0.21.2-1.1+b1 [57.2 kB]
2025-08-21T12:26:48.5675655Z #12 2.395 Get:21 http://deb.debian.org/debian trixie/main amd64 libp11-kit0 amd64 0.25.5-3 [425 kB]
2025-08-21T12:26:48.5676634Z #12 2.397 Get:22 http://deb.debian.org/debian trixie/main amd64 libtasn1-6 amd64 4.20.0-2 [49.9 kB]
2025-08-21T12:26:48.5677609Z #12 2.398 Get:23 http://deb.debian.org/debian trixie/main amd64 libgnutls30t64 amd64 3.8.9-3 [1465 kB]
2025-08-21T12:26:48.5678704Z #12 2.404 Get:24 http://deb.debian.org/debian trixie/main amd64 librtmp1 amd64 2.4+20151223.gitfa8646d.1-2+b5 [58.8 kB]
2025-08-21T12:26:48.5680230Z #12 2.405 Get:25 http://deb.debian.org/debian trixie/main amd64 libssh2-1t64 amd64 1.11.1-1 [245 kB]
2025-08-21T12:26:48.5681560Z #12 2.406 Get:26 http://deb.debian.org/debian trixie/main amd64 libcurl4t64 amd64 8.14.1-2 [391 kB]
2025-08-21T12:26:48.5683429Z #12 2.408 Get:27 http://deb.debian.org/debian trixie/main amd64 curl amd64 8.14.1-2 [269 kB]
2025-08-21T12:26:48.5684766Z #12 2.409 Get:28 http://deb.debian.org/debian trixie/main amd64 libpq5 amd64 17.5-1 [226 kB]
2025-08-21T12:26:48.5686480Z #12 2.411 Get:29 http://deb.debian.org/debian trixie/main amd64 postgresql-client-common all 278 [47.1 kB]
2025-08-21T12:26:48.5688437Z #12 2.411 Get:30 http://deb.debian.org/debian trixie/main amd64 postgresql-client-17 amd64 17.5-1 [2025 kB]
2025-08-21T12:26:48.5689738Z #12 2.419 Get:31 http://deb.debian.org/debian trixie/main amd64 postgresql-client all 17+278 [14.0 kB]
2025-08-21T12:26:49.6436563Z #12 3.508 Fetched 14.9 MB in 0s (158 MB/s)
2025-08-21T12:26:49.6438516Z #12 3.525 Selecting previously unselected package sensible-utils.
2025-08-21T12:26:49.6439410Z #12 3.525 (Reading database ... 
2025-08-21T12:26:49.6439773Z (Reading database ... 5%
2025-08-21T12:26:49.6440129Z (Reading database ... 10%
2025-08-21T12:26:49.6440467Z (Reading database ... 15%
2025-08-21T12:26:49.6440793Z (Reading database ... 20%
2025-08-21T12:26:49.6441126Z (Reading database ... 25%
2025-08-21T12:26:49.6441440Z (Reading database ... 30%
2025-08-21T12:26:49.6441800Z (Reading database ... 35%
2025-08-21T12:26:49.6442119Z (Reading database ... 40%
2025-08-21T12:26:49.6442441Z (Reading database ... 45%
2025-08-21T12:26:49.6442779Z (Reading database ... 50%
2025-08-21T12:26:49.6443099Z (Reading database ... 55%
2025-08-21T12:26:49.6443428Z (Reading database ... 60%
2025-08-21T12:26:49.6443758Z (Reading database ... 65%
2025-08-21T12:26:49.6444230Z (Reading database ... 70%
2025-08-21T12:26:49.6444562Z (Reading database ... 75%
2025-08-21T12:26:49.6444881Z (Reading database ... 80%
2025-08-21T12:26:49.6445210Z (Reading database ... 85%
2025-08-21T12:26:49.6445548Z (Reading database ... 90%
2025-08-21T12:26:49.6445875Z (Reading database ... 95%
2025-08-21T12:26:49.6446199Z (Reading database ... 100%
2025-08-21T12:26:49.6446702Z (Reading database ... 5643 files and directories currently installed.)
2025-08-21T12:26:49.6447403Z #12 3.531 Preparing to unpack .../00-sensible-utils_0.0.25_all.deb ...
2025-08-21T12:26:49.6447981Z #12 3.532 Unpacking sensible-utils (0.0.25) ...
2025-08-21T12:26:49.6448583Z #12 3.556 Selecting previously unselected package perl-modules-5.40.
2025-08-21T12:26:49.6449298Z #12 3.558 Preparing to unpack .../01-perl-modules-5.40_5.40.1-6_all.deb ...
2025-08-21T12:26:49.6449909Z #12 3.559 Unpacking perl-modules-5.40 (5.40.1-6) ...
2025-08-21T12:26:49.9313836Z #12 3.871 Selecting previously unselected package libgdbm-compat4t64:amd64.
2025-08-21T12:26:50.1394467Z #12 3.873 Preparing to unpack .../02-libgdbm-compat4t64_1.24-2_amd64.deb ...
2025-08-21T12:26:50.1395304Z #12 3.875 Unpacking libgdbm-compat4t64:amd64 (1.24-2) ...
2025-08-21T12:26:50.1396005Z #12 3.895 Selecting previously unselected package libperl5.40:amd64.
2025-08-21T12:26:50.1396873Z #12 3.897 Preparing to unpack .../03-libperl5.40_5.40.1-6_amd64.deb ...
2025-08-21T12:26:50.1397458Z #12 3.898 Unpacking libperl5.40:amd64 (5.40.1-6) ...
2025-08-21T12:26:50.2410131Z #12 4.136 Selecting previously unselected package perl.
2025-08-21T12:26:50.2411078Z #12 4.138 Preparing to unpack .../04-perl_5.40.1-6_amd64.deb ...
2025-08-21T12:26:50.2411596Z #12 4.139 Unpacking perl (5.40.1-6) ...
2025-08-21T12:26:50.2412135Z #12 4.167 Selecting previously unselected package libbrotli1:amd64.
2025-08-21T12:26:50.2412803Z #12 4.169 Preparing to unpack .../05-libbrotli1_1.1.0-2+b7_amd64.deb ...
2025-08-21T12:26:50.2413387Z #12 4.170 Unpacking libbrotli1:amd64 (1.1.0-2+b7) ...
2025-08-21T12:26:50.3420591Z #12 4.204 Selecting previously unselected package libkrb5support0:amd64.
2025-08-21T12:26:50.3421495Z #12 4.206 Preparing to unpack .../06-libkrb5support0_1.21.3-5_amd64.deb ...
2025-08-21T12:26:50.3422108Z #12 4.208 Unpacking libkrb5support0:amd64 (1.21.3-5) ...
2025-08-21T12:26:50.3422660Z #12 4.231 Selecting previously unselected package libcom-err2:amd64.
2025-08-21T12:26:50.3423269Z #12 4.232 Preparing to unpack .../07-libcom-err2_1.47.2-3+b3_amd64.deb ...
2025-08-21T12:26:50.3423837Z #12 4.234 Unpacking libcom-err2:amd64 (1.47.2-3+b3) ...
2025-08-21T12:26:50.3424716Z #12 4.251 Selecting previously unselected package libk5crypto3:amd64.
2025-08-21T12:26:50.3425386Z #12 4.253 Preparing to unpack .../08-libk5crypto3_1.21.3-5_amd64.deb ...
2025-08-21T12:26:50.3425953Z #12 4.254 Unpacking libk5crypto3:amd64 (1.21.3-5) ...
2025-08-21T12:26:50.3426326Z #12 4.279 Selecting previously unselected package libkeyutils1:amd64.
2025-08-21T12:26:50.3426894Z #12 4.281 Preparing to unpack .../09-libkeyutils1_1.6.3-6_amd64.deb ...
2025-08-21T12:26:50.3427240Z #12 4.282 Unpacking libkeyutils1:amd64 (1.6.3-6) ...
2025-08-21T12:26:50.4688146Z #12 4.300 Selecting previously unselected package libkrb5-3:amd64.
2025-08-21T12:26:50.4689682Z #12 4.302 Preparing to unpack .../10-libkrb5-3_1.21.3-5_amd64.deb ...
2025-08-21T12:26:50.4690274Z #12 4.304 Unpacking libkrb5-3:amd64 (1.21.3-5) ...
2025-08-21T12:26:50.4690892Z #12 4.337 Selecting previously unselected package libgssapi-krb5-2:amd64.
2025-08-21T12:26:50.4691587Z #12 4.339 Preparing to unpack .../11-libgssapi-krb5-2_1.21.3-5_amd64.deb ...
2025-08-21T12:26:50.4692135Z #12 4.340 Unpacking libgssapi-krb5-2:amd64 (1.21.3-5) ...
2025-08-21T12:26:50.4692537Z #12 4.364 Selecting previously unselected package libunistring5:amd64.
2025-08-21T12:26:50.4693035Z #12 4.365 Preparing to unpack .../12-libunistring5_1.3-2_amd64.deb ...
2025-08-21T12:26:50.4693366Z #12 4.367 Unpacking libunistring5:amd64 (1.3-2) ...
2025-08-21T12:26:50.4693791Z #12 4.409 Selecting previously unselected package libidn2-0:amd64.
2025-08-21T12:26:50.5960577Z #12 4.410 Preparing to unpack .../13-libidn2-0_2.3.8-2_amd64.deb ...
2025-08-21T12:26:50.5961242Z #12 4.412 Unpacking libidn2-0:amd64 (2.3.8-2) ...
2025-08-21T12:26:50.5961965Z #12 4.434 Selecting previously unselected package libsasl2-modules-db:amd64.
2025-08-21T12:26:50.5963163Z #12 4.435 Preparing to unpack .../14-libsasl2-modules-db_2.1.28+dfsg1-9_amd64.deb ...
2025-08-21T12:26:50.5964669Z #12 4.436 Unpacking libsasl2-modules-db:amd64 (2.1.28+dfsg1-9) ...
2025-08-21T12:26:50.5965689Z #12 4.453 Selecting previously unselected package libsasl2-2:amd64.
2025-08-21T12:26:50.5966708Z #12 4.455 Preparing to unpack .../15-libsasl2-2_2.1.28+dfsg1-9_amd64.deb ...
2025-08-21T12:26:50.5967481Z #12 4.456 Unpacking libsasl2-2:amd64 (2.1.28+dfsg1-9) ...
2025-08-21T12:26:50.5968087Z #12 4.475 Selecting previously unselected package libldap2:amd64.
2025-08-21T12:26:50.5968775Z #12 4.477 Preparing to unpack .../16-libldap2_2.6.10+dfsg-1_amd64.deb ...
2025-08-21T12:26:50.5969395Z #12 4.478 Unpacking libldap2:amd64 (2.6.10+dfsg-1) ...
2025-08-21T12:26:50.5970013Z #12 4.502 Selecting previously unselected package libnghttp2-14:amd64.
2025-08-21T12:26:50.5970760Z #12 4.503 Preparing to unpack .../17-libnghttp2-14_1.64.0-1.1_amd64.deb ...
2025-08-21T12:26:50.5971396Z #12 4.504 Unpacking libnghttp2-14:amd64 (1.64.0-1.1) ...
2025-08-21T12:26:50.5972026Z #12 4.536 Selecting previously unselected package libnghttp3-9:amd64.
2025-08-21T12:26:50.7010930Z #12 4.538 Preparing to unpack .../18-libnghttp3-9_1.8.0-1_amd64.deb ...
2025-08-21T12:26:50.7015424Z #12 4.539 Unpacking libnghttp3-9:amd64 (1.8.0-1) ...
2025-08-21T12:26:50.7016586Z #12 4.560 Selecting previously unselected package libpsl5t64:amd64.
2025-08-21T12:26:50.7017366Z #12 4.562 Preparing to unpack .../19-libpsl5t64_0.21.2-1.1+b1_amd64.deb ...
2025-08-21T12:26:50.7018001Z #12 4.563 Unpacking libpsl5t64:amd64 (0.21.2-1.1+b1) ...
2025-08-21T12:26:50.7018624Z #12 4.582 Selecting previously unselected package libp11-kit0:amd64.
2025-08-21T12:26:50.7019318Z #12 4.584 Preparing to unpack .../20-libp11-kit0_0.25.5-3_amd64.deb ...
2025-08-21T12:26:50.7019928Z #12 4.585 Unpacking libp11-kit0:amd64 (0.25.5-3) ...
2025-08-21T12:26:50.7020542Z #12 4.618 Selecting previously unselected package libtasn1-6:amd64.
2025-08-21T12:26:50.7021265Z #12 4.620 Preparing to unpack .../21-libtasn1-6_4.20.0-2_amd64.deb ...
2025-08-21T12:26:50.7021865Z #12 4.621 Unpacking libtasn1-6:amd64 (4.20.0-2) ...
2025-08-21T12:26:50.7022478Z #12 4.641 Selecting previously unselected package libgnutls30t64:amd64.
2025-08-21T12:26:50.8148949Z #12 4.643 Preparing to unpack .../22-libgnutls30t64_3.8.9-3_amd64.deb ...
2025-08-21T12:26:50.8149648Z #12 4.644 Unpacking libgnutls30t64:amd64 (3.8.9-3) ...
2025-08-21T12:26:50.8150274Z #12 4.705 Selecting previously unselected package librtmp1:amd64.
2025-08-21T12:26:50.8151038Z #12 4.706 Preparing to unpack .../23-librtmp1_2.4+20151223.gitfa8646d.1-2+b5_amd64.deb ...
2025-08-21T12:26:50.8151823Z #12 4.707 Unpacking librtmp1:amd64 (2.4+20151223.gitfa8646d.1-2+b5) ...
2025-08-21T12:26:50.8152532Z #12 4.727 Selecting previously unselected package libssh2-1t64:amd64.
2025-08-21T12:26:50.8153231Z #12 4.728 Preparing to unpack .../24-libssh2-1t64_1.11.1-1_amd64.deb ...
2025-08-21T12:26:50.8154430Z #12 4.730 Unpacking libssh2-1t64:amd64 (1.11.1-1) ...
2025-08-21T12:26:50.8155040Z #12 4.755 Selecting previously unselected package libcurl4t64:amd64.
2025-08-21T12:26:50.9152563Z #12 4.757 Preparing to unpack .../25-libcurl4t64_8.14.1-2_amd64.deb ...
2025-08-21T12:26:50.9153691Z #12 4.758 Unpacking libcurl4t64:amd64 (8.14.1-2) ...
2025-08-21T12:26:50.9154506Z #12 4.788 Selecting previously unselected package curl.
2025-08-21T12:26:50.9155088Z #12 4.790 Preparing to unpack .../26-curl_8.14.1-2_amd64.deb ...
2025-08-21T12:26:50.9155621Z #12 4.791 Unpacking curl (8.14.1-2) ...
2025-08-21T12:26:50.9156625Z #12 4.817 Selecting previously unselected package libpq5:amd64.
2025-08-21T12:26:50.9157488Z #12 4.819 Preparing to unpack .../27-libpq5_17.5-1_amd64.deb ...
2025-08-21T12:26:50.9159905Z #12 4.820 Unpacking libpq5:amd64 (17.5-1) ...
2025-08-21T12:26:50.9160773Z #12 4.847 Selecting previously unselected package postgresql-client-common.
2025-08-21T12:26:50.9161803Z #12 4.849 Preparing to unpack .../28-postgresql-client-common_278_all.deb ...
2025-08-21T12:26:50.9162658Z #12 4.855 Unpacking postgresql-client-common (278) ...
2025-08-21T12:26:51.0533907Z #12 4.878 Selecting previously unselected package postgresql-client-17.
2025-08-21T12:26:51.0534899Z #12 4.880 Preparing to unpack .../29-postgresql-client-17_17.5-1_amd64.deb ...
2025-08-21T12:26:51.0535576Z #12 4.881 Unpacking postgresql-client-17 (17.5-1) ...
2025-08-21T12:26:51.0536219Z #12 4.993 Selecting previously unselected package postgresql-client.
2025-08-21T12:26:51.1551730Z #12 4.995 Preparing to unpack .../30-postgresql-client_17+278_all.deb ...
2025-08-21T12:26:51.1552998Z #12 4.996 Unpacking postgresql-client (17+278) ...
2025-08-21T12:26:51.1553552Z #12 5.018 Setting up libkeyutils1:amd64 (1.6.3-6) ...
2025-08-21T12:26:51.1554318Z #12 5.022 Setting up libgdbm-compat4t64:amd64 (1.24-2) ...
2025-08-21T12:26:51.1554879Z #12 5.025 Setting up libbrotli1:amd64 (1.1.0-2+b7) ...
2025-08-21T12:26:51.1555445Z #12 5.028 Setting up libnghttp2-14:amd64 (1.64.0-1.1) ...
2025-08-21T12:26:51.1555995Z #12 5.031 Setting up libcom-err2:amd64 (1.47.2-3+b3) ...
2025-08-21T12:26:51.1556526Z #12 5.034 Setting up libkrb5support0:amd64 (1.21.3-5) ...
2025-08-21T12:26:51.1557121Z #12 5.038 Setting up libsasl2-modules-db:amd64 (2.1.28+dfsg1-9) ...
2025-08-21T12:26:51.1557698Z #12 5.041 Setting up libp11-kit0:amd64 (0.25.5-3) ...
2025-08-21T12:26:51.1558512Z #12 5.044 Setting up libunistring5:amd64 (1.3-2) ...
2025-08-21T12:26:51.1559041Z #12 5.048 Setting up libk5crypto3:amd64 (1.21.3-5) ...
2025-08-21T12:26:51.1559577Z #12 5.051 Setting up libsasl2-2:amd64 (2.1.28+dfsg1-9) ...
2025-08-21T12:26:51.1560111Z #12 5.055 Setting up libnghttp3-9:amd64 (1.8.0-1) ...
2025-08-21T12:26:51.1560611Z #12 5.058 Setting up perl-modules-5.40 (5.40.1-6) ...
2025-08-21T12:26:51.1561114Z #12 5.061 Setting up sensible-utils (0.0.25) ...
2025-08-21T12:26:51.1561595Z #12 5.064 Setting up libtasn1-6:amd64 (4.20.0-2) ...
2025-08-21T12:26:51.1562107Z #12 5.067 Setting up libkrb5-3:amd64 (1.21.3-5) ...
2025-08-21T12:26:51.1562595Z #12 5.071 Setting up libssh2-1t64:amd64 (1.11.1-1) ...
2025-08-21T12:26:51.1563177Z #12 5.073 Setting up libldap2:amd64 (2.6.10+dfsg-1) ...
2025-08-21T12:26:51.1563712Z #12 5.077 Setting up libidn2-0:amd64 (2.3.8-2) ...
2025-08-21T12:26:51.1564423Z #12 5.081 Setting up libperl5.40:amd64 (5.40.1-6) ...
2025-08-21T12:26:51.1564910Z #12 5.084 Setting up perl (5.40.1-6) ...
2025-08-21T12:26:51.1565407Z #12 5.095 Setting up libgssapi-krb5-2:amd64 (1.21.3-5) ...
2025-08-21T12:26:51.2888408Z #12 5.100 Setting up libgnutls30t64:amd64 (3.8.9-3) ...
2025-08-21T12:26:51.2889208Z #12 5.103 Setting up postgresql-client-common (278) ...
2025-08-21T12:26:51.2891477Z #12 5.112 Setting up libpsl5t64:amd64 (0.21.2-1.1+b1) ...
2025-08-21T12:26:51.2893697Z #12 5.115 Setting up libpq5:amd64 (17.5-1) ...
2025-08-21T12:26:51.2894664Z #12 5.119 Setting up librtmp1:amd64 (2.4+20151223.gitfa8646d.1-2+b5) ...
2025-08-21T12:26:51.2895869Z #12 5.122 Setting up libcurl4t64:amd64 (8.14.1-2) ...
2025-08-21T12:26:51.2896404Z #12 5.125 Setting up postgresql-client-17 (17.5-1) ...
2025-08-21T12:26:51.6360096Z #12 5.507 update-alternatives: using /usr/share/postgresql/17/man/man1/psql.1.gz to provide /usr/share/man/man1/psql.1.gz (psql.1.gz) in auto mode
2025-08-21T12:26:51.6364621Z #12 5.547 Setting up curl (8.14.1-2) ...
2025-08-21T12:26:51.6365328Z #12 5.550 Setting up postgresql-client (17+278) ...
2025-08-21T12:26:51.6366049Z #12 5.554 Processing triggers for libc-bin (2.41-12) ...
2025-08-21T12:26:51.7470620Z #12 5.582 + rm -rf /var/lib/apt/lists/auxfiles /var/lib/apt/lists/deb.debian.org_debian-security_dists_trixie-security_InRelease /var/lib/apt/lists/deb.debian.org_debian-security_dists_trixie-security_main_binary-amd64_Packages.lz4 /var/lib/apt/lists/deb.debian.org_debian_dists_trixie-updates_InRelease /var/lib/apt/lists/deb.debian.org_debian_dists_trixie-updates_main_binary-amd64_Packages.lz4 /var/lib/apt/lists/deb.debian.org_debian_dists_trixie_InRelease /var/lib/apt/lists/deb.debian.org_debian_dists_trixie_main_binary-amd64_Packages.lz4 /var/lib/apt/lists/lock /var/lib/apt/lists/partial
2025-08-21T12:26:51.7475286Z #12 DONE 5.7s
2025-08-21T12:26:51.7475503Z 
2025-08-21T12:26:51.7475771Z #13 [base  4/13] RUN pip install --no-cache-dir -r requirements.txt
2025-08-21T12:26:51.7476259Z #13 1.440 Collecting uvicorn==0.29.0 (from -r requirements.txt (line 1))
2025-08-21T12:26:51.7476777Z #13 1.467   Downloading uvicorn-0.29.0-py3-none-any.whl.metadata (6.3 kB)
2025-08-21T12:26:51.7477322Z #13 1.481 Collecting pydantic-settings==2.2.1 (from -r requirements.txt (line 2))
2025-08-21T12:26:51.7477892Z #13 1.489   Downloading pydantic_settings-2.2.1-py3-none-any.whl.metadata (3.1 kB)
2025-08-21T12:26:51.7478805Z #13 1.524 Collecting fastapi==0.111.0 (from -r requirements.txt (line 3))
2025-08-21T12:26:51.7479314Z #13 1.527   Downloading fastapi-0.111.0-py3-none-any.whl.metadata (25 kB)
2025-08-21T12:26:51.7479784Z #13 1.751 Collecting sqlalchemy==2.0.29 (from -r requirements.txt (line 4))
2025-08-21T12:26:51.7480362Z #13 1.754   Downloading SQLAlchemy-2.0.29-cp312-cp312-manylinux_2_17_x86_64.manylinux2014_x86_64.whl.metadata (9.6 kB)
2025-08-21T12:26:51.7481011Z #13 1.777 Collecting alembic==1.13.1 (from -r requirements.txt (line 5))
2025-08-21T12:26:51.7481422Z #13 1.780   Downloading alembic-1.13.1-py3-none-any.whl.metadata (7.4 kB)
2025-08-21T12:26:51.7482199Z #13 1.792 Collecting psycopg==3.2.9 (from psycopg[binary]==3.2.9->-r requirements.txt (line 6))
2025-08-21T12:26:51.7482675Z #13 1.794   Downloading psycopg-3.2.9-py3-none-any.whl.metadata (4.5 kB)
2025-08-21T12:26:51.7483270Z #13 1.813 Collecting httpx==0.27.2 (from -r requirements.txt (line 7))
2025-08-21T12:26:51.7483658Z #13 1.815   Downloading httpx-0.27.2-py3-none-any.whl.metadata (7.1 kB)
2025-08-21T12:26:51.7484201Z #13 1.847 Collecting asyncpg==0.29.0 (from -r requirements.txt (line 8))
2025-08-21T12:26:51.7484906Z #13 1.851   Downloading asyncpg-0.29.0-cp312-cp312-manylinux_2_17_x86_64.manylinux2014_x86_64.whl.metadata (4.4 kB)
2025-08-21T12:26:51.7485447Z #13 2.092 Collecting boto3==1.34.162 (from -r requirements.txt (line 9))
2025-08-21T12:26:51.7486290Z #13 2.096   Downloading boto3-1.34.162-py3-none-any.whl.metadata (6.6 kB)
2025-08-21T12:26:51.7486700Z #13 2.111 Collecting Jinja2==3.1.5 (from -r requirements.txt (line 10))
2025-08-21T12:26:51.7487093Z #13 2.114   Downloading jinja2-3.1.5-py3-none-any.whl.metadata (2.6 kB)
2025-08-21T12:26:51.7487489Z #13 2.158 Collecting celery==5.3.* (from -r requirements.txt (line 11))
2025-08-21T12:26:51.7488136Z #13 2.164   Downloading celery-5.3.6-py3-none-any.whl.metadata (21 kB)
2025-08-21T12:26:51.7488538Z #13 2.205 Collecting structlog==24.1.0 (from -r requirements.txt (line 12))
2025-08-21T12:26:51.7488964Z #13 2.208   Downloading structlog-24.1.0-py3-none-any.whl.metadata (6.9 kB)
2025-08-21T12:26:51.7489417Z #13 2.222 Collecting asgi-correlation-id==4.3.1 (from -r requirements.txt (line 13))
2025-08-21T12:26:51.7490619Z #13 2.225   Downloading asgi_correlation_id-4.3.1-py3-none-any.whl.metadata (28 kB)
2025-08-21T12:26:51.7491455Z #13 2.234 Collecting fastapi-limiter==0.1.6 (from -r requirements.txt (line 14))
2025-08-21T12:26:51.7492286Z #13 2.240   Downloading fastapi_limiter-0.1.6-py3-none-any.whl.metadata (5.3 kB)
2025-08-21T12:26:51.7493055Z #13 2.261 Collecting redis==5.0.8 (from -r requirements.txt (line 15))
2025-08-21T12:26:51.7493773Z #13 2.264   Downloading redis-5.0.8-py3-none-any.whl.metadata (9.2 kB)
2025-08-21T12:26:51.7494935Z #13 2.311 Collecting sentry-sdk==2.9.0 (from sentry-sdk[celery,fastapi,sqlalchemy]==2.9.0->-r requirements.txt (line 16))
2025-08-21T12:26:51.7495905Z #13 2.314   Downloading sentry_sdk-2.9.0-py2.py3-none-any.whl.metadata (14 kB)
2025-08-21T12:26:51.7496860Z #13 2.391 Collecting click>=7.0 (from uvicorn==0.29.0->-r requirements.txt (line 1))
2025-08-21T12:26:51.7497545Z #13 2.393   Downloading click-8.2.1-py3-none-any.whl.metadata (2.5 kB)
2025-08-21T12:26:51.7498138Z #13 2.402 Collecting h11>=0.8 (from uvicorn==0.29.0->-r requirements.txt (line 1))
2025-08-21T12:26:51.7498637Z #13 2.404   Downloading h11-0.16.0-py3-none-any.whl.metadata (8.3 kB)
2025-08-21T12:26:51.7499152Z #13 2.490 Collecting pydantic>=2.3.0 (from pydantic-settings==2.2.1->-r requirements.txt (line 2))
2025-08-21T12:26:51.7499761Z #13 2.495   Downloading pydantic-2.11.7-py3-none-any.whl.metadata (67 kB)
2025-08-21T12:26:51.7500379Z #13 2.509 Collecting python-dotenv>=0.21.0 (from pydantic-settings==2.2.1->-r requirements.txt (line 2))
2025-08-21T12:26:51.7500920Z #13 2.511   Downloading python_dotenv-1.1.1-py3-none-any.whl.metadata (24 kB)
2025-08-21T12:26:51.7501549Z #13 2.537 Collecting starlette<0.38.0,>=0.37.2 (from fastapi==0.111.0->-r requirements.txt (line 3))
2025-08-21T12:26:51.7502137Z #13 2.539   Downloading starlette-0.37.2-py3-none-any.whl.metadata (5.9 kB)
2025-08-21T12:26:51.7502632Z #13 2.595 Collecting typing-extensions>=4.8.0 (from fastapi==0.111.0->-r requirements.txt (line 3))
2025-08-21T12:26:51.7503266Z #13 2.597   Downloading typing_extensions-4.14.1-py3-none-any.whl.metadata (3.0 kB)
2025-08-21T12:26:51.7503880Z #13 2.604 Collecting fastapi-cli>=0.0.2 (from fastapi==0.111.0->-r requirements.txt (line 3))
2025-08-21T12:26:51.7504669Z #13 2.607   Downloading fastapi_cli-0.0.8-py3-none-any.whl.metadata (6.3 kB)
2025-08-21T12:26:51.7505191Z #13 2.622 Collecting python-multipart>=0.0.7 (from fastapi==0.111.0->-r requirements.txt (line 3))
2025-08-21T12:26:51.7506134Z #13 2.624   Downloading python_multipart-0.0.20-py3-none-any.whl.metadata (1.8 kB)
2025-08-21T12:26:51.7506768Z #13 2.672 Collecting ujson!=4.0.2,!=4.1.0,!=4.2.0,!=4.3.0,!=5.0.0,!=5.1.0,>=4.0.1 (from fastapi==0.111.0->-r requirements.txt (line 3))
2025-08-21T12:26:51.7507485Z #13 2.675   Downloading ujson-5.11.0-cp312-cp312-manylinux_2_24_x86_64.manylinux_2_28_x86_64.whl.metadata (9.4 kB)
2025-08-21T12:26:51.7508151Z #13 2.856 Collecting orjson>=3.2.1 (from fastapi==0.111.0->-r requirements.txt (line 3))
2025-08-21T12:26:51.7508817Z #13 2.859   Downloading orjson-3.11.2-cp312-cp312-manylinux_2_17_x86_64.manylinux2014_x86_64.whl.metadata (1.2 kB)
2025-08-21T12:26:51.7509461Z #13 2.868 Collecting email_validator>=2.0.0 (from fastapi==0.111.0->-r requirements.txt (line 3))
2025-08-21T12:26:51.7510338Z #13 2.880   Downloading email_validator-2.2.0-py3-none-any.whl.metadata (25 kB)
2025-08-21T12:26:51.7510888Z #13 2.989 Collecting greenlet!=0.4.17 (from sqlalchemy==2.0.29->-r requirements.txt (line 4))
2025-08-21T12:26:51.7511593Z #13 2.992   Downloading greenlet-3.2.4-cp312-cp312-manylinux_2_24_x86_64.manylinux_2_28_x86_64.whl.metadata (4.1 kB)
2025-08-21T12:26:51.7512248Z #13 3.017 Collecting Mako (from alembic==1.13.1->-r requirements.txt (line 5))
2025-08-21T12:26:51.7512661Z #13 3.020   Downloading mako-1.3.10-py3-none-any.whl.metadata (2.9 kB)
2025-08-21T12:26:51.7513186Z #13 3.039 Collecting anyio (from httpx==0.27.2->-r requirements.txt (line 7))
2025-08-21T12:26:51.7513648Z #13 3.042   Downloading anyio-4.10.0-py3-none-any.whl.metadata (4.0 kB)
2025-08-21T12:26:51.7514483Z #13 3.056 Collecting certifi (from httpx==0.27.2->-r requirements.txt (line 7))
2025-08-21T12:26:51.7514988Z #13 3.059   Downloading certifi-2025.8.3-py3-none-any.whl.metadata (2.4 kB)
2025-08-21T12:26:51.7515742Z #13 3.073 Collecting httpcore==1.* (from httpx==0.27.2->-r requirements.txt (line 7))
2025-08-21T12:26:51.7516263Z #13 3.076   Downloading httpcore-1.0.9-py3-none-any.whl.metadata (21 kB)
2025-08-21T12:26:51.7516965Z #13 3.085 Collecting idna (from httpx==0.27.2->-r requirements.txt (line 7))
2025-08-21T12:26:51.7517499Z #13 3.088   Downloading idna-3.10-py3-none-any.whl.metadata (10 kB)
2025-08-21T12:26:51.7517900Z #13 3.094 Collecting sniffio (from httpx==0.27.2->-r requirements.txt (line 7))
2025-08-21T12:26:51.7518841Z #13 3.097   Downloading sniffio-1.3.1-py3-none-any.whl.metadata (3.9 kB)
2025-08-21T12:26:51.7519301Z #13 3.457 Collecting botocore<1.35.0,>=1.34.162 (from boto3==1.34.162->-r requirements.txt (line 9))
2025-08-21T12:26:51.7519905Z #13 3.465   Downloading botocore-1.34.162-py3-none-any.whl.metadata (5.7 kB)
2025-08-21T12:26:51.7520909Z #13 3.476 Collecting jmespath<2.0.0,>=0.7.1 (from boto3==1.34.162->-r requirements.txt (line 9))
2025-08-21T12:26:51.7521599Z #13 3.479   Downloading jmespath-1.0.1-py3-none-any.whl.metadata (7.6 kB)
2025-08-21T12:26:51.7522395Z #13 3.492 Collecting s3transfer<0.11.0,>=0.10.0 (from boto3==1.34.162->-r requirements.txt (line 9))
2025-08-21T12:26:51.7523248Z #13 3.495   Downloading s3transfer-0.10.4-py3-none-any.whl.metadata (1.7 kB)
2025-08-21T12:26:51.7524296Z #13 3.540 Collecting MarkupSafe>=2.0 (from Jinja2==3.1.5->-r requirements.txt (line 10))
2025-08-21T12:26:51.7526704Z #13 3.543   Downloading MarkupSafe-3.0.2-cp312-cp312-manylinux_2_17_x86_64.manylinux2014_x86_64.whl.metadata (4.0 kB)
2025-08-21T12:26:51.7527581Z #13 3.569 Collecting billiard<5.0,>=4.2.0 (from celery==5.3.*->-r requirements.txt (line 11))
2025-08-21T12:26:51.7528063Z #13 3.572   Downloading billiard-4.2.1-py3-none-any.whl.metadata (4.4 kB)
2025-08-21T12:26:51.7528553Z #13 3.580 Collecting click-didyoumean>=0.3.0 (from celery==5.3.*->-r requirements.txt (line 11))
2025-08-21T12:26:51.7529056Z #13 3.582   Downloading click_didyoumean-0.3.1-py3-none-any.whl.metadata (3.9 kB)
2025-08-21T12:26:51.7531095Z #13 3.590 Collecting click-plugins>=1.1.1 (from celery==5.3.*->-r requirements.txt (line 11))
2025-08-21T12:26:51.7531605Z #13 3.593   Downloading click_plugins-1.1.1.2-py2.py3-none-any.whl.metadata (6.5 kB)
2025-08-21T12:26:51.7532277Z #13 3.602 Collecting click-repl>=0.2.0 (from celery==5.3.*->-r requirements.txt (line 11))
2025-08-21T12:26:51.7532912Z #13 3.605   Downloading click_repl-0.3.0-py3-none-any.whl.metadata (3.6 kB)
2025-08-21T12:26:51.7533348Z #13 3.660 Collecting kombu<6.0,>=5.3.4 (from celery==5.3.*->-r requirements.txt (line 11))
2025-08-21T12:26:51.7533769Z #13 3.663   Downloading kombu-5.5.4-py3-none-any.whl.metadata (3.5 kB)
2025-08-21T12:26:51.7534401Z #13 3.682 Collecting python-dateutil>=2.8.2 (from celery==5.3.*->-r requirements.txt (line 11))
2025-08-21T12:26:51.7534935Z #13 3.685   Downloading python_dateutil-2.9.0.post0-py2.py3-none-any.whl.metadata (8.4 kB)
2025-08-21T12:26:51.7535438Z #13 3.699 Collecting tzdata>=2022.7 (from celery==5.3.*->-r requirements.txt (line 11))
2025-08-21T12:26:51.7535886Z #13 3.702   Downloading tzdata-2025.2-py2.py3-none-any.whl.metadata (1.4 kB)
2025-08-21T12:26:51.7536322Z #13 3.709 Collecting vine<6.0,>=5.1.0 (from celery==5.3.*->-r requirements.txt (line 11))
2025-08-21T12:26:51.7536741Z #13 3.711   Downloading vine-5.1.0-py3-none-any.whl.metadata (2.7 kB)
2025-08-21T12:26:51.7537314Z #13 3.764 Collecting urllib3>=1.26.11 (from sentry-sdk==2.9.0->sentry-sdk[celery,fastapi,sqlalchemy]==2.9.0->-r requirements.txt (line 16))
2025-08-21T12:26:51.7537906Z #13 3.767   Downloading urllib3-2.5.0-py3-none-any.whl.metadata (6.5 kB)
2025-08-21T12:26:51.7538390Z #13 3.911 Collecting psycopg-binary==3.2.9 (from psycopg[binary]==3.2.9->-r requirements.txt (line 6))
2025-08-21T12:26:51.7540861Z #13 3.915   Downloading psycopg_binary-3.2.9-cp312-cp312-manylinux_2_17_x86_64.manylinux2014_x86_64.whl.metadata (2.9 kB)
2025-08-21T12:26:51.7541665Z #13 4.066 Collecting prompt-toolkit>=3.0.36 (from click-repl>=0.2.0->celery==5.3.*->-r requirements.txt (line 11))
2025-08-21T12:26:51.7542202Z #13 4.069   Downloading prompt_toolkit-3.0.51-py3-none-any.whl.metadata (6.4 kB)
2025-08-21T12:26:51.7542752Z #13 4.085 Collecting dnspython>=2.0.0 (from email_validator>=2.0.0->fastapi==0.111.0->-r requirements.txt (line 3))
2025-08-21T12:26:51.7543285Z #13 4.088   Downloading dnspython-2.7.0-py3-none-any.whl.metadata (5.8 kB)
2025-08-21T12:26:51.7543778Z #13 4.112 Collecting typer>=0.15.1 (from fastapi-cli>=0.0.2->fastapi==0.111.0->-r requirements.txt (line 3))
2025-08-21T12:26:51.7544373Z #13 4.114   Downloading typer-0.16.1-py3-none-any.whl.metadata (15 kB)
2025-08-21T12:26:51.7544864Z #13 4.141 Collecting rich-toolkit>=0.14.8 (from fastapi-cli>=0.0.2->fastapi==0.111.0->-r requirements.txt (line 3))
2025-08-21T12:26:51.7545387Z #13 4.143   Downloading rich_toolkit-0.15.0-py3-none-any.whl.metadata (1.0 kB)
2025-08-21T12:26:51.7545911Z #13 4.167 Collecting amqp<6.0.0,>=5.1.1 (from kombu<6.0,>=5.3.4->celery==5.3.*->-r requirements.txt (line 11))
2025-08-21T12:26:51.7546489Z #13 4.170   Downloading amqp-5.3.1-py3-none-any.whl.metadata (8.9 kB)
2025-08-21T12:26:51.7546942Z #13 4.194 Collecting packaging (from kombu<6.0,>=5.3.4->celery==5.3.*->-r requirements.txt (line 11))
2025-08-21T12:26:51.7549227Z #13 4.198   Downloading packaging-25.0-py3-none-any.whl.metadata (3.3 kB)
2025-08-21T12:26:51.7549783Z #13 4.210 Collecting annotated-types>=0.6.0 (from pydantic>=2.3.0->pydantic-settings==2.2.1->-r requirements.txt (line 2))
2025-08-21T12:26:51.7550343Z #13 4.213   Downloading annotated_types-0.7.0-py3-none-any.whl.metadata (15 kB)
2025-08-21T12:26:51.7550892Z #13 4.821 Collecting pydantic-core==2.33.2 (from pydantic>=2.3.0->pydantic-settings==2.2.1->-r requirements.txt (line 2))
2025-08-21T12:26:51.7551548Z #13 4.824   Downloading pydantic_core-2.33.2-cp312-cp312-manylinux_2_17_x86_64.manylinux2014_x86_64.whl.metadata (6.8 kB)
2025-08-21T12:26:51.7552220Z #13 4.836 Collecting typing-inspection>=0.4.0 (from pydantic>=2.3.0->pydantic-settings==2.2.1->-r requirements.txt (line 2))
2025-08-21T12:26:51.7552797Z #13 4.838   Downloading typing_inspection-0.4.1-py3-none-any.whl.metadata (2.6 kB)
2025-08-21T12:26:51.7553454Z #13 4.858 Collecting six>=1.5 (from python-dateutil>=2.8.2->celery==5.3.*->-r requirements.txt (line 11))
2025-08-21T12:26:51.7553947Z #13 4.861   Downloading six-1.17.0-py2.py3-none-any.whl.metadata (1.7 kB)
2025-08-21T12:26:51.7556055Z #13 5.079 Collecting httptools>=0.5.0 (from uvicorn[standard]>=0.12.0->fastapi==0.111.0->-r requirements.txt (line 3))
2025-08-21T12:26:51.7556797Z #13 5.082   Downloading httptools-0.6.4-cp312-cp312-manylinux_2_5_x86_64.manylinux1_x86_64.manylinux_2_17_x86_64.manylinux2014_x86_64.whl.metadata (3.6 kB)
2025-08-21T12:26:51.7557527Z #13 5.114 Collecting pyyaml>=5.1 (from uvicorn[standard]>=0.12.0->fastapi==0.111.0->-r requirements.txt (line 3))
2025-08-21T12:26:51.7558143Z #13 5.117   Downloading PyYAML-6.0.2-cp312-cp312-manylinux_2_17_x86_64.manylinux2014_x86_64.whl.metadata (2.1 kB)
2025-08-21T12:26:51.7558771Z #13 5.149 Collecting uvloop!=0.15.0,!=0.15.1,>=0.14.0 (from uvicorn[standard]>=0.12.0->fastapi==0.111.0->-r requirements.txt (line 3))
2025-08-21T12:26:51.7559410Z #13 5.152   Downloading uvloop-0.21.0-cp312-cp312-manylinux_2_17_x86_64.manylinux2014_x86_64.whl.metadata (4.9 kB)
2025-08-21T12:26:51.7561397Z #13 5.215 Collecting watchfiles>=0.13 (from uvicorn[standard]>=0.12.0->fastapi==0.111.0->-r requirements.txt (line 3))
2025-08-21T12:26:51.7562072Z #13 5.218   Downloading watchfiles-1.1.0-cp312-cp312-manylinux_2_17_x86_64.manylinux2014_x86_64.whl.metadata (4.9 kB)
2025-08-21T12:26:51.7562721Z #13 5.346 Collecting websockets>=10.4 (from uvicorn[standard]>=0.12.0->fastapi==0.111.0->-r requirements.txt (line 3))
2025-08-21T12:26:51.7563467Z #13 5.349   Downloading websockets-15.0.1-cp312-cp312-manylinux_2_5_x86_64.manylinux1_x86_64.manylinux_2_17_x86_64.manylinux2014_x86_64.whl.metadata (6.8 kB)
2025-08-21T12:26:51.7564534Z #13 5.375 Collecting wcwidth (from prompt-toolkit>=3.0.36->click-repl>=0.2.0->celery==5.3.*->-r requirements.txt (line 11))
2025-08-21T12:26:51.7565092Z #13 5.378   Downloading wcwidth-0.2.13-py2.py3-none-any.whl.metadata (14 kB)
2025-08-21T12:26:51.7565658Z #13 5.426 Collecting rich>=13.7.1 (from rich-toolkit>=0.14.8->fastapi-cli>=0.0.2->fastapi==0.111.0->-r requirements.txt (line 3))
2025-08-21T12:26:51.7566180Z #13 5.430   Downloading rich-14.1.0-py3-none-any.whl.metadata (18 kB)
2025-08-21T12:26:51.7568333Z #13 5.459 Collecting shellingham>=1.3.0 (from typer>=0.15.1->fastapi-cli>=0.0.2->fastapi==0.111.0->-r requirements.txt (line 3))
2025-08-21T12:26:51.7568900Z #13 5.462   Downloading shellingham-1.5.4-py2.py3-none-any.whl.metadata (3.5 kB)
2025-08-21T12:26:51.7569529Z #13 5.509 Collecting markdown-it-py>=2.2.0 (from rich>=13.7.1->rich-toolkit>=0.14.8->fastapi-cli>=0.0.2->fastapi==0.111.0->-r requirements.txt (line 3))
2025-08-21T12:26:51.7570135Z #13 5.512   Downloading markdown_it_py-4.0.0-py3-none-any.whl.metadata (7.3 kB)
2025-08-21T12:26:51.7570728Z #13 5.532 Collecting pygments<3.0.0,>=2.13.0 (from rich>=13.7.1->rich-toolkit>=0.14.8->fastapi-cli>=0.0.2->fastapi==0.111.0->-r requirements.txt (line 3))
2025-08-21T12:26:51.7571308Z #13 5.535   Downloading pygments-2.19.2-py3-none-any.whl.metadata (2.5 kB)
2025-08-21T12:26:51.7571929Z #13 5.547 Collecting mdurl~=0.1 (from markdown-it-py>=2.2.0->rich>=13.7.1->rich-toolkit>=0.14.8->fastapi-cli>=0.0.2->fastapi==0.111.0->-r requirements.txt (line 3))
2025-08-21T12:26:51.7572686Z #13 5.550   Downloading mdurl-0.1.2-py3-none-any.whl.metadata (1.6 kB)
2025-08-21T12:26:51.7574636Z #13 5.562 Downloading uvicorn-0.29.0-py3-none-any.whl (60 kB)
2025-08-21T12:26:51.7575012Z #13 5.565 Downloading pydantic_settings-2.2.1-py3-none-any.whl (13 kB)
2025-08-21T12:26:51.7575395Z #13 5.567 Downloading fastapi-0.111.0-py3-none-any.whl (91 kB)
2025-08-21T12:26:51.7575889Z #13 5.571 Downloading SQLAlchemy-2.0.29-cp312-cp312-manylinux_2_17_x86_64.manylinux2014_x86_64.whl (3.2 MB)
2025-08-21T12:26:51.7576687Z #13 5.585    ━━━━━━━━━━━━━━━━━━━━━━━━━━━━━━━━━━━━━━━━ 3.2/3.2 MB 277.6 MB/s eta 0:00:00
2025-08-21T12:26:51.7577047Z #13 5.588 Downloading alembic-1.13.1-py3-none-any.whl (233 kB)
2025-08-21T12:26:51.7578588Z #13 5.592 Downloading psycopg-3.2.9-py3-none-any.whl (202 kB)
2025-08-21T12:26:51.7579091Z #13 5.595 Downloading httpx-0.27.2-py3-none-any.whl (76 kB)
2025-08-21T12:26:51.7579566Z #13 5.598 Downloading asyncpg-0.29.0-cp312-cp312-manylinux_2_17_x86_64.manylinux2014_x86_64.whl (3.3 MB)
2025-08-21T12:26:51.7580146Z #13 5.613    ━━━━━━━━━━━━━━━━━━━━━━━━━━━━━━━━━━━━━━━━ 3.3/3.3 MB 231.8 MB/s eta 0:00:00
2025-08-21T12:26:51.7580489Z #13 5.619 Downloading boto3-1.34.162-py3-none-any.whl (139 kB)
2025-08-21T12:26:51.7580827Z #13 5.621 Downloading jinja2-3.1.5-py3-none-any.whl (134 kB)
2025-08-21T12:26:51.7581148Z #13 5.624 Downloading celery-5.3.6-py3-none-any.whl (422 kB)
2025-08-21T12:26:51.7581504Z #13 5.629 Downloading structlog-24.1.0-py3-none-any.whl (65 kB)
2025-08-21T12:26:51.7581884Z #13 5.633 Downloading asgi_correlation_id-4.3.1-py3-none-any.whl (15 kB)
2025-08-21T12:26:51.7582277Z #13 5.636 Downloading fastapi_limiter-0.1.6-py3-none-any.whl (15 kB)
2025-08-21T12:26:51.7582634Z #13 5.639 Downloading redis-5.0.8-py3-none-any.whl (255 kB)
2025-08-21T12:26:51.7582986Z #13 5.645 Downloading sentry_sdk-2.9.0-py2.py3-none-any.whl (301 kB)
2025-08-21T12:26:51.7585389Z #13 5.650 Downloading httpcore-1.0.9-py3-none-any.whl (78 kB)
2025-08-21T12:26:51.7585903Z #13 5.656 Downloading psycopg_binary-3.2.9-cp312-cp312-manylinux_2_17_x86_64.manylinux2014_x86_64.whl (4.4 MB)
2025-08-21T12:26:51.8479227Z #13 5.673    ━━━━━━━━━━━━━━━━━━━━━━━━━━━━━━━━━━━━━━━━ 4.4/4.4 MB 292.1 MB/s eta 0:00:00
2025-08-21T12:26:51.8482050Z #13 5.676 Downloading billiard-4.2.1-py3-none-any.whl (86 kB)
2025-08-21T12:26:51.8482769Z #13 5.679 Downloading botocore-1.34.162-py3-none-any.whl (12.5 MB)
2025-08-21T12:26:51.8484255Z #13 5.725    ━━━━━━━━━━━━━━━━━━━━━━━━━━━━━━━━━━━━━━━━ 12.5/12.5 MB 278.1 MB/s eta 0:00:00
2025-08-21T12:26:51.8484929Z #13 5.728 Downloading click-8.2.1-py3-none-any.whl (102 kB)
2025-08-21T12:26:51.8485630Z #13 5.731 Downloading click_didyoumean-0.3.1-py3-none-any.whl (3.6 kB)
2025-08-21T12:26:51.8486393Z #13 5.734 Downloading click_plugins-1.1.1.2-py2.py3-none-any.whl (11 kB)
2025-08-21T12:26:51.8487133Z #13 5.736 Downloading click_repl-0.3.0-py3-none-any.whl (10 kB)
2025-08-21T12:26:51.8487589Z #13 5.739 Downloading email_validator-2.2.0-py3-none-any.whl (33 kB)
2025-08-21T12:26:51.8488025Z #13 5.742 Downloading fastapi_cli-0.0.8-py3-none-any.whl (10 kB)
2025-08-21T12:26:51.8488602Z #13 5.745 Downloading greenlet-3.2.4-cp312-cp312-manylinux_2_24_x86_64.manylinux_2_28_x86_64.whl (607 kB)
2025-08-21T12:26:51.8489318Z #13 5.749    ━━━━━━━━━━━━━━━━━━━━━━━━━━━━━━━━━━━━━━━ 607.6/607.6 kB 392.9 MB/s eta 0:00:00
2025-08-21T12:26:51.8489717Z #13 5.751 Downloading h11-0.16.0-py3-none-any.whl (37 kB)
2025-08-21T12:26:51.8490105Z #13 5.754 Downloading idna-3.10-py3-none-any.whl (70 kB)
2025-08-21T12:26:51.8490490Z #13 5.756 Downloading jmespath-1.0.1-py3-none-any.whl (20 kB)
2025-08-21T12:26:51.8490898Z #13 5.759 Downloading kombu-5.5.4-py3-none-any.whl (210 kB)
2025-08-21T12:26:51.8491279Z #13 5.762 Downloading vine-5.1.0-py3-none-any.whl (9.6 kB)
2025-08-21T12:26:51.8491781Z #13 5.764 Downloading MarkupSafe-3.0.2-cp312-cp312-manylinux_2_17_x86_64.manylinux2014_x86_64.whl (23 kB)
2025-08-21T12:26:51.8492370Z #13 5.767 Downloading orjson-3.11.2-cp312-cp312-manylinux_2_17_x86_64.manylinux2014_x86_64.whl (121 kB)
2025-08-21T12:26:51.8492831Z #13 5.770 Downloading pydantic-2.11.7-py3-none-any.whl (444 kB)
2025-08-21T12:26:51.8493337Z #13 5.774 Downloading pydantic_core-2.33.2-cp312-cp312-manylinux_2_17_x86_64.manylinux2014_x86_64.whl (2.0 MB)
2025-08-21T12:26:51.9484310Z #13 5.783    ━━━━━━━━━━━━━━━━━━━━━━━━━━━━━━━━━━━━━━━━ 2.0/2.0 MB 259.6 MB/s eta 0:00:00
2025-08-21T12:26:51.9486368Z #13 5.786 Downloading python_dateutil-2.9.0.post0-py2.py3-none-any.whl (229 kB)
2025-08-21T12:26:51.9487048Z #13 5.789 Downloading python_dotenv-1.1.1-py3-none-any.whl (20 kB)
2025-08-21T12:26:51.9487593Z #13 5.792 Downloading python_multipart-0.0.20-py3-none-any.whl (24 kB)
2025-08-21T12:26:51.9488023Z #13 5.795 Downloading s3transfer-0.10.4-py3-none-any.whl (83 kB)
2025-08-21T12:26:51.9488515Z #13 5.797 Downloading starlette-0.37.2-py3-none-any.whl (71 kB)
2025-08-21T12:26:51.9489218Z #13 5.800 Downloading anyio-4.10.0-py3-none-any.whl (107 kB)
2025-08-21T12:26:51.9489624Z #13 5.803 Downloading sniffio-1.3.1-py3-none-any.whl (10 kB)
2025-08-21T12:26:51.9490128Z #13 5.805 Downloading typing_extensions-4.14.1-py3-none-any.whl (43 kB)
2025-08-21T12:26:51.9490586Z #13 5.807 Downloading tzdata-2025.2-py2.py3-none-any.whl (347 kB)
2025-08-21T12:26:51.9510959Z #13 5.811 Downloading ujson-5.11.0-cp312-cp312-manylinux_2_24_x86_64.manylinux_2_28_x86_64.whl (57 kB)
2025-08-21T12:26:51.9511839Z #13 5.814 Downloading urllib3-2.5.0-py3-none-any.whl (129 kB)
2025-08-21T12:26:51.9512534Z #13 5.817 Downloading certifi-2025.8.3-py3-none-any.whl (161 kB)
2025-08-21T12:26:51.9513208Z #13 5.820 Downloading mako-1.3.10-py3-none-any.whl (78 kB)
2025-08-21T12:26:51.9513977Z #13 5.823 Downloading amqp-5.3.1-py3-none-any.whl (50 kB)
2025-08-21T12:26:51.9514826Z #13 5.825 Downloading annotated_types-0.7.0-py3-none-any.whl (13 kB)
2025-08-21T12:26:51.9515503Z #13 5.828 Downloading dnspython-2.7.0-py3-none-any.whl (313 kB)
2025-08-21T12:26:51.9516314Z #13 5.832 Downloading httptools-0.6.4-cp312-cp312-manylinux_2_5_x86_64.manylinux1_x86_64.manylinux_2_17_x86_64.manylinux2014_x86_64.whl (510 kB)
2025-08-21T12:26:51.9516936Z #13 5.835 Downloading prompt_toolkit-3.0.51-py3-none-any.whl (387 kB)
2025-08-21T12:26:51.9517416Z #13 5.839 Downloading PyYAML-6.0.2-cp312-cp312-manylinux_2_17_x86_64.manylinux2014_x86_64.whl (767 kB)
2025-08-21T12:26:51.9518057Z #13 5.843    ━━━━━━━━━━━━━━━━━━━━━━━━━━━━━━━━━━━━━━━ 767.5/767.5 kB 407.6 MB/s eta 0:00:00
2025-08-21T12:26:51.9518683Z #13 5.846 Downloading rich_toolkit-0.15.0-py3-none-any.whl (29 kB)
2025-08-21T12:26:51.9519045Z #13 5.849 Downloading six-1.17.0-py2.py3-none-any.whl (11 kB)
2025-08-21T12:26:51.9519375Z #13 5.852 Downloading typer-0.16.1-py3-none-any.whl (46 kB)
2025-08-21T12:26:51.9519736Z #13 5.855 Downloading typing_inspection-0.4.1-py3-none-any.whl (14 kB)
2025-08-21T12:26:51.9520241Z #13 5.858 Downloading uvloop-0.21.0-cp312-cp312-manylinux_2_17_x86_64.manylinux2014_x86_64.whl (4.7 MB)
2025-08-21T12:26:52.1295335Z #13 5.874    ━━━━━━━━━━━━━━━━━━━━━━━━━━━━━━━━━━━━━━━━ 4.7/4.7 MB 313.5 MB/s eta 0:00:00
2025-08-21T12:26:52.1296119Z #13 5.877 Downloading watchfiles-1.1.0-cp312-cp312-manylinux_2_17_x86_64.manylinux2014_x86_64.whl (452 kB)
2025-08-21T12:26:52.1297090Z #13 5.882 Downloading websockets-15.0.1-cp312-cp312-manylinux_2_5_x86_64.manylinux1_x86_64.manylinux_2_17_x86_64.manylinux2014_x86_64.whl (182 kB)
2025-08-21T12:26:52.1297885Z #13 5.884 Downloading packaging-25.0-py3-none-any.whl (66 kB)
2025-08-21T12:26:52.1298381Z #13 5.887 Downloading rich-14.1.0-py3-none-any.whl (243 kB)
2025-08-21T12:26:52.1298866Z #13 5.889 Downloading shellingham-1.5.4-py2.py3-none-any.whl (9.8 kB)
2025-08-21T12:26:52.1299373Z #13 5.892 Downloading wcwidth-0.2.13-py2.py3-none-any.whl (34 kB)
2025-08-21T12:26:52.1299865Z #13 5.894 Downloading markdown_it_py-4.0.0-py3-none-any.whl (87 kB)
2025-08-21T12:26:52.1300365Z #13 5.897 Downloading pygments-2.19.2-py3-none-any.whl (1.2 MB)
2025-08-21T12:26:52.1300917Z #13 5.902    ━━━━━━━━━━━━━━━━━━━━━━━━━━━━━━━━━━━━━━━━ 1.2/1.2 MB 357.6 MB/s eta 0:00:00
2025-08-21T12:26:52.1301352Z #13 5.905 Downloading mdurl-0.1.2-py3-none-any.whl (10.0 kB)
2025-08-21T12:26:52.1932373Z #13 6.119 Installing collected packages: wcwidth, websockets, vine, uvloop, urllib3, ujson, tzdata, typing-extensions, structlog, sniffio, six, shellingham, redis, pyyaml, python-multipart, python-dotenv, pygments, psycopg-binary, prompt-toolkit, packaging, orjson, mdurl, MarkupSafe, jmespath, idna, httptools, h11, greenlet, dnspython, click, certifi, billiard, asyncpg, annotated-types, uvicorn, typing-inspection, sqlalchemy, sentry-sdk, python-dateutil, pydantic-core, psycopg, markdown-it-py, Mako, Jinja2, httpcore, email_validator, click-repl, click-plugins, click-didyoumean, anyio, amqp, watchfiles, starlette, rich, pydantic, kombu, httpx, botocore, alembic, typer, s3transfer, rich-toolkit, pydantic-settings, celery, asgi-correlation-id, fastapi-cli, boto3, fastapi, fastapi-limiter
2025-08-21T12:26:58.4132718Z #13 12.34 Successfully installed Jinja2-3.1.5 Mako-1.3.10 MarkupSafe-3.0.2 alembic-1.13.1 amqp-5.3.1 annotated-types-0.7.0 anyio-4.10.0 asgi-correlation-id-4.3.1 asyncpg-0.29.0 billiard-4.2.1 boto3-1.34.162 botocore-1.34.162 celery-5.3.6 certifi-2025.8.3 click-8.2.1 click-didyoumean-0.3.1 click-plugins-1.1.1.2 click-repl-0.3.0 dnspython-2.7.0 email_validator-2.2.0 fastapi-0.111.0 fastapi-cli-0.0.8 fastapi-limiter-0.1.6 greenlet-3.2.4 h11-0.16.0 httpcore-1.0.9 httptools-0.6.4 httpx-0.27.2 idna-3.10 jmespath-1.0.1 kombu-5.5.4 markdown-it-py-4.0.0 mdurl-0.1.2 orjson-3.11.2 packaging-25.0 prompt-toolkit-3.0.51 psycopg-3.2.9 psycopg-binary-3.2.9 pydantic-2.11.7 pydantic-core-2.33.2 pydantic-settings-2.2.1 pygments-2.19.2 python-dateutil-2.9.0.post0 python-dotenv-1.1.1 python-multipart-0.0.20 pyyaml-6.0.2 redis-5.0.8 rich-14.1.0 rich-toolkit-0.15.0 s3transfer-0.10.4 sentry-sdk-2.9.0 shellingham-1.5.4 six-1.17.0 sniffio-1.3.1 sqlalchemy-2.0.29 starlette-0.37.2 structlog-24.1.0 typer-0.16.1 typing-extensions-4.14.1 typing-inspection-0.4.1 tzdata-2025.2 ujson-5.11.0 urllib3-2.5.0 uvicorn-0.29.0 uvloop-0.21.0 vine-5.1.0 watchfiles-1.1.0 wcwidth-0.2.13 websockets-15.0.1
2025-08-21T12:26:58.6261296Z #13 12.34 WARNING: Running pip as the 'root' user can result in broken permissions and conflicting behaviour with the system package manager, possibly rendering your system unusable. It is recommended to use a virtual environment instead: https://pip.pypa.io/warnings/venv. Use the --root-user-action option if you know what you are doing and want to suppress this warning.
2025-08-21T12:26:58.6263477Z #13 12.40 
2025-08-21T12:26:58.6263792Z #13 12.40 [notice] A new release of pip is available: 25.0.1 -> 25.2
2025-08-21T12:26:58.6264491Z #13 12.40 [notice] To update, run: pip install --upgrade pip
2025-08-21T12:26:58.8217047Z #13 DONE 12.7s
2025-08-21T12:26:58.9284396Z 
2025-08-21T12:26:58.9284939Z #14 [base  5/13] COPY services/api/ ./services/api
2025-08-21T12:26:58.9285447Z #14 DONE 0.1s
2025-08-21T12:26:58.9285662Z 
2025-08-21T12:26:58.9285880Z #15 [base  6/13] COPY services/common/ ./services/common
2025-08-21T12:26:58.9286347Z #15 DONE 0.0s
2025-08-21T12:26:59.0735892Z 
2025-08-21T12:26:59.0740731Z #16 [base  7/13] COPY services/ingest/ ./services/ingest
2025-08-21T12:26:59.0741341Z #16 DONE 0.0s
2025-08-21T12:26:59.0741523Z 
2025-08-21T12:26:59.0741700Z #17 [base  8/13] COPY services/etl/ ./services/etl
2025-08-21T12:26:59.0742139Z #17 DONE 0.0s
2025-08-21T12:26:59.0742303Z 
2025-08-21T12:26:59.0742437Z #18 [base  9/13] COPY api/ ./api
2025-08-21T12:26:59.0742817Z #18 DONE 0.0s
2025-08-21T12:26:59.0742973Z 
2025-08-21T12:26:59.0743182Z #19 [base 10/13] COPY services/api/alembic.ini ./alembic.ini
2025-08-21T12:26:59.0743649Z #19 DONE 0.0s
2025-08-21T12:26:59.0743814Z 
2025-08-21T12:26:59.0743963Z #20 [base 11/13] COPY alembic/ ./alembic/
2025-08-21T12:26:59.0744531Z #20 DONE 0.0s
2025-08-21T12:26:59.0744636Z 
2025-08-21T12:26:59.0744891Z #21 [base 12/13] COPY services/api/entrypoint.sh ./entrypoint.sh
2025-08-21T12:26:59.0745282Z #21 DONE 0.0s
2025-08-21T12:26:59.0745385Z 
2025-08-21T12:26:59.0745492Z #22 [base 13/13] RUN chmod +x ./entrypoint.sh
2025-08-21T12:26:59.0745865Z #22 DONE 0.1s
2025-08-21T12:26:59.9409343Z 
2025-08-21T12:26:59.9409898Z #23 [stage-1 4/6] COPY --from=base /usr/local /usr/local
2025-08-21T12:27:01.7761779Z #23 DONE 1.8s
2025-08-21T12:27:01.8919810Z 
2025-08-21T12:27:01.8920367Z #24 [stage-1 5/6] COPY --from=base /app /app
2025-08-21T12:27:01.8920881Z #24 DONE 0.1s
2025-08-21T12:27:02.0980867Z 
2025-08-21T12:27:02.0981394Z #25 [stage-1 6/6] RUN chmod +x /app/entrypoint.sh
2025-08-21T12:27:02.0981839Z #25 DONE 0.1s
2025-08-21T12:27:02.0981985Z 
2025-08-21T12:27:02.0982107Z #26 exporting to docker image format
2025-08-21T12:27:02.0982479Z #26 exporting layers
2025-08-21T12:27:07.2920860Z #26 exporting layers 5.3s done
2025-08-21T12:27:07.4487096Z #26 exporting manifest sha256:37ae62b93053e0dfe87fa8cf47254dac2db8a1d1f6cdfb9c8209317bc4a10cab done
2025-08-21T12:27:07.4488666Z #26 exporting config sha256:6483044ad96a9cdfe1ccad77cc041fd97ccd8565f3613bad5d1107291e0c2588 done
2025-08-21T12:27:07.4489499Z #26 sending tarball
2025-08-21T12:27:07.9003049Z #26 ...
2025-08-21T12:27:07.9003288Z 
2025-08-21T12:27:07.9003622Z #27 importing to docker
2025-08-21T12:27:08.0504421Z #27 loading layer e6a3842ebc7f 327.68kB / 29.77MB
2025-08-21T12:27:08.7688185Z #27 loading layer 11a4ec4d004e 32.77kB / 1.29MB
2025-08-21T12:27:09.1060113Z #27 loading layer 07cd4433de32 131.07kB / 12.11MB
2025-08-21T12:27:09.6696614Z #27 loading layer e33228fe7708 251B / 251B
2025-08-21T12:27:09.8567576Z #27 loading layer f70c9c4d3577 92B / 92B
2025-08-21T12:27:09.8568150Z #27 loading layer 94bac9ccd37c 196.61kB / 19.48MB
2025-08-21T12:27:10.6142540Z #27 loading layer c8752b6c644d 557.06kB / 56.29MB
2025-08-21T12:27:12.7145099Z #27 loading layer c8752b6c644d 42.34MB / 56.29MB 2.1s
2025-08-21T12:27:13.5043741Z #27 loading layer cb1f8f706e33 32.77kB / 41.18kB
2025-08-21T12:27:13.5930251Z #27 loading layer e6a3842ebc7f 29.77MB / 29.77MB 5.7s done
2025-08-21T12:27:13.5930855Z #27 loading layer 11a4ec4d004e 1.29MB / 1.29MB 4.8s done
2025-08-21T12:27:13.5931392Z #27 loading layer 07cd4433de32 12.11MB / 12.11MB 4.5s done
2025-08-21T12:27:13.5931940Z #27 loading layer e33228fe7708 251B / 251B 3.9s done
2025-08-21T12:27:13.5932435Z #27 loading layer f70c9c4d3577 92B / 92B 3.9s done
2025-08-21T12:27:13.5932979Z #27 loading layer 94bac9ccd37c 19.48MB / 19.48MB 3.9s done
2025-08-21T12:27:13.5933533Z #27 loading layer c8752b6c644d 56.29MB / 56.29MB 3.0s done
2025-08-21T12:27:13.5934671Z #27 loading layer cb1f8f706e33 41.18kB / 41.18kB 0.1s done
2025-08-21T12:27:13.5935199Z #27 loading layer 5f70bf18a086 32B / 32B 0.0s done
2025-08-21T12:27:13.5935647Z #27 DONE 5.7s
2025-08-21T12:27:13.5935825Z 
2025-08-21T12:27:13.5935988Z #26 exporting to docker image format
2025-08-21T12:27:13.5936394Z #26 sending tarball 6.3s done
2025-08-21T12:27:13.5936770Z #26 DONE 11.6s
2025-08-21T12:27:13.7350411Z Post job cleanup.
2025-08-21T12:27:13.8696820Z [warning]Path Validation Error: Path(s) specified in the action for caching do(es) not exist, hence no cache is being saved.
2025-08-21T12:27:13.8785349Z Post job cleanup.
2025-08-21T12:27:14.1631166Z ##[group]Removing builder
2025-08-21T12:27:14.2709813Z [command]/usr/bin/docker buildx rm builder-0c2f3738-ea31-420d-908c-f59a8329c10e
2025-08-21T12:27:15.3201749Z builder-0c2f3738-ea31-420d-908c-f59a8329c10e removed
2025-08-21T12:27:15.3239592Z ##[endgroup]
2025-08-21T12:27:15.3241565Z ##[group]Cleaning up certificates
2025-08-21T12:27:15.3248668Z ##[endgroup]
2025-08-21T12:27:15.3249398Z ##[group]Post cache
2025-08-21T12:27:15.3251843Z State not set
2025-08-21T12:27:15.3252457Z ##[endgroup]
2025-08-21T12:27:15.3372909Z Post job cleanup.
2025-08-21T12:27:15.4129387Z [command]/usr/bin/git version
2025-08-21T12:27:15.4165680Z git version 2.51.0
2025-08-21T12:27:15.4202392Z Temporarily overriding HOME='/home/runner/work/_temp/924722d7-87a9-4b10-94fc-a4008035fe8b' before making global git config changes
2025-08-21T12:27:15.4203621Z Adding repository directory to the temporary git global config as a safe directory
2025-08-21T12:27:15.4208489Z [command]/usr/bin/git config --global --add safe.directory /home/runner/work/AWA-App/AWA-App
2025-08-21T12:27:15.4243445Z [command]/usr/bin/git config --local --name-only --get-regexp core\.sshCommand
2025-08-21T12:27:15.4276271Z [command]/usr/bin/git submodule foreach --recursive sh -c "git config --local --name-only --get-regexp 'core\.sshCommand' && git config --local --unset-all 'core.sshCommand' || :"
2025-08-21T12:27:15.4501349Z [command]/usr/bin/git config --local --name-only --get-regexp http\.https\:\/\/github\.com\/\.extraheader
2025-08-21T12:27:15.4524384Z http.https://github.com/.extraheader
2025-08-21T12:27:15.4533848Z [command]/usr/bin/git config --local --unset-all http.https://github.com/.extraheader
2025-08-21T12:27:15.4565682Z [command]/usr/bin/git submodule foreach --recursive sh -c "git config --local --name-only --get-regexp 'http\.https\:\/\/github\.com\/\.extraheader' && git config --local --unset-all 'http.https://github.com/.extraheader' || :"
2025-08-21T12:27:15.4897676Z Cleaning up orphan processes
