2025-08-21T18:52:45.9771118Z Current runner version: '2.328.0'
2025-08-21T18:52:45.9804233Z ##[group]Runner Image Provisioner
2025-08-21T18:52:45.9805373Z Hosted Compute Agent
2025-08-21T18:52:45.9806384Z Version: 20250818.377
2025-08-21T18:52:45.9807423Z Commit: 3c593e9f75fe0b87e893bca80d6e12ba089c61fc
2025-08-21T18:52:45.9808693Z Build Date: 2025-08-18T14:52:18Z
2025-08-21T18:52:45.9809760Z ##[endgroup]
2025-08-21T18:52:45.9810705Z ##[group]Operating System
2025-08-21T18:52:45.9811636Z Ubuntu
2025-08-21T18:52:45.9812484Z 24.04.2
2025-08-21T18:52:45.9813244Z LTS
2025-08-21T18:52:45.9814236Z ##[endgroup]
2025-08-21T18:52:45.9815246Z ##[group]Runner Image
2025-08-21T18:52:45.9816248Z Image: ubuntu-24.04
2025-08-21T18:52:45.9817136Z Version: 20250818.1.0
2025-08-21T18:52:45.9818780Z Included Software: https://github.com/actions/runner-images/blob/ubuntu24/20250818.1/images/ubuntu/Ubuntu2404-Readme.md
2025-08-21T18:52:45.9821429Z Image Release: https://github.com/actions/runner-images/releases/tag/ubuntu24%2F20250818.1
2025-08-21T18:52:45.9823069Z ##[endgroup]
2025-08-21T18:52:45.9827417Z ##[group]GITHUB_TOKEN Permissions
2025-08-21T18:52:45.9830551Z Actions: write
2025-08-21T18:52:45.9831480Z Attestations: write
2025-08-21T18:52:45.9832329Z Checks: write
2025-08-21T18:52:45.9833264Z Contents: write
2025-08-21T18:52:45.9834309Z Deployments: write
2025-08-21T18:52:45.9835257Z Discussions: write
2025-08-21T18:52:45.9836278Z Issues: write
2025-08-21T18:52:45.9837184Z Metadata: read
2025-08-21T18:52:45.9838011Z Models: read
2025-08-21T18:52:45.9839015Z Packages: write
2025-08-21T18:52:45.9839936Z Pages: write
2025-08-21T18:52:45.9840737Z PullRequests: write
2025-08-21T18:52:45.9841798Z RepositoryProjects: write
2025-08-21T18:52:45.9842777Z SecurityEvents: write
2025-08-21T18:52:45.9844167Z Statuses: write
2025-08-21T18:52:45.9845011Z ##[endgroup]
2025-08-21T18:52:45.9847927Z Secret source: Actions
2025-08-21T18:52:45.9848999Z Prepare workflow directory
2025-08-21T18:52:46.0227188Z Prepare all required actions
2025-08-21T18:52:46.0283026Z Getting action download info
2025-08-21T18:52:46.3435146Z Download action repository 'actions/checkout@v5' (SHA:08c6903cd8c0fde910a37f88322edcfb5dd907a8)
2025-08-21T18:52:46.4871183Z Download action repository 'docker/setup-buildx-action@v3' (SHA:e468171a9de216ec08956ac3ada2f0791b6bd435)
2025-08-21T18:52:47.1292653Z Download action repository 'actions/cache@v4' (SHA:0400d5f644dc74513175e3cd8d07132dd4860809)
2025-08-21T18:52:47.3073192Z Complete job name: container-build
2025-08-21T18:52:47.3713908Z ##[group]Run actions/checkout@v5
2025-08-21T18:52:47.3714746Z with:
2025-08-21T18:52:47.3715133Z   repository: AlexBomber12/AWA-App
2025-08-21T18:52:47.3715771Z   token: ***
2025-08-21T18:52:47.3716132Z   ssh-strict: true
2025-08-21T18:52:47.3716511Z   ssh-user: git
2025-08-21T18:52:47.3716902Z   persist-credentials: true
2025-08-21T18:52:47.3717327Z   clean: true
2025-08-21T18:52:47.3717713Z   sparse-checkout-cone-mode: true
2025-08-21T18:52:47.3718174Z   fetch-depth: 1
2025-08-21T18:52:47.3718552Z   fetch-tags: false
2025-08-21T18:52:47.3718946Z   show-progress: true
2025-08-21T18:52:47.3719333Z   lfs: false
2025-08-21T18:52:47.3719677Z   submodules: false
2025-08-21T18:52:47.3720067Z   set-safe-directory: true
2025-08-21T18:52:47.3720694Z ##[endgroup]
2025-08-21T18:52:47.4644146Z Syncing repository: AlexBomber12/AWA-App
2025-08-21T18:52:47.4645844Z ##[group]Getting Git version info
2025-08-21T18:52:47.4646512Z Working directory is '/home/runner/work/AWA-App/AWA-App'
2025-08-21T18:52:47.4647503Z [command]/usr/bin/git version
2025-08-21T18:52:47.4718588Z git version 2.51.0
2025-08-21T18:52:47.4739242Z ##[endgroup]
2025-08-21T18:52:47.4755951Z Temporarily overriding HOME='/home/runner/work/_temp/4035f46f-d8d4-4dbf-87b1-e9859df74f6b' before making global git config changes
2025-08-21T18:52:47.4758387Z Adding repository directory to the temporary git global config as a safe directory
2025-08-21T18:52:47.4761169Z [command]/usr/bin/git config --global --add safe.directory /home/runner/work/AWA-App/AWA-App
2025-08-21T18:52:47.4798954Z Deleting the contents of '/home/runner/work/AWA-App/AWA-App'
2025-08-21T18:52:47.4802783Z ##[group]Initializing the repository
2025-08-21T18:52:47.4807708Z [command]/usr/bin/git init /home/runner/work/AWA-App/AWA-App
2025-08-21T18:52:47.4941445Z hint: Using 'master' as the name for the initial branch. This default branch name
2025-08-21T18:52:47.4942597Z hint: is subject to change. To configure the initial branch name to use in all
2025-08-21T18:52:47.4943513Z hint: of your new repositories, which will suppress this warning, call:
2025-08-21T18:52:47.4944537Z hint:
2025-08-21T18:52:47.4944999Z hint: 	git config --global init.defaultBranch <name>
2025-08-21T18:52:47.4945673Z hint:
2025-08-21T18:52:47.4946206Z hint: Names commonly chosen instead of 'master' are 'main', 'trunk' and
2025-08-21T18:52:47.4947155Z hint: 'development'. The just-created branch can be renamed via this command:
2025-08-21T18:52:47.4948357Z hint:
2025-08-21T18:52:47.4948757Z hint: 	git branch -m <name>
2025-08-21T18:52:47.4949205Z hint:
2025-08-21T18:52:47.4950225Z hint: Disable this message with "git config set advice.defaultBranchName false"
2025-08-21T18:52:47.4951979Z Initialized empty Git repository in /home/runner/work/AWA-App/AWA-App/.git/
2025-08-21T18:52:47.4960336Z [command]/usr/bin/git remote add origin https://github.com/AlexBomber12/AWA-App
2025-08-21T18:52:47.4999878Z ##[endgroup]
2025-08-21T18:52:47.5001246Z ##[group]Disabling automatic garbage collection
2025-08-21T18:52:47.5004476Z [command]/usr/bin/git config --local gc.auto 0
2025-08-21T18:52:47.5031826Z ##[endgroup]
2025-08-21T18:52:47.5032995Z ##[group]Setting up auth
2025-08-21T18:52:47.5038876Z [command]/usr/bin/git config --local --name-only --get-regexp core\.sshCommand
2025-08-21T18:52:47.5069595Z [command]/usr/bin/git submodule foreach --recursive sh -c "git config --local --name-only --get-regexp 'core\.sshCommand' && git config --local --unset-all 'core.sshCommand' || :"
2025-08-21T18:52:47.5425399Z [command]/usr/bin/git config --local --name-only --get-regexp http\.https\:\/\/github\.com\/\.extraheader
2025-08-21T18:52:47.5456619Z [command]/usr/bin/git submodule foreach --recursive sh -c "git config --local --name-only --get-regexp 'http\.https\:\/\/github\.com\/\.extraheader' && git config --local --unset-all 'http.https://github.com/.extraheader' || :"
2025-08-21T18:52:47.5674917Z [command]/usr/bin/git config --local http.https://github.com/.extraheader AUTHORIZATION: basic ***
2025-08-21T18:52:47.5708049Z ##[endgroup]
2025-08-21T18:52:47.5709405Z ##[group]Fetching the repository
2025-08-21T18:52:47.5717844Z [command]/usr/bin/git -c protocol.version=2 fetch --no-tags --prune --no-recurse-submodules --depth=1 origin +777395e6299764210687a202fc4d5de256cfa4cb:refs/remotes/origin/main
2025-08-21T18:52:48.0091181Z From https://github.com/AlexBomber12/AWA-App
2025-08-21T18:52:48.0093317Z  * [new ref]         777395e6299764210687a202fc4d5de256cfa4cb -> origin/main
2025-08-21T18:52:48.0125603Z ##[endgroup]
2025-08-21T18:52:48.0127038Z ##[group]Determining the checkout info
2025-08-21T18:52:48.0129025Z ##[endgroup]
2025-08-21T18:52:48.0132990Z [command]/usr/bin/git sparse-checkout disable
2025-08-21T18:52:48.0173929Z [command]/usr/bin/git config --local --unset-all extensions.worktreeConfig
2025-08-21T18:52:48.0203132Z ##[group]Checking out the ref
2025-08-21T18:52:48.0204993Z [command]/usr/bin/git checkout --progress --force -B main refs/remotes/origin/main
2025-08-21T18:52:48.0544183Z Switched to a new branch 'main'
2025-08-21T18:52:48.0546875Z branch 'main' set up to track 'origin/main'.
2025-08-21T18:52:48.0555332Z ##[endgroup]
2025-08-21T18:52:48.0592575Z [command]/usr/bin/git log -1 --format=%H
2025-08-21T18:52:48.0615807Z 777395e6299764210687a202fc4d5de256cfa4cb
2025-08-21T18:52:48.0848040Z ##[group]Run docker/setup-buildx-action@v3
2025-08-21T18:52:48.0848695Z with:
2025-08-21T18:52:48.0849095Z   driver: docker-container
2025-08-21T18:52:48.0849558Z   install: false
2025-08-21T18:52:48.0849945Z   use: true
2025-08-21T18:52:48.0850322Z   keep-state: false
2025-08-21T18:52:48.0850958Z   cache-binary: true
2025-08-21T18:52:48.0851370Z   cleanup: true
2025-08-21T18:52:48.0851763Z ##[endgroup]
2025-08-21T18:52:48.3741703Z ##[group]Docker info
2025-08-21T18:52:48.3763990Z [command]/usr/bin/docker version
2025-08-21T18:52:48.4648344Z Client: Docker Engine - Community
2025-08-21T18:52:48.4650168Z  Version:           28.0.4
2025-08-21T18:52:48.4650996Z  API version:       1.48
2025-08-21T18:52:48.4651713Z  Go version:        go1.23.7
2025-08-21T18:52:48.4652422Z  Git commit:        b8034c0
2025-08-21T18:52:48.4652920Z  Built:             Tue Mar 25 15:07:16 2025
2025-08-21T18:52:48.4653476Z  OS/Arch:           linux/amd64
2025-08-21T18:52:48.4654373Z  Context:           default
2025-08-21T18:52:48.4654672Z 
2025-08-21T18:52:48.4654867Z Server: Docker Engine - Community
2025-08-21T18:52:48.4655343Z  Engine:
2025-08-21T18:52:48.4655691Z   Version:          28.0.4
2025-08-21T18:52:48.4656169Z   API version:      1.48 (minimum version 1.24)
2025-08-21T18:52:48.4656719Z   Go version:       go1.23.7
2025-08-21T18:52:48.4657172Z   Git commit:       6430e49
2025-08-21T18:52:48.4657633Z   Built:            Tue Mar 25 15:07:16 2025
2025-08-21T18:52:48.4658141Z   OS/Arch:          linux/amd64
2025-08-21T18:52:48.4658595Z   Experimental:     false
2025-08-21T18:52:48.4659016Z  containerd:
2025-08-21T18:52:48.4659385Z   Version:          1.7.27
2025-08-21T18:52:48.4659902Z   GitCommit:        05044ec0a9a75232cad458027ca83437aae3f4da
2025-08-21T18:52:48.4660962Z  runc:
2025-08-21T18:52:48.4661590Z   Version:          1.2.5
2025-08-21T18:52:48.4662398Z   GitCommit:        v1.2.5-0-g59923ef
2025-08-21T18:52:48.4663287Z  docker-init:
2025-08-21T18:52:48.4664234Z   Version:          0.19.0
2025-08-21T18:52:48.4665051Z   GitCommit:        de40ad0
2025-08-21T18:52:48.4701116Z [command]/usr/bin/docker info
2025-08-21T18:52:48.8383290Z Client: Docker Engine - Community
2025-08-21T18:52:48.8385611Z  Version:    28.0.4
2025-08-21T18:52:48.8386252Z  Context:    default
2025-08-21T18:52:48.8387305Z  Debug Mode: false
2025-08-21T18:52:48.8388245Z  Plugins:
2025-08-21T18:52:48.8389123Z   buildx: Docker Buildx (Docker Inc.)
2025-08-21T18:52:48.8390278Z     Version:  v0.26.1
2025-08-21T18:52:48.8391284Z     Path:     /usr/libexec/docker/cli-plugins/docker-buildx
2025-08-21T18:52:48.8392209Z   compose: Docker Compose (Docker Inc.)
2025-08-21T18:52:48.8392946Z     Version:  v2.38.2
2025-08-21T18:52:48.8394224Z     Path:     /usr/libexec/docker/cli-plugins/docker-compose
2025-08-21T18:52:48.8395087Z 
2025-08-21T18:52:48.8395339Z Server:
2025-08-21T18:52:48.8395877Z  Containers: 0
2025-08-21T18:52:48.8396465Z   Running: 0
2025-08-21T18:52:48.8397118Z   Paused: 0
2025-08-21T18:52:48.8397736Z   Stopped: 0
2025-08-21T18:52:48.8398360Z  Images: 0
2025-08-21T18:52:48.8398974Z  Server Version: 28.0.4
2025-08-21T18:52:48.8400034Z  Storage Driver: overlay2
2025-08-21T18:52:48.8400827Z   Backing Filesystem: extfs
2025-08-21T18:52:48.8401593Z   Supports d_type: true
2025-08-21T18:52:48.8402318Z   Using metacopy: false
2025-08-21T18:52:48.8403084Z   Native Overlay Diff: false
2025-08-21T18:52:48.8404162Z   userxattr: false
2025-08-21T18:52:48.8405018Z  Logging Driver: json-file
2025-08-21T18:52:48.8405984Z  Cgroup Driver: systemd
2025-08-21T18:52:48.8406846Z  Cgroup Version: 2
2025-08-21T18:52:48.8407876Z  Plugins:
2025-08-21T18:52:48.8408990Z   Volume: local
2025-08-21T18:52:48.8410140Z   Network: bridge host ipvlan macvlan null overlay
2025-08-21T18:52:48.8412106Z   Log: awslogs fluentd gcplogs gelf journald json-file local splunk syslog
2025-08-21T18:52:48.8414060Z  Swarm: inactive
2025-08-21T18:52:48.8415269Z  Runtimes: io.containerd.runc.v2 runc
2025-08-21T18:52:48.8416637Z  Default Runtime: runc
2025-08-21T18:52:48.8418314Z  Init Binary: docker-init
2025-08-21T18:52:48.8420301Z  containerd version: 05044ec0a9a75232cad458027ca83437aae3f4da
2025-08-21T18:52:48.8421949Z  runc version: v1.2.5-0-g59923ef
2025-08-21T18:52:48.8423133Z  init version: de40ad0
2025-08-21T18:52:48.8424590Z  Security Options:
2025-08-21T18:52:48.8425745Z   apparmor
2025-08-21T18:52:48.8427130Z   seccomp
2025-08-21T18:52:48.8428291Z    Profile: builtin
2025-08-21T18:52:48.8429475Z   cgroupns
2025-08-21T18:52:48.8430705Z  Kernel Version: 6.11.0-1018-azure
2025-08-21T18:52:48.8432027Z  Operating System: Ubuntu 24.04.2 LTS
2025-08-21T18:52:48.8433496Z  OSType: linux
2025-08-21T18:52:48.8434899Z  Architecture: x86_64
2025-08-21T18:52:48.8435942Z  CPUs: 4
2025-08-21T18:52:48.8436836Z  Total Memory: 15.62GiB
2025-08-21T18:52:48.8437957Z  Name: pkrvmqc4gcfdwos
2025-08-21T18:52:48.8439066Z  ID: 1c1cbb44-b30d-44d5-842a-37462128d90e
2025-08-21T18:52:48.8440309Z  Docker Root Dir: /var/lib/docker
2025-08-21T18:52:48.8441430Z  Debug Mode: false
2025-08-21T18:52:48.8442391Z  Username: githubactions
2025-08-21T18:52:48.8443400Z  Experimental: false
2025-08-21T18:52:48.8444572Z  Insecure Registries:
2025-08-21T18:52:48.8448370Z   ::1/128
2025-08-21T18:52:48.8449201Z   127.0.0.0/8
2025-08-21T18:52:48.8450062Z  Live Restore Enabled: false
2025-08-21T18:52:48.8450684Z 
2025-08-21T18:52:48.8451970Z ##[endgroup]
2025-08-21T18:52:48.9037942Z ##[group]Buildx version
2025-08-21T18:52:48.9062634Z [command]/usr/bin/docker buildx version
2025-08-21T18:52:48.9566281Z github.com/docker/buildx v0.26.1 1a8287f22cf5a38339a4c1bf432b803c5f8b2aae
2025-08-21T18:52:48.9599065Z ##[endgroup]
2025-08-21T18:52:48.9744990Z ##[group]Inspecting default docker context
2025-08-21T18:52:48.9881726Z [
2025-08-21T18:52:48.9883069Z   {
2025-08-21T18:52:48.9884608Z     "Name": "default",
2025-08-21T18:52:48.9886168Z     "Metadata": {},
2025-08-21T18:52:48.9887697Z     "Endpoints": {
2025-08-21T18:52:48.9889190Z       "docker": {
2025-08-21T18:52:48.9890783Z         "Host": "unix:///var/run/docker.sock",
2025-08-21T18:52:48.9892887Z         "SkipTLSVerify": false
2025-08-21T18:52:48.9894746Z       }
2025-08-21T18:52:48.9896031Z     },
2025-08-21T18:52:48.9897401Z     "TLSMaterial": {},
2025-08-21T18:52:48.9898948Z     "Storage": {
2025-08-21T18:52:48.9900502Z       "MetadataPath": "<IN MEMORY>",
2025-08-21T18:52:48.9902463Z       "TLSPath": "<IN MEMORY>"
2025-08-21T18:52:48.9904233Z     }
2025-08-21T18:52:48.9905445Z   }
2025-08-21T18:52:48.9906597Z ]
2025-08-21T18:52:48.9908779Z ##[endgroup]
2025-08-21T18:52:48.9911077Z ##[group]Creating a new builder instance
2025-08-21T18:52:49.1015410Z [command]/usr/bin/docker buildx create --name builder-c9519a9d-6cdc-426c-b071-65c2af5c2236 --driver docker-container --buildkitd-flags --allow-insecure-entitlement security.insecure --allow-insecure-entitlement network.host --use
2025-08-21T18:52:49.1575615Z builder-c9519a9d-6cdc-426c-b071-65c2af5c2236
2025-08-21T18:52:49.1615328Z ##[endgroup]
2025-08-21T18:52:49.1617789Z ##[group]Booting builder
2025-08-21T18:52:49.1652482Z [command]/usr/bin/docker buildx inspect --bootstrap --builder builder-c9519a9d-6cdc-426c-b071-65c2af5c2236
2025-08-21T18:52:49.2259588Z #1 [internal] booting buildkit
2025-08-21T18:52:49.3767508Z #1 pulling image moby/buildkit:buildx-stable-1
2025-08-21T18:52:54.5252483Z #1 pulling image moby/buildkit:buildx-stable-1 5.3s done
2025-08-21T18:52:54.6754058Z #1 creating container buildx_buildkit_builder-c9519a9d-6cdc-426c-b071-65c2af5c22360
2025-08-21T18:52:54.8000010Z #1 creating container buildx_buildkit_builder-c9519a9d-6cdc-426c-b071-65c2af5c22360 0.3s done
2025-08-21T18:52:54.8026476Z #1 DONE 5.6s
2025-08-21T18:52:54.8330441Z Name:          builder-c9519a9d-6cdc-426c-b071-65c2af5c2236
2025-08-21T18:52:54.8331564Z Driver:        docker-container
2025-08-21T18:52:54.8332723Z Last Activity: 2025-08-21 18:52:49 +0000 UTC
2025-08-21T18:52:54.8333078Z 
2025-08-21T18:52:54.8333204Z Nodes:
2025-08-21T18:52:54.8333652Z Name:                  builder-c9519a9d-6cdc-426c-b071-65c2af5c22360
2025-08-21T18:52:54.8334910Z Endpoint:              unix:///var/run/docker.sock
2025-08-21T18:52:54.8335595Z Status:                running
2025-08-21T18:52:54.8336495Z BuildKit daemon flags: --allow-insecure-entitlement security.insecure --allow-insecure-entitlement network.host
2025-08-21T18:52:54.8337392Z BuildKit version:      v0.23.2
2025-08-21T18:52:54.8338307Z Platforms:             linux/amd64, linux/amd64/v2, linux/amd64/v3, linux/386
2025-08-21T18:52:54.8338887Z Labels:
2025-08-21T18:52:54.8339573Z  org.mobyproject.buildkit.worker.executor:         oci
2025-08-21T18:52:54.8340521Z  org.mobyproject.buildkit.worker.hostname:         17fafdc6d9d3
2025-08-21T18:52:54.8341225Z  org.mobyproject.buildkit.worker.network:          host
2025-08-21T18:52:54.8341907Z  org.mobyproject.buildkit.worker.oci.process-mode: sandbox
2025-08-21T18:52:54.8342617Z  org.mobyproject.buildkit.worker.selinux.enabled:  false
2025-08-21T18:52:54.8343320Z  org.mobyproject.buildkit.worker.snapshotter:      overlayfs
2025-08-21T18:52:54.8344090Z GC Policy rule#0:
2025-08-21T18:52:54.8344412Z  All:            false
2025-08-21T18:52:54.8344941Z  Filters:        type==source.local,type==exec.cachemount,type==source.git.checkout
2025-08-21T18:52:54.8345654Z  Keep Duration:  48h0m0s
2025-08-21T18:52:54.8346023Z  Max Used Space: 488.3MiB
2025-08-21T18:52:54.8346365Z GC Policy rule#1:
2025-08-21T18:52:54.8346717Z  All:            false
2025-08-21T18:52:54.8347093Z  Keep Duration:  1440h0m0s
2025-08-21T18:52:54.8347465Z  Reserved Space: 7.451GiB
2025-08-21T18:52:54.8347859Z  Max Used Space: 54.02GiB
2025-08-21T18:52:54.8348206Z  Min Free Space: 13.97GiB
2025-08-21T18:52:54.8348531Z GC Policy rule#2:
2025-08-21T18:52:54.8348841Z  All:            false
2025-08-21T18:52:54.8349180Z  Reserved Space: 7.451GiB
2025-08-21T18:52:54.8349534Z  Max Used Space: 54.02GiB
2025-08-21T18:52:54.8349864Z  Min Free Space: 13.97GiB
2025-08-21T18:52:54.8350205Z GC Policy rule#3:
2025-08-21T18:52:54.8350513Z  All:            true
2025-08-21T18:52:54.8350844Z  Reserved Space: 7.451GiB
2025-08-21T18:52:54.8351195Z  Max Used Space: 54.02GiB
2025-08-21T18:52:54.8440207Z  Min Free Space: 13.97GiB
2025-08-21T18:52:54.8443971Z ##[endgroup]
2025-08-21T18:52:54.9258791Z ##[group]Inspect builder
2025-08-21T18:52:54.9261337Z {
2025-08-21T18:52:54.9261667Z   "nodes": [
2025-08-21T18:52:54.9261927Z     {
2025-08-21T18:52:54.9262343Z       "name": "builder-c9519a9d-6cdc-426c-b071-65c2af5c22360",
2025-08-21T18:52:54.9262852Z       "endpoint": "unix:///var/run/docker.sock",
2025-08-21T18:52:54.9263162Z       "status": "running",
2025-08-21T18:52:54.9263929Z       "buildkitd-flags": "--allow-insecure-entitlement security.insecure --allow-insecure-entitlement network.host",
2025-08-21T18:52:54.9264449Z       "buildkit": "v0.23.2",
2025-08-21T18:52:54.9264758Z       "platforms": "linux/amd64,linux/amd64/v2,linux/amd64/v3,linux/386",
2025-08-21T18:52:54.9265081Z       "features": {
2025-08-21T18:52:54.9265527Z         "Automatically load images to the Docker Engine image store": true,
2025-08-21T18:52:54.9266092Z         "Cache export": true,
2025-08-21T18:52:54.9266392Z         "Direct push": true,
2025-08-21T18:52:54.9266742Z         "Docker exporter": true,
2025-08-21T18:52:54.9267124Z         "Multi-platform build": true,
2025-08-21T18:52:54.9267419Z         "OCI exporter": true
2025-08-21T18:52:54.9267644Z       },
2025-08-21T18:52:54.9267811Z       "labels": {
2025-08-21T18:52:54.9268110Z         "org.mobyproject.buildkit.worker.executor": "oci",
2025-08-21T18:52:54.9268737Z         "org.mobyproject.buildkit.worker.hostname": "17fafdc6d9d3",
2025-08-21T18:52:54.9269209Z         "org.mobyproject.buildkit.worker.network": "host",
2025-08-21T18:52:54.9269603Z         "org.mobyproject.buildkit.worker.oci.process-mode": "sandbox",
2025-08-21T18:52:54.9270016Z         "org.mobyproject.buildkit.worker.selinux.enabled": "false",
2025-08-21T18:52:54.9270420Z         "org.mobyproject.buildkit.worker.snapshotter": "overlayfs"
2025-08-21T18:52:54.9270726Z       },
2025-08-21T18:52:54.9270894Z       "gcPolicy": [
2025-08-21T18:52:54.9271304Z         {
2025-08-21T18:52:54.9271484Z           "all": false,
2025-08-21T18:52:54.9271673Z           "filter": [
2025-08-21T18:52:54.9271876Z             "type==source.local",
2025-08-21T18:52:54.9272112Z             "type==exec.cachemount",
2025-08-21T18:52:54.9272353Z             "type==source.git.checkout"
2025-08-21T18:52:54.9272724Z           ],
2025-08-21T18:52:54.9272924Z           "keepDuration": "48h0m0s",
2025-08-21T18:52:54.9273160Z           "maxUsedSpace": "488.3MiB"
2025-08-21T18:52:54.9273368Z         },
2025-08-21T18:52:54.9273531Z         {
2025-08-21T18:52:54.9273844Z           "all": false,
2025-08-21T18:52:54.9274153Z           "keepDuration": "1440h0m0s",
2025-08-21T18:52:54.9274400Z           "reservedSpace": "7.451GiB",
2025-08-21T18:52:54.9274633Z           "maxUsedSpace": "54.02GiB",
2025-08-21T18:52:54.9274864Z           "minFreeSpace": "13.97GiB"
2025-08-21T18:52:54.9275073Z         },
2025-08-21T18:52:54.9275234Z         {
2025-08-21T18:52:54.9275401Z           "all": false,
2025-08-21T18:52:54.9275615Z           "reservedSpace": "7.451GiB",
2025-08-21T18:52:54.9275847Z           "maxUsedSpace": "54.02GiB",
2025-08-21T18:52:54.9276081Z           "minFreeSpace": "13.97GiB"
2025-08-21T18:52:54.9276287Z         },
2025-08-21T18:52:54.9276447Z         {
2025-08-21T18:52:54.9276615Z           "all": true,
2025-08-21T18:52:54.9276810Z           "reservedSpace": "7.451GiB",
2025-08-21T18:52:54.9277043Z           "maxUsedSpace": "54.02GiB",
2025-08-21T18:52:54.9277265Z           "minFreeSpace": "13.97GiB"
2025-08-21T18:52:54.9277474Z         }
2025-08-21T18:52:54.9277624Z       ]
2025-08-21T18:52:54.9277773Z     }
2025-08-21T18:52:54.9277914Z   ],
2025-08-21T18:52:54.9278144Z   "name": "builder-c9519a9d-6cdc-426c-b071-65c2af5c2236",
2025-08-21T18:52:54.9278440Z   "driver": "docker-container",
2025-08-21T18:52:54.9278681Z   "lastActivity": "2025-08-21T18:52:49.000Z"
2025-08-21T18:52:54.9278909Z }
2025-08-21T18:52:54.9279237Z ##[endgroup]
2025-08-21T18:52:54.9279550Z ##[group]BuildKit version
2025-08-21T18:52:54.9279819Z builder-c9519a9d-6cdc-426c-b071-65c2af5c22360: v0.23.2
2025-08-21T18:52:54.9280223Z ##[endgroup]
2025-08-21T18:52:55.0680951Z ##[group]Run actions/cache@v4
2025-08-21T18:52:55.0681223Z with:
2025-08-21T18:52:55.0681395Z   path: ~/.cache/pip
2025-08-21T18:52:55.0681761Z   key: Linux-pip-4bdbb2eb0570e1aecda3a80b8ad704389197a0c3f0c5b3711213736afda7cb0c
2025-08-21T18:52:55.0682191Z   enableCrossOsArchive: false
2025-08-21T18:52:55.0682421Z   fail-on-cache-miss: false
2025-08-21T18:52:55.0682633Z   lookup-only: false
2025-08-21T18:52:55.0682814Z   save-always: false
2025-08-21T18:52:55.0683008Z ##[endgroup]
2025-08-21T18:52:55.3574988Z Cache not found for input keys: Linux-pip-4bdbb2eb0570e1aecda3a80b8ad704389197a0c3f0c5b3711213736afda7cb0c
2025-08-21T18:52:55.3657520Z ##[group]Run docker buildx build \
2025-08-21T18:52:55.3657861Z [36;1mdocker buildx build \[0m
2025-08-21T18:52:55.3658298Z [36;1m  --tag ghcr.io/alexbomber12/awa-app/api:777395e6299764210687a202fc4d5de256cfa4cb \[0m
2025-08-21T18:52:55.3658795Z [36;1m  --build-arg TZ_CACHE_BUST=777395e6299764210687a202fc4d5de256cfa4cb \[0m
2025-08-21T18:52:55.3659147Z [36;1m  --file services/api/Dockerfile \[0m
2025-08-21T18:52:55.3659384Z [36;1m  --load .[0m
2025-08-21T18:52:55.3750519Z shell: /usr/bin/bash -e {0}
2025-08-21T18:52:55.3750776Z ##[endgroup]
2025-08-21T18:52:55.6318453Z #0 building with "builder-c9519a9d-6cdc-426c-b071-65c2af5c2236" instance using docker-container driver
2025-08-21T18:52:55.6319156Z 
2025-08-21T18:52:55.6319292Z #1 [internal] load build definition from Dockerfile
2025-08-21T18:52:55.6319599Z #1 transferring dockerfile: 1.48kB done
2025-08-21T18:52:55.6319955Z #1 DONE 0.0s
2025-08-21T18:52:55.6320058Z 
2025-08-21T18:52:55.6320309Z #2 [auth] docker/dockerfile:pull token for registry-1.docker.io
2025-08-21T18:52:55.7822038Z #2 DONE 0.0s
2025-08-21T18:52:55.7822225Z 
2025-08-21T18:52:55.7822530Z #3 resolve image config for docker-image://docker.io/docker/dockerfile:1.6
2025-08-21T18:52:56.1897189Z #3 DONE 0.7s
2025-08-21T18:52:56.3523018Z 
2025-08-21T18:52:56.3524102Z #4 docker-image://docker.io/docker/dockerfile:1.6@sha256:ac85f380a63b13dfcefa89046420e1781752bab202122f8f50032edf31be0021
2025-08-21T18:52:56.3524998Z #4 resolve docker.io/docker/dockerfile:1.6@sha256:ac85f380a63b13dfcefa89046420e1781752bab202122f8f50032edf31be0021 done
2025-08-21T18:52:56.3545109Z #4 sha256:9d9c93f4b00be908ab694a4df732570bced3b8a96b7515d70ff93402179ad232 0B / 11.80MB 0.2s
2025-08-21T18:52:56.5052397Z #4 sha256:9d9c93f4b00be908ab694a4df732570bced3b8a96b7515d70ff93402179ad232 8.39MB / 11.80MB 0.3s
2025-08-21T18:52:56.6624610Z #4 sha256:9d9c93f4b00be908ab694a4df732570bced3b8a96b7515d70ff93402179ad232 11.80MB / 11.80MB 0.4s done
2025-08-21T18:52:56.6625420Z #4 extracting sha256:9d9c93f4b00be908ab694a4df732570bced3b8a96b7515d70ff93402179ad232 0.1s done
2025-08-21T18:52:56.6625918Z #4 DONE 0.5s
2025-08-21T18:52:56.9091998Z 
2025-08-21T18:52:56.9092563Z #5 [auth] library/python:pull token for registry-1.docker.io
2025-08-21T18:52:56.9092971Z #5 DONE 0.0s
2025-08-21T18:52:56.9093099Z 
2025-08-21T18:52:56.9093296Z #6 [internal] load metadata for docker.io/library/python:3.12-slim
2025-08-21T18:52:57.1720536Z #6 DONE 0.5s
2025-08-21T18:52:57.3427356Z 
2025-08-21T18:52:57.3427700Z #7 [internal] load .dockerignore
2025-08-21T18:52:57.3428175Z #7 transferring context: 265B done
2025-08-21T18:52:57.3428591Z #7 DONE 0.0s
2025-08-21T18:52:57.3428770Z 
2025-08-21T18:52:57.3428916Z #8 [internal] load build context
2025-08-21T18:52:57.3429342Z #8 transferring context: 162.54kB 0.0s done
2025-08-21T18:52:57.3430146Z #8 DONE 0.0s
2025-08-21T18:52:57.3430356Z 
2025-08-21T18:52:57.3431748Z #9 [base  1/13] FROM docker.io/library/python:3.12-slim@sha256:d67a7b66b989ad6b6d6b10d428dcc5e0bfc3e5f88906e67d490c4d3daac57047
2025-08-21T18:52:57.3432896Z #9 resolve docker.io/library/python:3.12-slim@sha256:d67a7b66b989ad6b6d6b10d428dcc5e0bfc3e5f88906e67d490c4d3daac57047 done
2025-08-21T18:52:57.3434149Z #9 sha256:d76206d463c08ba2a3f7bbab2de2a933ad73f33ab4ab813eafe50c9dff9edc12 251B / 251B 0.1s done
2025-08-21T18:52:57.5624623Z #9 sha256:e5c05dcf47fbdb2f18dc242ad1b7f48fbd3813c0027ffcfb8e81e4aa7e0965f4 7.34MB / 12.11MB 0.3s
2025-08-21T18:52:57.5625735Z #9 sha256:5d587318e932a89b94608393c99dd30ee5092a6991c1656f717bd4f4e13d60df 0B / 1.29MB 0.2s
2025-08-21T18:52:57.5626688Z #9 sha256:396b1da7636e2dcd10565cb4f2f952cbb4a8a38b58d3b86a2cacb172fb70117c 0B / 29.77MB 0.2s
2025-08-21T18:52:57.6994251Z #9 sha256:e5c05dcf47fbdb2f18dc242ad1b7f48fbd3813c0027ffcfb8e81e4aa7e0965f4 12.11MB / 12.11MB 0.4s done
2025-08-21T18:52:57.6995440Z #9 sha256:5d587318e932a89b94608393c99dd30ee5092a6991c1656f717bd4f4e13d60df 1.29MB / 1.29MB 0.3s done
2025-08-21T18:52:57.8671048Z #9 sha256:396b1da7636e2dcd10565cb4f2f952cbb4a8a38b58d3b86a2cacb172fb70117c 13.63MB / 29.77MB 0.5s
2025-08-21T18:52:57.8672482Z #9 sha256:396b1da7636e2dcd10565cb4f2f952cbb4a8a38b58d3b86a2cacb172fb70117c 17.83MB / 29.77MB 0.6s
2025-08-21T18:52:58.0180862Z #9 sha256:396b1da7636e2dcd10565cb4f2f952cbb4a8a38b58d3b86a2cacb172fb70117c 24.12MB / 29.77MB 0.8s
2025-08-21T18:52:58.1672253Z #9 sha256:396b1da7636e2dcd10565cb4f2f952cbb4a8a38b58d3b86a2cacb172fb70117c 27.26MB / 29.77MB 0.9s
2025-08-21T18:52:58.3604210Z #9 sha256:396b1da7636e2dcd10565cb4f2f952cbb4a8a38b58d3b86a2cacb172fb70117c 29.77MB / 29.77MB 0.9s done
2025-08-21T18:52:58.3605194Z #9 extracting sha256:396b1da7636e2dcd10565cb4f2f952cbb4a8a38b58d3b86a2cacb172fb70117c
2025-08-21T18:52:58.8412377Z #9 extracting sha256:396b1da7636e2dcd10565cb4f2f952cbb4a8a38b58d3b86a2cacb172fb70117c 0.6s done
2025-08-21T18:52:58.8413226Z #9 DONE 1.6s
2025-08-21T18:52:59.0615735Z 
2025-08-21T18:52:59.0616904Z #9 [base  1/13] FROM docker.io/library/python:3.12-slim@sha256:d67a7b66b989ad6b6d6b10d428dcc5e0bfc3e5f88906e67d490c4d3daac57047
2025-08-21T18:52:59.0618425Z #9 extracting sha256:5d587318e932a89b94608393c99dd30ee5092a6991c1656f717bd4f4e13d60df 0.1s done
2025-08-21T18:52:59.0619986Z #9 extracting sha256:e5c05dcf47fbdb2f18dc242ad1b7f48fbd3813c0027ffcfb8e81e4aa7e0965f4
2025-08-21T18:52:59.2565431Z #9 extracting sha256:e5c05dcf47fbdb2f18dc242ad1b7f48fbd3813c0027ffcfb8e81e4aa7e0965f4 0.3s done
2025-08-21T18:52:59.2566648Z #9 DONE 2.0s
2025-08-21T18:52:59.3598858Z 
2025-08-21T18:52:59.3600833Z #9 [base  1/13] FROM docker.io/library/python:3.12-slim@sha256:d67a7b66b989ad6b6d6b10d428dcc5e0bfc3e5f88906e67d490c4d3daac57047
2025-08-21T18:52:59.3602482Z #9 extracting sha256:d76206d463c08ba2a3f7bbab2de2a933ad73f33ab4ab813eafe50c9dff9edc12 done
2025-08-21T18:52:59.3603214Z #9 DONE 2.0s
2025-08-21T18:52:59.3603336Z 
2025-08-21T18:52:59.3603466Z #10 [base  2/13] WORKDIR /app
2025-08-21T18:52:59.3604254Z #10 DONE 0.1s
2025-08-21T18:52:59.4789251Z 
2025-08-21T18:52:59.4790462Z #11 [base  3/13] COPY services/api/requirements.txt ./requirements.txt
2025-08-21T18:52:59.4791528Z #11 DONE 0.0s
2025-08-21T18:52:59.4791910Z 
2025-08-21T18:52:59.4793246Z #12 [stage-1 3/6] RUN set -eux;     if [ -f /etc/apt/sources.list ]; then         sed -i 's|http://deb.debian.org|https://deb.debian.org|g' /etc/apt/sources.list;     fi;     apt-get update;     apt-get install -y --no-install-recommends tzdata postgresql-client curl;     rm -rf /var/lib/apt/lists/*
2025-08-21T18:52:59.4794931Z #12 0.054 + [ -f /etc/apt/sources.list ]
2025-08-21T18:52:59.4795179Z #12 0.054 + apt-get update
2025-08-21T18:52:59.4795438Z #12 0.118 Hit:1 http://deb.debian.org/debian trixie InRelease
2025-08-21T18:52:59.6398147Z #12 0.126 Get:2 http://deb.debian.org/debian trixie-updates InRelease [47.1 kB]
2025-08-21T18:52:59.6401714Z #12 0.153 Get:3 http://deb.debian.org/debian-security trixie-security InRelease [43.4 kB]
2025-08-21T18:52:59.6402673Z #12 0.170 Get:4 http://deb.debian.org/debian trixie/main amd64 Packages [9668 kB]
2025-08-21T18:52:59.6403575Z #12 0.279 Get:5 http://deb.debian.org/debian trixie-updates/main amd64 Packages [2432 B]
2025-08-21T18:52:59.8043372Z #12 0.293 Get:6 http://deb.debian.org/debian-security trixie-security/main amd64 Packages [20.5 kB]
2025-08-21T18:53:00.2710314Z #12 0.910 Fetched 9781 kB in 1s (11.8 MB/s)
2025-08-21T18:53:00.7285360Z #12 0.910 Reading package lists...
2025-08-21T18:53:00.8357573Z #12 1.378 + apt-get install -y --no-install-recommends tzdata postgresql-client curl
2025-08-21T18:53:01.2110571Z #12 1.387 Reading package lists...
2025-08-21T18:53:01.4426519Z #12 1.860 Building dependency tree...
2025-08-21T18:53:01.4427049Z #12 1.978 Reading state information...
2025-08-21T18:53:01.5611782Z #12 2.116 tzdata is already the newest version (2025b-4).
2025-08-21T18:53:01.5612483Z #12 2.116 The following additional packages will be installed:
2025-08-21T18:53:01.5613228Z #12 2.116   libbrotli1 libcom-err2 libcurl4t64 libgdbm-compat4t64 libgnutls30t64
2025-08-21T18:53:01.5620041Z #12 2.116   libgssapi-krb5-2 libidn2-0 libk5crypto3 libkeyutils1 libkrb5-3
2025-08-21T18:53:01.5621078Z #12 2.116   libkrb5support0 libldap2 libnghttp2-14 libnghttp3-9 libp11-kit0 libperl5.40
2025-08-21T18:53:01.5621750Z #12 2.116   libpq5 libpsl5t64 librtmp1 libsasl2-2 libsasl2-modules-db libssh2-1t64
2025-08-21T18:53:01.5622367Z #12 2.116   libtasn1-6 libunistring5 perl perl-modules-5.40 postgresql-client-17
2025-08-21T18:53:01.5622769Z #12 2.117   postgresql-client-common sensible-utils
2025-08-21T18:53:01.5623156Z #12 2.117 Suggested packages:
2025-08-21T18:53:01.5623468Z #12 2.117   gnutls-bin krb5-doc krb5-user perl-doc libterm-readline-gnu-perl
2025-08-21T18:53:01.5624253Z #12 2.117   | libterm-readline-perl-perl make libtap-harness-archive-perl postgresql-17
2025-08-21T18:53:01.5624667Z #12 2.117   postgresql-doc-17
2025-08-21T18:53:01.5624984Z #12 2.117 Recommended packages:
2025-08-21T18:53:01.5625334Z #12 2.117   bash-completion krb5-locales libldap-common publicsuffix libsasl2-modules
2025-08-21T18:53:01.7414789Z #12 2.297 The following NEW packages will be installed:
2025-08-21T18:53:01.7415971Z #12 2.298   curl libbrotli1 libcom-err2 libcurl4t64 libgdbm-compat4t64 libgnutls30t64
2025-08-21T18:53:01.7416816Z #12 2.298   libgssapi-krb5-2 libidn2-0 libk5crypto3 libkeyutils1 libkrb5-3
2025-08-21T18:53:01.7417657Z #12 2.298   libkrb5support0 libldap2 libnghttp2-14 libnghttp3-9 libp11-kit0 libperl5.40
2025-08-21T18:53:01.7418519Z #12 2.298   libpq5 libpsl5t64 librtmp1 libsasl2-2 libsasl2-modules-db libssh2-1t64
2025-08-21T18:53:01.7419176Z #12 2.298   libtasn1-6 libunistring5 perl perl-modules-5.40 postgresql-client
2025-08-21T18:53:01.7419900Z #12 2.298   postgresql-client-17 postgresql-client-common sensible-utils
2025-08-21T18:53:01.7420298Z #12 2.381 0 upgraded, 31 newly installed, 0 to remove and 0 not upgraded.
2025-08-21T18:53:01.7420614Z #12 2.381 Need to get 14.9 MB of archives.
2025-08-21T18:53:01.7420937Z #12 2.381 After this operation, 78.1 MB of additional disk space will be used.
2025-08-21T18:53:01.7421433Z #12 2.381 Get:1 http://deb.debian.org/debian trixie/main amd64 sensible-utils all 0.0.25 [25.0 kB]
2025-08-21T18:53:01.8971571Z #12 2.413 Get:2 http://deb.debian.org/debian trixie/main amd64 perl-modules-5.40 all 5.40.1-6 [3019 kB]
2025-08-21T18:53:02.0033074Z #12 2.582 Get:3 http://deb.debian.org/debian trixie/main amd64 libgdbm-compat4t64 amd64 1.24-2 [50.3 kB]
2025-08-21T18:53:02.0035828Z #12 2.583 Get:4 http://deb.debian.org/debian trixie/main amd64 libperl5.40 amd64 5.40.1-6 [4341 kB]
2025-08-21T18:53:02.0036736Z #12 2.622 Get:5 http://deb.debian.org/debian trixie/main amd64 perl amd64 5.40.1-6 [267 kB]
2025-08-21T18:53:02.0037605Z #12 2.626 Get:6 http://deb.debian.org/debian trixie/main amd64 libbrotli1 amd64 1.1.0-2+b7 [307 kB]
2025-08-21T18:53:02.0038526Z #12 2.628 Get:7 http://deb.debian.org/debian trixie/main amd64 libkrb5support0 amd64 1.21.3-5 [33.0 kB]
2025-08-21T18:53:02.0042371Z #12 2.628 Get:8 http://deb.debian.org/debian trixie/main amd64 libcom-err2 amd64 1.47.2-3+b3 [25.0 kB]
2025-08-21T18:53:02.0043296Z #12 2.629 Get:9 http://deb.debian.org/debian trixie/main amd64 libk5crypto3 amd64 1.21.3-5 [81.5 kB]
2025-08-21T18:53:02.0044438Z #12 2.630 Get:10 http://deb.debian.org/debian trixie/main amd64 libkeyutils1 amd64 1.6.3-6 [9456 B]
2025-08-21T18:53:02.0045300Z #12 2.630 Get:11 http://deb.debian.org/debian trixie/main amd64 libkrb5-3 amd64 1.21.3-5 [326 kB]
2025-08-21T18:53:02.0046223Z #12 2.631 Get:12 http://deb.debian.org/debian trixie/main amd64 libgssapi-krb5-2 amd64 1.21.3-5 [138 kB]
2025-08-21T18:53:02.0047135Z #12 2.643 Get:13 http://deb.debian.org/debian trixie/main amd64 libunistring5 amd64 1.3-2 [477 kB]
2025-08-21T18:53:02.1037075Z #12 2.672 Get:14 http://deb.debian.org/debian trixie/main amd64 libidn2-0 amd64 2.3.8-2 [109 kB]
2025-08-21T18:53:02.1038138Z #12 2.673 Get:15 http://deb.debian.org/debian trixie/main amd64 libsasl2-modules-db amd64 2.1.28+dfsg1-9 [19.8 kB]
2025-08-21T18:53:02.1039217Z #12 2.673 Get:16 http://deb.debian.org/debian trixie/main amd64 libsasl2-2 amd64 2.1.28+dfsg1-9 [57.5 kB]
2025-08-21T18:53:02.1040474Z #12 2.674 Get:17 http://deb.debian.org/debian trixie/main amd64 libldap2 amd64 2.6.10+dfsg-1 [194 kB]
2025-08-21T18:53:02.1041417Z #12 2.675 Get:18 http://deb.debian.org/debian trixie/main amd64 libnghttp2-14 amd64 1.64.0-1.1 [76.0 kB]
2025-08-21T18:53:02.1042324Z #12 2.676 Get:19 http://deb.debian.org/debian trixie/main amd64 libnghttp3-9 amd64 1.8.0-1 [67.7 kB]
2025-08-21T18:53:02.1043228Z #12 2.676 Get:20 http://deb.debian.org/debian trixie/main amd64 libpsl5t64 amd64 0.21.2-1.1+b1 [57.2 kB]
2025-08-21T18:53:02.1044347Z #12 2.676 Get:21 http://deb.debian.org/debian trixie/main amd64 libp11-kit0 amd64 0.25.5-3 [425 kB]
2025-08-21T18:53:02.1045045Z #12 2.678 Get:22 http://deb.debian.org/debian trixie/main amd64 libtasn1-6 amd64 4.20.0-2 [49.9 kB]
2025-08-21T18:53:02.1045573Z #12 2.702 Get:23 http://deb.debian.org/debian trixie/main amd64 libgnutls30t64 amd64 3.8.9-3 [1465 kB]
2025-08-21T18:53:02.1046161Z #12 2.731 Get:24 http://deb.debian.org/debian trixie/main amd64 librtmp1 amd64 2.4+20151223.gitfa8646d.1-2+b5 [58.8 kB]
2025-08-21T18:53:02.1046745Z #12 2.732 Get:25 http://deb.debian.org/debian trixie/main amd64 libssh2-1t64 amd64 1.11.1-1 [245 kB]
2025-08-21T18:53:02.1047259Z #12 2.734 Get:26 http://deb.debian.org/debian trixie/main amd64 libcurl4t64 amd64 8.14.1-2 [391 kB]
2025-08-21T18:53:02.1047777Z #12 2.735 Get:27 http://deb.debian.org/debian trixie/main amd64 curl amd64 8.14.1-2 [269 kB]
2025-08-21T18:53:02.1048279Z #12 2.737 Get:28 http://deb.debian.org/debian trixie/main amd64 libpq5 amd64 17.5-1 [226 kB]
2025-08-21T18:53:02.2177020Z #12 2.764 Get:29 http://deb.debian.org/debian trixie/main amd64 postgresql-client-common all 278 [47.1 kB]
2025-08-21T18:53:02.2180160Z #12 2.794 Get:30 http://deb.debian.org/debian trixie/main amd64 postgresql-client-17 amd64 17.5-1 [2025 kB]
2025-08-21T18:53:02.2181273Z #12 2.803 Get:31 http://deb.debian.org/debian trixie/main amd64 postgresql-client all 17+278 [14.0 kB]
2025-08-21T18:53:03.2747251Z #12 3.914 Fetched 14.9 MB in 0s (30.2 MB/s)
2025-08-21T18:53:03.3797594Z #12 3.928 Selecting previously unselected package sensible-utils.
2025-08-21T18:53:03.3800754Z #12 3.928 (Reading database ... 
2025-08-21T18:53:03.3801239Z (Reading database ... 5%
2025-08-21T18:53:03.3801582Z (Reading database ... 10%
2025-08-21T18:53:03.3801904Z (Reading database ... 15%
2025-08-21T18:53:03.3802247Z (Reading database ... 20%
2025-08-21T18:53:03.3802598Z (Reading database ... 25%
2025-08-21T18:53:03.3802920Z (Reading database ... 30%
2025-08-21T18:53:03.3803242Z (Reading database ... 35%
2025-08-21T18:53:03.3803536Z (Reading database ... 40%
2025-08-21T18:53:03.3804050Z (Reading database ... 45%
2025-08-21T18:53:03.3804377Z (Reading database ... 50%
2025-08-21T18:53:03.3804720Z (Reading database ... 55%
2025-08-21T18:53:03.3805024Z (Reading database ... 60%
2025-08-21T18:53:03.3805347Z (Reading database ... 65%
2025-08-21T18:53:03.3805679Z (Reading database ... 70%
2025-08-21T18:53:03.3806006Z (Reading database ... 75%
2025-08-21T18:53:03.3806333Z (Reading database ... 80%
2025-08-21T18:53:03.3806638Z (Reading database ... 85%
2025-08-21T18:53:03.3806976Z (Reading database ... 90%
2025-08-21T18:53:03.3807319Z (Reading database ... 95%
2025-08-21T18:53:03.3807636Z (Reading database ... 100%
2025-08-21T18:53:03.3808113Z (Reading database ... 5643 files and directories currently installed.)
2025-08-21T18:53:03.3808801Z #12 3.934 Preparing to unpack .../00-sensible-utils_0.0.25_all.deb ...
2025-08-21T18:53:03.3809347Z #12 3.936 Unpacking sensible-utils (0.0.25) ...
2025-08-21T18:53:03.3809944Z #12 3.959 Selecting previously unselected package perl-modules-5.40.
2025-08-21T18:53:03.3810659Z #12 3.960 Preparing to unpack .../01-perl-modules-5.40_5.40.1-6_all.deb ...
2025-08-21T18:53:03.3811267Z #12 3.961 Unpacking perl-modules-5.40 (5.40.1-6) ...
2025-08-21T18:53:03.5969300Z #12 4.236 Selecting previously unselected package libgdbm-compat4t64:amd64.
2025-08-21T18:53:03.7054079Z #12 4.238 Preparing to unpack .../02-libgdbm-compat4t64_1.24-2_amd64.deb ...
2025-08-21T18:53:03.7055502Z #12 4.240 Unpacking libgdbm-compat4t64:amd64 (1.24-2) ...
2025-08-21T18:53:03.7056965Z #12 4.258 Selecting previously unselected package libperl5.40:amd64.
2025-08-21T18:53:03.7057636Z #12 4.260 Preparing to unpack .../03-libperl5.40_5.40.1-6_amd64.deb ...
2025-08-21T18:53:03.7058208Z #12 4.261 Unpacking libperl5.40:amd64 (5.40.1-6) ...
2025-08-21T18:53:03.9324642Z #12 4.485 Selecting previously unselected package perl.
2025-08-21T18:53:03.9326802Z #12 4.487 Preparing to unpack .../04-perl_5.40.1-6_amd64.deb ...
2025-08-21T18:53:03.9327713Z #12 4.488 Unpacking perl (5.40.1-6) ...
2025-08-21T18:53:03.9329826Z #12 4.517 Selecting previously unselected package libbrotli1:amd64.
2025-08-21T18:53:03.9331992Z #12 4.518 Preparing to unpack .../05-libbrotli1_1.1.0-2+b7_amd64.deb ...
2025-08-21T18:53:03.9332619Z #12 4.520 Unpacking libbrotli1:amd64 (1.1.0-2+b7) ...
2025-08-21T18:53:03.9333245Z #12 4.550 Selecting previously unselected package libkrb5support0:amd64.
2025-08-21T18:53:03.9334160Z #12 4.552 Preparing to unpack .../06-libkrb5support0_1.21.3-5_amd64.deb ...
2025-08-21T18:53:03.9334841Z #12 4.553 Unpacking libkrb5support0:amd64 (1.21.3-5) ...
2025-08-21T18:53:03.9335463Z #12 4.572 Selecting previously unselected package libcom-err2:amd64.
2025-08-21T18:53:04.0361573Z #12 4.574 Preparing to unpack .../07-libcom-err2_1.47.2-3+b3_amd64.deb ...
2025-08-21T18:53:04.0362353Z #12 4.575 Unpacking libcom-err2:amd64 (1.47.2-3+b3) ...
2025-08-21T18:53:04.0362956Z #12 4.593 Selecting previously unselected package libk5crypto3:amd64.
2025-08-21T18:53:04.0363654Z #12 4.595 Preparing to unpack .../08-libk5crypto3_1.21.3-5_amd64.deb ...
2025-08-21T18:53:04.0364793Z #12 4.596 Unpacking libk5crypto3:amd64 (1.21.3-5) ...
2025-08-21T18:53:04.0365394Z #12 4.617 Selecting previously unselected package libkeyutils1:amd64.
2025-08-21T18:53:04.0366072Z #12 4.618 Preparing to unpack .../09-libkeyutils1_1.6.3-6_amd64.deb ...
2025-08-21T18:53:04.0366660Z #12 4.620 Unpacking libkeyutils1:amd64 (1.6.3-6) ...
2025-08-21T18:53:04.0367235Z #12 4.637 Selecting previously unselected package libkrb5-3:amd64.
2025-08-21T18:53:04.0367883Z #12 4.639 Preparing to unpack .../10-libkrb5-3_1.21.3-5_amd64.deb ...
2025-08-21T18:53:04.0368440Z #12 4.640 Unpacking libkrb5-3:amd64 (1.21.3-5) ...
2025-08-21T18:53:04.0369024Z #12 4.675 Selecting previously unselected package libgssapi-krb5-2:amd64.
2025-08-21T18:53:04.1491827Z #12 4.677 Preparing to unpack .../11-libgssapi-krb5-2_1.21.3-5_amd64.deb ...
2025-08-21T18:53:04.1492547Z #12 4.678 Unpacking libgssapi-krb5-2:amd64 (1.21.3-5) ...
2025-08-21T18:53:04.1495150Z #12 4.703 Selecting previously unselected package libunistring5:amd64.
2025-08-21T18:53:04.1495885Z #12 4.704 Preparing to unpack .../12-libunistring5_1.3-2_amd64.deb ...
2025-08-21T18:53:04.1496305Z #12 4.706 Unpacking libunistring5:amd64 (1.3-2) ...
2025-08-21T18:53:04.1496726Z #12 4.745 Selecting previously unselected package libidn2-0:amd64.
2025-08-21T18:53:04.1497126Z #12 4.746 Preparing to unpack .../13-libidn2-0_2.3.8-2_amd64.deb ...
2025-08-21T18:53:04.1497529Z #12 4.748 Unpacking libidn2-0:amd64 (2.3.8-2) ...
2025-08-21T18:53:04.1497897Z #12 4.769 Selecting previously unselected package libsasl2-modules-db:amd64.
2025-08-21T18:53:04.1498454Z #12 4.771 Preparing to unpack .../14-libsasl2-modules-db_2.1.28+dfsg1-9_amd64.deb ...
2025-08-21T18:53:04.1498964Z #12 4.772 Unpacking libsasl2-modules-db:amd64 (2.1.28+dfsg1-9) ...
2025-08-21T18:53:04.1499340Z #12 4.789 Selecting previously unselected package libsasl2-2:amd64.
2025-08-21T18:53:04.2636091Z #12 4.791 Preparing to unpack .../15-libsasl2-2_2.1.28+dfsg1-9_amd64.deb ...
2025-08-21T18:53:04.2638250Z #12 4.792 Unpacking libsasl2-2:amd64 (2.1.28+dfsg1-9) ...
2025-08-21T18:53:04.2639121Z #12 4.810 Selecting previously unselected package libldap2:amd64.
2025-08-21T18:53:04.2640236Z #12 4.812 Preparing to unpack .../16-libldap2_2.6.10+dfsg-1_amd64.deb ...
2025-08-21T18:53:04.2640998Z #12 4.813 Unpacking libldap2:amd64 (2.6.10+dfsg-1) ...
2025-08-21T18:53:04.2641622Z #12 4.836 Selecting previously unselected package libnghttp2-14:amd64.
2025-08-21T18:53:04.2642655Z #12 4.838 Preparing to unpack .../17-libnghttp2-14_1.64.0-1.1_amd64.deb ...
2025-08-21T18:53:04.2643194Z #12 4.839 Unpacking libnghttp2-14:amd64 (1.64.0-1.1) ...
2025-08-21T18:53:04.2643570Z #12 4.858 Selecting previously unselected package libnghttp3-9:amd64.
2025-08-21T18:53:04.2644201Z #12 4.860 Preparing to unpack .../18-libnghttp3-9_1.8.0-1_amd64.deb ...
2025-08-21T18:53:04.2644564Z #12 4.861 Unpacking libnghttp3-9:amd64 (1.8.0-1) ...
2025-08-21T18:53:04.2645031Z #12 4.881 Selecting previously unselected package libpsl5t64:amd64.
2025-08-21T18:53:04.2645497Z #12 4.882 Preparing to unpack .../19-libpsl5t64_0.21.2-1.1+b1_amd64.deb ...
2025-08-21T18:53:04.2645858Z #12 4.884 Unpacking libpsl5t64:amd64 (0.21.2-1.1+b1) ...
2025-08-21T18:53:04.2646223Z #12 4.903 Selecting previously unselected package libp11-kit0:amd64.
2025-08-21T18:53:04.3807031Z #12 4.905 Preparing to unpack .../20-libp11-kit0_0.25.5-3_amd64.deb ...
2025-08-21T18:53:04.3807815Z #12 4.906 Unpacking libp11-kit0:amd64 (0.25.5-3) ...
2025-08-21T18:53:04.3811738Z #12 4.938 Selecting previously unselected package libtasn1-6:amd64.
2025-08-21T18:53:04.3812465Z #12 4.940 Preparing to unpack .../21-libtasn1-6_4.20.0-2_amd64.deb ...
2025-08-21T18:53:04.3813030Z #12 4.941 Unpacking libtasn1-6:amd64 (4.20.0-2) ...
2025-08-21T18:53:04.3813612Z #12 4.962 Selecting previously unselected package libgnutls30t64:amd64.
2025-08-21T18:53:04.3814446Z #12 4.963 Preparing to unpack .../22-libgnutls30t64_3.8.9-3_amd64.deb ...
2025-08-21T18:53:04.3815038Z #12 4.965 Unpacking libgnutls30t64:amd64 (3.8.9-3) ...
2025-08-21T18:53:04.3815921Z #12 5.020 Selecting previously unselected package librtmp1:amd64.
2025-08-21T18:53:04.4808722Z #12 5.022 Preparing to unpack .../23-librtmp1_2.4+20151223.gitfa8646d.1-2+b5_amd64.deb ...
2025-08-21T18:53:04.4810905Z #12 5.023 Unpacking librtmp1:amd64 (2.4+20151223.gitfa8646d.1-2+b5) ...
2025-08-21T18:53:04.4812706Z #12 5.043 Selecting previously unselected package libssh2-1t64:amd64.
2025-08-21T18:53:04.4815104Z #12 5.045 Preparing to unpack .../24-libssh2-1t64_1.11.1-1_amd64.deb ...
2025-08-21T18:53:04.4815999Z #12 5.046 Unpacking libssh2-1t64:amd64 (1.11.1-1) ...
2025-08-21T18:53:04.4816836Z #12 5.068 Selecting previously unselected package libcurl4t64:amd64.
2025-08-21T18:53:04.4817740Z #12 5.069 Preparing to unpack .../25-libcurl4t64_8.14.1-2_amd64.deb ...
2025-08-21T18:53:04.4818437Z #12 5.070 Unpacking libcurl4t64:amd64 (8.14.1-2) ...
2025-08-21T18:53:04.4818955Z #12 5.100 Selecting previously unselected package curl.
2025-08-21T18:53:04.4819557Z #12 5.101 Preparing to unpack .../26-curl_8.14.1-2_amd64.deb ...
2025-08-21T18:53:04.4820091Z #12 5.102 Unpacking curl (8.14.1-2) ...
2025-08-21T18:53:04.5911166Z #12 5.126 Selecting previously unselected package libpq5:amd64.
2025-08-21T18:53:04.5913592Z #12 5.128 Preparing to unpack .../27-libpq5_17.5-1_amd64.deb ...
2025-08-21T18:53:04.5915351Z #12 5.129 Unpacking libpq5:amd64 (17.5-1) ...
2025-08-21T18:53:04.5916058Z #12 5.156 Selecting previously unselected package postgresql-client-common.
2025-08-21T18:53:04.5918885Z #12 5.157 Preparing to unpack .../28-postgresql-client-common_278_all.deb ...
2025-08-21T18:53:04.5919845Z #12 5.163 Unpacking postgresql-client-common (278) ...
2025-08-21T18:53:04.5920725Z #12 5.184 Selecting previously unselected package postgresql-client-17.
2025-08-21T18:53:04.5921674Z #12 5.185 Preparing to unpack .../29-postgresql-client-17_17.5-1_amd64.deb ...
2025-08-21T18:53:04.5922353Z #12 5.186 Unpacking postgresql-client-17 (17.5-1) ...
2025-08-21T18:53:04.6912365Z #12 5.295 Selecting previously unselected package postgresql-client.
2025-08-21T18:53:04.6913204Z #12 5.297 Preparing to unpack .../30-postgresql-client_17+278_all.deb ...
2025-08-21T18:53:04.6914283Z #12 5.298 Unpacking postgresql-client (17+278) ...
2025-08-21T18:53:04.6915033Z #12 5.318 Setting up libkeyutils1:amd64 (1.6.3-6) ...
2025-08-21T18:53:04.6915600Z #12 5.321 Setting up libgdbm-compat4t64:amd64 (1.24-2) ...
2025-08-21T18:53:04.6916433Z #12 5.323 Setting up libbrotli1:amd64 (1.1.0-2+b7) ...
2025-08-21T18:53:04.6917001Z #12 5.326 Setting up libnghttp2-14:amd64 (1.64.0-1.1) ...
2025-08-21T18:53:04.6917425Z #12 5.328 Setting up libcom-err2:amd64 (1.47.2-3+b3) ...
2025-08-21T18:53:04.6917978Z #12 5.331 Setting up libkrb5support0:amd64 (1.21.3-5) ...
2025-08-21T18:53:04.8100568Z #12 5.333 Setting up libsasl2-modules-db:amd64 (2.1.28+dfsg1-9) ...
2025-08-21T18:53:04.8104313Z #12 5.336 Setting up libp11-kit0:amd64 (0.25.5-3) ...
2025-08-21T18:53:04.8104852Z #12 5.338 Setting up libunistring5:amd64 (1.3-2) ...
2025-08-21T18:53:04.8105392Z #12 5.341 Setting up libk5crypto3:amd64 (1.21.3-5) ...
2025-08-21T18:53:04.8105929Z #12 5.343 Setting up libsasl2-2:amd64 (2.1.28+dfsg1-9) ...
2025-08-21T18:53:04.8106454Z #12 5.346 Setting up libnghttp3-9:amd64 (1.8.0-1) ...
2025-08-21T18:53:04.8106940Z #12 5.349 Setting up perl-modules-5.40 (5.40.1-6) ...
2025-08-21T18:53:04.8107398Z #12 5.352 Setting up sensible-utils (0.0.25) ...
2025-08-21T18:53:04.8107871Z #12 5.354 Setting up libtasn1-6:amd64 (4.20.0-2) ...
2025-08-21T18:53:04.8108370Z #12 5.357 Setting up libkrb5-3:amd64 (1.21.3-5) ...
2025-08-21T18:53:04.8108867Z #12 5.359 Setting up libssh2-1t64:amd64 (1.11.1-1) ...
2025-08-21T18:53:04.8109372Z #12 5.362 Setting up libldap2:amd64 (2.6.10+dfsg-1) ...
2025-08-21T18:53:04.8109850Z #12 5.365 Setting up libidn2-0:amd64 (2.3.8-2) ...
2025-08-21T18:53:04.8110210Z #12 5.367 Setting up libperl5.40:amd64 (5.40.1-6) ...
2025-08-21T18:53:04.8110468Z #12 5.371 Setting up perl (5.40.1-6) ...
2025-08-21T18:53:04.8110742Z #12 5.377 Setting up libgssapi-krb5-2:amd64 (1.21.3-5) ...
2025-08-21T18:53:04.8111297Z #12 5.381 Setting up libgnutls30t64:amd64 (3.8.9-3) ...
2025-08-21T18:53:04.8111600Z #12 5.383 Setting up postgresql-client-common (278) ...
2025-08-21T18:53:04.8112003Z #12 5.392 Setting up libpsl5t64:amd64 (0.21.2-1.1+b1) ...
2025-08-21T18:53:04.8112298Z #12 5.395 Setting up libpq5:amd64 (17.5-1) ...
2025-08-21T18:53:04.8112738Z #12 5.398 Setting up librtmp1:amd64 (2.4+20151223.gitfa8646d.1-2+b5) ...
2025-08-21T18:53:04.8113314Z #12 5.401 Setting up libcurl4t64:amd64 (8.14.1-2) ...
2025-08-21T18:53:04.8113966Z #12 5.404 Setting up postgresql-client-17 (17.5-1) ...
2025-08-21T18:53:05.1641923Z #12 5.765 update-alternatives: using /usr/share/postgresql/17/man/man1/psql.1.gz to provide /usr/share/man/man1/psql.1.gz (psql.1.gz) in auto mode
2025-08-21T18:53:05.1642937Z #12 5.804 Setting up curl (8.14.1-2) ...
2025-08-21T18:53:05.3494300Z #12 5.806 Setting up postgresql-client (17+278) ...
2025-08-21T18:53:05.3496470Z #12 5.809 Processing triggers for libc-bin (2.41-12) ...
2025-08-21T18:53:05.3499737Z #12 5.837 + rm -rf /var/lib/apt/lists/auxfiles /var/lib/apt/lists/deb.debian.org_debian-security_dists_trixie-security_InRelease /var/lib/apt/lists/deb.debian.org_debian-security_dists_trixie-security_main_binary-amd64_Packages.lz4 /var/lib/apt/lists/deb.debian.org_debian_dists_trixie-updates_InRelease /var/lib/apt/lists/deb.debian.org_debian_dists_trixie-updates_main_binary-amd64_Packages.lz4 /var/lib/apt/lists/deb.debian.org_debian_dists_trixie_InRelease /var/lib/apt/lists/deb.debian.org_debian_dists_trixie_main_binary-amd64_Packages.lz4 /var/lib/apt/lists/lock /var/lib/apt/lists/partial
2025-08-21T18:53:05.3501924Z #12 DONE 5.9s
2025-08-21T18:53:05.3502037Z 
2025-08-21T18:53:05.3502212Z #13 [base  4/13] RUN pip install --no-cache-dir -r requirements.txt
2025-08-21T18:53:05.3502625Z #13 1.463 Collecting uvicorn==0.29.0 (from -r requirements.txt (line 1))
2025-08-21T18:53:05.3503046Z #13 1.556   Downloading uvicorn-0.29.0-py3-none-any.whl.metadata (6.3 kB)
2025-08-21T18:53:05.3503490Z #13 1.582 Collecting pydantic-settings==2.2.1 (from -r requirements.txt (line 2))
2025-08-21T18:53:05.3504199Z #13 1.611   Downloading pydantic_settings-2.2.1-py3-none-any.whl.metadata (3.1 kB)
2025-08-21T18:53:05.3504643Z #13 1.664 Collecting fastapi==0.111.0 (from -r requirements.txt (line 3))
2025-08-21T18:53:05.3505040Z #13 1.693   Downloading fastapi-0.111.0-py3-none-any.whl.metadata (25 kB)
2025-08-21T18:53:05.3505746Z #13 1.964 Collecting sqlalchemy==2.0.29 (from -r requirements.txt (line 4))
2025-08-21T18:53:05.3506295Z #13 1.994   Downloading SQLAlchemy-2.0.29-cp312-cp312-manylinux_2_17_x86_64.manylinux2014_x86_64.whl.metadata (9.6 kB)
2025-08-21T18:53:05.3506819Z #13 2.041 Collecting alembic==1.13.1 (from -r requirements.txt (line 5))
2025-08-21T18:53:05.3507210Z #13 2.070   Downloading alembic-1.13.1-py3-none-any.whl.metadata (7.4 kB)
2025-08-21T18:53:05.3507675Z #13 2.099 Collecting psycopg==3.2.9 (from psycopg[binary]==3.2.9->-r requirements.txt (line 6))
2025-08-21T18:53:05.3508135Z #13 2.128   Downloading psycopg-3.2.9-py3-none-any.whl.metadata (4.5 kB)
2025-08-21T18:53:05.3508521Z #13 2.160 Collecting httpx==0.27.2 (from -r requirements.txt (line 7))
2025-08-21T18:53:05.3508915Z #13 2.188   Downloading httpx-0.27.2-py3-none-any.whl.metadata (7.1 kB)
2025-08-21T18:53:05.3509309Z #13 2.238 Collecting asyncpg==0.29.0 (from -r requirements.txt (line 8))
2025-08-21T18:53:05.3509825Z #13 2.267   Downloading asyncpg-0.29.0-cp312-cp312-manylinux_2_17_x86_64.manylinux2014_x86_64.whl.metadata (4.4 kB)
2025-08-21T18:53:05.3510339Z #13 2.524 Collecting boto3==1.34.162 (from -r requirements.txt (line 9))
2025-08-21T18:53:05.3510726Z #13 2.553   Downloading boto3-1.34.162-py3-none-any.whl.metadata (6.6 kB)
2025-08-21T18:53:05.3511117Z #13 2.579 Collecting Jinja2==3.1.5 (from -r requirements.txt (line 10))
2025-08-21T18:53:05.3511496Z #13 2.607   Downloading jinja2-3.1.5-py3-none-any.whl.metadata (2.6 kB)
2025-08-21T18:53:05.3511878Z #13 2.653 Collecting celery==5.3.* (from -r requirements.txt (line 11))
2025-08-21T18:53:05.3512418Z #13 2.683   Downloading celery-5.3.6-py3-none-any.whl.metadata (21 kB)
2025-08-21T18:53:05.3512821Z #13 2.731 Collecting structlog==24.1.0 (from -r requirements.txt (line 12))
2025-08-21T18:53:05.3513243Z #13 2.760   Downloading structlog-24.1.0-py3-none-any.whl.metadata (6.9 kB)
2025-08-21T18:53:05.3513826Z #13 2.788 Collecting asgi-correlation-id==4.3.1 (from -r requirements.txt (line 13))
2025-08-21T18:53:05.3514409Z #13 2.817   Downloading asgi_correlation_id-4.3.1-py3-none-any.whl.metadata (28 kB)
2025-08-21T18:53:05.3514856Z #13 2.845 Collecting fastapi-limiter==0.1.6 (from -r requirements.txt (line 14))
2025-08-21T18:53:05.3515314Z #13 2.873   Downloading fastapi_limiter-0.1.6-py3-none-any.whl.metadata (5.3 kB)
2025-08-21T18:53:05.3515721Z #13 2.916 Collecting redis==5.0.8 (from -r requirements.txt (line 15))
2025-08-21T18:53:05.3516105Z #13 2.945   Downloading redis-5.0.8-py3-none-any.whl.metadata (9.2 kB)
2025-08-21T18:53:05.3516627Z #13 3.005 Collecting sentry-sdk==2.9.0 (from sentry-sdk[celery,fastapi,sqlalchemy]==2.9.0->-r requirements.txt (line 16))
2025-08-21T18:53:05.3517181Z #13 3.047   Downloading sentry_sdk-2.9.0-py2.py3-none-any.whl.metadata (14 kB)
2025-08-21T18:53:05.3517678Z #13 3.128 Collecting click>=7.0 (from uvicorn==0.29.0->-r requirements.txt (line 1))
2025-08-21T18:53:05.3518102Z #13 3.156   Downloading click-8.2.1-py3-none-any.whl.metadata (2.5 kB)
2025-08-21T18:53:05.3518508Z #13 3.177 Collecting h11>=0.8 (from uvicorn==0.29.0->-r requirements.txt (line 1))
2025-08-21T18:53:05.3518906Z #13 3.206   Downloading h11-0.16.0-py3-none-any.whl.metadata (8.3 kB)
2025-08-21T18:53:05.3519353Z #13 3.304 Collecting pydantic>=2.3.0 (from pydantic-settings==2.2.1->-r requirements.txt (line 2))
2025-08-21T18:53:05.3519833Z #13 3.332   Downloading pydantic-2.11.7-py3-none-any.whl.metadata (67 kB)
2025-08-21T18:53:05.3520338Z #13 3.386 Collecting python-dotenv>=0.21.0 (from pydantic-settings==2.2.1->-r requirements.txt (line 2))
2025-08-21T18:53:05.3520847Z #13 3.414   Downloading python_dotenv-1.1.1-py3-none-any.whl.metadata (24 kB)
2025-08-21T18:53:05.3521338Z #13 3.455 Collecting starlette<0.38.0,>=0.37.2 (from fastapi==0.111.0->-r requirements.txt (line 3))
2025-08-21T18:53:05.3521815Z #13 3.484   Downloading starlette-0.37.2-py3-none-any.whl.metadata (5.9 kB)
2025-08-21T18:53:05.3522306Z #13 3.546 Collecting typing-extensions>=4.8.0 (from fastapi==0.111.0->-r requirements.txt (line 3))
2025-08-21T18:53:05.3522956Z #13 3.575   Downloading typing_extensions-4.14.1-py3-none-any.whl.metadata (3.0 kB)
2025-08-21T18:53:05.3523449Z #13 3.597 Collecting fastapi-cli>=0.0.2 (from fastapi==0.111.0->-r requirements.txt (line 3))
2025-08-21T18:53:05.3524100Z #13 3.626   Downloading fastapi_cli-0.0.8-py3-none-any.whl.metadata (6.3 kB)
2025-08-21T18:53:05.3524578Z #13 3.655 Collecting python-multipart>=0.0.7 (from fastapi==0.111.0->-r requirements.txt (line 3))
2025-08-21T18:53:05.3525077Z #13 3.684   Downloading python_multipart-0.0.20-py3-none-any.whl.metadata (1.8 kB)
2025-08-21T18:53:05.3525597Z #13 3.746 Collecting ujson!=4.0.2,!=4.1.0,!=4.2.0,!=4.3.0,!=5.0.0,!=5.1.0,>=4.0.1 (from fastapi==0.111.0->-r requirements.txt (line 3))
2025-08-21T18:53:05.3526181Z #13 3.775   Downloading ujson-5.11.0-cp312-cp312-manylinux_2_24_x86_64.manylinux_2_28_x86_64.whl.metadata (9.4 kB)
2025-08-21T18:53:05.3526711Z #13 4.006 Collecting orjson>=3.2.1 (from fastapi==0.111.0->-r requirements.txt (line 3))
2025-08-21T18:53:05.3527251Z #13 4.035   Downloading orjson-3.11.2-cp312-cp312-manylinux_2_17_x86_64.manylinux2014_x86_64.whl.metadata (1.2 kB)
2025-08-21T18:53:05.3527811Z #13 4.062 Collecting email_validator>=2.0.0 (from fastapi==0.111.0->-r requirements.txt (line 3))
2025-08-21T18:53:05.3528281Z #13 4.090   Downloading email_validator-2.2.0-py3-none-any.whl.metadata (25 kB)
2025-08-21T18:53:05.3528750Z #13 4.229 Collecting greenlet!=0.4.17 (from sqlalchemy==2.0.29->-r requirements.txt (line 4))
2025-08-21T18:53:05.3529306Z #13 4.258   Downloading greenlet-3.2.4-cp312-cp312-manylinux_2_24_x86_64.manylinux_2_28_x86_64.whl.metadata (4.1 kB)
2025-08-21T18:53:05.3529958Z #13 4.303 Collecting Mako (from alembic==1.13.1->-r requirements.txt (line 5))
2025-08-21T18:53:05.3530361Z #13 4.332   Downloading mako-1.3.10-py3-none-any.whl.metadata (2.9 kB)
2025-08-21T18:53:05.3530749Z #13 4.381 Collecting anyio (from httpx==0.27.2->-r requirements.txt (line 7))
2025-08-21T18:53:05.3531148Z #13 4.410   Downloading anyio-4.10.0-py3-none-any.whl.metadata (4.0 kB)
2025-08-21T18:53:05.3531554Z #13 4.446 Collecting certifi (from httpx==0.27.2->-r requirements.txt (line 7))
2025-08-21T18:53:05.3531976Z #13 4.475   Downloading certifi-2025.8.3-py3-none-any.whl.metadata (2.4 kB)
2025-08-21T18:53:05.3532400Z #13 4.505 Collecting httpcore==1.* (from httpx==0.27.2->-r requirements.txt (line 7))
2025-08-21T18:53:05.3532839Z #13 4.534   Downloading httpcore-1.0.9-py3-none-any.whl.metadata (21 kB)
2025-08-21T18:53:05.3533240Z #13 4.561 Collecting idna (from httpx==0.27.2->-r requirements.txt (line 7))
2025-08-21T18:53:05.3533624Z #13 4.590   Downloading idna-3.10-py3-none-any.whl.metadata (10 kB)
2025-08-21T18:53:05.3534265Z #13 4.610 Collecting sniffio (from httpx==0.27.2->-r requirements.txt (line 7))
2025-08-21T18:53:05.3534767Z #13 4.639   Downloading sniffio-1.3.1-py3-none-any.whl.metadata (3.9 kB)
2025-08-21T18:53:05.3535216Z #13 5.079 Collecting botocore<1.35.0,>=1.34.162 (from boto3==1.34.162->-r requirements.txt (line 9))
2025-08-21T18:53:05.3535675Z #13 5.108   Downloading botocore-1.34.162-py3-none-any.whl.metadata (5.7 kB)
2025-08-21T18:53:05.3536127Z #13 5.132 Collecting jmespath<2.0.0,>=0.7.1 (from boto3==1.34.162->-r requirements.txt (line 9))
2025-08-21T18:53:05.3536571Z #13 5.160   Downloading jmespath-1.0.1-py3-none-any.whl.metadata (7.6 kB)
2025-08-21T18:53:05.3537015Z #13 5.189 Collecting s3transfer<0.11.0,>=0.10.0 (from boto3==1.34.162->-r requirements.txt (line 9))
2025-08-21T18:53:05.3537474Z #13 5.218   Downloading s3transfer-0.10.4-py3-none-any.whl.metadata (1.7 kB)
2025-08-21T18:53:05.3537916Z #13 5.275 Collecting MarkupSafe>=2.0 (from Jinja2==3.1.5->-r requirements.txt (line 10))
2025-08-21T18:53:05.3538484Z #13 5.304   Downloading MarkupSafe-3.0.2-cp312-cp312-manylinux_2_17_x86_64.manylinux2014_x86_64.whl.metadata (4.0 kB)
2025-08-21T18:53:05.3539044Z #13 5.338 Collecting billiard<5.0,>=4.2.0 (from celery==5.3.*->-r requirements.txt (line 11))
2025-08-21T18:53:05.3539477Z #13 5.366   Downloading billiard-4.2.1-py3-none-any.whl.metadata (4.4 kB)
2025-08-21T18:53:05.3540080Z #13 5.388 Collecting click-didyoumean>=0.3.0 (from celery==5.3.*->-r requirements.txt (line 11))
2025-08-21T18:53:05.3540565Z #13 5.417   Downloading click_didyoumean-0.3.1-py3-none-any.whl.metadata (3.9 kB)
2025-08-21T18:53:05.3541039Z #13 5.437 Collecting click-plugins>=1.1.1 (from celery==5.3.*->-r requirements.txt (line 11))
2025-08-21T18:53:05.3541519Z #13 5.466   Downloading click_plugins-1.1.1.2-py2.py3-none-any.whl.metadata (6.5 kB)
2025-08-21T18:53:05.3541984Z #13 5.491 Collecting click-repl>=0.2.0 (from celery==5.3.*->-r requirements.txt (line 11))
2025-08-21T18:53:05.3542435Z #13 5.519   Downloading click_repl-0.3.0-py3-none-any.whl.metadata (3.6 kB)
2025-08-21T18:53:05.3542860Z #13 5.567 Collecting kombu<6.0,>=5.3.4 (from celery==5.3.*->-r requirements.txt (line 11))
2025-08-21T18:53:05.3543275Z #13 5.596   Downloading kombu-5.5.4-py3-none-any.whl.metadata (3.5 kB)
2025-08-21T18:53:05.3543837Z #13 5.627 Collecting python-dateutil>=2.8.2 (from celery==5.3.*->-r requirements.txt (line 11))
2025-08-21T18:53:05.3544355Z #13 5.655   Downloading python_dateutil-2.9.0.post0-py2.py3-none-any.whl.metadata (8.4 kB)
2025-08-21T18:53:05.3544839Z #13 5.679 Collecting tzdata>=2022.7 (from celery==5.3.*->-r requirements.txt (line 11))
2025-08-21T18:53:05.3545271Z #13 5.708   Downloading tzdata-2025.2-py2.py3-none-any.whl.metadata (1.4 kB)
2025-08-21T18:53:05.3545698Z #13 5.732 Collecting vine<6.0,>=5.1.0 (from celery==5.3.*->-r requirements.txt (line 11))
2025-08-21T18:53:05.3546100Z #13 5.760   Downloading vine-5.1.0-py3-none-any.whl.metadata (2.7 kB)
2025-08-21T18:53:05.3546785Z #13 5.822 Collecting urllib3>=1.26.11 (from sentry-sdk==2.9.0->sentry-sdk[celery,fastapi,sqlalchemy]==2.9.0->-r requirements.txt (line 16))
2025-08-21T18:53:05.3547361Z #13 5.851   Downloading urllib3-2.5.0-py3-none-any.whl.metadata (6.5 kB)
2025-08-21T18:53:05.3547828Z #13 5.976 Collecting psycopg-binary==3.2.9 (from psycopg[binary]==3.2.9->-r requirements.txt (line 6))
2025-08-21T18:53:05.4792202Z #13 6.006   Downloading psycopg_binary-3.2.9-cp312-cp312-manylinux_2_17_x86_64.manylinux2014_x86_64.whl.metadata (2.9 kB)
2025-08-21T18:53:05.4795119Z #13 6.106 Collecting prompt-toolkit>=3.0.36 (from click-repl>=0.2.0->celery==5.3.*->-r requirements.txt (line 11))
2025-08-21T18:53:05.5893260Z #13 6.135   Downloading prompt_toolkit-3.0.51-py3-none-any.whl.metadata (6.4 kB)
2025-08-21T18:53:05.5895256Z #13 6.158 Collecting dnspython>=2.0.0 (from email_validator>=2.0.0->fastapi==0.111.0->-r requirements.txt (line 3))
2025-08-21T18:53:05.5896573Z #13 6.186   Downloading dnspython-2.7.0-py3-none-any.whl.metadata (5.8 kB)
2025-08-21T18:53:05.5897766Z #13 6.217 Collecting typer>=0.15.1 (from fastapi-cli>=0.0.2->fastapi==0.111.0->-r requirements.txt (line 3))
2025-08-21T18:53:05.7163398Z #13 6.245   Downloading typer-0.16.1-py3-none-any.whl.metadata (15 kB)
2025-08-21T18:53:05.7164620Z #13 6.281 Collecting rich-toolkit>=0.14.8 (from fastapi-cli>=0.0.2->fastapi==0.111.0->-r requirements.txt (line 3))
2025-08-21T18:53:05.7165836Z #13 6.309   Downloading rich_toolkit-0.15.0-py3-none-any.whl.metadata (1.0 kB)
2025-08-21T18:53:05.7166703Z #13 6.343 Collecting amqp<6.0.0,>=5.1.1 (from kombu<6.0,>=5.3.4->celery==5.3.*->-r requirements.txt (line 11))
2025-08-21T18:53:05.8241669Z #13 6.372   Downloading amqp-5.3.1-py3-none-any.whl.metadata (8.9 kB)
2025-08-21T18:53:05.8242677Z #13 6.399 Collecting packaging (from kombu<6.0,>=5.3.4->celery==5.3.*->-r requirements.txt (line 11))
2025-08-21T18:53:05.8243527Z #13 6.427   Downloading packaging-25.0-py3-none-any.whl.metadata (3.3 kB)
2025-08-21T18:53:05.8245152Z #13 6.451 Collecting annotated-types>=0.6.0 (from pydantic>=2.3.0->pydantic-settings==2.2.1->-r requirements.txt (line 2))
2025-08-21T18:53:06.0030889Z #13 6.479   Downloading annotated_types-0.7.0-py3-none-any.whl.metadata (15 kB)
2025-08-21T18:53:06.3750401Z #13 7.002 Collecting pydantic-core==2.33.2 (from pydantic>=2.3.0->pydantic-settings==2.2.1->-r requirements.txt (line 2))
2025-08-21T18:53:06.4887622Z #13 7.034   Downloading pydantic_core-2.33.2-cp312-cp312-manylinux_2_17_x86_64.manylinux2014_x86_64.whl.metadata (6.8 kB)
2025-08-21T18:53:06.4889204Z #13 7.057 Collecting typing-inspection>=0.4.0 (from pydantic>=2.3.0->pydantic-settings==2.2.1->-r requirements.txt (line 2))
2025-08-21T18:53:06.4890002Z #13 7.086   Downloading typing_inspection-0.4.1-py3-none-any.whl.metadata (2.6 kB)
2025-08-21T18:53:06.4890681Z #13 7.116 Collecting six>=1.5 (from python-dateutil>=2.8.2->celery==5.3.*->-r requirements.txt (line 11))
2025-08-21T18:53:06.6676669Z #13 7.144   Downloading six-1.17.0-py2.py3-none-any.whl.metadata (1.7 kB)
2025-08-21T18:53:06.7286616Z #13 7.356 Collecting httptools>=0.5.0 (from uvicorn[standard]>=0.12.0->fastapi==0.111.0->-r requirements.txt (line 3))
2025-08-21T18:53:06.8659921Z #13 7.385   Downloading httptools-0.6.4-cp312-cp312-manylinux_2_5_x86_64.manylinux1_x86_64.manylinux_2_17_x86_64.manylinux2014_x86_64.whl.metadata (3.6 kB)
2025-08-21T18:53:06.8661633Z #13 7.423 Collecting pyyaml>=5.1 (from uvicorn[standard]>=0.12.0->fastapi==0.111.0->-r requirements.txt (line 3))
2025-08-21T18:53:06.8662864Z #13 7.452   Downloading PyYAML-6.0.2-cp312-cp312-manylinux_2_17_x86_64.manylinux2014_x86_64.whl.metadata (2.1 kB)
2025-08-21T18:53:06.8663988Z #13 7.493 Collecting uvloop!=0.15.0,!=0.15.1,>=0.14.0 (from uvicorn[standard]>=0.12.0->fastapi==0.111.0->-r requirements.txt (line 3))
2025-08-21T18:53:06.9876203Z #13 7.522   Downloading uvloop-0.21.0-cp312-cp312-manylinux_2_17_x86_64.manylinux2014_x86_64.whl.metadata (4.9 kB)
2025-08-21T18:53:06.9877774Z #13 7.587 Collecting watchfiles>=0.13 (from uvicorn[standard]>=0.12.0->fastapi==0.111.0->-r requirements.txt (line 3))
2025-08-21T18:53:06.9879722Z #13 7.615   Downloading watchfiles-1.1.0-cp312-cp312-manylinux_2_17_x86_64.manylinux2014_x86_64.whl.metadata (4.9 kB)
2025-08-21T18:53:07.1011699Z #13 7.728 Collecting websockets>=10.4 (from uvicorn[standard]>=0.12.0->fastapi==0.111.0->-r requirements.txt (line 3))
2025-08-21T18:53:07.2500567Z #13 7.760   Downloading websockets-15.0.1-cp312-cp312-manylinux_2_5_x86_64.manylinux1_x86_64.manylinux_2_17_x86_64.manylinux2014_x86_64.whl.metadata (6.8 kB)
2025-08-21T18:53:07.2503053Z #13 7.796 Collecting wcwidth (from prompt-toolkit>=3.0.36->click-repl>=0.2.0->celery==5.3.*->-r requirements.txt (line 11))
2025-08-21T18:53:07.2504626Z #13 7.824   Downloading wcwidth-0.2.13-py2.py3-none-any.whl.metadata (14 kB)
2025-08-21T18:53:07.2505768Z #13 7.877 Collecting rich>=13.7.1 (from rich-toolkit>=0.14.8->fastapi-cli>=0.0.2->fastapi==0.111.0->-r requirements.txt (line 3))
2025-08-21T18:53:07.4029818Z #13 7.906   Downloading rich-14.1.0-py3-none-any.whl.metadata (18 kB)
2025-08-21T18:53:07.4031050Z #13 7.945 Collecting shellingham>=1.3.0 (from typer>=0.15.1->fastapi-cli>=0.0.2->fastapi==0.111.0->-r requirements.txt (line 3))
2025-08-21T18:53:07.4032138Z #13 7.973   Downloading shellingham-1.5.4-py2.py3-none-any.whl.metadata (3.5 kB)
2025-08-21T18:53:07.4033330Z #13 8.030 Collecting markdown-it-py>=2.2.0 (from rich>=13.7.1->rich-toolkit>=0.14.8->fastapi-cli>=0.0.2->fastapi==0.111.0->-r requirements.txt (line 3))
2025-08-21T18:53:07.5156542Z #13 8.058   Downloading markdown_it_py-4.0.0-py3-none-any.whl.metadata (7.3 kB)
2025-08-21T18:53:07.5158379Z #13 8.091 Collecting pygments<3.0.0,>=2.13.0 (from rich>=13.7.1->rich-toolkit>=0.14.8->fastapi-cli>=0.0.2->fastapi==0.111.0->-r requirements.txt (line 3))
2025-08-21T18:53:07.5159821Z #13 8.119   Downloading pygments-2.19.2-py3-none-any.whl.metadata (2.5 kB)
2025-08-21T18:53:07.5160862Z #13 8.143 Collecting mdurl~=0.1 (from markdown-it-py>=2.2.0->rich>=13.7.1->rich-toolkit>=0.14.8->fastapi-cli>=0.0.2->fastapi==0.111.0->-r requirements.txt (line 3))
2025-08-21T18:53:07.6432284Z #13 8.171   Downloading mdurl-0.1.2-py3-none-any.whl.metadata (1.6 kB)
2025-08-21T18:53:07.6433951Z #13 8.208 Downloading uvicorn-0.29.0-py3-none-any.whl (60 kB)
2025-08-21T18:53:07.6434705Z #13 8.242 Downloading pydantic_settings-2.2.1-py3-none-any.whl (13 kB)
2025-08-21T18:53:07.6435463Z #13 8.271 Downloading fastapi-0.111.0-py3-none-any.whl (91 kB)
2025-08-21T18:53:07.8114527Z #13 8.328 Downloading SQLAlchemy-2.0.29-cp312-cp312-manylinux_2_17_x86_64.manylinux2014_x86_64.whl (3.2 MB)
2025-08-21T18:53:07.9266269Z #13 8.438    ━━━━━━━━━━━━━━━━━━━━━━━━━━━━━━━━━━━━━━━━ 3.2/3.2 MB 38.5 MB/s eta 0:00:00
2025-08-21T18:53:07.9267241Z #13 8.467 Downloading alembic-1.13.1-py3-none-any.whl (233 kB)
2025-08-21T18:53:07.9268078Z #13 8.496 Downloading psycopg-3.2.9-py3-none-any.whl (202 kB)
2025-08-21T18:53:07.9268935Z #13 8.525 Downloading httpx-0.27.2-py3-none-any.whl (76 kB)
2025-08-21T18:53:07.9270053Z #13 8.554 Downloading asyncpg-0.29.0-cp312-cp312-manylinux_2_17_x86_64.manylinux2014_x86_64.whl (3.3 MB)
2025-08-21T18:53:08.0557074Z #13 8.567    ━━━━━━━━━━━━━━━━━━━━━━━━━━━━━━━━━━━━━━━━ 3.3/3.3 MB 307.1 MB/s eta 0:00:00
2025-08-21T18:53:08.0558131Z #13 8.596 Downloading boto3-1.34.162-py3-none-any.whl (139 kB)
2025-08-21T18:53:08.0559095Z #13 8.625 Downloading jinja2-3.1.5-py3-none-any.whl (134 kB)
2025-08-21T18:53:08.0559906Z #13 8.654 Downloading celery-5.3.6-py3-none-any.whl (422 kB)
2025-08-21T18:53:08.0560645Z #13 8.683 Downloading structlog-24.1.0-py3-none-any.whl (65 kB)
2025-08-21T18:53:08.1713629Z #13 8.712 Downloading asgi_correlation_id-4.3.1-py3-none-any.whl (15 kB)
2025-08-21T18:53:08.1715333Z #13 8.741 Downloading fastapi_limiter-0.1.6-py3-none-any.whl (15 kB)
2025-08-21T18:53:08.1716163Z #13 8.769 Downloading redis-5.0.8-py3-none-any.whl (255 kB)
2025-08-21T18:53:08.1716814Z #13 8.799 Downloading sentry_sdk-2.9.0-py2.py3-none-any.whl (301 kB)
2025-08-21T18:53:08.2883878Z #13 8.828 Downloading httpcore-1.0.9-py3-none-any.whl (78 kB)
2025-08-21T18:53:08.2885200Z #13 8.857 Downloading psycopg_binary-3.2.9-cp312-cp312-manylinux_2_17_x86_64.manylinux2014_x86_64.whl (4.4 MB)
2025-08-21T18:53:08.2886294Z #13 8.887    ━━━━━━━━━━━━━━━━━━━━━━━━━━━━━━━━━━━━━━━━ 4.4/4.4 MB 156.3 MB/s eta 0:00:00
2025-08-21T18:53:08.2886824Z #13 8.916 Downloading billiard-4.2.1-py3-none-any.whl (86 kB)
2025-08-21T18:53:08.4007241Z #13 8.944 Downloading botocore-1.34.162-py3-none-any.whl (12.5 MB)
2025-08-21T18:53:08.5147140Z #13 9.028    ━━━━━━━━━━━━━━━━━━━━━━━━━━━━━━━━━━━━━━━━ 12.5/12.5 MB 152.6 MB/s eta 0:00:00
2025-08-21T18:53:08.5147908Z #13 9.056 Downloading click-8.2.1-py3-none-any.whl (102 kB)
2025-08-21T18:53:08.5148675Z #13 9.085 Downloading click_didyoumean-0.3.1-py3-none-any.whl (3.6 kB)
2025-08-21T18:53:08.5149720Z #13 9.113 Downloading click_plugins-1.1.1.2-py2.py3-none-any.whl (11 kB)
2025-08-21T18:53:08.5150607Z #13 9.142 Downloading click_repl-0.3.0-py3-none-any.whl (10 kB)
2025-08-21T18:53:08.6330196Z #13 9.170 Downloading email_validator-2.2.0-py3-none-any.whl (33 kB)
2025-08-21T18:53:08.6331891Z #13 9.199 Downloading fastapi_cli-0.0.8-py3-none-any.whl (10 kB)
2025-08-21T18:53:08.6332759Z #13 9.228 Downloading greenlet-3.2.4-cp312-cp312-manylinux_2_24_x86_64.manylinux_2_28_x86_64.whl (607 kB)
2025-08-21T18:53:08.6333671Z #13 9.232    ━━━━━━━━━━━━━━━━━━━━━━━━━━━━━━━━━━━━━━━ 607.6/607.6 kB 480.5 MB/s eta 0:00:00
2025-08-21T18:53:08.6334457Z #13 9.260 Downloading h11-0.16.0-py3-none-any.whl (37 kB)
2025-08-21T18:53:08.7465543Z #13 9.289 Downloading idna-3.10-py3-none-any.whl (70 kB)
2025-08-21T18:53:08.7486876Z #13 9.317 Downloading jmespath-1.0.1-py3-none-any.whl (20 kB)
2025-08-21T18:53:08.7487574Z #13 9.345 Downloading kombu-5.5.4-py3-none-any.whl (210 kB)
2025-08-21T18:53:08.7488165Z #13 9.374 Downloading vine-5.1.0-py3-none-any.whl (9.6 kB)
2025-08-21T18:53:08.8608525Z #13 9.402 Downloading MarkupSafe-3.0.2-cp312-cp312-manylinux_2_17_x86_64.manylinux2014_x86_64.whl (23 kB)
2025-08-21T18:53:08.8609852Z #13 9.431 Downloading orjson-3.11.2-cp312-cp312-manylinux_2_17_x86_64.manylinux2014_x86_64.whl (121 kB)
2025-08-21T18:53:08.8610874Z #13 9.459 Downloading pydantic-2.11.7-py3-none-any.whl (444 kB)
2025-08-21T18:53:08.8611881Z #13 9.488 Downloading pydantic_core-2.33.2-cp312-cp312-manylinux_2_17_x86_64.manylinux2014_x86_64.whl (2.0 MB)
2025-08-21T18:53:08.9829727Z #13 9.495    ━━━━━━━━━━━━━━━━━━━━━━━━━━━━━━━━━━━━━━━━ 2.0/2.0 MB 444.2 MB/s eta 0:00:00
2025-08-21T18:53:08.9830918Z #13 9.523 Downloading python_dateutil-2.9.0.post0-py2.py3-none-any.whl (229 kB)
2025-08-21T18:53:08.9831669Z #13 9.552 Downloading python_dotenv-1.1.1-py3-none-any.whl (20 kB)
2025-08-21T18:53:08.9832337Z #13 9.580 Downloading python_multipart-0.0.20-py3-none-any.whl (24 kB)
2025-08-21T18:53:08.9832984Z #13 9.609 Downloading s3transfer-0.10.4-py3-none-any.whl (83 kB)
2025-08-21T18:53:09.0950909Z #13 9.637 Downloading starlette-0.37.2-py3-none-any.whl (71 kB)
2025-08-21T18:53:09.0951616Z #13 9.666 Downloading anyio-4.10.0-py3-none-any.whl (107 kB)
2025-08-21T18:53:09.0952277Z #13 9.694 Downloading sniffio-1.3.1-py3-none-any.whl (10 kB)
2025-08-21T18:53:09.0952986Z #13 9.722 Downloading typing_extensions-4.14.1-py3-none-any.whl (43 kB)
2025-08-21T18:53:09.2093454Z #13 9.751 Downloading tzdata-2025.2-py2.py3-none-any.whl (347 kB)
2025-08-21T18:53:09.2094522Z #13 9.780 Downloading ujson-5.11.0-cp312-cp312-manylinux_2_24_x86_64.manylinux_2_28_x86_64.whl (57 kB)
2025-08-21T18:53:09.2095361Z #13 9.808 Downloading urllib3-2.5.0-py3-none-any.whl (129 kB)
2025-08-21T18:53:09.2095970Z #13 9.837 Downloading certifi-2025.8.3-py3-none-any.whl (161 kB)
2025-08-21T18:53:09.3232598Z #13 9.865 Downloading mako-1.3.10-py3-none-any.whl (78 kB)
2025-08-21T18:53:09.3233551Z #13 9.894 Downloading amqp-5.3.1-py3-none-any.whl (50 kB)
2025-08-21T18:53:09.3234374Z #13 9.922 Downloading annotated_types-0.7.0-py3-none-any.whl (13 kB)
2025-08-21T18:53:09.3235023Z #13 9.951 Downloading dnspython-2.7.0-py3-none-any.whl (313 kB)
2025-08-21T18:53:09.4426510Z #13 9.979 Downloading httptools-0.6.4-cp312-cp312-manylinux_2_5_x86_64.manylinux1_x86_64.manylinux_2_17_x86_64.manylinux2014_x86_64.whl (510 kB)
2025-08-21T18:53:09.4428280Z #13 10.01 Downloading prompt_toolkit-3.0.51-py3-none-any.whl (387 kB)
2025-08-21T18:53:09.4429240Z #13 10.04 Downloading PyYAML-6.0.2-cp312-cp312-manylinux_2_17_x86_64.manylinux2014_x86_64.whl (767 kB)
2025-08-21T18:53:09.4430107Z #13 10.04    ━━━━━━━━━━━━━━━━━━━━━━━━━━━━━━━━━━━━━━━ 767.5/767.5 kB 521.8 MB/s eta 0:00:00
2025-08-21T18:53:09.4430559Z #13 10.07 Downloading rich_toolkit-0.15.0-py3-none-any.whl (29 kB)
2025-08-21T18:53:09.5561167Z #13 10.10 Downloading six-1.17.0-py2.py3-none-any.whl (11 kB)
2025-08-21T18:53:09.5562069Z #13 10.13 Downloading typer-0.16.1-py3-none-any.whl (46 kB)
2025-08-21T18:53:09.5562763Z #13 10.15 Downloading typing_inspection-0.4.1-py3-none-any.whl (14 kB)
2025-08-21T18:53:09.5565947Z #13 10.18 Downloading uvloop-0.21.0-cp312-cp312-manylinux_2_17_x86_64.manylinux2014_x86_64.whl (4.7 MB)
2025-08-21T18:53:09.6724612Z #13 10.21    ━━━━━━━━━━━━━━━━━━━━━━━━━━━━━━━━━━━━━━━━ 4.7/4.7 MB 159.5 MB/s eta 0:00:00
2025-08-21T18:53:09.6725589Z #13 10.24 Downloading watchfiles-1.1.0-cp312-cp312-manylinux_2_17_x86_64.manylinux2014_x86_64.whl (452 kB)
2025-08-21T18:53:09.6727125Z #13 10.27 Downloading websockets-15.0.1-cp312-cp312-manylinux_2_5_x86_64.manylinux1_x86_64.manylinux_2_17_x86_64.manylinux2014_x86_64.whl (182 kB)
2025-08-21T18:53:09.6728243Z #13 10.30 Downloading packaging-25.0-py3-none-any.whl (66 kB)
2025-08-21T18:53:09.7862885Z #13 10.33 Downloading rich-14.1.0-py3-none-any.whl (243 kB)
2025-08-21T18:53:09.7863980Z #13 10.36 Downloading shellingham-1.5.4-py2.py3-none-any.whl (9.8 kB)
2025-08-21T18:53:09.7864896Z #13 10.39 Downloading wcwidth-0.2.13-py2.py3-none-any.whl (34 kB)
2025-08-21T18:53:09.7865733Z #13 10.41 Downloading markdown_it_py-4.0.0-py3-none-any.whl (87 kB)
2025-08-21T18:53:09.9990662Z #13 10.44 Downloading pygments-2.19.2-py3-none-any.whl (1.2 MB)
2025-08-21T18:53:09.9991753Z #13 10.45    ━━━━━━━━━━━━━━━━━━━━━━━━━━━━━━━━━━━━━━━━ 1.2/1.2 MB 410.7 MB/s eta 0:00:00
2025-08-21T18:53:09.9992410Z #13 10.48 Downloading mdurl-0.1.2-py3-none-any.whl (10.0 kB)
2025-08-21T18:53:10.0596623Z #13 10.69 Installing collected packages: wcwidth, websockets, vine, uvloop, urllib3, ujson, tzdata, typing-extensions, structlog, sniffio, six, shellingham, redis, pyyaml, python-multipart, python-dotenv, pygments, psycopg-binary, prompt-toolkit, packaging, orjson, mdurl, MarkupSafe, jmespath, idna, httptools, h11, greenlet, dnspython, click, certifi, billiard, asyncpg, annotated-types, uvicorn, typing-inspection, sqlalchemy, sentry-sdk, python-dateutil, pydantic-core, psycopg, markdown-it-py, Mako, Jinja2, httpcore, email_validator, click-repl, click-plugins, click-didyoumean, anyio, amqp, watchfiles, starlette, rich, pydantic, kombu, httpx, botocore, alembic, typer, s3transfer, rich-toolkit, pydantic-settings, celery, asgi-correlation-id, fastapi-cli, boto3, fastapi, fastapi-limiter
2025-08-21T18:53:16.0445978Z #13 16.67 Successfully installed Jinja2-3.1.5 Mako-1.3.10 MarkupSafe-3.0.2 alembic-1.13.1 amqp-5.3.1 annotated-types-0.7.0 anyio-4.10.0 asgi-correlation-id-4.3.1 asyncpg-0.29.0 billiard-4.2.1 boto3-1.34.162 botocore-1.34.162 celery-5.3.6 certifi-2025.8.3 click-8.2.1 click-didyoumean-0.3.1 click-plugins-1.1.1.2 click-repl-0.3.0 dnspython-2.7.0 email_validator-2.2.0 fastapi-0.111.0 fastapi-cli-0.0.8 fastapi-limiter-0.1.6 greenlet-3.2.4 h11-0.16.0 httpcore-1.0.9 httptools-0.6.4 httpx-0.27.2 idna-3.10 jmespath-1.0.1 kombu-5.5.4 markdown-it-py-4.0.0 mdurl-0.1.2 orjson-3.11.2 packaging-25.0 prompt-toolkit-3.0.51 psycopg-3.2.9 psycopg-binary-3.2.9 pydantic-2.11.7 pydantic-core-2.33.2 pydantic-settings-2.2.1 pygments-2.19.2 python-dateutil-2.9.0.post0 python-dotenv-1.1.1 python-multipart-0.0.20 pyyaml-6.0.2 redis-5.0.8 rich-14.1.0 rich-toolkit-0.15.0 s3transfer-0.10.4 sentry-sdk-2.9.0 shellingham-1.5.4 six-1.17.0 sniffio-1.3.1 sqlalchemy-2.0.29 starlette-0.37.2 structlog-24.1.0 typer-0.16.1 typing-extensions-4.14.1 typing-inspection-0.4.1 tzdata-2025.2 ujson-5.11.0 urllib3-2.5.0 uvicorn-0.29.0 uvloop-0.21.0 vine-5.1.0 watchfiles-1.1.0 wcwidth-0.2.13 websockets-15.0.1
2025-08-21T18:53:16.2938742Z #13 16.67 WARNING: Running pip as the 'root' user can result in broken permissions and conflicting behaviour with the system package manager, possibly rendering your system unusable. It is recommended to use a virtual environment instead: https://pip.pypa.io/warnings/venv. Use the --root-user-action option if you know what you are doing and want to suppress this warning.
2025-08-21T18:53:16.2940695Z #13 16.77 
2025-08-21T18:53:16.2941054Z #13 16.77 [notice] A new release of pip is available: 25.0.1 -> 25.2
2025-08-21T18:53:16.2941602Z #13 16.77 [notice] To update, run: pip install --upgrade pip
2025-08-21T18:53:16.4032151Z #13 DONE 17.0s
2025-08-21T18:53:16.5055951Z 
2025-08-21T18:53:16.5056698Z #14 [base  5/13] COPY services/api/ ./services/api
2025-08-21T18:53:16.5057403Z #14 DONE 0.1s
2025-08-21T18:53:16.5057762Z 
2025-08-21T18:53:16.5058135Z #15 [base  6/13] COPY services/common/ ./services/common
2025-08-21T18:53:16.5058567Z #15 DONE 0.0s
2025-08-21T18:53:16.6324017Z 
2025-08-21T18:53:16.6325200Z #16 [base  7/13] COPY services/ingest/ ./services/ingest
2025-08-21T18:53:16.6327110Z #16 DONE 0.0s
2025-08-21T18:53:16.6327754Z 
2025-08-21T18:53:16.6328112Z #17 [base  8/13] COPY services/etl/ ./services/etl
2025-08-21T18:53:16.6328864Z #17 DONE 0.0s
2025-08-21T18:53:16.6329078Z 
2025-08-21T18:53:16.6329218Z #18 [base  9/13] COPY api/ ./api
2025-08-21T18:53:16.6329917Z #18 DONE 0.0s
2025-08-21T18:53:16.6330448Z 
2025-08-21T18:53:16.6330680Z #19 [base 10/13] COPY services/api/alembic.ini ./alembic.ini
2025-08-21T18:53:16.6331445Z #19 DONE 0.0s
2025-08-21T18:53:16.6331613Z 
2025-08-21T18:53:16.6331760Z #20 [base 11/13] COPY alembic/ ./alembic/
2025-08-21T18:53:16.6332431Z #20 DONE 0.0s
2025-08-21T18:53:16.6332593Z 
2025-08-21T18:53:16.6333118Z #21 [base 12/13] COPY services/api/entrypoint.sh ./entrypoint.sh
2025-08-21T18:53:16.6333982Z #21 DONE 0.0s
2025-08-21T18:53:16.6334155Z 
2025-08-21T18:53:16.6334328Z #22 [base 13/13] RUN chmod +x ./entrypoint.sh
2025-08-21T18:53:16.6334837Z #22 DONE 0.1s
2025-08-21T18:53:17.5005728Z 
2025-08-21T18:53:17.5006371Z #23 [stage-1 4/6] COPY --from=base /usr/local /usr/local
2025-08-21T18:53:19.3379870Z #23 DONE 1.8s
2025-08-21T18:53:19.4525485Z 
2025-08-21T18:53:19.4526500Z #24 [stage-1 5/6] COPY --from=base /app /app
2025-08-21T18:53:19.4526949Z #24 DONE 0.1s
2025-08-21T18:53:19.6611633Z 
2025-08-21T18:53:19.6612428Z #25 [stage-1 6/6] RUN chmod +x /app/entrypoint.sh
2025-08-21T18:53:19.6612919Z #25 DONE 0.1s
2025-08-21T18:53:19.6613093Z 
2025-08-21T18:53:19.6613236Z #26 exporting to docker image format
2025-08-21T18:53:19.6613615Z #26 exporting layers
2025-08-21T18:53:24.8717766Z #26 exporting layers 5.4s done
2025-08-21T18:53:25.0288353Z #26 exporting manifest sha256:72d47c484440cc82d673305dd989086b082034cdf7c940b926ddd470bde10116 done
2025-08-21T18:53:25.0291289Z #26 exporting config sha256:a7e8f1417d1a7b0ef9d8c8d77368100d0ba16a48d2fa5fb1039c3cd3df91beaf done
2025-08-21T18:53:25.0292745Z #26 sending tarball
2025-08-21T18:53:25.4351091Z #26 ...
2025-08-21T18:53:25.4351756Z 
2025-08-21T18:53:25.4351974Z #27 importing to docker
2025-08-21T18:53:25.5861766Z #27 loading layer e6a3842ebc7f 327.68kB / 29.77MB
2025-08-21T18:53:26.3033334Z #27 loading layer 11a4ec4d004e 32.77kB / 1.29MB
2025-08-21T18:53:26.6749604Z #27 loading layer 07cd4433de32 131.07kB / 12.11MB
2025-08-21T18:53:27.2287273Z #27 loading layer e33228fe7708 251B / 251B
2025-08-21T18:53:27.4134669Z #27 loading layer 7e36b49c60e9 93B / 93B
2025-08-21T18:53:27.4135103Z #27 loading layer 2a232166c393 196.61kB / 19.48MB
2025-08-21T18:53:28.1905364Z #27 loading layer bb5ca32d1fc4 557.06kB / 56.29MB
2025-08-21T18:53:30.2455743Z #27 loading layer bb5ca32d1fc4 41.78MB / 56.29MB 2.1s
2025-08-21T18:53:31.1226140Z #27 loading layer 06a6bfec880d 32.77kB / 41.63kB
2025-08-21T18:53:31.2113483Z #27 loading layer e6a3842ebc7f 29.77MB / 29.77MB 5.8s done
2025-08-21T18:53:31.2114448Z #27 loading layer 11a4ec4d004e 1.29MB / 1.29MB 4.9s done
2025-08-21T18:53:31.2115816Z #27 loading layer 07cd4433de32 12.11MB / 12.11MB 4.5s done
2025-08-21T18:53:31.2116387Z #27 loading layer e33228fe7708 251B / 251B 4.0s done
2025-08-21T18:53:31.2116868Z #27 loading layer 7e36b49c60e9 93B / 93B 4.0s done
2025-08-21T18:53:31.2117348Z #27 loading layer 2a232166c393 19.48MB / 19.48MB 3.9s done
2025-08-21T18:53:31.2117856Z #27 loading layer bb5ca32d1fc4 56.29MB / 56.29MB 3.0s done
2025-08-21T18:53:31.2118701Z #27 loading layer 06a6bfec880d 41.63kB / 41.63kB 0.1s done
2025-08-21T18:53:31.2119268Z #27 loading layer 5f70bf18a086 32B / 32B 0.0s done
2025-08-21T18:53:31.2119960Z #27 DONE 5.8s
2025-08-21T18:53:31.2120165Z 
2025-08-21T18:53:31.2120328Z #26 exporting to docker image format
2025-08-21T18:53:31.2120754Z #26 sending tarball 6.3s done
2025-08-21T18:53:31.2121287Z #26 DONE 11.7s
2025-08-21T18:53:31.3511052Z Post job cleanup.
2025-08-21T18:53:31.4844076Z [warning]Path Validation Error: Path(s) specified in the action for caching do(es) not exist, hence no cache is being saved.
2025-08-21T18:53:31.4930960Z Post job cleanup.
2025-08-21T18:53:31.7661421Z ##[group]Removing builder
2025-08-21T18:53:31.8754796Z [command]/usr/bin/docker buildx rm builder-c9519a9d-6cdc-426c-b071-65c2af5c2236
2025-08-21T18:53:32.8938855Z builder-c9519a9d-6cdc-426c-b071-65c2af5c2236 removed
2025-08-21T18:53:32.8977267Z ##[endgroup]
2025-08-21T18:53:32.8978787Z ##[group]Cleaning up certificates
2025-08-21T18:53:32.8985688Z ##[endgroup]
2025-08-21T18:53:32.8986497Z ##[group]Post cache
2025-08-21T18:53:32.8988550Z State not set
2025-08-21T18:53:32.8989261Z ##[endgroup]
2025-08-21T18:53:32.9111074Z Post job cleanup.
2025-08-21T18:53:32.9893514Z [command]/usr/bin/git version
2025-08-21T18:53:32.9929052Z git version 2.51.0
2025-08-21T18:53:32.9966635Z Temporarily overriding HOME='/home/runner/work/_temp/a4babb30-516a-4e3b-bcbe-a1d6de7df45b' before making global git config changes
2025-08-21T18:53:32.9967871Z Adding repository directory to the temporary git global config as a safe directory
2025-08-21T18:53:32.9972402Z [command]/usr/bin/git config --global --add safe.directory /home/runner/work/AWA-App/AWA-App
2025-08-21T18:53:33.0007381Z [command]/usr/bin/git config --local --name-only --get-regexp core\.sshCommand
2025-08-21T18:53:33.0038421Z [command]/usr/bin/git submodule foreach --recursive sh -c "git config --local --name-only --get-regexp 'core\.sshCommand' && git config --local --unset-all 'core.sshCommand' || :"
2025-08-21T18:53:33.0261745Z [command]/usr/bin/git config --local --name-only --get-regexp http\.https\:\/\/github\.com\/\.extraheader
2025-08-21T18:53:33.0283051Z http.https://github.com/.extraheader
2025-08-21T18:53:33.0292943Z [command]/usr/bin/git config --local --unset-all http.https://github.com/.extraheader
2025-08-21T18:53:33.0322099Z [command]/usr/bin/git submodule foreach --recursive sh -c "git config --local --name-only --get-regexp 'http\.https\:\/\/github\.com\/\.extraheader' && git config --local --unset-all 'http.https://github.com/.extraheader' || :"
2025-08-21T18:53:33.0656201Z Cleaning up orphan processes
