2025-08-16T21:03:38.7520045Z Current runner version: '2.327.1'
2025-08-16T21:03:38.7543799Z ##[group]Runner Image Provisioner
2025-08-16T21:03:38.7544729Z Hosted Compute Agent
2025-08-16T21:03:38.7545326Z Version: 20250812.370
2025-08-16T21:03:38.7545911Z Commit: 4a2b2bf7520004e3e907c2150c8cabe342a3da32
2025-08-16T21:03:38.7546679Z Build Date: 2025-08-12T16:08:14Z
2025-08-16T21:03:38.7547270Z ##[endgroup]
2025-08-16T21:03:38.7547920Z ##[group]Operating System
2025-08-16T21:03:38.7548436Z Ubuntu
2025-08-16T21:03:38.7548999Z 24.04.2
2025-08-16T21:03:38.7549447Z LTS
2025-08-16T21:03:38.7549892Z ##[endgroup]
2025-08-16T21:03:38.7550465Z ##[group]Runner Image
2025-08-16T21:03:38.7551167Z Image: ubuntu-24.04
2025-08-16T21:03:38.7551690Z Version: 20250810.1.0
2025-08-16T21:03:38.7552782Z Included Software: https://github.com/actions/runner-images/blob/ubuntu24/20250810.1/images/ubuntu/Ubuntu2404-Readme.md
2025-08-16T21:03:38.7554658Z Image Release: https://github.com/actions/runner-images/releases/tag/ubuntu24%2F20250810.1
2025-08-16T21:03:38.7555715Z ##[endgroup]
2025-08-16T21:03:38.7558156Z ##[group]GITHUB_TOKEN Permissions
2025-08-16T21:03:38.7560401Z Actions: write
2025-08-16T21:03:38.7560979Z Attestations: write
2025-08-16T21:03:38.7561472Z Checks: write
2025-08-16T21:03:38.7562073Z Contents: write
2025-08-16T21:03:38.7562558Z Deployments: write
2025-08-16T21:03:38.7563088Z Discussions: write
2025-08-16T21:03:38.7563803Z Issues: write
2025-08-16T21:03:38.7564345Z Metadata: read
2025-08-16T21:03:38.7564814Z Models: read
2025-08-16T21:03:38.7565360Z Packages: write
2025-08-16T21:03:38.7566012Z Pages: write
2025-08-16T21:03:38.7566488Z PullRequests: write
2025-08-16T21:03:38.7567113Z RepositoryProjects: write
2025-08-16T21:03:38.7567683Z SecurityEvents: write
2025-08-16T21:03:38.7568310Z Statuses: write
2025-08-16T21:03:38.7568785Z ##[endgroup]
2025-08-16T21:03:38.7570860Z Secret source: Actions
2025-08-16T21:03:38.7571842Z Prepare workflow directory
2025-08-16T21:03:38.7898933Z Prepare all required actions
2025-08-16T21:03:38.7936189Z Getting action download info
2025-08-16T21:03:39.1226984Z Download action repository 'actions/checkout@v4' (SHA:08eba0b27e820071cde6df949e0beb9ba4906955)
2025-08-16T21:03:39.5012786Z Download action repository 'docker/setup-buildx-action@v3' (SHA:e468171a9de216ec08956ac3ada2f0791b6bd435)
2025-08-16T21:03:39.9598873Z Download action repository 'actions/cache@v4' (SHA:0400d5f644dc74513175e3cd8d07132dd4860809)
2025-08-16T21:03:40.5034052Z Complete job name: container-build
2025-08-16T21:03:40.5714423Z ##[group]Run actions/checkout@v4
2025-08-16T21:03:40.5715283Z with:
2025-08-16T21:03:40.5715677Z   repository: AlexBomber12/AWA-App
2025-08-16T21:03:40.5716324Z   token: ***
2025-08-16T21:03:40.5716702Z   ssh-strict: true
2025-08-16T21:03:40.5717079Z   ssh-user: git
2025-08-16T21:03:40.5717474Z   persist-credentials: true
2025-08-16T21:03:40.5717903Z   clean: true
2025-08-16T21:03:40.5718291Z   sparse-checkout-cone-mode: true
2025-08-16T21:03:40.5718745Z   fetch-depth: 1
2025-08-16T21:03:40.5719112Z   fetch-tags: false
2025-08-16T21:03:40.5719514Z   show-progress: true
2025-08-16T21:03:40.5719914Z   lfs: false
2025-08-16T21:03:40.5720265Z   submodules: false
2025-08-16T21:03:40.5720661Z   set-safe-directory: true
2025-08-16T21:03:40.5721296Z ##[endgroup]
2025-08-16T21:03:40.6811321Z Syncing repository: AlexBomber12/AWA-App
2025-08-16T21:03:40.6813035Z ##[group]Getting Git version info
2025-08-16T21:03:40.6813989Z Working directory is '/home/runner/work/AWA-App/AWA-App'
2025-08-16T21:03:40.6815007Z [command]/usr/bin/git version
2025-08-16T21:03:40.9592629Z git version 2.50.1
2025-08-16T21:03:40.9619260Z ##[endgroup]
2025-08-16T21:03:40.9634873Z Temporarily overriding HOME='/home/runner/work/_temp/c91aa9be-f05c-4f33-972a-f97553e849eb' before making global git config changes
2025-08-16T21:03:40.9636324Z Adding repository directory to the temporary git global config as a safe directory
2025-08-16T21:03:40.9640410Z [command]/usr/bin/git config --global --add safe.directory /home/runner/work/AWA-App/AWA-App
2025-08-16T21:03:41.0046697Z Deleting the contents of '/home/runner/work/AWA-App/AWA-App'
2025-08-16T21:03:41.0050722Z ##[group]Initializing the repository
2025-08-16T21:03:41.0055475Z [command]/usr/bin/git init /home/runner/work/AWA-App/AWA-App
2025-08-16T21:03:41.1305327Z hint: Using 'master' as the name for the initial branch. This default branch name
2025-08-16T21:03:41.1306461Z hint: is subject to change. To configure the initial branch name to use in all
2025-08-16T21:03:41.1307418Z hint: of your new repositories, which will suppress this warning, call:
2025-08-16T21:03:41.1308081Z hint:
2025-08-16T21:03:41.1308579Z hint: 	git config --global init.defaultBranch <name>
2025-08-16T21:03:41.1309185Z hint:
2025-08-16T21:03:41.1309707Z hint: Names commonly chosen instead of 'master' are 'main', 'trunk' and
2025-08-16T21:03:41.1310589Z hint: 'development'. The just-created branch can be renamed via this command:
2025-08-16T21:03:41.1311274Z hint:
2025-08-16T21:03:41.1311645Z hint: 	git branch -m <name>
2025-08-16T21:03:41.1312069Z hint:
2025-08-16T21:03:41.1312655Z hint: Disable this message with "git config set advice.defaultBranchName false"
2025-08-16T21:03:41.1348178Z Initialized empty Git repository in /home/runner/work/AWA-App/AWA-App/.git/
2025-08-16T21:03:41.1361153Z [command]/usr/bin/git remote add origin https://github.com/AlexBomber12/AWA-App
2025-08-16T21:03:41.1664209Z ##[endgroup]
2025-08-16T21:03:41.1665014Z ##[group]Disabling automatic garbage collection
2025-08-16T21:03:41.1668806Z [command]/usr/bin/git config --local gc.auto 0
2025-08-16T21:03:41.1701184Z ##[endgroup]
2025-08-16T21:03:41.1702401Z ##[group]Setting up auth
2025-08-16T21:03:41.1709012Z [command]/usr/bin/git config --local --name-only --get-regexp core\.sshCommand
2025-08-16T21:03:41.1740219Z [command]/usr/bin/git submodule foreach --recursive sh -c "git config --local --name-only --get-regexp 'core\.sshCommand' && git config --local --unset-all 'core.sshCommand' || :"
2025-08-16T21:03:41.5800933Z [command]/usr/bin/git config --local --name-only --get-regexp http\.https\:\/\/github\.com\/\.extraheader
2025-08-16T21:03:41.5832814Z [command]/usr/bin/git submodule foreach --recursive sh -c "git config --local --name-only --get-regexp 'http\.https\:\/\/github\.com\/\.extraheader' && git config --local --unset-all 'http.https://github.com/.extraheader' || :"
2025-08-16T21:03:41.6050603Z [command]/usr/bin/git config --local http.https://github.com/.extraheader AUTHORIZATION: basic ***
2025-08-16T21:03:41.6092517Z ##[endgroup]
2025-08-16T21:03:41.6093936Z ##[group]Fetching the repository
2025-08-16T21:03:41.6101716Z [command]/usr/bin/git -c protocol.version=2 fetch --no-tags --prune --no-recurse-submodules --depth=1 origin +4b2ad1d7cd4a12bc7cb1117a806508d6884ac4a2:refs/remotes/pull/210/merge
2025-08-16T21:03:42.1224985Z From https://github.com/AlexBomber12/AWA-App
2025-08-16T21:03:42.1227408Z  * [new ref]         4b2ad1d7cd4a12bc7cb1117a806508d6884ac4a2 -> pull/210/merge
2025-08-16T21:03:42.1298045Z ##[endgroup]
2025-08-16T21:03:42.1299968Z ##[group]Determining the checkout info
2025-08-16T21:03:42.1302337Z ##[endgroup]
2025-08-16T21:03:42.1305738Z [command]/usr/bin/git sparse-checkout disable
2025-08-16T21:03:42.1611392Z [command]/usr/bin/git config --local --unset-all extensions.worktreeConfig
2025-08-16T21:03:42.1639673Z ##[group]Checking out the ref
2025-08-16T21:03:42.1643959Z [command]/usr/bin/git checkout --progress --force refs/remotes/pull/210/merge
2025-08-16T21:03:42.2030303Z Note: switching to 'refs/remotes/pull/210/merge'.
2025-08-16T21:03:42.2031169Z 
2025-08-16T21:03:42.2031670Z You are in 'detached HEAD' state. You can look around, make experimental
2025-08-16T21:03:42.2032830Z changes and commit them, and you can discard any commits you make in this
2025-08-16T21:03:42.2034220Z state without impacting any branches by switching back to a branch.
2025-08-16T21:03:42.2034900Z 
2025-08-16T21:03:42.2035333Z If you want to create a new branch to retain commits you create, you may
2025-08-16T21:03:42.2036164Z do so (now or later) by using -c with the switch command. Example:
2025-08-16T21:03:42.2036788Z 
2025-08-16T21:03:42.2036933Z   git switch -c <new-branch-name>
2025-08-16T21:03:42.2037166Z 
2025-08-16T21:03:42.2037400Z Or undo this operation with:
2025-08-16T21:03:42.2037751Z 
2025-08-16T21:03:42.2037944Z   git switch -
2025-08-16T21:03:42.2038217Z 
2025-08-16T21:03:42.2038641Z Turn off this advice by setting config variable advice.detachedHead to false
2025-08-16T21:03:42.2039239Z 
2025-08-16T21:03:42.2039937Z HEAD is now at 4b2ad1d Merge 927bb588357815985003d852fbcb15b554e60f9d into 4e36509e134aa92dde3c86717ac78816940f2736
2025-08-16T21:03:42.2041854Z ##[endgroup]
2025-08-16T21:03:42.2072891Z [command]/usr/bin/git log -1 --format=%H
2025-08-16T21:03:42.2093964Z 4b2ad1d7cd4a12bc7cb1117a806508d6884ac4a2
2025-08-16T21:03:42.2308987Z ##[group]Run docker/setup-buildx-action@v3
2025-08-16T21:03:42.2309382Z with:
2025-08-16T21:03:42.2309644Z   driver: docker-container
2025-08-16T21:03:42.2309925Z   install: false
2025-08-16T21:03:42.2310160Z   use: true
2025-08-16T21:03:42.2310427Z   keep-state: false
2025-08-16T21:03:42.2310682Z   cache-binary: true
2025-08-16T21:03:42.2310934Z   cleanup: true
2025-08-16T21:03:42.2311169Z ##[endgroup]
2025-08-16T21:03:42.5083646Z ##[group]Docker info
2025-08-16T21:03:42.5106143Z [command]/usr/bin/docker version
2025-08-16T21:03:46.2384626Z Client: Docker Engine - Community
2025-08-16T21:03:46.2385283Z  Version:           28.0.4
2025-08-16T21:03:46.2387216Z  API version:       1.48
2025-08-16T21:03:46.2387652Z  Go version:        go1.23.7
2025-08-16T21:03:46.2388015Z  Git commit:        b8034c0
2025-08-16T21:03:46.2388394Z  Built:             Tue Mar 25 15:07:16 2025
2025-08-16T21:03:46.2388785Z  OS/Arch:           linux/amd64
2025-08-16T21:03:46.2389221Z  Context:           default
2025-08-16T21:03:46.2389380Z 
2025-08-16T21:03:46.2389479Z Server: Docker Engine - Community
2025-08-16T21:03:46.2389707Z  Engine:
2025-08-16T21:03:46.2389901Z   Version:          28.0.4
2025-08-16T21:03:46.2390143Z   API version:      1.48 (minimum version 1.24)
2025-08-16T21:03:46.2390421Z   Go version:       go1.23.7
2025-08-16T21:03:46.2390635Z   Git commit:       6430e49
2025-08-16T21:03:46.2390861Z   Built:            Tue Mar 25 15:07:16 2025
2025-08-16T21:03:46.2391107Z   OS/Arch:          linux/amd64
2025-08-16T21:03:46.2391328Z   Experimental:     false
2025-08-16T21:03:46.2391519Z  containerd:
2025-08-16T21:03:46.2391684Z   Version:          1.7.27
2025-08-16T21:03:46.2391923Z   GitCommit:        05044ec0a9a75232cad458027ca83437aae3f4da
2025-08-16T21:03:46.2392195Z  runc:
2025-08-16T21:03:46.2392345Z   Version:          1.2.5
2025-08-16T21:03:46.2392549Z   GitCommit:        v1.2.5-0-g59923ef
2025-08-16T21:03:46.2392782Z  docker-init:
2025-08-16T21:03:46.2392948Z   Version:          0.19.0
2025-08-16T21:03:46.2393153Z   GitCommit:        de40ad0
2025-08-16T21:03:46.2440602Z [command]/usr/bin/docker info
2025-08-16T21:03:55.1052047Z Client: Docker Engine - Community
2025-08-16T21:03:55.1052535Z  Version:    28.0.4
2025-08-16T21:03:55.1052840Z  Context:    default
2025-08-16T21:03:55.1053208Z  Debug Mode: false
2025-08-16T21:03:55.1053750Z  Plugins:
2025-08-16T21:03:55.1054090Z   buildx: Docker Buildx (Docker Inc.)
2025-08-16T21:03:55.1054493Z     Version:  v0.26.1
2025-08-16T21:03:55.1054923Z     Path:     /usr/libexec/docker/cli-plugins/docker-buildx
2025-08-16T21:03:55.1055442Z   compose: Docker Compose (Docker Inc.)
2025-08-16T21:03:55.1055813Z     Version:  v2.38.2
2025-08-16T21:03:55.1056229Z     Path:     /usr/libexec/docker/cli-plugins/docker-compose
2025-08-16T21:03:55.1056579Z 
2025-08-16T21:03:55.1056684Z Server:
2025-08-16T21:03:55.1056928Z  Containers: 0
2025-08-16T21:03:55.1057283Z   Running: 0
2025-08-16T21:03:55.1057889Z   Paused: 0
2025-08-16T21:03:55.1058235Z   Stopped: 0
2025-08-16T21:03:55.1058616Z  Images: 0
2025-08-16T21:03:55.1139394Z  Server Version: 28.0.4
2025-08-16T21:03:55.1139802Z  Storage Driver: overlay2
2025-08-16T21:03:55.1140194Z   Backing Filesystem: extfs
2025-08-16T21:03:55.1140563Z   Supports d_type: true
2025-08-16T21:03:55.1141424Z   Using metacopy: false
2025-08-16T21:03:55.1141744Z   Native Overlay Diff: false
2025-08-16T21:03:55.1142073Z   userxattr: false
2025-08-16T21:03:55.1142368Z  Logging Driver: json-file
2025-08-16T21:03:55.1142770Z  Cgroup Driver: systemd
2025-08-16T21:03:55.1143089Z  Cgroup Version: 2
2025-08-16T21:03:55.1143376Z  Plugins:
2025-08-16T21:03:55.1144222Z   Volume: local
2025-08-16T21:03:55.1144562Z   Network: bridge host ipvlan macvlan null overlay
2025-08-16T21:03:55.1145139Z   Log: awslogs fluentd gcplogs gelf journald json-file local splunk syslog
2025-08-16T21:03:55.1145675Z  Swarm: inactive
2025-08-16T21:03:55.1146033Z  Runtimes: io.containerd.runc.v2 runc
2025-08-16T21:03:55.1146434Z  Default Runtime: runc
2025-08-16T21:03:55.1147119Z  Init Binary: docker-init
2025-08-16T21:03:55.1147626Z  containerd version: 05044ec0a9a75232cad458027ca83437aae3f4da
2025-08-16T21:03:55.1148201Z  runc version: v1.2.5-0-g59923ef
2025-08-16T21:03:55.1148584Z  init version: de40ad0
2025-08-16T21:03:55.1148908Z  Security Options:
2025-08-16T21:03:55.1149227Z   apparmor
2025-08-16T21:03:55.1149495Z   seccomp
2025-08-16T21:03:55.1149771Z    Profile: builtin
2025-08-16T21:03:55.1150071Z   cgroupns
2025-08-16T21:03:55.1150366Z  Kernel Version: 6.11.0-1018-azure
2025-08-16T21:03:55.1150778Z  Operating System: Ubuntu 24.04.2 LTS
2025-08-16T21:03:55.1151187Z  OSType: linux
2025-08-16T21:03:55.1151484Z  Architecture: x86_64
2025-08-16T21:03:55.1151810Z  CPUs: 4
2025-08-16T21:03:55.1152076Z  Total Memory: 15.62GiB
2025-08-16T21:03:55.1152456Z  Name: pkrvmubgrv54qmi
2025-08-16T21:03:55.1152813Z  ID: 2166c256-3f30-4fc2-abf1-e8d653854173
2025-08-16T21:03:55.1153259Z  Docker Root Dir: /var/lib/docker
2025-08-16T21:03:55.1154008Z  Debug Mode: false
2025-08-16T21:03:55.1154344Z  Username: githubactions
2025-08-16T21:03:55.1154697Z  Experimental: false
2025-08-16T21:03:55.1155020Z  Insecure Registries:
2025-08-16T21:03:55.1159080Z   ::1/128
2025-08-16T21:03:55.1159285Z   127.0.0.0/8
2025-08-16T21:03:55.1159510Z  Live Restore Enabled: false
2025-08-16T21:03:55.1159685Z 
2025-08-16T21:03:55.1160065Z ##[endgroup]
2025-08-16T21:03:55.2532750Z ##[group]Buildx version
2025-08-16T21:03:55.2554689Z [command]/usr/bin/docker buildx version
2025-08-16T21:03:55.3342278Z github.com/docker/buildx v0.26.1 1a8287f22cf5a38339a4c1bf432b803c5f8b2aae
2025-08-16T21:03:55.3385695Z ##[endgroup]
2025-08-16T21:03:55.3539116Z ##[group]Inspecting default docker context
2025-08-16T21:03:55.3682742Z [
2025-08-16T21:03:55.3683054Z   {
2025-08-16T21:03:55.3683307Z     "Name": "default",
2025-08-16T21:03:55.3683799Z     "Metadata": {},
2025-08-16T21:03:55.3684092Z     "Endpoints": {
2025-08-16T21:03:55.3684377Z       "docker": {
2025-08-16T21:03:55.3684693Z         "Host": "unix:///var/run/docker.sock",
2025-08-16T21:03:55.3685153Z         "SkipTLSVerify": false
2025-08-16T21:03:55.3685492Z       }
2025-08-16T21:03:55.3685731Z     },
2025-08-16T21:03:55.3685968Z     "TLSMaterial": {},
2025-08-16T21:03:55.3686161Z     "Storage": {
2025-08-16T21:03:55.3686358Z       "MetadataPath": "<IN MEMORY>",
2025-08-16T21:03:55.3686604Z       "TLSPath": "<IN MEMORY>"
2025-08-16T21:03:55.3686808Z     }
2025-08-16T21:03:55.3686954Z   }
2025-08-16T21:03:55.3687097Z ]
2025-08-16T21:03:55.3687723Z ##[endgroup]
2025-08-16T21:03:55.3688264Z ##[group]Creating a new builder instance
2025-08-16T21:03:55.5453331Z [command]/usr/bin/docker buildx create --name builder-f4771c74-9cbf-4776-b206-2e86c7b2c172 --driver docker-container --buildkitd-flags --allow-insecure-entitlement security.insecure --allow-insecure-entitlement network.host --use
2025-08-16T21:03:55.6177825Z builder-f4771c74-9cbf-4776-b206-2e86c7b2c172
2025-08-16T21:03:55.6215147Z ##[endgroup]
2025-08-16T21:03:55.6215964Z ##[group]Booting builder
2025-08-16T21:03:55.6252821Z [command]/usr/bin/docker buildx inspect --bootstrap --builder builder-f4771c74-9cbf-4776-b206-2e86c7b2c172
2025-08-16T21:03:55.6749838Z #1 [internal] booting buildkit
2025-08-16T21:03:55.8261391Z #1 pulling image moby/buildkit:buildx-stable-1
2025-08-16T21:03:58.5154610Z #1 pulling image moby/buildkit:buildx-stable-1 2.8s done
2025-08-16T21:03:58.6656008Z #1 creating container buildx_buildkit_builder-f4771c74-9cbf-4776-b206-2e86c7b2c1720
2025-08-16T21:04:01.4976041Z #1 creating container buildx_buildkit_builder-f4771c74-9cbf-4776-b206-2e86c7b2c1720 3.0s done
2025-08-16T21:04:01.5026551Z #1 DONE 5.8s
2025-08-16T21:04:01.5368888Z Name:          builder-f4771c74-9cbf-4776-b206-2e86c7b2c172
2025-08-16T21:04:01.5369471Z Driver:        docker-container
2025-08-16T21:04:01.5369881Z Last Activity: 2025-08-16 21:03:55 +0000 UTC
2025-08-16T21:04:01.5370175Z 
2025-08-16T21:04:01.5370285Z Nodes:
2025-08-16T21:04:01.5372604Z Name:                  builder-f4771c74-9cbf-4776-b206-2e86c7b2c1720
2025-08-16T21:04:01.5373897Z Endpoint:              unix:///var/run/docker.sock
2025-08-16T21:04:01.5374345Z Status:                running
2025-08-16T21:04:01.5375071Z BuildKit daemon flags: --allow-insecure-entitlement security.insecure --allow-insecure-entitlement network.host
2025-08-16T21:04:01.5375879Z BuildKit version:      v0.22.0
2025-08-16T21:04:01.5376331Z Platforms:             linux/amd64, linux/amd64/v2, linux/amd64/v3, linux/386
2025-08-16T21:04:01.5376805Z Labels:
2025-08-16T21:04:01.5377039Z  org.mobyproject.buildkit.worker.executor:         oci
2025-08-16T21:04:01.5377447Z  org.mobyproject.buildkit.worker.hostname:         222e32c12d58
2025-08-16T21:04:01.5377841Z  org.mobyproject.buildkit.worker.network:          host
2025-08-16T21:04:01.5378221Z  org.mobyproject.buildkit.worker.oci.process-mode: sandbox
2025-08-16T21:04:01.5378615Z  org.mobyproject.buildkit.worker.selinux.enabled:  false
2025-08-16T21:04:01.5379006Z  org.mobyproject.buildkit.worker.snapshotter:      overlayfs
2025-08-16T21:04:01.5379334Z GC Policy rule#0:
2025-08-16T21:04:01.5379527Z  All:            false
2025-08-16T21:04:01.5379847Z  Filters:        type==source.local,type==exec.cachemount,type==source.git.checkout
2025-08-16T21:04:01.5380196Z  Keep Duration:  48h0m0s
2025-08-16T21:04:01.5380397Z  Max Used Space: 488.3MiB
2025-08-16T21:04:01.5380589Z GC Policy rule#1:
2025-08-16T21:04:01.5380758Z  All:            false
2025-08-16T21:04:01.5380932Z  Keep Duration:  1440h0m0s
2025-08-16T21:04:01.5381130Z  Reserved Space: 7.451GiB
2025-08-16T21:04:01.5381323Z  Max Used Space: 54.02GiB
2025-08-16T21:04:01.5381504Z  Min Free Space: 13.97GiB
2025-08-16T21:04:01.5381686Z GC Policy rule#2:
2025-08-16T21:04:01.5381844Z  All:            false
2025-08-16T21:04:01.5382021Z  Reserved Space: 7.451GiB
2025-08-16T21:04:01.5382201Z  Max Used Space: 54.02GiB
2025-08-16T21:04:01.5382386Z  Min Free Space: 13.97GiB
2025-08-16T21:04:01.5382561Z GC Policy rule#3:
2025-08-16T21:04:01.5382726Z  All:            true
2025-08-16T21:04:01.5382898Z  Reserved Space: 7.451GiB
2025-08-16T21:04:01.5383088Z  Max Used Space: 54.02GiB
2025-08-16T21:04:01.5383268Z  Min Free Space: 13.97GiB
2025-08-16T21:04:01.5425257Z ##[endgroup]
2025-08-16T21:04:01.6326228Z ##[group]Inspect builder
2025-08-16T21:04:01.6328329Z {
2025-08-16T21:04:01.6328600Z   "nodes": [
2025-08-16T21:04:01.6328943Z     {
2025-08-16T21:04:01.6329350Z       "name": "builder-f4771c74-9cbf-4776-b206-2e86c7b2c1720",
2025-08-16T21:04:01.6329952Z       "endpoint": "unix:///var/run/docker.sock",
2025-08-16T21:04:01.6330410Z       "status": "running",
2025-08-16T21:04:01.6331272Z       "buildkitd-flags": "--allow-insecure-entitlement security.insecure --allow-insecure-entitlement network.host",
2025-08-16T21:04:01.6332192Z       "buildkit": "v0.22.0",
2025-08-16T21:04:01.6332733Z       "platforms": "linux/amd64,linux/amd64/v2,linux/amd64/v3,linux/386",
2025-08-16T21:04:01.6333313Z       "features": {
2025-08-16T21:04:01.6333990Z         "Automatically load images to the Docker Engine image store": true,
2025-08-16T21:04:01.6334506Z         "Cache export": true,
2025-08-16T21:04:01.6334811Z         "Direct push": true,
2025-08-16T21:04:01.6335126Z         "Docker exporter": true,
2025-08-16T21:04:01.6335516Z         "Multi-platform build": true,
2025-08-16T21:04:01.6335907Z         "OCI exporter": true
2025-08-16T21:04:01.6336682Z       },
2025-08-16T21:04:01.6336967Z       "labels": {
2025-08-16T21:04:01.6337423Z         "org.mobyproject.buildkit.worker.executor": "oci",
2025-08-16T21:04:01.6338110Z         "org.mobyproject.buildkit.worker.hostname": "222e32c12d58",
2025-08-16T21:04:01.6338800Z         "org.mobyproject.buildkit.worker.network": "host",
2025-08-16T21:04:01.6339501Z         "org.mobyproject.buildkit.worker.oci.process-mode": "sandbox",
2025-08-16T21:04:01.6340239Z         "org.mobyproject.buildkit.worker.selinux.enabled": "false",
2025-08-16T21:04:01.6340898Z         "org.mobyproject.buildkit.worker.snapshotter": "overlayfs"
2025-08-16T21:04:01.6341378Z       },
2025-08-16T21:04:01.6341677Z       "gcPolicy": [
2025-08-16T21:04:01.6342299Z         {
2025-08-16T21:04:01.6342558Z           "all": false,
2025-08-16T21:04:01.6342848Z           "filter": [
2025-08-16T21:04:01.6343156Z             "type==source.local",
2025-08-16T21:04:01.6343859Z             "type==exec.cachemount",
2025-08-16T21:04:01.6344277Z             "type==source.git.checkout"
2025-08-16T21:04:01.6344653Z           ],
2025-08-16T21:04:01.6344909Z           "keepDuration": "48h0m0s",
2025-08-16T21:04:01.6345252Z           "maxUsedSpace": "488.3MiB"
2025-08-16T21:04:01.6345587Z         },
2025-08-16T21:04:01.6345828Z         {
2025-08-16T21:04:01.6346066Z           "all": false,
2025-08-16T21:04:01.6346387Z           "keepDuration": "1440h0m0s",
2025-08-16T21:04:01.6346760Z           "reservedSpace": "7.451GiB",
2025-08-16T21:04:01.6347276Z           "maxUsedSpace": "54.02GiB",
2025-08-16T21:04:01.6347653Z           "minFreeSpace": "13.97GiB"
2025-08-16T21:04:01.6347992Z         },
2025-08-16T21:04:01.6348230Z         {
2025-08-16T21:04:01.6348484Z           "all": false,
2025-08-16T21:04:01.6348808Z           "reservedSpace": "7.451GiB",
2025-08-16T21:04:01.6349187Z           "maxUsedSpace": "54.02GiB",
2025-08-16T21:04:01.6349576Z           "minFreeSpace": "13.97GiB"
2025-08-16T21:04:01.6349926Z         },
2025-08-16T21:04:01.6350181Z         {
2025-08-16T21:04:01.6350440Z           "all": true,
2025-08-16T21:04:01.6350753Z           "reservedSpace": "7.451GiB",
2025-08-16T21:04:01.6351151Z           "maxUsedSpace": "54.02GiB",
2025-08-16T21:04:01.6351527Z           "minFreeSpace": "13.97GiB"
2025-08-16T21:04:01.6351878Z         }
2025-08-16T21:04:01.6352119Z       ]
2025-08-16T21:04:01.6352362Z     }
2025-08-16T21:04:01.6352591Z   ],
2025-08-16T21:04:01.6352946Z   "name": "builder-f4771c74-9cbf-4776-b206-2e86c7b2c172",
2025-08-16T21:04:01.6353431Z   "driver": "docker-container",
2025-08-16T21:04:01.6354005Z   "lastActivity": "2025-08-16T21:03:55.000Z"
2025-08-16T21:04:01.6354392Z }
2025-08-16T21:04:01.6354924Z ##[endgroup]
2025-08-16T21:04:01.6355434Z ##[group]BuildKit version
2025-08-16T21:04:01.6355862Z builder-f4771c74-9cbf-4776-b206-2e86c7b2c1720: v0.22.0
2025-08-16T21:04:01.6356529Z ##[endgroup]
2025-08-16T21:04:01.7720771Z ##[group]Run actions/cache@v4
2025-08-16T21:04:01.7721022Z with:
2025-08-16T21:04:01.7721189Z   path: ~/.cache/pip
2025-08-16T21:04:01.7721554Z   key: Linux-pip-d956346b7c15294686ee6e35d1889fbda62ec6ae21f72bd6bee0c07d020cce25
2025-08-16T21:04:01.7721956Z   enableCrossOsArchive: false
2025-08-16T21:04:01.7722180Z   fail-on-cache-miss: false
2025-08-16T21:04:01.7722381Z   lookup-only: false
2025-08-16T21:04:01.7722565Z   save-always: false
2025-08-16T21:04:01.7722746Z ##[endgroup]
2025-08-16T21:04:02.1824811Z Cache not found for input keys: Linux-pip-d956346b7c15294686ee6e35d1889fbda62ec6ae21f72bd6bee0c07d020cce25
2025-08-16T21:04:02.1910302Z ##[group]Run docker buildx build \
2025-08-16T21:04:02.1910641Z [36;1mdocker buildx build \[0m
2025-08-16T21:04:02.1911051Z [36;1m  --tag ghcr.io/alexbomber12/awa-app/api:4b2ad1d7cd4a12bc7cb1117a806508d6884ac4a2 \[0m
2025-08-16T21:04:02.1911578Z [36;1m  --build-arg TZ_CACHE_BUST=4b2ad1d7cd4a12bc7cb1117a806508d6884ac4a2 \[0m
2025-08-16T21:04:02.1911966Z [36;1m  --file services/api/Dockerfile \[0m
2025-08-16T21:04:02.1912207Z [36;1m  --load .[0m
2025-08-16T21:04:02.1985767Z shell: /usr/bin/bash -e {0}
2025-08-16T21:04:02.1986030Z ##[endgroup]
2025-08-16T21:04:02.4896553Z #0 building with "builder-f4771c74-9cbf-4776-b206-2e86c7b2c172" instance using docker-container driver
2025-08-16T21:04:02.4897238Z 
2025-08-16T21:04:02.4897381Z #1 [internal] load build definition from Dockerfile
2025-08-16T21:04:02.4897735Z #1 transferring dockerfile: 1.28kB done
2025-08-16T21:04:02.4898025Z #1 DONE 0.0s
2025-08-16T21:04:02.4898140Z 
2025-08-16T21:04:02.4898465Z #2 resolve image config for docker-image://docker.io/docker/dockerfile:1.6
2025-08-16T21:04:07.1929664Z #2 ...
2025-08-16T21:04:07.1929826Z 
2025-08-16T21:04:07.1930021Z #3 [auth] docker/dockerfile:pull token for registry-1.docker.io
2025-08-16T21:04:07.1930375Z #3 DONE 0.0s
2025-08-16T21:04:07.3426101Z 
2025-08-16T21:04:07.3426619Z #2 resolve image config for docker-image://docker.io/docker/dockerfile:1.6
2025-08-16T21:04:07.5226540Z #2 DONE 5.2s
2025-08-16T21:04:07.6787364Z 
2025-08-16T21:04:07.6789773Z #4 docker-image://docker.io/docker/dockerfile:1.6@sha256:ac85f380a63b13dfcefa89046420e1781752bab202122f8f50032edf31be0021
2025-08-16T21:04:07.6791376Z #4 resolve docker.io/docker/dockerfile:1.6@sha256:ac85f380a63b13dfcefa89046420e1781752bab202122f8f50032edf31be0021 done
2025-08-16T21:04:07.6792575Z #4 sha256:9d9c93f4b00be908ab694a4df732570bced3b8a96b7515d70ff93402179ad232 11.80MB / 11.80MB 0.1s done
2025-08-16T21:04:07.8272296Z #4 extracting sha256:9d9c93f4b00be908ab694a4df732570bced3b8a96b7515d70ff93402179ad232 0.1s done
2025-08-16T21:04:07.8273139Z #4 DONE 0.2s
2025-08-16T21:04:07.8273304Z 
2025-08-16T21:04:07.8273780Z #5 [internal] load metadata for docker.io/library/python:3.12-slim
2025-08-16T21:04:08.0007468Z #5 ...
2025-08-16T21:04:08.0007684Z 
2025-08-16T21:04:08.0007916Z #6 [auth] library/python:pull token for registry-1.docker.io
2025-08-16T21:04:08.0008365Z #6 DONE 0.0s
2025-08-16T21:04:08.1510575Z 
2025-08-16T21:04:08.1511307Z #5 [internal] load metadata for docker.io/library/python:3.12-slim
2025-08-16T21:04:08.1812563Z #5 DONE 0.4s
2025-08-16T21:04:08.3086265Z 
2025-08-16T21:04:08.3086629Z #7 [internal] load .dockerignore
2025-08-16T21:04:08.3087175Z #7 transferring context: 265B done
2025-08-16T21:04:08.3087592Z #7 DONE 0.0s
2025-08-16T21:04:08.3087770Z 
2025-08-16T21:04:08.3087917Z #8 [internal] load build context
2025-08-16T21:04:08.3088335Z #8 transferring context: 79.14kB 0.0s done
2025-08-16T21:04:08.3088718Z #8 DONE 0.0s
2025-08-16T21:04:08.3088829Z 
2025-08-16T21:04:08.3089406Z #9 [base  1/12] FROM docker.io/library/python:3.12-slim@sha256:d67a7b66b989ad6b6d6b10d428dcc5e0bfc3e5f88906e67d490c4d3daac57047
2025-08-16T21:04:08.3090461Z #9 resolve docker.io/library/python:3.12-slim@sha256:d67a7b66b989ad6b6d6b10d428dcc5e0bfc3e5f88906e67d490c4d3daac57047 done
2025-08-16T21:04:08.3091357Z #9 sha256:d76206d463c08ba2a3f7bbab2de2a933ad73f33ab4ab813eafe50c9dff9edc12 251B / 251B 0.1s done
2025-08-16T21:04:08.5019742Z #9 sha256:5d587318e932a89b94608393c99dd30ee5092a6991c1656f717bd4f4e13d60df 1.29MB / 1.29MB 0.1s done
2025-08-16T21:04:08.5021302Z #9 sha256:396b1da7636e2dcd10565cb4f2f952cbb4a8a38b58d3b86a2cacb172fb70117c 2.10MB / 29.77MB 0.2s
2025-08-16T21:04:08.5022010Z #9 sha256:e5c05dcf47fbdb2f18dc242ad1b7f48fbd3813c0027ffcfb8e81e4aa7e0965f4 12.11MB / 12.11MB 0.2s done
2025-08-16T21:04:08.7034015Z #9 sha256:396b1da7636e2dcd10565cb4f2f952cbb4a8a38b58d3b86a2cacb172fb70117c 18.87MB / 29.77MB 0.3s
2025-08-16T21:04:08.7035230Z #9 sha256:396b1da7636e2dcd10565cb4f2f952cbb4a8a38b58d3b86a2cacb172fb70117c 29.36MB / 29.77MB 0.5s
2025-08-16T21:04:08.8674819Z #9 sha256:396b1da7636e2dcd10565cb4f2f952cbb4a8a38b58d3b86a2cacb172fb70117c 29.77MB / 29.77MB 0.5s done
2025-08-16T21:04:08.8675994Z #9 extracting sha256:396b1da7636e2dcd10565cb4f2f952cbb4a8a38b58d3b86a2cacb172fb70117c
2025-08-16T21:04:09.3805211Z #9 extracting sha256:396b1da7636e2dcd10565cb4f2f952cbb4a8a38b58d3b86a2cacb172fb70117c 0.7s done
2025-08-16T21:04:09.3806166Z #9 DONE 1.2s
2025-08-16T21:04:09.6233435Z 
2025-08-16T21:04:09.6234500Z #9 [base  1/12] FROM docker.io/library/python:3.12-slim@sha256:d67a7b66b989ad6b6d6b10d428dcc5e0bfc3e5f88906e67d490c4d3daac57047
2025-08-16T21:04:09.6235574Z #9 extracting sha256:5d587318e932a89b94608393c99dd30ee5092a6991c1656f717bd4f4e13d60df 0.1s done
2025-08-16T21:04:09.6236163Z #9 extracting sha256:e5c05dcf47fbdb2f18dc242ad1b7f48fbd3813c0027ffcfb8e81e4aa7e0965f4
2025-08-16T21:04:09.9314126Z #9 extracting sha256:e5c05dcf47fbdb2f18dc242ad1b7f48fbd3813c0027ffcfb8e81e4aa7e0965f4 0.5s done
2025-08-16T21:04:09.9314921Z #9 DONE 1.7s
2025-08-16T21:04:10.0345604Z 
2025-08-16T21:04:10.0346740Z #9 [base  1/12] FROM docker.io/library/python:3.12-slim@sha256:d67a7b66b989ad6b6d6b10d428dcc5e0bfc3e5f88906e67d490c4d3daac57047
2025-08-16T21:04:10.0348706Z #9 extracting sha256:d76206d463c08ba2a3f7bbab2de2a933ad73f33ab4ab813eafe50c9dff9edc12 done
2025-08-16T21:04:10.0349799Z #9 DONE 1.7s
2025-08-16T21:04:10.0350071Z 
2025-08-16T21:04:10.0350214Z #10 [base  2/12] WORKDIR /app
2025-08-16T21:04:10.0350579Z #10 DONE 0.1s
2025-08-16T21:04:10.0350765Z 
2025-08-16T21:04:10.0351073Z #11 [base  3/12] COPY services/api/requirements.txt ./requirements.txt
2025-08-16T21:04:10.0351634Z #11 DONE 0.0s
2025-08-16T21:04:10.0351821Z 
2025-08-16T21:04:10.0352478Z #12 [stage-1 3/6] RUN apt-get update     && apt-get install -y --no-install-recommends tzdata postgresql-client curl     && rm -rf /var/lib/apt/lists/*
2025-08-16T21:04:10.1478893Z #12 0.124 Hit:1 http://deb.debian.org/debian trixie InRelease
2025-08-16T21:04:10.3458018Z #12 0.134 Get:2 http://deb.debian.org/debian trixie-updates InRelease [47.1 kB]
2025-08-16T21:04:10.3461586Z #12 0.168 Get:3 http://deb.debian.org/debian-security trixie-security InRelease [43.4 kB]
2025-08-16T21:04:10.3462447Z #12 0.190 Get:4 http://deb.debian.org/debian trixie/main amd64 Packages [9668 kB]
2025-08-16T21:04:10.3463259Z #12 0.322 Get:5 http://deb.debian.org/debian trixie-updates/main amd64 Packages [2432 B]
2025-08-16T21:04:10.5145792Z #12 0.340 Get:6 http://deb.debian.org/debian-security trixie-security/main amd64 Packages [8780 B]
2025-08-16T21:04:10.9876530Z #12 0.964 Fetched 9769 kB in 1s (11.0 MB/s)
2025-08-16T21:04:11.4730843Z #12 0.964 Reading package lists...
2025-08-16T21:04:12.0735245Z #12 1.467 Reading package lists...
2025-08-16T21:04:12.2614116Z #12 1.958 Building dependency tree...
2025-08-16T21:04:12.2617825Z #12 2.103 Reading state information...
2025-08-16T21:04:12.2618885Z #12 2.237 tzdata is already the newest version (2025b-4).
2025-08-16T21:04:12.2619668Z #12 2.237 The following additional packages will be installed:
2025-08-16T21:04:12.4135565Z #12 2.237   libbrotli1 libcom-err2 libcurl4t64 libgdbm-compat4t64 libgnutls30t64
2025-08-16T21:04:12.4138099Z #12 2.237   libgssapi-krb5-2 libidn2-0 libk5crypto3 libkeyutils1 libkrb5-3
2025-08-16T21:04:12.4138967Z #12 2.237   libkrb5support0 libldap2 libnghttp2-14 libnghttp3-9 libp11-kit0 libperl5.40
2025-08-16T21:04:12.4139861Z #12 2.237   libpq5 libpsl5t64 librtmp1 libsasl2-2 libsasl2-modules-db libssh2-1t64
2025-08-16T21:04:12.4140690Z #12 2.237   libtasn1-6 libunistring5 perl perl-modules-5.40 postgresql-client-17
2025-08-16T21:04:12.4141400Z #12 2.238   postgresql-client-common sensible-utils
2025-08-16T21:04:12.4141861Z #12 2.238 Suggested packages:
2025-08-16T21:04:12.4142404Z #12 2.238   gnutls-bin krb5-doc krb5-user perl-doc libterm-readline-gnu-perl
2025-08-16T21:04:12.4143254Z #12 2.238   | libterm-readline-perl-perl make libtap-harness-archive-perl postgresql-17
2025-08-16T21:04:12.4144173Z #12 2.238   postgresql-doc-17
2025-08-16T21:04:12.4144546Z #12 2.238 Recommended packages:
2025-08-16T21:04:12.4145647Z #12 2.238   bash-completion krb5-locales libldap-common publicsuffix libsasl2-modules
2025-08-16T21:04:12.5319166Z #12 2.417 The following NEW packages will be installed:
2025-08-16T21:04:12.5320154Z #12 2.417   curl libbrotli1 libcom-err2 libcurl4t64 libgdbm-compat4t64 libgnutls30t64
2025-08-16T21:04:12.5321077Z #12 2.417   libgssapi-krb5-2 libidn2-0 libk5crypto3 libkeyutils1 libkrb5-3
2025-08-16T21:04:12.5322076Z #12 2.418   libkrb5support0 libldap2 libnghttp2-14 libnghttp3-9 libp11-kit0 libperl5.40
2025-08-16T21:04:12.5323809Z #12 2.418   libpq5 libpsl5t64 librtmp1 libsasl2-2 libsasl2-modules-db libssh2-1t64
2025-08-16T21:04:12.5324986Z #12 2.418   libtasn1-6 libunistring5 perl perl-modules-5.40 postgresql-client
2025-08-16T21:04:12.5326078Z #12 2.419   postgresql-client-17 postgresql-client-common sensible-utils
2025-08-16T21:04:12.7390631Z #12 2.639 0 upgraded, 31 newly installed, 0 to remove and 0 not upgraded.
2025-08-16T21:04:12.7395392Z #12 2.639 Need to get 14.9 MB of archives.
2025-08-16T21:04:12.7396298Z #12 2.639 After this operation, 78.1 MB of additional disk space will be used.
2025-08-16T21:04:12.7397229Z #12 2.639 Get:1 http://deb.debian.org/debian trixie/main amd64 sensible-utils all 0.0.25 [25.0 kB]
2025-08-16T21:04:12.7398295Z #12 2.658 Get:2 http://deb.debian.org/debian trixie/main amd64 perl-modules-5.40 all 5.40.1-6 [3019 kB]
2025-08-16T21:04:12.8461193Z #12 2.767 Get:3 http://deb.debian.org/debian trixie/main amd64 libgdbm-compat4t64 amd64 1.24-2 [50.3 kB]
2025-08-16T21:04:12.8462808Z #12 2.768 Get:4 http://deb.debian.org/debian trixie/main amd64 libperl5.40 amd64 5.40.1-6 [4341 kB]
2025-08-16T21:04:12.8463960Z #12 2.796 Get:5 http://deb.debian.org/debian trixie/main amd64 perl amd64 5.40.1-6 [267 kB]
2025-08-16T21:04:12.8464952Z #12 2.797 Get:6 http://deb.debian.org/debian trixie/main amd64 libbrotli1 amd64 1.1.0-2+b7 [307 kB]
2025-08-16T21:04:12.8466334Z #12 2.799 Get:7 http://deb.debian.org/debian trixie/main amd64 libkrb5support0 amd64 1.21.3-5 [33.0 kB]
2025-08-16T21:04:12.8467430Z #12 2.799 Get:8 http://deb.debian.org/debian trixie/main amd64 libcom-err2 amd64 1.47.2-3+b3 [25.0 kB]
2025-08-16T21:04:12.8468600Z #12 2.800 Get:9 http://deb.debian.org/debian trixie/main amd64 libk5crypto3 amd64 1.21.3-5 [81.5 kB]
2025-08-16T21:04:12.8469718Z #12 2.800 Get:10 http://deb.debian.org/debian trixie/main amd64 libkeyutils1 amd64 1.6.3-6 [9456 B]
2025-08-16T21:04:12.8470755Z #12 2.800 Get:11 http://deb.debian.org/debian trixie/main amd64 libkrb5-3 amd64 1.21.3-5 [326 kB]
2025-08-16T21:04:12.8471914Z #12 2.802 Get:12 http://deb.debian.org/debian trixie/main amd64 libgssapi-krb5-2 amd64 1.21.3-5 [138 kB]
2025-08-16T21:04:12.8472968Z #12 2.805 Get:13 http://deb.debian.org/debian trixie/main amd64 libunistring5 amd64 1.3-2 [477 kB]
2025-08-16T21:04:12.8474093Z #12 2.822 Get:14 http://deb.debian.org/debian trixie/main amd64 libidn2-0 amd64 2.3.8-2 [109 kB]
2025-08-16T21:04:12.9508965Z #12 2.824 Get:15 http://deb.debian.org/debian trixie/main amd64 libsasl2-modules-db amd64 2.1.28+dfsg1-9 [19.8 kB]
2025-08-16T21:04:12.9510000Z #12 2.824 Get:16 http://deb.debian.org/debian trixie/main amd64 libsasl2-2 amd64 2.1.28+dfsg1-9 [57.5 kB]
2025-08-16T21:04:12.9510880Z #12 2.825 Get:17 http://deb.debian.org/debian trixie/main amd64 libldap2 amd64 2.6.10+dfsg-1 [194 kB]
2025-08-16T21:04:12.9511738Z #12 2.826 Get:18 http://deb.debian.org/debian trixie/main amd64 libnghttp2-14 amd64 1.64.0-1.1 [76.0 kB]
2025-08-16T21:04:12.9512726Z #12 2.827 Get:19 http://deb.debian.org/debian trixie/main amd64 libnghttp3-9 amd64 1.8.0-1 [67.7 kB]
2025-08-16T21:04:12.9513830Z #12 2.828 Get:20 http://deb.debian.org/debian trixie/main amd64 libpsl5t64 amd64 0.21.2-1.1+b1 [57.2 kB]
2025-08-16T21:04:12.9514671Z #12 2.829 Get:21 http://deb.debian.org/debian trixie/main amd64 libp11-kit0 amd64 0.25.5-3 [425 kB]
2025-08-16T21:04:12.9515483Z #12 2.831 Get:22 http://deb.debian.org/debian trixie/main amd64 libtasn1-6 amd64 4.20.0-2 [49.9 kB]
2025-08-16T21:04:12.9516621Z #12 2.840 Get:23 http://deb.debian.org/debian trixie/main amd64 libgnutls30t64 amd64 3.8.9-3 [1465 kB]
2025-08-16T21:04:12.9517553Z #12 2.857 Get:24 http://deb.debian.org/debian trixie/main amd64 librtmp1 amd64 2.4+20151223.gitfa8646d.1-2+b5 [58.8 kB]
2025-08-16T21:04:12.9518478Z #12 2.858 Get:25 http://deb.debian.org/debian trixie/main amd64 libssh2-1t64 amd64 1.11.1-1 [245 kB]
2025-08-16T21:04:12.9519311Z #12 2.859 Get:26 http://deb.debian.org/debian trixie/main amd64 libcurl4t64 amd64 8.14.1-2 [391 kB]
2025-08-16T21:04:12.9520141Z #12 2.861 Get:27 http://deb.debian.org/debian trixie/main amd64 curl amd64 8.14.1-2 [269 kB]
2025-08-16T21:04:12.9521135Z #12 2.862 Get:28 http://deb.debian.org/debian trixie/main amd64 libpq5 amd64 17.5-1 [226 kB]
2025-08-16T21:04:12.9522022Z #12 2.880 Get:29 http://deb.debian.org/debian trixie/main amd64 postgresql-client-common all 278 [47.1 kB]
2025-08-16T21:04:12.9523004Z #12 2.880 Get:30 http://deb.debian.org/debian trixie/main amd64 postgresql-client-17 amd64 17.5-1 [2025 kB]
2025-08-16T21:04:12.9524120Z #12 2.888 Get:31 http://deb.debian.org/debian trixie/main amd64 postgresql-client all 17+278 [14.0 kB]
2025-08-16T21:04:14.0068069Z #12 3.983 Fetched 14.9 MB in 0s (32.4 MB/s)
2025-08-16T21:04:14.2024974Z #12 3.997 Selecting previously unselected package sensible-utils.
2025-08-16T21:04:14.2025611Z #12 3.997 (Reading database ... 
2025-08-16T21:04:14.2026013Z (Reading database ... 5%
2025-08-16T21:04:14.2026384Z (Reading database ... 10%
2025-08-16T21:04:14.2026743Z (Reading database ... 15%
2025-08-16T21:04:14.2027116Z (Reading database ... 20%
2025-08-16T21:04:14.2027511Z (Reading database ... 25%
2025-08-16T21:04:14.2027888Z (Reading database ... 30%
2025-08-16T21:04:14.2028230Z (Reading database ... 35%
2025-08-16T21:04:14.2028580Z (Reading database ... 40%
2025-08-16T21:04:14.2028926Z (Reading database ... 45%
2025-08-16T21:04:14.2029280Z (Reading database ... 50%
2025-08-16T21:04:14.2029623Z (Reading database ... 55%
2025-08-16T21:04:14.2029978Z (Reading database ... 60%
2025-08-16T21:04:14.2030325Z (Reading database ... 65%
2025-08-16T21:04:14.2030703Z (Reading database ... 70%
2025-08-16T21:04:14.2031059Z (Reading database ... 75%
2025-08-16T21:04:14.2031400Z (Reading database ... 80%
2025-08-16T21:04:14.2031748Z (Reading database ... 85%
2025-08-16T21:04:14.2032089Z (Reading database ... 90%
2025-08-16T21:04:14.2032437Z (Reading database ... 95%
2025-08-16T21:04:14.2032779Z (Reading database ... 100%
2025-08-16T21:04:14.2033310Z (Reading database ... 5643 files and directories currently installed.)
2025-08-16T21:04:14.2034231Z #12 4.002 Preparing to unpack .../00-sensible-utils_0.0.25_all.deb ...
2025-08-16T21:04:14.2034849Z #12 4.004 Unpacking sensible-utils (0.0.25) ...
2025-08-16T21:04:14.2035469Z #12 4.025 Selecting previously unselected package perl-modules-5.40.
2025-08-16T21:04:14.2036197Z #12 4.027 Preparing to unpack .../01-perl-modules-5.40_5.40.1-6_all.deb ...
2025-08-16T21:04:14.2036840Z #12 4.028 Unpacking perl-modules-5.40 (5.40.1-6) ...
2025-08-16T21:04:14.4259873Z #12 4.326 Selecting previously unselected package libgdbm-compat4t64:amd64.
2025-08-16T21:04:14.4265424Z #12 4.328 Preparing to unpack .../02-libgdbm-compat4t64_1.24-2_amd64.deb ...
2025-08-16T21:04:14.4266233Z #12 4.330 Unpacking libgdbm-compat4t64:amd64 (1.24-2) ...
2025-08-16T21:04:14.4266884Z #12 4.351 Selecting previously unselected package libperl5.40:amd64.
2025-08-16T21:04:14.4267594Z #12 4.352 Preparing to unpack .../03-libperl5.40_5.40.1-6_amd64.deb ...
2025-08-16T21:04:14.4268161Z #12 4.353 Unpacking libperl5.40:amd64 (5.40.1-6) ...
2025-08-16T21:04:14.6802492Z #12 4.593 Selecting previously unselected package perl.
2025-08-16T21:04:14.6803361Z #12 4.595 Preparing to unpack .../04-perl_5.40.1-6_amd64.deb ...
2025-08-16T21:04:14.6806335Z #12 4.596 Unpacking perl (5.40.1-6) ...
2025-08-16T21:04:14.6806832Z #12 4.624 Selecting previously unselected package libbrotli1:amd64.
2025-08-16T21:04:14.6807420Z #12 4.626 Preparing to unpack .../05-libbrotli1_1.1.0-2+b7_amd64.deb ...
2025-08-16T21:04:14.6808326Z #12 4.627 Unpacking libbrotli1:amd64 (1.1.0-2+b7) ...
2025-08-16T21:04:14.6808871Z #12 4.656 Selecting previously unselected package libkrb5support0:amd64.
2025-08-16T21:04:14.7996193Z #12 4.658 Preparing to unpack .../06-libkrb5support0_1.21.3-5_amd64.deb ...
2025-08-16T21:04:14.7997336Z #12 4.659 Unpacking libkrb5support0:amd64 (1.21.3-5) ...
2025-08-16T21:04:14.7997990Z #12 4.677 Selecting previously unselected package libcom-err2:amd64.
2025-08-16T21:04:14.7998694Z #12 4.678 Preparing to unpack .../07-libcom-err2_1.47.2-3+b3_amd64.deb ...
2025-08-16T21:04:14.7999917Z #12 4.679 Unpacking libcom-err2:amd64 (1.47.2-3+b3) ...
2025-08-16T21:04:14.8000534Z #12 4.695 Selecting previously unselected package libk5crypto3:amd64.
2025-08-16T21:04:14.8001239Z #12 4.697 Preparing to unpack .../08-libk5crypto3_1.21.3-5_amd64.deb ...
2025-08-16T21:04:14.8001870Z #12 4.698 Unpacking libk5crypto3:amd64 (1.21.3-5) ...
2025-08-16T21:04:14.8003188Z #12 4.719 Selecting previously unselected package libkeyutils1:amd64.
2025-08-16T21:04:14.8004276Z #12 4.720 Preparing to unpack .../09-libkeyutils1_1.6.3-6_amd64.deb ...
2025-08-16T21:04:14.8004728Z #12 4.722 Unpacking libkeyutils1:amd64 (1.6.3-6) ...
2025-08-16T21:04:14.8005217Z #12 4.739 Selecting previously unselected package libkrb5-3:amd64.
2025-08-16T21:04:14.8005646Z #12 4.741 Preparing to unpack .../10-libkrb5-3_1.21.3-5_amd64.deb ...
2025-08-16T21:04:14.8006102Z #12 4.742 Unpacking libkrb5-3:amd64 (1.21.3-5) ...
2025-08-16T21:04:14.8006504Z #12 4.776 Selecting previously unselected package libgssapi-krb5-2:amd64.
2025-08-16T21:04:14.9161684Z #12 4.778 Preparing to unpack .../11-libgssapi-krb5-2_1.21.3-5_amd64.deb ...
2025-08-16T21:04:14.9162346Z #12 4.779 Unpacking libgssapi-krb5-2:amd64 (1.21.3-5) ...
2025-08-16T21:04:14.9162894Z #12 4.801 Selecting previously unselected package libunistring5:amd64.
2025-08-16T21:04:14.9163676Z #12 4.803 Preparing to unpack .../12-libunistring5_1.3-2_amd64.deb ...
2025-08-16T21:04:14.9164256Z #12 4.804 Unpacking libunistring5:amd64 (1.3-2) ...
2025-08-16T21:04:14.9164810Z #12 4.846 Selecting previously unselected package libidn2-0:amd64.
2025-08-16T21:04:14.9165362Z #12 4.848 Preparing to unpack .../13-libidn2-0_2.3.8-2_amd64.deb ...
2025-08-16T21:04:14.9165822Z #12 4.849 Unpacking libidn2-0:amd64 (2.3.8-2) ...
2025-08-16T21:04:14.9166350Z #12 4.871 Selecting previously unselected package libsasl2-modules-db:amd64.
2025-08-16T21:04:14.9167021Z #12 4.873 Preparing to unpack .../14-libsasl2-modules-db_2.1.28+dfsg1-9_amd64.deb ...
2025-08-16T21:04:14.9167627Z #12 4.875 Unpacking libsasl2-modules-db:amd64 (2.1.28+dfsg1-9) ...
2025-08-16T21:04:14.9168205Z #12 4.892 Selecting previously unselected package libsasl2-2:amd64.
2025-08-16T21:04:15.0332523Z #12 4.894 Preparing to unpack .../15-libsasl2-2_2.1.28+dfsg1-9_amd64.deb ...
2025-08-16T21:04:15.0334707Z #12 4.895 Unpacking libsasl2-2:amd64 (2.1.28+dfsg1-9) ...
2025-08-16T21:04:15.0335373Z #12 4.914 Selecting previously unselected package libldap2:amd64.
2025-08-16T21:04:15.0336113Z #12 4.916 Preparing to unpack .../16-libldap2_2.6.10+dfsg-1_amd64.deb ...
2025-08-16T21:04:15.0336763Z #12 4.917 Unpacking libldap2:amd64 (2.6.10+dfsg-1) ...
2025-08-16T21:04:15.0337415Z #12 4.941 Selecting previously unselected package libnghttp2-14:amd64.
2025-08-16T21:04:15.0338154Z #12 4.942 Preparing to unpack .../17-libnghttp2-14_1.64.0-1.1_amd64.deb ...
2025-08-16T21:04:15.0338812Z #12 4.944 Unpacking libnghttp2-14:amd64 (1.64.0-1.1) ...
2025-08-16T21:04:15.0339463Z #12 4.965 Selecting previously unselected package libnghttp3-9:amd64.
2025-08-16T21:04:15.0340191Z #12 4.967 Preparing to unpack .../18-libnghttp3-9_1.8.0-1_amd64.deb ...
2025-08-16T21:04:15.0340800Z #12 4.968 Unpacking libnghttp3-9:amd64 (1.8.0-1) ...
2025-08-16T21:04:15.0341434Z #12 4.987 Selecting previously unselected package libpsl5t64:amd64.
2025-08-16T21:04:15.0342138Z #12 4.989 Preparing to unpack .../19-libpsl5t64_0.21.2-1.1+b1_amd64.deb ...
2025-08-16T21:04:15.0343137Z #12 4.990 Unpacking libpsl5t64:amd64 (0.21.2-1.1+b1) ...
2025-08-16T21:04:15.0344653Z #12 5.009 Selecting previously unselected package libp11-kit0:amd64.
2025-08-16T21:04:15.1776347Z #12 5.014 Preparing to unpack .../20-libp11-kit0_0.25.5-3_amd64.deb ...
2025-08-16T21:04:15.1778617Z #12 5.016 Unpacking libp11-kit0:amd64 (0.25.5-3) ...
2025-08-16T21:04:15.1779480Z #12 5.062 Selecting previously unselected package libtasn1-6:amd64.
2025-08-16T21:04:15.1780294Z #12 5.064 Preparing to unpack .../21-libtasn1-6_4.20.0-2_amd64.deb ...
2025-08-16T21:04:15.1780888Z #12 5.065 Unpacking libtasn1-6:amd64 (4.20.0-2) ...
2025-08-16T21:04:15.1781929Z #12 5.087 Selecting previously unselected package libgnutls30t64:amd64.
2025-08-16T21:04:15.1782672Z #12 5.089 Preparing to unpack .../22-libgnutls30t64_3.8.9-3_amd64.deb ...
2025-08-16T21:04:15.1783303Z #12 5.090 Unpacking libgnutls30t64:amd64 (3.8.9-3) ...
2025-08-16T21:04:15.1784316Z #12 5.153 Selecting previously unselected package librtmp1:amd64.
2025-08-16T21:04:15.2841196Z #12 5.155 Preparing to unpack .../23-librtmp1_2.4+20151223.gitfa8646d.1-2+b5_amd64.deb ...
2025-08-16T21:04:15.2843426Z #12 5.156 Unpacking librtmp1:amd64 (2.4+20151223.gitfa8646d.1-2+b5) ...
2025-08-16T21:04:15.2844625Z #12 5.174 Selecting previously unselected package libssh2-1t64:amd64.
2025-08-16T21:04:15.2846175Z #12 5.176 Preparing to unpack .../24-libssh2-1t64_1.11.1-1_amd64.deb ...
2025-08-16T21:04:15.2846692Z #12 5.177 Unpacking libssh2-1t64:amd64 (1.11.1-1) ...
2025-08-16T21:04:15.2847196Z #12 5.200 Selecting previously unselected package libcurl4t64:amd64.
2025-08-16T21:04:15.2847765Z #12 5.201 Preparing to unpack .../25-libcurl4t64_8.14.1-2_amd64.deb ...
2025-08-16T21:04:15.2848271Z #12 5.202 Unpacking libcurl4t64:amd64 (8.14.1-2) ...
2025-08-16T21:04:15.2848772Z #12 5.233 Selecting previously unselected package curl.
2025-08-16T21:04:15.2849330Z #12 5.234 Preparing to unpack .../26-curl_8.14.1-2_amd64.deb ...
2025-08-16T21:04:15.2849833Z #12 5.235 Unpacking curl (8.14.1-2) ...
2025-08-16T21:04:15.2850368Z #12 5.260 Selecting previously unselected package libpq5:amd64.
2025-08-16T21:04:15.4639135Z #12 5.262 Preparing to unpack .../27-libpq5_17.5-1_amd64.deb ...
2025-08-16T21:04:15.4639557Z #12 5.263 Unpacking libpq5:amd64 (17.5-1) ...
2025-08-16T21:04:15.4640088Z #12 5.290 Selecting previously unselected package postgresql-client-common.
2025-08-16T21:04:15.4640552Z #12 5.292 Preparing to unpack .../28-postgresql-client-common_278_all.deb ...
2025-08-16T21:04:15.4641031Z #12 5.298 Unpacking postgresql-client-common (278) ...
2025-08-16T21:04:15.4641426Z #12 5.318 Selecting previously unselected package postgresql-client-17.
2025-08-16T21:04:15.4641949Z #12 5.320 Preparing to unpack .../29-postgresql-client-17_17.5-1_amd64.deb ...
2025-08-16T21:04:15.4642381Z #12 5.321 Unpacking postgresql-client-17 (17.5-1) ...
2025-08-16T21:04:15.4642747Z #12 5.440 Selecting previously unselected package postgresql-client.
2025-08-16T21:04:15.5660670Z #12 5.442 Preparing to unpack .../30-postgresql-client_17+278_all.deb ...
2025-08-16T21:04:15.5661413Z #12 5.444 Unpacking postgresql-client (17+278) ...
2025-08-16T21:04:15.5661970Z #12 5.463 Setting up libkeyutils1:amd64 (1.6.3-6) ...
2025-08-16T21:04:15.5662516Z #12 5.466 Setting up libgdbm-compat4t64:amd64 (1.24-2) ...
2025-08-16T21:04:15.5663054Z #12 5.468 Setting up libbrotli1:amd64 (1.1.0-2+b7) ...
2025-08-16T21:04:15.5663869Z #12 5.471 Setting up libnghttp2-14:amd64 (1.64.0-1.1) ...
2025-08-16T21:04:15.5664243Z #12 5.474 Setting up libcom-err2:amd64 (1.47.2-3+b3) ...
2025-08-16T21:04:15.5664612Z #12 5.477 Setting up libkrb5support0:amd64 (1.21.3-5) ...
2025-08-16T21:04:15.5665203Z #12 5.479 Setting up libsasl2-modules-db:amd64 (2.1.28+dfsg1-9) ...
2025-08-16T21:04:15.5665575Z #12 5.482 Setting up libp11-kit0:amd64 (0.25.5-3) ...
2025-08-16T21:04:15.5665901Z #12 5.484 Setting up libunistring5:amd64 (1.3-2) ...
2025-08-16T21:04:15.5666226Z #12 5.487 Setting up libk5crypto3:amd64 (1.21.3-5) ...
2025-08-16T21:04:15.5666745Z #12 5.490 Setting up libsasl2-2:amd64 (2.1.28+dfsg1-9) ...
2025-08-16T21:04:15.5667247Z #12 5.493 Setting up libnghttp3-9:amd64 (1.8.0-1) ...
2025-08-16T21:04:15.5667888Z #12 5.496 Setting up perl-modules-5.40 (5.40.1-6) ...
2025-08-16T21:04:15.5668338Z #12 5.498 Setting up sensible-utils (0.0.25) ...
2025-08-16T21:04:15.5668651Z #12 5.501 Setting up libtasn1-6:amd64 (4.20.0-2) ...
2025-08-16T21:04:15.5669070Z #12 5.504 Setting up libkrb5-3:amd64 (1.21.3-5) ...
2025-08-16T21:04:15.5669388Z #12 5.507 Setting up libssh2-1t64:amd64 (1.11.1-1) ...
2025-08-16T21:04:15.5669814Z #12 5.509 Setting up libldap2:amd64 (2.6.10+dfsg-1) ...
2025-08-16T21:04:15.5670260Z #12 5.512 Setting up libidn2-0:amd64 (2.3.8-2) ...
2025-08-16T21:04:15.5670866Z #12 5.514 Setting up libperl5.40:amd64 (5.40.1-6) ...
2025-08-16T21:04:15.5671194Z #12 5.516 Setting up perl (5.40.1-6) ...
2025-08-16T21:04:15.5671674Z #12 5.524 Setting up libgssapi-krb5-2:amd64 (1.21.3-5) ...
2025-08-16T21:04:15.5672056Z #12 5.528 Setting up libgnutls30t64:amd64 (3.8.9-3) ...
2025-08-16T21:04:15.5672587Z #12 5.531 Setting up postgresql-client-common (278) ...
2025-08-16T21:04:15.5672958Z #12 5.539 Setting up libpsl5t64:amd64 (0.21.2-1.1+b1) ...
2025-08-16T21:04:15.5673351Z #12 5.542 Setting up libpq5:amd64 (17.5-1) ...
2025-08-16T21:04:15.6699427Z #12 5.545 Setting up librtmp1:amd64 (2.4+20151223.gitfa8646d.1-2+b5) ...
2025-08-16T21:04:15.6703140Z #12 5.548 Setting up libcurl4t64:amd64 (8.14.1-2) ...
2025-08-16T21:04:15.6703932Z #12 5.551 Setting up postgresql-client-17 (17.5-1) ...
2025-08-16T21:04:16.0469548Z #12 5.912 update-alternatives: using /usr/share/postgresql/17/man/man1/psql.1.gz to provide /usr/share/man/man1/psql.1.gz (psql.1.gz) in auto mode
2025-08-16T21:04:16.0470733Z #12 5.952 Setting up curl (8.14.1-2) ...
2025-08-16T21:04:16.0471147Z #12 5.954 Setting up postgresql-client (17+278) ...
2025-08-16T21:04:16.0471518Z #12 5.958 Processing triggers for libc-bin (2.41-12) ...
2025-08-16T21:04:16.1535688Z #12 DONE 6.1s
2025-08-16T21:04:16.1535959Z 
2025-08-16T21:04:16.1536239Z #13 [base  4/12] RUN pip install --no-cache-dir -r requirements.txt
2025-08-16T21:04:16.1537790Z #13 1.533 Collecting uvicorn==0.29.0 (from -r requirements.txt (line 1))
2025-08-16T21:04:16.1538664Z #13 1.601   Downloading uvicorn-0.29.0-py3-none-any.whl.metadata (6.3 kB)
2025-08-16T21:04:16.1539338Z #13 1.616 Collecting pydantic-settings==2.2.1 (from -r requirements.txt (line 2))
2025-08-16T21:04:16.1540232Z #13 1.635   Downloading pydantic_settings-2.2.1-py3-none-any.whl.metadata (3.1 kB)
2025-08-16T21:04:16.1541092Z #13 1.680 Collecting fastapi==0.111.0 (from -r requirements.txt (line 3))
2025-08-16T21:04:16.1541932Z #13 1.700   Downloading fastapi-0.111.0-py3-none-any.whl.metadata (25 kB)
2025-08-16T21:04:16.1542605Z #13 1.934 Collecting sqlalchemy==2.0.29 (from -r requirements.txt (line 4))
2025-08-16T21:04:16.1543853Z #13 1.956   Downloading SQLAlchemy-2.0.29-cp312-cp312-manylinux_2_17_x86_64.manylinux2014_x86_64.whl.metadata (9.6 kB)
2025-08-16T21:04:16.1544943Z #13 1.982 Collecting alembic==1.13.1 (from -r requirements.txt (line 5))
2025-08-16T21:04:16.1545743Z #13 2.002   Downloading alembic-1.13.1-py3-none-any.whl.metadata (7.4 kB)
2025-08-16T21:04:16.1546537Z #13 2.018 Collecting psycopg==3.2.9 (from psycopg[binary]==3.2.9->-r requirements.txt (line 6))
2025-08-16T21:04:16.1547120Z #13 2.038   Downloading psycopg-3.2.9-py3-none-any.whl.metadata (4.5 kB)
2025-08-16T21:04:16.1547624Z #13 2.060 Collecting httpx==0.27.2 (from -r requirements.txt (line 7))
2025-08-16T21:04:16.1548114Z #13 2.080   Downloading httpx-0.27.2-py3-none-any.whl.metadata (7.1 kB)
2025-08-16T21:04:16.1548612Z #13 2.113 Collecting asyncpg==0.29.0 (from -r requirements.txt (line 8))
2025-08-16T21:04:16.1549265Z #13 2.134   Downloading asyncpg-0.29.0-cp312-cp312-manylinux_2_17_x86_64.manylinux2014_x86_64.whl.metadata (4.4 kB)
2025-08-16T21:04:16.1549902Z #13 2.381 Collecting boto3==1.34.162 (from -r requirements.txt (line 9))
2025-08-16T21:04:16.1550390Z #13 2.401   Downloading boto3-1.34.162-py3-none-any.whl.metadata (6.6 kB)
2025-08-16T21:04:16.1550875Z #13 2.416 Collecting Jinja2==3.1.5 (from -r requirements.txt (line 10))
2025-08-16T21:04:16.1551607Z #13 2.435   Downloading jinja2-3.1.5-py3-none-any.whl.metadata (2.6 kB)
2025-08-16T21:04:16.1552193Z #13 2.450 Collecting click>=7.0 (from uvicorn==0.29.0->-r requirements.txt (line 1))
2025-08-16T21:04:16.1552653Z #13 2.469   Downloading click-8.2.1-py3-none-any.whl.metadata (2.5 kB)
2025-08-16T21:04:16.1553079Z #13 2.477 Collecting h11>=0.8 (from uvicorn==0.29.0->-r requirements.txt (line 1))
2025-08-16T21:04:16.1553799Z #13 2.496   Downloading h11-0.16.0-py3-none-any.whl.metadata (8.3 kB)
2025-08-16T21:04:16.1554544Z #13 2.583 Collecting pydantic>=2.3.0 (from pydantic-settings==2.2.1->-r requirements.txt (line 2))
2025-08-16T21:04:16.1555040Z #13 2.602   Downloading pydantic-2.11.7-py3-none-any.whl.metadata (67 kB)
2025-08-16T21:04:16.1555571Z #13 2.636 Collecting python-dotenv>=0.21.0 (from pydantic-settings==2.2.1->-r requirements.txt (line 2))
2025-08-16T21:04:16.1556105Z #13 2.655   Downloading python_dotenv-1.1.1-py3-none-any.whl.metadata (24 kB)
2025-08-16T21:04:16.1556629Z #13 2.684 Collecting starlette<0.38.0,>=0.37.2 (from fastapi==0.111.0->-r requirements.txt (line 3))
2025-08-16T21:04:16.1557122Z #13 2.704   Downloading starlette-0.37.2-py3-none-any.whl.metadata (5.9 kB)
2025-08-16T21:04:16.1557611Z #13 2.749 Collecting typing-extensions>=4.8.0 (from fastapi==0.111.0->-r requirements.txt (line 3))
2025-08-16T21:04:16.1558134Z #13 2.769   Downloading typing_extensions-4.14.1-py3-none-any.whl.metadata (3.0 kB)
2025-08-16T21:04:16.1558624Z #13 2.779 Collecting fastapi-cli>=0.0.2 (from fastapi==0.111.0->-r requirements.txt (line 3))
2025-08-16T21:04:16.1559237Z #13 2.799   Downloading fastapi_cli-0.0.8-py3-none-any.whl.metadata (6.3 kB)
2025-08-16T21:04:16.1559778Z #13 2.819 Collecting python-multipart>=0.0.7 (from fastapi==0.111.0->-r requirements.txt (line 3))
2025-08-16T21:04:16.1560444Z #13 2.839   Downloading python_multipart-0.0.20-py3-none-any.whl.metadata (1.8 kB)
2025-08-16T21:04:16.1561092Z #13 2.915 Collecting ujson!=4.0.2,!=4.1.0,!=4.2.0,!=4.3.0,!=5.0.0,!=5.1.0,>=4.0.1 (from fastapi==0.111.0->-r requirements.txt (line 3))
2025-08-16T21:04:16.1561782Z #13 2.935   Downloading ujson-5.10.0-cp312-cp312-manylinux_2_17_x86_64.manylinux2014_x86_64.whl.metadata (9.3 kB)
2025-08-16T21:04:16.1562428Z #13 3.121 Collecting orjson>=3.2.1 (from fastapi==0.111.0->-r requirements.txt (line 3))
2025-08-16T21:04:16.1563036Z #13 3.141   Downloading orjson-3.11.2-cp312-cp312-manylinux_2_17_x86_64.manylinux2014_x86_64.whl.metadata (1.2 kB)
2025-08-16T21:04:16.1563871Z #13 3.151 Collecting email_validator>=2.0.0 (from fastapi==0.111.0->-r requirements.txt (line 3))
2025-08-16T21:04:16.1564435Z #13 3.170   Downloading email_validator-2.2.0-py3-none-any.whl.metadata (25 kB)
2025-08-16T21:04:16.1584189Z #13 3.277 Collecting greenlet!=0.4.17 (from sqlalchemy==2.0.29->-r requirements.txt (line 4))
2025-08-16T21:04:16.1584892Z #13 3.297   Downloading greenlet-3.2.4-cp312-cp312-manylinux_2_24_x86_64.manylinux_2_28_x86_64.whl.metadata (4.1 kB)
2025-08-16T21:04:16.1585474Z #13 3.323 Collecting Mako (from alembic==1.13.1->-r requirements.txt (line 5))
2025-08-16T21:04:16.1585965Z #13 3.343   Downloading mako-1.3.10-py3-none-any.whl.metadata (2.9 kB)
2025-08-16T21:04:16.1586482Z #13 3.366 Collecting anyio (from httpx==0.27.2->-r requirements.txt (line 7))
2025-08-16T21:04:16.1586897Z #13 3.385   Downloading anyio-4.10.0-py3-none-any.whl.metadata (4.0 kB)
2025-08-16T21:04:16.1587320Z #13 3.401 Collecting certifi (from httpx==0.27.2->-r requirements.txt (line 7))
2025-08-16T21:04:16.1587761Z #13 3.420   Downloading certifi-2025.8.3-py3-none-any.whl.metadata (2.4 kB)
2025-08-16T21:04:16.1588214Z #13 3.436 Collecting httpcore==1.* (from httpx==0.27.2->-r requirements.txt (line 7))
2025-08-16T21:04:16.1588665Z #13 3.456   Downloading httpcore-1.0.9-py3-none-any.whl.metadata (21 kB)
2025-08-16T21:04:16.1589078Z #13 3.472 Collecting idna (from httpx==0.27.2->-r requirements.txt (line 7))
2025-08-16T21:04:16.1589478Z #13 3.492   Downloading idna-3.10-py3-none-any.whl.metadata (10 kB)
2025-08-16T21:04:16.1590068Z #13 3.499 Collecting sniffio (from httpx==0.27.2->-r requirements.txt (line 7))
2025-08-16T21:04:16.1590503Z #13 3.519   Downloading sniffio-1.3.1-py3-none-any.whl.metadata (3.9 kB)
2025-08-16T21:04:16.1590957Z #13 3.841 Collecting botocore<1.35.0,>=1.34.162 (from boto3==1.34.162->-r requirements.txt (line 9))
2025-08-16T21:04:16.1591435Z #13 3.861   Downloading botocore-1.34.162-py3-none-any.whl.metadata (5.7 kB)
2025-08-16T21:04:16.1591888Z #13 3.872 Collecting jmespath<2.0.0,>=0.7.1 (from boto3==1.34.162->-r requirements.txt (line 9))
2025-08-16T21:04:16.1592473Z #13 3.892   Downloading jmespath-1.0.1-py3-none-any.whl.metadata (7.6 kB)
2025-08-16T21:04:16.1592937Z #13 3.907 Collecting s3transfer<0.11.0,>=0.10.0 (from boto3==1.34.162->-r requirements.txt (line 9))
2025-08-16T21:04:16.1593779Z #13 3.927   Downloading s3transfer-0.10.4-py3-none-any.whl.metadata (1.7 kB)
2025-08-16T21:04:16.1594234Z #13 3.974 Collecting MarkupSafe>=2.0 (from Jinja2==3.1.5->-r requirements.txt (line 10))
2025-08-16T21:04:16.1594820Z #13 3.994   Downloading MarkupSafe-3.0.2-cp312-cp312-manylinux_2_17_x86_64.manylinux2014_x86_64.whl.metadata (4.0 kB)
2025-08-16T21:04:16.1595444Z #13 4.173 Collecting psycopg-binary==3.2.9 (from psycopg[binary]==3.2.9->-r requirements.txt (line 6))
2025-08-16T21:04:16.1596060Z #13 4.193   Downloading psycopg_binary-3.2.9-cp312-cp312-manylinux_2_17_x86_64.manylinux2014_x86_64.whl.metadata (2.9 kB)
2025-08-16T21:04:16.1596739Z #13 4.210 Collecting python-dateutil<3.0.0,>=2.1 (from botocore<1.35.0,>=1.34.162->boto3==1.34.162->-r requirements.txt (line 9))
2025-08-16T21:04:16.1597340Z #13 4.230   Downloading python_dateutil-2.9.0.post0-py2.py3-none-any.whl.metadata (8.4 kB)
2025-08-16T21:04:16.1597911Z #13 4.259 Collecting urllib3!=2.2.0,<3,>=1.25.4 (from botocore<1.35.0,>=1.34.162->boto3==1.34.162->-r requirements.txt (line 9))
2025-08-16T21:04:16.1598418Z #13 4.278   Downloading urllib3-2.5.0-py3-none-any.whl.metadata (6.5 kB)
2025-08-16T21:04:16.1598935Z #13 4.291 Collecting dnspython>=2.0.0 (from email_validator>=2.0.0->fastapi==0.111.0->-r requirements.txt (line 3))
2025-08-16T21:04:16.1599465Z #13 4.311   Downloading dnspython-2.7.0-py3-none-any.whl.metadata (5.8 kB)
2025-08-16T21:04:16.1599954Z #13 4.336 Collecting typer>=0.15.1 (from fastapi-cli>=0.0.2->fastapi==0.111.0->-r requirements.txt (line 3))
2025-08-16T21:04:16.1600438Z #13 4.356   Downloading typer-0.16.0-py3-none-any.whl.metadata (15 kB)
2025-08-16T21:04:16.1600940Z #13 4.390 Collecting rich-toolkit>=0.14.8 (from fastapi-cli>=0.0.2->fastapi==0.111.0->-r requirements.txt (line 3))
2025-08-16T21:04:16.1601468Z #13 4.410   Downloading rich_toolkit-0.15.0-py3-none-any.whl.metadata (1.0 kB)
2025-08-16T21:04:16.1602032Z #13 4.473 Collecting annotated-types>=0.6.0 (from pydantic>=2.3.0->pydantic-settings==2.2.1->-r requirements.txt (line 2))
2025-08-16T21:04:16.1602588Z #13 4.519   Downloading annotated_types-0.7.0-py3-none-any.whl.metadata (15 kB)
2025-08-16T21:04:16.1603144Z #13 5.188 Collecting pydantic-core==2.33.2 (from pydantic>=2.3.0->pydantic-settings==2.2.1->-r requirements.txt (line 2))
2025-08-16T21:04:16.1604043Z #13 5.209   Downloading pydantic_core-2.33.2-cp312-cp312-manylinux_2_17_x86_64.manylinux2014_x86_64.whl.metadata (6.8 kB)
2025-08-16T21:04:16.1604718Z #13 5.221 Collecting typing-inspection>=0.4.0 (from pydantic>=2.3.0->pydantic-settings==2.2.1->-r requirements.txt (line 2))
2025-08-16T21:04:16.1605302Z #13 5.241   Downloading typing_inspection-0.4.1-py3-none-any.whl.metadata (2.6 kB)
2025-08-16T21:04:16.1605853Z #13 5.438 Collecting httptools>=0.5.0 (from uvicorn[standard]>=0.12.0->fastapi==0.111.0->-r requirements.txt (line 3))
2025-08-16T21:04:16.1606739Z #13 5.458   Downloading httptools-0.6.4-cp312-cp312-manylinux_2_5_x86_64.manylinux1_x86_64.manylinux_2_17_x86_64.manylinux2014_x86_64.whl.metadata (3.6 kB)
2025-08-16T21:04:16.1607486Z #13 5.495 Collecting pyyaml>=5.1 (from uvicorn[standard]>=0.12.0->fastapi==0.111.0->-r requirements.txt (line 3))
2025-08-16T21:04:16.1608243Z #13 5.515   Downloading PyYAML-6.0.2-cp312-cp312-manylinux_2_17_x86_64.manylinux2014_x86_64.whl.metadata (2.1 kB)
2025-08-16T21:04:16.1608891Z #13 5.551 Collecting uvloop!=0.15.0,!=0.15.1,>=0.14.0 (from uvicorn[standard]>=0.12.0->fastapi==0.111.0->-r requirements.txt (line 3))
2025-08-16T21:04:16.1609525Z #13 5.571   Downloading uvloop-0.21.0-cp312-cp312-manylinux_2_17_x86_64.manylinux2014_x86_64.whl.metadata (4.9 kB)
2025-08-16T21:04:16.1610147Z #13 5.634 Collecting watchfiles>=0.13 (from uvicorn[standard]>=0.12.0->fastapi==0.111.0->-r requirements.txt (line 3))
2025-08-16T21:04:16.1610791Z #13 5.655   Downloading watchfiles-1.1.0-cp312-cp312-manylinux_2_17_x86_64.manylinux2014_x86_64.whl.metadata (4.9 kB)
2025-08-16T21:04:16.1611534Z #13 5.731 Collecting websockets>=10.4 (from uvicorn[standard]>=0.12.0->fastapi==0.111.0->-r requirements.txt (line 3))
2025-08-16T21:04:16.1612279Z #13 5.791   Downloading websockets-15.0.1-cp312-cp312-manylinux_2_5_x86_64.manylinux1_x86_64.manylinux_2_17_x86_64.manylinux2014_x86_64.whl.metadata (6.8 kB)
2025-08-16T21:04:16.1613063Z #13 5.812 Collecting six>=1.5 (from python-dateutil<3.0.0,>=2.1->botocore<1.35.0,>=1.34.162->boto3==1.34.162->-r requirements.txt (line 9))
2025-08-16T21:04:16.1613852Z #13 5.832   Downloading six-1.17.0-py2.py3-none-any.whl.metadata (1.7 kB)
2025-08-16T21:04:16.1614412Z #13 5.874 Collecting rich>=13.7.1 (from rich-toolkit>=0.14.8->fastapi-cli>=0.0.2->fastapi==0.111.0->-r requirements.txt (line 3))
2025-08-16T21:04:16.1614932Z #13 5.894   Downloading rich-14.1.0-py3-none-any.whl.metadata (18 kB)
2025-08-16T21:04:16.1615457Z #13 5.920 Collecting shellingham>=1.3.0 (from typer>=0.15.1->fastapi-cli>=0.0.2->fastapi==0.111.0->-r requirements.txt (line 3))
2025-08-16T21:04:16.1616036Z #13 5.939   Downloading shellingham-1.5.4-py2.py3-none-any.whl.metadata (3.5 kB)
2025-08-16T21:04:16.1616657Z #13 5.991 Collecting markdown-it-py>=2.2.0 (from rich>=13.7.1->rich-toolkit>=0.14.8->fastapi-cli>=0.0.2->fastapi==0.111.0->-r requirements.txt (line 3))
2025-08-16T21:04:16.1617264Z #13 6.011   Downloading markdown_it_py-4.0.0-py3-none-any.whl.metadata (7.3 kB)
2025-08-16T21:04:16.1617860Z #13 6.040 Collecting pygments<3.0.0,>=2.13.0 (from rich>=13.7.1->rich-toolkit>=0.14.8->fastapi-cli>=0.0.2->fastapi==0.111.0->-r requirements.txt (line 3))
2025-08-16T21:04:16.1618449Z #13 6.060   Downloading pygments-2.19.2-py3-none-any.whl.metadata (2.5 kB)
2025-08-16T21:04:16.1619073Z #13 6.072 Collecting mdurl~=0.1 (from markdown-it-py>=2.2.0->rich>=13.7.1->rich-toolkit>=0.14.8->fastapi-cli>=0.0.2->fastapi==0.111.0->-r requirements.txt (line 3))
2025-08-16T21:04:16.1619677Z #13 6.092   Downloading mdurl-0.1.2-py3-none-any.whl.metadata (1.6 kB)
2025-08-16T21:04:16.1620058Z #13 6.118 Downloading uvicorn-0.29.0-py3-none-any.whl (60 kB)
2025-08-16T21:04:16.2973210Z #13 6.141 Downloading pydantic_settings-2.2.1-py3-none-any.whl (13 kB)
2025-08-16T21:04:16.2975822Z #13 6.161 Downloading fastapi-0.111.0-py3-none-any.whl (91 kB)
2025-08-16T21:04:16.2976660Z #13 6.185 Downloading SQLAlchemy-2.0.29-cp312-cp312-manylinux_2_17_x86_64.manylinux2014_x86_64.whl (3.2 MB)
2025-08-16T21:04:16.4068026Z #13 6.262    ━━━━━━━━━━━━━━━━━━━━━━━━━━━━━━━━━━━━━━━━ 3.2/3.2 MB 54.9 MB/s eta 0:00:00
2025-08-16T21:04:16.4068867Z #13 6.282 Downloading alembic-1.13.1-py3-none-any.whl (233 kB)
2025-08-16T21:04:16.4069555Z #13 6.302 Downloading psycopg-3.2.9-py3-none-any.whl (202 kB)
2025-08-16T21:04:16.4070197Z #13 6.321 Downloading httpx-0.27.2-py3-none-any.whl (76 kB)
2025-08-16T21:04:16.4071072Z #13 6.342 Downloading asyncpg-0.29.0-cp312-cp312-manylinux_2_17_x86_64.manylinux2014_x86_64.whl (3.3 MB)
2025-08-16T21:04:16.4072170Z #13 6.352    ━━━━━━━━━━━━━━━━━━━━━━━━━━━━━━━━━━━━━━━━ 3.3/3.3 MB 419.9 MB/s eta 0:00:00
2025-08-16T21:04:16.4072816Z #13 6.371 Downloading boto3-1.34.162-py3-none-any.whl (139 kB)
2025-08-16T21:04:16.5543288Z #13 6.391 Downloading jinja2-3.1.5-py3-none-any.whl (134 kB)
2025-08-16T21:04:16.5544136Z #13 6.411 Downloading httpcore-1.0.9-py3-none-any.whl (78 kB)
2025-08-16T21:04:16.5545617Z #13 6.431 Downloading psycopg_binary-3.2.9-cp312-cp312-manylinux_2_17_x86_64.manylinux2014_x86_64.whl (4.4 MB)
2025-08-16T21:04:16.5547202Z #13 6.450    ━━━━━━━━━━━━━━━━━━━━━━━━━━━━━━━━━━━━━━━━ 4.4/4.4 MB 244.8 MB/s eta 0:00:00
2025-08-16T21:04:16.5547841Z #13 6.470 Downloading botocore-1.34.162-py3-none-any.whl (12.5 MB)
2025-08-16T21:04:16.6557138Z #13 6.519    ━━━━━━━━━━━━━━━━━━━━━━━━━━━━━━━━━━━━━━━━ 12.5/12.5 MB 266.5 MB/s eta 0:00:00
2025-08-16T21:04:16.6557870Z #13 6.539 Downloading click-8.2.1-py3-none-any.whl (102 kB)
2025-08-16T21:04:16.6558582Z #13 6.559 Downloading email_validator-2.2.0-py3-none-any.whl (33 kB)
2025-08-16T21:04:16.6559601Z #13 6.578 Downloading fastapi_cli-0.0.8-py3-none-any.whl (10 kB)
2025-08-16T21:04:16.6560321Z #13 6.598 Downloading greenlet-3.2.4-cp312-cp312-manylinux_2_24_x86_64.manylinux_2_28_x86_64.whl (607 kB)
2025-08-16T21:04:16.6561068Z #13 6.601    ━━━━━━━━━━━━━━━━━━━━━━━━━━━━━━━━━━━━━━━ 607.6/607.6 kB 590.7 MB/s eta 0:00:00
2025-08-16T21:04:16.6561477Z #13 6.620 Downloading h11-0.16.0-py3-none-any.whl (37 kB)
2025-08-16T21:04:16.7744340Z #13 6.640 Downloading idna-3.10-py3-none-any.whl (70 kB)
2025-08-16T21:04:16.7745127Z #13 6.660 Downloading jmespath-1.0.1-py3-none-any.whl (20 kB)
2025-08-16T21:04:16.7746954Z #13 6.680 Downloading MarkupSafe-3.0.2-cp312-cp312-manylinux_2_17_x86_64.manylinux2014_x86_64.whl (23 kB)
2025-08-16T21:04:16.7747826Z #13 6.699 Downloading orjson-3.11.2-cp312-cp312-manylinux_2_17_x86_64.manylinux2014_x86_64.whl (121 kB)
2025-08-16T21:04:16.7749788Z #13 6.719 Downloading pydantic-2.11.7-py3-none-any.whl (444 kB)
2025-08-16T21:04:16.7750535Z #13 6.739 Downloading pydantic_core-2.33.2-cp312-cp312-manylinux_2_17_x86_64.manylinux2014_x86_64.whl (2.0 MB)
2025-08-16T21:04:16.8801482Z #13 6.745    ━━━━━━━━━━━━━━━━━━━━━━━━━━━━━━━━━━━━━━━━ 2.0/2.0 MB 431.5 MB/s eta 0:00:00
2025-08-16T21:04:16.8802466Z #13 6.765 Downloading python_dotenv-1.1.1-py3-none-any.whl (20 kB)
2025-08-16T21:04:16.8803780Z #13 6.784 Downloading python_multipart-0.0.20-py3-none-any.whl (24 kB)
2025-08-16T21:04:16.8804788Z #13 6.804 Downloading s3transfer-0.10.4-py3-none-any.whl (83 kB)
2025-08-16T21:04:16.8805845Z #13 6.824 Downloading starlette-0.37.2-py3-none-any.whl (71 kB)
2025-08-16T21:04:16.8806684Z #13 6.845 Downloading anyio-4.10.0-py3-none-any.whl (107 kB)
2025-08-16T21:04:16.9986579Z #13 6.865 Downloading sniffio-1.3.1-py3-none-any.whl (10 kB)
2025-08-16T21:04:16.9987319Z #13 6.884 Downloading typing_extensions-4.14.1-py3-none-any.whl (43 kB)
2025-08-16T21:04:16.9988227Z #13 6.904 Downloading ujson-5.10.0-cp312-cp312-manylinux_2_17_x86_64.manylinux2014_x86_64.whl (53 kB)
2025-08-16T21:04:16.9989170Z #13 6.923 Downloading certifi-2025.8.3-py3-none-any.whl (161 kB)
2025-08-16T21:04:16.9989772Z #13 6.943 Downloading mako-1.3.10-py3-none-any.whl (78 kB)
2025-08-16T21:04:16.9990197Z #13 6.963 Downloading annotated_types-0.7.0-py3-none-any.whl (13 kB)
2025-08-16T21:04:17.1019033Z #13 6.983 Downloading dnspython-2.7.0-py3-none-any.whl (313 kB)
2025-08-16T21:04:17.1020371Z #13 7.003 Downloading httptools-0.6.4-cp312-cp312-manylinux_2_5_x86_64.manylinux1_x86_64.manylinux_2_17_x86_64.manylinux2014_x86_64.whl (510 kB)
2025-08-16T21:04:17.1021793Z #13 7.023 Downloading python_dateutil-2.9.0.post0-py2.py3-none-any.whl (229 kB)
2025-08-16T21:04:17.1022862Z #13 7.043 Downloading PyYAML-6.0.2-cp312-cp312-manylinux_2_17_x86_64.manylinux2014_x86_64.whl (767 kB)
2025-08-16T21:04:17.1024373Z #13 7.047    ━━━━━━━━━━━━━━━━━━━━━━━━━━━━━━━━━━━━━━━ 767.5/767.5 kB 537.5 MB/s eta 0:00:00
2025-08-16T21:04:17.1025086Z #13 7.067 Downloading rich_toolkit-0.15.0-py3-none-any.whl (29 kB)
2025-08-16T21:04:17.2208707Z #13 7.086 Downloading typer-0.16.0-py3-none-any.whl (46 kB)
2025-08-16T21:04:17.2211067Z #13 7.106 Downloading typing_inspection-0.4.1-py3-none-any.whl (14 kB)
2025-08-16T21:04:17.2211891Z #13 7.125 Downloading urllib3-2.5.0-py3-none-any.whl (129 kB)
2025-08-16T21:04:17.2212732Z #13 7.145 Downloading uvloop-0.21.0-cp312-cp312-manylinux_2_17_x86_64.manylinux2014_x86_64.whl (4.7 MB)
2025-08-16T21:04:17.2213900Z #13 7.166    ━━━━━━━━━━━━━━━━━━━━━━━━━━━━━━━━━━━━━━━━ 4.7/4.7 MB 247.1 MB/s eta 0:00:00
2025-08-16T21:04:17.2214772Z #13 7.185 Downloading watchfiles-1.1.0-cp312-cp312-manylinux_2_17_x86_64.manylinux2014_x86_64.whl (452 kB)
2025-08-16T21:04:17.3409855Z #13 7.207 Downloading websockets-15.0.1-cp312-cp312-manylinux_2_5_x86_64.manylinux1_x86_64.manylinux_2_17_x86_64.manylinux2014_x86_64.whl (182 kB)
2025-08-16T21:04:17.3411005Z #13 7.226 Downloading rich-14.1.0-py3-none-any.whl (243 kB)
2025-08-16T21:04:17.3411576Z #13 7.246 Downloading shellingham-1.5.4-py2.py3-none-any.whl (9.8 kB)
2025-08-16T21:04:17.3414995Z #13 7.266 Downloading six-1.17.0-py2.py3-none-any.whl (11 kB)
2025-08-16T21:04:17.3415537Z #13 7.285 Downloading markdown_it_py-4.0.0-py3-none-any.whl (87 kB)
2025-08-16T21:04:17.3416090Z #13 7.305 Downloading pygments-2.19.2-py3-none-any.whl (1.2 MB)
2025-08-16T21:04:17.5161767Z #13 7.310    ━━━━━━━━━━━━━━━━━━━━━━━━━━━━━━━━━━━━━━━━ 1.2/1.2 MB 508.9 MB/s eta 0:00:00
2025-08-16T21:04:17.5162486Z #13 7.330 Downloading mdurl-0.1.2-py3-none-any.whl (10.0 kB)
2025-08-16T21:04:17.5273016Z #13 7.491 Installing collected packages: websockets, uvloop, urllib3, ujson, typing-extensions, sniffio, six, shellingham, pyyaml, python-multipart, python-dotenv, pygments, psycopg-binary, orjson, mdurl, MarkupSafe, jmespath, idna, httptools, h11, greenlet, dnspython, click, certifi, asyncpg, annotated-types, uvicorn, typing-inspection, sqlalchemy, python-dateutil, pydantic-core, psycopg, markdown-it-py, Mako, Jinja2, httpcore, email_validator, anyio, watchfiles, starlette, rich, pydantic, httpx, botocore, alembic, typer, s3transfer, rich-toolkit, pydantic-settings, fastapi-cli, boto3, fastapi
2025-08-16T21:04:22.2886787Z #13 12.25 Successfully installed Jinja2-3.1.5 Mako-1.3.10 MarkupSafe-3.0.2 alembic-1.13.1 annotated-types-0.7.0 anyio-4.10.0 asyncpg-0.29.0 boto3-1.34.162 botocore-1.34.162 certifi-2025.8.3 click-8.2.1 dnspython-2.7.0 email_validator-2.2.0 fastapi-0.111.0 fastapi-cli-0.0.8 greenlet-3.2.4 h11-0.16.0 httpcore-1.0.9 httptools-0.6.4 httpx-0.27.2 idna-3.10 jmespath-1.0.1 markdown-it-py-4.0.0 mdurl-0.1.2 orjson-3.11.2 psycopg-3.2.9 psycopg-binary-3.2.9 pydantic-2.11.7 pydantic-core-2.33.2 pydantic-settings-2.2.1 pygments-2.19.2 python-dateutil-2.9.0.post0 python-dotenv-1.1.1 python-multipart-0.0.20 pyyaml-6.0.2 rich-14.1.0 rich-toolkit-0.15.0 s3transfer-0.10.4 shellingham-1.5.4 six-1.17.0 sniffio-1.3.1 sqlalchemy-2.0.29 starlette-0.37.2 typer-0.16.0 typing-extensions-4.14.1 typing-inspection-0.4.1 ujson-5.10.0 urllib3-2.5.0 uvicorn-0.29.0 uvloop-0.21.0 watchfiles-1.1.0 websockets-15.0.1
2025-08-16T21:04:22.5055022Z #13 12.25 WARNING: Running pip as the 'root' user can result in broken permissions and conflicting behaviour with the system package manager, possibly rendering your system unusable. It is recommended to use a virtual environment instead: https://pip.pypa.io/warnings/venv. Use the --root-user-action option if you know what you are doing and want to suppress this warning.
2025-08-16T21:04:22.5056983Z #13 12.32 
2025-08-16T21:04:22.5057319Z #13 12.32 [notice] A new release of pip is available: 25.0.1 -> 25.2
2025-08-16T21:04:22.5057902Z #13 12.32 [notice] To update, run: pip install --upgrade pip
2025-08-16T21:04:22.6322499Z #13 DONE 12.6s
2025-08-16T21:04:22.7499690Z 
2025-08-16T21:04:22.7500615Z #14 [base  5/12] COPY services/api/ ./services/api
2025-08-16T21:04:22.7501206Z #14 DONE 0.1s
2025-08-16T21:04:22.7501395Z 
2025-08-16T21:04:22.7501610Z #15 [base  6/12] COPY services/common/ ./services/common
2025-08-16T21:04:22.7502114Z #15 DONE 0.0s
2025-08-16T21:04:22.7502302Z 
2025-08-16T21:04:22.7502514Z #16 [base  7/12] COPY services/ingest/ ./services/ingest
2025-08-16T21:04:22.7503027Z #16 DONE 0.0s
2025-08-16T21:04:22.7503212Z 
2025-08-16T21:04:22.7503401Z #17 [base  8/12] COPY services/etl/ ./services/etl
2025-08-16T21:04:22.7503929Z #17 DONE 0.0s
2025-08-16T21:04:22.8520706Z 
2025-08-16T21:04:22.8521357Z #18 [base  9/12] COPY services/api/alembic.ini ./alembic.ini
2025-08-16T21:04:22.8521890Z #18 DONE 0.0s
2025-08-16T21:04:22.8522057Z 
2025-08-16T21:04:22.8522196Z #19 [base 10/12] COPY alembic/ ./alembic/
2025-08-16T21:04:22.8522903Z #19 DONE 0.0s
2025-08-16T21:04:22.8523078Z 
2025-08-16T21:04:22.8523315Z #20 [base 11/12] COPY services/api/entrypoint.sh ./entrypoint.sh
2025-08-16T21:04:22.8524031Z #20 DONE 0.0s
2025-08-16T21:04:22.8524208Z 
2025-08-16T21:04:22.8524367Z #21 [base 12/12] RUN chmod +x ./entrypoint.sh
2025-08-16T21:04:22.8525134Z #21 DONE 0.1s
2025-08-16T21:04:23.5886607Z 
2025-08-16T21:04:23.5887362Z #22 [stage-1 4/6] COPY --from=base /usr/local /usr/local
2025-08-16T21:04:25.1646327Z #22 DONE 1.6s
2025-08-16T21:04:25.3151448Z 
2025-08-16T21:04:25.3153184Z #23 [stage-1 5/6] COPY --from=base /app /app
2025-08-16T21:04:25.3154029Z #23 DONE 0.1s
2025-08-16T21:04:25.3154361Z 
2025-08-16T21:04:25.3154557Z #24 [stage-1 6/6] RUN chmod +x /app/entrypoint.sh
2025-08-16T21:04:25.3155096Z #24 DONE 0.1s
2025-08-16T21:04:25.4671723Z 
2025-08-16T21:04:25.4672166Z #25 exporting to docker image format
2025-08-16T21:04:25.4672617Z #25 exporting layers
2025-08-16T21:04:30.1123334Z #25 exporting layers 4.8s done
2025-08-16T21:04:30.2686219Z #25 exporting manifest sha256:024a6fac2542ccac94f898c5cc9c8f1c543b6cb06a8a9f90222643e62198d0e8 done
2025-08-16T21:04:30.2688184Z #25 exporting config sha256:63588da63c0e39d4c91e0c36cf52672f265c46294b603e6de135ac3e68e65065 done
2025-08-16T21:04:30.2688971Z #25 sending tarball
2025-08-16T21:04:30.6775169Z #25 ...
2025-08-16T21:04:30.6775716Z 
2025-08-16T21:04:30.6775938Z #26 importing to docker
2025-08-16T21:04:30.8286356Z #26 loading layer e6a3842ebc7f 327.68kB / 29.77MB
2025-08-16T21:04:31.5507024Z #26 loading layer 11a4ec4d004e 32.77kB / 1.29MB
2025-08-16T21:04:31.7348760Z #26 loading layer 07cd4433de32 131.07kB / 12.11MB
2025-08-16T21:04:32.3019222Z #26 loading layer e33228fe7708 251B / 251B
2025-08-16T21:04:32.4905028Z #26 loading layer c017b31d00e8 92B / 92B
2025-08-16T21:04:32.4905574Z #26 loading layer 3f1b57340cd2 196.61kB / 19.48MB
2025-08-16T21:04:33.2523819Z #26 loading layer a4fafe325bc5 524.29kB / 51.21MB
2025-08-16T21:04:35.3505887Z #26 loading layer a4fafe325bc5 49.81MB / 51.21MB 2.1s
2025-08-16T21:04:35.6038926Z #26 loading layer cd187258e676 21.88kB / 21.88kB
2025-08-16T21:04:35.6820767Z #26 loading layer e6a3842ebc7f 29.77MB / 29.77MB 5.0s done
2025-08-16T21:04:35.6821602Z #26 loading layer 11a4ec4d004e 1.29MB / 1.29MB 4.1s done
2025-08-16T21:04:35.6822401Z #26 loading layer 07cd4433de32 12.11MB / 12.11MB 3.9s done
2025-08-16T21:04:35.6823067Z #26 loading layer e33228fe7708 251B / 251B 3.4s done
2025-08-16T21:04:35.6823725Z #26 loading layer c017b31d00e8 92B / 92B 3.4s done
2025-08-16T21:04:35.6824351Z #26 loading layer 3f1b57340cd2 19.48MB / 19.48MB 3.3s done
2025-08-16T21:04:35.6824949Z #26 loading layer a4fafe325bc5 51.21MB / 51.21MB 2.4s done
2025-08-16T21:04:35.6825532Z #26 loading layer cd187258e676 21.88kB / 21.88kB 0.1s done
2025-08-16T21:04:35.6826096Z #26 loading layer 5f70bf18a086 32B / 32B 0.0s done
2025-08-16T21:04:35.6826545Z #26 DONE 5.0s
2025-08-16T21:04:35.6826732Z 
2025-08-16T21:04:35.6826888Z #25 exporting to docker image format
2025-08-16T21:04:35.6827333Z #25 sending tarball 5.5s done
2025-08-16T21:04:35.6827692Z #25 DONE 10.3s
2025-08-16T21:04:35.8083400Z Post job cleanup.
2025-08-16T21:04:35.9420615Z [warning]Path Validation Error: Path(s) specified in the action for caching do(es) not exist, hence no cache is being saved.
2025-08-16T21:04:35.9511164Z Post job cleanup.
2025-08-16T21:04:36.2253353Z ##[group]Removing builder
2025-08-16T21:04:36.3495999Z [command]/usr/bin/docker buildx rm builder-f4771c74-9cbf-4776-b206-2e86c7b2c172
2025-08-16T21:04:37.2353447Z builder-f4771c74-9cbf-4776-b206-2e86c7b2c172 removed
2025-08-16T21:04:37.2388091Z ##[endgroup]
2025-08-16T21:04:37.2389999Z ##[group]Cleaning up certificates
2025-08-16T21:04:37.2396888Z ##[endgroup]
2025-08-16T21:04:37.2399973Z ##[group]Post cache
2025-08-16T21:04:37.2400457Z State not set
2025-08-16T21:04:37.2401104Z ##[endgroup]
2025-08-16T21:04:37.2530535Z Post job cleanup.
2025-08-16T21:04:37.3463353Z [command]/usr/bin/git version
2025-08-16T21:04:37.3499873Z git version 2.50.1
2025-08-16T21:04:37.3551073Z Temporarily overriding HOME='/home/runner/work/_temp/bce52d8d-bac9-48e2-b7dd-7434bdd9521c' before making global git config changes
2025-08-16T21:04:37.3552321Z Adding repository directory to the temporary git global config as a safe directory
2025-08-16T21:04:37.3556648Z [command]/usr/bin/git config --global --add safe.directory /home/runner/work/AWA-App/AWA-App
2025-08-16T21:04:37.3592911Z [command]/usr/bin/git config --local --name-only --get-regexp core\.sshCommand
2025-08-16T21:04:37.3627003Z [command]/usr/bin/git submodule foreach --recursive sh -c "git config --local --name-only --get-regexp 'core\.sshCommand' && git config --local --unset-all 'core.sshCommand' || :"
2025-08-16T21:04:37.3863609Z [command]/usr/bin/git config --local --name-only --get-regexp http\.https\:\/\/github\.com\/\.extraheader
2025-08-16T21:04:37.3884565Z http.https://github.com/.extraheader
2025-08-16T21:04:37.3897064Z [command]/usr/bin/git config --local --unset-all http.https://github.com/.extraheader
2025-08-16T21:04:37.3927724Z [command]/usr/bin/git submodule foreach --recursive sh -c "git config --local --name-only --get-regexp 'http\.https\:\/\/github\.com\/\.extraheader' && git config --local --unset-all 'http.https://github.com/.extraheader' || :"
2025-08-16T21:04:37.4249767Z Cleaning up orphan processes
