2025-08-18T19:10:12.0624564Z Current runner version: '2.327.1'
2025-08-18T19:10:12.0658147Z ##[group]Runner Image Provisioner
2025-08-18T19:10:12.0659328Z Hosted Compute Agent
2025-08-18T19:10:12.0660370Z Version: 20250818.377
2025-08-18T19:10:12.0661431Z Commit: 3c593e9f75fe0b87e893bca80d6e12ba089c61fc
2025-08-18T19:10:12.0662562Z Build Date: 2025-08-18T14:52:18Z
2025-08-18T19:10:12.0663946Z ##[endgroup]
2025-08-18T19:10:12.0664873Z ##[group]Operating System
2025-08-18T19:10:12.0666021Z Ubuntu
2025-08-18T19:10:12.0666847Z 24.04.2
2025-08-18T19:10:12.0667689Z LTS
2025-08-18T19:10:12.0668435Z ##[endgroup]
2025-08-18T19:10:12.0669477Z ##[group]Runner Image
2025-08-18T19:10:12.0670435Z Image: ubuntu-24.04
2025-08-18T19:10:12.0671330Z Version: 20250810.1.0
2025-08-18T19:10:12.0673053Z Included Software: https://github.com/actions/runner-images/blob/ubuntu24/20250810.1/images/ubuntu/Ubuntu2404-Readme.md
2025-08-18T19:10:12.0675950Z Image Release: https://github.com/actions/runner-images/releases/tag/ubuntu24%2F20250810.1
2025-08-18T19:10:12.0677609Z ##[endgroup]
2025-08-18T19:10:12.0681964Z ##[group]GITHUB_TOKEN Permissions
2025-08-18T19:10:12.0684990Z Actions: write
2025-08-18T19:10:12.0686034Z Attestations: write
2025-08-18T19:10:12.0686910Z Checks: write
2025-08-18T19:10:12.0687807Z Contents: write
2025-08-18T19:10:12.0688723Z Deployments: write
2025-08-18T19:10:12.0689698Z Discussions: write
2025-08-18T19:10:12.0690521Z Issues: write
2025-08-18T19:10:12.0691381Z Metadata: read
2025-08-18T19:10:12.0692209Z Models: read
2025-08-18T19:10:12.0692952Z Packages: write
2025-08-18T19:10:12.0694161Z Pages: write
2025-08-18T19:10:12.0694997Z PullRequests: write
2025-08-18T19:10:12.0695917Z RepositoryProjects: write
2025-08-18T19:10:12.0696831Z SecurityEvents: write
2025-08-18T19:10:12.0697897Z Statuses: write
2025-08-18T19:10:12.0698834Z ##[endgroup]
2025-08-18T19:10:12.0702307Z Secret source: Actions
2025-08-18T19:10:12.0703954Z Prepare workflow directory
2025-08-18T19:10:12.1178584Z Prepare all required actions
2025-08-18T19:10:12.1233030Z Getting action download info
2025-08-18T19:10:12.3687604Z Download action repository 'actions/checkout@v4' (SHA:08eba0b27e820071cde6df949e0beb9ba4906955)
2025-08-18T19:10:12.6244755Z Download action repository 'docker/setup-buildx-action@v3' (SHA:e468171a9de216ec08956ac3ada2f0791b6bd435)
2025-08-18T19:10:12.9310208Z Download action repository 'actions/cache@v4' (SHA:0400d5f644dc74513175e3cd8d07132dd4860809)
2025-08-18T19:10:13.2796835Z Complete job name: container-build
2025-08-18T19:10:13.3485937Z ##[group]Run actions/checkout@v4
2025-08-18T19:10:13.3486849Z with:
2025-08-18T19:10:13.3487287Z   repository: AlexBomber12/AWA-App
2025-08-18T19:10:13.3487985Z   token: ***
2025-08-18T19:10:13.3488400Z   ssh-strict: true
2025-08-18T19:10:13.3488815Z   ssh-user: git
2025-08-18T19:10:13.3489242Z   persist-credentials: true
2025-08-18T19:10:13.3489709Z   clean: true
2025-08-18T19:10:13.3490148Z   sparse-checkout-cone-mode: true
2025-08-18T19:10:13.3490661Z   fetch-depth: 1
2025-08-18T19:10:13.3491069Z   fetch-tags: false
2025-08-18T19:10:13.3491517Z   show-progress: true
2025-08-18T19:10:13.3491941Z   lfs: false
2025-08-18T19:10:13.3492337Z   submodules: false
2025-08-18T19:10:13.3492759Z   set-safe-directory: true
2025-08-18T19:10:13.3493623Z ##[endgroup]
2025-08-18T19:10:13.4555549Z Syncing repository: AlexBomber12/AWA-App
2025-08-18T19:10:13.4558282Z ##[group]Getting Git version info
2025-08-18T19:10:13.4559370Z Working directory is '/home/runner/work/AWA-App/AWA-App'
2025-08-18T19:10:13.4561302Z [command]/usr/bin/git version
2025-08-18T19:10:13.4582405Z git version 2.50.1
2025-08-18T19:10:13.4608075Z ##[endgroup]
2025-08-18T19:10:13.4621378Z Temporarily overriding HOME='/home/runner/work/_temp/288ba6a7-05d4-4326-935e-61440f53766b' before making global git config changes
2025-08-18T19:10:13.4622818Z Adding repository directory to the temporary git global config as a safe directory
2025-08-18T19:10:13.4626512Z [command]/usr/bin/git config --global --add safe.directory /home/runner/work/AWA-App/AWA-App
2025-08-18T19:10:13.4658817Z Deleting the contents of '/home/runner/work/AWA-App/AWA-App'
2025-08-18T19:10:13.4662250Z ##[group]Initializing the repository
2025-08-18T19:10:13.4666140Z [command]/usr/bin/git init /home/runner/work/AWA-App/AWA-App
2025-08-18T19:10:13.4717023Z hint: Using 'master' as the name for the initial branch. This default branch name
2025-08-18T19:10:13.4718818Z hint: is subject to change. To configure the initial branch name to use in all
2025-08-18T19:10:13.4720461Z hint: of your new repositories, which will suppress this warning, call:
2025-08-18T19:10:13.4721217Z hint:
2025-08-18T19:10:13.4721736Z hint: 	git config --global init.defaultBranch <name>
2025-08-18T19:10:13.4722333Z hint:
2025-08-18T19:10:13.4722893Z hint: Names commonly chosen instead of 'master' are 'main', 'trunk' and
2025-08-18T19:10:13.4724224Z hint: 'development'. The just-created branch can be renamed via this command:
2025-08-18T19:10:13.4725411Z hint:
2025-08-18T19:10:13.4725828Z hint: 	git branch -m <name>
2025-08-18T19:10:13.4726307Z hint:
2025-08-18T19:10:13.4726939Z hint: Disable this message with "git config set advice.defaultBranchName false"
2025-08-18T19:10:13.4727954Z Initialized empty Git repository in /home/runner/work/AWA-App/AWA-App/.git/
2025-08-18T19:10:13.4729998Z [command]/usr/bin/git remote add origin https://github.com/AlexBomber12/AWA-App
2025-08-18T19:10:13.4760173Z ##[endgroup]
2025-08-18T19:10:13.4760937Z ##[group]Disabling automatic garbage collection
2025-08-18T19:10:13.4764340Z [command]/usr/bin/git config --local gc.auto 0
2025-08-18T19:10:13.4791079Z ##[endgroup]
2025-08-18T19:10:13.4791786Z ##[group]Setting up auth
2025-08-18T19:10:13.4797540Z [command]/usr/bin/git config --local --name-only --get-regexp core\.sshCommand
2025-08-18T19:10:13.4826812Z [command]/usr/bin/git submodule foreach --recursive sh -c "git config --local --name-only --get-regexp 'core\.sshCommand' && git config --local --unset-all 'core.sshCommand' || :"
2025-08-18T19:10:13.5072776Z [command]/usr/bin/git config --local --name-only --get-regexp http\.https\:\/\/github\.com\/\.extraheader
2025-08-18T19:10:13.5101456Z [command]/usr/bin/git submodule foreach --recursive sh -c "git config --local --name-only --get-regexp 'http\.https\:\/\/github\.com\/\.extraheader' && git config --local --unset-all 'http.https://github.com/.extraheader' || :"
2025-08-18T19:10:13.5318317Z [command]/usr/bin/git config --local http.https://github.com/.extraheader AUTHORIZATION: basic ***
2025-08-18T19:10:13.5351724Z ##[endgroup]
2025-08-18T19:10:13.5352582Z ##[group]Fetching the repository
2025-08-18T19:10:13.5359988Z [command]/usr/bin/git -c protocol.version=2 fetch --no-tags --prune --no-recurse-submodules --depth=1 origin +e83a8cc16174cdcfb0a45494d736689ad131a43c:refs/remotes/pull/251/merge
2025-08-18T19:10:13.8316327Z From https://github.com/AlexBomber12/AWA-App
2025-08-18T19:10:13.8317758Z  * [new ref]         e83a8cc16174cdcfb0a45494d736689ad131a43c -> pull/251/merge
2025-08-18T19:10:13.8339761Z ##[endgroup]
2025-08-18T19:10:13.8340868Z ##[group]Determining the checkout info
2025-08-18T19:10:13.8342525Z ##[endgroup]
2025-08-18T19:10:13.8346813Z [command]/usr/bin/git sparse-checkout disable
2025-08-18T19:10:13.8386179Z [command]/usr/bin/git config --local --unset-all extensions.worktreeConfig
2025-08-18T19:10:13.8415190Z ##[group]Checking out the ref
2025-08-18T19:10:13.8419103Z [command]/usr/bin/git checkout --progress --force refs/remotes/pull/251/merge
2025-08-18T19:10:13.8752611Z Note: switching to 'refs/remotes/pull/251/merge'.
2025-08-18T19:10:13.8754147Z 
2025-08-18T19:10:13.8754804Z You are in 'detached HEAD' state. You can look around, make experimental
2025-08-18T19:10:13.8757493Z changes and commit them, and you can discard any commits you make in this
2025-08-18T19:10:13.8760002Z state without impacting any branches by switching back to a branch.
2025-08-18T19:10:13.8761543Z 
2025-08-18T19:10:13.8762684Z If you want to create a new branch to retain commits you create, you may
2025-08-18T19:10:13.8765421Z do so (now or later) by using -c with the switch command. Example:
2025-08-18T19:10:13.8767233Z 
2025-08-18T19:10:13.8767756Z   git switch -c <new-branch-name>
2025-08-18T19:10:13.8768749Z 
2025-08-18T19:10:13.8769214Z Or undo this operation with:
2025-08-18T19:10:13.8770013Z 
2025-08-18T19:10:13.8770437Z   git switch -
2025-08-18T19:10:13.8771058Z 
2025-08-18T19:10:13.8772089Z Turn off this advice by setting config variable advice.detachedHead to false
2025-08-18T19:10:13.8773859Z 
2025-08-18T19:10:13.8775397Z HEAD is now at e83a8cc Merge 03ae8242ce323750c962bd62de0b9ab68d79f8a7 into 1047218fc8b243a102c6789e4368feb5091b32e9
2025-08-18T19:10:13.8779144Z ##[endgroup]
2025-08-18T19:10:13.8803093Z [command]/usr/bin/git log -1 --format=%H
2025-08-18T19:10:13.8825701Z e83a8cc16174cdcfb0a45494d736689ad131a43c
2025-08-18T19:10:13.9114943Z ##[group]Run docker/setup-buildx-action@v3
2025-08-18T19:10:13.9116119Z with:
2025-08-18T19:10:13.9116858Z   driver: docker-container
2025-08-18T19:10:13.9117790Z   install: false
2025-08-18T19:10:13.9118556Z   use: true
2025-08-18T19:10:13.9119331Z   keep-state: false
2025-08-18T19:10:13.9120150Z   cache-binary: true
2025-08-18T19:10:13.9120960Z   cleanup: true
2025-08-18T19:10:13.9121729Z ##[endgroup]
2025-08-18T19:10:14.2073553Z ##[group]Docker info
2025-08-18T19:10:14.2095751Z [command]/usr/bin/docker version
2025-08-18T19:10:14.2470343Z Client: Docker Engine - Community
2025-08-18T19:10:14.2473845Z  Version:           28.0.4
2025-08-18T19:10:14.2475183Z  API version:       1.48
2025-08-18T19:10:14.2476623Z  Go version:        go1.23.7
2025-08-18T19:10:14.2478122Z  Git commit:        b8034c0
2025-08-18T19:10:14.2479576Z  Built:             Tue Mar 25 15:07:16 2025
2025-08-18T19:10:14.2481180Z  OS/Arch:           linux/amd64
2025-08-18T19:10:14.2482655Z  Context:           default
2025-08-18T19:10:14.2483348Z 
2025-08-18T19:10:14.2483901Z Server: Docker Engine - Community
2025-08-18T19:10:14.2484832Z  Engine:
2025-08-18T19:10:14.2485508Z   Version:          28.0.4
2025-08-18T19:10:14.2486450Z   API version:      1.48 (minimum version 1.24)
2025-08-18T19:10:14.2487586Z   Go version:       go1.23.7
2025-08-18T19:10:14.2488461Z   Git commit:       6430e49
2025-08-18T19:10:14.2489367Z   Built:            Tue Mar 25 15:07:16 2025
2025-08-18T19:10:14.2490387Z   OS/Arch:          linux/amd64
2025-08-18T19:10:14.2491298Z   Experimental:     false
2025-08-18T19:10:14.2492112Z  containerd:
2025-08-18T19:10:14.2492822Z   Version:          1.7.27
2025-08-18T19:10:14.2494031Z   GitCommit:        05044ec0a9a75232cad458027ca83437aae3f4da
2025-08-18T19:10:14.2495184Z  runc:
2025-08-18T19:10:14.2495843Z   Version:          1.2.5
2025-08-18T19:10:14.2496704Z   GitCommit:        v1.2.5-0-g59923ef
2025-08-18T19:10:14.2497663Z  docker-init:
2025-08-18T19:10:14.2498381Z   Version:          0.19.0
2025-08-18T19:10:14.2499234Z   GitCommit:        de40ad0
2025-08-18T19:10:14.2520016Z [command]/usr/bin/docker info
2025-08-18T19:10:16.5648922Z Client: Docker Engine - Community
2025-08-18T19:10:16.5650701Z  Version:    28.0.4
2025-08-18T19:10:16.5651264Z  Context:    default
2025-08-18T19:10:16.5651898Z  Debug Mode: false
2025-08-18T19:10:16.5652460Z  Plugins:
2025-08-18T19:10:16.5653062Z   buildx: Docker Buildx (Docker Inc.)
2025-08-18T19:10:16.5653789Z     Version:  v0.26.1
2025-08-18T19:10:16.5654428Z     Path:     /usr/libexec/docker/cli-plugins/docker-buildx
2025-08-18T19:10:16.5655227Z   compose: Docker Compose (Docker Inc.)
2025-08-18T19:10:16.5655769Z     Version:  v2.38.2
2025-08-18T19:10:16.5656323Z     Path:     /usr/libexec/docker/cli-plugins/docker-compose
2025-08-18T19:10:16.5656757Z 
2025-08-18T19:10:16.5656945Z Server:
2025-08-18T19:10:16.5657337Z  Containers: 0
2025-08-18T19:10:16.5657768Z   Running: 0
2025-08-18T19:10:16.5658297Z   Paused: 0
2025-08-18T19:10:16.5658781Z   Stopped: 0
2025-08-18T19:10:16.5659245Z  Images: 0
2025-08-18T19:10:16.5659671Z  Server Version: 28.0.4
2025-08-18T19:10:16.5660152Z  Storage Driver: overlay2
2025-08-18T19:10:16.5660662Z   Backing Filesystem: extfs
2025-08-18T19:10:16.5661160Z   Supports d_type: true
2025-08-18T19:10:16.5661995Z   Using metacopy: false
2025-08-18T19:10:16.5662496Z   Native Overlay Diff: false
2025-08-18T19:10:16.5663005Z   userxattr: false
2025-08-18T19:10:16.5663748Z  Logging Driver: json-file
2025-08-18T19:10:16.5664123Z  Cgroup Driver: systemd
2025-08-18T19:10:16.5664488Z  Cgroup Version: 2
2025-08-18T19:10:16.5733322Z  Plugins:
2025-08-18T19:10:16.5734278Z   Volume: local
2025-08-18T19:10:16.5734967Z   Network: bridge host ipvlan macvlan null overlay
2025-08-18T19:10:16.5736001Z   Log: awslogs fluentd gcplogs gelf journald json-file local splunk syslog
2025-08-18T19:10:16.5736831Z  Swarm: inactive
2025-08-18T19:10:16.5737388Z  Runtimes: io.containerd.runc.v2 runc
2025-08-18T19:10:16.5737837Z  Default Runtime: runc
2025-08-18T19:10:16.5738604Z  Init Binary: docker-init
2025-08-18T19:10:16.5739113Z  containerd version: 05044ec0a9a75232cad458027ca83437aae3f4da
2025-08-18T19:10:16.5739614Z  runc version: v1.2.5-0-g59923ef
2025-08-18T19:10:16.5740042Z  init version: de40ad0
2025-08-18T19:10:16.5740427Z  Security Options:
2025-08-18T19:10:16.5740801Z   apparmor
2025-08-18T19:10:16.5741146Z   seccomp
2025-08-18T19:10:16.5741503Z    Profile: builtin
2025-08-18T19:10:16.5741876Z   cgroupns
2025-08-18T19:10:16.5742238Z  Kernel Version: 6.11.0-1018-azure
2025-08-18T19:10:16.5742680Z  Operating System: Ubuntu 24.04.2 LTS
2025-08-18T19:10:16.5743099Z  OSType: linux
2025-08-18T19:10:16.5743713Z  Architecture: x86_64
2025-08-18T19:10:16.5744126Z  CPUs: 4
2025-08-18T19:10:16.5744480Z  Total Memory: 15.62GiB
2025-08-18T19:10:16.5744873Z  Name: pkrvmubgrv54qmi
2025-08-18T19:10:16.5745294Z  ID: 2166c256-3f30-4fc2-abf1-e8d653854173
2025-08-18T19:10:16.5745737Z  Docker Root Dir: /var/lib/docker
2025-08-18T19:10:16.5746129Z  Debug Mode: false
2025-08-18T19:10:16.5746479Z  Username: githubactions
2025-08-18T19:10:16.5746833Z  Experimental: false
2025-08-18T19:10:16.5747180Z  Insecure Registries:
2025-08-18T19:10:16.5751808Z   ::1/128
2025-08-18T19:10:16.5752369Z   127.0.0.0/8
2025-08-18T19:10:16.5752870Z  Live Restore Enabled: false
2025-08-18T19:10:16.5753247Z 
2025-08-18T19:10:16.5754829Z ##[endgroup]
2025-08-18T19:10:16.6614135Z ##[group]Buildx version
2025-08-18T19:10:16.6637024Z [command]/usr/bin/docker buildx version
2025-08-18T19:10:16.7191610Z github.com/docker/buildx v0.26.1 1a8287f22cf5a38339a4c1bf432b803c5f8b2aae
2025-08-18T19:10:16.7222516Z ##[endgroup]
2025-08-18T19:10:16.7376812Z ##[group]Inspecting default docker context
2025-08-18T19:10:16.7512506Z [
2025-08-18T19:10:16.7513158Z   {
2025-08-18T19:10:16.7513955Z     "Name": "default",
2025-08-18T19:10:16.7514316Z     "Metadata": {},
2025-08-18T19:10:16.7514669Z     "Endpoints": {
2025-08-18T19:10:16.7514994Z       "docker": {
2025-08-18T19:10:16.7515359Z         "Host": "unix:///var/run/docker.sock",
2025-08-18T19:10:16.7515950Z         "SkipTLSVerify": false
2025-08-18T19:10:16.7516340Z       }
2025-08-18T19:10:16.7516637Z     },
2025-08-18T19:10:16.7517017Z     "TLSMaterial": {},
2025-08-18T19:10:16.7517430Z     "Storage": {
2025-08-18T19:10:16.7517904Z       "MetadataPath": "<IN MEMORY>",
2025-08-18T19:10:16.7518337Z       "TLSPath": "<IN MEMORY>"
2025-08-18T19:10:16.7518696Z     }
2025-08-18T19:10:16.7518993Z   }
2025-08-18T19:10:16.7519383Z ]
2025-08-18T19:10:16.7520103Z ##[endgroup]
2025-08-18T19:10:16.7520813Z ##[group]Creating a new builder instance
2025-08-18T19:10:16.8874629Z [command]/usr/bin/docker buildx create --name builder-cd889f8e-ebdc-4f59-9e92-68b3544dfac9 --driver docker-container --buildkitd-flags --allow-insecure-entitlement security.insecure --allow-insecure-entitlement network.host --use
2025-08-18T19:10:16.9700358Z builder-cd889f8e-ebdc-4f59-9e92-68b3544dfac9
2025-08-18T19:10:16.9735002Z ##[endgroup]
2025-08-18T19:10:16.9735990Z ##[group]Booting builder
2025-08-18T19:10:16.9777050Z [command]/usr/bin/docker buildx inspect --bootstrap --builder builder-cd889f8e-ebdc-4f59-9e92-68b3544dfac9
2025-08-18T19:10:17.0328623Z #1 [internal] booting buildkit
2025-08-18T19:10:17.1834036Z #1 pulling image moby/buildkit:buildx-stable-1
2025-08-18T19:10:19.6440765Z #1 pulling image moby/buildkit:buildx-stable-1 2.6s done
2025-08-18T19:10:19.7941893Z #1 creating container buildx_buildkit_builder-cd889f8e-ebdc-4f59-9e92-68b3544dfac90
2025-08-18T19:10:20.0225581Z #1 creating container buildx_buildkit_builder-cd889f8e-ebdc-4f59-9e92-68b3544dfac90 0.4s done
2025-08-18T19:10:20.0279068Z #1 DONE 3.0s
2025-08-18T19:10:20.0618942Z Name:          builder-cd889f8e-ebdc-4f59-9e92-68b3544dfac9
2025-08-18T19:10:20.0619511Z Driver:        docker-container
2025-08-18T19:10:20.0621068Z Last Activity: 2025-08-18 19:10:16 +0000 UTC
2025-08-18T19:10:20.0621621Z 
2025-08-18T19:10:20.0621798Z Nodes:
2025-08-18T19:10:20.0625581Z Name:                  builder-cd889f8e-ebdc-4f59-9e92-68b3544dfac90
2025-08-18T19:10:20.0626994Z Endpoint:              unix:///var/run/docker.sock
2025-08-18T19:10:20.0627933Z Status:                running
2025-08-18T19:10:20.0628933Z BuildKit daemon flags: --allow-insecure-entitlement security.insecure --allow-insecure-entitlement network.host
2025-08-18T19:10:20.0629838Z BuildKit version:      v0.22.0
2025-08-18T19:10:20.0630380Z Platforms:             linux/amd64, linux/amd64/v2, linux/amd64/v3, linux/386
2025-08-18T19:10:20.0630928Z Labels:
2025-08-18T19:10:20.0631344Z  org.mobyproject.buildkit.worker.executor:         oci
2025-08-18T19:10:20.0632047Z  org.mobyproject.buildkit.worker.hostname:         2e72efd74089
2025-08-18T19:10:20.0632737Z  org.mobyproject.buildkit.worker.network:          host
2025-08-18T19:10:20.0633644Z  org.mobyproject.buildkit.worker.oci.process-mode: sandbox
2025-08-18T19:10:20.0634354Z  org.mobyproject.buildkit.worker.selinux.enabled:  false
2025-08-18T19:10:20.0635070Z  org.mobyproject.buildkit.worker.snapshotter:      overlayfs
2025-08-18T19:10:20.0635609Z GC Policy rule#0:
2025-08-18T19:10:20.0635973Z  All:            false
2025-08-18T19:10:20.0636525Z  Filters:        type==source.local,type==exec.cachemount,type==source.git.checkout
2025-08-18T19:10:20.0637227Z  Keep Duration:  48h0m0s
2025-08-18T19:10:20.0637495Z  Max Used Space: 488.3MiB
2025-08-18T19:10:20.0637696Z GC Policy rule#1:
2025-08-18T19:10:20.0637880Z  All:            false
2025-08-18T19:10:20.0638062Z  Keep Duration:  1440h0m0s
2025-08-18T19:10:20.0638259Z  Reserved Space: 7.451GiB
2025-08-18T19:10:20.0638441Z  Max Used Space: 54.02GiB
2025-08-18T19:10:20.0638642Z  Min Free Space: 13.97GiB
2025-08-18T19:10:20.0638820Z GC Policy rule#2:
2025-08-18T19:10:20.0638988Z  All:            false
2025-08-18T19:10:20.0639159Z  Reserved Space: 7.451GiB
2025-08-18T19:10:20.0639343Z  Max Used Space: 54.02GiB
2025-08-18T19:10:20.0639532Z  Min Free Space: 13.97GiB
2025-08-18T19:10:20.0639708Z GC Policy rule#3:
2025-08-18T19:10:20.0639923Z  All:            true
2025-08-18T19:10:20.0640214Z  Reserved Space: 7.451GiB
2025-08-18T19:10:20.0640565Z  Max Used Space: 54.02GiB
2025-08-18T19:10:20.0640892Z  Min Free Space: 13.97GiB
2025-08-18T19:10:20.0671644Z ##[endgroup]
2025-08-18T19:10:20.1586131Z ##[group]Inspect builder
2025-08-18T19:10:20.1588315Z {
2025-08-18T19:10:20.1588584Z   "nodes": [
2025-08-18T19:10:20.1588876Z     {
2025-08-18T19:10:20.1589275Z       "name": "builder-cd889f8e-ebdc-4f59-9e92-68b3544dfac90",
2025-08-18T19:10:20.1589861Z       "endpoint": "unix:///var/run/docker.sock",
2025-08-18T19:10:20.1590316Z       "status": "running",
2025-08-18T19:10:20.1591156Z       "buildkitd-flags": "--allow-insecure-entitlement security.insecure --allow-insecure-entitlement network.host",
2025-08-18T19:10:20.1592044Z       "buildkit": "v0.22.0",
2025-08-18T19:10:20.1592584Z       "platforms": "linux/amd64,linux/amd64/v2,linux/amd64/v3,linux/386",
2025-08-18T19:10:20.1593160Z       "features": {
2025-08-18T19:10:20.1593975Z         "Automatically load images to the Docker Engine image store": true,
2025-08-18T19:10:20.1594608Z         "Cache export": true,
2025-08-18T19:10:20.1594978Z         "Direct push": true,
2025-08-18T19:10:20.1595420Z         "Docker exporter": true,
2025-08-18T19:10:20.1595826Z         "Multi-platform build": true,
2025-08-18T19:10:20.1596263Z         "OCI exporter": true
2025-08-18T19:10:20.1596935Z       },
2025-08-18T19:10:20.1597403Z       "labels": {
2025-08-18T19:10:20.1597819Z         "org.mobyproject.buildkit.worker.executor": "oci",
2025-08-18T19:10:20.1598485Z         "org.mobyproject.buildkit.worker.hostname": "2e72efd74089",
2025-08-18T19:10:20.1599079Z         "org.mobyproject.buildkit.worker.network": "host",
2025-08-18T19:10:20.1599708Z         "org.mobyproject.buildkit.worker.oci.process-mode": "sandbox",
2025-08-18T19:10:20.1600375Z         "org.mobyproject.buildkit.worker.selinux.enabled": "false",
2025-08-18T19:10:20.1601025Z         "org.mobyproject.buildkit.worker.snapshotter": "overlayfs"
2025-08-18T19:10:20.1601522Z       },
2025-08-18T19:10:20.1601754Z       "gcPolicy": [
2025-08-18T19:10:20.1602249Z         {
2025-08-18T19:10:20.1602506Z           "all": false,
2025-08-18T19:10:20.1602785Z           "filter": [
2025-08-18T19:10:20.1603069Z             "type==source.local",
2025-08-18T19:10:20.1603822Z             "type==exec.cachemount",
2025-08-18T19:10:20.1604218Z             "type==source.git.checkout"
2025-08-18T19:10:20.1604535Z           ],
2025-08-18T19:10:20.1604792Z           "keepDuration": "48h0m0s",
2025-08-18T19:10:20.1605154Z           "maxUsedSpace": "488.3MiB"
2025-08-18T19:10:20.1605485Z         },
2025-08-18T19:10:20.1605717Z         {
2025-08-18T19:10:20.1605969Z           "all": false,
2025-08-18T19:10:20.1606279Z           "keepDuration": "1440h0m0s",
2025-08-18T19:10:20.1606658Z           "reservedSpace": "7.451GiB",
2025-08-18T19:10:20.1607033Z           "maxUsedSpace": "54.02GiB",
2025-08-18T19:10:20.1607395Z           "minFreeSpace": "13.97GiB"
2025-08-18T19:10:20.1607738Z         },
2025-08-18T19:10:20.1607970Z         {
2025-08-18T19:10:20.1608221Z           "all": false,
2025-08-18T19:10:20.1608529Z           "reservedSpace": "7.451GiB",
2025-08-18T19:10:20.1608898Z           "maxUsedSpace": "54.02GiB",
2025-08-18T19:10:20.1609251Z           "minFreeSpace": "13.97GiB"
2025-08-18T19:10:20.1609588Z         },
2025-08-18T19:10:20.1609831Z         {
2025-08-18T19:10:20.1610073Z           "all": true,
2025-08-18T19:10:20.1610376Z           "reservedSpace": "7.451GiB",
2025-08-18T19:10:20.1610756Z           "maxUsedSpace": "54.02GiB",
2025-08-18T19:10:20.1611117Z           "minFreeSpace": "13.97GiB"
2025-08-18T19:10:20.1611450Z         }
2025-08-18T19:10:20.1611689Z       ]
2025-08-18T19:10:20.1611919Z     }
2025-08-18T19:10:20.1612147Z   ],
2025-08-18T19:10:20.1612481Z   "name": "builder-cd889f8e-ebdc-4f59-9e92-68b3544dfac9",
2025-08-18T19:10:20.1612967Z   "driver": "docker-container",
2025-08-18T19:10:20.1613339Z   "lastActivity": "2025-08-18T19:10:16.000Z"
2025-08-18T19:10:20.1614116Z }
2025-08-18T19:10:20.1614616Z ##[endgroup]
2025-08-18T19:10:20.1615118Z ##[group]BuildKit version
2025-08-18T19:10:20.1615543Z builder-cd889f8e-ebdc-4f59-9e92-68b3544dfac90: v0.22.0
2025-08-18T19:10:20.1616200Z ##[endgroup]
2025-08-18T19:10:20.3047880Z ##[group]Run actions/cache@v4
2025-08-18T19:10:20.3048122Z with:
2025-08-18T19:10:20.3048295Z   path: ~/.cache/pip
2025-08-18T19:10:20.3048677Z   key: Linux-pip-962af969ce86669e9723e3a4844fbdd5bcbec3ea4da2ca7eda483f43d2994e0e
2025-08-18T19:10:20.3049088Z   enableCrossOsArchive: false
2025-08-18T19:10:20.3049316Z   fail-on-cache-miss: false
2025-08-18T19:10:20.3049528Z   lookup-only: false
2025-08-18T19:10:20.3049704Z   save-always: false
2025-08-18T19:10:20.3049877Z ##[endgroup]
2025-08-18T19:10:20.5342717Z Cache not found for input keys: Linux-pip-962af969ce86669e9723e3a4844fbdd5bcbec3ea4da2ca7eda483f43d2994e0e
2025-08-18T19:10:20.5441688Z ##[group]Run docker buildx build \
2025-08-18T19:10:20.5441997Z [36;1mdocker buildx build \[0m
2025-08-18T19:10:20.5442397Z [36;1m  --tag ghcr.io/alexbomber12/awa-app/api:e83a8cc16174cdcfb0a45494d736689ad131a43c \[0m
2025-08-18T19:10:20.5442915Z [36;1m  --build-arg TZ_CACHE_BUST=e83a8cc16174cdcfb0a45494d736689ad131a43c \[0m
2025-08-18T19:10:20.5443270Z [36;1m  --file services/api/Dockerfile \[0m
2025-08-18T19:10:20.5444056Z [36;1m  --load .[0m
2025-08-18T19:10:20.5512215Z shell: /usr/bin/bash -e {0}
2025-08-18T19:10:20.5512452Z ##[endgroup]
2025-08-18T19:10:20.8799508Z #0 building with "builder-cd889f8e-ebdc-4f59-9e92-68b3544dfac9" instance using docker-container driver
2025-08-18T19:10:20.8800095Z 
2025-08-18T19:10:20.8800262Z #1 [internal] load build definition from Dockerfile
2025-08-18T19:10:20.8800678Z #1 transferring dockerfile: 1.48kB done
2025-08-18T19:10:20.8800998Z #1 DONE 0.0s
2025-08-18T19:10:20.8801129Z 
2025-08-18T19:10:20.8801422Z #2 [auth] docker/dockerfile:pull token for registry-1.docker.io
2025-08-18T19:10:20.8801835Z #2 DONE 0.0s
2025-08-18T19:10:20.8801969Z 
2025-08-18T19:10:20.8802310Z #3 resolve image config for docker-image://docker.io/docker/dockerfile:1.6
2025-08-18T19:10:24.7098062Z #3 DONE 4.0s
2025-08-18T19:10:24.8699330Z 
2025-08-18T19:10:24.8701344Z #4 docker-image://docker.io/docker/dockerfile:1.6@sha256:ac85f380a63b13dfcefa89046420e1781752bab202122f8f50032edf31be0021
2025-08-18T19:10:24.8703751Z #4 resolve docker.io/docker/dockerfile:1.6@sha256:ac85f380a63b13dfcefa89046420e1781752bab202122f8f50032edf31be0021 done
2025-08-18T19:10:24.8726348Z #4 sha256:9d9c93f4b00be908ab694a4df732570bced3b8a96b7515d70ff93402179ad232 6.29MB / 11.80MB 0.2s
2025-08-18T19:10:25.0488984Z #4 sha256:9d9c93f4b00be908ab694a4df732570bced3b8a96b7515d70ff93402179ad232 11.80MB / 11.80MB 0.2s done
2025-08-18T19:10:25.0489897Z #4 extracting sha256:9d9c93f4b00be908ab694a4df732570bced3b8a96b7515d70ff93402179ad232 0.1s done
2025-08-18T19:10:25.0490440Z #4 DONE 0.3s
2025-08-18T19:10:25.2657504Z 
2025-08-18T19:10:25.2658000Z #5 [auth] library/python:pull token for registry-1.docker.io
2025-08-18T19:10:25.2658413Z #5 DONE 0.0s
2025-08-18T19:10:25.2658537Z 
2025-08-18T19:10:25.2658750Z #6 [internal] load metadata for docker.io/library/python:3.12-slim
2025-08-18T19:10:25.3748873Z #6 DONE 0.3s
2025-08-18T19:10:25.4901735Z 
2025-08-18T19:10:25.4902350Z #7 [internal] load .dockerignore
2025-08-18T19:10:25.4902864Z #7 transferring context: 265B done
2025-08-18T19:10:25.4903797Z #7 DONE 0.0s
2025-08-18T19:10:25.4904108Z 
2025-08-18T19:10:25.4904254Z #8 [internal] load build context
2025-08-18T19:10:25.4904678Z #8 transferring context: 127.31kB 0.0s done
2025-08-18T19:10:25.4905105Z #8 DONE 0.0s
2025-08-18T19:10:25.4905279Z 
2025-08-18T19:10:25.4905918Z #9 [stage-1 1/6] FROM docker.io/library/python:3.12-slim@sha256:d67a7b66b989ad6b6d6b10d428dcc5e0bfc3e5f88906e67d490c4d3daac57047
2025-08-18T19:10:25.4906996Z #9 resolve docker.io/library/python:3.12-slim@sha256:d67a7b66b989ad6b6d6b10d428dcc5e0bfc3e5f88906e67d490c4d3daac57047 done
2025-08-18T19:10:25.4908100Z #9 sha256:d76206d463c08ba2a3f7bbab2de2a933ad73f33ab4ab813eafe50c9dff9edc12 251B / 251B 0.0s done
2025-08-18T19:10:25.6066535Z #9 sha256:5d587318e932a89b94608393c99dd30ee5092a6991c1656f717bd4f4e13d60df 1.29MB / 1.29MB 0.1s done
2025-08-18T19:10:25.6069128Z #9 sha256:e5c05dcf47fbdb2f18dc242ad1b7f48fbd3813c0027ffcfb8e81e4aa7e0965f4 2.10MB / 12.11MB 0.2s
2025-08-18T19:10:25.7567827Z #9 sha256:e5c05dcf47fbdb2f18dc242ad1b7f48fbd3813c0027ffcfb8e81e4aa7e0965f4 10.49MB / 12.11MB 0.3s
2025-08-18T19:10:25.7569164Z #9 sha256:396b1da7636e2dcd10565cb4f2f952cbb4a8a38b58d3b86a2cacb172fb70117c 7.34MB / 29.77MB 0.2s
2025-08-18T19:10:25.9211045Z #9 sha256:e5c05dcf47fbdb2f18dc242ad1b7f48fbd3813c0027ffcfb8e81e4aa7e0965f4 12.11MB / 12.11MB 0.3s done
2025-08-18T19:10:25.9212303Z #9 sha256:396b1da7636e2dcd10565cb4f2f952cbb4a8a38b58d3b86a2cacb172fb70117c 29.77MB / 29.77MB 0.5s done
2025-08-18T19:10:26.0732020Z #9 extracting sha256:396b1da7636e2dcd10565cb4f2f952cbb4a8a38b58d3b86a2cacb172fb70117c
2025-08-18T19:10:26.5660874Z #9 extracting sha256:396b1da7636e2dcd10565cb4f2f952cbb4a8a38b58d3b86a2cacb172fb70117c 0.6s done
2025-08-18T19:10:26.5661958Z #9 DONE 1.1s
2025-08-18T19:10:26.7880096Z 
2025-08-18T19:10:26.7881273Z #9 [stage-1 1/6] FROM docker.io/library/python:3.12-slim@sha256:d67a7b66b989ad6b6d6b10d428dcc5e0bfc3e5f88906e67d490c4d3daac57047
2025-08-18T19:10:26.7882488Z #9 extracting sha256:5d587318e932a89b94608393c99dd30ee5092a6991c1656f717bd4f4e13d60df 0.1s done
2025-08-18T19:10:26.7883347Z #9 extracting sha256:e5c05dcf47fbdb2f18dc242ad1b7f48fbd3813c0027ffcfb8e81e4aa7e0965f4
2025-08-18T19:10:26.9931772Z #9 extracting sha256:e5c05dcf47fbdb2f18dc242ad1b7f48fbd3813c0027ffcfb8e81e4aa7e0965f4 0.4s done
2025-08-18T19:10:26.9932572Z #9 DONE 1.6s
2025-08-18T19:10:27.1007597Z 
2025-08-18T19:10:27.1008445Z #9 [stage-1 1/6] FROM docker.io/library/python:3.12-slim@sha256:d67a7b66b989ad6b6d6b10d428dcc5e0bfc3e5f88906e67d490c4d3daac57047
2025-08-18T19:10:27.1009766Z #9 extracting sha256:d76206d463c08ba2a3f7bbab2de2a933ad73f33ab4ab813eafe50c9dff9edc12 done
2025-08-18T19:10:27.1010491Z #9 DONE 1.6s
2025-08-18T19:10:27.1010683Z 
2025-08-18T19:10:27.1010822Z #10 [stage-1 2/6] WORKDIR /app
2025-08-18T19:10:27.1011183Z #10 DONE 0.1s
2025-08-18T19:10:27.1011380Z 
2025-08-18T19:10:27.1011665Z #11 [base  3/13] COPY services/api/requirements.txt ./requirements.txt
2025-08-18T19:10:27.1013073Z #11 DONE 0.0s
2025-08-18T19:10:27.1013247Z 
2025-08-18T19:10:27.1014724Z #12 [stage-1 3/6] RUN set -eux;     if [ -f /etc/apt/sources.list ]; then         sed -i 's|http://deb.debian.org|https://deb.debian.org|g' /etc/apt/sources.list;     fi;     apt-get update;     apt-get install -y --no-install-recommends tzdata postgresql-client curl;     rm -rf /var/lib/apt/lists/*
2025-08-18T19:10:27.2110174Z #12 0.056 + [ -f /etc/apt/sources.list ]
2025-08-18T19:10:27.2110674Z #12 0.056 + apt-get update
2025-08-18T19:10:27.2111329Z #12 0.120 Hit:1 http://deb.debian.org/debian trixie InRelease
2025-08-18T19:10:27.2112040Z #12 0.120 Get:2 http://deb.debian.org/debian trixie-updates InRelease [47.1 kB]
2025-08-18T19:10:27.4472168Z #12 0.123 Get:3 http://deb.debian.org/debian-security trixie-security InRelease [43.4 kB]
2025-08-18T19:10:27.4473072Z #12 0.139 Get:4 http://deb.debian.org/debian trixie/main amd64 Packages [9668 kB]
2025-08-18T19:10:27.4474049Z #12 0.206 Get:5 http://deb.debian.org/debian trixie-updates/main amd64 Packages [2432 B]
2025-08-18T19:10:27.4474945Z #12 0.206 Get:6 http://deb.debian.org/debian-security trixie-security/main amd64 Packages [11.2 kB]
2025-08-18T19:10:27.9356445Z #12 0.845 Fetched 9772 kB in 1s (12.8 MB/s)
2025-08-18T19:10:28.4021288Z #12 0.845 Reading package lists...
2025-08-18T19:10:28.5321488Z #12 1.321 + apt-get install -y --no-install-recommends tzdata postgresql-client curl
2025-08-18T19:10:28.9495759Z #12 1.330 Reading package lists...
2025-08-18T19:10:29.1344565Z #12 1.789 Building dependency tree...
2025-08-18T19:10:29.1347994Z #12 1.912 Reading state information...
2025-08-18T19:10:29.1351297Z #12 2.043 tzdata is already the newest version (2025b-4).
2025-08-18T19:10:29.1353192Z #12 2.043 The following additional packages will be installed:
2025-08-18T19:10:29.2550169Z #12 2.043   libbrotli1 libcom-err2 libcurl4t64 libgdbm-compat4t64 libgnutls30t64
2025-08-18T19:10:29.2552197Z #12 2.043   libgssapi-krb5-2 libidn2-0 libk5crypto3 libkeyutils1 libkrb5-3
2025-08-18T19:10:29.2553024Z #12 2.043   libkrb5support0 libldap2 libnghttp2-14 libnghttp3-9 libp11-kit0 libperl5.40
2025-08-18T19:10:29.2554014Z #12 2.044   libpq5 libpsl5t64 librtmp1 libsasl2-2 libsasl2-modules-db libssh2-1t64
2025-08-18T19:10:29.2554600Z #12 2.044   libtasn1-6 libunistring5 perl perl-modules-5.40 postgresql-client-17
2025-08-18T19:10:29.2554994Z #12 2.044   postgresql-client-common sensible-utils
2025-08-18T19:10:29.2555344Z #12 2.045 Suggested packages:
2025-08-18T19:10:29.2555685Z #12 2.045   gnutls-bin krb5-doc krb5-user perl-doc libterm-readline-gnu-perl
2025-08-18T19:10:29.2556533Z #12 2.045   | libterm-readline-perl-perl make libtap-harness-archive-perl postgresql-17
2025-08-18T19:10:29.2557019Z #12 2.045   postgresql-doc-17
2025-08-18T19:10:29.2557251Z #12 2.045 Recommended packages:
2025-08-18T19:10:29.2557599Z #12 2.045   bash-completion krb5-locales libldap-common publicsuffix libsasl2-modules
2025-08-18T19:10:29.3576224Z #12 2.224 The following NEW packages will be installed:
2025-08-18T19:10:29.3577967Z #12 2.225   curl libbrotli1 libcom-err2 libcurl4t64 libgdbm-compat4t64 libgnutls30t64
2025-08-18T19:10:29.3579885Z #12 2.225   libgssapi-krb5-2 libidn2-0 libk5crypto3 libkeyutils1 libkrb5-3
2025-08-18T19:10:29.3580772Z #12 2.225   libkrb5support0 libldap2 libnghttp2-14 libnghttp3-9 libp11-kit0 libperl5.40
2025-08-18T19:10:29.3581677Z #12 2.225   libpq5 libpsl5t64 librtmp1 libsasl2-2 libsasl2-modules-db libssh2-1t64
2025-08-18T19:10:29.3582496Z #12 2.225   libtasn1-6 libunistring5 perl perl-modules-5.40 postgresql-client
2025-08-18T19:10:29.3583328Z #12 2.226   postgresql-client-17 postgresql-client-common sensible-utils
2025-08-18T19:10:29.5901198Z #12 2.422 0 upgraded, 31 newly installed, 0 to remove and 0 not upgraded.
2025-08-18T19:10:29.5901807Z #12 2.422 Need to get 14.9 MB of archives.
2025-08-18T19:10:29.5902436Z #12 2.422 After this operation, 78.1 MB of additional disk space will be used.
2025-08-18T19:10:29.5904633Z #12 2.422 Get:1 http://deb.debian.org/debian trixie/main amd64 sensible-utils all 0.0.25 [25.0 kB]
2025-08-18T19:10:29.5906001Z #12 2.424 Get:2 http://deb.debian.org/debian trixie/main amd64 perl-modules-5.40 all 5.40.1-6 [3019 kB]
2025-08-18T19:10:29.5907185Z #12 2.447 Get:3 http://deb.debian.org/debian trixie/main amd64 libgdbm-compat4t64 amd64 1.24-2 [50.3 kB]
2025-08-18T19:10:29.5908696Z #12 2.448 Get:4 http://deb.debian.org/debian trixie/main amd64 libperl5.40 amd64 5.40.1-6 [4341 kB]
2025-08-18T19:10:29.5909756Z #12 2.470 Get:5 http://deb.debian.org/debian trixie/main amd64 perl amd64 5.40.1-6 [267 kB]
2025-08-18T19:10:29.5910752Z #12 2.472 Get:6 http://deb.debian.org/debian trixie/main amd64 libbrotli1 amd64 1.1.0-2+b7 [307 kB]
2025-08-18T19:10:29.5911684Z #12 2.473 Get:7 http://deb.debian.org/debian trixie/main amd64 libkrb5support0 amd64 1.21.3-5 [33.0 kB]
2025-08-18T19:10:29.5912654Z #12 2.474 Get:8 http://deb.debian.org/debian trixie/main amd64 libcom-err2 amd64 1.47.2-3+b3 [25.0 kB]
2025-08-18T19:10:29.5913783Z #12 2.474 Get:9 http://deb.debian.org/debian trixie/main amd64 libk5crypto3 amd64 1.21.3-5 [81.5 kB]
2025-08-18T19:10:29.5914797Z #12 2.475 Get:10 http://deb.debian.org/debian trixie/main amd64 libkeyutils1 amd64 1.6.3-6 [9456 B]
2025-08-18T19:10:29.5915738Z #12 2.476 Get:11 http://deb.debian.org/debian trixie/main amd64 libkrb5-3 amd64 1.21.3-5 [326 kB]
2025-08-18T19:10:29.5916706Z #12 2.477 Get:12 http://deb.debian.org/debian trixie/main amd64 libgssapi-krb5-2 amd64 1.21.3-5 [138 kB]
2025-08-18T19:10:29.5917673Z #12 2.477 Get:13 http://deb.debian.org/debian trixie/main amd64 libunistring5 amd64 1.3-2 [477 kB]
2025-08-18T19:10:29.5918715Z #12 2.480 Get:14 http://deb.debian.org/debian trixie/main amd64 libidn2-0 amd64 2.3.8-2 [109 kB]
2025-08-18T19:10:29.5919732Z #12 2.481 Get:15 http://deb.debian.org/debian trixie/main amd64 libsasl2-modules-db amd64 2.1.28+dfsg1-9 [19.8 kB]
2025-08-18T19:10:29.5920898Z #12 2.482 Get:16 http://deb.debian.org/debian trixie/main amd64 libsasl2-2 amd64 2.1.28+dfsg1-9 [57.5 kB]
2025-08-18T19:10:29.5921969Z #12 2.482 Get:17 http://deb.debian.org/debian trixie/main amd64 libldap2 amd64 2.6.10+dfsg-1 [194 kB]
2025-08-18T19:10:29.5922970Z #12 2.483 Get:18 http://deb.debian.org/debian trixie/main amd64 libnghttp2-14 amd64 1.64.0-1.1 [76.0 kB]
2025-08-18T19:10:29.5924923Z #12 2.484 Get:19 http://deb.debian.org/debian trixie/main amd64 libnghttp3-9 amd64 1.8.0-1 [67.7 kB]
2025-08-18T19:10:29.5925924Z #12 2.485 Get:20 http://deb.debian.org/debian trixie/main amd64 libpsl5t64 amd64 0.21.2-1.1+b1 [57.2 kB]
2025-08-18T19:10:29.5926892Z #12 2.486 Get:21 http://deb.debian.org/debian trixie/main amd64 libp11-kit0 amd64 0.25.5-3 [425 kB]
2025-08-18T19:10:29.5928279Z #12 2.489 Get:22 http://deb.debian.org/debian trixie/main amd64 libtasn1-6 amd64 4.20.0-2 [49.9 kB]
2025-08-18T19:10:29.5929708Z #12 2.490 Get:23 http://deb.debian.org/debian trixie/main amd64 libgnutls30t64 amd64 3.8.9-3 [1465 kB]
2025-08-18T19:10:29.5930938Z #12 2.499 Get:24 http://deb.debian.org/debian trixie/main amd64 librtmp1 amd64 2.4+20151223.gitfa8646d.1-2+b5 [58.8 kB]
2025-08-18T19:10:29.5931833Z #12 2.500 Get:25 http://deb.debian.org/debian trixie/main amd64 libssh2-1t64 amd64 1.11.1-1 [245 kB]
2025-08-18T19:10:29.7090189Z #12 2.502 Get:26 http://deb.debian.org/debian trixie/main amd64 libcurl4t64 amd64 8.14.1-2 [391 kB]
2025-08-18T19:10:29.7095479Z #12 2.504 Get:27 http://deb.debian.org/debian trixie/main amd64 curl amd64 8.14.1-2 [269 kB]
2025-08-18T19:10:29.7096589Z #12 2.505 Get:28 http://deb.debian.org/debian trixie/main amd64 libpq5 amd64 17.5-1 [226 kB]
2025-08-18T19:10:29.7097911Z #12 2.506 Get:29 http://deb.debian.org/debian trixie/main amd64 postgresql-client-common all 278 [47.1 kB]
2025-08-18T19:10:29.7098966Z #12 2.507 Get:30 http://deb.debian.org/debian trixie/main amd64 postgresql-client-17 amd64 17.5-1 [2025 kB]
2025-08-18T19:10:29.7099941Z #12 2.515 Get:31 http://deb.debian.org/debian trixie/main amd64 postgresql-client all 17+278 [14.0 kB]
2025-08-18T19:10:30.7224280Z #12 3.580 Fetched 14.9 MB in 0s (53.1 MB/s)
2025-08-18T19:10:30.7224938Z #12 3.594 Selecting previously unselected package sensible-utils.
2025-08-18T19:10:30.7225511Z #12 3.594 (Reading database ... 
2025-08-18T19:10:30.7225933Z (Reading database ... 5%
2025-08-18T19:10:30.7226291Z (Reading database ... 10%
2025-08-18T19:10:30.7226648Z (Reading database ... 15%
2025-08-18T19:10:30.7226992Z (Reading database ... 20%
2025-08-18T19:10:30.7227333Z (Reading database ... 25%
2025-08-18T19:10:30.7227683Z (Reading database ... 30%
2025-08-18T19:10:30.7228041Z (Reading database ... 35%
2025-08-18T19:10:30.7228393Z (Reading database ... 40%
2025-08-18T19:10:30.7228735Z (Reading database ... 45%
2025-08-18T19:10:30.7229101Z (Reading database ... 50%
2025-08-18T19:10:30.7229436Z (Reading database ... 55%
2025-08-18T19:10:30.7229881Z (Reading database ... 60%
2025-08-18T19:10:30.7230198Z (Reading database ... 65%
2025-08-18T19:10:30.7230505Z (Reading database ... 70%
2025-08-18T19:10:30.7230830Z (Reading database ... 75%
2025-08-18T19:10:30.7231156Z (Reading database ... 80%
2025-08-18T19:10:30.7231381Z (Reading database ... 85%
2025-08-18T19:10:30.7231711Z (Reading database ... 90%
2025-08-18T19:10:30.7232016Z (Reading database ... 95%
2025-08-18T19:10:30.7232361Z (Reading database ... 100%
2025-08-18T19:10:30.7232843Z (Reading database ... 5643 files and directories currently installed.)
2025-08-18T19:10:30.7233682Z #12 3.600 Preparing to unpack .../00-sensible-utils_0.0.25_all.deb ...
2025-08-18T19:10:30.7234027Z #12 3.601 Unpacking sensible-utils (0.0.25) ...
2025-08-18T19:10:30.7234474Z #12 3.622 Selecting previously unselected package perl-modules-5.40.
2025-08-18T19:10:30.7235193Z #12 3.623 Preparing to unpack .../01-perl-modules-5.40_5.40.1-6_all.deb ...
2025-08-18T19:10:30.7235808Z #12 3.624 Unpacking perl-modules-5.40 (5.40.1-6) ...
2025-08-18T19:10:31.0349208Z #12 3.915 Selecting previously unselected package libgdbm-compat4t64:amd64.
2025-08-18T19:10:31.0350005Z #12 3.917 Preparing to unpack .../02-libgdbm-compat4t64_1.24-2_amd64.deb ...
2025-08-18T19:10:31.0350731Z #12 3.919 Unpacking libgdbm-compat4t64:amd64 (1.24-2) ...
2025-08-18T19:10:31.0353996Z #12 3.937 Selecting previously unselected package libperl5.40:amd64.
2025-08-18T19:10:31.0356256Z #12 3.938 Preparing to unpack .../03-libperl5.40_5.40.1-6_amd64.deb ...
2025-08-18T19:10:31.0358332Z #12 3.939 Unpacking libperl5.40:amd64 (5.40.1-6) ...
2025-08-18T19:10:31.2543970Z #12 4.162 Selecting previously unselected package perl.
2025-08-18T19:10:31.2544763Z #12 4.164 Preparing to unpack .../04-perl_5.40.1-6_amd64.deb ...
2025-08-18T19:10:31.3701068Z #12 4.165 Unpacking perl (5.40.1-6) ...
2025-08-18T19:10:31.3703048Z #12 4.191 Selecting previously unselected package libbrotli1:amd64.
2025-08-18T19:10:31.3706042Z #12 4.192 Preparing to unpack .../05-libbrotli1_1.1.0-2+b7_amd64.deb ...
2025-08-18T19:10:31.3706561Z #12 4.194 Unpacking libbrotli1:amd64 (1.1.0-2+b7) ...
2025-08-18T19:10:31.3707088Z #12 4.222 Selecting previously unselected package libkrb5support0:amd64.
2025-08-18T19:10:31.3707697Z #12 4.223 Preparing to unpack .../06-libkrb5support0_1.21.3-5_amd64.deb ...
2025-08-18T19:10:31.3708219Z #12 4.224 Unpacking libkrb5support0:amd64 (1.21.3-5) ...
2025-08-18T19:10:31.3708967Z #12 4.241 Selecting previously unselected package libcom-err2:amd64.
2025-08-18T19:10:31.3709530Z #12 4.242 Preparing to unpack .../07-libcom-err2_1.47.2-3+b3_amd64.deb ...
2025-08-18T19:10:31.3710034Z #12 4.243 Unpacking libcom-err2:amd64 (1.47.2-3+b3) ...
2025-08-18T19:10:31.3710529Z #12 4.258 Selecting previously unselected package libk5crypto3:amd64.
2025-08-18T19:10:31.3711097Z #12 4.260 Preparing to unpack .../08-libk5crypto3_1.21.3-5_amd64.deb ...
2025-08-18T19:10:31.3711603Z #12 4.261 Unpacking libk5crypto3:amd64 (1.21.3-5) ...
2025-08-18T19:10:31.3712096Z #12 4.280 Selecting previously unselected package libkeyutils1:amd64.
2025-08-18T19:10:31.4853061Z #12 4.282 Preparing to unpack .../09-libkeyutils1_1.6.3-6_amd64.deb ...
2025-08-18T19:10:31.4855241Z #12 4.283 Unpacking libkeyutils1:amd64 (1.6.3-6) ...
2025-08-18T19:10:31.4856901Z #12 4.298 Selecting previously unselected package libkrb5-3:amd64.
2025-08-18T19:10:31.4857594Z #12 4.300 Preparing to unpack .../10-libkrb5-3_1.21.3-5_amd64.deb ...
2025-08-18T19:10:31.4858180Z #12 4.301 Unpacking libkrb5-3:amd64 (1.21.3-5) ...
2025-08-18T19:10:31.4858771Z #12 4.331 Selecting previously unselected package libgssapi-krb5-2:amd64.
2025-08-18T19:10:31.4859503Z #12 4.333 Preparing to unpack .../11-libgssapi-krb5-2_1.21.3-5_amd64.deb ...
2025-08-18T19:10:31.4860104Z #12 4.334 Unpacking libgssapi-krb5-2:amd64 (1.21.3-5) ...
2025-08-18T19:10:31.4860747Z #12 4.354 Selecting previously unselected package libunistring5:amd64.
2025-08-18T19:10:31.4861306Z #12 4.355 Preparing to unpack .../12-libunistring5_1.3-2_amd64.deb ...
2025-08-18T19:10:31.4861692Z #12 4.356 Unpacking libunistring5:amd64 (1.3-2) ...
2025-08-18T19:10:31.4862265Z #12 4.395 Selecting previously unselected package libidn2-0:amd64.
2025-08-18T19:10:31.5929472Z #12 4.397 Preparing to unpack .../13-libidn2-0_2.3.8-2_amd64.deb ...
2025-08-18T19:10:31.5931348Z #12 4.398 Unpacking libidn2-0:amd64 (2.3.8-2) ...
2025-08-18T19:10:31.5932551Z #12 4.417 Selecting previously unselected package libsasl2-modules-db:amd64.
2025-08-18T19:10:31.5934124Z #12 4.419 Preparing to unpack .../14-libsasl2-modules-db_2.1.28+dfsg1-9_amd64.deb ...
2025-08-18T19:10:31.5935083Z #12 4.420 Unpacking libsasl2-modules-db:amd64 (2.1.28+dfsg1-9) ...
2025-08-18T19:10:31.5935964Z #12 4.435 Selecting previously unselected package libsasl2-2:amd64.
2025-08-18T19:10:31.5936845Z #12 4.437 Preparing to unpack .../15-libsasl2-2_2.1.28+dfsg1-9_amd64.deb ...
2025-08-18T19:10:31.5937674Z #12 4.438 Unpacking libsasl2-2:amd64 (2.1.28+dfsg1-9) ...
2025-08-18T19:10:31.5938425Z #12 4.455 Selecting previously unselected package libldap2:amd64.
2025-08-18T19:10:31.5939262Z #12 4.456 Preparing to unpack .../16-libldap2_2.6.10+dfsg-1_amd64.deb ...
2025-08-18T19:10:31.5940490Z #12 4.457 Unpacking libldap2:amd64 (2.6.10+dfsg-1) ...
2025-08-18T19:10:31.5941140Z #12 4.481 Selecting previously unselected package libnghttp2-14:amd64.
2025-08-18T19:10:31.5941874Z #12 4.483 Preparing to unpack .../17-libnghttp2-14_1.64.0-1.1_amd64.deb ...
2025-08-18T19:10:31.5942671Z #12 4.484 Unpacking libnghttp2-14:amd64 (1.64.0-1.1) ...
2025-08-18T19:10:31.5943683Z #12 4.503 Selecting previously unselected package libnghttp3-9:amd64.
2025-08-18T19:10:31.7421650Z #12 4.504 Preparing to unpack .../18-libnghttp3-9_1.8.0-1_amd64.deb ...
2025-08-18T19:10:31.7422631Z #12 4.505 Unpacking libnghttp3-9:amd64 (1.8.0-1) ...
2025-08-18T19:10:31.7424104Z #12 4.524 Selecting previously unselected package libpsl5t64:amd64.
2025-08-18T19:10:31.7425264Z #12 4.525 Preparing to unpack .../19-libpsl5t64_0.21.2-1.1+b1_amd64.deb ...
2025-08-18T19:10:31.7425905Z #12 4.526 Unpacking libpsl5t64:amd64 (0.21.2-1.1+b1) ...
2025-08-18T19:10:31.7426529Z #12 4.543 Selecting previously unselected package libp11-kit0:amd64.
2025-08-18T19:10:31.7427186Z #12 4.544 Preparing to unpack .../20-libp11-kit0_0.25.5-3_amd64.deb ...
2025-08-18T19:10:31.7427737Z #12 4.545 Unpacking libp11-kit0:amd64 (0.25.5-3) ...
2025-08-18T19:10:31.7428290Z #12 4.574 Selecting previously unselected package libtasn1-6:amd64.
2025-08-18T19:10:31.7429150Z #12 4.576 Preparing to unpack .../21-libtasn1-6_4.20.0-2_amd64.deb ...
2025-08-18T19:10:31.7429691Z #12 4.577 Unpacking libtasn1-6:amd64 (4.20.0-2) ...
2025-08-18T19:10:31.7430248Z #12 4.595 Selecting previously unselected package libgnutls30t64:amd64.
2025-08-18T19:10:31.7430919Z #12 4.596 Preparing to unpack .../22-libgnutls30t64_3.8.9-3_amd64.deb ...
2025-08-18T19:10:31.7431413Z #12 4.597 Unpacking libgnutls30t64:amd64 (3.8.9-3) ...
2025-08-18T19:10:31.7431920Z #12 4.652 Selecting previously unselected package librtmp1:amd64.
2025-08-18T19:10:31.8459926Z #12 4.654 Preparing to unpack .../23-librtmp1_2.4+20151223.gitfa8646d.1-2+b5_amd64.deb ...
2025-08-18T19:10:31.8460798Z #12 4.655 Unpacking librtmp1:amd64 (2.4+20151223.gitfa8646d.1-2+b5) ...
2025-08-18T19:10:31.8461585Z #12 4.673 Selecting previously unselected package libssh2-1t64:amd64.
2025-08-18T19:10:31.8462310Z #12 4.675 Preparing to unpack .../24-libssh2-1t64_1.11.1-1_amd64.deb ...
2025-08-18T19:10:31.8462943Z #12 4.676 Unpacking libssh2-1t64:amd64 (1.11.1-1) ...
2025-08-18T19:10:31.8463809Z #12 4.698 Selecting previously unselected package libcurl4t64:amd64.
2025-08-18T19:10:31.8464530Z #12 4.700 Preparing to unpack .../25-libcurl4t64_8.14.1-2_amd64.deb ...
2025-08-18T19:10:31.8465047Z #12 4.701 Unpacking libcurl4t64:amd64 (8.14.1-2) ...
2025-08-18T19:10:31.8465356Z #12 4.731 Selecting previously unselected package curl.
2025-08-18T19:10:31.8465691Z #12 4.732 Preparing to unpack .../26-curl_8.14.1-2_amd64.deb ...
2025-08-18T19:10:31.8465989Z #12 4.734 Unpacking curl (8.14.1-2) ...
2025-08-18T19:10:32.0186456Z #12 4.758 Selecting previously unselected package libpq5:amd64.
2025-08-18T19:10:32.0187181Z #12 4.760 Preparing to unpack .../27-libpq5_17.5-1_amd64.deb ...
2025-08-18T19:10:32.0187673Z #12 4.761 Unpacking libpq5:amd64 (17.5-1) ...
2025-08-18T19:10:32.0188055Z #12 4.787 Selecting previously unselected package postgresql-client-common.
2025-08-18T19:10:32.0188600Z #12 4.789 Preparing to unpack .../28-postgresql-client-common_278_all.deb ...
2025-08-18T19:10:32.0189031Z #12 4.794 Unpacking postgresql-client-common (278) ...
2025-08-18T19:10:32.0189478Z #12 4.817 Selecting previously unselected package postgresql-client-17.
2025-08-18T19:10:32.0189981Z #12 4.818 Preparing to unpack .../29-postgresql-client-17_17.5-1_amd64.deb ...
2025-08-18T19:10:32.0190365Z #12 4.819 Unpacking postgresql-client-17 (17.5-1) ...
2025-08-18T19:10:32.0190790Z #12 4.928 Selecting previously unselected package postgresql-client.
2025-08-18T19:10:32.1208272Z #12 4.930 Preparing to unpack .../30-postgresql-client_17+278_all.deb ...
2025-08-18T19:10:32.1210384Z #12 4.931 Unpacking postgresql-client (17+278) ...
2025-08-18T19:10:32.1210931Z #12 4.950 Setting up libkeyutils1:amd64 (1.6.3-6) ...
2025-08-18T19:10:32.1211490Z #12 4.952 Setting up libgdbm-compat4t64:amd64 (1.24-2) ...
2025-08-18T19:10:32.1212213Z #12 4.954 Setting up libbrotli1:amd64 (1.1.0-2+b7) ...
2025-08-18T19:10:32.1212914Z #12 4.957 Setting up libnghttp2-14:amd64 (1.64.0-1.1) ...
2025-08-18T19:10:32.1213653Z #12 4.960 Setting up libcom-err2:amd64 (1.47.2-3+b3) ...
2025-08-18T19:10:32.1214210Z #12 4.962 Setting up libkrb5support0:amd64 (1.21.3-5) ...
2025-08-18T19:10:32.1214835Z #12 4.965 Setting up libsasl2-modules-db:amd64 (2.1.28+dfsg1-9) ...
2025-08-18T19:10:32.1215427Z #12 4.967 Setting up libp11-kit0:amd64 (0.25.5-3) ...
2025-08-18T19:10:32.1215956Z #12 4.970 Setting up libunistring5:amd64 (1.3-2) ...
2025-08-18T19:10:32.1216485Z #12 4.973 Setting up libk5crypto3:amd64 (1.21.3-5) ...
2025-08-18T19:10:32.1217315Z #12 4.977 Setting up libsasl2-2:amd64 (2.1.28+dfsg1-9) ...
2025-08-18T19:10:32.1217881Z #12 4.980 Setting up libnghttp3-9:amd64 (1.8.0-1) ...
2025-08-18T19:10:32.1218396Z #12 4.983 Setting up perl-modules-5.40 (5.40.1-6) ...
2025-08-18T19:10:32.1218886Z #12 4.985 Setting up sensible-utils (0.0.25) ...
2025-08-18T19:10:32.1219367Z #12 4.988 Setting up libtasn1-6:amd64 (4.20.0-2) ...
2025-08-18T19:10:32.1219851Z #12 4.990 Setting up libkrb5-3:amd64 (1.21.3-5) ...
2025-08-18T19:10:32.1220583Z #12 4.993 Setting up libssh2-1t64:amd64 (1.11.1-1) ...
2025-08-18T19:10:32.1221114Z #12 4.995 Setting up libldap2:amd64 (2.6.10+dfsg-1) ...
2025-08-18T19:10:32.1221619Z #12 4.998 Setting up libidn2-0:amd64 (2.3.8-2) ...
2025-08-18T19:10:32.1222126Z #12 5.000 Setting up libperl5.40:amd64 (5.40.1-6) ...
2025-08-18T19:10:32.1222589Z #12 5.003 Setting up perl (5.40.1-6) ...
2025-08-18T19:10:32.1223083Z #12 5.009 Setting up libgssapi-krb5-2:amd64 (1.21.3-5) ...
2025-08-18T19:10:32.1223887Z #12 5.013 Setting up libgnutls30t64:amd64 (3.8.9-3) ...
2025-08-18T19:10:32.1224447Z #12 5.015 Setting up postgresql-client-common (278) ...
2025-08-18T19:10:32.1225011Z #12 5.023 Setting up libpsl5t64:amd64 (0.21.2-1.1+b1) ...
2025-08-18T19:10:32.1225519Z #12 5.026 Setting up libpq5:amd64 (17.5-1) ...
2025-08-18T19:10:32.1226091Z #12 5.028 Setting up librtmp1:amd64 (2.4+20151223.gitfa8646d.1-2+b5) ...
2025-08-18T19:10:32.1226684Z #12 5.031 Setting up libcurl4t64:amd64 (8.14.1-2) ...
2025-08-18T19:10:32.2386103Z #12 5.035 Setting up postgresql-client-17 (17.5-1) ...
2025-08-18T19:10:32.5697704Z #12 5.409 update-alternatives: using /usr/share/postgresql/17/man/man1/psql.1.gz to provide /usr/share/man/man1/psql.1.gz (psql.1.gz) in auto mode
2025-08-18T19:10:32.5699398Z #12 5.449 Setting up curl (8.14.1-2) ...
2025-08-18T19:10:32.5700420Z #12 5.452 Setting up postgresql-client (17+278) ...
2025-08-18T19:10:32.5702415Z #12 5.454 Processing triggers for libc-bin (2.41-12) ...
2025-08-18T19:10:32.6713049Z #12 5.481 + rm -rf /var/lib/apt/lists/auxfiles /var/lib/apt/lists/deb.debian.org_debian-security_dists_trixie-security_InRelease /var/lib/apt/lists/deb.debian.org_debian-security_dists_trixie-security_main_binary-amd64_Packages.lz4 /var/lib/apt/lists/deb.debian.org_debian_dists_trixie-updates_InRelease /var/lib/apt/lists/deb.debian.org_debian_dists_trixie-updates_main_binary-amd64_Packages.lz4 /var/lib/apt/lists/deb.debian.org_debian_dists_trixie_InRelease /var/lib/apt/lists/deb.debian.org_debian_dists_trixie_main_binary-amd64_Packages.lz4 /var/lib/apt/lists/lock /var/lib/apt/lists/partial
2025-08-18T19:10:32.6718223Z #12 DONE 5.6s
2025-08-18T19:10:32.6718416Z 
2025-08-18T19:10:32.6718692Z #13 [base  4/13] RUN pip install --no-cache-dir -r requirements.txt
2025-08-18T19:10:32.6719425Z #13 1.430 Collecting uvicorn==0.29.0 (from -r requirements.txt (line 1))
2025-08-18T19:10:32.6720196Z #13 1.453   Downloading uvicorn-0.29.0-py3-none-any.whl.metadata (6.3 kB)
2025-08-18T19:10:32.6721016Z #13 1.468 Collecting pydantic-settings==2.2.1 (from -r requirements.txt (line 2))
2025-08-18T19:10:32.6721516Z #13 1.473   Downloading pydantic_settings-2.2.1-py3-none-any.whl.metadata (3.1 kB)
2025-08-18T19:10:32.6721982Z #13 1.510 Collecting fastapi==0.111.0 (from -r requirements.txt (line 3))
2025-08-18T19:10:32.6722393Z #13 1.515   Downloading fastapi-0.111.0-py3-none-any.whl.metadata (25 kB)
2025-08-18T19:10:32.6722808Z #13 1.735 Collecting sqlalchemy==2.0.29 (from -r requirements.txt (line 4))
2025-08-18T19:10:32.6723527Z #13 1.741   Downloading SQLAlchemy-2.0.29-cp312-cp312-manylinux_2_17_x86_64.manylinux2014_x86_64.whl.metadata (9.6 kB)
2025-08-18T19:10:32.6724122Z #13 1.766 Collecting alembic==1.13.1 (from -r requirements.txt (line 5))
2025-08-18T19:10:32.6724547Z #13 1.770   Downloading alembic-1.13.1-py3-none-any.whl.metadata (7.4 kB)
2025-08-18T19:10:32.6725048Z #13 1.787 Collecting psycopg==3.2.9 (from psycopg[binary]==3.2.9->-r requirements.txt (line 6))
2025-08-18T19:10:32.6725742Z #13 1.791   Downloading psycopg-3.2.9-py3-none-any.whl.metadata (4.5 kB)
2025-08-18T19:10:32.6726158Z #13 1.811 Collecting httpx==0.27.2 (from -r requirements.txt (line 7))
2025-08-18T19:10:32.6726542Z #13 1.815   Downloading httpx-0.27.2-py3-none-any.whl.metadata (7.1 kB)
2025-08-18T19:10:32.6726933Z #13 1.848 Collecting asyncpg==0.29.0 (from -r requirements.txt (line 8))
2025-08-18T19:10:32.6727444Z #13 1.855   Downloading asyncpg-0.29.0-cp312-cp312-manylinux_2_17_x86_64.manylinux2014_x86_64.whl.metadata (4.4 kB)
2025-08-18T19:10:32.6727955Z #13 2.103 Collecting boto3==1.34.162 (from -r requirements.txt (line 9))
2025-08-18T19:10:32.6728482Z #13 2.107   Downloading boto3-1.34.162-py3-none-any.whl.metadata (6.6 kB)
2025-08-18T19:10:32.6728902Z #13 2.120 Collecting Jinja2==3.1.5 (from -r requirements.txt (line 10))
2025-08-18T19:10:32.6729299Z #13 2.124   Downloading jinja2-3.1.5-py3-none-any.whl.metadata (2.6 kB)
2025-08-18T19:10:32.6729680Z #13 2.153 Collecting celery==5.3.* (from -r requirements.txt (line 11))
2025-08-18T19:10:32.6730076Z #13 2.159   Downloading celery-5.3.6-py3-none-any.whl.metadata (21 kB)
2025-08-18T19:10:32.6730481Z #13 2.189 Collecting structlog==24.1.0 (from -r requirements.txt (line 12))
2025-08-18T19:10:32.6730891Z #13 2.194   Downloading structlog-24.1.0-py3-none-any.whl.metadata (6.9 kB)
2025-08-18T19:10:32.6731341Z #13 2.206 Collecting asgi-correlation-id==4.3.1 (from -r requirements.txt (line 13))
2025-08-18T19:10:32.6731807Z #13 2.211   Downloading asgi_correlation_id-4.3.1-py3-none-any.whl.metadata (28 kB)
2025-08-18T19:10:32.6732267Z #13 2.222 Collecting fastapi-limiter==0.1.6 (from -r requirements.txt (line 14))
2025-08-18T19:10:32.6732713Z #13 2.227   Downloading fastapi_limiter-0.1.6-py3-none-any.whl.metadata (5.3 kB)
2025-08-18T19:10:32.6733131Z #13 2.249 Collecting redis==5.0.8 (from -r requirements.txt (line 15))
2025-08-18T19:10:32.6733689Z #13 2.256   Downloading redis-5.0.8-py3-none-any.whl.metadata (9.2 kB)
2025-08-18T19:10:32.6734102Z #13 2.272 Collecting click>=7.0 (from uvicorn==0.29.0->-r requirements.txt (line 1))
2025-08-18T19:10:32.6734531Z #13 2.276   Downloading click-8.2.1-py3-none-any.whl.metadata (2.5 kB)
2025-08-18T19:10:32.6734926Z #13 2.284 Collecting h11>=0.8 (from uvicorn==0.29.0->-r requirements.txt (line 1))
2025-08-18T19:10:32.6735326Z #13 2.288   Downloading h11-0.16.0-py3-none-any.whl.metadata (8.3 kB)
2025-08-18T19:10:32.6735766Z #13 2.388 Collecting pydantic>=2.3.0 (from pydantic-settings==2.2.1->-r requirements.txt (line 2))
2025-08-18T19:10:32.6736245Z #13 2.393   Downloading pydantic-2.11.7-py3-none-any.whl.metadata (67 kB)
2025-08-18T19:10:32.6736742Z #13 2.408 Collecting python-dotenv>=0.21.0 (from pydantic-settings==2.2.1->-r requirements.txt (line 2))
2025-08-18T19:10:32.6737244Z #13 2.413   Downloading python_dotenv-1.1.1-py3-none-any.whl.metadata (24 kB)
2025-08-18T19:10:32.6737723Z #13 2.451 Collecting starlette<0.38.0,>=0.37.2 (from fastapi==0.111.0->-r requirements.txt (line 3))
2025-08-18T19:10:32.6738193Z #13 2.457   Downloading starlette-0.37.2-py3-none-any.whl.metadata (5.9 kB)
2025-08-18T19:10:32.6738690Z #13 2.527 Collecting typing-extensions>=4.8.0 (from fastapi==0.111.0->-r requirements.txt (line 3))
2025-08-18T19:10:32.6739206Z #13 2.531   Downloading typing_extensions-4.14.1-py3-none-any.whl.metadata (3.0 kB)
2025-08-18T19:10:32.6739690Z #13 2.538 Collecting fastapi-cli>=0.0.2 (from fastapi==0.111.0->-r requirements.txt (line 3))
2025-08-18T19:10:32.6740146Z #13 2.542   Downloading fastapi_cli-0.0.8-py3-none-any.whl.metadata (6.3 kB)
2025-08-18T19:10:32.6740617Z #13 2.560 Collecting python-multipart>=0.0.7 (from fastapi==0.111.0->-r requirements.txt (line 3))
2025-08-18T19:10:32.6741122Z #13 2.564   Downloading python_multipart-0.0.20-py3-none-any.whl.metadata (1.8 kB)
2025-08-18T19:10:32.6741642Z #13 2.607 Collecting ujson!=4.0.2,!=4.1.0,!=4.2.0,!=4.3.0,!=5.0.0,!=5.1.0,>=4.0.1 (from fastapi==0.111.0->-r requirements.txt (line 3))
2025-08-18T19:10:32.6742228Z #13 2.614   Downloading ujson-5.10.0-cp312-cp312-manylinux_2_17_x86_64.manylinux2014_x86_64.whl.metadata (9.3 kB)
2025-08-18T19:10:32.6742891Z #13 2.790 Collecting orjson>=3.2.1 (from fastapi==0.111.0->-r requirements.txt (line 3))
2025-08-18T19:10:32.6743595Z #13 2.795   Downloading orjson-3.11.2-cp312-cp312-manylinux_2_17_x86_64.manylinux2014_x86_64.whl.metadata (1.2 kB)
2025-08-18T19:10:32.6744193Z #13 2.805 Collecting email_validator>=2.0.0 (from fastapi==0.111.0->-r requirements.txt (line 3))
2025-08-18T19:10:32.6745104Z #13 2.809   Downloading email_validator-2.2.0-py3-none-any.whl.metadata (25 kB)
2025-08-18T19:10:32.6746241Z #13 2.910 Collecting greenlet!=0.4.17 (from sqlalchemy==2.0.29->-r requirements.txt (line 4))
2025-08-18T19:10:32.6747359Z #13 2.915   Downloading greenlet-3.2.4-cp312-cp312-manylinux_2_24_x86_64.manylinux_2_28_x86_64.whl.metadata (4.1 kB)
2025-08-18T19:10:32.6748352Z #13 2.937 Collecting Mako (from alembic==1.13.1->-r requirements.txt (line 5))
2025-08-18T19:10:32.6749120Z #13 2.941   Downloading mako-1.3.10-py3-none-any.whl.metadata (2.9 kB)
2025-08-18T19:10:32.6749893Z #13 2.967 Collecting anyio (from httpx==0.27.2->-r requirements.txt (line 7))
2025-08-18T19:10:32.6750681Z #13 2.972   Downloading anyio-4.10.0-py3-none-any.whl.metadata (4.0 kB)
2025-08-18T19:10:32.6751467Z #13 2.994 Collecting certifi (from httpx==0.27.2->-r requirements.txt (line 7))
2025-08-18T19:10:32.6752507Z #13 2.999   Downloading certifi-2025.8.3-py3-none-any.whl.metadata (2.4 kB)
2025-08-18T19:10:32.6753869Z #13 3.021 Collecting httpcore==1.* (from httpx==0.27.2->-r requirements.txt (line 7))
2025-08-18T19:10:32.6776452Z #13 3.031   Downloading httpcore-1.0.9-py3-none-any.whl.metadata (21 kB)
2025-08-18T19:10:32.6776922Z #13 3.043 Collecting idna (from httpx==0.27.2->-r requirements.txt (line 7))
2025-08-18T19:10:32.6777321Z #13 3.047   Downloading idna-3.10-py3-none-any.whl.metadata (10 kB)
2025-08-18T19:10:32.6777728Z #13 3.055 Collecting sniffio (from httpx==0.27.2->-r requirements.txt (line 7))
2025-08-18T19:10:32.6778153Z #13 3.059   Downloading sniffio-1.3.1-py3-none-any.whl.metadata (3.9 kB)
2025-08-18T19:10:32.6778618Z #13 3.415 Collecting botocore<1.35.0,>=1.34.162 (from boto3==1.34.162->-r requirements.txt (line 9))
2025-08-18T19:10:32.6779093Z #13 3.419   Downloading botocore-1.34.162-py3-none-any.whl.metadata (5.7 kB)
2025-08-18T19:10:32.6779561Z #13 3.429 Collecting jmespath<2.0.0,>=0.7.1 (from boto3==1.34.162->-r requirements.txt (line 9))
2025-08-18T19:10:32.6780009Z #13 3.433   Downloading jmespath-1.0.1-py3-none-any.whl.metadata (7.6 kB)
2025-08-18T19:10:32.6780456Z #13 3.447 Collecting s3transfer<0.11.0,>=0.10.0 (from boto3==1.34.162->-r requirements.txt (line 9))
2025-08-18T19:10:32.6780921Z #13 3.451   Downloading s3transfer-0.10.4-py3-none-any.whl.metadata (1.7 kB)
2025-08-18T19:10:32.6781383Z #13 3.489 Collecting MarkupSafe>=2.0 (from Jinja2==3.1.5->-r requirements.txt (line 10))
2025-08-18T19:10:32.6781956Z #13 3.493   Downloading MarkupSafe-3.0.2-cp312-cp312-manylinux_2_17_x86_64.manylinux2014_x86_64.whl.metadata (4.0 kB)
2025-08-18T19:10:32.6782536Z #13 3.510 Collecting billiard<5.0,>=4.2.0 (from celery==5.3.*->-r requirements.txt (line 11))
2025-08-18T19:10:32.6782984Z #13 3.517   Downloading billiard-4.2.1-py3-none-any.whl.metadata (4.4 kB)
2025-08-18T19:10:32.6783644Z #13 3.524 Collecting click-didyoumean>=0.3.0 (from celery==5.3.*->-r requirements.txt (line 11))
2025-08-18T19:10:32.6784155Z #13 3.527   Downloading click_didyoumean-0.3.1-py3-none-any.whl.metadata (3.9 kB)
2025-08-18T19:10:32.6784640Z #13 3.537 Collecting click-plugins>=1.1.1 (from celery==5.3.*->-r requirements.txt (line 11))
2025-08-18T19:10:32.6785130Z #13 3.541   Downloading click_plugins-1.1.1.2-py2.py3-none-any.whl.metadata (6.5 kB)
2025-08-18T19:10:32.6785601Z #13 3.549 Collecting click-repl>=0.2.0 (from celery==5.3.*->-r requirements.txt (line 11))
2025-08-18T19:10:32.6786045Z #13 3.553   Downloading click_repl-0.3.0-py3-none-any.whl.metadata (3.6 kB)
2025-08-18T19:10:32.6786573Z #13 3.597 Collecting kombu<6.0,>=5.3.4 (from celery==5.3.*->-r requirements.txt (line 11))
2025-08-18T19:10:32.6787400Z #13 3.601   Downloading kombu-5.5.4-py3-none-any.whl.metadata (3.5 kB)
2025-08-18T19:10:32.6787861Z #13 3.621 Collecting python-dateutil>=2.8.2 (from celery==5.3.*->-r requirements.txt (line 11))
2025-08-18T19:10:32.6788379Z #13 3.626   Downloading python_dateutil-2.9.0.post0-py2.py3-none-any.whl.metadata (8.4 kB)
2025-08-18T19:10:32.6788862Z #13 3.641 Collecting tzdata>=2022.7 (from celery==5.3.*->-r requirements.txt (line 11))
2025-08-18T19:10:32.6789497Z #13 3.645   Downloading tzdata-2025.2-py2.py3-none-any.whl.metadata (1.4 kB)
2025-08-18T19:10:32.6790533Z #13 3.656 Collecting vine<6.0,>=5.1.0 (from celery==5.3.*->-r requirements.txt (line 11))
2025-08-18T19:10:32.6791330Z #13 3.660   Downloading vine-5.1.0-py3-none-any.whl.metadata (2.7 kB)
2025-08-18T19:10:32.6792222Z #13 3.831 Collecting psycopg-binary==3.2.9 (from psycopg[binary]==3.2.9->-r requirements.txt (line 6))
2025-08-18T19:10:32.6793561Z #13 3.836   Downloading psycopg_binary-3.2.9-cp312-cp312-manylinux_2_17_x86_64.manylinux2014_x86_64.whl.metadata (2.9 kB)
2025-08-18T19:10:32.6794798Z #13 3.870 Collecting urllib3!=2.2.0,<3,>=1.25.4 (from botocore<1.35.0,>=1.34.162->boto3==1.34.162->-r requirements.txt (line 9))
2025-08-18T19:10:32.6795767Z #13 3.874   Downloading urllib3-2.5.0-py3-none-any.whl.metadata (6.5 kB)
2025-08-18T19:10:32.6796742Z #13 3.912 Collecting prompt-toolkit>=3.0.36 (from click-repl>=0.2.0->celery==5.3.*->-r requirements.txt (line 11))
2025-08-18T19:10:32.6797974Z #13 3.916   Downloading prompt_toolkit-3.0.51-py3-none-any.whl.metadata (6.4 kB)
2025-08-18T19:10:32.6798984Z #13 3.929 Collecting dnspython>=2.0.0 (from email_validator>=2.0.0->fastapi==0.111.0->-r requirements.txt (line 3))
2025-08-18T19:10:32.6799969Z #13 3.933   Downloading dnspython-2.7.0-py3-none-any.whl.metadata (5.8 kB)
2025-08-18T19:10:32.6800882Z #13 3.955 Collecting typer>=0.15.1 (from fastapi-cli>=0.0.2->fastapi==0.111.0->-r requirements.txt (line 3))
2025-08-18T19:10:32.6801780Z #13 3.960   Downloading typer-0.16.0-py3-none-any.whl.metadata (15 kB)
2025-08-18T19:10:32.6802538Z #13 3.985 Collecting rich-toolkit>=0.14.8 (from fastapi-cli>=0.0.2->fastapi==0.111.0->-r requirements.txt (line 3))
2025-08-18T19:10:32.6803194Z #13 3.990   Downloading rich_toolkit-0.15.0-py3-none-any.whl.metadata (1.0 kB)
2025-08-18T19:10:32.6803909Z #13 4.023 Collecting amqp<6.0.0,>=5.1.1 (from kombu<6.0,>=5.3.4->celery==5.3.*->-r requirements.txt (line 11))
2025-08-18T19:10:32.6804363Z #13 4.028   Downloading amqp-5.3.1-py3-none-any.whl.metadata (8.9 kB)
2025-08-18T19:10:32.6804813Z #13 4.052 Collecting packaging (from kombu<6.0,>=5.3.4->celery==5.3.*->-r requirements.txt (line 11))
2025-08-18T19:10:32.6805295Z #13 4.056   Downloading packaging-25.0-py3-none-any.whl.metadata (3.3 kB)
2025-08-18T19:10:32.6805852Z #13 4.073 Collecting annotated-types>=0.6.0 (from pydantic>=2.3.0->pydantic-settings==2.2.1->-r requirements.txt (line 2))
2025-08-18T19:10:32.6806419Z #13 4.078   Downloading annotated_types-0.7.0-py3-none-any.whl.metadata (15 kB)
2025-08-18T19:10:32.6806965Z #13 4.701 Collecting pydantic-core==2.33.2 (from pydantic>=2.3.0->pydantic-settings==2.2.1->-r requirements.txt (line 2))
2025-08-18T19:10:32.6807625Z #13 4.706   Downloading pydantic_core-2.33.2-cp312-cp312-manylinux_2_17_x86_64.manylinux2014_x86_64.whl.metadata (6.8 kB)
2025-08-18T19:10:32.6808293Z #13 4.718 Collecting typing-inspection>=0.4.0 (from pydantic>=2.3.0->pydantic-settings==2.2.1->-r requirements.txt (line 2))
2025-08-18T19:10:32.6808878Z #13 4.723   Downloading typing_inspection-0.4.1-py3-none-any.whl.metadata (2.6 kB)
2025-08-18T19:10:32.6809395Z #13 4.744 Collecting six>=1.5 (from python-dateutil>=2.8.2->celery==5.3.*->-r requirements.txt (line 11))
2025-08-18T19:10:32.6809868Z #13 4.748   Downloading six-1.17.0-py2.py3-none-any.whl.metadata (1.7 kB)
2025-08-18T19:10:32.6810380Z #13 4.998 Collecting httptools>=0.5.0 (from uvicorn[standard]>=0.12.0->fastapi==0.111.0->-r requirements.txt (line 3))
2025-08-18T19:10:32.6811289Z #13 5.003   Downloading httptools-0.6.4-cp312-cp312-manylinux_2_5_x86_64.manylinux1_x86_64.manylinux_2_17_x86_64.manylinux2014_x86_64.whl.metadata (3.6 kB)
2025-08-18T19:10:32.6812027Z #13 5.039 Collecting pyyaml>=5.1 (from uvicorn[standard]>=0.12.0->fastapi==0.111.0->-r requirements.txt (line 3))
2025-08-18T19:10:32.6812635Z #13 5.043   Downloading PyYAML-6.0.2-cp312-cp312-manylinux_2_17_x86_64.manylinux2014_x86_64.whl.metadata (2.1 kB)
2025-08-18T19:10:32.6813260Z #13 5.075 Collecting uvloop!=0.15.0,!=0.15.1,>=0.14.0 (from uvicorn[standard]>=0.12.0->fastapi==0.111.0->-r requirements.txt (line 3))
2025-08-18T19:10:32.6814089Z #13 5.079   Downloading uvloop-0.21.0-cp312-cp312-manylinux_2_17_x86_64.manylinux2014_x86_64.whl.metadata (4.9 kB)
2025-08-18T19:10:32.6814837Z #13 5.137 Collecting watchfiles>=0.13 (from uvicorn[standard]>=0.12.0->fastapi==0.111.0->-r requirements.txt (line 3))
2025-08-18T19:10:32.6815465Z #13 5.143   Downloading watchfiles-1.1.0-cp312-cp312-manylinux_2_17_x86_64.manylinux2014_x86_64.whl.metadata (4.9 kB)
2025-08-18T19:10:32.6816159Z #13 5.211 Collecting websockets>=10.4 (from uvicorn[standard]>=0.12.0->fastapi==0.111.0->-r requirements.txt (line 3))
2025-08-18T19:10:32.6816903Z #13 5.216   Downloading websockets-15.0.1-cp312-cp312-manylinux_2_5_x86_64.manylinux1_x86_64.manylinux_2_17_x86_64.manylinux2014_x86_64.whl.metadata (6.8 kB)
2025-08-18T19:10:32.6817671Z #13 5.241 Collecting wcwidth (from prompt-toolkit>=3.0.36->click-repl>=0.2.0->celery==5.3.*->-r requirements.txt (line 11))
2025-08-18T19:10:32.6818215Z #13 5.245   Downloading wcwidth-0.2.13-py2.py3-none-any.whl.metadata (14 kB)
2025-08-18T19:10:32.6818772Z #13 5.331 Collecting rich>=13.7.1 (from rich-toolkit>=0.14.8->fastapi-cli>=0.0.2->fastapi==0.111.0->-r requirements.txt (line 3))
2025-08-18T19:10:32.6819285Z #13 5.335   Downloading rich-14.1.0-py3-none-any.whl.metadata (18 kB)
2025-08-18T19:10:32.6819801Z #13 5.364 Collecting shellingham>=1.3.0 (from typer>=0.15.1->fastapi-cli>=0.0.2->fastapi==0.111.0->-r requirements.txt (line 3))
2025-08-18T19:10:32.6820359Z #13 5.368   Downloading shellingham-1.5.4-py2.py3-none-any.whl.metadata (3.5 kB)
2025-08-18T19:10:32.6821023Z #13 5.427 Collecting markdown-it-py>=2.2.0 (from rich>=13.7.1->rich-toolkit>=0.14.8->fastapi-cli>=0.0.2->fastapi==0.111.0->-r requirements.txt (line 3))
2025-08-18T19:10:32.6821625Z #13 5.431   Downloading markdown_it_py-4.0.0-py3-none-any.whl.metadata (7.3 kB)
2025-08-18T19:10:32.6822216Z #13 5.452 Collecting pygments<3.0.0,>=2.13.0 (from rich>=13.7.1->rich-toolkit>=0.14.8->fastapi-cli>=0.0.2->fastapi==0.111.0->-r requirements.txt (line 3))
2025-08-18T19:10:32.6822801Z #13 5.456   Downloading pygments-2.19.2-py3-none-any.whl.metadata (2.5 kB)
2025-08-18T19:10:32.6823595Z #13 5.468 Collecting mdurl~=0.1 (from markdown-it-py>=2.2.0->rich>=13.7.1->rich-toolkit>=0.14.8->fastapi-cli>=0.0.2->fastapi==0.111.0->-r requirements.txt (line 3))
2025-08-18T19:10:32.6824202Z #13 5.472   Downloading mdurl-0.1.2-py3-none-any.whl.metadata (1.6 kB)
2025-08-18T19:10:32.6824574Z #13 5.486 Downloading uvicorn-0.29.0-py3-none-any.whl (60 kB)
2025-08-18T19:10:32.6824945Z #13 5.492 Downloading pydantic_settings-2.2.1-py3-none-any.whl (13 kB)
2025-08-18T19:10:32.6825319Z #13 5.496 Downloading fastapi-0.111.0-py3-none-any.whl (91 kB)
2025-08-18T19:10:32.6825797Z #13 5.502 Downloading SQLAlchemy-2.0.29-cp312-cp312-manylinux_2_17_x86_64.manylinux2014_x86_64.whl (3.2 MB)
2025-08-18T19:10:32.6826576Z #13 5.528    ━━━━━━━━━━━━━━━━━━━━━━━━━━━━━━━━━━━━━━━━ 3.2/3.2 MB 143.8 MB/s eta 0:00:00
2025-08-18T19:10:32.6826932Z #13 5.533 Downloading alembic-1.13.1-py3-none-any.whl (233 kB)
2025-08-18T19:10:32.6827267Z #13 5.538 Downloading psycopg-3.2.9-py3-none-any.whl (202 kB)
2025-08-18T19:10:32.6827607Z #13 5.542 Downloading httpx-0.27.2-py3-none-any.whl (76 kB)
2025-08-18T19:10:32.6828058Z #13 5.546 Downloading asyncpg-0.29.0-cp312-cp312-manylinux_2_17_x86_64.manylinux2014_x86_64.whl (3.3 MB)
2025-08-18T19:10:32.6828611Z #13 5.566    ━━━━━━━━━━━━━━━━━━━━━━━━━━━━━━━━━━━━━━━━ 3.3/3.3 MB 190.2 MB/s eta 0:00:00
2025-08-18T19:10:32.6828948Z #13 5.570 Downloading boto3-1.34.162-py3-none-any.whl (139 kB)
2025-08-18T19:10:32.7851573Z #13 5.574 Downloading jinja2-3.1.5-py3-none-any.whl (134 kB)
2025-08-18T19:10:32.7852342Z #13 5.579 Downloading celery-5.3.6-py3-none-any.whl (422 kB)
2025-08-18T19:10:32.7853073Z #13 5.585 Downloading structlog-24.1.0-py3-none-any.whl (65 kB)
2025-08-18T19:10:32.7854068Z #13 5.590 Downloading asgi_correlation_id-4.3.1-py3-none-any.whl (15 kB)
2025-08-18T19:10:32.7854939Z #13 5.594 Downloading fastapi_limiter-0.1.6-py3-none-any.whl (15 kB)
2025-08-18T19:10:32.7855504Z #13 5.600 Downloading redis-5.0.8-py3-none-any.whl (255 kB)
2025-08-18T19:10:32.7856401Z #13 5.604 Downloading httpcore-1.0.9-py3-none-any.whl (78 kB)
2025-08-18T19:10:32.7857246Z #13 5.612 Downloading psycopg_binary-3.2.9-cp312-cp312-manylinux_2_17_x86_64.manylinux2014_x86_64.whl (4.4 MB)
2025-08-18T19:10:32.7858285Z #13 5.639    ━━━━━━━━━━━━━━━━━━━━━━━━━━━━━━━━━━━━━━━━ 4.4/4.4 MB 171.1 MB/s eta 0:00:00
2025-08-18T19:10:32.7858708Z #13 5.647 Downloading billiard-4.2.1-py3-none-any.whl (86 kB)
2025-08-18T19:10:32.7859161Z #13 5.651 Downloading botocore-1.34.162-py3-none-any.whl (12.5 MB)
2025-08-18T19:10:32.8864829Z #13 5.684    ━━━━━━━━━━━━━━━━━━━━━━━━━━━━━━━━━━━━━━━━ 12.5/12.5 MB 403.1 MB/s eta 0:00:00
2025-08-18T19:10:32.8865691Z #13 5.688 Downloading click-8.2.1-py3-none-any.whl (102 kB)
2025-08-18T19:10:32.8866548Z #13 5.692 Downloading click_didyoumean-0.3.1-py3-none-any.whl (3.6 kB)
2025-08-18T19:10:32.8867371Z #13 5.696 Downloading click_plugins-1.1.1.2-py2.py3-none-any.whl (11 kB)
2025-08-18T19:10:32.8867934Z #13 5.700 Downloading click_repl-0.3.0-py3-none-any.whl (10 kB)
2025-08-18T19:10:32.8868519Z #13 5.704 Downloading email_validator-2.2.0-py3-none-any.whl (33 kB)
2025-08-18T19:10:32.8869067Z #13 5.708 Downloading fastapi_cli-0.0.8-py3-none-any.whl (10 kB)
2025-08-18T19:10:32.8869759Z #13 5.712 Downloading greenlet-3.2.4-cp312-cp312-manylinux_2_24_x86_64.manylinux_2_28_x86_64.whl (607 kB)
2025-08-18T19:10:32.8870592Z #13 5.715    ━━━━━━━━━━━━━━━━━━━━━━━━━━━━━━━━━━━━━━━ 607.6/607.6 kB 629.1 MB/s eta 0:00:00
2025-08-18T19:10:32.8871152Z #13 5.719 Downloading h11-0.16.0-py3-none-any.whl (37 kB)
2025-08-18T19:10:32.8871601Z #13 5.723 Downloading idna-3.10-py3-none-any.whl (70 kB)
2025-08-18T19:10:32.8872062Z #13 5.727 Downloading jmespath-1.0.1-py3-none-any.whl (20 kB)
2025-08-18T19:10:32.8872542Z #13 5.731 Downloading kombu-5.5.4-py3-none-any.whl (210 kB)
2025-08-18T19:10:32.8873000Z #13 5.735 Downloading vine-5.1.0-py3-none-any.whl (9.6 kB)
2025-08-18T19:10:32.8873823Z #13 5.739 Downloading MarkupSafe-3.0.2-cp312-cp312-manylinux_2_17_x86_64.manylinux2014_x86_64.whl (23 kB)
2025-08-18T19:10:32.8874705Z #13 5.744 Downloading orjson-3.11.2-cp312-cp312-manylinux_2_17_x86_64.manylinux2014_x86_64.whl (121 kB)
2025-08-18T19:10:32.8875522Z #13 5.748 Downloading pydantic-2.11.7-py3-none-any.whl (444 kB)
2025-08-18T19:10:32.8876349Z #13 5.753 Downloading pydantic_core-2.33.2-cp312-cp312-manylinux_2_17_x86_64.manylinux2014_x86_64.whl (2.0 MB)
2025-08-18T19:10:32.8877169Z #13 5.761    ━━━━━━━━━━━━━━━━━━━━━━━━━━━━━━━━━━━━━━━━ 2.0/2.0 MB 289.2 MB/s eta 0:00:00
2025-08-18T19:10:32.8877765Z #13 5.765 Downloading python_dateutil-2.9.0.post0-py2.py3-none-any.whl (229 kB)
2025-08-18T19:10:32.8878382Z #13 5.769 Downloading python_dotenv-1.1.1-py3-none-any.whl (20 kB)
2025-08-18T19:10:32.8878862Z #13 5.773 Downloading python_multipart-0.0.20-py3-none-any.whl (24 kB)
2025-08-18T19:10:32.8879274Z #13 5.777 Downloading s3transfer-0.10.4-py3-none-any.whl (83 kB)
2025-08-18T19:10:32.8879636Z #13 5.781 Downloading starlette-0.37.2-py3-none-any.whl (71 kB)
2025-08-18T19:10:32.8879984Z #13 5.785 Downloading anyio-4.10.0-py3-none-any.whl (107 kB)
2025-08-18T19:10:32.9901941Z #13 5.795 Downloading sniffio-1.3.1-py3-none-any.whl (10 kB)
2025-08-18T19:10:32.9902712Z #13 5.799 Downloading typing_extensions-4.14.1-py3-none-any.whl (43 kB)
2025-08-18T19:10:32.9903581Z #13 5.803 Downloading tzdata-2025.2-py2.py3-none-any.whl (347 kB)
2025-08-18T19:10:32.9904454Z #13 5.812 Downloading ujson-5.10.0-cp312-cp312-manylinux_2_17_x86_64.manylinux2014_x86_64.whl (53 kB)
2025-08-18T19:10:32.9905577Z #13 5.817 Downloading certifi-2025.8.3-py3-none-any.whl (161 kB)
2025-08-18T19:10:32.9906120Z #13 5.821 Downloading mako-1.3.10-py3-none-any.whl (78 kB)
2025-08-18T19:10:32.9906450Z #13 5.824 Downloading amqp-5.3.1-py3-none-any.whl (50 kB)
2025-08-18T19:10:32.9906872Z #13 5.828 Downloading annotated_types-0.7.0-py3-none-any.whl (13 kB)
2025-08-18T19:10:32.9907276Z #13 5.832 Downloading dnspython-2.7.0-py3-none-any.whl (313 kB)
2025-08-18T19:10:32.9907969Z #13 5.837 Downloading httptools-0.6.4-cp312-cp312-manylinux_2_5_x86_64.manylinux1_x86_64.manylinux_2_17_x86_64.manylinux2014_x86_64.whl (510 kB)
2025-08-18T19:10:32.9908911Z #13 5.842 Downloading prompt_toolkit-3.0.51-py3-none-any.whl (387 kB)
2025-08-18T19:10:32.9909554Z #13 5.847 Downloading PyYAML-6.0.2-cp312-cp312-manylinux_2_17_x86_64.manylinux2014_x86_64.whl (767 kB)
2025-08-18T19:10:32.9910671Z #13 5.851    ━━━━━━━━━━━━━━━━━━━━━━━━━━━━━━━━━━━━━━━ 767.5/767.5 kB 362.3 MB/s eta 0:00:00
2025-08-18T19:10:32.9911260Z #13 5.855 Downloading rich_toolkit-0.15.0-py3-none-any.whl (29 kB)
2025-08-18T19:10:32.9911620Z #13 5.859 Downloading six-1.17.0-py2.py3-none-any.whl (11 kB)
2025-08-18T19:10:32.9912050Z #13 5.863 Downloading typer-0.16.0-py3-none-any.whl (46 kB)
2025-08-18T19:10:32.9912414Z #13 5.867 Downloading typing_inspection-0.4.1-py3-none-any.whl (14 kB)
2025-08-18T19:10:32.9912878Z #13 5.871 Downloading urllib3-2.5.0-py3-none-any.whl (129 kB)
2025-08-18T19:10:32.9913529Z #13 5.875 Downloading uvloop-0.21.0-cp312-cp312-manylinux_2_17_x86_64.manylinux2014_x86_64.whl (4.7 MB)
2025-08-18T19:10:33.1847135Z #13 5.889    ━━━━━━━━━━━━━━━━━━━━━━━━━━━━━━━━━━━━━━━━ 4.7/4.7 MB 388.6 MB/s eta 0:00:00
2025-08-18T19:10:33.1848168Z #13 5.893 Downloading watchfiles-1.1.0-cp312-cp312-manylinux_2_17_x86_64.manylinux2014_x86_64.whl (452 kB)
2025-08-18T19:10:33.1849672Z #13 5.899 Downloading websockets-15.0.1-cp312-cp312-manylinux_2_5_x86_64.manylinux1_x86_64.manylinux_2_17_x86_64.manylinux2014_x86_64.whl (182 kB)
2025-08-18T19:10:33.1850601Z #13 5.903 Downloading packaging-25.0-py3-none-any.whl (66 kB)
2025-08-18T19:10:33.1851064Z #13 5.907 Downloading rich-14.1.0-py3-none-any.whl (243 kB)
2025-08-18T19:10:33.1851553Z #13 5.912 Downloading shellingham-1.5.4-py2.py3-none-any.whl (9.8 kB)
2025-08-18T19:10:33.1852073Z #13 5.916 Downloading wcwidth-0.2.13-py2.py3-none-any.whl (34 kB)
2025-08-18T19:10:33.1852557Z #13 5.920 Downloading markdown_it_py-4.0.0-py3-none-any.whl (87 kB)
2025-08-18T19:10:33.1853027Z #13 5.924 Downloading pygments-2.19.2-py3-none-any.whl (1.2 MB)
2025-08-18T19:10:33.1853874Z #13 5.928    ━━━━━━━━━━━━━━━━━━━━━━━━━━━━━━━━━━━━━━━━ 1.2/1.2 MB 470.6 MB/s eta 0:00:00
2025-08-18T19:10:33.1854311Z #13 5.932 Downloading mdurl-0.1.2-py3-none-any.whl (10.0 kB)
2025-08-18T19:10:33.2397884Z #13 6.138 Installing collected packages: wcwidth, websockets, vine, uvloop, urllib3, ujson, tzdata, typing-extensions, structlog, sniffio, six, shellingham, redis, pyyaml, python-multipart, python-dotenv, pygments, psycopg-binary, prompt-toolkit, packaging, orjson, mdurl, MarkupSafe, jmespath, idna, httptools, h11, greenlet, dnspython, click, certifi, billiard, asyncpg, annotated-types, uvicorn, typing-inspection, sqlalchemy, python-dateutil, pydantic-core, psycopg, markdown-it-py, Mako, Jinja2, httpcore, email_validator, click-repl, click-plugins, click-didyoumean, anyio, amqp, watchfiles, starlette, rich, pydantic, kombu, httpx, botocore, alembic, typer, s3transfer, rich-toolkit, pydantic-settings, celery, asgi-correlation-id, fastapi-cli, boto3, fastapi, fastapi-limiter
2025-08-18T19:10:39.0156543Z #13 11.91 Successfully installed Jinja2-3.1.5 Mako-1.3.10 MarkupSafe-3.0.2 alembic-1.13.1 amqp-5.3.1 annotated-types-0.7.0 anyio-4.10.0 asgi-correlation-id-4.3.1 asyncpg-0.29.0 billiard-4.2.1 boto3-1.34.162 botocore-1.34.162 celery-5.3.6 certifi-2025.8.3 click-8.2.1 click-didyoumean-0.3.1 click-plugins-1.1.1.2 click-repl-0.3.0 dnspython-2.7.0 email_validator-2.2.0 fastapi-0.111.0 fastapi-cli-0.0.8 fastapi-limiter-0.1.6 greenlet-3.2.4 h11-0.16.0 httpcore-1.0.9 httptools-0.6.4 httpx-0.27.2 idna-3.10 jmespath-1.0.1 kombu-5.5.4 markdown-it-py-4.0.0 mdurl-0.1.2 orjson-3.11.2 packaging-25.0 prompt-toolkit-3.0.51 psycopg-3.2.9 psycopg-binary-3.2.9 pydantic-2.11.7 pydantic-core-2.33.2 pydantic-settings-2.2.1 pygments-2.19.2 python-dateutil-2.9.0.post0 python-dotenv-1.1.1 python-multipart-0.0.20 pyyaml-6.0.2 redis-5.0.8 rich-14.1.0 rich-toolkit-0.15.0 s3transfer-0.10.4 shellingham-1.5.4 six-1.17.0 sniffio-1.3.1 sqlalchemy-2.0.29 starlette-0.37.2 structlog-24.1.0 typer-0.16.0 typing-extensions-4.14.1 typing-inspection-0.4.1 tzdata-2025.2 ujson-5.10.0 urllib3-2.5.0 uvicorn-0.29.0 uvloop-0.21.0 vine-5.1.0 watchfiles-1.1.0 wcwidth-0.2.13 websockets-15.0.1
2025-08-18T19:10:39.2292561Z #13 11.91 WARNING: Running pip as the 'root' user can result in broken permissions and conflicting behaviour with the system package manager, possibly rendering your system unusable. It is recommended to use a virtual environment instead: https://pip.pypa.io/warnings/venv. Use the --root-user-action option if you know what you are doing and want to suppress this warning.
2025-08-18T19:10:39.2294362Z #13 11.98 
2025-08-18T19:10:39.2294642Z #13 11.98 [notice] A new release of pip is available: 25.0.1 -> 25.2
2025-08-18T19:10:39.2295058Z #13 11.98 [notice] To update, run: pip install --upgrade pip
2025-08-18T19:10:39.3324583Z #13 DONE 12.2s
2025-08-18T19:10:39.4406583Z 
2025-08-18T19:10:39.4407024Z #14 [base  5/13] COPY services/api/ ./services/api
2025-08-18T19:10:39.4407538Z #14 DONE 0.1s
2025-08-18T19:10:39.4407714Z 
2025-08-18T19:10:39.4407952Z #15 [base  6/13] COPY services/common/ ./services/common
2025-08-18T19:10:39.4408432Z #15 DONE 0.0s
2025-08-18T19:10:39.4408613Z 
2025-08-18T19:10:39.4408818Z #16 [base  7/13] COPY services/ingest/ ./services/ingest
2025-08-18T19:10:39.4409277Z #16 DONE 0.0s
2025-08-18T19:10:39.5470349Z 
2025-08-18T19:10:39.5470711Z #17 [base  8/13] COPY services/etl/ ./services/etl
2025-08-18T19:10:39.5471197Z #17 DONE 0.0s
2025-08-18T19:10:39.5471366Z 
2025-08-18T19:10:39.5471527Z #18 [base  9/13] COPY api/ ./api
2025-08-18T19:10:39.5471864Z #18 DONE 0.0s
2025-08-18T19:10:39.5472019Z 
2025-08-18T19:10:39.5472246Z #19 [base 10/13] COPY services/api/alembic.ini ./alembic.ini
2025-08-18T19:10:39.5472715Z #19 DONE 0.0s
2025-08-18T19:10:39.5472893Z 
2025-08-18T19:10:39.5473060Z #20 [base 11/13] COPY alembic/ ./alembic/
2025-08-18T19:10:39.5473749Z #20 DONE 0.0s
2025-08-18T19:10:39.5474072Z 
2025-08-18T19:10:39.5474226Z #21 [base 12/13] COPY services/api/entrypoint.sh ./entrypoint.sh
2025-08-18T19:10:39.5474616Z #21 DONE 0.0s
2025-08-18T19:10:39.5474790Z 
2025-08-18T19:10:39.5474929Z #22 [base 13/13] RUN chmod +x ./entrypoint.sh
2025-08-18T19:10:39.5475348Z #22 DONE 0.1s
2025-08-18T19:10:40.3926976Z 
2025-08-18T19:10:40.3927879Z #23 [stage-1 4/6] COPY --from=base /usr/local /usr/local
2025-08-18T19:10:42.1510816Z #23 DONE 1.8s
2025-08-18T19:10:42.2586386Z 
2025-08-18T19:10:42.2586960Z #24 [stage-1 5/6] COPY --from=base /app /app
2025-08-18T19:10:42.2587473Z #24 DONE 0.1s
2025-08-18T19:10:42.4631717Z 
2025-08-18T19:10:42.4632232Z #25 [stage-1 6/6] RUN chmod +x /app/entrypoint.sh
2025-08-18T19:10:42.4632706Z #25 DONE 0.1s
2025-08-18T19:10:42.4632876Z 
2025-08-18T19:10:42.4633012Z #26 exporting to docker image format
2025-08-18T19:10:42.4633576Z #26 exporting layers
2025-08-18T19:10:47.6199380Z #26 exporting layers 5.3s done
2025-08-18T19:10:47.7760135Z #26 exporting manifest sha256:d51ae97afaeb009b7c5db0cec64b78de2f9a4e72eb605f57047549e2f01d9478 done
2025-08-18T19:10:47.7766826Z #26 exporting config sha256:0de9b5d0700da4eb1101f7d3eac8c590d3166418501e06ea3aaf5910c12e1054 done
2025-08-18T19:10:47.7767688Z #26 sending tarball
2025-08-18T19:10:48.1983789Z #26 ...
2025-08-18T19:10:48.1984026Z 
2025-08-18T19:10:48.1984148Z #27 importing to docker
2025-08-18T19:10:48.3491974Z #27 loading layer e6a3842ebc7f 327.68kB / 29.77MB
2025-08-18T19:10:49.0650353Z #27 loading layer 11a4ec4d004e 32.77kB / 1.29MB
2025-08-18T19:10:49.4083726Z #27 loading layer 07cd4433de32 131.07kB / 12.11MB
2025-08-18T19:10:49.9823921Z #27 loading layer e33228fe7708 251B / 251B
2025-08-18T19:10:50.1672958Z #27 loading layer 7670012f3b1f 93B / 93B
2025-08-18T19:10:50.1673681Z #27 loading layer 4300bfbe6620 196.61kB / 19.48MB
2025-08-18T19:10:50.9394478Z #27 loading layer 47bc759ba8c7 557.06kB / 55.59MB
2025-08-18T19:10:52.9654467Z #27 loading layer 47bc759ba8c7 41.78MB / 55.59MB 2.0s
2025-08-18T19:10:53.7588662Z #27 loading layer 591a4884867b 32.77kB / 33.51kB
2025-08-18T19:10:53.8394316Z #27 loading layer e6a3842ebc7f 29.77MB / 29.77MB 5.6s done
2025-08-18T19:10:53.8395178Z #27 loading layer 11a4ec4d004e 1.29MB / 1.29MB 4.8s done
2025-08-18T19:10:53.8395720Z #27 loading layer 07cd4433de32 12.11MB / 12.11MB 4.4s done
2025-08-18T19:10:53.8396242Z #27 loading layer e33228fe7708 251B / 251B 3.8s done
2025-08-18T19:10:53.8396746Z #27 loading layer 7670012f3b1f 93B / 93B 3.8s done
2025-08-18T19:10:53.8397257Z #27 loading layer 4300bfbe6620 19.48MB / 19.48MB 3.8s done
2025-08-18T19:10:53.8397766Z #27 loading layer 47bc759ba8c7 55.59MB / 55.59MB 2.9s done
2025-08-18T19:10:53.8398195Z #27 loading layer 591a4884867b 33.51kB / 33.51kB 0.1s done
2025-08-18T19:10:53.8398691Z #27 loading layer 5f70bf18a086 32B / 32B 0.0s done
2025-08-18T19:10:53.8399077Z #27 DONE 5.6s
2025-08-18T19:10:53.8399248Z 
2025-08-18T19:10:53.8399396Z #26 exporting to docker image format
2025-08-18T19:10:53.8399816Z #26 sending tarball 6.2s done
2025-08-18T19:10:53.8400134Z #26 DONE 11.5s
2025-08-18T19:10:53.9783638Z Post job cleanup.
2025-08-18T19:10:54.1099954Z [warning]Path Validation Error: Path(s) specified in the action for caching do(es) not exist, hence no cache is being saved.
2025-08-18T19:10:54.1186742Z Post job cleanup.
2025-08-18T19:10:54.3947962Z ##[group]Removing builder
2025-08-18T19:10:54.5238997Z [command]/usr/bin/docker buildx rm builder-cd889f8e-ebdc-4f59-9e92-68b3544dfac9
2025-08-18T19:10:55.5121787Z builder-cd889f8e-ebdc-4f59-9e92-68b3544dfac9 removed
2025-08-18T19:10:55.5155334Z ##[endgroup]
2025-08-18T19:10:55.5157020Z ##[group]Cleaning up certificates
2025-08-18T19:10:55.5163780Z ##[endgroup]
2025-08-18T19:10:55.5164498Z ##[group]Post cache
2025-08-18T19:10:55.5166874Z State not set
2025-08-18T19:10:55.5167502Z ##[endgroup]
2025-08-18T19:10:55.5297036Z Post job cleanup.
2025-08-18T19:10:55.6211176Z [command]/usr/bin/git version
2025-08-18T19:10:55.6246018Z git version 2.50.1
2025-08-18T19:10:55.6289540Z Temporarily overriding HOME='/home/runner/work/_temp/fe97dfda-15ce-4eed-9b1a-715a9be01797' before making global git config changes
2025-08-18T19:10:55.6290780Z Adding repository directory to the temporary git global config as a safe directory
2025-08-18T19:10:55.6302536Z [command]/usr/bin/git config --global --add safe.directory /home/runner/work/AWA-App/AWA-App
2025-08-18T19:10:55.6336978Z [command]/usr/bin/git config --local --name-only --get-regexp core\.sshCommand
2025-08-18T19:10:55.6369175Z [command]/usr/bin/git submodule foreach --recursive sh -c "git config --local --name-only --get-regexp 'core\.sshCommand' && git config --local --unset-all 'core.sshCommand' || :"
2025-08-18T19:10:55.6595164Z [command]/usr/bin/git config --local --name-only --get-regexp http\.https\:\/\/github\.com\/\.extraheader
2025-08-18T19:10:55.6614727Z http.https://github.com/.extraheader
2025-08-18T19:10:55.6627321Z [command]/usr/bin/git config --local --unset-all http.https://github.com/.extraheader
2025-08-18T19:10:55.6658180Z [command]/usr/bin/git submodule foreach --recursive sh -c "git config --local --name-only --get-regexp 'http\.https\:\/\/github\.com\/\.extraheader' && git config --local --unset-all 'http.https://github.com/.extraheader' || :"
2025-08-18T19:10:55.6971660Z Cleaning up orphan processes
