2025-08-21T14:29:54.5892679Z Current runner version: '2.328.0'
2025-08-21T14:29:54.5917819Z ##[group]Runner Image Provisioner
2025-08-21T14:29:54.5918665Z Hosted Compute Agent
2025-08-21T14:29:54.5919364Z Version: 20250818.377
2025-08-21T14:29:54.5919995Z Commit: 3c593e9f75fe0b87e893bca80d6e12ba089c61fc
2025-08-21T14:29:54.5920738Z Build Date: 2025-08-18T14:52:18Z
2025-08-21T14:29:54.5921390Z ##[endgroup]
2025-08-21T14:29:54.5922033Z ##[group]Operating System
2025-08-21T14:29:54.5922648Z Ubuntu
2025-08-21T14:29:54.5923194Z 24.04.2
2025-08-21T14:29:54.5923909Z LTS
2025-08-21T14:29:54.5924402Z ##[endgroup]
2025-08-21T14:29:54.5924994Z ##[group]Runner Image
2025-08-21T14:29:54.5925617Z Image: ubuntu-24.04
2025-08-21T14:29:54.5926194Z Version: 20250818.1.0
2025-08-21T14:29:54.5927210Z Included Software: https://github.com/actions/runner-images/blob/ubuntu24/20250818.1/images/ubuntu/Ubuntu2404-Readme.md
2025-08-21T14:29:54.5928852Z Image Release: https://github.com/actions/runner-images/releases/tag/ubuntu24%2F20250818.1
2025-08-21T14:29:54.5929907Z ##[endgroup]
2025-08-21T14:29:54.5932387Z ##[group]GITHUB_TOKEN Permissions
2025-08-21T14:29:54.5934550Z Actions: write
2025-08-21T14:29:54.5935281Z Attestations: write
2025-08-21T14:29:54.5935819Z Checks: write
2025-08-21T14:29:54.5936357Z Contents: write
2025-08-21T14:29:54.5936982Z Deployments: write
2025-08-21T14:29:54.5937563Z Discussions: write
2025-08-21T14:29:54.5938085Z Issues: write
2025-08-21T14:29:54.5938691Z Metadata: read
2025-08-21T14:29:54.5939234Z Models: read
2025-08-21T14:29:54.5939742Z Packages: write
2025-08-21T14:29:54.5940440Z Pages: write
2025-08-21T14:29:54.5940958Z PullRequests: write
2025-08-21T14:29:54.5941555Z RepositoryProjects: write
2025-08-21T14:29:54.5942172Z SecurityEvents: write
2025-08-21T14:29:54.5942883Z Statuses: write
2025-08-21T14:29:54.5943795Z ##[endgroup]
2025-08-21T14:29:54.5946158Z Secret source: Actions
2025-08-21T14:29:54.5946954Z Prepare workflow directory
2025-08-21T14:29:54.6286727Z Prepare all required actions
2025-08-21T14:29:54.6326939Z Getting action download info
2025-08-21T14:29:55.0455051Z Download action repository 'actions/checkout@v5' (SHA:08c6903cd8c0fde910a37f88322edcfb5dd907a8)
2025-08-21T14:29:55.1567640Z Download action repository 'docker/setup-buildx-action@v3' (SHA:e468171a9de216ec08956ac3ada2f0791b6bd435)
2025-08-21T14:29:56.1906048Z Download action repository 'actions/cache@v4' (SHA:0400d5f644dc74513175e3cd8d07132dd4860809)
2025-08-21T14:29:56.4195229Z Complete job name: container-build
2025-08-21T14:29:56.4901018Z ##[group]Run actions/checkout@v5
2025-08-21T14:29:56.4901916Z with:
2025-08-21T14:29:56.4902359Z   repository: AlexBomber12/AWA-App
2025-08-21T14:29:56.4903098Z   token: ***
2025-08-21T14:29:56.4903698Z   ssh-strict: true
2025-08-21T14:29:56.4904139Z   ssh-user: git
2025-08-21T14:29:56.4904567Z   persist-credentials: true
2025-08-21T14:29:56.4905053Z   clean: true
2025-08-21T14:29:56.4905485Z   sparse-checkout-cone-mode: true
2025-08-21T14:29:56.4906014Z   fetch-depth: 1
2025-08-21T14:29:56.4906425Z   fetch-tags: false
2025-08-21T14:29:56.4906896Z   show-progress: true
2025-08-21T14:29:56.4907341Z   lfs: false
2025-08-21T14:29:56.4907752Z   submodules: false
2025-08-21T14:29:56.4908191Z   set-safe-directory: true
2025-08-21T14:29:56.4908933Z ##[endgroup]
2025-08-21T14:29:56.5832852Z Syncing repository: AlexBomber12/AWA-App
2025-08-21T14:29:56.5835201Z ##[group]Getting Git version info
2025-08-21T14:29:56.5835957Z Working directory is '/home/runner/work/AWA-App/AWA-App'
2025-08-21T14:29:56.5837101Z [command]/usr/bin/git version
2025-08-21T14:29:56.5910531Z git version 2.51.0
2025-08-21T14:29:56.5932354Z ##[endgroup]
2025-08-21T14:29:56.5947868Z Temporarily overriding HOME='/home/runner/work/_temp/850acd30-cf75-407a-baa4-125716d93be6' before making global git config changes
2025-08-21T14:29:56.5949479Z Adding repository directory to the temporary git global config as a safe directory
2025-08-21T14:29:56.5952913Z [command]/usr/bin/git config --global --add safe.directory /home/runner/work/AWA-App/AWA-App
2025-08-21T14:29:56.5991737Z Deleting the contents of '/home/runner/work/AWA-App/AWA-App'
2025-08-21T14:29:56.5995684Z ##[group]Initializing the repository
2025-08-21T14:29:56.6000853Z [command]/usr/bin/git init /home/runner/work/AWA-App/AWA-App
2025-08-21T14:29:56.6087063Z hint: Using 'master' as the name for the initial branch. This default branch name
2025-08-21T14:29:56.6088833Z hint: is subject to change. To configure the initial branch name to use in all
2025-08-21T14:29:56.6090391Z hint: of your new repositories, which will suppress this warning, call:
2025-08-21T14:29:56.6091516Z hint:
2025-08-21T14:29:56.6092127Z hint: 	git config --global init.defaultBranch <name>
2025-08-21T14:29:56.6092747Z hint:
2025-08-21T14:29:56.6093313Z hint: Names commonly chosen instead of 'master' are 'main', 'trunk' and
2025-08-21T14:29:56.6094573Z hint: 'development'. The just-created branch can be renamed via this command:
2025-08-21T14:29:56.6095282Z hint:
2025-08-21T14:29:56.6095688Z hint: 	git branch -m <name>
2025-08-21T14:29:56.6096150Z hint:
2025-08-21T14:29:56.6096762Z hint: Disable this message with "git config set advice.defaultBranchName false"
2025-08-21T14:29:56.6098254Z Initialized empty Git repository in /home/runner/work/AWA-App/AWA-App/.git/
2025-08-21T14:29:56.6103038Z [command]/usr/bin/git remote add origin https://github.com/AlexBomber12/AWA-App
2025-08-21T14:29:56.6144712Z ##[endgroup]
2025-08-21T14:29:56.6145875Z ##[group]Disabling automatic garbage collection
2025-08-21T14:29:56.6148110Z [command]/usr/bin/git config --local gc.auto 0
2025-08-21T14:29:56.6176862Z ##[endgroup]
2025-08-21T14:29:56.6177782Z ##[group]Setting up auth
2025-08-21T14:29:56.6183117Z [command]/usr/bin/git config --local --name-only --get-regexp core\.sshCommand
2025-08-21T14:29:56.6214558Z [command]/usr/bin/git submodule foreach --recursive sh -c "git config --local --name-only --get-regexp 'core\.sshCommand' && git config --local --unset-all 'core.sshCommand' || :"
2025-08-21T14:29:56.6576558Z [command]/usr/bin/git config --local --name-only --get-regexp http\.https\:\/\/github\.com\/\.extraheader
2025-08-21T14:29:56.6611680Z [command]/usr/bin/git submodule foreach --recursive sh -c "git config --local --name-only --get-regexp 'http\.https\:\/\/github\.com\/\.extraheader' && git config --local --unset-all 'http.https://github.com/.extraheader' || :"
2025-08-21T14:29:56.6861460Z [command]/usr/bin/git config --local http.https://github.com/.extraheader AUTHORIZATION: basic ***
2025-08-21T14:29:56.6902886Z ##[endgroup]
2025-08-21T14:29:56.6904728Z ##[group]Fetching the repository
2025-08-21T14:29:56.6913245Z [command]/usr/bin/git -c protocol.version=2 fetch --no-tags --prune --no-recurse-submodules --depth=1 origin +e50dc37080c57adf26f6cc893fe9477a42e39534:refs/remotes/pull/331/merge
2025-08-21T14:29:57.3472412Z From https://github.com/AlexBomber12/AWA-App
2025-08-21T14:29:57.3475162Z  * [new ref]         e50dc37080c57adf26f6cc893fe9477a42e39534 -> pull/331/merge
2025-08-21T14:29:57.3504214Z ##[endgroup]
2025-08-21T14:29:57.3505212Z ##[group]Determining the checkout info
2025-08-21T14:29:57.3506889Z ##[endgroup]
2025-08-21T14:29:57.3511846Z [command]/usr/bin/git sparse-checkout disable
2025-08-21T14:29:57.3554274Z [command]/usr/bin/git config --local --unset-all extensions.worktreeConfig
2025-08-21T14:29:57.3580642Z ##[group]Checking out the ref
2025-08-21T14:29:57.3584453Z [command]/usr/bin/git checkout --progress --force refs/remotes/pull/331/merge
2025-08-21T14:29:57.3920615Z Note: switching to 'refs/remotes/pull/331/merge'.
2025-08-21T14:29:57.3921573Z 
2025-08-21T14:29:57.3922221Z You are in 'detached HEAD' state. You can look around, make experimental
2025-08-21T14:29:57.3924058Z changes and commit them, and you can discard any commits you make in this
2025-08-21T14:29:57.3926605Z state without impacting any branches by switching back to a branch.
2025-08-21T14:29:57.3928022Z 
2025-08-21T14:29:57.3928950Z If you want to create a new branch to retain commits you create, you may
2025-08-21T14:29:57.3931115Z do so (now or later) by using -c with the switch command. Example:
2025-08-21T14:29:57.3932972Z 
2025-08-21T14:29:57.3933808Z   git switch -c <new-branch-name>
2025-08-21T14:29:57.3934717Z 
2025-08-21T14:29:57.3935218Z Or undo this operation with:
2025-08-21T14:29:57.3936094Z 
2025-08-21T14:29:57.3936550Z   git switch -
2025-08-21T14:29:57.3937202Z 
2025-08-21T14:29:57.3938257Z Turn off this advice by setting config variable advice.detachedHead to false
2025-08-21T14:29:57.3939843Z 
2025-08-21T14:29:57.3941784Z HEAD is now at e50dc37 Merge a48ba4ab8d79abb6edbcaf37d3d4b9ebf3042503 into c4f3a27b3e7a1af0589b59a9ffcfea134e3e7273
2025-08-21T14:29:57.3946890Z ##[endgroup]
2025-08-21T14:29:57.3975627Z [command]/usr/bin/git log -1 --format=%H
2025-08-21T14:29:57.3999341Z e50dc37080c57adf26f6cc893fe9477a42e39534
2025-08-21T14:29:57.4289895Z ##[group]Run docker/setup-buildx-action@v3
2025-08-21T14:29:57.4291081Z with:
2025-08-21T14:29:57.4291818Z   driver: docker-container
2025-08-21T14:29:57.4292725Z   install: false
2025-08-21T14:29:57.4293707Z   use: true
2025-08-21T14:29:57.4294454Z   keep-state: false
2025-08-21T14:29:57.4295261Z   cache-binary: true
2025-08-21T14:29:57.4296051Z   cleanup: true
2025-08-21T14:29:57.4296790Z ##[endgroup]
2025-08-21T14:29:57.7360789Z ##[group]Docker info
2025-08-21T14:29:57.7384093Z [command]/usr/bin/docker version
2025-08-21T14:29:57.8465197Z Client: Docker Engine - Community
2025-08-21T14:29:57.8466946Z  Version:           28.0.4
2025-08-21T14:29:57.8468248Z  API version:       1.48
2025-08-21T14:29:57.8469524Z  Go version:        go1.23.7
2025-08-21T14:29:57.8470845Z  Git commit:        b8034c0
2025-08-21T14:29:57.8472276Z  Built:             Tue Mar 25 15:07:16 2025
2025-08-21T14:29:57.8474022Z  OS/Arch:           linux/amd64
2025-08-21T14:29:57.8475375Z  Context:           default
2025-08-21T14:29:57.8476052Z 
2025-08-21T14:29:57.8476399Z Server: Docker Engine - Community
2025-08-21T14:29:57.8477339Z  Engine:
2025-08-21T14:29:57.8478015Z   Version:          28.0.4
2025-08-21T14:29:57.8478962Z   API version:      1.48 (minimum version 1.24)
2025-08-21T14:29:57.8480389Z   Go version:       go1.23.7
2025-08-21T14:29:57.8481364Z   Git commit:       6430e49
2025-08-21T14:29:57.8482384Z   Built:            Tue Mar 25 15:07:16 2025
2025-08-21T14:29:57.8483781Z   OS/Arch:          linux/amd64
2025-08-21T14:29:57.8484856Z   Experimental:     false
2025-08-21T14:29:57.8485677Z  containerd:
2025-08-21T14:29:57.8486356Z   Version:          1.7.27
2025-08-21T14:29:57.8487380Z   GitCommit:        05044ec0a9a75232cad458027ca83437aae3f4da
2025-08-21T14:29:57.8488541Z  runc:
2025-08-21T14:29:57.8489164Z   Version:          1.2.5
2025-08-21T14:29:57.8489985Z   GitCommit:        v1.2.5-0-g59923ef
2025-08-21T14:29:57.8490954Z  docker-init:
2025-08-21T14:29:57.8491636Z   Version:          0.19.0
2025-08-21T14:29:57.8492458Z   GitCommit:        de40ad0
2025-08-21T14:29:57.8519159Z [command]/usr/bin/docker info
2025-08-21T14:29:59.7468552Z Client: Docker Engine - Community
2025-08-21T14:29:59.7470718Z  Version:    28.0.4
2025-08-21T14:29:59.7471036Z  Context:    default
2025-08-21T14:29:59.7471347Z  Debug Mode: false
2025-08-21T14:29:59.7471628Z  Plugins:
2025-08-21T14:29:59.7471901Z   buildx: Docker Buildx (Docker Inc.)
2025-08-21T14:29:59.7472291Z     Version:  v0.26.1
2025-08-21T14:29:59.7472731Z     Path:     /usr/libexec/docker/cli-plugins/docker-buildx
2025-08-21T14:29:59.7473302Z   compose: Docker Compose (Docker Inc.)
2025-08-21T14:29:59.7473977Z     Version:  v2.38.2
2025-08-21T14:29:59.7474417Z     Path:     /usr/libexec/docker/cli-plugins/docker-compose
2025-08-21T14:29:59.7474852Z 
2025-08-21T14:29:59.7474972Z Server:
2025-08-21T14:29:59.7475260Z  Containers: 0
2025-08-21T14:29:59.7475598Z   Running: 0
2025-08-21T14:29:59.7475948Z   Paused: 0
2025-08-21T14:29:59.7476253Z   Stopped: 0
2025-08-21T14:29:59.7476592Z  Images: 0
2025-08-21T14:29:59.7476892Z  Server Version: 28.0.4
2025-08-21T14:29:59.7477261Z  Storage Driver: overlay2
2025-08-21T14:29:59.7477643Z   Backing Filesystem: extfs
2025-08-21T14:29:59.7478072Z   Supports d_type: true
2025-08-21T14:29:59.7478814Z   Using metacopy: false
2025-08-21T14:29:59.7479164Z   Native Overlay Diff: false
2025-08-21T14:29:59.7479540Z   userxattr: false
2025-08-21T14:29:59.7479876Z  Logging Driver: json-file
2025-08-21T14:29:59.7480216Z  Cgroup Driver: systemd
2025-08-21T14:29:59.7480554Z  Cgroup Version: 2
2025-08-21T14:29:59.7480860Z  Plugins:
2025-08-21T14:29:59.7481256Z   Volume: local
2025-08-21T14:29:59.7481650Z   Network: bridge host ipvlan macvlan null overlay
2025-08-21T14:29:59.7482356Z   Log: awslogs fluentd gcplogs gelf journald json-file local splunk syslog
2025-08-21T14:29:59.7482953Z  Swarm: inactive
2025-08-21T14:29:59.7483303Z  Runtimes: io.containerd.runc.v2 runc
2025-08-21T14:29:59.7483973Z  Default Runtime: runc
2025-08-21T14:29:59.7484709Z  Init Binary: docker-init
2025-08-21T14:29:59.7485253Z  containerd version: 05044ec0a9a75232cad458027ca83437aae3f4da
2025-08-21T14:29:59.7485813Z  runc version: v1.2.5-0-g59923ef
2025-08-21T14:29:59.7554385Z  init version: de40ad0
2025-08-21T14:29:59.7554757Z  Security Options:
2025-08-21T14:29:59.7555075Z   apparmor
2025-08-21T14:29:59.7555327Z   seccomp
2025-08-21T14:29:59.7555598Z    Profile: builtin
2025-08-21T14:29:59.7555902Z   cgroupns
2025-08-21T14:29:59.7556195Z  Kernel Version: 6.11.0-1018-azure
2025-08-21T14:29:59.7556620Z  Operating System: Ubuntu 24.04.2 LTS
2025-08-21T14:29:59.7557017Z  OSType: linux
2025-08-21T14:29:59.7557339Z  Architecture: x86_64
2025-08-21T14:29:59.7557667Z  CPUs: 4
2025-08-21T14:29:59.7557951Z  Total Memory: 15.62GiB
2025-08-21T14:29:59.7558313Z  Name: pkrvmqc4gcfdwos
2025-08-21T14:29:59.7558662Z  ID: 1c1cbb44-b30d-44d5-842a-37462128d90e
2025-08-21T14:29:59.7559102Z  Docker Root Dir: /var/lib/docker
2025-08-21T14:29:59.7559461Z  Debug Mode: false
2025-08-21T14:29:59.7559780Z  Username: githubactions
2025-08-21T14:29:59.7560139Z  Experimental: false
2025-08-21T14:29:59.7560464Z  Insecure Registries:
2025-08-21T14:29:59.7566102Z   ::1/128
2025-08-21T14:29:59.7566404Z   127.0.0.0/8
2025-08-21T14:29:59.7566786Z  Live Restore Enabled: false
2025-08-21T14:29:59.7567085Z 
2025-08-21T14:29:59.7567860Z ##[endgroup]
2025-08-21T14:29:59.8109747Z ##[group]Buildx version
2025-08-21T14:29:59.8138097Z [command]/usr/bin/docker buildx version
2025-08-21T14:29:59.8669031Z github.com/docker/buildx v0.26.1 1a8287f22cf5a38339a4c1bf432b803c5f8b2aae
2025-08-21T14:29:59.8702778Z ##[endgroup]
2025-08-21T14:29:59.8861177Z ##[group]Inspecting default docker context
2025-08-21T14:29:59.9005132Z [
2025-08-21T14:29:59.9005485Z   {
2025-08-21T14:29:59.9005662Z     "Name": "default",
2025-08-21T14:29:59.9005895Z     "Metadata": {},
2025-08-21T14:29:59.9006086Z     "Endpoints": {
2025-08-21T14:29:59.9006263Z       "docker": {
2025-08-21T14:29:59.9006472Z         "Host": "unix:///var/run/docker.sock",
2025-08-21T14:29:59.9006766Z         "SkipTLSVerify": false
2025-08-21T14:29:59.9006975Z       }
2025-08-21T14:29:59.9007128Z     },
2025-08-21T14:29:59.9007289Z     "TLSMaterial": {},
2025-08-21T14:29:59.9007477Z     "Storage": {
2025-08-21T14:29:59.9007665Z       "MetadataPath": "<IN MEMORY>",
2025-08-21T14:29:59.9007916Z       "TLSPath": "<IN MEMORY>"
2025-08-21T14:29:59.9008110Z     }
2025-08-21T14:29:59.9008371Z   }
2025-08-21T14:29:59.9008597Z ]
2025-08-21T14:29:59.9009173Z ##[endgroup]
2025-08-21T14:29:59.9009556Z ##[group]Creating a new builder instance
2025-08-21T14:30:00.0214191Z [command]/usr/bin/docker buildx create --name builder-ecbdaa10-4337-43b2-8d99-e4bc5afbfc58 --driver docker-container --buildkitd-flags --allow-insecure-entitlement security.insecure --allow-insecure-entitlement network.host --use
2025-08-21T14:30:00.1127377Z builder-ecbdaa10-4337-43b2-8d99-e4bc5afbfc58
2025-08-21T14:30:00.1169349Z ##[endgroup]
2025-08-21T14:30:00.1170251Z ##[group]Booting builder
2025-08-21T14:30:00.1208004Z [command]/usr/bin/docker buildx inspect --bootstrap --builder builder-ecbdaa10-4337-43b2-8d99-e4bc5afbfc58
2025-08-21T14:30:00.1720431Z #1 [internal] booting buildkit
2025-08-21T14:30:00.3227064Z #1 pulling image moby/buildkit:buildx-stable-1
2025-08-21T14:30:04.2254449Z #1 pulling image moby/buildkit:buildx-stable-1 4.1s done
2025-08-21T14:30:04.3758460Z #1 creating container buildx_buildkit_builder-ecbdaa10-4337-43b2-8d99-e4bc5afbfc580
2025-08-21T14:30:04.4912496Z #1 creating container buildx_buildkit_builder-ecbdaa10-4337-43b2-8d99-e4bc5afbfc580 0.3s done
2025-08-21T14:30:04.4929689Z #1 DONE 4.3s
2025-08-21T14:30:04.5268943Z Name:          builder-ecbdaa10-4337-43b2-8d99-e4bc5afbfc58
2025-08-21T14:30:04.5269503Z Driver:        docker-container
2025-08-21T14:30:04.5269891Z Last Activity: 2025-08-21 14:30:00 +0000 UTC
2025-08-21T14:30:04.5270192Z 
2025-08-21T14:30:04.5270301Z Nodes:
2025-08-21T14:30:04.5271648Z Name:                  builder-ecbdaa10-4337-43b2-8d99-e4bc5afbfc580
2025-08-21T14:30:04.5272609Z Endpoint:              unix:///var/run/docker.sock
2025-08-21T14:30:04.5273076Z Status:                running
2025-08-21T14:30:04.5274098Z BuildKit daemon flags: --allow-insecure-entitlement security.insecure --allow-insecure-entitlement network.host
2025-08-21T14:30:04.5274976Z BuildKit version:      v0.23.2
2025-08-21T14:30:04.5275646Z Platforms:             linux/amd64, linux/amd64/v2, linux/amd64/v3, linux/386
2025-08-21T14:30:04.5276030Z Labels:
2025-08-21T14:30:04.5276408Z  org.mobyproject.buildkit.worker.executor:         oci
2025-08-21T14:30:04.5276806Z  org.mobyproject.buildkit.worker.hostname:         63a0f207d30d
2025-08-21T14:30:04.5277189Z  org.mobyproject.buildkit.worker.network:          host
2025-08-21T14:30:04.5277555Z  org.mobyproject.buildkit.worker.oci.process-mode: sandbox
2025-08-21T14:30:04.5277951Z  org.mobyproject.buildkit.worker.selinux.enabled:  false
2025-08-21T14:30:04.5278343Z  org.mobyproject.buildkit.worker.snapshotter:      overlayfs
2025-08-21T14:30:04.5278651Z GC Policy rule#0:
2025-08-21T14:30:04.5278859Z  All:            false
2025-08-21T14:30:04.5279165Z  Filters:        type==source.local,type==exec.cachemount,type==source.git.checkout
2025-08-21T14:30:04.5279526Z  Keep Duration:  48h0m0s
2025-08-21T14:30:04.5279721Z  Max Used Space: 488.3MiB
2025-08-21T14:30:04.5280019Z GC Policy rule#1:
2025-08-21T14:30:04.5280195Z  All:            false
2025-08-21T14:30:04.5280388Z  Keep Duration:  1440h0m0s
2025-08-21T14:30:04.5280596Z  Reserved Space: 7.451GiB
2025-08-21T14:30:04.5280794Z  Max Used Space: 54.02GiB
2025-08-21T14:30:04.5280992Z  Min Free Space: 13.97GiB
2025-08-21T14:30:04.5281182Z GC Policy rule#2:
2025-08-21T14:30:04.5281355Z  All:            false
2025-08-21T14:30:04.5281530Z  Reserved Space: 7.451GiB
2025-08-21T14:30:04.5281724Z  Max Used Space: 54.02GiB
2025-08-21T14:30:04.5281919Z  Min Free Space: 13.97GiB
2025-08-21T14:30:04.5282109Z GC Policy rule#3:
2025-08-21T14:30:04.5282270Z  All:            true
2025-08-21T14:30:04.5282448Z  Reserved Space: 7.451GiB
2025-08-21T14:30:04.5282634Z  Max Used Space: 54.02GiB
2025-08-21T14:30:04.5282818Z  Min Free Space: 13.97GiB
2025-08-21T14:30:04.5316031Z ##[endgroup]
2025-08-21T14:30:04.6217200Z ##[group]Inspect builder
2025-08-21T14:30:04.6219966Z {
2025-08-21T14:30:04.6220436Z   "nodes": [
2025-08-21T14:30:04.6220754Z     {
2025-08-21T14:30:04.6221242Z       "name": "builder-ecbdaa10-4337-43b2-8d99-e4bc5afbfc580",
2025-08-21T14:30:04.6221832Z       "endpoint": "unix:///var/run/docker.sock",
2025-08-21T14:30:04.6222309Z       "status": "running",
2025-08-21T14:30:04.6223226Z       "buildkitd-flags": "--allow-insecure-entitlement security.insecure --allow-insecure-entitlement network.host",
2025-08-21T14:30:04.6224311Z       "buildkit": "v0.23.2",
2025-08-21T14:30:04.6224862Z       "platforms": "linux/amd64,linux/amd64/v2,linux/amd64/v3,linux/386",
2025-08-21T14:30:04.6225448Z       "features": {
2025-08-21T14:30:04.6225974Z         "Automatically load images to the Docker Engine image store": true,
2025-08-21T14:30:04.6226619Z         "Cache export": true,
2025-08-21T14:30:04.6227010Z         "Direct push": true,
2025-08-21T14:30:04.6227390Z         "Docker exporter": true,
2025-08-21T14:30:04.6227811Z         "Multi-platform build": true,
2025-08-21T14:30:04.6228268Z         "OCI exporter": true
2025-08-21T14:30:04.6229059Z       },
2025-08-21T14:30:04.6229353Z       "labels": {
2025-08-21T14:30:04.6229779Z         "org.mobyproject.buildkit.worker.executor": "oci",
2025-08-21T14:30:04.6230458Z         "org.mobyproject.buildkit.worker.hostname": "63a0f207d30d",
2025-08-21T14:30:04.6231055Z         "org.mobyproject.buildkit.worker.network": "host",
2025-08-21T14:30:04.6231687Z         "org.mobyproject.buildkit.worker.oci.process-mode": "sandbox",
2025-08-21T14:30:04.6232358Z         "org.mobyproject.buildkit.worker.selinux.enabled": "false",
2025-08-21T14:30:04.6233029Z         "org.mobyproject.buildkit.worker.snapshotter": "overlayfs"
2025-08-21T14:30:04.6233734Z       },
2025-08-21T14:30:04.6233999Z       "gcPolicy": [
2025-08-21T14:30:04.6234486Z         {
2025-08-21T14:30:04.6234746Z           "all": false,
2025-08-21T14:30:04.6235046Z           "filter": [
2025-08-21T14:30:04.6235339Z             "type==source.local",
2025-08-21T14:30:04.6235669Z             "type==exec.cachemount",
2025-08-21T14:30:04.6236039Z             "type==source.git.checkout"
2025-08-21T14:30:04.6236353Z           ],
2025-08-21T14:30:04.6236612Z           "keepDuration": "48h0m0s",
2025-08-21T14:30:04.6236982Z           "maxUsedSpace": "488.3MiB"
2025-08-21T14:30:04.6237334Z         },
2025-08-21T14:30:04.6237577Z         {
2025-08-21T14:30:04.6237833Z           "all": false,
2025-08-21T14:30:04.6238148Z           "keepDuration": "1440h0m0s",
2025-08-21T14:30:04.6238540Z           "reservedSpace": "7.451GiB",
2025-08-21T14:30:04.6238921Z           "maxUsedSpace": "54.02GiB",
2025-08-21T14:30:04.6239313Z           "minFreeSpace": "13.97GiB"
2025-08-21T14:30:04.6239656Z         },
2025-08-21T14:30:04.6239902Z         {
2025-08-21T14:30:04.6240154Z           "all": false,
2025-08-21T14:30:04.6240464Z           "reservedSpace": "7.451GiB",
2025-08-21T14:30:04.6240847Z           "maxUsedSpace": "54.02GiB",
2025-08-21T14:30:04.6241220Z           "minFreeSpace": "13.97GiB"
2025-08-21T14:30:04.6241567Z         },
2025-08-21T14:30:04.6241818Z         {
2025-08-21T14:30:04.6242062Z           "all": true,
2025-08-21T14:30:04.6242369Z           "reservedSpace": "7.451GiB",
2025-08-21T14:30:04.6242757Z           "maxUsedSpace": "54.02GiB",
2025-08-21T14:30:04.6243130Z           "minFreeSpace": "13.97GiB"
2025-08-21T14:30:04.6243669Z         }
2025-08-21T14:30:04.6243922Z       ]
2025-08-21T14:30:04.6244156Z     }
2025-08-21T14:30:04.6244394Z   ],
2025-08-21T14:30:04.6244744Z   "name": "builder-ecbdaa10-4337-43b2-8d99-e4bc5afbfc58",
2025-08-21T14:30:04.6245242Z   "driver": "docker-container",
2025-08-21T14:30:04.6245617Z   "lastActivity": "2025-08-21T14:30:00.000Z"
2025-08-21T14:30:04.6245988Z }
2025-08-21T14:30:04.6246528Z ##[endgroup]
2025-08-21T14:30:04.6247040Z ##[group]BuildKit version
2025-08-21T14:30:04.6247481Z builder-ecbdaa10-4337-43b2-8d99-e4bc5afbfc580: v0.23.2
2025-08-21T14:30:04.6248167Z ##[endgroup]
2025-08-21T14:30:04.7741344Z ##[group]Run actions/cache@v4
2025-08-21T14:30:04.7741626Z with:
2025-08-21T14:30:04.7741825Z   path: ~/.cache/pip
2025-08-21T14:30:04.7742288Z   key: Linux-pip-4bdbb2eb0570e1aecda3a80b8ad704389197a0c3f0c5b3711213736afda7cb0c
2025-08-21T14:30:04.7742721Z   enableCrossOsArchive: false
2025-08-21T14:30:04.7742943Z   fail-on-cache-miss: false
2025-08-21T14:30:04.7743148Z   lookup-only: false
2025-08-21T14:30:04.7743328Z   save-always: false
2025-08-21T14:30:04.7743909Z ##[endgroup]
2025-08-21T14:30:05.1874579Z Cache not found for input keys: Linux-pip-4bdbb2eb0570e1aecda3a80b8ad704389197a0c3f0c5b3711213736afda7cb0c
2025-08-21T14:30:05.1962076Z ##[group]Run docker buildx build \
2025-08-21T14:30:05.1962402Z [36;1mdocker buildx build \[0m
2025-08-21T14:30:05.1962818Z [36;1m  --tag ghcr.io/alexbomber12/awa-app/api:e50dc37080c57adf26f6cc893fe9477a42e39534 \[0m
2025-08-21T14:30:05.1963349Z [36;1m  --build-arg TZ_CACHE_BUST=e50dc37080c57adf26f6cc893fe9477a42e39534 \[0m
2025-08-21T14:30:05.1964051Z [36;1m  --file services/api/Dockerfile \[0m
2025-08-21T14:30:05.1964309Z [36;1m  --load .[0m
2025-08-21T14:30:05.2037011Z shell: /usr/bin/bash -e {0}
2025-08-21T14:30:05.2037248Z ##[endgroup]
2025-08-21T14:30:05.4854328Z #0 building with "builder-ecbdaa10-4337-43b2-8d99-e4bc5afbfc58" instance using docker-container driver
2025-08-21T14:30:05.4854833Z 
2025-08-21T14:30:05.4854978Z #1 [internal] load build definition from Dockerfile
2025-08-21T14:30:05.4855333Z #1 transferring dockerfile: 1.48kB done
2025-08-21T14:30:05.4855632Z #1 DONE 0.0s
2025-08-21T14:30:05.4855816Z 
2025-08-21T14:30:05.4856245Z #2 resolve image config for docker-image://docker.io/docker/dockerfile:1.6
2025-08-21T14:30:05.6590178Z #2 ...
2025-08-21T14:30:05.6590399Z 
2025-08-21T14:30:05.6590633Z #3 [auth] docker/dockerfile:pull token for registry-1.docker.io
2025-08-21T14:30:05.6590972Z #3 DONE 0.0s
2025-08-21T14:30:05.8085948Z 
2025-08-21T14:30:05.8086382Z #2 resolve image config for docker-image://docker.io/docker/dockerfile:1.6
2025-08-21T14:30:06.2518896Z #2 DONE 0.9s
2025-08-21T14:30:06.4149150Z 
2025-08-21T14:30:06.4149706Z #4 docker-image://docker.io/docker/dockerfile:1.6@sha256:ac85f380a63b13dfcefa89046420e1781752bab202122f8f50032edf31be0021
2025-08-21T14:30:06.4150776Z #4 resolve docker.io/docker/dockerfile:1.6@sha256:ac85f380a63b13dfcefa89046420e1781752bab202122f8f50032edf31be0021 done
2025-08-21T14:30:06.4175168Z #4 sha256:9d9c93f4b00be908ab694a4df732570bced3b8a96b7515d70ff93402179ad232 0B / 11.80MB 0.2s
2025-08-21T14:30:06.5684196Z #4 sha256:9d9c93f4b00be908ab694a4df732570bced3b8a96b7515d70ff93402179ad232 11.53MB / 11.80MB 0.3s
2025-08-21T14:30:06.6847791Z #4 sha256:9d9c93f4b00be908ab694a4df732570bced3b8a96b7515d70ff93402179ad232 11.80MB / 11.80MB 0.3s done
2025-08-21T14:30:06.6848956Z #4 extracting sha256:9d9c93f4b00be908ab694a4df732570bced3b8a96b7515d70ff93402179ad232 0.1s done
2025-08-21T14:30:06.6849669Z #4 DONE 0.4s
2025-08-21T14:30:06.8017885Z 
2025-08-21T14:30:06.8018428Z #5 [auth] library/python:pull token for registry-1.docker.io
2025-08-21T14:30:06.9521539Z #5 DONE 0.0s
2025-08-21T14:30:06.9521725Z 
2025-08-21T14:30:06.9521970Z #6 [internal] load metadata for docker.io/library/python:3.12-slim
2025-08-21T14:30:07.5075587Z #6 DONE 0.6s
2025-08-21T14:30:07.5075867Z 
2025-08-21T14:30:07.5076215Z #7 [internal] load .dockerignore
2025-08-21T14:30:07.5076680Z #7 transferring context: 265B done
2025-08-21T14:30:07.5077079Z #7 DONE 0.0s
2025-08-21T14:30:07.5077263Z 
2025-08-21T14:30:07.5077405Z #8 [internal] load build context
2025-08-21T14:30:07.5077819Z #8 transferring context: 162.42kB 0.0s done
2025-08-21T14:30:07.5078274Z #8 DONE 0.0s
2025-08-21T14:30:07.5078486Z 
2025-08-21T14:30:07.5079107Z #9 [base  1/13] FROM docker.io/library/python:3.12-slim@sha256:d67a7b66b989ad6b6d6b10d428dcc5e0bfc3e5f88906e67d490c4d3daac57047
2025-08-21T14:30:07.5080541Z #9 resolve docker.io/library/python:3.12-slim@sha256:d67a7b66b989ad6b6d6b10d428dcc5e0bfc3e5f88906e67d490c4d3daac57047 done
2025-08-21T14:30:07.5081494Z #9 sha256:d76206d463c08ba2a3f7bbab2de2a933ad73f33ab4ab813eafe50c9dff9edc12 251B / 251B 0.1s done
2025-08-21T14:30:07.7023571Z #9 sha256:e5c05dcf47fbdb2f18dc242ad1b7f48fbd3813c0027ffcfb8e81e4aa7e0965f4 11.53MB / 12.11MB 0.3s
2025-08-21T14:30:07.7024797Z #9 sha256:5d587318e932a89b94608393c99dd30ee5092a6991c1656f717bd4f4e13d60df 0B / 1.29MB 0.2s
2025-08-21T14:30:07.7025605Z #9 sha256:396b1da7636e2dcd10565cb4f2f952cbb4a8a38b58d3b86a2cacb172fb70117c 0B / 29.77MB 0.2s
2025-08-21T14:30:07.8569925Z #9 sha256:e5c05dcf47fbdb2f18dc242ad1b7f48fbd3813c0027ffcfb8e81e4aa7e0965f4 12.11MB / 12.11MB 0.3s done
2025-08-21T14:30:07.8571822Z #9 sha256:5d587318e932a89b94608393c99dd30ee5092a6991c1656f717bd4f4e13d60df 1.29MB / 1.29MB 0.3s done
2025-08-21T14:30:07.8572644Z #9 sha256:396b1da7636e2dcd10565cb4f2f952cbb4a8a38b58d3b86a2cacb172fb70117c 7.34MB / 29.77MB 0.5s
2025-08-21T14:30:08.0062835Z #9 sha256:396b1da7636e2dcd10565cb4f2f952cbb4a8a38b58d3b86a2cacb172fb70117c 17.83MB / 29.77MB 0.6s
2025-08-21T14:30:08.1569967Z #9 sha256:396b1da7636e2dcd10565cb4f2f952cbb4a8a38b58d3b86a2cacb172fb70117c 28.31MB / 29.77MB 0.8s
2025-08-21T14:30:08.3371255Z #9 sha256:396b1da7636e2dcd10565cb4f2f952cbb4a8a38b58d3b86a2cacb172fb70117c 29.77MB / 29.77MB 0.8s done
2025-08-21T14:30:08.3372772Z #9 extracting sha256:396b1da7636e2dcd10565cb4f2f952cbb4a8a38b58d3b86a2cacb172fb70117c
2025-08-21T14:30:08.8237110Z #9 extracting sha256:396b1da7636e2dcd10565cb4f2f952cbb4a8a38b58d3b86a2cacb172fb70117c 0.6s done
2025-08-21T14:30:08.8237914Z #9 DONE 1.5s
2025-08-21T14:30:09.0461914Z 
2025-08-21T14:30:09.0463195Z #9 [base  1/13] FROM docker.io/library/python:3.12-slim@sha256:d67a7b66b989ad6b6d6b10d428dcc5e0bfc3e5f88906e67d490c4d3daac57047
2025-08-21T14:30:09.0465619Z #9 extracting sha256:5d587318e932a89b94608393c99dd30ee5092a6991c1656f717bd4f4e13d60df 0.1s done
2025-08-21T14:30:09.0466645Z #9 extracting sha256:e5c05dcf47fbdb2f18dc242ad1b7f48fbd3813c0027ffcfb8e81e4aa7e0965f4
2025-08-21T14:30:09.2460311Z #9 extracting sha256:e5c05dcf47fbdb2f18dc242ad1b7f48fbd3813c0027ffcfb8e81e4aa7e0965f4 0.4s done
2025-08-21T14:30:09.2461026Z #9 DONE 1.9s
2025-08-21T14:30:09.3461365Z 
2025-08-21T14:30:09.3463647Z #9 [base  1/13] FROM docker.io/library/python:3.12-slim@sha256:d67a7b66b989ad6b6d6b10d428dcc5e0bfc3e5f88906e67d490c4d3daac57047
2025-08-21T14:30:09.3465121Z #9 extracting sha256:d76206d463c08ba2a3f7bbab2de2a933ad73f33ab4ab813eafe50c9dff9edc12 done
2025-08-21T14:30:09.3465958Z #9 DONE 1.9s
2025-08-21T14:30:09.3466140Z 
2025-08-21T14:30:09.3466296Z #10 [base  2/13] WORKDIR /app
2025-08-21T14:30:09.3466617Z #10 DONE 0.1s
2025-08-21T14:30:09.3466774Z 
2025-08-21T14:30:09.3467073Z #11 [base  3/13] COPY services/api/requirements.txt ./requirements.txt
2025-08-21T14:30:09.3467595Z #11 DONE 0.0s
2025-08-21T14:30:09.3467774Z 
2025-08-21T14:30:09.3468031Z #12 [base  4/13] RUN pip install --no-cache-dir -r requirements.txt
2025-08-21T14:30:10.8289292Z #12 1.483 Collecting uvicorn==0.29.0 (from -r requirements.txt (line 1))
2025-08-21T14:30:10.9481905Z #12 1.523   Downloading uvicorn-0.29.0-py3-none-any.whl.metadata (6.3 kB)
2025-08-21T14:30:10.9485163Z #12 1.545 Collecting pydantic-settings==2.2.1 (from -r requirements.txt (line 2))
2025-08-21T14:30:10.9487021Z #12 1.556   Downloading pydantic_settings-2.2.1-py3-none-any.whl.metadata (3.1 kB)
2025-08-21T14:30:10.9487823Z #12 1.602 Collecting fastapi==0.111.0 (from -r requirements.txt (line 3))
2025-08-21T14:30:11.1097271Z #12 1.613   Downloading fastapi-0.111.0-py3-none-any.whl.metadata (25 kB)
2025-08-21T14:30:11.2024818Z #12 1.856 Collecting sqlalchemy==2.0.29 (from -r requirements.txt (line 4))
2025-08-21T14:30:11.3289612Z #12 1.867   Downloading SQLAlchemy-2.0.29-cp312-cp312-manylinux_2_17_x86_64.manylinux2014_x86_64.whl.metadata (9.6 kB)
2025-08-21T14:30:11.3292215Z #12 1.906 Collecting alembic==1.13.1 (from -r requirements.txt (line 5))
2025-08-21T14:30:11.3292878Z #12 1.917   Downloading alembic-1.13.1-py3-none-any.whl.metadata (7.4 kB)
2025-08-21T14:30:11.3293837Z #12 1.942 Collecting psycopg==3.2.9 (from psycopg[binary]==3.2.9->-r requirements.txt (line 6))
2025-08-21T14:30:11.3294572Z #12 1.953   Downloading psycopg-3.2.9-py3-none-any.whl.metadata (4.5 kB)
2025-08-21T14:30:11.3295226Z #12 1.982 Collecting httpx==0.27.2 (from -r requirements.txt (line 7))
2025-08-21T14:30:11.5571005Z #12 1.993   Downloading httpx-0.27.2-py3-none-any.whl.metadata (7.1 kB)
2025-08-21T14:30:11.5574488Z #12 2.031 Collecting asyncpg==0.29.0 (from -r requirements.txt (line 8))
2025-08-21T14:30:11.5575399Z #12 2.042   Downloading asyncpg-0.29.0-cp312-cp312-manylinux_2_17_x86_64.manylinux2014_x86_64.whl.metadata (4.4 kB)
2025-08-21T14:30:11.6760093Z #12 2.290 Collecting boto3==1.34.162 (from -r requirements.txt (line 9))
2025-08-21T14:30:11.6763370Z #12 2.301   Downloading boto3-1.34.162-py3-none-any.whl.metadata (6.6 kB)
2025-08-21T14:30:11.6766072Z #12 2.320 Collecting Jinja2==3.1.5 (from -r requirements.txt (line 10))
2025-08-21T14:30:11.6766833Z #12 2.330   Downloading jinja2-3.1.5-py3-none-any.whl.metadata (2.6 kB)
2025-08-21T14:30:11.7824889Z #12 2.376 Collecting celery==5.3.* (from -r requirements.txt (line 11))
2025-08-21T14:30:11.7825760Z #12 2.386   Downloading celery-5.3.6-py3-none-any.whl.metadata (21 kB)
2025-08-21T14:30:11.7826958Z #12 2.424 Collecting structlog==24.1.0 (from -r requirements.txt (line 12))
2025-08-21T14:30:11.7827795Z #12 2.436   Downloading structlog-24.1.0-py3-none-any.whl.metadata (6.9 kB)
2025-08-21T14:30:11.8865389Z #12 2.457 Collecting asgi-correlation-id==4.3.1 (from -r requirements.txt (line 13))
2025-08-21T14:30:11.8866776Z #12 2.468   Downloading asgi_correlation_id-4.3.1-py3-none-any.whl.metadata (28 kB)
2025-08-21T14:30:11.8867983Z #12 2.485 Collecting fastapi-limiter==0.1.6 (from -r requirements.txt (line 14))
2025-08-21T14:30:11.8868777Z #12 2.495   Downloading fastapi_limiter-0.1.6-py3-none-any.whl.metadata (5.3 kB)
2025-08-21T14:30:11.8869394Z #12 2.524 Collecting redis==5.0.8 (from -r requirements.txt (line 15))
2025-08-21T14:30:11.8869947Z #12 2.534   Downloading redis-5.0.8-py3-none-any.whl.metadata (9.2 kB)
2025-08-21T14:30:12.0307905Z #12 2.599 Collecting sentry-sdk==2.9.0 (from sentry-sdk[celery,fastapi,sqlalchemy]==2.9.0->-r requirements.txt (line 16))
2025-08-21T14:30:12.0309153Z #12 2.611   Downloading sentry_sdk-2.9.0-py2.py3-none-any.whl.metadata (14 kB)
2025-08-21T14:30:12.0309928Z #12 2.684 Collecting click>=7.0 (from uvicorn==0.29.0->-r requirements.txt (line 1))
2025-08-21T14:30:12.1635422Z #12 2.694   Downloading click-8.2.1-py3-none-any.whl.metadata (2.5 kB)
2025-08-21T14:30:12.1637488Z #12 2.710 Collecting h11>=0.8 (from uvicorn==0.29.0->-r requirements.txt (line 1))
2025-08-21T14:30:12.1639511Z #12 2.720   Downloading h11-0.16.0-py3-none-any.whl.metadata (8.3 kB)
2025-08-21T14:30:12.1640336Z #12 2.817 Collecting pydantic>=2.3.0 (from pydantic-settings==2.2.1->-r requirements.txt (line 2))
2025-08-21T14:30:12.3117931Z #12 2.828   Downloading pydantic-2.11.7-py3-none-any.whl.metadata (67 kB)
2025-08-21T14:30:12.3119037Z #12 2.857 Collecting python-dotenv>=0.21.0 (from pydantic-settings==2.2.1->-r requirements.txt (line 2))
2025-08-21T14:30:12.3122162Z #12 2.867   Downloading python_dotenv-1.1.1-py3-none-any.whl.metadata (24 kB)
2025-08-21T14:30:12.3123076Z #12 2.901 Collecting starlette<0.38.0,>=0.37.2 (from fastapi==0.111.0->-r requirements.txt (line 3))
2025-08-21T14:30:12.3124098Z #12 2.912   Downloading starlette-0.37.2-py3-none-any.whl.metadata (5.9 kB)
2025-08-21T14:30:12.3124834Z #12 2.965 Collecting typing-extensions>=4.8.0 (from fastapi==0.111.0->-r requirements.txt (line 3))
2025-08-21T14:30:12.4380367Z #12 2.976   Downloading typing_extensions-4.14.1-py3-none-any.whl.metadata (3.0 kB)
2025-08-21T14:30:12.4381415Z #12 2.990 Collecting fastapi-cli>=0.0.2 (from fastapi==0.111.0->-r requirements.txt (line 3))
2025-08-21T14:30:12.4382277Z #12 3.001   Downloading fastapi_cli-0.0.8-py3-none-any.whl.metadata (6.3 kB)
2025-08-21T14:30:12.4383100Z #12 3.024 Collecting python-multipart>=0.0.7 (from fastapi==0.111.0->-r requirements.txt (line 3))
2025-08-21T14:30:12.4384216Z #12 3.035   Downloading python_multipart-0.0.20-py3-none-any.whl.metadata (1.8 kB)
2025-08-21T14:30:12.4385110Z #12 3.092 Collecting ujson!=4.0.2,!=4.1.0,!=4.2.0,!=4.3.0,!=5.0.0,!=5.1.0,>=4.0.1 (from fastapi==0.111.0->-r requirements.txt (line 3))
2025-08-21T14:30:12.5995200Z #12 3.102   Downloading ujson-5.11.0-cp312-cp312-manylinux_2_24_x86_64.manylinux_2_28_x86_64.whl.metadata (9.4 kB)
2025-08-21T14:30:12.6389502Z #12 3.293 Collecting orjson>=3.2.1 (from fastapi==0.111.0->-r requirements.txt (line 3))
2025-08-21T14:30:12.7902745Z #12 3.303   Downloading orjson-3.11.2-cp312-cp312-manylinux_2_17_x86_64.manylinux2014_x86_64.whl.metadata (1.2 kB)
2025-08-21T14:30:12.7905286Z #12 3.320 Collecting email_validator>=2.0.0 (from fastapi==0.111.0->-r requirements.txt (line 3))
2025-08-21T14:30:12.7906218Z #12 3.330   Downloading email_validator-2.2.0-py3-none-any.whl.metadata (25 kB)
2025-08-21T14:30:12.7907018Z #12 3.444 Collecting greenlet!=0.4.17 (from sqlalchemy==2.0.29->-r requirements.txt (line 4))
2025-08-21T14:30:12.8991181Z #12 3.454   Downloading greenlet-3.2.4-cp312-cp312-manylinux_2_24_x86_64.manylinux_2_28_x86_64.whl.metadata (4.1 kB)
2025-08-21T14:30:12.8992268Z #12 3.483 Collecting Mako (from alembic==1.13.1->-r requirements.txt (line 5))
2025-08-21T14:30:12.8994085Z #12 3.493   Downloading mako-1.3.10-py3-none-any.whl.metadata (2.9 kB)
2025-08-21T14:30:12.8995172Z #12 3.521 Collecting anyio (from httpx==0.27.2->-r requirements.txt (line 7))
2025-08-21T14:30:12.8996302Z #12 3.531   Downloading anyio-4.10.0-py3-none-any.whl.metadata (4.0 kB)
2025-08-21T14:30:12.8996903Z #12 3.553 Collecting certifi (from httpx==0.27.2->-r requirements.txt (line 7))
2025-08-21T14:30:13.1103333Z #12 3.563   Downloading certifi-2025.8.3-py3-none-any.whl.metadata (2.4 kB)
2025-08-21T14:30:13.1104282Z #12 3.586 Collecting httpcore==1.* (from httpx==0.27.2->-r requirements.txt (line 7))
2025-08-21T14:30:13.1104953Z #12 3.596   Downloading httpcore-1.0.9-py3-none-any.whl.metadata (21 kB)
2025-08-21T14:30:13.1105593Z #12 3.614 Collecting idna (from httpx==0.27.2->-r requirements.txt (line 7))
2025-08-21T14:30:13.1106198Z #12 3.624   Downloading idna-3.10-py3-none-any.whl.metadata (10 kB)
2025-08-21T14:30:13.1106829Z #12 3.639 Collecting sniffio (from httpx==0.27.2->-r requirements.txt (line 7))
2025-08-21T14:30:13.1107455Z #12 3.649   Downloading sniffio-1.3.1-py3-none-any.whl.metadata (3.9 kB)
2025-08-21T14:30:13.5710158Z #12 4.153 Collecting botocore<1.35.0,>=1.34.162 (from boto3==1.34.162->-r requirements.txt (line 9))
2025-08-21T14:30:13.5714786Z #12 4.164   Downloading botocore-1.34.162-py3-none-any.whl.metadata (5.7 kB)
2025-08-21T14:30:13.5715761Z #12 4.184 Collecting jmespath<2.0.0,>=0.7.1 (from boto3==1.34.162->-r requirements.txt (line 9))
2025-08-21T14:30:13.5716557Z #12 4.196   Downloading jmespath-1.0.1-py3-none-any.whl.metadata (7.6 kB)
2025-08-21T14:30:13.5717369Z #12 4.224 Collecting s3transfer<0.11.0,>=0.10.0 (from boto3==1.34.162->-r requirements.txt (line 9))
2025-08-21T14:30:13.6821503Z #12 4.235   Downloading s3transfer-0.10.4-py3-none-any.whl.metadata (1.7 kB)
2025-08-21T14:30:13.6823347Z #12 4.299 Collecting MarkupSafe>=2.0 (from Jinja2==3.1.5->-r requirements.txt (line 10))
2025-08-21T14:30:13.6824589Z #12 4.310   Downloading MarkupSafe-3.0.2-cp312-cp312-manylinux_2_17_x86_64.manylinux2014_x86_64.whl.metadata (4.0 kB)
2025-08-21T14:30:13.6826247Z #12 4.336 Collecting billiard<5.0,>=4.2.0 (from celery==5.3.*->-r requirements.txt (line 11))
2025-08-21T14:30:13.7980583Z #12 4.347   Downloading billiard-4.2.1-py3-none-any.whl.metadata (4.4 kB)
2025-08-21T14:30:13.7984829Z #12 4.362 Collecting click-didyoumean>=0.3.0 (from celery==5.3.*->-r requirements.txt (line 11))
2025-08-21T14:30:13.7985840Z #12 4.372   Downloading click_didyoumean-0.3.1-py3-none-any.whl.metadata (3.9 kB)
2025-08-21T14:30:13.7986492Z #12 4.388 Collecting click-plugins>=1.1.1 (from celery==5.3.*->-r requirements.txt (line 11))
2025-08-21T14:30:13.7987008Z #12 4.399   Downloading click_plugins-1.1.1.2-py2.py3-none-any.whl.metadata (6.5 kB)
2025-08-21T14:30:13.7987607Z #12 4.416 Collecting click-repl>=0.2.0 (from celery==5.3.*->-r requirements.txt (line 11))
2025-08-21T14:30:13.7988175Z #12 4.426   Downloading click_repl-0.3.0-py3-none-any.whl.metadata (3.6 kB)
2025-08-21T14:30:13.9011815Z #12 4.474 Collecting kombu<6.0,>=5.3.4 (from celery==5.3.*->-r requirements.txt (line 11))
2025-08-21T14:30:13.9012923Z #12 4.485   Downloading kombu-5.5.4-py3-none-any.whl.metadata (3.5 kB)
2025-08-21T14:30:13.9014503Z #12 4.510 Collecting python-dateutil>=2.8.2 (from celery==5.3.*->-r requirements.txt (line 11))
2025-08-21T14:30:13.9015217Z #12 4.520   Downloading python_dateutil-2.9.0.post0-py2.py3-none-any.whl.metadata (8.4 kB)
2025-08-21T14:30:13.9016165Z #12 4.541 Collecting tzdata>=2022.7 (from celery==5.3.*->-r requirements.txt (line 11))
2025-08-21T14:30:13.9016812Z #12 4.551   Downloading tzdata-2025.2-py2.py3-none-any.whl.metadata (1.4 kB)
2025-08-21T14:30:14.0039837Z #12 4.568 Collecting vine<6.0,>=5.1.0 (from celery==5.3.*->-r requirements.txt (line 11))
2025-08-21T14:30:14.0040720Z #12 4.579   Downloading vine-5.1.0-py3-none-any.whl.metadata (2.7 kB)
2025-08-21T14:30:14.0042463Z #12 4.647 Collecting urllib3>=1.26.11 (from sentry-sdk==2.9.0->sentry-sdk[celery,fastapi,sqlalchemy]==2.9.0->-r requirements.txt (line 16))
2025-08-21T14:30:14.0044287Z #12 4.658   Downloading urllib3-2.5.0-py3-none-any.whl.metadata (6.5 kB)
2025-08-21T14:30:14.2542290Z #12 4.801 Collecting psycopg-binary==3.2.9 (from psycopg[binary]==3.2.9->-r requirements.txt (line 6))
2025-08-21T14:30:14.2544338Z #12 4.812   Downloading psycopg_binary-3.2.9-cp312-cp312-manylinux_2_17_x86_64.manylinux2014_x86_64.whl.metadata (2.9 kB)
2025-08-21T14:30:14.3687754Z #12 4.925 Collecting prompt-toolkit>=3.0.36 (from click-repl>=0.2.0->celery==5.3.*->-r requirements.txt (line 11))
2025-08-21T14:30:14.3688731Z #12 4.935   Downloading prompt_toolkit-3.0.51-py3-none-any.whl.metadata (6.4 kB)
2025-08-21T14:30:14.3689605Z #12 4.956 Collecting dnspython>=2.0.0 (from email_validator>=2.0.0->fastapi==0.111.0->-r requirements.txt (line 3))
2025-08-21T14:30:14.3690414Z #12 4.966   Downloading dnspython-2.7.0-py3-none-any.whl.metadata (5.8 kB)
2025-08-21T14:30:14.3691189Z #12 4.997 Collecting typer>=0.15.1 (from fastapi-cli>=0.0.2->fastapi==0.111.0->-r requirements.txt (line 3))
2025-08-21T14:30:14.3691945Z #12 5.008   Downloading typer-0.16.1-py3-none-any.whl.metadata (15 kB)
2025-08-21T14:30:14.4785493Z #12 5.041 Collecting rich-toolkit>=0.14.8 (from fastapi-cli>=0.0.2->fastapi==0.111.0->-r requirements.txt (line 3))
2025-08-21T14:30:14.4786546Z #12 5.051   Downloading rich_toolkit-0.15.0-py3-none-any.whl.metadata (1.0 kB)
2025-08-21T14:30:14.4787513Z #12 5.082 Collecting amqp<6.0.0,>=5.1.1 (from kombu<6.0,>=5.3.4->celery==5.3.*->-r requirements.txt (line 11))
2025-08-21T14:30:14.4788391Z #12 5.093   Downloading amqp-5.3.1-py3-none-any.whl.metadata (8.9 kB)
2025-08-21T14:30:14.4789232Z #12 5.122 Collecting packaging (from kombu<6.0,>=5.3.4->celery==5.3.*->-r requirements.txt (line 11))
2025-08-21T14:30:14.4790054Z #12 5.132   Downloading packaging-25.0-py3-none-any.whl.metadata (3.3 kB)
2025-08-21T14:30:14.5800499Z #12 5.155 Collecting annotated-types>=0.6.0 (from pydantic>=2.3.0->pydantic-settings==2.2.1->-r requirements.txt (line 2))
2025-08-21T14:30:14.5802891Z #12 5.166   Downloading annotated_types-0.7.0-py3-none-any.whl.metadata (15 kB)
2025-08-21T14:30:15.1732273Z #12 5.787 Collecting pydantic-core==2.33.2 (from pydantic>=2.3.0->pydantic-settings==2.2.1->-r requirements.txt (line 2))
2025-08-21T14:30:15.1734972Z #12 5.801   Downloading pydantic_core-2.33.2-cp312-cp312-manylinux_2_17_x86_64.manylinux2014_x86_64.whl.metadata (6.8 kB)
2025-08-21T14:30:15.1736251Z #12 5.827 Collecting typing-inspection>=0.4.0 (from pydantic>=2.3.0->pydantic-settings==2.2.1->-r requirements.txt (line 2))
2025-08-21T14:30:15.3710134Z #12 ...
2025-08-21T14:30:15.3710394Z 
2025-08-21T14:30:15.3712389Z #13 [stage-1 3/6] RUN set -eux;     if [ -f /etc/apt/sources.list ]; then         sed -i 's|http://deb.debian.org|https://deb.debian.org|g' /etc/apt/sources.list;     fi;     apt-get update;     apt-get install -y --no-install-recommends tzdata postgresql-client curl;     rm -rf /var/lib/apt/lists/*
2025-08-21T14:30:15.3721059Z #13 0.057 + [ -f /etc/apt/sources.list ]
2025-08-21T14:30:15.3721433Z #13 0.057 + apt-get update
2025-08-21T14:30:15.3721757Z #13 0.120 Hit:1 http://deb.debian.org/debian trixie InRelease
2025-08-21T14:30:15.3722232Z #13 0.121 Get:2 http://deb.debian.org/debian trixie-updates InRelease [47.1 kB]
2025-08-21T14:30:15.3722786Z #13 0.137 Get:3 http://deb.debian.org/debian-security trixie-security InRelease [43.4 kB]
2025-08-21T14:30:15.3724134Z #13 0.148 Get:4 http://deb.debian.org/debian trixie/main amd64 Packages [9668 kB]
2025-08-21T14:30:15.3724771Z #13 0.238 Get:5 http://deb.debian.org/debian trixie-updates/main amd64 Packages [2432 B]
2025-08-21T14:30:15.3725431Z #13 0.238 Get:6 http://deb.debian.org/debian-security trixie-security/main amd64 Packages [20.5 kB]
2025-08-21T14:30:15.3725930Z #13 0.884 Fetched 9781 kB in 1s (12.2 MB/s)
2025-08-21T14:30:15.3726216Z #13 0.884 Reading package lists...
2025-08-21T14:30:15.3726629Z #13 1.390 + apt-get install -y --no-install-recommends tzdata postgresql-client curl
2025-08-21T14:30:15.3727241Z #13 1.401 Reading package lists...
2025-08-21T14:30:15.3727513Z #13 1.906 Building dependency tree...
2025-08-21T14:30:15.3727791Z #13 2.071 Reading state information...
2025-08-21T14:30:15.3728117Z #13 2.234 tzdata is already the newest version (2025b-4).
2025-08-21T14:30:15.3728506Z #13 2.234 The following additional packages will be installed:
2025-08-21T14:30:15.3728988Z #13 2.234   libbrotli1 libcom-err2 libcurl4t64 libgdbm-compat4t64 libgnutls30t64
2025-08-21T14:30:15.3729521Z #13 2.234   libgssapi-krb5-2 libidn2-0 libk5crypto3 libkeyutils1 libkrb5-3
2025-08-21T14:30:15.3730079Z #13 2.234   libkrb5support0 libldap2 libnghttp2-14 libnghttp3-9 libp11-kit0 libperl5.40
2025-08-21T14:30:15.3730677Z #13 2.235   libpq5 libpsl5t64 librtmp1 libsasl2-2 libsasl2-modules-db libssh2-1t64
2025-08-21T14:30:15.3731230Z #13 2.235   libtasn1-6 libunistring5 perl perl-modules-5.40 postgresql-client-17
2025-08-21T14:30:15.3731657Z #13 2.236   postgresql-client-common sensible-utils
2025-08-21T14:30:15.3731938Z #13 2.237 Suggested packages:
2025-08-21T14:30:15.3732259Z #13 2.237   gnutls-bin krb5-doc krb5-user perl-doc libterm-readline-gnu-perl
2025-08-21T14:30:15.3732731Z #13 2.237   | libterm-readline-perl-perl make libtap-harness-archive-perl postgresql-17
2025-08-21T14:30:15.3733102Z #13 2.237   postgresql-doc-17
2025-08-21T14:30:15.3733315Z #13 2.237 Recommended packages:
2025-08-21T14:30:15.3733768Z #13 2.237   bash-completion krb5-locales libldap-common publicsuffix libsasl2-modules
2025-08-21T14:30:15.3734177Z #13 2.423 The following NEW packages will be installed:
2025-08-21T14:30:15.3734549Z #13 2.423   curl libbrotli1 libcom-err2 libcurl4t64 libgdbm-compat4t64 libgnutls30t64
2025-08-21T14:30:15.3734988Z #13 2.423   libgssapi-krb5-2 libidn2-0 libk5crypto3 libkeyutils1 libkrb5-3
2025-08-21T14:30:15.3735439Z #13 2.423   libkrb5support0 libldap2 libnghttp2-14 libnghttp3-9 libp11-kit0 libperl5.40
2025-08-21T14:30:15.3735901Z #13 2.424   libpq5 libpsl5t64 librtmp1 libsasl2-2 libsasl2-modules-db libssh2-1t64
2025-08-21T14:30:15.3736343Z #13 2.424   libtasn1-6 libunistring5 perl perl-modules-5.40 postgresql-client
2025-08-21T14:30:15.3736759Z #13 2.424   postgresql-client-17 postgresql-client-common sensible-utils
2025-08-21T14:30:15.3737155Z #13 2.477 0 upgraded, 31 newly installed, 0 to remove and 0 not upgraded.
2025-08-21T14:30:15.3737464Z #13 2.477 Need to get 14.9 MB of archives.
2025-08-21T14:30:15.3737788Z #13 2.477 After this operation, 78.1 MB of additional disk space will be used.
2025-08-21T14:30:15.3738267Z #13 2.477 Get:1 http://deb.debian.org/debian trixie/main amd64 sensible-utils all 0.0.25 [25.0 kB]
2025-08-21T14:30:15.3738806Z #13 2.487 Get:2 http://deb.debian.org/debian trixie/main amd64 perl-modules-5.40 all 5.40.1-6 [3019 kB]
2025-08-21T14:30:15.3739365Z #13 2.534 Get:3 http://deb.debian.org/debian trixie/main amd64 libgdbm-compat4t64 amd64 1.24-2 [50.3 kB]
2025-08-21T14:30:15.3739894Z #13 2.535 Get:4 http://deb.debian.org/debian trixie/main amd64 libperl5.40 amd64 5.40.1-6 [4341 kB]
2025-08-21T14:30:15.3740400Z #13 2.551 Get:5 http://deb.debian.org/debian trixie/main amd64 perl amd64 5.40.1-6 [267 kB]
2025-08-21T14:30:15.3740892Z #13 2.553 Get:6 http://deb.debian.org/debian trixie/main amd64 libbrotli1 amd64 1.1.0-2+b7 [307 kB]
2025-08-21T14:30:15.3741420Z #13 2.554 Get:7 http://deb.debian.org/debian trixie/main amd64 libkrb5support0 amd64 1.21.3-5 [33.0 kB]
2025-08-21T14:30:15.3742096Z #13 2.554 Get:8 http://deb.debian.org/debian trixie/main amd64 libcom-err2 amd64 1.47.2-3+b3 [25.0 kB]
2025-08-21T14:30:15.3742618Z #13 2.555 Get:9 http://deb.debian.org/debian trixie/main amd64 libk5crypto3 amd64 1.21.3-5 [81.5 kB]
2025-08-21T14:30:15.3743130Z #13 2.555 Get:10 http://deb.debian.org/debian trixie/main amd64 libkeyutils1 amd64 1.6.3-6 [9456 B]
2025-08-21T14:30:15.3743739Z #13 2.555 Get:11 http://deb.debian.org/debian trixie/main amd64 libkrb5-3 amd64 1.21.3-5 [326 kB]
2025-08-21T14:30:15.3744258Z #13 2.557 Get:12 http://deb.debian.org/debian trixie/main amd64 libgssapi-krb5-2 amd64 1.21.3-5 [138 kB]
2025-08-21T14:30:15.3744936Z #13 2.558 Get:13 http://deb.debian.org/debian trixie/main amd64 libunistring5 amd64 1.3-2 [477 kB]
2025-08-21T14:30:15.3745433Z #13 2.561 Get:14 http://deb.debian.org/debian trixie/main amd64 libidn2-0 amd64 2.3.8-2 [109 kB]
2025-08-21T14:30:15.3745984Z #13 2.569 Get:15 http://deb.debian.org/debian trixie/main amd64 libsasl2-modules-db amd64 2.1.28+dfsg1-9 [19.8 kB]
2025-08-21T14:30:15.3746569Z #13 2.570 Get:16 http://deb.debian.org/debian trixie/main amd64 libsasl2-2 amd64 2.1.28+dfsg1-9 [57.5 kB]
2025-08-21T14:30:15.3747096Z #13 2.571 Get:17 http://deb.debian.org/debian trixie/main amd64 libldap2 amd64 2.6.10+dfsg-1 [194 kB]
2025-08-21T14:30:15.3747621Z #13 2.572 Get:18 http://deb.debian.org/debian trixie/main amd64 libnghttp2-14 amd64 1.64.0-1.1 [76.0 kB]
2025-08-21T14:30:15.3748141Z #13 2.573 Get:19 http://deb.debian.org/debian trixie/main amd64 libnghttp3-9 amd64 1.8.0-1 [67.7 kB]
2025-08-21T14:30:15.3748664Z #13 2.573 Get:20 http://deb.debian.org/debian trixie/main amd64 libpsl5t64 amd64 0.21.2-1.1+b1 [57.2 kB]
2025-08-21T14:30:15.3749186Z #13 2.573 Get:21 http://deb.debian.org/debian trixie/main amd64 libp11-kit0 amd64 0.25.5-3 [425 kB]
2025-08-21T14:30:15.3749686Z #13 2.575 Get:22 http://deb.debian.org/debian trixie/main amd64 libtasn1-6 amd64 4.20.0-2 [49.9 kB]
2025-08-21T14:30:15.3750201Z #13 2.576 Get:23 http://deb.debian.org/debian trixie/main amd64 libgnutls30t64 amd64 3.8.9-3 [1465 kB]
2025-08-21T14:30:15.3750785Z #13 2.582 Get:24 http://deb.debian.org/debian trixie/main amd64 librtmp1 amd64 2.4+20151223.gitfa8646d.1-2+b5 [58.8 kB]
2025-08-21T14:30:15.3751368Z #13 2.589 Get:25 http://deb.debian.org/debian trixie/main amd64 libssh2-1t64 amd64 1.11.1-1 [245 kB]
2025-08-21T14:30:15.3751875Z #13 2.591 Get:26 http://deb.debian.org/debian trixie/main amd64 libcurl4t64 amd64 8.14.1-2 [391 kB]
2025-08-21T14:30:15.3752360Z #13 2.594 Get:27 http://deb.debian.org/debian trixie/main amd64 curl amd64 8.14.1-2 [269 kB]
2025-08-21T14:30:15.3752832Z #13 2.597 Get:28 http://deb.debian.org/debian trixie/main amd64 libpq5 amd64 17.5-1 [226 kB]
2025-08-21T14:30:15.3753353Z #13 2.599 Get:29 http://deb.debian.org/debian trixie/main amd64 postgresql-client-common all 278 [47.1 kB]
2025-08-21T14:30:15.3754167Z #13 2.599 Get:30 http://deb.debian.org/debian trixie/main amd64 postgresql-client-17 amd64 17.5-1 [2025 kB]
2025-08-21T14:30:15.3754724Z #13 2.608 Get:31 http://deb.debian.org/debian trixie/main amd64 postgresql-client all 17+278 [14.0 kB]
2025-08-21T14:30:15.3755122Z #13 3.775 Fetched 14.9 MB in 0s (86.2 MB/s)
2025-08-21T14:30:15.3755434Z #13 3.789 Selecting previously unselected package sensible-utils.
2025-08-21T14:30:15.3755733Z #13 3.789 (Reading database ... 
2025-08-21T14:30:15.3755948Z (Reading database ... 5%
2025-08-21T14:30:15.3756140Z (Reading database ... 10%
2025-08-21T14:30:15.3756336Z (Reading database ... 15%
2025-08-21T14:30:15.3756518Z (Reading database ... 20%
2025-08-21T14:30:15.3756705Z (Reading database ... 25%
2025-08-21T14:30:15.3756886Z (Reading database ... 30%
2025-08-21T14:30:15.3757076Z (Reading database ... 35%
2025-08-21T14:30:15.3757263Z (Reading database ... 40%
2025-08-21T14:30:15.3757440Z (Reading database ... 45%
2025-08-21T14:30:15.3757629Z (Reading database ... 50%
2025-08-21T14:30:15.3757806Z (Reading database ... 55%
2025-08-21T14:30:15.3757989Z (Reading database ... 60%
2025-08-21T14:30:15.3758169Z (Reading database ... 65%
2025-08-21T14:30:15.3758354Z (Reading database ... 70%
2025-08-21T14:30:15.3758532Z (Reading database ... 75%
2025-08-21T14:30:15.3758842Z (Reading database ... 80%
2025-08-21T14:30:15.3759026Z (Reading database ... 85%
2025-08-21T14:30:15.3759209Z (Reading database ... 90%
2025-08-21T14:30:15.3759394Z (Reading database ... 95%
2025-08-21T14:30:15.3759580Z (Reading database ... 100%
2025-08-21T14:30:15.3759866Z (Reading database ... 5643 files and directories currently installed.)
2025-08-21T14:30:15.3760252Z #13 3.795 Preparing to unpack .../00-sensible-utils_0.0.25_all.deb ...
2025-08-21T14:30:15.3760575Z #13 3.796 Unpacking sensible-utils (0.0.25) ...
2025-08-21T14:30:15.3761027Z #13 3.819 Selecting previously unselected package perl-modules-5.40.
2025-08-21T14:30:15.3761420Z #13 3.820 Preparing to unpack .../01-perl-modules-5.40_5.40.1-6_all.deb ...
2025-08-21T14:30:15.3761756Z #13 3.822 Unpacking perl-modules-5.40 (5.40.1-6) ...
2025-08-21T14:30:15.3762111Z #13 4.123 Selecting previously unselected package libgdbm-compat4t64:amd64.
2025-08-21T14:30:15.3762528Z #13 4.124 Preparing to unpack .../02-libgdbm-compat4t64_1.24-2_amd64.deb ...
2025-08-21T14:30:15.3762876Z #13 4.129 Unpacking libgdbm-compat4t64:amd64 (1.24-2) ...
2025-08-21T14:30:15.3763221Z #13 4.148 Selecting previously unselected package libperl5.40:amd64.
2025-08-21T14:30:15.3763862Z #13 4.150 Preparing to unpack .../03-libperl5.40_5.40.1-6_amd64.deb ...
2025-08-21T14:30:15.3764188Z #13 4.151 Unpacking libperl5.40:amd64 (5.40.1-6) ...
2025-08-21T14:30:15.3764474Z #13 4.375 Selecting previously unselected package perl.
2025-08-21T14:30:15.3764793Z #13 4.376 Preparing to unpack .../04-perl_5.40.1-6_amd64.deb ...
2025-08-21T14:30:15.3765087Z #13 4.378 Unpacking perl (5.40.1-6) ...
2025-08-21T14:30:15.3765387Z #13 4.406 Selecting previously unselected package libbrotli1:amd64.
2025-08-21T14:30:15.3765765Z #13 4.407 Preparing to unpack .../05-libbrotli1_1.1.0-2+b7_amd64.deb ...
2025-08-21T14:30:15.3766090Z #13 4.409 Unpacking libbrotli1:amd64 (1.1.0-2+b7) ...
2025-08-21T14:30:15.3766439Z #13 4.440 Selecting previously unselected package libkrb5support0:amd64.
2025-08-21T14:30:15.3766836Z #13 4.442 Preparing to unpack .../06-libkrb5support0_1.21.3-5_amd64.deb ...
2025-08-21T14:30:15.3767183Z #13 4.443 Unpacking libkrb5support0:amd64 (1.21.3-5) ...
2025-08-21T14:30:15.3767524Z #13 4.463 Selecting previously unselected package libcom-err2:amd64.
2025-08-21T14:30:15.3767898Z #13 4.465 Preparing to unpack .../07-libcom-err2_1.47.2-3+b3_amd64.deb ...
2025-08-21T14:30:15.3768244Z #13 4.467 Unpacking libcom-err2:amd64 (1.47.2-3+b3) ...
2025-08-21T14:30:15.3768584Z #13 4.486 Selecting previously unselected package libk5crypto3:amd64.
2025-08-21T14:30:15.3768992Z #13 4.488 Preparing to unpack .../08-libk5crypto3_1.21.3-5_amd64.deb ...
2025-08-21T14:30:15.3769324Z #13 4.489 Unpacking libk5crypto3:amd64 (1.21.3-5) ...
2025-08-21T14:30:15.3769665Z #13 4.510 Selecting previously unselected package libkeyutils1:amd64.
2025-08-21T14:30:15.3770052Z #13 4.511 Preparing to unpack .../09-libkeyutils1_1.6.3-6_amd64.deb ...
2025-08-21T14:30:15.3770381Z #13 4.513 Unpacking libkeyutils1:amd64 (1.6.3-6) ...
2025-08-21T14:30:15.3770717Z #13 4.531 Selecting previously unselected package libkrb5-3:amd64.
2025-08-21T14:30:15.3771071Z #13 4.532 Preparing to unpack .../10-libkrb5-3_1.21.3-5_amd64.deb ...
2025-08-21T14:30:15.3771391Z #13 4.534 Unpacking libkrb5-3:amd64 (1.21.3-5) ...
2025-08-21T14:30:15.3771731Z #13 4.566 Selecting previously unselected package libgssapi-krb5-2:amd64.
2025-08-21T14:30:15.3772139Z #13 4.567 Preparing to unpack .../11-libgssapi-krb5-2_1.21.3-5_amd64.deb ...
2025-08-21T14:30:15.3772582Z #13 4.569 Unpacking libgssapi-krb5-2:amd64 (1.21.3-5) ...
2025-08-21T14:30:15.3772932Z #13 4.593 Selecting previously unselected package libunistring5:amd64.
2025-08-21T14:30:15.3773305Z #13 4.594 Preparing to unpack .../12-libunistring5_1.3-2_amd64.deb ...
2025-08-21T14:30:15.3773923Z #13 4.596 Unpacking libunistring5:amd64 (1.3-2) ...
2025-08-21T14:30:15.3774248Z #13 4.637 Selecting previously unselected package libidn2-0:amd64.
2025-08-21T14:30:15.3774765Z #13 4.639 Preparing to unpack .../13-libidn2-0_2.3.8-2_amd64.deb ...
2025-08-21T14:30:15.3775078Z #13 4.640 Unpacking libidn2-0:amd64 (2.3.8-2) ...
2025-08-21T14:30:15.3775423Z #13 4.661 Selecting previously unselected package libsasl2-modules-db:amd64.
2025-08-21T14:30:15.3775861Z #13 4.662 Preparing to unpack .../14-libsasl2-modules-db_2.1.28+dfsg1-9_amd64.deb ...
2025-08-21T14:30:15.3776264Z #13 4.664 Unpacking libsasl2-modules-db:amd64 (2.1.28+dfsg1-9) ...
2025-08-21T14:30:15.3776624Z #13 4.679 Selecting previously unselected package libsasl2-2:amd64.
2025-08-21T14:30:15.3777123Z #13 4.681 Preparing to unpack .../15-libsasl2-2_2.1.28+dfsg1-9_amd64.deb ...
2025-08-21T14:30:15.3777467Z #13 4.682 Unpacking libsasl2-2:amd64 (2.1.28+dfsg1-9) ...
2025-08-21T14:30:15.3777791Z #13 4.702 Selecting previously unselected package libldap2:amd64.
2025-08-21T14:30:15.3778149Z #13 4.703 Preparing to unpack .../16-libldap2_2.6.10+dfsg-1_amd64.deb ...
2025-08-21T14:30:15.3778483Z #13 4.706 Unpacking libldap2:amd64 (2.6.10+dfsg-1) ...
2025-08-21T14:30:15.3778821Z #13 4.731 Selecting previously unselected package libnghttp2-14:amd64.
2025-08-21T14:30:15.3779211Z #13 4.733 Preparing to unpack .../17-libnghttp2-14_1.64.0-1.1_amd64.deb ...
2025-08-21T14:30:15.3779550Z #13 4.734 Unpacking libnghttp2-14:amd64 (1.64.0-1.1) ...
2025-08-21T14:30:15.3779887Z #13 4.754 Selecting previously unselected package libnghttp3-9:amd64.
2025-08-21T14:30:15.3780286Z #13 4.756 Preparing to unpack .../18-libnghttp3-9_1.8.0-1_amd64.deb ...
2025-08-21T14:30:15.3780618Z #13 4.757 Unpacking libnghttp3-9:amd64 (1.8.0-1) ...
2025-08-21T14:30:15.3780956Z #13 4.777 Selecting previously unselected package libpsl5t64:amd64.
2025-08-21T14:30:15.3781334Z #13 4.778 Preparing to unpack .../19-libpsl5t64_0.21.2-1.1+b1_amd64.deb ...
2025-08-21T14:30:15.3781672Z #13 4.780 Unpacking libpsl5t64:amd64 (0.21.2-1.1+b1) ...
2025-08-21T14:30:15.3782001Z #13 4.799 Selecting previously unselected package libp11-kit0:amd64.
2025-08-21T14:30:15.3782377Z #13 4.801 Preparing to unpack .../20-libp11-kit0_0.25.5-3_amd64.deb ...
2025-08-21T14:30:15.3782693Z #13 4.804 Unpacking libp11-kit0:amd64 (0.25.5-3) ...
2025-08-21T14:30:15.3783012Z #13 4.838 Selecting previously unselected package libtasn1-6:amd64.
2025-08-21T14:30:15.3783374Z #13 4.839 Preparing to unpack .../21-libtasn1-6_4.20.0-2_amd64.deb ...
2025-08-21T14:30:15.3783826Z #13 4.841 Unpacking libtasn1-6:amd64 (4.20.0-2) ...
2025-08-21T14:30:15.3784166Z #13 4.859 Selecting previously unselected package libgnutls30t64:amd64.
2025-08-21T14:30:15.3784544Z #13 4.861 Preparing to unpack .../22-libgnutls30t64_3.8.9-3_amd64.deb ...
2025-08-21T14:30:15.3784889Z #13 4.862 Unpacking libgnutls30t64:amd64 (3.8.9-3) ...
2025-08-21T14:30:15.3785219Z #13 4.919 Selecting previously unselected package librtmp1:amd64.
2025-08-21T14:30:15.3785645Z #13 4.921 Preparing to unpack .../23-librtmp1_2.4+20151223.gitfa8646d.1-2+b5_amd64.deb ...
2025-08-21T14:30:15.3786066Z #13 4.922 Unpacking librtmp1:amd64 (2.4+20151223.gitfa8646d.1-2+b5) ...
2025-08-21T14:30:15.3786444Z #13 4.941 Selecting previously unselected package libssh2-1t64:amd64.
2025-08-21T14:30:15.3786822Z #13 4.943 Preparing to unpack .../24-libssh2-1t64_1.11.1-1_amd64.deb ...
2025-08-21T14:30:15.3787143Z #13 4.944 Unpacking libssh2-1t64:amd64 (1.11.1-1) ...
2025-08-21T14:30:15.3787485Z #13 4.967 Selecting previously unselected package libcurl4t64:amd64.
2025-08-21T14:30:15.3805803Z #13 4.969 Preparing to unpack .../25-libcurl4t64_8.14.1-2_amd64.deb ...
2025-08-21T14:30:15.3806207Z #13 4.970 Unpacking libcurl4t64:amd64 (8.14.1-2) ...
2025-08-21T14:30:15.3806529Z #13 5.004 Selecting previously unselected package curl.
2025-08-21T14:30:15.3806868Z #13 5.006 Preparing to unpack .../26-curl_8.14.1-2_amd64.deb ...
2025-08-21T14:30:15.3807165Z #13 5.007 Unpacking curl (8.14.1-2) ...
2025-08-21T14:30:15.3807458Z #13 5.033 Selecting previously unselected package libpq5:amd64.
2025-08-21T14:30:15.3807816Z #13 5.035 Preparing to unpack .../27-libpq5_17.5-1_amd64.deb ...
2025-08-21T14:30:15.3808287Z #13 5.036 Unpacking libpq5:amd64 (17.5-1) ...
2025-08-21T14:30:15.3808671Z #13 5.067 Selecting previously unselected package postgresql-client-common.
2025-08-21T14:30:15.3809111Z #13 5.068 Preparing to unpack .../28-postgresql-client-common_278_all.deb ...
2025-08-21T14:30:15.3809490Z #13 5.074 Unpacking postgresql-client-common (278) ...
2025-08-21T14:30:15.3809854Z #13 5.095 Selecting previously unselected package postgresql-client-17.
2025-08-21T14:30:15.3810263Z #13 5.097 Preparing to unpack .../29-postgresql-client-17_17.5-1_amd64.deb ...
2025-08-21T14:30:15.3810764Z #13 5.098 Unpacking postgresql-client-17 (17.5-1) ...
2025-08-21T14:30:15.3811098Z #13 5.212 Selecting previously unselected package postgresql-client.
2025-08-21T14:30:15.3811494Z #13 5.214 Preparing to unpack .../30-postgresql-client_17+278_all.deb ...
2025-08-21T14:30:15.3811830Z #13 5.215 Unpacking postgresql-client (17+278) ...
2025-08-21T14:30:15.3812115Z #13 5.237 Setting up libkeyutils1:amd64 (1.6.3-6) ...
2025-08-21T14:30:15.3812427Z #13 5.240 Setting up libgdbm-compat4t64:amd64 (1.24-2) ...
2025-08-21T14:30:15.3812726Z #13 5.245 Setting up libbrotli1:amd64 (1.1.0-2+b7) ...
2025-08-21T14:30:15.3813021Z #13 5.248 Setting up libnghttp2-14:amd64 (1.64.0-1.1) ...
2025-08-21T14:30:15.3813321Z #13 5.251 Setting up libcom-err2:amd64 (1.47.2-3+b3) ...
2025-08-21T14:30:15.3813830Z #13 5.254 Setting up libkrb5support0:amd64 (1.21.3-5) ...
2025-08-21T14:30:15.3814163Z #13 5.257 Setting up libsasl2-modules-db:amd64 (2.1.28+dfsg1-9) ...
2025-08-21T14:30:15.3814487Z #13 5.260 Setting up libp11-kit0:amd64 (0.25.5-3) ...
2025-08-21T14:30:15.3814777Z #13 5.263 Setting up libunistring5:amd64 (1.3-2) ...
2025-08-21T14:30:15.3815056Z #13 5.266 Setting up libk5crypto3:amd64 (1.21.3-5) ...
2025-08-21T14:30:15.3815351Z #13 5.269 Setting up libsasl2-2:amd64 (2.1.28+dfsg1-9) ...
2025-08-21T14:30:15.3815635Z #13 5.272 Setting up libnghttp3-9:amd64 (1.8.0-1) ...
2025-08-21T14:30:15.3815911Z #13 5.274 Setting up perl-modules-5.40 (5.40.1-6) ...
2025-08-21T14:30:15.3816181Z #13 5.278 Setting up sensible-utils (0.0.25) ...
2025-08-21T14:30:15.3816455Z #13 5.281 Setting up libtasn1-6:amd64 (4.20.0-2) ...
2025-08-21T14:30:15.3816719Z #13 5.284 Setting up libkrb5-3:amd64 (1.21.3-5) ...
2025-08-21T14:30:15.3816994Z #13 5.288 Setting up libssh2-1t64:amd64 (1.11.1-1) ...
2025-08-21T14:30:15.3817277Z #13 5.291 Setting up libldap2:amd64 (2.6.10+dfsg-1) ...
2025-08-21T14:30:15.3817548Z #13 5.294 Setting up libidn2-0:amd64 (2.3.8-2) ...
2025-08-21T14:30:15.3817816Z #13 5.297 Setting up libperl5.40:amd64 (5.40.1-6) ...
2025-08-21T14:30:15.3818076Z #13 5.300 Setting up perl (5.40.1-6) ...
2025-08-21T14:30:15.3818346Z #13 5.307 Setting up libgssapi-krb5-2:amd64 (1.21.3-5) ...
2025-08-21T14:30:15.3818635Z #13 5.311 Setting up libgnutls30t64:amd64 (3.8.9-3) ...
2025-08-21T14:30:15.3818926Z #13 5.314 Setting up postgresql-client-common (278) ...
2025-08-21T14:30:15.3819222Z #13 5.323 Setting up libpsl5t64:amd64 (0.21.2-1.1+b1) ...
2025-08-21T14:30:15.3819492Z #13 5.326 Setting up libpq5:amd64 (17.5-1) ...
2025-08-21T14:30:15.3819805Z #13 5.329 Setting up librtmp1:amd64 (2.4+20151223.gitfa8646d.1-2+b5) ...
2025-08-21T14:30:15.3820122Z #13 5.332 Setting up libcurl4t64:amd64 (8.14.1-2) ...
2025-08-21T14:30:15.3820406Z #13 5.335 Setting up postgresql-client-17 (17.5-1) ...
2025-08-21T14:30:15.3820991Z #13 5.715 update-alternatives: using /usr/share/postgresql/17/man/man1/psql.1.gz to provide /usr/share/man/man1/psql.1.gz (psql.1.gz) in auto mode
2025-08-21T14:30:15.3821550Z #13 5.760 Setting up curl (8.14.1-2) ...
2025-08-21T14:30:15.3821808Z #13 5.763 Setting up postgresql-client (17+278) ...
2025-08-21T14:30:15.3822097Z #13 5.766 Processing triggers for libc-bin (2.41-12) ...
2025-08-21T14:30:15.3824366Z #13 5.794 + rm -rf /var/lib/apt/lists/auxfiles /var/lib/apt/lists/deb.debian.org_debian-security_dists_trixie-security_InRelease /var/lib/apt/lists/deb.debian.org_debian-security_dists_trixie-security_main_binary-amd64_Packages.lz4 /var/lib/apt/lists/deb.debian.org_debian_dists_trixie-updates_InRelease /var/lib/apt/lists/deb.debian.org_debian_dists_trixie-updates_main_binary-amd64_Packages.lz4 /var/lib/apt/lists/deb.debian.org_debian_dists_trixie_InRelease /var/lib/apt/lists/deb.debian.org_debian_dists_trixie_main_binary-amd64_Packages.lz4 /var/lib/apt/lists/lock /var/lib/apt/lists/partial
2025-08-21T14:30:15.3826391Z #13 DONE 5.9s
2025-08-21T14:30:15.3826493Z 
2025-08-21T14:30:15.3826642Z #12 [base  4/13] RUN pip install --no-cache-dir -r requirements.txt
2025-08-21T14:30:15.3827079Z #12 5.837   Downloading typing_inspection-0.4.1-py3-none-any.whl.metadata (2.6 kB)
2025-08-21T14:30:15.3827734Z #12 5.863 Collecting six>=1.5 (from python-dateutil>=2.8.2->celery==5.3.*->-r requirements.txt (line 11))
2025-08-21T14:30:15.3828226Z #12 5.874   Downloading six-1.17.0-py2.py3-none-any.whl.metadata (1.7 kB)
2025-08-21T14:30:15.4844731Z #12 6.138 Collecting httptools>=0.5.0 (from uvicorn[standard]>=0.12.0->fastapi==0.111.0->-r requirements.txt (line 3))
2025-08-21T14:30:15.5856311Z #12 6.148   Downloading httptools-0.6.4-cp312-cp312-manylinux_2_5_x86_64.manylinux1_x86_64.manylinux_2_17_x86_64.manylinux2014_x86_64.whl.metadata (3.6 kB)
2025-08-21T14:30:15.5858522Z #12 6.190 Collecting pyyaml>=5.1 (from uvicorn[standard]>=0.12.0->fastapi==0.111.0->-r requirements.txt (line 3))
2025-08-21T14:30:15.5859602Z #12 6.201   Downloading PyYAML-6.0.2-cp312-cp312-manylinux_2_17_x86_64.manylinux2014_x86_64.whl.metadata (2.1 kB)
2025-08-21T14:30:15.5860619Z #12 6.239 Collecting uvloop!=0.15.0,!=0.15.1,>=0.14.0 (from uvicorn[standard]>=0.12.0->fastapi==0.111.0->-r requirements.txt (line 3))
2025-08-21T14:30:15.7122619Z #12 6.250   Downloading uvloop-0.21.0-cp312-cp312-manylinux_2_17_x86_64.manylinux2014_x86_64.whl.metadata (4.9 kB)
2025-08-21T14:30:15.7124351Z #12 6.366 Collecting watchfiles>=0.13 (from uvicorn[standard]>=0.12.0->fastapi==0.111.0->-r requirements.txt (line 3))
2025-08-21T14:30:15.8400046Z #12 6.376   Downloading watchfiles-1.1.0-cp312-cp312-manylinux_2_17_x86_64.manylinux2014_x86_64.whl.metadata (4.9 kB)
2025-08-21T14:30:15.8401361Z #12 6.451 Collecting websockets>=10.4 (from uvicorn[standard]>=0.12.0->fastapi==0.111.0->-r requirements.txt (line 3))
2025-08-21T14:30:15.8403372Z #12 6.461   Downloading websockets-15.0.1-cp312-cp312-manylinux_2_5_x86_64.manylinux1_x86_64.manylinux_2_17_x86_64.manylinux2014_x86_64.whl.metadata (6.8 kB)
2025-08-21T14:30:15.8405367Z #12 6.494 Collecting wcwidth (from prompt-toolkit>=3.0.36->click-repl>=0.2.0->celery==5.3.*->-r requirements.txt (line 11))
2025-08-21T14:30:15.9412954Z #12 6.504   Downloading wcwidth-0.2.13-py2.py3-none-any.whl.metadata (14 kB)
2025-08-21T14:30:15.9414243Z #12 6.553 Collecting rich>=13.7.1 (from rich-toolkit>=0.14.8->fastapi-cli>=0.0.2->fastapi==0.111.0->-r requirements.txt (line 3))
2025-08-21T14:30:15.9415220Z #12 6.563   Downloading rich-14.1.0-py3-none-any.whl.metadata (18 kB)
2025-08-21T14:30:15.9416177Z #12 6.595 Collecting shellingham>=1.3.0 (from typer>=0.15.1->fastapi-cli>=0.0.2->fastapi==0.111.0->-r requirements.txt (line 3))
2025-08-21T14:30:16.0432661Z #12 6.605   Downloading shellingham-1.5.4-py2.py3-none-any.whl.metadata (3.5 kB)
2025-08-21T14:30:16.0434388Z #12 6.659 Collecting markdown-it-py>=2.2.0 (from rich>=13.7.1->rich-toolkit>=0.14.8->fastapi-cli>=0.0.2->fastapi==0.111.0->-r requirements.txt (line 3))
2025-08-21T14:30:16.0435729Z #12 6.669   Downloading markdown_it_py-4.0.0-py3-none-any.whl.metadata (7.3 kB)
2025-08-21T14:30:16.0436541Z #12 6.697 Collecting pygments<3.0.0,>=2.13.0 (from rich>=13.7.1->rich-toolkit>=0.14.8->fastapi-cli>=0.0.2->fastapi==0.111.0->-r requirements.txt (line 3))
2025-08-21T14:30:16.1717839Z #12 6.708   Downloading pygments-2.19.2-py3-none-any.whl.metadata (2.5 kB)
2025-08-21T14:30:16.1719126Z #12 6.727 Collecting mdurl~=0.1 (from markdown-it-py>=2.2.0->rich>=13.7.1->rich-toolkit>=0.14.8->fastapi-cli>=0.0.2->fastapi==0.111.0->-r requirements.txt (line 3))
2025-08-21T14:30:16.1720245Z #12 6.737   Downloading mdurl-0.1.2-py3-none-any.whl.metadata (1.6 kB)
2025-08-21T14:30:16.1720933Z #12 6.755 Downloading uvicorn-0.29.0-py3-none-any.whl (60 kB)
2025-08-21T14:30:16.1722003Z #12 6.766 Downloading pydantic_settings-2.2.1-py3-none-any.whl (13 kB)
2025-08-21T14:30:16.1722742Z #12 6.777 Downloading fastapi-0.111.0-py3-none-any.whl (91 kB)
2025-08-21T14:30:16.1723863Z #12 6.789 Downloading SQLAlchemy-2.0.29-cp312-cp312-manylinux_2_17_x86_64.manylinux2014_x86_64.whl (3.2 MB)
2025-08-21T14:30:16.2746702Z #12 6.825    ━━━━━━━━━━━━━━━━━━━━━━━━━━━━━━━━━━━━━━━━ 3.2/3.2 MB 119.5 MB/s eta 0:00:00
2025-08-21T14:30:16.2747513Z #12 6.836 Downloading alembic-1.13.1-py3-none-any.whl (233 kB)
2025-08-21T14:30:16.2748654Z #12 6.847 Downloading psycopg-3.2.9-py3-none-any.whl (202 kB)
2025-08-21T14:30:16.2749288Z #12 6.857 Downloading httpx-0.27.2-py3-none-any.whl (76 kB)
2025-08-21T14:30:16.2750126Z #12 6.870 Downloading asyncpg-0.29.0-cp312-cp312-manylinux_2_17_x86_64.manylinux2014_x86_64.whl (3.3 MB)
2025-08-21T14:30:16.2751288Z #12 6.882    ━━━━━━━━━━━━━━━━━━━━━━━━━━━━━━━━━━━━━━━━ 3.3/3.3 MB 321.7 MB/s eta 0:00:00
2025-08-21T14:30:16.2751930Z #12 6.893 Downloading boto3-1.34.162-py3-none-any.whl (139 kB)
2025-08-21T14:30:16.2752308Z #12 6.903 Downloading jinja2-3.1.5-py3-none-any.whl (134 kB)
2025-08-21T14:30:16.2752663Z #12 6.917 Downloading celery-5.3.6-py3-none-any.whl (422 kB)
2025-08-21T14:30:16.2753008Z #12 6.928 Downloading structlog-24.1.0-py3-none-any.whl (65 kB)
2025-08-21T14:30:16.3838866Z #12 6.943 Downloading asgi_correlation_id-4.3.1-py3-none-any.whl (15 kB)
2025-08-21T14:30:16.3839967Z #12 6.953 Downloading fastapi_limiter-0.1.6-py3-none-any.whl (15 kB)
2025-08-21T14:30:16.3840887Z #12 6.963 Downloading redis-5.0.8-py3-none-any.whl (255 kB)
2025-08-21T14:30:16.3841592Z #12 6.974 Downloading sentry_sdk-2.9.0-py2.py3-none-any.whl (301 kB)
2025-08-21T14:30:16.3842176Z #12 6.985 Downloading httpcore-1.0.9-py3-none-any.whl (78 kB)
2025-08-21T14:30:16.3842941Z #12 6.999 Downloading psycopg_binary-3.2.9-cp312-cp312-manylinux_2_17_x86_64.manylinux2014_x86_64.whl (4.4 MB)
2025-08-21T14:30:16.3844247Z #12 7.014    ━━━━━━━━━━━━━━━━━━━━━━━━━━━━━━━━━━━━━━━━ 4.4/4.4 MB 339.3 MB/s eta 0:00:00
2025-08-21T14:30:16.3844716Z #12 7.025 Downloading billiard-4.2.1-py3-none-any.whl (86 kB)
2025-08-21T14:30:16.3845280Z #12 7.038 Downloading botocore-1.34.162-py3-none-any.whl (12.5 MB)
2025-08-21T14:30:16.4886565Z #12 7.071    ━━━━━━━━━━━━━━━━━━━━━━━━━━━━━━━━━━━━━━━━ 12.5/12.5 MB 409.1 MB/s eta 0:00:00
2025-08-21T14:30:16.4887389Z #12 7.081 Downloading click-8.2.1-py3-none-any.whl (102 kB)
2025-08-21T14:30:16.4888168Z #12 7.092 Downloading click_didyoumean-0.3.1-py3-none-any.whl (3.6 kB)
2025-08-21T14:30:16.4889126Z #12 7.102 Downloading click_plugins-1.1.1.2-py2.py3-none-any.whl (11 kB)
2025-08-21T14:30:16.4889980Z #12 7.112 Downloading click_repl-0.3.0-py3-none-any.whl (10 kB)
2025-08-21T14:30:16.4890811Z #12 7.122 Downloading email_validator-2.2.0-py3-none-any.whl (33 kB)
2025-08-21T14:30:16.4891655Z #12 7.132 Downloading fastapi_cli-0.0.8-py3-none-any.whl (10 kB)
2025-08-21T14:30:16.4892592Z #12 7.142 Downloading greenlet-3.2.4-cp312-cp312-manylinux_2_24_x86_64.manylinux_2_28_x86_64.whl (607 kB)
2025-08-21T14:30:16.5904002Z #12 7.146    ━━━━━━━━━━━━━━━━━━━━━━━━━━━━━━━━━━━━━━━ 607.6/607.6 kB 598.1 MB/s eta 0:00:00
2025-08-21T14:30:16.5904672Z #12 7.156 Downloading h11-0.16.0-py3-none-any.whl (37 kB)
2025-08-21T14:30:16.5905272Z #12 7.167 Downloading idna-3.10-py3-none-any.whl (70 kB)
2025-08-21T14:30:16.5905880Z #12 7.177 Downloading jmespath-1.0.1-py3-none-any.whl (20 kB)
2025-08-21T14:30:16.5906549Z #12 7.187 Downloading kombu-5.5.4-py3-none-any.whl (210 kB)
2025-08-21T14:30:16.5907196Z #12 7.197 Downloading vine-5.1.0-py3-none-any.whl (9.6 kB)
2025-08-21T14:30:16.5908081Z #12 7.207 Downloading MarkupSafe-3.0.2-cp312-cp312-manylinux_2_17_x86_64.manylinux2014_x86_64.whl (23 kB)
2025-08-21T14:30:16.5909198Z #12 7.217 Downloading orjson-3.11.2-cp312-cp312-manylinux_2_17_x86_64.manylinux2014_x86_64.whl (121 kB)
2025-08-21T14:30:16.5910070Z #12 7.227 Downloading pydantic-2.11.7-py3-none-any.whl (444 kB)
2025-08-21T14:30:16.5911445Z #12 7.238 Downloading pydantic_core-2.33.2-cp312-cp312-manylinux_2_17_x86_64.manylinux2014_x86_64.whl (2.0 MB)
2025-08-21T14:30:16.6940693Z #12 7.244    ━━━━━━━━━━━━━━━━━━━━━━━━━━━━━━━━━━━━━━━━ 2.0/2.0 MB 461.0 MB/s eta 0:00:00
2025-08-21T14:30:16.6941565Z #12 7.255 Downloading python_dateutil-2.9.0.post0-py2.py3-none-any.whl (229 kB)
2025-08-21T14:30:16.6942391Z #12 7.265 Downloading python_dotenv-1.1.1-py3-none-any.whl (20 kB)
2025-08-21T14:30:16.6943152Z #12 7.276 Downloading python_multipart-0.0.20-py3-none-any.whl (24 kB)
2025-08-21T14:30:16.6944175Z #12 7.286 Downloading s3transfer-0.10.4-py3-none-any.whl (83 kB)
2025-08-21T14:30:16.6945238Z #12 7.296 Downloading starlette-0.37.2-py3-none-any.whl (71 kB)
2025-08-21T14:30:16.6945888Z #12 7.306 Downloading anyio-4.10.0-py3-none-any.whl (107 kB)
2025-08-21T14:30:16.6946467Z #12 7.317 Downloading sniffio-1.3.1-py3-none-any.whl (10 kB)
2025-08-21T14:30:16.6946859Z #12 7.327 Downloading typing_extensions-4.14.1-py3-none-any.whl (43 kB)
2025-08-21T14:30:16.6947300Z #12 7.337 Downloading tzdata-2025.2-py2.py3-none-any.whl (347 kB)
2025-08-21T14:30:16.6947781Z #12 7.348 Downloading ujson-5.11.0-cp312-cp312-manylinux_2_24_x86_64.manylinux_2_28_x86_64.whl (57 kB)
2025-08-21T14:30:16.8019600Z #12 7.358 Downloading urllib3-2.5.0-py3-none-any.whl (129 kB)
2025-08-21T14:30:16.8021031Z #12 7.368 Downloading certifi-2025.8.3-py3-none-any.whl (161 kB)
2025-08-21T14:30:16.8022386Z #12 7.378 Downloading mako-1.3.10-py3-none-any.whl (78 kB)
2025-08-21T14:30:16.8023067Z #12 7.388 Downloading amqp-5.3.1-py3-none-any.whl (50 kB)
2025-08-21T14:30:16.8024008Z #12 7.399 Downloading annotated_types-0.7.0-py3-none-any.whl (13 kB)
2025-08-21T14:30:16.8024719Z #12 7.409 Downloading dnspython-2.7.0-py3-none-any.whl (313 kB)
2025-08-21T14:30:16.8025834Z #12 7.420 Downloading httptools-0.6.4-cp312-cp312-manylinux_2_5_x86_64.manylinux1_x86_64.manylinux_2_17_x86_64.manylinux2014_x86_64.whl (510 kB)
2025-08-21T14:30:16.8026600Z #12 7.431 Downloading prompt_toolkit-3.0.51-py3-none-any.whl (387 kB)
2025-08-21T14:30:16.8027131Z #12 7.442 Downloading PyYAML-6.0.2-cp312-cp312-manylinux_2_17_x86_64.manylinux2014_x86_64.whl (767 kB)
2025-08-21T14:30:16.8027899Z #12 7.445    ━━━━━━━━━━━━━━━━━━━━━━━━━━━━━━━━━━━━━━━ 767.5/767.5 kB 574.5 MB/s eta 0:00:00
2025-08-21T14:30:16.8028270Z #12 7.456 Downloading rich_toolkit-0.15.0-py3-none-any.whl (29 kB)
2025-08-21T14:30:16.9119369Z #12 7.466 Downloading six-1.17.0-py2.py3-none-any.whl (11 kB)
2025-08-21T14:30:16.9120059Z #12 7.476 Downloading typer-0.16.1-py3-none-any.whl (46 kB)
2025-08-21T14:30:16.9120753Z #12 7.486 Downloading typing_inspection-0.4.1-py3-none-any.whl (14 kB)
2025-08-21T14:30:16.9121696Z #12 7.499 Downloading uvloop-0.21.0-cp312-cp312-manylinux_2_17_x86_64.manylinux2014_x86_64.whl (4.7 MB)
2025-08-21T14:30:16.9122914Z #12 7.512    ━━━━━━━━━━━━━━━━━━━━━━━━━━━━━━━━━━━━━━━━ 4.7/4.7 MB 425.7 MB/s eta 0:00:00
2025-08-21T14:30:16.9123969Z #12 7.523 Downloading watchfiles-1.1.0-cp312-cp312-manylinux_2_17_x86_64.manylinux2014_x86_64.whl (452 kB)
2025-08-21T14:30:16.9125311Z #12 7.534 Downloading websockets-15.0.1-cp312-cp312-manylinux_2_5_x86_64.manylinux1_x86_64.manylinux_2_17_x86_64.manylinux2014_x86_64.whl (182 kB)
2025-08-21T14:30:16.9126381Z #12 7.545 Downloading packaging-25.0-py3-none-any.whl (66 kB)
2025-08-21T14:30:16.9127065Z #12 7.555 Downloading rich-14.1.0-py3-none-any.whl (243 kB)
2025-08-21T14:30:16.9127588Z #12 7.566 Downloading shellingham-1.5.4-py2.py3-none-any.whl (9.8 kB)
2025-08-21T14:30:17.1078244Z #12 7.576 Downloading wcwidth-0.2.13-py2.py3-none-any.whl (34 kB)
2025-08-21T14:30:17.1078926Z #12 7.586 Downloading markdown_it_py-4.0.0-py3-none-any.whl (87 kB)
2025-08-21T14:30:17.1079366Z #12 7.597 Downloading pygments-2.19.2-py3-none-any.whl (1.2 MB)
2025-08-21T14:30:17.1080055Z #12 7.601    ━━━━━━━━━━━━━━━━━━━━━━━━━━━━━━━━━━━━━━━━ 1.2/1.2 MB 581.3 MB/s eta 0:00:00
2025-08-21T14:30:17.1080434Z #12 7.611 Downloading mdurl-0.1.2-py3-none-any.whl (10.0 kB)
2025-08-21T14:30:17.1718442Z #12 7.825 Installing collected packages: wcwidth, websockets, vine, uvloop, urllib3, ujson, tzdata, typing-extensions, structlog, sniffio, six, shellingham, redis, pyyaml, python-multipart, python-dotenv, pygments, psycopg-binary, prompt-toolkit, packaging, orjson, mdurl, MarkupSafe, jmespath, idna, httptools, h11, greenlet, dnspython, click, certifi, billiard, asyncpg, annotated-types, uvicorn, typing-inspection, sqlalchemy, sentry-sdk, python-dateutil, pydantic-core, psycopg, markdown-it-py, Mako, Jinja2, httpcore, email_validator, click-repl, click-plugins, click-didyoumean, anyio, amqp, watchfiles, starlette, rich, pydantic, kombu, httpx, botocore, alembic, typer, s3transfer, rich-toolkit, pydantic-settings, celery, asgi-correlation-id, fastapi-cli, boto3, fastapi, fastapi-limiter
2025-08-21T14:30:23.4061261Z #12 14.06 Successfully installed Jinja2-3.1.5 Mako-1.3.10 MarkupSafe-3.0.2 alembic-1.13.1 amqp-5.3.1 annotated-types-0.7.0 anyio-4.10.0 asgi-correlation-id-4.3.1 asyncpg-0.29.0 billiard-4.2.1 boto3-1.34.162 botocore-1.34.162 celery-5.3.6 certifi-2025.8.3 click-8.2.1 click-didyoumean-0.3.1 click-plugins-1.1.1.2 click-repl-0.3.0 dnspython-2.7.0 email_validator-2.2.0 fastapi-0.111.0 fastapi-cli-0.0.8 fastapi-limiter-0.1.6 greenlet-3.2.4 h11-0.16.0 httpcore-1.0.9 httptools-0.6.4 httpx-0.27.2 idna-3.10 jmespath-1.0.1 kombu-5.5.4 markdown-it-py-4.0.0 mdurl-0.1.2 orjson-3.11.2 packaging-25.0 prompt-toolkit-3.0.51 psycopg-3.2.9 psycopg-binary-3.2.9 pydantic-2.11.7 pydantic-core-2.33.2 pydantic-settings-2.2.1 pygments-2.19.2 python-dateutil-2.9.0.post0 python-dotenv-1.1.1 python-multipart-0.0.20 pyyaml-6.0.2 redis-5.0.8 rich-14.1.0 rich-toolkit-0.15.0 s3transfer-0.10.4 sentry-sdk-2.9.0 shellingham-1.5.4 six-1.17.0 sniffio-1.3.1 sqlalchemy-2.0.29 starlette-0.37.2 structlog-24.1.0 typer-0.16.1 typing-extensions-4.14.1 typing-inspection-0.4.1 tzdata-2025.2 ujson-5.11.0 urllib3-2.5.0 uvicorn-0.29.0 uvloop-0.21.0 vine-5.1.0 watchfiles-1.1.0 wcwidth-0.2.13 websockets-15.0.1
2025-08-21T14:30:23.6431514Z #12 14.06 WARNING: Running pip as the 'root' user can result in broken permissions and conflicting behaviour with the system package manager, possibly rendering your system unusable. It is recommended to use a virtual environment instead: https://pip.pypa.io/warnings/venv. Use the --root-user-action option if you know what you are doing and want to suppress this warning.
2025-08-21T14:30:23.6433324Z #12 14.15 
2025-08-21T14:30:23.6433946Z #12 14.15 [notice] A new release of pip is available: 25.0.1 -> 25.2
2025-08-21T14:30:23.6434462Z #12 14.15 [notice] To update, run: pip install --upgrade pip
2025-08-21T14:30:23.8741525Z #12 DONE 14.5s
2025-08-21T14:30:23.9821350Z 
2025-08-21T14:30:23.9821905Z #14 [base  5/13] COPY services/api/ ./services/api
2025-08-21T14:30:23.9822463Z #14 DONE 0.1s
2025-08-21T14:30:23.9822659Z 
2025-08-21T14:30:23.9822873Z #15 [base  6/13] COPY services/common/ ./services/common
2025-08-21T14:30:23.9823576Z #15 DONE 0.0s
2025-08-21T14:30:24.1227848Z 
2025-08-21T14:30:24.1228385Z #16 [base  7/13] COPY services/ingest/ ./services/ingest
2025-08-21T14:30:24.1228965Z #16 DONE 0.0s
2025-08-21T14:30:24.1229145Z 
2025-08-21T14:30:24.1229362Z #17 [base  8/13] COPY services/etl/ ./services/etl
2025-08-21T14:30:24.1229821Z #17 DONE 0.0s
2025-08-21T14:30:24.1229998Z 
2025-08-21T14:30:24.1230134Z #18 [base  9/13] COPY api/ ./api
2025-08-21T14:30:24.1230504Z #18 DONE 0.0s
2025-08-21T14:30:24.1230677Z 
2025-08-21T14:30:24.1231102Z #19 [base 10/13] COPY services/api/alembic.ini ./alembic.ini
2025-08-21T14:30:24.1231855Z #19 DONE 0.0s
2025-08-21T14:30:24.1232028Z 
2025-08-21T14:30:24.1232181Z #20 [base 11/13] COPY alembic/ ./alembic/
2025-08-21T14:30:24.1232602Z #20 DONE 0.0s
2025-08-21T14:30:24.1232765Z 
2025-08-21T14:30:24.1233015Z #21 [base 12/13] COPY services/api/entrypoint.sh ./entrypoint.sh
2025-08-21T14:30:24.1233727Z #21 DONE 0.0s
2025-08-21T14:30:24.1233900Z 
2025-08-21T14:30:24.1234061Z #22 [base 13/13] RUN chmod +x ./entrypoint.sh
2025-08-21T14:30:24.1234469Z #22 DONE 0.1s
2025-08-21T14:30:25.0117627Z 
2025-08-21T14:30:25.0118177Z #23 [stage-1 4/6] COPY --from=base /usr/local /usr/local
2025-08-21T14:30:26.8970476Z #23 DONE 1.9s
2025-08-21T14:30:27.0058986Z 
2025-08-21T14:30:27.0059454Z #24 [stage-1 5/6] COPY --from=base /app /app
2025-08-21T14:30:27.0059905Z #24 DONE 0.1s
2025-08-21T14:30:27.2132707Z 
2025-08-21T14:30:27.2134078Z #25 [stage-1 6/6] RUN chmod +x /app/entrypoint.sh
2025-08-21T14:30:27.2134531Z #25 DONE 0.1s
2025-08-21T14:30:27.2134698Z 
2025-08-21T14:30:27.2134832Z #26 exporting to docker image format
2025-08-21T14:30:27.2135199Z #26 exporting layers
2025-08-21T14:30:32.4267956Z #26 exporting layers 5.4s done
2025-08-21T14:30:32.5834405Z #26 exporting manifest sha256:5fd07c612be715a57988d7fc8d2eaa50a551a760bea106bd4ab03c4deb92e6ec done
2025-08-21T14:30:32.5844554Z #26 exporting config sha256:4b7948e8d17050947e5a99ab298ff40b504ee13a5306493a5dbbdf08e2599661 done
2025-08-21T14:30:32.5845606Z #26 sending tarball
2025-08-21T14:30:33.0257805Z #26 ...
2025-08-21T14:30:33.0258026Z 
2025-08-21T14:30:33.0258152Z #27 importing to docker
2025-08-21T14:30:33.1765887Z #27 loading layer e6a3842ebc7f 327.68kB / 29.77MB
2025-08-21T14:30:33.9153926Z #27 loading layer 11a4ec4d004e 32.77kB / 1.29MB
2025-08-21T14:30:34.2688105Z #27 loading layer 07cd4433de32 131.07kB / 12.11MB
2025-08-21T14:30:34.8450270Z #27 loading layer e33228fe7708 251B / 251B
2025-08-21T14:30:35.0463309Z #27 loading layer 9e4fe943aca8 93B / 93B
2025-08-21T14:30:35.0464029Z #27 loading layer 05ba66c067ac 196.61kB / 19.48MB
2025-08-21T14:30:35.8280486Z #27 loading layer 89793ba61043 557.06kB / 56.29MB
2025-08-21T14:30:37.9250698Z #27 loading layer 89793ba61043 41.78MB / 56.29MB 2.1s
2025-08-21T14:30:38.8163917Z #27 loading layer 45324e846ed4 32.77kB / 41.57kB
2025-08-21T14:30:38.9060693Z #27 loading layer e6a3842ebc7f 29.77MB / 29.77MB 5.9s done
2025-08-21T14:30:38.9061394Z #27 loading layer 11a4ec4d004e 1.29MB / 1.29MB 5.0s done
2025-08-21T14:30:38.9061939Z #27 loading layer 07cd4433de32 12.11MB / 12.11MB 4.6s done
2025-08-21T14:30:38.9062501Z #27 loading layer e33228fe7708 251B / 251B 4.0s done
2025-08-21T14:30:38.9063056Z #27 loading layer 9e4fe943aca8 93B / 93B 4.0s done
2025-08-21T14:30:38.9063801Z #27 loading layer 05ba66c067ac 19.48MB / 19.48MB 4.0s done
2025-08-21T14:30:38.9064240Z #27 loading layer 89793ba61043 56.29MB / 56.29MB 3.1s done
2025-08-21T14:30:38.9064804Z #27 loading layer 45324e846ed4 41.57kB / 41.57kB 0.1s done
2025-08-21T14:30:38.9065317Z #27 loading layer 5f70bf18a086 32B / 32B 0.0s done
2025-08-21T14:30:38.9065751Z #27 DONE 5.9s
2025-08-21T14:30:38.9065910Z 
2025-08-21T14:30:38.9066005Z #26 exporting to docker image format
2025-08-21T14:30:38.9066412Z #26 sending tarball 6.5s done
2025-08-21T14:30:38.9066779Z #26 DONE 11.8s
2025-08-21T14:30:39.0421475Z Post job cleanup.
2025-08-21T14:30:39.1779715Z [warning]Path Validation Error: Path(s) specified in the action for caching do(es) not exist, hence no cache is being saved.
2025-08-21T14:30:39.1867769Z Post job cleanup.
2025-08-21T14:30:39.4671131Z ##[group]Removing builder
2025-08-21T14:30:39.5831390Z [command]/usr/bin/docker buildx rm builder-ecbdaa10-4337-43b2-8d99-e4bc5afbfc58
2025-08-21T14:30:40.6262958Z builder-ecbdaa10-4337-43b2-8d99-e4bc5afbfc58 removed
2025-08-21T14:30:40.6302949Z ##[endgroup]
2025-08-21T14:30:40.6321306Z ##[group]Cleaning up certificates
2025-08-21T14:30:40.6321926Z ##[endgroup]
2025-08-21T14:30:40.6322416Z ##[group]Post cache
2025-08-21T14:30:40.6322704Z State not set
2025-08-21T14:30:40.6323184Z ##[endgroup]
2025-08-21T14:30:40.6437749Z Post job cleanup.
2025-08-21T14:30:40.7245772Z [command]/usr/bin/git version
2025-08-21T14:30:40.7282346Z git version 2.51.0
2025-08-21T14:30:40.7325510Z Temporarily overriding HOME='/home/runner/work/_temp/85d7e614-1e50-4dc7-8016-486a3e38a715' before making global git config changes
2025-08-21T14:30:40.7326780Z Adding repository directory to the temporary git global config as a safe directory
2025-08-21T14:30:40.7331580Z [command]/usr/bin/git config --global --add safe.directory /home/runner/work/AWA-App/AWA-App
2025-08-21T14:30:40.7369870Z [command]/usr/bin/git config --local --name-only --get-regexp core\.sshCommand
2025-08-21T14:30:40.7403603Z [command]/usr/bin/git submodule foreach --recursive sh -c "git config --local --name-only --get-regexp 'core\.sshCommand' && git config --local --unset-all 'core.sshCommand' || :"
2025-08-21T14:30:40.7634525Z [command]/usr/bin/git config --local --name-only --get-regexp http\.https\:\/\/github\.com\/\.extraheader
2025-08-21T14:30:40.7658611Z http.https://github.com/.extraheader
2025-08-21T14:30:40.7669199Z [command]/usr/bin/git config --local --unset-all http.https://github.com/.extraheader
2025-08-21T14:30:40.7702640Z [command]/usr/bin/git submodule foreach --recursive sh -c "git config --local --name-only --get-regexp 'http\.https\:\/\/github\.com\/\.extraheader' && git config --local --unset-all 'http.https://github.com/.extraheader' || :"
2025-08-21T14:30:40.8050107Z Cleaning up orphan processes
