2025-08-20T01:20:30.7941176Z Current runner version: '2.327.1'
2025-08-20T01:20:30.7964772Z ##[group]Runner Image Provisioner
2025-08-20T01:20:30.7965605Z Hosted Compute Agent
2025-08-20T01:20:30.7966164Z Version: 20250818.377
2025-08-20T01:20:30.7966716Z Commit: 3c593e9f75fe0b87e893bca80d6e12ba089c61fc
2025-08-20T01:20:30.7967431Z Build Date: 2025-08-18T14:52:18Z
2025-08-20T01:20:30.7967997Z ##[endgroup]
2025-08-20T01:20:30.7968546Z ##[group]Operating System
2025-08-20T01:20:30.7969130Z Ubuntu
2025-08-20T01:20:30.7969578Z 24.04.2
2025-08-20T01:20:30.7970032Z LTS
2025-08-20T01:20:30.7970430Z ##[endgroup]
2025-08-20T01:20:30.7970981Z ##[group]Runner Image
2025-08-20T01:20:30.7971511Z Image: ubuntu-24.04
2025-08-20T01:20:30.7971993Z Version: 20250810.1.0
2025-08-20T01:20:30.7973014Z Included Software: https://github.com/actions/runner-images/blob/ubuntu24/20250810.1/images/ubuntu/Ubuntu2404-Readme.md
2025-08-20T01:20:30.7974723Z Image Release: https://github.com/actions/runner-images/releases/tag/ubuntu24%2F20250810.1
2025-08-20T01:20:30.7975741Z ##[endgroup]
2025-08-20T01:20:30.7978141Z ##[group]GITHUB_TOKEN Permissions
2025-08-20T01:20:30.7980082Z Actions: write
2025-08-20T01:20:30.7980632Z Attestations: write
2025-08-20T01:20:30.7981103Z Checks: write
2025-08-20T01:20:30.7981671Z Contents: write
2025-08-20T01:20:30.7982165Z Deployments: write
2025-08-20T01:20:30.7982671Z Discussions: write
2025-08-20T01:20:30.7983160Z Issues: write
2025-08-20T01:20:30.7983657Z Metadata: read
2025-08-20T01:20:30.7984320Z Models: read
2025-08-20T01:20:30.7984811Z Packages: write
2025-08-20T01:20:30.7985356Z Pages: write
2025-08-20T01:20:30.7985814Z PullRequests: write
2025-08-20T01:20:30.7986393Z RepositoryProjects: write
2025-08-20T01:20:30.7986936Z SecurityEvents: write
2025-08-20T01:20:30.7987541Z Statuses: write
2025-08-20T01:20:30.7988073Z ##[endgroup]
2025-08-20T01:20:30.7990517Z Secret source: Actions
2025-08-20T01:20:30.7991305Z Prepare workflow directory
2025-08-20T01:20:30.8318350Z Prepare all required actions
2025-08-20T01:20:30.8357142Z Getting action download info
2025-08-20T01:20:31.2035434Z Download action repository 'actions/checkout@v4' (SHA:08eba0b27e820071cde6df949e0beb9ba4906955)
2025-08-20T01:20:31.8165581Z Download action repository 'docker/setup-buildx-action@v3' (SHA:e468171a9de216ec08956ac3ada2f0791b6bd435)
2025-08-20T01:20:32.3873799Z Download action repository 'actions/cache@v4' (SHA:0400d5f644dc74513175e3cd8d07132dd4860809)
2025-08-20T01:20:32.9864747Z Complete job name: container-build
2025-08-20T01:20:33.0635749Z ##[group]Run actions/checkout@v4
2025-08-20T01:20:33.0637010Z with:
2025-08-20T01:20:33.0637757Z   repository: AlexBomber12/AWA-App
2025-08-20T01:20:33.0638943Z   token: ***
2025-08-20T01:20:33.0639663Z   ssh-strict: true
2025-08-20T01:20:33.0640402Z   ssh-user: git
2025-08-20T01:20:33.0641175Z   persist-credentials: true
2025-08-20T01:20:33.0642049Z   clean: true
2025-08-20T01:20:33.0642816Z   sparse-checkout-cone-mode: true
2025-08-20T01:20:33.0643751Z   fetch-depth: 1
2025-08-20T01:20:33.0644665Z   fetch-tags: false
2025-08-20T01:20:33.0645461Z   show-progress: true
2025-08-20T01:20:33.0646222Z   lfs: false
2025-08-20T01:20:33.0646917Z   submodules: false
2025-08-20T01:20:33.0647696Z   set-safe-directory: true
2025-08-20T01:20:33.0648805Z ##[endgroup]
2025-08-20T01:20:33.1732802Z Syncing repository: AlexBomber12/AWA-App
2025-08-20T01:20:33.1736417Z ##[group]Getting Git version info
2025-08-20T01:20:33.1737749Z Working directory is '/home/runner/work/AWA-App/AWA-App'
2025-08-20T01:20:33.1739648Z [command]/usr/bin/git version
2025-08-20T01:20:33.1793403Z git version 2.50.1
2025-08-20T01:20:33.1819495Z ##[endgroup]
2025-08-20T01:20:33.1833290Z Temporarily overriding HOME='/home/runner/work/_temp/255cbcc6-5aa4-4779-8fa0-f7b429ac0f43' before making global git config changes
2025-08-20T01:20:33.1836888Z Adding repository directory to the temporary git global config as a safe directory
2025-08-20T01:20:33.1839177Z [command]/usr/bin/git config --global --add safe.directory /home/runner/work/AWA-App/AWA-App
2025-08-20T01:20:33.1872456Z Deleting the contents of '/home/runner/work/AWA-App/AWA-App'
2025-08-20T01:20:33.1876140Z ##[group]Initializing the repository
2025-08-20T01:20:33.1879721Z [command]/usr/bin/git init /home/runner/work/AWA-App/AWA-App
2025-08-20T01:20:33.1972739Z hint: Using 'master' as the name for the initial branch. This default branch name
2025-08-20T01:20:33.1975680Z hint: is subject to change. To configure the initial branch name to use in all
2025-08-20T01:20:33.1978615Z hint: of your new repositories, which will suppress this warning, call:
2025-08-20T01:20:33.1980192Z hint:
2025-08-20T01:20:33.1981332Z hint: 	git config --global init.defaultBranch <name>
2025-08-20T01:20:33.1982526Z hint:
2025-08-20T01:20:33.1983589Z hint: Names commonly chosen instead of 'master' are 'main', 'trunk' and
2025-08-20T01:20:33.1985596Z hint: 'development'. The just-created branch can be renamed via this command:
2025-08-20T01:20:33.1987374Z hint:
2025-08-20T01:20:33.1988120Z hint: 	git branch -m <name>
2025-08-20T01:20:33.1988979Z hint:
2025-08-20T01:20:33.1990137Z hint: Disable this message with "git config set advice.defaultBranchName false"
2025-08-20T01:20:33.1992019Z Initialized empty Git repository in /home/runner/work/AWA-App/AWA-App/.git/
2025-08-20T01:20:33.1995248Z [command]/usr/bin/git remote add origin https://github.com/AlexBomber12/AWA-App
2025-08-20T01:20:33.2075155Z ##[endgroup]
2025-08-20T01:20:33.2076697Z ##[group]Disabling automatic garbage collection
2025-08-20T01:20:33.2078498Z [command]/usr/bin/git config --local gc.auto 0
2025-08-20T01:20:33.2105895Z ##[endgroup]
2025-08-20T01:20:33.2107166Z ##[group]Setting up auth
2025-08-20T01:20:33.2112688Z [command]/usr/bin/git config --local --name-only --get-regexp core\.sshCommand
2025-08-20T01:20:33.2141460Z [command]/usr/bin/git submodule foreach --recursive sh -c "git config --local --name-only --get-regexp 'core\.sshCommand' && git config --local --unset-all 'core.sshCommand' || :"
2025-08-20T01:20:33.2452665Z [command]/usr/bin/git config --local --name-only --get-regexp http\.https\:\/\/github\.com\/\.extraheader
2025-08-20T01:20:33.2480641Z [command]/usr/bin/git submodule foreach --recursive sh -c "git config --local --name-only --get-regexp 'http\.https\:\/\/github\.com\/\.extraheader' && git config --local --unset-all 'http.https://github.com/.extraheader' || :"
2025-08-20T01:20:33.2693335Z [command]/usr/bin/git config --local http.https://github.com/.extraheader AUTHORIZATION: basic ***
2025-08-20T01:20:33.2731894Z ##[endgroup]
2025-08-20T01:20:33.2733344Z ##[group]Fetching the repository
2025-08-20T01:20:33.2740953Z [command]/usr/bin/git -c protocol.version=2 fetch --no-tags --prune --no-recurse-submodules --depth=1 origin +82cfbdf033b9fe2a19187c88c5c5df6fbb62a984:refs/remotes/pull/296/merge
2025-08-20T01:20:33.6799254Z From https://github.com/AlexBomber12/AWA-App
2025-08-20T01:20:33.6802542Z  * [new ref]         82cfbdf033b9fe2a19187c88c5c5df6fbb62a984 -> pull/296/merge
2025-08-20T01:20:33.6825119Z ##[endgroup]
2025-08-20T01:20:33.6826583Z ##[group]Determining the checkout info
2025-08-20T01:20:33.6828179Z ##[endgroup]
2025-08-20T01:20:33.6832912Z [command]/usr/bin/git sparse-checkout disable
2025-08-20T01:20:33.6872807Z [command]/usr/bin/git config --local --unset-all extensions.worktreeConfig
2025-08-20T01:20:33.6901354Z ##[group]Checking out the ref
2025-08-20T01:20:33.6904496Z [command]/usr/bin/git checkout --progress --force refs/remotes/pull/296/merge
2025-08-20T01:20:33.7241561Z Note: switching to 'refs/remotes/pull/296/merge'.
2025-08-20T01:20:33.7243043Z 
2025-08-20T01:20:33.7244159Z You are in 'detached HEAD' state. You can look around, make experimental
2025-08-20T01:20:33.7246924Z changes and commit them, and you can discard any commits you make in this
2025-08-20T01:20:33.7250266Z state without impacting any branches by switching back to a branch.
2025-08-20T01:20:33.7252327Z 
2025-08-20T01:20:33.7253640Z If you want to create a new branch to retain commits you create, you may
2025-08-20T01:20:33.7256765Z do so (now or later) by using -c with the switch command. Example:
2025-08-20T01:20:33.7258854Z 
2025-08-20T01:20:33.7259472Z   git switch -c <new-branch-name>
2025-08-20T01:20:33.7260502Z 
2025-08-20T01:20:33.7261066Z Or undo this operation with:
2025-08-20T01:20:33.7261935Z 
2025-08-20T01:20:33.7262263Z   git switch -
2025-08-20T01:20:33.7262744Z 
2025-08-20T01:20:33.7263489Z Turn off this advice by setting config variable advice.detachedHead to false
2025-08-20T01:20:33.7264791Z 
2025-08-20T01:20:33.7265994Z HEAD is now at 82cfbdf Merge 5ad77ef1941b29d5c550c010492330f81ca6ac8f into 64483b515ffb70322c306371efcac178d65c175a
2025-08-20T01:20:33.7270771Z ##[endgroup]
2025-08-20T01:20:33.7287568Z [command]/usr/bin/git log -1 --format=%H
2025-08-20T01:20:33.7308518Z 82cfbdf033b9fe2a19187c88c5c5df6fbb62a984
2025-08-20T01:20:33.7572577Z ##[group]Run docker/setup-buildx-action@v3
2025-08-20T01:20:33.7573605Z with:
2025-08-20T01:20:33.7574450Z   driver: docker-container
2025-08-20T01:20:33.7575279Z   install: false
2025-08-20T01:20:33.7575997Z   use: true
2025-08-20T01:20:33.7576718Z   keep-state: false
2025-08-20T01:20:33.7577478Z   cache-binary: true
2025-08-20T01:20:33.7578228Z   cleanup: true
2025-08-20T01:20:33.7578942Z ##[endgroup]
2025-08-20T01:20:34.0578005Z ##[group]Docker info
2025-08-20T01:20:34.0600580Z [command]/usr/bin/docker version
2025-08-20T01:20:34.1345292Z Client: Docker Engine - Community
2025-08-20T01:20:34.1346939Z  Version:           28.0.4
2025-08-20T01:20:34.1348297Z  API version:       1.48
2025-08-20T01:20:34.1349727Z  Go version:        go1.23.7
2025-08-20T01:20:34.1351162Z  Git commit:        b8034c0
2025-08-20T01:20:34.1352604Z  Built:             Tue Mar 25 15:07:16 2025
2025-08-20T01:20:34.1354372Z  OS/Arch:           linux/amd64
2025-08-20T01:20:34.1355854Z  Context:           default
2025-08-20T01:20:34.1356653Z 
2025-08-20T01:20:34.1357050Z Server: Docker Engine - Community
2025-08-20T01:20:34.1358052Z  Engine:
2025-08-20T01:20:34.1358736Z   Version:          28.0.4
2025-08-20T01:20:34.1359650Z   API version:      1.48 (minimum version 1.24)
2025-08-20T01:20:34.1360705Z   Go version:       go1.23.7
2025-08-20T01:20:34.1361552Z   Git commit:       6430e49
2025-08-20T01:20:34.1362422Z   Built:            Tue Mar 25 15:07:16 2025
2025-08-20T01:20:34.1363386Z   OS/Arch:          linux/amd64
2025-08-20T01:20:34.1364467Z   Experimental:     false
2025-08-20T01:20:34.1365274Z  containerd:
2025-08-20T01:20:34.1365987Z   Version:          1.7.27
2025-08-20T01:20:34.1366985Z   GitCommit:        05044ec0a9a75232cad458027ca83437aae3f4da
2025-08-20T01:20:34.1368072Z  runc:
2025-08-20T01:20:34.1368739Z   Version:          1.2.5
2025-08-20T01:20:34.1369579Z   GitCommit:        v1.2.5-0-g59923ef
2025-08-20T01:20:34.1370481Z  docker-init:
2025-08-20T01:20:34.1371450Z   Version:          0.19.0
2025-08-20T01:20:34.1372824Z   GitCommit:        de40ad0
2025-08-20T01:20:34.1403059Z [command]/usr/bin/docker info
2025-08-20T01:20:37.2738499Z Client: Docker Engine - Community
2025-08-20T01:20:37.2739001Z  Version:    28.0.4
2025-08-20T01:20:37.2739326Z  Context:    default
2025-08-20T01:20:37.2739675Z  Debug Mode: false
2025-08-20T01:20:37.2739989Z  Plugins:
2025-08-20T01:20:37.2740306Z   buildx: Docker Buildx (Docker Inc.)
2025-08-20T01:20:37.2740708Z     Version:  v0.26.1
2025-08-20T01:20:37.2741132Z     Path:     /usr/libexec/docker/cli-plugins/docker-buildx
2025-08-20T01:20:37.2741649Z   compose: Docker Compose (Docker Inc.)
2025-08-20T01:20:37.2742045Z     Version:  v2.38.2
2025-08-20T01:20:37.2742459Z     Path:     /usr/libexec/docker/cli-plugins/docker-compose
2025-08-20T01:20:37.2742813Z 
2025-08-20T01:20:37.2742937Z Server:
2025-08-20T01:20:37.2743215Z  Containers: 0
2025-08-20T01:20:37.2743859Z   Running: 0
2025-08-20T01:20:37.2744533Z   Paused: 0
2025-08-20T01:20:37.2744834Z   Stopped: 0
2025-08-20T01:20:37.2745137Z  Images: 0
2025-08-20T01:20:37.2745465Z  Server Version: 28.0.4
2025-08-20T01:20:37.2746059Z  Storage Driver: overlay2
2025-08-20T01:20:37.2746484Z   Backing Filesystem: extfs
2025-08-20T01:20:37.2746936Z   Supports d_type: true
2025-08-20T01:20:37.2747772Z   Using metacopy: false
2025-08-20T01:20:37.2748272Z   Native Overlay Diff: false
2025-08-20T01:20:37.2748694Z   userxattr: false
2025-08-20T01:20:37.2749327Z  Logging Driver: json-file
2025-08-20T01:20:37.2749781Z  Cgroup Driver: systemd
2025-08-20T01:20:37.2750167Z  Cgroup Version: 2
2025-08-20T01:20:37.2817517Z  Plugins:
2025-08-20T01:20:37.2817864Z   Volume: local
2025-08-20T01:20:37.2818155Z   Network: bridge host ipvlan macvlan null overlay
2025-08-20T01:20:37.2818593Z   Log: awslogs fluentd gcplogs gelf journald json-file local splunk syslog
2025-08-20T01:20:37.2818936Z  Swarm: inactive
2025-08-20T01:20:37.2819154Z  Runtimes: runc io.containerd.runc.v2
2025-08-20T01:20:37.2819411Z  Default Runtime: runc
2025-08-20T01:20:37.2819919Z  Init Binary: docker-init
2025-08-20T01:20:37.2820217Z  containerd version: 05044ec0a9a75232cad458027ca83437aae3f4da
2025-08-20T01:20:37.2820545Z  runc version: v1.2.5-0-g59923ef
2025-08-20T01:20:37.2820773Z  init version: de40ad0
2025-08-20T01:20:37.2820975Z  Security Options:
2025-08-20T01:20:37.2821167Z   apparmor
2025-08-20T01:20:37.2821335Z   seccomp
2025-08-20T01:20:37.2821503Z    Profile: builtin
2025-08-20T01:20:37.2821675Z   cgroupns
2025-08-20T01:20:37.2821856Z  Kernel Version: 6.11.0-1018-azure
2025-08-20T01:20:37.2822099Z  Operating System: Ubuntu 24.04.2 LTS
2025-08-20T01:20:37.2822337Z  OSType: linux
2025-08-20T01:20:37.2822516Z  Architecture: x86_64
2025-08-20T01:20:37.2822707Z  CPUs: 4
2025-08-20T01:20:37.2822871Z  Total Memory: 15.62GiB
2025-08-20T01:20:37.2823081Z  Name: pkrvmubgrv54qmi
2025-08-20T01:20:37.2823294Z  ID: 2166c256-3f30-4fc2-abf1-e8d653854173
2025-08-20T01:20:37.2823552Z  Docker Root Dir: /var/lib/docker
2025-08-20T01:20:37.2823779Z  Debug Mode: false
2025-08-20T01:20:37.2824212Z  Username: githubactions
2025-08-20T01:20:37.2824578Z  Experimental: false
2025-08-20T01:20:37.2824906Z  Insecure Registries:
2025-08-20T01:20:37.2829323Z   ::1/128
2025-08-20T01:20:37.2829636Z   127.0.0.0/8
2025-08-20T01:20:37.2829972Z  Live Restore Enabled: false
2025-08-20T01:20:37.2830246Z 
2025-08-20T01:20:37.2830954Z ##[endgroup]
2025-08-20T01:20:37.3666135Z ##[group]Buildx version
2025-08-20T01:20:37.3689502Z [command]/usr/bin/docker buildx version
2025-08-20T01:20:37.4232327Z github.com/docker/buildx v0.26.1 1a8287f22cf5a38339a4c1bf432b803c5f8b2aae
2025-08-20T01:20:37.4262126Z ##[endgroup]
2025-08-20T01:20:37.4414463Z ##[group]Inspecting default docker context
2025-08-20T01:20:37.4548600Z [
2025-08-20T01:20:37.4548935Z   {
2025-08-20T01:20:37.4549205Z     "Name": "default",
2025-08-20T01:20:37.4549560Z     "Metadata": {},
2025-08-20T01:20:37.4549866Z     "Endpoints": {
2025-08-20T01:20:37.4550168Z       "docker": {
2025-08-20T01:20:37.4550515Z         "Host": "unix:///var/run/docker.sock",
2025-08-20T01:20:37.4550976Z         "SkipTLSVerify": false
2025-08-20T01:20:37.4551323Z       }
2025-08-20T01:20:37.4551572Z     },
2025-08-20T01:20:37.4551851Z     "TLSMaterial": {},
2025-08-20T01:20:37.4552050Z     "Storage": {
2025-08-20T01:20:37.4552259Z       "MetadataPath": "<IN MEMORY>",
2025-08-20T01:20:37.4552628Z       "TLSPath": "<IN MEMORY>"
2025-08-20T01:20:37.4552897Z     }
2025-08-20T01:20:37.4553050Z   }
2025-08-20T01:20:37.4553262Z ]
2025-08-20T01:20:37.4553764Z ##[endgroup]
2025-08-20T01:20:37.4554490Z ##[group]Creating a new builder instance
2025-08-20T01:20:37.5806380Z [command]/usr/bin/docker buildx create --name builder-0b83d3e3-cbef-4112-9516-cb1f20b9adfd --driver docker-container --buildkitd-flags --allow-insecure-entitlement security.insecure --allow-insecure-entitlement network.host --use
2025-08-20T01:20:37.6397807Z builder-0b83d3e3-cbef-4112-9516-cb1f20b9adfd
2025-08-20T01:20:37.6441103Z ##[endgroup]
2025-08-20T01:20:37.6441819Z ##[group]Booting builder
2025-08-20T01:20:37.6478528Z [command]/usr/bin/docker buildx inspect --bootstrap --builder builder-0b83d3e3-cbef-4112-9516-cb1f20b9adfd
2025-08-20T01:20:37.6972795Z #1 [internal] booting buildkit
2025-08-20T01:20:37.8481532Z #1 pulling image moby/buildkit:buildx-stable-1
2025-08-20T01:20:43.5748460Z #1 pulling image moby/buildkit:buildx-stable-1 5.9s done
2025-08-20T01:20:43.7257457Z #1 creating container buildx_buildkit_builder-0b83d3e3-cbef-4112-9516-cb1f20b9adfd0
2025-08-20T01:20:43.9579248Z #1 creating container buildx_buildkit_builder-0b83d3e3-cbef-4112-9516-cb1f20b9adfd0 0.4s done
2025-08-20T01:20:43.9598155Z #1 DONE 6.3s
2025-08-20T01:20:43.9923018Z Name:          builder-0b83d3e3-cbef-4112-9516-cb1f20b9adfd
2025-08-20T01:20:43.9923564Z Driver:        docker-container
2025-08-20T01:20:43.9924182Z Last Activity: 2025-08-20 01:20:37 +0000 UTC
2025-08-20T01:20:43.9924477Z 
2025-08-20T01:20:43.9924593Z Nodes:
2025-08-20T01:20:43.9927135Z Name:                  builder-0b83d3e3-cbef-4112-9516-cb1f20b9adfd0
2025-08-20T01:20:43.9928095Z Endpoint:              unix:///var/run/docker.sock
2025-08-20T01:20:43.9928477Z Status:                running
2025-08-20T01:20:43.9929051Z BuildKit daemon flags: --allow-insecure-entitlement security.insecure --allow-insecure-entitlement network.host
2025-08-20T01:20:43.9929593Z BuildKit version:      v0.23.2
2025-08-20T01:20:43.9929999Z Platforms:             linux/amd64, linux/amd64/v2, linux/amd64/v3, linux/386
2025-08-20T01:20:43.9930312Z Labels:
2025-08-20T01:20:43.9930576Z  org.mobyproject.buildkit.worker.executor:         oci
2025-08-20T01:20:43.9931014Z  org.mobyproject.buildkit.worker.hostname:         adb2f3d70bd6
2025-08-20T01:20:43.9931431Z  org.mobyproject.buildkit.worker.network:          host
2025-08-20T01:20:43.9931832Z  org.mobyproject.buildkit.worker.oci.process-mode: sandbox
2025-08-20T01:20:43.9932278Z  org.mobyproject.buildkit.worker.selinux.enabled:  false
2025-08-20T01:20:43.9932662Z  org.mobyproject.buildkit.worker.snapshotter:      overlayfs
2025-08-20T01:20:43.9933015Z GC Policy rule#0:
2025-08-20T01:20:43.9933245Z  All:            false
2025-08-20T01:20:43.9933554Z  Filters:        type==source.local,type==exec.cachemount,type==source.git.checkout
2025-08-20T01:20:43.9934274Z  Keep Duration:  48h0m0s
2025-08-20T01:20:43.9934484Z  Max Used Space: 488.3MiB
2025-08-20T01:20:43.9934950Z GC Policy rule#1:
2025-08-20T01:20:43.9935134Z  All:            false
2025-08-20T01:20:43.9935317Z  Keep Duration:  1440h0m0s
2025-08-20T01:20:43.9935631Z  Reserved Space: 7.451GiB
2025-08-20T01:20:43.9935843Z  Max Used Space: 54.02GiB
2025-08-20T01:20:43.9936044Z  Min Free Space: 13.97GiB
2025-08-20T01:20:43.9936235Z GC Policy rule#2:
2025-08-20T01:20:43.9936522Z  All:            false
2025-08-20T01:20:43.9936710Z  Reserved Space: 7.451GiB
2025-08-20T01:20:43.9936894Z  Max Used Space: 54.02GiB
2025-08-20T01:20:43.9937095Z  Min Free Space: 13.97GiB
2025-08-20T01:20:43.9937501Z GC Policy rule#3:
2025-08-20T01:20:43.9937676Z  All:            true
2025-08-20T01:20:43.9937852Z  Reserved Space: 7.451GiB
2025-08-20T01:20:43.9938167Z  Max Used Space: 54.02GiB
2025-08-20T01:20:43.9938360Z  Min Free Space: 13.97GiB
2025-08-20T01:20:43.9971154Z ##[endgroup]
2025-08-20T01:20:44.0906820Z ##[group]Inspect builder
2025-08-20T01:20:44.0908216Z {
2025-08-20T01:20:44.0908491Z   "nodes": [
2025-08-20T01:20:44.0908782Z     {
2025-08-20T01:20:44.0909164Z       "name": "builder-0b83d3e3-cbef-4112-9516-cb1f20b9adfd0",
2025-08-20T01:20:44.0909715Z       "endpoint": "unix:///var/run/docker.sock",
2025-08-20T01:20:44.0910168Z       "status": "running",
2025-08-20T01:20:44.0910986Z       "buildkitd-flags": "--allow-insecure-entitlement security.insecure --allow-insecure-entitlement network.host",
2025-08-20T01:20:44.0911827Z       "buildkit": "v0.23.2",
2025-08-20T01:20:44.0912368Z       "platforms": "linux/amd64,linux/amd64/v2,linux/amd64/v3,linux/386",
2025-08-20T01:20:44.0912927Z       "features": {
2025-08-20T01:20:44.0913444Z         "Automatically load images to the Docker Engine image store": true,
2025-08-20T01:20:44.0914251Z         "Cache export": true,
2025-08-20T01:20:44.0914645Z         "Direct push": true,
2025-08-20T01:20:44.0915018Z         "Docker exporter": true,
2025-08-20T01:20:44.0915430Z         "Multi-platform build": true,
2025-08-20T01:20:44.0915866Z         "OCI exporter": true
2025-08-20T01:20:44.0916649Z       },
2025-08-20T01:20:44.0916934Z       "labels": {
2025-08-20T01:20:44.0917354Z         "org.mobyproject.buildkit.worker.executor": "oci",
2025-08-20T01:20:44.0917983Z         "org.mobyproject.buildkit.worker.hostname": "adb2f3d70bd6",
2025-08-20T01:20:44.0918576Z         "org.mobyproject.buildkit.worker.network": "host",
2025-08-20T01:20:44.0919157Z         "org.mobyproject.buildkit.worker.oci.process-mode": "sandbox",
2025-08-20T01:20:44.0919806Z         "org.mobyproject.buildkit.worker.selinux.enabled": "false",
2025-08-20T01:20:44.0920393Z         "org.mobyproject.buildkit.worker.snapshotter": "overlayfs"
2025-08-20T01:20:44.0920867Z       },
2025-08-20T01:20:44.0921114Z       "gcPolicy": [
2025-08-20T01:20:44.0921637Z         {
2025-08-20T01:20:44.0921902Z           "all": false,
2025-08-20T01:20:44.0922200Z           "filter": [
2025-08-20T01:20:44.0922502Z             "type==source.local",
2025-08-20T01:20:44.0922839Z             "type==exec.cachemount",
2025-08-20T01:20:44.0923190Z             "type==source.git.checkout"
2025-08-20T01:20:44.0923525Z           ],
2025-08-20T01:20:44.0923770Z           "keepDuration": "48h0m0s",
2025-08-20T01:20:44.0924387Z           "maxUsedSpace": "488.3MiB"
2025-08-20T01:20:44.0924727Z         },
2025-08-20T01:20:44.0924962Z         {
2025-08-20T01:20:44.0925216Z           "all": false,
2025-08-20T01:20:44.0925530Z           "keepDuration": "1440h0m0s",
2025-08-20T01:20:44.0925910Z           "reservedSpace": "7.451GiB",
2025-08-20T01:20:44.0926278Z           "maxUsedSpace": "54.02GiB",
2025-08-20T01:20:44.0926641Z           "minFreeSpace": "13.97GiB"
2025-08-20T01:20:44.0926972Z         },
2025-08-20T01:20:44.0927220Z         {
2025-08-20T01:20:44.0927474Z           "all": false,
2025-08-20T01:20:44.0927784Z           "reservedSpace": "7.451GiB",
2025-08-20T01:20:44.0928154Z           "maxUsedSpace": "54.02GiB",
2025-08-20T01:20:44.0928515Z           "minFreeSpace": "13.97GiB"
2025-08-20T01:20:44.0928854Z         },
2025-08-20T01:20:44.0929102Z         {
2025-08-20T01:20:44.0929353Z           "all": true,
2025-08-20T01:20:44.0929659Z           "reservedSpace": "7.451GiB",
2025-08-20T01:20:44.0930033Z           "maxUsedSpace": "54.02GiB",
2025-08-20T01:20:44.0930388Z           "minFreeSpace": "13.97GiB"
2025-08-20T01:20:44.0930723Z         }
2025-08-20T01:20:44.0930961Z       ]
2025-08-20T01:20:44.0931198Z     }
2025-08-20T01:20:44.0931432Z   ],
2025-08-20T01:20:44.0931766Z   "name": "builder-0b83d3e3-cbef-4112-9516-cb1f20b9adfd",
2025-08-20T01:20:44.0932229Z   "driver": "docker-container",
2025-08-20T01:20:44.0932603Z   "lastActivity": "2025-08-20T01:20:37.000Z"
2025-08-20T01:20:44.0932978Z }
2025-08-20T01:20:44.0933485Z ##[endgroup]
2025-08-20T01:20:44.0934592Z ##[group]BuildKit version
2025-08-20T01:20:44.0935069Z builder-0b83d3e3-cbef-4112-9516-cb1f20b9adfd0: v0.23.2
2025-08-20T01:20:44.0935869Z ##[endgroup]
2025-08-20T01:20:44.2320909Z ##[group]Run actions/cache@v4
2025-08-20T01:20:44.2321155Z with:
2025-08-20T01:20:44.2321336Z   path: ~/.cache/pip
2025-08-20T01:20:44.2321707Z   key: Linux-pip-10024abe30b550897eda928ed7c2f89d124370452c6467084b5086e7b22d07d9
2025-08-20T01:20:44.2322093Z   enableCrossOsArchive: false
2025-08-20T01:20:44.2322322Z   fail-on-cache-miss: false
2025-08-20T01:20:44.2322529Z   lookup-only: false
2025-08-20T01:20:44.2322707Z   save-always: false
2025-08-20T01:20:44.2322884Z ##[endgroup]
2025-08-20T01:20:44.5348422Z Cache not found for input keys: Linux-pip-10024abe30b550897eda928ed7c2f89d124370452c6467084b5086e7b22d07d9
2025-08-20T01:20:44.5452641Z ##[group]Run docker buildx build \
2025-08-20T01:20:44.5452995Z [36;1mdocker buildx build \[0m
2025-08-20T01:20:44.5453406Z [36;1m  --tag ghcr.io/alexbomber12/awa-app/api:82cfbdf033b9fe2a19187c88c5c5df6fbb62a984 \[0m
2025-08-20T01:20:44.5454123Z [36;1m  --build-arg TZ_CACHE_BUST=82cfbdf033b9fe2a19187c88c5c5df6fbb62a984 \[0m
2025-08-20T01:20:44.5454509Z [36;1m  --file services/api/Dockerfile \[0m
2025-08-20T01:20:44.5454751Z [36;1m  --load .[0m
2025-08-20T01:20:44.5530132Z shell: /usr/bin/bash -e {0}
2025-08-20T01:20:44.5530378Z ##[endgroup]
2025-08-20T01:20:44.7970345Z #0 building with "builder-0b83d3e3-cbef-4112-9516-cb1f20b9adfd" instance using docker-container driver
2025-08-20T01:20:44.7971448Z 
2025-08-20T01:20:44.7971769Z #1 [internal] load build definition from Dockerfile
2025-08-20T01:20:44.7972369Z #1 transferring dockerfile: 1.48kB done
2025-08-20T01:20:44.7972741Z #1 DONE 0.0s
2025-08-20T01:20:44.7972906Z 
2025-08-20T01:20:44.7973226Z #2 [auth] docker/dockerfile:pull token for registry-1.docker.io
2025-08-20T01:20:44.9475850Z #2 DONE 0.0s
2025-08-20T01:20:44.9476091Z 
2025-08-20T01:20:44.9476494Z #3 resolve image config for docker-image://docker.io/docker/dockerfile:1.6
2025-08-20T01:20:45.3829559Z #3 DONE 0.7s
2025-08-20T01:20:45.5428778Z 
2025-08-20T01:20:45.5429699Z #4 docker-image://docker.io/docker/dockerfile:1.6@sha256:ac85f380a63b13dfcefa89046420e1781752bab202122f8f50032edf31be0021
2025-08-20T01:20:45.5431363Z #4 resolve docker.io/docker/dockerfile:1.6@sha256:ac85f380a63b13dfcefa89046420e1781752bab202122f8f50032edf31be0021 done
2025-08-20T01:20:45.5453801Z #4 sha256:9d9c93f4b00be908ab694a4df732570bced3b8a96b7515d70ff93402179ad232 2.10MB / 11.80MB 0.2s
2025-08-20T01:20:45.6956212Z #4 sha256:9d9c93f4b00be908ab694a4df732570bced3b8a96b7515d70ff93402179ad232 11.80MB / 11.80MB 0.3s
2025-08-20T01:20:45.8429970Z #4 sha256:9d9c93f4b00be908ab694a4df732570bced3b8a96b7515d70ff93402179ad232 11.80MB / 11.80MB 0.3s done
2025-08-20T01:20:45.8431173Z #4 extracting sha256:9d9c93f4b00be908ab694a4df732570bced3b8a96b7515d70ff93402179ad232 0.1s done
2025-08-20T01:20:45.8431895Z #4 DONE 0.4s
2025-08-20T01:20:45.8432064Z 
2025-08-20T01:20:45.8432320Z #5 [internal] load metadata for docker.io/library/python:3.12-slim
2025-08-20T01:20:46.0341835Z #5 ...
2025-08-20T01:20:46.0342008Z 
2025-08-20T01:20:46.0342207Z #6 [auth] library/python:pull token for registry-1.docker.io
2025-08-20T01:20:46.0342562Z #6 DONE 0.0s
2025-08-20T01:20:46.1844468Z 
2025-08-20T01:20:46.1844830Z #5 [internal] load metadata for docker.io/library/python:3.12-slim
2025-08-20T01:20:46.2762809Z #5 DONE 0.4s
2025-08-20T01:20:46.4289888Z 
2025-08-20T01:20:46.4290590Z #7 [internal] load .dockerignore
2025-08-20T01:20:46.4291150Z #7 transferring context: 265B done
2025-08-20T01:20:46.4291585Z #7 DONE 0.0s
2025-08-20T01:20:46.4291780Z 
2025-08-20T01:20:46.4291944Z #8 [internal] load build context
2025-08-20T01:20:46.4292418Z #8 transferring context: 157.31kB 0.0s done
2025-08-20T01:20:46.4292924Z #8 DONE 0.0s
2025-08-20T01:20:46.4293075Z 
2025-08-20T01:20:46.4293578Z #9 [stage-1 1/6] FROM docker.io/library/python:3.12-slim@sha256:d67a7b66b989ad6b6d6b10d428dcc5e0bfc3e5f88906e67d490c4d3daac57047
2025-08-20T01:20:46.4294956Z #9 resolve docker.io/library/python:3.12-slim@sha256:d67a7b66b989ad6b6d6b10d428dcc5e0bfc3e5f88906e67d490c4d3daac57047 done
2025-08-20T01:20:46.4295961Z #9 sha256:d76206d463c08ba2a3f7bbab2de2a933ad73f33ab4ab813eafe50c9dff9edc12 251B / 251B 0.1s done
2025-08-20T01:20:46.6503530Z #9 sha256:e5c05dcf47fbdb2f18dc242ad1b7f48fbd3813c0027ffcfb8e81e4aa7e0965f4 10.49MB / 12.11MB 0.3s
2025-08-20T01:20:46.6505086Z #9 sha256:5d587318e932a89b94608393c99dd30ee5092a6991c1656f717bd4f4e13d60df 0B / 1.29MB 0.2s
2025-08-20T01:20:46.6506579Z #9 sha256:396b1da7636e2dcd10565cb4f2f952cbb4a8a38b58d3b86a2cacb172fb70117c 0B / 29.77MB 0.2s
2025-08-20T01:20:46.8034973Z #9 sha256:e5c05dcf47fbdb2f18dc242ad1b7f48fbd3813c0027ffcfb8e81e4aa7e0965f4 12.11MB / 12.11MB 0.3s done
2025-08-20T01:20:46.8036484Z #9 sha256:396b1da7636e2dcd10565cb4f2f952cbb4a8a38b58d3b86a2cacb172fb70117c 2.10MB / 29.77MB 0.3s
2025-08-20T01:20:46.9560600Z #9 sha256:5d587318e932a89b94608393c99dd30ee5092a6991c1656f717bd4f4e13d60df 1.29MB / 1.29MB 0.5s done
2025-08-20T01:20:46.9561706Z #9 sha256:396b1da7636e2dcd10565cb4f2f952cbb4a8a38b58d3b86a2cacb172fb70117c 29.36MB / 29.77MB 0.6s
2025-08-20T01:20:47.1319786Z #9 sha256:396b1da7636e2dcd10565cb4f2f952cbb4a8a38b58d3b86a2cacb172fb70117c 29.77MB / 29.77MB 0.6s done
2025-08-20T01:20:47.1320893Z #9 extracting sha256:396b1da7636e2dcd10565cb4f2f952cbb4a8a38b58d3b86a2cacb172fb70117c
2025-08-20T01:20:47.6215285Z #9 extracting sha256:396b1da7636e2dcd10565cb4f2f952cbb4a8a38b58d3b86a2cacb172fb70117c 0.6s done
2025-08-20T01:20:47.6216064Z #9 DONE 1.3s
2025-08-20T01:20:47.8452468Z 
2025-08-20T01:20:47.8454130Z #9 [stage-1 1/6] FROM docker.io/library/python:3.12-slim@sha256:d67a7b66b989ad6b6d6b10d428dcc5e0bfc3e5f88906e67d490c4d3daac57047
2025-08-20T01:20:47.8456170Z #9 extracting sha256:5d587318e932a89b94608393c99dd30ee5092a6991c1656f717bd4f4e13d60df 0.1s done
2025-08-20T01:20:47.8457114Z #9 extracting sha256:e5c05dcf47fbdb2f18dc242ad1b7f48fbd3813c0027ffcfb8e81e4aa7e0965f4
2025-08-20T01:20:48.0523150Z #9 extracting sha256:e5c05dcf47fbdb2f18dc242ad1b7f48fbd3813c0027ffcfb8e81e4aa7e0965f4 0.4s done
2025-08-20T01:20:48.0524075Z #9 DONE 1.7s
2025-08-20T01:20:48.1688778Z 
2025-08-20T01:20:48.1690016Z #9 [stage-1 1/6] FROM docker.io/library/python:3.12-slim@sha256:d67a7b66b989ad6b6d6b10d428dcc5e0bfc3e5f88906e67d490c4d3daac57047
2025-08-20T01:20:48.1691378Z #9 extracting sha256:d76206d463c08ba2a3f7bbab2de2a933ad73f33ab4ab813eafe50c9dff9edc12 done
2025-08-20T01:20:48.1692137Z #9 DONE 1.8s
2025-08-20T01:20:48.1692325Z 
2025-08-20T01:20:48.1692467Z #10 [stage-1 2/6] WORKDIR /app
2025-08-20T01:20:48.1692818Z #10 DONE 0.1s
2025-08-20T01:20:48.2920482Z 
2025-08-20T01:20:48.2921223Z #11 [base  3/13] COPY services/api/requirements.txt ./requirements.txt
2025-08-20T01:20:48.2922354Z #11 DONE 0.0s
2025-08-20T01:20:48.2922553Z 
2025-08-20T01:20:48.2923896Z #12 [stage-1 3/6] RUN set -eux;     if [ -f /etc/apt/sources.list ]; then         sed -i 's|http://deb.debian.org|https://deb.debian.org|g' /etc/apt/sources.list;     fi;     apt-get update;     apt-get install -y --no-install-recommends tzdata postgresql-client curl;     rm -rf /var/lib/apt/lists/*
2025-08-20T01:20:48.2926396Z #12 0.057 + [ -f /etc/apt/sources.list ]
2025-08-20T01:20:48.2926951Z #12 0.057 + apt-get update
2025-08-20T01:20:48.2927273Z #12 0.122 Hit:1 http://deb.debian.org/debian trixie InRelease
2025-08-20T01:20:48.4525651Z #12 0.130 Get:2 http://deb.debian.org/debian trixie-updates InRelease [47.1 kB]
2025-08-20T01:20:48.4527059Z #12 0.159 Get:3 http://deb.debian.org/debian-security trixie-security InRelease [43.4 kB]
2025-08-20T01:20:48.4527929Z #12 0.178 Get:4 http://deb.debian.org/debian trixie/main amd64 Packages [9668 kB]
2025-08-20T01:20:48.4528762Z #12 0.283 Get:5 http://deb.debian.org/debian trixie-updates/main amd64 Packages [2432 B]
2025-08-20T01:20:48.6341758Z #12 0.314 Get:6 http://deb.debian.org/debian-security trixie-security/main amd64 Packages [11.6 kB]
2025-08-20T01:20:49.0931515Z #12 0.923 Fetched 9772 kB in 1s (11.6 MB/s)
2025-08-20T01:20:49.5925400Z #12 0.923 Reading package lists...
2025-08-20T01:20:49.7366490Z #12 1.432 + apt-get install -y --no-install-recommends tzdata postgresql-client curl
2025-08-20T01:20:50.0504254Z #12 1.441 Reading package lists...
2025-08-20T01:20:50.2659324Z #12 1.889 Building dependency tree...
2025-08-20T01:20:50.2659929Z #12 1.997 Reading state information...
2025-08-20T01:20:50.3802404Z #12 2.118 tzdata is already the newest version (2025b-4).
2025-08-20T01:20:50.3803105Z #12 2.118 The following additional packages will be installed:
2025-08-20T01:20:50.3803878Z #12 2.118   libbrotli1 libcom-err2 libcurl4t64 libgdbm-compat4t64 libgnutls30t64
2025-08-20T01:20:50.3804869Z #12 2.118   libgssapi-krb5-2 libidn2-0 libk5crypto3 libkeyutils1 libkrb5-3
2025-08-20T01:20:50.3806117Z #12 2.118   libkrb5support0 libldap2 libnghttp2-14 libnghttp3-9 libp11-kit0 libperl5.40
2025-08-20T01:20:50.3807008Z #12 2.119   libpq5 libpsl5t64 librtmp1 libsasl2-2 libsasl2-modules-db libssh2-1t64
2025-08-20T01:20:50.3807875Z #12 2.119   libtasn1-6 libunistring5 perl perl-modules-5.40 postgresql-client-17
2025-08-20T01:20:50.3808568Z #12 2.119   postgresql-client-common sensible-utils
2025-08-20T01:20:50.3809053Z #12 2.120 Suggested packages:
2025-08-20T01:20:50.3809603Z #12 2.120   gnutls-bin krb5-doc krb5-user perl-doc libterm-readline-gnu-perl
2025-08-20T01:20:50.3810446Z #12 2.120   | libterm-readline-perl-perl make libtap-harness-archive-perl postgresql-17
2025-08-20T01:20:50.3811302Z #12 2.120   postgresql-doc-17
2025-08-20T01:20:50.3811677Z #12 2.120 Recommended packages:
2025-08-20T01:20:50.3812274Z #12 2.120   bash-completion krb5-locales libldap-common publicsuffix libsasl2-modules
2025-08-20T01:20:50.5277995Z #12 2.294 The following NEW packages will be installed:
2025-08-20T01:20:50.5280602Z #12 2.294   curl libbrotli1 libcom-err2 libcurl4t64 libgdbm-compat4t64 libgnutls30t64
2025-08-20T01:20:50.5282087Z #12 2.294   libgssapi-krb5-2 libidn2-0 libk5crypto3 libkeyutils1 libkrb5-3
2025-08-20T01:20:50.5282949Z #12 2.294   libkrb5support0 libldap2 libnghttp2-14 libnghttp3-9 libp11-kit0 libperl5.40
2025-08-20T01:20:50.5283855Z #12 2.294   libpq5 libpsl5t64 librtmp1 libsasl2-2 libsasl2-modules-db libssh2-1t64
2025-08-20T01:20:50.5284892Z #12 2.295   libtasn1-6 libunistring5 perl perl-modules-5.40 postgresql-client
2025-08-20T01:20:50.5285674Z #12 2.295   postgresql-client-17 postgresql-client-common sensible-utils
2025-08-20T01:20:50.5286434Z #12 2.358 0 upgraded, 31 newly installed, 0 to remove and 0 not upgraded.
2025-08-20T01:20:50.5287015Z #12 2.358 Need to get 14.9 MB of archives.
2025-08-20T01:20:50.5287616Z #12 2.358 After this operation, 78.1 MB of additional disk space will be used.
2025-08-20T01:20:50.5288506Z #12 2.358 Get:1 http://deb.debian.org/debian trixie/main amd64 sensible-utils all 0.0.25 [25.0 kB]
2025-08-20T01:20:50.6415754Z #12 2.374 Get:2 http://deb.debian.org/debian trixie/main amd64 perl-modules-5.40 all 5.40.1-6 [3019 kB]
2025-08-20T01:20:50.6417181Z #12 2.452 Get:3 http://deb.debian.org/debian trixie/main amd64 libgdbm-compat4t64 amd64 1.24-2 [50.3 kB]
2025-08-20T01:20:50.6418524Z #12 2.456 Get:4 http://deb.debian.org/debian trixie/main amd64 libperl5.40 amd64 5.40.1-6 [4341 kB]
2025-08-20T01:20:50.7522926Z #12 2.475 Get:5 http://deb.debian.org/debian trixie/main amd64 perl amd64 5.40.1-6 [267 kB]
2025-08-20T01:20:50.7527387Z #12 2.477 Get:6 http://deb.debian.org/debian trixie/main amd64 libbrotli1 amd64 1.1.0-2+b7 [307 kB]
2025-08-20T01:20:50.7528376Z #12 2.478 Get:7 http://deb.debian.org/debian trixie/main amd64 libkrb5support0 amd64 1.21.3-5 [33.0 kB]
2025-08-20T01:20:50.7528963Z #12 2.478 Get:8 http://deb.debian.org/debian trixie/main amd64 libcom-err2 amd64 1.47.2-3+b3 [25.0 kB]
2025-08-20T01:20:50.7529523Z #12 2.479 Get:9 http://deb.debian.org/debian trixie/main amd64 libk5crypto3 amd64 1.21.3-5 [81.5 kB]
2025-08-20T01:20:50.7530060Z #12 2.479 Get:10 http://deb.debian.org/debian trixie/main amd64 libkeyutils1 amd64 1.6.3-6 [9456 B]
2025-08-20T01:20:50.7530579Z #12 2.480 Get:11 http://deb.debian.org/debian trixie/main amd64 libkrb5-3 amd64 1.21.3-5 [326 kB]
2025-08-20T01:20:50.7531120Z #12 2.481 Get:12 http://deb.debian.org/debian trixie/main amd64 libgssapi-krb5-2 amd64 1.21.3-5 [138 kB]
2025-08-20T01:20:50.7531681Z #12 2.482 Get:13 http://deb.debian.org/debian trixie/main amd64 libunistring5 amd64 1.3-2 [477 kB]
2025-08-20T01:20:50.7532203Z #12 2.495 Get:14 http://deb.debian.org/debian trixie/main amd64 libidn2-0 amd64 2.3.8-2 [109 kB]
2025-08-20T01:20:50.7532760Z #12 2.496 Get:15 http://deb.debian.org/debian trixie/main amd64 libsasl2-modules-db amd64 2.1.28+dfsg1-9 [19.8 kB]
2025-08-20T01:20:50.7533329Z #12 2.497 Get:16 http://deb.debian.org/debian trixie/main amd64 libsasl2-2 amd64 2.1.28+dfsg1-9 [57.5 kB]
2025-08-20T01:20:50.7533858Z #12 2.498 Get:17 http://deb.debian.org/debian trixie/main amd64 libldap2 amd64 2.6.10+dfsg-1 [194 kB]
2025-08-20T01:20:50.7534797Z #12 2.506 Get:18 http://deb.debian.org/debian trixie/main amd64 libnghttp2-14 amd64 1.64.0-1.1 [76.0 kB]
2025-08-20T01:20:50.7535357Z #12 2.507 Get:19 http://deb.debian.org/debian trixie/main amd64 libnghttp3-9 amd64 1.8.0-1 [67.7 kB]
2025-08-20T01:20:50.7535879Z #12 2.508 Get:20 http://deb.debian.org/debian trixie/main amd64 libpsl5t64 amd64 0.21.2-1.1+b1 [57.2 kB]
2025-08-20T01:20:50.7536389Z #12 2.509 Get:21 http://deb.debian.org/debian trixie/main amd64 libp11-kit0 amd64 0.25.5-3 [425 kB]
2025-08-20T01:20:50.7537056Z #12 2.511 Get:22 http://deb.debian.org/debian trixie/main amd64 libtasn1-6 amd64 4.20.0-2 [49.9 kB]
2025-08-20T01:20:50.7537585Z #12 2.512 Get:23 http://deb.debian.org/debian trixie/main amd64 libgnutls30t64 amd64 3.8.9-3 [1465 kB]
2025-08-20T01:20:50.7538164Z #12 2.521 Get:24 http://deb.debian.org/debian trixie/main amd64 librtmp1 amd64 2.4+20151223.gitfa8646d.1-2+b5 [58.8 kB]
2025-08-20T01:20:50.7538748Z #12 2.521 Get:25 http://deb.debian.org/debian trixie/main amd64 libssh2-1t64 amd64 1.11.1-1 [245 kB]
2025-08-20T01:20:50.7539258Z #12 2.524 Get:26 http://deb.debian.org/debian trixie/main amd64 libcurl4t64 amd64 8.14.1-2 [391 kB]
2025-08-20T01:20:50.7539754Z #12 2.527 Get:27 http://deb.debian.org/debian trixie/main amd64 curl amd64 8.14.1-2 [269 kB]
2025-08-20T01:20:50.7540221Z #12 2.536 Get:28 http://deb.debian.org/debian trixie/main amd64 libpq5 amd64 17.5-1 [226 kB]
2025-08-20T01:20:50.7540769Z #12 2.538 Get:29 http://deb.debian.org/debian trixie/main amd64 postgresql-client-common all 278 [47.1 kB]
2025-08-20T01:20:50.7541363Z #12 2.540 Get:30 http://deb.debian.org/debian trixie/main amd64 postgresql-client-17 amd64 17.5-1 [2025 kB]
2025-08-20T01:20:50.7541911Z #12 2.547 Get:31 http://deb.debian.org/debian trixie/main amd64 postgresql-client all 17+278 [14.0 kB]
2025-08-20T01:20:51.7636357Z #12 3.594 Fetched 14.9 MB in 0s (61.0 MB/s)
2025-08-20T01:20:51.8745202Z #12 3.607 Selecting previously unselected package sensible-utils.
2025-08-20T01:20:51.8751879Z #12 3.607 (Reading database ... 
2025-08-20T01:20:51.8752271Z (Reading database ... 5%
2025-08-20T01:20:51.8752618Z (Reading database ... 10%
2025-08-20T01:20:51.8752955Z (Reading database ... 15%
2025-08-20T01:20:51.8753291Z (Reading database ... 20%
2025-08-20T01:20:51.8753612Z (Reading database ... 25%
2025-08-20T01:20:51.8754128Z (Reading database ... 30%
2025-08-20T01:20:51.8754452Z (Reading database ... 35%
2025-08-20T01:20:51.8754772Z (Reading database ... 40%
2025-08-20T01:20:51.8755096Z (Reading database ... 45%
2025-08-20T01:20:51.8755425Z (Reading database ... 50%
2025-08-20T01:20:51.8755753Z (Reading database ... 55%
2025-08-20T01:20:51.8756075Z (Reading database ... 60%
2025-08-20T01:20:51.8756404Z (Reading database ... 65%
2025-08-20T01:20:51.8756723Z (Reading database ... 70%
2025-08-20T01:20:51.8757076Z (Reading database ... 75%
2025-08-20T01:20:51.8757378Z (Reading database ... 80%
2025-08-20T01:20:51.8757703Z (Reading database ... 85%
2025-08-20T01:20:51.8758028Z (Reading database ... 90%
2025-08-20T01:20:51.8758352Z (Reading database ... 95%
2025-08-20T01:20:51.8758678Z (Reading database ... 100%
2025-08-20T01:20:51.8759302Z (Reading database ... 5643 files and directories currently installed.)
2025-08-20T01:20:51.8759993Z #12 3.613 Preparing to unpack .../00-sensible-utils_0.0.25_all.deb ...
2025-08-20T01:20:51.8760552Z #12 3.614 Unpacking sensible-utils (0.0.25) ...
2025-08-20T01:20:51.8761117Z #12 3.634 Selecting previously unselected package perl-modules-5.40.
2025-08-20T01:20:51.8761783Z #12 3.635 Preparing to unpack .../01-perl-modules-5.40_5.40.1-6_all.deb ...
2025-08-20T01:20:51.8762371Z #12 3.636 Unpacking perl-modules-5.40 (5.40.1-6) ...
2025-08-20T01:20:52.0828811Z #12 3.913 Selecting previously unselected package libgdbm-compat4t64:amd64.
2025-08-20T01:20:52.2223132Z #12 3.915 Preparing to unpack .../02-libgdbm-compat4t64_1.24-2_amd64.deb ...
2025-08-20T01:20:52.2224294Z #12 3.917 Unpacking libgdbm-compat4t64:amd64 (1.24-2) ...
2025-08-20T01:20:52.2225286Z #12 3.933 Selecting previously unselected package libperl5.40:amd64.
2025-08-20T01:20:52.2225967Z #12 3.934 Preparing to unpack .../03-libperl5.40_5.40.1-6_amd64.deb ...
2025-08-20T01:20:52.2226533Z #12 3.935 Unpacking libperl5.40:amd64 (5.40.1-6) ...
2025-08-20T01:20:52.3297447Z #12 4.160 Selecting previously unselected package perl.
2025-08-20T01:20:52.4418476Z #12 4.162 Preparing to unpack .../04-perl_5.40.1-6_amd64.deb ...
2025-08-20T01:20:52.4422617Z #12 4.163 Unpacking perl (5.40.1-6) ...
2025-08-20T01:20:52.4423287Z #12 4.187 Selecting previously unselected package libbrotli1:amd64.
2025-08-20T01:20:52.4424607Z #12 4.189 Preparing to unpack .../05-libbrotli1_1.1.0-2+b7_amd64.deb ...
2025-08-20T01:20:52.4425151Z #12 4.190 Unpacking libbrotli1:amd64 (1.1.0-2+b7) ...
2025-08-20T01:20:52.4426055Z #12 4.218 Selecting previously unselected package libkrb5support0:amd64.
2025-08-20T01:20:52.4426963Z #12 4.219 Preparing to unpack .../06-libkrb5support0_1.21.3-5_amd64.deb ...
2025-08-20T01:20:52.4427737Z #12 4.220 Unpacking libkrb5support0:amd64 (1.21.3-5) ...
2025-08-20T01:20:52.4429900Z #12 4.236 Selecting previously unselected package libcom-err2:amd64.
2025-08-20T01:20:52.4431241Z #12 4.237 Preparing to unpack .../07-libcom-err2_1.47.2-3+b3_amd64.deb ...
2025-08-20T01:20:52.4431939Z #12 4.238 Unpacking libcom-err2:amd64 (1.47.2-3+b3) ...
2025-08-20T01:20:52.4432539Z #12 4.253 Selecting previously unselected package libk5crypto3:amd64.
2025-08-20T01:20:52.4433199Z #12 4.254 Preparing to unpack .../08-libk5crypto3_1.21.3-5_amd64.deb ...
2025-08-20T01:20:52.4433786Z #12 4.254 Unpacking libk5crypto3:amd64 (1.21.3-5) ...
2025-08-20T01:20:52.4434536Z #12 4.272 Selecting previously unselected package libkeyutils1:amd64.
2025-08-20T01:20:52.5576554Z #12 4.274 Preparing to unpack .../09-libkeyutils1_1.6.3-6_amd64.deb ...
2025-08-20T01:20:52.5578449Z #12 4.275 Unpacking libkeyutils1:amd64 (1.6.3-6) ...
2025-08-20T01:20:52.5581141Z #12 4.290 Selecting previously unselected package libkrb5-3:amd64.
2025-08-20T01:20:52.5582991Z #12 4.291 Preparing to unpack .../10-libkrb5-3_1.21.3-5_amd64.deb ...
2025-08-20T01:20:52.5583730Z #12 4.292 Unpacking libkrb5-3:amd64 (1.21.3-5) ...
2025-08-20T01:20:52.5584657Z #12 4.322 Selecting previously unselected package libgssapi-krb5-2:amd64.
2025-08-20T01:20:52.5585406Z #12 4.323 Preparing to unpack .../11-libgssapi-krb5-2_1.21.3-5_amd64.deb ...
2025-08-20T01:20:52.5586044Z #12 4.324 Unpacking libgssapi-krb5-2:amd64 (1.21.3-5) ...
2025-08-20T01:20:52.5586669Z #12 4.346 Selecting previously unselected package libunistring5:amd64.
2025-08-20T01:20:52.5587392Z #12 4.348 Preparing to unpack .../12-libunistring5_1.3-2_amd64.deb ...
2025-08-20T01:20:52.5588194Z #12 4.349 Unpacking libunistring5:amd64 (1.3-2) ...
2025-08-20T01:20:52.5589018Z #12 4.388 Selecting previously unselected package libidn2-0:amd64.
2025-08-20T01:20:52.6692879Z #12 4.390 Preparing to unpack .../13-libidn2-0_2.3.8-2_amd64.deb ...
2025-08-20T01:20:52.6693533Z #12 4.390 Unpacking libidn2-0:amd64 (2.3.8-2) ...
2025-08-20T01:20:52.6694454Z #12 4.410 Selecting previously unselected package libsasl2-modules-db:amd64.
2025-08-20T01:20:52.6695294Z #12 4.412 Preparing to unpack .../14-libsasl2-modules-db_2.1.28+dfsg1-9_amd64.deb ...
2025-08-20T01:20:52.6696045Z #12 4.413 Unpacking libsasl2-modules-db:amd64 (2.1.28+dfsg1-9) ...
2025-08-20T01:20:52.6696716Z #12 4.429 Selecting previously unselected package libsasl2-2:amd64.
2025-08-20T01:20:52.6697417Z #12 4.432 Preparing to unpack .../15-libsasl2-2_2.1.28+dfsg1-9_amd64.deb ...
2025-08-20T01:20:52.6698056Z #12 4.433 Unpacking libsasl2-2:amd64 (2.1.28+dfsg1-9) ...
2025-08-20T01:20:52.6698670Z #12 4.452 Selecting previously unselected package libldap2:amd64.
2025-08-20T01:20:52.6699362Z #12 4.453 Preparing to unpack .../16-libldap2_2.6.10+dfsg-1_amd64.deb ...
2025-08-20T01:20:52.6699982Z #12 4.454 Unpacking libldap2:amd64 (2.6.10+dfsg-1) ...
2025-08-20T01:20:52.6700617Z #12 4.477 Selecting previously unselected package libnghttp2-14:amd64.
2025-08-20T01:20:52.6701341Z #12 4.479 Preparing to unpack .../17-libnghttp2-14_1.64.0-1.1_amd64.deb ...
2025-08-20T01:20:52.6702572Z #12 4.481 Unpacking libnghttp2-14:amd64 (1.64.0-1.1) ...
2025-08-20T01:20:52.6703272Z #12 4.500 Selecting previously unselected package libnghttp3-9:amd64.
2025-08-20T01:20:52.8186356Z #12 4.501 Preparing to unpack .../18-libnghttp3-9_1.8.0-1_amd64.deb ...
2025-08-20T01:20:52.8187161Z #12 4.502 Unpacking libnghttp3-9:amd64 (1.8.0-1) ...
2025-08-20T01:20:52.8188140Z #12 4.520 Selecting previously unselected package libpsl5t64:amd64.
2025-08-20T01:20:52.8188844Z #12 4.522 Preparing to unpack .../19-libpsl5t64_0.21.2-1.1+b1_amd64.deb ...
2025-08-20T01:20:52.8189787Z #12 4.523 Unpacking libpsl5t64:amd64 (0.21.2-1.1+b1) ...
2025-08-20T01:20:52.8190366Z #12 4.540 Selecting previously unselected package libp11-kit0:amd64.
2025-08-20T01:20:52.8190997Z #12 4.541 Preparing to unpack .../20-libp11-kit0_0.25.5-3_amd64.deb ...
2025-08-20T01:20:52.8191546Z #12 4.542 Unpacking libp11-kit0:amd64 (0.25.5-3) ...
2025-08-20T01:20:52.8192117Z #12 4.573 Selecting previously unselected package libtasn1-6:amd64.
2025-08-20T01:20:52.8192782Z #12 4.574 Preparing to unpack .../21-libtasn1-6_4.20.0-2_amd64.deb ...
2025-08-20T01:20:52.8193356Z #12 4.575 Unpacking libtasn1-6:amd64 (4.20.0-2) ...
2025-08-20T01:20:52.8193806Z #12 4.593 Selecting previously unselected package libgnutls30t64:amd64.
2025-08-20T01:20:52.8194749Z #12 4.594 Preparing to unpack .../22-libgnutls30t64_3.8.9-3_amd64.deb ...
2025-08-20T01:20:52.8195348Z #12 4.595 Unpacking libgnutls30t64:amd64 (3.8.9-3) ...
2025-08-20T01:20:52.9190636Z #12 4.651 Selecting previously unselected package librtmp1:amd64.
2025-08-20T01:20:52.9191839Z #12 4.653 Preparing to unpack .../23-librtmp1_2.4+20151223.gitfa8646d.1-2+b5_amd64.deb ...
2025-08-20T01:20:52.9193250Z #12 4.653 Unpacking librtmp1:amd64 (2.4+20151223.gitfa8646d.1-2+b5) ...
2025-08-20T01:20:52.9194355Z #12 4.670 Selecting previously unselected package libssh2-1t64:amd64.
2025-08-20T01:20:52.9195126Z #12 4.671 Preparing to unpack .../24-libssh2-1t64_1.11.1-1_amd64.deb ...
2025-08-20T01:20:52.9195524Z #12 4.672 Unpacking libssh2-1t64:amd64 (1.11.1-1) ...
2025-08-20T01:20:52.9195991Z #12 4.693 Selecting previously unselected package libcurl4t64:amd64.
2025-08-20T01:20:52.9196387Z #12 4.694 Preparing to unpack .../25-libcurl4t64_8.14.1-2_amd64.deb ...
2025-08-20T01:20:52.9196812Z #12 4.695 Unpacking libcurl4t64:amd64 (8.14.1-2) ...
2025-08-20T01:20:52.9197134Z #12 4.723 Selecting previously unselected package curl.
2025-08-20T01:20:52.9197550Z #12 4.725 Preparing to unpack .../26-curl_8.14.1-2_amd64.deb ...
2025-08-20T01:20:52.9197858Z #12 4.726 Unpacking curl (8.14.1-2) ...
2025-08-20T01:20:52.9198144Z #12 4.749 Selecting previously unselected package libpq5:amd64.
2025-08-20T01:20:53.0299720Z #12 4.751 Preparing to unpack .../27-libpq5_17.5-1_amd64.deb ...
2025-08-20T01:20:53.0300372Z #12 4.752 Unpacking libpq5:amd64 (17.5-1) ...
2025-08-20T01:20:53.0300998Z #12 4.777 Selecting previously unselected package postgresql-client-common.
2025-08-20T01:20:53.0301775Z #12 4.778 Preparing to unpack .../28-postgresql-client-common_278_all.deb ...
2025-08-20T01:20:53.0302430Z #12 4.784 Unpacking postgresql-client-common (278) ...
2025-08-20T01:20:53.0303067Z #12 4.809 Selecting previously unselected package postgresql-client-17.
2025-08-20T01:20:53.0303803Z #12 4.810 Preparing to unpack .../29-postgresql-client-17_17.5-1_amd64.deb ...
2025-08-20T01:20:53.0304698Z #12 4.811 Unpacking postgresql-client-17 (17.5-1) ...
2025-08-20T01:20:53.1302463Z #12 4.918 Selecting previously unselected package postgresql-client.
2025-08-20T01:20:53.1303286Z #12 4.920 Preparing to unpack .../30-postgresql-client_17+278_all.deb ...
2025-08-20T01:20:53.1304227Z #12 4.921 Unpacking postgresql-client (17+278) ...
2025-08-20T01:20:53.1304772Z #12 4.940 Setting up libkeyutils1:amd64 (1.6.3-6) ...
2025-08-20T01:20:53.1305320Z #12 4.942 Setting up libgdbm-compat4t64:amd64 (1.24-2) ...
2025-08-20T01:20:53.1305750Z #12 4.944 Setting up libbrotli1:amd64 (1.1.0-2+b7) ...
2025-08-20T01:20:53.1306438Z #12 4.947 Setting up libnghttp2-14:amd64 (1.64.0-1.1) ...
2025-08-20T01:20:53.1306861Z #12 4.949 Setting up libcom-err2:amd64 (1.47.2-3+b3) ...
2025-08-20T01:20:53.1307173Z #12 4.951 Setting up libkrb5support0:amd64 (1.21.3-5) ...
2025-08-20T01:20:53.1307518Z #12 4.953 Setting up libsasl2-modules-db:amd64 (2.1.28+dfsg1-9) ...
2025-08-20T01:20:53.1307851Z #12 4.956 Setting up libp11-kit0:amd64 (0.25.5-3) ...
2025-08-20T01:20:53.1308130Z #12 4.958 Setting up libunistring5:amd64 (1.3-2) ...
2025-08-20T01:20:53.1308412Z #12 4.961 Setting up libk5crypto3:amd64 (1.21.3-5) ...
2025-08-20T01:20:53.2340831Z #12 4.963 Setting up libsasl2-2:amd64 (2.1.28+dfsg1-9) ...
2025-08-20T01:20:53.2341447Z #12 4.965 Setting up libnghttp3-9:amd64 (1.8.0-1) ...
2025-08-20T01:20:53.2341988Z #12 4.967 Setting up perl-modules-5.40 (5.40.1-6) ...
2025-08-20T01:20:53.2342468Z #12 4.969 Setting up sensible-utils (0.0.25) ...
2025-08-20T01:20:53.2342946Z #12 4.971 Setting up libtasn1-6:amd64 (4.20.0-2) ...
2025-08-20T01:20:53.2343413Z #12 4.975 Setting up libkrb5-3:amd64 (1.21.3-5) ...
2025-08-20T01:20:53.2344116Z #12 4.977 Setting up libssh2-1t64:amd64 (1.11.1-1) ...
2025-08-20T01:20:53.2344620Z #12 4.980 Setting up libldap2:amd64 (2.6.10+dfsg-1) ...
2025-08-20T01:20:53.2345088Z #12 4.982 Setting up libidn2-0:amd64 (2.3.8-2) ...
2025-08-20T01:20:53.2345549Z #12 4.984 Setting up libperl5.40:amd64 (5.40.1-6) ...
2025-08-20T01:20:53.2346020Z #12 4.986 Setting up perl (5.40.1-6) ...
2025-08-20T01:20:53.2346500Z #12 4.992 Setting up libgssapi-krb5-2:amd64 (1.21.3-5) ...
2025-08-20T01:20:53.2347032Z #12 4.995 Setting up libgnutls30t64:amd64 (3.8.9-3) ...
2025-08-20T01:20:53.2347547Z #12 4.998 Setting up postgresql-client-common (278) ...
2025-08-20T01:20:53.2347977Z #12 5.006 Setting up libpsl5t64:amd64 (0.21.2-1.1+b1) ...
2025-08-20T01:20:53.2348270Z #12 5.008 Setting up libpq5:amd64 (17.5-1) ...
2025-08-20T01:20:53.2348589Z #12 5.010 Setting up librtmp1:amd64 (2.4+20151223.gitfa8646d.1-2+b5) ...
2025-08-20T01:20:53.2348929Z #12 5.012 Setting up libcurl4t64:amd64 (8.14.1-2) ...
2025-08-20T01:20:53.2349252Z #12 5.015 Setting up postgresql-client-17 (17.5-1) ...
2025-08-20T01:20:53.5422419Z #12 5.372 update-alternatives: using /usr/share/postgresql/17/man/man1/psql.1.gz to provide /usr/share/man/man1/psql.1.gz (psql.1.gz) in auto mode
2025-08-20T01:20:53.6838410Z #12 5.411 Setting up curl (8.14.1-2) ...
2025-08-20T01:20:53.6838976Z #12 5.414 Setting up postgresql-client (17+278) ...
2025-08-20T01:20:53.6839511Z #12 5.416 Processing triggers for libc-bin (2.41-12) ...
2025-08-20T01:20:53.6843088Z #12 5.442 + rm -rf /var/lib/apt/lists/auxfiles /var/lib/apt/lists/deb.debian.org_debian-security_dists_trixie-security_InRelease /var/lib/apt/lists/deb.debian.org_debian-security_dists_trixie-security_main_binary-amd64_Packages.lz4 /var/lib/apt/lists/deb.debian.org_debian_dists_trixie-updates_InRelease /var/lib/apt/lists/deb.debian.org_debian_dists_trixie-updates_main_binary-amd64_Packages.lz4 /var/lib/apt/lists/deb.debian.org_debian_dists_trixie_InRelease /var/lib/apt/lists/deb.debian.org_debian_dists_trixie_main_binary-amd64_Packages.lz4 /var/lib/apt/lists/lock /var/lib/apt/lists/partial
2025-08-20T01:20:53.6846058Z #12 DONE 5.5s
2025-08-20T01:20:53.6846167Z 
2025-08-20T01:20:53.6846325Z #13 [base  4/13] RUN pip install --no-cache-dir -r requirements.txt
2025-08-20T01:20:53.6846756Z #13 1.496 Collecting uvicorn==0.29.0 (from -r requirements.txt (line 1))
2025-08-20T01:20:53.6847182Z #13 1.556   Downloading uvicorn-0.29.0-py3-none-any.whl.metadata (6.3 kB)
2025-08-20T01:20:53.6847622Z #13 1.583 Collecting pydantic-settings==2.2.1 (from -r requirements.txt (line 2))
2025-08-20T01:20:53.6848106Z #13 1.600   Downloading pydantic_settings-2.2.1-py3-none-any.whl.metadata (3.1 kB)
2025-08-20T01:20:53.6848536Z #13 1.651 Collecting fastapi==0.111.0 (from -r requirements.txt (line 3))
2025-08-20T01:20:53.6848951Z #13 1.670   Downloading fastapi-0.111.0-py3-none-any.whl.metadata (25 kB)
2025-08-20T01:20:53.6849356Z #13 1.955 Collecting sqlalchemy==2.0.29 (from -r requirements.txt (line 4))
2025-08-20T01:20:53.6850221Z #13 1.972   Downloading SQLAlchemy-2.0.29-cp312-cp312-manylinux_2_17_x86_64.manylinux2014_x86_64.whl.metadata (9.6 kB)
2025-08-20T01:20:53.6850768Z #13 2.026 Collecting alembic==1.13.1 (from -r requirements.txt (line 5))
2025-08-20T01:20:53.6851168Z #13 2.041   Downloading alembic-1.13.1-py3-none-any.whl.metadata (7.4 kB)
2025-08-20T01:20:53.6851680Z #13 2.070 Collecting psycopg==3.2.9 (from psycopg[binary]==3.2.9->-r requirements.txt (line 6))
2025-08-20T01:20:53.6852145Z #13 2.086   Downloading psycopg-3.2.9-py3-none-any.whl.metadata (4.5 kB)
2025-08-20T01:20:53.6852693Z #13 2.120 Collecting httpx==0.27.2 (from -r requirements.txt (line 7))
2025-08-20T01:20:53.6853088Z #13 2.136   Downloading httpx-0.27.2-py3-none-any.whl.metadata (7.1 kB)
2025-08-20T01:20:53.6853473Z #13 2.182 Collecting asyncpg==0.29.0 (from -r requirements.txt (line 8))
2025-08-20T01:20:53.6854243Z #13 2.200   Downloading asyncpg-0.29.0-cp312-cp312-manylinux_2_17_x86_64.manylinux2014_x86_64.whl.metadata (4.4 kB)
2025-08-20T01:20:53.6854767Z #13 2.461 Collecting boto3==1.34.162 (from -r requirements.txt (line 9))
2025-08-20T01:20:53.6855144Z #13 2.479   Downloading boto3-1.34.162-py3-none-any.whl.metadata (6.6 kB)
2025-08-20T01:20:53.6855539Z #13 2.505 Collecting Jinja2==3.1.5 (from -r requirements.txt (line 10))
2025-08-20T01:20:53.6855914Z #13 2.525   Downloading jinja2-3.1.5-py3-none-any.whl.metadata (2.6 kB)
2025-08-20T01:20:53.6856349Z #13 2.572 Collecting celery==5.3.* (from -r requirements.txt (line 11))
2025-08-20T01:20:53.6856743Z #13 2.587   Downloading celery-5.3.6-py3-none-any.whl.metadata (21 kB)
2025-08-20T01:20:53.6857147Z #13 2.632 Collecting structlog==24.1.0 (from -r requirements.txt (line 12))
2025-08-20T01:20:53.6857563Z #13 2.649   Downloading structlog-24.1.0-py3-none-any.whl.metadata (6.9 kB)
2025-08-20T01:20:53.6858008Z #13 2.674 Collecting asgi-correlation-id==4.3.1 (from -r requirements.txt (line 13))
2025-08-20T01:20:53.6858476Z #13 2.691   Downloading asgi_correlation_id-4.3.1-py3-none-any.whl.metadata (28 kB)
2025-08-20T01:20:53.6858925Z #13 2.716 Collecting fastapi-limiter==0.1.6 (from -r requirements.txt (line 14))
2025-08-20T01:20:53.6859374Z #13 2.734   Downloading fastapi_limiter-0.1.6-py3-none-any.whl.metadata (5.3 kB)
2025-08-20T01:20:53.6859785Z #13 2.767 Collecting redis==5.0.8 (from -r requirements.txt (line 15))
2025-08-20T01:20:53.6860157Z #13 2.786   Downloading redis-5.0.8-py3-none-any.whl.metadata (9.2 kB)
2025-08-20T01:20:53.6860683Z #13 2.844 Collecting sentry-sdk==2.9.0 (from sentry-sdk[celery,fastapi,sqlalchemy]==2.9.0->-r requirements.txt (line 16))
2025-08-20T01:20:53.6861231Z #13 2.864   Downloading sentry_sdk-2.9.0-py2.py3-none-any.whl.metadata (14 kB)
2025-08-20T01:20:53.6861681Z #13 2.943 Collecting click>=7.0 (from uvicorn==0.29.0->-r requirements.txt (line 1))
2025-08-20T01:20:53.6862104Z #13 2.958   Downloading click-8.2.1-py3-none-any.whl.metadata (2.5 kB)
2025-08-20T01:20:53.6862505Z #13 2.978 Collecting h11>=0.8 (from uvicorn==0.29.0->-r requirements.txt (line 1))
2025-08-20T01:20:53.6862908Z #13 2.998   Downloading h11-0.16.0-py3-none-any.whl.metadata (8.3 kB)
2025-08-20T01:20:53.6863350Z #13 3.095 Collecting pydantic>=2.3.0 (from pydantic-settings==2.2.1->-r requirements.txt (line 2))
2025-08-20T01:20:53.6863819Z #13 3.110   Downloading pydantic-2.11.7-py3-none-any.whl.metadata (67 kB)
2025-08-20T01:20:53.6864484Z #13 3.151 Collecting python-dotenv>=0.21.0 (from pydantic-settings==2.2.1->-r requirements.txt (line 2))
2025-08-20T01:20:53.6864984Z #13 3.167   Downloading python_dotenv-1.1.1-py3-none-any.whl.metadata (24 kB)
2025-08-20T01:20:53.6865476Z #13 3.205 Collecting starlette<0.38.0,>=0.37.2 (from fastapi==0.111.0->-r requirements.txt (line 3))
2025-08-20T01:20:53.6865942Z #13 3.222   Downloading starlette-0.37.2-py3-none-any.whl.metadata (5.9 kB)
2025-08-20T01:20:53.6866422Z #13 3.284 Collecting typing-extensions>=4.8.0 (from fastapi==0.111.0->-r requirements.txt (line 3))
2025-08-20T01:20:53.6866924Z #13 3.300   Downloading typing_extensions-4.14.1-py3-none-any.whl.metadata (3.0 kB)
2025-08-20T01:20:53.6867536Z #13 3.321 Collecting fastapi-cli>=0.0.2 (from fastapi==0.111.0->-r requirements.txt (line 3))
2025-08-20T01:20:53.6867989Z #13 3.340   Downloading fastapi_cli-0.0.8-py3-none-any.whl.metadata (6.3 kB)
2025-08-20T01:20:53.6868458Z #13 3.368 Collecting python-multipart>=0.0.7 (from fastapi==0.111.0->-r requirements.txt (line 3))
2025-08-20T01:20:53.6868951Z #13 3.384   Downloading python_multipart-0.0.20-py3-none-any.whl.metadata (1.8 kB)
2025-08-20T01:20:53.6869455Z #13 3.443 Collecting ujson!=4.0.2,!=4.1.0,!=4.2.0,!=4.3.0,!=5.0.0,!=5.1.0,>=4.0.1 (from fastapi==0.111.0->-r requirements.txt (line 3))
2025-08-20T01:20:53.6887672Z #13 3.461   Downloading ujson-5.10.0-cp312-cp312-manylinux_2_17_x86_64.manylinux2014_x86_64.whl.metadata (9.3 kB)
2025-08-20T01:20:53.6888326Z #13 3.678 Collecting orjson>=3.2.1 (from fastapi==0.111.0->-r requirements.txt (line 3))
2025-08-20T01:20:53.6888959Z #13 3.694   Downloading orjson-3.11.2-cp312-cp312-manylinux_2_17_x86_64.manylinux2014_x86_64.whl.metadata (1.2 kB)
2025-08-20T01:20:53.6889616Z #13 3.722 Collecting email_validator>=2.0.0 (from fastapi==0.111.0->-r requirements.txt (line 3))
2025-08-20T01:20:53.6890115Z #13 3.738   Downloading email_validator-2.2.0-py3-none-any.whl.metadata (25 kB)
2025-08-20T01:20:53.6890597Z #13 3.912 Collecting greenlet!=0.4.17 (from sqlalchemy==2.0.29->-r requirements.txt (line 4))
2025-08-20T01:20:53.6891168Z #13 3.928   Downloading greenlet-3.2.4-cp312-cp312-manylinux_2_24_x86_64.manylinux_2_28_x86_64.whl.metadata (4.1 kB)
2025-08-20T01:20:53.6891702Z #13 3.978 Collecting Mako (from alembic==1.13.1->-r requirements.txt (line 5))
2025-08-20T01:20:53.6892108Z #13 4.000   Downloading mako-1.3.10-py3-none-any.whl.metadata (2.9 kB)
2025-08-20T01:20:53.6892498Z #13 4.042 Collecting anyio (from httpx==0.27.2->-r requirements.txt (line 7))
2025-08-20T01:20:53.6892906Z #13 4.058   Downloading anyio-4.10.0-py3-none-any.whl.metadata (4.0 kB)
2025-08-20T01:20:53.6893319Z #13 4.091 Collecting certifi (from httpx==0.27.2->-r requirements.txt (line 7))
2025-08-20T01:20:53.6893735Z #13 4.107   Downloading certifi-2025.8.3-py3-none-any.whl.metadata (2.4 kB)
2025-08-20T01:20:53.6894422Z #13 4.135 Collecting httpcore==1.* (from httpx==0.27.2->-r requirements.txt (line 7))
2025-08-20T01:20:53.6894852Z #13 4.151   Downloading httpcore-1.0.9-py3-none-any.whl.metadata (21 kB)
2025-08-20T01:20:53.6895252Z #13 4.179 Collecting idna (from httpx==0.27.2->-r requirements.txt (line 7))
2025-08-20T01:20:53.6895637Z #13 4.195   Downloading idna-3.10-py3-none-any.whl.metadata (10 kB)
2025-08-20T01:20:53.6896124Z #13 4.215 Collecting sniffio (from httpx==0.27.2->-r requirements.txt (line 7))
2025-08-20T01:20:53.6896544Z #13 4.231   Downloading sniffio-1.3.1-py3-none-any.whl.metadata (3.9 kB)
2025-08-20T01:20:53.6896986Z #13 4.638 Collecting botocore<1.35.0,>=1.34.162 (from boto3==1.34.162->-r requirements.txt (line 9))
2025-08-20T01:20:53.6897444Z #13 4.654   Downloading botocore-1.34.162-py3-none-any.whl.metadata (5.7 kB)
2025-08-20T01:20:53.6897895Z #13 4.677 Collecting jmespath<2.0.0,>=0.7.1 (from boto3==1.34.162->-r requirements.txt (line 9))
2025-08-20T01:20:53.6898337Z #13 4.693   Downloading jmespath-1.0.1-py3-none-any.whl.metadata (7.6 kB)
2025-08-20T01:20:53.6898788Z #13 4.722 Collecting s3transfer<0.11.0,>=0.10.0 (from boto3==1.34.162->-r requirements.txt (line 9))
2025-08-20T01:20:53.6899235Z #13 4.738   Downloading s3transfer-0.10.4-py3-none-any.whl.metadata (1.7 kB)
2025-08-20T01:20:53.6899680Z #13 4.798 Collecting MarkupSafe>=2.0 (from Jinja2==3.1.5->-r requirements.txt (line 10))
2025-08-20T01:20:53.6900238Z #13 4.814   Downloading MarkupSafe-3.0.2-cp312-cp312-manylinux_2_17_x86_64.manylinux2014_x86_64.whl.metadata (4.0 kB)
2025-08-20T01:20:53.6900801Z #13 4.849 Collecting billiard<5.0,>=4.2.0 (from celery==5.3.*->-r requirements.txt (line 11))
2025-08-20T01:20:53.6901232Z #13 4.865   Downloading billiard-4.2.1-py3-none-any.whl.metadata (4.4 kB)
2025-08-20T01:20:53.6901876Z #13 4.889 Collecting click-didyoumean>=0.3.0 (from celery==5.3.*->-r requirements.txt (line 11))
2025-08-20T01:20:53.6902366Z #13 4.905   Downloading click_didyoumean-0.3.1-py3-none-any.whl.metadata (3.9 kB)
2025-08-20T01:20:53.6902828Z #13 4.929 Collecting click-plugins>=1.1.1 (from celery==5.3.*->-r requirements.txt (line 11))
2025-08-20T01:20:53.6903303Z #13 4.944   Downloading click_plugins-1.1.1.2-py2.py3-none-any.whl.metadata (6.5 kB)
2025-08-20T01:20:53.6903762Z #13 4.968 Collecting click-repl>=0.2.0 (from celery==5.3.*->-r requirements.txt (line 11))
2025-08-20T01:20:53.6904868Z #13 4.983   Downloading click_repl-0.3.0-py3-none-any.whl.metadata (3.6 kB)
2025-08-20T01:20:53.6905311Z #13 5.038 Collecting kombu<6.0,>=5.3.4 (from celery==5.3.*->-r requirements.txt (line 11))
2025-08-20T01:20:53.6905735Z #13 5.054   Downloading kombu-5.5.4-py3-none-any.whl.metadata (3.5 kB)
2025-08-20T01:20:53.6906194Z #13 5.086 Collecting python-dateutil>=2.8.2 (from celery==5.3.*->-r requirements.txt (line 11))
2025-08-20T01:20:53.6906713Z #13 5.102   Downloading python_dateutil-2.9.0.post0-py2.py3-none-any.whl.metadata (8.4 kB)
2025-08-20T01:20:53.6907200Z #13 5.125 Collecting tzdata>=2022.7 (from celery==5.3.*->-r requirements.txt (line 11))
2025-08-20T01:20:53.6907638Z #13 5.142   Downloading tzdata-2025.2-py2.py3-none-any.whl.metadata (1.4 kB)
2025-08-20T01:20:53.6908071Z #13 5.163 Collecting vine<6.0,>=5.1.0 (from celery==5.3.*->-r requirements.txt (line 11))
2025-08-20T01:20:53.6908482Z #13 5.178   Downloading vine-5.1.0-py3-none-any.whl.metadata (2.7 kB)
2025-08-20T01:20:53.6909060Z #13 5.234 Collecting urllib3>=1.26.11 (from sentry-sdk==2.9.0->sentry-sdk[celery,fastapi,sqlalchemy]==2.9.0->-r requirements.txt (line 16))
2025-08-20T01:20:53.6909811Z #13 5.251   Downloading urllib3-2.5.0-py3-none-any.whl.metadata (6.5 kB)
2025-08-20T01:20:53.6910283Z #13 5.389 Collecting psycopg-binary==3.2.9 (from psycopg[binary]==3.2.9->-r requirements.txt (line 6))
2025-08-20T01:20:53.6910908Z #13 5.406   Downloading psycopg_binary-3.2.9-cp312-cp312-manylinux_2_17_x86_64.manylinux2014_x86_64.whl.metadata (2.9 kB)
2025-08-20T01:20:53.7937781Z #13 5.527 Collecting prompt-toolkit>=3.0.36 (from click-repl>=0.2.0->celery==5.3.*->-r requirements.txt (line 11))
2025-08-20T01:20:53.7938972Z #13 5.543   Downloading prompt_toolkit-3.0.51-py3-none-any.whl.metadata (6.4 kB)
2025-08-20T01:20:53.7939967Z #13 5.566 Collecting dnspython>=2.0.0 (from email_validator>=2.0.0->fastapi==0.111.0->-r requirements.txt (line 3))
2025-08-20T01:20:53.7940932Z #13 5.581   Downloading dnspython-2.7.0-py3-none-any.whl.metadata (5.8 kB)
2025-08-20T01:20:53.7941864Z #13 5.614 Collecting typer>=0.15.1 (from fastapi-cli>=0.0.2->fastapi==0.111.0->-r requirements.txt (line 3))
2025-08-20T01:20:53.8977956Z #13 5.629   Downloading typer-0.16.1-py3-none-any.whl.metadata (15 kB)
2025-08-20T01:20:53.8979279Z #13 5.660 Collecting rich-toolkit>=0.14.8 (from fastapi-cli>=0.0.2->fastapi==0.111.0->-r requirements.txt (line 3))
2025-08-20T01:20:53.8980401Z #13 5.677   Downloading rich_toolkit-0.15.0-py3-none-any.whl.metadata (1.0 kB)
2025-08-20T01:20:53.8981314Z #13 5.718 Collecting amqp<6.0.0,>=5.1.1 (from kombu<6.0,>=5.3.4->celery==5.3.*->-r requirements.txt (line 11))
2025-08-20T01:20:54.1469219Z #13 5.733   Downloading amqp-5.3.1-py3-none-any.whl.metadata (8.9 kB)
2025-08-20T01:20:54.1469834Z #13 5.761 Collecting packaging (from kombu<6.0,>=5.3.4->celery==5.3.*->-r requirements.txt (line 11))
2025-08-20T01:20:54.1470444Z #13 5.776   Downloading packaging-25.0-py3-none-any.whl.metadata (3.3 kB)
2025-08-20T01:20:54.1471122Z #13 5.800 Collecting annotated-types>=0.6.0 (from pydantic>=2.3.0->pydantic-settings==2.2.1->-r requirements.txt (line 2))
2025-08-20T01:20:54.1471816Z #13 5.816   Downloading annotated_types-0.7.0-py3-none-any.whl.metadata (15 kB)
2025-08-20T01:20:54.5158663Z #13 6.335 Collecting pydantic-core==2.33.2 (from pydantic>=2.3.0->pydantic-settings==2.2.1->-r requirements.txt (line 2))
2025-08-20T01:20:54.6195333Z #13 6.351   Downloading pydantic_core-2.33.2-cp312-cp312-manylinux_2_17_x86_64.manylinux2014_x86_64.whl.metadata (6.8 kB)
2025-08-20T01:20:54.6196979Z #13 6.380 Collecting typing-inspection>=0.4.0 (from pydantic>=2.3.0->pydantic-settings==2.2.1->-r requirements.txt (line 2))
2025-08-20T01:20:54.6198098Z #13 6.395   Downloading typing_inspection-0.4.1-py3-none-any.whl.metadata (2.6 kB)
2025-08-20T01:20:54.6199084Z #13 6.424 Collecting six>=1.5 (from python-dateutil>=2.8.2->celery==5.3.*->-r requirements.txt (line 11))
2025-08-20T01:20:54.6199863Z #13 6.439   Downloading six-1.17.0-py2.py3-none-any.whl.metadata (1.7 kB)
2025-08-20T01:20:54.7965901Z #13 6.616 Collecting httptools>=0.5.0 (from uvicorn[standard]>=0.12.0->fastapi==0.111.0->-r requirements.txt (line 3))
2025-08-20T01:20:54.9130483Z #13 6.634   Downloading httptools-0.6.4-cp312-cp312-manylinux_2_5_x86_64.manylinux1_x86_64.manylinux_2_17_x86_64.manylinux2014_x86_64.whl.metadata (3.6 kB)
2025-08-20T01:20:54.9131858Z #13 6.674 Collecting pyyaml>=5.1 (from uvicorn[standard]>=0.12.0->fastapi==0.111.0->-r requirements.txt (line 3))
2025-08-20T01:20:54.9133002Z #13 6.691   Downloading PyYAML-6.0.2-cp312-cp312-manylinux_2_17_x86_64.manylinux2014_x86_64.whl.metadata (2.1 kB)
2025-08-20T01:20:54.9134408Z #13 6.733 Collecting uvloop!=0.15.0,!=0.15.1,>=0.14.0 (from uvicorn[standard]>=0.12.0->fastapi==0.111.0->-r requirements.txt (line 3))
2025-08-20T01:20:55.0133229Z #13 6.750   Downloading uvloop-0.21.0-cp312-cp312-manylinux_2_17_x86_64.manylinux2014_x86_64.whl.metadata (4.9 kB)
2025-08-20T01:20:55.0135139Z #13 6.815 Collecting watchfiles>=0.13 (from uvicorn[standard]>=0.12.0->fastapi==0.111.0->-r requirements.txt (line 3))
2025-08-20T01:20:55.0136642Z #13 6.833   Downloading watchfiles-1.1.0-cp312-cp312-manylinux_2_17_x86_64.manylinux2014_x86_64.whl.metadata (4.9 kB)
2025-08-20T01:20:55.1338528Z #13 6.954 Collecting websockets>=10.4 (from uvicorn[standard]>=0.12.0->fastapi==0.111.0->-r requirements.txt (line 3))
2025-08-20T01:20:55.2539328Z #13 6.970   Downloading websockets-15.0.1-cp312-cp312-manylinux_2_5_x86_64.manylinux1_x86_64.manylinux_2_17_x86_64.manylinux2014_x86_64.whl.metadata (6.8 kB)
2025-08-20T01:20:55.2542504Z #13 7.005 Collecting wcwidth (from prompt-toolkit>=3.0.36->click-repl>=0.2.0->celery==5.3.*->-r requirements.txt (line 11))
2025-08-20T01:20:55.2543709Z #13 7.021   Downloading wcwidth-0.2.13-py2.py3-none-any.whl.metadata (14 kB)
2025-08-20T01:20:55.2544874Z #13 7.074 Collecting rich>=13.7.1 (from rich-toolkit>=0.14.8->fastapi-cli>=0.0.2->fastapi==0.111.0->-r requirements.txt (line 3))
2025-08-20T01:20:55.3800054Z #13 7.090   Downloading rich-14.1.0-py3-none-any.whl.metadata (18 kB)
2025-08-20T01:20:55.3801096Z #13 7.127 Collecting shellingham>=1.3.0 (from typer>=0.15.1->fastapi-cli>=0.0.2->fastapi==0.111.0->-r requirements.txt (line 3))
2025-08-20T01:20:55.3802153Z #13 7.142   Downloading shellingham-1.5.4-py2.py3-none-any.whl.metadata (3.5 kB)
2025-08-20T01:20:55.3803293Z #13 7.200 Collecting markdown-it-py>=2.2.0 (from rich>=13.7.1->rich-toolkit>=0.14.8->fastapi-cli>=0.0.2->fastapi==0.111.0->-r requirements.txt (line 3))
2025-08-20T01:20:55.4806414Z #13 7.215   Downloading markdown_it_py-4.0.0-py3-none-any.whl.metadata (7.3 kB)
2025-08-20T01:20:55.4808344Z #13 7.246 Collecting pygments<3.0.0,>=2.13.0 (from rich>=13.7.1->rich-toolkit>=0.14.8->fastapi-cli>=0.0.2->fastapi==0.111.0->-r requirements.txt (line 3))
2025-08-20T01:20:55.4809735Z #13 7.262   Downloading pygments-2.19.2-py3-none-any.whl.metadata (2.5 kB)
2025-08-20T01:20:55.4811035Z #13 7.285 Collecting mdurl~=0.1 (from markdown-it-py>=2.2.0->rich>=13.7.1->rich-toolkit>=0.14.8->fastapi-cli>=0.0.2->fastapi==0.111.0->-r requirements.txt (line 3))
2025-08-20T01:20:55.4812125Z #13 7.301   Downloading mdurl-0.1.2-py3-none-any.whl.metadata (1.6 kB)
2025-08-20T01:20:55.6787430Z #13 7.325 Downloading uvicorn-0.29.0-py3-none-any.whl (60 kB)
2025-08-20T01:20:55.6788270Z #13 7.346 Downloading pydantic_settings-2.2.1-py3-none-any.whl (13 kB)
2025-08-20T01:20:55.6788970Z #13 7.365 Downloading fastapi-0.111.0-py3-none-any.whl (91 kB)
2025-08-20T01:20:55.6790157Z #13 7.388 Downloading SQLAlchemy-2.0.29-cp312-cp312-manylinux_2_17_x86_64.manylinux2014_x86_64.whl (3.2 MB)
2025-08-20T01:20:55.8465379Z #13 7.498    ━━━━━━━━━━━━━━━━━━━━━━━━━━━━━━━━━━━━━━━━ 3.2/3.2 MB 31.9 MB/s eta 0:00:00
2025-08-20T01:20:55.8467975Z #13 7.514 Downloading alembic-1.13.1-py3-none-any.whl (233 kB)
2025-08-20T01:20:55.8468905Z #13 7.534 Downloading psycopg-3.2.9-py3-none-any.whl (202 kB)
2025-08-20T01:20:55.8469685Z #13 7.550 Downloading httpx-0.27.2-py3-none-any.whl (76 kB)
2025-08-20T01:20:55.8470536Z #13 7.565 Downloading asyncpg-0.29.0-cp312-cp312-manylinux_2_17_x86_64.manylinux2014_x86_64.whl (3.3 MB)
2025-08-20T01:20:55.8471931Z #13 7.584    ━━━━━━━━━━━━━━━━━━━━━━━━━━━━━━━━━━━━━━━━ 3.3/3.3 MB 194.4 MB/s eta 0:00:00
2025-08-20T01:20:55.8472576Z #13 7.666 Downloading boto3-1.34.162-py3-none-any.whl (139 kB)
2025-08-20T01:20:55.9521006Z #13 7.682 Downloading jinja2-3.1.5-py3-none-any.whl (134 kB)
2025-08-20T01:20:55.9521725Z #13 7.699 Downloading celery-5.3.6-py3-none-any.whl (422 kB)
2025-08-20T01:20:55.9522405Z #13 7.717 Downloading structlog-24.1.0-py3-none-any.whl (65 kB)
2025-08-20T01:20:55.9523124Z #13 7.736 Downloading asgi_correlation_id-4.3.1-py3-none-any.whl (15 kB)
2025-08-20T01:20:55.9523775Z #13 7.754 Downloading fastapi_limiter-0.1.6-py3-none-any.whl (15 kB)
2025-08-20T01:20:55.9524483Z #13 7.772 Downloading redis-5.0.8-py3-none-any.whl (255 kB)
2025-08-20T01:20:56.0695676Z #13 7.788 Downloading sentry_sdk-2.9.0-py2.py3-none-any.whl (301 kB)
2025-08-20T01:20:56.0696944Z #13 7.805 Downloading httpcore-1.0.9-py3-none-any.whl (78 kB)
2025-08-20T01:20:56.0697950Z #13 7.821 Downloading psycopg_binary-3.2.9-cp312-cp312-manylinux_2_17_x86_64.manylinux2014_x86_64.whl (4.4 MB)
2025-08-20T01:20:56.0698950Z #13 7.848    ━━━━━━━━━━━━━━━━━━━━━━━━━━━━━━━━━━━━━━━━ 4.4/4.4 MB 174.1 MB/s eta 0:00:00
2025-08-20T01:20:56.0699460Z #13 7.864 Downloading billiard-4.2.1-py3-none-any.whl (86 kB)
2025-08-20T01:20:56.0701839Z #13 7.889 Downloading botocore-1.34.162-py3-none-any.whl (12.5 MB)
2025-08-20T01:20:56.1850080Z #13 7.973    ━━━━━━━━━━━━━━━━━━━━━━━━━━━━━━━━━━━━━━━━ 12.5/12.5 MB 150.8 MB/s eta 0:00:00
2025-08-20T01:20:56.1850752Z #13 7.989 Downloading click-8.2.1-py3-none-any.whl (102 kB)
2025-08-20T01:20:56.1851474Z #13 8.005 Downloading click_didyoumean-0.3.1-py3-none-any.whl (3.6 kB)
2025-08-20T01:20:56.2851283Z #13 8.021 Downloading click_plugins-1.1.1.2-py2.py3-none-any.whl (11 kB)
2025-08-20T01:20:56.2852592Z #13 8.036 Downloading click_repl-0.3.0-py3-none-any.whl (10 kB)
2025-08-20T01:20:56.2853434Z #13 8.054 Downloading email_validator-2.2.0-py3-none-any.whl (33 kB)
2025-08-20T01:20:56.2854432Z #13 8.070 Downloading fastapi_cli-0.0.8-py3-none-any.whl (10 kB)
2025-08-20T01:20:56.2855175Z #13 8.085 Downloading greenlet-3.2.4-cp312-cp312-manylinux_2_24_x86_64.manylinux_2_28_x86_64.whl (607 kB)
2025-08-20T01:20:56.2856210Z #13 8.089    ━━━━━━━━━━━━━━━━━━━━━━━━━━━━━━━━━━━━━━━ 607.6/607.6 kB 493.7 MB/s eta 0:00:00
2025-08-20T01:20:56.2856714Z #13 8.105 Downloading h11-0.16.0-py3-none-any.whl (37 kB)
2025-08-20T01:20:56.4004539Z #13 8.125 Downloading idna-3.10-py3-none-any.whl (70 kB)
2025-08-20T01:20:56.4005748Z #13 8.141 Downloading jmespath-1.0.1-py3-none-any.whl (20 kB)
2025-08-20T01:20:56.4006557Z #13 8.157 Downloading kombu-5.5.4-py3-none-any.whl (210 kB)
2025-08-20T01:20:56.4007349Z #13 8.173 Downloading vine-5.1.0-py3-none-any.whl (9.6 kB)
2025-08-20T01:20:56.4008430Z #13 8.188 Downloading MarkupSafe-3.0.2-cp312-cp312-manylinux_2_17_x86_64.manylinux2014_x86_64.whl (23 kB)
2025-08-20T01:20:56.4009896Z #13 8.205 Downloading orjson-3.11.2-cp312-cp312-manylinux_2_17_x86_64.manylinux2014_x86_64.whl (121 kB)
2025-08-20T01:20:56.4010763Z #13 8.220 Downloading pydantic-2.11.7-py3-none-any.whl (444 kB)
2025-08-20T01:20:56.5117276Z #13 8.241 Downloading pydantic_core-2.33.2-cp312-cp312-manylinux_2_17_x86_64.manylinux2014_x86_64.whl (2.0 MB)
2025-08-20T01:20:56.5118606Z #13 8.248    ━━━━━━━━━━━━━━━━━━━━━━━━━━━━━━━━━━━━━━━━ 2.0/2.0 MB 420.6 MB/s eta 0:00:00
2025-08-20T01:20:56.5119388Z #13 8.265 Downloading python_dateutil-2.9.0.post0-py2.py3-none-any.whl (229 kB)
2025-08-20T01:20:56.5120611Z #13 8.282 Downloading python_dotenv-1.1.1-py3-none-any.whl (20 kB)
2025-08-20T01:20:56.5121186Z #13 8.299 Downloading python_multipart-0.0.20-py3-none-any.whl (24 kB)
2025-08-20T01:20:56.5121768Z #13 8.314 Downloading s3transfer-0.10.4-py3-none-any.whl (83 kB)
2025-08-20T01:20:56.5122239Z #13 8.332 Downloading starlette-0.37.2-py3-none-any.whl (71 kB)
2025-08-20T01:20:56.6243101Z #13 8.348 Downloading anyio-4.10.0-py3-none-any.whl (107 kB)
2025-08-20T01:20:56.6243891Z #13 8.364 Downloading sniffio-1.3.1-py3-none-any.whl (10 kB)
2025-08-20T01:20:56.6245185Z #13 8.380 Downloading typing_extensions-4.14.1-py3-none-any.whl (43 kB)
2025-08-20T01:20:56.6246014Z #13 8.396 Downloading tzdata-2025.2-py2.py3-none-any.whl (347 kB)
2025-08-20T01:20:56.6246994Z #13 8.412 Downloading ujson-5.10.0-cp312-cp312-manylinux_2_17_x86_64.manylinux2014_x86_64.whl (53 kB)
2025-08-20T01:20:56.6247791Z #13 8.427 Downloading urllib3-2.5.0-py3-none-any.whl (129 kB)
2025-08-20T01:20:56.6248262Z #13 8.444 Downloading certifi-2025.8.3-py3-none-any.whl (161 kB)
2025-08-20T01:20:56.7251850Z #13 8.460 Downloading mako-1.3.10-py3-none-any.whl (78 kB)
2025-08-20T01:20:56.7252783Z #13 8.476 Downloading amqp-5.3.1-py3-none-any.whl (50 kB)
2025-08-20T01:20:56.7253649Z #13 8.492 Downloading annotated_types-0.7.0-py3-none-any.whl (13 kB)
2025-08-20T01:20:56.7254582Z #13 8.509 Downloading dnspython-2.7.0-py3-none-any.whl (313 kB)
2025-08-20T01:20:56.7255840Z #13 8.528 Downloading httptools-0.6.4-cp312-cp312-manylinux_2_5_x86_64.manylinux1_x86_64.manylinux_2_17_x86_64.manylinux2014_x86_64.whl (510 kB)
2025-08-20T01:20:56.7257060Z #13 8.545 Downloading prompt_toolkit-3.0.51-py3-none-any.whl (387 kB)
2025-08-20T01:20:56.8298293Z #13 8.563 Downloading PyYAML-6.0.2-cp312-cp312-manylinux_2_17_x86_64.manylinux2014_x86_64.whl (767 kB)
2025-08-20T01:20:56.8299913Z #13 8.566    ━━━━━━━━━━━━━━━━━━━━━━━━━━━━━━━━━━━━━━━ 767.5/767.5 kB 622.3 MB/s eta 0:00:00
2025-08-20T01:20:56.8300426Z #13 8.584 Downloading rich_toolkit-0.15.0-py3-none-any.whl (29 kB)
2025-08-20T01:20:56.8301072Z #13 8.601 Downloading six-1.17.0-py2.py3-none-any.whl (11 kB)
2025-08-20T01:20:56.8301656Z #13 8.617 Downloading typer-0.16.1-py3-none-any.whl (46 kB)
2025-08-20T01:20:56.8302124Z #13 8.633 Downloading typing_inspection-0.4.1-py3-none-any.whl (14 kB)
2025-08-20T01:20:56.8302873Z #13 8.649 Downloading uvloop-0.21.0-cp312-cp312-manylinux_2_17_x86_64.manylinux2014_x86_64.whl (4.7 MB)
2025-08-20T01:20:56.9319569Z #13 8.667    ━━━━━━━━━━━━━━━━━━━━━━━━━━━━━━━━━━━━━━━━ 4.7/4.7 MB 311.4 MB/s eta 0:00:00
2025-08-20T01:20:56.9320541Z #13 8.683 Downloading watchfiles-1.1.0-cp312-cp312-manylinux_2_17_x86_64.manylinux2014_x86_64.whl (452 kB)
2025-08-20T01:20:56.9321878Z #13 8.700 Downloading websockets-15.0.1-cp312-cp312-manylinux_2_5_x86_64.manylinux1_x86_64.manylinux_2_17_x86_64.manylinux2014_x86_64.whl (182 kB)
2025-08-20T01:20:56.9323021Z #13 8.718 Downloading packaging-25.0-py3-none-any.whl (66 kB)
2025-08-20T01:20:56.9323580Z #13 8.735 Downloading rich-14.1.0-py3-none-any.whl (243 kB)
2025-08-20T01:20:56.9324300Z #13 8.752 Downloading shellingham-1.5.4-py2.py3-none-any.whl (9.8 kB)
2025-08-20T01:20:57.1515650Z #13 8.767 Downloading wcwidth-0.2.13-py2.py3-none-any.whl (34 kB)
2025-08-20T01:20:57.1516373Z #13 8.783 Downloading markdown_it_py-4.0.0-py3-none-any.whl (87 kB)
2025-08-20T01:20:57.1517040Z #13 8.799 Downloading pygments-2.19.2-py3-none-any.whl (1.2 MB)
2025-08-20T01:20:57.1518029Z #13 8.805    ━━━━━━━━━━━━━━━━━━━━━━━━━━━━━━━━━━━━━━━━ 1.2/1.2 MB 420.2 MB/s eta 0:00:00
2025-08-20T01:20:57.1518688Z #13 8.820 Downloading mdurl-0.1.2-py3-none-any.whl (10.0 kB)
2025-08-20T01:20:57.2124955Z #13 9.032 Installing collected packages: wcwidth, websockets, vine, uvloop, urllib3, ujson, tzdata, typing-extensions, structlog, sniffio, six, shellingham, redis, pyyaml, python-multipart, python-dotenv, pygments, psycopg-binary, prompt-toolkit, packaging, orjson, mdurl, MarkupSafe, jmespath, idna, httptools, h11, greenlet, dnspython, click, certifi, billiard, asyncpg, annotated-types, uvicorn, typing-inspection, sqlalchemy, sentry-sdk, python-dateutil, pydantic-core, psycopg, markdown-it-py, Mako, Jinja2, httpcore, email_validator, click-repl, click-plugins, click-didyoumean, anyio, amqp, watchfiles, starlette, rich, pydantic, kombu, httpx, botocore, alembic, typer, s3transfer, rich-toolkit, pydantic-settings, celery, asgi-correlation-id, fastapi-cli, boto3, fastapi, fastapi-limiter
2025-08-20T01:21:03.2596221Z #13 15.08 Successfully installed Jinja2-3.1.5 Mako-1.3.10 MarkupSafe-3.0.2 alembic-1.13.1 amqp-5.3.1 annotated-types-0.7.0 anyio-4.10.0 asgi-correlation-id-4.3.1 asyncpg-0.29.0 billiard-4.2.1 boto3-1.34.162 botocore-1.34.162 celery-5.3.6 certifi-2025.8.3 click-8.2.1 click-didyoumean-0.3.1 click-plugins-1.1.1.2 click-repl-0.3.0 dnspython-2.7.0 email_validator-2.2.0 fastapi-0.111.0 fastapi-cli-0.0.8 fastapi-limiter-0.1.6 greenlet-3.2.4 h11-0.16.0 httpcore-1.0.9 httptools-0.6.4 httpx-0.27.2 idna-3.10 jmespath-1.0.1 kombu-5.5.4 markdown-it-py-4.0.0 mdurl-0.1.2 orjson-3.11.2 packaging-25.0 prompt-toolkit-3.0.51 psycopg-3.2.9 psycopg-binary-3.2.9 pydantic-2.11.7 pydantic-core-2.33.2 pydantic-settings-2.2.1 pygments-2.19.2 python-dateutil-2.9.0.post0 python-dotenv-1.1.1 python-multipart-0.0.20 pyyaml-6.0.2 redis-5.0.8 rich-14.1.0 rich-toolkit-0.15.0 s3transfer-0.10.4 sentry-sdk-2.9.0 shellingham-1.5.4 six-1.17.0 sniffio-1.3.1 sqlalchemy-2.0.29 starlette-0.37.2 structlog-24.1.0 typer-0.16.1 typing-extensions-4.14.1 typing-inspection-0.4.1 tzdata-2025.2 ujson-5.10.0 urllib3-2.5.0 uvicorn-0.29.0 uvloop-0.21.0 vine-5.1.0 watchfiles-1.1.0 wcwidth-0.2.13 websockets-15.0.1
2025-08-20T01:21:03.3611026Z #13 15.08 WARNING: Running pip as the 'root' user can result in broken permissions and conflicting behaviour with the system package manager, possibly rendering your system unusable. It is recommended to use a virtual environment instead: https://pip.pypa.io/warnings/venv. Use the --root-user-action option if you know what you are doing and want to suppress this warning.
2025-08-20T01:21:03.3614709Z #13 15.18 
2025-08-20T01:21:03.3615331Z #13 15.18 [notice] A new release of pip is available: 25.0.1 -> 25.2
2025-08-20T01:21:03.3615943Z #13 15.18 [notice] To update, run: pip install --upgrade pip
2025-08-20T01:21:03.7300893Z #13 DONE 15.5s
2025-08-20T01:21:03.8319579Z 
2025-08-20T01:21:03.8320100Z #14 [base  5/13] COPY services/api/ ./services/api
2025-08-20T01:21:03.8320652Z #14 DONE 0.1s
2025-08-20T01:21:03.8320830Z 
2025-08-20T01:21:03.8321036Z #15 [base  6/13] COPY services/common/ ./services/common
2025-08-20T01:21:03.8321539Z #15 DONE 0.0s
2025-08-20T01:21:03.9583219Z 
2025-08-20T01:21:03.9585312Z #16 [base  7/13] COPY services/ingest/ ./services/ingest
2025-08-20T01:21:03.9585840Z #16 DONE 0.0s
2025-08-20T01:21:03.9586005Z 
2025-08-20T01:21:03.9586169Z #17 [base  8/13] COPY services/etl/ ./services/etl
2025-08-20T01:21:03.9586573Z #17 DONE 0.0s
2025-08-20T01:21:03.9586735Z 
2025-08-20T01:21:03.9586880Z #18 [base  9/13] COPY api/ ./api
2025-08-20T01:21:03.9587228Z #18 DONE 0.0s
2025-08-20T01:21:03.9587386Z 
2025-08-20T01:21:03.9587634Z #19 [base 10/13] COPY services/api/alembic.ini ./alembic.ini
2025-08-20T01:21:03.9588091Z #19 DONE 0.0s
2025-08-20T01:21:03.9588253Z 
2025-08-20T01:21:03.9588402Z #20 [base 11/13] COPY alembic/ ./alembic/
2025-08-20T01:21:03.9588776Z #20 DONE 0.0s
2025-08-20T01:21:03.9588945Z 
2025-08-20T01:21:03.9589181Z #21 [base 12/13] COPY services/api/entrypoint.sh ./entrypoint.sh
2025-08-20T01:21:03.9589660Z #21 DONE 0.0s
2025-08-20T01:21:03.9589831Z 
2025-08-20T01:21:03.9589981Z #22 [base 13/13] RUN chmod +x ./entrypoint.sh
2025-08-20T01:21:03.9590396Z #22 DONE 0.1s
2025-08-20T01:21:04.8658613Z 
2025-08-20T01:21:04.8659551Z #23 [stage-1 4/6] COPY --from=base /usr/local /usr/local
2025-08-20T01:21:06.6762383Z #23 DONE 1.8s
2025-08-20T01:21:06.7862304Z 
2025-08-20T01:21:06.7862949Z #24 [stage-1 5/6] COPY --from=base /app /app
2025-08-20T01:21:06.7863429Z #24 DONE 0.1s
2025-08-20T01:21:06.9901177Z 
2025-08-20T01:21:06.9901885Z #25 [stage-1 6/6] RUN chmod +x /app/entrypoint.sh
2025-08-20T01:21:06.9902692Z #25 DONE 0.1s
2025-08-20T01:21:06.9902871Z 
2025-08-20T01:21:06.9903020Z #26 exporting to docker image format
2025-08-20T01:21:06.9903389Z #26 exporting layers
2025-08-20T01:21:12.1620928Z #26 exporting layers 5.3s done
2025-08-20T01:21:12.3188596Z #26 exporting manifest sha256:2686b9d8b21795d2e47d6094b465cfa4b38ab0c391e1d6be9b571604315a239d done
2025-08-20T01:21:12.3189747Z #26 exporting config sha256:168d4fe55255571bec61fa4c4d9834c45877e8c4ea2ac16fa9a246c4907c66d9 done
2025-08-20T01:21:12.3190524Z #26 sending tarball
2025-08-20T01:21:12.7297249Z #26 ...
2025-08-20T01:21:12.7298821Z 
2025-08-20T01:21:12.7298983Z #27 importing to docker
2025-08-20T01:21:12.8803621Z #27 loading layer e6a3842ebc7f 327.68kB / 29.77MB
2025-08-20T01:21:13.5989001Z #27 loading layer 11a4ec4d004e 32.77kB / 1.29MB
2025-08-20T01:21:13.9754749Z #27 loading layer 07cd4433de32 131.07kB / 12.11MB
2025-08-20T01:21:14.5278885Z #27 loading layer e33228fe7708 251B / 251B
2025-08-20T01:21:14.7095191Z #27 loading layer 3034f6716f8f 93B / 93B
2025-08-20T01:21:14.7095763Z #27 loading layer 83849a54f420 196.61kB / 19.48MB
2025-08-20T01:21:15.4711649Z #27 loading layer f52696a87bea 557.06kB / 56.29MB
2025-08-20T01:21:17.4718734Z #27 loading layer f52696a87bea 41.22MB / 56.29MB 2.0s
2025-08-20T01:21:18.3876786Z #27 loading layer ba4042a08167 32.77kB / 40.29kB
2025-08-20T01:21:18.4692676Z #27 loading layer e6a3842ebc7f 29.77MB / 29.77MB 5.7s done
2025-08-20T01:21:18.4693775Z #27 loading layer 11a4ec4d004e 1.29MB / 1.29MB 4.9s done
2025-08-20T01:21:18.4694687Z #27 loading layer 07cd4433de32 12.11MB / 12.11MB 4.5s done
2025-08-20T01:21:18.4695233Z #27 loading layer e33228fe7708 251B / 251B 3.9s done
2025-08-20T01:21:18.4698355Z #27 loading layer 3034f6716f8f 93B / 93B 3.9s done
2025-08-20T01:21:18.4698880Z #27 loading layer 83849a54f420 19.48MB / 19.48MB 3.9s done
2025-08-20T01:21:18.4699393Z #27 loading layer f52696a87bea 56.29MB / 56.29MB 3.0s done
2025-08-20T01:21:18.4701447Z #27 loading layer ba4042a08167 40.29kB / 40.29kB 0.1s done
2025-08-20T01:21:18.4701981Z #27 loading layer 5f70bf18a086 32B / 32B 0.0s done
2025-08-20T01:21:18.4702384Z #27 DONE 5.7s
2025-08-20T01:21:18.4702536Z 
2025-08-20T01:21:18.4702681Z #26 exporting to docker image format
2025-08-20T01:21:18.4703053Z #26 sending tarball 6.3s done
2025-08-20T01:21:18.4703378Z #26 DONE 11.6s
2025-08-20T01:21:18.6024649Z Post job cleanup.
2025-08-20T01:21:18.7335139Z [warning]Path Validation Error: Path(s) specified in the action for caching do(es) not exist, hence no cache is being saved.
2025-08-20T01:21:18.7422766Z Post job cleanup.
2025-08-20T01:21:19.0149184Z ##[group]Removing builder
2025-08-20T01:21:19.1284684Z [command]/usr/bin/docker buildx rm builder-0b83d3e3-cbef-4112-9516-cb1f20b9adfd
2025-08-20T01:21:20.1521992Z builder-0b83d3e3-cbef-4112-9516-cb1f20b9adfd removed
2025-08-20T01:21:20.1564746Z ##[endgroup]
2025-08-20T01:21:20.1566344Z ##[group]Cleaning up certificates
2025-08-20T01:21:20.1573148Z ##[endgroup]
2025-08-20T01:21:20.1573724Z ##[group]Post cache
2025-08-20T01:21:20.1576449Z State not set
2025-08-20T01:21:20.1577117Z ##[endgroup]
2025-08-20T01:21:20.1700304Z Post job cleanup.
2025-08-20T01:21:20.2629522Z [command]/usr/bin/git version
2025-08-20T01:21:20.2665004Z git version 2.50.1
2025-08-20T01:21:20.2717164Z Temporarily overriding HOME='/home/runner/work/_temp/b188ce62-6adc-47b1-a502-3d477572eb88' before making global git config changes
2025-08-20T01:21:20.2718364Z Adding repository directory to the temporary git global config as a safe directory
2025-08-20T01:21:20.2722322Z [command]/usr/bin/git config --global --add safe.directory /home/runner/work/AWA-App/AWA-App
2025-08-20T01:21:20.2757226Z [command]/usr/bin/git config --local --name-only --get-regexp core\.sshCommand
2025-08-20T01:21:20.2791749Z [command]/usr/bin/git submodule foreach --recursive sh -c "git config --local --name-only --get-regexp 'core\.sshCommand' && git config --local --unset-all 'core.sshCommand' || :"
2025-08-20T01:21:20.3030684Z [command]/usr/bin/git config --local --name-only --get-regexp http\.https\:\/\/github\.com\/\.extraheader
2025-08-20T01:21:20.3051041Z http.https://github.com/.extraheader
2025-08-20T01:21:20.3063433Z [command]/usr/bin/git config --local --unset-all http.https://github.com/.extraheader
2025-08-20T01:21:20.3093594Z [command]/usr/bin/git submodule foreach --recursive sh -c "git config --local --name-only --get-regexp 'http\.https\:\/\/github\.com\/\.extraheader' && git config --local --unset-all 'http.https://github.com/.extraheader' || :"
2025-08-20T01:21:20.3413364Z Cleaning up orphan processes
