2025-08-20T21:23:42.6941559Z Current runner version: '2.328.0'
2025-08-20T21:23:42.6969528Z ##[group]Runner Image Provisioner
2025-08-20T21:23:42.6970394Z Hosted Compute Agent
2025-08-20T21:23:42.6970946Z Version: 20250818.377
2025-08-20T21:23:42.6971508Z Commit: 3c593e9f75fe0b87e893bca80d6e12ba089c61fc
2025-08-20T21:23:42.6972255Z Build Date: 2025-08-18T14:52:18Z
2025-08-20T21:23:42.6972819Z ##[endgroup]
2025-08-20T21:23:42.6973380Z ##[group]Operating System
2025-08-20T21:23:42.6973937Z Ubuntu
2025-08-20T21:23:42.6974423Z 24.04.2
2025-08-20T21:23:42.6974845Z LTS
2025-08-20T21:23:42.6975326Z ##[endgroup]
2025-08-20T21:23:42.6975788Z ##[group]Runner Image
2025-08-20T21:23:42.6976359Z Image: ubuntu-24.04
2025-08-20T21:23:42.6976892Z Version: 20250818.1.0
2025-08-20T21:23:42.6978098Z Included Software: https://github.com/actions/runner-images/blob/ubuntu24/20250818.1/images/ubuntu/Ubuntu2404-Readme.md
2025-08-20T21:23:42.6979655Z Image Release: https://github.com/actions/runner-images/releases/tag/ubuntu24%2F20250818.1
2025-08-20T21:23:42.6980687Z ##[endgroup]
2025-08-20T21:23:42.6983101Z ##[group]GITHUB_TOKEN Permissions
2025-08-20T21:23:42.6985241Z Actions: write
2025-08-20T21:23:42.6985761Z Attestations: write
2025-08-20T21:23:42.6986257Z Checks: write
2025-08-20T21:23:42.6986926Z Contents: write
2025-08-20T21:23:42.6987619Z Deployments: write
2025-08-20T21:23:42.6988196Z Discussions: write
2025-08-20T21:23:42.6988730Z Issues: write
2025-08-20T21:23:42.6989214Z Metadata: read
2025-08-20T21:23:42.6989669Z Models: read
2025-08-20T21:23:42.6990201Z Packages: write
2025-08-20T21:23:42.6990702Z Pages: write
2025-08-20T21:23:42.6991187Z PullRequests: write
2025-08-20T21:23:42.6991759Z RepositoryProjects: write
2025-08-20T21:23:42.6992287Z SecurityEvents: write
2025-08-20T21:23:42.6992897Z Statuses: write
2025-08-20T21:23:42.6993403Z ##[endgroup]
2025-08-20T21:23:42.6995524Z Secret source: Actions
2025-08-20T21:23:42.6996197Z Prepare workflow directory
2025-08-20T21:23:42.7387766Z Prepare all required actions
2025-08-20T21:23:42.7443141Z Getting action download info
2025-08-20T21:23:43.0433072Z Download action repository 'actions/checkout@v5' (SHA:08c6903cd8c0fde910a37f88322edcfb5dd907a8)
2025-08-20T21:23:43.2823061Z Download action repository 'docker/setup-buildx-action@v3' (SHA:e468171a9de216ec08956ac3ada2f0791b6bd435)
2025-08-20T21:23:43.7579809Z Download action repository 'actions/cache@v4' (SHA:0400d5f644dc74513175e3cd8d07132dd4860809)
2025-08-20T21:23:43.9378938Z Complete job name: container-build
2025-08-20T21:23:44.0020746Z ##[group]Run actions/checkout@v5
2025-08-20T21:23:44.0021559Z with:
2025-08-20T21:23:44.0021958Z   repository: AlexBomber12/AWA-App
2025-08-20T21:23:44.0022593Z   token: ***
2025-08-20T21:23:44.0022970Z   ssh-strict: true
2025-08-20T21:23:44.0023349Z   ssh-user: git
2025-08-20T21:23:44.0023736Z   persist-credentials: true
2025-08-20T21:23:44.0024161Z   clean: true
2025-08-20T21:23:44.0024548Z   sparse-checkout-cone-mode: true
2025-08-20T21:23:44.0025011Z   fetch-depth: 1
2025-08-20T21:23:44.0025387Z   fetch-tags: false
2025-08-20T21:23:44.0025787Z   show-progress: true
2025-08-20T21:23:44.0026185Z   lfs: false
2025-08-20T21:23:44.0026539Z   submodules: false
2025-08-20T21:23:44.0026932Z   set-safe-directory: true
2025-08-20T21:23:44.0027745Z ##[endgroup]
2025-08-20T21:23:44.0962857Z Syncing repository: AlexBomber12/AWA-App
2025-08-20T21:23:44.0964516Z ##[group]Getting Git version info
2025-08-20T21:23:44.0965187Z Working directory is '/home/runner/work/AWA-App/AWA-App'
2025-08-20T21:23:44.0966201Z [command]/usr/bin/git version
2025-08-20T21:23:44.1018311Z git version 2.51.0
2025-08-20T21:23:44.1039200Z ##[endgroup]
2025-08-20T21:23:44.1052791Z Temporarily overriding HOME='/home/runner/work/_temp/e5fba8c4-1d2d-4d2c-868e-853374227db4' before making global git config changes
2025-08-20T21:23:44.1054728Z Adding repository directory to the temporary git global config as a safe directory
2025-08-20T21:23:44.1058206Z [command]/usr/bin/git config --global --add safe.directory /home/runner/work/AWA-App/AWA-App
2025-08-20T21:23:44.1092496Z Deleting the contents of '/home/runner/work/AWA-App/AWA-App'
2025-08-20T21:23:44.1095614Z ##[group]Initializing the repository
2025-08-20T21:23:44.1099927Z [command]/usr/bin/git init /home/runner/work/AWA-App/AWA-App
2025-08-20T21:23:44.1201893Z hint: Using 'master' as the name for the initial branch. This default branch name
2025-08-20T21:23:44.1203387Z hint: is subject to change. To configure the initial branch name to use in all
2025-08-20T21:23:44.1204757Z hint: of your new repositories, which will suppress this warning, call:
2025-08-20T21:23:44.1205423Z hint:
2025-08-20T21:23:44.1205890Z hint: 	git config --global init.defaultBranch <name>
2025-08-20T21:23:44.1206516Z hint:
2025-08-20T21:23:44.1207618Z hint: Names commonly chosen instead of 'master' are 'main', 'trunk' and
2025-08-20T21:23:44.1208677Z hint: 'development'. The just-created branch can be renamed via this command:
2025-08-20T21:23:44.1209401Z hint:
2025-08-20T21:23:44.1209776Z hint: 	git branch -m <name>
2025-08-20T21:23:44.1210208Z hint:
2025-08-20T21:23:44.1210793Z hint: Disable this message with "git config set advice.defaultBranchName false"
2025-08-20T21:23:44.1212341Z Initialized empty Git repository in /home/runner/work/AWA-App/AWA-App/.git/
2025-08-20T21:23:44.1217856Z [command]/usr/bin/git remote add origin https://github.com/AlexBomber12/AWA-App
2025-08-20T21:23:44.1254268Z ##[endgroup]
2025-08-20T21:23:44.1254981Z ##[group]Disabling automatic garbage collection
2025-08-20T21:23:44.1257910Z [command]/usr/bin/git config --local gc.auto 0
2025-08-20T21:23:44.1283832Z ##[endgroup]
2025-08-20T21:23:44.1284492Z ##[group]Setting up auth
2025-08-20T21:23:44.1291546Z [command]/usr/bin/git config --local --name-only --get-regexp core\.sshCommand
2025-08-20T21:23:44.1322330Z [command]/usr/bin/git submodule foreach --recursive sh -c "git config --local --name-only --get-regexp 'core\.sshCommand' && git config --local --unset-all 'core.sshCommand' || :"
2025-08-20T21:23:44.1649807Z [command]/usr/bin/git config --local --name-only --get-regexp http\.https\:\/\/github\.com\/\.extraheader
2025-08-20T21:23:44.1680205Z [command]/usr/bin/git submodule foreach --recursive sh -c "git config --local --name-only --get-regexp 'http\.https\:\/\/github\.com\/\.extraheader' && git config --local --unset-all 'http.https://github.com/.extraheader' || :"
2025-08-20T21:23:44.1897006Z [command]/usr/bin/git config --local http.https://github.com/.extraheader AUTHORIZATION: basic ***
2025-08-20T21:23:44.1932174Z ##[endgroup]
2025-08-20T21:23:44.1933434Z ##[group]Fetching the repository
2025-08-20T21:23:44.1942144Z [command]/usr/bin/git -c protocol.version=2 fetch --no-tags --prune --no-recurse-submodules --depth=1 origin +82185f98386731ccb956f943010f4238b8b3ce0e:refs/remotes/origin/main
2025-08-20T21:23:44.5405163Z From https://github.com/AlexBomber12/AWA-App
2025-08-20T21:23:44.5406286Z  * [new ref]         82185f98386731ccb956f943010f4238b8b3ce0e -> origin/main
2025-08-20T21:23:44.5437993Z ##[endgroup]
2025-08-20T21:23:44.5439270Z ##[group]Determining the checkout info
2025-08-20T21:23:44.5440736Z ##[endgroup]
2025-08-20T21:23:44.5445919Z [command]/usr/bin/git sparse-checkout disable
2025-08-20T21:23:44.5486317Z [command]/usr/bin/git config --local --unset-all extensions.worktreeConfig
2025-08-20T21:23:44.5513899Z ##[group]Checking out the ref
2025-08-20T21:23:44.5517575Z [command]/usr/bin/git checkout --progress --force -B main refs/remotes/origin/main
2025-08-20T21:23:44.5857931Z Switched to a new branch 'main'
2025-08-20T21:23:44.5859401Z branch 'main' set up to track 'origin/main'.
2025-08-20T21:23:44.5868258Z ##[endgroup]
2025-08-20T21:23:44.5906190Z [command]/usr/bin/git log -1 --format=%H
2025-08-20T21:23:44.5928823Z 82185f98386731ccb956f943010f4238b8b3ce0e
2025-08-20T21:23:44.6206975Z ##[group]Run docker/setup-buildx-action@v3
2025-08-20T21:23:44.6208475Z with:
2025-08-20T21:23:44.6209299Z   driver: docker-container
2025-08-20T21:23:44.6210244Z   install: false
2025-08-20T21:23:44.6211062Z   use: true
2025-08-20T21:23:44.6211852Z   keep-state: false
2025-08-20T21:23:44.6212987Z   cache-binary: true
2025-08-20T21:23:44.6213854Z   cleanup: true
2025-08-20T21:23:44.6214665Z ##[endgroup]
2025-08-20T21:23:44.9055012Z ##[group]Docker info
2025-08-20T21:23:44.9081402Z [command]/usr/bin/docker version
2025-08-20T21:23:46.4418400Z Client: Docker Engine - Community
2025-08-20T21:23:46.4422521Z  Version:           28.0.4
2025-08-20T21:23:46.4423170Z  API version:       1.48
2025-08-20T21:23:46.4423623Z  Go version:        go1.23.7
2025-08-20T21:23:46.4424121Z  Git commit:        b8034c0
2025-08-20T21:23:46.4424609Z  Built:             Tue Mar 25 15:07:16 2025
2025-08-20T21:23:46.4425093Z  OS/Arch:           linux/amd64
2025-08-20T21:23:46.4425627Z  Context:           default
2025-08-20T21:23:46.4425884Z 
2025-08-20T21:23:46.4426075Z Server: Docker Engine - Community
2025-08-20T21:23:46.4426538Z  Engine:
2025-08-20T21:23:46.4426884Z   Version:          28.0.4
2025-08-20T21:23:46.4427627Z   API version:      1.48 (minimum version 1.24)
2025-08-20T21:23:46.4427997Z   Go version:       go1.23.7
2025-08-20T21:23:46.4428279Z   Git commit:       6430e49
2025-08-20T21:23:46.4428743Z   Built:            Tue Mar 25 15:07:16 2025
2025-08-20T21:23:46.4429028Z   OS/Arch:          linux/amd64
2025-08-20T21:23:46.4429309Z   Experimental:     false
2025-08-20T21:23:46.4429558Z  containerd:
2025-08-20T21:23:46.4429784Z   Version:          1.7.27
2025-08-20T21:23:46.4430074Z   GitCommit:        05044ec0a9a75232cad458027ca83437aae3f4da
2025-08-20T21:23:46.4430401Z  runc:
2025-08-20T21:23:46.4430607Z   Version:          1.2.5
2025-08-20T21:23:46.4430881Z   GitCommit:        v1.2.5-0-g59923ef
2025-08-20T21:23:46.4431157Z  docker-init:
2025-08-20T21:23:46.4431367Z   Version:          0.19.0
2025-08-20T21:23:46.4431749Z   GitCommit:        de40ad0
2025-08-20T21:23:46.4475212Z [command]/usr/bin/docker info
2025-08-20T21:23:58.1863889Z Client: Docker Engine - Community
2025-08-20T21:23:58.1864665Z  Version:    28.0.4
2025-08-20T21:23:58.1865043Z  Context:    default
2025-08-20T21:23:58.1865429Z  Debug Mode: false
2025-08-20T21:23:58.1865856Z  Plugins:
2025-08-20T21:23:58.1866220Z   buildx: Docker Buildx (Docker Inc.)
2025-08-20T21:23:58.1866688Z     Version:  v0.26.1
2025-08-20T21:23:58.1867232Z     Path:     /usr/libexec/docker/cli-plugins/docker-buildx
2025-08-20T21:23:58.1868040Z   compose: Docker Compose (Docker Inc.)
2025-08-20T21:23:58.1868532Z     Version:  v2.38.2
2025-08-20T21:23:58.1869017Z     Path:     /usr/libexec/docker/cli-plugins/docker-compose
2025-08-20T21:23:58.1869505Z 
2025-08-20T21:23:58.1869632Z Server:
2025-08-20T21:23:58.1869940Z  Containers: 0
2025-08-20T21:23:58.1870265Z   Running: 0
2025-08-20T21:23:58.1870596Z   Paused: 0
2025-08-20T21:23:58.1870903Z   Stopped: 0
2025-08-20T21:23:58.1871199Z  Images: 0
2025-08-20T21:23:58.1871474Z  Server Version: 28.0.4
2025-08-20T21:23:58.1871809Z  Storage Driver: overlay2
2025-08-20T21:23:58.1872156Z   Backing Filesystem: extfs
2025-08-20T21:23:58.1872511Z   Supports d_type: true
2025-08-20T21:23:58.1872827Z   Using metacopy: false
2025-08-20T21:23:58.1873152Z   Native Overlay Diff: false
2025-08-20T21:23:58.1873497Z   userxattr: false
2025-08-20T21:23:58.1873802Z  Logging Driver: json-file
2025-08-20T21:23:58.1874151Z  Cgroup Driver: systemd
2025-08-20T21:23:58.1874450Z  Cgroup Version: 2
2025-08-20T21:23:58.1874752Z  Plugins:
2025-08-20T21:23:58.1875056Z   Volume: local
2025-08-20T21:23:58.1875442Z   Network: bridge host ipvlan macvlan null overlay
2025-08-20T21:23:58.1876147Z   Log: awslogs fluentd gcplogs gelf journald json-file local splunk syslog
2025-08-20T21:23:58.1876737Z  Swarm: inactive
2025-08-20T21:23:58.1877079Z  Runtimes: io.containerd.runc.v2 runc
2025-08-20T21:23:58.1877666Z  Default Runtime: runc
2025-08-20T21:23:58.1878507Z  Init Binary: docker-init
2025-08-20T21:23:58.1878956Z  containerd version: 05044ec0a9a75232cad458027ca83437aae3f4da
2025-08-20T21:23:58.1879483Z  runc version: v1.2.5-0-g59923ef
2025-08-20T21:23:58.1879858Z  init version: de40ad0
2025-08-20T21:23:58.1880199Z  Security Options:
2025-08-20T21:23:58.1880499Z   apparmor
2025-08-20T21:23:58.1881056Z   seccomp
2025-08-20T21:23:58.1881343Z    Profile: builtin
2025-08-20T21:23:58.1881661Z   cgroupns
2025-08-20T21:23:58.1881959Z  Kernel Version: 6.11.0-1018-azure
2025-08-20T21:23:58.1882380Z  Operating System: Ubuntu 24.04.2 LTS
2025-08-20T21:23:58.1882783Z  OSType: linux
2025-08-20T21:23:58.1883067Z  Architecture: x86_64
2025-08-20T21:23:58.1883381Z  CPUs: 4
2025-08-20T21:23:58.1883646Z  Total Memory: 15.62GiB
2025-08-20T21:23:58.1883955Z  Name: pkrvmqc4gcfdwos
2025-08-20T21:23:58.1884328Z  ID: 1c1cbb44-b30d-44d5-842a-37462128d90e
2025-08-20T21:23:58.1884740Z  Docker Root Dir: /var/lib/docker
2025-08-20T21:23:58.1885101Z  Debug Mode: false
2025-08-20T21:23:58.1885466Z  Username: githubactions
2025-08-20T21:23:58.1885798Z  Experimental: false
2025-08-20T21:23:58.1886128Z  Insecure Registries:
2025-08-20T21:23:58.1890562Z   ::1/128
2025-08-20T21:23:58.1890857Z   127.0.0.0/8
2025-08-20T21:23:58.1891156Z  Live Restore Enabled: false
2025-08-20T21:23:58.1891412Z 
2025-08-20T21:23:58.1892042Z ##[endgroup]
2025-08-20T21:23:58.3091888Z ##[group]Buildx version
2025-08-20T21:23:58.3113831Z [command]/usr/bin/docker buildx version
2025-08-20T21:23:58.3676487Z github.com/docker/buildx v0.26.1 1a8287f22cf5a38339a4c1bf432b803c5f8b2aae
2025-08-20T21:23:58.3707604Z ##[endgroup]
2025-08-20T21:23:58.3922642Z ##[group]Inspecting default docker context
2025-08-20T21:23:58.4070571Z [
2025-08-20T21:23:58.4070958Z   {
2025-08-20T21:23:58.4071221Z     "Name": "default",
2025-08-20T21:23:58.4071493Z     "Metadata": {},
2025-08-20T21:23:58.4071683Z     "Endpoints": {
2025-08-20T21:23:58.4071861Z       "docker": {
2025-08-20T21:23:58.4072070Z         "Host": "unix:///var/run/docker.sock",
2025-08-20T21:23:58.4072370Z         "SkipTLSVerify": false
2025-08-20T21:23:58.4072576Z       }
2025-08-20T21:23:58.4072719Z     },
2025-08-20T21:23:58.4072879Z     "TLSMaterial": {},
2025-08-20T21:23:58.4073059Z     "Storage": {
2025-08-20T21:23:58.4073247Z       "MetadataPath": "<IN MEMORY>",
2025-08-20T21:23:58.4073493Z       "TLSPath": "<IN MEMORY>"
2025-08-20T21:23:58.4073682Z     }
2025-08-20T21:23:58.4073837Z   }
2025-08-20T21:23:58.4073977Z ]
2025-08-20T21:23:58.4074588Z ##[endgroup]
2025-08-20T21:23:58.4074988Z ##[group]Creating a new builder instance
2025-08-20T21:23:58.5355756Z [command]/usr/bin/docker buildx create --name builder-40e106a2-d48f-4bcf-9879-67d17525d4a3 --driver docker-container --buildkitd-flags --allow-insecure-entitlement security.insecure --allow-insecure-entitlement network.host --use
2025-08-20T21:23:58.6613247Z builder-40e106a2-d48f-4bcf-9879-67d17525d4a3
2025-08-20T21:23:58.6650929Z ##[endgroup]
2025-08-20T21:23:58.6651577Z ##[group]Booting builder
2025-08-20T21:23:58.6688300Z [command]/usr/bin/docker buildx inspect --bootstrap --builder builder-40e106a2-d48f-4bcf-9879-67d17525d4a3
2025-08-20T21:23:58.7185155Z #1 [internal] booting buildkit
2025-08-20T21:23:58.8692401Z #1 pulling image moby/buildkit:buildx-stable-1
2025-08-20T21:24:02.4544107Z #1 pulling image moby/buildkit:buildx-stable-1 3.7s done
2025-08-20T21:24:02.6053287Z #1 creating container buildx_buildkit_builder-40e106a2-d48f-4bcf-9879-67d17525d4a30
2025-08-20T21:24:03.7507154Z #1 creating container buildx_buildkit_builder-40e106a2-d48f-4bcf-9879-67d17525d4a30 1.3s done
2025-08-20T21:24:03.7618023Z #1 DONE 5.0s
2025-08-20T21:24:03.7945340Z Name:          builder-40e106a2-d48f-4bcf-9879-67d17525d4a3
2025-08-20T21:24:03.7945950Z Driver:        docker-container
2025-08-20T21:24:03.7946350Z Last Activity: 2025-08-20 21:23:58 +0000 UTC
2025-08-20T21:24:03.7946631Z 
2025-08-20T21:24:03.7946747Z Nodes:
2025-08-20T21:24:03.7948954Z Name:                  builder-40e106a2-d48f-4bcf-9879-67d17525d4a30
2025-08-20T21:24:03.7950009Z Endpoint:              unix:///var/run/docker.sock
2025-08-20T21:24:03.7950590Z Status:                running
2025-08-20T21:24:03.7951471Z BuildKit daemon flags: --allow-insecure-entitlement security.insecure --allow-insecure-entitlement network.host
2025-08-20T21:24:03.7952320Z BuildKit version:      v0.23.2
2025-08-20T21:24:03.7953084Z Platforms:             linux/amd64, linux/amd64/v2, linux/amd64/v3, linux/386
2025-08-20T21:24:03.7953605Z Labels:
2025-08-20T21:24:03.7953984Z  org.mobyproject.buildkit.worker.executor:         oci
2025-08-20T21:24:03.7954464Z  org.mobyproject.buildkit.worker.hostname:         e8ebb5211dcd
2025-08-20T21:24:03.7954885Z  org.mobyproject.buildkit.worker.network:          host
2025-08-20T21:24:03.7955283Z  org.mobyproject.buildkit.worker.oci.process-mode: sandbox
2025-08-20T21:24:03.7955718Z  org.mobyproject.buildkit.worker.selinux.enabled:  false
2025-08-20T21:24:03.7956122Z  org.mobyproject.buildkit.worker.snapshotter:      overlayfs
2025-08-20T21:24:03.7956437Z GC Policy rule#0:
2025-08-20T21:24:03.7956621Z  All:            false
2025-08-20T21:24:03.7956930Z  Filters:        type==source.local,type==exec.cachemount,type==source.git.checkout
2025-08-20T21:24:03.7957284Z  Keep Duration:  48h0m0s
2025-08-20T21:24:03.7957755Z  Max Used Space: 488.3MiB
2025-08-20T21:24:03.7957967Z GC Policy rule#1:
2025-08-20T21:24:03.7958143Z  All:            false
2025-08-20T21:24:03.7958330Z  Keep Duration:  1440h0m0s
2025-08-20T21:24:03.7958524Z  Reserved Space: 7.451GiB
2025-08-20T21:24:03.7958727Z  Max Used Space: 54.02GiB
2025-08-20T21:24:03.7958915Z  Min Free Space: 13.97GiB
2025-08-20T21:24:03.7959104Z GC Policy rule#2:
2025-08-20T21:24:03.7959267Z  All:            false
2025-08-20T21:24:03.7959449Z  Reserved Space: 7.451GiB
2025-08-20T21:24:03.7959640Z  Max Used Space: 54.02GiB
2025-08-20T21:24:03.7959823Z  Min Free Space: 13.97GiB
2025-08-20T21:24:03.7960009Z GC Policy rule#3:
2025-08-20T21:24:03.7960173Z  All:            true
2025-08-20T21:24:03.7960355Z  Reserved Space: 7.451GiB
2025-08-20T21:24:03.7960543Z  Max Used Space: 54.02GiB
2025-08-20T21:24:03.7960731Z  Min Free Space: 13.97GiB
2025-08-20T21:24:03.8001831Z ##[endgroup]
2025-08-20T21:24:03.8952630Z ##[group]Inspect builder
2025-08-20T21:24:03.8953104Z {
2025-08-20T21:24:03.8953339Z   "nodes": [
2025-08-20T21:24:03.8953639Z     {
2025-08-20T21:24:03.8954071Z       "name": "builder-40e106a2-d48f-4bcf-9879-67d17525d4a30",
2025-08-20T21:24:03.8954557Z       "endpoint": "unix:///var/run/docker.sock",
2025-08-20T21:24:03.8954986Z       "status": "running",
2025-08-20T21:24:03.8955810Z       "buildkitd-flags": "--allow-insecure-entitlement security.insecure --allow-insecure-entitlement network.host",
2025-08-20T21:24:03.8956597Z       "buildkit": "v0.23.2",
2025-08-20T21:24:03.8957044Z       "platforms": "linux/amd64,linux/amd64/v2,linux/amd64/v3,linux/386",
2025-08-20T21:24:03.8959638Z       "features": {
2025-08-20T21:24:03.8960169Z         "Automatically load images to the Docker Engine image store": true,
2025-08-20T21:24:03.8960739Z         "Cache export": true,
2025-08-20T21:24:03.8961097Z         "Direct push": true,
2025-08-20T21:24:03.8961446Z         "Docker exporter": true,
2025-08-20T21:24:03.8961827Z         "Multi-platform build": true,
2025-08-20T21:24:03.8962229Z         "OCI exporter": true
2025-08-20T21:24:03.8962576Z       },
2025-08-20T21:24:03.8963066Z       "labels": {
2025-08-20T21:24:03.8964309Z         "org.mobyproject.buildkit.worker.executor": "oci",
2025-08-20T21:24:03.8964958Z         "org.mobyproject.buildkit.worker.hostname": "e8ebb5211dcd",
2025-08-20T21:24:03.8965579Z         "org.mobyproject.buildkit.worker.network": "host",
2025-08-20T21:24:03.8966225Z         "org.mobyproject.buildkit.worker.oci.process-mode": "sandbox",
2025-08-20T21:24:03.8966947Z         "org.mobyproject.buildkit.worker.selinux.enabled": "false",
2025-08-20T21:24:03.8967802Z         "org.mobyproject.buildkit.worker.snapshotter": "overlayfs"
2025-08-20T21:24:03.8968326Z       },
2025-08-20T21:24:03.8968591Z       "gcPolicy": [
2025-08-20T21:24:03.8969210Z         {
2025-08-20T21:24:03.8969489Z           "all": false,
2025-08-20T21:24:03.8969805Z           "filter": [
2025-08-20T21:24:03.8970125Z             "type==source.local",
2025-08-20T21:24:03.8970503Z             "type==exec.cachemount",
2025-08-20T21:24:03.8970907Z             "type==source.git.checkout"
2025-08-20T21:24:03.8971607Z           ],
2025-08-20T21:24:03.8971943Z           "keepDuration": "48h0m0s",
2025-08-20T21:24:03.8972339Z           "maxUsedSpace": "488.3MiB"
2025-08-20T21:24:03.8972688Z         },
2025-08-20T21:24:03.8972945Z         {
2025-08-20T21:24:03.8973203Z           "all": false,
2025-08-20T21:24:03.8973509Z           "keepDuration": "1440h0m0s",
2025-08-20T21:24:03.8973750Z           "reservedSpace": "7.451GiB",
2025-08-20T21:24:03.8973968Z           "maxUsedSpace": "54.02GiB",
2025-08-20T21:24:03.8974193Z           "minFreeSpace": "13.97GiB"
2025-08-20T21:24:03.8974392Z         },
2025-08-20T21:24:03.8974544Z         {
2025-08-20T21:24:03.8974702Z           "all": false,
2025-08-20T21:24:03.8974894Z           "reservedSpace": "7.451GiB",
2025-08-20T21:24:03.8975120Z           "maxUsedSpace": "54.02GiB",
2025-08-20T21:24:03.8975334Z           "minFreeSpace": "13.97GiB"
2025-08-20T21:24:03.8975548Z         },
2025-08-20T21:24:03.8975697Z         {
2025-08-20T21:24:03.8975864Z           "all": true,
2025-08-20T21:24:03.8976052Z           "reservedSpace": "7.451GiB",
2025-08-20T21:24:03.8976286Z           "maxUsedSpace": "54.02GiB",
2025-08-20T21:24:03.8976508Z           "minFreeSpace": "13.97GiB"
2025-08-20T21:24:03.8976710Z         }
2025-08-20T21:24:03.8976852Z       ]
2025-08-20T21:24:03.8977000Z     }
2025-08-20T21:24:03.8977140Z   ],
2025-08-20T21:24:03.8977738Z   "name": "builder-40e106a2-d48f-4bcf-9879-67d17525d4a3",
2025-08-20T21:24:03.8978061Z   "driver": "docker-container",
2025-08-20T21:24:03.8978292Z   "lastActivity": "2025-08-20T21:23:58.000Z"
2025-08-20T21:24:03.8978524Z }
2025-08-20T21:24:03.8978884Z ##[endgroup]
2025-08-20T21:24:03.8979190Z ##[group]BuildKit version
2025-08-20T21:24:03.8979440Z builder-40e106a2-d48f-4bcf-9879-67d17525d4a30: v0.23.2
2025-08-20T21:24:03.8979847Z ##[endgroup]
2025-08-20T21:24:04.0498794Z ##[group]Run actions/cache@v4
2025-08-20T21:24:04.0499056Z with:
2025-08-20T21:24:04.0499235Z   path: ~/.cache/pip
2025-08-20T21:24:04.0499608Z   key: Linux-pip-11c45a4bb25480135cd76ddf8998cef2f2cc636d624da71c380822a76b8062fe
2025-08-20T21:24:04.0500016Z   enableCrossOsArchive: false
2025-08-20T21:24:04.0500244Z   fail-on-cache-miss: false
2025-08-20T21:24:04.0500460Z   lookup-only: false
2025-08-20T21:24:04.0500646Z   save-always: false
2025-08-20T21:24:04.0500818Z ##[endgroup]
2025-08-20T21:24:04.3443875Z Cache not found for input keys: Linux-pip-11c45a4bb25480135cd76ddf8998cef2f2cc636d624da71c380822a76b8062fe
2025-08-20T21:24:04.3523291Z ##[group]Run docker buildx build \
2025-08-20T21:24:04.3523626Z [36;1mdocker buildx build \[0m
2025-08-20T21:24:04.3524061Z [36;1m  --tag ghcr.io/alexbomber12/awa-app/api:82185f98386731ccb956f943010f4238b8b3ce0e \[0m
2025-08-20T21:24:04.3524551Z [36;1m  --build-arg TZ_CACHE_BUST=82185f98386731ccb956f943010f4238b8b3ce0e \[0m
2025-08-20T21:24:04.3524915Z [36;1m  --file services/api/Dockerfile \[0m
2025-08-20T21:24:04.3525160Z [36;1m  --load .[0m
2025-08-20T21:24:04.3604191Z shell: /usr/bin/bash -e {0}
2025-08-20T21:24:04.3604450Z ##[endgroup]
2025-08-20T21:24:04.7511319Z #0 building with "builder-40e106a2-d48f-4bcf-9879-67d17525d4a3" instance using docker-container driver
2025-08-20T21:24:04.7512028Z 
2025-08-20T21:24:04.7512246Z #1 [internal] load build definition from Dockerfile
2025-08-20T21:24:04.7512780Z #1 transferring dockerfile: 1.48kB done
2025-08-20T21:24:04.7513215Z #1 DONE 0.0s
2025-08-20T21:24:04.7513393Z 
2025-08-20T21:24:04.7513739Z #2 [auth] docker/dockerfile:pull token for registry-1.docker.io
2025-08-20T21:24:04.7514288Z #2 DONE 0.0s
2025-08-20T21:24:04.7514486Z 
2025-08-20T21:24:04.7514870Z #3 resolve image config for docker-image://docker.io/docker/dockerfile:1.6
2025-08-20T21:24:05.0204532Z #3 DONE 0.5s
2025-08-20T21:24:05.1830127Z 
2025-08-20T21:24:05.1831070Z #4 docker-image://docker.io/docker/dockerfile:1.6@sha256:ac85f380a63b13dfcefa89046420e1781752bab202122f8f50032edf31be0021
2025-08-20T21:24:05.1832639Z #4 resolve docker.io/docker/dockerfile:1.6@sha256:ac85f380a63b13dfcefa89046420e1781752bab202122f8f50032edf31be0021 done
2025-08-20T21:24:05.1859211Z #4 sha256:9d9c93f4b00be908ab694a4df732570bced3b8a96b7515d70ff93402179ad232 11.80MB / 11.80MB 0.2s
2025-08-20T21:24:05.3365047Z #4 sha256:9d9c93f4b00be908ab694a4df732570bced3b8a96b7515d70ff93402179ad232 11.80MB / 11.80MB 0.2s done
2025-08-20T21:24:05.3366174Z #4 extracting sha256:9d9c93f4b00be908ab694a4df732570bced3b8a96b7515d70ff93402179ad232 0.1s done
2025-08-20T21:24:05.3366886Z #4 DONE 0.3s
2025-08-20T21:24:05.3367030Z 
2025-08-20T21:24:05.3367293Z #5 [internal] load metadata for docker.io/library/python:3.12-slim
2025-08-20T21:24:05.5110742Z #5 ...
2025-08-20T21:24:05.5110943Z 
2025-08-20T21:24:05.5111196Z #6 [auth] library/python:pull token for registry-1.docker.io
2025-08-20T21:24:05.5111697Z #6 DONE 0.0s
2025-08-20T21:24:05.6602879Z 
2025-08-20T21:24:05.6603592Z #5 [internal] load metadata for docker.io/library/python:3.12-slim
2025-08-20T21:24:05.8356927Z #5 DONE 0.4s
2025-08-20T21:24:05.8357207Z 
2025-08-20T21:24:05.8357540Z #7 [internal] load .dockerignore
2025-08-20T21:24:05.8358032Z #7 transferring context: 265B done
2025-08-20T21:24:05.8358439Z #7 DONE 0.0s
2025-08-20T21:24:05.8358615Z 
2025-08-20T21:24:05.8358746Z #8 [internal] load build context
2025-08-20T21:24:05.8359193Z #8 transferring context: 157.28kB 0.0s done
2025-08-20T21:24:05.8359652Z #8 DONE 0.0s
2025-08-20T21:24:05.8359825Z 
2025-08-20T21:24:05.8360301Z #9 [base  1/13] FROM docker.io/library/python:3.12-slim@sha256:d67a7b66b989ad6b6d6b10d428dcc5e0bfc3e5f88906e67d490c4d3daac57047
2025-08-20T21:24:05.8361407Z #9 resolve docker.io/library/python:3.12-slim@sha256:d67a7b66b989ad6b6d6b10d428dcc5e0bfc3e5f88906e67d490c4d3daac57047 done
2025-08-20T21:24:05.8362701Z #9 sha256:d76206d463c08ba2a3f7bbab2de2a933ad73f33ab4ab813eafe50c9dff9edc12 251B / 251B 0.1s done
2025-08-20T21:24:05.9360125Z #9 sha256:5d587318e932a89b94608393c99dd30ee5092a6991c1656f717bd4f4e13d60df 1.29MB / 1.29MB 0.1s done
2025-08-20T21:24:05.9361774Z #9 sha256:e5c05dcf47fbdb2f18dc242ad1b7f48fbd3813c0027ffcfb8e81e4aa7e0965f4 3.15MB / 12.11MB 0.2s
2025-08-20T21:24:06.0510062Z #9 sha256:396b1da7636e2dcd10565cb4f2f952cbb4a8a38b58d3b86a2cacb172fb70117c 29.77MB / 29.77MB 0.3s done
2025-08-20T21:24:06.2162135Z #9 sha256:e5c05dcf47fbdb2f18dc242ad1b7f48fbd3813c0027ffcfb8e81e4aa7e0965f4 12.11MB / 12.11MB 0.3s done
2025-08-20T21:24:06.2162936Z #9 extracting sha256:396b1da7636e2dcd10565cb4f2f952cbb4a8a38b58d3b86a2cacb172fb70117c
2025-08-20T21:24:06.6860681Z #9 extracting sha256:396b1da7636e2dcd10565cb4f2f952cbb4a8a38b58d3b86a2cacb172fb70117c 0.6s done
2025-08-20T21:24:06.6861500Z #9 DONE 0.9s
2025-08-20T21:24:06.9051999Z 
2025-08-20T21:24:06.9052968Z #9 [base  1/13] FROM docker.io/library/python:3.12-slim@sha256:d67a7b66b989ad6b6d6b10d428dcc5e0bfc3e5f88906e67d490c4d3daac57047
2025-08-20T21:24:06.9054193Z #9 extracting sha256:5d587318e932a89b94608393c99dd30ee5092a6991c1656f717bd4f4e13d60df 0.1s done
2025-08-20T21:24:06.9055161Z #9 extracting sha256:e5c05dcf47fbdb2f18dc242ad1b7f48fbd3813c0027ffcfb8e81e4aa7e0965f4
2025-08-20T21:24:07.1028575Z #9 extracting sha256:e5c05dcf47fbdb2f18dc242ad1b7f48fbd3813c0027ffcfb8e81e4aa7e0965f4 0.3s done
2025-08-20T21:24:07.1029424Z #9 DONE 1.3s
2025-08-20T21:24:07.2042674Z 
2025-08-20T21:24:07.2044269Z #9 [base  1/13] FROM docker.io/library/python:3.12-slim@sha256:d67a7b66b989ad6b6d6b10d428dcc5e0bfc3e5f88906e67d490c4d3daac57047
2025-08-20T21:24:07.2045851Z #9 extracting sha256:d76206d463c08ba2a3f7bbab2de2a933ad73f33ab4ab813eafe50c9dff9edc12 done
2025-08-20T21:24:07.2048026Z #9 DONE 1.3s
2025-08-20T21:24:07.2048225Z 
2025-08-20T21:24:07.2048365Z #10 [base  2/13] WORKDIR /app
2025-08-20T21:24:07.2048743Z #10 DONE 0.1s
2025-08-20T21:24:07.3164013Z 
2025-08-20T21:24:07.3164621Z #11 [base  3/13] COPY services/api/requirements.txt ./requirements.txt
2025-08-20T21:24:07.3165217Z #11 DONE 0.0s
2025-08-20T21:24:07.3165403Z 
2025-08-20T21:24:07.3166762Z #12 [stage-1 3/6] RUN set -eux;     if [ -f /etc/apt/sources.list ]; then         sed -i 's|http://deb.debian.org|https://deb.debian.org|g' /etc/apt/sources.list;     fi;     apt-get update;     apt-get install -y --no-install-recommends tzdata postgresql-client curl;     rm -rf /var/lib/apt/lists/*
2025-08-20T21:24:07.3168550Z #12 0.053 + [ -f /etc/apt/sources.list ]
2025-08-20T21:24:07.3168819Z #12 0.053 + apt-get update
2025-08-20T21:24:07.3169083Z #12 0.093 Hit:1 http://deb.debian.org/debian trixie InRelease
2025-08-20T21:24:07.3169744Z #12 0.093 Get:2 http://deb.debian.org/debian trixie-updates InRelease [47.1 kB]
2025-08-20T21:24:07.3170599Z #12 0.096 Get:3 http://deb.debian.org/debian-security trixie-security InRelease [43.4 kB]
2025-08-20T21:24:07.3171416Z #12 0.111 Get:4 http://deb.debian.org/debian trixie/main amd64 Packages [9668 kB]
2025-08-20T21:24:07.5227253Z #12 0.166 Get:5 http://deb.debian.org/debian trixie-updates/main amd64 Packages [2432 B]
2025-08-20T21:24:07.5228433Z #12 0.166 Get:6 http://deb.debian.org/debian-security trixie-security/main amd64 Packages [20.5 kB]
2025-08-20T21:24:08.0000415Z #12 0.794 Fetched 9781 kB in 1s (13.7 MB/s)
2025-08-20T21:24:08.4657573Z #12 0.794 Reading package lists...
2025-08-20T21:24:08.6368989Z #12 1.271 + apt-get install -y --no-install-recommends tzdata postgresql-client curl
2025-08-20T21:24:08.9404074Z #12 1.281 Reading package lists...
2025-08-20T21:24:09.1550681Z #12 1.743 Building dependency tree...
2025-08-20T21:24:09.1554573Z #12 1.845 Reading state information...
2025-08-20T21:24:09.3271401Z #12 1.969 tzdata is already the newest version (2025b-4).
2025-08-20T21:24:09.3272094Z #12 1.969 The following additional packages will be installed:
2025-08-20T21:24:09.3272846Z #12 1.969   libbrotli1 libcom-err2 libcurl4t64 libgdbm-compat4t64 libgnutls30t64
2025-08-20T21:24:09.3273639Z #12 1.969   libgssapi-krb5-2 libidn2-0 libk5crypto3 libkeyutils1 libkrb5-3
2025-08-20T21:24:09.3274471Z #12 1.969   libkrb5support0 libldap2 libnghttp2-14 libnghttp3-9 libp11-kit0 libperl5.40
2025-08-20T21:24:09.3275348Z #12 1.969   libpq5 libpsl5t64 librtmp1 libsasl2-2 libsasl2-modules-db libssh2-1t64
2025-08-20T21:24:09.3276165Z #12 1.970   libtasn1-6 libunistring5 perl perl-modules-5.40 postgresql-client-17
2025-08-20T21:24:09.3276865Z #12 1.970   postgresql-client-common sensible-utils
2025-08-20T21:24:09.3277336Z #12 1.971 Suggested packages:
2025-08-20T21:24:09.3278066Z #12 1.971   gnutls-bin krb5-doc krb5-user perl-doc libterm-readline-gnu-perl
2025-08-20T21:24:09.3278903Z #12 1.971   | libterm-readline-perl-perl make libtap-harness-archive-perl postgresql-17
2025-08-20T21:24:09.3280031Z #12 1.971   postgresql-doc-17
2025-08-20T21:24:09.3280446Z #12 1.971 Recommended packages:
2025-08-20T21:24:09.3281056Z #12 1.971   bash-completion krb5-locales libldap-common publicsuffix libsasl2-modules
2025-08-20T21:24:09.3497220Z #12 2.144 The following NEW packages will be installed:
2025-08-20T21:24:09.4500631Z #12 2.145   curl libbrotli1 libcom-err2 libcurl4t64 libgdbm-compat4t64 libgnutls30t64
2025-08-20T21:24:09.4501556Z #12 2.145   libgssapi-krb5-2 libidn2-0 libk5crypto3 libkeyutils1 libkrb5-3
2025-08-20T21:24:09.4502451Z #12 2.145   libkrb5support0 libldap2 libnghttp2-14 libnghttp3-9 libp11-kit0 libperl5.40
2025-08-20T21:24:09.4503208Z #12 2.145   libpq5 libpsl5t64 librtmp1 libsasl2-2 libsasl2-modules-db libssh2-1t64
2025-08-20T21:24:09.4503854Z #12 2.146   libtasn1-6 libunistring5 perl perl-modules-5.40 postgresql-client
2025-08-20T21:24:09.4504477Z #12 2.146   postgresql-client-17 postgresql-client-common sensible-utils
2025-08-20T21:24:09.4505050Z #12 2.202 0 upgraded, 31 newly installed, 0 to remove and 0 not upgraded.
2025-08-20T21:24:09.4505549Z #12 2.202 Need to get 14.9 MB of archives.
2025-08-20T21:24:09.4505962Z #12 2.202 After this operation, 78.1 MB of additional disk space will be used.
2025-08-20T21:24:09.4506688Z #12 2.202 Get:1 http://deb.debian.org/debian trixie/main amd64 sensible-utils all 0.0.25 [25.0 kB]
2025-08-20T21:24:09.4507656Z #12 2.222 Get:2 http://deb.debian.org/debian trixie/main amd64 perl-modules-5.40 all 5.40.1-6 [3019 kB]
2025-08-20T21:24:09.5533088Z #12 2.320 Get:3 http://deb.debian.org/debian trixie/main amd64 libgdbm-compat4t64 amd64 1.24-2 [50.3 kB]
2025-08-20T21:24:09.5534423Z #12 2.326 Get:4 http://deb.debian.org/debian trixie/main amd64 libperl5.40 amd64 5.40.1-6 [4341 kB]
2025-08-20T21:24:09.5536874Z #12 2.348 Get:5 http://deb.debian.org/debian trixie/main amd64 perl amd64 5.40.1-6 [267 kB]
2025-08-20T21:24:09.6998517Z #12 2.349 Get:6 http://deb.debian.org/debian trixie/main amd64 libbrotli1 amd64 1.1.0-2+b7 [307 kB]
2025-08-20T21:24:09.7004225Z #12 2.351 Get:7 http://deb.debian.org/debian trixie/main amd64 libkrb5support0 amd64 1.21.3-5 [33.0 kB]
2025-08-20T21:24:09.7005411Z #12 2.351 Get:8 http://deb.debian.org/debian trixie/main amd64 libcom-err2 amd64 1.47.2-3+b3 [25.0 kB]
2025-08-20T21:24:09.7006559Z #12 2.352 Get:9 http://deb.debian.org/debian trixie/main amd64 libk5crypto3 amd64 1.21.3-5 [81.5 kB]
2025-08-20T21:24:09.7007921Z #12 2.352 Get:10 http://deb.debian.org/debian trixie/main amd64 libkeyutils1 amd64 1.6.3-6 [9456 B]
2025-08-20T21:24:09.7009017Z #12 2.353 Get:11 http://deb.debian.org/debian trixie/main amd64 libkrb5-3 amd64 1.21.3-5 [326 kB]
2025-08-20T21:24:09.7010036Z #12 2.354 Get:12 http://deb.debian.org/debian trixie/main amd64 libgssapi-krb5-2 amd64 1.21.3-5 [138 kB]
2025-08-20T21:24:09.7011006Z #12 2.356 Get:13 http://deb.debian.org/debian trixie/main amd64 libunistring5 amd64 1.3-2 [477 kB]
2025-08-20T21:24:09.7011904Z #12 2.373 Get:14 http://deb.debian.org/debian trixie/main amd64 libidn2-0 amd64 2.3.8-2 [109 kB]
2025-08-20T21:24:09.7012873Z #12 2.375 Get:15 http://deb.debian.org/debian trixie/main amd64 libsasl2-modules-db amd64 2.1.28+dfsg1-9 [19.8 kB]
2025-08-20T21:24:09.7013900Z #12 2.375 Get:16 http://deb.debian.org/debian trixie/main amd64 libsasl2-2 amd64 2.1.28+dfsg1-9 [57.5 kB]
2025-08-20T21:24:09.7014873Z #12 2.376 Get:17 http://deb.debian.org/debian trixie/main amd64 libldap2 amd64 2.6.10+dfsg-1 [194 kB]
2025-08-20T21:24:09.7015838Z #12 2.377 Get:18 http://deb.debian.org/debian trixie/main amd64 libnghttp2-14 amd64 1.64.0-1.1 [76.0 kB]
2025-08-20T21:24:09.7016803Z #12 2.378 Get:19 http://deb.debian.org/debian trixie/main amd64 libnghttp3-9 amd64 1.8.0-1 [67.7 kB]
2025-08-20T21:24:09.7017971Z #12 2.378 Get:20 http://deb.debian.org/debian trixie/main amd64 libpsl5t64 amd64 0.21.2-1.1+b1 [57.2 kB]
2025-08-20T21:24:09.7018929Z #12 2.379 Get:21 http://deb.debian.org/debian trixie/main amd64 libp11-kit0 amd64 0.25.5-3 [425 kB]
2025-08-20T21:24:09.7020218Z #12 2.380 Get:22 http://deb.debian.org/debian trixie/main amd64 libtasn1-6 amd64 4.20.0-2 [49.9 kB]
2025-08-20T21:24:09.7021270Z #12 2.390 Get:23 http://deb.debian.org/debian trixie/main amd64 libgnutls30t64 amd64 3.8.9-3 [1465 kB]
2025-08-20T21:24:09.7022356Z #12 2.408 Get:24 http://deb.debian.org/debian trixie/main amd64 librtmp1 amd64 2.4+20151223.gitfa8646d.1-2+b5 [58.8 kB]
2025-08-20T21:24:09.7023425Z #12 2.408 Get:25 http://deb.debian.org/debian trixie/main amd64 libssh2-1t64 amd64 1.11.1-1 [245 kB]
2025-08-20T21:24:09.7024342Z #12 2.410 Get:26 http://deb.debian.org/debian trixie/main amd64 libcurl4t64 amd64 8.14.1-2 [391 kB]
2025-08-20T21:24:09.7025208Z #12 2.412 Get:27 http://deb.debian.org/debian trixie/main amd64 curl amd64 8.14.1-2 [269 kB]
2025-08-20T21:24:09.7026037Z #12 2.414 Get:28 http://deb.debian.org/debian trixie/main amd64 libpq5 amd64 17.5-1 [226 kB]
2025-08-20T21:24:09.7026955Z #12 2.416 Get:29 http://deb.debian.org/debian trixie/main amd64 postgresql-client-common all 278 [47.1 kB]
2025-08-20T21:24:09.7028149Z #12 2.416 Get:30 http://deb.debian.org/debian trixie/main amd64 postgresql-client-17 amd64 17.5-1 [2025 kB]
2025-08-20T21:24:09.7029130Z #12 2.423 Get:31 http://deb.debian.org/debian trixie/main amd64 postgresql-client all 17+278 [14.0 kB]
2025-08-20T21:24:10.7013968Z #12 3.449 Fetched 14.9 MB in 0s (55.5 MB/s)
2025-08-20T21:24:10.7014598Z #12 3.464 Selecting previously unselected package sensible-utils.
2025-08-20T21:24:10.7015478Z #12 3.464 (Reading database ... 
2025-08-20T21:24:10.7016210Z (Reading database ... 5%
2025-08-20T21:24:10.7016439Z (Reading database ... 10%
2025-08-20T21:24:10.7016716Z (Reading database ... 15%
2025-08-20T21:24:10.7017243Z (Reading database ... 20%
2025-08-20T21:24:10.7017704Z (Reading database ... 25%
2025-08-20T21:24:10.7017932Z (Reading database ... 30%
2025-08-20T21:24:10.7018115Z (Reading database ... 35%
2025-08-20T21:24:10.7018301Z (Reading database ... 40%
2025-08-20T21:24:10.7018582Z (Reading database ... 45%
2025-08-20T21:24:10.7018771Z (Reading database ... 50%
2025-08-20T21:24:10.7018951Z (Reading database ... 55%
2025-08-20T21:24:10.7019159Z (Reading database ... 60%
2025-08-20T21:24:10.7019428Z (Reading database ... 65%
2025-08-20T21:24:10.7019609Z (Reading database ... 70%
2025-08-20T21:24:10.7019798Z (Reading database ... 75%
2025-08-20T21:24:10.7020005Z (Reading database ... 80%
2025-08-20T21:24:10.7020354Z (Reading database ... 85%
2025-08-20T21:24:10.7020682Z (Reading database ... 90%
2025-08-20T21:24:10.7021033Z (Reading database ... 95%
2025-08-20T21:24:10.7021535Z (Reading database ... 100%
2025-08-20T21:24:10.7022644Z (Reading database ... 5643 files and directories currently installed.)
2025-08-20T21:24:10.7024138Z #12 3.470 Preparing to unpack .../00-sensible-utils_0.0.25_all.deb ...
2025-08-20T21:24:10.7025282Z #12 3.471 Unpacking sensible-utils (0.0.25) ...
2025-08-20T21:24:10.7025902Z #12 3.496 Selecting previously unselected package perl-modules-5.40.
2025-08-20T21:24:10.8549755Z #12 3.497 Preparing to unpack .../01-perl-modules-5.40_5.40.1-6_all.deb ...
2025-08-20T21:24:10.8550507Z #12 3.499 Unpacking perl-modules-5.40 (5.40.1-6) ...
2025-08-20T21:24:11.0000540Z #12 3.794 Selecting previously unselected package libgdbm-compat4t64:amd64.
2025-08-20T21:24:11.1131334Z #12 3.796 Preparing to unpack .../02-libgdbm-compat4t64_1.24-2_amd64.deb ...
2025-08-20T21:24:11.1132261Z #12 3.798 Unpacking libgdbm-compat4t64:amd64 (1.24-2) ...
2025-08-20T21:24:11.1132978Z #12 3.816 Selecting previously unselected package libperl5.40:amd64.
2025-08-20T21:24:11.1133666Z #12 3.817 Preparing to unpack .../03-libperl5.40_5.40.1-6_amd64.deb ...
2025-08-20T21:24:11.1134264Z #12 3.819 Unpacking libperl5.40:amd64 (5.40.1-6) ...
2025-08-20T21:24:11.3306821Z #12 4.048 Selecting previously unselected package perl.
2025-08-20T21:24:11.3307695Z #12 4.049 Preparing to unpack .../04-perl_5.40.1-6_amd64.deb ...
2025-08-20T21:24:11.3308241Z #12 4.050 Unpacking perl (5.40.1-6) ...
2025-08-20T21:24:11.3308764Z #12 4.077 Selecting previously unselected package libbrotli1:amd64.
2025-08-20T21:24:11.3309756Z #12 4.078 Preparing to unpack .../05-libbrotli1_1.1.0-2+b7_amd64.deb ...
2025-08-20T21:24:11.3310396Z #12 4.079 Unpacking libbrotli1:amd64 (1.1.0-2+b7) ...
2025-08-20T21:24:11.3311049Z #12 4.108 Selecting previously unselected package libkrb5support0:amd64.
2025-08-20T21:24:11.3311793Z #12 4.110 Preparing to unpack .../06-libkrb5support0_1.21.3-5_amd64.deb ...
2025-08-20T21:24:11.3312426Z #12 4.111 Unpacking libkrb5support0:amd64 (1.21.3-5) ...
2025-08-20T21:24:11.4419054Z #12 4.129 Selecting previously unselected package libcom-err2:amd64.
2025-08-20T21:24:11.4420841Z #12 4.130 Preparing to unpack .../07-libcom-err2_1.47.2-3+b3_amd64.deb ...
2025-08-20T21:24:11.4423304Z #12 4.131 Unpacking libcom-err2:amd64 (1.47.2-3+b3) ...
2025-08-20T21:24:11.4425006Z #12 4.148 Selecting previously unselected package libk5crypto3:amd64.
2025-08-20T21:24:11.4425794Z #12 4.150 Preparing to unpack .../08-libk5crypto3_1.21.3-5_amd64.deb ...
2025-08-20T21:24:11.4426259Z #12 4.151 Unpacking libk5crypto3:amd64 (1.21.3-5) ...
2025-08-20T21:24:11.4426642Z #12 4.172 Selecting previously unselected package libkeyutils1:amd64.
2025-08-20T21:24:11.4427070Z #12 4.173 Preparing to unpack .../09-libkeyutils1_1.6.3-6_amd64.deb ...
2025-08-20T21:24:11.4427653Z #12 4.174 Unpacking libkeyutils1:amd64 (1.6.3-6) ...
2025-08-20T21:24:11.4428035Z #12 4.189 Selecting previously unselected package libkrb5-3:amd64.
2025-08-20T21:24:11.4428404Z #12 4.190 Preparing to unpack .../10-libkrb5-3_1.21.3-5_amd64.deb ...
2025-08-20T21:24:11.4428716Z #12 4.191 Unpacking libkrb5-3:amd64 (1.21.3-5) ...
2025-08-20T21:24:11.4429072Z #12 4.222 Selecting previously unselected package libgssapi-krb5-2:amd64.
2025-08-20T21:24:11.4429767Z #12 4.223 Preparing to unpack .../11-libgssapi-krb5-2_1.21.3-5_amd64.deb ...
2025-08-20T21:24:11.4430129Z #12 4.224 Unpacking libgssapi-krb5-2:amd64 (1.21.3-5) ...
2025-08-20T21:24:11.5505273Z #12 4.244 Selecting previously unselected package libunistring5:amd64.
2025-08-20T21:24:11.5505987Z #12 4.245 Preparing to unpack .../12-libunistring5_1.3-2_amd64.deb ...
2025-08-20T21:24:11.5506563Z #12 4.246 Unpacking libunistring5:amd64 (1.3-2) ...
2025-08-20T21:24:11.5507114Z #12 4.286 Selecting previously unselected package libidn2-0:amd64.
2025-08-20T21:24:11.5507910Z #12 4.287 Preparing to unpack .../13-libidn2-0_2.3.8-2_amd64.deb ...
2025-08-20T21:24:11.5508421Z #12 4.288 Unpacking libidn2-0:amd64 (2.3.8-2) ...
2025-08-20T21:24:11.5508988Z #12 4.308 Selecting previously unselected package libsasl2-modules-db:amd64.
2025-08-20T21:24:11.5509713Z #12 4.310 Preparing to unpack .../14-libsasl2-modules-db_2.1.28+dfsg1-9_amd64.deb ...
2025-08-20T21:24:11.5510379Z #12 4.311 Unpacking libsasl2-modules-db:amd64 (2.1.28+dfsg1-9) ...
2025-08-20T21:24:11.5510984Z #12 4.326 Selecting previously unselected package libsasl2-2:amd64.
2025-08-20T21:24:11.5511607Z #12 4.327 Preparing to unpack .../15-libsasl2-2_2.1.28+dfsg1-9_amd64.deb ...
2025-08-20T21:24:11.5512165Z #12 4.329 Unpacking libsasl2-2:amd64 (2.1.28+dfsg1-9) ...
2025-08-20T21:24:11.5512704Z #12 4.345 Selecting previously unselected package libldap2:amd64.
2025-08-20T21:24:11.6735103Z #12 4.347 Preparing to unpack .../16-libldap2_2.6.10+dfsg-1_amd64.deb ...
2025-08-20T21:24:11.6736213Z #12 4.348 Unpacking libldap2:amd64 (2.6.10+dfsg-1) ...
2025-08-20T21:24:11.6737311Z #12 4.372 Selecting previously unselected package libnghttp2-14:amd64.
2025-08-20T21:24:11.6738710Z #12 4.374 Preparing to unpack .../17-libnghttp2-14_1.64.0-1.1_amd64.deb ...
2025-08-20T21:24:11.6739368Z #12 4.375 Unpacking libnghttp2-14:amd64 (1.64.0-1.1) ...
2025-08-20T21:24:11.6739899Z #12 4.393 Selecting previously unselected package libnghttp3-9:amd64.
2025-08-20T21:24:11.6740512Z #12 4.394 Preparing to unpack .../18-libnghttp3-9_1.8.0-1_amd64.deb ...
2025-08-20T21:24:11.6741007Z #12 4.398 Unpacking libnghttp3-9:amd64 (1.8.0-1) ...
2025-08-20T21:24:11.6741508Z #12 4.416 Selecting previously unselected package libpsl5t64:amd64.
2025-08-20T21:24:11.6742075Z #12 4.417 Preparing to unpack .../19-libpsl5t64_0.21.2-1.1+b1_amd64.deb ...
2025-08-20T21:24:11.6742855Z #12 4.418 Unpacking libpsl5t64:amd64 (0.21.2-1.1+b1) ...
2025-08-20T21:24:11.6743377Z #12 4.437 Selecting previously unselected package libp11-kit0:amd64.
2025-08-20T21:24:11.6743945Z #12 4.438 Preparing to unpack .../20-libp11-kit0_0.25.5-3_amd64.deb ...
2025-08-20T21:24:11.6744441Z #12 4.439 Unpacking libp11-kit0:amd64 (0.25.5-3) ...
2025-08-20T21:24:11.6744922Z #12 4.468 Selecting previously unselected package libtasn1-6:amd64.
2025-08-20T21:24:11.7915129Z #12 4.471 Preparing to unpack .../21-libtasn1-6_4.20.0-2_amd64.deb ...
2025-08-20T21:24:11.7915741Z #12 4.471 Unpacking libtasn1-6:amd64 (4.20.0-2) ...
2025-08-20T21:24:11.7917651Z #12 4.488 Selecting previously unselected package libgnutls30t64:amd64.
2025-08-20T21:24:11.7918322Z #12 4.489 Preparing to unpack .../22-libgnutls30t64_3.8.9-3_amd64.deb ...
2025-08-20T21:24:11.7918683Z #12 4.490 Unpacking libgnutls30t64:amd64 (3.8.9-3) ...
2025-08-20T21:24:11.7919018Z #12 4.543 Selecting previously unselected package librtmp1:amd64.
2025-08-20T21:24:11.7919462Z #12 4.544 Preparing to unpack .../23-librtmp1_2.4+20151223.gitfa8646d.1-2+b5_amd64.deb ...
2025-08-20T21:24:11.7919897Z #12 4.545 Unpacking librtmp1:amd64 (2.4+20151223.gitfa8646d.1-2+b5) ...
2025-08-20T21:24:11.7920513Z #12 4.563 Selecting previously unselected package libssh2-1t64:amd64.
2025-08-20T21:24:11.7921160Z #12 4.564 Preparing to unpack .../24-libssh2-1t64_1.11.1-1_amd64.deb ...
2025-08-20T21:24:11.7921498Z #12 4.565 Unpacking libssh2-1t64:amd64 (1.11.1-1) ...
2025-08-20T21:24:11.7921908Z #12 4.586 Selecting previously unselected package libcurl4t64:amd64.
2025-08-20T21:24:11.9048297Z #12 4.588 Preparing to unpack .../25-libcurl4t64_8.14.1-2_amd64.deb ...
2025-08-20T21:24:11.9050107Z #12 4.589 Unpacking libcurl4t64:amd64 (8.14.1-2) ...
2025-08-20T21:24:11.9050572Z #12 4.619 Selecting previously unselected package curl.
2025-08-20T21:24:11.9051076Z #12 4.620 Preparing to unpack .../26-curl_8.14.1-2_amd64.deb ...
2025-08-20T21:24:11.9051517Z #12 4.622 Unpacking curl (8.14.1-2) ...
2025-08-20T21:24:11.9051988Z #12 4.645 Selecting previously unselected package libpq5:amd64.
2025-08-20T21:24:11.9052507Z #12 4.646 Preparing to unpack .../27-libpq5_17.5-1_amd64.deb ...
2025-08-20T21:24:11.9052964Z #12 4.647 Unpacking libpq5:amd64 (17.5-1) ...
2025-08-20T21:24:11.9053484Z #12 4.674 Selecting previously unselected package postgresql-client-common.
2025-08-20T21:24:11.9054153Z #12 4.675 Preparing to unpack .../28-postgresql-client-common_278_all.deb ...
2025-08-20T21:24:11.9054725Z #12 4.680 Unpacking postgresql-client-common (278) ...
2025-08-20T21:24:11.9055276Z #12 4.699 Selecting previously unselected package postgresql-client-17.
2025-08-20T21:24:12.0064983Z #12 4.701 Preparing to unpack .../29-postgresql-client-17_17.5-1_amd64.deb ...
2025-08-20T21:24:12.0066132Z #12 4.702 Unpacking postgresql-client-17 (17.5-1) ...
2025-08-20T21:24:12.1076996Z #12 4.812 Selecting previously unselected package postgresql-client.
2025-08-20T21:24:12.1078006Z #12 4.814 Preparing to unpack .../30-postgresql-client_17+278_all.deb ...
2025-08-20T21:24:12.1078636Z #12 4.815 Unpacking postgresql-client (17+278) ...
2025-08-20T21:24:12.1079146Z #12 4.833 Setting up libkeyutils1:amd64 (1.6.3-6) ...
2025-08-20T21:24:12.1079658Z #12 4.837 Setting up libgdbm-compat4t64:amd64 (1.24-2) ...
2025-08-20T21:24:12.1080182Z #12 4.839 Setting up libbrotli1:amd64 (1.1.0-2+b7) ...
2025-08-20T21:24:12.1080690Z #12 4.842 Setting up libnghttp2-14:amd64 (1.64.0-1.1) ...
2025-08-20T21:24:12.1083268Z #12 4.848 Setting up libcom-err2:amd64 (1.47.2-3+b3) ...
2025-08-20T21:24:12.1083839Z #12 4.851 Setting up libkrb5support0:amd64 (1.21.3-5) ...
2025-08-20T21:24:12.1084437Z #12 4.853 Setting up libsasl2-modules-db:amd64 (2.1.28+dfsg1-9) ...
2025-08-20T21:24:12.1085016Z #12 4.856 Setting up libp11-kit0:amd64 (0.25.5-3) ...
2025-08-20T21:24:12.1085503Z #12 4.859 Setting up libunistring5:amd64 (1.3-2) ...
2025-08-20T21:24:12.1086002Z #12 4.862 Setting up libk5crypto3:amd64 (1.21.3-5) ...
2025-08-20T21:24:12.1086509Z #12 4.865 Setting up libsasl2-2:amd64 (2.1.28+dfsg1-9) ...
2025-08-20T21:24:12.1087289Z #12 4.867 Setting up libnghttp3-9:amd64 (1.8.0-1) ...
2025-08-20T21:24:12.1087955Z #12 4.870 Setting up perl-modules-5.40 (5.40.1-6) ...
2025-08-20T21:24:12.1088437Z #12 4.872 Setting up sensible-utils (0.0.25) ...
2025-08-20T21:24:12.1088910Z #12 4.874 Setting up libtasn1-6:amd64 (4.20.0-2) ...
2025-08-20T21:24:12.1089377Z #12 4.877 Setting up libkrb5-3:amd64 (1.21.3-5) ...
2025-08-20T21:24:12.1089863Z #12 4.880 Setting up libssh2-1t64:amd64 (1.11.1-1) ...
2025-08-20T21:24:12.1090352Z #12 4.882 Setting up libldap2:amd64 (2.6.10+dfsg-1) ...
2025-08-20T21:24:12.1090846Z #12 4.885 Setting up libidn2-0:amd64 (2.3.8-2) ...
2025-08-20T21:24:12.1091361Z #12 4.888 Setting up libperl5.40:amd64 (5.40.1-6) ...
2025-08-20T21:24:12.1091811Z #12 4.890 Setting up perl (5.40.1-6) ...
2025-08-20T21:24:12.1092281Z #12 4.897 Setting up libgssapi-krb5-2:amd64 (1.21.3-5) ...
2025-08-20T21:24:12.1092793Z #12 4.900 Setting up libgnutls30t64:amd64 (3.8.9-3) ...
2025-08-20T21:24:12.1093308Z #12 4.902 Setting up postgresql-client-common (278) ...
2025-08-20T21:24:12.2757052Z #12 4.910 Setting up libpsl5t64:amd64 (0.21.2-1.1+b1) ...
2025-08-20T21:24:12.2757840Z #12 4.913 Setting up libpq5:amd64 (17.5-1) ...
2025-08-20T21:24:12.2758448Z #12 4.915 Setting up librtmp1:amd64 (2.4+20151223.gitfa8646d.1-2+b5) ...
2025-08-20T21:24:12.2759050Z #12 4.918 Setting up libcurl4t64:amd64 (8.14.1-2) ...
2025-08-20T21:24:12.2759592Z #12 4.920 Setting up postgresql-client-17 (17.5-1) ...
2025-08-20T21:24:12.4961721Z #12 5.290 update-alternatives: using /usr/share/postgresql/17/man/man1/psql.1.gz to provide /usr/share/man/man1/psql.1.gz (psql.1.gz) in auto mode
2025-08-20T21:24:12.6365820Z #12 5.339 Setting up curl (8.14.1-2) ...
2025-08-20T21:24:12.6368346Z #12 5.342 Setting up postgresql-client (17+278) ...
2025-08-20T21:24:12.6368967Z #12 5.345 Processing triggers for libc-bin (2.41-12) ...
2025-08-20T21:24:12.6372229Z #12 5.375 + rm -rf /var/lib/apt/lists/auxfiles /var/lib/apt/lists/deb.debian.org_debian-security_dists_trixie-security_InRelease /var/lib/apt/lists/deb.debian.org_debian-security_dists_trixie-security_main_binary-amd64_Packages.lz4 /var/lib/apt/lists/deb.debian.org_debian_dists_trixie-updates_InRelease /var/lib/apt/lists/deb.debian.org_debian_dists_trixie-updates_main_binary-amd64_Packages.lz4 /var/lib/apt/lists/deb.debian.org_debian_dists_trixie_InRelease /var/lib/apt/lists/deb.debian.org_debian_dists_trixie_main_binary-amd64_Packages.lz4 /var/lib/apt/lists/lock /var/lib/apt/lists/partial
2025-08-20T21:24:12.8734992Z #12 DONE 5.4s
2025-08-20T21:24:12.8736396Z 
2025-08-20T21:24:12.8738156Z #13 [base  4/13] RUN pip install --no-cache-dir -r requirements.txt
2025-08-20T21:24:12.8738958Z #13 1.428 Collecting uvicorn==0.29.0 (from -r requirements.txt (line 1))
2025-08-20T21:24:12.8739737Z #13 1.479   Downloading uvicorn-0.29.0-py3-none-any.whl.metadata (6.3 kB)
2025-08-20T21:24:12.8740573Z #13 1.495 Collecting pydantic-settings==2.2.1 (from -r requirements.txt (line 2))
2025-08-20T21:24:12.8741475Z #13 1.509   Downloading pydantic_settings-2.2.1-py3-none-any.whl.metadata (3.1 kB)
2025-08-20T21:24:12.8742313Z #13 1.545 Collecting fastapi==0.111.0 (from -r requirements.txt (line 3))
2025-08-20T21:24:12.8743058Z #13 1.559   Downloading fastapi-0.111.0-py3-none-any.whl.metadata (25 kB)
2025-08-20T21:24:12.8743823Z #13 1.786 Collecting sqlalchemy==2.0.29 (from -r requirements.txt (line 4))
2025-08-20T21:24:12.8744801Z #13 1.801   Downloading SQLAlchemy-2.0.29-cp312-cp312-manylinux_2_17_x86_64.manylinux2014_x86_64.whl.metadata (9.6 kB)
2025-08-20T21:24:12.8745748Z #13 1.825 Collecting alembic==1.13.1 (from -r requirements.txt (line 5))
2025-08-20T21:24:12.8746482Z #13 1.839   Downloading alembic-1.13.1-py3-none-any.whl.metadata (7.4 kB)
2025-08-20T21:24:12.8747315Z #13 1.854 Collecting psycopg==3.2.9 (from psycopg[binary]==3.2.9->-r requirements.txt (line 6))
2025-08-20T21:24:12.8748383Z #13 1.868   Downloading psycopg-3.2.9-py3-none-any.whl.metadata (4.5 kB)
2025-08-20T21:24:12.8749550Z #13 1.890 Collecting httpx==0.27.2 (from -r requirements.txt (line 7))
2025-08-20T21:24:12.8750309Z #13 1.904   Downloading httpx-0.27.2-py3-none-any.whl.metadata (7.1 kB)
2025-08-20T21:24:12.8751043Z #13 1.936 Collecting asyncpg==0.29.0 (from -r requirements.txt (line 8))
2025-08-20T21:24:12.8751992Z #13 1.951   Downloading asyncpg-0.29.0-cp312-cp312-manylinux_2_17_x86_64.manylinux2014_x86_64.whl.metadata (4.4 kB)
2025-08-20T21:24:12.8752940Z #13 2.191 Collecting boto3==1.34.162 (from -r requirements.txt (line 9))
2025-08-20T21:24:12.8753666Z #13 2.205   Downloading boto3-1.34.162-py3-none-any.whl.metadata (6.6 kB)
2025-08-20T21:24:12.8754406Z #13 2.218 Collecting Jinja2==3.1.5 (from -r requirements.txt (line 10))
2025-08-20T21:24:12.8755125Z #13 2.231   Downloading jinja2-3.1.5-py3-none-any.whl.metadata (2.6 kB)
2025-08-20T21:24:12.8755836Z #13 2.263 Collecting celery==5.3.* (from -r requirements.txt (line 11))
2025-08-20T21:24:12.8756565Z #13 2.277   Downloading celery-5.3.6-py3-none-any.whl.metadata (21 kB)
2025-08-20T21:24:12.8757307Z #13 2.311 Collecting structlog==24.1.0 (from -r requirements.txt (line 12))
2025-08-20T21:24:12.8758274Z #13 2.325   Downloading structlog-24.1.0-py3-none-any.whl.metadata (6.9 kB)
2025-08-20T21:24:12.8759107Z #13 2.346 Collecting asgi-correlation-id==4.3.1 (from -r requirements.txt (line 13))
2025-08-20T21:24:12.8759971Z #13 2.360   Downloading asgi_correlation_id-4.3.1-py3-none-any.whl.metadata (28 kB)
2025-08-20T21:24:12.8760806Z #13 2.374 Collecting fastapi-limiter==0.1.6 (from -r requirements.txt (line 14))
2025-08-20T21:24:12.8761634Z #13 2.388   Downloading fastapi_limiter-0.1.6-py3-none-any.whl.metadata (5.3 kB)
2025-08-20T21:24:12.8762697Z #13 2.413 Collecting redis==5.0.8 (from -r requirements.txt (line 15))
2025-08-20T21:24:12.8763417Z #13 2.427   Downloading redis-5.0.8-py3-none-any.whl.metadata (9.2 kB)
2025-08-20T21:24:12.8764389Z #13 2.481 Collecting sentry-sdk==2.9.0 (from sentry-sdk[celery,fastapi,sqlalchemy]==2.9.0->-r requirements.txt (line 16))
2025-08-20T21:24:12.8765406Z #13 2.496   Downloading sentry_sdk-2.9.0-py2.py3-none-any.whl.metadata (14 kB)
2025-08-20T21:24:12.8766223Z #13 2.555 Collecting click>=7.0 (from uvicorn==0.29.0->-r requirements.txt (line 1))
2025-08-20T21:24:12.8767004Z #13 2.569   Downloading click-8.2.1-py3-none-any.whl.metadata (2.5 kB)
2025-08-20T21:24:12.8767955Z #13 2.579 Collecting h11>=0.8 (from uvicorn==0.29.0->-r requirements.txt (line 1))
2025-08-20T21:24:12.8768691Z #13 2.593   Downloading h11-0.16.0-py3-none-any.whl.metadata (8.3 kB)
2025-08-20T21:24:12.8769510Z #13 2.675 Collecting pydantic>=2.3.0 (from pydantic-settings==2.2.1->-r requirements.txt (line 2))
2025-08-20T21:24:12.8770390Z #13 2.689   Downloading pydantic-2.11.7-py3-none-any.whl.metadata (67 kB)
2025-08-20T21:24:12.8771283Z #13 2.721 Collecting python-dotenv>=0.21.0 (from pydantic-settings==2.2.1->-r requirements.txt (line 2))
2025-08-20T21:24:12.8772190Z #13 2.735   Downloading python_dotenv-1.1.1-py3-none-any.whl.metadata (24 kB)
2025-08-20T21:24:12.8773122Z #13 2.761 Collecting starlette<0.38.0,>=0.37.2 (from fastapi==0.111.0->-r requirements.txt (line 3))
2025-08-20T21:24:12.8773999Z #13 2.775   Downloading starlette-0.37.2-py3-none-any.whl.metadata (5.9 kB)
2025-08-20T21:24:12.8774897Z #13 2.808 Collecting typing-extensions>=4.8.0 (from fastapi==0.111.0->-r requirements.txt (line 3))
2025-08-20T21:24:12.8775851Z #13 2.823   Downloading typing_extensions-4.14.1-py3-none-any.whl.metadata (3.0 kB)
2025-08-20T21:24:12.8776711Z #13 2.837 Collecting fastapi-cli>=0.0.2 (from fastapi==0.111.0->-r requirements.txt (line 3))
2025-08-20T21:24:12.8777753Z #13 2.851   Downloading fastapi_cli-0.0.8-py3-none-any.whl.metadata (6.3 kB)
2025-08-20T21:24:12.8778651Z #13 2.867 Collecting python-multipart>=0.0.7 (from fastapi==0.111.0->-r requirements.txt (line 3))
2025-08-20T21:24:12.8779550Z #13 2.881   Downloading python_multipart-0.0.20-py3-none-any.whl.metadata (1.8 kB)
2025-08-20T21:24:12.8780752Z #13 2.930 Collecting ujson!=4.0.2,!=4.1.0,!=4.2.0,!=4.3.0,!=5.0.0,!=5.1.0,>=4.0.1 (from fastapi==0.111.0->-r requirements.txt (line 3))
2025-08-20T21:24:12.8781869Z #13 2.944   Downloading ujson-5.11.0-cp312-cp312-manylinux_2_24_x86_64.manylinux_2_28_x86_64.whl.metadata (9.4 kB)
2025-08-20T21:24:12.8782885Z #13 3.123 Collecting orjson>=3.2.1 (from fastapi==0.111.0->-r requirements.txt (line 3))
2025-08-20T21:24:12.8783889Z #13 3.137   Downloading orjson-3.11.2-cp312-cp312-manylinux_2_17_x86_64.manylinux2014_x86_64.whl.metadata (1.2 kB)
2025-08-20T21:24:12.8784949Z #13 3.146 Collecting email_validator>=2.0.0 (from fastapi==0.111.0->-r requirements.txt (line 3))
2025-08-20T21:24:12.8785857Z #13 3.161   Downloading email_validator-2.2.0-py3-none-any.whl.metadata (25 kB)
2025-08-20T21:24:12.8786729Z #13 3.265 Collecting greenlet!=0.4.17 (from sqlalchemy==2.0.29->-r requirements.txt (line 4))
2025-08-20T21:24:12.8787962Z #13 3.280   Downloading greenlet-3.2.4-cp312-cp312-manylinux_2_24_x86_64.manylinux_2_28_x86_64.whl.metadata (4.1 kB)
2025-08-20T21:24:12.8788952Z #13 3.306 Collecting Mako (from alembic==1.13.1->-r requirements.txt (line 5))
2025-08-20T21:24:12.8789724Z #13 3.320   Downloading mako-1.3.10-py3-none-any.whl.metadata (2.9 kB)
2025-08-20T21:24:12.8790466Z #13 3.342 Collecting anyio (from httpx==0.27.2->-r requirements.txt (line 7))
2025-08-20T21:24:12.8791273Z #13 3.356   Downloading anyio-4.10.0-py3-none-any.whl.metadata (4.0 kB)
2025-08-20T21:24:12.8792031Z #13 3.370 Collecting certifi (from httpx==0.27.2->-r requirements.txt (line 7))
2025-08-20T21:24:12.8792789Z #13 3.384   Downloading certifi-2025.8.3-py3-none-any.whl.metadata (2.4 kB)
2025-08-20T21:24:12.8793590Z #13 3.399 Collecting httpcore==1.* (from httpx==0.27.2->-r requirements.txt (line 7))
2025-08-20T21:24:12.8794641Z #13 3.413   Downloading httpcore-1.0.9-py3-none-any.whl.metadata (21 kB)
2025-08-20T21:24:12.8795390Z #13 3.427 Collecting idna (from httpx==0.27.2->-r requirements.txt (line 7))
2025-08-20T21:24:12.8796104Z #13 3.441   Downloading idna-3.10-py3-none-any.whl.metadata (10 kB)
2025-08-20T21:24:12.8796854Z #13 3.450 Collecting sniffio (from httpx==0.27.2->-r requirements.txt (line 7))
2025-08-20T21:24:12.8797841Z #13 3.464   Downloading sniffio-1.3.1-py3-none-any.whl.metadata (3.9 kB)
2025-08-20T21:24:12.8798677Z #13 3.880 Collecting botocore<1.35.0,>=1.34.162 (from boto3==1.34.162->-r requirements.txt (line 9))
2025-08-20T21:24:12.8799553Z #13 3.894   Downloading botocore-1.34.162-py3-none-any.whl.metadata (5.7 kB)
2025-08-20T21:24:12.8800338Z #13 3.905 Collecting jmespath<2.0.0,>=0.7.1 (from boto3==1.34.162->-r requirements.txt (line 9))
2025-08-20T21:24:12.8801152Z #13 3.919   Downloading jmespath-1.0.1-py3-none-any.whl.metadata (7.6 kB)
2025-08-20T21:24:12.8802021Z #13 3.935 Collecting s3transfer<0.11.0,>=0.10.0 (from boto3==1.34.162->-r requirements.txt (line 9))
2025-08-20T21:24:12.8802864Z #13 3.950   Downloading s3transfer-0.10.4-py3-none-any.whl.metadata (1.7 kB)
2025-08-20T21:24:12.8803681Z #13 3.992 Collecting MarkupSafe>=2.0 (from Jinja2==3.1.5->-r requirements.txt (line 10))
2025-08-20T21:24:12.8804716Z #13 4.006   Downloading MarkupSafe-3.0.2-cp312-cp312-manylinux_2_17_x86_64.manylinux2014_x86_64.whl.metadata (4.0 kB)
2025-08-20T21:24:12.8805759Z #13 4.027 Collecting billiard<5.0,>=4.2.0 (from celery==5.3.*->-r requirements.txt (line 11))
2025-08-20T21:24:12.8806542Z #13 4.041   Downloading billiard-4.2.1-py3-none-any.whl.metadata (4.4 kB)
2025-08-20T21:24:12.8807569Z #13 4.054 Collecting click-didyoumean>=0.3.0 (from celery==5.3.*->-r requirements.txt (line 11))
2025-08-20T21:24:12.8808419Z #13 4.068   Downloading click_didyoumean-0.3.1-py3-none-any.whl.metadata (3.9 kB)
2025-08-20T21:24:12.8809240Z #13 4.075 Collecting click-plugins>=1.1.1 (from celery==5.3.*->-r requirements.txt (line 11))
2025-08-20T21:24:12.8809948Z #13 4.089   Downloading click_plugins-1.1.1.2-py2.py3-none-any.whl.metadata (6.5 kB)
2025-08-20T21:24:12.8810439Z #13 4.098 Collecting click-repl>=0.2.0 (from celery==5.3.*->-r requirements.txt (line 11))
2025-08-20T21:24:12.8810900Z #13 4.112   Downloading click_repl-0.3.0-py3-none-any.whl.metadata (3.6 kB)
2025-08-20T21:24:12.8811520Z #13 4.151 Collecting kombu<6.0,>=5.3.4 (from celery==5.3.*->-r requirements.txt (line 11))
2025-08-20T21:24:12.8811962Z #13 4.165   Downloading kombu-5.5.4-py3-none-any.whl.metadata (3.5 kB)
2025-08-20T21:24:12.8812421Z #13 4.185 Collecting python-dateutil>=2.8.2 (from celery==5.3.*->-r requirements.txt (line 11))
2025-08-20T21:24:12.8812928Z #13 4.199   Downloading python_dateutil-2.9.0.post0-py2.py3-none-any.whl.metadata (8.4 kB)
2025-08-20T21:24:12.8813416Z #13 4.223 Collecting tzdata>=2022.7 (from celery==5.3.*->-r requirements.txt (line 11))
2025-08-20T21:24:12.8813865Z #13 4.237   Downloading tzdata-2025.2-py2.py3-none-any.whl.metadata (1.4 kB)
2025-08-20T21:24:12.8814286Z #13 4.252 Collecting vine<6.0,>=5.1.0 (from celery==5.3.*->-r requirements.txt (line 11))
2025-08-20T21:24:12.8814695Z #13 4.267   Downloading vine-5.1.0-py3-none-any.whl.metadata (2.7 kB)
2025-08-20T21:24:12.8815261Z #13 4.322 Collecting urllib3>=1.26.11 (from sentry-sdk==2.9.0->sentry-sdk[celery,fastapi,sqlalchemy]==2.9.0->-r requirements.txt (line 16))
2025-08-20T21:24:12.8815881Z #13 4.336   Downloading urllib3-2.5.0-py3-none-any.whl.metadata (6.5 kB)
2025-08-20T21:24:12.8816351Z #13 4.470 Collecting psycopg-binary==3.2.9 (from psycopg[binary]==3.2.9->-r requirements.txt (line 6))
2025-08-20T21:24:12.8816969Z #13 4.485   Downloading psycopg_binary-3.2.9-cp312-cp312-manylinux_2_17_x86_64.manylinux2014_x86_64.whl.metadata (2.9 kB)
2025-08-20T21:24:12.8817771Z #13 4.598 Collecting prompt-toolkit>=3.0.36 (from click-repl>=0.2.0->celery==5.3.*->-r requirements.txt (line 11))
2025-08-20T21:24:12.8818425Z #13 4.612   Downloading prompt_toolkit-3.0.51-py3-none-any.whl.metadata (6.4 kB)
2025-08-20T21:24:12.8818954Z #13 4.624 Collecting dnspython>=2.0.0 (from email_validator>=2.0.0->fastapi==0.111.0->-r requirements.txt (line 3))
2025-08-20T21:24:12.8819463Z #13 4.638   Downloading dnspython-2.7.0-py3-none-any.whl.metadata (5.8 kB)
2025-08-20T21:24:12.8819952Z #13 4.658 Collecting typer>=0.15.1 (from fastapi-cli>=0.0.2->fastapi==0.111.0->-r requirements.txt (line 3))
2025-08-20T21:24:12.8820419Z #13 4.672   Downloading typer-0.16.1-py3-none-any.whl.metadata (15 kB)
2025-08-20T21:24:12.8820897Z #13 4.700 Collecting rich-toolkit>=0.14.8 (from fastapi-cli>=0.0.2->fastapi==0.111.0->-r requirements.txt (line 3))
2025-08-20T21:24:12.8821405Z #13 4.714   Downloading rich_toolkit-0.15.0-py3-none-any.whl.metadata (1.0 kB)
2025-08-20T21:24:12.8821871Z #13 4.736 Collecting amqp<6.0.0,>=5.1.1 (from kombu<6.0,>=5.3.4->celery==5.3.*->-r requirements.txt (line 11))
2025-08-20T21:24:12.8822314Z #13 4.750   Downloading amqp-5.3.1-py3-none-any.whl.metadata (8.9 kB)
2025-08-20T21:24:12.8823045Z #13 4.774 Collecting packaging (from kombu<6.0,>=5.3.4->celery==5.3.*->-r requirements.txt (line 11))
2025-08-20T21:24:12.8823516Z #13 4.788   Downloading packaging-25.0-py3-none-any.whl.metadata (3.3 kB)
2025-08-20T21:24:12.8824055Z #13 4.801 Collecting annotated-types>=0.6.0 (from pydantic>=2.3.0->pydantic-settings==2.2.1->-r requirements.txt (line 2))
2025-08-20T21:24:12.8824602Z #13 4.815   Downloading annotated_types-0.7.0-py3-none-any.whl.metadata (15 kB)
2025-08-20T21:24:12.8825147Z #13 5.418 Collecting pydantic-core==2.33.2 (from pydantic>=2.3.0->pydantic-settings==2.2.1->-r requirements.txt (line 2))
2025-08-20T21:24:12.8825799Z #13 5.432   Downloading pydantic_core-2.33.2-cp312-cp312-manylinux_2_17_x86_64.manylinux2014_x86_64.whl.metadata (6.8 kB)
2025-08-20T21:24:12.8826457Z #13 5.444 Collecting typing-inspection>=0.4.0 (from pydantic>=2.3.0->pydantic-settings==2.2.1->-r requirements.txt (line 2))
2025-08-20T21:24:12.8827032Z #13 5.458   Downloading typing_inspection-0.4.1-py3-none-any.whl.metadata (2.6 kB)
2025-08-20T21:24:12.8827678Z #13 5.490 Collecting six>=1.5 (from python-dateutil>=2.8.2->celery==5.3.*->-r requirements.txt (line 11))
2025-08-20T21:24:12.8828161Z #13 5.504   Downloading six-1.17.0-py2.py3-none-any.whl.metadata (1.7 kB)
2025-08-20T21:24:12.8990046Z #13 5.680 Collecting httptools>=0.5.0 (from uvicorn[standard]>=0.12.0->fastapi==0.111.0->-r requirements.txt (line 3))
2025-08-20T21:24:13.0500813Z #13 5.695   Downloading httptools-0.6.4-cp312-cp312-manylinux_2_5_x86_64.manylinux1_x86_64.manylinux_2_17_x86_64.manylinux2014_x86_64.whl.metadata (3.6 kB)
2025-08-20T21:24:13.0502473Z #13 5.721 Collecting pyyaml>=5.1 (from uvicorn[standard]>=0.12.0->fastapi==0.111.0->-r requirements.txt (line 3))
2025-08-20T21:24:13.0503622Z #13 5.736   Downloading PyYAML-6.0.2-cp312-cp312-manylinux_2_17_x86_64.manylinux2014_x86_64.whl.metadata (2.1 kB)
2025-08-20T21:24:13.0504658Z #13 5.765 Collecting uvloop!=0.15.0,!=0.15.1,>=0.14.0 (from uvicorn[standard]>=0.12.0->fastapi==0.111.0->-r requirements.txt (line 3))
2025-08-20T21:24:13.0505706Z #13 5.779   Downloading uvloop-0.21.0-cp312-cp312-manylinux_2_17_x86_64.manylinux2014_x86_64.whl.metadata (4.9 kB)
2025-08-20T21:24:13.0506650Z #13 5.831 Collecting watchfiles>=0.13 (from uvicorn[standard]>=0.12.0->fastapi==0.111.0->-r requirements.txt (line 3))
2025-08-20T21:24:13.1669142Z #13 5.846   Downloading watchfiles-1.1.0-cp312-cp312-manylinux_2_17_x86_64.manylinux2014_x86_64.whl.metadata (4.9 kB)
2025-08-20T21:24:13.1670853Z #13 5.948 Collecting websockets>=10.4 (from uvicorn[standard]>=0.12.0->fastapi==0.111.0->-r requirements.txt (line 3))
2025-08-20T21:24:13.2729385Z #13 5.963   Downloading websockets-15.0.1-cp312-cp312-manylinux_2_5_x86_64.manylinux1_x86_64.manylinux_2_17_x86_64.manylinux2014_x86_64.whl.metadata (6.8 kB)
2025-08-20T21:24:13.2731059Z #13 5.986 Collecting wcwidth (from prompt-toolkit>=3.0.36->click-repl>=0.2.0->celery==5.3.*->-r requirements.txt (line 11))
2025-08-20T21:24:13.2732510Z #13 6.000   Downloading wcwidth-0.2.13-py2.py3-none-any.whl.metadata (14 kB)
2025-08-20T21:24:13.2733709Z #13 6.040 Collecting rich>=13.7.1 (from rich-toolkit>=0.14.8->fastapi-cli>=0.0.2->fastapi==0.111.0->-r requirements.txt (line 3))
2025-08-20T21:24:13.2734692Z #13 6.054   Downloading rich-14.1.0-py3-none-any.whl.metadata (18 kB)
2025-08-20T21:24:13.3735395Z #13 6.082 Collecting shellingham>=1.3.0 (from typer>=0.15.1->fastapi-cli>=0.0.2->fastapi==0.111.0->-r requirements.txt (line 3))
2025-08-20T21:24:13.3736674Z #13 6.096   Downloading shellingham-1.5.4-py2.py3-none-any.whl.metadata (3.5 kB)
2025-08-20T21:24:13.3738151Z #13 6.141 Collecting markdown-it-py>=2.2.0 (from rich>=13.7.1->rich-toolkit>=0.14.8->fastapi-cli>=0.0.2->fastapi==0.111.0->-r requirements.txt (line 3))
2025-08-20T21:24:13.3739439Z #13 6.155   Downloading markdown_it_py-4.0.0-py3-none-any.whl.metadata (7.3 kB)
2025-08-20T21:24:13.4746557Z #13 6.175 Collecting pygments<3.0.0,>=2.13.0 (from rich>=13.7.1->rich-toolkit>=0.14.8->fastapi-cli>=0.0.2->fastapi==0.111.0->-r requirements.txt (line 3))
2025-08-20T21:24:13.4748620Z #13 6.189   Downloading pygments-2.19.2-py3-none-any.whl.metadata (2.5 kB)
2025-08-20T21:24:13.4750229Z #13 6.204 Collecting mdurl~=0.1 (from markdown-it-py>=2.2.0->rich>=13.7.1->rich-toolkit>=0.14.8->fastapi-cli>=0.0.2->fastapi==0.111.0->-r requirements.txt (line 3))
2025-08-20T21:24:13.4751164Z #13 6.218   Downloading mdurl-0.1.2-py3-none-any.whl.metadata (1.6 kB)
2025-08-20T21:24:13.4751668Z #13 6.240 Downloading uvicorn-0.29.0-py3-none-any.whl (60 kB)
2025-08-20T21:24:13.4752157Z #13 6.256 Downloading pydantic_settings-2.2.1-py3-none-any.whl (13 kB)
2025-08-20T21:24:13.5871003Z #13 6.270 Downloading fastapi-0.111.0-py3-none-any.whl (91 kB)
2025-08-20T21:24:13.5872508Z #13 6.287 Downloading SQLAlchemy-2.0.29-cp312-cp312-manylinux_2_17_x86_64.manylinux2014_x86_64.whl (3.2 MB)
2025-08-20T21:24:13.5874700Z #13 6.340    ━━━━━━━━━━━━━━━━━━━━━━━━━━━━━━━━━━━━━━━━ 3.2/3.2 MB 79.0 MB/s eta 0:00:00
2025-08-20T21:24:13.5875659Z #13 6.354 Downloading alembic-1.13.1-py3-none-any.whl (233 kB)
2025-08-20T21:24:13.5876567Z #13 6.369 Downloading psycopg-3.2.9-py3-none-any.whl (202 kB)
2025-08-20T21:24:13.6984570Z #13 6.383 Downloading httpx-0.27.2-py3-none-any.whl (76 kB)
2025-08-20T21:24:13.6985896Z #13 6.397 Downloading asyncpg-0.29.0-cp312-cp312-manylinux_2_17_x86_64.manylinux2014_x86_64.whl (3.3 MB)
2025-08-20T21:24:13.6989217Z #13 6.408    ━━━━━━━━━━━━━━━━━━━━━━━━━━━━━━━━━━━━━━━━ 3.3/3.3 MB 355.8 MB/s eta 0:00:00
2025-08-20T21:24:13.6990186Z #13 6.423 Downloading boto3-1.34.162-py3-none-any.whl (139 kB)
2025-08-20T21:24:13.6990926Z #13 6.437 Downloading jinja2-3.1.5-py3-none-any.whl (134 kB)
2025-08-20T21:24:13.6991514Z #13 6.451 Downloading celery-5.3.6-py3-none-any.whl (422 kB)
2025-08-20T21:24:13.6991933Z #13 6.466 Downloading structlog-24.1.0-py3-none-any.whl (65 kB)
2025-08-20T21:24:13.6992343Z #13 6.480 Downloading asgi_correlation_id-4.3.1-py3-none-any.whl (15 kB)
2025-08-20T21:24:13.7984707Z #13 6.494 Downloading fastapi_limiter-0.1.6-py3-none-any.whl (15 kB)
2025-08-20T21:24:13.7986095Z #13 6.508 Downloading redis-5.0.8-py3-none-any.whl (255 kB)
2025-08-20T21:24:13.7987059Z #13 6.523 Downloading sentry_sdk-2.9.0-py2.py3-none-any.whl (301 kB)
2025-08-20T21:24:13.7987933Z #13 6.537 Downloading httpcore-1.0.9-py3-none-any.whl (78 kB)
2025-08-20T21:24:13.7988603Z #13 6.551 Downloading psycopg_binary-3.2.9-cp312-cp312-manylinux_2_17_x86_64.manylinux2014_x86_64.whl (4.4 MB)
2025-08-20T21:24:13.7989501Z #13 6.566    ━━━━━━━━━━━━━━━━━━━━━━━━━━━━━━━━━━━━━━━━ 4.4/4.4 MB 345.1 MB/s eta 0:00:00
2025-08-20T21:24:13.7989948Z #13 6.580 Downloading billiard-4.2.1-py3-none-any.whl (86 kB)
2025-08-20T21:24:13.9080908Z #13 6.594 Downloading botocore-1.34.162-py3-none-any.whl (12.5 MB)
2025-08-20T21:24:13.9083171Z #13 6.633    ━━━━━━━━━━━━━━━━━━━━━━━━━━━━━━━━━━━━━━━━ 12.5/12.5 MB 334.1 MB/s eta 0:00:00
2025-08-20T21:24:13.9085251Z #13 6.647 Downloading click-8.2.1-py3-none-any.whl (102 kB)
2025-08-20T21:24:13.9085870Z #13 6.662 Downloading click_didyoumean-0.3.1-py3-none-any.whl (3.6 kB)
2025-08-20T21:24:13.9086798Z #13 6.676 Downloading click_plugins-1.1.1.2-py2.py3-none-any.whl (11 kB)
2025-08-20T21:24:13.9087612Z #13 6.690 Downloading click_repl-0.3.0-py3-none-any.whl (10 kB)
2025-08-20T21:24:14.0108139Z #13 6.704 Downloading email_validator-2.2.0-py3-none-any.whl (33 kB)
2025-08-20T21:24:14.0108971Z #13 6.718 Downloading fastapi_cli-0.0.8-py3-none-any.whl (10 kB)
2025-08-20T21:24:14.0109970Z #13 6.732 Downloading greenlet-3.2.4-cp312-cp312-manylinux_2_24_x86_64.manylinux_2_28_x86_64.whl (607 kB)
2025-08-20T21:24:14.0111191Z #13 6.736    ━━━━━━━━━━━━━━━━━━━━━━━━━━━━━━━━━━━━━━━ 607.6/607.6 kB 300.4 MB/s eta 0:00:00
2025-08-20T21:24:14.0111841Z #13 6.750 Downloading h11-0.16.0-py3-none-any.whl (37 kB)
2025-08-20T21:24:14.0112536Z #13 6.764 Downloading idna-3.10-py3-none-any.whl (70 kB)
2025-08-20T21:24:14.0113305Z #13 6.778 Downloading jmespath-1.0.1-py3-none-any.whl (20 kB)
2025-08-20T21:24:14.0114062Z #13 6.792 Downloading kombu-5.5.4-py3-none-any.whl (210 kB)
2025-08-20T21:24:14.1212364Z #13 6.807 Downloading vine-5.1.0-py3-none-any.whl (9.6 kB)
2025-08-20T21:24:14.1214250Z #13 6.821 Downloading MarkupSafe-3.0.2-cp312-cp312-manylinux_2_17_x86_64.manylinux2014_x86_64.whl (23 kB)
2025-08-20T21:24:14.1216045Z #13 6.835 Downloading orjson-3.11.2-cp312-cp312-manylinux_2_17_x86_64.manylinux2014_x86_64.whl (121 kB)
2025-08-20T21:24:14.1217672Z #13 6.852 Downloading pydantic-2.11.7-py3-none-any.whl (444 kB)
2025-08-20T21:24:14.1218618Z #13 6.867 Downloading pydantic_core-2.33.2-cp312-cp312-manylinux_2_17_x86_64.manylinux2014_x86_64.whl (2.0 MB)
2025-08-20T21:24:14.1219671Z #13 6.874    ━━━━━━━━━━━━━━━━━━━━━━━━━━━━━━━━━━━━━━━━ 2.0/2.0 MB 384.5 MB/s eta 0:00:00
2025-08-20T21:24:14.1220260Z #13 6.888 Downloading python_dateutil-2.9.0.post0-py2.py3-none-any.whl (229 kB)
2025-08-20T21:24:14.1220867Z #13 6.903 Downloading python_dotenv-1.1.1-py3-none-any.whl (20 kB)
2025-08-20T21:24:14.2350251Z #13 6.917 Downloading python_multipart-0.0.20-py3-none-any.whl (24 kB)
2025-08-20T21:24:14.2351378Z #13 6.931 Downloading s3transfer-0.10.4-py3-none-any.whl (83 kB)
2025-08-20T21:24:14.2352243Z #13 6.945 Downloading starlette-0.37.2-py3-none-any.whl (71 kB)
2025-08-20T21:24:14.2353059Z #13 6.960 Downloading anyio-4.10.0-py3-none-any.whl (107 kB)
2025-08-20T21:24:14.2353838Z #13 6.974 Downloading sniffio-1.3.1-py3-none-any.whl (10 kB)
2025-08-20T21:24:14.2354946Z #13 6.988 Downloading typing_extensions-4.14.1-py3-none-any.whl (43 kB)
2025-08-20T21:24:14.2356128Z #13 7.002 Downloading tzdata-2025.2-py2.py3-none-any.whl (347 kB)
2025-08-20T21:24:14.2374152Z #13 7.016 Downloading ujson-5.11.0-cp312-cp312-manylinux_2_24_x86_64.manylinux_2_28_x86_64.whl (57 kB)
2025-08-20T21:24:14.3353908Z #13 7.031 Downloading urllib3-2.5.0-py3-none-any.whl (129 kB)
2025-08-20T21:24:14.3354695Z #13 7.045 Downloading certifi-2025.8.3-py3-none-any.whl (161 kB)
2025-08-20T21:24:14.3355761Z #13 7.059 Downloading mako-1.3.10-py3-none-any.whl (78 kB)
2025-08-20T21:24:14.3356433Z #13 7.073 Downloading amqp-5.3.1-py3-none-any.whl (50 kB)
2025-08-20T21:24:14.3357175Z #13 7.087 Downloading annotated_types-0.7.0-py3-none-any.whl (13 kB)
2025-08-20T21:24:14.3358159Z #13 7.101 Downloading dnspython-2.7.0-py3-none-any.whl (313 kB)
2025-08-20T21:24:14.3359404Z #13 7.117 Downloading httptools-0.6.4-cp312-cp312-manylinux_2_5_x86_64.manylinux1_x86_64.manylinux_2_17_x86_64.manylinux2014_x86_64.whl (510 kB)
2025-08-20T21:24:14.4420638Z #13 7.133 Downloading prompt_toolkit-3.0.51-py3-none-any.whl (387 kB)
2025-08-20T21:24:14.4421714Z #13 7.148 Downloading PyYAML-6.0.2-cp312-cp312-manylinux_2_17_x86_64.manylinux2014_x86_64.whl (767 kB)
2025-08-20T21:24:14.4423039Z #13 7.153    ━━━━━━━━━━━━━━━━━━━━━━━━━━━━━━━━━━━━━━━ 767.5/767.5 kB 301.9 MB/s eta 0:00:00
2025-08-20T21:24:14.4425801Z #13 7.167 Downloading rich_toolkit-0.15.0-py3-none-any.whl (29 kB)
2025-08-20T21:24:14.4426430Z #13 7.181 Downloading six-1.17.0-py2.py3-none-any.whl (11 kB)
2025-08-20T21:24:14.4426856Z #13 7.195 Downloading typer-0.16.1-py3-none-any.whl (46 kB)
2025-08-20T21:24:14.4427892Z #13 7.210 Downloading typing_inspection-0.4.1-py3-none-any.whl (14 kB)
2025-08-20T21:24:14.4428598Z #13 7.224 Downloading uvloop-0.21.0-cp312-cp312-manylinux_2_17_x86_64.manylinux2014_x86_64.whl (4.7 MB)
2025-08-20T21:24:14.5498280Z #13 7.244    ━━━━━━━━━━━━━━━━━━━━━━━━━━━━━━━━━━━━━━━━ 4.7/4.7 MB 242.4 MB/s eta 0:00:00
2025-08-20T21:24:14.5499587Z #13 7.259 Downloading watchfiles-1.1.0-cp312-cp312-manylinux_2_17_x86_64.manylinux2014_x86_64.whl (452 kB)
2025-08-20T21:24:14.5501263Z #13 7.274 Downloading websockets-15.0.1-cp312-cp312-manylinux_2_5_x86_64.manylinux1_x86_64.manylinux_2_17_x86_64.manylinux2014_x86_64.whl (182 kB)
2025-08-20T21:24:14.5502493Z #13 7.289 Downloading packaging-25.0-py3-none-any.whl (66 kB)
2025-08-20T21:24:14.5502943Z #13 7.303 Downloading rich-14.1.0-py3-none-any.whl (243 kB)
2025-08-20T21:24:14.5503429Z #13 7.317 Downloading shellingham-1.5.4-py2.py3-none-any.whl (9.8 kB)
2025-08-20T21:24:14.5503983Z #13 7.331 Downloading wcwidth-0.2.13-py2.py3-none-any.whl (34 kB)
2025-08-20T21:24:14.7501745Z #13 7.346 Downloading markdown_it_py-4.0.0-py3-none-any.whl (87 kB)
2025-08-20T21:24:14.7502549Z #13 7.361 Downloading pygments-2.19.2-py3-none-any.whl (1.2 MB)
2025-08-20T21:24:14.7503374Z #13 7.367    ━━━━━━━━━━━━━━━━━━━━━━━━━━━━━━━━━━━━━━━━ 1.2/1.2 MB 293.3 MB/s eta 0:00:00
2025-08-20T21:24:14.7503825Z #13 7.381 Downloading mdurl-0.1.2-py3-none-any.whl (10.0 kB)
2025-08-20T21:24:14.8097308Z #13 7.591 Installing collected packages: wcwidth, websockets, vine, uvloop, urllib3, ujson, tzdata, typing-extensions, structlog, sniffio, six, shellingham, redis, pyyaml, python-multipart, python-dotenv, pygments, psycopg-binary, prompt-toolkit, packaging, orjson, mdurl, MarkupSafe, jmespath, idna, httptools, h11, greenlet, dnspython, click, certifi, billiard, asyncpg, annotated-types, uvicorn, typing-inspection, sqlalchemy, sentry-sdk, python-dateutil, pydantic-core, psycopg, markdown-it-py, Mako, Jinja2, httpcore, email_validator, click-repl, click-plugins, click-didyoumean, anyio, amqp, watchfiles, starlette, rich, pydantic, kombu, httpx, botocore, alembic, typer, s3transfer, rich-toolkit, pydantic-settings, celery, asgi-correlation-id, fastapi-cli, boto3, fastapi, fastapi-limiter
2025-08-20T21:24:20.7709498Z #13 13.55 Successfully installed Jinja2-3.1.5 Mako-1.3.10 MarkupSafe-3.0.2 alembic-1.13.1 amqp-5.3.1 annotated-types-0.7.0 anyio-4.10.0 asgi-correlation-id-4.3.1 asyncpg-0.29.0 billiard-4.2.1 boto3-1.34.162 botocore-1.34.162 celery-5.3.6 certifi-2025.8.3 click-8.2.1 click-didyoumean-0.3.1 click-plugins-1.1.1.2 click-repl-0.3.0 dnspython-2.7.0 email_validator-2.2.0 fastapi-0.111.0 fastapi-cli-0.0.8 fastapi-limiter-0.1.6 greenlet-3.2.4 h11-0.16.0 httpcore-1.0.9 httptools-0.6.4 httpx-0.27.2 idna-3.10 jmespath-1.0.1 kombu-5.5.4 markdown-it-py-4.0.0 mdurl-0.1.2 orjson-3.11.2 packaging-25.0 prompt-toolkit-3.0.51 psycopg-3.2.9 psycopg-binary-3.2.9 pydantic-2.11.7 pydantic-core-2.33.2 pydantic-settings-2.2.1 pygments-2.19.2 python-dateutil-2.9.0.post0 python-dotenv-1.1.1 python-multipart-0.0.20 pyyaml-6.0.2 redis-5.0.8 rich-14.1.0 rich-toolkit-0.15.0 s3transfer-0.10.4 sentry-sdk-2.9.0 shellingham-1.5.4 six-1.17.0 sniffio-1.3.1 sqlalchemy-2.0.29 starlette-0.37.2 structlog-24.1.0 typer-0.16.1 typing-extensions-4.14.1 typing-inspection-0.4.1 tzdata-2025.2 ujson-5.11.0 urllib3-2.5.0 uvicorn-0.29.0 uvloop-0.21.0 vine-5.1.0 watchfiles-1.1.0 wcwidth-0.2.13 websockets-15.0.1
2025-08-20T21:24:20.9826023Z #13 13.55 WARNING: Running pip as the 'root' user can result in broken permissions and conflicting behaviour with the system package manager, possibly rendering your system unusable. It is recommended to use a virtual environment instead: https://pip.pypa.io/warnings/venv. Use the --root-user-action option if you know what you are doing and want to suppress this warning.
2025-08-20T21:24:20.9828127Z #13 13.61 
2025-08-20T21:24:20.9828485Z #13 13.61 [notice] A new release of pip is available: 25.0.1 -> 25.2
2025-08-20T21:24:20.9828988Z #13 13.61 [notice] To update, run: pip install --upgrade pip
2025-08-20T21:24:21.1262134Z #13 DONE 13.9s
2025-08-20T21:24:21.2265636Z 
2025-08-20T21:24:21.2265927Z #14 [base  5/13] COPY services/api/ ./services/api
2025-08-20T21:24:21.2266704Z #14 DONE 0.1s
2025-08-20T21:24:21.2266894Z 
2025-08-20T21:24:21.2267550Z #15 [base  6/13] COPY services/common/ ./services/common
2025-08-20T21:24:21.2267847Z #15 DONE 0.0s
2025-08-20T21:24:21.2268032Z 
2025-08-20T21:24:21.2268164Z #16 [base  7/13] COPY services/ingest/ ./services/ingest
2025-08-20T21:24:21.3500943Z #16 DONE 0.0s
2025-08-20T21:24:21.3501272Z 
2025-08-20T21:24:21.3501483Z #17 [base  8/13] COPY services/etl/ ./services/etl
2025-08-20T21:24:21.3501956Z #17 DONE 0.0s
2025-08-20T21:24:21.3502141Z 
2025-08-20T21:24:21.3502295Z #18 [base  9/13] COPY api/ ./api
2025-08-20T21:24:21.3502663Z #18 DONE 0.0s
2025-08-20T21:24:21.3502839Z 
2025-08-20T21:24:21.3503083Z #19 [base 10/13] COPY services/api/alembic.ini ./alembic.ini
2025-08-20T21:24:21.3503559Z #19 DONE 0.0s
2025-08-20T21:24:21.3503735Z 
2025-08-20T21:24:21.3504080Z #20 [base 11/13] COPY alembic/ ./alembic/
2025-08-20T21:24:21.3504492Z #20 DONE 0.0s
2025-08-20T21:24:21.3504753Z 
2025-08-20T21:24:21.3504983Z #21 [base 12/13] COPY services/api/entrypoint.sh ./entrypoint.sh
2025-08-20T21:24:21.3505466Z #21 DONE 0.0s
2025-08-20T21:24:21.3505625Z 
2025-08-20T21:24:21.3505771Z #22 [base 13/13] RUN chmod +x ./entrypoint.sh
2025-08-20T21:24:21.3506169Z #22 DONE 0.1s
2025-08-20T21:24:22.2131651Z 
2025-08-20T21:24:22.2132697Z #23 [stage-1 4/6] COPY --from=base /usr/local /usr/local
2025-08-20T21:24:24.0049260Z #23 DONE 1.8s
2025-08-20T21:24:24.1153306Z 
2025-08-20T21:24:24.1154011Z #24 [stage-1 5/6] COPY --from=base /app /app
2025-08-20T21:24:24.1154499Z #24 DONE 0.1s
2025-08-20T21:24:24.3172231Z 
2025-08-20T21:24:24.3172745Z #25 [stage-1 6/6] RUN chmod +x /app/entrypoint.sh
2025-08-20T21:24:24.3173394Z #25 DONE 0.0s
2025-08-20T21:24:24.3174071Z 
2025-08-20T21:24:24.3174446Z #26 exporting to docker image format
2025-08-20T21:24:24.3175152Z #26 exporting layers
2025-08-20T21:24:29.5179327Z #26 exporting layers 5.4s done
2025-08-20T21:24:29.6749423Z #26 exporting manifest sha256:633306a701064672e2b4be3dbba492d162ab55a5285a00bb2efafd511ab9e45b done
2025-08-20T21:24:29.6756895Z #26 exporting config sha256:387c2d35bbc948b474592120ec6df2e9b4154c6eb441df782e32b95ec956fcfa done
2025-08-20T21:24:29.6761115Z #26 sending tarball
2025-08-20T21:24:30.0822987Z #26 ...
2025-08-20T21:24:30.0823235Z 
2025-08-20T21:24:30.0823707Z #27 importing to docker
2025-08-20T21:24:30.2329809Z #27 loading layer e6a3842ebc7f 327.68kB / 29.77MB
2025-08-20T21:24:30.9619930Z #27 loading layer 11a4ec4d004e 32.77kB / 1.29MB
2025-08-20T21:24:31.2970992Z #27 loading layer 07cd4433de32 131.07kB / 12.11MB
2025-08-20T21:24:31.8582343Z #27 loading layer e33228fe7708 251B / 251B
2025-08-20T21:24:32.0443698Z #27 loading layer 6f229383b9dd 93B / 93B
2025-08-20T21:24:32.0444165Z #27 loading layer 4e3785ea2a57 196.61kB / 19.48MB
2025-08-20T21:24:32.8328036Z #27 loading layer 5ad392237e56 557.06kB / 56.29MB
2025-08-20T21:24:34.8888183Z #27 loading layer 5ad392237e56 41.78MB / 56.29MB 2.1s
2025-08-20T21:24:35.7914788Z #27 loading layer e32c7bc0f128 32.77kB / 40.24kB
2025-08-20T21:24:35.8770048Z #27 loading layer e6a3842ebc7f 29.77MB / 29.77MB 5.8s done
2025-08-20T21:24:35.8770734Z #27 loading layer 11a4ec4d004e 1.29MB / 1.29MB 4.9s done
2025-08-20T21:24:35.8771304Z #27 loading layer 07cd4433de32 12.11MB / 12.11MB 4.6s done
2025-08-20T21:24:35.8771877Z #27 loading layer e33228fe7708 251B / 251B 4.0s done
2025-08-20T21:24:35.8772415Z #27 loading layer 6f229383b9dd 93B / 93B 4.0s done
2025-08-20T21:24:35.8772951Z #27 loading layer 4e3785ea2a57 19.48MB / 19.48MB 4.0s done
2025-08-20T21:24:35.8773516Z #27 loading layer 5ad392237e56 56.29MB / 56.29MB 3.0s done
2025-08-20T21:24:35.8774066Z #27 loading layer e32c7bc0f128 40.24kB / 40.24kB 0.1s done
2025-08-20T21:24:35.8774597Z #27 loading layer 5f70bf18a086 32B / 32B 0.0s done
2025-08-20T21:24:35.8775042Z #27 DONE 5.8s
2025-08-20T21:24:35.8775235Z 
2025-08-20T21:24:35.8775729Z #26 exporting to docker image format
2025-08-20T21:24:35.8776179Z #26 sending tarball 6.3s done
2025-08-20T21:24:35.8776552Z #26 DONE 11.7s
2025-08-20T21:24:36.0108804Z Post job cleanup.
2025-08-20T21:24:36.1439027Z [warning]Path Validation Error: Path(s) specified in the action for caching do(es) not exist, hence no cache is being saved.
2025-08-20T21:24:36.1528005Z Post job cleanup.
2025-08-20T21:24:36.4323818Z ##[group]Removing builder
2025-08-20T21:24:36.5956381Z [command]/usr/bin/docker buildx rm builder-40e106a2-d48f-4bcf-9879-67d17525d4a3
2025-08-20T21:24:37.6128417Z builder-40e106a2-d48f-4bcf-9879-67d17525d4a3 removed
2025-08-20T21:24:37.6164886Z ##[endgroup]
2025-08-20T21:24:37.6165465Z ##[group]Cleaning up certificates
2025-08-20T21:24:37.6171161Z ##[endgroup]
2025-08-20T21:24:37.6171720Z ##[group]Post cache
2025-08-20T21:24:37.6174116Z State not set
2025-08-20T21:24:37.6174764Z ##[endgroup]
2025-08-20T21:24:37.6301359Z Post job cleanup.
2025-08-20T21:24:37.7065818Z [command]/usr/bin/git version
2025-08-20T21:24:37.7101032Z git version 2.51.0
2025-08-20T21:24:37.7138138Z Temporarily overriding HOME='/home/runner/work/_temp/ee29229d-c996-490c-b108-9bd06fe11ae7' before making global git config changes
2025-08-20T21:24:37.7139356Z Adding repository directory to the temporary git global config as a safe directory
2025-08-20T21:24:37.7143831Z [command]/usr/bin/git config --global --add safe.directory /home/runner/work/AWA-App/AWA-App
2025-08-20T21:24:37.7178256Z [command]/usr/bin/git config --local --name-only --get-regexp core\.sshCommand
2025-08-20T21:24:37.7208466Z [command]/usr/bin/git submodule foreach --recursive sh -c "git config --local --name-only --get-regexp 'core\.sshCommand' && git config --local --unset-all 'core.sshCommand' || :"
2025-08-20T21:24:37.7431641Z [command]/usr/bin/git config --local --name-only --get-regexp http\.https\:\/\/github\.com\/\.extraheader
2025-08-20T21:24:37.7453061Z http.https://github.com/.extraheader
2025-08-20T21:24:37.7462353Z [command]/usr/bin/git config --local --unset-all http.https://github.com/.extraheader
2025-08-20T21:24:37.7491946Z [command]/usr/bin/git submodule foreach --recursive sh -c "git config --local --name-only --get-regexp 'http\.https\:\/\/github\.com\/\.extraheader' && git config --local --unset-all 'http.https://github.com/.extraheader' || :"
2025-08-20T21:24:37.7811772Z Cleaning up orphan processes
