2025-08-20T22:08:36.9275541Z Current runner version: '2.328.0'
2025-08-20T22:08:36.9301167Z ##[group]Runner Image Provisioner
2025-08-20T22:08:36.9302004Z Hosted Compute Agent
2025-08-20T22:08:36.9302608Z Version: 20250818.377
2025-08-20T22:08:36.9303216Z Commit: 3c593e9f75fe0b87e893bca80d6e12ba089c61fc
2025-08-20T22:08:36.9303865Z Build Date: 2025-08-18T14:52:18Z
2025-08-20T22:08:36.9305236Z ##[endgroup]
2025-08-20T22:08:36.9305811Z ##[group]Operating System
2025-08-20T22:08:36.9306385Z Ubuntu
2025-08-20T22:08:36.9306887Z 24.04.2
2025-08-20T22:08:36.9307369Z LTS
2025-08-20T22:08:36.9307793Z ##[endgroup]
2025-08-20T22:08:36.9308328Z ##[group]Runner Image
2025-08-20T22:08:36.9308935Z Image: ubuntu-24.04
2025-08-20T22:08:36.9309412Z Version: 20250818.1.0
2025-08-20T22:08:36.9310475Z Included Software: https://github.com/actions/runner-images/blob/ubuntu24/20250818.1/images/ubuntu/Ubuntu2404-Readme.md
2025-08-20T22:08:36.9312043Z Image Release: https://github.com/actions/runner-images/releases/tag/ubuntu24%2F20250818.1
2025-08-20T22:08:36.9313068Z ##[endgroup]
2025-08-20T22:08:36.9315727Z ##[group]GITHUB_TOKEN Permissions
2025-08-20T22:08:36.9318575Z Actions: write
2025-08-20T22:08:36.9319138Z Attestations: write
2025-08-20T22:08:36.9319658Z Checks: write
2025-08-20T22:08:36.9320103Z Contents: write
2025-08-20T22:08:36.9320685Z Deployments: write
2025-08-20T22:08:36.9321170Z Discussions: write
2025-08-20T22:08:36.9321697Z Issues: write
2025-08-20T22:08:36.9322444Z Metadata: read
2025-08-20T22:08:36.9322943Z Models: read
2025-08-20T22:08:36.9323395Z Packages: write
2025-08-20T22:08:36.9323968Z Pages: write
2025-08-20T22:08:36.9324627Z PullRequests: write
2025-08-20T22:08:36.9325183Z RepositoryProjects: write
2025-08-20T22:08:36.9325954Z SecurityEvents: write
2025-08-20T22:08:36.9326576Z Statuses: write
2025-08-20T22:08:36.9327122Z ##[endgroup]
2025-08-20T22:08:36.9329311Z Secret source: Actions
2025-08-20T22:08:36.9330418Z Prepare workflow directory
2025-08-20T22:08:36.9915007Z Prepare all required actions
2025-08-20T22:08:36.9971152Z Getting action download info
2025-08-20T22:08:37.2916966Z Download action repository 'actions/checkout@v5' (SHA:08c6903cd8c0fde910a37f88322edcfb5dd907a8)
2025-08-20T22:08:37.4362451Z Download action repository 'actions/setup-python@v5' (SHA:a26af69be951a213d495a4c3e4e4022e16d87065)
2025-08-20T22:08:37.6911697Z Complete job name: migrations-check
2025-08-20T22:08:37.7412861Z ##[group]Checking docker version
2025-08-20T22:08:37.7426003Z ##[command]/usr/bin/docker version --format '{{.Server.APIVersion}}'
2025-08-20T22:08:40.2239075Z '1.48'
2025-08-20T22:08:40.2251296Z Docker daemon API version: '1.48'
2025-08-20T22:08:40.2252109Z ##[command]/usr/bin/docker version --format '{{.Client.APIVersion}}'
2025-08-20T22:08:40.2413883Z '1.48'
2025-08-20T22:08:40.2426491Z Docker client API version: '1.48'
2025-08-20T22:08:40.2432905Z ##[endgroup]
2025-08-20T22:08:40.2436229Z ##[group]Clean up resources from previous jobs
2025-08-20T22:08:40.2441898Z ##[command]/usr/bin/docker ps --all --quiet --no-trunc --filter "label=f29017"
2025-08-20T22:08:40.2588211Z ##[command]/usr/bin/docker network prune --force --filter "label=f29017"
2025-08-20T22:08:40.2724048Z ##[endgroup]
2025-08-20T22:08:40.2725039Z ##[group]Create local container network
2025-08-20T22:08:40.2735507Z ##[command]/usr/bin/docker network create --label f29017 github_network_07a41fd46fe0467397e1d805dd4a9fb4
2025-08-20T22:08:40.3335917Z f2adcd1bbae1b35fb110e37aa34d1ed706a1ce8eb39dae8492fa7e2ff194847b
2025-08-20T22:08:40.3353486Z ##[endgroup]
2025-08-20T22:08:40.3377823Z ##[group]Starting postgres service container
2025-08-20T22:08:40.3397018Z ##[command]/usr/bin/docker pull postgres:15
2025-08-20T22:08:40.7890851Z 15: Pulling from library/postgres
2025-08-20T22:08:40.9069084Z 396b1da7636e: Pulling fs layer
2025-08-20T22:08:40.9070190Z fca2566eba32: Pulling fs layer
2025-08-20T22:08:40.9071064Z 631fe8c6d606: Pulling fs layer
2025-08-20T22:08:40.9071903Z 77c7671c4414: Pulling fs layer
2025-08-20T22:08:40.9072747Z 2d9e29180a27: Pulling fs layer
2025-08-20T22:08:40.9073899Z c6bcc2c9a041: Pulling fs layer
2025-08-20T22:08:40.9075628Z ac4b721eb66f: Pulling fs layer
2025-08-20T22:08:40.9076358Z 606bd164980e: Pulling fs layer
2025-08-20T22:08:40.9077056Z f5dfd246bc6e: Pulling fs layer
2025-08-20T22:08:40.9077753Z ba7036bb0a60: Pulling fs layer
2025-08-20T22:08:40.9078446Z 799f859abbbd: Pulling fs layer
2025-08-20T22:08:40.9079165Z d903e777080c: Pulling fs layer
2025-08-20T22:08:40.9079876Z 04adcb462801: Pulling fs layer
2025-08-20T22:08:40.9080650Z 5c10925b29ff: Pulling fs layer
2025-08-20T22:08:40.9081476Z 606bd164980e: Waiting
2025-08-20T22:08:40.9082139Z f5dfd246bc6e: Waiting
2025-08-20T22:08:40.9082790Z ba7036bb0a60: Waiting
2025-08-20T22:08:40.9083464Z 799f859abbbd: Waiting
2025-08-20T22:08:40.9084110Z d903e777080c: Waiting
2025-08-20T22:08:40.9084981Z 04adcb462801: Waiting
2025-08-20T22:08:40.9085631Z 5c10925b29ff: Waiting
2025-08-20T22:08:40.9086286Z 77c7671c4414: Waiting
2025-08-20T22:08:40.9086998Z 2d9e29180a27: Waiting
2025-08-20T22:08:40.9087693Z c6bcc2c9a041: Waiting
2025-08-20T22:08:41.0262002Z fca2566eba32: Verifying Checksum
2025-08-20T22:08:41.1218371Z 631fe8c6d606: Verifying Checksum
2025-08-20T22:08:41.1220342Z 631fe8c6d606: Download complete
2025-08-20T22:08:41.1398161Z 77c7671c4414: Verifying Checksum
2025-08-20T22:08:41.1398834Z 77c7671c4414: Download complete
2025-08-20T22:08:41.1600824Z 396b1da7636e: Verifying Checksum
2025-08-20T22:08:41.1603002Z 396b1da7636e: Download complete
2025-08-20T22:08:41.2544412Z c6bcc2c9a041: Download complete
2025-08-20T22:08:41.2867443Z ac4b721eb66f: Verifying Checksum
2025-08-20T22:08:41.2868222Z ac4b721eb66f: Download complete
2025-08-20T22:08:41.3657395Z 606bd164980e: Download complete
2025-08-20T22:08:41.4788431Z ba7036bb0a60: Verifying Checksum
2025-08-20T22:08:41.4789686Z ba7036bb0a60: Download complete
2025-08-20T22:08:41.5433380Z 2d9e29180a27: Verifying Checksum
2025-08-20T22:08:41.5434063Z 2d9e29180a27: Download complete
2025-08-20T22:08:41.5867232Z 799f859abbbd: Verifying Checksum
2025-08-20T22:08:41.5867928Z 799f859abbbd: Download complete
2025-08-20T22:08:41.6670355Z d903e777080c: Download complete
2025-08-20T22:08:41.6958522Z 04adcb462801: Verifying Checksum
2025-08-20T22:08:41.6959002Z 04adcb462801: Download complete
2025-08-20T22:08:41.7763541Z 5c10925b29ff: Verifying Checksum
2025-08-20T22:08:41.7763948Z 5c10925b29ff: Download complete
2025-08-20T22:08:41.8714834Z f5dfd246bc6e: Verifying Checksum
2025-08-20T22:08:41.8715365Z f5dfd246bc6e: Download complete
2025-08-20T22:08:42.1897288Z 396b1da7636e: Pull complete
2025-08-20T22:08:42.4633876Z fca2566eba32: Pull complete
2025-08-20T22:08:42.6388110Z 631fe8c6d606: Pull complete
2025-08-20T22:08:42.6822324Z 77c7671c4414: Pull complete
2025-08-20T22:08:43.0037279Z 2d9e29180a27: Pull complete
2025-08-20T22:08:43.0940594Z c6bcc2c9a041: Pull complete
2025-08-20T22:08:43.1041439Z ac4b721eb66f: Pull complete
2025-08-20T22:08:43.1172517Z 606bd164980e: Pull complete
2025-08-20T22:08:46.0518949Z f5dfd246bc6e: Pull complete
2025-08-20T22:08:46.0701149Z ba7036bb0a60: Pull complete
2025-08-20T22:08:46.0844691Z 799f859abbbd: Pull complete
2025-08-20T22:08:46.0971735Z d903e777080c: Pull complete
2025-08-20T22:08:46.1105527Z 04adcb462801: Pull complete
2025-08-20T22:08:46.1240994Z 5c10925b29ff: Pull complete
2025-08-20T22:08:46.1312951Z Digest: sha256:bc51cf4f1fe02cce7ed2370b20128a9b00b4eb804573a77d2a0d877aaa9c82b1
2025-08-20T22:08:46.1327967Z Status: Downloaded newer image for postgres:15
2025-08-20T22:08:46.1352926Z docker.io/library/postgres:15
2025-08-20T22:08:46.1413545Z ##[command]/usr/bin/docker create --name 9d89ebe1810a409ba1cbc750352676ee_postgres15_310699 --label f29017 --network github_network_07a41fd46fe0467397e1d805dd4a9fb4 --network-alias postgres -p 5432:5432 --health-cmd="pg_isready -U postgres -d awa" --health-interval=5s --health-timeout=5s --health-retries=10 -e "POSTGRES_USER=postgres" -e "POSTGRES_PASSWORD=pass" -e "POSTGRES_DB=awa" -e GITHUB_ACTIONS=true -e CI=true postgres:15
2025-08-20T22:08:46.1685027Z 8d7fba878b34f38e8bf1468a1986641f6b562903f00785bd18d53b0dc7527659
2025-08-20T22:08:46.1709741Z ##[command]/usr/bin/docker start 8d7fba878b34f38e8bf1468a1986641f6b562903f00785bd18d53b0dc7527659
2025-08-20T22:08:46.6186000Z 8d7fba878b34f38e8bf1468a1986641f6b562903f00785bd18d53b0dc7527659
2025-08-20T22:08:46.6207289Z ##[command]/usr/bin/docker ps --all --filter id=8d7fba878b34f38e8bf1468a1986641f6b562903f00785bd18d53b0dc7527659 --filter status=running --no-trunc --format "{{.ID}} {{.Status}}"
2025-08-20T22:08:46.6334542Z 8d7fba878b34f38e8bf1468a1986641f6b562903f00785bd18d53b0dc7527659 Up Less than a second (health: starting)
2025-08-20T22:08:46.6358117Z ##[command]/usr/bin/docker port 8d7fba878b34f38e8bf1468a1986641f6b562903f00785bd18d53b0dc7527659
2025-08-20T22:08:46.6485635Z 5432/tcp -> 0.0.0.0:5432
2025-08-20T22:08:46.6486340Z 5432/tcp -> [::]:5432
2025-08-20T22:08:46.6534016Z ##[endgroup]
2025-08-20T22:08:46.6535270Z ##[group]Starting redis service container
2025-08-20T22:08:46.6536325Z ##[command]/usr/bin/docker pull redis:7-alpine
2025-08-20T22:08:47.0434722Z 7-alpine: Pulling from library/redis
2025-08-20T22:08:47.1461235Z 0368fd46e3c6: Pulling fs layer
2025-08-20T22:08:47.1462755Z 4c55286bbede: Pulling fs layer
2025-08-20T22:08:47.1466902Z 5e28347af205: Pulling fs layer
2025-08-20T22:08:47.1471484Z 311eca34042e: Pulling fs layer
2025-08-20T22:08:47.1472426Z e6fe6f07e192: Pulling fs layer
2025-08-20T22:08:47.1472922Z a2cadbfeca72: Pulling fs layer
2025-08-20T22:08:47.1473277Z 4f4fb700ef54: Pulling fs layer
2025-08-20T22:08:47.1473614Z a976ed7e7808: Pulling fs layer
2025-08-20T22:08:47.1473941Z e6fe6f07e192: Waiting
2025-08-20T22:08:47.1474460Z a2cadbfeca72: Waiting
2025-08-20T22:08:47.1474763Z 4f4fb700ef54: Waiting
2025-08-20T22:08:47.1475039Z a976ed7e7808: Waiting
2025-08-20T22:08:47.1475322Z 311eca34042e: Waiting
2025-08-20T22:08:47.2731669Z 5e28347af205: Verifying Checksum
2025-08-20T22:08:47.2732193Z 5e28347af205: Download complete
2025-08-20T22:08:47.2989844Z 0368fd46e3c6: Verifying Checksum
2025-08-20T22:08:47.2990288Z 0368fd46e3c6: Download complete
2025-08-20T22:08:47.3275536Z 4c55286bbede: Verifying Checksum
2025-08-20T22:08:47.3276005Z 4c55286bbede: Download complete
2025-08-20T22:08:47.4029983Z 311eca34042e: Download complete
2025-08-20T22:08:47.4173021Z 0368fd46e3c6: Pull complete
2025-08-20T22:08:47.4571720Z 4c55286bbede: Pull complete
2025-08-20T22:08:47.4596508Z e6fe6f07e192: Download complete
2025-08-20T22:08:47.5172961Z a2cadbfeca72: Verifying Checksum
2025-08-20T22:08:47.5173886Z a2cadbfeca72: Download complete
2025-08-20T22:08:47.5238784Z 4f4fb700ef54: Verifying Checksum
2025-08-20T22:08:47.5239196Z 4f4fb700ef54: Download complete
2025-08-20T22:08:47.5622802Z a976ed7e7808: Verifying Checksum
2025-08-20T22:08:47.5623269Z a976ed7e7808: Download complete
2025-08-20T22:08:47.6270468Z 5e28347af205: Pull complete
2025-08-20T22:08:47.6572950Z 311eca34042e: Pull complete
2025-08-20T22:08:47.8453514Z e6fe6f07e192: Pull complete
2025-08-20T22:08:47.8536479Z a2cadbfeca72: Pull complete
2025-08-20T22:08:47.8608926Z 4f4fb700ef54: Pull complete
2025-08-20T22:08:47.8696077Z a976ed7e7808: Pull complete
2025-08-20T22:08:47.8730316Z Digest: sha256:bb186d083732f669da90be8b0f975a37812b15e913465bb14d845db72a4e3e08
2025-08-20T22:08:47.8742017Z Status: Downloaded newer image for redis:7-alpine
2025-08-20T22:08:47.8750177Z docker.io/library/redis:7-alpine
2025-08-20T22:08:47.8767459Z ##[command]/usr/bin/docker create --name 5fbf4a7a96cb4ecf88fa667e5f0bc92c_redis7alpine_b92b0f --label f29017 --network github_network_07a41fd46fe0467397e1d805dd4a9fb4 --network-alias redis -p 6379:6379  -e GITHUB_ACTIONS=true -e CI=true redis:7-alpine
2025-08-20T22:08:47.8999067Z 60a8441f71c52004d7e0a77ab990e95c2508ba577d201734d24a09f5eb882c94
2025-08-20T22:08:47.9012696Z ##[command]/usr/bin/docker start 60a8441f71c52004d7e0a77ab990e95c2508ba577d201734d24a09f5eb882c94
2025-08-20T22:08:48.0434068Z 60a8441f71c52004d7e0a77ab990e95c2508ba577d201734d24a09f5eb882c94
2025-08-20T22:08:48.0454186Z ##[command]/usr/bin/docker ps --all --filter id=60a8441f71c52004d7e0a77ab990e95c2508ba577d201734d24a09f5eb882c94 --filter status=running --no-trunc --format "{{.ID}} {{.Status}}"
2025-08-20T22:08:48.0583269Z 60a8441f71c52004d7e0a77ab990e95c2508ba577d201734d24a09f5eb882c94 Up Less than a second
2025-08-20T22:08:48.0599569Z ##[command]/usr/bin/docker port 60a8441f71c52004d7e0a77ab990e95c2508ba577d201734d24a09f5eb882c94
2025-08-20T22:08:48.0717694Z 6379/tcp -> 0.0.0.0:6379
2025-08-20T22:08:48.0718554Z 6379/tcp -> [::]:6379
2025-08-20T22:08:48.0731148Z ##[endgroup]
2025-08-20T22:08:48.0741317Z ##[group]Waiting for all services to be ready
2025-08-20T22:08:48.0754935Z ##[command]/usr/bin/docker inspect --format="{{if .Config.Healthcheck}}{{print .State.Health.Status}}{{end}}" 8d7fba878b34f38e8bf1468a1986641f6b562903f00785bd18d53b0dc7527659
2025-08-20T22:08:48.0874620Z starting
2025-08-20T22:08:48.0897653Z postgres service is starting, waiting 2 seconds before checking again.
2025-08-20T22:08:50.0896890Z ##[command]/usr/bin/docker inspect --format="{{if .Config.Healthcheck}}{{print .State.Health.Status}}{{end}}" 8d7fba878b34f38e8bf1468a1986641f6b562903f00785bd18d53b0dc7527659
2025-08-20T22:08:50.1023857Z starting
2025-08-20T22:08:50.1038889Z postgres service is starting, waiting 4 seconds before checking again.
2025-08-20T22:08:54.3732045Z ##[command]/usr/bin/docker inspect --format="{{if .Config.Healthcheck}}{{print .State.Health.Status}}{{end}}" 8d7fba878b34f38e8bf1468a1986641f6b562903f00785bd18d53b0dc7527659
2025-08-20T22:08:54.3850823Z healthy
2025-08-20T22:08:54.3869672Z postgres service is healthy.
2025-08-20T22:08:54.3870454Z ##[command]/usr/bin/docker inspect --format="{{if .Config.Healthcheck}}{{print .State.Health.Status}}{{end}}" 60a8441f71c52004d7e0a77ab990e95c2508ba577d201734d24a09f5eb882c94
2025-08-20T22:08:54.4003353Z redis service is healthy.
2025-08-20T22:08:54.4004026Z ##[endgroup]
2025-08-20T22:08:54.4240104Z ##[group]Run actions/checkout@v5
2025-08-20T22:08:54.4240623Z with:
2025-08-20T22:08:54.4240818Z   repository: AlexBomber12/AWA-App
2025-08-20T22:08:54.4241199Z   token: ***
2025-08-20T22:08:54.4241372Z   ssh-strict: true
2025-08-20T22:08:54.4241556Z   ssh-user: git
2025-08-20T22:08:54.4241745Z   persist-credentials: true
2025-08-20T22:08:54.4241944Z   clean: true
2025-08-20T22:08:54.4242133Z   sparse-checkout-cone-mode: true
2025-08-20T22:08:54.4242344Z   fetch-depth: 1
2025-08-20T22:08:54.4242516Z   fetch-tags: false
2025-08-20T22:08:54.4242697Z   show-progress: true
2025-08-20T22:08:54.4242868Z   lfs: false
2025-08-20T22:08:54.4243028Z   submodules: false
2025-08-20T22:08:54.4243197Z   set-safe-directory: true
2025-08-20T22:08:54.4243557Z env:
2025-08-20T22:08:54.4243759Z   REDIS_URL: redis://localhost:6379/0
2025-08-20T22:08:54.4244020Z   RATE_LIMIT_DEFAULT: 100/minute
2025-08-20T22:08:54.4244446Z   TRUST_X_FORWARDED: 1
2025-08-20T22:08:54.4244631Z ##[endgroup]
2025-08-20T22:08:54.5268284Z Syncing repository: AlexBomber12/AWA-App
2025-08-20T22:08:54.5269579Z ##[group]Getting Git version info
2025-08-20T22:08:54.5269932Z Working directory is '/home/runner/work/AWA-App/AWA-App'
2025-08-20T22:08:54.5270626Z [command]/usr/bin/git version
2025-08-20T22:08:54.5312128Z git version 2.51.0
2025-08-20T22:08:54.5332877Z ##[endgroup]
2025-08-20T22:08:54.5346552Z Temporarily overriding HOME='/home/runner/work/_temp/eba68d35-d94d-4d4c-997a-ad7434e73a47' before making global git config changes
2025-08-20T22:08:54.5347685Z Adding repository directory to the temporary git global config as a safe directory
2025-08-20T22:08:54.5352345Z [command]/usr/bin/git config --global --add safe.directory /home/runner/work/AWA-App/AWA-App
2025-08-20T22:08:54.5388565Z Deleting the contents of '/home/runner/work/AWA-App/AWA-App'
2025-08-20T22:08:54.5392133Z ##[group]Initializing the repository
2025-08-20T22:08:54.5396710Z [command]/usr/bin/git init /home/runner/work/AWA-App/AWA-App
2025-08-20T22:08:54.5468670Z hint: Using 'master' as the name for the initial branch. This default branch name
2025-08-20T22:08:54.5469715Z hint: is subject to change. To configure the initial branch name to use in all
2025-08-20T22:08:54.5470652Z hint: of your new repositories, which will suppress this warning, call:
2025-08-20T22:08:54.5471486Z hint:
2025-08-20T22:08:54.5471881Z hint: 	git config --global init.defaultBranch <name>
2025-08-20T22:08:54.5472366Z hint:
2025-08-20T22:08:54.5472801Z hint: Names commonly chosen instead of 'master' are 'main', 'trunk' and
2025-08-20T22:08:54.5473533Z hint: 'development'. The just-created branch can be renamed via this command:
2025-08-20T22:08:54.5474089Z hint:
2025-08-20T22:08:54.5474582Z hint: 	git branch -m <name>
2025-08-20T22:08:54.5474913Z hint:
2025-08-20T22:08:54.5475336Z hint: Disable this message with "git config set advice.defaultBranchName false"
2025-08-20T22:08:54.5475830Z Initialized empty Git repository in /home/runner/work/AWA-App/AWA-App/.git/
2025-08-20T22:08:54.5484026Z [command]/usr/bin/git remote add origin https://github.com/AlexBomber12/AWA-App
2025-08-20T22:08:54.5519964Z ##[endgroup]
2025-08-20T22:08:54.5520382Z ##[group]Disabling automatic garbage collection
2025-08-20T22:08:54.5523694Z [command]/usr/bin/git config --local gc.auto 0
2025-08-20T22:08:54.5549656Z ##[endgroup]
2025-08-20T22:08:54.5550168Z ##[group]Setting up auth
2025-08-20T22:08:54.5556424Z [command]/usr/bin/git config --local --name-only --get-regexp core\.sshCommand
2025-08-20T22:08:54.5586412Z [command]/usr/bin/git submodule foreach --recursive sh -c "git config --local --name-only --get-regexp 'core\.sshCommand' && git config --local --unset-all 'core.sshCommand' || :"
2025-08-20T22:08:54.5949650Z [command]/usr/bin/git config --local --name-only --get-regexp http\.https\:\/\/github\.com\/\.extraheader
2025-08-20T22:08:54.5982321Z [command]/usr/bin/git submodule foreach --recursive sh -c "git config --local --name-only --get-regexp 'http\.https\:\/\/github\.com\/\.extraheader' && git config --local --unset-all 'http.https://github.com/.extraheader' || :"
2025-08-20T22:08:54.6216587Z [command]/usr/bin/git config --local http.https://github.com/.extraheader AUTHORIZATION: basic ***
2025-08-20T22:08:54.6256453Z ##[endgroup]
2025-08-20T22:08:54.6256998Z ##[group]Fetching the repository
2025-08-20T22:08:54.6266513Z [command]/usr/bin/git -c protocol.version=2 fetch --no-tags --prune --no-recurse-submodules --depth=1 origin +9409494f5e335e6988110e39ad044e59088b2243:refs/remotes/origin/main
2025-08-20T22:08:54.9445172Z From https://github.com/AlexBomber12/AWA-App
2025-08-20T22:08:54.9445830Z  * [new ref]         9409494f5e335e6988110e39ad044e59088b2243 -> origin/main
2025-08-20T22:08:54.9476551Z ##[endgroup]
2025-08-20T22:08:54.9477152Z ##[group]Determining the checkout info
2025-08-20T22:08:54.9479853Z ##[endgroup]
2025-08-20T22:08:54.9485192Z [command]/usr/bin/git sparse-checkout disable
2025-08-20T22:08:54.9530458Z [command]/usr/bin/git config --local --unset-all extensions.worktreeConfig
2025-08-20T22:08:54.9556431Z ##[group]Checking out the ref
2025-08-20T22:08:54.9560111Z [command]/usr/bin/git checkout --progress --force -B main refs/remotes/origin/main
2025-08-20T22:08:54.9894426Z Switched to a new branch 'main'
2025-08-20T22:08:54.9895209Z branch 'main' set up to track 'origin/main'.
2025-08-20T22:08:54.9904677Z ##[endgroup]
2025-08-20T22:08:54.9945667Z [command]/usr/bin/git log -1 --format=%H
2025-08-20T22:08:54.9969569Z 9409494f5e335e6988110e39ad044e59088b2243
2025-08-20T22:08:55.0146043Z ##[group]Run cat .env.ci >> "$GITHUB_ENV"
2025-08-20T22:08:55.0146376Z [36;1mcat .env.ci >> "$GITHUB_ENV"[0m
2025-08-20T22:08:55.0147096Z [36;1mecho "DATABASE_URL=***localhost:5432/awa" >> "$GITHUB_ENV"[0m
2025-08-20T22:08:55.0147444Z [36;1mecho "PG_HOST=localhost" >> "$GITHUB_ENV"[0m
2025-08-20T22:08:55.0147722Z [36;1mecho "PG_PORT=5432" >> "$GITHUB_ENV"[0m
2025-08-20T22:08:55.0147988Z [36;1mecho "PG_USER=postgres" >> "$GITHUB_ENV"[0m
2025-08-20T22:08:55.0148260Z [36;1mecho "PG_PASSWORD=pass" >> "$GITHUB_ENV"[0m
2025-08-20T22:08:55.0148530Z [36;1mecho "PG_DATABASE=awa" >> "$GITHUB_ENV"[0m
2025-08-20T22:08:55.0193342Z shell: /usr/bin/bash -e {0}
2025-08-20T22:08:55.0193570Z env:
2025-08-20T22:08:55.0193763Z   REDIS_URL: redis://localhost:6379/0
2025-08-20T22:08:55.0194530Z   RATE_LIMIT_DEFAULT: 100/minute
2025-08-20T22:08:55.0194749Z   TRUST_X_FORWARDED: 1
2025-08-20T22:08:55.0194927Z ##[endgroup]
2025-08-20T22:08:55.0380902Z ##[group]Run actions/setup-python@v5
2025-08-20T22:08:55.0381176Z with:
2025-08-20T22:08:55.0381352Z   python-version: 3.12
2025-08-20T22:08:55.0381542Z   cache: pip
2025-08-20T22:08:55.0381748Z   cache-dependency-path: requirements-dev.txt
2025-08-20T22:08:55.0382014Z   check-latest: false
2025-08-20T22:08:55.0382317Z   token: ***
2025-08-20T22:08:55.0382503Z   update-environment: true
2025-08-20T22:08:55.0382713Z   allow-prereleases: false
2025-08-20T22:08:55.0382909Z   freethreaded: false
2025-08-20T22:08:55.0383080Z env:
2025-08-20T22:08:55.0383261Z   REDIS_URL: redis://localhost:6379/0
2025-08-20T22:08:55.0383496Z   RATE_LIMIT_DEFAULT: 100/minute
2025-08-20T22:08:55.0383703Z   TRUST_X_FORWARDED: 1
2025-08-20T22:08:55.0383886Z   PG_USER: postgres
2025-08-20T22:08:55.0384064Z   PG_PASSWORD: pass
2025-08-20T22:08:55.0384496Z   PG_DATABASE: awa
2025-08-20T22:08:55.0384692Z   PG_HOST: localhost
2025-08-20T22:08:55.0384866Z   PG_PORT: 5432
2025-08-20T22:08:55.0385256Z   PG_SYNC_DSN: ***localhost:5432/awa
2025-08-20T22:08:55.0385618Z   PG_ASYNC_DSN: ***localhost:5432/awa
2025-08-20T22:08:55.0385978Z   DATABASE_URL: ***localhost:5432/awa
2025-08-20T22:08:55.0386192Z   DATA_DIR: /tmp/awa-data
2025-08-20T22:08:55.0386389Z   ENABLE_LIVE: 0
2025-08-20T22:08:55.0386547Z   TESTING: 1
2025-08-20T22:08:55.0386706Z ##[endgroup]
2025-08-20T22:08:55.2076419Z ##[group]Installed versions
2025-08-20T22:08:55.2186858Z Successfully set up CPython (3.12.11)
2025-08-20T22:08:55.2187575Z ##[endgroup]
2025-08-20T22:08:55.2606236Z [command]/opt/hostedtoolcache/Python/3.12.11/x64/bin/pip cache dir
2025-08-20T22:08:58.2750261Z /home/runner/.cache/pip
2025-08-20T22:08:58.4576570Z Cache hit for: setup-python-Linux-x64-24.04-Ubuntu-python-3.12.11-pip-cc13ccef493b9f3a93ad5651164d9fb09282c1111f6f72ce20e0657de16de6b4
2025-08-20T22:08:59.6761775Z Received 134217728 of 376053341 (35.7%), 118.7 MBs/sec
2025-08-20T22:09:00.6769332Z Received 306184192 of 376053341 (81.4%), 140.5 MBs/sec
2025-08-20T22:09:00.9971528Z Received 376053341 of 376053341 (100.0%), 149.6 MBs/sec
2025-08-20T22:09:00.9974664Z Cache Size: ~359 MB (376053341 B)
2025-08-20T22:09:01.0100449Z [command]/usr/bin/tar -xf /home/runner/work/_temp/a5f3d716-c4ee-4e74-b80b-1972306506e7/cache.tzst -P -C /home/runner/work/AWA-App/AWA-App --use-compress-program unzstd
2025-08-20T22:09:01.5904134Z Cache restored successfully
2025-08-20T22:09:01.6621982Z Cache restored from key: setup-python-Linux-x64-24.04-Ubuntu-python-3.12.11-pip-cc13ccef493b9f3a93ad5651164d9fb09282c1111f6f72ce20e0657de16de6b4
2025-08-20T22:09:01.6781597Z ##[group]Run pip install --break-system-packages -r requirements-dev.txt
2025-08-20T22:09:01.6782122Z [36;1mpip install --break-system-packages -r requirements-dev.txt[0m
2025-08-20T22:09:01.6782558Z [36;1mpip install --break-system-packages keepa==1.3.15 minio==7.1.15[0m
2025-08-20T22:09:01.6827334Z shell: /usr/bin/bash -e {0}
2025-08-20T22:09:01.6827581Z env:
2025-08-20T22:09:01.6827790Z   REDIS_URL: redis://localhost:6379/0
2025-08-20T22:09:01.6828056Z   RATE_LIMIT_DEFAULT: 100/minute
2025-08-20T22:09:01.6828280Z   TRUST_X_FORWARDED: 1
2025-08-20T22:09:01.6828487Z   PG_USER: postgres
2025-08-20T22:09:01.6828683Z   PG_PASSWORD: pass
2025-08-20T22:09:01.6828869Z   PG_DATABASE: awa
2025-08-20T22:09:01.6829056Z   PG_HOST: localhost
2025-08-20T22:09:01.6829245Z   PG_PORT: 5432
2025-08-20T22:09:01.6829759Z   PG_SYNC_DSN: ***localhost:5432/awa
2025-08-20T22:09:01.6830233Z   PG_ASYNC_DSN: ***localhost:5432/awa
2025-08-20T22:09:01.6830636Z   DATABASE_URL: ***localhost:5432/awa
2025-08-20T22:09:01.6830922Z   DATA_DIR: /tmp/awa-data
2025-08-20T22:09:01.6831121Z   ENABLE_LIVE: 0
2025-08-20T22:09:01.6831297Z   TESTING: 1
2025-08-20T22:09:01.6831534Z   pythonLocation: /opt/hostedtoolcache/Python/3.12.11/x64
2025-08-20T22:09:01.6831949Z   PKG_CONFIG_PATH: /opt/hostedtoolcache/Python/3.12.11/x64/lib/pkgconfig
2025-08-20T22:09:01.6832521Z   Python_ROOT_DIR: /opt/hostedtoolcache/Python/3.12.11/x64
2025-08-20T22:09:01.6832880Z   Python2_ROOT_DIR: /opt/hostedtoolcache/Python/3.12.11/x64
2025-08-20T22:09:01.6833236Z   Python3_ROOT_DIR: /opt/hostedtoolcache/Python/3.12.11/x64
2025-08-20T22:09:01.6833601Z   LD_LIBRARY_PATH: /opt/hostedtoolcache/Python/3.12.11/x64/lib
2025-08-20T22:09:01.6833903Z ##[endgroup]
2025-08-20T22:09:03.6588002Z Collecting Jinja2==3.1.6 (from -r requirements-dev.txt (line 2))
2025-08-20T22:09:03.6601256Z   Using cached jinja2-3.1.6-py3-none-any.whl.metadata (2.9 kB)
2025-08-20T22:09:03.7123806Z Collecting alembic==1.16.4 (from -r requirements-dev.txt (line 3))
2025-08-20T22:09:03.7136895Z   Using cached alembic-1.16.4-py3-none-any.whl.metadata (7.3 kB)
2025-08-20T22:09:03.7290046Z Collecting apscheduler==3.10.4 (from -r requirements-dev.txt (line 4))
2025-08-20T22:09:03.7301859Z   Using cached APScheduler-3.10.4-py3-none-any.whl.metadata (5.7 kB)
2025-08-20T22:09:03.7518280Z Collecting asgi-correlation-id==4.3.1 (from -r requirements-dev.txt (line 5))
2025-08-20T22:09:03.7529837Z   Using cached asgi_correlation_id-4.3.1-py3-none-any.whl.metadata (28 kB)
2025-08-20T22:09:03.7936859Z Collecting asyncpg==0.30.0 (from -r requirements-dev.txt (line 6))
2025-08-20T22:09:03.7950051Z   Using cached asyncpg-0.30.0-cp312-cp312-manylinux_2_17_x86_64.manylinux2014_x86_64.whl.metadata (5.0 kB)
2025-08-20T22:09:03.8383570Z Collecting black==25.1.0 (from -r requirements-dev.txt (line 7))
2025-08-20T22:09:03.8397053Z   Using cached black-25.1.0-cp312-cp312-manylinux_2_17_x86_64.manylinux2014_x86_64.manylinux_2_28_x86_64.whl.metadata (81 kB)
2025-08-20T22:09:04.1712909Z Collecting boto3 (from -r requirements-dev.txt (line 8))
2025-08-20T22:09:04.1727109Z   Using cached boto3-1.40.14-py3-none-any.whl.metadata (6.7 kB)
2025-08-20T22:09:04.2006111Z Collecting redis==6.* (from -r requirements-dev.txt (line 9))
2025-08-20T22:09:04.2019017Z   Using cached redis-6.4.0-py3-none-any.whl.metadata (10 kB)
2025-08-20T22:09:04.2349535Z Collecting minio==7.* (from -r requirements-dev.txt (line 10))
2025-08-20T22:09:04.2362798Z   Using cached minio-7.2.16-py3-none-any.whl.metadata (6.5 kB)
2025-08-20T22:09:04.2523466Z Collecting vulture==2.10 (from -r requirements-dev.txt (line 11))
2025-08-20T22:09:04.2536064Z   Using cached vulture-2.10-py2.py3-none-any.whl.metadata (23 kB)
2025-08-20T22:09:04.2864689Z Collecting celery==5.5.3 (from -r requirements-dev.txt (line 12))
2025-08-20T22:09:04.2877348Z   Using cached celery-5.5.3-py3-none-any.whl.metadata (22 kB)
2025-08-20T22:09:04.3447882Z Collecting fastapi==0.116.1 (from -r requirements-dev.txt (line 13))
2025-08-20T22:09:04.3461162Z   Using cached fastapi-0.116.1-py3-none-any.whl.metadata (28 kB)
2025-08-20T22:09:04.3618000Z Collecting fastapi-limiter==0.1.6 (from -r requirements-dev.txt (line 15))
2025-08-20T22:09:04.3629569Z   Using cached fastapi_limiter-0.1.6-py3-none-any.whl.metadata (5.3 kB)
2025-08-20T22:09:04.3820590Z Collecting httpx<0.29,>=0.27 (from -r requirements-dev.txt (line 16))
2025-08-20T22:09:04.3832540Z   Using cached httpx-0.28.1-py3-none-any.whl.metadata (7.1 kB)
2025-08-20T22:09:04.3959093Z Collecting imapclient==3.0.1 (from -r requirements-dev.txt (line 17))
2025-08-20T22:09:04.3970952Z   Using cached IMAPClient-3.0.1-py2.py3-none-any.whl.metadata (1.7 kB)
2025-08-20T22:09:04.4075440Z Collecting itsdangerous (from -r requirements-dev.txt (line 18))
2025-08-20T22:09:04.4087284Z   Using cached itsdangerous-2.2.0-py3-none-any.whl.metadata (1.9 kB)
2025-08-20T22:09:04.5048805Z Collecting mypy==1.* (from -r requirements-dev.txt (line 19))
2025-08-20T22:09:04.5062385Z   Using cached mypy-1.17.1-cp312-cp312-manylinux2014_x86_64.manylinux_2_17_x86_64.manylinux_2_28_x86_64.whl.metadata (2.2 kB)
2025-08-20T22:09:04.5159992Z Collecting mypy-extensions==1.1.0 (from -r requirements-dev.txt (line 20))
2025-08-20T22:09:04.5171780Z   Using cached mypy_extensions-1.1.0-py3-none-any.whl.metadata (1.1 kB)
2025-08-20T22:09:04.7024672Z Collecting numpy<2 (from -r requirements-dev.txt (line 21))
2025-08-20T22:09:04.7038988Z   Using cached numpy-1.26.4-cp312-cp312-manylinux_2_17_x86_64.manylinux2014_x86_64.whl.metadata (61 kB)
2025-08-20T22:09:04.7283707Z Collecting openpyxl==3.1.5 (from -r requirements-dev.txt (line 22))
2025-08-20T22:09:04.7296212Z   Using cached openpyxl-3.1.5-py2.py3-none-any.whl.metadata (2.5 kB)
2025-08-20T22:09:04.8334729Z Collecting pandas==2.2.* (from -r requirements-dev.txt (line 23))
2025-08-20T22:09:04.8348383Z   Using cached pandas-2.2.3-cp312-cp312-manylinux_2_17_x86_64.manylinux2014_x86_64.whl.metadata (89 kB)
2025-08-20T22:09:04.9285030Z Collecting psycopg2-binary==2.9.10 (from -r requirements-dev.txt (line 24))
2025-08-20T22:09:04.9298878Z   Using cached psycopg2_binary-2.9.10-cp312-cp312-manylinux_2_17_x86_64.manylinux2014_x86_64.whl.metadata (4.9 kB)
2025-08-20T22:09:04.9464089Z Collecting psycopg==3.2.9 (from psycopg[binary]==3.2.9->-r requirements-dev.txt (line 25))
2025-08-20T22:09:04.9476616Z   Using cached psycopg-3.2.9-py3-none-any.whl.metadata (4.5 kB)
2025-08-20T22:09:05.0559630Z Collecting pydantic==2.11.7 (from -r requirements-dev.txt (line 26))
2025-08-20T22:09:05.0573377Z   Using cached pydantic-2.11.7-py3-none-any.whl.metadata (67 kB)
2025-08-20T22:09:05.1790756Z Collecting setuptools (from -r requirements-dev.txt (line 27))
2025-08-20T22:09:05.1804688Z   Using cached setuptools-80.9.0-py3-none-any.whl.metadata (6.6 kB)
2025-08-20T22:09:05.2055599Z Collecting pytest-asyncio==1.1.0 (from -r requirements-dev.txt (line 28))
2025-08-20T22:09:05.2069028Z   Using cached pytest_asyncio-1.1.0-py3-none-any.whl.metadata (4.1 kB)
2025-08-20T22:09:05.2233911Z Collecting pytest-cov==6.2.1 (from -r requirements-dev.txt (line 29))
2025-08-20T22:09:05.2246123Z   Using cached pytest_cov-6.2.1-py3-none-any.whl.metadata (30 kB)
2025-08-20T22:09:05.2413266Z Collecting pytest-postgresql==7.0.2 (from -r requirements-dev.txt (line 30))
2025-08-20T22:09:05.2425414Z   Using cached pytest_postgresql-7.0.2-py3-none-any.whl.metadata (18 kB)
2025-08-20T22:09:05.2597718Z Collecting python-dotenv (from -r requirements-dev.txt (line 31))
2025-08-20T22:09:05.2609926Z   Using cached python_dotenv-1.1.1-py3-none-any.whl.metadata (24 kB)
2025-08-20T22:09:05.2761910Z Collecting python-multipart (from -r requirements-dev.txt (line 32))
2025-08-20T22:09:05.2774103Z   Using cached python_multipart-0.0.20-py3-none-any.whl.metadata (1.8 kB)
2025-08-20T22:09:05.3102702Z Collecting python-telegram-bot==22.3 (from -r requirements-dev.txt (line 33))
2025-08-20T22:09:05.3115710Z   Using cached python_telegram_bot-22.3-py3-none-any.whl.metadata (17 kB)
2025-08-20T22:09:05.3402300Z Collecting requests==2.32.4 (from -r requirements-dev.txt (line 34))
2025-08-20T22:09:05.3418144Z   Using cached requests-2.32.4-py3-none-any.whl.metadata (4.9 kB)
2025-08-20T22:09:05.3589231Z Collecting respx==0.22.0 (from -r requirements-dev.txt (line 35))
2025-08-20T22:09:05.3601920Z   Using cached respx-0.22.0-py2.py3-none-any.whl.metadata (4.1 kB)
2025-08-20T22:09:05.7266673Z Collecting ruff==0.9.9 (from -r requirements-dev.txt (line 36))
2025-08-20T22:09:05.7280346Z   Using cached ruff-0.9.9-py3-none-manylinux_2_17_x86_64.manylinux2014_x86_64.whl.metadata (25 kB)
2025-08-20T22:09:05.9848015Z Collecting sqlalchemy==2.0.43 (from -r requirements-dev.txt (line 37))
2025-08-20T22:09:05.9862025Z   Using cached sqlalchemy-2.0.43-cp312-cp312-manylinux_2_17_x86_64.manylinux2014_x86_64.whl.metadata (9.6 kB)
2025-08-20T22:09:06.0097736Z Collecting structlog==24.1.0 (from -r requirements-dev.txt (line 38))
2025-08-20T22:09:06.0109339Z   Using cached structlog-24.1.0-py3-none-any.whl.metadata (6.9 kB)
2025-08-20T22:09:06.0292806Z Collecting testcontainers==4.12.0 (from testcontainers[postgres]==4.12.0->-r requirements-dev.txt (line 39))
2025-08-20T22:09:06.0304956Z   Using cached testcontainers-4.12.0-py3-none-any.whl.metadata (8.3 kB)
2025-08-20T22:09:06.0801538Z Collecting types-requests==2.32.4.20250809 (from -r requirements-dev.txt (line 40))
2025-08-20T22:09:06.0813941Z   Using cached types_requests-2.32.4.20250809-py3-none-any.whl.metadata (2.0 kB)
2025-08-20T22:09:06.0955972Z Collecting docspec-python==2.2.2 (from -r requirements-dev.txt (line 41))
2025-08-20T22:09:06.0967625Z   Using cached docspec_python-2.2.2-py3-none-any.whl.metadata (1.0 kB)
2025-08-20T22:09:06.1131990Z Collecting pydoc-markdown==4.8.2 (from -r requirements-dev.txt (line 42))
2025-08-20T22:09:06.1143917Z   Using cached pydoc_markdown-4.8.2-py3-none-any.whl.metadata (5.9 kB)
2025-08-20T22:09:06.1956862Z Collecting pandera==0.19.* (from -r requirements-dev.txt (line 43))
2025-08-20T22:09:06.1970767Z   Using cached pandera-0.19.3-py3-none-any.whl.metadata (15 kB)
2025-08-20T22:09:06.2504662Z Collecting MarkupSafe>=2.0 (from Jinja2==3.1.6->-r requirements-dev.txt (line 2))
2025-08-20T22:09:06.2518683Z   Using cached MarkupSafe-3.0.2-cp312-cp312-manylinux_2_17_x86_64.manylinux2014_x86_64.whl.metadata (4.0 kB)
2025-08-20T22:09:06.2827570Z Collecting Mako (from alembic==1.16.4->-r requirements-dev.txt (line 3))
2025-08-20T22:09:06.2839743Z   Using cached mako-1.3.10-py3-none-any.whl.metadata (2.9 kB)
2025-08-20T22:09:06.2999714Z Collecting typing-extensions>=4.12 (from alembic==1.16.4->-r requirements-dev.txt (line 3))
2025-08-20T22:09:06.3012035Z   Using cached typing_extensions-4.14.1-py3-none-any.whl.metadata (3.0 kB)
2025-08-20T22:09:06.3162047Z Collecting six>=1.4.0 (from apscheduler==3.10.4->-r requirements-dev.txt (line 4))
2025-08-20T22:09:06.3173979Z   Using cached six-1.17.0-py2.py3-none-any.whl.metadata (1.7 kB)
2025-08-20T22:09:06.3509666Z Collecting pytz (from apscheduler==3.10.4->-r requirements-dev.txt (line 4))
2025-08-20T22:09:06.3523262Z   Using cached pytz-2025.2-py2.py3-none-any.whl.metadata (22 kB)
2025-08-20T22:09:06.3702286Z Collecting tzlocal!=3.*,>=2.0 (from apscheduler==3.10.4->-r requirements-dev.txt (line 4))
2025-08-20T22:09:06.3715033Z   Using cached tzlocal-5.3.1-py3-none-any.whl.metadata (7.6 kB)
2025-08-20T22:09:06.4008066Z Collecting starlette>=0.18 (from asgi-correlation-id==4.3.1->-r requirements-dev.txt (line 5))
2025-08-20T22:09:06.4019923Z   Using cached starlette-0.47.2-py3-none-any.whl.metadata (6.2 kB)
2025-08-20T22:09:06.4208371Z Collecting click>=8.0.0 (from black==25.1.0->-r requirements-dev.txt (line 7))
2025-08-20T22:09:06.4220252Z   Using cached click-8.2.1-py3-none-any.whl.metadata (2.5 kB)
2025-08-20T22:09:06.4375800Z Collecting packaging>=22.0 (from black==25.1.0->-r requirements-dev.txt (line 7))
2025-08-20T22:09:06.4388103Z   Using cached packaging-25.0-py3-none-any.whl.metadata (3.3 kB)
2025-08-20T22:09:06.4495208Z Collecting pathspec>=0.9.0 (from black==25.1.0->-r requirements-dev.txt (line 7))
2025-08-20T22:09:06.4507095Z   Using cached pathspec-0.12.1-py3-none-any.whl.metadata (21 kB)
2025-08-20T22:09:06.4700969Z Collecting platformdirs>=2 (from black==25.1.0->-r requirements-dev.txt (line 7))
2025-08-20T22:09:06.4712448Z   Using cached platformdirs-4.3.8-py3-none-any.whl.metadata (12 kB)
2025-08-20T22:09:06.4823941Z Collecting toml (from vulture==2.10->-r requirements-dev.txt (line 11))
2025-08-20T22:09:06.4835854Z   Using cached toml-0.10.2-py2.py3-none-any.whl.metadata (7.1 kB)
2025-08-20T22:09:06.5009146Z Collecting billiard<5.0,>=4.2.1 (from celery==5.5.3->-r requirements-dev.txt (line 12))
2025-08-20T22:09:06.5020724Z   Using cached billiard-4.2.1-py3-none-any.whl.metadata (4.4 kB)
2025-08-20T22:09:06.5316794Z Collecting kombu<5.6,>=5.5.2 (from celery==5.5.3->-r requirements-dev.txt (line 12))
2025-08-20T22:09:06.5328816Z   Using cached kombu-5.5.4-py3-none-any.whl.metadata (3.5 kB)
2025-08-20T22:09:06.5484178Z Collecting vine<6.0,>=5.1.0 (from celery==5.5.3->-r requirements-dev.txt (line 12))
2025-08-20T22:09:06.5496057Z   Using cached vine-5.1.0-py3-none-any.whl.metadata (2.7 kB)
2025-08-20T22:09:06.5651792Z Collecting click-didyoumean>=0.3.0 (from celery==5.5.3->-r requirements-dev.txt (line 12))
2025-08-20T22:09:06.5663303Z   Using cached click_didyoumean-0.3.1-py3-none-any.whl.metadata (3.9 kB)
2025-08-20T22:09:06.5768393Z Collecting click-repl>=0.2.0 (from celery==5.5.3->-r requirements-dev.txt (line 12))
2025-08-20T22:09:06.5780555Z   Using cached click_repl-0.3.0-py3-none-any.whl.metadata (3.6 kB)
2025-08-20T22:09:06.5871181Z Collecting click-plugins>=1.1.1 (from celery==5.5.3->-r requirements-dev.txt (line 12))
2025-08-20T22:09:06.5883067Z   Using cached click_plugins-1.1.1.2-py2.py3-none-any.whl.metadata (6.5 kB)
2025-08-20T22:09:06.5999225Z Collecting python-dateutil>=2.8.2 (from celery==5.5.3->-r requirements-dev.txt (line 12))
2025-08-20T22:09:06.6011125Z   Using cached python_dateutil-2.9.0.post0-py2.py3-none-any.whl.metadata (8.4 kB)
2025-08-20T22:09:06.6601727Z Collecting annotated-types>=0.6.0 (from pydantic==2.11.7->-r requirements-dev.txt (line 26))
2025-08-20T22:09:06.6613623Z   Using cached annotated_types-0.7.0-py3-none-any.whl.metadata (15 kB)
2025-08-20T22:09:07.3531177Z Collecting pydantic-core==2.33.2 (from pydantic==2.11.7->-r requirements-dev.txt (line 26))
2025-08-20T22:09:07.3546031Z   Using cached pydantic_core-2.33.2-cp312-cp312-manylinux_2_17_x86_64.manylinux2014_x86_64.whl.metadata (6.8 kB)
2025-08-20T22:09:07.3689637Z Collecting typing-inspection>=0.4.0 (from pydantic==2.11.7->-r requirements-dev.txt (line 26))
2025-08-20T22:09:07.3701456Z   Using cached typing_inspection-0.4.1-py3-none-any.whl.metadata (2.6 kB)
2025-08-20T22:09:07.3953867Z Collecting et-xmlfile (from openpyxl==3.1.5->-r requirements-dev.txt (line 22))
2025-08-20T22:09:07.3965427Z   Using cached et_xmlfile-2.0.0-py3-none-any.whl.metadata (2.7 kB)
2025-08-20T22:09:07.4399562Z Collecting pytest<9,>=8.2 (from pytest-asyncio==1.1.0->-r requirements-dev.txt (line 28))
2025-08-20T22:09:07.4412624Z   Using cached pytest-8.4.1-py3-none-any.whl.metadata (7.7 kB)
2025-08-20T22:09:07.7493894Z Collecting coverage>=7.5 (from coverage[toml]>=7.5->pytest-cov==6.2.1->-r requirements-dev.txt (line 29))
2025-08-20T22:09:07.7507064Z   Using cached coverage-7.10.4-cp312-cp312-manylinux1_x86_64.manylinux_2_28_x86_64.manylinux_2_5_x86_64.whl.metadata (8.9 kB)
2025-08-20T22:09:07.7634739Z Collecting pluggy>=1.2 (from pytest-cov==6.2.1->-r requirements-dev.txt (line 29))
2025-08-20T22:09:07.7646036Z   Using cached pluggy-1.6.0-py3-none-any.whl.metadata (4.8 kB)
2025-08-20T22:09:07.7934968Z Collecting port-for>=0.7.3 (from pytest-postgresql==7.0.2->-r requirements-dev.txt (line 30))
2025-08-20T22:09:07.7946598Z   Using cached port_for-0.7.4-py3-none-any.whl.metadata (7.1 kB)
2025-08-20T22:09:07.8084990Z Collecting mirakuru>=2.6.0 (from pytest-postgresql==7.0.2->-r requirements-dev.txt (line 30))
2025-08-20T22:09:07.8096650Z   Using cached mirakuru-2.6.1-py3-none-any.whl.metadata (10 kB)
2025-08-20T22:09:07.8917254Z Collecting charset_normalizer<4,>=2 (from requests==2.32.4->-r requirements-dev.txt (line 34))
2025-08-20T22:09:07.8931705Z   Using cached charset_normalizer-3.4.3-cp312-cp312-manylinux2014_x86_64.manylinux_2_17_x86_64.manylinux_2_28_x86_64.whl.metadata (36 kB)
2025-08-20T22:09:07.9073183Z Collecting idna<4,>=2.5 (from requests==2.32.4->-r requirements-dev.txt (line 34))
2025-08-20T22:09:07.9085193Z   Using cached idna-3.10-py3-none-any.whl.metadata (10 kB)
2025-08-20T22:09:07.9361500Z Collecting urllib3<3,>=1.21.1 (from requests==2.32.4->-r requirements-dev.txt (line 34))
2025-08-20T22:09:07.9374106Z   Using cached urllib3-2.5.0-py3-none-any.whl.metadata (6.5 kB)
2025-08-20T22:09:07.9610596Z Collecting certifi>=2017.4.17 (from requests==2.32.4->-r requirements-dev.txt (line 34))
2025-08-20T22:09:07.9629565Z   Using cached certifi-2025.8.3-py3-none-any.whl.metadata (2.4 kB)
2025-08-20T22:09:08.1748467Z Collecting greenlet>=1 (from sqlalchemy==2.0.43->-r requirements-dev.txt (line 37))
2025-08-20T22:09:08.1761452Z   Using cached greenlet-3.2.4-cp312-cp312-manylinux_2_24_x86_64.manylinux_2_28_x86_64.whl.metadata (4.1 kB)
2025-08-20T22:09:08.1990093Z Collecting docker (from testcontainers==4.12.0->testcontainers[postgres]==4.12.0->-r requirements-dev.txt (line 39))
2025-08-20T22:09:08.2002445Z   Using cached docker-7.1.0-py3-none-any.whl.metadata (3.8 kB)
2025-08-20T22:09:08.3006860Z Collecting wrapt (from testcontainers==4.12.0->testcontainers[postgres]==4.12.0->-r requirements-dev.txt (line 39))
2025-08-20T22:09:08.3019942Z   Using cached wrapt-1.17.3-cp312-cp312-manylinux1_x86_64.manylinux_2_28_x86_64.manylinux_2_5_x86_64.whl.metadata (6.4 kB)
2025-08-20T22:09:08.3303113Z Collecting docspec==2.2.1 (from docspec-python==2.2.2->-r requirements-dev.txt (line 41))
2025-08-20T22:09:08.3313828Z   Using cached docspec-2.2.1-py3-none-any.whl.metadata (1.5 kB)
2025-08-20T22:09:08.3492819Z Collecting nr-util>=0.8.12 (from docspec-python==2.2.2->-r requirements-dev.txt (line 41))
2025-08-20T22:09:08.3505382Z   Using cached nr.util-0.8.12-py3-none-any.whl.metadata (813 bytes)
2025-08-20T22:09:08.3845509Z Collecting PyYAML<7.0,>=5.0 (from pydoc-markdown==4.8.2->-r requirements-dev.txt (line 42))
2025-08-20T22:09:08.3858901Z   Using cached PyYAML-6.0.2-cp312-cp312-manylinux_2_17_x86_64.manylinux2014_x86_64.whl.metadata (2.1 kB)
2025-08-20T22:09:08.4127123Z Collecting databind.core<5.0.0,>=4.4.0 (from pydoc-markdown==4.8.2->-r requirements-dev.txt (line 42))
2025-08-20T22:09:08.4142697Z   Using cached databind.core-4.5.2-py3-none-any.whl.metadata (1.1 kB)
2025-08-20T22:09:08.4343027Z Collecting databind.json<5.0.0,>=4.4.0 (from pydoc-markdown==4.8.2->-r requirements-dev.txt (line 42))
2025-08-20T22:09:08.4355262Z   Using cached databind.json-4.5.2-py3-none-any.whl.metadata (1.1 kB)
2025-08-20T22:09:08.4499449Z Collecting docstring-parser<0.12,>=0.11 (from pydoc-markdown==4.8.2->-r requirements-dev.txt (line 42))
2025-08-20T22:09:08.4500869Z   Using cached docstring_parser-0.11-py3-none-any.whl
2025-08-20T22:09:08.4877465Z Collecting tomli<3.0.0,>=2.0.0 (from pydoc-markdown==4.8.2->-r requirements-dev.txt (line 42))
2025-08-20T22:09:08.4889161Z   Using cached tomli-2.2.1-cp312-cp312-manylinux_2_17_x86_64.manylinux2014_x86_64.whl.metadata (11 kB)
2025-08-20T22:09:08.4992772Z Collecting tomli_w<2.0.0,>=1.0.0 (from pydoc-markdown==4.8.2->-r requirements-dev.txt (line 42))
2025-08-20T22:09:08.5003818Z   Using cached tomli_w-1.2.0-py3-none-any.whl.metadata (5.7 kB)
2025-08-20T22:09:08.5438013Z Collecting watchdog (from pydoc-markdown==4.8.2->-r requirements-dev.txt (line 42))
2025-08-20T22:09:08.5450603Z   Using cached watchdog-6.0.0-py3-none-manylinux2014_x86_64.whl.metadata (44 kB)
2025-08-20T22:09:08.5655158Z Collecting yapf>=0.30.0 (from pydoc-markdown==4.8.2->-r requirements-dev.txt (line 42))
2025-08-20T22:09:08.5666842Z   Using cached yapf-0.43.0-py3-none-any.whl.metadata (46 kB)
2025-08-20T22:09:08.5858347Z Collecting Deprecated<2.0.0,>=1.2.12 (from docspec==2.2.1->docspec-python==2.2.2->-r requirements-dev.txt (line 41))
2025-08-20T22:09:08.5870332Z   Using cached Deprecated-1.2.18-py2.py3-none-any.whl.metadata (5.7 kB)
2025-08-20T22:09:08.7484944Z Collecting psycopg-binary==3.2.9 (from psycopg[binary]==3.2.9->-r requirements-dev.txt (line 25))
2025-08-20T22:09:08.7498227Z   Using cached psycopg_binary-3.2.9-cp312-cp312-manylinux_2_17_x86_64.manylinux2014_x86_64.whl.metadata (2.9 kB)
2025-08-20T22:09:09.0521796Z Collecting argon2-cffi (from minio==7.*->-r requirements-dev.txt (line 10))
2025-08-20T22:09:09.0534549Z   Using cached argon2_cffi-25.1.0-py3-none-any.whl.metadata (4.1 kB)
2025-08-20T22:09:09.1331274Z Collecting pycryptodome (from minio==7.*->-r requirements-dev.txt (line 10))
2025-08-20T22:09:09.1348670Z   Using cached pycryptodome-3.23.0-cp37-abi3-manylinux_2_17_x86_64.manylinux2014_x86_64.whl.metadata (3.4 kB)
2025-08-20T22:09:09.1542892Z Collecting anyio (from httpx<0.29,>=0.27->-r requirements-dev.txt (line 16))
2025-08-20T22:09:09.1554849Z   Using cached anyio-4.10.0-py3-none-any.whl.metadata (4.0 kB)
2025-08-20T22:09:09.1736541Z Collecting httpcore==1.* (from httpx<0.29,>=0.27->-r requirements-dev.txt (line 16))
2025-08-20T22:09:09.1749656Z   Using cached httpcore-1.0.9-py3-none-any.whl.metadata (21 kB)
2025-08-20T22:09:09.2065978Z Collecting tzdata>=2022.7 (from pandas==2.2.*->-r requirements-dev.txt (line 23))
2025-08-20T22:09:09.2078007Z   Using cached tzdata-2025.2-py2.py3-none-any.whl.metadata (1.4 kB)
2025-08-20T22:09:09.2275539Z Collecting multimethod<=1.10.0 (from pandera==0.19.*->-r requirements-dev.txt (line 43))
2025-08-20T22:09:09.2288789Z   Using cached multimethod-1.10-py3-none-any.whl.metadata (8.2 kB)
2025-08-20T22:09:09.2685550Z Collecting typeguard (from pandera==0.19.*->-r requirements-dev.txt (line 43))
2025-08-20T22:09:09.2698281Z   Using cached typeguard-4.4.4-py3-none-any.whl.metadata (3.3 kB)
2025-08-20T22:09:09.2806415Z Collecting typing-inspect>=0.6.0 (from pandera==0.19.*->-r requirements-dev.txt (line 43))
2025-08-20T22:09:09.2818221Z   Using cached typing_inspect-0.9.0-py3-none-any.whl.metadata (1.5 kB)
2025-08-20T22:09:09.3074976Z Collecting databind<5.0.0,>=4.5.2 (from databind.core<5.0.0,>=4.4.0->pydoc-markdown==4.8.2->-r requirements-dev.txt (line 42))
2025-08-20T22:09:09.3087275Z   Using cached databind-4.5.2-py3-none-any.whl.metadata (4.3 kB)
2025-08-20T22:09:09.3216065Z Collecting nr-date<3.0.0,>=2.0.0 (from databind<5.0.0,>=4.5.2->databind.core<5.0.0,>=4.4.0->pydoc-markdown==4.8.2->-r requirements-dev.txt (line 42))
2025-08-20T22:09:09.3227969Z   Using cached nr_date-2.1.0-py3-none-any.whl.metadata (746 bytes)
2025-08-20T22:09:09.3350424Z Collecting nr-stream<2.0.0,>=1.0.0 (from databind<5.0.0,>=4.5.2->databind.core<5.0.0,>=4.4.0->pydoc-markdown==4.8.2->-r requirements-dev.txt (line 42))
2025-08-20T22:09:09.3362690Z   Using cached nr_stream-1.1.5-py3-none-any.whl.metadata (3.6 kB)
2025-08-20T22:09:09.3511669Z Collecting typeapi<3,>=2.0.1 (from databind<5.0.0,>=4.5.2->databind.core<5.0.0,>=4.4.0->pydoc-markdown==4.8.2->-r requirements-dev.txt (line 42))
2025-08-20T22:09:09.3523646Z   Using cached typeapi-2.2.4-py3-none-any.whl.metadata (1.5 kB)
2025-08-20T22:09:09.3793893Z Collecting h11>=0.16 (from httpcore==1.*->httpx<0.29,>=0.27->-r requirements-dev.txt (line 16))
2025-08-20T22:09:09.3805761Z   Using cached h11-0.16.0-py3-none-any.whl.metadata (8.3 kB)
2025-08-20T22:09:09.4028764Z Collecting amqp<6.0.0,>=5.1.1 (from kombu<5.6,>=5.5.2->celery==5.5.3->-r requirements-dev.txt (line 12))
2025-08-20T22:09:09.4040861Z   Using cached amqp-5.3.1-py3-none-any.whl.metadata (8.9 kB)
2025-08-20T22:09:09.4416154Z Collecting iniconfig>=1 (from pytest<9,>=8.2->pytest-asyncio==1.1.0->-r requirements-dev.txt (line 28))
2025-08-20T22:09:09.4428074Z   Using cached iniconfig-2.1.0-py3-none-any.whl.metadata (2.7 kB)
2025-08-20T22:09:09.4640557Z Collecting pygments>=2.7.2 (from pytest<9,>=8.2->pytest-asyncio==1.1.0->-r requirements-dev.txt (line 28))
2025-08-20T22:09:09.4654040Z   Using cached pygments-2.19.2-py3-none-any.whl.metadata (2.5 kB)
2025-08-20T22:09:09.4972081Z Collecting sniffio>=1.1 (from anyio->httpx<0.29,>=0.27->-r requirements-dev.txt (line 16))
2025-08-20T22:09:09.4984537Z   Using cached sniffio-1.3.1-py3-none-any.whl.metadata (3.9 kB)
2025-08-20T22:09:09.9923942Z Collecting botocore<1.41.0,>=1.40.14 (from boto3->-r requirements-dev.txt (line 8))
2025-08-20T22:09:09.9938118Z   Using cached botocore-1.40.14-py3-none-any.whl.metadata (5.7 kB)
2025-08-20T22:09:10.0059682Z Collecting jmespath<2.0.0,>=0.7.1 (from boto3->-r requirements-dev.txt (line 8))
2025-08-20T22:09:10.0071695Z   Using cached jmespath-1.0.1-py3-none-any.whl.metadata (7.6 kB)
2025-08-20T22:09:10.0240211Z Collecting s3transfer<0.14.0,>=0.13.0 (from boto3->-r requirements-dev.txt (line 8))
2025-08-20T22:09:10.0252496Z   Using cached s3transfer-0.13.1-py3-none-any.whl.metadata (1.7 kB)
2025-08-20T22:09:10.2957479Z Collecting fastapi-cli>=0.0.8 (from fastapi-cli[standard]>=0.0.8; extra == "all"->fastapi[all]->-r requirements-dev.txt (line 14))
2025-08-20T22:09:10.2969362Z   Using cached fastapi_cli-0.0.8-py3-none-any.whl.metadata (6.3 kB)
2025-08-20T22:09:10.3746116Z Collecting ujson!=4.0.2,!=4.1.0,!=4.2.0,!=4.3.0,!=5.0.0,!=5.1.0,>=4.0.1 (from fastapi[all]->-r requirements-dev.txt (line 14))
2025-08-20T22:09:10.3760360Z   Using cached ujson-5.11.0-cp312-cp312-manylinux_2_24_x86_64.manylinux_2_28_x86_64.whl.metadata (9.4 kB)
2025-08-20T22:09:10.6076769Z Collecting orjson>=3.2.1 (from fastapi[all]->-r requirements-dev.txt (line 14))
2025-08-20T22:09:10.6090676Z   Using cached orjson-3.11.2-cp312-cp312-manylinux_2_17_x86_64.manylinux2014_x86_64.whl.metadata (1.2 kB)
2025-08-20T22:09:10.6216569Z Collecting email-validator>=2.0.0 (from fastapi[all]->-r requirements-dev.txt (line 14))
2025-08-20T22:09:10.6229756Z   Using cached email_validator-2.2.0-py3-none-any.whl.metadata (25 kB)
2025-08-20T22:09:10.6533322Z Collecting uvicorn>=0.12.0 (from uvicorn[standard]>=0.12.0; extra == "all"->fastapi[all]->-r requirements-dev.txt (line 14))
2025-08-20T22:09:10.6546256Z   Using cached uvicorn-0.35.0-py3-none-any.whl.metadata (6.5 kB)
2025-08-20T22:09:10.6702699Z Collecting pydantic-settings>=2.0.0 (from fastapi[all]->-r requirements-dev.txt (line 14))
2025-08-20T22:09:10.6716228Z   Using cached pydantic_settings-2.10.1-py3-none-any.whl.metadata (3.4 kB)
2025-08-20T22:09:10.6865491Z Collecting pydantic-extra-types>=2.0.0 (from fastapi[all]->-r requirements-dev.txt (line 14))
2025-08-20T22:09:10.6877593Z   Using cached pydantic_extra_types-2.10.5-py3-none-any.whl.metadata (3.9 kB)
2025-08-20T22:09:10.7599953Z Collecting prompt-toolkit>=3.0.36 (from click-repl>=0.2.0->celery==5.5.3->-r requirements-dev.txt (line 12))
2025-08-20T22:09:10.7619438Z   Using cached prompt_toolkit-3.0.51-py3-none-any.whl.metadata (6.4 kB)
2025-08-20T22:09:10.7811631Z Collecting dnspython>=2.0.0 (from email-validator>=2.0.0->fastapi[all]->-r requirements-dev.txt (line 14))
2025-08-20T22:09:10.7822646Z   Using cached dnspython-2.7.0-py3-none-any.whl.metadata (5.8 kB)
2025-08-20T22:09:10.8098401Z Collecting typer>=0.15.1 (from fastapi-cli>=0.0.8->fastapi-cli[standard]>=0.0.8; extra == "all"->fastapi[all]->-r requirements-dev.txt (line 14))
2025-08-20T22:09:10.8132061Z   Using cached typer-0.16.1-py3-none-any.whl.metadata (15 kB)
2025-08-20T22:09:10.8376756Z Collecting rich-toolkit>=0.14.8 (from fastapi-cli>=0.0.8->fastapi-cli[standard]>=0.0.8; extra == "all"->fastapi[all]->-r requirements-dev.txt (line 14))
2025-08-20T22:09:10.8387580Z   Using cached rich_toolkit-0.15.0-py3-none-any.whl.metadata (1.0 kB)
2025-08-20T22:09:10.8506261Z Collecting fastapi-cloud-cli>=0.1.1 (from fastapi-cli[standard]>=0.0.8; extra == "all"->fastapi[all]->-r requirements-dev.txt (line 14))
2025-08-20T22:09:10.8517210Z   Using cached fastapi_cloud_cli-0.1.5-py3-none-any.whl.metadata (3.2 kB)
2025-08-20T22:09:10.9244923Z Collecting rignore>=0.5.1 (from fastapi-cloud-cli>=0.1.1->fastapi-cli[standard]>=0.0.8; extra == "all"->fastapi[all]->-r requirements-dev.txt (line 14))
2025-08-20T22:09:10.9257636Z   Using cached rignore-0.6.4-cp312-cp312-manylinux_2_17_x86_64.manylinux2014_x86_64.whl.metadata (3.8 kB)
2025-08-20T22:09:11.0133343Z Collecting sentry-sdk>=2.20.0 (from fastapi-cloud-cli>=0.1.1->fastapi-cli[standard]>=0.0.8; extra == "all"->fastapi[all]->-r requirements-dev.txt (line 14))
2025-08-20T22:09:11.0146604Z   Using cached sentry_sdk-2.35.0-py2.py3-none-any.whl.metadata (10 kB)
2025-08-20T22:09:11.1082552Z Collecting psutil>=4.0.0 (from mirakuru>=2.6.0->pytest-postgresql==7.0.2->-r requirements-dev.txt (line 30))
2025-08-20T22:09:11.1095873Z   Using cached psutil-7.0.0-cp36-abi3-manylinux_2_12_x86_64.manylinux2010_x86_64.manylinux_2_17_x86_64.manylinux2014_x86_64.whl.metadata (22 kB)
2025-08-20T22:09:11.1425585Z Collecting wcwidth (from prompt-toolkit>=3.0.36->click-repl>=0.2.0->celery==5.5.3->-r requirements-dev.txt (line 12))
2025-08-20T22:09:11.1436548Z   Using cached wcwidth-0.2.13-py2.py3-none-any.whl.metadata (14 kB)
2025-08-20T22:09:11.2816717Z Collecting rich>=13.7.1 (from rich-toolkit>=0.14.8->fastapi-cli>=0.0.8->fastapi-cli[standard]>=0.0.8; extra == "all"->fastapi[all]->-r requirements-dev.txt (line 14))
2025-08-20T22:09:11.2828900Z   Using cached rich-14.1.0-py3-none-any.whl.metadata (18 kB)
2025-08-20T22:09:11.3019262Z Collecting markdown-it-py>=2.2.0 (from rich>=13.7.1->rich-toolkit>=0.14.8->fastapi-cli>=0.0.8->fastapi-cli[standard]>=0.0.8; extra == "all"->fastapi[all]->-r requirements-dev.txt (line 14))
2025-08-20T22:09:11.3030465Z   Using cached markdown_it_py-4.0.0-py3-none-any.whl.metadata (7.3 kB)
2025-08-20T22:09:11.3246806Z Collecting mdurl~=0.1 (from markdown-it-py>=2.2.0->rich>=13.7.1->rich-toolkit>=0.14.8->fastapi-cli>=0.0.8->fastapi-cli[standard]>=0.0.8; extra == "all"->fastapi[all]->-r requirements-dev.txt (line 14))
2025-08-20T22:09:11.3258429Z   Using cached mdurl-0.1.2-py3-none-any.whl.metadata (1.6 kB)
2025-08-20T22:09:11.3727401Z Collecting shellingham>=1.3.0 (from typer>=0.15.1->fastapi-cli>=0.0.8->fastapi-cli[standard]>=0.0.8; extra == "all"->fastapi[all]->-r requirements-dev.txt (line 14))
2025-08-20T22:09:11.3738407Z   Using cached shellingham-1.5.4-py2.py3-none-any.whl.metadata (3.5 kB)
2025-08-20T22:09:11.4436418Z Collecting httptools>=0.6.3 (from uvicorn[standard]>=0.12.0; extra == "all"->fastapi[all]->-r requirements-dev.txt (line 14))
2025-08-20T22:09:11.4449725Z   Using cached httptools-0.6.4-cp312-cp312-manylinux_2_5_x86_64.manylinux1_x86_64.manylinux_2_17_x86_64.manylinux2014_x86_64.whl.metadata (3.6 kB)
2025-08-20T22:09:11.4886189Z Collecting uvloop>=0.15.1 (from uvicorn[standard]>=0.12.0; extra == "all"->fastapi[all]->-r requirements-dev.txt (line 14))
2025-08-20T22:09:11.4899392Z   Using cached uvloop-0.21.0-cp312-cp312-manylinux_2_17_x86_64.manylinux2014_x86_64.whl.metadata (4.9 kB)
2025-08-20T22:09:11.5616288Z Collecting watchfiles>=0.13 (from uvicorn[standard]>=0.12.0; extra == "all"->fastapi[all]->-r requirements-dev.txt (line 14))
2025-08-20T22:09:11.5629238Z   Using cached watchfiles-1.1.0-cp312-cp312-manylinux_2_17_x86_64.manylinux2014_x86_64.whl.metadata (4.9 kB)
2025-08-20T22:09:11.7746676Z Collecting websockets>=10.4 (from uvicorn[standard]>=0.12.0; extra == "all"->fastapi[all]->-r requirements-dev.txt (line 14))
2025-08-20T22:09:11.7759955Z   Using cached websockets-15.0.1-cp312-cp312-manylinux_2_5_x86_64.manylinux1_x86_64.manylinux_2_17_x86_64.manylinux2014_x86_64.whl.metadata (6.8 kB)
2025-08-20T22:09:11.8219791Z Collecting argon2-cffi-bindings (from argon2-cffi->minio==7.*->-r requirements-dev.txt (line 10))
2025-08-20T22:09:11.8231400Z   Using cached argon2_cffi_bindings-25.1.0-cp39-abi3-manylinux_2_26_x86_64.manylinux_2_28_x86_64.whl.metadata (7.4 kB)
2025-08-20T22:09:11.9248706Z Collecting cffi>=1.0.1 (from argon2-cffi-bindings->argon2-cffi->minio==7.*->-r requirements-dev.txt (line 10))
2025-08-20T22:09:11.9262705Z   Using cached cffi-1.17.1-cp312-cp312-manylinux_2_17_x86_64.manylinux2014_x86_64.whl.metadata (1.5 kB)
2025-08-20T22:09:11.9399842Z Collecting pycparser (from cffi>=1.0.1->argon2-cffi-bindings->argon2-cffi->minio==7.*->-r requirements-dev.txt (line 10))
2025-08-20T22:09:11.9414715Z   Using cached pycparser-2.22-py3-none-any.whl.metadata (943 bytes)
2025-08-20T22:09:12.0092158Z Using cached jinja2-3.1.6-py3-none-any.whl (134 kB)
2025-08-20T22:09:12.0104658Z Using cached alembic-1.16.4-py3-none-any.whl (247 kB)
2025-08-20T22:09:12.0117016Z Using cached APScheduler-3.10.4-py3-none-any.whl (59 kB)
2025-08-20T22:09:12.0128584Z Using cached asgi_correlation_id-4.3.1-py3-none-any.whl (15 kB)
2025-08-20T22:09:12.0140123Z Using cached asyncpg-0.30.0-cp312-cp312-manylinux_2_17_x86_64.manylinux2014_x86_64.whl (3.6 MB)
2025-08-20T22:09:12.0178474Z Using cached black-25.1.0-cp312-cp312-manylinux_2_17_x86_64.manylinux2014_x86_64.manylinux_2_28_x86_64.whl (1.8 MB)
2025-08-20T22:09:12.0202803Z Using cached vulture-2.10-py2.py3-none-any.whl (27 kB)
2025-08-20T22:09:12.0213805Z Using cached celery-5.5.3-py3-none-any.whl (438 kB)
2025-08-20T22:09:12.0227945Z Using cached fastapi-0.116.1-py3-none-any.whl (95 kB)
2025-08-20T22:09:12.0239458Z Using cached pydantic-2.11.7-py3-none-any.whl (444 kB)
2025-08-20T22:09:12.0253373Z Using cached fastapi_limiter-0.1.6-py3-none-any.whl (15 kB)
2025-08-20T22:09:12.0264524Z Using cached IMAPClient-3.0.1-py2.py3-none-any.whl (182 kB)
2025-08-20T22:09:12.0277444Z Using cached mypy_extensions-1.1.0-py3-none-any.whl (5.0 kB)
2025-08-20T22:09:12.0288117Z Using cached openpyxl-3.1.5-py2.py3-none-any.whl (250 kB)
2025-08-20T22:09:12.0300919Z Using cached psycopg2_binary-2.9.10-cp312-cp312-manylinux_2_17_x86_64.manylinux2014_x86_64.whl (3.0 MB)
2025-08-20T22:09:12.0335014Z Using cached psycopg-3.2.9-py3-none-any.whl (202 kB)
2025-08-20T22:09:12.0347216Z Using cached pytest_asyncio-1.1.0-py3-none-any.whl (15 kB)
2025-08-20T22:09:12.0358771Z Using cached pytest_cov-6.2.1-py3-none-any.whl (24 kB)
2025-08-20T22:09:12.0369630Z Using cached pytest_postgresql-7.0.2-py3-none-any.whl (41 kB)
2025-08-20T22:09:12.0381219Z Using cached python_telegram_bot-22.3-py3-none-any.whl (717 kB)
2025-08-20T22:09:12.0397466Z Using cached requests-2.32.4-py3-none-any.whl (64 kB)
2025-08-20T22:09:12.0408552Z Using cached respx-0.22.0-py2.py3-none-any.whl (25 kB)
2025-08-20T22:09:12.0419926Z Using cached ruff-0.9.9-py3-none-manylinux_2_17_x86_64.manylinux2014_x86_64.whl (11.2 MB)
2025-08-20T22:09:12.0515592Z Using cached sqlalchemy-2.0.43-cp312-cp312-manylinux_2_17_x86_64.manylinux2014_x86_64.whl (3.3 MB)
2025-08-20T22:09:12.0549517Z Using cached structlog-24.1.0-py3-none-any.whl (65 kB)
2025-08-20T22:09:12.0560609Z Using cached testcontainers-4.12.0-py3-none-any.whl (111 kB)
2025-08-20T22:09:12.0573382Z Using cached types_requests-2.32.4.20250809-py3-none-any.whl (20 kB)
2025-08-20T22:09:12.0584414Z Using cached docspec_python-2.2.2-py3-none-any.whl (15 kB)
2025-08-20T22:09:12.0595489Z Using cached pydoc_markdown-4.8.2-py3-none-any.whl (67 kB)
2025-08-20T22:09:12.0606460Z Using cached docspec-2.2.1-py3-none-any.whl (9.8 kB)
2025-08-20T22:09:12.0617735Z Using cached psycopg_binary-3.2.9-cp312-cp312-manylinux_2_17_x86_64.manylinux2014_x86_64.whl (4.4 MB)
2025-08-20T22:09:12.0662261Z Using cached pydantic_core-2.33.2-cp312-cp312-manylinux_2_17_x86_64.manylinux2014_x86_64.whl (2.0 MB)
2025-08-20T22:09:12.0687327Z Using cached redis-6.4.0-py3-none-any.whl (279 kB)
2025-08-20T22:09:12.0700120Z Using cached minio-7.2.16-py3-none-any.whl (95 kB)
2025-08-20T22:09:12.0711725Z Using cached httpx-0.28.1-py3-none-any.whl (73 kB)
2025-08-20T22:09:12.0723701Z Using cached mypy-1.17.1-cp312-cp312-manylinux2014_x86_64.manylinux_2_17_x86_64.manylinux_2_28_x86_64.whl (12.7 MB)
2025-08-20T22:09:12.0828968Z Using cached numpy-1.26.4-cp312-cp312-manylinux_2_17_x86_64.manylinux2014_x86_64.whl (18.0 MB)
2025-08-20T22:09:12.0970341Z Using cached pandas-2.2.3-cp312-cp312-manylinux_2_17_x86_64.manylinux2014_x86_64.whl (12.7 MB)
2025-08-20T22:09:12.1074655Z Using cached pandera-0.19.3-py3-none-any.whl (251 kB)
2025-08-20T22:09:12.1086841Z Using cached billiard-4.2.1-py3-none-any.whl (86 kB)
2025-08-20T22:09:12.1099178Z Using cached charset_normalizer-3.4.3-cp312-cp312-manylinux2014_x86_64.manylinux_2_17_x86_64.manylinux_2_28_x86_64.whl (151 kB)
2025-08-20T22:09:12.1110347Z Using cached click-8.2.1-py3-none-any.whl (102 kB)
2025-08-20T22:09:12.1121851Z Using cached databind.core-4.5.2-py3-none-any.whl (1.5 kB)
2025-08-20T22:09:12.1132766Z Using cached databind-4.5.2-py3-none-any.whl (49 kB)
2025-08-20T22:09:12.1143728Z Using cached databind.json-4.5.2-py3-none-any.whl (1.5 kB)
2025-08-20T22:09:12.1154587Z Using cached Deprecated-1.2.18-py2.py3-none-any.whl (10.0 kB)
2025-08-20T22:09:12.1165516Z Using cached httpcore-1.0.9-py3-none-any.whl (78 kB)
2025-08-20T22:09:12.1176669Z Using cached idna-3.10-py3-none-any.whl (70 kB)
2025-08-20T22:09:12.1187694Z Using cached kombu-5.5.4-py3-none-any.whl (210 kB)
2025-08-20T22:09:12.1199654Z Using cached vine-5.1.0-py3-none-any.whl (9.6 kB)
2025-08-20T22:09:12.1210471Z Using cached amqp-5.3.1-py3-none-any.whl (50 kB)
2025-08-20T22:09:12.1221509Z Using cached multimethod-1.10-py3-none-any.whl (9.9 kB)
2025-08-20T22:09:12.1232003Z Using cached nr_date-2.1.0-py3-none-any.whl (10 kB)
2025-08-20T22:09:12.1242832Z Using cached nr_stream-1.1.5-py3-none-any.whl (10 kB)
2025-08-20T22:09:12.1253748Z Using cached nr.util-0.8.12-py3-none-any.whl (90 kB)
2025-08-20T22:09:12.1265339Z Using cached pytest-8.4.1-py3-none-any.whl (365 kB)
2025-08-20T22:09:12.1278564Z Using cached pluggy-1.6.0-py3-none-any.whl (20 kB)
2025-08-20T22:09:12.1289715Z Using cached PyYAML-6.0.2-cp312-cp312-manylinux_2_17_x86_64.manylinux2014_x86_64.whl (767 kB)
2025-08-20T22:09:12.1305815Z Using cached starlette-0.47.2-py3-none-any.whl (72 kB)
2025-08-20T22:09:12.1317125Z Using cached anyio-4.10.0-py3-none-any.whl (107 kB)
2025-08-20T22:09:12.1328893Z Using cached tomli-2.2.1-cp312-cp312-manylinux_2_17_x86_64.manylinux2014_x86_64.whl (242 kB)
2025-08-20T22:09:12.1340992Z Using cached tomli_w-1.2.0-py3-none-any.whl (6.7 kB)
2025-08-20T22:09:12.1351602Z Using cached typeapi-2.2.4-py3-none-any.whl (26 kB)
2025-08-20T22:09:12.1362695Z Using cached typing_extensions-4.14.1-py3-none-any.whl (43 kB)
2025-08-20T22:09:12.1373621Z Using cached urllib3-2.5.0-py3-none-any.whl (129 kB)
2025-08-20T22:09:12.1385992Z Using cached wrapt-1.17.3-cp312-cp312-manylinux1_x86_64.manylinux_2_28_x86_64.manylinux_2_5_x86_64.whl (88 kB)
2025-08-20T22:09:12.1396890Z Using cached boto3-1.40.14-py3-none-any.whl (140 kB)
2025-08-20T22:09:12.1408819Z Using cached botocore-1.40.14-py3-none-any.whl (14.0 MB)
2025-08-20T22:09:12.1523355Z Using cached jmespath-1.0.1-py3-none-any.whl (20 kB)
2025-08-20T22:09:12.1534602Z Using cached python_dateutil-2.9.0.post0-py2.py3-none-any.whl (229 kB)
2025-08-20T22:09:12.1546822Z Using cached s3transfer-0.13.1-py3-none-any.whl (85 kB)
2025-08-20T22:09:12.1558169Z Using cached itsdangerous-2.2.0-py3-none-any.whl (16 kB)
2025-08-20T22:09:12.1569156Z Using cached setuptools-80.9.0-py3-none-any.whl (1.2 MB)
2025-08-20T22:09:12.1588313Z Using cached python_dotenv-1.1.1-py3-none-any.whl (20 kB)
2025-08-20T22:09:12.1599298Z Using cached python_multipart-0.0.20-py3-none-any.whl (24 kB)
2025-08-20T22:09:12.1610124Z Using cached annotated_types-0.7.0-py3-none-any.whl (13 kB)
2025-08-20T22:09:12.1621088Z Using cached certifi-2025.8.3-py3-none-any.whl (161 kB)
2025-08-20T22:09:12.1632872Z Using cached click_didyoumean-0.3.1-py3-none-any.whl (3.6 kB)
2025-08-20T22:09:12.1644416Z Using cached click_plugins-1.1.1.2-py2.py3-none-any.whl (11 kB)
2025-08-20T22:09:12.1655301Z Using cached click_repl-0.3.0-py3-none-any.whl (10 kB)
2025-08-20T22:09:12.1668216Z Using cached coverage-7.10.4-cp312-cp312-manylinux1_x86_64.manylinux_2_28_x86_64.manylinux_2_5_x86_64.whl (251 kB)
2025-08-20T22:09:12.1680302Z Using cached email_validator-2.2.0-py3-none-any.whl (33 kB)
2025-08-20T22:09:12.1691240Z Using cached dnspython-2.7.0-py3-none-any.whl (313 kB)
2025-08-20T22:09:12.1704057Z Using cached fastapi_cli-0.0.8-py3-none-any.whl (10 kB)
2025-08-20T22:09:12.1714947Z Using cached fastapi_cloud_cli-0.1.5-py3-none-any.whl (18 kB)
2025-08-20T22:09:12.1726338Z Using cached greenlet-3.2.4-cp312-cp312-manylinux_2_24_x86_64.manylinux_2_28_x86_64.whl (607 kB)
2025-08-20T22:09:12.1741082Z Using cached h11-0.16.0-py3-none-any.whl (37 kB)
2025-08-20T22:09:12.1752515Z Using cached iniconfig-2.1.0-py3-none-any.whl (6.0 kB)
2025-08-20T22:09:12.1763991Z Using cached MarkupSafe-3.0.2-cp312-cp312-manylinux_2_17_x86_64.manylinux2014_x86_64.whl (23 kB)
2025-08-20T22:09:12.1774474Z Using cached mirakuru-2.6.1-py3-none-any.whl (26 kB)
2025-08-20T22:09:12.1785764Z Using cached orjson-3.11.2-cp312-cp312-manylinux_2_17_x86_64.manylinux2014_x86_64.whl (121 kB)
2025-08-20T22:09:12.1797155Z Using cached packaging-25.0-py3-none-any.whl (66 kB)
2025-08-20T22:09:12.1808672Z Using cached pathspec-0.12.1-py3-none-any.whl (31 kB)
2025-08-20T22:09:12.1819629Z Using cached platformdirs-4.3.8-py3-none-any.whl (18 kB)
2025-08-20T22:09:12.1830422Z Using cached port_for-0.7.4-py3-none-any.whl (21 kB)
2025-08-20T22:09:12.1841362Z Using cached prompt_toolkit-3.0.51-py3-none-any.whl (387 kB)
2025-08-20T22:09:12.1855634Z Using cached psutil-7.0.0-cp36-abi3-manylinux_2_12_x86_64.manylinux2010_x86_64.manylinux_2_17_x86_64.manylinux2014_x86_64.whl (277 kB)
2025-08-20T22:09:12.1867912Z Using cached pydantic_extra_types-2.10.5-py3-none-any.whl (38 kB)
2025-08-20T22:09:12.1879208Z Using cached pydantic_settings-2.10.1-py3-none-any.whl (45 kB)
2025-08-20T22:09:12.1890160Z Using cached pygments-2.19.2-py3-none-any.whl (1.2 MB)
2025-08-20T22:09:12.1909919Z Using cached pytz-2025.2-py2.py3-none-any.whl (509 kB)
2025-08-20T22:09:12.1924178Z Using cached rich_toolkit-0.15.0-py3-none-any.whl (29 kB)
2025-08-20T22:09:12.1935216Z Using cached rich-14.1.0-py3-none-any.whl (243 kB)
2025-08-20T22:09:12.1947680Z Using cached markdown_it_py-4.0.0-py3-none-any.whl (87 kB)
2025-08-20T22:09:12.1958828Z Using cached mdurl-0.1.2-py3-none-any.whl (10.0 kB)
2025-08-20T22:09:12.1970004Z Using cached rignore-0.6.4-cp312-cp312-manylinux_2_17_x86_64.manylinux2014_x86_64.whl (949 kB)
2025-08-20T22:09:12.1988136Z Using cached sentry_sdk-2.35.0-py2.py3-none-any.whl (363 kB)
2025-08-20T22:09:12.2001485Z Using cached six-1.17.0-py2.py3-none-any.whl (11 kB)
2025-08-20T22:09:12.2012322Z Using cached sniffio-1.3.1-py3-none-any.whl (10 kB)
2025-08-20T22:09:12.2022970Z Using cached typer-0.16.1-py3-none-any.whl (46 kB)
2025-08-20T22:09:12.2034049Z Using cached shellingham-1.5.4-py2.py3-none-any.whl (9.8 kB)
2025-08-20T22:09:12.2044967Z Using cached typing_inspect-0.9.0-py3-none-any.whl (8.8 kB)
2025-08-20T22:09:12.2055918Z Using cached typing_inspection-0.4.1-py3-none-any.whl (14 kB)
2025-08-20T22:09:12.2066722Z Using cached tzdata-2025.2-py2.py3-none-any.whl (347 kB)
2025-08-20T22:09:12.2079960Z Using cached tzlocal-5.3.1-py3-none-any.whl (18 kB)
2025-08-20T22:09:12.2091168Z Using cached ujson-5.11.0-cp312-cp312-manylinux_2_24_x86_64.manylinux_2_28_x86_64.whl (57 kB)
2025-08-20T22:09:12.2101882Z Using cached uvicorn-0.35.0-py3-none-any.whl (66 kB)
2025-08-20T22:09:12.2113799Z Using cached httptools-0.6.4-cp312-cp312-manylinux_2_5_x86_64.manylinux1_x86_64.manylinux_2_17_x86_64.manylinux2014_x86_64.whl (510 kB)
2025-08-20T22:09:12.2128201Z Using cached uvloop-0.21.0-cp312-cp312-manylinux_2_17_x86_64.manylinux2014_x86_64.whl (4.7 MB)
2025-08-20T22:09:12.2173262Z Using cached watchfiles-1.1.0-cp312-cp312-manylinux_2_17_x86_64.manylinux2014_x86_64.whl (452 kB)
2025-08-20T22:09:12.2187975Z Using cached websockets-15.0.1-cp312-cp312-manylinux_2_5_x86_64.manylinux1_x86_64.manylinux_2_17_x86_64.manylinux2014_x86_64.whl (182 kB)
2025-08-20T22:09:12.2199320Z Using cached yapf-0.43.0-py3-none-any.whl (256 kB)
2025-08-20T22:09:12.2212331Z Using cached argon2_cffi-25.1.0-py3-none-any.whl (14 kB)
2025-08-20T22:09:12.2223833Z Using cached argon2_cffi_bindings-25.1.0-cp39-abi3-manylinux_2_26_x86_64.manylinux_2_28_x86_64.whl (87 kB)
2025-08-20T22:09:12.2235446Z Using cached cffi-1.17.1-cp312-cp312-manylinux_2_17_x86_64.manylinux2014_x86_64.whl (479 kB)
2025-08-20T22:09:12.2250234Z Using cached docker-7.1.0-py3-none-any.whl (147 kB)
2025-08-20T22:09:12.2261975Z Using cached et_xmlfile-2.0.0-py3-none-any.whl (18 kB)
2025-08-20T22:09:12.2272699Z Using cached mako-1.3.10-py3-none-any.whl (78 kB)
2025-08-20T22:09:12.2283985Z Using cached pycparser-2.22-py3-none-any.whl (117 kB)
2025-08-20T22:09:12.2296478Z Using cached pycryptodome-3.23.0-cp37-abi3-manylinux_2_17_x86_64.manylinux2014_x86_64.whl (2.3 MB)
2025-08-20T22:09:12.2323276Z Using cached toml-0.10.2-py2.py3-none-any.whl (16 kB)
2025-08-20T22:09:12.2334010Z Using cached typeguard-4.4.4-py3-none-any.whl (34 kB)
2025-08-20T22:09:12.2345305Z Using cached watchdog-6.0.0-py3-none-manylinux2014_x86_64.whl (79 kB)
2025-08-20T22:09:12.2356386Z Using cached wcwidth-0.2.13-py2.py3-none-any.whl (34 kB)
2025-08-20T22:09:12.7202867Z Installing collected packages: wcwidth, pytz, wrapt, websockets, watchdog, vine, uvloop, urllib3, ujson, tzlocal, tzdata, typing-extensions, tomli_w, tomli, toml, structlog, sniffio, six, shellingham, setuptools, ruff, rignore, redis, PyYAML, python-multipart, python-dotenv, pygments, pycryptodome, pycparser, psycopg2-binary, psycopg-binary, psutil, prompt-toolkit, port-for, pluggy, platformdirs, pathspec, packaging, orjson, numpy, nr-stream, nr-date, mypy-extensions, multimethod, mdurl, MarkupSafe, jmespath, itsdangerous, iniconfig, imapclient, idna, httptools, h11, greenlet, et-xmlfile, docstring-parser, dnspython, coverage, click, charset_normalizer, certifi, billiard, asyncpg, annotated-types, yapf, vulture, uvicorn, typing-inspection, typing-inspect, types-requests, typeguard, typeapi, sqlalchemy, sentry-sdk, requests, python-dateutil, pytest, pydantic-core, psycopg, openpyxl, mypy, mirakuru, markdown-it-py, Mako, Jinja2, httpcore, email-validator, Deprecated, click-repl, click-plugins, click-didyoumean, cffi, black, apscheduler, anyio, amqp, watchfiles, starlette, rich, pytest-postgresql, pytest-cov, pytest-asyncio, pydantic, pandas, nr-util, kombu, httpx, docker, databind, botocore, argon2-cffi-bindings, alembic, typer, testcontainers, s3transfer, rich-toolkit, respx, python-telegram-bot, pydantic-settings, pydantic-extra-types, pandera, fastapi, databind.json, databind.core, celery, asgi-correlation-id, argon2-cffi, minio, fastapi-limiter, fastapi-cloud-cli, fastapi-cli, docspec, boto3, docspec-python, pydoc-markdown
2025-08-20T22:09:32.6895038Z 
2025-08-20T22:09:32.7021983Z Successfully installed Deprecated-1.2.18 Jinja2-3.1.6 Mako-1.3.10 MarkupSafe-3.0.2 PyYAML-6.0.2 alembic-1.16.4 amqp-5.3.1 annotated-types-0.7.0 anyio-4.10.0 apscheduler-3.10.4 argon2-cffi-25.1.0 argon2-cffi-bindings-25.1.0 asgi-correlation-id-4.3.1 asyncpg-0.30.0 billiard-4.2.1 black-25.1.0 boto3-1.40.14 botocore-1.40.14 celery-5.5.3 certifi-2025.8.3 cffi-1.17.1 charset_normalizer-3.4.3 click-8.2.1 click-didyoumean-0.3.1 click-plugins-1.1.1.2 click-repl-0.3.0 coverage-7.10.4 databind-4.5.2 databind.core-4.5.2 databind.json-4.5.2 dnspython-2.7.0 docker-7.1.0 docspec-2.2.1 docspec-python-2.2.2 docstring-parser-0.11 email-validator-2.2.0 et-xmlfile-2.0.0 fastapi-0.116.1 fastapi-cli-0.0.8 fastapi-cloud-cli-0.1.5 fastapi-limiter-0.1.6 greenlet-3.2.4 h11-0.16.0 httpcore-1.0.9 httptools-0.6.4 httpx-0.28.1 idna-3.10 imapclient-3.0.1 iniconfig-2.1.0 itsdangerous-2.2.0 jmespath-1.0.1 kombu-5.5.4 markdown-it-py-4.0.0 mdurl-0.1.2 minio-7.2.16 mirakuru-2.6.1 multimethod-1.10 mypy-1.17.1 mypy-extensions-1.1.0 nr-date-2.1.0 nr-stream-1.1.5 nr-util-0.8.12 numpy-1.26.4 openpyxl-3.1.5 orjson-3.11.2 packaging-25.0 pandas-2.2.3 pandera-0.19.3 pathspec-0.12.1 platformdirs-4.3.8 pluggy-1.6.0 port-for-0.7.4 prompt-toolkit-3.0.51 psutil-7.0.0 psycopg-3.2.9 psycopg-binary-3.2.9 psycopg2-binary-2.9.10 pycparser-2.22 pycryptodome-3.23.0 pydantic-2.11.7 pydantic-core-2.33.2 pydantic-extra-types-2.10.5 pydantic-settings-2.10.1 pydoc-markdown-4.8.2 pygments-2.19.2 pytest-8.4.1 pytest-asyncio-1.1.0 pytest-cov-6.2.1 pytest-postgresql-7.0.2 python-dateutil-2.9.0.post0 python-dotenv-1.1.1 python-multipart-0.0.20 python-telegram-bot-22.3 pytz-2025.2 redis-6.4.0 requests-2.32.4 respx-0.22.0 rich-14.1.0 rich-toolkit-0.15.0 rignore-0.6.4 ruff-0.9.9 s3transfer-0.13.1 sentry-sdk-2.35.0 setuptools-80.9.0 shellingham-1.5.4 six-1.17.0 sniffio-1.3.1 sqlalchemy-2.0.43 starlette-0.47.2 structlog-24.1.0 testcontainers-4.12.0 toml-0.10.2 tomli-2.2.1 tomli_w-1.2.0 typeapi-2.2.4 typeguard-4.4.4 typer-0.16.1 types-requests-2.32.4.20250809 typing-extensions-4.14.1 typing-inspect-0.9.0 typing-inspection-0.4.1 tzdata-2025.2 tzlocal-5.3.1 ujson-5.11.0 urllib3-2.5.0 uvicorn-0.35.0 uvloop-0.21.0 vine-5.1.0 vulture-2.10 watchdog-6.0.0 watchfiles-1.1.0 wcwidth-0.2.13 websockets-15.0.1 wrapt-1.17.3 yapf-0.43.0
2025-08-20T22:09:34.5683098Z Collecting keepa==1.3.15
2025-08-20T22:09:34.5695766Z   Using cached keepa-1.3.15-py3-none-any.whl.metadata (11 kB)
2025-08-20T22:09:34.5989547Z Collecting minio==7.1.15
2025-08-20T22:09:34.6000962Z   Using cached minio-7.1.15-py3-none-any.whl.metadata (4.2 kB)
2025-08-20T22:09:34.6027329Z Requirement already satisfied: numpy>=1.9.3 in /opt/hostedtoolcache/Python/3.12.11/x64/lib/python3.12/site-packages (from keepa==1.3.15) (1.26.4)
2025-08-20T22:09:34.6032527Z Requirement already satisfied: requests>=2.2 in /opt/hostedtoolcache/Python/3.12.11/x64/lib/python3.12/site-packages (from keepa==1.3.15) (2.32.4)
2025-08-20T22:09:34.6352007Z Collecting tqdm (from keepa==1.3.15)
2025-08-20T22:09:34.6364527Z   Using cached tqdm-4.67.1-py3-none-any.whl.metadata (57 kB)
2025-08-20T22:09:35.1315767Z Collecting aiohttp (from keepa==1.3.15)
2025-08-20T22:09:35.1330778Z   Using cached aiohttp-3.12.15-cp312-cp312-manylinux_2_17_x86_64.manylinux2014_x86_64.whl.metadata (7.7 kB)
2025-08-20T22:09:35.1365830Z Requirement already satisfied: pandas<=3.0 in /opt/hostedtoolcache/Python/3.12.11/x64/lib/python3.12/site-packages (from keepa==1.3.15) (2.2.3)
2025-08-20T22:09:35.1369311Z Requirement already satisfied: pydantic in /opt/hostedtoolcache/Python/3.12.11/x64/lib/python3.12/site-packages (from keepa==1.3.15) (2.11.7)
2025-08-20T22:09:35.1376859Z Requirement already satisfied: certifi in /opt/hostedtoolcache/Python/3.12.11/x64/lib/python3.12/site-packages (from minio==7.1.15) (2025.8.3)
2025-08-20T22:09:35.1380189Z Requirement already satisfied: urllib3 in /opt/hostedtoolcache/Python/3.12.11/x64/lib/python3.12/site-packages (from minio==7.1.15) (2.5.0)
2025-08-20T22:09:35.1437038Z Requirement already satisfied: python-dateutil>=2.8.2 in /opt/hostedtoolcache/Python/3.12.11/x64/lib/python3.12/site-packages (from pandas<=3.0->keepa==1.3.15) (2.9.0.post0)
2025-08-20T22:09:35.1441653Z Requirement already satisfied: pytz>=2020.1 in /opt/hostedtoolcache/Python/3.12.11/x64/lib/python3.12/site-packages (from pandas<=3.0->keepa==1.3.15) (2025.2)
2025-08-20T22:09:35.1446631Z Requirement already satisfied: tzdata>=2022.7 in /opt/hostedtoolcache/Python/3.12.11/x64/lib/python3.12/site-packages (from pandas<=3.0->keepa==1.3.15) (2025.2)
2025-08-20T22:09:35.1574031Z Requirement already satisfied: six>=1.5 in /opt/hostedtoolcache/Python/3.12.11/x64/lib/python3.12/site-packages (from python-dateutil>=2.8.2->pandas<=3.0->keepa==1.3.15) (1.17.0)
2025-08-20T22:09:35.1593076Z Requirement already satisfied: charset_normalizer<4,>=2 in /opt/hostedtoolcache/Python/3.12.11/x64/lib/python3.12/site-packages (from requests>=2.2->keepa==1.3.15) (3.4.3)
2025-08-20T22:09:35.1599235Z Requirement already satisfied: idna<4,>=2.5 in /opt/hostedtoolcache/Python/3.12.11/x64/lib/python3.12/site-packages (from requests>=2.2->keepa==1.3.15) (3.10)
2025-08-20T22:09:35.1794134Z Collecting aiohappyeyeballs>=2.5.0 (from aiohttp->keepa==1.3.15)
2025-08-20T22:09:35.1805998Z   Using cached aiohappyeyeballs-2.6.1-py3-none-any.whl.metadata (5.9 kB)
2025-08-20T22:09:35.1893644Z Collecting aiosignal>=1.4.0 (from aiohttp->keepa==1.3.15)
2025-08-20T22:09:35.1904744Z   Using cached aiosignal-1.4.0-py3-none-any.whl.metadata (3.7 kB)
2025-08-20T22:09:35.2044636Z Collecting attrs>=17.3.0 (from aiohttp->keepa==1.3.15)
2025-08-20T22:09:35.2055846Z   Using cached attrs-25.3.0-py3-none-any.whl.metadata (10 kB)
2025-08-20T22:09:35.2714939Z Collecting frozenlist>=1.1.1 (from aiohttp->keepa==1.3.15)
2025-08-20T22:09:35.2729626Z   Using cached frozenlist-1.7.0-cp312-cp312-manylinux_2_5_x86_64.manylinux1_x86_64.manylinux_2_17_x86_64.manylinux2014_x86_64.whl.metadata (18 kB)
2025-08-20T22:09:35.5160191Z Collecting multidict<7.0,>=4.5 (from aiohttp->keepa==1.3.15)
2025-08-20T22:09:35.5174151Z   Using cached multidict-6.6.4-cp312-cp312-manylinux2014_x86_64.manylinux_2_17_x86_64.manylinux_2_28_x86_64.whl.metadata (5.3 kB)
2025-08-20T22:09:35.5644773Z Collecting propcache>=0.2.0 (from aiohttp->keepa==1.3.15)
2025-08-20T22:09:35.5657632Z   Using cached propcache-0.3.2-cp312-cp312-manylinux_2_17_x86_64.manylinux2014_x86_64.whl.metadata (12 kB)
2025-08-20T22:09:35.8000513Z Collecting yarl<2.0,>=1.17.0 (from aiohttp->keepa==1.3.15)
2025-08-20T22:09:35.8013888Z   Using cached yarl-1.20.1-cp312-cp312-manylinux_2_17_x86_64.manylinux2014_x86_64.whl.metadata (73 kB)
2025-08-20T22:09:35.8230616Z Requirement already satisfied: typing-extensions>=4.2 in /opt/hostedtoolcache/Python/3.12.11/x64/lib/python3.12/site-packages (from aiosignal>=1.4.0->aiohttp->keepa==1.3.15) (4.14.1)
2025-08-20T22:09:35.8279111Z Requirement already satisfied: annotated-types>=0.6.0 in /opt/hostedtoolcache/Python/3.12.11/x64/lib/python3.12/site-packages (from pydantic->keepa==1.3.15) (0.7.0)
2025-08-20T22:09:35.8285008Z Requirement already satisfied: pydantic-core==2.33.2 in /opt/hostedtoolcache/Python/3.12.11/x64/lib/python3.12/site-packages (from pydantic->keepa==1.3.15) (2.33.2)
2025-08-20T22:09:35.8292085Z Requirement already satisfied: typing-inspection>=0.4.0 in /opt/hostedtoolcache/Python/3.12.11/x64/lib/python3.12/site-packages (from pydantic->keepa==1.3.15) (0.4.1)
2025-08-20T22:09:35.8352546Z Using cached keepa-1.3.15-py3-none-any.whl (38 kB)
2025-08-20T22:09:35.8363757Z Using cached minio-7.1.15-py3-none-any.whl (77 kB)
2025-08-20T22:09:35.8376092Z Using cached aiohttp-3.12.15-cp312-cp312-manylinux_2_17_x86_64.manylinux2014_x86_64.whl (1.7 MB)
2025-08-20T22:09:35.8400843Z Using cached multidict-6.6.4-cp312-cp312-manylinux2014_x86_64.manylinux_2_17_x86_64.manylinux_2_28_x86_64.whl (256 kB)
2025-08-20T22:09:35.8412990Z Using cached yarl-1.20.1-cp312-cp312-manylinux_2_17_x86_64.manylinux2014_x86_64.whl (355 kB)
2025-08-20T22:09:35.8426086Z Using cached aiohappyeyeballs-2.6.1-py3-none-any.whl (15 kB)
2025-08-20T22:09:35.8436481Z Using cached aiosignal-1.4.0-py3-none-any.whl (7.5 kB)
2025-08-20T22:09:35.8446903Z Using cached attrs-25.3.0-py3-none-any.whl (63 kB)
2025-08-20T22:09:35.8458494Z Using cached frozenlist-1.7.0-cp312-cp312-manylinux_2_5_x86_64.manylinux1_x86_64.manylinux_2_17_x86_64.manylinux2014_x86_64.whl (241 kB)
2025-08-20T22:09:35.8470389Z Using cached propcache-0.3.2-cp312-cp312-manylinux_2_17_x86_64.manylinux2014_x86_64.whl (224 kB)
2025-08-20T22:09:35.8481912Z Using cached tqdm-4.67.1-py3-none-any.whl (78 kB)
2025-08-20T22:09:36.0286422Z Installing collected packages: tqdm, propcache, multidict, minio, frozenlist, attrs, aiohappyeyeballs, yarl, aiosignal, aiohttp, keepa
2025-08-20T22:09:36.1042408Z   Attempting uninstall: minio
2025-08-20T22:09:36.1091415Z     Found existing installation: minio 7.2.16
2025-08-20T22:09:36.1128443Z     Uninstalling minio-7.2.16:
2025-08-20T22:09:36.1138555Z       Successfully uninstalled minio-7.2.16
2025-08-20T22:09:36.4823064Z 
2025-08-20T22:09:36.4938632Z Successfully installed aiohappyeyeballs-2.6.1 aiohttp-3.12.15 aiosignal-1.4.0 attrs-25.3.0 frozenlist-1.7.0 keepa-1.3.15 minio-7.1.15 multidict-6.6.4 propcache-0.3.2 tqdm-4.67.1 yarl-1.20.1
2025-08-20T22:09:36.6835701Z ##[group]Run for i in {1..30}; do pg_isready -h "$PG_HOST" -p "$PG_PORT" -U "$PG_USER" -d "$PG_DATABASE" && break; sleep 1; done
2025-08-20T22:09:36.6836350Z [36;1mfor i in {1..30}; do pg_isready -h "$PG_HOST" -p "$PG_PORT" -U "$PG_USER" -d "$PG_DATABASE" && break; sleep 1; done[0m
2025-08-20T22:09:36.6877647Z shell: /usr/bin/bash -e {0}
2025-08-20T22:09:36.6877876Z env:
2025-08-20T22:09:36.6878076Z   REDIS_URL: redis://localhost:6379/0
2025-08-20T22:09:36.6878336Z   RATE_LIMIT_DEFAULT: 100/minute
2025-08-20T22:09:36.6878558Z   TRUST_X_FORWARDED: 1
2025-08-20T22:09:36.6878747Z   PG_USER: postgres
2025-08-20T22:09:36.6878946Z   PG_PASSWORD: pass
2025-08-20T22:09:36.6879133Z   PG_DATABASE: awa
2025-08-20T22:09:36.6879325Z   PG_HOST: localhost
2025-08-20T22:09:36.6879503Z   PG_PORT: 5432
2025-08-20T22:09:36.6879948Z   PG_SYNC_DSN: ***localhost:5432/awa
2025-08-20T22:09:36.6880337Z   PG_ASYNC_DSN: ***localhost:5432/awa
2025-08-20T22:09:36.6880746Z   DATABASE_URL: ***localhost:5432/awa
2025-08-20T22:09:36.6880979Z   DATA_DIR: /tmp/awa-data
2025-08-20T22:09:36.6881182Z   ENABLE_LIVE: 0
2025-08-20T22:09:36.6881358Z   TESTING: 1
2025-08-20T22:09:36.6881585Z   pythonLocation: /opt/hostedtoolcache/Python/3.12.11/x64
2025-08-20T22:09:36.6881976Z   PKG_CONFIG_PATH: /opt/hostedtoolcache/Python/3.12.11/x64/lib/pkgconfig
2025-08-20T22:09:36.6882371Z   Python_ROOT_DIR: /opt/hostedtoolcache/Python/3.12.11/x64
2025-08-20T22:09:36.6882719Z   Python2_ROOT_DIR: /opt/hostedtoolcache/Python/3.12.11/x64
2025-08-20T22:09:36.6883060Z   Python3_ROOT_DIR: /opt/hostedtoolcache/Python/3.12.11/x64
2025-08-20T22:09:36.6883407Z   LD_LIBRARY_PATH: /opt/hostedtoolcache/Python/3.12.11/x64/lib
2025-08-20T22:09:36.6883701Z ##[endgroup]
2025-08-20T22:09:36.8225811Z localhost:5432 - accepting connections
2025-08-20T22:09:36.8257441Z ##[group]Run alembic -c services/api/alembic.ini upgrade head
2025-08-20T22:09:36.8257883Z [36;1malembic -c services/api/alembic.ini upgrade head[0m
2025-08-20T22:09:36.8299585Z shell: /usr/bin/bash -e {0}
2025-08-20T22:09:36.8299804Z env:
2025-08-20T22:09:36.8300003Z   REDIS_URL: redis://localhost:6379/0
2025-08-20T22:09:36.8300261Z   RATE_LIMIT_DEFAULT: 100/minute
2025-08-20T22:09:36.8300476Z   TRUST_X_FORWARDED: 1
2025-08-20T22:09:36.8300670Z   PG_USER: postgres
2025-08-20T22:09:36.8301036Z   PG_PASSWORD: pass
2025-08-20T22:09:36.8301209Z   PG_DATABASE: awa
2025-08-20T22:09:36.8301385Z   PG_HOST: localhost
2025-08-20T22:09:36.8301568Z   PG_PORT: 5432
2025-08-20T22:09:36.8302001Z   PG_SYNC_DSN: ***localhost:5432/awa
2025-08-20T22:09:36.8302397Z   PG_ASYNC_DSN: ***localhost:5432/awa
2025-08-20T22:09:36.8302761Z   DATABASE_URL: ***localhost:5432/awa
2025-08-20T22:09:36.8302984Z   DATA_DIR: /tmp/awa-data
2025-08-20T22:09:36.8303181Z   ENABLE_LIVE: 0
2025-08-20T22:09:36.8303387Z   TESTING: 1
2025-08-20T22:09:36.8303621Z   pythonLocation: /opt/hostedtoolcache/Python/3.12.11/x64
2025-08-20T22:09:36.8304000Z   PKG_CONFIG_PATH: /opt/hostedtoolcache/Python/3.12.11/x64/lib/pkgconfig
2025-08-20T22:09:36.8304506Z   Python_ROOT_DIR: /opt/hostedtoolcache/Python/3.12.11/x64
2025-08-20T22:09:36.8304845Z   Python2_ROOT_DIR: /opt/hostedtoolcache/Python/3.12.11/x64
2025-08-20T22:09:36.8305178Z   Python3_ROOT_DIR: /opt/hostedtoolcache/Python/3.12.11/x64
2025-08-20T22:09:36.8305515Z   LD_LIBRARY_PATH: /opt/hostedtoolcache/Python/3.12.11/x64/lib
2025-08-20T22:09:36.8305810Z ##[endgroup]
2025-08-20T22:09:37.9636054Z INFO  [alembic.runtime.migration] Context impl PostgresqlImpl.
2025-08-20T22:09:37.9636711Z INFO  [alembic.runtime.migration] Will assume transactional DDL.
2025-08-20T22:09:37.9826751Z INFO  [alembic.runtime.migration] Running upgrade  -> 0001_baseline
2025-08-20T22:09:37.9990664Z INFO  [alembic.runtime.migration] Running upgrade 0001_baseline -> 0002_create_roi_view
2025-08-20T22:09:38.0017927Z INFO  [alembic.runtime.migration] Running upgrade 0002_create_roi_view -> 3e9d5c5aff2c
2025-08-20T22:09:38.0190335Z INFO  [alembic.runtime.migration] Running upgrade 3e9d5c5aff2c -> 0003_vendor_prices
2025-08-20T22:09:38.0343110Z INFO  [alembic.runtime.migration] Running upgrade 0003_vendor_prices -> 0004_fee_cron
2025-08-20T22:09:38.0420869Z INFO  [alembic.runtime.migration] Running upgrade 0004_fee_cron -> 0006_fix_roi_views
2025-08-20T22:09:38.0454059Z INFO  [alembic.runtime.migration] Running upgrade 0006_fix_roi_views -> 0020_unified_schema
2025-08-20T22:09:38.0578338Z INFO  [alembic.runtime.migration] Running upgrade 0020_unified_schema -> 0022_fix_roi_view
2025-08-20T22:09:38.0646184Z INFO  [alembic.runtime.migration] Running upgrade 0022_fix_roi_view -> 0023_add_storage_fee
2025-08-20T22:09:38.0687939Z INFO  [alembic.runtime.migration] Running upgrade 0023_add_storage_fee -> 0024_create_buybox
2025-08-20T22:09:38.0713362Z INFO  [alembic.runtime.migration] Running upgrade 0024_create_buybox -> 0025_pr4_indexes_loadlog
2025-08-20T22:09:38.0929735Z INFO  [alembic.runtime.migration] Running upgrade 0025_pr4_indexes_loadlog -> 0026_amazon_new_reports
2025-08-20T22:09:38.1985634Z ##[group]Run python - <<'PY'
2025-08-20T22:09:38.1985935Z [36;1mpython - <<'PY'[0m
2025-08-20T22:09:38.1986194Z [36;1mfrom fastapi.testclient import TestClient[0m
2025-08-20T22:09:38.1986503Z [36;1mfrom services.api.main import app[0m
2025-08-20T22:09:38.1986762Z [36;1mwith TestClient(app) as c:[0m
2025-08-20T22:09:38.1987017Z [36;1m    r = c.get('/roi-review')[0m
2025-08-20T22:09:38.1987271Z [36;1m    assert r.status_code < 500, r.text[0m
2025-08-20T22:09:38.1987504Z [36;1mPY[0m
2025-08-20T22:09:38.2028003Z shell: /usr/bin/bash -e {0}
2025-08-20T22:09:38.2028227Z env:
2025-08-20T22:09:38.2028433Z   REDIS_URL: redis://localhost:6379/0
2025-08-20T22:09:38.2028698Z   RATE_LIMIT_DEFAULT: 100/minute
2025-08-20T22:09:38.2028917Z   TRUST_X_FORWARDED: 1
2025-08-20T22:09:38.2029114Z   PG_USER: postgres
2025-08-20T22:09:38.2029307Z   PG_PASSWORD: pass
2025-08-20T22:09:38.2029484Z   PG_DATABASE: awa
2025-08-20T22:09:38.2029664Z   PG_HOST: localhost
2025-08-20T22:09:38.2029900Z   PG_PORT: 5432
2025-08-20T22:09:38.2030529Z   PG_SYNC_DSN: ***localhost:5432/awa
2025-08-20T22:09:38.2030928Z   PG_ASYNC_DSN: ***localhost:5432/awa
2025-08-20T22:09:38.2031300Z   DATABASE_URL: ***localhost:5432/awa
2025-08-20T22:09:38.2031534Z   DATA_DIR: /tmp/awa-data
2025-08-20T22:09:38.2031732Z   ENABLE_LIVE: 0
2025-08-20T22:09:38.2031900Z   TESTING: 1
2025-08-20T22:09:38.2032330Z   pythonLocation: /opt/hostedtoolcache/Python/3.12.11/x64
2025-08-20T22:09:38.2032734Z   PKG_CONFIG_PATH: /opt/hostedtoolcache/Python/3.12.11/x64/lib/pkgconfig
2025-08-20T22:09:38.2033116Z   Python_ROOT_DIR: /opt/hostedtoolcache/Python/3.12.11/x64
2025-08-20T22:09:38.2033460Z   Python2_ROOT_DIR: /opt/hostedtoolcache/Python/3.12.11/x64
2025-08-20T22:09:38.2033803Z   Python3_ROOT_DIR: /opt/hostedtoolcache/Python/3.12.11/x64
2025-08-20T22:09:38.2034149Z   LD_LIBRARY_PATH: /opt/hostedtoolcache/Python/3.12.11/x64/lib
2025-08-20T22:09:38.2034640Z ##[endgroup]
2025-08-20T22:09:39.6861967Z WARNING:services.api.errors:{"status_code": 401, "detail": "Not authenticated", "event": "http_error", "request_id": "641129e34df44e2a872e1e6d3fbb577f", "level": "warning", "timestamp": "2025-08-20T22:09:39.685868Z"}
2025-08-20T22:09:39.6866619Z INFO:httpx:HTTP Request: GET http://testserver/roi-review "HTTP/1.1 401 Unauthorized"
2025-08-20T22:09:39.8886872Z ##[group]Run alembic -c services/api/alembic.ini downgrade base
2025-08-20T22:09:39.8887334Z [36;1malembic -c services/api/alembic.ini downgrade base[0m
2025-08-20T22:09:39.8927857Z shell: /usr/bin/bash -e {0}
2025-08-20T22:09:39.8928077Z env:
2025-08-20T22:09:39.8928281Z   REDIS_URL: redis://localhost:6379/0
2025-08-20T22:09:39.8928546Z   RATE_LIMIT_DEFAULT: 100/minute
2025-08-20T22:09:39.8928763Z   TRUST_X_FORWARDED: 1
2025-08-20T22:09:39.8928961Z   PG_USER: postgres
2025-08-20T22:09:39.8929147Z   PG_PASSWORD: pass
2025-08-20T22:09:39.8929329Z   PG_DATABASE: awa
2025-08-20T22:09:39.8929503Z   PG_HOST: localhost
2025-08-20T22:09:39.8929687Z   PG_PORT: 5432
2025-08-20T22:09:39.8930134Z   PG_SYNC_DSN: ***localhost:5432/awa
2025-08-20T22:09:39.8930528Z   PG_ASYNC_DSN: ***localhost:5432/awa
2025-08-20T22:09:39.8930909Z   DATABASE_URL: ***localhost:5432/awa
2025-08-20T22:09:39.8931137Z   DATA_DIR: /tmp/awa-data
2025-08-20T22:09:39.8931337Z   ENABLE_LIVE: 0
2025-08-20T22:09:39.8931540Z   TESTING: 1
2025-08-20T22:09:39.8931775Z   pythonLocation: /opt/hostedtoolcache/Python/3.12.11/x64
2025-08-20T22:09:39.8932178Z   PKG_CONFIG_PATH: /opt/hostedtoolcache/Python/3.12.11/x64/lib/pkgconfig
2025-08-20T22:09:39.8932572Z   Python_ROOT_DIR: /opt/hostedtoolcache/Python/3.12.11/x64
2025-08-20T22:09:39.8932914Z   Python2_ROOT_DIR: /opt/hostedtoolcache/Python/3.12.11/x64
2025-08-20T22:09:39.8933263Z   Python3_ROOT_DIR: /opt/hostedtoolcache/Python/3.12.11/x64
2025-08-20T22:09:39.8933611Z   LD_LIBRARY_PATH: /opt/hostedtoolcache/Python/3.12.11/x64/lib
2025-08-20T22:09:39.8933896Z ##[endgroup]
2025-08-20T22:09:40.3563528Z INFO  [alembic.runtime.migration] Context impl PostgresqlImpl.
2025-08-20T22:09:40.3564038Z INFO  [alembic.runtime.migration] Will assume transactional DDL.
2025-08-20T22:09:40.3653405Z INFO  [alembic.runtime.migration] Running downgrade 0026_amazon_new_reports -> 0025_pr4_indexes_loadlog
2025-08-20T22:09:40.3744162Z INFO  [alembic.runtime.migration] Running downgrade 0025_pr4_indexes_loadlog -> 0024_create_buybox
2025-08-20T22:09:40.3787013Z INFO  [alembic.runtime.migration] Running downgrade 0024_create_buybox -> 0023_add_storage_fee
2025-08-20T22:09:40.3799641Z INFO  [alembic.runtime.migration] Running downgrade 0023_add_storage_fee -> 0022_fix_roi_view
2025-08-20T22:09:40.3960600Z INFO  [alembic.runtime.migration] Running downgrade 0022_fix_roi_view -> 0020_unified_schema
2025-08-20T22:09:40.3984030Z INFO  [alembic.runtime.migration] Running downgrade 0020_unified_schema -> 0006_fix_roi_views
2025-08-20T22:09:40.4019815Z INFO  [alembic.runtime.migration] Running downgrade 0006_fix_roi_views -> 0004_fee_cron
2025-08-20T22:09:40.4032094Z INFO  [alembic.runtime.migration] Running downgrade 0004_fee_cron -> 0003_vendor_prices
2025-08-20T22:09:40.4108512Z INFO  [alembic.runtime.migration] Running downgrade 0003_vendor_prices -> 3e9d5c5aff2c
2025-08-20T22:09:40.4147187Z INFO  [alembic.runtime.migration] Running downgrade 3e9d5c5aff2c -> 0002_create_roi_view
2025-08-20T22:09:40.4195428Z INFO  [alembic.runtime.migration] Running downgrade 0002_create_roi_view -> 0001_baseline
2025-08-20T22:09:40.4204794Z INFO  [alembic.runtime.migration] Running downgrade 0001_baseline -> 
2025-08-20T22:09:40.5105390Z ##[group]Run test "$(alembic -c services/api/alembic.ini heads | wc -l)" -eq 1
2025-08-20T22:09:40.5105901Z [36;1mtest "$(alembic -c services/api/alembic.ini heads | wc -l)" -eq 1[0m
2025-08-20T22:09:40.5145899Z shell: /usr/bin/bash -e {0}
2025-08-20T22:09:40.5146119Z env:
2025-08-20T22:09:40.5146321Z   REDIS_URL: redis://localhost:6379/0
2025-08-20T22:09:40.5146585Z   RATE_LIMIT_DEFAULT: 100/minute
2025-08-20T22:09:40.5146808Z   TRUST_X_FORWARDED: 1
2025-08-20T22:09:40.5146993Z   PG_USER: postgres
2025-08-20T22:09:40.5147173Z   PG_PASSWORD: pass
2025-08-20T22:09:40.5147349Z   PG_DATABASE: awa
2025-08-20T22:09:40.5147521Z   PG_HOST: localhost
2025-08-20T22:09:40.5147706Z   PG_PORT: 5432
2025-08-20T22:09:40.5148170Z   PG_SYNC_DSN: ***localhost:5432/awa
2025-08-20T22:09:40.5148601Z   PG_ASYNC_DSN: ***localhost:5432/awa
2025-08-20T22:09:40.5148979Z   DATABASE_URL: ***localhost:5432/awa
2025-08-20T22:09:40.5149220Z   DATA_DIR: /tmp/awa-data
2025-08-20T22:09:40.5149451Z   ENABLE_LIVE: 0
2025-08-20T22:09:40.5149619Z   TESTING: 1
2025-08-20T22:09:40.5149851Z   pythonLocation: /opt/hostedtoolcache/Python/3.12.11/x64
2025-08-20T22:09:40.5150243Z   PKG_CONFIG_PATH: /opt/hostedtoolcache/Python/3.12.11/x64/lib/pkgconfig
2025-08-20T22:09:40.5150620Z   Python_ROOT_DIR: /opt/hostedtoolcache/Python/3.12.11/x64
2025-08-20T22:09:40.5150960Z   Python2_ROOT_DIR: /opt/hostedtoolcache/Python/3.12.11/x64
2025-08-20T22:09:40.5151308Z   Python3_ROOT_DIR: /opt/hostedtoolcache/Python/3.12.11/x64
2025-08-20T22:09:40.5151656Z   LD_LIBRARY_PATH: /opt/hostedtoolcache/Python/3.12.11/x64/lib
2025-08-20T22:09:40.5151943Z ##[endgroup]
2025-08-20T22:09:40.8997553Z ##[group]Run pytest tests/migrations/test_migration_roundtrip.py -q -m integration
2025-08-20T22:09:40.8998180Z [36;1mpytest tests/migrations/test_migration_roundtrip.py -q -m integration[0m
2025-08-20T22:09:40.9041452Z shell: /usr/bin/bash -e {0}
2025-08-20T22:09:40.9041729Z env:
2025-08-20T22:09:40.9041945Z   REDIS_URL: redis://localhost:6379/0
2025-08-20T22:09:40.9042214Z   RATE_LIMIT_DEFAULT: 100/minute
2025-08-20T22:09:40.9042442Z   TRUST_X_FORWARDED: 1
2025-08-20T22:09:40.9042635Z   PG_USER: postgres
2025-08-20T22:09:40.9042838Z   PG_PASSWORD: pass
2025-08-20T22:09:40.9043029Z   PG_DATABASE: awa
2025-08-20T22:09:40.9043207Z   PG_HOST: localhost
2025-08-20T22:09:40.9043395Z   PG_PORT: 5432
2025-08-20T22:09:40.9044077Z   PG_SYNC_DSN: ***localhost:5432/awa
2025-08-20T22:09:40.9044772Z   PG_ASYNC_DSN: ***localhost:5432/awa
2025-08-20T22:09:40.9045158Z   DATABASE_URL: ***localhost:5432/awa
2025-08-20T22:09:40.9045397Z   DATA_DIR: /tmp/awa-data
2025-08-20T22:09:40.9045658Z   ENABLE_LIVE: 0
2025-08-20T22:09:40.9045831Z   TESTING: 1
2025-08-20T22:09:40.9046069Z   pythonLocation: /opt/hostedtoolcache/Python/3.12.11/x64
2025-08-20T22:09:40.9046468Z   PKG_CONFIG_PATH: /opt/hostedtoolcache/Python/3.12.11/x64/lib/pkgconfig
2025-08-20T22:09:40.9046855Z   Python_ROOT_DIR: /opt/hostedtoolcache/Python/3.12.11/x64
2025-08-20T22:09:40.9047206Z   Python2_ROOT_DIR: /opt/hostedtoolcache/Python/3.12.11/x64
2025-08-20T22:09:40.9047557Z   Python3_ROOT_DIR: /opt/hostedtoolcache/Python/3.12.11/x64
2025-08-20T22:09:40.9047910Z   LD_LIBRARY_PATH: /opt/hostedtoolcache/Python/3.12.11/x64/lib
2025-08-20T22:09:40.9048203Z ##[endgroup]
2025-08-20T22:09:42.8450102Z /opt/hostedtoolcache/Python/3.12.11/x64/lib/python3.12/site-packages/coverage/control.py:943: CoverageWarning: No data was collected. (no-data-collected)
2025-08-20T22:09:42.8451075Z   self._warn("No data was collected.", slug="no-data-collected")
2025-08-20T22:09:43.1066021Z s                                                                        [100%]
2025-08-20T22:09:43.1066543Z ================================ tests coverage ================================
2025-08-20T22:09:43.1067124Z _______________ coverage: platform linux, python 3.12.11-final-0 _______________
2025-08-20T22:09:43.1067525Z 
2025-08-20T22:09:43.1068111Z Coverage XML written to file coverage.xml
2025-08-20T22:09:43.3159492Z Post job cleanup.
2025-08-20T22:09:43.4764807Z Cache hit occurred on the primary key setup-python-Linux-x64-24.04-Ubuntu-python-3.12.11-pip-cc13ccef493b9f3a93ad5651164d9fb09282c1111f6f72ce20e0657de16de6b4, not saving cache.
2025-08-20T22:09:43.4865601Z Post job cleanup.
2025-08-20T22:09:43.5640288Z [command]/usr/bin/git version
2025-08-20T22:09:43.5676692Z git version 2.51.0
2025-08-20T22:09:43.5716297Z Temporarily overriding HOME='/home/runner/work/_temp/ae0b1f30-1f78-4741-a7a8-6ee8a53553b5' before making global git config changes
2025-08-20T22:09:43.5717560Z Adding repository directory to the temporary git global config as a safe directory
2025-08-20T22:09:43.5722440Z [command]/usr/bin/git config --global --add safe.directory /home/runner/work/AWA-App/AWA-App
2025-08-20T22:09:43.5760945Z [command]/usr/bin/git config --local --name-only --get-regexp core\.sshCommand
2025-08-20T22:09:43.5818297Z [command]/usr/bin/git submodule foreach --recursive sh -c "git config --local --name-only --get-regexp 'core\.sshCommand' && git config --local --unset-all 'core.sshCommand' || :"
2025-08-20T22:09:43.6048286Z [command]/usr/bin/git config --local --name-only --get-regexp http\.https\:\/\/github\.com\/\.extraheader
2025-08-20T22:09:43.6072111Z http.https://github.com/.extraheader
2025-08-20T22:09:43.6082705Z [command]/usr/bin/git config --local --unset-all http.https://github.com/.extraheader
2025-08-20T22:09:43.6114553Z [command]/usr/bin/git submodule foreach --recursive sh -c "git config --local --name-only --get-regexp 'http\.https\:\/\/github\.com\/\.extraheader' && git config --local --unset-all 'http.https://github.com/.extraheader' || :"
2025-08-20T22:09:43.6436472Z Print service container logs: 9d89ebe1810a409ba1cbc750352676ee_postgres15_310699
2025-08-20T22:09:43.6441369Z ##[command]/usr/bin/docker logs --details 8d7fba878b34f38e8bf1468a1986641f6b562903f00785bd18d53b0dc7527659
2025-08-20T22:09:43.6562779Z  The files belonging to this database system will be owned by user "postgres".
2025-08-20T22:09:43.6564862Z  initdb: warning: enabling "trust" authentication for local connections
2025-08-20T22:09:43.6565955Z  initdb: hint: You can change this by editing pg_hba.conf or using the option -A, or --auth-local and --auth-host, the next time you run initdb.
2025-08-20T22:09:43.6567378Z  2025-08-20 22:08:47.651 UTC [1] LOG:  starting PostgreSQL 15.14 (Debian 15.14-1.pgdg13+1) on x86_64-pc-linux-gnu, compiled by gcc (Debian 14.2.0-19) 14.2.0, 64-bit
2025-08-20T22:09:43.6568472Z  2025-08-20 22:08:47.651 UTC [1] LOG:  listening on IPv4 address "0.0.0.0", port 5432
2025-08-20T22:09:43.6569228Z  2025-08-20 22:08:47.651 UTC [1] LOG:  listening on IPv6 address "::", port 5432
2025-08-20T22:09:43.6570013Z  2025-08-20 22:08:47.654 UTC [1] LOG:  listening on Unix socket "/var/run/postgresql/.s.PGSQL.5432"
2025-08-20T22:09:43.6570826Z  2025-08-20 22:08:47.657 UTC [64] LOG:  database system was shut down at 2025-08-20 22:08:47 UTC
2025-08-20T22:09:43.6571517Z  2025-08-20 22:08:47.662 UTC [1] LOG:  database system is ready to accept connections
2025-08-20T22:09:43.6571871Z  This user must also own the server process.
2025-08-20T22:09:43.6572114Z  
2025-08-20T22:09:43.6572370Z  The database cluster will be initialized with locale "en_US.utf8".
2025-08-20T22:09:43.6572762Z  The default database encoding has accordingly been set to "UTF8".
2025-08-20T22:09:43.6573137Z  The default text search configuration will be set to "english".
2025-08-20T22:09:43.6573424Z  
2025-08-20T22:09:43.6573591Z  Data page checksums are disabled.
2025-08-20T22:09:43.6573803Z  
2025-08-20T22:09:43.6574063Z  fixing permissions on existing directory /var/lib/postgresql/data ... ok
2025-08-20T22:09:43.6574691Z  creating subdirectories ... ok
2025-08-20T22:09:43.6574983Z  selecting dynamic shared memory implementation ... posix
2025-08-20T22:09:43.6575287Z  selecting default max_connections ... 100
2025-08-20T22:09:43.6575547Z  selecting default shared_buffers ... 128MB
2025-08-20T22:09:43.6576086Z  selecting default time zone ... Etc/UTC
2025-08-20T22:09:43.6576336Z  creating configuration files ... ok
2025-08-20T22:09:43.6576574Z  running bootstrap script ... ok
2025-08-20T22:09:43.6576837Z  performing post-bootstrap initialization ... ok
2025-08-20T22:09:43.6577109Z  syncing data to disk ... ok
2025-08-20T22:09:43.6577311Z  
2025-08-20T22:09:43.6577452Z  
2025-08-20T22:09:43.6577941Z  Success. You can now start the database server using:
2025-08-20T22:09:43.6578445Z  
2025-08-20T22:09:43.6578789Z      pg_ctl -D /var/lib/postgresql/data -l logfile start
2025-08-20T22:09:43.6579232Z  
2025-08-20T22:09:43.6580024Z  waiting for server to start....2025-08-20 22:08:47.255 UTC [48] LOG:  starting PostgreSQL 15.14 (Debian 15.14-1.pgdg13+1) on x86_64-pc-linux-gnu, compiled by gcc (Debian 14.2.0-19) 14.2.0, 64-bit
2025-08-20T22:09:43.6580745Z  2025-08-20 22:08:47.256 UTC [48] LOG:  listening on Unix socket "/var/run/postgresql/.s.PGSQL.5432"
2025-08-20T22:09:43.6581217Z  2025-08-20 22:08:47.259 UTC [51] LOG:  database system was shut down at 2025-08-20 22:08:47 UTC
2025-08-20T22:09:43.6581648Z  2025-08-20 22:08:47.263 UTC [48] LOG:  database system is ready to accept connections
2025-08-20T22:09:43.6581954Z   done
2025-08-20T22:09:43.6582110Z  server started
2025-08-20T22:09:43.6582281Z  CREATE DATABASE
2025-08-20T22:09:43.6582444Z  
2025-08-20T22:09:43.6582576Z  
2025-08-20T22:09:43.6582860Z  /usr/local/bin/docker-entrypoint.sh: ignoring /docker-entrypoint-initdb.d/*
2025-08-20T22:09:43.6583207Z  
2025-08-20T22:09:43.6583418Z  2025-08-20 22:08:47.526 UTC [48] LOG:  received fast shutdown request
2025-08-20T22:09:43.6584077Z  waiting for server to shut down....2025-08-20 22:08:47.527 UTC [48] LOG:  aborting any active transactions
2025-08-20T22:09:43.6585116Z  2025-08-20 22:08:47.529 UTC [48] LOG:  background worker "logical replication launcher" (PID 54) exited with exit code 1
2025-08-20T22:09:43.6585575Z  2025-08-20 22:08:47.530 UTC [49] LOG:  shutting down
2025-08-20T22:09:43.6585914Z  2025-08-20 22:08:47.530 UTC [49] LOG:  checkpoint starting: shutdown immediate
2025-08-20T22:09:43.6586741Z  2025-08-20 22:08:47.555 UTC [49] LOG:  checkpoint complete: wrote 922 buffers (5.6%); 0 WAL file(s) added, 0 removed, 0 recycled; write=0.018 s, sync=0.005 s, total=0.026 s; sync files=301, longest=0.003 s, average=0.001 s; distance=4239 kB, estimate=4239 kB
2025-08-20T22:09:43.6587545Z  2025-08-20 22:08:47.563 UTC [48] LOG:  database system is shut down
2025-08-20T22:09:43.6587828Z   done
2025-08-20T22:09:43.6587986Z  server stopped
2025-08-20T22:09:43.6588151Z  
2025-08-20T22:09:43.6588355Z  PostgreSQL init process complete; ready for start up.
2025-08-20T22:09:43.6588622Z  
2025-08-20T22:09:43.6594972Z Stop and remove container: 9d89ebe1810a409ba1cbc750352676ee_postgres15_310699
2025-08-20T22:09:43.6599789Z ##[command]/usr/bin/docker rm --force 8d7fba878b34f38e8bf1468a1986641f6b562903f00785bd18d53b0dc7527659
2025-08-20T22:09:44.8043215Z 8d7fba878b34f38e8bf1468a1986641f6b562903f00785bd18d53b0dc7527659
2025-08-20T22:09:44.8064741Z Print service container logs: 5fbf4a7a96cb4ecf88fa667e5f0bc92c_redis7alpine_b92b0f
2025-08-20T22:09:44.8066040Z ##[command]/usr/bin/docker logs --details 60a8441f71c52004d7e0a77ab990e95c2508ba577d201734d24a09f5eb882c94
2025-08-20T22:09:44.8187495Z  1:C 20 Aug 2025 22:08:48.051 # WARNING Memory overcommit must be enabled! Without it, a background save or replication may fail under low memory condition. Being disabled, it can also cause failures without low memory condition, see https://github.com/jemalloc/jemalloc/issues/1328. To fix this issue add 'vm.overcommit_memory = 1' to /etc/sysctl.conf and then reboot or run the command 'sysctl vm.overcommit_memory=1' for this to take effect.
2025-08-20T22:09:44.8190377Z  1:C 20 Aug 2025 22:08:48.051 * oO0OoO0OoO0Oo Redis is starting oO0OoO0OoO0Oo
2025-08-20T22:09:44.8191348Z  1:C 20 Aug 2025 22:08:48.051 * Redis version=7.4.5, bits=64, commit=00000000, modified=0, pid=1, just started
2025-08-20T22:09:44.8192863Z  1:C 20 Aug 2025 22:08:48.051 # Warning: no config file specified, using the default config. In order to specify a config file use redis-server /path/to/redis.conf
2025-08-20T22:09:44.8194696Z  1:M 20 Aug 2025 22:08:48.051 * monotonic clock: POSIX clock_gettime
2025-08-20T22:09:44.8195428Z  1:M 20 Aug 2025 22:08:48.052 * Running mode=standalone, port=6379.
2025-08-20T22:09:44.8196082Z  1:M 20 Aug 2025 22:08:48.052 * Server initialized
2025-08-20T22:09:44.8196658Z  1:M 20 Aug 2025 22:08:48.052 * Ready to accept connections tcp
2025-08-20T22:09:44.8205300Z Stop and remove container: 5fbf4a7a96cb4ecf88fa667e5f0bc92c_redis7alpine_b92b0f
2025-08-20T22:09:44.8206046Z ##[command]/usr/bin/docker rm --force 60a8441f71c52004d7e0a77ab990e95c2508ba577d201734d24a09f5eb882c94
2025-08-20T22:09:44.9467152Z 60a8441f71c52004d7e0a77ab990e95c2508ba577d201734d24a09f5eb882c94
2025-08-20T22:09:44.9492005Z Remove container network: github_network_07a41fd46fe0467397e1d805dd4a9fb4
2025-08-20T22:09:44.9496514Z ##[command]/usr/bin/docker network rm github_network_07a41fd46fe0467397e1d805dd4a9fb4
2025-08-20T22:09:45.0812261Z github_network_07a41fd46fe0467397e1d805dd4a9fb4
2025-08-20T22:09:45.0873807Z Cleaning up orphan processes
