2025-08-17T15:20:20.5363489Z Current runner version: '2.327.1'
2025-08-17T15:20:20.5387323Z ##[group]Runner Image Provisioner
2025-08-17T15:20:20.5388142Z Hosted Compute Agent
2025-08-17T15:20:20.5388893Z Version: 20250812.370
2025-08-17T15:20:20.5389564Z Commit: 4a2b2bf7520004e3e907c2150c8cabe342a3da32
2025-08-17T15:20:20.5390244Z Build Date: 2025-08-12T16:08:14Z
2025-08-17T15:20:20.5390839Z ##[endgroup]
2025-08-17T15:20:20.5391513Z ##[group]Operating System
2025-08-17T15:20:20.5392054Z Ubuntu
2025-08-17T15:20:20.5392540Z 24.04.2
2025-08-17T15:20:20.5392967Z LTS
2025-08-17T15:20:20.5393502Z ##[endgroup]
2025-08-17T15:20:20.5393971Z ##[group]Runner Image
2025-08-17T15:20:20.5394536Z Image: ubuntu-24.04
2025-08-17T15:20:20.5395087Z Version: 20250810.1.0
2025-08-17T15:20:20.5396107Z Included Software: https://github.com/actions/runner-images/blob/ubuntu24/20250810.1/images/ubuntu/Ubuntu2404-Readme.md
2025-08-17T15:20:20.5397663Z Image Release: https://github.com/actions/runner-images/releases/tag/ubuntu24%2F20250810.1
2025-08-17T15:20:20.5399055Z ##[endgroup]
2025-08-17T15:20:20.5401559Z ##[group]GITHUB_TOKEN Permissions
2025-08-17T15:20:20.5403487Z Actions: write
2025-08-17T15:20:20.5404005Z Attestations: write
2025-08-17T15:20:20.5404619Z Checks: write
2025-08-17T15:20:20.5405082Z Contents: write
2025-08-17T15:20:20.5405621Z Deployments: write
2025-08-17T15:20:20.5406135Z Discussions: write
2025-08-17T15:20:20.5406694Z Issues: write
2025-08-17T15:20:20.5407183Z Metadata: read
2025-08-17T15:20:20.5407666Z Models: read
2025-08-17T15:20:20.5408182Z Packages: write
2025-08-17T15:20:20.5408964Z Pages: write
2025-08-17T15:20:20.5409521Z PullRequests: write
2025-08-17T15:20:20.5410059Z RepositoryProjects: write
2025-08-17T15:20:20.5410650Z SecurityEvents: write
2025-08-17T15:20:20.5411315Z Statuses: write
2025-08-17T15:20:20.5411796Z ##[endgroup]
2025-08-17T15:20:20.5413847Z Secret source: Actions
2025-08-17T15:20:20.5414485Z Prepare workflow directory
2025-08-17T15:20:20.5831415Z Prepare all required actions
2025-08-17T15:20:20.5868745Z Getting action download info
2025-08-17T15:20:21.0112672Z Download action repository 'actions/checkout@v4' (SHA:08eba0b27e820071cde6df949e0beb9ba4906955)
2025-08-17T15:20:21.5634869Z Download action repository 'actions/setup-python@v5' (SHA:a26af69be951a213d495a4c3e4e4022e16d87065)
2025-08-17T15:20:22.2100317Z Complete job name: migrations-check
2025-08-17T15:20:22.2603544Z ##[group]Checking docker version
2025-08-17T15:20:22.2616609Z ##[command]/usr/bin/docker version --format '{{.Server.APIVersion}}'
2025-08-17T15:20:22.3115271Z '1.48'
2025-08-17T15:20:22.3127430Z Docker daemon API version: '1.48'
2025-08-17T15:20:22.3128255Z ##[command]/usr/bin/docker version --format '{{.Client.APIVersion}}'
2025-08-17T15:20:22.3280072Z '1.48'
2025-08-17T15:20:22.3293575Z Docker client API version: '1.48'
2025-08-17T15:20:22.3298908Z ##[endgroup]
2025-08-17T15:20:22.3302008Z ##[group]Clean up resources from previous jobs
2025-08-17T15:20:22.3307297Z ##[command]/usr/bin/docker ps --all --quiet --no-trunc --filter "label=e6fd39"
2025-08-17T15:20:22.3443680Z ##[command]/usr/bin/docker network prune --force --filter "label=e6fd39"
2025-08-17T15:20:22.3567220Z ##[endgroup]
2025-08-17T15:20:22.3567823Z ##[group]Create local container network
2025-08-17T15:20:22.3578256Z ##[command]/usr/bin/docker network create --label e6fd39 github_network_c04ded35e9f9499ea1cd6cb3d8643510
2025-08-17T15:20:22.4070411Z aa9b630774ad917fc8c81a7a9170a63d4243169dce6deb587e4cb946b2cda068
2025-08-17T15:20:22.4088021Z ##[endgroup]
2025-08-17T15:20:22.4112088Z ##[group]Starting postgres service container
2025-08-17T15:20:22.4131350Z ##[command]/usr/bin/docker pull postgres:15
2025-08-17T15:20:23.5735578Z 15: Pulling from library/postgres
2025-08-17T15:20:23.8406910Z 396b1da7636e: Pulling fs layer
2025-08-17T15:20:23.8409088Z fca2566eba32: Pulling fs layer
2025-08-17T15:20:23.8410299Z 631fe8c6d606: Pulling fs layer
2025-08-17T15:20:23.8411514Z 77c7671c4414: Pulling fs layer
2025-08-17T15:20:23.8412698Z 2d9e29180a27: Pulling fs layer
2025-08-17T15:20:23.8413916Z c6bcc2c9a041: Pulling fs layer
2025-08-17T15:20:23.8415571Z ac4b721eb66f: Pulling fs layer
2025-08-17T15:20:23.8416742Z 606bd164980e: Pulling fs layer
2025-08-17T15:20:23.8417919Z f5dfd246bc6e: Pulling fs layer
2025-08-17T15:20:23.8419300Z ba7036bb0a60: Pulling fs layer
2025-08-17T15:20:23.8420537Z 799f859abbbd: Pulling fs layer
2025-08-17T15:20:23.8421603Z d903e777080c: Pulling fs layer
2025-08-17T15:20:23.8422526Z 04adcb462801: Pulling fs layer
2025-08-17T15:20:23.8423472Z 5c10925b29ff: Pulling fs layer
2025-08-17T15:20:23.8424361Z 606bd164980e: Waiting
2025-08-17T15:20:23.8425170Z d903e777080c: Waiting
2025-08-17T15:20:23.8425968Z f5dfd246bc6e: Waiting
2025-08-17T15:20:23.8426779Z 04adcb462801: Waiting
2025-08-17T15:20:23.8427582Z ba7036bb0a60: Waiting
2025-08-17T15:20:23.8428381Z 5c10925b29ff: Waiting
2025-08-17T15:20:23.8429390Z 799f859abbbd: Waiting
2025-08-17T15:20:23.8430179Z 77c7671c4414: Waiting
2025-08-17T15:20:23.8430982Z 2d9e29180a27: Waiting
2025-08-17T15:20:23.8431954Z c6bcc2c9a041: Waiting
2025-08-17T15:20:23.8432943Z ac4b721eb66f: Waiting
2025-08-17T15:20:24.1187898Z fca2566eba32: Verifying Checksum
2025-08-17T15:20:24.1190865Z fca2566eba32: Download complete
2025-08-17T15:20:24.1971982Z 631fe8c6d606: Verifying Checksum
2025-08-17T15:20:24.1973531Z 631fe8c6d606: Download complete
2025-08-17T15:20:24.2838326Z 396b1da7636e: Verifying Checksum
2025-08-17T15:20:24.2839199Z 396b1da7636e: Download complete
2025-08-17T15:20:24.4332805Z 77c7671c4414: Verifying Checksum
2025-08-17T15:20:24.4333356Z 77c7671c4414: Download complete
2025-08-17T15:20:24.6012304Z c6bcc2c9a041: Verifying Checksum
2025-08-17T15:20:24.6013317Z c6bcc2c9a041: Download complete
2025-08-17T15:20:24.6596206Z 2d9e29180a27: Verifying Checksum
2025-08-17T15:20:24.6596647Z 2d9e29180a27: Download complete
2025-08-17T15:20:24.6958930Z ac4b721eb66f: Verifying Checksum
2025-08-17T15:20:24.6959643Z ac4b721eb66f: Download complete
2025-08-17T15:20:24.8630439Z 606bd164980e: Download complete
2025-08-17T15:20:24.9800644Z ba7036bb0a60: Verifying Checksum
2025-08-17T15:20:24.9801188Z ba7036bb0a60: Download complete
2025-08-17T15:20:25.1472774Z 799f859abbbd: Download complete
2025-08-17T15:20:25.2306288Z 396b1da7636e: Pull complete
2025-08-17T15:20:25.2958901Z d903e777080c: Verifying Checksum
2025-08-17T15:20:25.2959388Z d903e777080c: Download complete
2025-08-17T15:20:25.3086383Z fca2566eba32: Pull complete
2025-08-17T15:20:25.4105528Z 04adcb462801: Download complete
2025-08-17T15:20:25.4902338Z 631fe8c6d606: Pull complete
2025-08-17T15:20:25.5388285Z 77c7671c4414: Pull complete
2025-08-17T15:20:25.5492115Z 5c10925b29ff: Verifying Checksum
2025-08-17T15:20:25.5492585Z 5c10925b29ff: Download complete
2025-08-17T15:20:25.8597165Z 2d9e29180a27: Pull complete
2025-08-17T15:20:25.9596662Z c6bcc2c9a041: Pull complete
2025-08-17T15:20:25.9693170Z ac4b721eb66f: Pull complete
2025-08-17T15:20:25.9845679Z 606bd164980e: Pull complete
2025-08-17T15:20:26.5154167Z f5dfd246bc6e: Verifying Checksum
2025-08-17T15:20:26.5154738Z f5dfd246bc6e: Download complete
2025-08-17T15:20:29.4649187Z f5dfd246bc6e: Pull complete
2025-08-17T15:20:29.4825704Z ba7036bb0a60: Pull complete
2025-08-17T15:20:29.4980953Z 799f859abbbd: Pull complete
2025-08-17T15:20:29.5091403Z d903e777080c: Pull complete
2025-08-17T15:20:29.5203724Z 04adcb462801: Pull complete
2025-08-17T15:20:29.5331954Z 5c10925b29ff: Pull complete
2025-08-17T15:20:29.5377293Z Digest: sha256:bc51cf4f1fe02cce7ed2370b20128a9b00b4eb804573a77d2a0d877aaa9c82b1
2025-08-17T15:20:29.5394329Z Status: Downloaded newer image for postgres:15
2025-08-17T15:20:29.5426910Z docker.io/library/postgres:15
2025-08-17T15:20:29.5485513Z ##[command]/usr/bin/docker create --name d66a5060846d4a1080a1c79cb5c4a1cc_postgres15_395df3 --label e6fd39 --network github_network_c04ded35e9f9499ea1cd6cb3d8643510 --network-alias postgres -p 5432:5432 --health-cmd="pg_isready -U postgres -d awa" --health-interval=5s --health-timeout=5s --health-retries=10 -e "POSTGRES_USER=postgres" -e "POSTGRES_PASSWORD=pass" -e "POSTGRES_DB=awa" -e GITHUB_ACTIONS=true -e CI=true postgres:15
2025-08-17T15:20:29.5759441Z 11b27131f2484c6b5826785b59b5555c0c316423db99611b1c6a1eeba79ba816
2025-08-17T15:20:29.5781154Z ##[command]/usr/bin/docker start 11b27131f2484c6b5826785b59b5555c0c316423db99611b1c6a1eeba79ba816
2025-08-17T15:20:29.7482011Z 11b27131f2484c6b5826785b59b5555c0c316423db99611b1c6a1eeba79ba816
2025-08-17T15:20:29.7506839Z ##[command]/usr/bin/docker ps --all --filter id=11b27131f2484c6b5826785b59b5555c0c316423db99611b1c6a1eeba79ba816 --filter status=running --no-trunc --format "{{.ID}} {{.Status}}"
2025-08-17T15:20:29.7630669Z 11b27131f2484c6b5826785b59b5555c0c316423db99611b1c6a1eeba79ba816 Up Less than a second (health: starting)
2025-08-17T15:20:29.7655089Z ##[command]/usr/bin/docker port 11b27131f2484c6b5826785b59b5555c0c316423db99611b1c6a1eeba79ba816
2025-08-17T15:20:29.7809133Z 5432/tcp -> 0.0.0.0:5432
2025-08-17T15:20:29.7809550Z 5432/tcp -> [::]:5432
2025-08-17T15:20:29.7858086Z ##[endgroup]
2025-08-17T15:20:29.7866731Z ##[group]Waiting for all services to be ready
2025-08-17T15:20:29.7879943Z ##[command]/usr/bin/docker inspect --format="{{if .Config.Healthcheck}}{{print .State.Health.Status}}{{end}}" 11b27131f2484c6b5826785b59b5555c0c316423db99611b1c6a1eeba79ba816
2025-08-17T15:20:29.8006848Z starting
2025-08-17T15:20:29.8027378Z postgres service is starting, waiting 2 seconds before checking again.
2025-08-17T15:20:31.8029262Z ##[command]/usr/bin/docker inspect --format="{{if .Config.Healthcheck}}{{print .State.Health.Status}}{{end}}" 11b27131f2484c6b5826785b59b5555c0c316423db99611b1c6a1eeba79ba816
2025-08-17T15:20:31.8148197Z starting
2025-08-17T15:20:31.8161253Z postgres service is starting, waiting 4 seconds before checking again.
2025-08-17T15:20:36.1165094Z ##[command]/usr/bin/docker inspect --format="{{if .Config.Healthcheck}}{{print .State.Health.Status}}{{end}}" 11b27131f2484c6b5826785b59b5555c0c316423db99611b1c6a1eeba79ba816
2025-08-17T15:20:36.1284154Z healthy
2025-08-17T15:20:36.1300556Z postgres service is healthy.
2025-08-17T15:20:36.1301176Z ##[endgroup]
2025-08-17T15:20:36.1558914Z ##[group]Run actions/checkout@v4
2025-08-17T15:20:36.1559683Z with:
2025-08-17T15:20:36.1559963Z   repository: AlexBomber12/AWA-App
2025-08-17T15:20:36.1560483Z   token: ***
2025-08-17T15:20:36.1560753Z   ssh-strict: true
2025-08-17T15:20:36.1561020Z   ssh-user: git
2025-08-17T15:20:36.1561363Z   persist-credentials: true
2025-08-17T15:20:36.1561663Z   clean: true
2025-08-17T15:20:36.1561904Z   sparse-checkout-cone-mode: true
2025-08-17T15:20:36.1562260Z   fetch-depth: 1
2025-08-17T15:20:36.1562487Z   fetch-tags: false
2025-08-17T15:20:36.1562786Z   show-progress: true
2025-08-17T15:20:36.1563055Z   lfs: false
2025-08-17T15:20:36.1563322Z   submodules: false
2025-08-17T15:20:36.1563554Z   set-safe-directory: true
2025-08-17T15:20:36.1564137Z ##[endgroup]
2025-08-17T15:20:36.2621438Z Syncing repository: AlexBomber12/AWA-App
2025-08-17T15:20:36.2622801Z ##[group]Getting Git version info
2025-08-17T15:20:36.2623335Z Working directory is '/home/runner/work/AWA-App/AWA-App'
2025-08-17T15:20:36.2624102Z [command]/usr/bin/git version
2025-08-17T15:20:36.2666591Z git version 2.50.1
2025-08-17T15:20:36.2693263Z ##[endgroup]
2025-08-17T15:20:36.2707026Z Temporarily overriding HOME='/home/runner/work/_temp/42272b77-e699-4578-aa7d-b71be9c5f4c6' before making global git config changes
2025-08-17T15:20:36.2708087Z Adding repository directory to the temporary git global config as a safe directory
2025-08-17T15:20:36.2712353Z [command]/usr/bin/git config --global --add safe.directory /home/runner/work/AWA-App/AWA-App
2025-08-17T15:20:36.2746750Z Deleting the contents of '/home/runner/work/AWA-App/AWA-App'
2025-08-17T15:20:36.2750483Z ##[group]Initializing the repository
2025-08-17T15:20:36.2754268Z [command]/usr/bin/git init /home/runner/work/AWA-App/AWA-App
2025-08-17T15:20:36.2816138Z hint: Using 'master' as the name for the initial branch. This default branch name
2025-08-17T15:20:36.2816981Z hint: is subject to change. To configure the initial branch name to use in all
2025-08-17T15:20:36.2880783Z hint: of your new repositories, which will suppress this warning, call:
2025-08-17T15:20:36.2881572Z hint:
2025-08-17T15:20:36.2881951Z hint: 	git config --global init.defaultBranch <name>
2025-08-17T15:20:36.2882389Z hint:
2025-08-17T15:20:36.2882816Z hint: Names commonly chosen instead of 'master' are 'main', 'trunk' and
2025-08-17T15:20:36.2883623Z hint: 'development'. The just-created branch can be renamed via this command:
2025-08-17T15:20:36.2884289Z hint:
2025-08-17T15:20:36.2884636Z hint: 	git branch -m <name>
2025-08-17T15:20:36.2884975Z hint:
2025-08-17T15:20:36.2885436Z hint: Disable this message with "git config set advice.defaultBranchName false"
2025-08-17T15:20:36.2886213Z Initialized empty Git repository in /home/runner/work/AWA-App/AWA-App/.git/
2025-08-17T15:20:36.2889795Z [command]/usr/bin/git remote add origin https://github.com/AlexBomber12/AWA-App
2025-08-17T15:20:36.2891142Z ##[endgroup]
2025-08-17T15:20:36.2891708Z ##[group]Disabling automatic garbage collection
2025-08-17T15:20:36.2892240Z [command]/usr/bin/git config --local gc.auto 0
2025-08-17T15:20:36.2900109Z ##[endgroup]
2025-08-17T15:20:36.2900677Z ##[group]Setting up auth
2025-08-17T15:20:36.2907623Z [command]/usr/bin/git config --local --name-only --get-regexp core\.sshCommand
2025-08-17T15:20:36.2937044Z [command]/usr/bin/git submodule foreach --recursive sh -c "git config --local --name-only --get-regexp 'core\.sshCommand' && git config --local --unset-all 'core.sshCommand' || :"
2025-08-17T15:20:36.3200410Z [command]/usr/bin/git config --local --name-only --get-regexp http\.https\:\/\/github\.com\/\.extraheader
2025-08-17T15:20:36.3228229Z [command]/usr/bin/git submodule foreach --recursive sh -c "git config --local --name-only --get-regexp 'http\.https\:\/\/github\.com\/\.extraheader' && git config --local --unset-all 'http.https://github.com/.extraheader' || :"
2025-08-17T15:20:36.3445772Z [command]/usr/bin/git config --local http.https://github.com/.extraheader AUTHORIZATION: basic ***
2025-08-17T15:20:36.3479932Z ##[endgroup]
2025-08-17T15:20:36.3480543Z ##[group]Fetching the repository
2025-08-17T15:20:36.3487708Z [command]/usr/bin/git -c protocol.version=2 fetch --no-tags --prune --no-recurse-submodules --depth=1 origin +9a252801eb7efc05ede9a1e33726282c49904c5c:refs/remotes/pull/227/merge
2025-08-17T15:20:36.8230593Z From https://github.com/AlexBomber12/AWA-App
2025-08-17T15:20:36.8231532Z  * [new ref]         9a252801eb7efc05ede9a1e33726282c49904c5c -> pull/227/merge
2025-08-17T15:20:36.8257410Z ##[endgroup]
2025-08-17T15:20:36.8257999Z ##[group]Determining the checkout info
2025-08-17T15:20:36.8259339Z ##[endgroup]
2025-08-17T15:20:36.8264826Z [command]/usr/bin/git sparse-checkout disable
2025-08-17T15:20:36.8303992Z [command]/usr/bin/git config --local --unset-all extensions.worktreeConfig
2025-08-17T15:20:36.8332588Z ##[group]Checking out the ref
2025-08-17T15:20:36.8336403Z [command]/usr/bin/git checkout --progress --force refs/remotes/pull/227/merge
2025-08-17T15:20:36.8601264Z Note: switching to 'refs/remotes/pull/227/merge'.
2025-08-17T15:20:36.8601707Z 
2025-08-17T15:20:36.8602027Z You are in 'detached HEAD' state. You can look around, make experimental
2025-08-17T15:20:36.8602792Z changes and commit them, and you can discard any commits you make in this
2025-08-17T15:20:36.8603539Z state without impacting any branches by switching back to a branch.
2025-08-17T15:20:36.8603986Z 
2025-08-17T15:20:36.8604292Z If you want to create a new branch to retain commits you create, you may
2025-08-17T15:20:36.8605038Z do so (now or later) by using -c with the switch command. Example:
2025-08-17T15:20:36.8605480Z 
2025-08-17T15:20:36.8605652Z   git switch -c <new-branch-name>
2025-08-17T15:20:36.8605943Z 
2025-08-17T15:20:36.8606102Z Or undo this operation with:
2025-08-17T15:20:36.8606361Z 
2025-08-17T15:20:36.8606490Z   git switch -
2025-08-17T15:20:36.8606700Z 
2025-08-17T15:20:36.8607045Z Turn off this advice by setting config variable advice.detachedHead to false
2025-08-17T15:20:36.8607537Z 
2025-08-17T15:20:36.8608128Z HEAD is now at 9a25280 Merge 00aaa7c7327556ecafb706ec0523376ddce3d17a into 840bed060c4d5ac14c06ac94e1c3e9d4c2bb2cfa
2025-08-17T15:20:36.8610483Z ##[endgroup]
2025-08-17T15:20:36.8646869Z [command]/usr/bin/git log -1 --format=%H
2025-08-17T15:20:36.8669717Z 9a252801eb7efc05ede9a1e33726282c49904c5c
2025-08-17T15:20:36.8843780Z ##[group]Run cat .env.ci >> "$GITHUB_ENV"
2025-08-17T15:20:36.8844148Z [36;1mcat .env.ci >> "$GITHUB_ENV"[0m
2025-08-17T15:20:36.8844863Z [36;1mecho "DATABASE_URL=***localhost:5432/awa" >> "$GITHUB_ENV"[0m
2025-08-17T15:20:36.8845208Z [36;1mecho "PG_HOST=localhost" >> "$GITHUB_ENV"[0m
2025-08-17T15:20:36.8845495Z [36;1mecho "PG_PORT=5432" >> "$GITHUB_ENV"[0m
2025-08-17T15:20:36.8845763Z [36;1mecho "PG_USER=postgres" >> "$GITHUB_ENV"[0m
2025-08-17T15:20:36.8846044Z [36;1mecho "PG_PASSWORD=pass" >> "$GITHUB_ENV"[0m
2025-08-17T15:20:36.8846312Z [36;1mecho "PG_DATABASE=awa" >> "$GITHUB_ENV"[0m
2025-08-17T15:20:36.8890608Z shell: /usr/bin/bash -e {0}
2025-08-17T15:20:36.8890851Z ##[endgroup]
2025-08-17T15:20:36.9065842Z ##[group]Run actions/setup-python@v5
2025-08-17T15:20:36.9066116Z with:
2025-08-17T15:20:36.9066311Z   python-version: 3.12
2025-08-17T15:20:36.9066514Z   cache: pip
2025-08-17T15:20:36.9066738Z   cache-dependency-path: requirements-dev.txt
2025-08-17T15:20:36.9067025Z   check-latest: false
2025-08-17T15:20:36.9067342Z   token: ***
2025-08-17T15:20:36.9067540Z   update-environment: true
2025-08-17T15:20:36.9067766Z   allow-prereleases: false
2025-08-17T15:20:36.9067981Z   freethreaded: false
2025-08-17T15:20:36.9068169Z env:
2025-08-17T15:20:36.9068340Z   PG_USER: postgres
2025-08-17T15:20:36.9068682Z   PG_PASSWORD: pass
2025-08-17T15:20:36.9068869Z   PG_DATABASE: awa
2025-08-17T15:20:36.9069049Z   PG_HOST: localhost
2025-08-17T15:20:36.9069242Z   PG_PORT: 5432
2025-08-17T15:20:36.9069643Z   PG_SYNC_DSN: ***localhost:5432/awa
2025-08-17T15:20:36.9070063Z   PG_ASYNC_DSN: ***localhost:5432/awa
2025-08-17T15:20:36.9070464Z   DATABASE_URL: ***localhost:5432/awa
2025-08-17T15:20:36.9070756Z   DATA_DIR: /tmp/awa-data
2025-08-17T15:20:36.9070962Z   ENABLE_LIVE: 0
2025-08-17T15:20:36.9071140Z   TESTING: 1
2025-08-17T15:20:36.9071307Z ##[endgroup]
2025-08-17T15:20:37.0701029Z ##[group]Installed versions
2025-08-17T15:20:37.0782533Z Successfully set up CPython (3.12.11)
2025-08-17T15:20:37.0785924Z ##[endgroup]
2025-08-17T15:20:37.1157168Z [command]/opt/hostedtoolcache/Python/3.12.11/x64/bin/pip cache dir
2025-08-17T15:20:37.3417608Z /home/runner/.cache/pip
2025-08-17T15:20:37.6455432Z Cache hit for: setup-python-Linux-x64-24.04-Ubuntu-python-3.12.11-pip-2005571a326e80fd181d633d96bfcc1ae8cb53ffd7b38d40aba6418cea7f5ab1
2025-08-17T15:20:38.9425305Z Received 4194304 of 316626635 (1.3%), 4.0 MBs/sec
2025-08-17T15:20:39.9433579Z Received 134217728 of 316626635 (42.4%), 64.0 MBs/sec
2025-08-17T15:20:40.9436874Z Received 260046848 of 316626635 (82.1%), 82.6 MBs/sec
2025-08-17T15:20:41.9437038Z Received 308238027 of 316626635 (97.4%), 73.5 MBs/sec
2025-08-17T15:20:42.4370138Z Received 316626635 of 316626635 (100.0%), 67.2 MBs/sec
2025-08-17T15:20:42.4372350Z Cache Size: ~302 MB (316626635 B)
2025-08-17T15:20:42.4458280Z [command]/usr/bin/tar -xf /home/runner/work/_temp/594da6f1-de7c-486e-a76a-3a249aee6d89/cache.tzst -P -C /home/runner/work/AWA-App/AWA-App --use-compress-program unzstd
2025-08-17T15:20:42.9513070Z Cache restored successfully
2025-08-17T15:20:43.0115101Z Cache restored from key: setup-python-Linux-x64-24.04-Ubuntu-python-3.12.11-pip-2005571a326e80fd181d633d96bfcc1ae8cb53ffd7b38d40aba6418cea7f5ab1
2025-08-17T15:20:43.0257307Z ##[group]Run pip install -r requirements-dev.txt
2025-08-17T15:20:43.0257686Z [36;1mpip install -r requirements-dev.txt[0m
2025-08-17T15:20:43.0257995Z [36;1mpip install keepa==1.3.15 minio==7.1.15[0m
2025-08-17T15:20:43.0301260Z shell: /usr/bin/bash -e {0}
2025-08-17T15:20:43.0301498Z env:
2025-08-17T15:20:43.0301670Z   PG_USER: postgres
2025-08-17T15:20:43.0301861Z   PG_PASSWORD: pass
2025-08-17T15:20:43.0302045Z   PG_DATABASE: awa
2025-08-17T15:20:43.0302227Z   PG_HOST: localhost
2025-08-17T15:20:43.0302580Z   PG_PORT: 5432
2025-08-17T15:20:43.0303048Z   PG_SYNC_DSN: ***localhost:5432/awa
2025-08-17T15:20:43.0303504Z   PG_ASYNC_DSN: ***localhost:5432/awa
2025-08-17T15:20:43.0303871Z   DATABASE_URL: ***localhost:5432/awa
2025-08-17T15:20:43.0304100Z   DATA_DIR: /tmp/awa-data
2025-08-17T15:20:43.0304294Z   ENABLE_LIVE: 0
2025-08-17T15:20:43.0304457Z   TESTING: 1
2025-08-17T15:20:43.0304693Z   pythonLocation: /opt/hostedtoolcache/Python/3.12.11/x64
2025-08-17T15:20:43.0305122Z   PKG_CONFIG_PATH: /opt/hostedtoolcache/Python/3.12.11/x64/lib/pkgconfig
2025-08-17T15:20:43.0305513Z   Python_ROOT_DIR: /opt/hostedtoolcache/Python/3.12.11/x64
2025-08-17T15:20:43.0305854Z   Python2_ROOT_DIR: /opt/hostedtoolcache/Python/3.12.11/x64
2025-08-17T15:20:43.0306197Z   Python3_ROOT_DIR: /opt/hostedtoolcache/Python/3.12.11/x64
2025-08-17T15:20:43.0306530Z   LD_LIBRARY_PATH: /opt/hostedtoolcache/Python/3.12.11/x64/lib
2025-08-17T15:20:43.0306813Z ##[endgroup]
2025-08-17T15:20:43.5717757Z Collecting Jinja2==3.1.6 (from -r requirements-dev.txt (line 2))
2025-08-17T15:20:43.5731678Z   Using cached jinja2-3.1.6-py3-none-any.whl.metadata (2.9 kB)
2025-08-17T15:20:43.5993439Z Collecting alembic==1.13.1 (from -r requirements-dev.txt (line 3))
2025-08-17T15:20:43.6005312Z   Using cached alembic-1.13.1-py3-none-any.whl.metadata (7.4 kB)
2025-08-17T15:20:43.6158393Z Collecting apscheduler==3.10.4 (from -r requirements-dev.txt (line 4))
2025-08-17T15:20:43.6170092Z   Using cached APScheduler-3.10.4-py3-none-any.whl.metadata (5.7 kB)
2025-08-17T15:20:43.6579579Z Collecting asyncpg==0.30.0 (from -r requirements-dev.txt (line 5))
2025-08-17T15:20:43.6591466Z   Using cached asyncpg-0.30.0-cp312-cp312-manylinux_2_17_x86_64.manylinux2014_x86_64.whl.metadata (5.0 kB)
2025-08-17T15:20:43.7016779Z Collecting black==25.1.0 (from -r requirements-dev.txt (line 6))
2025-08-17T15:20:43.7028847Z   Using cached black-25.1.0-cp312-cp312-manylinux_2_17_x86_64.manylinux2014_x86_64.manylinux_2_28_x86_64.whl.metadata (81 kB)
2025-08-17T15:20:44.0200718Z Collecting boto3 (from -r requirements-dev.txt (line 7))
2025-08-17T15:20:44.0213216Z   Using cached boto3-1.40.11-py3-none-any.whl.metadata (6.7 kB)
2025-08-17T15:20:44.0511518Z Collecting celery==5.4.0 (from -r requirements-dev.txt (line 8))
2025-08-17T15:20:44.0523176Z   Using cached celery-5.4.0-py3-none-any.whl.metadata (21 kB)
2025-08-17T15:20:44.1101439Z Collecting fastapi==0.116.1 (from -r requirements-dev.txt (line 9))
2025-08-17T15:20:44.1117818Z   Using cached fastapi-0.116.1-py3-none-any.whl.metadata (28 kB)
2025-08-17T15:20:44.1344094Z Collecting httpx<0.29,>=0.27 (from -r requirements-dev.txt (line 11))
2025-08-17T15:20:44.1355764Z   Using cached httpx-0.28.1-py3-none-any.whl.metadata (7.1 kB)
2025-08-17T15:20:44.1465104Z Collecting imapclient==3.0.1 (from -r requirements-dev.txt (line 12))
2025-08-17T15:20:44.1476311Z   Using cached IMAPClient-3.0.1-py2.py3-none-any.whl.metadata (1.7 kB)
2025-08-17T15:20:44.1566707Z Collecting itsdangerous (from -r requirements-dev.txt (line 13))
2025-08-17T15:20:44.1579120Z   Using cached itsdangerous-2.2.0-py3-none-any.whl.metadata (1.9 kB)
2025-08-17T15:20:44.2512479Z Collecting mypy==1.* (from -r requirements-dev.txt (line 14))
2025-08-17T15:20:44.2524010Z   Using cached mypy-1.17.1-cp312-cp312-manylinux2014_x86_64.manylinux_2_17_x86_64.manylinux_2_28_x86_64.whl.metadata (2.2 kB)
2025-08-17T15:20:44.2604096Z Collecting mypy-extensions==1.1.0 (from -r requirements-dev.txt (line 15))
2025-08-17T15:20:44.2615802Z   Using cached mypy_extensions-1.1.0-py3-none-any.whl.metadata (1.1 kB)
2025-08-17T15:20:44.4348892Z Collecting numpy<2 (from -r requirements-dev.txt (line 16))
2025-08-17T15:20:44.4361805Z   Using cached numpy-1.26.4-cp312-cp312-manylinux_2_17_x86_64.manylinux2014_x86_64.whl.metadata (61 kB)
2025-08-17T15:20:44.4591632Z Collecting openpyxl==3.1.5 (from -r requirements-dev.txt (line 17))
2025-08-17T15:20:44.4602778Z   Using cached openpyxl-3.1.5-py2.py3-none-any.whl.metadata (2.5 kB)
2025-08-17T15:20:44.5612023Z Collecting pandas==2.2.* (from -r requirements-dev.txt (line 18))
2025-08-17T15:20:44.5623663Z   Using cached pandas-2.2.3-cp312-cp312-manylinux_2_17_x86_64.manylinux2014_x86_64.whl.metadata (89 kB)
2025-08-17T15:20:44.6502078Z Collecting psycopg2-binary==2.9.9 (from -r requirements-dev.txt (line 19))
2025-08-17T15:20:44.6513591Z   Using cached psycopg2_binary-2.9.9-cp312-cp312-manylinux_2_17_x86_64.manylinux2014_x86_64.whl.metadata (4.4 kB)
2025-08-17T15:20:44.6659178Z Collecting psycopg==3.2.9 (from psycopg[binary]==3.2.9->-r requirements-dev.txt (line 20))
2025-08-17T15:20:44.6670490Z   Using cached psycopg-3.2.9-py3-none-any.whl.metadata (4.5 kB)
2025-08-17T15:20:44.7700413Z Collecting pydantic==2.11.7 (from -r requirements-dev.txt (line 21))
2025-08-17T15:20:44.7711625Z   Using cached pydantic-2.11.7-py3-none-any.whl.metadata (67 kB)
2025-08-17T15:20:44.8884417Z Collecting setuptools (from -r requirements-dev.txt (line 22))
2025-08-17T15:20:44.8895769Z   Using cached setuptools-80.9.0-py3-none-any.whl.metadata (6.6 kB)
2025-08-17T15:20:44.9139514Z Collecting pytest-asyncio==0.23.6 (from -r requirements-dev.txt (line 23))
2025-08-17T15:20:44.9150770Z   Using cached pytest_asyncio-0.23.6-py3-none-any.whl.metadata (3.9 kB)
2025-08-17T15:20:44.9289229Z Collecting pytest-cov==6.2.1 (from -r requirements-dev.txt (line 24))
2025-08-17T15:20:44.9300793Z   Using cached pytest_cov-6.2.1-py3-none-any.whl.metadata (30 kB)
2025-08-17T15:20:44.9468903Z Collecting pytest-postgresql==7.0.2 (from -r requirements-dev.txt (line 25))
2025-08-17T15:20:44.9479601Z   Using cached pytest_postgresql-7.0.2-py3-none-any.whl.metadata (18 kB)
2025-08-17T15:20:44.9681370Z Collecting python-dotenv (from -r requirements-dev.txt (line 26))
2025-08-17T15:20:44.9692899Z   Using cached python_dotenv-1.1.1-py3-none-any.whl.metadata (24 kB)
2025-08-17T15:20:44.9811490Z Collecting python-multipart (from -r requirements-dev.txt (line 27))
2025-08-17T15:20:44.9822556Z   Using cached python_multipart-0.0.20-py3-none-any.whl.metadata (1.8 kB)
2025-08-17T15:20:45.0109122Z Collecting python-telegram-bot==22.2 (from -r requirements-dev.txt (line 28))
2025-08-17T15:20:45.0120823Z   Using cached python_telegram_bot-22.2-py3-none-any.whl.metadata (17 kB)
2025-08-17T15:20:45.0399516Z Collecting requests==2.32.4 (from -r requirements-dev.txt (line 29))
2025-08-17T15:20:45.0411237Z   Using cached requests-2.32.4-py3-none-any.whl.metadata (4.9 kB)
2025-08-17T15:20:45.0604069Z Collecting respx==0.22.0 (from -r requirements-dev.txt (line 30))
2025-08-17T15:20:45.0615673Z   Using cached respx-0.22.0-py2.py3-none-any.whl.metadata (4.1 kB)
2025-08-17T15:20:45.4034376Z Collecting ruff==0.4.4 (from -r requirements-dev.txt (line 31))
2025-08-17T15:20:45.4047629Z   Using cached ruff-0.4.4-py3-none-manylinux_2_17_x86_64.manylinux2014_x86_64.whl.metadata (23 kB)
2025-08-17T15:20:45.6556740Z Collecting sqlalchemy==2.0.29 (from -r requirements-dev.txt (line 32))
2025-08-17T15:20:45.6569446Z   Using cached SQLAlchemy-2.0.29-cp312-cp312-manylinux_2_17_x86_64.manylinux2014_x86_64.whl.metadata (9.6 kB)
2025-08-17T15:20:45.6785160Z Collecting testcontainers==4.10.0 (from testcontainers[postgres]==4.10.0->-r requirements-dev.txt (line 33))
2025-08-17T15:20:45.6796229Z   Using cached testcontainers-4.10.0-py3-none-any.whl.metadata (7.8 kB)
2025-08-17T15:20:45.7142233Z Collecting types-requests==2.32.0.20240602 (from -r requirements-dev.txt (line 34))
2025-08-17T15:20:45.7153080Z   Using cached types_requests-2.32.0.20240602-py3-none-any.whl.metadata (1.8 kB)
2025-08-17T15:20:45.8015457Z Collecting docspec-python==2.2.2 (from -r requirements-dev.txt (line 35))
2025-08-17T15:20:45.8026079Z   Using cached docspec_python-2.2.2-py3-none-any.whl.metadata (1.0 kB)
2025-08-17T15:20:45.8896440Z Collecting pydoc-markdown==4.8.2 (from -r requirements-dev.txt (line 36))
2025-08-17T15:20:45.8907447Z   Using cached pydoc_markdown-4.8.2-py3-none-any.whl.metadata (5.9 kB)
2025-08-17T15:20:45.9170581Z Collecting pandera==0.19.* (from -r requirements-dev.txt (line 37))
2025-08-17T15:20:45.9181537Z   Using cached pandera-0.19.3-py3-none-any.whl.metadata (15 kB)
2025-08-17T15:20:45.9680881Z Collecting MarkupSafe>=2.0 (from Jinja2==3.1.6->-r requirements-dev.txt (line 2))
2025-08-17T15:20:45.9692252Z   Using cached MarkupSafe-3.0.2-cp312-cp312-manylinux_2_17_x86_64.manylinux2014_x86_64.whl.metadata (4.0 kB)
2025-08-17T15:20:45.9931218Z Collecting Mako (from alembic==1.13.1->-r requirements-dev.txt (line 3))
2025-08-17T15:20:45.9942499Z   Using cached mako-1.3.10-py3-none-any.whl.metadata (2.9 kB)
2025-08-17T15:20:46.0485553Z Collecting typing-extensions>=4 (from alembic==1.13.1->-r requirements-dev.txt (line 3))
2025-08-17T15:20:46.0498213Z   Using cached typing_extensions-4.14.1-py3-none-any.whl.metadata (3.0 kB)
2025-08-17T15:20:46.0622382Z Collecting six>=1.4.0 (from apscheduler==3.10.4->-r requirements-dev.txt (line 4))
2025-08-17T15:20:46.0633786Z   Using cached six-1.17.0-py2.py3-none-any.whl.metadata (1.7 kB)
2025-08-17T15:20:46.0944862Z Collecting pytz (from apscheduler==3.10.4->-r requirements-dev.txt (line 4))
2025-08-17T15:20:46.0956425Z   Using cached pytz-2025.2-py2.py3-none-any.whl.metadata (22 kB)
2025-08-17T15:20:46.1118142Z Collecting tzlocal!=3.*,>=2.0 (from apscheduler==3.10.4->-r requirements-dev.txt (line 4))
2025-08-17T15:20:46.1129548Z   Using cached tzlocal-5.3.1-py3-none-any.whl.metadata (7.6 kB)
2025-08-17T15:20:46.1309651Z Collecting click>=8.0.0 (from black==25.1.0->-r requirements-dev.txt (line 6))
2025-08-17T15:20:46.1321158Z   Using cached click-8.2.1-py3-none-any.whl.metadata (2.5 kB)
2025-08-17T15:20:46.1458020Z Collecting packaging>=22.0 (from black==25.1.0->-r requirements-dev.txt (line 6))
2025-08-17T15:20:46.1469508Z   Using cached packaging-25.0-py3-none-any.whl.metadata (3.3 kB)
2025-08-17T15:20:46.1562186Z Collecting pathspec>=0.9.0 (from black==25.1.0->-r requirements-dev.txt (line 6))
2025-08-17T15:20:46.1573484Z   Using cached pathspec-0.12.1-py3-none-any.whl.metadata (21 kB)
2025-08-17T15:20:46.1741102Z Collecting platformdirs>=2 (from black==25.1.0->-r requirements-dev.txt (line 6))
2025-08-17T15:20:46.1752638Z   Using cached platformdirs-4.3.8-py3-none-any.whl.metadata (12 kB)
2025-08-17T15:20:46.1958955Z Collecting billiard<5.0,>=4.2.0 (from celery==5.4.0->-r requirements-dev.txt (line 8))
2025-08-17T15:20:46.1970456Z   Using cached billiard-4.2.1-py3-none-any.whl.metadata (4.4 kB)
2025-08-17T15:20:46.2232273Z Collecting kombu<6.0,>=5.3.4 (from celery==5.4.0->-r requirements-dev.txt (line 8))
2025-08-17T15:20:46.2243809Z   Using cached kombu-5.5.4-py3-none-any.whl.metadata (3.5 kB)
2025-08-17T15:20:46.2394306Z Collecting vine<6.0,>=5.1.0 (from celery==5.4.0->-r requirements-dev.txt (line 8))
2025-08-17T15:20:46.2405321Z   Using cached vine-5.1.0-py3-none-any.whl.metadata (2.7 kB)
2025-08-17T15:20:46.2554470Z Collecting click-didyoumean>=0.3.0 (from celery==5.4.0->-r requirements-dev.txt (line 8))
2025-08-17T15:20:46.2565720Z   Using cached click_didyoumean-0.3.1-py3-none-any.whl.metadata (3.9 kB)
2025-08-17T15:20:46.2651851Z Collecting click-repl>=0.2.0 (from celery==5.4.0->-r requirements-dev.txt (line 8))
2025-08-17T15:20:46.2663217Z   Using cached click_repl-0.3.0-py3-none-any.whl.metadata (3.6 kB)
2025-08-17T15:20:46.2753831Z Collecting click-plugins>=1.1.1 (from celery==5.4.0->-r requirements-dev.txt (line 8))
2025-08-17T15:20:46.2765485Z   Using cached click_plugins-1.1.1.2-py2.py3-none-any.whl.metadata (6.5 kB)
2025-08-17T15:20:46.2878118Z Collecting tzdata>=2022.7 (from celery==5.4.0->-r requirements-dev.txt (line 8))
2025-08-17T15:20:46.2890272Z   Using cached tzdata-2025.2-py2.py3-none-any.whl.metadata (1.4 kB)
2025-08-17T15:20:46.2991558Z Collecting python-dateutil>=2.8.2 (from celery==5.4.0->-r requirements-dev.txt (line 8))
2025-08-17T15:20:46.3003168Z   Using cached python_dateutil-2.9.0.post0-py2.py3-none-any.whl.metadata (8.4 kB)
2025-08-17T15:20:46.3297711Z Collecting starlette<0.48.0,>=0.40.0 (from fastapi==0.116.1->-r requirements-dev.txt (line 9))
2025-08-17T15:20:46.3309240Z   Using cached starlette-0.47.2-py3-none-any.whl.metadata (6.2 kB)
2025-08-17T15:20:46.3743336Z Collecting annotated-types>=0.6.0 (from pydantic==2.11.7->-r requirements-dev.txt (line 21))
2025-08-17T15:20:46.3754920Z   Using cached annotated_types-0.7.0-py3-none-any.whl.metadata (15 kB)
2025-08-17T15:20:47.0197246Z Collecting pydantic-core==2.33.2 (from pydantic==2.11.7->-r requirements-dev.txt (line 21))
2025-08-17T15:20:47.0211122Z   Using cached pydantic_core-2.33.2-cp312-cp312-manylinux_2_17_x86_64.manylinux2014_x86_64.whl.metadata (6.8 kB)
2025-08-17T15:20:47.0331358Z Collecting typing-inspection>=0.4.0 (from pydantic==2.11.7->-r requirements-dev.txt (line 21))
2025-08-17T15:20:47.0342786Z   Using cached typing_inspection-0.4.1-py3-none-any.whl.metadata (2.6 kB)
2025-08-17T15:20:47.0440185Z Collecting et-xmlfile (from openpyxl==3.1.5->-r requirements-dev.txt (line 17))
2025-08-17T15:20:47.0451661Z   Using cached et_xmlfile-2.0.0-py3-none-any.whl.metadata (2.7 kB)
2025-08-17T15:20:47.0849423Z Collecting pytest<9,>=7.0.0 (from pytest-asyncio==0.23.6->-r requirements-dev.txt (line 23))
2025-08-17T15:20:47.0861229Z   Using cached pytest-8.4.1-py3-none-any.whl.metadata (7.7 kB)
2025-08-17T15:20:47.4105011Z Collecting coverage>=7.5 (from coverage[toml]>=7.5->pytest-cov==6.2.1->-r requirements-dev.txt (line 24))
2025-08-17T15:20:47.4118935Z   Using cached coverage-7.10.4-cp312-cp312-manylinux1_x86_64.manylinux_2_28_x86_64.manylinux_2_5_x86_64.whl.metadata (8.9 kB)
2025-08-17T15:20:47.4230840Z Collecting pluggy>=1.2 (from pytest-cov==6.2.1->-r requirements-dev.txt (line 24))
2025-08-17T15:20:47.4242540Z   Using cached pluggy-1.6.0-py3-none-any.whl.metadata (4.8 kB)
2025-08-17T15:20:47.4470744Z Collecting port-for>=0.7.3 (from pytest-postgresql==7.0.2->-r requirements-dev.txt (line 25))
2025-08-17T15:20:47.4482230Z   Using cached port_for-0.7.4-py3-none-any.whl.metadata (7.1 kB)
2025-08-17T15:20:47.4602961Z Collecting mirakuru>=2.6.0 (from pytest-postgresql==7.0.2->-r requirements-dev.txt (line 25))
2025-08-17T15:20:47.4614149Z   Using cached mirakuru-2.6.1-py3-none-any.whl.metadata (10 kB)
2025-08-17T15:20:47.5382732Z Collecting charset_normalizer<4,>=2 (from requests==2.32.4->-r requirements-dev.txt (line 29))
2025-08-17T15:20:47.5394833Z   Using cached charset_normalizer-3.4.3-cp312-cp312-manylinux2014_x86_64.manylinux_2_17_x86_64.manylinux_2_28_x86_64.whl.metadata (36 kB)
2025-08-17T15:20:47.5526721Z Collecting idna<4,>=2.5 (from requests==2.32.4->-r requirements-dev.txt (line 29))
2025-08-17T15:20:47.5538171Z   Using cached idna-3.10-py3-none-any.whl.metadata (10 kB)
2025-08-17T15:20:47.5791771Z Collecting urllib3<3,>=1.21.1 (from requests==2.32.4->-r requirements-dev.txt (line 29))
2025-08-17T15:20:47.5802948Z   Using cached urllib3-2.5.0-py3-none-any.whl.metadata (6.5 kB)
2025-08-17T15:20:47.5982720Z Collecting certifi>=2017.4.17 (from requests==2.32.4->-r requirements-dev.txt (line 29))
2025-08-17T15:20:47.5994268Z   Using cached certifi-2025.8.3-py3-none-any.whl.metadata (2.4 kB)
2025-08-17T15:20:47.7902543Z Collecting greenlet!=0.4.17 (from sqlalchemy==2.0.29->-r requirements-dev.txt (line 32))
2025-08-17T15:20:47.7915981Z   Using cached greenlet-3.2.4-cp312-cp312-manylinux_2_24_x86_64.manylinux_2_28_x86_64.whl.metadata (4.1 kB)
2025-08-17T15:20:47.8109479Z Collecting docker (from testcontainers==4.10.0->testcontainers[postgres]==4.10.0->-r requirements-dev.txt (line 33))
2025-08-17T15:20:47.8121134Z   Using cached docker-7.1.0-py3-none-any.whl.metadata (3.8 kB)
2025-08-17T15:20:47.9012714Z Collecting wrapt (from testcontainers==4.10.0->testcontainers[postgres]==4.10.0->-r requirements-dev.txt (line 33))
2025-08-17T15:20:47.9025126Z   Using cached wrapt-1.17.3-cp312-cp312-manylinux1_x86_64.manylinux_2_28_x86_64.manylinux_2_5_x86_64.whl.metadata (6.4 kB)
2025-08-17T15:20:47.9923349Z Collecting docspec==2.2.1 (from docspec-python==2.2.2->-r requirements-dev.txt (line 35))
2025-08-17T15:20:47.9934910Z   Using cached docspec-2.2.1-py3-none-any.whl.metadata (1.5 kB)
2025-08-17T15:20:48.0762558Z Collecting nr-util>=0.8.12 (from docspec-python==2.2.2->-r requirements-dev.txt (line 35))
2025-08-17T15:20:48.0773950Z   Using cached nr.util-0.8.12-py3-none-any.whl.metadata (813 bytes)
2025-08-17T15:20:48.1091884Z Collecting PyYAML<7.0,>=5.0 (from pydoc-markdown==4.8.2->-r requirements-dev.txt (line 36))
2025-08-17T15:20:48.1103867Z   Using cached PyYAML-6.0.2-cp312-cp312-manylinux_2_17_x86_64.manylinux2014_x86_64.whl.metadata (2.1 kB)
2025-08-17T15:20:48.2034342Z Collecting databind.core<5.0.0,>=4.4.0 (from pydoc-markdown==4.8.2->-r requirements-dev.txt (line 36))
2025-08-17T15:20:48.2046312Z   Using cached databind.core-4.5.2-py3-none-any.whl.metadata (1.1 kB)
2025-08-17T15:20:48.2926499Z Collecting databind.json<5.0.0,>=4.4.0 (from pydoc-markdown==4.8.2->-r requirements-dev.txt (line 36))
2025-08-17T15:20:48.2937937Z   Using cached databind.json-4.5.2-py3-none-any.whl.metadata (1.1 kB)
2025-08-17T15:20:48.3053324Z Collecting docstring-parser<0.12,>=0.11 (from pydoc-markdown==4.8.2->-r requirements-dev.txt (line 36))
2025-08-17T15:20:48.3054755Z   Using cached docstring_parser-0.11-py3-none-any.whl
2025-08-17T15:20:48.3336081Z Collecting tomli<3.0.0,>=2.0.0 (from pydoc-markdown==4.8.2->-r requirements-dev.txt (line 36))
2025-08-17T15:20:48.3347767Z   Using cached tomli-2.2.1-cp312-cp312-manylinux_2_17_x86_64.manylinux2014_x86_64.whl.metadata (11 kB)
2025-08-17T15:20:48.3442706Z Collecting tomli_w<2.0.0,>=1.0.0 (from pydoc-markdown==4.8.2->-r requirements-dev.txt (line 36))
2025-08-17T15:20:48.3454106Z   Using cached tomli_w-1.2.0-py3-none-any.whl.metadata (5.7 kB)
2025-08-17T15:20:48.3885858Z Collecting watchdog (from pydoc-markdown==4.8.2->-r requirements-dev.txt (line 36))
2025-08-17T15:20:48.3897655Z   Using cached watchdog-6.0.0-py3-none-manylinux2014_x86_64.whl.metadata (44 kB)
2025-08-17T15:20:48.4101368Z Collecting yapf>=0.30.0 (from pydoc-markdown==4.8.2->-r requirements-dev.txt (line 36))
2025-08-17T15:20:48.4114208Z   Using cached yapf-0.43.0-py3-none-any.whl.metadata (46 kB)
2025-08-17T15:20:48.4311558Z Collecting Deprecated<2.0.0,>=1.2.12 (from docspec==2.2.1->docspec-python==2.2.2->-r requirements-dev.txt (line 35))
2025-08-17T15:20:48.4323077Z   Using cached Deprecated-1.2.18-py2.py3-none-any.whl.metadata (5.7 kB)
2025-08-17T15:20:48.5833947Z Collecting psycopg-binary==3.2.9 (from psycopg[binary]==3.2.9->-r requirements-dev.txt (line 20))
2025-08-17T15:20:48.5845668Z   Using cached psycopg_binary-3.2.9-cp312-cp312-manylinux_2_17_x86_64.manylinux2014_x86_64.whl.metadata (2.9 kB)
2025-08-17T15:20:48.6124835Z Collecting anyio (from httpx<0.29,>=0.27->-r requirements-dev.txt (line 11))
2025-08-17T15:20:48.6136093Z   Using cached anyio-4.10.0-py3-none-any.whl.metadata (4.0 kB)
2025-08-17T15:20:48.6304865Z Collecting httpcore==1.* (from httpx<0.29,>=0.27->-r requirements-dev.txt (line 11))
2025-08-17T15:20:48.6315933Z   Using cached httpcore-1.0.9-py3-none-any.whl.metadata (21 kB)
2025-08-17T15:20:48.6641349Z Collecting multimethod<=1.10.0 (from pandera==0.19.*->-r requirements-dev.txt (line 37))
2025-08-17T15:20:48.6652332Z   Using cached multimethod-1.10-py3-none-any.whl.metadata (8.2 kB)
2025-08-17T15:20:48.7004101Z Collecting typeguard (from pandera==0.19.*->-r requirements-dev.txt (line 37))
2025-08-17T15:20:48.7014756Z   Using cached typeguard-4.4.4-py3-none-any.whl.metadata (3.3 kB)
2025-08-17T15:20:48.7117827Z Collecting typing-inspect>=0.6.0 (from pandera==0.19.*->-r requirements-dev.txt (line 37))
2025-08-17T15:20:48.7128398Z   Using cached typing_inspect-0.9.0-py3-none-any.whl.metadata (1.5 kB)
2025-08-17T15:20:48.8049900Z Collecting databind<5.0.0,>=4.5.2 (from databind.core<5.0.0,>=4.4.0->pydoc-markdown==4.8.2->-r requirements-dev.txt (line 36))
2025-08-17T15:20:48.8060299Z   Using cached databind-4.5.2-py3-none-any.whl.metadata (4.3 kB)
2025-08-17T15:20:48.8864690Z Collecting nr-date<3.0.0,>=2.0.0 (from databind<5.0.0,>=4.5.2->databind.core<5.0.0,>=4.4.0->pydoc-markdown==4.8.2->-r requirements-dev.txt (line 36))
2025-08-17T15:20:48.8875124Z   Using cached nr_date-2.1.0-py3-none-any.whl.metadata (746 bytes)
2025-08-17T15:20:48.9625831Z Collecting nr-stream<2.0.0,>=1.0.0 (from databind<5.0.0,>=4.5.2->databind.core<5.0.0,>=4.4.0->pydoc-markdown==4.8.2->-r requirements-dev.txt (line 36))
2025-08-17T15:20:48.9636619Z   Using cached nr_stream-1.1.5-py3-none-any.whl.metadata (3.6 kB)
2025-08-17T15:20:49.0509004Z Collecting typeapi<3,>=2.0.1 (from databind<5.0.0,>=4.5.2->databind.core<5.0.0,>=4.4.0->pydoc-markdown==4.8.2->-r requirements-dev.txt (line 36))
2025-08-17T15:20:49.0519675Z   Using cached typeapi-2.2.4-py3-none-any.whl.metadata (1.5 kB)
2025-08-17T15:20:49.0782912Z Collecting h11>=0.16 (from httpcore==1.*->httpx<0.29,>=0.27->-r requirements-dev.txt (line 11))
2025-08-17T15:20:49.0793850Z   Using cached h11-0.16.0-py3-none-any.whl.metadata (8.3 kB)
2025-08-17T15:20:49.1003898Z Collecting amqp<6.0.0,>=5.1.1 (from kombu<6.0,>=5.3.4->celery==5.4.0->-r requirements-dev.txt (line 8))
2025-08-17T15:20:49.1014787Z   Using cached amqp-5.3.1-py3-none-any.whl.metadata (8.9 kB)
2025-08-17T15:20:49.1381599Z Collecting iniconfig>=1 (from pytest<9,>=7.0.0->pytest-asyncio==0.23.6->-r requirements-dev.txt (line 23))
2025-08-17T15:20:49.1392315Z   Using cached iniconfig-2.1.0-py3-none-any.whl.metadata (2.7 kB)
2025-08-17T15:20:49.1578129Z Collecting pygments>=2.7.2 (from pytest<9,>=7.0.0->pytest-asyncio==0.23.6->-r requirements-dev.txt (line 23))
2025-08-17T15:20:49.1588923Z   Using cached pygments-2.19.2-py3-none-any.whl.metadata (2.5 kB)
2025-08-17T15:20:49.1908223Z Collecting sniffio>=1.1 (from anyio->httpx<0.29,>=0.27->-r requirements-dev.txt (line 11))
2025-08-17T15:20:49.1919237Z   Using cached sniffio-1.3.1-py3-none-any.whl.metadata (3.9 kB)
2025-08-17T15:20:49.6020851Z Collecting botocore<1.41.0,>=1.40.11 (from boto3->-r requirements-dev.txt (line 7))
2025-08-17T15:20:49.6034064Z   Using cached botocore-1.40.11-py3-none-any.whl.metadata (5.7 kB)
2025-08-17T15:20:49.6159379Z Collecting jmespath<2.0.0,>=0.7.1 (from boto3->-r requirements-dev.txt (line 7))
2025-08-17T15:20:49.6170421Z   Using cached jmespath-1.0.1-py3-none-any.whl.metadata (7.6 kB)
2025-08-17T15:20:49.6309086Z Collecting s3transfer<0.14.0,>=0.13.0 (from boto3->-r requirements-dev.txt (line 7))
2025-08-17T15:20:49.6320335Z   Using cached s3transfer-0.13.1-py3-none-any.whl.metadata (1.7 kB)
2025-08-17T15:20:49.7722755Z Collecting fastapi-cli>=0.0.8 (from fastapi-cli[standard]>=0.0.8; extra == "all"->fastapi[all]->-r requirements-dev.txt (line 10))
2025-08-17T15:20:49.7733295Z   Using cached fastapi_cli-0.0.8-py3-none-any.whl.metadata (6.3 kB)
2025-08-17T15:20:49.8472358Z Collecting ujson!=4.0.2,!=4.1.0,!=4.2.0,!=4.3.0,!=5.0.0,!=5.1.0,>=4.0.1 (from fastapi[all]->-r requirements-dev.txt (line 10))
2025-08-17T15:20:49.8483594Z   Using cached ujson-5.10.0-cp312-cp312-manylinux_2_17_x86_64.manylinux2014_x86_64.whl.metadata (9.3 kB)
2025-08-17T15:20:50.0819271Z Collecting orjson>=3.2.1 (from fastapi[all]->-r requirements-dev.txt (line 10))
2025-08-17T15:20:50.0832423Z   Using cached orjson-3.11.2-cp312-cp312-manylinux_2_17_x86_64.manylinux2014_x86_64.whl.metadata (1.2 kB)
2025-08-17T15:20:50.0958183Z Collecting email-validator>=2.0.0 (from fastapi[all]->-r requirements-dev.txt (line 10))
2025-08-17T15:20:50.0970907Z   Using cached email_validator-2.2.0-py3-none-any.whl.metadata (25 kB)
2025-08-17T15:20:50.1237845Z Collecting uvicorn>=0.12.0 (from uvicorn[standard]>=0.12.0; extra == "all"->fastapi[all]->-r requirements-dev.txt (line 10))
2025-08-17T15:20:50.1249400Z   Using cached uvicorn-0.35.0-py3-none-any.whl.metadata (6.5 kB)
2025-08-17T15:20:50.1400286Z Collecting pydantic-settings>=2.0.0 (from fastapi[all]->-r requirements-dev.txt (line 10))
2025-08-17T15:20:50.1412090Z   Using cached pydantic_settings-2.10.1-py3-none-any.whl.metadata (3.4 kB)
2025-08-17T15:20:50.1532222Z Collecting pydantic-extra-types>=2.0.0 (from fastapi[all]->-r requirements-dev.txt (line 10))
2025-08-17T15:20:50.1543663Z   Using cached pydantic_extra_types-2.10.5-py3-none-any.whl.metadata (3.9 kB)
2025-08-17T15:20:50.2183047Z Collecting prompt-toolkit>=3.0.36 (from click-repl>=0.2.0->celery==5.4.0->-r requirements-dev.txt (line 8))
2025-08-17T15:20:50.2194512Z   Using cached prompt_toolkit-3.0.51-py3-none-any.whl.metadata (6.4 kB)
2025-08-17T15:20:50.2356663Z Collecting dnspython>=2.0.0 (from email-validator>=2.0.0->fastapi[all]->-r requirements-dev.txt (line 10))
2025-08-17T15:20:50.2367961Z   Using cached dnspython-2.7.0-py3-none-any.whl.metadata (5.8 kB)
2025-08-17T15:20:50.2637640Z Collecting typer>=0.15.1 (from fastapi-cli>=0.0.8->fastapi-cli[standard]>=0.0.8; extra == "all"->fastapi[all]->-r requirements-dev.txt (line 10))
2025-08-17T15:20:50.2649263Z   Using cached typer-0.16.0-py3-none-any.whl.metadata (15 kB)
2025-08-17T15:20:50.2893164Z Collecting rich-toolkit>=0.14.8 (from fastapi-cli>=0.0.8->fastapi-cli[standard]>=0.0.8; extra == "all"->fastapi[all]->-r requirements-dev.txt (line 10))
2025-08-17T15:20:50.2904572Z   Using cached rich_toolkit-0.15.0-py3-none-any.whl.metadata (1.0 kB)
2025-08-17T15:20:50.3008710Z Collecting fastapi-cloud-cli>=0.1.1 (from fastapi-cli[standard]>=0.0.8; extra == "all"->fastapi[all]->-r requirements-dev.txt (line 10))
2025-08-17T15:20:50.3020220Z   Using cached fastapi_cloud_cli-0.1.5-py3-none-any.whl.metadata (3.2 kB)
2025-08-17T15:20:50.3703487Z Collecting rignore>=0.5.1 (from fastapi-cloud-cli>=0.1.1->fastapi-cli[standard]>=0.0.8; extra == "all"->fastapi[all]->-r requirements-dev.txt (line 10))
2025-08-17T15:20:50.3715373Z   Using cached rignore-0.6.4-cp312-cp312-manylinux_2_17_x86_64.manylinux2014_x86_64.whl.metadata (3.8 kB)
2025-08-17T15:20:50.4523033Z Collecting sentry-sdk>=2.20.0 (from fastapi-cloud-cli>=0.1.1->fastapi-cli[standard]>=0.0.8; extra == "all"->fastapi[all]->-r requirements-dev.txt (line 10))
2025-08-17T15:20:50.4534624Z   Using cached sentry_sdk-2.35.0-py2.py3-none-any.whl.metadata (10 kB)
2025-08-17T15:20:50.5418897Z Collecting psutil>=4.0.0 (from mirakuru>=2.6.0->pytest-postgresql==7.0.2->-r requirements-dev.txt (line 25))
2025-08-17T15:20:50.5430936Z   Using cached psutil-7.0.0-cp36-abi3-manylinux_2_12_x86_64.manylinux2010_x86_64.manylinux_2_17_x86_64.manylinux2014_x86_64.whl.metadata (22 kB)
2025-08-17T15:20:50.5715472Z Collecting wcwidth (from prompt-toolkit>=3.0.36->click-repl>=0.2.0->celery==5.4.0->-r requirements-dev.txt (line 8))
2025-08-17T15:20:50.5726717Z   Using cached wcwidth-0.2.13-py2.py3-none-any.whl.metadata (14 kB)
2025-08-17T15:20:50.6916120Z Collecting rich>=13.7.1 (from rich-toolkit>=0.14.8->fastapi-cli>=0.0.8->fastapi-cli[standard]>=0.0.8; extra == "all"->fastapi[all]->-r requirements-dev.txt (line 10))
2025-08-17T15:20:50.6927465Z   Using cached rich-14.1.0-py3-none-any.whl.metadata (18 kB)
2025-08-17T15:20:50.7104545Z Collecting markdown-it-py>=2.2.0 (from rich>=13.7.1->rich-toolkit>=0.14.8->fastapi-cli>=0.0.8->fastapi-cli[standard]>=0.0.8; extra == "all"->fastapi[all]->-r requirements-dev.txt (line 10))
2025-08-17T15:20:50.7115903Z   Using cached markdown_it_py-4.0.0-py3-none-any.whl.metadata (7.3 kB)
2025-08-17T15:20:50.7300820Z Collecting mdurl~=0.1 (from markdown-it-py>=2.2.0->rich>=13.7.1->rich-toolkit>=0.14.8->fastapi-cli>=0.0.8->fastapi-cli[standard]>=0.0.8; extra == "all"->fastapi[all]->-r requirements-dev.txt (line 10))
2025-08-17T15:20:50.7312049Z   Using cached mdurl-0.1.2-py3-none-any.whl.metadata (1.6 kB)
2025-08-17T15:20:50.7823906Z Collecting shellingham>=1.3.0 (from typer>=0.15.1->fastapi-cli>=0.0.8->fastapi-cli[standard]>=0.0.8; extra == "all"->fastapi[all]->-r requirements-dev.txt (line 10))
2025-08-17T15:20:50.7835308Z   Using cached shellingham-1.5.4-py2.py3-none-any.whl.metadata (3.5 kB)
2025-08-17T15:20:50.8618736Z Collecting httptools>=0.6.3 (from uvicorn[standard]>=0.12.0; extra == "all"->fastapi[all]->-r requirements-dev.txt (line 10))
2025-08-17T15:20:50.8630782Z   Using cached httptools-0.6.4-cp312-cp312-manylinux_2_5_x86_64.manylinux1_x86_64.manylinux_2_17_x86_64.manylinux2014_x86_64.whl.metadata (3.6 kB)
2025-08-17T15:20:50.9034010Z Collecting uvloop>=0.15.1 (from uvicorn[standard]>=0.12.0; extra == "all"->fastapi[all]->-r requirements-dev.txt (line 10))
2025-08-17T15:20:50.9045763Z   Using cached uvloop-0.21.0-cp312-cp312-manylinux_2_17_x86_64.manylinux2014_x86_64.whl.metadata (4.9 kB)
2025-08-17T15:20:50.9709181Z Collecting watchfiles>=0.13 (from uvicorn[standard]>=0.12.0; extra == "all"->fastapi[all]->-r requirements-dev.txt (line 10))
2025-08-17T15:20:50.9721136Z   Using cached watchfiles-1.1.0-cp312-cp312-manylinux_2_17_x86_64.manylinux2014_x86_64.whl.metadata (4.9 kB)
2025-08-17T15:20:51.0529554Z Collecting websockets>=10.4 (from uvicorn[standard]>=0.12.0; extra == "all"->fastapi[all]->-r requirements-dev.txt (line 10))
2025-08-17T15:20:51.0542058Z   Using cached websockets-15.0.1-cp312-cp312-manylinux_2_5_x86_64.manylinux1_x86_64.manylinux_2_17_x86_64.manylinux2014_x86_64.whl.metadata (6.8 kB)
2025-08-17T15:20:51.1329177Z Using cached jinja2-3.1.6-py3-none-any.whl (134 kB)
2025-08-17T15:20:51.1341677Z Using cached alembic-1.13.1-py3-none-any.whl (233 kB)
2025-08-17T15:20:51.1354407Z Using cached APScheduler-3.10.4-py3-none-any.whl (59 kB)
2025-08-17T15:20:51.1366307Z Using cached asyncpg-0.30.0-cp312-cp312-manylinux_2_17_x86_64.manylinux2014_x86_64.whl (3.6 MB)
2025-08-17T15:20:51.1404563Z Using cached black-25.1.0-cp312-cp312-manylinux_2_17_x86_64.manylinux2014_x86_64.manylinux_2_28_x86_64.whl (1.8 MB)
2025-08-17T15:20:51.1428156Z Using cached celery-5.4.0-py3-none-any.whl (425 kB)
2025-08-17T15:20:51.1442476Z Using cached fastapi-0.116.1-py3-none-any.whl (95 kB)
2025-08-17T15:20:51.1454265Z Using cached pydantic-2.11.7-py3-none-any.whl (444 kB)
2025-08-17T15:20:51.1468363Z Using cached IMAPClient-3.0.1-py2.py3-none-any.whl (182 kB)
2025-08-17T15:20:51.1481000Z Using cached mypy_extensions-1.1.0-py3-none-any.whl (5.0 kB)
2025-08-17T15:20:51.1492144Z Using cached openpyxl-3.1.5-py2.py3-none-any.whl (250 kB)
2025-08-17T15:20:51.1505569Z Using cached psycopg2_binary-2.9.9-cp312-cp312-manylinux_2_17_x86_64.manylinux2014_x86_64.whl (3.0 MB)
2025-08-17T15:20:51.1545590Z Using cached psycopg-3.2.9-py3-none-any.whl (202 kB)
2025-08-17T15:20:51.1558241Z Using cached pytest_asyncio-0.23.6-py3-none-any.whl (17 kB)
2025-08-17T15:20:51.1569781Z Using cached pytest_cov-6.2.1-py3-none-any.whl (24 kB)
2025-08-17T15:20:51.1581083Z Using cached pytest_postgresql-7.0.2-py3-none-any.whl (41 kB)
2025-08-17T15:20:51.1592669Z Using cached python_telegram_bot-22.2-py3-none-any.whl (708 kB)
2025-08-17T15:20:51.1608974Z Using cached requests-2.32.4-py3-none-any.whl (64 kB)
2025-08-17T15:20:51.1620324Z Using cached respx-0.22.0-py2.py3-none-any.whl (25 kB)
2025-08-17T15:20:51.1631809Z Using cached ruff-0.4.4-py3-none-manylinux_2_17_x86_64.manylinux2014_x86_64.whl (8.7 MB)
2025-08-17T15:20:51.1709191Z Using cached SQLAlchemy-2.0.29-cp312-cp312-manylinux_2_17_x86_64.manylinux2014_x86_64.whl (3.2 MB)
2025-08-17T15:20:51.1743391Z Using cached testcontainers-4.10.0-py3-none-any.whl (107 kB)
2025-08-17T15:20:51.1755455Z Using cached types_requests-2.32.0.20240602-py3-none-any.whl (15 kB)
2025-08-17T15:20:51.1766613Z Using cached docspec_python-2.2.2-py3-none-any.whl (15 kB)
2025-08-17T15:20:51.1777891Z Using cached pydoc_markdown-4.8.2-py3-none-any.whl (67 kB)
2025-08-17T15:20:51.1789178Z Using cached docspec-2.2.1-py3-none-any.whl (9.8 kB)
2025-08-17T15:20:51.1800818Z Using cached psycopg_binary-3.2.9-cp312-cp312-manylinux_2_17_x86_64.manylinux2014_x86_64.whl (4.4 MB)
2025-08-17T15:20:51.1844654Z Using cached pydantic_core-2.33.2-cp312-cp312-manylinux_2_17_x86_64.manylinux2014_x86_64.whl (2.0 MB)
2025-08-17T15:20:51.1870001Z Using cached httpx-0.28.1-py3-none-any.whl (73 kB)
2025-08-17T15:20:51.1882008Z Using cached mypy-1.17.1-cp312-cp312-manylinux2014_x86_64.manylinux_2_17_x86_64.manylinux_2_28_x86_64.whl (12.7 MB)
2025-08-17T15:20:51.1985312Z Using cached numpy-1.26.4-cp312-cp312-manylinux_2_17_x86_64.manylinux2014_x86_64.whl (18.0 MB)
2025-08-17T15:20:51.2125202Z Using cached pandas-2.2.3-cp312-cp312-manylinux_2_17_x86_64.manylinux2014_x86_64.whl (12.7 MB)
2025-08-17T15:20:51.2224660Z Using cached pandera-0.19.3-py3-none-any.whl (251 kB)
2025-08-17T15:20:51.2237159Z Using cached billiard-4.2.1-py3-none-any.whl (86 kB)
2025-08-17T15:20:51.2249558Z Using cached charset_normalizer-3.4.3-cp312-cp312-manylinux2014_x86_64.manylinux_2_17_x86_64.manylinux_2_28_x86_64.whl (151 kB)
2025-08-17T15:20:51.2261620Z Using cached click-8.2.1-py3-none-any.whl (102 kB)
2025-08-17T15:20:51.2273402Z Using cached databind.core-4.5.2-py3-none-any.whl (1.5 kB)
2025-08-17T15:20:51.2284418Z Using cached databind-4.5.2-py3-none-any.whl (49 kB)
2025-08-17T15:20:51.2295745Z Using cached databind.json-4.5.2-py3-none-any.whl (1.5 kB)
2025-08-17T15:20:51.2306951Z Using cached Deprecated-1.2.18-py2.py3-none-any.whl (10.0 kB)
2025-08-17T15:20:51.2317992Z Using cached httpcore-1.0.9-py3-none-any.whl (78 kB)
2025-08-17T15:20:51.2330307Z Using cached idna-3.10-py3-none-any.whl (70 kB)
2025-08-17T15:20:51.2341761Z Using cached kombu-5.5.4-py3-none-any.whl (210 kB)
2025-08-17T15:20:51.2354054Z Using cached vine-5.1.0-py3-none-any.whl (9.6 kB)
2025-08-17T15:20:51.2365118Z Using cached amqp-5.3.1-py3-none-any.whl (50 kB)
2025-08-17T15:20:51.2376316Z Using cached multimethod-1.10-py3-none-any.whl (9.9 kB)
2025-08-17T15:20:51.2388077Z Using cached nr_date-2.1.0-py3-none-any.whl (10 kB)
2025-08-17T15:20:51.2399169Z Using cached nr_stream-1.1.5-py3-none-any.whl (10 kB)
2025-08-17T15:20:51.2410545Z Using cached nr.util-0.8.12-py3-none-any.whl (90 kB)
2025-08-17T15:20:51.2422118Z Using cached pytest-8.4.1-py3-none-any.whl (365 kB)
2025-08-17T15:20:51.2435623Z Using cached pluggy-1.6.0-py3-none-any.whl (20 kB)
2025-08-17T15:20:51.2447149Z Using cached PyYAML-6.0.2-cp312-cp312-manylinux_2_17_x86_64.manylinux2014_x86_64.whl (767 kB)
2025-08-17T15:20:51.2463605Z Using cached starlette-0.47.2-py3-none-any.whl (72 kB)
2025-08-17T15:20:51.2475104Z Using cached anyio-4.10.0-py3-none-any.whl (107 kB)
2025-08-17T15:20:51.2487177Z Using cached tomli-2.2.1-cp312-cp312-manylinux_2_17_x86_64.manylinux2014_x86_64.whl (242 kB)
2025-08-17T15:20:51.2499740Z Using cached tomli_w-1.2.0-py3-none-any.whl (6.7 kB)
2025-08-17T15:20:51.2510942Z Using cached typeapi-2.2.4-py3-none-any.whl (26 kB)
2025-08-17T15:20:51.2522226Z Using cached typing_extensions-4.14.1-py3-none-any.whl (43 kB)
2025-08-17T15:20:51.2533604Z Using cached urllib3-2.5.0-py3-none-any.whl (129 kB)
2025-08-17T15:20:51.2545939Z Using cached wrapt-1.17.3-cp312-cp312-manylinux1_x86_64.manylinux_2_28_x86_64.manylinux_2_5_x86_64.whl (88 kB)
2025-08-17T15:20:51.2557232Z Using cached boto3-1.40.11-py3-none-any.whl (140 kB)
2025-08-17T15:20:51.2569238Z Using cached botocore-1.40.11-py3-none-any.whl (14.0 MB)
2025-08-17T15:20:51.2678160Z Using cached jmespath-1.0.1-py3-none-any.whl (20 kB)
2025-08-17T15:20:51.2689775Z Using cached python_dateutil-2.9.0.post0-py2.py3-none-any.whl (229 kB)
2025-08-17T15:20:51.2702414Z Using cached s3transfer-0.13.1-py3-none-any.whl (85 kB)
2025-08-17T15:20:51.2714000Z Using cached itsdangerous-2.2.0-py3-none-any.whl (16 kB)
2025-08-17T15:20:51.2725341Z Using cached setuptools-80.9.0-py3-none-any.whl (1.2 MB)
2025-08-17T15:20:51.2744756Z Using cached python_dotenv-1.1.1-py3-none-any.whl (20 kB)
2025-08-17T15:20:51.2756269Z Using cached python_multipart-0.0.20-py3-none-any.whl (24 kB)
2025-08-17T15:20:51.2767452Z Using cached annotated_types-0.7.0-py3-none-any.whl (13 kB)
2025-08-17T15:20:51.2778984Z Using cached certifi-2025.8.3-py3-none-any.whl (161 kB)
2025-08-17T15:20:51.2791093Z Using cached click_didyoumean-0.3.1-py3-none-any.whl (3.6 kB)
2025-08-17T15:20:51.2802142Z Using cached click_plugins-1.1.1.2-py2.py3-none-any.whl (11 kB)
2025-08-17T15:20:51.2813095Z Using cached click_repl-0.3.0-py3-none-any.whl (10 kB)
2025-08-17T15:20:51.2824926Z Using cached coverage-7.10.4-cp312-cp312-manylinux1_x86_64.manylinux_2_28_x86_64.manylinux_2_5_x86_64.whl (251 kB)
2025-08-17T15:20:51.2837307Z Using cached email_validator-2.2.0-py3-none-any.whl (33 kB)
2025-08-17T15:20:51.2848712Z Using cached dnspython-2.7.0-py3-none-any.whl (313 kB)
2025-08-17T15:20:51.2862546Z Using cached fastapi_cli-0.0.8-py3-none-any.whl (10 kB)
2025-08-17T15:20:51.2873672Z Using cached fastapi_cloud_cli-0.1.5-py3-none-any.whl (18 kB)
2025-08-17T15:20:51.2885177Z Using cached greenlet-3.2.4-cp312-cp312-manylinux_2_24_x86_64.manylinux_2_28_x86_64.whl (607 kB)
2025-08-17T15:20:51.2900309Z Using cached h11-0.16.0-py3-none-any.whl (37 kB)
2025-08-17T15:20:51.2911580Z Using cached iniconfig-2.1.0-py3-none-any.whl (6.0 kB)
2025-08-17T15:20:51.2923086Z Using cached MarkupSafe-3.0.2-cp312-cp312-manylinux_2_17_x86_64.manylinux2014_x86_64.whl (23 kB)
2025-08-17T15:20:51.2934193Z Using cached mirakuru-2.6.1-py3-none-any.whl (26 kB)
2025-08-17T15:20:51.2945688Z Using cached orjson-3.11.2-cp312-cp312-manylinux_2_17_x86_64.manylinux2014_x86_64.whl (121 kB)
2025-08-17T15:20:51.2957288Z Using cached packaging-25.0-py3-none-any.whl (66 kB)
2025-08-17T15:20:51.2968914Z Using cached pathspec-0.12.1-py3-none-any.whl (31 kB)
2025-08-17T15:20:51.2980183Z Using cached platformdirs-4.3.8-py3-none-any.whl (18 kB)
2025-08-17T15:20:51.2991157Z Using cached port_for-0.7.4-py3-none-any.whl (21 kB)
2025-08-17T15:20:51.3002283Z Using cached prompt_toolkit-3.0.51-py3-none-any.whl (387 kB)
2025-08-17T15:20:51.3016928Z Using cached psutil-7.0.0-cp36-abi3-manylinux_2_12_x86_64.manylinux2010_x86_64.manylinux_2_17_x86_64.manylinux2014_x86_64.whl (277 kB)
2025-08-17T15:20:51.3029913Z Using cached pydantic_extra_types-2.10.5-py3-none-any.whl (38 kB)
2025-08-17T15:20:51.3041266Z Using cached pydantic_settings-2.10.1-py3-none-any.whl (45 kB)
2025-08-17T15:20:51.3052536Z Using cached pygments-2.19.2-py3-none-any.whl (1.2 MB)
2025-08-17T15:20:51.3072594Z Using cached pytz-2025.2-py2.py3-none-any.whl (509 kB)
2025-08-17T15:20:51.3087087Z Using cached rich_toolkit-0.15.0-py3-none-any.whl (29 kB)
2025-08-17T15:20:51.3098214Z Using cached rich-14.1.0-py3-none-any.whl (243 kB)
2025-08-17T15:20:51.3111056Z Using cached markdown_it_py-4.0.0-py3-none-any.whl (87 kB)
2025-08-17T15:20:51.3122458Z Using cached mdurl-0.1.2-py3-none-any.whl (10.0 kB)
2025-08-17T15:20:51.3133860Z Using cached rignore-0.6.4-cp312-cp312-manylinux_2_17_x86_64.manylinux2014_x86_64.whl (949 kB)
2025-08-17T15:20:51.3151759Z Using cached sentry_sdk-2.35.0-py2.py3-none-any.whl (363 kB)
2025-08-17T15:20:51.3165240Z Using cached six-1.17.0-py2.py3-none-any.whl (11 kB)
2025-08-17T15:20:51.3176345Z Using cached sniffio-1.3.1-py3-none-any.whl (10 kB)
2025-08-17T15:20:51.3187387Z Using cached typer-0.16.0-py3-none-any.whl (46 kB)
2025-08-17T15:20:51.3198902Z Using cached shellingham-1.5.4-py2.py3-none-any.whl (9.8 kB)
2025-08-17T15:20:51.3209804Z Using cached typing_inspect-0.9.0-py3-none-any.whl (8.8 kB)
2025-08-17T15:20:51.3220915Z Using cached typing_inspection-0.4.1-py3-none-any.whl (14 kB)
2025-08-17T15:20:51.3232054Z Using cached tzdata-2025.2-py2.py3-none-any.whl (347 kB)
2025-08-17T15:20:51.3245388Z Using cached tzlocal-5.3.1-py3-none-any.whl (18 kB)
2025-08-17T15:20:51.3256881Z Using cached ujson-5.10.0-cp312-cp312-manylinux_2_17_x86_64.manylinux2014_x86_64.whl (53 kB)
2025-08-17T15:20:51.3268054Z Using cached uvicorn-0.35.0-py3-none-any.whl (66 kB)
2025-08-17T15:20:51.3281201Z Using cached httptools-0.6.4-cp312-cp312-manylinux_2_5_x86_64.manylinux1_x86_64.manylinux_2_17_x86_64.manylinux2014_x86_64.whl (510 kB)
2025-08-17T15:20:51.3295779Z Using cached uvloop-0.21.0-cp312-cp312-manylinux_2_17_x86_64.manylinux2014_x86_64.whl (4.7 MB)
2025-08-17T15:20:51.3340764Z Using cached watchfiles-1.1.0-cp312-cp312-manylinux_2_17_x86_64.manylinux2014_x86_64.whl (452 kB)
2025-08-17T15:20:51.3355464Z Using cached websockets-15.0.1-cp312-cp312-manylinux_2_5_x86_64.manylinux1_x86_64.manylinux_2_17_x86_64.manylinux2014_x86_64.whl (182 kB)
2025-08-17T15:20:51.3367323Z Using cached yapf-0.43.0-py3-none-any.whl (256 kB)
2025-08-17T15:20:51.3380493Z Using cached docker-7.1.0-py3-none-any.whl (147 kB)
2025-08-17T15:20:51.3392418Z Using cached et_xmlfile-2.0.0-py3-none-any.whl (18 kB)
2025-08-17T15:20:51.3403605Z Using cached mako-1.3.10-py3-none-any.whl (78 kB)
2025-08-17T15:20:51.3415006Z Using cached typeguard-4.4.4-py3-none-any.whl (34 kB)
2025-08-17T15:20:51.3426298Z Using cached watchdog-6.0.0-py3-none-manylinux2014_x86_64.whl (79 kB)
2025-08-17T15:20:51.3437686Z Using cached wcwidth-0.2.13-py2.py3-none-any.whl (34 kB)
2025-08-17T15:20:51.7773246Z Installing collected packages: wcwidth, pytz, wrapt, websockets, watchdog, vine, uvloop, urllib3, ujson, tzlocal, tzdata, typing-extensions, tomli_w, tomli, sniffio, six, shellingham, setuptools, ruff, rignore, PyYAML, python-multipart, python-dotenv, pygments, psycopg2-binary, psycopg-binary, psutil, prompt-toolkit, port-for, pluggy, platformdirs, pathspec, packaging, orjson, numpy, nr-stream, nr-date, mypy-extensions, multimethod, mdurl, MarkupSafe, jmespath, itsdangerous, iniconfig, imapclient, idna, httptools, h11, greenlet, et-xmlfile, docstring-parser, dnspython, coverage, click, charset_normalizer, certifi, billiard, asyncpg, annotated-types, yapf, uvicorn, typing-inspection, typing-inspect, types-requests, typeguard, typeapi, sqlalchemy, sentry-sdk, requests, python-dateutil, pytest, pydantic-core, psycopg, openpyxl, mypy, mirakuru, markdown-it-py, Mako, Jinja2, httpcore, email-validator, Deprecated, click-repl, click-plugins, click-didyoumean, black, apscheduler, anyio, amqp, watchfiles, starlette, rich, pytest-postgresql, pytest-cov, pytest-asyncio, pydantic, pandas, nr-util, kombu, httpx, docker, databind, botocore, alembic, typer, testcontainers, s3transfer, rich-toolkit, respx, python-telegram-bot, pydantic-settings, pydantic-extra-types, pandera, fastapi, databind.json, databind.core, celery, fastapi-cloud-cli, fastapi-cli, docspec, boto3, docspec-python, pydoc-markdown
2025-08-17T15:21:09.3002759Z 
2025-08-17T15:21:09.3112664Z Successfully installed Deprecated-1.2.18 Jinja2-3.1.6 Mako-1.3.10 MarkupSafe-3.0.2 PyYAML-6.0.2 alembic-1.13.1 amqp-5.3.1 annotated-types-0.7.0 anyio-4.10.0 apscheduler-3.10.4 asyncpg-0.30.0 billiard-4.2.1 black-25.1.0 boto3-1.40.11 botocore-1.40.11 celery-5.4.0 certifi-2025.8.3 charset_normalizer-3.4.3 click-8.2.1 click-didyoumean-0.3.1 click-plugins-1.1.1.2 click-repl-0.3.0 coverage-7.10.4 databind-4.5.2 databind.core-4.5.2 databind.json-4.5.2 dnspython-2.7.0 docker-7.1.0 docspec-2.2.1 docspec-python-2.2.2 docstring-parser-0.11 email-validator-2.2.0 et-xmlfile-2.0.0 fastapi-0.116.1 fastapi-cli-0.0.8 fastapi-cloud-cli-0.1.5 greenlet-3.2.4 h11-0.16.0 httpcore-1.0.9 httptools-0.6.4 httpx-0.28.1 idna-3.10 imapclient-3.0.1 iniconfig-2.1.0 itsdangerous-2.2.0 jmespath-1.0.1 kombu-5.5.4 markdown-it-py-4.0.0 mdurl-0.1.2 mirakuru-2.6.1 multimethod-1.10 mypy-1.17.1 mypy-extensions-1.1.0 nr-date-2.1.0 nr-stream-1.1.5 nr-util-0.8.12 numpy-1.26.4 openpyxl-3.1.5 orjson-3.11.2 packaging-25.0 pandas-2.2.3 pandera-0.19.3 pathspec-0.12.1 platformdirs-4.3.8 pluggy-1.6.0 port-for-0.7.4 prompt-toolkit-3.0.51 psutil-7.0.0 psycopg-3.2.9 psycopg-binary-3.2.9 psycopg2-binary-2.9.9 pydantic-2.11.7 pydantic-core-2.33.2 pydantic-extra-types-2.10.5 pydantic-settings-2.10.1 pydoc-markdown-4.8.2 pygments-2.19.2 pytest-8.4.1 pytest-asyncio-0.23.6 pytest-cov-6.2.1 pytest-postgresql-7.0.2 python-dateutil-2.9.0.post0 python-dotenv-1.1.1 python-multipart-0.0.20 python-telegram-bot-22.2 pytz-2025.2 requests-2.32.4 respx-0.22.0 rich-14.1.0 rich-toolkit-0.15.0 rignore-0.6.4 ruff-0.4.4 s3transfer-0.13.1 sentry-sdk-2.35.0 setuptools-80.9.0 shellingham-1.5.4 six-1.17.0 sniffio-1.3.1 sqlalchemy-2.0.29 starlette-0.47.2 testcontainers-4.10.0 tomli-2.2.1 tomli_w-1.2.0 typeapi-2.2.4 typeguard-4.4.4 typer-0.16.0 types-requests-2.32.0.20240602 typing-extensions-4.14.1 typing-inspect-0.9.0 typing-inspection-0.4.1 tzdata-2025.2 tzlocal-5.3.1 ujson-5.10.0 urllib3-2.5.0 uvicorn-0.35.0 uvloop-0.21.0 vine-5.1.0 watchdog-6.0.0 watchfiles-1.1.0 wcwidth-0.2.13 websockets-15.0.1 wrapt-1.17.3 yapf-0.43.0
2025-08-17T15:21:10.4476086Z Collecting keepa==1.3.15
2025-08-17T15:21:10.4488913Z   Using cached keepa-1.3.15-py3-none-any.whl.metadata (11 kB)
2025-08-17T15:21:10.4754421Z Collecting minio==7.1.15
2025-08-17T15:21:10.4765779Z   Using cached minio-7.1.15-py3-none-any.whl.metadata (4.2 kB)
2025-08-17T15:21:10.4787961Z Requirement already satisfied: numpy>=1.9.3 in /opt/hostedtoolcache/Python/3.12.11/x64/lib/python3.12/site-packages (from keepa==1.3.15) (1.26.4)
2025-08-17T15:21:10.4793687Z Requirement already satisfied: requests>=2.2 in /opt/hostedtoolcache/Python/3.12.11/x64/lib/python3.12/site-packages (from keepa==1.3.15) (2.32.4)
2025-08-17T15:21:10.5101299Z Collecting tqdm (from keepa==1.3.15)
2025-08-17T15:21:10.5112788Z   Using cached tqdm-4.67.1-py3-none-any.whl.metadata (57 kB)
2025-08-17T15:21:11.0759846Z Collecting aiohttp (from keepa==1.3.15)
2025-08-17T15:21:11.0773341Z   Using cached aiohttp-3.12.15-cp312-cp312-manylinux_2_17_x86_64.manylinux2014_x86_64.whl.metadata (7.7 kB)
2025-08-17T15:21:11.0809188Z Requirement already satisfied: pandas<=3.0 in /opt/hostedtoolcache/Python/3.12.11/x64/lib/python3.12/site-packages (from keepa==1.3.15) (2.2.3)
2025-08-17T15:21:11.0813382Z Requirement already satisfied: pydantic in /opt/hostedtoolcache/Python/3.12.11/x64/lib/python3.12/site-packages (from keepa==1.3.15) (2.11.7)
2025-08-17T15:21:11.0821645Z Requirement already satisfied: certifi in /opt/hostedtoolcache/Python/3.12.11/x64/lib/python3.12/site-packages (from minio==7.1.15) (2025.8.3)
2025-08-17T15:21:11.0825668Z Requirement already satisfied: urllib3 in /opt/hostedtoolcache/Python/3.12.11/x64/lib/python3.12/site-packages (from minio==7.1.15) (2.5.0)
2025-08-17T15:21:11.0878912Z Requirement already satisfied: python-dateutil>=2.8.2 in /opt/hostedtoolcache/Python/3.12.11/x64/lib/python3.12/site-packages (from pandas<=3.0->keepa==1.3.15) (2.9.0.post0)
2025-08-17T15:21:11.0884643Z Requirement already satisfied: pytz>=2020.1 in /opt/hostedtoolcache/Python/3.12.11/x64/lib/python3.12/site-packages (from pandas<=3.0->keepa==1.3.15) (2025.2)
2025-08-17T15:21:11.0890530Z Requirement already satisfied: tzdata>=2022.7 in /opt/hostedtoolcache/Python/3.12.11/x64/lib/python3.12/site-packages (from pandas<=3.0->keepa==1.3.15) (2025.2)
2025-08-17T15:21:11.1037027Z Requirement already satisfied: six>=1.5 in /opt/hostedtoolcache/Python/3.12.11/x64/lib/python3.12/site-packages (from python-dateutil>=2.8.2->pandas<=3.0->keepa==1.3.15) (1.17.0)
2025-08-17T15:21:11.1057017Z Requirement already satisfied: charset_normalizer<4,>=2 in /opt/hostedtoolcache/Python/3.12.11/x64/lib/python3.12/site-packages (from requests>=2.2->keepa==1.3.15) (3.4.3)
2025-08-17T15:21:11.1064302Z Requirement already satisfied: idna<4,>=2.5 in /opt/hostedtoolcache/Python/3.12.11/x64/lib/python3.12/site-packages (from requests>=2.2->keepa==1.3.15) (3.10)
2025-08-17T15:21:11.1687667Z Collecting aiohappyeyeballs>=2.5.0 (from aiohttp->keepa==1.3.15)
2025-08-17T15:21:11.1699262Z   Using cached aiohappyeyeballs-2.6.1-py3-none-any.whl.metadata (5.9 kB)
2025-08-17T15:21:11.2104241Z Collecting aiosignal>=1.4.0 (from aiohttp->keepa==1.3.15)
2025-08-17T15:21:11.2115804Z   Using cached aiosignal-1.4.0-py3-none-any.whl.metadata (3.7 kB)
2025-08-17T15:21:11.5756551Z Collecting attrs>=17.3.0 (from aiohttp->keepa==1.3.15)
2025-08-17T15:21:11.5768705Z   Using cached attrs-25.3.0-py3-none-any.whl.metadata (10 kB)
2025-08-17T15:21:11.7048953Z Collecting frozenlist>=1.1.1 (from aiohttp->keepa==1.3.15)
2025-08-17T15:21:11.7060772Z   Using cached frozenlist-1.7.0-cp312-cp312-manylinux_2_5_x86_64.manylinux1_x86_64.manylinux_2_17_x86_64.manylinux2014_x86_64.whl.metadata (18 kB)
2025-08-17T15:21:11.9426183Z Collecting multidict<7.0,>=4.5 (from aiohttp->keepa==1.3.15)
2025-08-17T15:21:11.9439549Z   Using cached multidict-6.6.4-cp312-cp312-manylinux2014_x86_64.manylinux_2_17_x86_64.manylinux_2_28_x86_64.whl.metadata (5.3 kB)
2025-08-17T15:21:11.9834891Z Collecting propcache>=0.2.0 (from aiohttp->keepa==1.3.15)
2025-08-17T15:21:11.9846841Z   Using cached propcache-0.3.2-cp312-cp312-manylinux_2_17_x86_64.manylinux2014_x86_64.whl.metadata (12 kB)
2025-08-17T15:21:12.2145799Z Collecting yarl<2.0,>=1.17.0 (from aiohttp->keepa==1.3.15)
2025-08-17T15:21:12.2158455Z   Using cached yarl-1.20.1-cp312-cp312-manylinux_2_17_x86_64.manylinux2014_x86_64.whl.metadata (73 kB)
2025-08-17T15:21:12.2373041Z Requirement already satisfied: typing-extensions>=4.2 in /opt/hostedtoolcache/Python/3.12.11/x64/lib/python3.12/site-packages (from aiosignal>=1.4.0->aiohttp->keepa==1.3.15) (4.14.1)
2025-08-17T15:21:12.2420779Z Requirement already satisfied: annotated-types>=0.6.0 in /opt/hostedtoolcache/Python/3.12.11/x64/lib/python3.12/site-packages (from pydantic->keepa==1.3.15) (0.7.0)
2025-08-17T15:21:12.2425942Z Requirement already satisfied: pydantic-core==2.33.2 in /opt/hostedtoolcache/Python/3.12.11/x64/lib/python3.12/site-packages (from pydantic->keepa==1.3.15) (2.33.2)
2025-08-17T15:21:12.2432843Z Requirement already satisfied: typing-inspection>=0.4.0 in /opt/hostedtoolcache/Python/3.12.11/x64/lib/python3.12/site-packages (from pydantic->keepa==1.3.15) (0.4.1)
2025-08-17T15:21:12.2491024Z Using cached keepa-1.3.15-py3-none-any.whl (38 kB)
2025-08-17T15:21:12.2502124Z Using cached minio-7.1.15-py3-none-any.whl (77 kB)
2025-08-17T15:21:12.2513456Z Using cached aiohttp-3.12.15-cp312-cp312-manylinux_2_17_x86_64.manylinux2014_x86_64.whl (1.7 MB)
2025-08-17T15:21:12.2537082Z Using cached multidict-6.6.4-cp312-cp312-manylinux2014_x86_64.manylinux_2_17_x86_64.manylinux_2_28_x86_64.whl (256 kB)
2025-08-17T15:21:12.2548913Z Using cached yarl-1.20.1-cp312-cp312-manylinux_2_17_x86_64.manylinux2014_x86_64.whl (355 kB)
2025-08-17T15:21:12.2562008Z Using cached aiohappyeyeballs-2.6.1-py3-none-any.whl (15 kB)
2025-08-17T15:21:12.2572581Z Using cached aiosignal-1.4.0-py3-none-any.whl (7.5 kB)
2025-08-17T15:21:12.2583090Z Using cached attrs-25.3.0-py3-none-any.whl (63 kB)
2025-08-17T15:21:12.2594524Z Using cached frozenlist-1.7.0-cp312-cp312-manylinux_2_5_x86_64.manylinux1_x86_64.manylinux_2_17_x86_64.manylinux2014_x86_64.whl (241 kB)
2025-08-17T15:21:12.2606647Z Using cached propcache-0.3.2-cp312-cp312-manylinux_2_17_x86_64.manylinux2014_x86_64.whl (224 kB)
2025-08-17T15:21:12.2618313Z Using cached tqdm-4.67.1-py3-none-any.whl (78 kB)
2025-08-17T15:21:12.4327260Z Installing collected packages: tqdm, propcache, multidict, minio, frozenlist, attrs, aiohappyeyeballs, yarl, aiosignal, aiohttp, keepa
2025-08-17T15:21:12.8591142Z 
2025-08-17T15:21:12.8699763Z Successfully installed aiohappyeyeballs-2.6.1 aiohttp-3.12.15 aiosignal-1.4.0 attrs-25.3.0 frozenlist-1.7.0 keepa-1.3.15 minio-7.1.15 multidict-6.6.4 propcache-0.3.2 tqdm-4.67.1 yarl-1.20.1
2025-08-17T15:21:13.0140771Z ##[group]Run for i in {1..30}; do pg_isready -h "$PG_HOST" -p "$PG_PORT" -U "$PG_USER" -d "$PG_DATABASE" && break; sleep 1; done
2025-08-17T15:21:13.0141430Z [36;1mfor i in {1..30}; do pg_isready -h "$PG_HOST" -p "$PG_PORT" -U "$PG_USER" -d "$PG_DATABASE" && break; sleep 1; done[0m
2025-08-17T15:21:13.0181962Z shell: /usr/bin/bash -e {0}
2025-08-17T15:21:13.0182184Z env:
2025-08-17T15:21:13.0182346Z   PG_USER: postgres
2025-08-17T15:21:13.0182544Z   PG_PASSWORD: pass
2025-08-17T15:21:13.0182718Z   PG_DATABASE: awa
2025-08-17T15:21:13.0182887Z   PG_HOST: localhost
2025-08-17T15:21:13.0183065Z   PG_PORT: 5432
2025-08-17T15:21:13.0183636Z   PG_SYNC_DSN: ***localhost:5432/awa
2025-08-17T15:21:13.0184032Z   PG_ASYNC_DSN: ***localhost:5432/awa
2025-08-17T15:21:13.0184407Z   DATABASE_URL: ***localhost:5432/awa
2025-08-17T15:21:13.0184637Z   DATA_DIR: /tmp/awa-data
2025-08-17T15:21:13.0184834Z   ENABLE_LIVE: 0
2025-08-17T15:21:13.0185004Z   TESTING: 1
2025-08-17T15:21:13.0185275Z   pythonLocation: /opt/hostedtoolcache/Python/3.12.11/x64
2025-08-17T15:21:13.0185661Z   PKG_CONFIG_PATH: /opt/hostedtoolcache/Python/3.12.11/x64/lib/pkgconfig
2025-08-17T15:21:13.0186036Z   Python_ROOT_DIR: /opt/hostedtoolcache/Python/3.12.11/x64
2025-08-17T15:21:13.0186376Z   Python2_ROOT_DIR: /opt/hostedtoolcache/Python/3.12.11/x64
2025-08-17T15:21:13.0186722Z   Python3_ROOT_DIR: /opt/hostedtoolcache/Python/3.12.11/x64
2025-08-17T15:21:13.0187063Z   LD_LIBRARY_PATH: /opt/hostedtoolcache/Python/3.12.11/x64/lib
2025-08-17T15:21:13.0187352Z ##[endgroup]
2025-08-17T15:21:13.1033414Z localhost:5432 - accepting connections
2025-08-17T15:21:13.1063557Z ##[group]Run alembic -c services/api/alembic.ini upgrade head
2025-08-17T15:21:13.1063969Z [36;1malembic -c services/api/alembic.ini upgrade head[0m
2025-08-17T15:21:13.1100815Z shell: /usr/bin/bash -e {0}
2025-08-17T15:21:13.1101030Z env:
2025-08-17T15:21:13.1101197Z   PG_USER: postgres
2025-08-17T15:21:13.1101385Z   PG_PASSWORD: pass
2025-08-17T15:21:13.1101720Z   PG_DATABASE: awa
2025-08-17T15:21:13.1101894Z   PG_HOST: localhost
2025-08-17T15:21:13.1102075Z   PG_PORT: 5432
2025-08-17T15:21:13.1102473Z   PG_SYNC_DSN: ***localhost:5432/awa
2025-08-17T15:21:13.1102911Z   PG_ASYNC_DSN: ***localhost:5432/awa
2025-08-17T15:21:13.1103272Z   DATABASE_URL: ***localhost:5432/awa
2025-08-17T15:21:13.1103502Z   DATA_DIR: /tmp/awa-data
2025-08-17T15:21:13.1103699Z   ENABLE_LIVE: 0
2025-08-17T15:21:13.1103863Z   TESTING: 1
2025-08-17T15:21:13.1104094Z   pythonLocation: /opt/hostedtoolcache/Python/3.12.11/x64
2025-08-17T15:21:13.1104510Z   PKG_CONFIG_PATH: /opt/hostedtoolcache/Python/3.12.11/x64/lib/pkgconfig
2025-08-17T15:21:13.1104912Z   Python_ROOT_DIR: /opt/hostedtoolcache/Python/3.12.11/x64
2025-08-17T15:21:13.1105259Z   Python2_ROOT_DIR: /opt/hostedtoolcache/Python/3.12.11/x64
2025-08-17T15:21:13.1105602Z   Python3_ROOT_DIR: /opt/hostedtoolcache/Python/3.12.11/x64
2025-08-17T15:21:13.1105947Z   LD_LIBRARY_PATH: /opt/hostedtoolcache/Python/3.12.11/x64/lib
2025-08-17T15:21:13.1106235Z ##[endgroup]
2025-08-17T15:21:13.7135254Z INFO  [alembic.runtime.migration] Context impl PostgresqlImpl.
2025-08-17T15:21:13.7135732Z INFO  [alembic.runtime.migration] Will assume transactional DDL.
2025-08-17T15:21:13.7281668Z INFO  [alembic.runtime.migration] Running upgrade  -> 0001_baseline
2025-08-17T15:21:13.7444706Z INFO  [alembic.runtime.migration] Running upgrade 0001_baseline -> 0002_create_roi_view
2025-08-17T15:21:13.7470270Z INFO  [alembic.runtime.migration] Running upgrade 0002_create_roi_view -> 3e9d5c5aff2c
2025-08-17T15:21:13.7632088Z INFO  [alembic.runtime.migration] Running upgrade 3e9d5c5aff2c -> 0003_vendor_prices
2025-08-17T15:21:13.7789157Z INFO  [alembic.runtime.migration] Running upgrade 0003_vendor_prices -> 0004_fee_cron
2025-08-17T15:21:13.7859177Z INFO  [alembic.runtime.migration] Running upgrade 0004_fee_cron -> 0006_fix_roi_views
2025-08-17T15:21:13.7889099Z INFO  [alembic.runtime.migration] Running upgrade 0006_fix_roi_views -> 0020_unified_schema
2025-08-17T15:21:13.8021545Z INFO  [alembic.runtime.migration] Running upgrade 0020_unified_schema -> 0022_fix_roi_view
2025-08-17T15:21:13.8113926Z INFO  [alembic.runtime.migration] Running upgrade 0022_fix_roi_view -> 0023_add_storage_fee
2025-08-17T15:21:13.8164629Z INFO  [alembic.runtime.migration] Running upgrade 0023_add_storage_fee -> 0024_create_buybox
2025-08-17T15:21:13.8906659Z ##[group]Run python - <<'PY'
2025-08-17T15:21:13.8906974Z [36;1mpython - <<'PY'[0m
2025-08-17T15:21:13.8907254Z [36;1mfrom fastapi.testclient import TestClient[0m
2025-08-17T15:21:13.8907574Z [36;1mfrom services.api.main import app[0m
2025-08-17T15:21:13.8907842Z [36;1mc = TestClient(app)[0m
2025-08-17T15:21:13.8908078Z [36;1mr = c.get('/roi-review')[0m
2025-08-17T15:21:13.8908341Z [36;1massert r.status_code < 500, r.text[0m
2025-08-17T15:21:13.8908883Z [36;1mPY[0m
2025-08-17T15:21:13.8948298Z shell: /usr/bin/bash -e {0}
2025-08-17T15:21:13.8948714Z env:
2025-08-17T15:21:13.8948931Z   PG_USER: postgres
2025-08-17T15:21:13.8949154Z   PG_PASSWORD: pass
2025-08-17T15:21:13.8949345Z   PG_DATABASE: awa
2025-08-17T15:21:13.8949533Z   PG_HOST: localhost
2025-08-17T15:21:13.8949731Z   PG_PORT: 5432
2025-08-17T15:21:13.8950245Z   PG_SYNC_DSN: ***localhost:5432/awa
2025-08-17T15:21:13.8950676Z   PG_ASYNC_DSN: ***localhost:5432/awa
2025-08-17T15:21:13.8951130Z   DATABASE_URL: ***localhost:5432/awa
2025-08-17T15:21:13.8951388Z   DATA_DIR: /tmp/awa-data
2025-08-17T15:21:13.8951602Z   ENABLE_LIVE: 0
2025-08-17T15:21:13.8951794Z   TESTING: 1
2025-08-17T15:21:13.8952038Z   pythonLocation: /opt/hostedtoolcache/Python/3.12.11/x64
2025-08-17T15:21:13.8952457Z   PKG_CONFIG_PATH: /opt/hostedtoolcache/Python/3.12.11/x64/lib/pkgconfig
2025-08-17T15:21:13.8952859Z   Python_ROOT_DIR: /opt/hostedtoolcache/Python/3.12.11/x64
2025-08-17T15:21:13.8953213Z   Python2_ROOT_DIR: /opt/hostedtoolcache/Python/3.12.11/x64
2025-08-17T15:21:13.8953575Z   Python3_ROOT_DIR: /opt/hostedtoolcache/Python/3.12.11/x64
2025-08-17T15:21:13.8954121Z   LD_LIBRARY_PATH: /opt/hostedtoolcache/Python/3.12.11/x64/lib
2025-08-17T15:21:13.8954425Z ##[endgroup]
2025-08-17T15:21:14.9052515Z ##[group]Run alembic -c services/api/alembic.ini downgrade base
2025-08-17T15:21:14.9052973Z [36;1malembic -c services/api/alembic.ini downgrade base[0m
2025-08-17T15:21:14.9093673Z shell: /usr/bin/bash -e {0}
2025-08-17T15:21:14.9093899Z env:
2025-08-17T15:21:14.9094064Z   PG_USER: postgres
2025-08-17T15:21:14.9094256Z   PG_PASSWORD: pass
2025-08-17T15:21:14.9094436Z   PG_DATABASE: awa
2025-08-17T15:21:14.9094609Z   PG_HOST: localhost
2025-08-17T15:21:14.9094792Z   PG_PORT: 5432
2025-08-17T15:21:14.9095214Z   PG_SYNC_DSN: ***localhost:5432/awa
2025-08-17T15:21:14.9095602Z   PG_ASYNC_DSN: ***localhost:5432/awa
2025-08-17T15:21:14.9095969Z   DATABASE_URL: ***localhost:5432/awa
2025-08-17T15:21:14.9096195Z   DATA_DIR: /tmp/awa-data
2025-08-17T15:21:14.9096394Z   ENABLE_LIVE: 0
2025-08-17T15:21:14.9096562Z   TESTING: 1
2025-08-17T15:21:14.9096789Z   pythonLocation: /opt/hostedtoolcache/Python/3.12.11/x64
2025-08-17T15:21:14.9097229Z   PKG_CONFIG_PATH: /opt/hostedtoolcache/Python/3.12.11/x64/lib/pkgconfig
2025-08-17T15:21:14.9097615Z   Python_ROOT_DIR: /opt/hostedtoolcache/Python/3.12.11/x64
2025-08-17T15:21:14.9097971Z   Python2_ROOT_DIR: /opt/hostedtoolcache/Python/3.12.11/x64
2025-08-17T15:21:14.9098312Z   Python3_ROOT_DIR: /opt/hostedtoolcache/Python/3.12.11/x64
2025-08-17T15:21:14.9098820Z   LD_LIBRARY_PATH: /opt/hostedtoolcache/Python/3.12.11/x64/lib
2025-08-17T15:21:14.9099105Z ##[endgroup]
2025-08-17T15:21:15.3538246Z INFO  [alembic.runtime.migration] Context impl PostgresqlImpl.
2025-08-17T15:21:15.3539301Z INFO  [alembic.runtime.migration] Will assume transactional DDL.
2025-08-17T15:21:15.3611967Z INFO  [alembic.runtime.migration] Running downgrade 0024_create_buybox -> 0023_add_storage_fee
2025-08-17T15:21:15.3633836Z INFO  [alembic.runtime.migration] Running downgrade 0023_add_storage_fee -> 0022_fix_roi_view
2025-08-17T15:21:15.3819123Z INFO  [alembic.runtime.migration] Running downgrade 0022_fix_roi_view -> 0020_unified_schema
2025-08-17T15:21:15.3844207Z INFO  [alembic.runtime.migration] Running downgrade 0020_unified_schema -> 0006_fix_roi_views
2025-08-17T15:21:15.3886815Z INFO  [alembic.runtime.migration] Running downgrade 0006_fix_roi_views -> 0004_fee_cron
2025-08-17T15:21:15.3899646Z INFO  [alembic.runtime.migration] Running downgrade 0004_fee_cron -> 0003_vendor_prices
2025-08-17T15:21:15.3993494Z INFO  [alembic.runtime.migration] Running downgrade 0003_vendor_prices -> 3e9d5c5aff2c
2025-08-17T15:21:15.4045743Z INFO  [alembic.runtime.migration] Running downgrade 3e9d5c5aff2c -> 0002_create_roi_view
2025-08-17T15:21:15.4090402Z INFO  [alembic.runtime.migration] Running downgrade 0002_create_roi_view -> 0001_baseline
2025-08-17T15:21:15.4100651Z INFO  [alembic.runtime.migration] Running downgrade 0001_baseline -> 
2025-08-17T15:21:15.4949443Z ##[group]Run test "$(alembic -c services/api/alembic.ini heads | wc -l)" -eq 1
2025-08-17T15:21:15.4949969Z [36;1mtest "$(alembic -c services/api/alembic.ini heads | wc -l)" -eq 1[0m
2025-08-17T15:21:15.4989685Z shell: /usr/bin/bash -e {0}
2025-08-17T15:21:15.4989904Z env:
2025-08-17T15:21:15.4990065Z   PG_USER: postgres
2025-08-17T15:21:15.4990267Z   PG_PASSWORD: pass
2025-08-17T15:21:15.4990458Z   PG_DATABASE: awa
2025-08-17T15:21:15.4990630Z   PG_HOST: localhost
2025-08-17T15:21:15.4990812Z   PG_PORT: 5432
2025-08-17T15:21:15.4991243Z   PG_SYNC_DSN: ***localhost:5432/awa
2025-08-17T15:21:15.4991638Z   PG_ASYNC_DSN: ***localhost:5432/awa
2025-08-17T15:21:15.4992015Z   DATABASE_URL: ***localhost:5432/awa
2025-08-17T15:21:15.4992238Z   DATA_DIR: /tmp/awa-data
2025-08-17T15:21:15.4992441Z   ENABLE_LIVE: 0
2025-08-17T15:21:15.4992736Z   TESTING: 1
2025-08-17T15:21:15.4992965Z   pythonLocation: /opt/hostedtoolcache/Python/3.12.11/x64
2025-08-17T15:21:15.4993390Z   PKG_CONFIG_PATH: /opt/hostedtoolcache/Python/3.12.11/x64/lib/pkgconfig
2025-08-17T15:21:15.4993764Z   Python_ROOT_DIR: /opt/hostedtoolcache/Python/3.12.11/x64
2025-08-17T15:21:15.4994304Z   Python2_ROOT_DIR: /opt/hostedtoolcache/Python/3.12.11/x64
2025-08-17T15:21:15.4994654Z   Python3_ROOT_DIR: /opt/hostedtoolcache/Python/3.12.11/x64
2025-08-17T15:21:15.4995004Z   LD_LIBRARY_PATH: /opt/hostedtoolcache/Python/3.12.11/x64/lib
2025-08-17T15:21:15.4995285Z ##[endgroup]
2025-08-17T15:21:15.8530172Z Post job cleanup.
2025-08-17T15:21:15.9990133Z Cache hit occurred on the primary key setup-python-Linux-x64-24.04-Ubuntu-python-3.12.11-pip-2005571a326e80fd181d633d96bfcc1ae8cb53ffd7b38d40aba6418cea7f5ab1, not saving cache.
2025-08-17T15:21:16.0084801Z Post job cleanup.
2025-08-17T15:21:16.0999067Z [command]/usr/bin/git version
2025-08-17T15:21:16.1034700Z git version 2.50.1
2025-08-17T15:21:16.1077370Z Temporarily overriding HOME='/home/runner/work/_temp/8b4c085b-43c1-49e7-9260-7b3adaf79d83' before making global git config changes
2025-08-17T15:21:16.1078924Z Adding repository directory to the temporary git global config as a safe directory
2025-08-17T15:21:16.1090555Z [command]/usr/bin/git config --global --add safe.directory /home/runner/work/AWA-App/AWA-App
2025-08-17T15:21:16.1124695Z [command]/usr/bin/git config --local --name-only --get-regexp core\.sshCommand
2025-08-17T15:21:16.1156858Z [command]/usr/bin/git submodule foreach --recursive sh -c "git config --local --name-only --get-regexp 'core\.sshCommand' && git config --local --unset-all 'core.sshCommand' || :"
2025-08-17T15:21:16.1382722Z [command]/usr/bin/git config --local --name-only --get-regexp http\.https\:\/\/github\.com\/\.extraheader
2025-08-17T15:21:16.1402720Z http.https://github.com/.extraheader
2025-08-17T15:21:16.1414875Z [command]/usr/bin/git config --local --unset-all http.https://github.com/.extraheader
2025-08-17T15:21:16.1444659Z [command]/usr/bin/git submodule foreach --recursive sh -c "git config --local --name-only --get-regexp 'http\.https\:\/\/github\.com\/\.extraheader' && git config --local --unset-all 'http.https://github.com/.extraheader' || :"
2025-08-17T15:21:16.1773438Z Print service container logs: d66a5060846d4a1080a1c79cb5c4a1cc_postgres15_395df3
2025-08-17T15:21:16.1777783Z ##[command]/usr/bin/docker logs --details 11b27131f2484c6b5826785b59b5555c0c316423db99611b1c6a1eeba79ba816
2025-08-17T15:21:16.1893565Z  The files belonging to this database system will be owned by user "postgres".
2025-08-17T15:21:16.1894243Z  This user must also own the server process.
2025-08-17T15:21:16.1894658Z  
2025-08-17T15:21:16.1895064Z  The database cluster will be initialized with locale "en_US.utf8".
2025-08-17T15:21:16.1895723Z  The default database encoding has accordingly been set to "UTF8".
2025-08-17T15:21:16.1896373Z  The default text search configuration will be set to "english".
2025-08-17T15:21:16.1896884Z  
2025-08-17T15:21:16.1897158Z  Data page checksums are disabled.
2025-08-17T15:21:16.1897549Z  
2025-08-17T15:21:16.1898012Z  fixing permissions on existing directory /var/lib/postgresql/data ... ok
2025-08-17T15:21:16.1898859Z  creating subdirectories ... ok
2025-08-17T15:21:16.1899359Z  selecting dynamic shared memory implementation ... posix
2025-08-17T15:21:16.1899920Z  selecting default max_connections ... 100
2025-08-17T15:21:16.1900385Z  selecting default shared_buffers ... 128MB
2025-08-17T15:21:16.1900825Z  selecting default time zone ... Etc/UTC
2025-08-17T15:21:16.1901264Z  creating configuration files ... ok
2025-08-17T15:21:16.1901693Z  running bootstrap script ... ok
2025-08-17T15:21:16.1902158Z  performing post-bootstrap initialization ... ok
2025-08-17T15:21:16.1902641Z  syncing data to disk ... ok
2025-08-17T15:21:16.1902980Z  
2025-08-17T15:21:16.1904132Z  initdb: warning: enabling "trust" authentication for local connections
2025-08-17T15:21:16.1905203Z  initdb: hint: You can change this by editing pg_hba.conf or using the option -A, or --auth-local and --auth-host, the next time you run initdb.
2025-08-17T15:21:16.1906676Z  2025-08-17 15:20:30.668 UTC [1] LOG:  starting PostgreSQL 15.14 (Debian 15.14-1.pgdg13+1) on x86_64-pc-linux-gnu, compiled by gcc (Debian 14.2.0-19) 14.2.0, 64-bit
2025-08-17T15:21:16.1907978Z  2025-08-17 15:20:30.668 UTC [1] LOG:  listening on IPv4 address "0.0.0.0", port 5432
2025-08-17T15:21:16.1908841Z  2025-08-17 15:20:30.668 UTC [1] LOG:  listening on IPv6 address "::", port 5432
2025-08-17T15:21:16.1909614Z  2025-08-17 15:20:30.669 UTC [1] LOG:  listening on Unix socket "/var/run/postgresql/.s.PGSQL.5432"
2025-08-17T15:21:16.1910440Z  2025-08-17 15:20:30.671 UTC [64] LOG:  database system was shut down at 2025-08-17 15:20:30 UTC
2025-08-17T15:21:16.1911128Z  2025-08-17 15:20:30.675 UTC [1] LOG:  database system is ready to accept connections
2025-08-17T15:21:16.1911608Z  
2025-08-17T15:21:16.1911956Z  Success. You can now start the database server using:
2025-08-17T15:21:16.1912415Z  
2025-08-17T15:21:16.1912756Z      pg_ctl -D /var/lib/postgresql/data -l logfile start
2025-08-17T15:21:16.1913195Z  
2025-08-17T15:21:16.1914106Z  waiting for server to start....2025-08-17 15:20:30.364 UTC [48] LOG:  starting PostgreSQL 15.14 (Debian 15.14-1.pgdg13+1) on x86_64-pc-linux-gnu, compiled by gcc (Debian 14.2.0-19) 14.2.0, 64-bit
2025-08-17T15:21:16.1915558Z  2025-08-17 15:20:30.365 UTC [48] LOG:  listening on Unix socket "/var/run/postgresql/.s.PGSQL.5432"
2025-08-17T15:21:16.1916373Z  2025-08-17 15:20:30.369 UTC [51] LOG:  database system was shut down at 2025-08-17 15:20:30 UTC
2025-08-17T15:21:16.1916925Z  2025-08-17 15:20:30.373 UTC [48] LOG:  database system is ready to accept connections
2025-08-17T15:21:16.1917253Z   done
2025-08-17T15:21:16.1917412Z  server started
2025-08-17T15:21:16.1917590Z  CREATE DATABASE
2025-08-17T15:21:16.1917760Z  
2025-08-17T15:21:16.1917901Z  
2025-08-17T15:21:16.1918197Z  /usr/local/bin/docker-entrypoint.sh: ignoring /docker-entrypoint-initdb.d/*
2025-08-17T15:21:16.1918781Z  
2025-08-17T15:21:16.1919019Z  2025-08-17 15:20:30.549 UTC [48] LOG:  received fast shutdown request
2025-08-17T15:21:16.1919705Z  waiting for server to shut down....2025-08-17 15:20:30.549 UTC [48] LOG:  aborting any active transactions
2025-08-17T15:21:16.1920335Z  2025-08-17 15:20:30.551 UTC [48] LOG:  background worker "logical replication launcher" (PID 54) exited with exit code 1
2025-08-17T15:21:16.1920803Z  2025-08-17 15:20:30.551 UTC [49] LOG:  shutting down
2025-08-17T15:21:16.1921144Z  2025-08-17 15:20:30.552 UTC [49] LOG:  checkpoint starting: shutdown immediate
2025-08-17T15:21:16.1921970Z  2025-08-17 15:20:30.569 UTC [49] LOG:  checkpoint complete: wrote 922 buffers (5.6%); 0 WAL file(s) added, 0 removed, 0 recycled; write=0.015 s, sync=0.002 s, total=0.018 s; sync files=301, longest=0.001 s, average=0.001 s; distance=4239 kB, estimate=4239 kB
2025-08-17T15:21:16.1922761Z  2025-08-17 15:20:30.575 UTC [48] LOG:  database system is shut down
2025-08-17T15:21:16.1923037Z   done
2025-08-17T15:21:16.1923194Z  server stopped
2025-08-17T15:21:16.1923360Z  
2025-08-17T15:21:16.1923561Z  PostgreSQL init process complete; ready for start up.
2025-08-17T15:21:16.1923824Z  
2025-08-17T15:21:16.1928913Z Stop and remove container: d66a5060846d4a1080a1c79cb5c4a1cc_postgres15_395df3
2025-08-17T15:21:16.1933412Z ##[command]/usr/bin/docker rm --force 11b27131f2484c6b5826785b59b5555c0c316423db99611b1c6a1eeba79ba816
2025-08-17T15:21:16.5033425Z 11b27131f2484c6b5826785b59b5555c0c316423db99611b1c6a1eeba79ba816
2025-08-17T15:21:16.5059965Z Remove container network: github_network_c04ded35e9f9499ea1cd6cb3d8643510
2025-08-17T15:21:16.5064149Z ##[command]/usr/bin/docker network rm github_network_c04ded35e9f9499ea1cd6cb3d8643510
2025-08-17T15:21:16.6252648Z github_network_c04ded35e9f9499ea1cd6cb3d8643510
2025-08-17T15:21:16.6310203Z Cleaning up orphan processes
