2025-08-16T21:46:02.1237711Z Current runner version: '2.327.1'
2025-08-16T21:46:02.1262104Z ##[group]Runner Image Provisioner
2025-08-16T21:46:02.1262899Z Hosted Compute Agent
2025-08-16T21:46:02.1263696Z Version: 20250812.370
2025-08-16T21:46:02.1264611Z Commit: 4a2b2bf7520004e3e907c2150c8cabe342a3da32
2025-08-16T21:46:02.1265790Z Build Date: 2025-08-12T16:08:14Z
2025-08-16T21:46:02.1266748Z ##[endgroup]
2025-08-16T21:46:02.1267347Z ##[group]Operating System
2025-08-16T21:46:02.1267865Z Ubuntu
2025-08-16T21:46:02.1268397Z 24.04.2
2025-08-16T21:46:02.1268836Z LTS
2025-08-16T21:46:02.1269291Z ##[endgroup]
2025-08-16T21:46:02.1269728Z ##[group]Runner Image
2025-08-16T21:46:02.1270362Z Image: ubuntu-24.04
2025-08-16T21:46:02.1270823Z Version: 20250810.1.0
2025-08-16T21:46:02.1271788Z Included Software: https://github.com/actions/runner-images/blob/ubuntu24/20250810.1/images/ubuntu/Ubuntu2404-Readme.md
2025-08-16T21:46:02.1273360Z Image Release: https://github.com/actions/runner-images/releases/tag/ubuntu24%2F20250810.1
2025-08-16T21:46:02.1274345Z ##[endgroup]
2025-08-16T21:46:02.1277243Z ##[group]GITHUB_TOKEN Permissions
2025-08-16T21:46:02.1279221Z Actions: write
2025-08-16T21:46:02.1279856Z Attestations: write
2025-08-16T21:46:02.1280367Z Checks: write
2025-08-16T21:46:02.1280809Z Contents: write
2025-08-16T21:46:02.1281397Z Deployments: write
2025-08-16T21:46:02.1281867Z Discussions: write
2025-08-16T21:46:02.1282353Z Issues: write
2025-08-16T21:46:02.1282878Z Metadata: read
2025-08-16T21:46:02.1283321Z Models: read
2025-08-16T21:46:02.1283803Z Packages: write
2025-08-16T21:46:02.1284336Z Pages: write
2025-08-16T21:46:02.1284945Z PullRequests: write
2025-08-16T21:46:02.1285709Z RepositoryProjects: write
2025-08-16T21:46:02.1286385Z SecurityEvents: write
2025-08-16T21:46:02.1287037Z Statuses: write
2025-08-16T21:46:02.1287502Z ##[endgroup]
2025-08-16T21:46:02.1290131Z Secret source: Actions
2025-08-16T21:46:02.1291078Z Prepare workflow directory
2025-08-16T21:46:02.1715054Z Prepare all required actions
2025-08-16T21:46:02.1754475Z Getting action download info
2025-08-16T21:46:02.4549062Z Download action repository 'actions/checkout@v4' (SHA:08eba0b27e820071cde6df949e0beb9ba4906955)
2025-08-16T21:46:02.7078328Z Download action repository 'actions/setup-python@v5' (SHA:a26af69be951a213d495a4c3e4e4022e16d87065)
2025-08-16T21:46:03.1000131Z Complete job name: migrations-check
2025-08-16T21:46:03.1527400Z ##[group]Checking docker version
2025-08-16T21:46:03.1540724Z ##[command]/usr/bin/docker version --format '{{.Server.APIVersion}}'
2025-08-16T21:46:03.2497577Z '1.48'
2025-08-16T21:46:03.2508274Z Docker daemon API version: '1.48'
2025-08-16T21:46:03.2509389Z ##[command]/usr/bin/docker version --format '{{.Client.APIVersion}}'
2025-08-16T21:46:03.2679405Z '1.48'
2025-08-16T21:46:03.2693308Z Docker client API version: '1.48'
2025-08-16T21:46:03.2699553Z ##[endgroup]
2025-08-16T21:46:03.2703367Z ##[group]Clean up resources from previous jobs
2025-08-16T21:46:03.2709844Z ##[command]/usr/bin/docker ps --all --quiet --no-trunc --filter "label=514f62"
2025-08-16T21:46:03.2856466Z ##[command]/usr/bin/docker network prune --force --filter "label=514f62"
2025-08-16T21:46:03.3029979Z ##[endgroup]
2025-08-16T21:46:03.3030606Z ##[group]Create local container network
2025-08-16T21:46:03.3041975Z ##[command]/usr/bin/docker network create --label 514f62 github_network_b44d241c3dfc44d5aca511d585c17339
2025-08-16T21:46:03.3547689Z ccc6f5340ab274df5cd2ecacb63b8a9f950a0ecda22e544da2f1d9d0d66f89e3
2025-08-16T21:46:03.3568805Z ##[endgroup]
2025-08-16T21:46:03.3592580Z ##[group]Starting postgres service container
2025-08-16T21:46:03.3613050Z ##[command]/usr/bin/docker pull postgres:15
2025-08-16T21:46:03.7361268Z 15: Pulling from library/postgres
2025-08-16T21:46:03.7970459Z 396b1da7636e: Pulling fs layer
2025-08-16T21:46:03.7971767Z fca2566eba32: Pulling fs layer
2025-08-16T21:46:03.7972945Z 631fe8c6d606: Pulling fs layer
2025-08-16T21:46:03.7974238Z 77c7671c4414: Pulling fs layer
2025-08-16T21:46:03.7975645Z 2d9e29180a27: Pulling fs layer
2025-08-16T21:46:03.7976861Z c6bcc2c9a041: Pulling fs layer
2025-08-16T21:46:03.7978987Z ac4b721eb66f: Pulling fs layer
2025-08-16T21:46:03.7979732Z 606bd164980e: Pulling fs layer
2025-08-16T21:46:03.7980549Z f5dfd246bc6e: Pulling fs layer
2025-08-16T21:46:03.7981318Z ba7036bb0a60: Pulling fs layer
2025-08-16T21:46:03.7982062Z 799f859abbbd: Pulling fs layer
2025-08-16T21:46:03.7982816Z d903e777080c: Pulling fs layer
2025-08-16T21:46:03.7983707Z 04adcb462801: Pulling fs layer
2025-08-16T21:46:03.7984479Z 5c10925b29ff: Pulling fs layer
2025-08-16T21:46:03.7985242Z f5dfd246bc6e: Waiting
2025-08-16T21:46:03.7986229Z 77c7671c4414: Waiting
2025-08-16T21:46:03.7986888Z 2d9e29180a27: Waiting
2025-08-16T21:46:03.7987620Z c6bcc2c9a041: Waiting
2025-08-16T21:46:03.7988321Z ba7036bb0a60: Waiting
2025-08-16T21:46:03.7988980Z 04adcb462801: Waiting
2025-08-16T21:46:03.7989660Z 5c10925b29ff: Waiting
2025-08-16T21:46:03.7990306Z d903e777080c: Waiting
2025-08-16T21:46:03.7990970Z 606bd164980e: Waiting
2025-08-16T21:46:03.7991681Z ac4b721eb66f: Waiting
2025-08-16T21:46:03.8970003Z fca2566eba32: Verifying Checksum
2025-08-16T21:46:03.8971670Z fca2566eba32: Download complete
2025-08-16T21:46:03.9729443Z 631fe8c6d606: Verifying Checksum
2025-08-16T21:46:03.9731985Z 631fe8c6d606: Download complete
2025-08-16T21:46:04.0045796Z 77c7671c4414: Download complete
2025-08-16T21:46:04.0984040Z c6bcc2c9a041: Verifying Checksum
2025-08-16T21:46:04.0987712Z c6bcc2c9a041: Download complete
2025-08-16T21:46:04.1454654Z 396b1da7636e: Verifying Checksum
2025-08-16T21:46:04.1462187Z 396b1da7636e: Download complete
2025-08-16T21:46:04.1470299Z 2d9e29180a27: Verifying Checksum
2025-08-16T21:46:04.1471915Z 2d9e29180a27: Download complete
2025-08-16T21:46:04.2055787Z ac4b721eb66f: Download complete
2025-08-16T21:46:04.2500148Z 606bd164980e: Verifying Checksum
2025-08-16T21:46:04.2502445Z 606bd164980e: Download complete
2025-08-16T21:46:04.3237044Z ba7036bb0a60: Verifying Checksum
2025-08-16T21:46:04.3238897Z ba7036bb0a60: Download complete
2025-08-16T21:46:04.3739277Z 799f859abbbd: Verifying Checksum
2025-08-16T21:46:04.3743190Z 799f859abbbd: Download complete
2025-08-16T21:46:04.4343520Z d903e777080c: Verifying Checksum
2025-08-16T21:46:04.4345720Z d903e777080c: Download complete
2025-08-16T21:46:04.4456701Z 04adcb462801: Verifying Checksum
2025-08-16T21:46:04.4457995Z 04adcb462801: Download complete
2025-08-16T21:46:04.5226832Z 5c10925b29ff: Verifying Checksum
2025-08-16T21:46:04.5230195Z 5c10925b29ff: Download complete
2025-08-16T21:46:05.2432078Z 396b1da7636e: Pull complete
2025-08-16T21:46:05.2909583Z f5dfd246bc6e: Verifying Checksum
2025-08-16T21:46:05.2913758Z f5dfd246bc6e: Download complete
2025-08-16T21:46:05.5028941Z fca2566eba32: Pull complete
2025-08-16T21:46:05.7122441Z 631fe8c6d606: Pull complete
2025-08-16T21:46:05.7601309Z 77c7671c4414: Pull complete
2025-08-16T21:46:06.0655600Z 2d9e29180a27: Pull complete
2025-08-16T21:46:06.1668147Z c6bcc2c9a041: Pull complete
2025-08-16T21:46:06.1787432Z ac4b721eb66f: Pull complete
2025-08-16T21:46:06.1918146Z 606bd164980e: Pull complete
2025-08-16T21:46:09.1549063Z f5dfd246bc6e: Pull complete
2025-08-16T21:46:09.1763182Z ba7036bb0a60: Pull complete
2025-08-16T21:46:09.1891187Z 799f859abbbd: Pull complete
2025-08-16T21:46:09.2003816Z d903e777080c: Pull complete
2025-08-16T21:46:09.2114842Z 04adcb462801: Pull complete
2025-08-16T21:46:09.2252820Z 5c10925b29ff: Pull complete
2025-08-16T21:46:09.2294677Z Digest: sha256:0de3e43bbb424d5fb7ca1889150f8e1b525d6c9fbaf9df6d853dcbc2ed5ffa1e
2025-08-16T21:46:09.2307730Z Status: Downloaded newer image for postgres:15
2025-08-16T21:46:09.2318265Z docker.io/library/postgres:15
2025-08-16T21:46:09.2377590Z ##[command]/usr/bin/docker create --name fc5e99d469ef4c95b0906c6a1ef34ab2_postgres15_908562 --label 514f62 --network github_network_b44d241c3dfc44d5aca511d585c17339 --network-alias postgres -p 5432:5432 --health-cmd="pg_isready -U postgres -d awa" --health-interval=5s --health-timeout=5s --health-retries=10 -e "POSTGRES_USER=postgres" -e "POSTGRES_PASSWORD=pass" -e "POSTGRES_DB=awa" -e GITHUB_ACTIONS=true -e CI=true postgres:15
2025-08-16T21:46:09.2664880Z 5dc94938c49fa42c43cad48828ceaada0cfacf6e9dabf4d58c42099f55fcee30
2025-08-16T21:46:09.2690717Z ##[command]/usr/bin/docker start 5dc94938c49fa42c43cad48828ceaada0cfacf6e9dabf4d58c42099f55fcee30
2025-08-16T21:46:09.5569744Z 5dc94938c49fa42c43cad48828ceaada0cfacf6e9dabf4d58c42099f55fcee30
2025-08-16T21:46:09.5595734Z ##[command]/usr/bin/docker ps --all --filter id=5dc94938c49fa42c43cad48828ceaada0cfacf6e9dabf4d58c42099f55fcee30 --filter status=running --no-trunc --format "{{.ID}} {{.Status}}"
2025-08-16T21:46:09.5807486Z 5dc94938c49fa42c43cad48828ceaada0cfacf6e9dabf4d58c42099f55fcee30 Up Less than a second (health: starting)
2025-08-16T21:46:09.5832623Z ##[command]/usr/bin/docker port 5dc94938c49fa42c43cad48828ceaada0cfacf6e9dabf4d58c42099f55fcee30
2025-08-16T21:46:09.5976227Z 5432/tcp -> 0.0.0.0:5432
2025-08-16T21:46:09.5976681Z 5432/tcp -> [::]:5432
2025-08-16T21:46:09.6030781Z ##[endgroup]
2025-08-16T21:46:09.6039086Z ##[group]Waiting for all services to be ready
2025-08-16T21:46:09.6052353Z ##[command]/usr/bin/docker inspect --format="{{if .Config.Healthcheck}}{{print .State.Health.Status}}{{end}}" 5dc94938c49fa42c43cad48828ceaada0cfacf6e9dabf4d58c42099f55fcee30
2025-08-16T21:46:09.6186185Z starting
2025-08-16T21:46:09.6212197Z postgres service is starting, waiting 2 seconds before checking again.
2025-08-16T21:46:11.6209460Z ##[command]/usr/bin/docker inspect --format="{{if .Config.Healthcheck}}{{print .State.Health.Status}}{{end}}" 5dc94938c49fa42c43cad48828ceaada0cfacf6e9dabf4d58c42099f55fcee30
2025-08-16T21:46:11.6334315Z starting
2025-08-16T21:46:11.6348190Z postgres service is starting, waiting 3 seconds before checking again.
2025-08-16T21:46:15.2415134Z ##[command]/usr/bin/docker inspect --format="{{if .Config.Healthcheck}}{{print .State.Health.Status}}{{end}}" 5dc94938c49fa42c43cad48828ceaada0cfacf6e9dabf4d58c42099f55fcee30
2025-08-16T21:46:15.2536790Z healthy
2025-08-16T21:46:15.2556722Z postgres service is healthy.
2025-08-16T21:46:15.2557461Z ##[endgroup]
2025-08-16T21:46:15.2829082Z ##[group]Run actions/checkout@v4
2025-08-16T21:46:15.2829715Z with:
2025-08-16T21:46:15.2830072Z   repository: AlexBomber12/AWA-App
2025-08-16T21:46:15.2830605Z   token: ***
2025-08-16T21:46:15.2830883Z   ssh-strict: true
2025-08-16T21:46:15.2831234Z   ssh-user: git
2025-08-16T21:46:15.2831493Z   persist-credentials: true
2025-08-16T21:46:15.2831794Z   clean: true
2025-08-16T21:46:15.2832020Z   sparse-checkout-cone-mode: true
2025-08-16T21:46:15.2832399Z   fetch-depth: 1
2025-08-16T21:46:15.2832629Z   fetch-tags: false
2025-08-16T21:46:15.2832887Z   show-progress: true
2025-08-16T21:46:15.2833215Z   lfs: false
2025-08-16T21:46:15.2833465Z   submodules: false
2025-08-16T21:46:15.2833697Z   set-safe-directory: true
2025-08-16T21:46:15.2834277Z ##[endgroup]
2025-08-16T21:46:15.3962334Z Syncing repository: AlexBomber12/AWA-App
2025-08-16T21:46:15.3964532Z ##[group]Getting Git version info
2025-08-16T21:46:15.3965240Z Working directory is '/home/runner/work/AWA-App/AWA-App'
2025-08-16T21:46:15.3967093Z [command]/usr/bin/git version
2025-08-16T21:46:15.4007461Z git version 2.50.1
2025-08-16T21:46:15.4034279Z ##[endgroup]
2025-08-16T21:46:15.4050352Z Temporarily overriding HOME='/home/runner/work/_temp/90875805-4e16-44aa-ac95-140e5e7b92a4' before making global git config changes
2025-08-16T21:46:15.4051701Z Adding repository directory to the temporary git global config as a safe directory
2025-08-16T21:46:15.4056834Z [command]/usr/bin/git config --global --add safe.directory /home/runner/work/AWA-App/AWA-App
2025-08-16T21:46:15.4091985Z Deleting the contents of '/home/runner/work/AWA-App/AWA-App'
2025-08-16T21:46:15.4165134Z ##[group]Initializing the repository
2025-08-16T21:46:15.4165895Z [command]/usr/bin/git init /home/runner/work/AWA-App/AWA-App
2025-08-16T21:46:15.4176773Z hint: Using 'master' as the name for the initial branch. This default branch name
2025-08-16T21:46:15.4177913Z hint: is subject to change. To configure the initial branch name to use in all
2025-08-16T21:46:15.4179404Z hint: of your new repositories, which will suppress this warning, call:
2025-08-16T21:46:15.4180262Z hint:
2025-08-16T21:46:15.4180698Z hint: 	git config --global init.defaultBranch <name>
2025-08-16T21:46:15.4181178Z hint:
2025-08-16T21:46:15.4181671Z hint: Names commonly chosen instead of 'master' are 'main', 'trunk' and
2025-08-16T21:46:15.4182522Z hint: 'development'. The just-created branch can be renamed via this command:
2025-08-16T21:46:15.4183160Z hint:
2025-08-16T21:46:15.4183489Z hint: 	git branch -m <name>
2025-08-16T21:46:15.4183836Z hint:
2025-08-16T21:46:15.4184322Z hint: Disable this message with "git config set advice.defaultBranchName false"
2025-08-16T21:46:15.4185217Z Initialized empty Git repository in /home/runner/work/AWA-App/AWA-App/.git/
2025-08-16T21:46:15.4194546Z [command]/usr/bin/git remote add origin https://github.com/AlexBomber12/AWA-App
2025-08-16T21:46:15.4227396Z ##[endgroup]
2025-08-16T21:46:15.4227986Z ##[group]Disabling automatic garbage collection
2025-08-16T21:46:15.4232397Z [command]/usr/bin/git config --local gc.auto 0
2025-08-16T21:46:15.4259971Z ##[endgroup]
2025-08-16T21:46:15.4260538Z ##[group]Setting up auth
2025-08-16T21:46:15.4267870Z [command]/usr/bin/git config --local --name-only --get-regexp core\.sshCommand
2025-08-16T21:46:15.4298430Z [command]/usr/bin/git submodule foreach --recursive sh -c "git config --local --name-only --get-regexp 'core\.sshCommand' && git config --local --unset-all 'core.sshCommand' || :"
2025-08-16T21:46:15.4575221Z [command]/usr/bin/git config --local --name-only --get-regexp http\.https\:\/\/github\.com\/\.extraheader
2025-08-16T21:46:15.4606260Z [command]/usr/bin/git submodule foreach --recursive sh -c "git config --local --name-only --get-regexp 'http\.https\:\/\/github\.com\/\.extraheader' && git config --local --unset-all 'http.https://github.com/.extraheader' || :"
2025-08-16T21:46:15.4830497Z [command]/usr/bin/git config --local http.https://github.com/.extraheader AUTHORIZATION: basic ***
2025-08-16T21:46:15.4875888Z ##[endgroup]
2025-08-16T21:46:15.4876607Z ##[group]Fetching the repository
2025-08-16T21:46:15.4885004Z [command]/usr/bin/git -c protocol.version=2 fetch --no-tags --prune --no-recurse-submodules --depth=1 origin +82ddfa9f369d946739aa08ba8c68a846212e9f33:refs/remotes/pull/212/merge
2025-08-16T21:46:15.7044337Z From https://github.com/AlexBomber12/AWA-App
2025-08-16T21:46:15.7045500Z  * [new ref]         82ddfa9f369d946739aa08ba8c68a846212e9f33 -> pull/212/merge
2025-08-16T21:46:15.7069991Z ##[endgroup]
2025-08-16T21:46:15.7070586Z ##[group]Determining the checkout info
2025-08-16T21:46:15.7072982Z ##[endgroup]
2025-08-16T21:46:15.7078616Z [command]/usr/bin/git sparse-checkout disable
2025-08-16T21:46:15.7122338Z [command]/usr/bin/git config --local --unset-all extensions.worktreeConfig
2025-08-16T21:46:15.7150563Z ##[group]Checking out the ref
2025-08-16T21:46:15.7154794Z [command]/usr/bin/git checkout --progress --force refs/remotes/pull/212/merge
2025-08-16T21:46:15.7404120Z Note: switching to 'refs/remotes/pull/212/merge'.
2025-08-16T21:46:15.7404802Z 
2025-08-16T21:46:15.7405582Z You are in 'detached HEAD' state. You can look around, make experimental
2025-08-16T21:46:15.7406705Z changes and commit them, and you can discard any commits you make in this
2025-08-16T21:46:15.7407450Z state without impacting any branches by switching back to a branch.
2025-08-16T21:46:15.7407858Z 
2025-08-16T21:46:15.7408138Z If you want to create a new branch to retain commits you create, you may
2025-08-16T21:46:15.7408779Z do so (now or later) by using -c with the switch command. Example:
2025-08-16T21:46:15.7409143Z 
2025-08-16T21:46:15.7409297Z   git switch -c <new-branch-name>
2025-08-16T21:46:15.7409549Z 
2025-08-16T21:46:15.7409696Z Or undo this operation with:
2025-08-16T21:46:15.7409853Z 
2025-08-16T21:46:15.7409929Z   git switch -
2025-08-16T21:46:15.7410052Z 
2025-08-16T21:46:15.7410244Z Turn off this advice by setting config variable advice.detachedHead to false
2025-08-16T21:46:15.7410528Z 
2025-08-16T21:46:15.7410846Z HEAD is now at 82ddfa9 Merge 671cf4d98b1d61647807eb87df41cc5e8905f4cb into 6e8747a287421c64057bcfdab5b60d54ad88a635
2025-08-16T21:46:15.7413623Z ##[endgroup]
2025-08-16T21:46:15.7448786Z [command]/usr/bin/git log -1 --format=%H
2025-08-16T21:46:15.7469692Z 82ddfa9f369d946739aa08ba8c68a846212e9f33
2025-08-16T21:46:15.7627541Z ##[group]Run cat .env.ci >> "$GITHUB_ENV"
2025-08-16T21:46:15.7627887Z [36;1mcat .env.ci >> "$GITHUB_ENV"[0m
2025-08-16T21:46:15.7628622Z [36;1mecho "DATABASE_URL=***localhost:5432/awa" >> "$GITHUB_ENV"[0m
2025-08-16T21:46:15.7628994Z [36;1mecho "PG_HOST=localhost" >> "$GITHUB_ENV"[0m
2025-08-16T21:46:15.7629289Z [36;1mecho "PG_PORT=5432" >> "$GITHUB_ENV"[0m
2025-08-16T21:46:15.7629565Z [36;1mecho "PG_USER=postgres" >> "$GITHUB_ENV"[0m
2025-08-16T21:46:15.7629856Z [36;1mecho "PG_PASSWORD=pass" >> "$GITHUB_ENV"[0m
2025-08-16T21:46:15.7630137Z [36;1mecho "PG_DATABASE=awa" >> "$GITHUB_ENV"[0m
2025-08-16T21:46:15.7675460Z shell: /usr/bin/bash -e {0}
2025-08-16T21:46:15.7675774Z ##[endgroup]
2025-08-16T21:46:15.7856644Z ##[group]Run actions/setup-python@v5
2025-08-16T21:46:15.7857023Z with:
2025-08-16T21:46:15.7857313Z   python-version: 3.12
2025-08-16T21:46:15.7857602Z   cache: pip
2025-08-16T21:46:15.7857926Z   cache-dependency-path: requirements-dev.txt
2025-08-16T21:46:15.7858301Z   check-latest: false
2025-08-16T21:46:15.7858714Z   token: ***
2025-08-16T21:46:15.7858996Z   update-environment: true
2025-08-16T21:46:15.7859228Z   allow-prereleases: false
2025-08-16T21:46:15.7859426Z   freethreaded: false
2025-08-16T21:46:15.7859692Z env:
2025-08-16T21:46:15.7859909Z   PG_USER: postgres
2025-08-16T21:46:15.7860091Z   PG_PASSWORD: pass
2025-08-16T21:46:15.7860261Z   PG_DATABASE: awa
2025-08-16T21:46:15.7860433Z   PG_HOST: localhost
2025-08-16T21:46:15.7860606Z   PG_PORT: 5432
2025-08-16T21:46:15.7860999Z   PG_SYNC_DSN: ***localhost:5432/awa
2025-08-16T21:46:15.7861415Z   PG_ASYNC_DSN: ***localhost:5432/awa
2025-08-16T21:46:15.7861792Z   DATABASE_URL: ***localhost:5432/awa
2025-08-16T21:46:15.7862063Z   DATA_DIR: /tmp/awa-data
2025-08-16T21:46:15.7862253Z   ENABLE_LIVE: 0
2025-08-16T21:46:15.7862420Z   TESTING: 1
2025-08-16T21:46:15.7862576Z ##[endgroup]
2025-08-16T21:46:15.9539173Z ##[group]Installed versions
2025-08-16T21:46:16.0004622Z Successfully set up CPython (3.12.11)
2025-08-16T21:46:16.0005665Z ##[endgroup]
2025-08-16T21:46:16.0333842Z [command]/opt/hostedtoolcache/Python/3.12.11/x64/bin/pip cache dir
2025-08-16T21:46:17.2338014Z /home/runner/.cache/pip
2025-08-16T21:46:17.3445127Z Cache hit for: setup-python-Linux-x64-24.04-Ubuntu-python-3.12.11-pip-dee7c0c28332ec2ebb5d2650fb0d2cfddf025b3b0e96b0c826645ad2cb717961
2025-08-16T21:46:18.4006980Z Received 213909504 of 271557671 (78.8%), 203.8 MBs/sec
2025-08-16T21:46:18.7140525Z Received 271557671 of 271557671 (100.0%), 197.1 MBs/sec
2025-08-16T21:46:18.7142685Z Cache Size: ~259 MB (271557671 B)
2025-08-16T21:46:18.7184849Z [command]/usr/bin/tar -xf /home/runner/work/_temp/b66794f3-e1b4-41ab-921a-920e91bf1eed/cache.tzst -P -C /home/runner/work/AWA-App/AWA-App --use-compress-program unzstd
2025-08-16T21:46:19.1611717Z Cache restored successfully
2025-08-16T21:46:19.2132223Z Cache restored from key: setup-python-Linux-x64-24.04-Ubuntu-python-3.12.11-pip-dee7c0c28332ec2ebb5d2650fb0d2cfddf025b3b0e96b0c826645ad2cb717961
2025-08-16T21:46:19.2283922Z ##[group]Run pip install -r requirements-dev.txt
2025-08-16T21:46:19.2284302Z [36;1mpip install -r requirements-dev.txt[0m
2025-08-16T21:46:19.2284600Z [36;1mpip install keepa==1.3.15 minio==7.1.15[0m
2025-08-16T21:46:19.2329990Z shell: /usr/bin/bash -e {0}
2025-08-16T21:46:19.2330238Z env:
2025-08-16T21:46:19.2330416Z   PG_USER: postgres
2025-08-16T21:46:19.2330613Z   PG_PASSWORD: pass
2025-08-16T21:46:19.2330808Z   PG_DATABASE: awa
2025-08-16T21:46:19.2330997Z   PG_HOST: localhost
2025-08-16T21:46:19.2331184Z   PG_PORT: 5432
2025-08-16T21:46:19.2331681Z   PG_SYNC_DSN: ***localhost:5432/awa
2025-08-16T21:46:19.2332149Z   PG_ASYNC_DSN: ***localhost:5432/awa
2025-08-16T21:46:19.2332517Z   DATABASE_URL: ***localhost:5432/awa
2025-08-16T21:46:19.2332971Z   DATA_DIR: /tmp/awa-data
2025-08-16T21:46:19.2333179Z   ENABLE_LIVE: 0
2025-08-16T21:46:19.2333348Z   TESTING: 1
2025-08-16T21:46:19.2333586Z   pythonLocation: /opt/hostedtoolcache/Python/3.12.11/x64
2025-08-16T21:46:19.2334033Z   PKG_CONFIG_PATH: /opt/hostedtoolcache/Python/3.12.11/x64/lib/pkgconfig
2025-08-16T21:46:19.2334425Z   Python_ROOT_DIR: /opt/hostedtoolcache/Python/3.12.11/x64
2025-08-16T21:46:19.2334762Z   Python2_ROOT_DIR: /opt/hostedtoolcache/Python/3.12.11/x64
2025-08-16T21:46:19.2335100Z   Python3_ROOT_DIR: /opt/hostedtoolcache/Python/3.12.11/x64
2025-08-16T21:46:19.2335567Z   LD_LIBRARY_PATH: /opt/hostedtoolcache/Python/3.12.11/x64/lib
2025-08-16T21:46:19.2335856Z ##[endgroup]
2025-08-16T21:46:20.3485627Z Collecting Jinja2==3.1.6 (from -r requirements-dev.txt (line 2))
2025-08-16T21:46:20.3500125Z   Using cached jinja2-3.1.6-py3-none-any.whl.metadata (2.9 kB)
2025-08-16T21:46:20.3762318Z Collecting alembic==1.13.1 (from -r requirements-dev.txt (line 3))
2025-08-16T21:46:20.3778765Z   Using cached alembic-1.13.1-py3-none-any.whl.metadata (7.4 kB)
2025-08-16T21:46:20.3983425Z Collecting apscheduler==3.10.4 (from -r requirements-dev.txt (line 4))
2025-08-16T21:46:20.3996284Z   Using cached APScheduler-3.10.4-py3-none-any.whl.metadata (5.7 kB)
2025-08-16T21:46:20.4446431Z Collecting asyncpg==0.30.0 (from -r requirements-dev.txt (line 5))
2025-08-16T21:46:20.4459435Z   Using cached asyncpg-0.30.0-cp312-cp312-manylinux_2_17_x86_64.manylinux2014_x86_64.whl.metadata (5.0 kB)
2025-08-16T21:46:20.4959632Z Collecting black==25.1.0 (from -r requirements-dev.txt (line 6))
2025-08-16T21:46:20.4973951Z   Using cached black-25.1.0-cp312-cp312-manylinux_2_17_x86_64.manylinux2014_x86_64.manylinux_2_28_x86_64.whl.metadata (81 kB)
2025-08-16T21:46:20.9088108Z Collecting boto3 (from -r requirements-dev.txt (line 7))
2025-08-16T21:46:20.9543764Z   Downloading boto3-1.40.11-py3-none-any.whl.metadata (6.7 kB)
2025-08-16T21:46:20.9916671Z Collecting celery==5.4.0 (from -r requirements-dev.txt (line 8))
2025-08-16T21:46:20.9929581Z   Using cached celery-5.4.0-py3-none-any.whl.metadata (21 kB)
2025-08-16T21:46:21.0551082Z Collecting fastapi==0.116.1 (from -r requirements-dev.txt (line 9))
2025-08-16T21:46:21.0565567Z   Using cached fastapi-0.116.1-py3-none-any.whl.metadata (28 kB)
2025-08-16T21:46:21.0861189Z Collecting httpx<0.29,>=0.27 (from -r requirements-dev.txt (line 11))
2025-08-16T21:46:21.0880205Z   Using cached httpx-0.28.1-py3-none-any.whl.metadata (7.1 kB)
2025-08-16T21:46:21.1076493Z Collecting imapclient==3.0.1 (from -r requirements-dev.txt (line 12))
2025-08-16T21:46:21.1094102Z   Using cached IMAPClient-3.0.1-py2.py3-none-any.whl.metadata (1.7 kB)
2025-08-16T21:46:21.1226689Z Collecting itsdangerous (from -r requirements-dev.txt (line 13))
2025-08-16T21:46:21.1238342Z   Using cached itsdangerous-2.2.0-py3-none-any.whl.metadata (1.9 kB)
2025-08-16T21:46:21.2282204Z Collecting mypy==1.* (from -r requirements-dev.txt (line 14))
2025-08-16T21:46:21.2296271Z   Using cached mypy-1.17.1-cp312-cp312-manylinux2014_x86_64.manylinux_2_17_x86_64.manylinux_2_28_x86_64.whl.metadata (2.2 kB)
2025-08-16T21:46:21.2439597Z Collecting mypy-extensions==1.1.0 (from -r requirements-dev.txt (line 15))
2025-08-16T21:46:21.2451980Z   Using cached mypy_extensions-1.1.0-py3-none-any.whl.metadata (1.1 kB)
2025-08-16T21:46:21.2659334Z Collecting openpyxl==3.1.5 (from -r requirements-dev.txt (line 16))
2025-08-16T21:46:21.2672987Z   Using cached openpyxl-3.1.5-py2.py3-none-any.whl.metadata (2.5 kB)
2025-08-16T21:46:21.3771851Z Collecting pandas==2.3.1 (from -r requirements-dev.txt (line 17))
2025-08-16T21:46:21.3787063Z   Using cached pandas-2.3.1-cp312-cp312-manylinux_2_17_x86_64.manylinux2014_x86_64.whl.metadata (91 kB)
2025-08-16T21:46:21.5004648Z Collecting psycopg2-binary==2.9.9 (from -r requirements-dev.txt (line 18))
2025-08-16T21:46:21.5017893Z   Using cached psycopg2_binary-2.9.9-cp312-cp312-manylinux_2_17_x86_64.manylinux2014_x86_64.whl.metadata (4.4 kB)
2025-08-16T21:46:21.5212179Z Collecting psycopg==3.2.9 (from psycopg[binary]==3.2.9->-r requirements-dev.txt (line 19))
2025-08-16T21:46:21.5223828Z   Using cached psycopg-3.2.9-py3-none-any.whl.metadata (4.5 kB)
2025-08-16T21:46:21.6369354Z Collecting pydantic==2.11.7 (from -r requirements-dev.txt (line 20))
2025-08-16T21:46:21.6383483Z   Using cached pydantic-2.11.7-py3-none-any.whl.metadata (67 kB)
2025-08-16T21:46:21.7701768Z Collecting setuptools (from -r requirements-dev.txt (line 21))
2025-08-16T21:46:21.7716929Z   Using cached setuptools-80.9.0-py3-none-any.whl.metadata (6.6 kB)
2025-08-16T21:46:21.8015715Z Collecting pytest-asyncio==0.23.6 (from -r requirements-dev.txt (line 22))
2025-08-16T21:46:21.8028548Z   Using cached pytest_asyncio-0.23.6-py3-none-any.whl.metadata (3.9 kB)
2025-08-16T21:46:21.8210046Z Collecting pytest-cov==6.2.1 (from -r requirements-dev.txt (line 23))
2025-08-16T21:46:21.8222969Z   Using cached pytest_cov-6.2.1-py3-none-any.whl.metadata (30 kB)
2025-08-16T21:46:21.8417535Z Collecting pytest-postgresql==7.0.2 (from -r requirements-dev.txt (line 24))
2025-08-16T21:46:21.8429881Z   Using cached pytest_postgresql-7.0.2-py3-none-any.whl.metadata (18 kB)
2025-08-16T21:46:21.8634435Z Collecting python-dotenv (from -r requirements-dev.txt (line 25))
2025-08-16T21:46:21.8648046Z   Using cached python_dotenv-1.1.1-py3-none-any.whl.metadata (24 kB)
2025-08-16T21:46:21.8817910Z Collecting python-multipart (from -r requirements-dev.txt (line 26))
2025-08-16T21:46:21.8831784Z   Using cached python_multipart-0.0.20-py3-none-any.whl.metadata (1.8 kB)
2025-08-16T21:46:21.9157263Z Collecting python-telegram-bot==22.2 (from -r requirements-dev.txt (line 27))
2025-08-16T21:46:21.9170833Z   Using cached python_telegram_bot-22.2-py3-none-any.whl.metadata (17 kB)
2025-08-16T21:46:21.9498064Z Collecting requests==2.32.4 (from -r requirements-dev.txt (line 28))
2025-08-16T21:46:21.9512104Z   Using cached requests-2.32.4-py3-none-any.whl.metadata (4.9 kB)
2025-08-16T21:46:21.9716757Z Collecting respx==0.22.0 (from -r requirements-dev.txt (line 29))
2025-08-16T21:46:21.9731725Z   Using cached respx-0.22.0-py2.py3-none-any.whl.metadata (4.1 kB)
2025-08-16T21:46:22.4025631Z Collecting ruff==0.4.4 (from -r requirements-dev.txt (line 30))
2025-08-16T21:46:22.4039182Z   Using cached ruff-0.4.4-py3-none-manylinux_2_17_x86_64.manylinux2014_x86_64.whl.metadata (23 kB)
2025-08-16T21:46:22.6784356Z Collecting sqlalchemy==2.0.29 (from -r requirements-dev.txt (line 31))
2025-08-16T21:46:22.6798583Z   Using cached SQLAlchemy-2.0.29-cp312-cp312-manylinux_2_17_x86_64.manylinux2014_x86_64.whl.metadata (9.6 kB)
2025-08-16T21:46:22.7063706Z Collecting testcontainers==4.10.0 (from testcontainers[postgres]==4.10.0->-r requirements-dev.txt (line 32))
2025-08-16T21:46:22.7075995Z   Using cached testcontainers-4.10.0-py3-none-any.whl.metadata (7.8 kB)
2025-08-16T21:46:22.7466407Z Collecting types-requests==2.32.0.20240602 (from -r requirements-dev.txt (line 33))
2025-08-16T21:46:22.7479834Z   Using cached types_requests-2.32.0.20240602-py3-none-any.whl.metadata (1.8 kB)
2025-08-16T21:46:22.7681613Z Collecting docspec-python==2.2.2 (from -r requirements-dev.txt (line 34))
2025-08-16T21:46:22.7694762Z   Using cached docspec_python-2.2.2-py3-none-any.whl.metadata (1.0 kB)
2025-08-16T21:46:22.7909643Z Collecting pydoc-markdown==4.8.2 (from -r requirements-dev.txt (line 35))
2025-08-16T21:46:22.7921883Z   Using cached pydoc_markdown-4.8.2-py3-none-any.whl.metadata (5.9 kB)
2025-08-16T21:46:22.8466545Z Collecting MarkupSafe>=2.0 (from Jinja2==3.1.6->-r requirements-dev.txt (line 2))
2025-08-16T21:46:22.8480572Z   Using cached MarkupSafe-3.0.2-cp312-cp312-manylinux_2_17_x86_64.manylinux2014_x86_64.whl.metadata (4.0 kB)
2025-08-16T21:46:22.8822460Z Collecting Mako (from alembic==1.13.1->-r requirements-dev.txt (line 3))
2025-08-16T21:46:22.8836011Z   Using cached mako-1.3.10-py3-none-any.whl.metadata (2.9 kB)
2025-08-16T21:46:22.9048809Z Collecting typing-extensions>=4 (from alembic==1.13.1->-r requirements-dev.txt (line 3))
2025-08-16T21:46:22.9062215Z   Using cached typing_extensions-4.14.1-py3-none-any.whl.metadata (3.0 kB)
2025-08-16T21:46:22.9242525Z Collecting six>=1.4.0 (from apscheduler==3.10.4->-r requirements-dev.txt (line 4))
2025-08-16T21:46:22.9254972Z   Using cached six-1.17.0-py2.py3-none-any.whl.metadata (1.7 kB)
2025-08-16T21:46:22.9644200Z Collecting pytz (from apscheduler==3.10.4->-r requirements-dev.txt (line 4))
2025-08-16T21:46:22.9660431Z   Using cached pytz-2025.2-py2.py3-none-any.whl.metadata (22 kB)
2025-08-16T21:46:22.9873624Z Collecting tzlocal!=3.*,>=2.0 (from apscheduler==3.10.4->-r requirements-dev.txt (line 4))
2025-08-16T21:46:22.9886829Z   Using cached tzlocal-5.3.1-py3-none-any.whl.metadata (7.6 kB)
2025-08-16T21:46:23.0118468Z Collecting click>=8.0.0 (from black==25.1.0->-r requirements-dev.txt (line 6))
2025-08-16T21:46:23.0130730Z   Using cached click-8.2.1-py3-none-any.whl.metadata (2.5 kB)
2025-08-16T21:46:23.0326636Z Collecting packaging>=22.0 (from black==25.1.0->-r requirements-dev.txt (line 6))
2025-08-16T21:46:23.0339648Z   Using cached packaging-25.0-py3-none-any.whl.metadata (3.3 kB)
2025-08-16T21:46:23.0496253Z Collecting pathspec>=0.9.0 (from black==25.1.0->-r requirements-dev.txt (line 6))
2025-08-16T21:46:23.0508654Z   Using cached pathspec-0.12.1-py3-none-any.whl.metadata (21 kB)
2025-08-16T21:46:23.0730167Z Collecting platformdirs>=2 (from black==25.1.0->-r requirements-dev.txt (line 6))
2025-08-16T21:46:23.0745233Z   Using cached platformdirs-4.3.8-py3-none-any.whl.metadata (12 kB)
2025-08-16T21:46:23.0976912Z Collecting billiard<5.0,>=4.2.0 (from celery==5.4.0->-r requirements-dev.txt (line 8))
2025-08-16T21:46:23.0989601Z   Using cached billiard-4.2.1-py3-none-any.whl.metadata (4.4 kB)
2025-08-16T21:46:23.1339403Z Collecting kombu<6.0,>=5.3.4 (from celery==5.4.0->-r requirements-dev.txt (line 8))
2025-08-16T21:46:23.1352139Z   Using cached kombu-5.5.4-py3-none-any.whl.metadata (3.5 kB)
2025-08-16T21:46:23.1545191Z Collecting vine<6.0,>=5.1.0 (from celery==5.4.0->-r requirements-dev.txt (line 8))
2025-08-16T21:46:23.1557310Z   Using cached vine-5.1.0-py3-none-any.whl.metadata (2.7 kB)
2025-08-16T21:46:23.1738887Z Collecting click-didyoumean>=0.3.0 (from celery==5.4.0->-r requirements-dev.txt (line 8))
2025-08-16T21:46:23.1752021Z   Using cached click_didyoumean-0.3.1-py3-none-any.whl.metadata (3.9 kB)
2025-08-16T21:46:23.1884533Z Collecting click-repl>=0.2.0 (from celery==5.4.0->-r requirements-dev.txt (line 8))
2025-08-16T21:46:23.1896646Z   Using cached click_repl-0.3.0-py3-none-any.whl.metadata (3.6 kB)
2025-08-16T21:46:23.2036702Z Collecting click-plugins>=1.1.1 (from celery==5.4.0->-r requirements-dev.txt (line 8))
2025-08-16T21:46:23.2049179Z   Using cached click_plugins-1.1.1.2-py2.py3-none-any.whl.metadata (6.5 kB)
2025-08-16T21:46:23.2231399Z Collecting tzdata>=2022.7 (from celery==5.4.0->-r requirements-dev.txt (line 8))
2025-08-16T21:46:23.2244243Z   Using cached tzdata-2025.2-py2.py3-none-any.whl.metadata (1.4 kB)
2025-08-16T21:46:23.2399281Z Collecting python-dateutil>=2.8.2 (from celery==5.4.0->-r requirements-dev.txt (line 8))
2025-08-16T21:46:23.2412275Z   Using cached python_dateutil-2.9.0.post0-py2.py3-none-any.whl.metadata (8.4 kB)
2025-08-16T21:46:23.2782767Z Collecting starlette<0.48.0,>=0.40.0 (from fastapi==0.116.1->-r requirements-dev.txt (line 9))
2025-08-16T21:46:23.2798520Z   Using cached starlette-0.47.2-py3-none-any.whl.metadata (6.2 kB)
2025-08-16T21:46:23.3290943Z Collecting annotated-types>=0.6.0 (from pydantic==2.11.7->-r requirements-dev.txt (line 20))
2025-08-16T21:46:23.3303283Z   Using cached annotated_types-0.7.0-py3-none-any.whl.metadata (15 kB)
2025-08-16T21:46:24.0437235Z Collecting pydantic-core==2.33.2 (from pydantic==2.11.7->-r requirements-dev.txt (line 20))
2025-08-16T21:46:24.0451994Z   Using cached pydantic_core-2.33.2-cp312-cp312-manylinux_2_17_x86_64.manylinux2014_x86_64.whl.metadata (6.8 kB)
2025-08-16T21:46:24.0629367Z Collecting typing-inspection>=0.4.0 (from pydantic==2.11.7->-r requirements-dev.txt (line 20))
2025-08-16T21:46:24.0642129Z   Using cached typing_inspection-0.4.1-py3-none-any.whl.metadata (2.6 kB)
2025-08-16T21:46:24.0808909Z Collecting et-xmlfile (from openpyxl==3.1.5->-r requirements-dev.txt (line 16))
2025-08-16T21:46:24.0821598Z   Using cached et_xmlfile-2.0.0-py3-none-any.whl.metadata (2.7 kB)
2025-08-16T21:46:24.3157157Z Collecting numpy>=1.26.0 (from pandas==2.3.1->-r requirements-dev.txt (line 17))
2025-08-16T21:46:24.3171372Z   Using cached numpy-2.3.2-cp312-cp312-manylinux_2_27_x86_64.manylinux_2_28_x86_64.whl.metadata (62 kB)
2025-08-16T21:46:24.3832512Z Collecting pytest<9,>=7.0.0 (from pytest-asyncio==0.23.6->-r requirements-dev.txt (line 22))
2025-08-16T21:46:24.3847464Z   Using cached pytest-8.4.1-py3-none-any.whl.metadata (7.7 kB)
2025-08-16T21:46:24.7236756Z Collecting coverage>=7.5 (from coverage[toml]>=7.5->pytest-cov==6.2.1->-r requirements-dev.txt (line 23))
2025-08-16T21:46:24.7250098Z   Using cached coverage-7.10.3-cp312-cp312-manylinux1_x86_64.manylinux_2_28_x86_64.manylinux_2_5_x86_64.whl.metadata (8.9 kB)
2025-08-16T21:46:24.7415978Z Collecting pluggy>=1.2 (from pytest-cov==6.2.1->-r requirements-dev.txt (line 23))
2025-08-16T21:46:24.7428400Z   Using cached pluggy-1.6.0-py3-none-any.whl.metadata (4.8 kB)
2025-08-16T21:46:24.7779213Z Collecting port-for>=0.7.3 (from pytest-postgresql==7.0.2->-r requirements-dev.txt (line 24))
2025-08-16T21:46:24.7791870Z   Using cached port_for-0.7.4-py3-none-any.whl.metadata (7.1 kB)
2025-08-16T21:46:24.8016540Z Collecting mirakuru>=2.6.0 (from pytest-postgresql==7.0.2->-r requirements-dev.txt (line 24))
2025-08-16T21:46:24.8028057Z   Using cached mirakuru-2.6.1-py3-none-any.whl.metadata (10 kB)
2025-08-16T21:46:24.8878115Z Collecting charset_normalizer<4,>=2 (from requests==2.32.4->-r requirements-dev.txt (line 28))
2025-08-16T21:46:24.8892895Z   Using cached charset_normalizer-3.4.3-cp312-cp312-manylinux2014_x86_64.manylinux_2_17_x86_64.manylinux_2_28_x86_64.whl.metadata (36 kB)
2025-08-16T21:46:24.9100424Z Collecting idna<4,>=2.5 (from requests==2.32.4->-r requirements-dev.txt (line 28))
2025-08-16T21:46:24.9112638Z   Using cached idna-3.10-py3-none-any.whl.metadata (10 kB)
2025-08-16T21:46:24.9421953Z Collecting urllib3<3,>=1.21.1 (from requests==2.32.4->-r requirements-dev.txt (line 28))
2025-08-16T21:46:24.9434009Z   Using cached urllib3-2.5.0-py3-none-any.whl.metadata (6.5 kB)
2025-08-16T21:46:24.9733352Z Collecting certifi>=2017.4.17 (from requests==2.32.4->-r requirements-dev.txt (line 28))
2025-08-16T21:46:24.9748565Z   Using cached certifi-2025.8.3-py3-none-any.whl.metadata (2.4 kB)
2025-08-16T21:46:25.1063884Z Collecting greenlet!=0.4.17 (from sqlalchemy==2.0.29->-r requirements-dev.txt (line 31))
2025-08-16T21:46:25.1078989Z   Using cached greenlet-3.2.4-cp312-cp312-manylinux_2_24_x86_64.manylinux_2_28_x86_64.whl.metadata (4.1 kB)
2025-08-16T21:46:25.2258308Z Collecting docker (from testcontainers==4.10.0->testcontainers[postgres]==4.10.0->-r requirements-dev.txt (line 32))
2025-08-16T21:46:25.2273437Z   Using cached docker-7.1.0-py3-none-any.whl.metadata (3.8 kB)
2025-08-16T21:46:25.3314645Z Collecting wrapt (from testcontainers==4.10.0->testcontainers[postgres]==4.10.0->-r requirements-dev.txt (line 32))
2025-08-16T21:46:25.3329135Z   Using cached wrapt-1.17.3-cp312-cp312-manylinux1_x86_64.manylinux_2_28_x86_64.manylinux_2_5_x86_64.whl.metadata (6.4 kB)
2025-08-16T21:46:25.3649140Z Collecting docspec==2.2.1 (from docspec-python==2.2.2->-r requirements-dev.txt (line 34))
2025-08-16T21:46:25.3660979Z   Using cached docspec-2.2.1-py3-none-any.whl.metadata (1.5 kB)
2025-08-16T21:46:25.3864991Z Collecting nr-util>=0.8.12 (from docspec-python==2.2.2->-r requirements-dev.txt (line 34))
2025-08-16T21:46:25.3878467Z   Using cached nr.util-0.8.12-py3-none-any.whl.metadata (813 bytes)
2025-08-16T21:46:25.4269742Z Collecting PyYAML<7.0,>=5.0 (from pydoc-markdown==4.8.2->-r requirements-dev.txt (line 35))
2025-08-16T21:46:25.4283567Z   Using cached PyYAML-6.0.2-cp312-cp312-manylinux_2_17_x86_64.manylinux2014_x86_64.whl.metadata (2.1 kB)
2025-08-16T21:46:25.4642256Z Collecting databind.core<5.0.0,>=4.4.0 (from pydoc-markdown==4.8.2->-r requirements-dev.txt (line 35))
2025-08-16T21:46:25.4656031Z   Using cached databind.core-4.5.2-py3-none-any.whl.metadata (1.1 kB)
2025-08-16T21:46:25.4920657Z Collecting databind.json<5.0.0,>=4.4.0 (from pydoc-markdown==4.8.2->-r requirements-dev.txt (line 35))
2025-08-16T21:46:25.4934054Z   Using cached databind.json-4.5.2-py3-none-any.whl.metadata (1.1 kB)
2025-08-16T21:46:25.5127543Z Collecting docstring-parser<0.12,>=0.11 (from pydoc-markdown==4.8.2->-r requirements-dev.txt (line 35))
2025-08-16T21:46:25.5128549Z   Using cached docstring_parser-0.11-py3-none-any.whl
2025-08-16T21:46:25.5606687Z Collecting tomli<3.0.0,>=2.0.0 (from pydoc-markdown==4.8.2->-r requirements-dev.txt (line 35))
2025-08-16T21:46:25.5620077Z   Using cached tomli-2.2.1-cp312-cp312-manylinux_2_17_x86_64.manylinux2014_x86_64.whl.metadata (11 kB)
2025-08-16T21:46:25.5772015Z Collecting tomli_w<2.0.0,>=1.0.0 (from pydoc-markdown==4.8.2->-r requirements-dev.txt (line 35))
2025-08-16T21:46:25.5785728Z   Using cached tomli_w-1.2.0-py3-none-any.whl.metadata (5.7 kB)
2025-08-16T21:46:25.6292361Z Collecting watchdog (from pydoc-markdown==4.8.2->-r requirements-dev.txt (line 35))
2025-08-16T21:46:25.6306777Z   Using cached watchdog-6.0.0-py3-none-manylinux2014_x86_64.whl.metadata (44 kB)
2025-08-16T21:46:25.6551810Z Collecting yapf>=0.30.0 (from pydoc-markdown==4.8.2->-r requirements-dev.txt (line 35))
2025-08-16T21:46:25.6564398Z   Using cached yapf-0.43.0-py3-none-any.whl.metadata (46 kB)
2025-08-16T21:46:25.6794186Z Collecting Deprecated<2.0.0,>=1.2.12 (from docspec==2.2.1->docspec-python==2.2.2->-r requirements-dev.txt (line 34))
2025-08-16T21:46:25.6807153Z   Using cached Deprecated-1.2.18-py2.py3-none-any.whl.metadata (5.7 kB)
2025-08-16T21:46:25.8442718Z Collecting psycopg-binary==3.2.9 (from psycopg[binary]==3.2.9->-r requirements-dev.txt (line 19))
2025-08-16T21:46:25.8457233Z   Using cached psycopg_binary-3.2.9-cp312-cp312-manylinux_2_17_x86_64.manylinux2014_x86_64.whl.metadata (2.9 kB)
2025-08-16T21:46:25.8815085Z Collecting anyio (from httpx<0.29,>=0.27->-r requirements-dev.txt (line 11))
2025-08-16T21:46:25.8830231Z   Using cached anyio-4.10.0-py3-none-any.whl.metadata (4.0 kB)
2025-08-16T21:46:25.9060934Z Collecting httpcore==1.* (from httpx<0.29,>=0.27->-r requirements-dev.txt (line 11))
2025-08-16T21:46:25.9075086Z   Using cached httpcore-1.0.9-py3-none-any.whl.metadata (21 kB)
2025-08-16T21:46:25.9422160Z Collecting databind<5.0.0,>=4.5.2 (from databind.core<5.0.0,>=4.4.0->pydoc-markdown==4.8.2->-r requirements-dev.txt (line 35))
2025-08-16T21:46:25.9435862Z   Using cached databind-4.5.2-py3-none-any.whl.metadata (4.3 kB)
2025-08-16T21:46:25.9597564Z Collecting nr-date<3.0.0,>=2.0.0 (from databind<5.0.0,>=4.5.2->databind.core<5.0.0,>=4.4.0->pydoc-markdown==4.8.2->-r requirements-dev.txt (line 35))
2025-08-16T21:46:25.9610204Z   Using cached nr_date-2.1.0-py3-none-any.whl.metadata (746 bytes)
2025-08-16T21:46:25.9781504Z Collecting nr-stream<2.0.0,>=1.0.0 (from databind<5.0.0,>=4.5.2->databind.core<5.0.0,>=4.4.0->pydoc-markdown==4.8.2->-r requirements-dev.txt (line 35))
2025-08-16T21:46:25.9795096Z   Using cached nr_stream-1.1.5-py3-none-any.whl.metadata (3.6 kB)
2025-08-16T21:46:26.0004198Z Collecting typeapi<3,>=2.0.1 (from databind<5.0.0,>=4.5.2->databind.core<5.0.0,>=4.4.0->pydoc-markdown==4.8.2->-r requirements-dev.txt (line 35))
2025-08-16T21:46:26.0017914Z   Using cached typeapi-2.2.4-py3-none-any.whl.metadata (1.5 kB)
2025-08-16T21:46:26.0347887Z Collecting h11>=0.16 (from httpcore==1.*->httpx<0.29,>=0.27->-r requirements-dev.txt (line 11))
2025-08-16T21:46:26.0360964Z   Using cached h11-0.16.0-py3-none-any.whl.metadata (8.3 kB)
2025-08-16T21:46:26.0642102Z Collecting amqp<6.0.0,>=5.1.1 (from kombu<6.0,>=5.3.4->celery==5.4.0->-r requirements-dev.txt (line 8))
2025-08-16T21:46:26.0656186Z   Using cached amqp-5.3.1-py3-none-any.whl.metadata (8.9 kB)
2025-08-16T21:46:26.1103932Z Collecting iniconfig>=1 (from pytest<9,>=7.0.0->pytest-asyncio==0.23.6->-r requirements-dev.txt (line 22))
2025-08-16T21:46:26.1116982Z   Using cached iniconfig-2.1.0-py3-none-any.whl.metadata (2.7 kB)
2025-08-16T21:46:26.1388848Z Collecting pygments>=2.7.2 (from pytest<9,>=7.0.0->pytest-asyncio==0.23.6->-r requirements-dev.txt (line 22))
2025-08-16T21:46:26.1402115Z   Using cached pygments-2.19.2-py3-none-any.whl.metadata (2.5 kB)
2025-08-16T21:46:26.1766468Z Collecting sniffio>=1.1 (from anyio->httpx<0.29,>=0.27->-r requirements-dev.txt (line 11))
2025-08-16T21:46:26.1780013Z   Using cached sniffio-1.3.1-py3-none-any.whl.metadata (3.9 kB)
2025-08-16T21:46:26.5472785Z Collecting botocore<1.41.0,>=1.40.11 (from boto3->-r requirements-dev.txt (line 7))
2025-08-16T21:46:26.5547948Z   Downloading botocore-1.40.11-py3-none-any.whl.metadata (5.7 kB)
2025-08-16T21:46:26.5744317Z Collecting jmespath<2.0.0,>=0.7.1 (from boto3->-r requirements-dev.txt (line 7))
2025-08-16T21:46:26.5756585Z   Using cached jmespath-1.0.1-py3-none-any.whl.metadata (7.6 kB)
2025-08-16T21:46:26.5965733Z Collecting s3transfer<0.14.0,>=0.13.0 (from boto3->-r requirements-dev.txt (line 7))
2025-08-16T21:46:26.5977565Z   Using cached s3transfer-0.13.1-py3-none-any.whl.metadata (1.7 kB)
2025-08-16T21:46:26.8585710Z Collecting fastapi-cli>=0.0.8 (from fastapi-cli[standard]>=0.0.8; extra == "all"->fastapi[all]->-r requirements-dev.txt (line 10))
2025-08-16T21:46:26.8597719Z   Using cached fastapi_cli-0.0.8-py3-none-any.whl.metadata (6.3 kB)
2025-08-16T21:46:26.9344229Z Collecting ujson!=4.0.2,!=4.1.0,!=4.2.0,!=4.3.0,!=5.0.0,!=5.1.0,>=4.0.1 (from fastapi[all]->-r requirements-dev.txt (line 10))
2025-08-16T21:46:26.9357680Z   Using cached ujson-5.10.0-cp312-cp312-manylinux_2_17_x86_64.manylinux2014_x86_64.whl.metadata (9.3 kB)
2025-08-16T21:46:27.1755642Z Collecting orjson>=3.2.1 (from fastapi[all]->-r requirements-dev.txt (line 10))
2025-08-16T21:46:27.1769756Z   Using cached orjson-3.11.2-cp312-cp312-manylinux_2_17_x86_64.manylinux2014_x86_64.whl.metadata (1.2 kB)
2025-08-16T21:46:27.1939502Z Collecting email-validator>=2.0.0 (from fastapi[all]->-r requirements-dev.txt (line 10))
2025-08-16T21:46:27.1952584Z   Using cached email_validator-2.2.0-py3-none-any.whl.metadata (25 kB)
2025-08-16T21:46:27.2278526Z Collecting uvicorn>=0.12.0 (from uvicorn[standard]>=0.12.0; extra == "all"->fastapi[all]->-r requirements-dev.txt (line 10))
2025-08-16T21:46:27.2292468Z   Using cached uvicorn-0.35.0-py3-none-any.whl.metadata (6.5 kB)
2025-08-16T21:46:27.2498603Z Collecting pydantic-settings>=2.0.0 (from fastapi[all]->-r requirements-dev.txt (line 10))
2025-08-16T21:46:27.2510971Z   Using cached pydantic_settings-2.10.1-py3-none-any.whl.metadata (3.4 kB)
2025-08-16T21:46:27.2688496Z Collecting pydantic-extra-types>=2.0.0 (from fastapi[all]->-r requirements-dev.txt (line 10))
2025-08-16T21:46:27.2701876Z   Using cached pydantic_extra_types-2.10.5-py3-none-any.whl.metadata (3.9 kB)
2025-08-16T21:46:27.3438202Z Collecting prompt-toolkit>=3.0.36 (from click-repl>=0.2.0->celery==5.4.0->-r requirements-dev.txt (line 8))
2025-08-16T21:46:27.3450753Z   Using cached prompt_toolkit-3.0.51-py3-none-any.whl.metadata (6.4 kB)
2025-08-16T21:46:27.3682430Z Collecting dnspython>=2.0.0 (from email-validator>=2.0.0->fastapi[all]->-r requirements-dev.txt (line 10))
2025-08-16T21:46:27.3695768Z   Using cached dnspython-2.7.0-py3-none-any.whl.metadata (5.8 kB)
2025-08-16T21:46:27.4027338Z Collecting typer>=0.15.1 (from fastapi-cli>=0.0.8->fastapi-cli[standard]>=0.0.8; extra == "all"->fastapi[all]->-r requirements-dev.txt (line 10))
2025-08-16T21:46:27.4039535Z   Using cached typer-0.16.0-py3-none-any.whl.metadata (15 kB)
2025-08-16T21:46:27.4359863Z Collecting rich-toolkit>=0.14.8 (from fastapi-cli>=0.0.8->fastapi-cli[standard]>=0.0.8; extra == "all"->fastapi[all]->-r requirements-dev.txt (line 10))
2025-08-16T21:46:27.4371827Z   Using cached rich_toolkit-0.15.0-py3-none-any.whl.metadata (1.0 kB)
2025-08-16T21:46:27.4528218Z Collecting fastapi-cloud-cli>=0.1.1 (from fastapi-cli[standard]>=0.0.8; extra == "all"->fastapi[all]->-r requirements-dev.txt (line 10))
2025-08-16T21:46:27.4539992Z   Using cached fastapi_cloud_cli-0.1.5-py3-none-any.whl.metadata (3.2 kB)
2025-08-16T21:46:27.5308986Z Collecting rignore>=0.5.1 (from fastapi-cloud-cli>=0.1.1->fastapi-cli[standard]>=0.0.8; extra == "all"->fastapi[all]->-r requirements-dev.txt (line 10))
2025-08-16T21:46:27.5322935Z   Using cached rignore-0.6.4-cp312-cp312-manylinux_2_17_x86_64.manylinux2014_x86_64.whl.metadata (3.8 kB)
2025-08-16T21:46:27.6298888Z Collecting sentry-sdk>=2.20.0 (from fastapi-cloud-cli>=0.1.1->fastapi-cli[standard]>=0.0.8; extra == "all"->fastapi[all]->-r requirements-dev.txt (line 10))
2025-08-16T21:46:27.6374767Z   Downloading sentry_sdk-2.35.0-py2.py3-none-any.whl.metadata (10 kB)
2025-08-16T21:46:27.7381429Z Collecting psutil>=4.0.0 (from mirakuru>=2.6.0->pytest-postgresql==7.0.2->-r requirements-dev.txt (line 24))
2025-08-16T21:46:27.7395671Z   Using cached psutil-7.0.0-cp36-abi3-manylinux_2_12_x86_64.manylinux2010_x86_64.manylinux_2_17_x86_64.manylinux2014_x86_64.whl.metadata (22 kB)
2025-08-16T21:46:27.7775074Z Collecting wcwidth (from prompt-toolkit>=3.0.36->click-repl>=0.2.0->celery==5.4.0->-r requirements-dev.txt (line 8))
2025-08-16T21:46:27.7787913Z   Using cached wcwidth-0.2.13-py2.py3-none-any.whl.metadata (14 kB)
2025-08-16T21:46:27.9085850Z Collecting rich>=13.7.1 (from rich-toolkit>=0.14.8->fastapi-cli>=0.0.8->fastapi-cli[standard]>=0.0.8; extra == "all"->fastapi[all]->-r requirements-dev.txt (line 10))
2025-08-16T21:46:27.9099570Z   Using cached rich-14.1.0-py3-none-any.whl.metadata (18 kB)
2025-08-16T21:46:27.9343572Z Collecting markdown-it-py>=2.2.0 (from rich>=13.7.1->rich-toolkit>=0.14.8->fastapi-cli>=0.0.8->fastapi-cli[standard]>=0.0.8; extra == "all"->fastapi[all]->-r requirements-dev.txt (line 10))
2025-08-16T21:46:27.9356469Z   Using cached markdown_it_py-4.0.0-py3-none-any.whl.metadata (7.3 kB)
2025-08-16T21:46:27.9620973Z Collecting mdurl~=0.1 (from markdown-it-py>=2.2.0->rich>=13.7.1->rich-toolkit>=0.14.8->fastapi-cli>=0.0.8->fastapi-cli[standard]>=0.0.8; extra == "all"->fastapi[all]->-r requirements-dev.txt (line 10))
2025-08-16T21:46:27.9632985Z   Using cached mdurl-0.1.2-py3-none-any.whl.metadata (1.6 kB)
2025-08-16T21:46:28.0190214Z Collecting shellingham>=1.3.0 (from typer>=0.15.1->fastapi-cli>=0.0.8->fastapi-cli[standard]>=0.0.8; extra == "all"->fastapi[all]->-r requirements-dev.txt (line 10))
2025-08-16T21:46:28.0202810Z   Using cached shellingham-1.5.4-py2.py3-none-any.whl.metadata (3.5 kB)
2025-08-16T21:46:28.0970974Z Collecting httptools>=0.6.3 (from uvicorn[standard]>=0.12.0; extra == "all"->fastapi[all]->-r requirements-dev.txt (line 10))
2025-08-16T21:46:28.0984100Z   Using cached httptools-0.6.4-cp312-cp312-manylinux_2_5_x86_64.manylinux1_x86_64.manylinux_2_17_x86_64.manylinux2014_x86_64.whl.metadata (3.6 kB)
2025-08-16T21:46:28.1447164Z Collecting uvloop>=0.15.1 (from uvicorn[standard]>=0.12.0; extra == "all"->fastapi[all]->-r requirements-dev.txt (line 10))
2025-08-16T21:46:28.1461845Z   Using cached uvloop-0.21.0-cp312-cp312-manylinux_2_17_x86_64.manylinux2014_x86_64.whl.metadata (4.9 kB)
2025-08-16T21:46:28.2217708Z Collecting watchfiles>=0.13 (from uvicorn[standard]>=0.12.0; extra == "all"->fastapi[all]->-r requirements-dev.txt (line 10))
2025-08-16T21:46:28.2231087Z   Using cached watchfiles-1.1.0-cp312-cp312-manylinux_2_17_x86_64.manylinux2014_x86_64.whl.metadata (4.9 kB)
2025-08-16T21:46:28.3138819Z Collecting websockets>=10.4 (from uvicorn[standard]>=0.12.0; extra == "all"->fastapi[all]->-r requirements-dev.txt (line 10))
2025-08-16T21:46:28.3151677Z   Using cached websockets-15.0.1-cp312-cp312-manylinux_2_5_x86_64.manylinux1_x86_64.manylinux_2_17_x86_64.manylinux2014_x86_64.whl.metadata (6.8 kB)
2025-08-16T21:46:28.3909611Z Using cached jinja2-3.1.6-py3-none-any.whl (134 kB)
2025-08-16T21:46:28.3921514Z Using cached alembic-1.13.1-py3-none-any.whl (233 kB)
2025-08-16T21:46:28.3935125Z Using cached APScheduler-3.10.4-py3-none-any.whl (59 kB)
2025-08-16T21:46:28.3947959Z Using cached asyncpg-0.30.0-cp312-cp312-manylinux_2_17_x86_64.manylinux2014_x86_64.whl (3.6 MB)
2025-08-16T21:46:28.3986699Z Using cached black-25.1.0-cp312-cp312-manylinux_2_17_x86_64.manylinux2014_x86_64.manylinux_2_28_x86_64.whl (1.8 MB)
2025-08-16T21:46:28.4010812Z Using cached celery-5.4.0-py3-none-any.whl (425 kB)
2025-08-16T21:46:28.4025113Z Using cached fastapi-0.116.1-py3-none-any.whl (95 kB)
2025-08-16T21:46:28.4037867Z Using cached pydantic-2.11.7-py3-none-any.whl (444 kB)
2025-08-16T21:46:28.4052923Z Using cached IMAPClient-3.0.1-py2.py3-none-any.whl (182 kB)
2025-08-16T21:46:28.4065705Z Using cached mypy_extensions-1.1.0-py3-none-any.whl (5.0 kB)
2025-08-16T21:46:28.4077519Z Using cached openpyxl-3.1.5-py2.py3-none-any.whl (250 kB)
2025-08-16T21:46:28.4091908Z Using cached pandas-2.3.1-cp312-cp312-manylinux_2_17_x86_64.manylinux2014_x86_64.whl (12.0 MB)
2025-08-16T21:46:28.4190802Z Using cached psycopg2_binary-2.9.9-cp312-cp312-manylinux_2_17_x86_64.manylinux2014_x86_64.whl (3.0 MB)
2025-08-16T21:46:28.4224348Z Using cached psycopg-3.2.9-py3-none-any.whl (202 kB)
2025-08-16T21:46:28.4237760Z Using cached pytest_asyncio-0.23.6-py3-none-any.whl (17 kB)
2025-08-16T21:46:28.4249740Z Using cached pytest_cov-6.2.1-py3-none-any.whl (24 kB)
2025-08-16T21:46:28.4261516Z Using cached pytest_postgresql-7.0.2-py3-none-any.whl (41 kB)
2025-08-16T21:46:28.4273324Z Using cached python_telegram_bot-22.2-py3-none-any.whl (708 kB)
2025-08-16T21:46:28.4290959Z Using cached requests-2.32.4-py3-none-any.whl (64 kB)
2025-08-16T21:46:28.4302467Z Using cached respx-0.22.0-py2.py3-none-any.whl (25 kB)
2025-08-16T21:46:28.4314348Z Using cached ruff-0.4.4-py3-none-manylinux_2_17_x86_64.manylinux2014_x86_64.whl (8.7 MB)
2025-08-16T21:46:28.4411620Z Using cached SQLAlchemy-2.0.29-cp312-cp312-manylinux_2_17_x86_64.manylinux2014_x86_64.whl (3.2 MB)
2025-08-16T21:46:28.4427247Z Using cached testcontainers-4.10.0-py3-none-any.whl (107 kB)
2025-08-16T21:46:28.4440099Z Using cached types_requests-2.32.0.20240602-py3-none-any.whl (15 kB)
2025-08-16T21:46:28.4451733Z Using cached docspec_python-2.2.2-py3-none-any.whl (15 kB)
2025-08-16T21:46:28.4463179Z Using cached pydoc_markdown-4.8.2-py3-none-any.whl (67 kB)
2025-08-16T21:46:28.4474831Z Using cached docspec-2.2.1-py3-none-any.whl (9.8 kB)
2025-08-16T21:46:28.4486893Z Using cached psycopg_binary-3.2.9-cp312-cp312-manylinux_2_17_x86_64.manylinux2014_x86_64.whl (4.4 MB)
2025-08-16T21:46:28.4530416Z Using cached pydantic_core-2.33.2-cp312-cp312-manylinux_2_17_x86_64.manylinux2014_x86_64.whl (2.0 MB)
2025-08-16T21:46:28.4555980Z Using cached httpx-0.28.1-py3-none-any.whl (73 kB)
2025-08-16T21:46:28.4568270Z Using cached mypy-1.17.1-cp312-cp312-manylinux2014_x86_64.manylinux_2_17_x86_64.manylinux_2_28_x86_64.whl (12.7 MB)
2025-08-16T21:46:28.4673699Z Using cached billiard-4.2.1-py3-none-any.whl (86 kB)
2025-08-16T21:46:28.4687430Z Using cached charset_normalizer-3.4.3-cp312-cp312-manylinux2014_x86_64.manylinux_2_17_x86_64.manylinux_2_28_x86_64.whl (151 kB)
2025-08-16T21:46:28.4700089Z Using cached click-8.2.1-py3-none-any.whl (102 kB)
2025-08-16T21:46:28.4712603Z Using cached databind.core-4.5.2-py3-none-any.whl (1.5 kB)
2025-08-16T21:46:28.4724039Z Using cached databind-4.5.2-py3-none-any.whl (49 kB)
2025-08-16T21:46:28.4736082Z Using cached databind.json-4.5.2-py3-none-any.whl (1.5 kB)
2025-08-16T21:46:28.4747704Z Using cached Deprecated-1.2.18-py2.py3-none-any.whl (10.0 kB)
2025-08-16T21:46:28.4759458Z Using cached httpcore-1.0.9-py3-none-any.whl (78 kB)
2025-08-16T21:46:28.4770859Z Using cached idna-3.10-py3-none-any.whl (70 kB)
2025-08-16T21:46:28.4782418Z Using cached kombu-5.5.4-py3-none-any.whl (210 kB)
2025-08-16T21:46:28.4794746Z Using cached vine-5.1.0-py3-none-any.whl (9.6 kB)
2025-08-16T21:46:28.4805915Z Using cached amqp-5.3.1-py3-none-any.whl (50 kB)
2025-08-16T21:46:28.4817327Z Using cached nr_date-2.1.0-py3-none-any.whl (10 kB)
2025-08-16T21:46:28.4828517Z Using cached nr_stream-1.1.5-py3-none-any.whl (10 kB)
2025-08-16T21:46:28.4839752Z Using cached nr.util-0.8.12-py3-none-any.whl (90 kB)
2025-08-16T21:46:28.4851454Z Using cached pytest-8.4.1-py3-none-any.whl (365 kB)
2025-08-16T21:46:28.4865988Z Using cached pluggy-1.6.0-py3-none-any.whl (20 kB)
2025-08-16T21:46:28.4877593Z Using cached PyYAML-6.0.2-cp312-cp312-manylinux_2_17_x86_64.manylinux2014_x86_64.whl (767 kB)
2025-08-16T21:46:28.4894180Z Using cached starlette-0.47.2-py3-none-any.whl (72 kB)
2025-08-16T21:46:28.4905768Z Using cached anyio-4.10.0-py3-none-any.whl (107 kB)
2025-08-16T21:46:28.4917873Z Using cached tomli-2.2.1-cp312-cp312-manylinux_2_17_x86_64.manylinux2014_x86_64.whl (242 kB)
2025-08-16T21:46:28.4930577Z Using cached tomli_w-1.2.0-py3-none-any.whl (6.7 kB)
2025-08-16T21:46:28.4941684Z Using cached typeapi-2.2.4-py3-none-any.whl (26 kB)
2025-08-16T21:46:28.4953052Z Using cached typing_extensions-4.14.1-py3-none-any.whl (43 kB)
2025-08-16T21:46:28.4964349Z Using cached urllib3-2.5.0-py3-none-any.whl (129 kB)
2025-08-16T21:46:28.4976983Z Using cached wrapt-1.17.3-cp312-cp312-manylinux1_x86_64.manylinux_2_28_x86_64.manylinux_2_5_x86_64.whl (88 kB)
2025-08-16T21:46:28.5052430Z Downloading boto3-1.40.11-py3-none-any.whl (140 kB)
2025-08-16T21:46:28.5270757Z Downloading botocore-1.40.11-py3-none-any.whl (14.0 MB)
2025-08-16T21:46:28.5992637Z    ━━━━━━━━━━━━━━━━━━━━━━━━━━━━━━━━━━━━━━━━ 14.0/14.0 MB 212.5 MB/s  0:00:00
2025-08-16T21:46:28.6007453Z Using cached jmespath-1.0.1-py3-none-any.whl (20 kB)
2025-08-16T21:46:28.6020166Z Using cached python_dateutil-2.9.0.post0-py2.py3-none-any.whl (229 kB)
2025-08-16T21:46:28.6033184Z Using cached s3transfer-0.13.1-py3-none-any.whl (85 kB)
2025-08-16T21:46:28.6045103Z Using cached itsdangerous-2.2.0-py3-none-any.whl (16 kB)
2025-08-16T21:46:28.6057046Z Using cached setuptools-80.9.0-py3-none-any.whl (1.2 MB)
2025-08-16T21:46:28.6077563Z Using cached python_dotenv-1.1.1-py3-none-any.whl (20 kB)
2025-08-16T21:46:28.6088888Z Using cached python_multipart-0.0.20-py3-none-any.whl (24 kB)
2025-08-16T21:46:28.6100882Z Using cached annotated_types-0.7.0-py3-none-any.whl (13 kB)
2025-08-16T21:46:28.6111846Z Using cached certifi-2025.8.3-py3-none-any.whl (161 kB)
2025-08-16T21:46:28.6123614Z Using cached click_didyoumean-0.3.1-py3-none-any.whl (3.6 kB)
2025-08-16T21:46:28.6134352Z Using cached click_plugins-1.1.1.2-py2.py3-none-any.whl (11 kB)
2025-08-16T21:46:28.6144994Z Using cached click_repl-0.3.0-py3-none-any.whl (10 kB)
2025-08-16T21:46:28.6156297Z Using cached coverage-7.10.3-cp312-cp312-manylinux1_x86_64.manylinux_2_28_x86_64.manylinux_2_5_x86_64.whl (250 kB)
2025-08-16T21:46:28.6168509Z Using cached email_validator-2.2.0-py3-none-any.whl (33 kB)
2025-08-16T21:46:28.6179499Z Using cached dnspython-2.7.0-py3-none-any.whl (313 kB)
2025-08-16T21:46:28.6192573Z Using cached fastapi_cli-0.0.8-py3-none-any.whl (10 kB)
2025-08-16T21:46:28.6203290Z Using cached fastapi_cloud_cli-0.1.5-py3-none-any.whl (18 kB)
2025-08-16T21:46:28.6214508Z Using cached greenlet-3.2.4-cp312-cp312-manylinux_2_24_x86_64.manylinux_2_28_x86_64.whl (607 kB)
2025-08-16T21:46:28.6230588Z Using cached h11-0.16.0-py3-none-any.whl (37 kB)
2025-08-16T21:46:28.6242070Z Using cached iniconfig-2.1.0-py3-none-any.whl (6.0 kB)
2025-08-16T21:46:28.6253027Z Using cached MarkupSafe-3.0.2-cp312-cp312-manylinux_2_17_x86_64.manylinux2014_x86_64.whl (23 kB)
2025-08-16T21:46:28.6265048Z Using cached mirakuru-2.6.1-py3-none-any.whl (26 kB)
2025-08-16T21:46:28.6276676Z Using cached numpy-2.3.2-cp312-cp312-manylinux_2_27_x86_64.manylinux_2_28_x86_64.whl (16.6 MB)
2025-08-16T21:46:28.6408026Z Using cached orjson-3.11.2-cp312-cp312-manylinux_2_17_x86_64.manylinux2014_x86_64.whl (121 kB)
2025-08-16T21:46:28.6419577Z Using cached packaging-25.0-py3-none-any.whl (66 kB)
2025-08-16T21:46:28.6431875Z Using cached pathspec-0.12.1-py3-none-any.whl (31 kB)
2025-08-16T21:46:28.6443039Z Using cached platformdirs-4.3.8-py3-none-any.whl (18 kB)
2025-08-16T21:46:28.6454019Z Using cached port_for-0.7.4-py3-none-any.whl (21 kB)
2025-08-16T21:46:28.6464982Z Using cached prompt_toolkit-3.0.51-py3-none-any.whl (387 kB)
2025-08-16T21:46:28.6479596Z Using cached psutil-7.0.0-cp36-abi3-manylinux_2_12_x86_64.manylinux2010_x86_64.manylinux_2_17_x86_64.manylinux2014_x86_64.whl (277 kB)
2025-08-16T21:46:28.6491930Z Using cached pydantic_extra_types-2.10.5-py3-none-any.whl (38 kB)
2025-08-16T21:46:28.6502988Z Using cached pydantic_settings-2.10.1-py3-none-any.whl (45 kB)
2025-08-16T21:46:28.6514169Z Using cached pygments-2.19.2-py3-none-any.whl (1.2 MB)
2025-08-16T21:46:28.6533894Z Using cached pytz-2025.2-py2.py3-none-any.whl (509 kB)
2025-08-16T21:46:28.6548937Z Using cached rich_toolkit-0.15.0-py3-none-any.whl (29 kB)
2025-08-16T21:46:28.6559961Z Using cached rich-14.1.0-py3-none-any.whl (243 kB)
2025-08-16T21:46:28.6572239Z Using cached markdown_it_py-4.0.0-py3-none-any.whl (87 kB)
2025-08-16T21:46:28.6583434Z Using cached mdurl-0.1.2-py3-none-any.whl (10.0 kB)
2025-08-16T21:46:28.6594556Z Using cached rignore-0.6.4-cp312-cp312-manylinux_2_17_x86_64.manylinux2014_x86_64.whl (949 kB)
2025-08-16T21:46:28.6683717Z Downloading sentry_sdk-2.35.0-py2.py3-none-any.whl (363 kB)
2025-08-16T21:46:28.6735860Z Using cached six-1.17.0-py2.py3-none-any.whl (11 kB)
2025-08-16T21:46:28.6747632Z Using cached sniffio-1.3.1-py3-none-any.whl (10 kB)
2025-08-16T21:46:28.6759063Z Using cached typer-0.16.0-py3-none-any.whl (46 kB)
2025-08-16T21:46:28.6770527Z Using cached shellingham-1.5.4-py2.py3-none-any.whl (9.8 kB)
2025-08-16T21:46:28.6781766Z Using cached typing_inspection-0.4.1-py3-none-any.whl (14 kB)
2025-08-16T21:46:28.6792630Z Using cached tzdata-2025.2-py2.py3-none-any.whl (347 kB)
2025-08-16T21:46:28.6805930Z Using cached tzlocal-5.3.1-py3-none-any.whl (18 kB)
2025-08-16T21:46:28.6816959Z Using cached ujson-5.10.0-cp312-cp312-manylinux_2_17_x86_64.manylinux2014_x86_64.whl (53 kB)
2025-08-16T21:46:28.6827972Z Using cached uvicorn-0.35.0-py3-none-any.whl (66 kB)
2025-08-16T21:46:28.6839906Z Using cached httptools-0.6.4-cp312-cp312-manylinux_2_5_x86_64.manylinux1_x86_64.manylinux_2_17_x86_64.manylinux2014_x86_64.whl (510 kB)
2025-08-16T21:46:28.6854124Z Using cached uvloop-0.21.0-cp312-cp312-manylinux_2_17_x86_64.manylinux2014_x86_64.whl (4.7 MB)
2025-08-16T21:46:28.6899581Z Using cached watchfiles-1.1.0-cp312-cp312-manylinux_2_17_x86_64.manylinux2014_x86_64.whl (452 kB)
2025-08-16T21:46:28.6913684Z Using cached websockets-15.0.1-cp312-cp312-manylinux_2_5_x86_64.manylinux1_x86_64.manylinux_2_17_x86_64.manylinux2014_x86_64.whl (182 kB)
2025-08-16T21:46:28.6925127Z Using cached yapf-0.43.0-py3-none-any.whl (256 kB)
2025-08-16T21:46:28.6938321Z Using cached docker-7.1.0-py3-none-any.whl (147 kB)
2025-08-16T21:46:28.6949987Z Using cached et_xmlfile-2.0.0-py3-none-any.whl (18 kB)
2025-08-16T21:46:28.6960790Z Using cached mako-1.3.10-py3-none-any.whl (78 kB)
2025-08-16T21:46:28.6972001Z Using cached watchdog-6.0.0-py3-none-manylinux2014_x86_64.whl (79 kB)
2025-08-16T21:46:28.6983122Z Using cached wcwidth-0.2.13-py2.py3-none-any.whl (34 kB)
2025-08-16T21:46:29.1362811Z Installing collected packages: wcwidth, pytz, wrapt, websockets, watchdog, vine, uvloop, urllib3, ujson, tzlocal, tzdata, typing-extensions, tomli_w, tomli, sniffio, six, shellingham, setuptools, ruff, rignore, PyYAML, python-multipart, python-dotenv, pygments, psycopg2-binary, psycopg-binary, psutil, prompt-toolkit, port-for, pluggy, platformdirs, pathspec, packaging, orjson, numpy, nr-stream, nr-date, mypy-extensions, mdurl, MarkupSafe, jmespath, itsdangerous, iniconfig, imapclient, idna, httptools, h11, greenlet, et-xmlfile, docstring-parser, dnspython, coverage, click, charset_normalizer, certifi, billiard, asyncpg, annotated-types, yapf, uvicorn, typing-inspection, types-requests, typeapi, sqlalchemy, sentry-sdk, requests, python-dateutil, pytest, pydantic-core, psycopg, openpyxl, mypy, mirakuru, markdown-it-py, Mako, Jinja2, httpcore, email-validator, Deprecated, click-repl, click-plugins, click-didyoumean, black, apscheduler, anyio, amqp, watchfiles, starlette, rich, pytest-postgresql, pytest-cov, pytest-asyncio, pydantic, pandas, nr-util, kombu, httpx, docker, databind, botocore, alembic, typer, testcontainers, s3transfer, rich-toolkit, respx, python-telegram-bot, pydantic-settings, pydantic-extra-types, fastapi, databind.json, databind.core, celery, fastapi-cloud-cli, fastapi-cli, docspec, boto3, docspec-python, pydoc-markdown
2025-08-16T21:46:47.6161939Z 
2025-08-16T21:46:47.6271644Z Successfully installed Deprecated-1.2.18 Jinja2-3.1.6 Mako-1.3.10 MarkupSafe-3.0.2 PyYAML-6.0.2 alembic-1.13.1 amqp-5.3.1 annotated-types-0.7.0 anyio-4.10.0 apscheduler-3.10.4 asyncpg-0.30.0 billiard-4.2.1 black-25.1.0 boto3-1.40.11 botocore-1.40.11 celery-5.4.0 certifi-2025.8.3 charset_normalizer-3.4.3 click-8.2.1 click-didyoumean-0.3.1 click-plugins-1.1.1.2 click-repl-0.3.0 coverage-7.10.3 databind-4.5.2 databind.core-4.5.2 databind.json-4.5.2 dnspython-2.7.0 docker-7.1.0 docspec-2.2.1 docspec-python-2.2.2 docstring-parser-0.11 email-validator-2.2.0 et-xmlfile-2.0.0 fastapi-0.116.1 fastapi-cli-0.0.8 fastapi-cloud-cli-0.1.5 greenlet-3.2.4 h11-0.16.0 httpcore-1.0.9 httptools-0.6.4 httpx-0.28.1 idna-3.10 imapclient-3.0.1 iniconfig-2.1.0 itsdangerous-2.2.0 jmespath-1.0.1 kombu-5.5.4 markdown-it-py-4.0.0 mdurl-0.1.2 mirakuru-2.6.1 mypy-1.17.1 mypy-extensions-1.1.0 nr-date-2.1.0 nr-stream-1.1.5 nr-util-0.8.12 numpy-2.3.2 openpyxl-3.1.5 orjson-3.11.2 packaging-25.0 pandas-2.3.1 pathspec-0.12.1 platformdirs-4.3.8 pluggy-1.6.0 port-for-0.7.4 prompt-toolkit-3.0.51 psutil-7.0.0 psycopg-3.2.9 psycopg-binary-3.2.9 psycopg2-binary-2.9.9 pydantic-2.11.7 pydantic-core-2.33.2 pydantic-extra-types-2.10.5 pydantic-settings-2.10.1 pydoc-markdown-4.8.2 pygments-2.19.2 pytest-8.4.1 pytest-asyncio-0.23.6 pytest-cov-6.2.1 pytest-postgresql-7.0.2 python-dateutil-2.9.0.post0 python-dotenv-1.1.1 python-multipart-0.0.20 python-telegram-bot-22.2 pytz-2025.2 requests-2.32.4 respx-0.22.0 rich-14.1.0 rich-toolkit-0.15.0 rignore-0.6.4 ruff-0.4.4 s3transfer-0.13.1 sentry-sdk-2.35.0 setuptools-80.9.0 shellingham-1.5.4 six-1.17.0 sniffio-1.3.1 sqlalchemy-2.0.29 starlette-0.47.2 testcontainers-4.10.0 tomli-2.2.1 tomli_w-1.2.0 typeapi-2.2.4 typer-0.16.0 types-requests-2.32.0.20240602 typing-extensions-4.14.1 typing-inspection-0.4.1 tzdata-2025.2 tzlocal-5.3.1 ujson-5.10.0 urllib3-2.5.0 uvicorn-0.35.0 uvloop-0.21.0 vine-5.1.0 watchdog-6.0.0 watchfiles-1.1.0 wcwidth-0.2.13 websockets-15.0.1 wrapt-1.17.3 yapf-0.43.0
2025-08-16T21:46:49.0576921Z Collecting keepa==1.3.15
2025-08-16T21:46:49.0590857Z   Using cached keepa-1.3.15-py3-none-any.whl.metadata (11 kB)
2025-08-16T21:46:49.0904346Z Collecting minio==7.1.15
2025-08-16T21:46:49.0918199Z   Using cached minio-7.1.15-py3-none-any.whl.metadata (4.2 kB)
2025-08-16T21:46:49.0943368Z Requirement already satisfied: numpy>=1.9.3 in /opt/hostedtoolcache/Python/3.12.11/x64/lib/python3.12/site-packages (from keepa==1.3.15) (2.3.2)
2025-08-16T21:46:49.0948548Z Requirement already satisfied: requests>=2.2 in /opt/hostedtoolcache/Python/3.12.11/x64/lib/python3.12/site-packages (from keepa==1.3.15) (2.32.4)
2025-08-16T21:46:49.1311824Z Collecting tqdm (from keepa==1.3.15)
2025-08-16T21:46:49.1325734Z   Using cached tqdm-4.67.1-py3-none-any.whl.metadata (57 kB)
2025-08-16T21:46:49.6223873Z Collecting aiohttp (from keepa==1.3.15)
2025-08-16T21:46:49.6237295Z   Using cached aiohttp-3.12.15-cp312-cp312-manylinux_2_17_x86_64.manylinux2014_x86_64.whl.metadata (7.7 kB)
2025-08-16T21:46:49.6271955Z Requirement already satisfied: pandas<=3.0 in /opt/hostedtoolcache/Python/3.12.11/x64/lib/python3.12/site-packages (from keepa==1.3.15) (2.3.1)
2025-08-16T21:46:49.6275811Z Requirement already satisfied: pydantic in /opt/hostedtoolcache/Python/3.12.11/x64/lib/python3.12/site-packages (from keepa==1.3.15) (2.11.7)
2025-08-16T21:46:49.6283056Z Requirement already satisfied: certifi in /opt/hostedtoolcache/Python/3.12.11/x64/lib/python3.12/site-packages (from minio==7.1.15) (2025.8.3)
2025-08-16T21:46:49.6286315Z Requirement already satisfied: urllib3 in /opt/hostedtoolcache/Python/3.12.11/x64/lib/python3.12/site-packages (from minio==7.1.15) (2.5.0)
2025-08-16T21:46:49.6339178Z Requirement already satisfied: python-dateutil>=2.8.2 in /opt/hostedtoolcache/Python/3.12.11/x64/lib/python3.12/site-packages (from pandas<=3.0->keepa==1.3.15) (2.9.0.post0)
2025-08-16T21:46:49.6344015Z Requirement already satisfied: pytz>=2020.1 in /opt/hostedtoolcache/Python/3.12.11/x64/lib/python3.12/site-packages (from pandas<=3.0->keepa==1.3.15) (2025.2)
2025-08-16T21:46:49.6349058Z Requirement already satisfied: tzdata>=2022.7 in /opt/hostedtoolcache/Python/3.12.11/x64/lib/python3.12/site-packages (from pandas<=3.0->keepa==1.3.15) (2025.2)
2025-08-16T21:46:49.6481411Z Requirement already satisfied: six>=1.5 in /opt/hostedtoolcache/Python/3.12.11/x64/lib/python3.12/site-packages (from python-dateutil>=2.8.2->pandas<=3.0->keepa==1.3.15) (1.17.0)
2025-08-16T21:46:49.6500272Z Requirement already satisfied: charset_normalizer<4,>=2 in /opt/hostedtoolcache/Python/3.12.11/x64/lib/python3.12/site-packages (from requests>=2.2->keepa==1.3.15) (3.4.3)
2025-08-16T21:46:49.6506446Z Requirement already satisfied: idna<4,>=2.5 in /opt/hostedtoolcache/Python/3.12.11/x64/lib/python3.12/site-packages (from requests>=2.2->keepa==1.3.15) (3.10)
2025-08-16T21:46:49.6745806Z Collecting aiohappyeyeballs>=2.5.0 (from aiohttp->keepa==1.3.15)
2025-08-16T21:46:49.6758774Z   Using cached aiohappyeyeballs-2.6.1-py3-none-any.whl.metadata (5.9 kB)
2025-08-16T21:46:49.6883042Z Collecting aiosignal>=1.4.0 (from aiohttp->keepa==1.3.15)
2025-08-16T21:46:49.6894163Z   Using cached aiosignal-1.4.0-py3-none-any.whl.metadata (3.7 kB)
2025-08-16T21:46:49.7069664Z Collecting attrs>=17.3.0 (from aiohttp->keepa==1.3.15)
2025-08-16T21:46:49.7081368Z   Using cached attrs-25.3.0-py3-none-any.whl.metadata (10 kB)
2025-08-16T21:46:49.7783976Z Collecting frozenlist>=1.1.1 (from aiohttp->keepa==1.3.15)
2025-08-16T21:46:49.7799387Z   Using cached frozenlist-1.7.0-cp312-cp312-manylinux_2_5_x86_64.manylinux1_x86_64.manylinux_2_17_x86_64.manylinux2014_x86_64.whl.metadata (18 kB)
2025-08-16T21:46:50.0373563Z Collecting multidict<7.0,>=4.5 (from aiohttp->keepa==1.3.15)
2025-08-16T21:46:50.0388764Z   Using cached multidict-6.6.4-cp312-cp312-manylinux2014_x86_64.manylinux_2_17_x86_64.manylinux_2_28_x86_64.whl.metadata (5.3 kB)
2025-08-16T21:46:50.0928219Z Collecting propcache>=0.2.0 (from aiohttp->keepa==1.3.15)
2025-08-16T21:46:50.0942072Z   Using cached propcache-0.3.2-cp312-cp312-manylinux_2_17_x86_64.manylinux2014_x86_64.whl.metadata (12 kB)
2025-08-16T21:46:50.3358182Z Collecting yarl<2.0,>=1.17.0 (from aiohttp->keepa==1.3.15)
2025-08-16T21:46:50.3371196Z   Using cached yarl-1.20.1-cp312-cp312-manylinux_2_17_x86_64.manylinux2014_x86_64.whl.metadata (73 kB)
2025-08-16T21:46:50.3604134Z Requirement already satisfied: typing-extensions>=4.2 in /opt/hostedtoolcache/Python/3.12.11/x64/lib/python3.12/site-packages (from aiosignal>=1.4.0->aiohttp->keepa==1.3.15) (4.14.1)
2025-08-16T21:46:50.3656507Z Requirement already satisfied: annotated-types>=0.6.0 in /opt/hostedtoolcache/Python/3.12.11/x64/lib/python3.12/site-packages (from pydantic->keepa==1.3.15) (0.7.0)
2025-08-16T21:46:50.3661736Z Requirement already satisfied: pydantic-core==2.33.2 in /opt/hostedtoolcache/Python/3.12.11/x64/lib/python3.12/site-packages (from pydantic->keepa==1.3.15) (2.33.2)
2025-08-16T21:46:50.3669256Z Requirement already satisfied: typing-inspection>=0.4.0 in /opt/hostedtoolcache/Python/3.12.11/x64/lib/python3.12/site-packages (from pydantic->keepa==1.3.15) (0.4.1)
2025-08-16T21:46:50.3734895Z Using cached keepa-1.3.15-py3-none-any.whl (38 kB)
2025-08-16T21:46:50.3746858Z Using cached minio-7.1.15-py3-none-any.whl (77 kB)
2025-08-16T21:46:50.3758615Z Using cached aiohttp-3.12.15-cp312-cp312-manylinux_2_17_x86_64.manylinux2014_x86_64.whl (1.7 MB)
2025-08-16T21:46:50.3782171Z Using cached multidict-6.6.4-cp312-cp312-manylinux2014_x86_64.manylinux_2_17_x86_64.manylinux_2_28_x86_64.whl (256 kB)
2025-08-16T21:46:50.3794640Z Using cached yarl-1.20.1-cp312-cp312-manylinux_2_17_x86_64.manylinux2014_x86_64.whl (355 kB)
2025-08-16T21:46:50.3808457Z Using cached aiohappyeyeballs-2.6.1-py3-none-any.whl (15 kB)
2025-08-16T21:46:50.3819727Z Using cached aiosignal-1.4.0-py3-none-any.whl (7.5 kB)
2025-08-16T21:46:50.3830546Z Using cached attrs-25.3.0-py3-none-any.whl (63 kB)
2025-08-16T21:46:50.3842660Z Using cached frozenlist-1.7.0-cp312-cp312-manylinux_2_5_x86_64.manylinux1_x86_64.manylinux_2_17_x86_64.manylinux2014_x86_64.whl (241 kB)
2025-08-16T21:46:50.3855529Z Using cached propcache-0.3.2-cp312-cp312-manylinux_2_17_x86_64.manylinux2014_x86_64.whl (224 kB)
2025-08-16T21:46:50.3867910Z Using cached tqdm-4.67.1-py3-none-any.whl (78 kB)
2025-08-16T21:46:50.5664993Z Installing collected packages: tqdm, propcache, multidict, minio, frozenlist, attrs, aiohappyeyeballs, yarl, aiosignal, aiohttp, keepa
2025-08-16T21:46:51.0043702Z 
2025-08-16T21:46:51.0151506Z Successfully installed aiohappyeyeballs-2.6.1 aiohttp-3.12.15 aiosignal-1.4.0 attrs-25.3.0 frozenlist-1.7.0 keepa-1.3.15 minio-7.1.15 multidict-6.6.4 propcache-0.3.2 tqdm-4.67.1 yarl-1.20.1
2025-08-16T21:46:51.2342288Z ##[group]Run for i in {1..30}; do pg_isready -h "$PG_HOST" -p "$PG_PORT" -U "$PG_USER" -d "$PG_DATABASE" && break; sleep 1; done
2025-08-16T21:46:51.2343006Z [36;1mfor i in {1..30}; do pg_isready -h "$PG_HOST" -p "$PG_PORT" -U "$PG_USER" -d "$PG_DATABASE" && break; sleep 1; done[0m
2025-08-16T21:46:51.2384325Z shell: /usr/bin/bash -e {0}
2025-08-16T21:46:51.2384558Z env:
2025-08-16T21:46:51.2384723Z   PG_USER: postgres
2025-08-16T21:46:51.2384920Z   PG_PASSWORD: pass
2025-08-16T21:46:51.2385103Z   PG_DATABASE: awa
2025-08-16T21:46:51.2386042Z   PG_HOST: localhost
2025-08-16T21:46:51.2386259Z   PG_PORT: 5432
2025-08-16T21:46:51.2386910Z   PG_SYNC_DSN: ***localhost:5432/awa
2025-08-16T21:46:51.2387330Z   PG_ASYNC_DSN: ***localhost:5432/awa
2025-08-16T21:46:51.2387719Z   DATABASE_URL: ***localhost:5432/awa
2025-08-16T21:46:51.2387950Z   DATA_DIR: /tmp/awa-data
2025-08-16T21:46:51.2388156Z   ENABLE_LIVE: 0
2025-08-16T21:46:51.2388334Z   TESTING: 1
2025-08-16T21:46:51.2388612Z   pythonLocation: /opt/hostedtoolcache/Python/3.12.11/x64
2025-08-16T21:46:51.2388995Z   PKG_CONFIG_PATH: /opt/hostedtoolcache/Python/3.12.11/x64/lib/pkgconfig
2025-08-16T21:46:51.2389384Z   Python_ROOT_DIR: /opt/hostedtoolcache/Python/3.12.11/x64
2025-08-16T21:46:51.2389745Z   Python2_ROOT_DIR: /opt/hostedtoolcache/Python/3.12.11/x64
2025-08-16T21:46:51.2390111Z   Python3_ROOT_DIR: /opt/hostedtoolcache/Python/3.12.11/x64
2025-08-16T21:46:51.2390452Z   LD_LIBRARY_PATH: /opt/hostedtoolcache/Python/3.12.11/x64/lib
2025-08-16T21:46:51.2390744Z ##[endgroup]
2025-08-16T21:46:51.3246983Z localhost:5432 - accepting connections
2025-08-16T21:46:51.3281902Z ##[group]Run alembic -c services/api/alembic.ini upgrade head
2025-08-16T21:46:51.3282324Z [36;1malembic -c services/api/alembic.ini upgrade head[0m
2025-08-16T21:46:51.3322743Z shell: /usr/bin/bash -e {0}
2025-08-16T21:46:51.3322964Z env:
2025-08-16T21:46:51.3323137Z   PG_USER: postgres
2025-08-16T21:46:51.3323340Z   PG_PASSWORD: pass
2025-08-16T21:46:51.3323520Z   PG_DATABASE: awa
2025-08-16T21:46:51.3323710Z   PG_HOST: localhost
2025-08-16T21:46:51.3323905Z   PG_PORT: 5432
2025-08-16T21:46:51.3324361Z   PG_SYNC_DSN: ***localhost:5432/awa
2025-08-16T21:46:51.3324803Z   PG_ASYNC_DSN: ***localhost:5432/awa
2025-08-16T21:46:51.3325181Z   DATABASE_URL: ***localhost:5432/awa
2025-08-16T21:46:51.3325728Z   DATA_DIR: /tmp/awa-data
2025-08-16T21:46:51.3325939Z   ENABLE_LIVE: 0
2025-08-16T21:46:51.3326112Z   TESTING: 1
2025-08-16T21:46:51.3326347Z   pythonLocation: /opt/hostedtoolcache/Python/3.12.11/x64
2025-08-16T21:46:51.3326769Z   PKG_CONFIG_PATH: /opt/hostedtoolcache/Python/3.12.11/x64/lib/pkgconfig
2025-08-16T21:46:51.3327143Z   Python_ROOT_DIR: /opt/hostedtoolcache/Python/3.12.11/x64
2025-08-16T21:46:51.3327485Z   Python2_ROOT_DIR: /opt/hostedtoolcache/Python/3.12.11/x64
2025-08-16T21:46:51.3327830Z   Python3_ROOT_DIR: /opt/hostedtoolcache/Python/3.12.11/x64
2025-08-16T21:46:51.3328173Z   LD_LIBRARY_PATH: /opt/hostedtoolcache/Python/3.12.11/x64/lib
2025-08-16T21:46:51.3328455Z ##[endgroup]
2025-08-16T21:46:52.4847589Z INFO  [alembic.runtime.migration] Context impl PostgresqlImpl.
2025-08-16T21:46:52.4848107Z INFO  [alembic.runtime.migration] Will assume transactional DDL.
2025-08-16T21:46:52.5006002Z INFO  [alembic.runtime.migration] Running upgrade  -> 0001_baseline
2025-08-16T21:46:52.5168563Z INFO  [alembic.runtime.migration] Running upgrade 0001_baseline -> 0002_create_roi_view
2025-08-16T21:46:52.5195788Z INFO  [alembic.runtime.migration] Running upgrade 0002_create_roi_view -> 3e9d5c5aff2c
2025-08-16T21:46:52.5373187Z INFO  [alembic.runtime.migration] Running upgrade 3e9d5c5aff2c -> 0003_vendor_prices
2025-08-16T21:46:52.5530615Z INFO  [alembic.runtime.migration] Running upgrade 0003_vendor_prices -> 0004_fee_cron
2025-08-16T21:46:52.5604449Z INFO  [alembic.runtime.migration] Running upgrade 0004_fee_cron -> 0006_fix_roi_views
2025-08-16T21:46:52.5637016Z INFO  [alembic.runtime.migration] Running upgrade 0006_fix_roi_views -> 0020_unified_schema
2025-08-16T21:46:52.5769986Z INFO  [alembic.runtime.migration] Running upgrade 0020_unified_schema -> 0022_fix_roi_view
2025-08-16T21:46:52.5846763Z INFO  [alembic.runtime.migration] Running upgrade 0022_fix_roi_view -> 0023_add_storage_fee
2025-08-16T21:46:52.5886706Z INFO  [alembic.runtime.migration] Running upgrade 0023_add_storage_fee -> 0024_create_buybox
2025-08-16T21:46:52.6870397Z ##[group]Run python - <<'PY'
2025-08-16T21:46:52.6870884Z [36;1mpython - <<'PY'[0m
2025-08-16T21:46:52.6871337Z [36;1mfrom fastapi.testclient import TestClient[0m
2025-08-16T21:46:52.6871744Z [36;1mfrom services.api.main import app[0m
2025-08-16T21:46:52.6872011Z [36;1mc = TestClient(app)[0m
2025-08-16T21:46:52.6872244Z [36;1mr = c.get('/roi-review')[0m
2025-08-16T21:46:52.6872498Z [36;1massert r.status_code < 500, r.text[0m
2025-08-16T21:46:52.6872738Z [36;1mPY[0m
2025-08-16T21:46:52.6916195Z shell: /usr/bin/bash -e {0}
2025-08-16T21:46:52.6916431Z env:
2025-08-16T21:46:52.6916603Z   PG_USER: postgres
2025-08-16T21:46:52.6916799Z   PG_PASSWORD: pass
2025-08-16T21:46:52.6916990Z   PG_DATABASE: awa
2025-08-16T21:46:52.6917165Z   PG_HOST: localhost
2025-08-16T21:46:52.6917352Z   PG_PORT: 5432
2025-08-16T21:46:52.6917993Z   PG_SYNC_DSN: ***localhost:5432/awa
2025-08-16T21:46:52.6918680Z   PG_ASYNC_DSN: ***localhost:5432/awa
2025-08-16T21:46:52.6919395Z   DATABASE_URL: ***localhost:5432/awa
2025-08-16T21:46:52.6919819Z   DATA_DIR: /tmp/awa-data
2025-08-16T21:46:52.6920167Z   ENABLE_LIVE: 0
2025-08-16T21:46:52.6920475Z   TESTING: 1
2025-08-16T21:46:52.6920874Z   pythonLocation: /opt/hostedtoolcache/Python/3.12.11/x64
2025-08-16T21:46:52.6921537Z   PKG_CONFIG_PATH: /opt/hostedtoolcache/Python/3.12.11/x64/lib/pkgconfig
2025-08-16T21:46:52.6922201Z   Python_ROOT_DIR: /opt/hostedtoolcache/Python/3.12.11/x64
2025-08-16T21:46:52.6922779Z   Python2_ROOT_DIR: /opt/hostedtoolcache/Python/3.12.11/x64
2025-08-16T21:46:52.6923367Z   Python3_ROOT_DIR: /opt/hostedtoolcache/Python/3.12.11/x64
2025-08-16T21:46:52.6923733Z   LD_LIBRARY_PATH: /opt/hostedtoolcache/Python/3.12.11/x64/lib
2025-08-16T21:46:52.6924034Z ##[endgroup]
2025-08-16T21:46:53.8753019Z ##[group]Run alembic -c services/api/alembic.ini downgrade base
2025-08-16T21:46:53.8753459Z [36;1malembic -c services/api/alembic.ini downgrade base[0m
2025-08-16T21:46:53.8794515Z shell: /usr/bin/bash -e {0}
2025-08-16T21:46:53.8794768Z env:
2025-08-16T21:46:53.8794944Z   PG_USER: postgres
2025-08-16T21:46:53.8795139Z   PG_PASSWORD: pass
2025-08-16T21:46:53.8795474Z   PG_DATABASE: awa
2025-08-16T21:46:53.8795667Z   PG_HOST: localhost
2025-08-16T21:46:53.8795851Z   PG_PORT: 5432
2025-08-16T21:46:53.8796298Z   PG_SYNC_DSN: ***localhost:5432/awa
2025-08-16T21:46:53.8796705Z   PG_ASYNC_DSN: ***localhost:5432/awa
2025-08-16T21:46:53.8797071Z   DATABASE_URL: ***localhost:5432/awa
2025-08-16T21:46:53.8797309Z   DATA_DIR: /tmp/awa-data
2025-08-16T21:46:53.8797512Z   ENABLE_LIVE: 0
2025-08-16T21:46:53.8797679Z   TESTING: 1
2025-08-16T21:46:53.8797915Z   pythonLocation: /opt/hostedtoolcache/Python/3.12.11/x64
2025-08-16T21:46:53.8798348Z   PKG_CONFIG_PATH: /opt/hostedtoolcache/Python/3.12.11/x64/lib/pkgconfig
2025-08-16T21:46:53.8798721Z   Python_ROOT_DIR: /opt/hostedtoolcache/Python/3.12.11/x64
2025-08-16T21:46:53.8799057Z   Python2_ROOT_DIR: /opt/hostedtoolcache/Python/3.12.11/x64
2025-08-16T21:46:53.8799402Z   Python3_ROOT_DIR: /opt/hostedtoolcache/Python/3.12.11/x64
2025-08-16T21:46:53.8799931Z   LD_LIBRARY_PATH: /opt/hostedtoolcache/Python/3.12.11/x64/lib
2025-08-16T21:46:53.8800217Z ##[endgroup]
2025-08-16T21:46:54.3528387Z INFO  [alembic.runtime.migration] Context impl PostgresqlImpl.
2025-08-16T21:46:54.3528938Z INFO  [alembic.runtime.migration] Will assume transactional DDL.
2025-08-16T21:46:54.3606013Z INFO  [alembic.runtime.migration] Running downgrade 0024_create_buybox -> 0023_add_storage_fee
2025-08-16T21:46:54.3629229Z INFO  [alembic.runtime.migration] Running downgrade 0023_add_storage_fee -> 0022_fix_roi_view
2025-08-16T21:46:54.3799697Z INFO  [alembic.runtime.migration] Running downgrade 0022_fix_roi_view -> 0020_unified_schema
2025-08-16T21:46:54.3824218Z INFO  [alembic.runtime.migration] Running downgrade 0020_unified_schema -> 0006_fix_roi_views
2025-08-16T21:46:54.3862413Z INFO  [alembic.runtime.migration] Running downgrade 0006_fix_roi_views -> 0004_fee_cron
2025-08-16T21:46:54.3874808Z INFO  [alembic.runtime.migration] Running downgrade 0004_fee_cron -> 0003_vendor_prices
2025-08-16T21:46:54.3959031Z INFO  [alembic.runtime.migration] Running downgrade 0003_vendor_prices -> 3e9d5c5aff2c
2025-08-16T21:46:54.4001695Z INFO  [alembic.runtime.migration] Running downgrade 3e9d5c5aff2c -> 0002_create_roi_view
2025-08-16T21:46:54.4040717Z INFO  [alembic.runtime.migration] Running downgrade 0002_create_roi_view -> 0001_baseline
2025-08-16T21:46:54.4050268Z INFO  [alembic.runtime.migration] Running downgrade 0001_baseline -> 
2025-08-16T21:46:54.5079319Z ##[group]Run test "$(alembic -c services/api/alembic.ini heads | wc -l)" -eq 1
2025-08-16T21:46:54.5079864Z [36;1mtest "$(alembic -c services/api/alembic.ini heads | wc -l)" -eq 1[0m
2025-08-16T21:46:54.5120736Z shell: /usr/bin/bash -e {0}
2025-08-16T21:46:54.5120964Z env:
2025-08-16T21:46:54.5121143Z   PG_USER: postgres
2025-08-16T21:46:54.5121340Z   PG_PASSWORD: pass
2025-08-16T21:46:54.5121520Z   PG_DATABASE: awa
2025-08-16T21:46:54.5121702Z   PG_HOST: localhost
2025-08-16T21:46:54.5121906Z   PG_PORT: 5432
2025-08-16T21:46:54.5122363Z   PG_SYNC_DSN: ***localhost:5432/awa
2025-08-16T21:46:54.5122755Z   PG_ASYNC_DSN: ***localhost:5432/awa
2025-08-16T21:46:54.5123142Z   DATABASE_URL: ***localhost:5432/awa
2025-08-16T21:46:54.5123375Z   DATA_DIR: /tmp/awa-data
2025-08-16T21:46:54.5123580Z   ENABLE_LIVE: 0
2025-08-16T21:46:54.5123754Z   TESTING: 1
2025-08-16T21:46:54.5124004Z   pythonLocation: /opt/hostedtoolcache/Python/3.12.11/x64
2025-08-16T21:46:54.5124441Z   PKG_CONFIG_PATH: /opt/hostedtoolcache/Python/3.12.11/x64/lib/pkgconfig
2025-08-16T21:46:54.5124818Z   Python_ROOT_DIR: /opt/hostedtoolcache/Python/3.12.11/x64
2025-08-16T21:46:54.5125161Z   Python2_ROOT_DIR: /opt/hostedtoolcache/Python/3.12.11/x64
2025-08-16T21:46:54.5125710Z   Python3_ROOT_DIR: /opt/hostedtoolcache/Python/3.12.11/x64
2025-08-16T21:46:54.5126059Z   LD_LIBRARY_PATH: /opt/hostedtoolcache/Python/3.12.11/x64/lib
2025-08-16T21:46:54.5126346Z ##[endgroup]
2025-08-16T21:46:54.9148305Z Post job cleanup.
2025-08-16T21:46:55.0668466Z Cache hit occurred on the primary key setup-python-Linux-x64-24.04-Ubuntu-python-3.12.11-pip-dee7c0c28332ec2ebb5d2650fb0d2cfddf025b3b0e96b0c826645ad2cb717961, not saving cache.
2025-08-16T21:46:55.0768636Z Post job cleanup.
2025-08-16T21:46:55.1769216Z [command]/usr/bin/git version
2025-08-16T21:46:55.1814216Z git version 2.50.1
2025-08-16T21:46:55.1870227Z Temporarily overriding HOME='/home/runner/work/_temp/0901cddd-be26-49ae-bd87-73ac5b551bf7' before making global git config changes
2025-08-16T21:46:55.1872033Z Adding repository directory to the temporary git global config as a safe directory
2025-08-16T21:46:55.1876030Z [command]/usr/bin/git config --global --add safe.directory /home/runner/work/AWA-App/AWA-App
2025-08-16T21:46:55.1916552Z [command]/usr/bin/git config --local --name-only --get-regexp core\.sshCommand
2025-08-16T21:46:55.1954371Z [command]/usr/bin/git submodule foreach --recursive sh -c "git config --local --name-only --get-regexp 'core\.sshCommand' && git config --local --unset-all 'core.sshCommand' || :"
2025-08-16T21:46:55.2208186Z [command]/usr/bin/git config --local --name-only --get-regexp http\.https\:\/\/github\.com\/\.extraheader
2025-08-16T21:46:55.2234178Z http.https://github.com/.extraheader
2025-08-16T21:46:55.2248896Z [command]/usr/bin/git config --local --unset-all http.https://github.com/.extraheader
2025-08-16T21:46:55.2282852Z [command]/usr/bin/git submodule foreach --recursive sh -c "git config --local --name-only --get-regexp 'http\.https\:\/\/github\.com\/\.extraheader' && git config --local --unset-all 'http.https://github.com/.extraheader' || :"
2025-08-16T21:46:55.2640501Z Print service container logs: fc5e99d469ef4c95b0906c6a1ef34ab2_postgres15_908562
2025-08-16T21:46:55.2645230Z ##[command]/usr/bin/docker logs --details 5dc94938c49fa42c43cad48828ceaada0cfacf6e9dabf4d58c42099f55fcee30
2025-08-16T21:46:55.2772608Z  The files belonging to this database system will be owned by user "postgres".
2025-08-16T21:46:55.2775768Z  initdb: warning: enabling "trust" authentication for local connections
2025-08-16T21:46:55.2776887Z  initdb: hint: You can change this by editing pg_hba.conf or using the option -A, or --auth-local and --auth-host, the next time you run initdb.
2025-08-16T21:46:55.2777780Z  This user must also own the server process.
2025-08-16T21:46:55.2778188Z  
2025-08-16T21:46:55.2778597Z  The database cluster will be initialized with locale "en_US.utf8".
2025-08-16T21:46:55.2779273Z  The default database encoding has accordingly been set to "UTF8".
2025-08-16T21:46:55.2779920Z  The default text search configuration will be set to "english".
2025-08-16T21:46:55.2780472Z  
2025-08-16T21:46:55.2780742Z  Data page checksums are disabled.
2025-08-16T21:46:55.2781098Z  
2025-08-16T21:46:55.2781519Z  fixing permissions on existing directory /var/lib/postgresql/data ... ok
2025-08-16T21:46:55.2782095Z  creating subdirectories ... ok
2025-08-16T21:46:55.2782558Z  selecting dynamic shared memory implementation ... posix
2025-08-16T21:46:55.2782958Z  selecting default max_connections ... 100
2025-08-16T21:46:55.2783240Z  selecting default shared_buffers ... 128MB
2025-08-16T21:46:55.2783506Z  selecting default time zone ... Etc/UTC
2025-08-16T21:46:55.2783762Z  creating configuration files ... ok
2025-08-16T21:46:55.2784008Z  running bootstrap script ... ok
2025-08-16T21:46:55.2784276Z  performing post-bootstrap initialization ... ok
2025-08-16T21:46:55.2784560Z  syncing data to disk ... ok
2025-08-16T21:46:55.2784767Z  
2025-08-16T21:46:55.2784911Z  
2025-08-16T21:46:55.2785125Z  Success. You can now start the database server using:
2025-08-16T21:46:55.2785654Z  
2025-08-16T21:46:55.2785865Z      pg_ctl -D /var/lib/postgresql/data -l logfile start
2025-08-16T21:46:55.2786127Z  
2025-08-16T21:46:55.2786672Z  waiting for server to start....2025-08-16 21:46:10.183 UTC [48] LOG:  starting PostgreSQL 15.14 (Debian 15.14-1.pgdg13+1) on x86_64-pc-linux-gnu, compiled by gcc (Debian 14.2.0-19) 14.2.0, 64-bit
2025-08-16T21:46:55.2787422Z  2025-08-16 21:46:10.184 UTC [48] LOG:  listening on Unix socket "/var/run/postgresql/.s.PGSQL.5432"
2025-08-16T21:46:55.2787925Z  2025-08-16 21:46:10.187 UTC [51] LOG:  database system was shut down at 2025-08-16 21:46:10 UTC
2025-08-16T21:46:55.2788363Z  2025-08-16 21:46:10.191 UTC [48] LOG:  database system is ready to accept connections
2025-08-16T21:46:55.2788684Z   done
2025-08-16T21:46:55.2788938Z  server started
2025-08-16T21:46:55.2789935Z  2025-08-16 21:46:10.490 UTC [1] LOG:  starting PostgreSQL 15.14 (Debian 15.14-1.pgdg13+1) on x86_64-pc-linux-gnu, compiled by gcc (Debian 14.2.0-19) 14.2.0, 64-bit
2025-08-16T21:46:55.2790916Z  2025-08-16 21:46:10.490 UTC [1] LOG:  listening on IPv4 address "0.0.0.0", port 5432
2025-08-16T21:46:55.2791321Z  2025-08-16 21:46:10.490 UTC [1] LOG:  listening on IPv6 address "::", port 5432
2025-08-16T21:46:55.2791774Z  2025-08-16 21:46:10.491 UTC [1] LOG:  listening on Unix socket "/var/run/postgresql/.s.PGSQL.5432"
2025-08-16T21:46:55.2792259Z  2025-08-16 21:46:10.494 UTC [64] LOG:  database system was shut down at 2025-08-16 21:46:10 UTC
2025-08-16T21:46:55.2792952Z  2025-08-16 21:46:10.498 UTC [1] LOG:  database system is ready to accept connections
2025-08-16T21:46:55.2793284Z  CREATE DATABASE
2025-08-16T21:46:55.2793460Z  
2025-08-16T21:46:55.2793613Z  
2025-08-16T21:46:55.2793908Z  /usr/local/bin/docker-entrypoint.sh: ignoring /docker-entrypoint-initdb.d/*
2025-08-16T21:46:55.2794258Z  
2025-08-16T21:46:55.2794476Z  2025-08-16 21:46:10.370 UTC [48] LOG:  received fast shutdown request
2025-08-16T21:46:55.2795147Z  waiting for server to shut down....2025-08-16 21:46:10.371 UTC [48] LOG:  aborting any active transactions
2025-08-16T21:46:55.2795932Z  2025-08-16 21:46:10.373 UTC [48] LOG:  background worker "logical replication launcher" (PID 54) exited with exit code 1
2025-08-16T21:46:55.2796397Z  2025-08-16 21:46:10.373 UTC [49] LOG:  shutting down
2025-08-16T21:46:55.2796727Z  2025-08-16 21:46:10.374 UTC [49] LOG:  checkpoint starting: shutdown immediate
2025-08-16T21:46:55.2797547Z  2025-08-16 21:46:10.394 UTC [49] LOG:  checkpoint complete: wrote 922 buffers (5.6%); 0 WAL file(s) added, 0 removed, 0 recycled; write=0.014 s, sync=0.003 s, total=0.022 s; sync files=301, longest=0.002 s, average=0.001 s; distance=4239 kB, estimate=4239 kB
2025-08-16T21:46:55.2798353Z  2025-08-16 21:46:10.401 UTC [48] LOG:  database system is shut down
2025-08-16T21:46:55.2798632Z   done
2025-08-16T21:46:55.2798795Z  server stopped
2025-08-16T21:46:55.2798958Z  
2025-08-16T21:46:55.2799176Z  PostgreSQL init process complete; ready for start up.
2025-08-16T21:46:55.2799442Z  
2025-08-16T21:46:55.2805731Z Stop and remove container: fc5e99d469ef4c95b0906c6a1ef34ab2_postgres15_908562
2025-08-16T21:46:55.2811077Z ##[command]/usr/bin/docker rm --force 5dc94938c49fa42c43cad48828ceaada0cfacf6e9dabf4d58c42099f55fcee30
2025-08-16T21:46:56.3447578Z 5dc94938c49fa42c43cad48828ceaada0cfacf6e9dabf4d58c42099f55fcee30
2025-08-16T21:46:56.3475519Z Remove container network: github_network_b44d241c3dfc44d5aca511d585c17339
2025-08-16T21:46:56.3480280Z ##[command]/usr/bin/docker network rm github_network_b44d241c3dfc44d5aca511d585c17339
2025-08-16T21:46:56.4664303Z github_network_b44d241c3dfc44d5aca511d585c17339
2025-08-16T21:46:56.4727554Z Cleaning up orphan processes
