2025-08-20T17:45:10.8342012Z Current runner version: '2.328.0'
2025-08-20T17:45:10.8367660Z ##[group]Runner Image Provisioner
2025-08-20T17:45:10.8368735Z Hosted Compute Agent
2025-08-20T17:45:10.8369624Z Version: 20250818.377
2025-08-20T17:45:10.8370404Z Commit: 3c593e9f75fe0b87e893bca80d6e12ba089c61fc
2025-08-20T17:45:10.8371057Z Build Date: 2025-08-18T14:52:18Z
2025-08-20T17:45:10.8371976Z ##[endgroup]
2025-08-20T17:45:10.8372546Z ##[group]Operating System
2025-08-20T17:45:10.8373110Z Ubuntu
2025-08-20T17:45:10.8373622Z 24.04.2
2025-08-20T17:45:10.8374071Z LTS
2025-08-20T17:45:10.8374525Z ##[endgroup]
2025-08-20T17:45:10.8375122Z ##[group]Runner Image
2025-08-20T17:45:10.8375741Z Image: ubuntu-24.04
2025-08-20T17:45:10.8376218Z Version: 20250810.1.0
2025-08-20T17:45:10.8377246Z Included Software: https://github.com/actions/runner-images/blob/ubuntu24/20250810.1/images/ubuntu/Ubuntu2404-Readme.md
2025-08-20T17:45:10.8378752Z Image Release: https://github.com/actions/runner-images/releases/tag/ubuntu24%2F20250810.1
2025-08-20T17:45:10.8379785Z ##[endgroup]
2025-08-20T17:45:10.8382313Z ##[group]GITHUB_TOKEN Permissions
2025-08-20T17:45:10.8384557Z Actions: write
2025-08-20T17:45:10.8385085Z Attestations: write
2025-08-20T17:45:10.8385637Z Checks: write
2025-08-20T17:45:10.8386111Z Contents: write
2025-08-20T17:45:10.8386624Z Deployments: write
2025-08-20T17:45:10.8387090Z Discussions: write
2025-08-20T17:45:10.8387658Z Issues: write
2025-08-20T17:45:10.8388145Z Metadata: read
2025-08-20T17:45:10.8388584Z Models: read
2025-08-20T17:45:10.8389093Z Packages: write
2025-08-20T17:45:10.8389563Z Pages: write
2025-08-20T17:45:10.8390055Z PullRequests: write
2025-08-20T17:45:10.8390565Z RepositoryProjects: write
2025-08-20T17:45:10.8391178Z SecurityEvents: write
2025-08-20T17:45:10.8391943Z Statuses: write
2025-08-20T17:45:10.8392414Z ##[endgroup]
2025-08-20T17:45:10.8394473Z Secret source: Actions
2025-08-20T17:45:10.8395132Z Prepare workflow directory
2025-08-20T17:45:10.8810454Z Prepare all required actions
2025-08-20T17:45:10.8847536Z Getting action download info
2025-08-20T17:45:11.1576587Z Download action repository 'actions/checkout@v4' (SHA:08eba0b27e820071cde6df949e0beb9ba4906955)
2025-08-20T17:45:11.3782372Z Download action repository 'actions/setup-python@v5' (SHA:a26af69be951a213d495a4c3e4e4022e16d87065)
2025-08-20T17:45:11.7025948Z Complete job name: migrations-check
2025-08-20T17:45:11.7519126Z ##[group]Checking docker version
2025-08-20T17:45:11.7532979Z ##[command]/usr/bin/docker version --format '{{.Server.APIVersion}}'
2025-08-20T17:45:11.7901975Z '1.48'
2025-08-20T17:45:11.7913675Z Docker daemon API version: '1.48'
2025-08-20T17:45:11.7914422Z ##[command]/usr/bin/docker version --format '{{.Client.APIVersion}}'
2025-08-20T17:45:11.8072289Z '1.48'
2025-08-20T17:45:11.8090906Z Docker client API version: '1.48'
2025-08-20T17:45:11.8096928Z ##[endgroup]
2025-08-20T17:45:11.8102066Z ##[group]Clean up resources from previous jobs
2025-08-20T17:45:11.8109037Z ##[command]/usr/bin/docker ps --all --quiet --no-trunc --filter "label=8102e7"
2025-08-20T17:45:11.8253668Z ##[command]/usr/bin/docker network prune --force --filter "label=8102e7"
2025-08-20T17:45:11.8382754Z ##[endgroup]
2025-08-20T17:45:11.8383240Z ##[group]Create local container network
2025-08-20T17:45:11.8393295Z ##[command]/usr/bin/docker network create --label 8102e7 github_network_4ebbbd40c77e48b2a84d7504d8eefaa7
2025-08-20T17:45:11.9009364Z cbf988ba82eb7067e2751ef27914ba85ef1017fa09290a8f2ef8dc592ca5f4b9
2025-08-20T17:45:11.9028471Z ##[endgroup]
2025-08-20T17:45:11.9052604Z ##[group]Starting postgres service container
2025-08-20T17:45:11.9071951Z ##[command]/usr/bin/docker pull postgres:15
2025-08-20T17:45:12.1009805Z 15: Pulling from library/postgres
2025-08-20T17:45:12.1511721Z 396b1da7636e: Pulling fs layer
2025-08-20T17:45:12.1512633Z fca2566eba32: Pulling fs layer
2025-08-20T17:45:12.1513244Z 631fe8c6d606: Pulling fs layer
2025-08-20T17:45:12.1513903Z 77c7671c4414: Pulling fs layer
2025-08-20T17:45:12.1514684Z 2d9e29180a27: Pulling fs layer
2025-08-20T17:45:12.1515508Z c6bcc2c9a041: Pulling fs layer
2025-08-20T17:45:12.1516774Z ac4b721eb66f: Pulling fs layer
2025-08-20T17:45:12.1517554Z 606bd164980e: Pulling fs layer
2025-08-20T17:45:12.1518038Z f5dfd246bc6e: Pulling fs layer
2025-08-20T17:45:12.1518506Z ba7036bb0a60: Pulling fs layer
2025-08-20T17:45:12.1518971Z 799f859abbbd: Pulling fs layer
2025-08-20T17:45:12.1519440Z d903e777080c: Pulling fs layer
2025-08-20T17:45:12.1519893Z 04adcb462801: Pulling fs layer
2025-08-20T17:45:12.1520343Z 5c10925b29ff: Pulling fs layer
2025-08-20T17:45:12.1520783Z c6bcc2c9a041: Waiting
2025-08-20T17:45:12.1521206Z 77c7671c4414: Waiting
2025-08-20T17:45:12.1521832Z ac4b721eb66f: Waiting
2025-08-20T17:45:12.1522237Z 2d9e29180a27: Waiting
2025-08-20T17:45:12.1522627Z f5dfd246bc6e: Waiting
2025-08-20T17:45:12.1523016Z ba7036bb0a60: Waiting
2025-08-20T17:45:12.1523409Z 799f859abbbd: Waiting
2025-08-20T17:45:12.1523794Z d903e777080c: Waiting
2025-08-20T17:45:12.1524186Z 04adcb462801: Waiting
2025-08-20T17:45:12.2178331Z fca2566eba32: Verifying Checksum
2025-08-20T17:45:12.2179302Z fca2566eba32: Download complete
2025-08-20T17:45:12.2771215Z 631fe8c6d606: Verifying Checksum
2025-08-20T17:45:12.2772342Z 631fe8c6d606: Download complete
2025-08-20T17:45:12.3300368Z 77c7671c4414: Verifying Checksum
2025-08-20T17:45:12.3302368Z 77c7671c4414: Download complete
2025-08-20T17:45:12.3955362Z c6bcc2c9a041: Verifying Checksum
2025-08-20T17:45:12.3956596Z c6bcc2c9a041: Download complete
2025-08-20T17:45:12.4464934Z ac4b721eb66f: Verifying Checksum
2025-08-20T17:45:12.4466172Z ac4b721eb66f: Download complete
2025-08-20T17:45:12.4667356Z 2d9e29180a27: Download complete
2025-08-20T17:45:12.5099047Z 606bd164980e: Download complete
2025-08-20T17:45:12.5456542Z 396b1da7636e: Verifying Checksum
2025-08-20T17:45:12.5459474Z 396b1da7636e: Download complete
2025-08-20T17:45:12.5788435Z ba7036bb0a60: Verifying Checksum
2025-08-20T17:45:12.5790073Z ba7036bb0a60: Download complete
2025-08-20T17:45:12.6268326Z 799f859abbbd: Verifying Checksum
2025-08-20T17:45:12.6271176Z 799f859abbbd: Download complete
2025-08-20T17:45:12.6581988Z d903e777080c: Verifying Checksum
2025-08-20T17:45:12.6588966Z d903e777080c: Download complete
2025-08-20T17:45:12.6825044Z 04adcb462801: Verifying Checksum
2025-08-20T17:45:12.6826017Z 04adcb462801: Download complete
2025-08-20T17:45:12.7270034Z 5c10925b29ff: Verifying Checksum
2025-08-20T17:45:12.7272186Z 5c10925b29ff: Download complete
2025-08-20T17:45:13.5395354Z 396b1da7636e: Pull complete
2025-08-20T17:45:13.9216087Z f5dfd246bc6e: Verifying Checksum
2025-08-20T17:45:13.9216565Z f5dfd246bc6e: Download complete
2025-08-20T17:45:15.3119564Z fca2566eba32: Pull complete
2025-08-20T17:45:15.4819512Z 631fe8c6d606: Pull complete
2025-08-20T17:45:15.5228399Z 77c7671c4414: Pull complete
2025-08-20T17:45:15.8277787Z 2d9e29180a27: Pull complete
2025-08-20T17:45:15.9288272Z c6bcc2c9a041: Pull complete
2025-08-20T17:45:15.9385713Z ac4b721eb66f: Pull complete
2025-08-20T17:45:15.9493841Z 606bd164980e: Pull complete
2025-08-20T17:45:18.8702744Z f5dfd246bc6e: Pull complete
2025-08-20T17:45:18.8870761Z ba7036bb0a60: Pull complete
2025-08-20T17:45:18.8978409Z 799f859abbbd: Pull complete
2025-08-20T17:45:18.9084339Z d903e777080c: Pull complete
2025-08-20T17:45:18.9198958Z 04adcb462801: Pull complete
2025-08-20T17:45:18.9377552Z 5c10925b29ff: Pull complete
2025-08-20T17:45:18.9416040Z Digest: sha256:bc51cf4f1fe02cce7ed2370b20128a9b00b4eb804573a77d2a0d877aaa9c82b1
2025-08-20T17:45:18.9428739Z Status: Downloaded newer image for postgres:15
2025-08-20T17:45:18.9439795Z docker.io/library/postgres:15
2025-08-20T17:45:18.9499239Z ##[command]/usr/bin/docker create --name 68e5baf1d16647df98f65bbbed06b36b_postgres15_65dd8e --label 8102e7 --network github_network_4ebbbd40c77e48b2a84d7504d8eefaa7 --network-alias postgres -p 5432:5432 --health-cmd="pg_isready -U postgres -d awa" --health-interval=5s --health-timeout=5s --health-retries=10 -e "POSTGRES_USER=postgres" -e "POSTGRES_PASSWORD=pass" -e "POSTGRES_DB=awa" -e GITHUB_ACTIONS=true -e CI=true postgres:15
2025-08-20T17:45:18.9755707Z ba47eb180a42af80d4aa80c14edf74fad1fbece49c83e4397a946795312ef787
2025-08-20T17:45:18.9778985Z ##[command]/usr/bin/docker start ba47eb180a42af80d4aa80c14edf74fad1fbece49c83e4397a946795312ef787
2025-08-20T17:45:19.1641896Z ba47eb180a42af80d4aa80c14edf74fad1fbece49c83e4397a946795312ef787
2025-08-20T17:45:19.1666783Z ##[command]/usr/bin/docker ps --all --filter id=ba47eb180a42af80d4aa80c14edf74fad1fbece49c83e4397a946795312ef787 --filter status=running --no-trunc --format "{{.ID}} {{.Status}}"
2025-08-20T17:45:19.1802908Z ba47eb180a42af80d4aa80c14edf74fad1fbece49c83e4397a946795312ef787 Up Less than a second (health: starting)
2025-08-20T17:45:19.1824579Z ##[command]/usr/bin/docker port ba47eb180a42af80d4aa80c14edf74fad1fbece49c83e4397a946795312ef787
2025-08-20T17:45:19.1951740Z 5432/tcp -> 0.0.0.0:5432
2025-08-20T17:45:19.1953021Z 5432/tcp -> [::]:5432
2025-08-20T17:45:19.2008441Z ##[endgroup]
2025-08-20T17:45:19.2009833Z ##[group]Starting redis service container
2025-08-20T17:45:19.2011229Z ##[command]/usr/bin/docker pull redis:7-alpine
2025-08-20T17:45:19.3753041Z 7-alpine: Pulling from library/redis
2025-08-20T17:45:19.4323631Z 0368fd46e3c6: Pulling fs layer
2025-08-20T17:45:19.4327285Z 4c55286bbede: Pulling fs layer
2025-08-20T17:45:19.4327696Z 5e28347af205: Pulling fs layer
2025-08-20T17:45:19.4330467Z 311eca34042e: Pulling fs layer
2025-08-20T17:45:19.4330977Z e6fe6f07e192: Pulling fs layer
2025-08-20T17:45:19.4331328Z a2cadbfeca72: Pulling fs layer
2025-08-20T17:45:19.4331888Z 4f4fb700ef54: Pulling fs layer
2025-08-20T17:45:19.4332249Z a976ed7e7808: Pulling fs layer
2025-08-20T17:45:19.4332639Z 311eca34042e: Waiting
2025-08-20T17:45:19.4332941Z e6fe6f07e192: Waiting
2025-08-20T17:45:19.4333249Z a2cadbfeca72: Waiting
2025-08-20T17:45:19.4333547Z 4f4fb700ef54: Waiting
2025-08-20T17:45:19.4333881Z a976ed7e7808: Waiting
2025-08-20T17:45:19.5054758Z 5e28347af205: Verifying Checksum
2025-08-20T17:45:19.5055350Z 5e28347af205: Download complete
2025-08-20T17:45:19.5069117Z 4c55286bbede: Verifying Checksum
2025-08-20T17:45:19.5069716Z 4c55286bbede: Download complete
2025-08-20T17:45:19.5928727Z 311eca34042e: Download complete
2025-08-20T17:45:19.6724479Z a2cadbfeca72: Download complete
2025-08-20T17:45:19.7193374Z e6fe6f07e192: Verifying Checksum
2025-08-20T17:45:19.7193911Z e6fe6f07e192: Download complete
2025-08-20T17:45:19.7422727Z 0368fd46e3c6: Verifying Checksum
2025-08-20T17:45:19.7423165Z 0368fd46e3c6: Download complete
2025-08-20T17:45:19.7493975Z 4f4fb700ef54: Verifying Checksum
2025-08-20T17:45:19.7494476Z 4f4fb700ef54: Download complete
2025-08-20T17:45:19.7740669Z a976ed7e7808: Verifying Checksum
2025-08-20T17:45:19.7741103Z a976ed7e7808: Download complete
2025-08-20T17:45:19.8802360Z 0368fd46e3c6: Pull complete
2025-08-20T17:45:19.9132745Z 4c55286bbede: Pull complete
2025-08-20T17:45:20.0679887Z 5e28347af205: Pull complete
2025-08-20T17:45:20.1056107Z 311eca34042e: Pull complete
2025-08-20T17:45:20.2944544Z e6fe6f07e192: Pull complete
2025-08-20T17:45:20.3023953Z a2cadbfeca72: Pull complete
2025-08-20T17:45:20.3103254Z 4f4fb700ef54: Pull complete
2025-08-20T17:45:20.3198122Z a976ed7e7808: Pull complete
2025-08-20T17:45:20.3238844Z Digest: sha256:bb186d083732f669da90be8b0f975a37812b15e913465bb14d845db72a4e3e08
2025-08-20T17:45:20.3250547Z Status: Downloaded newer image for redis:7-alpine
2025-08-20T17:45:20.3259697Z docker.io/library/redis:7-alpine
2025-08-20T17:45:20.3276223Z ##[command]/usr/bin/docker create --name 77f2ce66f8524622be909013ea060c77_redis7alpine_10c131 --label 8102e7 --network github_network_4ebbbd40c77e48b2a84d7504d8eefaa7 --network-alias redis -p 6379:6379  -e GITHUB_ACTIONS=true -e CI=true redis:7-alpine
2025-08-20T17:45:20.3506580Z bb7b8bdf01394db0edd6e97faa72a26ca8ad0123e71b98a3e2e94d4b91409dfd
2025-08-20T17:45:20.3522843Z ##[command]/usr/bin/docker start bb7b8bdf01394db0edd6e97faa72a26ca8ad0123e71b98a3e2e94d4b91409dfd
2025-08-20T17:45:20.4800109Z bb7b8bdf01394db0edd6e97faa72a26ca8ad0123e71b98a3e2e94d4b91409dfd
2025-08-20T17:45:20.4820462Z ##[command]/usr/bin/docker ps --all --filter id=bb7b8bdf01394db0edd6e97faa72a26ca8ad0123e71b98a3e2e94d4b91409dfd --filter status=running --no-trunc --format "{{.ID}} {{.Status}}"
2025-08-20T17:45:20.4940708Z bb7b8bdf01394db0edd6e97faa72a26ca8ad0123e71b98a3e2e94d4b91409dfd Up Less than a second
2025-08-20T17:45:20.4954134Z ##[command]/usr/bin/docker port bb7b8bdf01394db0edd6e97faa72a26ca8ad0123e71b98a3e2e94d4b91409dfd
2025-08-20T17:45:20.5063809Z 6379/tcp -> 0.0.0.0:6379
2025-08-20T17:45:20.5064250Z 6379/tcp -> [::]:6379
2025-08-20T17:45:20.5077910Z ##[endgroup]
2025-08-20T17:45:20.5088931Z ##[group]Waiting for all services to be ready
2025-08-20T17:45:20.5102290Z ##[command]/usr/bin/docker inspect --format="{{if .Config.Healthcheck}}{{print .State.Health.Status}}{{end}}" ba47eb180a42af80d4aa80c14edf74fad1fbece49c83e4397a946795312ef787
2025-08-20T17:45:20.5212185Z starting
2025-08-20T17:45:20.5232658Z postgres service is starting, waiting 2 seconds before checking again.
2025-08-20T17:45:22.5238885Z ##[command]/usr/bin/docker inspect --format="{{if .Config.Healthcheck}}{{print .State.Health.Status}}{{end}}" ba47eb180a42af80d4aa80c14edf74fad1fbece49c83e4397a946795312ef787
2025-08-20T17:45:22.5353085Z starting
2025-08-20T17:45:22.5366521Z postgres service is starting, waiting 3 seconds before checking again.
2025-08-20T17:45:26.4347901Z ##[command]/usr/bin/docker inspect --format="{{if .Config.Healthcheck}}{{print .State.Health.Status}}{{end}}" ba47eb180a42af80d4aa80c14edf74fad1fbece49c83e4397a946795312ef787
2025-08-20T17:45:26.4466034Z healthy
2025-08-20T17:45:26.4482428Z postgres service is healthy.
2025-08-20T17:45:26.4483315Z ##[command]/usr/bin/docker inspect --format="{{if .Config.Healthcheck}}{{print .State.Health.Status}}{{end}}" bb7b8bdf01394db0edd6e97faa72a26ca8ad0123e71b98a3e2e94d4b91409dfd
2025-08-20T17:45:26.4609953Z redis service is healthy.
2025-08-20T17:45:26.4610598Z ##[endgroup]
2025-08-20T17:45:26.4934754Z ##[group]Run actions/checkout@v4
2025-08-20T17:45:26.4935281Z with:
2025-08-20T17:45:26.4935470Z   repository: AlexBomber12/AWA-App
2025-08-20T17:45:26.4935844Z   token: ***
2025-08-20T17:45:26.4936019Z   ssh-strict: true
2025-08-20T17:45:26.4936187Z   ssh-user: git
2025-08-20T17:45:26.4936367Z   persist-credentials: true
2025-08-20T17:45:26.4936565Z   clean: true
2025-08-20T17:45:26.4936742Z   sparse-checkout-cone-mode: true
2025-08-20T17:45:26.4936959Z   fetch-depth: 1
2025-08-20T17:45:26.4937126Z   fetch-tags: false
2025-08-20T17:45:26.4937300Z   show-progress: true
2025-08-20T17:45:26.4937472Z   lfs: false
2025-08-20T17:45:26.4937629Z   submodules: false
2025-08-20T17:45:26.4937798Z   set-safe-directory: true
2025-08-20T17:45:26.4938158Z env:
2025-08-20T17:45:26.4938359Z   REDIS_URL: redis://localhost:6379/0
2025-08-20T17:45:26.4938619Z   RATE_LIMIT_DEFAULT: 100/minute
2025-08-20T17:45:26.4938831Z   TRUST_X_FORWARDED: 1
2025-08-20T17:45:26.4939011Z ##[endgroup]
2025-08-20T17:45:26.5982846Z Syncing repository: AlexBomber12/AWA-App
2025-08-20T17:45:26.5984054Z ##[group]Getting Git version info
2025-08-20T17:45:26.5984403Z Working directory is '/home/runner/work/AWA-App/AWA-App'
2025-08-20T17:45:26.5984907Z [command]/usr/bin/git version
2025-08-20T17:45:26.6033595Z git version 2.50.1
2025-08-20T17:45:26.6059138Z ##[endgroup]
2025-08-20T17:45:26.6074939Z Temporarily overriding HOME='/home/runner/work/_temp/88eabc1c-8cac-4c6d-a58f-42396a7b0619' before making global git config changes
2025-08-20T17:45:26.6076234Z Adding repository directory to the temporary git global config as a safe directory
2025-08-20T17:45:26.6080909Z [command]/usr/bin/git config --global --add safe.directory /home/runner/work/AWA-App/AWA-App
2025-08-20T17:45:26.6114119Z Deleting the contents of '/home/runner/work/AWA-App/AWA-App'
2025-08-20T17:45:26.6117989Z ##[group]Initializing the repository
2025-08-20T17:45:26.6122337Z [command]/usr/bin/git init /home/runner/work/AWA-App/AWA-App
2025-08-20T17:45:26.6183776Z hint: Using 'master' as the name for the initial branch. This default branch name
2025-08-20T17:45:26.6184650Z hint: is subject to change. To configure the initial branch name to use in all
2025-08-20T17:45:26.6185766Z hint: of your new repositories, which will suppress this warning, call:
2025-08-20T17:45:26.6186332Z hint:
2025-08-20T17:45:26.6186623Z hint: 	git config --global init.defaultBranch <name>
2025-08-20T17:45:26.6186917Z hint:
2025-08-20T17:45:26.6187323Z hint: Names commonly chosen instead of 'master' are 'main', 'trunk' and
2025-08-20T17:45:26.6188173Z hint: 'development'. The just-created branch can be renamed via this command:
2025-08-20T17:45:26.6188827Z hint:
2025-08-20T17:45:26.6189213Z hint: 	git branch -m <name>
2025-08-20T17:45:26.6189591Z hint:
2025-08-20T17:45:26.6190096Z hint: Disable this message with "git config set advice.defaultBranchName false"
2025-08-20T17:45:26.6190994Z Initialized empty Git repository in /home/runner/work/AWA-App/AWA-App/.git/
2025-08-20T17:45:26.6198365Z [command]/usr/bin/git remote add origin https://github.com/AlexBomber12/AWA-App
2025-08-20T17:45:26.6230141Z ##[endgroup]
2025-08-20T17:45:26.6230741Z ##[group]Disabling automatic garbage collection
2025-08-20T17:45:26.6235681Z [command]/usr/bin/git config --local gc.auto 0
2025-08-20T17:45:26.6262964Z ##[endgroup]
2025-08-20T17:45:26.6263550Z ##[group]Setting up auth
2025-08-20T17:45:26.6270477Z [command]/usr/bin/git config --local --name-only --get-regexp core\.sshCommand
2025-08-20T17:45:26.6300044Z [command]/usr/bin/git submodule foreach --recursive sh -c "git config --local --name-only --get-regexp 'core\.sshCommand' && git config --local --unset-all 'core.sshCommand' || :"
2025-08-20T17:45:26.6564393Z [command]/usr/bin/git config --local --name-only --get-regexp http\.https\:\/\/github\.com\/\.extraheader
2025-08-20T17:45:26.6593733Z [command]/usr/bin/git submodule foreach --recursive sh -c "git config --local --name-only --get-regexp 'http\.https\:\/\/github\.com\/\.extraheader' && git config --local --unset-all 'http.https://github.com/.extraheader' || :"
2025-08-20T17:45:26.6808679Z [command]/usr/bin/git config --local http.https://github.com/.extraheader AUTHORIZATION: basic ***
2025-08-20T17:45:26.6850256Z ##[endgroup]
2025-08-20T17:45:26.6850879Z ##[group]Fetching the repository
2025-08-20T17:45:26.6859763Z [command]/usr/bin/git -c protocol.version=2 fetch --no-tags --prune --no-recurse-submodules --depth=1 origin +d0db6dc7bd943499fc0e80050cc8d9d3cce74589:refs/remotes/pull/305/merge
2025-08-20T17:45:26.9693602Z From https://github.com/AlexBomber12/AWA-App
2025-08-20T17:45:26.9694217Z  * [new ref]         d0db6dc7bd943499fc0e80050cc8d9d3cce74589 -> pull/305/merge
2025-08-20T17:45:26.9717184Z ##[endgroup]
2025-08-20T17:45:26.9717773Z ##[group]Determining the checkout info
2025-08-20T17:45:26.9720224Z ##[endgroup]
2025-08-20T17:45:26.9725662Z [command]/usr/bin/git sparse-checkout disable
2025-08-20T17:45:26.9762020Z [command]/usr/bin/git config --local --unset-all extensions.worktreeConfig
2025-08-20T17:45:26.9787981Z ##[group]Checking out the ref
2025-08-20T17:45:26.9791472Z [command]/usr/bin/git checkout --progress --force refs/remotes/pull/305/merge
2025-08-20T17:45:27.0120907Z Note: switching to 'refs/remotes/pull/305/merge'.
2025-08-20T17:45:27.0122479Z 
2025-08-20T17:45:27.0123106Z You are in 'detached HEAD' state. You can look around, make experimental
2025-08-20T17:45:27.0123879Z changes and commit them, and you can discard any commits you make in this
2025-08-20T17:45:27.0124650Z state without impacting any branches by switching back to a branch.
2025-08-20T17:45:27.0125082Z 
2025-08-20T17:45:27.0125374Z If you want to create a new branch to retain commits you create, you may
2025-08-20T17:45:27.0126043Z do so (now or later) by using -c with the switch command. Example:
2025-08-20T17:45:27.0126431Z 
2025-08-20T17:45:27.0126590Z   git switch -c <new-branch-name>
2025-08-20T17:45:27.0126851Z 
2025-08-20T17:45:27.0127003Z Or undo this operation with:
2025-08-20T17:45:27.0127239Z 
2025-08-20T17:45:27.0127382Z   git switch -
2025-08-20T17:45:27.0127591Z 
2025-08-20T17:45:27.0127804Z Turn off this advice by setting config variable advice.detachedHead to false
2025-08-20T17:45:27.0128311Z 
2025-08-20T17:45:27.0128649Z HEAD is now at d0db6dc Merge 71c42909f45822f9f74278b6056e8de1e4c00696 into 58f732c854cc9fa63f1ff7b1508bb3c35865ecaa
2025-08-20T17:45:27.0132061Z ##[endgroup]
2025-08-20T17:45:27.0167812Z [command]/usr/bin/git log -1 --format=%H
2025-08-20T17:45:27.0188938Z d0db6dc7bd943499fc0e80050cc8d9d3cce74589
2025-08-20T17:45:27.0358700Z ##[group]Run cat .env.ci >> "$GITHUB_ENV"
2025-08-20T17:45:27.0359041Z [36;1mcat .env.ci >> "$GITHUB_ENV"[0m
2025-08-20T17:45:27.0359720Z [36;1mecho "DATABASE_URL=***localhost:5432/awa" >> "$GITHUB_ENV"[0m
2025-08-20T17:45:27.0360069Z [36;1mecho "PG_HOST=localhost" >> "$GITHUB_ENV"[0m
2025-08-20T17:45:27.0360354Z [36;1mecho "PG_PORT=5432" >> "$GITHUB_ENV"[0m
2025-08-20T17:45:27.0360646Z [36;1mecho "PG_USER=postgres" >> "$GITHUB_ENV"[0m
2025-08-20T17:45:27.0360927Z [36;1mecho "PG_PASSWORD=pass" >> "$GITHUB_ENV"[0m
2025-08-20T17:45:27.0361219Z [36;1mecho "PG_DATABASE=awa" >> "$GITHUB_ENV"[0m
2025-08-20T17:45:27.0405065Z shell: /usr/bin/bash -e {0}
2025-08-20T17:45:27.0405298Z env:
2025-08-20T17:45:27.0405503Z   REDIS_URL: redis://localhost:6379/0
2025-08-20T17:45:27.0405749Z   RATE_LIMIT_DEFAULT: 100/minute
2025-08-20T17:45:27.0405962Z   TRUST_X_FORWARDED: 1
2025-08-20T17:45:27.0406149Z ##[endgroup]
2025-08-20T17:45:27.0578861Z ##[group]Run actions/setup-python@v5
2025-08-20T17:45:27.0579117Z with:
2025-08-20T17:45:27.0579282Z   python-version: 3.12
2025-08-20T17:45:27.0579468Z   cache: pip
2025-08-20T17:45:27.0579667Z   cache-dependency-path: requirements-dev.txt
2025-08-20T17:45:27.0579938Z   check-latest: false
2025-08-20T17:45:27.0580235Z   token: ***
2025-08-20T17:45:27.0580418Z   update-environment: true
2025-08-20T17:45:27.0580634Z   allow-prereleases: false
2025-08-20T17:45:27.0580828Z   freethreaded: false
2025-08-20T17:45:27.0581007Z env:
2025-08-20T17:45:27.0581182Z   REDIS_URL: redis://localhost:6379/0
2025-08-20T17:45:27.0581429Z   RATE_LIMIT_DEFAULT: 100/minute
2025-08-20T17:45:27.0581848Z   TRUST_X_FORWARDED: 1
2025-08-20T17:45:27.0582091Z   PG_USER: postgres
2025-08-20T17:45:27.0582268Z   PG_PASSWORD: pass
2025-08-20T17:45:27.0582443Z   PG_DATABASE: awa
2025-08-20T17:45:27.0582611Z   PG_HOST: localhost
2025-08-20T17:45:27.0582789Z   PG_PORT: 5432
2025-08-20T17:45:27.0583221Z   PG_SYNC_DSN: ***localhost:5432/awa
2025-08-20T17:45:27.0583599Z   PG_ASYNC_DSN: ***localhost:5432/awa
2025-08-20T17:45:27.0583975Z   DATABASE_URL: ***localhost:5432/awa
2025-08-20T17:45:27.0584193Z   DATA_DIR: /tmp/awa-data
2025-08-20T17:45:27.0584383Z   ENABLE_LIVE: 0
2025-08-20T17:45:27.0584541Z   TESTING: 1
2025-08-20T17:45:27.0584700Z ##[endgroup]
2025-08-20T17:45:27.2222431Z ##[group]Installed versions
2025-08-20T17:45:27.2305360Z Successfully set up CPython (3.12.11)
2025-08-20T17:45:27.2306143Z ##[endgroup]
2025-08-20T17:45:27.2630973Z [command]/opt/hostedtoolcache/Python/3.12.11/x64/bin/pip cache dir
2025-08-20T17:45:28.7803244Z /home/runner/.cache/pip
2025-08-20T17:45:28.9099161Z Cache hit for: setup-python-Linux-x64-24.04-Ubuntu-python-3.12.11-pip-29fc3204f837bce43d81586a404709764a9accd1f738d0c33a52a32bf7a0c312
2025-08-20T17:45:29.9694853Z Received 167772160 of 337357499 (49.7%), 160.0 MBs/sec
2025-08-20T17:45:30.8029575Z Received 337357499 of 337357499 (100.0%), 175.5 MBs/sec
2025-08-20T17:45:30.8031922Z Cache Size: ~322 MB (337357499 B)
2025-08-20T17:45:30.8070581Z [command]/usr/bin/tar -xf /home/runner/work/_temp/5883c69f-9b7a-47ba-9988-b16c55305ab6/cache.tzst -P -C /home/runner/work/AWA-App/AWA-App --use-compress-program unzstd
2025-08-20T17:45:31.3669455Z Cache restored successfully
2025-08-20T17:45:31.4316702Z Cache restored from key: setup-python-Linux-x64-24.04-Ubuntu-python-3.12.11-pip-29fc3204f837bce43d81586a404709764a9accd1f738d0c33a52a32bf7a0c312
2025-08-20T17:45:31.4459636Z ##[group]Run pip install -r requirements-dev.txt
2025-08-20T17:45:31.4459995Z [36;1mpip install -r requirements-dev.txt[0m
2025-08-20T17:45:31.4460286Z [36;1mpip install keepa==1.3.15 minio==7.1.15[0m
2025-08-20T17:45:31.4506465Z shell: /usr/bin/bash -e {0}
2025-08-20T17:45:31.4506878Z env:
2025-08-20T17:45:31.4507084Z   REDIS_URL: redis://localhost:6379/0
2025-08-20T17:45:31.4507349Z   RATE_LIMIT_DEFAULT: 100/minute
2025-08-20T17:45:31.4507565Z   TRUST_X_FORWARDED: 1
2025-08-20T17:45:31.4507763Z   PG_USER: postgres
2025-08-20T17:45:31.4507950Z   PG_PASSWORD: pass
2025-08-20T17:45:31.4508121Z   PG_DATABASE: awa
2025-08-20T17:45:31.4508299Z   PG_HOST: localhost
2025-08-20T17:45:31.4508482Z   PG_PORT: 5432
2025-08-20T17:45:31.4508984Z   PG_SYNC_DSN: ***localhost:5432/awa
2025-08-20T17:45:31.4509449Z   PG_ASYNC_DSN: ***localhost:5432/awa
2025-08-20T17:45:31.4509826Z   DATABASE_URL: ***localhost:5432/awa
2025-08-20T17:45:31.4510055Z   DATA_DIR: /tmp/awa-data
2025-08-20T17:45:31.4510286Z   ENABLE_LIVE: 0
2025-08-20T17:45:31.4510455Z   TESTING: 1
2025-08-20T17:45:31.4510687Z   pythonLocation: /opt/hostedtoolcache/Python/3.12.11/x64
2025-08-20T17:45:31.4511088Z   PKG_CONFIG_PATH: /opt/hostedtoolcache/Python/3.12.11/x64/lib/pkgconfig
2025-08-20T17:45:31.4511469Z   Python_ROOT_DIR: /opt/hostedtoolcache/Python/3.12.11/x64
2025-08-20T17:45:31.4511984Z   Python2_ROOT_DIR: /opt/hostedtoolcache/Python/3.12.11/x64
2025-08-20T17:45:31.4512331Z   Python3_ROOT_DIR: /opt/hostedtoolcache/Python/3.12.11/x64
2025-08-20T17:45:31.4512698Z   LD_LIBRARY_PATH: /opt/hostedtoolcache/Python/3.12.11/x64/lib
2025-08-20T17:45:31.4512981Z ##[endgroup]
2025-08-20T17:45:32.5347849Z Collecting Jinja2==3.1.6 (from -r requirements-dev.txt (line 2))
2025-08-20T17:45:32.5360516Z   Using cached jinja2-3.1.6-py3-none-any.whl.metadata (2.9 kB)
2025-08-20T17:45:32.5574506Z Collecting alembic==1.13.1 (from -r requirements-dev.txt (line 3))
2025-08-20T17:45:32.5585694Z   Using cached alembic-1.13.1-py3-none-any.whl.metadata (7.4 kB)
2025-08-20T17:45:32.5741260Z Collecting apscheduler==3.10.4 (from -r requirements-dev.txt (line 4))
2025-08-20T17:45:32.5754665Z   Using cached APScheduler-3.10.4-py3-none-any.whl.metadata (5.7 kB)
2025-08-20T17:45:32.5996792Z Collecting asgi-correlation-id==4.3.1 (from -r requirements-dev.txt (line 5))
2025-08-20T17:45:32.6007836Z   Using cached asgi_correlation_id-4.3.1-py3-none-any.whl.metadata (28 kB)
2025-08-20T17:45:32.6409510Z Collecting asyncpg==0.30.0 (from -r requirements-dev.txt (line 6))
2025-08-20T17:45:32.6420996Z   Using cached asyncpg-0.30.0-cp312-cp312-manylinux_2_17_x86_64.manylinux2014_x86_64.whl.metadata (5.0 kB)
2025-08-20T17:45:32.6844789Z Collecting black==25.1.0 (from -r requirements-dev.txt (line 7))
2025-08-20T17:45:32.6856272Z   Using cached black-25.1.0-cp312-cp312-manylinux_2_17_x86_64.manylinux2014_x86_64.manylinux_2_28_x86_64.whl.metadata (81 kB)
2025-08-20T17:45:33.0315593Z Collecting boto3 (from -r requirements-dev.txt (line 8))
2025-08-20T17:45:33.0675333Z   Downloading boto3-1.40.13-py3-none-any.whl.metadata (6.7 kB)
2025-08-20T17:45:33.0981826Z Collecting redis==6.* (from -r requirements-dev.txt (line 9))
2025-08-20T17:45:33.0993622Z   Using cached redis-6.4.0-py3-none-any.whl.metadata (10 kB)
2025-08-20T17:45:33.1294017Z Collecting minio==7.* (from -r requirements-dev.txt (line 10))
2025-08-20T17:45:33.1305164Z   Using cached minio-7.2.16-py3-none-any.whl.metadata (6.5 kB)
2025-08-20T17:45:33.1605887Z Collecting celery==5.5.3 (from -r requirements-dev.txt (line 11))
2025-08-20T17:45:33.1616943Z   Using cached celery-5.5.3-py3-none-any.whl.metadata (22 kB)
2025-08-20T17:45:33.2176927Z Collecting fastapi==0.116.1 (from -r requirements-dev.txt (line 12))
2025-08-20T17:45:33.2188556Z   Using cached fastapi-0.116.1-py3-none-any.whl.metadata (28 kB)
2025-08-20T17:45:33.2342310Z Collecting fastapi-limiter==0.1.6 (from -r requirements-dev.txt (line 14))
2025-08-20T17:45:33.2353750Z   Using cached fastapi_limiter-0.1.6-py3-none-any.whl.metadata (5.3 kB)
2025-08-20T17:45:33.2529750Z Collecting httpx<0.29,>=0.27 (from -r requirements-dev.txt (line 15))
2025-08-20T17:45:33.2540642Z   Using cached httpx-0.28.1-py3-none-any.whl.metadata (7.1 kB)
2025-08-20T17:45:33.2680502Z Collecting imapclient==3.0.1 (from -r requirements-dev.txt (line 16))
2025-08-20T17:45:33.2691787Z   Using cached IMAPClient-3.0.1-py2.py3-none-any.whl.metadata (1.7 kB)
2025-08-20T17:45:33.2852557Z Collecting itsdangerous (from -r requirements-dev.txt (line 17))
2025-08-20T17:45:33.2863613Z   Using cached itsdangerous-2.2.0-py3-none-any.whl.metadata (1.9 kB)
2025-08-20T17:45:33.3848071Z Collecting mypy==1.* (from -r requirements-dev.txt (line 18))
2025-08-20T17:45:33.3861108Z   Using cached mypy-1.17.1-cp312-cp312-manylinux2014_x86_64.manylinux_2_17_x86_64.manylinux_2_28_x86_64.whl.metadata (2.2 kB)
2025-08-20T17:45:33.3959974Z Collecting mypy-extensions==1.1.0 (from -r requirements-dev.txt (line 19))
2025-08-20T17:45:33.3971485Z   Using cached mypy_extensions-1.1.0-py3-none-any.whl.metadata (1.1 kB)
2025-08-20T17:45:33.5803408Z Collecting numpy<2 (from -r requirements-dev.txt (line 20))
2025-08-20T17:45:33.5816648Z   Using cached numpy-1.26.4-cp312-cp312-manylinux_2_17_x86_64.manylinux2014_x86_64.whl.metadata (61 kB)
2025-08-20T17:45:33.6060873Z Collecting openpyxl==3.1.5 (from -r requirements-dev.txt (line 21))
2025-08-20T17:45:33.6072123Z   Using cached openpyxl-3.1.5-py2.py3-none-any.whl.metadata (2.5 kB)
2025-08-20T17:45:33.7102372Z Collecting pandas==2.2.* (from -r requirements-dev.txt (line 22))
2025-08-20T17:45:33.7119315Z   Using cached pandas-2.2.3-cp312-cp312-manylinux_2_17_x86_64.manylinux2014_x86_64.whl.metadata (89 kB)
2025-08-20T17:45:33.8058583Z Collecting psycopg2-binary==2.9.10 (from -r requirements-dev.txt (line 23))
2025-08-20T17:45:33.8077176Z   Using cached psycopg2_binary-2.9.10-cp312-cp312-manylinux_2_17_x86_64.manylinux2014_x86_64.whl.metadata (4.9 kB)
2025-08-20T17:45:33.8230209Z Collecting psycopg==3.2.9 (from psycopg[binary]==3.2.9->-r requirements-dev.txt (line 24))
2025-08-20T17:45:33.8242380Z   Using cached psycopg-3.2.9-py3-none-any.whl.metadata (4.5 kB)
2025-08-20T17:45:33.9322445Z Collecting pydantic==2.11.7 (from -r requirements-dev.txt (line 25))
2025-08-20T17:45:33.9335329Z   Using cached pydantic-2.11.7-py3-none-any.whl.metadata (67 kB)
2025-08-20T17:45:34.0534907Z Collecting setuptools (from -r requirements-dev.txt (line 26))
2025-08-20T17:45:34.0547766Z   Using cached setuptools-80.9.0-py3-none-any.whl.metadata (6.6 kB)
2025-08-20T17:45:34.0796923Z Collecting pytest-asyncio==0.23.6 (from -r requirements-dev.txt (line 27))
2025-08-20T17:45:34.0808679Z   Using cached pytest_asyncio-0.23.6-py3-none-any.whl.metadata (3.9 kB)
2025-08-20T17:45:34.0940594Z Collecting pytest-cov==6.2.1 (from -r requirements-dev.txt (line 28))
2025-08-20T17:45:34.0952256Z   Using cached pytest_cov-6.2.1-py3-none-any.whl.metadata (30 kB)
2025-08-20T17:45:34.1102547Z Collecting pytest-postgresql==7.0.2 (from -r requirements-dev.txt (line 29))
2025-08-20T17:45:34.1113876Z   Using cached pytest_postgresql-7.0.2-py3-none-any.whl.metadata (18 kB)
2025-08-20T17:45:34.1273722Z Collecting python-dotenv (from -r requirements-dev.txt (line 30))
2025-08-20T17:45:34.1284982Z   Using cached python_dotenv-1.1.1-py3-none-any.whl.metadata (24 kB)
2025-08-20T17:45:34.1399602Z Collecting python-multipart (from -r requirements-dev.txt (line 31))
2025-08-20T17:45:34.1410886Z   Using cached python_multipart-0.0.20-py3-none-any.whl.metadata (1.8 kB)
2025-08-20T17:45:34.1683490Z Collecting python-telegram-bot==22.3 (from -r requirements-dev.txt (line 32))
2025-08-20T17:45:34.1694513Z   Using cached python_telegram_bot-22.3-py3-none-any.whl.metadata (17 kB)
2025-08-20T17:45:34.1973184Z Collecting requests==2.32.4 (from -r requirements-dev.txt (line 33))
2025-08-20T17:45:34.1984680Z   Using cached requests-2.32.4-py3-none-any.whl.metadata (4.9 kB)
2025-08-20T17:45:34.2133494Z Collecting respx==0.22.0 (from -r requirements-dev.txt (line 34))
2025-08-20T17:45:34.2145046Z   Using cached respx-0.22.0-py2.py3-none-any.whl.metadata (4.1 kB)
2025-08-20T17:45:34.5831729Z Collecting ruff==0.4.4 (from -r requirements-dev.txt (line 35))
2025-08-20T17:45:34.5844887Z   Using cached ruff-0.4.4-py3-none-manylinux_2_17_x86_64.manylinux2014_x86_64.whl.metadata (23 kB)
2025-08-20T17:45:34.8370831Z Collecting sqlalchemy==2.0.43 (from -r requirements-dev.txt (line 36))
2025-08-20T17:45:34.8384885Z   Using cached sqlalchemy-2.0.43-cp312-cp312-manylinux_2_17_x86_64.manylinux2014_x86_64.whl.metadata (9.6 kB)
2025-08-20T17:45:34.8597422Z Collecting structlog==24.1.0 (from -r requirements-dev.txt (line 37))
2025-08-20T17:45:34.8611226Z   Using cached structlog-24.1.0-py3-none-any.whl.metadata (6.9 kB)
2025-08-20T17:45:34.8775283Z Collecting testcontainers==4.10.0 (from testcontainers[postgres]==4.10.0->-r requirements-dev.txt (line 38))
2025-08-20T17:45:34.8786421Z   Using cached testcontainers-4.10.0-py3-none-any.whl.metadata (7.8 kB)
2025-08-20T17:45:34.9134688Z Collecting types-requests==2.32.4.20250809 (from -r requirements-dev.txt (line 39))
2025-08-20T17:45:34.9145961Z   Using cached types_requests-2.32.4.20250809-py3-none-any.whl.metadata (2.0 kB)
2025-08-20T17:45:34.9270820Z Collecting docspec-python==2.2.2 (from -r requirements-dev.txt (line 40))
2025-08-20T17:45:34.9281955Z   Using cached docspec_python-2.2.2-py3-none-any.whl.metadata (1.0 kB)
2025-08-20T17:45:34.9430534Z Collecting pydoc-markdown==4.8.2 (from -r requirements-dev.txt (line 41))
2025-08-20T17:45:34.9441811Z   Using cached pydoc_markdown-4.8.2-py3-none-any.whl.metadata (5.9 kB)
2025-08-20T17:45:34.9704714Z Collecting pandera==0.19.* (from -r requirements-dev.txt (line 42))
2025-08-20T17:45:34.9715913Z   Using cached pandera-0.19.3-py3-none-any.whl.metadata (15 kB)
2025-08-20T17:45:35.0660035Z Collecting MarkupSafe>=2.0 (from Jinja2==3.1.6->-r requirements-dev.txt (line 2))
2025-08-20T17:45:35.0672272Z   Using cached MarkupSafe-3.0.2-cp312-cp312-manylinux_2_17_x86_64.manylinux2014_x86_64.whl.metadata (4.0 kB)
2025-08-20T17:45:35.0914369Z Collecting Mako (from alembic==1.13.1->-r requirements-dev.txt (line 3))
2025-08-20T17:45:35.0925441Z   Using cached mako-1.3.10-py3-none-any.whl.metadata (2.9 kB)
2025-08-20T17:45:35.1092731Z Collecting typing-extensions>=4 (from alembic==1.13.1->-r requirements-dev.txt (line 3))
2025-08-20T17:45:35.1103818Z   Using cached typing_extensions-4.14.1-py3-none-any.whl.metadata (3.0 kB)
2025-08-20T17:45:35.1235614Z Collecting six>=1.4.0 (from apscheduler==3.10.4->-r requirements-dev.txt (line 4))
2025-08-20T17:45:35.1246784Z   Using cached six-1.17.0-py2.py3-none-any.whl.metadata (1.7 kB)
2025-08-20T17:45:35.1570905Z Collecting pytz (from apscheduler==3.10.4->-r requirements-dev.txt (line 4))
2025-08-20T17:45:35.1582783Z   Using cached pytz-2025.2-py2.py3-none-any.whl.metadata (22 kB)
2025-08-20T17:45:35.1738055Z Collecting tzlocal!=3.*,>=2.0 (from apscheduler==3.10.4->-r requirements-dev.txt (line 4))
2025-08-20T17:45:35.1749051Z   Using cached tzlocal-5.3.1-py3-none-any.whl.metadata (7.6 kB)
2025-08-20T17:45:35.2037099Z Collecting starlette>=0.18 (from asgi-correlation-id==4.3.1->-r requirements-dev.txt (line 5))
2025-08-20T17:45:35.2048244Z   Using cached starlette-0.47.2-py3-none-any.whl.metadata (6.2 kB)
2025-08-20T17:45:35.2233770Z Collecting click>=8.0.0 (from black==25.1.0->-r requirements-dev.txt (line 7))
2025-08-20T17:45:35.2244715Z   Using cached click-8.2.1-py3-none-any.whl.metadata (2.5 kB)
2025-08-20T17:45:35.2389520Z Collecting packaging>=22.0 (from black==25.1.0->-r requirements-dev.txt (line 7))
2025-08-20T17:45:35.2400638Z   Using cached packaging-25.0-py3-none-any.whl.metadata (3.3 kB)
2025-08-20T17:45:35.2502892Z Collecting pathspec>=0.9.0 (from black==25.1.0->-r requirements-dev.txt (line 7))
2025-08-20T17:45:35.2514028Z   Using cached pathspec-0.12.1-py3-none-any.whl.metadata (21 kB)
2025-08-20T17:45:35.2688265Z Collecting platformdirs>=2 (from black==25.1.0->-r requirements-dev.txt (line 7))
2025-08-20T17:45:35.2699443Z   Using cached platformdirs-4.3.8-py3-none-any.whl.metadata (12 kB)
2025-08-20T17:45:35.2893955Z Collecting billiard<5.0,>=4.2.1 (from celery==5.5.3->-r requirements-dev.txt (line 11))
2025-08-20T17:45:35.2904973Z   Using cached billiard-4.2.1-py3-none-any.whl.metadata (4.4 kB)
2025-08-20T17:45:35.3162601Z Collecting kombu<5.6,>=5.5.2 (from celery==5.5.3->-r requirements-dev.txt (line 11))
2025-08-20T17:45:35.3173616Z   Using cached kombu-5.5.4-py3-none-any.whl.metadata (3.5 kB)
2025-08-20T17:45:35.3315743Z Collecting vine<6.0,>=5.1.0 (from celery==5.5.3->-r requirements-dev.txt (line 11))
2025-08-20T17:45:35.3326677Z   Using cached vine-5.1.0-py3-none-any.whl.metadata (2.7 kB)
2025-08-20T17:45:35.3465715Z Collecting click-didyoumean>=0.3.0 (from celery==5.5.3->-r requirements-dev.txt (line 11))
2025-08-20T17:45:35.3477085Z   Using cached click_didyoumean-0.3.1-py3-none-any.whl.metadata (3.9 kB)
2025-08-20T17:45:35.3562831Z Collecting click-repl>=0.2.0 (from celery==5.5.3->-r requirements-dev.txt (line 11))
2025-08-20T17:45:35.3573672Z   Using cached click_repl-0.3.0-py3-none-any.whl.metadata (3.6 kB)
2025-08-20T17:45:35.3662691Z Collecting click-plugins>=1.1.1 (from celery==5.5.3->-r requirements-dev.txt (line 11))
2025-08-20T17:45:35.3673662Z   Using cached click_plugins-1.1.1.2-py2.py3-none-any.whl.metadata (6.5 kB)
2025-08-20T17:45:35.3790982Z Collecting python-dateutil>=2.8.2 (from celery==5.5.3->-r requirements-dev.txt (line 11))
2025-08-20T17:45:35.3802740Z   Using cached python_dateutil-2.9.0.post0-py2.py3-none-any.whl.metadata (8.4 kB)
2025-08-20T17:45:35.4252193Z Collecting annotated-types>=0.6.0 (from pydantic==2.11.7->-r requirements-dev.txt (line 25))
2025-08-20T17:45:35.4263567Z   Using cached annotated_types-0.7.0-py3-none-any.whl.metadata (15 kB)
2025-08-20T17:45:36.0854117Z Collecting pydantic-core==2.33.2 (from pydantic==2.11.7->-r requirements-dev.txt (line 25))
2025-08-20T17:45:36.0868134Z   Using cached pydantic_core-2.33.2-cp312-cp312-manylinux_2_17_x86_64.manylinux2014_x86_64.whl.metadata (6.8 kB)
2025-08-20T17:45:36.1001903Z Collecting typing-inspection>=0.4.0 (from pydantic==2.11.7->-r requirements-dev.txt (line 25))
2025-08-20T17:45:36.1014234Z   Using cached typing_inspection-0.4.1-py3-none-any.whl.metadata (2.6 kB)
2025-08-20T17:45:36.1257474Z Collecting et-xmlfile (from openpyxl==3.1.5->-r requirements-dev.txt (line 21))
2025-08-20T17:45:36.1269259Z   Using cached et_xmlfile-2.0.0-py3-none-any.whl.metadata (2.7 kB)
2025-08-20T17:45:36.1703492Z Collecting pytest<9,>=7.0.0 (from pytest-asyncio==0.23.6->-r requirements-dev.txt (line 27))
2025-08-20T17:45:36.1715331Z   Using cached pytest-8.4.1-py3-none-any.whl.metadata (7.7 kB)
2025-08-20T17:45:36.4770435Z Collecting coverage>=7.5 (from coverage[toml]>=7.5->pytest-cov==6.2.1->-r requirements-dev.txt (line 28))
2025-08-20T17:45:36.4784889Z   Using cached coverage-7.10.4-cp312-cp312-manylinux1_x86_64.manylinux_2_28_x86_64.manylinux_2_5_x86_64.whl.metadata (8.9 kB)
2025-08-20T17:45:36.4910455Z Collecting pluggy>=1.2 (from pytest-cov==6.2.1->-r requirements-dev.txt (line 28))
2025-08-20T17:45:36.4922229Z   Using cached pluggy-1.6.0-py3-none-any.whl.metadata (4.8 kB)
2025-08-20T17:45:36.5164424Z Collecting port-for>=0.7.3 (from pytest-postgresql==7.0.2->-r requirements-dev.txt (line 29))
2025-08-20T17:45:36.5175858Z   Using cached port_for-0.7.4-py3-none-any.whl.metadata (7.1 kB)
2025-08-20T17:45:36.5312389Z Collecting mirakuru>=2.6.0 (from pytest-postgresql==7.0.2->-r requirements-dev.txt (line 29))
2025-08-20T17:45:36.5324073Z   Using cached mirakuru-2.6.1-py3-none-any.whl.metadata (10 kB)
2025-08-20T17:45:36.6163867Z Collecting charset_normalizer<4,>=2 (from requests==2.32.4->-r requirements-dev.txt (line 33))
2025-08-20T17:45:36.6177382Z   Using cached charset_normalizer-3.4.3-cp312-cp312-manylinux2014_x86_64.manylinux_2_17_x86_64.manylinux_2_28_x86_64.whl.metadata (36 kB)
2025-08-20T17:45:36.6326728Z Collecting idna<4,>=2.5 (from requests==2.32.4->-r requirements-dev.txt (line 33))
2025-08-20T17:45:36.6338704Z   Using cached idna-3.10-py3-none-any.whl.metadata (10 kB)
2025-08-20T17:45:36.6602935Z Collecting urllib3<3,>=1.21.1 (from requests==2.32.4->-r requirements-dev.txt (line 33))
2025-08-20T17:45:36.6615639Z   Using cached urllib3-2.5.0-py3-none-any.whl.metadata (6.5 kB)
2025-08-20T17:45:36.6804526Z Collecting certifi>=2017.4.17 (from requests==2.32.4->-r requirements-dev.txt (line 33))
2025-08-20T17:45:36.6816314Z   Using cached certifi-2025.8.3-py3-none-any.whl.metadata (2.4 kB)
2025-08-20T17:45:36.8809783Z Collecting greenlet>=1 (from sqlalchemy==2.0.43->-r requirements-dev.txt (line 36))
2025-08-20T17:45:36.8824035Z   Using cached greenlet-3.2.4-cp312-cp312-manylinux_2_24_x86_64.manylinux_2_28_x86_64.whl.metadata (4.1 kB)
2025-08-20T17:45:36.9046261Z Collecting docker (from testcontainers==4.10.0->testcontainers[postgres]==4.10.0->-r requirements-dev.txt (line 38))
2025-08-20T17:45:36.9058294Z   Using cached docker-7.1.0-py3-none-any.whl.metadata (3.8 kB)
2025-08-20T17:45:37.0011817Z Collecting wrapt (from testcontainers==4.10.0->testcontainers[postgres]==4.10.0->-r requirements-dev.txt (line 38))
2025-08-20T17:45:37.0025637Z   Using cached wrapt-1.17.3-cp312-cp312-manylinux1_x86_64.manylinux_2_28_x86_64.manylinux_2_5_x86_64.whl.metadata (6.4 kB)
2025-08-20T17:45:37.0287081Z Collecting docspec==2.2.1 (from docspec-python==2.2.2->-r requirements-dev.txt (line 40))
2025-08-20T17:45:37.0299107Z   Using cached docspec-2.2.1-py3-none-any.whl.metadata (1.5 kB)
2025-08-20T17:45:37.0446341Z Collecting nr-util>=0.8.12 (from docspec-python==2.2.2->-r requirements-dev.txt (line 40))
2025-08-20T17:45:37.0458351Z   Using cached nr.util-0.8.12-py3-none-any.whl.metadata (813 bytes)
2025-08-20T17:45:37.0787907Z Collecting PyYAML<7.0,>=5.0 (from pydoc-markdown==4.8.2->-r requirements-dev.txt (line 41))
2025-08-20T17:45:37.0800831Z   Using cached PyYAML-6.0.2-cp312-cp312-manylinux_2_17_x86_64.manylinux2014_x86_64.whl.metadata (2.1 kB)
2025-08-20T17:45:37.1082111Z Collecting databind.core<5.0.0,>=4.4.0 (from pydoc-markdown==4.8.2->-r requirements-dev.txt (line 41))
2025-08-20T17:45:37.1094251Z   Using cached databind.core-4.5.2-py3-none-any.whl.metadata (1.1 kB)
2025-08-20T17:45:37.1305025Z Collecting databind.json<5.0.0,>=4.4.0 (from pydoc-markdown==4.8.2->-r requirements-dev.txt (line 41))
2025-08-20T17:45:37.1316591Z   Using cached databind.json-4.5.2-py3-none-any.whl.metadata (1.1 kB)
2025-08-20T17:45:37.1451360Z Collecting docstring-parser<0.12,>=0.11 (from pydoc-markdown==4.8.2->-r requirements-dev.txt (line 41))
2025-08-20T17:45:37.1453111Z   Using cached docstring_parser-0.11-py3-none-any.whl
2025-08-20T17:45:37.1760845Z Collecting tomli<3.0.0,>=2.0.0 (from pydoc-markdown==4.8.2->-r requirements-dev.txt (line 41))
2025-08-20T17:45:37.1773024Z   Using cached tomli-2.2.1-cp312-cp312-manylinux_2_17_x86_64.manylinux2014_x86_64.whl.metadata (11 kB)
2025-08-20T17:45:37.1871333Z Collecting tomli_w<2.0.0,>=1.0.0 (from pydoc-markdown==4.8.2->-r requirements-dev.txt (line 41))
2025-08-20T17:45:37.1883389Z   Using cached tomli_w-1.2.0-py3-none-any.whl.metadata (5.7 kB)
2025-08-20T17:45:37.2321372Z Collecting watchdog (from pydoc-markdown==4.8.2->-r requirements-dev.txt (line 41))
2025-08-20T17:45:37.2333643Z   Using cached watchdog-6.0.0-py3-none-manylinux2014_x86_64.whl.metadata (44 kB)
2025-08-20T17:45:37.2545577Z Collecting yapf>=0.30.0 (from pydoc-markdown==4.8.2->-r requirements-dev.txt (line 41))
2025-08-20T17:45:37.2556945Z   Using cached yapf-0.43.0-py3-none-any.whl.metadata (46 kB)
2025-08-20T17:45:37.2740584Z Collecting Deprecated<2.0.0,>=1.2.12 (from docspec==2.2.1->docspec-python==2.2.2->-r requirements-dev.txt (line 40))
2025-08-20T17:45:37.2752307Z   Using cached Deprecated-1.2.18-py2.py3-none-any.whl.metadata (5.7 kB)
2025-08-20T17:45:37.4262063Z Collecting psycopg-binary==3.2.9 (from psycopg[binary]==3.2.9->-r requirements-dev.txt (line 24))
2025-08-20T17:45:37.4276117Z   Using cached psycopg_binary-3.2.9-cp312-cp312-manylinux_2_17_x86_64.manylinux2014_x86_64.whl.metadata (2.9 kB)
2025-08-20T17:45:37.4596686Z Collecting argon2-cffi (from minio==7.*->-r requirements-dev.txt (line 10))
2025-08-20T17:45:37.4609314Z   Using cached argon2_cffi-25.1.0-py3-none-any.whl.metadata (4.1 kB)
2025-08-20T17:45:37.5393973Z Collecting pycryptodome (from minio==7.*->-r requirements-dev.txt (line 10))
2025-08-20T17:45:37.5408664Z   Using cached pycryptodome-3.23.0-cp37-abi3-manylinux_2_17_x86_64.manylinux2014_x86_64.whl.metadata (3.4 kB)
2025-08-20T17:45:37.5612008Z Collecting anyio (from httpx<0.29,>=0.27->-r requirements-dev.txt (line 15))
2025-08-20T17:45:37.5625549Z   Using cached anyio-4.10.0-py3-none-any.whl.metadata (4.0 kB)
2025-08-20T17:45:37.5820281Z Collecting httpcore==1.* (from httpx<0.29,>=0.27->-r requirements-dev.txt (line 15))
2025-08-20T17:45:37.5833210Z   Using cached httpcore-1.0.9-py3-none-any.whl.metadata (21 kB)
2025-08-20T17:45:37.6164415Z Collecting tzdata>=2022.7 (from pandas==2.2.*->-r requirements-dev.txt (line 22))
2025-08-20T17:45:37.6176805Z   Using cached tzdata-2025.2-py2.py3-none-any.whl.metadata (1.4 kB)
2025-08-20T17:45:37.6319867Z Collecting multimethod<=1.10.0 (from pandera==0.19.*->-r requirements-dev.txt (line 42))
2025-08-20T17:45:37.6331903Z   Using cached multimethod-1.10-py3-none-any.whl.metadata (8.2 kB)
2025-08-20T17:45:37.6685087Z Collecting typeguard (from pandera==0.19.*->-r requirements-dev.txt (line 42))
2025-08-20T17:45:37.6696514Z   Using cached typeguard-4.4.4-py3-none-any.whl.metadata (3.3 kB)
2025-08-20T17:45:37.6791082Z Collecting typing-inspect>=0.6.0 (from pandera==0.19.*->-r requirements-dev.txt (line 42))
2025-08-20T17:45:37.6802431Z   Using cached typing_inspect-0.9.0-py3-none-any.whl.metadata (1.5 kB)
2025-08-20T17:45:37.7072145Z Collecting databind<5.0.0,>=4.5.2 (from databind.core<5.0.0,>=4.4.0->pydoc-markdown==4.8.2->-r requirements-dev.txt (line 41))
2025-08-20T17:45:37.7083552Z   Using cached databind-4.5.2-py3-none-any.whl.metadata (4.3 kB)
2025-08-20T17:45:37.7191830Z Collecting nr-date<3.0.0,>=2.0.0 (from databind<5.0.0,>=4.5.2->databind.core<5.0.0,>=4.4.0->pydoc-markdown==4.8.2->-r requirements-dev.txt (line 41))
2025-08-20T17:45:37.7203336Z   Using cached nr_date-2.1.0-py3-none-any.whl.metadata (746 bytes)
2025-08-20T17:45:37.7317983Z Collecting nr-stream<2.0.0,>=1.0.0 (from databind<5.0.0,>=4.5.2->databind.core<5.0.0,>=4.4.0->pydoc-markdown==4.8.2->-r requirements-dev.txt (line 41))
2025-08-20T17:45:37.7329380Z   Using cached nr_stream-1.1.5-py3-none-any.whl.metadata (3.6 kB)
2025-08-20T17:45:37.7495077Z Collecting typeapi<3,>=2.0.1 (from databind<5.0.0,>=4.5.2->databind.core<5.0.0,>=4.4.0->pydoc-markdown==4.8.2->-r requirements-dev.txt (line 41))
2025-08-20T17:45:37.7506701Z   Using cached typeapi-2.2.4-py3-none-any.whl.metadata (1.5 kB)
2025-08-20T17:45:37.7763898Z Collecting h11>=0.16 (from httpcore==1.*->httpx<0.29,>=0.27->-r requirements-dev.txt (line 15))
2025-08-20T17:45:37.7775408Z   Using cached h11-0.16.0-py3-none-any.whl.metadata (8.3 kB)
2025-08-20T17:45:37.7972874Z Collecting amqp<6.0.0,>=5.1.1 (from kombu<5.6,>=5.5.2->celery==5.5.3->-r requirements-dev.txt (line 11))
2025-08-20T17:45:37.7984382Z   Using cached amqp-5.3.1-py3-none-any.whl.metadata (8.9 kB)
2025-08-20T17:45:37.8348486Z Collecting iniconfig>=1 (from pytest<9,>=7.0.0->pytest-asyncio==0.23.6->-r requirements-dev.txt (line 27))
2025-08-20T17:45:37.8359909Z   Using cached iniconfig-2.1.0-py3-none-any.whl.metadata (2.7 kB)
2025-08-20T17:45:37.8573435Z Collecting pygments>=2.7.2 (from pytest<9,>=7.0.0->pytest-asyncio==0.23.6->-r requirements-dev.txt (line 27))
2025-08-20T17:45:37.8585145Z   Using cached pygments-2.19.2-py3-none-any.whl.metadata (2.5 kB)
2025-08-20T17:45:37.8893659Z Collecting sniffio>=1.1 (from anyio->httpx<0.29,>=0.27->-r requirements-dev.txt (line 15))
2025-08-20T17:45:37.8905340Z   Using cached sniffio-1.3.1-py3-none-any.whl.metadata (3.9 kB)
2025-08-20T17:45:38.3228432Z Collecting botocore<1.41.0,>=1.40.13 (from boto3->-r requirements-dev.txt (line 8))
2025-08-20T17:45:38.3272789Z   Downloading botocore-1.40.13-py3-none-any.whl.metadata (5.7 kB)
2025-08-20T17:45:38.3413832Z Collecting jmespath<2.0.0,>=0.7.1 (from boto3->-r requirements-dev.txt (line 8))
2025-08-20T17:45:38.3425815Z   Using cached jmespath-1.0.1-py3-none-any.whl.metadata (7.6 kB)
2025-08-20T17:45:38.3593290Z Collecting s3transfer<0.14.0,>=0.13.0 (from boto3->-r requirements-dev.txt (line 8))
2025-08-20T17:45:38.3604863Z   Using cached s3transfer-0.13.1-py3-none-any.whl.metadata (1.7 kB)
2025-08-20T17:45:38.5097636Z Collecting fastapi-cli>=0.0.8 (from fastapi-cli[standard]>=0.0.8; extra == "all"->fastapi[all]->-r requirements-dev.txt (line 13))
2025-08-20T17:45:38.5109635Z   Using cached fastapi_cli-0.0.8-py3-none-any.whl.metadata (6.3 kB)
2025-08-20T17:45:38.5841093Z Collecting ujson!=4.0.2,!=4.1.0,!=4.2.0,!=4.3.0,!=5.0.0,!=5.1.0,>=4.0.1 (from fastapi[all]->-r requirements-dev.txt (line 13))
2025-08-20T17:45:38.5882440Z   Downloading ujson-5.11.0-cp312-cp312-manylinux_2_24_x86_64.manylinux_2_28_x86_64.whl.metadata (9.4 kB)
2025-08-20T17:45:38.8179492Z Collecting orjson>=3.2.1 (from fastapi[all]->-r requirements-dev.txt (line 13))
2025-08-20T17:45:38.8193368Z   Using cached orjson-3.11.2-cp312-cp312-manylinux_2_17_x86_64.manylinux2014_x86_64.whl.metadata (1.2 kB)
2025-08-20T17:45:38.8317691Z Collecting email-validator>=2.0.0 (from fastapi[all]->-r requirements-dev.txt (line 13))
2025-08-20T17:45:38.8330164Z   Using cached email_validator-2.2.0-py3-none-any.whl.metadata (25 kB)
2025-08-20T17:45:38.8610004Z Collecting uvicorn>=0.12.0 (from uvicorn[standard]>=0.12.0; extra == "all"->fastapi[all]->-r requirements-dev.txt (line 13))
2025-08-20T17:45:38.8622276Z   Using cached uvicorn-0.35.0-py3-none-any.whl.metadata (6.5 kB)
2025-08-20T17:45:38.8787783Z Collecting pydantic-settings>=2.0.0 (from fastapi[all]->-r requirements-dev.txt (line 13))
2025-08-20T17:45:38.8799544Z   Using cached pydantic_settings-2.10.1-py3-none-any.whl.metadata (3.4 kB)
2025-08-20T17:45:38.8926399Z Collecting pydantic-extra-types>=2.0.0 (from fastapi[all]->-r requirements-dev.txt (line 13))
2025-08-20T17:45:38.8937959Z   Using cached pydantic_extra_types-2.10.5-py3-none-any.whl.metadata (3.9 kB)
2025-08-20T17:45:38.9607366Z Collecting prompt-toolkit>=3.0.36 (from click-repl>=0.2.0->celery==5.5.3->-r requirements-dev.txt (line 11))
2025-08-20T17:45:38.9619104Z   Using cached prompt_toolkit-3.0.51-py3-none-any.whl.metadata (6.4 kB)
2025-08-20T17:45:38.9800952Z Collecting dnspython>=2.0.0 (from email-validator>=2.0.0->fastapi[all]->-r requirements-dev.txt (line 13))
2025-08-20T17:45:38.9812673Z   Using cached dnspython-2.7.0-py3-none-any.whl.metadata (5.8 kB)
2025-08-20T17:45:39.0089962Z Collecting typer>=0.15.1 (from fastapi-cli>=0.0.8->fastapi-cli[standard]>=0.0.8; extra == "all"->fastapi[all]->-r requirements-dev.txt (line 13))
2025-08-20T17:45:39.0101864Z   Using cached typer-0.16.1-py3-none-any.whl.metadata (15 kB)
2025-08-20T17:45:39.0356523Z Collecting rich-toolkit>=0.14.8 (from fastapi-cli>=0.0.8->fastapi-cli[standard]>=0.0.8; extra == "all"->fastapi[all]->-r requirements-dev.txt (line 13))
2025-08-20T17:45:39.0367587Z   Using cached rich_toolkit-0.15.0-py3-none-any.whl.metadata (1.0 kB)
2025-08-20T17:45:39.0478008Z Collecting fastapi-cloud-cli>=0.1.1 (from fastapi-cli[standard]>=0.0.8; extra == "all"->fastapi[all]->-r requirements-dev.txt (line 13))
2025-08-20T17:45:39.0489038Z   Using cached fastapi_cloud_cli-0.1.5-py3-none-any.whl.metadata (3.2 kB)
2025-08-20T17:45:39.1200494Z Collecting rignore>=0.5.1 (from fastapi-cloud-cli>=0.1.1->fastapi-cli[standard]>=0.0.8; extra == "all"->fastapi[all]->-r requirements-dev.txt (line 13))
2025-08-20T17:45:39.1213934Z   Using cached rignore-0.6.4-cp312-cp312-manylinux_2_17_x86_64.manylinux2014_x86_64.whl.metadata (3.8 kB)
2025-08-20T17:45:39.2008024Z Collecting sentry-sdk>=2.20.0 (from fastapi-cloud-cli>=0.1.1->fastapi-cli[standard]>=0.0.8; extra == "all"->fastapi[all]->-r requirements-dev.txt (line 13))
2025-08-20T17:45:39.2019795Z   Using cached sentry_sdk-2.35.0-py2.py3-none-any.whl.metadata (10 kB)
2025-08-20T17:45:39.2930273Z Collecting psutil>=4.0.0 (from mirakuru>=2.6.0->pytest-postgresql==7.0.2->-r requirements-dev.txt (line 29))
2025-08-20T17:45:39.2943003Z   Using cached psutil-7.0.0-cp36-abi3-manylinux_2_12_x86_64.manylinux2010_x86_64.manylinux_2_17_x86_64.manylinux2014_x86_64.whl.metadata (22 kB)
2025-08-20T17:45:39.3254835Z Collecting wcwidth (from prompt-toolkit>=3.0.36->click-repl>=0.2.0->celery==5.5.3->-r requirements-dev.txt (line 11))
2025-08-20T17:45:39.3266062Z   Using cached wcwidth-0.2.13-py2.py3-none-any.whl.metadata (14 kB)
2025-08-20T17:45:39.4349229Z Collecting rich>=13.7.1 (from rich-toolkit>=0.14.8->fastapi-cli>=0.0.8->fastapi-cli[standard]>=0.0.8; extra == "all"->fastapi[all]->-r requirements-dev.txt (line 13))
2025-08-20T17:45:39.4361979Z   Using cached rich-14.1.0-py3-none-any.whl.metadata (18 kB)
2025-08-20T17:45:39.4564695Z Collecting markdown-it-py>=2.2.0 (from rich>=13.7.1->rich-toolkit>=0.14.8->fastapi-cli>=0.0.8->fastapi-cli[standard]>=0.0.8; extra == "all"->fastapi[all]->-r requirements-dev.txt (line 13))
2025-08-20T17:45:39.4576747Z   Using cached markdown_it_py-4.0.0-py3-none-any.whl.metadata (7.3 kB)
2025-08-20T17:45:39.4808892Z Collecting mdurl~=0.1 (from markdown-it-py>=2.2.0->rich>=13.7.1->rich-toolkit>=0.14.8->fastapi-cli>=0.0.8->fastapi-cli[standard]>=0.0.8; extra == "all"->fastapi[all]->-r requirements-dev.txt (line 13))
2025-08-20T17:45:39.4821259Z   Using cached mdurl-0.1.2-py3-none-any.whl.metadata (1.6 kB)
2025-08-20T17:45:39.5332601Z Collecting shellingham>=1.3.0 (from typer>=0.15.1->fastapi-cli>=0.0.8->fastapi-cli[standard]>=0.0.8; extra == "all"->fastapi[all]->-r requirements-dev.txt (line 13))
2025-08-20T17:45:39.5344083Z   Using cached shellingham-1.5.4-py2.py3-none-any.whl.metadata (3.5 kB)
2025-08-20T17:45:39.6087768Z Collecting httptools>=0.6.3 (from uvicorn[standard]>=0.12.0; extra == "all"->fastapi[all]->-r requirements-dev.txt (line 13))
2025-08-20T17:45:39.6099894Z   Using cached httptools-0.6.4-cp312-cp312-manylinux_2_5_x86_64.manylinux1_x86_64.manylinux_2_17_x86_64.manylinux2014_x86_64.whl.metadata (3.6 kB)
2025-08-20T17:45:39.6538730Z Collecting uvloop>=0.15.1 (from uvicorn[standard]>=0.12.0; extra == "all"->fastapi[all]->-r requirements-dev.txt (line 13))
2025-08-20T17:45:39.6550607Z   Using cached uvloop-0.21.0-cp312-cp312-manylinux_2_17_x86_64.manylinux2014_x86_64.whl.metadata (4.9 kB)
2025-08-20T17:45:39.7273354Z Collecting watchfiles>=0.13 (from uvicorn[standard]>=0.12.0; extra == "all"->fastapi[all]->-r requirements-dev.txt (line 13))
2025-08-20T17:45:39.7285961Z   Using cached watchfiles-1.1.0-cp312-cp312-manylinux_2_17_x86_64.manylinux2014_x86_64.whl.metadata (4.9 kB)
2025-08-20T17:45:39.9265885Z Collecting websockets>=10.4 (from uvicorn[standard]>=0.12.0; extra == "all"->fastapi[all]->-r requirements-dev.txt (line 13))
2025-08-20T17:45:39.9279171Z   Using cached websockets-15.0.1-cp312-cp312-manylinux_2_5_x86_64.manylinux1_x86_64.manylinux_2_17_x86_64.manylinux2014_x86_64.whl.metadata (6.8 kB)
2025-08-20T17:45:39.9715886Z Collecting argon2-cffi-bindings (from argon2-cffi->minio==7.*->-r requirements-dev.txt (line 10))
2025-08-20T17:45:39.9727806Z   Using cached argon2_cffi_bindings-25.1.0-cp39-abi3-manylinux_2_26_x86_64.manylinux_2_28_x86_64.whl.metadata (7.4 kB)
2025-08-20T17:45:40.0725101Z Collecting cffi>=1.0.1 (from argon2-cffi-bindings->argon2-cffi->minio==7.*->-r requirements-dev.txt (line 10))
2025-08-20T17:45:40.0738258Z   Using cached cffi-1.17.1-cp312-cp312-manylinux_2_17_x86_64.manylinux2014_x86_64.whl.metadata (1.5 kB)
2025-08-20T17:45:40.0867925Z Collecting pycparser (from cffi>=1.0.1->argon2-cffi-bindings->argon2-cffi->minio==7.*->-r requirements-dev.txt (line 10))
2025-08-20T17:45:40.0880011Z   Using cached pycparser-2.22-py3-none-any.whl.metadata (943 bytes)
2025-08-20T17:45:40.1504350Z Using cached jinja2-3.1.6-py3-none-any.whl (134 kB)
2025-08-20T17:45:40.1516935Z Using cached alembic-1.13.1-py3-none-any.whl (233 kB)
2025-08-20T17:45:40.1530192Z Using cached APScheduler-3.10.4-py3-none-any.whl (59 kB)
2025-08-20T17:45:40.1542003Z Using cached asgi_correlation_id-4.3.1-py3-none-any.whl (15 kB)
2025-08-20T17:45:40.1553480Z Using cached asyncpg-0.30.0-cp312-cp312-manylinux_2_17_x86_64.manylinux2014_x86_64.whl (3.6 MB)
2025-08-20T17:45:40.1592031Z Using cached black-25.1.0-cp312-cp312-manylinux_2_17_x86_64.manylinux2014_x86_64.manylinux_2_28_x86_64.whl (1.8 MB)
2025-08-20T17:45:40.1614780Z Using cached celery-5.5.3-py3-none-any.whl (438 kB)
2025-08-20T17:45:40.1628483Z Using cached fastapi-0.116.1-py3-none-any.whl (95 kB)
2025-08-20T17:45:40.1639918Z Using cached pydantic-2.11.7-py3-none-any.whl (444 kB)
2025-08-20T17:45:40.1653875Z Using cached fastapi_limiter-0.1.6-py3-none-any.whl (15 kB)
2025-08-20T17:45:40.1664629Z Using cached IMAPClient-3.0.1-py2.py3-none-any.whl (182 kB)
2025-08-20T17:45:40.1676768Z Using cached mypy_extensions-1.1.0-py3-none-any.whl (5.0 kB)
2025-08-20T17:45:40.1687620Z Using cached openpyxl-3.1.5-py2.py3-none-any.whl (250 kB)
2025-08-20T17:45:40.1700341Z Using cached psycopg2_binary-2.9.10-cp312-cp312-manylinux_2_17_x86_64.manylinux2014_x86_64.whl (3.0 MB)
2025-08-20T17:45:40.1733110Z Using cached psycopg-3.2.9-py3-none-any.whl (202 kB)
2025-08-20T17:45:40.1745042Z Using cached pytest_asyncio-0.23.6-py3-none-any.whl (17 kB)
2025-08-20T17:45:40.1755943Z Using cached pytest_cov-6.2.1-py3-none-any.whl (24 kB)
2025-08-20T17:45:40.1766846Z Using cached pytest_postgresql-7.0.2-py3-none-any.whl (41 kB)
2025-08-20T17:45:40.1777717Z Using cached python_telegram_bot-22.3-py3-none-any.whl (717 kB)
2025-08-20T17:45:40.1793523Z Using cached requests-2.32.4-py3-none-any.whl (64 kB)
2025-08-20T17:45:40.1804593Z Using cached respx-0.22.0-py2.py3-none-any.whl (25 kB)
2025-08-20T17:45:40.1815784Z Using cached ruff-0.4.4-py3-none-manylinux_2_17_x86_64.manylinux2014_x86_64.whl (8.7 MB)
2025-08-20T17:45:40.1887949Z Using cached sqlalchemy-2.0.43-cp312-cp312-manylinux_2_17_x86_64.manylinux2014_x86_64.whl (3.3 MB)
2025-08-20T17:45:40.1921390Z Using cached structlog-24.1.0-py3-none-any.whl (65 kB)
2025-08-20T17:45:40.1932738Z Using cached testcontainers-4.10.0-py3-none-any.whl (107 kB)
2025-08-20T17:45:40.1944347Z Using cached types_requests-2.32.4.20250809-py3-none-any.whl (20 kB)
2025-08-20T17:45:40.1955241Z Using cached docspec_python-2.2.2-py3-none-any.whl (15 kB)
2025-08-20T17:45:40.1966016Z Using cached pydoc_markdown-4.8.2-py3-none-any.whl (67 kB)
2025-08-20T17:45:40.1976932Z Using cached docspec-2.2.1-py3-none-any.whl (9.8 kB)
2025-08-20T17:45:40.1988431Z Using cached psycopg_binary-3.2.9-cp312-cp312-manylinux_2_17_x86_64.manylinux2014_x86_64.whl (4.4 MB)
2025-08-20T17:45:40.2030872Z Using cached pydantic_core-2.33.2-cp312-cp312-manylinux_2_17_x86_64.manylinux2014_x86_64.whl (2.0 MB)
2025-08-20T17:45:40.2056843Z Using cached redis-6.4.0-py3-none-any.whl (279 kB)
2025-08-20T17:45:40.2070016Z Using cached minio-7.2.16-py3-none-any.whl (95 kB)
2025-08-20T17:45:40.2081878Z Using cached httpx-0.28.1-py3-none-any.whl (73 kB)
2025-08-20T17:45:40.2094063Z Using cached mypy-1.17.1-cp312-cp312-manylinux2014_x86_64.manylinux_2_17_x86_64.manylinux_2_28_x86_64.whl (12.7 MB)
2025-08-20T17:45:40.2194248Z Using cached numpy-1.26.4-cp312-cp312-manylinux_2_17_x86_64.manylinux2014_x86_64.whl (18.0 MB)
2025-08-20T17:45:40.2330436Z Using cached pandas-2.2.3-cp312-cp312-manylinux_2_17_x86_64.manylinux2014_x86_64.whl (12.7 MB)
2025-08-20T17:45:40.2430577Z Using cached pandera-0.19.3-py3-none-any.whl (251 kB)
2025-08-20T17:45:40.2443649Z Using cached billiard-4.2.1-py3-none-any.whl (86 kB)
2025-08-20T17:45:40.2456376Z Using cached charset_normalizer-3.4.3-cp312-cp312-manylinux2014_x86_64.manylinux_2_17_x86_64.manylinux_2_28_x86_64.whl (151 kB)
2025-08-20T17:45:40.2468113Z Using cached click-8.2.1-py3-none-any.whl (102 kB)
2025-08-20T17:45:40.2479936Z Using cached databind.core-4.5.2-py3-none-any.whl (1.5 kB)
2025-08-20T17:45:40.2490863Z Using cached databind-4.5.2-py3-none-any.whl (49 kB)
2025-08-20T17:45:40.2502206Z Using cached databind.json-4.5.2-py3-none-any.whl (1.5 kB)
2025-08-20T17:45:40.2513558Z Using cached Deprecated-1.2.18-py2.py3-none-any.whl (10.0 kB)
2025-08-20T17:45:40.2524633Z Using cached httpcore-1.0.9-py3-none-any.whl (78 kB)
2025-08-20T17:45:40.2536423Z Using cached idna-3.10-py3-none-any.whl (70 kB)
2025-08-20T17:45:40.2547857Z Using cached kombu-5.5.4-py3-none-any.whl (210 kB)
2025-08-20T17:45:40.2560597Z Using cached vine-5.1.0-py3-none-any.whl (9.6 kB)
2025-08-20T17:45:40.2572285Z Using cached amqp-5.3.1-py3-none-any.whl (50 kB)
2025-08-20T17:45:40.2583477Z Using cached multimethod-1.10-py3-none-any.whl (9.9 kB)
2025-08-20T17:45:40.2593997Z Using cached nr_date-2.1.0-py3-none-any.whl (10 kB)
2025-08-20T17:45:40.2604800Z Using cached nr_stream-1.1.5-py3-none-any.whl (10 kB)
2025-08-20T17:45:40.2615777Z Using cached nr.util-0.8.12-py3-none-any.whl (90 kB)
2025-08-20T17:45:40.2626930Z Using cached pytest-8.4.1-py3-none-any.whl (365 kB)
2025-08-20T17:45:40.2640079Z Using cached pluggy-1.6.0-py3-none-any.whl (20 kB)
2025-08-20T17:45:40.2651173Z Using cached PyYAML-6.0.2-cp312-cp312-manylinux_2_17_x86_64.manylinux2014_x86_64.whl (767 kB)
2025-08-20T17:45:40.2667394Z Using cached starlette-0.47.2-py3-none-any.whl (72 kB)
2025-08-20T17:45:40.2678379Z Using cached anyio-4.10.0-py3-none-any.whl (107 kB)
2025-08-20T17:45:40.2689795Z Using cached tomli-2.2.1-cp312-cp312-manylinux_2_17_x86_64.manylinux2014_x86_64.whl (242 kB)
2025-08-20T17:45:40.2701826Z Using cached tomli_w-1.2.0-py3-none-any.whl (6.7 kB)
2025-08-20T17:45:40.2712196Z Using cached typeapi-2.2.4-py3-none-any.whl (26 kB)
2025-08-20T17:45:40.2723168Z Using cached typing_extensions-4.14.1-py3-none-any.whl (43 kB)
2025-08-20T17:45:40.2733973Z Using cached urllib3-2.5.0-py3-none-any.whl (129 kB)
2025-08-20T17:45:40.2745750Z Using cached wrapt-1.17.3-cp312-cp312-manylinux1_x86_64.manylinux_2_28_x86_64.manylinux_2_5_x86_64.whl (88 kB)
2025-08-20T17:45:40.2786546Z Downloading boto3-1.40.13-py3-none-any.whl (140 kB)
2025-08-20T17:45:40.2969314Z Downloading botocore-1.40.13-py3-none-any.whl (14.0 MB)
2025-08-20T17:45:40.4289690Z    ━━━━━━━━━━━━━━━━━━━━━━━━━━━━━━━━━━━━━━━━ 14.0/14.0 MB 112.3 MB/s  0:00:00
2025-08-20T17:45:40.4303426Z Using cached jmespath-1.0.1-py3-none-any.whl (20 kB)
2025-08-20T17:45:40.4314655Z Using cached python_dateutil-2.9.0.post0-py2.py3-none-any.whl (229 kB)
2025-08-20T17:45:40.4326809Z Using cached s3transfer-0.13.1-py3-none-any.whl (85 kB)
2025-08-20T17:45:40.4338187Z Using cached itsdangerous-2.2.0-py3-none-any.whl (16 kB)
2025-08-20T17:45:40.4349151Z Using cached setuptools-80.9.0-py3-none-any.whl (1.2 MB)
2025-08-20T17:45:40.4368455Z Using cached python_dotenv-1.1.1-py3-none-any.whl (20 kB)
2025-08-20T17:45:40.4379375Z Using cached python_multipart-0.0.20-py3-none-any.whl (24 kB)
2025-08-20T17:45:40.4390379Z Using cached annotated_types-0.7.0-py3-none-any.whl (13 kB)
2025-08-20T17:45:40.4401259Z Using cached certifi-2025.8.3-py3-none-any.whl (161 kB)
2025-08-20T17:45:40.4413289Z Using cached click_didyoumean-0.3.1-py3-none-any.whl (3.6 kB)
2025-08-20T17:45:40.4423871Z Using cached click_plugins-1.1.1.2-py2.py3-none-any.whl (11 kB)
2025-08-20T17:45:40.4435680Z Using cached click_repl-0.3.0-py3-none-any.whl (10 kB)
2025-08-20T17:45:40.4446887Z Using cached coverage-7.10.4-cp312-cp312-manylinux1_x86_64.manylinux_2_28_x86_64.manylinux_2_5_x86_64.whl (251 kB)
2025-08-20T17:45:40.4458867Z Using cached email_validator-2.2.0-py3-none-any.whl (33 kB)
2025-08-20T17:45:40.4469823Z Using cached dnspython-2.7.0-py3-none-any.whl (313 kB)
2025-08-20T17:45:40.4482752Z Using cached fastapi_cli-0.0.8-py3-none-any.whl (10 kB)
2025-08-20T17:45:40.4493491Z Using cached fastapi_cloud_cli-0.1.5-py3-none-any.whl (18 kB)
2025-08-20T17:45:40.4504624Z Using cached greenlet-3.2.4-cp312-cp312-manylinux_2_24_x86_64.manylinux_2_28_x86_64.whl (607 kB)
2025-08-20T17:45:40.4521468Z Using cached h11-0.16.0-py3-none-any.whl (37 kB)
2025-08-20T17:45:40.4532766Z Using cached iniconfig-2.1.0-py3-none-any.whl (6.0 kB)
2025-08-20T17:45:40.4543994Z Using cached MarkupSafe-3.0.2-cp312-cp312-manylinux_2_17_x86_64.manylinux2014_x86_64.whl (23 kB)
2025-08-20T17:45:40.4554838Z Using cached mirakuru-2.6.1-py3-none-any.whl (26 kB)
2025-08-20T17:45:40.4566334Z Using cached orjson-3.11.2-cp312-cp312-manylinux_2_17_x86_64.manylinux2014_x86_64.whl (121 kB)
2025-08-20T17:45:40.4577803Z Using cached packaging-25.0-py3-none-any.whl (66 kB)
2025-08-20T17:45:40.4589026Z Using cached pathspec-0.12.1-py3-none-any.whl (31 kB)
2025-08-20T17:45:40.4600327Z Using cached platformdirs-4.3.8-py3-none-any.whl (18 kB)
2025-08-20T17:45:40.4611413Z Using cached port_for-0.7.4-py3-none-any.whl (21 kB)
2025-08-20T17:45:40.4623047Z Using cached prompt_toolkit-3.0.51-py3-none-any.whl (387 kB)
2025-08-20T17:45:40.4637223Z Using cached psutil-7.0.0-cp36-abi3-manylinux_2_12_x86_64.manylinux2010_x86_64.manylinux_2_17_x86_64.manylinux2014_x86_64.whl (277 kB)
2025-08-20T17:45:40.4649775Z Using cached pydantic_extra_types-2.10.5-py3-none-any.whl (38 kB)
2025-08-20T17:45:40.4660837Z Using cached pydantic_settings-2.10.1-py3-none-any.whl (45 kB)
2025-08-20T17:45:40.4672032Z Using cached pygments-2.19.2-py3-none-any.whl (1.2 MB)
2025-08-20T17:45:40.4691769Z Using cached pytz-2025.2-py2.py3-none-any.whl (509 kB)
2025-08-20T17:45:40.4706095Z Using cached rich_toolkit-0.15.0-py3-none-any.whl (29 kB)
2025-08-20T17:45:40.4717061Z Using cached rich-14.1.0-py3-none-any.whl (243 kB)
2025-08-20T17:45:40.4729639Z Using cached markdown_it_py-4.0.0-py3-none-any.whl (87 kB)
2025-08-20T17:45:40.4741001Z Using cached mdurl-0.1.2-py3-none-any.whl (10.0 kB)
2025-08-20T17:45:40.4753093Z Using cached rignore-0.6.4-cp312-cp312-manylinux_2_17_x86_64.manylinux2014_x86_64.whl (949 kB)
2025-08-20T17:45:40.4770819Z Using cached sentry_sdk-2.35.0-py2.py3-none-any.whl (363 kB)
2025-08-20T17:45:40.4784672Z Using cached six-1.17.0-py2.py3-none-any.whl (11 kB)
2025-08-20T17:45:40.4795937Z Using cached sniffio-1.3.1-py3-none-any.whl (10 kB)
2025-08-20T17:45:40.4807201Z Using cached typer-0.16.1-py3-none-any.whl (46 kB)
2025-08-20T17:45:40.4818591Z Using cached shellingham-1.5.4-py2.py3-none-any.whl (9.8 kB)
2025-08-20T17:45:40.4829695Z Using cached typing_inspect-0.9.0-py3-none-any.whl (8.8 kB)
2025-08-20T17:45:40.4841146Z Using cached typing_inspection-0.4.1-py3-none-any.whl (14 kB)
2025-08-20T17:45:40.4852629Z Using cached tzdata-2025.2-py2.py3-none-any.whl (347 kB)
2025-08-20T17:45:40.4865739Z Using cached tzlocal-5.3.1-py3-none-any.whl (18 kB)
2025-08-20T17:45:40.4914473Z Downloading ujson-5.11.0-cp312-cp312-manylinux_2_24_x86_64.manylinux_2_28_x86_64.whl (57 kB)
2025-08-20T17:45:40.4955547Z Using cached uvicorn-0.35.0-py3-none-any.whl (66 kB)
2025-08-20T17:45:40.4968275Z Using cached httptools-0.6.4-cp312-cp312-manylinux_2_5_x86_64.manylinux1_x86_64.manylinux_2_17_x86_64.manylinux2014_x86_64.whl (510 kB)
2025-08-20T17:45:40.4983578Z Using cached uvloop-0.21.0-cp312-cp312-manylinux_2_17_x86_64.manylinux2014_x86_64.whl (4.7 MB)
2025-08-20T17:45:40.5028154Z Using cached watchfiles-1.1.0-cp312-cp312-manylinux_2_17_x86_64.manylinux2014_x86_64.whl (452 kB)
2025-08-20T17:45:40.5043471Z Using cached websockets-15.0.1-cp312-cp312-manylinux_2_5_x86_64.manylinux1_x86_64.manylinux_2_17_x86_64.manylinux2014_x86_64.whl (182 kB)
2025-08-20T17:45:40.5055961Z Using cached yapf-0.43.0-py3-none-any.whl (256 kB)
2025-08-20T17:45:40.5069295Z Using cached argon2_cffi-25.1.0-py3-none-any.whl (14 kB)
2025-08-20T17:45:40.5081240Z Using cached argon2_cffi_bindings-25.1.0-cp39-abi3-manylinux_2_26_x86_64.manylinux_2_28_x86_64.whl (87 kB)
2025-08-20T17:45:40.5093579Z Using cached cffi-1.17.1-cp312-cp312-manylinux_2_17_x86_64.manylinux2014_x86_64.whl (479 kB)
2025-08-20T17:45:40.5107919Z Using cached docker-7.1.0-py3-none-any.whl (147 kB)
2025-08-20T17:45:40.5120137Z Using cached et_xmlfile-2.0.0-py3-none-any.whl (18 kB)
2025-08-20T17:45:40.5131383Z Using cached mako-1.3.10-py3-none-any.whl (78 kB)
2025-08-20T17:45:40.5143515Z Using cached pycparser-2.22-py3-none-any.whl (117 kB)
2025-08-20T17:45:40.5156140Z Using cached pycryptodome-3.23.0-cp37-abi3-manylinux_2_17_x86_64.manylinux2014_x86_64.whl (2.3 MB)
2025-08-20T17:45:40.5183379Z Using cached typeguard-4.4.4-py3-none-any.whl (34 kB)
2025-08-20T17:45:40.5195011Z Using cached watchdog-6.0.0-py3-none-manylinux2014_x86_64.whl (79 kB)
2025-08-20T17:45:40.5206712Z Using cached wcwidth-0.2.13-py2.py3-none-any.whl (34 kB)
2025-08-20T17:45:40.9955086Z Installing collected packages: wcwidth, pytz, wrapt, websockets, watchdog, vine, uvloop, urllib3, ujson, tzlocal, tzdata, typing-extensions, tomli_w, tomli, structlog, sniffio, six, shellingham, setuptools, ruff, rignore, redis, PyYAML, python-multipart, python-dotenv, pygments, pycryptodome, pycparser, psycopg2-binary, psycopg-binary, psutil, prompt-toolkit, port-for, pluggy, platformdirs, pathspec, packaging, orjson, numpy, nr-stream, nr-date, mypy-extensions, multimethod, mdurl, MarkupSafe, jmespath, itsdangerous, iniconfig, imapclient, idna, httptools, h11, greenlet, et-xmlfile, docstring-parser, dnspython, coverage, click, charset_normalizer, certifi, billiard, asyncpg, annotated-types, yapf, uvicorn, typing-inspection, typing-inspect, types-requests, typeguard, typeapi, sqlalchemy, sentry-sdk, requests, python-dateutil, pytest, pydantic-core, psycopg, openpyxl, mypy, mirakuru, markdown-it-py, Mako, Jinja2, httpcore, email-validator, Deprecated, click-repl, click-plugins, click-didyoumean, cffi, black, apscheduler, anyio, amqp, watchfiles, starlette, rich, pytest-postgresql, pytest-cov, pytest-asyncio, pydantic, pandas, nr-util, kombu, httpx, docker, databind, botocore, argon2-cffi-bindings, alembic, typer, testcontainers, s3transfer, rich-toolkit, respx, python-telegram-bot, pydantic-settings, pydantic-extra-types, pandera, fastapi, databind.json, databind.core, celery, asgi-correlation-id, argon2-cffi, minio, fastapi-limiter, fastapi-cloud-cli, fastapi-cli, docspec, boto3, docspec-python, pydoc-markdown
2025-08-20T17:45:59.8830289Z 
2025-08-20T17:45:59.8957102Z Successfully installed Deprecated-1.2.18 Jinja2-3.1.6 Mako-1.3.10 MarkupSafe-3.0.2 PyYAML-6.0.2 alembic-1.13.1 amqp-5.3.1 annotated-types-0.7.0 anyio-4.10.0 apscheduler-3.10.4 argon2-cffi-25.1.0 argon2-cffi-bindings-25.1.0 asgi-correlation-id-4.3.1 asyncpg-0.30.0 billiard-4.2.1 black-25.1.0 boto3-1.40.13 botocore-1.40.13 celery-5.5.3 certifi-2025.8.3 cffi-1.17.1 charset_normalizer-3.4.3 click-8.2.1 click-didyoumean-0.3.1 click-plugins-1.1.1.2 click-repl-0.3.0 coverage-7.10.4 databind-4.5.2 databind.core-4.5.2 databind.json-4.5.2 dnspython-2.7.0 docker-7.1.0 docspec-2.2.1 docspec-python-2.2.2 docstring-parser-0.11 email-validator-2.2.0 et-xmlfile-2.0.0 fastapi-0.116.1 fastapi-cli-0.0.8 fastapi-cloud-cli-0.1.5 fastapi-limiter-0.1.6 greenlet-3.2.4 h11-0.16.0 httpcore-1.0.9 httptools-0.6.4 httpx-0.28.1 idna-3.10 imapclient-3.0.1 iniconfig-2.1.0 itsdangerous-2.2.0 jmespath-1.0.1 kombu-5.5.4 markdown-it-py-4.0.0 mdurl-0.1.2 minio-7.2.16 mirakuru-2.6.1 multimethod-1.10 mypy-1.17.1 mypy-extensions-1.1.0 nr-date-2.1.0 nr-stream-1.1.5 nr-util-0.8.12 numpy-1.26.4 openpyxl-3.1.5 orjson-3.11.2 packaging-25.0 pandas-2.2.3 pandera-0.19.3 pathspec-0.12.1 platformdirs-4.3.8 pluggy-1.6.0 port-for-0.7.4 prompt-toolkit-3.0.51 psutil-7.0.0 psycopg-3.2.9 psycopg-binary-3.2.9 psycopg2-binary-2.9.10 pycparser-2.22 pycryptodome-3.23.0 pydantic-2.11.7 pydantic-core-2.33.2 pydantic-extra-types-2.10.5 pydantic-settings-2.10.1 pydoc-markdown-4.8.2 pygments-2.19.2 pytest-8.4.1 pytest-asyncio-0.23.6 pytest-cov-6.2.1 pytest-postgresql-7.0.2 python-dateutil-2.9.0.post0 python-dotenv-1.1.1 python-multipart-0.0.20 python-telegram-bot-22.3 pytz-2025.2 redis-6.4.0 requests-2.32.4 respx-0.22.0 rich-14.1.0 rich-toolkit-0.15.0 rignore-0.6.4 ruff-0.4.4 s3transfer-0.13.1 sentry-sdk-2.35.0 setuptools-80.9.0 shellingham-1.5.4 six-1.17.0 sniffio-1.3.1 sqlalchemy-2.0.43 starlette-0.47.2 structlog-24.1.0 testcontainers-4.10.0 tomli-2.2.1 tomli_w-1.2.0 typeapi-2.2.4 typeguard-4.4.4 typer-0.16.1 types-requests-2.32.4.20250809 typing-extensions-4.14.1 typing-inspect-0.9.0 typing-inspection-0.4.1 tzdata-2025.2 tzlocal-5.3.1 ujson-5.11.0 urllib3-2.5.0 uvicorn-0.35.0 uvloop-0.21.0 vine-5.1.0 watchdog-6.0.0 watchfiles-1.1.0 wcwidth-0.2.13 websockets-15.0.1 wrapt-1.17.3 yapf-0.43.0
2025-08-20T17:46:01.1915494Z Collecting keepa==1.3.15
2025-08-20T17:46:01.1928398Z   Using cached keepa-1.3.15-py3-none-any.whl.metadata (11 kB)
2025-08-20T17:46:01.2198940Z Collecting minio==7.1.15
2025-08-20T17:46:01.2210800Z   Using cached minio-7.1.15-py3-none-any.whl.metadata (4.2 kB)
2025-08-20T17:46:01.2238192Z Requirement already satisfied: numpy>=1.9.3 in /opt/hostedtoolcache/Python/3.12.11/x64/lib/python3.12/site-packages (from keepa==1.3.15) (1.26.4)
2025-08-20T17:46:01.2244175Z Requirement already satisfied: requests>=2.2 in /opt/hostedtoolcache/Python/3.12.11/x64/lib/python3.12/site-packages (from keepa==1.3.15) (2.32.4)
2025-08-20T17:46:01.2557212Z Collecting tqdm (from keepa==1.3.15)
2025-08-20T17:46:01.2568800Z   Using cached tqdm-4.67.1-py3-none-any.whl.metadata (57 kB)
2025-08-20T17:46:01.7481138Z Collecting aiohttp (from keepa==1.3.15)
2025-08-20T17:46:01.7497106Z   Using cached aiohttp-3.12.15-cp312-cp312-manylinux_2_17_x86_64.manylinux2014_x86_64.whl.metadata (7.7 kB)
2025-08-20T17:46:01.7533958Z Requirement already satisfied: pandas<=3.0 in /opt/hostedtoolcache/Python/3.12.11/x64/lib/python3.12/site-packages (from keepa==1.3.15) (2.2.3)
2025-08-20T17:46:01.7538524Z Requirement already satisfied: pydantic in /opt/hostedtoolcache/Python/3.12.11/x64/lib/python3.12/site-packages (from keepa==1.3.15) (2.11.7)
2025-08-20T17:46:01.7547165Z Requirement already satisfied: certifi in /opt/hostedtoolcache/Python/3.12.11/x64/lib/python3.12/site-packages (from minio==7.1.15) (2025.8.3)
2025-08-20T17:46:01.7551331Z Requirement already satisfied: urllib3 in /opt/hostedtoolcache/Python/3.12.11/x64/lib/python3.12/site-packages (from minio==7.1.15) (2.5.0)
2025-08-20T17:46:01.7614525Z Requirement already satisfied: python-dateutil>=2.8.2 in /opt/hostedtoolcache/Python/3.12.11/x64/lib/python3.12/site-packages (from pandas<=3.0->keepa==1.3.15) (2.9.0.post0)
2025-08-20T17:46:01.7620297Z Requirement already satisfied: pytz>=2020.1 in /opt/hostedtoolcache/Python/3.12.11/x64/lib/python3.12/site-packages (from pandas<=3.0->keepa==1.3.15) (2025.2)
2025-08-20T17:46:01.7626417Z Requirement already satisfied: tzdata>=2022.7 in /opt/hostedtoolcache/Python/3.12.11/x64/lib/python3.12/site-packages (from pandas<=3.0->keepa==1.3.15) (2025.2)
2025-08-20T17:46:01.7758310Z Requirement already satisfied: six>=1.5 in /opt/hostedtoolcache/Python/3.12.11/x64/lib/python3.12/site-packages (from python-dateutil>=2.8.2->pandas<=3.0->keepa==1.3.15) (1.17.0)
2025-08-20T17:46:01.7779354Z Requirement already satisfied: charset_normalizer<4,>=2 in /opt/hostedtoolcache/Python/3.12.11/x64/lib/python3.12/site-packages (from requests>=2.2->keepa==1.3.15) (3.4.3)
2025-08-20T17:46:01.7786784Z Requirement already satisfied: idna<4,>=2.5 in /opt/hostedtoolcache/Python/3.12.11/x64/lib/python3.12/site-packages (from requests>=2.2->keepa==1.3.15) (3.10)
2025-08-20T17:46:01.7986180Z Collecting aiohappyeyeballs>=2.5.0 (from aiohttp->keepa==1.3.15)
2025-08-20T17:46:01.7998683Z   Using cached aiohappyeyeballs-2.6.1-py3-none-any.whl.metadata (5.9 kB)
2025-08-20T17:46:01.8087438Z Collecting aiosignal>=1.4.0 (from aiohttp->keepa==1.3.15)
2025-08-20T17:46:01.8099190Z   Using cached aiosignal-1.4.0-py3-none-any.whl.metadata (3.7 kB)
2025-08-20T17:46:01.8249560Z Collecting attrs>=17.3.0 (from aiohttp->keepa==1.3.15)
2025-08-20T17:46:01.8261183Z   Using cached attrs-25.3.0-py3-none-any.whl.metadata (10 kB)
2025-08-20T17:46:01.8933071Z Collecting frozenlist>=1.1.1 (from aiohttp->keepa==1.3.15)
2025-08-20T17:46:01.8946340Z   Using cached frozenlist-1.7.0-cp312-cp312-manylinux_2_5_x86_64.manylinux1_x86_64.manylinux_2_17_x86_64.manylinux2014_x86_64.whl.metadata (18 kB)
2025-08-20T17:46:02.1399456Z Collecting multidict<7.0,>=4.5 (from aiohttp->keepa==1.3.15)
2025-08-20T17:46:02.1414294Z   Using cached multidict-6.6.4-cp312-cp312-manylinux2014_x86_64.manylinux_2_17_x86_64.manylinux_2_28_x86_64.whl.metadata (5.3 kB)
2025-08-20T17:46:02.1830460Z Collecting propcache>=0.2.0 (from aiohttp->keepa==1.3.15)
2025-08-20T17:46:02.1842741Z   Using cached propcache-0.3.2-cp312-cp312-manylinux_2_17_x86_64.manylinux2014_x86_64.whl.metadata (12 kB)
2025-08-20T17:46:02.4214434Z Collecting yarl<2.0,>=1.17.0 (from aiohttp->keepa==1.3.15)
2025-08-20T17:46:02.4228563Z   Using cached yarl-1.20.1-cp312-cp312-manylinux_2_17_x86_64.manylinux2014_x86_64.whl.metadata (73 kB)
2025-08-20T17:46:02.4443972Z Requirement already satisfied: typing-extensions>=4.2 in /opt/hostedtoolcache/Python/3.12.11/x64/lib/python3.12/site-packages (from aiosignal>=1.4.0->aiohttp->keepa==1.3.15) (4.14.1)
2025-08-20T17:46:02.4493317Z Requirement already satisfied: annotated-types>=0.6.0 in /opt/hostedtoolcache/Python/3.12.11/x64/lib/python3.12/site-packages (from pydantic->keepa==1.3.15) (0.7.0)
2025-08-20T17:46:02.4499353Z Requirement already satisfied: pydantic-core==2.33.2 in /opt/hostedtoolcache/Python/3.12.11/x64/lib/python3.12/site-packages (from pydantic->keepa==1.3.15) (2.33.2)
2025-08-20T17:46:02.4506929Z Requirement already satisfied: typing-inspection>=0.4.0 in /opt/hostedtoolcache/Python/3.12.11/x64/lib/python3.12/site-packages (from pydantic->keepa==1.3.15) (0.4.1)
2025-08-20T17:46:02.4567630Z Using cached keepa-1.3.15-py3-none-any.whl (38 kB)
2025-08-20T17:46:02.4578619Z Using cached minio-7.1.15-py3-none-any.whl (77 kB)
2025-08-20T17:46:02.4590208Z Using cached aiohttp-3.12.15-cp312-cp312-manylinux_2_17_x86_64.manylinux2014_x86_64.whl (1.7 MB)
2025-08-20T17:46:02.4614034Z Using cached multidict-6.6.4-cp312-cp312-manylinux2014_x86_64.manylinux_2_17_x86_64.manylinux_2_28_x86_64.whl (256 kB)
2025-08-20T17:46:02.4626211Z Using cached yarl-1.20.1-cp312-cp312-manylinux_2_17_x86_64.manylinux2014_x86_64.whl (355 kB)
2025-08-20T17:46:02.4639323Z Using cached aiohappyeyeballs-2.6.1-py3-none-any.whl (15 kB)
2025-08-20T17:46:02.4649997Z Using cached aiosignal-1.4.0-py3-none-any.whl (7.5 kB)
2025-08-20T17:46:02.4660538Z Using cached attrs-25.3.0-py3-none-any.whl (63 kB)
2025-08-20T17:46:02.4672100Z Using cached frozenlist-1.7.0-cp312-cp312-manylinux_2_5_x86_64.manylinux1_x86_64.manylinux_2_17_x86_64.manylinux2014_x86_64.whl (241 kB)
2025-08-20T17:46:02.4684448Z Using cached propcache-0.3.2-cp312-cp312-manylinux_2_17_x86_64.manylinux2014_x86_64.whl (224 kB)
2025-08-20T17:46:02.4696350Z Using cached tqdm-4.67.1-py3-none-any.whl (78 kB)
2025-08-20T17:46:02.6466910Z Installing collected packages: tqdm, propcache, multidict, minio, frozenlist, attrs, aiohappyeyeballs, yarl, aiosignal, aiohttp, keepa
2025-08-20T17:46:02.7202391Z   Attempting uninstall: minio
2025-08-20T17:46:02.7250385Z     Found existing installation: minio 7.2.16
2025-08-20T17:46:02.7287393Z     Uninstalling minio-7.2.16:
2025-08-20T17:46:02.7297529Z       Successfully uninstalled minio-7.2.16
2025-08-20T17:46:03.0901422Z 
2025-08-20T17:46:03.1015238Z Successfully installed aiohappyeyeballs-2.6.1 aiohttp-3.12.15 aiosignal-1.4.0 attrs-25.3.0 frozenlist-1.7.0 keepa-1.3.15 minio-7.1.15 multidict-6.6.4 propcache-0.3.2 tqdm-4.67.1 yarl-1.20.1
2025-08-20T17:46:03.2668869Z ##[group]Run for i in {1..30}; do pg_isready -h "$PG_HOST" -p "$PG_PORT" -U "$PG_USER" -d "$PG_DATABASE" && break; sleep 1; done
2025-08-20T17:46:03.2669530Z [36;1mfor i in {1..30}; do pg_isready -h "$PG_HOST" -p "$PG_PORT" -U "$PG_USER" -d "$PG_DATABASE" && break; sleep 1; done[0m
2025-08-20T17:46:03.2710144Z shell: /usr/bin/bash -e {0}
2025-08-20T17:46:03.2710368Z env:
2025-08-20T17:46:03.2710564Z   REDIS_URL: redis://localhost:6379/0
2025-08-20T17:46:03.2710826Z   RATE_LIMIT_DEFAULT: 100/minute
2025-08-20T17:46:03.2711049Z   TRUST_X_FORWARDED: 1
2025-08-20T17:46:03.2711236Z   PG_USER: postgres
2025-08-20T17:46:03.2711424Z   PG_PASSWORD: pass
2025-08-20T17:46:03.2711743Z   PG_DATABASE: awa
2025-08-20T17:46:03.2711922Z   PG_HOST: localhost
2025-08-20T17:46:03.2712111Z   PG_PORT: 5432
2025-08-20T17:46:03.2712529Z   PG_SYNC_DSN: ***localhost:5432/awa
2025-08-20T17:46:03.2712900Z   PG_ASYNC_DSN: ***localhost:5432/awa
2025-08-20T17:46:03.2713291Z   DATABASE_URL: ***localhost:5432/awa
2025-08-20T17:46:03.2713514Z   DATA_DIR: /tmp/awa-data
2025-08-20T17:46:03.2713711Z   ENABLE_LIVE: 0
2025-08-20T17:46:03.2713883Z   TESTING: 1
2025-08-20T17:46:03.2714104Z   pythonLocation: /opt/hostedtoolcache/Python/3.12.11/x64
2025-08-20T17:46:03.2714489Z   PKG_CONFIG_PATH: /opt/hostedtoolcache/Python/3.12.11/x64/lib/pkgconfig
2025-08-20T17:46:03.2714865Z   Python_ROOT_DIR: /opt/hostedtoolcache/Python/3.12.11/x64
2025-08-20T17:46:03.2715203Z   Python2_ROOT_DIR: /opt/hostedtoolcache/Python/3.12.11/x64
2025-08-20T17:46:03.2715530Z   Python3_ROOT_DIR: /opt/hostedtoolcache/Python/3.12.11/x64
2025-08-20T17:46:03.2715866Z   LD_LIBRARY_PATH: /opt/hostedtoolcache/Python/3.12.11/x64/lib
2025-08-20T17:46:03.2716153Z ##[endgroup]
2025-08-20T17:46:03.3385372Z localhost:5432 - accepting connections
2025-08-20T17:46:03.3417463Z ##[group]Run alembic -c services/api/alembic.ini upgrade head
2025-08-20T17:46:03.3417876Z [36;1malembic -c services/api/alembic.ini upgrade head[0m
2025-08-20T17:46:03.3458399Z shell: /usr/bin/bash -e {0}
2025-08-20T17:46:03.3458617Z env:
2025-08-20T17:46:03.3458819Z   REDIS_URL: redis://localhost:6379/0
2025-08-20T17:46:03.3459083Z   RATE_LIMIT_DEFAULT: 100/minute
2025-08-20T17:46:03.3459303Z   TRUST_X_FORWARDED: 1
2025-08-20T17:46:03.3459502Z   PG_USER: postgres
2025-08-20T17:46:03.3459687Z   PG_PASSWORD: pass
2025-08-20T17:46:03.3459862Z   PG_DATABASE: awa
2025-08-20T17:46:03.3460035Z   PG_HOST: localhost
2025-08-20T17:46:03.3460215Z   PG_PORT: 5432
2025-08-20T17:46:03.3460648Z   PG_SYNC_DSN: ***localhost:5432/awa
2025-08-20T17:46:03.3461046Z   PG_ASYNC_DSN: ***localhost:5432/awa
2025-08-20T17:46:03.3461409Z   DATABASE_URL: ***localhost:5432/awa
2025-08-20T17:46:03.3461917Z   DATA_DIR: /tmp/awa-data
2025-08-20T17:46:03.3462127Z   ENABLE_LIVE: 0
2025-08-20T17:46:03.3462331Z   TESTING: 1
2025-08-20T17:46:03.3462575Z   pythonLocation: /opt/hostedtoolcache/Python/3.12.11/x64
2025-08-20T17:46:03.3462972Z   PKG_CONFIG_PATH: /opt/hostedtoolcache/Python/3.12.11/x64/lib/pkgconfig
2025-08-20T17:46:03.3463355Z   Python_ROOT_DIR: /opt/hostedtoolcache/Python/3.12.11/x64
2025-08-20T17:46:03.3463689Z   Python2_ROOT_DIR: /opt/hostedtoolcache/Python/3.12.11/x64
2025-08-20T17:46:03.3464036Z   Python3_ROOT_DIR: /opt/hostedtoolcache/Python/3.12.11/x64
2025-08-20T17:46:03.3464384Z   LD_LIBRARY_PATH: /opt/hostedtoolcache/Python/3.12.11/x64/lib
2025-08-20T17:46:03.3464665Z ##[endgroup]
2025-08-20T17:46:04.2487512Z INFO  [alembic.runtime.migration] Context impl PostgresqlImpl.
2025-08-20T17:46:04.2488230Z INFO  [alembic.runtime.migration] Will assume transactional DDL.
2025-08-20T17:46:04.2658302Z INFO  [alembic.runtime.migration] Running upgrade  -> 0001_baseline
2025-08-20T17:46:04.2804483Z INFO  [alembic.runtime.migration] Running upgrade 0001_baseline -> 0002_create_roi_view
2025-08-20T17:46:04.2829914Z INFO  [alembic.runtime.migration] Running upgrade 0002_create_roi_view -> 3e9d5c5aff2c
2025-08-20T17:46:04.2993710Z INFO  [alembic.runtime.migration] Running upgrade 3e9d5c5aff2c -> 0003_vendor_prices
2025-08-20T17:46:04.3149427Z INFO  [alembic.runtime.migration] Running upgrade 0003_vendor_prices -> 0004_fee_cron
2025-08-20T17:46:04.3220263Z INFO  [alembic.runtime.migration] Running upgrade 0004_fee_cron -> 0006_fix_roi_views
2025-08-20T17:46:04.3251133Z INFO  [alembic.runtime.migration] Running upgrade 0006_fix_roi_views -> 0020_unified_schema
2025-08-20T17:46:04.3361695Z INFO  [alembic.runtime.migration] Running upgrade 0020_unified_schema -> 0022_fix_roi_view
2025-08-20T17:46:04.3431081Z INFO  [alembic.runtime.migration] Running upgrade 0022_fix_roi_view -> 0023_add_storage_fee
2025-08-20T17:46:04.3469418Z INFO  [alembic.runtime.migration] Running upgrade 0023_add_storage_fee -> 0024_create_buybox
2025-08-20T17:46:04.3491306Z INFO  [alembic.runtime.migration] Running upgrade 0024_create_buybox -> 0025_pr4_indexes_loadlog
2025-08-20T17:46:04.3704414Z INFO  [alembic.runtime.migration] Running upgrade 0025_pr4_indexes_loadlog -> 0026_amazon_new_reports
2025-08-20T17:46:04.4702001Z ##[group]Run python - <<'PY'
2025-08-20T17:46:04.4702316Z [36;1mpython - <<'PY'[0m
2025-08-20T17:46:04.4702580Z [36;1mfrom fastapi.testclient import TestClient[0m
2025-08-20T17:46:04.4702886Z [36;1mfrom services.api.main import app[0m
2025-08-20T17:46:04.4703163Z [36;1mwith TestClient(app) as c:[0m
2025-08-20T17:46:04.4703408Z [36;1m    r = c.get('/roi-review')[0m
2025-08-20T17:46:04.4703663Z [36;1m    assert r.status_code < 500, r.text[0m
2025-08-20T17:46:04.4703908Z [36;1mPY[0m
2025-08-20T17:46:04.4744141Z shell: /usr/bin/bash -e {0}
2025-08-20T17:46:04.4744368Z env:
2025-08-20T17:46:04.4744568Z   REDIS_URL: redis://localhost:6379/0
2025-08-20T17:46:04.4744834Z   RATE_LIMIT_DEFAULT: 100/minute
2025-08-20T17:46:04.4745055Z   TRUST_X_FORWARDED: 1
2025-08-20T17:46:04.4745243Z   PG_USER: postgres
2025-08-20T17:46:04.4745608Z   PG_PASSWORD: pass
2025-08-20T17:46:04.4745788Z   PG_DATABASE: awa
2025-08-20T17:46:04.4745963Z   PG_HOST: localhost
2025-08-20T17:46:04.4746180Z   PG_PORT: 5432
2025-08-20T17:46:04.4746766Z   PG_SYNC_DSN: ***localhost:5432/awa
2025-08-20T17:46:04.4747169Z   PG_ASYNC_DSN: ***localhost:5432/awa
2025-08-20T17:46:04.4747546Z   DATABASE_URL: ***localhost:5432/awa
2025-08-20T17:46:04.4747770Z   DATA_DIR: /tmp/awa-data
2025-08-20T17:46:04.4747975Z   ENABLE_LIVE: 0
2025-08-20T17:46:04.4748148Z   TESTING: 1
2025-08-20T17:46:04.4748376Z   pythonLocation: /opt/hostedtoolcache/Python/3.12.11/x64
2025-08-20T17:46:04.4748776Z   PKG_CONFIG_PATH: /opt/hostedtoolcache/Python/3.12.11/x64/lib/pkgconfig
2025-08-20T17:46:04.4749152Z   Python_ROOT_DIR: /opt/hostedtoolcache/Python/3.12.11/x64
2025-08-20T17:46:04.4749485Z   Python2_ROOT_DIR: /opt/hostedtoolcache/Python/3.12.11/x64
2025-08-20T17:46:04.4749829Z   Python3_ROOT_DIR: /opt/hostedtoolcache/Python/3.12.11/x64
2025-08-20T17:46:04.4750175Z   LD_LIBRARY_PATH: /opt/hostedtoolcache/Python/3.12.11/x64/lib
2025-08-20T17:46:04.4750467Z ##[endgroup]
2025-08-20T17:46:05.9056542Z WARNING:services.api.errors:{"status_code": 401, "detail": "Not authenticated", "event": "http_error", "request_id": "8a5d0502073643e19b4af75efb82fa01", "level": "warning", "timestamp": "2025-08-20T17:46:05.905317Z"}
2025-08-20T17:46:05.9060673Z INFO:httpx:HTTP Request: GET http://testserver/roi-review "HTTP/1.1 401 Unauthorized"
2025-08-20T17:46:06.1265763Z ##[group]Run alembic -c services/api/alembic.ini downgrade base
2025-08-20T17:46:06.1266526Z [36;1malembic -c services/api/alembic.ini downgrade base[0m
2025-08-20T17:46:06.1316442Z shell: /usr/bin/bash -e {0}
2025-08-20T17:46:06.1316665Z env:
2025-08-20T17:46:06.1316872Z   REDIS_URL: redis://localhost:6379/0
2025-08-20T17:46:06.1317136Z   RATE_LIMIT_DEFAULT: 100/minute
2025-08-20T17:46:06.1317351Z   TRUST_X_FORWARDED: 1
2025-08-20T17:46:06.1317544Z   PG_USER: postgres
2025-08-20T17:46:06.1317734Z   PG_PASSWORD: pass
2025-08-20T17:46:06.1317905Z   PG_DATABASE: awa
2025-08-20T17:46:06.1318097Z   PG_HOST: localhost
2025-08-20T17:46:06.1318278Z   PG_PORT: 5432
2025-08-20T17:46:06.1318719Z   PG_SYNC_DSN: ***localhost:5432/awa
2025-08-20T17:46:06.1319121Z   PG_ASYNC_DSN: ***localhost:5432/awa
2025-08-20T17:46:06.1319491Z   DATABASE_URL: ***localhost:5432/awa
2025-08-20T17:46:06.1319720Z   DATA_DIR: /tmp/awa-data
2025-08-20T17:46:06.1319929Z   ENABLE_LIVE: 0
2025-08-20T17:46:06.1320128Z   TESTING: 1
2025-08-20T17:46:06.1320361Z   pythonLocation: /opt/hostedtoolcache/Python/3.12.11/x64
2025-08-20T17:46:06.1320761Z   PKG_CONFIG_PATH: /opt/hostedtoolcache/Python/3.12.11/x64/lib/pkgconfig
2025-08-20T17:46:06.1321150Z   Python_ROOT_DIR: /opt/hostedtoolcache/Python/3.12.11/x64
2025-08-20T17:46:06.1321489Z   Python2_ROOT_DIR: /opt/hostedtoolcache/Python/3.12.11/x64
2025-08-20T17:46:06.1322000Z   Python3_ROOT_DIR: /opt/hostedtoolcache/Python/3.12.11/x64
2025-08-20T17:46:06.1322343Z   LD_LIBRARY_PATH: /opt/hostedtoolcache/Python/3.12.11/x64/lib
2025-08-20T17:46:06.1322635Z ##[endgroup]
2025-08-20T17:46:06.5935369Z INFO  [alembic.runtime.migration] Context impl PostgresqlImpl.
2025-08-20T17:46:06.5936044Z INFO  [alembic.runtime.migration] Will assume transactional DDL.
2025-08-20T17:46:06.6016093Z INFO  [alembic.runtime.migration] Running downgrade 0026_amazon_new_reports -> 0025_pr4_indexes_loadlog
2025-08-20T17:46:06.6109589Z INFO  [alembic.runtime.migration] Running downgrade 0025_pr4_indexes_loadlog -> 0024_create_buybox
2025-08-20T17:46:06.6153146Z INFO  [alembic.runtime.migration] Running downgrade 0024_create_buybox -> 0023_add_storage_fee
2025-08-20T17:46:06.6164955Z INFO  [alembic.runtime.migration] Running downgrade 0023_add_storage_fee -> 0022_fix_roi_view
2025-08-20T17:46:06.6320872Z INFO  [alembic.runtime.migration] Running downgrade 0022_fix_roi_view -> 0020_unified_schema
2025-08-20T17:46:06.6345724Z INFO  [alembic.runtime.migration] Running downgrade 0020_unified_schema -> 0006_fix_roi_views
2025-08-20T17:46:06.6381766Z INFO  [alembic.runtime.migration] Running downgrade 0006_fix_roi_views -> 0004_fee_cron
2025-08-20T17:46:06.6393905Z INFO  [alembic.runtime.migration] Running downgrade 0004_fee_cron -> 0003_vendor_prices
2025-08-20T17:46:06.6471758Z INFO  [alembic.runtime.migration] Running downgrade 0003_vendor_prices -> 3e9d5c5aff2c
2025-08-20T17:46:06.6510927Z INFO  [alembic.runtime.migration] Running downgrade 3e9d5c5aff2c -> 0002_create_roi_view
2025-08-20T17:46:06.6558211Z INFO  [alembic.runtime.migration] Running downgrade 0002_create_roi_view -> 0001_baseline
2025-08-20T17:46:06.6567905Z INFO  [alembic.runtime.migration] Running downgrade 0001_baseline -> 
2025-08-20T17:46:06.7388295Z ##[group]Run test "$(alembic -c services/api/alembic.ini heads | wc -l)" -eq 1
2025-08-20T17:46:06.7389157Z [36;1mtest "$(alembic -c services/api/alembic.ini heads | wc -l)" -eq 1[0m
2025-08-20T17:46:06.7437047Z shell: /usr/bin/bash -e {0}
2025-08-20T17:46:06.7437288Z env:
2025-08-20T17:46:06.7437496Z   REDIS_URL: redis://localhost:6379/0
2025-08-20T17:46:06.7437765Z   RATE_LIMIT_DEFAULT: 100/minute
2025-08-20T17:46:06.7438006Z   TRUST_X_FORWARDED: 1
2025-08-20T17:46:06.7438194Z   PG_USER: postgres
2025-08-20T17:46:06.7438377Z   PG_PASSWORD: pass
2025-08-20T17:46:06.7438554Z   PG_DATABASE: awa
2025-08-20T17:46:06.7438732Z   PG_HOST: localhost
2025-08-20T17:46:06.7438922Z   PG_PORT: 5432
2025-08-20T17:46:06.7439376Z   PG_SYNC_DSN: ***localhost:5432/awa
2025-08-20T17:46:06.7439813Z   PG_ASYNC_DSN: ***localhost:5432/awa
2025-08-20T17:46:06.7440196Z   DATABASE_URL: ***localhost:5432/awa
2025-08-20T17:46:06.7440443Z   DATA_DIR: /tmp/awa-data
2025-08-20T17:46:06.7440677Z   ENABLE_LIVE: 0
2025-08-20T17:46:06.7440846Z   TESTING: 1
2025-08-20T17:46:06.7441083Z   pythonLocation: /opt/hostedtoolcache/Python/3.12.11/x64
2025-08-20T17:46:06.7441477Z   PKG_CONFIG_PATH: /opt/hostedtoolcache/Python/3.12.11/x64/lib/pkgconfig
2025-08-20T17:46:06.7442065Z   Python_ROOT_DIR: /opt/hostedtoolcache/Python/3.12.11/x64
2025-08-20T17:46:06.7442410Z   Python2_ROOT_DIR: /opt/hostedtoolcache/Python/3.12.11/x64
2025-08-20T17:46:06.7442764Z   Python3_ROOT_DIR: /opt/hostedtoolcache/Python/3.12.11/x64
2025-08-20T17:46:06.7443112Z   LD_LIBRARY_PATH: /opt/hostedtoolcache/Python/3.12.11/x64/lib
2025-08-20T17:46:06.7443392Z ##[endgroup]
2025-08-20T17:46:07.1043052Z Post job cleanup.
2025-08-20T17:46:07.2540284Z Cache hit occurred on the primary key setup-python-Linux-x64-24.04-Ubuntu-python-3.12.11-pip-29fc3204f837bce43d81586a404709764a9accd1f738d0c33a52a32bf7a0c312, not saving cache.
2025-08-20T17:46:07.2642232Z Post job cleanup.
2025-08-20T17:46:07.3567212Z [command]/usr/bin/git version
2025-08-20T17:46:07.3603523Z git version 2.50.1
2025-08-20T17:46:07.3646112Z Temporarily overriding HOME='/home/runner/work/_temp/6368cc98-2bcc-4760-aa4a-1e6d826b557c' before making global git config changes
2025-08-20T17:46:07.3647288Z Adding repository directory to the temporary git global config as a safe directory
2025-08-20T17:46:07.3658497Z [command]/usr/bin/git config --global --add safe.directory /home/runner/work/AWA-App/AWA-App
2025-08-20T17:46:07.3693495Z [command]/usr/bin/git config --local --name-only --get-regexp core\.sshCommand
2025-08-20T17:46:07.3740436Z [command]/usr/bin/git submodule foreach --recursive sh -c "git config --local --name-only --get-regexp 'core\.sshCommand' && git config --local --unset-all 'core.sshCommand' || :"
2025-08-20T17:46:07.4045126Z [command]/usr/bin/git config --local --name-only --get-regexp http\.https\:\/\/github\.com\/\.extraheader
2025-08-20T17:46:07.4067984Z http.https://github.com/.extraheader
2025-08-20T17:46:07.4082247Z [command]/usr/bin/git config --local --unset-all http.https://github.com/.extraheader
2025-08-20T17:46:07.4113937Z [command]/usr/bin/git submodule foreach --recursive sh -c "git config --local --name-only --get-regexp 'http\.https\:\/\/github\.com\/\.extraheader' && git config --local --unset-all 'http.https://github.com/.extraheader' || :"
2025-08-20T17:46:07.4433043Z Print service container logs: 68e5baf1d16647df98f65bbbed06b36b_postgres15_65dd8e
2025-08-20T17:46:07.4437892Z ##[command]/usr/bin/docker logs --details ba47eb180a42af80d4aa80c14edf74fad1fbece49c83e4397a946795312ef787
2025-08-20T17:46:07.4570406Z  initdb: warning: enabling "trust" authentication for local connections
2025-08-20T17:46:07.4571734Z  initdb: hint: You can change this by editing pg_hba.conf or using the option -A, or --auth-local and --auth-host, the next time you run initdb.
2025-08-20T17:46:07.4572877Z  The files belonging to this database system will be owned by user "postgres".
2025-08-20T17:46:07.4573557Z  This user must also own the server process.
2025-08-20T17:46:07.4573975Z  
2025-08-20T17:46:07.4574403Z  The database cluster will be initialized with locale "en_US.utf8".
2025-08-20T17:46:07.4575077Z  The default database encoding has accordingly been set to "UTF8".
2025-08-20T17:46:07.4575554Z  The default text search configuration will be set to "english".
2025-08-20T17:46:07.4575931Z  
2025-08-20T17:46:07.4576102Z  Data page checksums are disabled.
2025-08-20T17:46:07.4576332Z  
2025-08-20T17:46:07.4576620Z  fixing permissions on existing directory /var/lib/postgresql/data ... ok
2025-08-20T17:46:07.4576975Z  creating subdirectories ... ok
2025-08-20T17:46:07.4577260Z  selecting dynamic shared memory implementation ... posix
2025-08-20T17:46:07.4577572Z  selecting default max_connections ... 100
2025-08-20T17:46:07.4577849Z  selecting default shared_buffers ... 128MB
2025-08-20T17:46:07.4578114Z  selecting default time zone ... Etc/UTC
2025-08-20T17:46:07.4578366Z  creating configuration files ... ok
2025-08-20T17:46:07.4578608Z  running bootstrap script ... ok
2025-08-20T17:46:07.4578921Z  performing post-bootstrap initialization ... ok
2025-08-20T17:46:07.4579200Z  syncing data to disk ... ok
2025-08-20T17:46:07.4579405Z  
2025-08-20T17:46:07.4579546Z  
2025-08-20T17:46:07.4579751Z  Success. You can now start the database server using:
2025-08-20T17:46:07.4580362Z  2025-08-20 17:45:20.231 UTC [1] LOG:  starting PostgreSQL 15.14 (Debian 15.14-1.pgdg13+1) on x86_64-pc-linux-gnu, compiled by gcc (Debian 14.2.0-19) 14.2.0, 64-bit
2025-08-20T17:46:07.4580973Z  2025-08-20 17:45:20.231 UTC [1] LOG:  listening on IPv4 address "0.0.0.0", port 5432
2025-08-20T17:46:07.4581377Z  2025-08-20 17:45:20.231 UTC [1] LOG:  listening on IPv6 address "::", port 5432
2025-08-20T17:46:07.4582064Z  2025-08-20 17:45:20.232 UTC [1] LOG:  listening on Unix socket "/var/run/postgresql/.s.PGSQL.5432"
2025-08-20T17:46:07.4582548Z  2025-08-20 17:45:20.235 UTC [64] LOG:  database system was shut down at 2025-08-20 17:45:20 UTC
2025-08-20T17:46:07.4582990Z  2025-08-20 17:45:20.240 UTC [1] LOG:  database system is ready to accept connections
2025-08-20T17:46:07.4583302Z  
2025-08-20T17:46:07.4583504Z      pg_ctl -D /var/lib/postgresql/data -l logfile start
2025-08-20T17:46:07.4583770Z  
2025-08-20T17:46:07.4584293Z  waiting for server to start....2025-08-20 17:45:19.880 UTC [48] LOG:  starting PostgreSQL 15.14 (Debian 15.14-1.pgdg13+1) on x86_64-pc-linux-gnu, compiled by gcc (Debian 14.2.0-19) 14.2.0, 64-bit
2025-08-20T17:46:07.4585021Z  2025-08-20 17:45:19.881 UTC [48] LOG:  listening on Unix socket "/var/run/postgresql/.s.PGSQL.5432"
2025-08-20T17:46:07.4585503Z  2025-08-20 17:45:19.885 UTC [51] LOG:  database system was shut down at 2025-08-20 17:45:19 UTC
2025-08-20T17:46:07.4585953Z  2025-08-20 17:45:19.894 UTC [48] LOG:  database system is ready to accept connections
2025-08-20T17:46:07.4586676Z   done
2025-08-20T17:46:07.4586959Z  server started
2025-08-20T17:46:07.4587248Z  CREATE DATABASE
2025-08-20T17:46:07.4587515Z  
2025-08-20T17:46:07.4587754Z  
2025-08-20T17:46:07.4588095Z  /usr/local/bin/docker-entrypoint.sh: ignoring /docker-entrypoint-initdb.d/*
2025-08-20T17:46:07.4588479Z  
2025-08-20T17:46:07.4588790Z  waiting for server to shut down...2025-08-20 17:45:20.106 UTC [48] LOG:  received fast shutdown request
2025-08-20T17:46:07.4589607Z  .2025-08-20 17:45:20.106 UTC [48] LOG:  aborting any active transactions
2025-08-20T17:46:07.4590121Z  2025-08-20 17:45:20.111 UTC [48] LOG:  background worker "logical replication launcher" (PID 54) exited with exit code 1
2025-08-20T17:46:07.4590725Z  2025-08-20 17:45:20.111 UTC [49] LOG:  shutting down
2025-08-20T17:46:07.4591065Z  2025-08-20 17:45:20.111 UTC [49] LOG:  checkpoint starting: shutdown immediate
2025-08-20T17:46:07.4592092Z  2025-08-20 17:45:20.137 UTC [49] LOG:  checkpoint complete: wrote 922 buffers (5.6%); 0 WAL file(s) added, 0 removed, 0 recycled; write=0.022 s, sync=0.002 s, total=0.026 s; sync files=301, longest=0.001 s, average=0.001 s; distance=4239 kB, estimate=4239 kB
2025-08-20T17:46:07.4592908Z  2025-08-20 17:45:20.145 UTC [48] LOG:  database system is shut down
2025-08-20T17:46:07.4593195Z   done
2025-08-20T17:46:07.4593360Z  server stopped
2025-08-20T17:46:07.4593526Z  
2025-08-20T17:46:07.4593740Z  PostgreSQL init process complete; ready for start up.
2025-08-20T17:46:07.4594013Z  
2025-08-20T17:46:07.4599251Z Stop and remove container: 68e5baf1d16647df98f65bbbed06b36b_postgres15_65dd8e
2025-08-20T17:46:07.4604875Z ##[command]/usr/bin/docker rm --force ba47eb180a42af80d4aa80c14edf74fad1fbece49c83e4397a946795312ef787
2025-08-20T17:46:08.0653534Z ba47eb180a42af80d4aa80c14edf74fad1fbece49c83e4397a946795312ef787
2025-08-20T17:46:08.0673803Z Print service container logs: 77f2ce66f8524622be909013ea060c77_redis7alpine_10c131
2025-08-20T17:46:08.0675235Z ##[command]/usr/bin/docker logs --details bb7b8bdf01394db0edd6e97faa72a26ca8ad0123e71b98a3e2e94d4b91409dfd
2025-08-20T17:46:08.0791819Z  1:C 20 Aug 2025 17:45:20.487 # WARNING Memory overcommit must be enabled! Without it, a background save or replication may fail under low memory condition. Being disabled, it can also cause failures without low memory condition, see https://github.com/jemalloc/jemalloc/issues/1328. To fix this issue add 'vm.overcommit_memory = 1' to /etc/sysctl.conf and then reboot or run the command 'sysctl vm.overcommit_memory=1' for this to take effect.
2025-08-20T17:46:08.0793354Z  1:C 20 Aug 2025 17:45:20.487 * oO0OoO0OoO0Oo Redis is starting oO0OoO0OoO0Oo
2025-08-20T17:46:08.0793835Z  1:C 20 Aug 2025 17:45:20.487 * Redis version=7.4.5, bits=64, commit=00000000, modified=0, pid=1, just started
2025-08-20T17:46:08.0794541Z  1:C 20 Aug 2025 17:45:20.487 # Warning: no config file specified, using the default config. In order to specify a config file use redis-server /path/to/redis.conf
2025-08-20T17:46:08.0795127Z  1:M 20 Aug 2025 17:45:20.487 * monotonic clock: POSIX clock_gettime
2025-08-20T17:46:08.0795478Z  1:M 20 Aug 2025 17:45:20.488 * Running mode=standalone, port=6379.
2025-08-20T17:46:08.0795799Z  1:M 20 Aug 2025 17:45:20.488 * Server initialized
2025-08-20T17:46:08.0796098Z  1:M 20 Aug 2025 17:45:20.488 * Ready to accept connections tcp
2025-08-20T17:46:08.0803992Z Stop and remove container: 77f2ce66f8524622be909013ea060c77_redis7alpine_10c131
2025-08-20T17:46:08.0804738Z ##[command]/usr/bin/docker rm --force bb7b8bdf01394db0edd6e97faa72a26ca8ad0123e71b98a3e2e94d4b91409dfd
2025-08-20T17:46:08.1965350Z bb7b8bdf01394db0edd6e97faa72a26ca8ad0123e71b98a3e2e94d4b91409dfd
2025-08-20T17:46:08.1988171Z Remove container network: github_network_4ebbbd40c77e48b2a84d7504d8eefaa7
2025-08-20T17:46:08.1992698Z ##[command]/usr/bin/docker network rm github_network_4ebbbd40c77e48b2a84d7504d8eefaa7
2025-08-20T17:46:08.3097406Z github_network_4ebbbd40c77e48b2a84d7504d8eefaa7
2025-08-20T17:46:08.3154645Z Cleaning up orphan processes
