2025-08-18T18:00:26.6420798Z Current runner version: '2.327.1'
2025-08-18T18:00:26.6453974Z ##[group]Runner Image Provisioner
2025-08-18T18:00:26.6455401Z Hosted Compute Agent
2025-08-18T18:00:26.6456253Z Version: 20250818.377
2025-08-18T18:00:26.6457206Z Commit: 3c593e9f75fe0b87e893bca80d6e12ba089c61fc
2025-08-18T18:00:26.6458453Z Build Date: 2025-08-18T14:52:18Z
2025-08-18T18:00:26.6459402Z ##[endgroup]
2025-08-18T18:00:26.6460273Z ##[group]Operating System
2025-08-18T18:00:26.6461536Z Ubuntu
2025-08-18T18:00:26.6462300Z 24.04.2
2025-08-18T18:00:26.6463011Z LTS
2025-08-18T18:00:26.6463894Z ##[endgroup]
2025-08-18T18:00:26.6464662Z ##[group]Runner Image
2025-08-18T18:00:26.6465589Z Image: ubuntu-24.04
2025-08-18T18:00:26.6466579Z Version: 20250810.1.0
2025-08-18T18:00:26.6468327Z Included Software: https://github.com/actions/runner-images/blob/ubuntu24/20250810.1/images/ubuntu/Ubuntu2404-Readme.md
2025-08-18T18:00:26.6471569Z Image Release: https://github.com/actions/runner-images/releases/tag/ubuntu24%2F20250810.1
2025-08-18T18:00:26.6473261Z ##[endgroup]
2025-08-18T18:00:26.6477670Z ##[group]GITHUB_TOKEN Permissions
2025-08-18T18:00:26.6480373Z Actions: write
2025-08-18T18:00:26.6481660Z Attestations: write
2025-08-18T18:00:26.6482451Z Checks: write
2025-08-18T18:00:26.6483231Z Contents: write
2025-08-18T18:00:26.6484227Z Deployments: write
2025-08-18T18:00:26.6485183Z Discussions: write
2025-08-18T18:00:26.6486018Z Issues: write
2025-08-18T18:00:26.6486983Z Metadata: read
2025-08-18T18:00:26.6487845Z Models: read
2025-08-18T18:00:26.6488684Z Packages: write
2025-08-18T18:00:26.6489724Z Pages: write
2025-08-18T18:00:26.6490822Z PullRequests: write
2025-08-18T18:00:26.6491915Z RepositoryProjects: write
2025-08-18T18:00:26.6493014Z SecurityEvents: write
2025-08-18T18:00:26.6494136Z Statuses: write
2025-08-18T18:00:26.6495029Z ##[endgroup]
2025-08-18T18:00:26.6498357Z Secret source: Actions
2025-08-18T18:00:26.6499386Z Prepare workflow directory
2025-08-18T18:00:26.7133836Z Prepare all required actions
2025-08-18T18:00:26.7190957Z Getting action download info
2025-08-18T18:00:26.9356230Z Download action repository 'actions/checkout@v4' (SHA:08eba0b27e820071cde6df949e0beb9ba4906955)
2025-08-18T18:00:27.2128633Z Download action repository 'actions/setup-python@v5' (SHA:a26af69be951a213d495a4c3e4e4022e16d87065)
2025-08-18T18:00:27.6174792Z Complete job name: migrations-check
2025-08-18T18:00:27.6719212Z ##[group]Checking docker version
2025-08-18T18:00:27.6733200Z ##[command]/usr/bin/docker version --format '{{.Server.APIVersion}}'
2025-08-18T18:00:27.7868648Z '1.48'
2025-08-18T18:00:27.7880767Z Docker daemon API version: '1.48'
2025-08-18T18:00:27.7881931Z ##[command]/usr/bin/docker version --format '{{.Client.APIVersion}}'
2025-08-18T18:00:27.8038769Z '1.48'
2025-08-18T18:00:27.8051970Z Docker client API version: '1.48'
2025-08-18T18:00:27.8057799Z ##[endgroup]
2025-08-18T18:00:27.8061016Z ##[group]Clean up resources from previous jobs
2025-08-18T18:00:27.8067488Z ##[command]/usr/bin/docker ps --all --quiet --no-trunc --filter "label=385090"
2025-08-18T18:00:27.8208986Z ##[command]/usr/bin/docker network prune --force --filter "label=385090"
2025-08-18T18:00:27.8336353Z ##[endgroup]
2025-08-18T18:00:27.8336980Z ##[group]Create local container network
2025-08-18T18:00:27.8347404Z ##[command]/usr/bin/docker network create --label 385090 github_network_e85987981e784df7a21aa69856ba5fe2
2025-08-18T18:00:27.8841380Z 48ed6e9c9d4b451994fb46fd0209132b3540a9141c43e7088c9189b5cbb550a8
2025-08-18T18:00:27.8859020Z ##[endgroup]
2025-08-18T18:00:27.8883720Z ##[group]Starting postgres service container
2025-08-18T18:00:27.8903577Z ##[command]/usr/bin/docker pull postgres:15
2025-08-18T18:00:28.1573525Z 15: Pulling from library/postgres
2025-08-18T18:00:28.2311245Z 396b1da7636e: Pulling fs layer
2025-08-18T18:00:28.2312668Z fca2566eba32: Pulling fs layer
2025-08-18T18:00:28.2313600Z 631fe8c6d606: Pulling fs layer
2025-08-18T18:00:28.2314842Z 77c7671c4414: Pulling fs layer
2025-08-18T18:00:28.2316093Z 2d9e29180a27: Pulling fs layer
2025-08-18T18:00:28.2316941Z c6bcc2c9a041: Pulling fs layer
2025-08-18T18:00:28.2318271Z ac4b721eb66f: Pulling fs layer
2025-08-18T18:00:28.2319092Z 606bd164980e: Pulling fs layer
2025-08-18T18:00:28.2319876Z f5dfd246bc6e: Pulling fs layer
2025-08-18T18:00:28.2320906Z ba7036bb0a60: Pulling fs layer
2025-08-18T18:00:28.2321743Z 799f859abbbd: Pulling fs layer
2025-08-18T18:00:28.2322554Z d903e777080c: Pulling fs layer
2025-08-18T18:00:28.2323405Z 04adcb462801: Pulling fs layer
2025-08-18T18:00:28.2324240Z 5c10925b29ff: Pulling fs layer
2025-08-18T18:00:28.2325045Z f5dfd246bc6e: Waiting
2025-08-18T18:00:28.2325796Z ba7036bb0a60: Waiting
2025-08-18T18:00:28.2326531Z 799f859abbbd: Waiting
2025-08-18T18:00:28.2327265Z d903e777080c: Waiting
2025-08-18T18:00:28.2327975Z 04adcb462801: Waiting
2025-08-18T18:00:28.2328695Z c6bcc2c9a041: Waiting
2025-08-18T18:00:28.2329417Z 5c10925b29ff: Waiting
2025-08-18T18:00:28.2330131Z 606bd164980e: Waiting
2025-08-18T18:00:28.2330955Z 2d9e29180a27: Waiting
2025-08-18T18:00:28.2331689Z ac4b721eb66f: Waiting
2025-08-18T18:00:28.3291299Z fca2566eba32: Verifying Checksum
2025-08-18T18:00:28.3293324Z fca2566eba32: Download complete
2025-08-18T18:00:28.4498921Z 631fe8c6d606: Verifying Checksum
2025-08-18T18:00:28.4506894Z 631fe8c6d606: Download complete
2025-08-18T18:00:28.4587938Z 77c7671c4414: Download complete
2025-08-18T18:00:28.5662475Z c6bcc2c9a041: Verifying Checksum
2025-08-18T18:00:28.5667241Z c6bcc2c9a041: Download complete
2025-08-18T18:00:28.6772228Z 2d9e29180a27: Verifying Checksum
2025-08-18T18:00:28.6773893Z 2d9e29180a27: Download complete
2025-08-18T18:00:28.6955383Z ac4b721eb66f: Verifying Checksum
2025-08-18T18:00:28.6956847Z ac4b721eb66f: Download complete
2025-08-18T18:00:28.7221471Z 396b1da7636e: Verifying Checksum
2025-08-18T18:00:28.7223125Z 396b1da7636e: Download complete
2025-08-18T18:00:28.7863433Z 606bd164980e: Verifying Checksum
2025-08-18T18:00:28.7866177Z 606bd164980e: Download complete
2025-08-18T18:00:28.8019981Z ba7036bb0a60: Download complete
2025-08-18T18:00:28.8918335Z 799f859abbbd: Verifying Checksum
2025-08-18T18:00:28.8927414Z 799f859abbbd: Download complete
2025-08-18T18:00:28.8928998Z d903e777080c: Verifying Checksum
2025-08-18T18:00:28.8931827Z d903e777080c: Download complete
2025-08-18T18:00:28.9846928Z 5c10925b29ff: Verifying Checksum
2025-08-18T18:00:28.9848683Z 5c10925b29ff: Download complete
2025-08-18T18:00:28.9996861Z 04adcb462801: Download complete
2025-08-18T18:00:29.7308727Z 396b1da7636e: Pull complete
2025-08-18T18:00:29.8498879Z fca2566eba32: Pull complete
2025-08-18T18:00:30.0354891Z 631fe8c6d606: Pull complete
2025-08-18T18:00:30.0926696Z 77c7671c4414: Pull complete
2025-08-18T18:00:30.4121643Z 2d9e29180a27: Pull complete
2025-08-18T18:00:30.5349588Z c6bcc2c9a041: Pull complete
2025-08-18T18:00:30.5485108Z ac4b721eb66f: Pull complete
2025-08-18T18:00:30.5657820Z 606bd164980e: Pull complete
2025-08-18T18:00:31.3660232Z f5dfd246bc6e: Verifying Checksum
2025-08-18T18:00:31.3661356Z f5dfd246bc6e: Download complete
2025-08-18T18:00:34.3173920Z f5dfd246bc6e: Pull complete
2025-08-18T18:00:34.3402350Z ba7036bb0a60: Pull complete
2025-08-18T18:00:34.3569302Z 799f859abbbd: Pull complete
2025-08-18T18:00:34.3730161Z d903e777080c: Pull complete
2025-08-18T18:00:34.3926543Z 04adcb462801: Pull complete
2025-08-18T18:00:34.4104776Z 5c10925b29ff: Pull complete
2025-08-18T18:00:34.4179361Z Digest: sha256:bc51cf4f1fe02cce7ed2370b20128a9b00b4eb804573a77d2a0d877aaa9c82b1
2025-08-18T18:00:34.4204133Z Status: Downloaded newer image for postgres:15
2025-08-18T18:00:34.4216423Z docker.io/library/postgres:15
2025-08-18T18:00:34.4292734Z ##[command]/usr/bin/docker create --name bb54edb575474ed1963d142dbdad9a18_postgres15_d9b75c --label 385090 --network github_network_e85987981e784df7a21aa69856ba5fe2 --network-alias postgres -p 5432:5432 --health-cmd="pg_isready -U postgres -d awa" --health-interval=5s --health-timeout=5s --health-retries=10 -e "POSTGRES_USER=postgres" -e "POSTGRES_PASSWORD=pass" -e "POSTGRES_DB=awa" -e GITHUB_ACTIONS=true -e CI=true postgres:15
2025-08-18T18:00:34.4655546Z 87ae4d3eab8c2bd4a729b34128116046eb22122cac9656d53e3a7afe6bbef6fa
2025-08-18T18:00:34.4679500Z ##[command]/usr/bin/docker start 87ae4d3eab8c2bd4a729b34128116046eb22122cac9656d53e3a7afe6bbef6fa
2025-08-18T18:00:34.8210076Z 87ae4d3eab8c2bd4a729b34128116046eb22122cac9656d53e3a7afe6bbef6fa
2025-08-18T18:00:34.8231120Z ##[command]/usr/bin/docker ps --all --filter id=87ae4d3eab8c2bd4a729b34128116046eb22122cac9656d53e3a7afe6bbef6fa --filter status=running --no-trunc --format "{{.ID}} {{.Status}}"
2025-08-18T18:00:34.8353935Z 87ae4d3eab8c2bd4a729b34128116046eb22122cac9656d53e3a7afe6bbef6fa Up Less than a second (health: starting)
2025-08-18T18:00:34.8376573Z ##[command]/usr/bin/docker port 87ae4d3eab8c2bd4a729b34128116046eb22122cac9656d53e3a7afe6bbef6fa
2025-08-18T18:00:34.8505630Z 5432/tcp -> 0.0.0.0:5432
2025-08-18T18:00:34.8506068Z 5432/tcp -> [::]:5432
2025-08-18T18:00:34.8554967Z ##[endgroup]
2025-08-18T18:00:34.8555863Z ##[group]Starting redis service container
2025-08-18T18:00:34.8557138Z ##[command]/usr/bin/docker pull redis:7-alpine
2025-08-18T18:00:35.0819420Z 7-alpine: Pulling from library/redis
2025-08-18T18:00:35.1471851Z 0368fd46e3c6: Pulling fs layer
2025-08-18T18:00:35.1473236Z 4c55286bbede: Pulling fs layer
2025-08-18T18:00:35.1474282Z 5e28347af205: Pulling fs layer
2025-08-18T18:00:35.1479064Z 311eca34042e: Pulling fs layer
2025-08-18T18:00:35.1480057Z e6fe6f07e192: Pulling fs layer
2025-08-18T18:00:35.1480931Z a2cadbfeca72: Pulling fs layer
2025-08-18T18:00:35.1482302Z 4f4fb700ef54: Pulling fs layer
2025-08-18T18:00:35.1482679Z a976ed7e7808: Pulling fs layer
2025-08-18T18:00:35.1483042Z e6fe6f07e192: Waiting
2025-08-18T18:00:35.1483348Z a2cadbfeca72: Waiting
2025-08-18T18:00:35.1483656Z 4f4fb700ef54: Waiting
2025-08-18T18:00:35.1483953Z a976ed7e7808: Waiting
2025-08-18T18:00:35.1484245Z 311eca34042e: Waiting
2025-08-18T18:00:35.2444973Z 5e28347af205: Verifying Checksum
2025-08-18T18:00:35.2446558Z 5e28347af205: Download complete
2025-08-18T18:00:35.2478482Z 4c55286bbede: Verifying Checksum
2025-08-18T18:00:35.2479155Z 4c55286bbede: Download complete
2025-08-18T18:00:35.3614161Z 311eca34042e: Verifying Checksum
2025-08-18T18:00:35.3614615Z 311eca34042e: Download complete
2025-08-18T18:00:35.4252751Z e6fe6f07e192: Verifying Checksum
2025-08-18T18:00:35.4255978Z e6fe6f07e192: Download complete
2025-08-18T18:00:35.4521231Z 0368fd46e3c6: Verifying Checksum
2025-08-18T18:00:35.4521678Z 0368fd46e3c6: Download complete
2025-08-18T18:00:35.4603943Z a2cadbfeca72: Verifying Checksum
2025-08-18T18:00:35.4604380Z a2cadbfeca72: Download complete
2025-08-18T18:00:35.5016363Z 4f4fb700ef54: Verifying Checksum
2025-08-18T18:00:35.5017177Z 4f4fb700ef54: Download complete
2025-08-18T18:00:35.5305253Z a976ed7e7808: Verifying Checksum
2025-08-18T18:00:35.5306708Z a976ed7e7808: Download complete
2025-08-18T18:00:35.5693946Z 0368fd46e3c6: Pull complete
2025-08-18T18:00:35.5942892Z 4c55286bbede: Pull complete
2025-08-18T18:00:35.7605860Z 5e28347af205: Pull complete
2025-08-18T18:00:35.8019814Z 311eca34042e: Pull complete
2025-08-18T18:00:35.9974380Z e6fe6f07e192: Pull complete
2025-08-18T18:00:36.0141127Z a2cadbfeca72: Pull complete
2025-08-18T18:00:36.0257543Z 4f4fb700ef54: Pull complete
2025-08-18T18:00:36.0378740Z a976ed7e7808: Pull complete
2025-08-18T18:00:36.0420966Z Digest: sha256:bb186d083732f669da90be8b0f975a37812b15e913465bb14d845db72a4e3e08
2025-08-18T18:00:36.0434958Z Status: Downloaded newer image for redis:7-alpine
2025-08-18T18:00:36.0443690Z docker.io/library/redis:7-alpine
2025-08-18T18:00:36.0460033Z ##[command]/usr/bin/docker create --name 58130d0d63b34883bb8c06f560075bd8_redis7alpine_4333bf --label 385090 --network github_network_e85987981e784df7a21aa69856ba5fe2 --network-alias redis -p 6379:6379  -e GITHUB_ACTIONS=true -e CI=true redis:7-alpine
2025-08-18T18:00:36.0720278Z 584f9f3aa31405768231f356efca5b66c7e5139559d60c53d00265ca14b2047d
2025-08-18T18:00:36.0734853Z ##[command]/usr/bin/docker start 584f9f3aa31405768231f356efca5b66c7e5139559d60c53d00265ca14b2047d
2025-08-18T18:00:36.2123830Z 584f9f3aa31405768231f356efca5b66c7e5139559d60c53d00265ca14b2047d
2025-08-18T18:00:36.2139867Z ##[command]/usr/bin/docker ps --all --filter id=584f9f3aa31405768231f356efca5b66c7e5139559d60c53d00265ca14b2047d --filter status=running --no-trunc --format "{{.ID}} {{.Status}}"
2025-08-18T18:00:36.2281061Z 584f9f3aa31405768231f356efca5b66c7e5139559d60c53d00265ca14b2047d Up Less than a second
2025-08-18T18:00:36.2294988Z ##[command]/usr/bin/docker port 584f9f3aa31405768231f356efca5b66c7e5139559d60c53d00265ca14b2047d
2025-08-18T18:00:36.2414619Z 6379/tcp -> 0.0.0.0:6379
2025-08-18T18:00:36.2415485Z 6379/tcp -> [::]:6379
2025-08-18T18:00:36.2429513Z ##[endgroup]
2025-08-18T18:00:36.2439470Z ##[group]Waiting for all services to be ready
2025-08-18T18:00:36.2453377Z ##[command]/usr/bin/docker inspect --format="{{if .Config.Healthcheck}}{{print .State.Health.Status}}{{end}}" 87ae4d3eab8c2bd4a729b34128116046eb22122cac9656d53e3a7afe6bbef6fa
2025-08-18T18:00:36.2567683Z starting
2025-08-18T18:00:36.2587391Z postgres service is starting, waiting 2 seconds before checking again.
2025-08-18T18:00:38.2576050Z ##[command]/usr/bin/docker inspect --format="{{if .Config.Healthcheck}}{{print .State.Health.Status}}{{end}}" 87ae4d3eab8c2bd4a729b34128116046eb22122cac9656d53e3a7afe6bbef6fa
2025-08-18T18:00:38.2696517Z starting
2025-08-18T18:00:38.2709933Z postgres service is starting, waiting 3 seconds before checking again.
2025-08-18T18:00:42.0237060Z ##[command]/usr/bin/docker inspect --format="{{if .Config.Healthcheck}}{{print .State.Health.Status}}{{end}}" 87ae4d3eab8c2bd4a729b34128116046eb22122cac9656d53e3a7afe6bbef6fa
2025-08-18T18:00:42.0355917Z healthy
2025-08-18T18:00:42.0373789Z postgres service is healthy.
2025-08-18T18:00:42.0374621Z ##[command]/usr/bin/docker inspect --format="{{if .Config.Healthcheck}}{{print .State.Health.Status}}{{end}}" 584f9f3aa31405768231f356efca5b66c7e5139559d60c53d00265ca14b2047d
2025-08-18T18:00:42.0499032Z redis service is healthy.
2025-08-18T18:00:42.0499665Z ##[endgroup]
2025-08-18T18:00:42.0815235Z ##[group]Run actions/checkout@v4
2025-08-18T18:00:42.0815765Z with:
2025-08-18T18:00:42.0815950Z   repository: AlexBomber12/AWA-App
2025-08-18T18:00:42.0816339Z   token: ***
2025-08-18T18:00:42.0816504Z   ssh-strict: true
2025-08-18T18:00:42.0816685Z   ssh-user: git
2025-08-18T18:00:42.0816868Z   persist-credentials: true
2025-08-18T18:00:42.0817066Z   clean: true
2025-08-18T18:00:42.0817238Z   sparse-checkout-cone-mode: true
2025-08-18T18:00:42.0817464Z   fetch-depth: 1
2025-08-18T18:00:42.0817640Z   fetch-tags: false
2025-08-18T18:00:42.0817815Z   show-progress: true
2025-08-18T18:00:42.0817994Z   lfs: false
2025-08-18T18:00:42.0818146Z   submodules: false
2025-08-18T18:00:42.0818321Z   set-safe-directory: true
2025-08-18T18:00:42.0818685Z env:
2025-08-18T18:00:42.0818911Z   REDIS_URL: redis://localhost:6379/0
2025-08-18T18:00:42.0819158Z   RATE_LIMIT_DEFAULT: 100/minute
2025-08-18T18:00:42.0819372Z   TRUST_X_FORWARDED: 1
2025-08-18T18:00:42.0819546Z ##[endgroup]
2025-08-18T18:00:42.1875974Z Syncing repository: AlexBomber12/AWA-App
2025-08-18T18:00:42.1877211Z ##[group]Getting Git version info
2025-08-18T18:00:42.1877561Z Working directory is '/home/runner/work/AWA-App/AWA-App'
2025-08-18T18:00:42.1878042Z [command]/usr/bin/git version
2025-08-18T18:00:42.1956135Z git version 2.50.1
2025-08-18T18:00:42.1981365Z ##[endgroup]
2025-08-18T18:00:42.1994535Z Temporarily overriding HOME='/home/runner/work/_temp/c6f1d7eb-0547-4ac9-bcfb-419de7314b19' before making global git config changes
2025-08-18T18:00:42.1995368Z Adding repository directory to the temporary git global config as a safe directory
2025-08-18T18:00:42.1999349Z [command]/usr/bin/git config --global --add safe.directory /home/runner/work/AWA-App/AWA-App
2025-08-18T18:00:42.2031761Z Deleting the contents of '/home/runner/work/AWA-App/AWA-App'
2025-08-18T18:00:42.2035158Z ##[group]Initializing the repository
2025-08-18T18:00:42.2038768Z [command]/usr/bin/git init /home/runner/work/AWA-App/AWA-App
2025-08-18T18:00:42.2156560Z hint: Using 'master' as the name for the initial branch. This default branch name
2025-08-18T18:00:42.2157771Z hint: is subject to change. To configure the initial branch name to use in all
2025-08-18T18:00:42.2158502Z hint: of your new repositories, which will suppress this warning, call:
2025-08-18T18:00:42.2159060Z hint:
2025-08-18T18:00:42.2159444Z hint: 	git config --global init.defaultBranch <name>
2025-08-18T18:00:42.2159877Z hint:
2025-08-18T18:00:42.2160221Z hint: Names commonly chosen instead of 'master' are 'main', 'trunk' and
2025-08-18T18:00:42.2160813Z hint: 'development'. The just-created branch can be renamed via this command:
2025-08-18T18:00:42.2161156Z hint:
2025-08-18T18:00:42.2161332Z hint: 	git branch -m <name>
2025-08-18T18:00:42.2161538Z hint:
2025-08-18T18:00:42.2161825Z hint: Disable this message with "git config set advice.defaultBranchName false"
2025-08-18T18:00:42.2162319Z Initialized empty Git repository in /home/runner/work/AWA-App/AWA-App/.git/
2025-08-18T18:00:42.2169805Z [command]/usr/bin/git remote add origin https://github.com/AlexBomber12/AWA-App
2025-08-18T18:00:42.2203022Z ##[endgroup]
2025-08-18T18:00:42.2203585Z ##[group]Disabling automatic garbage collection
2025-08-18T18:00:42.2207789Z [command]/usr/bin/git config --local gc.auto 0
2025-08-18T18:00:42.2235237Z ##[endgroup]
2025-08-18T18:00:42.2235799Z ##[group]Setting up auth
2025-08-18T18:00:42.2242853Z [command]/usr/bin/git config --local --name-only --get-regexp core\.sshCommand
2025-08-18T18:00:42.2271661Z [command]/usr/bin/git submodule foreach --recursive sh -c "git config --local --name-only --get-regexp 'core\.sshCommand' && git config --local --unset-all 'core.sshCommand' || :"
2025-08-18T18:00:42.2567947Z [command]/usr/bin/git config --local --name-only --get-regexp http\.https\:\/\/github\.com\/\.extraheader
2025-08-18T18:00:42.2597246Z [command]/usr/bin/git submodule foreach --recursive sh -c "git config --local --name-only --get-regexp 'http\.https\:\/\/github\.com\/\.extraheader' && git config --local --unset-all 'http.https://github.com/.extraheader' || :"
2025-08-18T18:00:42.2817911Z [command]/usr/bin/git config --local http.https://github.com/.extraheader AUTHORIZATION: basic ***
2025-08-18T18:00:42.2863476Z ##[endgroup]
2025-08-18T18:00:42.2864109Z ##[group]Fetching the repository
2025-08-18T18:00:42.2873390Z [command]/usr/bin/git -c protocol.version=2 fetch --no-tags --prune --no-recurse-submodules --depth=1 origin +a25c5248aa880a9b0d025ad20c3b80d4ae79673f:refs/remotes/pull/249/merge
2025-08-18T18:00:42.5526928Z From https://github.com/AlexBomber12/AWA-App
2025-08-18T18:00:42.5527914Z  * [new ref]         a25c5248aa880a9b0d025ad20c3b80d4ae79673f -> pull/249/merge
2025-08-18T18:00:42.5563342Z ##[endgroup]
2025-08-18T18:00:42.5563906Z ##[group]Determining the checkout info
2025-08-18T18:00:42.5565899Z ##[endgroup]
2025-08-18T18:00:42.5571023Z [command]/usr/bin/git sparse-checkout disable
2025-08-18T18:00:42.5614128Z [command]/usr/bin/git config --local --unset-all extensions.worktreeConfig
2025-08-18T18:00:42.5645106Z ##[group]Checking out the ref
2025-08-18T18:00:42.5650122Z [command]/usr/bin/git checkout --progress --force refs/remotes/pull/249/merge
2025-08-18T18:00:42.5951961Z Note: switching to 'refs/remotes/pull/249/merge'.
2025-08-18T18:00:42.5952635Z 
2025-08-18T18:00:42.5953030Z You are in 'detached HEAD' state. You can look around, make experimental
2025-08-18T18:00:42.5954796Z changes and commit them, and you can discard any commits you make in this
2025-08-18T18:00:42.5955580Z state without impacting any branches by switching back to a branch.
2025-08-18T18:00:42.5956026Z 
2025-08-18T18:00:42.5956496Z If you want to create a new branch to retain commits you create, you may
2025-08-18T18:00:42.5957121Z do so (now or later) by using -c with the switch command. Example:
2025-08-18T18:00:42.5957475Z 
2025-08-18T18:00:42.5957618Z   git switch -c <new-branch-name>
2025-08-18T18:00:42.5957879Z 
2025-08-18T18:00:42.5968328Z Or undo this operation with:
2025-08-18T18:00:42.5968594Z 
2025-08-18T18:00:42.5968744Z   git switch -
2025-08-18T18:00:42.5968943Z 
2025-08-18T18:00:42.5969418Z Turn off this advice by setting config variable advice.detachedHead to false
2025-08-18T18:00:42.5969699Z 
2025-08-18T18:00:42.5970005Z HEAD is now at a25c524 Merge bf37a88665e07e5ebae3871ea543f4fed296af57 into 1f929a71601ee522307f55a783476f7b77b299f8
2025-08-18T18:00:42.5971229Z ##[endgroup]
2025-08-18T18:00:42.6005567Z [command]/usr/bin/git log -1 --format=%H
2025-08-18T18:00:42.6028831Z a25c5248aa880a9b0d025ad20c3b80d4ae79673f
2025-08-18T18:00:42.6194104Z ##[group]Run cat .env.ci >> "$GITHUB_ENV"
2025-08-18T18:00:42.6194432Z [36;1mcat .env.ci >> "$GITHUB_ENV"[0m
2025-08-18T18:00:42.6195129Z [36;1mecho "DATABASE_URL=***localhost:5432/awa" >> "$GITHUB_ENV"[0m
2025-08-18T18:00:42.6195468Z [36;1mecho "PG_HOST=localhost" >> "$GITHUB_ENV"[0m
2025-08-18T18:00:42.6195742Z [36;1mecho "PG_PORT=5432" >> "$GITHUB_ENV"[0m
2025-08-18T18:00:42.6196020Z [36;1mecho "PG_USER=postgres" >> "$GITHUB_ENV"[0m
2025-08-18T18:00:42.6196290Z [36;1mecho "PG_PASSWORD=pass" >> "$GITHUB_ENV"[0m
2025-08-18T18:00:42.6196574Z [36;1mecho "PG_DATABASE=awa" >> "$GITHUB_ENV"[0m
2025-08-18T18:00:42.6240732Z shell: /usr/bin/bash -e {0}
2025-08-18T18:00:42.6240953Z env:
2025-08-18T18:00:42.6241148Z   REDIS_URL: redis://localhost:6379/0
2025-08-18T18:00:42.6241396Z   RATE_LIMIT_DEFAULT: 100/minute
2025-08-18T18:00:42.6241610Z   TRUST_X_FORWARDED: 1
2025-08-18T18:00:42.6241789Z ##[endgroup]
2025-08-18T18:00:42.6406435Z ##[group]Run actions/setup-python@v5
2025-08-18T18:00:42.6406682Z with:
2025-08-18T18:00:42.6406852Z   python-version: 3.12
2025-08-18T18:00:42.6407034Z   cache: pip
2025-08-18T18:00:42.6407241Z   cache-dependency-path: requirements-dev.txt
2025-08-18T18:00:42.6407493Z   check-latest: false
2025-08-18T18:00:42.6407781Z   token: ***
2025-08-18T18:00:42.6407957Z   update-environment: true
2025-08-18T18:00:42.6408179Z   allow-prereleases: false
2025-08-18T18:00:42.6408378Z   freethreaded: false
2025-08-18T18:00:42.6408547Z env:
2025-08-18T18:00:42.6408729Z   REDIS_URL: redis://localhost:6379/0
2025-08-18T18:00:42.6408981Z   RATE_LIMIT_DEFAULT: 100/minute
2025-08-18T18:00:42.6409197Z   TRUST_X_FORWARDED: 1
2025-08-18T18:00:42.6409375Z   PG_USER: postgres
2025-08-18T18:00:42.6409558Z   PG_PASSWORD: pass
2025-08-18T18:00:42.6409727Z   PG_DATABASE: awa
2025-08-18T18:00:42.6409942Z   PG_HOST: localhost
2025-08-18T18:00:42.6410147Z   PG_PORT: 5432
2025-08-18T18:00:42.6410779Z   PG_SYNC_DSN: ***localhost:5432/awa
2025-08-18T18:00:42.6411175Z   PG_ASYNC_DSN: ***localhost:5432/awa
2025-08-18T18:00:42.6411545Z   DATABASE_URL: ***localhost:5432/awa
2025-08-18T18:00:42.6411765Z   DATA_DIR: /tmp/awa-data
2025-08-18T18:00:42.6411961Z   ENABLE_LIVE: 0
2025-08-18T18:00:42.6412121Z   TESTING: 1
2025-08-18T18:00:42.6412282Z ##[endgroup]
2025-08-18T18:00:42.8027878Z ##[group]Installed versions
2025-08-18T18:00:42.8141038Z Successfully set up CPython (3.12.11)
2025-08-18T18:00:42.8141806Z ##[endgroup]
2025-08-18T18:00:42.8449290Z [command]/opt/hostedtoolcache/Python/3.12.11/x64/bin/pip cache dir
2025-08-18T18:00:43.1944237Z /home/runner/.cache/pip
2025-08-18T18:00:43.2996724Z Cache hit for: setup-python-Linux-x64-24.04-Ubuntu-python-3.12.11-pip-5e718741e550cec7917fae13efe91a31293d04a98c3c0932315e8f58598cbd2c
2025-08-18T18:00:44.3537743Z Received 234881024 of 318226488 (73.8%), 223.6 MBs/sec
2025-08-18T18:00:44.7602179Z Received 318226488 of 318226488 (100.0%), 215.4 MBs/sec
2025-08-18T18:00:44.7604509Z Cache Size: ~303 MB (318226488 B)
2025-08-18T18:00:44.7641609Z [command]/usr/bin/tar -xf /home/runner/work/_temp/db4ad99f-08d9-491c-b227-94bab9b9b2a4/cache.tzst -P -C /home/runner/work/AWA-App/AWA-App --use-compress-program unzstd
2025-08-18T18:00:45.2789700Z Cache restored successfully
2025-08-18T18:00:45.3404588Z Cache restored from key: setup-python-Linux-x64-24.04-Ubuntu-python-3.12.11-pip-5e718741e550cec7917fae13efe91a31293d04a98c3c0932315e8f58598cbd2c
2025-08-18T18:00:45.3573597Z ##[group]Run pip install -r requirements-dev.txt
2025-08-18T18:00:45.3573977Z [36;1mpip install -r requirements-dev.txt[0m
2025-08-18T18:00:45.3574273Z [36;1mpip install keepa==1.3.15 minio==7.1.15[0m
2025-08-18T18:00:45.3616984Z shell: /usr/bin/bash -e {0}
2025-08-18T18:00:45.3617227Z env:
2025-08-18T18:00:45.3617433Z   REDIS_URL: redis://localhost:6379/0
2025-08-18T18:00:45.3617695Z   RATE_LIMIT_DEFAULT: 100/minute
2025-08-18T18:00:45.3617913Z   TRUST_X_FORWARDED: 1
2025-08-18T18:00:45.3618108Z   PG_USER: postgres
2025-08-18T18:00:45.3618297Z   PG_PASSWORD: pass
2025-08-18T18:00:45.3618471Z   PG_DATABASE: awa
2025-08-18T18:00:45.3618651Z   PG_HOST: localhost
2025-08-18T18:00:45.3618835Z   PG_PORT: 5432
2025-08-18T18:00:45.3619276Z   PG_SYNC_DSN: ***localhost:5432/awa
2025-08-18T18:00:45.3619705Z   PG_ASYNC_DSN: ***localhost:5432/awa
2025-08-18T18:00:45.3620070Z   DATABASE_URL: ***localhost:5432/awa
2025-08-18T18:00:45.3620300Z   DATA_DIR: /tmp/awa-data
2025-08-18T18:00:45.3620744Z   ENABLE_LIVE: 0
2025-08-18T18:00:45.3620920Z   TESTING: 1
2025-08-18T18:00:45.3621156Z   pythonLocation: /opt/hostedtoolcache/Python/3.12.11/x64
2025-08-18T18:00:45.3621552Z   PKG_CONFIG_PATH: /opt/hostedtoolcache/Python/3.12.11/x64/lib/pkgconfig
2025-08-18T18:00:45.3621940Z   Python_ROOT_DIR: /opt/hostedtoolcache/Python/3.12.11/x64
2025-08-18T18:00:45.3622282Z   Python2_ROOT_DIR: /opt/hostedtoolcache/Python/3.12.11/x64
2025-08-18T18:00:45.3622618Z   Python3_ROOT_DIR: /opt/hostedtoolcache/Python/3.12.11/x64
2025-08-18T18:00:45.3622961Z   LD_LIBRARY_PATH: /opt/hostedtoolcache/Python/3.12.11/x64/lib
2025-08-18T18:00:45.3623238Z ##[endgroup]
2025-08-18T18:00:46.0499282Z Collecting Jinja2==3.1.6 (from -r requirements-dev.txt (line 2))
2025-08-18T18:00:46.0512737Z   Using cached jinja2-3.1.6-py3-none-any.whl.metadata (2.9 kB)
2025-08-18T18:00:46.0767344Z Collecting alembic==1.13.1 (from -r requirements-dev.txt (line 3))
2025-08-18T18:00:46.0779100Z   Using cached alembic-1.13.1-py3-none-any.whl.metadata (7.4 kB)
2025-08-18T18:00:46.0976988Z Collecting apscheduler==3.10.4 (from -r requirements-dev.txt (line 4))
2025-08-18T18:00:46.0988046Z   Using cached APScheduler-3.10.4-py3-none-any.whl.metadata (5.7 kB)
2025-08-18T18:00:46.1176380Z Collecting asgi-correlation-id==4.3.1 (from -r requirements-dev.txt (line 5))
2025-08-18T18:00:46.1188033Z   Using cached asgi_correlation_id-4.3.1-py3-none-any.whl.metadata (28 kB)
2025-08-18T18:00:46.1634275Z Collecting asyncpg==0.30.0 (from -r requirements-dev.txt (line 6))
2025-08-18T18:00:46.1647405Z   Using cached asyncpg-0.30.0-cp312-cp312-manylinux_2_17_x86_64.manylinux2014_x86_64.whl.metadata (5.0 kB)
2025-08-18T18:00:46.2115233Z Collecting black==25.1.0 (from -r requirements-dev.txt (line 7))
2025-08-18T18:00:46.2128302Z   Using cached black-25.1.0-cp312-cp312-manylinux_2_17_x86_64.manylinux2014_x86_64.manylinux_2_28_x86_64.whl.metadata (81 kB)
2025-08-18T18:00:46.5441510Z Collecting boto3 (from -r requirements-dev.txt (line 8))
2025-08-18T18:00:46.5454959Z   Using cached boto3-1.40.11-py3-none-any.whl.metadata (6.7 kB)
2025-08-18T18:00:46.5775983Z Collecting redis==5.* (from -r requirements-dev.txt (line 9))
2025-08-18T18:00:46.5788041Z   Using cached redis-5.3.1-py3-none-any.whl.metadata (9.2 kB)
2025-08-18T18:00:46.6132912Z Collecting minio==7.* (from -r requirements-dev.txt (line 10))
2025-08-18T18:00:46.6145720Z   Using cached minio-7.2.16-py3-none-any.whl.metadata (6.5 kB)
2025-08-18T18:00:46.6555966Z Collecting celery==5.4.0 (from -r requirements-dev.txt (line 11))
2025-08-18T18:00:46.7449721Z   Using cached celery-5.4.0-py3-none-any.whl.metadata (21 kB)
2025-08-18T18:00:46.8087243Z Collecting fastapi==0.116.1 (from -r requirements-dev.txt (line 12))
2025-08-18T18:00:46.8104964Z   Using cached fastapi-0.116.1-py3-none-any.whl.metadata (28 kB)
2025-08-18T18:00:46.8305426Z Collecting fastapi-limiter==0.1.6 (from -r requirements-dev.txt (line 14))
2025-08-18T18:00:46.8317251Z   Using cached fastapi_limiter-0.1.6-py3-none-any.whl.metadata (5.3 kB)
2025-08-18T18:00:46.8526540Z Collecting httpx<0.29,>=0.27 (from -r requirements-dev.txt (line 15))
2025-08-18T18:00:46.8544033Z   Using cached httpx-0.28.1-py3-none-any.whl.metadata (7.1 kB)
2025-08-18T18:00:46.8707750Z Collecting imapclient==3.0.1 (from -r requirements-dev.txt (line 16))
2025-08-18T18:00:46.8719237Z   Using cached IMAPClient-3.0.1-py2.py3-none-any.whl.metadata (1.7 kB)
2025-08-18T18:00:46.8869495Z Collecting itsdangerous (from -r requirements-dev.txt (line 17))
2025-08-18T18:00:46.8881750Z   Using cached itsdangerous-2.2.0-py3-none-any.whl.metadata (1.9 kB)
2025-08-18T18:00:46.9903054Z Collecting mypy==1.* (from -r requirements-dev.txt (line 18))
2025-08-18T18:00:46.9915966Z   Using cached mypy-1.17.1-cp312-cp312-manylinux2014_x86_64.manylinux_2_17_x86_64.manylinux_2_28_x86_64.whl.metadata (2.2 kB)
2025-08-18T18:00:47.0057022Z Collecting mypy-extensions==1.1.0 (from -r requirements-dev.txt (line 19))
2025-08-18T18:00:47.0068423Z   Using cached mypy_extensions-1.1.0-py3-none-any.whl.metadata (1.1 kB)
2025-08-18T18:00:47.1956930Z Collecting numpy<2 (from -r requirements-dev.txt (line 20))
2025-08-18T18:00:47.1974945Z   Using cached numpy-1.26.4-cp312-cp312-manylinux_2_17_x86_64.manylinux2014_x86_64.whl.metadata (61 kB)
2025-08-18T18:00:47.2276186Z Collecting openpyxl==3.1.5 (from -r requirements-dev.txt (line 21))
2025-08-18T18:00:47.2287620Z   Using cached openpyxl-3.1.5-py2.py3-none-any.whl.metadata (2.5 kB)
2025-08-18T18:00:47.3384066Z Collecting pandas==2.2.* (from -r requirements-dev.txt (line 22))
2025-08-18T18:00:47.3397427Z   Using cached pandas-2.2.3-cp312-cp312-manylinux_2_17_x86_64.manylinux2014_x86_64.whl.metadata (89 kB)
2025-08-18T18:00:47.4357869Z Collecting psycopg2-binary==2.9.9 (from -r requirements-dev.txt (line 23))
2025-08-18T18:00:47.4374646Z   Using cached psycopg2_binary-2.9.9-cp312-cp312-manylinux_2_17_x86_64.manylinux2014_x86_64.whl.metadata (4.4 kB)
2025-08-18T18:00:47.4600189Z Collecting psycopg==3.2.9 (from psycopg[binary]==3.2.9->-r requirements-dev.txt (line 24))
2025-08-18T18:00:47.4612534Z   Using cached psycopg-3.2.9-py3-none-any.whl.metadata (4.5 kB)
2025-08-18T18:00:47.5726837Z Collecting pydantic==2.11.7 (from -r requirements-dev.txt (line 25))
2025-08-18T18:00:47.5739218Z   Using cached pydantic-2.11.7-py3-none-any.whl.metadata (67 kB)
2025-08-18T18:00:47.6999247Z Collecting setuptools (from -r requirements-dev.txt (line 26))
2025-08-18T18:00:47.7013055Z   Using cached setuptools-80.9.0-py3-none-any.whl.metadata (6.6 kB)
2025-08-18T18:00:47.7308309Z Collecting pytest-asyncio==0.23.6 (from -r requirements-dev.txt (line 27))
2025-08-18T18:00:47.7320309Z   Using cached pytest_asyncio-0.23.6-py3-none-any.whl.metadata (3.9 kB)
2025-08-18T18:00:47.7491549Z Collecting pytest-cov==6.2.1 (from -r requirements-dev.txt (line 28))
2025-08-18T18:00:47.7503274Z   Using cached pytest_cov-6.2.1-py3-none-any.whl.metadata (30 kB)
2025-08-18T18:00:47.7697656Z Collecting pytest-postgresql==7.0.2 (from -r requirements-dev.txt (line 29))
2025-08-18T18:00:47.7709099Z   Using cached pytest_postgresql-7.0.2-py3-none-any.whl.metadata (18 kB)
2025-08-18T18:00:47.7909725Z Collecting python-dotenv (from -r requirements-dev.txt (line 30))
2025-08-18T18:00:47.7921867Z   Using cached python_dotenv-1.1.1-py3-none-any.whl.metadata (24 kB)
2025-08-18T18:00:47.8087861Z Collecting python-multipart (from -r requirements-dev.txt (line 31))
2025-08-18T18:00:47.8099732Z   Using cached python_multipart-0.0.20-py3-none-any.whl.metadata (1.8 kB)
2025-08-18T18:00:47.8414286Z Collecting python-telegram-bot==22.2 (from -r requirements-dev.txt (line 32))
2025-08-18T18:00:47.8426595Z   Using cached python_telegram_bot-22.2-py3-none-any.whl.metadata (17 kB)
2025-08-18T18:00:47.8778561Z Collecting requests==2.32.4 (from -r requirements-dev.txt (line 33))
2025-08-18T18:00:47.8790150Z   Using cached requests-2.32.4-py3-none-any.whl.metadata (4.9 kB)
2025-08-18T18:00:47.8981276Z Collecting respx==0.22.0 (from -r requirements-dev.txt (line 34))
2025-08-18T18:00:47.8992995Z   Using cached respx-0.22.0-py2.py3-none-any.whl.metadata (4.1 kB)
2025-08-18T18:00:48.2656443Z Collecting ruff==0.4.4 (from -r requirements-dev.txt (line 35))
2025-08-18T18:00:48.2669354Z   Using cached ruff-0.4.4-py3-none-manylinux_2_17_x86_64.manylinux2014_x86_64.whl.metadata (23 kB)
2025-08-18T18:00:48.5265312Z Collecting sqlalchemy==2.0.29 (from -r requirements-dev.txt (line 36))
2025-08-18T18:00:48.5278877Z   Using cached SQLAlchemy-2.0.29-cp312-cp312-manylinux_2_17_x86_64.manylinux2014_x86_64.whl.metadata (9.6 kB)
2025-08-18T18:00:48.5523444Z Collecting structlog==24.1.0 (from -r requirements-dev.txt (line 37))
2025-08-18T18:00:48.5535038Z   Using cached structlog-24.1.0-py3-none-any.whl.metadata (6.9 kB)
2025-08-18T18:00:48.5746339Z Collecting testcontainers==4.10.0 (from testcontainers[postgres]==4.10.0->-r requirements-dev.txt (line 38))
2025-08-18T18:00:48.5757969Z   Using cached testcontainers-4.10.0-py3-none-any.whl.metadata (7.8 kB)
2025-08-18T18:00:48.6159440Z Collecting types-requests==2.32.0.20240602 (from -r requirements-dev.txt (line 39))
2025-08-18T18:00:48.6174603Z   Using cached types_requests-2.32.0.20240602-py3-none-any.whl.metadata (1.8 kB)
2025-08-18T18:00:48.6353022Z Collecting docspec-python==2.2.2 (from -r requirements-dev.txt (line 40))
2025-08-18T18:00:48.6368393Z   Using cached docspec_python-2.2.2-py3-none-any.whl.metadata (1.0 kB)
2025-08-18T18:00:48.6594009Z Collecting pydoc-markdown==4.8.2 (from -r requirements-dev.txt (line 41))
2025-08-18T18:00:48.6606929Z   Using cached pydoc_markdown-4.8.2-py3-none-any.whl.metadata (5.9 kB)
2025-08-18T18:00:48.6930869Z Collecting pandera==0.19.* (from -r requirements-dev.txt (line 42))
2025-08-18T18:00:48.6943921Z   Using cached pandera-0.19.3-py3-none-any.whl.metadata (15 kB)
2025-08-18T18:00:48.7992602Z Collecting MarkupSafe>=2.0 (from Jinja2==3.1.6->-r requirements-dev.txt (line 2))
2025-08-18T18:00:48.8005904Z   Using cached MarkupSafe-3.0.2-cp312-cp312-manylinux_2_17_x86_64.manylinux2014_x86_64.whl.metadata (4.0 kB)
2025-08-18T18:00:48.8293388Z Collecting Mako (from alembic==1.13.1->-r requirements-dev.txt (line 3))
2025-08-18T18:00:48.8305274Z   Using cached mako-1.3.10-py3-none-any.whl.metadata (2.9 kB)
2025-08-18T18:00:48.8511809Z Collecting typing-extensions>=4 (from alembic==1.13.1->-r requirements-dev.txt (line 3))
2025-08-18T18:00:48.8524697Z   Using cached typing_extensions-4.14.1-py3-none-any.whl.metadata (3.0 kB)
2025-08-18T18:00:48.8704670Z Collecting six>=1.4.0 (from apscheduler==3.10.4->-r requirements-dev.txt (line 4))
2025-08-18T18:00:48.8717777Z   Using cached six-1.17.0-py2.py3-none-any.whl.metadata (1.7 kB)
2025-08-18T18:00:48.9094397Z Collecting pytz (from apscheduler==3.10.4->-r requirements-dev.txt (line 4))
2025-08-18T18:00:48.9109116Z   Using cached pytz-2025.2-py2.py3-none-any.whl.metadata (22 kB)
2025-08-18T18:00:48.9326329Z Collecting tzlocal!=3.*,>=2.0 (from apscheduler==3.10.4->-r requirements-dev.txt (line 4))
2025-08-18T18:00:48.9338503Z   Using cached tzlocal-5.3.1-py3-none-any.whl.metadata (7.6 kB)
2025-08-18T18:00:48.9668897Z Collecting starlette>=0.18 (from asgi-correlation-id==4.3.1->-r requirements-dev.txt (line 5))
2025-08-18T18:00:48.9681169Z   Using cached starlette-0.47.2-py3-none-any.whl.metadata (6.2 kB)
2025-08-18T18:00:48.9922426Z Collecting click>=8.0.0 (from black==25.1.0->-r requirements-dev.txt (line 7))
2025-08-18T18:00:48.9934490Z   Using cached click-8.2.1-py3-none-any.whl.metadata (2.5 kB)
2025-08-18T18:00:49.0125066Z Collecting packaging>=22.0 (from black==25.1.0->-r requirements-dev.txt (line 7))
2025-08-18T18:00:49.0137741Z   Using cached packaging-25.0-py3-none-any.whl.metadata (3.3 kB)
2025-08-18T18:00:49.0284577Z Collecting pathspec>=0.9.0 (from black==25.1.0->-r requirements-dev.txt (line 7))
2025-08-18T18:00:49.0296809Z   Using cached pathspec-0.12.1-py3-none-any.whl.metadata (21 kB)
2025-08-18T18:00:49.0512900Z Collecting platformdirs>=2 (from black==25.1.0->-r requirements-dev.txt (line 7))
2025-08-18T18:00:49.0524857Z   Using cached platformdirs-4.3.8-py3-none-any.whl.metadata (12 kB)
2025-08-18T18:00:49.0771655Z Collecting billiard<5.0,>=4.2.0 (from celery==5.4.0->-r requirements-dev.txt (line 11))
2025-08-18T18:00:49.0783443Z   Using cached billiard-4.2.1-py3-none-any.whl.metadata (4.4 kB)
2025-08-18T18:00:49.1127821Z Collecting kombu<6.0,>=5.3.4 (from celery==5.4.0->-r requirements-dev.txt (line 11))
2025-08-18T18:00:49.1140669Z   Using cached kombu-5.5.4-py3-none-any.whl.metadata (3.5 kB)
2025-08-18T18:00:49.1333169Z Collecting vine<6.0,>=5.1.0 (from celery==5.4.0->-r requirements-dev.txt (line 11))
2025-08-18T18:00:49.1344783Z   Using cached vine-5.1.0-py3-none-any.whl.metadata (2.7 kB)
2025-08-18T18:00:49.1520748Z Collecting click-didyoumean>=0.3.0 (from celery==5.4.0->-r requirements-dev.txt (line 11))
2025-08-18T18:00:49.1532721Z   Using cached click_didyoumean-0.3.1-py3-none-any.whl.metadata (3.9 kB)
2025-08-18T18:00:49.1667569Z Collecting click-repl>=0.2.0 (from celery==5.4.0->-r requirements-dev.txt (line 11))
2025-08-18T18:00:49.1679077Z   Using cached click_repl-0.3.0-py3-none-any.whl.metadata (3.6 kB)
2025-08-18T18:00:49.1815757Z Collecting click-plugins>=1.1.1 (from celery==5.4.0->-r requirements-dev.txt (line 11))
2025-08-18T18:00:49.1827842Z   Using cached click_plugins-1.1.1.2-py2.py3-none-any.whl.metadata (6.5 kB)
2025-08-18T18:00:49.2009700Z Collecting tzdata>=2022.7 (from celery==5.4.0->-r requirements-dev.txt (line 11))
2025-08-18T18:00:49.2022689Z   Using cached tzdata-2025.2-py2.py3-none-any.whl.metadata (1.4 kB)
2025-08-18T18:00:49.2182374Z Collecting python-dateutil>=2.8.2 (from celery==5.4.0->-r requirements-dev.txt (line 11))
2025-08-18T18:00:49.2194477Z   Using cached python_dateutil-2.9.0.post0-py2.py3-none-any.whl.metadata (8.4 kB)
2025-08-18T18:00:49.2878978Z Collecting annotated-types>=0.6.0 (from pydantic==2.11.7->-r requirements-dev.txt (line 25))
2025-08-18T18:00:49.2891629Z   Using cached annotated_types-0.7.0-py3-none-any.whl.metadata (15 kB)
2025-08-18T18:00:49.9507109Z Collecting pydantic-core==2.33.2 (from pydantic==2.11.7->-r requirements-dev.txt (line 25))
2025-08-18T18:00:49.9520422Z   Using cached pydantic_core-2.33.2-cp312-cp312-manylinux_2_17_x86_64.manylinux2014_x86_64.whl.metadata (6.8 kB)
2025-08-18T18:00:49.9681490Z Collecting typing-inspection>=0.4.0 (from pydantic==2.11.7->-r requirements-dev.txt (line 25))
2025-08-18T18:00:49.9693322Z   Using cached typing_inspection-0.4.1-py3-none-any.whl.metadata (2.6 kB)
2025-08-18T18:00:50.0061480Z Collecting et-xmlfile (from openpyxl==3.1.5->-r requirements-dev.txt (line 21))
2025-08-18T18:00:50.0073353Z   Using cached et_xmlfile-2.0.0-py3-none-any.whl.metadata (2.7 kB)
2025-08-18T18:00:50.0538999Z Collecting pytest<9,>=7.0.0 (from pytest-asyncio==0.23.6->-r requirements-dev.txt (line 27))
2025-08-18T18:00:50.0551925Z   Using cached pytest-8.4.1-py3-none-any.whl.metadata (7.7 kB)
2025-08-18T18:00:50.3737818Z Collecting coverage>=7.5 (from coverage[toml]>=7.5->pytest-cov==6.2.1->-r requirements-dev.txt (line 28))
2025-08-18T18:00:50.3751532Z   Using cached coverage-7.10.4-cp312-cp312-manylinux1_x86_64.manylinux_2_28_x86_64.manylinux_2_5_x86_64.whl.metadata (8.9 kB)
2025-08-18T18:00:50.3914409Z Collecting pluggy>=1.2 (from pytest-cov==6.2.1->-r requirements-dev.txt (line 28))
2025-08-18T18:00:50.3926191Z   Using cached pluggy-1.6.0-py3-none-any.whl.metadata (4.8 kB)
2025-08-18T18:00:50.4221105Z Collecting port-for>=0.7.3 (from pytest-postgresql==7.0.2->-r requirements-dev.txt (line 29))
2025-08-18T18:00:50.4232087Z   Using cached port_for-0.7.4-py3-none-any.whl.metadata (7.1 kB)
2025-08-18T18:00:50.4414050Z Collecting mirakuru>=2.6.0 (from pytest-postgresql==7.0.2->-r requirements-dev.txt (line 29))
2025-08-18T18:00:50.4425698Z   Using cached mirakuru-2.6.1-py3-none-any.whl.metadata (10 kB)
2025-08-18T18:00:50.5310153Z Collecting charset_normalizer<4,>=2 (from requests==2.32.4->-r requirements-dev.txt (line 33))
2025-08-18T18:00:50.5346280Z   Using cached charset_normalizer-3.4.3-cp312-cp312-manylinux2014_x86_64.manylinux_2_17_x86_64.manylinux_2_28_x86_64.whl.metadata (36 kB)
2025-08-18T18:00:50.5599189Z Collecting idna<4,>=2.5 (from requests==2.32.4->-r requirements-dev.txt (line 33))
2025-08-18T18:00:50.5611045Z   Using cached idna-3.10-py3-none-any.whl.metadata (10 kB)
2025-08-18T18:00:50.5914644Z Collecting urllib3<3,>=1.21.1 (from requests==2.32.4->-r requirements-dev.txt (line 33))
2025-08-18T18:00:50.5926133Z   Using cached urllib3-2.5.0-py3-none-any.whl.metadata (6.5 kB)
2025-08-18T18:00:50.6163878Z Collecting certifi>=2017.4.17 (from requests==2.32.4->-r requirements-dev.txt (line 33))
2025-08-18T18:00:50.6177886Z   Using cached certifi-2025.8.3-py3-none-any.whl.metadata (2.4 kB)
2025-08-18T18:00:50.8261284Z Collecting greenlet!=0.4.17 (from sqlalchemy==2.0.29->-r requirements-dev.txt (line 36))
2025-08-18T18:00:50.8275368Z   Using cached greenlet-3.2.4-cp312-cp312-manylinux_2_24_x86_64.manylinux_2_28_x86_64.whl.metadata (4.1 kB)
2025-08-18T18:00:50.8541729Z Collecting docker (from testcontainers==4.10.0->testcontainers[postgres]==4.10.0->-r requirements-dev.txt (line 38))
2025-08-18T18:00:50.8554613Z   Using cached docker-7.1.0-py3-none-any.whl.metadata (3.8 kB)
2025-08-18T18:00:50.9531772Z Collecting wrapt (from testcontainers==4.10.0->testcontainers[postgres]==4.10.0->-r requirements-dev.txt (line 38))
2025-08-18T18:00:50.9544934Z   Using cached wrapt-1.17.3-cp312-cp312-manylinux1_x86_64.manylinux_2_28_x86_64.manylinux_2_5_x86_64.whl.metadata (6.4 kB)
2025-08-18T18:00:50.9814035Z Collecting docspec==2.2.1 (from docspec-python==2.2.2->-r requirements-dev.txt (line 40))
2025-08-18T18:00:50.9825628Z   Using cached docspec-2.2.1-py3-none-any.whl.metadata (1.5 kB)
2025-08-18T18:00:51.0072901Z Collecting nr-util>=0.8.12 (from docspec-python==2.2.2->-r requirements-dev.txt (line 40))
2025-08-18T18:00:51.0084607Z   Using cached nr.util-0.8.12-py3-none-any.whl.metadata (813 bytes)
2025-08-18T18:00:51.0476369Z Collecting PyYAML<7.0,>=5.0 (from pydoc-markdown==4.8.2->-r requirements-dev.txt (line 41))
2025-08-18T18:00:51.0490138Z   Using cached PyYAML-6.0.2-cp312-cp312-manylinux_2_17_x86_64.manylinux2014_x86_64.whl.metadata (2.1 kB)
2025-08-18T18:00:51.0787864Z Collecting databind.core<5.0.0,>=4.4.0 (from pydoc-markdown==4.8.2->-r requirements-dev.txt (line 41))
2025-08-18T18:00:51.0799737Z   Using cached databind.core-4.5.2-py3-none-any.whl.metadata (1.1 kB)
2025-08-18T18:00:51.1037015Z Collecting databind.json<5.0.0,>=4.4.0 (from pydoc-markdown==4.8.2->-r requirements-dev.txt (line 41))
2025-08-18T18:00:51.1049837Z   Using cached databind.json-4.5.2-py3-none-any.whl.metadata (1.1 kB)
2025-08-18T18:00:51.1227843Z Collecting docstring-parser<0.12,>=0.11 (from pydoc-markdown==4.8.2->-r requirements-dev.txt (line 41))
2025-08-18T18:00:51.1228901Z   Using cached docstring_parser-0.11-py3-none-any.whl
2025-08-18T18:00:51.1617564Z Collecting tomli<3.0.0,>=2.0.0 (from pydoc-markdown==4.8.2->-r requirements-dev.txt (line 41))
2025-08-18T18:00:51.1630703Z   Using cached tomli-2.2.1-cp312-cp312-manylinux_2_17_x86_64.manylinux2014_x86_64.whl.metadata (11 kB)
2025-08-18T18:00:51.1773144Z Collecting tomli_w<2.0.0,>=1.0.0 (from pydoc-markdown==4.8.2->-r requirements-dev.txt (line 41))
2025-08-18T18:00:51.1785522Z   Using cached tomli_w-1.2.0-py3-none-any.whl.metadata (5.7 kB)
2025-08-18T18:00:51.2360929Z Collecting watchdog (from pydoc-markdown==4.8.2->-r requirements-dev.txt (line 41))
2025-08-18T18:00:51.2374803Z   Using cached watchdog-6.0.0-py3-none-manylinux2014_x86_64.whl.metadata (44 kB)
2025-08-18T18:00:51.2624740Z Collecting yapf>=0.30.0 (from pydoc-markdown==4.8.2->-r requirements-dev.txt (line 41))
2025-08-18T18:00:51.2637096Z   Using cached yapf-0.43.0-py3-none-any.whl.metadata (46 kB)
2025-08-18T18:00:51.2859443Z Collecting Deprecated<2.0.0,>=1.2.12 (from docspec==2.2.1->docspec-python==2.2.2->-r requirements-dev.txt (line 40))
2025-08-18T18:00:51.2873261Z   Using cached Deprecated-1.2.18-py2.py3-none-any.whl.metadata (5.7 kB)
2025-08-18T18:00:51.4421803Z Collecting psycopg-binary==3.2.9 (from psycopg[binary]==3.2.9->-r requirements-dev.txt (line 24))
2025-08-18T18:00:51.4435216Z   Using cached psycopg_binary-3.2.9-cp312-cp312-manylinux_2_17_x86_64.manylinux2014_x86_64.whl.metadata (2.9 kB)
2025-08-18T18:00:51.4747480Z Collecting PyJWT>=2.9.0 (from redis==5.*->-r requirements-dev.txt (line 9))
2025-08-18T18:00:51.4758985Z   Using cached PyJWT-2.10.1-py3-none-any.whl.metadata (4.0 kB)
2025-08-18T18:00:51.5012971Z Collecting argon2-cffi (from minio==7.*->-r requirements-dev.txt (line 10))
2025-08-18T18:00:51.5024567Z   Using cached argon2_cffi-25.1.0-py3-none-any.whl.metadata (4.1 kB)
2025-08-18T18:00:51.5859983Z Collecting pycryptodome (from minio==7.*->-r requirements-dev.txt (line 10))
2025-08-18T18:00:51.5873911Z   Using cached pycryptodome-3.23.0-cp37-abi3-manylinux_2_17_x86_64.manylinux2014_x86_64.whl.metadata (3.4 kB)
2025-08-18T18:00:51.6103617Z Collecting anyio (from httpx<0.29,>=0.27->-r requirements-dev.txt (line 15))
2025-08-18T18:00:51.6115380Z   Using cached anyio-4.10.0-py3-none-any.whl.metadata (4.0 kB)
2025-08-18T18:00:51.6381307Z Collecting httpcore==1.* (from httpx<0.29,>=0.27->-r requirements-dev.txt (line 15))
2025-08-18T18:00:51.6393275Z   Using cached httpcore-1.0.9-py3-none-any.whl.metadata (21 kB)
2025-08-18T18:00:51.6762831Z Collecting multimethod<=1.10.0 (from pandera==0.19.*->-r requirements-dev.txt (line 42))
2025-08-18T18:00:51.6774183Z   Using cached multimethod-1.10-py3-none-any.whl.metadata (8.2 kB)
2025-08-18T18:00:51.7179088Z Collecting typeguard (from pandera==0.19.*->-r requirements-dev.txt (line 42))
2025-08-18T18:00:51.7190991Z   Using cached typeguard-4.4.4-py3-none-any.whl.metadata (3.3 kB)
2025-08-18T18:00:51.7329201Z Collecting typing-inspect>=0.6.0 (from pandera==0.19.*->-r requirements-dev.txt (line 42))
2025-08-18T18:00:51.7340916Z   Using cached typing_inspect-0.9.0-py3-none-any.whl.metadata (1.5 kB)
2025-08-18T18:00:51.7643585Z Collecting databind<5.0.0,>=4.5.2 (from databind.core<5.0.0,>=4.4.0->pydoc-markdown==4.8.2->-r requirements-dev.txt (line 41))
2025-08-18T18:00:51.7655019Z   Using cached databind-4.5.2-py3-none-any.whl.metadata (4.3 kB)
2025-08-18T18:00:51.7807765Z Collecting nr-date<3.0.0,>=2.0.0 (from databind<5.0.0,>=4.5.2->databind.core<5.0.0,>=4.4.0->pydoc-markdown==4.8.2->-r requirements-dev.txt (line 41))
2025-08-18T18:00:51.7819008Z   Using cached nr_date-2.1.0-py3-none-any.whl.metadata (746 bytes)
2025-08-18T18:00:51.7981895Z Collecting nr-stream<2.0.0,>=1.0.0 (from databind<5.0.0,>=4.5.2->databind.core<5.0.0,>=4.4.0->pydoc-markdown==4.8.2->-r requirements-dev.txt (line 41))
2025-08-18T18:00:51.7994203Z   Using cached nr_stream-1.1.5-py3-none-any.whl.metadata (3.6 kB)
2025-08-18T18:00:51.8196586Z Collecting typeapi<3,>=2.0.1 (from databind<5.0.0,>=4.5.2->databind.core<5.0.0,>=4.4.0->pydoc-markdown==4.8.2->-r requirements-dev.txt (line 41))
2025-08-18T18:00:51.8208751Z   Using cached typeapi-2.2.4-py3-none-any.whl.metadata (1.5 kB)
2025-08-18T18:00:51.8522409Z Collecting h11>=0.16 (from httpcore==1.*->httpx<0.29,>=0.27->-r requirements-dev.txt (line 15))
2025-08-18T18:00:51.8534594Z   Using cached h11-0.16.0-py3-none-any.whl.metadata (8.3 kB)
2025-08-18T18:00:51.8794603Z Collecting amqp<6.0.0,>=5.1.1 (from kombu<6.0,>=5.3.4->celery==5.4.0->-r requirements-dev.txt (line 11))
2025-08-18T18:00:51.8806962Z   Using cached amqp-5.3.1-py3-none-any.whl.metadata (8.9 kB)
2025-08-18T18:00:51.9252857Z Collecting iniconfig>=1 (from pytest<9,>=7.0.0->pytest-asyncio==0.23.6->-r requirements-dev.txt (line 27))
2025-08-18T18:00:51.9265000Z   Using cached iniconfig-2.1.0-py3-none-any.whl.metadata (2.7 kB)
2025-08-18T18:00:51.9518483Z Collecting pygments>=2.7.2 (from pytest<9,>=7.0.0->pytest-asyncio==0.23.6->-r requirements-dev.txt (line 27))
2025-08-18T18:00:51.9531215Z   Using cached pygments-2.19.2-py3-none-any.whl.metadata (2.5 kB)
2025-08-18T18:00:51.9888218Z Collecting sniffio>=1.1 (from anyio->httpx<0.29,>=0.27->-r requirements-dev.txt (line 15))
2025-08-18T18:00:51.9900196Z   Using cached sniffio-1.3.1-py3-none-any.whl.metadata (3.9 kB)
2025-08-18T18:00:52.4860043Z Collecting botocore<1.41.0,>=1.40.11 (from boto3->-r requirements-dev.txt (line 8))
2025-08-18T18:00:52.4873978Z   Using cached botocore-1.40.11-py3-none-any.whl.metadata (5.7 kB)
2025-08-18T18:00:52.5051369Z Collecting jmespath<2.0.0,>=0.7.1 (from boto3->-r requirements-dev.txt (line 8))
2025-08-18T18:00:52.5063000Z   Using cached jmespath-1.0.1-py3-none-any.whl.metadata (7.6 kB)
2025-08-18T18:00:52.5267889Z Collecting s3transfer<0.14.0,>=0.13.0 (from boto3->-r requirements-dev.txt (line 8))
2025-08-18T18:00:52.5279733Z   Using cached s3transfer-0.13.1-py3-none-any.whl.metadata (1.7 kB)
2025-08-18T18:00:52.7413776Z Collecting fastapi-cli>=0.0.8 (from fastapi-cli[standard]>=0.0.8; extra == "all"->fastapi[all]->-r requirements-dev.txt (line 13))
2025-08-18T18:00:52.7426009Z   Using cached fastapi_cli-0.0.8-py3-none-any.whl.metadata (6.3 kB)
2025-08-18T18:00:52.8164546Z Collecting ujson!=4.0.2,!=4.1.0,!=4.2.0,!=4.3.0,!=5.0.0,!=5.1.0,>=4.0.1 (from fastapi[all]->-r requirements-dev.txt (line 13))
2025-08-18T18:00:52.8177728Z   Using cached ujson-5.10.0-cp312-cp312-manylinux_2_17_x86_64.manylinux2014_x86_64.whl.metadata (9.3 kB)
2025-08-18T18:00:53.0513885Z Collecting orjson>=3.2.1 (from fastapi[all]->-r requirements-dev.txt (line 13))
2025-08-18T18:00:53.0527023Z   Using cached orjson-3.11.2-cp312-cp312-manylinux_2_17_x86_64.manylinux2014_x86_64.whl.metadata (1.2 kB)
2025-08-18T18:00:53.0687313Z Collecting email-validator>=2.0.0 (from fastapi[all]->-r requirements-dev.txt (line 13))
2025-08-18T18:00:53.0699642Z   Using cached email_validator-2.2.0-py3-none-any.whl.metadata (25 kB)
2025-08-18T18:00:53.1014407Z Collecting uvicorn>=0.12.0 (from uvicorn[standard]>=0.12.0; extra == "all"->fastapi[all]->-r requirements-dev.txt (line 13))
2025-08-18T18:00:53.1025995Z   Using cached uvicorn-0.35.0-py3-none-any.whl.metadata (6.5 kB)
2025-08-18T18:00:53.1218691Z Collecting pydantic-settings>=2.0.0 (from fastapi[all]->-r requirements-dev.txt (line 13))
2025-08-18T18:00:53.1230395Z   Using cached pydantic_settings-2.10.1-py3-none-any.whl.metadata (3.4 kB)
2025-08-18T18:00:53.1390272Z Collecting pydantic-extra-types>=2.0.0 (from fastapi[all]->-r requirements-dev.txt (line 13))
2025-08-18T18:00:53.1402189Z   Using cached pydantic_extra_types-2.10.5-py3-none-any.whl.metadata (3.9 kB)
2025-08-18T18:00:53.2108664Z Collecting prompt-toolkit>=3.0.36 (from click-repl>=0.2.0->celery==5.4.0->-r requirements-dev.txt (line 11))
2025-08-18T18:00:53.2120864Z   Using cached prompt_toolkit-3.0.51-py3-none-any.whl.metadata (6.4 kB)
2025-08-18T18:00:53.2341157Z Collecting dnspython>=2.0.0 (from email-validator>=2.0.0->fastapi[all]->-r requirements-dev.txt (line 13))
2025-08-18T18:00:53.2352850Z   Using cached dnspython-2.7.0-py3-none-any.whl.metadata (5.8 kB)
2025-08-18T18:00:53.2672983Z Collecting typer>=0.15.1 (from fastapi-cli>=0.0.8->fastapi-cli[standard]>=0.0.8; extra == "all"->fastapi[all]->-r requirements-dev.txt (line 13))
2025-08-18T18:00:53.2684182Z   Using cached typer-0.16.0-py3-none-any.whl.metadata (15 kB)
2025-08-18T18:00:53.2974986Z Collecting rich-toolkit>=0.14.8 (from fastapi-cli>=0.0.8->fastapi-cli[standard]>=0.0.8; extra == "all"->fastapi[all]->-r requirements-dev.txt (line 13))
2025-08-18T18:00:53.2985733Z   Using cached rich_toolkit-0.15.0-py3-none-any.whl.metadata (1.0 kB)
2025-08-18T18:00:53.3139911Z Collecting fastapi-cloud-cli>=0.1.1 (from fastapi-cli[standard]>=0.0.8; extra == "all"->fastapi[all]->-r requirements-dev.txt (line 13))
2025-08-18T18:00:53.3151010Z   Using cached fastapi_cloud_cli-0.1.5-py3-none-any.whl.metadata (3.2 kB)
2025-08-18T18:00:53.3906729Z Collecting rignore>=0.5.1 (from fastapi-cloud-cli>=0.1.1->fastapi-cli[standard]>=0.0.8; extra == "all"->fastapi[all]->-r requirements-dev.txt (line 13))
2025-08-18T18:00:53.3918772Z   Using cached rignore-0.6.4-cp312-cp312-manylinux_2_17_x86_64.manylinux2014_x86_64.whl.metadata (3.8 kB)
2025-08-18T18:00:53.4893780Z Collecting sentry-sdk>=2.20.0 (from fastapi-cloud-cli>=0.1.1->fastapi-cli[standard]>=0.0.8; extra == "all"->fastapi[all]->-r requirements-dev.txt (line 13))
2025-08-18T18:00:53.4904508Z   Using cached sentry_sdk-2.35.0-py2.py3-none-any.whl.metadata (10 kB)
2025-08-18T18:00:53.5859253Z Collecting psutil>=4.0.0 (from mirakuru>=2.6.0->pytest-postgresql==7.0.2->-r requirements-dev.txt (line 29))
2025-08-18T18:00:53.5872513Z   Using cached psutil-7.0.0-cp36-abi3-manylinux_2_12_x86_64.manylinux2010_x86_64.manylinux_2_17_x86_64.manylinux2014_x86_64.whl.metadata (22 kB)
2025-08-18T18:00:53.6231822Z Collecting wcwidth (from prompt-toolkit>=3.0.36->click-repl>=0.2.0->celery==5.4.0->-r requirements-dev.txt (line 11))
2025-08-18T18:00:53.6242982Z   Using cached wcwidth-0.2.13-py2.py3-none-any.whl.metadata (14 kB)
2025-08-18T18:00:53.7711291Z Collecting rich>=13.7.1 (from rich-toolkit>=0.14.8->fastapi-cli>=0.0.8->fastapi-cli[standard]>=0.0.8; extra == "all"->fastapi[all]->-r requirements-dev.txt (line 13))
2025-08-18T18:00:53.7723025Z   Using cached rich-14.1.0-py3-none-any.whl.metadata (18 kB)
2025-08-18T18:00:53.7954335Z Collecting markdown-it-py>=2.2.0 (from rich>=13.7.1->rich-toolkit>=0.14.8->fastapi-cli>=0.0.8->fastapi-cli[standard]>=0.0.8; extra == "all"->fastapi[all]->-r requirements-dev.txt (line 13))
2025-08-18T18:00:53.7965898Z   Using cached markdown_it_py-4.0.0-py3-none-any.whl.metadata (7.3 kB)
2025-08-18T18:00:53.8212001Z Collecting mdurl~=0.1 (from markdown-it-py>=2.2.0->rich>=13.7.1->rich-toolkit>=0.14.8->fastapi-cli>=0.0.8->fastapi-cli[standard]>=0.0.8; extra == "all"->fastapi[all]->-r requirements-dev.txt (line 13))
2025-08-18T18:00:53.8225341Z   Using cached mdurl-0.1.2-py3-none-any.whl.metadata (1.6 kB)
2025-08-18T18:00:53.8746012Z Collecting shellingham>=1.3.0 (from typer>=0.15.1->fastapi-cli>=0.0.8->fastapi-cli[standard]>=0.0.8; extra == "all"->fastapi[all]->-r requirements-dev.txt (line 13))
2025-08-18T18:00:53.8757120Z   Using cached shellingham-1.5.4-py2.py3-none-any.whl.metadata (3.5 kB)
2025-08-18T18:00:53.9549055Z Collecting httptools>=0.6.3 (from uvicorn[standard]>=0.12.0; extra == "all"->fastapi[all]->-r requirements-dev.txt (line 13))
2025-08-18T18:00:53.9561805Z   Using cached httptools-0.6.4-cp312-cp312-manylinux_2_5_x86_64.manylinux1_x86_64.manylinux_2_17_x86_64.manylinux2014_x86_64.whl.metadata (3.6 kB)
2025-08-18T18:00:54.0022906Z Collecting uvloop>=0.15.1 (from uvicorn[standard]>=0.12.0; extra == "all"->fastapi[all]->-r requirements-dev.txt (line 13))
2025-08-18T18:00:54.0034693Z   Using cached uvloop-0.21.0-cp312-cp312-manylinux_2_17_x86_64.manylinux2014_x86_64.whl.metadata (4.9 kB)
2025-08-18T18:00:54.0764477Z Collecting watchfiles>=0.13 (from uvicorn[standard]>=0.12.0; extra == "all"->fastapi[all]->-r requirements-dev.txt (line 13))
2025-08-18T18:00:54.0776420Z   Using cached watchfiles-1.1.0-cp312-cp312-manylinux_2_17_x86_64.manylinux2014_x86_64.whl.metadata (4.9 kB)
2025-08-18T18:00:54.1657721Z Collecting websockets>=10.4 (from uvicorn[standard]>=0.12.0; extra == "all"->fastapi[all]->-r requirements-dev.txt (line 13))
2025-08-18T18:00:54.1671751Z   Using cached websockets-15.0.1-cp312-cp312-manylinux_2_5_x86_64.manylinux1_x86_64.manylinux_2_17_x86_64.manylinux2014_x86_64.whl.metadata (6.8 kB)
2025-08-18T18:00:54.2159462Z Collecting argon2-cffi-bindings (from argon2-cffi->minio==7.*->-r requirements-dev.txt (line 10))
2025-08-18T18:00:54.2171536Z   Using cached argon2_cffi_bindings-25.1.0-cp39-abi3-manylinux_2_26_x86_64.manylinux_2_28_x86_64.whl.metadata (7.4 kB)
2025-08-18T18:00:54.4385503Z Collecting cffi>=1.0.1 (from argon2-cffi-bindings->argon2-cffi->minio==7.*->-r requirements-dev.txt (line 10))
2025-08-18T18:00:54.4398760Z   Using cached cffi-1.17.1-cp312-cp312-manylinux_2_17_x86_64.manylinux2014_x86_64.whl.metadata (1.5 kB)
2025-08-18T18:00:54.4564656Z Collecting pycparser (from cffi>=1.0.1->argon2-cffi-bindings->argon2-cffi->minio==7.*->-r requirements-dev.txt (line 10))
2025-08-18T18:00:54.4576007Z   Using cached pycparser-2.22-py3-none-any.whl.metadata (943 bytes)
2025-08-18T18:00:54.5155954Z Using cached jinja2-3.1.6-py3-none-any.whl (134 kB)
2025-08-18T18:00:54.5169525Z Using cached alembic-1.13.1-py3-none-any.whl (233 kB)
2025-08-18T18:00:54.5182514Z Using cached APScheduler-3.10.4-py3-none-any.whl (59 kB)
2025-08-18T18:00:54.5193808Z Using cached asgi_correlation_id-4.3.1-py3-none-any.whl (15 kB)
2025-08-18T18:00:54.5205426Z Using cached asyncpg-0.30.0-cp312-cp312-manylinux_2_17_x86_64.manylinux2014_x86_64.whl (3.6 MB)
2025-08-18T18:00:54.5243653Z Using cached black-25.1.0-cp312-cp312-manylinux_2_17_x86_64.manylinux2014_x86_64.manylinux_2_28_x86_64.whl (1.8 MB)
2025-08-18T18:00:54.5267171Z Using cached celery-5.4.0-py3-none-any.whl (425 kB)
2025-08-18T18:00:54.5280850Z Using cached fastapi-0.116.1-py3-none-any.whl (95 kB)
2025-08-18T18:00:54.5292404Z Using cached pydantic-2.11.7-py3-none-any.whl (444 kB)
2025-08-18T18:00:54.5306101Z Using cached fastapi_limiter-0.1.6-py3-none-any.whl (15 kB)
2025-08-18T18:00:54.5316720Z Using cached IMAPClient-3.0.1-py2.py3-none-any.whl (182 kB)
2025-08-18T18:00:54.5328661Z Using cached mypy_extensions-1.1.0-py3-none-any.whl (5.0 kB)
2025-08-18T18:00:54.5339208Z Using cached openpyxl-3.1.5-py2.py3-none-any.whl (250 kB)
2025-08-18T18:00:54.5352010Z Using cached psycopg2_binary-2.9.9-cp312-cp312-manylinux_2_17_x86_64.manylinux2014_x86_64.whl (3.0 MB)
2025-08-18T18:00:54.5385912Z Using cached psycopg-3.2.9-py3-none-any.whl (202 kB)
2025-08-18T18:00:54.5397874Z Using cached pytest_asyncio-0.23.6-py3-none-any.whl (17 kB)
2025-08-18T18:00:54.5408441Z Using cached pytest_cov-6.2.1-py3-none-any.whl (24 kB)
2025-08-18T18:00:54.5419181Z Using cached pytest_postgresql-7.0.2-py3-none-any.whl (41 kB)
2025-08-18T18:00:54.5430155Z Using cached python_telegram_bot-22.2-py3-none-any.whl (708 kB)
2025-08-18T18:00:54.5446570Z Using cached requests-2.32.4-py3-none-any.whl (64 kB)
2025-08-18T18:00:54.5457539Z Using cached respx-0.22.0-py2.py3-none-any.whl (25 kB)
2025-08-18T18:00:54.5468680Z Using cached ruff-0.4.4-py3-none-manylinux_2_17_x86_64.manylinux2014_x86_64.whl (8.7 MB)
2025-08-18T18:00:54.5544436Z Using cached SQLAlchemy-2.0.29-cp312-cp312-manylinux_2_17_x86_64.manylinux2014_x86_64.whl (3.2 MB)
2025-08-18T18:00:54.5577892Z Using cached structlog-24.1.0-py3-none-any.whl (65 kB)
2025-08-18T18:00:54.5589302Z Using cached testcontainers-4.10.0-py3-none-any.whl (107 kB)
2025-08-18T18:00:54.5601162Z Using cached types_requests-2.32.0.20240602-py3-none-any.whl (15 kB)
2025-08-18T18:00:54.5611931Z Using cached docspec_python-2.2.2-py3-none-any.whl (15 kB)
2025-08-18T18:00:54.5622553Z Using cached pydoc_markdown-4.8.2-py3-none-any.whl (67 kB)
2025-08-18T18:00:54.5633499Z Using cached docspec-2.2.1-py3-none-any.whl (9.8 kB)
2025-08-18T18:00:54.5644705Z Using cached psycopg_binary-3.2.9-cp312-cp312-manylinux_2_17_x86_64.manylinux2014_x86_64.whl (4.4 MB)
2025-08-18T18:00:54.5687449Z Using cached pydantic_core-2.33.2-cp312-cp312-manylinux_2_17_x86_64.manylinux2014_x86_64.whl (2.0 MB)
2025-08-18T18:00:54.5711915Z Using cached redis-5.3.1-py3-none-any.whl (272 kB)
2025-08-18T18:00:54.5724369Z Using cached minio-7.2.16-py3-none-any.whl (95 kB)
2025-08-18T18:00:54.5735768Z Using cached httpx-0.28.1-py3-none-any.whl (73 kB)
2025-08-18T18:00:54.5747489Z Using cached mypy-1.17.1-cp312-cp312-manylinux2014_x86_64.manylinux_2_17_x86_64.manylinux_2_28_x86_64.whl (12.7 MB)
2025-08-18T18:00:54.5847986Z Using cached numpy-1.26.4-cp312-cp312-manylinux_2_17_x86_64.manylinux2014_x86_64.whl (18.0 MB)
2025-08-18T18:00:54.5987699Z Using cached pandas-2.2.3-cp312-cp312-manylinux_2_17_x86_64.manylinux2014_x86_64.whl (12.7 MB)
2025-08-18T18:00:54.6091334Z Using cached pandera-0.19.3-py3-none-any.whl (251 kB)
2025-08-18T18:00:54.6103624Z Using cached billiard-4.2.1-py3-none-any.whl (86 kB)
2025-08-18T18:00:54.6115826Z Using cached charset_normalizer-3.4.3-cp312-cp312-manylinux2014_x86_64.manylinux_2_17_x86_64.manylinux_2_28_x86_64.whl (151 kB)
2025-08-18T18:00:54.6127112Z Using cached click-8.2.1-py3-none-any.whl (102 kB)
2025-08-18T18:00:54.6138610Z Using cached databind.core-4.5.2-py3-none-any.whl (1.5 kB)
2025-08-18T18:00:54.6149216Z Using cached databind-4.5.2-py3-none-any.whl (49 kB)
2025-08-18T18:00:54.6160387Z Using cached databind.json-4.5.2-py3-none-any.whl (1.5 kB)
2025-08-18T18:00:54.6173301Z Using cached Deprecated-1.2.18-py2.py3-none-any.whl (10.0 kB)
2025-08-18T18:00:54.6184218Z Using cached httpcore-1.0.9-py3-none-any.whl (78 kB)
2025-08-18T18:00:54.6195716Z Using cached idna-3.10-py3-none-any.whl (70 kB)
2025-08-18T18:00:54.6206768Z Using cached kombu-5.5.4-py3-none-any.whl (210 kB)
2025-08-18T18:00:54.6218637Z Using cached vine-5.1.0-py3-none-any.whl (9.6 kB)
2025-08-18T18:00:54.6229220Z Using cached amqp-5.3.1-py3-none-any.whl (50 kB)
2025-08-18T18:00:54.6240731Z Using cached multimethod-1.10-py3-none-any.whl (9.9 kB)
2025-08-18T18:00:54.6251690Z Using cached nr_date-2.1.0-py3-none-any.whl (10 kB)
2025-08-18T18:00:54.6262814Z Using cached nr_stream-1.1.5-py3-none-any.whl (10 kB)
2025-08-18T18:00:54.6273964Z Using cached nr.util-0.8.12-py3-none-any.whl (90 kB)
2025-08-18T18:00:54.6285665Z Using cached pytest-8.4.1-py3-none-any.whl (365 kB)
2025-08-18T18:00:54.6299299Z Using cached pluggy-1.6.0-py3-none-any.whl (20 kB)
2025-08-18T18:00:54.6311108Z Using cached PyYAML-6.0.2-cp312-cp312-manylinux_2_17_x86_64.manylinux2014_x86_64.whl (767 kB)
2025-08-18T18:00:54.6327516Z Using cached starlette-0.47.2-py3-none-any.whl (72 kB)
2025-08-18T18:00:54.6339197Z Using cached anyio-4.10.0-py3-none-any.whl (107 kB)
2025-08-18T18:00:54.6351440Z Using cached tomli-2.2.1-cp312-cp312-manylinux_2_17_x86_64.manylinux2014_x86_64.whl (242 kB)
2025-08-18T18:00:54.6364287Z Using cached tomli_w-1.2.0-py3-none-any.whl (6.7 kB)
2025-08-18T18:00:54.6375473Z Using cached typeapi-2.2.4-py3-none-any.whl (26 kB)
2025-08-18T18:00:54.6386903Z Using cached typing_extensions-4.14.1-py3-none-any.whl (43 kB)
2025-08-18T18:00:54.6398550Z Using cached urllib3-2.5.0-py3-none-any.whl (129 kB)
2025-08-18T18:00:54.6411436Z Using cached wrapt-1.17.3-cp312-cp312-manylinux1_x86_64.manylinux_2_28_x86_64.manylinux_2_5_x86_64.whl (88 kB)
2025-08-18T18:00:54.6423142Z Using cached boto3-1.40.11-py3-none-any.whl (140 kB)
2025-08-18T18:00:54.6435343Z Using cached botocore-1.40.11-py3-none-any.whl (14.0 MB)
2025-08-18T18:00:54.6549508Z Using cached jmespath-1.0.1-py3-none-any.whl (20 kB)
2025-08-18T18:00:54.6561196Z Using cached python_dateutil-2.9.0.post0-py2.py3-none-any.whl (229 kB)
2025-08-18T18:00:54.6574272Z Using cached s3transfer-0.13.1-py3-none-any.whl (85 kB)
2025-08-18T18:00:54.6586148Z Using cached itsdangerous-2.2.0-py3-none-any.whl (16 kB)
2025-08-18T18:00:54.6597523Z Using cached setuptools-80.9.0-py3-none-any.whl (1.2 MB)
2025-08-18T18:00:54.6617214Z Using cached python_dotenv-1.1.1-py3-none-any.whl (20 kB)
2025-08-18T18:00:54.6628687Z Using cached python_multipart-0.0.20-py3-none-any.whl (24 kB)
2025-08-18T18:00:54.6639919Z Using cached annotated_types-0.7.0-py3-none-any.whl (13 kB)
2025-08-18T18:00:54.6651149Z Using cached certifi-2025.8.3-py3-none-any.whl (161 kB)
2025-08-18T18:00:54.6663610Z Using cached click_didyoumean-0.3.1-py3-none-any.whl (3.6 kB)
2025-08-18T18:00:54.6674845Z Using cached click_plugins-1.1.1.2-py2.py3-none-any.whl (11 kB)
2025-08-18T18:00:54.6686495Z Using cached click_repl-0.3.0-py3-none-any.whl (10 kB)
2025-08-18T18:00:54.6698160Z Using cached coverage-7.10.4-cp312-cp312-manylinux1_x86_64.manylinux_2_28_x86_64.manylinux_2_5_x86_64.whl (251 kB)
2025-08-18T18:00:54.6710852Z Using cached email_validator-2.2.0-py3-none-any.whl (33 kB)
2025-08-18T18:00:54.6722436Z Using cached dnspython-2.7.0-py3-none-any.whl (313 kB)
2025-08-18T18:00:54.6735684Z Using cached fastapi_cli-0.0.8-py3-none-any.whl (10 kB)
2025-08-18T18:00:54.6746949Z Using cached fastapi_cloud_cli-0.1.5-py3-none-any.whl (18 kB)
2025-08-18T18:00:54.6758608Z Using cached greenlet-3.2.4-cp312-cp312-manylinux_2_24_x86_64.manylinux_2_28_x86_64.whl (607 kB)
2025-08-18T18:00:54.6773926Z Using cached h11-0.16.0-py3-none-any.whl (37 kB)
2025-08-18T18:00:54.6785365Z Using cached iniconfig-2.1.0-py3-none-any.whl (6.0 kB)
2025-08-18T18:00:54.6796766Z Using cached MarkupSafe-3.0.2-cp312-cp312-manylinux_2_17_x86_64.manylinux2014_x86_64.whl (23 kB)
2025-08-18T18:00:54.6807961Z Using cached mirakuru-2.6.1-py3-none-any.whl (26 kB)
2025-08-18T18:00:54.6819404Z Using cached orjson-3.11.2-cp312-cp312-manylinux_2_17_x86_64.manylinux2014_x86_64.whl (121 kB)
2025-08-18T18:00:54.6831386Z Using cached packaging-25.0-py3-none-any.whl (66 kB)
2025-08-18T18:00:54.6843030Z Using cached pathspec-0.12.1-py3-none-any.whl (31 kB)
2025-08-18T18:00:54.6854425Z Using cached platformdirs-4.3.8-py3-none-any.whl (18 kB)
2025-08-18T18:00:54.6865716Z Using cached port_for-0.7.4-py3-none-any.whl (21 kB)
2025-08-18T18:00:54.6877041Z Using cached prompt_toolkit-3.0.51-py3-none-any.whl (387 kB)
2025-08-18T18:00:54.6891551Z Using cached psutil-7.0.0-cp36-abi3-manylinux_2_12_x86_64.manylinux2010_x86_64.manylinux_2_17_x86_64.manylinux2014_x86_64.whl (277 kB)
2025-08-18T18:00:54.6904786Z Using cached pydantic_extra_types-2.10.5-py3-none-any.whl (38 kB)
2025-08-18T18:00:54.6916242Z Using cached pydantic_settings-2.10.1-py3-none-any.whl (45 kB)
2025-08-18T18:00:54.6927671Z Using cached pygments-2.19.2-py3-none-any.whl (1.2 MB)
2025-08-18T18:00:54.6947661Z Using cached PyJWT-2.10.1-py3-none-any.whl (22 kB)
2025-08-18T18:00:54.6959187Z Using cached pytz-2025.2-py2.py3-none-any.whl (509 kB)
2025-08-18T18:00:54.6974156Z Using cached rich_toolkit-0.15.0-py3-none-any.whl (29 kB)
2025-08-18T18:00:54.6985471Z Using cached rich-14.1.0-py3-none-any.whl (243 kB)
2025-08-18T18:00:54.6998216Z Using cached markdown_it_py-4.0.0-py3-none-any.whl (87 kB)
2025-08-18T18:00:54.7009880Z Using cached mdurl-0.1.2-py3-none-any.whl (10.0 kB)
2025-08-18T18:00:54.7021334Z Using cached rignore-0.6.4-cp312-cp312-manylinux_2_17_x86_64.manylinux2014_x86_64.whl (949 kB)
2025-08-18T18:00:54.7040712Z Using cached sentry_sdk-2.35.0-py2.py3-none-any.whl (363 kB)
2025-08-18T18:00:54.7054642Z Using cached six-1.17.0-py2.py3-none-any.whl (11 kB)
2025-08-18T18:00:54.7065900Z Using cached sniffio-1.3.1-py3-none-any.whl (10 kB)
2025-08-18T18:00:54.7077051Z Using cached typer-0.16.0-py3-none-any.whl (46 kB)
2025-08-18T18:00:54.7088456Z Using cached shellingham-1.5.4-py2.py3-none-any.whl (9.8 kB)
2025-08-18T18:00:54.7099551Z Using cached typing_inspect-0.9.0-py3-none-any.whl (8.8 kB)
2025-08-18T18:00:54.7110990Z Using cached typing_inspection-0.4.1-py3-none-any.whl (14 kB)
2025-08-18T18:00:54.7122386Z Using cached tzdata-2025.2-py2.py3-none-any.whl (347 kB)
2025-08-18T18:00:54.7136109Z Using cached tzlocal-5.3.1-py3-none-any.whl (18 kB)
2025-08-18T18:00:54.7147772Z Using cached ujson-5.10.0-cp312-cp312-manylinux_2_17_x86_64.manylinux2014_x86_64.whl (53 kB)
2025-08-18T18:00:54.7159082Z Using cached uvicorn-0.35.0-py3-none-any.whl (66 kB)
2025-08-18T18:00:54.7171800Z Using cached httptools-0.6.4-cp312-cp312-manylinux_2_5_x86_64.manylinux1_x86_64.manylinux_2_17_x86_64.manylinux2014_x86_64.whl (510 kB)
2025-08-18T18:00:54.7186591Z Using cached uvloop-0.21.0-cp312-cp312-manylinux_2_17_x86_64.manylinux2014_x86_64.whl (4.7 MB)
2025-08-18T18:00:54.7232636Z Using cached watchfiles-1.1.0-cp312-cp312-manylinux_2_17_x86_64.manylinux2014_x86_64.whl (452 kB)
2025-08-18T18:00:54.7247009Z Using cached websockets-15.0.1-cp312-cp312-manylinux_2_5_x86_64.manylinux1_x86_64.manylinux_2_17_x86_64.manylinux2014_x86_64.whl (182 kB)
2025-08-18T18:00:54.7258712Z Using cached yapf-0.43.0-py3-none-any.whl (256 kB)
2025-08-18T18:00:54.7271891Z Using cached argon2_cffi-25.1.0-py3-none-any.whl (14 kB)
2025-08-18T18:00:54.7283610Z Using cached argon2_cffi_bindings-25.1.0-cp39-abi3-manylinux_2_26_x86_64.manylinux_2_28_x86_64.whl (87 kB)
2025-08-18T18:00:54.7295697Z Using cached cffi-1.17.1-cp312-cp312-manylinux_2_17_x86_64.manylinux2014_x86_64.whl (479 kB)
2025-08-18T18:00:54.7310140Z Using cached docker-7.1.0-py3-none-any.whl (147 kB)
2025-08-18T18:00:54.7322555Z Using cached et_xmlfile-2.0.0-py3-none-any.whl (18 kB)
2025-08-18T18:00:54.7333842Z Using cached mako-1.3.10-py3-none-any.whl (78 kB)
2025-08-18T18:00:54.7345553Z Using cached pycparser-2.22-py3-none-any.whl (117 kB)
2025-08-18T18:00:54.7357922Z Using cached pycryptodome-3.23.0-cp37-abi3-manylinux_2_17_x86_64.manylinux2014_x86_64.whl (2.3 MB)
2025-08-18T18:00:54.7386312Z Using cached typeguard-4.4.4-py3-none-any.whl (34 kB)
2025-08-18T18:00:54.7397713Z Using cached watchdog-6.0.0-py3-none-manylinux2014_x86_64.whl (79 kB)
2025-08-18T18:00:54.7409563Z Using cached wcwidth-0.2.13-py2.py3-none-any.whl (34 kB)
2025-08-18T18:00:55.2164639Z Installing collected packages: wcwidth, pytz, wrapt, websockets, watchdog, vine, uvloop, urllib3, ujson, tzlocal, tzdata, typing-extensions, tomli_w, tomli, structlog, sniffio, six, shellingham, setuptools, ruff, rignore, PyYAML, python-multipart, python-dotenv, PyJWT, pygments, pycryptodome, pycparser, psycopg2-binary, psycopg-binary, psutil, prompt-toolkit, port-for, pluggy, platformdirs, pathspec, packaging, orjson, numpy, nr-stream, nr-date, mypy-extensions, multimethod, mdurl, MarkupSafe, jmespath, itsdangerous, iniconfig, imapclient, idna, httptools, h11, greenlet, et-xmlfile, docstring-parser, dnspython, coverage, click, charset_normalizer, certifi, billiard, asyncpg, annotated-types, yapf, uvicorn, typing-inspection, typing-inspect, types-requests, typeguard, typeapi, sqlalchemy, sentry-sdk, requests, redis, python-dateutil, pytest, pydantic-core, psycopg, openpyxl, mypy, mirakuru, markdown-it-py, Mako, Jinja2, httpcore, email-validator, Deprecated, click-repl, click-plugins, click-didyoumean, cffi, black, apscheduler, anyio, amqp, watchfiles, starlette, rich, pytest-postgresql, pytest-cov, pytest-asyncio, pydantic, pandas, nr-util, kombu, httpx, docker, databind, botocore, argon2-cffi-bindings, alembic, typer, testcontainers, s3transfer, rich-toolkit, respx, python-telegram-bot, pydantic-settings, pydantic-extra-types, pandera, fastapi, databind.json, databind.core, celery, asgi-correlation-id, argon2-cffi, minio, fastapi-limiter, fastapi-cloud-cli, fastapi-cli, docspec, boto3, docspec-python, pydoc-markdown
2025-08-18T18:01:14.8868804Z 
2025-08-18T18:01:14.8988350Z Successfully installed Deprecated-1.2.18 Jinja2-3.1.6 Mako-1.3.10 MarkupSafe-3.0.2 PyJWT-2.10.1 PyYAML-6.0.2 alembic-1.13.1 amqp-5.3.1 annotated-types-0.7.0 anyio-4.10.0 apscheduler-3.10.4 argon2-cffi-25.1.0 argon2-cffi-bindings-25.1.0 asgi-correlation-id-4.3.1 asyncpg-0.30.0 billiard-4.2.1 black-25.1.0 boto3-1.40.11 botocore-1.40.11 celery-5.4.0 certifi-2025.8.3 cffi-1.17.1 charset_normalizer-3.4.3 click-8.2.1 click-didyoumean-0.3.1 click-plugins-1.1.1.2 click-repl-0.3.0 coverage-7.10.4 databind-4.5.2 databind.core-4.5.2 databind.json-4.5.2 dnspython-2.7.0 docker-7.1.0 docspec-2.2.1 docspec-python-2.2.2 docstring-parser-0.11 email-validator-2.2.0 et-xmlfile-2.0.0 fastapi-0.116.1 fastapi-cli-0.0.8 fastapi-cloud-cli-0.1.5 fastapi-limiter-0.1.6 greenlet-3.2.4 h11-0.16.0 httpcore-1.0.9 httptools-0.6.4 httpx-0.28.1 idna-3.10 imapclient-3.0.1 iniconfig-2.1.0 itsdangerous-2.2.0 jmespath-1.0.1 kombu-5.5.4 markdown-it-py-4.0.0 mdurl-0.1.2 minio-7.2.16 mirakuru-2.6.1 multimethod-1.10 mypy-1.17.1 mypy-extensions-1.1.0 nr-date-2.1.0 nr-stream-1.1.5 nr-util-0.8.12 numpy-1.26.4 openpyxl-3.1.5 orjson-3.11.2 packaging-25.0 pandas-2.2.3 pandera-0.19.3 pathspec-0.12.1 platformdirs-4.3.8 pluggy-1.6.0 port-for-0.7.4 prompt-toolkit-3.0.51 psutil-7.0.0 psycopg-3.2.9 psycopg-binary-3.2.9 psycopg2-binary-2.9.9 pycparser-2.22 pycryptodome-3.23.0 pydantic-2.11.7 pydantic-core-2.33.2 pydantic-extra-types-2.10.5 pydantic-settings-2.10.1 pydoc-markdown-4.8.2 pygments-2.19.2 pytest-8.4.1 pytest-asyncio-0.23.6 pytest-cov-6.2.1 pytest-postgresql-7.0.2 python-dateutil-2.9.0.post0 python-dotenv-1.1.1 python-multipart-0.0.20 python-telegram-bot-22.2 pytz-2025.2 redis-5.3.1 requests-2.32.4 respx-0.22.0 rich-14.1.0 rich-toolkit-0.15.0 rignore-0.6.4 ruff-0.4.4 s3transfer-0.13.1 sentry-sdk-2.35.0 setuptools-80.9.0 shellingham-1.5.4 six-1.17.0 sniffio-1.3.1 sqlalchemy-2.0.29 starlette-0.47.2 structlog-24.1.0 testcontainers-4.10.0 tomli-2.2.1 tomli_w-1.2.0 typeapi-2.2.4 typeguard-4.4.4 typer-0.16.0 types-requests-2.32.0.20240602 typing-extensions-4.14.1 typing-inspect-0.9.0 typing-inspection-0.4.1 tzdata-2025.2 tzlocal-5.3.1 ujson-5.10.0 urllib3-2.5.0 uvicorn-0.35.0 uvloop-0.21.0 vine-5.1.0 watchdog-6.0.0 watchfiles-1.1.0 wcwidth-0.2.13 websockets-15.0.1 wrapt-1.17.3 yapf-0.43.0
2025-08-18T18:01:16.2938572Z Collecting keepa==1.3.15
2025-08-18T18:01:16.2954214Z   Using cached keepa-1.3.15-py3-none-any.whl.metadata (11 kB)
2025-08-18T18:01:16.3266085Z Collecting minio==7.1.15
2025-08-18T18:01:16.3279182Z   Using cached minio-7.1.15-py3-none-any.whl.metadata (4.2 kB)
2025-08-18T18:01:16.3309601Z Requirement already satisfied: numpy>=1.9.3 in /opt/hostedtoolcache/Python/3.12.11/x64/lib/python3.12/site-packages (from keepa==1.3.15) (1.26.4)
2025-08-18T18:01:16.3316044Z Requirement already satisfied: requests>=2.2 in /opt/hostedtoolcache/Python/3.12.11/x64/lib/python3.12/site-packages (from keepa==1.3.15) (2.32.4)
2025-08-18T18:01:16.3840073Z Collecting tqdm (from keepa==1.3.15)
2025-08-18T18:01:16.3858347Z   Using cached tqdm-4.67.1-py3-none-any.whl.metadata (57 kB)
2025-08-18T18:01:16.8741065Z Collecting aiohttp (from keepa==1.3.15)
2025-08-18T18:01:16.8754602Z   Using cached aiohttp-3.12.15-cp312-cp312-manylinux_2_17_x86_64.manylinux2014_x86_64.whl.metadata (7.7 kB)
2025-08-18T18:01:16.8789355Z Requirement already satisfied: pandas<=3.0 in /opt/hostedtoolcache/Python/3.12.11/x64/lib/python3.12/site-packages (from keepa==1.3.15) (2.2.3)
2025-08-18T18:01:16.8793886Z Requirement already satisfied: pydantic in /opt/hostedtoolcache/Python/3.12.11/x64/lib/python3.12/site-packages (from keepa==1.3.15) (2.11.7)
2025-08-18T18:01:16.8801785Z Requirement already satisfied: certifi in /opt/hostedtoolcache/Python/3.12.11/x64/lib/python3.12/site-packages (from minio==7.1.15) (2025.8.3)
2025-08-18T18:01:16.8805907Z Requirement already satisfied: urllib3 in /opt/hostedtoolcache/Python/3.12.11/x64/lib/python3.12/site-packages (from minio==7.1.15) (2.5.0)
2025-08-18T18:01:16.8862717Z Requirement already satisfied: python-dateutil>=2.8.2 in /opt/hostedtoolcache/Python/3.12.11/x64/lib/python3.12/site-packages (from pandas<=3.0->keepa==1.3.15) (2.9.0.post0)
2025-08-18T18:01:16.8868433Z Requirement already satisfied: pytz>=2020.1 in /opt/hostedtoolcache/Python/3.12.11/x64/lib/python3.12/site-packages (from pandas<=3.0->keepa==1.3.15) (2025.2)
2025-08-18T18:01:16.8874208Z Requirement already satisfied: tzdata>=2022.7 in /opt/hostedtoolcache/Python/3.12.11/x64/lib/python3.12/site-packages (from pandas<=3.0->keepa==1.3.15) (2025.2)
2025-08-18T18:01:16.8999810Z Requirement already satisfied: six>=1.5 in /opt/hostedtoolcache/Python/3.12.11/x64/lib/python3.12/site-packages (from python-dateutil>=2.8.2->pandas<=3.0->keepa==1.3.15) (1.17.0)
2025-08-18T18:01:16.9020005Z Requirement already satisfied: charset_normalizer<4,>=2 in /opt/hostedtoolcache/Python/3.12.11/x64/lib/python3.12/site-packages (from requests>=2.2->keepa==1.3.15) (3.4.3)
2025-08-18T18:01:16.9027215Z Requirement already satisfied: idna<4,>=2.5 in /opt/hostedtoolcache/Python/3.12.11/x64/lib/python3.12/site-packages (from requests>=2.2->keepa==1.3.15) (3.10)
2025-08-18T18:01:16.9264373Z Collecting aiohappyeyeballs>=2.5.0 (from aiohttp->keepa==1.3.15)
2025-08-18T18:01:16.9276342Z   Using cached aiohappyeyeballs-2.6.1-py3-none-any.whl.metadata (5.9 kB)
2025-08-18T18:01:16.9403856Z Collecting aiosignal>=1.4.0 (from aiohttp->keepa==1.3.15)
2025-08-18T18:01:16.9415362Z   Using cached aiosignal-1.4.0-py3-none-any.whl.metadata (3.7 kB)
2025-08-18T18:01:16.9617698Z Collecting attrs>=17.3.0 (from aiohttp->keepa==1.3.15)
2025-08-18T18:01:16.9629715Z   Using cached attrs-25.3.0-py3-none-any.whl.metadata (10 kB)
2025-08-18T18:01:17.0341193Z Collecting frozenlist>=1.1.1 (from aiohttp->keepa==1.3.15)
2025-08-18T18:01:17.0355082Z   Using cached frozenlist-1.7.0-cp312-cp312-manylinux_2_5_x86_64.manylinux1_x86_64.manylinux_2_17_x86_64.manylinux2014_x86_64.whl.metadata (18 kB)
2025-08-18T18:01:17.2829075Z Collecting multidict<7.0,>=4.5 (from aiohttp->keepa==1.3.15)
2025-08-18T18:01:17.2843189Z   Using cached multidict-6.6.4-cp312-cp312-manylinux2014_x86_64.manylinux_2_17_x86_64.manylinux_2_28_x86_64.whl.metadata (5.3 kB)
2025-08-18T18:01:17.3299562Z Collecting propcache>=0.2.0 (from aiohttp->keepa==1.3.15)
2025-08-18T18:01:17.3314182Z   Using cached propcache-0.3.2-cp312-cp312-manylinux_2_17_x86_64.manylinux2014_x86_64.whl.metadata (12 kB)
2025-08-18T18:01:17.5702970Z Collecting yarl<2.0,>=1.17.0 (from aiohttp->keepa==1.3.15)
2025-08-18T18:01:17.5716968Z   Using cached yarl-1.20.1-cp312-cp312-manylinux_2_17_x86_64.manylinux2014_x86_64.whl.metadata (73 kB)
2025-08-18T18:01:17.5932462Z Requirement already satisfied: typing-extensions>=4.2 in /opt/hostedtoolcache/Python/3.12.11/x64/lib/python3.12/site-packages (from aiosignal>=1.4.0->aiohttp->keepa==1.3.15) (4.14.1)
2025-08-18T18:01:17.5981876Z Requirement already satisfied: annotated-types>=0.6.0 in /opt/hostedtoolcache/Python/3.12.11/x64/lib/python3.12/site-packages (from pydantic->keepa==1.3.15) (0.7.0)
2025-08-18T18:01:17.5987484Z Requirement already satisfied: pydantic-core==2.33.2 in /opt/hostedtoolcache/Python/3.12.11/x64/lib/python3.12/site-packages (from pydantic->keepa==1.3.15) (2.33.2)
2025-08-18T18:01:17.5995927Z Requirement already satisfied: typing-inspection>=0.4.0 in /opt/hostedtoolcache/Python/3.12.11/x64/lib/python3.12/site-packages (from pydantic->keepa==1.3.15) (0.4.1)
2025-08-18T18:01:17.6056404Z Using cached keepa-1.3.15-py3-none-any.whl (38 kB)
2025-08-18T18:01:17.6068125Z Using cached minio-7.1.15-py3-none-any.whl (77 kB)
2025-08-18T18:01:17.6080046Z Using cached aiohttp-3.12.15-cp312-cp312-manylinux_2_17_x86_64.manylinux2014_x86_64.whl (1.7 MB)
2025-08-18T18:01:17.6105013Z Using cached multidict-6.6.4-cp312-cp312-manylinux2014_x86_64.manylinux_2_17_x86_64.manylinux_2_28_x86_64.whl (256 kB)
2025-08-18T18:01:17.6117886Z Using cached yarl-1.20.1-cp312-cp312-manylinux_2_17_x86_64.manylinux2014_x86_64.whl (355 kB)
2025-08-18T18:01:17.6131620Z Using cached aiohappyeyeballs-2.6.1-py3-none-any.whl (15 kB)
2025-08-18T18:01:17.6142814Z Using cached aiosignal-1.4.0-py3-none-any.whl (7.5 kB)
2025-08-18T18:01:17.6153776Z Using cached attrs-25.3.0-py3-none-any.whl (63 kB)
2025-08-18T18:01:17.6165747Z Using cached frozenlist-1.7.0-cp312-cp312-manylinux_2_5_x86_64.manylinux1_x86_64.manylinux_2_17_x86_64.manylinux2014_x86_64.whl (241 kB)
2025-08-18T18:01:17.6178502Z Using cached propcache-0.3.2-cp312-cp312-manylinux_2_17_x86_64.manylinux2014_x86_64.whl (224 kB)
2025-08-18T18:01:17.6190865Z Using cached tqdm-4.67.1-py3-none-any.whl (78 kB)
2025-08-18T18:01:17.8007432Z Installing collected packages: tqdm, propcache, multidict, minio, frozenlist, attrs, aiohappyeyeballs, yarl, aiosignal, aiohttp, keepa
2025-08-18T18:01:17.8785174Z   Attempting uninstall: minio
2025-08-18T18:01:17.8833639Z     Found existing installation: minio 7.2.16
2025-08-18T18:01:17.8871517Z     Uninstalling minio-7.2.16:
2025-08-18T18:01:17.8884837Z       Successfully uninstalled minio-7.2.16
2025-08-18T18:01:18.2647532Z 
2025-08-18T18:01:18.2762341Z Successfully installed aiohappyeyeballs-2.6.1 aiohttp-3.12.15 aiosignal-1.4.0 attrs-25.3.0 frozenlist-1.7.0 keepa-1.3.15 minio-7.1.15 multidict-6.6.4 propcache-0.3.2 tqdm-4.67.1 yarl-1.20.1
2025-08-18T18:01:18.4635290Z ##[group]Run for i in {1..30}; do pg_isready -h "$PG_HOST" -p "$PG_PORT" -U "$PG_USER" -d "$PG_DATABASE" && break; sleep 1; done
2025-08-18T18:01:18.4635939Z [36;1mfor i in {1..30}; do pg_isready -h "$PG_HOST" -p "$PG_PORT" -U "$PG_USER" -d "$PG_DATABASE" && break; sleep 1; done[0m
2025-08-18T18:01:18.4676342Z shell: /usr/bin/bash -e {0}
2025-08-18T18:01:18.4676551Z env:
2025-08-18T18:01:18.4676749Z   REDIS_URL: redis://localhost:6379/0
2025-08-18T18:01:18.4677023Z   RATE_LIMIT_DEFAULT: 100/minute
2025-08-18T18:01:18.4677243Z   TRUST_X_FORWARDED: 1
2025-08-18T18:01:18.4677438Z   PG_USER: postgres
2025-08-18T18:01:18.4677625Z   PG_PASSWORD: pass
2025-08-18T18:01:18.4677797Z   PG_DATABASE: awa
2025-08-18T18:01:18.4677974Z   PG_HOST: localhost
2025-08-18T18:01:18.4678151Z   PG_PORT: 5432
2025-08-18T18:01:18.4678706Z   PG_SYNC_DSN: ***localhost:5432/awa
2025-08-18T18:01:18.4679112Z   PG_ASYNC_DSN: ***localhost:5432/awa
2025-08-18T18:01:18.4679520Z   DATABASE_URL: ***localhost:5432/awa
2025-08-18T18:01:18.4679752Z   DATA_DIR: /tmp/awa-data
2025-08-18T18:01:18.4679950Z   ENABLE_LIVE: 0
2025-08-18T18:01:18.4680123Z   TESTING: 1
2025-08-18T18:01:18.4680360Z   pythonLocation: /opt/hostedtoolcache/Python/3.12.11/x64
2025-08-18T18:01:18.4680873Z   PKG_CONFIG_PATH: /opt/hostedtoolcache/Python/3.12.11/x64/lib/pkgconfig
2025-08-18T18:01:18.4681258Z   Python_ROOT_DIR: /opt/hostedtoolcache/Python/3.12.11/x64
2025-08-18T18:01:18.4681616Z   Python2_ROOT_DIR: /opt/hostedtoolcache/Python/3.12.11/x64
2025-08-18T18:01:18.4682139Z   Python3_ROOT_DIR: /opt/hostedtoolcache/Python/3.12.11/x64
2025-08-18T18:01:18.4682475Z   LD_LIBRARY_PATH: /opt/hostedtoolcache/Python/3.12.11/x64/lib
2025-08-18T18:01:18.4682757Z ##[endgroup]
2025-08-18T18:01:18.5271268Z localhost:5432 - accepting connections
2025-08-18T18:01:18.5304979Z ##[group]Run alembic -c services/api/alembic.ini upgrade head
2025-08-18T18:01:18.5305421Z [36;1malembic -c services/api/alembic.ini upgrade head[0m
2025-08-18T18:01:18.5345798Z shell: /usr/bin/bash -e {0}
2025-08-18T18:01:18.5346019Z env:
2025-08-18T18:01:18.5346218Z   REDIS_URL: redis://localhost:6379/0
2025-08-18T18:01:18.5346487Z   RATE_LIMIT_DEFAULT: 100/minute
2025-08-18T18:01:18.5346714Z   TRUST_X_FORWARDED: 1
2025-08-18T18:01:18.5346917Z   PG_USER: postgres
2025-08-18T18:01:18.5347107Z   PG_PASSWORD: pass
2025-08-18T18:01:18.5347285Z   PG_DATABASE: awa
2025-08-18T18:01:18.5347460Z   PG_HOST: localhost
2025-08-18T18:01:18.5347644Z   PG_PORT: 5432
2025-08-18T18:01:18.5348095Z   PG_SYNC_DSN: ***localhost:5432/awa
2025-08-18T18:01:18.5348541Z   PG_ASYNC_DSN: ***localhost:5432/awa
2025-08-18T18:01:18.5348930Z   DATABASE_URL: ***localhost:5432/awa
2025-08-18T18:01:18.5349174Z   DATA_DIR: /tmp/awa-data
2025-08-18T18:01:18.5349374Z   ENABLE_LIVE: 0
2025-08-18T18:01:18.5349574Z   TESTING: 1
2025-08-18T18:01:18.5349810Z   pythonLocation: /opt/hostedtoolcache/Python/3.12.11/x64
2025-08-18T18:01:18.5350199Z   PKG_CONFIG_PATH: /opt/hostedtoolcache/Python/3.12.11/x64/lib/pkgconfig
2025-08-18T18:01:18.5350832Z   Python_ROOT_DIR: /opt/hostedtoolcache/Python/3.12.11/x64
2025-08-18T18:01:18.5351261Z   Python2_ROOT_DIR: /opt/hostedtoolcache/Python/3.12.11/x64
2025-08-18T18:01:18.5351608Z   Python3_ROOT_DIR: /opt/hostedtoolcache/Python/3.12.11/x64
2025-08-18T18:01:18.5351950Z   LD_LIBRARY_PATH: /opt/hostedtoolcache/Python/3.12.11/x64/lib
2025-08-18T18:01:18.5352228Z ##[endgroup]
2025-08-18T18:01:19.1443634Z INFO  [alembic.runtime.migration] Context impl PostgresqlImpl.
2025-08-18T18:01:19.1444419Z INFO  [alembic.runtime.migration] Will assume transactional DDL.
2025-08-18T18:01:19.1627526Z INFO  [alembic.runtime.migration] Running upgrade  -> 0001_baseline
2025-08-18T18:01:19.1801085Z INFO  [alembic.runtime.migration] Running upgrade 0001_baseline -> 0002_create_roi_view
2025-08-18T18:01:19.1827465Z INFO  [alembic.runtime.migration] Running upgrade 0002_create_roi_view -> 3e9d5c5aff2c
2025-08-18T18:01:19.1993970Z INFO  [alembic.runtime.migration] Running upgrade 3e9d5c5aff2c -> 0003_vendor_prices
2025-08-18T18:01:19.2165667Z INFO  [alembic.runtime.migration] Running upgrade 0003_vendor_prices -> 0004_fee_cron
2025-08-18T18:01:19.2244367Z INFO  [alembic.runtime.migration] Running upgrade 0004_fee_cron -> 0006_fix_roi_views
2025-08-18T18:01:19.2277522Z INFO  [alembic.runtime.migration] Running upgrade 0006_fix_roi_views -> 0020_unified_schema
2025-08-18T18:01:19.2411140Z INFO  [alembic.runtime.migration] Running upgrade 0020_unified_schema -> 0022_fix_roi_view
2025-08-18T18:01:19.2508724Z INFO  [alembic.runtime.migration] Running upgrade 0022_fix_roi_view -> 0023_add_storage_fee
2025-08-18T18:01:19.2547443Z INFO  [alembic.runtime.migration] Running upgrade 0023_add_storage_fee -> 0024_create_buybox
2025-08-18T18:01:19.2575727Z INFO  [alembic.runtime.migration] Running upgrade 0024_create_buybox -> 0025_pr4_indexes_loadlog
2025-08-18T18:01:19.2802209Z INFO  [alembic.runtime.migration] Running upgrade 0025_pr4_indexes_loadlog -> 0026_amazon_new_reports
2025-08-18T18:01:19.3981279Z ##[group]Run python - <<'PY'
2025-08-18T18:01:19.3981601Z [36;1mpython - <<'PY'[0m
2025-08-18T18:01:19.3981865Z [36;1mfrom fastapi.testclient import TestClient[0m
2025-08-18T18:01:19.3982173Z [36;1mfrom services.api.main import app[0m
2025-08-18T18:01:19.3982432Z [36;1mc = TestClient(app)[0m
2025-08-18T18:01:19.3982651Z [36;1mr = c.get('/roi-review')[0m
2025-08-18T18:01:19.3982895Z [36;1massert r.status_code < 500, r.text[0m
2025-08-18T18:01:19.3983131Z [36;1mPY[0m
2025-08-18T18:01:19.4023138Z shell: /usr/bin/bash -e {0}
2025-08-18T18:01:19.4023541Z env:
2025-08-18T18:01:19.4023738Z   REDIS_URL: redis://localhost:6379/0
2025-08-18T18:01:19.4023995Z   RATE_LIMIT_DEFAULT: 100/minute
2025-08-18T18:01:19.4024214Z   TRUST_X_FORWARDED: 1
2025-08-18T18:01:19.4024400Z   PG_USER: postgres
2025-08-18T18:01:19.4024582Z   PG_PASSWORD: pass
2025-08-18T18:01:19.4024762Z   PG_DATABASE: awa
2025-08-18T18:01:19.4024939Z   PG_HOST: localhost
2025-08-18T18:01:19.4025152Z   PG_PORT: 5432
2025-08-18T18:01:19.4025711Z   PG_SYNC_DSN: ***localhost:5432/awa
2025-08-18T18:01:19.4026121Z   PG_ASYNC_DSN: ***localhost:5432/awa
2025-08-18T18:01:19.4026504Z   DATABASE_URL: ***localhost:5432/awa
2025-08-18T18:01:19.4026729Z   DATA_DIR: /tmp/awa-data
2025-08-18T18:01:19.4026929Z   ENABLE_LIVE: 0
2025-08-18T18:01:19.4027100Z   TESTING: 1
2025-08-18T18:01:19.4027325Z   pythonLocation: /opt/hostedtoolcache/Python/3.12.11/x64
2025-08-18T18:01:19.4027710Z   PKG_CONFIG_PATH: /opt/hostedtoolcache/Python/3.12.11/x64/lib/pkgconfig
2025-08-18T18:01:19.4028088Z   Python_ROOT_DIR: /opt/hostedtoolcache/Python/3.12.11/x64
2025-08-18T18:01:19.4028421Z   Python2_ROOT_DIR: /opt/hostedtoolcache/Python/3.12.11/x64
2025-08-18T18:01:19.4028764Z   Python3_ROOT_DIR: /opt/hostedtoolcache/Python/3.12.11/x64
2025-08-18T18:01:19.4029101Z   LD_LIBRARY_PATH: /opt/hostedtoolcache/Python/3.12.11/x64/lib
2025-08-18T18:01:19.4029384Z ##[endgroup]
2025-08-18T18:01:20.5821388Z ERROR:services.api.errors:{"event": "unhandled_error", "request_id": "6eb8846305094f7994d38c0a35a3871e", "level": "error", "timestamp": "2025-08-18T18:01:20.575154Z", "exception": [{"exc_type": "Exception", "exc_value": "You must call FastAPILimiter.init in startup event of fastapi!", "syntax_error": null, "is_cause": false, "frames": [{"filename": "/opt/hostedtoolcache/Python/3.12.11/x64/lib/python3.12/site-packages/starlette/middleware/errors.py", "lineno": 164, "name": "__call__", "line": "", "locals": {"self": "<starlette.middleware.errors.ServerErrorMiddleware object at 0x7ff310008680>", "scope": "\"{'type': 'http', 'http_version': '1.1', 'method': 'GET', 'path': '/roi-review', \"+1459", "receive": "'<function _TestClientTransport.handle_request.<locals>.receive at 0x7ff317fda340'+1", "send": "<function _TestClientTransport.handle_request.<locals>.send at 0x7ff317b22840>", "_send": "<function ServerErrorMiddleware.__call__.<locals>._send at 0x7ff311278040>", "exc": "Exception('You must call FastAPILimiter.init in startup event of fastapi!')", "request": "<starlette.requests.Request object at 0x7ff31014c440>", "response_started": "False"}}, {"filename": "/opt/hostedtoolcache/Python/3.12.11/x64/lib/python3.12/site-packages/asgi_correlation_id/middleware.py", "lineno": 90, "name": "__call__", "line": "", "locals": {"self": "'CorrelationIdMiddleware(app=<starlette.middleware.exceptions.ExceptionMiddleware'+286", "scope": "\"{'type': 'http', 'http_version': '1.1', 'method': 'GET', 'path': '/roi-review', \"+1459", "receive": "'<function _TestClientTransport.handle_request.<locals>.receive at 0x7ff317fda340'+1", "send": "<function ServerErrorMiddleware.__call__.<locals>._send at 0x7ff311278040>", "headers": "\"MutableHeaders({'host': 'testserver', 'accept': '*/*', 'accept-encoding': 'gzip,\"+119", "header_value": "None", "validation_failed": "False", "id_value": "6eb8846305094f7994d38c0a35a3871e", "handle_outgoing_request": "'<function CorrelationIdMiddleware.__call__.<locals>.handle_outgoing_request at 0'+14"}}, {"filename": "/opt/hostedtoolcache/Python/3.12.11/x64/lib/python3.12/site-packages/starlette/middleware/exceptions.py", "lineno": 63, "name": "__call__", "line": "", "locals": {"self": "<starlette.middleware.exceptions.ExceptionMiddleware object at 0x7ff311239d90>", "scope": "\"{'type': 'http', 'http_version': '1.1', 'method': 'GET', 'path': '/roi-review', \"+1459", "receive": "'<function _TestClientTransport.handle_request.<locals>.receive at 0x7ff317fda340'+1", "send": "'<function CorrelationIdMiddleware.__call__.<locals>.handle_outgoing_request at 0'+14", "conn": "<starlette.requests.Request object at 0x7ff3100086e0>"}}, {"filename": "/opt/hostedtoolcache/Python/3.12.11/x64/lib/python3.12/site-packages/starlette/_exception_handler.py", "lineno": 53, "name": "wrapped_app", "line": "", "locals": {"scope": "\"{'type': 'http', 'http_version': '1.1', 'method': 'GET', 'path': '/roi-review', \"+1459", "receive": "'<function _TestClientTransport.handle_request.<locals>.receive at 0x7ff317fda340'+1", "send": "'<function CorrelationIdMiddleware.__call__.<locals>.handle_outgoing_request at 0'+14", "sender": "'<function wrap_app_handling_exceptions.<locals>.wrapped_app.<locals>.sender at 0'+14", "handler": "None", "response_started": "False", "app": "<fastapi.routing.APIRouter object at 0x7ff3111dc200>", "conn": "<starlette.requests.Request object at 0x7ff3100086e0>", "exception_handlers": "\"{<class 'starlette.exceptions.HTTPException'>: <function install_exception_handl\"+642", "status_handlers": "{}"}}, {"filename": "/opt/hostedtoolcache/Python/3.12.11/x64/lib/python3.12/site-packages/starlette/_exception_handler.py", "lineno": 42, "name": "wrapped_app", "line": "", "locals": {"scope": "\"{'type': 'http', 'http_version': '1.1', 'method': 'GET', 'path': '/roi-review', \"+1459", "receive": "'<function _TestClientTransport.handle_request.<locals>.receive at 0x7ff317fda340'+1", "send": "'<function CorrelationIdMiddleware.__call__.<locals>.handle_outgoing_request at 0'+14", "sender": "'<function wrap_app_handling_exceptions.<locals>.wrapped_app.<locals>.sender at 0'+14", "handler": "None", "response_started": "False", "app": "<fastapi.routing.APIRouter object at 0x7ff3111dc200>", "conn": "<starlette.requests.Request object at 0x7ff3100086e0>", "exception_handlers": "\"{<class 'starlette.exceptions.HTTPException'>: <function install_exception_handl\"+642", "status_handlers": "{}"}}, {"filename": "/opt/hostedtoolcache/Python/3.12.11/x64/lib/python3.12/site-packages/starlette/routing.py", "lineno": 716, "name": "__call__", "line": "", "locals": {"self": "<fastapi.routing.APIRouter object at 0x7ff3111dc200>", "scope": "\"{'type': 'http', 'http_version': '1.1', 'method': 'GET', 'path': '/roi-review', \"+1459", "receive": "'<function _TestClientTransport.handle_request.<locals>.receive at 0x7ff317fda340'+1", "send": "'<function wrap_app_handling_exceptions.<locals>.wrapped_app.<locals>.sender at 0'+14"}}, {"filename": "/opt/hostedtoolcache/Python/3.12.11/x64/lib/python3.12/site-packages/starlette/routing.py", "lineno": 736, "name": "app", "line": "", "locals": {"self": "<fastapi.routing.APIRouter object at 0x7ff3111dc200>", "scope": "\"{'type': 'http', 'http_version': '1.1', 'method': 'GET', 'path': '/roi-review', \"+1459", "receive": "'<function _TestClientTransport.handle_request.<locals>.receive at 0x7ff317fda340'+1", "send": "'<function wrap_app_handling_exceptions.<locals>.wrapped_app.<locals>.sender at 0'+14", "partial": "None", "route": "APIRoute(path='/roi-review', name='roi_review', methods=['GET'])", "match": "<Match.FULL: 2>", "child_scope": "\"{'endpoint': <function roi_review at 0x7ff3115e3d80>, 'path_params': {}, 'route'\"+67"}}, {"filename": "/opt/hostedtoolcache/Python/3.12.11/x64/lib/python3.12/site-packages/starlette/routing.py", "lineno": 290, "name": "handle", "line": "", "locals": {"self": "APIRoute(path='/roi-review', name='roi_review', methods=['GET'])", "scope": "\"{'type': 'http', 'http_version': '1.1', 'method': 'GET', 'path': '/roi-review', \"+1459", "receive": "'<function _TestClientTransport.handle_request.<locals>.receive at 0x7ff317fda340'+1", "send": "'<function wrap_app_handling_exceptions.<locals>.wrapped_app.<locals>.sender at 0'+14"}}, {"filename": "/opt/hostedtoolcache/Python/3.12.11/x64/lib/python3.12/site-packages/starlette/routing.py", "lineno": 78, "name": "app", "line": "", "locals": {"scope": "\"{'type': 'http', 'http_version': '1.1', 'method': 'GET', 'path': '/roi-review', \"+1459", "receive": "'<function _TestClientTransport.handle_request.<locals>.receive at 0x7ff317fda340'+1", "send": "'<function wrap_app_handling_exceptions.<locals>.wrapped_app.<locals>.sender at 0'+14", "app": "<function request_response.<locals>.app.<locals>.app at 0x7ff3100068e0>", "request": "<starlette.requests.Request object at 0x7ff310008830>", "f": "<function get_request_handler.<locals>.app at 0x7ff3112005e0>"}}, {"filename": "/opt/hostedtoolcache/Python/3.12.11/x64/lib/python3.12/site-packages/starlette/_exception_handler.py", "lineno": 53, "name": "wrapped_app", "line": "", "locals": {"scope": "\"{'type': 'http', 'http_version': '1.1', 'method': 'GET', 'path': '/roi-review', \"+1459", "receive": "'<function _TestClientTransport.handle_request.<locals>.receive at 0x7ff317fda340'+1", "send": "'<function wrap_app_handling_exceptions.<locals>.wrapped_app.<locals>.sender at 0'+14", "sender": "'<function wrap_app_handling_exceptions.<locals>.wrapped_app.<locals>.sender at 0'+14", "handler": "None", "response_started": "False", "app": "<function request_response.<locals>.app.<locals>.app at 0x7ff3100068e0>", "conn": "<starlette.requests.Request object at 0x7ff310008830>", "exception_handlers": "\"{<class 'starlette.exceptions.HTTPException'>: <function install_exception_handl\"+642", "status_handlers": "{}"}}, {"filename": "/opt/hostedtoolcache/Python/3.12.11/x64/lib/python3.12/site-packages/starlette/_exception_handler.py", "lineno": 42, "name": "wrapped_app", "line": "", "locals": {"scope": "\"{'type': 'http', 'http_version': '1.1', 'method': 'GET', 'path': '/roi-review', \"+1459", "receive": "'<function _TestClientTransport.handle_request.<locals>.receive at 0x7ff317fda340'+1", "send": "'<function wrap_app_handling_exceptions.<locals>.wrapped_app.<locals>.sender at 0'+14", "sender": "'<function wrap_app_handling_exceptions.<locals>.wrapped_app.<locals>.sender at 0'+14", "handler": "None", "response_started": "False", "app": "<function request_response.<locals>.app.<locals>.app at 0x7ff3100068e0>", "conn": "<starlette.requests.Request object at 0x7ff310008830>", "exception_handlers": "\"{<class 'starlette.exceptions.HTTPException'>: <function install_exception_handl\"+642", "status_handlers": "{}"}}, {"filename": "/opt/hostedtoolcache/Python/3.12.11/x64/lib/python3.12/site-packages/starlette/routing.py", "lineno": 75, "name": "app", "line": "", "locals": {"scope": "\"{'type': 'http', 'http_version': '1.1', 'method': 'GET', 'path': '/roi-review', \"+1459", "receive": "'<function _TestClientTransport.handle_request.<locals>.receive at 0x7ff317fda340'+1", "send": "'<function wrap_app_handling_exceptions.<locals>.wrapped_app.<locals>.sender at 0'+14", "f": "<function get_request_handler.<locals>.app at 0x7ff3112005e0>", "request": "<starlette.requests.Request object at 0x7ff310008830>"}}, {"filename": "/opt/hostedtoolcache/Python/3.12.11/x64/lib/python3.12/site-packages/fastapi/routing.py", "lineno": 292, "name": "app", "line": "", "locals": {"request": "<starlette.requests.Request object at 0x7ff310008830>", "response": "None", "file_stack": "<contextlib.AsyncExitStack object at 0x7ff310008980>", "body": "None", "errors": "[]", "async_exit_stack": "<contextlib.AsyncExitStack object at 0x7ff3100089b0>", "actual_response_class": "<class 'starlette.responses.JSONResponse'>", "body_field": "None", "dependant": "\"Dependant(path_params=[], query_params=[ModelField(field_info=Query(0), name='ro\"+2305", "dependency_overrides_provider": "<fastapi.applications.FastAPI object at 0x7ff3111dc1d0>", "embed_body_fields": "False", "is_body_form": "None", "is_coroutine": "False", "response_field": "None", "response_model_by_alias": "True", "response_model_exclude": "None", "response_model_exclude_defaults": "False", "response_model_exclude_none": "False", "response_model_exclude_unset": "False", "response_model_include": "None", "status_code": "None"}}, {"filename": "/opt/hostedtoolcache/Python/3.12.11/x64/lib/python3.12/site-packages/fastapi/dependencies/utils.py", "lineno": 638, "name": "solve_dependencies", "line": "", "locals": {"request": "<starlette.requests.Request object at 0x7ff310008830>", "dependant": "\"Dependant(path_params=[], query_params=[ModelField(field_info=Query(0), name='ro\"+2305", "body": "None", "background_tasks": "None", "response": "<starlette.responses.Response object at 0x7ff3100089e0>", "dependency_overrides_provider": "<fastapi.applications.FastAPI object at 0x7ff3111dc1d0>", "dependency_cache": "{}", "async_exit_stack": "<contextlib.AsyncExitStack object at 0x7ff3100089b0>", "embed_body_fields": "False", "values": "{}", "errors": "[]", "sub_dependant": "'Dependant(path_params=[], query_params=[], header_params=[], cookie_params=[], b'+462", "call": "<fastapi_limiter.depends.RateLimiter object at 0x7ff3111de240>", "use_sub_dependant": "'Dependant(path_params=[], query_params=[], header_params=[], cookie_params=[], b'+462", "solved_result": "\"SolvedDependency(values={'request': <starlette.requests.Request object at 0x7ff3\"+201"}}, {"filename": "/opt/hostedtoolcache/Python/3.12.11/x64/lib/python3.12/site-packages/fastapi_limiter/depends.py", "lineno": 37, "name": "__call__", "line": "", "locals": {"self": "<fastapi_limiter.depends.RateLimiter object at 0x7ff3111de240>", "request": "<starlette.requests.Request object at 0x7ff310008830>", "response": "<starlette.responses.Response object at 0x7ff3100089e0>"}}]}]}
2025-08-18T18:01:20.5870928Z Traceback (most recent call last):
2025-08-18T18:01:20.5878097Z   File "<stdin>", line 4, in <module>
2025-08-18T18:01:20.5878995Z   File "/opt/hostedtoolcache/Python/3.12.11/x64/lib/python3.12/site-packages/starlette/testclient.py", line 479, in get
2025-08-18T18:01:20.5879746Z     return super().get(
2025-08-18T18:01:20.5880050Z            ^^^^^^^^^^^^
2025-08-18T18:01:20.5880988Z   File "/opt/hostedtoolcache/Python/3.12.11/x64/lib/python3.12/site-packages/httpx/_client.py", line 1053, in get
2025-08-18T18:01:20.5881707Z     return self.request(
2025-08-18T18:01:20.5881992Z            ^^^^^^^^^^^^^
2025-08-18T18:01:20.5882750Z   File "/opt/hostedtoolcache/Python/3.12.11/x64/lib/python3.12/site-packages/starlette/testclient.py", line 451, in request
2025-08-18T18:01:20.5883515Z     return super().request(
2025-08-18T18:01:20.5883814Z            ^^^^^^^^^^^^^^^^
2025-08-18T18:01:20.5884505Z   File "/opt/hostedtoolcache/Python/3.12.11/x64/lib/python3.12/site-packages/httpx/_client.py", line 825, in request
2025-08-18T18:01:20.5885376Z     return self.send(request, auth=auth, follow_redirects=follow_redirects)
2025-08-18T18:01:20.5885871Z            ^^^^^^^^^^^^^^^^^^^^^^^^^^^^^^^^^^^^^^^^^^^^^^^^^^^^^^^^^^^^^^^^
2025-08-18T18:01:20.5886622Z   File "/opt/hostedtoolcache/Python/3.12.11/x64/lib/python3.12/site-packages/httpx/_client.py", line 914, in send
2025-08-18T18:01:20.5887344Z     response = self._send_handling_auth(
2025-08-18T18:01:20.5887839Z                ^^^^^^^^^^^^^^^^^^^^^^^^^
2025-08-18T18:01:20.5888874Z   File "/opt/hostedtoolcache/Python/3.12.11/x64/lib/python3.12/site-packages/httpx/_client.py", line 942, in _send_handling_auth
2025-08-18T18:01:20.5889801Z     response = self._send_handling_redirects(
2025-08-18T18:01:20.5890266Z                ^^^^^^^^^^^^^^^^^^^^^^^^^^^^^^
2025-08-18T18:01:20.5891495Z   File "/opt/hostedtoolcache/Python/3.12.11/x64/lib/python3.12/site-packages/httpx/_client.py", line 979, in _send_handling_redirects
2025-08-18T18:01:20.5892525Z     response = self._send_single_request(request)
2025-08-18T18:01:20.5893014Z                ^^^^^^^^^^^^^^^^^^^^^^^^^^^^^^^^^^
2025-08-18T18:01:20.5894051Z   File "/opt/hostedtoolcache/Python/3.12.11/x64/lib/python3.12/site-packages/httpx/_client.py", line 1014, in _send_single_request
2025-08-18T18:01:20.5894989Z     response = transport.handle_request(request)
2025-08-18T18:01:20.5895696Z                ^^^^^^^^^^^^^^^^^^^^^^^^^^^^^^^^^
2025-08-18T18:01:20.5896753Z   File "/opt/hostedtoolcache/Python/3.12.11/x64/lib/python3.12/site-packages/starlette/testclient.py", line 354, in handle_request
2025-08-18T18:01:20.5897696Z     raise exc
2025-08-18T18:01:20.5898595Z   File "/opt/hostedtoolcache/Python/3.12.11/x64/lib/python3.12/site-packages/starlette/testclient.py", line 351, in handle_request
2025-08-18T18:01:20.5914168Z     portal.call(self.app, scope, receive, send)
2025-08-18T18:01:20.5914838Z   File "/opt/hostedtoolcache/Python/3.12.11/x64/lib/python3.12/site-packages/anyio/from_thread.py", line 291, in call
2025-08-18T18:01:20.5915682Z     return cast(T_Retval, self.start_task_soon(func, *args).result())
2025-08-18T18:01:20.5916016Z                           ^^^^^^^^^^^^^^^^^^^^^^^^^^^^^^^^^^^^^^^^^^
2025-08-18T18:01:20.5916538Z   File "/opt/hostedtoolcache/Python/3.12.11/x64/lib/python3.12/concurrent/futures/_base.py", line 456, in result
2025-08-18T18:01:20.5917018Z     return self.__get_result()
2025-08-18T18:01:20.5917229Z            ^^^^^^^^^^^^^^^^^^^
2025-08-18T18:01:20.5917697Z   File "/opt/hostedtoolcache/Python/3.12.11/x64/lib/python3.12/concurrent/futures/_base.py", line 401, in __get_result
2025-08-18T18:01:20.5918188Z     raise self._exception
2025-08-18T18:01:20.5918715Z   File "/opt/hostedtoolcache/Python/3.12.11/x64/lib/python3.12/site-packages/anyio/from_thread.py", line 222, in _call_func
2025-08-18T18:01:20.5919236Z     retval = await retval_or_awaitable
2025-08-18T18:01:20.5919482Z              ^^^^^^^^^^^^^^^^^^^^^^^^^
2025-08-18T18:01:20.5920013Z   File "/opt/hostedtoolcache/Python/3.12.11/x64/lib/python3.12/site-packages/fastapi/applications.py", line 1054, in __call__
2025-08-18T18:01:20.5920727Z     await super().__call__(scope, receive, send)
2025-08-18T18:01:20.5921297Z   File "/opt/hostedtoolcache/Python/3.12.11/x64/lib/python3.12/site-packages/starlette/applications.py", line 113, in __call__
2025-08-18T18:01:20.5921865Z     await self.middleware_stack(scope, receive, send)
2025-08-18T18:01:20.5922467Z   File "/opt/hostedtoolcache/Python/3.12.11/x64/lib/python3.12/site-packages/starlette/middleware/errors.py", line 186, in __call__
2025-08-18T18:01:20.5922992Z     raise exc
2025-08-18T18:01:20.5923486Z   File "/opt/hostedtoolcache/Python/3.12.11/x64/lib/python3.12/site-packages/starlette/middleware/errors.py", line 164, in __call__
2025-08-18T18:01:20.5924024Z     await self.app(scope, receive, _send)
2025-08-18T18:01:20.5924585Z   File "/opt/hostedtoolcache/Python/3.12.11/x64/lib/python3.12/site-packages/asgi_correlation_id/middleware.py", line 90, in __call__
2025-08-18T18:01:20.5925173Z     await self.app(scope, receive, handle_outgoing_request)
2025-08-18T18:01:20.5925787Z   File "/opt/hostedtoolcache/Python/3.12.11/x64/lib/python3.12/site-packages/starlette/middleware/exceptions.py", line 63, in __call__
2025-08-18T18:01:20.5926427Z     await wrap_app_handling_exceptions(self.app, conn)(scope, receive, send)
2025-08-18T18:01:20.5927083Z   File "/opt/hostedtoolcache/Python/3.12.11/x64/lib/python3.12/site-packages/starlette/_exception_handler.py", line 53, in wrapped_app
2025-08-18T18:01:20.5927609Z     raise exc
2025-08-18T18:01:20.5928098Z   File "/opt/hostedtoolcache/Python/3.12.11/x64/lib/python3.12/site-packages/starlette/_exception_handler.py", line 42, in wrapped_app
2025-08-18T18:01:20.5928640Z     await app(scope, receive, sender)
2025-08-18T18:01:20.5929146Z   File "/opt/hostedtoolcache/Python/3.12.11/x64/lib/python3.12/site-packages/starlette/routing.py", line 716, in __call__
2025-08-18T18:01:20.5929668Z     await self.middleware_stack(scope, receive, send)
2025-08-18T18:01:20.5930196Z   File "/opt/hostedtoolcache/Python/3.12.11/x64/lib/python3.12/site-packages/starlette/routing.py", line 736, in app
2025-08-18T18:01:20.5930805Z     await route.handle(scope, receive, send)
2025-08-18T18:01:20.5931314Z   File "/opt/hostedtoolcache/Python/3.12.11/x64/lib/python3.12/site-packages/starlette/routing.py", line 290, in handle
2025-08-18T18:01:20.5931932Z     await self.app(scope, receive, send)
2025-08-18T18:01:20.5932424Z   File "/opt/hostedtoolcache/Python/3.12.11/x64/lib/python3.12/site-packages/starlette/routing.py", line 78, in app
2025-08-18T18:01:20.5932973Z     await wrap_app_handling_exceptions(app, request)(scope, receive, send)
2025-08-18T18:01:20.5933610Z   File "/opt/hostedtoolcache/Python/3.12.11/x64/lib/python3.12/site-packages/starlette/_exception_handler.py", line 53, in wrapped_app
2025-08-18T18:01:20.5934135Z     raise exc
2025-08-18T18:01:20.5934612Z   File "/opt/hostedtoolcache/Python/3.12.11/x64/lib/python3.12/site-packages/starlette/_exception_handler.py", line 42, in wrapped_app
2025-08-18T18:01:20.5935261Z     await app(scope, receive, sender)
2025-08-18T18:01:20.5935781Z   File "/opt/hostedtoolcache/Python/3.12.11/x64/lib/python3.12/site-packages/starlette/routing.py", line 75, in app
2025-08-18T18:01:20.5936251Z     response = await f(request)
2025-08-18T18:01:20.5936463Z                ^^^^^^^^^^^^^^^^
2025-08-18T18:01:20.5936914Z   File "/opt/hostedtoolcache/Python/3.12.11/x64/lib/python3.12/site-packages/fastapi/routing.py", line 292, in app
2025-08-18T18:01:20.5937395Z     solved_result = await solve_dependencies(
2025-08-18T18:01:20.5937649Z                     ^^^^^^^^^^^^^^^^^^^^^^^^^
2025-08-18T18:01:20.5938222Z   File "/opt/hostedtoolcache/Python/3.12.11/x64/lib/python3.12/site-packages/fastapi/dependencies/utils.py", line 638, in solve_dependencies
2025-08-18T18:01:20.5938804Z     solved = await call(**solved_result.values)
2025-08-18T18:01:20.5939067Z              ^^^^^^^^^^^^^^^^^^^^^^^^^^^^^^^^^^
2025-08-18T18:01:20.5939602Z   File "/opt/hostedtoolcache/Python/3.12.11/x64/lib/python3.12/site-packages/fastapi_limiter/depends.py", line 37, in __call__
2025-08-18T18:01:20.5940268Z     raise Exception("You must call FastAPILimiter.init in startup event of fastapi!")
2025-08-18T18:01:20.5940837Z Exception: You must call FastAPILimiter.init in startup event of fastapi!
2025-08-18T18:01:20.7747723Z ##[error]Process completed with exit code 1.
2025-08-18T18:01:20.7827825Z Post job cleanup.
2025-08-18T18:01:20.8762656Z [command]/usr/bin/git version
2025-08-18T18:01:20.8800216Z git version 2.50.1
2025-08-18T18:01:20.8852421Z Temporarily overriding HOME='/home/runner/work/_temp/f57e4049-8e70-485d-b75d-6c7be50f4347' before making global git config changes
2025-08-18T18:01:20.8853629Z Adding repository directory to the temporary git global config as a safe directory
2025-08-18T18:01:20.8858377Z [command]/usr/bin/git config --global --add safe.directory /home/runner/work/AWA-App/AWA-App
2025-08-18T18:01:20.8894892Z [command]/usr/bin/git config --local --name-only --get-regexp core\.sshCommand
2025-08-18T18:01:20.8929168Z [command]/usr/bin/git submodule foreach --recursive sh -c "git config --local --name-only --get-regexp 'core\.sshCommand' && git config --local --unset-all 'core.sshCommand' || :"
2025-08-18T18:01:20.9172072Z [command]/usr/bin/git config --local --name-only --get-regexp http\.https\:\/\/github\.com\/\.extraheader
2025-08-18T18:01:20.9193784Z http.https://github.com/.extraheader
2025-08-18T18:01:20.9206205Z [command]/usr/bin/git config --local --unset-all http.https://github.com/.extraheader
2025-08-18T18:01:20.9236663Z [command]/usr/bin/git submodule foreach --recursive sh -c "git config --local --name-only --get-regexp 'http\.https\:\/\/github\.com\/\.extraheader' && git config --local --unset-all 'http.https://github.com/.extraheader' || :"
2025-08-18T18:01:20.9555187Z Print service container logs: bb54edb575474ed1963d142dbdad9a18_postgres15_d9b75c
2025-08-18T18:01:20.9559807Z ##[command]/usr/bin/docker logs --details 87ae4d3eab8c2bd4a729b34128116046eb22122cac9656d53e3a7afe6bbef6fa
2025-08-18T18:01:20.9683761Z  The files belonging to this database system will be owned by user "postgres".
2025-08-18T18:01:20.9685492Z  initdb: warning: enabling "trust" authentication for local connections
2025-08-18T18:01:20.9686517Z  initdb: hint: You can change this by editing pg_hba.conf or using the option -A, or --auth-local and --auth-host, the next time you run initdb.
2025-08-18T18:01:20.9687401Z  This user must also own the server process.
2025-08-18T18:01:20.9687802Z  
2025-08-18T18:01:20.9688201Z  The database cluster will be initialized with locale "en_US.utf8".
2025-08-18T18:01:20.9688865Z  The default database encoding has accordingly been set to "UTF8".
2025-08-18T18:01:20.9689497Z  The default text search configuration will be set to "english".
2025-08-18T18:01:20.9690048Z  
2025-08-18T18:01:20.9690334Z  Data page checksums are disabled.
2025-08-18T18:01:20.9690989Z  
2025-08-18T18:01:20.9691722Z  fixing permissions on existing directory /var/lib/postgresql/data ... ok
2025-08-18T18:01:20.9692305Z  creating subdirectories ... ok
2025-08-18T18:01:20.9692771Z  selecting dynamic shared memory implementation ... posix
2025-08-18T18:01:20.9693283Z  selecting default max_connections ... 100
2025-08-18T18:01:20.9693710Z  selecting default shared_buffers ... 128MB
2025-08-18T18:01:20.9694128Z  selecting default time zone ... Etc/UTC
2025-08-18T18:01:20.9694542Z  creating configuration files ... ok
2025-08-18T18:01:20.9694941Z  running bootstrap script ... ok
2025-08-18T18:01:20.9695366Z  performing post-bootstrap initialization ... ok
2025-08-18T18:01:20.9695805Z  syncing data to disk ... ok
2025-08-18T18:01:20.9696140Z  
2025-08-18T18:01:20.9696377Z  
2025-08-18T18:01:20.9696704Z  Success. You can now start the database server using:
2025-08-18T18:01:20.9697144Z  
2025-08-18T18:01:20.9697476Z      pg_ctl -D /var/lib/postgresql/data -l logfile start
2025-08-18T18:01:20.9697920Z  
2025-08-18T18:01:20.9698823Z  waiting for server to start....2025-08-18 18:00:35.514 UTC [48] LOG:  starting PostgreSQL 15.14 (Debian 15.14-1.pgdg13+1) on x86_64-pc-linux-gnu, compiled by gcc (Debian 14.2.0-19) 14.2.0, 64-bit
2025-08-18T18:01:20.9700043Z  2025-08-18 18:00:35.515 UTC [48] LOG:  listening on Unix socket "/var/run/postgresql/.s.PGSQL.5432"
2025-08-18T18:01:20.9701175Z  2025-08-18 18:00:35.519 UTC [51] LOG:  database system was shut down at 2025-08-18 18:00:35 UTC
2025-08-18T18:01:20.9701950Z  2025-08-18 18:00:35.523 UTC [48] LOG:  database system is ready to accept connections
2025-08-18T18:01:20.9702473Z   done
2025-08-18T18:01:20.9702743Z  server started
2025-08-18T18:01:20.9703035Z  CREATE DATABASE
2025-08-18T18:01:20.9703301Z  
2025-08-18T18:01:20.9703542Z  
2025-08-18T18:01:20.9703840Z  /usr/local/bin/docker-entrypoint.sh: ignoring /docker-entrypoint-initdb.d/*
2025-08-18T18:01:20.9704551Z  2025-08-18 18:00:35.867 UTC [1] LOG:  starting PostgreSQL 15.14 (Debian 15.14-1.pgdg13+1) on x86_64-pc-linux-gnu, compiled by gcc (Debian 14.2.0-19) 14.2.0, 64-bit
2025-08-18T18:01:20.9705153Z  2025-08-18 18:00:35.867 UTC [1] LOG:  listening on IPv4 address "0.0.0.0", port 5432
2025-08-18T18:01:20.9705548Z  2025-08-18 18:00:35.867 UTC [1] LOG:  listening on IPv6 address "::", port 5432
2025-08-18T18:01:20.9705978Z  2025-08-18 18:00:35.869 UTC [1] LOG:  listening on Unix socket "/var/run/postgresql/.s.PGSQL.5432"
2025-08-18T18:01:20.9706442Z  2025-08-18 18:00:35.872 UTC [64] LOG:  database system was shut down at 2025-08-18 18:00:35 UTC
2025-08-18T18:01:20.9706864Z  2025-08-18 18:00:35.877 UTC [1] LOG:  database system is ready to accept connections
2025-08-18T18:01:20.9707174Z  
2025-08-18T18:01:20.9707392Z  2025-08-18 18:00:35.742 UTC [48] LOG:  received fast shutdown request
2025-08-18T18:01:20.9708065Z  waiting for server to shut down....2025-08-18 18:00:35.743 UTC [48] LOG:  aborting any active transactions
2025-08-18T18:01:20.9708644Z  2025-08-18 18:00:35.746 UTC [48] LOG:  background worker "logical replication launcher" (PID 54) exited with exit code 1
2025-08-18T18:01:20.9709093Z  2025-08-18 18:00:35.748 UTC [49] LOG:  shutting down
2025-08-18T18:01:20.9709419Z  2025-08-18 18:00:35.750 UTC [49] LOG:  checkpoint starting: shutdown immediate
2025-08-18T18:01:20.9710233Z  2025-08-18 18:00:35.784 UTC [49] LOG:  checkpoint complete: wrote 922 buffers (5.6%); 0 WAL file(s) added, 0 removed, 0 recycled; write=0.027 s, sync=0.003 s, total=0.037 s; sync files=301, longest=0.001 s, average=0.001 s; distance=4239 kB, estimate=4239 kB
2025-08-18T18:01:20.9711275Z  2025-08-18 18:00:35.792 UTC [48] LOG:  database system is shut down
2025-08-18T18:01:20.9711554Z   done
2025-08-18T18:01:20.9711716Z  server stopped
2025-08-18T18:01:20.9711890Z  
2025-08-18T18:01:20.9712097Z  PostgreSQL init process complete; ready for start up.
2025-08-18T18:01:20.9712391Z  
2025-08-18T18:01:20.9717991Z Stop and remove container: bb54edb575474ed1963d142dbdad9a18_postgres15_d9b75c
2025-08-18T18:01:20.9722812Z ##[command]/usr/bin/docker rm --force 87ae4d3eab8c2bd4a729b34128116046eb22122cac9656d53e3a7afe6bbef6fa
2025-08-18T18:01:22.1114895Z 87ae4d3eab8c2bd4a729b34128116046eb22122cac9656d53e3a7afe6bbef6fa
2025-08-18T18:01:22.1136061Z Print service container logs: 58130d0d63b34883bb8c06f560075bd8_redis7alpine_4333bf
2025-08-18T18:01:22.1137302Z ##[command]/usr/bin/docker logs --details 584f9f3aa31405768231f356efca5b66c7e5139559d60c53d00265ca14b2047d
2025-08-18T18:01:22.1257003Z  1:C 18 Aug 2025 18:00:36.219 # WARNING Memory overcommit must be enabled! Without it, a background save or replication may fail under low memory condition. Being disabled, it can also cause failures without low memory condition, see https://github.com/jemalloc/jemalloc/issues/1328. To fix this issue add 'vm.overcommit_memory = 1' to /etc/sysctl.conf and then reboot or run the command 'sysctl vm.overcommit_memory=1' for this to take effect.
2025-08-18T18:01:22.1258546Z  1:C 18 Aug 2025 18:00:36.219 * oO0OoO0OoO0Oo Redis is starting oO0OoO0OoO0Oo
2025-08-18T18:01:22.1259009Z  1:C 18 Aug 2025 18:00:36.219 * Redis version=7.4.5, bits=64, commit=00000000, modified=0, pid=1, just started
2025-08-18T18:01:22.1259721Z  1:C 18 Aug 2025 18:00:36.219 # Warning: no config file specified, using the default config. In order to specify a config file use redis-server /path/to/redis.conf
2025-08-18T18:01:22.1260314Z  1:M 18 Aug 2025 18:00:36.219 * monotonic clock: POSIX clock_gettime
2025-08-18T18:01:22.1260956Z  1:M 18 Aug 2025 18:00:36.220 * Running mode=standalone, port=6379.
2025-08-18T18:01:22.1261279Z  1:M 18 Aug 2025 18:00:36.220 * Server initialized
2025-08-18T18:01:22.1261603Z  1:M 18 Aug 2025 18:00:36.220 * Ready to accept connections tcp
2025-08-18T18:01:22.1268801Z Stop and remove container: 58130d0d63b34883bb8c06f560075bd8_redis7alpine_4333bf
2025-08-18T18:01:22.1269522Z ##[command]/usr/bin/docker rm --force 584f9f3aa31405768231f356efca5b66c7e5139559d60c53d00265ca14b2047d
2025-08-18T18:01:22.2395571Z 584f9f3aa31405768231f356efca5b66c7e5139559d60c53d00265ca14b2047d
2025-08-18T18:01:22.2417433Z Remove container network: github_network_e85987981e784df7a21aa69856ba5fe2
2025-08-18T18:01:22.2421889Z ##[command]/usr/bin/docker network rm github_network_e85987981e784df7a21aa69856ba5fe2
2025-08-18T18:01:22.3603770Z github_network_e85987981e784df7a21aa69856ba5fe2
2025-08-18T18:01:22.3663862Z Cleaning up orphan processes
