2025-08-24T16:39:04.4568829Z Current runner version: '2.328.0'
2025-08-24T16:39:04.4591484Z ##[group]Runner Image Provisioner
2025-08-24T16:39:04.4592545Z Hosted Compute Agent
2025-08-24T16:39:04.4593107Z Version: 20250821.380
2025-08-24T16:39:04.4593678Z Commit: 438d12cb4fe092871db9867344e3bc0bc5319035
2025-08-24T16:39:04.4594433Z Build Date: 2025-08-21T20:49:43Z
2025-08-24T16:39:04.4594991Z ##[endgroup]
2025-08-24T16:39:04.4595553Z ##[group]Operating System
2025-08-24T16:39:04.4596116Z Ubuntu
2025-08-24T16:39:04.4596617Z 24.04.2
2025-08-24T16:39:04.4597080Z LTS
2025-08-24T16:39:04.4597553Z ##[endgroup]
2025-08-24T16:39:04.4598062Z ##[group]Runner Image
2025-08-24T16:39:04.4598983Z Image: ubuntu-24.04
2025-08-24T16:39:04.4599595Z Version: 20250818.1.0
2025-08-24T16:39:04.4600581Z Included Software: https://github.com/actions/runner-images/blob/ubuntu24/20250818.1/images/ubuntu/Ubuntu2404-Readme.md
2025-08-24T16:39:04.4602103Z Image Release: https://github.com/actions/runner-images/releases/tag/ubuntu24%2F20250818.1
2025-08-24T16:39:04.4603124Z ##[endgroup]
2025-08-24T16:39:04.4605558Z ##[group]GITHUB_TOKEN Permissions
2025-08-24T16:39:04.4607764Z Actions: write
2025-08-24T16:39:04.4608328Z Attestations: write
2025-08-24T16:39:04.4608961Z Checks: write
2025-08-24T16:39:04.4609563Z Contents: write
2025-08-24T16:39:04.4610042Z Deployments: write
2025-08-24T16:39:04.4610539Z Discussions: write
2025-08-24T16:39:04.4611114Z Issues: write
2025-08-24T16:39:04.4611603Z Metadata: read
2025-08-24T16:39:04.4612053Z Models: read
2025-08-24T16:39:04.4612593Z Packages: write
2025-08-24T16:39:04.4613112Z Pages: write
2025-08-24T16:39:04.4613577Z PullRequests: write
2025-08-24T16:39:04.4614273Z RepositoryProjects: write
2025-08-24T16:39:04.4614809Z SecurityEvents: write
2025-08-24T16:39:04.4615419Z Statuses: write
2025-08-24T16:39:04.4615941Z ##[endgroup]
2025-08-24T16:39:04.4617928Z Secret source: Actions
2025-08-24T16:39:04.4618782Z Prepare workflow directory
2025-08-24T16:39:04.5040434Z Prepare all required actions
2025-08-24T16:39:04.5077921Z Getting action download info
2025-08-24T16:39:04.9471428Z Download action repository 'actions/checkout@v5' (SHA:08c6903cd8c0fde910a37f88322edcfb5dd907a8)
2025-08-24T16:39:05.0491413Z Download action repository 'actions/setup-python@v5' (SHA:a26af69be951a213d495a4c3e4e4022e16d87065)
2025-08-24T16:39:05.2243240Z Complete job name: migrations-check
2025-08-24T16:39:05.2727844Z ##[group]Checking docker version
2025-08-24T16:39:05.2741304Z ##[command]/usr/bin/docker version --format '{{.Server.APIVersion}}'
2025-08-24T16:39:05.3547358Z '1.48'
2025-08-24T16:39:05.3558531Z Docker daemon API version: '1.48'
2025-08-24T16:39:05.3559512Z ##[command]/usr/bin/docker version --format '{{.Client.APIVersion}}'
2025-08-24T16:39:05.3708225Z '1.48'
2025-08-24T16:39:05.3721744Z Docker client API version: '1.48'
2025-08-24T16:39:05.3726794Z ##[endgroup]
2025-08-24T16:39:05.3729895Z ##[group]Clean up resources from previous jobs
2025-08-24T16:39:05.3735447Z ##[command]/usr/bin/docker ps --all --quiet --no-trunc --filter "label=18b73c"
2025-08-24T16:39:05.3867189Z ##[command]/usr/bin/docker network prune --force --filter "label=18b73c"
2025-08-24T16:39:05.3993820Z ##[endgroup]
2025-08-24T16:39:05.3994301Z ##[group]Create local container network
2025-08-24T16:39:05.4004663Z ##[command]/usr/bin/docker network create --label 18b73c github_network_71d87ef4f75f43a09ae9203975d4e194
2025-08-24T16:39:05.4519840Z 5b9a38a0f7b60f86fe23e27f9e4a4d0a0e4ca5e7f1dc59ff9452e47da3a7ca26
2025-08-24T16:39:05.4537583Z ##[endgroup]
2025-08-24T16:39:05.4560962Z ##[group]Starting postgres service container
2025-08-24T16:39:05.4579708Z ##[command]/usr/bin/docker pull postgres:15
2025-08-24T16:39:06.5006563Z 15: Pulling from library/postgres
2025-08-24T16:39:06.7362504Z 396b1da7636e: Pulling fs layer
2025-08-24T16:39:06.7363188Z fca2566eba32: Pulling fs layer
2025-08-24T16:39:06.7363685Z 631fe8c6d606: Pulling fs layer
2025-08-24T16:39:06.7364005Z 77c7671c4414: Pulling fs layer
2025-08-24T16:39:06.7364299Z 2d9e29180a27: Pulling fs layer
2025-08-24T16:39:06.7364615Z c6bcc2c9a041: Pulling fs layer
2025-08-24T16:39:06.7365370Z ac4b721eb66f: Pulling fs layer
2025-08-24T16:39:06.7365681Z 606bd164980e: Pulling fs layer
2025-08-24T16:39:06.7365962Z f5dfd246bc6e: Pulling fs layer
2025-08-24T16:39:06.7366248Z ba7036bb0a60: Pulling fs layer
2025-08-24T16:39:06.7366524Z 799f859abbbd: Pulling fs layer
2025-08-24T16:39:06.7366839Z d903e777080c: Pulling fs layer
2025-08-24T16:39:06.7367137Z 04adcb462801: Pulling fs layer
2025-08-24T16:39:06.7367427Z 5c10925b29ff: Pulling fs layer
2025-08-24T16:39:06.7367713Z 606bd164980e: Waiting
2025-08-24T16:39:06.7367955Z f5dfd246bc6e: Waiting
2025-08-24T16:39:06.7368201Z ba7036bb0a60: Waiting
2025-08-24T16:39:06.7368435Z 799f859abbbd: Waiting
2025-08-24T16:39:06.7368942Z 5c10925b29ff: Waiting
2025-08-24T16:39:06.7369174Z d903e777080c: Waiting
2025-08-24T16:39:06.7369399Z 04adcb462801: Waiting
2025-08-24T16:39:06.7369617Z 77c7671c4414: Waiting
2025-08-24T16:39:06.7369848Z 2d9e29180a27: Waiting
2025-08-24T16:39:06.7370090Z c6bcc2c9a041: Waiting
2025-08-24T16:39:06.7370342Z ac4b721eb66f: Waiting
2025-08-24T16:39:07.0034564Z fca2566eba32: Verifying Checksum
2025-08-24T16:39:07.0038145Z fca2566eba32: Download complete
2025-08-24T16:39:07.2829729Z 77c7671c4414: Verifying Checksum
2025-08-24T16:39:07.2830500Z 77c7671c4414: Download complete
2025-08-24T16:39:07.3789704Z 396b1da7636e: Verifying Checksum
2025-08-24T16:39:07.3790275Z 396b1da7636e: Download complete
2025-08-24T16:39:07.4455164Z 631fe8c6d606: Verifying Checksum
2025-08-24T16:39:07.4456663Z 631fe8c6d606: Download complete
2025-08-24T16:39:07.7062901Z c6bcc2c9a041: Verifying Checksum
2025-08-24T16:39:07.7063555Z c6bcc2c9a041: Download complete
2025-08-24T16:39:07.7685998Z ac4b721eb66f: Verifying Checksum
2025-08-24T16:39:07.7686912Z ac4b721eb66f: Download complete
2025-08-24T16:39:07.7701053Z 2d9e29180a27: Verifying Checksum
2025-08-24T16:39:08.0174568Z 606bd164980e: Verifying Checksum
2025-08-24T16:39:08.0175572Z 606bd164980e: Download complete
2025-08-24T16:39:08.0851438Z ba7036bb0a60: Verifying Checksum
2025-08-24T16:39:08.0853333Z ba7036bb0a60: Download complete
2025-08-24T16:39:08.2666089Z 799f859abbbd: Verifying Checksum
2025-08-24T16:39:08.2669787Z 799f859abbbd: Download complete
2025-08-24T16:39:08.3345593Z 396b1da7636e: Pull complete
2025-08-24T16:39:08.3365400Z d903e777080c: Download complete
2025-08-24T16:39:08.4388108Z fca2566eba32: Pull complete
2025-08-24T16:39:08.5283545Z 04adcb462801: Verifying Checksum
2025-08-24T16:39:08.5284060Z 04adcb462801: Download complete
2025-08-24T16:39:08.5973150Z 5c10925b29ff: Verifying Checksum
2025-08-24T16:39:08.5973627Z 5c10925b29ff: Download complete
2025-08-24T16:39:08.6256322Z 631fe8c6d606: Pull complete
2025-08-24T16:39:08.6722720Z 77c7671c4414: Pull complete
2025-08-24T16:39:08.9867615Z 2d9e29180a27: Pull complete
2025-08-24T16:39:09.1044864Z c6bcc2c9a041: Pull complete
2025-08-24T16:39:09.1148961Z ac4b721eb66f: Pull complete
2025-08-24T16:39:09.1270526Z 606bd164980e: Pull complete
2025-08-24T16:39:10.9997285Z f5dfd246bc6e: Verifying Checksum
2025-08-24T16:39:10.9997887Z f5dfd246bc6e: Download complete
2025-08-24T16:39:13.9067133Z f5dfd246bc6e: Pull complete
2025-08-24T16:39:13.9240632Z ba7036bb0a60: Pull complete
2025-08-24T16:39:13.9375675Z 799f859abbbd: Pull complete
2025-08-24T16:39:13.9498876Z d903e777080c: Pull complete
2025-08-24T16:39:13.9639443Z 04adcb462801: Pull complete
2025-08-24T16:39:13.9760789Z 5c10925b29ff: Pull complete
2025-08-24T16:39:13.9810329Z Digest: sha256:bc51cf4f1fe02cce7ed2370b20128a9b00b4eb804573a77d2a0d877aaa9c82b1
2025-08-24T16:39:13.9830169Z Status: Downloaded newer image for postgres:15
2025-08-24T16:39:13.9844364Z docker.io/library/postgres:15
2025-08-24T16:39:13.9903930Z ##[command]/usr/bin/docker create --name e59b7f15015c4322b52b3644cbfe84f4_postgres15_a3f5ed --label 18b73c --network github_network_71d87ef4f75f43a09ae9203975d4e194 --network-alias postgres -p 5432:5432 --health-cmd="pg_isready -U postgres -d awa" --health-interval=5s --health-timeout=5s --health-retries=10 -e "POSTGRES_USER=postgres" -e "POSTGRES_PASSWORD=pass" -e "POSTGRES_DB=awa" -e GITHUB_ACTIONS=true -e CI=true postgres:15
2025-08-24T16:39:14.0231447Z d97a00c6d960975f5e6f01e0aff0b134408d0056d22a09092b6a584f34d9c8d1
2025-08-24T16:39:14.0253851Z ##[command]/usr/bin/docker start d97a00c6d960975f5e6f01e0aff0b134408d0056d22a09092b6a584f34d9c8d1
2025-08-24T16:39:14.2399354Z d97a00c6d960975f5e6f01e0aff0b134408d0056d22a09092b6a584f34d9c8d1
2025-08-24T16:39:14.2422816Z ##[command]/usr/bin/docker ps --all --filter id=d97a00c6d960975f5e6f01e0aff0b134408d0056d22a09092b6a584f34d9c8d1 --filter status=running --no-trunc --format "{{.ID}} {{.Status}}"
2025-08-24T16:39:14.2542035Z d97a00c6d960975f5e6f01e0aff0b134408d0056d22a09092b6a584f34d9c8d1 Up Less than a second (health: starting)
2025-08-24T16:39:14.2563211Z ##[command]/usr/bin/docker port d97a00c6d960975f5e6f01e0aff0b134408d0056d22a09092b6a584f34d9c8d1
2025-08-24T16:39:14.2691214Z 5432/tcp -> 0.0.0.0:5432
2025-08-24T16:39:14.2691616Z 5432/tcp -> [::]:5432
2025-08-24T16:39:14.2738036Z ##[endgroup]
2025-08-24T16:39:14.2739371Z ##[group]Starting redis service container
2025-08-24T16:39:14.2740414Z ##[command]/usr/bin/docker pull redis:7-alpine
2025-08-24T16:39:15.3063835Z 7-alpine: Pulling from library/redis
2025-08-24T16:39:15.6337250Z 0368fd46e3c6: Pulling fs layer
2025-08-24T16:39:15.6338026Z 4c55286bbede: Pulling fs layer
2025-08-24T16:39:15.6338498Z 5e28347af205: Pulling fs layer
2025-08-24T16:39:15.6339173Z 311eca34042e: Pulling fs layer
2025-08-24T16:39:15.6339569Z e6fe6f07e192: Pulling fs layer
2025-08-24T16:39:15.6339956Z a2cadbfeca72: Pulling fs layer
2025-08-24T16:39:15.6340438Z 4f4fb700ef54: Pulling fs layer
2025-08-24T16:39:15.6340875Z a976ed7e7808: Pulling fs layer
2025-08-24T16:39:15.6341292Z e6fe6f07e192: Waiting
2025-08-24T16:39:15.6341660Z a2cadbfeca72: Waiting
2025-08-24T16:39:15.6342029Z 4f4fb700ef54: Waiting
2025-08-24T16:39:15.6342350Z a976ed7e7808: Waiting
2025-08-24T16:39:15.6342703Z 311eca34042e: Waiting
2025-08-24T16:39:15.9039585Z 5e28347af205: Verifying Checksum
2025-08-24T16:39:15.9040420Z 5e28347af205: Download complete
2025-08-24T16:39:15.9056844Z 4c55286bbede: Verifying Checksum
2025-08-24T16:39:15.9058014Z 4c55286bbede: Download complete
2025-08-24T16:39:16.0475834Z 0368fd46e3c6: Verifying Checksum
2025-08-24T16:39:16.0476329Z 0368fd46e3c6: Download complete
2025-08-24T16:39:16.1517250Z 0368fd46e3c6: Pull complete
2025-08-24T16:39:16.1740986Z 4c55286bbede: Pull complete
2025-08-24T16:39:16.2237759Z 311eca34042e: Verifying Checksum
2025-08-24T16:39:16.2238242Z 311eca34042e: Download complete
2025-08-24T16:39:16.3126553Z a2cadbfeca72: Verifying Checksum
2025-08-24T16:39:16.3127704Z a2cadbfeca72: Download complete
2025-08-24T16:39:16.3224542Z 5e28347af205: Pull complete
2025-08-24T16:39:16.3513126Z 311eca34042e: Pull complete
2025-08-24T16:39:16.3528939Z e6fe6f07e192: Verifying Checksum
2025-08-24T16:39:16.3529978Z e6fe6f07e192: Download complete
2025-08-24T16:39:16.4875372Z 4f4fb700ef54: Verifying Checksum
2025-08-24T16:39:16.4875984Z 4f4fb700ef54: Download complete
2025-08-24T16:39:16.5320466Z e6fe6f07e192: Pull complete
2025-08-24T16:39:16.5454891Z a2cadbfeca72: Pull complete
2025-08-24T16:39:16.5542716Z 4f4fb700ef54: Pull complete
2025-08-24T16:39:16.6130173Z a976ed7e7808: Verifying Checksum
2025-08-24T16:39:16.6131184Z a976ed7e7808: Download complete
2025-08-24T16:39:16.6251804Z a976ed7e7808: Pull complete
2025-08-24T16:39:16.6300243Z Digest: sha256:bb186d083732f669da90be8b0f975a37812b15e913465bb14d845db72a4e3e08
2025-08-24T16:39:16.6315613Z Status: Downloaded newer image for redis:7-alpine
2025-08-24T16:39:16.6329128Z docker.io/library/redis:7-alpine
2025-08-24T16:39:16.6345747Z ##[command]/usr/bin/docker create --name c799312a952a408f9854a4659b15b2ca_redis7alpine_62042f --label 18b73c --network github_network_71d87ef4f75f43a09ae9203975d4e194 --network-alias redis -p 6379:6379  -e GITHUB_ACTIONS=true -e CI=true redis:7-alpine
2025-08-24T16:39:16.6587570Z 103f5cf4abd7372611a810a24aa2cce93c7d49dc32e00f62936078bb1e7d5252
2025-08-24T16:39:16.6601263Z ##[command]/usr/bin/docker start 103f5cf4abd7372611a810a24aa2cce93c7d49dc32e00f62936078bb1e7d5252
2025-08-24T16:39:16.7953412Z 103f5cf4abd7372611a810a24aa2cce93c7d49dc32e00f62936078bb1e7d5252
2025-08-24T16:39:16.7968502Z ##[command]/usr/bin/docker ps --all --filter id=103f5cf4abd7372611a810a24aa2cce93c7d49dc32e00f62936078bb1e7d5252 --filter status=running --no-trunc --format "{{.ID}} {{.Status}}"
2025-08-24T16:39:16.8092705Z 103f5cf4abd7372611a810a24aa2cce93c7d49dc32e00f62936078bb1e7d5252 Up Less than a second
2025-08-24T16:39:16.8106115Z ##[command]/usr/bin/docker port 103f5cf4abd7372611a810a24aa2cce93c7d49dc32e00f62936078bb1e7d5252
2025-08-24T16:39:16.8219932Z 6379/tcp -> 0.0.0.0:6379
2025-08-24T16:39:16.8220309Z 6379/tcp -> [::]:6379
2025-08-24T16:39:16.8233671Z ##[endgroup]
2025-08-24T16:39:16.8243159Z ##[group]Waiting for all services to be ready
2025-08-24T16:39:16.8256247Z ##[command]/usr/bin/docker inspect --format="{{if .Config.Healthcheck}}{{print .State.Health.Status}}{{end}}" d97a00c6d960975f5e6f01e0aff0b134408d0056d22a09092b6a584f34d9c8d1
2025-08-24T16:39:16.8367801Z starting
2025-08-24T16:39:16.8387351Z postgres service is starting, waiting 2 seconds before checking again.
2025-08-24T16:39:18.8382653Z ##[command]/usr/bin/docker inspect --format="{{if .Config.Healthcheck}}{{print .State.Health.Status}}{{end}}" d97a00c6d960975f5e6f01e0aff0b134408d0056d22a09092b6a584f34d9c8d1
2025-08-24T16:39:18.8502806Z starting
2025-08-24T16:39:18.8516163Z postgres service is starting, waiting 3 seconds before checking again.
2025-08-24T16:39:22.7459987Z ##[command]/usr/bin/docker inspect --format="{{if .Config.Healthcheck}}{{print .State.Health.Status}}{{end}}" d97a00c6d960975f5e6f01e0aff0b134408d0056d22a09092b6a584f34d9c8d1
2025-08-24T16:39:22.7580138Z healthy
2025-08-24T16:39:22.7597125Z postgres service is healthy.
2025-08-24T16:39:22.7597901Z ##[command]/usr/bin/docker inspect --format="{{if .Config.Healthcheck}}{{print .State.Health.Status}}{{end}}" 103f5cf4abd7372611a810a24aa2cce93c7d49dc32e00f62936078bb1e7d5252
2025-08-24T16:39:22.7719407Z redis service is healthy.
2025-08-24T16:39:22.7720045Z ##[endgroup]
2025-08-24T16:39:22.8028271Z ##[group]Run actions/checkout@v5
2025-08-24T16:39:22.8029041Z with:
2025-08-24T16:39:22.8029244Z   repository: AlexBomber12/AWA-App
2025-08-24T16:39:22.8029620Z   token: ***
2025-08-24T16:39:22.8029795Z   ssh-strict: true
2025-08-24T16:39:22.8029979Z   ssh-user: git
2025-08-24T16:39:22.8030159Z   persist-credentials: true
2025-08-24T16:39:22.8030366Z   clean: true
2025-08-24T16:39:22.8030546Z   sparse-checkout-cone-mode: true
2025-08-24T16:39:22.8030778Z   fetch-depth: 1
2025-08-24T16:39:22.8030951Z   fetch-tags: false
2025-08-24T16:39:22.8031126Z   show-progress: true
2025-08-24T16:39:22.8031306Z   lfs: false
2025-08-24T16:39:22.8031459Z   submodules: false
2025-08-24T16:39:22.8031639Z   set-safe-directory: true
2025-08-24T16:39:22.8032015Z env:
2025-08-24T16:39:22.8032236Z   REDIS_URL: redis://localhost:6379/0
2025-08-24T16:39:22.8032501Z   RATE_LIMIT_DEFAULT: 100/minute
2025-08-24T16:39:22.8032718Z   TRUST_X_FORWARDED: 1
2025-08-24T16:39:22.8032905Z ##[endgroup]
2025-08-24T16:39:22.8934048Z Syncing repository: AlexBomber12/AWA-App
2025-08-24T16:39:22.8935266Z ##[group]Getting Git version info
2025-08-24T16:39:22.8935634Z Working directory is '/home/runner/work/AWA-App/AWA-App'
2025-08-24T16:39:22.8936138Z [command]/usr/bin/git version
2025-08-24T16:39:22.8995101Z git version 2.51.0
2025-08-24T16:39:22.9015184Z ##[endgroup]
2025-08-24T16:39:22.9028243Z Temporarily overriding HOME='/home/runner/work/_temp/1c290ff0-cc02-436e-85d2-2325bdac1fbe' before making global git config changes
2025-08-24T16:39:22.9029680Z Adding repository directory to the temporary git global config as a safe directory
2025-08-24T16:39:22.9033044Z [command]/usr/bin/git config --global --add safe.directory /home/runner/work/AWA-App/AWA-App
2025-08-24T16:39:22.9069017Z Deleting the contents of '/home/runner/work/AWA-App/AWA-App'
2025-08-24T16:39:22.9072510Z ##[group]Initializing the repository
2025-08-24T16:39:22.9076603Z [command]/usr/bin/git init /home/runner/work/AWA-App/AWA-App
2025-08-24T16:39:22.9155855Z hint: Using 'master' as the name for the initial branch. This default branch name
2025-08-24T16:39:22.9156753Z hint: is subject to change. To configure the initial branch name to use in all
2025-08-24T16:39:22.9157461Z hint: of your new repositories, which will suppress this warning, call:
2025-08-24T16:39:22.9157820Z hint:
2025-08-24T16:39:22.9158095Z hint: 	git config --global init.defaultBranch <name>
2025-08-24T16:39:22.9158390Z hint:
2025-08-24T16:39:22.9158818Z hint: Names commonly chosen instead of 'master' are 'main', 'trunk' and
2025-08-24T16:39:22.9159441Z hint: 'development'. The just-created branch can be renamed via this command:
2025-08-24T16:39:22.9160102Z hint:
2025-08-24T16:39:22.9160431Z hint: 	git branch -m <name>
2025-08-24T16:39:22.9160785Z hint:
2025-08-24T16:39:22.9161250Z hint: Disable this message with "git config set advice.defaultBranchName false"
2025-08-24T16:39:22.9162135Z Initialized empty Git repository in /home/runner/work/AWA-App/AWA-App/.git/
2025-08-24T16:39:22.9172335Z [command]/usr/bin/git remote add origin https://github.com/AlexBomber12/AWA-App
2025-08-24T16:39:22.9208940Z ##[endgroup]
2025-08-24T16:39:22.9209526Z ##[group]Disabling automatic garbage collection
2025-08-24T16:39:22.9213279Z [command]/usr/bin/git config --local gc.auto 0
2025-08-24T16:39:22.9240669Z ##[endgroup]
2025-08-24T16:39:22.9241244Z ##[group]Setting up auth
2025-08-24T16:39:22.9247587Z [command]/usr/bin/git config --local --name-only --get-regexp core\.sshCommand
2025-08-24T16:39:22.9277033Z [command]/usr/bin/git submodule foreach --recursive sh -c "git config --local --name-only --get-regexp 'core\.sshCommand' && git config --local --unset-all 'core.sshCommand' || :"
2025-08-24T16:39:22.9596345Z [command]/usr/bin/git config --local --name-only --get-regexp http\.https\:\/\/github\.com\/\.extraheader
2025-08-24T16:39:22.9626636Z [command]/usr/bin/git submodule foreach --recursive sh -c "git config --local --name-only --get-regexp 'http\.https\:\/\/github\.com\/\.extraheader' && git config --local --unset-all 'http.https://github.com/.extraheader' || :"
2025-08-24T16:39:22.9843327Z [command]/usr/bin/git config --local http.https://github.com/.extraheader AUTHORIZATION: basic ***
2025-08-24T16:39:22.9876199Z ##[endgroup]
2025-08-24T16:39:22.9876925Z ##[group]Fetching the repository
2025-08-24T16:39:22.9885617Z [command]/usr/bin/git -c protocol.version=2 fetch --no-tags --prune --no-recurse-submodules --depth=1 origin +5b0b0ff20e64579035dd67959215e48dbaaaacd1:refs/remotes/pull/357/merge
2025-08-24T16:39:23.4590494Z From https://github.com/AlexBomber12/AWA-App
2025-08-24T16:39:23.4591484Z  * [new ref]         5b0b0ff20e64579035dd67959215e48dbaaaacd1 -> pull/357/merge
2025-08-24T16:39:23.4623504Z ##[endgroup]
2025-08-24T16:39:23.4624104Z ##[group]Determining the checkout info
2025-08-24T16:39:23.4626159Z ##[endgroup]
2025-08-24T16:39:23.4631547Z [command]/usr/bin/git sparse-checkout disable
2025-08-24T16:39:23.4673416Z [command]/usr/bin/git config --local --unset-all extensions.worktreeConfig
2025-08-24T16:39:23.4701165Z ##[group]Checking out the ref
2025-08-24T16:39:23.4704722Z [command]/usr/bin/git checkout --progress --force refs/remotes/pull/357/merge
2025-08-24T16:39:23.5050110Z Note: switching to 'refs/remotes/pull/357/merge'.
2025-08-24T16:39:23.5051941Z 
2025-08-24T16:39:23.5052328Z You are in 'detached HEAD' state. You can look around, make experimental
2025-08-24T16:39:23.5053207Z changes and commit them, and you can discard any commits you make in this
2025-08-24T16:39:23.5054170Z state without impacting any branches by switching back to a branch.
2025-08-24T16:39:23.5054632Z 
2025-08-24T16:39:23.5054953Z If you want to create a new branch to retain commits you create, you may
2025-08-24T16:39:23.5055691Z do so (now or later) by using -c with the switch command. Example:
2025-08-24T16:39:23.5056126Z 
2025-08-24T16:39:23.5056296Z   git switch -c <new-branch-name>
2025-08-24T16:39:23.5056582Z 
2025-08-24T16:39:23.5056744Z Or undo this operation with:
2025-08-24T16:39:23.5057346Z 
2025-08-24T16:39:23.5057491Z   git switch -
2025-08-24T16:39:23.5057706Z 
2025-08-24T16:39:23.5058071Z Turn off this advice by setting config variable advice.detachedHead to false
2025-08-24T16:39:23.5058779Z 
2025-08-24T16:39:23.5059631Z HEAD is now at 5b0b0ff Merge 456913d6e9caac8d4b67849bcba5d16a446f3ada into b23d25974f8a1009f185cb1c51f902cf90ae284e
2025-08-24T16:39:23.5061444Z ##[endgroup]
2025-08-24T16:39:23.5102297Z [command]/usr/bin/git log -1 --format=%H
2025-08-24T16:39:23.5127839Z 5b0b0ff20e64579035dd67959215e48dbaaaacd1
2025-08-24T16:39:23.5331017Z ##[group]Run cat .env.ci >> "$GITHUB_ENV"
2025-08-24T16:39:23.5331405Z [36;1mcat .env.ci >> "$GITHUB_ENV"[0m
2025-08-24T16:39:23.5332112Z [36;1mecho "DATABASE_URL=***localhost:5432/awa" >> "$GITHUB_ENV"[0m
2025-08-24T16:39:23.5332482Z [36;1mecho "PG_HOST=localhost" >> "$GITHUB_ENV"[0m
2025-08-24T16:39:23.5332769Z [36;1mecho "PG_PORT=5432" >> "$GITHUB_ENV"[0m
2025-08-24T16:39:23.5333055Z [36;1mecho "PG_USER=postgres" >> "$GITHUB_ENV"[0m
2025-08-24T16:39:23.5333361Z [36;1mecho "PG_PASSWORD=pass" >> "$GITHUB_ENV"[0m
2025-08-24T16:39:23.5333647Z [36;1mecho "PG_DATABASE=awa" >> "$GITHUB_ENV"[0m
2025-08-24T16:39:23.5377429Z shell: /usr/bin/bash -e {0}
2025-08-24T16:39:23.5377665Z env:
2025-08-24T16:39:23.5377862Z   REDIS_URL: redis://localhost:6379/0
2025-08-24T16:39:23.5378126Z   RATE_LIMIT_DEFAULT: 100/minute
2025-08-24T16:39:23.5378355Z   TRUST_X_FORWARDED: 1
2025-08-24T16:39:23.5378544Z ##[endgroup]
2025-08-24T16:39:23.5560691Z ##[group]Run actions/setup-python@v5
2025-08-24T16:39:23.5560978Z with:
2025-08-24T16:39:23.5561163Z   python-version: 3.12
2025-08-24T16:39:23.5561363Z   cache: pip
2025-08-24T16:39:23.5561581Z   cache-dependency-path: requirements-dev.txt
2025-08-24T16:39:23.5561853Z   check-latest: false
2025-08-24T16:39:23.5562173Z   token: ***
2025-08-24T16:39:23.5562357Z   update-environment: true
2025-08-24T16:39:23.5562584Z   allow-prereleases: false
2025-08-24T16:39:23.5562789Z   freethreaded: false
2025-08-24T16:39:23.5562977Z env:
2025-08-24T16:39:23.5563161Z   REDIS_URL: redis://localhost:6379/0
2025-08-24T16:39:23.5563406Z   RATE_LIMIT_DEFAULT: 100/minute
2025-08-24T16:39:23.5563620Z   TRUST_X_FORWARDED: 1
2025-08-24T16:39:23.5563803Z   PG_USER: postgres
2025-08-24T16:39:23.5563982Z   PG_PASSWORD: pass
2025-08-24T16:39:23.5564152Z   PG_DATABASE: awa
2025-08-24T16:39:23.5564326Z   PG_HOST: localhost
2025-08-24T16:39:23.5564495Z   PG_PORT: 5432
2025-08-24T16:39:23.5564921Z   PG_SYNC_DSN: ***localhost:5432/awa
2025-08-24T16:39:23.5565303Z   PG_ASYNC_DSN: ***localhost:5432/awa
2025-08-24T16:39:23.5565683Z   DATABASE_URL: ***localhost:5432/awa
2025-08-24T16:39:23.5565910Z   DATA_DIR: /tmp/awa-data
2025-08-24T16:39:23.5566105Z   ENABLE_LIVE: 0
2025-08-24T16:39:23.5566268Z   TESTING: 1
2025-08-24T16:39:23.5566429Z ##[endgroup]
2025-08-24T16:39:23.7212684Z ##[group]Installed versions
2025-08-24T16:39:23.7332342Z Successfully set up CPython (3.12.11)
2025-08-24T16:39:23.7333110Z ##[endgroup]
2025-08-24T16:39:23.7717902Z [command]/opt/hostedtoolcache/Python/3.12.11/x64/bin/pip cache dir
2025-08-24T16:39:24.1119225Z /home/runner/.cache/pip
2025-08-24T16:39:24.4489848Z Cache hit for: setup-python-Linux-x64-24.04-Ubuntu-python-3.12.11-pip-cc13ccef493b9f3a93ad5651164d9fb09282c1111f6f72ce20e0657de16de6b4
2025-08-24T16:39:25.7614947Z Received 4194304 of 376053341 (1.1%), 4.0 MBs/sec
2025-08-24T16:39:26.7620721Z Received 100663296 of 376053341 (26.8%), 48.0 MBs/sec
2025-08-24T16:39:27.7632147Z Received 192937984 of 376053341 (51.3%), 61.3 MBs/sec
2025-08-24T16:39:28.7641968Z Received 293601280 of 376053341 (78.1%), 69.9 MBs/sec
2025-08-24T16:39:29.4932319Z Received 376053341 of 376053341 (100.0%), 75.8 MBs/sec
2025-08-24T16:39:29.4934474Z Cache Size: ~359 MB (376053341 B)
2025-08-24T16:39:29.5045376Z [command]/usr/bin/tar -xf /home/runner/work/_temp/29f5ce7b-d977-4c07-88cb-51a99e917378/cache.tzst -P -C /home/runner/work/AWA-App/AWA-App --use-compress-program unzstd
2025-08-24T16:39:30.1095133Z Cache restored successfully
2025-08-24T16:39:30.1827019Z Cache restored from key: setup-python-Linux-x64-24.04-Ubuntu-python-3.12.11-pip-cc13ccef493b9f3a93ad5651164d9fb09282c1111f6f72ce20e0657de16de6b4
2025-08-24T16:39:30.1965818Z ##[group]Run pip install --break-system-packages -r requirements-dev.txt
2025-08-24T16:39:30.1966335Z [36;1mpip install --break-system-packages -r requirements-dev.txt[0m
2025-08-24T16:39:30.1966782Z [36;1mpip install --break-system-packages keepa==1.3.15 minio==7.1.15[0m
2025-08-24T16:39:30.2011054Z shell: /usr/bin/bash -e {0}
2025-08-24T16:39:30.2011297Z env:
2025-08-24T16:39:30.2011504Z   REDIS_URL: redis://localhost:6379/0
2025-08-24T16:39:30.2011765Z   RATE_LIMIT_DEFAULT: 100/minute
2025-08-24T16:39:30.2011989Z   TRUST_X_FORWARDED: 1
2025-08-24T16:39:30.2012204Z   PG_USER: postgres
2025-08-24T16:39:30.2012395Z   PG_PASSWORD: pass
2025-08-24T16:39:30.2012584Z   PG_DATABASE: awa
2025-08-24T16:39:30.2012768Z   PG_HOST: localhost
2025-08-24T16:39:30.2012951Z   PG_PORT: 5432
2025-08-24T16:39:30.2013457Z   PG_SYNC_DSN: ***localhost:5432/awa
2025-08-24T16:39:30.2013947Z   PG_ASYNC_DSN: ***localhost:5432/awa
2025-08-24T16:39:30.2014335Z   DATABASE_URL: ***localhost:5432/awa
2025-08-24T16:39:30.2014601Z   DATA_DIR: /tmp/awa-data
2025-08-24T16:39:30.2014798Z   ENABLE_LIVE: 0
2025-08-24T16:39:30.2014971Z   TESTING: 1
2025-08-24T16:39:30.2015204Z   pythonLocation: /opt/hostedtoolcache/Python/3.12.11/x64
2025-08-24T16:39:30.2015603Z   PKG_CONFIG_PATH: /opt/hostedtoolcache/Python/3.12.11/x64/lib/pkgconfig
2025-08-24T16:39:30.2015994Z   Python_ROOT_DIR: /opt/hostedtoolcache/Python/3.12.11/x64
2025-08-24T16:39:30.2016345Z   Python2_ROOT_DIR: /opt/hostedtoolcache/Python/3.12.11/x64
2025-08-24T16:39:30.2016693Z   Python3_ROOT_DIR: /opt/hostedtoolcache/Python/3.12.11/x64
2025-08-24T16:39:30.2017042Z   LD_LIBRARY_PATH: /opt/hostedtoolcache/Python/3.12.11/x64/lib
2025-08-24T16:39:30.2017333Z ##[endgroup]
2025-08-24T16:39:30.8121291Z Collecting Jinja2==3.1.6 (from -r requirements-dev.txt (line 2))
2025-08-24T16:39:30.8134545Z   Using cached jinja2-3.1.6-py3-none-any.whl.metadata (2.9 kB)
2025-08-24T16:39:30.8334417Z Collecting alembic==1.16.4 (from -r requirements-dev.txt (line 3))
2025-08-24T16:39:30.8346293Z   Using cached alembic-1.16.4-py3-none-any.whl.metadata (7.3 kB)
2025-08-24T16:39:30.8488120Z Collecting apscheduler==3.10.4 (from -r requirements-dev.txt (line 4))
2025-08-24T16:39:30.8499171Z   Using cached APScheduler-3.10.4-py3-none-any.whl.metadata (5.7 kB)
2025-08-24T16:39:30.8644462Z Collecting asgi-correlation-id==4.3.1 (from -r requirements-dev.txt (line 5))
2025-08-24T16:39:30.8655694Z   Using cached asgi_correlation_id-4.3.1-py3-none-any.whl.metadata (28 kB)
2025-08-24T16:39:30.9079798Z Collecting asyncpg==0.30.0 (from -r requirements-dev.txt (line 6))
2025-08-24T16:39:30.9091111Z   Using cached asyncpg-0.30.0-cp312-cp312-manylinux_2_17_x86_64.manylinux2014_x86_64.whl.metadata (5.0 kB)
2025-08-24T16:39:30.9529098Z Collecting black==25.1.0 (from -r requirements-dev.txt (line 7))
2025-08-24T16:39:30.9540735Z   Using cached black-25.1.0-cp312-cp312-manylinux_2_17_x86_64.manylinux2014_x86_64.manylinux_2_28_x86_64.whl.metadata (81 kB)
2025-08-24T16:39:31.3075190Z Collecting boto3 (from -r requirements-dev.txt (line 8))
2025-08-24T16:39:31.3410084Z   Downloading boto3-1.40.16-py3-none-any.whl.metadata (6.7 kB)
2025-08-24T16:39:31.3700729Z Collecting redis==6.* (from -r requirements-dev.txt (line 9))
2025-08-24T16:39:31.3712877Z   Using cached redis-6.4.0-py3-none-any.whl.metadata (10 kB)
2025-08-24T16:39:31.4036834Z Collecting minio==7.* (from -r requirements-dev.txt (line 10))
2025-08-24T16:39:31.4048313Z   Using cached minio-7.2.16-py3-none-any.whl.metadata (6.5 kB)
2025-08-24T16:39:31.4207618Z Collecting vulture==2.10 (from -r requirements-dev.txt (line 11))
2025-08-24T16:39:31.4219194Z   Using cached vulture-2.10-py2.py3-none-any.whl.metadata (23 kB)
2025-08-24T16:39:31.4516694Z Collecting celery==5.5.3 (from -r requirements-dev.txt (line 12))
2025-08-24T16:39:31.4527697Z   Using cached celery-5.5.3-py3-none-any.whl.metadata (22 kB)
2025-08-24T16:39:31.5074934Z Collecting fastapi==0.116.1 (from -r requirements-dev.txt (line 13))
2025-08-24T16:39:31.5086486Z   Using cached fastapi-0.116.1-py3-none-any.whl.metadata (28 kB)
2025-08-24T16:39:31.5225201Z Collecting fastapi-limiter==0.1.6 (from -r requirements-dev.txt (line 15))
2025-08-24T16:39:31.5236077Z   Using cached fastapi_limiter-0.1.6-py3-none-any.whl.metadata (5.3 kB)
2025-08-24T16:39:31.5432684Z Collecting httpx<0.29,>=0.27 (from -r requirements-dev.txt (line 16))
2025-08-24T16:39:31.5444263Z   Using cached httpx-0.28.1-py3-none-any.whl.metadata (7.1 kB)
2025-08-24T16:39:31.5548848Z Collecting imapclient==3.0.1 (from -r requirements-dev.txt (line 17))
2025-08-24T16:39:31.5560384Z   Using cached IMAPClient-3.0.1-py2.py3-none-any.whl.metadata (1.7 kB)
2025-08-24T16:39:31.5657292Z Collecting itsdangerous (from -r requirements-dev.txt (line 18))
2025-08-24T16:39:31.5668948Z   Using cached itsdangerous-2.2.0-py3-none-any.whl.metadata (1.9 kB)
2025-08-24T16:39:31.6606442Z Collecting mypy==1.* (from -r requirements-dev.txt (line 19))
2025-08-24T16:39:31.6619859Z   Using cached mypy-1.17.1-cp312-cp312-manylinux2014_x86_64.manylinux_2_17_x86_64.manylinux_2_28_x86_64.whl.metadata (2.2 kB)
2025-08-24T16:39:31.6703474Z Collecting mypy-extensions==1.1.0 (from -r requirements-dev.txt (line 20))
2025-08-24T16:39:31.6715256Z   Using cached mypy_extensions-1.1.0-py3-none-any.whl.metadata (1.1 kB)
2025-08-24T16:39:31.8457131Z Collecting numpy<2 (from -r requirements-dev.txt (line 21))
2025-08-24T16:39:31.8470698Z   Using cached numpy-1.26.4-cp312-cp312-manylinux_2_17_x86_64.manylinux2014_x86_64.whl.metadata (61 kB)
2025-08-24T16:39:31.8701365Z Collecting openpyxl==3.1.5 (from -r requirements-dev.txt (line 22))
2025-08-24T16:39:31.8712537Z   Using cached openpyxl-3.1.5-py2.py3-none-any.whl.metadata (2.5 kB)
2025-08-24T16:39:31.9912700Z Collecting pandas==2.2.* (from -r requirements-dev.txt (line 23))
2025-08-24T16:39:31.9925762Z   Using cached pandas-2.2.3-cp312-cp312-manylinux_2_17_x86_64.manylinux2014_x86_64.whl.metadata (89 kB)
2025-08-24T16:39:32.0976234Z Collecting psycopg2-binary==2.9.10 (from -r requirements-dev.txt (line 24))
2025-08-24T16:39:32.0989762Z   Using cached psycopg2_binary-2.9.10-cp312-cp312-manylinux_2_17_x86_64.manylinux2014_x86_64.whl.metadata (4.9 kB)
2025-08-24T16:39:32.3022593Z Collecting psycopg==3.2.9 (from psycopg[binary]==3.2.9->-r requirements-dev.txt (line 25))
2025-08-24T16:39:32.3038405Z   Using cached psycopg-3.2.9-py3-none-any.whl.metadata (4.5 kB)
2025-08-24T16:39:32.4097091Z Collecting pydantic==2.11.7 (from -r requirements-dev.txt (line 26))
2025-08-24T16:39:32.4110133Z   Using cached pydantic-2.11.7-py3-none-any.whl.metadata (67 kB)
2025-08-24T16:39:32.5295257Z Collecting setuptools (from -r requirements-dev.txt (line 27))
2025-08-24T16:39:32.5307749Z   Using cached setuptools-80.9.0-py3-none-any.whl.metadata (6.6 kB)
2025-08-24T16:39:32.5545125Z Collecting pytest-asyncio==1.1.0 (from -r requirements-dev.txt (line 28))
2025-08-24T16:39:32.5556364Z   Using cached pytest_asyncio-1.1.0-py3-none-any.whl.metadata (4.1 kB)
2025-08-24T16:39:32.5686348Z Collecting pytest-cov==6.2.1 (from -r requirements-dev.txt (line 29))
2025-08-24T16:39:32.5697678Z   Using cached pytest_cov-6.2.1-py3-none-any.whl.metadata (30 kB)
2025-08-24T16:39:32.5846231Z Collecting pytest-postgresql==7.0.2 (from -r requirements-dev.txt (line 30))
2025-08-24T16:39:32.5857408Z   Using cached pytest_postgresql-7.0.2-py3-none-any.whl.metadata (18 kB)
2025-08-24T16:39:32.6022633Z Collecting python-dotenv (from -r requirements-dev.txt (line 31))
2025-08-24T16:39:32.6034123Z   Using cached python_dotenv-1.1.1-py3-none-any.whl.metadata (24 kB)
2025-08-24T16:39:32.6144916Z Collecting python-multipart (from -r requirements-dev.txt (line 32))
2025-08-24T16:39:32.6156306Z   Using cached python_multipart-0.0.20-py3-none-any.whl.metadata (1.8 kB)
2025-08-24T16:39:32.6439079Z Collecting python-telegram-bot==22.3 (from -r requirements-dev.txt (line 33))
2025-08-24T16:39:32.6450398Z   Using cached python_telegram_bot-22.3-py3-none-any.whl.metadata (17 kB)
2025-08-24T16:39:32.6711597Z Collecting requests==2.32.4 (from -r requirements-dev.txt (line 34))
2025-08-24T16:39:32.6723181Z   Using cached requests-2.32.4-py3-none-any.whl.metadata (4.9 kB)
2025-08-24T16:39:32.6873625Z Collecting respx==0.22.0 (from -r requirements-dev.txt (line 35))
2025-08-24T16:39:32.6885014Z   Using cached respx-0.22.0-py2.py3-none-any.whl.metadata (4.1 kB)
2025-08-24T16:39:33.0757608Z Collecting ruff==0.9.9 (from -r requirements-dev.txt (line 36))
2025-08-24T16:39:33.0771275Z   Using cached ruff-0.9.9-py3-none-manylinux_2_17_x86_64.manylinux2014_x86_64.whl.metadata (25 kB)
2025-08-24T16:39:33.3247283Z Collecting sqlalchemy==2.0.43 (from -r requirements-dev.txt (line 37))
2025-08-24T16:39:33.3261261Z   Using cached sqlalchemy-2.0.43-cp312-cp312-manylinux_2_17_x86_64.manylinux2014_x86_64.whl.metadata (9.6 kB)
2025-08-24T16:39:33.3481140Z Collecting structlog==24.1.0 (from -r requirements-dev.txt (line 38))
2025-08-24T16:39:33.3492805Z   Using cached structlog-24.1.0-py3-none-any.whl.metadata (6.9 kB)
2025-08-24T16:39:33.3664150Z Collecting testcontainers==4.12.0 (from testcontainers[postgres]==4.12.0->-r requirements-dev.txt (line 39))
2025-08-24T16:39:33.3675758Z   Using cached testcontainers-4.12.0-py3-none-any.whl.metadata (8.3 kB)
2025-08-24T16:39:33.4048241Z Collecting types-requests==2.32.4.20250809 (from -r requirements-dev.txt (line 40))
2025-08-24T16:39:33.4060309Z   Using cached types_requests-2.32.4.20250809-py3-none-any.whl.metadata (2.0 kB)
2025-08-24T16:39:33.4167807Z Collecting docspec-python==2.2.2 (from -r requirements-dev.txt (line 41))
2025-08-24T16:39:33.4179580Z   Using cached docspec_python-2.2.2-py3-none-any.whl.metadata (1.0 kB)
2025-08-24T16:39:33.4326353Z Collecting pydoc-markdown==4.8.2 (from -r requirements-dev.txt (line 42))
2025-08-24T16:39:33.4337551Z   Using cached pydoc_markdown-4.8.2-py3-none-any.whl.metadata (5.9 kB)
2025-08-24T16:39:33.5046718Z Collecting pandera==0.19.* (from -r requirements-dev.txt (line 43))
2025-08-24T16:39:33.5060204Z   Using cached pandera-0.19.3-py3-none-any.whl.metadata (15 kB)
2025-08-24T16:39:33.5598552Z Collecting MarkupSafe>=2.0 (from Jinja2==3.1.6->-r requirements-dev.txt (line 2))
2025-08-24T16:39:33.5611463Z   Using cached MarkupSafe-3.0.2-cp312-cp312-manylinux_2_17_x86_64.manylinux2014_x86_64.whl.metadata (4.0 kB)
2025-08-24T16:39:33.5855864Z Collecting Mako (from alembic==1.16.4->-r requirements-dev.txt (line 3))
2025-08-24T16:39:33.5867788Z   Using cached mako-1.3.10-py3-none-any.whl.metadata (2.9 kB)
2025-08-24T16:39:33.6011282Z Collecting typing-extensions>=4.12 (from alembic==1.16.4->-r requirements-dev.txt (line 3))
2025-08-24T16:39:33.6022846Z   Using cached typing_extensions-4.14.1-py3-none-any.whl.metadata (3.0 kB)
2025-08-24T16:39:33.6147735Z Collecting six>=1.4.0 (from apscheduler==3.10.4->-r requirements-dev.txt (line 4))
2025-08-24T16:39:33.6159248Z   Using cached six-1.17.0-py2.py3-none-any.whl.metadata (1.7 kB)
2025-08-24T16:39:33.6472465Z Collecting pytz (from apscheduler==3.10.4->-r requirements-dev.txt (line 4))
2025-08-24T16:39:33.6484715Z   Using cached pytz-2025.2-py2.py3-none-any.whl.metadata (22 kB)
2025-08-24T16:39:33.6671878Z Collecting tzlocal!=3.*,>=2.0 (from apscheduler==3.10.4->-r requirements-dev.txt (line 4))
2025-08-24T16:39:33.6683393Z   Using cached tzlocal-5.3.1-py3-none-any.whl.metadata (7.6 kB)
2025-08-24T16:39:33.6982322Z Collecting starlette>=0.18 (from asgi-correlation-id==4.3.1->-r requirements-dev.txt (line 5))
2025-08-24T16:39:33.7059329Z   Downloading starlette-0.47.3-py3-none-any.whl.metadata (6.2 kB)
2025-08-24T16:39:33.7256085Z Collecting click>=8.0.0 (from black==25.1.0->-r requirements-dev.txt (line 7))
2025-08-24T16:39:33.7266982Z   Using cached click-8.2.1-py3-none-any.whl.metadata (2.5 kB)
2025-08-24T16:39:33.7427712Z Collecting packaging>=22.0 (from black==25.1.0->-r requirements-dev.txt (line 7))
2025-08-24T16:39:33.7438955Z   Using cached packaging-25.0-py3-none-any.whl.metadata (3.3 kB)
2025-08-24T16:39:33.7554468Z Collecting pathspec>=0.9.0 (from black==25.1.0->-r requirements-dev.txt (line 7))
2025-08-24T16:39:33.7565505Z   Using cached pathspec-0.12.1-py3-none-any.whl.metadata (21 kB)
2025-08-24T16:39:33.7735103Z Collecting platformdirs>=2 (from black==25.1.0->-r requirements-dev.txt (line 7))
2025-08-24T16:39:33.7745956Z   Using cached platformdirs-4.3.8-py3-none-any.whl.metadata (12 kB)
2025-08-24T16:39:33.7855572Z Collecting toml (from vulture==2.10->-r requirements-dev.txt (line 11))
2025-08-24T16:39:33.7868547Z   Using cached toml-0.10.2-py2.py3-none-any.whl.metadata (7.1 kB)
2025-08-24T16:39:33.8034056Z Collecting billiard<5.0,>=4.2.1 (from celery==5.5.3->-r requirements-dev.txt (line 12))
2025-08-24T16:39:33.8044926Z   Using cached billiard-4.2.1-py3-none-any.whl.metadata (4.4 kB)
2025-08-24T16:39:33.8409257Z Collecting kombu<5.6,>=5.5.2 (from celery==5.5.3->-r requirements-dev.txt (line 12))
2025-08-24T16:39:33.8420865Z   Using cached kombu-5.5.4-py3-none-any.whl.metadata (3.5 kB)
2025-08-24T16:39:33.8572537Z Collecting vine<6.0,>=5.1.0 (from celery==5.5.3->-r requirements-dev.txt (line 12))
2025-08-24T16:39:33.8583764Z   Using cached vine-5.1.0-py3-none-any.whl.metadata (2.7 kB)
2025-08-24T16:39:33.8721892Z Collecting click-didyoumean>=0.3.0 (from celery==5.5.3->-r requirements-dev.txt (line 12))
2025-08-24T16:39:33.8732750Z   Using cached click_didyoumean-0.3.1-py3-none-any.whl.metadata (3.9 kB)
2025-08-24T16:39:33.8818525Z Collecting click-repl>=0.2.0 (from celery==5.5.3->-r requirements-dev.txt (line 12))
2025-08-24T16:39:33.8829476Z   Using cached click_repl-0.3.0-py3-none-any.whl.metadata (3.6 kB)
2025-08-24T16:39:33.8925323Z Collecting click-plugins>=1.1.1 (from celery==5.5.3->-r requirements-dev.txt (line 12))
2025-08-24T16:39:33.8936393Z   Using cached click_plugins-1.1.1.2-py2.py3-none-any.whl.metadata (6.5 kB)
2025-08-24T16:39:33.9046427Z Collecting python-dateutil>=2.8.2 (from celery==5.5.3->-r requirements-dev.txt (line 12))
2025-08-24T16:39:33.9070967Z   Using cached python_dateutil-2.9.0.post0-py2.py3-none-any.whl.metadata (8.4 kB)
2025-08-24T16:39:33.9617971Z Collecting annotated-types>=0.6.0 (from pydantic==2.11.7->-r requirements-dev.txt (line 26))
2025-08-24T16:39:33.9629561Z   Using cached annotated_types-0.7.0-py3-none-any.whl.metadata (15 kB)
2025-08-24T16:39:34.6240251Z Collecting pydantic-core==2.33.2 (from pydantic==2.11.7->-r requirements-dev.txt (line 26))
2025-08-24T16:39:34.6254359Z   Using cached pydantic_core-2.33.2-cp312-cp312-manylinux_2_17_x86_64.manylinux2014_x86_64.whl.metadata (6.8 kB)
2025-08-24T16:39:34.6375606Z Collecting typing-inspection>=0.4.0 (from pydantic==2.11.7->-r requirements-dev.txt (line 26))
2025-08-24T16:39:34.6387411Z   Using cached typing_inspection-0.4.1-py3-none-any.whl.metadata (2.6 kB)
2025-08-24T16:39:34.6603448Z Collecting et-xmlfile (from openpyxl==3.1.5->-r requirements-dev.txt (line 22))
2025-08-24T16:39:34.6615069Z   Using cached et_xmlfile-2.0.0-py3-none-any.whl.metadata (2.7 kB)
2025-08-24T16:39:34.6982711Z Collecting pytest<9,>=8.2 (from pytest-asyncio==1.1.0->-r requirements-dev.txt (line 28))
2025-08-24T16:39:34.6994209Z   Using cached pytest-8.4.1-py3-none-any.whl.metadata (7.7 kB)
2025-08-24T16:39:35.0283018Z Collecting coverage>=7.5 (from coverage[toml]>=7.5->pytest-cov==6.2.1->-r requirements-dev.txt (line 29))
2025-08-24T16:39:35.0316483Z   Downloading coverage-7.10.5-cp312-cp312-manylinux1_x86_64.manylinux_2_28_x86_64.manylinux_2_5_x86_64.whl.metadata (8.9 kB)
2025-08-24T16:39:35.0443846Z Collecting pluggy>=1.2 (from pytest-cov==6.2.1->-r requirements-dev.txt (line 29))
2025-08-24T16:39:35.0455544Z   Using cached pluggy-1.6.0-py3-none-any.whl.metadata (4.8 kB)
2025-08-24T16:39:35.0659939Z Collecting port-for>=0.7.3 (from pytest-postgresql==7.0.2->-r requirements-dev.txt (line 30))
2025-08-24T16:39:35.0671675Z   Using cached port_for-0.7.4-py3-none-any.whl.metadata (7.1 kB)
2025-08-24T16:39:35.0794775Z Collecting mirakuru>=2.6.0 (from pytest-postgresql==7.0.2->-r requirements-dev.txt (line 30))
2025-08-24T16:39:35.0805700Z   Using cached mirakuru-2.6.1-py3-none-any.whl.metadata (10 kB)
2025-08-24T16:39:35.1589003Z Collecting charset_normalizer<4,>=2 (from requests==2.32.4->-r requirements-dev.txt (line 34))
2025-08-24T16:39:35.1602750Z   Using cached charset_normalizer-3.4.3-cp312-cp312-manylinux2014_x86_64.manylinux_2_17_x86_64.manylinux_2_28_x86_64.whl.metadata (36 kB)
2025-08-24T16:39:35.1737445Z Collecting idna<4,>=2.5 (from requests==2.32.4->-r requirements-dev.txt (line 34))
2025-08-24T16:39:35.1749201Z   Using cached idna-3.10-py3-none-any.whl.metadata (10 kB)
2025-08-24T16:39:35.2002049Z Collecting urllib3<3,>=1.21.1 (from requests==2.32.4->-r requirements-dev.txt (line 34))
2025-08-24T16:39:35.2013966Z   Using cached urllib3-2.5.0-py3-none-any.whl.metadata (6.5 kB)
2025-08-24T16:39:35.2213451Z Collecting certifi>=2017.4.17 (from requests==2.32.4->-r requirements-dev.txt (line 34))
2025-08-24T16:39:35.2225177Z   Using cached certifi-2025.8.3-py3-none-any.whl.metadata (2.4 kB)
2025-08-24T16:39:35.4235847Z Collecting greenlet>=1 (from sqlalchemy==2.0.43->-r requirements-dev.txt (line 37))
2025-08-24T16:39:35.4249174Z   Using cached greenlet-3.2.4-cp312-cp312-manylinux_2_24_x86_64.manylinux_2_28_x86_64.whl.metadata (4.1 kB)
2025-08-24T16:39:35.4466641Z Collecting docker (from testcontainers==4.12.0->testcontainers[postgres]==4.12.0->-r requirements-dev.txt (line 39))
2025-08-24T16:39:35.4478198Z   Using cached docker-7.1.0-py3-none-any.whl.metadata (3.8 kB)
2025-08-24T16:39:35.5414946Z Collecting wrapt (from testcontainers==4.12.0->testcontainers[postgres]==4.12.0->-r requirements-dev.txt (line 39))
2025-08-24T16:39:35.5427045Z   Using cached wrapt-1.17.3-cp312-cp312-manylinux1_x86_64.manylinux_2_28_x86_64.manylinux_2_5_x86_64.whl.metadata (6.4 kB)
2025-08-24T16:39:35.5661625Z Collecting docspec==2.2.1 (from docspec-python==2.2.2->-r requirements-dev.txt (line 41))
2025-08-24T16:39:35.5673847Z   Using cached docspec-2.2.1-py3-none-any.whl.metadata (1.5 kB)
2025-08-24T16:39:35.5817933Z Collecting nr-util>=0.8.12 (from docspec-python==2.2.2->-r requirements-dev.txt (line 41))
2025-08-24T16:39:35.5829245Z   Using cached nr.util-0.8.12-py3-none-any.whl.metadata (813 bytes)
2025-08-24T16:39:35.6156450Z Collecting PyYAML<7.0,>=5.0 (from pydoc-markdown==4.8.2->-r requirements-dev.txt (line 42))
2025-08-24T16:39:35.6169250Z   Using cached PyYAML-6.0.2-cp312-cp312-manylinux_2_17_x86_64.manylinux2014_x86_64.whl.metadata (2.1 kB)
2025-08-24T16:39:35.6419456Z Collecting databind.core<5.0.0,>=4.4.0 (from pydoc-markdown==4.8.2->-r requirements-dev.txt (line 42))
2025-08-24T16:39:35.6430850Z   Using cached databind.core-4.5.2-py3-none-any.whl.metadata (1.1 kB)
2025-08-24T16:39:35.6619326Z Collecting databind.json<5.0.0,>=4.4.0 (from pydoc-markdown==4.8.2->-r requirements-dev.txt (line 42))
2025-08-24T16:39:35.6630882Z   Using cached databind.json-4.5.2-py3-none-any.whl.metadata (1.1 kB)
2025-08-24T16:39:35.6747678Z Collecting docstring-parser<0.12,>=0.11 (from pydoc-markdown==4.8.2->-r requirements-dev.txt (line 42))
2025-08-24T16:39:35.6749401Z   Using cached docstring_parser-0.11-py3-none-any.whl
2025-08-24T16:39:35.7031456Z Collecting tomli<3.0.0,>=2.0.0 (from pydoc-markdown==4.8.2->-r requirements-dev.txt (line 42))
2025-08-24T16:39:35.7043297Z   Using cached tomli-2.2.1-cp312-cp312-manylinux_2_17_x86_64.manylinux2014_x86_64.whl.metadata (11 kB)
2025-08-24T16:39:35.7123528Z Collecting tomli_w<2.0.0,>=1.0.0 (from pydoc-markdown==4.8.2->-r requirements-dev.txt (line 42))
2025-08-24T16:39:35.7136306Z   Using cached tomli_w-1.2.0-py3-none-any.whl.metadata (5.7 kB)
2025-08-24T16:39:35.7553408Z Collecting watchdog (from pydoc-markdown==4.8.2->-r requirements-dev.txt (line 42))
2025-08-24T16:39:35.7565602Z   Using cached watchdog-6.0.0-py3-none-manylinux2014_x86_64.whl.metadata (44 kB)
2025-08-24T16:39:35.7753155Z Collecting yapf>=0.30.0 (from pydoc-markdown==4.8.2->-r requirements-dev.txt (line 42))
2025-08-24T16:39:35.7764757Z   Using cached yapf-0.43.0-py3-none-any.whl.metadata (46 kB)
2025-08-24T16:39:35.7941540Z Collecting Deprecated<2.0.0,>=1.2.12 (from docspec==2.2.1->docspec-python==2.2.2->-r requirements-dev.txt (line 41))
2025-08-24T16:39:35.7953411Z   Using cached Deprecated-1.2.18-py2.py3-none-any.whl.metadata (5.7 kB)
2025-08-24T16:39:36.0038854Z Collecting psycopg-binary==3.2.9 (from psycopg[binary]==3.2.9->-r requirements-dev.txt (line 25))
2025-08-24T16:39:36.0051393Z   Using cached psycopg_binary-3.2.9-cp312-cp312-manylinux_2_17_x86_64.manylinux2014_x86_64.whl.metadata (2.9 kB)
2025-08-24T16:39:36.0348850Z Collecting argon2-cffi (from minio==7.*->-r requirements-dev.txt (line 10))
2025-08-24T16:39:36.0360579Z   Using cached argon2_cffi-25.1.0-py3-none-any.whl.metadata (4.1 kB)
2025-08-24T16:39:36.1134052Z Collecting pycryptodome (from minio==7.*->-r requirements-dev.txt (line 10))
2025-08-24T16:39:36.1150843Z   Using cached pycryptodome-3.23.0-cp37-abi3-manylinux_2_17_x86_64.manylinux2014_x86_64.whl.metadata (3.4 kB)
2025-08-24T16:39:36.1330690Z Collecting anyio (from httpx<0.29,>=0.27->-r requirements-dev.txt (line 16))
2025-08-24T16:39:36.1342214Z   Using cached anyio-4.10.0-py3-none-any.whl.metadata (4.0 kB)
2025-08-24T16:39:36.1507852Z Collecting httpcore==1.* (from httpx<0.29,>=0.27->-r requirements-dev.txt (line 16))
2025-08-24T16:39:36.1519669Z   Using cached httpcore-1.0.9-py3-none-any.whl.metadata (21 kB)
2025-08-24T16:39:36.1826227Z Collecting tzdata>=2022.7 (from pandas==2.2.*->-r requirements-dev.txt (line 23))
2025-08-24T16:39:36.1838102Z   Using cached tzdata-2025.2-py2.py3-none-any.whl.metadata (1.4 kB)
2025-08-24T16:39:36.1974613Z Collecting multimethod<=1.10.0 (from pandera==0.19.*->-r requirements-dev.txt (line 43))
2025-08-24T16:39:36.1986143Z   Using cached multimethod-1.10-py3-none-any.whl.metadata (8.2 kB)
2025-08-24T16:39:36.2335782Z Collecting typeguard (from pandera==0.19.*->-r requirements-dev.txt (line 43))
2025-08-24T16:39:36.2347191Z   Using cached typeguard-4.4.4-py3-none-any.whl.metadata (3.3 kB)
2025-08-24T16:39:36.2434853Z Collecting typing-inspect>=0.6.0 (from pandera==0.19.*->-r requirements-dev.txt (line 43))
2025-08-24T16:39:36.2446427Z   Using cached typing_inspect-0.9.0-py3-none-any.whl.metadata (1.5 kB)
2025-08-24T16:39:36.2685457Z Collecting databind<5.0.0,>=4.5.2 (from databind.core<5.0.0,>=4.4.0->pydoc-markdown==4.8.2->-r requirements-dev.txt (line 42))
2025-08-24T16:39:36.2696618Z   Using cached databind-4.5.2-py3-none-any.whl.metadata (4.3 kB)
2025-08-24T16:39:36.2878110Z Collecting nr-date<3.0.0,>=2.0.0 (from databind<5.0.0,>=4.5.2->databind.core<5.0.0,>=4.4.0->pydoc-markdown==4.8.2->-r requirements-dev.txt (line 42))
2025-08-24T16:39:36.2889325Z   Using cached nr_date-2.1.0-py3-none-any.whl.metadata (746 bytes)
2025-08-24T16:39:36.2988356Z Collecting nr-stream<2.0.0,>=1.0.0 (from databind<5.0.0,>=4.5.2->databind.core<5.0.0,>=4.4.0->pydoc-markdown==4.8.2->-r requirements-dev.txt (line 42))
2025-08-24T16:39:36.2999929Z   Using cached nr_stream-1.1.5-py3-none-any.whl.metadata (3.6 kB)
2025-08-24T16:39:36.3139975Z Collecting typeapi<3,>=2.0.1 (from databind<5.0.0,>=4.5.2->databind.core<5.0.0,>=4.4.0->pydoc-markdown==4.8.2->-r requirements-dev.txt (line 42))
2025-08-24T16:39:36.3151455Z   Using cached typeapi-2.2.4-py3-none-any.whl.metadata (1.5 kB)
2025-08-24T16:39:36.3399531Z Collecting h11>=0.16 (from httpcore==1.*->httpx<0.29,>=0.27->-r requirements-dev.txt (line 16))
2025-08-24T16:39:36.3411095Z   Using cached h11-0.16.0-py3-none-any.whl.metadata (8.3 kB)
2025-08-24T16:39:36.3601946Z Collecting amqp<6.0.0,>=5.1.1 (from kombu<5.6,>=5.5.2->celery==5.5.3->-r requirements-dev.txt (line 12))
2025-08-24T16:39:36.3613510Z   Using cached amqp-5.3.1-py3-none-any.whl.metadata (8.9 kB)
2025-08-24T16:39:36.4031839Z Collecting iniconfig>=1 (from pytest<9,>=8.2->pytest-asyncio==1.1.0->-r requirements-dev.txt (line 28))
2025-08-24T16:39:36.4043218Z   Using cached iniconfig-2.1.0-py3-none-any.whl.metadata (2.7 kB)
2025-08-24T16:39:36.4243483Z Collecting pygments>=2.7.2 (from pytest<9,>=8.2->pytest-asyncio==1.1.0->-r requirements-dev.txt (line 28))
2025-08-24T16:39:36.4255015Z   Using cached pygments-2.19.2-py3-none-any.whl.metadata (2.5 kB)
2025-08-24T16:39:36.4556464Z Collecting sniffio>=1.1 (from anyio->httpx<0.29,>=0.27->-r requirements-dev.txt (line 16))
2025-08-24T16:39:36.4568037Z   Using cached sniffio-1.3.1-py3-none-any.whl.metadata (3.9 kB)
2025-08-24T16:39:36.9637839Z Collecting botocore<1.41.0,>=1.40.16 (from boto3->-r requirements-dev.txt (line 8))
2025-08-24T16:39:36.9667805Z   Downloading botocore-1.40.16-py3-none-any.whl.metadata (5.7 kB)
2025-08-24T16:39:36.9805097Z Collecting jmespath<2.0.0,>=0.7.1 (from boto3->-r requirements-dev.txt (line 8))
2025-08-24T16:39:36.9818186Z   Using cached jmespath-1.0.1-py3-none-any.whl.metadata (7.6 kB)
2025-08-24T16:39:36.9967507Z Collecting s3transfer<0.14.0,>=0.13.0 (from boto3->-r requirements-dev.txt (line 8))
2025-08-24T16:39:36.9979372Z   Using cached s3transfer-0.13.1-py3-none-any.whl.metadata (1.7 kB)
2025-08-24T16:39:37.1446576Z Collecting fastapi-cli>=0.0.8 (from fastapi-cli[standard]>=0.0.8; extra == "all"->fastapi[all]->-r requirements-dev.txt (line 14))
2025-08-24T16:39:37.1458830Z   Using cached fastapi_cli-0.0.8-py3-none-any.whl.metadata (6.3 kB)
2025-08-24T16:39:37.2187442Z Collecting ujson!=4.0.2,!=4.1.0,!=4.2.0,!=4.3.0,!=5.0.0,!=5.1.0,>=4.0.1 (from fastapi[all]->-r requirements-dev.txt (line 14))
2025-08-24T16:39:37.2200801Z   Using cached ujson-5.11.0-cp312-cp312-manylinux_2_24_x86_64.manylinux_2_28_x86_64.whl.metadata (9.4 kB)
2025-08-24T16:39:37.4444162Z Collecting orjson>=3.2.1 (from fastapi[all]->-r requirements-dev.txt (line 14))
2025-08-24T16:39:37.4457675Z   Using cached orjson-3.11.2-cp312-cp312-manylinux_2_17_x86_64.manylinux2014_x86_64.whl.metadata (1.2 kB)
2025-08-24T16:39:37.4607844Z Collecting email-validator>=2.0.0 (from fastapi[all]->-r requirements-dev.txt (line 14))
2025-08-24T16:39:37.4620575Z   Using cached email_validator-2.2.0-py3-none-any.whl.metadata (25 kB)
2025-08-24T16:39:37.4881587Z Collecting uvicorn>=0.12.0 (from uvicorn[standard]>=0.12.0; extra == "all"->fastapi[all]->-r requirements-dev.txt (line 14))
2025-08-24T16:39:37.4893252Z   Using cached uvicorn-0.35.0-py3-none-any.whl.metadata (6.5 kB)
2025-08-24T16:39:37.5049641Z Collecting pydantic-settings>=2.0.0 (from fastapi[all]->-r requirements-dev.txt (line 14))
2025-08-24T16:39:37.5061778Z   Using cached pydantic_settings-2.10.1-py3-none-any.whl.metadata (3.4 kB)
2025-08-24T16:39:37.5175557Z Collecting pydantic-extra-types>=2.0.0 (from fastapi[all]->-r requirements-dev.txt (line 14))
2025-08-24T16:39:37.5187186Z   Using cached pydantic_extra_types-2.10.5-py3-none-any.whl.metadata (3.9 kB)
2025-08-24T16:39:37.5845217Z Collecting prompt-toolkit>=3.0.36 (from click-repl>=0.2.0->celery==5.5.3->-r requirements-dev.txt (line 12))
2025-08-24T16:39:37.5856981Z   Using cached prompt_toolkit-3.0.51-py3-none-any.whl.metadata (6.4 kB)
2025-08-24T16:39:37.6026552Z Collecting dnspython>=2.0.0 (from email-validator>=2.0.0->fastapi[all]->-r requirements-dev.txt (line 14))
2025-08-24T16:39:37.6036864Z   Using cached dnspython-2.7.0-py3-none-any.whl.metadata (5.8 kB)
2025-08-24T16:39:37.6375183Z Collecting typer>=0.15.1 (from fastapi-cli>=0.0.8->fastapi-cli[standard]>=0.0.8; extra == "all"->fastapi[all]->-r requirements-dev.txt (line 14))
2025-08-24T16:39:37.6386246Z   Using cached typer-0.16.1-py3-none-any.whl.metadata (15 kB)
2025-08-24T16:39:37.6714593Z Collecting rich-toolkit>=0.14.8 (from fastapi-cli>=0.0.8->fastapi-cli[standard]>=0.0.8; extra == "all"->fastapi[all]->-r requirements-dev.txt (line 14))
2025-08-24T16:39:37.7550217Z   Using cached rich_toolkit-0.15.0-py3-none-any.whl.metadata (1.0 kB)
2025-08-24T16:39:37.7684488Z Collecting fastapi-cloud-cli>=0.1.1 (from fastapi-cli[standard]>=0.0.8; extra == "all"->fastapi[all]->-r requirements-dev.txt (line 14))
2025-08-24T16:39:37.7696721Z   Using cached fastapi_cloud_cli-0.1.5-py3-none-any.whl.metadata (3.2 kB)
2025-08-24T16:39:37.8417408Z Collecting rignore>=0.5.1 (from fastapi-cloud-cli>=0.1.1->fastapi-cli[standard]>=0.0.8; extra == "all"->fastapi[all]->-r requirements-dev.txt (line 14))
2025-08-24T16:39:37.8429395Z   Using cached rignore-0.6.4-cp312-cp312-manylinux_2_17_x86_64.manylinux2014_x86_64.whl.metadata (3.8 kB)
2025-08-24T16:39:37.9219809Z Collecting sentry-sdk>=2.20.0 (from fastapi-cloud-cli>=0.1.1->fastapi-cli[standard]>=0.0.8; extra == "all"->fastapi[all]->-r requirements-dev.txt (line 14))
2025-08-24T16:39:37.9231347Z   Using cached sentry_sdk-2.35.0-py2.py3-none-any.whl.metadata (10 kB)
2025-08-24T16:39:38.0208390Z Collecting psutil>=4.0.0 (from mirakuru>=2.6.0->pytest-postgresql==7.0.2->-r requirements-dev.txt (line 30))
2025-08-24T16:39:38.0221179Z   Using cached psutil-7.0.0-cp36-abi3-manylinux_2_12_x86_64.manylinux2010_x86_64.manylinux_2_17_x86_64.manylinux2014_x86_64.whl.metadata (22 kB)
2025-08-24T16:39:38.0523827Z Collecting wcwidth (from prompt-toolkit>=3.0.36->click-repl>=0.2.0->celery==5.5.3->-r requirements-dev.txt (line 12))
2025-08-24T16:39:38.0535285Z   Using cached wcwidth-0.2.13-py2.py3-none-any.whl.metadata (14 kB)
2025-08-24T16:39:38.1567164Z Collecting rich>=13.7.1 (from rich-toolkit>=0.14.8->fastapi-cli>=0.0.8->fastapi-cli[standard]>=0.0.8; extra == "all"->fastapi[all]->-r requirements-dev.txt (line 14))
2025-08-24T16:39:38.1579486Z   Using cached rich-14.1.0-py3-none-any.whl.metadata (18 kB)
2025-08-24T16:39:38.1750259Z Collecting markdown-it-py>=2.2.0 (from rich>=13.7.1->rich-toolkit>=0.14.8->fastapi-cli>=0.0.8->fastapi-cli[standard]>=0.0.8; extra == "all"->fastapi[all]->-r requirements-dev.txt (line 14))
2025-08-24T16:39:38.1761934Z   Using cached markdown_it_py-4.0.0-py3-none-any.whl.metadata (7.3 kB)
2025-08-24T16:39:38.1952429Z Collecting mdurl~=0.1 (from markdown-it-py>=2.2.0->rich>=13.7.1->rich-toolkit>=0.14.8->fastapi-cli>=0.0.8->fastapi-cli[standard]>=0.0.8; extra == "all"->fastapi[all]->-r requirements-dev.txt (line 14))
2025-08-24T16:39:38.1964401Z   Using cached mdurl-0.1.2-py3-none-any.whl.metadata (1.6 kB)
2025-08-24T16:39:38.2454985Z Collecting shellingham>=1.3.0 (from typer>=0.15.1->fastapi-cli>=0.0.8->fastapi-cli[standard]>=0.0.8; extra == "all"->fastapi[all]->-r requirements-dev.txt (line 14))
2025-08-24T16:39:38.2466439Z   Using cached shellingham-1.5.4-py2.py3-none-any.whl.metadata (3.5 kB)
2025-08-24T16:39:38.3226820Z Collecting httptools>=0.6.3 (from uvicorn[standard]>=0.12.0; extra == "all"->fastapi[all]->-r requirements-dev.txt (line 14))
2025-08-24T16:39:38.3239539Z   Using cached httptools-0.6.4-cp312-cp312-manylinux_2_5_x86_64.manylinux1_x86_64.manylinux_2_17_x86_64.manylinux2014_x86_64.whl.metadata (3.6 kB)
2025-08-24T16:39:38.3660591Z Collecting uvloop>=0.15.1 (from uvicorn[standard]>=0.12.0; extra == "all"->fastapi[all]->-r requirements-dev.txt (line 14))
2025-08-24T16:39:38.3673243Z   Using cached uvloop-0.21.0-cp312-cp312-manylinux_2_17_x86_64.manylinux2014_x86_64.whl.metadata (4.9 kB)
2025-08-24T16:39:38.4346566Z Collecting watchfiles>=0.13 (from uvicorn[standard]>=0.12.0; extra == "all"->fastapi[all]->-r requirements-dev.txt (line 14))
2025-08-24T16:39:38.4359094Z   Using cached watchfiles-1.1.0-cp312-cp312-manylinux_2_17_x86_64.manylinux2014_x86_64.whl.metadata (4.9 kB)
2025-08-24T16:39:38.5174336Z Collecting websockets>=10.4 (from uvicorn[standard]>=0.12.0; extra == "all"->fastapi[all]->-r requirements-dev.txt (line 14))
2025-08-24T16:39:38.5186994Z   Using cached websockets-15.0.1-cp312-cp312-manylinux_2_5_x86_64.manylinux1_x86_64.manylinux_2_17_x86_64.manylinux2014_x86_64.whl.metadata (6.8 kB)
2025-08-24T16:39:38.5632730Z Collecting argon2-cffi-bindings (from argon2-cffi->minio==7.*->-r requirements-dev.txt (line 10))
2025-08-24T16:39:38.5644337Z   Using cached argon2_cffi_bindings-25.1.0-cp39-abi3-manylinux_2_26_x86_64.manylinux_2_28_x86_64.whl.metadata (7.4 kB)
2025-08-24T16:39:38.7756583Z Collecting cffi>=1.0.1 (from argon2-cffi-bindings->argon2-cffi->minio==7.*->-r requirements-dev.txt (line 10))
2025-08-24T16:39:38.7769838Z   Using cached cffi-1.17.1-cp312-cp312-manylinux_2_17_x86_64.manylinux2014_x86_64.whl.metadata (1.5 kB)
2025-08-24T16:39:38.7927129Z Collecting pycparser (from cffi>=1.0.1->argon2-cffi-bindings->argon2-cffi->minio==7.*->-r requirements-dev.txt (line 10))
2025-08-24T16:39:38.7938023Z   Using cached pycparser-2.22-py3-none-any.whl.metadata (943 bytes)
2025-08-24T16:39:38.8560106Z Using cached jinja2-3.1.6-py3-none-any.whl (134 kB)
2025-08-24T16:39:38.8572527Z Using cached alembic-1.16.4-py3-none-any.whl (247 kB)
2025-08-24T16:39:38.8584611Z Using cached APScheduler-3.10.4-py3-none-any.whl (59 kB)
2025-08-24T16:39:38.8595864Z Using cached asgi_correlation_id-4.3.1-py3-none-any.whl (15 kB)
2025-08-24T16:39:38.8607082Z Using cached asyncpg-0.30.0-cp312-cp312-manylinux_2_17_x86_64.manylinux2014_x86_64.whl (3.6 MB)
2025-08-24T16:39:38.8643901Z Using cached black-25.1.0-cp312-cp312-manylinux_2_17_x86_64.manylinux2014_x86_64.manylinux_2_28_x86_64.whl (1.8 MB)
2025-08-24T16:39:38.8667117Z Using cached vulture-2.10-py2.py3-none-any.whl (27 kB)
2025-08-24T16:39:38.8677429Z Using cached celery-5.5.3-py3-none-any.whl (438 kB)
2025-08-24T16:39:38.8691274Z Using cached fastapi-0.116.1-py3-none-any.whl (95 kB)
2025-08-24T16:39:38.8703016Z Using cached pydantic-2.11.7-py3-none-any.whl (444 kB)
2025-08-24T16:39:38.8716678Z Using cached fastapi_limiter-0.1.6-py3-none-any.whl (15 kB)
2025-08-24T16:39:38.8727395Z Using cached IMAPClient-3.0.1-py2.py3-none-any.whl (182 kB)
2025-08-24T16:39:38.8739442Z Using cached mypy_extensions-1.1.0-py3-none-any.whl (5.0 kB)
2025-08-24T16:39:38.8750263Z Using cached openpyxl-3.1.5-py2.py3-none-any.whl (250 kB)
2025-08-24T16:39:38.8762849Z Using cached psycopg2_binary-2.9.10-cp312-cp312-manylinux_2_17_x86_64.manylinux2014_x86_64.whl (3.0 MB)
2025-08-24T16:39:38.8795129Z Using cached psycopg-3.2.9-py3-none-any.whl (202 kB)
2025-08-24T16:39:38.8807054Z Using cached pytest_asyncio-1.1.0-py3-none-any.whl (15 kB)
2025-08-24T16:39:38.8817728Z Using cached pytest_cov-6.2.1-py3-none-any.whl (24 kB)
2025-08-24T16:39:38.8828689Z Using cached pytest_postgresql-7.0.2-py3-none-any.whl (41 kB)
2025-08-24T16:39:38.8839852Z Using cached python_telegram_bot-22.3-py3-none-any.whl (717 kB)
2025-08-24T16:39:38.8855505Z Using cached requests-2.32.4-py3-none-any.whl (64 kB)
2025-08-24T16:39:38.8866650Z Using cached respx-0.22.0-py2.py3-none-any.whl (25 kB)
2025-08-24T16:39:38.8877654Z Using cached ruff-0.9.9-py3-none-manylinux_2_17_x86_64.manylinux2014_x86_64.whl (11.2 MB)
2025-08-24T16:39:38.8967392Z Using cached sqlalchemy-2.0.43-cp312-cp312-manylinux_2_17_x86_64.manylinux2014_x86_64.whl (3.3 MB)
2025-08-24T16:39:38.9002191Z Using cached structlog-24.1.0-py3-none-any.whl (65 kB)
2025-08-24T16:39:38.9013323Z Using cached testcontainers-4.12.0-py3-none-any.whl (111 kB)
2025-08-24T16:39:38.9024871Z Using cached types_requests-2.32.4.20250809-py3-none-any.whl (20 kB)
2025-08-24T16:39:38.9035785Z Using cached docspec_python-2.2.2-py3-none-any.whl (15 kB)
2025-08-24T16:39:38.9046548Z Using cached pydoc_markdown-4.8.2-py3-none-any.whl (67 kB)
2025-08-24T16:39:38.9057427Z Using cached docspec-2.2.1-py3-none-any.whl (9.8 kB)
2025-08-24T16:39:38.9068796Z Using cached psycopg_binary-3.2.9-cp312-cp312-manylinux_2_17_x86_64.manylinux2014_x86_64.whl (4.4 MB)
2025-08-24T16:39:38.9110985Z Using cached pydantic_core-2.33.2-cp312-cp312-manylinux_2_17_x86_64.manylinux2014_x86_64.whl (2.0 MB)
2025-08-24T16:39:38.9135561Z Using cached redis-6.4.0-py3-none-any.whl (279 kB)
2025-08-24T16:39:38.9148235Z Using cached minio-7.2.16-py3-none-any.whl (95 kB)
2025-08-24T16:39:38.9160043Z Using cached httpx-0.28.1-py3-none-any.whl (73 kB)
2025-08-24T16:39:38.9171676Z Using cached mypy-1.17.1-cp312-cp312-manylinux2014_x86_64.manylinux_2_17_x86_64.manylinux_2_28_x86_64.whl (12.7 MB)
2025-08-24T16:39:38.9273568Z Using cached numpy-1.26.4-cp312-cp312-manylinux_2_17_x86_64.manylinux2014_x86_64.whl (18.0 MB)
2025-08-24T16:39:38.9413354Z Using cached pandas-2.2.3-cp312-cp312-manylinux_2_17_x86_64.manylinux2014_x86_64.whl (12.7 MB)
2025-08-24T16:39:38.9516705Z Using cached pandera-0.19.3-py3-none-any.whl (251 kB)
2025-08-24T16:39:38.9528983Z Using cached billiard-4.2.1-py3-none-any.whl (86 kB)
2025-08-24T16:39:38.9541083Z Using cached charset_normalizer-3.4.3-cp312-cp312-manylinux2014_x86_64.manylinux_2_17_x86_64.manylinux_2_28_x86_64.whl (151 kB)
2025-08-24T16:39:38.9552589Z Using cached click-8.2.1-py3-none-any.whl (102 kB)
2025-08-24T16:39:38.9564022Z Using cached databind.core-4.5.2-py3-none-any.whl (1.5 kB)
2025-08-24T16:39:38.9574860Z Using cached databind-4.5.2-py3-none-any.whl (49 kB)
2025-08-24T16:39:38.9585881Z Using cached databind.json-4.5.2-py3-none-any.whl (1.5 kB)
2025-08-24T16:39:38.9596774Z Using cached Deprecated-1.2.18-py2.py3-none-any.whl (10.0 kB)
2025-08-24T16:39:38.9607657Z Using cached httpcore-1.0.9-py3-none-any.whl (78 kB)
2025-08-24T16:39:38.9618901Z Using cached idna-3.10-py3-none-any.whl (70 kB)
2025-08-24T16:39:38.9630306Z Using cached kombu-5.5.4-py3-none-any.whl (210 kB)
2025-08-24T16:39:38.9642271Z Using cached vine-5.1.0-py3-none-any.whl (9.6 kB)
2025-08-24T16:39:38.9653045Z Using cached amqp-5.3.1-py3-none-any.whl (50 kB)
2025-08-24T16:39:38.9664146Z Using cached multimethod-1.10-py3-none-any.whl (9.9 kB)
2025-08-24T16:39:38.9674828Z Using cached nr_date-2.1.0-py3-none-any.whl (10 kB)
2025-08-24T16:39:38.9685519Z Using cached nr_stream-1.1.5-py3-none-any.whl (10 kB)
2025-08-24T16:39:38.9696361Z Using cached nr.util-0.8.12-py3-none-any.whl (90 kB)
2025-08-24T16:39:38.9707652Z Using cached pytest-8.4.1-py3-none-any.whl (365 kB)
2025-08-24T16:39:38.9721174Z Using cached pluggy-1.6.0-py3-none-any.whl (20 kB)
2025-08-24T16:39:38.9732462Z Using cached PyYAML-6.0.2-cp312-cp312-manylinux_2_17_x86_64.manylinux2014_x86_64.whl (767 kB)
2025-08-24T16:39:38.9763956Z Downloading starlette-0.47.3-py3-none-any.whl (72 kB)
2025-08-24T16:39:38.9852574Z Using cached anyio-4.10.0-py3-none-any.whl (107 kB)
2025-08-24T16:39:38.9864692Z Using cached tomli-2.2.1-cp312-cp312-manylinux_2_17_x86_64.manylinux2014_x86_64.whl (242 kB)
2025-08-24T16:39:38.9876844Z Using cached tomli_w-1.2.0-py3-none-any.whl (6.7 kB)
2025-08-24T16:39:38.9887546Z Using cached typeapi-2.2.4-py3-none-any.whl (26 kB)
2025-08-24T16:39:38.9898813Z Using cached typing_extensions-4.14.1-py3-none-any.whl (43 kB)
2025-08-24T16:39:38.9910032Z Using cached urllib3-2.5.0-py3-none-any.whl (129 kB)
2025-08-24T16:39:38.9921940Z Using cached wrapt-1.17.3-cp312-cp312-manylinux1_x86_64.manylinux_2_28_x86_64.manylinux_2_5_x86_64.whl (88 kB)
2025-08-24T16:39:38.9947559Z Downloading boto3-1.40.16-py3-none-any.whl (140 kB)
2025-08-24T16:39:39.0031951Z Downloading botocore-1.40.16-py3-none-any.whl (14.0 MB)
2025-08-24T16:39:39.0749340Z    ━━━━━━━━━━━━━━━━━━━━━━━━━━━━━━━━━━━━━━━━ 14.0/14.0 MB 210.8 MB/s  0:00:00
2025-08-24T16:39:39.0761878Z Using cached jmespath-1.0.1-py3-none-any.whl (20 kB)
2025-08-24T16:39:39.0774052Z Using cached python_dateutil-2.9.0.post0-py2.py3-none-any.whl (229 kB)
2025-08-24T16:39:39.0787351Z Using cached s3transfer-0.13.1-py3-none-any.whl (85 kB)
2025-08-24T16:39:39.0799224Z Using cached itsdangerous-2.2.0-py3-none-any.whl (16 kB)
2025-08-24T16:39:39.0810798Z Using cached setuptools-80.9.0-py3-none-any.whl (1.2 MB)
2025-08-24T16:39:39.0830920Z Using cached python_dotenv-1.1.1-py3-none-any.whl (20 kB)
2025-08-24T16:39:39.0842294Z Using cached python_multipart-0.0.20-py3-none-any.whl (24 kB)
2025-08-24T16:39:39.0853952Z Using cached annotated_types-0.7.0-py3-none-any.whl (13 kB)
2025-08-24T16:39:39.0865737Z Using cached certifi-2025.8.3-py3-none-any.whl (161 kB)
2025-08-24T16:39:39.0877943Z Using cached click_didyoumean-0.3.1-py3-none-any.whl (3.6 kB)
2025-08-24T16:39:39.0889980Z Using cached click_plugins-1.1.1.2-py2.py3-none-any.whl (11 kB)
2025-08-24T16:39:39.0901309Z Using cached click_repl-0.3.0-py3-none-any.whl (10 kB)
2025-08-24T16:39:39.0937662Z Downloading coverage-7.10.5-cp312-cp312-manylinux1_x86_64.manylinux_2_28_x86_64.manylinux_2_5_x86_64.whl (251 kB)
2025-08-24T16:39:39.0977775Z Using cached email_validator-2.2.0-py3-none-any.whl (33 kB)
2025-08-24T16:39:39.0989233Z Using cached dnspython-2.7.0-py3-none-any.whl (313 kB)
2025-08-24T16:39:39.1004747Z Using cached fastapi_cli-0.0.8-py3-none-any.whl (10 kB)
2025-08-24T16:39:39.1016109Z Using cached fastapi_cloud_cli-0.1.5-py3-none-any.whl (18 kB)
2025-08-24T16:39:39.1027832Z Using cached greenlet-3.2.4-cp312-cp312-manylinux_2_24_x86_64.manylinux_2_28_x86_64.whl (607 kB)
2025-08-24T16:39:39.1043567Z Using cached h11-0.16.0-py3-none-any.whl (37 kB)
2025-08-24T16:39:39.1055415Z Using cached iniconfig-2.1.0-py3-none-any.whl (6.0 kB)
2025-08-24T16:39:39.1066968Z Using cached MarkupSafe-3.0.2-cp312-cp312-manylinux_2_17_x86_64.manylinux2014_x86_64.whl (23 kB)
2025-08-24T16:39:39.1078156Z Using cached mirakuru-2.6.1-py3-none-any.whl (26 kB)
2025-08-24T16:39:39.1090107Z Using cached orjson-3.11.2-cp312-cp312-manylinux_2_17_x86_64.manylinux2014_x86_64.whl (121 kB)
2025-08-24T16:39:39.1101950Z Using cached packaging-25.0-py3-none-any.whl (66 kB)
2025-08-24T16:39:39.1113598Z Using cached pathspec-0.12.1-py3-none-any.whl (31 kB)
2025-08-24T16:39:39.1124941Z Using cached platformdirs-4.3.8-py3-none-any.whl (18 kB)
2025-08-24T16:39:39.1136026Z Using cached port_for-0.7.4-py3-none-any.whl (21 kB)
2025-08-24T16:39:39.1147369Z Using cached prompt_toolkit-3.0.51-py3-none-any.whl (387 kB)
2025-08-24T16:39:39.1162215Z Using cached psutil-7.0.0-cp36-abi3-manylinux_2_12_x86_64.manylinux2010_x86_64.manylinux_2_17_x86_64.manylinux2014_x86_64.whl (277 kB)
2025-08-24T16:39:39.1175264Z Using cached pydantic_extra_types-2.10.5-py3-none-any.whl (38 kB)
2025-08-24T16:39:39.1186801Z Using cached pydantic_settings-2.10.1-py3-none-any.whl (45 kB)
2025-08-24T16:39:39.1198177Z Using cached pygments-2.19.2-py3-none-any.whl (1.2 MB)
2025-08-24T16:39:39.1218329Z Using cached pytz-2025.2-py2.py3-none-any.whl (509 kB)
2025-08-24T16:39:39.1233148Z Using cached rich_toolkit-0.15.0-py3-none-any.whl (29 kB)
2025-08-24T16:39:39.1244516Z Using cached rich-14.1.0-py3-none-any.whl (243 kB)
2025-08-24T16:39:39.1257259Z Using cached markdown_it_py-4.0.0-py3-none-any.whl (87 kB)
2025-08-24T16:39:39.1269055Z Using cached mdurl-0.1.2-py3-none-any.whl (10.0 kB)
2025-08-24T16:39:39.1280834Z Using cached rignore-0.6.4-cp312-cp312-manylinux_2_17_x86_64.manylinux2014_x86_64.whl (949 kB)
2025-08-24T16:39:39.1298763Z Using cached sentry_sdk-2.35.0-py2.py3-none-any.whl (363 kB)
2025-08-24T16:39:39.1312459Z Using cached six-1.17.0-py2.py3-none-any.whl (11 kB)
2025-08-24T16:39:39.1323668Z Using cached sniffio-1.3.1-py3-none-any.whl (10 kB)
2025-08-24T16:39:39.1334848Z Using cached typer-0.16.1-py3-none-any.whl (46 kB)
2025-08-24T16:39:39.1346146Z Using cached shellingham-1.5.4-py2.py3-none-any.whl (9.8 kB)
2025-08-24T16:39:39.1357193Z Using cached typing_inspect-0.9.0-py3-none-any.whl (8.8 kB)
2025-08-24T16:39:39.1368456Z Using cached typing_inspection-0.4.1-py3-none-any.whl (14 kB)
2025-08-24T16:39:39.1380023Z Using cached tzdata-2025.2-py2.py3-none-any.whl (347 kB)
2025-08-24T16:39:39.1393595Z Using cached tzlocal-5.3.1-py3-none-any.whl (18 kB)
2025-08-24T16:39:39.1405098Z Using cached ujson-5.11.0-cp312-cp312-manylinux_2_24_x86_64.manylinux_2_28_x86_64.whl (57 kB)
2025-08-24T16:39:39.1416490Z Using cached uvicorn-0.35.0-py3-none-any.whl (66 kB)
2025-08-24T16:39:39.1429005Z Using cached httptools-0.6.4-cp312-cp312-manylinux_2_5_x86_64.manylinux1_x86_64.manylinux_2_17_x86_64.manylinux2014_x86_64.whl (510 kB)
2025-08-24T16:39:39.1443890Z Using cached uvloop-0.21.0-cp312-cp312-manylinux_2_17_x86_64.manylinux2014_x86_64.whl (4.7 MB)
2025-08-24T16:39:39.1488462Z Using cached watchfiles-1.1.0-cp312-cp312-manylinux_2_17_x86_64.manylinux2014_x86_64.whl (452 kB)
2025-08-24T16:39:39.1503546Z Using cached websockets-15.0.1-cp312-cp312-manylinux_2_5_x86_64.manylinux1_x86_64.manylinux_2_17_x86_64.manylinux2014_x86_64.whl (182 kB)
2025-08-24T16:39:39.1515470Z Using cached yapf-0.43.0-py3-none-any.whl (256 kB)
2025-08-24T16:39:39.1528487Z Using cached argon2_cffi-25.1.0-py3-none-any.whl (14 kB)
2025-08-24T16:39:39.1540569Z Using cached argon2_cffi_bindings-25.1.0-cp39-abi3-manylinux_2_26_x86_64.manylinux_2_28_x86_64.whl (87 kB)
2025-08-24T16:39:39.1552608Z Using cached cffi-1.17.1-cp312-cp312-manylinux_2_17_x86_64.manylinux2014_x86_64.whl (479 kB)
2025-08-24T16:39:39.1566909Z Using cached docker-7.1.0-py3-none-any.whl (147 kB)
2025-08-24T16:39:39.1579136Z Using cached et_xmlfile-2.0.0-py3-none-any.whl (18 kB)
2025-08-24T16:39:39.1590662Z Using cached mako-1.3.10-py3-none-any.whl (78 kB)
2025-08-24T16:39:39.1602417Z Using cached pycparser-2.22-py3-none-any.whl (117 kB)
2025-08-24T16:39:39.1615076Z Using cached pycryptodome-3.23.0-cp37-abi3-manylinux_2_17_x86_64.manylinux2014_x86_64.whl (2.3 MB)
2025-08-24T16:39:39.1641660Z Using cached toml-0.10.2-py2.py3-none-any.whl (16 kB)
2025-08-24T16:39:39.1652820Z Using cached typeguard-4.4.4-py3-none-any.whl (34 kB)
2025-08-24T16:39:39.1664212Z Using cached watchdog-6.0.0-py3-none-manylinux2014_x86_64.whl (79 kB)
2025-08-24T16:39:39.1675826Z Using cached wcwidth-0.2.13-py2.py3-none-any.whl (34 kB)
2025-08-24T16:39:39.6507582Z Installing collected packages: wcwidth, pytz, wrapt, websockets, watchdog, vine, uvloop, urllib3, ujson, tzlocal, tzdata, typing-extensions, tomli_w, tomli, toml, structlog, sniffio, six, shellingham, setuptools, ruff, rignore, redis, PyYAML, python-multipart, python-dotenv, pygments, pycryptodome, pycparser, psycopg2-binary, psycopg-binary, psutil, prompt-toolkit, port-for, pluggy, platformdirs, pathspec, packaging, orjson, numpy, nr-stream, nr-date, mypy-extensions, multimethod, mdurl, MarkupSafe, jmespath, itsdangerous, iniconfig, imapclient, idna, httptools, h11, greenlet, et-xmlfile, docstring-parser, dnspython, coverage, click, charset_normalizer, certifi, billiard, asyncpg, annotated-types, yapf, vulture, uvicorn, typing-inspection, typing-inspect, types-requests, typeguard, typeapi, sqlalchemy, sentry-sdk, requests, python-dateutil, pytest, pydantic-core, psycopg, openpyxl, mypy, mirakuru, markdown-it-py, Mako, Jinja2, httpcore, email-validator, Deprecated, click-repl, click-plugins, click-didyoumean, cffi, black, apscheduler, anyio, amqp, watchfiles, starlette, rich, pytest-postgresql, pytest-cov, pytest-asyncio, pydantic, pandas, nr-util, kombu, httpx, docker, databind, botocore, argon2-cffi-bindings, alembic, typer, testcontainers, s3transfer, rich-toolkit, respx, python-telegram-bot, pydantic-settings, pydantic-extra-types, pandera, fastapi, databind.json, databind.core, celery, asgi-correlation-id, argon2-cffi, minio, fastapi-limiter, fastapi-cloud-cli, fastapi-cli, docspec, boto3, docspec-python, pydoc-markdown
2025-08-24T16:39:59.0364588Z 
2025-08-24T16:39:59.0485458Z Successfully installed Deprecated-1.2.18 Jinja2-3.1.6 Mako-1.3.10 MarkupSafe-3.0.2 PyYAML-6.0.2 alembic-1.16.4 amqp-5.3.1 annotated-types-0.7.0 anyio-4.10.0 apscheduler-3.10.4 argon2-cffi-25.1.0 argon2-cffi-bindings-25.1.0 asgi-correlation-id-4.3.1 asyncpg-0.30.0 billiard-4.2.1 black-25.1.0 boto3-1.40.16 botocore-1.40.16 celery-5.5.3 certifi-2025.8.3 cffi-1.17.1 charset_normalizer-3.4.3 click-8.2.1 click-didyoumean-0.3.1 click-plugins-1.1.1.2 click-repl-0.3.0 coverage-7.10.5 databind-4.5.2 databind.core-4.5.2 databind.json-4.5.2 dnspython-2.7.0 docker-7.1.0 docspec-2.2.1 docspec-python-2.2.2 docstring-parser-0.11 email-validator-2.2.0 et-xmlfile-2.0.0 fastapi-0.116.1 fastapi-cli-0.0.8 fastapi-cloud-cli-0.1.5 fastapi-limiter-0.1.6 greenlet-3.2.4 h11-0.16.0 httpcore-1.0.9 httptools-0.6.4 httpx-0.28.1 idna-3.10 imapclient-3.0.1 iniconfig-2.1.0 itsdangerous-2.2.0 jmespath-1.0.1 kombu-5.5.4 markdown-it-py-4.0.0 mdurl-0.1.2 minio-7.2.16 mirakuru-2.6.1 multimethod-1.10 mypy-1.17.1 mypy-extensions-1.1.0 nr-date-2.1.0 nr-stream-1.1.5 nr-util-0.8.12 numpy-1.26.4 openpyxl-3.1.5 orjson-3.11.2 packaging-25.0 pandas-2.2.3 pandera-0.19.3 pathspec-0.12.1 platformdirs-4.3.8 pluggy-1.6.0 port-for-0.7.4 prompt-toolkit-3.0.51 psutil-7.0.0 psycopg-3.2.9 psycopg-binary-3.2.9 psycopg2-binary-2.9.10 pycparser-2.22 pycryptodome-3.23.0 pydantic-2.11.7 pydantic-core-2.33.2 pydantic-extra-types-2.10.5 pydantic-settings-2.10.1 pydoc-markdown-4.8.2 pygments-2.19.2 pytest-8.4.1 pytest-asyncio-1.1.0 pytest-cov-6.2.1 pytest-postgresql-7.0.2 python-dateutil-2.9.0.post0 python-dotenv-1.1.1 python-multipart-0.0.20 python-telegram-bot-22.3 pytz-2025.2 redis-6.4.0 requests-2.32.4 respx-0.22.0 rich-14.1.0 rich-toolkit-0.15.0 rignore-0.6.4 ruff-0.9.9 s3transfer-0.13.1 sentry-sdk-2.35.0 setuptools-80.9.0 shellingham-1.5.4 six-1.17.0 sniffio-1.3.1 sqlalchemy-2.0.43 starlette-0.47.3 structlog-24.1.0 testcontainers-4.12.0 toml-0.10.2 tomli-2.2.1 tomli_w-1.2.0 typeapi-2.2.4 typeguard-4.4.4 typer-0.16.1 types-requests-2.32.4.20250809 typing-extensions-4.14.1 typing-inspect-0.9.0 typing-inspection-0.4.1 tzdata-2025.2 tzlocal-5.3.1 ujson-5.11.0 urllib3-2.5.0 uvicorn-0.35.0 uvloop-0.21.0 vine-5.1.0 vulture-2.10 watchdog-6.0.0 watchfiles-1.1.0 wcwidth-0.2.13 websockets-15.0.1 wrapt-1.17.3 yapf-0.43.0
2025-08-24T16:40:00.3167351Z Collecting keepa==1.3.15
2025-08-24T16:40:00.3181153Z   Using cached keepa-1.3.15-py3-none-any.whl.metadata (11 kB)
2025-08-24T16:40:00.3483773Z Collecting minio==7.1.15
2025-08-24T16:40:00.3496021Z   Using cached minio-7.1.15-py3-none-any.whl.metadata (4.2 kB)
2025-08-24T16:40:00.3525233Z Requirement already satisfied: numpy>=1.9.3 in /opt/hostedtoolcache/Python/3.12.11/x64/lib/python3.12/site-packages (from keepa==1.3.15) (1.26.4)
2025-08-24T16:40:00.3531279Z Requirement already satisfied: requests>=2.2 in /opt/hostedtoolcache/Python/3.12.11/x64/lib/python3.12/site-packages (from keepa==1.3.15) (2.32.4)
2025-08-24T16:40:00.3826572Z Collecting tqdm (from keepa==1.3.15)
2025-08-24T16:40:00.3838068Z   Using cached tqdm-4.67.1-py3-none-any.whl.metadata (57 kB)
2025-08-24T16:40:00.8648433Z Collecting aiohttp (from keepa==1.3.15)
2025-08-24T16:40:00.8662781Z   Using cached aiohttp-3.12.15-cp312-cp312-manylinux_2_17_x86_64.manylinux2014_x86_64.whl.metadata (7.7 kB)
2025-08-24T16:40:00.8697559Z Requirement already satisfied: pandas<=3.0 in /opt/hostedtoolcache/Python/3.12.11/x64/lib/python3.12/site-packages (from keepa==1.3.15) (2.2.3)
2025-08-24T16:40:00.8702068Z Requirement already satisfied: pydantic in /opt/hostedtoolcache/Python/3.12.11/x64/lib/python3.12/site-packages (from keepa==1.3.15) (2.11.7)
2025-08-24T16:40:00.8710566Z Requirement already satisfied: certifi in /opt/hostedtoolcache/Python/3.12.11/x64/lib/python3.12/site-packages (from minio==7.1.15) (2025.8.3)
2025-08-24T16:40:00.8714610Z Requirement already satisfied: urllib3 in /opt/hostedtoolcache/Python/3.12.11/x64/lib/python3.12/site-packages (from minio==7.1.15) (2.5.0)
2025-08-24T16:40:00.8773238Z Requirement already satisfied: python-dateutil>=2.8.2 in /opt/hostedtoolcache/Python/3.12.11/x64/lib/python3.12/site-packages (from pandas<=3.0->keepa==1.3.15) (2.9.0.post0)
2025-08-24T16:40:00.8779253Z Requirement already satisfied: pytz>=2020.1 in /opt/hostedtoolcache/Python/3.12.11/x64/lib/python3.12/site-packages (from pandas<=3.0->keepa==1.3.15) (2025.2)
2025-08-24T16:40:00.8784819Z Requirement already satisfied: tzdata>=2022.7 in /opt/hostedtoolcache/Python/3.12.11/x64/lib/python3.12/site-packages (from pandas<=3.0->keepa==1.3.15) (2025.2)
2025-08-24T16:40:00.8912032Z Requirement already satisfied: six>=1.5 in /opt/hostedtoolcache/Python/3.12.11/x64/lib/python3.12/site-packages (from python-dateutil>=2.8.2->pandas<=3.0->keepa==1.3.15) (1.17.0)
2025-08-24T16:40:00.8931797Z Requirement already satisfied: charset_normalizer<4,>=2 in /opt/hostedtoolcache/Python/3.12.11/x64/lib/python3.12/site-packages (from requests>=2.2->keepa==1.3.15) (3.4.3)
2025-08-24T16:40:00.8938841Z Requirement already satisfied: idna<4,>=2.5 in /opt/hostedtoolcache/Python/3.12.11/x64/lib/python3.12/site-packages (from requests>=2.2->keepa==1.3.15) (3.10)
2025-08-24T16:40:00.9132599Z Collecting aiohappyeyeballs>=2.5.0 (from aiohttp->keepa==1.3.15)
2025-08-24T16:40:00.9144581Z   Using cached aiohappyeyeballs-2.6.1-py3-none-any.whl.metadata (5.9 kB)
2025-08-24T16:40:00.9218080Z Collecting aiosignal>=1.4.0 (from aiohttp->keepa==1.3.15)
2025-08-24T16:40:00.9229890Z   Using cached aiosignal-1.4.0-py3-none-any.whl.metadata (3.7 kB)
2025-08-24T16:40:00.9357279Z Collecting attrs>=17.3.0 (from aiohttp->keepa==1.3.15)
2025-08-24T16:40:00.9368958Z   Using cached attrs-25.3.0-py3-none-any.whl.metadata (10 kB)
2025-08-24T16:40:01.0025835Z Collecting frozenlist>=1.1.1 (from aiohttp->keepa==1.3.15)
2025-08-24T16:40:01.0038309Z   Using cached frozenlist-1.7.0-cp312-cp312-manylinux_2_5_x86_64.manylinux1_x86_64.manylinux_2_17_x86_64.manylinux2014_x86_64.whl.metadata (18 kB)
2025-08-24T16:40:01.2487553Z Collecting multidict<7.0,>=4.5 (from aiohttp->keepa==1.3.15)
2025-08-24T16:40:01.2502409Z   Using cached multidict-6.6.4-cp312-cp312-manylinux2014_x86_64.manylinux_2_17_x86_64.manylinux_2_28_x86_64.whl.metadata (5.3 kB)
2025-08-24T16:40:01.2911811Z Collecting propcache>=0.2.0 (from aiohttp->keepa==1.3.15)
2025-08-24T16:40:01.2925458Z   Using cached propcache-0.3.2-cp312-cp312-manylinux_2_17_x86_64.manylinux2014_x86_64.whl.metadata (12 kB)
2025-08-24T16:40:01.5243958Z Collecting yarl<2.0,>=1.17.0 (from aiohttp->keepa==1.3.15)
2025-08-24T16:40:01.5258247Z   Using cached yarl-1.20.1-cp312-cp312-manylinux_2_17_x86_64.manylinux2014_x86_64.whl.metadata (73 kB)
2025-08-24T16:40:01.5474267Z Requirement already satisfied: typing-extensions>=4.2 in /opt/hostedtoolcache/Python/3.12.11/x64/lib/python3.12/site-packages (from aiosignal>=1.4.0->aiohttp->keepa==1.3.15) (4.14.1)
2025-08-24T16:40:01.5523434Z Requirement already satisfied: annotated-types>=0.6.0 in /opt/hostedtoolcache/Python/3.12.11/x64/lib/python3.12/site-packages (from pydantic->keepa==1.3.15) (0.7.0)
2025-08-24T16:40:01.5530181Z Requirement already satisfied: pydantic-core==2.33.2 in /opt/hostedtoolcache/Python/3.12.11/x64/lib/python3.12/site-packages (from pydantic->keepa==1.3.15) (2.33.2)
2025-08-24T16:40:01.5537926Z Requirement already satisfied: typing-inspection>=0.4.0 in /opt/hostedtoolcache/Python/3.12.11/x64/lib/python3.12/site-packages (from pydantic->keepa==1.3.15) (0.4.1)
2025-08-24T16:40:01.5600597Z Using cached keepa-1.3.15-py3-none-any.whl (38 kB)
2025-08-24T16:40:01.5612141Z Using cached minio-7.1.15-py3-none-any.whl (77 kB)
2025-08-24T16:40:01.5624268Z Using cached aiohttp-3.12.15-cp312-cp312-manylinux_2_17_x86_64.manylinux2014_x86_64.whl (1.7 MB)
2025-08-24T16:40:01.5647909Z Using cached multidict-6.6.4-cp312-cp312-manylinux2014_x86_64.manylinux_2_17_x86_64.manylinux_2_28_x86_64.whl (256 kB)
2025-08-24T16:40:01.5660953Z Using cached yarl-1.20.1-cp312-cp312-manylinux_2_17_x86_64.manylinux2014_x86_64.whl (355 kB)
2025-08-24T16:40:01.5674353Z Using cached aiohappyeyeballs-2.6.1-py3-none-any.whl (15 kB)
2025-08-24T16:40:01.5685435Z Using cached aiosignal-1.4.0-py3-none-any.whl (7.5 kB)
2025-08-24T16:40:01.5696486Z Using cached attrs-25.3.0-py3-none-any.whl (63 kB)
2025-08-24T16:40:01.5708294Z Using cached frozenlist-1.7.0-cp312-cp312-manylinux_2_5_x86_64.manylinux1_x86_64.manylinux_2_17_x86_64.manylinux2014_x86_64.whl (241 kB)
2025-08-24T16:40:01.5721221Z Using cached propcache-0.3.2-cp312-cp312-manylinux_2_17_x86_64.manylinux2014_x86_64.whl (224 kB)
2025-08-24T16:40:01.5733395Z Using cached tqdm-4.67.1-py3-none-any.whl (78 kB)
2025-08-24T16:40:01.7528938Z Installing collected packages: tqdm, propcache, multidict, minio, frozenlist, attrs, aiohappyeyeballs, yarl, aiosignal, aiohttp, keepa
2025-08-24T16:40:01.8311683Z   Attempting uninstall: minio
2025-08-24T16:40:01.8361570Z     Found existing installation: minio 7.2.16
2025-08-24T16:40:01.8399597Z     Uninstalling minio-7.2.16:
2025-08-24T16:40:01.8409841Z       Successfully uninstalled minio-7.2.16
2025-08-24T16:40:02.2185606Z 
2025-08-24T16:40:02.2302340Z Successfully installed aiohappyeyeballs-2.6.1 aiohttp-3.12.15 aiosignal-1.4.0 attrs-25.3.0 frozenlist-1.7.0 keepa-1.3.15 minio-7.1.15 multidict-6.6.4 propcache-0.3.2 tqdm-4.67.1 yarl-1.20.1
2025-08-24T16:40:02.4167567Z ##[group]Run for i in {1..30}; do pg_isready -h "$PG_HOST" -p "$PG_PORT" -U "$PG_USER" -d "$PG_DATABASE" && break; sleep 1; done
2025-08-24T16:40:02.4168281Z [36;1mfor i in {1..30}; do pg_isready -h "$PG_HOST" -p "$PG_PORT" -U "$PG_USER" -d "$PG_DATABASE" && break; sleep 1; done[0m
2025-08-24T16:40:02.4209317Z shell: /usr/bin/bash -e {0}
2025-08-24T16:40:02.4209544Z env:
2025-08-24T16:40:02.4209754Z   REDIS_URL: redis://localhost:6379/0
2025-08-24T16:40:02.4210025Z   RATE_LIMIT_DEFAULT: 100/minute
2025-08-24T16:40:02.4210248Z   TRUST_X_FORWARDED: 1
2025-08-24T16:40:02.4210450Z   PG_USER: postgres
2025-08-24T16:40:02.4210645Z   PG_PASSWORD: pass
2025-08-24T16:40:02.4211004Z   PG_DATABASE: awa
2025-08-24T16:40:02.4211193Z   PG_HOST: localhost
2025-08-24T16:40:02.4211387Z   PG_PORT: 5432
2025-08-24T16:40:02.4211835Z   PG_SYNC_DSN: ***localhost:5432/awa
2025-08-24T16:40:02.4212258Z   PG_ASYNC_DSN: ***localhost:5432/awa
2025-08-24T16:40:02.4212688Z   DATABASE_URL: ***localhost:5432/awa
2025-08-24T16:40:02.4212935Z   DATA_DIR: /tmp/awa-data
2025-08-24T16:40:02.4213138Z   ENABLE_LIVE: 0
2025-08-24T16:40:02.4213316Z   TESTING: 1
2025-08-24T16:40:02.4213564Z   pythonLocation: /opt/hostedtoolcache/Python/3.12.11/x64
2025-08-24T16:40:02.4213990Z   PKG_CONFIG_PATH: /opt/hostedtoolcache/Python/3.12.11/x64/lib/pkgconfig
2025-08-24T16:40:02.4214417Z   Python_ROOT_DIR: /opt/hostedtoolcache/Python/3.12.11/x64
2025-08-24T16:40:02.4214780Z   Python2_ROOT_DIR: /opt/hostedtoolcache/Python/3.12.11/x64
2025-08-24T16:40:02.4215149Z   Python3_ROOT_DIR: /opt/hostedtoolcache/Python/3.12.11/x64
2025-08-24T16:40:02.4215519Z   LD_LIBRARY_PATH: /opt/hostedtoolcache/Python/3.12.11/x64/lib
2025-08-24T16:40:02.4215833Z ##[endgroup]
2025-08-24T16:40:02.5057097Z localhost:5432 - accepting connections
2025-08-24T16:40:02.5091554Z ##[group]Run alembic -c services/api/alembic.ini upgrade head
2025-08-24T16:40:02.5091987Z [36;1malembic -c services/api/alembic.ini upgrade head[0m
2025-08-24T16:40:02.5132826Z shell: /usr/bin/bash -e {0}
2025-08-24T16:40:02.5133063Z env:
2025-08-24T16:40:02.5133275Z   REDIS_URL: redis://localhost:6379/0
2025-08-24T16:40:02.5133557Z   RATE_LIMIT_DEFAULT: 100/minute
2025-08-24T16:40:02.5133779Z   TRUST_X_FORWARDED: 1
2025-08-24T16:40:02.5133996Z   PG_USER: postgres
2025-08-24T16:40:02.5134187Z   PG_PASSWORD: pass
2025-08-24T16:40:02.5134370Z   PG_DATABASE: awa
2025-08-24T16:40:02.5134560Z   PG_HOST: localhost
2025-08-24T16:40:02.5134749Z   PG_PORT: 5432
2025-08-24T16:40:02.5135185Z   PG_SYNC_DSN: ***localhost:5432/awa
2025-08-24T16:40:02.5135591Z   PG_ASYNC_DSN: ***localhost:5432/awa
2025-08-24T16:40:02.5135971Z   DATABASE_URL: ***localhost:5432/awa
2025-08-24T16:40:02.5136204Z   DATA_DIR: /tmp/awa-data
2025-08-24T16:40:02.5136428Z   ENABLE_LIVE: 0
2025-08-24T16:40:02.5136632Z   TESTING: 1
2025-08-24T16:40:02.5136875Z   pythonLocation: /opt/hostedtoolcache/Python/3.12.11/x64
2025-08-24T16:40:02.5137285Z   PKG_CONFIG_PATH: /opt/hostedtoolcache/Python/3.12.11/x64/lib/pkgconfig
2025-08-24T16:40:02.5137702Z   Python_ROOT_DIR: /opt/hostedtoolcache/Python/3.12.11/x64
2025-08-24T16:40:02.5138064Z   Python2_ROOT_DIR: /opt/hostedtoolcache/Python/3.12.11/x64
2025-08-24T16:40:02.5138431Z   Python3_ROOT_DIR: /opt/hostedtoolcache/Python/3.12.11/x64
2025-08-24T16:40:02.5139015Z   LD_LIBRARY_PATH: /opt/hostedtoolcache/Python/3.12.11/x64/lib
2025-08-24T16:40:02.5139324Z ##[endgroup]
2025-08-24T16:40:03.1464446Z INFO  [alembic.runtime.migration] Context impl PostgresqlImpl.
2025-08-24T16:40:03.1465322Z INFO  [alembic.runtime.migration] Will assume transactional DDL.
2025-08-24T16:40:03.1680859Z INFO  [alembic.runtime.migration] Running upgrade  -> 0001_baseline
2025-08-24T16:40:03.1831827Z INFO  [alembic.runtime.migration] Running upgrade 0001_baseline -> 0002_create_roi_view
2025-08-24T16:40:03.1857678Z INFO  [alembic.runtime.migration] Running upgrade 0002_create_roi_view -> 3e9d5c5aff2c
2025-08-24T16:40:03.2022571Z INFO  [alembic.runtime.migration] Running upgrade 3e9d5c5aff2c -> 0003_vendor_prices
2025-08-24T16:40:03.2173773Z INFO  [alembic.runtime.migration] Running upgrade 0003_vendor_prices -> 0004_fee_cron
2025-08-24T16:40:03.2246485Z INFO  [alembic.runtime.migration] Running upgrade 0004_fee_cron -> 0006_fix_roi_views
2025-08-24T16:40:03.2280339Z INFO  [alembic.runtime.migration] Running upgrade 0006_fix_roi_views -> 0020_unified_schema
2025-08-24T16:40:03.2397736Z INFO  [alembic.runtime.migration] Running upgrade 0020_unified_schema -> 0022_fix_roi_view
2025-08-24T16:40:03.2466255Z INFO  [alembic.runtime.migration] Running upgrade 0022_fix_roi_view -> 0023_add_storage_fee
2025-08-24T16:40:03.2503760Z INFO  [alembic.runtime.migration] Running upgrade 0023_add_storage_fee -> 0024_create_buybox
2025-08-24T16:40:03.2531770Z INFO  [alembic.runtime.migration] Running upgrade 0024_create_buybox -> 0025_pr4_indexes_loadlog
2025-08-24T16:40:03.2746396Z INFO  [alembic.runtime.migration] Running upgrade 0025_pr4_indexes_loadlog -> 0026_fix_refund_views
2025-08-24T16:40:03.2805496Z INFO  [alembic.runtime.migration] Running upgrade 0025_pr4_indexes_loadlog -> 0026_amazon_new_reports
2025-08-24T16:40:03.3018425Z INFO  [alembic.runtime.migration] Running upgrade 0026_amazon_new_reports, 0026_fix_refund_views -> 0027_merge_reports_refund_heads
2025-08-24T16:40:03.3776829Z ##[group]Run python - <<'PY'
2025-08-24T16:40:03.3777127Z [36;1mpython - <<'PY'[0m
2025-08-24T16:40:03.3777394Z [36;1mfrom fastapi.testclient import TestClient[0m
2025-08-24T16:40:03.3777705Z [36;1mfrom services.api.main import app[0m
2025-08-24T16:40:03.3777983Z [36;1mwith TestClient(app) as c:[0m
2025-08-24T16:40:03.3778226Z [36;1m    r = c.get('/roi-review')[0m
2025-08-24T16:40:03.3778485Z [36;1m    assert r.status_code < 500, r.text[0m
2025-08-24T16:40:03.3778955Z [36;1mPY[0m
2025-08-24T16:40:03.3819167Z shell: /usr/bin/bash -e {0}
2025-08-24T16:40:03.3819395Z env:
2025-08-24T16:40:03.3819598Z   REDIS_URL: redis://localhost:6379/0
2025-08-24T16:40:03.3819871Z   RATE_LIMIT_DEFAULT: 100/minute
2025-08-24T16:40:03.3820097Z   TRUST_X_FORWARDED: 1
2025-08-24T16:40:03.3820291Z   PG_USER: postgres
2025-08-24T16:40:03.3820486Z   PG_PASSWORD: pass
2025-08-24T16:40:03.3820676Z   PG_DATABASE: awa
2025-08-24T16:40:03.3820858Z   PG_HOST: localhost
2025-08-24T16:40:03.3821088Z   PG_PORT: 5432
2025-08-24T16:40:03.3821687Z   PG_SYNC_DSN: ***localhost:5432/awa
2025-08-24T16:40:03.3822101Z   PG_ASYNC_DSN: ***localhost:5432/awa
2025-08-24T16:40:03.3822476Z   DATABASE_URL: ***localhost:5432/awa
2025-08-24T16:40:03.3822712Z   DATA_DIR: /tmp/awa-data
2025-08-24T16:40:03.3822917Z   ENABLE_LIVE: 0
2025-08-24T16:40:03.3823104Z   TESTING: 1
2025-08-24T16:40:03.3823342Z   pythonLocation: /opt/hostedtoolcache/Python/3.12.11/x64
2025-08-24T16:40:03.3823757Z   PKG_CONFIG_PATH: /opt/hostedtoolcache/Python/3.12.11/x64/lib/pkgconfig
2025-08-24T16:40:03.3824189Z   Python_ROOT_DIR: /opt/hostedtoolcache/Python/3.12.11/x64
2025-08-24T16:40:03.3824557Z   Python2_ROOT_DIR: /opt/hostedtoolcache/Python/3.12.11/x64
2025-08-24T16:40:03.3824917Z   Python3_ROOT_DIR: /opt/hostedtoolcache/Python/3.12.11/x64
2025-08-24T16:40:03.3825273Z   LD_LIBRARY_PATH: /opt/hostedtoolcache/Python/3.12.11/x64/lib
2025-08-24T16:40:03.3825569Z ##[endgroup]
2025-08-24T16:40:04.7311059Z WARNING:services.api.errors:{"status_code": 401, "detail": "Not authenticated", "event": "http_error", "request_id": "902d17c396954a88b13c4e48a743cb0e", "level": "warning", "timestamp": "2025-08-24T16:40:04.730763Z"}
2025-08-24T16:40:04.7316063Z INFO:httpx:HTTP Request: GET http://testserver/roi-review "HTTP/1.1 401 Unauthorized"
2025-08-24T16:40:04.9010487Z ##[group]Run alembic -c services/api/alembic.ini downgrade base
2025-08-24T16:40:04.9011270Z [36;1malembic -c services/api/alembic.ini downgrade base[0m
2025-08-24T16:40:04.9062334Z shell: /usr/bin/bash -e {0}
2025-08-24T16:40:04.9062576Z env:
2025-08-24T16:40:04.9062780Z   REDIS_URL: redis://localhost:6379/0
2025-08-24T16:40:04.9063045Z   RATE_LIMIT_DEFAULT: 100/minute
2025-08-24T16:40:04.9063272Z   TRUST_X_FORWARDED: 1
2025-08-24T16:40:04.9063469Z   PG_USER: postgres
2025-08-24T16:40:04.9063678Z   PG_PASSWORD: pass
2025-08-24T16:40:04.9063865Z   PG_DATABASE: awa
2025-08-24T16:40:04.9064053Z   PG_HOST: localhost
2025-08-24T16:40:04.9064241Z   PG_PORT: 5432
2025-08-24T16:40:04.9064695Z   PG_SYNC_DSN: ***localhost:5432/awa
2025-08-24T16:40:04.9065098Z   PG_ASYNC_DSN: ***localhost:5432/awa
2025-08-24T16:40:04.9065491Z   DATABASE_URL: ***localhost:5432/awa
2025-08-24T16:40:04.9065739Z   DATA_DIR: /tmp/awa-data
2025-08-24T16:40:04.9065940Z   ENABLE_LIVE: 0
2025-08-24T16:40:04.9066155Z   TESTING: 1
2025-08-24T16:40:04.9066397Z   pythonLocation: /opt/hostedtoolcache/Python/3.12.11/x64
2025-08-24T16:40:04.9066792Z   PKG_CONFIG_PATH: /opt/hostedtoolcache/Python/3.12.11/x64/lib/pkgconfig
2025-08-24T16:40:04.9067377Z   Python_ROOT_DIR: /opt/hostedtoolcache/Python/3.12.11/x64
2025-08-24T16:40:04.9067729Z   Python2_ROOT_DIR: /opt/hostedtoolcache/Python/3.12.11/x64
2025-08-24T16:40:04.9068080Z   Python3_ROOT_DIR: /opt/hostedtoolcache/Python/3.12.11/x64
2025-08-24T16:40:04.9068438Z   LD_LIBRARY_PATH: /opt/hostedtoolcache/Python/3.12.11/x64/lib
2025-08-24T16:40:04.9068930Z ##[endgroup]
2025-08-24T16:40:05.3697593Z INFO  [alembic.runtime.migration] Context impl PostgresqlImpl.
2025-08-24T16:40:05.3698317Z INFO  [alembic.runtime.migration] Will assume transactional DDL.
2025-08-24T16:40:05.3798835Z INFO  [alembic.runtime.migration] Running downgrade 0027_merge_reports_refund_heads -> 0026_amazon_new_reports, 0026_fix_refund_views
2025-08-24T16:40:05.3822672Z INFO  [alembic.runtime.migration] Running downgrade 0026_amazon_new_reports -> 0025_pr4_indexes_loadlog
2025-08-24T16:40:05.3917779Z INFO  [alembic.runtime.migration] Running downgrade 0026_fix_refund_views -> 0025_pr4_indexes_loadlog
2025-08-24T16:40:05.3979374Z INFO  [alembic.runtime.migration] Running downgrade 0025_pr4_indexes_loadlog -> 0024_create_buybox
2025-08-24T16:40:05.4026384Z INFO  [alembic.runtime.migration] Running downgrade 0024_create_buybox -> 0023_add_storage_fee
2025-08-24T16:40:05.4044681Z INFO  [alembic.runtime.migration] Running downgrade 0023_add_storage_fee -> 0022_fix_roi_view
2025-08-24T16:40:05.4215839Z INFO  [alembic.runtime.migration] Running downgrade 0022_fix_roi_view -> 0020_unified_schema
2025-08-24T16:40:05.4242934Z INFO  [alembic.runtime.migration] Running downgrade 0020_unified_schema -> 0006_fix_roi_views
2025-08-24T16:40:05.4277393Z INFO  [alembic.runtime.migration] Running downgrade 0006_fix_roi_views -> 0004_fee_cron
2025-08-24T16:40:05.4299215Z INFO  [alembic.runtime.migration] Running downgrade 0004_fee_cron -> 0003_vendor_prices
2025-08-24T16:40:05.4370233Z INFO  [alembic.runtime.migration] Running downgrade 0003_vendor_prices -> 3e9d5c5aff2c
2025-08-24T16:40:05.4410196Z INFO  [alembic.runtime.migration] Running downgrade 3e9d5c5aff2c -> 0002_create_roi_view
2025-08-24T16:40:05.4447724Z INFO  [alembic.runtime.migration] Running downgrade 0002_create_roi_view -> 0001_baseline
2025-08-24T16:40:05.4457302Z INFO  [alembic.runtime.migration] Running downgrade 0001_baseline -> 
2025-08-24T16:40:05.5365484Z ##[group]Run test "$(alembic -c services/api/alembic.ini heads | wc -l)" -eq 1
2025-08-24T16:40:05.5366001Z [36;1mtest "$(alembic -c services/api/alembic.ini heads | wc -l)" -eq 1[0m
2025-08-24T16:40:05.5407974Z shell: /usr/bin/bash -e {0}
2025-08-24T16:40:05.5408210Z env:
2025-08-24T16:40:05.5408414Z   REDIS_URL: redis://localhost:6379/0
2025-08-24T16:40:05.5408879Z   RATE_LIMIT_DEFAULT: 100/minute
2025-08-24T16:40:05.5409113Z   TRUST_X_FORWARDED: 1
2025-08-24T16:40:05.5409309Z   PG_USER: postgres
2025-08-24T16:40:05.5409504Z   PG_PASSWORD: pass
2025-08-24T16:40:05.5409689Z   PG_DATABASE: awa
2025-08-24T16:40:05.5409861Z   PG_HOST: localhost
2025-08-24T16:40:05.5410043Z   PG_PORT: 5432
2025-08-24T16:40:05.5410611Z   PG_SYNC_DSN: ***localhost:5432/awa
2025-08-24T16:40:05.5411126Z   PG_ASYNC_DSN: ***localhost:5432/awa
2025-08-24T16:40:05.5411514Z   DATABASE_URL: ***localhost:5432/awa
2025-08-24T16:40:05.5411753Z   DATA_DIR: /tmp/awa-data
2025-08-24T16:40:05.5411986Z   ENABLE_LIVE: 0
2025-08-24T16:40:05.5412161Z   TESTING: 1
2025-08-24T16:40:05.5412413Z   pythonLocation: /opt/hostedtoolcache/Python/3.12.11/x64
2025-08-24T16:40:05.5412825Z   PKG_CONFIG_PATH: /opt/hostedtoolcache/Python/3.12.11/x64/lib/pkgconfig
2025-08-24T16:40:05.5413220Z   Python_ROOT_DIR: /opt/hostedtoolcache/Python/3.12.11/x64
2025-08-24T16:40:05.5413565Z   Python2_ROOT_DIR: /opt/hostedtoolcache/Python/3.12.11/x64
2025-08-24T16:40:05.5413925Z   Python3_ROOT_DIR: /opt/hostedtoolcache/Python/3.12.11/x64
2025-08-24T16:40:05.5414276Z   LD_LIBRARY_PATH: /opt/hostedtoolcache/Python/3.12.11/x64/lib
2025-08-24T16:40:05.5414572Z ##[endgroup]
2025-08-24T16:40:05.8969146Z ##[group]Run pytest tests/migrations/test_migration_roundtrip.py -q -m integration
2025-08-24T16:40:05.8969939Z [36;1mpytest tests/migrations/test_migration_roundtrip.py -q -m integration[0m
2025-08-24T16:40:05.9010074Z shell: /usr/bin/bash -e {0}
2025-08-24T16:40:05.9010295Z env:
2025-08-24T16:40:05.9010495Z   REDIS_URL: redis://localhost:6379/0
2025-08-24T16:40:05.9010760Z   RATE_LIMIT_DEFAULT: 100/minute
2025-08-24T16:40:05.9010984Z   TRUST_X_FORWARDED: 1
2025-08-24T16:40:05.9011184Z   PG_USER: postgres
2025-08-24T16:40:05.9011376Z   PG_PASSWORD: pass
2025-08-24T16:40:05.9011567Z   PG_DATABASE: awa
2025-08-24T16:40:05.9011741Z   PG_HOST: localhost
2025-08-24T16:40:05.9011924Z   PG_PORT: 5432
2025-08-24T16:40:05.9012460Z   PG_SYNC_DSN: ***localhost:5432/awa
2025-08-24T16:40:05.9012874Z   PG_ASYNC_DSN: ***localhost:5432/awa
2025-08-24T16:40:05.9013258Z   DATABASE_URL: ***localhost:5432/awa
2025-08-24T16:40:05.9013490Z   DATA_DIR: /tmp/awa-data
2025-08-24T16:40:05.9013725Z   ENABLE_LIVE: 0
2025-08-24T16:40:05.9013898Z   TESTING: 1
2025-08-24T16:40:05.9014134Z   pythonLocation: /opt/hostedtoolcache/Python/3.12.11/x64
2025-08-24T16:40:05.9014537Z   PKG_CONFIG_PATH: /opt/hostedtoolcache/Python/3.12.11/x64/lib/pkgconfig
2025-08-24T16:40:05.9014924Z   Python_ROOT_DIR: /opt/hostedtoolcache/Python/3.12.11/x64
2025-08-24T16:40:05.9015265Z   Python2_ROOT_DIR: /opt/hostedtoolcache/Python/3.12.11/x64
2025-08-24T16:40:05.9015615Z   Python3_ROOT_DIR: /opt/hostedtoolcache/Python/3.12.11/x64
2025-08-24T16:40:05.9015969Z   LD_LIBRARY_PATH: /opt/hostedtoolcache/Python/3.12.11/x64/lib
2025-08-24T16:40:05.9016258Z ##[endgroup]
2025-08-24T16:40:07.5056062Z /opt/hostedtoolcache/Python/3.12.11/x64/lib/python3.12/site-packages/coverage/control.py:945: CoverageWarning: No data was collected. (no-data-collected)
2025-08-24T16:40:07.5057453Z   self._warn("No data was collected.", slug="no-data-collected")
2025-08-24T16:40:07.6905990Z s                                                                        [100%]
2025-08-24T16:40:07.6906553Z ================================ tests coverage ================================
2025-08-24T16:40:07.6907240Z _______________ coverage: platform linux, python 3.12.11-final-0 _______________
2025-08-24T16:40:07.6907790Z 
2025-08-24T16:40:07.6908016Z Coverage XML written to file coverage.xml
2025-08-24T16:40:07.8268090Z Post job cleanup.
2025-08-24T16:40:07.9739569Z Cache hit occurred on the primary key setup-python-Linux-x64-24.04-Ubuntu-python-3.12.11-pip-cc13ccef493b9f3a93ad5651164d9fb09282c1111f6f72ce20e0657de16de6b4, not saving cache.
2025-08-24T16:40:07.9836789Z Post job cleanup.
2025-08-24T16:40:08.0599582Z [command]/usr/bin/git version
2025-08-24T16:40:08.0667108Z git version 2.51.0
2025-08-24T16:40:08.0704958Z Temporarily overriding HOME='/home/runner/work/_temp/a494851a-3670-4fba-83a8-99ebff084fc5' before making global git config changes
2025-08-24T16:40:08.0706028Z Adding repository directory to the temporary git global config as a safe directory
2025-08-24T16:40:08.0710590Z [command]/usr/bin/git config --global --add safe.directory /home/runner/work/AWA-App/AWA-App
2025-08-24T16:40:08.0747638Z [command]/usr/bin/git config --local --name-only --get-regexp core\.sshCommand
2025-08-24T16:40:08.0779970Z [command]/usr/bin/git submodule foreach --recursive sh -c "git config --local --name-only --get-regexp 'core\.sshCommand' && git config --local --unset-all 'core.sshCommand' || :"
2025-08-24T16:40:08.1005814Z [command]/usr/bin/git config --local --name-only --get-regexp http\.https\:\/\/github\.com\/\.extraheader
2025-08-24T16:40:08.1026980Z http.https://github.com/.extraheader
2025-08-24T16:40:08.1036408Z [command]/usr/bin/git config --local --unset-all http.https://github.com/.extraheader
2025-08-24T16:40:08.1067566Z [command]/usr/bin/git submodule foreach --recursive sh -c "git config --local --name-only --get-regexp 'http\.https\:\/\/github\.com\/\.extraheader' && git config --local --unset-all 'http.https://github.com/.extraheader' || :"
2025-08-24T16:40:08.1380112Z Print service container logs: e59b7f15015c4322b52b3644cbfe84f4_postgres15_a3f5ed
2025-08-24T16:40:08.1384742Z ##[command]/usr/bin/docker logs --details d97a00c6d960975f5e6f01e0aff0b134408d0056d22a09092b6a584f34d9c8d1
2025-08-24T16:40:08.1509343Z  The files belonging to this database system will be owned by user "postgres".
2025-08-24T16:40:08.1511003Z  initdb: warning: enabling "trust" authentication for local connections
2025-08-24T16:40:08.1512092Z  initdb: hint: You can change this by editing pg_hba.conf or using the option -A, or --auth-local and --auth-host, the next time you run initdb.
2025-08-24T16:40:08.1513004Z  2025-08-24 16:39:15.164 UTC [1] LOG:  starting PostgreSQL 15.14 (Debian 15.14-1.pgdg13+1) on x86_64-pc-linux-gnu, compiled by gcc (Debian 14.2.0-19) 14.2.0, 64-bit
2025-08-24T16:40:08.1513589Z  This user must also own the server process.
2025-08-24T16:40:08.1513835Z  
2025-08-24T16:40:08.1514140Z  The database cluster will be initialized with locale "en_US.utf8".
2025-08-24T16:40:08.1514555Z  The default database encoding has accordingly been set to "UTF8".
2025-08-24T16:40:08.1514942Z  The default text search configuration will be set to "english".
2025-08-24T16:40:08.1515250Z  
2025-08-24T16:40:08.1515425Z  Data page checksums are disabled.
2025-08-24T16:40:08.1515643Z  
2025-08-24T16:40:08.1515910Z  fixing permissions on existing directory /var/lib/postgresql/data ... ok
2025-08-24T16:40:08.1516269Z  creating subdirectories ... ok
2025-08-24T16:40:08.1516563Z  selecting dynamic shared memory implementation ... posix
2025-08-24T16:40:08.1516888Z  selecting default max_connections ... 100
2025-08-24T16:40:08.1517153Z  selecting default shared_buffers ... 128MB
2025-08-24T16:40:08.1517418Z  selecting default time zone ... Etc/UTC
2025-08-24T16:40:08.1517673Z  creating configuration files ... ok
2025-08-24T16:40:08.1517926Z  running bootstrap script ... ok
2025-08-24T16:40:08.1518194Z  performing post-bootstrap initialization ... ok
2025-08-24T16:40:08.1518480Z  syncing data to disk ... ok
2025-08-24T16:40:08.1518946Z  
2025-08-24T16:40:08.1519100Z  
2025-08-24T16:40:08.1519301Z  Success. You can now start the database server using:
2025-08-24T16:40:08.1519579Z  
2025-08-24T16:40:08.1519793Z      pg_ctl -D /var/lib/postgresql/data -l logfile start
2025-08-24T16:40:08.1520062Z  
2025-08-24T16:40:08.1520608Z  waiting for server to start....2025-08-24 16:39:14.856 UTC [48] LOG:  starting PostgreSQL 15.14 (Debian 15.14-1.pgdg13+1) on x86_64-pc-linux-gnu, compiled by gcc (Debian 14.2.0-19) 14.2.0, 64-bit
2025-08-24T16:40:08.1521652Z  2025-08-24 16:39:14.857 UTC [48] LOG:  listening on Unix socket "/var/run/postgresql/.s.PGSQL.5432"
2025-08-24T16:40:08.1522536Z  2025-08-24 16:39:14.861 UTC [51] LOG:  database system was shut down at 2025-08-24 16:39:14 UTC
2025-08-24T16:40:08.1523049Z  2025-08-24 16:39:14.864 UTC [48] LOG:  database system is ready to accept connections
2025-08-24T16:40:08.1523373Z   done
2025-08-24T16:40:08.1523534Z  server started
2025-08-24T16:40:08.1523727Z  CREATE DATABASE
2025-08-24T16:40:08.1523907Z  
2025-08-24T16:40:08.1524046Z  
2025-08-24T16:40:08.1524349Z  /usr/local/bin/docker-entrypoint.sh: ignoring /docker-entrypoint-initdb.d/*
2025-08-24T16:40:08.1524715Z  
2025-08-24T16:40:08.1524941Z  2025-08-24 16:39:15.043 UTC [48] LOG:  received fast shutdown request
2025-08-24T16:40:08.1525408Z  waiting for server to shut down....2025-08-24 16:39:15.044 UTC [48] LOG:  aborting any active transactions
2025-08-24T16:40:08.1526018Z  2025-08-24 16:39:15.045 UTC [48] LOG:  background worker "logical replication launcher" (PID 54) exited with exit code 1
2025-08-24T16:40:08.1526490Z  2025-08-24 16:39:15.045 UTC [49] LOG:  shutting down
2025-08-24T16:40:08.1526841Z  2025-08-24 16:39:15.046 UTC [49] LOG:  checkpoint starting: shutdown immediate
2025-08-24T16:40:08.1527922Z  2025-08-24 16:39:15.066 UTC [49] LOG:  checkpoint complete: wrote 922 buffers (5.6%); 0 WAL file(s) added, 0 removed, 0 recycled; write=0.014 s, sync=0.005 s, total=0.021 s; sync files=301, longest=0.003 s, average=0.001 s; distance=4239 kB, estimate=4239 kB
2025-08-24T16:40:08.1528947Z  2025-08-24 16:39:15.072 UTC [48] LOG:  database system is shut down
2025-08-24T16:40:08.1529384Z   done
2025-08-24T16:40:08.1529548Z  server stopped
2025-08-24T16:40:08.1529719Z  
2025-08-24T16:40:08.1529935Z  PostgreSQL init process complete; ready for start up.
2025-08-24T16:40:08.1530202Z  
2025-08-24T16:40:08.1530460Z  2025-08-24 16:39:15.165 UTC [1] LOG:  listening on IPv4 address "0.0.0.0", port 5432
2025-08-24T16:40:08.1530877Z  2025-08-24 16:39:15.165 UTC [1] LOG:  listening on IPv6 address "::", port 5432
2025-08-24T16:40:08.1531343Z  2025-08-24 16:39:15.166 UTC [1] LOG:  listening on Unix socket "/var/run/postgresql/.s.PGSQL.5432"
2025-08-24T16:40:08.1531878Z  2025-08-24 16:39:15.169 UTC [64] LOG:  database system was shut down at 2025-08-24 16:39:15 UTC
2025-08-24T16:40:08.1532330Z  2025-08-24 16:39:15.173 UTC [1] LOG:  database system is ready to accept connections
2025-08-24T16:40:08.1539605Z Stop and remove container: e59b7f15015c4322b52b3644cbfe84f4_postgres15_a3f5ed
2025-08-24T16:40:08.1544087Z ##[command]/usr/bin/docker rm --force d97a00c6d960975f5e6f01e0aff0b134408d0056d22a09092b6a584f34d9c8d1
2025-08-24T16:40:09.3015358Z d97a00c6d960975f5e6f01e0aff0b134408d0056d22a09092b6a584f34d9c8d1
2025-08-24T16:40:09.3036144Z Print service container logs: c799312a952a408f9854a4659b15b2ca_redis7alpine_62042f
2025-08-24T16:40:09.3037072Z ##[command]/usr/bin/docker logs --details 103f5cf4abd7372611a810a24aa2cce93c7d49dc32e00f62936078bb1e7d5252
2025-08-24T16:40:09.3159165Z  1:C 24 Aug 2025 16:39:16.800 # WARNING Memory overcommit must be enabled! Without it, a background save or replication may fail under low memory condition. Being disabled, it can also cause failures without low memory condition, see https://github.com/jemalloc/jemalloc/issues/1328. To fix this issue add 'vm.overcommit_memory = 1' to /etc/sysctl.conf and then reboot or run the command 'sysctl vm.overcommit_memory=1' for this to take effect.
2025-08-24T16:40:09.3160810Z  1:C 24 Aug 2025 16:39:16.800 * oO0OoO0OoO0Oo Redis is starting oO0OoO0OoO0Oo
2025-08-24T16:40:09.3161302Z  1:C 24 Aug 2025 16:39:16.800 * Redis version=7.4.5, bits=64, commit=00000000, modified=0, pid=1, just started
2025-08-24T16:40:09.3162031Z  1:C 24 Aug 2025 16:39:16.800 # Warning: no config file specified, using the default config. In order to specify a config file use redis-server /path/to/redis.conf
2025-08-24T16:40:09.3162653Z  1:M 24 Aug 2025 16:39:16.800 * monotonic clock: POSIX clock_gettime
2025-08-24T16:40:09.3163012Z  1:M 24 Aug 2025 16:39:16.801 * Running mode=standalone, port=6379.
2025-08-24T16:40:09.3163322Z  1:M 24 Aug 2025 16:39:16.801 * Server initialized
2025-08-24T16:40:09.3163638Z  1:M 24 Aug 2025 16:39:16.801 * Ready to accept connections tcp
2025-08-24T16:40:09.3170090Z Stop and remove container: c799312a952a408f9854a4659b15b2ca_redis7alpine_62042f
2025-08-24T16:40:09.3170845Z ##[command]/usr/bin/docker rm --force 103f5cf4abd7372611a810a24aa2cce93c7d49dc32e00f62936078bb1e7d5252
2025-08-24T16:40:09.4285761Z 103f5cf4abd7372611a810a24aa2cce93c7d49dc32e00f62936078bb1e7d5252
2025-08-24T16:40:09.4309722Z Remove container network: github_network_71d87ef4f75f43a09ae9203975d4e194
2025-08-24T16:40:09.4314077Z ##[command]/usr/bin/docker network rm github_network_71d87ef4f75f43a09ae9203975d4e194
2025-08-24T16:40:09.5303493Z github_network_71d87ef4f75f43a09ae9203975d4e194
2025-08-24T16:40:09.5361067Z Cleaning up orphan processes
