2025-08-21T21:27:15.5894766Z Current runner version: '2.328.0'
2025-08-21T21:27:15.5928443Z ##[group]Runner Image Provisioner
2025-08-21T21:27:15.5929706Z Hosted Compute Agent
2025-08-21T21:27:15.5930754Z Version: 20250818.377
2025-08-21T21:27:15.5932035Z Commit: 3c593e9f75fe0b87e893bca80d6e12ba089c61fc
2025-08-21T21:27:15.5933157Z Build Date: 2025-08-18T14:52:18Z
2025-08-21T21:27:15.5934220Z ##[endgroup]
2025-08-21T21:27:15.5935139Z ##[group]Operating System
2025-08-21T21:27:15.5935993Z Ubuntu
2025-08-21T21:27:15.5937259Z 24.04.2
2025-08-21T21:27:15.5937976Z LTS
2025-08-21T21:27:15.5938762Z ##[endgroup]
2025-08-21T21:27:15.5939691Z ##[group]Runner Image
2025-08-21T21:27:15.5940758Z Image: ubuntu-24.04
2025-08-21T21:27:15.5941799Z Version: 20250818.1.0
2025-08-21T21:27:15.5943737Z Included Software: https://github.com/actions/runner-images/blob/ubuntu24/20250818.1/images/ubuntu/Ubuntu2404-Readme.md
2025-08-21T21:27:15.5946655Z Image Release: https://github.com/actions/runner-images/releases/tag/ubuntu24%2F20250818.1
2025-08-21T21:27:15.5948665Z ##[endgroup]
2025-08-21T21:27:15.5953240Z ##[group]GITHUB_TOKEN Permissions
2025-08-21T21:27:15.5956574Z Actions: write
2025-08-21T21:27:15.5957455Z Attestations: write
2025-08-21T21:27:15.5958396Z Checks: write
2025-08-21T21:27:15.5959270Z Contents: write
2025-08-21T21:27:15.5960153Z Deployments: write
2025-08-21T21:27:15.5961285Z Discussions: write
2025-08-21T21:27:15.5962351Z Issues: write
2025-08-21T21:27:15.5963364Z Metadata: read
2025-08-21T21:27:15.5964286Z Models: read
2025-08-21T21:27:15.5965257Z Packages: write
2025-08-21T21:27:15.5966095Z Pages: write
2025-08-21T21:27:15.5966916Z PullRequests: write
2025-08-21T21:27:15.5967792Z RepositoryProjects: write
2025-08-21T21:27:15.5968996Z SecurityEvents: write
2025-08-21T21:27:15.5970122Z Statuses: write
2025-08-21T21:27:15.5971145Z ##[endgroup]
2025-08-21T21:27:15.5974343Z Secret source: Actions
2025-08-21T21:27:15.5975813Z Prepare workflow directory
2025-08-21T21:27:15.6617345Z Prepare all required actions
2025-08-21T21:27:15.6672770Z Getting action download info
2025-08-21T21:27:15.9173556Z Download action repository 'actions/checkout@v5' (SHA:08c6903cd8c0fde910a37f88322edcfb5dd907a8)
2025-08-21T21:27:16.1124151Z Download action repository 'actions/setup-python@v5' (SHA:a26af69be951a213d495a4c3e4e4022e16d87065)
2025-08-21T21:27:16.3978588Z Complete job name: migrations-check
2025-08-21T21:27:16.4476785Z ##[group]Checking docker version
2025-08-21T21:27:16.4489944Z ##[command]/usr/bin/docker version --format '{{.Server.APIVersion}}'
2025-08-21T21:27:16.5488180Z '1.48'
2025-08-21T21:27:16.5501903Z Docker daemon API version: '1.48'
2025-08-21T21:27:16.5502656Z ##[command]/usr/bin/docker version --format '{{.Client.APIVersion}}'
2025-08-21T21:27:16.5662689Z '1.48'
2025-08-21T21:27:16.5678718Z Docker client API version: '1.48'
2025-08-21T21:27:16.5683866Z ##[endgroup]
2025-08-21T21:27:16.5686796Z ##[group]Clean up resources from previous jobs
2025-08-21T21:27:16.5692121Z ##[command]/usr/bin/docker ps --all --quiet --no-trunc --filter "label=c49e48"
2025-08-21T21:27:16.5833864Z ##[command]/usr/bin/docker network prune --force --filter "label=c49e48"
2025-08-21T21:27:16.5969711Z ##[endgroup]
2025-08-21T21:27:16.5970561Z ##[group]Create local container network
2025-08-21T21:27:16.5985060Z ##[command]/usr/bin/docker network create --label c49e48 github_network_3df2e2f35cf648c0bf600b27bc6e53f6
2025-08-21T21:27:16.6521471Z 09f8da23b38a664c8310b6d9b605b6eec2a7216aba8054e5cb95b79d02178968
2025-08-21T21:27:16.6546242Z ##[endgroup]
2025-08-21T21:27:16.6570328Z ##[group]Starting postgres service container
2025-08-21T21:27:16.6589374Z ##[command]/usr/bin/docker pull postgres:15
2025-08-21T21:27:17.0617623Z 15: Pulling from library/postgres
2025-08-21T21:27:17.1670512Z 396b1da7636e: Pulling fs layer
2025-08-21T21:27:17.1672224Z fca2566eba32: Pulling fs layer
2025-08-21T21:27:17.1673472Z 631fe8c6d606: Pulling fs layer
2025-08-21T21:27:17.1674657Z 77c7671c4414: Pulling fs layer
2025-08-21T21:27:17.1675522Z 2d9e29180a27: Pulling fs layer
2025-08-21T21:27:17.1676232Z c6bcc2c9a041: Pulling fs layer
2025-08-21T21:27:17.1677266Z ac4b721eb66f: Pulling fs layer
2025-08-21T21:27:17.1677967Z 606bd164980e: Pulling fs layer
2025-08-21T21:27:17.1678667Z f5dfd246bc6e: Pulling fs layer
2025-08-21T21:27:17.1679393Z ba7036bb0a60: Pulling fs layer
2025-08-21T21:27:17.1680086Z 799f859abbbd: Pulling fs layer
2025-08-21T21:27:17.1680793Z d903e777080c: Pulling fs layer
2025-08-21T21:27:17.1681778Z 04adcb462801: Pulling fs layer
2025-08-21T21:27:17.1682488Z 5c10925b29ff: Pulling fs layer
2025-08-21T21:27:17.1683167Z 2d9e29180a27: Waiting
2025-08-21T21:27:17.1683822Z c6bcc2c9a041: Waiting
2025-08-21T21:27:17.1684475Z ac4b721eb66f: Waiting
2025-08-21T21:27:17.1685118Z 606bd164980e: Waiting
2025-08-21T21:27:17.1685777Z f5dfd246bc6e: Waiting
2025-08-21T21:27:17.1686428Z ba7036bb0a60: Waiting
2025-08-21T21:27:17.1687082Z 799f859abbbd: Waiting
2025-08-21T21:27:17.1687723Z d903e777080c: Waiting
2025-08-21T21:27:17.1688370Z 04adcb462801: Waiting
2025-08-21T21:27:17.1689013Z 5c10925b29ff: Waiting
2025-08-21T21:27:17.1689718Z 77c7671c4414: Waiting
2025-08-21T21:27:17.3222359Z fca2566eba32: Download complete
2025-08-21T21:27:17.3247177Z 631fe8c6d606: Verifying Checksum
2025-08-21T21:27:17.3248983Z 631fe8c6d606: Download complete
2025-08-21T21:27:17.4443097Z 77c7671c4414: Verifying Checksum
2025-08-21T21:27:17.4444784Z 77c7671c4414: Download complete
2025-08-21T21:27:17.6363094Z 2d9e29180a27: Download complete
2025-08-21T21:27:17.6968899Z c6bcc2c9a041: Verifying Checksum
2025-08-21T21:27:17.6970275Z c6bcc2c9a041: Download complete
2025-08-21T21:27:17.7453176Z ac4b721eb66f: Verifying Checksum
2025-08-21T21:27:17.7455480Z ac4b721eb66f: Download complete
2025-08-21T21:27:17.8592666Z 606bd164980e: Verifying Checksum
2025-08-21T21:27:17.8594419Z 606bd164980e: Download complete
2025-08-21T21:27:17.8763957Z 396b1da7636e: Verifying Checksum
2025-08-21T21:27:17.8765669Z 396b1da7636e: Download complete
2025-08-21T21:27:17.9616226Z ba7036bb0a60: Verifying Checksum
2025-08-21T21:27:17.9618175Z ba7036bb0a60: Download complete
2025-08-21T21:27:17.9847850Z 799f859abbbd: Verifying Checksum
2025-08-21T21:27:17.9853538Z 799f859abbbd: Download complete
2025-08-21T21:27:18.0902107Z 04adcb462801: Verifying Checksum
2025-08-21T21:27:18.0903949Z 04adcb462801: Download complete
2025-08-21T21:27:18.1417706Z d903e777080c: Download complete
2025-08-21T21:27:18.2087709Z 5c10925b29ff: Verifying Checksum
2025-08-21T21:27:18.2090851Z 5c10925b29ff: Download complete
2025-08-21T21:27:18.8879932Z 396b1da7636e: Pull complete
2025-08-21T21:27:19.9643119Z f5dfd246bc6e: Verifying Checksum
2025-08-21T21:27:19.9643646Z f5dfd246bc6e: Download complete
2025-08-21T21:27:20.4673853Z fca2566eba32: Pull complete
2025-08-21T21:27:20.6434708Z 631fe8c6d606: Pull complete
2025-08-21T21:27:20.6873880Z 77c7671c4414: Pull complete
2025-08-21T21:27:20.9855927Z 2d9e29180a27: Pull complete
2025-08-21T21:27:21.0677709Z c6bcc2c9a041: Pull complete
2025-08-21T21:27:21.0769407Z ac4b721eb66f: Pull complete
2025-08-21T21:27:21.0879146Z 606bd164980e: Pull complete
2025-08-21T21:27:23.9607198Z f5dfd246bc6e: Pull complete
2025-08-21T21:27:23.9774558Z ba7036bb0a60: Pull complete
2025-08-21T21:27:23.9877966Z 799f859abbbd: Pull complete
2025-08-21T21:27:23.9975285Z d903e777080c: Pull complete
2025-08-21T21:27:24.0082257Z 04adcb462801: Pull complete
2025-08-21T21:27:24.0186234Z 5c10925b29ff: Pull complete
2025-08-21T21:27:24.0227277Z Digest: sha256:bc51cf4f1fe02cce7ed2370b20128a9b00b4eb804573a77d2a0d877aaa9c82b1
2025-08-21T21:27:24.0243091Z Status: Downloaded newer image for postgres:15
2025-08-21T21:27:24.0254936Z docker.io/library/postgres:15
2025-08-21T21:27:24.0314693Z ##[command]/usr/bin/docker create --name f41ea7a94f974317838ccfd3b87c27b2_postgres15_60565e --label c49e48 --network github_network_3df2e2f35cf648c0bf600b27bc6e53f6 --network-alias postgres -p 5432:5432 --health-cmd="pg_isready -U postgres -d awa" --health-interval=5s --health-timeout=5s --health-retries=10 -e "POSTGRES_USER=postgres" -e "POSTGRES_PASSWORD=pass" -e "POSTGRES_DB=awa" -e GITHUB_ACTIONS=true -e CI=true postgres:15
2025-08-21T21:27:24.0566741Z f1dddc1aab4b4c5cd8cbd38b57d29c7823aaf383c72fb6a99f661b861d3caaa8
2025-08-21T21:27:24.0588196Z ##[command]/usr/bin/docker start f1dddc1aab4b4c5cd8cbd38b57d29c7823aaf383c72fb6a99f661b861d3caaa8
2025-08-21T21:27:24.4780202Z f1dddc1aab4b4c5cd8cbd38b57d29c7823aaf383c72fb6a99f661b861d3caaa8
2025-08-21T21:27:24.4801986Z ##[command]/usr/bin/docker ps --all --filter id=f1dddc1aab4b4c5cd8cbd38b57d29c7823aaf383c72fb6a99f661b861d3caaa8 --filter status=running --no-trunc --format "{{.ID}} {{.Status}}"
2025-08-21T21:27:24.4942054Z f1dddc1aab4b4c5cd8cbd38b57d29c7823aaf383c72fb6a99f661b861d3caaa8 Up Less than a second (health: starting)
2025-08-21T21:27:24.4962776Z ##[command]/usr/bin/docker port f1dddc1aab4b4c5cd8cbd38b57d29c7823aaf383c72fb6a99f661b861d3caaa8
2025-08-21T21:27:24.5093593Z 5432/tcp -> 0.0.0.0:5432
2025-08-21T21:27:24.5094127Z 5432/tcp -> [::]:5432
2025-08-21T21:27:24.5140752Z ##[endgroup]
2025-08-21T21:27:24.5141936Z ##[group]Starting redis service container
2025-08-21T21:27:24.5143343Z ##[command]/usr/bin/docker pull redis:7-alpine
2025-08-21T21:27:24.8885381Z 7-alpine: Pulling from library/redis
2025-08-21T21:27:25.0002990Z 0368fd46e3c6: Pulling fs layer
2025-08-21T21:27:25.0003671Z 4c55286bbede: Pulling fs layer
2025-08-21T21:27:25.0004367Z 5e28347af205: Pulling fs layer
2025-08-21T21:27:25.0004777Z 311eca34042e: Pulling fs layer
2025-08-21T21:27:25.0005159Z e6fe6f07e192: Pulling fs layer
2025-08-21T21:27:25.0005506Z a2cadbfeca72: Pulling fs layer
2025-08-21T21:27:25.0005863Z 4f4fb700ef54: Pulling fs layer
2025-08-21T21:27:25.0006211Z a976ed7e7808: Pulling fs layer
2025-08-21T21:27:25.0006554Z e6fe6f07e192: Waiting
2025-08-21T21:27:25.0006858Z a2cadbfeca72: Waiting
2025-08-21T21:27:25.0007169Z 4f4fb700ef54: Waiting
2025-08-21T21:27:25.0007471Z a976ed7e7808: Waiting
2025-08-21T21:27:25.0007764Z 311eca34042e: Waiting
2025-08-21T21:27:25.1230713Z 4c55286bbede: Download complete
2025-08-21T21:27:25.1278861Z 5e28347af205: Verifying Checksum
2025-08-21T21:27:25.1279283Z 5e28347af205: Download complete
2025-08-21T21:27:25.1358542Z 0368fd46e3c6: Download complete
2025-08-21T21:27:25.2349751Z 311eca34042e: Download complete
2025-08-21T21:27:25.2439461Z a2cadbfeca72: Verifying Checksum
2025-08-21T21:27:25.2439936Z a2cadbfeca72: Download complete
2025-08-21T21:27:25.2462667Z 0368fd46e3c6: Pull complete
2025-08-21T21:27:25.2739770Z 4c55286bbede: Pull complete
2025-08-21T21:27:25.3424061Z 4f4fb700ef54: Verifying Checksum
2025-08-21T21:27:25.3424628Z 4f4fb700ef54: Download complete
2025-08-21T21:27:25.3546319Z a976ed7e7808: Verifying Checksum
2025-08-21T21:27:25.3547168Z a976ed7e7808: Download complete
2025-08-21T21:27:25.3996816Z e6fe6f07e192: Verifying Checksum
2025-08-21T21:27:25.3997311Z e6fe6f07e192: Download complete
2025-08-21T21:27:25.4539648Z 5e28347af205: Pull complete
2025-08-21T21:27:25.4810854Z 311eca34042e: Pull complete
2025-08-21T21:27:25.6599677Z e6fe6f07e192: Pull complete
2025-08-21T21:27:25.6682638Z a2cadbfeca72: Pull complete
2025-08-21T21:27:25.6748373Z 4f4fb700ef54: Pull complete
2025-08-21T21:27:25.6836391Z a976ed7e7808: Pull complete
2025-08-21T21:27:25.6868608Z Digest: sha256:bb186d083732f669da90be8b0f975a37812b15e913465bb14d845db72a4e3e08
2025-08-21T21:27:25.6878574Z Status: Downloaded newer image for redis:7-alpine
2025-08-21T21:27:25.6885827Z docker.io/library/redis:7-alpine
2025-08-21T21:27:25.6902756Z ##[command]/usr/bin/docker create --name b43b14dac81b484d93a051b607227e25_redis7alpine_a8cc23 --label c49e48 --network github_network_3df2e2f35cf648c0bf600b27bc6e53f6 --network-alias redis -p 6379:6379  -e GITHUB_ACTIONS=true -e CI=true redis:7-alpine
2025-08-21T21:27:25.7124494Z 6947ad047d6c481e7a97e58e686b6c2d252d087e61e5b366c162612f77a791f4
2025-08-21T21:27:25.7138531Z ##[command]/usr/bin/docker start 6947ad047d6c481e7a97e58e686b6c2d252d087e61e5b366c162612f77a791f4
2025-08-21T21:27:25.8430054Z 6947ad047d6c481e7a97e58e686b6c2d252d087e61e5b366c162612f77a791f4
2025-08-21T21:27:25.8449308Z ##[command]/usr/bin/docker ps --all --filter id=6947ad047d6c481e7a97e58e686b6c2d252d087e61e5b366c162612f77a791f4 --filter status=running --no-trunc --format "{{.ID}} {{.Status}}"
2025-08-21T21:27:25.8622108Z 6947ad047d6c481e7a97e58e686b6c2d252d087e61e5b366c162612f77a791f4 Up Less than a second
2025-08-21T21:27:25.8634962Z ##[command]/usr/bin/docker port 6947ad047d6c481e7a97e58e686b6c2d252d087e61e5b366c162612f77a791f4
2025-08-21T21:27:25.8747370Z 6379/tcp -> 0.0.0.0:6379
2025-08-21T21:27:25.8747835Z 6379/tcp -> [::]:6379
2025-08-21T21:27:25.8760569Z ##[endgroup]
2025-08-21T21:27:25.8771376Z ##[group]Waiting for all services to be ready
2025-08-21T21:27:25.8784469Z ##[command]/usr/bin/docker inspect --format="{{if .Config.Healthcheck}}{{print .State.Health.Status}}{{end}}" f1dddc1aab4b4c5cd8cbd38b57d29c7823aaf383c72fb6a99f661b861d3caaa8
2025-08-21T21:27:25.8893291Z starting
2025-08-21T21:27:25.8915111Z postgres service is starting, waiting 2 seconds before checking again.
2025-08-21T21:27:27.8918299Z ##[command]/usr/bin/docker inspect --format="{{if .Config.Healthcheck}}{{print .State.Health.Status}}{{end}}" f1dddc1aab4b4c5cd8cbd38b57d29c7823aaf383c72fb6a99f661b861d3caaa8
2025-08-21T21:27:27.9097226Z starting
2025-08-21T21:27:27.9110454Z postgres service is starting, waiting 4 seconds before checking again.
2025-08-21T21:27:31.9429024Z ##[command]/usr/bin/docker inspect --format="{{if .Config.Healthcheck}}{{print .State.Health.Status}}{{end}}" f1dddc1aab4b4c5cd8cbd38b57d29c7823aaf383c72fb6a99f661b861d3caaa8
2025-08-21T21:27:31.9546001Z healthy
2025-08-21T21:27:31.9562111Z postgres service is healthy.
2025-08-21T21:27:31.9562880Z ##[command]/usr/bin/docker inspect --format="{{if .Config.Healthcheck}}{{print .State.Health.Status}}{{end}}" 6947ad047d6c481e7a97e58e686b6c2d252d087e61e5b366c162612f77a791f4
2025-08-21T21:27:31.9682195Z redis service is healthy.
2025-08-21T21:27:31.9682510Z ##[endgroup]
2025-08-21T21:27:31.9985922Z ##[group]Run actions/checkout@v5
2025-08-21T21:27:31.9986436Z with:
2025-08-21T21:27:31.9986637Z   repository: AlexBomber12/AWA-App
2025-08-21T21:27:31.9986996Z   token: ***
2025-08-21T21:27:31.9987182Z   ssh-strict: true
2025-08-21T21:27:31.9987360Z   ssh-user: git
2025-08-21T21:27:31.9987541Z   persist-credentials: true
2025-08-21T21:27:31.9987738Z   clean: true
2025-08-21T21:27:31.9987918Z   sparse-checkout-cone-mode: true
2025-08-21T21:27:31.9988135Z   fetch-depth: 1
2025-08-21T21:27:31.9988298Z   fetch-tags: false
2025-08-21T21:27:31.9988473Z   show-progress: true
2025-08-21T21:27:31.9988643Z   lfs: false
2025-08-21T21:27:31.9988797Z   submodules: false
2025-08-21T21:27:31.9988965Z   set-safe-directory: true
2025-08-21T21:27:31.9989322Z env:
2025-08-21T21:27:31.9989534Z   REDIS_URL: redis://localhost:6379/0
2025-08-21T21:27:31.9989797Z   RATE_LIMIT_DEFAULT: 100/minute
2025-08-21T21:27:31.9990000Z   TRUST_X_FORWARDED: 1
2025-08-21T21:27:31.9990175Z ##[endgroup]
2025-08-21T21:27:32.0889366Z Syncing repository: AlexBomber12/AWA-App
2025-08-21T21:27:32.0890552Z ##[group]Getting Git version info
2025-08-21T21:27:32.0891223Z Working directory is '/home/runner/work/AWA-App/AWA-App'
2025-08-21T21:27:32.0891760Z [command]/usr/bin/git version
2025-08-21T21:27:32.0945577Z git version 2.51.0
2025-08-21T21:27:32.0966048Z ##[endgroup]
2025-08-21T21:27:32.0979003Z Temporarily overriding HOME='/home/runner/work/_temp/394f4f7d-3ce3-4bdf-b305-ec87d0ffaa1b' before making global git config changes
2025-08-21T21:27:32.0979890Z Adding repository directory to the temporary git global config as a safe directory
2025-08-21T21:27:32.0983971Z [command]/usr/bin/git config --global --add safe.directory /home/runner/work/AWA-App/AWA-App
2025-08-21T21:27:32.1018238Z Deleting the contents of '/home/runner/work/AWA-App/AWA-App'
2025-08-21T21:27:32.1021728Z ##[group]Initializing the repository
2025-08-21T21:27:32.1025948Z [command]/usr/bin/git init /home/runner/work/AWA-App/AWA-App
2025-08-21T21:27:32.1123185Z hint: Using 'master' as the name for the initial branch. This default branch name
2025-08-21T21:27:32.1123995Z hint: is subject to change. To configure the initial branch name to use in all
2025-08-21T21:27:32.1124799Z hint: of your new repositories, which will suppress this warning, call:
2025-08-21T21:27:32.1125117Z hint:
2025-08-21T21:27:32.1125377Z hint: 	git config --global init.defaultBranch <name>
2025-08-21T21:27:32.1125652Z hint:
2025-08-21T21:27:32.1125916Z hint: Names commonly chosen instead of 'master' are 'main', 'trunk' and
2025-08-21T21:27:32.1126356Z hint: 'development'. The just-created branch can be renamed via this command:
2025-08-21T21:27:32.1126701Z hint:
2025-08-21T21:27:32.1126876Z hint: 	git branch -m <name>
2025-08-21T21:27:32.1127150Z hint:
2025-08-21T21:27:32.1127644Z hint: Disable this message with "git config set advice.defaultBranchName false"
2025-08-21T21:27:32.1128383Z Initialized empty Git repository in /home/runner/work/AWA-App/AWA-App/.git/
2025-08-21T21:27:32.1138393Z [command]/usr/bin/git remote add origin https://github.com/AlexBomber12/AWA-App
2025-08-21T21:27:32.1174773Z ##[endgroup]
2025-08-21T21:27:32.1175363Z ##[group]Disabling automatic garbage collection
2025-08-21T21:27:32.1179073Z [command]/usr/bin/git config --local gc.auto 0
2025-08-21T21:27:32.1205221Z ##[endgroup]
2025-08-21T21:27:32.1205767Z ##[group]Setting up auth
2025-08-21T21:27:32.1212215Z [command]/usr/bin/git config --local --name-only --get-regexp core\.sshCommand
2025-08-21T21:27:32.1241664Z [command]/usr/bin/git submodule foreach --recursive sh -c "git config --local --name-only --get-regexp 'core\.sshCommand' && git config --local --unset-all 'core.sshCommand' || :"
2025-08-21T21:27:32.1697443Z [command]/usr/bin/git config --local --name-only --get-regexp http\.https\:\/\/github\.com\/\.extraheader
2025-08-21T21:27:32.1727306Z [command]/usr/bin/git submodule foreach --recursive sh -c "git config --local --name-only --get-regexp 'http\.https\:\/\/github\.com\/\.extraheader' && git config --local --unset-all 'http.https://github.com/.extraheader' || :"
2025-08-21T21:27:32.1943670Z [command]/usr/bin/git config --local http.https://github.com/.extraheader AUTHORIZATION: basic ***
2025-08-21T21:27:32.1977644Z ##[endgroup]
2025-08-21T21:27:32.1978153Z ##[group]Fetching the repository
2025-08-21T21:27:32.1987152Z [command]/usr/bin/git -c protocol.version=2 fetch --no-tags --prune --no-recurse-submodules --depth=1 origin +4b51fb034d22e92043345fb00768a1e9158c0c92:refs/remotes/pull/341/merge
2025-08-21T21:27:32.5238441Z From https://github.com/AlexBomber12/AWA-App
2025-08-21T21:27:32.5240305Z  * [new ref]         4b51fb034d22e92043345fb00768a1e9158c0c92 -> pull/341/merge
2025-08-21T21:27:32.5273766Z ##[endgroup]
2025-08-21T21:27:32.5274622Z ##[group]Determining the checkout info
2025-08-21T21:27:32.5275644Z ##[endgroup]
2025-08-21T21:27:32.5280596Z [command]/usr/bin/git sparse-checkout disable
2025-08-21T21:27:32.5322443Z [command]/usr/bin/git config --local --unset-all extensions.worktreeConfig
2025-08-21T21:27:32.5348813Z ##[group]Checking out the ref
2025-08-21T21:27:32.5353388Z [command]/usr/bin/git checkout --progress --force refs/remotes/pull/341/merge
2025-08-21T21:27:32.5639788Z Note: switching to 'refs/remotes/pull/341/merge'.
2025-08-21T21:27:32.5640628Z 
2025-08-21T21:27:32.5641391Z You are in 'detached HEAD' state. You can look around, make experimental
2025-08-21T21:27:32.5644942Z changes and commit them, and you can discard any commits you make in this
2025-08-21T21:27:32.5645781Z state without impacting any branches by switching back to a branch.
2025-08-21T21:27:32.5646249Z 
2025-08-21T21:27:32.5646547Z If you want to create a new branch to retain commits you create, you may
2025-08-21T21:27:32.5647281Z do so (now or later) by using -c with the switch command. Example:
2025-08-21T21:27:32.5647707Z 
2025-08-21T21:27:32.5647878Z   git switch -c <new-branch-name>
2025-08-21T21:27:32.5648178Z 
2025-08-21T21:27:32.5648340Z Or undo this operation with:
2025-08-21T21:27:32.5648597Z 
2025-08-21T21:27:32.5648756Z   git switch -
2025-08-21T21:27:32.5648972Z 
2025-08-21T21:27:32.5649306Z Turn off this advice by setting config variable advice.detachedHead to false
2025-08-21T21:27:32.5649804Z 
2025-08-21T21:27:32.5650692Z HEAD is now at 4b51fb0 Merge 381d3a2ef2db215f8abd9024dd26fd787f500ae1 into f3a9d3c9fecb12bed229d9eb535f6979f1799feb
2025-08-21T21:27:32.5652755Z ##[endgroup]
2025-08-21T21:27:32.5693814Z [command]/usr/bin/git log -1 --format=%H
2025-08-21T21:27:32.5717888Z 4b51fb034d22e92043345fb00768a1e9158c0c92
2025-08-21T21:27:32.5881977Z ##[group]Run cat .env.ci >> "$GITHUB_ENV"
2025-08-21T21:27:32.5882327Z [36;1mcat .env.ci >> "$GITHUB_ENV"[0m
2025-08-21T21:27:32.5883105Z [36;1mecho "DATABASE_URL=***localhost:5432/awa" >> "$GITHUB_ENV"[0m
2025-08-21T21:27:32.5883456Z [36;1mecho "PG_HOST=localhost" >> "$GITHUB_ENV"[0m
2025-08-21T21:27:32.5883734Z [36;1mecho "PG_PORT=5432" >> "$GITHUB_ENV"[0m
2025-08-21T21:27:32.5884008Z [36;1mecho "PG_USER=postgres" >> "$GITHUB_ENV"[0m
2025-08-21T21:27:32.5884305Z [36;1mecho "PG_PASSWORD=pass" >> "$GITHUB_ENV"[0m
2025-08-21T21:27:32.5884578Z [36;1mecho "PG_DATABASE=awa" >> "$GITHUB_ENV"[0m
2025-08-21T21:27:32.5928182Z shell: /usr/bin/bash -e {0}
2025-08-21T21:27:32.5928425Z env:
2025-08-21T21:27:32.5928617Z   REDIS_URL: redis://localhost:6379/0
2025-08-21T21:27:32.5928871Z   RATE_LIMIT_DEFAULT: 100/minute
2025-08-21T21:27:32.5929082Z   TRUST_X_FORWARDED: 1
2025-08-21T21:27:32.5929259Z ##[endgroup]
2025-08-21T21:27:32.6101551Z ##[group]Run actions/setup-python@v5
2025-08-21T21:27:32.6101837Z with:
2025-08-21T21:27:32.6102006Z   python-version: 3.12
2025-08-21T21:27:32.6102210Z   cache: pip
2025-08-21T21:27:32.6102414Z   cache-dependency-path: requirements-dev.txt
2025-08-21T21:27:32.6102683Z   check-latest: false
2025-08-21T21:27:32.6102993Z   token: ***
2025-08-21T21:27:32.6103185Z   update-environment: true
2025-08-21T21:27:32.6103402Z   allow-prereleases: false
2025-08-21T21:27:32.6103595Z   freethreaded: false
2025-08-21T21:27:32.6103772Z env:
2025-08-21T21:27:32.6103951Z   REDIS_URL: redis://localhost:6379/0
2025-08-21T21:27:32.6104203Z   RATE_LIMIT_DEFAULT: 100/minute
2025-08-21T21:27:32.6104405Z   TRUST_X_FORWARDED: 1
2025-08-21T21:27:32.6104588Z   PG_USER: postgres
2025-08-21T21:27:32.6104772Z   PG_PASSWORD: pass
2025-08-21T21:27:32.6104945Z   PG_DATABASE: awa
2025-08-21T21:27:32.6105109Z   PG_HOST: localhost
2025-08-21T21:27:32.6105304Z   PG_PORT: 5432
2025-08-21T21:27:32.6105693Z   PG_SYNC_DSN: ***localhost:5432/awa
2025-08-21T21:27:32.6106070Z   PG_ASYNC_DSN: ***localhost:5432/awa
2025-08-21T21:27:32.6106449Z   DATABASE_URL: ***localhost:5432/awa
2025-08-21T21:27:32.6106667Z   DATA_DIR: /tmp/awa-data
2025-08-21T21:27:32.6106862Z   ENABLE_LIVE: 0
2025-08-21T21:27:32.6107021Z   TESTING: 1
2025-08-21T21:27:32.6107178Z ##[endgroup]
2025-08-21T21:27:32.7758336Z ##[group]Installed versions
2025-08-21T21:27:32.8431575Z Successfully set up CPython (3.12.11)
2025-08-21T21:27:32.8432245Z ##[endgroup]
2025-08-21T21:27:32.8840364Z [command]/opt/hostedtoolcache/Python/3.12.11/x64/bin/pip cache dir
2025-08-21T21:27:37.3953371Z /home/runner/.cache/pip
2025-08-21T21:27:37.5818359Z Cache hit for: setup-python-Linux-x64-24.04-Ubuntu-python-3.12.11-pip-cc13ccef493b9f3a93ad5651164d9fb09282c1111f6f72ce20e0657de16de6b4
2025-08-21T21:27:38.7772912Z Received 83886080 of 376053341 (22.3%), 79.9 MBs/sec
2025-08-21T21:27:39.7780450Z Received 222298112 of 376053341 (59.1%), 105.9 MBs/sec
2025-08-21T21:27:40.7783777Z Received 371859037 of 376053341 (98.9%), 118.1 MBs/sec
2025-08-21T21:27:40.8954423Z Received 376053341 of 376053341 (100.0%), 115.0 MBs/sec
2025-08-21T21:27:40.8956420Z Cache Size: ~359 MB (376053341 B)
2025-08-21T21:27:40.8996107Z [command]/usr/bin/tar -xf /home/runner/work/_temp/b2897602-0536-466b-9c4c-f159a1af08a8/cache.tzst -P -C /home/runner/work/AWA-App/AWA-App --use-compress-program unzstd
2025-08-21T21:27:41.5181909Z Cache restored successfully
2025-08-21T21:27:41.5883828Z Cache restored from key: setup-python-Linux-x64-24.04-Ubuntu-python-3.12.11-pip-cc13ccef493b9f3a93ad5651164d9fb09282c1111f6f72ce20e0657de16de6b4
2025-08-21T21:27:41.6046534Z ##[group]Run pip install --break-system-packages -r requirements-dev.txt
2025-08-21T21:27:41.6047060Z [36;1mpip install --break-system-packages -r requirements-dev.txt[0m
2025-08-21T21:27:41.6047694Z [36;1mpip install --break-system-packages keepa==1.3.15 minio==7.1.15[0m
2025-08-21T21:27:41.6090449Z shell: /usr/bin/bash -e {0}
2025-08-21T21:27:41.6090679Z env:
2025-08-21T21:27:41.6091081Z   REDIS_URL: redis://localhost:6379/0
2025-08-21T21:27:41.6091368Z   RATE_LIMIT_DEFAULT: 100/minute
2025-08-21T21:27:41.6091594Z   TRUST_X_FORWARDED: 1
2025-08-21T21:27:41.6091797Z   PG_USER: postgres
2025-08-21T21:27:41.6091990Z   PG_PASSWORD: pass
2025-08-21T21:27:41.6092165Z   PG_DATABASE: awa
2025-08-21T21:27:41.6092345Z   PG_HOST: localhost
2025-08-21T21:27:41.6092530Z   PG_PORT: 5432
2025-08-21T21:27:41.6093009Z   PG_SYNC_DSN: ***localhost:5432/awa
2025-08-21T21:27:41.6093460Z   PG_ASYNC_DSN: ***localhost:5432/awa
2025-08-21T21:27:41.6093842Z   DATABASE_URL: ***localhost:5432/awa
2025-08-21T21:27:41.6094108Z   DATA_DIR: /tmp/awa-data
2025-08-21T21:27:41.6094307Z   ENABLE_LIVE: 0
2025-08-21T21:27:41.6094480Z   TESTING: 1
2025-08-21T21:27:41.6094720Z   pythonLocation: /opt/hostedtoolcache/Python/3.12.11/x64
2025-08-21T21:27:41.6095131Z   PKG_CONFIG_PATH: /opt/hostedtoolcache/Python/3.12.11/x64/lib/pkgconfig
2025-08-21T21:27:41.6095517Z   Python_ROOT_DIR: /opt/hostedtoolcache/Python/3.12.11/x64
2025-08-21T21:27:41.6095863Z   Python2_ROOT_DIR: /opt/hostedtoolcache/Python/3.12.11/x64
2025-08-21T21:27:41.6096211Z   Python3_ROOT_DIR: /opt/hostedtoolcache/Python/3.12.11/x64
2025-08-21T21:27:41.6096568Z   LD_LIBRARY_PATH: /opt/hostedtoolcache/Python/3.12.11/x64/lib
2025-08-21T21:27:41.6096851Z ##[endgroup]
2025-08-21T21:27:44.6477307Z Collecting Jinja2==3.1.6 (from -r requirements-dev.txt (line 2))
2025-08-21T21:27:44.6490035Z   Using cached jinja2-3.1.6-py3-none-any.whl.metadata (2.9 kB)
2025-08-21T21:27:44.6770497Z Collecting alembic==1.16.4 (from -r requirements-dev.txt (line 3))
2025-08-21T21:27:44.6782378Z   Using cached alembic-1.16.4-py3-none-any.whl.metadata (7.3 kB)
2025-08-21T21:27:44.6931765Z Collecting apscheduler==3.10.4 (from -r requirements-dev.txt (line 4))
2025-08-21T21:27:44.6944663Z   Using cached APScheduler-3.10.4-py3-none-any.whl.metadata (5.7 kB)
2025-08-21T21:27:44.7123260Z Collecting asgi-correlation-id==4.3.1 (from -r requirements-dev.txt (line 5))
2025-08-21T21:27:44.7135672Z   Using cached asgi_correlation_id-4.3.1-py3-none-any.whl.metadata (28 kB)
2025-08-21T21:27:44.7576247Z Collecting asyncpg==0.30.0 (from -r requirements-dev.txt (line 6))
2025-08-21T21:27:44.7588738Z   Using cached asyncpg-0.30.0-cp312-cp312-manylinux_2_17_x86_64.manylinux2014_x86_64.whl.metadata (5.0 kB)
2025-08-21T21:27:44.8047988Z Collecting black==25.1.0 (from -r requirements-dev.txt (line 7))
2025-08-21T21:27:44.8059729Z   Using cached black-25.1.0-cp312-cp312-manylinux_2_17_x86_64.manylinux2014_x86_64.manylinux_2_28_x86_64.whl.metadata (81 kB)
2025-08-21T21:27:45.1467857Z Collecting boto3 (from -r requirements-dev.txt (line 8))
2025-08-21T21:27:45.2379117Z   Downloading boto3-1.40.15-py3-none-any.whl.metadata (6.7 kB)
2025-08-21T21:27:45.2694490Z Collecting redis==6.* (from -r requirements-dev.txt (line 9))
2025-08-21T21:27:45.2705334Z   Using cached redis-6.4.0-py3-none-any.whl.metadata (10 kB)
2025-08-21T21:27:45.3023626Z Collecting minio==7.* (from -r requirements-dev.txt (line 10))
2025-08-21T21:27:45.3034470Z   Using cached minio-7.2.16-py3-none-any.whl.metadata (6.5 kB)
2025-08-21T21:27:45.3168147Z Collecting vulture==2.10 (from -r requirements-dev.txt (line 11))
2025-08-21T21:27:45.3179276Z   Using cached vulture-2.10-py2.py3-none-any.whl.metadata (23 kB)
2025-08-21T21:27:45.3493078Z Collecting celery==5.5.3 (from -r requirements-dev.txt (line 12))
2025-08-21T21:27:45.3503819Z   Using cached celery-5.5.3-py3-none-any.whl.metadata (22 kB)
2025-08-21T21:27:45.4057523Z Collecting fastapi==0.116.1 (from -r requirements-dev.txt (line 13))
2025-08-21T21:27:45.4069082Z   Using cached fastapi-0.116.1-py3-none-any.whl.metadata (28 kB)
2025-08-21T21:27:45.4215788Z Collecting fastapi-limiter==0.1.6 (from -r requirements-dev.txt (line 15))
2025-08-21T21:27:45.4226932Z   Using cached fastapi_limiter-0.1.6-py3-none-any.whl.metadata (5.3 kB)
2025-08-21T21:27:45.4415200Z Collecting httpx<0.29,>=0.27 (from -r requirements-dev.txt (line 16))
2025-08-21T21:27:45.4426592Z   Using cached httpx-0.28.1-py3-none-any.whl.metadata (7.1 kB)
2025-08-21T21:27:45.4537408Z Collecting imapclient==3.0.1 (from -r requirements-dev.txt (line 17))
2025-08-21T21:27:45.4548652Z   Using cached IMAPClient-3.0.1-py2.py3-none-any.whl.metadata (1.7 kB)
2025-08-21T21:27:45.4637036Z Collecting itsdangerous (from -r requirements-dev.txt (line 18))
2025-08-21T21:27:45.4648208Z   Using cached itsdangerous-2.2.0-py3-none-any.whl.metadata (1.9 kB)
2025-08-21T21:27:45.5630601Z Collecting mypy==1.* (from -r requirements-dev.txt (line 19))
2025-08-21T21:27:45.5642398Z   Using cached mypy-1.17.1-cp312-cp312-manylinux2014_x86_64.manylinux_2_17_x86_64.manylinux_2_28_x86_64.whl.metadata (2.2 kB)
2025-08-21T21:27:45.5732769Z Collecting mypy-extensions==1.1.0 (from -r requirements-dev.txt (line 20))
2025-08-21T21:27:45.5743761Z   Using cached mypy_extensions-1.1.0-py3-none-any.whl.metadata (1.1 kB)
2025-08-21T21:27:45.7512340Z Collecting numpy<2 (from -r requirements-dev.txt (line 21))
2025-08-21T21:27:45.7524872Z   Using cached numpy-1.26.4-cp312-cp312-manylinux_2_17_x86_64.manylinux2014_x86_64.whl.metadata (61 kB)
2025-08-21T21:27:45.7766103Z Collecting openpyxl==3.1.5 (from -r requirements-dev.txt (line 22))
2025-08-21T21:27:45.7777269Z   Using cached openpyxl-3.1.5-py2.py3-none-any.whl.metadata (2.5 kB)
2025-08-21T21:27:45.8871561Z Collecting pandas==2.2.* (from -r requirements-dev.txt (line 23))
2025-08-21T21:27:45.8883483Z   Using cached pandas-2.2.3-cp312-cp312-manylinux_2_17_x86_64.manylinux2014_x86_64.whl.metadata (89 kB)
2025-08-21T21:27:45.9790883Z Collecting psycopg2-binary==2.9.10 (from -r requirements-dev.txt (line 24))
2025-08-21T21:27:45.9802559Z   Using cached psycopg2_binary-2.9.10-cp312-cp312-manylinux_2_17_x86_64.manylinux2014_x86_64.whl.metadata (4.9 kB)
2025-08-21T21:27:45.9967447Z Collecting psycopg==3.2.9 (from psycopg[binary]==3.2.9->-r requirements-dev.txt (line 25))
2025-08-21T21:27:45.9978403Z   Using cached psycopg-3.2.9-py3-none-any.whl.metadata (4.5 kB)
2025-08-21T21:27:46.1031398Z Collecting pydantic==2.11.7 (from -r requirements-dev.txt (line 26))
2025-08-21T21:27:46.1042792Z   Using cached pydantic-2.11.7-py3-none-any.whl.metadata (67 kB)
2025-08-21T21:27:46.2249771Z Collecting setuptools (from -r requirements-dev.txt (line 27))
2025-08-21T21:27:46.2261257Z   Using cached setuptools-80.9.0-py3-none-any.whl.metadata (6.6 kB)
2025-08-21T21:27:46.2502711Z Collecting pytest-asyncio==1.1.0 (from -r requirements-dev.txt (line 28))
2025-08-21T21:27:46.2513297Z   Using cached pytest_asyncio-1.1.0-py3-none-any.whl.metadata (4.1 kB)
2025-08-21T21:27:46.2648379Z Collecting pytest-cov==6.2.1 (from -r requirements-dev.txt (line 29))
2025-08-21T21:27:46.2659544Z   Using cached pytest_cov-6.2.1-py3-none-any.whl.metadata (30 kB)
2025-08-21T21:27:46.2821935Z Collecting pytest-postgresql==7.0.2 (from -r requirements-dev.txt (line 30))
2025-08-21T21:27:46.2832909Z   Using cached pytest_postgresql-7.0.2-py3-none-any.whl.metadata (18 kB)
2025-08-21T21:27:46.2991345Z Collecting python-dotenv (from -r requirements-dev.txt (line 31))
2025-08-21T21:27:46.3002448Z   Using cached python_dotenv-1.1.1-py3-none-any.whl.metadata (24 kB)
2025-08-21T21:27:46.3168603Z Collecting python-multipart (from -r requirements-dev.txt (line 32))
2025-08-21T21:27:46.3179766Z   Using cached python_multipart-0.0.20-py3-none-any.whl.metadata (1.8 kB)
2025-08-21T21:27:46.3485041Z Collecting python-telegram-bot==22.3 (from -r requirements-dev.txt (line 33))
2025-08-21T21:27:46.3495915Z   Using cached python_telegram_bot-22.3-py3-none-any.whl.metadata (17 kB)
2025-08-21T21:27:46.3841575Z Collecting requests==2.32.4 (from -r requirements-dev.txt (line 34))
2025-08-21T21:27:46.3853084Z   Using cached requests-2.32.4-py3-none-any.whl.metadata (4.9 kB)
2025-08-21T21:27:46.4015728Z Collecting respx==0.22.0 (from -r requirements-dev.txt (line 35))
2025-08-21T21:27:46.4026886Z   Using cached respx-0.22.0-py2.py3-none-any.whl.metadata (4.1 kB)
2025-08-21T21:27:46.7722219Z Collecting ruff==0.9.9 (from -r requirements-dev.txt (line 36))
2025-08-21T21:27:46.7735697Z   Using cached ruff-0.9.9-py3-none-manylinux_2_17_x86_64.manylinux2014_x86_64.whl.metadata (25 kB)
2025-08-21T21:27:47.0233025Z Collecting sqlalchemy==2.0.43 (from -r requirements-dev.txt (line 37))
2025-08-21T21:27:47.0246400Z   Using cached sqlalchemy-2.0.43-cp312-cp312-manylinux_2_17_x86_64.manylinux2014_x86_64.whl.metadata (9.6 kB)
2025-08-21T21:27:47.0482521Z Collecting structlog==24.1.0 (from -r requirements-dev.txt (line 38))
2025-08-21T21:27:47.0493997Z   Using cached structlog-24.1.0-py3-none-any.whl.metadata (6.9 kB)
2025-08-21T21:27:47.0670697Z Collecting testcontainers==4.12.0 (from testcontainers[postgres]==4.12.0->-r requirements-dev.txt (line 39))
2025-08-21T21:27:47.0682342Z   Using cached testcontainers-4.12.0-py3-none-any.whl.metadata (8.3 kB)
2025-08-21T21:27:47.1055392Z Collecting types-requests==2.32.4.20250809 (from -r requirements-dev.txt (line 40))
2025-08-21T21:27:47.1067051Z   Using cached types_requests-2.32.4.20250809-py3-none-any.whl.metadata (2.0 kB)
2025-08-21T21:27:47.1186216Z Collecting docspec-python==2.2.2 (from -r requirements-dev.txt (line 41))
2025-08-21T21:27:47.1197235Z   Using cached docspec_python-2.2.2-py3-none-any.whl.metadata (1.0 kB)
2025-08-21T21:27:47.1359972Z Collecting pydoc-markdown==4.8.2 (from -r requirements-dev.txt (line 42))
2025-08-21T21:27:47.1370859Z   Using cached pydoc_markdown-4.8.2-py3-none-any.whl.metadata (5.9 kB)
2025-08-21T21:27:47.2080779Z Collecting pandera==0.19.* (from -r requirements-dev.txt (line 43))
2025-08-21T21:27:47.2093521Z   Using cached pandera-0.19.3-py3-none-any.whl.metadata (15 kB)
2025-08-21T21:27:47.2615335Z Collecting MarkupSafe>=2.0 (from Jinja2==3.1.6->-r requirements-dev.txt (line 2))
2025-08-21T21:27:47.2627503Z   Using cached MarkupSafe-3.0.2-cp312-cp312-manylinux_2_17_x86_64.manylinux2014_x86_64.whl.metadata (4.0 kB)
2025-08-21T21:27:47.2878419Z Collecting Mako (from alembic==1.16.4->-r requirements-dev.txt (line 3))
2025-08-21T21:27:47.2889671Z   Using cached mako-1.3.10-py3-none-any.whl.metadata (2.9 kB)
2025-08-21T21:27:47.3093710Z Collecting typing-extensions>=4.12 (from alembic==1.16.4->-r requirements-dev.txt (line 3))
2025-08-21T21:27:47.3105260Z   Using cached typing_extensions-4.14.1-py3-none-any.whl.metadata (3.0 kB)
2025-08-21T21:27:47.3231771Z Collecting six>=1.4.0 (from apscheduler==3.10.4->-r requirements-dev.txt (line 4))
2025-08-21T21:27:47.3243220Z   Using cached six-1.17.0-py2.py3-none-any.whl.metadata (1.7 kB)
2025-08-21T21:27:47.3566621Z Collecting pytz (from apscheduler==3.10.4->-r requirements-dev.txt (line 4))
2025-08-21T21:27:47.3578844Z   Using cached pytz-2025.2-py2.py3-none-any.whl.metadata (22 kB)
2025-08-21T21:27:47.3784428Z Collecting tzlocal!=3.*,>=2.0 (from apscheduler==3.10.4->-r requirements-dev.txt (line 4))
2025-08-21T21:27:47.3795719Z   Using cached tzlocal-5.3.1-py3-none-any.whl.metadata (7.6 kB)
2025-08-21T21:27:47.4082940Z Collecting starlette>=0.18 (from asgi-correlation-id==4.3.1->-r requirements-dev.txt (line 5))
2025-08-21T21:27:47.4094469Z   Using cached starlette-0.47.2-py3-none-any.whl.metadata (6.2 kB)
2025-08-21T21:27:47.4283241Z Collecting click>=8.0.0 (from black==25.1.0->-r requirements-dev.txt (line 7))
2025-08-21T21:27:47.4294717Z   Using cached click-8.2.1-py3-none-any.whl.metadata (2.5 kB)
2025-08-21T21:27:47.4442216Z Collecting packaging>=22.0 (from black==25.1.0->-r requirements-dev.txt (line 7))
2025-08-21T21:27:47.4454059Z   Using cached packaging-25.0-py3-none-any.whl.metadata (3.3 kB)
2025-08-21T21:27:47.4575707Z Collecting pathspec>=0.9.0 (from black==25.1.0->-r requirements-dev.txt (line 7))
2025-08-21T21:27:47.4587250Z   Using cached pathspec-0.12.1-py3-none-any.whl.metadata (21 kB)
2025-08-21T21:27:47.4761129Z Collecting platformdirs>=2 (from black==25.1.0->-r requirements-dev.txt (line 7))
2025-08-21T21:27:47.4772648Z   Using cached platformdirs-4.3.8-py3-none-any.whl.metadata (12 kB)
2025-08-21T21:27:47.4891958Z Collecting toml (from vulture==2.10->-r requirements-dev.txt (line 11))
2025-08-21T21:27:47.4903462Z   Using cached toml-0.10.2-py2.py3-none-any.whl.metadata (7.1 kB)
2025-08-21T21:27:47.5077492Z Collecting billiard<5.0,>=4.2.1 (from celery==5.5.3->-r requirements-dev.txt (line 12))
2025-08-21T21:27:47.5088967Z   Using cached billiard-4.2.1-py3-none-any.whl.metadata (4.4 kB)
2025-08-21T21:27:47.5398119Z Collecting kombu<5.6,>=5.5.2 (from celery==5.5.3->-r requirements-dev.txt (line 12))
2025-08-21T21:27:47.5409552Z   Using cached kombu-5.5.4-py3-none-any.whl.metadata (3.5 kB)
2025-08-21T21:27:47.5551277Z Collecting vine<6.0,>=5.1.0 (from celery==5.5.3->-r requirements-dev.txt (line 12))
2025-08-21T21:27:47.5562704Z   Using cached vine-5.1.0-py3-none-any.whl.metadata (2.7 kB)
2025-08-21T21:27:47.5709327Z Collecting click-didyoumean>=0.3.0 (from celery==5.5.3->-r requirements-dev.txt (line 12))
2025-08-21T21:27:47.5720708Z   Using cached click_didyoumean-0.3.1-py3-none-any.whl.metadata (3.9 kB)
2025-08-21T21:27:47.5819021Z Collecting click-repl>=0.2.0 (from celery==5.5.3->-r requirements-dev.txt (line 12))
2025-08-21T21:27:47.5830351Z   Using cached click_repl-0.3.0-py3-none-any.whl.metadata (3.6 kB)
2025-08-21T21:27:47.5911699Z Collecting click-plugins>=1.1.1 (from celery==5.5.3->-r requirements-dev.txt (line 12))
2025-08-21T21:27:47.5923348Z   Using cached click_plugins-1.1.1.2-py2.py3-none-any.whl.metadata (6.5 kB)
2025-08-21T21:27:47.6037744Z Collecting python-dateutil>=2.8.2 (from celery==5.5.3->-r requirements-dev.txt (line 12))
2025-08-21T21:27:47.6049522Z   Using cached python_dateutil-2.9.0.post0-py2.py3-none-any.whl.metadata (8.4 kB)
2025-08-21T21:27:47.6357979Z Collecting annotated-types>=0.6.0 (from pydantic==2.11.7->-r requirements-dev.txt (line 26))
2025-08-21T21:27:47.6369552Z   Using cached annotated_types-0.7.0-py3-none-any.whl.metadata (15 kB)
2025-08-21T21:27:48.2938158Z Collecting pydantic-core==2.33.2 (from pydantic==2.11.7->-r requirements-dev.txt (line 26))
2025-08-21T21:27:48.2952326Z   Using cached pydantic_core-2.33.2-cp312-cp312-manylinux_2_17_x86_64.manylinux2014_x86_64.whl.metadata (6.8 kB)
2025-08-21T21:27:48.3072793Z Collecting typing-inspection>=0.4.0 (from pydantic==2.11.7->-r requirements-dev.txt (line 26))
2025-08-21T21:27:48.3083887Z   Using cached typing_inspection-0.4.1-py3-none-any.whl.metadata (2.6 kB)
2025-08-21T21:27:48.3340692Z Collecting et-xmlfile (from openpyxl==3.1.5->-r requirements-dev.txt (line 22))
2025-08-21T21:27:48.3351990Z   Using cached et_xmlfile-2.0.0-py3-none-any.whl.metadata (2.7 kB)
2025-08-21T21:27:48.3801456Z Collecting pytest<9,>=8.2 (from pytest-asyncio==1.1.0->-r requirements-dev.txt (line 28))
2025-08-21T21:27:48.3802412Z   Using cached pytest-8.4.1-py3-none-any.whl.metadata (7.7 kB)
2025-08-21T21:27:48.6903398Z Collecting coverage>=7.5 (from coverage[toml]>=7.5->pytest-cov==6.2.1->-r requirements-dev.txt (line 29))
2025-08-21T21:27:48.6916946Z   Using cached coverage-7.10.4-cp312-cp312-manylinux1_x86_64.manylinux_2_28_x86_64.manylinux_2_5_x86_64.whl.metadata (8.9 kB)
2025-08-21T21:27:48.7034059Z Collecting pluggy>=1.2 (from pytest-cov==6.2.1->-r requirements-dev.txt (line 29))
2025-08-21T21:27:48.7045411Z   Using cached pluggy-1.6.0-py3-none-any.whl.metadata (4.8 kB)
2025-08-21T21:27:48.7320095Z Collecting port-for>=0.7.3 (from pytest-postgresql==7.0.2->-r requirements-dev.txt (line 30))
2025-08-21T21:27:48.7331610Z   Using cached port_for-0.7.4-py3-none-any.whl.metadata (7.1 kB)
2025-08-21T21:27:48.7461371Z Collecting mirakuru>=2.6.0 (from pytest-postgresql==7.0.2->-r requirements-dev.txt (line 30))
2025-08-21T21:27:48.7472719Z   Using cached mirakuru-2.6.1-py3-none-any.whl.metadata (10 kB)
2025-08-21T21:27:48.8269453Z Collecting charset_normalizer<4,>=2 (from requests==2.32.4->-r requirements-dev.txt (line 34))
2025-08-21T21:27:48.8282291Z   Using cached charset_normalizer-3.4.3-cp312-cp312-manylinux2014_x86_64.manylinux_2_17_x86_64.manylinux_2_28_x86_64.whl.metadata (36 kB)
2025-08-21T21:27:48.8423119Z Collecting idna<4,>=2.5 (from requests==2.32.4->-r requirements-dev.txt (line 34))
2025-08-21T21:27:48.8434652Z   Using cached idna-3.10-py3-none-any.whl.metadata (10 kB)
2025-08-21T21:27:48.8703275Z Collecting urllib3<3,>=1.21.1 (from requests==2.32.4->-r requirements-dev.txt (line 34))
2025-08-21T21:27:48.8714802Z   Using cached urllib3-2.5.0-py3-none-any.whl.metadata (6.5 kB)
2025-08-21T21:27:48.8910175Z Collecting certifi>=2017.4.17 (from requests==2.32.4->-r requirements-dev.txt (line 34))
2025-08-21T21:27:48.8921917Z   Using cached certifi-2025.8.3-py3-none-any.whl.metadata (2.4 kB)
2025-08-21T21:27:49.0882864Z Collecting greenlet>=1 (from sqlalchemy==2.0.43->-r requirements-dev.txt (line 37))
2025-08-21T21:27:49.0895628Z   Using cached greenlet-3.2.4-cp312-cp312-manylinux_2_24_x86_64.manylinux_2_28_x86_64.whl.metadata (4.1 kB)
2025-08-21T21:27:49.1156319Z Collecting docker (from testcontainers==4.12.0->testcontainers[postgres]==4.12.0->-r requirements-dev.txt (line 39))
2025-08-21T21:27:49.1169322Z   Using cached docker-7.1.0-py3-none-any.whl.metadata (3.8 kB)
2025-08-21T21:27:49.2149717Z Collecting wrapt (from testcontainers==4.12.0->testcontainers[postgres]==4.12.0->-r requirements-dev.txt (line 39))
2025-08-21T21:27:49.2163464Z   Using cached wrapt-1.17.3-cp312-cp312-manylinux1_x86_64.manylinux_2_28_x86_64.manylinux_2_5_x86_64.whl.metadata (6.4 kB)
2025-08-21T21:27:49.2425213Z Collecting docspec==2.2.1 (from docspec-python==2.2.2->-r requirements-dev.txt (line 41))
2025-08-21T21:27:49.2436747Z   Using cached docspec-2.2.1-py3-none-any.whl.metadata (1.5 kB)
2025-08-21T21:27:49.2592539Z Collecting nr-util>=0.8.12 (from docspec-python==2.2.2->-r requirements-dev.txt (line 41))
2025-08-21T21:27:49.2604002Z   Using cached nr.util-0.8.12-py3-none-any.whl.metadata (813 bytes)
2025-08-21T21:27:49.2935763Z Collecting PyYAML<7.0,>=5.0 (from pydoc-markdown==4.8.2->-r requirements-dev.txt (line 42))
2025-08-21T21:27:49.2948301Z   Using cached PyYAML-6.0.2-cp312-cp312-manylinux_2_17_x86_64.manylinux2014_x86_64.whl.metadata (2.1 kB)
2025-08-21T21:27:49.3210850Z Collecting databind.core<5.0.0,>=4.4.0 (from pydoc-markdown==4.8.2->-r requirements-dev.txt (line 42))
2025-08-21T21:27:49.3222752Z   Using cached databind.core-4.5.2-py3-none-any.whl.metadata (1.1 kB)
2025-08-21T21:27:49.3433198Z Collecting databind.json<5.0.0,>=4.4.0 (from pydoc-markdown==4.8.2->-r requirements-dev.txt (line 42))
2025-08-21T21:27:49.3444825Z   Using cached databind.json-4.5.2-py3-none-any.whl.metadata (1.1 kB)
2025-08-21T21:27:49.3583900Z Collecting docstring-parser<0.12,>=0.11 (from pydoc-markdown==4.8.2->-r requirements-dev.txt (line 42))
2025-08-21T21:27:49.3585434Z   Using cached docstring_parser-0.11-py3-none-any.whl
2025-08-21T21:27:49.4375658Z Collecting tomli<3.0.0,>=2.0.0 (from pydoc-markdown==4.8.2->-r requirements-dev.txt (line 42))
2025-08-21T21:27:49.4387726Z   Using cached tomli-2.2.1-cp312-cp312-manylinux_2_17_x86_64.manylinux2014_x86_64.whl.metadata (11 kB)
2025-08-21T21:27:49.4493835Z Collecting tomli_w<2.0.0,>=1.0.0 (from pydoc-markdown==4.8.2->-r requirements-dev.txt (line 42))
2025-08-21T21:27:49.4505604Z   Using cached tomli_w-1.2.0-py3-none-any.whl.metadata (5.7 kB)
2025-08-21T21:27:49.4940213Z Collecting watchdog (from pydoc-markdown==4.8.2->-r requirements-dev.txt (line 42))
2025-08-21T21:27:49.4952971Z   Using cached watchdog-6.0.0-py3-none-manylinux2014_x86_64.whl.metadata (44 kB)
2025-08-21T21:27:49.5150655Z Collecting yapf>=0.30.0 (from pydoc-markdown==4.8.2->-r requirements-dev.txt (line 42))
2025-08-21T21:27:49.5162856Z   Using cached yapf-0.43.0-py3-none-any.whl.metadata (46 kB)
2025-08-21T21:27:49.5344036Z Collecting Deprecated<2.0.0,>=1.2.12 (from docspec==2.2.1->docspec-python==2.2.2->-r requirements-dev.txt (line 41))
2025-08-21T21:27:49.5355792Z   Using cached Deprecated-1.2.18-py2.py3-none-any.whl.metadata (5.7 kB)
2025-08-21T21:27:49.6875989Z Collecting psycopg-binary==3.2.9 (from psycopg[binary]==3.2.9->-r requirements-dev.txt (line 25))
2025-08-21T21:27:49.6889214Z   Using cached psycopg_binary-3.2.9-cp312-cp312-manylinux_2_17_x86_64.manylinux2014_x86_64.whl.metadata (2.9 kB)
2025-08-21T21:27:49.7216872Z Collecting argon2-cffi (from minio==7.*->-r requirements-dev.txt (line 10))
2025-08-21T21:27:49.7228995Z   Using cached argon2_cffi-25.1.0-py3-none-any.whl.metadata (4.1 kB)
2025-08-21T21:27:49.8121192Z Collecting pycryptodome (from minio==7.*->-r requirements-dev.txt (line 10))
2025-08-21T21:27:49.8139399Z   Using cached pycryptodome-3.23.0-cp37-abi3-manylinux_2_17_x86_64.manylinux2014_x86_64.whl.metadata (3.4 kB)
2025-08-21T21:27:49.8344495Z Collecting anyio (from httpx<0.29,>=0.27->-r requirements-dev.txt (line 16))
2025-08-21T21:27:49.8356804Z   Using cached anyio-4.10.0-py3-none-any.whl.metadata (4.0 kB)
2025-08-21T21:27:49.8538774Z Collecting httpcore==1.* (from httpx<0.29,>=0.27->-r requirements-dev.txt (line 16))
2025-08-21T21:27:49.8550527Z   Using cached httpcore-1.0.9-py3-none-any.whl.metadata (21 kB)
2025-08-21T21:27:49.8871259Z Collecting tzdata>=2022.7 (from pandas==2.2.*->-r requirements-dev.txt (line 23))
2025-08-21T21:27:49.8882947Z   Using cached tzdata-2025.2-py2.py3-none-any.whl.metadata (1.4 kB)
2025-08-21T21:27:49.9029908Z Collecting multimethod<=1.10.0 (from pandera==0.19.*->-r requirements-dev.txt (line 43))
2025-08-21T21:27:49.9041488Z   Using cached multimethod-1.10-py3-none-any.whl.metadata (8.2 kB)
2025-08-21T21:27:49.9398768Z Collecting typeguard (from pandera==0.19.*->-r requirements-dev.txt (line 43))
2025-08-21T21:27:49.9410282Z   Using cached typeguard-4.4.4-py3-none-any.whl.metadata (3.3 kB)
2025-08-21T21:27:49.9500110Z Collecting typing-inspect>=0.6.0 (from pandera==0.19.*->-r requirements-dev.txt (line 43))
2025-08-21T21:27:49.9511207Z   Using cached typing_inspect-0.9.0-py3-none-any.whl.metadata (1.5 kB)
2025-08-21T21:27:49.9807029Z Collecting databind<5.0.0,>=4.5.2 (from databind.core<5.0.0,>=4.4.0->pydoc-markdown==4.8.2->-r requirements-dev.txt (line 42))
2025-08-21T21:27:49.9818023Z   Using cached databind-4.5.2-py3-none-any.whl.metadata (4.3 kB)
2025-08-21T21:27:49.9930066Z Collecting nr-date<3.0.0,>=2.0.0 (from databind<5.0.0,>=4.5.2->databind.core<5.0.0,>=4.4.0->pydoc-markdown==4.8.2->-r requirements-dev.txt (line 42))
2025-08-21T21:27:49.9940841Z   Using cached nr_date-2.1.0-py3-none-any.whl.metadata (746 bytes)
2025-08-21T21:27:50.0246915Z Collecting nr-stream<2.0.0,>=1.0.0 (from databind<5.0.0,>=4.5.2->databind.core<5.0.0,>=4.4.0->pydoc-markdown==4.8.2->-r requirements-dev.txt (line 42))
2025-08-21T21:27:50.0258146Z   Using cached nr_stream-1.1.5-py3-none-any.whl.metadata (3.6 kB)
2025-08-21T21:27:50.0419721Z Collecting typeapi<3,>=2.0.1 (from databind<5.0.0,>=4.5.2->databind.core<5.0.0,>=4.4.0->pydoc-markdown==4.8.2->-r requirements-dev.txt (line 42))
2025-08-21T21:27:50.0430866Z   Using cached typeapi-2.2.4-py3-none-any.whl.metadata (1.5 kB)
2025-08-21T21:27:50.0705847Z Collecting h11>=0.16 (from httpcore==1.*->httpx<0.29,>=0.27->-r requirements-dev.txt (line 16))
2025-08-21T21:27:50.0716908Z   Using cached h11-0.16.0-py3-none-any.whl.metadata (8.3 kB)
2025-08-21T21:27:50.0947498Z Collecting amqp<6.0.0,>=5.1.1 (from kombu<5.6,>=5.5.2->celery==5.5.3->-r requirements-dev.txt (line 12))
2025-08-21T21:27:50.0958638Z   Using cached amqp-5.3.1-py3-none-any.whl.metadata (8.9 kB)
2025-08-21T21:27:50.1332916Z Collecting iniconfig>=1 (from pytest<9,>=8.2->pytest-asyncio==1.1.0->-r requirements-dev.txt (line 28))
2025-08-21T21:27:50.1344105Z   Using cached iniconfig-2.1.0-py3-none-any.whl.metadata (2.7 kB)
2025-08-21T21:27:50.1548992Z Collecting pygments>=2.7.2 (from pytest<9,>=8.2->pytest-asyncio==1.1.0->-r requirements-dev.txt (line 28))
2025-08-21T21:27:50.1560096Z   Using cached pygments-2.19.2-py3-none-any.whl.metadata (2.5 kB)
2025-08-21T21:27:50.1896883Z Collecting sniffio>=1.1 (from anyio->httpx<0.29,>=0.27->-r requirements-dev.txt (line 16))
2025-08-21T21:27:50.1908419Z   Using cached sniffio-1.3.1-py3-none-any.whl.metadata (3.9 kB)
2025-08-21T21:27:50.6212924Z Collecting botocore<1.41.0,>=1.40.15 (from boto3->-r requirements-dev.txt (line 8))
2025-08-21T21:27:50.6405999Z   Downloading botocore-1.40.15-py3-none-any.whl.metadata (5.7 kB)
2025-08-21T21:27:50.6553286Z Collecting jmespath<2.0.0,>=0.7.1 (from boto3->-r requirements-dev.txt (line 8))
2025-08-21T21:27:50.6565138Z   Using cached jmespath-1.0.1-py3-none-any.whl.metadata (7.6 kB)
2025-08-21T21:27:50.6725249Z Collecting s3transfer<0.14.0,>=0.13.0 (from boto3->-r requirements-dev.txt (line 8))
2025-08-21T21:27:50.6736447Z   Using cached s3transfer-0.13.1-py3-none-any.whl.metadata (1.7 kB)
2025-08-21T21:27:50.8771436Z Collecting fastapi-cli>=0.0.8 (from fastapi-cli[standard]>=0.0.8; extra == "all"->fastapi[all]->-r requirements-dev.txt (line 14))
2025-08-21T21:27:50.8783168Z   Using cached fastapi_cli-0.0.8-py3-none-any.whl.metadata (6.3 kB)
2025-08-21T21:27:50.9532939Z Collecting ujson!=4.0.2,!=4.1.0,!=4.2.0,!=4.3.0,!=5.0.0,!=5.1.0,>=4.0.1 (from fastapi[all]->-r requirements-dev.txt (line 14))
2025-08-21T21:27:50.9544948Z   Using cached ujson-5.11.0-cp312-cp312-manylinux_2_24_x86_64.manylinux_2_28_x86_64.whl.metadata (9.4 kB)
2025-08-21T21:27:51.1847243Z Collecting orjson>=3.2.1 (from fastapi[all]->-r requirements-dev.txt (line 14))
2025-08-21T21:27:51.1860684Z   Using cached orjson-3.11.2-cp312-cp312-manylinux_2_17_x86_64.manylinux2014_x86_64.whl.metadata (1.2 kB)
2025-08-21T21:27:51.1979671Z Collecting email-validator>=2.0.0 (from fastapi[all]->-r requirements-dev.txt (line 14))
2025-08-21T21:27:51.1992340Z   Using cached email_validator-2.2.0-py3-none-any.whl.metadata (25 kB)
2025-08-21T21:27:51.2282884Z Collecting uvicorn>=0.12.0 (from uvicorn[standard]>=0.12.0; extra == "all"->fastapi[all]->-r requirements-dev.txt (line 14))
2025-08-21T21:27:51.2294592Z   Using cached uvicorn-0.35.0-py3-none-any.whl.metadata (6.5 kB)
2025-08-21T21:27:51.2492792Z Collecting pydantic-settings>=2.0.0 (from fastapi[all]->-r requirements-dev.txt (line 14))
2025-08-21T21:27:51.2504452Z   Using cached pydantic_settings-2.10.1-py3-none-any.whl.metadata (3.4 kB)
2025-08-21T21:27:51.2659547Z Collecting pydantic-extra-types>=2.0.0 (from fastapi[all]->-r requirements-dev.txt (line 14))
2025-08-21T21:27:51.2671339Z   Using cached pydantic_extra_types-2.10.5-py3-none-any.whl.metadata (3.9 kB)
2025-08-21T21:27:51.3633610Z Collecting prompt-toolkit>=3.0.36 (from click-repl>=0.2.0->celery==5.5.3->-r requirements-dev.txt (line 12))
2025-08-21T21:27:51.3645295Z   Using cached prompt_toolkit-3.0.51-py3-none-any.whl.metadata (6.4 kB)
2025-08-21T21:27:51.3826103Z Collecting dnspython>=2.0.0 (from email-validator>=2.0.0->fastapi[all]->-r requirements-dev.txt (line 14))
2025-08-21T21:27:51.3837691Z   Using cached dnspython-2.7.0-py3-none-any.whl.metadata (5.8 kB)
2025-08-21T21:27:51.4134172Z Collecting typer>=0.15.1 (from fastapi-cli>=0.0.8->fastapi-cli[standard]>=0.0.8; extra == "all"->fastapi[all]->-r requirements-dev.txt (line 14))
2025-08-21T21:27:51.4146344Z   Using cached typer-0.16.1-py3-none-any.whl.metadata (15 kB)
2025-08-21T21:27:51.4452041Z Collecting rich-toolkit>=0.14.8 (from fastapi-cli>=0.0.8->fastapi-cli[standard]>=0.0.8; extra == "all"->fastapi[all]->-r requirements-dev.txt (line 14))
2025-08-21T21:27:51.4463458Z   Using cached rich_toolkit-0.15.0-py3-none-any.whl.metadata (1.0 kB)
2025-08-21T21:27:51.4591969Z Collecting fastapi-cloud-cli>=0.1.1 (from fastapi-cli[standard]>=0.0.8; extra == "all"->fastapi[all]->-r requirements-dev.txt (line 14))
2025-08-21T21:27:51.4603554Z   Using cached fastapi_cloud_cli-0.1.5-py3-none-any.whl.metadata (3.2 kB)
2025-08-21T21:27:51.5320202Z Collecting rignore>=0.5.1 (from fastapi-cloud-cli>=0.1.1->fastapi-cli[standard]>=0.0.8; extra == "all"->fastapi[all]->-r requirements-dev.txt (line 14))
2025-08-21T21:27:51.5332132Z   Using cached rignore-0.6.4-cp312-cp312-manylinux_2_17_x86_64.manylinux2014_x86_64.whl.metadata (3.8 kB)
2025-08-21T21:27:51.5938158Z Collecting sentry-sdk>=2.20.0 (from fastapi-cloud-cli>=0.1.1->fastapi-cli[standard]>=0.0.8; extra == "all"->fastapi[all]->-r requirements-dev.txt (line 14))
2025-08-21T21:27:51.5949821Z   Using cached sentry_sdk-2.35.0-py2.py3-none-any.whl.metadata (10 kB)
2025-08-21T21:27:51.6875859Z Collecting psutil>=4.0.0 (from mirakuru>=2.6.0->pytest-postgresql==7.0.2->-r requirements-dev.txt (line 30))
2025-08-21T21:27:51.6888190Z   Using cached psutil-7.0.0-cp36-abi3-manylinux_2_12_x86_64.manylinux2010_x86_64.manylinux_2_17_x86_64.manylinux2014_x86_64.whl.metadata (22 kB)
2025-08-21T21:27:51.7194005Z Collecting wcwidth (from prompt-toolkit>=3.0.36->click-repl>=0.2.0->celery==5.5.3->-r requirements-dev.txt (line 12))
2025-08-21T21:27:51.7205454Z   Using cached wcwidth-0.2.13-py2.py3-none-any.whl.metadata (14 kB)
2025-08-21T21:27:51.8006689Z Collecting rich>=13.7.1 (from rich-toolkit>=0.14.8->fastapi-cli>=0.0.8->fastapi-cli[standard]>=0.0.8; extra == "all"->fastapi[all]->-r requirements-dev.txt (line 14))
2025-08-21T21:27:51.8018098Z   Using cached rich-14.1.0-py3-none-any.whl.metadata (18 kB)
2025-08-21T21:27:51.8241137Z Collecting markdown-it-py>=2.2.0 (from rich>=13.7.1->rich-toolkit>=0.14.8->fastapi-cli>=0.0.8->fastapi-cli[standard]>=0.0.8; extra == "all"->fastapi[all]->-r requirements-dev.txt (line 14))
2025-08-21T21:27:51.8252536Z   Using cached markdown_it_py-4.0.0-py3-none-any.whl.metadata (7.3 kB)
2025-08-21T21:27:51.8465030Z Collecting mdurl~=0.1 (from markdown-it-py>=2.2.0->rich>=13.7.1->rich-toolkit>=0.14.8->fastapi-cli>=0.0.8->fastapi-cli[standard]>=0.0.8; extra == "all"->fastapi[all]->-r requirements-dev.txt (line 14))
2025-08-21T21:27:51.8477075Z   Using cached mdurl-0.1.2-py3-none-any.whl.metadata (1.6 kB)
2025-08-21T21:27:51.8944787Z Collecting shellingham>=1.3.0 (from typer>=0.15.1->fastapi-cli>=0.0.8->fastapi-cli[standard]>=0.0.8; extra == "all"->fastapi[all]->-r requirements-dev.txt (line 14))
2025-08-21T21:27:51.8956437Z   Using cached shellingham-1.5.4-py2.py3-none-any.whl.metadata (3.5 kB)
2025-08-21T21:27:51.9647242Z Collecting httptools>=0.6.3 (from uvicorn[standard]>=0.12.0; extra == "all"->fastapi[all]->-r requirements-dev.txt (line 14))
2025-08-21T21:27:51.9659692Z   Using cached httptools-0.6.4-cp312-cp312-manylinux_2_5_x86_64.manylinux1_x86_64.manylinux_2_17_x86_64.manylinux2014_x86_64.whl.metadata (3.6 kB)
2025-08-21T21:27:52.0074281Z Collecting uvloop>=0.15.1 (from uvicorn[standard]>=0.12.0; extra == "all"->fastapi[all]->-r requirements-dev.txt (line 14))
2025-08-21T21:27:52.0086269Z   Using cached uvloop-0.21.0-cp312-cp312-manylinux_2_17_x86_64.manylinux2014_x86_64.whl.metadata (4.9 kB)
2025-08-21T21:27:52.0779930Z Collecting watchfiles>=0.13 (from uvicorn[standard]>=0.12.0; extra == "all"->fastapi[all]->-r requirements-dev.txt (line 14))
2025-08-21T21:27:52.0791809Z   Using cached watchfiles-1.1.0-cp312-cp312-manylinux_2_17_x86_64.manylinux2014_x86_64.whl.metadata (4.9 kB)
2025-08-21T21:27:52.2669108Z Collecting websockets>=10.4 (from uvicorn[standard]>=0.12.0; extra == "all"->fastapi[all]->-r requirements-dev.txt (line 14))
2025-08-21T21:27:52.2683135Z   Using cached websockets-15.0.1-cp312-cp312-manylinux_2_5_x86_64.manylinux1_x86_64.manylinux_2_17_x86_64.manylinux2014_x86_64.whl.metadata (6.8 kB)
2025-08-21T21:27:52.3131156Z Collecting argon2-cffi-bindings (from argon2-cffi->minio==7.*->-r requirements-dev.txt (line 10))
2025-08-21T21:27:52.3143755Z   Using cached argon2_cffi_bindings-25.1.0-cp39-abi3-manylinux_2_26_x86_64.manylinux_2_28_x86_64.whl.metadata (7.4 kB)
2025-08-21T21:27:52.4151882Z Collecting cffi>=1.0.1 (from argon2-cffi-bindings->argon2-cffi->minio==7.*->-r requirements-dev.txt (line 10))
2025-08-21T21:27:52.4164123Z   Using cached cffi-1.17.1-cp312-cp312-manylinux_2_17_x86_64.manylinux2014_x86_64.whl.metadata (1.5 kB)
2025-08-21T21:27:52.4280194Z Collecting pycparser (from cffi>=1.0.1->argon2-cffi-bindings->argon2-cffi->minio==7.*->-r requirements-dev.txt (line 10))
2025-08-21T21:27:52.4291707Z   Using cached pycparser-2.22-py3-none-any.whl.metadata (943 bytes)
2025-08-21T21:27:52.4892796Z Using cached jinja2-3.1.6-py3-none-any.whl (134 kB)
2025-08-21T21:27:52.4905697Z Using cached alembic-1.16.4-py3-none-any.whl (247 kB)
2025-08-21T21:27:52.4918700Z Using cached APScheduler-3.10.4-py3-none-any.whl (59 kB)
2025-08-21T21:27:52.4930183Z Using cached asgi_correlation_id-4.3.1-py3-none-any.whl (15 kB)
2025-08-21T21:27:52.4941979Z Using cached asyncpg-0.30.0-cp312-cp312-manylinux_2_17_x86_64.manylinux2014_x86_64.whl (3.6 MB)
2025-08-21T21:27:52.4979151Z Using cached black-25.1.0-cp312-cp312-manylinux_2_17_x86_64.manylinux2014_x86_64.manylinux_2_28_x86_64.whl (1.8 MB)
2025-08-21T21:27:52.5002895Z Using cached vulture-2.10-py2.py3-none-any.whl (27 kB)
2025-08-21T21:27:52.5014187Z Using cached celery-5.5.3-py3-none-any.whl (438 kB)
2025-08-21T21:27:52.5028272Z Using cached fastapi-0.116.1-py3-none-any.whl (95 kB)
2025-08-21T21:27:52.5040132Z Using cached pydantic-2.11.7-py3-none-any.whl (444 kB)
2025-08-21T21:27:52.5054645Z Using cached fastapi_limiter-0.1.6-py3-none-any.whl (15 kB)
2025-08-21T21:27:52.5065882Z Using cached IMAPClient-3.0.1-py2.py3-none-any.whl (182 kB)
2025-08-21T21:27:52.5078215Z Using cached mypy_extensions-1.1.0-py3-none-any.whl (5.0 kB)
2025-08-21T21:27:52.5089500Z Using cached openpyxl-3.1.5-py2.py3-none-any.whl (250 kB)
2025-08-21T21:27:52.5103565Z Using cached psycopg2_binary-2.9.10-cp312-cp312-manylinux_2_17_x86_64.manylinux2014_x86_64.whl (3.0 MB)
2025-08-21T21:27:52.5136187Z Using cached psycopg-3.2.9-py3-none-any.whl (202 kB)
2025-08-21T21:27:52.5148702Z Using cached pytest_asyncio-1.1.0-py3-none-any.whl (15 kB)
2025-08-21T21:27:52.5159884Z Using cached pytest_cov-6.2.1-py3-none-any.whl (24 kB)
2025-08-21T21:27:52.5171407Z Using cached pytest_postgresql-7.0.2-py3-none-any.whl (41 kB)
2025-08-21T21:27:52.5182895Z Using cached python_telegram_bot-22.3-py3-none-any.whl (717 kB)
2025-08-21T21:27:52.5198922Z Using cached requests-2.32.4-py3-none-any.whl (64 kB)
2025-08-21T21:27:52.5210487Z Using cached respx-0.22.0-py2.py3-none-any.whl (25 kB)
2025-08-21T21:27:52.5222746Z Using cached ruff-0.9.9-py3-none-manylinux_2_17_x86_64.manylinux2014_x86_64.whl (11.2 MB)
2025-08-21T21:27:52.5315241Z Using cached sqlalchemy-2.0.43-cp312-cp312-manylinux_2_17_x86_64.manylinux2014_x86_64.whl (3.3 MB)
2025-08-21T21:27:52.5348886Z Using cached structlog-24.1.0-py3-none-any.whl (65 kB)
2025-08-21T21:27:52.5359957Z Using cached testcontainers-4.12.0-py3-none-any.whl (111 kB)
2025-08-21T21:27:52.5371672Z Using cached types_requests-2.32.4.20250809-py3-none-any.whl (20 kB)
2025-08-21T21:27:52.5382597Z Using cached docspec_python-2.2.2-py3-none-any.whl (15 kB)
2025-08-21T21:27:52.5393336Z Using cached pydoc_markdown-4.8.2-py3-none-any.whl (67 kB)
2025-08-21T21:27:52.5404231Z Using cached docspec-2.2.1-py3-none-any.whl (9.8 kB)
2025-08-21T21:27:52.5415279Z Using cached psycopg_binary-3.2.9-cp312-cp312-manylinux_2_17_x86_64.manylinux2014_x86_64.whl (4.4 MB)
2025-08-21T21:27:52.5458103Z Using cached pydantic_core-2.33.2-cp312-cp312-manylinux_2_17_x86_64.manylinux2014_x86_64.whl (2.0 MB)
2025-08-21T21:27:52.5483433Z Using cached redis-6.4.0-py3-none-any.whl (279 kB)
2025-08-21T21:27:52.5496007Z Using cached minio-7.2.16-py3-none-any.whl (95 kB)
2025-08-21T21:27:52.5507410Z Using cached httpx-0.28.1-py3-none-any.whl (73 kB)
2025-08-21T21:27:52.5519293Z Using cached mypy-1.17.1-cp312-cp312-manylinux2014_x86_64.manylinux_2_17_x86_64.manylinux_2_28_x86_64.whl (12.7 MB)
2025-08-21T21:27:52.5617587Z Using cached numpy-1.26.4-cp312-cp312-manylinux_2_17_x86_64.manylinux2014_x86_64.whl (18.0 MB)
2025-08-21T21:27:52.5752485Z Using cached pandas-2.2.3-cp312-cp312-manylinux_2_17_x86_64.manylinux2014_x86_64.whl (12.7 MB)
2025-08-21T21:27:52.5851160Z Using cached pandera-0.19.3-py3-none-any.whl (251 kB)
2025-08-21T21:27:52.5863482Z Using cached billiard-4.2.1-py3-none-any.whl (86 kB)
2025-08-21T21:27:52.5875814Z Using cached charset_normalizer-3.4.3-cp312-cp312-manylinux2014_x86_64.manylinux_2_17_x86_64.manylinux_2_28_x86_64.whl (151 kB)
2025-08-21T21:27:52.5887044Z Using cached click-8.2.1-py3-none-any.whl (102 kB)
2025-08-21T21:27:52.5898457Z Using cached databind.core-4.5.2-py3-none-any.whl (1.5 kB)
2025-08-21T21:27:52.5909357Z Using cached databind-4.5.2-py3-none-any.whl (49 kB)
2025-08-21T21:27:52.5920074Z Using cached databind.json-4.5.2-py3-none-any.whl (1.5 kB)
2025-08-21T21:27:52.5931072Z Using cached Deprecated-1.2.18-py2.py3-none-any.whl (10.0 kB)
2025-08-21T21:27:52.5941871Z Using cached httpcore-1.0.9-py3-none-any.whl (78 kB)
2025-08-21T21:27:52.5953130Z Using cached idna-3.10-py3-none-any.whl (70 kB)
2025-08-21T21:27:52.5964269Z Using cached kombu-5.5.4-py3-none-any.whl (210 kB)
2025-08-21T21:27:52.5976056Z Using cached vine-5.1.0-py3-none-any.whl (9.6 kB)
2025-08-21T21:27:52.5986690Z Using cached amqp-5.3.1-py3-none-any.whl (50 kB)
2025-08-21T21:27:52.5997538Z Using cached multimethod-1.10-py3-none-any.whl (9.9 kB)
2025-08-21T21:27:52.6007983Z Using cached nr_date-2.1.0-py3-none-any.whl (10 kB)
2025-08-21T21:27:52.6019251Z Using cached nr_stream-1.1.5-py3-none-any.whl (10 kB)
2025-08-21T21:27:52.6030071Z Using cached nr.util-0.8.12-py3-none-any.whl (90 kB)
2025-08-21T21:27:52.6041539Z Using cached pytest-8.4.1-py3-none-any.whl (365 kB)
2025-08-21T21:27:52.6054858Z Using cached pluggy-1.6.0-py3-none-any.whl (20 kB)
2025-08-21T21:27:52.6066062Z Using cached PyYAML-6.0.2-cp312-cp312-manylinux_2_17_x86_64.manylinux2014_x86_64.whl (767 kB)
2025-08-21T21:27:52.6081790Z Using cached starlette-0.47.2-py3-none-any.whl (72 kB)
2025-08-21T21:27:52.6093284Z Using cached anyio-4.10.0-py3-none-any.whl (107 kB)
2025-08-21T21:27:52.6105145Z Using cached tomli-2.2.1-cp312-cp312-manylinux_2_17_x86_64.manylinux2014_x86_64.whl (242 kB)
2025-08-21T21:27:52.6116985Z Using cached tomli_w-1.2.0-py3-none-any.whl (6.7 kB)
2025-08-21T21:27:52.6127575Z Using cached typeapi-2.2.4-py3-none-any.whl (26 kB)
2025-08-21T21:27:52.6138418Z Using cached typing_extensions-4.14.1-py3-none-any.whl (43 kB)
2025-08-21T21:27:52.6149530Z Using cached urllib3-2.5.0-py3-none-any.whl (129 kB)
2025-08-21T21:27:52.6161487Z Using cached wrapt-1.17.3-cp312-cp312-manylinux1_x86_64.manylinux_2_28_x86_64.manylinux_2_5_x86_64.whl (88 kB)
2025-08-21T21:27:52.6352922Z Downloading boto3-1.40.15-py3-none-any.whl (140 kB)
2025-08-21T21:27:52.6917978Z Downloading botocore-1.40.15-py3-none-any.whl (14.0 MB)
2025-08-21T21:27:52.8319795Z    ━━━━━━━━━━━━━━━━━━━━━━━━━━━━━━━━━━━━━━━━ 14.0/14.0 MB 115.5 MB/s  0:00:00
2025-08-21T21:27:52.8331328Z Using cached jmespath-1.0.1-py3-none-any.whl (20 kB)
2025-08-21T21:27:52.8342851Z Using cached python_dateutil-2.9.0.post0-py2.py3-none-any.whl (229 kB)
2025-08-21T21:27:52.8355337Z Using cached s3transfer-0.13.1-py3-none-any.whl (85 kB)
2025-08-21T21:27:52.8366854Z Using cached itsdangerous-2.2.0-py3-none-any.whl (16 kB)
2025-08-21T21:27:52.8378246Z Using cached setuptools-80.9.0-py3-none-any.whl (1.2 MB)
2025-08-21T21:27:52.8397705Z Using cached python_dotenv-1.1.1-py3-none-any.whl (20 kB)
2025-08-21T21:27:52.8408704Z Using cached python_multipart-0.0.20-py3-none-any.whl (24 kB)
2025-08-21T21:27:52.8419739Z Using cached annotated_types-0.7.0-py3-none-any.whl (13 kB)
2025-08-21T21:27:52.8430673Z Using cached certifi-2025.8.3-py3-none-any.whl (161 kB)
2025-08-21T21:27:52.8442806Z Using cached click_didyoumean-0.3.1-py3-none-any.whl (3.6 kB)
2025-08-21T21:27:52.8454124Z Using cached click_plugins-1.1.1.2-py2.py3-none-any.whl (11 kB)
2025-08-21T21:27:52.8464896Z Using cached click_repl-0.3.0-py3-none-any.whl (10 kB)
2025-08-21T21:27:52.8476096Z Using cached coverage-7.10.4-cp312-cp312-manylinux1_x86_64.manylinux_2_28_x86_64.manylinux_2_5_x86_64.whl (251 kB)
2025-08-21T21:27:52.8488362Z Using cached email_validator-2.2.0-py3-none-any.whl (33 kB)
2025-08-21T21:27:52.8499339Z Using cached dnspython-2.7.0-py3-none-any.whl (313 kB)
2025-08-21T21:27:52.8512424Z Using cached fastapi_cli-0.0.8-py3-none-any.whl (10 kB)
2025-08-21T21:27:52.8523390Z Using cached fastapi_cloud_cli-0.1.5-py3-none-any.whl (18 kB)
2025-08-21T21:27:52.8534586Z Using cached greenlet-3.2.4-cp312-cp312-manylinux_2_24_x86_64.manylinux_2_28_x86_64.whl (607 kB)
2025-08-21T21:27:52.8549486Z Using cached h11-0.16.0-py3-none-any.whl (37 kB)
2025-08-21T21:27:52.8561386Z Using cached iniconfig-2.1.0-py3-none-any.whl (6.0 kB)
2025-08-21T21:27:52.8572991Z Using cached MarkupSafe-3.0.2-cp312-cp312-manylinux_2_17_x86_64.manylinux2014_x86_64.whl (23 kB)
2025-08-21T21:27:52.8584384Z Using cached mirakuru-2.6.1-py3-none-any.whl (26 kB)
2025-08-21T21:27:52.8596099Z Using cached orjson-3.11.2-cp312-cp312-manylinux_2_17_x86_64.manylinux2014_x86_64.whl (121 kB)
2025-08-21T21:27:52.8607791Z Using cached packaging-25.0-py3-none-any.whl (66 kB)
2025-08-21T21:27:52.8619000Z Using cached pathspec-0.12.1-py3-none-any.whl (31 kB)
2025-08-21T21:27:52.8629985Z Using cached platformdirs-4.3.8-py3-none-any.whl (18 kB)
2025-08-21T21:27:52.8640815Z Using cached port_for-0.7.4-py3-none-any.whl (21 kB)
2025-08-21T21:27:52.8652268Z Using cached prompt_toolkit-3.0.51-py3-none-any.whl (387 kB)
2025-08-21T21:27:52.8666281Z Using cached psutil-7.0.0-cp36-abi3-manylinux_2_12_x86_64.manylinux2010_x86_64.manylinux_2_17_x86_64.manylinux2014_x86_64.whl (277 kB)
2025-08-21T21:27:52.8678834Z Using cached pydantic_extra_types-2.10.5-py3-none-any.whl (38 kB)
2025-08-21T21:27:52.8689984Z Using cached pydantic_settings-2.10.1-py3-none-any.whl (45 kB)
2025-08-21T21:27:52.8701280Z Using cached pygments-2.19.2-py3-none-any.whl (1.2 MB)
2025-08-21T21:27:52.8720854Z Using cached pytz-2025.2-py2.py3-none-any.whl (509 kB)
2025-08-21T21:27:52.8735439Z Using cached rich_toolkit-0.15.0-py3-none-any.whl (29 kB)
2025-08-21T21:27:52.8746632Z Using cached rich-14.1.0-py3-none-any.whl (243 kB)
2025-08-21T21:27:52.8759403Z Using cached markdown_it_py-4.0.0-py3-none-any.whl (87 kB)
2025-08-21T21:27:52.8771204Z Using cached mdurl-0.1.2-py3-none-any.whl (10.0 kB)
2025-08-21T21:27:52.8782841Z Using cached rignore-0.6.4-cp312-cp312-manylinux_2_17_x86_64.manylinux2014_x86_64.whl (949 kB)
2025-08-21T21:27:52.8800513Z Using cached sentry_sdk-2.35.0-py2.py3-none-any.whl (363 kB)
2025-08-21T21:27:52.8814516Z Using cached six-1.17.0-py2.py3-none-any.whl (11 kB)
2025-08-21T21:27:52.8825865Z Using cached sniffio-1.3.1-py3-none-any.whl (10 kB)
2025-08-21T21:27:52.8836971Z Using cached typer-0.16.1-py3-none-any.whl (46 kB)
2025-08-21T21:27:52.8848318Z Using cached shellingham-1.5.4-py2.py3-none-any.whl (9.8 kB)
2025-08-21T21:27:52.8859438Z Using cached typing_inspect-0.9.0-py3-none-any.whl (8.8 kB)
2025-08-21T21:27:52.8870768Z Using cached typing_inspection-0.4.1-py3-none-any.whl (14 kB)
2025-08-21T21:27:52.8882492Z Using cached tzdata-2025.2-py2.py3-none-any.whl (347 kB)
2025-08-21T21:27:52.8895696Z Using cached tzlocal-5.3.1-py3-none-any.whl (18 kB)
2025-08-21T21:27:52.8906851Z Using cached ujson-5.11.0-cp312-cp312-manylinux_2_24_x86_64.manylinux_2_28_x86_64.whl (57 kB)
2025-08-21T21:27:52.8917753Z Using cached uvicorn-0.35.0-py3-none-any.whl (66 kB)
2025-08-21T21:27:52.8929616Z Using cached httptools-0.6.4-cp312-cp312-manylinux_2_5_x86_64.manylinux1_x86_64.manylinux_2_17_x86_64.manylinux2014_x86_64.whl (510 kB)
2025-08-21T21:27:52.8943905Z Using cached uvloop-0.21.0-cp312-cp312-manylinux_2_17_x86_64.manylinux2014_x86_64.whl (4.7 MB)
2025-08-21T21:27:52.8987775Z Using cached watchfiles-1.1.0-cp312-cp312-manylinux_2_17_x86_64.manylinux2014_x86_64.whl (452 kB)
2025-08-21T21:27:52.9002019Z Using cached websockets-15.0.1-cp312-cp312-manylinux_2_5_x86_64.manylinux1_x86_64.manylinux_2_17_x86_64.manylinux2014_x86_64.whl (182 kB)
2025-08-21T21:27:52.9013557Z Using cached yapf-0.43.0-py3-none-any.whl (256 kB)
2025-08-21T21:27:52.9026021Z Using cached argon2_cffi-25.1.0-py3-none-any.whl (14 kB)
2025-08-21T21:27:52.9037310Z Using cached argon2_cffi_bindings-25.1.0-cp39-abi3-manylinux_2_26_x86_64.manylinux_2_28_x86_64.whl (87 kB)
2025-08-21T21:27:52.9048718Z Using cached cffi-1.17.1-cp312-cp312-manylinux_2_17_x86_64.manylinux2014_x86_64.whl (479 kB)
2025-08-21T21:27:52.9062609Z Using cached docker-7.1.0-py3-none-any.whl (147 kB)
2025-08-21T21:27:52.9074350Z Using cached et_xmlfile-2.0.0-py3-none-any.whl (18 kB)
2025-08-21T21:27:52.9085111Z Using cached mako-1.3.10-py3-none-any.whl (78 kB)
2025-08-21T21:27:52.9096310Z Using cached pycparser-2.22-py3-none-any.whl (117 kB)
2025-08-21T21:27:52.9108454Z Using cached pycryptodome-3.23.0-cp37-abi3-manylinux_2_17_x86_64.manylinux2014_x86_64.whl (2.3 MB)
2025-08-21T21:27:52.9135137Z Using cached toml-0.10.2-py2.py3-none-any.whl (16 kB)
2025-08-21T21:27:52.9145940Z Using cached typeguard-4.4.4-py3-none-any.whl (34 kB)
2025-08-21T21:27:52.9156887Z Using cached watchdog-6.0.0-py3-none-manylinux2014_x86_64.whl (79 kB)
2025-08-21T21:27:52.9168003Z Using cached wcwidth-0.2.13-py2.py3-none-any.whl (34 kB)
2025-08-21T21:27:53.4033158Z Installing collected packages: wcwidth, pytz, wrapt, websockets, watchdog, vine, uvloop, urllib3, ujson, tzlocal, tzdata, typing-extensions, tomli_w, tomli, toml, structlog, sniffio, six, shellingham, setuptools, ruff, rignore, redis, PyYAML, python-multipart, python-dotenv, pygments, pycryptodome, pycparser, psycopg2-binary, psycopg-binary, psutil, prompt-toolkit, port-for, pluggy, platformdirs, pathspec, packaging, orjson, numpy, nr-stream, nr-date, mypy-extensions, multimethod, mdurl, MarkupSafe, jmespath, itsdangerous, iniconfig, imapclient, idna, httptools, h11, greenlet, et-xmlfile, docstring-parser, dnspython, coverage, click, charset_normalizer, certifi, billiard, asyncpg, annotated-types, yapf, vulture, uvicorn, typing-inspection, typing-inspect, types-requests, typeguard, typeapi, sqlalchemy, sentry-sdk, requests, python-dateutil, pytest, pydantic-core, psycopg, openpyxl, mypy, mirakuru, markdown-it-py, Mako, Jinja2, httpcore, email-validator, Deprecated, click-repl, click-plugins, click-didyoumean, cffi, black, apscheduler, anyio, amqp, watchfiles, starlette, rich, pytest-postgresql, pytest-cov, pytest-asyncio, pydantic, pandas, nr-util, kombu, httpx, docker, databind, botocore, argon2-cffi-bindings, alembic, typer, testcontainers, s3transfer, rich-toolkit, respx, python-telegram-bot, pydantic-settings, pydantic-extra-types, pandera, fastapi, databind.json, databind.core, celery, asgi-correlation-id, argon2-cffi, minio, fastapi-limiter, fastapi-cloud-cli, fastapi-cli, docspec, boto3, docspec-python, pydoc-markdown
2025-08-21T21:28:12.3369687Z 
2025-08-21T21:28:12.3491708Z Successfully installed Deprecated-1.2.18 Jinja2-3.1.6 Mako-1.3.10 MarkupSafe-3.0.2 PyYAML-6.0.2 alembic-1.16.4 amqp-5.3.1 annotated-types-0.7.0 anyio-4.10.0 apscheduler-3.10.4 argon2-cffi-25.1.0 argon2-cffi-bindings-25.1.0 asgi-correlation-id-4.3.1 asyncpg-0.30.0 billiard-4.2.1 black-25.1.0 boto3-1.40.15 botocore-1.40.15 celery-5.5.3 certifi-2025.8.3 cffi-1.17.1 charset_normalizer-3.4.3 click-8.2.1 click-didyoumean-0.3.1 click-plugins-1.1.1.2 click-repl-0.3.0 coverage-7.10.4 databind-4.5.2 databind.core-4.5.2 databind.json-4.5.2 dnspython-2.7.0 docker-7.1.0 docspec-2.2.1 docspec-python-2.2.2 docstring-parser-0.11 email-validator-2.2.0 et-xmlfile-2.0.0 fastapi-0.116.1 fastapi-cli-0.0.8 fastapi-cloud-cli-0.1.5 fastapi-limiter-0.1.6 greenlet-3.2.4 h11-0.16.0 httpcore-1.0.9 httptools-0.6.4 httpx-0.28.1 idna-3.10 imapclient-3.0.1 iniconfig-2.1.0 itsdangerous-2.2.0 jmespath-1.0.1 kombu-5.5.4 markdown-it-py-4.0.0 mdurl-0.1.2 minio-7.2.16 mirakuru-2.6.1 multimethod-1.10 mypy-1.17.1 mypy-extensions-1.1.0 nr-date-2.1.0 nr-stream-1.1.5 nr-util-0.8.12 numpy-1.26.4 openpyxl-3.1.5 orjson-3.11.2 packaging-25.0 pandas-2.2.3 pandera-0.19.3 pathspec-0.12.1 platformdirs-4.3.8 pluggy-1.6.0 port-for-0.7.4 prompt-toolkit-3.0.51 psutil-7.0.0 psycopg-3.2.9 psycopg-binary-3.2.9 psycopg2-binary-2.9.10 pycparser-2.22 pycryptodome-3.23.0 pydantic-2.11.7 pydantic-core-2.33.2 pydantic-extra-types-2.10.5 pydantic-settings-2.10.1 pydoc-markdown-4.8.2 pygments-2.19.2 pytest-8.4.1 pytest-asyncio-1.1.0 pytest-cov-6.2.1 pytest-postgresql-7.0.2 python-dateutil-2.9.0.post0 python-dotenv-1.1.1 python-multipart-0.0.20 python-telegram-bot-22.3 pytz-2025.2 redis-6.4.0 requests-2.32.4 respx-0.22.0 rich-14.1.0 rich-toolkit-0.15.0 rignore-0.6.4 ruff-0.9.9 s3transfer-0.13.1 sentry-sdk-2.35.0 setuptools-80.9.0 shellingham-1.5.4 six-1.17.0 sniffio-1.3.1 sqlalchemy-2.0.43 starlette-0.47.2 structlog-24.1.0 testcontainers-4.12.0 toml-0.10.2 tomli-2.2.1 tomli_w-1.2.0 typeapi-2.2.4 typeguard-4.4.4 typer-0.16.1 types-requests-2.32.4.20250809 typing-extensions-4.14.1 typing-inspect-0.9.0 typing-inspection-0.4.1 tzdata-2025.2 tzlocal-5.3.1 ujson-5.11.0 urllib3-2.5.0 uvicorn-0.35.0 uvloop-0.21.0 vine-5.1.0 vulture-2.10 watchdog-6.0.0 watchfiles-1.1.0 wcwidth-0.2.13 websockets-15.0.1 wrapt-1.17.3 yapf-0.43.0
2025-08-21T21:28:14.0464385Z Collecting keepa==1.3.15
2025-08-21T21:28:14.0477090Z   Using cached keepa-1.3.15-py3-none-any.whl.metadata (11 kB)
2025-08-21T21:28:14.0877838Z Collecting minio==7.1.15
2025-08-21T21:28:14.0889570Z   Using cached minio-7.1.15-py3-none-any.whl.metadata (4.2 kB)
2025-08-21T21:28:14.0915945Z Requirement already satisfied: numpy>=1.9.3 in /opt/hostedtoolcache/Python/3.12.11/x64/lib/python3.12/site-packages (from keepa==1.3.15) (1.26.4)
2025-08-21T21:28:14.0922014Z Requirement already satisfied: requests>=2.2 in /opt/hostedtoolcache/Python/3.12.11/x64/lib/python3.12/site-packages (from keepa==1.3.15) (2.32.4)
2025-08-21T21:28:14.1225309Z Collecting tqdm (from keepa==1.3.15)
2025-08-21T21:28:14.1236799Z   Using cached tqdm-4.67.1-py3-none-any.whl.metadata (57 kB)
2025-08-21T21:28:14.5994408Z Collecting aiohttp (from keepa==1.3.15)
2025-08-21T21:28:14.6007528Z   Using cached aiohttp-3.12.15-cp312-cp312-manylinux_2_17_x86_64.manylinux2014_x86_64.whl.metadata (7.7 kB)
2025-08-21T21:28:14.6041949Z Requirement already satisfied: pandas<=3.0 in /opt/hostedtoolcache/Python/3.12.11/x64/lib/python3.12/site-packages (from keepa==1.3.15) (2.2.3)
2025-08-21T21:28:14.6045588Z Requirement already satisfied: pydantic in /opt/hostedtoolcache/Python/3.12.11/x64/lib/python3.12/site-packages (from keepa==1.3.15) (2.11.7)
2025-08-21T21:28:14.6053340Z Requirement already satisfied: certifi in /opt/hostedtoolcache/Python/3.12.11/x64/lib/python3.12/site-packages (from minio==7.1.15) (2025.8.3)
2025-08-21T21:28:14.6056482Z Requirement already satisfied: urllib3 in /opt/hostedtoolcache/Python/3.12.11/x64/lib/python3.12/site-packages (from minio==7.1.15) (2.5.0)
2025-08-21T21:28:14.6112560Z Requirement already satisfied: python-dateutil>=2.8.2 in /opt/hostedtoolcache/Python/3.12.11/x64/lib/python3.12/site-packages (from pandas<=3.0->keepa==1.3.15) (2.9.0.post0)
2025-08-21T21:28:14.6117604Z Requirement already satisfied: pytz>=2020.1 in /opt/hostedtoolcache/Python/3.12.11/x64/lib/python3.12/site-packages (from pandas<=3.0->keepa==1.3.15) (2025.2)
2025-08-21T21:28:14.6122819Z Requirement already satisfied: tzdata>=2022.7 in /opt/hostedtoolcache/Python/3.12.11/x64/lib/python3.12/site-packages (from pandas<=3.0->keepa==1.3.15) (2025.2)
2025-08-21T21:28:14.6248242Z Requirement already satisfied: six>=1.5 in /opt/hostedtoolcache/Python/3.12.11/x64/lib/python3.12/site-packages (from python-dateutil>=2.8.2->pandas<=3.0->keepa==1.3.15) (1.17.0)
2025-08-21T21:28:14.6267267Z Requirement already satisfied: charset_normalizer<4,>=2 in /opt/hostedtoolcache/Python/3.12.11/x64/lib/python3.12/site-packages (from requests>=2.2->keepa==1.3.15) (3.4.3)
2025-08-21T21:28:14.6273722Z Requirement already satisfied: idna<4,>=2.5 in /opt/hostedtoolcache/Python/3.12.11/x64/lib/python3.12/site-packages (from requests>=2.2->keepa==1.3.15) (3.10)
2025-08-21T21:28:14.6462566Z Collecting aiohappyeyeballs>=2.5.0 (from aiohttp->keepa==1.3.15)
2025-08-21T21:28:14.6473794Z   Using cached aiohappyeyeballs-2.6.1-py3-none-any.whl.metadata (5.9 kB)
2025-08-21T21:28:14.6639254Z Collecting aiosignal>=1.4.0 (from aiohttp->keepa==1.3.15)
2025-08-21T21:28:14.6650352Z   Using cached aiosignal-1.4.0-py3-none-any.whl.metadata (3.7 kB)
2025-08-21T21:28:14.6792207Z Collecting attrs>=17.3.0 (from aiohttp->keepa==1.3.15)
2025-08-21T21:28:14.6803339Z   Using cached attrs-25.3.0-py3-none-any.whl.metadata (10 kB)
2025-08-21T21:28:14.7444710Z Collecting frozenlist>=1.1.1 (from aiohttp->keepa==1.3.15)
2025-08-21T21:28:14.7456886Z   Using cached frozenlist-1.7.0-cp312-cp312-manylinux_2_5_x86_64.manylinux1_x86_64.manylinux_2_17_x86_64.manylinux2014_x86_64.whl.metadata (18 kB)
2025-08-21T21:28:14.9818709Z Collecting multidict<7.0,>=4.5 (from aiohttp->keepa==1.3.15)
2025-08-21T21:28:14.9833092Z   Using cached multidict-6.6.4-cp312-cp312-manylinux2014_x86_64.manylinux_2_17_x86_64.manylinux_2_28_x86_64.whl.metadata (5.3 kB)
2025-08-21T21:28:15.0305965Z Collecting propcache>=0.2.0 (from aiohttp->keepa==1.3.15)
2025-08-21T21:28:15.0318458Z   Using cached propcache-0.3.2-cp312-cp312-manylinux_2_17_x86_64.manylinux2014_x86_64.whl.metadata (12 kB)
2025-08-21T21:28:15.2721931Z Collecting yarl<2.0,>=1.17.0 (from aiohttp->keepa==1.3.15)
2025-08-21T21:28:15.2735019Z   Using cached yarl-1.20.1-cp312-cp312-manylinux_2_17_x86_64.manylinux2014_x86_64.whl.metadata (73 kB)
2025-08-21T21:28:15.2952255Z Requirement already satisfied: typing-extensions>=4.2 in /opt/hostedtoolcache/Python/3.12.11/x64/lib/python3.12/site-packages (from aiosignal>=1.4.0->aiohttp->keepa==1.3.15) (4.14.1)
2025-08-21T21:28:15.3000526Z Requirement already satisfied: annotated-types>=0.6.0 in /opt/hostedtoolcache/Python/3.12.11/x64/lib/python3.12/site-packages (from pydantic->keepa==1.3.15) (0.7.0)
2025-08-21T21:28:15.3007119Z Requirement already satisfied: pydantic-core==2.33.2 in /opt/hostedtoolcache/Python/3.12.11/x64/lib/python3.12/site-packages (from pydantic->keepa==1.3.15) (2.33.2)
2025-08-21T21:28:15.3014865Z Requirement already satisfied: typing-inspection>=0.4.0 in /opt/hostedtoolcache/Python/3.12.11/x64/lib/python3.12/site-packages (from pydantic->keepa==1.3.15) (0.4.1)
2025-08-21T21:28:15.3074233Z Using cached keepa-1.3.15-py3-none-any.whl (38 kB)
2025-08-21T21:28:15.3085541Z Using cached minio-7.1.15-py3-none-any.whl (77 kB)
2025-08-21T21:28:15.3097525Z Using cached aiohttp-3.12.15-cp312-cp312-manylinux_2_17_x86_64.manylinux2014_x86_64.whl (1.7 MB)
2025-08-21T21:28:15.3121636Z Using cached multidict-6.6.4-cp312-cp312-manylinux2014_x86_64.manylinux_2_17_x86_64.manylinux_2_28_x86_64.whl (256 kB)
2025-08-21T21:28:15.3134371Z Using cached yarl-1.20.1-cp312-cp312-manylinux_2_17_x86_64.manylinux2014_x86_64.whl (355 kB)
2025-08-21T21:28:15.3147785Z Using cached aiohappyeyeballs-2.6.1-py3-none-any.whl (15 kB)
2025-08-21T21:28:15.3158915Z Using cached aiosignal-1.4.0-py3-none-any.whl (7.5 kB)
2025-08-21T21:28:15.3169832Z Using cached attrs-25.3.0-py3-none-any.whl (63 kB)
2025-08-21T21:28:15.3182015Z Using cached frozenlist-1.7.0-cp312-cp312-manylinux_2_5_x86_64.manylinux1_x86_64.manylinux_2_17_x86_64.manylinux2014_x86_64.whl (241 kB)
2025-08-21T21:28:15.3194761Z Using cached propcache-0.3.2-cp312-cp312-manylinux_2_17_x86_64.manylinux2014_x86_64.whl (224 kB)
2025-08-21T21:28:15.3206979Z Using cached tqdm-4.67.1-py3-none-any.whl (78 kB)
2025-08-21T21:28:15.5039808Z Installing collected packages: tqdm, propcache, multidict, minio, frozenlist, attrs, aiohappyeyeballs, yarl, aiosignal, aiohttp, keepa
2025-08-21T21:28:15.5775417Z   Attempting uninstall: minio
2025-08-21T21:28:15.5841545Z     Found existing installation: minio 7.2.16
2025-08-21T21:28:15.5886130Z     Uninstalling minio-7.2.16:
2025-08-21T21:28:15.5899876Z       Successfully uninstalled minio-7.2.16
2025-08-21T21:28:15.9476828Z 
2025-08-21T21:28:15.9593386Z Successfully installed aiohappyeyeballs-2.6.1 aiohttp-3.12.15 aiosignal-1.4.0 attrs-25.3.0 frozenlist-1.7.0 keepa-1.3.15 minio-7.1.15 multidict-6.6.4 propcache-0.3.2 tqdm-4.67.1 yarl-1.20.1
2025-08-21T21:28:16.1089033Z ##[group]Run for i in {1..30}; do pg_isready -h "$PG_HOST" -p "$PG_PORT" -U "$PG_USER" -d "$PG_DATABASE" && break; sleep 1; done
2025-08-21T21:28:16.1089688Z [36;1mfor i in {1..30}; do pg_isready -h "$PG_HOST" -p "$PG_PORT" -U "$PG_USER" -d "$PG_DATABASE" && break; sleep 1; done[0m
2025-08-21T21:28:16.1130191Z shell: /usr/bin/bash -e {0}
2025-08-21T21:28:16.1130412Z env:
2025-08-21T21:28:16.1130609Z   REDIS_URL: redis://localhost:6379/0
2025-08-21T21:28:16.1130862Z   RATE_LIMIT_DEFAULT: 100/minute
2025-08-21T21:28:16.1131288Z   TRUST_X_FORWARDED: 1
2025-08-21T21:28:16.1131483Z   PG_USER: postgres
2025-08-21T21:28:16.1131672Z   PG_PASSWORD: pass
2025-08-21T21:28:16.1131845Z   PG_DATABASE: awa
2025-08-21T21:28:16.1132023Z   PG_HOST: localhost
2025-08-21T21:28:16.1132206Z   PG_PORT: 5432
2025-08-21T21:28:16.1132833Z   PG_SYNC_DSN: ***localhost:5432/awa
2025-08-21T21:28:16.1133236Z   PG_ASYNC_DSN: ***localhost:5432/awa
2025-08-21T21:28:16.1133633Z   DATABASE_URL: ***localhost:5432/awa
2025-08-21T21:28:16.1134048Z   DATA_DIR: /tmp/awa-data
2025-08-21T21:28:16.1134242Z   ENABLE_LIVE: 0
2025-08-21T21:28:16.1134413Z   TESTING: 1
2025-08-21T21:28:16.1134649Z   pythonLocation: /opt/hostedtoolcache/Python/3.12.11/x64
2025-08-21T21:28:16.1135032Z   PKG_CONFIG_PATH: /opt/hostedtoolcache/Python/3.12.11/x64/lib/pkgconfig
2025-08-21T21:28:16.1135410Z   Python_ROOT_DIR: /opt/hostedtoolcache/Python/3.12.11/x64
2025-08-21T21:28:16.1135749Z   Python2_ROOT_DIR: /opt/hostedtoolcache/Python/3.12.11/x64
2025-08-21T21:28:16.1136089Z   Python3_ROOT_DIR: /opt/hostedtoolcache/Python/3.12.11/x64
2025-08-21T21:28:16.1136424Z   LD_LIBRARY_PATH: /opt/hostedtoolcache/Python/3.12.11/x64/lib
2025-08-21T21:28:16.1136712Z ##[endgroup]
2025-08-21T21:28:16.2140021Z localhost:5432 - accepting connections
2025-08-21T21:28:16.2171914Z ##[group]Run alembic -c services/api/alembic.ini upgrade head
2025-08-21T21:28:16.2172365Z [36;1malembic -c services/api/alembic.ini upgrade head[0m
2025-08-21T21:28:16.2211709Z shell: /usr/bin/bash -e {0}
2025-08-21T21:28:16.2211943Z env:
2025-08-21T21:28:16.2212143Z   REDIS_URL: redis://localhost:6379/0
2025-08-21T21:28:16.2212401Z   RATE_LIMIT_DEFAULT: 100/minute
2025-08-21T21:28:16.2212614Z   TRUST_X_FORWARDED: 1
2025-08-21T21:28:16.2212811Z   PG_USER: postgres
2025-08-21T21:28:16.2212995Z   PG_PASSWORD: pass
2025-08-21T21:28:16.2213176Z   PG_DATABASE: awa
2025-08-21T21:28:16.2213356Z   PG_HOST: localhost
2025-08-21T21:28:16.2213546Z   PG_PORT: 5432
2025-08-21T21:28:16.2213988Z   PG_SYNC_DSN: ***localhost:5432/awa
2025-08-21T21:28:16.2214376Z   PG_ASYNC_DSN: ***localhost:5432/awa
2025-08-21T21:28:16.2214743Z   DATABASE_URL: ***localhost:5432/awa
2025-08-21T21:28:16.2214971Z   DATA_DIR: /tmp/awa-data
2025-08-21T21:28:16.2215171Z   ENABLE_LIVE: 0
2025-08-21T21:28:16.2215369Z   TESTING: 1
2025-08-21T21:28:16.2215612Z   pythonLocation: /opt/hostedtoolcache/Python/3.12.11/x64
2025-08-21T21:28:16.2216003Z   PKG_CONFIG_PATH: /opt/hostedtoolcache/Python/3.12.11/x64/lib/pkgconfig
2025-08-21T21:28:16.2216389Z   Python_ROOT_DIR: /opt/hostedtoolcache/Python/3.12.11/x64
2025-08-21T21:28:16.2216725Z   Python2_ROOT_DIR: /opt/hostedtoolcache/Python/3.12.11/x64
2025-08-21T21:28:16.2217072Z   Python3_ROOT_DIR: /opt/hostedtoolcache/Python/3.12.11/x64
2025-08-21T21:28:16.2217418Z   LD_LIBRARY_PATH: /opt/hostedtoolcache/Python/3.12.11/x64/lib
2025-08-21T21:28:16.2217701Z ##[endgroup]
2025-08-21T21:28:17.7122792Z INFO  [alembic.runtime.migration] Context impl PostgresqlImpl.
2025-08-21T21:28:17.7123389Z INFO  [alembic.runtime.migration] Will assume transactional DDL.
2025-08-21T21:28:17.7326601Z INFO  [alembic.runtime.migration] Running upgrade  -> 0001_baseline
2025-08-21T21:28:17.7463787Z INFO  [alembic.runtime.migration] Running upgrade 0001_baseline -> 0002_create_roi_view
2025-08-21T21:28:17.7489652Z INFO  [alembic.runtime.migration] Running upgrade 0002_create_roi_view -> 3e9d5c5aff2c
2025-08-21T21:28:17.7654058Z INFO  [alembic.runtime.migration] Running upgrade 3e9d5c5aff2c -> 0003_vendor_prices
2025-08-21T21:28:17.7788369Z INFO  [alembic.runtime.migration] Running upgrade 0003_vendor_prices -> 0004_fee_cron
2025-08-21T21:28:17.7861409Z INFO  [alembic.runtime.migration] Running upgrade 0004_fee_cron -> 0006_fix_roi_views
2025-08-21T21:28:17.7893846Z INFO  [alembic.runtime.migration] Running upgrade 0006_fix_roi_views -> 0020_unified_schema
2025-08-21T21:28:17.8003103Z INFO  [alembic.runtime.migration] Running upgrade 0020_unified_schema -> 0022_fix_roi_view
2025-08-21T21:28:17.8064706Z INFO  [alembic.runtime.migration] Running upgrade 0022_fix_roi_view -> 0023_add_storage_fee
2025-08-21T21:28:17.8103227Z INFO  [alembic.runtime.migration] Running upgrade 0023_add_storage_fee -> 0024_create_buybox
2025-08-21T21:28:17.8131235Z INFO  [alembic.runtime.migration] Running upgrade 0024_create_buybox -> 0025_pr4_indexes_loadlog
2025-08-21T21:28:17.8339472Z INFO  [alembic.runtime.migration] Running upgrade 0025_pr4_indexes_loadlog -> 0026_fix_refund_views
2025-08-21T21:28:17.8395270Z INFO  [alembic.runtime.migration] Running upgrade 0025_pr4_indexes_loadlog -> 0026_amazon_new_reports
2025-08-21T21:28:17.8585926Z INFO  [alembic.runtime.migration] Running upgrade 0026_amazon_new_reports, 0026_fix_refund_views -> 0027_merge_reports_refund_heads
2025-08-21T21:28:17.9310122Z ##[group]Run python - <<'PY'
2025-08-21T21:28:17.9310420Z [36;1mpython - <<'PY'[0m
2025-08-21T21:28:17.9310667Z [36;1mfrom fastapi.testclient import TestClient[0m
2025-08-21T21:28:17.9311272Z [36;1mfrom services.api.main import app[0m
2025-08-21T21:28:17.9311549Z [36;1mwith TestClient(app) as c:[0m
2025-08-21T21:28:17.9311789Z [36;1m    r = c.get('/roi-review')[0m
2025-08-21T21:28:17.9312040Z [36;1m    assert r.status_code < 500, r.text[0m
2025-08-21T21:28:17.9312283Z [36;1mPY[0m
2025-08-21T21:28:17.9351550Z shell: /usr/bin/bash -e {0}
2025-08-21T21:28:17.9351775Z env:
2025-08-21T21:28:17.9351971Z   REDIS_URL: redis://localhost:6379/0
2025-08-21T21:28:17.9352237Z   RATE_LIMIT_DEFAULT: 100/minute
2025-08-21T21:28:17.9352455Z   TRUST_X_FORWARDED: 1
2025-08-21T21:28:17.9352656Z   PG_USER: postgres
2025-08-21T21:28:17.9352880Z   PG_PASSWORD: pass
2025-08-21T21:28:17.9353063Z   PG_DATABASE: awa
2025-08-21T21:28:17.9353237Z   PG_HOST: localhost
2025-08-21T21:28:17.9353453Z   PG_PORT: 5432
2025-08-21T21:28:17.9353982Z   PG_SYNC_DSN: ***localhost:5432/awa
2025-08-21T21:28:17.9354388Z   PG_ASYNC_DSN: ***localhost:5432/awa
2025-08-21T21:28:17.9354762Z   DATABASE_URL: ***localhost:5432/awa
2025-08-21T21:28:17.9354991Z   DATA_DIR: /tmp/awa-data
2025-08-21T21:28:17.9355192Z   ENABLE_LIVE: 0
2025-08-21T21:28:17.9355364Z   TESTING: 1
2025-08-21T21:28:17.9355591Z   pythonLocation: /opt/hostedtoolcache/Python/3.12.11/x64
2025-08-21T21:28:17.9355981Z   PKG_CONFIG_PATH: /opt/hostedtoolcache/Python/3.12.11/x64/lib/pkgconfig
2025-08-21T21:28:17.9356361Z   Python_ROOT_DIR: /opt/hostedtoolcache/Python/3.12.11/x64
2025-08-21T21:28:17.9356702Z   Python2_ROOT_DIR: /opt/hostedtoolcache/Python/3.12.11/x64
2025-08-21T21:28:17.9357046Z   Python3_ROOT_DIR: /opt/hostedtoolcache/Python/3.12.11/x64
2025-08-21T21:28:17.9357395Z   LD_LIBRARY_PATH: /opt/hostedtoolcache/Python/3.12.11/x64/lib
2025-08-21T21:28:17.9357691Z ##[endgroup]
2025-08-21T21:28:19.6399244Z WARNING:services.api.errors:{"status_code": 401, "detail": "Not authenticated", "event": "http_error", "request_id": "6a26e6f1648347c4a3be20f363139c96", "level": "warning", "timestamp": "2025-08-21T21:28:19.639613Z"}
2025-08-21T21:28:19.6403307Z INFO:httpx:HTTP Request: GET http://testserver/roi-review "HTTP/1.1 401 Unauthorized"
2025-08-21T21:28:19.8015985Z ##[group]Run alembic -c services/api/alembic.ini downgrade base
2025-08-21T21:28:19.8016415Z [36;1malembic -c services/api/alembic.ini downgrade base[0m
2025-08-21T21:28:19.8055679Z shell: /usr/bin/bash -e {0}
2025-08-21T21:28:19.8055906Z env:
2025-08-21T21:28:19.8056102Z   REDIS_URL: redis://localhost:6379/0
2025-08-21T21:28:19.8056361Z   RATE_LIMIT_DEFAULT: 100/minute
2025-08-21T21:28:19.8056581Z   TRUST_X_FORWARDED: 1
2025-08-21T21:28:19.8056774Z   PG_USER: postgres
2025-08-21T21:28:19.8056972Z   PG_PASSWORD: pass
2025-08-21T21:28:19.8057154Z   PG_DATABASE: awa
2025-08-21T21:28:19.8057332Z   PG_HOST: localhost
2025-08-21T21:28:19.8057509Z   PG_PORT: 5432
2025-08-21T21:28:19.8057931Z   PG_SYNC_DSN: ***localhost:5432/awa
2025-08-21T21:28:19.8058322Z   PG_ASYNC_DSN: ***localhost:5432/awa
2025-08-21T21:28:19.8058702Z   DATABASE_URL: ***localhost:5432/awa
2025-08-21T21:28:19.8058936Z   DATA_DIR: /tmp/awa-data
2025-08-21T21:28:19.8059131Z   ENABLE_LIVE: 0
2025-08-21T21:28:19.8059334Z   TESTING: 1
2025-08-21T21:28:19.8059561Z   pythonLocation: /opt/hostedtoolcache/Python/3.12.11/x64
2025-08-21T21:28:19.8059953Z   PKG_CONFIG_PATH: /opt/hostedtoolcache/Python/3.12.11/x64/lib/pkgconfig
2025-08-21T21:28:19.8060332Z   Python_ROOT_DIR: /opt/hostedtoolcache/Python/3.12.11/x64
2025-08-21T21:28:19.8060673Z   Python2_ROOT_DIR: /opt/hostedtoolcache/Python/3.12.11/x64
2025-08-21T21:28:19.8061270Z   Python3_ROOT_DIR: /opt/hostedtoolcache/Python/3.12.11/x64
2025-08-21T21:28:19.8061624Z   LD_LIBRARY_PATH: /opt/hostedtoolcache/Python/3.12.11/x64/lib
2025-08-21T21:28:19.8062103Z ##[endgroup]
2025-08-21T21:28:20.2623311Z INFO  [alembic.runtime.migration] Context impl PostgresqlImpl.
2025-08-21T21:28:20.2624057Z INFO  [alembic.runtime.migration] Will assume transactional DDL.
2025-08-21T21:28:20.2723092Z INFO  [alembic.runtime.migration] Running downgrade 0027_merge_reports_refund_heads -> 0026_amazon_new_reports, 0026_fix_refund_views
2025-08-21T21:28:20.2745912Z INFO  [alembic.runtime.migration] Running downgrade 0026_amazon_new_reports -> 0025_pr4_indexes_loadlog
2025-08-21T21:28:20.2831532Z INFO  [alembic.runtime.migration] Running downgrade 0026_fix_refund_views -> 0025_pr4_indexes_loadlog
2025-08-21T21:28:20.2888757Z INFO  [alembic.runtime.migration] Running downgrade 0025_pr4_indexes_loadlog -> 0024_create_buybox
2025-08-21T21:28:20.2930374Z INFO  [alembic.runtime.migration] Running downgrade 0024_create_buybox -> 0023_add_storage_fee
2025-08-21T21:28:20.2947685Z INFO  [alembic.runtime.migration] Running downgrade 0023_add_storage_fee -> 0022_fix_roi_view
2025-08-21T21:28:20.3114126Z INFO  [alembic.runtime.migration] Running downgrade 0022_fix_roi_view -> 0020_unified_schema
2025-08-21T21:28:20.3138024Z INFO  [alembic.runtime.migration] Running downgrade 0020_unified_schema -> 0006_fix_roi_views
2025-08-21T21:28:20.3171604Z INFO  [alembic.runtime.migration] Running downgrade 0006_fix_roi_views -> 0004_fee_cron
2025-08-21T21:28:20.3192918Z INFO  [alembic.runtime.migration] Running downgrade 0004_fee_cron -> 0003_vendor_prices
2025-08-21T21:28:20.3264628Z INFO  [alembic.runtime.migration] Running downgrade 0003_vendor_prices -> 3e9d5c5aff2c
2025-08-21T21:28:20.3303560Z INFO  [alembic.runtime.migration] Running downgrade 3e9d5c5aff2c -> 0002_create_roi_view
2025-08-21T21:28:20.3339749Z INFO  [alembic.runtime.migration] Running downgrade 0002_create_roi_view -> 0001_baseline
2025-08-21T21:28:20.3349188Z INFO  [alembic.runtime.migration] Running downgrade 0001_baseline -> 
2025-08-21T21:28:20.4159961Z ##[group]Run test "$(alembic -c services/api/alembic.ini heads | wc -l)" -eq 1
2025-08-21T21:28:20.4160483Z [36;1mtest "$(alembic -c services/api/alembic.ini heads | wc -l)" -eq 1[0m
2025-08-21T21:28:20.4200033Z shell: /usr/bin/bash -e {0}
2025-08-21T21:28:20.4200259Z env:
2025-08-21T21:28:20.4200461Z   REDIS_URL: redis://localhost:6379/0
2025-08-21T21:28:20.4200729Z   RATE_LIMIT_DEFAULT: 100/minute
2025-08-21T21:28:20.4201119Z   TRUST_X_FORWARDED: 1
2025-08-21T21:28:20.4201317Z   PG_USER: postgres
2025-08-21T21:28:20.4201502Z   PG_PASSWORD: pass
2025-08-21T21:28:20.4201674Z   PG_DATABASE: awa
2025-08-21T21:28:20.4201843Z   PG_HOST: localhost
2025-08-21T21:28:20.4202021Z   PG_PORT: 5432
2025-08-21T21:28:20.4202439Z   PG_SYNC_DSN: ***localhost:5432/awa
2025-08-21T21:28:20.4202825Z   PG_ASYNC_DSN: ***localhost:5432/awa
2025-08-21T21:28:20.4203190Z   DATABASE_URL: ***localhost:5432/awa
2025-08-21T21:28:20.4203415Z   DATA_DIR: /tmp/awa-data
2025-08-21T21:28:20.4203655Z   ENABLE_LIVE: 0
2025-08-21T21:28:20.4203821Z   TESTING: 1
2025-08-21T21:28:20.4204072Z   pythonLocation: /opt/hostedtoolcache/Python/3.12.11/x64
2025-08-21T21:28:20.4204468Z   PKG_CONFIG_PATH: /opt/hostedtoolcache/Python/3.12.11/x64/lib/pkgconfig
2025-08-21T21:28:20.4204848Z   Python_ROOT_DIR: /opt/hostedtoolcache/Python/3.12.11/x64
2025-08-21T21:28:20.4205182Z   Python2_ROOT_DIR: /opt/hostedtoolcache/Python/3.12.11/x64
2025-08-21T21:28:20.4205524Z   Python3_ROOT_DIR: /opt/hostedtoolcache/Python/3.12.11/x64
2025-08-21T21:28:20.4205869Z   LD_LIBRARY_PATH: /opt/hostedtoolcache/Python/3.12.11/x64/lib
2025-08-21T21:28:20.4206149Z ##[endgroup]
2025-08-21T21:28:20.7304116Z Traceback (most recent call last):
2025-08-21T21:28:20.7311216Z   File "/opt/hostedtoolcache/Python/3.12.11/x64/bin/alembic", line 7, in <module>
2025-08-21T21:28:20.7311766Z     sys.exit(main())
2025-08-21T21:28:20.7311969Z              ^^^^^^
2025-08-21T21:28:20.7312514Z   File "/opt/hostedtoolcache/Python/3.12.11/x64/lib/python3.12/site-packages/alembic/config.py", line 1016, in main
2025-08-21T21:28:20.7314902Z     CommandLine(prog=prog).main(argv=argv)
2025-08-21T21:28:20.7315935Z   File "/opt/hostedtoolcache/Python/3.12.11/x64/lib/python3.12/site-packages/alembic/config.py", line 1006, in main
2025-08-21T21:28:20.7316837Z     self.run_cmd(cfg, options)
2025-08-21T21:28:20.7317749Z   File "/opt/hostedtoolcache/Python/3.12.11/x64/lib/python3.12/site-packages/alembic/config.py", line 940, in run_cmd
2025-08-21T21:28:20.7318598Z     fn(
2025-08-21T21:28:20.7319391Z   File "/opt/hostedtoolcache/Python/3.12.11/x64/lib/python3.12/site-packages/alembic/command.py", line 645, in heads
2025-08-21T21:28:20.7320366Z     heads = script.get_revisions(script.get_heads())
2025-08-21T21:28:20.7321058Z                                  ^^^^^^^^^^^^^^^^^^
2025-08-21T21:28:20.7322087Z   File "/opt/hostedtoolcache/Python/3.12.11/x64/lib/python3.12/site-packages/alembic/script/base.py", line 377, in get_heads
2025-08-21T21:28:20.7323116Z     return list(self.revision_map.heads)
2025-08-21T21:28:20.7323553Z                 ^^^^^^^^^^^^^^^^^^^^^^^
2025-08-21T21:28:20.7324590Z   File "/opt/hostedtoolcache/Python/3.12.11/x64/lib/python3.12/site-packages/sqlalchemy/util/langhelpers.py", line 1226, in __get__
2025-08-21T21:28:20.7325659Z     obj.__dict__[self.__name__] = result = self.fget(obj)
2025-08-21T21:28:20.7326169Z                                            ^^^^^^^^^^^^^^
2025-08-21T21:28:20.7327161Z   File "/opt/hostedtoolcache/Python/3.12.11/x64/lib/python3.12/site-packages/alembic/script/revision.py", line 155, in heads
2025-08-21T21:28:20.7328113Z     self._revision_map
2025-08-21T21:28:20.7329076Z   File "/opt/hostedtoolcache/Python/3.12.11/x64/lib/python3.12/site-packages/sqlalchemy/util/langhelpers.py", line 1226, in __get__
2025-08-21T21:28:20.7330112Z     obj.__dict__[self.__name__] = result = self.fget(obj)
2025-08-21T21:28:20.7330593Z                                            ^^^^^^^^^^^^^^
2025-08-21T21:28:20.7332183Z   File "/opt/hostedtoolcache/Python/3.12.11/x64/lib/python3.12/site-packages/alembic/script/revision.py", line 209, in _revision_map
2025-08-21T21:28:20.7333267Z     for revision in self._generator():
2025-08-21T21:28:20.7333696Z                     ^^^^^^^^^^^^^^^^^
2025-08-21T21:28:20.7334736Z   File "/opt/hostedtoolcache/Python/3.12.11/x64/lib/python3.12/site-packages/alembic/script/base.py", line 159, in _load_revisions
2025-08-21T21:28:20.7335707Z     script = Script._from_path(self, real_path)
2025-08-21T21:28:20.7336157Z              ^^^^^^^^^^^^^^^^^^^^^^^^^^^^^^^^^^
2025-08-21T21:28:20.7336995Z   File "/opt/hostedtoolcache/Python/3.12.11/x64/lib/python3.12/site-packages/alembic/script/base.py", line 1037, in _from_path
2025-08-21T21:28:20.7337867Z     module = util.load_python_file(dir_, filename)
2025-08-21T21:28:20.7338269Z              ^^^^^^^^^^^^^^^^^^^^^^^^^^^^^^^^^^^^^
2025-08-21T21:28:20.7339139Z   File "/opt/hostedtoolcache/Python/3.12.11/x64/lib/python3.12/site-packages/alembic/util/pyfiles.py", line 116, in load_python_file
2025-08-21T21:28:20.7340026Z     module = load_module_py(module_id, path)
2025-08-21T21:28:20.7340410Z              ^^^^^^^^^^^^^^^^^^^^^^^^^^^^^^^
2025-08-21T21:28:20.7341444Z   File "/opt/hostedtoolcache/Python/3.12.11/x64/lib/python3.12/site-packages/alembic/util/pyfiles.py", line 136, in load_module_py
2025-08-21T21:28:20.7342305Z     spec.loader.exec_module(module)  # type: ignore
2025-08-21T21:28:20.7342715Z     ^^^^^^^^^^^^^^^^^^^^^^^^^^^^^^^
2025-08-21T21:28:20.7343226Z   File "<frozen importlib._bootstrap_external>", line 999, in exec_module
2025-08-21T21:28:20.7343956Z   File "<frozen importlib._bootstrap>", line 488, in _call_with_frames_removed
2025-08-21T21:28:20.7344946Z   File "/home/runner/work/AWA-App/AWA-App/services/api/migrations/versions/0023_add_storage_fee.py", line 7, in <module>
2025-08-21T21:28:20.7345795Z     from services.db.utils.views import replace_view
2025-08-21T21:28:20.7346261Z ModuleNotFoundError: No module named 'services'
2025-08-21T21:28:20.7844076Z ##[error]Process completed with exit code 1.
2025-08-21T21:28:20.7917560Z Post job cleanup.
2025-08-21T21:28:20.8710394Z [command]/usr/bin/git version
2025-08-21T21:28:20.8746540Z git version 2.51.0
2025-08-21T21:28:20.8783284Z Temporarily overriding HOME='/home/runner/work/_temp/dbe7aaa5-d4d4-45b5-9360-0c1c3b87bfa3' before making global git config changes
2025-08-21T21:28:20.8784563Z Adding repository directory to the temporary git global config as a safe directory
2025-08-21T21:28:20.8789062Z [command]/usr/bin/git config --global --add safe.directory /home/runner/work/AWA-App/AWA-App
2025-08-21T21:28:20.8823526Z [command]/usr/bin/git config --local --name-only --get-regexp core\.sshCommand
2025-08-21T21:28:20.8854879Z [command]/usr/bin/git submodule foreach --recursive sh -c "git config --local --name-only --get-regexp 'core\.sshCommand' && git config --local --unset-all 'core.sshCommand' || :"
2025-08-21T21:28:20.9080092Z [command]/usr/bin/git config --local --name-only --get-regexp http\.https\:\/\/github\.com\/\.extraheader
2025-08-21T21:28:20.9100545Z http.https://github.com/.extraheader
2025-08-21T21:28:20.9111065Z [command]/usr/bin/git config --local --unset-all http.https://github.com/.extraheader
2025-08-21T21:28:20.9142131Z [command]/usr/bin/git submodule foreach --recursive sh -c "git config --local --name-only --get-regexp 'http\.https\:\/\/github\.com\/\.extraheader' && git config --local --unset-all 'http.https://github.com/.extraheader' || :"
2025-08-21T21:28:20.9452352Z Print service container logs: f41ea7a94f974317838ccfd3b87c27b2_postgres15_60565e
2025-08-21T21:28:20.9456785Z ##[command]/usr/bin/docker logs --details f1dddc1aab4b4c5cd8cbd38b57d29c7823aaf383c72fb6a99f661b861d3caaa8
2025-08-21T21:28:20.9575418Z  The files belonging to this database system will be owned by user "postgres".
2025-08-21T21:28:20.9577248Z  initdb: warning: enabling "trust" authentication for local connections
2025-08-21T21:28:20.9578406Z  initdb: hint: You can change this by editing pg_hba.conf or using the option -A, or --auth-local and --auth-host, the next time you run initdb.
2025-08-21T21:28:20.9579438Z  This user must also own the server process.
2025-08-21T21:28:20.9579886Z  
2025-08-21T21:28:20.9580338Z  The database cluster will be initialized with locale "en_US.utf8".
2025-08-21T21:28:20.9581301Z  The default database encoding has accordingly been set to "UTF8".
2025-08-21T21:28:20.9581744Z  The default text search configuration will be set to "english".
2025-08-21T21:28:20.9582089Z  
2025-08-21T21:28:20.9582263Z  Data page checksums are disabled.
2025-08-21T21:28:20.9582488Z  
2025-08-21T21:28:20.9582757Z  fixing permissions on existing directory /var/lib/postgresql/data ... ok
2025-08-21T21:28:20.9583110Z  creating subdirectories ... ok
2025-08-21T21:28:20.9583395Z  selecting dynamic shared memory implementation ... posix
2025-08-21T21:28:20.9583710Z  selecting default max_connections ... 100
2025-08-21T21:28:20.9583977Z  selecting default shared_buffers ... 128MB
2025-08-21T21:28:20.9584228Z  selecting default time zone ... Etc/UTC
2025-08-21T21:28:20.9584486Z  creating configuration files ... ok
2025-08-21T21:28:20.9584736Z  running bootstrap script ... ok
2025-08-21T21:28:20.9584998Z  performing post-bootstrap initialization ... ok
2025-08-21T21:28:20.9585274Z  syncing data to disk ... ok
2025-08-21T21:28:20.9585481Z  
2025-08-21T21:28:20.9585626Z  
2025-08-21T21:28:20.9585825Z  Success. You can now start the database server using:
2025-08-21T21:28:20.9586088Z  
2025-08-21T21:28:20.9586296Z      pg_ctl -D /var/lib/postgresql/data -l logfile start
2025-08-21T21:28:20.9586557Z  
2025-08-21T21:28:20.9587097Z  waiting for server to start....2025-08-21 21:27:25.103 UTC [48] LOG:  starting PostgreSQL 15.14 (Debian 15.14-1.pgdg13+1) on x86_64-pc-linux-gnu, compiled by gcc (Debian 14.2.0-19) 14.2.0, 64-bit
2025-08-21T21:28:20.9587834Z  2025-08-21 21:27:25.103 UTC [48] LOG:  listening on Unix socket "/var/run/postgresql/.s.PGSQL.5432"
2025-08-21T21:28:20.9588313Z  2025-08-21 21:27:25.107 UTC [51] LOG:  database system was shut down at 2025-08-21 21:27:25 UTC
2025-08-21T21:28:20.9588967Z  2025-08-21 21:27:25.479 UTC [1] LOG:  starting PostgreSQL 15.14 (Debian 15.14-1.pgdg13+1) on x86_64-pc-linux-gnu, compiled by gcc (Debian 14.2.0-19) 14.2.0, 64-bit
2025-08-21T21:28:20.9589854Z  2025-08-21 21:27:25.479 UTC [1] LOG:  listening on IPv4 address "0.0.0.0", port 5432
2025-08-21T21:28:20.9590268Z  2025-08-21 21:27:25.479 UTC [1] LOG:  listening on IPv6 address "::", port 5432
2025-08-21T21:28:20.9590714Z  2025-08-21 21:27:25.480 UTC [1] LOG:  listening on Unix socket "/var/run/postgresql/.s.PGSQL.5432"
2025-08-21T21:28:20.9591523Z  2025-08-21 21:27:25.483 UTC [64] LOG:  database system was shut down at 2025-08-21 21:27:25 UTC
2025-08-21T21:28:20.9592455Z  2025-08-21 21:27:25.487 UTC [1] LOG:  database system is ready to accept connections
2025-08-21T21:28:20.9593174Z  2025-08-21 21:27:25.110 UTC [48] LOG:  database system is ready to accept connections
2025-08-21T21:28:20.9593508Z   done
2025-08-21T21:28:20.9593669Z  server started
2025-08-21T21:28:20.9593840Z  CREATE DATABASE
2025-08-21T21:28:20.9594008Z  
2025-08-21T21:28:20.9594160Z  
2025-08-21T21:28:20.9594452Z  /usr/local/bin/docker-entrypoint.sh: ignoring /docker-entrypoint-initdb.d/*
2025-08-21T21:28:20.9594804Z  
2025-08-21T21:28:20.9595115Z  waiting for server to shut down....2025-08-21 21:27:25.356 UTC [48] LOG:  received fast shutdown request
2025-08-21T21:28:20.9595786Z  2025-08-21 21:27:25.356 UTC [48] LOG:  aborting any active transactions
2025-08-21T21:28:20.9596289Z  2025-08-21 21:27:25.358 UTC [48] LOG:  background worker "logical replication launcher" (PID 54) exited with exit code 1
2025-08-21T21:28:20.9596740Z  2025-08-21 21:27:25.360 UTC [49] LOG:  shutting down
2025-08-21T21:28:20.9597077Z  2025-08-21 21:27:25.360 UTC [49] LOG:  checkpoint starting: shutdown immediate
2025-08-21T21:28:20.9597897Z  2025-08-21 21:27:25.383 UTC [49] LOG:  checkpoint complete: wrote 922 buffers (5.6%); 0 WAL file(s) added, 0 removed, 0 recycled; write=0.019 s, sync=0.002 s, total=0.023 s; sync files=301, longest=0.001 s, average=0.001 s; distance=4239 kB, estimate=4239 kB
2025-08-21T21:28:20.9598696Z  2025-08-21 21:27:25.391 UTC [48] LOG:  database system is shut down
2025-08-21T21:28:20.9598981Z   done
2025-08-21T21:28:20.9599133Z  server stopped
2025-08-21T21:28:20.9599300Z  
2025-08-21T21:28:20.9599508Z  PostgreSQL init process complete; ready for start up.
2025-08-21T21:28:20.9599774Z  
2025-08-21T21:28:20.9605036Z Stop and remove container: f41ea7a94f974317838ccfd3b87c27b2_postgres15_60565e
2025-08-21T21:28:20.9609641Z ##[command]/usr/bin/docker rm --force f1dddc1aab4b4c5cd8cbd38b57d29c7823aaf383c72fb6a99f661b861d3caaa8
2025-08-21T21:28:21.8177260Z f1dddc1aab4b4c5cd8cbd38b57d29c7823aaf383c72fb6a99f661b861d3caaa8
2025-08-21T21:28:21.8197537Z Print service container logs: b43b14dac81b484d93a051b607227e25_redis7alpine_a8cc23
2025-08-21T21:28:21.8198616Z ##[command]/usr/bin/docker logs --details 6947ad047d6c481e7a97e58e686b6c2d252d087e61e5b366c162612f77a791f4
2025-08-21T21:28:21.8314828Z  1:C 21 Aug 2025 21:27:25.850 # WARNING Memory overcommit must be enabled! Without it, a background save or replication may fail under low memory condition. Being disabled, it can also cause failures without low memory condition, see https://github.com/jemalloc/jemalloc/issues/1328. To fix this issue add 'vm.overcommit_memory = 1' to /etc/sysctl.conf and then reboot or run the command 'sysctl vm.overcommit_memory=1' for this to take effect.
2025-08-21T21:28:21.8316375Z  1:C 21 Aug 2025 21:27:25.850 * oO0OoO0OoO0Oo Redis is starting oO0OoO0OoO0Oo
2025-08-21T21:28:21.8316837Z  1:C 21 Aug 2025 21:27:25.850 * Redis version=7.4.5, bits=64, commit=00000000, modified=0, pid=1, just started
2025-08-21T21:28:21.8317527Z  1:C 21 Aug 2025 21:27:25.850 # Warning: no config file specified, using the default config. In order to specify a config file use redis-server /path/to/redis.conf
2025-08-21T21:28:21.8318148Z  1:M 21 Aug 2025 21:27:25.851 * monotonic clock: POSIX clock_gettime
2025-08-21T21:28:21.8318502Z  1:M 21 Aug 2025 21:27:25.851 * Running mode=standalone, port=6379.
2025-08-21T21:28:21.8319068Z  1:M 21 Aug 2025 21:27:25.851 * Server initialized
2025-08-21T21:28:21.8319369Z  1:M 21 Aug 2025 21:27:25.851 * Ready to accept connections tcp
2025-08-21T21:28:21.8326103Z Stop and remove container: b43b14dac81b484d93a051b607227e25_redis7alpine_a8cc23
2025-08-21T21:28:21.8326809Z ##[command]/usr/bin/docker rm --force 6947ad047d6c481e7a97e58e686b6c2d252d087e61e5b366c162612f77a791f4
2025-08-21T21:28:21.9374243Z 6947ad047d6c481e7a97e58e686b6c2d252d087e61e5b366c162612f77a791f4
2025-08-21T21:28:21.9396429Z Remove container network: github_network_3df2e2f35cf648c0bf600b27bc6e53f6
2025-08-21T21:28:21.9401084Z ##[command]/usr/bin/docker network rm github_network_3df2e2f35cf648c0bf600b27bc6e53f6
2025-08-21T21:28:22.0533425Z github_network_3df2e2f35cf648c0bf600b27bc6e53f6
2025-08-21T21:28:22.0590208Z Cleaning up orphan processes
