2025-08-20T01:06:09.4239993Z Current runner version: '2.327.1'
2025-08-20T01:06:09.4271392Z ##[group]Runner Image Provisioner
2025-08-20T01:06:09.4272466Z Hosted Compute Agent
2025-08-20T01:06:09.4273493Z Version: 20250818.377
2025-08-20T01:06:09.4274376Z Commit: 3c593e9f75fe0b87e893bca80d6e12ba089c61fc
2025-08-20T01:06:09.4275469Z Build Date: 2025-08-18T14:52:18Z
2025-08-20T01:06:09.4276702Z ##[endgroup]
2025-08-20T01:06:09.4277520Z ##[group]Operating System
2025-08-20T01:06:09.4278329Z Ubuntu
2025-08-20T01:06:09.4279232Z 24.04.2
2025-08-20T01:06:09.4279981Z LTS
2025-08-20T01:06:09.4280682Z ##[endgroup]
2025-08-20T01:06:09.4281546Z ##[group]Runner Image
2025-08-20T01:06:09.4282323Z Image: ubuntu-24.04
2025-08-20T01:06:09.4283139Z Version: 20250810.1.0
2025-08-20T01:06:09.4284857Z Included Software: https://github.com/actions/runner-images/blob/ubuntu24/20250810.1/images/ubuntu/Ubuntu2404-Readme.md
2025-08-20T01:06:09.4287606Z Image Release: https://github.com/actions/runner-images/releases/tag/ubuntu24%2F20250810.1
2025-08-20T01:06:09.4289864Z ##[endgroup]
2025-08-20T01:06:09.4293934Z ##[group]GITHUB_TOKEN Permissions
2025-08-20T01:06:09.4297158Z Actions: write
2025-08-20T01:06:09.4297995Z Attestations: write
2025-08-20T01:06:09.4298800Z Checks: write
2025-08-20T01:06:09.4299628Z Contents: write
2025-08-20T01:06:09.4300454Z Deployments: write
2025-08-20T01:06:09.4301283Z Discussions: write
2025-08-20T01:06:09.4302133Z Issues: write
2025-08-20T01:06:09.4302885Z Metadata: read
2025-08-20T01:06:09.4303819Z Models: read
2025-08-20T01:06:09.4304567Z Packages: write
2025-08-20T01:06:09.4305332Z Pages: write
2025-08-20T01:06:09.4306478Z PullRequests: write
2025-08-20T01:06:09.4307540Z RepositoryProjects: write
2025-08-20T01:06:09.4308444Z SecurityEvents: write
2025-08-20T01:06:09.4309454Z Statuses: write
2025-08-20T01:06:09.4310369Z ##[endgroup]
2025-08-20T01:06:09.4313538Z Secret source: Actions
2025-08-20T01:06:09.4315170Z Prepare workflow directory
2025-08-20T01:06:09.4920087Z Prepare all required actions
2025-08-20T01:06:09.4974218Z Getting action download info
2025-08-20T01:06:09.7626538Z Download action repository 'actions/checkout@v4' (SHA:08eba0b27e820071cde6df949e0beb9ba4906955)
2025-08-20T01:06:10.0653255Z Download action repository 'actions/setup-python@v5' (SHA:a26af69be951a213d495a4c3e4e4022e16d87065)
2025-08-20T01:06:10.6004979Z Complete job name: migrations-check
2025-08-20T01:06:10.6558138Z ##[group]Checking docker version
2025-08-20T01:06:10.6572076Z ##[command]/usr/bin/docker version --format '{{.Server.APIVersion}}'
2025-08-20T01:06:10.7525365Z '1.48'
2025-08-20T01:06:10.7538207Z Docker daemon API version: '1.48'
2025-08-20T01:06:10.7539684Z ##[command]/usr/bin/docker version --format '{{.Client.APIVersion}}'
2025-08-20T01:06:10.7694270Z '1.48'
2025-08-20T01:06:10.7708394Z Docker client API version: '1.48'
2025-08-20T01:06:10.7714281Z ##[endgroup]
2025-08-20T01:06:10.7717978Z ##[group]Clean up resources from previous jobs
2025-08-20T01:06:10.7724456Z ##[command]/usr/bin/docker ps --all --quiet --no-trunc --filter "label=d76688"
2025-08-20T01:06:10.7866375Z ##[command]/usr/bin/docker network prune --force --filter "label=d76688"
2025-08-20T01:06:10.7992190Z ##[endgroup]
2025-08-20T01:06:10.7993116Z ##[group]Create local container network
2025-08-20T01:06:10.8004513Z ##[command]/usr/bin/docker network create --label d76688 github_network_43f3a1d2f89b467e9e09fa62154d0520
2025-08-20T01:06:10.8482926Z e01c41c933829afa5210b84348b88715c02a7ae97fd1d44d137f9b5c0a05b135
2025-08-20T01:06:10.8504332Z ##[endgroup]
2025-08-20T01:06:10.8529890Z ##[group]Starting postgres service container
2025-08-20T01:06:10.8550359Z ##[command]/usr/bin/docker pull postgres:15
2025-08-20T01:06:11.0552772Z 15: Pulling from library/postgres
2025-08-20T01:06:11.1174203Z 396b1da7636e: Pulling fs layer
2025-08-20T01:06:11.1176069Z fca2566eba32: Pulling fs layer
2025-08-20T01:06:11.1177679Z 631fe8c6d606: Pulling fs layer
2025-08-20T01:06:11.1179238Z 77c7671c4414: Pulling fs layer
2025-08-20T01:06:11.1180658Z 2d9e29180a27: Pulling fs layer
2025-08-20T01:06:11.1181861Z c6bcc2c9a041: Pulling fs layer
2025-08-20T01:06:11.1183166Z ac4b721eb66f: Pulling fs layer
2025-08-20T01:06:11.1184109Z 606bd164980e: Pulling fs layer
2025-08-20T01:06:11.1185043Z f5dfd246bc6e: Pulling fs layer
2025-08-20T01:06:11.1186197Z ba7036bb0a60: Pulling fs layer
2025-08-20T01:06:11.1187168Z 799f859abbbd: Pulling fs layer
2025-08-20T01:06:11.1188103Z d903e777080c: Pulling fs layer
2025-08-20T01:06:11.1189022Z 04adcb462801: Pulling fs layer
2025-08-20T01:06:11.1189955Z 5c10925b29ff: Pulling fs layer
2025-08-20T01:06:11.1190856Z ac4b721eb66f: Waiting
2025-08-20T01:06:11.1191660Z 799f859abbbd: Waiting
2025-08-20T01:06:11.1192481Z 606bd164980e: Waiting
2025-08-20T01:06:11.1193291Z d903e777080c: Waiting
2025-08-20T01:06:11.1194102Z f5dfd246bc6e: Waiting
2025-08-20T01:06:11.1194924Z 04adcb462801: Waiting
2025-08-20T01:06:11.1195975Z 5c10925b29ff: Waiting
2025-08-20T01:06:11.1196811Z ba7036bb0a60: Waiting
2025-08-20T01:06:11.1197612Z 77c7671c4414: Waiting
2025-08-20T01:06:11.1198416Z 2d9e29180a27: Waiting
2025-08-20T01:06:11.1199223Z c6bcc2c9a041: Waiting
2025-08-20T01:06:11.1855541Z fca2566eba32: Verifying Checksum
2025-08-20T01:06:11.1856944Z fca2566eba32: Download complete
2025-08-20T01:06:11.2699878Z 77c7671c4414: Download complete
2025-08-20T01:06:11.4048760Z 631fe8c6d606: Verifying Checksum
2025-08-20T01:06:11.4050433Z 631fe8c6d606: Download complete
2025-08-20T01:06:11.4051833Z 2d9e29180a27: Verifying Checksum
2025-08-20T01:06:11.4053237Z 2d9e29180a27: Download complete
2025-08-20T01:06:11.4685248Z ac4b721eb66f: Verifying Checksum
2025-08-20T01:06:11.4687263Z ac4b721eb66f: Download complete
2025-08-20T01:06:11.4965504Z c6bcc2c9a041: Verifying Checksum
2025-08-20T01:06:11.4967188Z c6bcc2c9a041: Download complete
2025-08-20T01:06:11.5421959Z 396b1da7636e: Verifying Checksum
2025-08-20T01:06:11.5423483Z 396b1da7636e: Download complete
2025-08-20T01:06:11.5450076Z 606bd164980e: Verifying Checksum
2025-08-20T01:06:11.5451599Z 606bd164980e: Download complete
2025-08-20T01:06:11.6119003Z ba7036bb0a60: Verifying Checksum
2025-08-20T01:06:11.6120737Z ba7036bb0a60: Download complete
2025-08-20T01:06:11.6150908Z 799f859abbbd: Verifying Checksum
2025-08-20T01:06:11.6152723Z 799f859abbbd: Download complete
2025-08-20T01:06:11.6701407Z d903e777080c: Verifying Checksum
2025-08-20T01:06:11.6702904Z d903e777080c: Download complete
2025-08-20T01:06:11.6846721Z 04adcb462801: Verifying Checksum
2025-08-20T01:06:11.6848224Z 04adcb462801: Download complete
2025-08-20T01:06:11.7406989Z 5c10925b29ff: Download complete
2025-08-20T01:06:12.5702067Z 396b1da7636e: Pull complete
2025-08-20T01:06:13.6965902Z fca2566eba32: Pull complete
2025-08-20T01:06:13.7653482Z f5dfd246bc6e: Verifying Checksum
2025-08-20T01:06:13.7654836Z f5dfd246bc6e: Download complete
2025-08-20T01:06:13.8807697Z 631fe8c6d606: Pull complete
2025-08-20T01:06:13.9309553Z 77c7671c4414: Pull complete
2025-08-20T01:06:14.2350079Z 2d9e29180a27: Pull complete
2025-08-20T01:06:14.3375800Z c6bcc2c9a041: Pull complete
2025-08-20T01:06:14.3519979Z ac4b721eb66f: Pull complete
2025-08-20T01:06:14.3641549Z 606bd164980e: Pull complete
2025-08-20T01:06:17.2919967Z f5dfd246bc6e: Pull complete
2025-08-20T01:06:17.3093812Z ba7036bb0a60: Pull complete
2025-08-20T01:06:17.3207197Z 799f859abbbd: Pull complete
2025-08-20T01:06:17.3325333Z d903e777080c: Pull complete
2025-08-20T01:06:17.3449356Z 04adcb462801: Pull complete
2025-08-20T01:06:17.3603276Z 5c10925b29ff: Pull complete
2025-08-20T01:06:17.3646283Z Digest: sha256:bc51cf4f1fe02cce7ed2370b20128a9b00b4eb804573a77d2a0d877aaa9c82b1
2025-08-20T01:06:17.3659772Z Status: Downloaded newer image for postgres:15
2025-08-20T01:06:17.3671299Z docker.io/library/postgres:15
2025-08-20T01:06:17.3731737Z ##[command]/usr/bin/docker create --name 8bc695ddbfd0461ebedf5a10395a7aad_postgres15_97c069 --label d76688 --network github_network_43f3a1d2f89b467e9e09fa62154d0520 --network-alias postgres -p 5432:5432 --health-cmd="pg_isready -U postgres -d awa" --health-interval=5s --health-timeout=5s --health-retries=10 -e "POSTGRES_USER=postgres" -e "POSTGRES_PASSWORD=pass" -e "POSTGRES_DB=awa" -e GITHUB_ACTIONS=true -e CI=true postgres:15
2025-08-20T01:06:17.4017989Z b93885537343bc3d5fd65364d296a4969f86a9ae15686e606b0ecc754ccfb81a
2025-08-20T01:06:17.4041631Z ##[command]/usr/bin/docker start b93885537343bc3d5fd65364d296a4969f86a9ae15686e606b0ecc754ccfb81a
2025-08-20T01:06:17.7765368Z b93885537343bc3d5fd65364d296a4969f86a9ae15686e606b0ecc754ccfb81a
2025-08-20T01:06:17.7785279Z ##[command]/usr/bin/docker ps --all --filter id=b93885537343bc3d5fd65364d296a4969f86a9ae15686e606b0ecc754ccfb81a --filter status=running --no-trunc --format "{{.ID}} {{.Status}}"
2025-08-20T01:06:17.7907369Z b93885537343bc3d5fd65364d296a4969f86a9ae15686e606b0ecc754ccfb81a Up Less than a second (health: starting)
2025-08-20T01:06:17.7931585Z ##[command]/usr/bin/docker port b93885537343bc3d5fd65364d296a4969f86a9ae15686e606b0ecc754ccfb81a
2025-08-20T01:06:17.8061469Z 5432/tcp -> 0.0.0.0:5432
2025-08-20T01:06:17.8062272Z 5432/tcp -> [::]:5432
2025-08-20T01:06:17.8109931Z ##[endgroup]
2025-08-20T01:06:17.8110803Z ##[group]Starting redis service container
2025-08-20T01:06:17.8112058Z ##[command]/usr/bin/docker pull redis:7-alpine
2025-08-20T01:06:18.5582481Z 7-alpine: Pulling from library/redis
2025-08-20T01:06:18.6151160Z 0368fd46e3c6: Pulling fs layer
2025-08-20T01:06:18.6151608Z 4c55286bbede: Pulling fs layer
2025-08-20T01:06:18.6152115Z 5e28347af205: Pulling fs layer
2025-08-20T01:06:18.6152507Z 311eca34042e: Pulling fs layer
2025-08-20T01:06:18.6152901Z e6fe6f07e192: Pulling fs layer
2025-08-20T01:06:18.6153269Z a2cadbfeca72: Pulling fs layer
2025-08-20T01:06:18.6153656Z 4f4fb700ef54: Pulling fs layer
2025-08-20T01:06:18.6154019Z a976ed7e7808: Pulling fs layer
2025-08-20T01:06:18.6154368Z 311eca34042e: Waiting
2025-08-20T01:06:18.6154679Z e6fe6f07e192: Waiting
2025-08-20T01:06:18.6154988Z 4f4fb700ef54: Waiting
2025-08-20T01:06:18.6155297Z a2cadbfeca72: Waiting
2025-08-20T01:06:18.6155850Z a976ed7e7808: Waiting
2025-08-20T01:06:18.6776168Z 4c55286bbede: Verifying Checksum
2025-08-20T01:06:18.6776679Z 4c55286bbede: Download complete
2025-08-20T01:06:18.6867367Z 0368fd46e3c6: Verifying Checksum
2025-08-20T01:06:18.6872345Z 0368fd46e3c6: Download complete
2025-08-20T01:06:18.6992775Z 5e28347af205: Verifying Checksum
2025-08-20T01:06:18.6996849Z 5e28347af205: Download complete
2025-08-20T01:06:18.7359953Z 311eca34042e: Verifying Checksum
2025-08-20T01:06:18.7360895Z 311eca34042e: Download complete
2025-08-20T01:06:18.7933683Z 4f4fb700ef54: Verifying Checksum
2025-08-20T01:06:18.7934352Z 4f4fb700ef54: Download complete
2025-08-20T01:06:18.7991476Z 0368fd46e3c6: Pull complete
2025-08-20T01:06:18.8263758Z 4c55286bbede: Pull complete
2025-08-20T01:06:18.8450027Z a2cadbfeca72: Verifying Checksum
2025-08-20T01:06:18.8450868Z a2cadbfeca72: Download complete
2025-08-20T01:06:18.8476071Z a976ed7e7808: Verifying Checksum
2025-08-20T01:06:18.8476511Z a976ed7e7808: Download complete
2025-08-20T01:06:18.8972888Z e6fe6f07e192: Verifying Checksum
2025-08-20T01:06:18.8973252Z e6fe6f07e192: Download complete
2025-08-20T01:06:18.9676611Z 5e28347af205: Pull complete
2025-08-20T01:06:18.9988226Z 311eca34042e: Pull complete
2025-08-20T01:06:19.1827249Z e6fe6f07e192: Pull complete
2025-08-20T01:06:19.1928410Z a2cadbfeca72: Pull complete
2025-08-20T01:06:19.2017235Z 4f4fb700ef54: Pull complete
2025-08-20T01:06:19.2138880Z a976ed7e7808: Pull complete
2025-08-20T01:06:19.2180243Z Digest: sha256:bb186d083732f669da90be8b0f975a37812b15e913465bb14d845db72a4e3e08
2025-08-20T01:06:19.2199255Z Status: Downloaded newer image for redis:7-alpine
2025-08-20T01:06:19.2207855Z docker.io/library/redis:7-alpine
2025-08-20T01:06:19.2224258Z ##[command]/usr/bin/docker create --name a294c3feb92f4f69be70651ce86f0337_redis7alpine_80a2fa --label d76688 --network github_network_43f3a1d2f89b467e9e09fa62154d0520 --network-alias redis -p 6379:6379  -e GITHUB_ACTIONS=true -e CI=true redis:7-alpine
2025-08-20T01:06:19.2468586Z 1e58ef984214d74a2e3258b8b2da6e20deda5f2f2716a4530727aa99140203c1
2025-08-20T01:06:19.2482436Z ##[command]/usr/bin/docker start 1e58ef984214d74a2e3258b8b2da6e20deda5f2f2716a4530727aa99140203c1
2025-08-20T01:06:19.3907782Z 1e58ef984214d74a2e3258b8b2da6e20deda5f2f2716a4530727aa99140203c1
2025-08-20T01:06:19.3923236Z ##[command]/usr/bin/docker ps --all --filter id=1e58ef984214d74a2e3258b8b2da6e20deda5f2f2716a4530727aa99140203c1 --filter status=running --no-trunc --format "{{.ID}} {{.Status}}"
2025-08-20T01:06:19.4062738Z 1e58ef984214d74a2e3258b8b2da6e20deda5f2f2716a4530727aa99140203c1 Up Less than a second
2025-08-20T01:06:19.4077054Z ##[command]/usr/bin/docker port 1e58ef984214d74a2e3258b8b2da6e20deda5f2f2716a4530727aa99140203c1
2025-08-20T01:06:19.4190975Z 6379/tcp -> 0.0.0.0:6379
2025-08-20T01:06:19.4191343Z 6379/tcp -> [::]:6379
2025-08-20T01:06:19.4204403Z ##[endgroup]
2025-08-20T01:06:19.4214113Z ##[group]Waiting for all services to be ready
2025-08-20T01:06:19.4227569Z ##[command]/usr/bin/docker inspect --format="{{if .Config.Healthcheck}}{{print .State.Health.Status}}{{end}}" b93885537343bc3d5fd65364d296a4969f86a9ae15686e606b0ecc754ccfb81a
2025-08-20T01:06:19.4337389Z starting
2025-08-20T01:06:19.4356873Z postgres service is starting, waiting 2 seconds before checking again.
2025-08-20T01:06:21.4360088Z ##[command]/usr/bin/docker inspect --format="{{if .Config.Healthcheck}}{{print .State.Health.Status}}{{end}}" b93885537343bc3d5fd65364d296a4969f86a9ae15686e606b0ecc754ccfb81a
2025-08-20T01:06:21.4481237Z starting
2025-08-20T01:06:21.4493873Z postgres service is starting, waiting 4 seconds before checking again.
2025-08-20T01:06:25.5397542Z ##[command]/usr/bin/docker inspect --format="{{if .Config.Healthcheck}}{{print .State.Health.Status}}{{end}}" b93885537343bc3d5fd65364d296a4969f86a9ae15686e606b0ecc754ccfb81a
2025-08-20T01:06:25.5516022Z healthy
2025-08-20T01:06:25.5533322Z postgres service is healthy.
2025-08-20T01:06:25.5534067Z ##[command]/usr/bin/docker inspect --format="{{if .Config.Healthcheck}}{{print .State.Health.Status}}{{end}}" 1e58ef984214d74a2e3258b8b2da6e20deda5f2f2716a4530727aa99140203c1
2025-08-20T01:06:25.5656600Z redis service is healthy.
2025-08-20T01:06:25.5657243Z ##[endgroup]
2025-08-20T01:06:25.5902662Z ##[group]Run actions/checkout@v4
2025-08-20T01:06:25.5903181Z with:
2025-08-20T01:06:25.5903378Z   repository: AlexBomber12/AWA-App
2025-08-20T01:06:25.5903741Z   token: ***
2025-08-20T01:06:25.5903916Z   ssh-strict: true
2025-08-20T01:06:25.5904090Z   ssh-user: git
2025-08-20T01:06:25.5904274Z   persist-credentials: true
2025-08-20T01:06:25.5904471Z   clean: true
2025-08-20T01:06:25.5904653Z   sparse-checkout-cone-mode: true
2025-08-20T01:06:25.5904868Z   fetch-depth: 1
2025-08-20T01:06:25.5905038Z   fetch-tags: false
2025-08-20T01:06:25.5905213Z   show-progress: true
2025-08-20T01:06:25.5905385Z   lfs: false
2025-08-20T01:06:25.5905541Z   submodules: false
2025-08-20T01:06:25.5905874Z   set-safe-directory: true
2025-08-20T01:06:25.5906277Z env:
2025-08-20T01:06:25.5906479Z   REDIS_URL: redis://localhost:6379/0
2025-08-20T01:06:25.5906734Z   RATE_LIMIT_DEFAULT: 100/minute
2025-08-20T01:06:25.5906935Z   TRUST_X_FORWARDED: 1
2025-08-20T01:06:25.5907128Z ##[endgroup]
2025-08-20T01:06:25.7027052Z Syncing repository: AlexBomber12/AWA-App
2025-08-20T01:06:25.7028242Z ##[group]Getting Git version info
2025-08-20T01:06:25.7028593Z Working directory is '/home/runner/work/AWA-App/AWA-App'
2025-08-20T01:06:25.7029077Z [command]/usr/bin/git version
2025-08-20T01:06:25.7137094Z git version 2.50.1
2025-08-20T01:06:25.7163065Z ##[endgroup]
2025-08-20T01:06:25.7178835Z Temporarily overriding HOME='/home/runner/work/_temp/226e267f-b83a-492d-90a1-e6a0c0955f2e' before making global git config changes
2025-08-20T01:06:25.7180064Z Adding repository directory to the temporary git global config as a safe directory
2025-08-20T01:06:25.7192374Z [command]/usr/bin/git config --global --add safe.directory /home/runner/work/AWA-App/AWA-App
2025-08-20T01:06:25.7227335Z Deleting the contents of '/home/runner/work/AWA-App/AWA-App'
2025-08-20T01:06:25.7230797Z ##[group]Initializing the repository
2025-08-20T01:06:25.7235188Z [command]/usr/bin/git init /home/runner/work/AWA-App/AWA-App
2025-08-20T01:06:25.7333649Z hint: Using 'master' as the name for the initial branch. This default branch name
2025-08-20T01:06:25.7334258Z hint: is subject to change. To configure the initial branch name to use in all
2025-08-20T01:06:25.7334729Z hint: of your new repositories, which will suppress this warning, call:
2025-08-20T01:06:25.7335043Z hint:
2025-08-20T01:06:25.7335300Z hint: 	git config --global init.defaultBranch <name>
2025-08-20T01:06:25.7335568Z hint:
2025-08-20T01:06:25.7336035Z hint: Names commonly chosen instead of 'master' are 'main', 'trunk' and
2025-08-20T01:06:25.7336551Z hint: 'development'. The just-created branch can be renamed via this command:
2025-08-20T01:06:25.7337022Z hint:
2025-08-20T01:06:25.7337255Z hint: 	git branch -m <name>
2025-08-20T01:06:25.7337485Z hint:
2025-08-20T01:06:25.7337976Z hint: Disable this message with "git config set advice.defaultBranchName false"
2025-08-20T01:06:25.7341555Z Initialized empty Git repository in /home/runner/work/AWA-App/AWA-App/.git/
2025-08-20T01:06:25.7350875Z [command]/usr/bin/git remote add origin https://github.com/AlexBomber12/AWA-App
2025-08-20T01:06:25.7384613Z ##[endgroup]
2025-08-20T01:06:25.7385246Z ##[group]Disabling automatic garbage collection
2025-08-20T01:06:25.7389810Z [command]/usr/bin/git config --local gc.auto 0
2025-08-20T01:06:25.7417488Z ##[endgroup]
2025-08-20T01:06:25.7418056Z ##[group]Setting up auth
2025-08-20T01:06:25.7424993Z [command]/usr/bin/git config --local --name-only --get-regexp core\.sshCommand
2025-08-20T01:06:25.7454549Z [command]/usr/bin/git submodule foreach --recursive sh -c "git config --local --name-only --get-regexp 'core\.sshCommand' && git config --local --unset-all 'core.sshCommand' || :"
2025-08-20T01:06:25.7804475Z [command]/usr/bin/git config --local --name-only --get-regexp http\.https\:\/\/github\.com\/\.extraheader
2025-08-20T01:06:25.7834065Z [command]/usr/bin/git submodule foreach --recursive sh -c "git config --local --name-only --get-regexp 'http\.https\:\/\/github\.com\/\.extraheader' && git config --local --unset-all 'http.https://github.com/.extraheader' || :"
2025-08-20T01:06:25.8052770Z [command]/usr/bin/git config --local http.https://github.com/.extraheader AUTHORIZATION: basic ***
2025-08-20T01:06:25.8094289Z ##[endgroup]
2025-08-20T01:06:25.8095106Z ##[group]Fetching the repository
2025-08-20T01:06:25.8103444Z [command]/usr/bin/git -c protocol.version=2 fetch --no-tags --prune --no-recurse-submodules --depth=1 origin +51b3373e0239dcc82108776904d1fa700db25e10:refs/remotes/origin/main
2025-08-20T01:06:26.0799227Z From https://github.com/AlexBomber12/AWA-App
2025-08-20T01:06:26.0800185Z  * [new ref]         51b3373e0239dcc82108776904d1fa700db25e10 -> origin/main
2025-08-20T01:06:26.0826222Z ##[endgroup]
2025-08-20T01:06:26.0826819Z ##[group]Determining the checkout info
2025-08-20T01:06:26.0829002Z ##[endgroup]
2025-08-20T01:06:26.0834051Z [command]/usr/bin/git sparse-checkout disable
2025-08-20T01:06:26.0874215Z [command]/usr/bin/git config --local --unset-all extensions.worktreeConfig
2025-08-20T01:06:26.0902429Z ##[group]Checking out the ref
2025-08-20T01:06:26.0906903Z [command]/usr/bin/git checkout --progress --force -B main refs/remotes/origin/main
2025-08-20T01:06:26.1264136Z Switched to a new branch 'main'
2025-08-20T01:06:26.1266419Z branch 'main' set up to track 'origin/main'.
2025-08-20T01:06:26.1273823Z ##[endgroup]
2025-08-20T01:06:26.1312367Z [command]/usr/bin/git log -1 --format=%H
2025-08-20T01:06:26.1335048Z 51b3373e0239dcc82108776904d1fa700db25e10
2025-08-20T01:06:26.1498730Z ##[group]Run cat .env.ci >> "$GITHUB_ENV"
2025-08-20T01:06:26.1499063Z [36;1mcat .env.ci >> "$GITHUB_ENV"[0m
2025-08-20T01:06:26.1499777Z [36;1mecho "DATABASE_URL=***localhost:5432/awa" >> "$GITHUB_ENV"[0m
2025-08-20T01:06:26.1500125Z [36;1mecho "PG_HOST=localhost" >> "$GITHUB_ENV"[0m
2025-08-20T01:06:26.1500402Z [36;1mecho "PG_PORT=5432" >> "$GITHUB_ENV"[0m
2025-08-20T01:06:26.1500677Z [36;1mecho "PG_USER=postgres" >> "$GITHUB_ENV"[0m
2025-08-20T01:06:26.1500958Z [36;1mecho "PG_PASSWORD=pass" >> "$GITHUB_ENV"[0m
2025-08-20T01:06:26.1501450Z [36;1mecho "PG_DATABASE=awa" >> "$GITHUB_ENV"[0m
2025-08-20T01:06:26.1545498Z shell: /usr/bin/bash -e {0}
2025-08-20T01:06:26.1545946Z env:
2025-08-20T01:06:26.1546148Z   REDIS_URL: redis://localhost:6379/0
2025-08-20T01:06:26.1546398Z   RATE_LIMIT_DEFAULT: 100/minute
2025-08-20T01:06:26.1546609Z   TRUST_X_FORWARDED: 1
2025-08-20T01:06:26.1546790Z ##[endgroup]
2025-08-20T01:06:26.1698413Z ##[group]Run actions/setup-python@v5
2025-08-20T01:06:26.1698738Z with:
2025-08-20T01:06:26.1698915Z   python-version: 3.12
2025-08-20T01:06:26.1699119Z   cache: pip
2025-08-20T01:06:26.1699321Z   cache-dependency-path: requirements-dev.txt
2025-08-20T01:06:26.1699574Z   check-latest: false
2025-08-20T01:06:26.1699874Z   token: ***
2025-08-20T01:06:26.1700057Z   update-environment: true
2025-08-20T01:06:26.1700267Z   allow-prereleases: false
2025-08-20T01:06:26.1700466Z   freethreaded: false
2025-08-20T01:06:26.1700637Z env:
2025-08-20T01:06:26.1700832Z   REDIS_URL: redis://localhost:6379/0
2025-08-20T01:06:26.1701077Z   RATE_LIMIT_DEFAULT: 100/minute
2025-08-20T01:06:26.1701283Z   TRUST_X_FORWARDED: 1
2025-08-20T01:06:26.1701461Z   PG_USER: postgres
2025-08-20T01:06:26.1701641Z   PG_PASSWORD: pass
2025-08-20T01:06:26.1701810Z   PG_DATABASE: awa
2025-08-20T01:06:26.1701981Z   PG_HOST: localhost
2025-08-20T01:06:26.1702155Z   PG_PORT: 5432
2025-08-20T01:06:26.1702559Z   PG_SYNC_DSN: ***localhost:5432/awa
2025-08-20T01:06:26.1702932Z   PG_ASYNC_DSN: ***localhost:5432/awa
2025-08-20T01:06:26.1703310Z   DATABASE_URL: ***localhost:5432/awa
2025-08-20T01:06:26.1703527Z   DATA_DIR: /tmp/awa-data
2025-08-20T01:06:26.1703715Z   ENABLE_LIVE: 0
2025-08-20T01:06:26.1703874Z   TESTING: 1
2025-08-20T01:06:26.1704032Z ##[endgroup]
2025-08-20T01:06:26.3323321Z ##[group]Installed versions
2025-08-20T01:06:26.3822562Z Successfully set up CPython (3.12.11)
2025-08-20T01:06:26.3823568Z ##[endgroup]
2025-08-20T01:06:26.4176189Z [command]/opt/hostedtoolcache/Python/3.12.11/x64/bin/pip cache dir
2025-08-20T01:06:27.8298624Z /home/runner/.cache/pip
2025-08-20T01:06:27.9656959Z Cache hit for: setup-python-Linux-x64-24.04-Ubuntu-python-3.12.11-pip-29fc3204f837bce43d81586a404709764a9accd1f738d0c33a52a32bf7a0c312
2025-08-20T01:06:29.0294024Z Received 188743680 of 337357499 (55.9%), 180.0 MBs/sec
2025-08-20T01:06:29.8388113Z Received 337357499 of 337357499 (100.0%), 177.8 MBs/sec
2025-08-20T01:06:29.8390199Z Cache Size: ~322 MB (337357499 B)
2025-08-20T01:06:29.8503793Z [command]/usr/bin/tar -xf /home/runner/work/_temp/e13af751-9278-4a95-905f-4302dc097fea/cache.tzst -P -C /home/runner/work/AWA-App/AWA-App --use-compress-program unzstd
2025-08-20T01:06:30.3758768Z Cache restored successfully
2025-08-20T01:06:30.4395969Z Cache restored from key: setup-python-Linux-x64-24.04-Ubuntu-python-3.12.11-pip-29fc3204f837bce43d81586a404709764a9accd1f738d0c33a52a32bf7a0c312
2025-08-20T01:06:30.4533446Z ##[group]Run pip install -r requirements-dev.txt
2025-08-20T01:06:30.4533854Z [36;1mpip install -r requirements-dev.txt[0m
2025-08-20T01:06:30.4534166Z [36;1mpip install keepa==1.3.15 minio==7.1.15[0m
2025-08-20T01:06:30.4577440Z shell: /usr/bin/bash -e {0}
2025-08-20T01:06:30.4577665Z env:
2025-08-20T01:06:30.4577872Z   REDIS_URL: redis://localhost:6379/0
2025-08-20T01:06:30.4578150Z   RATE_LIMIT_DEFAULT: 100/minute
2025-08-20T01:06:30.4578368Z   TRUST_X_FORWARDED: 1
2025-08-20T01:06:30.4578570Z   PG_USER: postgres
2025-08-20T01:06:30.4578764Z   PG_PASSWORD: pass
2025-08-20T01:06:30.4578936Z   PG_DATABASE: awa
2025-08-20T01:06:30.4579114Z   PG_HOST: localhost
2025-08-20T01:06:30.4579294Z   PG_PORT: 5432
2025-08-20T01:06:30.4579740Z   PG_SYNC_DSN: ***localhost:5432/awa
2025-08-20T01:06:30.4580210Z   PG_ASYNC_DSN: ***localhost:5432/awa
2025-08-20T01:06:30.4580579Z   DATABASE_URL: ***localhost:5432/awa
2025-08-20T01:06:30.4580809Z   DATA_DIR: /tmp/awa-data
2025-08-20T01:06:30.4581044Z   ENABLE_LIVE: 0
2025-08-20T01:06:30.4581212Z   TESTING: 1
2025-08-20T01:06:30.4581445Z   pythonLocation: /opt/hostedtoolcache/Python/3.12.11/x64
2025-08-20T01:06:30.4582021Z   PKG_CONFIG_PATH: /opt/hostedtoolcache/Python/3.12.11/x64/lib/pkgconfig
2025-08-20T01:06:30.4582399Z   Python_ROOT_DIR: /opt/hostedtoolcache/Python/3.12.11/x64
2025-08-20T01:06:30.4582748Z   Python2_ROOT_DIR: /opt/hostedtoolcache/Python/3.12.11/x64
2025-08-20T01:06:30.4583098Z   Python3_ROOT_DIR: /opt/hostedtoolcache/Python/3.12.11/x64
2025-08-20T01:06:30.4583450Z   LD_LIBRARY_PATH: /opt/hostedtoolcache/Python/3.12.11/x64/lib
2025-08-20T01:06:30.4583732Z ##[endgroup]
2025-08-20T01:06:31.5641206Z Collecting Jinja2==3.1.6 (from -r requirements-dev.txt (line 2))
2025-08-20T01:06:31.5654627Z   Using cached jinja2-3.1.6-py3-none-any.whl.metadata (2.9 kB)
2025-08-20T01:06:31.5993921Z Collecting alembic==1.13.1 (from -r requirements-dev.txt (line 3))
2025-08-20T01:06:31.6005977Z   Using cached alembic-1.13.1-py3-none-any.whl.metadata (7.4 kB)
2025-08-20T01:06:31.6166976Z Collecting apscheduler==3.10.4 (from -r requirements-dev.txt (line 4))
2025-08-20T01:06:31.6178238Z   Using cached APScheduler-3.10.4-py3-none-any.whl.metadata (5.7 kB)
2025-08-20T01:06:31.6342359Z Collecting asgi-correlation-id==4.3.1 (from -r requirements-dev.txt (line 5))
2025-08-20T01:06:31.6354174Z   Using cached asgi_correlation_id-4.3.1-py3-none-any.whl.metadata (28 kB)
2025-08-20T01:06:31.6771096Z Collecting asyncpg==0.30.0 (from -r requirements-dev.txt (line 6))
2025-08-20T01:06:31.6784170Z   Using cached asyncpg-0.30.0-cp312-cp312-manylinux_2_17_x86_64.manylinux2014_x86_64.whl.metadata (5.0 kB)
2025-08-20T01:06:31.7216156Z Collecting black==25.1.0 (from -r requirements-dev.txt (line 7))
2025-08-20T01:06:31.7228055Z   Using cached black-25.1.0-cp312-cp312-manylinux_2_17_x86_64.manylinux2014_x86_64.manylinux_2_28_x86_64.whl.metadata (81 kB)
2025-08-20T01:06:32.0622285Z Collecting boto3 (from -r requirements-dev.txt (line 8))
2025-08-20T01:06:32.0982678Z   Downloading boto3-1.40.13-py3-none-any.whl.metadata (6.7 kB)
2025-08-20T01:06:32.1301953Z Collecting redis==6.* (from -r requirements-dev.txt (line 9))
2025-08-20T01:06:32.1313367Z   Using cached redis-6.4.0-py3-none-any.whl.metadata (10 kB)
2025-08-20T01:06:32.1642168Z Collecting minio==7.* (from -r requirements-dev.txt (line 10))
2025-08-20T01:06:32.1653921Z   Using cached minio-7.2.16-py3-none-any.whl.metadata (6.5 kB)
2025-08-20T01:06:32.1962327Z Collecting celery==5.5.3 (from -r requirements-dev.txt (line 11))
2025-08-20T01:06:32.1973801Z   Using cached celery-5.5.3-py3-none-any.whl.metadata (22 kB)
2025-08-20T01:06:32.2561820Z Collecting fastapi==0.116.1 (from -r requirements-dev.txt (line 12))
2025-08-20T01:06:32.2575080Z   Using cached fastapi-0.116.1-py3-none-any.whl.metadata (28 kB)
2025-08-20T01:06:32.2733870Z Collecting fastapi-limiter==0.1.6 (from -r requirements-dev.txt (line 14))
2025-08-20T01:06:32.2745563Z   Using cached fastapi_limiter-0.1.6-py3-none-any.whl.metadata (5.3 kB)
2025-08-20T01:06:32.2944291Z Collecting httpx<0.29,>=0.27 (from -r requirements-dev.txt (line 15))
2025-08-20T01:06:32.2956980Z   Using cached httpx-0.28.1-py3-none-any.whl.metadata (7.1 kB)
2025-08-20T01:06:32.3083639Z Collecting imapclient==3.0.1 (from -r requirements-dev.txt (line 16))
2025-08-20T01:06:32.3095495Z   Using cached IMAPClient-3.0.1-py2.py3-none-any.whl.metadata (1.7 kB)
2025-08-20T01:06:32.3200611Z Collecting itsdangerous (from -r requirements-dev.txt (line 17))
2025-08-20T01:06:32.3212316Z   Using cached itsdangerous-2.2.0-py3-none-any.whl.metadata (1.9 kB)
2025-08-20T01:06:32.4244394Z Collecting mypy==1.* (from -r requirements-dev.txt (line 18))
2025-08-20T01:06:32.4258852Z   Using cached mypy-1.17.1-cp312-cp312-manylinux2014_x86_64.manylinux_2_17_x86_64.manylinux_2_28_x86_64.whl.metadata (2.2 kB)
2025-08-20T01:06:32.4370091Z Collecting mypy-extensions==1.1.0 (from -r requirements-dev.txt (line 19))
2025-08-20T01:06:32.4381630Z   Using cached mypy_extensions-1.1.0-py3-none-any.whl.metadata (1.1 kB)
2025-08-20T01:06:32.6217512Z Collecting numpy<2 (from -r requirements-dev.txt (line 20))
2025-08-20T01:06:32.6231748Z   Using cached numpy-1.26.4-cp312-cp312-manylinux_2_17_x86_64.manylinux2014_x86_64.whl.metadata (61 kB)
2025-08-20T01:06:32.6492478Z Collecting openpyxl==3.1.5 (from -r requirements-dev.txt (line 21))
2025-08-20T01:06:32.6504807Z   Using cached openpyxl-3.1.5-py2.py3-none-any.whl.metadata (2.5 kB)
2025-08-20T01:06:32.7549377Z Collecting pandas==2.2.* (from -r requirements-dev.txt (line 22))
2025-08-20T01:06:32.7563060Z   Using cached pandas-2.2.3-cp312-cp312-manylinux_2_17_x86_64.manylinux2014_x86_64.whl.metadata (89 kB)
2025-08-20T01:06:32.8473464Z Collecting psycopg2-binary==2.9.10 (from -r requirements-dev.txt (line 23))
2025-08-20T01:06:32.8486824Z   Using cached psycopg2_binary-2.9.10-cp312-cp312-manylinux_2_17_x86_64.manylinux2014_x86_64.whl.metadata (4.9 kB)
2025-08-20T01:06:32.8651569Z Collecting psycopg==3.2.9 (from psycopg[binary]==3.2.9->-r requirements-dev.txt (line 24))
2025-08-20T01:06:32.8663618Z   Using cached psycopg-3.2.9-py3-none-any.whl.metadata (4.5 kB)
2025-08-20T01:06:32.9907408Z Collecting pydantic==2.11.7 (from -r requirements-dev.txt (line 25))
2025-08-20T01:06:32.9922975Z   Using cached pydantic-2.11.7-py3-none-any.whl.metadata (67 kB)
2025-08-20T01:06:33.1155250Z Collecting setuptools (from -r requirements-dev.txt (line 26))
2025-08-20T01:06:33.1168119Z   Using cached setuptools-80.9.0-py3-none-any.whl.metadata (6.6 kB)
2025-08-20T01:06:33.1418914Z Collecting pytest-asyncio==0.23.6 (from -r requirements-dev.txt (line 27))
2025-08-20T01:06:33.1430016Z   Using cached pytest_asyncio-0.23.6-py3-none-any.whl.metadata (3.9 kB)
2025-08-20T01:06:33.1563832Z Collecting pytest-cov==6.2.1 (from -r requirements-dev.txt (line 28))
2025-08-20T01:06:33.1580240Z   Using cached pytest_cov-6.2.1-py3-none-any.whl.metadata (30 kB)
2025-08-20T01:06:33.1742505Z Collecting pytest-postgresql==7.0.2 (from -r requirements-dev.txt (line 29))
2025-08-20T01:06:33.1753654Z   Using cached pytest_postgresql-7.0.2-py3-none-any.whl.metadata (18 kB)
2025-08-20T01:06:33.1914432Z Collecting python-dotenv (from -r requirements-dev.txt (line 30))
2025-08-20T01:06:33.1925736Z   Using cached python_dotenv-1.1.1-py3-none-any.whl.metadata (24 kB)
2025-08-20T01:06:33.2048033Z Collecting python-multipart (from -r requirements-dev.txt (line 31))
2025-08-20T01:06:33.2059021Z   Using cached python_multipart-0.0.20-py3-none-any.whl.metadata (1.8 kB)
2025-08-20T01:06:33.2337317Z Collecting python-telegram-bot==22.3 (from -r requirements-dev.txt (line 32))
2025-08-20T01:06:33.2348242Z   Using cached python_telegram_bot-22.3-py3-none-any.whl.metadata (17 kB)
2025-08-20T01:06:33.2630408Z Collecting requests==2.32.4 (from -r requirements-dev.txt (line 33))
2025-08-20T01:06:33.2641566Z   Using cached requests-2.32.4-py3-none-any.whl.metadata (4.9 kB)
2025-08-20T01:06:33.2786737Z Collecting respx==0.22.0 (from -r requirements-dev.txt (line 34))
2025-08-20T01:06:33.2797575Z   Using cached respx-0.22.0-py2.py3-none-any.whl.metadata (4.1 kB)
2025-08-20T01:06:33.6318816Z Collecting ruff==0.4.4 (from -r requirements-dev.txt (line 35))
2025-08-20T01:06:33.6331174Z   Using cached ruff-0.4.4-py3-none-manylinux_2_17_x86_64.manylinux2014_x86_64.whl.metadata (23 kB)
2025-08-20T01:06:33.8882580Z Collecting sqlalchemy==2.0.43 (from -r requirements-dev.txt (line 36))
2025-08-20T01:06:33.8895432Z   Using cached sqlalchemy-2.0.43-cp312-cp312-manylinux_2_17_x86_64.manylinux2014_x86_64.whl.metadata (9.6 kB)
2025-08-20T01:06:33.9110152Z Collecting structlog==24.1.0 (from -r requirements-dev.txt (line 37))
2025-08-20T01:06:33.9121207Z   Using cached structlog-24.1.0-py3-none-any.whl.metadata (6.9 kB)
2025-08-20T01:06:33.9289350Z Collecting testcontainers==4.10.0 (from testcontainers[postgres]==4.10.0->-r requirements-dev.txt (line 38))
2025-08-20T01:06:33.9300196Z   Using cached testcontainers-4.10.0-py3-none-any.whl.metadata (7.8 kB)
2025-08-20T01:06:33.9657644Z Collecting types-requests==2.32.4.20250809 (from -r requirements-dev.txt (line 39))
2025-08-20T01:06:33.9668911Z   Using cached types_requests-2.32.4.20250809-py3-none-any.whl.metadata (2.0 kB)
2025-08-20T01:06:33.9790104Z Collecting docspec-python==2.2.2 (from -r requirements-dev.txt (line 40))
2025-08-20T01:06:33.9801145Z   Using cached docspec_python-2.2.2-py3-none-any.whl.metadata (1.0 kB)
2025-08-20T01:06:33.9948258Z Collecting pydoc-markdown==4.8.2 (from -r requirements-dev.txt (line 41))
2025-08-20T01:06:33.9960272Z   Using cached pydoc_markdown-4.8.2-py3-none-any.whl.metadata (5.9 kB)
2025-08-20T01:06:34.0225877Z Collecting pandera==0.19.* (from -r requirements-dev.txt (line 42))
2025-08-20T01:06:34.0236771Z   Using cached pandera-0.19.3-py3-none-any.whl.metadata (15 kB)
2025-08-20T01:06:34.1219226Z Collecting MarkupSafe>=2.0 (from Jinja2==3.1.6->-r requirements-dev.txt (line 2))
2025-08-20T01:06:34.1231193Z   Using cached MarkupSafe-3.0.2-cp312-cp312-manylinux_2_17_x86_64.manylinux2014_x86_64.whl.metadata (4.0 kB)
2025-08-20T01:06:34.1512412Z Collecting Mako (from alembic==1.13.1->-r requirements-dev.txt (line 3))
2025-08-20T01:06:34.1523510Z   Using cached mako-1.3.10-py3-none-any.whl.metadata (2.9 kB)
2025-08-20T01:06:34.1689851Z Collecting typing-extensions>=4 (from alembic==1.13.1->-r requirements-dev.txt (line 3))
2025-08-20T01:06:34.1700840Z   Using cached typing_extensions-4.14.1-py3-none-any.whl.metadata (3.0 kB)
2025-08-20T01:06:34.1836543Z Collecting six>=1.4.0 (from apscheduler==3.10.4->-r requirements-dev.txt (line 4))
2025-08-20T01:06:34.1847476Z   Using cached six-1.17.0-py2.py3-none-any.whl.metadata (1.7 kB)
2025-08-20T01:06:34.2179669Z Collecting pytz (from apscheduler==3.10.4->-r requirements-dev.txt (line 4))
2025-08-20T01:06:34.2191562Z   Using cached pytz-2025.2-py2.py3-none-any.whl.metadata (22 kB)
2025-08-20T01:06:34.2363678Z Collecting tzlocal!=3.*,>=2.0 (from apscheduler==3.10.4->-r requirements-dev.txt (line 4))
2025-08-20T01:06:34.2374504Z   Using cached tzlocal-5.3.1-py3-none-any.whl.metadata (7.6 kB)
2025-08-20T01:06:34.2668038Z Collecting starlette>=0.18 (from asgi-correlation-id==4.3.1->-r requirements-dev.txt (line 5))
2025-08-20T01:06:34.2678779Z   Using cached starlette-0.47.2-py3-none-any.whl.metadata (6.2 kB)
2025-08-20T01:06:34.2869374Z Collecting click>=8.0.0 (from black==25.1.0->-r requirements-dev.txt (line 7))
2025-08-20T01:06:34.2880519Z   Using cached click-8.2.1-py3-none-any.whl.metadata (2.5 kB)
2025-08-20T01:06:34.3042229Z Collecting packaging>=22.0 (from black==25.1.0->-r requirements-dev.txt (line 7))
2025-08-20T01:06:34.3053854Z   Using cached packaging-25.0-py3-none-any.whl.metadata (3.3 kB)
2025-08-20T01:06:34.3164477Z Collecting pathspec>=0.9.0 (from black==25.1.0->-r requirements-dev.txt (line 7))
2025-08-20T01:06:34.3175848Z   Using cached pathspec-0.12.1-py3-none-any.whl.metadata (21 kB)
2025-08-20T01:06:34.3354968Z Collecting platformdirs>=2 (from black==25.1.0->-r requirements-dev.txt (line 7))
2025-08-20T01:06:34.3366218Z   Using cached platformdirs-4.3.8-py3-none-any.whl.metadata (12 kB)
2025-08-20T01:06:34.3564085Z Collecting billiard<5.0,>=4.2.1 (from celery==5.5.3->-r requirements-dev.txt (line 11))
2025-08-20T01:06:34.3574700Z   Using cached billiard-4.2.1-py3-none-any.whl.metadata (4.4 kB)
2025-08-20T01:06:34.3836529Z Collecting kombu<5.6,>=5.5.2 (from celery==5.5.3->-r requirements-dev.txt (line 11))
2025-08-20T01:06:34.3847847Z   Using cached kombu-5.5.4-py3-none-any.whl.metadata (3.5 kB)
2025-08-20T01:06:34.4027476Z Collecting vine<6.0,>=5.1.0 (from celery==5.5.3->-r requirements-dev.txt (line 11))
2025-08-20T01:06:34.4038283Z   Using cached vine-5.1.0-py3-none-any.whl.metadata (2.7 kB)
2025-08-20T01:06:34.4173974Z Collecting click-didyoumean>=0.3.0 (from celery==5.5.3->-r requirements-dev.txt (line 11))
2025-08-20T01:06:34.4185819Z   Using cached click_didyoumean-0.3.1-py3-none-any.whl.metadata (3.9 kB)
2025-08-20T01:06:34.4270271Z Collecting click-repl>=0.2.0 (from celery==5.5.3->-r requirements-dev.txt (line 11))
2025-08-20T01:06:34.4281059Z   Using cached click_repl-0.3.0-py3-none-any.whl.metadata (3.6 kB)
2025-08-20T01:06:34.4368307Z Collecting click-plugins>=1.1.1 (from celery==5.5.3->-r requirements-dev.txt (line 11))
2025-08-20T01:06:34.4379174Z   Using cached click_plugins-1.1.1.2-py2.py3-none-any.whl.metadata (6.5 kB)
2025-08-20T01:06:34.4512320Z Collecting python-dateutil>=2.8.2 (from celery==5.5.3->-r requirements-dev.txt (line 11))
2025-08-20T01:06:34.4523407Z   Using cached python_dateutil-2.9.0.post0-py2.py3-none-any.whl.metadata (8.4 kB)
2025-08-20T01:06:34.4859826Z Collecting annotated-types>=0.6.0 (from pydantic==2.11.7->-r requirements-dev.txt (line 25))
2025-08-20T01:06:34.4870533Z   Using cached annotated_types-0.7.0-py3-none-any.whl.metadata (15 kB)
2025-08-20T01:06:35.1406838Z Collecting pydantic-core==2.33.2 (from pydantic==2.11.7->-r requirements-dev.txt (line 25))
2025-08-20T01:06:35.1419715Z   Using cached pydantic_core-2.33.2-cp312-cp312-manylinux_2_17_x86_64.manylinux2014_x86_64.whl.metadata (6.8 kB)
2025-08-20T01:06:35.1543359Z Collecting typing-inspection>=0.4.0 (from pydantic==2.11.7->-r requirements-dev.txt (line 25))
2025-08-20T01:06:35.1554414Z   Using cached typing_inspection-0.4.1-py3-none-any.whl.metadata (2.6 kB)
2025-08-20T01:06:35.1810314Z Collecting et-xmlfile (from openpyxl==3.1.5->-r requirements-dev.txt (line 21))
2025-08-20T01:06:35.1821383Z   Using cached et_xmlfile-2.0.0-py3-none-any.whl.metadata (2.7 kB)
2025-08-20T01:06:35.2220996Z Collecting pytest<9,>=7.0.0 (from pytest-asyncio==0.23.6->-r requirements-dev.txt (line 27))
2025-08-20T01:06:35.2233063Z   Using cached pytest-8.4.1-py3-none-any.whl.metadata (7.7 kB)
2025-08-20T01:06:35.5320937Z Collecting coverage>=7.5 (from coverage[toml]>=7.5->pytest-cov==6.2.1->-r requirements-dev.txt (line 28))
2025-08-20T01:06:35.5334331Z   Using cached coverage-7.10.4-cp312-cp312-manylinux1_x86_64.manylinux_2_28_x86_64.manylinux_2_5_x86_64.whl.metadata (8.9 kB)
2025-08-20T01:06:35.5497475Z Collecting pluggy>=1.2 (from pytest-cov==6.2.1->-r requirements-dev.txt (line 28))
2025-08-20T01:06:35.5509189Z   Using cached pluggy-1.6.0-py3-none-any.whl.metadata (4.8 kB)
2025-08-20T01:06:35.5767456Z Collecting port-for>=0.7.3 (from pytest-postgresql==7.0.2->-r requirements-dev.txt (line 29))
2025-08-20T01:06:35.5778646Z   Using cached port_for-0.7.4-py3-none-any.whl.metadata (7.1 kB)
2025-08-20T01:06:35.5919390Z Collecting mirakuru>=2.6.0 (from pytest-postgresql==7.0.2->-r requirements-dev.txt (line 29))
2025-08-20T01:06:35.5930365Z   Using cached mirakuru-2.6.1-py3-none-any.whl.metadata (10 kB)
2025-08-20T01:06:35.6769590Z Collecting charset_normalizer<4,>=2 (from requests==2.32.4->-r requirements-dev.txt (line 33))
2025-08-20T01:06:35.6782792Z   Using cached charset_normalizer-3.4.3-cp312-cp312-manylinux2014_x86_64.manylinux_2_17_x86_64.manylinux_2_28_x86_64.whl.metadata (36 kB)
2025-08-20T01:06:35.6928548Z Collecting idna<4,>=2.5 (from requests==2.32.4->-r requirements-dev.txt (line 33))
2025-08-20T01:06:35.6939537Z   Using cached idna-3.10-py3-none-any.whl.metadata (10 kB)
2025-08-20T01:06:35.7206681Z Collecting urllib3<3,>=1.21.1 (from requests==2.32.4->-r requirements-dev.txt (line 33))
2025-08-20T01:06:35.7217234Z   Using cached urllib3-2.5.0-py3-none-any.whl.metadata (6.5 kB)
2025-08-20T01:06:35.7411756Z Collecting certifi>=2017.4.17 (from requests==2.32.4->-r requirements-dev.txt (line 33))
2025-08-20T01:06:35.7422931Z   Using cached certifi-2025.8.3-py3-none-any.whl.metadata (2.4 kB)
2025-08-20T01:06:35.9367060Z Collecting greenlet>=1 (from sqlalchemy==2.0.43->-r requirements-dev.txt (line 36))
2025-08-20T01:06:35.9380611Z   Using cached greenlet-3.2.4-cp312-cp312-manylinux_2_24_x86_64.manylinux_2_28_x86_64.whl.metadata (4.1 kB)
2025-08-20T01:06:35.9602660Z Collecting docker (from testcontainers==4.10.0->testcontainers[postgres]==4.10.0->-r requirements-dev.txt (line 38))
2025-08-20T01:06:35.9613826Z   Using cached docker-7.1.0-py3-none-any.whl.metadata (3.8 kB)
2025-08-20T01:06:36.0602457Z Collecting wrapt (from testcontainers==4.10.0->testcontainers[postgres]==4.10.0->-r requirements-dev.txt (line 38))
2025-08-20T01:06:36.0615219Z   Using cached wrapt-1.17.3-cp312-cp312-manylinux1_x86_64.manylinux_2_28_x86_64.manylinux_2_5_x86_64.whl.metadata (6.4 kB)
2025-08-20T01:06:36.0869011Z Collecting docspec==2.2.1 (from docspec-python==2.2.2->-r requirements-dev.txt (line 40))
2025-08-20T01:06:36.0879984Z   Using cached docspec-2.2.1-py3-none-any.whl.metadata (1.5 kB)
2025-08-20T01:06:36.1028030Z Collecting nr-util>=0.8.12 (from docspec-python==2.2.2->-r requirements-dev.txt (line 40))
2025-08-20T01:06:36.1039068Z   Using cached nr.util-0.8.12-py3-none-any.whl.metadata (813 bytes)
2025-08-20T01:06:36.1388064Z Collecting PyYAML<7.0,>=5.0 (from pydoc-markdown==4.8.2->-r requirements-dev.txt (line 41))
2025-08-20T01:06:36.1399813Z   Using cached PyYAML-6.0.2-cp312-cp312-manylinux_2_17_x86_64.manylinux2014_x86_64.whl.metadata (2.1 kB)
2025-08-20T01:06:36.1666416Z Collecting databind.core<5.0.0,>=4.4.0 (from pydoc-markdown==4.8.2->-r requirements-dev.txt (line 41))
2025-08-20T01:06:36.1677005Z   Using cached databind.core-4.5.2-py3-none-any.whl.metadata (1.1 kB)
2025-08-20T01:06:36.1986264Z Collecting databind.json<5.0.0,>=4.4.0 (from pydoc-markdown==4.8.2->-r requirements-dev.txt (line 41))
2025-08-20T01:06:36.1997634Z   Using cached databind.json-4.5.2-py3-none-any.whl.metadata (1.1 kB)
2025-08-20T01:06:36.2139683Z Collecting docstring-parser<0.12,>=0.11 (from pydoc-markdown==4.8.2->-r requirements-dev.txt (line 41))
2025-08-20T01:06:36.2141219Z   Using cached docstring_parser-0.11-py3-none-any.whl
2025-08-20T01:06:36.2488929Z Collecting tomli<3.0.0,>=2.0.0 (from pydoc-markdown==4.8.2->-r requirements-dev.txt (line 41))
2025-08-20T01:06:36.2500218Z   Using cached tomli-2.2.1-cp312-cp312-manylinux_2_17_x86_64.manylinux2014_x86_64.whl.metadata (11 kB)
2025-08-20T01:06:36.2602869Z Collecting tomli_w<2.0.0,>=1.0.0 (from pydoc-markdown==4.8.2->-r requirements-dev.txt (line 41))
2025-08-20T01:06:36.2613715Z   Using cached tomli_w-1.2.0-py3-none-any.whl.metadata (5.7 kB)
2025-08-20T01:06:36.3076970Z Collecting watchdog (from pydoc-markdown==4.8.2->-r requirements-dev.txt (line 41))
2025-08-20T01:06:36.3088003Z   Using cached watchdog-6.0.0-py3-none-manylinux2014_x86_64.whl.metadata (44 kB)
2025-08-20T01:06:36.3289955Z Collecting yapf>=0.30.0 (from pydoc-markdown==4.8.2->-r requirements-dev.txt (line 41))
2025-08-20T01:06:36.3300900Z   Using cached yapf-0.43.0-py3-none-any.whl.metadata (46 kB)
2025-08-20T01:06:36.3489434Z Collecting Deprecated<2.0.0,>=1.2.12 (from docspec==2.2.1->docspec-python==2.2.2->-r requirements-dev.txt (line 40))
2025-08-20T01:06:36.3500433Z   Using cached Deprecated-1.2.18-py2.py3-none-any.whl.metadata (5.7 kB)
2025-08-20T01:06:36.5034230Z Collecting psycopg-binary==3.2.9 (from psycopg[binary]==3.2.9->-r requirements-dev.txt (line 24))
2025-08-20T01:06:36.5048122Z   Using cached psycopg_binary-3.2.9-cp312-cp312-manylinux_2_17_x86_64.manylinux2014_x86_64.whl.metadata (2.9 kB)
2025-08-20T01:06:36.5382234Z Collecting argon2-cffi (from minio==7.*->-r requirements-dev.txt (line 10))
2025-08-20T01:06:36.5394664Z   Using cached argon2_cffi-25.1.0-py3-none-any.whl.metadata (4.1 kB)
2025-08-20T01:06:36.6171992Z Collecting pycryptodome (from minio==7.*->-r requirements-dev.txt (line 10))
2025-08-20T01:06:36.6189098Z   Using cached pycryptodome-3.23.0-cp37-abi3-manylinux_2_17_x86_64.manylinux2014_x86_64.whl.metadata (3.4 kB)
2025-08-20T01:06:36.6399358Z Collecting anyio (from httpx<0.29,>=0.27->-r requirements-dev.txt (line 15))
2025-08-20T01:06:36.6411890Z   Using cached anyio-4.10.0-py3-none-any.whl.metadata (4.0 kB)
2025-08-20T01:06:36.6612432Z Collecting httpcore==1.* (from httpx<0.29,>=0.27->-r requirements-dev.txt (line 15))
2025-08-20T01:06:36.6624477Z   Using cached httpcore-1.0.9-py3-none-any.whl.metadata (21 kB)
2025-08-20T01:06:36.6943405Z Collecting tzdata>=2022.7 (from pandas==2.2.*->-r requirements-dev.txt (line 22))
2025-08-20T01:06:36.6955822Z   Using cached tzdata-2025.2-py2.py3-none-any.whl.metadata (1.4 kB)
2025-08-20T01:06:36.7100912Z Collecting multimethod<=1.10.0 (from pandera==0.19.*->-r requirements-dev.txt (line 42))
2025-08-20T01:06:36.7112698Z   Using cached multimethod-1.10-py3-none-any.whl.metadata (8.2 kB)
2025-08-20T01:06:36.7472722Z Collecting typeguard (from pandera==0.19.*->-r requirements-dev.txt (line 42))
2025-08-20T01:06:36.7484684Z   Using cached typeguard-4.4.4-py3-none-any.whl.metadata (3.3 kB)
2025-08-20T01:06:36.7591934Z Collecting typing-inspect>=0.6.0 (from pandera==0.19.*->-r requirements-dev.txt (line 42))
2025-08-20T01:06:36.7603535Z   Using cached typing_inspect-0.9.0-py3-none-any.whl.metadata (1.5 kB)
2025-08-20T01:06:36.7956984Z Collecting databind<5.0.0,>=4.5.2 (from databind.core<5.0.0,>=4.4.0->pydoc-markdown==4.8.2->-r requirements-dev.txt (line 41))
2025-08-20T01:06:36.7969576Z   Using cached databind-4.5.2-py3-none-any.whl.metadata (4.3 kB)
2025-08-20T01:06:36.8081312Z Collecting nr-date<3.0.0,>=2.0.0 (from databind<5.0.0,>=4.5.2->databind.core<5.0.0,>=4.4.0->pydoc-markdown==4.8.2->-r requirements-dev.txt (line 41))
2025-08-20T01:06:36.8092851Z   Using cached nr_date-2.1.0-py3-none-any.whl.metadata (746 bytes)
2025-08-20T01:06:36.8199213Z Collecting nr-stream<2.0.0,>=1.0.0 (from databind<5.0.0,>=4.5.2->databind.core<5.0.0,>=4.4.0->pydoc-markdown==4.8.2->-r requirements-dev.txt (line 41))
2025-08-20T01:06:36.8210652Z   Using cached nr_stream-1.1.5-py3-none-any.whl.metadata (3.6 kB)
2025-08-20T01:06:36.8406314Z Collecting typeapi<3,>=2.0.1 (from databind<5.0.0,>=4.5.2->databind.core<5.0.0,>=4.4.0->pydoc-markdown==4.8.2->-r requirements-dev.txt (line 41))
2025-08-20T01:06:36.8418032Z   Using cached typeapi-2.2.4-py3-none-any.whl.metadata (1.5 kB)
2025-08-20T01:06:36.8694011Z Collecting h11>=0.16 (from httpcore==1.*->httpx<0.29,>=0.27->-r requirements-dev.txt (line 15))
2025-08-20T01:06:36.8705479Z   Using cached h11-0.16.0-py3-none-any.whl.metadata (8.3 kB)
2025-08-20T01:06:36.8913236Z Collecting amqp<6.0.0,>=5.1.1 (from kombu<5.6,>=5.5.2->celery==5.5.3->-r requirements-dev.txt (line 11))
2025-08-20T01:06:36.8924853Z   Using cached amqp-5.3.1-py3-none-any.whl.metadata (8.9 kB)
2025-08-20T01:06:36.9320411Z Collecting iniconfig>=1 (from pytest<9,>=7.0.0->pytest-asyncio==0.23.6->-r requirements-dev.txt (line 27))
2025-08-20T01:06:36.9333003Z   Using cached iniconfig-2.1.0-py3-none-any.whl.metadata (2.7 kB)
2025-08-20T01:06:36.9555121Z Collecting pygments>=2.7.2 (from pytest<9,>=7.0.0->pytest-asyncio==0.23.6->-r requirements-dev.txt (line 27))
2025-08-20T01:06:36.9567099Z   Using cached pygments-2.19.2-py3-none-any.whl.metadata (2.5 kB)
2025-08-20T01:06:37.0020336Z Collecting sniffio>=1.1 (from anyio->httpx<0.29,>=0.27->-r requirements-dev.txt (line 15))
2025-08-20T01:06:37.0031888Z   Using cached sniffio-1.3.1-py3-none-any.whl.metadata (3.9 kB)
2025-08-20T01:06:37.4373183Z Collecting botocore<1.41.0,>=1.40.13 (from boto3->-r requirements-dev.txt (line 8))
2025-08-20T01:06:37.4415518Z   Downloading botocore-1.40.13-py3-none-any.whl.metadata (5.7 kB)
2025-08-20T01:06:37.4595440Z Collecting jmespath<2.0.0,>=0.7.1 (from boto3->-r requirements-dev.txt (line 8))
2025-08-20T01:06:37.4608625Z   Using cached jmespath-1.0.1-py3-none-any.whl.metadata (7.6 kB)
2025-08-20T01:06:37.4765188Z Collecting s3transfer<0.14.0,>=0.13.0 (from boto3->-r requirements-dev.txt (line 8))
2025-08-20T01:06:37.4777200Z   Using cached s3transfer-0.13.1-py3-none-any.whl.metadata (1.7 kB)
2025-08-20T01:06:37.6820996Z Collecting fastapi-cli>=0.0.8 (from fastapi-cli[standard]>=0.0.8; extra == "all"->fastapi[all]->-r requirements-dev.txt (line 13))
2025-08-20T01:06:37.6832350Z   Using cached fastapi_cli-0.0.8-py3-none-any.whl.metadata (6.3 kB)
2025-08-20T01:06:37.7592686Z Collecting ujson!=4.0.2,!=4.1.0,!=4.2.0,!=4.3.0,!=5.0.0,!=5.1.0,>=4.0.1 (from fastapi[all]->-r requirements-dev.txt (line 13))
2025-08-20T01:06:37.7604999Z   Using cached ujson-5.10.0-cp312-cp312-manylinux_2_17_x86_64.manylinux2014_x86_64.whl.metadata (9.3 kB)
2025-08-20T01:06:37.9887604Z Collecting orjson>=3.2.1 (from fastapi[all]->-r requirements-dev.txt (line 13))
2025-08-20T01:06:37.9900999Z   Using cached orjson-3.11.2-cp312-cp312-manylinux_2_17_x86_64.manylinux2014_x86_64.whl.metadata (1.2 kB)
2025-08-20T01:06:38.0043671Z Collecting email-validator>=2.0.0 (from fastapi[all]->-r requirements-dev.txt (line 13))
2025-08-20T01:06:38.0070486Z   Using cached email_validator-2.2.0-py3-none-any.whl.metadata (25 kB)
2025-08-20T01:06:38.0394360Z Collecting uvicorn>=0.12.0 (from uvicorn[standard]>=0.12.0; extra == "all"->fastapi[all]->-r requirements-dev.txt (line 13))
2025-08-20T01:06:38.0406619Z   Using cached uvicorn-0.35.0-py3-none-any.whl.metadata (6.5 kB)
2025-08-20T01:06:38.0593197Z Collecting pydantic-settings>=2.0.0 (from fastapi[all]->-r requirements-dev.txt (line 13))
2025-08-20T01:06:38.0607652Z   Using cached pydantic_settings-2.10.1-py3-none-any.whl.metadata (3.4 kB)
2025-08-20T01:06:38.0748946Z Collecting pydantic-extra-types>=2.0.0 (from fastapi[all]->-r requirements-dev.txt (line 13))
2025-08-20T01:06:38.0760846Z   Using cached pydantic_extra_types-2.10.5-py3-none-any.whl.metadata (3.9 kB)
2025-08-20T01:06:38.1443173Z Collecting prompt-toolkit>=3.0.36 (from click-repl>=0.2.0->celery==5.5.3->-r requirements-dev.txt (line 11))
2025-08-20T01:06:38.1454953Z   Using cached prompt_toolkit-3.0.51-py3-none-any.whl.metadata (6.4 kB)
2025-08-20T01:06:38.1633899Z Collecting dnspython>=2.0.0 (from email-validator>=2.0.0->fastapi[all]->-r requirements-dev.txt (line 13))
2025-08-20T01:06:38.1645387Z   Using cached dnspython-2.7.0-py3-none-any.whl.metadata (5.8 kB)
2025-08-20T01:06:38.1933441Z Collecting typer>=0.15.1 (from fastapi-cli>=0.0.8->fastapi-cli[standard]>=0.0.8; extra == "all"->fastapi[all]->-r requirements-dev.txt (line 13))
2025-08-20T01:06:38.1944805Z   Using cached typer-0.16.1-py3-none-any.whl.metadata (15 kB)
2025-08-20T01:06:38.2201089Z Collecting rich-toolkit>=0.14.8 (from fastapi-cli>=0.0.8->fastapi-cli[standard]>=0.0.8; extra == "all"->fastapi[all]->-r requirements-dev.txt (line 13))
2025-08-20T01:06:38.2212467Z   Using cached rich_toolkit-0.15.0-py3-none-any.whl.metadata (1.0 kB)
2025-08-20T01:06:38.2331698Z Collecting fastapi-cloud-cli>=0.1.1 (from fastapi-cli[standard]>=0.0.8; extra == "all"->fastapi[all]->-r requirements-dev.txt (line 13))
2025-08-20T01:06:38.2343159Z   Using cached fastapi_cloud_cli-0.1.5-py3-none-any.whl.metadata (3.2 kB)
2025-08-20T01:06:38.3056436Z Collecting rignore>=0.5.1 (from fastapi-cloud-cli>=0.1.1->fastapi-cli[standard]>=0.0.8; extra == "all"->fastapi[all]->-r requirements-dev.txt (line 13))
2025-08-20T01:06:38.3100427Z   Using cached rignore-0.6.4-cp312-cp312-manylinux_2_17_x86_64.manylinux2014_x86_64.whl.metadata (3.8 kB)
2025-08-20T01:06:38.3688278Z Collecting sentry-sdk>=2.20.0 (from fastapi-cloud-cli>=0.1.1->fastapi-cli[standard]>=0.0.8; extra == "all"->fastapi[all]->-r requirements-dev.txt (line 13))
2025-08-20T01:06:38.3700200Z   Using cached sentry_sdk-2.35.0-py2.py3-none-any.whl.metadata (10 kB)
2025-08-20T01:06:38.4628678Z Collecting psutil>=4.0.0 (from mirakuru>=2.6.0->pytest-postgresql==7.0.2->-r requirements-dev.txt (line 29))
2025-08-20T01:06:38.4641862Z   Using cached psutil-7.0.0-cp36-abi3-manylinux_2_12_x86_64.manylinux2010_x86_64.manylinux_2_17_x86_64.manylinux2014_x86_64.whl.metadata (22 kB)
2025-08-20T01:06:38.4963656Z Collecting wcwidth (from prompt-toolkit>=3.0.36->click-repl>=0.2.0->celery==5.5.3->-r requirements-dev.txt (line 11))
2025-08-20T01:06:38.4975170Z   Using cached wcwidth-0.2.13-py2.py3-none-any.whl.metadata (14 kB)
2025-08-20T01:06:38.5777852Z Collecting rich>=13.7.1 (from rich-toolkit>=0.14.8->fastapi-cli>=0.0.8->fastapi-cli[standard]>=0.0.8; extra == "all"->fastapi[all]->-r requirements-dev.txt (line 13))
2025-08-20T01:06:38.5789271Z   Using cached rich-14.1.0-py3-none-any.whl.metadata (18 kB)
2025-08-20T01:06:38.6023241Z Collecting markdown-it-py>=2.2.0 (from rich>=13.7.1->rich-toolkit>=0.14.8->fastapi-cli>=0.0.8->fastapi-cli[standard]>=0.0.8; extra == "all"->fastapi[all]->-r requirements-dev.txt (line 13))
2025-08-20T01:06:38.6034862Z   Using cached markdown_it_py-4.0.0-py3-none-any.whl.metadata (7.3 kB)
2025-08-20T01:06:38.6247298Z Collecting mdurl~=0.1 (from markdown-it-py>=2.2.0->rich>=13.7.1->rich-toolkit>=0.14.8->fastapi-cli>=0.0.8->fastapi-cli[standard]>=0.0.8; extra == "all"->fastapi[all]->-r requirements-dev.txt (line 13))
2025-08-20T01:06:38.6259354Z   Using cached mdurl-0.1.2-py3-none-any.whl.metadata (1.6 kB)
2025-08-20T01:06:38.6792103Z Collecting shellingham>=1.3.0 (from typer>=0.15.1->fastapi-cli>=0.0.8->fastapi-cli[standard]>=0.0.8; extra == "all"->fastapi[all]->-r requirements-dev.txt (line 13))
2025-08-20T01:06:38.6804349Z   Using cached shellingham-1.5.4-py2.py3-none-any.whl.metadata (3.5 kB)
2025-08-20T01:06:38.7602221Z Collecting httptools>=0.6.3 (from uvicorn[standard]>=0.12.0; extra == "all"->fastapi[all]->-r requirements-dev.txt (line 13))
2025-08-20T01:06:38.7614657Z   Using cached httptools-0.6.4-cp312-cp312-manylinux_2_5_x86_64.manylinux1_x86_64.manylinux_2_17_x86_64.manylinux2014_x86_64.whl.metadata (3.6 kB)
2025-08-20T01:06:38.8029254Z Collecting uvloop>=0.15.1 (from uvicorn[standard]>=0.12.0; extra == "all"->fastapi[all]->-r requirements-dev.txt (line 13))
2025-08-20T01:06:38.8040909Z   Using cached uvloop-0.21.0-cp312-cp312-manylinux_2_17_x86_64.manylinux2014_x86_64.whl.metadata (4.9 kB)
2025-08-20T01:06:38.8728076Z Collecting watchfiles>=0.13 (from uvicorn[standard]>=0.12.0; extra == "all"->fastapi[all]->-r requirements-dev.txt (line 13))
2025-08-20T01:06:38.8740577Z   Using cached watchfiles-1.1.0-cp312-cp312-manylinux_2_17_x86_64.manylinux2014_x86_64.whl.metadata (4.9 kB)
2025-08-20T01:06:39.0656056Z Collecting websockets>=10.4 (from uvicorn[standard]>=0.12.0; extra == "all"->fastapi[all]->-r requirements-dev.txt (line 13))
2025-08-20T01:06:39.0669449Z   Using cached websockets-15.0.1-cp312-cp312-manylinux_2_5_x86_64.manylinux1_x86_64.manylinux_2_17_x86_64.manylinux2014_x86_64.whl.metadata (6.8 kB)
2025-08-20T01:06:39.1123198Z Collecting argon2-cffi-bindings (from argon2-cffi->minio==7.*->-r requirements-dev.txt (line 10))
2025-08-20T01:06:39.1135206Z   Using cached argon2_cffi_bindings-25.1.0-cp39-abi3-manylinux_2_26_x86_64.manylinux_2_28_x86_64.whl.metadata (7.4 kB)
2025-08-20T01:06:39.2145163Z Collecting cffi>=1.0.1 (from argon2-cffi-bindings->argon2-cffi->minio==7.*->-r requirements-dev.txt (line 10))
2025-08-20T01:06:39.2158477Z   Using cached cffi-1.17.1-cp312-cp312-manylinux_2_17_x86_64.manylinux2014_x86_64.whl.metadata (1.5 kB)
2025-08-20T01:06:39.2286069Z Collecting pycparser (from cffi>=1.0.1->argon2-cffi-bindings->argon2-cffi->minio==7.*->-r requirements-dev.txt (line 10))
2025-08-20T01:06:39.2297087Z   Using cached pycparser-2.22-py3-none-any.whl.metadata (943 bytes)
2025-08-20T01:06:39.2942159Z Using cached jinja2-3.1.6-py3-none-any.whl (134 kB)
2025-08-20T01:06:39.2954712Z Using cached alembic-1.13.1-py3-none-any.whl (233 kB)
2025-08-20T01:06:39.2968047Z Using cached APScheduler-3.10.4-py3-none-any.whl (59 kB)
2025-08-20T01:06:39.2979691Z Using cached asgi_correlation_id-4.3.1-py3-none-any.whl (15 kB)
2025-08-20T01:06:39.2990828Z Using cached asyncpg-0.30.0-cp312-cp312-manylinux_2_17_x86_64.manylinux2014_x86_64.whl (3.6 MB)
2025-08-20T01:06:39.3028079Z Using cached black-25.1.0-cp312-cp312-manylinux_2_17_x86_64.manylinux2014_x86_64.manylinux_2_28_x86_64.whl (1.8 MB)
2025-08-20T01:06:39.3052159Z Using cached celery-5.5.3-py3-none-any.whl (438 kB)
2025-08-20T01:06:39.3065932Z Using cached fastapi-0.116.1-py3-none-any.whl (95 kB)
2025-08-20T01:06:39.3077806Z Using cached pydantic-2.11.7-py3-none-any.whl (444 kB)
2025-08-20T01:06:39.3091379Z Using cached fastapi_limiter-0.1.6-py3-none-any.whl (15 kB)
2025-08-20T01:06:39.3102197Z Using cached IMAPClient-3.0.1-py2.py3-none-any.whl (182 kB)
2025-08-20T01:06:39.3114215Z Using cached mypy_extensions-1.1.0-py3-none-any.whl (5.0 kB)
2025-08-20T01:06:39.3124870Z Using cached openpyxl-3.1.5-py2.py3-none-any.whl (250 kB)
2025-08-20T01:06:39.3137822Z Using cached psycopg2_binary-2.9.10-cp312-cp312-manylinux_2_17_x86_64.manylinux2014_x86_64.whl (3.0 MB)
2025-08-20T01:06:39.3169631Z Using cached psycopg-3.2.9-py3-none-any.whl (202 kB)
2025-08-20T01:06:39.3181430Z Using cached pytest_asyncio-0.23.6-py3-none-any.whl (17 kB)
2025-08-20T01:06:39.3192196Z Using cached pytest_cov-6.2.1-py3-none-any.whl (24 kB)
2025-08-20T01:06:39.3203017Z Using cached pytest_postgresql-7.0.2-py3-none-any.whl (41 kB)
2025-08-20T01:06:39.3213761Z Using cached python_telegram_bot-22.3-py3-none-any.whl (717 kB)
2025-08-20T01:06:39.3229740Z Using cached requests-2.32.4-py3-none-any.whl (64 kB)
2025-08-20T01:06:39.3240550Z Using cached respx-0.22.0-py2.py3-none-any.whl (25 kB)
2025-08-20T01:06:39.3251645Z Using cached ruff-0.4.4-py3-none-manylinux_2_17_x86_64.manylinux2014_x86_64.whl (8.7 MB)
2025-08-20T01:06:39.3323589Z Using cached sqlalchemy-2.0.43-cp312-cp312-manylinux_2_17_x86_64.manylinux2014_x86_64.whl (3.3 MB)
2025-08-20T01:06:39.3357981Z Using cached structlog-24.1.0-py3-none-any.whl (65 kB)
2025-08-20T01:06:39.3369126Z Using cached testcontainers-4.10.0-py3-none-any.whl (107 kB)
2025-08-20T01:06:39.3380413Z Using cached types_requests-2.32.4.20250809-py3-none-any.whl (20 kB)
2025-08-20T01:06:39.3391136Z Using cached docspec_python-2.2.2-py3-none-any.whl (15 kB)
2025-08-20T01:06:39.3401964Z Using cached pydoc_markdown-4.8.2-py3-none-any.whl (67 kB)
2025-08-20T01:06:39.3412886Z Using cached docspec-2.2.1-py3-none-any.whl (9.8 kB)
2025-08-20T01:06:39.3423737Z Using cached psycopg_binary-3.2.9-cp312-cp312-manylinux_2_17_x86_64.manylinux2014_x86_64.whl (4.4 MB)
2025-08-20T01:06:39.3465844Z Using cached pydantic_core-2.33.2-cp312-cp312-manylinux_2_17_x86_64.manylinux2014_x86_64.whl (2.0 MB)
2025-08-20T01:06:39.3490923Z Using cached redis-6.4.0-py3-none-any.whl (279 kB)
2025-08-20T01:06:39.3503551Z Using cached minio-7.2.16-py3-none-any.whl (95 kB)
2025-08-20T01:06:39.3514846Z Using cached httpx-0.28.1-py3-none-any.whl (73 kB)
2025-08-20T01:06:39.3526366Z Using cached mypy-1.17.1-cp312-cp312-manylinux2014_x86_64.manylinux_2_17_x86_64.manylinux_2_28_x86_64.whl (12.7 MB)
2025-08-20T01:06:39.3626577Z Using cached numpy-1.26.4-cp312-cp312-manylinux_2_17_x86_64.manylinux2014_x86_64.whl (18.0 MB)
2025-08-20T01:06:39.3763909Z Using cached pandas-2.2.3-cp312-cp312-manylinux_2_17_x86_64.manylinux2014_x86_64.whl (12.7 MB)
2025-08-20T01:06:39.3864796Z Using cached pandera-0.19.3-py3-none-any.whl (251 kB)
2025-08-20T01:06:39.3877636Z Using cached billiard-4.2.1-py3-none-any.whl (86 kB)
2025-08-20T01:06:39.3889134Z Using cached charset_normalizer-3.4.3-cp312-cp312-manylinux2014_x86_64.manylinux_2_17_x86_64.manylinux_2_28_x86_64.whl (151 kB)
2025-08-20T01:06:39.3900602Z Using cached click-8.2.1-py3-none-any.whl (102 kB)
2025-08-20T01:06:39.3911922Z Using cached databind.core-4.5.2-py3-none-any.whl (1.5 kB)
2025-08-20T01:06:39.3923493Z Using cached databind-4.5.2-py3-none-any.whl (49 kB)
2025-08-20T01:06:39.3934609Z Using cached databind.json-4.5.2-py3-none-any.whl (1.5 kB)
2025-08-20T01:06:39.3945144Z Using cached Deprecated-1.2.18-py2.py3-none-any.whl (10.0 kB)
2025-08-20T01:06:39.3955784Z Using cached httpcore-1.0.9-py3-none-any.whl (78 kB)
2025-08-20T01:06:39.3966987Z Using cached idna-3.10-py3-none-any.whl (70 kB)
2025-08-20T01:06:39.3977894Z Using cached kombu-5.5.4-py3-none-any.whl (210 kB)
2025-08-20T01:06:39.3989844Z Using cached vine-5.1.0-py3-none-any.whl (9.6 kB)
2025-08-20T01:06:39.4000351Z Using cached amqp-5.3.1-py3-none-any.whl (50 kB)
2025-08-20T01:06:39.4011168Z Using cached multimethod-1.10-py3-none-any.whl (9.9 kB)
2025-08-20T01:06:39.4021439Z Using cached nr_date-2.1.0-py3-none-any.whl (10 kB)
2025-08-20T01:06:39.4031933Z Using cached nr_stream-1.1.5-py3-none-any.whl (10 kB)
2025-08-20T01:06:39.4042434Z Using cached nr.util-0.8.12-py3-none-any.whl (90 kB)
2025-08-20T01:06:39.4053394Z Using cached pytest-8.4.1-py3-none-any.whl (365 kB)
2025-08-20T01:06:39.4066464Z Using cached pluggy-1.6.0-py3-none-any.whl (20 kB)
2025-08-20T01:06:39.4077298Z Using cached PyYAML-6.0.2-cp312-cp312-manylinux_2_17_x86_64.manylinux2014_x86_64.whl (767 kB)
2025-08-20T01:06:39.4092762Z Using cached starlette-0.47.2-py3-none-any.whl (72 kB)
2025-08-20T01:06:39.4103678Z Using cached anyio-4.10.0-py3-none-any.whl (107 kB)
2025-08-20T01:06:39.4115189Z Using cached tomli-2.2.1-cp312-cp312-manylinux_2_17_x86_64.manylinux2014_x86_64.whl (242 kB)
2025-08-20T01:06:39.4127449Z Using cached tomli_w-1.2.0-py3-none-any.whl (6.7 kB)
2025-08-20T01:06:39.4137922Z Using cached typeapi-2.2.4-py3-none-any.whl (26 kB)
2025-08-20T01:06:39.4148747Z Using cached typing_extensions-4.14.1-py3-none-any.whl (43 kB)
2025-08-20T01:06:39.4159383Z Using cached urllib3-2.5.0-py3-none-any.whl (129 kB)
2025-08-20T01:06:39.4171157Z Using cached wrapt-1.17.3-cp312-cp312-manylinux1_x86_64.manylinux_2_28_x86_64.manylinux_2_5_x86_64.whl (88 kB)
2025-08-20T01:06:39.4212677Z Downloading boto3-1.40.13-py3-none-any.whl (140 kB)
2025-08-20T01:06:39.4388854Z Downloading botocore-1.40.13-py3-none-any.whl (14.0 MB)
2025-08-20T01:06:39.5307891Z    ━━━━━━━━━━━━━━━━━━━━━━━━━━━━━━━━━━━━━━━━ 14.0/14.0 MB 158.0 MB/s  0:00:00
2025-08-20T01:06:39.5320372Z Using cached jmespath-1.0.1-py3-none-any.whl (20 kB)
2025-08-20T01:06:39.5332247Z Using cached python_dateutil-2.9.0.post0-py2.py3-none-any.whl (229 kB)
2025-08-20T01:06:39.5345229Z Using cached s3transfer-0.13.1-py3-none-any.whl (85 kB)
2025-08-20T01:06:39.5357437Z Using cached itsdangerous-2.2.0-py3-none-any.whl (16 kB)
2025-08-20T01:06:39.5368921Z Using cached setuptools-80.9.0-py3-none-any.whl (1.2 MB)
2025-08-20T01:06:39.5389179Z Using cached python_dotenv-1.1.1-py3-none-any.whl (20 kB)
2025-08-20T01:06:39.5400650Z Using cached python_multipart-0.0.20-py3-none-any.whl (24 kB)
2025-08-20T01:06:39.5411870Z Using cached annotated_types-0.7.0-py3-none-any.whl (13 kB)
2025-08-20T01:06:39.5423049Z Using cached certifi-2025.8.3-py3-none-any.whl (161 kB)
2025-08-20T01:06:39.5435131Z Using cached click_didyoumean-0.3.1-py3-none-any.whl (3.6 kB)
2025-08-20T01:06:39.5446341Z Using cached click_plugins-1.1.1.2-py2.py3-none-any.whl (11 kB)
2025-08-20T01:06:39.5457899Z Using cached click_repl-0.3.0-py3-none-any.whl (10 kB)
2025-08-20T01:06:39.5469531Z Using cached coverage-7.10.4-cp312-cp312-manylinux1_x86_64.manylinux_2_28_x86_64.manylinux_2_5_x86_64.whl (251 kB)
2025-08-20T01:06:39.5481889Z Using cached email_validator-2.2.0-py3-none-any.whl (33 kB)
2025-08-20T01:06:39.5493663Z Using cached dnspython-2.7.0-py3-none-any.whl (313 kB)
2025-08-20T01:06:39.5506888Z Using cached fastapi_cli-0.0.8-py3-none-any.whl (10 kB)
2025-08-20T01:06:39.5518086Z Using cached fastapi_cloud_cli-0.1.5-py3-none-any.whl (18 kB)
2025-08-20T01:06:39.5529635Z Using cached greenlet-3.2.4-cp312-cp312-manylinux_2_24_x86_64.manylinux_2_28_x86_64.whl (607 kB)
2025-08-20T01:06:39.5544674Z Using cached h11-0.16.0-py3-none-any.whl (37 kB)
2025-08-20T01:06:39.5556142Z Using cached iniconfig-2.1.0-py3-none-any.whl (6.0 kB)
2025-08-20T01:06:39.5567586Z Using cached MarkupSafe-3.0.2-cp312-cp312-manylinux_2_17_x86_64.manylinux2014_x86_64.whl (23 kB)
2025-08-20T01:06:39.5578648Z Using cached mirakuru-2.6.1-py3-none-any.whl (26 kB)
2025-08-20T01:06:39.5590259Z Using cached orjson-3.11.2-cp312-cp312-manylinux_2_17_x86_64.manylinux2014_x86_64.whl (121 kB)
2025-08-20T01:06:39.5602004Z Using cached packaging-25.0-py3-none-any.whl (66 kB)
2025-08-20T01:06:39.5613476Z Using cached pathspec-0.12.1-py3-none-any.whl (31 kB)
2025-08-20T01:06:39.5624890Z Using cached platformdirs-4.3.8-py3-none-any.whl (18 kB)
2025-08-20T01:06:39.5635865Z Using cached port_for-0.7.4-py3-none-any.whl (21 kB)
2025-08-20T01:06:39.5647076Z Using cached prompt_toolkit-3.0.51-py3-none-any.whl (387 kB)
2025-08-20T01:06:39.5661422Z Using cached psutil-7.0.0-cp36-abi3-manylinux_2_12_x86_64.manylinux2010_x86_64.manylinux_2_17_x86_64.manylinux2014_x86_64.whl (277 kB)
2025-08-20T01:06:39.5674092Z Using cached pydantic_extra_types-2.10.5-py3-none-any.whl (38 kB)
2025-08-20T01:06:39.5685296Z Using cached pydantic_settings-2.10.1-py3-none-any.whl (45 kB)
2025-08-20T01:06:39.5696816Z Using cached pygments-2.19.2-py3-none-any.whl (1.2 MB)
2025-08-20T01:06:39.5716372Z Using cached pytz-2025.2-py2.py3-none-any.whl (509 kB)
2025-08-20T01:06:39.5730854Z Using cached rich_toolkit-0.15.0-py3-none-any.whl (29 kB)
2025-08-20T01:06:39.5742055Z Using cached rich-14.1.0-py3-none-any.whl (243 kB)
2025-08-20T01:06:39.5754631Z Using cached markdown_it_py-4.0.0-py3-none-any.whl (87 kB)
2025-08-20T01:06:39.5766241Z Using cached mdurl-0.1.2-py3-none-any.whl (10.0 kB)
2025-08-20T01:06:39.5777778Z Using cached rignore-0.6.4-cp312-cp312-manylinux_2_17_x86_64.manylinux2014_x86_64.whl (949 kB)
2025-08-20T01:06:39.5795337Z Using cached sentry_sdk-2.35.0-py2.py3-none-any.whl (363 kB)
2025-08-20T01:06:39.5809401Z Using cached six-1.17.0-py2.py3-none-any.whl (11 kB)
2025-08-20T01:06:39.5820546Z Using cached sniffio-1.3.1-py3-none-any.whl (10 kB)
2025-08-20T01:06:39.5831462Z Using cached typer-0.16.1-py3-none-any.whl (46 kB)
2025-08-20T01:06:39.5842673Z Using cached shellingham-1.5.4-py2.py3-none-any.whl (9.8 kB)
2025-08-20T01:06:39.5853639Z Using cached typing_inspect-0.9.0-py3-none-any.whl (8.8 kB)
2025-08-20T01:06:39.5864728Z Using cached typing_inspection-0.4.1-py3-none-any.whl (14 kB)
2025-08-20T01:06:39.5876920Z Using cached tzdata-2025.2-py2.py3-none-any.whl (347 kB)
2025-08-20T01:06:39.5890477Z Using cached tzlocal-5.3.1-py3-none-any.whl (18 kB)
2025-08-20T01:06:39.5901806Z Using cached ujson-5.10.0-cp312-cp312-manylinux_2_17_x86_64.manylinux2014_x86_64.whl (53 kB)
2025-08-20T01:06:39.5912554Z Using cached uvicorn-0.35.0-py3-none-any.whl (66 kB)
2025-08-20T01:06:39.5924355Z Using cached httptools-0.6.4-cp312-cp312-manylinux_2_5_x86_64.manylinux1_x86_64.manylinux_2_17_x86_64.manylinux2014_x86_64.whl (510 kB)
2025-08-20T01:06:39.5938744Z Using cached uvloop-0.21.0-cp312-cp312-manylinux_2_17_x86_64.manylinux2014_x86_64.whl (4.7 MB)
2025-08-20T01:06:39.5983493Z Using cached watchfiles-1.1.0-cp312-cp312-manylinux_2_17_x86_64.manylinux2014_x86_64.whl (452 kB)
2025-08-20T01:06:39.5998674Z Using cached websockets-15.0.1-cp312-cp312-manylinux_2_5_x86_64.manylinux1_x86_64.manylinux_2_17_x86_64.manylinux2014_x86_64.whl (182 kB)
2025-08-20T01:06:39.6010104Z Using cached yapf-0.43.0-py3-none-any.whl (256 kB)
2025-08-20T01:06:39.6022479Z Using cached argon2_cffi-25.1.0-py3-none-any.whl (14 kB)
2025-08-20T01:06:39.6033697Z Using cached argon2_cffi_bindings-25.1.0-cp39-abi3-manylinux_2_26_x86_64.manylinux_2_28_x86_64.whl (87 kB)
2025-08-20T01:06:39.6045018Z Using cached cffi-1.17.1-cp312-cp312-manylinux_2_17_x86_64.manylinux2014_x86_64.whl (479 kB)
2025-08-20T01:06:39.6059196Z Using cached docker-7.1.0-py3-none-any.whl (147 kB)
2025-08-20T01:06:39.6070715Z Using cached et_xmlfile-2.0.0-py3-none-any.whl (18 kB)
2025-08-20T01:06:39.6081532Z Using cached mako-1.3.10-py3-none-any.whl (78 kB)
2025-08-20T01:06:39.6092505Z Using cached pycparser-2.22-py3-none-any.whl (117 kB)
2025-08-20T01:06:39.6105094Z Using cached pycryptodome-3.23.0-cp37-abi3-manylinux_2_17_x86_64.manylinux2014_x86_64.whl (2.3 MB)
2025-08-20T01:06:39.6131439Z Using cached typeguard-4.4.4-py3-none-any.whl (34 kB)
2025-08-20T01:06:39.6142392Z Using cached watchdog-6.0.0-py3-none-manylinux2014_x86_64.whl (79 kB)
2025-08-20T01:06:39.6153586Z Using cached wcwidth-0.2.13-py2.py3-none-any.whl (34 kB)
2025-08-20T01:06:40.0814463Z Installing collected packages: wcwidth, pytz, wrapt, websockets, watchdog, vine, uvloop, urllib3, ujson, tzlocal, tzdata, typing-extensions, tomli_w, tomli, structlog, sniffio, six, shellingham, setuptools, ruff, rignore, redis, PyYAML, python-multipart, python-dotenv, pygments, pycryptodome, pycparser, psycopg2-binary, psycopg-binary, psutil, prompt-toolkit, port-for, pluggy, platformdirs, pathspec, packaging, orjson, numpy, nr-stream, nr-date, mypy-extensions, multimethod, mdurl, MarkupSafe, jmespath, itsdangerous, iniconfig, imapclient, idna, httptools, h11, greenlet, et-xmlfile, docstring-parser, dnspython, coverage, click, charset_normalizer, certifi, billiard, asyncpg, annotated-types, yapf, uvicorn, typing-inspection, typing-inspect, types-requests, typeguard, typeapi, sqlalchemy, sentry-sdk, requests, python-dateutil, pytest, pydantic-core, psycopg, openpyxl, mypy, mirakuru, markdown-it-py, Mako, Jinja2, httpcore, email-validator, Deprecated, click-repl, click-plugins, click-didyoumean, cffi, black, apscheduler, anyio, amqp, watchfiles, starlette, rich, pytest-postgresql, pytest-cov, pytest-asyncio, pydantic, pandas, nr-util, kombu, httpx, docker, databind, botocore, argon2-cffi-bindings, alembic, typer, testcontainers, s3transfer, rich-toolkit, respx, python-telegram-bot, pydantic-settings, pydantic-extra-types, pandera, fastapi, databind.json, databind.core, celery, asgi-correlation-id, argon2-cffi, minio, fastapi-limiter, fastapi-cloud-cli, fastapi-cli, docspec, boto3, docspec-python, pydoc-markdown
2025-08-20T01:06:58.9429225Z 
2025-08-20T01:06:58.9547466Z Successfully installed Deprecated-1.2.18 Jinja2-3.1.6 Mako-1.3.10 MarkupSafe-3.0.2 PyYAML-6.0.2 alembic-1.13.1 amqp-5.3.1 annotated-types-0.7.0 anyio-4.10.0 apscheduler-3.10.4 argon2-cffi-25.1.0 argon2-cffi-bindings-25.1.0 asgi-correlation-id-4.3.1 asyncpg-0.30.0 billiard-4.2.1 black-25.1.0 boto3-1.40.13 botocore-1.40.13 celery-5.5.3 certifi-2025.8.3 cffi-1.17.1 charset_normalizer-3.4.3 click-8.2.1 click-didyoumean-0.3.1 click-plugins-1.1.1.2 click-repl-0.3.0 coverage-7.10.4 databind-4.5.2 databind.core-4.5.2 databind.json-4.5.2 dnspython-2.7.0 docker-7.1.0 docspec-2.2.1 docspec-python-2.2.2 docstring-parser-0.11 email-validator-2.2.0 et-xmlfile-2.0.0 fastapi-0.116.1 fastapi-cli-0.0.8 fastapi-cloud-cli-0.1.5 fastapi-limiter-0.1.6 greenlet-3.2.4 h11-0.16.0 httpcore-1.0.9 httptools-0.6.4 httpx-0.28.1 idna-3.10 imapclient-3.0.1 iniconfig-2.1.0 itsdangerous-2.2.0 jmespath-1.0.1 kombu-5.5.4 markdown-it-py-4.0.0 mdurl-0.1.2 minio-7.2.16 mirakuru-2.6.1 multimethod-1.10 mypy-1.17.1 mypy-extensions-1.1.0 nr-date-2.1.0 nr-stream-1.1.5 nr-util-0.8.12 numpy-1.26.4 openpyxl-3.1.5 orjson-3.11.2 packaging-25.0 pandas-2.2.3 pandera-0.19.3 pathspec-0.12.1 platformdirs-4.3.8 pluggy-1.6.0 port-for-0.7.4 prompt-toolkit-3.0.51 psutil-7.0.0 psycopg-3.2.9 psycopg-binary-3.2.9 psycopg2-binary-2.9.10 pycparser-2.22 pycryptodome-3.23.0 pydantic-2.11.7 pydantic-core-2.33.2 pydantic-extra-types-2.10.5 pydantic-settings-2.10.1 pydoc-markdown-4.8.2 pygments-2.19.2 pytest-8.4.1 pytest-asyncio-0.23.6 pytest-cov-6.2.1 pytest-postgresql-7.0.2 python-dateutil-2.9.0.post0 python-dotenv-1.1.1 python-multipart-0.0.20 python-telegram-bot-22.3 pytz-2025.2 redis-6.4.0 requests-2.32.4 respx-0.22.0 rich-14.1.0 rich-toolkit-0.15.0 rignore-0.6.4 ruff-0.4.4 s3transfer-0.13.1 sentry-sdk-2.35.0 setuptools-80.9.0 shellingham-1.5.4 six-1.17.0 sniffio-1.3.1 sqlalchemy-2.0.43 starlette-0.47.2 structlog-24.1.0 testcontainers-4.10.0 tomli-2.2.1 tomli_w-1.2.0 typeapi-2.2.4 typeguard-4.4.4 typer-0.16.1 types-requests-2.32.4.20250809 typing-extensions-4.14.1 typing-inspect-0.9.0 typing-inspection-0.4.1 tzdata-2025.2 tzlocal-5.3.1 ujson-5.10.0 urllib3-2.5.0 uvicorn-0.35.0 uvloop-0.21.0 vine-5.1.0 watchdog-6.0.0 watchfiles-1.1.0 wcwidth-0.2.13 websockets-15.0.1 wrapt-1.17.3 yapf-0.43.0
2025-08-20T01:07:00.2361694Z Collecting keepa==1.3.15
2025-08-20T01:07:00.2374741Z   Using cached keepa-1.3.15-py3-none-any.whl.metadata (11 kB)
2025-08-20T01:07:00.2673044Z Collecting minio==7.1.15
2025-08-20T01:07:00.2684993Z   Using cached minio-7.1.15-py3-none-any.whl.metadata (4.2 kB)
2025-08-20T01:07:00.2712554Z Requirement already satisfied: numpy>=1.9.3 in /opt/hostedtoolcache/Python/3.12.11/x64/lib/python3.12/site-packages (from keepa==1.3.15) (1.26.4)
2025-08-20T01:07:00.2717504Z Requirement already satisfied: requests>=2.2 in /opt/hostedtoolcache/Python/3.12.11/x64/lib/python3.12/site-packages (from keepa==1.3.15) (2.32.4)
2025-08-20T01:07:00.3029572Z Collecting tqdm (from keepa==1.3.15)
2025-08-20T01:07:00.3041921Z   Using cached tqdm-4.67.1-py3-none-any.whl.metadata (57 kB)
2025-08-20T01:07:00.8156842Z Collecting aiohttp (from keepa==1.3.15)
2025-08-20T01:07:00.8170333Z   Using cached aiohttp-3.12.15-cp312-cp312-manylinux_2_17_x86_64.manylinux2014_x86_64.whl.metadata (7.7 kB)
2025-08-20T01:07:00.8204940Z Requirement already satisfied: pandas<=3.0 in /opt/hostedtoolcache/Python/3.12.11/x64/lib/python3.12/site-packages (from keepa==1.3.15) (2.2.3)
2025-08-20T01:07:00.8208996Z Requirement already satisfied: pydantic in /opt/hostedtoolcache/Python/3.12.11/x64/lib/python3.12/site-packages (from keepa==1.3.15) (2.11.7)
2025-08-20T01:07:00.8216714Z Requirement already satisfied: certifi in /opt/hostedtoolcache/Python/3.12.11/x64/lib/python3.12/site-packages (from minio==7.1.15) (2025.8.3)
2025-08-20T01:07:00.8220365Z Requirement already satisfied: urllib3 in /opt/hostedtoolcache/Python/3.12.11/x64/lib/python3.12/site-packages (from minio==7.1.15) (2.5.0)
2025-08-20T01:07:00.8280568Z Requirement already satisfied: python-dateutil>=2.8.2 in /opt/hostedtoolcache/Python/3.12.11/x64/lib/python3.12/site-packages (from pandas<=3.0->keepa==1.3.15) (2.9.0.post0)
2025-08-20T01:07:00.8285229Z Requirement already satisfied: pytz>=2020.1 in /opt/hostedtoolcache/Python/3.12.11/x64/lib/python3.12/site-packages (from pandas<=3.0->keepa==1.3.15) (2025.2)
2025-08-20T01:07:00.8290416Z Requirement already satisfied: tzdata>=2022.7 in /opt/hostedtoolcache/Python/3.12.11/x64/lib/python3.12/site-packages (from pandas<=3.0->keepa==1.3.15) (2025.2)
2025-08-20T01:07:00.8441597Z Requirement already satisfied: six>=1.5 in /opt/hostedtoolcache/Python/3.12.11/x64/lib/python3.12/site-packages (from python-dateutil>=2.8.2->pandas<=3.0->keepa==1.3.15) (1.17.0)
2025-08-20T01:07:00.8461205Z Requirement already satisfied: charset_normalizer<4,>=2 in /opt/hostedtoolcache/Python/3.12.11/x64/lib/python3.12/site-packages (from requests>=2.2->keepa==1.3.15) (3.4.3)
2025-08-20T01:07:00.8467552Z Requirement already satisfied: idna<4,>=2.5 in /opt/hostedtoolcache/Python/3.12.11/x64/lib/python3.12/site-packages (from requests>=2.2->keepa==1.3.15) (3.10)
2025-08-20T01:07:00.9008395Z Collecting aiohappyeyeballs>=2.5.0 (from aiohttp->keepa==1.3.15)
2025-08-20T01:07:00.9021299Z   Using cached aiohappyeyeballs-2.6.1-py3-none-any.whl.metadata (5.9 kB)
2025-08-20T01:07:01.1917532Z Collecting aiosignal>=1.4.0 (from aiohttp->keepa==1.3.15)
2025-08-20T01:07:01.1933392Z   Using cached aiosignal-1.4.0-py3-none-any.whl.metadata (3.7 kB)
2025-08-20T01:07:01.3927971Z Collecting attrs>=17.3.0 (from aiohttp->keepa==1.3.15)
2025-08-20T01:07:01.3940428Z   Using cached attrs-25.3.0-py3-none-any.whl.metadata (10 kB)
2025-08-20T01:07:01.4606320Z Collecting frozenlist>=1.1.1 (from aiohttp->keepa==1.3.15)
2025-08-20T01:07:01.4619283Z   Using cached frozenlist-1.7.0-cp312-cp312-manylinux_2_5_x86_64.manylinux1_x86_64.manylinux_2_17_x86_64.manylinux2014_x86_64.whl.metadata (18 kB)
2025-08-20T01:07:01.7006248Z Collecting multidict<7.0,>=4.5 (from aiohttp->keepa==1.3.15)
2025-08-20T01:07:01.7019612Z   Using cached multidict-6.6.4-cp312-cp312-manylinux2014_x86_64.manylinux_2_17_x86_64.manylinux_2_28_x86_64.whl.metadata (5.3 kB)
2025-08-20T01:07:01.7433408Z Collecting propcache>=0.2.0 (from aiohttp->keepa==1.3.15)
2025-08-20T01:07:01.7446003Z   Using cached propcache-0.3.2-cp312-cp312-manylinux_2_17_x86_64.manylinux2014_x86_64.whl.metadata (12 kB)
2025-08-20T01:07:01.9788763Z Collecting yarl<2.0,>=1.17.0 (from aiohttp->keepa==1.3.15)
2025-08-20T01:07:01.9802766Z   Using cached yarl-1.20.1-cp312-cp312-manylinux_2_17_x86_64.manylinux2014_x86_64.whl.metadata (73 kB)
2025-08-20T01:07:02.0016420Z Requirement already satisfied: typing-extensions>=4.2 in /opt/hostedtoolcache/Python/3.12.11/x64/lib/python3.12/site-packages (from aiosignal>=1.4.0->aiohttp->keepa==1.3.15) (4.14.1)
2025-08-20T01:07:02.0063652Z Requirement already satisfied: annotated-types>=0.6.0 in /opt/hostedtoolcache/Python/3.12.11/x64/lib/python3.12/site-packages (from pydantic->keepa==1.3.15) (0.7.0)
2025-08-20T01:07:02.0069113Z Requirement already satisfied: pydantic-core==2.33.2 in /opt/hostedtoolcache/Python/3.12.11/x64/lib/python3.12/site-packages (from pydantic->keepa==1.3.15) (2.33.2)
2025-08-20T01:07:02.0075934Z Requirement already satisfied: typing-inspection>=0.4.0 in /opt/hostedtoolcache/Python/3.12.11/x64/lib/python3.12/site-packages (from pydantic->keepa==1.3.15) (0.4.1)
2025-08-20T01:07:02.0136055Z Using cached keepa-1.3.15-py3-none-any.whl (38 kB)
2025-08-20T01:07:02.0147523Z Using cached minio-7.1.15-py3-none-any.whl (77 kB)
2025-08-20T01:07:02.0159294Z Using cached aiohttp-3.12.15-cp312-cp312-manylinux_2_17_x86_64.manylinux2014_x86_64.whl (1.7 MB)
2025-08-20T01:07:02.0183296Z Using cached multidict-6.6.4-cp312-cp312-manylinux2014_x86_64.manylinux_2_17_x86_64.manylinux_2_28_x86_64.whl (256 kB)
2025-08-20T01:07:02.0196204Z Using cached yarl-1.20.1-cp312-cp312-manylinux_2_17_x86_64.manylinux2014_x86_64.whl (355 kB)
2025-08-20T01:07:02.0209953Z Using cached aiohappyeyeballs-2.6.1-py3-none-any.whl (15 kB)
2025-08-20T01:07:02.0221421Z Using cached aiosignal-1.4.0-py3-none-any.whl (7.5 kB)
2025-08-20T01:07:02.0232866Z Using cached attrs-25.3.0-py3-none-any.whl (63 kB)
2025-08-20T01:07:02.0244784Z Using cached frozenlist-1.7.0-cp312-cp312-manylinux_2_5_x86_64.manylinux1_x86_64.manylinux_2_17_x86_64.manylinux2014_x86_64.whl (241 kB)
2025-08-20T01:07:02.0257650Z Using cached propcache-0.3.2-cp312-cp312-manylinux_2_17_x86_64.manylinux2014_x86_64.whl (224 kB)
2025-08-20T01:07:02.0269976Z Using cached tqdm-4.67.1-py3-none-any.whl (78 kB)
2025-08-20T01:07:02.2042990Z Installing collected packages: tqdm, propcache, multidict, minio, frozenlist, attrs, aiohappyeyeballs, yarl, aiosignal, aiohttp, keepa
2025-08-20T01:07:02.2816876Z   Attempting uninstall: minio
2025-08-20T01:07:02.2863362Z     Found existing installation: minio 7.2.16
2025-08-20T01:07:02.2900826Z     Uninstalling minio-7.2.16:
2025-08-20T01:07:02.2911333Z       Successfully uninstalled minio-7.2.16
2025-08-20T01:07:02.6664878Z 
2025-08-20T01:07:02.6779295Z Successfully installed aiohappyeyeballs-2.6.1 aiohttp-3.12.15 aiosignal-1.4.0 attrs-25.3.0 frozenlist-1.7.0 keepa-1.3.15 minio-7.1.15 multidict-6.6.4 propcache-0.3.2 tqdm-4.67.1 yarl-1.20.1
2025-08-20T01:07:02.8492998Z ##[group]Run for i in {1..30}; do pg_isready -h "$PG_HOST" -p "$PG_PORT" -U "$PG_USER" -d "$PG_DATABASE" && break; sleep 1; done
2025-08-20T01:07:02.8494053Z [36;1mfor i in {1..30}; do pg_isready -h "$PG_HOST" -p "$PG_PORT" -U "$PG_USER" -d "$PG_DATABASE" && break; sleep 1; done[0m
2025-08-20T01:07:02.8553130Z shell: /usr/bin/bash -e {0}
2025-08-20T01:07:02.8553509Z env:
2025-08-20T01:07:02.8553844Z   REDIS_URL: redis://localhost:6379/0
2025-08-20T01:07:02.8554293Z   RATE_LIMIT_DEFAULT: 100/minute
2025-08-20T01:07:02.8554680Z   TRUST_X_FORWARDED: 1
2025-08-20T01:07:02.8555018Z   PG_USER: postgres
2025-08-20T01:07:02.8555366Z   PG_PASSWORD: pass
2025-08-20T01:07:02.8555933Z   PG_DATABASE: awa
2025-08-20T01:07:02.8556256Z   PG_HOST: localhost
2025-08-20T01:07:02.8556567Z   PG_PORT: 5432
2025-08-20T01:07:02.8557407Z   PG_SYNC_DSN: ***localhost:5432/awa
2025-08-20T01:07:02.8558112Z   PG_ASYNC_DSN: ***localhost:5432/awa
2025-08-20T01:07:02.8558838Z   DATABASE_URL: ***localhost:5432/awa
2025-08-20T01:07:02.8559235Z   DATA_DIR: /tmp/awa-data
2025-08-20T01:07:02.8559572Z   ENABLE_LIVE: 0
2025-08-20T01:07:02.8559872Z   TESTING: 1
2025-08-20T01:07:02.8560269Z   pythonLocation: /opt/hostedtoolcache/Python/3.12.11/x64
2025-08-20T01:07:02.8560936Z   PKG_CONFIG_PATH: /opt/hostedtoolcache/Python/3.12.11/x64/lib/pkgconfig
2025-08-20T01:07:02.8561591Z   Python_ROOT_DIR: /opt/hostedtoolcache/Python/3.12.11/x64
2025-08-20T01:07:02.8562154Z   Python2_ROOT_DIR: /opt/hostedtoolcache/Python/3.12.11/x64
2025-08-20T01:07:02.8562724Z   Python3_ROOT_DIR: /opt/hostedtoolcache/Python/3.12.11/x64
2025-08-20T01:07:02.8563314Z   LD_LIBRARY_PATH: /opt/hostedtoolcache/Python/3.12.11/x64/lib
2025-08-20T01:07:02.8563803Z ##[endgroup]
2025-08-20T01:07:02.9815999Z localhost:5432 - accepting connections
2025-08-20T01:07:02.9848878Z ##[group]Run alembic -c services/api/alembic.ini upgrade head
2025-08-20T01:07:02.9849332Z [36;1malembic -c services/api/alembic.ini upgrade head[0m
2025-08-20T01:07:02.9889512Z shell: /usr/bin/bash -e {0}
2025-08-20T01:07:02.9889734Z env:
2025-08-20T01:07:02.9889931Z   REDIS_URL: redis://localhost:6379/0
2025-08-20T01:07:02.9890192Z   RATE_LIMIT_DEFAULT: 100/minute
2025-08-20T01:07:02.9890409Z   TRUST_X_FORWARDED: 1
2025-08-20T01:07:02.9890604Z   PG_USER: postgres
2025-08-20T01:07:02.9890788Z   PG_PASSWORD: pass
2025-08-20T01:07:02.9890968Z   PG_DATABASE: awa
2025-08-20T01:07:02.9891153Z   PG_HOST: localhost
2025-08-20T01:07:02.9891335Z   PG_PORT: 5432
2025-08-20T01:07:02.9891788Z   PG_SYNC_DSN: ***localhost:5432/awa
2025-08-20T01:07:02.9892230Z   PG_ASYNC_DSN: ***localhost:5432/awa
2025-08-20T01:07:02.9892818Z   DATABASE_URL: ***localhost:5432/awa
2025-08-20T01:07:02.9893052Z   DATA_DIR: /tmp/awa-data
2025-08-20T01:07:02.9893254Z   ENABLE_LIVE: 0
2025-08-20T01:07:02.9893452Z   TESTING: 1
2025-08-20T01:07:02.9893693Z   pythonLocation: /opt/hostedtoolcache/Python/3.12.11/x64
2025-08-20T01:07:02.9894082Z   PKG_CONFIG_PATH: /opt/hostedtoolcache/Python/3.12.11/x64/lib/pkgconfig
2025-08-20T01:07:02.9894484Z   Python_ROOT_DIR: /opt/hostedtoolcache/Python/3.12.11/x64
2025-08-20T01:07:02.9894833Z   Python2_ROOT_DIR: /opt/hostedtoolcache/Python/3.12.11/x64
2025-08-20T01:07:02.9895174Z   Python3_ROOT_DIR: /opt/hostedtoolcache/Python/3.12.11/x64
2025-08-20T01:07:02.9895526Z   LD_LIBRARY_PATH: /opt/hostedtoolcache/Python/3.12.11/x64/lib
2025-08-20T01:07:02.9896128Z ##[endgroup]
2025-08-20T01:07:03.8943898Z INFO  [alembic.runtime.migration] Context impl PostgresqlImpl.
2025-08-20T01:07:03.8944361Z INFO  [alembic.runtime.migration] Will assume transactional DDL.
2025-08-20T01:07:03.9120599Z INFO  [alembic.runtime.migration] Running upgrade  -> 0001_baseline
2025-08-20T01:07:03.9273616Z INFO  [alembic.runtime.migration] Running upgrade 0001_baseline -> 0002_create_roi_view
2025-08-20T01:07:03.9299458Z INFO  [alembic.runtime.migration] Running upgrade 0002_create_roi_view -> 3e9d5c5aff2c
2025-08-20T01:07:03.9465403Z INFO  [alembic.runtime.migration] Running upgrade 3e9d5c5aff2c -> 0003_vendor_prices
2025-08-20T01:07:03.9622931Z INFO  [alembic.runtime.migration] Running upgrade 0003_vendor_prices -> 0004_fee_cron
2025-08-20T01:07:03.9695995Z INFO  [alembic.runtime.migration] Running upgrade 0004_fee_cron -> 0006_fix_roi_views
2025-08-20T01:07:03.9726817Z INFO  [alembic.runtime.migration] Running upgrade 0006_fix_roi_views -> 0020_unified_schema
2025-08-20T01:07:03.9843239Z INFO  [alembic.runtime.migration] Running upgrade 0020_unified_schema -> 0022_fix_roi_view
2025-08-20T01:07:03.9916194Z INFO  [alembic.runtime.migration] Running upgrade 0022_fix_roi_view -> 0023_add_storage_fee
2025-08-20T01:07:03.9956322Z INFO  [alembic.runtime.migration] Running upgrade 0023_add_storage_fee -> 0024_create_buybox
2025-08-20T01:07:03.9982405Z INFO  [alembic.runtime.migration] Running upgrade 0024_create_buybox -> 0025_pr4_indexes_loadlog
2025-08-20T01:07:04.0207214Z INFO  [alembic.runtime.migration] Running upgrade 0025_pr4_indexes_loadlog -> 0026_amazon_new_reports
2025-08-20T01:07:04.1227889Z ##[group]Run python - <<'PY'
2025-08-20T01:07:04.1228182Z [36;1mpython - <<'PY'[0m
2025-08-20T01:07:04.1228433Z [36;1mfrom fastapi.testclient import TestClient[0m
2025-08-20T01:07:04.1228735Z [36;1mfrom services.api.main import app[0m
2025-08-20T01:07:04.1228995Z [36;1mwith TestClient(app) as c:[0m
2025-08-20T01:07:04.1229231Z [36;1m    r = c.get('/roi-review')[0m
2025-08-20T01:07:04.1229486Z [36;1m    assert r.status_code < 500, r.text[0m
2025-08-20T01:07:04.1229731Z [36;1mPY[0m
2025-08-20T01:07:04.1271225Z shell: /usr/bin/bash -e {0}
2025-08-20T01:07:04.1271458Z env:
2025-08-20T01:07:04.1271661Z   REDIS_URL: redis://localhost:6379/0
2025-08-20T01:07:04.1271935Z   RATE_LIMIT_DEFAULT: 100/minute
2025-08-20T01:07:04.1272154Z   TRUST_X_FORWARDED: 1
2025-08-20T01:07:04.1272352Z   PG_USER: postgres
2025-08-20T01:07:04.1272554Z   PG_PASSWORD: pass
2025-08-20T01:07:04.1272731Z   PG_DATABASE: awa
2025-08-20T01:07:04.1272910Z   PG_HOST: localhost
2025-08-20T01:07:04.1273125Z   PG_PORT: 5432
2025-08-20T01:07:04.1273694Z   PG_SYNC_DSN: ***localhost:5432/awa
2025-08-20T01:07:04.1274109Z   PG_ASYNC_DSN: ***localhost:5432/awa
2025-08-20T01:07:04.1274507Z   DATABASE_URL: ***localhost:5432/awa
2025-08-20T01:07:04.1274750Z   DATA_DIR: /tmp/awa-data
2025-08-20T01:07:04.1274950Z   ENABLE_LIVE: 0
2025-08-20T01:07:04.1275118Z   TESTING: 1
2025-08-20T01:07:04.1275353Z   pythonLocation: /opt/hostedtoolcache/Python/3.12.11/x64
2025-08-20T01:07:04.1276000Z   PKG_CONFIG_PATH: /opt/hostedtoolcache/Python/3.12.11/x64/lib/pkgconfig
2025-08-20T01:07:04.1276385Z   Python_ROOT_DIR: /opt/hostedtoolcache/Python/3.12.11/x64
2025-08-20T01:07:04.1276733Z   Python2_ROOT_DIR: /opt/hostedtoolcache/Python/3.12.11/x64
2025-08-20T01:07:04.1277277Z   Python3_ROOT_DIR: /opt/hostedtoolcache/Python/3.12.11/x64
2025-08-20T01:07:04.1277634Z   LD_LIBRARY_PATH: /opt/hostedtoolcache/Python/3.12.11/x64/lib
2025-08-20T01:07:04.1277919Z ##[endgroup]
2025-08-20T01:07:05.4826979Z WARNING:services.api.errors:{"status_code": 401, "detail": "Not authenticated", "event": "http_error", "request_id": "4703f511a91440e3b9ae9d8462a64016", "level": "warning", "timestamp": "2025-08-20T01:07:05.482358Z"}
2025-08-20T01:07:05.4831071Z INFO:httpx:HTTP Request: GET http://testserver/roi-review "HTTP/1.1 401 Unauthorized"
2025-08-20T01:07:05.6502355Z ##[group]Run alembic -c services/api/alembic.ini downgrade base
2025-08-20T01:07:05.6502798Z [36;1malembic -c services/api/alembic.ini downgrade base[0m
2025-08-20T01:07:05.6542449Z shell: /usr/bin/bash -e {0}
2025-08-20T01:07:05.6542663Z env:
2025-08-20T01:07:05.6542866Z   REDIS_URL: redis://localhost:6379/0
2025-08-20T01:07:05.6543129Z   RATE_LIMIT_DEFAULT: 100/minute
2025-08-20T01:07:05.6543365Z   TRUST_X_FORWARDED: 1
2025-08-20T01:07:05.6543559Z   PG_USER: postgres
2025-08-20T01:07:05.6543742Z   PG_PASSWORD: pass
2025-08-20T01:07:05.6543920Z   PG_DATABASE: awa
2025-08-20T01:07:05.6544096Z   PG_HOST: localhost
2025-08-20T01:07:05.6544277Z   PG_PORT: 5432
2025-08-20T01:07:05.6544689Z   PG_SYNC_DSN: ***localhost:5432/awa
2025-08-20T01:07:05.6545092Z   PG_ASYNC_DSN: ***localhost:5432/awa
2025-08-20T01:07:05.6545466Z   DATABASE_URL: ***localhost:5432/awa
2025-08-20T01:07:05.6545808Z   DATA_DIR: /tmp/awa-data
2025-08-20T01:07:05.6546018Z   ENABLE_LIVE: 0
2025-08-20T01:07:05.6546221Z   TESTING: 1
2025-08-20T01:07:05.6546454Z   pythonLocation: /opt/hostedtoolcache/Python/3.12.11/x64
2025-08-20T01:07:05.6546847Z   PKG_CONFIG_PATH: /opt/hostedtoolcache/Python/3.12.11/x64/lib/pkgconfig
2025-08-20T01:07:05.6547235Z   Python_ROOT_DIR: /opt/hostedtoolcache/Python/3.12.11/x64
2025-08-20T01:07:05.6547577Z   Python2_ROOT_DIR: /opt/hostedtoolcache/Python/3.12.11/x64
2025-08-20T01:07:05.6547927Z   Python3_ROOT_DIR: /opt/hostedtoolcache/Python/3.12.11/x64
2025-08-20T01:07:05.6548277Z   LD_LIBRARY_PATH: /opt/hostedtoolcache/Python/3.12.11/x64/lib
2025-08-20T01:07:05.6548561Z ##[endgroup]
2025-08-20T01:07:06.1124487Z INFO  [alembic.runtime.migration] Context impl PostgresqlImpl.
2025-08-20T01:07:06.1125068Z INFO  [alembic.runtime.migration] Will assume transactional DDL.
2025-08-20T01:07:06.1203647Z INFO  [alembic.runtime.migration] Running downgrade 0026_amazon_new_reports -> 0025_pr4_indexes_loadlog
2025-08-20T01:07:06.1292669Z INFO  [alembic.runtime.migration] Running downgrade 0025_pr4_indexes_loadlog -> 0024_create_buybox
2025-08-20T01:07:06.1335497Z INFO  [alembic.runtime.migration] Running downgrade 0024_create_buybox -> 0023_add_storage_fee
2025-08-20T01:07:06.1347789Z INFO  [alembic.runtime.migration] Running downgrade 0023_add_storage_fee -> 0022_fix_roi_view
2025-08-20T01:07:06.1498917Z INFO  [alembic.runtime.migration] Running downgrade 0022_fix_roi_view -> 0020_unified_schema
2025-08-20T01:07:06.1521858Z INFO  [alembic.runtime.migration] Running downgrade 0020_unified_schema -> 0006_fix_roi_views
2025-08-20T01:07:06.1556309Z INFO  [alembic.runtime.migration] Running downgrade 0006_fix_roi_views -> 0004_fee_cron
2025-08-20T01:07:06.1567840Z INFO  [alembic.runtime.migration] Running downgrade 0004_fee_cron -> 0003_vendor_prices
2025-08-20T01:07:06.1643657Z INFO  [alembic.runtime.migration] Running downgrade 0003_vendor_prices -> 3e9d5c5aff2c
2025-08-20T01:07:06.1681773Z INFO  [alembic.runtime.migration] Running downgrade 3e9d5c5aff2c -> 0002_create_roi_view
2025-08-20T01:07:06.1728684Z INFO  [alembic.runtime.migration] Running downgrade 0002_create_roi_view -> 0001_baseline
2025-08-20T01:07:06.1737555Z INFO  [alembic.runtime.migration] Running downgrade 0001_baseline -> 
2025-08-20T01:07:06.2554776Z ##[group]Run test "$(alembic -c services/api/alembic.ini heads | wc -l)" -eq 1
2025-08-20T01:07:06.2555291Z [36;1mtest "$(alembic -c services/api/alembic.ini heads | wc -l)" -eq 1[0m
2025-08-20T01:07:06.2595202Z shell: /usr/bin/bash -e {0}
2025-08-20T01:07:06.2595421Z env:
2025-08-20T01:07:06.2595851Z   REDIS_URL: redis://localhost:6379/0
2025-08-20T01:07:06.2596124Z   RATE_LIMIT_DEFAULT: 100/minute
2025-08-20T01:07:06.2596339Z   TRUST_X_FORWARDED: 1
2025-08-20T01:07:06.2596538Z   PG_USER: postgres
2025-08-20T01:07:06.2596730Z   PG_PASSWORD: pass
2025-08-20T01:07:06.2596904Z   PG_DATABASE: awa
2025-08-20T01:07:06.2597083Z   PG_HOST: localhost
2025-08-20T01:07:06.2597263Z   PG_PORT: 5432
2025-08-20T01:07:06.2597715Z   PG_SYNC_DSN: ***localhost:5432/awa
2025-08-20T01:07:06.2598176Z   PG_ASYNC_DSN: ***localhost:5432/awa
2025-08-20T01:07:06.2598571Z   DATABASE_URL: ***localhost:5432/awa
2025-08-20T01:07:06.2598806Z   DATA_DIR: /tmp/awa-data
2025-08-20T01:07:06.2599121Z   ENABLE_LIVE: 0
2025-08-20T01:07:06.2599292Z   TESTING: 1
2025-08-20T01:07:06.2599533Z   pythonLocation: /opt/hostedtoolcache/Python/3.12.11/x64
2025-08-20T01:07:06.2599928Z   PKG_CONFIG_PATH: /opt/hostedtoolcache/Python/3.12.11/x64/lib/pkgconfig
2025-08-20T01:07:06.2600314Z   Python_ROOT_DIR: /opt/hostedtoolcache/Python/3.12.11/x64
2025-08-20T01:07:06.2600660Z   Python2_ROOT_DIR: /opt/hostedtoolcache/Python/3.12.11/x64
2025-08-20T01:07:06.2601011Z   Python3_ROOT_DIR: /opt/hostedtoolcache/Python/3.12.11/x64
2025-08-20T01:07:06.2601363Z   LD_LIBRARY_PATH: /opt/hostedtoolcache/Python/3.12.11/x64/lib
2025-08-20T01:07:06.2601648Z ##[endgroup]
2025-08-20T01:07:06.6205526Z Post job cleanup.
2025-08-20T01:07:06.7692028Z Cache hit occurred on the primary key setup-python-Linux-x64-24.04-Ubuntu-python-3.12.11-pip-29fc3204f837bce43d81586a404709764a9accd1f738d0c33a52a32bf7a0c312, not saving cache.
2025-08-20T01:07:06.7788886Z Post job cleanup.
2025-08-20T01:07:06.8710566Z [command]/usr/bin/git version
2025-08-20T01:07:06.8747923Z git version 2.50.1
2025-08-20T01:07:06.8790797Z Temporarily overriding HOME='/home/runner/work/_temp/551fac89-8033-47c0-8da6-c2b3fb068ad3' before making global git config changes
2025-08-20T01:07:06.8791907Z Adding repository directory to the temporary git global config as a safe directory
2025-08-20T01:07:06.8803003Z [command]/usr/bin/git config --global --add safe.directory /home/runner/work/AWA-App/AWA-App
2025-08-20T01:07:06.8837093Z [command]/usr/bin/git config --local --name-only --get-regexp core\.sshCommand
2025-08-20T01:07:06.8873487Z [command]/usr/bin/git submodule foreach --recursive sh -c "git config --local --name-only --get-regexp 'core\.sshCommand' && git config --local --unset-all 'core.sshCommand' || :"
2025-08-20T01:07:06.9102577Z [command]/usr/bin/git config --local --name-only --get-regexp http\.https\:\/\/github\.com\/\.extraheader
2025-08-20T01:07:06.9122923Z http.https://github.com/.extraheader
2025-08-20T01:07:06.9135901Z [command]/usr/bin/git config --local --unset-all http.https://github.com/.extraheader
2025-08-20T01:07:06.9165943Z [command]/usr/bin/git submodule foreach --recursive sh -c "git config --local --name-only --get-regexp 'http\.https\:\/\/github\.com\/\.extraheader' && git config --local --unset-all 'http.https://github.com/.extraheader' || :"
2025-08-20T01:07:06.9474989Z Print service container logs: 8bc695ddbfd0461ebedf5a10395a7aad_postgres15_97c069
2025-08-20T01:07:06.9479935Z ##[command]/usr/bin/docker logs --details b93885537343bc3d5fd65364d296a4969f86a9ae15686e606b0ecc754ccfb81a
2025-08-20T01:07:06.9604743Z  initdb: warning: enabling "trust" authentication for local connections
2025-08-20T01:07:06.9605516Z  The files belonging to this database system will be owned by user "postgres".
2025-08-20T01:07:06.9606305Z  This user must also own the server process.
2025-08-20T01:07:06.9606709Z  
2025-08-20T01:07:06.9607130Z  The database cluster will be initialized with locale "en_US.utf8".
2025-08-20T01:07:06.9607809Z  The default database encoding has accordingly been set to "UTF8".
2025-08-20T01:07:06.9608474Z  The default text search configuration will be set to "english".
2025-08-20T01:07:06.9608969Z  
2025-08-20T01:07:06.9609256Z  Data page checksums are disabled.
2025-08-20T01:07:06.9609623Z  
2025-08-20T01:07:06.9610385Z  fixing permissions on existing directory /var/lib/postgresql/data ... ok
2025-08-20T01:07:06.9610987Z  creating subdirectories ... ok
2025-08-20T01:07:06.9611460Z  selecting dynamic shared memory implementation ... posix
2025-08-20T01:07:06.9611987Z  selecting default max_connections ... 100
2025-08-20T01:07:06.9612434Z  selecting default shared_buffers ... 128MB
2025-08-20T01:07:06.9612860Z  selecting default time zone ... Etc/UTC
2025-08-20T01:07:06.9613245Z  creating configuration files ... ok
2025-08-20T01:07:06.9613631Z  running bootstrap script ... ok
2025-08-20T01:07:06.9614050Z  performing post-bootstrap initialization ... ok
2025-08-20T01:07:06.9614521Z  syncing data to disk ... ok
2025-08-20T01:07:06.9614859Z  
2025-08-20T01:07:06.9615095Z  
2025-08-20T01:07:06.9615429Z  Success. You can now start the database server using:
2025-08-20T01:07:06.9616049Z  
2025-08-20T01:07:06.9616375Z      pg_ctl -D /var/lib/postgresql/data -l logfile start
2025-08-20T01:07:06.9616816Z  
2025-08-20T01:07:06.9617714Z  waiting for server to start....2025-08-20 01:06:18.388 UTC [48] LOG:  starting PostgreSQL 15.14 (Debian 15.14-1.pgdg13+1) on x86_64-pc-linux-gnu, compiled by gcc (Debian 14.2.0-19) 14.2.0, 64-bit
2025-08-20T01:07:06.9618946Z  2025-08-20 01:06:18.389 UTC [48] LOG:  listening on Unix socket "/var/run/postgresql/.s.PGSQL.5432"
2025-08-20T01:07:06.9619750Z  2025-08-20 01:06:18.393 UTC [51] LOG:  database system was shut down at 2025-08-20 01:06:18 UTC
2025-08-20T01:07:06.9620464Z  2025-08-20 01:06:18.396 UTC [48] LOG:  database system is ready to accept connections
2025-08-20T01:07:06.9620948Z   done
2025-08-20T01:07:06.9621197Z  server started
2025-08-20T01:07:06.9621473Z  CREATE DATABASE
2025-08-20T01:07:06.9621755Z  
2025-08-20T01:07:06.9621994Z  
2025-08-20T01:07:06.9622458Z  /usr/local/bin/docker-entrypoint.sh: ignoring /docker-entrypoint-initdb.d/*
2025-08-20T01:07:06.9623534Z  
2025-08-20T01:07:06.9623913Z  2025-08-20 01:06:18.577 UTC [48] LOG:  received fast shutdown request
2025-08-20T01:07:06.9624588Z  waiting for server to shut down....2025-08-20 01:06:18.577 UTC [48] LOG:  aborting any active transactions
2025-08-20T01:07:06.9625198Z  2025-08-20 01:06:18.579 UTC [48] LOG:  background worker "logical replication launcher" (PID 54) exited with exit code 1
2025-08-20T01:07:06.9625881Z  2025-08-20 01:06:18.579 UTC [49] LOG:  shutting down
2025-08-20T01:07:06.9626221Z  2025-08-20 01:06:18.580 UTC [49] LOG:  checkpoint starting: shutdown immediate
2025-08-20T01:07:06.9627036Z  2025-08-20 01:06:18.597 UTC [49] LOG:  checkpoint complete: wrote 922 buffers (5.6%); 0 WAL file(s) added, 0 removed, 0 recycled; write=0.013 s, sync=0.003 s, total=0.018 s; sync files=301, longest=0.002 s, average=0.001 s; distance=4239 kB, estimate=4239 kB
2025-08-20T01:07:06.9627827Z  2025-08-20 01:06:18.603 UTC [48] LOG:  database system is shut down
2025-08-20T01:07:06.9628105Z   done
2025-08-20T01:07:06.9628261Z  server stopped
2025-08-20T01:07:06.9628425Z  
2025-08-20T01:07:06.9628636Z  PostgreSQL init process complete; ready for start up.
2025-08-20T01:07:06.9629130Z  
2025-08-20T01:07:06.9629591Z  initdb: hint: You can change this by editing pg_hba.conf or using the option -A, or --auth-local and --auth-host, the next time you run initdb.
2025-08-20T01:07:06.9630375Z  2025-08-20 01:06:18.705 UTC [1] LOG:  starting PostgreSQL 15.14 (Debian 15.14-1.pgdg13+1) on x86_64-pc-linux-gnu, compiled by gcc (Debian 14.2.0-19) 14.2.0, 64-bit
2025-08-20T01:07:06.9630971Z  2025-08-20 01:06:18.705 UTC [1] LOG:  listening on IPv4 address "0.0.0.0", port 5432
2025-08-20T01:07:06.9631380Z  2025-08-20 01:06:18.705 UTC [1] LOG:  listening on IPv6 address "::", port 5432
2025-08-20T01:07:06.9631824Z  2025-08-20 01:06:18.706 UTC [1] LOG:  listening on Unix socket "/var/run/postgresql/.s.PGSQL.5432"
2025-08-20T01:07:06.9632301Z  2025-08-20 01:06:18.710 UTC [64] LOG:  database system was shut down at 2025-08-20 01:06:18 UTC
2025-08-20T01:07:06.9632729Z  2025-08-20 01:06:18.715 UTC [1] LOG:  database system is ready to accept connections
2025-08-20T01:07:06.9639323Z Stop and remove container: 8bc695ddbfd0461ebedf5a10395a7aad_postgres15_97c069
2025-08-20T01:07:06.9643836Z ##[command]/usr/bin/docker rm --force b93885537343bc3d5fd65364d296a4969f86a9ae15686e606b0ecc754ccfb81a
2025-08-20T01:07:07.2506566Z b93885537343bc3d5fd65364d296a4969f86a9ae15686e606b0ecc754ccfb81a
2025-08-20T01:07:07.2528157Z Print service container logs: a294c3feb92f4f69be70651ce86f0337_redis7alpine_80a2fa
2025-08-20T01:07:07.2529266Z ##[command]/usr/bin/docker logs --details 1e58ef984214d74a2e3258b8b2da6e20deda5f2f2716a4530727aa99140203c1
2025-08-20T01:07:07.2646953Z  1:C 20 Aug 2025 01:06:19.399 # WARNING Memory overcommit must be enabled! Without it, a background save or replication may fail under low memory condition. Being disabled, it can also cause failures without low memory condition, see https://github.com/jemalloc/jemalloc/issues/1328. To fix this issue add 'vm.overcommit_memory = 1' to /etc/sysctl.conf and then reboot or run the command 'sysctl vm.overcommit_memory=1' for this to take effect.
2025-08-20T01:07:07.2649486Z  1:C 20 Aug 2025 01:06:19.399 * oO0OoO0OoO0Oo Redis is starting oO0OoO0OoO0Oo
2025-08-20T01:07:07.2650264Z  1:C 20 Aug 2025 01:06:19.399 * Redis version=7.4.5, bits=64, commit=00000000, modified=0, pid=1, just started
2025-08-20T01:07:07.2651415Z  1:C 20 Aug 2025 01:06:19.399 # Warning: no config file specified, using the default config. In order to specify a config file use redis-server /path/to/redis.conf
2025-08-20T01:07:07.2652417Z  1:M 20 Aug 2025 01:06:19.399 * monotonic clock: POSIX clock_gettime
2025-08-20T01:07:07.2652982Z  1:M 20 Aug 2025 01:06:19.400 * Running mode=standalone, port=6379.
2025-08-20T01:07:07.2653475Z  1:M 20 Aug 2025 01:06:19.400 * Server initialized
2025-08-20T01:07:07.2653946Z  1:M 20 Aug 2025 01:06:19.400 * Ready to accept connections tcp
2025-08-20T01:07:07.2662509Z Stop and remove container: a294c3feb92f4f69be70651ce86f0337_redis7alpine_80a2fa
2025-08-20T01:07:07.2663586Z ##[command]/usr/bin/docker rm --force 1e58ef984214d74a2e3258b8b2da6e20deda5f2f2716a4530727aa99140203c1
2025-08-20T01:07:07.3751371Z 1e58ef984214d74a2e3258b8b2da6e20deda5f2f2716a4530727aa99140203c1
2025-08-20T01:07:07.3773604Z Remove container network: github_network_43f3a1d2f89b467e9e09fa62154d0520
2025-08-20T01:07:07.3778272Z ##[command]/usr/bin/docker network rm github_network_43f3a1d2f89b467e9e09fa62154d0520
2025-08-20T01:07:07.5129368Z github_network_43f3a1d2f89b467e9e09fa62154d0520
2025-08-20T01:07:07.5189032Z Cleaning up orphan processes
