2025-08-24T00:25:17.1855352Z Current runner version: '2.328.0'
2025-08-24T00:25:17.1878106Z ##[group]Runner Image Provisioner
2025-08-24T00:25:17.1878881Z Hosted Compute Agent
2025-08-24T00:25:17.1879460Z Version: 20250821.380
2025-08-24T00:25:17.1880065Z Commit: 438d12cb4fe092871db9867344e3bc0bc5319035
2025-08-24T00:25:17.1880736Z Build Date: 2025-08-21T20:49:43Z
2025-08-24T00:25:17.1881359Z ##[endgroup]
2025-08-24T00:25:17.1881856Z ##[group]Operating System
2025-08-24T00:25:17.1882809Z Ubuntu
2025-08-24T00:25:17.1883240Z 24.04.2
2025-08-24T00:25:17.1883770Z LTS
2025-08-24T00:25:17.1884251Z ##[endgroup]
2025-08-24T00:25:17.1884718Z ##[group]Runner Image
2025-08-24T00:25:17.1885309Z Image: ubuntu-24.04
2025-08-24T00:25:17.1885763Z Version: 20250818.1.0
2025-08-24T00:25:17.1886734Z Included Software: https://github.com/actions/runner-images/blob/ubuntu24/20250818.1/images/ubuntu/Ubuntu2404-Readme.md
2025-08-24T00:25:17.1888305Z Image Release: https://github.com/actions/runner-images/releases/tag/ubuntu24%2F20250818.1
2025-08-24T00:25:17.1889319Z ##[endgroup]
2025-08-24T00:25:17.1891667Z ##[group]GITHUB_TOKEN Permissions
2025-08-24T00:25:17.1893773Z Actions: write
2025-08-24T00:25:17.1894390Z Attestations: write
2025-08-24T00:25:17.1894937Z Checks: write
2025-08-24T00:25:17.1895381Z Contents: write
2025-08-24T00:25:17.1895919Z Deployments: write
2025-08-24T00:25:17.1896386Z Discussions: write
2025-08-24T00:25:17.1896877Z Issues: write
2025-08-24T00:25:17.1897346Z Metadata: read
2025-08-24T00:25:17.1897870Z Models: read
2025-08-24T00:25:17.1898311Z Packages: write
2025-08-24T00:25:17.1898838Z Pages: write
2025-08-24T00:25:17.1899339Z PullRequests: write
2025-08-24T00:25:17.1899824Z RepositoryProjects: write
2025-08-24T00:25:17.1900406Z SecurityEvents: write
2025-08-24T00:25:17.1901008Z Statuses: write
2025-08-24T00:25:17.1901497Z ##[endgroup]
2025-08-24T00:25:17.1903735Z Secret source: Actions
2025-08-24T00:25:17.1904405Z Prepare workflow directory
2025-08-24T00:25:17.2321197Z Prepare all required actions
2025-08-24T00:25:17.2358973Z Getting action download info
2025-08-24T00:25:17.6758665Z Download action repository 'actions/checkout@v5' (SHA:08c6903cd8c0fde910a37f88322edcfb5dd907a8)
2025-08-24T00:25:17.7633308Z Download action repository 'actions/setup-python@v5' (SHA:a26af69be951a213d495a4c3e4e4022e16d87065)
2025-08-24T00:25:17.9286938Z Complete job name: migrations-check
2025-08-24T00:25:17.9761959Z ##[group]Checking docker version
2025-08-24T00:25:17.9774552Z ##[command]/usr/bin/docker version --format '{{.Server.APIVersion}}'
2025-08-24T00:25:18.0487674Z '1.48'
2025-08-24T00:25:18.0501167Z Docker daemon API version: '1.48'
2025-08-24T00:25:18.0501891Z ##[command]/usr/bin/docker version --format '{{.Client.APIVersion}}'
2025-08-24T00:25:18.0651006Z '1.48'
2025-08-24T00:25:18.0664892Z Docker client API version: '1.48'
2025-08-24T00:25:18.0670089Z ##[endgroup]
2025-08-24T00:25:18.0673421Z ##[group]Clean up resources from previous jobs
2025-08-24T00:25:18.0678423Z ##[command]/usr/bin/docker ps --all --quiet --no-trunc --filter "label=a17a67"
2025-08-24T00:25:18.0814943Z ##[command]/usr/bin/docker network prune --force --filter "label=a17a67"
2025-08-24T00:25:18.0935023Z ##[endgroup]
2025-08-24T00:25:18.0935486Z ##[group]Create local container network
2025-08-24T00:25:18.0944786Z ##[command]/usr/bin/docker network create --label a17a67 github_network_1c64c67ae65b46ee8313c2ebc1f147f7
2025-08-24T00:25:18.1437316Z efc841b5525f3edf6addd95205f829a6140ca1494c0907fd08a98e635f44e5c4
2025-08-24T00:25:18.1455271Z ##[endgroup]
2025-08-24T00:25:18.1478908Z ##[group]Starting postgres service container
2025-08-24T00:25:18.1497665Z ##[command]/usr/bin/docker pull postgres:15
2025-08-24T00:25:19.2060826Z 15: Pulling from library/postgres
2025-08-24T00:25:19.4686480Z 396b1da7636e: Pulling fs layer
2025-08-24T00:25:19.4687789Z fca2566eba32: Pulling fs layer
2025-08-24T00:25:19.4688528Z 631fe8c6d606: Pulling fs layer
2025-08-24T00:25:19.4689533Z 77c7671c4414: Pulling fs layer
2025-08-24T00:25:19.4690646Z 2d9e29180a27: Pulling fs layer
2025-08-24T00:25:19.4691769Z c6bcc2c9a041: Pulling fs layer
2025-08-24T00:25:19.4693153Z ac4b721eb66f: Pulling fs layer
2025-08-24T00:25:19.4693893Z 606bd164980e: Pulling fs layer
2025-08-24T00:25:19.4694562Z f5dfd246bc6e: Pulling fs layer
2025-08-24T00:25:19.4695229Z ba7036bb0a60: Pulling fs layer
2025-08-24T00:25:19.4695889Z 799f859abbbd: Pulling fs layer
2025-08-24T00:25:19.4696573Z d903e777080c: Pulling fs layer
2025-08-24T00:25:19.4697267Z 04adcb462801: Pulling fs layer
2025-08-24T00:25:19.4697977Z 5c10925b29ff: Pulling fs layer
2025-08-24T00:25:19.4698664Z 77c7671c4414: Waiting
2025-08-24T00:25:19.4699285Z ba7036bb0a60: Waiting
2025-08-24T00:25:19.4699897Z 2d9e29180a27: Waiting
2025-08-24T00:25:19.4700584Z c6bcc2c9a041: Waiting
2025-08-24T00:25:19.4701212Z 799f859abbbd: Waiting
2025-08-24T00:25:19.4701827Z 04adcb462801: Waiting
2025-08-24T00:25:19.4702600Z d903e777080c: Waiting
2025-08-24T00:25:19.4703245Z 5c10925b29ff: Waiting
2025-08-24T00:25:19.4703892Z f5dfd246bc6e: Waiting
2025-08-24T00:25:19.4704534Z ac4b721eb66f: Waiting
2025-08-24T00:25:19.4705191Z 606bd164980e: Waiting
2025-08-24T00:25:19.7376101Z fca2566eba32: Verifying Checksum
2025-08-24T00:25:19.7377715Z fca2566eba32: Download complete
2025-08-24T00:25:19.7748314Z 631fe8c6d606: Verifying Checksum
2025-08-24T00:25:19.7748979Z 631fe8c6d606: Download complete
2025-08-24T00:25:20.0763907Z 2d9e29180a27: Verifying Checksum
2025-08-24T00:25:20.0764674Z 2d9e29180a27: Download complete
2025-08-24T00:25:20.1884051Z 77c7671c4414: Verifying Checksum
2025-08-24T00:25:20.2580821Z 77c7671c4414: Download complete
2025-08-24T00:25:20.2581354Z 396b1da7636e: Verifying Checksum
2025-08-24T00:25:20.2583042Z 396b1da7636e: Download complete
2025-08-24T00:25:20.4160557Z c6bcc2c9a041: Verifying Checksum
2025-08-24T00:25:20.4161186Z c6bcc2c9a041: Download complete
2025-08-24T00:25:20.4563001Z ac4b721eb66f: Verifying Checksum
2025-08-24T00:25:20.4563579Z ac4b721eb66f: Download complete
2025-08-24T00:25:20.5408553Z 606bd164980e: Verifying Checksum
2025-08-24T00:25:20.5409237Z 606bd164980e: Download complete
2025-08-24T00:25:20.7262407Z ba7036bb0a60: Verifying Checksum
2025-08-24T00:25:20.7271313Z ba7036bb0a60: Download complete
2025-08-24T00:25:20.8013679Z 799f859abbbd: Download complete
2025-08-24T00:25:21.0171281Z d903e777080c: Verifying Checksum
2025-08-24T00:25:21.0174210Z d903e777080c: Download complete
2025-08-24T00:25:21.2205384Z 396b1da7636e: Pull complete
2025-08-24T00:25:21.2956682Z 5c10925b29ff: Verifying Checksum
2025-08-24T00:25:21.2957223Z 5c10925b29ff: Download complete
2025-08-24T00:25:21.4327767Z 04adcb462801: Verifying Checksum
2025-08-24T00:25:21.4328219Z 04adcb462801: Download complete
2025-08-24T00:25:21.9217963Z f5dfd246bc6e: Verifying Checksum
2025-08-24T00:25:21.9218486Z f5dfd246bc6e: Download complete
2025-08-24T00:25:22.1444425Z fca2566eba32: Pull complete
2025-08-24T00:25:22.3351007Z 631fe8c6d606: Pull complete
2025-08-24T00:25:22.3882909Z 77c7671c4414: Pull complete
2025-08-24T00:25:22.7080974Z 2d9e29180a27: Pull complete
2025-08-24T00:25:22.8041264Z c6bcc2c9a041: Pull complete
2025-08-24T00:25:22.8172589Z ac4b721eb66f: Pull complete
2025-08-24T00:25:22.8300240Z 606bd164980e: Pull complete
2025-08-24T00:25:25.7363389Z f5dfd246bc6e: Pull complete
2025-08-24T00:25:25.7608358Z ba7036bb0a60: Pull complete
2025-08-24T00:25:25.7726691Z 799f859abbbd: Pull complete
2025-08-24T00:25:25.7859039Z d903e777080c: Pull complete
2025-08-24T00:25:25.7993846Z 04adcb462801: Pull complete
2025-08-24T00:25:25.8161625Z 5c10925b29ff: Pull complete
2025-08-24T00:25:25.8207770Z Digest: sha256:bc51cf4f1fe02cce7ed2370b20128a9b00b4eb804573a77d2a0d877aaa9c82b1
2025-08-24T00:25:25.8224615Z Status: Downloaded newer image for postgres:15
2025-08-24T00:25:25.8235740Z docker.io/library/postgres:15
2025-08-24T00:25:25.8291837Z ##[command]/usr/bin/docker create --name 289e84c60c70435687ab17580cd9e1ee_postgres15_3f7142 --label a17a67 --network github_network_1c64c67ae65b46ee8313c2ebc1f147f7 --network-alias postgres -p 5432:5432 --health-cmd="pg_isready -U postgres -d awa" --health-interval=5s --health-timeout=5s --health-retries=10 -e "POSTGRES_USER=postgres" -e "POSTGRES_PASSWORD=pass" -e "POSTGRES_DB=awa" -e GITHUB_ACTIONS=true -e CI=true postgres:15
2025-08-24T00:25:25.8601575Z d26dea6df92131a47eda806ad08105fe8a3eb11e5a807074a59f225cf622df4a
2025-08-24T00:25:25.8624063Z ##[command]/usr/bin/docker start d26dea6df92131a47eda806ad08105fe8a3eb11e5a807074a59f225cf622df4a
2025-08-24T00:25:26.1794529Z d26dea6df92131a47eda806ad08105fe8a3eb11e5a807074a59f225cf622df4a
2025-08-24T00:25:26.1814634Z ##[command]/usr/bin/docker ps --all --filter id=d26dea6df92131a47eda806ad08105fe8a3eb11e5a807074a59f225cf622df4a --filter status=running --no-trunc --format "{{.ID}} {{.Status}}"
2025-08-24T00:25:26.1953581Z d26dea6df92131a47eda806ad08105fe8a3eb11e5a807074a59f225cf622df4a Up Less than a second (health: starting)
2025-08-24T00:25:26.1978436Z ##[command]/usr/bin/docker port d26dea6df92131a47eda806ad08105fe8a3eb11e5a807074a59f225cf622df4a
2025-08-24T00:25:26.2113221Z 5432/tcp -> 0.0.0.0:5432
2025-08-24T00:25:26.2114324Z 5432/tcp -> [::]:5432
2025-08-24T00:25:26.2161170Z ##[endgroup]
2025-08-24T00:25:26.2162035Z ##[group]Starting redis service container
2025-08-24T00:25:26.2163464Z ##[command]/usr/bin/docker pull redis:7-alpine
2025-08-24T00:25:27.2094820Z 7-alpine: Pulling from library/redis
2025-08-24T00:25:27.4640044Z 0368fd46e3c6: Pulling fs layer
2025-08-24T00:25:27.4640525Z 4c55286bbede: Pulling fs layer
2025-08-24T00:25:27.4640942Z 5e28347af205: Pulling fs layer
2025-08-24T00:25:27.4641337Z 311eca34042e: Pulling fs layer
2025-08-24T00:25:27.4641732Z e6fe6f07e192: Pulling fs layer
2025-08-24T00:25:27.4642128Z a2cadbfeca72: Pulling fs layer
2025-08-24T00:25:27.4642672Z 4f4fb700ef54: Pulling fs layer
2025-08-24T00:25:27.4643052Z a976ed7e7808: Pulling fs layer
2025-08-24T00:25:27.4643398Z 311eca34042e: Waiting
2025-08-24T00:25:27.4643723Z a2cadbfeca72: Waiting
2025-08-24T00:25:27.4644023Z e6fe6f07e192: Waiting
2025-08-24T00:25:27.4644331Z 4f4fb700ef54: Waiting
2025-08-24T00:25:27.4644655Z a976ed7e7808: Waiting
2025-08-24T00:25:27.7242921Z 4c55286bbede: Verifying Checksum
2025-08-24T00:25:27.7243807Z 4c55286bbede: Download complete
2025-08-24T00:25:27.7404431Z 5e28347af205: Download complete
2025-08-24T00:25:27.7598944Z 0368fd46e3c6: Verifying Checksum
2025-08-24T00:25:27.7599358Z 0368fd46e3c6: Download complete
2025-08-24T00:25:27.8604901Z 0368fd46e3c6: Pull complete
2025-08-24T00:25:27.8826166Z 4c55286bbede: Pull complete
2025-08-24T00:25:28.0132450Z 311eca34042e: Verifying Checksum
2025-08-24T00:25:28.0132919Z 311eca34042e: Download complete
2025-08-24T00:25:28.0263913Z 5e28347af205: Pull complete
2025-08-24T00:25:28.0266378Z a2cadbfeca72: Verifying Checksum
2025-08-24T00:25:28.0267168Z a2cadbfeca72: Download complete
2025-08-24T00:25:28.0567088Z 311eca34042e: Pull complete
2025-08-24T00:25:28.3297860Z 4f4fb700ef54: Verifying Checksum
2025-08-24T00:25:28.3298321Z 4f4fb700ef54: Download complete
2025-08-24T00:25:28.3581376Z a976ed7e7808: Download complete
2025-08-24T00:25:28.5469075Z e6fe6f07e192: Verifying Checksum
2025-08-24T00:25:28.5469493Z e6fe6f07e192: Download complete
2025-08-24T00:25:28.7255839Z e6fe6f07e192: Pull complete
2025-08-24T00:25:28.7357189Z a2cadbfeca72: Pull complete
2025-08-24T00:25:28.7467569Z 4f4fb700ef54: Pull complete
2025-08-24T00:25:28.7578640Z a976ed7e7808: Pull complete
2025-08-24T00:25:28.7636318Z Digest: sha256:bb186d083732f669da90be8b0f975a37812b15e913465bb14d845db72a4e3e08
2025-08-24T00:25:28.7647390Z Status: Downloaded newer image for redis:7-alpine
2025-08-24T00:25:28.7655916Z docker.io/library/redis:7-alpine
2025-08-24T00:25:28.7672067Z ##[command]/usr/bin/docker create --name 452eb19ae89d45a687e06bea15986945_redis7alpine_85ab35 --label a17a67 --network github_network_1c64c67ae65b46ee8313c2ebc1f147f7 --network-alias redis -p 6379:6379  -e GITHUB_ACTIONS=true -e CI=true redis:7-alpine
2025-08-24T00:25:28.7957515Z f6b3565806d48401de93822f8caf33ec1eb621eeda639ac0faa738b22db1d4d1
2025-08-24T00:25:28.7970422Z ##[command]/usr/bin/docker start f6b3565806d48401de93822f8caf33ec1eb621eeda639ac0faa738b22db1d4d1
2025-08-24T00:25:28.9328465Z f6b3565806d48401de93822f8caf33ec1eb621eeda639ac0faa738b22db1d4d1
2025-08-24T00:25:28.9345236Z ##[command]/usr/bin/docker ps --all --filter id=f6b3565806d48401de93822f8caf33ec1eb621eeda639ac0faa738b22db1d4d1 --filter status=running --no-trunc --format "{{.ID}} {{.Status}}"
2025-08-24T00:25:28.9460758Z f6b3565806d48401de93822f8caf33ec1eb621eeda639ac0faa738b22db1d4d1 Up Less than a second
2025-08-24T00:25:28.9474495Z ##[command]/usr/bin/docker port f6b3565806d48401de93822f8caf33ec1eb621eeda639ac0faa738b22db1d4d1
2025-08-24T00:25:28.9584138Z 6379/tcp -> 0.0.0.0:6379
2025-08-24T00:25:28.9584635Z 6379/tcp -> [::]:6379
2025-08-24T00:25:28.9597568Z ##[endgroup]
2025-08-24T00:25:28.9607681Z ##[group]Waiting for all services to be ready
2025-08-24T00:25:28.9620307Z ##[command]/usr/bin/docker inspect --format="{{if .Config.Healthcheck}}{{print .State.Health.Status}}{{end}}" d26dea6df92131a47eda806ad08105fe8a3eb11e5a807074a59f225cf622df4a
2025-08-24T00:25:28.9729422Z starting
2025-08-24T00:25:28.9748972Z postgres service is starting, waiting 2 seconds before checking again.
2025-08-24T00:25:30.9740467Z ##[command]/usr/bin/docker inspect --format="{{if .Config.Healthcheck}}{{print .State.Health.Status}}{{end}}" d26dea6df92131a47eda806ad08105fe8a3eb11e5a807074a59f225cf622df4a
2025-08-24T00:25:30.9859290Z starting
2025-08-24T00:25:30.9872423Z postgres service is starting, waiting 3 seconds before checking again.
2025-08-24T00:25:34.6733026Z ##[command]/usr/bin/docker inspect --format="{{if .Config.Healthcheck}}{{print .State.Health.Status}}{{end}}" d26dea6df92131a47eda806ad08105fe8a3eb11e5a807074a59f225cf622df4a
2025-08-24T00:25:34.6847607Z healthy
2025-08-24T00:25:34.6865048Z postgres service is healthy.
2025-08-24T00:25:34.6865806Z ##[command]/usr/bin/docker inspect --format="{{if .Config.Healthcheck}}{{print .State.Health.Status}}{{end}}" f6b3565806d48401de93822f8caf33ec1eb621eeda639ac0faa738b22db1d4d1
2025-08-24T00:25:34.6987899Z redis service is healthy.
2025-08-24T00:25:34.6988525Z ##[endgroup]
2025-08-24T00:25:34.7285823Z ##[group]Run actions/checkout@v5
2025-08-24T00:25:34.7286325Z with:
2025-08-24T00:25:34.7286510Z   repository: AlexBomber12/AWA-App
2025-08-24T00:25:34.7286874Z   token: ***
2025-08-24T00:25:34.7287048Z   ssh-strict: true
2025-08-24T00:25:34.7287216Z   ssh-user: git
2025-08-24T00:25:34.7287406Z   persist-credentials: true
2025-08-24T00:25:34.7287605Z   clean: true
2025-08-24T00:25:34.7287793Z   sparse-checkout-cone-mode: true
2025-08-24T00:25:34.7288006Z   fetch-depth: 1
2025-08-24T00:25:34.7288173Z   fetch-tags: false
2025-08-24T00:25:34.7288343Z   show-progress: true
2025-08-24T00:25:34.7288527Z   lfs: false
2025-08-24T00:25:34.7288688Z   submodules: false
2025-08-24T00:25:34.7288862Z   set-safe-directory: true
2025-08-24T00:25:34.7289224Z env:
2025-08-24T00:25:34.7289433Z   REDIS_URL: redis://localhost:6379/0
2025-08-24T00:25:34.7289693Z   RATE_LIMIT_DEFAULT: 100/minute
2025-08-24T00:25:34.7289897Z   TRUST_X_FORWARDED: 1
2025-08-24T00:25:34.7290074Z ##[endgroup]
2025-08-24T00:25:34.8190171Z Syncing repository: AlexBomber12/AWA-App
2025-08-24T00:25:34.8191365Z ##[group]Getting Git version info
2025-08-24T00:25:34.8191719Z Working directory is '/home/runner/work/AWA-App/AWA-App'
2025-08-24T00:25:34.8192371Z [command]/usr/bin/git version
2025-08-24T00:25:34.8275796Z git version 2.51.0
2025-08-24T00:25:34.8296196Z ##[endgroup]
2025-08-24T00:25:34.8311672Z Temporarily overriding HOME='/home/runner/work/_temp/1615b81d-aa48-4536-9ded-925ce2cbabb5' before making global git config changes
2025-08-24T00:25:34.8313139Z Adding repository directory to the temporary git global config as a safe directory
2025-08-24T00:25:34.8317384Z [command]/usr/bin/git config --global --add safe.directory /home/runner/work/AWA-App/AWA-App
2025-08-24T00:25:34.8353366Z Deleting the contents of '/home/runner/work/AWA-App/AWA-App'
2025-08-24T00:25:34.8356936Z ##[group]Initializing the repository
2025-08-24T00:25:34.8361277Z [command]/usr/bin/git init /home/runner/work/AWA-App/AWA-App
2025-08-24T00:25:34.8471809Z hint: Using 'master' as the name for the initial branch. This default branch name
2025-08-24T00:25:34.8473086Z hint: is subject to change. To configure the initial branch name to use in all
2025-08-24T00:25:34.8473561Z hint: of your new repositories, which will suppress this warning, call:
2025-08-24T00:25:34.8473889Z hint:
2025-08-24T00:25:34.8474149Z hint: 	git config --global init.defaultBranch <name>
2025-08-24T00:25:34.8474418Z hint:
2025-08-24T00:25:34.8474665Z hint: Names commonly chosen instead of 'master' are 'main', 'trunk' and
2025-08-24T00:25:34.8475323Z hint: 'development'. The just-created branch can be renamed via this command:
2025-08-24T00:25:34.8475961Z hint:
2025-08-24T00:25:34.8476177Z hint: 	git branch -m <name>
2025-08-24T00:25:34.8476376Z hint:
2025-08-24T00:25:34.8476657Z hint: Disable this message with "git config set advice.defaultBranchName false"
2025-08-24T00:25:34.8477285Z Initialized empty Git repository in /home/runner/work/AWA-App/AWA-App/.git/
2025-08-24T00:25:34.8486614Z [command]/usr/bin/git remote add origin https://github.com/AlexBomber12/AWA-App
2025-08-24T00:25:34.8525401Z ##[endgroup]
2025-08-24T00:25:34.8526000Z ##[group]Disabling automatic garbage collection
2025-08-24T00:25:34.8529908Z [command]/usr/bin/git config --local gc.auto 0
2025-08-24T00:25:34.8556113Z ##[endgroup]
2025-08-24T00:25:34.8556684Z ##[group]Setting up auth
2025-08-24T00:25:34.8563020Z [command]/usr/bin/git config --local --name-only --get-regexp core\.sshCommand
2025-08-24T00:25:34.8593243Z [command]/usr/bin/git submodule foreach --recursive sh -c "git config --local --name-only --get-regexp 'core\.sshCommand' && git config --local --unset-all 'core.sshCommand' || :"
2025-08-24T00:25:34.8947622Z [command]/usr/bin/git config --local --name-only --get-regexp http\.https\:\/\/github\.com\/\.extraheader
2025-08-24T00:25:34.8978167Z [command]/usr/bin/git submodule foreach --recursive sh -c "git config --local --name-only --get-regexp 'http\.https\:\/\/github\.com\/\.extraheader' && git config --local --unset-all 'http.https://github.com/.extraheader' || :"
2025-08-24T00:25:34.9199808Z [command]/usr/bin/git config --local http.https://github.com/.extraheader AUTHORIZATION: basic ***
2025-08-24T00:25:34.9234392Z ##[endgroup]
2025-08-24T00:25:34.9234957Z ##[group]Fetching the repository
2025-08-24T00:25:34.9244771Z [command]/usr/bin/git -c protocol.version=2 fetch --no-tags --prune --no-recurse-submodules --depth=1 origin +09cce4abbfe66e11b852ff4bc2b2e86703e0fd0b:refs/remotes/pull/357/merge
2025-08-24T00:25:35.4411989Z From https://github.com/AlexBomber12/AWA-App
2025-08-24T00:25:35.4413029Z  * [new ref]         09cce4abbfe66e11b852ff4bc2b2e86703e0fd0b -> pull/357/merge
2025-08-24T00:25:35.4448288Z ##[endgroup]
2025-08-24T00:25:35.4452524Z ##[group]Determining the checkout info
2025-08-24T00:25:35.4453255Z ##[endgroup]
2025-08-24T00:25:35.4457506Z [command]/usr/bin/git sparse-checkout disable
2025-08-24T00:25:35.4499157Z [command]/usr/bin/git config --local --unset-all extensions.worktreeConfig
2025-08-24T00:25:35.4525950Z ##[group]Checking out the ref
2025-08-24T00:25:35.4531082Z [command]/usr/bin/git checkout --progress --force refs/remotes/pull/357/merge
2025-08-24T00:25:35.4862886Z Note: switching to 'refs/remotes/pull/357/merge'.
2025-08-24T00:25:35.4863349Z 
2025-08-24T00:25:35.4863726Z You are in 'detached HEAD' state. You can look around, make experimental
2025-08-24T00:25:35.4864396Z changes and commit them, and you can discard any commits you make in this
2025-08-24T00:25:35.4865001Z state without impacting any branches by switching back to a branch.
2025-08-24T00:25:35.4865351Z 
2025-08-24T00:25:35.4865581Z If you want to create a new branch to retain commits you create, you may
2025-08-24T00:25:35.4866111Z do so (now or later) by using -c with the switch command. Example:
2025-08-24T00:25:35.4866427Z 
2025-08-24T00:25:35.4866548Z   git switch -c <new-branch-name>
2025-08-24T00:25:35.4866759Z 
2025-08-24T00:25:35.4866870Z Or undo this operation with:
2025-08-24T00:25:35.4867072Z 
2025-08-24T00:25:35.4867186Z   git switch -
2025-08-24T00:25:35.4867714Z 
2025-08-24T00:25:35.4868156Z Turn off this advice by setting config variable advice.detachedHead to false
2025-08-24T00:25:35.4868813Z 
2025-08-24T00:25:35.4869556Z HEAD is now at 09cce4a Merge 0d4bb270762033d1dc3691f4c497b4e004897850 into a74c4ca07257cd84410d8227f000a74769563788
2025-08-24T00:25:35.4874313Z ##[endgroup]
2025-08-24T00:25:35.4909276Z [command]/usr/bin/git log -1 --format=%H
2025-08-24T00:25:35.4933427Z 09cce4abbfe66e11b852ff4bc2b2e86703e0fd0b
2025-08-24T00:25:35.5108676Z ##[group]Run cat .env.ci >> "$GITHUB_ENV"
2025-08-24T00:25:35.5109009Z [36;1mcat .env.ci >> "$GITHUB_ENV"[0m
2025-08-24T00:25:35.5109694Z [36;1mecho "DATABASE_URL=***localhost:5432/awa" >> "$GITHUB_ENV"[0m
2025-08-24T00:25:35.5110053Z [36;1mecho "PG_HOST=localhost" >> "$GITHUB_ENV"[0m
2025-08-24T00:25:35.5110332Z [36;1mecho "PG_PORT=5432" >> "$GITHUB_ENV"[0m
2025-08-24T00:25:35.5110604Z [36;1mecho "PG_USER=postgres" >> "$GITHUB_ENV"[0m
2025-08-24T00:25:35.5110876Z [36;1mecho "PG_PASSWORD=pass" >> "$GITHUB_ENV"[0m
2025-08-24T00:25:35.5111161Z [36;1mecho "PG_DATABASE=awa" >> "$GITHUB_ENV"[0m
2025-08-24T00:25:35.5155029Z shell: /usr/bin/bash -e {0}
2025-08-24T00:25:35.5155249Z env:
2025-08-24T00:25:35.5155450Z   REDIS_URL: redis://localhost:6379/0
2025-08-24T00:25:35.5155712Z   RATE_LIMIT_DEFAULT: 100/minute
2025-08-24T00:25:35.5155936Z   TRUST_X_FORWARDED: 1
2025-08-24T00:25:35.5156116Z ##[endgroup]
2025-08-24T00:25:35.5333712Z ##[group]Run actions/setup-python@v5
2025-08-24T00:25:35.5333996Z with:
2025-08-24T00:25:35.5334166Z   python-version: 3.12
2025-08-24T00:25:35.5334361Z   cache: pip
2025-08-24T00:25:35.5334560Z   cache-dependency-path: requirements-dev.txt
2025-08-24T00:25:35.5334818Z   check-latest: false
2025-08-24T00:25:35.5335128Z   token: ***
2025-08-24T00:25:35.5335305Z   update-environment: true
2025-08-24T00:25:35.5335518Z   allow-prereleases: false
2025-08-24T00:25:35.5335705Z   freethreaded: false
2025-08-24T00:25:35.5335875Z env:
2025-08-24T00:25:35.5336047Z   REDIS_URL: redis://localhost:6379/0
2025-08-24T00:25:35.5336301Z   RATE_LIMIT_DEFAULT: 100/minute
2025-08-24T00:25:35.5336504Z   TRUST_X_FORWARDED: 1
2025-08-24T00:25:35.5336683Z   PG_USER: postgres
2025-08-24T00:25:35.5336857Z   PG_PASSWORD: pass
2025-08-24T00:25:35.5337022Z   PG_DATABASE: awa
2025-08-24T00:25:35.5337188Z   PG_HOST: localhost
2025-08-24T00:25:35.5337353Z   PG_PORT: 5432
2025-08-24T00:25:35.5337757Z   PG_SYNC_DSN: ***localhost:5432/awa
2025-08-24T00:25:35.5338137Z   PG_ASYNC_DSN: ***localhost:5432/awa
2025-08-24T00:25:35.5338504Z   DATABASE_URL: ***localhost:5432/awa
2025-08-24T00:25:35.5338719Z   DATA_DIR: /tmp/awa-data
2025-08-24T00:25:35.5338909Z   ENABLE_LIVE: 0
2025-08-24T00:25:35.5339065Z   TESTING: 1
2025-08-24T00:25:35.5339225Z ##[endgroup]
2025-08-24T00:25:35.6943858Z ##[group]Installed versions
2025-08-24T00:25:35.7071262Z Successfully set up CPython (3.12.11)
2025-08-24T00:25:35.7071919Z ##[endgroup]
2025-08-24T00:25:35.7345186Z [command]/opt/hostedtoolcache/Python/3.12.11/x64/bin/pip cache dir
2025-08-24T00:25:36.0850119Z /home/runner/.cache/pip
2025-08-24T00:25:36.4344365Z Cache hit for: setup-python-Linux-x64-24.04-Ubuntu-python-3.12.11-pip-cc13ccef493b9f3a93ad5651164d9fb09282c1111f6f72ce20e0657de16de6b4
2025-08-24T00:25:37.7419245Z Received 4194304 of 376053341 (1.1%), 4.0 MBs/sec
2025-08-24T00:25:38.7453395Z Received 109051904 of 376053341 (29.0%), 52.0 MBs/sec
2025-08-24T00:25:39.7443507Z Received 218103808 of 376053341 (58.0%), 69.3 MBs/sec
2025-08-24T00:25:40.7433243Z Received 327155712 of 376053341 (87.0%), 78.0 MBs/sec
2025-08-24T00:25:41.1319000Z Received 376053341 of 376053341 (100.0%), 81.7 MBs/sec
2025-08-24T00:25:41.1321890Z Cache Size: ~359 MB (376053341 B)
2025-08-24T00:25:41.1424801Z [command]/usr/bin/tar -xf /home/runner/work/_temp/177ac57c-876b-4ec5-9d2b-500099723105/cache.tzst -P -C /home/runner/work/AWA-App/AWA-App --use-compress-program unzstd
2025-08-24T00:25:41.7171204Z Cache restored successfully
2025-08-24T00:25:41.7865931Z Cache restored from key: setup-python-Linux-x64-24.04-Ubuntu-python-3.12.11-pip-cc13ccef493b9f3a93ad5651164d9fb09282c1111f6f72ce20e0657de16de6b4
2025-08-24T00:25:41.8010527Z ##[group]Run pip install --break-system-packages -r requirements-dev.txt
2025-08-24T00:25:41.8011029Z [36;1mpip install --break-system-packages -r requirements-dev.txt[0m
2025-08-24T00:25:41.8011460Z [36;1mpip install --break-system-packages keepa==1.3.15 minio==7.1.15[0m
2025-08-24T00:25:41.8056011Z shell: /usr/bin/bash -e {0}
2025-08-24T00:25:41.8056229Z env:
2025-08-24T00:25:41.8056423Z   REDIS_URL: redis://localhost:6379/0
2025-08-24T00:25:41.8056686Z   RATE_LIMIT_DEFAULT: 100/minute
2025-08-24T00:25:41.8056898Z   TRUST_X_FORWARDED: 1
2025-08-24T00:25:41.8057091Z   PG_USER: postgres
2025-08-24T00:25:41.8057277Z   PG_PASSWORD: pass
2025-08-24T00:25:41.8057447Z   PG_DATABASE: awa
2025-08-24T00:25:41.8057625Z   PG_HOST: localhost
2025-08-24T00:25:41.8057808Z   PG_PORT: 5432
2025-08-24T00:25:41.8058301Z   PG_SYNC_DSN: ***localhost:5432/awa
2025-08-24T00:25:41.8058743Z   PG_ASYNC_DSN: ***localhost:5432/awa
2025-08-24T00:25:41.8059124Z   DATABASE_URL: ***localhost:5432/awa
2025-08-24T00:25:41.8059402Z   DATA_DIR: /tmp/awa-data
2025-08-24T00:25:41.8059590Z   ENABLE_LIVE: 0
2025-08-24T00:25:41.8059756Z   TESTING: 1
2025-08-24T00:25:41.8059982Z   pythonLocation: /opt/hostedtoolcache/Python/3.12.11/x64
2025-08-24T00:25:41.8060376Z   PKG_CONFIG_PATH: /opt/hostedtoolcache/Python/3.12.11/x64/lib/pkgconfig
2025-08-24T00:25:41.8060754Z   Python_ROOT_DIR: /opt/hostedtoolcache/Python/3.12.11/x64
2025-08-24T00:25:41.8061087Z   Python2_ROOT_DIR: /opt/hostedtoolcache/Python/3.12.11/x64
2025-08-24T00:25:41.8061420Z   Python3_ROOT_DIR: /opt/hostedtoolcache/Python/3.12.11/x64
2025-08-24T00:25:41.8061760Z   LD_LIBRARY_PATH: /opt/hostedtoolcache/Python/3.12.11/x64/lib
2025-08-24T00:25:41.8062041Z ##[endgroup]
2025-08-24T00:25:42.4985163Z Collecting Jinja2==3.1.6 (from -r requirements-dev.txt (line 2))
2025-08-24T00:25:42.4997385Z   Using cached jinja2-3.1.6-py3-none-any.whl.metadata (2.9 kB)
2025-08-24T00:25:42.5210332Z Collecting alembic==1.16.4 (from -r requirements-dev.txt (line 3))
2025-08-24T00:25:42.5221796Z   Using cached alembic-1.16.4-py3-none-any.whl.metadata (7.3 kB)
2025-08-24T00:25:42.5370368Z Collecting apscheduler==3.10.4 (from -r requirements-dev.txt (line 4))
2025-08-24T00:25:42.5384914Z   Using cached APScheduler-3.10.4-py3-none-any.whl.metadata (5.7 kB)
2025-08-24T00:25:42.5536602Z Collecting asgi-correlation-id==4.3.1 (from -r requirements-dev.txt (line 5))
2025-08-24T00:25:42.5547543Z   Using cached asgi_correlation_id-4.3.1-py3-none-any.whl.metadata (28 kB)
2025-08-24T00:25:42.5978662Z Collecting asyncpg==0.30.0 (from -r requirements-dev.txt (line 6))
2025-08-24T00:25:42.5990380Z   Using cached asyncpg-0.30.0-cp312-cp312-manylinux_2_17_x86_64.manylinux2014_x86_64.whl.metadata (5.0 kB)
2025-08-24T00:25:42.6434705Z Collecting black==25.1.0 (from -r requirements-dev.txt (line 7))
2025-08-24T00:25:42.6446451Z   Using cached black-25.1.0-cp312-cp312-manylinux_2_17_x86_64.manylinux2014_x86_64.manylinux_2_28_x86_64.whl.metadata (81 kB)
2025-08-24T00:25:42.9961299Z Collecting boto3 (from -r requirements-dev.txt (line 8))
2025-08-24T00:25:43.0305001Z   Downloading boto3-1.40.16-py3-none-any.whl.metadata (6.7 kB)
2025-08-24T00:25:43.0662104Z Collecting redis==6.* (from -r requirements-dev.txt (line 9))
2025-08-24T00:25:43.0673605Z   Using cached redis-6.4.0-py3-none-any.whl.metadata (10 kB)
2025-08-24T00:25:43.1015420Z Collecting minio==7.* (from -r requirements-dev.txt (line 10))
2025-08-24T00:25:43.1026767Z   Using cached minio-7.2.16-py3-none-any.whl.metadata (6.5 kB)
2025-08-24T00:25:43.1187510Z Collecting vulture==2.10 (from -r requirements-dev.txt (line 11))
2025-08-24T00:25:43.1198452Z   Using cached vulture-2.10-py2.py3-none-any.whl.metadata (23 kB)
2025-08-24T00:25:43.1503553Z Collecting celery==5.5.3 (from -r requirements-dev.txt (line 12))
2025-08-24T00:25:43.1514693Z   Using cached celery-5.5.3-py3-none-any.whl.metadata (22 kB)
2025-08-24T00:25:43.2082091Z Collecting fastapi==0.116.1 (from -r requirements-dev.txt (line 13))
2025-08-24T00:25:43.2093778Z   Using cached fastapi-0.116.1-py3-none-any.whl.metadata (28 kB)
2025-08-24T00:25:43.2236064Z Collecting fastapi-limiter==0.1.6 (from -r requirements-dev.txt (line 15))
2025-08-24T00:25:43.2247004Z   Using cached fastapi_limiter-0.1.6-py3-none-any.whl.metadata (5.3 kB)
2025-08-24T00:25:43.2448120Z Collecting httpx<0.29,>=0.27 (from -r requirements-dev.txt (line 16))
2025-08-24T00:25:43.2459242Z   Using cached httpx-0.28.1-py3-none-any.whl.metadata (7.1 kB)
2025-08-24T00:25:43.2637863Z Collecting imapclient==3.0.1 (from -r requirements-dev.txt (line 17))
2025-08-24T00:25:43.2648840Z   Using cached IMAPClient-3.0.1-py2.py3-none-any.whl.metadata (1.7 kB)
2025-08-24T00:25:43.2763583Z Collecting itsdangerous (from -r requirements-dev.txt (line 18))
2025-08-24T00:25:43.2774503Z   Using cached itsdangerous-2.2.0-py3-none-any.whl.metadata (1.9 kB)
2025-08-24T00:25:43.3721093Z Collecting mypy==1.* (from -r requirements-dev.txt (line 19))
2025-08-24T00:25:43.3733771Z   Using cached mypy-1.17.1-cp312-cp312-manylinux2014_x86_64.manylinux_2_17_x86_64.manylinux_2_28_x86_64.whl.metadata (2.2 kB)
2025-08-24T00:25:43.3841466Z Collecting mypy-extensions==1.1.0 (from -r requirements-dev.txt (line 20))
2025-08-24T00:25:43.3852942Z   Using cached mypy_extensions-1.1.0-py3-none-any.whl.metadata (1.1 kB)
2025-08-24T00:25:43.5623581Z Collecting numpy<2 (from -r requirements-dev.txt (line 21))
2025-08-24T00:25:43.5637451Z   Using cached numpy-1.26.4-cp312-cp312-manylinux_2_17_x86_64.manylinux2014_x86_64.whl.metadata (61 kB)
2025-08-24T00:25:43.5880408Z Collecting openpyxl==3.1.5 (from -r requirements-dev.txt (line 22))
2025-08-24T00:25:43.5892610Z   Using cached openpyxl-3.1.5-py2.py3-none-any.whl.metadata (2.5 kB)
2025-08-24T00:25:43.6956595Z Collecting pandas==2.2.* (from -r requirements-dev.txt (line 23))
2025-08-24T00:25:43.6969999Z   Using cached pandas-2.2.3-cp312-cp312-manylinux_2_17_x86_64.manylinux2014_x86_64.whl.metadata (89 kB)
2025-08-24T00:25:43.7871840Z Collecting psycopg2-binary==2.9.10 (from -r requirements-dev.txt (line 24))
2025-08-24T00:25:43.7884707Z   Using cached psycopg2_binary-2.9.10-cp312-cp312-manylinux_2_17_x86_64.manylinux2014_x86_64.whl.metadata (4.9 kB)
2025-08-24T00:25:43.8045119Z Collecting psycopg==3.2.9 (from psycopg[binary]==3.2.9->-r requirements-dev.txt (line 25))
2025-08-24T00:25:43.8056464Z   Using cached psycopg-3.2.9-py3-none-any.whl.metadata (4.5 kB)
2025-08-24T00:25:43.9106348Z Collecting pydantic==2.11.7 (from -r requirements-dev.txt (line 26))
2025-08-24T00:25:43.9118843Z   Using cached pydantic-2.11.7-py3-none-any.whl.metadata (67 kB)
2025-08-24T00:25:44.0323510Z Collecting setuptools (from -r requirements-dev.txt (line 27))
2025-08-24T00:25:44.0335629Z   Using cached setuptools-80.9.0-py3-none-any.whl.metadata (6.6 kB)
2025-08-24T00:25:44.0593052Z Collecting pytest-asyncio==1.1.0 (from -r requirements-dev.txt (line 28))
2025-08-24T00:25:44.0604641Z   Using cached pytest_asyncio-1.1.0-py3-none-any.whl.metadata (4.1 kB)
2025-08-24T00:25:44.0743202Z Collecting pytest-cov==6.2.1 (from -r requirements-dev.txt (line 29))
2025-08-24T00:25:44.0754895Z   Using cached pytest_cov-6.2.1-py3-none-any.whl.metadata (30 kB)
2025-08-24T00:25:44.0909856Z Collecting pytest-postgresql==7.0.2 (from -r requirements-dev.txt (line 30))
2025-08-24T00:25:44.0921345Z   Using cached pytest_postgresql-7.0.2-py3-none-any.whl.metadata (18 kB)
2025-08-24T00:25:44.1081669Z Collecting python-dotenv (from -r requirements-dev.txt (line 31))
2025-08-24T00:25:44.1093575Z   Using cached python_dotenv-1.1.1-py3-none-any.whl.metadata (24 kB)
2025-08-24T00:25:44.1250790Z Collecting python-multipart (from -r requirements-dev.txt (line 32))
2025-08-24T00:25:44.1262624Z   Using cached python_multipart-0.0.20-py3-none-any.whl.metadata (1.8 kB)
2025-08-24T00:25:44.1604289Z Collecting python-telegram-bot==22.3 (from -r requirements-dev.txt (line 33))
2025-08-24T00:25:44.1615875Z   Using cached python_telegram_bot-22.3-py3-none-any.whl.metadata (17 kB)
2025-08-24T00:25:44.1893395Z Collecting requests==2.32.4 (from -r requirements-dev.txt (line 34))
2025-08-24T00:25:44.1904768Z   Using cached requests-2.32.4-py3-none-any.whl.metadata (4.9 kB)
2025-08-24T00:25:44.2082700Z Collecting respx==0.22.0 (from -r requirements-dev.txt (line 35))
2025-08-24T00:25:44.2093830Z   Using cached respx-0.22.0-py2.py3-none-any.whl.metadata (4.1 kB)
2025-08-24T00:25:44.5662970Z Collecting ruff==0.9.9 (from -r requirements-dev.txt (line 36))
2025-08-24T00:25:44.5675970Z   Using cached ruff-0.9.9-py3-none-manylinux_2_17_x86_64.manylinux2014_x86_64.whl.metadata (25 kB)
2025-08-24T00:25:44.8279171Z Collecting sqlalchemy==2.0.43 (from -r requirements-dev.txt (line 37))
2025-08-24T00:25:44.8292633Z   Using cached sqlalchemy-2.0.43-cp312-cp312-manylinux_2_17_x86_64.manylinux2014_x86_64.whl.metadata (9.6 kB)
2025-08-24T00:25:44.8511036Z Collecting structlog==24.1.0 (from -r requirements-dev.txt (line 38))
2025-08-24T00:25:44.8521753Z   Using cached structlog-24.1.0-py3-none-any.whl.metadata (6.9 kB)
2025-08-24T00:25:44.8696502Z Collecting testcontainers==4.12.0 (from testcontainers[postgres]==4.12.0->-r requirements-dev.txt (line 39))
2025-08-24T00:25:44.8707889Z   Using cached testcontainers-4.12.0-py3-none-any.whl.metadata (8.3 kB)
2025-08-24T00:25:44.9083267Z Collecting types-requests==2.32.4.20250809 (from -r requirements-dev.txt (line 40))
2025-08-24T00:25:44.9095047Z   Using cached types_requests-2.32.4.20250809-py3-none-any.whl.metadata (2.0 kB)
2025-08-24T00:25:44.9211434Z Collecting docspec-python==2.2.2 (from -r requirements-dev.txt (line 41))
2025-08-24T00:25:44.9222984Z   Using cached docspec_python-2.2.2-py3-none-any.whl.metadata (1.0 kB)
2025-08-24T00:25:44.9418603Z Collecting pydoc-markdown==4.8.2 (from -r requirements-dev.txt (line 42))
2025-08-24T00:25:44.9430088Z   Using cached pydoc_markdown-4.8.2-py3-none-any.whl.metadata (5.9 kB)
2025-08-24T00:25:45.0127206Z Collecting pandera==0.19.* (from -r requirements-dev.txt (line 43))
2025-08-24T00:25:45.0140076Z   Using cached pandera-0.19.3-py3-none-any.whl.metadata (15 kB)
2025-08-24T00:25:45.0653166Z Collecting MarkupSafe>=2.0 (from Jinja2==3.1.6->-r requirements-dev.txt (line 2))
2025-08-24T00:25:45.0665154Z   Using cached MarkupSafe-3.0.2-cp312-cp312-manylinux_2_17_x86_64.manylinux2014_x86_64.whl.metadata (4.0 kB)
2025-08-24T00:25:45.0922138Z Collecting Mako (from alembic==1.16.4->-r requirements-dev.txt (line 3))
2025-08-24T00:25:45.0933940Z   Using cached mako-1.3.10-py3-none-any.whl.metadata (2.9 kB)
2025-08-24T00:25:45.1089437Z Collecting typing-extensions>=4.12 (from alembic==1.16.4->-r requirements-dev.txt (line 3))
2025-08-24T00:25:45.1100906Z   Using cached typing_extensions-4.14.1-py3-none-any.whl.metadata (3.0 kB)
2025-08-24T00:25:45.1228056Z Collecting six>=1.4.0 (from apscheduler==3.10.4->-r requirements-dev.txt (line 4))
2025-08-24T00:25:45.1239588Z   Using cached six-1.17.0-py2.py3-none-any.whl.metadata (1.7 kB)
2025-08-24T00:25:45.1561242Z Collecting pytz (from apscheduler==3.10.4->-r requirements-dev.txt (line 4))
2025-08-24T00:25:45.1574021Z   Using cached pytz-2025.2-py2.py3-none-any.whl.metadata (22 kB)
2025-08-24T00:25:45.1732719Z Collecting tzlocal!=3.*,>=2.0 (from apscheduler==3.10.4->-r requirements-dev.txt (line 4))
2025-08-24T00:25:45.1744113Z   Using cached tzlocal-5.3.1-py3-none-any.whl.metadata (7.6 kB)
2025-08-24T00:25:45.2026664Z Collecting starlette>=0.18 (from asgi-correlation-id==4.3.1->-r requirements-dev.txt (line 5))
2025-08-24T00:25:45.2038095Z   Using cached starlette-0.47.2-py3-none-any.whl.metadata (6.2 kB)
2025-08-24T00:25:45.2211768Z Collecting click>=8.0.0 (from black==25.1.0->-r requirements-dev.txt (line 7))
2025-08-24T00:25:45.2223531Z   Using cached click-8.2.1-py3-none-any.whl.metadata (2.5 kB)
2025-08-24T00:25:45.2372444Z Collecting packaging>=22.0 (from black==25.1.0->-r requirements-dev.txt (line 7))
2025-08-24T00:25:45.2384123Z   Using cached packaging-25.0-py3-none-any.whl.metadata (3.3 kB)
2025-08-24T00:25:45.2480702Z Collecting pathspec>=0.9.0 (from black==25.1.0->-r requirements-dev.txt (line 7))
2025-08-24T00:25:45.2492143Z   Using cached pathspec-0.12.1-py3-none-any.whl.metadata (21 kB)
2025-08-24T00:25:45.2663063Z Collecting platformdirs>=2 (from black==25.1.0->-r requirements-dev.txt (line 7))
2025-08-24T00:25:45.2674543Z   Using cached platformdirs-4.3.8-py3-none-any.whl.metadata (12 kB)
2025-08-24T00:25:45.2795434Z Collecting toml (from vulture==2.10->-r requirements-dev.txt (line 11))
2025-08-24T00:25:45.2807012Z   Using cached toml-0.10.2-py2.py3-none-any.whl.metadata (7.1 kB)
2025-08-24T00:25:45.2994198Z Collecting billiard<5.0,>=4.2.1 (from celery==5.5.3->-r requirements-dev.txt (line 12))
2025-08-24T00:25:45.3005638Z   Using cached billiard-4.2.1-py3-none-any.whl.metadata (4.4 kB)
2025-08-24T00:25:45.3285832Z Collecting kombu<5.6,>=5.5.2 (from celery==5.5.3->-r requirements-dev.txt (line 12))
2025-08-24T00:25:45.3297530Z   Using cached kombu-5.5.4-py3-none-any.whl.metadata (3.5 kB)
2025-08-24T00:25:45.3883013Z Collecting vine<6.0,>=5.1.0 (from celery==5.5.3->-r requirements-dev.txt (line 12))
2025-08-24T00:25:45.3894546Z   Using cached vine-5.1.0-py3-none-any.whl.metadata (2.7 kB)
2025-08-24T00:25:45.4021863Z Collecting click-didyoumean>=0.3.0 (from celery==5.5.3->-r requirements-dev.txt (line 12))
2025-08-24T00:25:45.4033464Z   Using cached click_didyoumean-0.3.1-py3-none-any.whl.metadata (3.9 kB)
2025-08-24T00:25:45.4121646Z Collecting click-repl>=0.2.0 (from celery==5.5.3->-r requirements-dev.txt (line 12))
2025-08-24T00:25:45.4133353Z   Using cached click_repl-0.3.0-py3-none-any.whl.metadata (3.6 kB)
2025-08-24T00:25:45.4238738Z Collecting click-plugins>=1.1.1 (from celery==5.5.3->-r requirements-dev.txt (line 12))
2025-08-24T00:25:45.4250364Z   Using cached click_plugins-1.1.1.2-py2.py3-none-any.whl.metadata (6.5 kB)
2025-08-24T00:25:45.4363835Z Collecting python-dateutil>=2.8.2 (from celery==5.5.3->-r requirements-dev.txt (line 12))
2025-08-24T00:25:45.4375477Z   Using cached python_dateutil-2.9.0.post0-py2.py3-none-any.whl.metadata (8.4 kB)
2025-08-24T00:25:45.4698276Z Collecting annotated-types>=0.6.0 (from pydantic==2.11.7->-r requirements-dev.txt (line 26))
2025-08-24T00:25:45.4709937Z   Using cached annotated_types-0.7.0-py3-none-any.whl.metadata (15 kB)
2025-08-24T00:25:46.1279200Z Collecting pydantic-core==2.33.2 (from pydantic==2.11.7->-r requirements-dev.txt (line 26))
2025-08-24T00:25:46.1293137Z   Using cached pydantic_core-2.33.2-cp312-cp312-manylinux_2_17_x86_64.manylinux2014_x86_64.whl.metadata (6.8 kB)
2025-08-24T00:25:46.1417034Z Collecting typing-inspection>=0.4.0 (from pydantic==2.11.7->-r requirements-dev.txt (line 26))
2025-08-24T00:25:46.1428705Z   Using cached typing_inspection-0.4.1-py3-none-any.whl.metadata (2.6 kB)
2025-08-24T00:25:46.1681055Z Collecting et-xmlfile (from openpyxl==3.1.5->-r requirements-dev.txt (line 22))
2025-08-24T00:25:46.1725745Z   Using cached et_xmlfile-2.0.0-py3-none-any.whl.metadata (2.7 kB)
2025-08-24T00:25:46.2085754Z Collecting pytest<9,>=8.2 (from pytest-asyncio==1.1.0->-r requirements-dev.txt (line 28))
2025-08-24T00:25:46.2097294Z   Using cached pytest-8.4.1-py3-none-any.whl.metadata (7.7 kB)
2025-08-24T00:25:46.5245223Z Collecting coverage>=7.5 (from coverage[toml]>=7.5->pytest-cov==6.2.1->-r requirements-dev.txt (line 29))
2025-08-24T00:25:46.5292782Z   Downloading coverage-7.10.5-cp312-cp312-manylinux1_x86_64.manylinux_2_28_x86_64.manylinux_2_5_x86_64.whl.metadata (8.9 kB)
2025-08-24T00:25:46.5444106Z Collecting pluggy>=1.2 (from pytest-cov==6.2.1->-r requirements-dev.txt (line 29))
2025-08-24T00:25:46.5455050Z   Using cached pluggy-1.6.0-py3-none-any.whl.metadata (4.8 kB)
2025-08-24T00:25:46.5668094Z Collecting port-for>=0.7.3 (from pytest-postgresql==7.0.2->-r requirements-dev.txt (line 30))
2025-08-24T00:25:46.5678729Z   Using cached port_for-0.7.4-py3-none-any.whl.metadata (7.1 kB)
2025-08-24T00:25:46.5816084Z Collecting mirakuru>=2.6.0 (from pytest-postgresql==7.0.2->-r requirements-dev.txt (line 30))
2025-08-24T00:25:46.5830574Z   Using cached mirakuru-2.6.1-py3-none-any.whl.metadata (10 kB)
2025-08-24T00:25:46.6649014Z Collecting charset_normalizer<4,>=2 (from requests==2.32.4->-r requirements-dev.txt (line 34))
2025-08-24T00:25:46.6660992Z   Using cached charset_normalizer-3.4.3-cp312-cp312-manylinux2014_x86_64.manylinux_2_17_x86_64.manylinux_2_28_x86_64.whl.metadata (36 kB)
2025-08-24T00:25:46.6809504Z Collecting idna<4,>=2.5 (from requests==2.32.4->-r requirements-dev.txt (line 34))
2025-08-24T00:25:46.6820219Z   Using cached idna-3.10-py3-none-any.whl.metadata (10 kB)
2025-08-24T00:25:46.7092973Z Collecting urllib3<3,>=1.21.1 (from requests==2.32.4->-r requirements-dev.txt (line 34))
2025-08-24T00:25:46.7103934Z   Using cached urllib3-2.5.0-py3-none-any.whl.metadata (6.5 kB)
2025-08-24T00:25:46.7299649Z Collecting certifi>=2017.4.17 (from requests==2.32.4->-r requirements-dev.txt (line 34))
2025-08-24T00:25:46.7310571Z   Using cached certifi-2025.8.3-py3-none-any.whl.metadata (2.4 kB)
2025-08-24T00:25:46.9278496Z Collecting greenlet>=1 (from sqlalchemy==2.0.43->-r requirements-dev.txt (line 37))
2025-08-24T00:25:46.9293098Z   Using cached greenlet-3.2.4-cp312-cp312-manylinux_2_24_x86_64.manylinux_2_28_x86_64.whl.metadata (4.1 kB)
2025-08-24T00:25:46.9517133Z Collecting docker (from testcontainers==4.12.0->testcontainers[postgres]==4.12.0->-r requirements-dev.txt (line 39))
2025-08-24T00:25:46.9528428Z   Using cached docker-7.1.0-py3-none-any.whl.metadata (3.8 kB)
2025-08-24T00:25:47.0478256Z Collecting wrapt (from testcontainers==4.12.0->testcontainers[postgres]==4.12.0->-r requirements-dev.txt (line 39))
2025-08-24T00:25:47.0489723Z   Using cached wrapt-1.17.3-cp312-cp312-manylinux1_x86_64.manylinux_2_28_x86_64.manylinux_2_5_x86_64.whl.metadata (6.4 kB)
2025-08-24T00:25:47.0748498Z Collecting docspec==2.2.1 (from docspec-python==2.2.2->-r requirements-dev.txt (line 41))
2025-08-24T00:25:47.0759274Z   Using cached docspec-2.2.1-py3-none-any.whl.metadata (1.5 kB)
2025-08-24T00:25:47.0925826Z Collecting nr-util>=0.8.12 (from docspec-python==2.2.2->-r requirements-dev.txt (line 41))
2025-08-24T00:25:47.0936780Z   Using cached nr.util-0.8.12-py3-none-any.whl.metadata (813 bytes)
2025-08-24T00:25:47.1286417Z Collecting PyYAML<7.0,>=5.0 (from pydoc-markdown==4.8.2->-r requirements-dev.txt (line 42))
2025-08-24T00:25:47.1297795Z   Using cached PyYAML-6.0.2-cp312-cp312-manylinux_2_17_x86_64.manylinux2014_x86_64.whl.metadata (2.1 kB)
2025-08-24T00:25:47.1565353Z Collecting databind.core<5.0.0,>=4.4.0 (from pydoc-markdown==4.8.2->-r requirements-dev.txt (line 42))
2025-08-24T00:25:47.1576195Z   Using cached databind.core-4.5.2-py3-none-any.whl.metadata (1.1 kB)
2025-08-24T00:25:47.1804181Z Collecting databind.json<5.0.0,>=4.4.0 (from pydoc-markdown==4.8.2->-r requirements-dev.txt (line 42))
2025-08-24T00:25:47.1815589Z   Using cached databind.json-4.5.2-py3-none-any.whl.metadata (1.1 kB)
2025-08-24T00:25:47.1969383Z Collecting docstring-parser<0.12,>=0.11 (from pydoc-markdown==4.8.2->-r requirements-dev.txt (line 42))
2025-08-24T00:25:47.1970889Z   Using cached docstring_parser-0.11-py3-none-any.whl
2025-08-24T00:25:47.2295709Z Collecting tomli<3.0.0,>=2.0.0 (from pydoc-markdown==4.8.2->-r requirements-dev.txt (line 42))
2025-08-24T00:25:47.2307621Z   Using cached tomli-2.2.1-cp312-cp312-manylinux_2_17_x86_64.manylinux2014_x86_64.whl.metadata (11 kB)
2025-08-24T00:25:47.2418023Z Collecting tomli_w<2.0.0,>=1.0.0 (from pydoc-markdown==4.8.2->-r requirements-dev.txt (line 42))
2025-08-24T00:25:47.2429341Z   Using cached tomli_w-1.2.0-py3-none-any.whl.metadata (5.7 kB)
2025-08-24T00:25:47.2896320Z Collecting watchdog (from pydoc-markdown==4.8.2->-r requirements-dev.txt (line 42))
2025-08-24T00:25:47.2909652Z   Using cached watchdog-6.0.0-py3-none-manylinux2014_x86_64.whl.metadata (44 kB)
2025-08-24T00:25:47.3133163Z Collecting yapf>=0.30.0 (from pydoc-markdown==4.8.2->-r requirements-dev.txt (line 42))
2025-08-24T00:25:47.3144791Z   Using cached yapf-0.43.0-py3-none-any.whl.metadata (46 kB)
2025-08-24T00:25:47.3327861Z Collecting Deprecated<2.0.0,>=1.2.12 (from docspec==2.2.1->docspec-python==2.2.2->-r requirements-dev.txt (line 41))
2025-08-24T00:25:47.3339634Z   Using cached Deprecated-1.2.18-py2.py3-none-any.whl.metadata (5.7 kB)
2025-08-24T00:25:47.4869051Z Collecting psycopg-binary==3.2.9 (from psycopg[binary]==3.2.9->-r requirements-dev.txt (line 25))
2025-08-24T00:25:47.4882146Z   Using cached psycopg_binary-3.2.9-cp312-cp312-manylinux_2_17_x86_64.manylinux2014_x86_64.whl.metadata (2.9 kB)
2025-08-24T00:25:47.5191464Z Collecting argon2-cffi (from minio==7.*->-r requirements-dev.txt (line 10))
2025-08-24T00:25:47.5203164Z   Using cached argon2_cffi-25.1.0-py3-none-any.whl.metadata (4.1 kB)
2025-08-24T00:25:47.5990410Z Collecting pycryptodome (from minio==7.*->-r requirements-dev.txt (line 10))
2025-08-24T00:25:47.6006556Z   Using cached pycryptodome-3.23.0-cp37-abi3-manylinux_2_17_x86_64.manylinux2014_x86_64.whl.metadata (3.4 kB)
2025-08-24T00:25:47.6198900Z Collecting anyio (from httpx<0.29,>=0.27->-r requirements-dev.txt (line 16))
2025-08-24T00:25:47.6210560Z   Using cached anyio-4.10.0-py3-none-any.whl.metadata (4.0 kB)
2025-08-24T00:25:47.6386157Z Collecting httpcore==1.* (from httpx<0.29,>=0.27->-r requirements-dev.txt (line 16))
2025-08-24T00:25:47.6397873Z   Using cached httpcore-1.0.9-py3-none-any.whl.metadata (21 kB)
2025-08-24T00:25:47.6707230Z Collecting tzdata>=2022.7 (from pandas==2.2.*->-r requirements-dev.txt (line 23))
2025-08-24T00:25:47.6718074Z   Using cached tzdata-2025.2-py2.py3-none-any.whl.metadata (1.4 kB)
2025-08-24T00:25:47.6885345Z Collecting multimethod<=1.10.0 (from pandera==0.19.*->-r requirements-dev.txt (line 43))
2025-08-24T00:25:47.6896111Z   Using cached multimethod-1.10-py3-none-any.whl.metadata (8.2 kB)
2025-08-24T00:25:47.7280766Z Collecting typeguard (from pandera==0.19.*->-r requirements-dev.txt (line 43))
2025-08-24T00:25:47.7291745Z   Using cached typeguard-4.4.4-py3-none-any.whl.metadata (3.3 kB)
2025-08-24T00:25:47.7402998Z Collecting typing-inspect>=0.6.0 (from pandera==0.19.*->-r requirements-dev.txt (line 43))
2025-08-24T00:25:47.7414140Z   Using cached typing_inspect-0.9.0-py3-none-any.whl.metadata (1.5 kB)
2025-08-24T00:25:47.7813198Z Collecting databind<5.0.0,>=4.5.2 (from databind.core<5.0.0,>=4.4.0->pydoc-markdown==4.8.2->-r requirements-dev.txt (line 42))
2025-08-24T00:25:47.7824329Z   Using cached databind-4.5.2-py3-none-any.whl.metadata (4.3 kB)
2025-08-24T00:25:47.7940239Z Collecting nr-date<3.0.0,>=2.0.0 (from databind<5.0.0,>=4.5.2->databind.core<5.0.0,>=4.4.0->pydoc-markdown==4.8.2->-r requirements-dev.txt (line 42))
2025-08-24T00:25:47.7951327Z   Using cached nr_date-2.1.0-py3-none-any.whl.metadata (746 bytes)
2025-08-24T00:25:47.8066927Z Collecting nr-stream<2.0.0,>=1.0.0 (from databind<5.0.0,>=4.5.2->databind.core<5.0.0,>=4.4.0->pydoc-markdown==4.8.2->-r requirements-dev.txt (line 42))
2025-08-24T00:25:47.8078286Z   Using cached nr_stream-1.1.5-py3-none-any.whl.metadata (3.6 kB)
2025-08-24T00:25:47.8241474Z Collecting typeapi<3,>=2.0.1 (from databind<5.0.0,>=4.5.2->databind.core<5.0.0,>=4.4.0->pydoc-markdown==4.8.2->-r requirements-dev.txt (line 42))
2025-08-24T00:25:47.8252898Z   Using cached typeapi-2.2.4-py3-none-any.whl.metadata (1.5 kB)
2025-08-24T00:25:47.8533014Z Collecting h11>=0.16 (from httpcore==1.*->httpx<0.29,>=0.27->-r requirements-dev.txt (line 16))
2025-08-24T00:25:47.8544516Z   Using cached h11-0.16.0-py3-none-any.whl.metadata (8.3 kB)
2025-08-24T00:25:47.8760477Z Collecting amqp<6.0.0,>=5.1.1 (from kombu<5.6,>=5.5.2->celery==5.5.3->-r requirements-dev.txt (line 12))
2025-08-24T00:25:47.8771416Z   Using cached amqp-5.3.1-py3-none-any.whl.metadata (8.9 kB)
2025-08-24T00:25:47.9143534Z Collecting iniconfig>=1 (from pytest<9,>=8.2->pytest-asyncio==1.1.0->-r requirements-dev.txt (line 28))
2025-08-24T00:25:47.9154378Z   Using cached iniconfig-2.1.0-py3-none-any.whl.metadata (2.7 kB)
2025-08-24T00:25:47.9367443Z Collecting pygments>=2.7.2 (from pytest<9,>=8.2->pytest-asyncio==1.1.0->-r requirements-dev.txt (line 28))
2025-08-24T00:25:47.9378407Z   Using cached pygments-2.19.2-py3-none-any.whl.metadata (2.5 kB)
2025-08-24T00:25:47.9690806Z Collecting sniffio>=1.1 (from anyio->httpx<0.29,>=0.27->-r requirements-dev.txt (line 16))
2025-08-24T00:25:47.9701974Z   Using cached sniffio-1.3.1-py3-none-any.whl.metadata (3.9 kB)
2025-08-24T00:25:48.3852944Z Collecting botocore<1.41.0,>=1.40.16 (from boto3->-r requirements-dev.txt (line 8))
2025-08-24T00:25:48.3895834Z   Downloading botocore-1.40.16-py3-none-any.whl.metadata (5.7 kB)
2025-08-24T00:25:48.4055729Z Collecting jmespath<2.0.0,>=0.7.1 (from boto3->-r requirements-dev.txt (line 8))
2025-08-24T00:25:48.4068338Z   Using cached jmespath-1.0.1-py3-none-any.whl.metadata (7.6 kB)
2025-08-24T00:25:48.4245633Z Collecting s3transfer<0.14.0,>=0.13.0 (from boto3->-r requirements-dev.txt (line 8))
2025-08-24T00:25:48.4257350Z   Using cached s3transfer-0.13.1-py3-none-any.whl.metadata (1.7 kB)
2025-08-24T00:25:48.5695782Z Collecting fastapi-cli>=0.0.8 (from fastapi-cli[standard]>=0.0.8; extra == "all"->fastapi[all]->-r requirements-dev.txt (line 14))
2025-08-24T00:25:48.5707083Z   Using cached fastapi_cli-0.0.8-py3-none-any.whl.metadata (6.3 kB)
2025-08-24T00:25:48.6479736Z Collecting ujson!=4.0.2,!=4.1.0,!=4.2.0,!=4.3.0,!=5.0.0,!=5.1.0,>=4.0.1 (from fastapi[all]->-r requirements-dev.txt (line 14))
2025-08-24T00:25:48.6491716Z   Using cached ujson-5.11.0-cp312-cp312-manylinux_2_24_x86_64.manylinux_2_28_x86_64.whl.metadata (9.4 kB)
2025-08-24T00:25:48.8791137Z Collecting orjson>=3.2.1 (from fastapi[all]->-r requirements-dev.txt (line 14))
2025-08-24T00:25:48.8804976Z   Using cached orjson-3.11.2-cp312-cp312-manylinux_2_17_x86_64.manylinux2014_x86_64.whl.metadata (1.2 kB)
2025-08-24T00:25:48.8958331Z Collecting email-validator>=2.0.0 (from fastapi[all]->-r requirements-dev.txt (line 14))
2025-08-24T00:25:48.8970760Z   Using cached email_validator-2.2.0-py3-none-any.whl.metadata (25 kB)
2025-08-24T00:25:48.9290435Z Collecting uvicorn>=0.12.0 (from uvicorn[standard]>=0.12.0; extra == "all"->fastapi[all]->-r requirements-dev.txt (line 14))
2025-08-24T00:25:48.9301837Z   Using cached uvicorn-0.35.0-py3-none-any.whl.metadata (6.5 kB)
2025-08-24T00:25:48.9475288Z Collecting pydantic-settings>=2.0.0 (from fastapi[all]->-r requirements-dev.txt (line 14))
2025-08-24T00:25:48.9487118Z   Using cached pydantic_settings-2.10.1-py3-none-any.whl.metadata (3.4 kB)
2025-08-24T00:25:48.9605764Z Collecting pydantic-extra-types>=2.0.0 (from fastapi[all]->-r requirements-dev.txt (line 14))
2025-08-24T00:25:48.9617324Z   Using cached pydantic_extra_types-2.10.5-py3-none-any.whl.metadata (3.9 kB)
2025-08-24T00:25:49.0248697Z Collecting prompt-toolkit>=3.0.36 (from click-repl>=0.2.0->celery==5.5.3->-r requirements-dev.txt (line 12))
2025-08-24T00:25:49.0260485Z   Using cached prompt_toolkit-3.0.51-py3-none-any.whl.metadata (6.4 kB)
2025-08-24T00:25:49.0440685Z Collecting dnspython>=2.0.0 (from email-validator>=2.0.0->fastapi[all]->-r requirements-dev.txt (line 14))
2025-08-24T00:25:49.0452107Z   Using cached dnspython-2.7.0-py3-none-any.whl.metadata (5.8 kB)
2025-08-24T00:25:49.0725902Z Collecting typer>=0.15.1 (from fastapi-cli>=0.0.8->fastapi-cli[standard]>=0.0.8; extra == "all"->fastapi[all]->-r requirements-dev.txt (line 14))
2025-08-24T00:25:49.0738028Z   Using cached typer-0.16.1-py3-none-any.whl.metadata (15 kB)
2025-08-24T00:25:49.1009679Z Collecting rich-toolkit>=0.14.8 (from fastapi-cli>=0.0.8->fastapi-cli[standard]>=0.0.8; extra == "all"->fastapi[all]->-r requirements-dev.txt (line 14))
2025-08-24T00:25:49.1020858Z   Using cached rich_toolkit-0.15.0-py3-none-any.whl.metadata (1.0 kB)
2025-08-24T00:25:49.1144216Z Collecting fastapi-cloud-cli>=0.1.1 (from fastapi-cli[standard]>=0.0.8; extra == "all"->fastapi[all]->-r requirements-dev.txt (line 14))
2025-08-24T00:25:49.1155559Z   Using cached fastapi_cloud_cli-0.1.5-py3-none-any.whl.metadata (3.2 kB)
2025-08-24T00:25:49.1862006Z Collecting rignore>=0.5.1 (from fastapi-cloud-cli>=0.1.1->fastapi-cli[standard]>=0.0.8; extra == "all"->fastapi[all]->-r requirements-dev.txt (line 14))
2025-08-24T00:25:49.1873862Z   Using cached rignore-0.6.4-cp312-cp312-manylinux_2_17_x86_64.manylinux2014_x86_64.whl.metadata (3.8 kB)
2025-08-24T00:25:49.2481777Z Collecting sentry-sdk>=2.20.0 (from fastapi-cloud-cli>=0.1.1->fastapi-cli[standard]>=0.0.8; extra == "all"->fastapi[all]->-r requirements-dev.txt (line 14))
2025-08-24T00:25:49.2493458Z   Using cached sentry_sdk-2.35.0-py2.py3-none-any.whl.metadata (10 kB)
2025-08-24T00:25:49.3401081Z Collecting psutil>=4.0.0 (from mirakuru>=2.6.0->pytest-postgresql==7.0.2->-r requirements-dev.txt (line 30))
2025-08-24T00:25:49.3413648Z   Using cached psutil-7.0.0-cp36-abi3-manylinux_2_12_x86_64.manylinux2010_x86_64.manylinux_2_17_x86_64.manylinux2014_x86_64.whl.metadata (22 kB)
2025-08-24T00:25:49.3730296Z Collecting wcwidth (from prompt-toolkit>=3.0.36->click-repl>=0.2.0->celery==5.5.3->-r requirements-dev.txt (line 12))
2025-08-24T00:25:49.3741413Z   Using cached wcwidth-0.2.13-py2.py3-none-any.whl.metadata (14 kB)
2025-08-24T00:25:49.4529119Z Collecting rich>=13.7.1 (from rich-toolkit>=0.14.8->fastapi-cli>=0.0.8->fastapi-cli[standard]>=0.0.8; extra == "all"->fastapi[all]->-r requirements-dev.txt (line 14))
2025-08-24T00:25:49.4540718Z   Using cached rich-14.1.0-py3-none-any.whl.metadata (18 kB)
2025-08-24T00:25:49.4716286Z Collecting markdown-it-py>=2.2.0 (from rich>=13.7.1->rich-toolkit>=0.14.8->fastapi-cli>=0.0.8->fastapi-cli[standard]>=0.0.8; extra == "all"->fastapi[all]->-r requirements-dev.txt (line 14))
2025-08-24T00:25:49.4727479Z   Using cached markdown_it_py-4.0.0-py3-none-any.whl.metadata (7.3 kB)
2025-08-24T00:25:49.4931241Z Collecting mdurl~=0.1 (from markdown-it-py>=2.2.0->rich>=13.7.1->rich-toolkit>=0.14.8->fastapi-cli>=0.0.8->fastapi-cli[standard]>=0.0.8; extra == "all"->fastapi[all]->-r requirements-dev.txt (line 14))
2025-08-24T00:25:49.4943411Z   Using cached mdurl-0.1.2-py3-none-any.whl.metadata (1.6 kB)
2025-08-24T00:25:49.5434090Z Collecting shellingham>=1.3.0 (from typer>=0.15.1->fastapi-cli>=0.0.8->fastapi-cli[standard]>=0.0.8; extra == "all"->fastapi[all]->-r requirements-dev.txt (line 14))
2025-08-24T00:25:49.5445538Z   Using cached shellingham-1.5.4-py2.py3-none-any.whl.metadata (3.5 kB)
2025-08-24T00:25:49.6145755Z Collecting httptools>=0.6.3 (from uvicorn[standard]>=0.12.0; extra == "all"->fastapi[all]->-r requirements-dev.txt (line 14))
2025-08-24T00:25:49.6157308Z   Using cached httptools-0.6.4-cp312-cp312-manylinux_2_5_x86_64.manylinux1_x86_64.manylinux_2_17_x86_64.manylinux2014_x86_64.whl.metadata (3.6 kB)
2025-08-24T00:25:49.6564601Z Collecting uvloop>=0.15.1 (from uvicorn[standard]>=0.12.0; extra == "all"->fastapi[all]->-r requirements-dev.txt (line 14))
2025-08-24T00:25:49.6575525Z   Using cached uvloop-0.21.0-cp312-cp312-manylinux_2_17_x86_64.manylinux2014_x86_64.whl.metadata (4.9 kB)
2025-08-24T00:25:49.7255089Z Collecting watchfiles>=0.13 (from uvicorn[standard]>=0.12.0; extra == "all"->fastapi[all]->-r requirements-dev.txt (line 14))
2025-08-24T00:25:49.7266276Z   Using cached watchfiles-1.1.0-cp312-cp312-manylinux_2_17_x86_64.manylinux2014_x86_64.whl.metadata (4.9 kB)
2025-08-24T00:25:49.8096934Z Collecting websockets>=10.4 (from uvicorn[standard]>=0.12.0; extra == "all"->fastapi[all]->-r requirements-dev.txt (line 14))
2025-08-24T00:25:49.8108404Z   Using cached websockets-15.0.1-cp312-cp312-manylinux_2_5_x86_64.manylinux1_x86_64.manylinux_2_17_x86_64.manylinux2014_x86_64.whl.metadata (6.8 kB)
2025-08-24T00:25:49.9641710Z Collecting argon2-cffi-bindings (from argon2-cffi->minio==7.*->-r requirements-dev.txt (line 10))
2025-08-24T00:25:49.9653484Z   Using cached argon2_cffi_bindings-25.1.0-cp39-abi3-manylinux_2_26_x86_64.manylinux_2_28_x86_64.whl.metadata (7.4 kB)
2025-08-24T00:25:50.0656979Z Collecting cffi>=1.0.1 (from argon2-cffi-bindings->argon2-cffi->minio==7.*->-r requirements-dev.txt (line 10))
2025-08-24T00:25:50.0668580Z   Using cached cffi-1.17.1-cp312-cp312-manylinux_2_17_x86_64.manylinux2014_x86_64.whl.metadata (1.5 kB)
2025-08-24T00:25:50.0778873Z Collecting pycparser (from cffi>=1.0.1->argon2-cffi-bindings->argon2-cffi->minio==7.*->-r requirements-dev.txt (line 10))
2025-08-24T00:25:50.0789746Z   Using cached pycparser-2.22-py3-none-any.whl.metadata (943 bytes)
2025-08-24T00:25:50.1426003Z Using cached jinja2-3.1.6-py3-none-any.whl (134 kB)
2025-08-24T00:25:50.1438423Z Using cached alembic-1.16.4-py3-none-any.whl (247 kB)
2025-08-24T00:25:50.1450467Z Using cached APScheduler-3.10.4-py3-none-any.whl (59 kB)
2025-08-24T00:25:50.1461567Z Using cached asgi_correlation_id-4.3.1-py3-none-any.whl (15 kB)
2025-08-24T00:25:50.1473171Z Using cached asyncpg-0.30.0-cp312-cp312-manylinux_2_17_x86_64.manylinux2014_x86_64.whl (3.6 MB)
2025-08-24T00:25:50.1509536Z Using cached black-25.1.0-cp312-cp312-manylinux_2_17_x86_64.manylinux2014_x86_64.manylinux_2_28_x86_64.whl (1.8 MB)
2025-08-24T00:25:50.1532448Z Using cached vulture-2.10-py2.py3-none-any.whl (27 kB)
2025-08-24T00:25:50.1543269Z Using cached celery-5.5.3-py3-none-any.whl (438 kB)
2025-08-24T00:25:50.1556953Z Using cached fastapi-0.116.1-py3-none-any.whl (95 kB)
2025-08-24T00:25:50.1568638Z Using cached pydantic-2.11.7-py3-none-any.whl (444 kB)
2025-08-24T00:25:50.1582374Z Using cached fastapi_limiter-0.1.6-py3-none-any.whl (15 kB)
2025-08-24T00:25:50.1593152Z Using cached IMAPClient-3.0.1-py2.py3-none-any.whl (182 kB)
2025-08-24T00:25:50.1605220Z Using cached mypy_extensions-1.1.0-py3-none-any.whl (5.0 kB)
2025-08-24T00:25:50.1616054Z Using cached openpyxl-3.1.5-py2.py3-none-any.whl (250 kB)
2025-08-24T00:25:50.1628812Z Using cached psycopg2_binary-2.9.10-cp312-cp312-manylinux_2_17_x86_64.manylinux2014_x86_64.whl (3.0 MB)
2025-08-24T00:25:50.1661921Z Using cached psycopg-3.2.9-py3-none-any.whl (202 kB)
2025-08-24T00:25:50.1674248Z Using cached pytest_asyncio-1.1.0-py3-none-any.whl (15 kB)
2025-08-24T00:25:50.1684986Z Using cached pytest_cov-6.2.1-py3-none-any.whl (24 kB)
2025-08-24T00:25:50.1696761Z Using cached pytest_postgresql-7.0.2-py3-none-any.whl (41 kB)
2025-08-24T00:25:50.1708077Z Using cached python_telegram_bot-22.3-py3-none-any.whl (717 kB)
2025-08-24T00:25:50.1724280Z Using cached requests-2.32.4-py3-none-any.whl (64 kB)
2025-08-24T00:25:50.1735749Z Using cached respx-0.22.0-py2.py3-none-any.whl (25 kB)
2025-08-24T00:25:50.1747374Z Using cached ruff-0.9.9-py3-none-manylinux_2_17_x86_64.manylinux2014_x86_64.whl (11.2 MB)
2025-08-24T00:25:50.1836759Z Using cached sqlalchemy-2.0.43-cp312-cp312-manylinux_2_17_x86_64.manylinux2014_x86_64.whl (3.3 MB)
2025-08-24T00:25:50.1871129Z Using cached structlog-24.1.0-py3-none-any.whl (65 kB)
2025-08-24T00:25:50.1882904Z Using cached testcontainers-4.12.0-py3-none-any.whl (111 kB)
2025-08-24T00:25:50.1894859Z Using cached types_requests-2.32.4.20250809-py3-none-any.whl (20 kB)
2025-08-24T00:25:50.1906052Z Using cached docspec_python-2.2.2-py3-none-any.whl (15 kB)
2025-08-24T00:25:50.1917383Z Using cached pydoc_markdown-4.8.2-py3-none-any.whl (67 kB)
2025-08-24T00:25:50.1928682Z Using cached docspec-2.2.1-py3-none-any.whl (9.8 kB)
2025-08-24T00:25:50.1940152Z Using cached psycopg_binary-3.2.9-cp312-cp312-manylinux_2_17_x86_64.manylinux2014_x86_64.whl (4.4 MB)
2025-08-24T00:25:50.1982030Z Using cached pydantic_core-2.33.2-cp312-cp312-manylinux_2_17_x86_64.manylinux2014_x86_64.whl (2.0 MB)
2025-08-24T00:25:50.2007074Z Using cached redis-6.4.0-py3-none-any.whl (279 kB)
2025-08-24T00:25:50.2020010Z Using cached minio-7.2.16-py3-none-any.whl (95 kB)
2025-08-24T00:25:50.2031733Z Using cached httpx-0.28.1-py3-none-any.whl (73 kB)
2025-08-24T00:25:50.2044435Z Using cached mypy-1.17.1-cp312-cp312-manylinux2014_x86_64.manylinux_2_17_x86_64.manylinux_2_28_x86_64.whl (12.7 MB)
2025-08-24T00:25:50.2143836Z Using cached numpy-1.26.4-cp312-cp312-manylinux_2_17_x86_64.manylinux2014_x86_64.whl (18.0 MB)
2025-08-24T00:25:50.2278970Z Using cached pandas-2.2.3-cp312-cp312-manylinux_2_17_x86_64.manylinux2014_x86_64.whl (12.7 MB)
2025-08-24T00:25:50.2379412Z Using cached pandera-0.19.3-py3-none-any.whl (251 kB)
2025-08-24T00:25:50.2392119Z Using cached billiard-4.2.1-py3-none-any.whl (86 kB)
2025-08-24T00:25:50.2404633Z Using cached charset_normalizer-3.4.3-cp312-cp312-manylinux2014_x86_64.manylinux_2_17_x86_64.manylinux_2_28_x86_64.whl (151 kB)
2025-08-24T00:25:50.2416486Z Using cached click-8.2.1-py3-none-any.whl (102 kB)
2025-08-24T00:25:50.2428330Z Using cached databind.core-4.5.2-py3-none-any.whl (1.5 kB)
2025-08-24T00:25:50.2439618Z Using cached databind-4.5.2-py3-none-any.whl (49 kB)
2025-08-24T00:25:50.2450883Z Using cached databind.json-4.5.2-py3-none-any.whl (1.5 kB)
2025-08-24T00:25:50.2462108Z Using cached Deprecated-1.2.18-py2.py3-none-any.whl (10.0 kB)
2025-08-24T00:25:50.2473783Z Using cached httpcore-1.0.9-py3-none-any.whl (78 kB)
2025-08-24T00:25:50.2485286Z Using cached idna-3.10-py3-none-any.whl (70 kB)
2025-08-24T00:25:50.2496713Z Using cached kombu-5.5.4-py3-none-any.whl (210 kB)
2025-08-24T00:25:50.2509038Z Using cached vine-5.1.0-py3-none-any.whl (9.6 kB)
2025-08-24T00:25:50.2520095Z Using cached amqp-5.3.1-py3-none-any.whl (50 kB)
2025-08-24T00:25:50.2531252Z Using cached multimethod-1.10-py3-none-any.whl (9.9 kB)
2025-08-24T00:25:50.2542394Z Using cached nr_date-2.1.0-py3-none-any.whl (10 kB)
2025-08-24T00:25:50.2553672Z Using cached nr_stream-1.1.5-py3-none-any.whl (10 kB)
2025-08-24T00:25:50.2564801Z Using cached nr.util-0.8.12-py3-none-any.whl (90 kB)
2025-08-24T00:25:50.2576548Z Using cached pytest-8.4.1-py3-none-any.whl (365 kB)
2025-08-24T00:25:50.2590091Z Using cached pluggy-1.6.0-py3-none-any.whl (20 kB)
2025-08-24T00:25:50.2601593Z Using cached PyYAML-6.0.2-cp312-cp312-manylinux_2_17_x86_64.manylinux2014_x86_64.whl (767 kB)
2025-08-24T00:25:50.2618107Z Using cached starlette-0.47.2-py3-none-any.whl (72 kB)
2025-08-24T00:25:50.2629606Z Using cached anyio-4.10.0-py3-none-any.whl (107 kB)
2025-08-24T00:25:50.2641634Z Using cached tomli-2.2.1-cp312-cp312-manylinux_2_17_x86_64.manylinux2014_x86_64.whl (242 kB)
2025-08-24T00:25:50.2654379Z Using cached tomli_w-1.2.0-py3-none-any.whl (6.7 kB)
2025-08-24T00:25:50.2665522Z Using cached typeapi-2.2.4-py3-none-any.whl (26 kB)
2025-08-24T00:25:50.2676774Z Using cached typing_extensions-4.14.1-py3-none-any.whl (43 kB)
2025-08-24T00:25:50.2688154Z Using cached urllib3-2.5.0-py3-none-any.whl (129 kB)
2025-08-24T00:25:50.2700451Z Using cached wrapt-1.17.3-cp312-cp312-manylinux1_x86_64.manylinux_2_28_x86_64.manylinux_2_5_x86_64.whl (88 kB)
2025-08-24T00:25:50.2733940Z Downloading boto3-1.40.16-py3-none-any.whl (140 kB)
2025-08-24T00:25:50.2930091Z Downloading botocore-1.40.16-py3-none-any.whl (14.0 MB)
2025-08-24T00:25:50.3608604Z    ━━━━━━━━━━━━━━━━━━━━━━━━━━━━━━━━━━━━━━━━ 14.0/14.0 MB 216.1 MB/s  0:00:00
2025-08-24T00:25:50.3621534Z Using cached jmespath-1.0.1-py3-none-any.whl (20 kB)
2025-08-24T00:25:50.3633528Z Using cached python_dateutil-2.9.0.post0-py2.py3-none-any.whl (229 kB)
2025-08-24T00:25:50.3646338Z Using cached s3transfer-0.13.1-py3-none-any.whl (85 kB)
2025-08-24T00:25:50.3658116Z Using cached itsdangerous-2.2.0-py3-none-any.whl (16 kB)
2025-08-24T00:25:50.3669532Z Using cached setuptools-80.9.0-py3-none-any.whl (1.2 MB)
2025-08-24T00:25:50.3689221Z Using cached python_dotenv-1.1.1-py3-none-any.whl (20 kB)
2025-08-24T00:25:50.3700698Z Using cached python_multipart-0.0.20-py3-none-any.whl (24 kB)
2025-08-24T00:25:50.3712061Z Using cached annotated_types-0.7.0-py3-none-any.whl (13 kB)
2025-08-24T00:25:50.3723574Z Using cached certifi-2025.8.3-py3-none-any.whl (161 kB)
2025-08-24T00:25:50.3735719Z Using cached click_didyoumean-0.3.1-py3-none-any.whl (3.6 kB)
2025-08-24T00:25:50.3747551Z Using cached click_plugins-1.1.1.2-py2.py3-none-any.whl (11 kB)
2025-08-24T00:25:50.3758781Z Using cached click_repl-0.3.0-py3-none-any.whl (10 kB)
2025-08-24T00:25:50.3813064Z Downloading coverage-7.10.5-cp312-cp312-manylinux1_x86_64.manylinux_2_28_x86_64.manylinux_2_5_x86_64.whl (251 kB)
2025-08-24T00:25:50.3893706Z Using cached email_validator-2.2.0-py3-none-any.whl (33 kB)
2025-08-24T00:25:50.3905101Z Using cached dnspython-2.7.0-py3-none-any.whl (313 kB)
2025-08-24T00:25:50.3918503Z Using cached fastapi_cli-0.0.8-py3-none-any.whl (10 kB)
2025-08-24T00:25:50.3929728Z Using cached fastapi_cloud_cli-0.1.5-py3-none-any.whl (18 kB)
2025-08-24T00:25:50.3941407Z Using cached greenlet-3.2.4-cp312-cp312-manylinux_2_24_x86_64.manylinux_2_28_x86_64.whl (607 kB)
2025-08-24T00:25:50.3956994Z Using cached h11-0.16.0-py3-none-any.whl (37 kB)
2025-08-24T00:25:50.3968835Z Using cached iniconfig-2.1.0-py3-none-any.whl (6.0 kB)
2025-08-24T00:25:50.3980360Z Using cached MarkupSafe-3.0.2-cp312-cp312-manylinux_2_17_x86_64.manylinux2014_x86_64.whl (23 kB)
2025-08-24T00:25:50.3991727Z Using cached mirakuru-2.6.1-py3-none-any.whl (26 kB)
2025-08-24T00:25:50.4003512Z Using cached orjson-3.11.2-cp312-cp312-manylinux_2_17_x86_64.manylinux2014_x86_64.whl (121 kB)
2025-08-24T00:25:50.4015381Z Using cached packaging-25.0-py3-none-any.whl (66 kB)
2025-08-24T00:25:50.4026900Z Using cached pathspec-0.12.1-py3-none-any.whl (31 kB)
2025-08-24T00:25:50.4038315Z Using cached platformdirs-4.3.8-py3-none-any.whl (18 kB)
2025-08-24T00:25:50.4049298Z Using cached port_for-0.7.4-py3-none-any.whl (21 kB)
2025-08-24T00:25:50.4060536Z Using cached prompt_toolkit-3.0.51-py3-none-any.whl (387 kB)
2025-08-24T00:25:50.4075333Z Using cached psutil-7.0.0-cp36-abi3-manylinux_2_12_x86_64.manylinux2010_x86_64.manylinux_2_17_x86_64.manylinux2014_x86_64.whl (277 kB)
2025-08-24T00:25:50.4088250Z Using cached pydantic_extra_types-2.10.5-py3-none-any.whl (38 kB)
2025-08-24T00:25:50.4099604Z Using cached pydantic_settings-2.10.1-py3-none-any.whl (45 kB)
2025-08-24T00:25:50.4111015Z Using cached pygments-2.19.2-py3-none-any.whl (1.2 MB)
2025-08-24T00:25:50.4130989Z Using cached pytz-2025.2-py2.py3-none-any.whl (509 kB)
2025-08-24T00:25:50.4146238Z Using cached rich_toolkit-0.15.0-py3-none-any.whl (29 kB)
2025-08-24T00:25:50.4157588Z Using cached rich-14.1.0-py3-none-any.whl (243 kB)
2025-08-24T00:25:50.4170324Z Using cached markdown_it_py-4.0.0-py3-none-any.whl (87 kB)
2025-08-24T00:25:50.4181959Z Using cached mdurl-0.1.2-py3-none-any.whl (10.0 kB)
2025-08-24T00:25:50.4193696Z Using cached rignore-0.6.4-cp312-cp312-manylinux_2_17_x86_64.manylinux2014_x86_64.whl (949 kB)
2025-08-24T00:25:50.4211280Z Using cached sentry_sdk-2.35.0-py2.py3-none-any.whl (363 kB)
2025-08-24T00:25:50.4225191Z Using cached six-1.17.0-py2.py3-none-any.whl (11 kB)
2025-08-24T00:25:50.4236467Z Using cached sniffio-1.3.1-py3-none-any.whl (10 kB)
2025-08-24T00:25:50.4247495Z Using cached typer-0.16.1-py3-none-any.whl (46 kB)
2025-08-24T00:25:50.4258799Z Using cached shellingham-1.5.4-py2.py3-none-any.whl (9.8 kB)
2025-08-24T00:25:50.4269939Z Using cached typing_inspect-0.9.0-py3-none-any.whl (8.8 kB)
2025-08-24T00:25:50.4281147Z Using cached typing_inspection-0.4.1-py3-none-any.whl (14 kB)
2025-08-24T00:25:50.4292491Z Using cached tzdata-2025.2-py2.py3-none-any.whl (347 kB)
2025-08-24T00:25:50.4306128Z Using cached tzlocal-5.3.1-py3-none-any.whl (18 kB)
2025-08-24T00:25:50.4317605Z Using cached ujson-5.11.0-cp312-cp312-manylinux_2_24_x86_64.manylinux_2_28_x86_64.whl (57 kB)
2025-08-24T00:25:50.4328946Z Using cached uvicorn-0.35.0-py3-none-any.whl (66 kB)
2025-08-24T00:25:50.4341158Z Using cached httptools-0.6.4-cp312-cp312-manylinux_2_5_x86_64.manylinux1_x86_64.manylinux_2_17_x86_64.manylinux2014_x86_64.whl (510 kB)
2025-08-24T00:25:50.4356368Z Using cached uvloop-0.21.0-cp312-cp312-manylinux_2_17_x86_64.manylinux2014_x86_64.whl (4.7 MB)
2025-08-24T00:25:50.4400785Z Using cached watchfiles-1.1.0-cp312-cp312-manylinux_2_17_x86_64.manylinux2014_x86_64.whl (452 kB)
2025-08-24T00:25:50.4415803Z Using cached websockets-15.0.1-cp312-cp312-manylinux_2_5_x86_64.manylinux1_x86_64.manylinux_2_17_x86_64.manylinux2014_x86_64.whl (182 kB)
2025-08-24T00:25:50.4427840Z Using cached yapf-0.43.0-py3-none-any.whl (256 kB)
2025-08-24T00:25:50.4440788Z Using cached argon2_cffi-25.1.0-py3-none-any.whl (14 kB)
2025-08-24T00:25:50.4452904Z Using cached argon2_cffi_bindings-25.1.0-cp39-abi3-manylinux_2_26_x86_64.manylinux_2_28_x86_64.whl (87 kB)
2025-08-24T00:25:50.4464783Z Using cached cffi-1.17.1-cp312-cp312-manylinux_2_17_x86_64.manylinux2014_x86_64.whl (479 kB)
2025-08-24T00:25:50.4479227Z Using cached docker-7.1.0-py3-none-any.whl (147 kB)
2025-08-24T00:25:50.4491564Z Using cached et_xmlfile-2.0.0-py3-none-any.whl (18 kB)
2025-08-24T00:25:50.4502884Z Using cached mako-1.3.10-py3-none-any.whl (78 kB)
2025-08-24T00:25:50.4515043Z Using cached pycparser-2.22-py3-none-any.whl (117 kB)
2025-08-24T00:25:50.4527687Z Using cached pycryptodome-3.23.0-cp37-abi3-manylinux_2_17_x86_64.manylinux2014_x86_64.whl (2.3 MB)
2025-08-24T00:25:50.4554333Z Using cached toml-0.10.2-py2.py3-none-any.whl (16 kB)
2025-08-24T00:25:50.4565645Z Using cached typeguard-4.4.4-py3-none-any.whl (34 kB)
2025-08-24T00:25:50.4577177Z Using cached watchdog-6.0.0-py3-none-manylinux2014_x86_64.whl (79 kB)
2025-08-24T00:25:50.4589268Z Using cached wcwidth-0.2.13-py2.py3-none-any.whl (34 kB)
2025-08-24T00:25:50.9288447Z Installing collected packages: wcwidth, pytz, wrapt, websockets, watchdog, vine, uvloop, urllib3, ujson, tzlocal, tzdata, typing-extensions, tomli_w, tomli, toml, structlog, sniffio, six, shellingham, setuptools, ruff, rignore, redis, PyYAML, python-multipart, python-dotenv, pygments, pycryptodome, pycparser, psycopg2-binary, psycopg-binary, psutil, prompt-toolkit, port-for, pluggy, platformdirs, pathspec, packaging, orjson, numpy, nr-stream, nr-date, mypy-extensions, multimethod, mdurl, MarkupSafe, jmespath, itsdangerous, iniconfig, imapclient, idna, httptools, h11, greenlet, et-xmlfile, docstring-parser, dnspython, coverage, click, charset_normalizer, certifi, billiard, asyncpg, annotated-types, yapf, vulture, uvicorn, typing-inspection, typing-inspect, types-requests, typeguard, typeapi, sqlalchemy, sentry-sdk, requests, python-dateutil, pytest, pydantic-core, psycopg, openpyxl, mypy, mirakuru, markdown-it-py, Mako, Jinja2, httpcore, email-validator, Deprecated, click-repl, click-plugins, click-didyoumean, cffi, black, apscheduler, anyio, amqp, watchfiles, starlette, rich, pytest-postgresql, pytest-cov, pytest-asyncio, pydantic, pandas, nr-util, kombu, httpx, docker, databind, botocore, argon2-cffi-bindings, alembic, typer, testcontainers, s3transfer, rich-toolkit, respx, python-telegram-bot, pydantic-settings, pydantic-extra-types, pandera, fastapi, databind.json, databind.core, celery, asgi-correlation-id, argon2-cffi, minio, fastapi-limiter, fastapi-cloud-cli, fastapi-cli, docspec, boto3, docspec-python, pydoc-markdown
2025-08-24T00:26:11.1794473Z 
2025-08-24T00:26:11.1917260Z Successfully installed Deprecated-1.2.18 Jinja2-3.1.6 Mako-1.3.10 MarkupSafe-3.0.2 PyYAML-6.0.2 alembic-1.16.4 amqp-5.3.1 annotated-types-0.7.0 anyio-4.10.0 apscheduler-3.10.4 argon2-cffi-25.1.0 argon2-cffi-bindings-25.1.0 asgi-correlation-id-4.3.1 asyncpg-0.30.0 billiard-4.2.1 black-25.1.0 boto3-1.40.16 botocore-1.40.16 celery-5.5.3 certifi-2025.8.3 cffi-1.17.1 charset_normalizer-3.4.3 click-8.2.1 click-didyoumean-0.3.1 click-plugins-1.1.1.2 click-repl-0.3.0 coverage-7.10.5 databind-4.5.2 databind.core-4.5.2 databind.json-4.5.2 dnspython-2.7.0 docker-7.1.0 docspec-2.2.1 docspec-python-2.2.2 docstring-parser-0.11 email-validator-2.2.0 et-xmlfile-2.0.0 fastapi-0.116.1 fastapi-cli-0.0.8 fastapi-cloud-cli-0.1.5 fastapi-limiter-0.1.6 greenlet-3.2.4 h11-0.16.0 httpcore-1.0.9 httptools-0.6.4 httpx-0.28.1 idna-3.10 imapclient-3.0.1 iniconfig-2.1.0 itsdangerous-2.2.0 jmespath-1.0.1 kombu-5.5.4 markdown-it-py-4.0.0 mdurl-0.1.2 minio-7.2.16 mirakuru-2.6.1 multimethod-1.10 mypy-1.17.1 mypy-extensions-1.1.0 nr-date-2.1.0 nr-stream-1.1.5 nr-util-0.8.12 numpy-1.26.4 openpyxl-3.1.5 orjson-3.11.2 packaging-25.0 pandas-2.2.3 pandera-0.19.3 pathspec-0.12.1 platformdirs-4.3.8 pluggy-1.6.0 port-for-0.7.4 prompt-toolkit-3.0.51 psutil-7.0.0 psycopg-3.2.9 psycopg-binary-3.2.9 psycopg2-binary-2.9.10 pycparser-2.22 pycryptodome-3.23.0 pydantic-2.11.7 pydantic-core-2.33.2 pydantic-extra-types-2.10.5 pydantic-settings-2.10.1 pydoc-markdown-4.8.2 pygments-2.19.2 pytest-8.4.1 pytest-asyncio-1.1.0 pytest-cov-6.2.1 pytest-postgresql-7.0.2 python-dateutil-2.9.0.post0 python-dotenv-1.1.1 python-multipart-0.0.20 python-telegram-bot-22.3 pytz-2025.2 redis-6.4.0 requests-2.32.4 respx-0.22.0 rich-14.1.0 rich-toolkit-0.15.0 rignore-0.6.4 ruff-0.9.9 s3transfer-0.13.1 sentry-sdk-2.35.0 setuptools-80.9.0 shellingham-1.5.4 six-1.17.0 sniffio-1.3.1 sqlalchemy-2.0.43 starlette-0.47.2 structlog-24.1.0 testcontainers-4.12.0 toml-0.10.2 tomli-2.2.1 tomli_w-1.2.0 typeapi-2.2.4 typeguard-4.4.4 typer-0.16.1 types-requests-2.32.4.20250809 typing-extensions-4.14.1 typing-inspect-0.9.0 typing-inspection-0.4.1 tzdata-2025.2 tzlocal-5.3.1 ujson-5.11.0 urllib3-2.5.0 uvicorn-0.35.0 uvloop-0.21.0 vine-5.1.0 vulture-2.10 watchdog-6.0.0 watchfiles-1.1.0 wcwidth-0.2.13 websockets-15.0.1 wrapt-1.17.3 yapf-0.43.0
2025-08-24T00:26:12.4610742Z Collecting keepa==1.3.15
2025-08-24T00:26:12.4623720Z   Using cached keepa-1.3.15-py3-none-any.whl.metadata (11 kB)
2025-08-24T00:26:12.4908238Z Collecting minio==7.1.15
2025-08-24T00:26:12.4920075Z   Using cached minio-7.1.15-py3-none-any.whl.metadata (4.2 kB)
2025-08-24T00:26:12.4946293Z Requirement already satisfied: numpy>=1.9.3 in /opt/hostedtoolcache/Python/3.12.11/x64/lib/python3.12/site-packages (from keepa==1.3.15) (1.26.4)
2025-08-24T00:26:12.4951631Z Requirement already satisfied: requests>=2.2 in /opt/hostedtoolcache/Python/3.12.11/x64/lib/python3.12/site-packages (from keepa==1.3.15) (2.32.4)
2025-08-24T00:26:12.5275839Z Collecting tqdm (from keepa==1.3.15)
2025-08-24T00:26:12.5287398Z   Using cached tqdm-4.67.1-py3-none-any.whl.metadata (57 kB)
2025-08-24T00:26:13.0058498Z Collecting aiohttp (from keepa==1.3.15)
2025-08-24T00:26:13.0072742Z   Using cached aiohttp-3.12.15-cp312-cp312-manylinux_2_17_x86_64.manylinux2014_x86_64.whl.metadata (7.7 kB)
2025-08-24T00:26:13.0107396Z Requirement already satisfied: pandas<=3.0 in /opt/hostedtoolcache/Python/3.12.11/x64/lib/python3.12/site-packages (from keepa==1.3.15) (2.2.3)
2025-08-24T00:26:13.0111781Z Requirement already satisfied: pydantic in /opt/hostedtoolcache/Python/3.12.11/x64/lib/python3.12/site-packages (from keepa==1.3.15) (2.11.7)
2025-08-24T00:26:13.0119867Z Requirement already satisfied: certifi in /opt/hostedtoolcache/Python/3.12.11/x64/lib/python3.12/site-packages (from minio==7.1.15) (2025.8.3)
2025-08-24T00:26:13.0124194Z Requirement already satisfied: urllib3 in /opt/hostedtoolcache/Python/3.12.11/x64/lib/python3.12/site-packages (from minio==7.1.15) (2.5.0)
2025-08-24T00:26:13.0179178Z Requirement already satisfied: python-dateutil>=2.8.2 in /opt/hostedtoolcache/Python/3.12.11/x64/lib/python3.12/site-packages (from pandas<=3.0->keepa==1.3.15) (2.9.0.post0)
2025-08-24T00:26:13.0185024Z Requirement already satisfied: pytz>=2020.1 in /opt/hostedtoolcache/Python/3.12.11/x64/lib/python3.12/site-packages (from pandas<=3.0->keepa==1.3.15) (2025.2)
2025-08-24T00:26:13.0190560Z Requirement already satisfied: tzdata>=2022.7 in /opt/hostedtoolcache/Python/3.12.11/x64/lib/python3.12/site-packages (from pandas<=3.0->keepa==1.3.15) (2025.2)
2025-08-24T00:26:13.0317211Z Requirement already satisfied: six>=1.5 in /opt/hostedtoolcache/Python/3.12.11/x64/lib/python3.12/site-packages (from python-dateutil>=2.8.2->pandas<=3.0->keepa==1.3.15) (1.17.0)
2025-08-24T00:26:13.0336162Z Requirement already satisfied: charset_normalizer<4,>=2 in /opt/hostedtoolcache/Python/3.12.11/x64/lib/python3.12/site-packages (from requests>=2.2->keepa==1.3.15) (3.4.3)
2025-08-24T00:26:13.0342742Z Requirement already satisfied: idna<4,>=2.5 in /opt/hostedtoolcache/Python/3.12.11/x64/lib/python3.12/site-packages (from requests>=2.2->keepa==1.3.15) (3.10)
2025-08-24T00:26:13.0534198Z Collecting aiohappyeyeballs>=2.5.0 (from aiohttp->keepa==1.3.15)
2025-08-24T00:26:13.0545615Z   Using cached aiohappyeyeballs-2.6.1-py3-none-any.whl.metadata (5.9 kB)
2025-08-24T00:26:13.0648983Z Collecting aiosignal>=1.4.0 (from aiohttp->keepa==1.3.15)
2025-08-24T00:26:13.0660172Z   Using cached aiosignal-1.4.0-py3-none-any.whl.metadata (3.7 kB)
2025-08-24T00:26:13.0808487Z Collecting attrs>=17.3.0 (from aiohttp->keepa==1.3.15)
2025-08-24T00:26:13.0819659Z   Using cached attrs-25.3.0-py3-none-any.whl.metadata (10 kB)
2025-08-24T00:26:13.1479417Z Collecting frozenlist>=1.1.1 (from aiohttp->keepa==1.3.15)
2025-08-24T00:26:13.1491184Z   Using cached frozenlist-1.7.0-cp312-cp312-manylinux_2_5_x86_64.manylinux1_x86_64.manylinux_2_17_x86_64.manylinux2014_x86_64.whl.metadata (18 kB)
2025-08-24T00:26:13.3882694Z Collecting multidict<7.0,>=4.5 (from aiohttp->keepa==1.3.15)
2025-08-24T00:26:13.3896983Z   Using cached multidict-6.6.4-cp312-cp312-manylinux2014_x86_64.manylinux_2_17_x86_64.manylinux_2_28_x86_64.whl.metadata (5.3 kB)
2025-08-24T00:26:13.4302809Z Collecting propcache>=0.2.0 (from aiohttp->keepa==1.3.15)
2025-08-24T00:26:13.4315465Z   Using cached propcache-0.3.2-cp312-cp312-manylinux_2_17_x86_64.manylinux2014_x86_64.whl.metadata (12 kB)
2025-08-24T00:26:13.6634293Z Collecting yarl<2.0,>=1.17.0 (from aiohttp->keepa==1.3.15)
2025-08-24T00:26:13.6648004Z   Using cached yarl-1.20.1-cp312-cp312-manylinux_2_17_x86_64.manylinux2014_x86_64.whl.metadata (73 kB)
2025-08-24T00:26:13.6863273Z Requirement already satisfied: typing-extensions>=4.2 in /opt/hostedtoolcache/Python/3.12.11/x64/lib/python3.12/site-packages (from aiosignal>=1.4.0->aiohttp->keepa==1.3.15) (4.14.1)
2025-08-24T00:26:13.6913090Z Requirement already satisfied: annotated-types>=0.6.0 in /opt/hostedtoolcache/Python/3.12.11/x64/lib/python3.12/site-packages (from pydantic->keepa==1.3.15) (0.7.0)
2025-08-24T00:26:13.6919019Z Requirement already satisfied: pydantic-core==2.33.2 in /opt/hostedtoolcache/Python/3.12.11/x64/lib/python3.12/site-packages (from pydantic->keepa==1.3.15) (2.33.2)
2025-08-24T00:26:13.6927606Z Requirement already satisfied: typing-inspection>=0.4.0 in /opt/hostedtoolcache/Python/3.12.11/x64/lib/python3.12/site-packages (from pydantic->keepa==1.3.15) (0.4.1)
2025-08-24T00:26:13.6988445Z Using cached keepa-1.3.15-py3-none-any.whl (38 kB)
2025-08-24T00:26:13.6999650Z Using cached minio-7.1.15-py3-none-any.whl (77 kB)
2025-08-24T00:26:13.7011604Z Using cached aiohttp-3.12.15-cp312-cp312-manylinux_2_17_x86_64.manylinux2014_x86_64.whl (1.7 MB)
2025-08-24T00:26:13.7035052Z Using cached multidict-6.6.4-cp312-cp312-manylinux2014_x86_64.manylinux_2_17_x86_64.manylinux_2_28_x86_64.whl (256 kB)
2025-08-24T00:26:13.7047726Z Using cached yarl-1.20.1-cp312-cp312-manylinux_2_17_x86_64.manylinux2014_x86_64.whl (355 kB)
2025-08-24T00:26:13.7061165Z Using cached aiohappyeyeballs-2.6.1-py3-none-any.whl (15 kB)
2025-08-24T00:26:13.7072457Z Using cached aiosignal-1.4.0-py3-none-any.whl (7.5 kB)
2025-08-24T00:26:13.7083521Z Using cached attrs-25.3.0-py3-none-any.whl (63 kB)
2025-08-24T00:26:13.7095508Z Using cached frozenlist-1.7.0-cp312-cp312-manylinux_2_5_x86_64.manylinux1_x86_64.manylinux_2_17_x86_64.manylinux2014_x86_64.whl (241 kB)
2025-08-24T00:26:13.7108219Z Using cached propcache-0.3.2-cp312-cp312-manylinux_2_17_x86_64.manylinux2014_x86_64.whl (224 kB)
2025-08-24T00:26:13.7120394Z Using cached tqdm-4.67.1-py3-none-any.whl (78 kB)
2025-08-24T00:26:13.8932532Z Installing collected packages: tqdm, propcache, multidict, minio, frozenlist, attrs, aiohappyeyeballs, yarl, aiosignal, aiohttp, keepa
2025-08-24T00:26:13.9727920Z   Attempting uninstall: minio
2025-08-24T00:26:13.9776802Z     Found existing installation: minio 7.2.16
2025-08-24T00:26:13.9814038Z     Uninstalling minio-7.2.16:
2025-08-24T00:26:13.9824537Z       Successfully uninstalled minio-7.2.16
2025-08-24T00:26:14.3601079Z 
2025-08-24T00:26:14.3719930Z Successfully installed aiohappyeyeballs-2.6.1 aiohttp-3.12.15 aiosignal-1.4.0 attrs-25.3.0 frozenlist-1.7.0 keepa-1.3.15 minio-7.1.15 multidict-6.6.4 propcache-0.3.2 tqdm-4.67.1 yarl-1.20.1
2025-08-24T00:26:14.5265912Z ##[group]Run for i in {1..30}; do pg_isready -h "$PG_HOST" -p "$PG_PORT" -U "$PG_USER" -d "$PG_DATABASE" && break; sleep 1; done
2025-08-24T00:26:14.5266567Z [36;1mfor i in {1..30}; do pg_isready -h "$PG_HOST" -p "$PG_PORT" -U "$PG_USER" -d "$PG_DATABASE" && break; sleep 1; done[0m
2025-08-24T00:26:14.5307482Z shell: /usr/bin/bash -e {0}
2025-08-24T00:26:14.5307695Z env:
2025-08-24T00:26:14.5307891Z   REDIS_URL: redis://localhost:6379/0
2025-08-24T00:26:14.5308144Z   RATE_LIMIT_DEFAULT: 100/minute
2025-08-24T00:26:14.5308360Z   TRUST_X_FORWARDED: 1
2025-08-24T00:26:14.5308553Z   PG_USER: postgres
2025-08-24T00:26:14.5308732Z   PG_PASSWORD: pass
2025-08-24T00:26:14.5309010Z   PG_DATABASE: awa
2025-08-24T00:26:14.5309187Z   PG_HOST: localhost
2025-08-24T00:26:14.5309552Z   PG_PORT: 5432
2025-08-24T00:26:14.5309966Z   PG_SYNC_DSN: ***localhost:5432/awa
2025-08-24T00:26:14.5310335Z   PG_ASYNC_DSN: ***localhost:5432/awa
2025-08-24T00:26:14.5310719Z   DATABASE_URL: ***localhost:5432/awa
2025-08-24T00:26:14.5310947Z   DATA_DIR: /tmp/awa-data
2025-08-24T00:26:14.5311135Z   ENABLE_LIVE: 0
2025-08-24T00:26:14.5311301Z   TESTING: 1
2025-08-24T00:26:14.5311526Z   pythonLocation: /opt/hostedtoolcache/Python/3.12.11/x64
2025-08-24T00:26:14.5312130Z   PKG_CONFIG_PATH: /opt/hostedtoolcache/Python/3.12.11/x64/lib/pkgconfig
2025-08-24T00:26:14.5312673Z   Python_ROOT_DIR: /opt/hostedtoolcache/Python/3.12.11/x64
2025-08-24T00:26:14.5313016Z   Python2_ROOT_DIR: /opt/hostedtoolcache/Python/3.12.11/x64
2025-08-24T00:26:14.5313352Z   Python3_ROOT_DIR: /opt/hostedtoolcache/Python/3.12.11/x64
2025-08-24T00:26:14.5313683Z   LD_LIBRARY_PATH: /opt/hostedtoolcache/Python/3.12.11/x64/lib
2025-08-24T00:26:14.5313964Z ##[endgroup]
2025-08-24T00:26:14.6114973Z localhost:5432 - accepting connections
2025-08-24T00:26:14.6148143Z ##[group]Run alembic -c services/api/alembic.ini upgrade head
2025-08-24T00:26:14.6148568Z [36;1malembic -c services/api/alembic.ini upgrade head[0m
2025-08-24T00:26:14.6187181Z shell: /usr/bin/bash -e {0}
2025-08-24T00:26:14.6187407Z env:
2025-08-24T00:26:14.6187607Z   REDIS_URL: redis://localhost:6379/0
2025-08-24T00:26:14.6187868Z   RATE_LIMIT_DEFAULT: 100/minute
2025-08-24T00:26:14.6188087Z   TRUST_X_FORWARDED: 1
2025-08-24T00:26:14.6188279Z   PG_USER: postgres
2025-08-24T00:26:14.6188463Z   PG_PASSWORD: pass
2025-08-24T00:26:14.6188637Z   PG_DATABASE: awa
2025-08-24T00:26:14.6188809Z   PG_HOST: localhost
2025-08-24T00:26:14.6188985Z   PG_PORT: 5432
2025-08-24T00:26:14.6189397Z   PG_SYNC_DSN: ***localhost:5432/awa
2025-08-24T00:26:14.6189786Z   PG_ASYNC_DSN: ***localhost:5432/awa
2025-08-24T00:26:14.6190148Z   DATABASE_URL: ***localhost:5432/awa
2025-08-24T00:26:14.6190368Z   DATA_DIR: /tmp/awa-data
2025-08-24T00:26:14.6190560Z   ENABLE_LIVE: 0
2025-08-24T00:26:14.6190761Z   TESTING: 1
2025-08-24T00:26:14.6190987Z   pythonLocation: /opt/hostedtoolcache/Python/3.12.11/x64
2025-08-24T00:26:14.6191394Z   PKG_CONFIG_PATH: /opt/hostedtoolcache/Python/3.12.11/x64/lib/pkgconfig
2025-08-24T00:26:14.6191767Z   Python_ROOT_DIR: /opt/hostedtoolcache/Python/3.12.11/x64
2025-08-24T00:26:14.6192106Z   Python2_ROOT_DIR: /opt/hostedtoolcache/Python/3.12.11/x64
2025-08-24T00:26:14.6192730Z   Python3_ROOT_DIR: /opt/hostedtoolcache/Python/3.12.11/x64
2025-08-24T00:26:14.6193077Z   LD_LIBRARY_PATH: /opt/hostedtoolcache/Python/3.12.11/x64/lib
2025-08-24T00:26:14.6193360Z ##[endgroup]
2025-08-24T00:26:15.2276816Z INFO  [alembic.runtime.migration] Context impl PostgresqlImpl.
2025-08-24T00:26:15.2277481Z INFO  [alembic.runtime.migration] Will assume transactional DDL.
2025-08-24T00:26:15.2492627Z INFO  [alembic.runtime.migration] Running upgrade  -> 0001_baseline
2025-08-24T00:26:15.2662982Z INFO  [alembic.runtime.migration] Running upgrade 0001_baseline -> 0002_create_roi_view
2025-08-24T00:26:15.2700757Z INFO  [alembic.runtime.migration] Running upgrade 0002_create_roi_view -> 3e9d5c5aff2c
2025-08-24T00:26:15.2869487Z INFO  [alembic.runtime.migration] Running upgrade 3e9d5c5aff2c -> 0003_vendor_prices
2025-08-24T00:26:15.3062028Z INFO  [alembic.runtime.migration] Running upgrade 0003_vendor_prices -> 0004_fee_cron
2025-08-24T00:26:15.3132613Z INFO  [alembic.runtime.migration] Running upgrade 0004_fee_cron -> 0006_fix_roi_views
2025-08-24T00:26:15.3164609Z INFO  [alembic.runtime.migration] Running upgrade 0006_fix_roi_views -> 0020_unified_schema
2025-08-24T00:26:15.3291434Z INFO  [alembic.runtime.migration] Running upgrade 0020_unified_schema -> 0022_fix_roi_view
2025-08-24T00:26:15.3360482Z INFO  [alembic.runtime.migration] Running upgrade 0022_fix_roi_view -> 0023_add_storage_fee
2025-08-24T00:26:15.3396706Z INFO  [alembic.runtime.migration] Running upgrade 0023_add_storage_fee -> 0024_create_buybox
2025-08-24T00:26:15.3422960Z INFO  [alembic.runtime.migration] Running upgrade 0024_create_buybox -> 0025_pr4_indexes_loadlog
2025-08-24T00:26:15.3643025Z INFO  [alembic.runtime.migration] Running upgrade 0025_pr4_indexes_loadlog -> 0026_fix_refund_views
2025-08-24T00:26:15.3701119Z INFO  [alembic.runtime.migration] Running upgrade 0025_pr4_indexes_loadlog -> 0026_amazon_new_reports
2025-08-24T00:26:15.3919047Z INFO  [alembic.runtime.migration] Running upgrade 0026_amazon_new_reports, 0026_fix_refund_views -> 0027_merge_reports_refund_heads
2025-08-24T00:26:15.4759629Z ##[group]Run python - <<'PY'
2025-08-24T00:26:15.4759925Z [36;1mpython - <<'PY'[0m
2025-08-24T00:26:15.4760185Z [36;1mfrom fastapi.testclient import TestClient[0m
2025-08-24T00:26:15.4760495Z [36;1mfrom services.api.main import app[0m
2025-08-24T00:26:15.4760760Z [36;1mwith TestClient(app) as c:[0m
2025-08-24T00:26:15.4760997Z [36;1m    r = c.get('/roi-review')[0m
2025-08-24T00:26:15.4761253Z [36;1m    assert r.status_code < 500, r.text[0m
2025-08-24T00:26:15.4761495Z [36;1mPY[0m
2025-08-24T00:26:15.4801880Z shell: /usr/bin/bash -e {0}
2025-08-24T00:26:15.4802114Z env:
2025-08-24T00:26:15.4802565Z   REDIS_URL: redis://localhost:6379/0
2025-08-24T00:26:15.4802873Z   RATE_LIMIT_DEFAULT: 100/minute
2025-08-24T00:26:15.4803096Z   TRUST_X_FORWARDED: 1
2025-08-24T00:26:15.4803294Z   PG_USER: postgres
2025-08-24T00:26:15.4803482Z   PG_PASSWORD: pass
2025-08-24T00:26:15.4803661Z   PG_DATABASE: awa
2025-08-24T00:26:15.4803836Z   PG_HOST: localhost
2025-08-24T00:26:15.4804061Z   PG_PORT: 5432
2025-08-24T00:26:15.4804660Z   PG_SYNC_DSN: ***localhost:5432/awa
2025-08-24T00:26:15.4805045Z   PG_ASYNC_DSN: ***localhost:5432/awa
2025-08-24T00:26:15.4805410Z   DATABASE_URL: ***localhost:5432/awa
2025-08-24T00:26:15.4805633Z   DATA_DIR: /tmp/awa-data
2025-08-24T00:26:15.4805829Z   ENABLE_LIVE: 0
2025-08-24T00:26:15.4805995Z   TESTING: 1
2025-08-24T00:26:15.4806218Z   pythonLocation: /opt/hostedtoolcache/Python/3.12.11/x64
2025-08-24T00:26:15.4806605Z   PKG_CONFIG_PATH: /opt/hostedtoolcache/Python/3.12.11/x64/lib/pkgconfig
2025-08-24T00:26:15.4806993Z   Python_ROOT_DIR: /opt/hostedtoolcache/Python/3.12.11/x64
2025-08-24T00:26:15.4807325Z   Python2_ROOT_DIR: /opt/hostedtoolcache/Python/3.12.11/x64
2025-08-24T00:26:15.4807663Z   Python3_ROOT_DIR: /opt/hostedtoolcache/Python/3.12.11/x64
2025-08-24T00:26:15.4808005Z   LD_LIBRARY_PATH: /opt/hostedtoolcache/Python/3.12.11/x64/lib
2025-08-24T00:26:15.4808305Z ##[endgroup]
2025-08-24T00:26:16.7111011Z WARNING:services.api.errors:{"status_code": 401, "detail": "Not authenticated", "event": "http_error", "request_id": "abea09c807a64e43bbb5963ef056e567", "level": "warning", "timestamp": "2025-08-24T00:26:16.710807Z"}
2025-08-24T00:26:16.7116385Z INFO:httpx:HTTP Request: GET http://testserver/roi-review "HTTP/1.1 401 Unauthorized"
2025-08-24T00:26:16.9036821Z ##[group]Run alembic -c services/api/alembic.ini downgrade base
2025-08-24T00:26:16.9037250Z [36;1malembic -c services/api/alembic.ini downgrade base[0m
2025-08-24T00:26:16.9078188Z shell: /usr/bin/bash -e {0}
2025-08-24T00:26:16.9078426Z env:
2025-08-24T00:26:16.9078619Z   REDIS_URL: redis://localhost:6379/0
2025-08-24T00:26:16.9078873Z   RATE_LIMIT_DEFAULT: 100/minute
2025-08-24T00:26:16.9079094Z   TRUST_X_FORWARDED: 1
2025-08-24T00:26:16.9079283Z   PG_USER: postgres
2025-08-24T00:26:16.9079472Z   PG_PASSWORD: pass
2025-08-24T00:26:16.9079646Z   PG_DATABASE: awa
2025-08-24T00:26:16.9079818Z   PG_HOST: localhost
2025-08-24T00:26:16.9079996Z   PG_PORT: 5432
2025-08-24T00:26:16.9080430Z   PG_SYNC_DSN: ***localhost:5432/awa
2025-08-24T00:26:16.9080812Z   PG_ASYNC_DSN: ***localhost:5432/awa
2025-08-24T00:26:16.9081176Z   DATABASE_URL: ***localhost:5432/awa
2025-08-24T00:26:16.9081407Z   DATA_DIR: /tmp/awa-data
2025-08-24T00:26:16.9081599Z   ENABLE_LIVE: 0
2025-08-24T00:26:16.9081794Z   TESTING: 1
2025-08-24T00:26:16.9082019Z   pythonLocation: /opt/hostedtoolcache/Python/3.12.11/x64
2025-08-24T00:26:16.9082533Z   PKG_CONFIG_PATH: /opt/hostedtoolcache/Python/3.12.11/x64/lib/pkgconfig
2025-08-24T00:26:16.9082919Z   Python_ROOT_DIR: /opt/hostedtoolcache/Python/3.12.11/x64
2025-08-24T00:26:16.9083450Z   Python2_ROOT_DIR: /opt/hostedtoolcache/Python/3.12.11/x64
2025-08-24T00:26:16.9083786Z   Python3_ROOT_DIR: /opt/hostedtoolcache/Python/3.12.11/x64
2025-08-24T00:26:16.9084130Z   LD_LIBRARY_PATH: /opt/hostedtoolcache/Python/3.12.11/x64/lib
2025-08-24T00:26:16.9084420Z ##[endgroup]
2025-08-24T00:26:17.3625460Z INFO  [alembic.runtime.migration] Context impl PostgresqlImpl.
2025-08-24T00:26:17.3626183Z INFO  [alembic.runtime.migration] Will assume transactional DDL.
2025-08-24T00:26:17.3727449Z INFO  [alembic.runtime.migration] Running downgrade 0027_merge_reports_refund_heads -> 0026_amazon_new_reports, 0026_fix_refund_views
2025-08-24T00:26:17.3749877Z INFO  [alembic.runtime.migration] Running downgrade 0026_amazon_new_reports -> 0025_pr4_indexes_loadlog
2025-08-24T00:26:17.3838193Z INFO  [alembic.runtime.migration] Running downgrade 0026_fix_refund_views -> 0025_pr4_indexes_loadlog
2025-08-24T00:26:17.3897247Z INFO  [alembic.runtime.migration] Running downgrade 0025_pr4_indexes_loadlog -> 0024_create_buybox
2025-08-24T00:26:17.3940472Z INFO  [alembic.runtime.migration] Running downgrade 0024_create_buybox -> 0023_add_storage_fee
2025-08-24T00:26:17.3958039Z INFO  [alembic.runtime.migration] Running downgrade 0023_add_storage_fee -> 0022_fix_roi_view
2025-08-24T00:26:17.4125684Z INFO  [alembic.runtime.migration] Running downgrade 0022_fix_roi_view -> 0020_unified_schema
2025-08-24T00:26:17.4150028Z INFO  [alembic.runtime.migration] Running downgrade 0020_unified_schema -> 0006_fix_roi_views
2025-08-24T00:26:17.4184193Z INFO  [alembic.runtime.migration] Running downgrade 0006_fix_roi_views -> 0004_fee_cron
2025-08-24T00:26:17.4205610Z INFO  [alembic.runtime.migration] Running downgrade 0004_fee_cron -> 0003_vendor_prices
2025-08-24T00:26:17.4279412Z INFO  [alembic.runtime.migration] Running downgrade 0003_vendor_prices -> 3e9d5c5aff2c
2025-08-24T00:26:17.4317592Z INFO  [alembic.runtime.migration] Running downgrade 3e9d5c5aff2c -> 0002_create_roi_view
2025-08-24T00:26:17.4354934Z INFO  [alembic.runtime.migration] Running downgrade 0002_create_roi_view -> 0001_baseline
2025-08-24T00:26:17.4364404Z INFO  [alembic.runtime.migration] Running downgrade 0001_baseline -> 
2025-08-24T00:26:17.5147585Z ##[group]Run test "$(alembic -c services/api/alembic.ini heads | wc -l)" -eq 1
2025-08-24T00:26:17.5148092Z [36;1mtest "$(alembic -c services/api/alembic.ini heads | wc -l)" -eq 1[0m
2025-08-24T00:26:17.5187847Z shell: /usr/bin/bash -e {0}
2025-08-24T00:26:17.5188062Z env:
2025-08-24T00:26:17.5188264Z   REDIS_URL: redis://localhost:6379/0
2025-08-24T00:26:17.5188524Z   RATE_LIMIT_DEFAULT: 100/minute
2025-08-24T00:26:17.5188743Z   TRUST_X_FORWARDED: 1
2025-08-24T00:26:17.5188932Z   PG_USER: postgres
2025-08-24T00:26:17.5189121Z   PG_PASSWORD: pass
2025-08-24T00:26:17.5189298Z   PG_DATABASE: awa
2025-08-24T00:26:17.5189465Z   PG_HOST: localhost
2025-08-24T00:26:17.5189645Z   PG_PORT: 5432
2025-08-24T00:26:17.5190083Z   PG_SYNC_DSN: ***localhost:5432/awa
2025-08-24T00:26:17.5190603Z   PG_ASYNC_DSN: ***localhost:5432/awa
2025-08-24T00:26:17.5190981Z   DATABASE_URL: ***localhost:5432/awa
2025-08-24T00:26:17.5191210Z   DATA_DIR: /tmp/awa-data
2025-08-24T00:26:17.5191436Z   ENABLE_LIVE: 0
2025-08-24T00:26:17.5191606Z   TESTING: 1
2025-08-24T00:26:17.5191847Z   pythonLocation: /opt/hostedtoolcache/Python/3.12.11/x64
2025-08-24T00:26:17.5192360Z   PKG_CONFIG_PATH: /opt/hostedtoolcache/Python/3.12.11/x64/lib/pkgconfig
2025-08-24T00:26:17.5192746Z   Python_ROOT_DIR: /opt/hostedtoolcache/Python/3.12.11/x64
2025-08-24T00:26:17.5193101Z   Python2_ROOT_DIR: /opt/hostedtoolcache/Python/3.12.11/x64
2025-08-24T00:26:17.5193439Z   Python3_ROOT_DIR: /opt/hostedtoolcache/Python/3.12.11/x64
2025-08-24T00:26:17.5193779Z   LD_LIBRARY_PATH: /opt/hostedtoolcache/Python/3.12.11/x64/lib
2025-08-24T00:26:17.5194058Z ##[endgroup]
2025-08-24T00:26:17.8895280Z ##[group]Run pytest tests/migrations/test_migration_roundtrip.py -q -m integration
2025-08-24T00:26:17.8895844Z [36;1mpytest tests/migrations/test_migration_roundtrip.py -q -m integration[0m
2025-08-24T00:26:17.8936288Z shell: /usr/bin/bash -e {0}
2025-08-24T00:26:17.8936504Z env:
2025-08-24T00:26:17.8936701Z   REDIS_URL: redis://localhost:6379/0
2025-08-24T00:26:17.8936959Z   RATE_LIMIT_DEFAULT: 100/minute
2025-08-24T00:26:17.8937181Z   TRUST_X_FORWARDED: 1
2025-08-24T00:26:17.8937380Z   PG_USER: postgres
2025-08-24T00:26:17.8937574Z   PG_PASSWORD: pass
2025-08-24T00:26:17.8937747Z   PG_DATABASE: awa
2025-08-24T00:26:17.8937926Z   PG_HOST: localhost
2025-08-24T00:26:17.8938113Z   PG_PORT: 5432
2025-08-24T00:26:17.8938604Z   PG_SYNC_DSN: ***localhost:5432/awa
2025-08-24T00:26:17.8939005Z   PG_ASYNC_DSN: ***localhost:5432/awa
2025-08-24T00:26:17.8939377Z   DATABASE_URL: ***localhost:5432/awa
2025-08-24T00:26:17.8939600Z   DATA_DIR: /tmp/awa-data
2025-08-24T00:26:17.8939843Z   ENABLE_LIVE: 0
2025-08-24T00:26:17.8940012Z   TESTING: 1
2025-08-24T00:26:17.8940247Z   pythonLocation: /opt/hostedtoolcache/Python/3.12.11/x64
2025-08-24T00:26:17.8940651Z   PKG_CONFIG_PATH: /opt/hostedtoolcache/Python/3.12.11/x64/lib/pkgconfig
2025-08-24T00:26:17.8941036Z   Python_ROOT_DIR: /opt/hostedtoolcache/Python/3.12.11/x64
2025-08-24T00:26:17.8941384Z   Python2_ROOT_DIR: /opt/hostedtoolcache/Python/3.12.11/x64
2025-08-24T00:26:17.8941729Z   Python3_ROOT_DIR: /opt/hostedtoolcache/Python/3.12.11/x64
2025-08-24T00:26:17.8942079Z   LD_LIBRARY_PATH: /opt/hostedtoolcache/Python/3.12.11/x64/lib
2025-08-24T00:26:17.8942585Z ##[endgroup]
2025-08-24T00:26:19.4014790Z /opt/hostedtoolcache/Python/3.12.11/x64/lib/python3.12/site-packages/coverage/control.py:945: CoverageWarning: No data was collected. (no-data-collected)
2025-08-24T00:26:19.4015705Z   self._warn("No data was collected.", slug="no-data-collected")
2025-08-24T00:26:19.5830534Z s                                                                        [100%]
2025-08-24T00:26:19.5830969Z ================================ tests coverage ================================
2025-08-24T00:26:19.5831372Z _______________ coverage: platform linux, python 3.12.11-final-0 _______________
2025-08-24T00:26:19.5831667Z 
2025-08-24T00:26:19.5831780Z Coverage XML written to file coverage.xml
2025-08-24T00:26:19.7139801Z Post job cleanup.
2025-08-24T00:26:19.8661261Z Cache hit occurred on the primary key setup-python-Linux-x64-24.04-Ubuntu-python-3.12.11-pip-cc13ccef493b9f3a93ad5651164d9fb09282c1111f6f72ce20e0657de16de6b4, not saving cache.
2025-08-24T00:26:19.8757370Z Post job cleanup.
2025-08-24T00:26:19.9532375Z [command]/usr/bin/git version
2025-08-24T00:26:19.9567315Z git version 2.51.0
2025-08-24T00:26:19.9604414Z Temporarily overriding HOME='/home/runner/work/_temp/6733f252-f0ca-4daa-8562-76c795e045e7' before making global git config changes
2025-08-24T00:26:19.9605718Z Adding repository directory to the temporary git global config as a safe directory
2025-08-24T00:26:19.9610251Z [command]/usr/bin/git config --global --add safe.directory /home/runner/work/AWA-App/AWA-App
2025-08-24T00:26:19.9646649Z [command]/usr/bin/git config --local --name-only --get-regexp core\.sshCommand
2025-08-24T00:26:19.9678978Z [command]/usr/bin/git submodule foreach --recursive sh -c "git config --local --name-only --get-regexp 'core\.sshCommand' && git config --local --unset-all 'core.sshCommand' || :"
2025-08-24T00:26:19.9903818Z [command]/usr/bin/git config --local --name-only --get-regexp http\.https\:\/\/github\.com\/\.extraheader
2025-08-24T00:26:19.9924707Z http.https://github.com/.extraheader
2025-08-24T00:26:19.9934587Z [command]/usr/bin/git config --local --unset-all http.https://github.com/.extraheader
2025-08-24T00:26:19.9965232Z [command]/usr/bin/git submodule foreach --recursive sh -c "git config --local --name-only --get-regexp 'http\.https\:\/\/github\.com\/\.extraheader' && git config --local --unset-all 'http.https://github.com/.extraheader' || :"
2025-08-24T00:26:20.0275154Z Print service container logs: 289e84c60c70435687ab17580cd9e1ee_postgres15_3f7142
2025-08-24T00:26:20.0279851Z ##[command]/usr/bin/docker logs --details d26dea6df92131a47eda806ad08105fe8a3eb11e5a807074a59f225cf622df4a
2025-08-24T00:26:20.0401354Z  initdb: warning: enabling "trust" authentication for local connections
2025-08-24T00:26:20.0402659Z  initdb: hint: You can change this by editing pg_hba.conf or using the option -A, or --auth-local and --auth-host, the next time you run initdb.
2025-08-24T00:26:20.0404079Z  2025-08-24 00:25:27.131 UTC [1] LOG:  starting PostgreSQL 15.14 (Debian 15.14-1.pgdg13+1) on x86_64-pc-linux-gnu, compiled by gcc (Debian 14.2.0-19) 14.2.0, 64-bit
2025-08-24T00:26:20.0405154Z  2025-08-24 00:25:27.131 UTC [1] LOG:  listening on IPv4 address "0.0.0.0", port 5432
2025-08-24T00:26:20.0405616Z  2025-08-24 00:25:27.131 UTC [1] LOG:  listening on IPv6 address "::", port 5432
2025-08-24T00:26:20.0406099Z  2025-08-24 00:25:27.132 UTC [1] LOG:  listening on Unix socket "/var/run/postgresql/.s.PGSQL.5432"
2025-08-24T00:26:20.0406574Z  2025-08-24 00:25:27.135 UTC [64] LOG:  database system was shut down at 2025-08-24 00:25:27 UTC
2025-08-24T00:26:20.0407002Z  2025-08-24 00:25:27.138 UTC [1] LOG:  database system is ready to accept connections
2025-08-24T00:26:20.0407458Z  The files belonging to this database system will be owned by user "postgres".
2025-08-24T00:26:20.0407829Z  This user must also own the server process.
2025-08-24T00:26:20.0408071Z  
2025-08-24T00:26:20.0408318Z  The database cluster will be initialized with locale "en_US.utf8".
2025-08-24T00:26:20.0408712Z  The default database encoding has accordingly been set to "UTF8".
2025-08-24T00:26:20.0409092Z  The default text search configuration will be set to "english".
2025-08-24T00:26:20.0409376Z  
2025-08-24T00:26:20.0409540Z  Data page checksums are disabled.
2025-08-24T00:26:20.0409744Z  
2025-08-24T00:26:20.0410003Z  fixing permissions on existing directory /var/lib/postgresql/data ... ok
2025-08-24T00:26:20.0410356Z  creating subdirectories ... ok
2025-08-24T00:26:20.0410637Z  selecting dynamic shared memory implementation ... posix
2025-08-24T00:26:20.0410938Z  selecting default max_connections ... 100
2025-08-24T00:26:20.0411203Z  selecting default shared_buffers ... 128MB
2025-08-24T00:26:20.0411460Z  selecting default time zone ... Etc/UTC
2025-08-24T00:26:20.0411709Z  creating configuration files ... ok
2025-08-24T00:26:20.0411947Z  running bootstrap script ... ok
2025-08-24T00:26:20.0412368Z  performing post-bootstrap initialization ... ok
2025-08-24T00:26:20.0412701Z  syncing data to disk ... ok
2025-08-24T00:26:20.0412941Z  
2025-08-24T00:26:20.0413332Z  
2025-08-24T00:26:20.0413694Z  Success. You can now start the database server using:
2025-08-24T00:26:20.0414138Z  
2025-08-24T00:26:20.0414467Z      pg_ctl -D /var/lib/postgresql/data -l logfile start
2025-08-24T00:26:20.0414902Z  
2025-08-24T00:26:20.0415468Z  waiting for server to start....2025-08-24 00:25:26.827 UTC [48] LOG:  starting PostgreSQL 15.14 (Debian 15.14-1.pgdg13+1) on x86_64-pc-linux-gnu, compiled by gcc (Debian 14.2.0-19) 14.2.0, 64-bit
2025-08-24T00:26:20.0416214Z  2025-08-24 00:25:26.829 UTC [48] LOG:  listening on Unix socket "/var/run/postgresql/.s.PGSQL.5432"
2025-08-24T00:26:20.0416699Z  2025-08-24 00:25:26.834 UTC [51] LOG:  database system was shut down at 2025-08-24 00:25:26 UTC
2025-08-24T00:26:20.0417135Z  2025-08-24 00:25:26.838 UTC [48] LOG:  database system is ready to accept connections
2025-08-24T00:26:20.0417447Z   done
2025-08-24T00:26:20.0417602Z  server started
2025-08-24T00:26:20.0417776Z  CREATE DATABASE
2025-08-24T00:26:20.0417940Z  
2025-08-24T00:26:20.0418072Z  
2025-08-24T00:26:20.0418365Z  /usr/local/bin/docker-entrypoint.sh: ignoring /docker-entrypoint-initdb.d/*
2025-08-24T00:26:20.0418720Z  
2025-08-24T00:26:20.0418930Z  2025-08-24 00:25:27.012 UTC [48] LOG:  received fast shutdown request
2025-08-24T00:26:20.0419605Z  waiting for server to shut down....2025-08-24 00:25:27.012 UTC [48] LOG:  aborting any active transactions
2025-08-24T00:26:20.0420201Z  2025-08-24 00:25:27.014 UTC [48] LOG:  background worker "logical replication launcher" (PID 54) exited with exit code 1
2025-08-24T00:26:20.0420782Z  2025-08-24 00:25:27.014 UTC [49] LOG:  shutting down
2025-08-24T00:26:20.0421112Z  2025-08-24 00:25:27.015 UTC [49] LOG:  checkpoint starting: shutdown immediate
2025-08-24T00:26:20.0421933Z  2025-08-24 00:25:27.052 UTC [49] LOG:  checkpoint complete: wrote 922 buffers (5.6%); 0 WAL file(s) added, 0 removed, 0 recycled; write=0.032 s, sync=0.004 s, total=0.038 s; sync files=301, longest=0.003 s, average=0.001 s; distance=4239 kB, estimate=4239 kB
2025-08-24T00:26:20.0422930Z  2025-08-24 00:25:27.058 UTC [48] LOG:  database system is shut down
2025-08-24T00:26:20.0423208Z   done
2025-08-24T00:26:20.0423363Z  server stopped
2025-08-24T00:26:20.0423528Z  
2025-08-24T00:26:20.0423731Z  PostgreSQL init process complete; ready for start up.
2025-08-24T00:26:20.0423998Z  
2025-08-24T00:26:20.0429267Z Stop and remove container: 289e84c60c70435687ab17580cd9e1ee_postgres15_3f7142
2025-08-24T00:26:20.0433892Z ##[command]/usr/bin/docker rm --force d26dea6df92131a47eda806ad08105fe8a3eb11e5a807074a59f225cf622df4a
2025-08-24T00:26:20.4413999Z d26dea6df92131a47eda806ad08105fe8a3eb11e5a807074a59f225cf622df4a
2025-08-24T00:26:20.4433653Z Print service container logs: 452eb19ae89d45a687e06bea15986945_redis7alpine_85ab35
2025-08-24T00:26:20.4434661Z ##[command]/usr/bin/docker logs --details f6b3565806d48401de93822f8caf33ec1eb621eeda639ac0faa738b22db1d4d1
2025-08-24T00:26:20.4553579Z  1:C 24 Aug 2025 00:25:28.939 # WARNING Memory overcommit must be enabled! Without it, a background save or replication may fail under low memory condition. Being disabled, it can also cause failures without low memory condition, see https://github.com/jemalloc/jemalloc/issues/1328. To fix this issue add 'vm.overcommit_memory = 1' to /etc/sysctl.conf and then reboot or run the command 'sysctl vm.overcommit_memory=1' for this to take effect.
2025-08-24T00:26:20.4555161Z  1:C 24 Aug 2025 00:25:28.939 * oO0OoO0OoO0Oo Redis is starting oO0OoO0OoO0Oo
2025-08-24T00:26:20.4555624Z  1:C 24 Aug 2025 00:25:28.939 * Redis version=7.4.5, bits=64, commit=00000000, modified=0, pid=1, just started
2025-08-24T00:26:20.4556338Z  1:C 24 Aug 2025 00:25:28.939 # Warning: no config file specified, using the default config. In order to specify a config file use redis-server /path/to/redis.conf
2025-08-24T00:26:20.4556952Z  1:M 24 Aug 2025 00:25:28.939 * monotonic clock: POSIX clock_gettime
2025-08-24T00:26:20.4557331Z  1:M 24 Aug 2025 00:25:28.940 * Running mode=standalone, port=6379.
2025-08-24T00:26:20.4557661Z  1:M 24 Aug 2025 00:25:28.940 * Server initialized
2025-08-24T00:26:20.4557962Z  1:M 24 Aug 2025 00:25:28.940 * Ready to accept connections tcp
2025-08-24T00:26:20.4565138Z Stop and remove container: 452eb19ae89d45a687e06bea15986945_redis7alpine_85ab35
2025-08-24T00:26:20.4565841Z ##[command]/usr/bin/docker rm --force f6b3565806d48401de93822f8caf33ec1eb621eeda639ac0faa738b22db1d4d1
2025-08-24T00:26:20.5626204Z f6b3565806d48401de93822f8caf33ec1eb621eeda639ac0faa738b22db1d4d1
2025-08-24T00:26:20.5649775Z Remove container network: github_network_1c64c67ae65b46ee8313c2ebc1f147f7
2025-08-24T00:26:20.5654668Z ##[command]/usr/bin/docker network rm github_network_1c64c67ae65b46ee8313c2ebc1f147f7
2025-08-24T00:26:20.6750204Z github_network_1c64c67ae65b46ee8313c2ebc1f147f7
2025-08-24T00:26:20.6807612Z Cleaning up orphan processes
