2025-08-21T08:36:59.4689051Z Current runner version: '2.328.0'
2025-08-21T08:36:59.4712155Z ##[group]Runner Image Provisioner
2025-08-21T08:36:59.4713107Z Hosted Compute Agent
2025-08-21T08:36:59.4713663Z Version: 20250818.377
2025-08-21T08:36:59.4714222Z Commit: 3c593e9f75fe0b87e893bca80d6e12ba089c61fc
2025-08-21T08:36:59.4715020Z Build Date: 2025-08-18T14:52:18Z
2025-08-21T08:36:59.4715603Z ##[endgroup]
2025-08-21T08:36:59.4716078Z ##[group]Operating System
2025-08-21T08:36:59.4716679Z Ubuntu
2025-08-21T08:36:59.4717119Z 24.04.2
2025-08-21T08:36:59.4717608Z LTS
2025-08-21T08:36:59.4718354Z ##[endgroup]
2025-08-21T08:36:59.4718969Z ##[group]Runner Image
2025-08-21T08:36:59.4719478Z Image: ubuntu-24.04
2025-08-21T08:36:59.4720037Z Version: 20250818.1.0
2025-08-21T08:36:59.4721042Z Included Software: https://github.com/actions/runner-images/blob/ubuntu24/20250818.1/images/ubuntu/Ubuntu2404-Readme.md
2025-08-21T08:36:59.4722534Z Image Release: https://github.com/actions/runner-images/releases/tag/ubuntu24%2F20250818.1
2025-08-21T08:36:59.4723535Z ##[endgroup]
2025-08-21T08:36:59.4725889Z ##[group]GITHUB_TOKEN Permissions
2025-08-21T08:36:59.4727799Z Actions: write
2025-08-21T08:36:59.4728587Z Attestations: write
2025-08-21T08:36:59.4729124Z Checks: write
2025-08-21T08:36:59.4729621Z Contents: write
2025-08-21T08:36:59.4730113Z Deployments: write
2025-08-21T08:36:59.4730602Z Discussions: write
2025-08-21T08:36:59.4731099Z Issues: write
2025-08-21T08:36:59.4731563Z Metadata: read
2025-08-21T08:36:59.4732063Z Models: read
2025-08-21T08:36:59.4732518Z Packages: write
2025-08-21T08:36:59.4733001Z Pages: write
2025-08-21T08:36:59.4733425Z PullRequests: write
2025-08-21T08:36:59.4734006Z RepositoryProjects: write
2025-08-21T08:36:59.4734530Z SecurityEvents: write
2025-08-21T08:36:59.4735152Z Statuses: write
2025-08-21T08:36:59.4735830Z ##[endgroup]
2025-08-21T08:36:59.4737745Z Secret source: Actions
2025-08-21T08:36:59.4738677Z Prepare workflow directory
2025-08-21T08:36:59.5157404Z Prepare all required actions
2025-08-21T08:36:59.5194444Z Getting action download info
2025-08-21T08:36:59.7785741Z Download action repository 'actions/checkout@v5' (SHA:08c6903cd8c0fde910a37f88322edcfb5dd907a8)
2025-08-21T08:36:59.8524001Z Download action repository 'actions/setup-python@v5' (SHA:a26af69be951a213d495a4c3e4e4022e16d87065)
2025-08-21T08:37:00.0170968Z Complete job name: migrations-check
2025-08-21T08:37:00.0655168Z ##[group]Checking docker version
2025-08-21T08:37:00.0668690Z ##[command]/usr/bin/docker version --format '{{.Server.APIVersion}}'
2025-08-21T08:37:00.1120756Z '1.48'
2025-08-21T08:37:00.1132900Z Docker daemon API version: '1.48'
2025-08-21T08:37:00.1133670Z ##[command]/usr/bin/docker version --format '{{.Client.APIVersion}}'
2025-08-21T08:37:00.1299972Z '1.48'
2025-08-21T08:37:00.1312995Z Docker client API version: '1.48'
2025-08-21T08:37:00.1318827Z ##[endgroup]
2025-08-21T08:37:00.1322411Z ##[group]Clean up resources from previous jobs
2025-08-21T08:37:00.1327177Z ##[command]/usr/bin/docker ps --all --quiet --no-trunc --filter "label=75a986"
2025-08-21T08:37:00.1459504Z ##[command]/usr/bin/docker network prune --force --filter "label=75a986"
2025-08-21T08:37:00.1582433Z ##[endgroup]
2025-08-21T08:37:00.1582901Z ##[group]Create local container network
2025-08-21T08:37:00.1592560Z ##[command]/usr/bin/docker network create --label 75a986 github_network_0141d099f0dd459cb8263416a00d2c2f
2025-08-21T08:37:00.2082057Z cab0a80e4c4cf49e89c6228e81fa09e5cbb12fe0dea1ece9fd6626c485bb5f10
2025-08-21T08:37:00.2100771Z ##[endgroup]
2025-08-21T08:37:00.2124276Z ##[group]Starting postgres service container
2025-08-21T08:37:00.2143245Z ##[command]/usr/bin/docker pull postgres:15
2025-08-21T08:37:00.4145151Z 15: Pulling from library/postgres
2025-08-21T08:37:00.4870838Z 396b1da7636e: Pulling fs layer
2025-08-21T08:37:00.4872179Z fca2566eba32: Pulling fs layer
2025-08-21T08:37:00.4873410Z 631fe8c6d606: Pulling fs layer
2025-08-21T08:37:00.4874694Z 77c7671c4414: Pulling fs layer
2025-08-21T08:37:00.4875935Z 2d9e29180a27: Pulling fs layer
2025-08-21T08:37:00.4877194Z c6bcc2c9a041: Pulling fs layer
2025-08-21T08:37:00.4879156Z ac4b721eb66f: Pulling fs layer
2025-08-21T08:37:00.4880470Z 606bd164980e: Pulling fs layer
2025-08-21T08:37:00.4881879Z f5dfd246bc6e: Pulling fs layer
2025-08-21T08:37:00.4883205Z ba7036bb0a60: Pulling fs layer
2025-08-21T08:37:00.4884522Z 799f859abbbd: Pulling fs layer
2025-08-21T08:37:00.4885867Z d903e777080c: Pulling fs layer
2025-08-21T08:37:00.4887228Z 04adcb462801: Pulling fs layer
2025-08-21T08:37:00.4888772Z 5c10925b29ff: Pulling fs layer
2025-08-21T08:37:00.4890076Z 606bd164980e: Waiting
2025-08-21T08:37:00.4891211Z f5dfd246bc6e: Waiting
2025-08-21T08:37:00.4892394Z ba7036bb0a60: Waiting
2025-08-21T08:37:00.4893560Z 799f859abbbd: Waiting
2025-08-21T08:37:00.4894722Z 2d9e29180a27: Waiting
2025-08-21T08:37:00.4895872Z c6bcc2c9a041: Waiting
2025-08-21T08:37:00.4897017Z d903e777080c: Waiting
2025-08-21T08:37:00.4898477Z 04adcb462801: Waiting
2025-08-21T08:37:00.4899665Z 5c10925b29ff: Waiting
2025-08-21T08:37:00.4900972Z ac4b721eb66f: Waiting
2025-08-21T08:37:00.4902335Z 77c7671c4414: Waiting
2025-08-21T08:37:00.6768468Z fca2566eba32: Verifying Checksum
2025-08-21T08:37:00.6770267Z fca2566eba32: Download complete
2025-08-21T08:37:00.7019645Z 631fe8c6d606: Verifying Checksum
2025-08-21T08:37:00.7023747Z 631fe8c6d606: Download complete
2025-08-21T08:37:00.7716672Z 77c7671c4414: Verifying Checksum
2025-08-21T08:37:00.7720069Z 77c7671c4414: Download complete
2025-08-21T08:37:00.7886742Z 2d9e29180a27: Verifying Checksum
2025-08-21T08:37:00.7888699Z 2d9e29180a27: Download complete
2025-08-21T08:37:00.8322189Z c6bcc2c9a041: Verifying Checksum
2025-08-21T08:37:00.8325004Z c6bcc2c9a041: Download complete
2025-08-21T08:37:00.8522464Z ac4b721eb66f: Verifying Checksum
2025-08-21T08:37:00.8524436Z ac4b721eb66f: Download complete
2025-08-21T08:37:00.8780618Z 396b1da7636e: Verifying Checksum
2025-08-21T08:37:00.8781970Z 396b1da7636e: Download complete
2025-08-21T08:37:00.8907582Z 606bd164980e: Verifying Checksum
2025-08-21T08:37:00.8908658Z 606bd164980e: Download complete
2025-08-21T08:37:00.9356314Z ba7036bb0a60: Verifying Checksum
2025-08-21T08:37:00.9358232Z ba7036bb0a60: Download complete
2025-08-21T08:37:00.9486127Z 799f859abbbd: Verifying Checksum
2025-08-21T08:37:00.9486738Z 799f859abbbd: Download complete
2025-08-21T08:37:00.9970535Z d903e777080c: Verifying Checksum
2025-08-21T08:37:00.9971953Z d903e777080c: Download complete
2025-08-21T08:37:00.9974452Z 04adcb462801: Verifying Checksum
2025-08-21T08:37:00.9975006Z 04adcb462801: Download complete
2025-08-21T08:37:01.0516964Z 5c10925b29ff: Verifying Checksum
2025-08-21T08:37:01.0517718Z 5c10925b29ff: Download complete
2025-08-21T08:37:01.5723107Z f5dfd246bc6e: Verifying Checksum
2025-08-21T08:37:01.5724190Z f5dfd246bc6e: Download complete
2025-08-21T08:37:01.9154153Z 396b1da7636e: Pull complete
2025-08-21T08:37:02.8765118Z fca2566eba32: Pull complete
2025-08-21T08:37:03.0495562Z 631fe8c6d606: Pull complete
2025-08-21T08:37:03.0935202Z 77c7671c4414: Pull complete
2025-08-21T08:37:03.4043887Z 2d9e29180a27: Pull complete
2025-08-21T08:37:03.4913028Z c6bcc2c9a041: Pull complete
2025-08-21T08:37:03.5002489Z ac4b721eb66f: Pull complete
2025-08-21T08:37:03.5112432Z 606bd164980e: Pull complete
2025-08-21T08:37:06.4353557Z f5dfd246bc6e: Pull complete
2025-08-21T08:37:06.4520311Z ba7036bb0a60: Pull complete
2025-08-21T08:37:06.4653992Z 799f859abbbd: Pull complete
2025-08-21T08:37:06.4781309Z d903e777080c: Pull complete
2025-08-21T08:37:06.4905051Z 04adcb462801: Pull complete
2025-08-21T08:37:06.5026724Z 5c10925b29ff: Pull complete
2025-08-21T08:37:06.5077086Z Digest: sha256:bc51cf4f1fe02cce7ed2370b20128a9b00b4eb804573a77d2a0d877aaa9c82b1
2025-08-21T08:37:06.5095044Z Status: Downloaded newer image for postgres:15
2025-08-21T08:37:06.5104870Z docker.io/library/postgres:15
2025-08-21T08:37:06.5166907Z ##[command]/usr/bin/docker create --name 0834d5788aa54735bd5ed827eb13d7f8_postgres15_534e97 --label 75a986 --network github_network_0141d099f0dd459cb8263416a00d2c2f --network-alias postgres -p 5432:5432 --health-cmd="pg_isready -U postgres -d awa" --health-interval=5s --health-timeout=5s --health-retries=10 -e "POSTGRES_USER=postgres" -e "POSTGRES_PASSWORD=pass" -e "POSTGRES_DB=awa" -e GITHUB_ACTIONS=true -e CI=true postgres:15
2025-08-21T08:37:06.5440942Z 53e19fa19df1cc14d213e75749bc409455e27d0eff2e5c0fe1dc8a06b211273d
2025-08-21T08:37:06.5463344Z ##[command]/usr/bin/docker start 53e19fa19df1cc14d213e75749bc409455e27d0eff2e5c0fe1dc8a06b211273d
2025-08-21T08:37:06.7227089Z 53e19fa19df1cc14d213e75749bc409455e27d0eff2e5c0fe1dc8a06b211273d
2025-08-21T08:37:06.7248237Z ##[command]/usr/bin/docker ps --all --filter id=53e19fa19df1cc14d213e75749bc409455e27d0eff2e5c0fe1dc8a06b211273d --filter status=running --no-trunc --format "{{.ID}} {{.Status}}"
2025-08-21T08:37:06.7377322Z 53e19fa19df1cc14d213e75749bc409455e27d0eff2e5c0fe1dc8a06b211273d Up Less than a second (health: starting)
2025-08-21T08:37:06.7400780Z ##[command]/usr/bin/docker port 53e19fa19df1cc14d213e75749bc409455e27d0eff2e5c0fe1dc8a06b211273d
2025-08-21T08:37:06.7529047Z 5432/tcp -> 0.0.0.0:5432
2025-08-21T08:37:06.7529607Z 5432/tcp -> [::]:5432
2025-08-21T08:37:06.7576563Z ##[endgroup]
2025-08-21T08:37:06.7577519Z ##[group]Starting redis service container
2025-08-21T08:37:06.7578987Z ##[command]/usr/bin/docker pull redis:7-alpine
2025-08-21T08:37:06.9817367Z 7-alpine: Pulling from library/redis
2025-08-21T08:37:07.0370094Z 0368fd46e3c6: Pulling fs layer
2025-08-21T08:37:07.0370855Z 4c55286bbede: Pulling fs layer
2025-08-21T08:37:07.0371286Z 5e28347af205: Pulling fs layer
2025-08-21T08:37:07.0371669Z 311eca34042e: Pulling fs layer
2025-08-21T08:37:07.0372054Z e6fe6f07e192: Pulling fs layer
2025-08-21T08:37:07.0372419Z a2cadbfeca72: Pulling fs layer
2025-08-21T08:37:07.0372774Z 4f4fb700ef54: Pulling fs layer
2025-08-21T08:37:07.0373132Z a976ed7e7808: Pulling fs layer
2025-08-21T08:37:07.0373492Z e6fe6f07e192: Waiting
2025-08-21T08:37:07.0373809Z a2cadbfeca72: Waiting
2025-08-21T08:37:07.0374105Z 4f4fb700ef54: Waiting
2025-08-21T08:37:07.0374398Z a976ed7e7808: Waiting
2025-08-21T08:37:07.0374704Z 311eca34042e: Waiting
2025-08-21T08:37:07.0878597Z 4c55286bbede: Verifying Checksum
2025-08-21T08:37:07.0879086Z 4c55286bbede: Download complete
2025-08-21T08:37:07.0936223Z 5e28347af205: Verifying Checksum
2025-08-21T08:37:07.0939993Z 5e28347af205: Download complete
2025-08-21T08:37:07.1431946Z 0368fd46e3c6: Verifying Checksum
2025-08-21T08:37:07.1432715Z 0368fd46e3c6: Download complete
2025-08-21T08:37:07.1457797Z 311eca34042e: Verifying Checksum
2025-08-21T08:37:07.1458992Z 311eca34042e: Download complete
2025-08-21T08:37:07.2037724Z 4f4fb700ef54: Verifying Checksum
2025-08-21T08:37:07.2041838Z 4f4fb700ef54: Download complete
2025-08-21T08:37:07.2042548Z a2cadbfeca72: Verifying Checksum
2025-08-21T08:37:07.2044694Z a2cadbfeca72: Download complete
2025-08-21T08:37:07.2167033Z e6fe6f07e192: Verifying Checksum
2025-08-21T08:37:07.2169844Z e6fe6f07e192: Download complete
2025-08-21T08:37:07.2529014Z a976ed7e7808: Verifying Checksum
2025-08-21T08:37:07.2530471Z a976ed7e7808: Download complete
2025-08-21T08:37:07.2755779Z 0368fd46e3c6: Pull complete
2025-08-21T08:37:07.3070545Z 4c55286bbede: Pull complete
2025-08-21T08:37:07.4693624Z 5e28347af205: Pull complete
2025-08-21T08:37:07.4963165Z 311eca34042e: Pull complete
2025-08-21T08:37:07.6853777Z e6fe6f07e192: Pull complete
2025-08-21T08:37:07.6984306Z a2cadbfeca72: Pull complete
2025-08-21T08:37:07.7093047Z 4f4fb700ef54: Pull complete
2025-08-21T08:37:07.7238088Z a976ed7e7808: Pull complete
2025-08-21T08:37:07.7284110Z Digest: sha256:bb186d083732f669da90be8b0f975a37812b15e913465bb14d845db72a4e3e08
2025-08-21T08:37:07.7293516Z Status: Downloaded newer image for redis:7-alpine
2025-08-21T08:37:07.7302403Z docker.io/library/redis:7-alpine
2025-08-21T08:37:07.7318523Z ##[command]/usr/bin/docker create --name 27d5b011babb487da22581be99406dff_redis7alpine_760daa --label 75a986 --network github_network_0141d099f0dd459cb8263416a00d2c2f --network-alias redis -p 6379:6379  -e GITHUB_ACTIONS=true -e CI=true redis:7-alpine
2025-08-21T08:37:07.7567304Z 4e9ae23705684cc3d05f6f268be04abbb9fb95c120f38835e0d6a6f7b064e64c
2025-08-21T08:37:07.7581020Z ##[command]/usr/bin/docker start 4e9ae23705684cc3d05f6f268be04abbb9fb95c120f38835e0d6a6f7b064e64c
2025-08-21T08:37:07.8907063Z 4e9ae23705684cc3d05f6f268be04abbb9fb95c120f38835e0d6a6f7b064e64c
2025-08-21T08:37:07.8926198Z ##[command]/usr/bin/docker ps --all --filter id=4e9ae23705684cc3d05f6f268be04abbb9fb95c120f38835e0d6a6f7b064e64c --filter status=running --no-trunc --format "{{.ID}} {{.Status}}"
2025-08-21T08:37:07.9050007Z 4e9ae23705684cc3d05f6f268be04abbb9fb95c120f38835e0d6a6f7b064e64c Up Less than a second
2025-08-21T08:37:07.9061834Z ##[command]/usr/bin/docker port 4e9ae23705684cc3d05f6f268be04abbb9fb95c120f38835e0d6a6f7b064e64c
2025-08-21T08:37:07.9172091Z 6379/tcp -> 0.0.0.0:6379
2025-08-21T08:37:07.9172453Z 6379/tcp -> [::]:6379
2025-08-21T08:37:07.9184718Z ##[endgroup]
2025-08-21T08:37:07.9195620Z ##[group]Waiting for all services to be ready
2025-08-21T08:37:07.9209112Z ##[command]/usr/bin/docker inspect --format="{{if .Config.Healthcheck}}{{print .State.Health.Status}}{{end}}" 53e19fa19df1cc14d213e75749bc409455e27d0eff2e5c0fe1dc8a06b211273d
2025-08-21T08:37:07.9317716Z starting
2025-08-21T08:37:07.9337494Z postgres service is starting, waiting 2 seconds before checking again.
2025-08-21T08:37:09.9340080Z ##[command]/usr/bin/docker inspect --format="{{if .Config.Healthcheck}}{{print .State.Health.Status}}{{end}}" 53e19fa19df1cc14d213e75749bc409455e27d0eff2e5c0fe1dc8a06b211273d
2025-08-21T08:37:09.9459677Z starting
2025-08-21T08:37:09.9472096Z postgres service is starting, waiting 4 seconds before checking again.
2025-08-21T08:37:14.1813439Z ##[command]/usr/bin/docker inspect --format="{{if .Config.Healthcheck}}{{print .State.Health.Status}}{{end}}" 53e19fa19df1cc14d213e75749bc409455e27d0eff2e5c0fe1dc8a06b211273d
2025-08-21T08:37:14.1933863Z healthy
2025-08-21T08:37:14.1949820Z postgres service is healthy.
2025-08-21T08:37:14.1950624Z ##[command]/usr/bin/docker inspect --format="{{if .Config.Healthcheck}}{{print .State.Health.Status}}{{end}}" 4e9ae23705684cc3d05f6f268be04abbb9fb95c120f38835e0d6a6f7b064e64c
2025-08-21T08:37:14.2077156Z redis service is healthy.
2025-08-21T08:37:14.2077774Z ##[endgroup]
2025-08-21T08:37:14.2387757Z ##[group]Run actions/checkout@v5
2025-08-21T08:37:14.2388508Z with:
2025-08-21T08:37:14.2388715Z   repository: AlexBomber12/AWA-App
2025-08-21T08:37:14.2389087Z   token: ***
2025-08-21T08:37:14.2389274Z   ssh-strict: true
2025-08-21T08:37:14.2389452Z   ssh-user: git
2025-08-21T08:37:14.2389645Z   persist-credentials: true
2025-08-21T08:37:14.2389863Z   clean: true
2025-08-21T08:37:14.2390054Z   sparse-checkout-cone-mode: true
2025-08-21T08:37:14.2390284Z   fetch-depth: 1
2025-08-21T08:37:14.2390464Z   fetch-tags: false
2025-08-21T08:37:14.2390655Z   show-progress: true
2025-08-21T08:37:14.2390832Z   lfs: false
2025-08-21T08:37:14.2390996Z   submodules: false
2025-08-21T08:37:14.2391175Z   set-safe-directory: true
2025-08-21T08:37:14.2391542Z env:
2025-08-21T08:37:14.2391765Z   REDIS_URL: redis://localhost:6379/0
2025-08-21T08:37:14.2392077Z   RATE_LIMIT_DEFAULT: 100/minute
2025-08-21T08:37:14.2392293Z   TRUST_X_FORWARDED: 1
2025-08-21T08:37:14.2392476Z ##[endgroup]
2025-08-21T08:37:14.3277551Z Syncing repository: AlexBomber12/AWA-App
2025-08-21T08:37:14.3278962Z ##[group]Getting Git version info
2025-08-21T08:37:14.3279322Z Working directory is '/home/runner/work/AWA-App/AWA-App'
2025-08-21T08:37:14.3279819Z [command]/usr/bin/git version
2025-08-21T08:37:14.3300689Z git version 2.51.0
2025-08-21T08:37:14.3320596Z ##[endgroup]
2025-08-21T08:37:14.3335980Z Temporarily overriding HOME='/home/runner/work/_temp/ac01e024-fed0-4b3d-9dfd-9517df95fb57' before making global git config changes
2025-08-21T08:37:14.3337322Z Adding repository directory to the temporary git global config as a safe directory
2025-08-21T08:37:14.3341686Z [command]/usr/bin/git config --global --add safe.directory /home/runner/work/AWA-App/AWA-App
2025-08-21T08:37:14.3375462Z Deleting the contents of '/home/runner/work/AWA-App/AWA-App'
2025-08-21T08:37:14.3379233Z ##[group]Initializing the repository
2025-08-21T08:37:14.3383903Z [command]/usr/bin/git init /home/runner/work/AWA-App/AWA-App
2025-08-21T08:37:14.3450885Z hint: Using 'master' as the name for the initial branch. This default branch name
2025-08-21T08:37:14.3451647Z hint: is subject to change. To configure the initial branch name to use in all
2025-08-21T08:37:14.3452225Z hint: of your new repositories, which will suppress this warning, call:
2025-08-21T08:37:14.3452799Z hint:
2025-08-21T08:37:14.3453247Z hint: 	git config --global init.defaultBranch <name>
2025-08-21T08:37:14.3453764Z hint:
2025-08-21T08:37:14.3454237Z hint: Names commonly chosen instead of 'master' are 'main', 'trunk' and
2025-08-21T08:37:14.3455020Z hint: 'development'. The just-created branch can be renamed via this command:
2025-08-21T08:37:14.3455598Z hint:
2025-08-21T08:37:14.3455893Z hint: 	git branch -m <name>
2025-08-21T08:37:14.3456228Z hint:
2025-08-21T08:37:14.3456712Z hint: Disable this message with "git config set advice.defaultBranchName false"
2025-08-21T08:37:14.3457564Z Initialized empty Git repository in /home/runner/work/AWA-App/AWA-App/.git/
2025-08-21T08:37:14.3466638Z [command]/usr/bin/git remote add origin https://github.com/AlexBomber12/AWA-App
2025-08-21T08:37:14.3500565Z ##[endgroup]
2025-08-21T08:37:14.3500932Z ##[group]Disabling automatic garbage collection
2025-08-21T08:37:14.3504206Z [command]/usr/bin/git config --local gc.auto 0
2025-08-21T08:37:14.3530477Z ##[endgroup]
2025-08-21T08:37:14.3531026Z ##[group]Setting up auth
2025-08-21T08:37:14.3537176Z [command]/usr/bin/git config --local --name-only --get-regexp core\.sshCommand
2025-08-21T08:37:14.3567214Z [command]/usr/bin/git submodule foreach --recursive sh -c "git config --local --name-only --get-regexp 'core\.sshCommand' && git config --local --unset-all 'core.sshCommand' || :"
2025-08-21T08:37:14.3830132Z [command]/usr/bin/git config --local --name-only --get-regexp http\.https\:\/\/github\.com\/\.extraheader
2025-08-21T08:37:14.3859282Z [command]/usr/bin/git submodule foreach --recursive sh -c "git config --local --name-only --get-regexp 'http\.https\:\/\/github\.com\/\.extraheader' && git config --local --unset-all 'http.https://github.com/.extraheader' || :"
2025-08-21T08:37:14.4106655Z [command]/usr/bin/git config --local http.https://github.com/.extraheader AUTHORIZATION: basic ***
2025-08-21T08:37:14.4139772Z ##[endgroup]
2025-08-21T08:37:14.4140324Z ##[group]Fetching the repository
2025-08-21T08:37:14.4148709Z [command]/usr/bin/git -c protocol.version=2 fetch --no-tags --prune --no-recurse-submodules --depth=1 origin +1d1e7e4f11b9ac9b20b553beb5754ec863d5b3bf:refs/remotes/pull/327/merge
2025-08-21T08:37:14.6606981Z From https://github.com/AlexBomber12/AWA-App
2025-08-21T08:37:14.6607539Z  * [new ref]         1d1e7e4f11b9ac9b20b553beb5754ec863d5b3bf -> pull/327/merge
2025-08-21T08:37:14.6637408Z ##[endgroup]
2025-08-21T08:37:14.6638242Z ##[group]Determining the checkout info
2025-08-21T08:37:14.6641067Z ##[endgroup]
2025-08-21T08:37:14.6646211Z [command]/usr/bin/git sparse-checkout disable
2025-08-21T08:37:14.6685016Z [command]/usr/bin/git config --local --unset-all extensions.worktreeConfig
2025-08-21T08:37:14.6711101Z ##[group]Checking out the ref
2025-08-21T08:37:14.6714772Z [command]/usr/bin/git checkout --progress --force refs/remotes/pull/327/merge
2025-08-21T08:37:14.7038693Z Note: switching to 'refs/remotes/pull/327/merge'.
2025-08-21T08:37:14.7039084Z 
2025-08-21T08:37:14.7039485Z You are in 'detached HEAD' state. You can look around, make experimental
2025-08-21T08:37:14.7040287Z changes and commit them, and you can discard any commits you make in this
2025-08-21T08:37:14.7041100Z state without impacting any branches by switching back to a branch.
2025-08-21T08:37:14.7041551Z 
2025-08-21T08:37:14.7041852Z If you want to create a new branch to retain commits you create, you may
2025-08-21T08:37:14.7042559Z do so (now or later) by using -c with the switch command. Example:
2025-08-21T08:37:14.7042962Z 
2025-08-21T08:37:14.7043136Z   git switch -c <new-branch-name>
2025-08-21T08:37:14.7043656Z 
2025-08-21T08:37:14.7043814Z Or undo this operation with:
2025-08-21T08:37:14.7044073Z 
2025-08-21T08:37:14.7044209Z   git switch -
2025-08-21T08:37:14.7044412Z 
2025-08-21T08:37:14.7044766Z Turn off this advice by setting config variable advice.detachedHead to false
2025-08-21T08:37:14.7045242Z 
2025-08-21T08:37:14.7045574Z HEAD is now at 1d1e7e4 Merge c9ea34a696510f1c6ad99075018e7f3ab537332f into 2a89d3fad226f2b9a298a63379f49780ae5271ea
2025-08-21T08:37:14.7049488Z ##[endgroup]
2025-08-21T08:37:14.7083637Z [command]/usr/bin/git log -1 --format=%H
2025-08-21T08:37:14.7106197Z 1d1e7e4f11b9ac9b20b553beb5754ec863d5b3bf
2025-08-21T08:37:14.7266116Z ##[group]Run cat .env.ci >> "$GITHUB_ENV"
2025-08-21T08:37:14.7266472Z [36;1mcat .env.ci >> "$GITHUB_ENV"[0m
2025-08-21T08:37:14.7267157Z [36;1mecho "DATABASE_URL=***localhost:5432/awa" >> "$GITHUB_ENV"[0m
2025-08-21T08:37:14.7267504Z [36;1mecho "PG_HOST=localhost" >> "$GITHUB_ENV"[0m
2025-08-21T08:37:14.7267817Z [36;1mecho "PG_PORT=5432" >> "$GITHUB_ENV"[0m
2025-08-21T08:37:14.7268249Z [36;1mecho "PG_USER=postgres" >> "$GITHUB_ENV"[0m
2025-08-21T08:37:14.7268536Z [36;1mecho "PG_PASSWORD=pass" >> "$GITHUB_ENV"[0m
2025-08-21T08:37:14.7268818Z [36;1mecho "PG_DATABASE=awa" >> "$GITHUB_ENV"[0m
2025-08-21T08:37:14.7312302Z shell: /usr/bin/bash -e {0}
2025-08-21T08:37:14.7312546Z env:
2025-08-21T08:37:14.7312757Z   REDIS_URL: redis://localhost:6379/0
2025-08-21T08:37:14.7313018Z   RATE_LIMIT_DEFAULT: 100/minute
2025-08-21T08:37:14.7313243Z   TRUST_X_FORWARDED: 1
2025-08-21T08:37:14.7313428Z ##[endgroup]
2025-08-21T08:37:14.7485776Z ##[group]Run actions/setup-python@v5
2025-08-21T08:37:14.7486060Z with:
2025-08-21T08:37:14.7486244Z   python-version: 3.12
2025-08-21T08:37:14.7486451Z   cache: pip
2025-08-21T08:37:14.7486664Z   cache-dependency-path: requirements-dev.txt
2025-08-21T08:37:14.7486941Z   check-latest: false
2025-08-21T08:37:14.7487260Z   token: ***
2025-08-21T08:37:14.7487447Z   update-environment: true
2025-08-21T08:37:14.7487683Z   allow-prereleases: false
2025-08-21T08:37:14.7487881Z   freethreaded: false
2025-08-21T08:37:14.7488273Z env:
2025-08-21T08:37:14.7488461Z   REDIS_URL: redis://localhost:6379/0
2025-08-21T08:37:14.7488709Z   RATE_LIMIT_DEFAULT: 100/minute
2025-08-21T08:37:14.7488919Z   TRUST_X_FORWARDED: 1
2025-08-21T08:37:14.7489108Z   PG_USER: postgres
2025-08-21T08:37:14.7489283Z   PG_PASSWORD: pass
2025-08-21T08:37:14.7489466Z   PG_DATABASE: awa
2025-08-21T08:37:14.7489642Z   PG_HOST: localhost
2025-08-21T08:37:14.7489817Z   PG_PORT: 5432
2025-08-21T08:37:14.7490232Z   PG_SYNC_DSN: ***localhost:5432/awa
2025-08-21T08:37:14.7490605Z   PG_ASYNC_DSN: ***localhost:5432/awa
2025-08-21T08:37:14.7490973Z   DATABASE_URL: ***localhost:5432/awa
2025-08-21T08:37:14.7491198Z   DATA_DIR: /tmp/awa-data
2025-08-21T08:37:14.7491392Z   ENABLE_LIVE: 0
2025-08-21T08:37:14.7491555Z   TESTING: 1
2025-08-21T08:37:14.7491718Z ##[endgroup]
2025-08-21T08:37:14.9108959Z ##[group]Installed versions
2025-08-21T08:37:14.9206517Z Successfully set up CPython (3.12.11)
2025-08-21T08:37:14.9207331Z ##[endgroup]
2025-08-21T08:37:14.9475837Z [command]/opt/hostedtoolcache/Python/3.12.11/x64/bin/pip cache dir
2025-08-21T08:37:15.2321793Z /home/runner/.cache/pip
2025-08-21T08:37:15.3693194Z Cache hit for: setup-python-Linux-x64-24.04-Ubuntu-python-3.12.11-pip-cc13ccef493b9f3a93ad5651164d9fb09282c1111f6f72ce20e0657de16de6b4
2025-08-21T08:37:16.4267743Z Received 201326592 of 376053341 (53.5%), 192.0 MBs/sec
2025-08-21T08:37:17.3391608Z Received 376053341 of 376053341 (100.0%), 187.6 MBs/sec
2025-08-21T08:37:17.3393535Z Cache Size: ~359 MB (376053341 B)
2025-08-21T08:37:17.3510864Z [command]/usr/bin/tar -xf /home/runner/work/_temp/d3f16f37-1d06-4ed5-a71d-c20361c42010/cache.tzst -P -C /home/runner/work/AWA-App/AWA-App --use-compress-program unzstd
2025-08-21T08:37:17.9636084Z Cache restored successfully
2025-08-21T08:37:18.0345188Z Cache restored from key: setup-python-Linux-x64-24.04-Ubuntu-python-3.12.11-pip-cc13ccef493b9f3a93ad5651164d9fb09282c1111f6f72ce20e0657de16de6b4
2025-08-21T08:37:18.0499659Z ##[group]Run pip install --break-system-packages -r requirements-dev.txt
2025-08-21T08:37:18.0500209Z [36;1mpip install --break-system-packages -r requirements-dev.txt[0m
2025-08-21T08:37:18.0500646Z [36;1mpip install --break-system-packages keepa==1.3.15 minio==7.1.15[0m
2025-08-21T08:37:18.0545466Z shell: /usr/bin/bash -e {0}
2025-08-21T08:37:18.0545701Z env:
2025-08-21T08:37:18.0545916Z   REDIS_URL: redis://localhost:6379/0
2025-08-21T08:37:18.0546184Z   RATE_LIMIT_DEFAULT: 100/minute
2025-08-21T08:37:18.0546412Z   TRUST_X_FORWARDED: 1
2025-08-21T08:37:18.0546615Z   PG_USER: postgres
2025-08-21T08:37:18.0546819Z   PG_PASSWORD: pass
2025-08-21T08:37:18.0547002Z   PG_DATABASE: awa
2025-08-21T08:37:18.0547192Z   PG_HOST: localhost
2025-08-21T08:37:18.0547382Z   PG_PORT: 5432
2025-08-21T08:37:18.0547901Z   PG_SYNC_DSN: ***localhost:5432/awa
2025-08-21T08:37:18.0548512Z   PG_ASYNC_DSN: ***localhost:5432/awa
2025-08-21T08:37:18.0548919Z   DATABASE_URL: ***localhost:5432/awa
2025-08-21T08:37:18.0549195Z   DATA_DIR: /tmp/awa-data
2025-08-21T08:37:18.0549422Z   ENABLE_LIVE: 0
2025-08-21T08:37:18.0549604Z   TESTING: 1
2025-08-21T08:37:18.0549837Z   pythonLocation: /opt/hostedtoolcache/Python/3.12.11/x64
2025-08-21T08:37:18.0550254Z   PKG_CONFIG_PATH: /opt/hostedtoolcache/Python/3.12.11/x64/lib/pkgconfig
2025-08-21T08:37:18.0550644Z   Python_ROOT_DIR: /opt/hostedtoolcache/Python/3.12.11/x64
2025-08-21T08:37:18.0550994Z   Python2_ROOT_DIR: /opt/hostedtoolcache/Python/3.12.11/x64
2025-08-21T08:37:18.0551352Z   Python3_ROOT_DIR: /opt/hostedtoolcache/Python/3.12.11/x64
2025-08-21T08:37:18.0551718Z   LD_LIBRARY_PATH: /opt/hostedtoolcache/Python/3.12.11/x64/lib
2025-08-21T08:37:18.0552018Z ##[endgroup]
2025-08-21T08:37:19.0866008Z Collecting Jinja2==3.1.6 (from -r requirements-dev.txt (line 2))
2025-08-21T08:37:19.0880003Z   Using cached jinja2-3.1.6-py3-none-any.whl.metadata (2.9 kB)
2025-08-21T08:37:19.1099861Z Collecting alembic==1.16.4 (from -r requirements-dev.txt (line 3))
2025-08-21T08:37:19.1111982Z   Using cached alembic-1.16.4-py3-none-any.whl.metadata (7.3 kB)
2025-08-21T08:37:19.1274804Z Collecting apscheduler==3.10.4 (from -r requirements-dev.txt (line 4))
2025-08-21T08:37:19.1286459Z   Using cached APScheduler-3.10.4-py3-none-any.whl.metadata (5.7 kB)
2025-08-21T08:37:19.1438156Z Collecting asgi-correlation-id==4.3.1 (from -r requirements-dev.txt (line 5))
2025-08-21T08:37:19.1449878Z   Using cached asgi_correlation_id-4.3.1-py3-none-any.whl.metadata (28 kB)
2025-08-21T08:37:19.1851480Z Collecting asyncpg==0.30.0 (from -r requirements-dev.txt (line 6))
2025-08-21T08:37:19.1863387Z   Using cached asyncpg-0.30.0-cp312-cp312-manylinux_2_17_x86_64.manylinux2014_x86_64.whl.metadata (5.0 kB)
2025-08-21T08:37:19.2295740Z Collecting black==25.1.0 (from -r requirements-dev.txt (line 7))
2025-08-21T08:37:19.2307347Z   Using cached black-25.1.0-cp312-cp312-manylinux_2_17_x86_64.manylinux2014_x86_64.manylinux_2_28_x86_64.whl.metadata (81 kB)
2025-08-21T08:37:19.5616898Z Collecting boto3 (from -r requirements-dev.txt (line 8))
2025-08-21T08:37:19.5629864Z   Using cached boto3-1.40.14-py3-none-any.whl.metadata (6.7 kB)
2025-08-21T08:37:19.5912266Z Collecting redis==6.* (from -r requirements-dev.txt (line 9))
2025-08-21T08:37:19.5923923Z   Using cached redis-6.4.0-py3-none-any.whl.metadata (10 kB)
2025-08-21T08:37:19.6229598Z Collecting minio==7.* (from -r requirements-dev.txt (line 10))
2025-08-21T08:37:19.6240576Z   Using cached minio-7.2.16-py3-none-any.whl.metadata (6.5 kB)
2025-08-21T08:37:19.6385002Z Collecting vulture==2.10 (from -r requirements-dev.txt (line 11))
2025-08-21T08:37:19.6395698Z   Using cached vulture-2.10-py2.py3-none-any.whl.metadata (23 kB)
2025-08-21T08:37:19.6700211Z Collecting celery==5.5.3 (from -r requirements-dev.txt (line 12))
2025-08-21T08:37:19.6711323Z   Using cached celery-5.5.3-py3-none-any.whl.metadata (22 kB)
2025-08-21T08:37:19.7276141Z Collecting fastapi==0.116.1 (from -r requirements-dev.txt (line 13))
2025-08-21T08:37:19.7287532Z   Using cached fastapi-0.116.1-py3-none-any.whl.metadata (28 kB)
2025-08-21T08:37:19.7422864Z Collecting fastapi-limiter==0.1.6 (from -r requirements-dev.txt (line 15))
2025-08-21T08:37:19.7433813Z   Using cached fastapi_limiter-0.1.6-py3-none-any.whl.metadata (5.3 kB)
2025-08-21T08:37:19.7622241Z Collecting httpx<0.29,>=0.27 (from -r requirements-dev.txt (line 16))
2025-08-21T08:37:19.7633205Z   Using cached httpx-0.28.1-py3-none-any.whl.metadata (7.1 kB)
2025-08-21T08:37:19.7741159Z Collecting imapclient==3.0.1 (from -r requirements-dev.txt (line 17))
2025-08-21T08:37:19.7752183Z   Using cached IMAPClient-3.0.1-py2.py3-none-any.whl.metadata (1.7 kB)
2025-08-21T08:37:19.7843484Z Collecting itsdangerous (from -r requirements-dev.txt (line 18))
2025-08-21T08:37:19.7854302Z   Using cached itsdangerous-2.2.0-py3-none-any.whl.metadata (1.9 kB)
2025-08-21T08:37:19.8833089Z Collecting mypy==1.* (from -r requirements-dev.txt (line 19))
2025-08-21T08:37:19.8844728Z   Using cached mypy-1.17.1-cp312-cp312-manylinux2014_x86_64.manylinux_2_17_x86_64.manylinux_2_28_x86_64.whl.metadata (2.2 kB)
2025-08-21T08:37:19.8933894Z Collecting mypy-extensions==1.1.0 (from -r requirements-dev.txt (line 20))
2025-08-21T08:37:19.8949937Z   Using cached mypy_extensions-1.1.0-py3-none-any.whl.metadata (1.1 kB)
2025-08-21T08:37:20.0779973Z Collecting numpy<2 (from -r requirements-dev.txt (line 21))
2025-08-21T08:37:20.0793606Z   Using cached numpy-1.26.4-cp312-cp312-manylinux_2_17_x86_64.manylinux2014_x86_64.whl.metadata (61 kB)
2025-08-21T08:37:20.1036652Z Collecting openpyxl==3.1.5 (from -r requirements-dev.txt (line 22))
2025-08-21T08:37:20.1048740Z   Using cached openpyxl-3.1.5-py2.py3-none-any.whl.metadata (2.5 kB)
2025-08-21T08:37:20.2090898Z Collecting pandas==2.2.* (from -r requirements-dev.txt (line 23))
2025-08-21T08:37:20.2102852Z   Using cached pandas-2.2.3-cp312-cp312-manylinux_2_17_x86_64.manylinux2014_x86_64.whl.metadata (89 kB)
2025-08-21T08:37:20.3025293Z Collecting psycopg2-binary==2.9.10 (from -r requirements-dev.txt (line 24))
2025-08-21T08:37:20.3037013Z   Using cached psycopg2_binary-2.9.10-cp312-cp312-manylinux_2_17_x86_64.manylinux2014_x86_64.whl.metadata (4.9 kB)
2025-08-21T08:37:20.3182536Z Collecting psycopg==3.2.9 (from psycopg[binary]==3.2.9->-r requirements-dev.txt (line 25))
2025-08-21T08:37:20.3193537Z   Using cached psycopg-3.2.9-py3-none-any.whl.metadata (4.5 kB)
2025-08-21T08:37:20.4269166Z Collecting pydantic==2.11.7 (from -r requirements-dev.txt (line 26))
2025-08-21T08:37:20.4280976Z   Using cached pydantic-2.11.7-py3-none-any.whl.metadata (67 kB)
2025-08-21T08:37:20.5501397Z Collecting setuptools (from -r requirements-dev.txt (line 27))
2025-08-21T08:37:20.5512862Z   Using cached setuptools-80.9.0-py3-none-any.whl.metadata (6.6 kB)
2025-08-21T08:37:20.5754307Z Collecting pytest-asyncio==1.1.0 (from -r requirements-dev.txt (line 28))
2025-08-21T08:37:20.5765360Z   Using cached pytest_asyncio-1.1.0-py3-none-any.whl.metadata (4.1 kB)
2025-08-21T08:37:20.5900045Z Collecting pytest-cov==6.2.1 (from -r requirements-dev.txt (line 29))
2025-08-21T08:37:20.5910657Z   Using cached pytest_cov-6.2.1-py3-none-any.whl.metadata (30 kB)
2025-08-21T08:37:20.6061641Z Collecting pytest-postgresql==7.0.2 (from -r requirements-dev.txt (line 30))
2025-08-21T08:37:20.6072311Z   Using cached pytest_postgresql-7.0.2-py3-none-any.whl.metadata (18 kB)
2025-08-21T08:37:20.6229628Z Collecting python-dotenv (from -r requirements-dev.txt (line 31))
2025-08-21T08:37:20.6240654Z   Using cached python_dotenv-1.1.1-py3-none-any.whl.metadata (24 kB)
2025-08-21T08:37:20.6352700Z Collecting python-multipart (from -r requirements-dev.txt (line 32))
2025-08-21T08:37:20.6363725Z   Using cached python_multipart-0.0.20-py3-none-any.whl.metadata (1.8 kB)
2025-08-21T08:37:20.6640421Z Collecting python-telegram-bot==22.3 (from -r requirements-dev.txt (line 33))
2025-08-21T08:37:20.6651349Z   Using cached python_telegram_bot-22.3-py3-none-any.whl.metadata (17 kB)
2025-08-21T08:37:20.6933899Z Collecting requests==2.32.4 (from -r requirements-dev.txt (line 34))
2025-08-21T08:37:20.6945039Z   Using cached requests-2.32.4-py3-none-any.whl.metadata (4.9 kB)
2025-08-21T08:37:20.7086582Z Collecting respx==0.22.0 (from -r requirements-dev.txt (line 35))
2025-08-21T08:37:20.7097536Z   Using cached respx-0.22.0-py2.py3-none-any.whl.metadata (4.1 kB)
2025-08-21T08:37:21.0716065Z Collecting ruff==0.9.9 (from -r requirements-dev.txt (line 36))
2025-08-21T08:37:21.0729615Z   Using cached ruff-0.9.9-py3-none-manylinux_2_17_x86_64.manylinux2014_x86_64.whl.metadata (25 kB)
2025-08-21T08:37:21.3315566Z Collecting sqlalchemy==2.0.43 (from -r requirements-dev.txt (line 37))
2025-08-21T08:37:21.3329411Z   Using cached sqlalchemy-2.0.43-cp312-cp312-manylinux_2_17_x86_64.manylinux2014_x86_64.whl.metadata (9.6 kB)
2025-08-21T08:37:21.3544178Z Collecting structlog==24.1.0 (from -r requirements-dev.txt (line 38))
2025-08-21T08:37:21.3555686Z   Using cached structlog-24.1.0-py3-none-any.whl.metadata (6.9 kB)
2025-08-21T08:37:21.3729044Z Collecting testcontainers==4.12.0 (from testcontainers[postgres]==4.12.0->-r requirements-dev.txt (line 39))
2025-08-21T08:37:21.3739984Z   Using cached testcontainers-4.12.0-py3-none-any.whl.metadata (8.3 kB)
2025-08-21T08:37:21.4112994Z Collecting types-requests==2.32.4.20250809 (from -r requirements-dev.txt (line 40))
2025-08-21T08:37:21.4124513Z   Using cached types_requests-2.32.4.20250809-py3-none-any.whl.metadata (2.0 kB)
2025-08-21T08:37:21.4249361Z Collecting docspec-python==2.2.2 (from -r requirements-dev.txt (line 41))
2025-08-21T08:37:21.4260923Z   Using cached docspec_python-2.2.2-py3-none-any.whl.metadata (1.0 kB)
2025-08-21T08:37:21.4454267Z Collecting pydoc-markdown==4.8.2 (from -r requirements-dev.txt (line 42))
2025-08-21T08:37:21.4465366Z   Using cached pydoc_markdown-4.8.2-py3-none-any.whl.metadata (5.9 kB)
2025-08-21T08:37:21.5209937Z Collecting pandera==0.19.* (from -r requirements-dev.txt (line 43))
2025-08-21T08:37:21.5222397Z   Using cached pandera-0.19.3-py3-none-any.whl.metadata (15 kB)
2025-08-21T08:37:21.5756288Z Collecting MarkupSafe>=2.0 (from Jinja2==3.1.6->-r requirements-dev.txt (line 2))
2025-08-21T08:37:21.5768180Z   Using cached MarkupSafe-3.0.2-cp312-cp312-manylinux_2_17_x86_64.manylinux2014_x86_64.whl.metadata (4.0 kB)
2025-08-21T08:37:21.6042691Z Collecting Mako (from alembic==1.16.4->-r requirements-dev.txt (line 3))
2025-08-21T08:37:21.6054506Z   Using cached mako-1.3.10-py3-none-any.whl.metadata (2.9 kB)
2025-08-21T08:37:21.6208495Z Collecting typing-extensions>=4.12 (from alembic==1.16.4->-r requirements-dev.txt (line 3))
2025-08-21T08:37:21.6220049Z   Using cached typing_extensions-4.14.1-py3-none-any.whl.metadata (3.0 kB)
2025-08-21T08:37:21.6349201Z Collecting six>=1.4.0 (from apscheduler==3.10.4->-r requirements-dev.txt (line 4))
2025-08-21T08:37:21.6360913Z   Using cached six-1.17.0-py2.py3-none-any.whl.metadata (1.7 kB)
2025-08-21T08:37:21.6692451Z Collecting pytz (from apscheduler==3.10.4->-r requirements-dev.txt (line 4))
2025-08-21T08:37:21.6704509Z   Using cached pytz-2025.2-py2.py3-none-any.whl.metadata (22 kB)
2025-08-21T08:37:21.6863531Z Collecting tzlocal!=3.*,>=2.0 (from apscheduler==3.10.4->-r requirements-dev.txt (line 4))
2025-08-21T08:37:21.6875121Z   Using cached tzlocal-5.3.1-py3-none-any.whl.metadata (7.6 kB)
2025-08-21T08:37:21.7162952Z Collecting starlette>=0.18 (from asgi-correlation-id==4.3.1->-r requirements-dev.txt (line 5))
2025-08-21T08:37:21.7174272Z   Using cached starlette-0.47.2-py3-none-any.whl.metadata (6.2 kB)
2025-08-21T08:37:21.7374120Z Collecting click>=8.0.0 (from black==25.1.0->-r requirements-dev.txt (line 7))
2025-08-21T08:37:21.7385944Z   Using cached click-8.2.1-py3-none-any.whl.metadata (2.5 kB)
2025-08-21T08:37:21.7530116Z Collecting packaging>=22.0 (from black==25.1.0->-r requirements-dev.txt (line 7))
2025-08-21T08:37:21.7541569Z   Using cached packaging-25.0-py3-none-any.whl.metadata (3.3 kB)
2025-08-21T08:37:21.7645932Z Collecting pathspec>=0.9.0 (from black==25.1.0->-r requirements-dev.txt (line 7))
2025-08-21T08:37:21.7657352Z   Using cached pathspec-0.12.1-py3-none-any.whl.metadata (21 kB)
2025-08-21T08:37:21.7829617Z Collecting platformdirs>=2 (from black==25.1.0->-r requirements-dev.txt (line 7))
2025-08-21T08:37:21.7841009Z   Using cached platformdirs-4.3.8-py3-none-any.whl.metadata (12 kB)
2025-08-21T08:37:21.7952612Z Collecting toml (from vulture==2.10->-r requirements-dev.txt (line 11))
2025-08-21T08:37:21.7963941Z   Using cached toml-0.10.2-py2.py3-none-any.whl.metadata (7.1 kB)
2025-08-21T08:37:21.8141300Z Collecting billiard<5.0,>=4.2.1 (from celery==5.5.3->-r requirements-dev.txt (line 12))
2025-08-21T08:37:21.8152639Z   Using cached billiard-4.2.1-py3-none-any.whl.metadata (4.4 kB)
2025-08-21T08:37:21.8442694Z Collecting kombu<5.6,>=5.5.2 (from celery==5.5.3->-r requirements-dev.txt (line 12))
2025-08-21T08:37:21.8454201Z   Using cached kombu-5.5.4-py3-none-any.whl.metadata (3.5 kB)
2025-08-21T08:37:21.8600757Z Collecting vine<6.0,>=5.1.0 (from celery==5.5.3->-r requirements-dev.txt (line 12))
2025-08-21T08:37:21.8612040Z   Using cached vine-5.1.0-py3-none-any.whl.metadata (2.7 kB)
2025-08-21T08:37:21.8749911Z Collecting click-didyoumean>=0.3.0 (from celery==5.5.3->-r requirements-dev.txt (line 12))
2025-08-21T08:37:21.8766338Z   Using cached click_didyoumean-0.3.1-py3-none-any.whl.metadata (3.9 kB)
2025-08-21T08:37:21.8857162Z Collecting click-repl>=0.2.0 (from celery==5.5.3->-r requirements-dev.txt (line 12))
2025-08-21T08:37:21.8868613Z   Using cached click_repl-0.3.0-py3-none-any.whl.metadata (3.6 kB)
2025-08-21T08:37:21.8954974Z Collecting click-plugins>=1.1.1 (from celery==5.5.3->-r requirements-dev.txt (line 12))
2025-08-21T08:37:21.8967275Z   Using cached click_plugins-1.1.1.2-py2.py3-none-any.whl.metadata (6.5 kB)
2025-08-21T08:37:21.9093604Z Collecting python-dateutil>=2.8.2 (from celery==5.5.3->-r requirements-dev.txt (line 12))
2025-08-21T08:37:21.9105017Z   Using cached python_dateutil-2.9.0.post0-py2.py3-none-any.whl.metadata (8.4 kB)
2025-08-21T08:37:21.9574268Z Collecting annotated-types>=0.6.0 (from pydantic==2.11.7->-r requirements-dev.txt (line 26))
2025-08-21T08:37:21.9585413Z   Using cached annotated_types-0.7.0-py3-none-any.whl.metadata (15 kB)
2025-08-21T08:37:22.6290770Z Collecting pydantic-core==2.33.2 (from pydantic==2.11.7->-r requirements-dev.txt (line 26))
2025-08-21T08:37:22.6304105Z   Using cached pydantic_core-2.33.2-cp312-cp312-manylinux_2_17_x86_64.manylinux2014_x86_64.whl.metadata (6.8 kB)
2025-08-21T08:37:22.6425281Z Collecting typing-inspection>=0.4.0 (from pydantic==2.11.7->-r requirements-dev.txt (line 26))
2025-08-21T08:37:22.6436999Z   Using cached typing_inspection-0.4.1-py3-none-any.whl.metadata (2.6 kB)
2025-08-21T08:37:22.6683408Z Collecting et-xmlfile (from openpyxl==3.1.5->-r requirements-dev.txt (line 22))
2025-08-21T08:37:22.6695831Z   Using cached et_xmlfile-2.0.0-py3-none-any.whl.metadata (2.7 kB)
2025-08-21T08:37:22.7159399Z Collecting pytest<9,>=8.2 (from pytest-asyncio==1.1.0->-r requirements-dev.txt (line 28))
2025-08-21T08:37:22.7160401Z   Using cached pytest-8.4.1-py3-none-any.whl.metadata (7.7 kB)
2025-08-21T08:37:23.0272930Z Collecting coverage>=7.5 (from coverage[toml]>=7.5->pytest-cov==6.2.1->-r requirements-dev.txt (line 29))
2025-08-21T08:37:23.0286557Z   Using cached coverage-7.10.4-cp312-cp312-manylinux1_x86_64.manylinux_2_28_x86_64.manylinux_2_5_x86_64.whl.metadata (8.9 kB)
2025-08-21T08:37:23.0400840Z Collecting pluggy>=1.2 (from pytest-cov==6.2.1->-r requirements-dev.txt (line 29))
2025-08-21T08:37:23.0412580Z   Using cached pluggy-1.6.0-py3-none-any.whl.metadata (4.8 kB)
2025-08-21T08:37:23.0664645Z Collecting port-for>=0.7.3 (from pytest-postgresql==7.0.2->-r requirements-dev.txt (line 30))
2025-08-21T08:37:23.0676151Z   Using cached port_for-0.7.4-py3-none-any.whl.metadata (7.1 kB)
2025-08-21T08:37:23.0808212Z Collecting mirakuru>=2.6.0 (from pytest-postgresql==7.0.2->-r requirements-dev.txt (line 30))
2025-08-21T08:37:23.0819523Z   Using cached mirakuru-2.6.1-py3-none-any.whl.metadata (10 kB)
2025-08-21T08:37:23.1648425Z Collecting charset_normalizer<4,>=2 (from requests==2.32.4->-r requirements-dev.txt (line 34))
2025-08-21T08:37:23.1661609Z   Using cached charset_normalizer-3.4.3-cp312-cp312-manylinux2014_x86_64.manylinux_2_17_x86_64.manylinux_2_28_x86_64.whl.metadata (36 kB)
2025-08-21T08:37:23.1801042Z Collecting idna<4,>=2.5 (from requests==2.32.4->-r requirements-dev.txt (line 34))
2025-08-21T08:37:23.1812560Z   Using cached idna-3.10-py3-none-any.whl.metadata (10 kB)
2025-08-21T08:37:23.2070052Z Collecting urllib3<3,>=1.21.1 (from requests==2.32.4->-r requirements-dev.txt (line 34))
2025-08-21T08:37:23.2081715Z   Using cached urllib3-2.5.0-py3-none-any.whl.metadata (6.5 kB)
2025-08-21T08:37:23.2275239Z Collecting certifi>=2017.4.17 (from requests==2.32.4->-r requirements-dev.txt (line 34))
2025-08-21T08:37:23.2286903Z   Using cached certifi-2025.8.3-py3-none-any.whl.metadata (2.4 kB)
2025-08-21T08:37:23.4264451Z Collecting greenlet>=1 (from sqlalchemy==2.0.43->-r requirements-dev.txt (line 37))
2025-08-21T08:37:23.4277571Z   Using cached greenlet-3.2.4-cp312-cp312-manylinux_2_24_x86_64.manylinux_2_28_x86_64.whl.metadata (4.1 kB)
2025-08-21T08:37:23.4502750Z Collecting docker (from testcontainers==4.12.0->testcontainers[postgres]==4.12.0->-r requirements-dev.txt (line 39))
2025-08-21T08:37:23.4514135Z   Using cached docker-7.1.0-py3-none-any.whl.metadata (3.8 kB)
2025-08-21T08:37:23.5471806Z Collecting wrapt (from testcontainers==4.12.0->testcontainers[postgres]==4.12.0->-r requirements-dev.txt (line 39))
2025-08-21T08:37:23.5483481Z   Using cached wrapt-1.17.3-cp312-cp312-manylinux1_x86_64.manylinux_2_28_x86_64.manylinux_2_5_x86_64.whl.metadata (6.4 kB)
2025-08-21T08:37:23.5727440Z Collecting docspec==2.2.1 (from docspec-python==2.2.2->-r requirements-dev.txt (line 41))
2025-08-21T08:37:23.5738137Z   Using cached docspec-2.2.1-py3-none-any.whl.metadata (1.5 kB)
2025-08-21T08:37:23.5879921Z Collecting nr-util>=0.8.12 (from docspec-python==2.2.2->-r requirements-dev.txt (line 41))
2025-08-21T08:37:23.5890713Z   Using cached nr.util-0.8.12-py3-none-any.whl.metadata (813 bytes)
2025-08-21T08:37:23.6217053Z Collecting PyYAML<7.0,>=5.0 (from pydoc-markdown==4.8.2->-r requirements-dev.txt (line 42))
2025-08-21T08:37:23.6228460Z   Using cached PyYAML-6.0.2-cp312-cp312-manylinux_2_17_x86_64.manylinux2014_x86_64.whl.metadata (2.1 kB)
2025-08-21T08:37:23.6496315Z Collecting databind.core<5.0.0,>=4.4.0 (from pydoc-markdown==4.8.2->-r requirements-dev.txt (line 42))
2025-08-21T08:37:23.6507022Z   Using cached databind.core-4.5.2-py3-none-any.whl.metadata (1.1 kB)
2025-08-21T08:37:23.6709057Z Collecting databind.json<5.0.0,>=4.4.0 (from pydoc-markdown==4.8.2->-r requirements-dev.txt (line 42))
2025-08-21T08:37:23.6723106Z   Using cached databind.json-4.5.2-py3-none-any.whl.metadata (1.1 kB)
2025-08-21T08:37:23.6854226Z Collecting docstring-parser<0.12,>=0.11 (from pydoc-markdown==4.8.2->-r requirements-dev.txt (line 42))
2025-08-21T08:37:23.6855548Z   Using cached docstring_parser-0.11-py3-none-any.whl
2025-08-21T08:37:23.7173436Z Collecting tomli<3.0.0,>=2.0.0 (from pydoc-markdown==4.8.2->-r requirements-dev.txt (line 42))
2025-08-21T08:37:23.7184508Z   Using cached tomli-2.2.1-cp312-cp312-manylinux_2_17_x86_64.manylinux2014_x86_64.whl.metadata (11 kB)
2025-08-21T08:37:23.7280811Z Collecting tomli_w<2.0.0,>=1.0.0 (from pydoc-markdown==4.8.2->-r requirements-dev.txt (line 42))
2025-08-21T08:37:23.7295671Z   Using cached tomli_w-1.2.0-py3-none-any.whl.metadata (5.7 kB)
2025-08-21T08:37:23.7740034Z Collecting watchdog (from pydoc-markdown==4.8.2->-r requirements-dev.txt (line 42))
2025-08-21T08:37:23.7751236Z   Using cached watchdog-6.0.0-py3-none-manylinux2014_x86_64.whl.metadata (44 kB)
2025-08-21T08:37:23.7951425Z Collecting yapf>=0.30.0 (from pydoc-markdown==4.8.2->-r requirements-dev.txt (line 42))
2025-08-21T08:37:23.7962315Z   Using cached yapf-0.43.0-py3-none-any.whl.metadata (46 kB)
2025-08-21T08:37:23.8144272Z Collecting Deprecated<2.0.0,>=1.2.12 (from docspec==2.2.1->docspec-python==2.2.2->-r requirements-dev.txt (line 41))
2025-08-21T08:37:23.8155278Z   Using cached Deprecated-1.2.18-py2.py3-none-any.whl.metadata (5.7 kB)
2025-08-21T08:37:23.9756645Z Collecting psycopg-binary==3.2.9 (from psycopg[binary]==3.2.9->-r requirements-dev.txt (line 25))
2025-08-21T08:37:23.9768566Z   Using cached psycopg_binary-3.2.9-cp312-cp312-manylinux_2_17_x86_64.manylinux2014_x86_64.whl.metadata (2.9 kB)
2025-08-21T08:37:24.1366532Z Collecting argon2-cffi (from minio==7.*->-r requirements-dev.txt (line 10))
2025-08-21T08:37:24.1378634Z   Using cached argon2_cffi-25.1.0-py3-none-any.whl.metadata (4.1 kB)
2025-08-21T08:37:24.2173734Z Collecting pycryptodome (from minio==7.*->-r requirements-dev.txt (line 10))
2025-08-21T08:37:24.2189371Z   Using cached pycryptodome-3.23.0-cp37-abi3-manylinux_2_17_x86_64.manylinux2014_x86_64.whl.metadata (3.4 kB)
2025-08-21T08:37:24.2378742Z Collecting anyio (from httpx<0.29,>=0.27->-r requirements-dev.txt (line 16))
2025-08-21T08:37:24.2390490Z   Using cached anyio-4.10.0-py3-none-any.whl.metadata (4.0 kB)
2025-08-21T08:37:24.2571385Z Collecting httpcore==1.* (from httpx<0.29,>=0.27->-r requirements-dev.txt (line 16))
2025-08-21T08:37:24.2582856Z   Using cached httpcore-1.0.9-py3-none-any.whl.metadata (21 kB)
2025-08-21T08:37:24.2893934Z Collecting tzdata>=2022.7 (from pandas==2.2.*->-r requirements-dev.txt (line 23))
2025-08-21T08:37:24.2905430Z   Using cached tzdata-2025.2-py2.py3-none-any.whl.metadata (1.4 kB)
2025-08-21T08:37:24.3035306Z Collecting multimethod<=1.10.0 (from pandera==0.19.*->-r requirements-dev.txt (line 43))
2025-08-21T08:37:24.3046644Z   Using cached multimethod-1.10-py3-none-any.whl.metadata (8.2 kB)
2025-08-21T08:37:24.3407582Z Collecting typeguard (from pandera==0.19.*->-r requirements-dev.txt (line 43))
2025-08-21T08:37:24.3419182Z   Using cached typeguard-4.4.4-py3-none-any.whl.metadata (3.3 kB)
2025-08-21T08:37:24.3508332Z Collecting typing-inspect>=0.6.0 (from pandera==0.19.*->-r requirements-dev.txt (line 43))
2025-08-21T08:37:24.3519650Z   Using cached typing_inspect-0.9.0-py3-none-any.whl.metadata (1.5 kB)
2025-08-21T08:37:24.3782666Z Collecting databind<5.0.0,>=4.5.2 (from databind.core<5.0.0,>=4.4.0->pydoc-markdown==4.8.2->-r requirements-dev.txt (line 42))
2025-08-21T08:37:24.3794228Z   Using cached databind-4.5.2-py3-none-any.whl.metadata (4.3 kB)
2025-08-21T08:37:24.3903986Z Collecting nr-date<3.0.0,>=2.0.0 (from databind<5.0.0,>=4.5.2->databind.core<5.0.0,>=4.4.0->pydoc-markdown==4.8.2->-r requirements-dev.txt (line 42))
2025-08-21T08:37:24.3914730Z   Using cached nr_date-2.1.0-py3-none-any.whl.metadata (746 bytes)
2025-08-21T08:37:24.4027898Z Collecting nr-stream<2.0.0,>=1.0.0 (from databind<5.0.0,>=4.5.2->databind.core<5.0.0,>=4.4.0->pydoc-markdown==4.8.2->-r requirements-dev.txt (line 42))
2025-08-21T08:37:24.4038924Z   Using cached nr_stream-1.1.5-py3-none-any.whl.metadata (3.6 kB)
2025-08-21T08:37:24.4192063Z Collecting typeapi<3,>=2.0.1 (from databind<5.0.0,>=4.5.2->databind.core<5.0.0,>=4.4.0->pydoc-markdown==4.8.2->-r requirements-dev.txt (line 42))
2025-08-21T08:37:24.4202740Z   Using cached typeapi-2.2.4-py3-none-any.whl.metadata (1.5 kB)
2025-08-21T08:37:24.4477257Z Collecting h11>=0.16 (from httpcore==1.*->httpx<0.29,>=0.27->-r requirements-dev.txt (line 16))
2025-08-21T08:37:24.4488302Z   Using cached h11-0.16.0-py3-none-any.whl.metadata (8.3 kB)
2025-08-21T08:37:24.4682338Z Collecting amqp<6.0.0,>=5.1.1 (from kombu<5.6,>=5.5.2->celery==5.5.3->-r requirements-dev.txt (line 12))
2025-08-21T08:37:24.4693351Z   Using cached amqp-5.3.1-py3-none-any.whl.metadata (8.9 kB)
2025-08-21T08:37:24.5092004Z Collecting iniconfig>=1 (from pytest<9,>=8.2->pytest-asyncio==1.1.0->-r requirements-dev.txt (line 28))
2025-08-21T08:37:24.5102883Z   Using cached iniconfig-2.1.0-py3-none-any.whl.metadata (2.7 kB)
2025-08-21T08:37:24.5302814Z Collecting pygments>=2.7.2 (from pytest<9,>=8.2->pytest-asyncio==1.1.0->-r requirements-dev.txt (line 28))
2025-08-21T08:37:24.5313647Z   Using cached pygments-2.19.2-py3-none-any.whl.metadata (2.5 kB)
2025-08-21T08:37:24.5640296Z Collecting sniffio>=1.1 (from anyio->httpx<0.29,>=0.27->-r requirements-dev.txt (line 16))
2025-08-21T08:37:24.5651615Z   Using cached sniffio-1.3.1-py3-none-any.whl.metadata (3.9 kB)
2025-08-21T08:37:24.9890484Z Collecting botocore<1.41.0,>=1.40.14 (from boto3->-r requirements-dev.txt (line 8))
2025-08-21T08:37:24.9903962Z   Using cached botocore-1.40.14-py3-none-any.whl.metadata (5.7 kB)
2025-08-21T08:37:25.0021250Z Collecting jmespath<2.0.0,>=0.7.1 (from boto3->-r requirements-dev.txt (line 8))
2025-08-21T08:37:25.0032919Z   Using cached jmespath-1.0.1-py3-none-any.whl.metadata (7.6 kB)
2025-08-21T08:37:25.0194788Z Collecting s3transfer<0.14.0,>=0.13.0 (from boto3->-r requirements-dev.txt (line 8))
2025-08-21T08:37:25.0206391Z   Using cached s3transfer-0.13.1-py3-none-any.whl.metadata (1.7 kB)
2025-08-21T08:37:25.1697142Z Collecting fastapi-cli>=0.0.8 (from fastapi-cli[standard]>=0.0.8; extra == "all"->fastapi[all]->-r requirements-dev.txt (line 14))
2025-08-21T08:37:25.1708756Z   Using cached fastapi_cli-0.0.8-py3-none-any.whl.metadata (6.3 kB)
2025-08-21T08:37:25.2467564Z Collecting ujson!=4.0.2,!=4.1.0,!=4.2.0,!=4.3.0,!=5.0.0,!=5.1.0,>=4.0.1 (from fastapi[all]->-r requirements-dev.txt (line 14))
2025-08-21T08:37:25.2479734Z   Using cached ujson-5.11.0-cp312-cp312-manylinux_2_24_x86_64.manylinux_2_28_x86_64.whl.metadata (9.4 kB)
2025-08-21T08:37:25.4792483Z Collecting orjson>=3.2.1 (from fastapi[all]->-r requirements-dev.txt (line 14))
2025-08-21T08:37:25.4806398Z   Using cached orjson-3.11.2-cp312-cp312-manylinux_2_17_x86_64.manylinux2014_x86_64.whl.metadata (1.2 kB)
2025-08-21T08:37:25.4927006Z Collecting email-validator>=2.0.0 (from fastapi[all]->-r requirements-dev.txt (line 14))
2025-08-21T08:37:25.4939760Z   Using cached email_validator-2.2.0-py3-none-any.whl.metadata (25 kB)
2025-08-21T08:37:25.5216088Z Collecting uvicorn>=0.12.0 (from uvicorn[standard]>=0.12.0; extra == "all"->fastapi[all]->-r requirements-dev.txt (line 14))
2025-08-21T08:37:25.5227534Z   Using cached uvicorn-0.35.0-py3-none-any.whl.metadata (6.5 kB)
2025-08-21T08:37:25.5385670Z Collecting pydantic-settings>=2.0.0 (from fastapi[all]->-r requirements-dev.txt (line 14))
2025-08-21T08:37:25.5397364Z   Using cached pydantic_settings-2.10.1-py3-none-any.whl.metadata (3.4 kB)
2025-08-21T08:37:25.5524483Z Collecting pydantic-extra-types>=2.0.0 (from fastapi[all]->-r requirements-dev.txt (line 14))
2025-08-21T08:37:25.5535978Z   Using cached pydantic_extra_types-2.10.5-py3-none-any.whl.metadata (3.9 kB)
2025-08-21T08:37:25.6204794Z Collecting prompt-toolkit>=3.0.36 (from click-repl>=0.2.0->celery==5.5.3->-r requirements-dev.txt (line 12))
2025-08-21T08:37:25.6216400Z   Using cached prompt_toolkit-3.0.51-py3-none-any.whl.metadata (6.4 kB)
2025-08-21T08:37:25.6399803Z Collecting dnspython>=2.0.0 (from email-validator>=2.0.0->fastapi[all]->-r requirements-dev.txt (line 14))
2025-08-21T08:37:25.6411350Z   Using cached dnspython-2.7.0-py3-none-any.whl.metadata (5.8 kB)
2025-08-21T08:37:25.6684290Z Collecting typer>=0.15.1 (from fastapi-cli>=0.0.8->fastapi-cli[standard]>=0.0.8; extra == "all"->fastapi[all]->-r requirements-dev.txt (line 14))
2025-08-21T08:37:25.6696407Z   Using cached typer-0.16.1-py3-none-any.whl.metadata (15 kB)
2025-08-21T08:37:25.6962674Z Collecting rich-toolkit>=0.14.8 (from fastapi-cli>=0.0.8->fastapi-cli[standard]>=0.0.8; extra == "all"->fastapi[all]->-r requirements-dev.txt (line 14))
2025-08-21T08:37:25.6973859Z   Using cached rich_toolkit-0.15.0-py3-none-any.whl.metadata (1.0 kB)
2025-08-21T08:37:25.7082599Z Collecting fastapi-cloud-cli>=0.1.1 (from fastapi-cli[standard]>=0.0.8; extra == "all"->fastapi[all]->-r requirements-dev.txt (line 14))
2025-08-21T08:37:25.7093964Z   Using cached fastapi_cloud_cli-0.1.5-py3-none-any.whl.metadata (3.2 kB)
2025-08-21T08:37:25.7810241Z Collecting rignore>=0.5.1 (from fastapi-cloud-cli>=0.1.1->fastapi-cli[standard]>=0.0.8; extra == "all"->fastapi[all]->-r requirements-dev.txt (line 14))
2025-08-21T08:37:25.7822281Z   Using cached rignore-0.6.4-cp312-cp312-manylinux_2_17_x86_64.manylinux2014_x86_64.whl.metadata (3.8 kB)
2025-08-21T08:37:25.8529978Z Collecting sentry-sdk>=2.20.0 (from fastapi-cloud-cli>=0.1.1->fastapi-cli[standard]>=0.0.8; extra == "all"->fastapi[all]->-r requirements-dev.txt (line 14))
2025-08-21T08:37:25.8541575Z   Using cached sentry_sdk-2.35.0-py2.py3-none-any.whl.metadata (10 kB)
2025-08-21T08:37:25.9458763Z Collecting psutil>=4.0.0 (from mirakuru>=2.6.0->pytest-postgresql==7.0.2->-r requirements-dev.txt (line 30))
2025-08-21T08:37:25.9471307Z   Using cached psutil-7.0.0-cp36-abi3-manylinux_2_12_x86_64.manylinux2010_x86_64.manylinux_2_17_x86_64.manylinux2014_x86_64.whl.metadata (22 kB)
2025-08-21T08:37:25.9780454Z Collecting wcwidth (from prompt-toolkit>=3.0.36->click-repl>=0.2.0->celery==5.5.3->-r requirements-dev.txt (line 12))
2025-08-21T08:37:25.9791859Z   Using cached wcwidth-0.2.13-py2.py3-none-any.whl.metadata (14 kB)
2025-08-21T08:37:26.0755931Z Collecting rich>=13.7.1 (from rich-toolkit>=0.14.8->fastapi-cli>=0.0.8->fastapi-cli[standard]>=0.0.8; extra == "all"->fastapi[all]->-r requirements-dev.txt (line 14))
2025-08-21T08:37:26.0767422Z   Using cached rich-14.1.0-py3-none-any.whl.metadata (18 kB)
2025-08-21T08:37:26.0949337Z Collecting markdown-it-py>=2.2.0 (from rich>=13.7.1->rich-toolkit>=0.14.8->fastapi-cli>=0.0.8->fastapi-cli[standard]>=0.0.8; extra == "all"->fastapi[all]->-r requirements-dev.txt (line 14))
2025-08-21T08:37:26.0960719Z   Using cached markdown_it_py-4.0.0-py3-none-any.whl.metadata (7.3 kB)
2025-08-21T08:37:26.1153012Z Collecting mdurl~=0.1 (from markdown-it-py>=2.2.0->rich>=13.7.1->rich-toolkit>=0.14.8->fastapi-cli>=0.0.8->fastapi-cli[standard]>=0.0.8; extra == "all"->fastapi[all]->-r requirements-dev.txt (line 14))
2025-08-21T08:37:26.1165004Z   Using cached mdurl-0.1.2-py3-none-any.whl.metadata (1.6 kB)
2025-08-21T08:37:26.1663813Z Collecting shellingham>=1.3.0 (from typer>=0.15.1->fastapi-cli>=0.0.8->fastapi-cli[standard]>=0.0.8; extra == "all"->fastapi[all]->-r requirements-dev.txt (line 14))
2025-08-21T08:37:26.1675411Z   Using cached shellingham-1.5.4-py2.py3-none-any.whl.metadata (3.5 kB)
2025-08-21T08:37:26.2406054Z Collecting httptools>=0.6.3 (from uvicorn[standard]>=0.12.0; extra == "all"->fastapi[all]->-r requirements-dev.txt (line 14))
2025-08-21T08:37:26.2418556Z   Using cached httptools-0.6.4-cp312-cp312-manylinux_2_5_x86_64.manylinux1_x86_64.manylinux_2_17_x86_64.manylinux2014_x86_64.whl.metadata (3.6 kB)
2025-08-21T08:37:26.2828891Z Collecting uvloop>=0.15.1 (from uvicorn[standard]>=0.12.0; extra == "all"->fastapi[all]->-r requirements-dev.txt (line 14))
2025-08-21T08:37:26.2841062Z   Using cached uvloop-0.21.0-cp312-cp312-manylinux_2_17_x86_64.manylinux2014_x86_64.whl.metadata (4.9 kB)
2025-08-21T08:37:26.3539247Z Collecting watchfiles>=0.13 (from uvicorn[standard]>=0.12.0; extra == "all"->fastapi[all]->-r requirements-dev.txt (line 14))
2025-08-21T08:37:26.3551560Z   Using cached watchfiles-1.1.0-cp312-cp312-manylinux_2_17_x86_64.manylinux2014_x86_64.whl.metadata (4.9 kB)
2025-08-21T08:37:26.4399884Z Collecting websockets>=10.4 (from uvicorn[standard]>=0.12.0; extra == "all"->fastapi[all]->-r requirements-dev.txt (line 14))
2025-08-21T08:37:26.4412238Z   Using cached websockets-15.0.1-cp312-cp312-manylinux_2_5_x86_64.manylinux1_x86_64.manylinux_2_17_x86_64.manylinux2014_x86_64.whl.metadata (6.8 kB)
2025-08-21T08:37:26.5937179Z Collecting argon2-cffi-bindings (from argon2-cffi->minio==7.*->-r requirements-dev.txt (line 10))
2025-08-21T08:37:26.5949834Z   Using cached argon2_cffi_bindings-25.1.0-cp39-abi3-manylinux_2_26_x86_64.manylinux_2_28_x86_64.whl.metadata (7.4 kB)
2025-08-21T08:37:26.6981923Z Collecting cffi>=1.0.1 (from argon2-cffi-bindings->argon2-cffi->minio==7.*->-r requirements-dev.txt (line 10))
2025-08-21T08:37:26.6994071Z   Using cached cffi-1.17.1-cp312-cp312-manylinux_2_17_x86_64.manylinux2014_x86_64.whl.metadata (1.5 kB)
2025-08-21T08:37:26.7117311Z Collecting pycparser (from cffi>=1.0.1->argon2-cffi-bindings->argon2-cffi->minio==7.*->-r requirements-dev.txt (line 10))
2025-08-21T08:37:26.7128667Z   Using cached pycparser-2.22-py3-none-any.whl.metadata (943 bytes)
2025-08-21T08:37:26.7782914Z Using cached jinja2-3.1.6-py3-none-any.whl (134 kB)
2025-08-21T08:37:26.7795577Z Using cached alembic-1.16.4-py3-none-any.whl (247 kB)
2025-08-21T08:37:26.7808406Z Using cached APScheduler-3.10.4-py3-none-any.whl (59 kB)
2025-08-21T08:37:26.7819651Z Using cached asgi_correlation_id-4.3.1-py3-none-any.whl (15 kB)
2025-08-21T08:37:26.7831114Z Using cached asyncpg-0.30.0-cp312-cp312-manylinux_2_17_x86_64.manylinux2014_x86_64.whl (3.6 MB)
2025-08-21T08:37:26.7867666Z Using cached black-25.1.0-cp312-cp312-manylinux_2_17_x86_64.manylinux2014_x86_64.manylinux_2_28_x86_64.whl (1.8 MB)
2025-08-21T08:37:26.7891209Z Using cached vulture-2.10-py2.py3-none-any.whl (27 kB)
2025-08-21T08:37:26.7902415Z Using cached celery-5.5.3-py3-none-any.whl (438 kB)
2025-08-21T08:37:26.7916489Z Using cached fastapi-0.116.1-py3-none-any.whl (95 kB)
2025-08-21T08:37:26.7928376Z Using cached pydantic-2.11.7-py3-none-any.whl (444 kB)
2025-08-21T08:37:26.7942486Z Using cached fastapi_limiter-0.1.6-py3-none-any.whl (15 kB)
2025-08-21T08:37:26.7953644Z Using cached IMAPClient-3.0.1-py2.py3-none-any.whl (182 kB)
2025-08-21T08:37:26.7965897Z Using cached mypy_extensions-1.1.0-py3-none-any.whl (5.0 kB)
2025-08-21T08:37:26.7977004Z Using cached openpyxl-3.1.5-py2.py3-none-any.whl (250 kB)
2025-08-21T08:37:26.7990281Z Using cached psycopg2_binary-2.9.10-cp312-cp312-manylinux_2_17_x86_64.manylinux2014_x86_64.whl (3.0 MB)
2025-08-21T08:37:26.8022706Z Using cached psycopg-3.2.9-py3-none-any.whl (202 kB)
2025-08-21T08:37:26.8035141Z Using cached pytest_asyncio-1.1.0-py3-none-any.whl (15 kB)
2025-08-21T08:37:26.8046319Z Using cached pytest_cov-6.2.1-py3-none-any.whl (24 kB)
2025-08-21T08:37:26.8057681Z Using cached pytest_postgresql-7.0.2-py3-none-any.whl (41 kB)
2025-08-21T08:37:26.8069202Z Using cached python_telegram_bot-22.3-py3-none-any.whl (717 kB)
2025-08-21T08:37:26.8085298Z Using cached requests-2.32.4-py3-none-any.whl (64 kB)
2025-08-21T08:37:26.8096622Z Using cached respx-0.22.0-py2.py3-none-any.whl (25 kB)
2025-08-21T08:37:26.8108354Z Using cached ruff-0.9.9-py3-none-manylinux_2_17_x86_64.manylinux2014_x86_64.whl (11.2 MB)
2025-08-21T08:37:26.8197204Z Using cached sqlalchemy-2.0.43-cp312-cp312-manylinux_2_17_x86_64.manylinux2014_x86_64.whl (3.3 MB)
2025-08-21T08:37:26.8231944Z Using cached structlog-24.1.0-py3-none-any.whl (65 kB)
2025-08-21T08:37:26.8243393Z Using cached testcontainers-4.12.0-py3-none-any.whl (111 kB)
2025-08-21T08:37:26.8255280Z Using cached types_requests-2.32.4.20250809-py3-none-any.whl (20 kB)
2025-08-21T08:37:26.8266411Z Using cached docspec_python-2.2.2-py3-none-any.whl (15 kB)
2025-08-21T08:37:26.8277483Z Using cached pydoc_markdown-4.8.2-py3-none-any.whl (67 kB)
2025-08-21T08:37:26.8288840Z Using cached docspec-2.2.1-py3-none-any.whl (9.8 kB)
2025-08-21T08:37:26.8300345Z Using cached psycopg_binary-3.2.9-cp312-cp312-manylinux_2_17_x86_64.manylinux2014_x86_64.whl (4.4 MB)
2025-08-21T08:37:26.8342088Z Using cached pydantic_core-2.33.2-cp312-cp312-manylinux_2_17_x86_64.manylinux2014_x86_64.whl (2.0 MB)
2025-08-21T08:37:26.8367090Z Using cached redis-6.4.0-py3-none-any.whl (279 kB)
2025-08-21T08:37:26.8380198Z Using cached minio-7.2.16-py3-none-any.whl (95 kB)
2025-08-21T08:37:26.8391973Z Using cached httpx-0.28.1-py3-none-any.whl (73 kB)
2025-08-21T08:37:26.8404674Z Using cached mypy-1.17.1-cp312-cp312-manylinux2014_x86_64.manylinux_2_17_x86_64.manylinux_2_28_x86_64.whl (12.7 MB)
2025-08-21T08:37:26.8504895Z Using cached numpy-1.26.4-cp312-cp312-manylinux_2_17_x86_64.manylinux2014_x86_64.whl (18.0 MB)
2025-08-21T08:37:26.8641986Z Using cached pandas-2.2.3-cp312-cp312-manylinux_2_17_x86_64.manylinux2014_x86_64.whl (12.7 MB)
2025-08-21T08:37:26.8743478Z Using cached pandera-0.19.3-py3-none-any.whl (251 kB)
2025-08-21T08:37:26.8756507Z Using cached billiard-4.2.1-py3-none-any.whl (86 kB)
2025-08-21T08:37:26.8769068Z Using cached charset_normalizer-3.4.3-cp312-cp312-manylinux2014_x86_64.manylinux_2_17_x86_64.manylinux_2_28_x86_64.whl (151 kB)
2025-08-21T08:37:26.8781103Z Using cached click-8.2.1-py3-none-any.whl (102 kB)
2025-08-21T08:37:26.8793035Z Using cached databind.core-4.5.2-py3-none-any.whl (1.5 kB)
2025-08-21T08:37:26.8804562Z Using cached databind-4.5.2-py3-none-any.whl (49 kB)
2025-08-21T08:37:26.8815946Z Using cached databind.json-4.5.2-py3-none-any.whl (1.5 kB)
2025-08-21T08:37:26.8827286Z Using cached Deprecated-1.2.18-py2.py3-none-any.whl (10.0 kB)
2025-08-21T08:37:26.8838612Z Using cached httpcore-1.0.9-py3-none-any.whl (78 kB)
2025-08-21T08:37:26.8850305Z Using cached idna-3.10-py3-none-any.whl (70 kB)
2025-08-21T08:37:26.8861814Z Using cached kombu-5.5.4-py3-none-any.whl (210 kB)
2025-08-21T08:37:26.8874146Z Using cached vine-5.1.0-py3-none-any.whl (9.6 kB)
2025-08-21T08:37:26.8885238Z Using cached amqp-5.3.1-py3-none-any.whl (50 kB)
2025-08-21T08:37:26.8896571Z Using cached multimethod-1.10-py3-none-any.whl (9.9 kB)
2025-08-21T08:37:26.8907544Z Using cached nr_date-2.1.0-py3-none-any.whl (10 kB)
2025-08-21T08:37:26.8918865Z Using cached nr_stream-1.1.5-py3-none-any.whl (10 kB)
2025-08-21T08:37:26.8930264Z Using cached nr.util-0.8.12-py3-none-any.whl (90 kB)
2025-08-21T08:37:26.8942187Z Using cached pytest-8.4.1-py3-none-any.whl (365 kB)
2025-08-21T08:37:26.8955843Z Using cached pluggy-1.6.0-py3-none-any.whl (20 kB)
2025-08-21T08:37:26.8967530Z Using cached PyYAML-6.0.2-cp312-cp312-manylinux_2_17_x86_64.manylinux2014_x86_64.whl (767 kB)
2025-08-21T08:37:26.8984153Z Using cached starlette-0.47.2-py3-none-any.whl (72 kB)
2025-08-21T08:37:26.8995630Z Using cached anyio-4.10.0-py3-none-any.whl (107 kB)
2025-08-21T08:37:26.9007736Z Using cached tomli-2.2.1-cp312-cp312-manylinux_2_17_x86_64.manylinux2014_x86_64.whl (242 kB)
2025-08-21T08:37:26.9021308Z Using cached tomli_w-1.2.0-py3-none-any.whl (6.7 kB)
2025-08-21T08:37:26.9032388Z Using cached typeapi-2.2.4-py3-none-any.whl (26 kB)
2025-08-21T08:37:26.9043752Z Using cached typing_extensions-4.14.1-py3-none-any.whl (43 kB)
2025-08-21T08:37:26.9055333Z Using cached urllib3-2.5.0-py3-none-any.whl (129 kB)
2025-08-21T08:37:26.9068202Z Using cached wrapt-1.17.3-cp312-cp312-manylinux1_x86_64.manylinux_2_28_x86_64.manylinux_2_5_x86_64.whl (88 kB)
2025-08-21T08:37:26.9079991Z Using cached boto3-1.40.14-py3-none-any.whl (140 kB)
2025-08-21T08:37:26.9092094Z Using cached botocore-1.40.14-py3-none-any.whl (14.0 MB)
2025-08-21T08:37:26.9203142Z Using cached jmespath-1.0.1-py3-none-any.whl (20 kB)
2025-08-21T08:37:26.9214665Z Using cached python_dateutil-2.9.0.post0-py2.py3-none-any.whl (229 kB)
2025-08-21T08:37:26.9227395Z Using cached s3transfer-0.13.1-py3-none-any.whl (85 kB)
2025-08-21T08:37:26.9239324Z Using cached itsdangerous-2.2.0-py3-none-any.whl (16 kB)
2025-08-21T08:37:26.9250570Z Using cached setuptools-80.9.0-py3-none-any.whl (1.2 MB)
2025-08-21T08:37:26.9270059Z Using cached python_dotenv-1.1.1-py3-none-any.whl (20 kB)
2025-08-21T08:37:26.9281395Z Using cached python_multipart-0.0.20-py3-none-any.whl (24 kB)
2025-08-21T08:37:26.9292604Z Using cached annotated_types-0.7.0-py3-none-any.whl (13 kB)
2025-08-21T08:37:26.9303821Z Using cached certifi-2025.8.3-py3-none-any.whl (161 kB)
2025-08-21T08:37:26.9315871Z Using cached click_didyoumean-0.3.1-py3-none-any.whl (3.6 kB)
2025-08-21T08:37:26.9327762Z Using cached click_plugins-1.1.1.2-py2.py3-none-any.whl (11 kB)
2025-08-21T08:37:26.9341199Z Using cached click_repl-0.3.0-py3-none-any.whl (10 kB)
2025-08-21T08:37:26.9358255Z Using cached coverage-7.10.4-cp312-cp312-manylinux1_x86_64.manylinux_2_28_x86_64.manylinux_2_5_x86_64.whl (251 kB)
2025-08-21T08:37:26.9373204Z Using cached email_validator-2.2.0-py3-none-any.whl (33 kB)
2025-08-21T08:37:26.9386086Z Using cached dnspython-2.7.0-py3-none-any.whl (313 kB)
2025-08-21T08:37:26.9401610Z Using cached fastapi_cli-0.0.8-py3-none-any.whl (10 kB)
2025-08-21T08:37:26.9416437Z Using cached fastapi_cloud_cli-0.1.5-py3-none-any.whl (18 kB)
2025-08-21T08:37:26.9433316Z Using cached greenlet-3.2.4-cp312-cp312-manylinux_2_24_x86_64.manylinux_2_28_x86_64.whl (607 kB)
2025-08-21T08:37:26.9453225Z Using cached h11-0.16.0-py3-none-any.whl (37 kB)
2025-08-21T08:37:26.9466123Z Using cached iniconfig-2.1.0-py3-none-any.whl (6.0 kB)
2025-08-21T08:37:26.9478804Z Using cached MarkupSafe-3.0.2-cp312-cp312-manylinux_2_17_x86_64.manylinux2014_x86_64.whl (23 kB)
2025-08-21T08:37:26.9489953Z Using cached mirakuru-2.6.1-py3-none-any.whl (26 kB)
2025-08-21T08:37:26.9500973Z Using cached orjson-3.11.2-cp312-cp312-manylinux_2_17_x86_64.manylinux2014_x86_64.whl (121 kB)
2025-08-21T08:37:26.9512238Z Using cached packaging-25.0-py3-none-any.whl (66 kB)
2025-08-21T08:37:26.9523578Z Using cached pathspec-0.12.1-py3-none-any.whl (31 kB)
2025-08-21T08:37:26.9536096Z Using cached platformdirs-4.3.8-py3-none-any.whl (18 kB)
2025-08-21T08:37:26.9547237Z Using cached port_for-0.7.4-py3-none-any.whl (21 kB)
2025-08-21T08:37:26.9558669Z Using cached prompt_toolkit-3.0.51-py3-none-any.whl (387 kB)
2025-08-21T08:37:26.9572961Z Using cached psutil-7.0.0-cp36-abi3-manylinux_2_12_x86_64.manylinux2010_x86_64.manylinux_2_17_x86_64.manylinux2014_x86_64.whl (277 kB)
2025-08-21T08:37:26.9585410Z Using cached pydantic_extra_types-2.10.5-py3-none-any.whl (38 kB)
2025-08-21T08:37:26.9596655Z Using cached pydantic_settings-2.10.1-py3-none-any.whl (45 kB)
2025-08-21T08:37:26.9607850Z Using cached pygments-2.19.2-py3-none-any.whl (1.2 MB)
2025-08-21T08:37:26.9628073Z Using cached pytz-2025.2-py2.py3-none-any.whl (509 kB)
2025-08-21T08:37:26.9642492Z Using cached rich_toolkit-0.15.0-py3-none-any.whl (29 kB)
2025-08-21T08:37:26.9653508Z Using cached rich-14.1.0-py3-none-any.whl (243 kB)
2025-08-21T08:37:26.9665986Z Using cached markdown_it_py-4.0.0-py3-none-any.whl (87 kB)
2025-08-21T08:37:26.9677371Z Using cached mdurl-0.1.2-py3-none-any.whl (10.0 kB)
2025-08-21T08:37:26.9688591Z Using cached rignore-0.6.4-cp312-cp312-manylinux_2_17_x86_64.manylinux2014_x86_64.whl (949 kB)
2025-08-21T08:37:26.9706389Z Using cached sentry_sdk-2.35.0-py2.py3-none-any.whl (363 kB)
2025-08-21T08:37:26.9725287Z Using cached six-1.17.0-py2.py3-none-any.whl (11 kB)
2025-08-21T08:37:26.9739881Z Using cached sniffio-1.3.1-py3-none-any.whl (10 kB)
2025-08-21T08:37:26.9750963Z Using cached typer-0.16.1-py3-none-any.whl (46 kB)
2025-08-21T08:37:26.9762459Z Using cached shellingham-1.5.4-py2.py3-none-any.whl (9.8 kB)
2025-08-21T08:37:26.9773364Z Using cached typing_inspect-0.9.0-py3-none-any.whl (8.8 kB)
2025-08-21T08:37:26.9784733Z Using cached typing_inspection-0.4.1-py3-none-any.whl (14 kB)
2025-08-21T08:37:26.9795905Z Using cached tzdata-2025.2-py2.py3-none-any.whl (347 kB)
2025-08-21T08:37:26.9809776Z Using cached tzlocal-5.3.1-py3-none-any.whl (18 kB)
2025-08-21T08:37:26.9824257Z Using cached ujson-5.11.0-cp312-cp312-manylinux_2_24_x86_64.manylinux_2_28_x86_64.whl (57 kB)
2025-08-21T08:37:26.9835548Z Using cached uvicorn-0.35.0-py3-none-any.whl (66 kB)
2025-08-21T08:37:26.9848231Z Using cached httptools-0.6.4-cp312-cp312-manylinux_2_5_x86_64.manylinux1_x86_64.manylinux_2_17_x86_64.manylinux2014_x86_64.whl (510 kB)
2025-08-21T08:37:26.9863325Z Using cached uvloop-0.21.0-cp312-cp312-manylinux_2_17_x86_64.manylinux2014_x86_64.whl (4.7 MB)
2025-08-21T08:37:26.9907456Z Using cached watchfiles-1.1.0-cp312-cp312-manylinux_2_17_x86_64.manylinux2014_x86_64.whl (452 kB)
2025-08-21T08:37:26.9924810Z Using cached websockets-15.0.1-cp312-cp312-manylinux_2_5_x86_64.manylinux1_x86_64.manylinux_2_17_x86_64.manylinux2014_x86_64.whl (182 kB)
2025-08-21T08:37:26.9936492Z Using cached yapf-0.43.0-py3-none-any.whl (256 kB)
2025-08-21T08:37:26.9949491Z Using cached argon2_cffi-25.1.0-py3-none-any.whl (14 kB)
2025-08-21T08:37:26.9961201Z Using cached argon2_cffi_bindings-25.1.0-cp39-abi3-manylinux_2_26_x86_64.manylinux_2_28_x86_64.whl (87 kB)
2025-08-21T08:37:26.9973092Z Using cached cffi-1.17.1-cp312-cp312-manylinux_2_17_x86_64.manylinux2014_x86_64.whl (479 kB)
2025-08-21T08:37:26.9987236Z Using cached docker-7.1.0-py3-none-any.whl (147 kB)
2025-08-21T08:37:27.0001493Z Using cached et_xmlfile-2.0.0-py3-none-any.whl (18 kB)
2025-08-21T08:37:27.0012759Z Using cached mako-1.3.10-py3-none-any.whl (78 kB)
2025-08-21T08:37:27.0027694Z Using cached pycparser-2.22-py3-none-any.whl (117 kB)
2025-08-21T08:37:27.0045312Z Using cached pycryptodome-3.23.0-cp37-abi3-manylinux_2_17_x86_64.manylinux2014_x86_64.whl (2.3 MB)
2025-08-21T08:37:27.0079777Z Using cached toml-0.10.2-py2.py3-none-any.whl (16 kB)
2025-08-21T08:37:27.0090663Z Using cached typeguard-4.4.4-py3-none-any.whl (34 kB)
2025-08-21T08:37:27.0101761Z Using cached watchdog-6.0.0-py3-none-manylinux2014_x86_64.whl (79 kB)
2025-08-21T08:37:27.0113130Z Using cached wcwidth-0.2.13-py2.py3-none-any.whl (34 kB)
2025-08-21T08:37:27.4764559Z Installing collected packages: wcwidth, pytz, wrapt, websockets, watchdog, vine, uvloop, urllib3, ujson, tzlocal, tzdata, typing-extensions, tomli_w, tomli, toml, structlog, sniffio, six, shellingham, setuptools, ruff, rignore, redis, PyYAML, python-multipart, python-dotenv, pygments, pycryptodome, pycparser, psycopg2-binary, psycopg-binary, psutil, prompt-toolkit, port-for, pluggy, platformdirs, pathspec, packaging, orjson, numpy, nr-stream, nr-date, mypy-extensions, multimethod, mdurl, MarkupSafe, jmespath, itsdangerous, iniconfig, imapclient, idna, httptools, h11, greenlet, et-xmlfile, docstring-parser, dnspython, coverage, click, charset_normalizer, certifi, billiard, asyncpg, annotated-types, yapf, vulture, uvicorn, typing-inspection, typing-inspect, types-requests, typeguard, typeapi, sqlalchemy, sentry-sdk, requests, python-dateutil, pytest, pydantic-core, psycopg, openpyxl, mypy, mirakuru, markdown-it-py, Mako, Jinja2, httpcore, email-validator, Deprecated, click-repl, click-plugins, click-didyoumean, cffi, black, apscheduler, anyio, amqp, watchfiles, starlette, rich, pytest-postgresql, pytest-cov, pytest-asyncio, pydantic, pandas, nr-util, kombu, httpx, docker, databind, botocore, argon2-cffi-bindings, alembic, typer, testcontainers, s3transfer, rich-toolkit, respx, python-telegram-bot, pydantic-settings, pydantic-extra-types, pandera, fastapi, databind.json, databind.core, celery, asgi-correlation-id, argon2-cffi, minio, fastapi-limiter, fastapi-cloud-cli, fastapi-cli, docspec, boto3, docspec-python, pydoc-markdown
2025-08-21T08:37:46.2086070Z 
2025-08-21T08:37:46.2204291Z Successfully installed Deprecated-1.2.18 Jinja2-3.1.6 Mako-1.3.10 MarkupSafe-3.0.2 PyYAML-6.0.2 alembic-1.16.4 amqp-5.3.1 annotated-types-0.7.0 anyio-4.10.0 apscheduler-3.10.4 argon2-cffi-25.1.0 argon2-cffi-bindings-25.1.0 asgi-correlation-id-4.3.1 asyncpg-0.30.0 billiard-4.2.1 black-25.1.0 boto3-1.40.14 botocore-1.40.14 celery-5.5.3 certifi-2025.8.3 cffi-1.17.1 charset_normalizer-3.4.3 click-8.2.1 click-didyoumean-0.3.1 click-plugins-1.1.1.2 click-repl-0.3.0 coverage-7.10.4 databind-4.5.2 databind.core-4.5.2 databind.json-4.5.2 dnspython-2.7.0 docker-7.1.0 docspec-2.2.1 docspec-python-2.2.2 docstring-parser-0.11 email-validator-2.2.0 et-xmlfile-2.0.0 fastapi-0.116.1 fastapi-cli-0.0.8 fastapi-cloud-cli-0.1.5 fastapi-limiter-0.1.6 greenlet-3.2.4 h11-0.16.0 httpcore-1.0.9 httptools-0.6.4 httpx-0.28.1 idna-3.10 imapclient-3.0.1 iniconfig-2.1.0 itsdangerous-2.2.0 jmespath-1.0.1 kombu-5.5.4 markdown-it-py-4.0.0 mdurl-0.1.2 minio-7.2.16 mirakuru-2.6.1 multimethod-1.10 mypy-1.17.1 mypy-extensions-1.1.0 nr-date-2.1.0 nr-stream-1.1.5 nr-util-0.8.12 numpy-1.26.4 openpyxl-3.1.5 orjson-3.11.2 packaging-25.0 pandas-2.2.3 pandera-0.19.3 pathspec-0.12.1 platformdirs-4.3.8 pluggy-1.6.0 port-for-0.7.4 prompt-toolkit-3.0.51 psutil-7.0.0 psycopg-3.2.9 psycopg-binary-3.2.9 psycopg2-binary-2.9.10 pycparser-2.22 pycryptodome-3.23.0 pydantic-2.11.7 pydantic-core-2.33.2 pydantic-extra-types-2.10.5 pydantic-settings-2.10.1 pydoc-markdown-4.8.2 pygments-2.19.2 pytest-8.4.1 pytest-asyncio-1.1.0 pytest-cov-6.2.1 pytest-postgresql-7.0.2 python-dateutil-2.9.0.post0 python-dotenv-1.1.1 python-multipart-0.0.20 python-telegram-bot-22.3 pytz-2025.2 redis-6.4.0 requests-2.32.4 respx-0.22.0 rich-14.1.0 rich-toolkit-0.15.0 rignore-0.6.4 ruff-0.9.9 s3transfer-0.13.1 sentry-sdk-2.35.0 setuptools-80.9.0 shellingham-1.5.4 six-1.17.0 sniffio-1.3.1 sqlalchemy-2.0.43 starlette-0.47.2 structlog-24.1.0 testcontainers-4.12.0 toml-0.10.2 tomli-2.2.1 tomli_w-1.2.0 typeapi-2.2.4 typeguard-4.4.4 typer-0.16.1 types-requests-2.32.4.20250809 typing-extensions-4.14.1 typing-inspect-0.9.0 typing-inspection-0.4.1 tzdata-2025.2 tzlocal-5.3.1 ujson-5.11.0 urllib3-2.5.0 uvicorn-0.35.0 uvloop-0.21.0 vine-5.1.0 vulture-2.10 watchdog-6.0.0 watchfiles-1.1.0 wcwidth-0.2.13 websockets-15.0.1 wrapt-1.17.3 yapf-0.43.0
2025-08-21T08:37:47.6776426Z Collecting keepa==1.3.15
2025-08-21T08:37:47.6788735Z   Using cached keepa-1.3.15-py3-none-any.whl.metadata (11 kB)
2025-08-21T08:37:47.7049817Z Collecting minio==7.1.15
2025-08-21T08:37:47.7061141Z   Using cached minio-7.1.15-py3-none-any.whl.metadata (4.2 kB)
2025-08-21T08:37:47.7086807Z Requirement already satisfied: numpy>=1.9.3 in /opt/hostedtoolcache/Python/3.12.11/x64/lib/python3.12/site-packages (from keepa==1.3.15) (1.26.4)
2025-08-21T08:37:47.7092264Z Requirement already satisfied: requests>=2.2 in /opt/hostedtoolcache/Python/3.12.11/x64/lib/python3.12/site-packages (from keepa==1.3.15) (2.32.4)
2025-08-21T08:37:47.7399615Z Collecting tqdm (from keepa==1.3.15)
2025-08-21T08:37:47.7411039Z   Using cached tqdm-4.67.1-py3-none-any.whl.metadata (57 kB)
2025-08-21T08:37:48.2115497Z Collecting aiohttp (from keepa==1.3.15)
2025-08-21T08:37:48.2128999Z   Using cached aiohttp-3.12.15-cp312-cp312-manylinux_2_17_x86_64.manylinux2014_x86_64.whl.metadata (7.7 kB)
2025-08-21T08:37:48.2163881Z Requirement already satisfied: pandas<=3.0 in /opt/hostedtoolcache/Python/3.12.11/x64/lib/python3.12/site-packages (from keepa==1.3.15) (2.2.3)
2025-08-21T08:37:48.2167638Z Requirement already satisfied: pydantic in /opt/hostedtoolcache/Python/3.12.11/x64/lib/python3.12/site-packages (from keepa==1.3.15) (2.11.7)
2025-08-21T08:37:48.2174951Z Requirement already satisfied: certifi in /opt/hostedtoolcache/Python/3.12.11/x64/lib/python3.12/site-packages (from minio==7.1.15) (2025.8.3)
2025-08-21T08:37:48.2178436Z Requirement already satisfied: urllib3 in /opt/hostedtoolcache/Python/3.12.11/x64/lib/python3.12/site-packages (from minio==7.1.15) (2.5.0)
2025-08-21T08:37:48.2235918Z Requirement already satisfied: python-dateutil>=2.8.2 in /opt/hostedtoolcache/Python/3.12.11/x64/lib/python3.12/site-packages (from pandas<=3.0->keepa==1.3.15) (2.9.0.post0)
2025-08-21T08:37:48.2240931Z Requirement already satisfied: pytz>=2020.1 in /opt/hostedtoolcache/Python/3.12.11/x64/lib/python3.12/site-packages (from pandas<=3.0->keepa==1.3.15) (2025.2)
2025-08-21T08:37:48.2245773Z Requirement already satisfied: tzdata>=2022.7 in /opt/hostedtoolcache/Python/3.12.11/x64/lib/python3.12/site-packages (from pandas<=3.0->keepa==1.3.15) (2025.2)
2025-08-21T08:37:48.2370409Z Requirement already satisfied: six>=1.5 in /opt/hostedtoolcache/Python/3.12.11/x64/lib/python3.12/site-packages (from python-dateutil>=2.8.2->pandas<=3.0->keepa==1.3.15) (1.17.0)
2025-08-21T08:37:48.2389364Z Requirement already satisfied: charset_normalizer<4,>=2 in /opt/hostedtoolcache/Python/3.12.11/x64/lib/python3.12/site-packages (from requests>=2.2->keepa==1.3.15) (3.4.3)
2025-08-21T08:37:48.2395370Z Requirement already satisfied: idna<4,>=2.5 in /opt/hostedtoolcache/Python/3.12.11/x64/lib/python3.12/site-packages (from requests>=2.2->keepa==1.3.15) (3.10)
2025-08-21T08:37:48.2584428Z Collecting aiohappyeyeballs>=2.5.0 (from aiohttp->keepa==1.3.15)
2025-08-21T08:37:48.2595859Z   Using cached aiohappyeyeballs-2.6.1-py3-none-any.whl.metadata (5.9 kB)
2025-08-21T08:37:48.2682773Z Collecting aiosignal>=1.4.0 (from aiohttp->keepa==1.3.15)
2025-08-21T08:37:48.2693873Z   Using cached aiosignal-1.4.0-py3-none-any.whl.metadata (3.7 kB)
2025-08-21T08:37:48.2830914Z Collecting attrs>=17.3.0 (from aiohttp->keepa==1.3.15)
2025-08-21T08:37:48.2842373Z   Using cached attrs-25.3.0-py3-none-any.whl.metadata (10 kB)
2025-08-21T08:37:48.3499719Z Collecting frozenlist>=1.1.1 (from aiohttp->keepa==1.3.15)
2025-08-21T08:37:48.3511791Z   Using cached frozenlist-1.7.0-cp312-cp312-manylinux_2_5_x86_64.manylinux1_x86_64.manylinux_2_17_x86_64.manylinux2014_x86_64.whl.metadata (18 kB)
2025-08-21T08:37:48.5879050Z Collecting multidict<7.0,>=4.5 (from aiohttp->keepa==1.3.15)
2025-08-21T08:37:48.5893208Z   Using cached multidict-6.6.4-cp312-cp312-manylinux2014_x86_64.manylinux_2_17_x86_64.manylinux_2_28_x86_64.whl.metadata (5.3 kB)
2025-08-21T08:37:48.6292339Z Collecting propcache>=0.2.0 (from aiohttp->keepa==1.3.15)
2025-08-21T08:37:48.6304483Z   Using cached propcache-0.3.2-cp312-cp312-manylinux_2_17_x86_64.manylinux2014_x86_64.whl.metadata (12 kB)
2025-08-21T08:37:48.8624654Z Collecting yarl<2.0,>=1.17.0 (from aiohttp->keepa==1.3.15)
2025-08-21T08:37:48.8637704Z   Using cached yarl-1.20.1-cp312-cp312-manylinux_2_17_x86_64.manylinux2014_x86_64.whl.metadata (73 kB)
2025-08-21T08:37:48.8855324Z Requirement already satisfied: typing-extensions>=4.2 in /opt/hostedtoolcache/Python/3.12.11/x64/lib/python3.12/site-packages (from aiosignal>=1.4.0->aiohttp->keepa==1.3.15) (4.14.1)
2025-08-21T08:37:48.8903079Z Requirement already satisfied: annotated-types>=0.6.0 in /opt/hostedtoolcache/Python/3.12.11/x64/lib/python3.12/site-packages (from pydantic->keepa==1.3.15) (0.7.0)
2025-08-21T08:37:48.8908573Z Requirement already satisfied: pydantic-core==2.33.2 in /opt/hostedtoolcache/Python/3.12.11/x64/lib/python3.12/site-packages (from pydantic->keepa==1.3.15) (2.33.2)
2025-08-21T08:37:48.8915248Z Requirement already satisfied: typing-inspection>=0.4.0 in /opt/hostedtoolcache/Python/3.12.11/x64/lib/python3.12/site-packages (from pydantic->keepa==1.3.15) (0.4.1)
2025-08-21T08:37:48.8974490Z Using cached keepa-1.3.15-py3-none-any.whl (38 kB)
2025-08-21T08:37:48.8985767Z Using cached minio-7.1.15-py3-none-any.whl (77 kB)
2025-08-21T08:37:48.8998588Z Using cached aiohttp-3.12.15-cp312-cp312-manylinux_2_17_x86_64.manylinux2014_x86_64.whl (1.7 MB)
2025-08-21T08:37:48.9021920Z Using cached multidict-6.6.4-cp312-cp312-manylinux2014_x86_64.manylinux_2_17_x86_64.manylinux_2_28_x86_64.whl (256 kB)
2025-08-21T08:37:48.9033993Z Using cached yarl-1.20.1-cp312-cp312-manylinux_2_17_x86_64.manylinux2014_x86_64.whl (355 kB)
2025-08-21T08:37:48.9046917Z Using cached aiohappyeyeballs-2.6.1-py3-none-any.whl (15 kB)
2025-08-21T08:37:48.9057714Z Using cached aiosignal-1.4.0-py3-none-any.whl (7.5 kB)
2025-08-21T08:37:48.9068630Z Using cached attrs-25.3.0-py3-none-any.whl (63 kB)
2025-08-21T08:37:48.9080406Z Using cached frozenlist-1.7.0-cp312-cp312-manylinux_2_5_x86_64.manylinux1_x86_64.manylinux_2_17_x86_64.manylinux2014_x86_64.whl (241 kB)
2025-08-21T08:37:48.9092545Z Using cached propcache-0.3.2-cp312-cp312-manylinux_2_17_x86_64.manylinux2014_x86_64.whl (224 kB)
2025-08-21T08:37:48.9104356Z Using cached tqdm-4.67.1-py3-none-any.whl (78 kB)
2025-08-21T08:37:49.0934787Z Installing collected packages: tqdm, propcache, multidict, minio, frozenlist, attrs, aiohappyeyeballs, yarl, aiosignal, aiohttp, keepa
2025-08-21T08:37:49.1669678Z   Attempting uninstall: minio
2025-08-21T08:37:49.1719408Z     Found existing installation: minio 7.2.16
2025-08-21T08:37:49.1756272Z     Uninstalling minio-7.2.16:
2025-08-21T08:37:49.1766625Z       Successfully uninstalled minio-7.2.16
2025-08-21T08:37:49.5458889Z 
2025-08-21T08:37:49.5570729Z Successfully installed aiohappyeyeballs-2.6.1 aiohttp-3.12.15 aiosignal-1.4.0 attrs-25.3.0 frozenlist-1.7.0 keepa-1.3.15 minio-7.1.15 multidict-6.6.4 propcache-0.3.2 tqdm-4.67.1 yarl-1.20.1
2025-08-21T08:37:49.7049737Z ##[group]Run for i in {1..30}; do pg_isready -h "$PG_HOST" -p "$PG_PORT" -U "$PG_USER" -d "$PG_DATABASE" && break; sleep 1; done
2025-08-21T08:37:49.7050376Z [36;1mfor i in {1..30}; do pg_isready -h "$PG_HOST" -p "$PG_PORT" -U "$PG_USER" -d "$PG_DATABASE" && break; sleep 1; done[0m
2025-08-21T08:37:49.7091326Z shell: /usr/bin/bash -e {0}
2025-08-21T08:37:49.7091554Z env:
2025-08-21T08:37:49.7091755Z   REDIS_URL: redis://localhost:6379/0
2025-08-21T08:37:49.7092030Z   RATE_LIMIT_DEFAULT: 100/minute
2025-08-21T08:37:49.7092261Z   TRUST_X_FORWARDED: 1
2025-08-21T08:37:49.7092454Z   PG_USER: postgres
2025-08-21T08:37:49.7092654Z   PG_PASSWORD: pass
2025-08-21T08:37:49.7092839Z   PG_DATABASE: awa
2025-08-21T08:37:49.7093024Z   PG_HOST: localhost
2025-08-21T08:37:49.7093209Z   PG_PORT: 5432
2025-08-21T08:37:49.7093655Z   PG_SYNC_DSN: ***localhost:5432/awa
2025-08-21T08:37:49.7094065Z   PG_ASYNC_DSN: ***localhost:5432/awa
2025-08-21T08:37:49.7094685Z   DATABASE_URL: ***localhost:5432/awa
2025-08-21T08:37:49.7094930Z   DATA_DIR: /tmp/awa-data
2025-08-21T08:37:49.7095147Z   ENABLE_LIVE: 0
2025-08-21T08:37:49.7095329Z   TESTING: 1
2025-08-21T08:37:49.7095561Z   pythonLocation: /opt/hostedtoolcache/Python/3.12.11/x64
2025-08-21T08:37:49.7095963Z   PKG_CONFIG_PATH: /opt/hostedtoolcache/Python/3.12.11/x64/lib/pkgconfig
2025-08-21T08:37:49.7096358Z   Python_ROOT_DIR: /opt/hostedtoolcache/Python/3.12.11/x64
2025-08-21T08:37:49.7096713Z   Python2_ROOT_DIR: /opt/hostedtoolcache/Python/3.12.11/x64
2025-08-21T08:37:49.7097062Z   Python3_ROOT_DIR: /opt/hostedtoolcache/Python/3.12.11/x64
2025-08-21T08:37:49.7097434Z   LD_LIBRARY_PATH: /opt/hostedtoolcache/Python/3.12.11/x64/lib
2025-08-21T08:37:49.7097736Z ##[endgroup]
2025-08-21T08:37:49.8465517Z localhost:5432 - accepting connections
2025-08-21T08:37:49.8495053Z ##[group]Run alembic -c services/api/alembic.ini upgrade head
2025-08-21T08:37:49.8495466Z [36;1malembic -c services/api/alembic.ini upgrade head[0m
2025-08-21T08:37:49.8534355Z shell: /usr/bin/bash -e {0}
2025-08-21T08:37:49.8534582Z env:
2025-08-21T08:37:49.8534788Z   REDIS_URL: redis://localhost:6379/0
2025-08-21T08:37:49.8535058Z   RATE_LIMIT_DEFAULT: 100/minute
2025-08-21T08:37:49.8535281Z   TRUST_X_FORWARDED: 1
2025-08-21T08:37:49.8535479Z   PG_USER: postgres
2025-08-21T08:37:49.8535683Z   PG_PASSWORD: pass
2025-08-21T08:37:49.8535866Z   PG_DATABASE: awa
2025-08-21T08:37:49.8536052Z   PG_HOST: localhost
2025-08-21T08:37:49.8536240Z   PG_PORT: 5432
2025-08-21T08:37:49.8536656Z   PG_SYNC_DSN: ***localhost:5432/awa
2025-08-21T08:37:49.8537055Z   PG_ASYNC_DSN: ***localhost:5432/awa
2025-08-21T08:37:49.8537438Z   DATABASE_URL: ***localhost:5432/awa
2025-08-21T08:37:49.8537676Z   DATA_DIR: /tmp/awa-data
2025-08-21T08:37:49.8537886Z   ENABLE_LIVE: 0
2025-08-21T08:37:49.8538295Z   TESTING: 1
2025-08-21T08:37:49.8538546Z   pythonLocation: /opt/hostedtoolcache/Python/3.12.11/x64
2025-08-21T08:37:49.8538956Z   PKG_CONFIG_PATH: /opt/hostedtoolcache/Python/3.12.11/x64/lib/pkgconfig
2025-08-21T08:37:49.8539354Z   Python_ROOT_DIR: /opt/hostedtoolcache/Python/3.12.11/x64
2025-08-21T08:37:49.8539711Z   Python2_ROOT_DIR: /opt/hostedtoolcache/Python/3.12.11/x64
2025-08-21T08:37:49.8540062Z   Python3_ROOT_DIR: /opt/hostedtoolcache/Python/3.12.11/x64
2025-08-21T08:37:49.8540418Z   LD_LIBRARY_PATH: /opt/hostedtoolcache/Python/3.12.11/x64/lib
2025-08-21T08:37:49.8540715Z ##[endgroup]
2025-08-21T08:37:50.7195993Z INFO  [alembic.runtime.migration] Context impl PostgresqlImpl.
2025-08-21T08:37:50.7196617Z INFO  [alembic.runtime.migration] Will assume transactional DDL.
2025-08-21T08:37:50.7381540Z INFO  [alembic.runtime.migration] Running upgrade  -> 0001_baseline
2025-08-21T08:37:50.7520741Z INFO  [alembic.runtime.migration] Running upgrade 0001_baseline -> 0002_create_roi_view
2025-08-21T08:37:50.7546565Z INFO  [alembic.runtime.migration] Running upgrade 0002_create_roi_view -> 3e9d5c5aff2c
2025-08-21T08:37:50.7712387Z INFO  [alembic.runtime.migration] Running upgrade 3e9d5c5aff2c -> 0003_vendor_prices
2025-08-21T08:37:50.7856421Z INFO  [alembic.runtime.migration] Running upgrade 0003_vendor_prices -> 0004_fee_cron
2025-08-21T08:37:50.7926471Z INFO  [alembic.runtime.migration] Running upgrade 0004_fee_cron -> 0006_fix_roi_views
2025-08-21T08:37:50.7958238Z INFO  [alembic.runtime.migration] Running upgrade 0006_fix_roi_views -> 0020_unified_schema
2025-08-21T08:37:50.8063838Z INFO  [alembic.runtime.migration] Running upgrade 0020_unified_schema -> 0022_fix_roi_view
2025-08-21T08:37:50.8129664Z INFO  [alembic.runtime.migration] Running upgrade 0022_fix_roi_view -> 0023_add_storage_fee
2025-08-21T08:37:50.8166082Z INFO  [alembic.runtime.migration] Running upgrade 0023_add_storage_fee -> 0024_create_buybox
2025-08-21T08:37:50.8188334Z INFO  [alembic.runtime.migration] Running upgrade 0024_create_buybox -> 0025_pr4_indexes_loadlog
2025-08-21T08:37:50.8385864Z INFO  [alembic.runtime.migration] Running upgrade 0025_pr4_indexes_loadlog -> 0026_amazon_new_reports
2025-08-21T08:37:50.9306164Z ##[group]Run python - <<'PY'
2025-08-21T08:37:50.9306458Z [36;1mpython - <<'PY'[0m
2025-08-21T08:37:50.9306725Z [36;1mfrom fastapi.testclient import TestClient[0m
2025-08-21T08:37:50.9307039Z [36;1mfrom services.api.main import app[0m
2025-08-21T08:37:50.9307311Z [36;1mwith TestClient(app) as c:[0m
2025-08-21T08:37:50.9307559Z [36;1m    r = c.get('/roi-review')[0m
2025-08-21T08:37:50.9307823Z [36;1m    assert r.status_code < 500, r.text[0m
2025-08-21T08:37:50.9308240Z [36;1mPY[0m
2025-08-21T08:37:50.9348430Z shell: /usr/bin/bash -e {0}
2025-08-21T08:37:50.9348665Z env:
2025-08-21T08:37:50.9348871Z   REDIS_URL: redis://localhost:6379/0
2025-08-21T08:37:50.9349148Z   RATE_LIMIT_DEFAULT: 100/minute
2025-08-21T08:37:50.9349386Z   TRUST_X_FORWARDED: 1
2025-08-21T08:37:50.9349586Z   PG_USER: postgres
2025-08-21T08:37:50.9349782Z   PG_PASSWORD: pass
2025-08-21T08:37:50.9349973Z   PG_DATABASE: awa
2025-08-21T08:37:50.9350157Z   PG_HOST: localhost
2025-08-21T08:37:50.9350399Z   PG_PORT: 5432
2025-08-21T08:37:50.9350993Z   PG_SYNC_DSN: ***localhost:5432/awa
2025-08-21T08:37:50.9351401Z   PG_ASYNC_DSN: ***localhost:5432/awa
2025-08-21T08:37:50.9351795Z   DATABASE_URL: ***localhost:5432/awa
2025-08-21T08:37:50.9352039Z   DATA_DIR: /tmp/awa-data
2025-08-21T08:37:50.9352249Z   ENABLE_LIVE: 0
2025-08-21T08:37:50.9352431Z   TESTING: 1
2025-08-21T08:37:50.9352672Z   pythonLocation: /opt/hostedtoolcache/Python/3.12.11/x64
2025-08-21T08:37:50.9353078Z   PKG_CONFIG_PATH: /opt/hostedtoolcache/Python/3.12.11/x64/lib/pkgconfig
2025-08-21T08:37:50.9353467Z   Python_ROOT_DIR: /opt/hostedtoolcache/Python/3.12.11/x64
2025-08-21T08:37:50.9353812Z   Python2_ROOT_DIR: /opt/hostedtoolcache/Python/3.12.11/x64
2025-08-21T08:37:50.9354162Z   Python3_ROOT_DIR: /opt/hostedtoolcache/Python/3.12.11/x64
2025-08-21T08:37:50.9354518Z   LD_LIBRARY_PATH: /opt/hostedtoolcache/Python/3.12.11/x64/lib
2025-08-21T08:37:50.9354815Z ##[endgroup]
2025-08-21T08:37:52.3323178Z WARNING:services.api.errors:{"status_code": 401, "detail": "Not authenticated", "event": "http_error", "request_id": "1b1cffb5d45e4109a91eec5c30720c30", "level": "warning", "timestamp": "2025-08-21T08:37:52.331960Z"}
2025-08-21T08:37:52.3328263Z INFO:httpx:HTTP Request: GET http://testserver/roi-review "HTTP/1.1 401 Unauthorized"
2025-08-21T08:37:52.5074834Z ##[group]Run alembic -c services/api/alembic.ini downgrade base
2025-08-21T08:37:52.5075311Z [36;1malembic -c services/api/alembic.ini downgrade base[0m
2025-08-21T08:37:52.5115033Z shell: /usr/bin/bash -e {0}
2025-08-21T08:37:52.5115272Z env:
2025-08-21T08:37:52.5115478Z   REDIS_URL: redis://localhost:6379/0
2025-08-21T08:37:52.5115742Z   RATE_LIMIT_DEFAULT: 100/minute
2025-08-21T08:37:52.5115967Z   TRUST_X_FORWARDED: 1
2025-08-21T08:37:52.5116164Z   PG_USER: postgres
2025-08-21T08:37:52.5116368Z   PG_PASSWORD: pass
2025-08-21T08:37:52.5116558Z   PG_DATABASE: awa
2025-08-21T08:37:52.5116740Z   PG_HOST: localhost
2025-08-21T08:37:52.5116933Z   PG_PORT: 5432
2025-08-21T08:37:52.5117491Z   PG_SYNC_DSN: ***localhost:5432/awa
2025-08-21T08:37:52.5118077Z   PG_ASYNC_DSN: ***localhost:5432/awa
2025-08-21T08:37:52.5118582Z   DATABASE_URL: ***localhost:5432/awa
2025-08-21T08:37:52.5118828Z   DATA_DIR: /tmp/awa-data
2025-08-21T08:37:52.5119036Z   ENABLE_LIVE: 0
2025-08-21T08:37:52.5119255Z   TESTING: 1
2025-08-21T08:37:52.5119494Z   pythonLocation: /opt/hostedtoolcache/Python/3.12.11/x64
2025-08-21T08:37:52.5119892Z   PKG_CONFIG_PATH: /opt/hostedtoolcache/Python/3.12.11/x64/lib/pkgconfig
2025-08-21T08:37:52.5120284Z   Python_ROOT_DIR: /opt/hostedtoolcache/Python/3.12.11/x64
2025-08-21T08:37:52.5120634Z   Python2_ROOT_DIR: /opt/hostedtoolcache/Python/3.12.11/x64
2025-08-21T08:37:52.5120978Z   Python3_ROOT_DIR: /opt/hostedtoolcache/Python/3.12.11/x64
2025-08-21T08:37:52.5121333Z   LD_LIBRARY_PATH: /opt/hostedtoolcache/Python/3.12.11/x64/lib
2025-08-21T08:37:52.5121631Z ##[endgroup]
2025-08-21T08:37:52.9615659Z INFO  [alembic.runtime.migration] Context impl PostgresqlImpl.
2025-08-21T08:37:52.9616900Z INFO  [alembic.runtime.migration] Will assume transactional DDL.
2025-08-21T08:37:52.9703028Z INFO  [alembic.runtime.migration] Running downgrade 0026_amazon_new_reports -> 0025_pr4_indexes_loadlog
2025-08-21T08:37:52.9791390Z INFO  [alembic.runtime.migration] Running downgrade 0025_pr4_indexes_loadlog -> 0024_create_buybox
2025-08-21T08:37:52.9833135Z INFO  [alembic.runtime.migration] Running downgrade 0024_create_buybox -> 0023_add_storage_fee
2025-08-21T08:37:52.9844897Z INFO  [alembic.runtime.migration] Running downgrade 0023_add_storage_fee -> 0022_fix_roi_view
2025-08-21T08:37:52.9994022Z INFO  [alembic.runtime.migration] Running downgrade 0022_fix_roi_view -> 0020_unified_schema
2025-08-21T08:37:53.0016940Z INFO  [alembic.runtime.migration] Running downgrade 0020_unified_schema -> 0006_fix_roi_views
2025-08-21T08:37:53.0053836Z INFO  [alembic.runtime.migration] Running downgrade 0006_fix_roi_views -> 0004_fee_cron
2025-08-21T08:37:53.0065226Z INFO  [alembic.runtime.migration] Running downgrade 0004_fee_cron -> 0003_vendor_prices
2025-08-21T08:37:53.0138716Z INFO  [alembic.runtime.migration] Running downgrade 0003_vendor_prices -> 3e9d5c5aff2c
2025-08-21T08:37:53.0176917Z INFO  [alembic.runtime.migration] Running downgrade 3e9d5c5aff2c -> 0002_create_roi_view
2025-08-21T08:37:53.0222104Z INFO  [alembic.runtime.migration] Running downgrade 0002_create_roi_view -> 0001_baseline
2025-08-21T08:37:53.0231391Z INFO  [alembic.runtime.migration] Running downgrade 0001_baseline -> 
2025-08-21T08:37:53.1001351Z ##[group]Run test "$(alembic -c services/api/alembic.ini heads | wc -l)" -eq 1
2025-08-21T08:37:53.1001877Z [36;1mtest "$(alembic -c services/api/alembic.ini heads | wc -l)" -eq 1[0m
2025-08-21T08:37:53.1041916Z shell: /usr/bin/bash -e {0}
2025-08-21T08:37:53.1042138Z env:
2025-08-21T08:37:53.1042349Z   REDIS_URL: redis://localhost:6379/0
2025-08-21T08:37:53.1042624Z   RATE_LIMIT_DEFAULT: 100/minute
2025-08-21T08:37:53.1042861Z   TRUST_X_FORWARDED: 1
2025-08-21T08:37:53.1043060Z   PG_USER: postgres
2025-08-21T08:37:53.1043275Z   PG_PASSWORD: pass
2025-08-21T08:37:53.1043467Z   PG_DATABASE: awa
2025-08-21T08:37:53.1043654Z   PG_HOST: localhost
2025-08-21T08:37:53.1043844Z   PG_PORT: 5432
2025-08-21T08:37:53.1044324Z   PG_SYNC_DSN: ***localhost:5432/awa
2025-08-21T08:37:53.1044732Z   PG_ASYNC_DSN: ***localhost:5432/awa
2025-08-21T08:37:53.1045121Z   DATABASE_URL: ***localhost:5432/awa
2025-08-21T08:37:53.1045357Z   DATA_DIR: /tmp/awa-data
2025-08-21T08:37:53.1045604Z   ENABLE_LIVE: 0
2025-08-21T08:37:53.1045787Z   TESTING: 1
2025-08-21T08:37:53.1046031Z   pythonLocation: /opt/hostedtoolcache/Python/3.12.11/x64
2025-08-21T08:37:53.1046450Z   PKG_CONFIG_PATH: /opt/hostedtoolcache/Python/3.12.11/x64/lib/pkgconfig
2025-08-21T08:37:53.1046851Z   Python_ROOT_DIR: /opt/hostedtoolcache/Python/3.12.11/x64
2025-08-21T08:37:53.1047199Z   Python2_ROOT_DIR: /opt/hostedtoolcache/Python/3.12.11/x64
2025-08-21T08:37:53.1047550Z   Python3_ROOT_DIR: /opt/hostedtoolcache/Python/3.12.11/x64
2025-08-21T08:37:53.1048082Z   LD_LIBRARY_PATH: /opt/hostedtoolcache/Python/3.12.11/x64/lib
2025-08-21T08:37:53.1048423Z ##[endgroup]
2025-08-21T08:37:53.4603668Z ##[group]Run pytest tests/migrations/test_migration_roundtrip.py -q -m integration
2025-08-21T08:37:53.4604248Z [36;1mpytest tests/migrations/test_migration_roundtrip.py -q -m integration[0m
2025-08-21T08:37:53.4644582Z shell: /usr/bin/bash -e {0}
2025-08-21T08:37:53.4644807Z env:
2025-08-21T08:37:53.4645019Z   REDIS_URL: redis://localhost:6379/0
2025-08-21T08:37:53.4645287Z   RATE_LIMIT_DEFAULT: 100/minute
2025-08-21T08:37:53.4645511Z   TRUST_X_FORWARDED: 1
2025-08-21T08:37:53.4645708Z   PG_USER: postgres
2025-08-21T08:37:53.4645896Z   PG_PASSWORD: pass
2025-08-21T08:37:53.4646080Z   PG_DATABASE: awa
2025-08-21T08:37:53.4646267Z   PG_HOST: localhost
2025-08-21T08:37:53.4646462Z   PG_PORT: 5432
2025-08-21T08:37:53.4646886Z   PG_SYNC_DSN: ***localhost:5432/awa
2025-08-21T08:37:53.4647333Z   PG_ASYNC_DSN: ***localhost:5432/awa
2025-08-21T08:37:53.4647725Z   DATABASE_URL: ***localhost:5432/awa
2025-08-21T08:37:53.4648312Z   DATA_DIR: /tmp/awa-data
2025-08-21T08:37:53.4648557Z   ENABLE_LIVE: 0
2025-08-21T08:37:53.4648733Z   TESTING: 1
2025-08-21T08:37:53.4648975Z   pythonLocation: /opt/hostedtoolcache/Python/3.12.11/x64
2025-08-21T08:37:53.4649378Z   PKG_CONFIG_PATH: /opt/hostedtoolcache/Python/3.12.11/x64/lib/pkgconfig
2025-08-21T08:37:53.4649768Z   Python_ROOT_DIR: /opt/hostedtoolcache/Python/3.12.11/x64
2025-08-21T08:37:53.4650117Z   Python2_ROOT_DIR: /opt/hostedtoolcache/Python/3.12.11/x64
2025-08-21T08:37:53.4650473Z   Python3_ROOT_DIR: /opt/hostedtoolcache/Python/3.12.11/x64
2025-08-21T08:37:53.4650827Z   LD_LIBRARY_PATH: /opt/hostedtoolcache/Python/3.12.11/x64/lib
2025-08-21T08:37:53.4651120Z ##[endgroup]
2025-08-21T08:37:55.1325131Z /opt/hostedtoolcache/Python/3.12.11/x64/lib/python3.12/site-packages/coverage/control.py:943: CoverageWarning: No data was collected. (no-data-collected)
2025-08-21T08:37:55.1326495Z   self._warn("No data was collected.", slug="no-data-collected")
2025-08-21T08:37:55.3110620Z s                                                                        [100%]
2025-08-21T08:37:55.3111183Z ================================ tests coverage ================================
2025-08-21T08:37:55.3111789Z _______________ coverage: platform linux, python 3.12.11-final-0 _______________
2025-08-21T08:37:55.3112282Z 
2025-08-21T08:37:55.3112472Z Coverage XML written to file coverage.xml
2025-08-21T08:37:55.4436474Z Post job cleanup.
2025-08-21T08:37:55.5924547Z Cache hit occurred on the primary key setup-python-Linux-x64-24.04-Ubuntu-python-3.12.11-pip-cc13ccef493b9f3a93ad5651164d9fb09282c1111f6f72ce20e0657de16de6b4, not saving cache.
2025-08-21T08:37:55.6022336Z Post job cleanup.
2025-08-21T08:37:55.6778719Z [command]/usr/bin/git version
2025-08-21T08:37:55.6813262Z git version 2.51.0
2025-08-21T08:37:55.6848207Z Temporarily overriding HOME='/home/runner/work/_temp/14649a3e-0fea-43e0-917a-86f192e47820' before making global git config changes
2025-08-21T08:37:55.6849281Z Adding repository directory to the temporary git global config as a safe directory
2025-08-21T08:37:55.6854571Z [command]/usr/bin/git config --global --add safe.directory /home/runner/work/AWA-App/AWA-App
2025-08-21T08:37:55.6890384Z [command]/usr/bin/git config --local --name-only --get-regexp core\.sshCommand
2025-08-21T08:37:55.6947085Z [command]/usr/bin/git submodule foreach --recursive sh -c "git config --local --name-only --get-regexp 'core\.sshCommand' && git config --local --unset-all 'core.sshCommand' || :"
2025-08-21T08:37:55.7173799Z [command]/usr/bin/git config --local --name-only --get-regexp http\.https\:\/\/github\.com\/\.extraheader
2025-08-21T08:37:55.7196741Z http.https://github.com/.extraheader
2025-08-21T08:37:55.7206988Z [command]/usr/bin/git config --local --unset-all http.https://github.com/.extraheader
2025-08-21T08:37:55.7236449Z [command]/usr/bin/git submodule foreach --recursive sh -c "git config --local --name-only --get-regexp 'http\.https\:\/\/github\.com\/\.extraheader' && git config --local --unset-all 'http.https://github.com/.extraheader' || :"
2025-08-21T08:37:55.7543500Z Print service container logs: 0834d5788aa54735bd5ed827eb13d7f8_postgres15_534e97
2025-08-21T08:37:55.7548321Z ##[command]/usr/bin/docker logs --details 53e19fa19df1cc14d213e75749bc409455e27d0eff2e5c0fe1dc8a06b211273d
2025-08-21T08:37:55.7671140Z  The files belonging to this database system will be owned by user "postgres".
2025-08-21T08:37:55.7672837Z  initdb: warning: enabling "trust" authentication for local connections
2025-08-21T08:37:55.7673947Z  initdb: hint: You can change this by editing pg_hba.conf or using the option -A, or --auth-local and --auth-host, the next time you run initdb.
2025-08-21T08:37:55.7675238Z  2025-08-21 08:37:07.810 UTC [1] LOG:  starting PostgreSQL 15.14 (Debian 15.14-1.pgdg13+1) on x86_64-pc-linux-gnu, compiled by gcc (Debian 14.2.0-19) 14.2.0, 64-bit
2025-08-21T08:37:55.7675929Z  2025-08-21 08:37:07.810 UTC [1] LOG:  listening on IPv4 address "0.0.0.0", port 5432
2025-08-21T08:37:55.7676645Z  2025-08-21 08:37:07.810 UTC [1] LOG:  listening on IPv6 address "::", port 5432
2025-08-21T08:37:55.7677109Z  2025-08-21 08:37:07.812 UTC [1] LOG:  listening on Unix socket "/var/run/postgresql/.s.PGSQL.5432"
2025-08-21T08:37:55.7677601Z  2025-08-21 08:37:07.815 UTC [64] LOG:  database system was shut down at 2025-08-21 08:37:07 UTC
2025-08-21T08:37:55.7678338Z  2025-08-21 08:37:07.818 UTC [1] LOG:  database system is ready to accept connections
2025-08-21T08:37:55.7678715Z  This user must also own the server process.
2025-08-21T08:37:55.7678964Z  
2025-08-21T08:37:55.7679220Z  The database cluster will be initialized with locale "en_US.utf8".
2025-08-21T08:37:55.7679622Z  The default database encoding has accordingly been set to "UTF8".
2025-08-21T08:37:55.7680013Z  The default text search configuration will be set to "english".
2025-08-21T08:37:55.7680312Z  
2025-08-21T08:37:55.7680482Z  Data page checksums are disabled.
2025-08-21T08:37:55.7680698Z  
2025-08-21T08:37:55.7680969Z  fixing permissions on existing directory /var/lib/postgresql/data ... ok
2025-08-21T08:37:55.7681339Z  creating subdirectories ... ok
2025-08-21T08:37:55.7681628Z  selecting dynamic shared memory implementation ... posix
2025-08-21T08:37:55.7681943Z  selecting default max_connections ... 100
2025-08-21T08:37:55.7682218Z  selecting default shared_buffers ... 128MB
2025-08-21T08:37:55.7682482Z  selecting default time zone ... Etc/UTC
2025-08-21T08:37:55.7682847Z  creating configuration files ... ok
2025-08-21T08:37:55.7683478Z  running bootstrap script ... ok
2025-08-21T08:37:55.7683964Z  performing post-bootstrap initialization ... ok
2025-08-21T08:37:55.7684330Z  syncing data to disk ... ok
2025-08-21T08:37:55.7684538Z  
2025-08-21T08:37:55.7684683Z  
2025-08-21T08:37:55.7684892Z  Success. You can now start the database server using:
2025-08-21T08:37:55.7685166Z  
2025-08-21T08:37:55.7685378Z      pg_ctl -D /var/lib/postgresql/data -l logfile start
2025-08-21T08:37:55.7685648Z  
2025-08-21T08:37:55.7686204Z  waiting for server to start....2025-08-21 08:37:07.464 UTC [48] LOG:  starting PostgreSQL 15.14 (Debian 15.14-1.pgdg13+1) on x86_64-pc-linux-gnu, compiled by gcc (Debian 14.2.0-19) 14.2.0, 64-bit
2025-08-21T08:37:55.7686972Z  2025-08-21 08:37:07.465 UTC [48] LOG:  listening on Unix socket "/var/run/postgresql/.s.PGSQL.5432"
2025-08-21T08:37:55.7687473Z  2025-08-21 08:37:07.468 UTC [51] LOG:  database system was shut down at 2025-08-21 08:37:07 UTC
2025-08-21T08:37:55.7687920Z  2025-08-21 08:37:07.472 UTC [48] LOG:  database system is ready to accept connections
2025-08-21T08:37:55.7688460Z   done
2025-08-21T08:37:55.7688628Z  server started
2025-08-21T08:37:55.7688806Z  CREATE DATABASE
2025-08-21T08:37:55.7688978Z  
2025-08-21T08:37:55.7689119Z  
2025-08-21T08:37:55.7689421Z  /usr/local/bin/docker-entrypoint.sh: ignoring /docker-entrypoint-initdb.d/*
2025-08-21T08:37:55.7689786Z  
2025-08-21T08:37:55.7690101Z  waiting for server to shut down....2025-08-21 08:37:07.689 UTC [48] LOG:  received fast shutdown request
2025-08-21T08:37:55.7690782Z  2025-08-21 08:37:07.690 UTC [48] LOG:  aborting any active transactions
2025-08-21T08:37:55.7691298Z  2025-08-21 08:37:07.692 UTC [48] LOG:  background worker "logical replication launcher" (PID 54) exited with exit code 1
2025-08-21T08:37:55.7691763Z  2025-08-21 08:37:07.692 UTC [49] LOG:  shutting down
2025-08-21T08:37:55.7692145Z  2025-08-21 08:37:07.693 UTC [49] LOG:  checkpoint starting: shutdown immediate
2025-08-21T08:37:55.7693003Z  2025-08-21 08:37:07.717 UTC [49] LOG:  checkpoint complete: wrote 922 buffers (5.6%); 0 WAL file(s) added, 0 removed, 0 recycled; write=0.021 s, sync=0.002 s, total=0.025 s; sync files=301, longest=0.001 s, average=0.001 s; distance=4239 kB, estimate=4239 kB
2025-08-21T08:37:55.7693822Z  2025-08-21 08:37:07.723 UTC [48] LOG:  database system is shut down
2025-08-21T08:37:55.7694109Z   done
2025-08-21T08:37:55.7694271Z  server stopped
2025-08-21T08:37:55.7694445Z  
2025-08-21T08:37:55.7694654Z  PostgreSQL init process complete; ready for start up.
2025-08-21T08:37:55.7695055Z  
2025-08-21T08:37:55.7700415Z Stop and remove container: 0834d5788aa54735bd5ed827eb13d7f8_postgres15_534e97
2025-08-21T08:37:55.7704961Z ##[command]/usr/bin/docker rm --force 53e19fa19df1cc14d213e75749bc409455e27d0eff2e5c0fe1dc8a06b211273d
2025-08-21T08:37:56.9343555Z 53e19fa19df1cc14d213e75749bc409455e27d0eff2e5c0fe1dc8a06b211273d
2025-08-21T08:37:56.9365387Z Print service container logs: 27d5b011babb487da22581be99406dff_redis7alpine_760daa
2025-08-21T08:37:56.9366429Z ##[command]/usr/bin/docker logs --details 4e9ae23705684cc3d05f6f268be04abbb9fb95c120f38835e0d6a6f7b064e64c
2025-08-21T08:37:56.9487266Z  1:C 21 Aug 2025 08:37:07.898 # WARNING Memory overcommit must be enabled! Without it, a background save or replication may fail under low memory condition. Being disabled, it can also cause failures without low memory condition, see https://github.com/jemalloc/jemalloc/issues/1328. To fix this issue add 'vm.overcommit_memory = 1' to /etc/sysctl.conf and then reboot or run the command 'sysctl vm.overcommit_memory=1' for this to take effect.
2025-08-21T08:37:56.9489738Z  1:C 21 Aug 2025 08:37:07.898 * oO0OoO0OoO0Oo Redis is starting oO0OoO0OoO0Oo
2025-08-21T08:37:56.9490227Z  1:C 21 Aug 2025 08:37:07.898 * Redis version=7.4.5, bits=64, commit=00000000, modified=0, pid=1, just started
2025-08-21T08:37:56.9490957Z  1:C 21 Aug 2025 08:37:07.898 # Warning: no config file specified, using the default config. In order to specify a config file use redis-server /path/to/redis.conf
2025-08-21T08:37:56.9491577Z  1:M 21 Aug 2025 08:37:07.898 * monotonic clock: POSIX clock_gettime
2025-08-21T08:37:56.9491936Z  1:M 21 Aug 2025 08:37:07.899 * Running mode=standalone, port=6379.
2025-08-21T08:37:56.9492259Z  1:M 21 Aug 2025 08:37:07.899 * Server initialized
2025-08-21T08:37:56.9492568Z  1:M 21 Aug 2025 08:37:07.899 * Ready to accept connections tcp
2025-08-21T08:37:56.9500816Z Stop and remove container: 27d5b011babb487da22581be99406dff_redis7alpine_760daa
2025-08-21T08:37:56.9501556Z ##[command]/usr/bin/docker rm --force 4e9ae23705684cc3d05f6f268be04abbb9fb95c120f38835e0d6a6f7b064e64c
2025-08-21T08:37:57.0567811Z 4e9ae23705684cc3d05f6f268be04abbb9fb95c120f38835e0d6a6f7b064e64c
2025-08-21T08:37:57.0593345Z Remove container network: github_network_0141d099f0dd459cb8263416a00d2c2f
2025-08-21T08:37:57.0598887Z ##[command]/usr/bin/docker network rm github_network_0141d099f0dd459cb8263416a00d2c2f
2025-08-21T08:37:57.1882628Z github_network_0141d099f0dd459cb8263416a00d2c2f
2025-08-21T08:37:57.1954341Z Cleaning up orphan processes
