2025-08-20T21:15:47.2300579Z Current runner version: '2.328.0'
2025-08-20T21:15:47.2332887Z ##[group]Runner Image Provisioner
2025-08-20T21:15:47.2334157Z Hosted Compute Agent
2025-08-20T21:15:47.2335224Z Version: 20250818.377
2025-08-20T21:15:47.2336149Z Commit: 3c593e9f75fe0b87e893bca80d6e12ba089c61fc
2025-08-20T21:15:47.2337211Z Build Date: 2025-08-18T14:52:18Z
2025-08-20T21:15:47.2338353Z ##[endgroup]
2025-08-20T21:15:47.2339090Z ##[group]Operating System
2025-08-20T21:15:47.2339969Z Ubuntu
2025-08-20T21:15:47.2340790Z 24.04.2
2025-08-20T21:15:47.2341505Z LTS
2025-08-20T21:15:47.2342142Z ##[endgroup]
2025-08-20T21:15:47.2343043Z ##[group]Runner Image
2025-08-20T21:15:47.2343923Z Image: ubuntu-24.04
2025-08-20T21:15:47.2344855Z Version: 20250818.1.0
2025-08-20T21:15:47.2346634Z Included Software: https://github.com/actions/runner-images/blob/ubuntu24/20250818.1/images/ubuntu/Ubuntu2404-Readme.md
2025-08-20T21:15:47.2349140Z Image Release: https://github.com/actions/runner-images/releases/tag/ubuntu24%2F20250818.1
2025-08-20T21:15:47.2350876Z ##[endgroup]
2025-08-20T21:15:47.2355040Z ##[group]GITHUB_TOKEN Permissions
2025-08-20T21:15:47.2357881Z Actions: write
2025-08-20T21:15:47.2358639Z Attestations: write
2025-08-20T21:15:47.2359506Z Checks: write
2025-08-20T21:15:47.2360305Z Contents: write
2025-08-20T21:15:47.2361086Z Deployments: write
2025-08-20T21:15:47.2361887Z Discussions: write
2025-08-20T21:15:47.2362694Z Issues: write
2025-08-20T21:15:47.2363430Z Metadata: read
2025-08-20T21:15:47.2364240Z Models: read
2025-08-20T21:15:47.2365266Z Packages: write
2025-08-20T21:15:47.2366176Z Pages: write
2025-08-20T21:15:47.2367058Z PullRequests: write
2025-08-20T21:15:47.2367872Z RepositoryProjects: write
2025-08-20T21:15:47.2368749Z SecurityEvents: write
2025-08-20T21:15:47.2369810Z Statuses: write
2025-08-20T21:15:47.2370704Z ##[endgroup]
2025-08-20T21:15:47.2374088Z Secret source: Actions
2025-08-20T21:15:47.2375488Z Prepare workflow directory
2025-08-20T21:15:47.2838667Z Prepare all required actions
2025-08-20T21:15:47.2895367Z Getting action download info
2025-08-20T21:15:47.5521676Z Download action repository 'actions/checkout@v4' (SHA:08eba0b27e820071cde6df949e0beb9ba4906955)
2025-08-20T21:15:47.6414148Z Download action repository 'docker/setup-buildx-action@v3' (SHA:e468171a9de216ec08956ac3ada2f0791b6bd435)
2025-08-20T21:15:47.9441476Z Download action repository 'actions/cache@v4' (SHA:0400d5f644dc74513175e3cd8d07132dd4860809)
2025-08-20T21:15:48.1762655Z Complete job name: container-build
2025-08-20T21:15:48.2472896Z ##[group]Run actions/checkout@v4
2025-08-20T21:15:48.2473764Z with:
2025-08-20T21:15:48.2474162Z   repository: AlexBomber12/AWA-App
2025-08-20T21:15:48.2475079Z   token: ***
2025-08-20T21:15:48.2475457Z   ssh-strict: true
2025-08-20T21:15:48.2475846Z   ssh-user: git
2025-08-20T21:15:48.2476246Z   persist-credentials: true
2025-08-20T21:15:48.2476685Z   clean: true
2025-08-20T21:15:48.2477084Z   sparse-checkout-cone-mode: true
2025-08-20T21:15:48.2477554Z   fetch-depth: 1
2025-08-20T21:15:48.2477952Z   fetch-tags: false
2025-08-20T21:15:48.2478364Z   show-progress: true
2025-08-20T21:15:48.2478765Z   lfs: false
2025-08-20T21:15:48.2479122Z   submodules: false
2025-08-20T21:15:48.2479519Z   set-safe-directory: true
2025-08-20T21:15:48.2480222Z ##[endgroup]
2025-08-20T21:15:48.3672330Z Syncing repository: AlexBomber12/AWA-App
2025-08-20T21:15:48.3674074Z ##[group]Getting Git version info
2025-08-20T21:15:48.3675084Z Working directory is '/home/runner/work/AWA-App/AWA-App'
2025-08-20T21:15:48.3676102Z [command]/usr/bin/git version
2025-08-20T21:15:48.5967788Z git version 2.51.0
2025-08-20T21:15:48.5995923Z ##[endgroup]
2025-08-20T21:15:48.6013608Z Temporarily overriding HOME='/home/runner/work/_temp/19ef6c16-21d8-45f2-b5b7-6e52a425cdab' before making global git config changes
2025-08-20T21:15:48.6016317Z Adding repository directory to the temporary git global config as a safe directory
2025-08-20T21:15:48.6021162Z [command]/usr/bin/git config --global --add safe.directory /home/runner/work/AWA-App/AWA-App
2025-08-20T21:15:48.6064821Z Deleting the contents of '/home/runner/work/AWA-App/AWA-App'
2025-08-20T21:15:48.6070123Z ##[group]Initializing the repository
2025-08-20T21:15:48.6075417Z [command]/usr/bin/git init /home/runner/work/AWA-App/AWA-App
2025-08-20T21:15:48.6141686Z hint: Using 'master' as the name for the initial branch. This default branch name
2025-08-20T21:15:48.6143412Z hint: is subject to change. To configure the initial branch name to use in all
2025-08-20T21:15:48.6145155Z hint: of your new repositories, which will suppress this warning, call:
2025-08-20T21:15:48.6145883Z hint:
2025-08-20T21:15:48.6146396Z hint: 	git config --global init.defaultBranch <name>
2025-08-20T21:15:48.6146971Z hint:
2025-08-20T21:15:48.6147555Z hint: Names commonly chosen instead of 'master' are 'main', 'trunk' and
2025-08-20T21:15:48.6148479Z hint: 'development'. The just-created branch can be renamed via this command:
2025-08-20T21:15:48.6149216Z hint:
2025-08-20T21:15:48.6149833Z hint: 	git branch -m <name>
2025-08-20T21:15:48.6150474Z hint:
2025-08-20T21:15:48.6151090Z hint: Disable this message with "git config set advice.defaultBranchName false"
2025-08-20T21:15:48.6152050Z Initialized empty Git repository in /home/runner/work/AWA-App/AWA-App/.git/
2025-08-20T21:15:48.6157037Z [command]/usr/bin/git remote add origin https://github.com/AlexBomber12/AWA-App
2025-08-20T21:15:48.6191889Z ##[endgroup]
2025-08-20T21:15:48.6192665Z ##[group]Disabling automatic garbage collection
2025-08-20T21:15:48.6196535Z [command]/usr/bin/git config --local gc.auto 0
2025-08-20T21:15:48.6226191Z ##[endgroup]
2025-08-20T21:15:48.6226916Z ##[group]Setting up auth
2025-08-20T21:15:48.6233182Z [command]/usr/bin/git config --local --name-only --get-regexp core\.sshCommand
2025-08-20T21:15:48.6265284Z [command]/usr/bin/git submodule foreach --recursive sh -c "git config --local --name-only --get-regexp 'core\.sshCommand' && git config --local --unset-all 'core.sshCommand' || :"
2025-08-20T21:15:48.6544051Z [command]/usr/bin/git config --local --name-only --get-regexp http\.https\:\/\/github\.com\/\.extraheader
2025-08-20T21:15:48.6575052Z [command]/usr/bin/git submodule foreach --recursive sh -c "git config --local --name-only --get-regexp 'http\.https\:\/\/github\.com\/\.extraheader' && git config --local --unset-all 'http.https://github.com/.extraheader' || :"
2025-08-20T21:15:48.6803754Z [command]/usr/bin/git config --local http.https://github.com/.extraheader AUTHORIZATION: basic ***
2025-08-20T21:15:48.6852113Z ##[endgroup]
2025-08-20T21:15:48.6853978Z ##[group]Fetching the repository
2025-08-20T21:15:48.6862757Z [command]/usr/bin/git -c protocol.version=2 fetch --no-tags --prune --no-recurse-submodules --depth=1 origin +eb573cd5d3169492f60a4627e8a620ba488ca0a9:refs/remotes/pull/320/merge
2025-08-20T21:15:48.9588233Z From https://github.com/AlexBomber12/AWA-App
2025-08-20T21:15:48.9590053Z  * [new ref]         eb573cd5d3169492f60a4627e8a620ba488ca0a9 -> pull/320/merge
2025-08-20T21:15:48.9678498Z ##[endgroup]
2025-08-20T21:15:48.9680153Z ##[group]Determining the checkout info
2025-08-20T21:15:48.9682102Z ##[endgroup]
2025-08-20T21:15:48.9685024Z [command]/usr/bin/git sparse-checkout disable
2025-08-20T21:15:48.9790802Z [command]/usr/bin/git config --local --unset-all extensions.worktreeConfig
2025-08-20T21:15:48.9820760Z ##[group]Checking out the ref
2025-08-20T21:15:48.9823843Z [command]/usr/bin/git checkout --progress --force refs/remotes/pull/320/merge
2025-08-20T21:15:49.0172636Z Note: switching to 'refs/remotes/pull/320/merge'.
2025-08-20T21:15:49.0173809Z 
2025-08-20T21:15:49.0174812Z You are in 'detached HEAD' state. You can look around, make experimental
2025-08-20T21:15:49.0177413Z changes and commit them, and you can discard any commits you make in this
2025-08-20T21:15:49.0180036Z state without impacting any branches by switching back to a branch.
2025-08-20T21:15:49.0181647Z 
2025-08-20T21:15:49.0182874Z If you want to create a new branch to retain commits you create, you may
2025-08-20T21:15:49.0185687Z do so (now or later) by using -c with the switch command. Example:
2025-08-20T21:15:49.0187538Z 
2025-08-20T21:15:49.0188147Z   git switch -c <new-branch-name>
2025-08-20T21:15:49.0189125Z 
2025-08-20T21:15:49.0189667Z Or undo this operation with:
2025-08-20T21:15:49.0190467Z 
2025-08-20T21:15:49.0190866Z   git switch -
2025-08-20T21:15:49.0191413Z 
2025-08-20T21:15:49.0192434Z Turn off this advice by setting config variable advice.detachedHead to false
2025-08-20T21:15:49.0194114Z 
2025-08-20T21:15:49.0196375Z HEAD is now at eb573cd Merge c5c4893a1790ef244388bae3bb7802f27116c1dd into 6d21d84a7501b5c4931f8d539efe5fb2bf8fe674
2025-08-20T21:15:49.0200574Z ##[endgroup]
2025-08-20T21:15:49.0227230Z [command]/usr/bin/git log -1 --format=%H
2025-08-20T21:15:49.0250840Z eb573cd5d3169492f60a4627e8a620ba488ca0a9
2025-08-20T21:15:49.0565730Z ##[group]Run docker/setup-buildx-action@v3
2025-08-20T21:15:49.0567003Z with:
2025-08-20T21:15:49.0567845Z   driver: docker-container
2025-08-20T21:15:49.0568849Z   install: false
2025-08-20T21:15:49.0569719Z   use: true
2025-08-20T21:15:49.0570561Z   keep-state: false
2025-08-20T21:15:49.0571464Z   cache-binary: true
2025-08-20T21:15:49.0572377Z   cleanup: true
2025-08-20T21:15:49.0573242Z ##[endgroup]
2025-08-20T21:15:49.3658440Z ##[group]Docker info
2025-08-20T21:15:49.3685156Z [command]/usr/bin/docker version
2025-08-20T21:15:50.6098253Z Client: Docker Engine - Community
2025-08-20T21:15:50.6100797Z  Version:           28.0.4
2025-08-20T21:15:50.6101158Z  API version:       1.48
2025-08-20T21:15:50.6101495Z  Go version:        go1.23.7
2025-08-20T21:15:50.6101839Z  Git commit:        b8034c0
2025-08-20T21:15:50.6102201Z  Built:             Tue Mar 25 15:07:16 2025
2025-08-20T21:15:50.6102597Z  OS/Arch:           linux/amd64
2025-08-20T21:15:50.6103078Z  Context:           default
2025-08-20T21:15:50.6103304Z 
2025-08-20T21:15:50.6103451Z Server: Docker Engine - Community
2025-08-20T21:15:50.6103814Z  Engine:
2025-08-20T21:15:50.6104075Z   Version:          28.0.4
2025-08-20T21:15:50.6104654Z   API version:      1.48 (minimum version 1.24)
2025-08-20T21:15:50.6105093Z   Go version:       go1.23.7
2025-08-20T21:15:50.6105440Z   Git commit:       6430e49
2025-08-20T21:15:50.6105799Z   Built:            Tue Mar 25 15:07:16 2025
2025-08-20T21:15:50.6106175Z   OS/Arch:          linux/amd64
2025-08-20T21:15:50.6106628Z   Experimental:     false
2025-08-20T21:15:50.6106958Z  containerd:
2025-08-20T21:15:50.6107243Z   Version:          1.7.27
2025-08-20T21:15:50.6107654Z   GitCommit:        05044ec0a9a75232cad458027ca83437aae3f4da
2025-08-20T21:15:50.6108114Z  runc:
2025-08-20T21:15:50.6108373Z   Version:          1.2.5
2025-08-20T21:15:50.6108713Z   GitCommit:        v1.2.5-0-g59923ef
2025-08-20T21:15:50.6109091Z  docker-init:
2025-08-20T21:15:50.6109365Z   Version:          0.19.0
2025-08-20T21:15:50.6109715Z   GitCommit:        de40ad0
2025-08-20T21:15:50.6152497Z [command]/usr/bin/docker info
2025-08-20T21:15:53.2003905Z Client: Docker Engine - Community
2025-08-20T21:15:53.2005096Z  Version:    28.0.4
2025-08-20T21:15:53.2005797Z  Context:    default
2025-08-20T21:15:53.2006542Z  Debug Mode: false
2025-08-20T21:15:53.2006767Z  Plugins:
2025-08-20T21:15:53.2006973Z   buildx: Docker Buildx (Docker Inc.)
2025-08-20T21:15:53.2007346Z     Version:  v0.26.1
2025-08-20T21:15:53.2007756Z     Path:     /usr/libexec/docker/cli-plugins/docker-buildx
2025-08-20T21:15:53.2008140Z   compose: Docker Compose (Docker Inc.)
2025-08-20T21:15:53.2008558Z     Version:  v2.38.2
2025-08-20T21:15:53.2008914Z     Path:     /usr/libexec/docker/cli-plugins/docker-compose
2025-08-20T21:15:53.2009147Z 
2025-08-20T21:15:53.2009225Z Server:
2025-08-20T21:15:53.2009389Z  Containers: 0
2025-08-20T21:15:53.2009597Z   Running: 0
2025-08-20T21:15:53.2009784Z   Paused: 0
2025-08-20T21:15:53.2009942Z   Stopped: 0
2025-08-20T21:15:53.2010134Z  Images: 0
2025-08-20T21:15:53.2010297Z  Server Version: 28.0.4
2025-08-20T21:15:53.2010498Z  Storage Driver: overlay2
2025-08-20T21:15:53.2010700Z   Backing Filesystem: extfs
2025-08-20T21:15:53.2010913Z   Supports d_type: true
2025-08-20T21:15:53.2011492Z   Using metacopy: false
2025-08-20T21:15:53.2011701Z   Native Overlay Diff: false
2025-08-20T21:15:53.2011916Z   userxattr: false
2025-08-20T21:15:53.2012103Z  Logging Driver: json-file
2025-08-20T21:15:53.2012357Z  Cgroup Driver: systemd
2025-08-20T21:15:53.2012541Z  Cgroup Version: 2
2025-08-20T21:15:53.2012716Z  Plugins:
2025-08-20T21:15:53.2012873Z   Volume: local
2025-08-20T21:15:53.2013086Z   Network: bridge host ipvlan macvlan null overlay
2025-08-20T21:15:53.2013451Z   Log: awslogs fluentd gcplogs gelf journald json-file local splunk syslog
2025-08-20T21:15:53.2013782Z  Swarm: inactive
2025-08-20T21:15:53.2013986Z  Runtimes: io.containerd.runc.v2 runc
2025-08-20T21:15:53.2014219Z  Default Runtime: runc
2025-08-20T21:15:53.2014873Z  Init Binary: docker-init
2025-08-20T21:15:53.2081058Z  containerd version: 05044ec0a9a75232cad458027ca83437aae3f4da
2025-08-20T21:15:53.2081674Z  runc version: v1.2.5-0-g59923ef
2025-08-20T21:15:53.2082049Z  init version: de40ad0
2025-08-20T21:15:53.2082435Z  Security Options:
2025-08-20T21:15:53.2082820Z   apparmor
2025-08-20T21:15:53.2083101Z   seccomp
2025-08-20T21:15:53.2083385Z    Profile: builtin
2025-08-20T21:15:53.2083680Z   cgroupns
2025-08-20T21:15:53.2083970Z  Kernel Version: 6.11.0-1018-azure
2025-08-20T21:15:53.2084540Z  Operating System: Ubuntu 24.04.2 LTS
2025-08-20T21:15:53.2084930Z  OSType: linux
2025-08-20T21:15:53.2085234Z  Architecture: x86_64
2025-08-20T21:15:53.2085538Z  CPUs: 4
2025-08-20T21:15:53.2085817Z  Total Memory: 15.62GiB
2025-08-20T21:15:53.2086160Z  Name: pkrvmqc4gcfdwos
2025-08-20T21:15:53.2086528Z  ID: 1c1cbb44-b30d-44d5-842a-37462128d90e
2025-08-20T21:15:53.2086952Z  Docker Root Dir: /var/lib/docker
2025-08-20T21:15:53.2087327Z  Debug Mode: false
2025-08-20T21:15:53.2087650Z  Username: githubactions
2025-08-20T21:15:53.2087992Z  Experimental: false
2025-08-20T21:15:53.2088312Z  Insecure Registries:
2025-08-20T21:15:53.2093158Z   ::1/128
2025-08-20T21:15:53.2093366Z   127.0.0.0/8
2025-08-20T21:15:53.2093565Z  Live Restore Enabled: false
2025-08-20T21:15:53.2093742Z 
2025-08-20T21:15:53.2094125Z ##[endgroup]
2025-08-20T21:15:53.3103457Z ##[group]Buildx version
2025-08-20T21:15:53.3130483Z [command]/usr/bin/docker buildx version
2025-08-20T21:15:53.3864540Z github.com/docker/buildx v0.26.1 1a8287f22cf5a38339a4c1bf432b803c5f8b2aae
2025-08-20T21:15:53.3897693Z ##[endgroup]
2025-08-20T21:15:53.4049504Z ##[group]Inspecting default docker context
2025-08-20T21:15:53.4201994Z [
2025-08-20T21:15:53.4202471Z   {
2025-08-20T21:15:53.4202758Z     "Name": "default",
2025-08-20T21:15:53.4203148Z     "Metadata": {},
2025-08-20T21:15:53.4203485Z     "Endpoints": {
2025-08-20T21:15:53.4203798Z       "docker": {
2025-08-20T21:15:53.4204156Z         "Host": "unix:///var/run/docker.sock",
2025-08-20T21:15:53.4204918Z         "SkipTLSVerify": false
2025-08-20T21:15:53.4205293Z       }
2025-08-20T21:15:53.4205552Z     },
2025-08-20T21:15:53.4205835Z     "TLSMaterial": {},
2025-08-20T21:15:53.4206169Z     "Storage": {
2025-08-20T21:15:53.4206513Z       "MetadataPath": "<IN MEMORY>",
2025-08-20T21:15:53.4206971Z       "TLSPath": "<IN MEMORY>"
2025-08-20T21:15:53.4207337Z     }
2025-08-20T21:15:53.4207617Z   }
2025-08-20T21:15:53.4207870Z ]
2025-08-20T21:15:53.4208575Z ##[endgroup]
2025-08-20T21:15:53.4209152Z ##[group]Creating a new builder instance
2025-08-20T21:15:53.5414103Z [command]/usr/bin/docker buildx create --name builder-6662359f-5290-4313-94d9-5d4efd915022 --driver docker-container --buildkitd-flags --allow-insecure-entitlement security.insecure --allow-insecure-entitlement network.host --use
2025-08-20T21:15:53.6251677Z builder-6662359f-5290-4313-94d9-5d4efd915022
2025-08-20T21:15:53.6292522Z ##[endgroup]
2025-08-20T21:15:53.6293291Z ##[group]Booting builder
2025-08-20T21:15:53.6333259Z [command]/usr/bin/docker buildx inspect --bootstrap --builder builder-6662359f-5290-4313-94d9-5d4efd915022
2025-08-20T21:15:53.7105147Z #1 [internal] booting buildkit
2025-08-20T21:15:53.8619103Z #1 pulling image moby/buildkit:buildx-stable-1
2025-08-20T21:15:56.2542218Z #1 pulling image moby/buildkit:buildx-stable-1 2.5s done
2025-08-20T21:15:56.4047940Z #1 creating container buildx_buildkit_builder-6662359f-5290-4313-94d9-5d4efd9150220
2025-08-20T21:15:57.1503749Z #1 creating container buildx_buildkit_builder-6662359f-5290-4313-94d9-5d4efd9150220 0.9s done
2025-08-20T21:15:57.1621929Z #1 DONE 3.4s
2025-08-20T21:15:57.1988061Z Name:          builder-6662359f-5290-4313-94d9-5d4efd915022
2025-08-20T21:15:57.1989042Z Driver:        docker-container
2025-08-20T21:15:57.1990171Z Last Activity: 2025-08-20 21:15:53 +0000 UTC
2025-08-20T21:15:57.1990530Z 
2025-08-20T21:15:57.1991314Z Nodes:
2025-08-20T21:15:57.1991712Z Name:                  builder-6662359f-5290-4313-94d9-5d4efd9150220
2025-08-20T21:15:57.1992735Z Endpoint:              unix:///var/run/docker.sock
2025-08-20T21:15:57.1993232Z Status:                running
2025-08-20T21:15:57.1994121Z BuildKit daemon flags: --allow-insecure-entitlement security.insecure --allow-insecure-entitlement network.host
2025-08-20T21:15:57.1995339Z BuildKit version:      v0.23.2
2025-08-20T21:15:57.1995898Z Platforms:             linux/amd64, linux/amd64/v2, linux/amd64/v3, linux/386
2025-08-20T21:15:57.1996510Z Labels:
2025-08-20T21:15:57.1996916Z  org.mobyproject.buildkit.worker.executor:         oci
2025-08-20T21:15:57.1997640Z  org.mobyproject.buildkit.worker.hostname:         4accddcc5aa5
2025-08-20T21:15:57.1998354Z  org.mobyproject.buildkit.worker.network:          host
2025-08-20T21:15:57.1999056Z  org.mobyproject.buildkit.worker.oci.process-mode: sandbox
2025-08-20T21:15:57.1999774Z  org.mobyproject.buildkit.worker.selinux.enabled:  false
2025-08-20T21:15:57.2000401Z  org.mobyproject.buildkit.worker.snapshotter:      overlayfs
2025-08-20T21:15:57.2000910Z GC Policy rule#0:
2025-08-20T21:15:57.2001201Z  All:            false
2025-08-20T21:15:57.2001701Z  Filters:        type==source.local,type==exec.cachemount,type==source.git.checkout
2025-08-20T21:15:57.2002284Z  Keep Duration:  48h0m0s
2025-08-20T21:15:57.2002613Z  Max Used Space: 488.3MiB
2025-08-20T21:15:57.2002932Z GC Policy rule#1:
2025-08-20T21:15:57.2003208Z  All:            false
2025-08-20T21:15:57.2003509Z  Keep Duration:  1440h0m0s
2025-08-20T21:15:57.2003831Z  Reserved Space: 7.451GiB
2025-08-20T21:15:57.2004154Z  Max Used Space: 54.02GiB
2025-08-20T21:15:57.2004606Z  Min Free Space: 13.97GiB
2025-08-20T21:15:57.2004919Z GC Policy rule#2:
2025-08-20T21:15:57.2005191Z  All:            false
2025-08-20T21:15:57.2005490Z  Reserved Space: 7.451GiB
2025-08-20T21:15:57.2005802Z  Max Used Space: 54.02GiB
2025-08-20T21:15:57.2006118Z  Min Free Space: 13.97GiB
2025-08-20T21:15:57.2006420Z GC Policy rule#3:
2025-08-20T21:15:57.2006695Z  All:            true
2025-08-20T21:15:57.2006993Z  Reserved Space: 7.451GiB
2025-08-20T21:15:57.2007330Z  Max Used Space: 54.02GiB
2025-08-20T21:15:57.2007657Z  Min Free Space: 13.97GiB
2025-08-20T21:15:57.2044176Z ##[endgroup]
2025-08-20T21:15:57.2937151Z ##[group]Inspect builder
2025-08-20T21:15:57.2938084Z {
2025-08-20T21:15:57.2938337Z   "nodes": [
2025-08-20T21:15:57.2938640Z     {
2025-08-20T21:15:57.2939001Z       "name": "builder-6662359f-5290-4313-94d9-5d4efd9150220",
2025-08-20T21:15:57.2939511Z       "endpoint": "unix:///var/run/docker.sock",
2025-08-20T21:15:57.2939930Z       "status": "running",
2025-08-20T21:15:57.2940463Z       "buildkitd-flags": "--allow-insecure-entitlement security.insecure --allow-insecure-entitlement network.host",
2025-08-20T21:15:57.2940959Z       "buildkit": "v0.23.2",
2025-08-20T21:15:57.2941277Z       "platforms": "linux/amd64,linux/amd64/v2,linux/amd64/v3,linux/386",
2025-08-20T21:15:57.2941643Z       "features": {
2025-08-20T21:15:57.2942114Z         "Automatically load images to the Docker Engine image store": true,
2025-08-20T21:15:57.2942679Z         "Cache export": true,
2025-08-20T21:15:57.2943024Z         "Direct push": true,
2025-08-20T21:15:57.2943365Z         "Docker exporter": true,
2025-08-20T21:15:57.2943731Z         "Multi-platform build": true,
2025-08-20T21:15:57.2944000Z         "OCI exporter": true
2025-08-20T21:15:57.2944837Z       },
2025-08-20T21:15:57.2945130Z       "labels": {
2025-08-20T21:15:57.2945458Z         "org.mobyproject.buildkit.worker.executor": "oci",
2025-08-20T21:15:57.2945830Z         "org.mobyproject.buildkit.worker.hostname": "4accddcc5aa5",
2025-08-20T21:15:57.2946182Z         "org.mobyproject.buildkit.worker.network": "host",
2025-08-20T21:15:57.2946553Z         "org.mobyproject.buildkit.worker.oci.process-mode": "sandbox",
2025-08-20T21:15:57.2946958Z         "org.mobyproject.buildkit.worker.selinux.enabled": "false",
2025-08-20T21:15:57.2947332Z         "org.mobyproject.buildkit.worker.snapshotter": "overlayfs"
2025-08-20T21:15:57.2947624Z       },
2025-08-20T21:15:57.2947772Z       "gcPolicy": [
2025-08-20T21:15:57.2948113Z         {
2025-08-20T21:15:57.2948270Z           "all": false,
2025-08-20T21:15:57.2948450Z           "filter": [
2025-08-20T21:15:57.2948633Z             "type==source.local",
2025-08-20T21:15:57.2948860Z             "type==exec.cachemount",
2025-08-20T21:15:57.2949102Z             "type==source.git.checkout"
2025-08-20T21:15:57.2949322Z           ],
2025-08-20T21:15:57.2949494Z           "keepDuration": "48h0m0s",
2025-08-20T21:15:57.2949715Z           "maxUsedSpace": "488.3MiB"
2025-08-20T21:15:57.2949918Z         },
2025-08-20T21:15:57.2950061Z         {
2025-08-20T21:15:57.2950214Z           "all": false,
2025-08-20T21:15:57.2950398Z           "keepDuration": "1440h0m0s",
2025-08-20T21:15:57.2950628Z           "reservedSpace": "7.451GiB",
2025-08-20T21:15:57.2950849Z           "maxUsedSpace": "54.02GiB",
2025-08-20T21:15:57.2951077Z           "minFreeSpace": "13.97GiB"
2025-08-20T21:15:57.2951281Z         },
2025-08-20T21:15:57.2951432Z         {
2025-08-20T21:15:57.2951586Z           "all": false,
2025-08-20T21:15:57.2951783Z           "reservedSpace": "7.451GiB",
2025-08-20T21:15:57.2952009Z           "maxUsedSpace": "54.02GiB",
2025-08-20T21:15:57.2952224Z           "minFreeSpace": "13.97GiB"
2025-08-20T21:15:57.2952433Z         },
2025-08-20T21:15:57.2952578Z         {
2025-08-20T21:15:57.2952732Z           "all": true,
2025-08-20T21:15:57.2952917Z           "reservedSpace": "7.451GiB",
2025-08-20T21:15:57.2953148Z           "maxUsedSpace": "54.02GiB",
2025-08-20T21:15:57.2953364Z           "minFreeSpace": "13.97GiB"
2025-08-20T21:15:57.2953572Z         }
2025-08-20T21:15:57.2953715Z       ]
2025-08-20T21:15:57.2953863Z     }
2025-08-20T21:15:57.2954010Z   ],
2025-08-20T21:15:57.2954208Z   "name": "builder-6662359f-5290-4313-94d9-5d4efd915022",
2025-08-20T21:15:57.2954693Z   "driver": "docker-container",
2025-08-20T21:15:57.2954926Z   "lastActivity": "2025-08-20T21:15:53.000Z"
2025-08-20T21:15:57.2955251Z }
2025-08-20T21:15:57.2955554Z ##[endgroup]
2025-08-20T21:15:57.2955852Z ##[group]BuildKit version
2025-08-20T21:15:57.2956100Z builder-6662359f-5290-4313-94d9-5d4efd9150220: v0.23.2
2025-08-20T21:15:57.2956482Z ##[endgroup]
2025-08-20T21:15:57.4449951Z ##[group]Run actions/cache@v4
2025-08-20T21:15:57.4450209Z with:
2025-08-20T21:15:57.4450378Z   path: ~/.cache/pip
2025-08-20T21:15:57.4450739Z   key: Linux-pip-11c45a4bb25480135cd76ddf8998cef2f2cc636d624da71c380822a76b8062fe
2025-08-20T21:15:57.4451148Z   enableCrossOsArchive: false
2025-08-20T21:15:57.4451386Z   fail-on-cache-miss: false
2025-08-20T21:15:57.4451594Z   lookup-only: false
2025-08-20T21:15:57.4451773Z   save-always: false
2025-08-20T21:15:57.4451953Z ##[endgroup]
2025-08-20T21:15:57.6995970Z Cache not found for input keys: Linux-pip-11c45a4bb25480135cd76ddf8998cef2f2cc636d624da71c380822a76b8062fe
2025-08-20T21:15:57.7086436Z ##[group]Run docker buildx build \
2025-08-20T21:15:57.7086782Z [36;1mdocker buildx build \[0m
2025-08-20T21:15:57.7087246Z [36;1m  --tag ghcr.io/alexbomber12/awa-app/api:eb573cd5d3169492f60a4627e8a620ba488ca0a9 \[0m
2025-08-20T21:15:57.7087757Z [36;1m  --build-arg TZ_CACHE_BUST=eb573cd5d3169492f60a4627e8a620ba488ca0a9 \[0m
2025-08-20T21:15:57.7088123Z [36;1m  --file services/api/Dockerfile \[0m
2025-08-20T21:15:57.7088362Z [36;1m  --load .[0m
2025-08-20T21:15:57.7159119Z shell: /usr/bin/bash -e {0}
2025-08-20T21:15:57.7159367Z ##[endgroup]
2025-08-20T21:15:58.0490804Z #0 building with "builder-6662359f-5290-4313-94d9-5d4efd915022" instance using docker-container driver
2025-08-20T21:15:58.0491306Z 
2025-08-20T21:15:58.0491460Z #1 [internal] load build definition from Dockerfile
2025-08-20T21:15:58.0491815Z #1 transferring dockerfile: 1.48kB done
2025-08-20T21:15:58.0492100Z #1 DONE 0.0s
2025-08-20T21:15:58.0492217Z 
2025-08-20T21:15:58.0492469Z #2 [auth] docker/dockerfile:pull token for registry-1.docker.io
2025-08-20T21:15:58.0492830Z #2 DONE 0.0s
2025-08-20T21:15:58.0492951Z 
2025-08-20T21:15:58.0493232Z #3 resolve image config for docker-image://docker.io/docker/dockerfile:1.6
2025-08-20T21:15:58.1924564Z #3 DONE 0.3s
2025-08-20T21:15:58.3196595Z 
2025-08-20T21:15:58.3198740Z #4 docker-image://docker.io/docker/dockerfile:1.6@sha256:ac85f380a63b13dfcefa89046420e1781752bab202122f8f50032edf31be0021
2025-08-20T21:15:58.3200178Z #4 resolve docker.io/docker/dockerfile:1.6@sha256:ac85f380a63b13dfcefa89046420e1781752bab202122f8f50032edf31be0021 done
2025-08-20T21:15:58.3201252Z #4 sha256:9d9c93f4b00be908ab694a4df732570bced3b8a96b7515d70ff93402179ad232 11.80MB / 11.80MB 0.1s done
2025-08-20T21:15:58.4825994Z #4 extracting sha256:9d9c93f4b00be908ab694a4df732570bced3b8a96b7515d70ff93402179ad232 0.1s done
2025-08-20T21:15:58.4826984Z #4 DONE 0.2s
2025-08-20T21:15:58.4827181Z 
2025-08-20T21:15:58.4827487Z #5 [internal] load metadata for docker.io/library/python:3.12-slim
2025-08-20T21:15:58.6389326Z #5 ...
2025-08-20T21:15:58.6389486Z 
2025-08-20T21:15:58.6389677Z #6 [auth] library/python:pull token for registry-1.docker.io
2025-08-20T21:15:58.6390051Z #6 DONE 0.0s
2025-08-20T21:15:58.6390183Z 
2025-08-20T21:15:58.6390383Z #5 [internal] load metadata for docker.io/library/python:3.12-slim
2025-08-20T21:15:58.6895788Z #5 DONE 0.2s
2025-08-20T21:15:58.8192230Z 
2025-08-20T21:15:58.8196098Z #7 [internal] load .dockerignore
2025-08-20T21:15:58.8196881Z #7 transferring context: 265B done
2025-08-20T21:15:58.8197845Z #7 DONE 0.0s
2025-08-20T21:15:58.8198552Z 
2025-08-20T21:15:58.8198922Z #8 [internal] load build context
2025-08-20T21:15:58.8201221Z #8 transferring context: 157.28kB 0.0s done
2025-08-20T21:15:58.8202053Z #8 DONE 0.0s
2025-08-20T21:15:58.8202340Z 
2025-08-20T21:15:58.8203140Z #9 [base  1/13] FROM docker.io/library/python:3.12-slim@sha256:d67a7b66b989ad6b6d6b10d428dcc5e0bfc3e5f88906e67d490c4d3daac57047
2025-08-20T21:15:58.8205588Z #9 resolve docker.io/library/python:3.12-slim@sha256:d67a7b66b989ad6b6d6b10d428dcc5e0bfc3e5f88906e67d490c4d3daac57047 done
2025-08-20T21:15:58.8207278Z #9 sha256:d76206d463c08ba2a3f7bbab2de2a933ad73f33ab4ab813eafe50c9dff9edc12 251B / 251B 0.0s done
2025-08-20T21:15:58.9305183Z #9 sha256:5d587318e932a89b94608393c99dd30ee5092a6991c1656f717bd4f4e13d60df 1.29MB / 1.29MB 0.1s done
2025-08-20T21:15:58.9306438Z #9 sha256:e5c05dcf47fbdb2f18dc242ad1b7f48fbd3813c0027ffcfb8e81e4aa7e0965f4 5.24MB / 12.11MB 0.2s
2025-08-20T21:15:59.0804099Z #9 sha256:e5c05dcf47fbdb2f18dc242ad1b7f48fbd3813c0027ffcfb8e81e4aa7e0965f4 12.11MB / 12.11MB 0.3s done
2025-08-20T21:15:59.0805443Z #9 sha256:396b1da7636e2dcd10565cb4f2f952cbb4a8a38b58d3b86a2cacb172fb70117c 5.24MB / 29.77MB 0.2s
2025-08-20T21:15:59.2342174Z #9 sha256:396b1da7636e2dcd10565cb4f2f952cbb4a8a38b58d3b86a2cacb172fb70117c 16.78MB / 29.77MB 0.3s
2025-08-20T21:15:59.3836184Z #9 sha256:396b1da7636e2dcd10565cb4f2f952cbb4a8a38b58d3b86a2cacb172fb70117c 20.97MB / 29.77MB 0.6s
2025-08-20T21:15:59.5335585Z #9 sha256:396b1da7636e2dcd10565cb4f2f952cbb4a8a38b58d3b86a2cacb172fb70117c 24.12MB / 29.77MB 0.8s
2025-08-20T21:15:59.6833886Z #9 sha256:396b1da7636e2dcd10565cb4f2f952cbb4a8a38b58d3b86a2cacb172fb70117c 27.26MB / 29.77MB 0.9s
2025-08-20T21:15:59.7943484Z #9 sha256:396b1da7636e2dcd10565cb4f2f952cbb4a8a38b58d3b86a2cacb172fb70117c 29.77MB / 29.77MB 1.0s done
2025-08-20T21:15:59.9495233Z #9 extracting sha256:396b1da7636e2dcd10565cb4f2f952cbb4a8a38b58d3b86a2cacb172fb70117c
2025-08-20T21:16:00.4348654Z #9 extracting sha256:396b1da7636e2dcd10565cb4f2f952cbb4a8a38b58d3b86a2cacb172fb70117c 0.6s done
2025-08-20T21:16:00.4349928Z #9 DONE 1.7s
2025-08-20T21:16:00.6594677Z 
2025-08-20T21:16:00.6595551Z #9 [base  1/13] FROM docker.io/library/python:3.12-slim@sha256:d67a7b66b989ad6b6d6b10d428dcc5e0bfc3e5f88906e67d490c4d3daac57047
2025-08-20T21:16:00.6596762Z #9 extracting sha256:5d587318e932a89b94608393c99dd30ee5092a6991c1656f717bd4f4e13d60df 0.1s done
2025-08-20T21:16:00.6597763Z #9 extracting sha256:e5c05dcf47fbdb2f18dc242ad1b7f48fbd3813c0027ffcfb8e81e4aa7e0965f4
2025-08-20T21:16:00.8596403Z #9 extracting sha256:e5c05dcf47fbdb2f18dc242ad1b7f48fbd3813c0027ffcfb8e81e4aa7e0965f4 0.4s done
2025-08-20T21:16:00.8597197Z #9 DONE 2.1s
2025-08-20T21:16:00.9651040Z 
2025-08-20T21:16:00.9651871Z #9 [base  1/13] FROM docker.io/library/python:3.12-slim@sha256:d67a7b66b989ad6b6d6b10d428dcc5e0bfc3e5f88906e67d490c4d3daac57047
2025-08-20T21:16:00.9653060Z #9 extracting sha256:d76206d463c08ba2a3f7bbab2de2a933ad73f33ab4ab813eafe50c9dff9edc12 done
2025-08-20T21:16:00.9653800Z #9 DONE 2.1s
2025-08-20T21:16:00.9653976Z 
2025-08-20T21:16:00.9654123Z #10 [base  2/13] WORKDIR /app
2025-08-20T21:16:00.9654748Z #10 DONE 0.1s
2025-08-20T21:16:00.9654952Z 
2025-08-20T21:16:00.9655244Z #11 [base  3/13] COPY services/api/requirements.txt ./requirements.txt
2025-08-20T21:16:00.9655788Z #11 DONE 0.0s
2025-08-20T21:16:00.9655980Z 
2025-08-20T21:16:00.9657351Z #12 [stage-1 3/6] RUN set -eux;     if [ -f /etc/apt/sources.list ]; then         sed -i 's|http://deb.debian.org|https://deb.debian.org|g' /etc/apt/sources.list;     fi;     apt-get update;     apt-get install -y --no-install-recommends tzdata postgresql-client curl;     rm -rf /var/lib/apt/lists/*
2025-08-20T21:16:01.0674206Z #12 0.055 + [ -f /etc/apt/sources.list ]
2025-08-20T21:16:01.0675062Z #12 0.055 + apt-get update
2025-08-20T21:16:01.0680369Z #12 0.097 Hit:1 http://deb.debian.org/debian trixie InRelease
2025-08-20T21:16:01.0682400Z #12 0.097 Get:2 http://deb.debian.org/debian trixie-updates InRelease [47.1 kB]
2025-08-20T21:16:01.0685261Z #12 0.099 Get:3 http://deb.debian.org/debian-security trixie-security InRelease [43.4 kB]
2025-08-20T21:16:01.0686293Z #12 0.115 Get:4 http://deb.debian.org/debian trixie/main amd64 Packages [9668 kB]
2025-08-20T21:16:01.2826286Z #12 0.179 Get:5 http://deb.debian.org/debian trixie-updates/main amd64 Packages [2432 B]
2025-08-20T21:16:01.2827302Z #12 0.179 Get:6 http://deb.debian.org/debian-security trixie-security/main amd64 Packages [20.5 kB]
2025-08-20T21:16:01.7852976Z #12 0.832 Fetched 9781 kB in 1s (13.0 MB/s)
2025-08-20T21:16:02.2655835Z #12 0.832 Reading package lists...
2025-08-20T21:16:02.4367641Z #12 1.324 + apt-get install -y --no-install-recommends tzdata postgresql-client curl
2025-08-20T21:16:02.8680880Z #12 1.334 Reading package lists...
2025-08-20T21:16:03.0411971Z #12 1.815 Building dependency tree...
2025-08-20T21:16:03.0420626Z #12 1.956 Reading state information...
2025-08-20T21:16:03.0421117Z #12 2.088 tzdata is already the newest version (2025b-4).
2025-08-20T21:16:03.0421669Z #12 2.088 The following additional packages will be installed:
2025-08-20T21:16:03.0422335Z #12 2.089   libbrotli1 libcom-err2 libcurl4t64 libgdbm-compat4t64 libgnutls30t64
2025-08-20T21:16:03.1834849Z #12 2.089   libgssapi-krb5-2 libidn2-0 libk5crypto3 libkeyutils1 libkrb5-3
2025-08-20T21:16:03.1835855Z #12 2.089   libkrb5support0 libldap2 libnghttp2-14 libnghttp3-9 libp11-kit0 libperl5.40
2025-08-20T21:16:03.1836780Z #12 2.089   libpq5 libpsl5t64 librtmp1 libsasl2-2 libsasl2-modules-db libssh2-1t64
2025-08-20T21:16:03.1838098Z #12 2.089   libtasn1-6 libunistring5 perl perl-modules-5.40 postgresql-client-17
2025-08-20T21:16:03.1838878Z #12 2.090   postgresql-client-common sensible-utils
2025-08-20T21:16:03.1839362Z #12 2.090 Suggested packages:
2025-08-20T21:16:03.1839944Z #12 2.090   gnutls-bin krb5-doc krb5-user perl-doc libterm-readline-gnu-perl
2025-08-20T21:16:03.1840929Z #12 2.090   | libterm-readline-perl-perl make libtap-harness-archive-perl postgresql-17
2025-08-20T21:16:03.1841724Z #12 2.090   postgresql-doc-17
2025-08-20T21:16:03.1842432Z #12 2.090 Recommended packages:
2025-08-20T21:16:03.1843063Z #12 2.090   bash-completion krb5-locales libldap-common publicsuffix libsasl2-modules
2025-08-20T21:16:03.2840145Z #12 2.269 The following NEW packages will be installed:
2025-08-20T21:16:03.2841239Z #12 2.270   curl libbrotli1 libcom-err2 libcurl4t64 libgdbm-compat4t64 libgnutls30t64
2025-08-20T21:16:03.2842147Z #12 2.270   libgssapi-krb5-2 libidn2-0 libk5crypto3 libkeyutils1 libkrb5-3
2025-08-20T21:16:03.2842904Z #12 2.270   libkrb5support0 libldap2 libnghttp2-14 libnghttp3-9 libp11-kit0 libperl5.40
2025-08-20T21:16:03.2843523Z #12 2.270   libpq5 libpsl5t64 librtmp1 libsasl2-2 libsasl2-modules-db libssh2-1t64
2025-08-20T21:16:03.2843980Z #12 2.270   libtasn1-6 libunistring5 perl perl-modules-5.40 postgresql-client
2025-08-20T21:16:03.2844753Z #12 2.271   postgresql-client-17 postgresql-client-common sensible-utils
2025-08-20T21:16:03.2845387Z #12 2.295 0 upgraded, 31 newly installed, 0 to remove and 0 not upgraded.
2025-08-20T21:16:03.2845733Z #12 2.295 Need to get 14.9 MB of archives.
2025-08-20T21:16:03.2846210Z #12 2.295 After this operation, 78.1 MB of additional disk space will be used.
2025-08-20T21:16:03.2847094Z #12 2.295 Get:1 http://deb.debian.org/debian trixie/main amd64 sensible-utils all 0.0.25 [25.0 kB]
2025-08-20T21:16:03.2848072Z #12 2.301 Get:2 http://deb.debian.org/debian trixie/main amd64 perl-modules-5.40 all 5.40.1-6 [3019 kB]
2025-08-20T21:16:03.2849509Z #12 2.315 Get:3 http://deb.debian.org/debian trixie/main amd64 libgdbm-compat4t64 amd64 1.24-2 [50.3 kB]
2025-08-20T21:16:03.2851813Z #12 2.315 Get:4 http://deb.debian.org/debian trixie/main amd64 libperl5.40 amd64 5.40.1-6 [4341 kB]
2025-08-20T21:16:03.2852788Z #12 2.330 Get:5 http://deb.debian.org/debian trixie/main amd64 perl amd64 5.40.1-6 [267 kB]
2025-08-20T21:16:03.2853722Z #12 2.332 Get:6 http://deb.debian.org/debian trixie/main amd64 libbrotli1 amd64 1.1.0-2+b7 [307 kB]
2025-08-20T21:16:03.4518140Z #12 2.333 Get:7 http://deb.debian.org/debian trixie/main amd64 libkrb5support0 amd64 1.21.3-5 [33.0 kB]
2025-08-20T21:16:03.4519242Z #12 2.334 Get:8 http://deb.debian.org/debian trixie/main amd64 libcom-err2 amd64 1.47.2-3+b3 [25.0 kB]
2025-08-20T21:16:03.4520212Z #12 2.334 Get:9 http://deb.debian.org/debian trixie/main amd64 libk5crypto3 amd64 1.21.3-5 [81.5 kB]
2025-08-20T21:16:03.4521109Z #12 2.335 Get:10 http://deb.debian.org/debian trixie/main amd64 libkeyutils1 amd64 1.6.3-6 [9456 B]
2025-08-20T21:16:03.4521965Z #12 2.335 Get:11 http://deb.debian.org/debian trixie/main amd64 libkrb5-3 amd64 1.21.3-5 [326 kB]
2025-08-20T21:16:03.4522895Z #12 2.337 Get:12 http://deb.debian.org/debian trixie/main amd64 libgssapi-krb5-2 amd64 1.21.3-5 [138 kB]
2025-08-20T21:16:03.4524008Z #12 2.338 Get:13 http://deb.debian.org/debian trixie/main amd64 libunistring5 amd64 1.3-2 [477 kB]
2025-08-20T21:16:03.4525050Z #12 2.340 Get:14 http://deb.debian.org/debian trixie/main amd64 libidn2-0 amd64 2.3.8-2 [109 kB]
2025-08-20T21:16:03.4526085Z #12 2.340 Get:15 http://deb.debian.org/debian trixie/main amd64 libsasl2-modules-db amd64 2.1.28+dfsg1-9 [19.8 kB]
2025-08-20T21:16:03.4526917Z #12 2.341 Get:16 http://deb.debian.org/debian trixie/main amd64 libsasl2-2 amd64 2.1.28+dfsg1-9 [57.5 kB]
2025-08-20T21:16:03.4527563Z #12 2.342 Get:17 http://deb.debian.org/debian trixie/main amd64 libldap2 amd64 2.6.10+dfsg-1 [194 kB]
2025-08-20T21:16:03.4528224Z #12 2.343 Get:18 http://deb.debian.org/debian trixie/main amd64 libnghttp2-14 amd64 1.64.0-1.1 [76.0 kB]
2025-08-20T21:16:03.4529127Z #12 2.343 Get:19 http://deb.debian.org/debian trixie/main amd64 libnghttp3-9 amd64 1.8.0-1 [67.7 kB]
2025-08-20T21:16:03.4529764Z #12 2.344 Get:20 http://deb.debian.org/debian trixie/main amd64 libpsl5t64 amd64 0.21.2-1.1+b1 [57.2 kB]
2025-08-20T21:16:03.4530376Z #12 2.344 Get:21 http://deb.debian.org/debian trixie/main amd64 libp11-kit0 amd64 0.25.5-3 [425 kB]
2025-08-20T21:16:03.4531003Z #12 2.346 Get:22 http://deb.debian.org/debian trixie/main amd64 libtasn1-6 amd64 4.20.0-2 [49.9 kB]
2025-08-20T21:16:03.4531827Z #12 2.346 Get:23 http://deb.debian.org/debian trixie/main amd64 libgnutls30t64 amd64 3.8.9-3 [1465 kB]
2025-08-20T21:16:03.4532516Z #12 2.353 Get:24 http://deb.debian.org/debian trixie/main amd64 librtmp1 amd64 2.4+20151223.gitfa8646d.1-2+b5 [58.8 kB]
2025-08-20T21:16:03.4533203Z #12 2.354 Get:25 http://deb.debian.org/debian trixie/main amd64 libssh2-1t64 amd64 1.11.1-1 [245 kB]
2025-08-20T21:16:03.4533737Z #12 2.354 Get:26 http://deb.debian.org/debian trixie/main amd64 libcurl4t64 amd64 8.14.1-2 [391 kB]
2025-08-20T21:16:03.4534512Z #12 2.356 Get:27 http://deb.debian.org/debian trixie/main amd64 curl amd64 8.14.1-2 [269 kB]
2025-08-20T21:16:03.4535029Z #12 2.357 Get:28 http://deb.debian.org/debian trixie/main amd64 libpq5 amd64 17.5-1 [226 kB]
2025-08-20T21:16:03.4535716Z #12 2.358 Get:29 http://deb.debian.org/debian trixie/main amd64 postgresql-client-common all 278 [47.1 kB]
2025-08-20T21:16:03.4536523Z #12 2.359 Get:30 http://deb.debian.org/debian trixie/main amd64 postgresql-client-17 amd64 17.5-1 [2025 kB]
2025-08-20T21:16:03.4537192Z #12 2.369 Get:31 http://deb.debian.org/debian trixie/main amd64 postgresql-client all 17+278 [14.0 kB]
2025-08-20T21:16:04.4557890Z #12 3.503 Fetched 14.9 MB in 0s (166 MB/s)
2025-08-20T21:16:04.5967301Z #12 3.518 Selecting previously unselected package sensible-utils.
2025-08-20T21:16:04.5967918Z #12 3.518 (Reading database ... 
2025-08-20T21:16:04.5968285Z (Reading database ... 5%
2025-08-20T21:16:04.5968627Z (Reading database ... 10%
2025-08-20T21:16:04.5968989Z (Reading database ... 15%
2025-08-20T21:16:04.5969316Z (Reading database ... 20%
2025-08-20T21:16:04.5969644Z (Reading database ... 25%
2025-08-20T21:16:04.5969973Z (Reading database ... 30%
2025-08-20T21:16:04.5970302Z (Reading database ... 35%
2025-08-20T21:16:04.5970622Z (Reading database ... 40%
2025-08-20T21:16:04.5970964Z (Reading database ... 45%
2025-08-20T21:16:04.5971281Z (Reading database ... 50%
2025-08-20T21:16:04.5971609Z (Reading database ... 55%
2025-08-20T21:16:04.5971944Z (Reading database ... 60%
2025-08-20T21:16:04.5972277Z (Reading database ... 65%
2025-08-20T21:16:04.5972604Z (Reading database ... 70%
2025-08-20T21:16:04.5972924Z (Reading database ... 75%
2025-08-20T21:16:04.5973252Z (Reading database ... 80%
2025-08-20T21:16:04.5973571Z (Reading database ... 85%
2025-08-20T21:16:04.5973916Z (Reading database ... 90%
2025-08-20T21:16:04.5974234Z (Reading database ... 95%
2025-08-20T21:16:04.5974757Z (Reading database ... 100%
2025-08-20T21:16:04.5975278Z (Reading database ... 5643 files and directories currently installed.)
2025-08-20T21:16:04.5975981Z #12 3.524 Preparing to unpack .../00-sensible-utils_0.0.25_all.deb ...
2025-08-20T21:16:04.5976560Z #12 3.525 Unpacking sensible-utils (0.0.25) ...
2025-08-20T21:16:04.5977141Z #12 3.547 Selecting previously unselected package perl-modules-5.40.
2025-08-20T21:16:04.5977843Z #12 3.548 Preparing to unpack .../01-perl-modules-5.40_5.40.1-6_all.deb ...
2025-08-20T21:16:04.5978468Z #12 3.550 Unpacking perl-modules-5.40 (5.40.1-6) ...
2025-08-20T21:16:04.8136543Z #12 3.844 Selecting previously unselected package libgdbm-compat4t64:amd64.
2025-08-20T21:16:04.8137371Z #12 3.846 Preparing to unpack .../02-libgdbm-compat4t64_1.24-2_amd64.deb ...
2025-08-20T21:16:04.8138021Z #12 3.848 Unpacking libgdbm-compat4t64:amd64 (1.24-2) ...
2025-08-20T21:16:05.0561990Z #12 3.870 Selecting previously unselected package libperl5.40:amd64.
2025-08-20T21:16:05.0564234Z #12 3.872 Preparing to unpack .../03-libperl5.40_5.40.1-6_amd64.deb ...
2025-08-20T21:16:05.0565483Z #12 3.874 Unpacking libperl5.40:amd64 (5.40.1-6) ...
2025-08-20T21:16:05.0566066Z #12 4.104 Selecting previously unselected package perl.
2025-08-20T21:16:05.1619792Z #12 4.105 Preparing to unpack .../04-perl_5.40.1-6_amd64.deb ...
2025-08-20T21:16:05.1620338Z #12 4.107 Unpacking perl (5.40.1-6) ...
2025-08-20T21:16:05.1620841Z #12 4.134 Selecting previously unselected package libbrotli1:amd64.
2025-08-20T21:16:05.1621420Z #12 4.136 Preparing to unpack .../05-libbrotli1_1.1.0-2+b7_amd64.deb ...
2025-08-20T21:16:05.1622257Z #12 4.137 Unpacking libbrotli1:amd64 (1.1.0-2+b7) ...
2025-08-20T21:16:05.1622775Z #12 4.168 Selecting previously unselected package libkrb5support0:amd64.
2025-08-20T21:16:05.1623381Z #12 4.169 Preparing to unpack .../06-libkrb5support0_1.21.3-5_amd64.deb ...
2025-08-20T21:16:05.1623906Z #12 4.170 Unpacking libkrb5support0:amd64 (1.21.3-5) ...
2025-08-20T21:16:05.1624604Z #12 4.188 Selecting previously unselected package libcom-err2:amd64.
2025-08-20T21:16:05.1625198Z #12 4.189 Preparing to unpack .../07-libcom-err2_1.47.2-3+b3_amd64.deb ...
2025-08-20T21:16:05.1625699Z #12 4.191 Unpacking libcom-err2:amd64 (1.47.2-3+b3) ...
2025-08-20T21:16:05.1626204Z #12 4.209 Selecting previously unselected package libk5crypto3:amd64.
2025-08-20T21:16:05.2656158Z #12 4.211 Preparing to unpack .../08-libk5crypto3_1.21.3-5_amd64.deb ...
2025-08-20T21:16:05.2658268Z #12 4.212 Unpacking libk5crypto3:amd64 (1.21.3-5) ...
2025-08-20T21:16:05.2658889Z #12 4.232 Selecting previously unselected package libkeyutils1:amd64.
2025-08-20T21:16:05.2659553Z #12 4.234 Preparing to unpack .../09-libkeyutils1_1.6.3-6_amd64.deb ...
2025-08-20T21:16:05.2660085Z #12 4.235 Unpacking libkeyutils1:amd64 (1.6.3-6) ...
2025-08-20T21:16:05.2660613Z #12 4.251 Selecting previously unselected package libkrb5-3:amd64.
2025-08-20T21:16:05.2661168Z #12 4.252 Preparing to unpack .../10-libkrb5-3_1.21.3-5_amd64.deb ...
2025-08-20T21:16:05.2661642Z #12 4.253 Unpacking libkrb5-3:amd64 (1.21.3-5) ...
2025-08-20T21:16:05.2662182Z #12 4.289 Selecting previously unselected package libgssapi-krb5-2:amd64.
2025-08-20T21:16:05.2662800Z #12 4.290 Preparing to unpack .../11-libgssapi-krb5-2_1.21.3-5_amd64.deb ...
2025-08-20T21:16:05.2663481Z #12 4.291 Unpacking libgssapi-krb5-2:amd64 (1.21.3-5) ...
2025-08-20T21:16:05.2664002Z #12 4.313 Selecting previously unselected package libunistring5:amd64.
2025-08-20T21:16:05.3658879Z #12 4.315 Preparing to unpack .../12-libunistring5_1.3-2_amd64.deb ...
2025-08-20T21:16:05.3659572Z #12 4.316 Unpacking libunistring5:amd64 (1.3-2) ...
2025-08-20T21:16:05.3660135Z #12 4.357 Selecting previously unselected package libidn2-0:amd64.
2025-08-20T21:16:05.3660761Z #12 4.359 Preparing to unpack .../13-libidn2-0_2.3.8-2_amd64.deb ...
2025-08-20T21:16:05.3661292Z #12 4.360 Unpacking libidn2-0:amd64 (2.3.8-2) ...
2025-08-20T21:16:05.3661888Z #12 4.391 Selecting previously unselected package libsasl2-modules-db:amd64.
2025-08-20T21:16:05.3662935Z #12 4.393 Preparing to unpack .../14-libsasl2-modules-db_2.1.28+dfsg1-9_amd64.deb ...
2025-08-20T21:16:05.3663712Z #12 4.395 Unpacking libsasl2-modules-db:amd64 (2.1.28+dfsg1-9) ...
2025-08-20T21:16:05.3665179Z #12 4.412 Selecting previously unselected package libsasl2-2:amd64.
2025-08-20T21:16:05.3665794Z #12 4.414 Preparing to unpack .../15-libsasl2-2_2.1.28+dfsg1-9_amd64.deb ...
2025-08-20T21:16:05.4792400Z #12 4.415 Unpacking libsasl2-2:amd64 (2.1.28+dfsg1-9) ...
2025-08-20T21:16:05.4793967Z #12 4.435 Selecting previously unselected package libldap2:amd64.
2025-08-20T21:16:05.4795057Z #12 4.436 Preparing to unpack .../16-libldap2_2.6.10+dfsg-1_amd64.deb ...
2025-08-20T21:16:05.4796375Z #12 4.437 Unpacking libldap2:amd64 (2.6.10+dfsg-1) ...
2025-08-20T21:16:05.4796951Z #12 4.460 Selecting previously unselected package libnghttp2-14:amd64.
2025-08-20T21:16:05.4797539Z #12 4.462 Preparing to unpack .../17-libnghttp2-14_1.64.0-1.1_amd64.deb ...
2025-08-20T21:16:05.4798057Z #12 4.463 Unpacking libnghttp2-14:amd64 (1.64.0-1.1) ...
2025-08-20T21:16:05.4798858Z #12 4.482 Selecting previously unselected package libnghttp3-9:amd64.
2025-08-20T21:16:05.4799476Z #12 4.484 Preparing to unpack .../18-libnghttp3-9_1.8.0-1_amd64.deb ...
2025-08-20T21:16:05.4799993Z #12 4.485 Unpacking libnghttp3-9:amd64 (1.8.0-1) ...
2025-08-20T21:16:05.4800489Z #12 4.505 Selecting previously unselected package libpsl5t64:amd64.
2025-08-20T21:16:05.4801058Z #12 4.507 Preparing to unpack .../19-libpsl5t64_0.21.2-1.1+b1_amd64.deb ...
2025-08-20T21:16:05.4801557Z #12 4.508 Unpacking libpsl5t64:amd64 (0.21.2-1.1+b1) ...
2025-08-20T21:16:05.4802269Z #12 4.527 Selecting previously unselected package libp11-kit0:amd64.
2025-08-20T21:16:05.5925573Z #12 4.528 Preparing to unpack .../20-libp11-kit0_0.25.5-3_amd64.deb ...
2025-08-20T21:16:05.5926340Z #12 4.529 Unpacking libp11-kit0:amd64 (0.25.5-3) ...
2025-08-20T21:16:05.5926935Z #12 4.561 Selecting previously unselected package libtasn1-6:amd64.
2025-08-20T21:16:05.5927603Z #12 4.563 Preparing to unpack .../21-libtasn1-6_4.20.0-2_amd64.deb ...
2025-08-20T21:16:05.5928204Z #12 4.564 Unpacking libtasn1-6:amd64 (4.20.0-2) ...
2025-08-20T21:16:05.5928779Z #12 4.582 Selecting previously unselected package libgnutls30t64:amd64.
2025-08-20T21:16:05.5929468Z #12 4.584 Preparing to unpack .../22-libgnutls30t64_3.8.9-3_amd64.deb ...
2025-08-20T21:16:05.5930063Z #12 4.585 Unpacking libgnutls30t64:amd64 (3.8.9-3) ...
2025-08-20T21:16:05.5930626Z #12 4.640 Selecting previously unselected package librtmp1:amd64.
2025-08-20T21:16:05.6982158Z #12 4.642 Preparing to unpack .../23-librtmp1_2.4+20151223.gitfa8646d.1-2+b5_amd64.deb ...
2025-08-20T21:16:05.6983175Z #12 4.643 Unpacking librtmp1:amd64 (2.4+20151223.gitfa8646d.1-2+b5) ...
2025-08-20T21:16:05.6985737Z #12 4.661 Selecting previously unselected package libssh2-1t64:amd64.
2025-08-20T21:16:05.6986467Z #12 4.663 Preparing to unpack .../24-libssh2-1t64_1.11.1-1_amd64.deb ...
2025-08-20T21:16:05.6987079Z #12 4.664 Unpacking libssh2-1t64:amd64 (1.11.1-1) ...
2025-08-20T21:16:05.6987716Z #12 4.686 Selecting previously unselected package libcurl4t64:amd64.
2025-08-20T21:16:05.6988407Z #12 4.688 Preparing to unpack .../25-libcurl4t64_8.14.1-2_amd64.deb ...
2025-08-20T21:16:05.6989009Z #12 4.689 Unpacking libcurl4t64:amd64 (8.14.1-2) ...
2025-08-20T21:16:05.6989533Z #12 4.718 Selecting previously unselected package curl.
2025-08-20T21:16:05.6990127Z #12 4.719 Preparing to unpack .../26-curl_8.14.1-2_amd64.deb ...
2025-08-20T21:16:05.6990656Z #12 4.720 Unpacking curl (8.14.1-2) ...
2025-08-20T21:16:05.6991172Z #12 4.746 Selecting previously unselected package libpq5:amd64.
2025-08-20T21:16:05.8743282Z #12 4.747 Preparing to unpack .../27-libpq5_17.5-1_amd64.deb ...
2025-08-20T21:16:05.8745055Z #12 4.749 Unpacking libpq5:amd64 (17.5-1) ...
2025-08-20T21:16:05.8746652Z #12 4.775 Selecting previously unselected package postgresql-client-common.
2025-08-20T21:16:05.8747406Z #12 4.777 Preparing to unpack .../28-postgresql-client-common_278_all.deb ...
2025-08-20T21:16:05.8748047Z #12 4.782 Unpacking postgresql-client-common (278) ...
2025-08-20T21:16:05.8748696Z #12 4.805 Selecting previously unselected package postgresql-client-17.
2025-08-20T21:16:05.8749333Z #12 4.807 Preparing to unpack .../29-postgresql-client-17_17.5-1_amd64.deb ...
2025-08-20T21:16:05.8749932Z #12 4.808 Unpacking postgresql-client-17 (17.5-1) ...
2025-08-20T21:16:05.8750474Z #12 4.922 Selecting previously unselected package postgresql-client.
2025-08-20T21:16:05.9880654Z #12 4.924 Preparing to unpack .../30-postgresql-client_17+278_all.deb ...
2025-08-20T21:16:05.9881493Z #12 4.925 Unpacking postgresql-client (17+278) ...
2025-08-20T21:16:05.9882123Z #12 4.946 Setting up libkeyutils1:amd64 (1.6.3-6) ...
2025-08-20T21:16:05.9882781Z #12 4.949 Setting up libgdbm-compat4t64:amd64 (1.24-2) ...
2025-08-20T21:16:05.9883437Z #12 4.952 Setting up libbrotli1:amd64 (1.1.0-2+b7) ...
2025-08-20T21:16:05.9884068Z #12 4.955 Setting up libnghttp2-14:amd64 (1.64.0-1.1) ...
2025-08-20T21:16:05.9884952Z #12 4.959 Setting up libcom-err2:amd64 (1.47.2-3+b3) ...
2025-08-20T21:16:05.9885857Z #12 4.962 Setting up libkrb5support0:amd64 (1.21.3-5) ...
2025-08-20T21:16:05.9886414Z #12 4.965 Setting up libsasl2-modules-db:amd64 (2.1.28+dfsg1-9) ...
2025-08-20T21:16:05.9886811Z #12 4.968 Setting up libp11-kit0:amd64 (0.25.5-3) ...
2025-08-20T21:16:05.9887154Z #12 4.971 Setting up libunistring5:amd64 (1.3-2) ...
2025-08-20T21:16:05.9887500Z #12 4.974 Setting up libk5crypto3:amd64 (1.21.3-5) ...
2025-08-20T21:16:05.9887863Z #12 4.978 Setting up libsasl2-2:amd64 (2.1.28+dfsg1-9) ...
2025-08-20T21:16:05.9888375Z #12 4.981 Setting up libnghttp3-9:amd64 (1.8.0-1) ...
2025-08-20T21:16:05.9888707Z #12 4.984 Setting up perl-modules-5.40 (5.40.1-6) ...
2025-08-20T21:16:05.9889055Z #12 4.986 Setting up sensible-utils (0.0.25) ...
2025-08-20T21:16:05.9889379Z #12 4.990 Setting up libtasn1-6:amd64 (4.20.0-2) ...
2025-08-20T21:16:05.9889710Z #12 4.994 Setting up libkrb5-3:amd64 (1.21.3-5) ...
2025-08-20T21:16:05.9890038Z #12 4.997 Setting up libssh2-1t64:amd64 (1.11.1-1) ...
2025-08-20T21:16:05.9890389Z #12 4.999 Setting up libldap2:amd64 (2.6.10+dfsg-1) ...
2025-08-20T21:16:05.9890723Z #12 5.002 Setting up libidn2-0:amd64 (2.3.8-2) ...
2025-08-20T21:16:05.9891044Z #12 5.005 Setting up libperl5.40:amd64 (5.40.1-6) ...
2025-08-20T21:16:06.1841653Z #12 5.041 Setting up perl (5.40.1-6) ...
2025-08-20T21:16:06.1842255Z #12 5.048 Setting up libgssapi-krb5-2:amd64 (1.21.3-5) ...
2025-08-20T21:16:06.1842840Z #12 5.052 Setting up libgnutls30t64:amd64 (3.8.9-3) ...
2025-08-20T21:16:06.1843388Z #12 5.054 Setting up postgresql-client-common (278) ...
2025-08-20T21:16:06.1844001Z #12 5.063 Setting up libpsl5t64:amd64 (0.21.2-1.1+b1) ...
2025-08-20T21:16:06.1844768Z #12 5.066 Setting up libpq5:amd64 (17.5-1) ...
2025-08-20T21:16:06.1845347Z #12 5.069 Setting up librtmp1:amd64 (2.4+20151223.gitfa8646d.1-2+b5) ...
2025-08-20T21:16:06.1845955Z #12 5.072 Setting up libcurl4t64:amd64 (8.14.1-2) ...
2025-08-20T21:16:06.1846483Z #12 5.075 Setting up postgresql-client-17 (17.5-1) ...
2025-08-20T21:16:06.4405493Z #12 5.448 update-alternatives: using /usr/share/postgresql/17/man/man1/psql.1.gz to provide /usr/share/man/man1/psql.1.gz (psql.1.gz) in auto mode
2025-08-20T21:16:06.4408405Z #12 5.488 Setting up curl (8.14.1-2) ...
2025-08-20T21:16:06.5416948Z #12 5.491 Setting up postgresql-client (17+278) ...
2025-08-20T21:16:06.5417605Z #12 5.494 Processing triggers for libc-bin (2.41-12) ...
2025-08-20T21:16:06.5421774Z #12 5.520 + rm -rf /var/lib/apt/lists/auxfiles /var/lib/apt/lists/deb.debian.org_debian-security_dists_trixie-security_InRelease /var/lib/apt/lists/deb.debian.org_debian-security_dists_trixie-security_main_binary-amd64_Packages.lz4 /var/lib/apt/lists/deb.debian.org_debian_dists_trixie-updates_InRelease /var/lib/apt/lists/deb.debian.org_debian_dists_trixie-updates_main_binary-amd64_Packages.lz4 /var/lib/apt/lists/deb.debian.org_debian_dists_trixie_InRelease /var/lib/apt/lists/deb.debian.org_debian_dists_trixie_main_binary-amd64_Packages.lz4 /var/lib/apt/lists/lock /var/lib/apt/lists/partial
2025-08-20T21:16:06.5425016Z #12 DONE 5.6s
2025-08-20T21:16:06.5425144Z 
2025-08-20T21:16:06.5425343Z #13 [base  4/13] RUN pip install --no-cache-dir -r requirements.txt
2025-08-20T21:16:06.5425877Z #13 1.480 Collecting uvicorn==0.29.0 (from -r requirements.txt (line 1))
2025-08-20T21:16:06.5426415Z #13 1.501   Downloading uvicorn-0.29.0-py3-none-any.whl.metadata (6.3 kB)
2025-08-20T21:16:06.5426879Z #13 1.516 Collecting pydantic-settings==2.2.1 (from -r requirements.txt (line 2))
2025-08-20T21:16:06.5427373Z #13 1.522   Downloading pydantic_settings-2.2.1-py3-none-any.whl.metadata (3.1 kB)
2025-08-20T21:16:06.5427837Z #13 1.559 Collecting fastapi==0.111.0 (from -r requirements.txt (line 3))
2025-08-20T21:16:06.5428249Z #13 1.564   Downloading fastapi-0.111.0-py3-none-any.whl.metadata (25 kB)
2025-08-20T21:16:06.5428673Z #13 1.786 Collecting sqlalchemy==2.0.29 (from -r requirements.txt (line 4))
2025-08-20T21:16:06.5429222Z #13 1.790   Downloading SQLAlchemy-2.0.29-cp312-cp312-manylinux_2_17_x86_64.manylinux2014_x86_64.whl.metadata (9.6 kB)
2025-08-20T21:16:06.5430068Z #13 1.817 Collecting alembic==1.13.1 (from -r requirements.txt (line 5))
2025-08-20T21:16:06.5430508Z #13 1.822   Downloading alembic-1.13.1-py3-none-any.whl.metadata (7.4 kB)
2025-08-20T21:16:06.5430986Z #13 1.836 Collecting psycopg==3.2.9 (from psycopg[binary]==3.2.9->-r requirements.txt (line 6))
2025-08-20T21:16:06.5431461Z #13 1.844   Downloading psycopg-3.2.9-py3-none-any.whl.metadata (4.5 kB)
2025-08-20T21:16:06.5431865Z #13 1.864 Collecting httpx==0.27.2 (from -r requirements.txt (line 7))
2025-08-20T21:16:06.5432420Z #13 1.868   Downloading httpx-0.27.2-py3-none-any.whl.metadata (7.1 kB)
2025-08-20T21:16:06.5432810Z #13 1.902 Collecting asyncpg==0.29.0 (from -r requirements.txt (line 8))
2025-08-20T21:16:06.5433327Z #13 1.907   Downloading asyncpg-0.29.0-cp312-cp312-manylinux_2_17_x86_64.manylinux2014_x86_64.whl.metadata (4.4 kB)
2025-08-20T21:16:06.5433838Z #13 2.155 Collecting boto3==1.34.162 (from -r requirements.txt (line 9))
2025-08-20T21:16:06.5434233Z #13 2.160   Downloading boto3-1.34.162-py3-none-any.whl.metadata (6.6 kB)
2025-08-20T21:16:06.5434768Z #13 2.173 Collecting Jinja2==3.1.5 (from -r requirements.txt (line 10))
2025-08-20T21:16:06.5435157Z #13 2.217   Downloading jinja2-3.1.5-py3-none-any.whl.metadata (2.6 kB)
2025-08-20T21:16:06.5435551Z #13 2.250 Collecting celery==5.3.* (from -r requirements.txt (line 11))
2025-08-20T21:16:06.5435943Z #13 2.255   Downloading celery-5.3.6-py3-none-any.whl.metadata (21 kB)
2025-08-20T21:16:06.5436357Z #13 2.287 Collecting structlog==24.1.0 (from -r requirements.txt (line 12))
2025-08-20T21:16:06.5436789Z #13 2.291   Downloading structlog-24.1.0-py3-none-any.whl.metadata (6.9 kB)
2025-08-20T21:16:06.5437241Z #13 2.306 Collecting asgi-correlation-id==4.3.1 (from -r requirements.txt (line 13))
2025-08-20T21:16:06.5437722Z #13 2.311   Downloading asgi_correlation_id-4.3.1-py3-none-any.whl.metadata (28 kB)
2025-08-20T21:16:06.5438202Z #13 2.322 Collecting fastapi-limiter==0.1.6 (from -r requirements.txt (line 14))
2025-08-20T21:16:06.5438676Z #13 2.328   Downloading fastapi_limiter-0.1.6-py3-none-any.whl.metadata (5.3 kB)
2025-08-20T21:16:06.5439098Z #13 2.356 Collecting redis==5.0.8 (from -r requirements.txt (line 15))
2025-08-20T21:16:06.5439480Z #13 2.362   Downloading redis-5.0.8-py3-none-any.whl.metadata (9.2 kB)
2025-08-20T21:16:06.5440011Z #13 2.411 Collecting sentry-sdk==2.9.0 (from sentry-sdk[celery,fastapi,sqlalchemy]==2.9.0->-r requirements.txt (line 16))
2025-08-20T21:16:06.5440568Z #13 2.417   Downloading sentry_sdk-2.9.0-py2.py3-none-any.whl.metadata (14 kB)
2025-08-20T21:16:06.5441169Z #13 2.486 Collecting click>=7.0 (from uvicorn==0.29.0->-r requirements.txt (line 1))
2025-08-20T21:16:06.5441610Z #13 2.490   Downloading click-8.2.1-py3-none-any.whl.metadata (2.5 kB)
2025-08-20T21:16:06.5442022Z #13 2.501 Collecting h11>=0.8 (from uvicorn==0.29.0->-r requirements.txt (line 1))
2025-08-20T21:16:06.5442432Z #13 2.505   Downloading h11-0.16.0-py3-none-any.whl.metadata (8.3 kB)
2025-08-20T21:16:06.5442891Z #13 2.601 Collecting pydantic>=2.3.0 (from pydantic-settings==2.2.1->-r requirements.txt (line 2))
2025-08-20T21:16:06.5443369Z #13 2.605   Downloading pydantic-2.11.7-py3-none-any.whl.metadata (67 kB)
2025-08-20T21:16:06.5443862Z #13 2.621 Collecting python-dotenv>=0.21.0 (from pydantic-settings==2.2.1->-r requirements.txt (line 2))
2025-08-20T21:16:06.5444491Z #13 2.627   Downloading python_dotenv-1.1.1-py3-none-any.whl.metadata (24 kB)
2025-08-20T21:16:06.5444983Z #13 2.654 Collecting starlette<0.38.0,>=0.37.2 (from fastapi==0.111.0->-r requirements.txt (line 3))
2025-08-20T21:16:06.5445465Z #13 2.658   Downloading starlette-0.37.2-py3-none-any.whl.metadata (5.9 kB)
2025-08-20T21:16:06.5445967Z #13 2.710 Collecting typing-extensions>=4.8.0 (from fastapi==0.111.0->-r requirements.txt (line 3))
2025-08-20T21:16:06.5446476Z #13 2.714   Downloading typing_extensions-4.14.1-py3-none-any.whl.metadata (3.0 kB)
2025-08-20T21:16:06.5446966Z #13 2.722 Collecting fastapi-cli>=0.0.2 (from fastapi==0.111.0->-r requirements.txt (line 3))
2025-08-20T21:16:06.5447559Z #13 2.725   Downloading fastapi_cli-0.0.8-py3-none-any.whl.metadata (6.3 kB)
2025-08-20T21:16:06.5448048Z #13 2.742 Collecting python-multipart>=0.0.7 (from fastapi==0.111.0->-r requirements.txt (line 3))
2025-08-20T21:16:06.5448556Z #13 2.746   Downloading python_multipart-0.0.20-py3-none-any.whl.metadata (1.8 kB)
2025-08-20T21:16:06.5449076Z #13 2.795 Collecting ujson!=4.0.2,!=4.1.0,!=4.2.0,!=4.3.0,!=5.0.0,!=5.1.0,>=4.0.1 (from fastapi==0.111.0->-r requirements.txt (line 3))
2025-08-20T21:16:06.5449777Z #13 2.799   Downloading ujson-5.11.0-cp312-cp312-manylinux_2_24_x86_64.manylinux_2_28_x86_64.whl.metadata (9.4 kB)
2025-08-20T21:16:06.5450321Z #13 2.980 Collecting orjson>=3.2.1 (from fastapi==0.111.0->-r requirements.txt (line 3))
2025-08-20T21:16:06.5450869Z #13 2.985   Downloading orjson-3.11.2-cp312-cp312-manylinux_2_17_x86_64.manylinux2014_x86_64.whl.metadata (1.2 kB)
2025-08-20T21:16:06.5451447Z #13 2.995 Collecting email_validator>=2.0.0 (from fastapi==0.111.0->-r requirements.txt (line 3))
2025-08-20T21:16:06.5451937Z #13 2.998   Downloading email_validator-2.2.0-py3-none-any.whl.metadata (25 kB)
2025-08-20T21:16:06.5452419Z #13 3.105 Collecting greenlet!=0.4.17 (from sqlalchemy==2.0.29->-r requirements.txt (line 4))
2025-08-20T21:16:06.5452987Z #13 3.109   Downloading greenlet-3.2.4-cp312-cp312-manylinux_2_24_x86_64.manylinux_2_28_x86_64.whl.metadata (4.1 kB)
2025-08-20T21:16:06.5453526Z #13 3.136 Collecting Mako (from alembic==1.13.1->-r requirements.txt (line 5))
2025-08-20T21:16:06.5453949Z #13 3.140   Downloading mako-1.3.10-py3-none-any.whl.metadata (2.9 kB)
2025-08-20T21:16:06.5454491Z #13 3.161 Collecting anyio (from httpx==0.27.2->-r requirements.txt (line 7))
2025-08-20T21:16:06.5455186Z #13 3.164   Downloading anyio-4.10.0-py3-none-any.whl.metadata (4.0 kB)
2025-08-20T21:16:06.5455942Z #13 3.179 Collecting certifi (from httpx==0.27.2->-r requirements.txt (line 7))
2025-08-20T21:16:06.5456888Z #13 3.183   Downloading certifi-2025.8.3-py3-none-any.whl.metadata (2.4 kB)
2025-08-20T21:16:06.5477161Z #13 3.200 Collecting httpcore==1.* (from httpx==0.27.2->-r requirements.txt (line 7))
2025-08-20T21:16:06.5477878Z #13 3.203   Downloading httpcore-1.0.9-py3-none-any.whl.metadata (21 kB)
2025-08-20T21:16:06.5478452Z #13 3.215 Collecting idna (from httpx==0.27.2->-r requirements.txt (line 7))
2025-08-20T21:16:06.5478890Z #13 3.219   Downloading idna-3.10-py3-none-any.whl.metadata (10 kB)
2025-08-20T21:16:06.5479303Z #13 3.226 Collecting sniffio (from httpx==0.27.2->-r requirements.txt (line 7))
2025-08-20T21:16:06.5479755Z #13 3.230   Downloading sniffio-1.3.1-py3-none-any.whl.metadata (3.9 kB)
2025-08-20T21:16:06.5480227Z #13 3.631 Collecting botocore<1.35.0,>=1.34.162 (from boto3==1.34.162->-r requirements.txt (line 9))
2025-08-20T21:16:06.5480712Z #13 3.639   Downloading botocore-1.34.162-py3-none-any.whl.metadata (5.7 kB)
2025-08-20T21:16:06.5481186Z #13 3.652 Collecting jmespath<2.0.0,>=0.7.1 (from boto3==1.34.162->-r requirements.txt (line 9))
2025-08-20T21:16:06.5481644Z #13 3.660   Downloading jmespath-1.0.1-py3-none-any.whl.metadata (7.6 kB)
2025-08-20T21:16:06.5482118Z #13 3.679 Collecting s3transfer<0.11.0,>=0.10.0 (from boto3==1.34.162->-r requirements.txt (line 9))
2025-08-20T21:16:06.5482586Z #13 3.683   Downloading s3transfer-0.10.4-py3-none-any.whl.metadata (1.7 kB)
2025-08-20T21:16:06.5483049Z #13 3.722 Collecting MarkupSafe>=2.0 (from Jinja2==3.1.5->-r requirements.txt (line 10))
2025-08-20T21:16:06.5483622Z #13 3.726   Downloading MarkupSafe-3.0.2-cp312-cp312-manylinux_2_17_x86_64.manylinux2014_x86_64.whl.metadata (4.0 kB)
2025-08-20T21:16:06.5484233Z #13 3.746 Collecting billiard<5.0,>=4.2.0 (from celery==5.3.*->-r requirements.txt (line 11))
2025-08-20T21:16:06.5484964Z #13 3.750   Downloading billiard-4.2.1-py3-none-any.whl.metadata (4.4 kB)
2025-08-20T21:16:06.5485450Z #13 3.758 Collecting click-didyoumean>=0.3.0 (from celery==5.3.*->-r requirements.txt (line 11))
2025-08-20T21:16:06.5486139Z #13 3.761   Downloading click_didyoumean-0.3.1-py3-none-any.whl.metadata (3.9 kB)
2025-08-20T21:16:06.5486641Z #13 3.769 Collecting click-plugins>=1.1.1 (from celery==5.3.*->-r requirements.txt (line 11))
2025-08-20T21:16:06.5487143Z #13 3.772   Downloading click_plugins-1.1.1.2-py2.py3-none-any.whl.metadata (6.5 kB)
2025-08-20T21:16:06.5487629Z #13 3.781 Collecting click-repl>=0.2.0 (from celery==5.3.*->-r requirements.txt (line 11))
2025-08-20T21:16:06.5488077Z #13 3.785   Downloading click_repl-0.3.0-py3-none-any.whl.metadata (3.6 kB)
2025-08-20T21:16:06.5488517Z #13 3.821 Collecting kombu<6.0,>=5.3.4 (from celery==5.3.*->-r requirements.txt (line 11))
2025-08-20T21:16:06.5489048Z #13 3.825   Downloading kombu-5.5.4-py3-none-any.whl.metadata (3.5 kB)
2025-08-20T21:16:06.5489505Z #13 3.844 Collecting python-dateutil>=2.8.2 (from celery==5.3.*->-r requirements.txt (line 11))
2025-08-20T21:16:06.5490022Z #13 3.848   Downloading python_dateutil-2.9.0.post0-py2.py3-none-any.whl.metadata (8.4 kB)
2025-08-20T21:16:06.5490518Z #13 3.861 Collecting tzdata>=2022.7 (from celery==5.3.*->-r requirements.txt (line 11))
2025-08-20T21:16:06.5490973Z #13 3.865   Downloading tzdata-2025.2-py2.py3-none-any.whl.metadata (1.4 kB)
2025-08-20T21:16:06.5491413Z #13 3.876 Collecting vine<6.0,>=5.1.0 (from celery==5.3.*->-r requirements.txt (line 11))
2025-08-20T21:16:06.5491853Z #13 3.880   Downloading vine-5.1.0-py3-none-any.whl.metadata (2.7 kB)
2025-08-20T21:16:06.5492436Z #13 3.942 Collecting urllib3>=1.26.11 (from sentry-sdk==2.9.0->sentry-sdk[celery,fastapi,sqlalchemy]==2.9.0->-r requirements.txt (line 16))
2025-08-20T21:16:06.5493026Z #13 3.947   Downloading urllib3-2.5.0-py3-none-any.whl.metadata (6.5 kB)
2025-08-20T21:16:06.5493511Z #13 4.111 Collecting psycopg-binary==3.2.9 (from psycopg[binary]==3.2.9->-r requirements.txt (line 6))
2025-08-20T21:16:06.5494154Z #13 4.116   Downloading psycopg_binary-3.2.9-cp312-cp312-manylinux_2_17_x86_64.manylinux2014_x86_64.whl.metadata (2.9 kB)
2025-08-20T21:16:06.5495009Z #13 4.231 Collecting prompt-toolkit>=3.0.36 (from click-repl>=0.2.0->celery==5.3.*->-r requirements.txt (line 11))
2025-08-20T21:16:06.5495582Z #13 4.235   Downloading prompt_toolkit-3.0.51-py3-none-any.whl.metadata (6.4 kB)
2025-08-20T21:16:06.5496118Z #13 4.248 Collecting dnspython>=2.0.0 (from email_validator>=2.0.0->fastapi==0.111.0->-r requirements.txt (line 3))
2025-08-20T21:16:06.5496647Z #13 4.252   Downloading dnspython-2.7.0-py3-none-any.whl.metadata (5.8 kB)
2025-08-20T21:16:06.5497137Z #13 4.278 Collecting typer>=0.15.1 (from fastapi-cli>=0.0.2->fastapi==0.111.0->-r requirements.txt (line 3))
2025-08-20T21:16:06.5497615Z #13 4.282   Downloading typer-0.16.1-py3-none-any.whl.metadata (15 kB)
2025-08-20T21:16:06.5498110Z #13 4.308 Collecting rich-toolkit>=0.14.8 (from fastapi-cli>=0.0.2->fastapi==0.111.0->-r requirements.txt (line 3))
2025-08-20T21:16:06.5498636Z #13 4.311   Downloading rich_toolkit-0.15.0-py3-none-any.whl.metadata (1.0 kB)
2025-08-20T21:16:06.5499125Z #13 4.337 Collecting amqp<6.0.0,>=5.1.1 (from kombu<6.0,>=5.3.4->celery==5.3.*->-r requirements.txt (line 11))
2025-08-20T21:16:06.5499588Z #13 4.341   Downloading amqp-5.3.1-py3-none-any.whl.metadata (8.9 kB)
2025-08-20T21:16:06.5500051Z #13 4.361 Collecting packaging (from kombu<6.0,>=5.3.4->celery==5.3.*->-r requirements.txt (line 11))
2025-08-20T21:16:06.5500531Z #13 4.365   Downloading packaging-25.0-py3-none-any.whl.metadata (3.3 kB)
2025-08-20T21:16:06.5501091Z #13 4.379 Collecting annotated-types>=0.6.0 (from pydantic>=2.3.0->pydantic-settings==2.2.1->-r requirements.txt (line 2))
2025-08-20T21:16:06.5501667Z #13 4.383   Downloading annotated_types-0.7.0-py3-none-any.whl.metadata (15 kB)
2025-08-20T21:16:06.5502240Z #13 5.022 Collecting pydantic-core==2.33.2 (from pydantic>=2.3.0->pydantic-settings==2.2.1->-r requirements.txt (line 2))
2025-08-20T21:16:06.5502915Z #13 5.026   Downloading pydantic_core-2.33.2-cp312-cp312-manylinux_2_17_x86_64.manylinux2014_x86_64.whl.metadata (6.8 kB)
2025-08-20T21:16:06.5503743Z #13 5.039 Collecting typing-inspection>=0.4.0 (from pydantic>=2.3.0->pydantic-settings==2.2.1->-r requirements.txt (line 2))
2025-08-20T21:16:06.5504563Z #13 5.043   Downloading typing_inspection-0.4.1-py3-none-any.whl.metadata (2.6 kB)
2025-08-20T21:16:06.5505177Z #13 5.065 Collecting six>=1.5 (from python-dateutil>=2.8.2->celery==5.3.*->-r requirements.txt (line 11))
2025-08-20T21:16:06.5505666Z #13 5.068   Downloading six-1.17.0-py2.py3-none-any.whl.metadata (1.7 kB)
2025-08-20T21:16:06.5506195Z #13 5.367 Collecting httptools>=0.5.0 (from uvicorn[standard]>=0.12.0->fastapi==0.111.0->-r requirements.txt (line 3))
2025-08-20T21:16:06.5507098Z #13 5.375   Downloading httptools-0.6.4-cp312-cp312-manylinux_2_5_x86_64.manylinux1_x86_64.manylinux_2_17_x86_64.manylinux2014_x86_64.whl.metadata (3.6 kB)
2025-08-20T21:16:06.5507849Z #13 5.406 Collecting pyyaml>=5.1 (from uvicorn[standard]>=0.12.0->fastapi==0.111.0->-r requirements.txt (line 3))
2025-08-20T21:16:06.5508464Z #13 5.410   Downloading PyYAML-6.0.2-cp312-cp312-manylinux_2_17_x86_64.manylinux2014_x86_64.whl.metadata (2.1 kB)
2025-08-20T21:16:06.5509100Z #13 5.444 Collecting uvloop!=0.15.0,!=0.15.1,>=0.14.0 (from uvicorn[standard]>=0.12.0->fastapi==0.111.0->-r requirements.txt (line 3))
2025-08-20T21:16:06.5509736Z #13 5.449   Downloading uvloop-0.21.0-cp312-cp312-manylinux_2_17_x86_64.manylinux2014_x86_64.whl.metadata (4.9 kB)
2025-08-20T21:16:06.5510362Z #13 5.576 Collecting watchfiles>=0.13 (from uvicorn[standard]>=0.12.0->fastapi==0.111.0->-r requirements.txt (line 3))
2025-08-20T21:16:06.6495896Z #13 5.580   Downloading watchfiles-1.1.0-cp312-cp312-manylinux_2_17_x86_64.manylinux2014_x86_64.whl.metadata (4.9 kB)
2025-08-20T21:16:06.6497440Z #13 5.655 Collecting websockets>=10.4 (from uvicorn[standard]>=0.12.0->fastapi==0.111.0->-r requirements.txt (line 3))
2025-08-20T21:16:06.6499073Z #13 5.659   Downloading websockets-15.0.1-cp312-cp312-manylinux_2_5_x86_64.manylinux1_x86_64.manylinux_2_17_x86_64.manylinux2014_x86_64.whl.metadata (6.8 kB)
2025-08-20T21:16:06.6500489Z #13 5.684 Collecting wcwidth (from prompt-toolkit>=3.0.36->click-repl>=0.2.0->celery==5.3.*->-r requirements.txt (line 11))
2025-08-20T21:16:06.7575457Z #13 5.687   Downloading wcwidth-0.2.13-py2.py3-none-any.whl.metadata (14 kB)
2025-08-20T21:16:06.7576621Z #13 5.737 Collecting rich>=13.7.1 (from rich-toolkit>=0.14.8->fastapi-cli>=0.0.2->fastapi==0.111.0->-r requirements.txt (line 3))
2025-08-20T21:16:06.7577710Z #13 5.746   Downloading rich-14.1.0-py3-none-any.whl.metadata (18 kB)
2025-08-20T21:16:06.7578529Z #13 5.777 Collecting shellingham>=1.3.0 (from typer>=0.15.1->fastapi-cli>=0.0.2->fastapi==0.111.0->-r requirements.txt (line 3))
2025-08-20T21:16:06.7579332Z #13 5.792   Downloading shellingham-1.5.4-py2.py3-none-any.whl.metadata (3.5 kB)
2025-08-20T21:16:06.8583434Z #13 5.838 Collecting markdown-it-py>=2.2.0 (from rich>=13.7.1->rich-toolkit>=0.14.8->fastapi-cli>=0.0.2->fastapi==0.111.0->-r requirements.txt (line 3))
2025-08-20T21:16:06.8585141Z #13 5.843   Downloading markdown_it_py-4.0.0-py3-none-any.whl.metadata (7.3 kB)
2025-08-20T21:16:06.8586144Z #13 5.867 Collecting pygments<3.0.0,>=2.13.0 (from rich>=13.7.1->rich-toolkit>=0.14.8->fastapi-cli>=0.0.2->fastapi==0.111.0->-r requirements.txt (line 3))
2025-08-20T21:16:06.8587062Z #13 5.870   Downloading pygments-2.19.2-py3-none-any.whl.metadata (2.5 kB)
2025-08-20T21:16:06.8587922Z #13 5.888 Collecting mdurl~=0.1 (from markdown-it-py>=2.2.0->rich>=13.7.1->rich-toolkit>=0.14.8->fastapi-cli>=0.0.2->fastapi==0.111.0->-r requirements.txt (line 3))
2025-08-20T21:16:06.8588754Z #13 5.892   Downloading mdurl-0.1.2-py3-none-any.whl.metadata (1.6 kB)
2025-08-20T21:16:06.9619146Z #13 5.907 Downloading uvicorn-0.29.0-py3-none-any.whl (60 kB)
2025-08-20T21:16:06.9619895Z #13 5.912 Downloading pydantic_settings-2.2.1-py3-none-any.whl (13 kB)
2025-08-20T21:16:06.9620594Z #13 5.917 Downloading fastapi-0.111.0-py3-none-any.whl (91 kB)
2025-08-20T21:16:06.9621450Z #13 5.925 Downloading SQLAlchemy-2.0.29-cp312-cp312-manylinux_2_17_x86_64.manylinux2014_x86_64.whl (3.2 MB)
2025-08-20T21:16:06.9623260Z #13 5.941    ━━━━━━━━━━━━━━━━━━━━━━━━━━━━━━━━━━━━━━━━ 3.2/3.2 MB 259.9 MB/s eta 0:00:00
2025-08-20T21:16:06.9623935Z #13 5.945 Downloading alembic-1.13.1-py3-none-any.whl (233 kB)
2025-08-20T21:16:06.9624799Z #13 5.951 Downloading psycopg-3.2.9-py3-none-any.whl (202 kB)
2025-08-20T21:16:06.9625413Z #13 5.962 Downloading httpx-0.27.2-py3-none-any.whl (76 kB)
2025-08-20T21:16:06.9625976Z #13 5.982 Downloading asyncpg-0.29.0-cp312-cp312-manylinux_2_17_x86_64.manylinux2014_x86_64.whl (3.3 MB)
2025-08-20T21:16:07.0704189Z #13 5.996    ━━━━━━━━━━━━━━━━━━━━━━━━━━━━━━━━━━━━━━━━ 3.3/3.3 MB 280.7 MB/s eta 0:00:00
2025-08-20T21:16:07.0706240Z #13 6.001 Downloading boto3-1.34.162-py3-none-any.whl (139 kB)
2025-08-20T21:16:07.0707245Z #13 6.016 Downloading jinja2-3.1.5-py3-none-any.whl (134 kB)
2025-08-20T21:16:07.0708074Z #13 6.023 Downloading celery-5.3.6-py3-none-any.whl (422 kB)
2025-08-20T21:16:07.0708796Z #13 6.027 Downloading structlog-24.1.0-py3-none-any.whl (65 kB)
2025-08-20T21:16:07.0709380Z #13 6.033 Downloading asgi_correlation_id-4.3.1-py3-none-any.whl (15 kB)
2025-08-20T21:16:07.0710021Z #13 6.036 Downloading fastapi_limiter-0.1.6-py3-none-any.whl (15 kB)
2025-08-20T21:16:07.0710567Z #13 6.045 Downloading redis-5.0.8-py3-none-any.whl (255 kB)
2025-08-20T21:16:07.0711094Z #13 6.052 Downloading sentry_sdk-2.9.0-py2.py3-none-any.whl (301 kB)
2025-08-20T21:16:07.0711624Z #13 6.060 Downloading httpcore-1.0.9-py3-none-any.whl (78 kB)
2025-08-20T21:16:07.0712350Z #13 6.064 Downloading psycopg_binary-3.2.9-cp312-cp312-manylinux_2_17_x86_64.manylinux2014_x86_64.whl (4.4 MB)
2025-08-20T21:16:07.1787885Z #13 6.104    ━━━━━━━━━━━━━━━━━━━━━━━━━━━━━━━━━━━━━━━━ 4.4/4.4 MB 113.5 MB/s eta 0:00:00
2025-08-20T21:16:07.1789034Z #13 6.108 Downloading billiard-4.2.1-py3-none-any.whl (86 kB)
2025-08-20T21:16:07.1790120Z #13 6.112 Downloading botocore-1.34.162-py3-none-any.whl (12.5 MB)
2025-08-20T21:16:07.1791023Z #13 6.159    ━━━━━━━━━━━━━━━━━━━━━━━━━━━━━━━━━━━━━━━━ 12.5/12.5 MB 281.9 MB/s eta 0:00:00
2025-08-20T21:16:07.1791523Z #13 6.166 Downloading click-8.2.1-py3-none-any.whl (102 kB)
2025-08-20T21:16:07.1792147Z #13 6.170 Downloading click_didyoumean-0.3.1-py3-none-any.whl (3.6 kB)
2025-08-20T21:16:07.1792744Z #13 6.173 Downloading click_plugins-1.1.1.2-py2.py3-none-any.whl (11 kB)
2025-08-20T21:16:07.1793236Z #13 6.177 Downloading click_repl-0.3.0-py3-none-any.whl (10 kB)
2025-08-20T21:16:07.1793803Z #13 6.182 Downloading email_validator-2.2.0-py3-none-any.whl (33 kB)
2025-08-20T21:16:07.1794512Z #13 6.188 Downloading fastapi_cli-0.0.8-py3-none-any.whl (10 kB)
2025-08-20T21:16:07.1795267Z #13 6.192 Downloading greenlet-3.2.4-cp312-cp312-manylinux_2_24_x86_64.manylinux_2_28_x86_64.whl (607 kB)
2025-08-20T21:16:07.1796058Z #13 6.195    ━━━━━━━━━━━━━━━━━━━━━━━━━━━━━━━━━━━━━━━ 607.6/607.6 kB 609.0 MB/s eta 0:00:00
2025-08-20T21:16:07.1796525Z #13 6.203 Downloading h11-0.16.0-py3-none-any.whl (37 kB)
2025-08-20T21:16:07.1797001Z #13 6.213 Downloading idna-3.10-py3-none-any.whl (70 kB)
2025-08-20T21:16:07.2799960Z #13 6.218 Downloading jmespath-1.0.1-py3-none-any.whl (20 kB)
2025-08-20T21:16:07.2800839Z #13 6.221 Downloading kombu-5.5.4-py3-none-any.whl (210 kB)
2025-08-20T21:16:07.2801539Z #13 6.225 Downloading vine-5.1.0-py3-none-any.whl (9.6 kB)
2025-08-20T21:16:07.2802527Z #13 6.229 Downloading MarkupSafe-3.0.2-cp312-cp312-manylinux_2_17_x86_64.manylinux2014_x86_64.whl (23 kB)
2025-08-20T21:16:07.2803740Z #13 6.232 Downloading orjson-3.11.2-cp312-cp312-manylinux_2_17_x86_64.manylinux2014_x86_64.whl (121 kB)
2025-08-20T21:16:07.2804825Z #13 6.237 Downloading pydantic-2.11.7-py3-none-any.whl (444 kB)
2025-08-20T21:16:07.2805912Z #13 6.241 Downloading pydantic_core-2.33.2-cp312-cp312-manylinux_2_17_x86_64.manylinux2014_x86_64.whl (2.0 MB)
2025-08-20T21:16:07.2807087Z #13 6.248    ━━━━━━━━━━━━━━━━━━━━━━━━━━━━━━━━━━━━━━━━ 2.0/2.0 MB 399.4 MB/s eta 0:00:00
2025-08-20T21:16:07.2807637Z #13 6.253 Downloading python_dateutil-2.9.0.post0-py2.py3-none-any.whl (229 kB)
2025-08-20T21:16:07.2808203Z #13 6.257 Downloading python_dotenv-1.1.1-py3-none-any.whl (20 kB)
2025-08-20T21:16:07.2808990Z #13 6.261 Downloading python_multipart-0.0.20-py3-none-any.whl (24 kB)
2025-08-20T21:16:07.2809566Z #13 6.264 Downloading s3transfer-0.10.4-py3-none-any.whl (83 kB)
2025-08-20T21:16:07.2810070Z #13 6.268 Downloading starlette-0.37.2-py3-none-any.whl (71 kB)
2025-08-20T21:16:07.2810532Z #13 6.271 Downloading anyio-4.10.0-py3-none-any.whl (107 kB)
2025-08-20T21:16:07.2810875Z #13 6.275 Downloading sniffio-1.3.1-py3-none-any.whl (10 kB)
2025-08-20T21:16:07.2811251Z #13 6.278 Downloading typing_extensions-4.14.1-py3-none-any.whl (43 kB)
2025-08-20T21:16:07.2811786Z #13 6.282 Downloading tzdata-2025.2-py2.py3-none-any.whl (347 kB)
2025-08-20T21:16:07.2812257Z #13 6.286 Downloading ujson-5.11.0-cp312-cp312-manylinux_2_24_x86_64.manylinux_2_28_x86_64.whl (57 kB)
2025-08-20T21:16:07.2812712Z #13 6.290 Downloading urllib3-2.5.0-py3-none-any.whl (129 kB)
2025-08-20T21:16:07.2813072Z #13 6.294 Downloading certifi-2025.8.3-py3-none-any.whl (161 kB)
2025-08-20T21:16:07.2813420Z #13 6.298 Downloading mako-1.3.10-py3-none-any.whl (78 kB)
2025-08-20T21:16:07.2813732Z #13 6.302 Downloading amqp-5.3.1-py3-none-any.whl (50 kB)
2025-08-20T21:16:07.2814083Z #13 6.305 Downloading annotated_types-0.7.0-py3-none-any.whl (13 kB)
2025-08-20T21:16:07.2814582Z #13 6.310 Downloading dnspython-2.7.0-py3-none-any.whl (313 kB)
2025-08-20T21:16:07.2815170Z #13 6.314 Downloading httptools-0.6.4-cp312-cp312-manylinux_2_5_x86_64.manylinux1_x86_64.manylinux_2_17_x86_64.manylinux2014_x86_64.whl (510 kB)
2025-08-20T21:16:07.5167122Z #13 6.319 Downloading prompt_toolkit-3.0.51-py3-none-any.whl (387 kB)
2025-08-20T21:16:07.5168147Z #13 6.323 Downloading PyYAML-6.0.2-cp312-cp312-manylinux_2_17_x86_64.manylinux2014_x86_64.whl (767 kB)
2025-08-20T21:16:07.5169399Z #13 6.327    ━━━━━━━━━━━━━━━━━━━━━━━━━━━━━━━━━━━━━━━ 767.5/767.5 kB 410.5 MB/s eta 0:00:00
2025-08-20T21:16:07.5170066Z #13 6.330 Downloading rich_toolkit-0.15.0-py3-none-any.whl (29 kB)
2025-08-20T21:16:07.5170702Z #13 6.334 Downloading six-1.17.0-py2.py3-none-any.whl (11 kB)
2025-08-20T21:16:07.5171330Z #13 6.337 Downloading typer-0.16.1-py3-none-any.whl (46 kB)
2025-08-20T21:16:07.5171986Z #13 6.340 Downloading typing_inspection-0.4.1-py3-none-any.whl (14 kB)
2025-08-20T21:16:07.5172860Z #13 6.344 Downloading uvloop-0.21.0-cp312-cp312-manylinux_2_17_x86_64.manylinux2014_x86_64.whl (4.7 MB)
2025-08-20T21:16:07.5173890Z #13 6.362    ━━━━━━━━━━━━━━━━━━━━━━━━━━━━━━━━━━━━━━━━ 4.7/4.7 MB 286.7 MB/s eta 0:00:00
2025-08-20T21:16:07.5175192Z #13 6.366 Downloading watchfiles-1.1.0-cp312-cp312-manylinux_2_17_x86_64.manylinux2014_x86_64.whl (452 kB)
2025-08-20T21:16:07.5176547Z #13 6.370 Downloading websockets-15.0.1-cp312-cp312-manylinux_2_5_x86_64.manylinux1_x86_64.manylinux_2_17_x86_64.manylinux2014_x86_64.whl (182 kB)
2025-08-20T21:16:07.5177636Z #13 6.374 Downloading packaging-25.0-py3-none-any.whl (66 kB)
2025-08-20T21:16:07.5178255Z #13 6.378 Downloading rich-14.1.0-py3-none-any.whl (243 kB)
2025-08-20T21:16:07.5178929Z #13 6.381 Downloading shellingham-1.5.4-py2.py3-none-any.whl (9.8 kB)
2025-08-20T21:16:07.5179642Z #13 6.385 Downloading wcwidth-0.2.13-py2.py3-none-any.whl (34 kB)
2025-08-20T21:16:07.5180332Z #13 6.388 Downloading markdown_it_py-4.0.0-py3-none-any.whl (87 kB)
2025-08-20T21:16:07.5180997Z #13 6.392 Downloading pygments-2.19.2-py3-none-any.whl (1.2 MB)
2025-08-20T21:16:07.5181856Z #13 6.396    ━━━━━━━━━━━━━━━━━━━━━━━━━━━━━━━━━━━━━━━━ 1.2/1.2 MB 461.5 MB/s eta 0:00:00
2025-08-20T21:16:07.5182478Z #13 6.400 Downloading mdurl-0.1.2-py3-none-any.whl (10.0 kB)
2025-08-20T21:16:07.5810893Z #13 6.615 Installing collected packages: wcwidth, websockets, vine, uvloop, urllib3, ujson, tzdata, typing-extensions, structlog, sniffio, six, shellingham, redis, pyyaml, python-multipart, python-dotenv, pygments, psycopg-binary, prompt-toolkit, packaging, orjson, mdurl, MarkupSafe, jmespath, idna, httptools, h11, greenlet, dnspython, click, certifi, billiard, asyncpg, annotated-types, uvicorn, typing-inspection, sqlalchemy, sentry-sdk, python-dateutil, pydantic-core, psycopg, markdown-it-py, Mako, Jinja2, httpcore, email_validator, click-repl, click-plugins, click-didyoumean, anyio, amqp, watchfiles, starlette, rich, pydantic, kombu, httpx, botocore, alembic, typer, s3transfer, rich-toolkit, pydantic-settings, celery, asgi-correlation-id, fastapi-cli, boto3, fastapi, fastapi-limiter
2025-08-20T21:16:13.6650794Z #13 12.70 Successfully installed Jinja2-3.1.5 Mako-1.3.10 MarkupSafe-3.0.2 alembic-1.13.1 amqp-5.3.1 annotated-types-0.7.0 anyio-4.10.0 asgi-correlation-id-4.3.1 asyncpg-0.29.0 billiard-4.2.1 boto3-1.34.162 botocore-1.34.162 celery-5.3.6 certifi-2025.8.3 click-8.2.1 click-didyoumean-0.3.1 click-plugins-1.1.1.2 click-repl-0.3.0 dnspython-2.7.0 email_validator-2.2.0 fastapi-0.111.0 fastapi-cli-0.0.8 fastapi-limiter-0.1.6 greenlet-3.2.4 h11-0.16.0 httpcore-1.0.9 httptools-0.6.4 httpx-0.27.2 idna-3.10 jmespath-1.0.1 kombu-5.5.4 markdown-it-py-4.0.0 mdurl-0.1.2 orjson-3.11.2 packaging-25.0 prompt-toolkit-3.0.51 psycopg-3.2.9 psycopg-binary-3.2.9 pydantic-2.11.7 pydantic-core-2.33.2 pydantic-settings-2.2.1 pygments-2.19.2 python-dateutil-2.9.0.post0 python-dotenv-1.1.1 python-multipart-0.0.20 pyyaml-6.0.2 redis-5.0.8 rich-14.1.0 rich-toolkit-0.15.0 s3transfer-0.10.4 sentry-sdk-2.9.0 shellingham-1.5.4 six-1.17.0 sniffio-1.3.1 sqlalchemy-2.0.29 starlette-0.37.2 structlog-24.1.0 typer-0.16.1 typing-extensions-4.14.1 typing-inspection-0.4.1 tzdata-2025.2 ujson-5.11.0 urllib3-2.5.0 uvicorn-0.29.0 uvloop-0.21.0 vine-5.1.0 watchfiles-1.1.0 wcwidth-0.2.13 websockets-15.0.1
2025-08-20T21:16:13.8767711Z #13 12.70 WARNING: Running pip as the 'root' user can result in broken permissions and conflicting behaviour with the system package manager, possibly rendering your system unusable. It is recommended to use a virtual environment instead: https://pip.pypa.io/warnings/venv. Use the --root-user-action option if you know what you are doing and want to suppress this warning.
2025-08-20T21:16:13.8769419Z #13 12.76 
2025-08-20T21:16:13.8769742Z #13 12.76 [notice] A new release of pip is available: 25.0.1 -> 25.2
2025-08-20T21:16:13.8770222Z #13 12.76 [notice] To update, run: pip install --upgrade pip
2025-08-20T21:16:14.0339439Z #13 DONE 13.1s
2025-08-20T21:16:14.1593695Z 
2025-08-20T21:16:14.1595087Z #14 [base  5/13] COPY services/api/ ./services/api
2025-08-20T21:16:14.1596020Z #14 DONE 0.1s
2025-08-20T21:16:14.1596247Z 
2025-08-20T21:16:14.1596628Z #15 [base  6/13] COPY services/common/ ./services/common
2025-08-20T21:16:14.1597198Z #15 DONE 0.0s
2025-08-20T21:16:14.3112307Z 
2025-08-20T21:16:14.3116054Z #16 [base  7/13] COPY services/ingest/ ./services/ingest
2025-08-20T21:16:14.3116615Z #16 DONE 0.0s
2025-08-20T21:16:14.3116777Z 
2025-08-20T21:16:14.3116965Z #17 [base  8/13] COPY services/etl/ ./services/etl
2025-08-20T21:16:14.3117421Z #17 DONE 0.0s
2025-08-20T21:16:14.3117588Z 
2025-08-20T21:16:14.3117736Z #18 [base  9/13] COPY api/ ./api
2025-08-20T21:16:14.3118105Z #18 DONE 0.0s
2025-08-20T21:16:14.3118272Z 
2025-08-20T21:16:14.3118486Z #19 [base 10/13] COPY services/api/alembic.ini ./alembic.ini
2025-08-20T21:16:14.3118969Z #19 DONE 0.0s
2025-08-20T21:16:14.3119141Z 
2025-08-20T21:16:14.3119286Z #20 [base 11/13] COPY alembic/ ./alembic/
2025-08-20T21:16:14.3119699Z #20 DONE 0.0s
2025-08-20T21:16:14.3119823Z 
2025-08-20T21:16:14.3119995Z #21 [base 12/13] COPY services/api/entrypoint.sh ./entrypoint.sh
2025-08-20T21:16:14.3120475Z #21 DONE 0.0s
2025-08-20T21:16:14.3120590Z 
2025-08-20T21:16:14.3120694Z #22 [base 13/13] RUN chmod +x ./entrypoint.sh
2025-08-20T21:16:14.3121017Z #22 DONE 0.1s
2025-08-20T21:16:15.0899871Z 
2025-08-20T21:16:15.0900477Z #23 [stage-1 4/6] COPY --from=base /usr/local /usr/local
2025-08-20T21:16:16.9693092Z #23 DONE 1.9s
2025-08-20T21:16:17.0777349Z 
2025-08-20T21:16:17.0777805Z #24 [stage-1 5/6] COPY --from=base /app /app
2025-08-20T21:16:17.0778278Z #24 DONE 0.1s
2025-08-20T21:16:17.2846393Z 
2025-08-20T21:16:17.2847163Z #25 [stage-1 6/6] RUN chmod +x /app/entrypoint.sh
2025-08-20T21:16:17.2847871Z #25 DONE 0.1s
2025-08-20T21:16:17.2848177Z 
2025-08-20T21:16:17.2848460Z #26 exporting to docker image format
2025-08-20T21:16:17.2849455Z #26 exporting layers
2025-08-20T21:16:22.6640021Z #26 exporting layers 5.5s done
2025-08-20T21:16:22.8208460Z #26 exporting manifest sha256:f41ae24245e4f9d531e1e47125cc9699ed8109b3aa9abf1948fb3b84bce39b8a done
2025-08-20T21:16:22.8209638Z #26 exporting config sha256:75e80df21ba8da93b5fe131fbae1088f089457277573dbb881c33ddc43a440aa done
2025-08-20T21:16:22.8210414Z #26 sending tarball
2025-08-20T21:16:23.2447759Z #26 ...
2025-08-20T21:16:23.2447990Z 
2025-08-20T21:16:23.2448267Z #27 importing to docker
2025-08-20T21:16:23.3955713Z #27 loading layer e6a3842ebc7f 327.68kB / 29.77MB
2025-08-20T21:16:24.1232664Z #27 loading layer 11a4ec4d004e 32.77kB / 1.29MB
2025-08-20T21:16:24.4560640Z #27 loading layer 07cd4433de32 131.07kB / 12.11MB
2025-08-20T21:16:25.0243810Z #27 loading layer e33228fe7708 251B / 251B
2025-08-20T21:16:25.2116078Z #27 loading layer 8f02cd71f77e 93B / 93B
2025-08-20T21:16:25.2116604Z #27 loading layer 2fbe81c3f85d 196.61kB / 19.48MB
2025-08-20T21:16:25.9877158Z #27 loading layer 8edf43e9ccd9 557.06kB / 56.29MB
2025-08-20T21:16:28.0734490Z #27 loading layer 8edf43e9ccd9 41.78MB / 56.29MB 2.1s
2025-08-20T21:16:28.9533120Z #27 loading layer 02283d42d134 32.77kB / 40.24kB
2025-08-20T21:16:29.0422521Z #27 loading layer e6a3842ebc7f 29.77MB / 29.77MB 5.8s done
2025-08-20T21:16:29.0423125Z #27 loading layer 11a4ec4d004e 1.29MB / 1.29MB 4.9s done
2025-08-20T21:16:29.0423651Z #27 loading layer 07cd4433de32 12.11MB / 12.11MB 4.6s done
2025-08-20T21:16:29.0424170Z #27 loading layer e33228fe7708 251B / 251B 4.0s done
2025-08-20T21:16:29.0425327Z #27 loading layer 8f02cd71f77e 93B / 93B 4.0s done
2025-08-20T21:16:29.0425890Z #27 loading layer 2fbe81c3f85d 19.48MB / 19.48MB 4.0s done
2025-08-20T21:16:29.0426474Z #27 loading layer 8edf43e9ccd9 56.29MB / 56.29MB 3.0s done
2025-08-20T21:16:29.0427049Z #27 loading layer 02283d42d134 40.24kB / 40.24kB 0.1s done
2025-08-20T21:16:29.0427544Z #27 loading layer 5f70bf18a086 32B / 32B 0.0s done
2025-08-20T21:16:29.0427988Z #27 DONE 5.8s
2025-08-20T21:16:29.0428195Z 
2025-08-20T21:16:29.0428344Z #26 exporting to docker image format
2025-08-20T21:16:29.0428761Z #26 sending tarball 6.4s done
2025-08-20T21:16:29.0429125Z #26 DONE 11.9s
2025-08-20T21:16:29.1746532Z Post job cleanup.
2025-08-20T21:16:29.3112957Z [warning]Path Validation Error: Path(s) specified in the action for caching do(es) not exist, hence no cache is being saved.
2025-08-20T21:16:29.3203117Z Post job cleanup.
2025-08-20T21:16:29.6166148Z ##[group]Removing builder
2025-08-20T21:16:29.7234841Z [command]/usr/bin/docker buildx rm builder-6662359f-5290-4313-94d9-5d4efd915022
2025-08-20T21:16:30.7721734Z builder-6662359f-5290-4313-94d9-5d4efd915022 removed
2025-08-20T21:16:30.7758420Z ##[endgroup]
2025-08-20T21:16:30.7760818Z ##[group]Cleaning up certificates
2025-08-20T21:16:30.7767903Z ##[endgroup]
2025-08-20T21:16:30.7768463Z ##[group]Post cache
2025-08-20T21:16:30.7770793Z State not set
2025-08-20T21:16:30.7771388Z ##[endgroup]
2025-08-20T21:16:30.7898088Z Post job cleanup.
2025-08-20T21:16:30.8864896Z [command]/usr/bin/git version
2025-08-20T21:16:30.8902313Z git version 2.51.0
2025-08-20T21:16:30.8949102Z Temporarily overriding HOME='/home/runner/work/_temp/98c820e5-7516-46eb-993e-f916e6ca1e74' before making global git config changes
2025-08-20T21:16:30.8950342Z Adding repository directory to the temporary git global config as a safe directory
2025-08-20T21:16:30.8964143Z [command]/usr/bin/git config --global --add safe.directory /home/runner/work/AWA-App/AWA-App
2025-08-20T21:16:30.9002266Z [command]/usr/bin/git config --local --name-only --get-regexp core\.sshCommand
2025-08-20T21:16:30.9036251Z [command]/usr/bin/git submodule foreach --recursive sh -c "git config --local --name-only --get-regexp 'core\.sshCommand' && git config --local --unset-all 'core.sshCommand' || :"
2025-08-20T21:16:30.9271217Z [command]/usr/bin/git config --local --name-only --get-regexp http\.https\:\/\/github\.com\/\.extraheader
2025-08-20T21:16:30.9294928Z http.https://github.com/.extraheader
2025-08-20T21:16:30.9308657Z [command]/usr/bin/git config --local --unset-all http.https://github.com/.extraheader
2025-08-20T21:16:30.9340306Z [command]/usr/bin/git submodule foreach --recursive sh -c "git config --local --name-only --get-regexp 'http\.https\:\/\/github\.com\/\.extraheader' && git config --local --unset-all 'http.https://github.com/.extraheader' || :"
2025-08-20T21:16:30.9684631Z Cleaning up orphan processes
