2025-08-19T15:55:04.5504481Z Current runner version: '2.327.1'
2025-08-19T15:55:04.5540095Z ##[group]Runner Image Provisioner
2025-08-19T15:55:04.5541274Z Hosted Compute Agent
2025-08-19T15:55:04.5542248Z Version: 20250818.377
2025-08-19T15:55:04.5543214Z Commit: 3c593e9f75fe0b87e893bca80d6e12ba089c61fc
2025-08-19T15:55:04.5544287Z Build Date: 2025-08-18T14:52:18Z
2025-08-19T15:55:04.5545395Z ##[endgroup]
2025-08-19T15:55:04.5546333Z ##[group]Operating System
2025-08-19T15:55:04.5547214Z Ubuntu
2025-08-19T15:55:04.5548081Z 24.04.2
2025-08-19T15:55:04.5548818Z LTS
2025-08-19T15:55:04.5549783Z ##[endgroup]
2025-08-19T15:55:04.5550672Z ##[group]Runner Image
2025-08-19T15:55:04.5551695Z Image: ubuntu-24.04
2025-08-19T15:55:04.5552482Z Version: 20250810.1.0
2025-08-19T15:55:04.5554289Z Included Software: https://github.com/actions/runner-images/blob/ubuntu24/20250810.1/images/ubuntu/Ubuntu2404-Readme.md
2025-08-19T15:55:04.5556840Z Image Release: https://github.com/actions/runner-images/releases/tag/ubuntu24%2F20250810.1
2025-08-19T15:55:04.5558591Z ##[endgroup]
2025-08-19T15:55:04.5562690Z ##[group]GITHUB_TOKEN Permissions
2025-08-19T15:55:04.5565906Z Actions: read
2025-08-19T15:55:04.5566674Z Attestations: read
2025-08-19T15:55:04.5567536Z Checks: read
2025-08-19T15:55:04.5568369Z Contents: read
2025-08-19T15:55:04.5569283Z Deployments: read
2025-08-19T15:55:04.5570429Z Discussions: read
2025-08-19T15:55:04.5571290Z Issues: read
2025-08-19T15:55:04.5572145Z Metadata: read
2025-08-19T15:55:04.5572907Z Models: read
2025-08-19T15:55:04.5573816Z Packages: read
2025-08-19T15:55:04.5574575Z Pages: read
2025-08-19T15:55:04.5575377Z PullRequests: read
2025-08-19T15:55:04.5576216Z RepositoryProjects: read
2025-08-19T15:55:04.5577266Z SecurityEvents: read
2025-08-19T15:55:04.5578257Z Statuses: read
2025-08-19T15:55:04.5579083Z ##[endgroup]
2025-08-19T15:55:04.5582208Z Secret source: Dependabot
2025-08-19T15:55:04.5583593Z Prepare workflow directory
2025-08-19T15:55:04.6041056Z Prepare all required actions
2025-08-19T15:55:04.6096033Z Getting action download info
2025-08-19T15:55:04.9485688Z Download action repository 'actions/checkout@v4' (SHA:08eba0b27e820071cde6df949e0beb9ba4906955)
2025-08-19T15:55:05.3556373Z Download action repository 'docker/setup-buildx-action@v3' (SHA:e468171a9de216ec08956ac3ada2f0791b6bd435)
2025-08-19T15:55:05.6874579Z Download action repository 'actions/cache@v4' (SHA:0400d5f644dc74513175e3cd8d07132dd4860809)
2025-08-19T15:55:06.1148168Z Complete job name: container-build
2025-08-19T15:55:06.1941952Z ##[group]Run actions/checkout@v4
2025-08-19T15:55:06.1943267Z with:
2025-08-19T15:55:06.1944057Z   repository: AlexBomber12/AWA-App
2025-08-19T15:55:06.1945364Z   token: ***
2025-08-19T15:55:06.1946124Z   ssh-strict: true
2025-08-19T15:55:06.1946906Z   ssh-user: git
2025-08-19T15:55:06.1947698Z   persist-credentials: true
2025-08-19T15:55:06.1948589Z   clean: true
2025-08-19T15:55:06.1949385Z   sparse-checkout-cone-mode: true
2025-08-19T15:55:06.1950518Z   fetch-depth: 1
2025-08-19T15:55:06.1951289Z   fetch-tags: false
2025-08-19T15:55:06.1952104Z   show-progress: true
2025-08-19T15:55:06.1952882Z   lfs: false
2025-08-19T15:55:06.1953596Z   submodules: false
2025-08-19T15:55:06.1954382Z   set-safe-directory: true
2025-08-19T15:55:06.1955484Z ##[endgroup]
2025-08-19T15:55:06.3113010Z Syncing repository: AlexBomber12/AWA-App
2025-08-19T15:55:06.3116372Z ##[group]Getting Git version info
2025-08-19T15:55:06.3117882Z Working directory is '/home/runner/work/AWA-App/AWA-App'
2025-08-19T15:55:06.3120553Z [command]/usr/bin/git version
2025-08-19T15:55:06.3134285Z git version 2.50.1
2025-08-19T15:55:06.3162269Z ##[endgroup]
2025-08-19T15:55:06.3179301Z Temporarily overriding HOME='/home/runner/work/_temp/a5fbdcb0-1b79-4f7d-88f2-08260f702a47' before making global git config changes
2025-08-19T15:55:06.3182525Z Adding repository directory to the temporary git global config as a safe directory
2025-08-19T15:55:06.3185398Z [command]/usr/bin/git config --global --add safe.directory /home/runner/work/AWA-App/AWA-App
2025-08-19T15:55:06.3221205Z Deleting the contents of '/home/runner/work/AWA-App/AWA-App'
2025-08-19T15:55:06.3225172Z ##[group]Initializing the repository
2025-08-19T15:55:06.3230287Z [command]/usr/bin/git init /home/runner/work/AWA-App/AWA-App
2025-08-19T15:55:06.3285858Z hint: Using 'master' as the name for the initial branch. This default branch name
2025-08-19T15:55:06.3289038Z hint: is subject to change. To configure the initial branch name to use in all
2025-08-19T15:55:06.3292317Z hint: of your new repositories, which will suppress this warning, call:
2025-08-19T15:55:06.3294644Z hint:
2025-08-19T15:55:06.3296157Z hint: 	git config --global init.defaultBranch <name>
2025-08-19T15:55:06.3297998Z hint:
2025-08-19T15:55:06.3299997Z hint: Names commonly chosen instead of 'master' are 'main', 'trunk' and
2025-08-19T15:55:06.3303123Z hint: 'development'. The just-created branch can be renamed via this command:
2025-08-19T15:55:06.3305451Z hint:
2025-08-19T15:55:06.3306601Z hint: 	git branch -m <name>
2025-08-19T15:55:06.3307959Z hint:
2025-08-19T15:55:06.3309360Z hint: Disable this message with "git config set advice.defaultBranchName false"
2025-08-19T15:55:06.3311503Z Initialized empty Git repository in /home/runner/work/AWA-App/AWA-App/.git/
2025-08-19T15:55:06.3315144Z [command]/usr/bin/git remote add origin https://github.com/AlexBomber12/AWA-App
2025-08-19T15:55:06.3336973Z ##[endgroup]
2025-08-19T15:55:06.3339292Z ##[group]Disabling automatic garbage collection
2025-08-19T15:55:06.3341635Z [command]/usr/bin/git config --local gc.auto 0
2025-08-19T15:55:06.3371813Z ##[endgroup]
2025-08-19T15:55:06.3373985Z ##[group]Setting up auth
2025-08-19T15:55:06.3379451Z [command]/usr/bin/git config --local --name-only --get-regexp core\.sshCommand
2025-08-19T15:55:06.3412669Z [command]/usr/bin/git submodule foreach --recursive sh -c "git config --local --name-only --get-regexp 'core\.sshCommand' && git config --local --unset-all 'core.sshCommand' || :"
2025-08-19T15:55:06.3679367Z [command]/usr/bin/git config --local --name-only --get-regexp http\.https\:\/\/github\.com\/\.extraheader
2025-08-19T15:55:06.3709774Z [command]/usr/bin/git submodule foreach --recursive sh -c "git config --local --name-only --get-regexp 'http\.https\:\/\/github\.com\/\.extraheader' && git config --local --unset-all 'http.https://github.com/.extraheader' || :"
2025-08-19T15:55:06.3930241Z [command]/usr/bin/git config --local http.https://github.com/.extraheader AUTHORIZATION: basic ***
2025-08-19T15:55:06.3966600Z ##[endgroup]
2025-08-19T15:55:06.3968015Z ##[group]Fetching the repository
2025-08-19T15:55:06.3976280Z [command]/usr/bin/git -c protocol.version=2 fetch --no-tags --prune --no-recurse-submodules --depth=1 origin +88fe64e24f9ef03344535f15b7db81bedf2782bb:refs/remotes/pull/282/merge
2025-08-19T15:55:06.6857715Z From https://github.com/AlexBomber12/AWA-App
2025-08-19T15:55:06.6860592Z  * [new ref]         88fe64e24f9ef03344535f15b7db81bedf2782bb -> pull/282/merge
2025-08-19T15:55:06.6885163Z ##[endgroup]
2025-08-19T15:55:06.6887161Z ##[group]Determining the checkout info
2025-08-19T15:55:06.6890527Z ##[endgroup]
2025-08-19T15:55:06.6893513Z [command]/usr/bin/git sparse-checkout disable
2025-08-19T15:55:06.6938542Z [command]/usr/bin/git config --local --unset-all extensions.worktreeConfig
2025-08-19T15:55:06.6968594Z ##[group]Checking out the ref
2025-08-19T15:55:06.6971796Z [command]/usr/bin/git checkout --progress --force refs/remotes/pull/282/merge
2025-08-19T15:55:06.7313174Z Note: switching to 'refs/remotes/pull/282/merge'.
2025-08-19T15:55:06.7314549Z 
2025-08-19T15:55:06.7315665Z You are in 'detached HEAD' state. You can look around, make experimental
2025-08-19T15:55:06.7318032Z changes and commit them, and you can discard any commits you make in this
2025-08-19T15:55:06.7319995Z state without impacting any branches by switching back to a branch.
2025-08-19T15:55:06.7321442Z 
2025-08-19T15:55:06.7322317Z If you want to create a new branch to retain commits you create, you may
2025-08-19T15:55:06.7323908Z do so (now or later) by using -c with the switch command. Example:
2025-08-19T15:55:06.7325228Z 
2025-08-19T15:55:06.7325647Z   git switch -c <new-branch-name>
2025-08-19T15:55:06.7326315Z 
2025-08-19T15:55:06.7326661Z Or undo this operation with:
2025-08-19T15:55:06.7327271Z 
2025-08-19T15:55:06.7327585Z   git switch -
2025-08-19T15:55:06.7328079Z 
2025-08-19T15:55:06.7328814Z Turn off this advice by setting config variable advice.detachedHead to false
2025-08-19T15:55:06.7330132Z 
2025-08-19T15:55:06.7331333Z HEAD is now at 88fe64e Merge f284555e8430dbbd17a600189f0693104b945672 into e963b126870c14b368d2ea9511b1fe59ed6049cd
2025-08-19T15:55:06.7335374Z ##[endgroup]
2025-08-19T15:55:06.7361730Z [command]/usr/bin/git log -1 --format=%H
2025-08-19T15:55:06.7384409Z 88fe64e24f9ef03344535f15b7db81bedf2782bb
2025-08-19T15:55:06.7652951Z ##[group]Run docker/setup-buildx-action@v3
2025-08-19T15:55:06.7654002Z with:
2025-08-19T15:55:06.7654663Z   driver: docker-container
2025-08-19T15:55:06.7655468Z   install: false
2025-08-19T15:55:06.7656148Z   use: true
2025-08-19T15:55:06.7656825Z   keep-state: false
2025-08-19T15:55:06.7657547Z   cache-binary: true
2025-08-19T15:55:06.7658271Z   cleanup: true
2025-08-19T15:55:06.7658947Z ##[endgroup]
2025-08-19T15:55:07.0678533Z ##[group]Docker info
2025-08-19T15:55:07.0704426Z [command]/usr/bin/docker version
2025-08-19T15:55:07.1116788Z Client: Docker Engine - Community
2025-08-19T15:55:07.1118969Z  Version:           28.0.4
2025-08-19T15:55:07.1120553Z  API version:       1.48
2025-08-19T15:55:07.1121888Z  Go version:        go1.23.7
2025-08-19T15:55:07.1123274Z  Git commit:        b8034c0
2025-08-19T15:55:07.1124651Z  Built:             Tue Mar 25 15:07:16 2025
2025-08-19T15:55:07.1126247Z  OS/Arch:           linux/amd64
2025-08-19T15:55:07.1127723Z  Context:           default
2025-08-19T15:55:07.1128564Z 
2025-08-19T15:55:07.1128934Z Server: Docker Engine - Community
2025-08-19T15:55:07.1130159Z  Engine:
2025-08-19T15:55:07.1130819Z   Version:          28.0.4
2025-08-19T15:55:07.1131708Z   API version:      1.48 (minimum version 1.24)
2025-08-19T15:55:07.1132747Z   Go version:       go1.23.7
2025-08-19T15:55:07.1133571Z   Git commit:       6430e49
2025-08-19T15:55:07.1134430Z   Built:            Tue Mar 25 15:07:16 2025
2025-08-19T15:55:07.1135379Z   OS/Arch:          linux/amd64
2025-08-19T15:55:07.1136224Z   Experimental:     false
2025-08-19T15:55:07.1137011Z  containerd:
2025-08-19T15:55:07.1137699Z   Version:          1.7.27
2025-08-19T15:55:07.1138711Z   GitCommit:        05044ec0a9a75232cad458027ca83437aae3f4da
2025-08-19T15:55:07.1140072Z  runc:
2025-08-19T15:55:07.1140741Z   Version:          1.2.5
2025-08-19T15:55:07.1141570Z   GitCommit:        v1.2.5-0-g59923ef
2025-08-19T15:55:07.1142459Z  docker-init:
2025-08-19T15:55:07.1143160Z   Version:          0.19.0
2025-08-19T15:55:07.1143983Z   GitCommit:        de40ad0
2025-08-19T15:55:07.1170538Z [command]/usr/bin/docker info
2025-08-19T15:55:08.9786467Z Client: Docker Engine - Community
2025-08-19T15:55:08.9786894Z  Version:    28.0.4
2025-08-19T15:55:08.9787157Z  Context:    default
2025-08-19T15:55:08.9787481Z  Debug Mode: false
2025-08-19T15:55:08.9787727Z  Plugins:
2025-08-19T15:55:08.9787976Z   buildx: Docker Buildx (Docker Inc.)
2025-08-19T15:55:08.9788292Z     Version:  v0.26.1
2025-08-19T15:55:08.9788616Z     Path:     /usr/libexec/docker/cli-plugins/docker-buildx
2025-08-19T15:55:08.9789006Z   compose: Docker Compose (Docker Inc.)
2025-08-19T15:55:08.9789326Z     Version:  v2.38.2
2025-08-19T15:55:08.9789977Z     Path:     /usr/libexec/docker/cli-plugins/docker-compose
2025-08-19T15:55:08.9790298Z 
2025-08-19T15:55:08.9790411Z Server:
2025-08-19T15:55:08.9790646Z  Containers: 0
2025-08-19T15:55:08.9790889Z   Running: 0
2025-08-19T15:55:08.9791177Z   Paused: 0
2025-08-19T15:55:08.9791404Z   Stopped: 0
2025-08-19T15:55:08.9791665Z  Images: 0
2025-08-19T15:55:08.9791899Z  Server Version: 28.0.4
2025-08-19T15:55:08.9792163Z  Storage Driver: overlay2
2025-08-19T15:55:08.9792437Z   Backing Filesystem: extfs
2025-08-19T15:55:08.9878109Z   Supports d_type: true
2025-08-19T15:55:08.9879366Z   Using metacopy: false
2025-08-19T15:55:08.9880115Z   Native Overlay Diff: false
2025-08-19T15:55:08.9880629Z   userxattr: false
2025-08-19T15:55:08.9881043Z  Logging Driver: json-file
2025-08-19T15:55:08.9881504Z  Cgroup Driver: systemd
2025-08-19T15:55:08.9881926Z  Cgroup Version: 2
2025-08-19T15:55:08.9882299Z  Plugins:
2025-08-19T15:55:08.9882728Z   Volume: local
2025-08-19T15:55:08.9883211Z   Network: bridge host ipvlan macvlan null overlay
2025-08-19T15:55:08.9883948Z   Log: awslogs fluentd gcplogs gelf journald json-file local splunk syslog
2025-08-19T15:55:08.9884353Z  Swarm: inactive
2025-08-19T15:55:08.9884638Z  Runtimes: io.containerd.runc.v2 runc
2025-08-19T15:55:08.9884935Z  Default Runtime: runc
2025-08-19T15:55:08.9885485Z  Init Binary: docker-init
2025-08-19T15:55:08.9885842Z  containerd version: 05044ec0a9a75232cad458027ca83437aae3f4da
2025-08-19T15:55:08.9886206Z  runc version: v1.2.5-0-g59923ef
2025-08-19T15:55:08.9886483Z  init version: de40ad0
2025-08-19T15:55:08.9886723Z  Security Options:
2025-08-19T15:55:08.9886948Z   apparmor
2025-08-19T15:55:08.9887155Z   seccomp
2025-08-19T15:55:08.9887361Z    Profile: builtin
2025-08-19T15:55:08.9887585Z   cgroupns
2025-08-19T15:55:08.9887798Z  Kernel Version: 6.11.0-1018-azure
2025-08-19T15:55:08.9888087Z  Operating System: Ubuntu 24.04.2 LTS
2025-08-19T15:55:08.9888357Z  OSType: linux
2025-08-19T15:55:08.9888578Z  Architecture: x86_64
2025-08-19T15:55:08.9888807Z  CPUs: 4
2025-08-19T15:55:08.9889010Z  Total Memory: 15.62GiB
2025-08-19T15:55:08.9889270Z  Name: pkrvmubgrv54qmi
2025-08-19T15:55:08.9890313Z  ID: 2166c256-3f30-4fc2-abf1-e8d653854173
2025-08-19T15:55:08.9890680Z  Docker Root Dir: /var/lib/docker
2025-08-19T15:55:08.9890958Z  Debug Mode: false
2025-08-19T15:55:08.9891214Z  Username: githubactions
2025-08-19T15:55:08.9891460Z  Experimental: false
2025-08-19T15:55:08.9891700Z  Insecure Registries:
2025-08-19T15:55:08.9896045Z   ::1/128
2025-08-19T15:55:08.9896480Z   127.0.0.0/8
2025-08-19T15:55:08.9896925Z  Live Restore Enabled: false
2025-08-19T15:55:08.9897307Z 
2025-08-19T15:55:08.9897975Z ##[endgroup]
2025-08-19T15:55:09.0448650Z ##[group]Buildx version
2025-08-19T15:55:09.0470413Z [command]/usr/bin/docker buildx version
2025-08-19T15:55:09.1027342Z github.com/docker/buildx v0.26.1 1a8287f22cf5a38339a4c1bf432b803c5f8b2aae
2025-08-19T15:55:09.1061458Z ##[endgroup]
2025-08-19T15:55:09.1212404Z ##[group]Inspecting default docker context
2025-08-19T15:55:09.1352734Z [
2025-08-19T15:55:09.1353241Z   {
2025-08-19T15:55:09.1353636Z     "Name": "default",
2025-08-19T15:55:09.1354110Z     "Metadata": {},
2025-08-19T15:55:09.1354528Z     "Endpoints": {
2025-08-19T15:55:09.1354938Z       "docker": {
2025-08-19T15:55:09.1355360Z         "Host": "unix:///var/run/docker.sock",
2025-08-19T15:55:09.1356019Z         "SkipTLSVerify": false
2025-08-19T15:55:09.1356526Z       }
2025-08-19T15:55:09.1356868Z     },
2025-08-19T15:55:09.1357246Z     "TLSMaterial": {},
2025-08-19T15:55:09.1357695Z     "Storage": {
2025-08-19T15:55:09.1358153Z       "MetadataPath": "<IN MEMORY>",
2025-08-19T15:55:09.1358785Z       "TLSPath": "<IN MEMORY>"
2025-08-19T15:55:09.1359265Z     }
2025-08-19T15:55:09.1359848Z   }
2025-08-19T15:55:09.1360230Z ]
2025-08-19T15:55:09.1361145Z ##[endgroup]
2025-08-19T15:55:09.1362010Z ##[group]Creating a new builder instance
2025-08-19T15:55:09.2645637Z [command]/usr/bin/docker buildx create --name builder-c145c164-070c-47de-8d33-a01a8efbc6ac --driver docker-container --buildkitd-flags --allow-insecure-entitlement security.insecure --allow-insecure-entitlement network.host --use
2025-08-19T15:55:09.3287290Z builder-c145c164-070c-47de-8d33-a01a8efbc6ac
2025-08-19T15:55:09.3323318Z ##[endgroup]
2025-08-19T15:55:09.3323720Z ##[group]Booting builder
2025-08-19T15:55:09.3366001Z [command]/usr/bin/docker buildx inspect --bootstrap --builder builder-c145c164-070c-47de-8d33-a01a8efbc6ac
2025-08-19T15:55:09.3936996Z #1 [internal] booting buildkit
2025-08-19T15:55:09.5444220Z #1 pulling image moby/buildkit:buildx-stable-1
2025-08-19T15:55:12.1958005Z #1 pulling image moby/buildkit:buildx-stable-1 2.8s done
2025-08-19T15:55:12.3468959Z #1 creating container buildx_buildkit_builder-c145c164-070c-47de-8d33-a01a8efbc6ac0
2025-08-19T15:55:12.4562585Z #1 creating container buildx_buildkit_builder-c145c164-070c-47de-8d33-a01a8efbc6ac0 0.3s done
2025-08-19T15:55:12.4583075Z #1 DONE 3.1s
2025-08-19T15:55:12.4892745Z Name:          builder-c145c164-070c-47de-8d33-a01a8efbc6ac
2025-08-19T15:55:12.4893630Z Driver:        docker-container
2025-08-19T15:55:12.4896156Z Last Activity: 2025-08-19 15:55:09 +0000 UTC
2025-08-19T15:55:12.4896469Z 
2025-08-19T15:55:12.4896571Z Nodes:
2025-08-19T15:55:12.4896964Z Name:                  builder-c145c164-070c-47de-8d33-a01a8efbc6ac0
2025-08-19T15:55:12.4897989Z Endpoint:              unix:///var/run/docker.sock
2025-08-19T15:55:12.4898485Z Status:                running
2025-08-19T15:55:12.4899295Z BuildKit daemon flags: --allow-insecure-entitlement security.insecure --allow-insecure-entitlement network.host
2025-08-19T15:55:12.4900422Z BuildKit version:      v0.23.2
2025-08-19T15:55:12.4900923Z Platforms:             linux/amd64, linux/amd64/v2, linux/amd64/v3, linux/386
2025-08-19T15:55:12.4901460Z Labels:
2025-08-19T15:55:12.4901869Z  org.mobyproject.buildkit.worker.executor:         oci
2025-08-19T15:55:12.4902549Z  org.mobyproject.buildkit.worker.hostname:         f0532f5d6784
2025-08-19T15:55:12.4903269Z  org.mobyproject.buildkit.worker.network:          host
2025-08-19T15:55:12.4903951Z  org.mobyproject.buildkit.worker.oci.process-mode: sandbox
2025-08-19T15:55:12.4904674Z  org.mobyproject.buildkit.worker.selinux.enabled:  false
2025-08-19T15:55:12.4905373Z  org.mobyproject.buildkit.worker.snapshotter:      overlayfs
2025-08-19T15:55:12.4905949Z GC Policy rule#0:
2025-08-19T15:55:12.4906274Z  All:            false
2025-08-19T15:55:12.4906834Z  Filters:        type==source.local,type==exec.cachemount,type==source.git.checkout
2025-08-19T15:55:12.4907470Z  Keep Duration:  48h0m0s
2025-08-19T15:55:12.4907855Z  Max Used Space: 488.3MiB
2025-08-19T15:55:12.4908222Z GC Policy rule#1:
2025-08-19T15:55:12.4908522Z  All:            false
2025-08-19T15:55:12.4908871Z  Keep Duration:  1440h0m0s
2025-08-19T15:55:12.4909227Z  Reserved Space: 7.451GiB
2025-08-19T15:55:12.4909792Z  Max Used Space: 54.02GiB
2025-08-19T15:55:12.4910139Z  Min Free Space: 13.97GiB
2025-08-19T15:55:12.4910492Z GC Policy rule#2:
2025-08-19T15:55:12.4910814Z  All:            false
2025-08-19T15:55:12.4911170Z  Reserved Space: 7.451GiB
2025-08-19T15:55:12.4911515Z  Max Used Space: 54.02GiB
2025-08-19T15:55:12.4911874Z  Min Free Space: 13.97GiB
2025-08-19T15:55:12.4912221Z GC Policy rule#3:
2025-08-19T15:55:12.4912544Z  All:            true
2025-08-19T15:55:12.4912877Z  Reserved Space: 7.451GiB
2025-08-19T15:55:12.4913253Z  Max Used Space: 54.02GiB
2025-08-19T15:55:12.4913605Z  Min Free Space: 13.97GiB
2025-08-19T15:55:12.4952105Z ##[endgroup]
2025-08-19T15:55:12.5811792Z ##[group]Inspect builder
2025-08-19T15:55:12.5813155Z {
2025-08-19T15:55:12.5813503Z   "nodes": [
2025-08-19T15:55:12.5815531Z     {
2025-08-19T15:55:12.5816458Z       "name": "builder-c145c164-070c-47de-8d33-a01a8efbc6ac0",
2025-08-19T15:55:12.5817505Z       "endpoint": "unix:///var/run/docker.sock",
2025-08-19T15:55:12.5818649Z       "status": "running",
2025-08-19T15:55:12.5819169Z       "buildkitd-flags": "--allow-insecure-entitlement security.insecure --allow-insecure-entitlement network.host",
2025-08-19T15:55:12.5820066Z       "buildkit": "v0.23.2",
2025-08-19T15:55:12.5820392Z       "platforms": "linux/amd64,linux/amd64/v2,linux/amd64/v3,linux/386",
2025-08-19T15:55:12.5820710Z       "features": {
2025-08-19T15:55:12.5821004Z         "Automatically load images to the Docker Engine image store": true,
2025-08-19T15:55:12.5821550Z         "Cache export": true,
2025-08-19T15:55:12.5821783Z         "Direct push": true,
2025-08-19T15:55:12.5821995Z         "Docker exporter": true,
2025-08-19T15:55:12.5822234Z         "Multi-platform build": true,
2025-08-19T15:55:12.5822479Z         "OCI exporter": true
2025-08-19T15:55:12.5823033Z       },
2025-08-19T15:55:12.5823194Z       "labels": {
2025-08-19T15:55:12.5823434Z         "org.mobyproject.buildkit.worker.executor": "oci",
2025-08-19T15:55:12.5823804Z         "org.mobyproject.buildkit.worker.hostname": "f0532f5d6784",
2025-08-19T15:55:12.5824163Z         "org.mobyproject.buildkit.worker.network": "host",
2025-08-19T15:55:12.5824544Z         "org.mobyproject.buildkit.worker.oci.process-mode": "sandbox",
2025-08-19T15:55:12.5824947Z         "org.mobyproject.buildkit.worker.selinux.enabled": "false",
2025-08-19T15:55:12.5825341Z         "org.mobyproject.buildkit.worker.snapshotter": "overlayfs"
2025-08-19T15:55:12.5825649Z       },
2025-08-19T15:55:12.5825811Z       "gcPolicy": [
2025-08-19T15:55:12.5826135Z         {
2025-08-19T15:55:12.5826295Z           "all": false,
2025-08-19T15:55:12.5826485Z           "filter": [
2025-08-19T15:55:12.5826679Z             "type==source.local",
2025-08-19T15:55:12.5826917Z             "type==exec.cachemount",
2025-08-19T15:55:12.5827162Z             "type==source.git.checkout"
2025-08-19T15:55:12.5827392Z           ],
2025-08-19T15:55:12.5827565Z           "keepDuration": "48h0m0s",
2025-08-19T15:55:12.5827792Z           "maxUsedSpace": "488.3MiB"
2025-08-19T15:55:12.5827996Z         },
2025-08-19T15:55:12.5828150Z         {
2025-08-19T15:55:12.5828312Z           "all": false,
2025-08-19T15:55:12.5828505Z           "keepDuration": "1440h0m0s",
2025-08-19T15:55:12.5828744Z           "reservedSpace": "7.451GiB",
2025-08-19T15:55:12.5828973Z           "maxUsedSpace": "54.02GiB",
2025-08-19T15:55:12.5829200Z           "minFreeSpace": "13.97GiB"
2025-08-19T15:55:12.5829400Z         },
2025-08-19T15:55:12.5830273Z         {
2025-08-19T15:55:12.5830498Z           "all": false,
2025-08-19T15:55:12.5830719Z           "reservedSpace": "7.451GiB",
2025-08-19T15:55:12.5830965Z           "maxUsedSpace": "54.02GiB",
2025-08-19T15:55:12.5831201Z           "minFreeSpace": "13.97GiB"
2025-08-19T15:55:12.5831417Z         },
2025-08-19T15:55:12.5831582Z         {
2025-08-19T15:55:12.5831743Z           "all": true,
2025-08-19T15:55:12.5831940Z           "reservedSpace": "7.451GiB",
2025-08-19T15:55:12.5832178Z           "maxUsedSpace": "54.02GiB",
2025-08-19T15:55:12.5832405Z           "minFreeSpace": "13.97GiB"
2025-08-19T15:55:12.5832625Z         }
2025-08-19T15:55:12.5832775Z       ]
2025-08-19T15:55:12.5832932Z     }
2025-08-19T15:55:12.5833077Z   ],
2025-08-19T15:55:12.5833301Z   "name": "builder-c145c164-070c-47de-8d33-a01a8efbc6ac",
2025-08-19T15:55:12.5833594Z   "driver": "docker-container",
2025-08-19T15:55:12.5833838Z   "lastActivity": "2025-08-19T15:55:09.000Z"
2025-08-19T15:55:12.5834079Z }
2025-08-19T15:55:12.5834476Z ##[endgroup]
2025-08-19T15:55:12.5834814Z ##[group]BuildKit version
2025-08-19T15:55:12.5835120Z builder-c145c164-070c-47de-8d33-a01a8efbc6ac0: v0.23.2
2025-08-19T15:55:12.5835629Z ##[endgroup]
2025-08-19T15:55:12.7318922Z ##[group]Run actions/cache@v4
2025-08-19T15:55:12.7319185Z with:
2025-08-19T15:55:12.7319366Z   path: ~/.cache/pip
2025-08-19T15:55:12.7320136Z   key: Linux-pip-10024abe30b550897eda928ed7c2f89d124370452c6467084b5086e7b22d07d9
2025-08-19T15:55:12.7320538Z   enableCrossOsArchive: false
2025-08-19T15:55:12.7320772Z   fail-on-cache-miss: false
2025-08-19T15:55:12.7320982Z   lookup-only: false
2025-08-19T15:55:12.7321173Z   save-always: false
2025-08-19T15:55:12.7321362Z ##[endgroup]
2025-08-19T15:55:12.9623036Z Cache not found for input keys: Linux-pip-10024abe30b550897eda928ed7c2f89d124370452c6467084b5086e7b22d07d9
2025-08-19T15:55:12.9715362Z ##[group]Run docker buildx build \
2025-08-19T15:55:12.9715723Z [36;1mdocker buildx build \[0m
2025-08-19T15:55:12.9716155Z [36;1m  --tag ghcr.io/alexbomber12/awa-app/api:88fe64e24f9ef03344535f15b7db81bedf2782bb \[0m
2025-08-19T15:55:12.9716684Z [36;1m  --build-arg TZ_CACHE_BUST=88fe64e24f9ef03344535f15b7db81bedf2782bb \[0m
2025-08-19T15:55:12.9717044Z [36;1m  --file services/api/Dockerfile \[0m
2025-08-19T15:55:12.9717319Z [36;1m  --load .[0m
2025-08-19T15:55:12.9789486Z shell: /usr/bin/bash -e {0}
2025-08-19T15:55:12.9790078Z ##[endgroup]
2025-08-19T15:55:13.2862310Z #0 building with "builder-c145c164-070c-47de-8d33-a01a8efbc6ac" instance using docker-container driver
2025-08-19T15:55:13.2862884Z 
2025-08-19T15:55:13.2863035Z #1 [internal] load build definition from Dockerfile
2025-08-19T15:55:13.2863380Z #1 transferring dockerfile: 1.48kB done
2025-08-19T15:55:13.2863659Z #1 DONE 0.0s
2025-08-19T15:55:13.2863775Z 
2025-08-19T15:55:13.2864072Z #2 [auth] docker/dockerfile:pull token for registry-1.docker.io
2025-08-19T15:55:13.2864437Z #2 DONE 0.0s
2025-08-19T15:55:13.2864558Z 
2025-08-19T15:55:13.2864820Z #3 resolve image config for docker-image://docker.io/docker/dockerfile:1.6
2025-08-19T15:55:13.4600443Z #3 DONE 0.4s
2025-08-19T15:55:13.6211691Z 
2025-08-19T15:55:13.6212563Z #4 docker-image://docker.io/docker/dockerfile:1.6@sha256:ac85f380a63b13dfcefa89046420e1781752bab202122f8f50032edf31be0021
2025-08-19T15:55:13.6213758Z #4 resolve docker.io/docker/dockerfile:1.6@sha256:ac85f380a63b13dfcefa89046420e1781752bab202122f8f50032edf31be0021 done
2025-08-19T15:55:13.6224512Z #4 sha256:9d9c93f4b00be908ab694a4df732570bced3b8a96b7515d70ff93402179ad232 11.80MB / 11.80MB 0.1s done
2025-08-19T15:55:13.7691631Z #4 extracting sha256:9d9c93f4b00be908ab694a4df732570bced3b8a96b7515d70ff93402179ad232 0.1s done
2025-08-19T15:55:13.7692721Z #4 DONE 0.3s
2025-08-19T15:55:13.7692847Z 
2025-08-19T15:55:13.7693123Z #5 [internal] load metadata for docker.io/library/python:3.12-slim
2025-08-19T15:55:13.9295679Z #5 ...
2025-08-19T15:55:13.9295909Z 
2025-08-19T15:55:13.9296204Z #6 [auth] library/python:pull token for registry-1.docker.io
2025-08-19T15:55:13.9296758Z #6 DONE 0.0s
2025-08-19T15:55:14.0155824Z 
2025-08-19T15:55:14.0157878Z #5 [internal] load metadata for docker.io/library/python:3.12-slim
2025-08-19T15:55:14.0158497Z #5 DONE 0.2s
2025-08-19T15:55:14.1426177Z 
2025-08-19T15:55:14.1428050Z #7 [internal] load .dockerignore
2025-08-19T15:55:14.1428728Z #7 transferring context: 265B done
2025-08-19T15:55:14.1429224Z #7 DONE 0.0s
2025-08-19T15:55:14.1429415Z 
2025-08-19T15:55:14.1429737Z #8 [internal] load build context
2025-08-19T15:55:14.1430231Z #8 transferring context: 148.29kB 0.0s done
2025-08-19T15:55:14.1430691Z #8 DONE 0.0s
2025-08-19T15:55:14.1430841Z 
2025-08-19T15:55:14.1431358Z #9 [base  1/13] FROM docker.io/library/python:3.12-slim@sha256:d67a7b66b989ad6b6d6b10d428dcc5e0bfc3e5f88906e67d490c4d3daac57047
2025-08-19T15:55:14.1432539Z #9 resolve docker.io/library/python:3.12-slim@sha256:d67a7b66b989ad6b6d6b10d428dcc5e0bfc3e5f88906e67d490c4d3daac57047 done
2025-08-19T15:55:14.1433614Z #9 sha256:d76206d463c08ba2a3f7bbab2de2a933ad73f33ab4ab813eafe50c9dff9edc12 251B / 251B 0.0s done
2025-08-19T15:55:14.2437600Z #9 sha256:5d587318e932a89b94608393c99dd30ee5092a6991c1656f717bd4f4e13d60df 1.29MB / 1.29MB 0.1s done
2025-08-19T15:55:14.3557710Z #9 sha256:e5c05dcf47fbdb2f18dc242ad1b7f48fbd3813c0027ffcfb8e81e4aa7e0965f4 12.11MB / 12.11MB 0.2s done
2025-08-19T15:55:14.3560250Z #9 sha256:396b1da7636e2dcd10565cb4f2f952cbb4a8a38b58d3b86a2cacb172fb70117c 2.10MB / 29.77MB 0.2s
2025-08-19T15:55:14.5586135Z #9 sha256:396b1da7636e2dcd10565cb4f2f952cbb4a8a38b58d3b86a2cacb172fb70117c 11.53MB / 29.77MB 0.5s
2025-08-19T15:55:14.7079053Z #9 sha256:396b1da7636e2dcd10565cb4f2f952cbb4a8a38b58d3b86a2cacb172fb70117c 15.73MB / 29.77MB 0.6s
2025-08-19T15:55:14.8586858Z #9 sha256:396b1da7636e2dcd10565cb4f2f952cbb4a8a38b58d3b86a2cacb172fb70117c 23.07MB / 29.77MB 0.8s
2025-08-19T15:55:15.0082408Z #9 sha256:396b1da7636e2dcd10565cb4f2f952cbb4a8a38b58d3b86a2cacb172fb70117c 25.17MB / 29.77MB 0.9s
2025-08-19T15:55:15.2488526Z #9 sha256:396b1da7636e2dcd10565cb4f2f952cbb4a8a38b58d3b86a2cacb172fb70117c 29.77MB / 29.77MB 1.0s done
2025-08-19T15:55:15.2489662Z #9 extracting sha256:396b1da7636e2dcd10565cb4f2f952cbb4a8a38b58d3b86a2cacb172fb70117c
2025-08-19T15:55:15.7373962Z #9 extracting sha256:396b1da7636e2dcd10565cb4f2f952cbb4a8a38b58d3b86a2cacb172fb70117c 0.6s done
2025-08-19T15:55:15.7374868Z #9 DONE 1.7s
2025-08-19T15:55:15.9618794Z 
2025-08-19T15:55:15.9620151Z #9 [base  1/13] FROM docker.io/library/python:3.12-slim@sha256:d67a7b66b989ad6b6d6b10d428dcc5e0bfc3e5f88906e67d490c4d3daac57047
2025-08-19T15:55:15.9620971Z #9 extracting sha256:5d587318e932a89b94608393c99dd30ee5092a6991c1656f717bd4f4e13d60df 0.1s done
2025-08-19T15:55:15.9621996Z #9 extracting sha256:e5c05dcf47fbdb2f18dc242ad1b7f48fbd3813c0027ffcfb8e81e4aa7e0965f4
2025-08-19T15:55:16.1669137Z #9 extracting sha256:e5c05dcf47fbdb2f18dc242ad1b7f48fbd3813c0027ffcfb8e81e4aa7e0965f4 0.4s done
2025-08-19T15:55:16.1670282Z #9 DONE 2.1s
2025-08-19T15:55:16.2670689Z 
2025-08-19T15:55:16.2671574Z #9 [base  1/13] FROM docker.io/library/python:3.12-slim@sha256:d67a7b66b989ad6b6d6b10d428dcc5e0bfc3e5f88906e67d490c4d3daac57047
2025-08-19T15:55:16.2672872Z #9 extracting sha256:d76206d463c08ba2a3f7bbab2de2a933ad73f33ab4ab813eafe50c9dff9edc12 done
2025-08-19T15:55:16.2673631Z #9 DONE 2.1s
2025-08-19T15:55:16.2673811Z 
2025-08-19T15:55:16.2673951Z #10 [base  2/13] WORKDIR /app
2025-08-19T15:55:16.2674357Z #10 DONE 0.1s
2025-08-19T15:55:16.2674532Z 
2025-08-19T15:55:16.2674831Z #11 [base  3/13] COPY services/api/requirements.txt ./requirements.txt
2025-08-19T15:55:16.2675391Z #11 DONE 0.0s
2025-08-19T15:55:16.2675566Z 
2025-08-19T15:55:16.2675857Z #12 [base  4/13] RUN pip install --no-cache-dir -r requirements.txt
2025-08-19T15:55:17.7792334Z #12 1.453 Collecting uvicorn==0.29.0 (from -r requirements.txt (line 1))
2025-08-19T15:55:17.7794737Z #12 1.487   Downloading uvicorn-0.29.0-py3-none-any.whl.metadata (6.3 kB)
2025-08-19T15:55:17.7795671Z #12 1.512 Collecting pydantic-settings==2.2.1 (from -r requirements.txt (line 2))
2025-08-19T15:55:17.9872081Z #12 1.519   Downloading pydantic_settings-2.2.1-py3-none-any.whl.metadata (3.1 kB)
2025-08-19T15:55:17.9873046Z #12 1.561 Collecting fastapi==0.111.0 (from -r requirements.txt (line 3))
2025-08-19T15:55:17.9873848Z #12 1.569   Downloading fastapi-0.111.0-py3-none-any.whl.metadata (25 kB)
2025-08-19T15:55:18.0707182Z #12 1.804 Collecting sqlalchemy==2.0.29 (from -r requirements.txt (line 4))
2025-08-19T15:55:18.1715892Z #12 1.813   Downloading SQLAlchemy-2.0.29-cp312-cp312-manylinux_2_17_x86_64.manylinux2014_x86_64.whl.metadata (9.6 kB)
2025-08-19T15:55:18.1717079Z #12 1.842 Collecting alembic==1.13.1 (from -r requirements.txt (line 5))
2025-08-19T15:55:18.1721018Z #12 1.849   Downloading alembic-1.13.1-py3-none-any.whl.metadata (7.4 kB)
2025-08-19T15:55:18.1722011Z #12 1.866 Collecting psycopg==3.2.9 (from psycopg[binary]==3.2.9->-r requirements.txt (line 6))
2025-08-19T15:55:18.1722924Z #12 1.873   Downloading psycopg-3.2.9-py3-none-any.whl.metadata (4.5 kB)
2025-08-19T15:55:18.1723698Z #12 1.897 Collecting httpx==0.27.2 (from -r requirements.txt (line 7))
2025-08-19T15:55:18.1724453Z #12 1.904   Downloading httpx-0.27.2-py3-none-any.whl.metadata (7.1 kB)
2025-08-19T15:55:18.3159310Z #12 1.942 Collecting asyncpg==0.29.0 (from -r requirements.txt (line 8))
2025-08-19T15:55:18.3160387Z #12 1.950   Downloading asyncpg-0.29.0-cp312-cp312-manylinux_2_17_x86_64.manylinux2014_x86_64.whl.metadata (4.4 kB)
2025-08-19T15:55:18.5863300Z #12 2.200 Collecting boto3==1.34.162 (from -r requirements.txt (line 9))
2025-08-19T15:55:18.5864138Z #12 2.208   Downloading boto3-1.34.162-py3-none-any.whl.metadata (6.6 kB)
2025-08-19T15:55:18.5864992Z #12 2.226 Collecting Jinja2==3.1.5 (from -r requirements.txt (line 10))
2025-08-19T15:55:18.5865704Z #12 2.234   Downloading jinja2-3.1.5-py3-none-any.whl.metadata (2.6 kB)
2025-08-19T15:55:18.5866744Z #12 2.276 Collecting celery==5.3.* (from -r requirements.txt (line 11))
2025-08-19T15:55:18.5867213Z #12 2.285   Downloading celery-5.3.6-py3-none-any.whl.metadata (21 kB)
2025-08-19T15:55:18.5867660Z #12 2.319 Collecting structlog==24.1.0 (from -r requirements.txt (line 12))
2025-08-19T15:55:18.6906219Z #12 2.327   Downloading structlog-24.1.0-py3-none-any.whl.metadata (6.9 kB)
2025-08-19T15:55:18.6907189Z #12 2.343 Collecting asgi-correlation-id==4.3.1 (from -r requirements.txt (line 13))
2025-08-19T15:55:18.6908118Z #12 2.352   Downloading asgi_correlation_id-4.3.1-py3-none-any.whl.metadata (28 kB)
2025-08-19T15:55:18.6909352Z #12 2.366 Collecting fastapi-limiter==0.1.6 (from -r requirements.txt (line 14))
2025-08-19T15:55:18.6910487Z #12 2.374   Downloading fastapi_limiter-0.1.6-py3-none-any.whl.metadata (5.3 kB)
2025-08-19T15:55:18.6911837Z #12 2.400 Collecting redis==5.0.8 (from -r requirements.txt (line 15))
2025-08-19T15:55:18.6912607Z #12 2.407   Downloading redis-5.0.8-py3-none-any.whl.metadata (9.2 kB)
2025-08-19T15:55:18.8131194Z #12 2.457 Collecting sentry-sdk==2.9.0 (from sentry-sdk[celery,fastapi,sqlalchemy]==2.9.0->-r requirements.txt (line 16))
2025-08-19T15:55:18.8132341Z #12 2.466   Downloading sentry_sdk-2.9.0-py2.py3-none-any.whl.metadata (14 kB)
2025-08-19T15:55:18.8133167Z #12 2.546 Collecting click>=7.0 (from uvicorn==0.29.0->-r requirements.txt (line 1))
2025-08-19T15:55:18.9314093Z #12 2.553   Downloading click-8.2.1-py3-none-any.whl.metadata (2.5 kB)
2025-08-19T15:55:18.9314980Z #12 2.565 Collecting h11>=0.8 (from uvicorn==0.29.0->-r requirements.txt (line 1))
2025-08-19T15:55:18.9315814Z #12 2.572   Downloading h11-0.16.0-py3-none-any.whl.metadata (8.3 kB)
2025-08-19T15:55:18.9316692Z #12 2.664 Collecting pydantic>=2.3.0 (from pydantic-settings==2.2.1->-r requirements.txt (line 2))
2025-08-19T15:55:19.0530041Z #12 2.672   Downloading pydantic-2.11.7-py3-none-any.whl.metadata (67 kB)
2025-08-19T15:55:19.0532179Z #12 2.692 Collecting python-dotenv>=0.21.0 (from pydantic-settings==2.2.1->-r requirements.txt (line 2))
2025-08-19T15:55:19.0534216Z #12 2.700   Downloading python_dotenv-1.1.1-py3-none-any.whl.metadata (24 kB)
2025-08-19T15:55:19.0535074Z #12 2.729 Collecting starlette<0.38.0,>=0.37.2 (from fastapi==0.111.0->-r requirements.txt (line 3))
2025-08-19T15:55:19.0535924Z #12 2.737   Downloading starlette-0.37.2-py3-none-any.whl.metadata (5.9 kB)
2025-08-19T15:55:19.0536730Z #12 2.786 Collecting typing-extensions>=4.8.0 (from fastapi==0.111.0->-r requirements.txt (line 3))
2025-08-19T15:55:19.1544706Z #12 2.793   Downloading typing_extensions-4.14.1-py3-none-any.whl.metadata (3.0 kB)
2025-08-19T15:55:19.1545717Z #12 2.804 Collecting fastapi-cli>=0.0.2 (from fastapi==0.111.0->-r requirements.txt (line 3))
2025-08-19T15:55:19.1546545Z #12 2.812   Downloading fastapi_cli-0.0.8-py3-none-any.whl.metadata (6.3 kB)
2025-08-19T15:55:19.1547395Z #12 2.832 Collecting python-multipart>=0.0.7 (from fastapi==0.111.0->-r requirements.txt (line 3))
2025-08-19T15:55:19.1548317Z #12 2.839   Downloading python_multipart-0.0.20-py3-none-any.whl.metadata (1.8 kB)
2025-08-19T15:55:19.1549320Z #12 2.887 Collecting ujson!=4.0.2,!=4.1.0,!=4.2.0,!=4.3.0,!=5.0.0,!=5.1.0,>=4.0.1 (from fastapi==0.111.0->-r requirements.txt (line 3))
2025-08-19T15:55:19.3127412Z #12 2.895   Downloading ujson-5.10.0-cp312-cp312-manylinux_2_17_x86_64.manylinux2014_x86_64.whl.metadata (9.3 kB)
2025-08-19T15:55:19.3472757Z #12 3.080 Collecting orjson>=3.2.1 (from fastapi==0.111.0->-r requirements.txt (line 3))
2025-08-19T15:55:19.4858563Z #12 3.088   Downloading orjson-3.11.2-cp312-cp312-manylinux_2_17_x86_64.manylinux2014_x86_64.whl.metadata (1.2 kB)
2025-08-19T15:55:19.4860043Z #12 3.102 Collecting email_validator>=2.0.0 (from fastapi==0.111.0->-r requirements.txt (line 3))
2025-08-19T15:55:19.4860966Z #12 3.110   Downloading email_validator-2.2.0-py3-none-any.whl.metadata (25 kB)
2025-08-19T15:55:19.4861842Z #12 3.218 Collecting greenlet!=0.4.17 (from sqlalchemy==2.0.29->-r requirements.txt (line 4))
2025-08-19T15:55:19.5901453Z #12 3.226   Downloading greenlet-3.2.4-cp312-cp312-manylinux_2_24_x86_64.manylinux_2_28_x86_64.whl.metadata (4.1 kB)
2025-08-19T15:55:19.5902590Z #12 3.257 Collecting Mako (from alembic==1.13.1->-r requirements.txt (line 5))
2025-08-19T15:55:19.5903391Z #12 3.265   Downloading mako-1.3.10-py3-none-any.whl.metadata (2.9 kB)
2025-08-19T15:55:19.5904175Z #12 3.290 Collecting anyio (from httpx==0.27.2->-r requirements.txt (line 7))
2025-08-19T15:55:19.5904988Z #12 3.297   Downloading anyio-4.10.0-py3-none-any.whl.metadata (4.0 kB)
2025-08-19T15:55:19.5907108Z #12 3.315 Collecting certifi (from httpx==0.27.2->-r requirements.txt (line 7))
2025-08-19T15:55:19.5907972Z #12 3.323   Downloading certifi-2025.8.3-py3-none-any.whl.metadata (2.4 kB)
2025-08-19T15:55:19.8101566Z #12 3.342 Collecting httpcore==1.* (from httpx==0.27.2->-r requirements.txt (line 7))
2025-08-19T15:55:19.8103607Z #12 3.350   Downloading httpcore-1.0.9-py3-none-any.whl.metadata (21 kB)
2025-08-19T15:55:19.8104399Z #12 3.365 Collecting idna (from httpx==0.27.2->-r requirements.txt (line 7))
2025-08-19T15:55:19.8105081Z #12 3.373   Downloading idna-3.10-py3-none-any.whl.metadata (10 kB)
2025-08-19T15:55:19.8105775Z #12 3.385 Collecting sniffio (from httpx==0.27.2->-r requirements.txt (line 7))
2025-08-19T15:55:19.8106504Z #12 3.392   Downloading sniffio-1.3.1-py3-none-any.whl.metadata (3.9 kB)
2025-08-19T15:55:20.0388214Z #12 3.745 Collecting botocore<1.35.0,>=1.34.162 (from boto3==1.34.162->-r requirements.txt (line 9))
2025-08-19T15:55:20.0391617Z #12 3.753   Downloading botocore-1.34.162-py3-none-any.whl.metadata (5.7 kB)
2025-08-19T15:55:20.0393493Z #12 3.771 Collecting jmespath<2.0.0,>=0.7.1 (from boto3==1.34.162->-r requirements.txt (line 9))
2025-08-19T15:55:20.1423573Z #12 3.779   Downloading jmespath-1.0.1-py3-none-any.whl.metadata (7.6 kB)
2025-08-19T15:55:20.1428120Z #12 3.805 Collecting s3transfer<0.11.0,>=0.10.0 (from boto3==1.34.162->-r requirements.txt (line 9))
2025-08-19T15:55:20.1429008Z #12 3.815   Downloading s3transfer-0.10.4-py3-none-any.whl.metadata (1.7 kB)
2025-08-19T15:55:20.1430095Z #12 3.868 Collecting MarkupSafe>=2.0 (from Jinja2==3.1.5->-r requirements.txt (line 10))
2025-08-19T15:55:20.1431179Z #12 3.875   Downloading MarkupSafe-3.0.2-cp312-cp312-manylinux_2_17_x86_64.manylinux2014_x86_64.whl.metadata (4.0 kB)
2025-08-19T15:55:20.2666814Z #12 3.896 Collecting billiard<5.0,>=4.2.0 (from celery==5.3.*->-r requirements.txt (line 11))
2025-08-19T15:55:20.2670392Z #12 3.903   Downloading billiard-4.2.1-py3-none-any.whl.metadata (4.4 kB)
2025-08-19T15:55:20.2671553Z #12 3.915 Collecting click-didyoumean>=0.3.0 (from celery==5.3.*->-r requirements.txt (line 11))
2025-08-19T15:55:20.2672992Z #12 3.923   Downloading click_didyoumean-0.3.1-py3-none-any.whl.metadata (3.9 kB)
2025-08-19T15:55:20.2674134Z #12 3.935 Collecting click-plugins>=1.1.1 (from celery==5.3.*->-r requirements.txt (line 11))
2025-08-19T15:55:20.2675484Z #12 3.943   Downloading click_plugins-1.1.1.2-py2.py3-none-any.whl.metadata (6.5 kB)
2025-08-19T15:55:20.2676543Z #12 3.956 Collecting click-repl>=0.2.0 (from celery==5.3.*->-r requirements.txt (line 11))
2025-08-19T15:55:20.2677889Z #12 3.963   Downloading click_repl-0.3.0-py3-none-any.whl.metadata (3.6 kB)
2025-08-19T15:55:20.4219676Z #12 4.006 Collecting kombu<6.0,>=5.3.4 (from celery==5.3.*->-r requirements.txt (line 11))
2025-08-19T15:55:20.4220988Z #12 4.014   Downloading kombu-5.5.4-py3-none-any.whl.metadata (3.5 kB)
2025-08-19T15:55:20.4223142Z #12 4.037 Collecting python-dateutil>=2.8.2 (from celery==5.3.*->-r requirements.txt (line 11))
2025-08-19T15:55:20.4225590Z #12 4.044   Downloading python_dateutil-2.9.0.post0-py2.py3-none-any.whl.metadata (8.4 kB)
2025-08-19T15:55:20.4226608Z #12 4.060 Collecting tzdata>=2022.7 (from celery==5.3.*->-r requirements.txt (line 11))
2025-08-19T15:55:20.4227438Z #12 4.067   Downloading tzdata-2025.2-py2.py3-none-any.whl.metadata (1.4 kB)
2025-08-19T15:55:20.4228246Z #12 4.081 Collecting vine<6.0,>=5.1.0 (from celery==5.3.*->-r requirements.txt (line 11))
2025-08-19T15:55:20.4229316Z #12 4.089   Downloading vine-5.1.0-py3-none-any.whl.metadata (2.7 kB)
2025-08-19T15:55:20.4230552Z #12 4.155 Collecting urllib3>=1.26.11 (from sentry-sdk==2.9.0->sentry-sdk[celery,fastapi,sqlalchemy]==2.9.0->-r requirements.txt (line 16))
2025-08-19T15:55:20.5341951Z #12 4.163   Downloading urllib3-2.5.0-py3-none-any.whl.metadata (6.5 kB)
2025-08-19T15:55:20.6349164Z #12 4.299 Collecting psycopg-binary==3.2.9 (from psycopg[binary]==3.2.9->-r requirements.txt (line 6))
2025-08-19T15:55:20.6351564Z #12 4.307   Downloading psycopg_binary-3.2.9-cp312-cp312-manylinux_2_17_x86_64.manylinux2014_x86_64.whl.metadata (2.9 kB)
2025-08-19T15:55:20.7364064Z #12 4.430 Collecting prompt-toolkit>=3.0.36 (from click-repl>=0.2.0->celery==5.3.*->-r requirements.txt (line 11))
2025-08-19T15:55:20.7365588Z #12 4.437   Downloading prompt_toolkit-3.0.51-py3-none-any.whl.metadata (6.4 kB)
2025-08-19T15:55:20.7367421Z #12 4.453 Collecting dnspython>=2.0.0 (from email_validator>=2.0.0->fastapi==0.111.0->-r requirements.txt (line 3))
2025-08-19T15:55:20.7368497Z #12 4.461   Downloading dnspython-2.7.0-py3-none-any.whl.metadata (5.8 kB)
2025-08-19T15:55:20.8514126Z #12 4.487 Collecting typer>=0.15.1 (from fastapi-cli>=0.0.2->fastapi==0.111.0->-r requirements.txt (line 3))
2025-08-19T15:55:20.8515070Z #12 4.495   Downloading typer-0.16.1-py3-none-any.whl.metadata (15 kB)
2025-08-19T15:55:20.8515964Z #12 4.521 Collecting rich-toolkit>=0.14.8 (from fastapi-cli>=0.0.2->fastapi==0.111.0->-r requirements.txt (line 3))
2025-08-19T15:55:20.8516908Z #12 4.529   Downloading rich_toolkit-0.15.0-py3-none-any.whl.metadata (1.0 kB)
2025-08-19T15:55:20.8518368Z #12 4.556 Collecting amqp<6.0.0,>=5.1.1 (from kombu<6.0,>=5.3.4->celery==5.3.*->-r requirements.txt (line 11))
2025-08-19T15:55:20.8520255Z #12 4.564   Downloading amqp-5.3.1-py3-none-any.whl.metadata (8.9 kB)
2025-08-19T15:55:20.9798188Z #12 4.587 Collecting packaging (from kombu<6.0,>=5.3.4->celery==5.3.*->-r requirements.txt (line 11))
2025-08-19T15:55:20.9801242Z #12 4.595   Downloading packaging-25.0-py3-none-any.whl.metadata (3.3 kB)
2025-08-19T15:55:20.9802373Z #12 4.612 Collecting annotated-types>=0.6.0 (from pydantic>=2.3.0->pydantic-settings==2.2.1->-r requirements.txt (line 2))
2025-08-19T15:55:20.9803364Z #12 4.619   Downloading annotated_types-0.7.0-py3-none-any.whl.metadata (15 kB)
2025-08-19T15:55:21.5677439Z #12 5.275 Collecting pydantic-core==2.33.2 (from pydantic>=2.3.0->pydantic-settings==2.2.1->-r requirements.txt (line 2))
2025-08-19T15:55:21.5678779Z #12 5.283   Downloading pydantic_core-2.33.2-cp312-cp312-manylinux_2_17_x86_64.manylinux2014_x86_64.whl.metadata (6.8 kB)
2025-08-19T15:55:21.5680273Z #12 5.301 Collecting typing-inspection>=0.4.0 (from pydantic>=2.3.0->pydantic-settings==2.2.1->-r requirements.txt (line 2))
2025-08-19T15:55:21.7593207Z #12 5.308   Downloading typing_inspection-0.4.1-py3-none-any.whl.metadata (2.6 kB)
2025-08-19T15:55:21.7595304Z #12 5.334 Collecting six>=1.5 (from python-dateutil>=2.8.2->celery==5.3.*->-r requirements.txt (line 11))
2025-08-19T15:55:21.7596245Z #12 5.341   Downloading six-1.17.0-py2.py3-none-any.whl.metadata (1.7 kB)
2025-08-19T15:55:21.8171371Z #12 5.550 Collecting httptools>=0.5.0 (from uvicorn[standard]>=0.12.0->fastapi==0.111.0->-r requirements.txt (line 3))
2025-08-19T15:55:21.9825119Z #12 ...
2025-08-19T15:55:21.9825357Z 
2025-08-19T15:55:21.9826786Z #13 [stage-1 3/6] RUN set -eux;     if [ -f /etc/apt/sources.list ]; then         sed -i 's|http://deb.debian.org|https://deb.debian.org|g' /etc/apt/sources.list;     fi;     apt-get update;     apt-get install -y --no-install-recommends tzdata postgresql-client curl;     rm -rf /var/lib/apt/lists/*
2025-08-19T15:55:21.9828277Z #13 0.048 + [ -f /etc/apt/sources.list ]
2025-08-19T15:55:21.9828574Z #13 0.048 + apt-get update
2025-08-19T15:55:21.9828872Z #13 0.121 Hit:1 http://deb.debian.org/debian trixie InRelease
2025-08-19T15:55:21.9829312Z #13 0.124 Get:2 http://deb.debian.org/debian trixie-updates InRelease [47.1 kB]
2025-08-19T15:55:21.9830418Z #13 0.147 Get:3 http://deb.debian.org/debian-security trixie-security InRelease [43.4 kB]
2025-08-19T15:55:21.9830974Z #13 0.160 Get:4 http://deb.debian.org/debian trixie/main amd64 Packages [9668 kB]
2025-08-19T15:55:21.9831486Z #13 0.252 Get:5 http://deb.debian.org/debian trixie-updates/main amd64 Packages [2432 B]
2025-08-19T15:55:21.9832041Z #13 0.264 Get:6 http://deb.debian.org/debian-security trixie-security/main amd64 Packages [11.6 kB]
2025-08-19T15:55:21.9832457Z #13 0.901 Fetched 9772 kB in 1s (11.8 MB/s)
2025-08-19T15:55:21.9832714Z #13 0.901 Reading package lists...
2025-08-19T15:55:21.9833232Z #13 1.410 + apt-get install -y --no-install-recommends tzdata postgresql-client curl
2025-08-19T15:55:21.9833599Z #13 1.420 Reading package lists...
2025-08-19T15:55:21.9833830Z #13 1.929 Building dependency tree...
2025-08-19T15:55:21.9834076Z #13 2.061 Reading state information...
2025-08-19T15:55:21.9834353Z #13 2.198 tzdata is already the newest version (2025b-4).
2025-08-19T15:55:21.9834684Z #13 2.198 The following additional packages will be installed:
2025-08-19T15:55:21.9835095Z #13 2.198   libbrotli1 libcom-err2 libcurl4t64 libgdbm-compat4t64 libgnutls30t64
2025-08-19T15:55:21.9835526Z #13 2.198   libgssapi-krb5-2 libidn2-0 libk5crypto3 libkeyutils1 libkrb5-3
2025-08-19T15:55:21.9836000Z #13 2.198   libkrb5support0 libldap2 libnghttp2-14 libnghttp3-9 libp11-kit0 libperl5.40
2025-08-19T15:55:21.9836543Z #13 2.199   libpq5 libpsl5t64 librtmp1 libsasl2-2 libsasl2-modules-db libssh2-1t64
2025-08-19T15:55:21.9837010Z #13 2.199   libtasn1-6 libunistring5 perl perl-modules-5.40 postgresql-client-17
2025-08-19T15:55:21.9837404Z #13 2.200   postgresql-client-common sensible-utils
2025-08-19T15:55:21.9837680Z #13 2.200 Suggested packages:
2025-08-19T15:55:21.9837993Z #13 2.200   gnutls-bin krb5-doc krb5-user perl-doc libterm-readline-gnu-perl
2025-08-19T15:55:21.9838478Z #13 2.200   | libterm-readline-perl-perl make libtap-harness-archive-perl postgresql-17
2025-08-19T15:55:21.9838856Z #13 2.200   postgresql-doc-17
2025-08-19T15:55:21.9839073Z #13 2.200 Recommended packages:
2025-08-19T15:55:21.9839424Z #13 2.200   bash-completion krb5-locales libldap-common publicsuffix libsasl2-modules
2025-08-19T15:55:21.9839963Z #13 2.393 The following NEW packages will be installed:
2025-08-19T15:55:21.9840355Z #13 2.393   curl libbrotli1 libcom-err2 libcurl4t64 libgdbm-compat4t64 libgnutls30t64
2025-08-19T15:55:21.9840800Z #13 2.393   libgssapi-krb5-2 libidn2-0 libk5crypto3 libkeyutils1 libkrb5-3
2025-08-19T15:55:21.9841271Z #13 2.393   libkrb5support0 libldap2 libnghttp2-14 libnghttp3-9 libp11-kit0 libperl5.40
2025-08-19T15:55:21.9841756Z #13 2.393   libpq5 libpsl5t64 librtmp1 libsasl2-2 libsasl2-modules-db libssh2-1t64
2025-08-19T15:55:21.9842210Z #13 2.394   libtasn1-6 libunistring5 perl perl-modules-5.40 postgresql-client
2025-08-19T15:55:21.9842652Z #13 2.394   postgresql-client-17 postgresql-client-common sensible-utils
2025-08-19T15:55:21.9843058Z #13 2.436 0 upgraded, 31 newly installed, 0 to remove and 0 not upgraded.
2025-08-19T15:55:21.9843392Z #13 2.436 Need to get 14.9 MB of archives.
2025-08-19T15:55:21.9843723Z #13 2.436 After this operation, 78.1 MB of additional disk space will be used.
2025-08-19T15:55:21.9844218Z #13 2.436 Get:1 http://deb.debian.org/debian trixie/main amd64 sensible-utils all 0.0.25 [25.0 kB]
2025-08-19T15:55:21.9844769Z #13 2.442 Get:2 http://deb.debian.org/debian trixie/main amd64 perl-modules-5.40 all 5.40.1-6 [3019 kB]
2025-08-19T15:55:21.9845510Z #13 2.473 Get:3 http://deb.debian.org/debian trixie/main amd64 libgdbm-compat4t64 amd64 1.24-2 [50.3 kB]
2025-08-19T15:55:21.9846450Z #13 2.473 Get:4 http://deb.debian.org/debian trixie/main amd64 libperl5.40 amd64 5.40.1-6 [4341 kB]
2025-08-19T15:55:21.9847400Z #13 2.489 Get:5 http://deb.debian.org/debian trixie/main amd64 perl amd64 5.40.1-6 [267 kB]
2025-08-19T15:55:21.9848362Z #13 2.490 Get:6 http://deb.debian.org/debian trixie/main amd64 libbrotli1 amd64 1.1.0-2+b7 [307 kB]
2025-08-19T15:55:21.9849375Z #13 2.491 Get:7 http://deb.debian.org/debian trixie/main amd64 libkrb5support0 amd64 1.21.3-5 [33.0 kB]
2025-08-19T15:55:21.9850859Z #13 2.492 Get:8 http://deb.debian.org/debian trixie/main amd64 libcom-err2 amd64 1.47.2-3+b3 [25.0 kB]
2025-08-19T15:55:21.9851837Z #13 2.492 Get:9 http://deb.debian.org/debian trixie/main amd64 libk5crypto3 amd64 1.21.3-5 [81.5 kB]
2025-08-19T15:55:21.9852403Z #13 2.493 Get:10 http://deb.debian.org/debian trixie/main amd64 libkeyutils1 amd64 1.6.3-6 [9456 B]
2025-08-19T15:55:21.9852937Z #13 2.493 Get:11 http://deb.debian.org/debian trixie/main amd64 libkrb5-3 amd64 1.21.3-5 [326 kB]
2025-08-19T15:55:21.9853659Z #13 2.495 Get:12 http://deb.debian.org/debian trixie/main amd64 libgssapi-krb5-2 amd64 1.21.3-5 [138 kB]
2025-08-19T15:55:21.9854210Z #13 2.495 Get:13 http://deb.debian.org/debian trixie/main amd64 libunistring5 amd64 1.3-2 [477 kB]
2025-08-19T15:55:21.9854733Z #13 2.497 Get:14 http://deb.debian.org/debian trixie/main amd64 libidn2-0 amd64 2.3.8-2 [109 kB]
2025-08-19T15:55:21.9855304Z #13 2.500 Get:15 http://deb.debian.org/debian trixie/main amd64 libsasl2-modules-db amd64 2.1.28+dfsg1-9 [19.8 kB]
2025-08-19T15:55:21.9855903Z #13 2.500 Get:16 http://deb.debian.org/debian trixie/main amd64 libsasl2-2 amd64 2.1.28+dfsg1-9 [57.5 kB]
2025-08-19T15:55:21.9856445Z #13 2.501 Get:17 http://deb.debian.org/debian trixie/main amd64 libldap2 amd64 2.6.10+dfsg-1 [194 kB]
2025-08-19T15:55:21.9856990Z #13 2.502 Get:18 http://deb.debian.org/debian trixie/main amd64 libnghttp2-14 amd64 1.64.0-1.1 [76.0 kB]
2025-08-19T15:55:21.9857533Z #13 2.502 Get:19 http://deb.debian.org/debian trixie/main amd64 libnghttp3-9 amd64 1.8.0-1 [67.7 kB]
2025-08-19T15:55:21.9858161Z #13 2.503 Get:20 http://deb.debian.org/debian trixie/main amd64 libpsl5t64 amd64 0.21.2-1.1+b1 [57.2 kB]
2025-08-19T15:55:21.9858696Z #13 2.504 Get:21 http://deb.debian.org/debian trixie/main amd64 libp11-kit0 amd64 0.25.5-3 [425 kB]
2025-08-19T15:55:21.9859210Z #13 2.507 Get:22 http://deb.debian.org/debian trixie/main amd64 libtasn1-6 amd64 4.20.0-2 [49.9 kB]
2025-08-19T15:55:21.9860370Z #13 2.507 Get:23 http://deb.debian.org/debian trixie/main amd64 libgnutls30t64 amd64 3.8.9-3 [1465 kB]
2025-08-19T15:55:21.9860990Z #13 2.513 Get:24 http://deb.debian.org/debian trixie/main amd64 librtmp1 amd64 2.4+20151223.gitfa8646d.1-2+b5 [58.8 kB]
2025-08-19T15:55:21.9861576Z #13 2.514 Get:25 http://deb.debian.org/debian trixie/main amd64 libssh2-1t64 amd64 1.11.1-1 [245 kB]
2025-08-19T15:55:21.9862094Z #13 2.515 Get:26 http://deb.debian.org/debian trixie/main amd64 libcurl4t64 amd64 8.14.1-2 [391 kB]
2025-08-19T15:55:21.9862589Z #13 2.517 Get:27 http://deb.debian.org/debian trixie/main amd64 curl amd64 8.14.1-2 [269 kB]
2025-08-19T15:55:21.9863080Z #13 2.518 Get:28 http://deb.debian.org/debian trixie/main amd64 libpq5 amd64 17.5-1 [226 kB]
2025-08-19T15:55:21.9863623Z #13 2.519 Get:29 http://deb.debian.org/debian trixie/main amd64 postgresql-client-common all 278 [47.1 kB]
2025-08-19T15:55:21.9864213Z #13 2.520 Get:30 http://deb.debian.org/debian trixie/main amd64 postgresql-client-17 amd64 17.5-1 [2025 kB]
2025-08-19T15:55:21.9864777Z #13 2.527 Get:31 http://deb.debian.org/debian trixie/main amd64 postgresql-client all 17+278 [14.0 kB]
2025-08-19T15:55:21.9865180Z #13 3.674 Fetched 14.9 MB in 0s (119 MB/s)
2025-08-19T15:55:21.9865500Z #13 3.687 Selecting previously unselected package sensible-utils.
2025-08-19T15:55:21.9865820Z #13 3.687 (Reading database ... 
2025-08-19T15:55:21.9866044Z (Reading database ... 5%
2025-08-19T15:55:21.9866248Z (Reading database ... 10%
2025-08-19T15:55:21.9866444Z (Reading database ... 15%
2025-08-19T15:55:21.9866646Z (Reading database ... 20%
2025-08-19T15:55:21.9866841Z (Reading database ... 25%
2025-08-19T15:55:21.9867033Z (Reading database ... 30%
2025-08-19T15:55:21.9867224Z (Reading database ... 35%
2025-08-19T15:55:21.9867417Z (Reading database ... 40%
2025-08-19T15:55:21.9867605Z (Reading database ... 45%
2025-08-19T15:55:21.9867799Z (Reading database ... 50%
2025-08-19T15:55:21.9867987Z (Reading database ... 55%
2025-08-19T15:55:21.9868182Z (Reading database ... 60%
2025-08-19T15:55:21.9868523Z (Reading database ... 65%
2025-08-19T15:55:21.9868735Z (Reading database ... 70%
2025-08-19T15:55:21.9868941Z (Reading database ... 75%
2025-08-19T15:55:21.9869136Z (Reading database ... 80%
2025-08-19T15:55:21.9869331Z (Reading database ... 85%
2025-08-19T15:55:21.9869743Z (Reading database ... 90%
2025-08-19T15:55:21.9870031Z (Reading database ... 95%
2025-08-19T15:55:21.9870225Z (Reading database ... 100%
2025-08-19T15:55:21.9870525Z (Reading database ... 5643 files and directories currently installed.)
2025-08-19T15:55:21.9871071Z #13 3.693 Preparing to unpack .../00-sensible-utils_0.0.25_all.deb ...
2025-08-19T15:55:21.9871419Z #13 3.694 Unpacking sensible-utils (0.0.25) ...
2025-08-19T15:55:21.9871770Z #13 3.714 Selecting previously unselected package perl-modules-5.40.
2025-08-19T15:55:21.9872177Z #13 3.716 Preparing to unpack .../01-perl-modules-5.40_5.40.1-6_all.deb ...
2025-08-19T15:55:21.9872541Z #13 3.717 Unpacking perl-modules-5.40 (5.40.1-6) ...
2025-08-19T15:55:21.9872908Z #13 4.012 Selecting previously unselected package libgdbm-compat4t64:amd64.
2025-08-19T15:55:21.9873333Z #13 4.013 Preparing to unpack .../02-libgdbm-compat4t64_1.24-2_amd64.deb ...
2025-08-19T15:55:21.9873698Z #13 4.016 Unpacking libgdbm-compat4t64:amd64 (1.24-2) ...
2025-08-19T15:55:21.9874053Z #13 4.035 Selecting previously unselected package libperl5.40:amd64.
2025-08-19T15:55:21.9874439Z #13 4.036 Preparing to unpack .../03-libperl5.40_5.40.1-6_amd64.deb ...
2025-08-19T15:55:21.9874766Z #13 4.037 Unpacking libperl5.40:amd64 (5.40.1-6) ...
2025-08-19T15:55:21.9875076Z #13 4.279 Selecting previously unselected package perl.
2025-08-19T15:55:21.9875400Z #13 4.281 Preparing to unpack .../04-perl_5.40.1-6_amd64.deb ...
2025-08-19T15:55:21.9875701Z #13 4.282 Unpacking perl (5.40.1-6) ...
2025-08-19T15:55:21.9876006Z #13 4.309 Selecting previously unselected package libbrotli1:amd64.
2025-08-19T15:55:21.9876395Z #13 4.311 Preparing to unpack .../05-libbrotli1_1.1.0-2+b7_amd64.deb ...
2025-08-19T15:55:21.9876745Z #13 4.312 Unpacking libbrotli1:amd64 (1.1.0-2+b7) ...
2025-08-19T15:55:21.9877092Z #13 4.341 Selecting previously unselected package libkrb5support0:amd64.
2025-08-19T15:55:21.9877500Z #13 4.343 Preparing to unpack .../06-libkrb5support0_1.21.3-5_amd64.deb ...
2025-08-19T15:55:21.9877855Z #13 4.345 Unpacking libkrb5support0:amd64 (1.21.3-5) ...
2025-08-19T15:55:21.9878196Z #13 4.361 Selecting previously unselected package libcom-err2:amd64.
2025-08-19T15:55:21.9878575Z #13 4.362 Preparing to unpack .../07-libcom-err2_1.47.2-3+b3_amd64.deb ...
2025-08-19T15:55:21.9878921Z #13 4.363 Unpacking libcom-err2:amd64 (1.47.2-3+b3) ...
2025-08-19T15:55:21.9879259Z #13 4.379 Selecting previously unselected package libk5crypto3:amd64.
2025-08-19T15:55:21.9879775Z #13 4.381 Preparing to unpack .../08-libk5crypto3_1.21.3-5_amd64.deb ...
2025-08-19T15:55:21.9880117Z #13 4.382 Unpacking libk5crypto3:amd64 (1.21.3-5) ...
2025-08-19T15:55:21.9880447Z #13 4.403 Selecting previously unselected package libkeyutils1:amd64.
2025-08-19T15:55:21.9880836Z #13 4.405 Preparing to unpack .../09-libkeyutils1_1.6.3-6_amd64.deb ...
2025-08-19T15:55:21.9881166Z #13 4.406 Unpacking libkeyutils1:amd64 (1.6.3-6) ...
2025-08-19T15:55:21.9881511Z #13 4.422 Selecting previously unselected package libkrb5-3:amd64.
2025-08-19T15:55:21.9881878Z #13 4.424 Preparing to unpack .../10-libkrb5-3_1.21.3-5_amd64.deb ...
2025-08-19T15:55:21.9882192Z #13 4.425 Unpacking libkrb5-3:amd64 (1.21.3-5) ...
2025-08-19T15:55:21.9882541Z #13 4.458 Selecting previously unselected package libgssapi-krb5-2:amd64.
2025-08-19T15:55:21.9883080Z #13 4.459 Preparing to unpack .../11-libgssapi-krb5-2_1.21.3-5_amd64.deb ...
2025-08-19T15:55:21.9883446Z #13 4.460 Unpacking libgssapi-krb5-2:amd64 (1.21.3-5) ...
2025-08-19T15:55:21.9883805Z #13 4.481 Selecting previously unselected package libunistring5:amd64.
2025-08-19T15:55:21.9884186Z #13 4.483 Preparing to unpack .../12-libunistring5_1.3-2_amd64.deb ...
2025-08-19T15:55:21.9884634Z #13 4.484 Unpacking libunistring5:amd64 (1.3-2) ...
2025-08-19T15:55:21.9885088Z #13 4.524 Selecting previously unselected package libidn2-0:amd64.
2025-08-19T15:55:21.9885456Z #13 4.525 Preparing to unpack .../13-libidn2-0_2.3.8-2_amd64.deb ...
2025-08-19T15:55:21.9885770Z #13 4.526 Unpacking libidn2-0:amd64 (2.3.8-2) ...
2025-08-19T15:55:21.9886120Z #13 4.552 Selecting previously unselected package libsasl2-modules-db:amd64.
2025-08-19T15:55:21.9886567Z #13 4.554 Preparing to unpack .../14-libsasl2-modules-db_2.1.28+dfsg1-9_amd64.deb ...
2025-08-19T15:55:21.9886979Z #13 4.555 Unpacking libsasl2-modules-db:amd64 (2.1.28+dfsg1-9) ...
2025-08-19T15:55:21.9887459Z #13 4.571 Selecting previously unselected package libsasl2-2:amd64.
2025-08-19T15:55:21.9887854Z #13 4.573 Preparing to unpack .../15-libsasl2-2_2.1.28+dfsg1-9_amd64.deb ...
2025-08-19T15:55:21.9888208Z #13 4.577 Unpacking libsasl2-2:amd64 (2.1.28+dfsg1-9) ...
2025-08-19T15:55:21.9888542Z #13 4.596 Selecting previously unselected package libldap2:amd64.
2025-08-19T15:55:21.9888917Z #13 4.598 Preparing to unpack .../16-libldap2_2.6.10+dfsg-1_amd64.deb ...
2025-08-19T15:55:21.9889267Z #13 4.600 Unpacking libldap2:amd64 (2.6.10+dfsg-1) ...
2025-08-19T15:55:21.9889787Z #13 4.624 Selecting previously unselected package libnghttp2-14:amd64.
2025-08-19T15:55:21.9890187Z #13 4.626 Preparing to unpack .../17-libnghttp2-14_1.64.0-1.1_amd64.deb ...
2025-08-19T15:55:21.9890541Z #13 4.627 Unpacking libnghttp2-14:amd64 (1.64.0-1.1) ...
2025-08-19T15:55:21.9890881Z #13 4.647 Selecting previously unselected package libnghttp3-9:amd64.
2025-08-19T15:55:21.9891278Z #13 4.648 Preparing to unpack .../18-libnghttp3-9_1.8.0-1_amd64.deb ...
2025-08-19T15:55:21.9891605Z #13 4.649 Unpacking libnghttp3-9:amd64 (1.8.0-1) ...
2025-08-19T15:55:21.9892014Z #13 4.669 Selecting previously unselected package libpsl5t64:amd64.
2025-08-19T15:55:21.9910028Z #13 4.670 Preparing to unpack .../19-libpsl5t64_0.21.2-1.1+b1_amd64.deb ...
2025-08-19T15:55:21.9910453Z #13 4.671 Unpacking libpsl5t64:amd64 (0.21.2-1.1+b1) ...
2025-08-19T15:55:21.9910836Z #13 4.690 Selecting previously unselected package libp11-kit0:amd64.
2025-08-19T15:55:21.9911264Z #13 4.691 Preparing to unpack .../20-libp11-kit0_0.25.5-3_amd64.deb ...
2025-08-19T15:55:21.9911617Z #13 4.692 Unpacking libp11-kit0:amd64 (0.25.5-3) ...
2025-08-19T15:55:21.9911962Z #13 4.725 Selecting previously unselected package libtasn1-6:amd64.
2025-08-19T15:55:21.9912355Z #13 4.727 Preparing to unpack .../21-libtasn1-6_4.20.0-2_amd64.deb ...
2025-08-19T15:55:21.9912685Z #13 4.728 Unpacking libtasn1-6:amd64 (4.20.0-2) ...
2025-08-19T15:55:21.9913045Z #13 4.745 Selecting previously unselected package libgnutls30t64:amd64.
2025-08-19T15:55:21.9913445Z #13 4.747 Preparing to unpack .../22-libgnutls30t64_3.8.9-3_amd64.deb ...
2025-08-19T15:55:21.9913804Z #13 4.748 Unpacking libgnutls30t64:amd64 (3.8.9-3) ...
2025-08-19T15:55:21.9914142Z #13 4.803 Selecting previously unselected package librtmp1:amd64.
2025-08-19T15:55:21.9914561Z #13 4.805 Preparing to unpack .../23-librtmp1_2.4+20151223.gitfa8646d.1-2+b5_amd64.deb ...
2025-08-19T15:55:21.9915062Z #13 4.806 Unpacking librtmp1:amd64 (2.4+20151223.gitfa8646d.1-2+b5) ...
2025-08-19T15:55:21.9915446Z #13 4.825 Selecting previously unselected package libssh2-1t64:amd64.
2025-08-19T15:55:21.9915839Z #13 4.826 Preparing to unpack .../24-libssh2-1t64_1.11.1-1_amd64.deb ...
2025-08-19T15:55:21.9916172Z #13 4.828 Unpacking libssh2-1t64:amd64 (1.11.1-1) ...
2025-08-19T15:55:21.9916514Z #13 4.849 Selecting previously unselected package libcurl4t64:amd64.
2025-08-19T15:55:21.9916904Z #13 4.850 Preparing to unpack .../25-libcurl4t64_8.14.1-2_amd64.deb ...
2025-08-19T15:55:21.9917239Z #13 4.851 Unpacking libcurl4t64:amd64 (8.14.1-2) ...
2025-08-19T15:55:21.9917540Z #13 4.881 Selecting previously unselected package curl.
2025-08-19T15:55:21.9917862Z #13 4.883 Preparing to unpack .../26-curl_8.14.1-2_amd64.deb ...
2025-08-19T15:55:21.9918173Z #13 4.884 Unpacking curl (8.14.1-2) ...
2025-08-19T15:55:21.9918472Z #13 4.910 Selecting previously unselected package libpq5:amd64.
2025-08-19T15:55:21.9919003Z #13 4.912 Preparing to unpack .../27-libpq5_17.5-1_amd64.deb ...
2025-08-19T15:55:21.9919324Z #13 4.913 Unpacking libpq5:amd64 (17.5-1) ...
2025-08-19T15:55:21.9919919Z #13 4.943 Selecting previously unselected package postgresql-client-common.
2025-08-19T15:55:21.9920360Z #13 4.945 Preparing to unpack .../28-postgresql-client-common_278_all.deb ...
2025-08-19T15:55:21.9920738Z #13 4.951 Unpacking postgresql-client-common (278) ...
2025-08-19T15:55:21.9921187Z #13 4.974 Selecting previously unselected package postgresql-client-17.
2025-08-19T15:55:21.9922183Z #13 4.976 Preparing to unpack .../29-postgresql-client-17_17.5-1_amd64.deb ...
2025-08-19T15:55:21.9922836Z #13 4.977 Unpacking postgresql-client-17 (17.5-1) ...
2025-08-19T15:55:21.9923466Z #13 5.091 Selecting previously unselected package postgresql-client.
2025-08-19T15:55:21.9924036Z #13 5.093 Preparing to unpack .../30-postgresql-client_17+278_all.deb ...
2025-08-19T15:55:21.9924487Z #13 5.094 Unpacking postgresql-client (17+278) ...
2025-08-19T15:55:21.9925007Z #13 5.116 Setting up libkeyutils1:amd64 (1.6.3-6) ...
2025-08-19T15:55:21.9925485Z #13 5.119 Setting up libgdbm-compat4t64:amd64 (1.24-2) ...
2025-08-19T15:55:21.9926045Z #13 5.122 Setting up libbrotli1:amd64 (1.1.0-2+b7) ...
2025-08-19T15:55:21.9926466Z #13 5.125 Setting up libnghttp2-14:amd64 (1.64.0-1.1) ...
2025-08-19T15:55:21.9926825Z #13 5.128 Setting up libcom-err2:amd64 (1.47.2-3+b3) ...
2025-08-19T15:55:21.9927393Z #13 5.131 Setting up libkrb5support0:amd64 (1.21.3-5) ...
2025-08-19T15:55:21.9928048Z #13 5.134 Setting up libsasl2-modules-db:amd64 (2.1.28+dfsg1-9) ...
2025-08-19T15:55:21.9928526Z #13 5.136 Setting up libp11-kit0:amd64 (0.25.5-3) ...
2025-08-19T15:55:21.9928835Z #13 5.139 Setting up libunistring5:amd64 (1.3-2) ...
2025-08-19T15:55:21.9929137Z #13 5.142 Setting up libk5crypto3:amd64 (1.21.3-5) ...
2025-08-19T15:55:21.9929446Z #13 5.145 Setting up libsasl2-2:amd64 (2.1.28+dfsg1-9) ...
2025-08-19T15:55:21.9929878Z #13 5.148 Setting up libnghttp3-9:amd64 (1.8.0-1) ...
2025-08-19T15:55:21.9930175Z #13 5.151 Setting up perl-modules-5.40 (5.40.1-6) ...
2025-08-19T15:55:21.9930485Z #13 5.154 Setting up sensible-utils (0.0.25) ...
2025-08-19T15:55:21.9930770Z #13 5.157 Setting up libtasn1-6:amd64 (4.20.0-2) ...
2025-08-19T15:55:21.9931043Z #13 5.159 Setting up libkrb5-3:amd64 (1.21.3-5) ...
2025-08-19T15:55:21.9931327Z #13 5.162 Setting up libssh2-1t64:amd64 (1.11.1-1) ...
2025-08-19T15:55:21.9931618Z #13 5.165 Setting up libldap2:amd64 (2.6.10+dfsg-1) ...
2025-08-19T15:55:21.9931899Z #13 5.168 Setting up libidn2-0:amd64 (2.3.8-2) ...
2025-08-19T15:55:21.9932183Z #13 5.171 Setting up libperl5.40:amd64 (5.40.1-6) ...
2025-08-19T15:55:21.9932442Z #13 5.175 Setting up perl (5.40.1-6) ...
2025-08-19T15:55:21.9932720Z #13 5.181 Setting up libgssapi-krb5-2:amd64 (1.21.3-5) ...
2025-08-19T15:55:21.9933019Z #13 5.185 Setting up libgnutls30t64:amd64 (3.8.9-3) ...
2025-08-19T15:55:21.9933317Z #13 5.188 Setting up postgresql-client-common (278) ...
2025-08-19T15:55:21.9933622Z #13 5.196 Setting up libpsl5t64:amd64 (0.21.2-1.1+b1) ...
2025-08-19T15:55:21.9933909Z #13 5.199 Setting up libpq5:amd64 (17.5-1) ...
2025-08-19T15:55:21.9934226Z #13 5.202 Setting up librtmp1:amd64 (2.4+20151223.gitfa8646d.1-2+b5) ...
2025-08-19T15:55:21.9934558Z #13 5.205 Setting up libcurl4t64:amd64 (8.14.1-2) ...
2025-08-19T15:55:21.9934850Z #13 5.208 Setting up postgresql-client-17 (17.5-1) ...
2025-08-19T15:55:21.9935472Z #13 5.577 update-alternatives: using /usr/share/postgresql/17/man/man1/psql.1.gz to provide /usr/share/man/man1/psql.1.gz (psql.1.gz) in auto mode
2025-08-19T15:55:21.9936057Z #13 5.620 Setting up curl (8.14.1-2) ...
2025-08-19T15:55:21.9936321Z #13 5.622 Setting up postgresql-client (17+278) ...
2025-08-19T15:55:21.9936627Z #13 5.625 Processing triggers for libc-bin (2.41-12) ...
2025-08-19T15:55:21.9938854Z #13 5.653 + rm -rf /var/lib/apt/lists/auxfiles /var/lib/apt/lists/deb.debian.org_debian-security_dists_trixie-security_InRelease /var/lib/apt/lists/deb.debian.org_debian-security_dists_trixie-security_main_binary-amd64_Packages.lz4 /var/lib/apt/lists/deb.debian.org_debian_dists_trixie-updates_InRelease /var/lib/apt/lists/deb.debian.org_debian_dists_trixie-updates_main_binary-amd64_Packages.lz4 /var/lib/apt/lists/deb.debian.org_debian_dists_trixie_InRelease /var/lib/apt/lists/deb.debian.org_debian_dists_trixie_main_binary-amd64_Packages.lz4 /var/lib/apt/lists/lock /var/lib/apt/lists/partial
2025-08-19T15:55:21.9941027Z #13 DONE 5.7s
2025-08-19T15:55:21.9941133Z 
2025-08-19T15:55:21.9941286Z #12 [base  4/13] RUN pip install --no-cache-dir -r requirements.txt
2025-08-19T15:55:21.9942056Z #12 5.558   Downloading httptools-0.6.4-cp312-cp312-manylinux_2_5_x86_64.manylinux1_x86_64.manylinux_2_17_x86_64.manylinux2014_x86_64.whl.metadata (3.6 kB)
2025-08-19T15:55:21.9942812Z #12 5.594 Collecting pyyaml>=5.1 (from uvicorn[standard]>=0.12.0->fastapi==0.111.0->-r requirements.txt (line 3))
2025-08-19T15:55:21.9943444Z #12 5.602   Downloading PyYAML-6.0.2-cp312-cp312-manylinux_2_17_x86_64.manylinux2014_x86_64.whl.metadata (2.1 kB)
2025-08-19T15:55:21.9944089Z #12 5.639 Collecting uvloop!=0.15.0,!=0.15.1,>=0.14.0 (from uvicorn[standard]>=0.12.0->fastapi==0.111.0->-r requirements.txt (line 3))
2025-08-19T15:55:21.9944728Z #12 5.646   Downloading uvloop-0.21.0-cp312-cp312-manylinux_2_17_x86_64.manylinux2014_x86_64.whl.metadata (4.9 kB)
2025-08-19T15:55:22.1194189Z #12 5.718 Collecting watchfiles>=0.13 (from uvicorn[standard]>=0.12.0->fastapi==0.111.0->-r requirements.txt (line 3))
2025-08-19T15:55:22.1197137Z #12 5.726   Downloading watchfiles-1.1.0-cp312-cp312-manylinux_2_17_x86_64.manylinux2014_x86_64.whl.metadata (4.9 kB)
2025-08-19T15:55:22.1198276Z #12 5.852 Collecting websockets>=10.4 (from uvicorn[standard]>=0.12.0->fastapi==0.111.0->-r requirements.txt (line 3))
2025-08-19T15:55:22.2468039Z #12 5.860   Downloading websockets-15.0.1-cp312-cp312-manylinux_2_5_x86_64.manylinux1_x86_64.manylinux_2_17_x86_64.manylinux2014_x86_64.whl.metadata (6.8 kB)
2025-08-19T15:55:22.2470375Z #12 5.888 Collecting wcwidth (from prompt-toolkit>=3.0.36->click-repl>=0.2.0->celery==5.3.*->-r requirements.txt (line 11))
2025-08-19T15:55:22.2471277Z #12 5.895   Downloading wcwidth-0.2.13-py2.py3-none-any.whl.metadata (14 kB)
2025-08-19T15:55:22.2472119Z #12 5.939 Collecting rich>=13.7.1 (from rich-toolkit>=0.14.8->fastapi-cli>=0.0.2->fastapi==0.111.0->-r requirements.txt (line 3))
2025-08-19T15:55:22.2472953Z #12 5.947   Downloading rich-14.1.0-py3-none-any.whl.metadata (18 kB)
2025-08-19T15:55:22.2473712Z #12 5.980 Collecting shellingham>=1.3.0 (from typer>=0.15.1->fastapi-cli>=0.0.2->fastapi==0.111.0->-r requirements.txt (line 3))
2025-08-19T15:55:22.3470202Z #12 5.987   Downloading shellingham-1.5.4-py2.py3-none-any.whl.metadata (3.5 kB)
2025-08-19T15:55:22.3471527Z #12 6.039 Collecting markdown-it-py>=2.2.0 (from rich>=13.7.1->rich-toolkit>=0.14.8->fastapi-cli>=0.0.2->fastapi==0.111.0->-r requirements.txt (line 3))
2025-08-19T15:55:22.3472609Z #12 6.047   Downloading markdown_it_py-4.0.0-py3-none-any.whl.metadata (7.3 kB)
2025-08-19T15:55:22.3473475Z #12 6.072 Collecting pygments<3.0.0,>=2.13.0 (from rich>=13.7.1->rich-toolkit>=0.14.8->fastapi-cli>=0.0.2->fastapi==0.111.0->-r requirements.txt (line 3))
2025-08-19T15:55:22.3474241Z #12 6.080   Downloading pygments-2.19.2-py3-none-any.whl.metadata (2.5 kB)
2025-08-19T15:55:22.4485894Z #12 6.096 Collecting mdurl~=0.1 (from markdown-it-py>=2.2.0->rich>=13.7.1->rich-toolkit>=0.14.8->fastapi-cli>=0.0.2->fastapi==0.111.0->-r requirements.txt (line 3))
2025-08-19T15:55:22.4487281Z #12 6.103   Downloading mdurl-0.1.2-py3-none-any.whl.metadata (1.6 kB)
2025-08-19T15:55:22.4488115Z #12 6.120 Downloading uvicorn-0.29.0-py3-none-any.whl (60 kB)
2025-08-19T15:55:22.4488957Z #12 6.127 Downloading pydantic_settings-2.2.1-py3-none-any.whl (13 kB)
2025-08-19T15:55:22.4489689Z #12 6.135 Downloading fastapi-0.111.0-py3-none-any.whl (91 kB)
2025-08-19T15:55:22.4490470Z #12 6.147 Downloading SQLAlchemy-2.0.29-cp312-cp312-manylinux_2_17_x86_64.manylinux2014_x86_64.whl (3.2 MB)
2025-08-19T15:55:22.4491732Z #12 6.174    ━━━━━━━━━━━━━━━━━━━━━━━━━━━━━━━━━━━━━━━━ 3.2/3.2 MB 164.8 MB/s eta 0:00:00
2025-08-19T15:55:22.4492205Z #12 6.182 Downloading alembic-1.13.1-py3-none-any.whl (233 kB)
2025-08-19T15:55:22.5504374Z #12 6.190 Downloading psycopg-3.2.9-py3-none-any.whl (202 kB)
2025-08-19T15:55:22.5505531Z #12 6.197 Downloading httpx-0.27.2-py3-none-any.whl (76 kB)
2025-08-19T15:55:22.5506476Z #12 6.205 Downloading asyncpg-0.29.0-cp312-cp312-manylinux_2_17_x86_64.manylinux2014_x86_64.whl (3.3 MB)
2025-08-19T15:55:22.5507720Z #12 6.216    ━━━━━━━━━━━━━━━━━━━━━━━━━━━━━━━━━━━━━━━━ 3.3/3.3 MB 363.1 MB/s eta 0:00:00
2025-08-19T15:55:22.5508508Z #12 6.224 Downloading boto3-1.34.162-py3-none-any.whl (139 kB)
2025-08-19T15:55:22.5508918Z #12 6.232 Downloading jinja2-3.1.5-py3-none-any.whl (134 kB)
2025-08-19T15:55:22.5509262Z #12 6.240 Downloading celery-5.3.6-py3-none-any.whl (422 kB)
2025-08-19T15:55:22.5509795Z #12 6.249 Downloading structlog-24.1.0-py3-none-any.whl (65 kB)
2025-08-19T15:55:22.5510231Z #12 6.257 Downloading asgi_correlation_id-4.3.1-py3-none-any.whl (15 kB)
2025-08-19T15:55:22.5510665Z #12 6.266 Downloading fastapi_limiter-0.1.6-py3-none-any.whl (15 kB)
2025-08-19T15:55:22.5511041Z #12 6.273 Downloading redis-5.0.8-py3-none-any.whl (255 kB)
2025-08-19T15:55:22.5511410Z #12 6.283 Downloading sentry_sdk-2.9.0-py2.py3-none-any.whl (301 kB)
2025-08-19T15:55:22.6518797Z #12 6.291 Downloading httpcore-1.0.9-py3-none-any.whl (78 kB)
2025-08-19T15:55:22.6520125Z #12 6.299 Downloading psycopg_binary-3.2.9-cp312-cp312-manylinux_2_17_x86_64.manylinux2014_x86_64.whl (4.4 MB)
2025-08-19T15:55:22.6521131Z #12 6.311    ━━━━━━━━━━━━━━━━━━━━━━━━━━━━━━━━━━━━━━━━ 4.4/4.4 MB 414.5 MB/s eta 0:00:00
2025-08-19T15:55:22.6521604Z #12 6.319 Downloading billiard-4.2.1-py3-none-any.whl (86 kB)
2025-08-19T15:55:22.6522095Z #12 6.326 Downloading botocore-1.34.162-py3-none-any.whl (12.5 MB)
2025-08-19T15:55:22.6522669Z #12 6.363    ━━━━━━━━━━━━━━━━━━━━━━━━━━━━━━━━━━━━━━━━ 12.5/12.5 MB 364.7 MB/s eta 0:00:00
2025-08-19T15:55:22.6523129Z #12 6.370 Downloading click-8.2.1-py3-none-any.whl (102 kB)
2025-08-19T15:55:22.6523613Z #12 6.378 Downloading click_didyoumean-0.3.1-py3-none-any.whl (3.6 kB)
2025-08-19T15:55:22.6524167Z #12 6.385 Downloading click_plugins-1.1.1.2-py2.py3-none-any.whl (11 kB)
2025-08-19T15:55:22.7553981Z #12 6.392 Downloading click_repl-0.3.0-py3-none-any.whl (10 kB)
2025-08-19T15:55:22.7554717Z #12 6.399 Downloading email_validator-2.2.0-py3-none-any.whl (33 kB)
2025-08-19T15:55:22.7555407Z #12 6.407 Downloading fastapi_cli-0.0.8-py3-none-any.whl (10 kB)
2025-08-19T15:55:22.7556368Z #12 6.414 Downloading greenlet-3.2.4-cp312-cp312-manylinux_2_24_x86_64.manylinux_2_28_x86_64.whl (607 kB)
2025-08-19T15:55:22.7557631Z #12 6.417    ━━━━━━━━━━━━━━━━━━━━━━━━━━━━━━━━━━━━━━━ 607.6/607.6 kB 565.3 MB/s eta 0:00:00
2025-08-19T15:55:22.7558258Z #12 6.424 Downloading h11-0.16.0-py3-none-any.whl (37 kB)
2025-08-19T15:55:22.7558817Z #12 6.432 Downloading idna-3.10-py3-none-any.whl (70 kB)
2025-08-19T15:55:22.7559437Z #12 6.439 Downloading jmespath-1.0.1-py3-none-any.whl (20 kB)
2025-08-19T15:55:22.7560330Z #12 6.451 Downloading kombu-5.5.4-py3-none-any.whl (210 kB)
2025-08-19T15:55:22.7560927Z #12 6.459 Downloading vine-5.1.0-py3-none-any.whl (9.6 kB)
2025-08-19T15:55:22.7561775Z #12 6.466 Downloading MarkupSafe-3.0.2-cp312-cp312-manylinux_2_17_x86_64.manylinux2014_x86_64.whl (23 kB)
2025-08-19T15:55:22.7562863Z #12 6.473 Downloading orjson-3.11.2-cp312-cp312-manylinux_2_17_x86_64.manylinux2014_x86_64.whl (121 kB)
2025-08-19T15:55:22.7563724Z #12 6.480 Downloading pydantic-2.11.7-py3-none-any.whl (444 kB)
2025-08-19T15:55:22.7564631Z #12 6.488 Downloading pydantic_core-2.33.2-cp312-cp312-manylinux_2_17_x86_64.manylinux2014_x86_64.whl (2.0 MB)
2025-08-19T15:55:22.8596693Z #12 6.495    ━━━━━━━━━━━━━━━━━━━━━━━━━━━━━━━━━━━━━━━━ 2.0/2.0 MB 428.7 MB/s eta 0:00:00
2025-08-19T15:55:22.8598348Z #12 6.502 Downloading python_dateutil-2.9.0.post0-py2.py3-none-any.whl (229 kB)
2025-08-19T15:55:22.8599382Z #12 6.509 Downloading python_dotenv-1.1.1-py3-none-any.whl (20 kB)
2025-08-19T15:55:22.8600777Z #12 6.516 Downloading python_multipart-0.0.20-py3-none-any.whl (24 kB)
2025-08-19T15:55:22.8601350Z #12 6.523 Downloading s3transfer-0.10.4-py3-none-any.whl (83 kB)
2025-08-19T15:55:22.8601968Z #12 6.530 Downloading starlette-0.37.2-py3-none-any.whl (71 kB)
2025-08-19T15:55:22.8602518Z #12 6.538 Downloading anyio-4.10.0-py3-none-any.whl (107 kB)
2025-08-19T15:55:22.8603020Z #12 6.545 Downloading sniffio-1.3.1-py3-none-any.whl (10 kB)
2025-08-19T15:55:22.8603636Z #12 6.553 Downloading typing_extensions-4.14.1-py3-none-any.whl (43 kB)
2025-08-19T15:55:22.8604474Z #12 6.563 Downloading tzdata-2025.2-py2.py3-none-any.whl (347 kB)
2025-08-19T15:55:22.8605210Z #12 6.571 Downloading ujson-5.10.0-cp312-cp312-manylinux_2_17_x86_64.manylinux2014_x86_64.whl (53 kB)
2025-08-19T15:55:22.8605885Z #12 6.578 Downloading urllib3-2.5.0-py3-none-any.whl (129 kB)
2025-08-19T15:55:22.8606393Z #12 6.585 Downloading certifi-2025.8.3-py3-none-any.whl (161 kB)
2025-08-19T15:55:22.8606971Z #12 6.593 Downloading mako-1.3.10-py3-none-any.whl (78 kB)
2025-08-19T15:55:22.9790497Z #12 6.600 Downloading amqp-5.3.1-py3-none-any.whl (50 kB)
2025-08-19T15:55:22.9791312Z #12 6.607 Downloading annotated_types-0.7.0-py3-none-any.whl (13 kB)
2025-08-19T15:55:22.9792141Z #12 6.614 Downloading dnspython-2.7.0-py3-none-any.whl (313 kB)
2025-08-19T15:55:22.9793349Z #12 6.622 Downloading httptools-0.6.4-cp312-cp312-manylinux_2_5_x86_64.manylinux1_x86_64.manylinux_2_17_x86_64.manylinux2014_x86_64.whl (510 kB)
2025-08-19T15:55:22.9794350Z #12 6.631 Downloading prompt_toolkit-3.0.51-py3-none-any.whl (387 kB)
2025-08-19T15:55:22.9795031Z #12 6.640 Downloading PyYAML-6.0.2-cp312-cp312-manylinux_2_17_x86_64.manylinux2014_x86_64.whl (767 kB)
2025-08-19T15:55:22.9796022Z #12 6.644    ━━━━━━━━━━━━━━━━━━━━━━━━━━━━━━━━━━━━━━━ 767.5/767.5 kB 285.7 MB/s eta 0:00:00
2025-08-19T15:55:22.9796510Z #12 6.651 Downloading rich_toolkit-0.15.0-py3-none-any.whl (29 kB)
2025-08-19T15:55:22.9797017Z #12 6.660 Downloading six-1.17.0-py2.py3-none-any.whl (11 kB)
2025-08-19T15:55:22.9797469Z #12 6.672 Downloading typer-0.16.1-py3-none-any.whl (46 kB)
2025-08-19T15:55:22.9797962Z #12 6.679 Downloading typing_inspection-0.4.1-py3-none-any.whl (14 kB)
2025-08-19T15:55:22.9798628Z #12 6.686 Downloading uvloop-0.21.0-cp312-cp312-manylinux_2_17_x86_64.manylinux2014_x86_64.whl (4.7 MB)
2025-08-19T15:55:23.2081417Z #12 6.712    ━━━━━━━━━━━━━━━━━━━━━━━━━━━━━━━━━━━━━━━━ 4.7/4.7 MB 195.6 MB/s eta 0:00:00
2025-08-19T15:55:23.2082431Z #12 6.720 Downloading watchfiles-1.1.0-cp312-cp312-manylinux_2_17_x86_64.manylinux2014_x86_64.whl (452 kB)
2025-08-19T15:55:23.2083941Z #12 6.734 Downloading websockets-15.0.1-cp312-cp312-manylinux_2_5_x86_64.manylinux1_x86_64.manylinux_2_17_x86_64.manylinux2014_x86_64.whl (182 kB)
2025-08-19T15:55:23.2085074Z #12 6.742 Downloading packaging-25.0-py3-none-any.whl (66 kB)
2025-08-19T15:55:23.2085712Z #12 6.749 Downloading rich-14.1.0-py3-none-any.whl (243 kB)
2025-08-19T15:55:23.2086429Z #12 6.756 Downloading shellingham-1.5.4-py2.py3-none-any.whl (9.8 kB)
2025-08-19T15:55:23.2087159Z #12 6.763 Downloading wcwidth-0.2.13-py2.py3-none-any.whl (34 kB)
2025-08-19T15:55:23.2087820Z #12 6.771 Downloading markdown_it_py-4.0.0-py3-none-any.whl (87 kB)
2025-08-19T15:55:23.2088513Z #12 6.778 Downloading pygments-2.19.2-py3-none-any.whl (1.2 MB)
2025-08-19T15:55:23.2089370Z #12 6.783    ━━━━━━━━━━━━━━━━━━━━━━━━━━━━━━━━━━━━━━━━ 1.2/1.2 MB 487.6 MB/s eta 0:00:00
2025-08-19T15:55:23.2090263Z #12 6.790 Downloading mdurl-0.1.2-py3-none-any.whl (10.0 kB)
2025-08-19T15:55:23.2708351Z #12 7.003 Installing collected packages: wcwidth, websockets, vine, uvloop, urllib3, ujson, tzdata, typing-extensions, structlog, sniffio, six, shellingham, redis, pyyaml, python-multipart, python-dotenv, pygments, psycopg-binary, prompt-toolkit, packaging, orjson, mdurl, MarkupSafe, jmespath, idna, httptools, h11, greenlet, dnspython, click, certifi, billiard, asyncpg, annotated-types, uvicorn, typing-inspection, sqlalchemy, sentry-sdk, python-dateutil, pydantic-core, psycopg, markdown-it-py, Mako, Jinja2, httpcore, email_validator, click-repl, click-plugins, click-didyoumean, anyio, amqp, watchfiles, starlette, rich, pydantic, kombu, httpx, botocore, alembic, typer, s3transfer, rich-toolkit, pydantic-settings, celery, asgi-correlation-id, fastapi-cli, boto3, fastapi, fastapi-limiter
2025-08-19T15:55:29.4122908Z #12 13.14 Successfully installed Jinja2-3.1.5 Mako-1.3.10 MarkupSafe-3.0.2 alembic-1.13.1 amqp-5.3.1 annotated-types-0.7.0 anyio-4.10.0 asgi-correlation-id-4.3.1 asyncpg-0.29.0 billiard-4.2.1 boto3-1.34.162 botocore-1.34.162 celery-5.3.6 certifi-2025.8.3 click-8.2.1 click-didyoumean-0.3.1 click-plugins-1.1.1.2 click-repl-0.3.0 dnspython-2.7.0 email_validator-2.2.0 fastapi-0.111.0 fastapi-cli-0.0.8 fastapi-limiter-0.1.6 greenlet-3.2.4 h11-0.16.0 httpcore-1.0.9 httptools-0.6.4 httpx-0.27.2 idna-3.10 jmespath-1.0.1 kombu-5.5.4 markdown-it-py-4.0.0 mdurl-0.1.2 orjson-3.11.2 packaging-25.0 prompt-toolkit-3.0.51 psycopg-3.2.9 psycopg-binary-3.2.9 pydantic-2.11.7 pydantic-core-2.33.2 pydantic-settings-2.2.1 pygments-2.19.2 python-dateutil-2.9.0.post0 python-dotenv-1.1.1 python-multipart-0.0.20 pyyaml-6.0.2 redis-5.0.8 rich-14.1.0 rich-toolkit-0.15.0 s3transfer-0.10.4 sentry-sdk-2.9.0 shellingham-1.5.4 six-1.17.0 sniffio-1.3.1 sqlalchemy-2.0.29 starlette-0.37.2 structlog-24.1.0 typer-0.16.1 typing-extensions-4.14.1 typing-inspection-0.4.1 tzdata-2025.2 ujson-5.10.0 urllib3-2.5.0 uvicorn-0.29.0 uvloop-0.21.0 vine-5.1.0 watchfiles-1.1.0 wcwidth-0.2.13 websockets-15.0.1
2025-08-19T15:55:29.6470574Z #12 13.14 WARNING: Running pip as the 'root' user can result in broken permissions and conflicting behaviour with the system package manager, possibly rendering your system unusable. It is recommended to use a virtual environment instead: https://pip.pypa.io/warnings/venv. Use the --root-user-action option if you know what you are doing and want to suppress this warning.
2025-08-19T15:55:29.6473627Z #12 13.23 
2025-08-19T15:55:29.6474020Z #12 13.23 [notice] A new release of pip is available: 25.0.1 -> 25.2
2025-08-19T15:55:29.6474566Z #12 13.23 [notice] To update, run: pip install --upgrade pip
2025-08-19T15:55:29.8413278Z #12 DONE 13.6s
2025-08-19T15:55:29.9468834Z 
2025-08-19T15:55:29.9469433Z #14 [base  5/13] COPY services/api/ ./services/api
2025-08-19T15:55:29.9470695Z #14 DONE 0.1s
2025-08-19T15:55:29.9471143Z 
2025-08-19T15:55:29.9471372Z #15 [base  6/13] COPY services/common/ ./services/common
2025-08-19T15:55:29.9471833Z #15 DONE 0.0s
2025-08-19T15:55:30.0760346Z 
2025-08-19T15:55:30.0761184Z #16 [base  7/13] COPY services/ingest/ ./services/ingest
2025-08-19T15:55:30.0761721Z #16 DONE 0.0s
2025-08-19T15:55:30.0761895Z 
2025-08-19T15:55:30.0762068Z #17 [base  8/13] COPY services/etl/ ./services/etl
2025-08-19T15:55:30.0762486Z #17 DONE 0.0s
2025-08-19T15:55:30.0763000Z 
2025-08-19T15:55:30.0763157Z #18 [base  9/13] COPY api/ ./api
2025-08-19T15:55:30.0763533Z #18 DONE 0.0s
2025-08-19T15:55:30.0763703Z 
2025-08-19T15:55:30.0763934Z #19 [base 10/13] COPY services/api/alembic.ini ./alembic.ini
2025-08-19T15:55:30.0764423Z #19 DONE 0.0s
2025-08-19T15:55:30.0764597Z 
2025-08-19T15:55:30.0764748Z #20 [base 11/13] COPY alembic/ ./alembic/
2025-08-19T15:55:30.0765136Z #20 DONE 0.0s
2025-08-19T15:55:30.0765297Z 
2025-08-19T15:55:30.0765546Z #21 [base 12/13] COPY services/api/entrypoint.sh ./entrypoint.sh
2025-08-19T15:55:30.0766057Z #21 DONE 0.0s
2025-08-19T15:55:30.0766225Z 
2025-08-19T15:55:30.0766384Z #22 [base 13/13] RUN chmod +x ./entrypoint.sh
2025-08-19T15:55:30.0766788Z #22 DONE 0.1s
2025-08-19T15:55:30.9522211Z 
2025-08-19T15:55:30.9522977Z #23 [stage-1 4/6] COPY --from=base /usr/local /usr/local
2025-08-19T15:55:32.7618726Z #23 DONE 1.8s
2025-08-19T15:55:32.8700331Z 
2025-08-19T15:55:32.8700840Z #24 [stage-1 5/6] COPY --from=base /app /app
2025-08-19T15:55:32.8701352Z #24 DONE 0.1s
2025-08-19T15:55:33.0759425Z 
2025-08-19T15:55:33.0760080Z #25 [stage-1 6/6] RUN chmod +x /app/entrypoint.sh
2025-08-19T15:55:33.0760577Z #25 DONE 0.1s
2025-08-19T15:55:33.0760747Z 
2025-08-19T15:55:33.0761246Z #26 exporting to docker image format
2025-08-19T15:55:33.0761650Z #26 exporting layers
2025-08-19T15:55:38.3497710Z #26 exporting layers 5.4s done
2025-08-19T15:55:38.5072329Z #26 exporting manifest sha256:47262b4dde958ef0d7d5e3294cdb434e994a49408bd8b5cf1c2429ec66ecdef8 done
2025-08-19T15:55:38.5073699Z #26 exporting config sha256:13aaab8e727b4fa82acf55c28ddab8c21987e136965fbe71c77cfc92bfecad21 done
2025-08-19T15:55:38.5074490Z #26 sending tarball
2025-08-19T15:55:38.9264629Z #26 ...
2025-08-19T15:55:38.9264888Z 
2025-08-19T15:55:38.9265380Z #27 importing to docker
2025-08-19T15:55:39.0770924Z #27 loading layer e6a3842ebc7f 327.68kB / 29.77MB
2025-08-19T15:55:39.8087843Z #27 loading layer 11a4ec4d004e 32.77kB / 1.29MB
2025-08-19T15:55:40.1946989Z #27 loading layer 07cd4433de32 131.07kB / 12.11MB
2025-08-19T15:55:40.7551973Z #27 loading layer e33228fe7708 251B / 251B
2025-08-19T15:55:40.9419702Z #27 loading layer e2b79eeae0c5 93B / 93B
2025-08-19T15:55:40.9420229Z #27 loading layer 26acd695941b 196.61kB / 19.48MB
2025-08-19T15:55:41.7278051Z #27 loading layer 5ee70c1858e6 557.06kB / 56.29MB
2025-08-19T15:55:43.7437999Z #27 loading layer 5ee70c1858e6 41.22MB / 56.29MB 2.0s
2025-08-19T15:55:44.6921687Z #27 loading layer f60303e66840 32.77kB / 38.44kB
2025-08-19T15:55:44.7789760Z #27 loading layer e6a3842ebc7f 29.77MB / 29.77MB 5.8s done
2025-08-19T15:55:44.7791112Z #27 loading layer 11a4ec4d004e 1.29MB / 1.29MB 5.0s done
2025-08-19T15:55:44.7791985Z #27 loading layer 07cd4433de32 12.11MB / 12.11MB 4.6s done
2025-08-19T15:55:44.7792692Z #27 loading layer e33228fe7708 251B / 251B 4.0s done
2025-08-19T15:55:44.7793427Z #27 loading layer e2b79eeae0c5 93B / 93B 4.0s done
2025-08-19T15:55:44.7794295Z #27 loading layer 26acd695941b 19.48MB / 19.48MB 4.0s done
2025-08-19T15:55:44.7794952Z #27 loading layer 5ee70c1858e6 56.29MB / 56.29MB 3.0s done
2025-08-19T15:55:44.7795515Z #27 loading layer f60303e66840 38.44kB / 38.44kB 0.1s done
2025-08-19T15:55:44.7796057Z #27 loading layer 5f70bf18a086 32B / 32B 0.0s done
2025-08-19T15:55:44.7796541Z #27 DONE 5.8s
2025-08-19T15:55:44.7796735Z 
2025-08-19T15:55:44.7796901Z #26 exporting to docker image format
2025-08-19T15:55:44.7797343Z #26 sending tarball 6.4s done
2025-08-19T15:55:44.7797706Z #26 DONE 11.8s
2025-08-19T15:55:44.9157647Z Post job cleanup.
2025-08-19T15:55:45.0512327Z [warning]Path Validation Error: Path(s) specified in the action for caching do(es) not exist, hence no cache is being saved.
2025-08-19T15:55:45.0605539Z Post job cleanup.
2025-08-19T15:55:45.3425503Z ##[group]Removing builder
2025-08-19T15:55:45.4660530Z [command]/usr/bin/docker buildx rm builder-c145c164-070c-47de-8d33-a01a8efbc6ac
2025-08-19T15:55:46.5235435Z builder-c145c164-070c-47de-8d33-a01a8efbc6ac removed
2025-08-19T15:55:46.5271156Z ##[endgroup]
2025-08-19T15:55:46.5272348Z ##[group]Cleaning up certificates
2025-08-19T15:55:46.5278450Z ##[endgroup]
2025-08-19T15:55:46.5279336Z ##[group]Post cache
2025-08-19T15:55:46.5282128Z State not set
2025-08-19T15:55:46.5282727Z ##[endgroup]
2025-08-19T15:55:46.5407652Z Post job cleanup.
2025-08-19T15:55:46.6363108Z [command]/usr/bin/git version
2025-08-19T15:55:46.6400491Z git version 2.50.1
2025-08-19T15:55:46.6452417Z Temporarily overriding HOME='/home/runner/work/_temp/596b5d15-b911-4ad4-9c6e-0c744fe154ee' before making global git config changes
2025-08-19T15:55:46.6453703Z Adding repository directory to the temporary git global config as a safe directory
2025-08-19T15:55:46.6458601Z [command]/usr/bin/git config --global --add safe.directory /home/runner/work/AWA-App/AWA-App
2025-08-19T15:55:46.6493732Z [command]/usr/bin/git config --local --name-only --get-regexp core\.sshCommand
2025-08-19T15:55:46.6526256Z [command]/usr/bin/git submodule foreach --recursive sh -c "git config --local --name-only --get-regexp 'core\.sshCommand' && git config --local --unset-all 'core.sshCommand' || :"
2025-08-19T15:55:46.6753500Z [command]/usr/bin/git config --local --name-only --get-regexp http\.https\:\/\/github\.com\/\.extraheader
2025-08-19T15:55:46.6774891Z http.https://github.com/.extraheader
2025-08-19T15:55:46.6787224Z [command]/usr/bin/git config --local --unset-all http.https://github.com/.extraheader
2025-08-19T15:55:46.6817306Z [command]/usr/bin/git submodule foreach --recursive sh -c "git config --local --name-only --get-regexp 'http\.https\:\/\/github\.com\/\.extraheader' && git config --local --unset-all 'http.https://github.com/.extraheader' || :"
2025-08-19T15:55:46.7145280Z Cleaning up orphan processes
