2025-08-16T23:11:11.3173581Z Current runner version: '2.327.1'
2025-08-16T23:11:11.3211129Z ##[group]Runner Image Provisioner
2025-08-16T23:11:11.3212443Z Hosted Compute Agent
2025-08-16T23:11:11.3213535Z Version: 20250812.370
2025-08-16T23:11:11.3214698Z Commit: 4a2b2bf7520004e3e907c2150c8cabe342a3da32
2025-08-16T23:11:11.3215940Z Build Date: 2025-08-12T16:08:14Z
2025-08-16T23:11:11.3216980Z ##[endgroup]
2025-08-16T23:11:11.3217844Z ##[group]Operating System
2025-08-16T23:11:11.3218983Z Ubuntu
2025-08-16T23:11:11.3219798Z 24.04.2
2025-08-16T23:11:11.3220526Z LTS
2025-08-16T23:11:11.3221569Z ##[endgroup]
2025-08-16T23:11:11.3222421Z ##[group]Runner Image
2025-08-16T23:11:11.3223616Z Image: ubuntu-24.04
2025-08-16T23:11:11.3224617Z Version: 20250810.1.0
2025-08-16T23:11:11.3226472Z Included Software: https://github.com/actions/runner-images/blob/ubuntu24/20250810.1/images/ubuntu/Ubuntu2404-Readme.md
2025-08-16T23:11:11.3229366Z Image Release: https://github.com/actions/runner-images/releases/tag/ubuntu24%2F20250810.1
2025-08-16T23:11:11.3231060Z ##[endgroup]
2025-08-16T23:11:11.3235848Z ##[group]GITHUB_TOKEN Permissions
2025-08-16T23:11:11.3238950Z Actions: write
2025-08-16T23:11:11.3239509Z Attestations: write
2025-08-16T23:11:11.3240162Z Checks: write
2025-08-16T23:11:11.3240627Z Contents: write
2025-08-16T23:11:11.3241136Z Deployments: write
2025-08-16T23:11:11.3241708Z Discussions: write
2025-08-16T23:11:11.3242297Z Issues: write
2025-08-16T23:11:11.3242749Z Metadata: read
2025-08-16T23:11:11.3243611Z Models: read
2025-08-16T23:11:11.3244144Z Packages: write
2025-08-16T23:11:11.3244618Z Pages: write
2025-08-16T23:11:11.3245164Z PullRequests: write
2025-08-16T23:11:11.3245728Z RepositoryProjects: write
2025-08-16T23:11:11.3246299Z SecurityEvents: write
2025-08-16T23:11:11.3247010Z Statuses: write
2025-08-16T23:11:11.3247516Z ##[endgroup]
2025-08-16T23:11:11.3249685Z Secret source: Actions
2025-08-16T23:11:11.3250733Z Prepare workflow directory
2025-08-16T23:11:11.3663904Z Prepare all required actions
2025-08-16T23:11:11.3721798Z Getting action download info
2025-08-16T23:11:11.6940676Z Download action repository 'actions/checkout@v4' (SHA:08eba0b27e820071cde6df949e0beb9ba4906955)
2025-08-16T23:11:12.1242364Z Download action repository 'docker/setup-buildx-action@v3' (SHA:e468171a9de216ec08956ac3ada2f0791b6bd435)
2025-08-16T23:11:12.7428081Z Download action repository 'actions/cache@v4' (SHA:0400d5f644dc74513175e3cd8d07132dd4860809)
2025-08-16T23:11:13.4047716Z Complete job name: container-build
2025-08-16T23:11:13.4816902Z ##[group]Run actions/checkout@v4
2025-08-16T23:11:13.4818160Z with:
2025-08-16T23:11:13.4818879Z   repository: AlexBomber12/AWA-App
2025-08-16T23:11:13.4820126Z   token: ***
2025-08-16T23:11:13.4820813Z   ssh-strict: true
2025-08-16T23:11:13.4821517Z   ssh-user: git
2025-08-16T23:11:13.4822260Z   persist-credentials: true
2025-08-16T23:11:13.4823264Z   clean: true
2025-08-16T23:11:13.4824012Z   sparse-checkout-cone-mode: true
2025-08-16T23:11:13.4824912Z   fetch-depth: 1
2025-08-16T23:11:13.4825624Z   fetch-tags: false
2025-08-16T23:11:13.4826394Z   show-progress: true
2025-08-16T23:11:13.4827146Z   lfs: false
2025-08-16T23:11:13.4827816Z   submodules: false
2025-08-16T23:11:13.4828551Z   set-safe-directory: true
2025-08-16T23:11:13.4829620Z ##[endgroup]
2025-08-16T23:11:13.5905960Z Syncing repository: AlexBomber12/AWA-App
2025-08-16T23:11:13.5908716Z ##[group]Getting Git version info
2025-08-16T23:11:13.5909953Z Working directory is '/home/runner/work/AWA-App/AWA-App'
2025-08-16T23:11:13.5911768Z [command]/usr/bin/git version
2025-08-16T23:11:13.5921891Z git version 2.50.1
2025-08-16T23:11:13.5947708Z ##[endgroup]
2025-08-16T23:11:13.5962096Z Temporarily overriding HOME='/home/runner/work/_temp/9d55797e-f9ee-4708-9d53-8191feb8911c' before making global git config changes
2025-08-16T23:11:13.5965675Z Adding repository directory to the temporary git global config as a safe directory
2025-08-16T23:11:13.5974567Z [command]/usr/bin/git config --global --add safe.directory /home/runner/work/AWA-App/AWA-App
2025-08-16T23:11:13.6006751Z Deleting the contents of '/home/runner/work/AWA-App/AWA-App'
2025-08-16T23:11:13.6010276Z ##[group]Initializing the repository
2025-08-16T23:11:13.6014092Z [command]/usr/bin/git init /home/runner/work/AWA-App/AWA-App
2025-08-16T23:11:13.6079033Z hint: Using 'master' as the name for the initial branch. This default branch name
2025-08-16T23:11:13.6082166Z hint: is subject to change. To configure the initial branch name to use in all
2025-08-16T23:11:13.6085455Z hint: of your new repositories, which will suppress this warning, call:
2025-08-16T23:11:13.6087775Z hint:
2025-08-16T23:11:13.6089257Z hint: 	git config --global init.defaultBranch <name>
2025-08-16T23:11:13.6091089Z hint:
2025-08-16T23:11:13.6093121Z hint: Names commonly chosen instead of 'master' are 'main', 'trunk' and
2025-08-16T23:11:13.6096248Z hint: 'development'. The just-created branch can be renamed via this command:
2025-08-16T23:11:13.6098513Z hint:
2025-08-16T23:11:13.6099608Z hint: 	git branch -m <name>
2025-08-16T23:11:13.6100979Z hint:
2025-08-16T23:11:13.6102162Z hint: Disable this message with "git config set advice.defaultBranchName false"
2025-08-16T23:11:13.6104344Z Initialized empty Git repository in /home/runner/work/AWA-App/AWA-App/.git/
2025-08-16T23:11:13.6108425Z [command]/usr/bin/git remote add origin https://github.com/AlexBomber12/AWA-App
2025-08-16T23:11:13.6129613Z ##[endgroup]
2025-08-16T23:11:13.6130941Z ##[group]Disabling automatic garbage collection
2025-08-16T23:11:13.6132694Z [command]/usr/bin/git config --local gc.auto 0
2025-08-16T23:11:13.6161094Z ##[endgroup]
2025-08-16T23:11:13.6162290Z ##[group]Setting up auth
2025-08-16T23:11:13.6168279Z [command]/usr/bin/git config --local --name-only --get-regexp core\.sshCommand
2025-08-16T23:11:13.6202025Z [command]/usr/bin/git submodule foreach --recursive sh -c "git config --local --name-only --get-regexp 'core\.sshCommand' && git config --local --unset-all 'core.sshCommand' || :"
2025-08-16T23:11:13.6469435Z [command]/usr/bin/git config --local --name-only --get-regexp http\.https\:\/\/github\.com\/\.extraheader
2025-08-16T23:11:13.6502274Z [command]/usr/bin/git submodule foreach --recursive sh -c "git config --local --name-only --get-regexp 'http\.https\:\/\/github\.com\/\.extraheader' && git config --local --unset-all 'http.https://github.com/.extraheader' || :"
2025-08-16T23:11:13.6718732Z [command]/usr/bin/git config --local http.https://github.com/.extraheader AUTHORIZATION: basic ***
2025-08-16T23:11:13.6753168Z ##[endgroup]
2025-08-16T23:11:13.6755464Z ##[group]Fetching the repository
2025-08-16T23:11:13.6771072Z [command]/usr/bin/git -c protocol.version=2 fetch --no-tags --prune --no-recurse-submodules --depth=1 origin +58260334249d84dabf3231478f60be8fa1538493:refs/remotes/origin/main
2025-08-16T23:11:14.0721682Z From https://github.com/AlexBomber12/AWA-App
2025-08-16T23:11:14.0724345Z  * [new ref]         58260334249d84dabf3231478f60be8fa1538493 -> origin/main
2025-08-16T23:11:14.0747196Z ##[endgroup]
2025-08-16T23:11:14.0748807Z ##[group]Determining the checkout info
2025-08-16T23:11:14.0750349Z ##[endgroup]
2025-08-16T23:11:14.0753917Z [command]/usr/bin/git sparse-checkout disable
2025-08-16T23:11:14.0790835Z [command]/usr/bin/git config --local --unset-all extensions.worktreeConfig
2025-08-16T23:11:14.0818816Z ##[group]Checking out the ref
2025-08-16T23:11:14.0821654Z [command]/usr/bin/git checkout --progress --force -B main refs/remotes/origin/main
2025-08-16T23:11:14.1125610Z Switched to a new branch 'main'
2025-08-16T23:11:14.1127886Z branch 'main' set up to track 'origin/main'.
2025-08-16T23:11:14.1137409Z ##[endgroup]
2025-08-16T23:11:14.1179360Z [command]/usr/bin/git log -1 --format=%H
2025-08-16T23:11:14.1203463Z 58260334249d84dabf3231478f60be8fa1538493
2025-08-16T23:11:14.1471695Z ##[group]Run docker/setup-buildx-action@v3
2025-08-16T23:11:14.1472660Z with:
2025-08-16T23:11:14.1473502Z   driver: docker-container
2025-08-16T23:11:14.1474297Z   install: false
2025-08-16T23:11:14.1474947Z   use: true
2025-08-16T23:11:14.1475590Z   keep-state: false
2025-08-16T23:11:14.1476495Z   cache-binary: true
2025-08-16T23:11:14.1477203Z   cleanup: true
2025-08-16T23:11:14.1477854Z ##[endgroup]
2025-08-16T23:11:14.4339889Z ##[group]Docker info
2025-08-16T23:11:14.4362605Z [command]/usr/bin/docker version
2025-08-16T23:11:15.6652770Z Client: Docker Engine - Community
2025-08-16T23:11:15.6656165Z  Version:           28.0.4
2025-08-16T23:11:15.6656668Z  API version:       1.48
2025-08-16T23:11:15.6657033Z  Go version:        go1.23.7
2025-08-16T23:11:15.6657408Z  Git commit:        b8034c0
2025-08-16T23:11:15.6657778Z  Built:             Tue Mar 25 15:07:16 2025
2025-08-16T23:11:15.6658197Z  OS/Arch:           linux/amd64
2025-08-16T23:11:15.6658663Z  Context:           default
2025-08-16T23:11:15.6658890Z 
2025-08-16T23:11:15.6659045Z Server: Docker Engine - Community
2025-08-16T23:11:15.6659417Z  Engine:
2025-08-16T23:11:15.6659683Z   Version:          28.0.4
2025-08-16T23:11:15.6660076Z   API version:      1.48 (minimum version 1.24)
2025-08-16T23:11:15.6660512Z   Go version:       go1.23.7
2025-08-16T23:11:15.6660890Z   Git commit:       6430e49
2025-08-16T23:11:15.6661360Z   Built:            Tue Mar 25 15:07:16 2025
2025-08-16T23:11:15.6661756Z   OS/Arch:          linux/amd64
2025-08-16T23:11:15.6662136Z   Experimental:     false
2025-08-16T23:11:15.6662480Z  containerd:
2025-08-16T23:11:15.6662786Z   Version:          1.7.27
2025-08-16T23:11:15.6663422Z   GitCommit:        05044ec0a9a75232cad458027ca83437aae3f4da
2025-08-16T23:11:15.6663896Z  runc:
2025-08-16T23:11:15.6664173Z   Version:          1.2.5
2025-08-16T23:11:15.6664537Z   GitCommit:        v1.2.5-0-g59923ef
2025-08-16T23:11:15.6664938Z  docker-init:
2025-08-16T23:11:15.6665229Z   Version:          0.19.0
2025-08-16T23:11:15.6665573Z   GitCommit:        de40ad0
2025-08-16T23:11:15.6708622Z [command]/usr/bin/docker info
2025-08-16T23:11:18.3524542Z Client: Docker Engine - Community
2025-08-16T23:11:18.3525334Z  Version:    28.0.4
2025-08-16T23:11:18.3525806Z  Context:    default
2025-08-16T23:11:18.3526377Z  Debug Mode: false
2025-08-16T23:11:18.3526710Z  Plugins:
2025-08-16T23:11:18.3527024Z   buildx: Docker Buildx (Docker Inc.)
2025-08-16T23:11:18.3527421Z     Version:  v0.26.1
2025-08-16T23:11:18.3527836Z     Path:     /usr/libexec/docker/cli-plugins/docker-buildx
2025-08-16T23:11:18.3528341Z   compose: Docker Compose (Docker Inc.)
2025-08-16T23:11:18.3528738Z     Version:  v2.38.2
2025-08-16T23:11:18.3529136Z     Path:     /usr/libexec/docker/cli-plugins/docker-compose
2025-08-16T23:11:18.3529499Z 
2025-08-16T23:11:18.3529607Z Server:
2025-08-16T23:11:18.3529865Z  Containers: 0
2025-08-16T23:11:18.3530137Z   Running: 0
2025-08-16T23:11:18.3530460Z   Paused: 0
2025-08-16T23:11:18.3530720Z   Stopped: 0
2025-08-16T23:11:18.3531004Z  Images: 0
2025-08-16T23:11:18.3531270Z  Server Version: 28.0.4
2025-08-16T23:11:18.3531601Z  Storage Driver: overlay2
2025-08-16T23:11:18.3531943Z   Backing Filesystem: extfs
2025-08-16T23:11:18.3532300Z   Supports d_type: true
2025-08-16T23:11:18.3532521Z   Using metacopy: false
2025-08-16T23:11:18.3532727Z   Native Overlay Diff: false
2025-08-16T23:11:18.3533213Z   userxattr: false
2025-08-16T23:11:18.3533415Z  Logging Driver: json-file
2025-08-16T23:11:18.3533620Z  Cgroup Driver: systemd
2025-08-16T23:11:18.3533799Z  Cgroup Version: 2
2025-08-16T23:11:18.3533968Z  Plugins:
2025-08-16T23:11:18.3534146Z   Volume: local
2025-08-16T23:11:18.3534356Z   Network: bridge host ipvlan macvlan null overlay
2025-08-16T23:11:18.3534713Z   Log: awslogs fluentd gcplogs gelf journald json-file local splunk syslog
2025-08-16T23:11:18.3535035Z  Swarm: inactive
2025-08-16T23:11:18.3535229Z  Runtimes: io.containerd.runc.v2 runc
2025-08-16T23:11:18.3535460Z  Default Runtime: runc
2025-08-16T23:11:18.3536099Z  Init Binary: docker-init
2025-08-16T23:11:18.3536447Z  containerd version: 05044ec0a9a75232cad458027ca83437aae3f4da
2025-08-16T23:11:18.3536843Z  runc version: v1.2.5-0-g59923ef
2025-08-16T23:11:18.3537255Z  init version: de40ad0
2025-08-16T23:11:18.3537695Z  Security Options:
2025-08-16T23:11:18.3538143Z   apparmor
2025-08-16T23:11:18.3538658Z   seccomp
2025-08-16T23:11:18.3539001Z    Profile: builtin
2025-08-16T23:11:18.3539269Z   cgroupns
2025-08-16T23:11:18.3539540Z  Kernel Version: 6.11.0-1018-azure
2025-08-16T23:11:18.3539927Z  Operating System: Ubuntu 24.04.2 LTS
2025-08-16T23:11:18.3540243Z  OSType: linux
2025-08-16T23:11:18.3540550Z  Architecture: x86_64
2025-08-16T23:11:18.3540809Z  CPUs: 4
2025-08-16T23:11:18.3541061Z  Total Memory: 15.62GiB
2025-08-16T23:11:18.3541303Z  Name: pkrvmubgrv54qmi
2025-08-16T23:11:18.3541666Z  ID: 2166c256-3f30-4fc2-abf1-e8d653854173
2025-08-16T23:11:18.3542006Z  Docker Root Dir: /var/lib/docker
2025-08-16T23:11:18.3542297Z  Debug Mode: false
2025-08-16T23:11:18.3542647Z  Username: githubactions
2025-08-16T23:11:18.3543135Z  Experimental: false
2025-08-16T23:11:18.3543490Z  Insecure Registries:
2025-08-16T23:11:18.3547886Z   ::1/128
2025-08-16T23:11:18.3548224Z   127.0.0.0/8
2025-08-16T23:11:18.3548478Z  Live Restore Enabled: false
2025-08-16T23:11:18.3548771Z 
2025-08-16T23:11:18.3549296Z ##[endgroup]
2025-08-16T23:11:18.4571793Z ##[group]Buildx version
2025-08-16T23:11:18.4599852Z [command]/usr/bin/docker buildx version
2025-08-16T23:11:18.5114196Z github.com/docker/buildx v0.26.1 1a8287f22cf5a38339a4c1bf432b803c5f8b2aae
2025-08-16T23:11:18.5145197Z ##[endgroup]
2025-08-16T23:11:18.5294450Z ##[group]Inspecting default docker context
2025-08-16T23:11:18.5428443Z [
2025-08-16T23:11:18.5429013Z   {
2025-08-16T23:11:18.5429551Z     "Name": "default",
2025-08-16T23:11:18.5430095Z     "Metadata": {},
2025-08-16T23:11:18.5430532Z     "Endpoints": {
2025-08-16T23:11:18.5431086Z       "docker": {
2025-08-16T23:11:18.5431658Z         "Host": "unix:///var/run/docker.sock",
2025-08-16T23:11:18.5432366Z         "SkipTLSVerify": false
2025-08-16T23:11:18.5433097Z       }
2025-08-16T23:11:18.5433742Z     },
2025-08-16T23:11:18.5434164Z     "TLSMaterial": {},
2025-08-16T23:11:18.5434678Z     "Storage": {
2025-08-16T23:11:18.5435332Z       "MetadataPath": "<IN MEMORY>",
2025-08-16T23:11:18.5436006Z       "TLSPath": "<IN MEMORY>"
2025-08-16T23:11:18.5436552Z     }
2025-08-16T23:11:18.5437097Z   }
2025-08-16T23:11:18.5437538Z ]
2025-08-16T23:11:18.5438379Z ##[endgroup]
2025-08-16T23:11:18.5439481Z ##[group]Creating a new builder instance
2025-08-16T23:11:18.6858236Z [command]/usr/bin/docker buildx create --name builder-e36438da-2650-4cde-af3b-bb1965accc00 --driver docker-container --buildkitd-flags --allow-insecure-entitlement security.insecure --allow-insecure-entitlement network.host --use
2025-08-16T23:11:18.7630541Z builder-e36438da-2650-4cde-af3b-bb1965accc00
2025-08-16T23:11:18.7665060Z ##[endgroup]
2025-08-16T23:11:18.7666058Z ##[group]Booting builder
2025-08-16T23:11:18.7701267Z [command]/usr/bin/docker buildx inspect --bootstrap --builder builder-e36438da-2650-4cde-af3b-bb1965accc00
2025-08-16T23:11:18.8342114Z #1 [internal] booting buildkit
2025-08-16T23:11:18.9851967Z #1 pulling image moby/buildkit:buildx-stable-1
2025-08-16T23:11:23.0361751Z #1 pulling image moby/buildkit:buildx-stable-1 4.2s done
2025-08-16T23:11:23.1865498Z #1 creating container buildx_buildkit_builder-e36438da-2650-4cde-af3b-bb1965accc000
2025-08-16T23:11:24.0515669Z #1 creating container buildx_buildkit_builder-e36438da-2650-4cde-af3b-bb1965accc000 1.0s done
2025-08-16T23:11:24.0583796Z #1 DONE 5.2s
2025-08-16T23:11:24.0925827Z Name:          builder-e36438da-2650-4cde-af3b-bb1965accc00
2025-08-16T23:11:24.0926479Z Driver:        docker-container
2025-08-16T23:11:24.0927025Z Last Activity: 2025-08-16 23:11:18 +0000 UTC
2025-08-16T23:11:24.0927355Z 
2025-08-16T23:11:24.0927682Z Nodes:
2025-08-16T23:11:24.0928320Z Name:                  builder-e36438da-2650-4cde-af3b-bb1965accc000
2025-08-16T23:11:24.0929983Z Endpoint:              unix:///var/run/docker.sock
2025-08-16T23:11:24.0931423Z Status:                running
2025-08-16T23:11:24.0933563Z BuildKit daemon flags: --allow-insecure-entitlement security.insecure --allow-insecure-entitlement network.host
2025-08-16T23:11:24.0934544Z BuildKit version:      v0.22.0
2025-08-16T23:11:24.0935476Z Platforms:             linux/amd64, linux/amd64/v2, linux/amd64/v3, linux/386
2025-08-16T23:11:24.0936117Z Labels:
2025-08-16T23:11:24.0936560Z  org.mobyproject.buildkit.worker.executor:         oci
2025-08-16T23:11:24.1030244Z  org.mobyproject.buildkit.worker.hostname:         934e7784f1ef
2025-08-16T23:11:24.1030928Z  org.mobyproject.buildkit.worker.network:          host
2025-08-16T23:11:24.1031550Z  org.mobyproject.buildkit.worker.oci.process-mode: sandbox
2025-08-16T23:11:24.1032190Z  org.mobyproject.buildkit.worker.selinux.enabled:  false
2025-08-16T23:11:24.1033044Z  org.mobyproject.buildkit.worker.snapshotter:      overlayfs
2025-08-16T23:11:24.1033575Z GC Policy rule#0:
2025-08-16T23:11:24.1033887Z  All:            false
2025-08-16T23:11:24.1034416Z  Filters:        type==source.local,type==exec.cachemount,type==source.git.checkout
2025-08-16T23:11:24.1035064Z  Keep Duration:  48h0m0s
2025-08-16T23:11:24.1035414Z  Max Used Space: 488.3MiB
2025-08-16T23:11:24.1035757Z GC Policy rule#1:
2025-08-16T23:11:24.1036049Z  All:            false
2025-08-16T23:11:24.1036372Z  Keep Duration:  1440h0m0s
2025-08-16T23:11:24.1036710Z  Reserved Space: 7.451GiB
2025-08-16T23:11:24.1037056Z  Max Used Space: 54.02GiB
2025-08-16T23:11:24.1037380Z  Min Free Space: 13.97GiB
2025-08-16T23:11:24.1037710Z GC Policy rule#2:
2025-08-16T23:11:24.1037997Z  All:            false
2025-08-16T23:11:24.1038308Z  Reserved Space: 7.451GiB
2025-08-16T23:11:24.1038654Z  Max Used Space: 54.02GiB
2025-08-16T23:11:24.1038985Z  Min Free Space: 13.97GiB
2025-08-16T23:11:24.1039310Z GC Policy rule#3:
2025-08-16T23:11:24.1039590Z  All:            true
2025-08-16T23:11:24.1039896Z  Reserved Space: 7.451GiB
2025-08-16T23:11:24.1040230Z  Max Used Space: 54.02GiB
2025-08-16T23:11:24.1040570Z  Min Free Space: 13.97GiB
2025-08-16T23:11:24.1041273Z ##[endgroup]
2025-08-16T23:11:24.1853337Z ##[group]Inspect builder
2025-08-16T23:11:24.1855216Z {
2025-08-16T23:11:24.1855477Z   "nodes": [
2025-08-16T23:11:24.1855738Z     {
2025-08-16T23:11:24.1856072Z       "name": "builder-e36438da-2650-4cde-af3b-bb1965accc000",
2025-08-16T23:11:24.1856401Z       "endpoint": "unix:///var/run/docker.sock",
2025-08-16T23:11:24.1856663Z       "status": "running",
2025-08-16T23:11:24.1857133Z       "buildkitd-flags": "--allow-insecure-entitlement security.insecure --allow-insecure-entitlement network.host",
2025-08-16T23:11:24.1857601Z       "buildkit": "v0.22.0",
2025-08-16T23:11:24.1857886Z       "platforms": "linux/amd64,linux/amd64/v2,linux/amd64/v3,linux/386",
2025-08-16T23:11:24.1858279Z       "features": {
2025-08-16T23:11:24.1858736Z         "Automatically load images to the Docker Engine image store": true,
2025-08-16T23:11:24.1859229Z         "Cache export": true,
2025-08-16T23:11:24.1859525Z         "Direct push": true,
2025-08-16T23:11:24.1859866Z         "Docker exporter": true,
2025-08-16T23:11:24.1860236Z         "Multi-platform build": true,
2025-08-16T23:11:24.1860523Z         "OCI exporter": true
2025-08-16T23:11:24.1860714Z       },
2025-08-16T23:11:24.1860865Z       "labels": {
2025-08-16T23:11:24.1861105Z         "org.mobyproject.buildkit.worker.executor": "oci",
2025-08-16T23:11:24.1861681Z         "org.mobyproject.buildkit.worker.hostname": "934e7784f1ef",
2025-08-16T23:11:24.1862250Z         "org.mobyproject.buildkit.worker.network": "host",
2025-08-16T23:11:24.1862622Z         "org.mobyproject.buildkit.worker.oci.process-mode": "sandbox",
2025-08-16T23:11:24.1864265Z         "org.mobyproject.buildkit.worker.selinux.enabled": "false",
2025-08-16T23:11:24.1864676Z         "org.mobyproject.buildkit.worker.snapshotter": "overlayfs"
2025-08-16T23:11:24.1864972Z       },
2025-08-16T23:11:24.1865129Z       "gcPolicy": [
2025-08-16T23:11:24.1865539Z         {
2025-08-16T23:11:24.1865711Z           "all": false,
2025-08-16T23:11:24.1865889Z           "filter": [
2025-08-16T23:11:24.1866080Z             "type==source.local",
2025-08-16T23:11:24.1866305Z             "type==exec.cachemount",
2025-08-16T23:11:24.1866532Z             "type==source.git.checkout"
2025-08-16T23:11:24.1866881Z           ],
2025-08-16T23:11:24.1867041Z           "keepDuration": "48h0m0s",
2025-08-16T23:11:24.1867265Z           "maxUsedSpace": "488.3MiB"
2025-08-16T23:11:24.1867461Z         },
2025-08-16T23:11:24.1867607Z         {
2025-08-16T23:11:24.1867752Z           "all": false,
2025-08-16T23:11:24.1867939Z           "keepDuration": "1440h0m0s",
2025-08-16T23:11:24.1868156Z           "reservedSpace": "7.451GiB",
2025-08-16T23:11:24.1868375Z           "maxUsedSpace": "54.02GiB",
2025-08-16T23:11:24.1868587Z           "minFreeSpace": "13.97GiB"
2025-08-16T23:11:24.1868780Z         },
2025-08-16T23:11:24.1868925Z         {
2025-08-16T23:11:24.1869082Z           "all": false,
2025-08-16T23:11:24.1869273Z           "reservedSpace": "7.451GiB",
2025-08-16T23:11:24.1869495Z           "maxUsedSpace": "54.02GiB",
2025-08-16T23:11:24.1869725Z           "minFreeSpace": "13.97GiB"
2025-08-16T23:11:24.1869923Z         },
2025-08-16T23:11:24.1870067Z         {
2025-08-16T23:11:24.1870217Z           "all": true,
2025-08-16T23:11:24.1870405Z           "reservedSpace": "7.451GiB",
2025-08-16T23:11:24.1870624Z           "maxUsedSpace": "54.02GiB",
2025-08-16T23:11:24.1870840Z           "minFreeSpace": "13.97GiB"
2025-08-16T23:11:24.1871039Z         }
2025-08-16T23:11:24.1871177Z       ]
2025-08-16T23:11:24.1871321Z     }
2025-08-16T23:11:24.1871455Z   ],
2025-08-16T23:11:24.1871664Z   "name": "builder-e36438da-2650-4cde-af3b-bb1965accc00",
2025-08-16T23:11:24.1871947Z   "driver": "docker-container",
2025-08-16T23:11:24.1872177Z   "lastActivity": "2025-08-16T23:11:18.000Z"
2025-08-16T23:11:24.1872391Z }
2025-08-16T23:11:24.1872722Z ##[endgroup]
2025-08-16T23:11:24.1873327Z ##[group]BuildKit version
2025-08-16T23:11:24.1873588Z builder-e36438da-2650-4cde-af3b-bb1965accc000: v0.22.0
2025-08-16T23:11:24.1873976Z ##[endgroup]
2025-08-16T23:11:24.3202523Z ##[group]Run actions/cache@v4
2025-08-16T23:11:24.3202779Z with:
2025-08-16T23:11:24.3203201Z   path: ~/.cache/pip
2025-08-16T23:11:24.3203556Z   key: Linux-pip-d956346b7c15294686ee6e35d1889fbda62ec6ae21f72bd6bee0c07d020cce25
2025-08-16T23:11:24.3203971Z   enableCrossOsArchive: false
2025-08-16T23:11:24.3204196Z   fail-on-cache-miss: false
2025-08-16T23:11:24.3204397Z   lookup-only: false
2025-08-16T23:11:24.3204579Z   save-always: false
2025-08-16T23:11:24.3204748Z ##[endgroup]
2025-08-16T23:11:24.6232359Z Cache not found for input keys: Linux-pip-d956346b7c15294686ee6e35d1889fbda62ec6ae21f72bd6bee0c07d020cce25
2025-08-16T23:11:24.6316169Z ##[group]Run docker buildx build \
2025-08-16T23:11:24.6316496Z [36;1mdocker buildx build \[0m
2025-08-16T23:11:24.6316907Z [36;1m  --tag ghcr.io/alexbomber12/awa-app/api:58260334249d84dabf3231478f60be8fa1538493 \[0m
2025-08-16T23:11:24.6317421Z [36;1m  --build-arg TZ_CACHE_BUST=58260334249d84dabf3231478f60be8fa1538493 \[0m
2025-08-16T23:11:24.6317771Z [36;1m  --file services/api/Dockerfile \[0m
2025-08-16T23:11:24.6318012Z [36;1m  --load .[0m
2025-08-16T23:11:24.6389944Z shell: /usr/bin/bash -e {0}
2025-08-16T23:11:24.6390196Z ##[endgroup]
2025-08-16T23:11:24.9145678Z #0 building with "builder-e36438da-2650-4cde-af3b-bb1965accc00" instance using docker-container driver
2025-08-16T23:11:24.9146316Z 
2025-08-16T23:11:24.9146457Z #1 [internal] load build definition from Dockerfile
2025-08-16T23:11:24.9146764Z #1 transferring dockerfile: 1.44kB done
2025-08-16T23:11:24.9146996Z #1 DONE 0.0s
2025-08-16T23:11:24.9147094Z 
2025-08-16T23:11:24.9147324Z #2 [auth] docker/dockerfile:pull token for registry-1.docker.io
2025-08-16T23:11:25.0650472Z #2 DONE 0.0s
2025-08-16T23:11:25.0650665Z 
2025-08-16T23:11:25.0651016Z #3 resolve image config for docker-image://docker.io/docker/dockerfile:1.6
2025-08-16T23:11:25.4883956Z #3 DONE 0.7s
2025-08-16T23:11:25.6493138Z 
2025-08-16T23:11:25.6494050Z #4 docker-image://docker.io/docker/dockerfile:1.6@sha256:ac85f380a63b13dfcefa89046420e1781752bab202122f8f50032edf31be0021
2025-08-16T23:11:25.6495030Z #4 resolve docker.io/docker/dockerfile:1.6@sha256:ac85f380a63b13dfcefa89046420e1781752bab202122f8f50032edf31be0021 done
2025-08-16T23:11:25.6517444Z #4 sha256:9d9c93f4b00be908ab694a4df732570bced3b8a96b7515d70ff93402179ad232 2.10MB / 11.80MB 0.2s
2025-08-16T23:11:25.8246025Z #4 sha256:9d9c93f4b00be908ab694a4df732570bced3b8a96b7515d70ff93402179ad232 11.80MB / 11.80MB 0.2s done
2025-08-16T23:11:25.8247140Z #4 extracting sha256:9d9c93f4b00be908ab694a4df732570bced3b8a96b7515d70ff93402179ad232 0.1s done
2025-08-16T23:11:25.8247655Z #4 DONE 0.3s
2025-08-16T23:11:26.0704315Z 
2025-08-16T23:11:26.0704708Z #5 [auth] library/python:pull token for registry-1.docker.io
2025-08-16T23:11:26.0705343Z #5 DONE 0.0s
2025-08-16T23:11:26.0705524Z 
2025-08-16T23:11:26.0705745Z #6 [internal] load metadata for docker.io/library/python:3.12-slim
2025-08-16T23:11:26.4396767Z #6 DONE 0.6s
2025-08-16T23:11:26.6115314Z 
2025-08-16T23:11:26.6115996Z #7 [internal] load .dockerignore
2025-08-16T23:11:26.6116463Z #7 transferring context: 265B done
2025-08-16T23:11:26.6117197Z #7 DONE 0.0s
2025-08-16T23:11:26.6117378Z 
2025-08-16T23:11:26.6117548Z #8 [internal] load build context
2025-08-16T23:11:26.6117993Z #8 transferring context: 79.45kB 0.0s done
2025-08-16T23:11:26.6118413Z #8 DONE 0.0s
2025-08-16T23:11:26.6118602Z 
2025-08-16T23:11:26.6119108Z #9 [base  1/12] FROM docker.io/library/python:3.12-slim@sha256:d67a7b66b989ad6b6d6b10d428dcc5e0bfc3e5f88906e67d490c4d3daac57047
2025-08-16T23:11:26.6120168Z #9 resolve docker.io/library/python:3.12-slim@sha256:d67a7b66b989ad6b6d6b10d428dcc5e0bfc3e5f88906e67d490c4d3daac57047 done
2025-08-16T23:11:26.6120976Z #9 sha256:d76206d463c08ba2a3f7bbab2de2a933ad73f33ab4ab813eafe50c9dff9edc12 251B / 251B 0.1s done
2025-08-16T23:11:26.7960290Z #9 sha256:5d587318e932a89b94608393c99dd30ee5092a6991c1656f717bd4f4e13d60df 1.29MB / 1.29MB 0.1s done
2025-08-16T23:11:26.7961757Z #9 sha256:396b1da7636e2dcd10565cb4f2f952cbb4a8a38b58d3b86a2cacb172fb70117c 0B / 29.77MB 0.2s
2025-08-16T23:11:26.7963160Z #9 sha256:e5c05dcf47fbdb2f18dc242ad1b7f48fbd3813c0027ffcfb8e81e4aa7e0965f4 12.11MB / 12.11MB 0.3s done
2025-08-16T23:11:26.9858349Z #9 sha256:396b1da7636e2dcd10565cb4f2f952cbb4a8a38b58d3b86a2cacb172fb70117c 3.15MB / 29.77MB 0.3s
2025-08-16T23:11:26.9863559Z #9 sha256:396b1da7636e2dcd10565cb4f2f952cbb4a8a38b58d3b86a2cacb172fb70117c 20.97MB / 29.77MB 0.5s
2025-08-16T23:11:27.1352422Z #9 sha256:396b1da7636e2dcd10565cb4f2f952cbb4a8a38b58d3b86a2cacb172fb70117c 24.12MB / 29.77MB 0.6s
2025-08-16T23:11:27.2685666Z #9 sha256:396b1da7636e2dcd10565cb4f2f952cbb4a8a38b58d3b86a2cacb172fb70117c 29.77MB / 29.77MB 0.7s done
2025-08-16T23:11:27.4209129Z #9 extracting sha256:396b1da7636e2dcd10565cb4f2f952cbb4a8a38b58d3b86a2cacb172fb70117c
2025-08-16T23:11:27.9361808Z #9 extracting sha256:396b1da7636e2dcd10565cb4f2f952cbb4a8a38b58d3b86a2cacb172fb70117c 0.7s done
2025-08-16T23:11:27.9362572Z #9 DONE 1.4s
2025-08-16T23:11:28.1852455Z 
2025-08-16T23:11:28.1853495Z #9 [base  1/12] FROM docker.io/library/python:3.12-slim@sha256:d67a7b66b989ad6b6d6b10d428dcc5e0bfc3e5f88906e67d490c4d3daac57047
2025-08-16T23:11:28.1854239Z #9 extracting sha256:5d587318e932a89b94608393c99dd30ee5092a6991c1656f717bd4f4e13d60df 0.1s done
2025-08-16T23:11:28.1854828Z #9 extracting sha256:e5c05dcf47fbdb2f18dc242ad1b7f48fbd3813c0027ffcfb8e81e4aa7e0965f4
2025-08-16T23:11:28.5057444Z #9 extracting sha256:e5c05dcf47fbdb2f18dc242ad1b7f48fbd3813c0027ffcfb8e81e4aa7e0965f4 0.5s done
2025-08-16T23:11:28.5058287Z #9 DONE 2.0s
2025-08-16T23:11:28.6112147Z 
2025-08-16T23:11:28.6114029Z #9 [base  1/12] FROM docker.io/library/python:3.12-slim@sha256:d67a7b66b989ad6b6d6b10d428dcc5e0bfc3e5f88906e67d490c4d3daac57047
2025-08-16T23:11:28.6115374Z #9 extracting sha256:d76206d463c08ba2a3f7bbab2de2a933ad73f33ab4ab813eafe50c9dff9edc12 done
2025-08-16T23:11:28.6116067Z #9 DONE 2.0s
2025-08-16T23:11:28.6116241Z 
2025-08-16T23:11:28.6116357Z #10 [base  2/12] WORKDIR /app
2025-08-16T23:11:28.6116710Z #10 DONE 0.1s
2025-08-16T23:11:28.6116890Z 
2025-08-16T23:11:28.6117171Z #11 [base  3/12] COPY services/api/requirements.txt ./requirements.txt
2025-08-16T23:11:28.6117717Z #11 DONE 0.0s
2025-08-16T23:11:28.6118271Z 
2025-08-16T23:11:28.6120175Z #12 [stage-1 3/6] RUN set -eux;     if [ -f /etc/apt/sources.list ]; then         sed -i 's|http://deb.debian.org|https://deb.debian.org|g' /etc/apt/sources.list;     fi;     apt-get update;     apt-get install -y --no-install-recommends tzdata postgresql-client curl;     rm -rf /var/lib/apt/lists/*
2025-08-16T23:11:28.7213141Z #12 0.055 + [ -f /etc/apt/sources.list ]
2025-08-16T23:11:28.7213872Z #12 0.055 + apt-get update
2025-08-16T23:11:28.7214350Z #12 0.121 Hit:1 http://deb.debian.org/debian trixie InRelease
2025-08-16T23:11:28.8775814Z #12 0.127 Get:2 http://deb.debian.org/debian trixie-updates InRelease [47.1 kB]
2025-08-16T23:11:28.8777226Z #12 0.153 Get:3 http://deb.debian.org/debian-security trixie-security InRelease [43.4 kB]
2025-08-16T23:11:28.8779264Z #12 0.170 Get:4 http://deb.debian.org/debian trixie/main amd64 Packages [9668 kB]
2025-08-16T23:11:28.8780473Z #12 0.277 Get:5 http://deb.debian.org/debian trixie-updates/main amd64 Packages [2432 B]
2025-08-16T23:11:29.0456666Z #12 0.294 Get:6 http://deb.debian.org/debian-security trixie-security/main amd64 Packages [8780 B]
2025-08-16T23:11:29.5379659Z #12 0.938 Fetched 9769 kB in 1s (11.4 MB/s)
2025-08-16T23:11:30.0229191Z #12 0.938 Reading package lists...
2025-08-16T23:11:30.1938095Z #12 1.432 + apt-get install -y --no-install-recommends tzdata postgresql-client curl
2025-08-16T23:11:30.5294639Z #12 1.443 Reading package lists...
2025-08-16T23:11:30.6778461Z #12 1.938 Building dependency tree...
2025-08-16T23:11:30.7811917Z #12 2.077 Reading state information...
2025-08-16T23:11:30.8940213Z #12 2.214 tzdata is already the newest version (2025b-4).
2025-08-16T23:11:30.8941133Z #12 2.214 The following additional packages will be installed:
2025-08-16T23:11:30.8941988Z #12 2.214   libbrotli1 libcom-err2 libcurl4t64 libgdbm-compat4t64 libgnutls30t64
2025-08-16T23:11:30.8942771Z #12 2.214   libgssapi-krb5-2 libidn2-0 libk5crypto3 libkeyutils1 libkrb5-3
2025-08-16T23:11:30.8943947Z #12 2.214   libkrb5support0 libldap2 libnghttp2-14 libnghttp3-9 libp11-kit0 libperl5.40
2025-08-16T23:11:30.8944588Z #12 2.215   libpq5 libpsl5t64 librtmp1 libsasl2-2 libsasl2-modules-db libssh2-1t64
2025-08-16T23:11:30.8945124Z #12 2.215   libtasn1-6 libunistring5 perl perl-modules-5.40 postgresql-client-17
2025-08-16T23:11:30.8945621Z #12 2.215   postgresql-client-common sensible-utils
2025-08-16T23:11:30.8945910Z #12 2.216 Suggested packages:
2025-08-16T23:11:30.8946619Z #12 2.216   gnutls-bin krb5-doc krb5-user perl-doc libterm-readline-gnu-perl
2025-08-16T23:11:30.8947266Z #12 2.216   | libterm-readline-perl-perl make libtap-harness-archive-perl postgresql-17
2025-08-16T23:11:30.8947648Z #12 2.216   postgresql-doc-17
2025-08-16T23:11:30.8947942Z #12 2.216 Recommended packages:
2025-08-16T23:11:30.8948315Z #12 2.216   bash-completion krb5-locales libldap-common publicsuffix libsasl2-modules
2025-08-16T23:11:30.9944151Z #12 2.392 The following NEW packages will be installed:
2025-08-16T23:11:30.9947587Z #12 2.393   curl libbrotli1 libcom-err2 libcurl4t64 libgdbm-compat4t64 libgnutls30t64
2025-08-16T23:11:30.9948395Z #12 2.393   libgssapi-krb5-2 libidn2-0 libk5crypto3 libkeyutils1 libkrb5-3
2025-08-16T23:11:30.9949149Z #12 2.393   libkrb5support0 libldap2 libnghttp2-14 libnghttp3-9 libp11-kit0 libperl5.40
2025-08-16T23:11:30.9949943Z #12 2.393   libpq5 libpsl5t64 librtmp1 libsasl2-2 libsasl2-modules-db libssh2-1t64
2025-08-16T23:11:30.9950690Z #12 2.394   libtasn1-6 libunistring5 perl perl-modules-5.40 postgresql-client
2025-08-16T23:11:31.1420745Z #12 2.394   postgresql-client-17 postgresql-client-common sensible-utils
2025-08-16T23:11:31.1421764Z #12 2.446 0 upgraded, 31 newly installed, 0 to remove and 0 not upgraded.
2025-08-16T23:11:31.1423037Z #12 2.446 Need to get 14.9 MB of archives.
2025-08-16T23:11:31.1423598Z #12 2.446 After this operation, 78.1 MB of additional disk space will be used.
2025-08-16T23:11:31.1424308Z #12 2.446 Get:1 http://deb.debian.org/debian trixie/main amd64 sensible-utils all 0.0.25 [25.0 kB]
2025-08-16T23:11:31.1425254Z #12 2.461 Get:2 http://deb.debian.org/debian trixie/main amd64 perl-modules-5.40 all 5.40.1-6 [3019 kB]
2025-08-16T23:11:31.1425950Z #12 2.542 Get:3 http://deb.debian.org/debian trixie/main amd64 libgdbm-compat4t64 amd64 1.24-2 [50.3 kB]
2025-08-16T23:11:31.2526728Z #12 2.546 Get:4 http://deb.debian.org/debian trixie/main amd64 libperl5.40 amd64 5.40.1-6 [4341 kB]
2025-08-16T23:11:31.2527732Z #12 2.565 Get:5 http://deb.debian.org/debian trixie/main amd64 perl amd64 5.40.1-6 [267 kB]
2025-08-16T23:11:31.2528626Z #12 2.566 Get:6 http://deb.debian.org/debian trixie/main amd64 libbrotli1 amd64 1.1.0-2+b7 [307 kB]
2025-08-16T23:11:31.2529527Z #12 2.567 Get:7 http://deb.debian.org/debian trixie/main amd64 libkrb5support0 amd64 1.21.3-5 [33.0 kB]
2025-08-16T23:11:31.2530123Z #12 2.568 Get:8 http://deb.debian.org/debian trixie/main amd64 libcom-err2 amd64 1.47.2-3+b3 [25.0 kB]
2025-08-16T23:11:31.2530715Z #12 2.568 Get:9 http://deb.debian.org/debian trixie/main amd64 libk5crypto3 amd64 1.21.3-5 [81.5 kB]
2025-08-16T23:11:31.2531290Z #12 2.569 Get:10 http://deb.debian.org/debian trixie/main amd64 libkeyutils1 amd64 1.6.3-6 [9456 B]
2025-08-16T23:11:31.2532073Z #12 2.570 Get:11 http://deb.debian.org/debian trixie/main amd64 libkrb5-3 amd64 1.21.3-5 [326 kB]
2025-08-16T23:11:31.2532732Z #12 2.572 Get:12 http://deb.debian.org/debian trixie/main amd64 libgssapi-krb5-2 amd64 1.21.3-5 [138 kB]
2025-08-16T23:11:31.2533551Z #12 2.573 Get:13 http://deb.debian.org/debian trixie/main amd64 libunistring5 amd64 1.3-2 [477 kB]
2025-08-16T23:11:31.2534087Z #12 2.585 Get:14 http://deb.debian.org/debian trixie/main amd64 libidn2-0 amd64 2.3.8-2 [109 kB]
2025-08-16T23:11:31.2534689Z #12 2.587 Get:15 http://deb.debian.org/debian trixie/main amd64 libsasl2-modules-db amd64 2.1.28+dfsg1-9 [19.8 kB]
2025-08-16T23:11:31.2535293Z #12 2.589 Get:16 http://deb.debian.org/debian trixie/main amd64 libsasl2-2 amd64 2.1.28+dfsg1-9 [57.5 kB]
2025-08-16T23:11:31.2535844Z #12 2.589 Get:17 http://deb.debian.org/debian trixie/main amd64 libldap2 amd64 2.6.10+dfsg-1 [194 kB]
2025-08-16T23:11:31.2536401Z #12 2.591 Get:18 http://deb.debian.org/debian trixie/main amd64 libnghttp2-14 amd64 1.64.0-1.1 [76.0 kB]
2025-08-16T23:11:31.2536942Z #12 2.593 Get:19 http://deb.debian.org/debian trixie/main amd64 libnghttp3-9 amd64 1.8.0-1 [67.7 kB]
2025-08-16T23:11:31.2537492Z #12 2.602 Get:20 http://deb.debian.org/debian trixie/main amd64 libpsl5t64 amd64 0.21.2-1.1+b1 [57.2 kB]
2025-08-16T23:11:31.2538320Z #12 2.603 Get:21 http://deb.debian.org/debian trixie/main amd64 libp11-kit0 amd64 0.25.5-3 [425 kB]
2025-08-16T23:11:31.2538875Z #12 2.607 Get:22 http://deb.debian.org/debian trixie/main amd64 libtasn1-6 amd64 4.20.0-2 [49.9 kB]
2025-08-16T23:11:31.2539398Z #12 2.608 Get:23 http://deb.debian.org/debian trixie/main amd64 libgnutls30t64 amd64 3.8.9-3 [1465 kB]
2025-08-16T23:11:31.2539983Z #12 2.617 Get:24 http://deb.debian.org/debian trixie/main amd64 librtmp1 amd64 2.4+20151223.gitfa8646d.1-2+b5 [58.8 kB]
2025-08-16T23:11:31.2540568Z #12 2.617 Get:25 http://deb.debian.org/debian trixie/main amd64 libssh2-1t64 amd64 1.11.1-1 [245 kB]
2025-08-16T23:11:31.2541099Z #12 2.618 Get:26 http://deb.debian.org/debian trixie/main amd64 libcurl4t64 amd64 8.14.1-2 [391 kB]
2025-08-16T23:11:31.2541595Z #12 2.621 Get:27 http://deb.debian.org/debian trixie/main amd64 curl amd64 8.14.1-2 [269 kB]
2025-08-16T23:11:31.2542077Z #12 2.623 Get:28 http://deb.debian.org/debian trixie/main amd64 libpq5 amd64 17.5-1 [226 kB]
2025-08-16T23:11:31.2542621Z #12 2.625 Get:29 http://deb.debian.org/debian trixie/main amd64 postgresql-client-common all 278 [47.1 kB]
2025-08-16T23:11:31.2543449Z #12 2.628 Get:30 http://deb.debian.org/debian trixie/main amd64 postgresql-client-17 amd64 17.5-1 [2025 kB]
2025-08-16T23:11:31.2544042Z #12 2.637 Get:31 http://deb.debian.org/debian trixie/main amd64 postgresql-client all 17+278 [14.0 kB]
2025-08-16T23:11:32.4301176Z #12 3.721 Fetched 14.9 MB in 0s (64.0 MB/s)
2025-08-16T23:11:32.4302194Z #12 3.735 Selecting previously unselected package sensible-utils.
2025-08-16T23:11:32.4307649Z #12 3.735 (Reading database ... 
2025-08-16T23:11:32.4308098Z (Reading database ... 5%
2025-08-16T23:11:32.4308441Z (Reading database ... 10%
2025-08-16T23:11:32.4308773Z (Reading database ... 15%
2025-08-16T23:11:32.4309093Z (Reading database ... 20%
2025-08-16T23:11:32.4309413Z (Reading database ... 25%
2025-08-16T23:11:32.4309730Z (Reading database ... 30%
2025-08-16T23:11:32.4310050Z (Reading database ... 35%
2025-08-16T23:11:32.4310381Z (Reading database ... 40%
2025-08-16T23:11:32.4310701Z (Reading database ... 45%
2025-08-16T23:11:32.4311013Z (Reading database ... 50%
2025-08-16T23:11:32.4311335Z (Reading database ... 55%
2025-08-16T23:11:32.4311651Z (Reading database ... 60%
2025-08-16T23:11:32.4311968Z (Reading database ... 65%
2025-08-16T23:11:32.4312281Z (Reading database ... 70%
2025-08-16T23:11:32.4312602Z (Reading database ... 75%
2025-08-16T23:11:32.4313075Z (Reading database ... 80%
2025-08-16T23:11:32.4313390Z (Reading database ... 85%
2025-08-16T23:11:32.4313718Z (Reading database ... 90%
2025-08-16T23:11:32.4314029Z (Reading database ... 95%
2025-08-16T23:11:32.4314351Z (Reading database ... 100%
2025-08-16T23:11:32.4314839Z (Reading database ... 5643 files and directories currently installed.)
2025-08-16T23:11:32.4315530Z #12 3.741 Preparing to unpack .../00-sensible-utils_0.0.25_all.deb ...
2025-08-16T23:11:32.4316088Z #12 3.742 Unpacking sensible-utils (0.0.25) ...
2025-08-16T23:11:32.4316677Z #12 3.761 Selecting previously unselected package perl-modules-5.40.
2025-08-16T23:11:32.4317376Z #12 3.763 Preparing to unpack .../01-perl-modules-5.40_5.40.1-6_all.deb ...
2025-08-16T23:11:32.4317966Z #12 3.764 Unpacking perl-modules-5.40 (5.40.1-6) ...
2025-08-16T23:11:32.6417389Z #12 4.041 Selecting previously unselected package libgdbm-compat4t64:amd64.
2025-08-16T23:11:32.8171953Z #12 4.042 Preparing to unpack .../02-libgdbm-compat4t64_1.24-2_amd64.deb ...
2025-08-16T23:11:32.8173008Z #12 4.045 Unpacking libgdbm-compat4t64:amd64 (1.24-2) ...
2025-08-16T23:11:32.8175139Z #12 4.063 Selecting previously unselected package libperl5.40:amd64.
2025-08-16T23:11:32.8175831Z #12 4.065 Preparing to unpack .../03-libperl5.40_5.40.1-6_amd64.deb ...
2025-08-16T23:11:32.8176418Z #12 4.066 Unpacking libperl5.40:amd64 (5.40.1-6) ...
2025-08-16T23:11:32.9003505Z #12 4.300 Selecting previously unselected package perl.
2025-08-16T23:11:33.0019128Z #12 4.302 Preparing to unpack .../04-perl_5.40.1-6_amd64.deb ...
2025-08-16T23:11:33.0020571Z #12 4.303 Unpacking perl (5.40.1-6) ...
2025-08-16T23:11:33.0022131Z #12 4.329 Selecting previously unselected package libbrotli1:amd64.
2025-08-16T23:11:33.0022794Z #12 4.331 Preparing to unpack .../05-libbrotli1_1.1.0-2+b7_amd64.deb ...
2025-08-16T23:11:33.0024430Z #12 4.332 Unpacking libbrotli1:amd64 (1.1.0-2+b7) ...
2025-08-16T23:11:33.0024932Z #12 4.361 Selecting previously unselected package libkrb5support0:amd64.
2025-08-16T23:11:33.0025373Z #12 4.362 Preparing to unpack .../06-libkrb5support0_1.21.3-5_amd64.deb ...
2025-08-16T23:11:33.0026408Z #12 4.363 Unpacking libkrb5support0:amd64 (1.21.3-5) ...
2025-08-16T23:11:33.0027096Z #12 4.381 Selecting previously unselected package libcom-err2:amd64.
2025-08-16T23:11:33.0028418Z #12 4.383 Preparing to unpack .../07-libcom-err2_1.47.2-3+b3_amd64.deb ...
2025-08-16T23:11:33.0029010Z #12 4.384 Unpacking libcom-err2:amd64 (1.47.2-3+b3) ...
2025-08-16T23:11:33.0029384Z #12 4.400 Selecting previously unselected package libk5crypto3:amd64.
2025-08-16T23:11:33.0029942Z #12 4.402 Preparing to unpack .../08-libk5crypto3_1.21.3-5_amd64.deb ...
2025-08-16T23:11:33.1037654Z #12 4.403 Unpacking libk5crypto3:amd64 (1.21.3-5) ...
2025-08-16T23:11:33.1038532Z #12 4.421 Selecting previously unselected package libkeyutils1:amd64.
2025-08-16T23:11:33.1039245Z #12 4.423 Preparing to unpack .../09-libkeyutils1_1.6.3-6_amd64.deb ...
2025-08-16T23:11:33.1039835Z #12 4.424 Unpacking libkeyutils1:amd64 (1.6.3-6) ...
2025-08-16T23:11:33.1040396Z #12 4.439 Selecting previously unselected package libkrb5-3:amd64.
2025-08-16T23:11:33.1041575Z #12 4.440 Preparing to unpack .../10-libkrb5-3_1.21.3-5_amd64.deb ...
2025-08-16T23:11:33.1042193Z #12 4.442 Unpacking libkrb5-3:amd64 (1.21.3-5) ...
2025-08-16T23:11:33.1042768Z #12 4.474 Selecting previously unselected package libgssapi-krb5-2:amd64.
2025-08-16T23:11:33.1043507Z #12 4.476 Preparing to unpack .../11-libgssapi-krb5-2_1.21.3-5_amd64.deb ...
2025-08-16T23:11:33.1043995Z #12 4.477 Unpacking libgssapi-krb5-2:amd64 (1.21.3-5) ...
2025-08-16T23:11:33.1044406Z #12 4.503 Selecting previously unselected package libunistring5:amd64.
2025-08-16T23:11:33.2108675Z #12 4.505 Preparing to unpack .../12-libunistring5_1.3-2_amd64.deb ...
2025-08-16T23:11:33.2109311Z #12 4.506 Unpacking libunistring5:amd64 (1.3-2) ...
2025-08-16T23:11:33.2109926Z #12 4.545 Selecting previously unselected package libidn2-0:amd64.
2025-08-16T23:11:33.2110541Z #12 4.547 Preparing to unpack .../13-libidn2-0_2.3.8-2_amd64.deb ...
2025-08-16T23:11:33.2110922Z #12 4.549 Unpacking libidn2-0:amd64 (2.3.8-2) ...
2025-08-16T23:11:33.2111307Z #12 4.571 Selecting previously unselected package libsasl2-modules-db:amd64.
2025-08-16T23:11:33.2111751Z #12 4.573 Preparing to unpack .../14-libsasl2-modules-db_2.1.28+dfsg1-9_amd64.deb ...
2025-08-16T23:11:33.2112180Z #12 4.574 Unpacking libsasl2-modules-db:amd64 (2.1.28+dfsg1-9) ...
2025-08-16T23:11:33.2112553Z #12 4.590 Selecting previously unselected package libsasl2-2:amd64.
2025-08-16T23:11:33.2113187Z #12 4.592 Preparing to unpack .../15-libsasl2-2_2.1.28+dfsg1-9_amd64.deb ...
2025-08-16T23:11:33.2113546Z #12 4.593 Unpacking libsasl2-2:amd64 (2.1.28+dfsg1-9) ...
2025-08-16T23:11:33.2113868Z #12 4.610 Selecting previously unselected package libldap2:amd64.
2025-08-16T23:11:33.3395089Z #12 4.612 Preparing to unpack .../16-libldap2_2.6.10+dfsg-1_amd64.deb ...
2025-08-16T23:11:33.3398148Z #12 4.613 Unpacking libldap2:amd64 (2.6.10+dfsg-1) ...
2025-08-16T23:11:33.3398703Z #12 4.638 Selecting previously unselected package libnghttp2-14:amd64.
2025-08-16T23:11:33.3399309Z #12 4.639 Preparing to unpack .../17-libnghttp2-14_1.64.0-1.1_amd64.deb ...
2025-08-16T23:11:33.3399867Z #12 4.641 Unpacking libnghttp2-14:amd64 (1.64.0-1.1) ...
2025-08-16T23:11:33.3400390Z #12 4.660 Selecting previously unselected package libnghttp3-9:amd64.
2025-08-16T23:11:33.3400970Z #12 4.662 Preparing to unpack .../18-libnghttp3-9_1.8.0-1_amd64.deb ...
2025-08-16T23:11:33.3401471Z #12 4.663 Unpacking libnghttp3-9:amd64 (1.8.0-1) ...
2025-08-16T23:11:33.3402588Z #12 4.682 Selecting previously unselected package libpsl5t64:amd64.
2025-08-16T23:11:33.3403430Z #12 4.684 Preparing to unpack .../19-libpsl5t64_0.21.2-1.1+b1_amd64.deb ...
2025-08-16T23:11:33.3403951Z #12 4.685 Unpacking libpsl5t64:amd64 (0.21.2-1.1+b1) ...
2025-08-16T23:11:33.3404460Z #12 4.703 Selecting previously unselected package libp11-kit0:amd64.
2025-08-16T23:11:33.3405102Z #12 4.705 Preparing to unpack .../20-libp11-kit0_0.25.5-3_amd64.deb ...
2025-08-16T23:11:33.3405687Z #12 4.706 Unpacking libp11-kit0:amd64 (0.25.5-3) ...
2025-08-16T23:11:33.3406553Z #12 4.739 Selecting previously unselected package libtasn1-6:amd64.
2025-08-16T23:11:33.4398301Z #12 4.741 Preparing to unpack .../21-libtasn1-6_4.20.0-2_amd64.deb ...
2025-08-16T23:11:33.4399068Z #12 4.742 Unpacking libtasn1-6:amd64 (4.20.0-2) ...
2025-08-16T23:11:33.4401243Z #12 4.761 Selecting previously unselected package libgnutls30t64:amd64.
2025-08-16T23:11:33.4402285Z #12 4.762 Preparing to unpack .../22-libgnutls30t64_3.8.9-3_amd64.deb ...
2025-08-16T23:11:33.4403069Z #12 4.763 Unpacking libgnutls30t64:amd64 (3.8.9-3) ...
2025-08-16T23:11:33.4403681Z #12 4.818 Selecting previously unselected package librtmp1:amd64.
2025-08-16T23:11:33.4404208Z #12 4.819 Preparing to unpack .../23-librtmp1_2.4+20151223.gitfa8646d.1-2+b5_amd64.deb ...
2025-08-16T23:11:33.4404758Z #12 4.820 Unpacking librtmp1:amd64 (2.4+20151223.gitfa8646d.1-2+b5) ...
2025-08-16T23:11:33.4405406Z #12 4.838 Selecting previously unselected package libssh2-1t64:amd64.
2025-08-16T23:11:33.4406874Z #12 4.839 Preparing to unpack .../24-libssh2-1t64_1.11.1-1_amd64.deb ...
2025-08-16T23:11:33.5474971Z #12 4.841 Unpacking libssh2-1t64:amd64 (1.11.1-1) ...
2025-08-16T23:11:33.5476520Z #12 4.865 Selecting previously unselected package libcurl4t64:amd64.
2025-08-16T23:11:33.5481248Z #12 4.866 Preparing to unpack .../25-libcurl4t64_8.14.1-2_amd64.deb ...
2025-08-16T23:11:33.5481934Z #12 4.867 Unpacking libcurl4t64:amd64 (8.14.1-2) ...
2025-08-16T23:11:33.5482499Z #12 4.898 Selecting previously unselected package curl.
2025-08-16T23:11:33.5483205Z #12 4.899 Preparing to unpack .../26-curl_8.14.1-2_amd64.deb ...
2025-08-16T23:11:33.5483531Z #12 4.900 Unpacking curl (8.14.1-2) ...
2025-08-16T23:11:33.5483936Z #12 4.925 Selecting previously unselected package libpq5:amd64.
2025-08-16T23:11:33.5484280Z #12 4.927 Preparing to unpack .../27-libpq5_17.5-1_amd64.deb ...
2025-08-16T23:11:33.5484685Z #12 4.928 Unpacking libpq5:amd64 (17.5-1) ...
2025-08-16T23:11:33.6630900Z #12 4.955 Selecting previously unselected package postgresql-client-common.
2025-08-16T23:11:33.6638747Z #12 4.957 Preparing to unpack .../28-postgresql-client-common_278_all.deb ...
2025-08-16T23:11:33.6640001Z #12 4.962 Unpacking postgresql-client-common (278) ...
2025-08-16T23:11:33.6646112Z #12 4.985 Selecting previously unselected package postgresql-client-17.
2025-08-16T23:11:33.6646939Z #12 4.986 Preparing to unpack .../29-postgresql-client-17_17.5-1_amd64.deb ...
2025-08-16T23:11:33.6647636Z #12 4.987 Unpacking postgresql-client-17 (17.5-1) ...
2025-08-16T23:11:33.7643768Z #12 5.100 Selecting previously unselected package postgresql-client.
2025-08-16T23:11:33.7645666Z #12 5.102 Preparing to unpack .../30-postgresql-client_17+278_all.deb ...
2025-08-16T23:11:33.7647975Z #12 5.103 Unpacking postgresql-client (17+278) ...
2025-08-16T23:11:33.7648536Z #12 5.128 Setting up libkeyutils1:amd64 (1.6.3-6) ...
2025-08-16T23:11:33.7649077Z #12 5.131 Setting up libgdbm-compat4t64:amd64 (1.24-2) ...
2025-08-16T23:11:33.7649599Z #12 5.134 Setting up libbrotli1:amd64 (1.1.0-2+b7) ...
2025-08-16T23:11:33.7650131Z #12 5.136 Setting up libnghttp2-14:amd64 (1.64.0-1.1) ...
2025-08-16T23:11:33.7650772Z #12 5.139 Setting up libcom-err2:amd64 (1.47.2-3+b3) ...
2025-08-16T23:11:33.7651273Z #12 5.141 Setting up libkrb5support0:amd64 (1.21.3-5) ...
2025-08-16T23:11:33.7652005Z #12 5.144 Setting up libsasl2-modules-db:amd64 (2.1.28+dfsg1-9) ...
2025-08-16T23:11:33.7652554Z #12 5.146 Setting up libp11-kit0:amd64 (0.25.5-3) ...
2025-08-16T23:11:33.7653830Z #12 5.149 Setting up libunistring5:amd64 (1.3-2) ...
2025-08-16T23:11:33.7654337Z #12 5.151 Setting up libk5crypto3:amd64 (1.21.3-5) ...
2025-08-16T23:11:33.7654774Z #12 5.153 Setting up libsasl2-2:amd64 (2.1.28+dfsg1-9) ...
2025-08-16T23:11:33.7655376Z #12 5.156 Setting up libnghttp3-9:amd64 (1.8.0-1) ...
2025-08-16T23:11:33.7656027Z #12 5.158 Setting up perl-modules-5.40 (5.40.1-6) ...
2025-08-16T23:11:33.7656548Z #12 5.162 Setting up sensible-utils (0.0.25) ...
2025-08-16T23:11:33.7657071Z #12 5.164 Setting up libtasn1-6:amd64 (4.20.0-2) ...
2025-08-16T23:11:33.9715769Z #12 5.167 Setting up libkrb5-3:amd64 (1.21.3-5) ...
2025-08-16T23:11:33.9716289Z #12 5.171 Setting up libssh2-1t64:amd64 (1.11.1-1) ...
2025-08-16T23:11:33.9716790Z #12 5.175 Setting up libldap2:amd64 (2.6.10+dfsg-1) ...
2025-08-16T23:11:33.9717251Z #12 5.178 Setting up libidn2-0:amd64 (2.3.8-2) ...
2025-08-16T23:11:33.9717718Z #12 5.181 Setting up libperl5.40:amd64 (5.40.1-6) ...
2025-08-16T23:11:33.9718139Z #12 5.183 Setting up perl (5.40.1-6) ...
2025-08-16T23:11:33.9718611Z #12 5.191 Setting up libgssapi-krb5-2:amd64 (1.21.3-5) ...
2025-08-16T23:11:33.9719103Z #12 5.196 Setting up libgnutls30t64:amd64 (3.8.9-3) ...
2025-08-16T23:11:33.9719545Z #12 5.199 Setting up postgresql-client-common (278) ...
2025-08-16T23:11:33.9720010Z #12 5.207 Setting up libpsl5t64:amd64 (0.21.2-1.1+b1) ...
2025-08-16T23:11:33.9720459Z #12 5.211 Setting up libpq5:amd64 (17.5-1) ...
2025-08-16T23:11:33.9720974Z #12 5.214 Setting up librtmp1:amd64 (2.4+20151223.gitfa8646d.1-2+b5) ...
2025-08-16T23:11:33.9721532Z #12 5.217 Setting up libcurl4t64:amd64 (8.14.1-2) ...
2025-08-16T23:11:33.9722391Z #12 5.220 Setting up postgresql-client-17 (17.5-1) ...
2025-08-16T23:11:34.1841730Z #12 5.584 update-alternatives: using /usr/share/postgresql/17/man/man1/psql.1.gz to provide /usr/share/man/man1/psql.1.gz (psql.1.gz) in auto mode
2025-08-16T23:11:34.2911664Z #12 5.623 Setting up curl (8.14.1-2) ...
2025-08-16T23:11:34.2912220Z #12 5.626 Setting up postgresql-client (17+278) ...
2025-08-16T23:11:34.2912803Z #12 5.628 Processing triggers for libc-bin (2.41-12) ...
2025-08-16T23:11:34.2917337Z #12 5.657 + rm -rf /var/lib/apt/lists/auxfiles /var/lib/apt/lists/deb.debian.org_debian-security_dists_trixie-security_InRelease /var/lib/apt/lists/deb.debian.org_debian-security_dists_trixie-security_main_binary-amd64_Packages.lz4 /var/lib/apt/lists/deb.debian.org_debian_dists_trixie-updates_InRelease /var/lib/apt/lists/deb.debian.org_debian_dists_trixie-updates_main_binary-amd64_Packages.lz4 /var/lib/apt/lists/deb.debian.org_debian_dists_trixie_InRelease /var/lib/apt/lists/deb.debian.org_debian_dists_trixie_main_binary-amd64_Packages.lz4 /var/lib/apt/lists/lock /var/lib/apt/lists/partial
2025-08-16T23:11:34.4838579Z #12 DONE 5.7s
2025-08-16T23:11:34.4839036Z 
2025-08-16T23:11:34.4839624Z #13 [base  4/12] RUN pip install --no-cache-dir -r requirements.txt
2025-08-16T23:11:34.4840410Z #13 1.604 Collecting uvicorn==0.29.0 (from -r requirements.txt (line 1))
2025-08-16T23:11:34.4841272Z #13 1.676   Downloading uvicorn-0.29.0-py3-none-any.whl.metadata (6.3 kB)
2025-08-16T23:11:34.4842111Z #13 1.702 Collecting pydantic-settings==2.2.1 (from -r requirements.txt (line 2))
2025-08-16T23:11:34.4843560Z #13 1.734   Downloading pydantic_settings-2.2.1-py3-none-any.whl.metadata (3.1 kB)
2025-08-16T23:11:34.4844410Z #13 1.788 Collecting fastapi==0.111.0 (from -r requirements.txt (line 3))
2025-08-16T23:11:34.4845187Z #13 1.804   Downloading fastapi-0.111.0-py3-none-any.whl.metadata (25 kB)
2025-08-16T23:11:34.4845961Z #13 2.068 Collecting sqlalchemy==2.0.29 (from -r requirements.txt (line 4))
2025-08-16T23:11:34.4846995Z #13 2.086   Downloading SQLAlchemy-2.0.29-cp312-cp312-manylinux_2_17_x86_64.manylinux2014_x86_64.whl.metadata (9.6 kB)
2025-08-16T23:11:34.4847980Z #13 2.125 Collecting alembic==1.13.1 (from -r requirements.txt (line 5))
2025-08-16T23:11:34.4848753Z #13 2.142   Downloading alembic-1.13.1-py3-none-any.whl.metadata (7.4 kB)
2025-08-16T23:11:34.4850184Z #13 2.169 Collecting psycopg==3.2.9 (from psycopg[binary]==3.2.9->-r requirements.txt (line 6))
2025-08-16T23:11:34.4851090Z #13 2.188   Downloading psycopg-3.2.9-py3-none-any.whl.metadata (4.5 kB)
2025-08-16T23:11:34.4851859Z #13 2.221 Collecting httpx==0.27.2 (from -r requirements.txt (line 7))
2025-08-16T23:11:34.4852671Z #13 2.237   Downloading httpx-0.27.2-py3-none-any.whl.metadata (7.1 kB)
2025-08-16T23:11:34.4853595Z #13 2.282 Collecting asyncpg==0.29.0 (from -r requirements.txt (line 8))
2025-08-16T23:11:34.4854562Z #13 2.299   Downloading asyncpg-0.29.0-cp312-cp312-manylinux_2_17_x86_64.manylinux2014_x86_64.whl.metadata (4.4 kB)
2025-08-16T23:11:34.4855536Z #13 2.576 Collecting boto3==1.34.162 (from -r requirements.txt (line 9))
2025-08-16T23:11:34.4856284Z #13 2.593   Downloading boto3-1.34.162-py3-none-any.whl.metadata (6.6 kB)
2025-08-16T23:11:34.4857039Z #13 2.621 Collecting Jinja2==3.1.5 (from -r requirements.txt (line 10))
2025-08-16T23:11:34.4857759Z #13 2.640   Downloading jinja2-3.1.5-py3-none-any.whl.metadata (2.6 kB)
2025-08-16T23:11:34.4858551Z #13 2.673 Collecting click>=7.0 (from uvicorn==0.29.0->-r requirements.txt (line 1))
2025-08-16T23:11:34.4859365Z #13 2.689   Downloading click-8.2.1-py3-none-any.whl.metadata (2.5 kB)
2025-08-16T23:11:34.4860116Z #13 2.709 Collecting h11>=0.8 (from uvicorn==0.29.0->-r requirements.txt (line 1))
2025-08-16T23:11:34.4860817Z #13 2.725   Downloading h11-0.16.0-py3-none-any.whl.metadata (8.3 kB)
2025-08-16T23:11:34.4861680Z #13 2.839 Collecting pydantic>=2.3.0 (from pydantic-settings==2.2.1->-r requirements.txt (line 2))
2025-08-16T23:11:34.4862583Z #13 2.855   Downloading pydantic-2.11.7-py3-none-any.whl.metadata (67 kB)
2025-08-16T23:11:34.4864036Z #13 2.896 Collecting python-dotenv>=0.21.0 (from pydantic-settings==2.2.1->-r requirements.txt (line 2))
2025-08-16T23:11:34.4865012Z #13 2.911   Downloading python_dotenv-1.1.1-py3-none-any.whl.metadata (24 kB)
2025-08-16T23:11:34.4865946Z #13 2.954 Collecting starlette<0.38.0,>=0.37.2 (from fastapi==0.111.0->-r requirements.txt (line 3))
2025-08-16T23:11:34.4866871Z #13 2.970   Downloading starlette-0.37.2-py3-none-any.whl.metadata (5.9 kB)
2025-08-16T23:11:34.4867789Z #13 3.031 Collecting typing-extensions>=4.8.0 (from fastapi==0.111.0->-r requirements.txt (line 3))
2025-08-16T23:11:34.4868782Z #13 3.046   Downloading typing_extensions-4.14.1-py3-none-any.whl.metadata (3.0 kB)
2025-08-16T23:11:34.4869701Z #13 3.067 Collecting fastapi-cli>=0.0.2 (from fastapi==0.111.0->-r requirements.txt (line 3))
2025-08-16T23:11:34.4870578Z #13 3.084   Downloading fastapi_cli-0.0.8-py3-none-any.whl.metadata (6.3 kB)
2025-08-16T23:11:34.4871507Z #13 3.112 Collecting python-multipart>=0.0.7 (from fastapi==0.111.0->-r requirements.txt (line 3))
2025-08-16T23:11:34.4872457Z #13 3.128   Downloading python_multipart-0.0.20-py3-none-any.whl.metadata (1.8 kB)
2025-08-16T23:11:34.4873643Z #13 3.209 Collecting ujson!=4.0.2,!=4.1.0,!=4.2.0,!=4.3.0,!=5.0.0,!=5.1.0,>=4.0.1 (from fastapi==0.111.0->-r requirements.txt (line 3))
2025-08-16T23:11:34.4874777Z #13 3.225   Downloading ujson-5.10.0-cp312-cp312-manylinux_2_17_x86_64.manylinux2014_x86_64.whl.metadata (9.3 kB)
2025-08-16T23:11:34.4875801Z #13 3.425 Collecting orjson>=3.2.1 (from fastapi==0.111.0->-r requirements.txt (line 3))
2025-08-16T23:11:34.4876806Z #13 3.441   Downloading orjson-3.11.2-cp312-cp312-manylinux_2_17_x86_64.manylinux2014_x86_64.whl.metadata (1.2 kB)
2025-08-16T23:11:34.4877888Z #13 3.463 Collecting email_validator>=2.0.0 (from fastapi==0.111.0->-r requirements.txt (line 3))
2025-08-16T23:11:34.4878809Z #13 3.479   Downloading email_validator-2.2.0-py3-none-any.whl.metadata (25 kB)
2025-08-16T23:11:34.4879696Z #13 3.598 Collecting greenlet!=0.4.17 (from sqlalchemy==2.0.29->-r requirements.txt (line 4))
2025-08-16T23:11:34.4880707Z #13 3.614   Downloading greenlet-3.2.4-cp312-cp312-manylinux_2_24_x86_64.manylinux_2_28_x86_64.whl.metadata (4.1 kB)
2025-08-16T23:11:34.4881629Z #13 3.650 Collecting Mako (from alembic==1.13.1->-r requirements.txt (line 5))
2025-08-16T23:11:34.4882583Z #13 3.666   Downloading mako-1.3.10-py3-none-any.whl.metadata (2.9 kB)
2025-08-16T23:11:34.4883565Z #13 3.701 Collecting anyio (from httpx==0.27.2->-r requirements.txt (line 7))
2025-08-16T23:11:34.4884301Z #13 3.717   Downloading anyio-4.10.0-py3-none-any.whl.metadata (4.0 kB)
2025-08-16T23:11:34.4885047Z #13 3.747 Collecting certifi (from httpx==0.27.2->-r requirements.txt (line 7))
2025-08-16T23:11:34.4885811Z #13 3.763   Downloading certifi-2025.8.3-py3-none-any.whl.metadata (2.4 kB)
2025-08-16T23:11:34.4886621Z #13 3.801 Collecting httpcore==1.* (from httpx==0.27.2->-r requirements.txt (line 7))
2025-08-16T23:11:34.4887407Z #13 3.817   Downloading httpcore-1.0.9-py3-none-any.whl.metadata (21 kB)
2025-08-16T23:11:34.4888158Z #13 3.846 Collecting idna (from httpx==0.27.2->-r requirements.txt (line 7))
2025-08-16T23:11:34.4888825Z #13 3.862   Downloading idna-3.10-py3-none-any.whl.metadata (10 kB)
2025-08-16T23:11:34.4889496Z #13 3.883 Collecting sniffio (from httpx==0.27.2->-r requirements.txt (line 7))
2025-08-16T23:11:34.4890209Z #13 3.899   Downloading sniffio-1.3.1-py3-none-any.whl.metadata (3.9 kB)
2025-08-16T23:11:34.4890929Z #13 4.402 Collecting botocore<1.35.0,>=1.34.162 (from boto3==1.34.162->-r requirements.txt (line 9))
2025-08-16T23:11:34.4891733Z #13 4.418   Downloading botocore-1.34.162-py3-none-any.whl.metadata (5.7 kB)
2025-08-16T23:11:34.4892271Z #13 4.442 Collecting jmespath<2.0.0,>=0.7.1 (from boto3==1.34.162->-r requirements.txt (line 9))
2025-08-16T23:11:34.4893022Z #13 4.459   Downloading jmespath-1.0.1-py3-none-any.whl.metadata (7.6 kB)
2025-08-16T23:11:34.4893519Z #13 4.493 Collecting s3transfer<0.11.0,>=0.10.0 (from boto3==1.34.162->-r requirements.txt (line 9))
2025-08-16T23:11:34.4894205Z #13 4.509   Downloading s3transfer-0.10.4-py3-none-any.whl.metadata (1.7 kB)
2025-08-16T23:11:34.4894670Z #13 4.569 Collecting MarkupSafe>=2.0 (from Jinja2==3.1.5->-r requirements.txt (line 10))
2025-08-16T23:11:34.4895237Z #13 4.585   Downloading MarkupSafe-3.0.2-cp312-cp312-manylinux_2_17_x86_64.manylinux2014_x86_64.whl.metadata (4.0 kB)
2025-08-16T23:11:34.4895844Z #13 4.736 Collecting psycopg-binary==3.2.9 (from psycopg[binary]==3.2.9->-r requirements.txt (line 6))
2025-08-16T23:11:34.4896461Z #13 4.753   Downloading psycopg_binary-3.2.9-cp312-cp312-manylinux_2_17_x86_64.manylinux2014_x86_64.whl.metadata (2.9 kB)
2025-08-16T23:11:34.4897118Z #13 4.783 Collecting python-dateutil<3.0.0,>=2.1 (from botocore<1.35.0,>=1.34.162->boto3==1.34.162->-r requirements.txt (line 9))
2025-08-16T23:11:34.4897701Z #13 4.799   Downloading python_dateutil-2.9.0.post0-py2.py3-none-any.whl.metadata (8.4 kB)
2025-08-16T23:11:34.4898257Z #13 4.844 Collecting urllib3!=2.2.0,<3,>=1.25.4 (from botocore<1.35.0,>=1.34.162->boto3==1.34.162->-r requirements.txt (line 9))
2025-08-16T23:11:34.4898747Z #13 4.860   Downloading urllib3-2.5.0-py3-none-any.whl.metadata (6.5 kB)
2025-08-16T23:11:34.4899252Z #13 4.885 Collecting dnspython>=2.0.0 (from email_validator>=2.0.0->fastapi==0.111.0->-r requirements.txt (line 3))
2025-08-16T23:11:34.4899764Z #13 4.901   Downloading dnspython-2.7.0-py3-none-any.whl.metadata (5.8 kB)
2025-08-16T23:11:34.4900247Z #13 4.935 Collecting typer>=0.15.1 (from fastapi-cli>=0.0.2->fastapi==0.111.0->-r requirements.txt (line 3))
2025-08-16T23:11:34.4900711Z #13 4.951   Downloading typer-0.16.0-py3-none-any.whl.metadata (15 kB)
2025-08-16T23:11:34.4901190Z #13 4.990 Collecting rich-toolkit>=0.14.8 (from fastapi-cli>=0.0.2->fastapi==0.111.0->-r requirements.txt (line 3))
2025-08-16T23:11:34.4901698Z #13 5.005   Downloading rich_toolkit-0.15.0-py3-none-any.whl.metadata (1.0 kB)
2025-08-16T23:11:34.4902254Z #13 5.034 Collecting annotated-types>=0.6.0 (from pydantic>=2.3.0->pydantic-settings==2.2.1->-r requirements.txt (line 2))
2025-08-16T23:11:34.4902800Z #13 5.051   Downloading annotated_types-0.7.0-py3-none-any.whl.metadata (15 kB)
2025-08-16T23:11:34.4903461Z #13 5.663 Collecting pydantic-core==2.33.2 (from pydantic>=2.3.0->pydantic-settings==2.2.1->-r requirements.txt (line 2))
2025-08-16T23:11:34.4904226Z #13 5.679   Downloading pydantic_core-2.33.2-cp312-cp312-manylinux_2_17_x86_64.manylinux2014_x86_64.whl.metadata (6.8 kB)
2025-08-16T23:11:34.4904891Z #13 5.706 Collecting typing-inspection>=0.4.0 (from pydantic>=2.3.0->pydantic-settings==2.2.1->-r requirements.txt (line 2))
2025-08-16T23:11:34.4905449Z #13 5.721   Downloading typing_inspection-0.4.1-py3-none-any.whl.metadata (2.6 kB)
2025-08-16T23:11:34.5306793Z #13 5.918 Collecting httptools>=0.5.0 (from uvicorn[standard]>=0.12.0->fastapi==0.111.0->-r requirements.txt (line 3))
2025-08-16T23:11:34.6480707Z #13 5.934   Downloading httptools-0.6.4-cp312-cp312-manylinux_2_5_x86_64.manylinux1_x86_64.manylinux_2_17_x86_64.manylinux2014_x86_64.whl.metadata (3.6 kB)
2025-08-16T23:11:34.6482506Z #13 5.977 Collecting pyyaml>=5.1 (from uvicorn[standard]>=0.12.0->fastapi==0.111.0->-r requirements.txt (line 3))
2025-08-16T23:11:34.6483842Z #13 5.993   Downloading PyYAML-6.0.2-cp312-cp312-manylinux_2_17_x86_64.manylinux2014_x86_64.whl.metadata (2.1 kB)
2025-08-16T23:11:34.6484973Z #13 6.036 Collecting uvloop!=0.15.0,!=0.15.1,>=0.14.0 (from uvicorn[standard]>=0.12.0->fastapi==0.111.0->-r requirements.txt (line 3))
2025-08-16T23:11:34.7522512Z #13 6.056   Downloading uvloop-0.21.0-cp312-cp312-manylinux_2_17_x86_64.manylinux2014_x86_64.whl.metadata (4.9 kB)
2025-08-16T23:11:34.7523820Z #13 6.124 Collecting watchfiles>=0.13 (from uvicorn[standard]>=0.12.0->fastapi==0.111.0->-r requirements.txt (line 3))
2025-08-16T23:11:34.7524811Z #13 6.140   Downloading watchfiles-1.1.0-cp312-cp312-manylinux_2_17_x86_64.manylinux2014_x86_64.whl.metadata (4.9 kB)
2025-08-16T23:11:34.8802185Z #13 6.218 Collecting websockets>=10.4 (from uvicorn[standard]>=0.12.0->fastapi==0.111.0->-r requirements.txt (line 3))
2025-08-16T23:11:34.8803853Z #13 6.236   Downloading websockets-15.0.1-cp312-cp312-manylinux_2_5_x86_64.manylinux1_x86_64.manylinux_2_17_x86_64.manylinux2014_x86_64.whl.metadata (6.8 kB)
2025-08-16T23:11:34.8805294Z #13 6.268 Collecting six>=1.5 (from python-dateutil<3.0.0,>=2.1->botocore<1.35.0,>=1.34.162->boto3==1.34.162->-r requirements.txt (line 9))
2025-08-16T23:11:35.0033442Z #13 6.284   Downloading six-1.17.0-py2.py3-none-any.whl.metadata (1.7 kB)
2025-08-16T23:11:35.0034489Z #13 6.335 Collecting rich>=13.7.1 (from rich-toolkit>=0.14.8->fastapi-cli>=0.0.2->fastapi==0.111.0->-r requirements.txt (line 3))
2025-08-16T23:11:35.0035445Z #13 6.351   Downloading rich-14.1.0-py3-none-any.whl.metadata (18 kB)
2025-08-16T23:11:35.0036398Z #13 6.391 Collecting shellingham>=1.3.0 (from typer>=0.15.1->fastapi-cli>=0.0.2->fastapi==0.111.0->-r requirements.txt (line 3))
2025-08-16T23:11:35.1211701Z #13 6.407   Downloading shellingham-1.5.4-py2.py3-none-any.whl.metadata (3.5 kB)
2025-08-16T23:11:35.1213701Z #13 6.461 Collecting markdown-it-py>=2.2.0 (from rich>=13.7.1->rich-toolkit>=0.14.8->fastapi-cli>=0.0.2->fastapi==0.111.0->-r requirements.txt (line 3))
2025-08-16T23:11:35.1214434Z #13 6.477   Downloading markdown_it_py-4.0.0-py3-none-any.whl.metadata (7.3 kB)
2025-08-16T23:11:35.1215084Z #13 6.509 Collecting pygments<3.0.0,>=2.13.0 (from rich>=13.7.1->rich-toolkit>=0.14.8->fastapi-cli>=0.0.2->fastapi==0.111.0->-r requirements.txt (line 3))
2025-08-16T23:11:35.2226844Z #13 6.524   Downloading pygments-2.19.2-py3-none-any.whl.metadata (2.5 kB)
2025-08-16T23:11:35.2228076Z #13 6.548 Collecting mdurl~=0.1 (from markdown-it-py>=2.2.0->rich>=13.7.1->rich-toolkit>=0.14.8->fastapi-cli>=0.0.2->fastapi==0.111.0->-r requirements.txt (line 3))
2025-08-16T23:11:35.2229228Z #13 6.564   Downloading mdurl-0.1.2-py3-none-any.whl.metadata (1.6 kB)
2025-08-16T23:11:35.2229848Z #13 6.587 Downloading uvicorn-0.29.0-py3-none-any.whl (60 kB)
2025-08-16T23:11:35.2230288Z #13 6.611 Downloading pydantic_settings-2.2.1-py3-none-any.whl (13 kB)
2025-08-16T23:11:35.3804673Z #13 6.628 Downloading fastapi-0.111.0-py3-none-any.whl (91 kB)
2025-08-16T23:11:35.3806023Z #13 6.684 Downloading SQLAlchemy-2.0.29-cp312-cp312-manylinux_2_17_x86_64.manylinux2014_x86_64.whl (3.2 MB)
2025-08-16T23:11:35.4826341Z #13 6.768    ━━━━━━━━━━━━━━━━━━━━━━━━━━━━━━━━━━━━━━━━ 3.2/3.2 MB 66.7 MB/s eta 0:00:00
2025-08-16T23:11:35.4827391Z #13 6.787 Downloading alembic-1.13.1-py3-none-any.whl (233 kB)
2025-08-16T23:11:35.4828032Z #13 6.804 Downloading psycopg-3.2.9-py3-none-any.whl (202 kB)
2025-08-16T23:11:35.4828607Z #13 6.820 Downloading httpx-0.27.2-py3-none-any.whl (76 kB)
2025-08-16T23:11:35.4829389Z #13 6.838 Downloading asyncpg-0.29.0-cp312-cp312-manylinux_2_17_x86_64.manylinux2014_x86_64.whl (3.3 MB)
2025-08-16T23:11:35.4830426Z #13 6.852    ━━━━━━━━━━━━━━━━━━━━━━━━━━━━━━━━━━━━━━━━ 3.3/3.3 MB 261.4 MB/s eta 0:00:00
2025-08-16T23:11:35.4831024Z #13 6.871 Downloading boto3-1.34.162-py3-none-any.whl (139 kB)
2025-08-16T23:11:35.6509683Z #13 6.889 Downloading jinja2-3.1.5-py3-none-any.whl (134 kB)
2025-08-16T23:11:35.6511568Z #13 6.904 Downloading httpcore-1.0.9-py3-none-any.whl (78 kB)
2025-08-16T23:11:35.6512635Z #13 6.921 Downloading psycopg_binary-3.2.9-cp312-cp312-manylinux_2_17_x86_64.manylinux2014_x86_64.whl (4.4 MB)
2025-08-16T23:11:35.6514155Z #13 6.946    ━━━━━━━━━━━━━━━━━━━━━━━━━━━━━━━━━━━━━━━━ 4.4/4.4 MB 191.9 MB/s eta 0:00:00
2025-08-16T23:11:35.6514825Z #13 6.967 Downloading botocore-1.34.162-py3-none-any.whl (12.5 MB)
2025-08-16T23:11:35.7677769Z #13 7.039    ━━━━━━━━━━━━━━━━━━━━━━━━━━━━━━━━━━━━━━━━ 12.5/12.5 MB 178.4 MB/s eta 0:00:00
2025-08-16T23:11:35.7678484Z #13 7.055 Downloading click-8.2.1-py3-none-any.whl (102 kB)
2025-08-16T23:11:35.7679205Z #13 7.071 Downloading email_validator-2.2.0-py3-none-any.whl (33 kB)
2025-08-16T23:11:35.7679919Z #13 7.087 Downloading fastapi_cli-0.0.8-py3-none-any.whl (10 kB)
2025-08-16T23:11:35.7680862Z #13 7.103 Downloading greenlet-3.2.4-cp312-cp312-manylinux_2_24_x86_64.manylinux_2_28_x86_64.whl (607 kB)
2025-08-16T23:11:35.7682339Z #13 7.106    ━━━━━━━━━━━━━━━━━━━━━━━━━━━━━━━━━━━━━━━ 607.6/607.6 kB 498.1 MB/s eta 0:00:00
2025-08-16T23:11:35.7683239Z #13 7.122 Downloading h11-0.16.0-py3-none-any.whl (37 kB)
2025-08-16T23:11:35.7683798Z #13 7.138 Downloading idna-3.10-py3-none-any.whl (70 kB)
2025-08-16T23:11:35.7684170Z #13 7.156 Downloading jmespath-1.0.1-py3-none-any.whl (20 kB)
2025-08-16T23:11:35.8713979Z #13 7.173 Downloading MarkupSafe-3.0.2-cp312-cp312-manylinux_2_17_x86_64.manylinux2014_x86_64.whl (23 kB)
2025-08-16T23:11:35.8715555Z #13 7.189 Downloading orjson-3.11.2-cp312-cp312-manylinux_2_17_x86_64.manylinux2014_x86_64.whl (121 kB)
2025-08-16T23:11:35.8716534Z #13 7.205 Downloading pydantic-2.11.7-py3-none-any.whl (444 kB)
2025-08-16T23:11:35.8717376Z #13 7.222 Downloading pydantic_core-2.33.2-cp312-cp312-manylinux_2_17_x86_64.manylinux2014_x86_64.whl (2.0 MB)
2025-08-16T23:11:35.8718083Z #13 7.228    ━━━━━━━━━━━━━━━━━━━━━━━━━━━━━━━━━━━━━━━━ 2.0/2.0 MB 446.4 MB/s eta 0:00:00
2025-08-16T23:11:35.8718494Z #13 7.244 Downloading python_dotenv-1.1.1-py3-none-any.whl (20 kB)
2025-08-16T23:11:35.8718900Z #13 7.259 Downloading python_multipart-0.0.20-py3-none-any.whl (24 kB)
2025-08-16T23:11:35.9854707Z #13 7.280 Downloading s3transfer-0.10.4-py3-none-any.whl (83 kB)
2025-08-16T23:11:35.9855801Z #13 7.295 Downloading starlette-0.37.2-py3-none-any.whl (71 kB)
2025-08-16T23:11:35.9856529Z #13 7.311 Downloading anyio-4.10.0-py3-none-any.whl (107 kB)
2025-08-16T23:11:35.9857032Z #13 7.326 Downloading sniffio-1.3.1-py3-none-any.whl (10 kB)
2025-08-16T23:11:35.9857579Z #13 7.342 Downloading typing_extensions-4.14.1-py3-none-any.whl (43 kB)
2025-08-16T23:11:35.9858265Z #13 7.358 Downloading ujson-5.10.0-cp312-cp312-manylinux_2_17_x86_64.manylinux2014_x86_64.whl (53 kB)
2025-08-16T23:11:35.9858816Z #13 7.373 Downloading certifi-2025.8.3-py3-none-any.whl (161 kB)
2025-08-16T23:11:36.0862734Z #13 7.389 Downloading mako-1.3.10-py3-none-any.whl (78 kB)
2025-08-16T23:11:36.0863740Z #13 7.406 Downloading annotated_types-0.7.0-py3-none-any.whl (13 kB)
2025-08-16T23:11:36.0864450Z #13 7.421 Downloading dnspython-2.7.0-py3-none-any.whl (313 kB)
2025-08-16T23:11:36.0865568Z #13 7.437 Downloading httptools-0.6.4-cp312-cp312-manylinux_2_5_x86_64.manylinux1_x86_64.manylinux_2_17_x86_64.manylinux2014_x86_64.whl (510 kB)
2025-08-16T23:11:36.0867064Z #13 7.455 Downloading python_dateutil-2.9.0.post0-py2.py3-none-any.whl (229 kB)
2025-08-16T23:11:36.0868059Z #13 7.471 Downloading PyYAML-6.0.2-cp312-cp312-manylinux_2_17_x86_64.manylinux2014_x86_64.whl (767 kB)
2025-08-16T23:11:36.1987436Z #13 7.474    ━━━━━━━━━━━━━━━━━━━━━━━━━━━━━━━━━━━━━━━ 767.5/767.5 kB 518.5 MB/s eta 0:00:00
2025-08-16T23:11:36.1989839Z #13 7.490 Downloading rich_toolkit-0.15.0-py3-none-any.whl (29 kB)
2025-08-16T23:11:36.1990461Z #13 7.506 Downloading typer-0.16.0-py3-none-any.whl (46 kB)
2025-08-16T23:11:36.1990877Z #13 7.522 Downloading typing_inspection-0.4.1-py3-none-any.whl (14 kB)
2025-08-16T23:11:36.1991283Z #13 7.537 Downloading urllib3-2.5.0-py3-none-any.whl (129 kB)
2025-08-16T23:11:36.1991751Z #13 7.553 Downloading uvloop-0.21.0-cp312-cp312-manylinux_2_17_x86_64.manylinux2014_x86_64.whl (4.7 MB)
2025-08-16T23:11:36.1992344Z #13 7.571    ━━━━━━━━━━━━━━━━━━━━━━━━━━━━━━━━━━━━━━━━ 4.7/4.7 MB 299.3 MB/s eta 0:00:00
2025-08-16T23:11:36.1992988Z #13 7.587 Downloading watchfiles-1.1.0-cp312-cp312-manylinux_2_17_x86_64.manylinux2014_x86_64.whl (452 kB)
2025-08-16T23:11:36.2995396Z #13 7.604 Downloading websockets-15.0.1-cp312-cp312-manylinux_2_5_x86_64.manylinux1_x86_64.manylinux_2_17_x86_64.manylinux2014_x86_64.whl (182 kB)
2025-08-16T23:11:36.2996443Z #13 7.620 Downloading rich-14.1.0-py3-none-any.whl (243 kB)
2025-08-16T23:11:36.2997852Z #13 7.641 Downloading shellingham-1.5.4-py2.py3-none-any.whl (9.8 kB)
2025-08-16T23:11:36.3018892Z #13 7.656 Downloading six-1.17.0-py2.py3-none-any.whl (11 kB)
2025-08-16T23:11:36.3019528Z #13 7.672 Downloading markdown_it_py-4.0.0-py3-none-any.whl (87 kB)
2025-08-16T23:11:36.3020408Z #13 7.688 Downloading pygments-2.19.2-py3-none-any.whl (1.2 MB)
2025-08-16T23:11:36.4707758Z #13 7.692    ━━━━━━━━━━━━━━━━━━━━━━━━━━━━━━━━━━━━━━━━ 1.2/1.2 MB 458.0 MB/s eta 0:00:00
2025-08-16T23:11:36.4708164Z #13 7.708 Downloading mdurl-0.1.2-py3-none-any.whl (10.0 kB)
2025-08-16T23:11:36.4812486Z #13 7.869 Installing collected packages: websockets, uvloop, urllib3, ujson, typing-extensions, sniffio, six, shellingham, pyyaml, python-multipart, python-dotenv, pygments, psycopg-binary, orjson, mdurl, MarkupSafe, jmespath, idna, httptools, h11, greenlet, dnspython, click, certifi, asyncpg, annotated-types, uvicorn, typing-inspection, sqlalchemy, python-dateutil, pydantic-core, psycopg, markdown-it-py, Mako, Jinja2, httpcore, email_validator, anyio, watchfiles, starlette, rich, pydantic, httpx, botocore, alembic, typer, s3transfer, rich-toolkit, pydantic-settings, fastapi-cli, boto3, fastapi
2025-08-16T23:11:41.1499884Z #13 12.54 Successfully installed Jinja2-3.1.5 Mako-1.3.10 MarkupSafe-3.0.2 alembic-1.13.1 annotated-types-0.7.0 anyio-4.10.0 asyncpg-0.29.0 boto3-1.34.162 botocore-1.34.162 certifi-2025.8.3 click-8.2.1 dnspython-2.7.0 email_validator-2.2.0 fastapi-0.111.0 fastapi-cli-0.0.8 greenlet-3.2.4 h11-0.16.0 httpcore-1.0.9 httptools-0.6.4 httpx-0.27.2 idna-3.10 jmespath-1.0.1 markdown-it-py-4.0.0 mdurl-0.1.2 orjson-3.11.2 psycopg-3.2.9 psycopg-binary-3.2.9 pydantic-2.11.7 pydantic-core-2.33.2 pydantic-settings-2.2.1 pygments-2.19.2 python-dateutil-2.9.0.post0 python-dotenv-1.1.1 python-multipart-0.0.20 pyyaml-6.0.2 rich-14.1.0 rich-toolkit-0.15.0 s3transfer-0.10.4 shellingham-1.5.4 six-1.17.0 sniffio-1.3.1 sqlalchemy-2.0.29 starlette-0.37.2 typer-0.16.0 typing-extensions-4.14.1 typing-inspection-0.4.1 ujson-5.10.0 urllib3-2.5.0 uvicorn-0.29.0 uvloop-0.21.0 watchfiles-1.1.0 websockets-15.0.1
2025-08-16T23:11:41.2503609Z #13 12.54 WARNING: Running pip as the 'root' user can result in broken permissions and conflicting behaviour with the system package manager, possibly rendering your system unusable. It is recommended to use a virtual environment instead: https://pip.pypa.io/warnings/venv. Use the --root-user-action option if you know what you are doing and want to suppress this warning.
2025-08-16T23:11:41.2505941Z #13 12.64 
2025-08-16T23:11:41.2506412Z #13 12.64 [notice] A new release of pip is available: 25.0.1 -> 25.2
2025-08-16T23:11:41.2507006Z #13 12.64 [notice] To update, run: pip install --upgrade pip
2025-08-16T23:11:41.5001672Z #13 DONE 12.9s
2025-08-16T23:11:41.6244635Z 
2025-08-16T23:11:41.6245193Z #14 [base  5/12] COPY services/api/ ./services/api
2025-08-16T23:11:41.6246034Z #14 DONE 0.1s
2025-08-16T23:11:41.6246231Z 
2025-08-16T23:11:41.6246443Z #15 [base  6/12] COPY services/common/ ./services/common
2025-08-16T23:11:41.6246919Z #15 DONE 0.0s
2025-08-16T23:11:41.6247094Z 
2025-08-16T23:11:41.6247303Z #16 [base  7/12] COPY services/ingest/ ./services/ingest
2025-08-16T23:11:41.6247751Z #16 DONE 0.0s
2025-08-16T23:11:41.6247856Z 
2025-08-16T23:11:41.6247984Z #17 [base  8/12] COPY services/etl/ ./services/etl
2025-08-16T23:11:41.6248223Z #17 DONE 0.0s
2025-08-16T23:11:41.8612145Z 
2025-08-16T23:11:41.8612472Z #18 [base  9/12] COPY services/api/alembic.ini ./alembic.ini
2025-08-16T23:11:41.8613475Z #18 DONE 0.0s
2025-08-16T23:11:41.8613649Z 
2025-08-16T23:11:41.8613799Z #19 [base 10/12] COPY alembic/ ./alembic/
2025-08-16T23:11:41.8614209Z #19 DONE 0.0s
2025-08-16T23:11:41.8614374Z 
2025-08-16T23:11:41.8614635Z #20 [base 11/12] COPY services/api/entrypoint.sh ./entrypoint.sh
2025-08-16T23:11:41.8615133Z #20 DONE 0.0s
2025-08-16T23:11:41.8615292Z 
2025-08-16T23:11:41.8615445Z #21 [base 12/12] RUN chmod +x ./entrypoint.sh
2025-08-16T23:11:41.8615846Z #21 DONE 0.1s
2025-08-16T23:11:42.4209040Z 
2025-08-16T23:11:42.4209691Z #22 [stage-1 4/6] COPY --from=base /usr/local /usr/local
2025-08-16T23:11:43.9803738Z #22 DONE 1.6s
2025-08-16T23:11:44.1304486Z 
2025-08-16T23:11:44.1305394Z #23 [stage-1 5/6] COPY --from=base /app /app
2025-08-16T23:11:44.1305905Z #23 DONE 0.1s
2025-08-16T23:11:44.1306411Z 
2025-08-16T23:11:44.1306605Z #24 [stage-1 6/6] RUN chmod +x /app/entrypoint.sh
2025-08-16T23:11:44.1307041Z #24 DONE 0.1s
2025-08-16T23:11:44.2825233Z 
2025-08-16T23:11:44.2826009Z #25 exporting to docker image format
2025-08-16T23:11:44.2826733Z #25 exporting layers
2025-08-16T23:11:48.9976178Z #25 exporting layers 4.9s done
2025-08-16T23:11:49.1547732Z #25 exporting manifest sha256:5caef76dce63ea1662ffb40eddce5e90c6057200c43bd56412d5bb4b26efdc67 done
2025-08-16T23:11:49.1549213Z #25 exporting config sha256:a85e486da8c385b861f404bcb18d90f025c0284e45ec0928963e21496433d59c done
2025-08-16T23:11:49.1550908Z #25 sending tarball
2025-08-16T23:11:49.5557120Z #25 ...
2025-08-16T23:11:49.5557551Z 
2025-08-16T23:11:49.5557772Z #26 importing to docker
2025-08-16T23:11:49.7060344Z #26 loading layer e6a3842ebc7f 327.68kB / 29.77MB
2025-08-16T23:11:50.4356021Z #26 loading layer 11a4ec4d004e 32.77kB / 1.29MB
2025-08-16T23:11:50.6111488Z #26 loading layer 07cd4433de32 131.07kB / 12.11MB
2025-08-16T23:11:51.1790762Z #26 loading layer e33228fe7708 251B / 251B
2025-08-16T23:11:51.3669853Z #26 loading layer e2badd611d77 91B / 91B
2025-08-16T23:11:51.3670363Z #26 loading layer 44cc1043b82a 196.61kB / 19.48MB
2025-08-16T23:11:52.1370744Z #26 loading layer cbe4c6d6cc89 524.29kB / 51.22MB
2025-08-16T23:11:54.2178893Z #26 loading layer cbe4c6d6cc89 47.19MB / 51.22MB 2.1s
2025-08-16T23:11:54.4796765Z #26 loading layer 2fdc1abe14b0 22.00kB / 22.00kB
2025-08-16T23:11:54.5570568Z #26 loading layer e6a3842ebc7f 29.77MB / 29.77MB 5.0s done
2025-08-16T23:11:54.5571182Z #26 loading layer 11a4ec4d004e 1.29MB / 1.29MB 4.1s done
2025-08-16T23:11:54.5572072Z #26 loading layer 07cd4433de32 12.11MB / 12.11MB 3.9s done
2025-08-16T23:11:54.5573434Z #26 loading layer e33228fe7708 251B / 251B 3.4s done
2025-08-16T23:11:54.5573966Z #26 loading layer e2badd611d77 91B / 91B 3.3s done
2025-08-16T23:11:54.5574504Z #26 loading layer 44cc1043b82a 19.48MB / 19.48MB 3.3s done
2025-08-16T23:11:54.5575857Z #26 loading layer cbe4c6d6cc89 51.22MB / 51.22MB 2.4s done
2025-08-16T23:11:54.5576635Z #26 loading layer 2fdc1abe14b0 22.00kB / 22.00kB 0.1s done
2025-08-16T23:11:54.5577180Z #26 loading layer 5f70bf18a086 32B / 32B 0.0s done
2025-08-16T23:11:54.5577649Z #26 DONE 5.0s
2025-08-16T23:11:54.5577832Z 
2025-08-16T23:11:54.5577973Z #25 exporting to docker image format
2025-08-16T23:11:54.5578394Z #25 sending tarball 5.5s done
2025-08-16T23:11:54.5578731Z #25 DONE 10.4s
2025-08-16T23:11:54.6863640Z Post job cleanup.
2025-08-16T23:11:54.8234528Z [warning]Path Validation Error: Path(s) specified in the action for caching do(es) not exist, hence no cache is being saved.
2025-08-16T23:11:54.8324192Z Post job cleanup.
2025-08-16T23:11:55.1090195Z ##[group]Removing builder
2025-08-16T23:11:55.2165296Z [command]/usr/bin/docker buildx rm builder-e36438da-2650-4cde-af3b-bb1965accc00
2025-08-16T23:11:56.1083460Z builder-e36438da-2650-4cde-af3b-bb1965accc00 removed
2025-08-16T23:11:56.1132539Z ##[endgroup]
2025-08-16T23:11:56.1134667Z ##[group]Cleaning up certificates
2025-08-16T23:11:56.1141213Z ##[endgroup]
2025-08-16T23:11:56.1141782Z ##[group]Post cache
2025-08-16T23:11:56.1144644Z State not set
2025-08-16T23:11:56.1145215Z ##[endgroup]
2025-08-16T23:11:56.1273144Z Post job cleanup.
2025-08-16T23:11:56.2191840Z [command]/usr/bin/git version
2025-08-16T23:11:56.2227886Z git version 2.50.1
2025-08-16T23:11:56.2270792Z Temporarily overriding HOME='/home/runner/work/_temp/a183180a-946b-4cc8-ab3f-cf26d96b6edf' before making global git config changes
2025-08-16T23:11:56.2272057Z Adding repository directory to the temporary git global config as a safe directory
2025-08-16T23:11:56.2283557Z [command]/usr/bin/git config --global --add safe.directory /home/runner/work/AWA-App/AWA-App
2025-08-16T23:11:56.2316098Z [command]/usr/bin/git config --local --name-only --get-regexp core\.sshCommand
2025-08-16T23:11:56.2348079Z [command]/usr/bin/git submodule foreach --recursive sh -c "git config --local --name-only --get-regexp 'core\.sshCommand' && git config --local --unset-all 'core.sshCommand' || :"
2025-08-16T23:11:56.2574080Z [command]/usr/bin/git config --local --name-only --get-regexp http\.https\:\/\/github\.com\/\.extraheader
2025-08-16T23:11:56.2593305Z http.https://github.com/.extraheader
2025-08-16T23:11:56.2605399Z [command]/usr/bin/git config --local --unset-all http.https://github.com/.extraheader
2025-08-16T23:11:56.2633767Z [command]/usr/bin/git submodule foreach --recursive sh -c "git config --local --name-only --get-regexp 'http\.https\:\/\/github\.com\/\.extraheader' && git config --local --unset-all 'http.https://github.com/.extraheader' || :"
2025-08-16T23:11:56.2949903Z Cleaning up orphan processes
