2025-08-20T20:57:21.5652927Z Current runner version: '2.328.0'
2025-08-20T20:57:21.5676475Z ##[group]Runner Image Provisioner
2025-08-20T20:57:21.5677375Z Hosted Compute Agent
2025-08-20T20:57:21.5678069Z Version: 20250818.377
2025-08-20T20:57:21.5678632Z Commit: 3c593e9f75fe0b87e893bca80d6e12ba089c61fc
2025-08-20T20:57:21.5679440Z Build Date: 2025-08-18T14:52:18Z
2025-08-20T20:57:21.5679998Z ##[endgroup]
2025-08-20T20:57:21.5680533Z ##[group]Operating System
2025-08-20T20:57:21.5681158Z Ubuntu
2025-08-20T20:57:21.5681642Z 24.04.2
2025-08-20T20:57:21.5682077Z LTS
2025-08-20T20:57:21.5682605Z ##[endgroup]
2025-08-20T20:57:21.5683088Z ##[group]Runner Image
2025-08-20T20:57:21.5683625Z Image: ubuntu-24.04
2025-08-20T20:57:21.5684217Z Version: 20250818.1.0
2025-08-20T20:57:21.5685175Z Included Software: https://github.com/actions/runner-images/blob/ubuntu24/20250818.1/images/ubuntu/Ubuntu2404-Readme.md
2025-08-20T20:57:21.5686792Z Image Release: https://github.com/actions/runner-images/releases/tag/ubuntu24%2F20250818.1
2025-08-20T20:57:21.5687738Z ##[endgroup]
2025-08-20T20:57:21.5690393Z ##[group]GITHUB_TOKEN Permissions
2025-08-20T20:57:21.5692329Z Actions: read
2025-08-20T20:57:21.5692881Z Attestations: read
2025-08-20T20:57:21.5693467Z Checks: read
2025-08-20T20:57:21.5693970Z Contents: read
2025-08-20T20:57:21.5694422Z Deployments: read
2025-08-20T20:57:21.5694965Z Discussions: read
2025-08-20T20:57:21.5695448Z Issues: read
2025-08-20T20:57:21.5695926Z Metadata: read
2025-08-20T20:57:21.5696381Z Models: read
2025-08-20T20:57:21.5696933Z Packages: read
2025-08-20T20:57:21.5697396Z Pages: read
2025-08-20T20:57:21.5698278Z PullRequests: read
2025-08-20T20:57:21.5698843Z RepositoryProjects: read
2025-08-20T20:57:21.5699361Z SecurityEvents: read
2025-08-20T20:57:21.5700036Z Statuses: read
2025-08-20T20:57:21.5700519Z ##[endgroup]
2025-08-20T20:57:21.5702949Z Secret source: Dependabot
2025-08-20T20:57:21.5703731Z Prepare workflow directory
2025-08-20T20:57:21.6019619Z Prepare all required actions
2025-08-20T20:57:21.6057084Z Getting action download info
2025-08-20T20:57:21.9496459Z Download action repository 'actions/checkout@v5' (SHA:08c6903cd8c0fde910a37f88322edcfb5dd907a8)
2025-08-20T20:57:22.0208558Z Download action repository 'docker/setup-buildx-action@v3' (SHA:e468171a9de216ec08956ac3ada2f0791b6bd435)
2025-08-20T20:57:22.4162150Z Download action repository 'actions/cache@v4' (SHA:0400d5f644dc74513175e3cd8d07132dd4860809)
2025-08-20T20:57:22.5866179Z Complete job name: container-build
2025-08-20T20:57:22.6552556Z ##[group]Run actions/checkout@v5
2025-08-20T20:57:22.6553450Z with:
2025-08-20T20:57:22.6553888Z   repository: AlexBomber12/AWA-App
2025-08-20T20:57:22.6554578Z   token: ***
2025-08-20T20:57:22.6555000Z   ssh-strict: true
2025-08-20T20:57:22.6555423Z   ssh-user: git
2025-08-20T20:57:22.6555859Z   persist-credentials: true
2025-08-20T20:57:22.6556346Z   clean: true
2025-08-20T20:57:22.6556786Z   sparse-checkout-cone-mode: true
2025-08-20T20:57:22.6557300Z   fetch-depth: 1
2025-08-20T20:57:22.6557721Z   fetch-tags: false
2025-08-20T20:57:22.6558348Z   show-progress: true
2025-08-20T20:57:22.6558791Z   lfs: false
2025-08-20T20:57:22.6559190Z   submodules: false
2025-08-20T20:57:22.6559630Z   set-safe-directory: true
2025-08-20T20:57:22.6560363Z ##[endgroup]
2025-08-20T20:57:22.7484885Z Syncing repository: AlexBomber12/AWA-App
2025-08-20T20:57:22.7487516Z ##[group]Getting Git version info
2025-08-20T20:57:22.7488877Z Working directory is '/home/runner/work/AWA-App/AWA-App'
2025-08-20T20:57:22.7490433Z [command]/usr/bin/git version
2025-08-20T20:57:22.7501259Z git version 2.51.0
2025-08-20T20:57:22.7522553Z ##[endgroup]
2025-08-20T20:57:22.7536603Z Temporarily overriding HOME='/home/runner/work/_temp/092d7892-9509-4bac-91d7-f09e201a1063' before making global git config changes
2025-08-20T20:57:22.7540911Z Adding repository directory to the temporary git global config as a safe directory
2025-08-20T20:57:22.7542547Z [command]/usr/bin/git config --global --add safe.directory /home/runner/work/AWA-App/AWA-App
2025-08-20T20:57:22.7573694Z Deleting the contents of '/home/runner/work/AWA-App/AWA-App'
2025-08-20T20:57:22.7576898Z ##[group]Initializing the repository
2025-08-20T20:57:22.7581587Z [command]/usr/bin/git init /home/runner/work/AWA-App/AWA-App
2025-08-20T20:57:22.7637592Z hint: Using 'master' as the name for the initial branch. This default branch name
2025-08-20T20:57:22.7639454Z hint: is subject to change. To configure the initial branch name to use in all
2025-08-20T20:57:22.7640712Z hint: of your new repositories, which will suppress this warning, call:
2025-08-20T20:57:22.7642102Z hint:
2025-08-20T20:57:22.7643103Z hint: 	git config --global init.defaultBranch <name>
2025-08-20T20:57:22.7644335Z hint:
2025-08-20T20:57:22.7645499Z hint: Names commonly chosen instead of 'master' are 'main', 'trunk' and
2025-08-20T20:57:22.7647443Z hint: 'development'. The just-created branch can be renamed via this command:
2025-08-20T20:57:22.7649047Z hint:
2025-08-20T20:57:22.7649808Z hint: 	git branch -m <name>
2025-08-20T20:57:22.7650750Z hint:
2025-08-20T20:57:22.7652133Z hint: Disable this message with "git config set advice.defaultBranchName false"
2025-08-20T20:57:22.7654167Z Initialized empty Git repository in /home/runner/work/AWA-App/AWA-App/.git/
2025-08-20T20:57:22.7657112Z [command]/usr/bin/git remote add origin https://github.com/AlexBomber12/AWA-App
2025-08-20T20:57:22.7686561Z ##[endgroup]
2025-08-20T20:57:22.7688199Z ##[group]Disabling automatic garbage collection
2025-08-20T20:57:22.7690560Z [command]/usr/bin/git config --local gc.auto 0
2025-08-20T20:57:22.7719422Z ##[endgroup]
2025-08-20T20:57:22.7721058Z ##[group]Setting up auth
2025-08-20T20:57:22.7726680Z [command]/usr/bin/git config --local --name-only --get-regexp core\.sshCommand
2025-08-20T20:57:22.7757167Z [command]/usr/bin/git submodule foreach --recursive sh -c "git config --local --name-only --get-regexp 'core\.sshCommand' && git config --local --unset-all 'core.sshCommand' || :"
2025-08-20T20:57:22.8018794Z [command]/usr/bin/git config --local --name-only --get-regexp http\.https\:\/\/github\.com\/\.extraheader
2025-08-20T20:57:22.8049881Z [command]/usr/bin/git submodule foreach --recursive sh -c "git config --local --name-only --get-regexp 'http\.https\:\/\/github\.com\/\.extraheader' && git config --local --unset-all 'http.https://github.com/.extraheader' || :"
2025-08-20T20:57:22.8271021Z [command]/usr/bin/git config --local http.https://github.com/.extraheader AUTHORIZATION: basic ***
2025-08-20T20:57:22.8306371Z ##[endgroup]
2025-08-20T20:57:22.8308158Z ##[group]Fetching the repository
2025-08-20T20:57:22.8316300Z [command]/usr/bin/git -c protocol.version=2 fetch --no-tags --prune --no-recurse-submodules --depth=1 origin +ffc2160eb42abeb5c355654ec7b8603f52938c09:refs/remotes/pull/311/merge
2025-08-20T20:57:23.2266506Z From https://github.com/AlexBomber12/AWA-App
2025-08-20T20:57:23.2268841Z  * [new ref]         ffc2160eb42abeb5c355654ec7b8603f52938c09 -> pull/311/merge
2025-08-20T20:57:23.2296807Z ##[endgroup]
2025-08-20T20:57:23.2298436Z ##[group]Determining the checkout info
2025-08-20T20:57:23.2300194Z ##[endgroup]
2025-08-20T20:57:23.2304027Z [command]/usr/bin/git sparse-checkout disable
2025-08-20T20:57:23.2343045Z [command]/usr/bin/git config --local --unset-all extensions.worktreeConfig
2025-08-20T20:57:23.2368456Z ##[group]Checking out the ref
2025-08-20T20:57:23.2372097Z [command]/usr/bin/git checkout --progress --force refs/remotes/pull/311/merge
2025-08-20T20:57:23.2721179Z Note: switching to 'refs/remotes/pull/311/merge'.
2025-08-20T20:57:23.2722528Z 
2025-08-20T20:57:23.2723696Z You are in 'detached HEAD' state. You can look around, make experimental
2025-08-20T20:57:23.2726303Z changes and commit them, and you can discard any commits you make in this
2025-08-20T20:57:23.2728424Z state without impacting any branches by switching back to a branch.
2025-08-20T20:57:23.2729448Z 
2025-08-20T20:57:23.2730334Z If you want to create a new branch to retain commits you create, you may
2025-08-20T20:57:23.2732713Z do so (now or later) by using -c with the switch command. Example:
2025-08-20T20:57:23.2734292Z 
2025-08-20T20:57:23.2734724Z   git switch -c <new-branch-name>
2025-08-20T20:57:23.2735543Z 
2025-08-20T20:57:23.2735905Z Or undo this operation with:
2025-08-20T20:57:23.2736479Z 
2025-08-20T20:57:23.2736787Z   git switch -
2025-08-20T20:57:23.2737334Z 
2025-08-20T20:57:23.2738403Z Turn off this advice by setting config variable advice.detachedHead to false
2025-08-20T20:57:23.2739712Z 
2025-08-20T20:57:23.2741323Z HEAD is now at ffc2160 Merge 8a4c33dd9e61ab30189b388be4cbfbc1544b2cb4 into ab6f502f8f1e118648fd09a9b43864129ff65477
2025-08-20T20:57:23.2745811Z ##[endgroup]
2025-08-20T20:57:23.2793940Z [command]/usr/bin/git log -1 --format=%H
2025-08-20T20:57:23.2815941Z ffc2160eb42abeb5c355654ec7b8603f52938c09
2025-08-20T20:57:23.3127737Z ##[group]Run docker/setup-buildx-action@v3
2025-08-20T20:57:23.3129181Z with:
2025-08-20T20:57:23.3130013Z   driver: docker-container
2025-08-20T20:57:23.3131016Z   install: false
2025-08-20T20:57:23.3131885Z   use: true
2025-08-20T20:57:23.3132729Z   keep-state: false
2025-08-20T20:57:23.3133638Z   cache-binary: true
2025-08-20T20:57:23.3134543Z   cleanup: true
2025-08-20T20:57:23.3135378Z ##[endgroup]
2025-08-20T20:57:23.5992238Z ##[group]Docker info
2025-08-20T20:57:23.6022759Z [command]/usr/bin/docker version
2025-08-20T20:57:23.6833735Z Client: Docker Engine - Community
2025-08-20T20:57:23.6835015Z  Version:           28.0.4
2025-08-20T20:57:23.6836817Z  API version:       1.48
2025-08-20T20:57:23.6838384Z  Go version:        go1.23.7
2025-08-20T20:57:23.6839493Z  Git commit:        b8034c0
2025-08-20T20:57:23.6840548Z  Built:             Tue Mar 25 15:07:16 2025
2025-08-20T20:57:23.6841752Z  OS/Arch:           linux/amd64
2025-08-20T20:57:23.6842867Z  Context:           default
2025-08-20T20:57:23.6843866Z 
2025-08-20T20:57:23.6844511Z Server: Docker Engine - Community
2025-08-20T20:57:23.6846193Z  Engine:
2025-08-20T20:57:23.6847454Z   Version:          28.0.4
2025-08-20T20:57:23.6849419Z   API version:      1.48 (minimum version 1.24)
2025-08-20T20:57:23.6851410Z   Go version:       go1.23.7
2025-08-20T20:57:23.6853037Z   Git commit:       6430e49
2025-08-20T20:57:23.6854709Z   Built:            Tue Mar 25 15:07:16 2025
2025-08-20T20:57:23.6856534Z   OS/Arch:          linux/amd64
2025-08-20T20:57:23.6858405Z   Experimental:     false
2025-08-20T20:57:23.6859983Z  containerd:
2025-08-20T20:57:23.6861337Z   Version:          1.7.27
2025-08-20T20:57:23.6863204Z   GitCommit:        05044ec0a9a75232cad458027ca83437aae3f4da
2025-08-20T20:57:23.6865284Z  runc:
2025-08-20T20:57:23.6866547Z   Version:          1.2.5
2025-08-20T20:57:23.6868426Z   GitCommit:        v1.2.5-0-g59923ef
2025-08-20T20:57:23.6870197Z  docker-init:
2025-08-20T20:57:23.6871569Z   Version:          0.19.0
2025-08-20T20:57:23.6873137Z   GitCommit:        de40ad0
2025-08-20T20:57:23.6891573Z [command]/usr/bin/docker info
2025-08-20T20:57:23.8829877Z Client: Docker Engine - Community
2025-08-20T20:57:23.8831607Z  Version:    28.0.4
2025-08-20T20:57:23.8832897Z  Context:    default
2025-08-20T20:57:23.8834257Z  Debug Mode: false
2025-08-20T20:57:23.8835546Z  Plugins:
2025-08-20T20:57:23.8836801Z   buildx: Docker Buildx (Docker Inc.)
2025-08-20T20:57:23.8838663Z     Version:  v0.26.1
2025-08-20T20:57:23.8840408Z     Path:     /usr/libexec/docker/cli-plugins/docker-buildx
2025-08-20T20:57:23.8842530Z   compose: Docker Compose (Docker Inc.)
2025-08-20T20:57:23.8843826Z     Version:  v2.38.2
2025-08-20T20:57:23.8845003Z     Path:     /usr/libexec/docker/cli-plugins/docker-compose
2025-08-20T20:57:23.8846026Z 
2025-08-20T20:57:23.8846343Z Server:
2025-08-20T20:57:23.8847130Z  Containers: 0
2025-08-20T20:57:23.8848587Z   Running: 0
2025-08-20T20:57:23.8849437Z   Paused: 0
2025-08-20T20:57:23.8850255Z   Stopped: 0
2025-08-20T20:57:23.8851151Z  Images: 0
2025-08-20T20:57:23.8852090Z  Server Version: 28.0.4
2025-08-20T20:57:23.8853248Z  Storage Driver: overlay2
2025-08-20T20:57:23.8854397Z   Backing Filesystem: extfs
2025-08-20T20:57:23.8855646Z   Supports d_type: true
2025-08-20T20:57:23.8857315Z   Using metacopy: false
2025-08-20T20:57:23.8858627Z   Native Overlay Diff: false
2025-08-20T20:57:23.8859854Z   userxattr: false
2025-08-20T20:57:23.8860920Z  Logging Driver: json-file
2025-08-20T20:57:23.8862148Z  Cgroup Driver: systemd
2025-08-20T20:57:23.8863326Z  Cgroup Version: 2
2025-08-20T20:57:23.8864237Z  Plugins:
2025-08-20T20:57:23.8865146Z   Volume: local
2025-08-20T20:57:23.8866178Z   Network: bridge host ipvlan macvlan null overlay
2025-08-20T20:57:23.8868315Z   Log: awslogs fluentd gcplogs gelf journald json-file local splunk syslog
2025-08-20T20:57:23.8870178Z  Swarm: inactive
2025-08-20T20:57:23.8937724Z  Runtimes: io.containerd.runc.v2 runc
2025-08-20T20:57:23.8939400Z  Default Runtime: runc
2025-08-20T20:57:23.8940997Z  Init Binary: docker-init
2025-08-20T20:57:23.8942626Z  containerd version: 05044ec0a9a75232cad458027ca83437aae3f4da
2025-08-20T20:57:23.8944298Z  runc version: v1.2.5-0-g59923ef
2025-08-20T20:57:23.8945554Z  init version: de40ad0
2025-08-20T20:57:23.8946579Z  Security Options:
2025-08-20T20:57:23.8947562Z   apparmor
2025-08-20T20:57:23.8948590Z   seccomp
2025-08-20T20:57:23.8949509Z    Profile: builtin
2025-08-20T20:57:23.8950506Z   cgroupns
2025-08-20T20:57:23.8951436Z  Kernel Version: 6.11.0-1018-azure
2025-08-20T20:57:23.8952638Z  Operating System: Ubuntu 24.04.2 LTS
2025-08-20T20:57:23.8953942Z  OSType: linux
2025-08-20T20:57:23.8954897Z  Architecture: x86_64
2025-08-20T20:57:23.8955963Z  CPUs: 4
2025-08-20T20:57:23.8956984Z  Total Memory: 15.62GiB
2025-08-20T20:57:23.8958283Z  Name: pkrvmqc4gcfdwos
2025-08-20T20:57:23.8959459Z  ID: 1c1cbb44-b30d-44d5-842a-37462128d90e
2025-08-20T20:57:23.8960765Z  Docker Root Dir: /var/lib/docker
2025-08-20T20:57:23.8962164Z  Debug Mode: false
2025-08-20T20:57:23.8963186Z  Username: githubactions
2025-08-20T20:57:23.8964336Z  Experimental: false
2025-08-20T20:57:23.8965358Z  Insecure Registries:
2025-08-20T20:57:23.8970000Z   ::1/128
2025-08-20T20:57:23.8971035Z   127.0.0.0/8
2025-08-20T20:57:23.8972291Z  Live Restore Enabled: false
2025-08-20T20:57:23.8973356Z 
2025-08-20T20:57:23.8974973Z ##[endgroup]
2025-08-20T20:57:23.9454082Z ##[group]Buildx version
2025-08-20T20:57:23.9474397Z [command]/usr/bin/docker buildx version
2025-08-20T20:57:23.9949953Z github.com/docker/buildx v0.26.1 1a8287f22cf5a38339a4c1bf432b803c5f8b2aae
2025-08-20T20:57:23.9979998Z ##[endgroup]
2025-08-20T20:57:24.0125084Z ##[group]Inspecting default docker context
2025-08-20T20:57:24.0255829Z [
2025-08-20T20:57:24.0257072Z   {
2025-08-20T20:57:24.0258466Z     "Name": "default",
2025-08-20T20:57:24.0259934Z     "Metadata": {},
2025-08-20T20:57:24.0261330Z     "Endpoints": {
2025-08-20T20:57:24.0262709Z       "docker": {
2025-08-20T20:57:24.0264192Z         "Host": "unix:///var/run/docker.sock",
2025-08-20T20:57:24.0266175Z         "SkipTLSVerify": false
2025-08-20T20:57:24.0267944Z       }
2025-08-20T20:57:24.0269134Z     },
2025-08-20T20:57:24.0270380Z     "TLSMaterial": {},
2025-08-20T20:57:24.0271816Z     "Storage": {
2025-08-20T20:57:24.0273246Z       "MetadataPath": "<IN MEMORY>",
2025-08-20T20:57:24.0275043Z       "TLSPath": "<IN MEMORY>"
2025-08-20T20:57:24.0276598Z     }
2025-08-20T20:57:24.0277944Z   }
2025-08-20T20:57:24.0279129Z ]
2025-08-20T20:57:24.0281366Z ##[endgroup]
2025-08-20T20:57:24.0283598Z ##[group]Creating a new builder instance
2025-08-20T20:57:24.1588196Z [command]/usr/bin/docker buildx create --name builder-31235d36-2332-444a-bf1c-42333bfa0c15 --driver docker-container --buildkitd-flags --allow-insecure-entitlement security.insecure --allow-insecure-entitlement network.host --use
2025-08-20T20:57:24.2112442Z builder-31235d36-2332-444a-bf1c-42333bfa0c15
2025-08-20T20:57:24.2147298Z ##[endgroup]
2025-08-20T20:57:24.2148860Z ##[group]Booting builder
2025-08-20T20:57:24.2184004Z [command]/usr/bin/docker buildx inspect --bootstrap --builder builder-31235d36-2332-444a-bf1c-42333bfa0c15
2025-08-20T20:57:24.4118545Z #1 [internal] booting buildkit
2025-08-20T20:57:24.5627448Z #1 pulling image moby/buildkit:buildx-stable-1
2025-08-20T20:57:27.6620154Z #1 pulling image moby/buildkit:buildx-stable-1 3.2s done
2025-08-20T20:57:27.8127400Z #1 creating container buildx_buildkit_builder-31235d36-2332-444a-bf1c-42333bfa0c150
2025-08-20T20:57:28.0595435Z #1 creating container buildx_buildkit_builder-31235d36-2332-444a-bf1c-42333bfa0c150 0.4s done
2025-08-20T20:57:28.0608900Z #1 DONE 3.6s
2025-08-20T20:57:28.0921360Z Name:          builder-31235d36-2332-444a-bf1c-42333bfa0c15
2025-08-20T20:57:28.0922419Z Driver:        docker-container
2025-08-20T20:57:28.0924236Z Last Activity: 2025-08-20 20:57:24 +0000 UTC
2025-08-20T20:57:28.0927384Z 
2025-08-20T20:57:28.0927615Z Nodes:
2025-08-20T20:57:28.0928530Z Name:                  builder-31235d36-2332-444a-bf1c-42333bfa0c150
2025-08-20T20:57:28.0929538Z Endpoint:              unix:///var/run/docker.sock
2025-08-20T20:57:28.0930077Z Status:                running
2025-08-20T20:57:28.0930938Z BuildKit daemon flags: --allow-insecure-entitlement security.insecure --allow-insecure-entitlement network.host
2025-08-20T20:57:28.0931831Z BuildKit version:      v0.23.2
2025-08-20T20:57:28.0932486Z Platforms:             linux/amd64, linux/amd64/v2, linux/amd64/v3, linux/386
2025-08-20T20:57:28.0933083Z Labels:
2025-08-20T20:57:28.0933486Z  org.mobyproject.buildkit.worker.executor:         oci
2025-08-20T20:57:28.0934169Z  org.mobyproject.buildkit.worker.hostname:         72425272baad
2025-08-20T20:57:28.0934847Z  org.mobyproject.buildkit.worker.network:          host
2025-08-20T20:57:28.0935508Z  org.mobyproject.buildkit.worker.oci.process-mode: sandbox
2025-08-20T20:57:28.0936195Z  org.mobyproject.buildkit.worker.selinux.enabled:  false
2025-08-20T20:57:28.0936850Z  org.mobyproject.buildkit.worker.snapshotter:      overlayfs
2025-08-20T20:57:28.0937397Z GC Policy rule#0:
2025-08-20T20:57:28.0937982Z  All:            false
2025-08-20T20:57:28.0938634Z  Filters:        type==source.local,type==exec.cachemount,type==source.git.checkout
2025-08-20T20:57:28.0939304Z  Keep Duration:  48h0m0s
2025-08-20T20:57:28.0939718Z  Max Used Space: 488.3MiB
2025-08-20T20:57:28.0940124Z GC Policy rule#1:
2025-08-20T20:57:28.0940468Z  All:            false
2025-08-20T20:57:28.0940909Z  Keep Duration:  1440h0m0s
2025-08-20T20:57:28.0941307Z  Reserved Space: 7.451GiB
2025-08-20T20:57:28.0941745Z  Max Used Space: 54.02GiB
2025-08-20T20:57:28.0942130Z  Min Free Space: 13.97GiB
2025-08-20T20:57:28.0942508Z GC Policy rule#2:
2025-08-20T20:57:28.0942821Z  All:            false
2025-08-20T20:57:28.0943221Z  Reserved Space: 7.451GiB
2025-08-20T20:57:28.0943542Z  Max Used Space: 54.02GiB
2025-08-20T20:57:28.0944254Z  Min Free Space: 13.97GiB
2025-08-20T20:57:28.0944626Z GC Policy rule#3:
2025-08-20T20:57:28.0944955Z  All:            true
2025-08-20T20:57:28.0945329Z  Reserved Space: 7.451GiB
2025-08-20T20:57:28.0945716Z  Max Used Space: 54.02GiB
2025-08-20T20:57:28.0946267Z  Min Free Space: 13.97GiB
2025-08-20T20:57:28.0983143Z ##[endgroup]
2025-08-20T20:57:28.1844512Z ##[group]Inspect builder
2025-08-20T20:57:28.1846999Z {
2025-08-20T20:57:28.1847275Z   "nodes": [
2025-08-20T20:57:28.1847602Z     {
2025-08-20T20:57:28.1848344Z       "name": "builder-31235d36-2332-444a-bf1c-42333bfa0c150",
2025-08-20T20:57:28.1848809Z       "endpoint": "unix:///var/run/docker.sock",
2025-08-20T20:57:28.1849095Z       "status": "running",
2025-08-20T20:57:28.1849594Z       "buildkitd-flags": "--allow-insecure-entitlement security.insecure --allow-insecure-entitlement network.host",
2025-08-20T20:57:28.1850113Z       "buildkit": "v0.23.2",
2025-08-20T20:57:28.1850432Z       "platforms": "linux/amd64,linux/amd64/v2,linux/amd64/v3,linux/386",
2025-08-20T20:57:28.1850781Z       "features": {
2025-08-20T20:57:28.1851075Z         "Automatically load images to the Docker Engine image store": true,
2025-08-20T20:57:28.1851565Z         "Cache export": true,
2025-08-20T20:57:28.1851878Z         "Direct push": true,
2025-08-20T20:57:28.1852142Z         "Docker exporter": true,
2025-08-20T20:57:28.1852389Z         "Multi-platform build": true,
2025-08-20T20:57:28.1852688Z         "OCI exporter": true
2025-08-20T20:57:28.1853353Z       },
2025-08-20T20:57:28.1853616Z       "labels": {
2025-08-20T20:57:28.1853994Z         "org.mobyproject.buildkit.worker.executor": "oci",
2025-08-20T20:57:28.1854389Z         "org.mobyproject.buildkit.worker.hostname": "72425272baad",
2025-08-20T20:57:28.1854867Z         "org.mobyproject.buildkit.worker.network": "host",
2025-08-20T20:57:28.1855527Z         "org.mobyproject.buildkit.worker.oci.process-mode": "sandbox",
2025-08-20T20:57:28.1856053Z         "org.mobyproject.buildkit.worker.selinux.enabled": "false",
2025-08-20T20:57:28.1856455Z         "org.mobyproject.buildkit.worker.snapshotter": "overlayfs"
2025-08-20T20:57:28.1856752Z       },
2025-08-20T20:57:28.1856920Z       "gcPolicy": [
2025-08-20T20:57:28.1857257Z         {
2025-08-20T20:57:28.1857433Z           "all": false,
2025-08-20T20:57:28.1857621Z           "filter": [
2025-08-20T20:57:28.1858022Z             "type==source.local",
2025-08-20T20:57:28.1858332Z             "type==exec.cachemount",
2025-08-20T20:57:28.1858589Z             "type==source.git.checkout"
2025-08-20T20:57:28.1858821Z           ],
2025-08-20T20:57:28.1858999Z           "keepDuration": "48h0m0s",
2025-08-20T20:57:28.1859232Z           "maxUsedSpace": "488.3MiB"
2025-08-20T20:57:28.1859438Z         },
2025-08-20T20:57:28.1859597Z         {
2025-08-20T20:57:28.1859756Z           "all": false,
2025-08-20T20:57:28.1859966Z           "keepDuration": "1440h0m0s",
2025-08-20T20:57:28.1860201Z           "reservedSpace": "7.451GiB",
2025-08-20T20:57:28.1860437Z           "maxUsedSpace": "54.02GiB",
2025-08-20T20:57:28.1860677Z           "minFreeSpace": "13.97GiB"
2025-08-20T20:57:28.1860890Z         },
2025-08-20T20:57:28.1861056Z         {
2025-08-20T20:57:28.1861222Z           "all": false,
2025-08-20T20:57:28.1861437Z           "reservedSpace": "7.451GiB",
2025-08-20T20:57:28.1861681Z           "maxUsedSpace": "54.02GiB",
2025-08-20T20:57:28.1861928Z           "minFreeSpace": "13.97GiB"
2025-08-20T20:57:28.1862139Z         },
2025-08-20T20:57:28.1862308Z         {
2025-08-20T20:57:28.1862468Z           "all": true,
2025-08-20T20:57:28.1862674Z           "reservedSpace": "7.451GiB",
2025-08-20T20:57:28.1862910Z           "maxUsedSpace": "54.02GiB",
2025-08-20T20:57:28.1863144Z           "minFreeSpace": "13.97GiB"
2025-08-20T20:57:28.1863361Z         }
2025-08-20T20:57:28.1863513Z       ]
2025-08-20T20:57:28.1863669Z     }
2025-08-20T20:57:28.1863819Z   ],
2025-08-20T20:57:28.1864041Z   "name": "builder-31235d36-2332-444a-bf1c-42333bfa0c15",
2025-08-20T20:57:28.1864336Z   "driver": "docker-container",
2025-08-20T20:57:28.1864582Z   "lastActivity": "2025-08-20T20:57:24.000Z"
2025-08-20T20:57:28.1864813Z }
2025-08-20T20:57:28.1865170Z ##[endgroup]
2025-08-20T20:57:28.1865537Z ##[group]BuildKit version
2025-08-20T20:57:28.1865800Z builder-31235d36-2332-444a-bf1c-42333bfa0c150: v0.23.2
2025-08-20T20:57:28.1866194Z ##[endgroup]
2025-08-20T20:57:28.3296792Z ##[group]Run actions/cache@v4
2025-08-20T20:57:28.3297062Z with:
2025-08-20T20:57:28.3297247Z   path: ~/.cache/pip
2025-08-20T20:57:28.3297624Z   key: Linux-pip-11c45a4bb25480135cd76ddf8998cef2f2cc636d624da71c380822a76b8062fe
2025-08-20T20:57:28.3298488Z   enableCrossOsArchive: false
2025-08-20T20:57:28.3298742Z   fail-on-cache-miss: false
2025-08-20T20:57:28.3298966Z   lookup-only: false
2025-08-20T20:57:28.3299163Z   save-always: false
2025-08-20T20:57:28.3299351Z ##[endgroup]
2025-08-20T20:57:28.5319391Z Cache not found for input keys: Linux-pip-11c45a4bb25480135cd76ddf8998cef2f2cc636d624da71c380822a76b8062fe
2025-08-20T20:57:28.5423513Z ##[group]Run docker buildx build \
2025-08-20T20:57:28.5423853Z [36;1mdocker buildx build \[0m
2025-08-20T20:57:28.5424295Z [36;1m  --tag ghcr.io/alexbomber12/awa-app/api:ffc2160eb42abeb5c355654ec7b8603f52938c09 \[0m
2025-08-20T20:57:28.5424841Z [36;1m  --build-arg TZ_CACHE_BUST=ffc2160eb42abeb5c355654ec7b8603f52938c09 \[0m
2025-08-20T20:57:28.5425215Z [36;1m  --file services/api/Dockerfile \[0m
2025-08-20T20:57:28.5425475Z [36;1m  --load .[0m
2025-08-20T20:57:28.5498649Z shell: /usr/bin/bash -e {0}
2025-08-20T20:57:28.5498909Z ##[endgroup]
2025-08-20T20:57:28.8562927Z #0 building with "builder-31235d36-2332-444a-bf1c-42333bfa0c15" instance using docker-container driver
2025-08-20T20:57:28.8563646Z 
2025-08-20T20:57:28.8563855Z #1 [internal] load build definition from Dockerfile
2025-08-20T20:57:28.8564344Z #1 transferring dockerfile: 1.48kB done
2025-08-20T20:57:28.8564747Z #1 DONE 0.0s
2025-08-20T20:57:28.8564916Z 
2025-08-20T20:57:28.8565380Z #2 [auth] docker/dockerfile:pull token for registry-1.docker.io
2025-08-20T20:57:28.8565904Z #2 DONE 0.0s
2025-08-20T20:57:28.8566038Z 
2025-08-20T20:57:28.8566301Z #3 resolve image config for docker-image://docker.io/docker/dockerfile:1.6
2025-08-20T20:57:29.0173268Z #3 DONE 0.3s
2025-08-20T20:57:29.1779853Z 
2025-08-20T20:57:29.1780683Z #4 docker-image://docker.io/docker/dockerfile:1.6@sha256:ac85f380a63b13dfcefa89046420e1781752bab202122f8f50032edf31be0021
2025-08-20T20:57:29.1782096Z #4 resolve docker.io/docker/dockerfile:1.6@sha256:ac85f380a63b13dfcefa89046420e1781752bab202122f8f50032edf31be0021 done
2025-08-20T20:57:29.1815261Z #4 sha256:9d9c93f4b00be908ab694a4df732570bced3b8a96b7515d70ff93402179ad232 6.29MB / 11.80MB 0.2s
2025-08-20T20:57:29.3295180Z #4 sha256:9d9c93f4b00be908ab694a4df732570bced3b8a96b7515d70ff93402179ad232 11.80MB / 11.80MB 0.2s done
2025-08-20T20:57:29.3296516Z #4 extracting sha256:9d9c93f4b00be908ab694a4df732570bced3b8a96b7515d70ff93402179ad232 0.1s done
2025-08-20T20:57:29.3297253Z #4 DONE 0.3s
2025-08-20T20:57:29.5521939Z 
2025-08-20T20:57:29.5522726Z #5 [auth] library/python:pull token for registry-1.docker.io
2025-08-20T20:57:29.5523265Z #5 DONE 0.0s
2025-08-20T20:57:29.5523447Z 
2025-08-20T20:57:29.5523751Z #6 [internal] load metadata for docker.io/library/python:3.12-slim
2025-08-20T20:57:29.6817440Z #6 DONE 0.3s
2025-08-20T20:57:29.7978514Z 
2025-08-20T20:57:29.7979027Z #7 [internal] load .dockerignore
2025-08-20T20:57:29.7979507Z #7 transferring context: 265B done
2025-08-20T20:57:29.7980190Z #7 DONE 0.0s
2025-08-20T20:57:29.7980405Z 
2025-08-20T20:57:29.7980552Z #8 [internal] load build context
2025-08-20T20:57:29.7980995Z #8 transferring context: 157.28kB 0.0s done
2025-08-20T20:57:29.7981447Z #8 DONE 0.0s
2025-08-20T20:57:29.7981623Z 
2025-08-20T20:57:29.7982485Z #9 [stage-1 1/6] FROM docker.io/library/python:3.12-slim@sha256:d67a7b66b989ad6b6d6b10d428dcc5e0bfc3e5f88906e67d490c4d3daac57047
2025-08-20T20:57:29.7983641Z #9 resolve docker.io/library/python:3.12-slim@sha256:d67a7b66b989ad6b6d6b10d428dcc5e0bfc3e5f88906e67d490c4d3daac57047 done
2025-08-20T20:57:29.7984721Z #9 sha256:d76206d463c08ba2a3f7bbab2de2a933ad73f33ab4ab813eafe50c9dff9edc12 251B / 251B 0.0s done
2025-08-20T20:57:29.9056936Z #9 sha256:5d587318e932a89b94608393c99dd30ee5092a6991c1656f717bd4f4e13d60df 1.29MB / 1.29MB 0.1s done
2025-08-20T20:57:29.9058354Z #9 sha256:e5c05dcf47fbdb2f18dc242ad1b7f48fbd3813c0027ffcfb8e81e4aa7e0965f4 8.39MB / 12.11MB 0.2s
2025-08-20T20:57:30.0581935Z #9 sha256:e5c05dcf47fbdb2f18dc242ad1b7f48fbd3813c0027ffcfb8e81e4aa7e0965f4 12.11MB / 12.11MB 0.2s done
2025-08-20T20:57:30.0583225Z #9 sha256:396b1da7636e2dcd10565cb4f2f952cbb4a8a38b58d3b86a2cacb172fb70117c 17.83MB / 29.77MB 0.3s
2025-08-20T20:57:30.2081468Z #9 sha256:396b1da7636e2dcd10565cb4f2f952cbb4a8a38b58d3b86a2cacb172fb70117c 27.26MB / 29.77MB 0.5s
2025-08-20T20:57:30.3897745Z #9 sha256:396b1da7636e2dcd10565cb4f2f952cbb4a8a38b58d3b86a2cacb172fb70117c 29.77MB / 29.77MB 0.5s done
2025-08-20T20:57:30.3899280Z #9 extracting sha256:396b1da7636e2dcd10565cb4f2f952cbb4a8a38b58d3b86a2cacb172fb70117c
2025-08-20T20:57:30.8749635Z #9 extracting sha256:396b1da7636e2dcd10565cb4f2f952cbb4a8a38b58d3b86a2cacb172fb70117c 0.6s done
2025-08-20T20:57:30.8750348Z #9 DONE 1.2s
2025-08-20T20:57:31.0976487Z 
2025-08-20T20:57:31.0977255Z #9 [stage-1 1/6] FROM docker.io/library/python:3.12-slim@sha256:d67a7b66b989ad6b6d6b10d428dcc5e0bfc3e5f88906e67d490c4d3daac57047
2025-08-20T20:57:31.0978417Z #9 extracting sha256:5d587318e932a89b94608393c99dd30ee5092a6991c1656f717bd4f4e13d60df 0.1s done
2025-08-20T20:57:31.0979745Z #9 extracting sha256:e5c05dcf47fbdb2f18dc242ad1b7f48fbd3813c0027ffcfb8e81e4aa7e0965f4
2025-08-20T20:57:31.2964063Z #9 extracting sha256:e5c05dcf47fbdb2f18dc242ad1b7f48fbd3813c0027ffcfb8e81e4aa7e0965f4 0.3s done
2025-08-20T20:57:31.2965061Z #9 DONE 1.6s
2025-08-20T20:57:31.4002175Z 
2025-08-20T20:57:31.4005198Z #9 [stage-1 1/6] FROM docker.io/library/python:3.12-slim@sha256:d67a7b66b989ad6b6d6b10d428dcc5e0bfc3e5f88906e67d490c4d3daac57047
2025-08-20T20:57:31.4006546Z #9 extracting sha256:d76206d463c08ba2a3f7bbab2de2a933ad73f33ab4ab813eafe50c9dff9edc12 done
2025-08-20T20:57:31.4007315Z #9 DONE 1.6s
2025-08-20T20:57:31.4007498Z 
2025-08-20T20:57:31.4007639Z #10 [stage-1 2/6] WORKDIR /app
2025-08-20T20:57:31.4008311Z #10 DONE 0.1s
2025-08-20T20:57:31.4008500Z 
2025-08-20T20:57:31.4008838Z #11 [base  3/13] COPY services/api/requirements.txt ./requirements.txt
2025-08-20T20:57:31.4009392Z #11 DONE 0.0s
2025-08-20T20:57:31.4009559Z 
2025-08-20T20:57:31.4012285Z #12 [stage-1 3/6] RUN set -eux;     if [ -f /etc/apt/sources.list ]; then         sed -i 's|http://deb.debian.org|https://deb.debian.org|g' /etc/apt/sources.list;     fi;     apt-get update;     apt-get install -y --no-install-recommends tzdata postgresql-client curl;     rm -rf /var/lib/apt/lists/*
2025-08-20T20:57:31.5060797Z #12 0.058 + [ -f /etc/apt/sources.list ]
2025-08-20T20:57:31.5061339Z #12 0.058 + apt-get update
2025-08-20T20:57:31.5061826Z #12 0.108 Hit:1 http://deb.debian.org/debian trixie InRelease
2025-08-20T20:57:31.5062661Z #12 0.108 Get:2 http://deb.debian.org/debian trixie-updates InRelease [47.1 kB]
2025-08-20T20:57:31.5063481Z #12 0.116 Get:3 http://deb.debian.org/debian-security trixie-security InRelease [43.4 kB]
2025-08-20T20:57:31.6078760Z #12 0.139 Get:4 http://deb.debian.org/debian trixie/main amd64 Packages [9668 kB]
2025-08-20T20:57:31.6079756Z #12 0.218 Get:5 http://deb.debian.org/debian trixie-updates/main amd64 Packages [2432 B]
2025-08-20T20:57:31.7598148Z #12 0.219 Get:6 http://deb.debian.org/debian-security trixie-security/main amd64 Packages [20.5 kB]
2025-08-20T20:57:32.2976387Z #12 0.907 Fetched 9781 kB in 1s (11.9 MB/s)
2025-08-20T20:57:32.7494685Z #12 0.907 Reading package lists...
2025-08-20T20:57:32.9111778Z #12 1.369 + apt-get install -y --no-install-recommends tzdata postgresql-client curl
2025-08-20T20:57:33.2206144Z #12 1.378 Reading package lists...
2025-08-20T20:57:33.4632440Z #12 1.840 Building dependency tree...
2025-08-20T20:57:33.4636021Z #12 1.953 Reading state information...
2025-08-20T20:57:33.4642768Z #12 2.073 tzdata is already the newest version (2025b-4).
2025-08-20T20:57:33.4645571Z #12 2.073 The following additional packages will be installed:
2025-08-20T20:57:33.6152642Z #12 2.073   libbrotli1 libcom-err2 libcurl4t64 libgdbm-compat4t64 libgnutls30t64
2025-08-20T20:57:33.6154599Z #12 2.073   libgssapi-krb5-2 libidn2-0 libk5crypto3 libkeyutils1 libkrb5-3
2025-08-20T20:57:33.6155489Z #12 2.073   libkrb5support0 libldap2 libnghttp2-14 libnghttp3-9 libp11-kit0 libperl5.40
2025-08-20T20:57:33.6156402Z #12 2.073   libpq5 libpsl5t64 librtmp1 libsasl2-2 libsasl2-modules-db libssh2-1t64
2025-08-20T20:57:33.6157266Z #12 2.074   libtasn1-6 libunistring5 perl perl-modules-5.40 postgresql-client-17
2025-08-20T20:57:33.6158249Z #12 2.074   postgresql-client-common sensible-utils
2025-08-20T20:57:33.6158776Z #12 2.075 Suggested packages:
2025-08-20T20:57:33.6159360Z #12 2.075   gnutls-bin krb5-doc krb5-user perl-doc libterm-readline-gnu-perl
2025-08-20T20:57:33.6160667Z #12 2.075   | libterm-readline-perl-perl make libtap-harness-archive-perl postgresql-17
2025-08-20T20:57:33.6161402Z #12 2.075   postgresql-doc-17
2025-08-20T20:57:33.6161817Z #12 2.075 Recommended packages:
2025-08-20T20:57:33.6162475Z #12 2.075   bash-completion krb5-locales libldap-common publicsuffix libsasl2-modules
2025-08-20T20:57:33.7343709Z #12 2.247 The following NEW packages will be installed:
2025-08-20T20:57:33.7345096Z #12 2.247   curl libbrotli1 libcom-err2 libcurl4t64 libgdbm-compat4t64 libgnutls30t64
2025-08-20T20:57:33.7346543Z #12 2.247   libgssapi-krb5-2 libidn2-0 libk5crypto3 libkeyutils1 libkrb5-3
2025-08-20T20:57:33.7347188Z #12 2.247   libkrb5support0 libldap2 libnghttp2-14 libnghttp3-9 libp11-kit0 libperl5.40
2025-08-20T20:57:33.7347991Z #12 2.248   libpq5 libpsl5t64 librtmp1 libsasl2-2 libsasl2-modules-db libssh2-1t64
2025-08-20T20:57:33.7348658Z #12 2.248   libtasn1-6 libunistring5 perl perl-modules-5.40 postgresql-client
2025-08-20T20:57:33.7349487Z #12 2.248   postgresql-client-17 postgresql-client-common sensible-utils
2025-08-20T20:57:33.7350222Z #12 2.290 0 upgraded, 31 newly installed, 0 to remove and 0 not upgraded.
2025-08-20T20:57:33.7350744Z #12 2.290 Need to get 14.9 MB of archives.
2025-08-20T20:57:33.7351093Z #12 2.290 After this operation, 78.1 MB of additional disk space will be used.
2025-08-20T20:57:33.7351725Z #12 2.290 Get:1 http://deb.debian.org/debian trixie/main amd64 sensible-utils all 0.0.25 [25.0 kB]
2025-08-20T20:57:33.7352401Z #12 2.296 Get:2 http://deb.debian.org/debian trixie/main amd64 perl-modules-5.40 all 5.40.1-6 [3019 kB]
2025-08-20T20:57:33.7353072Z #12 2.328 Get:3 http://deb.debian.org/debian trixie/main amd64 libgdbm-compat4t64 amd64 1.24-2 [50.3 kB]
2025-08-20T20:57:33.7353634Z #12 2.329 Get:4 http://deb.debian.org/debian trixie/main amd64 libperl5.40 amd64 5.40.1-6 [4341 kB]
2025-08-20T20:57:33.7354483Z #12 2.343 Get:5 http://deb.debian.org/debian trixie/main amd64 perl amd64 5.40.1-6 [267 kB]
2025-08-20T20:57:33.7355411Z #12 2.345 Get:6 http://deb.debian.org/debian trixie/main amd64 libbrotli1 amd64 1.1.0-2+b7 [307 kB]
2025-08-20T20:57:33.8356685Z #12 2.346 Get:7 http://deb.debian.org/debian trixie/main amd64 libkrb5support0 amd64 1.21.3-5 [33.0 kB]
2025-08-20T20:57:33.8361403Z #12 2.347 Get:8 http://deb.debian.org/debian trixie/main amd64 libcom-err2 amd64 1.47.2-3+b3 [25.0 kB]
2025-08-20T20:57:33.8362497Z #12 2.347 Get:9 http://deb.debian.org/debian trixie/main amd64 libk5crypto3 amd64 1.21.3-5 [81.5 kB]
2025-08-20T20:57:33.8363506Z #12 2.348 Get:10 http://deb.debian.org/debian trixie/main amd64 libkeyutils1 amd64 1.6.3-6 [9456 B]
2025-08-20T20:57:33.8364533Z #12 2.348 Get:11 http://deb.debian.org/debian trixie/main amd64 libkrb5-3 amd64 1.21.3-5 [326 kB]
2025-08-20T20:57:33.8365522Z #12 2.351 Get:12 http://deb.debian.org/debian trixie/main amd64 libgssapi-krb5-2 amd64 1.21.3-5 [138 kB]
2025-08-20T20:57:33.8366535Z #12 2.351 Get:13 http://deb.debian.org/debian trixie/main amd64 libunistring5 amd64 1.3-2 [477 kB]
2025-08-20T20:57:33.8367531Z #12 2.352 Get:14 http://deb.debian.org/debian trixie/main amd64 libidn2-0 amd64 2.3.8-2 [109 kB]
2025-08-20T20:57:33.8368845Z #12 2.355 Get:15 http://deb.debian.org/debian trixie/main amd64 libsasl2-modules-db amd64 2.1.28+dfsg1-9 [19.8 kB]
2025-08-20T20:57:33.8369999Z #12 2.356 Get:16 http://deb.debian.org/debian trixie/main amd64 libsasl2-2 amd64 2.1.28+dfsg1-9 [57.5 kB]
2025-08-20T20:57:33.8371040Z #12 2.357 Get:17 http://deb.debian.org/debian trixie/main amd64 libldap2 amd64 2.6.10+dfsg-1 [194 kB]
2025-08-20T20:57:33.8372057Z #12 2.357 Get:18 http://deb.debian.org/debian trixie/main amd64 libnghttp2-14 amd64 1.64.0-1.1 [76.0 kB]
2025-08-20T20:57:33.8373100Z #12 2.360 Get:19 http://deb.debian.org/debian trixie/main amd64 libnghttp3-9 amd64 1.8.0-1 [67.7 kB]
2025-08-20T20:57:33.8374114Z #12 2.361 Get:20 http://deb.debian.org/debian trixie/main amd64 libpsl5t64 amd64 0.21.2-1.1+b1 [57.2 kB]
2025-08-20T20:57:33.8375155Z #12 2.361 Get:21 http://deb.debian.org/debian trixie/main amd64 libp11-kit0 amd64 0.25.5-3 [425 kB]
2025-08-20T20:57:33.8376513Z #12 2.364 Get:22 http://deb.debian.org/debian trixie/main amd64 libtasn1-6 amd64 4.20.0-2 [49.9 kB]
2025-08-20T20:57:33.8377554Z #12 2.365 Get:23 http://deb.debian.org/debian trixie/main amd64 libgnutls30t64 amd64 3.8.9-3 [1465 kB]
2025-08-20T20:57:33.8378866Z #12 2.370 Get:24 http://deb.debian.org/debian trixie/main amd64 librtmp1 amd64 2.4+20151223.gitfa8646d.1-2+b5 [58.8 kB]
2025-08-20T20:57:33.8379984Z #12 2.371 Get:25 http://deb.debian.org/debian trixie/main amd64 libssh2-1t64 amd64 1.11.1-1 [245 kB]
2025-08-20T20:57:33.8381246Z #12 2.372 Get:26 http://deb.debian.org/debian trixie/main amd64 libcurl4t64 amd64 8.14.1-2 [391 kB]
2025-08-20T20:57:33.8382209Z #12 2.374 Get:27 http://deb.debian.org/debian trixie/main amd64 curl amd64 8.14.1-2 [269 kB]
2025-08-20T20:57:33.8383089Z #12 2.375 Get:28 http://deb.debian.org/debian trixie/main amd64 libpq5 amd64 17.5-1 [226 kB]
2025-08-20T20:57:33.8384078Z #12 2.376 Get:29 http://deb.debian.org/debian trixie/main amd64 postgresql-client-common all 278 [47.1 kB]
2025-08-20T20:57:33.8385157Z #12 2.377 Get:30 http://deb.debian.org/debian trixie/main amd64 postgresql-client-17 amd64 17.5-1 [2025 kB]
2025-08-20T20:57:33.8386187Z #12 2.384 Get:31 http://deb.debian.org/debian trixie/main amd64 postgresql-client all 17+278 [14.0 kB]
2025-08-20T20:57:34.8571883Z #12 3.425 Fetched 14.9 MB in 0s (117 MB/s)
2025-08-20T20:57:34.8572576Z #12 3.439 Selecting previously unselected package sensible-utils.
2025-08-20T20:57:34.8573148Z #12 3.439 (Reading database ... 
2025-08-20T20:57:34.8573558Z (Reading database ... 5%
2025-08-20T20:57:34.8573908Z (Reading database ... 10%
2025-08-20T20:57:34.8574246Z (Reading database ... 15%
2025-08-20T20:57:34.8574580Z (Reading database ... 20%
2025-08-20T20:57:34.8574904Z (Reading database ... 25%
2025-08-20T20:57:34.8575233Z (Reading database ... 30%
2025-08-20T20:57:34.8575556Z (Reading database ... 35%
2025-08-20T20:57:34.8575899Z (Reading database ... 40%
2025-08-20T20:57:34.8576225Z (Reading database ... 45%
2025-08-20T20:57:34.8576578Z (Reading database ... 50%
2025-08-20T20:57:34.8576905Z (Reading database ... 55%
2025-08-20T20:57:34.8577225Z (Reading database ... 60%
2025-08-20T20:57:34.8577553Z (Reading database ... 65%
2025-08-20T20:57:34.8578063Z (Reading database ... 70%
2025-08-20T20:57:34.8578391Z (Reading database ... 75%
2025-08-20T20:57:34.8578707Z (Reading database ... 80%
2025-08-20T20:57:34.8579046Z (Reading database ... 85%
2025-08-20T20:57:34.8579364Z (Reading database ... 90%
2025-08-20T20:57:34.8579698Z (Reading database ... 95%
2025-08-20T20:57:34.8580025Z (Reading database ... 100%
2025-08-20T20:57:34.8580515Z (Reading database ... 5643 files and directories currently installed.)
2025-08-20T20:57:34.8581192Z #12 3.445 Preparing to unpack .../00-sensible-utils_0.0.25_all.deb ...
2025-08-20T20:57:34.8581749Z #12 3.446 Unpacking sensible-utils (0.0.25) ...
2025-08-20T20:57:34.8582322Z #12 3.467 Selecting previously unselected package perl-modules-5.40.
2025-08-20T20:57:35.0108674Z #12 3.469 Preparing to unpack .../01-perl-modules-5.40_5.40.1-6_all.deb ...
2025-08-20T20:57:35.0109400Z #12 3.470 Unpacking perl-modules-5.40 (5.40.1-6) ...
2025-08-20T20:57:35.1434627Z #12 3.753 Selecting previously unselected package libgdbm-compat4t64:amd64.
2025-08-20T20:57:35.2653088Z #12 3.755 Preparing to unpack .../02-libgdbm-compat4t64_1.24-2_amd64.deb ...
2025-08-20T20:57:35.2653846Z #12 3.757 Unpacking libgdbm-compat4t64:amd64 (1.24-2) ...
2025-08-20T20:57:35.2654492Z #12 3.776 Selecting previously unselected package libperl5.40:amd64.
2025-08-20T20:57:35.2655227Z #12 3.777 Preparing to unpack .../03-libperl5.40_5.40.1-6_amd64.deb ...
2025-08-20T20:57:35.2655826Z #12 3.779 Unpacking libperl5.40:amd64 (5.40.1-6) ...
2025-08-20T20:57:35.4992850Z #12 4.005 Selecting previously unselected package perl.
2025-08-20T20:57:35.4994516Z #12 4.007 Preparing to unpack .../04-perl_5.40.1-6_amd64.deb ...
2025-08-20T20:57:35.4997180Z #12 4.008 Unpacking perl (5.40.1-6) ...
2025-08-20T20:57:35.4998205Z #12 4.035 Selecting previously unselected package libbrotli1:amd64.
2025-08-20T20:57:35.4998894Z #12 4.037 Preparing to unpack .../05-libbrotli1_1.1.0-2+b7_amd64.deb ...
2025-08-20T20:57:35.4999465Z #12 4.038 Unpacking libbrotli1:amd64 (1.1.0-2+b7) ...
2025-08-20T20:57:35.5000060Z #12 4.071 Selecting previously unselected package libkrb5support0:amd64.
2025-08-20T20:57:35.5000777Z #12 4.072 Preparing to unpack .../06-libkrb5support0_1.21.3-5_amd64.deb ...
2025-08-20T20:57:35.5001429Z #12 4.073 Unpacking libkrb5support0:amd64 (1.21.3-5) ...
2025-08-20T20:57:35.5002328Z #12 4.090 Selecting previously unselected package libcom-err2:amd64.
2025-08-20T20:57:35.5003459Z #12 4.091 Preparing to unpack .../07-libcom-err2_1.47.2-3+b3_amd64.deb ...
2025-08-20T20:57:35.5004119Z #12 4.092 Unpacking libcom-err2:amd64 (1.47.2-3+b3) ...
2025-08-20T20:57:35.5004895Z #12 4.109 Selecting previously unselected package libk5crypto3:amd64.
2025-08-20T20:57:35.6079151Z #12 4.111 Preparing to unpack .../08-libk5crypto3_1.21.3-5_amd64.deb ...
2025-08-20T20:57:35.6079865Z #12 4.112 Unpacking libk5crypto3:amd64 (1.21.3-5) ...
2025-08-20T20:57:35.6080488Z #12 4.133 Selecting previously unselected package libkeyutils1:amd64.
2025-08-20T20:57:35.6081180Z #12 4.134 Preparing to unpack .../09-libkeyutils1_1.6.3-6_amd64.deb ...
2025-08-20T20:57:35.6081814Z #12 4.135 Unpacking libkeyutils1:amd64 (1.6.3-6) ...
2025-08-20T20:57:35.6082391Z #12 4.150 Selecting previously unselected package libkrb5-3:amd64.
2025-08-20T20:57:35.6083029Z #12 4.151 Preparing to unpack .../10-libkrb5-3_1.21.3-5_amd64.deb ...
2025-08-20T20:57:35.6083632Z #12 4.152 Unpacking libkrb5-3:amd64 (1.21.3-5) ...
2025-08-20T20:57:35.6084253Z #12 4.183 Selecting previously unselected package libgssapi-krb5-2:amd64.
2025-08-20T20:57:35.6085020Z #12 4.184 Preparing to unpack .../11-libgssapi-krb5-2_1.21.3-5_amd64.deb ...
2025-08-20T20:57:35.6085854Z #12 4.185 Unpacking libgssapi-krb5-2:amd64 (1.21.3-5) ...
2025-08-20T20:57:35.6086624Z #12 4.207 Selecting previously unselected package libunistring5:amd64.
2025-08-20T20:57:35.6087306Z #12 4.208 Preparing to unpack .../12-libunistring5_1.3-2_amd64.deb ...
2025-08-20T20:57:35.6087672Z #12 4.209 Unpacking libunistring5:amd64 (1.3-2) ...
2025-08-20T20:57:35.7270861Z #12 4.252 Selecting previously unselected package libidn2-0:amd64.
2025-08-20T20:57:35.7271550Z #12 4.253 Preparing to unpack .../13-libidn2-0_2.3.8-2_amd64.deb ...
2025-08-20T20:57:35.7271909Z #12 4.254 Unpacking libidn2-0:amd64 (2.3.8-2) ...
2025-08-20T20:57:35.7272386Z #12 4.273 Selecting previously unselected package libsasl2-modules-db:amd64.
2025-08-20T20:57:35.7272929Z #12 4.275 Preparing to unpack .../14-libsasl2-modules-db_2.1.28+dfsg1-9_amd64.deb ...
2025-08-20T20:57:35.7273411Z #12 4.276 Unpacking libsasl2-modules-db:amd64 (2.1.28+dfsg1-9) ...
2025-08-20T20:57:35.7273895Z #12 4.292 Selecting previously unselected package libsasl2-2:amd64.
2025-08-20T20:57:35.7274306Z #12 4.293 Preparing to unpack .../15-libsasl2-2_2.1.28+dfsg1-9_amd64.deb ...
2025-08-20T20:57:35.7274776Z #12 4.294 Unpacking libsasl2-2:amd64 (2.1.28+dfsg1-9) ...
2025-08-20T20:57:35.7275342Z #12 4.311 Selecting previously unselected package libldap2:amd64.
2025-08-20T20:57:35.7276046Z #12 4.312 Preparing to unpack .../16-libldap2_2.6.10+dfsg-1_amd64.deb ...
2025-08-20T20:57:35.7276706Z #12 4.313 Unpacking libldap2:amd64 (2.6.10+dfsg-1) ...
2025-08-20T20:57:35.7277529Z #12 4.337 Selecting previously unselected package libnghttp2-14:amd64.
2025-08-20T20:57:35.8419363Z #12 4.338 Preparing to unpack .../17-libnghttp2-14_1.64.0-1.1_amd64.deb ...
2025-08-20T20:57:35.8420132Z #12 4.339 Unpacking libnghttp2-14:amd64 (1.64.0-1.1) ...
2025-08-20T20:57:35.8420782Z #12 4.358 Selecting previously unselected package libnghttp3-9:amd64.
2025-08-20T20:57:35.8421485Z #12 4.359 Preparing to unpack .../18-libnghttp3-9_1.8.0-1_amd64.deb ...
2025-08-20T20:57:35.8422088Z #12 4.360 Unpacking libnghttp3-9:amd64 (1.8.0-1) ...
2025-08-20T20:57:35.8422703Z #12 4.378 Selecting previously unselected package libpsl5t64:amd64.
2025-08-20T20:57:35.8423639Z #12 4.379 Preparing to unpack .../19-libpsl5t64_0.21.2-1.1+b1_amd64.deb ...
2025-08-20T20:57:35.8424252Z #12 4.380 Unpacking libpsl5t64:amd64 (0.21.2-1.1+b1) ...
2025-08-20T20:57:35.8424762Z #12 4.397 Selecting previously unselected package libp11-kit0:amd64.
2025-08-20T20:57:35.8425256Z #12 4.399 Preparing to unpack .../20-libp11-kit0_0.25.5-3_amd64.deb ...
2025-08-20T20:57:35.8425636Z #12 4.400 Unpacking libp11-kit0:amd64 (0.25.5-3) ...
2025-08-20T20:57:35.8425977Z #12 4.432 Selecting previously unselected package libtasn1-6:amd64.
2025-08-20T20:57:35.8426556Z #12 4.433 Preparing to unpack .../21-libtasn1-6_4.20.0-2_amd64.deb ...
2025-08-20T20:57:35.8426884Z #12 4.434 Unpacking libtasn1-6:amd64 (4.20.0-2) ...
2025-08-20T20:57:35.8427238Z #12 4.452 Selecting previously unselected package libgnutls30t64:amd64.
2025-08-20T20:57:35.9427345Z #12 4.454 Preparing to unpack .../22-libgnutls30t64_3.8.9-3_amd64.deb ...
2025-08-20T20:57:35.9428184Z #12 4.455 Unpacking libgnutls30t64:amd64 (3.8.9-3) ...
2025-08-20T20:57:35.9428848Z #12 4.507 Selecting previously unselected package librtmp1:amd64.
2025-08-20T20:57:35.9430765Z #12 4.509 Preparing to unpack .../23-librtmp1_2.4+20151223.gitfa8646d.1-2+b5_amd64.deb ...
2025-08-20T20:57:35.9431550Z #12 4.510 Unpacking librtmp1:amd64 (2.4+20151223.gitfa8646d.1-2+b5) ...
2025-08-20T20:57:35.9432239Z #12 4.527 Selecting previously unselected package libssh2-1t64:amd64.
2025-08-20T20:57:35.9432943Z #12 4.528 Preparing to unpack .../24-libssh2-1t64_1.11.1-1_amd64.deb ...
2025-08-20T20:57:35.9433547Z #12 4.529 Unpacking libssh2-1t64:amd64 (1.11.1-1) ...
2025-08-20T20:57:35.9434182Z #12 4.551 Selecting previously unselected package libcurl4t64:amd64.
2025-08-20T20:57:35.9434866Z #12 4.552 Preparing to unpack .../25-libcurl4t64_8.14.1-2_amd64.deb ...
2025-08-20T20:57:35.9435464Z #12 4.553 Unpacking libcurl4t64:amd64 (8.14.1-2) ...
2025-08-20T20:57:36.0545356Z #12 4.582 Selecting previously unselected package curl.
2025-08-20T20:57:36.0546979Z #12 4.583 Preparing to unpack .../26-curl_8.14.1-2_amd64.deb ...
2025-08-20T20:57:36.0549557Z #12 4.584 Unpacking curl (8.14.1-2) ...
2025-08-20T20:57:36.0550135Z #12 4.609 Selecting previously unselected package libpq5:amd64.
2025-08-20T20:57:36.0550805Z #12 4.610 Preparing to unpack .../27-libpq5_17.5-1_amd64.deb ...
2025-08-20T20:57:36.0551379Z #12 4.611 Unpacking libpq5:amd64 (17.5-1) ...
2025-08-20T20:57:36.0552076Z #12 4.638 Selecting previously unselected package postgresql-client-common.
2025-08-20T20:57:36.0556147Z #12 4.639 Preparing to unpack .../28-postgresql-client-common_278_all.deb ...
2025-08-20T20:57:36.0556972Z #12 4.645 Unpacking postgresql-client-common (278) ...
2025-08-20T20:57:36.0557669Z #12 4.665 Selecting previously unselected package postgresql-client-17.
2025-08-20T20:57:36.1759216Z #12 4.666 Preparing to unpack .../29-postgresql-client-17_17.5-1_amd64.deb ...
2025-08-20T20:57:36.1759963Z #12 4.667 Unpacking postgresql-client-17 (17.5-1) ...
2025-08-20T20:57:36.1760603Z #12 4.786 Selecting previously unselected package postgresql-client.
2025-08-20T20:57:36.2779225Z #12 4.787 Preparing to unpack .../30-postgresql-client_17+278_all.deb ...
2025-08-20T20:57:36.2780100Z #12 4.788 Unpacking postgresql-client (17+278) ...
2025-08-20T20:57:36.2780562Z #12 4.809 Setting up libkeyutils1:amd64 (1.6.3-6) ...
2025-08-20T20:57:36.2781050Z #12 4.811 Setting up libgdbm-compat4t64:amd64 (1.24-2) ...
2025-08-20T20:57:36.2781516Z #12 4.814 Setting up libbrotli1:amd64 (1.1.0-2+b7) ...
2025-08-20T20:57:36.2781967Z #12 4.817 Setting up libnghttp2-14:amd64 (1.64.0-1.1) ...
2025-08-20T20:57:36.2782457Z #12 4.820 Setting up libcom-err2:amd64 (1.47.2-3+b3) ...
2025-08-20T20:57:36.2782916Z #12 4.822 Setting up libkrb5support0:amd64 (1.21.3-5) ...
2025-08-20T20:57:36.2783449Z #12 4.825 Setting up libsasl2-modules-db:amd64 (2.1.28+dfsg1-9) ...
2025-08-20T20:57:36.2783928Z #12 4.828 Setting up libp11-kit0:amd64 (0.25.5-3) ...
2025-08-20T20:57:36.2784392Z #12 4.831 Setting up libunistring5:amd64 (1.3-2) ...
2025-08-20T20:57:36.2784848Z #12 4.834 Setting up libk5crypto3:amd64 (1.21.3-5) ...
2025-08-20T20:57:36.2785634Z #12 4.836 Setting up libsasl2-2:amd64 (2.1.28+dfsg1-9) ...
2025-08-20T20:57:36.2786118Z #12 4.839 Setting up libnghttp3-9:amd64 (1.8.0-1) ...
2025-08-20T20:57:36.2786549Z #12 4.842 Setting up perl-modules-5.40 (5.40.1-6) ...
2025-08-20T20:57:36.2786971Z #12 4.845 Setting up sensible-utils (0.0.25) ...
2025-08-20T20:57:36.2787378Z #12 4.847 Setting up libtasn1-6:amd64 (4.20.0-2) ...
2025-08-20T20:57:36.2787962Z #12 4.850 Setting up libkrb5-3:amd64 (1.21.3-5) ...
2025-08-20T20:57:36.2788671Z #12 4.854 Setting up libssh2-1t64:amd64 (1.11.1-1) ...
2025-08-20T20:57:36.2789094Z #12 4.857 Setting up libldap2:amd64 (2.6.10+dfsg-1) ...
2025-08-20T20:57:36.2789506Z #12 4.859 Setting up libidn2-0:amd64 (2.3.8-2) ...
2025-08-20T20:57:36.2789909Z #12 4.863 Setting up libperl5.40:amd64 (5.40.1-6) ...
2025-08-20T20:57:36.2790307Z #12 4.865 Setting up perl (5.40.1-6) ...
2025-08-20T20:57:36.2790752Z #12 4.871 Setting up libgssapi-krb5-2:amd64 (1.21.3-5) ...
2025-08-20T20:57:36.2791229Z #12 4.875 Setting up libgnutls30t64:amd64 (3.8.9-3) ...
2025-08-20T20:57:36.2791670Z #12 4.877 Setting up postgresql-client-common (278) ...
2025-08-20T20:57:36.2792122Z #12 4.885 Setting up libpsl5t64:amd64 (0.21.2-1.1+b1) ...
2025-08-20T20:57:36.2792556Z #12 4.888 Setting up libpq5:amd64 (17.5-1) ...
2025-08-20T20:57:36.4366115Z #12 4.890 Setting up librtmp1:amd64 (2.4+20151223.gitfa8646d.1-2+b5) ...
2025-08-20T20:57:36.4366790Z #12 4.893 Setting up libcurl4t64:amd64 (8.14.1-2) ...
2025-08-20T20:57:36.4367325Z #12 4.896 Setting up postgresql-client-17 (17.5-1) ...
2025-08-20T20:57:36.6500260Z #12 5.260 update-alternatives: using /usr/share/postgresql/17/man/man1/psql.1.gz to provide /usr/share/man/man1/psql.1.gz (psql.1.gz) in auto mode
2025-08-20T20:57:36.7532404Z #12 5.311 Setting up curl (8.14.1-2) ...
2025-08-20T20:57:36.7532965Z #12 5.314 Setting up postgresql-client (17+278) ...
2025-08-20T20:57:36.7533517Z #12 5.317 Processing triggers for libc-bin (2.41-12) ...
2025-08-20T20:57:36.7537110Z #12 5.343 + rm -rf /var/lib/apt/lists/auxfiles /var/lib/apt/lists/deb.debian.org_debian-security_dists_trixie-security_InRelease /var/lib/apt/lists/deb.debian.org_debian-security_dists_trixie-security_main_binary-amd64_Packages.lz4 /var/lib/apt/lists/deb.debian.org_debian_dists_trixie-updates_InRelease /var/lib/apt/lists/deb.debian.org_debian_dists_trixie-updates_main_binary-amd64_Packages.lz4 /var/lib/apt/lists/deb.debian.org_debian_dists_trixie_InRelease /var/lib/apt/lists/deb.debian.org_debian_dists_trixie_main_binary-amd64_Packages.lz4 /var/lib/apt/lists/lock /var/lib/apt/lists/partial
2025-08-20T20:57:36.9426876Z #12 DONE 5.4s
2025-08-20T20:57:36.9427129Z 
2025-08-20T20:57:36.9427432Z #13 [base  4/13] RUN pip install --no-cache-dir -r requirements.txt
2025-08-20T20:57:36.9428380Z #13 1.509 Collecting uvicorn==0.29.0 (from -r requirements.txt (line 1))
2025-08-20T20:57:36.9429185Z #13 1.541   Downloading uvicorn-0.29.0-py3-none-any.whl.metadata (6.3 kB)
2025-08-20T20:57:36.9430062Z #13 1.559 Collecting pydantic-settings==2.2.1 (from -r requirements.txt (line 2))
2025-08-20T20:57:36.9430959Z #13 1.566   Downloading pydantic_settings-2.2.1-py3-none-any.whl.metadata (3.1 kB)
2025-08-20T20:57:36.9431805Z #13 1.607 Collecting fastapi==0.111.0 (from -r requirements.txt (line 3))
2025-08-20T20:57:36.9432602Z #13 1.615   Downloading fastapi-0.111.0-py3-none-any.whl.metadata (25 kB)
2025-08-20T20:57:36.9433407Z #13 1.844 Collecting sqlalchemy==2.0.29 (from -r requirements.txt (line 4))
2025-08-20T20:57:36.9434437Z #13 1.852   Downloading SQLAlchemy-2.0.29-cp312-cp312-manylinux_2_17_x86_64.manylinux2014_x86_64.whl.metadata (9.6 kB)
2025-08-20T20:57:36.9435473Z #13 1.880 Collecting alembic==1.13.1 (from -r requirements.txt (line 5))
2025-08-20T20:57:36.9436249Z #13 1.887   Downloading alembic-1.13.1-py3-none-any.whl.metadata (7.4 kB)
2025-08-20T20:57:36.9437112Z #13 1.904 Collecting psycopg==3.2.9 (from psycopg[binary]==3.2.9->-r requirements.txt (line 6))
2025-08-20T20:57:36.9438607Z #13 1.911   Downloading psycopg-3.2.9-py3-none-any.whl.metadata (4.5 kB)
2025-08-20T20:57:36.9439467Z #13 1.934 Collecting httpx==0.27.2 (from -r requirements.txt (line 7))
2025-08-20T20:57:36.9440209Z #13 1.941   Downloading httpx-0.27.2-py3-none-any.whl.metadata (7.1 kB)
2025-08-20T20:57:36.9440970Z #13 1.976 Collecting asyncpg==0.29.0 (from -r requirements.txt (line 8))
2025-08-20T20:57:36.9441951Z #13 1.984   Downloading asyncpg-0.29.0-cp312-cp312-manylinux_2_17_x86_64.manylinux2014_x86_64.whl.metadata (4.4 kB)
2025-08-20T20:57:36.9442916Z #13 2.233 Collecting boto3==1.34.162 (from -r requirements.txt (line 9))
2025-08-20T20:57:36.9443931Z #13 2.241   Downloading boto3-1.34.162-py3-none-any.whl.metadata (6.6 kB)
2025-08-20T20:57:36.9444683Z #13 2.258 Collecting Jinja2==3.1.5 (from -r requirements.txt (line 10))
2025-08-20T20:57:36.9445424Z #13 2.265   Downloading jinja2-3.1.5-py3-none-any.whl.metadata (2.6 kB)
2025-08-20T20:57:36.9446160Z #13 2.299 Collecting celery==5.3.* (from -r requirements.txt (line 11))
2025-08-20T20:57:36.9446914Z #13 2.307   Downloading celery-5.3.6-py3-none-any.whl.metadata (21 kB)
2025-08-20T20:57:36.9447704Z #13 2.344 Collecting structlog==24.1.0 (from -r requirements.txt (line 12))
2025-08-20T20:57:36.9448706Z #13 2.351   Downloading structlog-24.1.0-py3-none-any.whl.metadata (6.9 kB)
2025-08-20T20:57:36.9449585Z #13 2.372 Collecting asgi-correlation-id==4.3.1 (from -r requirements.txt (line 13))
2025-08-20T20:57:36.9450480Z #13 2.381   Downloading asgi_correlation_id-4.3.1-py3-none-any.whl.metadata (28 kB)
2025-08-20T20:57:36.9451353Z #13 2.396 Collecting fastapi-limiter==0.1.6 (from -r requirements.txt (line 14))
2025-08-20T20:57:36.9452222Z #13 2.404   Downloading fastapi_limiter-0.1.6-py3-none-any.whl.metadata (5.3 kB)
2025-08-20T20:57:36.9453020Z #13 2.434 Collecting redis==5.0.8 (from -r requirements.txt (line 15))
2025-08-20T20:57:36.9453761Z #13 2.442   Downloading redis-5.0.8-py3-none-any.whl.metadata (9.2 kB)
2025-08-20T20:57:36.9454811Z #13 2.491 Collecting sentry-sdk==2.9.0 (from sentry-sdk[celery,fastapi,sqlalchemy]==2.9.0->-r requirements.txt (line 16))
2025-08-20T20:57:36.9455867Z #13 2.499   Downloading sentry_sdk-2.9.0-py2.py3-none-any.whl.metadata (14 kB)
2025-08-20T20:57:36.9456686Z #13 2.560 Collecting click>=7.0 (from uvicorn==0.29.0->-r requirements.txt (line 1))
2025-08-20T20:57:36.9457476Z #13 2.568   Downloading click-8.2.1-py3-none-any.whl.metadata (2.5 kB)
2025-08-20T20:57:36.9458505Z #13 2.579 Collecting h11>=0.8 (from uvicorn==0.29.0->-r requirements.txt (line 1))
2025-08-20T20:57:36.9459254Z #13 2.587   Downloading h11-0.16.0-py3-none-any.whl.metadata (8.3 kB)
2025-08-20T20:57:36.9460116Z #13 2.674 Collecting pydantic>=2.3.0 (from pydantic-settings==2.2.1->-r requirements.txt (line 2))
2025-08-20T20:57:36.9461012Z #13 2.681   Downloading pydantic-2.11.7-py3-none-any.whl.metadata (67 kB)
2025-08-20T20:57:36.9461947Z #13 2.704 Collecting python-dotenv>=0.21.0 (from pydantic-settings==2.2.1->-r requirements.txt (line 2))
2025-08-20T20:57:36.9462933Z #13 2.712   Downloading python_dotenv-1.1.1-py3-none-any.whl.metadata (24 kB)
2025-08-20T20:57:36.9463819Z #13 2.740 Collecting starlette<0.38.0,>=0.37.2 (from fastapi==0.111.0->-r requirements.txt (line 3))
2025-08-20T20:57:36.9464702Z #13 2.747   Downloading starlette-0.37.2-py3-none-any.whl.metadata (5.9 kB)
2025-08-20T20:57:36.9465606Z #13 2.800 Collecting typing-extensions>=4.8.0 (from fastapi==0.111.0->-r requirements.txt (line 3))
2025-08-20T20:57:36.9466566Z #13 2.807   Downloading typing_extensions-4.14.1-py3-none-any.whl.metadata (3.0 kB)
2025-08-20T20:57:36.9467488Z #13 2.818 Collecting fastapi-cli>=0.0.2 (from fastapi==0.111.0->-r requirements.txt (line 3))
2025-08-20T20:57:36.9468550Z #13 2.825   Downloading fastapi_cli-0.0.8-py3-none-any.whl.metadata (6.3 kB)
2025-08-20T20:57:36.9469472Z #13 2.844 Collecting python-multipart>=0.0.7 (from fastapi==0.111.0->-r requirements.txt (line 3))
2025-08-20T20:57:36.9470409Z #13 2.851   Downloading python_multipart-0.0.20-py3-none-any.whl.metadata (1.8 kB)
2025-08-20T20:57:36.9471595Z #13 2.901 Collecting ujson!=4.0.2,!=4.1.0,!=4.2.0,!=4.3.0,!=5.0.0,!=5.1.0,>=4.0.1 (from fastapi==0.111.0->-r requirements.txt (line 3))
2025-08-20T20:57:36.9472722Z #13 2.908   Downloading ujson-5.11.0-cp312-cp312-manylinux_2_24_x86_64.manylinux_2_28_x86_64.whl.metadata (9.4 kB)
2025-08-20T20:57:36.9473742Z #13 3.086 Collecting orjson>=3.2.1 (from fastapi==0.111.0->-r requirements.txt (line 3))
2025-08-20T20:57:36.9474764Z #13 3.094   Downloading orjson-3.11.2-cp312-cp312-manylinux_2_17_x86_64.manylinux2014_x86_64.whl.metadata (1.2 kB)
2025-08-20T20:57:36.9476020Z #13 3.107 Collecting email_validator>=2.0.0 (from fastapi==0.111.0->-r requirements.txt (line 3))
2025-08-20T20:57:36.9476936Z #13 3.114   Downloading email_validator-2.2.0-py3-none-any.whl.metadata (25 kB)
2025-08-20T20:57:36.9477978Z #13 3.221 Collecting greenlet!=0.4.17 (from sqlalchemy==2.0.29->-r requirements.txt (line 4))
2025-08-20T20:57:36.9479076Z #13 3.229   Downloading greenlet-3.2.4-cp312-cp312-manylinux_2_24_x86_64.manylinux_2_28_x86_64.whl.metadata (4.1 kB)
2025-08-20T20:57:36.9480091Z #13 3.259 Collecting Mako (from alembic==1.13.1->-r requirements.txt (line 5))
2025-08-20T20:57:36.9480854Z #13 3.266   Downloading mako-1.3.10-py3-none-any.whl.metadata (2.9 kB)
2025-08-20T20:57:36.9481610Z #13 3.289 Collecting anyio (from httpx==0.27.2->-r requirements.txt (line 7))
2025-08-20T20:57:36.9482369Z #13 3.296   Downloading anyio-4.10.0-py3-none-any.whl.metadata (4.0 kB)
2025-08-20T20:57:36.9483150Z #13 3.314 Collecting certifi (from httpx==0.27.2->-r requirements.txt (line 7))
2025-08-20T20:57:36.9483962Z #13 3.321   Downloading certifi-2025.8.3-py3-none-any.whl.metadata (2.4 kB)
2025-08-20T20:57:36.9484775Z #13 3.340 Collecting httpcore==1.* (from httpx==0.27.2->-r requirements.txt (line 7))
2025-08-20T20:57:36.9485591Z #13 3.347   Downloading httpcore-1.0.9-py3-none-any.whl.metadata (21 kB)
2025-08-20T20:57:36.9513520Z #13 3.361 Collecting idna (from httpx==0.27.2->-r requirements.txt (line 7))
2025-08-20T20:57:36.9514365Z #13 3.368   Downloading idna-3.10-py3-none-any.whl.metadata (10 kB)
2025-08-20T20:57:36.9515156Z #13 3.380 Collecting sniffio (from httpx==0.27.2->-r requirements.txt (line 7))
2025-08-20T20:57:36.9515964Z #13 3.387   Downloading sniffio-1.3.1-py3-none-any.whl.metadata (3.9 kB)
2025-08-20T20:57:36.9516838Z #13 3.863 Collecting botocore<1.35.0,>=1.34.162 (from boto3==1.34.162->-r requirements.txt (line 9))
2025-08-20T20:57:36.9517715Z #13 3.871   Downloading botocore-1.34.162-py3-none-any.whl.metadata (5.7 kB)
2025-08-20T20:57:36.9518801Z #13 3.888 Collecting jmespath<2.0.0,>=0.7.1 (from boto3==1.34.162->-r requirements.txt (line 9))
2025-08-20T20:57:36.9519676Z #13 3.896   Downloading jmespath-1.0.1-py3-none-any.whl.metadata (7.6 kB)
2025-08-20T20:57:36.9520545Z #13 3.919 Collecting s3transfer<0.11.0,>=0.10.0 (from boto3==1.34.162->-r requirements.txt (line 9))
2025-08-20T20:57:36.9521448Z #13 3.927   Downloading s3transfer-0.10.4-py3-none-any.whl.metadata (1.7 kB)
2025-08-20T20:57:36.9522318Z #13 3.987 Collecting MarkupSafe>=2.0 (from Jinja2==3.1.5->-r requirements.txt (line 10))
2025-08-20T20:57:36.9523406Z #13 3.995   Downloading MarkupSafe-3.0.2-cp312-cp312-manylinux_2_17_x86_64.manylinux2014_x86_64.whl.metadata (4.0 kB)
2025-08-20T20:57:36.9524513Z #13 4.018 Collecting billiard<5.0,>=4.2.0 (from celery==5.3.*->-r requirements.txt (line 11))
2025-08-20T20:57:36.9525358Z #13 4.025   Downloading billiard-4.2.1-py3-none-any.whl.metadata (4.4 kB)
2025-08-20T20:57:36.9526255Z #13 4.036 Collecting click-didyoumean>=0.3.0 (from celery==5.3.*->-r requirements.txt (line 11))
2025-08-20T20:57:36.9527190Z #13 4.043   Downloading click_didyoumean-0.3.1-py3-none-any.whl.metadata (3.9 kB)
2025-08-20T20:57:36.9528251Z #13 4.054 Collecting click-plugins>=1.1.1 (from celery==5.3.*->-r requirements.txt (line 11))
2025-08-20T20:57:36.9529176Z #13 4.062   Downloading click_plugins-1.1.1.2-py2.py3-none-any.whl.metadata (6.5 kB)
2025-08-20T20:57:36.9530084Z #13 4.074 Collecting click-repl>=0.2.0 (from celery==5.3.*->-r requirements.txt (line 11))
2025-08-20T20:57:36.9531153Z #13 4.081   Downloading click_repl-0.3.0-py3-none-any.whl.metadata (3.6 kB)
2025-08-20T20:57:36.9532008Z #13 4.119 Collecting kombu<6.0,>=5.3.4 (from celery==5.3.*->-r requirements.txt (line 11))
2025-08-20T20:57:36.9532816Z #13 4.137   Downloading kombu-5.5.4-py3-none-any.whl.metadata (3.5 kB)
2025-08-20T20:57:36.9533677Z #13 4.160 Collecting python-dateutil>=2.8.2 (from celery==5.3.*->-r requirements.txt (line 11))
2025-08-20T20:57:36.9534659Z #13 4.168   Downloading python_dateutil-2.9.0.post0-py2.py3-none-any.whl.metadata (8.4 kB)
2025-08-20T20:57:36.9535772Z #13 4.185 Collecting tzdata>=2022.7 (from celery==5.3.*->-r requirements.txt (line 11))
2025-08-20T20:57:36.9536612Z #13 4.193   Downloading tzdata-2025.2-py2.py3-none-any.whl.metadata (1.4 kB)
2025-08-20T20:57:36.9537434Z #13 4.206 Collecting vine<6.0,>=5.1.0 (from celery==5.3.*->-r requirements.txt (line 11))
2025-08-20T20:57:36.9538408Z #13 4.214   Downloading vine-5.1.0-py3-none-any.whl.metadata (2.7 kB)
2025-08-20T20:57:36.9539501Z #13 4.270 Collecting urllib3>=1.26.11 (from sentry-sdk==2.9.0->sentry-sdk[celery,fastapi,sqlalchemy]==2.9.0->-r requirements.txt (line 16))
2025-08-20T20:57:36.9540604Z #13 4.277   Downloading urllib3-2.5.0-py3-none-any.whl.metadata (6.5 kB)
2025-08-20T20:57:36.9541506Z #13 4.407 Collecting psycopg-binary==3.2.9 (from psycopg[binary]==3.2.9->-r requirements.txt (line 6))
2025-08-20T20:57:36.9542673Z #13 4.415   Downloading psycopg_binary-3.2.9-cp312-cp312-manylinux_2_17_x86_64.manylinux2014_x86_64.whl.metadata (2.9 kB)
2025-08-20T20:57:36.9543908Z #13 4.536 Collecting prompt-toolkit>=3.0.36 (from click-repl>=0.2.0->celery==5.3.*->-r requirements.txt (line 11))
2025-08-20T20:57:36.9544922Z #13 4.543   Downloading prompt_toolkit-3.0.51-py3-none-any.whl.metadata (6.4 kB)
2025-08-20T20:57:36.9545959Z #13 4.558 Collecting dnspython>=2.0.0 (from email_validator>=2.0.0->fastapi==0.111.0->-r requirements.txt (line 3))
2025-08-20T20:57:36.9546940Z #13 4.565   Downloading dnspython-2.7.0-py3-none-any.whl.metadata (5.8 kB)
2025-08-20T20:57:36.9548053Z #13 4.591 Collecting typer>=0.15.1 (from fastapi-cli>=0.0.2->fastapi==0.111.0->-r requirements.txt (line 3))
2025-08-20T20:57:36.9548972Z #13 4.599   Downloading typer-0.16.1-py3-none-any.whl.metadata (15 kB)
2025-08-20T20:57:36.9549921Z #13 4.630 Collecting rich-toolkit>=0.14.8 (from fastapi-cli>=0.0.2->fastapi==0.111.0->-r requirements.txt (line 3))
2025-08-20T20:57:36.9550903Z #13 4.637   Downloading rich_toolkit-0.15.0-py3-none-any.whl.metadata (1.0 kB)
2025-08-20T20:57:36.9551808Z #13 4.664 Collecting amqp<6.0.0,>=5.1.1 (from kombu<6.0,>=5.3.4->celery==5.3.*->-r requirements.txt (line 11))
2025-08-20T20:57:36.9552677Z #13 4.671   Downloading amqp-5.3.1-py3-none-any.whl.metadata (8.9 kB)
2025-08-20T20:57:36.9553541Z #13 4.696 Collecting packaging (from kombu<6.0,>=5.3.4->celery==5.3.*->-r requirements.txt (line 11))
2025-08-20T20:57:36.9554495Z #13 4.703   Downloading packaging-25.0-py3-none-any.whl.metadata (3.3 kB)
2025-08-20T20:57:36.9555527Z #13 4.720 Collecting annotated-types>=0.6.0 (from pydantic>=2.3.0->pydantic-settings==2.2.1->-r requirements.txt (line 2))
2025-08-20T20:57:36.9556580Z #13 4.728   Downloading annotated_types-0.7.0-py3-none-any.whl.metadata (15 kB)
2025-08-20T20:57:36.9557614Z #13 5.321 Collecting pydantic-core==2.33.2 (from pydantic>=2.3.0->pydantic-settings==2.2.1->-r requirements.txt (line 2))
2025-08-20T20:57:36.9559038Z #13 5.328   Downloading pydantic_core-2.33.2-cp312-cp312-manylinux_2_17_x86_64.manylinux2014_x86_64.whl.metadata (6.8 kB)
2025-08-20T20:57:36.9560314Z #13 5.345 Collecting typing-inspection>=0.4.0 (from pydantic>=2.3.0->pydantic-settings==2.2.1->-r requirements.txt (line 2))
2025-08-20T20:57:36.9561400Z #13 5.352   Downloading typing_inspection-0.4.1-py3-none-any.whl.metadata (2.6 kB)
2025-08-20T20:57:36.9562377Z #13 5.378 Collecting six>=1.5 (from python-dateutil>=2.8.2->celery==5.3.*->-r requirements.txt (line 11))
2025-08-20T20:57:36.9563291Z #13 5.385   Downloading six-1.17.0-py2.py3-none-any.whl.metadata (1.7 kB)
2025-08-20T20:57:37.0543129Z #13 5.653 Collecting httptools>=0.5.0 (from uvicorn[standard]>=0.12.0->fastapi==0.111.0->-r requirements.txt (line 3))
2025-08-20T20:57:37.2389082Z #13 5.660   Downloading httptools-0.6.4-cp312-cp312-manylinux_2_5_x86_64.manylinux1_x86_64.manylinux_2_17_x86_64.manylinux2014_x86_64.whl.metadata (3.6 kB)
2025-08-20T20:57:37.2390547Z #13 5.691 Collecting pyyaml>=5.1 (from uvicorn[standard]>=0.12.0->fastapi==0.111.0->-r requirements.txt (line 3))
2025-08-20T20:57:37.2391649Z #13 5.698   Downloading PyYAML-6.0.2-cp312-cp312-manylinux_2_17_x86_64.manylinux2014_x86_64.whl.metadata (2.1 kB)
2025-08-20T20:57:37.2393084Z #13 5.729 Collecting uvloop!=0.15.0,!=0.15.1,>=0.14.0 (from uvicorn[standard]>=0.12.0->fastapi==0.111.0->-r requirements.txt (line 3))
2025-08-20T20:57:37.2394134Z #13 5.736   Downloading uvloop-0.21.0-cp312-cp312-manylinux_2_17_x86_64.manylinux2014_x86_64.whl.metadata (4.9 kB)
2025-08-20T20:57:37.2394882Z #13 5.837 Collecting watchfiles>=0.13 (from uvicorn[standard]>=0.12.0->fastapi==0.111.0->-r requirements.txt (line 3))
2025-08-20T20:57:37.3483385Z #13 5.845   Downloading watchfiles-1.1.0-cp312-cp312-manylinux_2_17_x86_64.manylinux2014_x86_64.whl.metadata (4.9 kB)
2025-08-20T20:57:37.3484967Z #13 5.912 Collecting websockets>=10.4 (from uvicorn[standard]>=0.12.0->fastapi==0.111.0->-r requirements.txt (line 3))
2025-08-20T20:57:37.3486393Z #13 5.920   Downloading websockets-15.0.1-cp312-cp312-manylinux_2_5_x86_64.manylinux1_x86_64.manylinux_2_17_x86_64.manylinux2014_x86_64.whl.metadata (6.8 kB)
2025-08-20T20:57:37.3487538Z #13 5.947 Collecting wcwidth (from prompt-toolkit>=3.0.36->click-repl>=0.2.0->celery==5.3.*->-r requirements.txt (line 11))
2025-08-20T20:57:37.4988977Z #13 5.954   Downloading wcwidth-0.2.13-py2.py3-none-any.whl.metadata (14 kB)
2025-08-20T20:57:37.4990756Z #13 6.000 Collecting rich>=13.7.1 (from rich-toolkit>=0.14.8->fastapi-cli>=0.0.2->fastapi==0.111.0->-r requirements.txt (line 3))
2025-08-20T20:57:37.4991782Z #13 6.008   Downloading rich-14.1.0-py3-none-any.whl.metadata (18 kB)
2025-08-20T20:57:37.4992574Z #13 6.040 Collecting shellingham>=1.3.0 (from typer>=0.15.1->fastapi-cli>=0.0.2->fastapi==0.111.0->-r requirements.txt (line 3))
2025-08-20T20:57:37.4993358Z #13 6.047   Downloading shellingham-1.5.4-py2.py3-none-any.whl.metadata (3.5 kB)
2025-08-20T20:57:37.4994191Z #13 6.097 Collecting markdown-it-py>=2.2.0 (from rich>=13.7.1->rich-toolkit>=0.14.8->fastapi-cli>=0.0.2->fastapi==0.111.0->-r requirements.txt (line 3))
2025-08-20T20:57:37.6029326Z #13 6.105   Downloading markdown_it_py-4.0.0-py3-none-any.whl.metadata (7.3 kB)
2025-08-20T20:57:37.6030803Z #13 6.129 Collecting pygments<3.0.0,>=2.13.0 (from rich>=13.7.1->rich-toolkit>=0.14.8->fastapi-cli>=0.0.2->fastapi==0.111.0->-r requirements.txt (line 3))
2025-08-20T20:57:37.6032028Z #13 6.136   Downloading pygments-2.19.2-py3-none-any.whl.metadata (2.5 kB)
2025-08-20T20:57:37.6033024Z #13 6.152 Collecting mdurl~=0.1 (from markdown-it-py>=2.2.0->rich>=13.7.1->rich-toolkit>=0.14.8->fastapi-cli>=0.0.2->fastapi==0.111.0->-r requirements.txt (line 3))
2025-08-20T20:57:37.6033890Z #13 6.159   Downloading mdurl-0.1.2-py3-none-any.whl.metadata (1.6 kB)
2025-08-20T20:57:37.6034296Z #13 6.176 Downloading uvicorn-0.29.0-py3-none-any.whl (60 kB)
2025-08-20T20:57:37.6034814Z #13 6.183 Downloading pydantic_settings-2.2.1-py3-none-any.whl (13 kB)
2025-08-20T20:57:37.6035211Z #13 6.190 Downloading fastapi-0.111.0-py3-none-any.whl (91 kB)
2025-08-20T20:57:37.6035844Z #13 6.202 Downloading SQLAlchemy-2.0.29-cp312-cp312-manylinux_2_17_x86_64.manylinux2014_x86_64.whl (3.2 MB)
2025-08-20T20:57:37.7050698Z #13 6.227    ━━━━━━━━━━━━━━━━━━━━━━━━━━━━━━━━━━━━━━━━ 3.2/3.2 MB 177.1 MB/s eta 0:00:00
2025-08-20T20:57:37.7051350Z #13 6.234 Downloading alembic-1.13.1-py3-none-any.whl (233 kB)
2025-08-20T20:57:37.7051941Z #13 6.243 Downloading psycopg-3.2.9-py3-none-any.whl (202 kB)
2025-08-20T20:57:37.7052555Z #13 6.250 Downloading httpx-0.27.2-py3-none-any.whl (76 kB)
2025-08-20T20:57:37.7053696Z #13 6.257 Downloading asyncpg-0.29.0-cp312-cp312-manylinux_2_17_x86_64.manylinux2014_x86_64.whl (3.3 MB)
2025-08-20T20:57:37.7054741Z #13 6.289    ━━━━━━━━━━━━━━━━━━━━━━━━━━━━━━━━━━━━━━━━ 3.3/3.3 MB 108.6 MB/s eta 0:00:00
2025-08-20T20:57:37.7055314Z #13 6.296 Downloading boto3-1.34.162-py3-none-any.whl (139 kB)
2025-08-20T20:57:37.7055980Z #13 6.304 Downloading jinja2-3.1.5-py3-none-any.whl (134 kB)
2025-08-20T20:57:37.8054118Z #13 6.311 Downloading celery-5.3.6-py3-none-any.whl (422 kB)
2025-08-20T20:57:37.8054858Z #13 6.322 Downloading structlog-24.1.0-py3-none-any.whl (65 kB)
2025-08-20T20:57:37.8056188Z #13 6.330 Downloading asgi_correlation_id-4.3.1-py3-none-any.whl (15 kB)
2025-08-20T20:57:37.8056664Z #13 6.337 Downloading fastapi_limiter-0.1.6-py3-none-any.whl (15 kB)
2025-08-20T20:57:37.8057102Z #13 6.345 Downloading redis-5.0.8-py3-none-any.whl (255 kB)
2025-08-20T20:57:37.8057520Z #13 6.356 Downloading sentry_sdk-2.9.0-py2.py3-none-any.whl (301 kB)
2025-08-20T20:57:37.8058249Z #13 6.364 Downloading httpcore-1.0.9-py3-none-any.whl (78 kB)
2025-08-20T20:57:37.8058837Z #13 6.372 Downloading psycopg_binary-3.2.9-cp312-cp312-manylinux_2_17_x86_64.manylinux2014_x86_64.whl (4.4 MB)
2025-08-20T20:57:37.8059688Z #13 6.397    ━━━━━━━━━━━━━━━━━━━━━━━━━━━━━━━━━━━━━━━━ 4.4/4.4 MB 197.9 MB/s eta 0:00:00
2025-08-20T20:57:37.8060086Z #13 6.404 Downloading billiard-4.2.1-py3-none-any.whl (86 kB)
2025-08-20T20:57:37.9075393Z #13 6.411 Downloading botocore-1.34.162-py3-none-any.whl (12.5 MB)
2025-08-20T20:57:37.9076490Z #13 6.445    ━━━━━━━━━━━━━━━━━━━━━━━━━━━━━━━━━━━━━━━━ 12.5/12.5 MB 404.9 MB/s eta 0:00:00
2025-08-20T20:57:37.9077027Z #13 6.453 Downloading click-8.2.1-py3-none-any.whl (102 kB)
2025-08-20T20:57:37.9077435Z #13 6.460 Downloading click_didyoumean-0.3.1-py3-none-any.whl (3.6 kB)
2025-08-20T20:57:37.9078075Z #13 6.467 Downloading click_plugins-1.1.1.2-py2.py3-none-any.whl (11 kB)
2025-08-20T20:57:37.9078511Z #13 6.475 Downloading click_repl-0.3.0-py3-none-any.whl (10 kB)
2025-08-20T20:57:37.9078908Z #13 6.481 Downloading email_validator-2.2.0-py3-none-any.whl (33 kB)
2025-08-20T20:57:37.9079332Z #13 6.489 Downloading fastapi_cli-0.0.8-py3-none-any.whl (10 kB)
2025-08-20T20:57:37.9079850Z #13 6.496 Downloading greenlet-3.2.4-cp312-cp312-manylinux_2_24_x86_64.manylinux_2_28_x86_64.whl (607 kB)
2025-08-20T20:57:37.9080490Z #13 6.499    ━━━━━━━━━━━━━━━━━━━━━━━━━━━━━━━━━━━━━━━ 607.6/607.6 kB 571.8 MB/s eta 0:00:00
2025-08-20T20:57:37.9080904Z #13 6.506 Downloading h11-0.16.0-py3-none-any.whl (37 kB)
2025-08-20T20:57:38.0104619Z #13 6.513 Downloading idna-3.10-py3-none-any.whl (70 kB)
2025-08-20T20:57:38.0105570Z #13 6.521 Downloading jmespath-1.0.1-py3-none-any.whl (20 kB)
2025-08-20T20:57:38.0108276Z #13 6.528 Downloading kombu-5.5.4-py3-none-any.whl (210 kB)
2025-08-20T20:57:38.0108940Z #13 6.536 Downloading vine-5.1.0-py3-none-any.whl (9.6 kB)
2025-08-20T20:57:38.0109848Z #13 6.544 Downloading MarkupSafe-3.0.2-cp312-cp312-manylinux_2_17_x86_64.manylinux2014_x86_64.whl (23 kB)
2025-08-20T20:57:38.0111007Z #13 6.551 Downloading orjson-3.11.2-cp312-cp312-manylinux_2_17_x86_64.manylinux2014_x86_64.whl (121 kB)
2025-08-20T20:57:38.0111990Z #13 6.558 Downloading pydantic-2.11.7-py3-none-any.whl (444 kB)
2025-08-20T20:57:38.0112539Z #13 6.566 Downloading pydantic_core-2.33.2-cp312-cp312-manylinux_2_17_x86_64.manylinux2014_x86_64.whl (2.0 MB)
2025-08-20T20:57:38.0113307Z #13 6.573    ━━━━━━━━━━━━━━━━━━━━━━━━━━━━━━━━━━━━━━━━ 2.0/2.0 MB 390.5 MB/s eta 0:00:00
2025-08-20T20:57:38.0113756Z #13 6.581 Downloading python_dateutil-2.9.0.post0-py2.py3-none-any.whl (229 kB)
2025-08-20T20:57:38.0114207Z #13 6.588 Downloading python_dotenv-1.1.1-py3-none-any.whl (20 kB)
2025-08-20T20:57:38.0114627Z #13 6.595 Downloading python_multipart-0.0.20-py3-none-any.whl (24 kB)
2025-08-20T20:57:38.0115016Z #13 6.602 Downloading s3transfer-0.10.4-py3-none-any.whl (83 kB)
2025-08-20T20:57:38.0115388Z #13 6.609 Downloading starlette-0.37.2-py3-none-any.whl (71 kB)
2025-08-20T20:57:38.1167452Z #13 6.617 Downloading anyio-4.10.0-py3-none-any.whl (107 kB)
2025-08-20T20:57:38.1170255Z #13 6.624 Downloading sniffio-1.3.1-py3-none-any.whl (10 kB)
2025-08-20T20:57:38.1170957Z #13 6.632 Downloading typing_extensions-4.14.1-py3-none-any.whl (43 kB)
2025-08-20T20:57:38.1171639Z #13 6.639 Downloading tzdata-2025.2-py2.py3-none-any.whl (347 kB)
2025-08-20T20:57:38.1172491Z #13 6.647 Downloading ujson-5.11.0-cp312-cp312-manylinux_2_24_x86_64.manylinux_2_28_x86_64.whl (57 kB)
2025-08-20T20:57:38.1173130Z #13 6.654 Downloading urllib3-2.5.0-py3-none-any.whl (129 kB)
2025-08-20T20:57:38.1173605Z #13 6.662 Downloading certifi-2025.8.3-py3-none-any.whl (161 kB)
2025-08-20T20:57:38.1174414Z #13 6.669 Downloading mako-1.3.10-py3-none-any.whl (78 kB)
2025-08-20T20:57:38.1174964Z #13 6.677 Downloading amqp-5.3.1-py3-none-any.whl (50 kB)
2025-08-20T20:57:38.1175582Z #13 6.684 Downloading annotated_types-0.7.0-py3-none-any.whl (13 kB)
2025-08-20T20:57:38.1176186Z #13 6.691 Downloading dnspython-2.7.0-py3-none-any.whl (313 kB)
2025-08-20T20:57:38.1176869Z #13 6.699 Downloading httptools-0.6.4-cp312-cp312-manylinux_2_5_x86_64.manylinux1_x86_64.manylinux_2_17_x86_64.manylinux2014_x86_64.whl (510 kB)
2025-08-20T20:57:38.1177652Z #13 6.707 Downloading prompt_toolkit-3.0.51-py3-none-any.whl (387 kB)
2025-08-20T20:57:38.1178760Z #13 6.715 Downloading PyYAML-6.0.2-cp312-cp312-manylinux_2_17_x86_64.manylinux2014_x86_64.whl (767 kB)
2025-08-20T20:57:38.2219877Z #13 6.719    ━━━━━━━━━━━━━━━━━━━━━━━━━━━━━━━━━━━━━━━ 767.5/767.5 kB 587.9 MB/s eta 0:00:00
2025-08-20T20:57:38.2220649Z #13 6.726 Downloading rich_toolkit-0.15.0-py3-none-any.whl (29 kB)
2025-08-20T20:57:38.2221387Z #13 6.733 Downloading six-1.17.0-py2.py3-none-any.whl (11 kB)
2025-08-20T20:57:38.2222050Z #13 6.740 Downloading typer-0.16.1-py3-none-any.whl (46 kB)
2025-08-20T20:57:38.2222754Z #13 6.747 Downloading typing_inspection-0.4.1-py3-none-any.whl (14 kB)
2025-08-20T20:57:38.2223711Z #13 6.754 Downloading uvloop-0.21.0-cp312-cp312-manylinux_2_17_x86_64.manylinux2014_x86_64.whl (4.7 MB)
2025-08-20T20:57:38.2224828Z #13 6.769    ━━━━━━━━━━━━━━━━━━━━━━━━━━━━━━━━━━━━━━━━ 4.7/4.7 MB 359.6 MB/s eta 0:00:00
2025-08-20T20:57:38.2225762Z #13 6.777 Downloading watchfiles-1.1.0-cp312-cp312-manylinux_2_17_x86_64.manylinux2014_x86_64.whl (452 kB)
2025-08-20T20:57:38.2226830Z #13 6.785 Downloading websockets-15.0.1-cp312-cp312-manylinux_2_5_x86_64.manylinux1_x86_64.manylinux_2_17_x86_64.manylinux2014_x86_64.whl (182 kB)
2025-08-20T20:57:38.2227472Z #13 6.792 Downloading packaging-25.0-py3-none-any.whl (66 kB)
2025-08-20T20:57:38.2228130Z #13 6.800 Downloading rich-14.1.0-py3-none-any.whl (243 kB)
2025-08-20T20:57:38.2228534Z #13 6.807 Downloading shellingham-1.5.4-py2.py3-none-any.whl (9.8 kB)
2025-08-20T20:57:38.2228937Z #13 6.814 Downloading wcwidth-0.2.13-py2.py3-none-any.whl (34 kB)
2025-08-20T20:57:38.2229338Z #13 6.821 Downloading markdown_it_py-4.0.0-py3-none-any.whl (87 kB)
2025-08-20T20:57:38.3913772Z #13 6.828 Downloading pygments-2.19.2-py3-none-any.whl (1.2 MB)
2025-08-20T20:57:38.3914530Z #13 6.832    ━━━━━━━━━━━━━━━━━━━━━━━━━━━━━━━━━━━━━━━━ 1.2/1.2 MB 451.7 MB/s eta 0:00:00
2025-08-20T20:57:38.3914957Z #13 6.839 Downloading mdurl-0.1.2-py3-none-any.whl (10.0 kB)
2025-08-20T20:57:38.4495583Z #13 7.048 Installing collected packages: wcwidth, websockets, vine, uvloop, urllib3, ujson, tzdata, typing-extensions, structlog, sniffio, six, shellingham, redis, pyyaml, python-multipart, python-dotenv, pygments, psycopg-binary, prompt-toolkit, packaging, orjson, mdurl, MarkupSafe, jmespath, idna, httptools, h11, greenlet, dnspython, click, certifi, billiard, asyncpg, annotated-types, uvicorn, typing-inspection, sqlalchemy, sentry-sdk, python-dateutil, pydantic-core, psycopg, markdown-it-py, Mako, Jinja2, httpcore, email_validator, click-repl, click-plugins, click-didyoumean, anyio, amqp, watchfiles, starlette, rich, pydantic, kombu, httpx, botocore, alembic, typer, s3transfer, rich-toolkit, pydantic-settings, celery, asgi-correlation-id, fastapi-cli, boto3, fastapi, fastapi-limiter
2025-08-20T20:57:44.4078941Z #13 13.01 Successfully installed Jinja2-3.1.5 Mako-1.3.10 MarkupSafe-3.0.2 alembic-1.13.1 amqp-5.3.1 annotated-types-0.7.0 anyio-4.10.0 asgi-correlation-id-4.3.1 asyncpg-0.29.0 billiard-4.2.1 boto3-1.34.162 botocore-1.34.162 celery-5.3.6 certifi-2025.8.3 click-8.2.1 click-didyoumean-0.3.1 click-plugins-1.1.1.2 click-repl-0.3.0 dnspython-2.7.0 email_validator-2.2.0 fastapi-0.111.0 fastapi-cli-0.0.8 fastapi-limiter-0.1.6 greenlet-3.2.4 h11-0.16.0 httpcore-1.0.9 httptools-0.6.4 httpx-0.27.2 idna-3.10 jmespath-1.0.1 kombu-5.5.4 markdown-it-py-4.0.0 mdurl-0.1.2 orjson-3.11.2 packaging-25.0 prompt-toolkit-3.0.51 psycopg-3.2.9 psycopg-binary-3.2.9 pydantic-2.11.7 pydantic-core-2.33.2 pydantic-settings-2.2.1 pygments-2.19.2 python-dateutil-2.9.0.post0 python-dotenv-1.1.1 python-multipart-0.0.20 pyyaml-6.0.2 redis-5.0.8 rich-14.1.0 rich-toolkit-0.15.0 s3transfer-0.10.4 sentry-sdk-2.9.0 shellingham-1.5.4 six-1.17.0 sniffio-1.3.1 sqlalchemy-2.0.29 starlette-0.37.2 structlog-24.1.0 typer-0.16.1 typing-extensions-4.14.1 typing-inspection-0.4.1 tzdata-2025.2 ujson-5.11.0 urllib3-2.5.0 uvicorn-0.29.0 uvloop-0.21.0 vine-5.1.0 watchfiles-1.1.0 wcwidth-0.2.13 websockets-15.0.1
2025-08-20T20:57:44.6344702Z #13 13.01 WARNING: Running pip as the 'root' user can result in broken permissions and conflicting behaviour with the system package manager, possibly rendering your system unusable. It is recommended to use a virtual environment instead: https://pip.pypa.io/warnings/venv. Use the --root-user-action option if you know what you are doing and want to suppress this warning.
2025-08-20T20:57:44.6346675Z #13 13.08 
2025-08-20T20:57:44.6347061Z #13 13.08 [notice] A new release of pip is available: 25.0.1 -> 25.2
2025-08-20T20:57:44.6347632Z #13 13.08 [notice] To update, run: pip install --upgrade pip
2025-08-20T20:57:44.7704485Z #13 DONE 13.4s
2025-08-20T20:57:44.8722134Z 
2025-08-20T20:57:44.8722686Z #14 [base  5/13] COPY services/api/ ./services/api
2025-08-20T20:57:44.8723231Z #14 DONE 0.1s
2025-08-20T20:57:44.8723412Z 
2025-08-20T20:57:44.8723629Z #15 [base  6/13] COPY services/common/ ./services/common
2025-08-20T20:57:44.8724082Z #15 DONE 0.0s
2025-08-20T20:57:45.0034430Z 
2025-08-20T20:57:45.0035491Z #16 [base  7/13] COPY services/ingest/ ./services/ingest
2025-08-20T20:57:45.0036231Z #16 DONE 0.0s
2025-08-20T20:57:45.0036935Z 
2025-08-20T20:57:45.0039903Z #17 [base  8/13] COPY services/etl/ ./services/etl
2025-08-20T20:57:45.0040482Z #17 DONE 0.0s
2025-08-20T20:57:45.0040699Z 
2025-08-20T20:57:45.0041901Z #18 [base  9/13] COPY api/ ./api
2025-08-20T20:57:45.0042272Z #18 DONE 0.0s
2025-08-20T20:57:45.0042557Z 
2025-08-20T20:57:45.0042777Z #19 [base 10/13] COPY services/api/alembic.ini ./alembic.ini
2025-08-20T20:57:45.0043452Z #19 DONE 0.0s
2025-08-20T20:57:45.0043636Z 
2025-08-20T20:57:45.0043784Z #20 [base 11/13] COPY alembic/ ./alembic/
2025-08-20T20:57:45.0044189Z #20 DONE 0.0s
2025-08-20T20:57:45.0044370Z 
2025-08-20T20:57:45.0044601Z #21 [base 12/13] COPY services/api/entrypoint.sh ./entrypoint.sh
2025-08-20T20:57:45.0045105Z #21 DONE 0.0s
2025-08-20T20:57:45.0045265Z 
2025-08-20T20:57:45.0045430Z #22 [base 13/13] RUN chmod +x ./entrypoint.sh
2025-08-20T20:57:45.0045849Z #22 DONE 0.1s
2025-08-20T20:57:45.8647324Z 
2025-08-20T20:57:45.8648222Z #23 [stage-1 4/6] COPY --from=base /usr/local /usr/local
2025-08-20T20:57:47.6722089Z #23 DONE 1.8s
2025-08-20T20:57:47.7782141Z 
2025-08-20T20:57:47.7782981Z #24 [stage-1 5/6] COPY --from=base /app /app
2025-08-20T20:57:47.7783661Z #24 DONE 0.1s
2025-08-20T20:57:47.9824179Z 
2025-08-20T20:57:47.9824879Z #25 [stage-1 6/6] RUN chmod +x /app/entrypoint.sh
2025-08-20T20:57:47.9825390Z #25 DONE 0.1s
2025-08-20T20:57:47.9825610Z 
2025-08-20T20:57:47.9825755Z #26 exporting to docker image format
2025-08-20T20:57:47.9826147Z #26 exporting layers
2025-08-20T20:57:53.2975191Z #26 exporting layers 5.5s done
2025-08-20T20:57:53.4550886Z #26 exporting manifest sha256:1ecd7b017a708297ee24713587b7c5841984d4eeee0b591d55778ab03d75ab96 done
2025-08-20T20:57:53.4552095Z #26 exporting config sha256:88304e25171d8b13dcca99f450f096a11d8f354ff9efc4f8f080e908acb67f78 done
2025-08-20T20:57:53.4552879Z #26 sending tarball
2025-08-20T20:57:53.8720043Z #26 ...
2025-08-20T20:57:53.8720291Z 
2025-08-20T20:57:53.8720432Z #27 importing to docker
2025-08-20T20:57:54.0226598Z #27 loading layer e6a3842ebc7f 327.68kB / 29.77MB
2025-08-20T20:57:54.7385418Z #27 loading layer 11a4ec4d004e 32.77kB / 1.29MB
2025-08-20T20:57:55.1115087Z #27 loading layer 07cd4433de32 131.07kB / 12.11MB
2025-08-20T20:57:55.6649760Z #27 loading layer e33228fe7708 251B / 251B
2025-08-20T20:57:55.8907662Z #27 loading layer 00749052030a 93B / 93B
2025-08-20T20:57:55.8908753Z #27 loading layer 6cc6bc6cfe11 196.61kB / 19.48MB
2025-08-20T20:57:56.6692246Z #27 loading layer ec2dc3e824e8 557.06kB / 56.29MB
2025-08-20T20:57:58.7126077Z #27 loading layer ec2dc3e824e8 41.78MB / 56.29MB 2.0s
2025-08-20T20:57:59.5972223Z #27 loading layer 4af0cd40df5f 32.77kB / 40.23kB
2025-08-20T20:57:59.6812229Z #27 loading layer e6a3842ebc7f 29.77MB / 29.77MB 5.8s done
2025-08-20T20:57:59.6812643Z #27 loading layer 11a4ec4d004e 1.29MB / 1.29MB 4.9s done
2025-08-20T20:57:59.6813589Z #27 loading layer 07cd4433de32 12.11MB / 12.11MB 4.6s done
2025-08-20T20:57:59.6814164Z #27 loading layer e33228fe7708 251B / 251B 4.0s done
2025-08-20T20:57:59.6814620Z #27 loading layer 00749052030a 93B / 93B 3.9s done
2025-08-20T20:57:59.6815373Z #27 loading layer 6cc6bc6cfe11 19.48MB / 19.48MB 3.9s done
2025-08-20T20:57:59.6815983Z #27 loading layer ec2dc3e824e8 56.29MB / 56.29MB 3.0s done
2025-08-20T20:57:59.6816564Z #27 loading layer 4af0cd40df5f 40.23kB / 40.23kB 0.1s done
2025-08-20T20:57:59.6817414Z #27 loading layer 5f70bf18a086 32B / 32B 0.0s done
2025-08-20T20:57:59.6818038Z #27 DONE 5.8s
2025-08-20T20:57:59.6818235Z 
2025-08-20T20:57:59.6818402Z #26 exporting to docker image format
2025-08-20T20:57:59.6818989Z #26 sending tarball 6.4s done
2025-08-20T20:57:59.6819392Z #26 DONE 11.8s
2025-08-20T20:57:59.8153479Z Post job cleanup.
2025-08-20T20:57:59.9470629Z [warning]Path Validation Error: Path(s) specified in the action for caching do(es) not exist, hence no cache is being saved.
2025-08-20T20:57:59.9559932Z Post job cleanup.
2025-08-20T20:58:00.2379842Z ##[group]Removing builder
2025-08-20T20:58:00.3514629Z [command]/usr/bin/docker buildx rm builder-31235d36-2332-444a-bf1c-42333bfa0c15
2025-08-20T20:58:01.3703704Z builder-31235d36-2332-444a-bf1c-42333bfa0c15 removed
2025-08-20T20:58:01.3739862Z ##[endgroup]
2025-08-20T20:58:01.3741587Z ##[group]Cleaning up certificates
2025-08-20T20:58:01.3748549Z ##[endgroup]
2025-08-20T20:58:01.3749277Z ##[group]Post cache
2025-08-20T20:58:01.3751809Z State not set
2025-08-20T20:58:01.3752421Z ##[endgroup]
2025-08-20T20:58:01.3890335Z Post job cleanup.
2025-08-20T20:58:01.4664043Z [command]/usr/bin/git version
2025-08-20T20:58:01.4699051Z git version 2.51.0
2025-08-20T20:58:01.4735263Z Temporarily overriding HOME='/home/runner/work/_temp/7a153bde-c259-4b7b-88f3-58f96744e88f' before making global git config changes
2025-08-20T20:58:01.4736584Z Adding repository directory to the temporary git global config as a safe directory
2025-08-20T20:58:01.4740339Z [command]/usr/bin/git config --global --add safe.directory /home/runner/work/AWA-App/AWA-App
2025-08-20T20:58:01.4774738Z [command]/usr/bin/git config --local --name-only --get-regexp core\.sshCommand
2025-08-20T20:58:01.4806618Z [command]/usr/bin/git submodule foreach --recursive sh -c "git config --local --name-only --get-regexp 'core\.sshCommand' && git config --local --unset-all 'core.sshCommand' || :"
2025-08-20T20:58:01.5044680Z [command]/usr/bin/git config --local --name-only --get-regexp http\.https\:\/\/github\.com\/\.extraheader
2025-08-20T20:58:01.5069375Z http.https://github.com/.extraheader
2025-08-20T20:58:01.5082272Z [command]/usr/bin/git config --local --unset-all http.https://github.com/.extraheader
2025-08-20T20:58:01.5114579Z [command]/usr/bin/git submodule foreach --recursive sh -c "git config --local --name-only --get-regexp 'http\.https\:\/\/github\.com\/\.extraheader' && git config --local --unset-all 'http.https://github.com/.extraheader' || :"
2025-08-20T20:58:01.5437108Z Cleaning up orphan processes
