2025-08-21T07:24:36.5003695Z Current runner version: '2.328.0'
2025-08-21T07:24:36.5026904Z ##[group]Runner Image Provisioner
2025-08-21T07:24:36.5027894Z Hosted Compute Agent
2025-08-21T07:24:36.5028477Z Version: 20250818.377
2025-08-21T07:24:36.5029107Z Commit: 3c593e9f75fe0b87e893bca80d6e12ba089c61fc
2025-08-21T07:24:36.5029799Z Build Date: 2025-08-18T14:52:18Z
2025-08-21T07:24:36.5030443Z ##[endgroup]
2025-08-21T07:24:36.5030988Z ##[group]Operating System
2025-08-21T07:24:36.5031553Z Ubuntu
2025-08-21T07:24:36.5032087Z 24.04.2
2025-08-21T07:24:36.5032534Z LTS
2025-08-21T07:24:36.5032981Z ##[endgroup]
2025-08-21T07:24:36.5033409Z ##[group]Runner Image
2025-08-21T07:24:36.5034052Z Image: ubuntu-24.04
2025-08-21T07:24:36.5034520Z Version: 20250818.1.0
2025-08-21T07:24:36.5035512Z Included Software: https://github.com/actions/runner-images/blob/ubuntu24/20250818.1/images/ubuntu/Ubuntu2404-Readme.md
2025-08-21T07:24:36.5037377Z Image Release: https://github.com/actions/runner-images/releases/tag/ubuntu24%2F20250818.1
2025-08-21T07:24:36.5038592Z ##[endgroup]
2025-08-21T07:24:36.5041019Z ##[group]GITHUB_TOKEN Permissions
2025-08-21T07:24:36.5043191Z Actions: write
2025-08-21T07:24:36.5043822Z Attestations: write
2025-08-21T07:24:36.5044340Z Checks: write
2025-08-21T07:24:36.5044791Z Contents: write
2025-08-21T07:24:36.5045344Z Deployments: write
2025-08-21T07:24:36.5045821Z Discussions: write
2025-08-21T07:24:36.5046351Z Issues: write
2025-08-21T07:24:36.5046840Z Metadata: read
2025-08-21T07:24:36.5047517Z Models: read
2025-08-21T07:24:36.5048012Z Packages: write
2025-08-21T07:24:36.5048534Z Pages: write
2025-08-21T07:24:36.5049040Z PullRequests: write
2025-08-21T07:24:36.5049581Z RepositoryProjects: write
2025-08-21T07:24:36.5050179Z SecurityEvents: write
2025-08-21T07:24:36.5050783Z Statuses: write
2025-08-21T07:24:36.5051289Z ##[endgroup]
2025-08-21T07:24:36.5053362Z Secret source: Actions
2025-08-21T07:24:36.5054059Z Prepare workflow directory
2025-08-21T07:24:36.5405088Z Prepare all required actions
2025-08-21T07:24:36.5464435Z Getting action download info
2025-08-21T07:24:36.9897328Z Download action repository 'actions/checkout@v5' (SHA:08c6903cd8c0fde910a37f88322edcfb5dd907a8)
2025-08-21T07:24:37.0726025Z Download action repository 'docker/setup-buildx-action@v3' (SHA:e468171a9de216ec08956ac3ada2f0791b6bd435)
2025-08-21T07:24:38.1208182Z Download action repository 'actions/cache@v4' (SHA:0400d5f644dc74513175e3cd8d07132dd4860809)
2025-08-21T07:24:38.2997830Z Complete job name: container-build
2025-08-21T07:24:38.3686631Z ##[group]Run actions/checkout@v5
2025-08-21T07:24:38.3687722Z with:
2025-08-21T07:24:38.3688162Z   repository: AlexBomber12/AWA-App
2025-08-21T07:24:38.3688878Z   token: ***
2025-08-21T07:24:38.3689283Z   ssh-strict: true
2025-08-21T07:24:38.3689691Z   ssh-user: git
2025-08-21T07:24:38.3690117Z   persist-credentials: true
2025-08-21T07:24:38.3690573Z   clean: true
2025-08-21T07:24:38.3690997Z   sparse-checkout-cone-mode: true
2025-08-21T07:24:38.3691502Z   fetch-depth: 1
2025-08-21T07:24:38.3691922Z   fetch-tags: false
2025-08-21T07:24:38.3692375Z   show-progress: true
2025-08-21T07:24:38.3692818Z   lfs: false
2025-08-21T07:24:38.3693217Z   submodules: false
2025-08-21T07:24:38.3693661Z   set-safe-directory: true
2025-08-21T07:24:38.3694371Z ##[endgroup]
2025-08-21T07:24:38.4631991Z Syncing repository: AlexBomber12/AWA-App
2025-08-21T07:24:38.4633900Z ##[group]Getting Git version info
2025-08-21T07:24:38.4634728Z Working directory is '/home/runner/work/AWA-App/AWA-App'
2025-08-21T07:24:38.4635824Z [command]/usr/bin/git version
2025-08-21T07:24:38.4672423Z git version 2.51.0
2025-08-21T07:24:38.4693981Z ##[endgroup]
2025-08-21T07:24:38.4708817Z Temporarily overriding HOME='/home/runner/work/_temp/1cfd07e5-115f-445d-a6fb-dcaca89a385c' before making global git config changes
2025-08-21T07:24:38.4710325Z Adding repository directory to the temporary git global config as a safe directory
2025-08-21T07:24:38.4713564Z [command]/usr/bin/git config --global --add safe.directory /home/runner/work/AWA-App/AWA-App
2025-08-21T07:24:38.4751472Z Deleting the contents of '/home/runner/work/AWA-App/AWA-App'
2025-08-21T07:24:38.4754484Z ##[group]Initializing the repository
2025-08-21T07:24:38.4759239Z [command]/usr/bin/git init /home/runner/work/AWA-App/AWA-App
2025-08-21T07:24:38.4822349Z hint: Using 'master' as the name for the initial branch. This default branch name
2025-08-21T07:24:38.4824236Z hint: is subject to change. To configure the initial branch name to use in all
2025-08-21T07:24:38.4826079Z hint: of your new repositories, which will suppress this warning, call:
2025-08-21T07:24:38.4827801Z hint:
2025-08-21T07:24:38.4828790Z hint: 	git config --global init.defaultBranch <name>
2025-08-21T07:24:38.4830047Z hint:
2025-08-21T07:24:38.4831189Z hint: Names commonly chosen instead of 'master' are 'main', 'trunk' and
2025-08-21T07:24:38.4833049Z hint: 'development'. The just-created branch can be renamed via this command:
2025-08-21T07:24:38.4834409Z hint:
2025-08-21T07:24:38.4835156Z hint: 	git branch -m <name>
2025-08-21T07:24:38.4836055Z hint:
2025-08-21T07:24:38.4837839Z hint: Disable this message with "git config set advice.defaultBranchName false"
2025-08-21T07:24:38.4839277Z Initialized empty Git repository in /home/runner/work/AWA-App/AWA-App/.git/
2025-08-21T07:24:38.4841010Z [command]/usr/bin/git remote add origin https://github.com/AlexBomber12/AWA-App
2025-08-21T07:24:38.4873720Z ##[endgroup]
2025-08-21T07:24:38.4874490Z ##[group]Disabling automatic garbage collection
2025-08-21T07:24:38.4877633Z [command]/usr/bin/git config --local gc.auto 0
2025-08-21T07:24:38.4906415Z ##[endgroup]
2025-08-21T07:24:38.4907996Z ##[group]Setting up auth
2025-08-21T07:24:38.4913625Z [command]/usr/bin/git config --local --name-only --get-regexp core\.sshCommand
2025-08-21T07:24:38.4944966Z [command]/usr/bin/git submodule foreach --recursive sh -c "git config --local --name-only --get-regexp 'core\.sshCommand' && git config --local --unset-all 'core.sshCommand' || :"
2025-08-21T07:24:38.5200627Z [command]/usr/bin/git config --local --name-only --get-regexp http\.https\:\/\/github\.com\/\.extraheader
2025-08-21T07:24:38.5230261Z [command]/usr/bin/git submodule foreach --recursive sh -c "git config --local --name-only --get-regexp 'http\.https\:\/\/github\.com\/\.extraheader' && git config --local --unset-all 'http.https://github.com/.extraheader' || :"
2025-08-21T07:24:38.5455925Z [command]/usr/bin/git config --local http.https://github.com/.extraheader AUTHORIZATION: basic ***
2025-08-21T07:24:38.5495826Z ##[endgroup]
2025-08-21T07:24:38.5496675Z ##[group]Fetching the repository
2025-08-21T07:24:38.5509011Z [command]/usr/bin/git -c protocol.version=2 fetch --no-tags --prune --no-recurse-submodules --depth=1 origin +c4fc763c5738b9db1cdad1ba3b993e2d6df05072:refs/remotes/origin/main
2025-08-21T07:24:39.2211522Z From https://github.com/AlexBomber12/AWA-App
2025-08-21T07:24:39.2214053Z  * [new ref]         c4fc763c5738b9db1cdad1ba3b993e2d6df05072 -> origin/main
2025-08-21T07:24:39.2239161Z ##[endgroup]
2025-08-21T07:24:39.2240214Z ##[group]Determining the checkout info
2025-08-21T07:24:39.2241787Z ##[endgroup]
2025-08-21T07:24:39.2246720Z [command]/usr/bin/git sparse-checkout disable
2025-08-21T07:24:39.2285333Z [command]/usr/bin/git config --local --unset-all extensions.worktreeConfig
2025-08-21T07:24:39.2312634Z ##[group]Checking out the ref
2025-08-21T07:24:39.2316438Z [command]/usr/bin/git checkout --progress --force -B main refs/remotes/origin/main
2025-08-21T07:24:39.2651225Z Switched to a new branch 'main'
2025-08-21T07:24:39.2653386Z branch 'main' set up to track 'origin/main'.
2025-08-21T07:24:39.2662636Z ##[endgroup]
2025-08-21T07:24:39.2697946Z [command]/usr/bin/git log -1 --format=%H
2025-08-21T07:24:39.2720419Z c4fc763c5738b9db1cdad1ba3b993e2d6df05072
2025-08-21T07:24:39.3036813Z ##[group]Run docker/setup-buildx-action@v3
2025-08-21T07:24:39.3038245Z with:
2025-08-21T07:24:39.3039080Z   driver: docker-container
2025-08-21T07:24:39.3040064Z   install: false
2025-08-21T07:24:39.3040913Z   use: true
2025-08-21T07:24:39.3041702Z   keep-state: false
2025-08-21T07:24:39.3042806Z   cache-binary: true
2025-08-21T07:24:39.3043696Z   cleanup: true
2025-08-21T07:24:39.3044524Z ##[endgroup]
2025-08-21T07:24:39.5888252Z ##[group]Docker info
2025-08-21T07:24:39.5910337Z [command]/usr/bin/docker version
2025-08-21T07:24:39.6684313Z Client: Docker Engine - Community
2025-08-21T07:24:39.6686736Z  Version:           28.0.4
2025-08-21T07:24:39.6688115Z  API version:       1.48
2025-08-21T07:24:39.6689061Z  Go version:        go1.23.7
2025-08-21T07:24:39.6690017Z  Git commit:        b8034c0
2025-08-21T07:24:39.6691034Z  Built:             Tue Mar 25 15:07:16 2025
2025-08-21T07:24:39.6692160Z  OS/Arch:           linux/amd64
2025-08-21T07:24:39.6693448Z  Context:           default
2025-08-21T07:24:39.6694089Z 
2025-08-21T07:24:39.6694471Z Server: Docker Engine - Community
2025-08-21T07:24:39.6695481Z  Engine:
2025-08-21T07:24:39.6696246Z   Version:          28.0.4
2025-08-21T07:24:39.6697477Z   API version:      1.48 (minimum version 1.24)
2025-08-21T07:24:39.6698707Z   Go version:       go1.23.7
2025-08-21T07:24:39.6699668Z   Git commit:       6430e49
2025-08-21T07:24:39.6700646Z   Built:            Tue Mar 25 15:07:16 2025
2025-08-21T07:24:39.6701754Z   OS/Arch:          linux/amd64
2025-08-21T07:24:39.6702740Z   Experimental:     false
2025-08-21T07:24:39.6703625Z  containerd:
2025-08-21T07:24:39.6704398Z   Version:          1.7.27
2025-08-21T07:24:39.6705519Z   GitCommit:        05044ec0a9a75232cad458027ca83437aae3f4da
2025-08-21T07:24:39.6706778Z  runc:
2025-08-21T07:24:39.6707714Z   Version:          1.2.5
2025-08-21T07:24:39.6708663Z   GitCommit:        v1.2.5-0-g59923ef
2025-08-21T07:24:39.6709711Z  docker-init:
2025-08-21T07:24:39.6710488Z   Version:          0.19.0
2025-08-21T07:24:39.6711401Z   GitCommit:        de40ad0
2025-08-21T07:24:39.6735806Z [command]/usr/bin/docker info
2025-08-21T07:24:39.8979445Z Client: Docker Engine - Community
2025-08-21T07:24:39.8982701Z  Version:    28.0.4
2025-08-21T07:24:39.8983982Z  Context:    default
2025-08-21T07:24:39.8984834Z  Debug Mode: false
2025-08-21T07:24:39.8985679Z  Plugins:
2025-08-21T07:24:39.8986490Z   buildx: Docker Buildx (Docker Inc.)
2025-08-21T07:24:39.8987952Z     Version:  v0.26.1
2025-08-21T07:24:39.8989031Z     Path:     /usr/libexec/docker/cli-plugins/docker-buildx
2025-08-21T07:24:39.8990566Z   compose: Docker Compose (Docker Inc.)
2025-08-21T07:24:39.8991680Z     Version:  v2.38.2
2025-08-21T07:24:39.8992742Z     Path:     /usr/libexec/docker/cli-plugins/docker-compose
2025-08-21T07:24:39.8993726Z 
2025-08-21T07:24:39.8994042Z Server:
2025-08-21T07:24:39.8994772Z  Containers: 0
2025-08-21T07:24:39.8995793Z   Running: 0
2025-08-21T07:24:39.8996564Z   Paused: 0
2025-08-21T07:24:39.8997464Z   Stopped: 0
2025-08-21T07:24:39.8998223Z  Images: 0
2025-08-21T07:24:39.8998966Z  Server Version: 28.0.4
2025-08-21T07:24:39.8999843Z  Storage Driver: overlay2
2025-08-21T07:24:39.9000897Z   Backing Filesystem: extfs
2025-08-21T07:24:39.9002082Z   Supports d_type: true
2025-08-21T07:24:39.9003099Z   Using metacopy: false
2025-08-21T07:24:39.9004232Z   Native Overlay Diff: false
2025-08-21T07:24:39.9005395Z   userxattr: false
2025-08-21T07:24:39.9006416Z  Logging Driver: json-file
2025-08-21T07:24:39.9007803Z  Cgroup Driver: systemd
2025-08-21T07:24:39.9008900Z  Cgroup Version: 2
2025-08-21T07:24:39.9009825Z  Plugins:
2025-08-21T07:24:39.9010684Z   Volume: local
2025-08-21T07:24:39.9011758Z   Network: bridge host ipvlan macvlan null overlay
2025-08-21T07:24:39.9013516Z   Log: awslogs fluentd gcplogs gelf journald json-file local splunk syslog
2025-08-21T07:24:39.9015042Z  Swarm: inactive
2025-08-21T07:24:39.9015995Z  Runtimes: io.containerd.runc.v2 runc
2025-08-21T07:24:39.9017470Z  Default Runtime: runc
2025-08-21T07:24:39.9018993Z  Init Binary: docker-init
2025-08-21T07:24:39.9020449Z  containerd version: 05044ec0a9a75232cad458027ca83437aae3f4da
2025-08-21T07:24:39.9022119Z  runc version: v1.2.5-0-g59923ef
2025-08-21T07:24:39.9023260Z  init version: de40ad0
2025-08-21T07:24:39.9024304Z  Security Options:
2025-08-21T07:24:39.9025174Z   apparmor
2025-08-21T07:24:39.9026233Z   seccomp
2025-08-21T07:24:39.9026941Z    Profile: builtin
2025-08-21T07:24:39.9028020Z   cgroupns
2025-08-21T07:24:39.9028855Z  Kernel Version: 6.11.0-1018-azure
2025-08-21T07:24:39.9029924Z  Operating System: Ubuntu 24.04.2 LTS
2025-08-21T07:24:39.9030941Z  OSType: linux
2025-08-21T07:24:39.9031735Z  Architecture: x86_64
2025-08-21T07:24:39.9032538Z  CPUs: 4
2025-08-21T07:24:39.9033265Z  Total Memory: 15.62GiB
2025-08-21T07:24:39.9034148Z  Name: pkrvmqc4gcfdwos
2025-08-21T07:24:39.9035096Z  ID: 1c1cbb44-b30d-44d5-842a-37462128d90e
2025-08-21T07:24:39.9036193Z  Docker Root Dir: /var/lib/docker
2025-08-21T07:24:39.9037346Z  Debug Mode: false
2025-08-21T07:24:39.9038222Z  Username: githubactions
2025-08-21T07:24:39.9039115Z  Experimental: false
2025-08-21T07:24:39.9040305Z  Insecure Registries:
2025-08-21T07:24:39.9045544Z   ::1/128
2025-08-21T07:24:39.9046664Z   127.0.0.0/8
2025-08-21T07:24:39.9048074Z  Live Restore Enabled: false
2025-08-21T07:24:39.9049070Z 
2025-08-21T07:24:39.9050981Z ##[endgroup]
2025-08-21T07:24:39.9731285Z ##[group]Buildx version
2025-08-21T07:24:39.9752254Z [command]/usr/bin/docker buildx version
2025-08-21T07:24:40.0231321Z github.com/docker/buildx v0.26.1 1a8287f22cf5a38339a4c1bf432b803c5f8b2aae
2025-08-21T07:24:40.0267410Z ##[endgroup]
2025-08-21T07:24:40.0417053Z ##[group]Inspecting default docker context
2025-08-21T07:24:40.0558388Z [
2025-08-21T07:24:40.0559179Z   {
2025-08-21T07:24:40.0559845Z     "Name": "default",
2025-08-21T07:24:40.0560701Z     "Metadata": {},
2025-08-21T07:24:40.0561589Z     "Endpoints": {
2025-08-21T07:24:40.0562447Z       "docker": {
2025-08-21T07:24:40.0563419Z         "Host": "unix:///var/run/docker.sock",
2025-08-21T07:24:40.0564896Z         "SkipTLSVerify": false
2025-08-21T07:24:40.0566062Z       }
2025-08-21T07:24:40.0566842Z     },
2025-08-21T07:24:40.0567853Z     "TLSMaterial": {},
2025-08-21T07:24:40.0568856Z     "Storage": {
2025-08-21T07:24:40.0569886Z       "MetadataPath": "<IN MEMORY>",
2025-08-21T07:24:40.0571145Z       "TLSPath": "<IN MEMORY>"
2025-08-21T07:24:40.0572291Z     }
2025-08-21T07:24:40.0573043Z   }
2025-08-21T07:24:40.0573730Z ]
2025-08-21T07:24:40.0575352Z ##[endgroup]
2025-08-21T07:24:40.0577018Z ##[group]Creating a new builder instance
2025-08-21T07:24:40.1751568Z [command]/usr/bin/docker buildx create --name builder-07dcbf29-e59a-4c8d-b394-9f58b5994e2e --driver docker-container --buildkitd-flags --allow-insecure-entitlement security.insecure --allow-insecure-entitlement network.host --use
2025-08-21T07:24:40.2329933Z builder-07dcbf29-e59a-4c8d-b394-9f58b5994e2e
2025-08-21T07:24:40.2373277Z ##[endgroup]
2025-08-21T07:24:40.2375492Z ##[group]Booting builder
2025-08-21T07:24:40.2408733Z [command]/usr/bin/docker buildx inspect --bootstrap --builder builder-07dcbf29-e59a-4c8d-b394-9f58b5994e2e
2025-08-21T07:24:40.2921937Z #1 [internal] booting buildkit
2025-08-21T07:24:40.4436008Z #1 pulling image moby/buildkit:buildx-stable-1
2025-08-21T07:24:44.0222242Z #1 pulling image moby/buildkit:buildx-stable-1 3.7s done
2025-08-21T07:24:44.1723402Z #1 creating container buildx_buildkit_builder-07dcbf29-e59a-4c8d-b394-9f58b5994e2e0
2025-08-21T07:24:44.4053037Z #1 creating container buildx_buildkit_builder-07dcbf29-e59a-4c8d-b394-9f58b5994e2e0 0.4s done
2025-08-21T07:24:44.4072818Z #1 DONE 4.1s
2025-08-21T07:24:44.4373033Z Name:          builder-07dcbf29-e59a-4c8d-b394-9f58b5994e2e
2025-08-21T07:24:44.4373622Z Driver:        docker-container
2025-08-21T07:24:44.4374032Z Last Activity: 2025-08-21 07:24:40 +0000 UTC
2025-08-21T07:24:44.4374338Z 
2025-08-21T07:24:44.4374444Z Nodes:
2025-08-21T07:24:44.4374805Z Name:                  builder-07dcbf29-e59a-4c8d-b394-9f58b5994e2e0
2025-08-21T07:24:44.4375710Z Endpoint:              unix:///var/run/docker.sock
2025-08-21T07:24:44.4376172Z Status:                running
2025-08-21T07:24:44.4376997Z BuildKit daemon flags: --allow-insecure-entitlement security.insecure --allow-insecure-entitlement network.host
2025-08-21T07:24:44.4378102Z BuildKit version:      v0.23.2
2025-08-21T07:24:44.4378822Z Platforms:             linux/amd64, linux/amd64/v2, linux/amd64/v3, linux/386
2025-08-21T07:24:44.4379363Z Labels:
2025-08-21T07:24:44.4379729Z  org.mobyproject.buildkit.worker.executor:         oci
2025-08-21T07:24:44.4380361Z  org.mobyproject.buildkit.worker.hostname:         d0b8f6f30c86
2025-08-21T07:24:44.4381008Z  org.mobyproject.buildkit.worker.network:          host
2025-08-21T07:24:44.4381640Z  org.mobyproject.buildkit.worker.oci.process-mode: sandbox
2025-08-21T07:24:44.4382505Z  org.mobyproject.buildkit.worker.selinux.enabled:  false
2025-08-21T07:24:44.4383144Z  org.mobyproject.buildkit.worker.snapshotter:      overlayfs
2025-08-21T07:24:44.4383677Z GC Policy rule#0:
2025-08-21T07:24:44.4383980Z  All:            false
2025-08-21T07:24:44.4384493Z  Filters:        type==source.local,type==exec.cachemount,type==source.git.checkout
2025-08-21T07:24:44.4385095Z  Keep Duration:  48h0m0s
2025-08-21T07:24:44.4385424Z  Max Used Space: 488.3MiB
2025-08-21T07:24:44.4385764Z GC Policy rule#1:
2025-08-21T07:24:44.4386098Z  All:            false
2025-08-21T07:24:44.4386448Z  Keep Duration:  1440h0m0s
2025-08-21T07:24:44.4386836Z  Reserved Space: 7.451GiB
2025-08-21T07:24:44.4387380Z  Max Used Space: 54.02GiB
2025-08-21T07:24:44.4387710Z  Min Free Space: 13.97GiB
2025-08-21T07:24:44.4388030Z GC Policy rule#2:
2025-08-21T07:24:44.4388311Z  All:            false
2025-08-21T07:24:44.4388623Z  Reserved Space: 7.451GiB
2025-08-21T07:24:44.4388957Z  Max Used Space: 54.02GiB
2025-08-21T07:24:44.4389290Z  Min Free Space: 13.97GiB
2025-08-21T07:24:44.4389624Z GC Policy rule#3:
2025-08-21T07:24:44.4389905Z  All:            true
2025-08-21T07:24:44.4390209Z  Reserved Space: 7.451GiB
2025-08-21T07:24:44.4390522Z  Max Used Space: 54.02GiB
2025-08-21T07:24:44.4390838Z  Min Free Space: 13.97GiB
2025-08-21T07:24:44.4424961Z ##[endgroup]
2025-08-21T07:24:44.5368925Z ##[group]Inspect builder
2025-08-21T07:24:44.5371497Z {
2025-08-21T07:24:44.5371749Z   "nodes": [
2025-08-21T07:24:44.5372026Z     {
2025-08-21T07:24:44.5372421Z       "name": "builder-07dcbf29-e59a-4c8d-b394-9f58b5994e2e0",
2025-08-21T07:24:44.5372953Z       "endpoint": "unix:///var/run/docker.sock",
2025-08-21T07:24:44.5373378Z       "status": "running",
2025-08-21T07:24:44.5374152Z       "buildkitd-flags": "--allow-insecure-entitlement security.insecure --allow-insecure-entitlement network.host",
2025-08-21T07:24:44.5374963Z       "buildkit": "v0.23.2",
2025-08-21T07:24:44.5375449Z       "platforms": "linux/amd64,linux/amd64/v2,linux/amd64/v3,linux/386",
2025-08-21T07:24:44.5375977Z       "features": {
2025-08-21T07:24:44.5376437Z         "Automatically load images to the Docker Engine image store": true,
2025-08-21T07:24:44.5377044Z         "Cache export": true,
2025-08-21T07:24:44.5377650Z         "Direct push": true,
2025-08-21T07:24:44.5378018Z         "Docker exporter": true,
2025-08-21T07:24:44.5378416Z         "Multi-platform build": true,
2025-08-21T07:24:44.5378805Z         "OCI exporter": true
2025-08-21T07:24:44.5379136Z       },
2025-08-21T07:24:44.5379394Z       "labels": {
2025-08-21T07:24:44.5379780Z         "org.mobyproject.buildkit.worker.executor": "oci",
2025-08-21T07:24:44.5380389Z         "org.mobyproject.buildkit.worker.hostname": "d0b8f6f30c86",
2025-08-21T07:24:44.5380993Z         "org.mobyproject.buildkit.worker.network": "host",
2025-08-21T07:24:44.5381569Z         "org.mobyproject.buildkit.worker.oci.process-mode": "sandbox",
2025-08-21T07:24:44.5381999Z         "org.mobyproject.buildkit.worker.selinux.enabled": "false",
2025-08-21T07:24:44.5382402Z         "org.mobyproject.buildkit.worker.snapshotter": "overlayfs"
2025-08-21T07:24:44.5382697Z       },
2025-08-21T07:24:44.5382860Z       "gcPolicy": [
2025-08-21T07:24:44.5383280Z         {
2025-08-21T07:24:44.5383452Z           "all": false,
2025-08-21T07:24:44.5383631Z           "filter": [
2025-08-21T07:24:44.5383822Z             "type==source.local",
2025-08-21T07:24:44.5384086Z             "type==exec.cachemount",
2025-08-21T07:24:44.5384331Z             "type==source.git.checkout"
2025-08-21T07:24:44.5384688Z           ],
2025-08-21T07:24:44.5384864Z           "keepDuration": "48h0m0s",
2025-08-21T07:24:44.5385089Z           "maxUsedSpace": "488.3MiB"
2025-08-21T07:24:44.5385293Z         },
2025-08-21T07:24:44.5385446Z         {
2025-08-21T07:24:44.5385594Z           "all": false,
2025-08-21T07:24:44.5385787Z           "keepDuration": "1440h0m0s",
2025-08-21T07:24:44.5386015Z           "reservedSpace": "7.451GiB",
2025-08-21T07:24:44.5386244Z           "maxUsedSpace": "54.02GiB",
2025-08-21T07:24:44.5386465Z           "minFreeSpace": "13.97GiB"
2025-08-21T07:24:44.5386672Z         },
2025-08-21T07:24:44.5386816Z         {
2025-08-21T07:24:44.5386972Z           "all": false,
2025-08-21T07:24:44.5387378Z           "reservedSpace": "7.451GiB",
2025-08-21T07:24:44.5387783Z           "maxUsedSpace": "54.02GiB",
2025-08-21T07:24:44.5388166Z           "minFreeSpace": "13.97GiB"
2025-08-21T07:24:44.5388375Z         },
2025-08-21T07:24:44.5388526Z         {
2025-08-21T07:24:44.5388680Z           "all": true,
2025-08-21T07:24:44.5388878Z           "reservedSpace": "7.451GiB",
2025-08-21T07:24:44.5389099Z           "maxUsedSpace": "54.02GiB",
2025-08-21T07:24:44.5389321Z           "minFreeSpace": "13.97GiB"
2025-08-21T07:24:44.5389522Z         }
2025-08-21T07:24:44.5389668Z       ]
2025-08-21T07:24:44.5389808Z     }
2025-08-21T07:24:44.5389953Z   ],
2025-08-21T07:24:44.5390167Z   "name": "builder-07dcbf29-e59a-4c8d-b394-9f58b5994e2e",
2025-08-21T07:24:44.5390455Z   "driver": "docker-container",
2025-08-21T07:24:44.5390689Z   "lastActivity": "2025-08-21T07:24:40.000Z"
2025-08-21T07:24:44.5390916Z }
2025-08-21T07:24:44.5391248Z ##[endgroup]
2025-08-21T07:24:44.5391555Z ##[group]BuildKit version
2025-08-21T07:24:44.5391831Z builder-07dcbf29-e59a-4c8d-b394-9f58b5994e2e0: v0.23.2
2025-08-21T07:24:44.5392225Z ##[endgroup]
2025-08-21T07:24:44.6826910Z ##[group]Run actions/cache@v4
2025-08-21T07:24:44.6827574Z with:
2025-08-21T07:24:44.6827828Z   path: ~/.cache/pip
2025-08-21T07:24:44.6828187Z   key: Linux-pip-b7d99bf2e951879a1e84cb70d80e48a0c895c705f1f8dac0e7da465a15c113a6
2025-08-21T07:24:44.6828629Z   enableCrossOsArchive: false
2025-08-21T07:24:44.6828856Z   fail-on-cache-miss: false
2025-08-21T07:24:44.6829070Z   lookup-only: false
2025-08-21T07:24:44.6829260Z   save-always: false
2025-08-21T07:24:44.6829444Z ##[endgroup]
2025-08-21T07:24:45.0584561Z Cache not found for input keys: Linux-pip-b7d99bf2e951879a1e84cb70d80e48a0c895c705f1f8dac0e7da465a15c113a6
2025-08-21T07:24:45.0673127Z ##[group]Run docker buildx build \
2025-08-21T07:24:45.0673456Z [36;1mdocker buildx build \[0m
2025-08-21T07:24:45.0673888Z [36;1m  --tag ghcr.io/alexbomber12/awa-app/api:c4fc763c5738b9db1cdad1ba3b993e2d6df05072 \[0m
2025-08-21T07:24:45.0674425Z [36;1m  --build-arg TZ_CACHE_BUST=c4fc763c5738b9db1cdad1ba3b993e2d6df05072 \[0m
2025-08-21T07:24:45.0674798Z [36;1m  --file services/api/Dockerfile \[0m
2025-08-21T07:24:45.0675051Z [36;1m  --load .[0m
2025-08-21T07:24:45.0745292Z shell: /usr/bin/bash -e {0}
2025-08-21T07:24:45.0745541Z ##[endgroup]
2025-08-21T07:24:45.3645640Z #0 building with "builder-07dcbf29-e59a-4c8d-b394-9f58b5994e2e" instance using docker-container driver
2025-08-21T07:24:45.3646101Z 
2025-08-21T07:24:45.3646227Z #1 [internal] load build definition from Dockerfile
2025-08-21T07:24:45.3646548Z #1 transferring dockerfile: 1.48kB done
2025-08-21T07:24:45.3646787Z #1 DONE 0.0s
2025-08-21T07:24:45.3646895Z 
2025-08-21T07:24:45.3647434Z #2 resolve image config for docker-image://docker.io/docker/dockerfile:1.6
2025-08-21T07:24:45.5373161Z #2 ...
2025-08-21T07:24:45.5373340Z 
2025-08-21T07:24:45.5373518Z #3 [auth] docker/dockerfile:pull token for registry-1.docker.io
2025-08-21T07:24:45.5373845Z #3 DONE 0.0s
2025-08-21T07:24:45.6864844Z 
2025-08-21T07:24:45.6865847Z #2 resolve image config for docker-image://docker.io/docker/dockerfile:1.6
2025-08-21T07:24:46.0907629Z #2 DONE 0.9s
2025-08-21T07:24:46.2519165Z 
2025-08-21T07:24:46.2520051Z #4 docker-image://docker.io/docker/dockerfile:1.6@sha256:ac85f380a63b13dfcefa89046420e1781752bab202122f8f50032edf31be0021
2025-08-21T07:24:46.2521354Z #4 resolve docker.io/docker/dockerfile:1.6@sha256:ac85f380a63b13dfcefa89046420e1781752bab202122f8f50032edf31be0021 done
2025-08-21T07:24:46.2543320Z #4 sha256:9d9c93f4b00be908ab694a4df732570bced3b8a96b7515d70ff93402179ad232 0B / 11.80MB 0.2s
2025-08-21T07:24:46.4407644Z #4 sha256:9d9c93f4b00be908ab694a4df732570bced3b8a96b7515d70ff93402179ad232 11.80MB / 11.80MB 0.2s done
2025-08-21T07:24:46.4409157Z #4 extracting sha256:9d9c93f4b00be908ab694a4df732570bced3b8a96b7515d70ff93402179ad232 0.1s done
2025-08-21T07:24:46.4409861Z #4 DONE 0.3s
2025-08-21T07:24:46.5540849Z 
2025-08-21T07:24:46.5541802Z #5 [auth] library/python:pull token for registry-1.docker.io
2025-08-21T07:24:46.7043383Z #5 DONE 0.0s
2025-08-21T07:24:46.7043550Z 
2025-08-21T07:24:46.7043761Z #6 [internal] load metadata for docker.io/library/python:3.12-slim
2025-08-21T07:24:47.2717085Z #6 DONE 0.6s
2025-08-21T07:24:47.2717522Z 
2025-08-21T07:24:47.2717670Z #7 [internal] load .dockerignore
2025-08-21T07:24:47.2718118Z #7 transferring context: 265B done
2025-08-21T07:24:47.2718480Z #7 DONE 0.0s
2025-08-21T07:24:47.2718636Z 
2025-08-21T07:24:47.2718766Z #8 [internal] load build context
2025-08-21T07:24:47.2719155Z #8 transferring context: 160.65kB 0.0s done
2025-08-21T07:24:47.2719548Z #8 DONE 0.0s
2025-08-21T07:24:47.2719724Z 
2025-08-21T07:24:47.2720191Z #9 [base  1/13] FROM docker.io/library/python:3.12-slim@sha256:d67a7b66b989ad6b6d6b10d428dcc5e0bfc3e5f88906e67d490c4d3daac57047
2025-08-21T07:24:47.2721213Z #9 resolve docker.io/library/python:3.12-slim@sha256:d67a7b66b989ad6b6d6b10d428dcc5e0bfc3e5f88906e67d490c4d3daac57047 done
2025-08-21T07:24:47.2722043Z #9 sha256:d76206d463c08ba2a3f7bbab2de2a933ad73f33ab4ab813eafe50c9dff9edc12 251B / 251B 0.1s done
2025-08-21T07:24:47.4694296Z #9 sha256:5d587318e932a89b94608393c99dd30ee5092a6991c1656f717bd4f4e13d60df 1.29MB / 1.29MB 0.2s done
2025-08-21T07:24:47.4695486Z #9 sha256:e5c05dcf47fbdb2f18dc242ad1b7f48fbd3813c0027ffcfb8e81e4aa7e0965f4 12.11MB / 12.11MB 0.3s
2025-08-21T07:24:47.4696409Z #9 sha256:396b1da7636e2dcd10565cb4f2f952cbb4a8a38b58d3b86a2cacb172fb70117c 0B / 29.77MB 0.2s
2025-08-21T07:24:47.6208410Z #9 sha256:e5c05dcf47fbdb2f18dc242ad1b7f48fbd3813c0027ffcfb8e81e4aa7e0965f4 12.11MB / 12.11MB 0.3s done
2025-08-21T07:24:47.6210933Z #9 sha256:396b1da7636e2dcd10565cb4f2f952cbb4a8a38b58d3b86a2cacb172fb70117c 9.44MB / 29.77MB 0.5s
2025-08-21T07:24:47.7714568Z #9 sha256:396b1da7636e2dcd10565cb4f2f952cbb4a8a38b58d3b86a2cacb172fb70117c 26.21MB / 29.77MB 0.6s
2025-08-21T07:24:47.9537091Z #9 sha256:396b1da7636e2dcd10565cb4f2f952cbb4a8a38b58d3b86a2cacb172fb70117c 29.77MB / 29.77MB 0.6s done
2025-08-21T07:24:47.9538393Z #9 extracting sha256:396b1da7636e2dcd10565cb4f2f952cbb4a8a38b58d3b86a2cacb172fb70117c
2025-08-21T07:24:48.4413008Z #9 extracting sha256:396b1da7636e2dcd10565cb4f2f952cbb4a8a38b58d3b86a2cacb172fb70117c 0.6s done
2025-08-21T07:24:48.4413799Z #9 DONE 1.3s
2025-08-21T07:24:48.6652465Z 
2025-08-21T07:24:48.6653574Z #9 [base  1/13] FROM docker.io/library/python:3.12-slim@sha256:d67a7b66b989ad6b6d6b10d428dcc5e0bfc3e5f88906e67d490c4d3daac57047
2025-08-21T07:24:48.6654902Z #9 extracting sha256:5d587318e932a89b94608393c99dd30ee5092a6991c1656f717bd4f4e13d60df 0.1s done
2025-08-21T07:24:48.6655872Z #9 extracting sha256:e5c05dcf47fbdb2f18dc242ad1b7f48fbd3813c0027ffcfb8e81e4aa7e0965f4
2025-08-21T07:24:48.8632426Z #9 extracting sha256:e5c05dcf47fbdb2f18dc242ad1b7f48fbd3813c0027ffcfb8e81e4aa7e0965f4 0.3s done
2025-08-21T07:24:48.8633219Z #9 DONE 1.7s
2025-08-21T07:24:48.9664371Z 
2025-08-21T07:24:48.9669322Z #9 [base  1/13] FROM docker.io/library/python:3.12-slim@sha256:d67a7b66b989ad6b6d6b10d428dcc5e0bfc3e5f88906e67d490c4d3daac57047
2025-08-21T07:24:48.9671818Z #9 extracting sha256:d76206d463c08ba2a3f7bbab2de2a933ad73f33ab4ab813eafe50c9dff9edc12 done
2025-08-21T07:24:48.9672515Z #9 DONE 1.7s
2025-08-21T07:24:48.9672688Z 
2025-08-21T07:24:48.9672784Z #10 [base  2/13] WORKDIR /app
2025-08-21T07:24:48.9673142Z #10 DONE 0.1s
2025-08-21T07:24:48.9673889Z 
2025-08-21T07:24:48.9674136Z #11 [base  3/13] COPY services/api/requirements.txt ./requirements.txt
2025-08-21T07:24:48.9674715Z #11 DONE 0.0s
2025-08-21T07:24:48.9674899Z 
2025-08-21T07:24:48.9676105Z #12 [stage-1 3/6] RUN set -eux;     if [ -f /etc/apt/sources.list ]; then         sed -i 's|http://deb.debian.org|https://deb.debian.org|g' /etc/apt/sources.list;     fi;     apt-get update;     apt-get install -y --no-install-recommends tzdata postgresql-client curl;     rm -rf /var/lib/apt/lists/*
2025-08-21T07:24:49.0758323Z #12 0.048 + [ -f /etc/apt/sources.list ]
2025-08-21T07:24:49.0758747Z #12 0.048 + apt-get update
2025-08-21T07:24:49.0759381Z #12 0.101 Hit:1 http://deb.debian.org/debian trixie InRelease
2025-08-21T07:24:49.0760226Z #12 0.103 Get:2 http://deb.debian.org/debian trixie-updates InRelease [47.1 kB]
2025-08-21T07:24:49.0761045Z #12 0.120 Get:3 http://deb.debian.org/debian-security trixie-security InRelease [43.4 kB]
2025-08-21T07:24:49.3254788Z #12 0.131 Get:4 http://deb.debian.org/debian trixie/main amd64 Packages [9668 kB]
2025-08-21T07:24:49.3255720Z #12 0.219 Get:5 http://deb.debian.org/debian trixie-updates/main amd64 Packages [2432 B]
2025-08-21T07:24:49.3256659Z #12 0.219 Get:6 http://deb.debian.org/debian-security trixie-security/main amd64 Packages [20.5 kB]
2025-08-21T07:24:49.8219618Z #12 0.866 Fetched 9781 kB in 1s (12.3 MB/s)
2025-08-21T07:24:50.2970812Z #12 0.866 Reading package lists...
2025-08-21T07:24:50.4202617Z #12 1.351 + apt-get install -y --no-install-recommends tzdata postgresql-client curl
2025-08-21T07:24:50.7873248Z #12 1.362 Reading package lists...
2025-08-21T07:24:51.0968009Z #12 1.844 Building dependency tree...
2025-08-21T07:24:51.0973246Z #12 1.999 Reading state information...
2025-08-21T07:24:51.0976269Z #12 2.141 tzdata is already the newest version (2025b-4).
2025-08-21T07:24:51.0977472Z #12 2.141 The following additional packages will be installed:
2025-08-21T07:24:51.2323728Z #12 2.141   libbrotli1 libcom-err2 libcurl4t64 libgdbm-compat4t64 libgnutls30t64
2025-08-21T07:24:51.2324631Z #12 2.141   libgssapi-krb5-2 libidn2-0 libk5crypto3 libkeyutils1 libkrb5-3
2025-08-21T07:24:51.2325459Z #12 2.141   libkrb5support0 libldap2 libnghttp2-14 libnghttp3-9 libp11-kit0 libperl5.40
2025-08-21T07:24:51.2326358Z #12 2.142   libpq5 libpsl5t64 librtmp1 libsasl2-2 libsasl2-modules-db libssh2-1t64
2025-08-21T07:24:51.2327396Z #12 2.142   libtasn1-6 libunistring5 perl perl-modules-5.40 postgresql-client-17
2025-08-21T07:24:51.2328438Z #12 2.142   postgresql-client-common sensible-utils
2025-08-21T07:24:51.2328882Z #12 2.143 Suggested packages:
2025-08-21T07:24:51.2329368Z #12 2.143   gnutls-bin krb5-doc krb5-user perl-doc libterm-readline-gnu-perl
2025-08-21T07:24:51.2330149Z #12 2.143   | libterm-readline-perl-perl make libtap-harness-archive-perl postgresql-17
2025-08-21T07:24:51.2331059Z #12 2.143   postgresql-doc-17
2025-08-21T07:24:51.2331613Z #12 2.143 Recommended packages:
2025-08-21T07:24:51.2332005Z #12 2.143   bash-completion krb5-locales libldap-common publicsuffix libsasl2-modules
2025-08-21T07:24:51.3694160Z #12 2.320 The following NEW packages will be installed:
2025-08-21T07:24:51.3695178Z #12 2.320   curl libbrotli1 libcom-err2 libcurl4t64 libgdbm-compat4t64 libgnutls30t64
2025-08-21T07:24:51.3696048Z #12 2.320   libgssapi-krb5-2 libidn2-0 libk5crypto3 libkeyutils1 libkrb5-3
2025-08-21T07:24:51.3696946Z #12 2.320   libkrb5support0 libldap2 libnghttp2-14 libnghttp3-9 libp11-kit0 libperl5.40
2025-08-21T07:24:51.3698169Z #12 2.321   libpq5 libpsl5t64 librtmp1 libsasl2-2 libsasl2-modules-db libssh2-1t64
2025-08-21T07:24:51.3698981Z #12 2.321   libtasn1-6 libunistring5 perl perl-modules-5.40 postgresql-client
2025-08-21T07:24:51.3699734Z #12 2.321   postgresql-client-17 postgresql-client-common sensible-utils
2025-08-21T07:24:51.3700427Z #12 2.361 0 upgraded, 31 newly installed, 0 to remove and 0 not upgraded.
2025-08-21T07:24:51.3700829Z #12 2.361 Need to get 14.9 MB of archives.
2025-08-21T07:24:51.3701309Z #12 2.361 After this operation, 78.1 MB of additional disk space will be used.
2025-08-21T07:24:51.3702296Z #12 2.361 Get:1 http://deb.debian.org/debian trixie/main amd64 sensible-utils all 0.0.25 [25.0 kB]
2025-08-21T07:24:51.3703050Z #12 2.371 Get:2 http://deb.debian.org/debian trixie/main amd64 perl-modules-5.40 all 5.40.1-6 [3019 kB]
2025-08-21T07:24:51.4763508Z #12 2.417 Get:3 http://deb.debian.org/debian trixie/main amd64 libgdbm-compat4t64 amd64 1.24-2 [50.3 kB]
2025-08-21T07:24:51.4766472Z #12 2.418 Get:4 http://deb.debian.org/debian trixie/main amd64 libperl5.40 amd64 5.40.1-6 [4341 kB]
2025-08-21T07:24:51.4769033Z #12 2.439 Get:5 http://deb.debian.org/debian trixie/main amd64 perl amd64 5.40.1-6 [267 kB]
2025-08-21T07:24:51.4769989Z #12 2.441 Get:6 http://deb.debian.org/debian trixie/main amd64 libbrotli1 amd64 1.1.0-2+b7 [307 kB]
2025-08-21T07:24:51.4770829Z #12 2.442 Get:7 http://deb.debian.org/debian trixie/main amd64 libkrb5support0 amd64 1.21.3-5 [33.0 kB]
2025-08-21T07:24:51.4771411Z #12 2.442 Get:8 http://deb.debian.org/debian trixie/main amd64 libcom-err2 amd64 1.47.2-3+b3 [25.0 kB]
2025-08-21T07:24:51.4771976Z #12 2.443 Get:9 http://deb.debian.org/debian trixie/main amd64 libk5crypto3 amd64 1.21.3-5 [81.5 kB]
2025-08-21T07:24:51.4772505Z #12 2.443 Get:10 http://deb.debian.org/debian trixie/main amd64 libkeyutils1 amd64 1.6.3-6 [9456 B]
2025-08-21T07:24:51.4773022Z #12 2.444 Get:11 http://deb.debian.org/debian trixie/main amd64 libkrb5-3 amd64 1.21.3-5 [326 kB]
2025-08-21T07:24:51.4773562Z #12 2.445 Get:12 http://deb.debian.org/debian trixie/main amd64 libgssapi-krb5-2 amd64 1.21.3-5 [138 kB]
2025-08-21T07:24:51.4774092Z #12 2.446 Get:13 http://deb.debian.org/debian trixie/main amd64 libunistring5 amd64 1.3-2 [477 kB]
2025-08-21T07:24:51.4774602Z #12 2.449 Get:14 http://deb.debian.org/debian trixie/main amd64 libidn2-0 amd64 2.3.8-2 [109 kB]
2025-08-21T07:24:51.4775156Z #12 2.456 Get:15 http://deb.debian.org/debian trixie/main amd64 libsasl2-modules-db amd64 2.1.28+dfsg1-9 [19.8 kB]
2025-08-21T07:24:51.4775742Z #12 2.457 Get:16 http://deb.debian.org/debian trixie/main amd64 libsasl2-2 amd64 2.1.28+dfsg1-9 [57.5 kB]
2025-08-21T07:24:51.4776291Z #12 2.457 Get:17 http://deb.debian.org/debian trixie/main amd64 libldap2 amd64 2.6.10+dfsg-1 [194 kB]
2025-08-21T07:24:51.4776826Z #12 2.459 Get:18 http://deb.debian.org/debian trixie/main amd64 libnghttp2-14 amd64 1.64.0-1.1 [76.0 kB]
2025-08-21T07:24:51.4777602Z #12 2.460 Get:19 http://deb.debian.org/debian trixie/main amd64 libnghttp3-9 amd64 1.8.0-1 [67.7 kB]
2025-08-21T07:24:51.4778411Z #12 2.460 Get:20 http://deb.debian.org/debian trixie/main amd64 libpsl5t64 amd64 0.21.2-1.1+b1 [57.2 kB]
2025-08-21T07:24:51.4778952Z #12 2.461 Get:21 http://deb.debian.org/debian trixie/main amd64 libp11-kit0 amd64 0.25.5-3 [425 kB]
2025-08-21T07:24:51.4779462Z #12 2.463 Get:22 http://deb.debian.org/debian trixie/main amd64 libtasn1-6 amd64 4.20.0-2 [49.9 kB]
2025-08-21T07:24:51.4779973Z #12 2.464 Get:23 http://deb.debian.org/debian trixie/main amd64 libgnutls30t64 amd64 3.8.9-3 [1465 kB]
2025-08-21T07:24:51.4780554Z #12 2.469 Get:24 http://deb.debian.org/debian trixie/main amd64 librtmp1 amd64 2.4+20151223.gitfa8646d.1-2+b5 [58.8 kB]
2025-08-21T07:24:51.4781141Z #12 2.472 Get:25 http://deb.debian.org/debian trixie/main amd64 libssh2-1t64 amd64 1.11.1-1 [245 kB]
2025-08-21T07:24:51.4781664Z #12 2.474 Get:26 http://deb.debian.org/debian trixie/main amd64 libcurl4t64 amd64 8.14.1-2 [391 kB]
2025-08-21T07:24:51.4782171Z #12 2.476 Get:27 http://deb.debian.org/debian trixie/main amd64 curl amd64 8.14.1-2 [269 kB]
2025-08-21T07:24:51.4782641Z #12 2.478 Get:28 http://deb.debian.org/debian trixie/main amd64 libpq5 amd64 17.5-1 [226 kB]
2025-08-21T07:24:51.4783170Z #12 2.479 Get:29 http://deb.debian.org/debian trixie/main amd64 postgresql-client-common all 278 [47.1 kB]
2025-08-21T07:24:51.4783739Z #12 2.480 Get:30 http://deb.debian.org/debian trixie/main amd64 postgresql-client-17 amd64 17.5-1 [2025 kB]
2025-08-21T07:24:51.4784691Z #12 2.488 Get:31 http://deb.debian.org/debian trixie/main amd64 postgresql-client all 17+278 [14.0 kB]
2025-08-21T07:24:52.5731045Z #12 3.596 Fetched 14.9 MB in 0s (93.7 MB/s)
2025-08-21T07:24:52.5732865Z #12 3.610 Selecting previously unselected package sensible-utils.
2025-08-21T07:24:52.5734642Z #12 3.610 (Reading database ... 
2025-08-21T07:24:52.5735071Z (Reading database ... 5%
2025-08-21T07:24:52.5735584Z (Reading database ... 10%
2025-08-21T07:24:52.5735947Z (Reading database ... 15%
2025-08-21T07:24:52.5736278Z (Reading database ... 20%
2025-08-21T07:24:52.5736784Z (Reading database ... 25%
2025-08-21T07:24:52.5737487Z (Reading database ... 30%
2025-08-21T07:24:52.5738078Z (Reading database ... 35%
2025-08-21T07:24:52.5738535Z (Reading database ... 40%
2025-08-21T07:24:52.5739007Z (Reading database ... 45%
2025-08-21T07:24:52.5739581Z (Reading database ... 50%
2025-08-21T07:24:52.5740927Z (Reading database ... 55%
2025-08-21T07:24:52.5741716Z (Reading database ... 60%
2025-08-21T07:24:52.5742167Z (Reading database ... 65%
2025-08-21T07:24:52.5742508Z (Reading database ... 70%
2025-08-21T07:24:52.5742838Z (Reading database ... 75%
2025-08-21T07:24:52.5743145Z (Reading database ... 80%
2025-08-21T07:24:52.5743474Z (Reading database ... 85%
2025-08-21T07:24:52.5743796Z (Reading database ... 90%
2025-08-21T07:24:52.5744125Z (Reading database ... 95%
2025-08-21T07:24:52.5744462Z (Reading database ... 100%
2025-08-21T07:24:52.5744953Z (Reading database ... 5643 files and directories currently installed.)
2025-08-21T07:24:52.5745662Z #12 3.615 Preparing to unpack .../00-sensible-utils_0.0.25_all.deb ...
2025-08-21T07:24:52.5746240Z #12 3.617 Unpacking sensible-utils (0.0.25) ...
2025-08-21T07:24:52.7477562Z #12 3.638 Selecting previously unselected package perl-modules-5.40.
2025-08-21T07:24:52.7478401Z #12 3.640 Preparing to unpack .../01-perl-modules-5.40_5.40.1-6_all.deb ...
2025-08-21T07:24:52.7479043Z #12 3.642 Unpacking perl-modules-5.40 (5.40.1-6) ...
2025-08-21T07:24:52.8872791Z #12 3.931 Selecting previously unselected package libgdbm-compat4t64:amd64.
2025-08-21T07:24:53.0433181Z #12 3.933 Preparing to unpack .../02-libgdbm-compat4t64_1.24-2_amd64.deb ...
2025-08-21T07:24:53.0433948Z #12 3.936 Unpacking libgdbm-compat4t64:amd64 (1.24-2) ...
2025-08-21T07:24:53.0434574Z #12 3.955 Selecting previously unselected package libperl5.40:amd64.
2025-08-21T07:24:53.0435261Z #12 3.957 Preparing to unpack .../03-libperl5.40_5.40.1-6_amd64.deb ...
2025-08-21T07:24:53.0435949Z #12 3.958 Unpacking libperl5.40:amd64 (5.40.1-6) ...
2025-08-21T07:24:53.1447341Z #12 4.187 Selecting previously unselected package perl.
2025-08-21T07:24:53.1448057Z #12 4.189 Preparing to unpack .../04-perl_5.40.1-6_amd64.deb ...
2025-08-21T07:24:53.2500115Z #12 4.191 Unpacking perl (5.40.1-6) ...
2025-08-21T07:24:53.2500733Z #12 4.219 Selecting previously unselected package libbrotli1:amd64.
2025-08-21T07:24:53.2501431Z #12 4.220 Preparing to unpack .../05-libbrotli1_1.1.0-2+b7_amd64.deb ...
2025-08-21T07:24:53.2502042Z #12 4.221 Unpacking libbrotli1:amd64 (1.1.0-2+b7) ...
2025-08-21T07:24:53.2502616Z #12 4.253 Selecting previously unselected package libkrb5support0:amd64.
2025-08-21T07:24:53.2503548Z #12 4.254 Preparing to unpack .../06-libkrb5support0_1.21.3-5_amd64.deb ...
2025-08-21T07:24:53.2503941Z #12 4.256 Unpacking libkrb5support0:amd64 (1.21.3-5) ...
2025-08-21T07:24:53.2504301Z #12 4.275 Selecting previously unselected package libcom-err2:amd64.
2025-08-21T07:24:53.2504685Z #12 4.276 Preparing to unpack .../07-libcom-err2_1.47.2-3+b3_amd64.deb ...
2025-08-21T07:24:53.2505048Z #12 4.277 Unpacking libcom-err2:amd64 (1.47.2-3+b3) ...
2025-08-21T07:24:53.2505394Z #12 4.295 Selecting previously unselected package libk5crypto3:amd64.
2025-08-21T07:24:53.3563098Z #12 4.296 Preparing to unpack .../08-libk5crypto3_1.21.3-5_amd64.deb ...
2025-08-21T07:24:53.3563811Z #12 4.298 Unpacking libk5crypto3:amd64 (1.21.3-5) ...
2025-08-21T07:24:53.3564485Z #12 4.319 Selecting previously unselected package libkeyutils1:amd64.
2025-08-21T07:24:53.3565249Z #12 4.320 Preparing to unpack .../09-libkeyutils1_1.6.3-6_amd64.deb ...
2025-08-21T07:24:53.3565918Z #12 4.321 Unpacking libkeyutils1:amd64 (1.6.3-6) ...
2025-08-21T07:24:53.3567059Z #12 4.338 Selecting previously unselected package libkrb5-3:amd64.
2025-08-21T07:24:53.3567929Z #12 4.340 Preparing to unpack .../10-libkrb5-3_1.21.3-5_amd64.deb ...
2025-08-21T07:24:53.3568543Z #12 4.341 Unpacking libkrb5-3:amd64 (1.21.3-5) ...
2025-08-21T07:24:53.3569179Z #12 4.374 Selecting previously unselected package libgssapi-krb5-2:amd64.
2025-08-21T07:24:53.3569983Z #12 4.376 Preparing to unpack .../11-libgssapi-krb5-2_1.21.3-5_amd64.deb ...
2025-08-21T07:24:53.3570646Z #12 4.377 Unpacking libgssapi-krb5-2:amd64 (1.21.3-5) ...
2025-08-21T07:24:53.3571309Z #12 4.401 Selecting previously unselected package libunistring5:amd64.
2025-08-21T07:24:53.4710226Z #12 4.403 Preparing to unpack .../12-libunistring5_1.3-2_amd64.deb ...
2025-08-21T07:24:53.4713063Z #12 4.404 Unpacking libunistring5:amd64 (1.3-2) ...
2025-08-21T07:24:53.4714469Z #12 4.446 Selecting previously unselected package libidn2-0:amd64.
2025-08-21T07:24:53.4715673Z #12 4.448 Preparing to unpack .../13-libidn2-0_2.3.8-2_amd64.deb ...
2025-08-21T07:24:53.4716144Z #12 4.449 Unpacking libidn2-0:amd64 (2.3.8-2) ...
2025-08-21T07:24:53.4716658Z #12 4.469 Selecting previously unselected package libsasl2-modules-db:amd64.
2025-08-21T07:24:53.4717845Z #12 4.471 Preparing to unpack .../14-libsasl2-modules-db_2.1.28+dfsg1-9_amd64.deb ...
2025-08-21T07:24:53.4718463Z #12 4.472 Unpacking libsasl2-modules-db:amd64 (2.1.28+dfsg1-9) ...
2025-08-21T07:24:53.4719017Z #12 4.488 Selecting previously unselected package libsasl2-2:amd64.
2025-08-21T07:24:53.4719587Z #12 4.489 Preparing to unpack .../15-libsasl2-2_2.1.28+dfsg1-9_amd64.deb ...
2025-08-21T07:24:53.4720098Z #12 4.490 Unpacking libsasl2-2:amd64 (2.1.28+dfsg1-9) ...
2025-08-21T07:24:53.4720586Z #12 4.515 Selecting previously unselected package libldap2:amd64.
2025-08-21T07:24:53.6050322Z #12 4.517 Preparing to unpack .../16-libldap2_2.6.10+dfsg-1_amd64.deb ...
2025-08-21T07:24:53.6051259Z #12 4.518 Unpacking libldap2:amd64 (2.6.10+dfsg-1) ...
2025-08-21T07:24:53.6052171Z #12 4.543 Selecting previously unselected package libnghttp2-14:amd64.
2025-08-21T07:24:53.6053159Z #12 4.545 Preparing to unpack .../17-libnghttp2-14_1.64.0-1.1_amd64.deb ...
2025-08-21T07:24:53.6053962Z #12 4.546 Unpacking libnghttp2-14:amd64 (1.64.0-1.1) ...
2025-08-21T07:24:53.6054752Z #12 4.567 Selecting previously unselected package libnghttp3-9:amd64.
2025-08-21T07:24:53.6056157Z #12 4.569 Preparing to unpack .../18-libnghttp3-9_1.8.0-1_amd64.deb ...
2025-08-21T07:24:53.6057027Z #12 4.571 Unpacking libnghttp3-9:amd64 (1.8.0-1) ...
2025-08-21T07:24:53.6058403Z #12 4.591 Selecting previously unselected package libpsl5t64:amd64.
2025-08-21T07:24:53.6059255Z #12 4.593 Preparing to unpack .../19-libpsl5t64_0.21.2-1.1+b1_amd64.deb ...
2025-08-21T07:24:53.6059930Z #12 4.594 Unpacking libpsl5t64:amd64 (0.21.2-1.1+b1) ...
2025-08-21T07:24:53.6063318Z #12 4.612 Selecting previously unselected package libp11-kit0:amd64.
2025-08-21T07:24:53.6064333Z #12 4.613 Preparing to unpack .../20-libp11-kit0_0.25.5-3_amd64.deb ...
2025-08-21T07:24:53.6064934Z #12 4.615 Unpacking libp11-kit0:amd64 (0.25.5-3) ...
2025-08-21T07:24:53.6065523Z #12 4.649 Selecting previously unselected package libtasn1-6:amd64.
2025-08-21T07:24:53.7088392Z #12 4.651 Preparing to unpack .../21-libtasn1-6_4.20.0-2_amd64.deb ...
2025-08-21T07:24:53.7089560Z #12 4.652 Unpacking libtasn1-6:amd64 (4.20.0-2) ...
2025-08-21T07:24:53.7090210Z #12 4.671 Selecting previously unselected package libgnutls30t64:amd64.
2025-08-21T07:24:53.7090909Z #12 4.673 Preparing to unpack .../22-libgnutls30t64_3.8.9-3_amd64.deb ...
2025-08-21T07:24:53.7091495Z #12 4.674 Unpacking libgnutls30t64:amd64 (3.8.9-3) ...
2025-08-21T07:24:53.7092075Z #12 4.731 Selecting previously unselected package librtmp1:amd64.
2025-08-21T07:24:53.7092795Z #12 4.733 Preparing to unpack .../23-librtmp1_2.4+20151223.gitfa8646d.1-2+b5_amd64.deb ...
2025-08-21T07:24:53.7093598Z #12 4.734 Unpacking librtmp1:amd64 (2.4+20151223.gitfa8646d.1-2+b5) ...
2025-08-21T07:24:53.7094699Z #12 4.753 Selecting previously unselected package libssh2-1t64:amd64.
2025-08-21T07:24:53.8133051Z #12 4.755 Preparing to unpack .../24-libssh2-1t64_1.11.1-1_amd64.deb ...
2025-08-21T07:24:53.8135163Z #12 4.756 Unpacking libssh2-1t64:amd64 (1.11.1-1) ...
2025-08-21T07:24:53.8135890Z #12 4.780 Selecting previously unselected package libcurl4t64:amd64.
2025-08-21T07:24:53.8136637Z #12 4.781 Preparing to unpack .../25-libcurl4t64_8.14.1-2_amd64.deb ...
2025-08-21T07:24:53.8137347Z #12 4.783 Unpacking libcurl4t64:amd64 (8.14.1-2) ...
2025-08-21T07:24:53.8137900Z #12 4.814 Selecting previously unselected package curl.
2025-08-21T07:24:53.8138547Z #12 4.816 Preparing to unpack .../26-curl_8.14.1-2_amd64.deb ...
2025-08-21T07:24:53.8139229Z #12 4.817 Unpacking curl (8.14.1-2) ...
2025-08-21T07:24:53.8139756Z #12 4.841 Selecting previously unselected package libpq5:amd64.
2025-08-21T07:24:53.8140348Z #12 4.843 Preparing to unpack .../27-libpq5_17.5-1_amd64.deb ...
2025-08-21T07:24:53.8140857Z #12 4.844 Unpacking libpq5:amd64 (17.5-1) ...
2025-08-21T07:24:53.9221310Z #12 4.874 Selecting previously unselected package postgresql-client-common.
2025-08-21T07:24:53.9222232Z #12 4.878 Preparing to unpack .../28-postgresql-client-common_278_all.deb ...
2025-08-21T07:24:53.9222884Z #12 4.885 Unpacking postgresql-client-common (278) ...
2025-08-21T07:24:53.9223541Z #12 4.910 Selecting previously unselected package postgresql-client-17.
2025-08-21T07:24:53.9224315Z #12 4.912 Preparing to unpack .../29-postgresql-client-17_17.5-1_amd64.deb ...
2025-08-21T07:24:53.9224964Z #12 4.913 Unpacking postgresql-client-17 (17.5-1) ...
2025-08-21T07:24:54.0261864Z #12 5.025 Selecting previously unselected package postgresql-client.
2025-08-21T07:24:54.0263216Z #12 5.026 Preparing to unpack .../30-postgresql-client_17+278_all.deb ...
2025-08-21T07:24:54.0263912Z #12 5.027 Unpacking postgresql-client (17+278) ...
2025-08-21T07:24:54.0264480Z #12 5.052 Setting up libkeyutils1:amd64 (1.6.3-6) ...
2025-08-21T07:24:54.0264858Z #12 5.055 Setting up libgdbm-compat4t64:amd64 (1.24-2) ...
2025-08-21T07:24:54.0265294Z #12 5.058 Setting up libbrotli1:amd64 (1.1.0-2+b7) ...
2025-08-21T07:24:54.0265615Z #12 5.060 Setting up libnghttp2-14:amd64 (1.64.0-1.1) ...
2025-08-21T07:24:54.0265933Z #12 5.071 Setting up libcom-err2:amd64 (1.47.2-3+b3) ...
2025-08-21T07:24:54.2606839Z #12 5.074 Setting up libkrb5support0:amd64 (1.21.3-5) ...
2025-08-21T07:24:54.2608724Z #12 5.077 Setting up libsasl2-modules-db:amd64 (2.1.28+dfsg1-9) ...
2025-08-21T07:24:54.2609373Z #12 5.080 Setting up libp11-kit0:amd64 (0.25.5-3) ...
2025-08-21T07:24:54.2609899Z #12 5.082 Setting up libunistring5:amd64 (1.3-2) ...
2025-08-21T07:24:54.2610386Z #12 5.085 Setting up libk5crypto3:amd64 (1.21.3-5) ...
2025-08-21T07:24:54.2610926Z #12 5.088 Setting up libsasl2-2:amd64 (2.1.28+dfsg1-9) ...
2025-08-21T07:24:54.2611458Z #12 5.091 Setting up libnghttp3-9:amd64 (1.8.0-1) ...
2025-08-21T07:24:54.2611979Z #12 5.094 Setting up perl-modules-5.40 (5.40.1-6) ...
2025-08-21T07:24:54.2612495Z #12 5.096 Setting up sensible-utils (0.0.25) ...
2025-08-21T07:24:54.2613008Z #12 5.099 Setting up libtasn1-6:amd64 (4.20.0-2) ...
2025-08-21T07:24:54.2613504Z #12 5.101 Setting up libkrb5-3:amd64 (1.21.3-5) ...
2025-08-21T07:24:54.2614007Z #12 5.105 Setting up libssh2-1t64:amd64 (1.11.1-1) ...
2025-08-21T07:24:54.2614546Z #12 5.108 Setting up libldap2:amd64 (2.6.10+dfsg-1) ...
2025-08-21T07:24:54.2615044Z #12 5.112 Setting up libidn2-0:amd64 (2.3.8-2) ...
2025-08-21T07:24:54.2615547Z #12 5.115 Setting up libperl5.40:amd64 (5.40.1-6) ...
2025-08-21T07:24:54.2616010Z #12 5.118 Setting up perl (5.40.1-6) ...
2025-08-21T07:24:54.2616504Z #12 5.125 Setting up libgssapi-krb5-2:amd64 (1.21.3-5) ...
2025-08-21T07:24:54.2617063Z #12 5.129 Setting up libgnutls30t64:amd64 (3.8.9-3) ...
2025-08-21T07:24:54.2617860Z #12 5.132 Setting up postgresql-client-common (278) ...
2025-08-21T07:24:54.2618417Z #12 5.140 Setting up libpsl5t64:amd64 (0.21.2-1.1+b1) ...
2025-08-21T07:24:54.2618938Z #12 5.145 Setting up libpq5:amd64 (17.5-1) ...
2025-08-21T07:24:54.2619797Z #12 5.149 Setting up librtmp1:amd64 (2.4+20151223.gitfa8646d.1-2+b5) ...
2025-08-21T07:24:54.2620391Z #12 5.152 Setting up libcurl4t64:amd64 (8.14.1-2) ...
2025-08-21T07:24:54.2620923Z #12 5.155 Setting up postgresql-client-17 (17.5-1) ...
2025-08-21T07:24:54.4863832Z #12 5.531 update-alternatives: using /usr/share/postgresql/17/man/man1/psql.1.gz to provide /usr/share/man/man1/psql.1.gz (psql.1.gz) in auto mode
2025-08-21T07:24:54.6220211Z #12 5.570 Setting up curl (8.14.1-2) ...
2025-08-21T07:24:54.6221787Z #12 5.572 Setting up postgresql-client (17+278) ...
2025-08-21T07:24:54.6224033Z #12 5.576 Processing triggers for libc-bin (2.41-12) ...
2025-08-21T07:24:54.6228287Z #12 5.604 + rm -rf /var/lib/apt/lists/auxfiles /var/lib/apt/lists/deb.debian.org_debian-security_dists_trixie-security_InRelease /var/lib/apt/lists/deb.debian.org_debian-security_dists_trixie-security_main_binary-amd64_Packages.lz4 /var/lib/apt/lists/deb.debian.org_debian_dists_trixie-updates_InRelease /var/lib/apt/lists/deb.debian.org_debian_dists_trixie-updates_main_binary-amd64_Packages.lz4 /var/lib/apt/lists/deb.debian.org_debian_dists_trixie_InRelease /var/lib/apt/lists/deb.debian.org_debian_dists_trixie_main_binary-amd64_Packages.lz4 /var/lib/apt/lists/lock /var/lib/apt/lists/partial
2025-08-21T07:24:54.6232104Z #12 DONE 5.7s
2025-08-21T07:24:54.6232316Z 
2025-08-21T07:24:54.6232597Z #13 [base  4/13] RUN pip install --no-cache-dir -r requirements.txt
2025-08-21T07:24:54.6234928Z #13 1.452 Collecting uvicorn==0.29.0 (from -r requirements.txt (line 1))
2025-08-21T07:24:54.6235713Z #13 1.501   Downloading uvicorn-0.29.0-py3-none-any.whl.metadata (6.3 kB)
2025-08-21T07:24:54.6236544Z #13 1.522 Collecting pydantic-settings==2.2.1 (from -r requirements.txt (line 2))
2025-08-21T07:24:54.6237628Z #13 1.532   Downloading pydantic_settings-2.2.1-py3-none-any.whl.metadata (3.1 kB)
2025-08-21T07:24:54.6238474Z #13 1.578 Collecting fastapi==0.111.0 (from -r requirements.txt (line 3))
2025-08-21T07:24:54.6239251Z #13 1.588   Downloading fastapi-0.111.0-py3-none-any.whl.metadata (25 kB)
2025-08-21T07:24:54.6240027Z #13 1.834 Collecting sqlalchemy==2.0.29 (from -r requirements.txt (line 4))
2025-08-21T07:24:54.6241023Z #13 1.846   Downloading SQLAlchemy-2.0.29-cp312-cp312-manylinux_2_17_x86_64.manylinux2014_x86_64.whl.metadata (9.6 kB)
2025-08-21T07:24:54.6242009Z #13 1.886 Collecting alembic==1.13.1 (from -r requirements.txt (line 5))
2025-08-21T07:24:54.6243178Z #13 1.897   Downloading alembic-1.13.1-py3-none-any.whl.metadata (7.4 kB)
2025-08-21T07:24:54.6244102Z #13 1.918 Collecting psycopg==3.2.9 (from psycopg[binary]==3.2.9->-r requirements.txt (line 6))
2025-08-21T07:24:54.6244967Z #13 1.928   Downloading psycopg-3.2.9-py3-none-any.whl.metadata (4.5 kB)
2025-08-21T07:24:54.6245711Z #13 1.954 Collecting httpx==0.27.2 (from -r requirements.txt (line 7))
2025-08-21T07:24:54.6246432Z #13 1.964   Downloading httpx-0.27.2-py3-none-any.whl.metadata (7.1 kB)
2025-08-21T07:24:54.6247374Z #13 2.004 Collecting asyncpg==0.29.0 (from -r requirements.txt (line 8))
2025-08-21T07:24:54.6248348Z #13 2.015   Downloading asyncpg-0.29.0-cp312-cp312-manylinux_2_17_x86_64.manylinux2014_x86_64.whl.metadata (4.4 kB)
2025-08-21T07:24:54.6249322Z #13 2.265 Collecting boto3==1.34.162 (from -r requirements.txt (line 9))
2025-08-21T07:24:54.6250047Z #13 2.275   Downloading boto3-1.34.162-py3-none-any.whl.metadata (6.6 kB)
2025-08-21T07:24:54.6250794Z #13 2.295 Collecting Jinja2==3.1.5 (from -r requirements.txt (line 10))
2025-08-21T07:24:54.6251515Z #13 2.305   Downloading jinja2-3.1.5-py3-none-any.whl.metadata (2.6 kB)
2025-08-21T07:24:54.6252222Z #13 2.348 Collecting celery==5.3.* (from -r requirements.txt (line 11))
2025-08-21T07:24:54.6252943Z #13 2.358   Downloading celery-5.3.6-py3-none-any.whl.metadata (21 kB)
2025-08-21T07:24:54.6253682Z #13 2.402 Collecting structlog==24.1.0 (from -r requirements.txt (line 12))
2025-08-21T07:24:54.6254464Z #13 2.415   Downloading structlog-24.1.0-py3-none-any.whl.metadata (6.9 kB)
2025-08-21T07:24:54.6255577Z #13 2.439 Collecting asgi-correlation-id==4.3.1 (from -r requirements.txt (line 13))
2025-08-21T07:24:54.6256451Z #13 2.452   Downloading asgi_correlation_id-4.3.1-py3-none-any.whl.metadata (28 kB)
2025-08-21T07:24:54.6257506Z #13 2.470 Collecting fastapi-limiter==0.1.6 (from -r requirements.txt (line 14))
2025-08-21T07:24:54.6258363Z #13 2.480   Downloading fastapi_limiter-0.1.6-py3-none-any.whl.metadata (5.3 kB)
2025-08-21T07:24:54.6259161Z #13 2.509 Collecting redis==5.0.8 (from -r requirements.txt (line 15))
2025-08-21T07:24:54.6259873Z #13 2.520   Downloading redis-5.0.8-py3-none-any.whl.metadata (9.2 kB)
2025-08-21T07:24:54.6260856Z #13 2.572 Collecting sentry-sdk==2.9.0 (from sentry-sdk[celery,fastapi,sqlalchemy]==2.9.0->-r requirements.txt (line 16))
2025-08-21T07:24:54.6261881Z #13 2.582   Downloading sentry_sdk-2.9.0-py2.py3-none-any.whl.metadata (14 kB)
2025-08-21T07:24:54.6262700Z #13 2.652 Collecting click>=7.0 (from uvicorn==0.29.0->-r requirements.txt (line 1))
2025-08-21T07:24:54.6263492Z #13 2.661   Downloading click-8.2.1-py3-none-any.whl.metadata (2.5 kB)
2025-08-21T07:24:54.6264235Z #13 2.676 Collecting h11>=0.8 (from uvicorn==0.29.0->-r requirements.txt (line 1))
2025-08-21T07:24:54.6264970Z #13 2.686   Downloading h11-0.16.0-py3-none-any.whl.metadata (8.3 kB)
2025-08-21T07:24:54.6265797Z #13 2.779 Collecting pydantic>=2.3.0 (from pydantic-settings==2.2.1->-r requirements.txt (line 2))
2025-08-21T07:24:54.6266698Z #13 2.789   Downloading pydantic-2.11.7-py3-none-any.whl.metadata (67 kB)
2025-08-21T07:24:54.6267819Z #13 2.818 Collecting python-dotenv>=0.21.0 (from pydantic-settings==2.2.1->-r requirements.txt (line 2))
2025-08-21T07:24:54.6268763Z #13 2.828   Downloading python_dotenv-1.1.1-py3-none-any.whl.metadata (24 kB)
2025-08-21T07:24:54.6269655Z #13 2.861 Collecting starlette<0.38.0,>=0.37.2 (from fastapi==0.111.0->-r requirements.txt (line 3))
2025-08-21T07:24:54.6270521Z #13 2.871   Downloading starlette-0.37.2-py3-none-any.whl.metadata (5.9 kB)
2025-08-21T07:24:54.6271435Z #13 2.921 Collecting typing-extensions>=4.8.0 (from fastapi==0.111.0->-r requirements.txt (line 3))
2025-08-21T07:24:54.6272388Z #13 2.931   Downloading typing_extensions-4.14.1-py3-none-any.whl.metadata (3.0 kB)
2025-08-21T07:24:54.6273275Z #13 2.945 Collecting fastapi-cli>=0.0.2 (from fastapi==0.111.0->-r requirements.txt (line 3))
2025-08-21T07:24:54.6274121Z #13 2.956   Downloading fastapi_cli-0.0.8-py3-none-any.whl.metadata (6.3 kB)
2025-08-21T07:24:54.6275213Z #13 2.979 Collecting python-multipart>=0.0.7 (from fastapi==0.111.0->-r requirements.txt (line 3))
2025-08-21T07:24:54.6276174Z #13 2.989   Downloading python_multipart-0.0.20-py3-none-any.whl.metadata (1.8 kB)
2025-08-21T07:24:54.6277367Z #13 3.042 Collecting ujson!=4.0.2,!=4.1.0,!=4.2.0,!=4.3.0,!=5.0.0,!=5.1.0,>=4.0.1 (from fastapi==0.111.0->-r requirements.txt (line 3))
2025-08-21T07:24:54.6278488Z #13 3.055   Downloading ujson-5.11.0-cp312-cp312-manylinux_2_24_x86_64.manylinux_2_28_x86_64.whl.metadata (9.4 kB)
2025-08-21T07:24:54.6279502Z #13 3.244 Collecting orjson>=3.2.1 (from fastapi==0.111.0->-r requirements.txt (line 3))
2025-08-21T07:24:54.6280513Z #13 3.254   Downloading orjson-3.11.2-cp312-cp312-manylinux_2_17_x86_64.manylinux2014_x86_64.whl.metadata (1.2 kB)
2025-08-21T07:24:54.6281567Z #13 3.271 Collecting email_validator>=2.0.0 (from fastapi==0.111.0->-r requirements.txt (line 3))
2025-08-21T07:24:54.6282486Z #13 3.282   Downloading email_validator-2.2.0-py3-none-any.whl.metadata (25 kB)
2025-08-21T07:24:54.6283364Z #13 3.392 Collecting greenlet!=0.4.17 (from sqlalchemy==2.0.29->-r requirements.txt (line 4))
2025-08-21T07:24:54.6284417Z #13 3.403   Downloading greenlet-3.2.4-cp312-cp312-manylinux_2_24_x86_64.manylinux_2_28_x86_64.whl.metadata (4.1 kB)
2025-08-21T07:24:54.6285390Z #13 3.436 Collecting Mako (from alembic==1.13.1->-r requirements.txt (line 5))
2025-08-21T07:24:54.6286136Z #13 3.446   Downloading mako-1.3.10-py3-none-any.whl.metadata (2.9 kB)
2025-08-21T07:24:54.6286862Z #13 3.474 Collecting anyio (from httpx==0.27.2->-r requirements.txt (line 7))
2025-08-21T07:24:54.6288018Z #13 3.483   Downloading anyio-4.10.0-py3-none-any.whl.metadata (4.0 kB)
2025-08-21T07:24:54.6288791Z #13 3.505 Collecting certifi (from httpx==0.27.2->-r requirements.txt (line 7))
2025-08-21T07:24:54.6289578Z #13 3.515   Downloading certifi-2025.8.3-py3-none-any.whl.metadata (2.4 kB)
2025-08-21T07:24:54.6290385Z #13 3.538 Collecting httpcore==1.* (from httpx==0.27.2->-r requirements.txt (line 7))
2025-08-21T07:24:54.6291186Z #13 3.549   Downloading httpcore-1.0.9-py3-none-any.whl.metadata (21 kB)
2025-08-21T07:24:54.6291944Z #13 3.570 Collecting idna (from httpx==0.27.2->-r requirements.txt (line 7))
2025-08-21T07:24:54.6292666Z #13 3.580   Downloading idna-3.10-py3-none-any.whl.metadata (10 kB)
2025-08-21T07:24:54.6293388Z #13 3.595 Collecting sniffio (from httpx==0.27.2->-r requirements.txt (line 7))
2025-08-21T07:24:54.6294156Z #13 3.606   Downloading sniffio-1.3.1-py3-none-any.whl.metadata (3.9 kB)
2025-08-21T07:24:54.6294997Z #13 4.076 Collecting botocore<1.35.0,>=1.34.162 (from boto3==1.34.162->-r requirements.txt (line 9))
2025-08-21T07:24:54.6295887Z #13 4.086   Downloading botocore-1.34.162-py3-none-any.whl.metadata (5.7 kB)
2025-08-21T07:24:54.6296723Z #13 4.103 Collecting jmespath<2.0.0,>=0.7.1 (from boto3==1.34.162->-r requirements.txt (line 9))
2025-08-21T07:24:54.6297790Z #13 4.113   Downloading jmespath-1.0.1-py3-none-any.whl.metadata (7.6 kB)
2025-08-21T07:24:54.6298655Z #13 4.134 Collecting s3transfer<0.11.0,>=0.10.0 (from boto3==1.34.162->-r requirements.txt (line 9))
2025-08-21T07:24:54.6299514Z #13 4.144   Downloading s3transfer-0.10.4-py3-none-any.whl.metadata (1.7 kB)
2025-08-21T07:24:54.6300350Z #13 4.201 Collecting MarkupSafe>=2.0 (from Jinja2==3.1.5->-r requirements.txt (line 10))
2025-08-21T07:24:54.6301387Z #13 4.211   Downloading MarkupSafe-3.0.2-cp312-cp312-manylinux_2_17_x86_64.manylinux2014_x86_64.whl.metadata (4.0 kB)
2025-08-21T07:24:54.6302438Z #13 4.237 Collecting billiard<5.0,>=4.2.0 (from celery==5.3.*->-r requirements.txt (line 11))
2025-08-21T07:24:54.6303268Z #13 4.247   Downloading billiard-4.2.1-py3-none-any.whl.metadata (4.4 kB)
2025-08-21T07:24:54.6304122Z #13 4.263 Collecting click-didyoumean>=0.3.0 (from celery==5.3.*->-r requirements.txt (line 11))
2025-08-21T07:24:54.6305030Z #13 4.273   Downloading click_didyoumean-0.3.1-py3-none-any.whl.metadata (3.9 kB)
2025-08-21T07:24:54.6306111Z #13 4.289 Collecting click-plugins>=1.1.1 (from celery==5.3.*->-r requirements.txt (line 11))
2025-08-21T07:24:54.6307038Z #13 4.299   Downloading click_plugins-1.1.1.2-py2.py3-none-any.whl.metadata (6.5 kB)
2025-08-21T07:24:54.6308121Z #13 4.316 Collecting click-repl>=0.2.0 (from celery==5.3.*->-r requirements.txt (line 11))
2025-08-21T07:24:54.6308955Z #13 4.326   Downloading click_repl-0.3.0-py3-none-any.whl.metadata (3.6 kB)
2025-08-21T07:24:54.6309758Z #13 4.370 Collecting kombu<6.0,>=5.3.4 (from celery==5.3.*->-r requirements.txt (line 11))
2025-08-21T07:24:54.6310530Z #13 4.380   Downloading kombu-5.5.4-py3-none-any.whl.metadata (3.5 kB)
2025-08-21T07:24:54.6311370Z #13 4.409 Collecting python-dateutil>=2.8.2 (from celery==5.3.*->-r requirements.txt (line 11))
2025-08-21T07:24:54.6312310Z #13 4.420   Downloading python_dateutil-2.9.0.post0-py2.py3-none-any.whl.metadata (8.4 kB)
2025-08-21T07:24:54.6313210Z #13 4.440 Collecting tzdata>=2022.7 (from celery==5.3.*->-r requirements.txt (line 11))
2025-08-21T07:24:54.6314047Z #13 4.450   Downloading tzdata-2025.2-py2.py3-none-any.whl.metadata (1.4 kB)
2025-08-21T07:24:54.6314842Z #13 4.466 Collecting vine<6.0,>=5.1.0 (from celery==5.3.*->-r requirements.txt (line 11))
2025-08-21T07:24:54.6315604Z #13 4.477   Downloading vine-5.1.0-py3-none-any.whl.metadata (2.7 kB)
2025-08-21T07:24:54.6316656Z #13 4.543 Collecting urllib3>=1.26.11 (from sentry-sdk==2.9.0->sentry-sdk[celery,fastapi,sqlalchemy]==2.9.0->-r requirements.txt (line 16))
2025-08-21T07:24:54.6317880Z #13 4.554   Downloading urllib3-2.5.0-py3-none-any.whl.metadata (6.5 kB)
2025-08-21T07:24:54.6318772Z #13 4.697 Collecting psycopg-binary==3.2.9 (from psycopg[binary]==3.2.9->-r requirements.txt (line 6))
2025-08-21T07:24:54.6320141Z #13 4.708   Downloading psycopg_binary-3.2.9-cp312-cp312-manylinux_2_17_x86_64.manylinux2014_x86_64.whl.metadata (2.9 kB)
2025-08-21T07:24:54.6321342Z #13 4.836 Collecting prompt-toolkit>=3.0.36 (from click-repl>=0.2.0->celery==5.3.*->-r requirements.txt (line 11))
2025-08-21T07:24:54.6322333Z #13 4.846   Downloading prompt_toolkit-3.0.51-py3-none-any.whl.metadata (6.4 kB)
2025-08-21T07:24:54.6323318Z #13 4.870 Collecting dnspython>=2.0.0 (from email_validator>=2.0.0->fastapi==0.111.0->-r requirements.txt (line 3))
2025-08-21T07:24:54.6324275Z #13 4.882   Downloading dnspython-2.7.0-py3-none-any.whl.metadata (5.8 kB)
2025-08-21T07:24:54.6325179Z #13 4.916 Collecting typer>=0.15.1 (from fastapi-cli>=0.0.2->fastapi==0.111.0->-r requirements.txt (line 3))
2025-08-21T07:24:54.6326067Z #13 4.926   Downloading typer-0.16.1-py3-none-any.whl.metadata (15 kB)
2025-08-21T07:24:54.6326983Z #13 4.955 Collecting rich-toolkit>=0.14.8 (from fastapi-cli>=0.0.2->fastapi==0.111.0->-r requirements.txt (line 3))
2025-08-21T07:24:54.6328144Z #13 4.965   Downloading rich_toolkit-0.15.0-py3-none-any.whl.metadata (1.0 kB)
2025-08-21T07:24:54.6329032Z #13 4.994 Collecting amqp<6.0.0,>=5.1.1 (from kombu<6.0,>=5.3.4->celery==5.3.*->-r requirements.txt (line 11))
2025-08-21T07:24:54.6329879Z #13 5.005   Downloading amqp-5.3.1-py3-none-any.whl.metadata (8.9 kB)
2025-08-21T07:24:54.6330727Z #13 5.035 Collecting packaging (from kombu<6.0,>=5.3.4->celery==5.3.*->-r requirements.txt (line 11))
2025-08-21T07:24:54.6331591Z #13 5.045   Downloading packaging-25.0-py3-none-any.whl.metadata (3.3 kB)
2025-08-21T07:24:54.6332616Z #13 5.067 Collecting annotated-types>=0.6.0 (from pydantic>=2.3.0->pydantic-settings==2.2.1->-r requirements.txt (line 2))
2025-08-21T07:24:54.6333635Z #13 5.078   Downloading annotated_types-0.7.0-py3-none-any.whl.metadata (15 kB)
2025-08-21T07:24:54.7265432Z #13 5.686 Collecting pydantic-core==2.33.2 (from pydantic>=2.3.0->pydantic-settings==2.2.1->-r requirements.txt (line 2))
2025-08-21T07:24:54.7266718Z #13 5.696   Downloading pydantic_core-2.33.2-cp312-cp312-manylinux_2_17_x86_64.manylinux2014_x86_64.whl.metadata (6.8 kB)
2025-08-21T07:24:54.7268040Z #13 5.715 Collecting typing-inspection>=0.4.0 (from pydantic>=2.3.0->pydantic-settings==2.2.1->-r requirements.txt (line 2))
2025-08-21T07:24:54.7268960Z #13 5.725   Downloading typing_inspection-0.4.1-py3-none-any.whl.metadata (2.6 kB)
2025-08-21T07:24:54.7269547Z #13 5.749 Collecting six>=1.5 (from python-dateutil>=2.8.2->celery==5.3.*->-r requirements.txt (line 11))
2025-08-21T07:24:54.7270088Z #13 5.759   Downloading six-1.17.0-py2.py3-none-any.whl.metadata (1.7 kB)
2025-08-21T07:24:54.9631514Z #13 5.996 Collecting httptools>=0.5.0 (from uvicorn[standard]>=0.12.0->fastapi==0.111.0->-r requirements.txt (line 3))
2025-08-21T07:24:55.0638978Z #13 6.006   Downloading httptools-0.6.4-cp312-cp312-manylinux_2_5_x86_64.manylinux1_x86_64.manylinux_2_17_x86_64.manylinux2014_x86_64.whl.metadata (3.6 kB)
2025-08-21T07:24:55.0640740Z #13 6.041 Collecting pyyaml>=5.1 (from uvicorn[standard]>=0.12.0->fastapi==0.111.0->-r requirements.txt (line 3))
2025-08-21T07:24:55.0641685Z #13 6.051   Downloading PyYAML-6.0.2-cp312-cp312-manylinux_2_17_x86_64.manylinux2014_x86_64.whl.metadata (2.1 kB)
2025-08-21T07:24:55.0642646Z #13 6.087 Collecting uvloop!=0.15.0,!=0.15.1,>=0.14.0 (from uvicorn[standard]>=0.12.0->fastapi==0.111.0->-r requirements.txt (line 3))
2025-08-21T07:24:55.0643570Z #13 6.097   Downloading uvloop-0.21.0-cp312-cp312-manylinux_2_17_x86_64.manylinux2014_x86_64.whl.metadata (4.9 kB)
2025-08-21T07:24:55.1729234Z #13 6.205 Collecting watchfiles>=0.13 (from uvicorn[standard]>=0.12.0->fastapi==0.111.0->-r requirements.txt (line 3))
2025-08-21T07:24:55.2944528Z #13 6.216   Downloading watchfiles-1.1.0-cp312-cp312-manylinux_2_17_x86_64.manylinux2014_x86_64.whl.metadata (4.9 kB)
2025-08-21T07:24:55.2945820Z #13 6.287 Collecting websockets>=10.4 (from uvicorn[standard]>=0.12.0->fastapi==0.111.0->-r requirements.txt (line 3))
2025-08-21T07:24:55.2947860Z #13 6.297   Downloading websockets-15.0.1-cp312-cp312-manylinux_2_5_x86_64.manylinux1_x86_64.manylinux_2_17_x86_64.manylinux2014_x86_64.whl.metadata (6.8 kB)
2025-08-21T07:24:55.2949041Z #13 6.327 Collecting wcwidth (from prompt-toolkit>=3.0.36->click-repl>=0.2.0->celery==5.3.*->-r requirements.txt (line 11))
2025-08-21T07:24:55.4016483Z #13 6.337   Downloading wcwidth-0.2.13-py2.py3-none-any.whl.metadata (14 kB)
2025-08-21T07:24:55.4017793Z #13 6.382 Collecting rich>=13.7.1 (from rich-toolkit>=0.14.8->fastapi-cli>=0.0.2->fastapi==0.111.0->-r requirements.txt (line 3))
2025-08-21T07:24:55.4018668Z #13 6.393   Downloading rich-14.1.0-py3-none-any.whl.metadata (18 kB)
2025-08-21T07:24:55.4021116Z #13 6.424 Collecting shellingham>=1.3.0 (from typer>=0.15.1->fastapi-cli>=0.0.2->fastapi==0.111.0->-r requirements.txt (line 3))
2025-08-21T07:24:55.4025615Z #13 6.434   Downloading shellingham-1.5.4-py2.py3-none-any.whl.metadata (3.5 kB)
2025-08-21T07:24:55.5018795Z #13 6.486 Collecting markdown-it-py>=2.2.0 (from rich>=13.7.1->rich-toolkit>=0.14.8->fastapi-cli>=0.0.2->fastapi==0.111.0->-r requirements.txt (line 3))
2025-08-21T07:24:55.5019971Z #13 6.496   Downloading markdown_it_py-4.0.0-py3-none-any.whl.metadata (7.3 kB)
2025-08-21T07:24:55.5021104Z #13 6.524 Collecting pygments<3.0.0,>=2.13.0 (from rich>=13.7.1->rich-toolkit>=0.14.8->fastapi-cli>=0.0.2->fastapi==0.111.0->-r requirements.txt (line 3))
2025-08-21T07:24:55.5022268Z #13 6.534   Downloading pygments-2.19.2-py3-none-any.whl.metadata (2.5 kB)
2025-08-21T07:24:55.6265756Z #13 6.553 Collecting mdurl~=0.1 (from markdown-it-py>=2.2.0->rich>=13.7.1->rich-toolkit>=0.14.8->fastapi-cli>=0.0.2->fastapi==0.111.0->-r requirements.txt (line 3))
2025-08-21T07:24:55.6266993Z #13 6.564   Downloading mdurl-0.1.2-py3-none-any.whl.metadata (1.6 kB)
2025-08-21T07:24:55.6269543Z #13 6.586 Downloading uvicorn-0.29.0-py3-none-any.whl (60 kB)
2025-08-21T07:24:55.6270337Z #13 6.600 Downloading pydantic_settings-2.2.1-py3-none-any.whl (13 kB)
2025-08-21T07:24:55.6271141Z #13 6.611 Downloading fastapi-0.111.0-py3-none-any.whl (91 kB)
2025-08-21T07:24:55.6272093Z #13 6.623 Downloading SQLAlchemy-2.0.29-cp312-cp312-manylinux_2_17_x86_64.manylinux2014_x86_64.whl (3.2 MB)
2025-08-21T07:24:55.7325320Z #13 6.659    ━━━━━━━━━━━━━━━━━━━━━━━━━━━━━━━━━━━━━━━━ 3.2/3.2 MB 123.7 MB/s eta 0:00:00
2025-08-21T07:24:55.7325959Z #13 6.670 Downloading alembic-1.13.1-py3-none-any.whl (233 kB)
2025-08-21T07:24:55.7326965Z #13 6.680 Downloading psycopg-3.2.9-py3-none-any.whl (202 kB)
2025-08-21T07:24:55.7327823Z #13 6.691 Downloading httpx-0.27.2-py3-none-any.whl (76 kB)
2025-08-21T07:24:55.7328628Z #13 6.703 Downloading asyncpg-0.29.0-cp312-cp312-manylinux_2_17_x86_64.manylinux2014_x86_64.whl (3.3 MB)
2025-08-21T07:24:55.7329644Z #13 6.717    ━━━━━━━━━━━━━━━━━━━━━━━━━━━━━━━━━━━━━━━━ 3.3/3.3 MB 272.9 MB/s eta 0:00:00
2025-08-21T07:24:55.7330271Z #13 6.731 Downloading boto3-1.34.162-py3-none-any.whl (139 kB)
2025-08-21T07:24:55.7330876Z #13 6.742 Downloading jinja2-3.1.5-py3-none-any.whl (134 kB)
2025-08-21T07:24:55.7331483Z #13 6.753 Downloading celery-5.3.6-py3-none-any.whl (422 kB)
2025-08-21T07:24:55.7332083Z #13 6.765 Downloading structlog-24.1.0-py3-none-any.whl (65 kB)
2025-08-21T07:24:55.8347919Z #13 6.776 Downloading asgi_correlation_id-4.3.1-py3-none-any.whl (15 kB)
2025-08-21T07:24:55.8348906Z #13 6.786 Downloading fastapi_limiter-0.1.6-py3-none-any.whl (15 kB)
2025-08-21T07:24:55.8349596Z #13 6.799 Downloading redis-5.0.8-py3-none-any.whl (255 kB)
2025-08-21T07:24:55.8350210Z #13 6.810 Downloading sentry_sdk-2.9.0-py2.py3-none-any.whl (301 kB)
2025-08-21T07:24:55.8350830Z #13 6.822 Downloading httpcore-1.0.9-py3-none-any.whl (78 kB)
2025-08-21T07:24:55.8351664Z #13 6.832 Downloading psycopg_binary-3.2.9-cp312-cp312-manylinux_2_17_x86_64.manylinux2014_x86_64.whl (4.4 MB)
2025-08-21T07:24:55.8353092Z #13 6.857    ━━━━━━━━━━━━━━━━━━━━━━━━━━━━━━━━━━━━━━━━ 4.4/4.4 MB 186.8 MB/s eta 0:00:00
2025-08-21T07:24:55.8353604Z #13 6.868 Downloading billiard-4.2.1-py3-none-any.whl (86 kB)
2025-08-21T07:24:55.9399645Z #13 6.878 Downloading botocore-1.34.162-py3-none-any.whl (12.5 MB)
2025-08-21T07:24:55.9400810Z #13 6.931    ━━━━━━━━━━━━━━━━━━━━━━━━━━━━━━━━━━━━━━━━ 12.5/12.5 MB 251.8 MB/s eta 0:00:00
2025-08-21T07:24:55.9401399Z #13 6.941 Downloading click-8.2.1-py3-none-any.whl (102 kB)
2025-08-21T07:24:55.9402028Z #13 6.952 Downloading click_didyoumean-0.3.1-py3-none-any.whl (3.6 kB)
2025-08-21T07:24:55.9402776Z #13 6.963 Downloading click_plugins-1.1.1.2-py2.py3-none-any.whl (11 kB)
2025-08-21T07:24:55.9403291Z #13 6.973 Downloading click_repl-0.3.0-py3-none-any.whl (10 kB)
2025-08-21T07:24:56.0470416Z #13 6.982 Downloading email_validator-2.2.0-py3-none-any.whl (33 kB)
2025-08-21T07:24:56.0471190Z #13 6.992 Downloading fastapi_cli-0.0.8-py3-none-any.whl (10 kB)
2025-08-21T07:24:56.0472015Z #13 7.002 Downloading greenlet-3.2.4-cp312-cp312-manylinux_2_24_x86_64.manylinux_2_28_x86_64.whl (607 kB)
2025-08-21T07:24:56.0473193Z #13 7.005    ━━━━━━━━━━━━━━━━━━━━━━━━━━━━━━━━━━━━━━━ 607.6/607.6 kB 584.1 MB/s eta 0:00:00
2025-08-21T07:24:56.0473710Z #13 7.019 Downloading h11-0.16.0-py3-none-any.whl (37 kB)
2025-08-21T07:24:56.0474056Z #13 7.029 Downloading idna-3.10-py3-none-any.whl (70 kB)
2025-08-21T07:24:56.0474405Z #13 7.039 Downloading jmespath-1.0.1-py3-none-any.whl (20 kB)
2025-08-21T07:24:56.0474765Z #13 7.049 Downloading kombu-5.5.4-py3-none-any.whl (210 kB)
2025-08-21T07:24:56.0475113Z #13 7.059 Downloading vine-5.1.0-py3-none-any.whl (9.6 kB)
2025-08-21T07:24:56.0475611Z #13 7.070 Downloading MarkupSafe-3.0.2-cp312-cp312-manylinux_2_17_x86_64.manylinux2014_x86_64.whl (23 kB)
2025-08-21T07:24:56.0476210Z #13 7.080 Downloading orjson-3.11.2-cp312-cp312-manylinux_2_17_x86_64.manylinux2014_x86_64.whl (121 kB)
2025-08-21T07:24:56.1565391Z #13 7.090 Downloading pydantic-2.11.7-py3-none-any.whl (444 kB)
2025-08-21T07:24:56.1567031Z #13 7.101 Downloading pydantic_core-2.33.2-cp312-cp312-manylinux_2_17_x86_64.manylinux2014_x86_64.whl (2.0 MB)
2025-08-21T07:24:56.1568661Z #13 7.109    ━━━━━━━━━━━━━━━━━━━━━━━━━━━━━━━━━━━━━━━━ 2.0/2.0 MB 299.1 MB/s eta 0:00:00
2025-08-21T07:24:56.1569429Z #13 7.119 Downloading python_dateutil-2.9.0.post0-py2.py3-none-any.whl (229 kB)
2025-08-21T07:24:56.1570234Z #13 7.130 Downloading python_dotenv-1.1.1-py3-none-any.whl (20 kB)
2025-08-21T07:24:56.1570971Z #13 7.140 Downloading python_multipart-0.0.20-py3-none-any.whl (24 kB)
2025-08-21T07:24:56.1589981Z #13 7.150 Downloading s3transfer-0.10.4-py3-none-any.whl (83 kB)
2025-08-21T07:24:56.1590641Z #13 7.160 Downloading starlette-0.37.2-py3-none-any.whl (71 kB)
2025-08-21T07:24:56.1591179Z #13 7.170 Downloading anyio-4.10.0-py3-none-any.whl (107 kB)
2025-08-21T07:24:56.1591527Z #13 7.180 Downloading sniffio-1.3.1-py3-none-any.whl (10 kB)
2025-08-21T07:24:56.1591908Z #13 7.189 Downloading typing_extensions-4.14.1-py3-none-any.whl (43 kB)
2025-08-21T07:24:56.2645136Z #13 7.199 Downloading tzdata-2025.2-py2.py3-none-any.whl (347 kB)
2025-08-21T07:24:56.2646101Z #13 7.211 Downloading ujson-5.11.0-cp312-cp312-manylinux_2_24_x86_64.manylinux_2_28_x86_64.whl (57 kB)
2025-08-21T07:24:56.2646999Z #13 7.221 Downloading urllib3-2.5.0-py3-none-any.whl (129 kB)
2025-08-21T07:24:56.2647911Z #13 7.235 Downloading certifi-2025.8.3-py3-none-any.whl (161 kB)
2025-08-21T07:24:56.2648538Z #13 7.245 Downloading mako-1.3.10-py3-none-any.whl (78 kB)
2025-08-21T07:24:56.2649099Z #13 7.255 Downloading amqp-5.3.1-py3-none-any.whl (50 kB)
2025-08-21T07:24:56.2649746Z #13 7.265 Downloading annotated_types-0.7.0-py3-none-any.whl (13 kB)
2025-08-21T07:24:56.2650501Z #13 7.275 Downloading dnspython-2.7.0-py3-none-any.whl (313 kB)
2025-08-21T07:24:56.2653308Z #13 7.286 Downloading httptools-0.6.4-cp312-cp312-manylinux_2_5_x86_64.manylinux1_x86_64.manylinux_2_17_x86_64.manylinux2014_x86_64.whl (510 kB)
2025-08-21T07:24:56.2655128Z #13 7.297 Downloading prompt_toolkit-3.0.51-py3-none-any.whl (387 kB)
2025-08-21T07:24:56.3719377Z #13 7.308 Downloading PyYAML-6.0.2-cp312-cp312-manylinux_2_17_x86_64.manylinux2014_x86_64.whl (767 kB)
2025-08-21T07:24:56.3721332Z #13 7.312    ━━━━━━━━━━━━━━━━━━━━━━━━━━━━━━━━━━━━━━━ 767.5/767.5 kB 509.6 MB/s eta 0:00:00
2025-08-21T07:24:56.3722287Z #13 7.322 Downloading rich_toolkit-0.15.0-py3-none-any.whl (29 kB)
2025-08-21T07:24:56.3722963Z #13 7.332 Downloading six-1.17.0-py2.py3-none-any.whl (11 kB)
2025-08-21T07:24:56.3723599Z #13 7.343 Downloading typer-0.16.1-py3-none-any.whl (46 kB)
2025-08-21T07:24:56.3724327Z #13 7.353 Downloading typing_inspection-0.4.1-py3-none-any.whl (14 kB)
2025-08-21T07:24:56.3725231Z #13 7.363 Downloading uvloop-0.21.0-cp312-cp312-manylinux_2_17_x86_64.manylinux2014_x86_64.whl (4.7 MB)
2025-08-21T07:24:56.3726298Z #13 7.384    ━━━━━━━━━━━━━━━━━━━━━━━━━━━━━━━━━━━━━━━━ 4.7/4.7 MB 249.5 MB/s eta 0:00:00
2025-08-21T07:24:56.3727484Z #13 7.394 Downloading watchfiles-1.1.0-cp312-cp312-manylinux_2_17_x86_64.manylinux2014_x86_64.whl (452 kB)
2025-08-21T07:24:56.3728821Z #13 7.405 Downloading websockets-15.0.1-cp312-cp312-manylinux_2_5_x86_64.manylinux1_x86_64.manylinux_2_17_x86_64.manylinux2014_x86_64.whl (182 kB)
2025-08-21T07:24:56.6013627Z #13 7.415 Downloading packaging-25.0-py3-none-any.whl (66 kB)
2025-08-21T07:24:56.6014263Z #13 7.425 Downloading rich-14.1.0-py3-none-any.whl (243 kB)
2025-08-21T07:24:56.6014890Z #13 7.435 Downloading shellingham-1.5.4-py2.py3-none-any.whl (9.8 kB)
2025-08-21T07:24:56.6015553Z #13 7.447 Downloading wcwidth-0.2.13-py2.py3-none-any.whl (34 kB)
2025-08-21T07:24:56.6016221Z #13 7.458 Downloading markdown_it_py-4.0.0-py3-none-any.whl (87 kB)
2025-08-21T07:24:56.6016985Z #13 7.467 Downloading pygments-2.19.2-py3-none-any.whl (1.2 MB)
2025-08-21T07:24:56.6018199Z #13 7.472    ━━━━━━━━━━━━━━━━━━━━━━━━━━━━━━━━━━━━━━━━ 1.2/1.2 MB 410.6 MB/s eta 0:00:00
2025-08-21T07:24:56.6018677Z #13 7.483 Downloading mdurl-0.1.2-py3-none-any.whl (10.0 kB)
2025-08-21T07:24:56.6626256Z #13 7.695 Installing collected packages: wcwidth, websockets, vine, uvloop, urllib3, ujson, tzdata, typing-extensions, structlog, sniffio, six, shellingham, redis, pyyaml, python-multipart, python-dotenv, pygments, psycopg-binary, prompt-toolkit, packaging, orjson, mdurl, MarkupSafe, jmespath, idna, httptools, h11, greenlet, dnspython, click, certifi, billiard, asyncpg, annotated-types, uvicorn, typing-inspection, sqlalchemy, sentry-sdk, python-dateutil, pydantic-core, psycopg, markdown-it-py, Mako, Jinja2, httpcore, email_validator, click-repl, click-plugins, click-didyoumean, anyio, amqp, watchfiles, starlette, rich, pydantic, kombu, httpx, botocore, alembic, typer, s3transfer, rich-toolkit, pydantic-settings, celery, asgi-correlation-id, fastapi-cli, boto3, fastapi, fastapi-limiter
2025-08-21T07:25:02.7902488Z #13 13.82 Successfully installed Jinja2-3.1.5 Mako-1.3.10 MarkupSafe-3.0.2 alembic-1.13.1 amqp-5.3.1 annotated-types-0.7.0 anyio-4.10.0 asgi-correlation-id-4.3.1 asyncpg-0.29.0 billiard-4.2.1 boto3-1.34.162 botocore-1.34.162 celery-5.3.6 certifi-2025.8.3 click-8.2.1 click-didyoumean-0.3.1 click-plugins-1.1.1.2 click-repl-0.3.0 dnspython-2.7.0 email_validator-2.2.0 fastapi-0.111.0 fastapi-cli-0.0.8 fastapi-limiter-0.1.6 greenlet-3.2.4 h11-0.16.0 httpcore-1.0.9 httptools-0.6.4 httpx-0.27.2 idna-3.10 jmespath-1.0.1 kombu-5.5.4 markdown-it-py-4.0.0 mdurl-0.1.2 orjson-3.11.2 packaging-25.0 prompt-toolkit-3.0.51 psycopg-3.2.9 psycopg-binary-3.2.9 pydantic-2.11.7 pydantic-core-2.33.2 pydantic-settings-2.2.1 pygments-2.19.2 python-dateutil-2.9.0.post0 python-dotenv-1.1.1 python-multipart-0.0.20 pyyaml-6.0.2 redis-5.0.8 rich-14.1.0 rich-toolkit-0.15.0 s3transfer-0.10.4 sentry-sdk-2.9.0 shellingham-1.5.4 six-1.17.0 sniffio-1.3.1 sqlalchemy-2.0.29 starlette-0.37.2 structlog-24.1.0 typer-0.16.1 typing-extensions-4.14.1 typing-inspection-0.4.1 tzdata-2025.2 ujson-5.11.0 urllib3-2.5.0 uvicorn-0.29.0 uvloop-0.21.0 vine-5.1.0 watchfiles-1.1.0 wcwidth-0.2.13 websockets-15.0.1
2025-08-21T07:25:03.0228745Z #13 13.82 WARNING: Running pip as the 'root' user can result in broken permissions and conflicting behaviour with the system package manager, possibly rendering your system unusable. It is recommended to use a virtual environment instead: https://pip.pypa.io/warnings/venv. Use the --root-user-action option if you know what you are doing and want to suppress this warning.
2025-08-21T07:25:03.0231604Z #13 13.90 
2025-08-21T07:25:03.0231974Z #13 13.90 [notice] A new release of pip is available: 25.0.1 -> 25.2
2025-08-21T07:25:03.0232545Z #13 13.90 [notice] To update, run: pip install --upgrade pip
2025-08-21T07:25:03.2321935Z #13 DONE 14.3s
2025-08-21T07:25:03.3592908Z 
2025-08-21T07:25:03.3593864Z #14 [base  5/13] COPY services/api/ ./services/api
2025-08-21T07:25:03.3594352Z #14 DONE 0.1s
2025-08-21T07:25:03.3594532Z 
2025-08-21T07:25:03.3594742Z #15 [base  6/13] COPY services/common/ ./services/common
2025-08-21T07:25:03.3595196Z #15 DONE 0.0s
2025-08-21T07:25:03.4768749Z 
2025-08-21T07:25:03.4772489Z #16 [base  7/13] COPY services/ingest/ ./services/ingest
2025-08-21T07:25:03.4773330Z #16 DONE 0.0s
2025-08-21T07:25:03.4773730Z 
2025-08-21T07:25:03.4774147Z #17 [base  8/13] COPY services/etl/ ./services/etl
2025-08-21T07:25:03.4774876Z #17 DONE 0.0s
2025-08-21T07:25:03.4775067Z 
2025-08-21T07:25:03.4775199Z #18 [base  9/13] COPY api/ ./api
2025-08-21T07:25:03.4775672Z #18 DONE 0.0s
2025-08-21T07:25:03.4775839Z 
2025-08-21T07:25:03.4776048Z #19 [base 10/13] COPY services/api/alembic.ini ./alembic.ini
2025-08-21T07:25:03.4776510Z #19 DONE 0.0s
2025-08-21T07:25:03.4776680Z 
2025-08-21T07:25:03.4776820Z #20 [base 11/13] COPY alembic/ ./alembic/
2025-08-21T07:25:03.4777400Z #20 DONE 0.0s
2025-08-21T07:25:03.4777573Z 
2025-08-21T07:25:03.4777805Z #21 [base 12/13] COPY services/api/entrypoint.sh ./entrypoint.sh
2025-08-21T07:25:03.4778311Z #21 DONE 0.0s
2025-08-21T07:25:03.4778475Z 
2025-08-21T07:25:03.4778621Z #22 [base 13/13] RUN chmod +x ./entrypoint.sh
2025-08-21T07:25:03.4779022Z #22 DONE 0.1s
2025-08-21T07:25:04.3604080Z 
2025-08-21T07:25:04.3604664Z #23 [stage-1 4/6] COPY --from=base /usr/local /usr/local
2025-08-21T07:25:06.1844008Z #23 DONE 1.8s
2025-08-21T07:25:06.2983038Z 
2025-08-21T07:25:06.2983697Z #24 [stage-1 5/6] COPY --from=base /app /app
2025-08-21T07:25:06.2985005Z #24 DONE 0.1s
2025-08-21T07:25:06.5082122Z 
2025-08-21T07:25:06.5082899Z #25 [stage-1 6/6] RUN chmod +x /app/entrypoint.sh
2025-08-21T07:25:06.5083434Z #25 DONE 0.1s
2025-08-21T07:25:06.5091510Z 
2025-08-21T07:25:06.5091930Z #26 exporting to docker image format
2025-08-21T07:25:06.5092520Z #26 exporting layers
2025-08-21T07:25:11.7260508Z #26 exporting layers 5.4s done
2025-08-21T07:25:11.8829994Z #26 exporting manifest sha256:7e1734707974199ed32aff9ba71e3f5c609f815e189d25a58b91e3428abe84f4 done
2025-08-21T07:25:11.8831342Z #26 exporting config sha256:206c35c723526e84def62777a765baec1c9e6957d3eb04a4c600d66e3cf519f0 done
2025-08-21T07:25:11.8837091Z #26 sending tarball
2025-08-21T07:25:12.3217428Z #26 ...
2025-08-21T07:25:12.3217685Z 
2025-08-21T07:25:12.3218063Z #27 importing to docker
2025-08-21T07:25:12.4719408Z #27 loading layer e6a3842ebc7f 327.68kB / 29.77MB
2025-08-21T07:25:13.1985868Z #27 loading layer 11a4ec4d004e 32.77kB / 1.29MB
2025-08-21T07:25:13.5748144Z #27 loading layer 07cd4433de32 131.07kB / 12.11MB
2025-08-21T07:25:14.1429727Z #27 loading layer e33228fe7708 251B / 251B
2025-08-21T07:25:14.3385177Z #27 loading layer 6a1a3eeaa9ee 91B / 91B
2025-08-21T07:25:14.3385674Z #27 loading layer 3f39839f6ec9 196.61kB / 19.48MB
2025-08-21T07:25:15.1173319Z #27 loading layer 0d4fa1920921 557.06kB / 56.29MB
2025-08-21T07:25:17.1690504Z #27 loading layer 0d4fa1920921 41.22MB / 56.29MB 2.1s
2025-08-21T07:25:18.1223320Z #27 loading layer c4bc6d80b3bc 32.77kB / 41.11kB
2025-08-21T07:25:18.2209888Z #27 loading layer e6a3842ebc7f 29.77MB / 29.77MB 5.9s done
2025-08-21T07:25:18.2210542Z #27 loading layer 11a4ec4d004e 1.29MB / 1.29MB 5.0s done
2025-08-21T07:25:18.2212807Z #27 loading layer 07cd4433de32 12.11MB / 12.11MB 4.6s done
2025-08-21T07:25:18.2214048Z #27 loading layer e33228fe7708 251B / 251B 4.0s done
2025-08-21T07:25:18.2215051Z #27 loading layer 6a1a3eeaa9ee 91B / 91B 4.0s done
2025-08-21T07:25:18.2216122Z #27 loading layer 3f39839f6ec9 19.48MB / 19.48MB 4.0s done
2025-08-21T07:25:18.2217062Z #27 loading layer 0d4fa1920921 56.29MB / 56.29MB 3.1s done
2025-08-21T07:25:18.2217809Z #27 loading layer c4bc6d80b3bc 41.11kB / 41.11kB 0.1s done
2025-08-21T07:25:18.2219084Z #27 loading layer 5f70bf18a086 32B / 32B 0.0s done
2025-08-21T07:25:18.2219843Z #27 DONE 5.9s
2025-08-21T07:25:18.2220039Z 
2025-08-21T07:25:18.2220489Z #26 exporting to docker image format
2025-08-21T07:25:18.2220929Z #26 sending tarball 6.5s done
2025-08-21T07:25:18.2221288Z #26 DONE 11.8s
2025-08-21T07:25:18.3521322Z Post job cleanup.
2025-08-21T07:25:18.4845874Z [warning]Path Validation Error: Path(s) specified in the action for caching do(es) not exist, hence no cache is being saved.
2025-08-21T07:25:18.4933716Z Post job cleanup.
2025-08-21T07:25:18.7669776Z ##[group]Removing builder
2025-08-21T07:25:18.8825086Z [command]/usr/bin/docker buildx rm builder-07dcbf29-e59a-4c8d-b394-9f58b5994e2e
2025-08-21T07:25:19.9201215Z builder-07dcbf29-e59a-4c8d-b394-9f58b5994e2e removed
2025-08-21T07:25:19.9239051Z ##[endgroup]
2025-08-21T07:25:19.9240410Z ##[group]Cleaning up certificates
2025-08-21T07:25:19.9247718Z ##[endgroup]
2025-08-21T07:25:19.9248323Z ##[group]Post cache
2025-08-21T07:25:19.9250646Z State not set
2025-08-21T07:25:19.9251253Z ##[endgroup]
2025-08-21T07:25:19.9376697Z Post job cleanup.
2025-08-21T07:25:20.0155924Z [command]/usr/bin/git version
2025-08-21T07:25:20.0192016Z git version 2.51.0
2025-08-21T07:25:20.0229515Z Temporarily overriding HOME='/home/runner/work/_temp/e36cb959-eaf5-436b-aea2-078816642726' before making global git config changes
2025-08-21T07:25:20.0230769Z Adding repository directory to the temporary git global config as a safe directory
2025-08-21T07:25:20.0235125Z [command]/usr/bin/git config --global --add safe.directory /home/runner/work/AWA-App/AWA-App
2025-08-21T07:25:20.0272143Z [command]/usr/bin/git config --local --name-only --get-regexp core\.sshCommand
2025-08-21T07:25:20.0304503Z [command]/usr/bin/git submodule foreach --recursive sh -c "git config --local --name-only --get-regexp 'core\.sshCommand' && git config --local --unset-all 'core.sshCommand' || :"
2025-08-21T07:25:20.0555252Z [command]/usr/bin/git config --local --name-only --get-regexp http\.https\:\/\/github\.com\/\.extraheader
2025-08-21T07:25:20.0583693Z http.https://github.com/.extraheader
2025-08-21T07:25:20.0596565Z [command]/usr/bin/git config --local --unset-all http.https://github.com/.extraheader
2025-08-21T07:25:20.0636614Z [command]/usr/bin/git submodule foreach --recursive sh -c "git config --local --name-only --get-regexp 'http\.https\:\/\/github\.com\/\.extraheader' && git config --local --unset-all 'http.https://github.com/.extraheader' || :"
2025-08-21T07:25:20.0996092Z Cleaning up orphan processes
