2025-08-19T10:54:56.8258364Z Current runner version: '2.327.1'
2025-08-19T10:54:56.8282730Z ##[group]Runner Image Provisioner
2025-08-19T10:54:56.8283646Z Hosted Compute Agent
2025-08-19T10:54:56.8284214Z Version: 20250818.377
2025-08-19T10:54:56.8284995Z Commit: 3c593e9f75fe0b87e893bca80d6e12ba089c61fc
2025-08-19T10:54:56.8285806Z Build Date: 2025-08-18T14:52:18Z
2025-08-19T10:54:56.8286380Z ##[endgroup]
2025-08-19T10:54:56.8286950Z ##[group]Operating System
2025-08-19T10:54:56.8287577Z Ubuntu
2025-08-19T10:54:56.8288090Z 24.04.2
2025-08-19T10:54:56.8288557Z LTS
2025-08-19T10:54:56.8289090Z ##[endgroup]
2025-08-19T10:54:56.8289600Z ##[group]Runner Image
2025-08-19T10:54:56.8290162Z Image: ubuntu-24.04
2025-08-19T10:54:56.8290738Z Version: 20250810.1.0
2025-08-19T10:54:56.8291715Z Included Software: https://github.com/actions/runner-images/blob/ubuntu24/20250810.1/images/ubuntu/Ubuntu2404-Readme.md
2025-08-19T10:54:56.8293280Z Image Release: https://github.com/actions/runner-images/releases/tag/ubuntu24%2F20250810.1
2025-08-19T10:54:56.8294269Z ##[endgroup]
2025-08-19T10:54:56.8296943Z ##[group]GITHUB_TOKEN Permissions
2025-08-19T10:54:56.8298908Z Actions: write
2025-08-19T10:54:56.8299505Z Attestations: write
2025-08-19T10:54:56.8300086Z Checks: write
2025-08-19T10:54:56.8300628Z Contents: write
2025-08-19T10:54:56.8301147Z Deployments: write
2025-08-19T10:54:56.8301727Z Discussions: write
2025-08-19T10:54:56.8302231Z Issues: write
2025-08-19T10:54:56.8302737Z Metadata: read
2025-08-19T10:54:56.8303201Z Models: read
2025-08-19T10:54:56.8303793Z Packages: write
2025-08-19T10:54:56.8304326Z Pages: write
2025-08-19T10:54:56.8305054Z PullRequests: write
2025-08-19T10:54:56.8305695Z RepositoryProjects: write
2025-08-19T10:54:56.8306325Z SecurityEvents: write
2025-08-19T10:54:56.8306962Z Statuses: write
2025-08-19T10:54:56.8307531Z ##[endgroup]
2025-08-19T10:54:56.8309637Z Secret source: Actions
2025-08-19T10:54:56.8310303Z Prepare workflow directory
2025-08-19T10:54:56.8629772Z Prepare all required actions
2025-08-19T10:54:56.8670627Z Getting action download info
2025-08-19T10:54:57.3254813Z Download action repository 'actions/checkout@v4' (SHA:08eba0b27e820071cde6df949e0beb9ba4906955)
2025-08-19T10:54:58.0110145Z Download action repository 'docker/setup-buildx-action@v3' (SHA:e468171a9de216ec08956ac3ada2f0791b6bd435)
2025-08-19T10:54:58.7525311Z Download action repository 'actions/cache@v4' (SHA:0400d5f644dc74513175e3cd8d07132dd4860809)
2025-08-19T10:54:59.5317174Z Complete job name: container-build
2025-08-19T10:54:59.6124655Z ##[group]Run actions/checkout@v4
2025-08-19T10:54:59.6125970Z with:
2025-08-19T10:54:59.6126720Z   repository: AlexBomber12/AWA-App
2025-08-19T10:54:59.6127981Z   token: ***
2025-08-19T10:54:59.6128698Z   ssh-strict: true
2025-08-19T10:54:59.6129452Z   ssh-user: git
2025-08-19T10:54:59.6130234Z   persist-credentials: true
2025-08-19T10:54:59.6131147Z   clean: true
2025-08-19T10:54:59.6131922Z   sparse-checkout-cone-mode: true
2025-08-19T10:54:59.6132849Z   fetch-depth: 1
2025-08-19T10:54:59.6133589Z   fetch-tags: false
2025-08-19T10:54:59.6134567Z   show-progress: true
2025-08-19T10:54:59.6135351Z   lfs: false
2025-08-19T10:54:59.6136061Z   submodules: false
2025-08-19T10:54:59.6136854Z   set-safe-directory: true
2025-08-19T10:54:59.6137999Z ##[endgroup]
2025-08-19T10:54:59.7293505Z Syncing repository: AlexBomber12/AWA-App
2025-08-19T10:54:59.7297827Z ##[group]Getting Git version info
2025-08-19T10:54:59.7299888Z Working directory is '/home/runner/work/AWA-App/AWA-App'
2025-08-19T10:54:59.7302714Z [command]/usr/bin/git version
2025-08-19T10:54:59.7310487Z git version 2.50.1
2025-08-19T10:54:59.7338396Z ##[endgroup]
2025-08-19T10:54:59.7355262Z Temporarily overriding HOME='/home/runner/work/_temp/aa16a398-5a08-490d-b6c9-61cd3a7628b4' before making global git config changes
2025-08-19T10:54:59.7359924Z Adding repository directory to the temporary git global config as a safe directory
2025-08-19T10:54:59.7363572Z [command]/usr/bin/git config --global --add safe.directory /home/runner/work/AWA-App/AWA-App
2025-08-19T10:54:59.7397881Z Deleting the contents of '/home/runner/work/AWA-App/AWA-App'
2025-08-19T10:54:59.7402004Z ##[group]Initializing the repository
2025-08-19T10:54:59.7407119Z [command]/usr/bin/git init /home/runner/work/AWA-App/AWA-App
2025-08-19T10:54:59.7465496Z hint: Using 'master' as the name for the initial branch. This default branch name
2025-08-19T10:54:59.7468629Z hint: is subject to change. To configure the initial branch name to use in all
2025-08-19T10:54:59.7470824Z hint: of your new repositories, which will suppress this warning, call:
2025-08-19T10:54:59.7472189Z hint:
2025-08-19T10:54:59.7473131Z hint: 	git config --global init.defaultBranch <name>
2025-08-19T10:54:59.7474986Z hint:
2025-08-19T10:54:59.7476113Z hint: Names commonly chosen instead of 'master' are 'main', 'trunk' and
2025-08-19T10:54:59.7478073Z hint: 'development'. The just-created branch can be renamed via this command:
2025-08-19T10:54:59.7480108Z hint:
2025-08-19T10:54:59.7480878Z hint: 	git branch -m <name>
2025-08-19T10:54:59.7481738Z hint:
2025-08-19T10:54:59.7482946Z hint: Disable this message with "git config set advice.defaultBranchName false"
2025-08-19T10:54:59.7485286Z Initialized empty Git repository in /home/runner/work/AWA-App/AWA-App/.git/
2025-08-19T10:54:59.7488352Z [command]/usr/bin/git remote add origin https://github.com/AlexBomber12/AWA-App
2025-08-19T10:54:59.7543285Z ##[endgroup]
2025-08-19T10:54:59.7544998Z ##[group]Disabling automatic garbage collection
2025-08-19T10:54:59.7546921Z [command]/usr/bin/git config --local gc.auto 0
2025-08-19T10:54:59.7576754Z ##[endgroup]
2025-08-19T10:54:59.7578027Z ##[group]Setting up auth
2025-08-19T10:54:59.7584190Z [command]/usr/bin/git config --local --name-only --get-regexp core\.sshCommand
2025-08-19T10:54:59.7617746Z [command]/usr/bin/git submodule foreach --recursive sh -c "git config --local --name-only --get-regexp 'core\.sshCommand' && git config --local --unset-all 'core.sshCommand' || :"
2025-08-19T10:54:59.7882369Z [command]/usr/bin/git config --local --name-only --get-regexp http\.https\:\/\/github\.com\/\.extraheader
2025-08-19T10:54:59.7911664Z [command]/usr/bin/git submodule foreach --recursive sh -c "git config --local --name-only --get-regexp 'http\.https\:\/\/github\.com\/\.extraheader' && git config --local --unset-all 'http.https://github.com/.extraheader' || :"
2025-08-19T10:54:59.8146498Z [command]/usr/bin/git config --local http.https://github.com/.extraheader AUTHORIZATION: basic ***
2025-08-19T10:54:59.8183257Z ##[endgroup]
2025-08-19T10:54:59.8185812Z ##[group]Fetching the repository
2025-08-19T10:54:59.8194951Z [command]/usr/bin/git -c protocol.version=2 fetch --no-tags --prune --no-recurse-submodules --depth=1 origin +966755ce9e8f5b06d475de9d66911f55bb53e5fb:refs/remotes/pull/273/merge
2025-08-19T10:55:00.3731628Z From https://github.com/AlexBomber12/AWA-App
2025-08-19T10:55:00.3733449Z  * [new ref]         966755ce9e8f5b06d475de9d66911f55bb53e5fb -> pull/273/merge
2025-08-19T10:55:00.3755530Z ##[endgroup]
2025-08-19T10:55:00.3757469Z ##[group]Determining the checkout info
2025-08-19T10:55:00.3759117Z ##[endgroup]
2025-08-19T10:55:00.3762154Z [command]/usr/bin/git sparse-checkout disable
2025-08-19T10:55:00.3798919Z [command]/usr/bin/git config --local --unset-all extensions.worktreeConfig
2025-08-19T10:55:00.3829078Z ##[group]Checking out the ref
2025-08-19T10:55:00.3831854Z [command]/usr/bin/git checkout --progress --force refs/remotes/pull/273/merge
2025-08-19T10:55:00.4113823Z Note: switching to 'refs/remotes/pull/273/merge'.
2025-08-19T10:55:00.4115503Z 
2025-08-19T10:55:00.4116577Z You are in 'detached HEAD' state. You can look around, make experimental
2025-08-19T10:55:00.4119117Z changes and commit them, and you can discard any commits you make in this
2025-08-19T10:55:00.4121876Z state without impacting any branches by switching back to a branch.
2025-08-19T10:55:00.4123519Z 
2025-08-19T10:55:00.4124879Z If you want to create a new branch to retain commits you create, you may
2025-08-19T10:55:00.4127414Z do so (now or later) by using -c with the switch command. Example:
2025-08-19T10:55:00.4129374Z 
2025-08-19T10:55:00.4129978Z   git switch -c <new-branch-name>
2025-08-19T10:55:00.4131115Z 
2025-08-19T10:55:00.4131684Z Or undo this operation with:
2025-08-19T10:55:00.4132604Z 
2025-08-19T10:55:00.4133100Z   git switch -
2025-08-19T10:55:00.4133770Z 
2025-08-19T10:55:00.4135123Z Turn off this advice by setting config variable advice.detachedHead to false
2025-08-19T10:55:00.4136742Z 
2025-08-19T10:55:00.4138015Z HEAD is now at 966755c Merge 93eae62e0a8e31dedb99261b6bdf8a67cbe2eff2 into 5f8505bfea1a17ea3fa956757770f951a5bb4f69
2025-08-19T10:55:00.4141689Z ##[endgroup]
2025-08-19T10:55:00.4164727Z [command]/usr/bin/git log -1 --format=%H
2025-08-19T10:55:00.4187275Z 966755ce9e8f5b06d475de9d66911f55bb53e5fb
2025-08-19T10:55:00.4460345Z ##[group]Run docker/setup-buildx-action@v3
2025-08-19T10:55:00.4461407Z with:
2025-08-19T10:55:00.4462101Z   driver: docker-container
2025-08-19T10:55:00.4462934Z   install: false
2025-08-19T10:55:00.4463654Z   use: true
2025-08-19T10:55:00.4464579Z   keep-state: false
2025-08-19T10:55:00.4465352Z   cache-binary: true
2025-08-19T10:55:00.4466114Z   cleanup: true
2025-08-19T10:55:00.4466819Z ##[endgroup]
2025-08-19T10:55:00.7373097Z ##[group]Docker info
2025-08-19T10:55:00.7394818Z [command]/usr/bin/docker version
2025-08-19T10:55:00.7973620Z Client: Docker Engine - Community
2025-08-19T10:55:00.7975494Z  Version:           28.0.4
2025-08-19T10:55:00.7976874Z  API version:       1.48
2025-08-19T10:55:00.7978210Z  Go version:        go1.23.7
2025-08-19T10:55:00.7979606Z  Git commit:        b8034c0
2025-08-19T10:55:00.7980708Z  Built:             Tue Mar 25 15:07:16 2025
2025-08-19T10:55:00.7981865Z  OS/Arch:           linux/amd64
2025-08-19T10:55:00.7982927Z  Context:           default
2025-08-19T10:55:00.7983465Z 
2025-08-19T10:55:00.7983825Z Server: Docker Engine - Community
2025-08-19T10:55:00.7984973Z  Engine:
2025-08-19T10:55:00.7985650Z   Version:          28.0.4
2025-08-19T10:55:00.7986563Z   API version:      1.48 (minimum version 1.24)
2025-08-19T10:55:00.7987599Z   Go version:       go1.23.7
2025-08-19T10:55:00.7988444Z   Git commit:       6430e49
2025-08-19T10:55:00.7989305Z   Built:            Tue Mar 25 15:07:16 2025
2025-08-19T10:55:00.7990350Z   OS/Arch:          linux/amd64
2025-08-19T10:55:00.7991221Z   Experimental:     false
2025-08-19T10:55:00.7992019Z  containerd:
2025-08-19T10:55:00.7992774Z   Version:          1.7.27
2025-08-19T10:55:00.7993752Z   GitCommit:        05044ec0a9a75232cad458027ca83437aae3f4da
2025-08-19T10:55:00.7995083Z  runc:
2025-08-19T10:55:00.7995752Z   Version:          1.2.5
2025-08-19T10:55:00.7996579Z   GitCommit:        v1.2.5-0-g59923ef
2025-08-19T10:55:00.7997527Z  docker-init:
2025-08-19T10:55:00.7998248Z   Version:          0.19.0
2025-08-19T10:55:00.7999086Z   GitCommit:        de40ad0
2025-08-19T10:55:00.8019148Z [command]/usr/bin/docker info
2025-08-19T10:55:02.9447558Z Client: Docker Engine - Community
2025-08-19T10:55:02.9448143Z  Version:    28.0.4
2025-08-19T10:55:02.9448487Z  Context:    default
2025-08-19T10:55:02.9448885Z  Debug Mode: false
2025-08-19T10:55:02.9449216Z  Plugins:
2025-08-19T10:55:02.9449554Z   buildx: Docker Buildx (Docker Inc.)
2025-08-19T10:55:02.9449994Z     Version:  v0.26.1
2025-08-19T10:55:02.9450462Z     Path:     /usr/libexec/docker/cli-plugins/docker-buildx
2025-08-19T10:55:02.9451047Z   compose: Docker Compose (Docker Inc.)
2025-08-19T10:55:02.9451533Z     Version:  v2.38.2
2025-08-19T10:55:02.9452643Z     Path:     /usr/libexec/docker/cli-plugins/docker-compose
2025-08-19T10:55:02.9453132Z 
2025-08-19T10:55:02.9453287Z Server:
2025-08-19T10:55:02.9453637Z  Containers: 0
2025-08-19T10:55:02.9453988Z   Running: 0
2025-08-19T10:55:02.9454573Z   Paused: 0
2025-08-19T10:55:02.9454912Z   Stopped: 0
2025-08-19T10:55:02.9455275Z  Images: 0
2025-08-19T10:55:02.9455603Z  Server Version: 28.0.4
2025-08-19T10:55:02.9456133Z  Storage Driver: overlay2
2025-08-19T10:55:02.9456658Z   Backing Filesystem: extfs
2025-08-19T10:55:02.9457154Z   Supports d_type: true
2025-08-19T10:55:02.9458141Z   Using metacopy: false
2025-08-19T10:55:02.9458782Z   Native Overlay Diff: false
2025-08-19T10:55:02.9459311Z   userxattr: false
2025-08-19T10:55:02.9459829Z  Logging Driver: json-file
2025-08-19T10:55:02.9460435Z  Cgroup Driver: systemd
2025-08-19T10:55:02.9460885Z  Cgroup Version: 2
2025-08-19T10:55:02.9461365Z  Plugins:
2025-08-19T10:55:02.9461872Z   Volume: local
2025-08-19T10:55:02.9462483Z   Network: bridge host ipvlan macvlan null overlay
2025-08-19T10:55:02.9463305Z   Log: awslogs fluentd gcplogs gelf journald json-file local splunk syslog
2025-08-19T10:55:02.9543470Z  Swarm: inactive
2025-08-19T10:55:02.9544100Z  Runtimes: io.containerd.runc.v2 runc
2025-08-19T10:55:02.9544755Z  Default Runtime: runc
2025-08-19T10:55:02.9545538Z  Init Binary: docker-init
2025-08-19T10:55:02.9545922Z  containerd version: 05044ec0a9a75232cad458027ca83437aae3f4da
2025-08-19T10:55:02.9546290Z  runc version: v1.2.5-0-g59923ef
2025-08-19T10:55:02.9546573Z  init version: de40ad0
2025-08-19T10:55:02.9546811Z  Security Options:
2025-08-19T10:55:02.9547038Z   apparmor
2025-08-19T10:55:02.9547255Z   seccomp
2025-08-19T10:55:02.9547471Z    Profile: builtin
2025-08-19T10:55:02.9547688Z   cgroupns
2025-08-19T10:55:02.9547908Z  Kernel Version: 6.11.0-1018-azure
2025-08-19T10:55:02.9548183Z  Operating System: Ubuntu 24.04.2 LTS
2025-08-19T10:55:02.9548462Z  OSType: linux
2025-08-19T10:55:02.9548684Z  Architecture: x86_64
2025-08-19T10:55:02.9548915Z  CPUs: 4
2025-08-19T10:55:02.9549124Z  Total Memory: 15.62GiB
2025-08-19T10:55:02.9549369Z  Name: pkrvmubgrv54qmi
2025-08-19T10:55:02.9549632Z  ID: 2166c256-3f30-4fc2-abf1-e8d653854173
2025-08-19T10:55:02.9549929Z  Docker Root Dir: /var/lib/docker
2025-08-19T10:55:02.9550200Z  Debug Mode: false
2025-08-19T10:55:02.9550572Z  Username: githubactions
2025-08-19T10:55:02.9551018Z  Experimental: false
2025-08-19T10:55:02.9551322Z  Insecure Registries:
2025-08-19T10:55:02.9556635Z   ::1/128
2025-08-19T10:55:02.9556919Z   127.0.0.0/8
2025-08-19T10:55:02.9557202Z  Live Restore Enabled: false
2025-08-19T10:55:02.9557514Z 
2025-08-19T10:55:02.9558048Z ##[endgroup]
2025-08-19T10:55:03.0095250Z ##[group]Buildx version
2025-08-19T10:55:03.0118077Z [command]/usr/bin/docker buildx version
2025-08-19T10:55:03.0747212Z github.com/docker/buildx v0.26.1 1a8287f22cf5a38339a4c1bf432b803c5f8b2aae
2025-08-19T10:55:03.0778873Z ##[endgroup]
2025-08-19T10:55:03.0931048Z ##[group]Inspecting default docker context
2025-08-19T10:55:03.1078618Z [
2025-08-19T10:55:03.1079131Z   {
2025-08-19T10:55:03.1079351Z     "Name": "default",
2025-08-19T10:55:03.1079636Z     "Metadata": {},
2025-08-19T10:55:03.1079871Z     "Endpoints": {
2025-08-19T10:55:03.1080102Z       "docker": {
2025-08-19T10:55:03.1080359Z         "Host": "unix:///var/run/docker.sock",
2025-08-19T10:55:03.1080707Z         "SkipTLSVerify": false
2025-08-19T10:55:03.1080949Z       }
2025-08-19T10:55:03.1081146Z     },
2025-08-19T10:55:03.1081352Z     "TLSMaterial": {},
2025-08-19T10:55:03.1081576Z     "Storage": {
2025-08-19T10:55:03.1081813Z       "MetadataPath": "<IN MEMORY>",
2025-08-19T10:55:03.1082132Z       "TLSPath": "<IN MEMORY>"
2025-08-19T10:55:03.1082375Z     }
2025-08-19T10:55:03.1082601Z   }
2025-08-19T10:55:03.1082936Z ]
2025-08-19T10:55:03.1083618Z ##[endgroup]
2025-08-19T10:55:03.1084032Z ##[group]Creating a new builder instance
2025-08-19T10:55:03.2383756Z [command]/usr/bin/docker buildx create --name builder-92ac640d-602d-4b81-8532-b7bf962b2c90 --driver docker-container --buildkitd-flags --allow-insecure-entitlement security.insecure --allow-insecure-entitlement network.host --use
2025-08-19T10:55:03.2995126Z builder-92ac640d-602d-4b81-8532-b7bf962b2c90
2025-08-19T10:55:03.3030040Z ##[endgroup]
2025-08-19T10:55:03.3030746Z ##[group]Booting builder
2025-08-19T10:55:03.3061333Z [command]/usr/bin/docker buildx inspect --bootstrap --builder builder-92ac640d-602d-4b81-8532-b7bf962b2c90
2025-08-19T10:55:03.3590742Z #1 [internal] booting buildkit
2025-08-19T10:55:03.5097040Z #1 pulling image moby/buildkit:buildx-stable-1
2025-08-19T10:55:06.7949638Z #1 pulling image moby/buildkit:buildx-stable-1 3.4s done
2025-08-19T10:55:06.9467434Z #1 creating container buildx_buildkit_builder-92ac640d-602d-4b81-8532-b7bf962b2c900
2025-08-19T10:55:07.1513282Z #1 creating container buildx_buildkit_builder-92ac640d-602d-4b81-8532-b7bf962b2c900 0.4s done
2025-08-19T10:55:07.1566026Z #1 DONE 3.8s
2025-08-19T10:55:07.1851051Z Name:          builder-92ac640d-602d-4b81-8532-b7bf962b2c90
2025-08-19T10:55:07.1851594Z Driver:        docker-container
2025-08-19T10:55:07.1852009Z Last Activity: 2025-08-19 10:55:03 +0000 UTC
2025-08-19T10:55:07.1852299Z 
2025-08-19T10:55:07.1852421Z Nodes:
2025-08-19T10:55:07.1852808Z Name:                  builder-92ac640d-602d-4b81-8532-b7bf962b2c900
2025-08-19T10:55:07.1853762Z Endpoint:              unix:///var/run/docker.sock
2025-08-19T10:55:07.1854247Z Status:                running
2025-08-19T10:55:07.1855262Z BuildKit daemon flags: --allow-insecure-entitlement security.insecure --allow-insecure-entitlement network.host
2025-08-19T10:55:07.1857006Z BuildKit version:      v0.23.2
2025-08-19T10:55:07.1857512Z Platforms:             linux/amd64, linux/amd64/v2, linux/amd64/v3, linux/386
2025-08-19T10:55:07.1858028Z Labels:
2025-08-19T10:55:07.1858456Z  org.mobyproject.buildkit.worker.executor:         oci
2025-08-19T10:55:07.1859088Z  org.mobyproject.buildkit.worker.hostname:         ac9916b119ba
2025-08-19T10:55:07.1859765Z  org.mobyproject.buildkit.worker.network:          host
2025-08-19T10:55:07.1860426Z  org.mobyproject.buildkit.worker.oci.process-mode: sandbox
2025-08-19T10:55:07.1861133Z  org.mobyproject.buildkit.worker.selinux.enabled:  false
2025-08-19T10:55:07.1861836Z  org.mobyproject.buildkit.worker.snapshotter:      overlayfs
2025-08-19T10:55:07.1862389Z GC Policy rule#0:
2025-08-19T10:55:07.1862737Z  All:            false
2025-08-19T10:55:07.1863291Z  Filters:        type==source.local,type==exec.cachemount,type==source.git.checkout
2025-08-19T10:55:07.1863932Z  Keep Duration:  48h0m0s
2025-08-19T10:55:07.1864299Z  Max Used Space: 488.3MiB
2025-08-19T10:55:07.1864985Z GC Policy rule#1:
2025-08-19T10:55:07.1865316Z  All:            false
2025-08-19T10:55:07.1865680Z  Keep Duration:  1440h0m0s
2025-08-19T10:55:07.1866029Z  Reserved Space: 7.451GiB
2025-08-19T10:55:07.1866389Z  Max Used Space: 54.02GiB
2025-08-19T10:55:07.1866730Z  Min Free Space: 13.97GiB
2025-08-19T10:55:07.1867072Z GC Policy rule#2:
2025-08-19T10:55:07.1867337Z  All:            false
2025-08-19T10:55:07.1867681Z  Reserved Space: 7.451GiB
2025-08-19T10:55:07.1868031Z  Max Used Space: 54.02GiB
2025-08-19T10:55:07.1868409Z  Min Free Space: 13.97GiB
2025-08-19T10:55:07.1868756Z GC Policy rule#3:
2025-08-19T10:55:07.1869076Z  All:            true
2025-08-19T10:55:07.1869409Z  Reserved Space: 7.451GiB
2025-08-19T10:55:07.1869775Z  Max Used Space: 54.02GiB
2025-08-19T10:55:07.1870145Z  Min Free Space: 13.97GiB
2025-08-19T10:55:07.1919561Z ##[endgroup]
2025-08-19T10:55:07.2790692Z ##[group]Inspect builder
2025-08-19T10:55:07.2793545Z {
2025-08-19T10:55:07.2793874Z   "nodes": [
2025-08-19T10:55:07.2796746Z     {
2025-08-19T10:55:07.2797346Z       "name": "builder-92ac640d-602d-4b81-8532-b7bf962b2c900",
2025-08-19T10:55:07.2798095Z       "endpoint": "unix:///var/run/docker.sock",
2025-08-19T10:55:07.2798710Z       "status": "running",
2025-08-19T10:55:07.2799672Z       "buildkitd-flags": "--allow-insecure-entitlement security.insecure --allow-insecure-entitlement network.host",
2025-08-19T10:55:07.2800677Z       "buildkit": "v0.23.2",
2025-08-19T10:55:07.2801509Z       "platforms": "linux/amd64,linux/amd64/v2,linux/amd64/v3,linux/386",
2025-08-19T10:55:07.2804312Z       "features": {
2025-08-19T10:55:07.2805099Z         "Automatically load images to the Docker Engine image store": true,
2025-08-19T10:55:07.2805715Z         "Cache export": true,
2025-08-19T10:55:07.2806101Z         "Direct push": true,
2025-08-19T10:55:07.2806490Z         "Docker exporter": true,
2025-08-19T10:55:07.2806891Z         "Multi-platform build": true,
2025-08-19T10:55:07.2807310Z         "OCI exporter": true
2025-08-19T10:55:07.2808076Z       },
2025-08-19T10:55:07.2808369Z       "labels": {
2025-08-19T10:55:07.2808793Z         "org.mobyproject.buildkit.worker.executor": "oci",
2025-08-19T10:55:07.2809432Z         "org.mobyproject.buildkit.worker.hostname": "ac9916b119ba",
2025-08-19T10:55:07.2810083Z         "org.mobyproject.buildkit.worker.network": "host",
2025-08-19T10:55:07.2810749Z         "org.mobyproject.buildkit.worker.oci.process-mode": "sandbox",
2025-08-19T10:55:07.2811470Z         "org.mobyproject.buildkit.worker.selinux.enabled": "false",
2025-08-19T10:55:07.2812155Z         "org.mobyproject.buildkit.worker.snapshotter": "overlayfs"
2025-08-19T10:55:07.2812697Z       },
2025-08-19T10:55:07.2812980Z       "gcPolicy": [
2025-08-19T10:55:07.2813562Z         {
2025-08-19T10:55:07.2813878Z           "all": false,
2025-08-19T10:55:07.2814190Z           "filter": [
2025-08-19T10:55:07.2815348Z             "type==source.local",
2025-08-19T10:55:07.2815745Z             "type==exec.cachemount",
2025-08-19T10:55:07.2816192Z             "type==source.git.checkout"
2025-08-19T10:55:07.2816578Z           ],
2025-08-19T10:55:07.2816901Z           "keepDuration": "48h0m0s",
2025-08-19T10:55:07.2817291Z           "maxUsedSpace": "488.3MiB"
2025-08-19T10:55:07.2817679Z         },
2025-08-19T10:55:07.2817966Z         {
2025-08-19T10:55:07.2818267Z           "all": false,
2025-08-19T10:55:07.2818630Z           "keepDuration": "1440h0m0s",
2025-08-19T10:55:07.2819056Z           "reservedSpace": "7.451GiB",
2025-08-19T10:55:07.2819484Z           "maxUsedSpace": "54.02GiB",
2025-08-19T10:55:07.2819909Z           "minFreeSpace": "13.97GiB"
2025-08-19T10:55:07.2820310Z         },
2025-08-19T10:55:07.2820593Z         {
2025-08-19T10:55:07.2820905Z           "all": false,
2025-08-19T10:55:07.2821267Z           "reservedSpace": "7.451GiB",
2025-08-19T10:55:07.2821677Z           "maxUsedSpace": "54.02GiB",
2025-08-19T10:55:07.2822071Z           "minFreeSpace": "13.97GiB"
2025-08-19T10:55:07.2822445Z         },
2025-08-19T10:55:07.2822716Z         {
2025-08-19T10:55:07.2822990Z           "all": true,
2025-08-19T10:55:07.2823338Z           "reservedSpace": "7.451GiB",
2025-08-19T10:55:07.2823746Z           "maxUsedSpace": "54.02GiB",
2025-08-19T10:55:07.2824151Z           "minFreeSpace": "13.97GiB"
2025-08-19T10:55:07.2824732Z         }
2025-08-19T10:55:07.2825003Z       ]
2025-08-19T10:55:07.2825254Z     }
2025-08-19T10:55:07.2825516Z   ],
2025-08-19T10:55:07.2825874Z   "name": "builder-92ac640d-602d-4b81-8532-b7bf962b2c90",
2025-08-19T10:55:07.2826372Z   "driver": "docker-container",
2025-08-19T10:55:07.2826773Z   "lastActivity": "2025-08-19T10:55:03.000Z"
2025-08-19T10:55:07.2827174Z }
2025-08-19T10:55:07.2827751Z ##[endgroup]
2025-08-19T10:55:07.2828300Z ##[group]BuildKit version
2025-08-19T10:55:07.2828744Z builder-92ac640d-602d-4b81-8532-b7bf962b2c900: v0.23.2
2025-08-19T10:55:07.2829426Z ##[endgroup]
2025-08-19T10:55:07.4267911Z ##[group]Run actions/cache@v4
2025-08-19T10:55:07.4268168Z with:
2025-08-19T10:55:07.4268345Z   path: ~/.cache/pip
2025-08-19T10:55:07.4268718Z   key: Linux-pip-c555def92648d178a54bd23b50ac07aebfdb794cde1494739763a2142fdc57e7
2025-08-19T10:55:07.4269122Z   enableCrossOsArchive: false
2025-08-19T10:55:07.4269360Z   fail-on-cache-miss: false
2025-08-19T10:55:07.4269571Z   lookup-only: false
2025-08-19T10:55:07.4269769Z   save-always: false
2025-08-19T10:55:07.4269955Z ##[endgroup]
2025-08-19T10:55:07.8730086Z Cache not found for input keys: Linux-pip-c555def92648d178a54bd23b50ac07aebfdb794cde1494739763a2142fdc57e7
2025-08-19T10:55:07.8817762Z ##[group]Run docker buildx build \
2025-08-19T10:55:07.8818113Z [36;1mdocker buildx build \[0m
2025-08-19T10:55:07.8818525Z [36;1m  --tag ghcr.io/alexbomber12/awa-app/api:966755ce9e8f5b06d475de9d66911f55bb53e5fb \[0m
2025-08-19T10:55:07.8819033Z [36;1m  --build-arg TZ_CACHE_BUST=966755ce9e8f5b06d475de9d66911f55bb53e5fb \[0m
2025-08-19T10:55:07.8819394Z [36;1m  --file services/api/Dockerfile \[0m
2025-08-19T10:55:07.8819650Z [36;1m  --load .[0m
2025-08-19T10:55:07.8889257Z shell: /usr/bin/bash -e {0}
2025-08-19T10:55:07.8889517Z ##[endgroup]
2025-08-19T10:55:08.1643187Z #0 building with "builder-92ac640d-602d-4b81-8532-b7bf962b2c90" instance using docker-container driver
2025-08-19T10:55:08.1643971Z 
2025-08-19T10:55:08.1644132Z #1 [internal] load build definition from Dockerfile
2025-08-19T10:55:08.1644709Z #1 transferring dockerfile: 1.48kB done
2025-08-19T10:55:08.1645018Z #1 DONE 0.0s
2025-08-19T10:55:08.1645159Z 
2025-08-19T10:55:08.1645497Z #2 resolve image config for docker-image://docker.io/docker/dockerfile:1.6
2025-08-19T10:55:08.4065591Z #2 ...
2025-08-19T10:55:08.4065822Z 
2025-08-19T10:55:08.4066123Z #3 [auth] docker/dockerfile:pull token for registry-1.docker.io
2025-08-19T10:55:08.4066531Z #3 DONE 0.0s
2025-08-19T10:55:08.5564777Z 
2025-08-19T10:55:08.5565423Z #2 resolve image config for docker-image://docker.io/docker/dockerfile:1.6
2025-08-19T10:55:09.0470674Z #2 DONE 1.0s
2025-08-19T10:55:09.2069857Z 
2025-08-19T10:55:09.2070481Z #4 docker-image://docker.io/docker/dockerfile:1.6@sha256:ac85f380a63b13dfcefa89046420e1781752bab202122f8f50032edf31be0021
2025-08-19T10:55:09.2071332Z #4 resolve docker.io/docker/dockerfile:1.6@sha256:ac85f380a63b13dfcefa89046420e1781752bab202122f8f50032edf31be0021 done
2025-08-19T10:55:09.2097056Z #4 sha256:9d9c93f4b00be908ab694a4df732570bced3b8a96b7515d70ff93402179ad232 4.19MB / 11.80MB 0.2s
2025-08-19T10:55:09.3446956Z #4 sha256:9d9c93f4b00be908ab694a4df732570bced3b8a96b7515d70ff93402179ad232 11.80MB / 11.80MB 0.2s done
2025-08-19T10:55:09.3448585Z #4 extracting sha256:9d9c93f4b00be908ab694a4df732570bced3b8a96b7515d70ff93402179ad232 0.1s done
2025-08-19T10:55:09.3449150Z #4 DONE 0.3s
2025-08-19T10:55:09.4810702Z 
2025-08-19T10:55:09.4811229Z #5 [auth] library/python:pull token for registry-1.docker.io
2025-08-19T10:55:09.6317838Z #5 DONE 0.0s
2025-08-19T10:55:09.6318044Z 
2025-08-19T10:55:09.6318302Z #6 [internal] load metadata for docker.io/library/python:3.12-slim
2025-08-19T10:55:10.0687105Z #6 DONE 0.7s
2025-08-19T10:55:10.2911064Z 
2025-08-19T10:55:10.2911500Z #7 [internal] load .dockerignore
2025-08-19T10:55:10.2912008Z #7 transferring context: 265B done
2025-08-19T10:55:10.2912414Z #7 DONE 0.0s
2025-08-19T10:55:10.2912600Z 
2025-08-19T10:55:10.2912759Z #8 [internal] load build context
2025-08-19T10:55:10.2913214Z #8 transferring context: 135.90kB 0.0s done
2025-08-19T10:55:10.2913599Z #8 DONE 0.0s
2025-08-19T10:55:10.2913722Z 
2025-08-19T10:55:10.2914181Z #9 [stage-1 1/6] FROM docker.io/library/python:3.12-slim@sha256:d67a7b66b989ad6b6d6b10d428dcc5e0bfc3e5f88906e67d490c4d3daac57047
2025-08-19T10:55:10.2915434Z #9 resolve docker.io/library/python:3.12-slim@sha256:d67a7b66b989ad6b6d6b10d428dcc5e0bfc3e5f88906e67d490c4d3daac57047 done
2025-08-19T10:55:10.2916443Z #9 sha256:e5c05dcf47fbdb2f18dc242ad1b7f48fbd3813c0027ffcfb8e81e4aa7e0965f4 6.29MB / 12.11MB 0.2s
2025-08-19T10:55:10.4080734Z #9 sha256:e5c05dcf47fbdb2f18dc242ad1b7f48fbd3813c0027ffcfb8e81e4aa7e0965f4 12.11MB / 12.11MB 0.2s done
2025-08-19T10:55:10.4082123Z #9 sha256:d76206d463c08ba2a3f7bbab2de2a933ad73f33ab4ab813eafe50c9dff9edc12 251B / 251B 0.2s done
2025-08-19T10:55:10.4083109Z #9 sha256:5d587318e932a89b94608393c99dd30ee5092a6991c1656f717bd4f4e13d60df 1.29MB / 1.29MB 0.3s done
2025-08-19T10:55:10.4083715Z #9 sha256:396b1da7636e2dcd10565cb4f2f952cbb4a8a38b58d3b86a2cacb172fb70117c 0B / 29.77MB 0.2s
2025-08-19T10:55:10.5988969Z #9 sha256:396b1da7636e2dcd10565cb4f2f952cbb4a8a38b58d3b86a2cacb172fb70117c 2.10MB / 29.77MB 0.3s
2025-08-19T10:55:10.6012084Z #9 sha256:396b1da7636e2dcd10565cb4f2f952cbb4a8a38b58d3b86a2cacb172fb70117c 13.63MB / 29.77MB 0.5s
2025-08-19T10:55:10.7481114Z #9 sha256:396b1da7636e2dcd10565cb4f2f952cbb4a8a38b58d3b86a2cacb172fb70117c 27.26MB / 29.77MB 0.6s
2025-08-19T10:55:10.9236266Z #9 sha256:396b1da7636e2dcd10565cb4f2f952cbb4a8a38b58d3b86a2cacb172fb70117c 29.77MB / 29.77MB 0.6s done
2025-08-19T10:55:10.9237347Z #9 extracting sha256:396b1da7636e2dcd10565cb4f2f952cbb4a8a38b58d3b86a2cacb172fb70117c
2025-08-19T10:55:11.4114841Z #9 extracting sha256:396b1da7636e2dcd10565cb4f2f952cbb4a8a38b58d3b86a2cacb172fb70117c 0.6s done
2025-08-19T10:55:11.4115944Z #9 DONE 1.3s
2025-08-19T10:55:11.6329864Z 
2025-08-19T10:55:11.6330803Z #9 [stage-1 1/6] FROM docker.io/library/python:3.12-slim@sha256:d67a7b66b989ad6b6d6b10d428dcc5e0bfc3e5f88906e67d490c4d3daac57047
2025-08-19T10:55:11.6331986Z #9 extracting sha256:5d587318e932a89b94608393c99dd30ee5092a6991c1656f717bd4f4e13d60df 0.1s done
2025-08-19T10:55:11.6332970Z #9 extracting sha256:e5c05dcf47fbdb2f18dc242ad1b7f48fbd3813c0027ffcfb8e81e4aa7e0965f4
2025-08-19T10:55:11.8367216Z #9 extracting sha256:e5c05dcf47fbdb2f18dc242ad1b7f48fbd3813c0027ffcfb8e81e4aa7e0965f4 0.4s done
2025-08-19T10:55:11.8367932Z #9 DONE 1.7s
2025-08-19T10:55:11.9499115Z 
2025-08-19T10:55:11.9500605Z #9 [stage-1 1/6] FROM docker.io/library/python:3.12-slim@sha256:d67a7b66b989ad6b6d6b10d428dcc5e0bfc3e5f88906e67d490c4d3daac57047
2025-08-19T10:55:11.9503150Z #9 extracting sha256:d76206d463c08ba2a3f7bbab2de2a933ad73f33ab4ab813eafe50c9dff9edc12 done
2025-08-19T10:55:11.9503940Z #9 DONE 1.7s
2025-08-19T10:55:11.9504118Z 
2025-08-19T10:55:11.9504253Z #10 [stage-1 2/6] WORKDIR /app
2025-08-19T10:55:11.9505093Z #10 DONE 0.1s
2025-08-19T10:55:12.0655247Z 
2025-08-19T10:55:12.0656633Z #11 [base  3/13] COPY services/api/requirements.txt ./requirements.txt
2025-08-19T10:55:12.0657233Z #11 DONE 0.0s
2025-08-19T10:55:12.0657413Z 
2025-08-19T10:55:12.0658819Z #12 [stage-1 3/6] RUN set -eux;     if [ -f /etc/apt/sources.list ]; then         sed -i 's|http://deb.debian.org|https://deb.debian.org|g' /etc/apt/sources.list;     fi;     apt-get update;     apt-get install -y --no-install-recommends tzdata postgresql-client curl;     rm -rf /var/lib/apt/lists/*
2025-08-19T10:55:12.0660400Z #12 0.053 + [ -f /etc/apt/sources.list ]
2025-08-19T10:55:12.0660814Z #12 0.053 + apt-get update
2025-08-19T10:55:12.0661249Z #12 0.097 Hit:1 http://deb.debian.org/debian trixie InRelease
2025-08-19T10:55:12.0661914Z #12 0.097 Get:2 http://deb.debian.org/debian trixie-updates InRelease [47.1 kB]
2025-08-19T10:55:12.0662714Z #12 0.099 Get:3 http://deb.debian.org/debian-security trixie-security InRelease [43.4 kB]
2025-08-19T10:55:12.0663525Z #12 0.115 Get:4 http://deb.debian.org/debian trixie/main amd64 Packages [9668 kB]
2025-08-19T10:55:12.2672562Z #12 0.165 Get:5 http://deb.debian.org/debian trixie-updates/main amd64 Packages [2432 B]
2025-08-19T10:55:12.2673534Z #12 0.166 Get:6 http://deb.debian.org/debian-security trixie-security/main amd64 Packages [11.6 kB]
2025-08-19T10:55:12.7651164Z #12 0.814 Fetched 9772 kB in 1s (13.3 MB/s)
2025-08-19T10:55:13.2410089Z #12 0.814 Reading package lists...
2025-08-19T10:55:13.4053445Z #12 1.300 + apt-get install -y --no-install-recommends tzdata postgresql-client curl
2025-08-19T10:55:13.8151517Z #12 1.308 Reading package lists...
2025-08-19T10:55:14.0379589Z #12 1.819 Building dependency tree...
2025-08-19T10:55:14.0380526Z #12 1.945 Reading state information...
2025-08-19T10:55:14.0381093Z #12 2.087 tzdata is already the newest version (2025b-4).
2025-08-19T10:55:14.0381710Z #12 2.087 The following additional packages will be installed:
2025-08-19T10:55:14.1447202Z #12 2.087   libbrotli1 libcom-err2 libcurl4t64 libgdbm-compat4t64 libgnutls30t64
2025-08-19T10:55:14.1449316Z #12 2.087   libgssapi-krb5-2 libidn2-0 libk5crypto3 libkeyutils1 libkrb5-3
2025-08-19T10:55:14.1450829Z #12 2.088   libkrb5support0 libldap2 libnghttp2-14 libnghttp3-9 libp11-kit0 libperl5.40
2025-08-19T10:55:14.1452104Z #12 2.088   libpq5 libpsl5t64 librtmp1 libsasl2-2 libsasl2-modules-db libssh2-1t64
2025-08-19T10:55:14.1452958Z #12 2.088   libtasn1-6 libunistring5 perl perl-modules-5.40 postgresql-client-17
2025-08-19T10:55:14.1453667Z #12 2.088   postgresql-client-common sensible-utils
2025-08-19T10:55:14.1454162Z #12 2.089 Suggested packages:
2025-08-19T10:55:14.1454954Z #12 2.089   gnutls-bin krb5-doc krb5-user perl-doc libterm-readline-gnu-perl
2025-08-19T10:55:14.1455805Z #12 2.089   | libterm-readline-perl-perl make libtap-harness-archive-perl postgresql-17
2025-08-19T10:55:14.1456735Z #12 2.089   postgresql-doc-17
2025-08-19T10:55:14.1457148Z #12 2.089 Recommended packages:
2025-08-19T10:55:14.1457762Z #12 2.089   bash-completion krb5-locales libldap-common publicsuffix libsasl2-modules
2025-08-19T10:55:14.2497639Z #12 2.271 The following NEW packages will be installed:
2025-08-19T10:55:14.2498574Z #12 2.271   curl libbrotli1 libcom-err2 libcurl4t64 libgdbm-compat4t64 libgnutls30t64
2025-08-19T10:55:14.2499608Z #12 2.271   libgssapi-krb5-2 libidn2-0 libk5crypto3 libkeyutils1 libkrb5-3
2025-08-19T10:55:14.2500468Z #12 2.271   libkrb5support0 libldap2 libnghttp2-14 libnghttp3-9 libp11-kit0 libperl5.40
2025-08-19T10:55:14.2501131Z #12 2.272   libpq5 libpsl5t64 librtmp1 libsasl2-2 libsasl2-modules-db libssh2-1t64
2025-08-19T10:55:14.2501675Z #12 2.272   libtasn1-6 libunistring5 perl perl-modules-5.40 postgresql-client
2025-08-19T10:55:14.2502171Z #12 2.272   postgresql-client-17 postgresql-client-common sensible-utils
2025-08-19T10:55:14.3539477Z #12 2.299 0 upgraded, 31 newly installed, 0 to remove and 0 not upgraded.
2025-08-19T10:55:14.3540154Z #12 2.299 Need to get 14.9 MB of archives.
2025-08-19T10:55:14.3540865Z #12 2.299 After this operation, 78.1 MB of additional disk space will be used.
2025-08-19T10:55:14.3541712Z #12 2.299 Get:1 http://deb.debian.org/debian trixie/main amd64 sensible-utils all 0.0.25 [25.0 kB]
2025-08-19T10:55:14.3542407Z #12 2.301 Get:2 http://deb.debian.org/debian trixie/main amd64 perl-modules-5.40 all 5.40.1-6 [3019 kB]
2025-08-19T10:55:14.3543156Z #12 2.324 Get:3 http://deb.debian.org/debian trixie/main amd64 libgdbm-compat4t64 amd64 1.24-2 [50.3 kB]
2025-08-19T10:55:14.3543799Z #12 2.324 Get:4 http://deb.debian.org/debian trixie/main amd64 libperl5.40 amd64 5.40.1-6 [4341 kB]
2025-08-19T10:55:14.3544628Z #12 2.351 Get:5 http://deb.debian.org/debian trixie/main amd64 perl amd64 5.40.1-6 [267 kB]
2025-08-19T10:55:14.3545283Z #12 2.352 Get:6 http://deb.debian.org/debian trixie/main amd64 libbrotli1 amd64 1.1.0-2+b7 [307 kB]
2025-08-19T10:55:14.3545839Z #12 2.354 Get:7 http://deb.debian.org/debian trixie/main amd64 libkrb5support0 amd64 1.21.3-5 [33.0 kB]
2025-08-19T10:55:14.3546511Z #12 2.354 Get:8 http://deb.debian.org/debian trixie/main amd64 libcom-err2 amd64 1.47.2-3+b3 [25.0 kB]
2025-08-19T10:55:14.3547287Z #12 2.355 Get:9 http://deb.debian.org/debian trixie/main amd64 libk5crypto3 amd64 1.21.3-5 [81.5 kB]
2025-08-19T10:55:14.3547820Z #12 2.355 Get:10 http://deb.debian.org/debian trixie/main amd64 libkeyutils1 amd64 1.6.3-6 [9456 B]
2025-08-19T10:55:14.3548434Z #12 2.356 Get:11 http://deb.debian.org/debian trixie/main amd64 libkrb5-3 amd64 1.21.3-5 [326 kB]
2025-08-19T10:55:14.3549045Z #12 2.357 Get:12 http://deb.debian.org/debian trixie/main amd64 libgssapi-krb5-2 amd64 1.21.3-5 [138 kB]
2025-08-19T10:55:14.3549628Z #12 2.358 Get:13 http://deb.debian.org/debian trixie/main amd64 libunistring5 amd64 1.3-2 [477 kB]
2025-08-19T10:55:14.3550178Z #12 2.360 Get:14 http://deb.debian.org/debian trixie/main amd64 libidn2-0 amd64 2.3.8-2 [109 kB]
2025-08-19T10:55:14.3550930Z #12 2.361 Get:15 http://deb.debian.org/debian trixie/main amd64 libsasl2-modules-db amd64 2.1.28+dfsg1-9 [19.8 kB]
2025-08-19T10:55:14.3551968Z #12 2.361 Get:16 http://deb.debian.org/debian trixie/main amd64 libsasl2-2 amd64 2.1.28+dfsg1-9 [57.5 kB]
2025-08-19T10:55:14.3553000Z #12 2.362 Get:17 http://deb.debian.org/debian trixie/main amd64 libldap2 amd64 2.6.10+dfsg-1 [194 kB]
2025-08-19T10:55:14.3553964Z #12 2.362 Get:18 http://deb.debian.org/debian trixie/main amd64 libnghttp2-14 amd64 1.64.0-1.1 [76.0 kB]
2025-08-19T10:55:14.3555563Z #12 2.363 Get:19 http://deb.debian.org/debian trixie/main amd64 libnghttp3-9 amd64 1.8.0-1 [67.7 kB]
2025-08-19T10:55:14.3556573Z #12 2.364 Get:20 http://deb.debian.org/debian trixie/main amd64 libpsl5t64 amd64 0.21.2-1.1+b1 [57.2 kB]
2025-08-19T10:55:14.3557484Z #12 2.364 Get:21 http://deb.debian.org/debian trixie/main amd64 libp11-kit0 amd64 0.25.5-3 [425 kB]
2025-08-19T10:55:14.3558367Z #12 2.366 Get:22 http://deb.debian.org/debian trixie/main amd64 libtasn1-6 amd64 4.20.0-2 [49.9 kB]
2025-08-19T10:55:14.3559622Z #12 2.367 Get:23 http://deb.debian.org/debian trixie/main amd64 libgnutls30t64 amd64 3.8.9-3 [1465 kB]
2025-08-19T10:55:14.3560671Z #12 2.372 Get:24 http://deb.debian.org/debian trixie/main amd64 librtmp1 amd64 2.4+20151223.gitfa8646d.1-2+b5 [58.8 kB]
2025-08-19T10:55:14.3562182Z #12 2.372 Get:25 http://deb.debian.org/debian trixie/main amd64 libssh2-1t64 amd64 1.11.1-1 [245 kB]
2025-08-19T10:55:14.3563589Z #12 2.373 Get:26 http://deb.debian.org/debian trixie/main amd64 libcurl4t64 amd64 8.14.1-2 [391 kB]
2025-08-19T10:55:14.3565860Z #12 2.375 Get:27 http://deb.debian.org/debian trixie/main amd64 curl amd64 8.14.1-2 [269 kB]
2025-08-19T10:55:14.3568097Z #12 2.376 Get:28 http://deb.debian.org/debian trixie/main amd64 libpq5 amd64 17.5-1 [226 kB]
2025-08-19T10:55:14.3569061Z #12 2.377 Get:29 http://deb.debian.org/debian trixie/main amd64 postgresql-client-common all 278 [47.1 kB]
2025-08-19T10:55:14.3570116Z #12 2.378 Get:30 http://deb.debian.org/debian trixie/main amd64 postgresql-client-17 amd64 17.5-1 [2025 kB]
2025-08-19T10:55:14.3571144Z #12 2.385 Get:31 http://deb.debian.org/debian trixie/main amd64 postgresql-client all 17+278 [14.0 kB]
2025-08-19T10:55:15.5680581Z #12 3.518 Fetched 14.9 MB in 0s (144 MB/s)
2025-08-19T10:55:15.5681367Z #12 3.532 Selecting previously unselected package sensible-utils.
2025-08-19T10:55:15.5681910Z #12 3.532 (Reading database ... 
2025-08-19T10:55:15.5682295Z (Reading database ... 5%
2025-08-19T10:55:15.5682637Z (Reading database ... 10%
2025-08-19T10:55:15.5683015Z (Reading database ... 15%
2025-08-19T10:55:15.5683357Z (Reading database ... 20%
2025-08-19T10:55:15.5683687Z (Reading database ... 25%
2025-08-19T10:55:15.5684013Z (Reading database ... 30%
2025-08-19T10:55:15.5684351Z (Reading database ... 35%
2025-08-19T10:55:15.5684855Z (Reading database ... 40%
2025-08-19T10:55:15.5685198Z (Reading database ... 45%
2025-08-19T10:55:15.5685541Z (Reading database ... 50%
2025-08-19T10:55:15.5685872Z (Reading database ... 55%
2025-08-19T10:55:15.5686223Z (Reading database ... 60%
2025-08-19T10:55:15.5686547Z (Reading database ... 65%
2025-08-19T10:55:15.5686885Z (Reading database ... 70%
2025-08-19T10:55:15.5687216Z (Reading database ... 75%
2025-08-19T10:55:15.5687548Z (Reading database ... 80%
2025-08-19T10:55:15.5687876Z (Reading database ... 85%
2025-08-19T10:55:15.5688205Z (Reading database ... 90%
2025-08-19T10:55:15.5688532Z (Reading database ... 95%
2025-08-19T10:55:15.5688885Z (Reading database ... 100%
2025-08-19T10:55:15.5689379Z (Reading database ... 5643 files and directories currently installed.)
2025-08-19T10:55:15.5690061Z #12 3.539 Preparing to unpack .../00-sensible-utils_0.0.25_all.deb ...
2025-08-19T10:55:15.5690621Z #12 3.540 Unpacking sensible-utils (0.0.25) ...
2025-08-19T10:55:15.5691190Z #12 3.561 Selecting previously unselected package perl-modules-5.40.
2025-08-19T10:55:15.5691871Z #12 3.562 Preparing to unpack .../01-perl-modules-5.40_5.40.1-6_all.deb ...
2025-08-19T10:55:15.5692476Z #12 3.563 Unpacking perl-modules-5.40 (5.40.1-6) ...
2025-08-19T10:55:15.8901329Z #12 3.868 Selecting previously unselected package libgdbm-compat4t64:amd64.
2025-08-19T10:55:15.8902144Z #12 3.869 Preparing to unpack .../02-libgdbm-compat4t64_1.24-2_amd64.deb ...
2025-08-19T10:55:15.8902767Z #12 3.872 Unpacking libgdbm-compat4t64:amd64 (1.24-2) ...
2025-08-19T10:55:15.8903363Z #12 3.890 Selecting previously unselected package libperl5.40:amd64.
2025-08-19T10:55:15.8904648Z #12 3.892 Preparing to unpack .../03-libperl5.40_5.40.1-6_amd64.deb ...
2025-08-19T10:55:15.8905245Z #12 3.894 Unpacking libperl5.40:amd64 (5.40.1-6) ...
2025-08-19T10:55:16.1437981Z #12 4.132 Selecting previously unselected package perl.
2025-08-19T10:55:16.1438646Z #12 4.133 Preparing to unpack .../04-perl_5.40.1-6_amd64.deb ...
2025-08-19T10:55:16.1439171Z #12 4.135 Unpacking perl (5.40.1-6) ...
2025-08-19T10:55:16.1439721Z #12 4.161 Selecting previously unselected package libbrotli1:amd64.
2025-08-19T10:55:16.1440404Z #12 4.163 Preparing to unpack .../05-libbrotli1_1.1.0-2+b7_amd64.deb ...
2025-08-19T10:55:16.1441335Z #12 4.164 Unpacking libbrotli1:amd64 (1.1.0-2+b7) ...
2025-08-19T10:55:16.1441950Z #12 4.193 Selecting previously unselected package libkrb5support0:amd64.
2025-08-19T10:55:16.2678299Z #12 4.195 Preparing to unpack .../06-libkrb5support0_1.21.3-5_amd64.deb ...
2025-08-19T10:55:16.2678938Z #12 4.196 Unpacking libkrb5support0:amd64 (1.21.3-5) ...
2025-08-19T10:55:16.2679467Z #12 4.214 Selecting previously unselected package libcom-err2:amd64.
2025-08-19T10:55:16.2680073Z #12 4.216 Preparing to unpack .../07-libcom-err2_1.47.2-3+b3_amd64.deb ...
2025-08-19T10:55:16.2680580Z #12 4.217 Unpacking libcom-err2:amd64 (1.47.2-3+b3) ...
2025-08-19T10:55:16.2681077Z #12 4.233 Selecting previously unselected package libk5crypto3:amd64.
2025-08-19T10:55:16.2681642Z #12 4.235 Preparing to unpack .../08-libk5crypto3_1.21.3-5_amd64.deb ...
2025-08-19T10:55:16.2682138Z #12 4.236 Unpacking libk5crypto3:amd64 (1.21.3-5) ...
2025-08-19T10:55:16.2682638Z #12 4.261 Selecting previously unselected package libkeyutils1:amd64.
2025-08-19T10:55:16.2683209Z #12 4.262 Preparing to unpack .../09-libkeyutils1_1.6.3-6_amd64.deb ...
2025-08-19T10:55:16.2685485Z #12 4.264 Unpacking libkeyutils1:amd64 (1.6.3-6) ...
2025-08-19T10:55:16.2686315Z #12 4.281 Selecting previously unselected package libkrb5-3:amd64.
2025-08-19T10:55:16.2687049Z #12 4.283 Preparing to unpack .../10-libkrb5-3_1.21.3-5_amd64.deb ...
2025-08-19T10:55:16.2687525Z #12 4.284 Unpacking libkrb5-3:amd64 (1.21.3-5) ...
2025-08-19T10:55:16.2688032Z #12 4.317 Selecting previously unselected package libgssapi-krb5-2:amd64.
2025-08-19T10:55:16.3751650Z #12 4.319 Preparing to unpack .../11-libgssapi-krb5-2_1.21.3-5_amd64.deb ...
2025-08-19T10:55:16.3752396Z #12 4.320 Unpacking libgssapi-krb5-2:amd64 (1.21.3-5) ...
2025-08-19T10:55:16.3753910Z #12 4.342 Selecting previously unselected package libunistring5:amd64.
2025-08-19T10:55:16.3755049Z #12 4.344 Preparing to unpack .../12-libunistring5_1.3-2_amd64.deb ...
2025-08-19T10:55:16.3756248Z #12 4.345 Unpacking libunistring5:amd64 (1.3-2) ...
2025-08-19T10:55:16.3757030Z #12 4.384 Selecting previously unselected package libidn2-0:amd64.
2025-08-19T10:55:16.3757762Z #12 4.386 Preparing to unpack .../13-libidn2-0_2.3.8-2_amd64.deb ...
2025-08-19T10:55:16.3758309Z #12 4.387 Unpacking libidn2-0:amd64 (2.3.8-2) ...
2025-08-19T10:55:16.3758872Z #12 4.407 Selecting previously unselected package libsasl2-modules-db:amd64.
2025-08-19T10:55:16.3761527Z #12 4.408 Preparing to unpack .../14-libsasl2-modules-db_2.1.28+dfsg1-9_amd64.deb ...
2025-08-19T10:55:16.3763789Z #12 4.409 Unpacking libsasl2-modules-db:amd64 (2.1.28+dfsg1-9) ...
2025-08-19T10:55:16.3764970Z #12 4.424 Selecting previously unselected package libsasl2-2:amd64.
2025-08-19T10:55:16.4895907Z #12 4.426 Preparing to unpack .../15-libsasl2-2_2.1.28+dfsg1-9_amd64.deb ...
2025-08-19T10:55:16.4896695Z #12 4.427 Unpacking libsasl2-2:amd64 (2.1.28+dfsg1-9) ...
2025-08-19T10:55:16.4897799Z #12 4.445 Selecting previously unselected package libldap2:amd64.
2025-08-19T10:55:16.4899212Z #12 4.446 Preparing to unpack .../16-libldap2_2.6.10+dfsg-1_amd64.deb ...
2025-08-19T10:55:16.4901177Z #12 4.447 Unpacking libldap2:amd64 (2.6.10+dfsg-1) ...
2025-08-19T10:55:16.4901809Z #12 4.472 Selecting previously unselected package libnghttp2-14:amd64.
2025-08-19T10:55:16.4902508Z #12 4.475 Preparing to unpack .../17-libnghttp2-14_1.64.0-1.1_amd64.deb ...
2025-08-19T10:55:16.4903098Z #12 4.476 Unpacking libnghttp2-14:amd64 (1.64.0-1.1) ...
2025-08-19T10:55:16.4903996Z #12 4.496 Selecting previously unselected package libnghttp3-9:amd64.
2025-08-19T10:55:16.4905751Z #12 4.497 Preparing to unpack .../18-libnghttp3-9_1.8.0-1_amd64.deb ...
2025-08-19T10:55:16.4906335Z #12 4.499 Unpacking libnghttp3-9:amd64 (1.8.0-1) ...
2025-08-19T10:55:16.4906763Z #12 4.518 Selecting previously unselected package libpsl5t64:amd64.
2025-08-19T10:55:16.4907237Z #12 4.520 Preparing to unpack .../19-libpsl5t64_0.21.2-1.1+b1_amd64.deb ...
2025-08-19T10:55:16.4907651Z #12 4.521 Unpacking libpsl5t64:amd64 (0.21.2-1.1+b1) ...
2025-08-19T10:55:16.4908456Z #12 4.539 Selecting previously unselected package libp11-kit0:amd64.
2025-08-19T10:55:16.6021859Z #12 4.541 Preparing to unpack .../20-libp11-kit0_0.25.5-3_amd64.deb ...
2025-08-19T10:55:16.6022535Z #12 4.542 Unpacking libp11-kit0:amd64 (0.25.5-3) ...
2025-08-19T10:55:16.6023715Z #12 4.574 Selecting previously unselected package libtasn1-6:amd64.
2025-08-19T10:55:16.6025409Z #12 4.576 Preparing to unpack .../21-libtasn1-6_4.20.0-2_amd64.deb ...
2025-08-19T10:55:16.6025937Z #12 4.577 Unpacking libtasn1-6:amd64 (4.20.0-2) ...
2025-08-19T10:55:16.6026441Z #12 4.595 Selecting previously unselected package libgnutls30t64:amd64.
2025-08-19T10:55:16.6027025Z #12 4.597 Preparing to unpack .../22-libgnutls30t64_3.8.9-3_amd64.deb ...
2025-08-19T10:55:16.6027519Z #12 4.598 Unpacking libgnutls30t64:amd64 (3.8.9-3) ...
2025-08-19T10:55:16.6028010Z #12 4.651 Selecting previously unselected package librtmp1:amd64.
2025-08-19T10:55:16.7087857Z #12 4.653 Preparing to unpack .../23-librtmp1_2.4+20151223.gitfa8646d.1-2+b5_amd64.deb ...
2025-08-19T10:55:16.7091653Z #12 4.654 Unpacking librtmp1:amd64 (2.4+20151223.gitfa8646d.1-2+b5) ...
2025-08-19T10:55:16.7092276Z #12 4.673 Selecting previously unselected package libssh2-1t64:amd64.
2025-08-19T10:55:16.7092879Z #12 4.675 Preparing to unpack .../24-libssh2-1t64_1.11.1-1_amd64.deb ...
2025-08-19T10:55:16.7093405Z #12 4.676 Unpacking libssh2-1t64:amd64 (1.11.1-1) ...
2025-08-19T10:55:16.7093930Z #12 4.698 Selecting previously unselected package libcurl4t64:amd64.
2025-08-19T10:55:16.7094777Z #12 4.700 Preparing to unpack .../25-libcurl4t64_8.14.1-2_amd64.deb ...
2025-08-19T10:55:16.7095286Z #12 4.701 Unpacking libcurl4t64:amd64 (8.14.1-2) ...
2025-08-19T10:55:16.7095741Z #12 4.731 Selecting previously unselected package curl.
2025-08-19T10:55:16.7096225Z #12 4.733 Preparing to unpack .../26-curl_8.14.1-2_amd64.deb ...
2025-08-19T10:55:16.7096653Z #12 4.734 Unpacking curl (8.14.1-2) ...
2025-08-19T10:55:16.7097093Z #12 4.758 Selecting previously unselected package libpq5:amd64.
2025-08-19T10:55:16.8877238Z #12 4.760 Preparing to unpack .../27-libpq5_17.5-1_amd64.deb ...
2025-08-19T10:55:16.8879473Z #12 4.761 Unpacking libpq5:amd64 (17.5-1) ...
2025-08-19T10:55:16.8880592Z #12 4.789 Selecting previously unselected package postgresql-client-common.
2025-08-19T10:55:16.8881434Z #12 4.790 Preparing to unpack .../28-postgresql-client-common_278_all.deb ...
2025-08-19T10:55:16.8882155Z #12 4.796 Unpacking postgresql-client-common (278) ...
2025-08-19T10:55:16.8882772Z #12 4.818 Selecting previously unselected package postgresql-client-17.
2025-08-19T10:55:16.8883398Z #12 4.820 Preparing to unpack .../29-postgresql-client-17_17.5-1_amd64.deb ...
2025-08-19T10:55:16.8883934Z #12 4.821 Unpacking postgresql-client-17 (17.5-1) ...
2025-08-19T10:55:16.8884674Z #12 4.937 Selecting previously unselected package postgresql-client.
2025-08-19T10:55:16.9899967Z #12 4.939 Preparing to unpack .../30-postgresql-client_17+278_all.deb ...
2025-08-19T10:55:16.9901709Z #12 4.940 Unpacking postgresql-client (17+278) ...
2025-08-19T10:55:16.9902323Z #12 4.962 Setting up libkeyutils1:amd64 (1.6.3-6) ...
2025-08-19T10:55:16.9902658Z #12 4.965 Setting up libgdbm-compat4t64:amd64 (1.24-2) ...
2025-08-19T10:55:16.9903099Z #12 4.967 Setting up libbrotli1:amd64 (1.1.0-2+b7) ...
2025-08-19T10:55:16.9903427Z #12 4.970 Setting up libnghttp2-14:amd64 (1.64.0-1.1) ...
2025-08-19T10:55:16.9903741Z #12 4.973 Setting up libcom-err2:amd64 (1.47.2-3+b3) ...
2025-08-19T10:55:16.9904311Z #12 4.975 Setting up libkrb5support0:amd64 (1.21.3-5) ...
2025-08-19T10:55:16.9904891Z #12 4.978 Setting up libsasl2-modules-db:amd64 (2.1.28+dfsg1-9) ...
2025-08-19T10:55:16.9905234Z #12 4.981 Setting up libp11-kit0:amd64 (0.25.5-3) ...
2025-08-19T10:55:16.9905520Z #12 4.984 Setting up libunistring5:amd64 (1.3-2) ...
2025-08-19T10:55:16.9905816Z #12 4.987 Setting up libk5crypto3:amd64 (1.21.3-5) ...
2025-08-19T10:55:16.9906115Z #12 4.990 Setting up libsasl2-2:amd64 (2.1.28+dfsg1-9) ...
2025-08-19T10:55:16.9906593Z #12 4.992 Setting up libnghttp3-9:amd64 (1.8.0-1) ...
2025-08-19T10:55:16.9906887Z #12 4.995 Setting up perl-modules-5.40 (5.40.1-6) ...
2025-08-19T10:55:16.9907181Z #12 4.998 Setting up sensible-utils (0.0.25) ...
2025-08-19T10:55:16.9907461Z #12 5.000 Setting up libtasn1-6:amd64 (4.20.0-2) ...
2025-08-19T10:55:16.9907732Z #12 5.003 Setting up libkrb5-3:amd64 (1.21.3-5) ...
2025-08-19T10:55:16.9908014Z #12 5.005 Setting up libssh2-1t64:amd64 (1.11.1-1) ...
2025-08-19T10:55:16.9908311Z #12 5.008 Setting up libldap2:amd64 (2.6.10+dfsg-1) ...
2025-08-19T10:55:16.9908603Z #12 5.011 Setting up libidn2-0:amd64 (2.3.8-2) ...
2025-08-19T10:55:16.9908881Z #12 5.013 Setting up libperl5.40:amd64 (5.40.1-6) ...
2025-08-19T10:55:16.9909144Z #12 5.016 Setting up perl (5.40.1-6) ...
2025-08-19T10:55:16.9909427Z #12 5.023 Setting up libgssapi-krb5-2:amd64 (1.21.3-5) ...
2025-08-19T10:55:16.9909724Z #12 5.026 Setting up libgnutls30t64:amd64 (3.8.9-3) ...
2025-08-19T10:55:16.9910024Z #12 5.029 Setting up postgresql-client-common (278) ...
2025-08-19T10:55:16.9910327Z #12 5.036 Setting up libpsl5t64:amd64 (0.21.2-1.1+b1) ...
2025-08-19T10:55:16.9910614Z #12 5.039 Setting up libpq5:amd64 (17.5-1) ...
2025-08-19T10:55:17.0906152Z #12 5.046 Setting up librtmp1:amd64 (2.4+20151223.gitfa8646d.1-2+b5) ...
2025-08-19T10:55:17.0906978Z #12 5.048 Setting up libcurl4t64:amd64 (8.14.1-2) ...
2025-08-19T10:55:17.0907527Z #12 5.051 Setting up postgresql-client-17 (17.5-1) ...
2025-08-19T10:55:17.4355659Z #12 5.423 update-alternatives: using /usr/share/postgresql/17/man/man1/psql.1.gz to provide /usr/share/man/man1/psql.1.gz (psql.1.gz) in auto mode
2025-08-19T10:55:17.4358517Z #12 5.466 Setting up curl (8.14.1-2) ...
2025-08-19T10:55:17.4360194Z #12 5.470 Setting up postgresql-client (17+278) ...
2025-08-19T10:55:17.4361080Z #12 5.474 Processing triggers for libc-bin (2.41-12) ...
2025-08-19T10:55:17.5416824Z #12 5.503 + rm -rf /var/lib/apt/lists/auxfiles /var/lib/apt/lists/deb.debian.org_debian-security_dists_trixie-security_InRelease /var/lib/apt/lists/deb.debian.org_debian-security_dists_trixie-security_main_binary-amd64_Packages.lz4 /var/lib/apt/lists/deb.debian.org_debian_dists_trixie-updates_InRelease /var/lib/apt/lists/deb.debian.org_debian_dists_trixie-updates_main_binary-amd64_Packages.lz4 /var/lib/apt/lists/deb.debian.org_debian_dists_trixie_InRelease /var/lib/apt/lists/deb.debian.org_debian_dists_trixie_main_binary-amd64_Packages.lz4 /var/lib/apt/lists/lock /var/lib/apt/lists/partial
2025-08-19T10:55:17.5420575Z #12 DONE 5.6s
2025-08-19T10:55:17.5420765Z 
2025-08-19T10:55:17.5421039Z #13 [base  4/13] RUN pip install --no-cache-dir -r requirements.txt
2025-08-19T10:55:17.5421715Z #13 1.443 Collecting uvicorn==0.29.0 (from -r requirements.txt (line 1))
2025-08-19T10:55:17.5422388Z #13 1.461   Downloading uvicorn-0.29.0-py3-none-any.whl.metadata (6.3 kB)
2025-08-19T10:55:17.5423182Z #13 1.475 Collecting pydantic-settings==2.2.1 (from -r requirements.txt (line 2))
2025-08-19T10:55:17.5424041Z #13 1.478   Downloading pydantic_settings-2.2.1-py3-none-any.whl.metadata (3.1 kB)
2025-08-19T10:55:17.5425061Z #13 1.515 Collecting fastapi==0.111.0 (from -r requirements.txt (line 3))
2025-08-19T10:55:17.5425818Z #13 1.518   Downloading fastapi-0.111.0-py3-none-any.whl.metadata (25 kB)
2025-08-19T10:55:17.5426577Z #13 1.742 Collecting sqlalchemy==2.0.29 (from -r requirements.txt (line 4))
2025-08-19T10:55:17.5427638Z #13 1.746   Downloading SQLAlchemy-2.0.29-cp312-cp312-manylinux_2_17_x86_64.manylinux2014_x86_64.whl.metadata (9.6 kB)
2025-08-19T10:55:17.5429158Z #13 1.770 Collecting alembic==1.13.1 (from -r requirements.txt (line 5))
2025-08-19T10:55:17.5429969Z #13 1.773   Downloading alembic-1.13.1-py3-none-any.whl.metadata (7.4 kB)
2025-08-19T10:55:17.5430928Z #13 1.793 Collecting psycopg==3.2.9 (from psycopg[binary]==3.2.9->-r requirements.txt (line 6))
2025-08-19T10:55:17.5431743Z #13 1.797   Downloading psycopg-3.2.9-py3-none-any.whl.metadata (4.5 kB)
2025-08-19T10:55:17.5432533Z #13 1.818 Collecting httpx==0.27.2 (from -r requirements.txt (line 7))
2025-08-19T10:55:17.5433556Z #13 1.821   Downloading httpx-0.27.2-py3-none-any.whl.metadata (7.1 kB)
2025-08-19T10:55:17.5434315Z #13 1.852 Collecting asyncpg==0.29.0 (from -r requirements.txt (line 8))
2025-08-19T10:55:17.5435546Z #13 1.856   Downloading asyncpg-0.29.0-cp312-cp312-manylinux_2_17_x86_64.manylinux2014_x86_64.whl.metadata (4.4 kB)
2025-08-19T10:55:17.5436454Z #13 2.100 Collecting boto3==1.34.162 (from -r requirements.txt (line 9))
2025-08-19T10:55:17.5437185Z #13 2.103   Downloading boto3-1.34.162-py3-none-any.whl.metadata (6.6 kB)
2025-08-19T10:55:17.5437900Z #13 2.116 Collecting Jinja2==3.1.5 (from -r requirements.txt (line 10))
2025-08-19T10:55:17.5438597Z #13 2.118   Downloading jinja2-3.1.5-py3-none-any.whl.metadata (2.6 kB)
2025-08-19T10:55:17.5439548Z #13 2.148 Collecting celery==5.3.* (from -r requirements.txt (line 11))
2025-08-19T10:55:17.5440307Z #13 2.151   Downloading celery-5.3.6-py3-none-any.whl.metadata (21 kB)
2025-08-19T10:55:17.5441104Z #13 2.182 Collecting structlog==24.1.0 (from -r requirements.txt (line 12))
2025-08-19T10:55:17.5441850Z #13 2.186   Downloading structlog-24.1.0-py3-none-any.whl.metadata (6.9 kB)
2025-08-19T10:55:17.5442752Z #13 2.199 Collecting asgi-correlation-id==4.3.1 (from -r requirements.txt (line 13))
2025-08-19T10:55:17.5443590Z #13 2.203   Downloading asgi_correlation_id-4.3.1-py3-none-any.whl.metadata (28 kB)
2025-08-19T10:55:17.5444593Z #13 2.212 Collecting fastapi-limiter==0.1.6 (from -r requirements.txt (line 14))
2025-08-19T10:55:17.5445533Z #13 2.215   Downloading fastapi_limiter-0.1.6-py3-none-any.whl.metadata (5.3 kB)
2025-08-19T10:55:17.5446297Z #13 2.237 Collecting redis==5.0.8 (from -r requirements.txt (line 15))
2025-08-19T10:55:17.5446976Z #13 2.241   Downloading redis-5.0.8-py3-none-any.whl.metadata (9.2 kB)
2025-08-19T10:55:17.5447884Z #13 2.287 Collecting sentry-sdk==2.9.0 (from sentry-sdk[celery,fastapi,sqlalchemy]==2.9.0->-r requirements.txt (line 16))
2025-08-19T10:55:17.5448868Z #13 2.291   Downloading sentry_sdk-2.9.0-py2.py3-none-any.whl.metadata (14 kB)
2025-08-19T10:55:17.5449738Z #13 2.380 Collecting click>=7.0 (from uvicorn==0.29.0->-r requirements.txt (line 1))
2025-08-19T10:55:17.5450533Z #13 2.383   Downloading click-8.2.1-py3-none-any.whl.metadata (2.5 kB)
2025-08-19T10:55:17.5451250Z #13 2.391 Collecting h11>=0.8 (from uvicorn==0.29.0->-r requirements.txt (line 1))
2025-08-19T10:55:17.5452033Z #13 2.394   Downloading h11-0.16.0-py3-none-any.whl.metadata (8.3 kB)
2025-08-19T10:55:17.5452850Z #13 2.482 Collecting pydantic>=2.3.0 (from pydantic-settings==2.2.1->-r requirements.txt (line 2))
2025-08-19T10:55:17.5453780Z #13 2.485   Downloading pydantic-2.11.7-py3-none-any.whl.metadata (67 kB)
2025-08-19T10:55:17.5454817Z #13 2.500 Collecting python-dotenv>=0.21.0 (from pydantic-settings==2.2.1->-r requirements.txt (line 2))
2025-08-19T10:55:17.5455760Z #13 2.503   Downloading python_dotenv-1.1.1-py3-none-any.whl.metadata (24 kB)
2025-08-19T10:55:17.5456586Z #13 2.532 Collecting starlette<0.38.0,>=0.37.2 (from fastapi==0.111.0->-r requirements.txt (line 3))
2025-08-19T10:55:17.5457434Z #13 2.535   Downloading starlette-0.37.2-py3-none-any.whl.metadata (5.9 kB)
2025-08-19T10:55:17.5458306Z #13 2.581 Collecting typing-extensions>=4.8.0 (from fastapi==0.111.0->-r requirements.txt (line 3))
2025-08-19T10:55:17.5459224Z #13 2.584   Downloading typing_extensions-4.14.1-py3-none-any.whl.metadata (3.0 kB)
2025-08-19T10:55:17.5460438Z #13 2.592 Collecting fastapi-cli>=0.0.2 (from fastapi==0.111.0->-r requirements.txt (line 3))
2025-08-19T10:55:17.5461257Z #13 2.595   Downloading fastapi_cli-0.0.8-py3-none-any.whl.metadata (6.3 kB)
2025-08-19T10:55:17.5462119Z #13 2.610 Collecting python-multipart>=0.0.7 (from fastapi==0.111.0->-r requirements.txt (line 3))
2025-08-19T10:55:17.5463010Z #13 2.613   Downloading python_multipart-0.0.20-py3-none-any.whl.metadata (1.8 kB)
2025-08-19T10:55:17.5463931Z #13 2.655 Collecting ujson!=4.0.2,!=4.1.0,!=4.2.0,!=4.3.0,!=5.0.0,!=5.1.0,>=4.0.1 (from fastapi==0.111.0->-r requirements.txt (line 3))
2025-08-19T10:55:17.5465337Z #13 2.658   Downloading ujson-5.10.0-cp312-cp312-manylinux_2_17_x86_64.manylinux2014_x86_64.whl.metadata (9.3 kB)
2025-08-19T10:55:17.5466360Z #13 2.839 Collecting orjson>=3.2.1 (from fastapi==0.111.0->-r requirements.txt (line 3))
2025-08-19T10:55:17.5467326Z #13 2.842   Downloading orjson-3.11.2-cp312-cp312-manylinux_2_17_x86_64.manylinux2014_x86_64.whl.metadata (1.2 kB)
2025-08-19T10:55:17.5468399Z #13 2.851 Collecting email_validator>=2.0.0 (from fastapi==0.111.0->-r requirements.txt (line 3))
2025-08-19T10:55:17.5469225Z #13 2.854   Downloading email_validator-2.2.0-py3-none-any.whl.metadata (25 kB)
2025-08-19T10:55:17.5470060Z #13 2.960 Collecting greenlet!=0.4.17 (from sqlalchemy==2.0.29->-r requirements.txt (line 4))
2025-08-19T10:55:17.5494699Z #13 2.963   Downloading greenlet-3.2.4-cp312-cp312-manylinux_2_24_x86_64.manylinux_2_28_x86_64.whl.metadata (4.1 kB)
2025-08-19T10:55:17.5495307Z #13 2.986 Collecting Mako (from alembic==1.13.1->-r requirements.txt (line 5))
2025-08-19T10:55:17.5495770Z #13 2.989   Downloading mako-1.3.10-py3-none-any.whl.metadata (2.9 kB)
2025-08-19T10:55:17.5496201Z #13 3.009 Collecting anyio (from httpx==0.27.2->-r requirements.txt (line 7))
2025-08-19T10:55:17.5496623Z #13 3.013   Downloading anyio-4.10.0-py3-none-any.whl.metadata (4.0 kB)
2025-08-19T10:55:17.5497057Z #13 3.027 Collecting certifi (from httpx==0.27.2->-r requirements.txt (line 7))
2025-08-19T10:55:17.5497496Z #13 3.030   Downloading certifi-2025.8.3-py3-none-any.whl.metadata (2.4 kB)
2025-08-19T10:55:17.5497949Z #13 3.045 Collecting httpcore==1.* (from httpx==0.27.2->-r requirements.txt (line 7))
2025-08-19T10:55:17.5498385Z #13 3.048   Downloading httpcore-1.0.9-py3-none-any.whl.metadata (21 kB)
2025-08-19T10:55:17.5498802Z #13 3.058 Collecting idna (from httpx==0.27.2->-r requirements.txt (line 7))
2025-08-19T10:55:17.5499202Z #13 3.061   Downloading idna-3.10-py3-none-any.whl.metadata (10 kB)
2025-08-19T10:55:17.5499599Z #13 3.067 Collecting sniffio (from httpx==0.27.2->-r requirements.txt (line 7))
2025-08-19T10:55:17.5500035Z #13 3.070   Downloading sniffio-1.3.1-py3-none-any.whl.metadata (3.9 kB)
2025-08-19T10:55:17.5500485Z #13 3.394 Collecting botocore<1.35.0,>=1.34.162 (from boto3==1.34.162->-r requirements.txt (line 9))
2025-08-19T10:55:17.5500959Z #13 3.397   Downloading botocore-1.34.162-py3-none-any.whl.metadata (5.7 kB)
2025-08-19T10:55:17.5501418Z #13 3.409 Collecting jmespath<2.0.0,>=0.7.1 (from boto3==1.34.162->-r requirements.txt (line 9))
2025-08-19T10:55:17.5501869Z #13 3.411   Downloading jmespath-1.0.1-py3-none-any.whl.metadata (7.6 kB)
2025-08-19T10:55:17.5502329Z #13 3.424 Collecting s3transfer<0.11.0,>=0.10.0 (from boto3==1.34.162->-r requirements.txt (line 9))
2025-08-19T10:55:17.5502793Z #13 3.428   Downloading s3transfer-0.10.4-py3-none-any.whl.metadata (1.7 kB)
2025-08-19T10:55:17.5503248Z #13 3.464 Collecting MarkupSafe>=2.0 (from Jinja2==3.1.5->-r requirements.txt (line 10))
2025-08-19T10:55:17.5503819Z #13 3.468   Downloading MarkupSafe-3.0.2-cp312-cp312-manylinux_2_17_x86_64.manylinux2014_x86_64.whl.metadata (4.0 kB)
2025-08-19T10:55:17.5504630Z #13 3.488 Collecting billiard<5.0,>=4.2.0 (from celery==5.3.*->-r requirements.txt (line 11))
2025-08-19T10:55:17.5505175Z #13 3.491   Downloading billiard-4.2.1-py3-none-any.whl.metadata (4.4 kB)
2025-08-19T10:55:17.5505649Z #13 3.500 Collecting click-didyoumean>=0.3.0 (from celery==5.3.*->-r requirements.txt (line 11))
2025-08-19T10:55:17.5506319Z #13 3.503   Downloading click_didyoumean-0.3.1-py3-none-any.whl.metadata (3.9 kB)
2025-08-19T10:55:17.5506809Z #13 3.510 Collecting click-plugins>=1.1.1 (from celery==5.3.*->-r requirements.txt (line 11))
2025-08-19T10:55:17.5507307Z #13 3.513   Downloading click_plugins-1.1.1.2-py2.py3-none-any.whl.metadata (6.5 kB)
2025-08-19T10:55:17.5507786Z #13 3.521 Collecting click-repl>=0.2.0 (from celery==5.3.*->-r requirements.txt (line 11))
2025-08-19T10:55:17.5508228Z #13 3.524   Downloading click_repl-0.3.0-py3-none-any.whl.metadata (3.6 kB)
2025-08-19T10:55:17.5508780Z #13 3.565 Collecting kombu<6.0,>=5.3.4 (from celery==5.3.*->-r requirements.txt (line 11))
2025-08-19T10:55:17.5509201Z #13 3.569   Downloading kombu-5.5.4-py3-none-any.whl.metadata (3.5 kB)
2025-08-19T10:55:17.5509671Z #13 3.587 Collecting python-dateutil>=2.8.2 (from celery==5.3.*->-r requirements.txt (line 11))
2025-08-19T10:55:17.5510198Z #13 3.590   Downloading python_dateutil-2.9.0.post0-py2.py3-none-any.whl.metadata (8.4 kB)
2025-08-19T10:55:17.5510686Z #13 3.605 Collecting tzdata>=2022.7 (from celery==5.3.*->-r requirements.txt (line 11))
2025-08-19T10:55:17.5511136Z #13 3.608   Downloading tzdata-2025.2-py2.py3-none-any.whl.metadata (1.4 kB)
2025-08-19T10:55:17.5511568Z #13 3.619 Collecting vine<6.0,>=5.1.0 (from celery==5.3.*->-r requirements.txt (line 11))
2025-08-19T10:55:17.5511988Z #13 3.622   Downloading vine-5.1.0-py3-none-any.whl.metadata (2.7 kB)
2025-08-19T10:55:17.5512568Z #13 3.692 Collecting urllib3>=1.26.11 (from sentry-sdk==2.9.0->sentry-sdk[celery,fastapi,sqlalchemy]==2.9.0->-r requirements.txt (line 16))
2025-08-19T10:55:17.5513162Z #13 3.696   Downloading urllib3-2.5.0-py3-none-any.whl.metadata (6.5 kB)
2025-08-19T10:55:17.5513646Z #13 3.823 Collecting psycopg-binary==3.2.9 (from psycopg[binary]==3.2.9->-r requirements.txt (line 6))
2025-08-19T10:55:17.5514261Z #13 3.826   Downloading psycopg_binary-3.2.9-cp312-cp312-manylinux_2_17_x86_64.manylinux2014_x86_64.whl.metadata (2.9 kB)
2025-08-19T10:55:17.5515118Z #13 3.926 Collecting prompt-toolkit>=3.0.36 (from click-repl>=0.2.0->celery==5.3.*->-r requirements.txt (line 11))
2025-08-19T10:55:17.5515650Z #13 3.930   Downloading prompt_toolkit-3.0.51-py3-none-any.whl.metadata (6.4 kB)
2025-08-19T10:55:17.5516187Z #13 3.945 Collecting dnspython>=2.0.0 (from email_validator>=2.0.0->fastapi==0.111.0->-r requirements.txt (line 3))
2025-08-19T10:55:17.5516711Z #13 3.949   Downloading dnspython-2.7.0-py3-none-any.whl.metadata (5.8 kB)
2025-08-19T10:55:17.5517212Z #13 3.979 Collecting typer>=0.15.1 (from fastapi-cli>=0.0.2->fastapi==0.111.0->-r requirements.txt (line 3))
2025-08-19T10:55:17.5517695Z #13 3.982   Downloading typer-0.16.1-py3-none-any.whl.metadata (15 kB)
2025-08-19T10:55:17.5518185Z #13 4.019 Collecting rich-toolkit>=0.14.8 (from fastapi-cli>=0.0.2->fastapi==0.111.0->-r requirements.txt (line 3))
2025-08-19T10:55:17.5518703Z #13 4.022   Downloading rich_toolkit-0.15.0-py3-none-any.whl.metadata (1.0 kB)
2025-08-19T10:55:17.5519187Z #13 4.055 Collecting amqp<6.0.0,>=5.1.1 (from kombu<6.0,>=5.3.4->celery==5.3.*->-r requirements.txt (line 11))
2025-08-19T10:55:17.5519634Z #13 4.058   Downloading amqp-5.3.1-py3-none-any.whl.metadata (8.9 kB)
2025-08-19T10:55:17.5520085Z #13 4.079 Collecting packaging (from kombu<6.0,>=5.3.4->celery==5.3.*->-r requirements.txt (line 11))
2025-08-19T10:55:17.5520556Z #13 4.082   Downloading packaging-25.0-py3-none-any.whl.metadata (3.3 kB)
2025-08-19T10:55:17.5521102Z #13 4.097 Collecting annotated-types>=0.6.0 (from pydantic>=2.3.0->pydantic-settings==2.2.1->-r requirements.txt (line 2))
2025-08-19T10:55:17.5521666Z #13 4.100   Downloading annotated_types-0.7.0-py3-none-any.whl.metadata (15 kB)
2025-08-19T10:55:17.5522206Z #13 4.757 Collecting pydantic-core==2.33.2 (from pydantic>=2.3.0->pydantic-settings==2.2.1->-r requirements.txt (line 2))
2025-08-19T10:55:17.5522860Z #13 4.760   Downloading pydantic_core-2.33.2-cp312-cp312-manylinux_2_17_x86_64.manylinux2014_x86_64.whl.metadata (6.8 kB)
2025-08-19T10:55:17.5523640Z #13 4.773 Collecting typing-inspection>=0.4.0 (from pydantic>=2.3.0->pydantic-settings==2.2.1->-r requirements.txt (line 2))
2025-08-19T10:55:17.5524234Z #13 4.775   Downloading typing_inspection-0.4.1-py3-none-any.whl.metadata (2.6 kB)
2025-08-19T10:55:17.5524862Z #13 4.793 Collecting six>=1.5 (from python-dateutil>=2.8.2->celery==5.3.*->-r requirements.txt (line 11))
2025-08-19T10:55:17.5525340Z #13 4.796   Downloading six-1.17.0-py2.py3-none-any.whl.metadata (1.7 kB)
2025-08-19T10:55:17.5525855Z #13 4.991 Collecting httptools>=0.5.0 (from uvicorn[standard]>=0.12.0->fastapi==0.111.0->-r requirements.txt (line 3))
2025-08-19T10:55:17.5526699Z #13 4.994   Downloading httptools-0.6.4-cp312-cp312-manylinux_2_5_x86_64.manylinux1_x86_64.manylinux_2_17_x86_64.manylinux2014_x86_64.whl.metadata (3.6 kB)
2025-08-19T10:55:17.5527420Z #13 5.028 Collecting pyyaml>=5.1 (from uvicorn[standard]>=0.12.0->fastapi==0.111.0->-r requirements.txt (line 3))
2025-08-19T10:55:17.5528027Z #13 5.034   Downloading PyYAML-6.0.2-cp312-cp312-manylinux_2_17_x86_64.manylinux2014_x86_64.whl.metadata (2.1 kB)
2025-08-19T10:55:17.5528865Z #13 5.064 Collecting uvloop!=0.15.0,!=0.15.1,>=0.14.0 (from uvicorn[standard]>=0.12.0->fastapi==0.111.0->-r requirements.txt (line 3))
2025-08-19T10:55:17.5529965Z #13 5.067   Downloading uvloop-0.21.0-cp312-cp312-manylinux_2_17_x86_64.manylinux2014_x86_64.whl.metadata (4.9 kB)
2025-08-19T10:55:17.5531071Z #13 5.128 Collecting watchfiles>=0.13 (from uvicorn[standard]>=0.12.0->fastapi==0.111.0->-r requirements.txt (line 3))
2025-08-19T10:55:17.5531872Z #13 5.131   Downloading watchfiles-1.1.0-cp312-cp312-manylinux_2_17_x86_64.manylinux2014_x86_64.whl.metadata (4.9 kB)
2025-08-19T10:55:17.5532600Z #13 5.261 Collecting websockets>=10.4 (from uvicorn[standard]>=0.12.0->fastapi==0.111.0->-r requirements.txt (line 3))
2025-08-19T10:55:17.5533460Z #13 5.265   Downloading websockets-15.0.1-cp312-cp312-manylinux_2_5_x86_64.manylinux1_x86_64.manylinux_2_17_x86_64.manylinux2014_x86_64.whl.metadata (6.8 kB)
2025-08-19T10:55:17.5534776Z #13 5.290 Collecting wcwidth (from prompt-toolkit>=3.0.36->click-repl>=0.2.0->celery==5.3.*->-r requirements.txt (line 11))
2025-08-19T10:55:17.5535800Z #13 5.292   Downloading wcwidth-0.2.13-py2.py3-none-any.whl.metadata (14 kB)
2025-08-19T10:55:17.5536573Z #13 5.336 Collecting rich>=13.7.1 (from rich-toolkit>=0.14.8->fastapi-cli>=0.0.2->fastapi==0.111.0->-r requirements.txt (line 3))
2025-08-19T10:55:17.5537194Z #13 5.339   Downloading rich-14.1.0-py3-none-any.whl.metadata (18 kB)
2025-08-19T10:55:17.5537782Z #13 5.369 Collecting shellingham>=1.3.0 (from typer>=0.15.1->fastapi-cli>=0.0.2->fastapi==0.111.0->-r requirements.txt (line 3))
2025-08-19T10:55:17.5538367Z #13 5.372   Downloading shellingham-1.5.4-py2.py3-none-any.whl.metadata (3.5 kB)
2025-08-19T10:55:17.5539054Z #13 5.419 Collecting markdown-it-py>=2.2.0 (from rich>=13.7.1->rich-toolkit>=0.14.8->fastapi-cli>=0.0.2->fastapi==0.111.0->-r requirements.txt (line 3))
2025-08-19T10:55:17.5540076Z #13 5.422   Downloading markdown_it_py-4.0.0-py3-none-any.whl.metadata (7.3 kB)
2025-08-19T10:55:17.5540981Z #13 5.440 Collecting pygments<3.0.0,>=2.13.0 (from rich>=13.7.1->rich-toolkit>=0.14.8->fastapi-cli>=0.0.2->fastapi==0.111.0->-r requirements.txt (line 3))
2025-08-19T10:55:17.5541600Z #13 5.443   Downloading pygments-2.19.2-py3-none-any.whl.metadata (2.5 kB)
2025-08-19T10:55:17.5542618Z #13 5.458 Collecting mdurl~=0.1 (from markdown-it-py>=2.2.0->rich>=13.7.1->rich-toolkit>=0.14.8->fastapi-cli>=0.0.2->fastapi==0.111.0->-r requirements.txt (line 3))
2025-08-19T10:55:17.5543383Z #13 5.461   Downloading mdurl-0.1.2-py3-none-any.whl.metadata (1.6 kB)
2025-08-19T10:55:17.5543775Z #13 5.473 Downloading uvicorn-0.29.0-py3-none-any.whl (60 kB)
2025-08-19T10:55:17.5544154Z #13 5.476 Downloading pydantic_settings-2.2.1-py3-none-any.whl (13 kB)
2025-08-19T10:55:17.5544818Z #13 5.481 Downloading fastapi-0.111.0-py3-none-any.whl (91 kB)
2025-08-19T10:55:17.5545320Z #13 5.485 Downloading SQLAlchemy-2.0.29-cp312-cp312-manylinux_2_17_x86_64.manylinux2014_x86_64.whl (3.2 MB)
2025-08-19T10:55:17.5546278Z #13 5.503    ━━━━━━━━━━━━━━━━━━━━━━━━━━━━━━━━━━━━━━━━ 3.2/3.2 MB 220.4 MB/s eta 0:00:00
2025-08-19T10:55:17.5546666Z #13 5.506 Downloading alembic-1.13.1-py3-none-any.whl (233 kB)
2025-08-19T10:55:17.5547033Z #13 5.510 Downloading psycopg-3.2.9-py3-none-any.whl (202 kB)
2025-08-19T10:55:17.5547380Z #13 5.513 Downloading httpx-0.27.2-py3-none-any.whl (76 kB)
2025-08-19T10:55:17.5547839Z #13 5.517 Downloading asyncpg-0.29.0-cp312-cp312-manylinux_2_17_x86_64.manylinux2014_x86_64.whl (3.3 MB)
2025-08-19T10:55:17.5548402Z #13 5.532    ━━━━━━━━━━━━━━━━━━━━━━━━━━━━━━━━━━━━━━━━ 3.3/3.3 MB 261.0 MB/s eta 0:00:00
2025-08-19T10:55:17.5548859Z #13 5.536 Downloading boto3-1.34.162-py3-none-any.whl (139 kB)
2025-08-19T10:55:17.5549199Z #13 5.539 Downloading jinja2-3.1.5-py3-none-any.whl (134 kB)
2025-08-19T10:55:17.5549533Z #13 5.542 Downloading celery-5.3.6-py3-none-any.whl (422 kB)
2025-08-19T10:55:17.5549870Z #13 5.546 Downloading structlog-24.1.0-py3-none-any.whl (65 kB)
2025-08-19T10:55:17.5550252Z #13 5.553 Downloading asgi_correlation_id-4.3.1-py3-none-any.whl (15 kB)
2025-08-19T10:55:17.5550660Z #13 5.556 Downloading fastapi_limiter-0.1.6-py3-none-any.whl (15 kB)
2025-08-19T10:55:17.5551027Z #13 5.559 Downloading redis-5.0.8-py3-none-any.whl (255 kB)
2025-08-19T10:55:17.5551400Z #13 5.564 Downloading sentry_sdk-2.9.0-py2.py3-none-any.whl (301 kB)
2025-08-19T10:55:17.5551775Z #13 5.568 Downloading httpcore-1.0.9-py3-none-any.whl (78 kB)
2025-08-19T10:55:17.5552271Z #13 5.579 Downloading psycopg_binary-3.2.9-cp312-cp312-manylinux_2_17_x86_64.manylinux2014_x86_64.whl (4.4 MB)
2025-08-19T10:55:17.6418496Z #13 5.607    ━━━━━━━━━━━━━━━━━━━━━━━━━━━━━━━━━━━━━━━━ 4.4/4.4 MB 167.6 MB/s eta 0:00:00
2025-08-19T10:55:17.6419566Z #13 5.610 Downloading billiard-4.2.1-py3-none-any.whl (86 kB)
2025-08-19T10:55:17.6420048Z #13 5.613 Downloading botocore-1.34.162-py3-none-any.whl (12.5 MB)
2025-08-19T10:55:17.6420571Z #13 5.655    ━━━━━━━━━━━━━━━━━━━━━━━━━━━━━━━━━━━━━━━━ 12.5/12.5 MB 329.3 MB/s eta 0:00:00
2025-08-19T10:55:17.6420955Z #13 5.658 Downloading click-8.2.1-py3-none-any.whl (102 kB)
2025-08-19T10:55:17.6421324Z #13 5.660 Downloading click_didyoumean-0.3.1-py3-none-any.whl (3.6 kB)
2025-08-19T10:55:17.6421736Z #13 5.663 Downloading click_plugins-1.1.1.2-py2.py3-none-any.whl (11 kB)
2025-08-19T10:55:17.6422120Z #13 5.665 Downloading click_repl-0.3.0-py3-none-any.whl (10 kB)
2025-08-19T10:55:17.6422497Z #13 5.668 Downloading email_validator-2.2.0-py3-none-any.whl (33 kB)
2025-08-19T10:55:17.6422894Z #13 5.671 Downloading fastapi_cli-0.0.8-py3-none-any.whl (10 kB)
2025-08-19T10:55:17.6423442Z #13 5.673 Downloading greenlet-3.2.4-cp312-cp312-manylinux_2_24_x86_64.manylinux_2_28_x86_64.whl (607 kB)
2025-08-19T10:55:17.6424015Z #13 5.677    ━━━━━━━━━━━━━━━━━━━━━━━━━━━━━━━━━━━━━━━ 607.6/607.6 kB 555.9 MB/s eta 0:00:00
2025-08-19T10:55:17.6424351Z #13 5.679 Downloading h11-0.16.0-py3-none-any.whl (37 kB)
2025-08-19T10:55:17.7432907Z #13 5.682 Downloading idna-3.10-py3-none-any.whl (70 kB)
2025-08-19T10:55:17.7433756Z #13 5.685 Downloading jmespath-1.0.1-py3-none-any.whl (20 kB)
2025-08-19T10:55:17.7434553Z #13 5.687 Downloading kombu-5.5.4-py3-none-any.whl (210 kB)
2025-08-19T10:55:17.7435166Z #13 5.690 Downloading vine-5.1.0-py3-none-any.whl (9.6 kB)
2025-08-19T10:55:17.7435709Z #13 5.693 Downloading MarkupSafe-3.0.2-cp312-cp312-manylinux_2_17_x86_64.manylinux2014_x86_64.whl (23 kB)
2025-08-19T10:55:17.7436493Z #13 5.695 Downloading orjson-3.11.2-cp312-cp312-manylinux_2_17_x86_64.manylinux2014_x86_64.whl (121 kB)
2025-08-19T10:55:17.7437159Z #13 5.698 Downloading pydantic-2.11.7-py3-none-any.whl (444 kB)
2025-08-19T10:55:17.7437838Z #13 5.711 Downloading pydantic_core-2.33.2-cp312-cp312-manylinux_2_17_x86_64.manylinux2014_x86_64.whl (2.0 MB)
2025-08-19T10:55:17.7438823Z #13 5.717    ━━━━━━━━━━━━━━━━━━━━━━━━━━━━━━━━━━━━━━━━ 2.0/2.0 MB 433.6 MB/s eta 0:00:00
2025-08-19T10:55:17.7439336Z #13 5.720 Downloading python_dateutil-2.9.0.post0-py2.py3-none-any.whl (229 kB)
2025-08-19T10:55:17.7439888Z #13 5.723 Downloading python_dotenv-1.1.1-py3-none-any.whl (20 kB)
2025-08-19T10:55:17.7440695Z #13 5.726 Downloading python_multipart-0.0.20-py3-none-any.whl (24 kB)
2025-08-19T10:55:17.7441252Z #13 5.728 Downloading s3transfer-0.10.4-py3-none-any.whl (83 kB)
2025-08-19T10:55:17.7441669Z #13 5.732 Downloading starlette-0.37.2-py3-none-any.whl (71 kB)
2025-08-19T10:55:17.7442157Z #13 5.734 Downloading anyio-4.10.0-py3-none-any.whl (107 kB)
2025-08-19T10:55:17.7442534Z #13 5.739 Downloading sniffio-1.3.1-py3-none-any.whl (10 kB)
2025-08-19T10:55:17.7443045Z #13 5.741 Downloading typing_extensions-4.14.1-py3-none-any.whl (43 kB)
2025-08-19T10:55:17.7443779Z #13 5.744 Downloading tzdata-2025.2-py2.py3-none-any.whl (347 kB)
2025-08-19T10:55:17.7444327Z #13 5.747 Downloading ujson-5.10.0-cp312-cp312-manylinux_2_17_x86_64.manylinux2014_x86_64.whl (53 kB)
2025-08-19T10:55:17.7445078Z #13 5.750 Downloading urllib3-2.5.0-py3-none-any.whl (129 kB)
2025-08-19T10:55:17.7445586Z #13 5.753 Downloading certifi-2025.8.3-py3-none-any.whl (161 kB)
2025-08-19T10:55:17.7445970Z #13 5.755 Downloading mako-1.3.10-py3-none-any.whl (78 kB)
2025-08-19T10:55:17.7446643Z #13 5.758 Downloading amqp-5.3.1-py3-none-any.whl (50 kB)
2025-08-19T10:55:17.7447156Z #13 5.761 Downloading annotated_types-0.7.0-py3-none-any.whl (13 kB)
2025-08-19T10:55:17.7447569Z #13 5.764 Downloading dnspython-2.7.0-py3-none-any.whl (313 kB)
2025-08-19T10:55:17.7448272Z #13 5.767 Downloading httptools-0.6.4-cp312-cp312-manylinux_2_5_x86_64.manylinux1_x86_64.manylinux_2_17_x86_64.manylinux2014_x86_64.whl (510 kB)
2025-08-19T10:55:17.7448986Z #13 5.771 Downloading prompt_toolkit-3.0.51-py3-none-any.whl (387 kB)
2025-08-19T10:55:17.7449491Z #13 5.775 Downloading PyYAML-6.0.2-cp312-cp312-manylinux_2_17_x86_64.manylinux2014_x86_64.whl (767 kB)
2025-08-19T10:55:17.7450081Z #13 5.778    ━━━━━━━━━━━━━━━━━━━━━━━━━━━━━━━━━━━━━━━ 767.5/767.5 kB 461.1 MB/s eta 0:00:00
2025-08-19T10:55:17.7450760Z #13 5.781 Downloading rich_toolkit-0.15.0-py3-none-any.whl (29 kB)
2025-08-19T10:55:17.9658329Z #13 5.784 Downloading six-1.17.0-py2.py3-none-any.whl (11 kB)
2025-08-19T10:55:17.9660382Z #13 5.786 Downloading typer-0.16.1-py3-none-any.whl (46 kB)
2025-08-19T10:55:17.9661114Z #13 5.789 Downloading typing_inspection-0.4.1-py3-none-any.whl (14 kB)
2025-08-19T10:55:17.9662028Z #13 5.791 Downloading uvloop-0.21.0-cp312-cp312-manylinux_2_17_x86_64.manylinux2014_x86_64.whl (4.7 MB)
2025-08-19T10:55:17.9663254Z #13 5.812    ━━━━━━━━━━━━━━━━━━━━━━━━━━━━━━━━━━━━━━━━ 4.7/4.7 MB 292.1 MB/s eta 0:00:00
2025-08-19T10:55:17.9664141Z #13 5.822 Downloading watchfiles-1.1.0-cp312-cp312-manylinux_2_17_x86_64.manylinux2014_x86_64.whl (452 kB)
2025-08-19T10:55:17.9665682Z #13 5.825 Downloading websockets-15.0.1-cp312-cp312-manylinux_2_5_x86_64.manylinux1_x86_64.manylinux_2_17_x86_64.manylinux2014_x86_64.whl (182 kB)
2025-08-19T10:55:17.9666752Z #13 5.828 Downloading packaging-25.0-py3-none-any.whl (66 kB)
2025-08-19T10:55:17.9667382Z #13 5.831 Downloading rich-14.1.0-py3-none-any.whl (243 kB)
2025-08-19T10:55:17.9668048Z #13 5.834 Downloading shellingham-1.5.4-py2.py3-none-any.whl (9.8 kB)
2025-08-19T10:55:17.9668772Z #13 5.836 Downloading wcwidth-0.2.13-py2.py3-none-any.whl (34 kB)
2025-08-19T10:55:17.9669443Z #13 5.839 Downloading markdown_it_py-4.0.0-py3-none-any.whl (87 kB)
2025-08-19T10:55:17.9670111Z #13 5.845 Downloading pygments-2.19.2-py3-none-any.whl (1.2 MB)
2025-08-19T10:55:17.9670950Z #13 5.850    ━━━━━━━━━━━━━━━━━━━━━━━━━━━━━━━━━━━━━━━━ 1.2/1.2 MB 347.3 MB/s eta 0:00:00
2025-08-19T10:55:17.9671568Z #13 5.853 Downloading mdurl-0.1.2-py3-none-any.whl (10.0 kB)
2025-08-19T10:55:18.0289989Z #13 6.066 Installing collected packages: wcwidth, websockets, vine, uvloop, urllib3, ujson, tzdata, typing-extensions, structlog, sniffio, six, shellingham, redis, pyyaml, python-multipart, python-dotenv, pygments, psycopg-binary, prompt-toolkit, packaging, orjson, mdurl, MarkupSafe, jmespath, idna, httptools, h11, greenlet, dnspython, click, certifi, billiard, asyncpg, annotated-types, uvicorn, typing-inspection, sqlalchemy, sentry-sdk, python-dateutil, pydantic-core, psycopg, markdown-it-py, Mako, Jinja2, httpcore, email_validator, click-repl, click-plugins, click-didyoumean, anyio, amqp, watchfiles, starlette, rich, pydantic, kombu, httpx, botocore, alembic, typer, s3transfer, rich-toolkit, pydantic-settings, celery, asgi-correlation-id, fastapi-cli, boto3, fastapi, fastapi-limiter
2025-08-19T10:55:24.1607514Z #13 12.20 Successfully installed Jinja2-3.1.5 Mako-1.3.10 MarkupSafe-3.0.2 alembic-1.13.1 amqp-5.3.1 annotated-types-0.7.0 anyio-4.10.0 asgi-correlation-id-4.3.1 asyncpg-0.29.0 billiard-4.2.1 boto3-1.34.162 botocore-1.34.162 celery-5.3.6 certifi-2025.8.3 click-8.2.1 click-didyoumean-0.3.1 click-plugins-1.1.1.2 click-repl-0.3.0 dnspython-2.7.0 email_validator-2.2.0 fastapi-0.111.0 fastapi-cli-0.0.8 fastapi-limiter-0.1.6 greenlet-3.2.4 h11-0.16.0 httpcore-1.0.9 httptools-0.6.4 httpx-0.27.2 idna-3.10 jmespath-1.0.1 kombu-5.5.4 markdown-it-py-4.0.0 mdurl-0.1.2 orjson-3.11.2 packaging-25.0 prompt-toolkit-3.0.51 psycopg-3.2.9 psycopg-binary-3.2.9 pydantic-2.11.7 pydantic-core-2.33.2 pydantic-settings-2.2.1 pygments-2.19.2 python-dateutil-2.9.0.post0 python-dotenv-1.1.1 python-multipart-0.0.20 pyyaml-6.0.2 redis-5.0.8 rich-14.1.0 rich-toolkit-0.15.0 s3transfer-0.10.4 sentry-sdk-2.9.0 shellingham-1.5.4 six-1.17.0 sniffio-1.3.1 sqlalchemy-2.0.29 starlette-0.37.2 structlog-24.1.0 typer-0.16.1 typing-extensions-4.14.1 typing-inspection-0.4.1 tzdata-2025.2 ujson-5.10.0 urllib3-2.5.0 uvicorn-0.29.0 uvloop-0.21.0 vine-5.1.0 watchfiles-1.1.0 wcwidth-0.2.13 websockets-15.0.1
2025-08-19T10:55:24.3758004Z #13 12.20 WARNING: Running pip as the 'root' user can result in broken permissions and conflicting behaviour with the system package manager, possibly rendering your system unusable. It is recommended to use a virtual environment instead: https://pip.pypa.io/warnings/venv. Use the --root-user-action option if you know what you are doing and want to suppress this warning.
2025-08-19T10:55:24.3759518Z #13 12.26 
2025-08-19T10:55:24.3759797Z #13 12.26 [notice] A new release of pip is available: 25.0.1 -> 25.2
2025-08-19T10:55:24.3760216Z #13 12.26 [notice] To update, run: pip install --upgrade pip
2025-08-19T10:55:24.6950342Z #13 DONE 12.7s
2025-08-19T10:55:24.8023489Z 
2025-08-19T10:55:24.8025298Z #14 [base  5/13] COPY services/api/ ./services/api
2025-08-19T10:55:24.8026113Z #14 DONE 0.1s
2025-08-19T10:55:24.8026550Z 
2025-08-19T10:55:24.8027041Z #15 [base  6/13] COPY services/common/ ./services/common
2025-08-19T10:55:24.8027549Z #15 DONE 0.0s
2025-08-19T10:55:24.9339240Z 
2025-08-19T10:55:24.9339956Z #16 [base  7/13] COPY services/ingest/ ./services/ingest
2025-08-19T10:55:24.9340493Z #16 DONE 0.0s
2025-08-19T10:55:24.9340697Z 
2025-08-19T10:55:24.9340874Z #17 [base  8/13] COPY services/etl/ ./services/etl
2025-08-19T10:55:24.9341308Z #17 DONE 0.0s
2025-08-19T10:55:24.9341485Z 
2025-08-19T10:55:24.9341626Z #18 [base  9/13] COPY api/ ./api
2025-08-19T10:55:24.9342007Z #18 DONE 0.0s
2025-08-19T10:55:24.9342172Z 
2025-08-19T10:55:24.9342387Z #19 [base 10/13] COPY services/api/alembic.ini ./alembic.ini
2025-08-19T10:55:24.9342855Z #19 DONE 0.0s
2025-08-19T10:55:24.9343014Z 
2025-08-19T10:55:24.9343165Z #20 [base 11/13] COPY alembic/ ./alembic/
2025-08-19T10:55:24.9343539Z #20 DONE 0.0s
2025-08-19T10:55:24.9343710Z 
2025-08-19T10:55:24.9343939Z #21 [base 12/13] COPY services/api/entrypoint.sh ./entrypoint.sh
2025-08-19T10:55:24.9344929Z #21 DONE 0.0s
2025-08-19T10:55:24.9345156Z 
2025-08-19T10:55:24.9345332Z #22 [base 13/13] RUN chmod +x ./entrypoint.sh
2025-08-19T10:55:24.9345749Z #22 DONE 0.0s
2025-08-19T10:55:25.7302339Z 
2025-08-19T10:55:25.7303413Z #23 [stage-1 4/6] COPY --from=base /usr/local /usr/local
2025-08-19T10:55:27.5599080Z #23 DONE 1.8s
2025-08-19T10:55:27.6673619Z 
2025-08-19T10:55:27.6674113Z #24 [stage-1 5/6] COPY --from=base /app /app
2025-08-19T10:55:27.6674792Z #24 DONE 0.1s
2025-08-19T10:55:27.8692698Z 
2025-08-19T10:55:27.8693221Z #25 [stage-1 6/6] RUN chmod +x /app/entrypoint.sh
2025-08-19T10:55:27.8693675Z #25 DONE 0.0s
2025-08-19T10:55:27.8693978Z 
2025-08-19T10:55:27.8694346Z #26 exporting to docker image format
2025-08-19T10:55:27.8695482Z #26 exporting layers
2025-08-19T10:55:33.1642578Z #26 exporting layers 5.4s done
2025-08-19T10:55:33.3221811Z #26 exporting manifest sha256:723e1c960c3dfcfe2d0d82abc6952c1aa33cd717fcb03f41da96cb8542036670 done
2025-08-19T10:55:33.3226281Z #26 exporting config sha256:63135f17b5274d97bf1a6cd1db6fa23584d09bd0aa53c570e3778a5930011c96 done
2025-08-19T10:55:33.3227249Z #26 sending tarball
2025-08-19T10:55:33.7563414Z #26 ...
2025-08-19T10:55:33.7563658Z 
2025-08-19T10:55:33.7563809Z #27 importing to docker
2025-08-19T10:55:33.9071891Z #27 loading layer e6a3842ebc7f 327.68kB / 29.77MB
2025-08-19T10:55:34.6284182Z #27 loading layer 11a4ec4d004e 32.77kB / 1.29MB
2025-08-19T10:55:35.0057701Z #27 loading layer 07cd4433de32 131.07kB / 12.11MB
2025-08-19T10:55:35.5616681Z #27 loading layer e33228fe7708 251B / 251B
2025-08-19T10:55:35.7467272Z #27 loading layer 8749247d8c33 92B / 92B
2025-08-19T10:55:35.7467694Z #27 loading layer 858c9243beba 196.61kB / 19.48MB
2025-08-19T10:55:36.5221865Z #27 loading layer d53fa8c4e378 557.06kB / 56.29MB
2025-08-19T10:55:38.5691983Z #27 loading layer d53fa8c4e378 41.78MB / 56.29MB 2.0s
2025-08-19T10:55:39.4487861Z #27 loading layer 4948df841c44 32.77kB / 36.10kB
2025-08-19T10:55:39.5332295Z #27 loading layer e6a3842ebc7f 29.77MB / 29.77MB 5.8s done
2025-08-19T10:55:39.5332908Z #27 loading layer 11a4ec4d004e 1.29MB / 1.29MB 4.9s done
2025-08-19T10:55:39.5333438Z #27 loading layer 07cd4433de32 12.11MB / 12.11MB 4.5s done
2025-08-19T10:55:39.5333940Z #27 loading layer e33228fe7708 251B / 251B 4.0s done
2025-08-19T10:55:39.5334635Z #27 loading layer 8749247d8c33 92B / 92B 3.9s done
2025-08-19T10:55:39.5335129Z #27 loading layer 858c9243beba 19.48MB / 19.48MB 3.9s done
2025-08-19T10:55:39.5335633Z #27 loading layer d53fa8c4e378 56.29MB / 56.29MB 3.0s done
2025-08-19T10:55:39.5336143Z #27 loading layer 4948df841c44 36.10kB / 36.10kB 0.1s done
2025-08-19T10:55:39.5336644Z #27 loading layer 5f70bf18a086 32B / 32B 0.0s done
2025-08-19T10:55:39.5337083Z #27 DONE 5.8s
2025-08-19T10:55:39.5337277Z 
2025-08-19T10:55:39.5337414Z #26 exporting to docker image format
2025-08-19T10:55:39.5337838Z #26 sending tarball 6.3s done
2025-08-19T10:55:39.5338192Z #26 DONE 11.8s
2025-08-19T10:55:39.6702380Z Post job cleanup.
2025-08-19T10:55:39.8051814Z [warning]Path Validation Error: Path(s) specified in the action for caching do(es) not exist, hence no cache is being saved.
2025-08-19T10:55:39.8157515Z Post job cleanup.
2025-08-19T10:55:40.0913147Z ##[group]Removing builder
2025-08-19T10:55:40.1999327Z [command]/usr/bin/docker buildx rm builder-92ac640d-602d-4b81-8532-b7bf962b2c90
2025-08-19T10:55:41.2483665Z builder-92ac640d-602d-4b81-8532-b7bf962b2c90 removed
2025-08-19T10:55:41.2562906Z ##[endgroup]
2025-08-19T10:55:41.2563656Z ##[group]Cleaning up certificates
2025-08-19T10:55:41.2571009Z ##[endgroup]
2025-08-19T10:55:41.2571685Z ##[group]Post cache
2025-08-19T10:55:41.2574249Z State not set
2025-08-19T10:55:41.2575258Z ##[endgroup]
2025-08-19T10:55:41.2713700Z Post job cleanup.
2025-08-19T10:55:41.3659137Z [command]/usr/bin/git version
2025-08-19T10:55:41.3696316Z git version 2.50.1
2025-08-19T10:55:41.3747135Z Temporarily overriding HOME='/home/runner/work/_temp/aedfed3b-a702-418f-aaa6-89618b15938f' before making global git config changes
2025-08-19T10:55:41.3748358Z Adding repository directory to the temporary git global config as a safe directory
2025-08-19T10:55:41.3753109Z [command]/usr/bin/git config --global --add safe.directory /home/runner/work/AWA-App/AWA-App
2025-08-19T10:55:41.3786690Z [command]/usr/bin/git config --local --name-only --get-regexp core\.sshCommand
2025-08-19T10:55:41.3818867Z [command]/usr/bin/git submodule foreach --recursive sh -c "git config --local --name-only --get-regexp 'core\.sshCommand' && git config --local --unset-all 'core.sshCommand' || :"
2025-08-19T10:55:41.4047597Z [command]/usr/bin/git config --local --name-only --get-regexp http\.https\:\/\/github\.com\/\.extraheader
2025-08-19T10:55:41.4069436Z http.https://github.com/.extraheader
2025-08-19T10:55:41.4081548Z [command]/usr/bin/git config --local --unset-all http.https://github.com/.extraheader
2025-08-19T10:55:41.4111756Z [command]/usr/bin/git submodule foreach --recursive sh -c "git config --local --name-only --get-regexp 'http\.https\:\/\/github\.com\/\.extraheader' && git config --local --unset-all 'http.https://github.com/.extraheader' || :"
2025-08-19T10:55:41.4440300Z Cleaning up orphan processes
