2025-08-24T00:25:17.0940299Z Current runner version: '2.328.0'
2025-08-24T00:25:17.0964072Z ##[group]Runner Image Provisioner
2025-08-24T00:25:17.0964874Z Hosted Compute Agent
2025-08-24T00:25:17.0965382Z Version: 20250818.377
2025-08-24T00:25:17.0966083Z Commit: 3c593e9f75fe0b87e893bca80d6e12ba089c61fc
2025-08-24T00:25:17.0966737Z Build Date: 2025-08-18T14:52:18Z
2025-08-24T00:25:17.0967317Z ##[endgroup]
2025-08-24T00:25:17.0968142Z ##[group]Operating System
2025-08-24T00:25:17.0968686Z Ubuntu
2025-08-24T00:25:17.0969156Z 24.04.2
2025-08-24T00:25:17.0969666Z LTS
2025-08-24T00:25:17.0970123Z ##[endgroup]
2025-08-24T00:25:17.0970579Z ##[group]Runner Image
2025-08-24T00:25:17.0971206Z Image: ubuntu-24.04
2025-08-24T00:25:17.0971683Z Version: 20250818.1.0
2025-08-24T00:25:17.0972678Z Included Software: https://github.com/actions/runner-images/blob/ubuntu24/20250818.1/images/ubuntu/Ubuntu2404-Readme.md
2025-08-24T00:25:17.0974215Z Image Release: https://github.com/actions/runner-images/releases/tag/ubuntu24%2F20250818.1
2025-08-24T00:25:17.0975160Z ##[endgroup]
2025-08-24T00:25:17.0977680Z ##[group]GITHUB_TOKEN Permissions
2025-08-24T00:25:17.0979802Z Actions: write
2025-08-24T00:25:17.0980402Z Attestations: write
2025-08-24T00:25:17.0980948Z Checks: write
2025-08-24T00:25:17.0981410Z Contents: write
2025-08-24T00:25:17.0981984Z Deployments: write
2025-08-24T00:25:17.0982522Z Discussions: write
2025-08-24T00:25:17.0982987Z Issues: write
2025-08-24T00:25:17.0983495Z Metadata: read
2025-08-24T00:25:17.0983959Z Models: read
2025-08-24T00:25:17.0984449Z Packages: write
2025-08-24T00:25:17.0984933Z Pages: write
2025-08-24T00:25:17.0985484Z PullRequests: write
2025-08-24T00:25:17.0985982Z RepositoryProjects: write
2025-08-24T00:25:17.0986533Z SecurityEvents: write
2025-08-24T00:25:17.0987232Z Statuses: write
2025-08-24T00:25:17.0987706Z ##[endgroup]
2025-08-24T00:25:17.0990457Z Secret source: Actions
2025-08-24T00:25:17.0991238Z Prepare workflow directory
2025-08-24T00:25:17.1373458Z Prepare all required actions
2025-08-24T00:25:17.1412919Z Getting action download info
2025-08-24T00:25:17.5257207Z Download action repository 'actions/checkout@v5' (SHA:08c6903cd8c0fde910a37f88322edcfb5dd907a8)
2025-08-24T00:25:17.6214510Z Download action repository 'docker/setup-buildx-action@v3' (SHA:e468171a9de216ec08956ac3ada2f0791b6bd435)
2025-08-24T00:25:18.6276257Z Download action repository 'actions/cache@v4' (SHA:0400d5f644dc74513175e3cd8d07132dd4860809)
2025-08-24T00:25:18.8517086Z Complete job name: container-build
2025-08-24T00:25:18.9198389Z ##[group]Run actions/checkout@v5
2025-08-24T00:25:18.9199295Z with:
2025-08-24T00:25:18.9199718Z   repository: AlexBomber12/AWA-App
2025-08-24T00:25:18.9200401Z   token: ***
2025-08-24T00:25:18.9200809Z   ssh-strict: true
2025-08-24T00:25:18.9201226Z   ssh-user: git
2025-08-24T00:25:18.9201668Z   persist-credentials: true
2025-08-24T00:25:18.9202142Z   clean: true
2025-08-24T00:25:18.9202574Z   sparse-checkout-cone-mode: true
2025-08-24T00:25:18.9203066Z   fetch-depth: 1
2025-08-24T00:25:18.9203470Z   fetch-tags: false
2025-08-24T00:25:18.9203920Z   show-progress: true
2025-08-24T00:25:18.9204369Z   lfs: false
2025-08-24T00:25:18.9204776Z   submodules: false
2025-08-24T00:25:18.9205212Z   set-safe-directory: true
2025-08-24T00:25:18.9205887Z ##[endgroup]
2025-08-24T00:25:19.0104759Z Syncing repository: AlexBomber12/AWA-App
2025-08-24T00:25:19.0106571Z ##[group]Getting Git version info
2025-08-24T00:25:19.0107282Z Working directory is '/home/runner/work/AWA-App/AWA-App'
2025-08-24T00:25:19.0108681Z [command]/usr/bin/git version
2025-08-24T00:25:19.0150310Z git version 2.51.0
2025-08-24T00:25:19.0170637Z ##[endgroup]
2025-08-24T00:25:19.0184022Z Temporarily overriding HOME='/home/runner/work/_temp/f54c2d78-77e4-49f3-a8e0-9686b90425bd' before making global git config changes
2025-08-24T00:25:19.0185681Z Adding repository directory to the temporary git global config as a safe directory
2025-08-24T00:25:19.0188220Z [command]/usr/bin/git config --global --add safe.directory /home/runner/work/AWA-App/AWA-App
2025-08-24T00:25:19.0221604Z Deleting the contents of '/home/runner/work/AWA-App/AWA-App'
2025-08-24T00:25:19.0225170Z ##[group]Initializing the repository
2025-08-24T00:25:19.0229207Z [command]/usr/bin/git init /home/runner/work/AWA-App/AWA-App
2025-08-24T00:25:19.0302408Z hint: Using 'master' as the name for the initial branch. This default branch name
2025-08-24T00:25:19.0304099Z hint: is subject to change. To configure the initial branch name to use in all
2025-08-24T00:25:19.0305611Z hint: of your new repositories, which will suppress this warning, call:
2025-08-24T00:25:19.0306700Z hint:
2025-08-24T00:25:19.0307548Z hint: 	git config --global init.defaultBranch <name>
2025-08-24T00:25:19.0308632Z hint:
2025-08-24T00:25:19.0309540Z hint: Names commonly chosen instead of 'master' are 'main', 'trunk' and
2025-08-24T00:25:19.0310944Z hint: 'development'. The just-created branch can be renamed via this command:
2025-08-24T00:25:19.0311677Z hint:
2025-08-24T00:25:19.0312074Z hint: 	git branch -m <name>
2025-08-24T00:25:19.0312533Z hint:
2025-08-24T00:25:19.0313296Z hint: Disable this message with "git config set advice.defaultBranchName false"
2025-08-24T00:25:19.0314985Z Initialized empty Git repository in /home/runner/work/AWA-App/AWA-App/.git/
2025-08-24T00:25:19.0316602Z [command]/usr/bin/git remote add origin https://github.com/AlexBomber12/AWA-App
2025-08-24T00:25:19.0347301Z ##[endgroup]
2025-08-24T00:25:19.0348363Z ##[group]Disabling automatic garbage collection
2025-08-24T00:25:19.0350760Z [command]/usr/bin/git config --local gc.auto 0
2025-08-24T00:25:19.0377607Z ##[endgroup]
2025-08-24T00:25:19.0378612Z ##[group]Setting up auth
2025-08-24T00:25:19.0383998Z [command]/usr/bin/git config --local --name-only --get-regexp core\.sshCommand
2025-08-24T00:25:19.0413396Z [command]/usr/bin/git submodule foreach --recursive sh -c "git config --local --name-only --get-regexp 'core\.sshCommand' && git config --local --unset-all 'core.sshCommand' || :"
2025-08-24T00:25:19.0692027Z [command]/usr/bin/git config --local --name-only --get-regexp http\.https\:\/\/github\.com\/\.extraheader
2025-08-24T00:25:19.0725263Z [command]/usr/bin/git submodule foreach --recursive sh -c "git config --local --name-only --get-regexp 'http\.https\:\/\/github\.com\/\.extraheader' && git config --local --unset-all 'http.https://github.com/.extraheader' || :"
2025-08-24T00:25:19.0952895Z [command]/usr/bin/git config --local http.https://github.com/.extraheader AUTHORIZATION: basic ***
2025-08-24T00:25:19.0988484Z ##[endgroup]
2025-08-24T00:25:19.0989342Z ##[group]Fetching the repository
2025-08-24T00:25:19.0996713Z [command]/usr/bin/git -c protocol.version=2 fetch --no-tags --prune --no-recurse-submodules --depth=1 origin +09cce4abbfe66e11b852ff4bc2b2e86703e0fd0b:refs/remotes/pull/357/merge
2025-08-24T00:25:19.7336542Z From https://github.com/AlexBomber12/AWA-App
2025-08-24T00:25:19.7337497Z  * [new ref]         09cce4abbfe66e11b852ff4bc2b2e86703e0fd0b -> pull/357/merge
2025-08-24T00:25:19.7365370Z ##[endgroup]
2025-08-24T00:25:19.7366670Z ##[group]Determining the checkout info
2025-08-24T00:25:19.7368518Z ##[endgroup]
2025-08-24T00:25:19.7373763Z [command]/usr/bin/git sparse-checkout disable
2025-08-24T00:25:19.7413194Z [command]/usr/bin/git config --local --unset-all extensions.worktreeConfig
2025-08-24T00:25:19.7439772Z ##[group]Checking out the ref
2025-08-24T00:25:19.7443959Z [command]/usr/bin/git checkout --progress --force refs/remotes/pull/357/merge
2025-08-24T00:25:19.7848832Z Note: switching to 'refs/remotes/pull/357/merge'.
2025-08-24T00:25:19.7850125Z 
2025-08-24T00:25:19.7850911Z You are in 'detached HEAD' state. You can look around, make experimental
2025-08-24T00:25:19.7854237Z changes and commit them, and you can discard any commits you make in this
2025-08-24T00:25:19.7855852Z state without impacting any branches by switching back to a branch.
2025-08-24T00:25:19.7856794Z 
2025-08-24T00:25:19.7857419Z If you want to create a new branch to retain commits you create, you may
2025-08-24T00:25:19.7859078Z do so (now or later) by using -c with the switch command. Example:
2025-08-24T00:25:19.7860249Z 
2025-08-24T00:25:19.7860608Z   git switch -c <new-branch-name>
2025-08-24T00:25:19.7861196Z 
2025-08-24T00:25:19.7861535Z Or undo this operation with:
2025-08-24T00:25:19.7862064Z 
2025-08-24T00:25:19.7862483Z   git switch -
2025-08-24T00:25:19.7862900Z 
2025-08-24T00:25:19.7863567Z Turn off this advice by setting config variable advice.detachedHead to false
2025-08-24T00:25:19.7864540Z 
2025-08-24T00:25:19.7865657Z HEAD is now at 09cce4a Merge 0d4bb270762033d1dc3691f4c497b4e004897850 into a74c4ca07257cd84410d8227f000a74769563788
2025-08-24T00:25:19.7869169Z ##[endgroup]
2025-08-24T00:25:19.7899849Z [command]/usr/bin/git log -1 --format=%H
2025-08-24T00:25:19.7922910Z 09cce4abbfe66e11b852ff4bc2b2e86703e0fd0b
2025-08-24T00:25:19.8148104Z ##[group]Run docker/setup-buildx-action@v3
2025-08-24T00:25:19.8148756Z with:
2025-08-24T00:25:19.8149154Z   driver: docker-container
2025-08-24T00:25:19.8149608Z   install: false
2025-08-24T00:25:19.8150003Z   use: true
2025-08-24T00:25:19.8150397Z   keep-state: false
2025-08-24T00:25:19.8150810Z   cache-binary: true
2025-08-24T00:25:19.8151217Z   cleanup: true
2025-08-24T00:25:19.8151612Z ##[endgroup]
2025-08-24T00:25:20.1038539Z ##[group]Docker info
2025-08-24T00:25:20.1061573Z [command]/usr/bin/docker version
2025-08-24T00:25:20.1802176Z Client: Docker Engine - Community
2025-08-24T00:25:20.1805251Z  Version:           28.0.4
2025-08-24T00:25:20.1806284Z  API version:       1.48
2025-08-24T00:25:20.1806949Z  Go version:        go1.23.7
2025-08-24T00:25:20.1807607Z  Git commit:        b8034c0
2025-08-24T00:25:20.1808568Z  Built:             Tue Mar 25 15:07:16 2025
2025-08-24T00:25:20.1809313Z  OS/Arch:           linux/amd64
2025-08-24T00:25:20.1810108Z  Context:           default
2025-08-24T00:25:20.1810571Z 
2025-08-24T00:25:20.1810843Z Server: Docker Engine - Community
2025-08-24T00:25:20.1811514Z  Engine:
2025-08-24T00:25:20.1812064Z   Version:          28.0.4
2025-08-24T00:25:20.1813274Z   API version:      1.48 (minimum version 1.24)
2025-08-24T00:25:20.1814907Z   Go version:       go1.23.7
2025-08-24T00:25:20.1816100Z   Git commit:       6430e49
2025-08-24T00:25:20.1817351Z   Built:            Tue Mar 25 15:07:16 2025
2025-08-24T00:25:20.1819073Z   OS/Arch:          linux/amd64
2025-08-24T00:25:20.1820357Z   Experimental:     false
2025-08-24T00:25:20.1821525Z  containerd:
2025-08-24T00:25:20.1822587Z   Version:          1.7.27
2025-08-24T00:25:20.1824028Z   GitCommit:        05044ec0a9a75232cad458027ca83437aae3f4da
2025-08-24T00:25:20.1825598Z  runc:
2025-08-24T00:25:20.1826663Z   Version:          1.2.5
2025-08-24T00:25:20.1828351Z   GitCommit:        v1.2.5-0-g59923ef
2025-08-24T00:25:20.1829905Z  docker-init:
2025-08-24T00:25:20.1831162Z   Version:          0.19.0
2025-08-24T00:25:20.1832632Z   GitCommit:        de40ad0
2025-08-24T00:25:20.1858388Z [command]/usr/bin/docker info
2025-08-24T00:25:22.2849876Z Client: Docker Engine - Community
2025-08-24T00:25:22.2851097Z  Version:    28.0.4
2025-08-24T00:25:22.2851849Z  Context:    default
2025-08-24T00:25:22.2855345Z  Debug Mode: false
2025-08-24T00:25:22.2855889Z  Plugins:
2025-08-24T00:25:22.2856390Z   buildx: Docker Buildx (Docker Inc.)
2025-08-24T00:25:22.2856977Z     Version:  v0.26.1
2025-08-24T00:25:22.2857637Z     Path:     /usr/libexec/docker/cli-plugins/docker-buildx
2025-08-24T00:25:22.2858576Z   compose: Docker Compose (Docker Inc.)
2025-08-24T00:25:22.2859183Z     Version:  v2.38.2
2025-08-24T00:25:22.2859803Z     Path:     /usr/libexec/docker/cli-plugins/docker-compose
2025-08-24T00:25:22.2860322Z 
2025-08-24T00:25:22.2860644Z Server:
2025-08-24T00:25:22.2861049Z  Containers: 0
2025-08-24T00:25:22.2861513Z   Running: 0
2025-08-24T00:25:22.2861933Z   Paused: 0
2025-08-24T00:25:22.2862288Z   Stopped: 0
2025-08-24T00:25:22.2862725Z  Images: 0
2025-08-24T00:25:22.2863081Z  Server Version: 28.0.4
2025-08-24T00:25:22.2863485Z  Storage Driver: overlay2
2025-08-24T00:25:22.2863905Z   Backing Filesystem: extfs
2025-08-24T00:25:22.2864330Z   Supports d_type: true
2025-08-24T00:25:22.2865200Z   Using metacopy: false
2025-08-24T00:25:22.2865689Z   Native Overlay Diff: false
2025-08-24T00:25:22.2866135Z   userxattr: false
2025-08-24T00:25:22.2866560Z  Logging Driver: json-file
2025-08-24T00:25:22.2867032Z  Cgroup Driver: systemd
2025-08-24T00:25:22.2867495Z  Cgroup Version: 2
2025-08-24T00:25:22.2868129Z  Plugins:
2025-08-24T00:25:22.2868666Z   Volume: local
2025-08-24T00:25:22.2869426Z   Network: bridge host ipvlan macvlan null overlay
2025-08-24T00:25:22.2870339Z   Log: awslogs fluentd gcplogs gelf journald json-file local splunk syslog
2025-08-24T00:25:22.2870955Z  Swarm: inactive
2025-08-24T00:25:22.2871387Z  Runtimes: runc io.containerd.runc.v2
2025-08-24T00:25:22.2871854Z  Default Runtime: runc
2025-08-24T00:25:22.2872639Z  Init Binary: docker-init
2025-08-24T00:25:22.2873262Z  containerd version: 05044ec0a9a75232cad458027ca83437aae3f4da
2025-08-24T00:25:22.2873867Z  runc version: v1.2.5-0-g59923ef
2025-08-24T00:25:22.2874326Z  init version: de40ad0
2025-08-24T00:25:22.2874731Z  Security Options:
2025-08-24T00:25:22.2875159Z   apparmor
2025-08-24T00:25:22.2951973Z   seccomp
2025-08-24T00:25:22.2952561Z    Profile: builtin
2025-08-24T00:25:22.2953028Z   cgroupns
2025-08-24T00:25:22.2953484Z  Kernel Version: 6.11.0-1018-azure
2025-08-24T00:25:22.2954058Z  Operating System: Ubuntu 24.04.2 LTS
2025-08-24T00:25:22.2954557Z  OSType: linux
2025-08-24T00:25:22.2954958Z  Architecture: x86_64
2025-08-24T00:25:22.2955314Z  CPUs: 4
2025-08-24T00:25:22.2955623Z  Total Memory: 15.62GiB
2025-08-24T00:25:22.2956022Z  Name: pkrvmqc4gcfdwos
2025-08-24T00:25:22.2956453Z  ID: 1c1cbb44-b30d-44d5-842a-37462128d90e
2025-08-24T00:25:22.2956935Z  Docker Root Dir: /var/lib/docker
2025-08-24T00:25:22.2957348Z  Debug Mode: false
2025-08-24T00:25:22.2958021Z  Username: githubactions
2025-08-24T00:25:22.2958473Z  Experimental: false
2025-08-24T00:25:22.2958872Z  Insecure Registries:
2025-08-24T00:25:22.2963768Z   ::1/128
2025-08-24T00:25:22.2964164Z   127.0.0.0/8
2025-08-24T00:25:22.2964558Z  Live Restore Enabled: false
2025-08-24T00:25:22.2964883Z 
2025-08-24T00:25:22.2965757Z ##[endgroup]
2025-08-24T00:25:22.3969864Z ##[group]Buildx version
2025-08-24T00:25:22.3991362Z [command]/usr/bin/docker buildx version
2025-08-24T00:25:22.4552379Z github.com/docker/buildx v0.26.1 1a8287f22cf5a38339a4c1bf432b803c5f8b2aae
2025-08-24T00:25:22.4583561Z ##[endgroup]
2025-08-24T00:25:22.4728035Z ##[group]Inspecting default docker context
2025-08-24T00:25:22.4856120Z [
2025-08-24T00:25:22.4856497Z   {
2025-08-24T00:25:22.4856838Z     "Name": "default",
2025-08-24T00:25:22.4857219Z     "Metadata": {},
2025-08-24T00:25:22.4857485Z     "Endpoints": {
2025-08-24T00:25:22.4857723Z       "docker": {
2025-08-24T00:25:22.4858173Z         "Host": "unix:///var/run/docker.sock",
2025-08-24T00:25:22.4858588Z         "SkipTLSVerify": false
2025-08-24T00:25:22.4858851Z       }
2025-08-24T00:25:22.4859058Z     },
2025-08-24T00:25:22.4859272Z     "TLSMaterial": {},
2025-08-24T00:25:22.4859522Z     "Storage": {
2025-08-24T00:25:22.4859772Z       "MetadataPath": "<IN MEMORY>",
2025-08-24T00:25:22.4860130Z       "TLSPath": "<IN MEMORY>"
2025-08-24T00:25:22.4860390Z     }
2025-08-24T00:25:22.4860596Z   }
2025-08-24T00:25:22.4860924Z ]
2025-08-24T00:25:22.4861529Z ##[endgroup]
2025-08-24T00:25:22.4862139Z ##[group]Creating a new builder instance
2025-08-24T00:25:22.6040002Z [command]/usr/bin/docker buildx create --name builder-42a02203-b5ca-40b6-98a0-f74ea0934780 --driver docker-container --buildkitd-flags --allow-insecure-entitlement security.insecure --allow-insecure-entitlement network.host --use
2025-08-24T00:25:22.6813061Z builder-42a02203-b5ca-40b6-98a0-f74ea0934780
2025-08-24T00:25:22.6848081Z ##[endgroup]
2025-08-24T00:25:22.6848780Z ##[group]Booting builder
2025-08-24T00:25:22.6885354Z [command]/usr/bin/docker buildx inspect --bootstrap --builder builder-42a02203-b5ca-40b6-98a0-f74ea0934780
2025-08-24T00:25:22.7378388Z #1 [internal] booting buildkit
2025-08-24T00:25:22.8884046Z #1 pulling image moby/buildkit:buildx-stable-1
2025-08-24T00:25:26.8415285Z #1 pulling image moby/buildkit:buildx-stable-1 4.1s done
2025-08-24T00:25:26.9925363Z #1 creating container buildx_buildkit_builder-42a02203-b5ca-40b6-98a0-f74ea09347800
2025-08-24T00:25:27.1387615Z #1 creating container buildx_buildkit_builder-42a02203-b5ca-40b6-98a0-f74ea09347800 0.3s done
2025-08-24T00:25:27.1442192Z #1 DONE 4.4s
2025-08-24T00:25:27.1800241Z Name:          builder-42a02203-b5ca-40b6-98a0-f74ea0934780
2025-08-24T00:25:27.1801095Z Driver:        docker-container
2025-08-24T00:25:27.1801590Z Last Activity: 2025-08-24 00:25:22 +0000 UTC
2025-08-24T00:25:27.1801887Z 
2025-08-24T00:25:27.1801989Z Nodes:
2025-08-24T00:25:27.1802363Z Name:                  builder-42a02203-b5ca-40b6-98a0-f74ea09347800
2025-08-24T00:25:27.1803307Z Endpoint:              unix:///var/run/docker.sock
2025-08-24T00:25:27.1803773Z Status:                running
2025-08-24T00:25:27.1804571Z BuildKit daemon flags: --allow-insecure-entitlement security.insecure --allow-insecure-entitlement network.host
2025-08-24T00:25:27.1805431Z BuildKit version:      v0.23.2
2025-08-24T00:25:27.1805914Z Platforms:             linux/amd64, linux/amd64/v2, linux/amd64/v3, linux/386
2025-08-24T00:25:27.1806437Z Labels:
2025-08-24T00:25:27.1806868Z  org.mobyproject.buildkit.worker.executor:         oci
2025-08-24T00:25:27.1807520Z  org.mobyproject.buildkit.worker.hostname:         1beca8d574c6
2025-08-24T00:25:27.1808377Z  org.mobyproject.buildkit.worker.network:          host
2025-08-24T00:25:27.1809015Z  org.mobyproject.buildkit.worker.oci.process-mode: sandbox
2025-08-24T00:25:27.1809691Z  org.mobyproject.buildkit.worker.selinux.enabled:  false
2025-08-24T00:25:27.1810348Z  org.mobyproject.buildkit.worker.snapshotter:      overlayfs
2025-08-24T00:25:27.1810871Z GC Policy rule#0:
2025-08-24T00:25:27.1811167Z  All:            false
2025-08-24T00:25:27.1811670Z  Filters:        type==source.local,type==exec.cachemount,type==source.git.checkout
2025-08-24T00:25:27.1812273Z  Keep Duration:  48h0m0s
2025-08-24T00:25:27.1812596Z  Max Used Space: 488.3MiB
2025-08-24T00:25:27.1812928Z GC Policy rule#1:
2025-08-24T00:25:27.1813208Z  All:            false
2025-08-24T00:25:27.1813525Z  Keep Duration:  1440h0m0s
2025-08-24T00:25:27.1813856Z  Reserved Space: 7.451GiB
2025-08-24T00:25:27.1814170Z  Max Used Space: 54.02GiB
2025-08-24T00:25:27.1814486Z  Min Free Space: 13.97GiB
2025-08-24T00:25:27.1814788Z GC Policy rule#2:
2025-08-24T00:25:27.1815068Z  All:            false
2025-08-24T00:25:27.1815354Z  Reserved Space: 7.451GiB
2025-08-24T00:25:27.1815667Z  Max Used Space: 54.02GiB
2025-08-24T00:25:27.1815975Z  Min Free Space: 13.97GiB
2025-08-24T00:25:27.1816281Z GC Policy rule#3:
2025-08-24T00:25:27.1816546Z  All:            true
2025-08-24T00:25:27.1816846Z  Reserved Space: 7.451GiB
2025-08-24T00:25:27.1817163Z  Max Used Space: 54.02GiB
2025-08-24T00:25:27.1817485Z  Min Free Space: 13.97GiB
2025-08-24T00:25:27.1859157Z ##[endgroup]
2025-08-24T00:25:27.2692895Z ##[group]Inspect builder
2025-08-24T00:25:27.2695357Z {
2025-08-24T00:25:27.2695668Z   "nodes": [
2025-08-24T00:25:27.2695979Z     {
2025-08-24T00:25:27.2696377Z       "name": "builder-42a02203-b5ca-40b6-98a0-f74ea09347800",
2025-08-24T00:25:27.2696954Z       "endpoint": "unix:///var/run/docker.sock",
2025-08-24T00:25:27.2697432Z       "status": "running",
2025-08-24T00:25:27.2698471Z       "buildkitd-flags": "--allow-insecure-entitlement security.insecure --allow-insecure-entitlement network.host",
2025-08-24T00:25:27.2699373Z       "buildkit": "v0.23.2",
2025-08-24T00:25:27.2699921Z       "platforms": "linux/amd64,linux/amd64/v2,linux/amd64/v3,linux/386",
2025-08-24T00:25:27.2700491Z       "features": {
2025-08-24T00:25:27.2701006Z         "Automatically load images to the Docker Engine image store": true,
2025-08-24T00:25:27.2701624Z         "Cache export": true,
2025-08-24T00:25:27.2702026Z         "Direct push": true,
2025-08-24T00:25:27.2702419Z         "Docker exporter": true,
2025-08-24T00:25:27.2702858Z         "Multi-platform build": true,
2025-08-24T00:25:27.2703272Z         "OCI exporter": true
2025-08-24T00:25:27.2704005Z       },
2025-08-24T00:25:27.2704276Z       "labels": {
2025-08-24T00:25:27.2704719Z         "org.mobyproject.buildkit.worker.executor": "oci",
2025-08-24T00:25:27.2705361Z         "org.mobyproject.buildkit.worker.hostname": "1beca8d574c6",
2025-08-24T00:25:27.2705969Z         "org.mobyproject.buildkit.worker.network": "host",
2025-08-24T00:25:27.2706590Z         "org.mobyproject.buildkit.worker.oci.process-mode": "sandbox",
2025-08-24T00:25:27.2707251Z         "org.mobyproject.buildkit.worker.selinux.enabled": "false",
2025-08-24T00:25:27.2708147Z         "org.mobyproject.buildkit.worker.snapshotter": "overlayfs"
2025-08-24T00:25:27.2708666Z       },
2025-08-24T00:25:27.2708945Z       "gcPolicy": [
2025-08-24T00:25:27.2709638Z         {
2025-08-24T00:25:27.2709910Z           "all": false,
2025-08-24T00:25:27.2710193Z           "filter": [
2025-08-24T00:25:27.2710477Z             "type==source.local",
2025-08-24T00:25:27.2710821Z             "type==exec.cachemount",
2025-08-24T00:25:27.2711206Z             "type==source.git.checkout"
2025-08-24T00:25:27.2711619Z           ],
2025-08-24T00:25:27.2711930Z           "keepDuration": "48h0m0s",
2025-08-24T00:25:27.2712304Z           "maxUsedSpace": "488.3MiB"
2025-08-24T00:25:27.2712655Z         },
2025-08-24T00:25:27.2712898Z         {
2025-08-24T00:25:27.2713154Z           "all": false,
2025-08-24T00:25:27.2713467Z           "keepDuration": "1440h0m0s",
2025-08-24T00:25:27.2713856Z           "reservedSpace": "7.451GiB",
2025-08-24T00:25:27.2714249Z           "maxUsedSpace": "54.02GiB",
2025-08-24T00:25:27.2714621Z           "minFreeSpace": "13.97GiB"
2025-08-24T00:25:27.2714964Z         },
2025-08-24T00:25:27.2715213Z         {
2025-08-24T00:25:27.2715466Z           "all": false,
2025-08-24T00:25:27.2715784Z           "reservedSpace": "7.451GiB",
2025-08-24T00:25:27.2716171Z           "maxUsedSpace": "54.02GiB",
2025-08-24T00:25:27.2716538Z           "minFreeSpace": "13.97GiB"
2025-08-24T00:25:27.2716882Z         },
2025-08-24T00:25:27.2717126Z         {
2025-08-24T00:25:27.2717383Z           "all": true,
2025-08-24T00:25:27.2717693Z           "reservedSpace": "7.451GiB",
2025-08-24T00:25:27.2719195Z           "maxUsedSpace": "54.02GiB",
2025-08-24T00:25:27.2719585Z           "minFreeSpace": "13.97GiB"
2025-08-24T00:25:27.2719942Z         }
2025-08-24T00:25:27.2720181Z       ]
2025-08-24T00:25:27.2720420Z     }
2025-08-24T00:25:27.2720662Z   ],
2025-08-24T00:25:27.2720999Z   "name": "builder-42a02203-b5ca-40b6-98a0-f74ea0934780",
2025-08-24T00:25:27.2721496Z   "driver": "docker-container",
2025-08-24T00:25:27.2721872Z   "lastActivity": "2025-08-24T00:25:22.000Z"
2025-08-24T00:25:27.2722254Z }
2025-08-24T00:25:27.2722769Z ##[endgroup]
2025-08-24T00:25:27.2723284Z ##[group]BuildKit version
2025-08-24T00:25:27.2723718Z builder-42a02203-b5ca-40b6-98a0-f74ea09347800: v0.23.2
2025-08-24T00:25:27.2724390Z ##[endgroup]
2025-08-24T00:25:27.4082366Z ##[group]Run actions/cache@v4
2025-08-24T00:25:27.4082619Z with:
2025-08-24T00:25:27.4082787Z   path: ~/.cache/pip
2025-08-24T00:25:27.4083153Z   key: Linux-pip-d1b7e9848e1dd79f5deb038c325fdc4a125907aa5dd69a2504a3cfe135eef7d4
2025-08-24T00:25:27.4083576Z   enableCrossOsArchive: false
2025-08-24T00:25:27.4083800Z   fail-on-cache-miss: false
2025-08-24T00:25:27.4084014Z   lookup-only: false
2025-08-24T00:25:27.4084192Z   save-always: false
2025-08-24T00:25:27.4084371Z ##[endgroup]
2025-08-24T00:25:27.7825957Z Cache not found for input keys: Linux-pip-d1b7e9848e1dd79f5deb038c325fdc4a125907aa5dd69a2504a3cfe135eef7d4
2025-08-24T00:25:27.7910085Z ##[group]Run docker buildx build \
2025-08-24T00:25:27.7910430Z [36;1mdocker buildx build \[0m
2025-08-24T00:25:27.7910860Z [36;1m  --tag ghcr.io/alexbomber12/awa-app/api:09cce4abbfe66e11b852ff4bc2b2e86703e0fd0b \[0m
2025-08-24T00:25:27.7911373Z [36;1m  --build-arg TZ_CACHE_BUST=09cce4abbfe66e11b852ff4bc2b2e86703e0fd0b \[0m
2025-08-24T00:25:27.7911758Z [36;1m  --file services/api/Dockerfile \[0m
2025-08-24T00:25:27.7912005Z [36;1m  --load .[0m
2025-08-24T00:25:27.7984193Z shell: /usr/bin/bash -e {0}
2025-08-24T00:25:27.7984445Z ##[endgroup]
2025-08-24T00:25:28.1033044Z #0 building with "builder-42a02203-b5ca-40b6-98a0-f74ea0934780" instance using docker-container driver
2025-08-24T00:25:28.1033701Z 
2025-08-24T00:25:28.1033856Z #1 [internal] load build definition from Dockerfile
2025-08-24T00:25:28.1034229Z #1 transferring dockerfile: 1.52kB done
2025-08-24T00:25:28.1034525Z #1 DONE 0.0s
2025-08-24T00:25:28.1034649Z 
2025-08-24T00:25:28.1035018Z #2 resolve image config for docker-image://docker.io/docker/dockerfile:1.6
2025-08-24T00:25:28.2878515Z #2 ...
2025-08-24T00:25:28.2878753Z 
2025-08-24T00:25:28.2879052Z #3 [auth] docker/dockerfile:pull token for registry-1.docker.io
2025-08-24T00:25:28.2879588Z #3 DONE 0.0s
2025-08-24T00:25:28.4377222Z 
2025-08-24T00:25:28.4377709Z #2 resolve image config for docker-image://docker.io/docker/dockerfile:1.6
2025-08-24T00:25:28.8766419Z #2 DONE 0.9s
2025-08-24T00:25:29.0412558Z 
2025-08-24T00:25:29.0413287Z #4 docker-image://docker.io/docker/dockerfile:1.6@sha256:ac85f380a63b13dfcefa89046420e1781752bab202122f8f50032edf31be0021
2025-08-24T00:25:29.0414534Z #4 resolve docker.io/docker/dockerfile:1.6@sha256:ac85f380a63b13dfcefa89046420e1781752bab202122f8f50032edf31be0021 done
2025-08-24T00:25:29.0451549Z #4 sha256:9d9c93f4b00be908ab694a4df732570bced3b8a96b7515d70ff93402179ad232 0B / 11.80MB 0.2s
2025-08-24T00:25:29.1943789Z #4 sha256:9d9c93f4b00be908ab694a4df732570bced3b8a96b7515d70ff93402179ad232 11.80MB / 11.80MB 0.3s done
2025-08-24T00:25:29.3457277Z #4 extracting sha256:9d9c93f4b00be908ab694a4df732570bced3b8a96b7515d70ff93402179ad232 0.1s done
2025-08-24T00:25:29.3458113Z #4 DONE 0.4s
2025-08-24T00:25:29.3458239Z 
2025-08-24T00:25:29.3458411Z #5 [internal] load metadata for docker.io/library/python:3.12-slim
2025-08-24T00:25:29.5528541Z #5 ...
2025-08-24T00:25:29.5528729Z 
2025-08-24T00:25:29.5528952Z #6 [auth] library/python:pull token for registry-1.docker.io
2025-08-24T00:25:29.5529368Z #6 DONE 0.0s
2025-08-24T00:25:29.5529524Z 
2025-08-24T00:25:29.5529743Z #5 [internal] load metadata for docker.io/library/python:3.12-slim
2025-08-24T00:25:30.0093745Z #5 DONE 0.6s
2025-08-24T00:25:30.0094003Z 
2025-08-24T00:25:30.0094153Z #7 [internal] load .dockerignore
2025-08-24T00:25:30.0094549Z #7 transferring context: 265B done
2025-08-24T00:25:30.0094945Z #7 DONE 0.0s
2025-08-24T00:25:30.0095109Z 
2025-08-24T00:25:30.0095771Z #8 [base  1/14] FROM docker.io/library/python:3.12-slim@sha256:d67a7b66b989ad6b6d6b10d428dcc5e0bfc3e5f88906e67d490c4d3daac57047
2025-08-24T00:25:30.0097001Z #8 resolve docker.io/library/python:3.12-slim@sha256:d67a7b66b989ad6b6d6b10d428dcc5e0bfc3e5f88906e67d490c4d3daac57047 done
2025-08-24T00:25:30.1104912Z #8 ...
2025-08-24T00:25:30.1105141Z 
2025-08-24T00:25:30.1105305Z #9 [internal] load build context
2025-08-24T00:25:30.1105790Z #9 transferring context: 173.59kB 0.0s done
2025-08-24T00:25:30.1106457Z #9 DONE 0.0s
2025-08-24T00:25:30.1106639Z 
2025-08-24T00:25:30.1107317Z #8 [base  1/14] FROM docker.io/library/python:3.12-slim@sha256:d67a7b66b989ad6b6d6b10d428dcc5e0bfc3e5f88906e67d490c4d3daac57047
2025-08-24T00:25:30.1108490Z #8 sha256:d76206d463c08ba2a3f7bbab2de2a933ad73f33ab4ab813eafe50c9dff9edc12 251B / 251B 0.1s done
2025-08-24T00:25:30.2974244Z #8 sha256:e5c05dcf47fbdb2f18dc242ad1b7f48fbd3813c0027ffcfb8e81e4aa7e0965f4 12.11MB / 12.11MB 0.3s done
2025-08-24T00:25:30.2975443Z #8 sha256:5d587318e932a89b94608393c99dd30ee5092a6991c1656f717bd4f4e13d60df 0B / 1.29MB 0.2s
2025-08-24T00:25:30.2976726Z #8 sha256:396b1da7636e2dcd10565cb4f2f952cbb4a8a38b58d3b86a2cacb172fb70117c 0B / 29.77MB 0.2s
2025-08-24T00:25:30.4644149Z #8 sha256:5d587318e932a89b94608393c99dd30ee5092a6991c1656f717bd4f4e13d60df 1.29MB / 1.29MB 0.3s done
2025-08-24T00:25:30.4645396Z #8 sha256:396b1da7636e2dcd10565cb4f2f952cbb4a8a38b58d3b86a2cacb172fb70117c 10.49MB / 29.77MB 0.5s
2025-08-24T00:25:30.6143916Z #8 sha256:396b1da7636e2dcd10565cb4f2f952cbb4a8a38b58d3b86a2cacb172fb70117c 16.78MB / 29.77MB 0.6s
2025-08-24T00:25:30.7638299Z #8 sha256:396b1da7636e2dcd10565cb4f2f952cbb4a8a38b58d3b86a2cacb172fb70117c 25.17MB / 29.77MB 0.8s
2025-08-24T00:25:30.9728465Z #8 sha256:396b1da7636e2dcd10565cb4f2f952cbb4a8a38b58d3b86a2cacb172fb70117c 29.77MB / 29.77MB 0.8s done
2025-08-24T00:25:30.9729549Z #8 extracting sha256:396b1da7636e2dcd10565cb4f2f952cbb4a8a38b58d3b86a2cacb172fb70117c
2025-08-24T00:25:31.4614122Z #8 extracting sha256:396b1da7636e2dcd10565cb4f2f952cbb4a8a38b58d3b86a2cacb172fb70117c 0.6s done
2025-08-24T00:25:31.4615057Z #8 DONE 1.5s
2025-08-24T00:25:31.6847425Z 
2025-08-24T00:25:31.6848361Z #8 [base  1/14] FROM docker.io/library/python:3.12-slim@sha256:d67a7b66b989ad6b6d6b10d428dcc5e0bfc3e5f88906e67d490c4d3daac57047
2025-08-24T00:25:31.6849622Z #8 extracting sha256:5d587318e932a89b94608393c99dd30ee5092a6991c1656f717bd4f4e13d60df 0.1s done
2025-08-24T00:25:31.6850505Z #8 extracting sha256:e5c05dcf47fbdb2f18dc242ad1b7f48fbd3813c0027ffcfb8e81e4aa7e0965f4
2025-08-24T00:25:31.8840772Z #8 extracting sha256:e5c05dcf47fbdb2f18dc242ad1b7f48fbd3813c0027ffcfb8e81e4aa7e0965f4 0.3s done
2025-08-24T00:25:31.8841849Z #8 DONE 1.9s
2025-08-24T00:25:32.0006186Z 
2025-08-24T00:25:32.0009072Z #8 [base  1/14] FROM docker.io/library/python:3.12-slim@sha256:d67a7b66b989ad6b6d6b10d428dcc5e0bfc3e5f88906e67d490c4d3daac57047
2025-08-24T00:25:32.0010329Z #8 extracting sha256:d76206d463c08ba2a3f7bbab2de2a933ad73f33ab4ab813eafe50c9dff9edc12 done
2025-08-24T00:25:32.0011078Z #8 DONE 1.9s
2025-08-24T00:25:32.0011262Z 
2025-08-24T00:25:32.0011400Z #10 [base  2/14] WORKDIR /app
2025-08-24T00:25:32.0011741Z #10 DONE 0.1s
2025-08-24T00:25:32.0011845Z 
2025-08-24T00:25:32.0012109Z #11 [base  3/14] COPY services/api/requirements.txt ./requirements.txt
2025-08-24T00:25:32.0012615Z #11 DONE 0.0s
2025-08-24T00:25:32.0012714Z 
2025-08-24T00:25:32.0013960Z #12 [stage-1 3/6] RUN set -eux;     if [ -f /etc/apt/sources.list ]; then         sed -i 's|http://deb.debian.org|https://deb.debian.org|g' /etc/apt/sources.list;     fi;     apt-get update;     apt-get install -y --no-install-recommends tzdata postgresql-client curl;     rm -rf /var/lib/apt/lists/*
2025-08-24T00:25:32.1125156Z #12 0.059 + [ -f /etc/apt/sources.list ]
2025-08-24T00:25:32.1125633Z #12 0.059 + apt-get update
2025-08-24T00:25:32.1126115Z #12 0.130 Hit:1 http://deb.debian.org/debian trixie InRelease
2025-08-24T00:25:32.1127172Z #12 0.130 Get:2 http://deb.debian.org/debian trixie-updates InRelease [47.1 kB]
2025-08-24T00:25:32.2270570Z #12 0.145 Get:3 http://deb.debian.org/debian-security trixie-security InRelease [43.4 kB]
2025-08-24T00:25:32.2271950Z #12 0.156 Get:4 http://deb.debian.org/debian trixie/main amd64 Packages [9668 kB]
2025-08-24T00:25:32.2273612Z #12 0.245 Get:5 http://deb.debian.org/debian trixie-updates/main amd64 Packages [2432 B]
2025-08-24T00:25:32.3782850Z #12 0.245 Get:6 http://deb.debian.org/debian-security trixie-security/main amd64 Packages [23.9 kB]
2025-08-24T00:25:32.8601884Z #12 0.878 Fetched 9784 kB in 1s (12.3 MB/s)
2025-08-24T00:25:33.3164127Z #12 0.878 Reading package lists...
2025-08-24T00:25:33.4753814Z #12 1.344 + apt-get install -y --no-install-recommends tzdata postgresql-client curl
2025-08-24T00:25:33.7855312Z #12 1.352 Reading package lists...
2025-08-24T00:25:34.0188498Z #12 1.813 Building dependency tree...
2025-08-24T00:25:34.0189151Z #12 1.932 Reading state information...
2025-08-24T00:25:34.1930559Z #12 2.059 tzdata is already the newest version (2025b-4).
2025-08-24T00:25:34.1931265Z #12 2.059 The following additional packages will be installed:
2025-08-24T00:25:34.1932559Z #12 2.059   libbrotli1 libcom-err2 libcurl4t64 libgdbm-compat4t64 libgnutls30t64
2025-08-24T00:25:34.1933421Z #12 2.059   libgssapi-krb5-2 libidn2-0 libk5crypto3 libkeyutils1 libkrb5-3
2025-08-24T00:25:34.1934319Z #12 2.059   libkrb5support0 libldap2 libnghttp2-14 libnghttp3-9 libp11-kit0 libperl5.40
2025-08-24T00:25:34.1935248Z #12 2.059   libpq5 libpsl5t64 librtmp1 libsasl2-2 libsasl2-modules-db libssh2-1t64
2025-08-24T00:25:34.1936115Z #12 2.060   libtasn1-6 libunistring5 perl perl-modules-5.40 postgresql-client-17
2025-08-24T00:25:34.1937053Z #12 2.060   postgresql-client-common sensible-utils
2025-08-24T00:25:34.1937560Z #12 2.060 Suggested packages:
2025-08-24T00:25:34.1938329Z #12 2.060   gnutls-bin krb5-doc krb5-user perl-doc libterm-readline-gnu-perl
2025-08-24T00:25:34.1939220Z #12 2.060   | libterm-readline-perl-perl make libtap-harness-archive-perl postgresql-17
2025-08-24T00:25:34.1939930Z #12 2.060   postgresql-doc-17
2025-08-24T00:25:34.1940330Z #12 2.060 Recommended packages:
2025-08-24T00:25:34.1940972Z #12 2.060   bash-completion krb5-locales libldap-common publicsuffix libsasl2-modules
2025-08-24T00:25:34.2174058Z #12 2.235 The following NEW packages will be installed:
2025-08-24T00:25:34.3271193Z #12 2.235   curl libbrotli1 libcom-err2 libcurl4t64 libgdbm-compat4t64 libgnutls30t64
2025-08-24T00:25:34.3273032Z #12 2.235   libgssapi-krb5-2 libidn2-0 libk5crypto3 libkeyutils1 libkrb5-3
2025-08-24T00:25:34.3274253Z #12 2.236   libkrb5support0 libldap2 libnghttp2-14 libnghttp3-9 libp11-kit0 libperl5.40
2025-08-24T00:25:34.3275901Z #12 2.236   libpq5 libpsl5t64 librtmp1 libsasl2-2 libsasl2-modules-db libssh2-1t64
2025-08-24T00:25:34.3276801Z #12 2.236   libtasn1-6 libunistring5 perl perl-modules-5.40 postgresql-client
2025-08-24T00:25:34.3277625Z #12 2.237   postgresql-client-17 postgresql-client-common sensible-utils
2025-08-24T00:25:34.3278619Z #12 2.312 0 upgraded, 31 newly installed, 0 to remove and 0 not upgraded.
2025-08-24T00:25:34.3279219Z #12 2.312 Need to get 14.9 MB of archives.
2025-08-24T00:25:34.3279839Z #12 2.312 After this operation, 78.1 MB of additional disk space will be used.
2025-08-24T00:25:34.3280743Z #12 2.312 Get:1 http://deb.debian.org/debian trixie/main amd64 sensible-utils all 0.0.25 [25.0 kB]
2025-08-24T00:25:34.3281744Z #12 2.321 Get:2 http://deb.debian.org/debian trixie/main amd64 perl-modules-5.40 all 5.40.1-6 [3019 kB]
2025-08-24T00:25:34.4325802Z #12 2.368 Get:3 http://deb.debian.org/debian trixie/main amd64 libgdbm-compat4t64 amd64 1.24-2 [50.3 kB]
2025-08-24T00:25:34.4330818Z #12 2.368 Get:4 http://deb.debian.org/debian trixie/main amd64 libperl5.40 amd64 5.40.1-6 [4341 kB]
2025-08-24T00:25:34.4331603Z #12 2.384 Get:5 http://deb.debian.org/debian trixie/main amd64 perl amd64 5.40.1-6 [267 kB]
2025-08-24T00:25:34.4332324Z #12 2.385 Get:6 http://deb.debian.org/debian trixie/main amd64 libbrotli1 amd64 1.1.0-2+b7 [307 kB]
2025-08-24T00:25:34.4333200Z #12 2.386 Get:7 http://deb.debian.org/debian trixie/main amd64 libkrb5support0 amd64 1.21.3-5 [33.0 kB]
2025-08-24T00:25:34.4334019Z #12 2.387 Get:8 http://deb.debian.org/debian trixie/main amd64 libcom-err2 amd64 1.47.2-3+b3 [25.0 kB]
2025-08-24T00:25:34.4334790Z #12 2.387 Get:9 http://deb.debian.org/debian trixie/main amd64 libk5crypto3 amd64 1.21.3-5 [81.5 kB]
2025-08-24T00:25:34.4335552Z #12 2.388 Get:10 http://deb.debian.org/debian trixie/main amd64 libkeyutils1 amd64 1.6.3-6 [9456 B]
2025-08-24T00:25:34.4336293Z #12 2.389 Get:11 http://deb.debian.org/debian trixie/main amd64 libkrb5-3 amd64 1.21.3-5 [326 kB]
2025-08-24T00:25:34.4337044Z #12 2.393 Get:12 http://deb.debian.org/debian trixie/main amd64 libgssapi-krb5-2 amd64 1.21.3-5 [138 kB]
2025-08-24T00:25:34.4338013Z #12 2.394 Get:13 http://deb.debian.org/debian trixie/main amd64 libunistring5 amd64 1.3-2 [477 kB]
2025-08-24T00:25:34.4338778Z #12 2.397 Get:14 http://deb.debian.org/debian trixie/main amd64 libidn2-0 amd64 2.3.8-2 [109 kB]
2025-08-24T00:25:34.4339589Z #12 2.398 Get:15 http://deb.debian.org/debian trixie/main amd64 libsasl2-modules-db amd64 2.1.28+dfsg1-9 [19.8 kB]
2025-08-24T00:25:34.4340715Z #12 2.398 Get:16 http://deb.debian.org/debian trixie/main amd64 libsasl2-2 amd64 2.1.28+dfsg1-9 [57.5 kB]
2025-08-24T00:25:34.4341514Z #12 2.404 Get:17 http://deb.debian.org/debian trixie/main amd64 libldap2 amd64 2.6.10+dfsg-1 [194 kB]
2025-08-24T00:25:34.4342302Z #12 2.406 Get:18 http://deb.debian.org/debian trixie/main amd64 libnghttp2-14 amd64 1.64.0-1.1 [76.0 kB]
2025-08-24T00:25:34.4343078Z #12 2.407 Get:19 http://deb.debian.org/debian trixie/main amd64 libnghttp3-9 amd64 1.8.0-1 [67.7 kB]
2025-08-24T00:25:34.4344047Z #12 2.407 Get:20 http://deb.debian.org/debian trixie/main amd64 libpsl5t64 amd64 0.21.2-1.1+b1 [57.2 kB]
2025-08-24T00:25:34.4344810Z #12 2.409 Get:21 http://deb.debian.org/debian trixie/main amd64 libp11-kit0 amd64 0.25.5-3 [425 kB]
2025-08-24T00:25:34.4345551Z #12 2.411 Get:22 http://deb.debian.org/debian trixie/main amd64 libtasn1-6 amd64 4.20.0-2 [49.9 kB]
2025-08-24T00:25:34.4346316Z #12 2.413 Get:23 http://deb.debian.org/debian trixie/main amd64 libgnutls30t64 amd64 3.8.9-3 [1465 kB]
2025-08-24T00:25:34.4347167Z #12 2.421 Get:24 http://deb.debian.org/debian trixie/main amd64 librtmp1 amd64 2.4+20151223.gitfa8646d.1-2+b5 [58.8 kB]
2025-08-24T00:25:34.4348203Z #12 2.422 Get:25 http://deb.debian.org/debian trixie/main amd64 libssh2-1t64 amd64 1.11.1-1 [245 kB]
2025-08-24T00:25:34.4348975Z #12 2.423 Get:26 http://deb.debian.org/debian trixie/main amd64 libcurl4t64 amd64 8.14.1-2 [391 kB]
2025-08-24T00:25:34.4349692Z #12 2.425 Get:27 http://deb.debian.org/debian trixie/main amd64 curl amd64 8.14.1-2 [269 kB]
2025-08-24T00:25:34.4350397Z #12 2.427 Get:28 http://deb.debian.org/debian trixie/main amd64 libpq5 amd64 17.5-1 [226 kB]
2025-08-24T00:25:34.4351173Z #12 2.431 Get:29 http://deb.debian.org/debian trixie/main amd64 postgresql-client-common all 278 [47.1 kB]
2025-08-24T00:25:34.4352019Z #12 2.434 Get:30 http://deb.debian.org/debian trixie/main amd64 postgresql-client-17 amd64 17.5-1 [2025 kB]
2025-08-24T00:25:34.4352843Z #12 2.443 Get:31 http://deb.debian.org/debian trixie/main amd64 postgresql-client all 17+278 [14.0 kB]
2025-08-24T00:25:35.4804405Z #12 3.498 Fetched 14.9 MB in 0s (75.4 MB/s)
2025-08-24T00:25:35.5899647Z #12 3.512 Selecting previously unselected package sensible-utils.
2025-08-24T00:25:35.5900402Z #12 3.512 (Reading database ... 
2025-08-24T00:25:35.5903388Z (Reading database ... 5%
2025-08-24T00:25:35.5904248Z (Reading database ... 10%
2025-08-24T00:25:35.5906025Z (Reading database ... 15%
2025-08-24T00:25:35.5906505Z (Reading database ... 20%
2025-08-24T00:25:35.5906917Z (Reading database ... 25%
2025-08-24T00:25:35.5907273Z (Reading database ... 30%
2025-08-24T00:25:35.5907607Z (Reading database ... 35%
2025-08-24T00:25:35.5908142Z (Reading database ... 40%
2025-08-24T00:25:35.5908498Z (Reading database ... 45%
2025-08-24T00:25:35.5908847Z (Reading database ... 50%
2025-08-24T00:25:35.5909199Z (Reading database ... 55%
2025-08-24T00:25:35.5910239Z (Reading database ... 60%
2025-08-24T00:25:35.5910829Z (Reading database ... 65%
2025-08-24T00:25:35.5911381Z (Reading database ... 70%
2025-08-24T00:25:35.5911990Z (Reading database ... 75%
2025-08-24T00:25:35.5912551Z (Reading database ... 80%
2025-08-24T00:25:35.5913105Z (Reading database ... 85%
2025-08-24T00:25:35.5913641Z (Reading database ... 90%
2025-08-24T00:25:35.5914141Z (Reading database ... 95%
2025-08-24T00:25:35.5914689Z (Reading database ... 100%
2025-08-24T00:25:35.5915745Z (Reading database ... 5643 files and directories currently installed.)
2025-08-24T00:25:35.5916735Z #12 3.517 Preparing to unpack .../00-sensible-utils_0.0.25_all.deb ...
2025-08-24T00:25:35.5917539Z #12 3.519 Unpacking sensible-utils (0.0.25) ...
2025-08-24T00:25:35.5918566Z #12 3.541 Selecting previously unselected package perl-modules-5.40.
2025-08-24T00:25:35.5919271Z #12 3.542 Preparing to unpack .../01-perl-modules-5.40_5.40.1-6_all.deb ...
2025-08-24T00:25:35.5919883Z #12 3.544 Unpacking perl-modules-5.40 (5.40.1-6) ...
2025-08-24T00:25:35.8035975Z #12 3.817 Selecting previously unselected package libgdbm-compat4t64:amd64.
2025-08-24T00:25:35.8037124Z #12 3.819 Preparing to unpack .../02-libgdbm-compat4t64_1.24-2_amd64.deb ...
2025-08-24T00:25:35.8037965Z #12 3.822 Unpacking libgdbm-compat4t64:amd64 (1.24-2) ...
2025-08-24T00:25:35.9758680Z #12 3.840 Selecting previously unselected package libperl5.40:amd64.
2025-08-24T00:25:35.9759495Z #12 3.842 Preparing to unpack .../03-libperl5.40_5.40.1-6_amd64.deb ...
2025-08-24T00:25:35.9760502Z #12 3.843 Unpacking libperl5.40:amd64 (5.40.1-6) ...
2025-08-24T00:25:36.0635425Z #12 4.081 Selecting previously unselected package perl.
2025-08-24T00:25:36.1790536Z #12 4.083 Preparing to unpack .../04-perl_5.40.1-6_amd64.deb ...
2025-08-24T00:25:36.1792416Z #12 4.085 Unpacking perl (5.40.1-6) ...
2025-08-24T00:25:36.1793009Z #12 4.113 Selecting previously unselected package libbrotli1:amd64.
2025-08-24T00:25:36.1793737Z #12 4.114 Preparing to unpack .../05-libbrotli1_1.1.0-2+b7_amd64.deb ...
2025-08-24T00:25:36.1794374Z #12 4.116 Unpacking libbrotli1:amd64 (1.1.0-2+b7) ...
2025-08-24T00:25:36.1795040Z #12 4.147 Selecting previously unselected package libkrb5support0:amd64.
2025-08-24T00:25:36.1795806Z #12 4.149 Preparing to unpack .../06-libkrb5support0_1.21.3-5_amd64.deb ...
2025-08-24T00:25:36.1796452Z #12 4.150 Unpacking libkrb5support0:amd64 (1.21.3-5) ...
2025-08-24T00:25:36.1797087Z #12 4.168 Selecting previously unselected package libcom-err2:amd64.
2025-08-24T00:25:36.1798088Z #12 4.169 Preparing to unpack .../07-libcom-err2_1.47.2-3+b3_amd64.deb ...
2025-08-24T00:25:36.1798752Z #12 4.171 Unpacking libcom-err2:amd64 (1.47.2-3+b3) ...
2025-08-24T00:25:36.1799405Z #12 4.197 Selecting previously unselected package libk5crypto3:amd64.
2025-08-24T00:25:36.2883312Z #12 4.199 Preparing to unpack .../08-libk5crypto3_1.21.3-5_amd64.deb ...
2025-08-24T00:25:36.2884079Z #12 4.200 Unpacking libk5crypto3:amd64 (1.21.3-5) ...
2025-08-24T00:25:36.2885280Z #12 4.222 Selecting previously unselected package libkeyutils1:amd64.
2025-08-24T00:25:36.2887007Z #12 4.223 Preparing to unpack .../09-libkeyutils1_1.6.3-6_amd64.deb ...
2025-08-24T00:25:36.2888172Z #12 4.224 Unpacking libkeyutils1:amd64 (1.6.3-6) ...
2025-08-24T00:25:36.2888780Z #12 4.240 Selecting previously unselected package libkrb5-3:amd64.
2025-08-24T00:25:36.2889407Z #12 4.242 Preparing to unpack .../10-libkrb5-3_1.21.3-5_amd64.deb ...
2025-08-24T00:25:36.2889956Z #12 4.243 Unpacking libkrb5-3:amd64 (1.21.3-5) ...
2025-08-24T00:25:36.2890528Z #12 4.277 Selecting previously unselected package libgssapi-krb5-2:amd64.
2025-08-24T00:25:36.2891238Z #12 4.279 Preparing to unpack .../11-libgssapi-krb5-2_1.21.3-5_amd64.deb ...
2025-08-24T00:25:36.2891833Z #12 4.280 Unpacking libgssapi-krb5-2:amd64 (1.21.3-5) ...
2025-08-24T00:25:36.2892369Z #12 4.306 Selecting previously unselected package libunistring5:amd64.
2025-08-24T00:25:36.3927014Z #12 4.308 Preparing to unpack .../12-libunistring5_1.3-2_amd64.deb ...
2025-08-24T00:25:36.3928402Z #12 4.310 Unpacking libunistring5:amd64 (1.3-2) ...
2025-08-24T00:25:36.3929290Z #12 4.353 Selecting previously unselected package libidn2-0:amd64.
2025-08-24T00:25:36.3929711Z #12 4.355 Preparing to unpack .../13-libidn2-0_2.3.8-2_amd64.deb ...
2025-08-24T00:25:36.3930047Z #12 4.356 Unpacking libidn2-0:amd64 (2.3.8-2) ...
2025-08-24T00:25:36.3930418Z #12 4.379 Selecting previously unselected package libsasl2-modules-db:amd64.
2025-08-24T00:25:36.3931112Z #12 4.380 Preparing to unpack .../14-libsasl2-modules-db_2.1.28+dfsg1-9_amd64.deb ...
2025-08-24T00:25:36.3931850Z #12 4.382 Unpacking libsasl2-modules-db:amd64 (2.1.28+dfsg1-9) ...
2025-08-24T00:25:36.3932504Z #12 4.403 Selecting previously unselected package libsasl2-2:amd64.
2025-08-24T00:25:36.3933181Z #12 4.404 Preparing to unpack .../15-libsasl2-2_2.1.28+dfsg1-9_amd64.deb ...
2025-08-24T00:25:36.3933781Z #12 4.405 Unpacking libsasl2-2:amd64 (2.1.28+dfsg1-9) ...
2025-08-24T00:25:36.5011132Z #12 4.426 Selecting previously unselected package libldap2:amd64.
2025-08-24T00:25:36.5012409Z #12 4.427 Preparing to unpack .../16-libldap2_2.6.10+dfsg-1_amd64.deb ...
2025-08-24T00:25:36.5015212Z #12 4.428 Unpacking libldap2:amd64 (2.6.10+dfsg-1) ...
2025-08-24T00:25:36.5015940Z #12 4.454 Selecting previously unselected package libnghttp2-14:amd64.
2025-08-24T00:25:36.5016681Z #12 4.455 Preparing to unpack .../17-libnghttp2-14_1.64.0-1.1_amd64.deb ...
2025-08-24T00:25:36.5017333Z #12 4.456 Unpacking libnghttp2-14:amd64 (1.64.0-1.1) ...
2025-08-24T00:25:36.5018027Z #12 4.476 Selecting previously unselected package libnghttp3-9:amd64.
2025-08-24T00:25:36.5018664Z #12 4.477 Preparing to unpack .../18-libnghttp3-9_1.8.0-1_amd64.deb ...
2025-08-24T00:25:36.5019333Z #12 4.479 Unpacking libnghttp3-9:amd64 (1.8.0-1) ...
2025-08-24T00:25:36.5019815Z #12 4.498 Selecting previously unselected package libpsl5t64:amd64.
2025-08-24T00:25:36.5020249Z #12 4.499 Preparing to unpack .../19-libpsl5t64_0.21.2-1.1+b1_amd64.deb ...
2025-08-24T00:25:36.5020732Z #12 4.501 Unpacking libpsl5t64:amd64 (0.21.2-1.1+b1) ...
2025-08-24T00:25:36.6064565Z #12 4.521 Selecting previously unselected package libp11-kit0:amd64.
2025-08-24T00:25:36.6065360Z #12 4.523 Preparing to unpack .../20-libp11-kit0_0.25.5-3_amd64.deb ...
2025-08-24T00:25:36.6066011Z #12 4.524 Unpacking libp11-kit0:amd64 (0.25.5-3) ...
2025-08-24T00:25:36.6066612Z #12 4.556 Selecting previously unselected package libtasn1-6:amd64.
2025-08-24T00:25:36.6067282Z #12 4.558 Preparing to unpack .../21-libtasn1-6_4.20.0-2_amd64.deb ...
2025-08-24T00:25:36.6068030Z #12 4.559 Unpacking libtasn1-6:amd64 (4.20.0-2) ...
2025-08-24T00:25:36.6068645Z #12 4.579 Selecting previously unselected package libgnutls30t64:amd64.
2025-08-24T00:25:36.6069399Z #12 4.580 Preparing to unpack .../22-libgnutls30t64_3.8.9-3_amd64.deb ...
2025-08-24T00:25:36.6070017Z #12 4.581 Unpacking libgnutls30t64:amd64 (3.8.9-3) ...
2025-08-24T00:25:36.7088749Z #12 4.641 Selecting previously unselected package librtmp1:amd64.
2025-08-24T00:25:36.7089583Z #12 4.642 Preparing to unpack .../23-librtmp1_2.4+20151223.gitfa8646d.1-2+b5_amd64.deb ...
2025-08-24T00:25:36.7090388Z #12 4.644 Unpacking librtmp1:amd64 (2.4+20151223.gitfa8646d.1-2+b5) ...
2025-08-24T00:25:36.7092442Z #12 4.666 Selecting previously unselected package libssh2-1t64:amd64.
2025-08-24T00:25:36.7093115Z #12 4.667 Preparing to unpack .../24-libssh2-1t64_1.11.1-1_amd64.deb ...
2025-08-24T00:25:36.7093730Z #12 4.669 Unpacking libssh2-1t64:amd64 (1.11.1-1) ...
2025-08-24T00:25:36.7094287Z #12 4.692 Selecting previously unselected package libcurl4t64:amd64.
2025-08-24T00:25:36.7094909Z #12 4.694 Preparing to unpack .../25-libcurl4t64_8.14.1-2_amd64.deb ...
2025-08-24T00:25:36.7095463Z #12 4.696 Unpacking libcurl4t64:amd64 (8.14.1-2) ...
2025-08-24T00:25:36.7095998Z #12 4.727 Selecting previously unselected package curl.
2025-08-24T00:25:36.8131109Z #12 4.728 Preparing to unpack .../26-curl_8.14.1-2_amd64.deb ...
2025-08-24T00:25:36.8131917Z #12 4.730 Unpacking curl (8.14.1-2) ...
2025-08-24T00:25:36.8133086Z #12 4.756 Selecting previously unselected package libpq5:amd64.
2025-08-24T00:25:36.8134057Z #12 4.757 Preparing to unpack .../27-libpq5_17.5-1_amd64.deb ...
2025-08-24T00:25:36.8134609Z #12 4.758 Unpacking libpq5:amd64 (17.5-1) ...
2025-08-24T00:25:36.8135240Z #12 4.789 Selecting previously unselected package postgresql-client-common.
2025-08-24T00:25:36.8136052Z #12 4.791 Preparing to unpack .../28-postgresql-client-common_278_all.deb ...
2025-08-24T00:25:36.8136731Z #12 4.797 Unpacking postgresql-client-common (278) ...
2025-08-24T00:25:36.8137384Z #12 4.821 Selecting previously unselected package postgresql-client-17.
2025-08-24T00:25:36.8138708Z #12 4.822 Preparing to unpack .../29-postgresql-client-17_17.5-1_amd64.deb ...
2025-08-24T00:25:36.8139357Z #12 4.824 Unpacking postgresql-client-17 (17.5-1) ...
2025-08-24T00:25:36.9270050Z #12 4.945 Selecting previously unselected package postgresql-client.
2025-08-24T00:25:37.0297524Z #12 4.946 Preparing to unpack .../30-postgresql-client_17+278_all.deb ...
2025-08-24T00:25:37.0298561Z #12 4.948 Unpacking postgresql-client (17+278) ...
2025-08-24T00:25:37.0299503Z #12 4.975 Setting up libkeyutils1:amd64 (1.6.3-6) ...
2025-08-24T00:25:37.0300130Z #12 4.978 Setting up libgdbm-compat4t64:amd64 (1.24-2) ...
2025-08-24T00:25:37.0300717Z #12 4.981 Setting up libbrotli1:amd64 (1.1.0-2+b7) ...
2025-08-24T00:25:37.0301269Z #12 4.984 Setting up libnghttp2-14:amd64 (1.64.0-1.1) ...
2025-08-24T00:25:37.0301832Z #12 4.987 Setting up libcom-err2:amd64 (1.47.2-3+b3) ...
2025-08-24T00:25:37.0302207Z #12 4.990 Setting up libkrb5support0:amd64 (1.21.3-5) ...
2025-08-24T00:25:37.0302678Z #12 4.994 Setting up libsasl2-modules-db:amd64 (2.1.28+dfsg1-9) ...
2025-08-24T00:25:37.0303277Z #12 4.998 Setting up libp11-kit0:amd64 (0.25.5-3) ...
2025-08-24T00:25:37.0303602Z #12 5.001 Setting up libunistring5:amd64 (1.3-2) ...
2025-08-24T00:25:37.0303914Z #12 5.003 Setting up libk5crypto3:amd64 (1.21.3-5) ...
2025-08-24T00:25:37.0304242Z #12 5.007 Setting up libsasl2-2:amd64 (2.1.28+dfsg1-9) ...
2025-08-24T00:25:37.0304653Z #12 5.010 Setting up libnghttp3-9:amd64 (1.8.0-1) ...
2025-08-24T00:25:37.0304989Z #12 5.014 Setting up perl-modules-5.40 (5.40.1-6) ...
2025-08-24T00:25:37.0305293Z #12 5.019 Setting up sensible-utils (0.0.25) ...
2025-08-24T00:25:37.0305603Z #12 5.022 Setting up libtasn1-6:amd64 (4.20.0-2) ...
2025-08-24T00:25:37.0306056Z #12 5.025 Setting up libkrb5-3:amd64 (1.21.3-5) ...
2025-08-24T00:25:37.0306380Z #12 5.028 Setting up libssh2-1t64:amd64 (1.11.1-1) ...
2025-08-24T00:25:37.0306702Z #12 5.032 Setting up libldap2:amd64 (2.6.10+dfsg-1) ...
2025-08-24T00:25:37.0306997Z #12 5.035 Setting up libidn2-0:amd64 (2.3.8-2) ...
2025-08-24T00:25:37.0307304Z #12 5.038 Setting up libperl5.40:amd64 (5.40.1-6) ...
2025-08-24T00:25:37.0307578Z #12 5.041 Setting up perl (5.40.1-6) ...
2025-08-24T00:25:37.0308161Z #12 5.048 Setting up libgssapi-krb5-2:amd64 (1.21.3-5) ...
2025-08-24T00:25:37.1378844Z #12 5.052 Setting up libgnutls30t64:amd64 (3.8.9-3) ...
2025-08-24T00:25:37.1379530Z #12 5.056 Setting up postgresql-client-common (278) ...
2025-08-24T00:25:37.1380121Z #12 5.065 Setting up libpsl5t64:amd64 (0.21.2-1.1+b1) ...
2025-08-24T00:25:37.1380683Z #12 5.068 Setting up libpq5:amd64 (17.5-1) ...
2025-08-24T00:25:37.1381270Z #12 5.075 Setting up librtmp1:amd64 (2.4+20151223.gitfa8646d.1-2+b5) ...
2025-08-24T00:25:37.1381901Z #12 5.079 Setting up libcurl4t64:amd64 (8.14.1-2) ...
2025-08-24T00:25:37.1382466Z #12 5.083 Setting up postgresql-client-17 (17.5-1) ...
2025-08-24T00:25:37.4246662Z #12 5.443 update-alternatives: using /usr/share/postgresql/17/man/man1/psql.1.gz to provide /usr/share/man/man1/psql.1.gz (psql.1.gz) in auto mode
2025-08-24T00:25:37.5715740Z #12 5.482 Setting up curl (8.14.1-2) ...
2025-08-24T00:25:37.5716328Z #12 5.485 Setting up postgresql-client (17+278) ...
2025-08-24T00:25:37.5716850Z #12 5.489 Processing triggers for libc-bin (2.41-12) ...
2025-08-24T00:25:37.5719438Z #12 5.518 + rm -rf /var/lib/apt/lists/auxfiles /var/lib/apt/lists/deb.debian.org_debian-security_dists_trixie-security_InRelease /var/lib/apt/lists/deb.debian.org_debian-security_dists_trixie-security_main_binary-amd64_Packages.lz4 /var/lib/apt/lists/deb.debian.org_debian_dists_trixie-updates_InRelease /var/lib/apt/lists/deb.debian.org_debian_dists_trixie-updates_main_binary-amd64_Packages.lz4 /var/lib/apt/lists/deb.debian.org_debian_dists_trixie_InRelease /var/lib/apt/lists/deb.debian.org_debian_dists_trixie_main_binary-amd64_Packages.lz4 /var/lib/apt/lists/lock /var/lib/apt/lists/partial
2025-08-24T00:25:37.5721811Z #12 DONE 5.6s
2025-08-24T00:25:37.5721972Z 
2025-08-24T00:25:37.5722172Z #13 [base  4/14] RUN pip install --no-cache-dir -r requirements.txt
2025-08-24T00:25:37.5722596Z #13 1.473 Collecting uvicorn==0.29.0 (from -r requirements.txt (line 1))
2025-08-24T00:25:37.5723117Z #13 1.514   Downloading uvicorn-0.29.0-py3-none-any.whl.metadata (6.3 kB)
2025-08-24T00:25:37.5723659Z #13 1.535 Collecting pydantic-settings==2.2.1 (from -r requirements.txt (line 2))
2025-08-24T00:25:37.5724161Z #13 1.546   Downloading pydantic_settings-2.2.1-py3-none-any.whl.metadata (3.1 kB)
2025-08-24T00:25:37.5724946Z #13 1.592 Collecting fastapi==0.111.0 (from -r requirements.txt (line 3))
2025-08-24T00:25:37.5725504Z #13 1.603   Downloading fastapi-0.111.0-py3-none-any.whl.metadata (25 kB)
2025-08-24T00:25:37.5725926Z #13 1.847 Collecting sqlalchemy==2.0.29 (from -r requirements.txt (line 4))
2025-08-24T00:25:37.5726591Z #13 1.860   Downloading SQLAlchemy-2.0.29-cp312-cp312-manylinux_2_17_x86_64.manylinux2014_x86_64.whl.metadata (9.6 kB)
2025-08-24T00:25:37.5727221Z #13 1.892 Collecting alembic==1.13.1 (from -r requirements.txt (line 5))
2025-08-24T00:25:37.5727677Z #13 1.904   Downloading alembic-1.13.1-py3-none-any.whl.metadata (7.4 kB)
2025-08-24T00:25:37.5728640Z #13 1.926 Collecting psycopg==3.2.9 (from psycopg[binary]==3.2.9->-r requirements.txt (line 6))
2025-08-24T00:25:37.5729135Z #13 1.938   Downloading psycopg-3.2.9-py3-none-any.whl.metadata (4.5 kB)
2025-08-24T00:25:37.5729650Z #13 1.964 Collecting httpx==0.27.2 (from -r requirements.txt (line 7))
2025-08-24T00:25:37.5730073Z #13 1.975   Downloading httpx-0.27.2-py3-none-any.whl.metadata (7.1 kB)
2025-08-24T00:25:37.5730551Z #13 2.017 Collecting asyncpg==0.29.0 (from -r requirements.txt (line 8))
2025-08-24T00:25:37.5731166Z #13 2.028   Downloading asyncpg-0.29.0-cp312-cp312-manylinux_2_17_x86_64.manylinux2014_x86_64.whl.metadata (4.4 kB)
2025-08-24T00:25:37.5731726Z #13 2.284 Collecting boto3==1.34.162 (from -r requirements.txt (line 9))
2025-08-24T00:25:37.5732173Z #13 2.295   Downloading boto3-1.34.162-py3-none-any.whl.metadata (6.6 kB)
2025-08-24T00:25:37.5732665Z #13 2.314 Collecting Jinja2==3.1.5 (from -r requirements.txt (line 10))
2025-08-24T00:25:37.5733063Z #13 2.325   Downloading jinja2-3.1.5-py3-none-any.whl.metadata (2.6 kB)
2025-08-24T00:25:37.5733552Z #13 2.364 Collecting celery==5.3.* (from -r requirements.txt (line 11))
2025-08-24T00:25:37.5733952Z #13 2.375   Downloading celery-5.3.6-py3-none-any.whl.metadata (21 kB)
2025-08-24T00:25:37.5734451Z #13 2.431 Collecting structlog==24.1.0 (from -r requirements.txt (line 12))
2025-08-24T00:25:37.5734930Z #13 2.442   Downloading structlog-24.1.0-py3-none-any.whl.metadata (6.9 kB)
2025-08-24T00:25:37.5735462Z #13 2.516 Collecting asgi-correlation-id==4.3.1 (from -r requirements.txt (line 13))
2025-08-24T00:25:37.5736027Z #13 2.527   Downloading asgi_correlation_id-4.3.1-py3-none-any.whl.metadata (28 kB)
2025-08-24T00:25:37.5736499Z #13 2.546 Collecting fastapi-limiter==0.1.6 (from -r requirements.txt (line 14))
2025-08-24T00:25:37.5737036Z #13 2.557   Downloading fastapi_limiter-0.1.6-py3-none-any.whl.metadata (5.3 kB)
2025-08-24T00:25:37.5737548Z #13 2.596 Collecting redis==5.0.8 (from -r requirements.txt (line 15))
2025-08-24T00:25:37.5738138Z #13 2.607   Downloading redis-5.0.8-py3-none-any.whl.metadata (9.2 kB)
2025-08-24T00:25:37.5738743Z #13 2.659 Collecting sentry-sdk==2.9.0 (from sentry-sdk[celery,fastapi,sqlalchemy]==2.9.0->-r requirements.txt (line 16))
2025-08-24T00:25:37.5739383Z #13 2.670   Downloading sentry_sdk-2.9.0-py2.py3-none-any.whl.metadata (14 kB)
2025-08-24T00:25:37.5739919Z #13 2.732 Collecting imapclient==3.0.1 (from -r requirements.txt (line 17))
2025-08-24T00:25:37.5740464Z #13 2.743   Downloading IMAPClient-3.0.1-py2.py3-none-any.whl.metadata (1.7 kB)
2025-08-24T00:25:37.5740934Z #13 2.765 Collecting click>=7.0 (from uvicorn==0.29.0->-r requirements.txt (line 1))
2025-08-24T00:25:37.5741476Z #13 2.775   Downloading click-8.2.1-py3-none-any.whl.metadata (2.5 kB)
2025-08-24T00:25:37.5741920Z #13 2.791 Collecting h11>=0.8 (from uvicorn==0.29.0->-r requirements.txt (line 1))
2025-08-24T00:25:37.5742391Z #13 2.801   Downloading h11-0.16.0-py3-none-any.whl.metadata (8.3 kB)
2025-08-24T00:25:37.5742946Z #13 2.892 Collecting pydantic>=2.3.0 (from pydantic-settings==2.2.1->-r requirements.txt (line 2))
2025-08-24T00:25:37.5743424Z #13 2.902   Downloading pydantic-2.11.7-py3-none-any.whl.metadata (67 kB)
2025-08-24T00:25:37.5744025Z #13 2.931 Collecting python-dotenv>=0.21.0 (from pydantic-settings==2.2.1->-r requirements.txt (line 2))
2025-08-24T00:25:37.5744613Z #13 2.941   Downloading python_dotenv-1.1.1-py3-none-any.whl.metadata (24 kB)
2025-08-24T00:25:37.5745368Z #13 2.973 Collecting starlette<0.38.0,>=0.37.2 (from fastapi==0.111.0->-r requirements.txt (line 3))
2025-08-24T00:25:37.5745910Z #13 2.983   Downloading starlette-0.37.2-py3-none-any.whl.metadata (5.9 kB)
2025-08-24T00:25:37.5746561Z #13 3.024 Collecting typing-extensions>=4.8.0 (from fastapi==0.111.0->-r requirements.txt (line 3))
2025-08-24T00:25:37.5747237Z #13 3.035   Downloading typing_extensions-4.14.1-py3-none-any.whl.metadata (3.0 kB)
2025-08-24T00:25:37.5747973Z #13 3.049 Collecting fastapi-cli>=0.0.2 (from fastapi==0.111.0->-r requirements.txt (line 3))
2025-08-24T00:25:37.5748754Z #13 3.069   Downloading fastapi_cli-0.0.8-py3-none-any.whl.metadata (6.3 kB)
2025-08-24T00:25:37.5749263Z #13 3.093 Collecting python-multipart>=0.0.7 (from fastapi==0.111.0->-r requirements.txt (line 3))
2025-08-24T00:25:37.5749769Z #13 3.103   Downloading python_multipart-0.0.20-py3-none-any.whl.metadata (1.8 kB)
2025-08-24T00:25:37.5750296Z #13 3.157 Collecting ujson!=4.0.2,!=4.1.0,!=4.2.0,!=4.3.0,!=5.0.0,!=5.1.0,>=4.0.1 (from fastapi==0.111.0->-r requirements.txt (line 3))
2025-08-24T00:25:37.5750886Z #13 3.169   Downloading ujson-5.11.0-cp312-cp312-manylinux_2_24_x86_64.manylinux_2_28_x86_64.whl.metadata (9.4 kB)
2025-08-24T00:25:37.5751424Z #13 3.357 Collecting orjson>=3.2.1 (from fastapi==0.111.0->-r requirements.txt (line 3))
2025-08-24T00:25:37.5751966Z #13 3.367   Downloading orjson-3.11.2-cp312-cp312-manylinux_2_17_x86_64.manylinux2014_x86_64.whl.metadata (1.2 kB)
2025-08-24T00:25:37.5752548Z #13 3.384 Collecting email_validator>=2.0.0 (from fastapi==0.111.0->-r requirements.txt (line 3))
2025-08-24T00:25:37.5770904Z #13 3.396   Downloading email_validator-2.2.0-py3-none-any.whl.metadata (25 kB)
2025-08-24T00:25:37.5771681Z #13 3.519 Collecting greenlet!=0.4.17 (from sqlalchemy==2.0.29->-r requirements.txt (line 4))
2025-08-24T00:25:37.5772432Z #13 3.530   Downloading greenlet-3.2.4-cp312-cp312-manylinux_2_24_x86_64.manylinux_2_28_x86_64.whl.metadata (4.1 kB)
2025-08-24T00:25:37.5773014Z #13 3.577 Collecting Mako (from alembic==1.13.1->-r requirements.txt (line 5))
2025-08-24T00:25:37.5773452Z #13 3.588   Downloading mako-1.3.10-py3-none-any.whl.metadata (2.9 kB)
2025-08-24T00:25:37.5773857Z #13 3.625 Collecting anyio (from httpx==0.27.2->-r requirements.txt (line 7))
2025-08-24T00:25:37.5774270Z #13 3.639   Downloading anyio-4.10.0-py3-none-any.whl.metadata (4.0 kB)
2025-08-24T00:25:37.5774679Z #13 3.664 Collecting certifi (from httpx==0.27.2->-r requirements.txt (line 7))
2025-08-24T00:25:37.5775116Z #13 3.673   Downloading certifi-2025.8.3-py3-none-any.whl.metadata (2.4 kB)
2025-08-24T00:25:37.5775552Z #13 3.700 Collecting httpcore==1.* (from httpx==0.27.2->-r requirements.txt (line 7))
2025-08-24T00:25:37.5776012Z #13 3.710   Downloading httpcore-1.0.9-py3-none-any.whl.metadata (21 kB)
2025-08-24T00:25:37.5776428Z #13 3.728 Collecting idna (from httpx==0.27.2->-r requirements.txt (line 7))
2025-08-24T00:25:37.5776815Z #13 3.738   Downloading idna-3.10-py3-none-any.whl.metadata (10 kB)
2025-08-24T00:25:37.5777220Z #13 3.752 Collecting sniffio (from httpx==0.27.2->-r requirements.txt (line 7))
2025-08-24T00:25:37.5777633Z #13 3.762   Downloading sniffio-1.3.1-py3-none-any.whl.metadata (3.9 kB)
2025-08-24T00:25:37.5778313Z #13 4.200 Collecting botocore<1.35.0,>=1.34.162 (from boto3==1.34.162->-r requirements.txt (line 9))
2025-08-24T00:25:37.5778813Z #13 4.211   Downloading botocore-1.34.162-py3-none-any.whl.metadata (5.7 kB)
2025-08-24T00:25:37.5779271Z #13 4.229 Collecting jmespath<2.0.0,>=0.7.1 (from boto3==1.34.162->-r requirements.txt (line 9))
2025-08-24T00:25:37.5779728Z #13 4.240   Downloading jmespath-1.0.1-py3-none-any.whl.metadata (7.6 kB)
2025-08-24T00:25:37.5780178Z #13 4.263 Collecting s3transfer<0.11.0,>=0.10.0 (from boto3==1.34.162->-r requirements.txt (line 9))
2025-08-24T00:25:37.5780638Z #13 4.274   Downloading s3transfer-0.10.4-py3-none-any.whl.metadata (1.7 kB)
2025-08-24T00:25:37.5781083Z #13 4.325 Collecting MarkupSafe>=2.0 (from Jinja2==3.1.5->-r requirements.txt (line 10))
2025-08-24T00:25:37.5781832Z #13 4.336   Downloading MarkupSafe-3.0.2-cp312-cp312-manylinux_2_17_x86_64.manylinux2014_x86_64.whl.metadata (4.0 kB)
2025-08-24T00:25:37.5782432Z #13 4.365 Collecting billiard<5.0,>=4.2.0 (from celery==5.3.*->-r requirements.txt (line 11))
2025-08-24T00:25:37.5782877Z #13 4.376   Downloading billiard-4.2.1-py3-none-any.whl.metadata (4.4 kB)
2025-08-24T00:25:37.5783347Z #13 4.391 Collecting click-didyoumean>=0.3.0 (from celery==5.3.*->-r requirements.txt (line 11))
2025-08-24T00:25:37.5783942Z #13 4.402   Downloading click_didyoumean-0.3.1-py3-none-any.whl.metadata (3.9 kB)
2025-08-24T00:25:37.5784428Z #13 4.417 Collecting click-plugins>=1.1.1 (from celery==5.3.*->-r requirements.txt (line 11))
2025-08-24T00:25:37.5784915Z #13 4.427   Downloading click_plugins-1.1.1.2-py2.py3-none-any.whl.metadata (6.5 kB)
2025-08-24T00:25:37.5785387Z #13 4.443 Collecting click-repl>=0.2.0 (from celery==5.3.*->-r requirements.txt (line 11))
2025-08-24T00:25:37.5785845Z #13 4.456   Downloading click_repl-0.3.0-py3-none-any.whl.metadata (3.6 kB)
2025-08-24T00:25:37.5786271Z #13 4.499 Collecting kombu<6.0,>=5.3.4 (from celery==5.3.*->-r requirements.txt (line 11))
2025-08-24T00:25:37.5786692Z #13 4.511   Downloading kombu-5.5.4-py3-none-any.whl.metadata (3.5 kB)
2025-08-24T00:25:37.5787135Z #13 4.536 Collecting python-dateutil>=2.8.2 (from celery==5.3.*->-r requirements.txt (line 11))
2025-08-24T00:25:37.5787648Z #13 4.546   Downloading python_dateutil-2.9.0.post0-py2.py3-none-any.whl.metadata (8.4 kB)
2025-08-24T00:25:37.5788313Z #13 4.567 Collecting tzdata>=2022.7 (from celery==5.3.*->-r requirements.txt (line 11))
2025-08-24T00:25:37.5788756Z #13 4.577   Downloading tzdata-2025.2-py2.py3-none-any.whl.metadata (1.4 kB)
2025-08-24T00:25:37.5789191Z #13 4.594 Collecting vine<6.0,>=5.1.0 (from celery==5.3.*->-r requirements.txt (line 11))
2025-08-24T00:25:37.5789596Z #13 4.605   Downloading vine-5.1.0-py3-none-any.whl.metadata (2.7 kB)
2025-08-24T00:25:37.5790181Z #13 4.664 Collecting urllib3>=1.26.11 (from sentry-sdk==2.9.0->sentry-sdk[celery,fastapi,sqlalchemy]==2.9.0->-r requirements.txt (line 16))
2025-08-24T00:25:37.5790771Z #13 4.675   Downloading urllib3-2.5.0-py3-none-any.whl.metadata (6.5 kB)
2025-08-24T00:25:37.5791249Z #13 4.811 Collecting psycopg-binary==3.2.9 (from psycopg[binary]==3.2.9->-r requirements.txt (line 6))
2025-08-24T00:25:37.5791869Z #13 4.829   Downloading psycopg_binary-3.2.9-cp312-cp312-manylinux_2_17_x86_64.manylinux2014_x86_64.whl.metadata (2.9 kB)
2025-08-24T00:25:37.5792515Z #13 4.959 Collecting prompt-toolkit>=3.0.36 (from click-repl>=0.2.0->celery==5.3.*->-r requirements.txt (line 11))
2025-08-24T00:25:37.5793052Z #13 4.972   Downloading prompt_toolkit-3.0.51-py3-none-any.whl.metadata (6.4 kB)
2025-08-24T00:25:37.5793585Z #13 4.994 Collecting dnspython>=2.0.0 (from email_validator>=2.0.0->fastapi==0.111.0->-r requirements.txt (line 3))
2025-08-24T00:25:37.5794102Z #13 5.005   Downloading dnspython-2.7.0-py3-none-any.whl.metadata (5.8 kB)
2025-08-24T00:25:37.5794601Z #13 5.036 Collecting typer>=0.15.1 (from fastapi-cli>=0.0.2->fastapi==0.111.0->-r requirements.txt (line 3))
2025-08-24T00:25:37.5795072Z #13 5.046   Downloading typer-0.16.1-py3-none-any.whl.metadata (15 kB)
2025-08-24T00:25:37.5795564Z #13 5.078 Collecting rich-toolkit>=0.14.8 (from fastapi-cli>=0.0.2->fastapi==0.111.0->-r requirements.txt (line 3))
2025-08-24T00:25:37.5796092Z #13 5.092   Downloading rich_toolkit-0.15.0-py3-none-any.whl.metadata (1.0 kB)
2025-08-24T00:25:37.5796575Z #13 5.125 Collecting amqp<6.0.0,>=5.1.1 (from kombu<6.0,>=5.3.4->celery==5.3.*->-r requirements.txt (line 11))
2025-08-24T00:25:37.5797038Z #13 5.136   Downloading amqp-5.3.1-py3-none-any.whl.metadata (8.9 kB)
2025-08-24T00:25:37.5797481Z #13 5.160 Collecting packaging (from kombu<6.0,>=5.3.4->celery==5.3.*->-r requirements.txt (line 11))
2025-08-24T00:25:37.5798211Z #13 5.170   Downloading packaging-25.0-py3-none-any.whl.metadata (3.3 kB)
2025-08-24T00:25:37.5798879Z #13 5.190 Collecting annotated-types>=0.6.0 (from pydantic>=2.3.0->pydantic-settings==2.2.1->-r requirements.txt (line 2))
2025-08-24T00:25:37.5799465Z #13 5.200   Downloading annotated_types-0.7.0-py3-none-any.whl.metadata (15 kB)
2025-08-24T00:25:37.7684828Z #13 5.767 Collecting pydantic-core==2.33.2 (from pydantic>=2.3.0->pydantic-settings==2.2.1->-r requirements.txt (line 2))
2025-08-24T00:25:37.9917010Z #13 5.778   Downloading pydantic_core-2.33.2-cp312-cp312-manylinux_2_17_x86_64.manylinux2014_x86_64.whl.metadata (6.8 kB)
2025-08-24T00:25:37.9918205Z #13 5.796 Collecting typing-inspection>=0.4.0 (from pydantic>=2.3.0->pydantic-settings==2.2.1->-r requirements.txt (line 2))
2025-08-24T00:25:37.9919403Z #13 5.806   Downloading typing_inspection-0.4.1-py3-none-any.whl.metadata (2.6 kB)
2025-08-24T00:25:37.9920157Z #13 5.829 Collecting six>=1.5 (from python-dateutil>=2.8.2->celery==5.3.*->-r requirements.txt (line 11))
2025-08-24T00:25:37.9920799Z #13 5.839   Downloading six-1.17.0-py2.py3-none-any.whl.metadata (1.7 kB)
2025-08-24T00:25:38.1143454Z #13 6.112 Collecting httptools>=0.5.0 (from uvicorn[standard]>=0.12.0->fastapi==0.111.0->-r requirements.txt (line 3))
2025-08-24T00:25:38.2184004Z #13 6.124   Downloading httptools-0.6.4-cp312-cp312-manylinux_2_5_x86_64.manylinux1_x86_64.manylinux_2_17_x86_64.manylinux2014_x86_64.whl.metadata (3.6 kB)
2025-08-24T00:25:38.2185459Z #13 6.158 Collecting pyyaml>=5.1 (from uvicorn[standard]>=0.12.0->fastapi==0.111.0->-r requirements.txt (line 3))
2025-08-24T00:25:38.2186563Z #13 6.169   Downloading PyYAML-6.0.2-cp312-cp312-manylinux_2_17_x86_64.manylinux2014_x86_64.whl.metadata (2.1 kB)
2025-08-24T00:25:38.2187440Z #13 6.206 Collecting uvloop!=0.15.0,!=0.15.1,>=0.14.0 (from uvicorn[standard]>=0.12.0->fastapi==0.111.0->-r requirements.txt (line 3))
2025-08-24T00:25:38.2188514Z #13 6.217   Downloading uvloop-0.21.0-cp312-cp312-manylinux_2_17_x86_64.manylinux2014_x86_64.whl.metadata (4.9 kB)
2025-08-24T00:25:38.3224098Z #13 6.321 Collecting watchfiles>=0.13 (from uvicorn[standard]>=0.12.0->fastapi==0.111.0->-r requirements.txt (line 3))
2025-08-24T00:25:38.4473209Z #13 6.331   Downloading watchfiles-1.1.0-cp312-cp312-manylinux_2_17_x86_64.manylinux2014_x86_64.whl.metadata (4.9 kB)
2025-08-24T00:25:38.4474679Z #13 6.402 Collecting websockets>=10.4 (from uvicorn[standard]>=0.12.0->fastapi==0.111.0->-r requirements.txt (line 3))
2025-08-24T00:25:38.4476297Z #13 6.412   Downloading websockets-15.0.1-cp312-cp312-manylinux_2_5_x86_64.manylinux1_x86_64.manylinux_2_17_x86_64.manylinux2014_x86_64.whl.metadata (6.8 kB)
2025-08-24T00:25:38.4477577Z #13 6.446 Collecting wcwidth (from prompt-toolkit>=3.0.36->click-repl>=0.2.0->celery==5.3.*->-r requirements.txt (line 11))
2025-08-24T00:25:38.5492760Z #13 6.456   Downloading wcwidth-0.2.13-py2.py3-none-any.whl.metadata (14 kB)
2025-08-24T00:25:38.5494200Z #13 6.504 Collecting rich>=13.7.1 (from rich-toolkit>=0.14.8->fastapi-cli>=0.0.2->fastapi==0.111.0->-r requirements.txt (line 3))
2025-08-24T00:25:38.5495436Z #13 6.513   Downloading rich-14.1.0-py3-none-any.whl.metadata (18 kB)
2025-08-24T00:25:38.5496455Z #13 6.548 Collecting shellingham>=1.3.0 (from typer>=0.15.1->fastapi-cli>=0.0.2->fastapi==0.111.0->-r requirements.txt (line 3))
2025-08-24T00:25:38.6496642Z #13 6.558   Downloading shellingham-1.5.4-py2.py3-none-any.whl.metadata (3.5 kB)
2025-08-24T00:25:38.6498654Z #13 6.612 Collecting markdown-it-py>=2.2.0 (from rich>=13.7.1->rich-toolkit>=0.14.8->fastapi-cli>=0.0.2->fastapi==0.111.0->-r requirements.txt (line 3))
2025-08-24T00:25:38.6500310Z #13 6.622   Downloading markdown_it_py-4.0.0-py3-none-any.whl.metadata (7.3 kB)
2025-08-24T00:25:38.6501959Z #13 6.648 Collecting pygments<3.0.0,>=2.13.0 (from rich>=13.7.1->rich-toolkit>=0.14.8->fastapi-cli>=0.0.2->fastapi==0.111.0->-r requirements.txt (line 3))
2025-08-24T00:25:38.7844985Z #13 6.658   Downloading pygments-2.19.2-py3-none-any.whl.metadata (2.5 kB)
2025-08-24T00:25:38.7848357Z #13 6.676 Collecting mdurl~=0.1 (from markdown-it-py>=2.2.0->rich>=13.7.1->rich-toolkit>=0.14.8->fastapi-cli>=0.0.2->fastapi==0.111.0->-r requirements.txt (line 3))
2025-08-24T00:25:38.7849901Z #13 6.686   Downloading mdurl-0.1.2-py3-none-any.whl.metadata (1.6 kB)
2025-08-24T00:25:38.7850558Z #13 6.705 Downloading uvicorn-0.29.0-py3-none-any.whl (60 kB)
2025-08-24T00:25:38.7851222Z #13 6.721 Downloading pydantic_settings-2.2.1-py3-none-any.whl (13 kB)
2025-08-24T00:25:38.7851863Z #13 6.734 Downloading fastapi-0.111.0-py3-none-any.whl (91 kB)
2025-08-24T00:25:38.7852669Z #13 6.747 Downloading SQLAlchemy-2.0.29-cp312-cp312-manylinux_2_17_x86_64.manylinux2014_x86_64.whl (3.2 MB)
2025-08-24T00:25:38.8907094Z #13 6.783    ━━━━━━━━━━━━━━━━━━━━━━━━━━━━━━━━━━━━━━━━ 3.2/3.2 MB 121.9 MB/s eta 0:00:00
2025-08-24T00:25:38.8908159Z #13 6.794 Downloading alembic-1.13.1-py3-none-any.whl (233 kB)
2025-08-24T00:25:38.8908989Z #13 6.805 Downloading psycopg-3.2.9-py3-none-any.whl (202 kB)
2025-08-24T00:25:38.8909747Z #13 6.817 Downloading httpx-0.27.2-py3-none-any.whl (76 kB)
2025-08-24T00:25:38.8910610Z #13 6.828 Downloading asyncpg-0.29.0-cp312-cp312-manylinux_2_17_x86_64.manylinux2014_x86_64.whl (3.3 MB)
2025-08-24T00:25:38.8911495Z #13 6.843    ━━━━━━━━━━━━━━━━━━━━━━━━━━━━━━━━━━━━━━━━ 3.3/3.3 MB 249.8 MB/s eta 0:00:00
2025-08-24T00:25:38.8911946Z #13 6.854 Downloading boto3-1.34.162-py3-none-any.whl (139 kB)
2025-08-24T00:25:38.8912448Z #13 6.864 Downloading jinja2-3.1.5-py3-none-any.whl (134 kB)
2025-08-24T00:25:38.8912928Z #13 6.876 Downloading celery-5.3.6-py3-none-any.whl (422 kB)
2025-08-24T00:25:38.8913369Z #13 6.889 Downloading structlog-24.1.0-py3-none-any.whl (65 kB)
2025-08-24T00:25:38.9955737Z #13 6.901 Downloading asgi_correlation_id-4.3.1-py3-none-any.whl (15 kB)
2025-08-24T00:25:38.9958373Z #13 6.912 Downloading fastapi_limiter-0.1.6-py3-none-any.whl (15 kB)
2025-08-24T00:25:38.9959113Z #13 6.924 Downloading redis-5.0.8-py3-none-any.whl (255 kB)
2025-08-24T00:25:38.9959779Z #13 6.937 Downloading sentry_sdk-2.9.0-py2.py3-none-any.whl (301 kB)
2025-08-24T00:25:38.9960515Z #13 6.950 Downloading IMAPClient-3.0.1-py2.py3-none-any.whl (182 kB)
2025-08-24T00:25:38.9961236Z #13 6.963 Downloading httpcore-1.0.9-py3-none-any.whl (78 kB)
2025-08-24T00:25:38.9962177Z #13 6.974 Downloading psycopg_binary-3.2.9-cp312-cp312-manylinux_2_17_x86_64.manylinux2014_x86_64.whl (4.4 MB)
2025-08-24T00:25:39.1061178Z #13 6.994    ━━━━━━━━━━━━━━━━━━━━━━━━━━━━━━━━━━━━━━━━ 4.4/4.4 MB 241.9 MB/s eta 0:00:00
2025-08-24T00:25:39.1062073Z #13 7.005 Downloading billiard-4.2.1-py3-none-any.whl (86 kB)
2025-08-24T00:25:39.1062985Z #13 7.018 Downloading botocore-1.34.162-py3-none-any.whl (12.5 MB)
2025-08-24T00:25:39.1064101Z #13 7.060    ━━━━━━━━━━━━━━━━━━━━━━━━━━━━━━━━━━━━━━━━ 12.5/12.5 MB 312.0 MB/s eta 0:00:00
2025-08-24T00:25:39.1064760Z #13 7.073 Downloading click-8.2.1-py3-none-any.whl (102 kB)
2025-08-24T00:25:39.1065251Z #13 7.084 Downloading click_didyoumean-0.3.1-py3-none-any.whl (3.6 kB)
2025-08-24T00:25:39.1065788Z #13 7.094 Downloading click_plugins-1.1.1.2-py2.py3-none-any.whl (11 kB)
2025-08-24T00:25:39.1066303Z #13 7.104 Downloading click_repl-0.3.0-py3-none-any.whl (10 kB)
2025-08-24T00:25:39.2148065Z #13 7.115 Downloading email_validator-2.2.0-py3-none-any.whl (33 kB)
2025-08-24T00:25:39.2149826Z #13 7.125 Downloading fastapi_cli-0.0.8-py3-none-any.whl (10 kB)
2025-08-24T00:25:39.2151293Z #13 7.136 Downloading greenlet-3.2.4-cp312-cp312-manylinux_2_24_x86_64.manylinux_2_28_x86_64.whl (607 kB)
2025-08-24T00:25:39.2152553Z #13 7.142    ━━━━━━━━━━━━━━━━━━━━━━━━━━━━━━━━━━━━━━━ 607.6/607.6 kB 233.6 MB/s eta 0:00:00
2025-08-24T00:25:39.2153208Z #13 7.152 Downloading h11-0.16.0-py3-none-any.whl (37 kB)
2025-08-24T00:25:39.2153897Z #13 7.162 Downloading idna-3.10-py3-none-any.whl (70 kB)
2025-08-24T00:25:39.2154559Z #13 7.172 Downloading jmespath-1.0.1-py3-none-any.whl (20 kB)
2025-08-24T00:25:39.2155223Z #13 7.182 Downloading kombu-5.5.4-py3-none-any.whl (210 kB)
2025-08-24T00:25:39.2155844Z #13 7.193 Downloading vine-5.1.0-py3-none-any.whl (9.6 kB)
2025-08-24T00:25:39.2156680Z #13 7.203 Downloading MarkupSafe-3.0.2-cp312-cp312-manylinux_2_17_x86_64.manylinux2014_x86_64.whl (23 kB)
2025-08-24T00:25:39.2157738Z #13 7.213 Downloading orjson-3.11.2-cp312-cp312-manylinux_2_17_x86_64.manylinux2014_x86_64.whl (121 kB)
2025-08-24T00:25:39.3231752Z #13 7.223 Downloading pydantic-2.11.7-py3-none-any.whl (444 kB)
2025-08-24T00:25:39.3233064Z #13 7.235 Downloading pydantic_core-2.33.2-cp312-cp312-manylinux_2_17_x86_64.manylinux2014_x86_64.whl (2.0 MB)
2025-08-24T00:25:39.3234364Z #13 7.246    ━━━━━━━━━━━━━━━━━━━━━━━━━━━━━━━━━━━━━━━━ 2.0/2.0 MB 223.4 MB/s eta 0:00:00
2025-08-24T00:25:39.3235147Z #13 7.256 Downloading python_dateutil-2.9.0.post0-py2.py3-none-any.whl (229 kB)
2025-08-24T00:25:39.3235940Z #13 7.266 Downloading python_dotenv-1.1.1-py3-none-any.whl (20 kB)
2025-08-24T00:25:39.3236459Z #13 7.276 Downloading python_multipart-0.0.20-py3-none-any.whl (24 kB)
2025-08-24T00:25:39.3236932Z #13 7.287 Downloading s3transfer-0.10.4-py3-none-any.whl (83 kB)
2025-08-24T00:25:39.3237379Z #13 7.301 Downloading starlette-0.37.2-py3-none-any.whl (71 kB)
2025-08-24T00:25:39.3237997Z #13 7.311 Downloading anyio-4.10.0-py3-none-any.whl (107 kB)
2025-08-24T00:25:39.3238404Z #13 7.322 Downloading sniffio-1.3.1-py3-none-any.whl (10 kB)
2025-08-24T00:25:39.4261762Z #13 7.332 Downloading typing_extensions-4.14.1-py3-none-any.whl (43 kB)
2025-08-24T00:25:39.4263280Z #13 7.342 Downloading tzdata-2025.2-py2.py3-none-any.whl (347 kB)
2025-08-24T00:25:39.4264418Z #13 7.353 Downloading ujson-5.11.0-cp312-cp312-manylinux_2_24_x86_64.manylinux_2_28_x86_64.whl (57 kB)
2025-08-24T00:25:39.4265436Z #13 7.367 Downloading urllib3-2.5.0-py3-none-any.whl (129 kB)
2025-08-24T00:25:39.4266119Z #13 7.381 Downloading certifi-2025.8.3-py3-none-any.whl (161 kB)
2025-08-24T00:25:39.4266706Z #13 7.394 Downloading mako-1.3.10-py3-none-any.whl (78 kB)
2025-08-24T00:25:39.4267148Z #13 7.404 Downloading amqp-5.3.1-py3-none-any.whl (50 kB)
2025-08-24T00:25:39.4267738Z #13 7.414 Downloading annotated_types-0.7.0-py3-none-any.whl (13 kB)
2025-08-24T00:25:39.4268619Z #13 7.425 Downloading dnspython-2.7.0-py3-none-any.whl (313 kB)
2025-08-24T00:25:39.5395708Z #13 7.437 Downloading httptools-0.6.4-cp312-cp312-manylinux_2_5_x86_64.manylinux1_x86_64.manylinux_2_17_x86_64.manylinux2014_x86_64.whl (510 kB)
2025-08-24T00:25:39.5396946Z #13 7.449 Downloading prompt_toolkit-3.0.51-py3-none-any.whl (387 kB)
2025-08-24T00:25:39.5398091Z #13 7.462 Downloading PyYAML-6.0.2-cp312-cp312-manylinux_2_17_x86_64.manylinux2014_x86_64.whl (767 kB)
2025-08-24T00:25:39.5399323Z #13 7.466    ━━━━━━━━━━━━━━━━━━━━━━━━━━━━━━━━━━━━━━━ 767.5/767.5 kB 571.1 MB/s eta 0:00:00
2025-08-24T00:25:39.5399953Z #13 7.477 Downloading rich_toolkit-0.15.0-py3-none-any.whl (29 kB)
2025-08-24T00:25:39.5400364Z #13 7.487 Downloading six-1.17.0-py2.py3-none-any.whl (11 kB)
2025-08-24T00:25:39.5400869Z #13 7.496 Downloading typer-0.16.1-py3-none-any.whl (46 kB)
2025-08-24T00:25:39.5401238Z #13 7.507 Downloading typing_inspection-0.4.1-py3-none-any.whl (14 kB)
2025-08-24T00:25:39.5401877Z #13 7.521 Downloading uvloop-0.21.0-cp312-cp312-manylinux_2_17_x86_64.manylinux2014_x86_64.whl (4.7 MB)
2025-08-24T00:25:39.6394358Z #13 7.538    ━━━━━━━━━━━━━━━━━━━━━━━━━━━━━━━━━━━━━━━━ 4.7/4.7 MB 306.7 MB/s eta 0:00:00
2025-08-24T00:25:39.6395430Z #13 7.548 Downloading watchfiles-1.1.0-cp312-cp312-manylinux_2_17_x86_64.manylinux2014_x86_64.whl (452 kB)
2025-08-24T00:25:39.6396911Z #13 7.562 Downloading websockets-15.0.1-cp312-cp312-manylinux_2_5_x86_64.manylinux1_x86_64.manylinux_2_17_x86_64.manylinux2014_x86_64.whl (182 kB)
2025-08-24T00:25:39.6397718Z #13 7.572 Downloading packaging-25.0-py3-none-any.whl (66 kB)
2025-08-24T00:25:39.6398474Z #13 7.582 Downloading rich-14.1.0-py3-none-any.whl (243 kB)
2025-08-24T00:25:39.6398973Z #13 7.592 Downloading shellingham-1.5.4-py2.py3-none-any.whl (9.8 kB)
2025-08-24T00:25:39.6399495Z #13 7.602 Downloading wcwidth-0.2.13-py2.py3-none-any.whl (34 kB)
2025-08-24T00:25:39.6399986Z #13 7.612 Downloading markdown_it_py-4.0.0-py3-none-any.whl (87 kB)
2025-08-24T00:25:39.6400459Z #13 7.622 Downloading pygments-2.19.2-py3-none-any.whl (1.2 MB)
2025-08-24T00:25:39.6401272Z #13 7.628    ━━━━━━━━━━━━━━━━━━━━━━━━━━━━━━━━━━━━━━━━ 1.2/1.2 MB 289.2 MB/s eta 0:00:00
2025-08-24T00:25:39.6401723Z #13 7.638 Downloading mdurl-0.1.2-py3-none-any.whl (10.0 kB)
2025-08-24T00:25:39.8524823Z #13 7.850 Installing collected packages: wcwidth, websockets, vine, uvloop, urllib3, ujson, tzdata, typing-extensions, structlog, sniffio, six, shellingham, redis, pyyaml, python-multipart, python-dotenv, pygments, psycopg-binary, prompt-toolkit, packaging, orjson, mdurl, MarkupSafe, jmespath, imapclient, idna, httptools, h11, greenlet, dnspython, click, certifi, billiard, asyncpg, annotated-types, uvicorn, typing-inspection, sqlalchemy, sentry-sdk, python-dateutil, pydantic-core, psycopg, markdown-it-py, Mako, Jinja2, httpcore, email_validator, click-repl, click-plugins, click-didyoumean, anyio, amqp, watchfiles, starlette, rich, pydantic, kombu, httpx, botocore, alembic, typer, s3transfer, rich-toolkit, pydantic-settings, celery, asgi-correlation-id, fastapi-cli, boto3, fastapi, fastapi-limiter
2025-08-24T00:25:45.9341786Z #13 13.93 Successfully installed Jinja2-3.1.5 Mako-1.3.10 MarkupSafe-3.0.2 alembic-1.13.1 amqp-5.3.1 annotated-types-0.7.0 anyio-4.10.0 asgi-correlation-id-4.3.1 asyncpg-0.29.0 billiard-4.2.1 boto3-1.34.162 botocore-1.34.162 celery-5.3.6 certifi-2025.8.3 click-8.2.1 click-didyoumean-0.3.1 click-plugins-1.1.1.2 click-repl-0.3.0 dnspython-2.7.0 email_validator-2.2.0 fastapi-0.111.0 fastapi-cli-0.0.8 fastapi-limiter-0.1.6 greenlet-3.2.4 h11-0.16.0 httpcore-1.0.9 httptools-0.6.4 httpx-0.27.2 idna-3.10 imapclient-3.0.1 jmespath-1.0.1 kombu-5.5.4 markdown-it-py-4.0.0 mdurl-0.1.2 orjson-3.11.2 packaging-25.0 prompt-toolkit-3.0.51 psycopg-3.2.9 psycopg-binary-3.2.9 pydantic-2.11.7 pydantic-core-2.33.2 pydantic-settings-2.2.1 pygments-2.19.2 python-dateutil-2.9.0.post0 python-dotenv-1.1.1 python-multipart-0.0.20 pyyaml-6.0.2 redis-5.0.8 rich-14.1.0 rich-toolkit-0.15.0 s3transfer-0.10.4 sentry-sdk-2.9.0 shellingham-1.5.4 six-1.17.0 sniffio-1.3.1 sqlalchemy-2.0.29 starlette-0.37.2 structlog-24.1.0 typer-0.16.1 typing-extensions-4.14.1 typing-inspection-0.4.1 tzdata-2025.2 ujson-5.11.0 urllib3-2.5.0 uvicorn-0.29.0 uvloop-0.21.0 vine-5.1.0 watchfiles-1.1.0 wcwidth-0.2.13 websockets-15.0.1
2025-08-24T00:25:46.0371290Z #13 13.93 WARNING: Running pip as the 'root' user can result in broken permissions and conflicting behaviour with the system package manager, possibly rendering your system unusable. It is recommended to use a virtual environment instead: https://pip.pypa.io/warnings/venv. Use the --root-user-action option if you know what you are doing and want to suppress this warning.
2025-08-24T00:25:46.0373486Z #13 14.04 
2025-08-24T00:25:46.0373869Z #13 14.04 [notice] A new release of pip is available: 25.0.1 -> 25.2
2025-08-24T00:25:46.0374305Z #13 14.04 [notice] To update, run: pip install --upgrade pip
2025-08-24T00:25:46.3530436Z #13 DONE 14.4s
2025-08-24T00:25:46.4641700Z 
2025-08-24T00:25:46.4642079Z #14 [base  5/14] COPY services/api/ ./services/api
2025-08-24T00:25:46.4642856Z #14 DONE 0.1s
2025-08-24T00:25:46.4643163Z 
2025-08-24T00:25:46.4643440Z #15 [base  6/14] COPY services/common/ ./services/common
2025-08-24T00:25:46.4643976Z #15 DONE 0.0s
2025-08-24T00:25:46.5707956Z 
2025-08-24T00:25:46.5708559Z #16 [base  7/14] COPY services/ingest/ ./services/ingest
2025-08-24T00:25:46.5709068Z #16 DONE 0.0s
2025-08-24T00:25:46.5709260Z 
2025-08-24T00:25:46.5709439Z #17 [base  8/14] COPY services/etl/ ./services/etl
2025-08-24T00:25:46.5709886Z #17 DONE 0.0s
2025-08-24T00:25:46.5710087Z 
2025-08-24T00:25:46.5710265Z #18 [base  9/14] COPY services/db/ ./services/db
2025-08-24T00:25:46.5710682Z #18 DONE 0.0s
2025-08-24T00:25:46.5710866Z 
2025-08-24T00:25:46.5711007Z #19 [base 10/14] COPY api/ ./api
2025-08-24T00:25:46.5711396Z #19 DONE 0.0s
2025-08-24T00:25:46.5711576Z 
2025-08-24T00:25:46.5711752Z #20 [base 11/14] COPY services/api/alembic.ini ./alembic.ini
2025-08-24T00:25:46.5712250Z #20 DONE 0.0s
2025-08-24T00:25:46.5712442Z 
2025-08-24T00:25:46.5712590Z #21 [base 12/14] COPY alembic/ ./alembic/
2025-08-24T00:25:46.5713335Z #21 DONE 0.0s
2025-08-24T00:25:46.5713923Z 
2025-08-24T00:25:46.5714233Z #22 [base 13/14] COPY services/api/entrypoint.sh ./entrypoint.sh
2025-08-24T00:25:46.5714948Z #22 DONE 0.0s
2025-08-24T00:25:46.7780612Z 
2025-08-24T00:25:46.7781071Z #23 [base 14/14] RUN chmod +x ./entrypoint.sh
2025-08-24T00:25:46.7781556Z #23 DONE 0.1s
2025-08-24T00:25:47.5043527Z 
2025-08-24T00:25:47.5044162Z #24 [stage-1 4/6] COPY --from=base /usr/local /usr/local
2025-08-24T00:25:49.3903385Z #24 DONE 1.9s
2025-08-24T00:25:49.5026740Z 
2025-08-24T00:25:49.5027478Z #25 [stage-1 5/6] COPY --from=base /app /app
2025-08-24T00:25:49.5028207Z #25 DONE 0.1s
2025-08-24T00:25:49.7114179Z 
2025-08-24T00:25:49.7114902Z #26 [stage-1 6/6] RUN chmod +x /app/entrypoint.sh
2025-08-24T00:25:49.7115384Z #26 DONE 0.1s
2025-08-24T00:25:49.7115561Z 
2025-08-24T00:25:49.7115706Z #27 exporting to docker image format
2025-08-24T00:25:49.7116105Z #27 exporting layers
2025-08-24T00:25:54.9505712Z #27 exporting layers 5.4s done
2025-08-24T00:25:55.1091673Z #27 exporting manifest sha256:6ace6503328e2273c0465d6f3be3c0817cb9b0fff891f2da3b92c1d8a4b3f05f done
2025-08-24T00:25:55.1092839Z #27 exporting config sha256:55d57dbec688c4caceba3ecb089ca45c2c5483de5b29e10a9f0d40622cec7ca1 done
2025-08-24T00:25:55.1093775Z #27 sending tarball
2025-08-24T00:25:55.5467137Z #27 ...
2025-08-24T00:25:55.5467461Z 
2025-08-24T00:25:55.5467671Z #28 importing to docker
2025-08-24T00:25:55.6975698Z #28 loading layer e6a3842ebc7f 327.68kB / 29.77MB
2025-08-24T00:25:56.4227166Z #28 loading layer 11a4ec4d004e 32.77kB / 1.29MB
2025-08-24T00:25:56.7955355Z #28 loading layer 07cd4433de32 131.07kB / 12.11MB
2025-08-24T00:25:57.3609595Z #28 loading layer e33228fe7708 251B / 251B
2025-08-24T00:25:57.5490601Z #28 loading layer d5e320fd24a3 93B / 93B
2025-08-24T00:25:57.5491194Z #28 loading layer 60de562fd47b 196.61kB / 19.48MB
2025-08-24T00:25:58.3494463Z #28 loading layer 00c3682d93ce 557.06kB / 56.55MB
2025-08-24T00:26:00.3849036Z #28 loading layer 00c3682d93ce 40.11MB / 56.55MB 2.0s
2025-08-24T00:26:01.4263962Z #28 loading layer 66547d55c388 32.77kB / 43.75kB
2025-08-24T00:26:01.5263812Z #28 loading layer e6a3842ebc7f 29.77MB / 29.77MB 6.0s done
2025-08-24T00:26:01.5264463Z #28 loading layer 11a4ec4d004e 1.29MB / 1.29MB 5.1s done
2025-08-24T00:26:01.5265030Z #28 loading layer 07cd4433de32 12.11MB / 12.11MB 4.7s done
2025-08-24T00:26:01.5265873Z #28 loading layer e33228fe7708 251B / 251B 4.1s done
2025-08-24T00:26:01.5266414Z #28 loading layer d5e320fd24a3 93B / 93B 4.1s done
2025-08-24T00:26:01.5266984Z #28 loading layer 60de562fd47b 19.48MB / 19.48MB 4.1s done
2025-08-24T00:26:01.5267481Z #28 loading layer 00c3682d93ce 56.55MB / 56.55MB 3.2s done
2025-08-24T00:26:01.5268232Z #28 loading layer 66547d55c388 43.75kB / 43.75kB 0.1s done
2025-08-24T00:26:01.5268758Z #28 loading layer 5f70bf18a086 32B / 32B 0.0s done
2025-08-24T00:26:01.5269210Z #28 DONE 6.0s
2025-08-24T00:26:01.5269402Z 
2025-08-24T00:26:01.5269554Z #27 exporting to docker image format
2025-08-24T00:26:01.5269978Z #27 sending tarball 6.5s done
2025-08-24T00:26:01.5270353Z #27 DONE 11.9s
2025-08-24T00:26:01.6685545Z Post job cleanup.
2025-08-24T00:26:01.8043261Z [warning]Path Validation Error: Path(s) specified in the action for caching do(es) not exist, hence no cache is being saved.
2025-08-24T00:26:01.8132847Z Post job cleanup.
2025-08-24T00:26:02.0925402Z ##[group]Removing builder
2025-08-24T00:26:02.2200954Z [command]/usr/bin/docker buildx rm builder-42a02203-b5ca-40b6-98a0-f74ea0934780
2025-08-24T00:26:03.2596587Z builder-42a02203-b5ca-40b6-98a0-f74ea0934780 removed
2025-08-24T00:26:03.2634879Z ##[endgroup]
2025-08-24T00:26:03.2635839Z ##[group]Cleaning up certificates
2025-08-24T00:26:03.2642330Z ##[endgroup]
2025-08-24T00:26:03.2642908Z ##[group]Post cache
2025-08-24T00:26:03.2645373Z State not set
2025-08-24T00:26:03.2646144Z ##[endgroup]
2025-08-24T00:26:03.2773137Z Post job cleanup.
2025-08-24T00:26:03.3588791Z [command]/usr/bin/git version
2025-08-24T00:26:03.3625482Z git version 2.51.0
2025-08-24T00:26:03.3663510Z Temporarily overriding HOME='/home/runner/work/_temp/fbaf0429-fd24-4efa-8b1b-3c8751094c2a' before making global git config changes
2025-08-24T00:26:03.3664750Z Adding repository directory to the temporary git global config as a safe directory
2025-08-24T00:26:03.3669299Z [command]/usr/bin/git config --global --add safe.directory /home/runner/work/AWA-App/AWA-App
2025-08-24T00:26:03.3706709Z [command]/usr/bin/git config --local --name-only --get-regexp core\.sshCommand
2025-08-24T00:26:03.3740136Z [command]/usr/bin/git submodule foreach --recursive sh -c "git config --local --name-only --get-regexp 'core\.sshCommand' && git config --local --unset-all 'core.sshCommand' || :"
2025-08-24T00:26:03.3968982Z [command]/usr/bin/git config --local --name-only --get-regexp http\.https\:\/\/github\.com\/\.extraheader
2025-08-24T00:26:03.3991286Z http.https://github.com/.extraheader
2025-08-24T00:26:03.4002173Z [command]/usr/bin/git config --local --unset-all http.https://github.com/.extraheader
2025-08-24T00:26:03.4033717Z [command]/usr/bin/git submodule foreach --recursive sh -c "git config --local --name-only --get-regexp 'http\.https\:\/\/github\.com\/\.extraheader' && git config --local --unset-all 'http.https://github.com/.extraheader' || :"
2025-08-24T00:26:03.4368089Z Cleaning up orphan processes
