2025-08-20T20:58:13.7951624Z Current runner version: '2.328.0'
2025-08-20T20:58:13.7983095Z ##[group]Runner Image Provisioner
2025-08-20T20:58:13.7984248Z Hosted Compute Agent
2025-08-20T20:58:13.7985107Z Version: 20250818.377
2025-08-20T20:58:13.7986069Z Commit: 3c593e9f75fe0b87e893bca80d6e12ba089c61fc
2025-08-20T20:58:13.7987364Z Build Date: 2025-08-18T14:52:18Z
2025-08-20T20:58:13.7988364Z ##[endgroup]
2025-08-20T20:58:13.7989138Z ##[group]Operating System
2025-08-20T20:58:13.7990027Z Ubuntu
2025-08-20T20:58:13.7990683Z 24.04.2
2025-08-20T20:58:13.7991521Z LTS
2025-08-20T20:58:13.7992239Z ##[endgroup]
2025-08-20T20:58:13.7993011Z ##[group]Runner Image
2025-08-20T20:58:13.7993967Z Image: ubuntu-24.04
2025-08-20T20:58:13.7994716Z Version: 20250818.1.0
2025-08-20T20:58:13.7996407Z Included Software: https://github.com/actions/runner-images/blob/ubuntu24/20250818.1/images/ubuntu/Ubuntu2404-Readme.md
2025-08-20T20:58:13.7999064Z Image Release: https://github.com/actions/runner-images/releases/tag/ubuntu24%2F20250818.1
2025-08-20T20:58:13.8000803Z ##[endgroup]
2025-08-20T20:58:13.8004516Z ##[group]GITHUB_TOKEN Permissions
2025-08-20T20:58:13.8007427Z Actions: read
2025-08-20T20:58:13.8008200Z Attestations: read
2025-08-20T20:58:13.8009038Z Checks: read
2025-08-20T20:58:13.8009773Z Contents: read
2025-08-20T20:58:13.8010551Z Deployments: read
2025-08-20T20:58:13.8011278Z Discussions: read
2025-08-20T20:58:13.8012113Z Issues: read
2025-08-20T20:58:13.8012836Z Metadata: read
2025-08-20T20:58:13.8013607Z Models: read
2025-08-20T20:58:13.8014435Z Packages: read
2025-08-20T20:58:13.8015250Z Pages: read
2025-08-20T20:58:13.8016007Z PullRequests: read
2025-08-20T20:58:13.8017057Z RepositoryProjects: read
2025-08-20T20:58:13.8018020Z SecurityEvents: read
2025-08-20T20:58:13.8018922Z Statuses: read
2025-08-20T20:58:13.8019834Z ##[endgroup]
2025-08-20T20:58:13.8022670Z Secret source: Dependabot
2025-08-20T20:58:13.8023707Z Prepare workflow directory
2025-08-20T20:58:13.8447011Z Prepare all required actions
2025-08-20T20:58:13.8497285Z Getting action download info
2025-08-20T20:58:14.1455777Z Download action repository 'actions/checkout@v4' (SHA:08eba0b27e820071cde6df949e0beb9ba4906955)
2025-08-20T20:58:14.2185355Z Download action repository 'docker/setup-buildx-action@v3' (SHA:e468171a9de216ec08956ac3ada2f0791b6bd435)
2025-08-20T20:58:14.5944477Z Download action repository 'actions/cache@v4' (SHA:0400d5f644dc74513175e3cd8d07132dd4860809)
2025-08-20T20:58:14.7751799Z Complete job name: container-build
2025-08-20T20:58:14.8471423Z ##[group]Run actions/checkout@v4
2025-08-20T20:58:14.8472330Z with:
2025-08-20T20:58:14.8472761Z   repository: AlexBomber12/AWA-App
2025-08-20T20:58:14.8473450Z   token: ***
2025-08-20T20:58:14.8473859Z   ssh-strict: true
2025-08-20T20:58:14.8474270Z   ssh-user: git
2025-08-20T20:58:14.8474701Z   persist-credentials: true
2025-08-20T20:58:14.8475188Z   clean: true
2025-08-20T20:58:14.8475615Z   sparse-checkout-cone-mode: true
2025-08-20T20:58:14.8476124Z   fetch-depth: 1
2025-08-20T20:58:14.8476529Z   fetch-tags: false
2025-08-20T20:58:14.8477156Z   show-progress: true
2025-08-20T20:58:14.8477584Z   lfs: false
2025-08-20T20:58:14.8477979Z   submodules: false
2025-08-20T20:58:14.8478403Z   set-safe-directory: true
2025-08-20T20:58:14.8479137Z ##[endgroup]
2025-08-20T20:58:14.9554575Z Syncing repository: AlexBomber12/AWA-App
2025-08-20T20:58:14.9556560Z ##[group]Getting Git version info
2025-08-20T20:58:14.9557624Z Working directory is '/home/runner/work/AWA-App/AWA-App'
2025-08-20T20:58:14.9558856Z [command]/usr/bin/git version
2025-08-20T20:58:14.9591685Z git version 2.51.0
2025-08-20T20:58:14.9618658Z ##[endgroup]
2025-08-20T20:58:14.9632436Z Temporarily overriding HOME='/home/runner/work/_temp/9f65e101-8b11-451f-9355-b8a06b6c57f2' before making global git config changes
2025-08-20T20:58:14.9637911Z Adding repository directory to the temporary git global config as a safe directory
2025-08-20T20:58:14.9640047Z [command]/usr/bin/git config --global --add safe.directory /home/runner/work/AWA-App/AWA-App
2025-08-20T20:58:14.9673555Z Deleting the contents of '/home/runner/work/AWA-App/AWA-App'
2025-08-20T20:58:14.9677465Z ##[group]Initializing the repository
2025-08-20T20:58:14.9681287Z [command]/usr/bin/git init /home/runner/work/AWA-App/AWA-App
2025-08-20T20:58:14.9733645Z hint: Using 'master' as the name for the initial branch. This default branch name
2025-08-20T20:58:14.9735526Z hint: is subject to change. To configure the initial branch name to use in all
2025-08-20T20:58:14.9737421Z hint: of your new repositories, which will suppress this warning, call:
2025-08-20T20:58:14.9738195Z hint:
2025-08-20T20:58:14.9738725Z hint: 	git config --global init.defaultBranch <name>
2025-08-20T20:58:14.9739339Z hint:
2025-08-20T20:58:14.9739935Z hint: Names commonly chosen instead of 'master' are 'main', 'trunk' and
2025-08-20T20:58:14.9740918Z hint: 'development'. The just-created branch can be renamed via this command:
2025-08-20T20:58:14.9742231Z hint:
2025-08-20T20:58:14.9742693Z hint: 	git branch -m <name>
2025-08-20T20:58:14.9743186Z hint:
2025-08-20T20:58:14.9743855Z hint: Disable this message with "git config set advice.defaultBranchName false"
2025-08-20T20:58:14.9745059Z Initialized empty Git repository in /home/runner/work/AWA-App/AWA-App/.git/
2025-08-20T20:58:14.9747511Z [command]/usr/bin/git remote add origin https://github.com/AlexBomber12/AWA-App
2025-08-20T20:58:14.9779751Z ##[endgroup]
2025-08-20T20:58:14.9780662Z ##[group]Disabling automatic garbage collection
2025-08-20T20:58:14.9782763Z [command]/usr/bin/git config --local gc.auto 0
2025-08-20T20:58:14.9811217Z ##[endgroup]
2025-08-20T20:58:14.9811932Z ##[group]Setting up auth
2025-08-20T20:58:14.9818009Z [command]/usr/bin/git config --local --name-only --get-regexp core\.sshCommand
2025-08-20T20:58:14.9847101Z [command]/usr/bin/git submodule foreach --recursive sh -c "git config --local --name-only --get-regexp 'core\.sshCommand' && git config --local --unset-all 'core.sshCommand' || :"
2025-08-20T20:58:15.0100785Z [command]/usr/bin/git config --local --name-only --get-regexp http\.https\:\/\/github\.com\/\.extraheader
2025-08-20T20:58:15.0130900Z [command]/usr/bin/git submodule foreach --recursive sh -c "git config --local --name-only --get-regexp 'http\.https\:\/\/github\.com\/\.extraheader' && git config --local --unset-all 'http.https://github.com/.extraheader' || :"
2025-08-20T20:58:15.0361163Z [command]/usr/bin/git config --local http.https://github.com/.extraheader AUTHORIZATION: basic ***
2025-08-20T20:58:15.0395702Z ##[endgroup]
2025-08-20T20:58:15.0396546Z ##[group]Fetching the repository
2025-08-20T20:58:15.0404547Z [command]/usr/bin/git -c protocol.version=2 fetch --no-tags --prune --no-recurse-submodules --depth=1 origin +fd155233b3e65db95b9ae1a2f0471e25c2f0c84a:refs/remotes/pull/318/merge
2025-08-20T20:58:15.3052809Z From https://github.com/AlexBomber12/AWA-App
2025-08-20T20:58:15.3054842Z  * [new ref]         fd155233b3e65db95b9ae1a2f0471e25c2f0c84a -> pull/318/merge
2025-08-20T20:58:15.3084658Z ##[endgroup]
2025-08-20T20:58:15.3086565Z ##[group]Determining the checkout info
2025-08-20T20:58:15.3088983Z ##[endgroup]
2025-08-20T20:58:15.3092649Z [command]/usr/bin/git sparse-checkout disable
2025-08-20T20:58:15.3132495Z [command]/usr/bin/git config --local --unset-all extensions.worktreeConfig
2025-08-20T20:58:15.3161153Z ##[group]Checking out the ref
2025-08-20T20:58:15.3164938Z [command]/usr/bin/git checkout --progress --force refs/remotes/pull/318/merge
2025-08-20T20:58:15.3516478Z Note: switching to 'refs/remotes/pull/318/merge'.
2025-08-20T20:58:15.3518136Z 
2025-08-20T20:58:15.3518988Z You are in 'detached HEAD' state. You can look around, make experimental
2025-08-20T20:58:15.3522045Z changes and commit them, and you can discard any commits you make in this
2025-08-20T20:58:15.3525147Z state without impacting any branches by switching back to a branch.
2025-08-20T20:58:15.3526965Z 
2025-08-20T20:58:15.3528123Z If you want to create a new branch to retain commits you create, you may
2025-08-20T20:58:15.3530707Z do so (now or later) by using -c with the switch command. Example:
2025-08-20T20:58:15.3532697Z 
2025-08-20T20:58:15.3533307Z   git switch -c <new-branch-name>
2025-08-20T20:58:15.3534431Z 
2025-08-20T20:58:15.3534967Z Or undo this operation with:
2025-08-20T20:58:15.3535842Z 
2025-08-20T20:58:15.3536294Z   git switch -
2025-08-20T20:58:15.3537207Z 
2025-08-20T20:58:15.3538465Z Turn off this advice by setting config variable advice.detachedHead to false
2025-08-20T20:58:15.3540429Z 
2025-08-20T20:58:15.3542053Z HEAD is now at fd15523 Merge 9c792c2003490e114b5b503ca530d394dce9f0ad into ab6f502f8f1e118648fd09a9b43864129ff65477
2025-08-20T20:58:15.3547414Z ##[endgroup]
2025-08-20T20:58:15.3569658Z [command]/usr/bin/git log -1 --format=%H
2025-08-20T20:58:15.3591791Z fd155233b3e65db95b9ae1a2f0471e25c2f0c84a
2025-08-20T20:58:15.3884419Z ##[group]Run docker/setup-buildx-action@v3
2025-08-20T20:58:15.3885692Z with:
2025-08-20T20:58:15.3886536Z   driver: docker-container
2025-08-20T20:58:15.3887692Z   install: false
2025-08-20T20:58:15.3888578Z   use: true
2025-08-20T20:58:15.3889430Z   keep-state: false
2025-08-20T20:58:15.3890342Z   cache-binary: true
2025-08-20T20:58:15.3891251Z   cleanup: true
2025-08-20T20:58:15.3892101Z ##[endgroup]
2025-08-20T20:58:15.6908272Z ##[group]Docker info
2025-08-20T20:58:15.6928470Z [command]/usr/bin/docker version
2025-08-20T20:58:15.7308064Z Client: Docker Engine - Community
2025-08-20T20:58:15.7311543Z  Version:           28.0.4
2025-08-20T20:58:15.7313331Z  API version:       1.48
2025-08-20T20:58:15.7314989Z  Go version:        go1.23.7
2025-08-20T20:58:15.7317104Z  Git commit:        b8034c0
2025-08-20T20:58:15.7319041Z  Built:             Tue Mar 25 15:07:16 2025
2025-08-20T20:58:15.7320817Z  OS/Arch:           linux/amd64
2025-08-20T20:58:15.7322151Z  Context:           default
2025-08-20T20:58:15.7322761Z 
2025-08-20T20:58:15.7323145Z Server: Docker Engine - Community
2025-08-20T20:58:15.7324154Z  Engine:
2025-08-20T20:58:15.7324901Z   Version:          28.0.4
2025-08-20T20:58:15.7325968Z   API version:      1.48 (minimum version 1.24)
2025-08-20T20:58:15.7327463Z   Go version:       go1.23.7
2025-08-20T20:58:15.7328413Z   Git commit:       6430e49
2025-08-20T20:58:15.7329377Z   Built:            Tue Mar 25 15:07:16 2025
2025-08-20T20:58:15.7330469Z   OS/Arch:          linux/amd64
2025-08-20T20:58:15.7331431Z   Experimental:     false
2025-08-20T20:58:15.7332325Z  containerd:
2025-08-20T20:58:15.7333076Z   Version:          1.7.27
2025-08-20T20:58:15.7334181Z   GitCommit:        05044ec0a9a75232cad458027ca83437aae3f4da
2025-08-20T20:58:15.7335430Z  runc:
2025-08-20T20:58:15.7336138Z   Version:          1.2.5
2025-08-20T20:58:15.7337487Z   GitCommit:        v1.2.5-0-g59923ef
2025-08-20T20:58:15.7338531Z  docker-init:
2025-08-20T20:58:15.7339353Z   Version:          0.19.0
2025-08-20T20:58:15.7340266Z   GitCommit:        de40ad0
2025-08-20T20:58:15.7363319Z [command]/usr/bin/docker info
2025-08-20T20:58:15.9638512Z Client: Docker Engine - Community
2025-08-20T20:58:15.9641904Z  Version:    28.0.4
2025-08-20T20:58:15.9643321Z  Context:    default
2025-08-20T20:58:15.9644750Z  Debug Mode: false
2025-08-20T20:58:15.9645991Z  Plugins:
2025-08-20T20:58:15.9647344Z   buildx: Docker Buildx (Docker Inc.)
2025-08-20T20:58:15.9648449Z     Version:  v0.26.1
2025-08-20T20:58:15.9649557Z     Path:     /usr/libexec/docker/cli-plugins/docker-buildx
2025-08-20T20:58:15.9651271Z   compose: Docker Compose (Docker Inc.)
2025-08-20T20:58:15.9653014Z     Version:  v2.38.2
2025-08-20T20:58:15.9654697Z     Path:     /usr/libexec/docker/cli-plugins/docker-compose
2025-08-20T20:58:15.9656111Z 
2025-08-20T20:58:15.9656591Z Server:
2025-08-20T20:58:15.9657927Z  Containers: 0
2025-08-20T20:58:15.9659130Z   Running: 0
2025-08-20T20:58:15.9660323Z   Paused: 0
2025-08-20T20:58:15.9661507Z   Stopped: 0
2025-08-20T20:58:15.9662720Z  Images: 0
2025-08-20T20:58:15.9663985Z  Server Version: 28.0.4
2025-08-20T20:58:15.9665480Z  Storage Driver: overlay2
2025-08-20T20:58:15.9667376Z   Backing Filesystem: extfs
2025-08-20T20:58:15.9669070Z   Supports d_type: true
2025-08-20T20:58:15.9671129Z   Using metacopy: false
2025-08-20T20:58:15.9672674Z   Native Overlay Diff: false
2025-08-20T20:58:15.9674251Z   userxattr: false
2025-08-20T20:58:15.9675682Z  Logging Driver: json-file
2025-08-20T20:58:15.9677479Z  Cgroup Driver: systemd
2025-08-20T20:58:15.9678960Z  Cgroup Version: 2
2025-08-20T20:58:15.9680312Z  Plugins:
2025-08-20T20:58:15.9681564Z   Volume: local
2025-08-20T20:58:15.9758107Z   Network: bridge host ipvlan macvlan null overlay
2025-08-20T20:58:15.9760422Z   Log: awslogs fluentd gcplogs gelf journald json-file local splunk syslog
2025-08-20T20:58:15.9762112Z  Swarm: inactive
2025-08-20T20:58:15.9763085Z  Runtimes: io.containerd.runc.v2 runc
2025-08-20T20:58:15.9764355Z  Default Runtime: runc
2025-08-20T20:58:15.9765757Z  Init Binary: docker-init
2025-08-20T20:58:15.9767485Z  containerd version: 05044ec0a9a75232cad458027ca83437aae3f4da
2025-08-20T20:58:15.9769141Z  runc version: v1.2.5-0-g59923ef
2025-08-20T20:58:15.9770312Z  init version: de40ad0
2025-08-20T20:58:15.9771260Z  Security Options:
2025-08-20T20:58:15.9772183Z   apparmor
2025-08-20T20:58:15.9773148Z   seccomp
2025-08-20T20:58:15.9774064Z    Profile: builtin
2025-08-20T20:58:15.9775392Z   cgroupns
2025-08-20T20:58:15.9776295Z  Kernel Version: 6.11.0-1018-azure
2025-08-20T20:58:15.9778093Z  Operating System: Ubuntu 24.04.2 LTS
2025-08-20T20:58:15.9779254Z  OSType: linux
2025-08-20T20:58:15.9780170Z  Architecture: x86_64
2025-08-20T20:58:15.9781092Z  CPUs: 4
2025-08-20T20:58:15.9781900Z  Total Memory: 15.62GiB
2025-08-20T20:58:15.9782980Z  Name: pkrvmqc4gcfdwos
2025-08-20T20:58:15.9783982Z  ID: 1c1cbb44-b30d-44d5-842a-37462128d90e
2025-08-20T20:58:15.9785100Z  Docker Root Dir: /var/lib/docker
2025-08-20T20:58:15.9786155Z  Debug Mode: false
2025-08-20T20:58:15.9787295Z  Username: githubactions
2025-08-20T20:58:15.9788474Z  Experimental: false
2025-08-20T20:58:15.9789322Z  Insecure Registries:
2025-08-20T20:58:15.9793392Z   ::1/128
2025-08-20T20:58:15.9794408Z   127.0.0.0/8
2025-08-20T20:58:15.9795643Z  Live Restore Enabled: false
2025-08-20T20:58:15.9796849Z 
2025-08-20T20:58:15.9798382Z ##[endgroup]
2025-08-20T20:58:16.0321057Z ##[group]Buildx version
2025-08-20T20:58:16.0341181Z [command]/usr/bin/docker buildx version
2025-08-20T20:58:16.0848658Z github.com/docker/buildx v0.26.1 1a8287f22cf5a38339a4c1bf432b803c5f8b2aae
2025-08-20T20:58:16.0881789Z ##[endgroup]
2025-08-20T20:58:16.1081337Z ##[group]Inspecting default docker context
2025-08-20T20:58:16.1227930Z [
2025-08-20T20:58:16.1228827Z   {
2025-08-20T20:58:16.1229550Z     "Name": "default",
2025-08-20T20:58:16.1230581Z     "Metadata": {},
2025-08-20T20:58:16.1231548Z     "Endpoints": {
2025-08-20T20:58:16.1232492Z       "docker": {
2025-08-20T20:58:16.1233588Z         "Host": "unix:///var/run/docker.sock",
2025-08-20T20:58:16.1235019Z         "SkipTLSVerify": false
2025-08-20T20:58:16.1236210Z       }
2025-08-20T20:58:16.1237217Z     },
2025-08-20T20:58:16.1238072Z     "TLSMaterial": {},
2025-08-20T20:58:16.1239113Z     "Storage": {
2025-08-20T20:58:16.1240140Z       "MetadataPath": "<IN MEMORY>",
2025-08-20T20:58:16.1241403Z       "TLSPath": "<IN MEMORY>"
2025-08-20T20:58:16.1242694Z     }
2025-08-20T20:58:16.1243469Z   }
2025-08-20T20:58:16.1244221Z ]
2025-08-20T20:58:16.1245905Z ##[endgroup]
2025-08-20T20:58:16.1248005Z ##[group]Creating a new builder instance
2025-08-20T20:58:16.2445342Z [command]/usr/bin/docker buildx create --name builder-1e766db3-cf52-40eb-8fbb-e12deb109c5f --driver docker-container --buildkitd-flags --allow-insecure-entitlement security.insecure --allow-insecure-entitlement network.host --use
2025-08-20T20:58:16.2992999Z builder-1e766db3-cf52-40eb-8fbb-e12deb109c5f
2025-08-20T20:58:16.3030057Z ##[endgroup]
2025-08-20T20:58:16.3032786Z ##[group]Booting builder
2025-08-20T20:58:16.3063038Z [command]/usr/bin/docker buildx inspect --bootstrap --builder builder-1e766db3-cf52-40eb-8fbb-e12deb109c5f
2025-08-20T20:58:16.3581967Z #1 [internal] booting buildkit
2025-08-20T20:58:16.5087856Z #1 pulling image moby/buildkit:buildx-stable-1
2025-08-20T20:58:19.1723964Z #1 pulling image moby/buildkit:buildx-stable-1 2.8s done
2025-08-20T20:58:19.3225585Z #1 creating container buildx_buildkit_builder-1e766db3-cf52-40eb-8fbb-e12deb109c5f0
2025-08-20T20:58:19.5456331Z #1 creating container buildx_buildkit_builder-1e766db3-cf52-40eb-8fbb-e12deb109c5f0 0.4s done
2025-08-20T20:58:19.5529742Z #1 DONE 3.2s
2025-08-20T20:58:19.5823928Z Name:          builder-1e766db3-cf52-40eb-8fbb-e12deb109c5f
2025-08-20T20:58:19.5824507Z Driver:        docker-container
2025-08-20T20:58:19.5824904Z Last Activity: 2025-08-20 20:58:16 +0000 UTC
2025-08-20T20:58:19.5825196Z 
2025-08-20T20:58:19.5825306Z Nodes:
2025-08-20T20:58:19.5831121Z Name:                  builder-1e766db3-cf52-40eb-8fbb-e12deb109c5f0
2025-08-20T20:58:19.5832276Z Endpoint:              unix:///var/run/docker.sock
2025-08-20T20:58:19.5832763Z Status:                running
2025-08-20T20:58:19.5833627Z BuildKit daemon flags: --allow-insecure-entitlement security.insecure --allow-insecure-entitlement network.host
2025-08-20T20:58:19.5834482Z BuildKit version:      v0.23.2
2025-08-20T20:58:19.5835018Z Platforms:             linux/amd64, linux/amd64/v2, linux/amd64/v3, linux/386
2025-08-20T20:58:19.5835648Z Labels:
2025-08-20T20:58:19.5836029Z  org.mobyproject.buildkit.worker.executor:         oci
2025-08-20T20:58:19.5836872Z  org.mobyproject.buildkit.worker.hostname:         343b57362c0a
2025-08-20T20:58:19.5837518Z  org.mobyproject.buildkit.worker.network:          host
2025-08-20T20:58:19.5838120Z  org.mobyproject.buildkit.worker.oci.process-mode: sandbox
2025-08-20T20:58:19.5838747Z  org.mobyproject.buildkit.worker.selinux.enabled:  false
2025-08-20T20:58:19.5839362Z  org.mobyproject.buildkit.worker.snapshotter:      overlayfs
2025-08-20T20:58:19.5839856Z GC Policy rule#0:
2025-08-20T20:58:19.5840167Z  All:            false
2025-08-20T20:58:19.5840687Z  Filters:        type==source.local,type==exec.cachemount,type==source.git.checkout
2025-08-20T20:58:19.5841286Z  Keep Duration:  48h0m0s
2025-08-20T20:58:19.5841614Z  Max Used Space: 488.3MiB
2025-08-20T20:58:19.5841956Z GC Policy rule#1:
2025-08-20T20:58:19.5842252Z  All:            false
2025-08-20T20:58:19.5842660Z  Keep Duration:  1440h0m0s
2025-08-20T20:58:19.5843030Z  Reserved Space: 7.451GiB
2025-08-20T20:58:19.5843408Z  Max Used Space: 54.02GiB
2025-08-20T20:58:19.5843747Z  Min Free Space: 13.97GiB
2025-08-20T20:58:19.5844068Z GC Policy rule#2:
2025-08-20T20:58:19.5844361Z  All:            false
2025-08-20T20:58:19.5844669Z  Reserved Space: 7.451GiB
2025-08-20T20:58:19.5844990Z  Max Used Space: 54.02GiB
2025-08-20T20:58:19.5845303Z  Min Free Space: 13.97GiB
2025-08-20T20:58:19.5845632Z GC Policy rule#3:
2025-08-20T20:58:19.5845898Z  All:            true
2025-08-20T20:58:19.5846200Z  Reserved Space: 7.451GiB
2025-08-20T20:58:19.5846529Z  Max Used Space: 54.02GiB
2025-08-20T20:58:19.5847013Z  Min Free Space: 13.97GiB
2025-08-20T20:58:19.5893399Z ##[endgroup]
2025-08-20T20:58:19.6789333Z ##[group]Inspect builder
2025-08-20T20:58:19.6795395Z {
2025-08-20T20:58:19.6796004Z   "nodes": [
2025-08-20T20:58:19.6796366Z     {
2025-08-20T20:58:19.6796997Z       "name": "builder-1e766db3-cf52-40eb-8fbb-e12deb109c5f0",
2025-08-20T20:58:19.6797605Z       "endpoint": "unix:///var/run/docker.sock",
2025-08-20T20:58:19.6798076Z       "status": "running",
2025-08-20T20:58:19.6798942Z       "buildkitd-flags": "--allow-insecure-entitlement security.insecure --allow-insecure-entitlement network.host",
2025-08-20T20:58:19.6799840Z       "buildkit": "v0.23.2",
2025-08-20T20:58:19.6800370Z       "platforms": "linux/amd64,linux/amd64/v2,linux/amd64/v3,linux/386",
2025-08-20T20:58:19.6800930Z       "features": {
2025-08-20T20:58:19.6801380Z         "Automatically load images to the Docker Engine image store": true,
2025-08-20T20:58:19.6801934Z         "Cache export": true,
2025-08-20T20:58:19.6802287Z         "Direct push": true,
2025-08-20T20:58:19.6802607Z         "Docker exporter": true,
2025-08-20T20:58:19.6802949Z         "Multi-platform build": true,
2025-08-20T20:58:19.6803298Z         "OCI exporter": true
2025-08-20T20:58:19.6803955Z       },
2025-08-20T20:58:19.6804209Z       "labels": {
2025-08-20T20:58:19.6804588Z         "org.mobyproject.buildkit.worker.executor": "oci",
2025-08-20T20:58:19.6805188Z         "org.mobyproject.buildkit.worker.hostname": "343b57362c0a",
2025-08-20T20:58:19.6805756Z         "org.mobyproject.buildkit.worker.network": "host",
2025-08-20T20:58:19.6806321Z         "org.mobyproject.buildkit.worker.oci.process-mode": "sandbox",
2025-08-20T20:58:19.6807163Z         "org.mobyproject.buildkit.worker.selinux.enabled": "false",
2025-08-20T20:58:19.6807849Z         "org.mobyproject.buildkit.worker.snapshotter": "overlayfs"
2025-08-20T20:58:19.6808420Z       },
2025-08-20T20:58:19.6808680Z       "gcPolicy": [
2025-08-20T20:58:19.6809185Z         {
2025-08-20T20:58:19.6809451Z           "all": false,
2025-08-20T20:58:19.6809758Z           "filter": [
2025-08-20T20:58:19.6810064Z             "type==source.local",
2025-08-20T20:58:19.6810447Z             "type==exec.cachemount",
2025-08-20T20:58:19.6810843Z             "type==source.git.checkout"
2025-08-20T20:58:19.6811215Z           ],
2025-08-20T20:58:19.6811495Z           "keepDuration": "48h0m0s",
2025-08-20T20:58:19.6811871Z           "maxUsedSpace": "488.3MiB"
2025-08-20T20:58:19.6812212Z         },
2025-08-20T20:58:19.6812461Z         {
2025-08-20T20:58:19.6812707Z           "all": false,
2025-08-20T20:58:19.6813047Z           "keepDuration": "1440h0m0s",
2025-08-20T20:58:19.6813436Z           "reservedSpace": "7.451GiB",
2025-08-20T20:58:19.6813819Z           "maxUsedSpace": "54.02GiB",
2025-08-20T20:58:19.6814201Z           "minFreeSpace": "13.97GiB"
2025-08-20T20:58:19.6814542Z         },
2025-08-20T20:58:19.6814786Z         {
2025-08-20T20:58:19.6815036Z           "all": false,
2025-08-20T20:58:19.6815392Z           "reservedSpace": "7.451GiB",
2025-08-20T20:58:19.6815762Z           "maxUsedSpace": "54.02GiB",
2025-08-20T20:58:19.6816141Z           "minFreeSpace": "13.97GiB"
2025-08-20T20:58:19.6816494Z         },
2025-08-20T20:58:19.6817109Z         {
2025-08-20T20:58:19.6817378Z           "all": true,
2025-08-20T20:58:19.6817704Z           "reservedSpace": "7.451GiB",
2025-08-20T20:58:19.6818084Z           "maxUsedSpace": "54.02GiB",
2025-08-20T20:58:19.6818454Z           "minFreeSpace": "13.97GiB"
2025-08-20T20:58:19.6818801Z         }
2025-08-20T20:58:19.6819044Z       ]
2025-08-20T20:58:19.6819285Z     }
2025-08-20T20:58:19.6819515Z   ],
2025-08-20T20:58:19.6819863Z   "name": "builder-1e766db3-cf52-40eb-8fbb-e12deb109c5f",
2025-08-20T20:58:19.6820340Z   "driver": "docker-container",
2025-08-20T20:58:19.6820729Z   "lastActivity": "2025-08-20T20:58:16.000Z"
2025-08-20T20:58:19.6821108Z }
2025-08-20T20:58:19.6821670Z ##[endgroup]
2025-08-20T20:58:19.6822182Z ##[group]BuildKit version
2025-08-20T20:58:19.6822621Z builder-1e766db3-cf52-40eb-8fbb-e12deb109c5f0: v0.23.2
2025-08-20T20:58:19.6823295Z ##[endgroup]
2025-08-20T20:58:19.8299265Z ##[group]Run actions/cache@v4
2025-08-20T20:58:19.8299520Z with:
2025-08-20T20:58:19.8299690Z   path: ~/.cache/pip
2025-08-20T20:58:19.8300073Z   key: Linux-pip-3a458088e2a334cd668ae1c33075b9781e704c9d4bb9ced804eed2f902a624cd
2025-08-20T20:58:19.8300487Z   enableCrossOsArchive: false
2025-08-20T20:58:19.8300720Z   fail-on-cache-miss: false
2025-08-20T20:58:19.8300927Z   lookup-only: false
2025-08-20T20:58:19.8301120Z   save-always: false
2025-08-20T20:58:19.8301296Z ##[endgroup]
2025-08-20T20:58:20.0651695Z Cache not found for input keys: Linux-pip-3a458088e2a334cd668ae1c33075b9781e704c9d4bb9ced804eed2f902a624cd
2025-08-20T20:58:20.0762815Z ##[group]Run docker buildx build \
2025-08-20T20:58:20.0763163Z [36;1mdocker buildx build \[0m
2025-08-20T20:58:20.0763626Z [36;1m  --tag ghcr.io/alexbomber12/awa-app/api:fd155233b3e65db95b9ae1a2f0471e25c2f0c84a \[0m
2025-08-20T20:58:20.0764153Z [36;1m  --build-arg TZ_CACHE_BUST=fd155233b3e65db95b9ae1a2f0471e25c2f0c84a \[0m
2025-08-20T20:58:20.0764534Z [36;1m  --file services/api/Dockerfile \[0m
2025-08-20T20:58:20.0764800Z [36;1m  --load .[0m
2025-08-20T20:58:20.0832896Z shell: /usr/bin/bash -e {0}
2025-08-20T20:58:20.0833187Z ##[endgroup]
2025-08-20T20:58:20.3981281Z #0 building with "builder-1e766db3-cf52-40eb-8fbb-e12deb109c5f" instance using docker-container driver
2025-08-20T20:58:20.3981932Z 
2025-08-20T20:58:20.3982077Z #1 [internal] load build definition from Dockerfile
2025-08-20T20:58:20.3982428Z #1 transferring dockerfile: 1.48kB done
2025-08-20T20:58:20.3982707Z #1 DONE 0.0s
2025-08-20T20:58:20.3982826Z 
2025-08-20T20:58:20.3983106Z #2 [auth] docker/dockerfile:pull token for registry-1.docker.io
2025-08-20T20:58:20.3983477Z #2 DONE 0.0s
2025-08-20T20:58:20.3983594Z 
2025-08-20T20:58:20.3983886Z #3 resolve image config for docker-image://docker.io/docker/dockerfile:1.6
2025-08-20T20:58:20.5979986Z #3 DONE 0.4s
2025-08-20T20:58:20.7587241Z 
2025-08-20T20:58:20.7587951Z #4 docker-image://docker.io/docker/dockerfile:1.6@sha256:ac85f380a63b13dfcefa89046420e1781752bab202122f8f50032edf31be0021
2025-08-20T20:58:20.7588911Z #4 resolve docker.io/docker/dockerfile:1.6@sha256:ac85f380a63b13dfcefa89046420e1781752bab202122f8f50032edf31be0021 done
2025-08-20T20:58:20.7617543Z #4 sha256:9d9c93f4b00be908ab694a4df732570bced3b8a96b7515d70ff93402179ad232 2.10MB / 11.80MB 0.2s
2025-08-20T20:58:20.9113075Z #4 sha256:9d9c93f4b00be908ab694a4df732570bced3b8a96b7515d70ff93402179ad232 6.29MB / 11.80MB 0.3s
2025-08-20T20:58:21.0618529Z #4 sha256:9d9c93f4b00be908ab694a4df732570bced3b8a96b7515d70ff93402179ad232 10.49MB / 11.80MB 0.5s
2025-08-20T20:58:21.2284991Z #4 sha256:9d9c93f4b00be908ab694a4df732570bced3b8a96b7515d70ff93402179ad232 11.80MB / 11.80MB 0.5s done
2025-08-20T20:58:21.2285858Z #4 extracting sha256:9d9c93f4b00be908ab694a4df732570bced3b8a96b7515d70ff93402179ad232 0.1s done
2025-08-20T20:58:21.2286302Z #4 DONE 0.6s
2025-08-20T20:58:21.4459127Z 
2025-08-20T20:58:21.4459850Z #5 [auth] library/python:pull token for registry-1.docker.io
2025-08-20T20:58:21.4460433Z #5 DONE 0.0s
2025-08-20T20:58:21.4460620Z 
2025-08-20T20:58:21.4460919Z #6 [internal] load metadata for docker.io/library/python:3.12-slim
2025-08-20T20:58:21.5586139Z #6 DONE 0.3s
2025-08-20T20:58:21.6663437Z 
2025-08-20T20:58:21.6663907Z #7 [internal] load .dockerignore
2025-08-20T20:58:21.6664415Z #7 transferring context: 265B done
2025-08-20T20:58:21.6664838Z #7 DONE 0.0s
2025-08-20T20:58:21.6665020Z 
2025-08-20T20:58:21.6665163Z #8 [internal] load build context
2025-08-20T20:58:21.6665616Z #8 transferring context: 157.28kB 0.0s done
2025-08-20T20:58:21.6666102Z #8 DONE 0.0s
2025-08-20T20:58:21.6666312Z 
2025-08-20T20:58:21.6667201Z #9 [stage-1 1/6] FROM docker.io/library/python:3.12-slim@sha256:d67a7b66b989ad6b6d6b10d428dcc5e0bfc3e5f88906e67d490c4d3daac57047
2025-08-20T20:58:21.6668657Z #9 resolve docker.io/library/python:3.12-slim@sha256:d67a7b66b989ad6b6d6b10d428dcc5e0bfc3e5f88906e67d490c4d3daac57047 done
2025-08-20T20:58:21.6669627Z #9 sha256:d76206d463c08ba2a3f7bbab2de2a933ad73f33ab4ab813eafe50c9dff9edc12 251B / 251B 0.0s done
2025-08-20T20:58:21.7728151Z #9 sha256:5d587318e932a89b94608393c99dd30ee5092a6991c1656f717bd4f4e13d60df 1.29MB / 1.29MB 0.1s done
2025-08-20T20:58:21.7729410Z #9 sha256:e5c05dcf47fbdb2f18dc242ad1b7f48fbd3813c0027ffcfb8e81e4aa7e0965f4 6.29MB / 12.11MB 0.2s
2025-08-20T20:58:21.8786446Z #9 sha256:e5c05dcf47fbdb2f18dc242ad1b7f48fbd3813c0027ffcfb8e81e4aa7e0965f4 12.11MB / 12.11MB 0.3s done
2025-08-20T20:58:21.8788014Z #9 sha256:396b1da7636e2dcd10565cb4f2f952cbb4a8a38b58d3b86a2cacb172fb70117c 4.19MB / 29.77MB 0.2s
2025-08-20T20:58:22.0690404Z #9 sha256:396b1da7636e2dcd10565cb4f2f952cbb4a8a38b58d3b86a2cacb172fb70117c 29.77MB / 29.77MB 0.4s done
2025-08-20T20:58:22.2211563Z #9 extracting sha256:396b1da7636e2dcd10565cb4f2f952cbb4a8a38b58d3b86a2cacb172fb70117c
2025-08-20T20:58:22.7041678Z #9 extracting sha256:396b1da7636e2dcd10565cb4f2f952cbb4a8a38b58d3b86a2cacb172fb70117c 0.6s done
2025-08-20T20:58:22.7042491Z #9 DONE 1.1s
2025-08-20T20:58:22.9287129Z 
2025-08-20T20:58:22.9288228Z #9 [stage-1 1/6] FROM docker.io/library/python:3.12-slim@sha256:d67a7b66b989ad6b6d6b10d428dcc5e0bfc3e5f88906e67d490c4d3daac57047
2025-08-20T20:58:22.9290763Z #9 extracting sha256:5d587318e932a89b94608393c99dd30ee5092a6991c1656f717bd4f4e13d60df 0.1s done
2025-08-20T20:58:22.9291812Z #9 extracting sha256:e5c05dcf47fbdb2f18dc242ad1b7f48fbd3813c0027ffcfb8e81e4aa7e0965f4
2025-08-20T20:58:23.1245691Z #9 extracting sha256:e5c05dcf47fbdb2f18dc242ad1b7f48fbd3813c0027ffcfb8e81e4aa7e0965f4 0.3s done
2025-08-20T20:58:23.1246832Z #9 DONE 1.5s
2025-08-20T20:58:23.2258401Z 
2025-08-20T20:58:23.2260233Z #9 [stage-1 1/6] FROM docker.io/library/python:3.12-slim@sha256:d67a7b66b989ad6b6d6b10d428dcc5e0bfc3e5f88906e67d490c4d3daac57047
2025-08-20T20:58:23.2261574Z #9 extracting sha256:d76206d463c08ba2a3f7bbab2de2a933ad73f33ab4ab813eafe50c9dff9edc12 done
2025-08-20T20:58:23.2262295Z #9 DONE 1.5s
2025-08-20T20:58:23.2262467Z 
2025-08-20T20:58:23.2262612Z #10 [stage-1 2/6] WORKDIR /app
2025-08-20T20:58:23.2262973Z #10 DONE 0.1s
2025-08-20T20:58:23.2263152Z 
2025-08-20T20:58:23.2263431Z #11 [base  3/13] COPY services/api/requirements.txt ./requirements.txt
2025-08-20T20:58:23.2263995Z #11 DONE 0.0s
2025-08-20T20:58:23.2264174Z 
2025-08-20T20:58:23.2265699Z #12 [stage-1 3/6] RUN set -eux;     if [ -f /etc/apt/sources.list ]; then         sed -i 's|http://deb.debian.org|https://deb.debian.org|g' /etc/apt/sources.list;     fi;     apt-get update;     apt-get install -y --no-install-recommends tzdata postgresql-client curl;     rm -rf /var/lib/apt/lists/*
2025-08-20T20:58:23.3448568Z #12 0.051 + [ -f /etc/apt/sources.list ]
2025-08-20T20:58:23.3449814Z #12 0.051 + apt-get update
2025-08-20T20:58:23.3455564Z #12 0.128 Hit:1 http://deb.debian.org/debian trixie InRelease
2025-08-20T20:58:23.4475716Z #12 0.129 Get:2 http://deb.debian.org/debian trixie-updates InRelease [47.1 kB]
2025-08-20T20:58:23.4476611Z #12 0.134 Get:3 http://deb.debian.org/debian-security trixie-security InRelease [43.4 kB]
2025-08-20T20:58:23.4477800Z #12 0.151 Get:4 http://deb.debian.org/debian trixie/main amd64 Packages [9668 kB]
2025-08-20T20:58:23.4482494Z #12 0.231 Get:5 http://deb.debian.org/debian trixie-updates/main amd64 Packages [2432 B]
2025-08-20T20:58:23.5992134Z #12 0.232 Get:6 http://deb.debian.org/debian-security trixie-security/main amd64 Packages [20.5 kB]
2025-08-20T20:58:24.1022565Z #12 0.886 Fetched 9781 kB in 1s (12.1 MB/s)
2025-08-20T20:58:24.6355948Z #12 0.886 Reading package lists...
2025-08-20T20:58:24.7487061Z #12 1.430 + apt-get install -y --no-install-recommends tzdata postgresql-client curl
2025-08-20T20:58:25.3078362Z #12 1.440 Reading package lists...
2025-08-20T20:58:25.3079184Z #12 1.946 Building dependency tree...
2025-08-20T20:58:25.4411417Z #12 2.092 Reading state information...
2025-08-20T20:58:25.5530950Z #12 2.236 tzdata is already the newest version (2025b-4).
2025-08-20T20:58:25.5531668Z #12 2.236 The following additional packages will be installed:
2025-08-20T20:58:25.5532217Z #12 2.236   libbrotli1 libcom-err2 libcurl4t64 libgdbm-compat4t64 libgnutls30t64
2025-08-20T20:58:25.5532805Z #12 2.236   libgssapi-krb5-2 libidn2-0 libk5crypto3 libkeyutils1 libkrb5-3
2025-08-20T20:58:25.5533326Z #12 2.236   libkrb5support0 libldap2 libnghttp2-14 libnghttp3-9 libp11-kit0 libperl5.40
2025-08-20T20:58:25.5533929Z #12 2.237   libpq5 libpsl5t64 librtmp1 libsasl2-2 libsasl2-modules-db libssh2-1t64
2025-08-20T20:58:25.5534509Z #12 2.237   libtasn1-6 libunistring5 perl perl-modules-5.40 postgresql-client-17
2025-08-20T20:58:25.5534909Z #12 2.237   postgresql-client-common sensible-utils
2025-08-20T20:58:25.5535304Z #12 2.238 Suggested packages:
2025-08-20T20:58:25.5536009Z #12 2.238   gnutls-bin krb5-doc krb5-user perl-doc libterm-readline-gnu-perl
2025-08-20T20:58:25.5536574Z #12 2.238   | libterm-readline-perl-perl make libtap-harness-archive-perl postgresql-17
2025-08-20T20:58:25.5537231Z #12 2.238   postgresql-doc-17
2025-08-20T20:58:25.5537453Z #12 2.238 Recommended packages:
2025-08-20T20:58:25.5537911Z #12 2.238   bash-completion krb5-locales libldap-common publicsuffix libsasl2-modules
2025-08-20T20:58:25.6703960Z #12 2.420 The following NEW packages will be installed:
2025-08-20T20:58:25.6707335Z #12 2.421   curl libbrotli1 libcom-err2 libcurl4t64 libgdbm-compat4t64 libgnutls30t64
2025-08-20T20:58:25.6708159Z #12 2.421   libgssapi-krb5-2 libidn2-0 libk5crypto3 libkeyutils1 libkrb5-3
2025-08-20T20:58:25.6708950Z #12 2.421   libkrb5support0 libldap2 libnghttp2-14 libnghttp3-9 libp11-kit0 libperl5.40
2025-08-20T20:58:25.6709774Z #12 2.421   libpq5 libpsl5t64 librtmp1 libsasl2-2 libsasl2-modules-db libssh2-1t64
2025-08-20T20:58:25.6710503Z #12 2.421   libtasn1-6 libunistring5 perl perl-modules-5.40 postgresql-client
2025-08-20T20:58:25.6710960Z #12 2.422   postgresql-client-17 postgresql-client-common sensible-utils
2025-08-20T20:58:25.6711374Z #12 2.454 0 upgraded, 31 newly installed, 0 to remove and 0 not upgraded.
2025-08-20T20:58:25.6711711Z #12 2.454 Need to get 14.9 MB of archives.
2025-08-20T20:58:25.6712040Z #12 2.454 After this operation, 78.1 MB of additional disk space will be used.
2025-08-20T20:58:25.6712544Z #12 2.454 Get:1 http://deb.debian.org/debian trixie/main amd64 sensible-utils all 0.0.25 [25.0 kB]
2025-08-20T20:58:25.7833928Z #12 2.461 Get:2 http://deb.debian.org/debian trixie/main amd64 perl-modules-5.40 all 5.40.1-6 [3019 kB]
2025-08-20T20:58:25.7834912Z #12 2.493 Get:3 http://deb.debian.org/debian trixie/main amd64 libgdbm-compat4t64 amd64 1.24-2 [50.3 kB]
2025-08-20T20:58:25.7837153Z #12 2.494 Get:4 http://deb.debian.org/debian trixie/main amd64 libperl5.40 amd64 5.40.1-6 [4341 kB]
2025-08-20T20:58:25.7838654Z #12 2.509 Get:5 http://deb.debian.org/debian trixie/main amd64 perl amd64 5.40.1-6 [267 kB]
2025-08-20T20:58:25.7839683Z #12 2.510 Get:6 http://deb.debian.org/debian trixie/main amd64 libbrotli1 amd64 1.1.0-2+b7 [307 kB]
2025-08-20T20:58:25.7840597Z #12 2.511 Get:7 http://deb.debian.org/debian trixie/main amd64 libkrb5support0 amd64 1.21.3-5 [33.0 kB]
2025-08-20T20:58:25.7841399Z #12 2.512 Get:8 http://deb.debian.org/debian trixie/main amd64 libcom-err2 amd64 1.47.2-3+b3 [25.0 kB]
2025-08-20T20:58:25.7842180Z #12 2.512 Get:9 http://deb.debian.org/debian trixie/main amd64 libk5crypto3 amd64 1.21.3-5 [81.5 kB]
2025-08-20T20:58:25.7842969Z #12 2.513 Get:10 http://deb.debian.org/debian trixie/main amd64 libkeyutils1 amd64 1.6.3-6 [9456 B]
2025-08-20T20:58:25.7843724Z #12 2.513 Get:11 http://deb.debian.org/debian trixie/main amd64 libkrb5-3 amd64 1.21.3-5 [326 kB]
2025-08-20T20:58:25.7844499Z #12 2.514 Get:12 http://deb.debian.org/debian trixie/main amd64 libgssapi-krb5-2 amd64 1.21.3-5 [138 kB]
2025-08-20T20:58:25.7845293Z #12 2.515 Get:13 http://deb.debian.org/debian trixie/main amd64 libunistring5 amd64 1.3-2 [477 kB]
2025-08-20T20:58:25.7846040Z #12 2.517 Get:14 http://deb.debian.org/debian trixie/main amd64 libidn2-0 amd64 2.3.8-2 [109 kB]
2025-08-20T20:58:25.7847036Z #12 2.520 Get:15 http://deb.debian.org/debian trixie/main amd64 libsasl2-modules-db amd64 2.1.28+dfsg1-9 [19.8 kB]
2025-08-20T20:58:25.7847900Z #12 2.521 Get:16 http://deb.debian.org/debian trixie/main amd64 libsasl2-2 amd64 2.1.28+dfsg1-9 [57.5 kB]
2025-08-20T20:58:25.7848695Z #12 2.522 Get:17 http://deb.debian.org/debian trixie/main amd64 libldap2 amd64 2.6.10+dfsg-1 [194 kB]
2025-08-20T20:58:25.7849500Z #12 2.523 Get:18 http://deb.debian.org/debian trixie/main amd64 libnghttp2-14 amd64 1.64.0-1.1 [76.0 kB]
2025-08-20T20:58:25.7850299Z #12 2.523 Get:19 http://deb.debian.org/debian trixie/main amd64 libnghttp3-9 amd64 1.8.0-1 [67.7 kB]
2025-08-20T20:58:25.7851125Z #12 2.524 Get:20 http://deb.debian.org/debian trixie/main amd64 libpsl5t64 amd64 0.21.2-1.1+b1 [57.2 kB]
2025-08-20T20:58:25.7852290Z #12 2.525 Get:21 http://deb.debian.org/debian trixie/main amd64 libp11-kit0 amd64 0.25.5-3 [425 kB]
2025-08-20T20:58:25.7853125Z #12 2.528 Get:22 http://deb.debian.org/debian trixie/main amd64 libtasn1-6 amd64 4.20.0-2 [49.9 kB]
2025-08-20T20:58:25.7853960Z #12 2.528 Get:23 http://deb.debian.org/debian trixie/main amd64 libgnutls30t64 amd64 3.8.9-3 [1465 kB]
2025-08-20T20:58:25.7854879Z #12 2.534 Get:24 http://deb.debian.org/debian trixie/main amd64 librtmp1 amd64 2.4+20151223.gitfa8646d.1-2+b5 [58.8 kB]
2025-08-20T20:58:25.7856021Z #12 2.535 Get:25 http://deb.debian.org/debian trixie/main amd64 libssh2-1t64 amd64 1.11.1-1 [245 kB]
2025-08-20T20:58:25.7857018Z #12 2.536 Get:26 http://deb.debian.org/debian trixie/main amd64 libcurl4t64 amd64 8.14.1-2 [391 kB]
2025-08-20T20:58:25.7857805Z #12 2.537 Get:27 http://deb.debian.org/debian trixie/main amd64 curl amd64 8.14.1-2 [269 kB]
2025-08-20T20:58:25.7858576Z #12 2.538 Get:28 http://deb.debian.org/debian trixie/main amd64 libpq5 amd64 17.5-1 [226 kB]
2025-08-20T20:58:25.7859428Z #12 2.539 Get:29 http://deb.debian.org/debian trixie/main amd64 postgresql-client-common all 278 [47.1 kB]
2025-08-20T20:58:25.7860358Z #12 2.540 Get:30 http://deb.debian.org/debian trixie/main amd64 postgresql-client-17 amd64 17.5-1 [2025 kB]
2025-08-20T20:58:25.7861257Z #12 2.548 Get:31 http://deb.debian.org/debian trixie/main amd64 postgresql-client all 17+278 [14.0 kB]
2025-08-20T20:58:26.9039963Z #12 3.688 Fetched 14.9 MB in 0s (127 MB/s)
2025-08-20T20:58:27.0997305Z #12 3.702 Selecting previously unselected package sensible-utils.
2025-08-20T20:58:27.0997980Z #12 3.702 (Reading database ... 
2025-08-20T20:58:27.0998357Z (Reading database ... 5%
2025-08-20T20:58:27.0998685Z (Reading database ... 10%
2025-08-20T20:58:27.0999045Z (Reading database ... 15%
2025-08-20T20:58:27.0999357Z (Reading database ... 20%
2025-08-20T20:58:27.0999677Z (Reading database ... 25%
2025-08-20T20:58:27.1000006Z (Reading database ... 30%
2025-08-20T20:58:27.1000308Z (Reading database ... 35%
2025-08-20T20:58:27.1000671Z (Reading database ... 40%
2025-08-20T20:58:27.1000999Z (Reading database ... 45%
2025-08-20T20:58:27.1001305Z (Reading database ... 50%
2025-08-20T20:58:27.1001628Z (Reading database ... 55%
2025-08-20T20:58:27.1001951Z (Reading database ... 60%
2025-08-20T20:58:27.1002247Z (Reading database ... 65%
2025-08-20T20:58:27.1002582Z (Reading database ... 70%
2025-08-20T20:58:27.1002897Z (Reading database ... 75%
2025-08-20T20:58:27.1003204Z (Reading database ... 80%
2025-08-20T20:58:27.1003542Z (Reading database ... 85%
2025-08-20T20:58:27.1003874Z (Reading database ... 90%
2025-08-20T20:58:27.1004181Z (Reading database ... 95%
2025-08-20T20:58:27.1004517Z (Reading database ... 100%
2025-08-20T20:58:27.1004999Z (Reading database ... 5643 files and directories currently installed.)
2025-08-20T20:58:27.1005681Z #12 3.709 Preparing to unpack .../00-sensible-utils_0.0.25_all.deb ...
2025-08-20T20:58:27.1006243Z #12 3.710 Unpacking sensible-utils (0.0.25) ...
2025-08-20T20:58:27.1007060Z #12 3.730 Selecting previously unselected package perl-modules-5.40.
2025-08-20T20:58:27.1007753Z #12 3.732 Preparing to unpack .../01-perl-modules-5.40_5.40.1-6_all.deb ...
2025-08-20T20:58:27.1008340Z #12 3.733 Unpacking perl-modules-5.40 (5.40.1-6) ...
2025-08-20T20:58:27.2375980Z #12 4.017 Selecting previously unselected package libgdbm-compat4t64:amd64.
2025-08-20T20:58:27.2378008Z #12 4.019 Preparing to unpack .../02-libgdbm-compat4t64_1.24-2_amd64.deb ...
2025-08-20T20:58:27.2379868Z #12 4.022 Unpacking libgdbm-compat4t64:amd64 (1.24-2) ...
2025-08-20T20:58:27.3423130Z #12 4.040 Selecting previously unselected package libperl5.40:amd64.
2025-08-20T20:58:27.3423897Z #12 4.042 Preparing to unpack .../03-libperl5.40_5.40.1-6_amd64.deb ...
2025-08-20T20:58:27.3424511Z #12 4.043 Unpacking libperl5.40:amd64 (5.40.1-6) ...
2025-08-20T20:58:27.5559262Z #12 4.275 Selecting previously unselected package perl.
2025-08-20T20:58:27.5559961Z #12 4.277 Preparing to unpack .../04-perl_5.40.1-6_amd64.deb ...
2025-08-20T20:58:27.5560791Z #12 4.278 Unpacking perl (5.40.1-6) ...
2025-08-20T20:58:27.5561367Z #12 4.305 Selecting previously unselected package libbrotli1:amd64.
2025-08-20T20:58:27.5561963Z #12 4.307 Preparing to unpack .../05-libbrotli1_1.1.0-2+b7_amd64.deb ...
2025-08-20T20:58:27.5562343Z #12 4.308 Unpacking libbrotli1:amd64 (1.1.0-2+b7) ...
2025-08-20T20:58:27.5562719Z #12 4.340 Selecting previously unselected package libkrb5support0:amd64.
2025-08-20T20:58:27.6765479Z #12 4.342 Preparing to unpack .../06-libkrb5support0_1.21.3-5_amd64.deb ...
2025-08-20T20:58:27.6766561Z #12 4.343 Unpacking libkrb5support0:amd64 (1.21.3-5) ...
2025-08-20T20:58:27.6767420Z #12 4.361 Selecting previously unselected package libcom-err2:amd64.
2025-08-20T20:58:27.6768151Z #12 4.363 Preparing to unpack .../07-libcom-err2_1.47.2-3+b3_amd64.deb ...
2025-08-20T20:58:27.6768794Z #12 4.364 Unpacking libcom-err2:amd64 (1.47.2-3+b3) ...
2025-08-20T20:58:27.6769425Z #12 4.381 Selecting previously unselected package libk5crypto3:amd64.
2025-08-20T20:58:27.6770161Z #12 4.383 Preparing to unpack .../08-libk5crypto3_1.21.3-5_amd64.deb ...
2025-08-20T20:58:27.6770775Z #12 4.384 Unpacking libk5crypto3:amd64 (1.21.3-5) ...
2025-08-20T20:58:27.6771397Z #12 4.404 Selecting previously unselected package libkeyutils1:amd64.
2025-08-20T20:58:27.6772917Z #12 4.405 Preparing to unpack .../09-libkeyutils1_1.6.3-6_amd64.deb ...
2025-08-20T20:58:27.6773553Z #12 4.407 Unpacking libkeyutils1:amd64 (1.6.3-6) ...
2025-08-20T20:58:27.6774164Z #12 4.423 Selecting previously unselected package libkrb5-3:amd64.
2025-08-20T20:58:27.6774857Z #12 4.425 Preparing to unpack .../10-libkrb5-3_1.21.3-5_amd64.deb ...
2025-08-20T20:58:27.6775448Z #12 4.426 Unpacking libkrb5-3:amd64 (1.21.3-5) ...
2025-08-20T20:58:27.6776086Z #12 4.460 Selecting previously unselected package libgssapi-krb5-2:amd64.
2025-08-20T20:58:27.7902965Z #12 4.462 Preparing to unpack .../11-libgssapi-krb5-2_1.21.3-5_amd64.deb ...
2025-08-20T20:58:27.7907262Z #12 4.463 Unpacking libgssapi-krb5-2:amd64 (1.21.3-5) ...
2025-08-20T20:58:27.7908383Z #12 4.485 Selecting previously unselected package libunistring5:amd64.
2025-08-20T20:58:27.7909143Z #12 4.486 Preparing to unpack .../12-libunistring5_1.3-2_amd64.deb ...
2025-08-20T20:58:27.7909751Z #12 4.487 Unpacking libunistring5:amd64 (1.3-2) ...
2025-08-20T20:58:27.7910368Z #12 4.532 Selecting previously unselected package libidn2-0:amd64.
2025-08-20T20:58:27.7911051Z #12 4.534 Preparing to unpack .../13-libidn2-0_2.3.8-2_amd64.deb ...
2025-08-20T20:58:27.7911645Z #12 4.536 Unpacking libidn2-0:amd64 (2.3.8-2) ...
2025-08-20T20:58:27.7912310Z #12 4.557 Selecting previously unselected package libsasl2-modules-db:amd64.
2025-08-20T20:58:27.7913134Z #12 4.558 Preparing to unpack .../14-libsasl2-modules-db_2.1.28+dfsg1-9_amd64.deb ...
2025-08-20T20:58:27.7913897Z #12 4.559 Unpacking libsasl2-modules-db:amd64 (2.1.28+dfsg1-9) ...
2025-08-20T20:58:27.7914586Z #12 4.574 Selecting previously unselected package libsasl2-2:amd64.
2025-08-20T20:58:27.8940939Z #12 4.576 Preparing to unpack .../15-libsasl2-2_2.1.28+dfsg1-9_amd64.deb ...
2025-08-20T20:58:27.8941969Z #12 4.577 Unpacking libsasl2-2:amd64 (2.1.28+dfsg1-9) ...
2025-08-20T20:58:27.8942964Z #12 4.595 Selecting previously unselected package libldap2:amd64.
2025-08-20T20:58:27.8943652Z #12 4.596 Preparing to unpack .../16-libldap2_2.6.10+dfsg-1_amd64.deb ...
2025-08-20T20:58:27.8944252Z #12 4.597 Unpacking libldap2:amd64 (2.6.10+dfsg-1) ...
2025-08-20T20:58:27.8944888Z #12 4.621 Selecting previously unselected package libnghttp2-14:amd64.
2025-08-20T20:58:27.8945592Z #12 4.622 Preparing to unpack .../17-libnghttp2-14_1.64.0-1.1_amd64.deb ...
2025-08-20T20:58:27.8946225Z #12 4.623 Unpacking libnghttp2-14:amd64 (1.64.0-1.1) ...
2025-08-20T20:58:27.8946974Z #12 4.642 Selecting previously unselected package libnghttp3-9:amd64.
2025-08-20T20:58:27.8947406Z #12 4.644 Preparing to unpack .../18-libnghttp3-9_1.8.0-1_amd64.deb ...
2025-08-20T20:58:27.8947843Z #12 4.645 Unpacking libnghttp3-9:amd64 (1.8.0-1) ...
2025-08-20T20:58:27.8948413Z #12 4.664 Selecting previously unselected package libpsl5t64:amd64.
2025-08-20T20:58:27.8948941Z #12 4.665 Preparing to unpack .../19-libpsl5t64_0.21.2-1.1+b1_amd64.deb ...
2025-08-20T20:58:27.8949289Z #12 4.666 Unpacking libpsl5t64:amd64 (0.21.2-1.1+b1) ...
2025-08-20T20:58:27.9974520Z #12 4.684 Selecting previously unselected package libp11-kit0:amd64.
2025-08-20T20:58:27.9976915Z #12 4.686 Preparing to unpack .../20-libp11-kit0_0.25.5-3_amd64.deb ...
2025-08-20T20:58:27.9979146Z #12 4.687 Unpacking libp11-kit0:amd64 (0.25.5-3) ...
2025-08-20T20:58:27.9980094Z #12 4.717 Selecting previously unselected package libtasn1-6:amd64.
2025-08-20T20:58:27.9980620Z #12 4.719 Preparing to unpack .../21-libtasn1-6_4.20.0-2_amd64.deb ...
2025-08-20T20:58:27.9981125Z #12 4.720 Unpacking libtasn1-6:amd64 (4.20.0-2) ...
2025-08-20T20:58:27.9981468Z #12 4.737 Selecting previously unselected package libgnutls30t64:amd64.
2025-08-20T20:58:27.9982080Z #12 4.738 Preparing to unpack .../22-libgnutls30t64_3.8.9-3_amd64.deb ...
2025-08-20T20:58:27.9982642Z #12 4.739 Unpacking libgnutls30t64:amd64 (3.8.9-3) ...
2025-08-20T20:58:28.1208154Z #12 4.795 Selecting previously unselected package librtmp1:amd64.
2025-08-20T20:58:28.1209675Z #12 4.796 Preparing to unpack .../23-librtmp1_2.4+20151223.gitfa8646d.1-2+b5_amd64.deb ...
2025-08-20T20:58:28.1210440Z #12 4.797 Unpacking librtmp1:amd64 (2.4+20151223.gitfa8646d.1-2+b5) ...
2025-08-20T20:58:28.1211132Z #12 4.815 Selecting previously unselected package libssh2-1t64:amd64.
2025-08-20T20:58:28.1211843Z #12 4.816 Preparing to unpack .../24-libssh2-1t64_1.11.1-1_amd64.deb ...
2025-08-20T20:58:28.1212470Z #12 4.817 Unpacking libssh2-1t64:amd64 (1.11.1-1) ...
2025-08-20T20:58:28.1213043Z #12 4.843 Selecting previously unselected package libcurl4t64:amd64.
2025-08-20T20:58:28.1213594Z #12 4.844 Preparing to unpack .../25-libcurl4t64_8.14.1-2_amd64.deb ...
2025-08-20T20:58:28.1213950Z #12 4.845 Unpacking libcurl4t64:amd64 (8.14.1-2) ...
2025-08-20T20:58:28.1214337Z #12 4.875 Selecting previously unselected package curl.
2025-08-20T20:58:28.1214675Z #12 4.876 Preparing to unpack .../26-curl_8.14.1-2_amd64.deb ...
2025-08-20T20:58:28.1214970Z #12 4.877 Unpacking curl (8.14.1-2) ...
2025-08-20T20:58:28.1215362Z #12 4.905 Selecting previously unselected package libpq5:amd64.
2025-08-20T20:58:28.3019713Z #12 4.907 Preparing to unpack .../27-libpq5_17.5-1_amd64.deb ...
2025-08-20T20:58:28.3020316Z #12 4.908 Unpacking libpq5:amd64 (17.5-1) ...
2025-08-20T20:58:28.3020942Z #12 4.935 Selecting previously unselected package postgresql-client-common.
2025-08-20T20:58:28.3022709Z #12 4.937 Preparing to unpack .../28-postgresql-client-common_278_all.deb ...
2025-08-20T20:58:28.3023726Z #12 4.943 Unpacking postgresql-client-common (278) ...
2025-08-20T20:58:28.3024227Z #12 4.964 Selecting previously unselected package postgresql-client-17.
2025-08-20T20:58:28.3024682Z #12 4.966 Preparing to unpack .../29-postgresql-client-17_17.5-1_amd64.deb ...
2025-08-20T20:58:28.3025175Z #12 4.967 Unpacking postgresql-client-17 (17.5-1) ...
2025-08-20T20:58:28.3025558Z #12 5.086 Selecting previously unselected package postgresql-client.
2025-08-20T20:58:28.4020504Z #12 5.088 Preparing to unpack .../30-postgresql-client_17+278_all.deb ...
2025-08-20T20:58:28.4021837Z #12 5.089 Unpacking postgresql-client (17+278) ...
2025-08-20T20:58:28.4022682Z #12 5.109 Setting up libkeyutils1:amd64 (1.6.3-6) ...
2025-08-20T20:58:28.4025064Z #12 5.112 Setting up libgdbm-compat4t64:amd64 (1.24-2) ...
2025-08-20T20:58:28.4025566Z #12 5.114 Setting up libbrotli1:amd64 (1.1.0-2+b7) ...
2025-08-20T20:58:28.4025990Z #12 5.117 Setting up libnghttp2-14:amd64 (1.64.0-1.1) ...
2025-08-20T20:58:28.4026407Z #12 5.119 Setting up libcom-err2:amd64 (1.47.2-3+b3) ...
2025-08-20T20:58:28.4027007Z #12 5.121 Setting up libkrb5support0:amd64 (1.21.3-5) ...
2025-08-20T20:58:28.4027369Z #12 5.124 Setting up libsasl2-modules-db:amd64 (2.1.28+dfsg1-9) ...
2025-08-20T20:58:28.4027697Z #12 5.126 Setting up libp11-kit0:amd64 (0.25.5-3) ...
2025-08-20T20:58:28.4028236Z #12 5.129 Setting up libunistring5:amd64 (1.3-2) ...
2025-08-20T20:58:28.4028541Z #12 5.132 Setting up libk5crypto3:amd64 (1.21.3-5) ...
2025-08-20T20:58:28.4028847Z #12 5.134 Setting up libsasl2-2:amd64 (2.1.28+dfsg1-9) ...
2025-08-20T20:58:28.4029143Z #12 5.136 Setting up libnghttp3-9:amd64 (1.8.0-1) ...
2025-08-20T20:58:28.4029436Z #12 5.139 Setting up perl-modules-5.40 (5.40.1-6) ...
2025-08-20T20:58:28.4029875Z #12 5.141 Setting up sensible-utils (0.0.25) ...
2025-08-20T20:58:28.4030292Z #12 5.144 Setting up libtasn1-6:amd64 (4.20.0-2) ...
2025-08-20T20:58:28.4030780Z #12 5.146 Setting up libkrb5-3:amd64 (1.21.3-5) ...
2025-08-20T20:58:28.4031061Z #12 5.149 Setting up libssh2-1t64:amd64 (1.11.1-1) ...
2025-08-20T20:58:28.4031473Z #12 5.152 Setting up libldap2:amd64 (2.6.10+dfsg-1) ...
2025-08-20T20:58:28.4031929Z #12 5.155 Setting up libidn2-0:amd64 (2.3.8-2) ...
2025-08-20T20:58:28.4032315Z #12 5.157 Setting up libperl5.40:amd64 (5.40.1-6) ...
2025-08-20T20:58:28.4032577Z #12 5.160 Setting up perl (5.40.1-6) ...
2025-08-20T20:58:28.4032979Z #12 5.166 Setting up libgssapi-krb5-2:amd64 (1.21.3-5) ...
2025-08-20T20:58:28.4033298Z #12 5.169 Setting up libgnutls30t64:amd64 (3.8.9-3) ...
2025-08-20T20:58:28.4033708Z #12 5.172 Setting up postgresql-client-common (278) ...
2025-08-20T20:58:28.4034020Z #12 5.179 Setting up libpsl5t64:amd64 (0.21.2-1.1+b1) ...
2025-08-20T20:58:28.4034299Z #12 5.182 Setting up libpq5:amd64 (17.5-1) ...
2025-08-20T20:58:28.4034711Z #12 5.184 Setting up librtmp1:amd64 (2.4+20151223.gitfa8646d.1-2+b5) ...
2025-08-20T20:58:28.4035088Z #12 5.186 Setting up libcurl4t64:amd64 (8.14.1-2) ...
2025-08-20T20:58:28.5554145Z #12 5.189 Setting up postgresql-client-17 (17.5-1) ...
2025-08-20T20:58:28.7768706Z #12 5.561 update-alternatives: using /usr/share/postgresql/17/man/man1/psql.1.gz to provide /usr/share/man/man1/psql.1.gz (psql.1.gz) in auto mode
2025-08-20T20:58:28.9211714Z #12 5.600 Setting up curl (8.14.1-2) ...
2025-08-20T20:58:28.9212493Z #12 5.603 Setting up postgresql-client (17+278) ...
2025-08-20T20:58:28.9212922Z #12 5.606 Processing triggers for libc-bin (2.41-12) ...
2025-08-20T20:58:28.9215941Z #12 5.634 + rm -rf /var/lib/apt/lists/auxfiles /var/lib/apt/lists/deb.debian.org_debian-security_dists_trixie-security_InRelease /var/lib/apt/lists/deb.debian.org_debian-security_dists_trixie-security_main_binary-amd64_Packages.lz4 /var/lib/apt/lists/deb.debian.org_debian_dists_trixie-updates_InRelease /var/lib/apt/lists/deb.debian.org_debian_dists_trixie-updates_main_binary-amd64_Packages.lz4 /var/lib/apt/lists/deb.debian.org_debian_dists_trixie_InRelease /var/lib/apt/lists/deb.debian.org_debian_dists_trixie_main_binary-amd64_Packages.lz4 /var/lib/apt/lists/lock /var/lib/apt/lists/partial
2025-08-20T20:58:28.9218258Z #12 DONE 5.7s
2025-08-20T20:58:28.9218369Z 
2025-08-20T20:58:28.9218521Z #13 [base  4/13] RUN pip install --no-cache-dir -r requirements.txt
2025-08-20T20:58:28.9218927Z #13 1.457 Collecting uvicorn==0.29.0 (from -r requirements.txt (line 1))
2025-08-20T20:58:28.9219355Z #13 1.503   Downloading uvicorn-0.29.0-py3-none-any.whl.metadata (6.3 kB)
2025-08-20T20:58:28.9219822Z #13 1.522 Collecting pydantic-settings==2.2.1 (from -r requirements.txt (line 2))
2025-08-20T20:58:28.9220293Z #13 1.531   Downloading pydantic_settings-2.2.1-py3-none-any.whl.metadata (3.1 kB)
2025-08-20T20:58:28.9220733Z #13 1.574 Collecting fastapi==0.111.0 (from -r requirements.txt (line 3))
2025-08-20T20:58:28.9221133Z #13 1.582   Downloading fastapi-0.111.0-py3-none-any.whl.metadata (25 kB)
2025-08-20T20:58:28.9221549Z #13 1.818 Collecting sqlalchemy==2.0.29 (from -r requirements.txt (line 4))
2025-08-20T20:58:28.9222115Z #13 1.826   Downloading SQLAlchemy-2.0.29-cp312-cp312-manylinux_2_17_x86_64.manylinux2014_x86_64.whl.metadata (9.6 kB)
2025-08-20T20:58:28.9222647Z #13 1.855 Collecting alembic==1.13.1 (from -r requirements.txt (line 5))
2025-08-20T20:58:28.9223057Z #13 1.862   Downloading alembic-1.13.1-py3-none-any.whl.metadata (7.4 kB)
2025-08-20T20:58:28.9223788Z #13 1.879 Collecting psycopg==3.2.9 (from psycopg[binary]==3.2.9->-r requirements.txt (line 6))
2025-08-20T20:58:28.9224263Z #13 1.886   Downloading psycopg-3.2.9-py3-none-any.whl.metadata (4.5 kB)
2025-08-20T20:58:28.9224663Z #13 1.910 Collecting httpx==0.27.2 (from -r requirements.txt (line 7))
2025-08-20T20:58:28.9225056Z #13 1.919   Downloading httpx-0.27.2-py3-none-any.whl.metadata (7.1 kB)
2025-08-20T20:58:28.9225448Z #13 1.956 Collecting asyncpg==0.29.0 (from -r requirements.txt (line 8))
2025-08-20T20:58:28.9225953Z #13 1.966   Downloading asyncpg-0.29.0-cp312-cp312-manylinux_2_17_x86_64.manylinux2014_x86_64.whl.metadata (4.4 kB)
2025-08-20T20:58:28.9226638Z #13 2.214 Collecting boto3==1.34.162 (from -r requirements.txt (line 9))
2025-08-20T20:58:28.9227399Z #13 2.222   Downloading boto3-1.34.162-py3-none-any.whl.metadata (6.6 kB)
2025-08-20T20:58:28.9227827Z #13 2.239 Collecting Jinja2==3.1.5 (from -r requirements.txt (line 10))
2025-08-20T20:58:28.9228341Z #13 2.246   Downloading jinja2-3.1.5-py3-none-any.whl.metadata (2.6 kB)
2025-08-20T20:58:28.9228812Z #13 2.283 Collecting celery==5.3.* (from -r requirements.txt (line 11))
2025-08-20T20:58:28.9229279Z #13 2.291   Downloading celery-5.3.6-py3-none-any.whl.metadata (21 kB)
2025-08-20T20:58:28.9229803Z #13 2.326 Collecting structlog==24.1.0 (from -r requirements.txt (line 12))
2025-08-20T20:58:28.9230222Z #13 2.333   Downloading structlog-24.1.0-py3-none-any.whl.metadata (6.9 kB)
2025-08-20T20:58:28.9230799Z #13 2.351 Collecting asgi-correlation-id==4.3.1 (from -r requirements.txt (line 13))
2025-08-20T20:58:28.9231400Z #13 2.360   Downloading asgi_correlation_id-4.3.1-py3-none-any.whl.metadata (28 kB)
2025-08-20T20:58:28.9231865Z #13 2.374 Collecting fastapi-limiter==0.1.6 (from -r requirements.txt (line 14))
2025-08-20T20:58:28.9232443Z #13 2.383   Downloading fastapi_limiter-0.1.6-py3-none-any.whl.metadata (5.3 kB)
2025-08-20T20:58:28.9232962Z #13 2.411 Collecting redis==5.0.8 (from -r requirements.txt (line 15))
2025-08-20T20:58:28.9233360Z #13 2.419   Downloading redis-5.0.8-py3-none-any.whl.metadata (9.2 kB)
2025-08-20T20:58:28.9234006Z #13 2.468 Collecting sentry-sdk==2.9.0 (from sentry-sdk[celery,fastapi,sqlalchemy]==2.9.0->-r requirements.txt (line 16))
2025-08-20T20:58:28.9234676Z #13 2.475   Downloading sentry_sdk-2.9.0-py2.py3-none-any.whl.metadata (14 kB)
2025-08-20T20:58:28.9235114Z #13 2.557 Collecting click>=7.0 (from uvicorn==0.29.0->-r requirements.txt (line 1))
2025-08-20T20:58:28.9235657Z #13 2.564   Downloading click-8.2.1-py3-none-any.whl.metadata (2.5 kB)
2025-08-20T20:58:28.9236149Z #13 2.576 Collecting h11>=0.8 (from uvicorn==0.29.0->-r requirements.txt (line 1))
2025-08-20T20:58:28.9236567Z #13 2.584   Downloading h11-0.16.0-py3-none-any.whl.metadata (8.3 kB)
2025-08-20T20:58:28.9237468Z #13 2.684 Collecting pydantic>=2.3.0 (from pydantic-settings==2.2.1->-r requirements.txt (line 2))
2025-08-20T20:58:28.9238382Z #13 2.694   Downloading pydantic-2.11.7-py3-none-any.whl.metadata (67 kB)
2025-08-20T20:58:28.9238922Z #13 2.719 Collecting python-dotenv>=0.21.0 (from pydantic-settings==2.2.1->-r requirements.txt (line 2))
2025-08-20T20:58:28.9239458Z #13 2.727   Downloading python_dotenv-1.1.1-py3-none-any.whl.metadata (24 kB)
2025-08-20T20:58:28.9239926Z #13 2.757 Collecting starlette<0.38.0,>=0.37.2 (from fastapi==0.111.0->-r requirements.txt (line 3))
2025-08-20T20:58:28.9240400Z #13 2.764   Downloading starlette-0.37.2-py3-none-any.whl.metadata (5.9 kB)
2025-08-20T20:58:28.9240879Z #13 2.810 Collecting typing-extensions>=4.8.0 (from fastapi==0.111.0->-r requirements.txt (line 3))
2025-08-20T20:58:28.9241388Z #13 2.817   Downloading typing_extensions-4.14.1-py3-none-any.whl.metadata (3.0 kB)
2025-08-20T20:58:28.9261710Z #13 2.828 Collecting fastapi-cli>=0.0.2 (from fastapi==0.111.0->-r requirements.txt (line 3))
2025-08-20T20:58:28.9262277Z #13 2.836   Downloading fastapi_cli-0.0.8-py3-none-any.whl.metadata (6.3 kB)
2025-08-20T20:58:28.9263037Z #13 2.857 Collecting python-multipart>=0.0.7 (from fastapi==0.111.0->-r requirements.txt (line 3))
2025-08-20T20:58:28.9263842Z #13 2.865   Downloading python_multipart-0.0.20-py3-none-any.whl.metadata (1.8 kB)
2025-08-20T20:58:28.9264410Z #13 2.917 Collecting ujson!=4.0.2,!=4.1.0,!=4.2.0,!=4.3.0,!=5.0.0,!=5.1.0,>=4.0.1 (from fastapi==0.111.0->-r requirements.txt (line 3))
2025-08-20T20:58:28.9265024Z #13 2.925   Downloading ujson-5.11.0-cp312-cp312-manylinux_2_24_x86_64.manylinux_2_28_x86_64.whl.metadata (9.4 kB)
2025-08-20T20:58:28.9265564Z #13 3.113 Collecting orjson>=3.2.1 (from fastapi==0.111.0->-r requirements.txt (line 3))
2025-08-20T20:58:28.9266122Z #13 3.123   Downloading orjson-3.11.2-cp312-cp312-manylinux_2_17_x86_64.manylinux2014_x86_64.whl.metadata (1.2 kB)
2025-08-20T20:58:28.9267150Z #13 3.137 Collecting email_validator>=2.0.0 (from fastapi==0.111.0->-r requirements.txt (line 3))
2025-08-20T20:58:28.9267696Z #13 3.145   Downloading email_validator-2.2.0-py3-none-any.whl.metadata (25 kB)
2025-08-20T20:58:28.9268277Z #13 3.257 Collecting greenlet!=0.4.17 (from sqlalchemy==2.0.29->-r requirements.txt (line 4))
2025-08-20T20:58:28.9268958Z #13 3.271   Downloading greenlet-3.2.4-cp312-cp312-manylinux_2_24_x86_64.manylinux_2_28_x86_64.whl.metadata (4.1 kB)
2025-08-20T20:58:28.9269531Z #13 3.312 Collecting Mako (from alembic==1.13.1->-r requirements.txt (line 5))
2025-08-20T20:58:28.9269999Z #13 3.321   Downloading mako-1.3.10-py3-none-any.whl.metadata (2.9 kB)
2025-08-20T20:58:28.9270492Z #13 3.346 Collecting anyio (from httpx==0.27.2->-r requirements.txt (line 7))
2025-08-20T20:58:28.9270911Z #13 3.355   Downloading anyio-4.10.0-py3-none-any.whl.metadata (4.0 kB)
2025-08-20T20:58:28.9271422Z #13 3.380 Collecting certifi (from httpx==0.27.2->-r requirements.txt (line 7))
2025-08-20T20:58:28.9271858Z #13 3.387   Downloading certifi-2025.8.3-py3-none-any.whl.metadata (2.4 kB)
2025-08-20T20:58:28.9272393Z #13 3.407 Collecting httpcore==1.* (from httpx==0.27.2->-r requirements.txt (line 7))
2025-08-20T20:58:28.9272941Z #13 3.414   Downloading httpcore-1.0.9-py3-none-any.whl.metadata (21 kB)
2025-08-20T20:58:28.9273366Z #13 3.429 Collecting idna (from httpx==0.27.2->-r requirements.txt (line 7))
2025-08-20T20:58:28.9273862Z #13 3.437   Downloading idna-3.10-py3-none-any.whl.metadata (10 kB)
2025-08-20T20:58:28.9274265Z #13 3.448 Collecting sniffio (from httpx==0.27.2->-r requirements.txt (line 7))
2025-08-20T20:58:28.9274673Z #13 3.455   Downloading sniffio-1.3.1-py3-none-any.whl.metadata (3.9 kB)
2025-08-20T20:58:28.9275126Z #13 3.909 Collecting botocore<1.35.0,>=1.34.162 (from boto3==1.34.162->-r requirements.txt (line 9))
2025-08-20T20:58:28.9275592Z #13 3.917   Downloading botocore-1.34.162-py3-none-any.whl.metadata (5.7 kB)
2025-08-20T20:58:28.9276059Z #13 3.934 Collecting jmespath<2.0.0,>=0.7.1 (from boto3==1.34.162->-r requirements.txt (line 9))
2025-08-20T20:58:28.9276515Z #13 3.941   Downloading jmespath-1.0.1-py3-none-any.whl.metadata (7.6 kB)
2025-08-20T20:58:28.9277070Z #13 3.962 Collecting s3transfer<0.11.0,>=0.10.0 (from boto3==1.34.162->-r requirements.txt (line 9))
2025-08-20T20:58:28.9277555Z #13 3.970   Downloading s3transfer-0.10.4-py3-none-any.whl.metadata (1.7 kB)
2025-08-20T20:58:28.9277997Z #13 4.015 Collecting MarkupSafe>=2.0 (from Jinja2==3.1.5->-r requirements.txt (line 10))
2025-08-20T20:58:28.9278569Z #13 4.024   Downloading MarkupSafe-3.0.2-cp312-cp312-manylinux_2_17_x86_64.manylinux2014_x86_64.whl.metadata (4.0 kB)
2025-08-20T20:58:28.9279135Z #13 4.054 Collecting billiard<5.0,>=4.2.0 (from celery==5.3.*->-r requirements.txt (line 11))
2025-08-20T20:58:28.9279587Z #13 4.061   Downloading billiard-4.2.1-py3-none-any.whl.metadata (4.4 kB)
2025-08-20T20:58:28.9280058Z #13 4.073 Collecting click-didyoumean>=0.3.0 (from celery==5.3.*->-r requirements.txt (line 11))
2025-08-20T20:58:28.9280539Z #13 4.081   Downloading click_didyoumean-0.3.1-py3-none-any.whl.metadata (3.9 kB)
2025-08-20T20:58:28.9281022Z #13 4.094 Collecting click-plugins>=1.1.1 (from celery==5.3.*->-r requirements.txt (line 11))
2025-08-20T20:58:28.9281503Z #13 4.102   Downloading click_plugins-1.1.1.2-py2.py3-none-any.whl.metadata (6.5 kB)
2025-08-20T20:58:28.9282121Z #13 4.115 Collecting click-repl>=0.2.0 (from celery==5.3.*->-r requirements.txt (line 11))
2025-08-20T20:58:28.9282579Z #13 4.124   Downloading click_repl-0.3.0-py3-none-any.whl.metadata (3.6 kB)
2025-08-20T20:58:28.9283003Z #13 4.174 Collecting kombu<6.0,>=5.3.4 (from celery==5.3.*->-r requirements.txt (line 11))
2025-08-20T20:58:28.9283420Z #13 4.182   Downloading kombu-5.5.4-py3-none-any.whl.metadata (3.5 kB)
2025-08-20T20:58:28.9283863Z #13 4.205 Collecting python-dateutil>=2.8.2 (from celery==5.3.*->-r requirements.txt (line 11))
2025-08-20T20:58:28.9284488Z #13 4.212   Downloading python_dateutil-2.9.0.post0-py2.py3-none-any.whl.metadata (8.4 kB)
2025-08-20T20:58:28.9284966Z #13 4.227 Collecting tzdata>=2022.7 (from celery==5.3.*->-r requirements.txt (line 11))
2025-08-20T20:58:28.9285415Z #13 4.235   Downloading tzdata-2025.2-py2.py3-none-any.whl.metadata (1.4 kB)
2025-08-20T20:58:28.9285843Z #13 4.252 Collecting vine<6.0,>=5.1.0 (from celery==5.3.*->-r requirements.txt (line 11))
2025-08-20T20:58:28.9286259Z #13 4.259   Downloading vine-5.1.0-py3-none-any.whl.metadata (2.7 kB)
2025-08-20T20:58:28.9286925Z #13 4.325 Collecting urllib3>=1.26.11 (from sentry-sdk==2.9.0->sentry-sdk[celery,fastapi,sqlalchemy]==2.9.0->-r requirements.txt (line 16))
2025-08-20T20:58:28.9287499Z #13 4.333   Downloading urllib3-2.5.0-py3-none-any.whl.metadata (6.5 kB)
2025-08-20T20:58:28.9287976Z #13 4.473 Collecting psycopg-binary==3.2.9 (from psycopg[binary]==3.2.9->-r requirements.txt (line 6))
2025-08-20T20:58:28.9288590Z #13 4.482   Downloading psycopg_binary-3.2.9-cp312-cp312-manylinux_2_17_x86_64.manylinux2014_x86_64.whl.metadata (2.9 kB)
2025-08-20T20:58:28.9289225Z #13 4.608 Collecting prompt-toolkit>=3.0.36 (from click-repl>=0.2.0->celery==5.3.*->-r requirements.txt (line 11))
2025-08-20T20:58:28.9289918Z #13 4.616   Downloading prompt_toolkit-3.0.51-py3-none-any.whl.metadata (6.4 kB)
2025-08-20T20:58:28.9290800Z #13 4.633 Collecting dnspython>=2.0.0 (from email_validator>=2.0.0->fastapi==0.111.0->-r requirements.txt (line 3))
2025-08-20T20:58:28.9291436Z #13 4.641   Downloading dnspython-2.7.0-py3-none-any.whl.metadata (5.8 kB)
2025-08-20T20:58:28.9291938Z #13 4.667 Collecting typer>=0.15.1 (from fastapi-cli>=0.0.2->fastapi==0.111.0->-r requirements.txt (line 3))
2025-08-20T20:58:28.9292414Z #13 4.675   Downloading typer-0.16.1-py3-none-any.whl.metadata (15 kB)
2025-08-20T20:58:28.9292918Z #13 4.707 Collecting rich-toolkit>=0.14.8 (from fastapi-cli>=0.0.2->fastapi==0.111.0->-r requirements.txt (line 3))
2025-08-20T20:58:28.9293435Z #13 4.715   Downloading rich_toolkit-0.15.0-py3-none-any.whl.metadata (1.0 kB)
2025-08-20T20:58:28.9293907Z #13 4.742 Collecting amqp<6.0.0,>=5.1.1 (from kombu<6.0,>=5.3.4->celery==5.3.*->-r requirements.txt (line 11))
2025-08-20T20:58:28.9294360Z #13 4.749   Downloading amqp-5.3.1-py3-none-any.whl.metadata (8.9 kB)
2025-08-20T20:58:28.9294811Z #13 4.771 Collecting packaging (from kombu<6.0,>=5.3.4->celery==5.3.*->-r requirements.txt (line 11))
2025-08-20T20:58:28.9295299Z #13 4.779   Downloading packaging-25.0-py3-none-any.whl.metadata (3.3 kB)
2025-08-20T20:58:28.9295843Z #13 4.797 Collecting annotated-types>=0.6.0 (from pydantic>=2.3.0->pydantic-settings==2.2.1->-r requirements.txt (line 2))
2025-08-20T20:58:28.9296404Z #13 4.804   Downloading annotated_types-0.7.0-py3-none-any.whl.metadata (15 kB)
2025-08-20T20:58:28.9297205Z #13 5.443 Collecting pydantic-core==2.33.2 (from pydantic>=2.3.0->pydantic-settings==2.2.1->-r requirements.txt (line 2))
2025-08-20T20:58:28.9297856Z #13 5.450   Downloading pydantic_core-2.33.2-cp312-cp312-manylinux_2_17_x86_64.manylinux2014_x86_64.whl.metadata (6.8 kB)
2025-08-20T20:58:28.9298529Z #13 5.467 Collecting typing-inspection>=0.4.0 (from pydantic>=2.3.0->pydantic-settings==2.2.1->-r requirements.txt (line 2))
2025-08-20T20:58:28.9299099Z #13 5.475   Downloading typing_inspection-0.4.1-py3-none-any.whl.metadata (2.6 kB)
2025-08-20T20:58:28.9299622Z #13 5.501 Collecting six>=1.5 (from python-dateutil>=2.8.2->celery==5.3.*->-r requirements.txt (line 11))
2025-08-20T20:58:28.9300250Z #13 5.508   Downloading six-1.17.0-py2.py3-none-any.whl.metadata (1.7 kB)
2025-08-20T20:58:29.0273383Z #13 5.801 Collecting httptools>=0.5.0 (from uvicorn[standard]>=0.12.0->fastapi==0.111.0->-r requirements.txt (line 3))
2025-08-20T20:58:29.2319676Z #13 5.808   Downloading httptools-0.6.4-cp312-cp312-manylinux_2_5_x86_64.manylinux1_x86_64.manylinux_2_17_x86_64.manylinux2014_x86_64.whl.metadata (3.6 kB)
2025-08-20T20:58:29.2321318Z #13 5.841 Collecting pyyaml>=5.1 (from uvicorn[standard]>=0.12.0->fastapi==0.111.0->-r requirements.txt (line 3))
2025-08-20T20:58:29.2322948Z #13 5.849   Downloading PyYAML-6.0.2-cp312-cp312-manylinux_2_17_x86_64.manylinux2014_x86_64.whl.metadata (2.1 kB)
2025-08-20T20:58:29.2324272Z #13 5.882 Collecting uvloop!=0.15.0,!=0.15.1,>=0.14.0 (from uvicorn[standard]>=0.12.0->fastapi==0.111.0->-r requirements.txt (line 3))
2025-08-20T20:58:29.2325652Z #13 5.890   Downloading uvloop-0.21.0-cp312-cp312-manylinux_2_17_x86_64.manylinux2014_x86_64.whl.metadata (4.9 kB)
2025-08-20T20:58:29.2327068Z #13 6.005 Collecting watchfiles>=0.13 (from uvicorn[standard]>=0.12.0->fastapi==0.111.0->-r requirements.txt (line 3))
2025-08-20T20:58:29.3490470Z #13 6.013   Downloading watchfiles-1.1.0-cp312-cp312-manylinux_2_17_x86_64.manylinux2014_x86_64.whl.metadata (4.9 kB)
2025-08-20T20:58:29.3492163Z #13 6.086 Collecting websockets>=10.4 (from uvicorn[standard]>=0.12.0->fastapi==0.111.0->-r requirements.txt (line 3))
2025-08-20T20:58:29.3493676Z #13 6.094   Downloading websockets-15.0.1-cp312-cp312-manylinux_2_5_x86_64.manylinux1_x86_64.manylinux_2_17_x86_64.manylinux2014_x86_64.whl.metadata (6.8 kB)
2025-08-20T20:58:29.3494805Z #13 6.122 Collecting wcwidth (from prompt-toolkit>=3.0.36->click-repl>=0.2.0->celery==5.3.*->-r requirements.txt (line 11))
2025-08-20T20:58:29.4529177Z #13 6.129   Downloading wcwidth-0.2.13-py2.py3-none-any.whl.metadata (14 kB)
2025-08-20T20:58:29.4530873Z #13 6.176 Collecting rich>=13.7.1 (from rich-toolkit>=0.14.8->fastapi-cli>=0.0.2->fastapi==0.111.0->-r requirements.txt (line 3))
2025-08-20T20:58:29.4531973Z #13 6.184   Downloading rich-14.1.0-py3-none-any.whl.metadata (18 kB)
2025-08-20T20:58:29.4532862Z #13 6.218 Collecting shellingham>=1.3.0 (from typer>=0.15.1->fastapi-cli>=0.0.2->fastapi==0.111.0->-r requirements.txt (line 3))
2025-08-20T20:58:29.4533602Z #13 6.226   Downloading shellingham-1.5.4-py2.py3-none-any.whl.metadata (3.5 kB)
2025-08-20T20:58:29.5609969Z #13 6.278 Collecting markdown-it-py>=2.2.0 (from rich>=13.7.1->rich-toolkit>=0.14.8->fastapi-cli>=0.0.2->fastapi==0.111.0->-r requirements.txt (line 3))
2025-08-20T20:58:29.5611379Z #13 6.286   Downloading markdown_it_py-4.0.0-py3-none-any.whl.metadata (7.3 kB)
2025-08-20T20:58:29.5612660Z #13 6.310 Collecting pygments<3.0.0,>=2.13.0 (from rich>=13.7.1->rich-toolkit>=0.14.8->fastapi-cli>=0.0.2->fastapi==0.111.0->-r requirements.txt (line 3))
2025-08-20T20:58:29.5613877Z #13 6.318   Downloading pygments-2.19.2-py3-none-any.whl.metadata (2.5 kB)
2025-08-20T20:58:29.5614862Z #13 6.334 Collecting mdurl~=0.1 (from markdown-it-py>=2.2.0->rich>=13.7.1->rich-toolkit>=0.14.8->fastapi-cli>=0.0.2->fastapi==0.111.0->-r requirements.txt (line 3))
2025-08-20T20:58:29.6645360Z #13 6.342   Downloading mdurl-0.1.2-py3-none-any.whl.metadata (1.6 kB)
2025-08-20T20:58:29.6646144Z #13 6.361 Downloading uvicorn-0.29.0-py3-none-any.whl (60 kB)
2025-08-20T20:58:29.6647042Z #13 6.369 Downloading pydantic_settings-2.2.1-py3-none-any.whl (13 kB)
2025-08-20T20:58:29.6647784Z #13 6.377 Downloading fastapi-0.111.0-py3-none-any.whl (91 kB)
2025-08-20T20:58:29.6648649Z #13 6.388 Downloading SQLAlchemy-2.0.29-cp312-cp312-manylinux_2_17_x86_64.manylinux2014_x86_64.whl (3.2 MB)
2025-08-20T20:58:29.6649894Z #13 6.414    ━━━━━━━━━━━━━━━━━━━━━━━━━━━━━━━━━━━━━━━━ 3.2/3.2 MB 166.1 MB/s eta 0:00:00
2025-08-20T20:58:29.6650437Z #13 6.422 Downloading alembic-1.13.1-py3-none-any.whl (233 kB)
2025-08-20T20:58:29.6651038Z #13 6.430 Downloading psycopg-3.2.9-py3-none-any.whl (202 kB)
2025-08-20T20:58:29.6651896Z #13 6.438 Downloading httpx-0.27.2-py3-none-any.whl (76 kB)
2025-08-20T20:58:29.7688581Z #13 6.446 Downloading asyncpg-0.29.0-cp312-cp312-manylinux_2_17_x86_64.manylinux2014_x86_64.whl (3.3 MB)
2025-08-20T20:58:29.7692436Z #13 6.456    ━━━━━━━━━━━━━━━━━━━━━━━━━━━━━━━━━━━━━━━━ 3.3/3.3 MB 376.2 MB/s eta 0:00:00
2025-08-20T20:58:29.7693080Z #13 6.464 Downloading boto3-1.34.162-py3-none-any.whl (139 kB)
2025-08-20T20:58:29.7693682Z #13 6.472 Downloading jinja2-3.1.5-py3-none-any.whl (134 kB)
2025-08-20T20:58:29.7694178Z #13 6.480 Downloading celery-5.3.6-py3-none-any.whl (422 kB)
2025-08-20T20:58:29.7694858Z #13 6.489 Downloading structlog-24.1.0-py3-none-any.whl (65 kB)
2025-08-20T20:58:29.7695402Z #13 6.499 Downloading asgi_correlation_id-4.3.1-py3-none-any.whl (15 kB)
2025-08-20T20:58:29.7695820Z #13 6.508 Downloading fastapi_limiter-0.1.6-py3-none-any.whl (15 kB)
2025-08-20T20:58:29.7696182Z #13 6.515 Downloading redis-5.0.8-py3-none-any.whl (255 kB)
2025-08-20T20:58:29.7696812Z #13 6.525 Downloading sentry_sdk-2.9.0-py2.py3-none-any.whl (301 kB)
2025-08-20T20:58:29.7697261Z #13 6.534 Downloading httpcore-1.0.9-py3-none-any.whl (78 kB)
2025-08-20T20:58:29.7697751Z #13 6.542 Downloading psycopg_binary-3.2.9-cp312-cp312-manylinux_2_17_x86_64.manylinux2014_x86_64.whl (4.4 MB)
2025-08-20T20:58:29.8753908Z #13 6.573    ━━━━━━━━━━━━━━━━━━━━━━━━━━━━━━━━━━━━━━━━ 4.4/4.4 MB 151.5 MB/s eta 0:00:00
2025-08-20T20:58:29.8755037Z #13 6.581 Downloading billiard-4.2.1-py3-none-any.whl (86 kB)
2025-08-20T20:58:29.8755926Z #13 6.588 Downloading botocore-1.34.162-py3-none-any.whl (12.5 MB)
2025-08-20T20:58:29.8756586Z #13 6.625    ━━━━━━━━━━━━━━━━━━━━━━━━━━━━━━━━━━━━━━━━ 12.5/12.5 MB 365.8 MB/s eta 0:00:00
2025-08-20T20:58:29.8757339Z #13 6.633 Downloading click-8.2.1-py3-none-any.whl (102 kB)
2025-08-20T20:58:29.8757790Z #13 6.640 Downloading click_didyoumean-0.3.1-py3-none-any.whl (3.6 kB)
2025-08-20T20:58:29.8758277Z #13 6.649 Downloading click_plugins-1.1.1.2-py2.py3-none-any.whl (11 kB)
2025-08-20T20:58:29.9773066Z #13 6.656 Downloading click_repl-0.3.0-py3-none-any.whl (10 kB)
2025-08-20T20:58:29.9775868Z #13 6.663 Downloading email_validator-2.2.0-py3-none-any.whl (33 kB)
2025-08-20T20:58:29.9776405Z #13 6.670 Downloading fastapi_cli-0.0.8-py3-none-any.whl (10 kB)
2025-08-20T20:58:29.9777364Z #13 6.678 Downloading greenlet-3.2.4-cp312-cp312-manylinux_2_24_x86_64.manylinux_2_28_x86_64.whl (607 kB)
2025-08-20T20:58:29.9778393Z #13 6.681    ━━━━━━━━━━━━━━━━━━━━━━━━━━━━━━━━━━━━━━━ 607.6/607.6 kB 590.4 MB/s eta 0:00:00
2025-08-20T20:58:29.9778767Z #13 6.688 Downloading h11-0.16.0-py3-none-any.whl (37 kB)
2025-08-20T20:58:29.9780902Z #13 6.696 Downloading idna-3.10-py3-none-any.whl (70 kB)
2025-08-20T20:58:29.9781249Z #13 6.705 Downloading jmespath-1.0.1-py3-none-any.whl (20 kB)
2025-08-20T20:58:29.9781705Z #13 6.712 Downloading kombu-5.5.4-py3-none-any.whl (210 kB)
2025-08-20T20:58:29.9782036Z #13 6.720 Downloading vine-5.1.0-py3-none-any.whl (9.6 kB)
2025-08-20T20:58:29.9782627Z #13 6.727 Downloading MarkupSafe-3.0.2-cp312-cp312-manylinux_2_17_x86_64.manylinux2014_x86_64.whl (23 kB)
2025-08-20T20:58:29.9783328Z #13 6.735 Downloading orjson-3.11.2-cp312-cp312-manylinux_2_17_x86_64.manylinux2014_x86_64.whl (121 kB)
2025-08-20T20:58:29.9783807Z #13 6.742 Downloading pydantic-2.11.7-py3-none-any.whl (444 kB)
2025-08-20T20:58:29.9786155Z #13 6.751 Downloading pydantic_core-2.33.2-cp312-cp312-manylinux_2_17_x86_64.manylinux2014_x86_64.whl (2.0 MB)
2025-08-20T20:58:30.0805995Z #13 6.758    ━━━━━━━━━━━━━━━━━━━━━━━━━━━━━━━━━━━━━━━━ 2.0/2.0 MB 375.7 MB/s eta 0:00:00
2025-08-20T20:58:30.0807080Z #13 6.765 Downloading python_dateutil-2.9.0.post0-py2.py3-none-any.whl (229 kB)
2025-08-20T20:58:30.0807720Z #13 6.772 Downloading python_dotenv-1.1.1-py3-none-any.whl (20 kB)
2025-08-20T20:58:30.0808430Z #13 6.779 Downloading python_multipart-0.0.20-py3-none-any.whl (24 kB)
2025-08-20T20:58:30.0809002Z #13 6.788 Downloading s3transfer-0.10.4-py3-none-any.whl (83 kB)
2025-08-20T20:58:30.0809521Z #13 6.795 Downloading starlette-0.37.2-py3-none-any.whl (71 kB)
2025-08-20T20:58:30.0810238Z #13 6.803 Downloading anyio-4.10.0-py3-none-any.whl (107 kB)
2025-08-20T20:58:30.0810673Z #13 6.810 Downloading sniffio-1.3.1-py3-none-any.whl (10 kB)
2025-08-20T20:58:30.0811155Z #13 6.817 Downloading typing_extensions-4.14.1-py3-none-any.whl (43 kB)
2025-08-20T20:58:30.0811665Z #13 6.824 Downloading tzdata-2025.2-py2.py3-none-any.whl (347 kB)
2025-08-20T20:58:30.0812285Z #13 6.832 Downloading ujson-5.11.0-cp312-cp312-manylinux_2_24_x86_64.manylinux_2_28_x86_64.whl (57 kB)
2025-08-20T20:58:30.0812888Z #13 6.840 Downloading urllib3-2.5.0-py3-none-any.whl (129 kB)
2025-08-20T20:58:30.0813500Z #13 6.847 Downloading certifi-2025.8.3-py3-none-any.whl (161 kB)
2025-08-20T20:58:30.0813945Z #13 6.854 Downloading mako-1.3.10-py3-none-any.whl (78 kB)
2025-08-20T20:58:30.1830163Z #13 6.863 Downloading amqp-5.3.1-py3-none-any.whl (50 kB)
2025-08-20T20:58:30.1831687Z #13 6.870 Downloading annotated_types-0.7.0-py3-none-any.whl (13 kB)
2025-08-20T20:58:30.1833228Z #13 6.878 Downloading dnspython-2.7.0-py3-none-any.whl (313 kB)
2025-08-20T20:58:30.1834330Z #13 6.886 Downloading httptools-0.6.4-cp312-cp312-manylinux_2_5_x86_64.manylinux1_x86_64.manylinux_2_17_x86_64.manylinux2014_x86_64.whl (510 kB)
2025-08-20T20:58:30.1835056Z #13 6.894 Downloading prompt_toolkit-3.0.51-py3-none-any.whl (387 kB)
2025-08-20T20:58:30.1835619Z #13 6.902 Downloading PyYAML-6.0.2-cp312-cp312-manylinux_2_17_x86_64.manylinux2014_x86_64.whl (767 kB)
2025-08-20T20:58:30.1836443Z #13 6.906    ━━━━━━━━━━━━━━━━━━━━━━━━━━━━━━━━━━━━━━━ 767.5/767.5 kB 575.3 MB/s eta 0:00:00
2025-08-20T20:58:30.1837167Z #13 6.913 Downloading rich_toolkit-0.15.0-py3-none-any.whl (29 kB)
2025-08-20T20:58:30.1837567Z #13 6.920 Downloading six-1.17.0-py2.py3-none-any.whl (11 kB)
2025-08-20T20:58:30.1837953Z #13 6.927 Downloading typer-0.16.1-py3-none-any.whl (46 kB)
2025-08-20T20:58:30.1838360Z #13 6.934 Downloading typing_inspection-0.4.1-py3-none-any.whl (14 kB)
2025-08-20T20:58:30.1838923Z #13 6.941 Downloading uvloop-0.21.0-cp312-cp312-manylinux_2_17_x86_64.manylinux2014_x86_64.whl (4.7 MB)
2025-08-20T20:58:30.4131044Z #13 6.956    ━━━━━━━━━━━━━━━━━━━━━━━━━━━━━━━━━━━━━━━━ 4.7/4.7 MB 340.5 MB/s eta 0:00:00
2025-08-20T20:58:30.4131815Z #13 6.964 Downloading watchfiles-1.1.0-cp312-cp312-manylinux_2_17_x86_64.manylinux2014_x86_64.whl (452 kB)
2025-08-20T20:58:30.4132803Z #13 6.974 Downloading websockets-15.0.1-cp312-cp312-manylinux_2_5_x86_64.manylinux1_x86_64.manylinux_2_17_x86_64.manylinux2014_x86_64.whl (182 kB)
2025-08-20T20:58:30.4133856Z #13 6.986 Downloading packaging-25.0-py3-none-any.whl (66 kB)
2025-08-20T20:58:30.4134465Z #13 6.994 Downloading rich-14.1.0-py3-none-any.whl (243 kB)
2025-08-20T20:58:30.4135090Z #13 7.001 Downloading shellingham-1.5.4-py2.py3-none-any.whl (9.8 kB)
2025-08-20T20:58:30.4135766Z #13 7.008 Downloading wcwidth-0.2.13-py2.py3-none-any.whl (34 kB)
2025-08-20T20:58:30.4136484Z #13 7.015 Downloading markdown_it_py-4.0.0-py3-none-any.whl (87 kB)
2025-08-20T20:58:30.4137390Z #13 7.023 Downloading pygments-2.19.2-py3-none-any.whl (1.2 MB)
2025-08-20T20:58:30.4138296Z #13 7.028    ━━━━━━━━━━━━━━━━━━━━━━━━━━━━━━━━━━━━━━━━ 1.2/1.2 MB 483.1 MB/s eta 0:00:00
2025-08-20T20:58:30.4138774Z #13 7.036 Downloading mdurl-0.1.2-py3-none-any.whl (10.0 kB)
2025-08-20T20:58:30.4734734Z #13 7.246 Installing collected packages: wcwidth, websockets, vine, uvloop, urllib3, ujson, tzdata, typing-extensions, structlog, sniffio, six, shellingham, redis, pyyaml, python-multipart, python-dotenv, pygments, psycopg-binary, prompt-toolkit, packaging, orjson, mdurl, MarkupSafe, jmespath, idna, httptools, h11, greenlet, dnspython, click, certifi, billiard, asyncpg, annotated-types, uvicorn, typing-inspection, sqlalchemy, sentry-sdk, python-dateutil, pydantic-core, psycopg, markdown-it-py, Mako, Jinja2, httpcore, email_validator, click-repl, click-plugins, click-didyoumean, anyio, amqp, watchfiles, starlette, rich, pydantic, kombu, httpx, botocore, alembic, typer, s3transfer, rich-toolkit, pydantic-settings, celery, asgi-correlation-id, fastapi-cli, boto3, fastapi, fastapi-limiter
2025-08-20T20:58:36.7607330Z #13 13.53 Successfully installed Jinja2-3.1.5 Mako-1.3.10 MarkupSafe-3.0.2 alembic-1.13.1 amqp-5.3.1 annotated-types-0.7.0 anyio-4.10.0 asgi-correlation-id-4.3.1 asyncpg-0.29.0 billiard-4.2.1 boto3-1.34.162 botocore-1.34.162 celery-5.3.6 certifi-2025.8.3 click-8.2.1 click-didyoumean-0.3.1 click-plugins-1.1.1.2 click-repl-0.3.0 dnspython-2.7.0 email_validator-2.2.0 fastapi-0.111.0 fastapi-cli-0.0.8 fastapi-limiter-0.1.6 greenlet-3.2.4 h11-0.16.0 httpcore-1.0.9 httptools-0.6.4 httpx-0.27.2 idna-3.10 jmespath-1.0.1 kombu-5.5.4 markdown-it-py-4.0.0 mdurl-0.1.2 orjson-3.11.2 packaging-25.0 prompt-toolkit-3.0.51 psycopg-3.2.9 psycopg-binary-3.2.9 pydantic-2.11.7 pydantic-core-2.33.2 pydantic-settings-2.2.1 pygments-2.19.2 python-dateutil-2.9.0.post0 python-dotenv-1.1.1 python-multipart-0.0.20 pyyaml-6.0.2 redis-5.0.8 rich-14.1.0 rich-toolkit-0.15.0 s3transfer-0.10.4 sentry-sdk-2.9.0 shellingham-1.5.4 six-1.17.0 sniffio-1.3.1 sqlalchemy-2.0.29 starlette-0.37.2 structlog-24.1.0 typer-0.16.1 typing-extensions-4.14.1 typing-inspection-0.4.1 tzdata-2025.2 ujson-5.11.0 urllib3-2.5.0 uvicorn-0.29.0 uvloop-0.21.0 vine-5.1.0 watchfiles-1.1.0 wcwidth-0.2.13 websockets-15.0.1
2025-08-20T20:58:36.9891041Z #13 13.53 WARNING: Running pip as the 'root' user can result in broken permissions and conflicting behaviour with the system package manager, possibly rendering your system unusable. It is recommended to use a virtual environment instead: https://pip.pypa.io/warnings/venv. Use the --root-user-action option if you know what you are doing and want to suppress this warning.
2025-08-20T20:58:36.9893103Z #13 13.61 
2025-08-20T20:58:36.9893406Z #13 13.61 [notice] A new release of pip is available: 25.0.1 -> 25.2
2025-08-20T20:58:36.9893855Z #13 13.61 [notice] To update, run: pip install --upgrade pip
2025-08-20T20:58:37.2225227Z #13 DONE 14.0s
2025-08-20T20:58:37.3293080Z 
2025-08-20T20:58:37.3294073Z #14 [base  5/13] COPY services/api/ ./services/api
2025-08-20T20:58:37.3294791Z #14 DONE 0.1s
2025-08-20T20:58:37.4499388Z 
2025-08-20T20:58:37.4500033Z #15 [base  6/13] COPY services/common/ ./services/common
2025-08-20T20:58:37.4502268Z #15 DONE 0.0s
2025-08-20T20:58:37.4502834Z 
2025-08-20T20:58:37.4503044Z #16 [base  7/13] COPY services/ingest/ ./services/ingest
2025-08-20T20:58:37.4503618Z #16 DONE 0.0s
2025-08-20T20:58:37.4503796Z 
2025-08-20T20:58:37.4503974Z #17 [base  8/13] COPY services/etl/ ./services/etl
2025-08-20T20:58:37.4504410Z #17 DONE 0.0s
2025-08-20T20:58:37.4504565Z 
2025-08-20T20:58:37.4504696Z #18 [base  9/13] COPY api/ ./api
2025-08-20T20:58:37.4505055Z #18 DONE 0.0s
2025-08-20T20:58:37.4505208Z 
2025-08-20T20:58:37.4505415Z #19 [base 10/13] COPY services/api/alembic.ini ./alembic.ini
2025-08-20T20:58:37.4505870Z #19 DONE 0.0s
2025-08-20T20:58:37.4506023Z 
2025-08-20T20:58:37.4506156Z #20 [base 11/13] COPY alembic/ ./alembic/
2025-08-20T20:58:37.4506527Z #20 DONE 0.0s
2025-08-20T20:58:37.4507531Z 
2025-08-20T20:58:37.4507788Z #21 [base 12/13] COPY services/api/entrypoint.sh ./entrypoint.sh
2025-08-20T20:58:37.4508491Z #21 DONE 0.0s
2025-08-20T20:58:37.4508654Z 
2025-08-20T20:58:37.4508817Z #22 [base 13/13] RUN chmod +x ./entrypoint.sh
2025-08-20T20:58:37.4509340Z #22 DONE 0.0s
2025-08-20T20:58:38.3247426Z 
2025-08-20T20:58:38.3247986Z #23 [stage-1 4/6] COPY --from=base /usr/local /usr/local
2025-08-20T20:58:40.1321212Z #23 DONE 1.8s
2025-08-20T20:58:40.2379335Z 
2025-08-20T20:58:40.2380385Z #24 [stage-1 5/6] COPY --from=base /app /app
2025-08-20T20:58:40.2380956Z #24 DONE 0.1s
2025-08-20T20:58:40.4427074Z 
2025-08-20T20:58:40.4427793Z #25 [stage-1 6/6] RUN chmod +x /app/entrypoint.sh
2025-08-20T20:58:40.4428278Z #25 DONE 0.1s
2025-08-20T20:58:40.4428439Z 
2025-08-20T20:58:40.4428583Z #26 exporting to docker image format
2025-08-20T20:58:40.4428956Z #26 exporting layers
2025-08-20T20:58:45.5870631Z #26 exporting layers 5.3s done
2025-08-20T20:58:45.7429240Z #26 exporting manifest sha256:5af30e6b8e30329603e7076f90c98cb344060066dbb492e17c91579fc00930bf done
2025-08-20T20:58:45.7437722Z #26 exporting config sha256:e0e7a258090e19f98781345f7220f9ca952b787503cf7887b45e6bf6e0eb3aa1 done
2025-08-20T20:58:45.7440799Z #26 sending tarball
2025-08-20T20:58:46.1698891Z #26 ...
2025-08-20T20:58:46.1701410Z 
2025-08-20T20:58:46.1701714Z #27 importing to docker
2025-08-20T20:58:46.3209234Z #27 loading layer e6a3842ebc7f 327.68kB / 29.77MB
2025-08-20T20:58:47.0403658Z #27 loading layer 11a4ec4d004e 32.77kB / 1.29MB
2025-08-20T20:58:47.3752040Z #27 loading layer 07cd4433de32 131.07kB / 12.11MB
2025-08-20T20:58:47.9311365Z #27 loading layer e33228fe7708 251B / 251B
2025-08-20T20:58:48.1143210Z #27 loading layer 37a58026836f 93B / 93B
2025-08-20T20:58:48.1143746Z #27 loading layer 5cce2a097abc 196.61kB / 19.48MB
2025-08-20T20:58:48.8775332Z #27 loading layer 91d2bd5a7064 557.06kB / 56.29MB
2025-08-20T20:58:50.9480341Z #27 loading layer 91d2bd5a7064 41.78MB / 56.29MB 2.1s
2025-08-20T20:58:51.8126322Z #27 loading layer 56c9295cf28a 32.77kB / 40.23kB
2025-08-20T20:58:51.8965794Z #27 loading layer e6a3842ebc7f 29.77MB / 29.77MB 5.7s done
2025-08-20T20:58:51.8968524Z #27 loading layer 11a4ec4d004e 1.29MB / 1.29MB 4.8s done
2025-08-20T20:58:51.8969236Z #27 loading layer 07cd4433de32 12.11MB / 12.11MB 4.5s done
2025-08-20T20:58:51.8969857Z #27 loading layer e33228fe7708 251B / 251B 3.9s done
2025-08-20T20:58:51.8971114Z #27 loading layer 37a58026836f 93B / 93B 3.9s done
2025-08-20T20:58:51.8976225Z #27 loading layer 5cce2a097abc 19.48MB / 19.48MB 3.9s done
2025-08-20T20:58:51.8978880Z #27 loading layer 91d2bd5a7064 56.29MB / 56.29MB 3.0s done
2025-08-20T20:58:51.8979495Z #27 loading layer 56c9295cf28a 40.23kB / 40.23kB 0.1s done
2025-08-20T20:58:51.8980053Z #27 loading layer 5f70bf18a086 32B / 32B 0.0s done
2025-08-20T20:58:51.8980478Z #27 DONE 5.7s
2025-08-20T20:58:51.8980643Z 
2025-08-20T20:58:51.8980782Z #26 exporting to docker image format
2025-08-20T20:58:51.8981188Z #26 sending tarball 6.3s done
2025-08-20T20:58:51.8981516Z #26 DONE 11.6s
2025-08-20T20:58:52.0344804Z Post job cleanup.
2025-08-20T20:58:52.1672976Z [warning]Path Validation Error: Path(s) specified in the action for caching do(es) not exist, hence no cache is being saved.
2025-08-20T20:58:52.1761899Z Post job cleanup.
2025-08-20T20:58:52.4538796Z ##[group]Removing builder
2025-08-20T20:58:52.5608652Z [command]/usr/bin/docker buildx rm builder-1e766db3-cf52-40eb-8fbb-e12deb109c5f
2025-08-20T20:58:53.5865292Z builder-1e766db3-cf52-40eb-8fbb-e12deb109c5f removed
2025-08-20T20:58:53.5898000Z ##[endgroup]
2025-08-20T20:58:53.5899744Z ##[group]Cleaning up certificates
2025-08-20T20:58:53.5905945Z ##[endgroup]
2025-08-20T20:58:53.5906898Z ##[group]Post cache
2025-08-20T20:58:53.5909072Z State not set
2025-08-20T20:58:53.5909919Z ##[endgroup]
2025-08-20T20:58:53.6039614Z Post job cleanup.
2025-08-20T20:58:53.6963373Z [command]/usr/bin/git version
2025-08-20T20:58:53.6998864Z git version 2.51.0
2025-08-20T20:58:53.7066645Z Temporarily overriding HOME='/home/runner/work/_temp/c4820c11-015c-4cb3-bd0d-82f1afde731d' before making global git config changes
2025-08-20T20:58:53.7068258Z Adding repository directory to the temporary git global config as a safe directory
2025-08-20T20:58:53.7078472Z [command]/usr/bin/git config --global --add safe.directory /home/runner/work/AWA-App/AWA-App
2025-08-20T20:58:53.7118558Z [command]/usr/bin/git config --local --name-only --get-regexp core\.sshCommand
2025-08-20T20:58:53.7157701Z [command]/usr/bin/git submodule foreach --recursive sh -c "git config --local --name-only --get-regexp 'core\.sshCommand' && git config --local --unset-all 'core.sshCommand' || :"
2025-08-20T20:58:53.7398273Z [command]/usr/bin/git config --local --name-only --get-regexp http\.https\:\/\/github\.com\/\.extraheader
2025-08-20T20:58:53.7418567Z http.https://github.com/.extraheader
2025-08-20T20:58:53.7431100Z [command]/usr/bin/git config --local --unset-all http.https://github.com/.extraheader
2025-08-20T20:58:53.7461684Z [command]/usr/bin/git submodule foreach --recursive sh -c "git config --local --name-only --get-regexp 'http\.https\:\/\/github\.com\/\.extraheader' && git config --local --unset-all 'http.https://github.com/.extraheader' || :"
2025-08-20T20:58:53.7780177Z Cleaning up orphan processes
