2025-08-17T22:19:50.7343651Z Current runner version: '2.327.1'
2025-08-17T22:19:50.7368327Z ##[group]Runner Image Provisioner
2025-08-17T22:19:50.7369160Z Hosted Compute Agent
2025-08-17T22:19:50.7369724Z Version: 20250812.370
2025-08-17T22:19:50.7370396Z Commit: 4a2b2bf7520004e3e907c2150c8cabe342a3da32
2025-08-17T22:19:50.7371519Z Build Date: 2025-08-12T16:08:14Z
2025-08-17T22:19:50.7372234Z ##[endgroup]
2025-08-17T22:19:50.7372734Z ##[group]Operating System
2025-08-17T22:19:50.7373401Z Ubuntu
2025-08-17T22:19:50.7373857Z 24.04.2
2025-08-17T22:19:50.7374322Z LTS
2025-08-17T22:19:50.7374880Z ##[endgroup]
2025-08-17T22:19:50.7375391Z ##[group]Runner Image
2025-08-17T22:19:50.7375934Z Image: ubuntu-24.04
2025-08-17T22:19:50.7376481Z Version: 20250810.1.0
2025-08-17T22:19:50.7377490Z Included Software: https://github.com/actions/runner-images/blob/ubuntu24/20250810.1/images/ubuntu/Ubuntu2404-Readme.md
2025-08-17T22:19:50.7379054Z Image Release: https://github.com/actions/runner-images/releases/tag/ubuntu24%2F20250810.1
2025-08-17T22:19:50.7380126Z ##[endgroup]
2025-08-17T22:19:50.7383031Z ##[group]GITHUB_TOKEN Permissions
2025-08-17T22:19:50.7385216Z Actions: write
2025-08-17T22:19:50.7385796Z Attestations: write
2025-08-17T22:19:50.7386462Z Checks: write
2025-08-17T22:19:50.7386976Z Contents: write
2025-08-17T22:19:50.7387507Z Deployments: write
2025-08-17T22:19:50.7388569Z Discussions: write
2025-08-17T22:19:50.7389125Z Issues: write
2025-08-17T22:19:50.7389597Z Metadata: read
2025-08-17T22:19:50.7390131Z Models: read
2025-08-17T22:19:50.7390612Z Packages: write
2025-08-17T22:19:50.7391340Z Pages: write
2025-08-17T22:19:50.7391835Z PullRequests: write
2025-08-17T22:19:50.7392481Z RepositoryProjects: write
2025-08-17T22:19:50.7393055Z SecurityEvents: write
2025-08-17T22:19:50.7393651Z Statuses: write
2025-08-17T22:19:50.7394253Z ##[endgroup]
2025-08-17T22:19:50.7396517Z Secret source: Actions
2025-08-17T22:19:50.7397280Z Prepare workflow directory
2025-08-17T22:19:50.7852850Z Prepare all required actions
2025-08-17T22:19:50.7893304Z Getting action download info
2025-08-17T22:19:51.2164152Z Download action repository 'actions/checkout@v4' (SHA:08eba0b27e820071cde6df949e0beb9ba4906955)
2025-08-17T22:19:51.7641780Z Download action repository 'actions/setup-python@v5' (SHA:a26af69be951a213d495a4c3e4e4022e16d87065)
2025-08-17T22:19:52.4299526Z Complete job name: migrations-check
2025-08-17T22:19:52.4846860Z ##[group]Checking docker version
2025-08-17T22:19:52.4860420Z ##[command]/usr/bin/docker version --format '{{.Server.APIVersion}}'
2025-08-17T22:19:52.5238941Z '1.48'
2025-08-17T22:19:52.5250519Z Docker daemon API version: '1.48'
2025-08-17T22:19:52.5251656Z ##[command]/usr/bin/docker version --format '{{.Client.APIVersion}}'
2025-08-17T22:19:52.5425392Z '1.48'
2025-08-17T22:19:52.5440203Z Docker client API version: '1.48'
2025-08-17T22:19:52.5446685Z ##[endgroup]
2025-08-17T22:19:52.5449634Z ##[group]Clean up resources from previous jobs
2025-08-17T22:19:52.5455461Z ##[command]/usr/bin/docker ps --all --quiet --no-trunc --filter "label=e64cdd"
2025-08-17T22:19:52.5617304Z ##[command]/usr/bin/docker network prune --force --filter "label=e64cdd"
2025-08-17T22:19:52.5759285Z ##[endgroup]
2025-08-17T22:19:52.5759868Z ##[group]Create local container network
2025-08-17T22:19:52.5770501Z ##[command]/usr/bin/docker network create --label e64cdd github_network_3216d084907f48ca97d5f9237d7936dd
2025-08-17T22:19:52.6355261Z 7b43f66c81f13392cf82dc082b764cadab2c36f2e1d295fcb8937e72c5e95c85
2025-08-17T22:19:52.6373247Z ##[endgroup]
2025-08-17T22:19:52.6398821Z ##[group]Starting postgres service container
2025-08-17T22:19:52.6418892Z ##[command]/usr/bin/docker pull postgres:15
2025-08-17T22:19:53.6465923Z 15: Pulling from library/postgres
2025-08-17T22:19:53.9062562Z 396b1da7636e: Pulling fs layer
2025-08-17T22:19:53.9063917Z fca2566eba32: Pulling fs layer
2025-08-17T22:19:53.9065102Z 631fe8c6d606: Pulling fs layer
2025-08-17T22:19:53.9066321Z 77c7671c4414: Pulling fs layer
2025-08-17T22:19:53.9067220Z 2d9e29180a27: Pulling fs layer
2025-08-17T22:19:53.9068258Z c6bcc2c9a041: Pulling fs layer
2025-08-17T22:19:53.9069716Z ac4b721eb66f: Pulling fs layer
2025-08-17T22:19:53.9070632Z 606bd164980e: Pulling fs layer
2025-08-17T22:19:53.9071810Z f5dfd246bc6e: Pulling fs layer
2025-08-17T22:19:53.9072772Z ba7036bb0a60: Pulling fs layer
2025-08-17T22:19:53.9073745Z 799f859abbbd: Pulling fs layer
2025-08-17T22:19:53.9074754Z d903e777080c: Pulling fs layer
2025-08-17T22:19:53.9075670Z 04adcb462801: Pulling fs layer
2025-08-17T22:19:53.9076600Z 5c10925b29ff: Pulling fs layer
2025-08-17T22:19:53.9077544Z 77c7671c4414: Waiting
2025-08-17T22:19:53.9078347Z 2d9e29180a27: Waiting
2025-08-17T22:19:53.9079143Z f5dfd246bc6e: Waiting
2025-08-17T22:19:53.9079954Z ac4b721eb66f: Waiting
2025-08-17T22:19:53.9080754Z 606bd164980e: Waiting
2025-08-17T22:19:53.9081768Z 5c10925b29ff: Waiting
2025-08-17T22:19:53.9082560Z 04adcb462801: Waiting
2025-08-17T22:19:53.9083514Z ba7036bb0a60: Waiting
2025-08-17T22:19:53.9084479Z d903e777080c: Waiting
2025-08-17T22:19:53.9085452Z 799f859abbbd: Waiting
2025-08-17T22:19:53.9086462Z c6bcc2c9a041: Waiting
2025-08-17T22:19:54.1689024Z fca2566eba32: Verifying Checksum
2025-08-17T22:19:54.1690925Z fca2566eba32: Download complete
2025-08-17T22:19:54.2069809Z 631fe8c6d606: Verifying Checksum
2025-08-17T22:19:54.4612308Z 631fe8c6d606: Download complete
2025-08-17T22:19:54.4617642Z 77c7671c4414: Verifying Checksum
2025-08-17T22:19:54.4618170Z 77c7671c4414: Download complete
2025-08-17T22:19:54.5522604Z 2d9e29180a27: Verifying Checksum
2025-08-17T22:19:54.5523285Z 2d9e29180a27: Download complete
2025-08-17T22:19:54.7478980Z c6bcc2c9a041: Verifying Checksum
2025-08-17T22:19:54.7479541Z c6bcc2c9a041: Download complete
2025-08-17T22:19:54.8336136Z ac4b721eb66f: Verifying Checksum
2025-08-17T22:19:54.8336747Z ac4b721eb66f: Download complete
2025-08-17T22:19:55.0282072Z 606bd164980e: Verifying Checksum
2025-08-17T22:19:55.0282562Z 606bd164980e: Download complete
2025-08-17T22:19:55.3123387Z ba7036bb0a60: Verifying Checksum
2025-08-17T22:19:55.3123894Z ba7036bb0a60: Download complete
2025-08-17T22:19:55.4805677Z 396b1da7636e: Verifying Checksum
2025-08-17T22:19:55.4806199Z 396b1da7636e: Download complete
2025-08-17T22:19:55.5982425Z 799f859abbbd: Verifying Checksum
2025-08-17T22:19:55.5987274Z 799f859abbbd: Download complete
2025-08-17T22:19:55.7484145Z d903e777080c: Verifying Checksum
2025-08-17T22:19:55.7485126Z d903e777080c: Download complete
2025-08-17T22:19:55.8772471Z 04adcb462801: Verifying Checksum
2025-08-17T22:19:55.8775038Z 04adcb462801: Download complete
2025-08-17T22:19:56.0323966Z 5c10925b29ff: Download complete
2025-08-17T22:19:56.4755502Z 396b1da7636e: Pull complete
2025-08-17T22:19:57.2914686Z f5dfd246bc6e: Verifying Checksum
2025-08-17T22:19:57.2915170Z f5dfd246bc6e: Download complete
2025-08-17T22:19:57.5325993Z fca2566eba32: Pull complete
2025-08-17T22:19:57.7161427Z 631fe8c6d606: Pull complete
2025-08-17T22:19:57.7591702Z 77c7671c4414: Pull complete
2025-08-17T22:19:58.0799990Z 2d9e29180a27: Pull complete
2025-08-17T22:19:58.1705167Z c6bcc2c9a041: Pull complete
2025-08-17T22:19:58.1795265Z ac4b721eb66f: Pull complete
2025-08-17T22:19:58.1899401Z 606bd164980e: Pull complete
2025-08-17T22:20:01.1931529Z f5dfd246bc6e: Pull complete
2025-08-17T22:20:01.2086561Z ba7036bb0a60: Pull complete
2025-08-17T22:20:01.2196660Z 799f859abbbd: Pull complete
2025-08-17T22:20:01.2393381Z d903e777080c: Pull complete
2025-08-17T22:20:01.2514396Z 04adcb462801: Pull complete
2025-08-17T22:20:01.2615731Z 5c10925b29ff: Pull complete
2025-08-17T22:20:01.2658985Z Digest: sha256:bc51cf4f1fe02cce7ed2370b20128a9b00b4eb804573a77d2a0d877aaa9c82b1
2025-08-17T22:20:01.2672101Z Status: Downloaded newer image for postgres:15
2025-08-17T22:20:01.2685638Z docker.io/library/postgres:15
2025-08-17T22:20:01.2752602Z ##[command]/usr/bin/docker create --name 8f008b96b9584c3198bdf4eff48d3fbf_postgres15_b12aab --label e64cdd --network github_network_3216d084907f48ca97d5f9237d7936dd --network-alias postgres -p 5432:5432 --health-cmd="pg_isready -U postgres -d awa" --health-interval=5s --health-timeout=5s --health-retries=10 -e "POSTGRES_USER=postgres" -e "POSTGRES_PASSWORD=pass" -e "POSTGRES_DB=awa" -e GITHUB_ACTIONS=true -e CI=true postgres:15
2025-08-17T22:20:01.3025299Z 5379792b96db5f1adeed115d400d7e42c0d16cede38143395bbd54cbcaa9c433
2025-08-17T22:20:01.3051665Z ##[command]/usr/bin/docker start 5379792b96db5f1adeed115d400d7e42c0d16cede38143395bbd54cbcaa9c433
2025-08-17T22:20:01.5064758Z 5379792b96db5f1adeed115d400d7e42c0d16cede38143395bbd54cbcaa9c433
2025-08-17T22:20:01.5088596Z ##[command]/usr/bin/docker ps --all --filter id=5379792b96db5f1adeed115d400d7e42c0d16cede38143395bbd54cbcaa9c433 --filter status=running --no-trunc --format "{{.ID}} {{.Status}}"
2025-08-17T22:20:01.5221213Z 5379792b96db5f1adeed115d400d7e42c0d16cede38143395bbd54cbcaa9c433 Up Less than a second (health: starting)
2025-08-17T22:20:01.5245160Z ##[command]/usr/bin/docker port 5379792b96db5f1adeed115d400d7e42c0d16cede38143395bbd54cbcaa9c433
2025-08-17T22:20:01.5386429Z 5432/tcp -> 0.0.0.0:5432
2025-08-17T22:20:01.5386888Z 5432/tcp -> [::]:5432
2025-08-17T22:20:01.5436161Z ##[endgroup]
2025-08-17T22:20:01.5445356Z ##[group]Waiting for all services to be ready
2025-08-17T22:20:01.5458883Z ##[command]/usr/bin/docker inspect --format="{{if .Config.Healthcheck}}{{print .State.Health.Status}}{{end}}" 5379792b96db5f1adeed115d400d7e42c0d16cede38143395bbd54cbcaa9c433
2025-08-17T22:20:01.5601179Z starting
2025-08-17T22:20:01.5628335Z postgres service is starting, waiting 2 seconds before checking again.
2025-08-17T22:20:03.5630335Z ##[command]/usr/bin/docker inspect --format="{{if .Config.Healthcheck}}{{print .State.Health.Status}}{{end}}" 5379792b96db5f1adeed115d400d7e42c0d16cede38143395bbd54cbcaa9c433
2025-08-17T22:20:03.5761980Z starting
2025-08-17T22:20:03.5775441Z postgres service is starting, waiting 4 seconds before checking again.
2025-08-17T22:20:07.7647512Z ##[command]/usr/bin/docker inspect --format="{{if .Config.Healthcheck}}{{print .State.Health.Status}}{{end}}" 5379792b96db5f1adeed115d400d7e42c0d16cede38143395bbd54cbcaa9c433
2025-08-17T22:20:07.7776443Z healthy
2025-08-17T22:20:07.7794765Z postgres service is healthy.
2025-08-17T22:20:07.7795419Z ##[endgroup]
2025-08-17T22:20:07.8049337Z ##[group]Run actions/checkout@v4
2025-08-17T22:20:07.8049880Z with:
2025-08-17T22:20:07.8050087Z   repository: AlexBomber12/AWA-App
2025-08-17T22:20:07.8050598Z   token: ***
2025-08-17T22:20:07.8050774Z   ssh-strict: true
2025-08-17T22:20:07.8051268Z   ssh-user: git
2025-08-17T22:20:07.8051465Z   persist-credentials: true
2025-08-17T22:20:07.8051672Z   clean: true
2025-08-17T22:20:07.8051852Z   sparse-checkout-cone-mode: true
2025-08-17T22:20:07.8052079Z   fetch-depth: 1
2025-08-17T22:20:07.8052243Z   fetch-tags: false
2025-08-17T22:20:07.8052421Z   show-progress: true
2025-08-17T22:20:07.8052599Z   lfs: false
2025-08-17T22:20:07.8052766Z   submodules: false
2025-08-17T22:20:07.8052950Z   set-safe-directory: true
2025-08-17T22:20:07.8053428Z ##[endgroup]
2025-08-17T22:20:07.9177374Z Syncing repository: AlexBomber12/AWA-App
2025-08-17T22:20:07.9178949Z ##[group]Getting Git version info
2025-08-17T22:20:07.9179431Z Working directory is '/home/runner/work/AWA-App/AWA-App'
2025-08-17T22:20:07.9180015Z [command]/usr/bin/git version
2025-08-17T22:20:07.9208247Z git version 2.50.1
2025-08-17T22:20:07.9235764Z ##[endgroup]
2025-08-17T22:20:07.9258541Z Temporarily overriding HOME='/home/runner/work/_temp/edc647e7-dee2-4473-8e84-5ac09a1e4ee5' before making global git config changes
2025-08-17T22:20:07.9259740Z Adding repository directory to the temporary git global config as a safe directory
2025-08-17T22:20:07.9264990Z [command]/usr/bin/git config --global --add safe.directory /home/runner/work/AWA-App/AWA-App
2025-08-17T22:20:07.9305992Z Deleting the contents of '/home/runner/work/AWA-App/AWA-App'
2025-08-17T22:20:07.9309800Z ##[group]Initializing the repository
2025-08-17T22:20:07.9314419Z [command]/usr/bin/git init /home/runner/work/AWA-App/AWA-App
2025-08-17T22:20:07.9372601Z hint: Using 'master' as the name for the initial branch. This default branch name
2025-08-17T22:20:07.9373762Z hint: is subject to change. To configure the initial branch name to use in all
2025-08-17T22:20:07.9374524Z hint: of your new repositories, which will suppress this warning, call:
2025-08-17T22:20:07.9374932Z hint:
2025-08-17T22:20:07.9375210Z hint: 	git config --global init.defaultBranch <name>
2025-08-17T22:20:07.9375485Z hint:
2025-08-17T22:20:07.9375913Z hint: Names commonly chosen instead of 'master' are 'main', 'trunk' and
2025-08-17T22:20:07.9376663Z hint: 'development'. The just-created branch can be renamed via this command:
2025-08-17T22:20:07.9377170Z hint:
2025-08-17T22:20:07.9377352Z hint: 	git branch -m <name>
2025-08-17T22:20:07.9377556Z hint:
2025-08-17T22:20:07.9377850Z hint: Disable this message with "git config set advice.defaultBranchName false"
2025-08-17T22:20:07.9378332Z Initialized empty Git repository in /home/runner/work/AWA-App/AWA-App/.git/
2025-08-17T22:20:07.9387461Z [command]/usr/bin/git remote add origin https://github.com/AlexBomber12/AWA-App
2025-08-17T22:20:07.9424738Z ##[endgroup]
2025-08-17T22:20:07.9425200Z ##[group]Disabling automatic garbage collection
2025-08-17T22:20:07.9431889Z [command]/usr/bin/git config --local gc.auto 0
2025-08-17T22:20:07.9465500Z ##[endgroup]
2025-08-17T22:20:07.9466097Z ##[group]Setting up auth
2025-08-17T22:20:07.9474595Z [command]/usr/bin/git config --local --name-only --get-regexp core\.sshCommand
2025-08-17T22:20:07.9509620Z [command]/usr/bin/git submodule foreach --recursive sh -c "git config --local --name-only --get-regexp 'core\.sshCommand' && git config --local --unset-all 'core.sshCommand' || :"
2025-08-17T22:20:07.9782586Z [command]/usr/bin/git config --local --name-only --get-regexp http\.https\:\/\/github\.com\/\.extraheader
2025-08-17T22:20:07.9815983Z [command]/usr/bin/git submodule foreach --recursive sh -c "git config --local --name-only --get-regexp 'http\.https\:\/\/github\.com\/\.extraheader' && git config --local --unset-all 'http.https://github.com/.extraheader' || :"
2025-08-17T22:20:08.0054550Z [command]/usr/bin/git config --local http.https://github.com/.extraheader AUTHORIZATION: basic ***
2025-08-17T22:20:08.0095112Z ##[endgroup]
2025-08-17T22:20:08.0095623Z ##[group]Fetching the repository
2025-08-17T22:20:08.0113612Z [command]/usr/bin/git -c protocol.version=2 fetch --no-tags --prune --no-recurse-submodules --depth=1 origin +86d904be9dc0f5e898edab9f6faca9d16870da0a:refs/remotes/origin/main
2025-08-17T22:20:08.5154814Z From https://github.com/AlexBomber12/AWA-App
2025-08-17T22:20:08.5155481Z  * [new ref]         86d904be9dc0f5e898edab9f6faca9d16870da0a -> origin/main
2025-08-17T22:20:08.5181103Z ##[endgroup]
2025-08-17T22:20:08.5181579Z ##[group]Determining the checkout info
2025-08-17T22:20:08.5183613Z ##[endgroup]
2025-08-17T22:20:08.5188693Z [command]/usr/bin/git sparse-checkout disable
2025-08-17T22:20:08.5229600Z [command]/usr/bin/git config --local --unset-all extensions.worktreeConfig
2025-08-17T22:20:08.5260498Z ##[group]Checking out the ref
2025-08-17T22:20:08.5265090Z [command]/usr/bin/git checkout --progress --force -B main refs/remotes/origin/main
2025-08-17T22:20:08.5594141Z Switched to a new branch 'main'
2025-08-17T22:20:08.5595054Z branch 'main' set up to track 'origin/main'.
2025-08-17T22:20:08.5603288Z ##[endgroup]
2025-08-17T22:20:08.5645801Z [command]/usr/bin/git log -1 --format=%H
2025-08-17T22:20:08.5744671Z 86d904be9dc0f5e898edab9f6faca9d16870da0a
2025-08-17T22:20:08.5851915Z ##[group]Run cat .env.ci >> "$GITHUB_ENV"
2025-08-17T22:20:08.5852290Z [36;1mcat .env.ci >> "$GITHUB_ENV"[0m
2025-08-17T22:20:08.5853057Z [36;1mecho "DATABASE_URL=***localhost:5432/awa" >> "$GITHUB_ENV"[0m
2025-08-17T22:20:08.5853416Z [36;1mecho "PG_HOST=localhost" >> "$GITHUB_ENV"[0m
2025-08-17T22:20:08.5853717Z [36;1mecho "PG_PORT=5432" >> "$GITHUB_ENV"[0m
2025-08-17T22:20:08.5853993Z [36;1mecho "PG_USER=postgres" >> "$GITHUB_ENV"[0m
2025-08-17T22:20:08.5854282Z [36;1mecho "PG_PASSWORD=pass" >> "$GITHUB_ENV"[0m
2025-08-17T22:20:08.5854550Z [36;1mecho "PG_DATABASE=awa" >> "$GITHUB_ENV"[0m
2025-08-17T22:20:08.5901969Z shell: /usr/bin/bash -e {0}
2025-08-17T22:20:08.5902246Z ##[endgroup]
2025-08-17T22:20:08.6099238Z ##[group]Run actions/setup-python@v5
2025-08-17T22:20:08.6099510Z with:
2025-08-17T22:20:08.6099689Z   python-version: 3.12
2025-08-17T22:20:08.6099882Z   cache: pip
2025-08-17T22:20:08.6100096Z   cache-dependency-path: requirements-dev.txt
2025-08-17T22:20:08.6100361Z   check-latest: false
2025-08-17T22:20:08.6100716Z   token: ***
2025-08-17T22:20:08.6100901Z   update-environment: true
2025-08-17T22:20:08.6101359Z   allow-prereleases: false
2025-08-17T22:20:08.6101569Z   freethreaded: false
2025-08-17T22:20:08.6101745Z env:
2025-08-17T22:20:08.6101905Z   PG_USER: postgres
2025-08-17T22:20:08.6102081Z   PG_PASSWORD: pass
2025-08-17T22:20:08.6102251Z   PG_DATABASE: awa
2025-08-17T22:20:08.6102417Z   PG_HOST: localhost
2025-08-17T22:20:08.6102592Z   PG_PORT: 5432
2025-08-17T22:20:08.6102989Z   PG_SYNC_DSN: ***localhost:5432/awa
2025-08-17T22:20:08.6103415Z   PG_ASYNC_DSN: ***localhost:5432/awa
2025-08-17T22:20:08.6103810Z   DATABASE_URL: ***localhost:5432/awa
2025-08-17T22:20:08.6104094Z   DATA_DIR: /tmp/awa-data
2025-08-17T22:20:08.6104282Z   ENABLE_LIVE: 0
2025-08-17T22:20:08.6104449Z   TESTING: 1
2025-08-17T22:20:08.6104605Z ##[endgroup]
2025-08-17T22:20:08.7858418Z ##[group]Installed versions
2025-08-17T22:20:08.8396147Z Successfully set up CPython (3.12.11)
2025-08-17T22:20:08.8396988Z ##[endgroup]
2025-08-17T22:20:08.8749604Z [command]/opt/hostedtoolcache/Python/3.12.11/x64/bin/pip cache dir
2025-08-17T22:20:10.1395350Z /home/runner/.cache/pip
2025-08-17T22:20:10.4674931Z Cache hit for: setup-python-Linux-x64-24.04-Ubuntu-python-3.12.11-pip-842a859a37b6f31d35b1262d499b1acd0270bca26490137bed88679f7bc0eea4
2025-08-17T22:20:11.8279373Z Received 0 of 318118760 (0.0%), 0.0 MBs/sec
2025-08-17T22:20:12.8292227Z Received 71303168 of 318118760 (22.4%), 34.0 MBs/sec
2025-08-17T22:20:13.8382532Z Received 167772160 of 318118760 (52.7%), 53.2 MBs/sec
2025-08-17T22:20:14.8335012Z Received 281018368 of 318118760 (88.3%), 66.9 MBs/sec
2025-08-17T22:20:15.0848867Z Received 318118760 of 318118760 (100.0%), 71.3 MBs/sec
2025-08-17T22:20:15.0851263Z Cache Size: ~303 MB (318118760 B)
2025-08-17T22:20:15.0983871Z [command]/usr/bin/tar -xf /home/runner/work/_temp/600f1235-927f-41fb-a332-12d8fdc1a81e/cache.tzst -P -C /home/runner/work/AWA-App/AWA-App --use-compress-program unzstd
2025-08-17T22:20:15.6291363Z Cache restored successfully
2025-08-17T22:20:15.6898070Z Cache restored from key: setup-python-Linux-x64-24.04-Ubuntu-python-3.12.11-pip-842a859a37b6f31d35b1262d499b1acd0270bca26490137bed88679f7bc0eea4
2025-08-17T22:20:15.7049642Z ##[group]Run pip install -r requirements-dev.txt
2025-08-17T22:20:15.7050057Z [36;1mpip install -r requirements-dev.txt[0m
2025-08-17T22:20:15.7050364Z [36;1mpip install keepa==1.3.15 minio==7.1.15[0m
2025-08-17T22:20:15.7096640Z shell: /usr/bin/bash -e {0}
2025-08-17T22:20:15.7096906Z env:
2025-08-17T22:20:15.7097098Z   PG_USER: postgres
2025-08-17T22:20:15.7097412Z   PG_PASSWORD: pass
2025-08-17T22:20:15.7097732Z   PG_DATABASE: awa
2025-08-17T22:20:15.7098007Z   PG_HOST: localhost
2025-08-17T22:20:15.7098313Z   PG_PORT: 5432
2025-08-17T22:20:15.7098951Z   PG_SYNC_DSN: ***localhost:5432/awa
2025-08-17T22:20:15.7099477Z   PG_ASYNC_DSN: ***localhost:5432/awa
2025-08-17T22:20:15.7099880Z   DATABASE_URL: ***localhost:5432/awa
2025-08-17T22:20:15.7100126Z   DATA_DIR: /tmp/awa-data
2025-08-17T22:20:15.7100328Z   ENABLE_LIVE: 0
2025-08-17T22:20:15.7100506Z   TESTING: 1
2025-08-17T22:20:15.7100746Z   pythonLocation: /opt/hostedtoolcache/Python/3.12.11/x64
2025-08-17T22:20:15.7101603Z   PKG_CONFIG_PATH: /opt/hostedtoolcache/Python/3.12.11/x64/lib/pkgconfig
2025-08-17T22:20:15.7102012Z   Python_ROOT_DIR: /opt/hostedtoolcache/Python/3.12.11/x64
2025-08-17T22:20:15.7102378Z   Python2_ROOT_DIR: /opt/hostedtoolcache/Python/3.12.11/x64
2025-08-17T22:20:15.7102739Z   Python3_ROOT_DIR: /opt/hostedtoolcache/Python/3.12.11/x64
2025-08-17T22:20:15.7103097Z   LD_LIBRARY_PATH: /opt/hostedtoolcache/Python/3.12.11/x64/lib
2025-08-17T22:20:15.7103636Z ##[endgroup]
2025-08-17T22:20:17.0585616Z Collecting Jinja2==3.1.6 (from -r requirements-dev.txt (line 2))
2025-08-17T22:20:17.0602600Z   Using cached jinja2-3.1.6-py3-none-any.whl.metadata (2.9 kB)
2025-08-17T22:20:17.0824083Z Collecting alembic==1.13.1 (from -r requirements-dev.txt (line 3))
2025-08-17T22:20:17.0837977Z   Using cached alembic-1.13.1-py3-none-any.whl.metadata (7.4 kB)
2025-08-17T22:20:17.1040038Z Collecting apscheduler==3.10.4 (from -r requirements-dev.txt (line 4))
2025-08-17T22:20:17.1054062Z   Using cached APScheduler-3.10.4-py3-none-any.whl.metadata (5.7 kB)
2025-08-17T22:20:17.1484858Z Collecting asyncpg==0.30.0 (from -r requirements-dev.txt (line 5))
2025-08-17T22:20:17.1498943Z   Using cached asyncpg-0.30.0-cp312-cp312-manylinux_2_17_x86_64.manylinux2014_x86_64.whl.metadata (5.0 kB)
2025-08-17T22:20:17.1964338Z Collecting black==25.1.0 (from -r requirements-dev.txt (line 6))
2025-08-17T22:20:17.1978513Z   Using cached black-25.1.0-cp312-cp312-manylinux_2_17_x86_64.manylinux2014_x86_64.manylinux_2_28_x86_64.whl.metadata (81 kB)
2025-08-17T22:20:17.5396819Z Collecting boto3 (from -r requirements-dev.txt (line 7))
2025-08-17T22:20:17.5410310Z   Using cached boto3-1.40.11-py3-none-any.whl.metadata (6.7 kB)
2025-08-17T22:20:17.5726154Z Collecting redis==5.* (from -r requirements-dev.txt (line 8))
2025-08-17T22:20:17.5739969Z   Using cached redis-5.3.1-py3-none-any.whl.metadata (9.2 kB)
2025-08-17T22:20:17.6108306Z Collecting minio==7.* (from -r requirements-dev.txt (line 9))
2025-08-17T22:20:17.6122003Z   Using cached minio-7.2.16-py3-none-any.whl.metadata (6.5 kB)
2025-08-17T22:20:17.6433843Z Collecting celery==5.4.0 (from -r requirements-dev.txt (line 10))
2025-08-17T22:20:17.6448733Z   Using cached celery-5.4.0-py3-none-any.whl.metadata (21 kB)
2025-08-17T22:20:17.7066971Z Collecting fastapi==0.116.1 (from -r requirements-dev.txt (line 11))
2025-08-17T22:20:17.7080480Z   Using cached fastapi-0.116.1-py3-none-any.whl.metadata (28 kB)
2025-08-17T22:20:17.7329902Z Collecting httpx<0.29,>=0.27 (from -r requirements-dev.txt (line 13))
2025-08-17T22:20:17.7344161Z   Using cached httpx-0.28.1-py3-none-any.whl.metadata (7.1 kB)
2025-08-17T22:20:17.7467074Z Collecting imapclient==3.0.1 (from -r requirements-dev.txt (line 14))
2025-08-17T22:20:17.7479412Z   Using cached IMAPClient-3.0.1-py2.py3-none-any.whl.metadata (1.7 kB)
2025-08-17T22:20:17.7582622Z Collecting itsdangerous (from -r requirements-dev.txt (line 15))
2025-08-17T22:20:17.7595327Z   Using cached itsdangerous-2.2.0-py3-none-any.whl.metadata (1.9 kB)
2025-08-17T22:20:17.8586668Z Collecting mypy==1.* (from -r requirements-dev.txt (line 16))
2025-08-17T22:20:17.8600162Z   Using cached mypy-1.17.1-cp312-cp312-manylinux2014_x86_64.manylinux_2_17_x86_64.manylinux_2_28_x86_64.whl.metadata (2.2 kB)
2025-08-17T22:20:17.8726187Z Collecting mypy-extensions==1.1.0 (from -r requirements-dev.txt (line 17))
2025-08-17T22:20:17.8739641Z   Using cached mypy_extensions-1.1.0-py3-none-any.whl.metadata (1.1 kB)
2025-08-17T22:20:18.0746736Z Collecting numpy<2 (from -r requirements-dev.txt (line 18))
2025-08-17T22:20:18.0761633Z   Using cached numpy-1.26.4-cp312-cp312-manylinux_2_17_x86_64.manylinux2014_x86_64.whl.metadata (61 kB)
2025-08-17T22:20:18.1009379Z Collecting openpyxl==3.1.5 (from -r requirements-dev.txt (line 19))
2025-08-17T22:20:18.1023946Z   Using cached openpyxl-3.1.5-py2.py3-none-any.whl.metadata (2.5 kB)
2025-08-17T22:20:18.2155730Z Collecting pandas==2.2.* (from -r requirements-dev.txt (line 20))
2025-08-17T22:20:18.2169792Z   Using cached pandas-2.2.3-cp312-cp312-manylinux_2_17_x86_64.manylinux2014_x86_64.whl.metadata (89 kB)
2025-08-17T22:20:18.3098338Z Collecting psycopg2-binary==2.9.9 (from -r requirements-dev.txt (line 21))
2025-08-17T22:20:18.3111813Z   Using cached psycopg2_binary-2.9.9-cp312-cp312-manylinux_2_17_x86_64.manylinux2014_x86_64.whl.metadata (4.4 kB)
2025-08-17T22:20:18.3279336Z Collecting psycopg==3.2.9 (from psycopg[binary]==3.2.9->-r requirements-dev.txt (line 22))
2025-08-17T22:20:18.3292785Z   Using cached psycopg-3.2.9-py3-none-any.whl.metadata (4.5 kB)
2025-08-17T22:20:18.4416609Z Collecting pydantic==2.11.7 (from -r requirements-dev.txt (line 23))
2025-08-17T22:20:18.4430383Z   Using cached pydantic-2.11.7-py3-none-any.whl.metadata (67 kB)
2025-08-17T22:20:18.5669763Z Collecting setuptools (from -r requirements-dev.txt (line 24))
2025-08-17T22:20:18.5683631Z   Using cached setuptools-80.9.0-py3-none-any.whl.metadata (6.6 kB)
2025-08-17T22:20:18.5964785Z Collecting pytest-asyncio==0.23.6 (from -r requirements-dev.txt (line 25))
2025-08-17T22:20:18.5978153Z   Using cached pytest_asyncio-0.23.6-py3-none-any.whl.metadata (3.9 kB)
2025-08-17T22:20:18.6115822Z Collecting pytest-cov==6.2.1 (from -r requirements-dev.txt (line 26))
2025-08-17T22:20:18.6129337Z   Using cached pytest_cov-6.2.1-py3-none-any.whl.metadata (30 kB)
2025-08-17T22:20:18.6333173Z Collecting pytest-postgresql==7.0.2 (from -r requirements-dev.txt (line 27))
2025-08-17T22:20:18.6346170Z   Using cached pytest_postgresql-7.0.2-py3-none-any.whl.metadata (18 kB)
2025-08-17T22:20:18.6510520Z Collecting python-dotenv (from -r requirements-dev.txt (line 28))
2025-08-17T22:20:18.6524939Z   Using cached python_dotenv-1.1.1-py3-none-any.whl.metadata (24 kB)
2025-08-17T22:20:18.6657160Z Collecting python-multipart (from -r requirements-dev.txt (line 29))
2025-08-17T22:20:18.6670385Z   Using cached python_multipart-0.0.20-py3-none-any.whl.metadata (1.8 kB)
2025-08-17T22:20:18.6982153Z Collecting python-telegram-bot==22.2 (from -r requirements-dev.txt (line 30))
2025-08-17T22:20:18.6996757Z   Using cached python_telegram_bot-22.2-py3-none-any.whl.metadata (17 kB)
2025-08-17T22:20:18.7300159Z Collecting requests==2.32.4 (from -r requirements-dev.txt (line 31))
2025-08-17T22:20:18.7313605Z   Using cached requests-2.32.4-py3-none-any.whl.metadata (4.9 kB)
2025-08-17T22:20:18.7490873Z Collecting respx==0.22.0 (from -r requirements-dev.txt (line 32))
2025-08-17T22:20:18.7506078Z   Using cached respx-0.22.0-py2.py3-none-any.whl.metadata (4.1 kB)
2025-08-17T22:20:19.1256621Z Collecting ruff==0.4.4 (from -r requirements-dev.txt (line 33))
2025-08-17T22:20:19.1270922Z   Using cached ruff-0.4.4-py3-none-manylinux_2_17_x86_64.manylinux2014_x86_64.whl.metadata (23 kB)
2025-08-17T22:20:19.3845777Z Collecting sqlalchemy==2.0.29 (from -r requirements-dev.txt (line 34))
2025-08-17T22:20:19.3859452Z   Using cached SQLAlchemy-2.0.29-cp312-cp312-manylinux_2_17_x86_64.manylinux2014_x86_64.whl.metadata (9.6 kB)
2025-08-17T22:20:19.4088536Z Collecting testcontainers==4.10.0 (from testcontainers[postgres]==4.10.0->-r requirements-dev.txt (line 35))
2025-08-17T22:20:19.4102365Z   Using cached testcontainers-4.10.0-py3-none-any.whl.metadata (7.8 kB)
2025-08-17T22:20:19.4520280Z Collecting types-requests==2.32.0.20240602 (from -r requirements-dev.txt (line 36))
2025-08-17T22:20:19.4533472Z   Using cached types_requests-2.32.0.20240602-py3-none-any.whl.metadata (1.8 kB)
2025-08-17T22:20:19.4652101Z Collecting docspec-python==2.2.2 (from -r requirements-dev.txt (line 37))
2025-08-17T22:20:19.4665732Z   Using cached docspec_python-2.2.2-py3-none-any.whl.metadata (1.0 kB)
2025-08-17T22:20:19.4841672Z Collecting pydoc-markdown==4.8.2 (from -r requirements-dev.txt (line 38))
2025-08-17T22:20:19.4855670Z   Using cached pydoc_markdown-4.8.2-py3-none-any.whl.metadata (5.9 kB)
2025-08-17T22:20:19.5144838Z Collecting pandera==0.19.* (from -r requirements-dev.txt (line 39))
2025-08-17T22:20:19.5159192Z   Using cached pandera-0.19.3-py3-none-any.whl.metadata (15 kB)
2025-08-17T22:20:19.6288134Z Collecting MarkupSafe>=2.0 (from Jinja2==3.1.6->-r requirements-dev.txt (line 2))
2025-08-17T22:20:19.6301935Z   Using cached MarkupSafe-3.0.2-cp312-cp312-manylinux_2_17_x86_64.manylinux2014_x86_64.whl.metadata (4.0 kB)
2025-08-17T22:20:19.6635211Z Collecting Mako (from alembic==1.13.1->-r requirements-dev.txt (line 3))
2025-08-17T22:20:19.6649325Z   Using cached mako-1.3.10-py3-none-any.whl.metadata (2.9 kB)
2025-08-17T22:20:19.6816298Z Collecting typing-extensions>=4 (from alembic==1.13.1->-r requirements-dev.txt (line 3))
2025-08-17T22:20:19.6830220Z   Using cached typing_extensions-4.14.1-py3-none-any.whl.metadata (3.0 kB)
2025-08-17T22:20:19.6983001Z Collecting six>=1.4.0 (from apscheduler==3.10.4->-r requirements-dev.txt (line 4))
2025-08-17T22:20:19.6997465Z   Using cached six-1.17.0-py2.py3-none-any.whl.metadata (1.7 kB)
2025-08-17T22:20:19.7339497Z Collecting pytz (from apscheduler==3.10.4->-r requirements-dev.txt (line 4))
2025-08-17T22:20:19.7354651Z   Using cached pytz-2025.2-py2.py3-none-any.whl.metadata (22 kB)
2025-08-17T22:20:19.7567107Z Collecting tzlocal!=3.*,>=2.0 (from apscheduler==3.10.4->-r requirements-dev.txt (line 4))
2025-08-17T22:20:19.7584486Z   Using cached tzlocal-5.3.1-py3-none-any.whl.metadata (7.6 kB)
2025-08-17T22:20:19.7787849Z Collecting click>=8.0.0 (from black==25.1.0->-r requirements-dev.txt (line 6))
2025-08-17T22:20:19.7801811Z   Using cached click-8.2.1-py3-none-any.whl.metadata (2.5 kB)
2025-08-17T22:20:19.7954173Z Collecting packaging>=22.0 (from black==25.1.0->-r requirements-dev.txt (line 6))
2025-08-17T22:20:19.7968887Z   Using cached packaging-25.0-py3-none-any.whl.metadata (3.3 kB)
2025-08-17T22:20:19.8075896Z Collecting pathspec>=0.9.0 (from black==25.1.0->-r requirements-dev.txt (line 6))
2025-08-17T22:20:19.8089138Z   Using cached pathspec-0.12.1-py3-none-any.whl.metadata (21 kB)
2025-08-17T22:20:19.8286301Z Collecting platformdirs>=2 (from black==25.1.0->-r requirements-dev.txt (line 6))
2025-08-17T22:20:19.8300234Z   Using cached platformdirs-4.3.8-py3-none-any.whl.metadata (12 kB)
2025-08-17T22:20:19.8541198Z Collecting billiard<5.0,>=4.2.0 (from celery==5.4.0->-r requirements-dev.txt (line 10))
2025-08-17T22:20:19.8555056Z   Using cached billiard-4.2.1-py3-none-any.whl.metadata (4.4 kB)
2025-08-17T22:20:19.8845861Z Collecting kombu<6.0,>=5.3.4 (from celery==5.4.0->-r requirements-dev.txt (line 10))
2025-08-17T22:20:19.8859279Z   Using cached kombu-5.5.4-py3-none-any.whl.metadata (3.5 kB)
2025-08-17T22:20:19.9033128Z Collecting vine<6.0,>=5.1.0 (from celery==5.4.0->-r requirements-dev.txt (line 10))
2025-08-17T22:20:19.9046485Z   Using cached vine-5.1.0-py3-none-any.whl.metadata (2.7 kB)
2025-08-17T22:20:19.9192042Z Collecting click-didyoumean>=0.3.0 (from celery==5.4.0->-r requirements-dev.txt (line 10))
2025-08-17T22:20:19.9206006Z   Using cached click_didyoumean-0.3.1-py3-none-any.whl.metadata (3.9 kB)
2025-08-17T22:20:19.9349709Z Collecting click-repl>=0.2.0 (from celery==5.4.0->-r requirements-dev.txt (line 10))
2025-08-17T22:20:19.9362631Z   Using cached click_repl-0.3.0-py3-none-any.whl.metadata (3.6 kB)
2025-08-17T22:20:19.9466928Z Collecting click-plugins>=1.1.1 (from celery==5.4.0->-r requirements-dev.txt (line 10))
2025-08-17T22:20:19.9479474Z   Using cached click_plugins-1.1.1.2-py2.py3-none-any.whl.metadata (6.5 kB)
2025-08-17T22:20:19.9618394Z Collecting tzdata>=2022.7 (from celery==5.4.0->-r requirements-dev.txt (line 10))
2025-08-17T22:20:19.9632894Z   Using cached tzdata-2025.2-py2.py3-none-any.whl.metadata (1.4 kB)
2025-08-17T22:20:19.9762338Z Collecting python-dateutil>=2.8.2 (from celery==5.4.0->-r requirements-dev.txt (line 10))
2025-08-17T22:20:19.9775942Z   Using cached python_dateutil-2.9.0.post0-py2.py3-none-any.whl.metadata (8.4 kB)
2025-08-17T22:20:20.0104144Z Collecting starlette<0.48.0,>=0.40.0 (from fastapi==0.116.1->-r requirements-dev.txt (line 11))
2025-08-17T22:20:20.0118061Z   Using cached starlette-0.47.2-py3-none-any.whl.metadata (6.2 kB)
2025-08-17T22:20:20.0486316Z Collecting annotated-types>=0.6.0 (from pydantic==2.11.7->-r requirements-dev.txt (line 23))
2025-08-17T22:20:20.0499561Z   Using cached annotated_types-0.7.0-py3-none-any.whl.metadata (15 kB)
2025-08-17T22:20:20.7328549Z Collecting pydantic-core==2.33.2 (from pydantic==2.11.7->-r requirements-dev.txt (line 23))
2025-08-17T22:20:20.7342272Z   Using cached pydantic_core-2.33.2-cp312-cp312-manylinux_2_17_x86_64.manylinux2014_x86_64.whl.metadata (6.8 kB)
2025-08-17T22:20:20.7468890Z Collecting typing-inspection>=0.4.0 (from pydantic==2.11.7->-r requirements-dev.txt (line 23))
2025-08-17T22:20:20.7480841Z   Using cached typing_inspection-0.4.1-py3-none-any.whl.metadata (2.6 kB)
2025-08-17T22:20:20.7603516Z Collecting et-xmlfile (from openpyxl==3.1.5->-r requirements-dev.txt (line 19))
2025-08-17T22:20:20.7615762Z   Using cached et_xmlfile-2.0.0-py3-none-any.whl.metadata (2.7 kB)
2025-08-17T22:20:20.8087490Z Collecting pytest<9,>=7.0.0 (from pytest-asyncio==0.23.6->-r requirements-dev.txt (line 25))
2025-08-17T22:20:20.8100831Z   Using cached pytest-8.4.1-py3-none-any.whl.metadata (7.7 kB)
2025-08-17T22:20:21.1276532Z Collecting coverage>=7.5 (from coverage[toml]>=7.5->pytest-cov==6.2.1->-r requirements-dev.txt (line 26))
2025-08-17T22:20:21.1290269Z   Using cached coverage-7.10.4-cp312-cp312-manylinux1_x86_64.manylinux_2_28_x86_64.manylinux_2_5_x86_64.whl.metadata (8.9 kB)
2025-08-17T22:20:21.1409419Z Collecting pluggy>=1.2 (from pytest-cov==6.2.1->-r requirements-dev.txt (line 26))
2025-08-17T22:20:21.1422266Z   Using cached pluggy-1.6.0-py3-none-any.whl.metadata (4.8 kB)
2025-08-17T22:20:21.1857289Z Collecting port-for>=0.7.3 (from pytest-postgresql==7.0.2->-r requirements-dev.txt (line 27))
2025-08-17T22:20:21.1869596Z   Using cached port_for-0.7.4-py3-none-any.whl.metadata (7.1 kB)
2025-08-17T22:20:21.2008790Z Collecting mirakuru>=2.6.0 (from pytest-postgresql==7.0.2->-r requirements-dev.txt (line 27))
2025-08-17T22:20:21.2022496Z   Using cached mirakuru-2.6.1-py3-none-any.whl.metadata (10 kB)
2025-08-17T22:20:21.2863020Z Collecting charset_normalizer<4,>=2 (from requests==2.32.4->-r requirements-dev.txt (line 31))
2025-08-17T22:20:21.2876984Z   Using cached charset_normalizer-3.4.3-cp312-cp312-manylinux2014_x86_64.manylinux_2_17_x86_64.manylinux_2_28_x86_64.whl.metadata (36 kB)
2025-08-17T22:20:21.3105479Z Collecting idna<4,>=2.5 (from requests==2.32.4->-r requirements-dev.txt (line 31))
2025-08-17T22:20:21.3123799Z   Using cached idna-3.10-py3-none-any.whl.metadata (10 kB)
2025-08-17T22:20:21.3399322Z Collecting urllib3<3,>=1.21.1 (from requests==2.32.4->-r requirements-dev.txt (line 31))
2025-08-17T22:20:21.3412166Z   Using cached urllib3-2.5.0-py3-none-any.whl.metadata (6.5 kB)
2025-08-17T22:20:21.3613694Z Collecting certifi>=2017.4.17 (from requests==2.32.4->-r requirements-dev.txt (line 31))
2025-08-17T22:20:21.3626979Z   Using cached certifi-2025.8.3-py3-none-any.whl.metadata (2.4 kB)
2025-08-17T22:20:21.5790888Z Collecting greenlet!=0.4.17 (from sqlalchemy==2.0.29->-r requirements-dev.txt (line 34))
2025-08-17T22:20:21.5804473Z   Using cached greenlet-3.2.4-cp312-cp312-manylinux_2_24_x86_64.manylinux_2_28_x86_64.whl.metadata (4.1 kB)
2025-08-17T22:20:21.6026641Z Collecting docker (from testcontainers==4.10.0->testcontainers[postgres]==4.10.0->-r requirements-dev.txt (line 35))
2025-08-17T22:20:21.6039200Z   Using cached docker-7.1.0-py3-none-any.whl.metadata (3.8 kB)
2025-08-17T22:20:21.6995610Z Collecting wrapt (from testcontainers==4.10.0->testcontainers[postgres]==4.10.0->-r requirements-dev.txt (line 35))
2025-08-17T22:20:21.7012407Z   Using cached wrapt-1.17.3-cp312-cp312-manylinux1_x86_64.manylinux_2_28_x86_64.manylinux_2_5_x86_64.whl.metadata (6.4 kB)
2025-08-17T22:20:21.8809661Z Collecting docspec==2.2.1 (from docspec-python==2.2.2->-r requirements-dev.txt (line 37))
2025-08-17T22:20:21.8823546Z   Using cached docspec-2.2.1-py3-none-any.whl.metadata (1.5 kB)
2025-08-17T22:20:21.8978884Z Collecting nr-util>=0.8.12 (from docspec-python==2.2.2->-r requirements-dev.txt (line 37))
2025-08-17T22:20:21.8992726Z   Using cached nr.util-0.8.12-py3-none-any.whl.metadata (813 bytes)
2025-08-17T22:20:21.9365738Z Collecting PyYAML<7.0,>=5.0 (from pydoc-markdown==4.8.2->-r requirements-dev.txt (line 38))
2025-08-17T22:20:21.9379320Z   Using cached PyYAML-6.0.2-cp312-cp312-manylinux_2_17_x86_64.manylinux2014_x86_64.whl.metadata (2.1 kB)
2025-08-17T22:20:21.9672460Z Collecting databind.core<5.0.0,>=4.4.0 (from pydoc-markdown==4.8.2->-r requirements-dev.txt (line 38))
2025-08-17T22:20:21.9686674Z   Using cached databind.core-4.5.2-py3-none-any.whl.metadata (1.1 kB)
2025-08-17T22:20:21.9905943Z Collecting databind.json<5.0.0,>=4.4.0 (from pydoc-markdown==4.8.2->-r requirements-dev.txt (line 38))
2025-08-17T22:20:21.9919466Z   Using cached databind.json-4.5.2-py3-none-any.whl.metadata (1.1 kB)
2025-08-17T22:20:22.0065071Z Collecting docstring-parser<0.12,>=0.11 (from pydoc-markdown==4.8.2->-r requirements-dev.txt (line 38))
2025-08-17T22:20:22.0066221Z   Using cached docstring_parser-0.11-py3-none-any.whl
2025-08-17T22:20:22.0483289Z Collecting tomli<3.0.0,>=2.0.0 (from pydoc-markdown==4.8.2->-r requirements-dev.txt (line 38))
2025-08-17T22:20:22.0496548Z   Using cached tomli-2.2.1-cp312-cp312-manylinux_2_17_x86_64.manylinux2014_x86_64.whl.metadata (11 kB)
2025-08-17T22:20:22.0610297Z Collecting tomli_w<2.0.0,>=1.0.0 (from pydoc-markdown==4.8.2->-r requirements-dev.txt (line 38))
2025-08-17T22:20:22.0623292Z   Using cached tomli_w-1.2.0-py3-none-any.whl.metadata (5.7 kB)
2025-08-17T22:20:22.1090690Z Collecting watchdog (from pydoc-markdown==4.8.2->-r requirements-dev.txt (line 38))
2025-08-17T22:20:22.1104678Z   Using cached watchdog-6.0.0-py3-none-manylinux2014_x86_64.whl.metadata (44 kB)
2025-08-17T22:20:22.1359431Z Collecting yapf>=0.30.0 (from pydoc-markdown==4.8.2->-r requirements-dev.txt (line 38))
2025-08-17T22:20:22.1372786Z   Using cached yapf-0.43.0-py3-none-any.whl.metadata (46 kB)
2025-08-17T22:20:22.1565061Z Collecting Deprecated<2.0.0,>=1.2.12 (from docspec==2.2.1->docspec-python==2.2.2->-r requirements-dev.txt (line 37))
2025-08-17T22:20:22.1579281Z   Using cached Deprecated-1.2.18-py2.py3-none-any.whl.metadata (5.7 kB)
2025-08-17T22:20:22.3128880Z Collecting psycopg-binary==3.2.9 (from psycopg[binary]==3.2.9->-r requirements-dev.txt (line 22))
2025-08-17T22:20:22.3143251Z   Using cached psycopg_binary-3.2.9-cp312-cp312-manylinux_2_17_x86_64.manylinux2014_x86_64.whl.metadata (2.9 kB)
2025-08-17T22:20:22.3435463Z Collecting PyJWT>=2.9.0 (from redis==5.*->-r requirements-dev.txt (line 8))
2025-08-17T22:20:22.3450072Z   Using cached PyJWT-2.10.1-py3-none-any.whl.metadata (4.0 kB)
2025-08-17T22:20:22.3681518Z Collecting argon2-cffi (from minio==7.*->-r requirements-dev.txt (line 9))
2025-08-17T22:20:22.3696566Z   Using cached argon2_cffi-25.1.0-py3-none-any.whl.metadata (4.1 kB)
2025-08-17T22:20:22.4519483Z Collecting pycryptodome (from minio==7.*->-r requirements-dev.txt (line 9))
2025-08-17T22:20:22.4534184Z   Using cached pycryptodome-3.23.0-cp37-abi3-manylinux_2_17_x86_64.manylinux2014_x86_64.whl.metadata (3.4 kB)
2025-08-17T22:20:22.4738962Z Collecting anyio (from httpx<0.29,>=0.27->-r requirements-dev.txt (line 13))
2025-08-17T22:20:22.4753114Z   Using cached anyio-4.10.0-py3-none-any.whl.metadata (4.0 kB)
2025-08-17T22:20:22.4936986Z Collecting httpcore==1.* (from httpx<0.29,>=0.27->-r requirements-dev.txt (line 13))
2025-08-17T22:20:22.4951720Z   Using cached httpcore-1.0.9-py3-none-any.whl.metadata (21 kB)
2025-08-17T22:20:22.5341862Z Collecting multimethod<=1.10.0 (from pandera==0.19.*->-r requirements-dev.txt (line 39))
2025-08-17T22:20:22.5356243Z   Using cached multimethod-1.10-py3-none-any.whl.metadata (8.2 kB)
2025-08-17T22:20:22.5742351Z Collecting typeguard (from pandera==0.19.*->-r requirements-dev.txt (line 39))
2025-08-17T22:20:22.5757630Z   Using cached typeguard-4.4.4-py3-none-any.whl.metadata (3.3 kB)
2025-08-17T22:20:22.5898303Z Collecting typing-inspect>=0.6.0 (from pandera==0.19.*->-r requirements-dev.txt (line 39))
2025-08-17T22:20:22.5912111Z   Using cached typing_inspect-0.9.0-py3-none-any.whl.metadata (1.5 kB)
2025-08-17T22:20:22.6205494Z Collecting databind<5.0.0,>=4.5.2 (from databind.core<5.0.0,>=4.4.0->pydoc-markdown==4.8.2->-r requirements-dev.txt (line 38))
2025-08-17T22:20:22.6219246Z   Using cached databind-4.5.2-py3-none-any.whl.metadata (4.3 kB)
2025-08-17T22:20:22.6343307Z Collecting nr-date<3.0.0,>=2.0.0 (from databind<5.0.0,>=4.5.2->databind.core<5.0.0,>=4.4.0->pydoc-markdown==4.8.2->-r requirements-dev.txt (line 38))
2025-08-17T22:20:22.6355983Z   Using cached nr_date-2.1.0-py3-none-any.whl.metadata (746 bytes)
2025-08-17T22:20:22.6495478Z Collecting nr-stream<2.0.0,>=1.0.0 (from databind<5.0.0,>=4.5.2->databind.core<5.0.0,>=4.4.0->pydoc-markdown==4.8.2->-r requirements-dev.txt (line 38))
2025-08-17T22:20:22.6509236Z   Using cached nr_stream-1.1.5-py3-none-any.whl.metadata (3.6 kB)
2025-08-17T22:20:22.6702241Z Collecting typeapi<3,>=2.0.1 (from databind<5.0.0,>=4.5.2->databind.core<5.0.0,>=4.4.0->pydoc-markdown==4.8.2->-r requirements-dev.txt (line 38))
2025-08-17T22:20:22.6716354Z   Using cached typeapi-2.2.4-py3-none-any.whl.metadata (1.5 kB)
2025-08-17T22:20:22.7005460Z Collecting h11>=0.16 (from httpcore==1.*->httpx<0.29,>=0.27->-r requirements-dev.txt (line 13))
2025-08-17T22:20:22.7018432Z   Using cached h11-0.16.0-py3-none-any.whl.metadata (8.3 kB)
2025-08-17T22:20:22.7266096Z Collecting amqp<6.0.0,>=5.1.1 (from kombu<6.0,>=5.3.4->celery==5.4.0->-r requirements-dev.txt (line 10))
2025-08-17T22:20:22.7280616Z   Using cached amqp-5.3.1-py3-none-any.whl.metadata (8.9 kB)
2025-08-17T22:20:22.7678228Z Collecting iniconfig>=1 (from pytest<9,>=7.0.0->pytest-asyncio==0.23.6->-r requirements-dev.txt (line 25))
2025-08-17T22:20:22.7690890Z   Using cached iniconfig-2.1.0-py3-none-any.whl.metadata (2.7 kB)
2025-08-17T22:20:22.7896437Z Collecting pygments>=2.7.2 (from pytest<9,>=7.0.0->pytest-asyncio==0.23.6->-r requirements-dev.txt (line 25))
2025-08-17T22:20:22.7910702Z   Using cached pygments-2.19.2-py3-none-any.whl.metadata (2.5 kB)
2025-08-17T22:20:22.8263466Z Collecting sniffio>=1.1 (from anyio->httpx<0.29,>=0.27->-r requirements-dev.txt (line 13))
2025-08-17T22:20:22.8276422Z   Using cached sniffio-1.3.1-py3-none-any.whl.metadata (3.9 kB)
2025-08-17T22:20:23.3323124Z Collecting botocore<1.41.0,>=1.40.11 (from boto3->-r requirements-dev.txt (line 7))
2025-08-17T22:20:23.3336203Z   Using cached botocore-1.40.11-py3-none-any.whl.metadata (5.7 kB)
2025-08-17T22:20:23.3457847Z Collecting jmespath<2.0.0,>=0.7.1 (from boto3->-r requirements-dev.txt (line 7))
2025-08-17T22:20:23.3471205Z   Using cached jmespath-1.0.1-py3-none-any.whl.metadata (7.6 kB)
2025-08-17T22:20:23.3625253Z Collecting s3transfer<0.14.0,>=0.13.0 (from boto3->-r requirements-dev.txt (line 7))
2025-08-17T22:20:23.3639409Z   Using cached s3transfer-0.13.1-py3-none-any.whl.metadata (1.7 kB)
2025-08-17T22:20:23.5645695Z Collecting fastapi-cli>=0.0.8 (from fastapi-cli[standard]>=0.0.8; extra == "all"->fastapi[all]->-r requirements-dev.txt (line 12))
2025-08-17T22:20:23.5659130Z   Using cached fastapi_cli-0.0.8-py3-none-any.whl.metadata (6.3 kB)
2025-08-17T22:20:23.6369048Z Collecting ujson!=4.0.2,!=4.1.0,!=4.2.0,!=4.3.0,!=5.0.0,!=5.1.0,>=4.0.1 (from fastapi[all]->-r requirements-dev.txt (line 12))
2025-08-17T22:20:23.6383500Z   Using cached ujson-5.10.0-cp312-cp312-manylinux_2_17_x86_64.manylinux2014_x86_64.whl.metadata (9.3 kB)
2025-08-17T22:20:23.8854511Z Collecting orjson>=3.2.1 (from fastapi[all]->-r requirements-dev.txt (line 12))
2025-08-17T22:20:23.8868461Z   Using cached orjson-3.11.2-cp312-cp312-manylinux_2_17_x86_64.manylinux2014_x86_64.whl.metadata (1.2 kB)
2025-08-17T22:20:23.9006264Z Collecting email-validator>=2.0.0 (from fastapi[all]->-r requirements-dev.txt (line 12))
2025-08-17T22:20:23.9020463Z   Using cached email_validator-2.2.0-py3-none-any.whl.metadata (25 kB)
2025-08-17T22:20:23.9320176Z Collecting uvicorn>=0.12.0 (from uvicorn[standard]>=0.12.0; extra == "all"->fastapi[all]->-r requirements-dev.txt (line 12))
2025-08-17T22:20:23.9334120Z   Using cached uvicorn-0.35.0-py3-none-any.whl.metadata (6.5 kB)
2025-08-17T22:20:23.9518959Z Collecting pydantic-settings>=2.0.0 (from fastapi[all]->-r requirements-dev.txt (line 12))
2025-08-17T22:20:23.9532626Z   Using cached pydantic_settings-2.10.1-py3-none-any.whl.metadata (3.4 kB)
2025-08-17T22:20:23.9686955Z Collecting pydantic-extra-types>=2.0.0 (from fastapi[all]->-r requirements-dev.txt (line 12))
2025-08-17T22:20:23.9701237Z   Using cached pydantic_extra_types-2.10.5-py3-none-any.whl.metadata (3.9 kB)
2025-08-17T22:20:24.0404154Z Collecting prompt-toolkit>=3.0.36 (from click-repl>=0.2.0->celery==5.4.0->-r requirements-dev.txt (line 10))
2025-08-17T22:20:24.0418416Z   Using cached prompt_toolkit-3.0.51-py3-none-any.whl.metadata (6.4 kB)
2025-08-17T22:20:24.0635890Z Collecting dnspython>=2.0.0 (from email-validator>=2.0.0->fastapi[all]->-r requirements-dev.txt (line 12))
2025-08-17T22:20:24.0650508Z   Using cached dnspython-2.7.0-py3-none-any.whl.metadata (5.8 kB)
2025-08-17T22:20:24.0952824Z Collecting typer>=0.15.1 (from fastapi-cli>=0.0.8->fastapi-cli[standard]>=0.0.8; extra == "all"->fastapi[all]->-r requirements-dev.txt (line 12))
2025-08-17T22:20:24.0966628Z   Using cached typer-0.16.0-py3-none-any.whl.metadata (15 kB)
2025-08-17T22:20:24.1246437Z Collecting rich-toolkit>=0.14.8 (from fastapi-cli>=0.0.8->fastapi-cli[standard]>=0.0.8; extra == "all"->fastapi[all]->-r requirements-dev.txt (line 12))
2025-08-17T22:20:24.1259641Z   Using cached rich_toolkit-0.15.0-py3-none-any.whl.metadata (1.0 kB)
2025-08-17T22:20:24.1399640Z Collecting fastapi-cloud-cli>=0.1.1 (from fastapi-cli[standard]>=0.0.8; extra == "all"->fastapi[all]->-r requirements-dev.txt (line 12))
2025-08-17T22:20:24.1413082Z   Using cached fastapi_cloud_cli-0.1.5-py3-none-any.whl.metadata (3.2 kB)
2025-08-17T22:20:24.2525793Z Collecting rignore>=0.5.1 (from fastapi-cloud-cli>=0.1.1->fastapi-cli[standard]>=0.0.8; extra == "all"->fastapi[all]->-r requirements-dev.txt (line 12))
2025-08-17T22:20:24.2539073Z   Using cached rignore-0.6.4-cp312-cp312-manylinux_2_17_x86_64.manylinux2014_x86_64.whl.metadata (3.8 kB)
2025-08-17T22:20:24.3296542Z Collecting sentry-sdk>=2.20.0 (from fastapi-cloud-cli>=0.1.1->fastapi-cli[standard]>=0.0.8; extra == "all"->fastapi[all]->-r requirements-dev.txt (line 12))
2025-08-17T22:20:24.3310000Z   Using cached sentry_sdk-2.35.0-py2.py3-none-any.whl.metadata (10 kB)
2025-08-17T22:20:24.4251685Z Collecting psutil>=4.0.0 (from mirakuru>=2.6.0->pytest-postgresql==7.0.2->-r requirements-dev.txt (line 27))
2025-08-17T22:20:24.4265225Z   Using cached psutil-7.0.0-cp36-abi3-manylinux_2_12_x86_64.manylinux2010_x86_64.manylinux_2_17_x86_64.manylinux2014_x86_64.whl.metadata (22 kB)
2025-08-17T22:20:24.4586117Z Collecting wcwidth (from prompt-toolkit>=3.0.36->click-repl>=0.2.0->celery==5.4.0->-r requirements-dev.txt (line 10))
2025-08-17T22:20:24.4598572Z   Using cached wcwidth-0.2.13-py2.py3-none-any.whl.metadata (14 kB)
2025-08-17T22:20:24.5719949Z Collecting rich>=13.7.1 (from rich-toolkit>=0.14.8->fastapi-cli>=0.0.8->fastapi-cli[standard]>=0.0.8; extra == "all"->fastapi[all]->-r requirements-dev.txt (line 12))
2025-08-17T22:20:24.5733425Z   Using cached rich-14.1.0-py3-none-any.whl.metadata (18 kB)
2025-08-17T22:20:24.5935551Z Collecting markdown-it-py>=2.2.0 (from rich>=13.7.1->rich-toolkit>=0.14.8->fastapi-cli>=0.0.8->fastapi-cli[standard]>=0.0.8; extra == "all"->fastapi[all]->-r requirements-dev.txt (line 12))
2025-08-17T22:20:24.5948632Z   Using cached markdown_it_py-4.0.0-py3-none-any.whl.metadata (7.3 kB)
2025-08-17T22:20:24.6159082Z Collecting mdurl~=0.1 (from markdown-it-py>=2.2.0->rich>=13.7.1->rich-toolkit>=0.14.8->fastapi-cli>=0.0.8->fastapi-cli[standard]>=0.0.8; extra == "all"->fastapi[all]->-r requirements-dev.txt (line 12))
2025-08-17T22:20:24.6171472Z   Using cached mdurl-0.1.2-py3-none-any.whl.metadata (1.6 kB)
2025-08-17T22:20:24.6724204Z Collecting shellingham>=1.3.0 (from typer>=0.15.1->fastapi-cli>=0.0.8->fastapi-cli[standard]>=0.0.8; extra == "all"->fastapi[all]->-r requirements-dev.txt (line 12))
2025-08-17T22:20:24.6736882Z   Using cached shellingham-1.5.4-py2.py3-none-any.whl.metadata (3.5 kB)
2025-08-17T22:20:24.7630800Z Collecting httptools>=0.6.3 (from uvicorn[standard]>=0.12.0; extra == "all"->fastapi[all]->-r requirements-dev.txt (line 12))
2025-08-17T22:20:24.7645992Z   Using cached httptools-0.6.4-cp312-cp312-manylinux_2_5_x86_64.manylinux1_x86_64.manylinux_2_17_x86_64.manylinux2014_x86_64.whl.metadata (3.6 kB)
2025-08-17T22:20:24.8085170Z Collecting uvloop>=0.15.1 (from uvicorn[standard]>=0.12.0; extra == "all"->fastapi[all]->-r requirements-dev.txt (line 12))
2025-08-17T22:20:24.8100117Z   Using cached uvloop-0.21.0-cp312-cp312-manylinux_2_17_x86_64.manylinux2014_x86_64.whl.metadata (4.9 kB)
2025-08-17T22:20:24.8850899Z Collecting watchfiles>=0.13 (from uvicorn[standard]>=0.12.0; extra == "all"->fastapi[all]->-r requirements-dev.txt (line 12))
2025-08-17T22:20:24.8865962Z   Using cached watchfiles-1.1.0-cp312-cp312-manylinux_2_17_x86_64.manylinux2014_x86_64.whl.metadata (4.9 kB)
2025-08-17T22:20:25.1052429Z Collecting websockets>=10.4 (from uvicorn[standard]>=0.12.0; extra == "all"->fastapi[all]->-r requirements-dev.txt (line 12))
2025-08-17T22:20:25.1067033Z   Using cached websockets-15.0.1-cp312-cp312-manylinux_2_5_x86_64.manylinux1_x86_64.manylinux_2_17_x86_64.manylinux2014_x86_64.whl.metadata (6.8 kB)
2025-08-17T22:20:25.1544538Z Collecting argon2-cffi-bindings (from argon2-cffi->minio==7.*->-r requirements-dev.txt (line 9))
2025-08-17T22:20:25.1558764Z   Using cached argon2_cffi_bindings-25.1.0-cp39-abi3-manylinux_2_26_x86_64.manylinux_2_28_x86_64.whl.metadata (7.4 kB)
2025-08-17T22:20:25.2592310Z Collecting cffi>=1.0.1 (from argon2-cffi-bindings->argon2-cffi->minio==7.*->-r requirements-dev.txt (line 9))
2025-08-17T22:20:25.2606515Z   Using cached cffi-1.17.1-cp312-cp312-manylinux_2_17_x86_64.manylinux2014_x86_64.whl.metadata (1.5 kB)
2025-08-17T22:20:25.2733742Z Collecting pycparser (from cffi>=1.0.1->argon2-cffi-bindings->argon2-cffi->minio==7.*->-r requirements-dev.txt (line 9))
2025-08-17T22:20:25.2746453Z   Using cached pycparser-2.22-py3-none-any.whl.metadata (943 bytes)
2025-08-17T22:20:25.3357488Z Using cached jinja2-3.1.6-py3-none-any.whl (134 kB)
2025-08-17T22:20:25.3370189Z Using cached alembic-1.13.1-py3-none-any.whl (233 kB)
2025-08-17T22:20:25.3383631Z Using cached APScheduler-3.10.4-py3-none-any.whl (59 kB)
2025-08-17T22:20:25.3395983Z Using cached asyncpg-0.30.0-cp312-cp312-manylinux_2_17_x86_64.manylinux2014_x86_64.whl (3.6 MB)
2025-08-17T22:20:25.3435794Z Using cached black-25.1.0-cp312-cp312-manylinux_2_17_x86_64.manylinux2014_x86_64.manylinux_2_28_x86_64.whl (1.8 MB)
2025-08-17T22:20:25.3460827Z Using cached celery-5.4.0-py3-none-any.whl (425 kB)
2025-08-17T22:20:25.3475461Z Using cached fastapi-0.116.1-py3-none-any.whl (95 kB)
2025-08-17T22:20:25.3487726Z Using cached pydantic-2.11.7-py3-none-any.whl (444 kB)
2025-08-17T22:20:25.3502478Z Using cached IMAPClient-3.0.1-py2.py3-none-any.whl (182 kB)
2025-08-17T22:20:25.3514186Z Using cached mypy_extensions-1.1.0-py3-none-any.whl (5.0 kB)
2025-08-17T22:20:25.3525275Z Using cached openpyxl-3.1.5-py2.py3-none-any.whl (250 kB)
2025-08-17T22:20:25.3538035Z Using cached psycopg2_binary-2.9.9-cp312-cp312-manylinux_2_17_x86_64.manylinux2014_x86_64.whl (3.0 MB)
2025-08-17T22:20:25.3571830Z Using cached psycopg-3.2.9-py3-none-any.whl (202 kB)
2025-08-17T22:20:25.3583759Z Using cached pytest_asyncio-0.23.6-py3-none-any.whl (17 kB)
2025-08-17T22:20:25.3594651Z Using cached pytest_cov-6.2.1-py3-none-any.whl (24 kB)
2025-08-17T22:20:25.3605974Z Using cached pytest_postgresql-7.0.2-py3-none-any.whl (41 kB)
2025-08-17T22:20:25.3617252Z Using cached python_telegram_bot-22.2-py3-none-any.whl (708 kB)
2025-08-17T22:20:25.3633347Z Using cached requests-2.32.4-py3-none-any.whl (64 kB)
2025-08-17T22:20:25.3644496Z Using cached respx-0.22.0-py2.py3-none-any.whl (25 kB)
2025-08-17T22:20:25.3655779Z Using cached ruff-0.4.4-py3-none-manylinux_2_17_x86_64.manylinux2014_x86_64.whl (8.7 MB)
2025-08-17T22:20:25.3733586Z Using cached SQLAlchemy-2.0.29-cp312-cp312-manylinux_2_17_x86_64.manylinux2014_x86_64.whl (3.2 MB)
2025-08-17T22:20:25.3770035Z Using cached testcontainers-4.10.0-py3-none-any.whl (107 kB)
2025-08-17T22:20:25.3783497Z Using cached types_requests-2.32.0.20240602-py3-none-any.whl (15 kB)
2025-08-17T22:20:25.3795719Z Using cached docspec_python-2.2.2-py3-none-any.whl (15 kB)
2025-08-17T22:20:25.3807651Z Using cached pydoc_markdown-4.8.2-py3-none-any.whl (67 kB)
2025-08-17T22:20:25.3819701Z Using cached docspec-2.2.1-py3-none-any.whl (9.8 kB)
2025-08-17T22:20:25.3831893Z Using cached psycopg_binary-3.2.9-cp312-cp312-manylinux_2_17_x86_64.manylinux2014_x86_64.whl (4.4 MB)
2025-08-17T22:20:25.3876753Z Using cached pydantic_core-2.33.2-cp312-cp312-manylinux_2_17_x86_64.manylinux2014_x86_64.whl (2.0 MB)
2025-08-17T22:20:25.3903697Z Using cached redis-5.3.1-py3-none-any.whl (272 kB)
2025-08-17T22:20:25.3917392Z Using cached minio-7.2.16-py3-none-any.whl (95 kB)
2025-08-17T22:20:25.3929706Z Using cached httpx-0.28.1-py3-none-any.whl (73 kB)
2025-08-17T22:20:25.3942482Z Using cached mypy-1.17.1-cp312-cp312-manylinux2014_x86_64.manylinux_2_17_x86_64.manylinux_2_28_x86_64.whl (12.7 MB)
2025-08-17T22:20:25.4048814Z Using cached numpy-1.26.4-cp312-cp312-manylinux_2_17_x86_64.manylinux2014_x86_64.whl (18.0 MB)
2025-08-17T22:20:25.4194934Z Using cached pandas-2.2.3-cp312-cp312-manylinux_2_17_x86_64.manylinux2014_x86_64.whl (12.7 MB)
2025-08-17T22:20:25.4301616Z Using cached pandera-0.19.3-py3-none-any.whl (251 kB)
2025-08-17T22:20:25.4316371Z Using cached billiard-4.2.1-py3-none-any.whl (86 kB)
2025-08-17T22:20:25.4330510Z Using cached charset_normalizer-3.4.3-cp312-cp312-manylinux2014_x86_64.manylinux_2_17_x86_64.manylinux_2_28_x86_64.whl (151 kB)
2025-08-17T22:20:25.4343920Z Using cached click-8.2.1-py3-none-any.whl (102 kB)
2025-08-17T22:20:25.4356849Z Using cached databind.core-4.5.2-py3-none-any.whl (1.5 kB)
2025-08-17T22:20:25.4368813Z Using cached databind-4.5.2-py3-none-any.whl (49 kB)
2025-08-17T22:20:25.4381301Z Using cached databind.json-4.5.2-py3-none-any.whl (1.5 kB)
2025-08-17T22:20:25.4393126Z Using cached Deprecated-1.2.18-py2.py3-none-any.whl (10.0 kB)
2025-08-17T22:20:25.4404914Z Using cached httpcore-1.0.9-py3-none-any.whl (78 kB)
2025-08-17T22:20:25.4417121Z Using cached idna-3.10-py3-none-any.whl (70 kB)
2025-08-17T22:20:25.4429119Z Using cached kombu-5.5.4-py3-none-any.whl (210 kB)
2025-08-17T22:20:25.4441879Z Using cached vine-5.1.0-py3-none-any.whl (9.6 kB)
2025-08-17T22:20:25.4453514Z Using cached amqp-5.3.1-py3-none-any.whl (50 kB)
2025-08-17T22:20:25.4465171Z Using cached multimethod-1.10-py3-none-any.whl (9.9 kB)
2025-08-17T22:20:25.4476383Z Using cached nr_date-2.1.0-py3-none-any.whl (10 kB)
2025-08-17T22:20:25.4487851Z Using cached nr_stream-1.1.5-py3-none-any.whl (10 kB)
2025-08-17T22:20:25.4499458Z Using cached nr.util-0.8.12-py3-none-any.whl (90 kB)
2025-08-17T22:20:25.4511648Z Using cached pytest-8.4.1-py3-none-any.whl (365 kB)
2025-08-17T22:20:25.4525873Z Using cached pluggy-1.6.0-py3-none-any.whl (20 kB)
2025-08-17T22:20:25.4537784Z Using cached PyYAML-6.0.2-cp312-cp312-manylinux_2_17_x86_64.manylinux2014_x86_64.whl (767 kB)
2025-08-17T22:20:25.4554892Z Using cached starlette-0.47.2-py3-none-any.whl (72 kB)
2025-08-17T22:20:25.4566971Z Using cached anyio-4.10.0-py3-none-any.whl (107 kB)
2025-08-17T22:20:25.4579148Z Using cached tomli-2.2.1-cp312-cp312-manylinux_2_17_x86_64.manylinux2014_x86_64.whl (242 kB)
2025-08-17T22:20:25.4592048Z Using cached tomli_w-1.2.0-py3-none-any.whl (6.7 kB)
2025-08-17T22:20:25.4603278Z Using cached typeapi-2.2.4-py3-none-any.whl (26 kB)
2025-08-17T22:20:25.4616769Z Using cached typing_extensions-4.14.1-py3-none-any.whl (43 kB)
2025-08-17T22:20:25.4628404Z Using cached urllib3-2.5.0-py3-none-any.whl (129 kB)
2025-08-17T22:20:25.4640866Z Using cached wrapt-1.17.3-cp312-cp312-manylinux1_x86_64.manylinux_2_28_x86_64.manylinux_2_5_x86_64.whl (88 kB)
2025-08-17T22:20:25.4652782Z Using cached boto3-1.40.11-py3-none-any.whl (140 kB)
2025-08-17T22:20:25.4665206Z Using cached botocore-1.40.11-py3-none-any.whl (14.0 MB)
2025-08-17T22:20:25.4781478Z Using cached jmespath-1.0.1-py3-none-any.whl (20 kB)
2025-08-17T22:20:25.4794887Z Using cached python_dateutil-2.9.0.post0-py2.py3-none-any.whl (229 kB)
2025-08-17T22:20:25.4809044Z Using cached s3transfer-0.13.1-py3-none-any.whl (85 kB)
2025-08-17T22:20:25.4822842Z Using cached itsdangerous-2.2.0-py3-none-any.whl (16 kB)
2025-08-17T22:20:25.4835411Z Using cached setuptools-80.9.0-py3-none-any.whl (1.2 MB)
2025-08-17T22:20:25.4856663Z Using cached python_dotenv-1.1.1-py3-none-any.whl (20 kB)
2025-08-17T22:20:25.4868826Z Using cached python_multipart-0.0.20-py3-none-any.whl (24 kB)
2025-08-17T22:20:25.4880824Z Using cached annotated_types-0.7.0-py3-none-any.whl (13 kB)
2025-08-17T22:20:25.4893329Z Using cached certifi-2025.8.3-py3-none-any.whl (161 kB)
2025-08-17T22:20:25.4906181Z Using cached click_didyoumean-0.3.1-py3-none-any.whl (3.6 kB)
2025-08-17T22:20:25.4918014Z Using cached click_plugins-1.1.1.2-py2.py3-none-any.whl (11 kB)
2025-08-17T22:20:25.4929486Z Using cached click_repl-0.3.0-py3-none-any.whl (10 kB)
2025-08-17T22:20:25.4941683Z Using cached coverage-7.10.4-cp312-cp312-manylinux1_x86_64.manylinux_2_28_x86_64.manylinux_2_5_x86_64.whl (251 kB)
2025-08-17T22:20:25.4955487Z Using cached email_validator-2.2.0-py3-none-any.whl (33 kB)
2025-08-17T22:20:25.4967328Z Using cached dnspython-2.7.0-py3-none-any.whl (313 kB)
2025-08-17T22:20:25.4981178Z Using cached fastapi_cli-0.0.8-py3-none-any.whl (10 kB)
2025-08-17T22:20:25.4992676Z Using cached fastapi_cloud_cli-0.1.5-py3-none-any.whl (18 kB)
2025-08-17T22:20:25.5004575Z Using cached greenlet-3.2.4-cp312-cp312-manylinux_2_24_x86_64.manylinux_2_28_x86_64.whl (607 kB)
2025-08-17T22:20:25.5020577Z Using cached h11-0.16.0-py3-none-any.whl (37 kB)
2025-08-17T22:20:25.5032473Z Using cached iniconfig-2.1.0-py3-none-any.whl (6.0 kB)
2025-08-17T22:20:25.5044355Z Using cached MarkupSafe-3.0.2-cp312-cp312-manylinux_2_17_x86_64.manylinux2014_x86_64.whl (23 kB)
2025-08-17T22:20:25.5055788Z Using cached mirakuru-2.6.1-py3-none-any.whl (26 kB)
2025-08-17T22:20:25.5067932Z Using cached orjson-3.11.2-cp312-cp312-manylinux_2_17_x86_64.manylinux2014_x86_64.whl (121 kB)
2025-08-17T22:20:25.5098888Z Using cached packaging-25.0-py3-none-any.whl (66 kB)
2025-08-17T22:20:25.5099603Z Using cached pathspec-0.12.1-py3-none-any.whl (31 kB)
2025-08-17T22:20:25.5111669Z Using cached platformdirs-4.3.8-py3-none-any.whl (18 kB)
2025-08-17T22:20:25.5123321Z Using cached port_for-0.7.4-py3-none-any.whl (21 kB)
2025-08-17T22:20:25.5135219Z Using cached prompt_toolkit-3.0.51-py3-none-any.whl (387 kB)
2025-08-17T22:20:25.5150676Z Using cached psutil-7.0.0-cp36-abi3-manylinux_2_12_x86_64.manylinux2010_x86_64.manylinux_2_17_x86_64.manylinux2014_x86_64.whl (277 kB)
2025-08-17T22:20:25.5164319Z Using cached pydantic_extra_types-2.10.5-py3-none-any.whl (38 kB)
2025-08-17T22:20:25.5175997Z Using cached pydantic_settings-2.10.1-py3-none-any.whl (45 kB)
2025-08-17T22:20:25.5187833Z Using cached pygments-2.19.2-py3-none-any.whl (1.2 MB)
2025-08-17T22:20:25.5208898Z Using cached PyJWT-2.10.1-py3-none-any.whl (22 kB)
2025-08-17T22:20:25.5220586Z Using cached pytz-2025.2-py2.py3-none-any.whl (509 kB)
2025-08-17T22:20:25.5236096Z Using cached rich_toolkit-0.15.0-py3-none-any.whl (29 kB)
2025-08-17T22:20:25.5248199Z Using cached rich-14.1.0-py3-none-any.whl (243 kB)
2025-08-17T22:20:25.5261161Z Using cached markdown_it_py-4.0.0-py3-none-any.whl (87 kB)
2025-08-17T22:20:25.5273002Z Using cached mdurl-0.1.2-py3-none-any.whl (10.0 kB)
2025-08-17T22:20:25.5284746Z Using cached rignore-0.6.4-cp312-cp312-manylinux_2_17_x86_64.manylinux2014_x86_64.whl (949 kB)
2025-08-17T22:20:25.5303283Z Using cached sentry_sdk-2.35.0-py2.py3-none-any.whl (363 kB)
2025-08-17T22:20:25.5317277Z Using cached six-1.17.0-py2.py3-none-any.whl (11 kB)
2025-08-17T22:20:25.5329149Z Using cached sniffio-1.3.1-py3-none-any.whl (10 kB)
2025-08-17T22:20:25.5341187Z Using cached typer-0.16.0-py3-none-any.whl (46 kB)
2025-08-17T22:20:25.5352805Z Using cached shellingham-1.5.4-py2.py3-none-any.whl (9.8 kB)
2025-08-17T22:20:25.5364263Z Using cached typing_inspect-0.9.0-py3-none-any.whl (8.8 kB)
2025-08-17T22:20:25.5375787Z Using cached typing_inspection-0.4.1-py3-none-any.whl (14 kB)
2025-08-17T22:20:25.5387434Z Using cached tzdata-2025.2-py2.py3-none-any.whl (347 kB)
2025-08-17T22:20:25.5401399Z Using cached tzlocal-5.3.1-py3-none-any.whl (18 kB)
2025-08-17T22:20:25.5413164Z Using cached ujson-5.10.0-cp312-cp312-manylinux_2_17_x86_64.manylinux2014_x86_64.whl (53 kB)
2025-08-17T22:20:25.5424891Z Using cached uvicorn-0.35.0-py3-none-any.whl (66 kB)
2025-08-17T22:20:25.5437299Z Using cached httptools-0.6.4-cp312-cp312-manylinux_2_5_x86_64.manylinux1_x86_64.manylinux_2_17_x86_64.manylinux2014_x86_64.whl (510 kB)
2025-08-17T22:20:25.5452500Z Using cached uvloop-0.21.0-cp312-cp312-manylinux_2_17_x86_64.manylinux2014_x86_64.whl (4.7 MB)
2025-08-17T22:20:25.5501400Z Using cached watchfiles-1.1.0-cp312-cp312-manylinux_2_17_x86_64.manylinux2014_x86_64.whl (452 kB)
2025-08-17T22:20:25.5517806Z Using cached websockets-15.0.1-cp312-cp312-manylinux_2_5_x86_64.manylinux1_x86_64.manylinux_2_17_x86_64.manylinux2014_x86_64.whl (182 kB)
2025-08-17T22:20:25.5531144Z Using cached yapf-0.43.0-py3-none-any.whl (256 kB)
2025-08-17T22:20:25.5545098Z Using cached argon2_cffi-25.1.0-py3-none-any.whl (14 kB)
2025-08-17T22:20:25.5557744Z Using cached argon2_cffi_bindings-25.1.0-cp39-abi3-manylinux_2_26_x86_64.manylinux_2_28_x86_64.whl (87 kB)
2025-08-17T22:20:25.5570506Z Using cached cffi-1.17.1-cp312-cp312-manylinux_2_17_x86_64.manylinux2014_x86_64.whl (479 kB)
2025-08-17T22:20:25.5586431Z Using cached docker-7.1.0-py3-none-any.whl (147 kB)
2025-08-17T22:20:25.5599179Z Using cached et_xmlfile-2.0.0-py3-none-any.whl (18 kB)
2025-08-17T22:20:25.5611198Z Using cached mako-1.3.10-py3-none-any.whl (78 kB)
2025-08-17T22:20:25.5623513Z Using cached pycparser-2.22-py3-none-any.whl (117 kB)
2025-08-17T22:20:25.5636291Z Using cached pycryptodome-3.23.0-cp37-abi3-manylinux_2_17_x86_64.manylinux2014_x86_64.whl (2.3 MB)
2025-08-17T22:20:25.5664254Z Using cached typeguard-4.4.4-py3-none-any.whl (34 kB)
2025-08-17T22:20:25.5676163Z Using cached watchdog-6.0.0-py3-none-manylinux2014_x86_64.whl (79 kB)
2025-08-17T22:20:25.5688211Z Using cached wcwidth-0.2.13-py2.py3-none-any.whl (34 kB)
2025-08-17T22:20:26.0542797Z Installing collected packages: wcwidth, pytz, wrapt, websockets, watchdog, vine, uvloop, urllib3, ujson, tzlocal, tzdata, typing-extensions, tomli_w, tomli, sniffio, six, shellingham, setuptools, ruff, rignore, PyYAML, python-multipart, python-dotenv, PyJWT, pygments, pycryptodome, pycparser, psycopg2-binary, psycopg-binary, psutil, prompt-toolkit, port-for, pluggy, platformdirs, pathspec, packaging, orjson, numpy, nr-stream, nr-date, mypy-extensions, multimethod, mdurl, MarkupSafe, jmespath, itsdangerous, iniconfig, imapclient, idna, httptools, h11, greenlet, et-xmlfile, docstring-parser, dnspython, coverage, click, charset_normalizer, certifi, billiard, asyncpg, annotated-types, yapf, uvicorn, typing-inspection, typing-inspect, types-requests, typeguard, typeapi, sqlalchemy, sentry-sdk, requests, redis, python-dateutil, pytest, pydantic-core, psycopg, openpyxl, mypy, mirakuru, markdown-it-py, Mako, Jinja2, httpcore, email-validator, Deprecated, click-repl, click-plugins, click-didyoumean, cffi, black, apscheduler, anyio, amqp, watchfiles, starlette, rich, pytest-postgresql, pytest-cov, pytest-asyncio, pydantic, pandas, nr-util, kombu, httpx, docker, databind, botocore, argon2-cffi-bindings, alembic, typer, testcontainers, s3transfer, rich-toolkit, respx, python-telegram-bot, pydantic-settings, pydantic-extra-types, pandera, fastapi, databind.json, databind.core, celery, argon2-cffi, minio, fastapi-cloud-cli, fastapi-cli, docspec, boto3, docspec-python, pydoc-markdown
2025-08-17T22:20:48.1171194Z 
2025-08-17T22:20:48.1296521Z Successfully installed Deprecated-1.2.18 Jinja2-3.1.6 Mako-1.3.10 MarkupSafe-3.0.2 PyJWT-2.10.1 PyYAML-6.0.2 alembic-1.13.1 amqp-5.3.1 annotated-types-0.7.0 anyio-4.10.0 apscheduler-3.10.4 argon2-cffi-25.1.0 argon2-cffi-bindings-25.1.0 asyncpg-0.30.0 billiard-4.2.1 black-25.1.0 boto3-1.40.11 botocore-1.40.11 celery-5.4.0 certifi-2025.8.3 cffi-1.17.1 charset_normalizer-3.4.3 click-8.2.1 click-didyoumean-0.3.1 click-plugins-1.1.1.2 click-repl-0.3.0 coverage-7.10.4 databind-4.5.2 databind.core-4.5.2 databind.json-4.5.2 dnspython-2.7.0 docker-7.1.0 docspec-2.2.1 docspec-python-2.2.2 docstring-parser-0.11 email-validator-2.2.0 et-xmlfile-2.0.0 fastapi-0.116.1 fastapi-cli-0.0.8 fastapi-cloud-cli-0.1.5 greenlet-3.2.4 h11-0.16.0 httpcore-1.0.9 httptools-0.6.4 httpx-0.28.1 idna-3.10 imapclient-3.0.1 iniconfig-2.1.0 itsdangerous-2.2.0 jmespath-1.0.1 kombu-5.5.4 markdown-it-py-4.0.0 mdurl-0.1.2 minio-7.2.16 mirakuru-2.6.1 multimethod-1.10 mypy-1.17.1 mypy-extensions-1.1.0 nr-date-2.1.0 nr-stream-1.1.5 nr-util-0.8.12 numpy-1.26.4 openpyxl-3.1.5 orjson-3.11.2 packaging-25.0 pandas-2.2.3 pandera-0.19.3 pathspec-0.12.1 platformdirs-4.3.8 pluggy-1.6.0 port-for-0.7.4 prompt-toolkit-3.0.51 psutil-7.0.0 psycopg-3.2.9 psycopg-binary-3.2.9 psycopg2-binary-2.9.9 pycparser-2.22 pycryptodome-3.23.0 pydantic-2.11.7 pydantic-core-2.33.2 pydantic-extra-types-2.10.5 pydantic-settings-2.10.1 pydoc-markdown-4.8.2 pygments-2.19.2 pytest-8.4.1 pytest-asyncio-0.23.6 pytest-cov-6.2.1 pytest-postgresql-7.0.2 python-dateutil-2.9.0.post0 python-dotenv-1.1.1 python-multipart-0.0.20 python-telegram-bot-22.2 pytz-2025.2 redis-5.3.1 requests-2.32.4 respx-0.22.0 rich-14.1.0 rich-toolkit-0.15.0 rignore-0.6.4 ruff-0.4.4 s3transfer-0.13.1 sentry-sdk-2.35.0 setuptools-80.9.0 shellingham-1.5.4 six-1.17.0 sniffio-1.3.1 sqlalchemy-2.0.29 starlette-0.47.2 testcontainers-4.10.0 tomli-2.2.1 tomli_w-1.2.0 typeapi-2.2.4 typeguard-4.4.4 typer-0.16.0 types-requests-2.32.0.20240602 typing-extensions-4.14.1 typing-inspect-0.9.0 typing-inspection-0.4.1 tzdata-2025.2 tzlocal-5.3.1 ujson-5.10.0 urllib3-2.5.0 uvicorn-0.35.0 uvloop-0.21.0 vine-5.1.0 watchdog-6.0.0 watchfiles-1.1.0 wcwidth-0.2.13 websockets-15.0.1 wrapt-1.17.3 yapf-0.43.0
2025-08-17T22:20:50.2985514Z Collecting keepa==1.3.15
2025-08-17T22:20:50.3000564Z   Using cached keepa-1.3.15-py3-none-any.whl.metadata (11 kB)
2025-08-17T22:20:50.3290185Z Collecting minio==7.1.15
2025-08-17T22:20:50.3304078Z   Using cached minio-7.1.15-py3-none-any.whl.metadata (4.2 kB)
2025-08-17T22:20:50.3334659Z Requirement already satisfied: numpy>=1.9.3 in /opt/hostedtoolcache/Python/3.12.11/x64/lib/python3.12/site-packages (from keepa==1.3.15) (1.26.4)
2025-08-17T22:20:50.3340034Z Requirement already satisfied: requests>=2.2 in /opt/hostedtoolcache/Python/3.12.11/x64/lib/python3.12/site-packages (from keepa==1.3.15) (2.32.4)
2025-08-17T22:20:50.3664194Z Collecting tqdm (from keepa==1.3.15)
2025-08-17T22:20:50.3678466Z   Using cached tqdm-4.67.1-py3-none-any.whl.metadata (57 kB)
2025-08-17T22:20:50.8609049Z Collecting aiohttp (from keepa==1.3.15)
2025-08-17T22:20:50.8622805Z   Using cached aiohttp-3.12.15-cp312-cp312-manylinux_2_17_x86_64.manylinux2014_x86_64.whl.metadata (7.7 kB)
2025-08-17T22:20:50.8658681Z Requirement already satisfied: pandas<=3.0 in /opt/hostedtoolcache/Python/3.12.11/x64/lib/python3.12/site-packages (from keepa==1.3.15) (2.2.3)
2025-08-17T22:20:50.8662083Z Requirement already satisfied: pydantic in /opt/hostedtoolcache/Python/3.12.11/x64/lib/python3.12/site-packages (from keepa==1.3.15) (2.11.7)
2025-08-17T22:20:50.8670090Z Requirement already satisfied: certifi in /opt/hostedtoolcache/Python/3.12.11/x64/lib/python3.12/site-packages (from minio==7.1.15) (2025.8.3)
2025-08-17T22:20:50.8673532Z Requirement already satisfied: urllib3 in /opt/hostedtoolcache/Python/3.12.11/x64/lib/python3.12/site-packages (from minio==7.1.15) (2.5.0)
2025-08-17T22:20:50.8734578Z Requirement already satisfied: python-dateutil>=2.8.2 in /opt/hostedtoolcache/Python/3.12.11/x64/lib/python3.12/site-packages (from pandas<=3.0->keepa==1.3.15) (2.9.0.post0)
2025-08-17T22:20:50.8739654Z Requirement already satisfied: pytz>=2020.1 in /opt/hostedtoolcache/Python/3.12.11/x64/lib/python3.12/site-packages (from pandas<=3.0->keepa==1.3.15) (2025.2)
2025-08-17T22:20:50.8744691Z Requirement already satisfied: tzdata>=2022.7 in /opt/hostedtoolcache/Python/3.12.11/x64/lib/python3.12/site-packages (from pandas<=3.0->keepa==1.3.15) (2025.2)
2025-08-17T22:20:50.8875190Z Requirement already satisfied: six>=1.5 in /opt/hostedtoolcache/Python/3.12.11/x64/lib/python3.12/site-packages (from python-dateutil>=2.8.2->pandas<=3.0->keepa==1.3.15) (1.17.0)
2025-08-17T22:20:50.8895353Z Requirement already satisfied: charset_normalizer<4,>=2 in /opt/hostedtoolcache/Python/3.12.11/x64/lib/python3.12/site-packages (from requests>=2.2->keepa==1.3.15) (3.4.3)
2025-08-17T22:20:50.8901841Z Requirement already satisfied: idna<4,>=2.5 in /opt/hostedtoolcache/Python/3.12.11/x64/lib/python3.12/site-packages (from requests>=2.2->keepa==1.3.15) (3.10)
2025-08-17T22:20:50.9104119Z Collecting aiohappyeyeballs>=2.5.0 (from aiohttp->keepa==1.3.15)
2025-08-17T22:20:50.9117554Z   Using cached aiohappyeyeballs-2.6.1-py3-none-any.whl.metadata (5.9 kB)
2025-08-17T22:20:50.9231241Z Collecting aiosignal>=1.4.0 (from aiohttp->keepa==1.3.15)
2025-08-17T22:20:50.9245014Z   Using cached aiosignal-1.4.0-py3-none-any.whl.metadata (3.7 kB)
2025-08-17T22:20:50.9411163Z Collecting attrs>=17.3.0 (from aiohttp->keepa==1.3.15)
2025-08-17T22:20:50.9424857Z   Using cached attrs-25.3.0-py3-none-any.whl.metadata (10 kB)
2025-08-17T22:20:51.0169103Z Collecting frozenlist>=1.1.1 (from aiohttp->keepa==1.3.15)
2025-08-17T22:20:51.0183392Z   Using cached frozenlist-1.7.0-cp312-cp312-manylinux_2_5_x86_64.manylinux1_x86_64.manylinux_2_17_x86_64.manylinux2014_x86_64.whl.metadata (18 kB)
2025-08-17T22:20:51.2726745Z Collecting multidict<7.0,>=4.5 (from aiohttp->keepa==1.3.15)
2025-08-17T22:20:51.2741860Z   Using cached multidict-6.6.4-cp312-cp312-manylinux2014_x86_64.manylinux_2_17_x86_64.manylinux_2_28_x86_64.whl.metadata (5.3 kB)
2025-08-17T22:20:51.3176504Z Collecting propcache>=0.2.0 (from aiohttp->keepa==1.3.15)
2025-08-17T22:20:51.3191168Z   Using cached propcache-0.3.2-cp312-cp312-manylinux_2_17_x86_64.manylinux2014_x86_64.whl.metadata (12 kB)
2025-08-17T22:20:51.5577475Z Collecting yarl<2.0,>=1.17.0 (from aiohttp->keepa==1.3.15)
2025-08-17T22:20:51.5591954Z   Using cached yarl-1.20.1-cp312-cp312-manylinux_2_17_x86_64.manylinux2014_x86_64.whl.metadata (73 kB)
2025-08-17T22:20:51.5818730Z Requirement already satisfied: typing-extensions>=4.2 in /opt/hostedtoolcache/Python/3.12.11/x64/lib/python3.12/site-packages (from aiosignal>=1.4.0->aiohttp->keepa==1.3.15) (4.14.1)
2025-08-17T22:20:51.5870759Z Requirement already satisfied: annotated-types>=0.6.0 in /opt/hostedtoolcache/Python/3.12.11/x64/lib/python3.12/site-packages (from pydantic->keepa==1.3.15) (0.7.0)
2025-08-17T22:20:51.5877001Z Requirement already satisfied: pydantic-core==2.33.2 in /opt/hostedtoolcache/Python/3.12.11/x64/lib/python3.12/site-packages (from pydantic->keepa==1.3.15) (2.33.2)
2025-08-17T22:20:51.5885033Z Requirement already satisfied: typing-inspection>=0.4.0 in /opt/hostedtoolcache/Python/3.12.11/x64/lib/python3.12/site-packages (from pydantic->keepa==1.3.15) (0.4.1)
2025-08-17T22:20:51.5949774Z Using cached keepa-1.3.15-py3-none-any.whl (38 kB)
2025-08-17T22:20:51.5961564Z Using cached minio-7.1.15-py3-none-any.whl (77 kB)
2025-08-17T22:20:51.5974112Z Using cached aiohttp-3.12.15-cp312-cp312-manylinux_2_17_x86_64.manylinux2014_x86_64.whl (1.7 MB)
2025-08-17T22:20:51.5998180Z Using cached multidict-6.6.4-cp312-cp312-manylinux2014_x86_64.manylinux_2_17_x86_64.manylinux_2_28_x86_64.whl (256 kB)
2025-08-17T22:20:51.6010901Z Using cached yarl-1.20.1-cp312-cp312-manylinux_2_17_x86_64.manylinux2014_x86_64.whl (355 kB)
2025-08-17T22:20:51.6024845Z Using cached aiohappyeyeballs-2.6.1-py3-none-any.whl (15 kB)
2025-08-17T22:20:51.6036045Z Using cached aiosignal-1.4.0-py3-none-any.whl (7.5 kB)
2025-08-17T22:20:51.6047214Z Using cached attrs-25.3.0-py3-none-any.whl (63 kB)
2025-08-17T22:20:51.6059381Z Using cached frozenlist-1.7.0-cp312-cp312-manylinux_2_5_x86_64.manylinux1_x86_64.manylinux_2_17_x86_64.manylinux2014_x86_64.whl (241 kB)
2025-08-17T22:20:51.6072500Z Using cached propcache-0.3.2-cp312-cp312-manylinux_2_17_x86_64.manylinux2014_x86_64.whl (224 kB)
2025-08-17T22:20:51.6084907Z Using cached tqdm-4.67.1-py3-none-any.whl (78 kB)
2025-08-17T22:20:51.7911338Z Installing collected packages: tqdm, propcache, multidict, minio, frozenlist, attrs, aiohappyeyeballs, yarl, aiosignal, aiohttp, keepa
2025-08-17T22:20:51.8682644Z   Attempting uninstall: minio
2025-08-17T22:20:51.8732368Z     Found existing installation: minio 7.2.16
2025-08-17T22:20:51.8771476Z     Uninstalling minio-7.2.16:
2025-08-17T22:20:51.8782683Z       Successfully uninstalled minio-7.2.16
2025-08-17T22:20:52.2745287Z 
2025-08-17T22:20:52.2862586Z Successfully installed aiohappyeyeballs-2.6.1 aiohttp-3.12.15 aiosignal-1.4.0 attrs-25.3.0 frozenlist-1.7.0 keepa-1.3.15 minio-7.1.15 multidict-6.6.4 propcache-0.3.2 tqdm-4.67.1 yarl-1.20.1
2025-08-17T22:20:52.5934748Z ##[group]Run for i in {1..30}; do pg_isready -h "$PG_HOST" -p "$PG_PORT" -U "$PG_USER" -d "$PG_DATABASE" && break; sleep 1; done
2025-08-17T22:20:52.5935909Z [36;1mfor i in {1..30}; do pg_isready -h "$PG_HOST" -p "$PG_PORT" -U "$PG_USER" -d "$PG_DATABASE" && break; sleep 1; done[0m
2025-08-17T22:20:52.5998679Z shell: /usr/bin/bash -e {0}
2025-08-17T22:20:52.5999080Z env:
2025-08-17T22:20:52.5999380Z   PG_USER: postgres
2025-08-17T22:20:52.5999713Z   PG_PASSWORD: pass
2025-08-17T22:20:52.6000034Z   PG_DATABASE: awa
2025-08-17T22:20:52.6000365Z   PG_HOST: localhost
2025-08-17T22:20:52.6000704Z   PG_PORT: 5432
2025-08-17T22:20:52.6002091Z   PG_SYNC_DSN: ***localhost:5432/awa
2025-08-17T22:20:52.6002857Z   PG_ASYNC_DSN: ***localhost:5432/awa
2025-08-17T22:20:52.6003607Z   DATABASE_URL: ***localhost:5432/awa
2025-08-17T22:20:52.6004036Z   DATA_DIR: /tmp/awa-data
2025-08-17T22:20:52.6004422Z   ENABLE_LIVE: 0
2025-08-17T22:20:52.6004723Z   TESTING: 1
2025-08-17T22:20:52.6005212Z   pythonLocation: /opt/hostedtoolcache/Python/3.12.11/x64
2025-08-17T22:20:52.6005967Z   PKG_CONFIG_PATH: /opt/hostedtoolcache/Python/3.12.11/x64/lib/pkgconfig
2025-08-17T22:20:52.6006654Z   Python_ROOT_DIR: /opt/hostedtoolcache/Python/3.12.11/x64
2025-08-17T22:20:52.6007266Z   Python2_ROOT_DIR: /opt/hostedtoolcache/Python/3.12.11/x64
2025-08-17T22:20:52.6007958Z   Python3_ROOT_DIR: /opt/hostedtoolcache/Python/3.12.11/x64
2025-08-17T22:20:52.6008572Z   LD_LIBRARY_PATH: /opt/hostedtoolcache/Python/3.12.11/x64/lib
2025-08-17T22:20:52.6009093Z ##[endgroup]
2025-08-17T22:20:52.6795671Z localhost:5432 - accepting connections
2025-08-17T22:20:52.6828554Z ##[group]Run alembic -c services/api/alembic.ini upgrade head
2025-08-17T22:20:52.6828994Z [36;1malembic -c services/api/alembic.ini upgrade head[0m
2025-08-17T22:20:52.6870176Z shell: /usr/bin/bash -e {0}
2025-08-17T22:20:52.6870412Z env:
2025-08-17T22:20:52.6870598Z   PG_USER: postgres
2025-08-17T22:20:52.6870793Z   PG_PASSWORD: pass
2025-08-17T22:20:52.6871206Z   PG_DATABASE: awa
2025-08-17T22:20:52.6871405Z   PG_HOST: localhost
2025-08-17T22:20:52.6871595Z   PG_PORT: 5432
2025-08-17T22:20:52.6872128Z   PG_SYNC_DSN: ***localhost:5432/awa
2025-08-17T22:20:52.6872585Z   PG_ASYNC_DSN: ***localhost:5432/awa
2025-08-17T22:20:52.6872957Z   DATABASE_URL: ***localhost:5432/awa
2025-08-17T22:20:52.6873195Z   DATA_DIR: /tmp/awa-data
2025-08-17T22:20:52.6873403Z   ENABLE_LIVE: 0
2025-08-17T22:20:52.6873570Z   TESTING: 1
2025-08-17T22:20:52.6873805Z   pythonLocation: /opt/hostedtoolcache/Python/3.12.11/x64
2025-08-17T22:20:52.6874250Z   PKG_CONFIG_PATH: /opt/hostedtoolcache/Python/3.12.11/x64/lib/pkgconfig
2025-08-17T22:20:52.6874638Z   Python_ROOT_DIR: /opt/hostedtoolcache/Python/3.12.11/x64
2025-08-17T22:20:52.6874990Z   Python2_ROOT_DIR: /opt/hostedtoolcache/Python/3.12.11/x64
2025-08-17T22:20:52.6875338Z   Python3_ROOT_DIR: /opt/hostedtoolcache/Python/3.12.11/x64
2025-08-17T22:20:52.6875699Z   LD_LIBRARY_PATH: /opt/hostedtoolcache/Python/3.12.11/x64/lib
2025-08-17T22:20:52.6875986Z ##[endgroup]
2025-08-17T22:20:53.8261910Z INFO  [alembic.runtime.migration] Context impl PostgresqlImpl.
2025-08-17T22:20:53.8262671Z INFO  [alembic.runtime.migration] Will assume transactional DDL.
2025-08-17T22:20:53.8454092Z INFO  [alembic.runtime.migration] Running upgrade  -> 0001_baseline
2025-08-17T22:20:53.8620359Z INFO  [alembic.runtime.migration] Running upgrade 0001_baseline -> 0002_create_roi_view
2025-08-17T22:20:53.8650413Z INFO  [alembic.runtime.migration] Running upgrade 0002_create_roi_view -> 3e9d5c5aff2c
2025-08-17T22:20:53.8845086Z INFO  [alembic.runtime.migration] Running upgrade 3e9d5c5aff2c -> 0003_vendor_prices
2025-08-17T22:20:53.9008463Z INFO  [alembic.runtime.migration] Running upgrade 0003_vendor_prices -> 0004_fee_cron
2025-08-17T22:20:53.9096928Z INFO  [alembic.runtime.migration] Running upgrade 0004_fee_cron -> 0006_fix_roi_views
2025-08-17T22:20:53.9133737Z INFO  [alembic.runtime.migration] Running upgrade 0006_fix_roi_views -> 0020_unified_schema
2025-08-17T22:20:53.9257640Z INFO  [alembic.runtime.migration] Running upgrade 0020_unified_schema -> 0022_fix_roi_view
2025-08-17T22:20:53.9332019Z INFO  [alembic.runtime.migration] Running upgrade 0022_fix_roi_view -> 0023_add_storage_fee
2025-08-17T22:20:53.9377509Z INFO  [alembic.runtime.migration] Running upgrade 0023_add_storage_fee -> 0024_create_buybox
2025-08-17T22:20:53.9406766Z INFO  [alembic.runtime.migration] Running upgrade 0024_create_buybox -> 0025_pr4_indexes_loadlog
2025-08-17T22:20:53.9649946Z INFO  [alembic.runtime.migration] Running upgrade 0025_pr4_indexes_loadlog -> 0026_amazon_new_reports
2025-08-17T22:20:54.1477166Z ##[group]Run python - <<'PY'
2025-08-17T22:20:54.1477706Z [36;1mpython - <<'PY'[0m
2025-08-17T22:20:54.1478185Z [36;1mfrom fastapi.testclient import TestClient[0m
2025-08-17T22:20:54.1478708Z [36;1mfrom services.api.main import app[0m
2025-08-17T22:20:54.1479197Z [36;1mc = TestClient(app)[0m
2025-08-17T22:20:54.1479605Z [36;1mr = c.get('/roi-review')[0m
2025-08-17T22:20:54.1480039Z [36;1massert r.status_code < 500, r.text[0m
2025-08-17T22:20:54.1480462Z [36;1mPY[0m
2025-08-17T22:20:54.1526207Z shell: /usr/bin/bash -e {0}
2025-08-17T22:20:54.1526450Z env:
2025-08-17T22:20:54.1526637Z   PG_USER: postgres
2025-08-17T22:20:54.1526844Z   PG_PASSWORD: pass
2025-08-17T22:20:54.1527022Z   PG_DATABASE: awa
2025-08-17T22:20:54.1527201Z   PG_HOST: localhost
2025-08-17T22:20:54.1527381Z   PG_PORT: 5432
2025-08-17T22:20:54.1528104Z   PG_SYNC_DSN: ***localhost:5432/awa
2025-08-17T22:20:54.1528818Z   PG_ASYNC_DSN: ***localhost:5432/awa
2025-08-17T22:20:54.1529582Z   DATABASE_URL: ***localhost:5432/awa
2025-08-17T22:20:54.1529992Z   DATA_DIR: /tmp/awa-data
2025-08-17T22:20:54.1530352Z   ENABLE_LIVE: 0
2025-08-17T22:20:54.1530667Z   TESTING: 1
2025-08-17T22:20:54.1531297Z   pythonLocation: /opt/hostedtoolcache/Python/3.12.11/x64
2025-08-17T22:20:54.1531979Z   PKG_CONFIG_PATH: /opt/hostedtoolcache/Python/3.12.11/x64/lib/pkgconfig
2025-08-17T22:20:54.1532707Z   Python_ROOT_DIR: /opt/hostedtoolcache/Python/3.12.11/x64
2025-08-17T22:20:54.1533321Z   Python2_ROOT_DIR: /opt/hostedtoolcache/Python/3.12.11/x64
2025-08-17T22:20:54.1533928Z   Python3_ROOT_DIR: /opt/hostedtoolcache/Python/3.12.11/x64
2025-08-17T22:20:54.1534349Z   LD_LIBRARY_PATH: /opt/hostedtoolcache/Python/3.12.11/x64/lib
2025-08-17T22:20:54.1534644Z ##[endgroup]
2025-08-17T22:20:55.5594870Z ##[group]Run alembic -c services/api/alembic.ini downgrade base
2025-08-17T22:20:55.5595321Z [36;1malembic -c services/api/alembic.ini downgrade base[0m
2025-08-17T22:20:55.5636673Z shell: /usr/bin/bash -e {0}
2025-08-17T22:20:55.5636914Z env:
2025-08-17T22:20:55.5637103Z   PG_USER: postgres
2025-08-17T22:20:55.5637303Z   PG_PASSWORD: pass
2025-08-17T22:20:55.5637478Z   PG_DATABASE: awa
2025-08-17T22:20:55.5637665Z   PG_HOST: localhost
2025-08-17T22:20:55.5637852Z   PG_PORT: 5432
2025-08-17T22:20:55.5638331Z   PG_SYNC_DSN: ***localhost:5432/awa
2025-08-17T22:20:55.5638769Z   PG_ASYNC_DSN: ***localhost:5432/awa
2025-08-17T22:20:55.5639153Z   DATABASE_URL: ***localhost:5432/awa
2025-08-17T22:20:55.5639398Z   DATA_DIR: /tmp/awa-data
2025-08-17T22:20:55.5639606Z   ENABLE_LIVE: 0
2025-08-17T22:20:55.5639783Z   TESTING: 1
2025-08-17T22:20:55.5640022Z   pythonLocation: /opt/hostedtoolcache/Python/3.12.11/x64
2025-08-17T22:20:55.5640479Z   PKG_CONFIG_PATH: /opt/hostedtoolcache/Python/3.12.11/x64/lib/pkgconfig
2025-08-17T22:20:55.5640865Z   Python_ROOT_DIR: /opt/hostedtoolcache/Python/3.12.11/x64
2025-08-17T22:20:55.5641375Z   Python2_ROOT_DIR: /opt/hostedtoolcache/Python/3.12.11/x64
2025-08-17T22:20:55.5641729Z   Python3_ROOT_DIR: /opt/hostedtoolcache/Python/3.12.11/x64
2025-08-17T22:20:55.5642080Z   LD_LIBRARY_PATH: /opt/hostedtoolcache/Python/3.12.11/x64/lib
2025-08-17T22:20:55.5642370Z ##[endgroup]
2025-08-17T22:20:56.0651721Z INFO  [alembic.runtime.migration] Context impl PostgresqlImpl.
2025-08-17T22:20:56.0652448Z INFO  [alembic.runtime.migration] Will assume transactional DDL.
2025-08-17T22:20:56.0743183Z INFO  [alembic.runtime.migration] Running downgrade 0026_amazon_new_reports -> 0025_pr4_indexes_loadlog
2025-08-17T22:20:56.0845454Z INFO  [alembic.runtime.migration] Running downgrade 0025_pr4_indexes_loadlog -> 0024_create_buybox
2025-08-17T22:20:56.0891569Z INFO  [alembic.runtime.migration] Running downgrade 0024_create_buybox -> 0023_add_storage_fee
2025-08-17T22:20:56.0903561Z INFO  [alembic.runtime.migration] Running downgrade 0023_add_storage_fee -> 0022_fix_roi_view
2025-08-17T22:20:56.1084779Z INFO  [alembic.runtime.migration] Running downgrade 0022_fix_roi_view -> 0020_unified_schema
2025-08-17T22:20:56.1112923Z INFO  [alembic.runtime.migration] Running downgrade 0020_unified_schema -> 0006_fix_roi_views
2025-08-17T22:20:56.1155092Z INFO  [alembic.runtime.migration] Running downgrade 0006_fix_roi_views -> 0004_fee_cron
2025-08-17T22:20:56.1168343Z INFO  [alembic.runtime.migration] Running downgrade 0004_fee_cron -> 0003_vendor_prices
2025-08-17T22:20:56.1262291Z INFO  [alembic.runtime.migration] Running downgrade 0003_vendor_prices -> 3e9d5c5aff2c
2025-08-17T22:20:56.1306198Z INFO  [alembic.runtime.migration] Running downgrade 3e9d5c5aff2c -> 0002_create_roi_view
2025-08-17T22:20:56.1351645Z INFO  [alembic.runtime.migration] Running downgrade 0002_create_roi_view -> 0001_baseline
2025-08-17T22:20:56.1362075Z INFO  [alembic.runtime.migration] Running downgrade 0001_baseline -> 
2025-08-17T22:20:56.2837189Z ##[group]Run test "$(alembic -c services/api/alembic.ini heads | wc -l)" -eq 1
2025-08-17T22:20:56.2838097Z [36;1mtest "$(alembic -c services/api/alembic.ini heads | wc -l)" -eq 1[0m
2025-08-17T22:20:56.2885257Z shell: /usr/bin/bash -e {0}
2025-08-17T22:20:56.2885653Z env:
2025-08-17T22:20:56.2885961Z   PG_USER: postgres
2025-08-17T22:20:56.2886298Z   PG_PASSWORD: pass
2025-08-17T22:20:56.2886614Z   PG_DATABASE: awa
2025-08-17T22:20:56.2886937Z   PG_HOST: localhost
2025-08-17T22:20:56.2887270Z   PG_PORT: 5432
2025-08-17T22:20:56.2888062Z   PG_SYNC_DSN: ***localhost:5432/awa
2025-08-17T22:20:56.2888505Z   PG_ASYNC_DSN: ***localhost:5432/awa
2025-08-17T22:20:56.2889031Z   DATABASE_URL: ***localhost:5432/awa
2025-08-17T22:20:56.2889478Z   DATA_DIR: /tmp/awa-data
2025-08-17T22:20:56.2889834Z   ENABLE_LIVE: 0
2025-08-17T22:20:56.2890144Z   TESTING: 1
2025-08-17T22:20:56.2890556Z   pythonLocation: /opt/hostedtoolcache/Python/3.12.11/x64
2025-08-17T22:20:56.2891653Z   PKG_CONFIG_PATH: /opt/hostedtoolcache/Python/3.12.11/x64/lib/pkgconfig
2025-08-17T22:20:56.2892357Z   Python_ROOT_DIR: /opt/hostedtoolcache/Python/3.12.11/x64
2025-08-17T22:20:56.2892973Z   Python2_ROOT_DIR: /opt/hostedtoolcache/Python/3.12.11/x64
2025-08-17T22:20:56.2893619Z   Python3_ROOT_DIR: /opt/hostedtoolcache/Python/3.12.11/x64
2025-08-17T22:20:56.2894267Z   LD_LIBRARY_PATH: /opt/hostedtoolcache/Python/3.12.11/x64/lib
2025-08-17T22:20:56.2894779Z ##[endgroup]
2025-08-17T22:20:56.7025589Z Post job cleanup.
2025-08-17T22:20:56.8680170Z Cache hit occurred on the primary key setup-python-Linux-x64-24.04-Ubuntu-python-3.12.11-pip-842a859a37b6f31d35b1262d499b1acd0270bca26490137bed88679f7bc0eea4, not saving cache.
2025-08-17T22:20:56.8843832Z Post job cleanup.
2025-08-17T22:20:56.9862455Z [command]/usr/bin/git version
2025-08-17T22:20:56.9903076Z git version 2.50.1
2025-08-17T22:20:56.9950663Z Temporarily overriding HOME='/home/runner/work/_temp/94502a27-cebc-4137-b178-808de2993eed' before making global git config changes
2025-08-17T22:20:56.9952182Z Adding repository directory to the temporary git global config as a safe directory
2025-08-17T22:20:56.9958316Z [command]/usr/bin/git config --global --add safe.directory /home/runner/work/AWA-App/AWA-App
2025-08-17T22:20:57.0004082Z [command]/usr/bin/git config --local --name-only --get-regexp core\.sshCommand
2025-08-17T22:20:57.0044058Z [command]/usr/bin/git submodule foreach --recursive sh -c "git config --local --name-only --get-regexp 'core\.sshCommand' && git config --local --unset-all 'core.sshCommand' || :"
2025-08-17T22:20:57.0297144Z [command]/usr/bin/git config --local --name-only --get-regexp http\.https\:\/\/github\.com\/\.extraheader
2025-08-17T22:20:57.0323055Z http.https://github.com/.extraheader
2025-08-17T22:20:57.0337096Z [command]/usr/bin/git config --local --unset-all http.https://github.com/.extraheader
2025-08-17T22:20:57.0373150Z [command]/usr/bin/git submodule foreach --recursive sh -c "git config --local --name-only --get-regexp 'http\.https\:\/\/github\.com\/\.extraheader' && git config --local --unset-all 'http.https://github.com/.extraheader' || :"
2025-08-17T22:20:57.0717171Z Print service container logs: 8f008b96b9584c3198bdf4eff48d3fbf_postgres15_b12aab
2025-08-17T22:20:57.0722534Z ##[command]/usr/bin/docker logs --details 5379792b96db5f1adeed115d400d7e42c0d16cede38143395bbd54cbcaa9c433
2025-08-17T22:20:57.0859072Z  The files belonging to this database system will be owned by user "postgres".
2025-08-17T22:20:57.0861955Z  initdb: warning: enabling "trust" authentication for local connections
2025-08-17T22:20:57.0862619Z  This user must also own the server process.
2025-08-17T22:20:57.0863038Z  
2025-08-17T22:20:57.0863469Z  The database cluster will be initialized with locale "en_US.utf8".
2025-08-17T22:20:57.0864141Z  The default database encoding has accordingly been set to "UTF8".
2025-08-17T22:20:57.0864824Z  The default text search configuration will be set to "english".
2025-08-17T22:20:57.0865339Z  
2025-08-17T22:20:57.0865642Z  Data page checksums are disabled.
2025-08-17T22:20:57.0866030Z  
2025-08-17T22:20:57.0866561Z  fixing permissions on existing directory /var/lib/postgresql/data ... ok
2025-08-17T22:20:57.0867176Z  creating subdirectories ... ok
2025-08-17T22:20:57.0867666Z  selecting dynamic shared memory implementation ... posix
2025-08-17T22:20:57.0868205Z  selecting default max_connections ... 100
2025-08-17T22:20:57.0868658Z  selecting default shared_buffers ... 128MB
2025-08-17T22:20:57.0869100Z  selecting default time zone ... Etc/UTC
2025-08-17T22:20:57.0869521Z  creating configuration files ... ok
2025-08-17T22:20:57.0869946Z  running bootstrap script ... ok
2025-08-17T22:20:57.0870392Z  performing post-bootstrap initialization ... ok
2025-08-17T22:20:57.0870863Z  syncing data to disk ... ok
2025-08-17T22:20:57.0871441Z  
2025-08-17T22:20:57.0871686Z  
2025-08-17T22:20:57.0872030Z  Success. You can now start the database server using:
2025-08-17T22:20:57.0872385Z  
2025-08-17T22:20:57.0872620Z      pg_ctl -D /var/lib/postgresql/data -l logfile start
2025-08-17T22:20:57.0872891Z  
2025-08-17T22:20:57.0873388Z  initdb: hint: You can change this by editing pg_hba.conf or using the option -A, or --auth-local and --auth-host, the next time you run initdb.
2025-08-17T22:20:57.0874224Z  2025-08-17 22:20:02.490 UTC [1] LOG:  starting PostgreSQL 15.14 (Debian 15.14-1.pgdg13+1) on x86_64-pc-linux-gnu, compiled by gcc (Debian 14.2.0-19) 14.2.0, 64-bit
2025-08-17T22:20:57.0874845Z  2025-08-17 22:20:02.490 UTC [1] LOG:  listening on IPv4 address "0.0.0.0", port 5432
2025-08-17T22:20:57.0875257Z  2025-08-17 22:20:02.490 UTC [1] LOG:  listening on IPv6 address "::", port 5432
2025-08-17T22:20:57.0876068Z  2025-08-17 22:20:02.491 UTC [1] LOG:  listening on Unix socket "/var/run/postgresql/.s.PGSQL.5432"
2025-08-17T22:20:57.0876911Z  2025-08-17 22:20:02.494 UTC [64] LOG:  database system was shut down at 2025-08-17 22:20:02 UTC
2025-08-17T22:20:57.0877655Z  2025-08-17 22:20:02.498 UTC [1] LOG:  database system is ready to accept connections
2025-08-17T22:20:57.0878454Z  waiting for server to start....2025-08-17 22:20:02.180 UTC [48] LOG:  starting PostgreSQL 15.14 (Debian 15.14-1.pgdg13+1) on x86_64-pc-linux-gnu, compiled by gcc (Debian 14.2.0-19) 14.2.0, 64-bit
2025-08-17T22:20:57.0879186Z  2025-08-17 22:20:02.181 UTC [48] LOG:  listening on Unix socket "/var/run/postgresql/.s.PGSQL.5432"
2025-08-17T22:20:57.0879666Z  2025-08-17 22:20:02.184 UTC [51] LOG:  database system was shut down at 2025-08-17 22:20:02 UTC
2025-08-17T22:20:57.0880106Z  2025-08-17 22:20:02.189 UTC [48] LOG:  database system is ready to accept connections
2025-08-17T22:20:57.0880689Z   done
2025-08-17T22:20:57.0880849Z  server started
2025-08-17T22:20:57.0881247Z  CREATE DATABASE
2025-08-17T22:20:57.0881431Z  
2025-08-17T22:20:57.0881584Z  
2025-08-17T22:20:57.0881882Z  /usr/local/bin/docker-entrypoint.sh: ignoring /docker-entrypoint-initdb.d/*
2025-08-17T22:20:57.0882251Z  
2025-08-17T22:20:57.0882482Z  2025-08-17 22:20:02.370 UTC [48] LOG:  received fast shutdown request
2025-08-17T22:20:57.0883160Z  waiting for server to shut down....2025-08-17 22:20:02.370 UTC [48] LOG:  aborting any active transactions
2025-08-17T22:20:57.0883780Z  2025-08-17 22:20:02.372 UTC [48] LOG:  background worker "logical replication launcher" (PID 54) exited with exit code 1
2025-08-17T22:20:57.0884248Z  2025-08-17 22:20:02.372 UTC [49] LOG:  shutting down
2025-08-17T22:20:57.0884594Z  2025-08-17 22:20:02.373 UTC [49] LOG:  checkpoint starting: shutdown immediate
2025-08-17T22:20:57.0885425Z  2025-08-17 22:20:02.389 UTC [49] LOG:  checkpoint complete: wrote 922 buffers (5.6%); 0 WAL file(s) added, 0 removed, 0 recycled; write=0.013 s, sync=0.002 s, total=0.017 s; sync files=301, longest=0.001 s, average=0.001 s; distance=4239 kB, estimate=4239 kB
2025-08-17T22:20:57.0886239Z  2025-08-17 22:20:02.396 UTC [48] LOG:  database system is shut down
2025-08-17T22:20:57.0886527Z   done
2025-08-17T22:20:57.0886678Z  server stopped
2025-08-17T22:20:57.0886847Z  
2025-08-17T22:20:57.0887057Z  PostgreSQL init process complete; ready for start up.
2025-08-17T22:20:57.0887333Z  
2025-08-17T22:20:57.0894217Z Stop and remove container: 8f008b96b9584c3198bdf4eff48d3fbf_postgres15_b12aab
2025-08-17T22:20:57.0899237Z ##[command]/usr/bin/docker rm --force 5379792b96db5f1adeed115d400d7e42c0d16cede38143395bbd54cbcaa9c433
2025-08-17T22:20:58.2415660Z 5379792b96db5f1adeed115d400d7e42c0d16cede38143395bbd54cbcaa9c433
2025-08-17T22:20:58.2442935Z Remove container network: github_network_3216d084907f48ca97d5f9237d7936dd
2025-08-17T22:20:58.2447073Z ##[command]/usr/bin/docker network rm github_network_3216d084907f48ca97d5f9237d7936dd
2025-08-17T22:20:58.3648330Z github_network_3216d084907f48ca97d5f9237d7936dd
2025-08-17T22:20:58.3709040Z Cleaning up orphan processes
