2025-08-17T02:58:00.7048398Z Current runner version: '2.327.1'
2025-08-17T02:58:00.7071547Z ##[group]Runner Image Provisioner
2025-08-17T02:58:00.7072331Z Hosted Compute Agent
2025-08-17T02:58:00.7072951Z Version: 20250812.370
2025-08-17T02:58:00.7073541Z Commit: 4a2b2bf7520004e3e907c2150c8cabe342a3da32
2025-08-17T02:58:00.7074233Z Build Date: 2025-08-12T16:08:14Z
2025-08-17T02:58:00.7074866Z ##[endgroup]
2025-08-17T02:58:00.7075439Z ##[group]Operating System
2025-08-17T02:58:00.7075998Z Ubuntu
2025-08-17T02:58:00.7076688Z 24.04.2
2025-08-17T02:58:00.7077264Z LTS
2025-08-17T02:58:00.7077689Z ##[endgroup]
2025-08-17T02:58:00.7078160Z ##[group]Runner Image
2025-08-17T02:58:00.7078777Z Image: ubuntu-24.04
2025-08-17T02:58:00.7079303Z Version: 20250810.1.0
2025-08-17T02:58:00.7080282Z Included Software: https://github.com/actions/runner-images/blob/ubuntu24/20250810.1/images/ubuntu/Ubuntu2404-Readme.md
2025-08-17T02:58:00.7081831Z Image Release: https://github.com/actions/runner-images/releases/tag/ubuntu24%2F20250810.1
2025-08-17T02:58:00.7082764Z ##[endgroup]
2025-08-17T02:58:00.7085251Z ##[group]GITHUB_TOKEN Permissions
2025-08-17T02:58:00.7087327Z Actions: write
2025-08-17T02:58:00.7087981Z Attestations: write
2025-08-17T02:58:00.7088464Z Checks: write
2025-08-17T02:58:00.7088959Z Contents: write
2025-08-17T02:58:00.7089489Z Deployments: write
2025-08-17T02:58:00.7090055Z Discussions: write
2025-08-17T02:58:00.7090571Z Issues: write
2025-08-17T02:58:00.7091093Z Metadata: read
2025-08-17T02:58:00.7091645Z Models: read
2025-08-17T02:58:00.7092155Z Packages: write
2025-08-17T02:58:00.7092774Z Pages: write
2025-08-17T02:58:00.7093309Z PullRequests: write
2025-08-17T02:58:00.7093883Z RepositoryProjects: write
2025-08-17T02:58:00.7094442Z SecurityEvents: write
2025-08-17T02:58:00.7095164Z Statuses: write
2025-08-17T02:58:00.7095719Z ##[endgroup]
2025-08-17T02:58:00.7098057Z Secret source: Actions
2025-08-17T02:58:00.7098887Z Prepare workflow directory
2025-08-17T02:58:00.7512636Z Prepare all required actions
2025-08-17T02:58:00.7549793Z Getting action download info
2025-08-17T02:58:01.1295157Z Download action repository 'actions/checkout@v4' (SHA:08eba0b27e820071cde6df949e0beb9ba4906955)
2025-08-17T02:58:01.8970437Z Download action repository 'actions/setup-python@v5' (SHA:a26af69be951a213d495a4c3e4e4022e16d87065)
2025-08-17T02:58:02.9782667Z Complete job name: migrations-check
2025-08-17T02:58:03.0339675Z ##[group]Checking docker version
2025-08-17T02:58:03.0353736Z ##[command]/usr/bin/docker version --format '{{.Server.APIVersion}}'
2025-08-17T02:58:03.8824239Z '1.48'
2025-08-17T02:58:03.8837952Z Docker daemon API version: '1.48'
2025-08-17T02:58:03.8838372Z ##[command]/usr/bin/docker version --format '{{.Client.APIVersion}}'
2025-08-17T02:58:03.9077123Z '1.48'
2025-08-17T02:58:03.9089676Z Docker client API version: '1.48'
2025-08-17T02:58:03.9095389Z ##[endgroup]
2025-08-17T02:58:03.9098273Z ##[group]Clean up resources from previous jobs
2025-08-17T02:58:03.9103242Z ##[command]/usr/bin/docker ps --all --quiet --no-trunc --filter "label=c7520d"
2025-08-17T02:58:03.9236749Z ##[command]/usr/bin/docker network prune --force --filter "label=c7520d"
2025-08-17T02:58:03.9358254Z ##[endgroup]
2025-08-17T02:58:03.9358509Z ##[group]Create local container network
2025-08-17T02:58:03.9367829Z ##[command]/usr/bin/docker network create --label c7520d github_network_c3e1d09eada54c6eacf18a1f2b771aa8
2025-08-17T02:58:03.9857890Z 09607a5219c1492a9e5ee8ceedd9da3a126d591aa67c54bd907d913e2e60c605
2025-08-17T02:58:03.9877445Z ##[endgroup]
2025-08-17T02:58:03.9900353Z ##[group]Starting postgres service container
2025-08-17T02:58:03.9919297Z ##[command]/usr/bin/docker pull postgres:15
2025-08-17T02:58:04.8963386Z 15: Pulling from library/postgres
2025-08-17T02:58:05.1171630Z 396b1da7636e: Pulling fs layer
2025-08-17T02:58:05.1174406Z fca2566eba32: Pulling fs layer
2025-08-17T02:58:05.1174816Z 631fe8c6d606: Pulling fs layer
2025-08-17T02:58:05.1175208Z 77c7671c4414: Pulling fs layer
2025-08-17T02:58:05.1175591Z 2d9e29180a27: Pulling fs layer
2025-08-17T02:58:05.1175976Z c6bcc2c9a041: Pulling fs layer
2025-08-17T02:58:05.1176926Z ac4b721eb66f: Pulling fs layer
2025-08-17T02:58:05.1177312Z 606bd164980e: Pulling fs layer
2025-08-17T02:58:05.1177750Z f5dfd246bc6e: Pulling fs layer
2025-08-17T02:58:05.1178115Z ba7036bb0a60: Pulling fs layer
2025-08-17T02:58:05.1178351Z 799f859abbbd: Pulling fs layer
2025-08-17T02:58:05.1178767Z d903e777080c: Pulling fs layer
2025-08-17T02:58:05.1179853Z 04adcb462801: Pulling fs layer
2025-08-17T02:58:05.1180121Z 5c10925b29ff: Pulling fs layer
2025-08-17T02:58:05.1180353Z f5dfd246bc6e: Waiting
2025-08-17T02:58:05.1180547Z 77c7671c4414: Waiting
2025-08-17T02:58:05.1180718Z 2d9e29180a27: Waiting
2025-08-17T02:58:05.1180892Z d903e777080c: Waiting
2025-08-17T02:58:05.1181060Z 04adcb462801: Waiting
2025-08-17T02:58:05.1181233Z ba7036bb0a60: Waiting
2025-08-17T02:58:05.1181512Z c6bcc2c9a041: Waiting
2025-08-17T02:58:05.1181682Z 799f859abbbd: Waiting
2025-08-17T02:58:05.1181853Z 5c10925b29ff: Waiting
2025-08-17T02:58:05.1182098Z 606bd164980e: Waiting
2025-08-17T02:58:05.4249698Z fca2566eba32: Verifying Checksum
2025-08-17T02:58:05.4250243Z fca2566eba32: Download complete
2025-08-17T02:58:05.5750793Z 631fe8c6d606: Verifying Checksum
2025-08-17T02:58:05.5754254Z 631fe8c6d606: Download complete
2025-08-17T02:58:05.7781375Z 77c7671c4414: Verifying Checksum
2025-08-17T02:58:05.7782305Z 77c7671c4414: Download complete
2025-08-17T02:58:05.8798990Z 396b1da7636e: Verifying Checksum
2025-08-17T02:58:05.8801313Z 396b1da7636e: Download complete
2025-08-17T02:58:06.1666275Z c6bcc2c9a041: Verifying Checksum
2025-08-17T02:58:06.1667675Z c6bcc2c9a041: Download complete
2025-08-17T02:58:06.1726958Z ac4b721eb66f: Download complete
2025-08-17T02:58:06.2812967Z 2d9e29180a27: Verifying Checksum
2025-08-17T02:58:06.2818219Z 2d9e29180a27: Download complete
2025-08-17T02:58:06.4808571Z 606bd164980e: Verifying Checksum
2025-08-17T02:58:06.4809110Z 606bd164980e: Download complete
2025-08-17T02:58:06.6340539Z ba7036bb0a60: Verifying Checksum
2025-08-17T02:58:06.6341341Z ba7036bb0a60: Download complete
2025-08-17T02:58:06.7401638Z 799f859abbbd: Verifying Checksum
2025-08-17T02:58:06.7402262Z 799f859abbbd: Download complete
2025-08-17T02:58:06.8392025Z 396b1da7636e: Pull complete
2025-08-17T02:58:06.9058670Z d903e777080c: Verifying Checksum
2025-08-17T02:58:06.9059258Z d903e777080c: Download complete
2025-08-17T02:58:07.0084531Z 04adcb462801: Verifying Checksum
2025-08-17T02:58:07.0084969Z 04adcb462801: Download complete
2025-08-17T02:58:07.2514452Z 5c10925b29ff: Verifying Checksum
2025-08-17T02:58:07.2514843Z 5c10925b29ff: Download complete
2025-08-17T02:58:07.6969145Z fca2566eba32: Pull complete
2025-08-17T02:58:07.8902286Z 631fe8c6d606: Pull complete
2025-08-17T02:58:07.9387824Z 77c7671c4414: Pull complete
2025-08-17T02:58:08.2735186Z f5dfd246bc6e: Verifying Checksum
2025-08-17T02:58:08.2736147Z f5dfd246bc6e: Download complete
2025-08-17T02:58:08.2902309Z 2d9e29180a27: Pull complete
2025-08-17T02:58:08.3848586Z c6bcc2c9a041: Pull complete
2025-08-17T02:58:08.3948279Z ac4b721eb66f: Pull complete
2025-08-17T02:58:08.4072951Z 606bd164980e: Pull complete
2025-08-17T02:58:11.5018104Z f5dfd246bc6e: Pull complete
2025-08-17T02:58:11.5203572Z ba7036bb0a60: Pull complete
2025-08-17T02:58:11.5365047Z 799f859abbbd: Pull complete
2025-08-17T02:58:11.5501422Z d903e777080c: Pull complete
2025-08-17T02:58:11.5609308Z 04adcb462801: Pull complete
2025-08-17T02:58:11.5742786Z 5c10925b29ff: Pull complete
2025-08-17T02:58:11.5795822Z Digest: sha256:bc51cf4f1fe02cce7ed2370b20128a9b00b4eb804573a77d2a0d877aaa9c82b1
2025-08-17T02:58:11.5836678Z Status: Downloaded newer image for postgres:15
2025-08-17T02:58:11.5853308Z docker.io/library/postgres:15
2025-08-17T02:58:11.5916856Z ##[command]/usr/bin/docker create --name 12af3050657048a183b29d66c2733c12_postgres15_541c51 --label c7520d --network github_network_c3e1d09eada54c6eacf18a1f2b771aa8 --network-alias postgres -p 5432:5432 --health-cmd="pg_isready -U postgres -d awa" --health-interval=5s --health-timeout=5s --health-retries=10 -e "POSTGRES_USER=postgres" -e "POSTGRES_PASSWORD=pass" -e "POSTGRES_DB=awa" -e GITHUB_ACTIONS=true -e CI=true postgres:15
2025-08-17T02:58:11.6258073Z 58834edb118b4c0063f18e8688b5a914898f6bfd60bfdf4a1c942c65e3b820dc
2025-08-17T02:58:11.6283096Z ##[command]/usr/bin/docker start 58834edb118b4c0063f18e8688b5a914898f6bfd60bfdf4a1c942c65e3b820dc
2025-08-17T02:58:12.3580544Z 58834edb118b4c0063f18e8688b5a914898f6bfd60bfdf4a1c942c65e3b820dc
2025-08-17T02:58:12.3602590Z ##[command]/usr/bin/docker ps --all --filter id=58834edb118b4c0063f18e8688b5a914898f6bfd60bfdf4a1c942c65e3b820dc --filter status=running --no-trunc --format "{{.ID}} {{.Status}}"
2025-08-17T02:58:12.3730465Z 58834edb118b4c0063f18e8688b5a914898f6bfd60bfdf4a1c942c65e3b820dc Up Less than a second (health: starting)
2025-08-17T02:58:12.3757512Z ##[command]/usr/bin/docker port 58834edb118b4c0063f18e8688b5a914898f6bfd60bfdf4a1c942c65e3b820dc
2025-08-17T02:58:12.3890462Z 5432/tcp -> 0.0.0.0:5432
2025-08-17T02:58:12.3890951Z 5432/tcp -> [::]:5432
2025-08-17T02:58:12.3939214Z ##[endgroup]
2025-08-17T02:58:12.3948393Z ##[group]Waiting for all services to be ready
2025-08-17T02:58:12.3961570Z ##[command]/usr/bin/docker inspect --format="{{if .Config.Healthcheck}}{{print .State.Health.Status}}{{end}}" 58834edb118b4c0063f18e8688b5a914898f6bfd60bfdf4a1c942c65e3b820dc
2025-08-17T02:58:12.4094959Z starting
2025-08-17T02:58:12.4117649Z postgres service is starting, waiting 2 seconds before checking again.
2025-08-17T02:58:14.4119940Z ##[command]/usr/bin/docker inspect --format="{{if .Config.Healthcheck}}{{print .State.Health.Status}}{{end}}" 58834edb118b4c0063f18e8688b5a914898f6bfd60bfdf4a1c942c65e3b820dc
2025-08-17T02:58:14.4234261Z starting
2025-08-17T02:58:14.4246876Z postgres service is starting, waiting 4 seconds before checking again.
2025-08-17T02:58:18.6335419Z ##[command]/usr/bin/docker inspect --format="{{if .Config.Healthcheck}}{{print .State.Health.Status}}{{end}}" 58834edb118b4c0063f18e8688b5a914898f6bfd60bfdf4a1c942c65e3b820dc
2025-08-17T02:58:18.6457485Z healthy
2025-08-17T02:58:18.6477063Z postgres service is healthy.
2025-08-17T02:58:18.6477799Z ##[endgroup]
2025-08-17T02:58:18.6734764Z ##[group]Run actions/checkout@v4
2025-08-17T02:58:18.6735424Z with:
2025-08-17T02:58:18.6735793Z   repository: AlexBomber12/AWA-App
2025-08-17T02:58:18.6736288Z   token: ***
2025-08-17T02:58:18.6736706Z   ssh-strict: true
2025-08-17T02:58:18.6737097Z   ssh-user: git
2025-08-17T02:58:18.6737346Z   persist-credentials: true
2025-08-17T02:58:18.6737659Z   clean: true
2025-08-17T02:58:18.6737989Z   sparse-checkout-cone-mode: true
2025-08-17T02:58:18.6738280Z   fetch-depth: 1
2025-08-17T02:58:18.6738556Z   fetch-tags: false
2025-08-17T02:58:18.6738832Z   show-progress: true
2025-08-17T02:58:18.6739162Z   lfs: false
2025-08-17T02:58:18.6739388Z   submodules: false
2025-08-17T02:58:18.6739691Z   set-safe-directory: true
2025-08-17T02:58:18.6740257Z ##[endgroup]
2025-08-17T02:58:18.7804761Z Syncing repository: AlexBomber12/AWA-App
2025-08-17T02:58:18.7806617Z ##[group]Getting Git version info
2025-08-17T02:58:18.7807139Z Working directory is '/home/runner/work/AWA-App/AWA-App'
2025-08-17T02:58:18.7808000Z [command]/usr/bin/git version
2025-08-17T02:58:18.7858632Z git version 2.50.1
2025-08-17T02:58:18.7885724Z ##[endgroup]
2025-08-17T02:58:18.7900489Z Temporarily overriding HOME='/home/runner/work/_temp/0bb4fc28-25e9-4566-8553-55dc9799cea9' before making global git config changes
2025-08-17T02:58:18.7901568Z Adding repository directory to the temporary git global config as a safe directory
2025-08-17T02:58:18.7906203Z [command]/usr/bin/git config --global --add safe.directory /home/runner/work/AWA-App/AWA-App
2025-08-17T02:58:18.7943298Z Deleting the contents of '/home/runner/work/AWA-App/AWA-App'
2025-08-17T02:58:18.8008143Z ##[group]Initializing the repository
2025-08-17T02:58:18.8008754Z [command]/usr/bin/git init /home/runner/work/AWA-App/AWA-App
2025-08-17T02:58:18.8033185Z hint: Using 'master' as the name for the initial branch. This default branch name
2025-08-17T02:58:18.8034079Z hint: is subject to change. To configure the initial branch name to use in all
2025-08-17T02:58:18.8035367Z hint: of your new repositories, which will suppress this warning, call:
2025-08-17T02:58:18.8035989Z hint:
2025-08-17T02:58:18.8036645Z hint: 	git config --global init.defaultBranch <name>
2025-08-17T02:58:18.8037150Z hint:
2025-08-17T02:58:18.8037644Z hint: Names commonly chosen instead of 'master' are 'main', 'trunk' and
2025-08-17T02:58:18.8038472Z hint: 'development'. The just-created branch can be renamed via this command:
2025-08-17T02:58:18.8039098Z hint:
2025-08-17T02:58:18.8039403Z hint: 	git branch -m <name>
2025-08-17T02:58:18.8039762Z hint:
2025-08-17T02:58:18.8040272Z hint: Disable this message with "git config set advice.defaultBranchName false"
2025-08-17T02:58:18.8041154Z Initialized empty Git repository in /home/runner/work/AWA-App/AWA-App/.git/
2025-08-17T02:58:18.8052646Z [command]/usr/bin/git remote add origin https://github.com/AlexBomber12/AWA-App
2025-08-17T02:58:18.8085246Z ##[endgroup]
2025-08-17T02:58:18.8085844Z ##[group]Disabling automatic garbage collection
2025-08-17T02:58:18.8089734Z [command]/usr/bin/git config --local gc.auto 0
2025-08-17T02:58:18.8117780Z ##[endgroup]
2025-08-17T02:58:18.8118289Z ##[group]Setting up auth
2025-08-17T02:58:18.8124816Z [command]/usr/bin/git config --local --name-only --get-regexp core\.sshCommand
2025-08-17T02:58:18.8154195Z [command]/usr/bin/git submodule foreach --recursive sh -c "git config --local --name-only --get-regexp 'core\.sshCommand' && git config --local --unset-all 'core.sshCommand' || :"
2025-08-17T02:58:18.8433918Z [command]/usr/bin/git config --local --name-only --get-regexp http\.https\:\/\/github\.com\/\.extraheader
2025-08-17T02:58:18.8463035Z [command]/usr/bin/git submodule foreach --recursive sh -c "git config --local --name-only --get-regexp 'http\.https\:\/\/github\.com\/\.extraheader' && git config --local --unset-all 'http.https://github.com/.extraheader' || :"
2025-08-17T02:58:18.8678438Z [command]/usr/bin/git config --local http.https://github.com/.extraheader AUTHORIZATION: basic ***
2025-08-17T02:58:18.8720834Z ##[endgroup]
2025-08-17T02:58:18.8721555Z ##[group]Fetching the repository
2025-08-17T02:58:18.8730439Z [command]/usr/bin/git -c protocol.version=2 fetch --no-tags --prune --no-recurse-submodules --depth=1 origin +433bbd6e662c6a230e15209dc7491841cd2e7b94:refs/remotes/pull/221/merge
2025-08-17T02:58:19.4799455Z From https://github.com/AlexBomber12/AWA-App
2025-08-17T02:58:19.4800278Z  * [new ref]         433bbd6e662c6a230e15209dc7491841cd2e7b94 -> pull/221/merge
2025-08-17T02:58:19.4829457Z ##[endgroup]
2025-08-17T02:58:19.4830069Z ##[group]Determining the checkout info
2025-08-17T02:58:19.4830850Z ##[endgroup]
2025-08-17T02:58:19.4836754Z [command]/usr/bin/git sparse-checkout disable
2025-08-17T02:58:19.4877669Z [command]/usr/bin/git config --local --unset-all extensions.worktreeConfig
2025-08-17T02:58:19.4907149Z ##[group]Checking out the ref
2025-08-17T02:58:19.4911356Z [command]/usr/bin/git checkout --progress --force refs/remotes/pull/221/merge
2025-08-17T02:58:19.5228955Z Note: switching to 'refs/remotes/pull/221/merge'.
2025-08-17T02:58:19.5229738Z 
2025-08-17T02:58:19.5230278Z You are in 'detached HEAD' state. You can look around, make experimental
2025-08-17T02:58:19.5232331Z changes and commit them, and you can discard any commits you make in this
2025-08-17T02:58:19.5233201Z state without impacting any branches by switching back to a branch.
2025-08-17T02:58:19.5233724Z 
2025-08-17T02:58:19.5234052Z If you want to create a new branch to retain commits you create, you may
2025-08-17T02:58:19.5234819Z do so (now or later) by using -c with the switch command. Example:
2025-08-17T02:58:19.5235265Z 
2025-08-17T02:58:19.5235438Z   git switch -c <new-branch-name>
2025-08-17T02:58:19.5235738Z 
2025-08-17T02:58:19.5235914Z Or undo this operation with:
2025-08-17T02:58:19.5236187Z 
2025-08-17T02:58:19.5236602Z   git switch -
2025-08-17T02:58:19.5236848Z 
2025-08-17T02:58:19.5237232Z Turn off this advice by setting config variable advice.detachedHead to false
2025-08-17T02:58:19.5238084Z 
2025-08-17T02:58:19.5238685Z HEAD is now at 433bbd6 Merge 6a24f811f7a28d971595e75a57a7e425638729c0 into 47b24bb2506742f06a443ae346c6b1c73a074ede
2025-08-17T02:58:19.5240441Z ##[endgroup]
2025-08-17T02:58:19.5279923Z [command]/usr/bin/git log -1 --format=%H
2025-08-17T02:58:19.5303275Z 433bbd6e662c6a230e15209dc7491841cd2e7b94
2025-08-17T02:58:19.5473505Z ##[group]Run cat .env.ci >> "$GITHUB_ENV"
2025-08-17T02:58:19.5473870Z [36;1mcat .env.ci >> "$GITHUB_ENV"[0m
2025-08-17T02:58:19.5474572Z [36;1mecho "DATABASE_URL=***localhost:5432/awa" >> "$GITHUB_ENV"[0m
2025-08-17T02:58:19.5474938Z [36;1mecho "PG_HOST=localhost" >> "$GITHUB_ENV"[0m
2025-08-17T02:58:19.5475244Z [36;1mecho "PG_PORT=5432" >> "$GITHUB_ENV"[0m
2025-08-17T02:58:19.5475523Z [36;1mecho "PG_USER=postgres" >> "$GITHUB_ENV"[0m
2025-08-17T02:58:19.5475815Z [36;1mecho "PG_PASSWORD=pass" >> "$GITHUB_ENV"[0m
2025-08-17T02:58:19.5476091Z [36;1mecho "PG_DATABASE=awa" >> "$GITHUB_ENV"[0m
2025-08-17T02:58:19.5518700Z shell: /usr/bin/bash -e {0}
2025-08-17T02:58:19.5518945Z ##[endgroup]
2025-08-17T02:58:19.5689109Z ##[group]Run actions/setup-python@v5
2025-08-17T02:58:19.5689374Z with:
2025-08-17T02:58:19.5689541Z   python-version: 3.12
2025-08-17T02:58:19.5689732Z   cache: pip
2025-08-17T02:58:19.5689942Z   cache-dependency-path: requirements-dev.txt
2025-08-17T02:58:19.5690213Z   check-latest: false
2025-08-17T02:58:19.5690520Z   token: ***
2025-08-17T02:58:19.5690698Z   update-environment: true
2025-08-17T02:58:19.5690912Z   allow-prereleases: false
2025-08-17T02:58:19.5691105Z   freethreaded: false
2025-08-17T02:58:19.5691280Z env:
2025-08-17T02:58:19.5691431Z   PG_USER: postgres
2025-08-17T02:58:19.5691615Z   PG_PASSWORD: pass
2025-08-17T02:58:19.5691782Z   PG_DATABASE: awa
2025-08-17T02:58:19.5691953Z   PG_HOST: localhost
2025-08-17T02:58:19.5692128Z   PG_PORT: 5432
2025-08-17T02:58:19.5692493Z   PG_SYNC_DSN: ***localhost:5432/awa
2025-08-17T02:58:19.5692880Z   PG_ASYNC_DSN: ***localhost:5432/awa
2025-08-17T02:58:19.5693277Z   DATABASE_URL: ***localhost:5432/awa
2025-08-17T02:58:19.5693535Z   DATA_DIR: /tmp/awa-data
2025-08-17T02:58:19.5693724Z   ENABLE_LIVE: 0
2025-08-17T02:58:19.5693889Z   TESTING: 1
2025-08-17T02:58:19.5694057Z ##[endgroup]
2025-08-17T02:58:19.7372463Z ##[group]Installed versions
2025-08-17T02:58:19.7699497Z Successfully set up CPython (3.12.11)
2025-08-17T02:58:19.7700101Z ##[endgroup]
2025-08-17T02:58:19.8026264Z [command]/opt/hostedtoolcache/Python/3.12.11/x64/bin/pip cache dir
2025-08-17T02:58:20.9264662Z /home/runner/.cache/pip
2025-08-17T02:58:21.2035627Z Cache hit for: setup-python-Linux-x64-24.04-Ubuntu-python-3.12.11-pip-dee7c0c28332ec2ebb5d2650fb0d2cfddf025b3b0e96b0c826645ad2cb717961
2025-08-17T02:58:22.4354644Z Received 20971520 of 271557671 (7.7%), 20.0 MBs/sec
2025-08-17T02:58:23.4358359Z Received 142606336 of 271557671 (52.5%), 68.0 MBs/sec
2025-08-17T02:58:24.3193232Z Received 271557671 of 271557671 (100.0%), 89.8 MBs/sec
2025-08-17T02:58:24.3195478Z Cache Size: ~259 MB (271557671 B)
2025-08-17T02:58:24.3236721Z [command]/usr/bin/tar -xf /home/runner/work/_temp/13c69c5a-403c-460c-8d36-045614ccc133/cache.tzst -P -C /home/runner/work/AWA-App/AWA-App --use-compress-program unzstd
2025-08-17T02:58:24.7608290Z Cache restored successfully
2025-08-17T02:58:24.8125641Z Cache restored from key: setup-python-Linux-x64-24.04-Ubuntu-python-3.12.11-pip-dee7c0c28332ec2ebb5d2650fb0d2cfddf025b3b0e96b0c826645ad2cb717961
2025-08-17T02:58:24.8284976Z ##[group]Run pip install -r requirements-dev.txt
2025-08-17T02:58:24.8285383Z [36;1mpip install -r requirements-dev.txt[0m
2025-08-17T02:58:24.8285696Z [36;1mpip install keepa==1.3.15 minio==7.1.15[0m
2025-08-17T02:58:24.8328337Z shell: /usr/bin/bash -e {0}
2025-08-17T02:58:24.8328577Z env:
2025-08-17T02:58:24.8328747Z   PG_USER: postgres
2025-08-17T02:58:24.8328952Z   PG_PASSWORD: pass
2025-08-17T02:58:24.8329138Z   PG_DATABASE: awa
2025-08-17T02:58:24.8329314Z   PG_HOST: localhost
2025-08-17T02:58:24.8329500Z   PG_PORT: 5432
2025-08-17T02:58:24.8330146Z   PG_SYNC_DSN: ***localhost:5432/awa
2025-08-17T02:58:24.8330609Z   PG_ASYNC_DSN: ***localhost:5432/awa
2025-08-17T02:58:24.8331021Z   DATABASE_URL: ***localhost:5432/awa
2025-08-17T02:58:24.8331255Z   DATA_DIR: /tmp/awa-data
2025-08-17T02:58:24.8331460Z   ENABLE_LIVE: 0
2025-08-17T02:58:24.8331637Z   TESTING: 1
2025-08-17T02:58:24.8331876Z   pythonLocation: /opt/hostedtoolcache/Python/3.12.11/x64
2025-08-17T02:58:24.8332335Z   PKG_CONFIG_PATH: /opt/hostedtoolcache/Python/3.12.11/x64/lib/pkgconfig
2025-08-17T02:58:24.8332734Z   Python_ROOT_DIR: /opt/hostedtoolcache/Python/3.12.11/x64
2025-08-17T02:58:24.8333095Z   Python2_ROOT_DIR: /opt/hostedtoolcache/Python/3.12.11/x64
2025-08-17T02:58:24.8333453Z   Python3_ROOT_DIR: /opt/hostedtoolcache/Python/3.12.11/x64
2025-08-17T02:58:24.8333810Z   LD_LIBRARY_PATH: /opt/hostedtoolcache/Python/3.12.11/x64/lib
2025-08-17T02:58:24.8334099Z ##[endgroup]
2025-08-17T02:58:25.7387685Z Collecting Jinja2==3.1.6 (from -r requirements-dev.txt (line 2))
2025-08-17T02:58:25.7400523Z   Using cached jinja2-3.1.6-py3-none-any.whl.metadata (2.9 kB)
2025-08-17T02:58:25.7690815Z Collecting alembic==1.13.1 (from -r requirements-dev.txt (line 3))
2025-08-17T02:58:25.7701811Z   Using cached alembic-1.13.1-py3-none-any.whl.metadata (7.4 kB)
2025-08-17T02:58:25.7941304Z Collecting apscheduler==3.10.4 (from -r requirements-dev.txt (line 4))
2025-08-17T02:58:25.7954520Z   Using cached APScheduler-3.10.4-py3-none-any.whl.metadata (5.7 kB)
2025-08-17T02:58:25.8432074Z Collecting asyncpg==0.30.0 (from -r requirements-dev.txt (line 5))
2025-08-17T02:58:25.8443926Z   Using cached asyncpg-0.30.0-cp312-cp312-manylinux_2_17_x86_64.manylinux2014_x86_64.whl.metadata (5.0 kB)
2025-08-17T02:58:25.8945429Z Collecting black==25.1.0 (from -r requirements-dev.txt (line 6))
2025-08-17T02:58:25.8957943Z   Using cached black-25.1.0-cp312-cp312-manylinux_2_17_x86_64.manylinux2014_x86_64.manylinux_2_28_x86_64.whl.metadata (81 kB)
2025-08-17T02:58:26.2921919Z Collecting boto3 (from -r requirements-dev.txt (line 7))
2025-08-17T02:58:26.3543898Z   Downloading boto3-1.40.11-py3-none-any.whl.metadata (6.7 kB)
2025-08-17T02:58:26.3923521Z Collecting celery==5.4.0 (from -r requirements-dev.txt (line 8))
2025-08-17T02:58:26.3935466Z   Using cached celery-5.4.0-py3-none-any.whl.metadata (21 kB)
2025-08-17T02:58:26.4580203Z Collecting fastapi==0.116.1 (from -r requirements-dev.txt (line 9))
2025-08-17T02:58:26.4592499Z   Using cached fastapi-0.116.1-py3-none-any.whl.metadata (28 kB)
2025-08-17T02:58:26.4882991Z Collecting httpx<0.29,>=0.27 (from -r requirements-dev.txt (line 11))
2025-08-17T02:58:26.4894974Z   Using cached httpx-0.28.1-py3-none-any.whl.metadata (7.1 kB)
2025-08-17T02:58:26.5100032Z Collecting imapclient==3.0.1 (from -r requirements-dev.txt (line 12))
2025-08-17T02:58:26.5111661Z   Using cached IMAPClient-3.0.1-py2.py3-none-any.whl.metadata (1.7 kB)
2025-08-17T02:58:26.5268929Z Collecting itsdangerous (from -r requirements-dev.txt (line 13))
2025-08-17T02:58:26.5280630Z   Using cached itsdangerous-2.2.0-py3-none-any.whl.metadata (1.9 kB)
2025-08-17T02:58:26.6330680Z Collecting mypy==1.* (from -r requirements-dev.txt (line 14))
2025-08-17T02:58:26.6344196Z   Using cached mypy-1.17.1-cp312-cp312-manylinux2014_x86_64.manylinux_2_17_x86_64.manylinux_2_28_x86_64.whl.metadata (2.2 kB)
2025-08-17T02:58:26.6522965Z Collecting mypy-extensions==1.1.0 (from -r requirements-dev.txt (line 15))
2025-08-17T02:58:26.6535098Z   Using cached mypy_extensions-1.1.0-py3-none-any.whl.metadata (1.1 kB)
2025-08-17T02:58:26.6741717Z Collecting openpyxl==3.1.5 (from -r requirements-dev.txt (line 16))
2025-08-17T02:58:26.6753729Z   Using cached openpyxl-3.1.5-py2.py3-none-any.whl.metadata (2.5 kB)
2025-08-17T02:58:26.7840994Z Collecting pandas==2.3.1 (from -r requirements-dev.txt (line 17))
2025-08-17T02:58:26.7853855Z   Using cached pandas-2.3.1-cp312-cp312-manylinux_2_17_x86_64.manylinux2014_x86_64.whl.metadata (91 kB)
2025-08-17T02:58:26.9053755Z Collecting psycopg2-binary==2.9.9 (from -r requirements-dev.txt (line 18))
2025-08-17T02:58:26.9068522Z   Using cached psycopg2_binary-2.9.9-cp312-cp312-manylinux_2_17_x86_64.manylinux2014_x86_64.whl.metadata (4.4 kB)
2025-08-17T02:58:27.1927748Z Collecting psycopg==3.2.9 (from psycopg[binary]==3.2.9->-r requirements-dev.txt (line 19))
2025-08-17T02:58:27.1940432Z   Using cached psycopg-3.2.9-py3-none-any.whl.metadata (4.5 kB)
2025-08-17T02:58:27.3094685Z Collecting pydantic==2.11.7 (from -r requirements-dev.txt (line 20))
2025-08-17T02:58:27.3107001Z   Using cached pydantic-2.11.7-py3-none-any.whl.metadata (67 kB)
2025-08-17T02:58:27.4377122Z Collecting setuptools (from -r requirements-dev.txt (line 21))
2025-08-17T02:58:27.4389874Z   Using cached setuptools-80.9.0-py3-none-any.whl.metadata (6.6 kB)
2025-08-17T02:58:27.4715606Z Collecting pytest-asyncio==0.23.6 (from -r requirements-dev.txt (line 22))
2025-08-17T02:58:27.4726969Z   Using cached pytest_asyncio-0.23.6-py3-none-any.whl.metadata (3.9 kB)
2025-08-17T02:58:27.4949471Z Collecting pytest-cov==6.2.1 (from -r requirements-dev.txt (line 23))
2025-08-17T02:58:27.4960906Z   Using cached pytest_cov-6.2.1-py3-none-any.whl.metadata (30 kB)
2025-08-17T02:58:27.5189125Z Collecting pytest-postgresql==7.0.2 (from -r requirements-dev.txt (line 24))
2025-08-17T02:58:27.5201177Z   Using cached pytest_postgresql-7.0.2-py3-none-any.whl.metadata (18 kB)
2025-08-17T02:58:27.5451125Z Collecting python-dotenv (from -r requirements-dev.txt (line 25))
2025-08-17T02:58:27.5463214Z   Using cached python_dotenv-1.1.1-py3-none-any.whl.metadata (24 kB)
2025-08-17T02:58:27.5673817Z Collecting python-multipart (from -r requirements-dev.txt (line 26))
2025-08-17T02:58:27.5689993Z   Using cached python_multipart-0.0.20-py3-none-any.whl.metadata (1.8 kB)
2025-08-17T02:58:27.6079488Z Collecting python-telegram-bot==22.2 (from -r requirements-dev.txt (line 27))
2025-08-17T02:58:27.6091208Z   Using cached python_telegram_bot-22.2-py3-none-any.whl.metadata (17 kB)
2025-08-17T02:58:27.6435266Z Collecting requests==2.32.4 (from -r requirements-dev.txt (line 28))
2025-08-17T02:58:27.6447325Z   Using cached requests-2.32.4-py3-none-any.whl.metadata (4.9 kB)
2025-08-17T02:58:27.6675172Z Collecting respx==0.22.0 (from -r requirements-dev.txt (line 29))
2025-08-17T02:58:27.6686937Z   Using cached respx-0.22.0-py2.py3-none-any.whl.metadata (4.1 kB)
2025-08-17T02:58:28.0920801Z Collecting ruff==0.4.4 (from -r requirements-dev.txt (line 30))
2025-08-17T02:58:28.0933723Z   Using cached ruff-0.4.4-py3-none-manylinux_2_17_x86_64.manylinux2014_x86_64.whl.metadata (23 kB)
2025-08-17T02:58:28.3828415Z Collecting sqlalchemy==2.0.29 (from -r requirements-dev.txt (line 31))
2025-08-17T02:58:28.3842113Z   Using cached SQLAlchemy-2.0.29-cp312-cp312-manylinux_2_17_x86_64.manylinux2014_x86_64.whl.metadata (9.6 kB)
2025-08-17T02:58:28.4144246Z Collecting testcontainers==4.10.0 (from testcontainers[postgres]==4.10.0->-r requirements-dev.txt (line 32))
2025-08-17T02:58:28.4155574Z   Using cached testcontainers-4.10.0-py3-none-any.whl.metadata (7.8 kB)
2025-08-17T02:58:28.4564497Z Collecting types-requests==2.32.0.20240602 (from -r requirements-dev.txt (line 33))
2025-08-17T02:58:28.4575910Z   Using cached types_requests-2.32.0.20240602-py3-none-any.whl.metadata (1.8 kB)
2025-08-17T02:58:28.5389202Z Collecting docspec-python==2.2.2 (from -r requirements-dev.txt (line 34))
2025-08-17T02:58:28.5400436Z   Using cached docspec_python-2.2.2-py3-none-any.whl.metadata (1.0 kB)
2025-08-17T02:58:28.6192170Z Collecting pydoc-markdown==4.8.2 (from -r requirements-dev.txt (line 35))
2025-08-17T02:58:28.6203201Z   Using cached pydoc_markdown-4.8.2-py3-none-any.whl.metadata (5.9 kB)
2025-08-17T02:58:28.6756722Z Collecting MarkupSafe>=2.0 (from Jinja2==3.1.6->-r requirements-dev.txt (line 2))
2025-08-17T02:58:28.6769371Z   Using cached MarkupSafe-3.0.2-cp312-cp312-manylinux_2_17_x86_64.manylinux2014_x86_64.whl.metadata (4.0 kB)
2025-08-17T02:58:28.7117863Z Collecting Mako (from alembic==1.13.1->-r requirements-dev.txt (line 3))
2025-08-17T02:58:28.7129716Z   Using cached mako-1.3.10-py3-none-any.whl.metadata (2.9 kB)
2025-08-17T02:58:28.7365938Z Collecting typing-extensions>=4 (from alembic==1.13.1->-r requirements-dev.txt (line 3))
2025-08-17T02:58:28.7377083Z   Using cached typing_extensions-4.14.1-py3-none-any.whl.metadata (3.0 kB)
2025-08-17T02:58:28.7573319Z Collecting six>=1.4.0 (from apscheduler==3.10.4->-r requirements-dev.txt (line 4))
2025-08-17T02:58:28.7584548Z   Using cached six-1.17.0-py2.py3-none-any.whl.metadata (1.7 kB)
2025-08-17T02:58:28.7997688Z Collecting pytz (from apscheduler==3.10.4->-r requirements-dev.txt (line 4))
2025-08-17T02:58:28.8010619Z   Using cached pytz-2025.2-py2.py3-none-any.whl.metadata (22 kB)
2025-08-17T02:58:28.8247412Z Collecting tzlocal!=3.*,>=2.0 (from apscheduler==3.10.4->-r requirements-dev.txt (line 4))
2025-08-17T02:58:28.8259054Z   Using cached tzlocal-5.3.1-py3-none-any.whl.metadata (7.6 kB)
2025-08-17T02:58:28.8529068Z Collecting click>=8.0.0 (from black==25.1.0->-r requirements-dev.txt (line 6))
2025-08-17T02:58:28.8540215Z   Using cached click-8.2.1-py3-none-any.whl.metadata (2.5 kB)
2025-08-17T02:58:28.8750206Z Collecting packaging>=22.0 (from black==25.1.0->-r requirements-dev.txt (line 6))
2025-08-17T02:58:28.8761597Z   Using cached packaging-25.0-py3-none-any.whl.metadata (3.3 kB)
2025-08-17T02:58:28.8951971Z Collecting pathspec>=0.9.0 (from black==25.1.0->-r requirements-dev.txt (line 6))
2025-08-17T02:58:28.8963065Z   Using cached pathspec-0.12.1-py3-none-any.whl.metadata (21 kB)
2025-08-17T02:58:28.9215389Z Collecting platformdirs>=2 (from black==25.1.0->-r requirements-dev.txt (line 6))
2025-08-17T02:58:28.9226550Z   Using cached platformdirs-4.3.8-py3-none-any.whl.metadata (12 kB)
2025-08-17T02:58:28.9479363Z Collecting billiard<5.0,>=4.2.0 (from celery==5.4.0->-r requirements-dev.txt (line 8))
2025-08-17T02:58:28.9490157Z   Using cached billiard-4.2.1-py3-none-any.whl.metadata (4.4 kB)
2025-08-17T02:58:28.9831956Z Collecting kombu<6.0,>=5.3.4 (from celery==5.4.0->-r requirements-dev.txt (line 8))
2025-08-17T02:58:28.9842888Z   Using cached kombu-5.5.4-py3-none-any.whl.metadata (3.5 kB)
2025-08-17T02:58:29.0064995Z Collecting vine<6.0,>=5.1.0 (from celery==5.4.0->-r requirements-dev.txt (line 8))
2025-08-17T02:58:29.0075934Z   Using cached vine-5.1.0-py3-none-any.whl.metadata (2.7 kB)
2025-08-17T02:58:29.0297805Z Collecting click-didyoumean>=0.3.0 (from celery==5.4.0->-r requirements-dev.txt (line 8))
2025-08-17T02:58:29.0309467Z   Using cached click_didyoumean-0.3.1-py3-none-any.whl.metadata (3.9 kB)
2025-08-17T02:58:29.0467123Z Collecting click-repl>=0.2.0 (from celery==5.4.0->-r requirements-dev.txt (line 8))
2025-08-17T02:58:29.0478445Z   Using cached click_repl-0.3.0-py3-none-any.whl.metadata (3.6 kB)
2025-08-17T02:58:29.0643274Z Collecting click-plugins>=1.1.1 (from celery==5.4.0->-r requirements-dev.txt (line 8))
2025-08-17T02:58:29.0660913Z   Using cached click_plugins-1.1.1.2-py2.py3-none-any.whl.metadata (6.5 kB)
2025-08-17T02:58:29.0853368Z Collecting tzdata>=2022.7 (from celery==5.4.0->-r requirements-dev.txt (line 8))
2025-08-17T02:58:29.0865230Z   Using cached tzdata-2025.2-py2.py3-none-any.whl.metadata (1.4 kB)
2025-08-17T02:58:29.1042774Z Collecting python-dateutil>=2.8.2 (from celery==5.4.0->-r requirements-dev.txt (line 8))
2025-08-17T02:58:29.1054557Z   Using cached python_dateutil-2.9.0.post0-py2.py3-none-any.whl.metadata (8.4 kB)
2025-08-17T02:58:29.1408128Z Collecting starlette<0.48.0,>=0.40.0 (from fastapi==0.116.1->-r requirements-dev.txt (line 9))
2025-08-17T02:58:29.1420129Z   Using cached starlette-0.47.2-py3-none-any.whl.metadata (6.2 kB)
2025-08-17T02:58:29.1879792Z Collecting annotated-types>=0.6.0 (from pydantic==2.11.7->-r requirements-dev.txt (line 20))
2025-08-17T02:58:29.1891496Z   Using cached annotated_types-0.7.0-py3-none-any.whl.metadata (15 kB)
2025-08-17T02:58:29.9112748Z Collecting pydantic-core==2.33.2 (from pydantic==2.11.7->-r requirements-dev.txt (line 20))
2025-08-17T02:58:29.9126725Z   Using cached pydantic_core-2.33.2-cp312-cp312-manylinux_2_17_x86_64.manylinux2014_x86_64.whl.metadata (6.8 kB)
2025-08-17T02:58:29.9345326Z Collecting typing-inspection>=0.4.0 (from pydantic==2.11.7->-r requirements-dev.txt (line 20))
2025-08-17T02:58:29.9357312Z   Using cached typing_inspection-0.4.1-py3-none-any.whl.metadata (2.6 kB)
2025-08-17T02:58:29.9524356Z Collecting et-xmlfile (from openpyxl==3.1.5->-r requirements-dev.txt (line 16))
2025-08-17T02:58:29.9535894Z   Using cached et_xmlfile-2.0.0-py3-none-any.whl.metadata (2.7 kB)
2025-08-17T02:58:30.1810797Z Collecting numpy>=1.26.0 (from pandas==2.3.1->-r requirements-dev.txt (line 17))
2025-08-17T02:58:30.1825030Z   Using cached numpy-2.3.2-cp312-cp312-manylinux_2_27_x86_64.manylinux_2_28_x86_64.whl.metadata (62 kB)
2025-08-17T02:58:30.2455007Z Collecting pytest<9,>=7.0.0 (from pytest-asyncio==0.23.6->-r requirements-dev.txt (line 22))
2025-08-17T02:58:30.2467264Z   Using cached pytest-8.4.1-py3-none-any.whl.metadata (7.7 kB)
2025-08-17T02:58:30.5823758Z Collecting coverage>=7.5 (from coverage[toml]>=7.5->pytest-cov==6.2.1->-r requirements-dev.txt (line 23))
2025-08-17T02:58:30.5938298Z   Downloading coverage-7.10.4-cp312-cp312-manylinux1_x86_64.manylinux_2_28_x86_64.manylinux_2_5_x86_64.whl.metadata (8.9 kB)
2025-08-17T02:58:30.6158808Z Collecting pluggy>=1.2 (from pytest-cov==6.2.1->-r requirements-dev.txt (line 23))
2025-08-17T02:58:30.6170412Z   Using cached pluggy-1.6.0-py3-none-any.whl.metadata (4.8 kB)
2025-08-17T02:58:30.6497570Z Collecting port-for>=0.7.3 (from pytest-postgresql==7.0.2->-r requirements-dev.txt (line 24))
2025-08-17T02:58:30.6509446Z   Using cached port_for-0.7.4-py3-none-any.whl.metadata (7.1 kB)
2025-08-17T02:58:30.6709207Z Collecting mirakuru>=2.6.0 (from pytest-postgresql==7.0.2->-r requirements-dev.txt (line 24))
2025-08-17T02:58:30.6720712Z   Using cached mirakuru-2.6.1-py3-none-any.whl.metadata (10 kB)
2025-08-17T02:58:30.7583023Z Collecting charset_normalizer<4,>=2 (from requests==2.32.4->-r requirements-dev.txt (line 28))
2025-08-17T02:58:30.7595029Z   Using cached charset_normalizer-3.4.3-cp312-cp312-manylinux2014_x86_64.manylinux_2_17_x86_64.manylinux_2_28_x86_64.whl.metadata (36 kB)
2025-08-17T02:58:30.7808284Z Collecting idna<4,>=2.5 (from requests==2.32.4->-r requirements-dev.txt (line 28))
2025-08-17T02:58:30.7819611Z   Using cached idna-3.10-py3-none-any.whl.metadata (10 kB)
2025-08-17T02:58:30.8147940Z Collecting urllib3<3,>=1.21.1 (from requests==2.32.4->-r requirements-dev.txt (line 28))
2025-08-17T02:58:30.8159271Z   Using cached urllib3-2.5.0-py3-none-any.whl.metadata (6.5 kB)
2025-08-17T02:58:30.8414158Z Collecting certifi>=2017.4.17 (from requests==2.32.4->-r requirements-dev.txt (line 28))
2025-08-17T02:58:30.8425207Z   Using cached certifi-2025.8.3-py3-none-any.whl.metadata (2.4 kB)
2025-08-17T02:58:30.9741839Z Collecting greenlet!=0.4.17 (from sqlalchemy==2.0.29->-r requirements-dev.txt (line 31))
2025-08-17T02:58:30.9754494Z   Using cached greenlet-3.2.4-cp312-cp312-manylinux_2_24_x86_64.manylinux_2_28_x86_64.whl.metadata (4.1 kB)
2025-08-17T02:58:31.0731746Z Collecting docker (from testcontainers==4.10.0->testcontainers[postgres]==4.10.0->-r requirements-dev.txt (line 32))
2025-08-17T02:58:31.0745002Z   Using cached docker-7.1.0-py3-none-any.whl.metadata (3.8 kB)
2025-08-17T02:58:31.1773933Z Collecting wrapt (from testcontainers==4.10.0->testcontainers[postgres]==4.10.0->-r requirements-dev.txt (line 32))
2025-08-17T02:58:31.1786775Z   Using cached wrapt-1.17.3-cp312-cp312-manylinux1_x86_64.manylinux_2_28_x86_64.manylinux_2_5_x86_64.whl.metadata (6.4 kB)
2025-08-17T02:58:31.2699190Z Collecting docspec==2.2.1 (from docspec-python==2.2.2->-r requirements-dev.txt (line 34))
2025-08-17T02:58:31.2710372Z   Using cached docspec-2.2.1-py3-none-any.whl.metadata (1.5 kB)
2025-08-17T02:58:31.3532826Z Collecting nr-util>=0.8.12 (from docspec-python==2.2.2->-r requirements-dev.txt (line 34))
2025-08-17T02:58:31.3544252Z   Using cached nr.util-0.8.12-py3-none-any.whl.metadata (813 bytes)
2025-08-17T02:58:31.3945540Z Collecting PyYAML<7.0,>=5.0 (from pydoc-markdown==4.8.2->-r requirements-dev.txt (line 35))
2025-08-17T02:58:31.3957881Z   Using cached PyYAML-6.0.2-cp312-cp312-manylinux_2_17_x86_64.manylinux2014_x86_64.whl.metadata (2.1 kB)
2025-08-17T02:58:31.4864337Z Collecting databind.core<5.0.0,>=4.4.0 (from pydoc-markdown==4.8.2->-r requirements-dev.txt (line 35))
2025-08-17T02:58:31.4876222Z   Using cached databind.core-4.5.2-py3-none-any.whl.metadata (1.1 kB)
2025-08-17T02:58:31.5742754Z Collecting databind.json<5.0.0,>=4.4.0 (from pydoc-markdown==4.8.2->-r requirements-dev.txt (line 35))
2025-08-17T02:58:31.5754766Z   Using cached databind.json-4.5.2-py3-none-any.whl.metadata (1.1 kB)
2025-08-17T02:58:31.5962991Z Collecting docstring-parser<0.12,>=0.11 (from pydoc-markdown==4.8.2->-r requirements-dev.txt (line 35))
2025-08-17T02:58:31.5963999Z   Using cached docstring_parser-0.11-py3-none-any.whl
2025-08-17T02:58:31.6336549Z Collecting tomli<3.0.0,>=2.0.0 (from pydoc-markdown==4.8.2->-r requirements-dev.txt (line 35))
2025-08-17T02:58:31.6348439Z   Using cached tomli-2.2.1-cp312-cp312-manylinux_2_17_x86_64.manylinux2014_x86_64.whl.metadata (11 kB)
2025-08-17T02:58:31.6511603Z Collecting tomli_w<2.0.0,>=1.0.0 (from pydoc-markdown==4.8.2->-r requirements-dev.txt (line 35))
2025-08-17T02:58:31.6523147Z   Using cached tomli_w-1.2.0-py3-none-any.whl.metadata (5.7 kB)
2025-08-17T02:58:31.7039137Z Collecting watchdog (from pydoc-markdown==4.8.2->-r requirements-dev.txt (line 35))
2025-08-17T02:58:31.7051494Z   Using cached watchdog-6.0.0-py3-none-manylinux2014_x86_64.whl.metadata (44 kB)
2025-08-17T02:58:31.7347959Z Collecting yapf>=0.30.0 (from pydoc-markdown==4.8.2->-r requirements-dev.txt (line 35))
2025-08-17T02:58:31.7359400Z   Using cached yapf-0.43.0-py3-none-any.whl.metadata (46 kB)
2025-08-17T02:58:31.7664505Z Collecting Deprecated<2.0.0,>=1.2.12 (from docspec==2.2.1->docspec-python==2.2.2->-r requirements-dev.txt (line 34))
2025-08-17T02:58:31.7676223Z   Using cached Deprecated-1.2.18-py2.py3-none-any.whl.metadata (5.7 kB)
2025-08-17T02:58:31.9258528Z Collecting psycopg-binary==3.2.9 (from psycopg[binary]==3.2.9->-r requirements-dev.txt (line 19))
2025-08-17T02:58:31.9271660Z   Using cached psycopg_binary-3.2.9-cp312-cp312-manylinux_2_17_x86_64.manylinux2014_x86_64.whl.metadata (2.9 kB)
2025-08-17T02:58:31.9635020Z Collecting anyio (from httpx<0.29,>=0.27->-r requirements-dev.txt (line 11))
2025-08-17T02:58:31.9646778Z   Using cached anyio-4.10.0-py3-none-any.whl.metadata (4.0 kB)
2025-08-17T02:58:31.9923295Z Collecting httpcore==1.* (from httpx<0.29,>=0.27->-r requirements-dev.txt (line 11))
2025-08-17T02:58:31.9934944Z   Using cached httpcore-1.0.9-py3-none-any.whl.metadata (21 kB)
2025-08-17T02:58:32.0885670Z Collecting databind<5.0.0,>=4.5.2 (from databind.core<5.0.0,>=4.4.0->pydoc-markdown==4.8.2->-r requirements-dev.txt (line 35))
2025-08-17T02:58:32.0897516Z   Using cached databind-4.5.2-py3-none-any.whl.metadata (4.3 kB)
2025-08-17T02:58:32.1648237Z Collecting nr-date<3.0.0,>=2.0.0 (from databind<5.0.0,>=4.5.2->databind.core<5.0.0,>=4.4.0->pydoc-markdown==4.8.2->-r requirements-dev.txt (line 35))
2025-08-17T02:58:32.1659789Z   Using cached nr_date-2.1.0-py3-none-any.whl.metadata (746 bytes)
2025-08-17T02:58:32.2419019Z Collecting nr-stream<2.0.0,>=1.0.0 (from databind<5.0.0,>=4.5.2->databind.core<5.0.0,>=4.4.0->pydoc-markdown==4.8.2->-r requirements-dev.txt (line 35))
2025-08-17T02:58:32.2430384Z   Using cached nr_stream-1.1.5-py3-none-any.whl.metadata (3.6 kB)
2025-08-17T02:58:32.3234387Z Collecting typeapi<3,>=2.0.1 (from databind<5.0.0,>=4.5.2->databind.core<5.0.0,>=4.4.0->pydoc-markdown==4.8.2->-r requirements-dev.txt (line 35))
2025-08-17T02:58:32.3246468Z   Using cached typeapi-2.2.4-py3-none-any.whl.metadata (1.5 kB)
2025-08-17T02:58:32.3569743Z Collecting h11>=0.16 (from httpcore==1.*->httpx<0.29,>=0.27->-r requirements-dev.txt (line 11))
2025-08-17T02:58:32.3581370Z   Using cached h11-0.16.0-py3-none-any.whl.metadata (8.3 kB)
2025-08-17T02:58:32.3842793Z Collecting amqp<6.0.0,>=5.1.1 (from kombu<6.0,>=5.3.4->celery==5.4.0->-r requirements-dev.txt (line 8))
2025-08-17T02:58:32.3854526Z   Using cached amqp-5.3.1-py3-none-any.whl.metadata (8.9 kB)
2025-08-17T02:58:32.4247362Z Collecting iniconfig>=1 (from pytest<9,>=7.0.0->pytest-asyncio==0.23.6->-r requirements-dev.txt (line 22))
2025-08-17T02:58:32.4258436Z   Using cached iniconfig-2.1.0-py3-none-any.whl.metadata (2.7 kB)
2025-08-17T02:58:32.4555436Z Collecting pygments>=2.7.2 (from pytest<9,>=7.0.0->pytest-asyncio==0.23.6->-r requirements-dev.txt (line 22))
2025-08-17T02:58:32.4566230Z   Using cached pygments-2.19.2-py3-none-any.whl.metadata (2.5 kB)
2025-08-17T02:58:32.4995807Z Collecting sniffio>=1.1 (from anyio->httpx<0.29,>=0.27->-r requirements-dev.txt (line 11))
2025-08-17T02:58:32.5006853Z   Using cached sniffio-1.3.1-py3-none-any.whl.metadata (3.9 kB)
2025-08-17T02:58:32.8778092Z Collecting botocore<1.41.0,>=1.40.11 (from boto3->-r requirements-dev.txt (line 7))
2025-08-17T02:58:32.8881829Z   Downloading botocore-1.40.11-py3-none-any.whl.metadata (5.7 kB)
2025-08-17T02:58:32.9083274Z Collecting jmespath<2.0.0,>=0.7.1 (from boto3->-r requirements-dev.txt (line 7))
2025-08-17T02:58:32.9094807Z   Using cached jmespath-1.0.1-py3-none-any.whl.metadata (7.6 kB)
2025-08-17T02:58:32.9338708Z Collecting s3transfer<0.14.0,>=0.13.0 (from boto3->-r requirements-dev.txt (line 7))
2025-08-17T02:58:32.9350075Z   Using cached s3transfer-0.13.1-py3-none-any.whl.metadata (1.7 kB)
2025-08-17T02:58:33.1643273Z Collecting fastapi-cli>=0.0.8 (from fastapi-cli[standard]>=0.0.8; extra == "all"->fastapi[all]->-r requirements-dev.txt (line 10))
2025-08-17T02:58:33.1655228Z   Using cached fastapi_cli-0.0.8-py3-none-any.whl.metadata (6.3 kB)
2025-08-17T02:58:33.2414984Z Collecting ujson!=4.0.2,!=4.1.0,!=4.2.0,!=4.3.0,!=5.0.0,!=5.1.0,>=4.0.1 (from fastapi[all]->-r requirements-dev.txt (line 10))
2025-08-17T02:58:33.2428000Z   Using cached ujson-5.10.0-cp312-cp312-manylinux_2_17_x86_64.manylinux2014_x86_64.whl.metadata (9.3 kB)
2025-08-17T02:58:33.4801356Z Collecting orjson>=3.2.1 (from fastapi[all]->-r requirements-dev.txt (line 10))
2025-08-17T02:58:33.4815460Z   Using cached orjson-3.11.2-cp312-cp312-manylinux_2_17_x86_64.manylinux2014_x86_64.whl.metadata (1.2 kB)
2025-08-17T02:58:33.5004289Z Collecting email-validator>=2.0.0 (from fastapi[all]->-r requirements-dev.txt (line 10))
2025-08-17T02:58:33.5017352Z   Using cached email_validator-2.2.0-py3-none-any.whl.metadata (25 kB)
2025-08-17T02:58:33.5445311Z Collecting uvicorn>=0.12.0 (from uvicorn[standard]>=0.12.0; extra == "all"->fastapi[all]->-r requirements-dev.txt (line 10))
2025-08-17T02:58:33.5457357Z   Using cached uvicorn-0.35.0-py3-none-any.whl.metadata (6.5 kB)
2025-08-17T02:58:33.5688887Z Collecting pydantic-settings>=2.0.0 (from fastapi[all]->-r requirements-dev.txt (line 10))
2025-08-17T02:58:33.5700655Z   Using cached pydantic_settings-2.10.1-py3-none-any.whl.metadata (3.4 kB)
2025-08-17T02:58:33.5888238Z Collecting pydantic-extra-types>=2.0.0 (from fastapi[all]->-r requirements-dev.txt (line 10))
2025-08-17T02:58:33.5899858Z   Using cached pydantic_extra_types-2.10.5-py3-none-any.whl.metadata (3.9 kB)
2025-08-17T02:58:33.6613305Z Collecting prompt-toolkit>=3.0.36 (from click-repl>=0.2.0->celery==5.4.0->-r requirements-dev.txt (line 8))
2025-08-17T02:58:33.6625128Z   Using cached prompt_toolkit-3.0.51-py3-none-any.whl.metadata (6.4 kB)
2025-08-17T02:58:33.6867373Z Collecting dnspython>=2.0.0 (from email-validator>=2.0.0->fastapi[all]->-r requirements-dev.txt (line 10))
2025-08-17T02:58:33.6879140Z   Using cached dnspython-2.7.0-py3-none-any.whl.metadata (5.8 kB)
2025-08-17T02:58:33.7225925Z Collecting typer>=0.15.1 (from fastapi-cli>=0.0.8->fastapi-cli[standard]>=0.0.8; extra == "all"->fastapi[all]->-r requirements-dev.txt (line 10))
2025-08-17T02:58:33.7237542Z   Using cached typer-0.16.0-py3-none-any.whl.metadata (15 kB)
2025-08-17T02:58:33.7574993Z Collecting rich-toolkit>=0.14.8 (from fastapi-cli>=0.0.8->fastapi-cli[standard]>=0.0.8; extra == "all"->fastapi[all]->-r requirements-dev.txt (line 10))
2025-08-17T02:58:33.7585842Z   Using cached rich_toolkit-0.15.0-py3-none-any.whl.metadata (1.0 kB)
2025-08-17T02:58:33.7757316Z Collecting fastapi-cloud-cli>=0.1.1 (from fastapi-cli[standard]>=0.0.8; extra == "all"->fastapi[all]->-r requirements-dev.txt (line 10))
2025-08-17T02:58:33.7768364Z   Using cached fastapi_cloud_cli-0.1.5-py3-none-any.whl.metadata (3.2 kB)
2025-08-17T02:58:33.8558619Z Collecting rignore>=0.5.1 (from fastapi-cloud-cli>=0.1.1->fastapi-cli[standard]>=0.0.8; extra == "all"->fastapi[all]->-r requirements-dev.txt (line 10))
2025-08-17T02:58:33.8571090Z   Using cached rignore-0.6.4-cp312-cp312-manylinux_2_17_x86_64.manylinux2014_x86_64.whl.metadata (3.8 kB)
2025-08-17T02:58:33.9435340Z Collecting sentry-sdk>=2.20.0 (from fastapi-cloud-cli>=0.1.1->fastapi-cli[standard]>=0.0.8; extra == "all"->fastapi[all]->-r requirements-dev.txt (line 10))
2025-08-17T02:58:33.9540199Z   Downloading sentry_sdk-2.35.0-py2.py3-none-any.whl.metadata (10 kB)
2025-08-17T02:58:34.0555135Z Collecting psutil>=4.0.0 (from mirakuru>=2.6.0->pytest-postgresql==7.0.2->-r requirements-dev.txt (line 24))
2025-08-17T02:58:34.0569149Z   Using cached psutil-7.0.0-cp36-abi3-manylinux_2_12_x86_64.manylinux2010_x86_64.manylinux_2_17_x86_64.manylinux2014_x86_64.whl.metadata (22 kB)
2025-08-17T02:58:34.0963666Z Collecting wcwidth (from prompt-toolkit>=3.0.36->click-repl>=0.2.0->celery==5.4.0->-r requirements-dev.txt (line 8))
2025-08-17T02:58:34.0975736Z   Using cached wcwidth-0.2.13-py2.py3-none-any.whl.metadata (14 kB)
2025-08-17T02:58:34.2017967Z Collecting rich>=13.7.1 (from rich-toolkit>=0.14.8->fastapi-cli>=0.0.8->fastapi-cli[standard]>=0.0.8; extra == "all"->fastapi[all]->-r requirements-dev.txt (line 10))
2025-08-17T02:58:34.2029609Z   Using cached rich-14.1.0-py3-none-any.whl.metadata (18 kB)
2025-08-17T02:58:34.2273720Z Collecting markdown-it-py>=2.2.0 (from rich>=13.7.1->rich-toolkit>=0.14.8->fastapi-cli>=0.0.8->fastapi-cli[standard]>=0.0.8; extra == "all"->fastapi[all]->-r requirements-dev.txt (line 10))
2025-08-17T02:58:34.2285038Z   Using cached markdown_it_py-4.0.0-py3-none-any.whl.metadata (7.3 kB)
2025-08-17T02:58:34.2541247Z Collecting mdurl~=0.1 (from markdown-it-py>=2.2.0->rich>=13.7.1->rich-toolkit>=0.14.8->fastapi-cli>=0.0.8->fastapi-cli[standard]>=0.0.8; extra == "all"->fastapi[all]->-r requirements-dev.txt (line 10))
2025-08-17T02:58:34.2552495Z   Using cached mdurl-0.1.2-py3-none-any.whl.metadata (1.6 kB)
2025-08-17T02:58:34.3162945Z Collecting shellingham>=1.3.0 (from typer>=0.15.1->fastapi-cli>=0.0.8->fastapi-cli[standard]>=0.0.8; extra == "all"->fastapi[all]->-r requirements-dev.txt (line 10))
2025-08-17T02:58:34.3174453Z   Using cached shellingham-1.5.4-py2.py3-none-any.whl.metadata (3.5 kB)
2025-08-17T02:58:34.3939993Z Collecting httptools>=0.6.3 (from uvicorn[standard]>=0.12.0; extra == "all"->fastapi[all]->-r requirements-dev.txt (line 10))
2025-08-17T02:58:34.3953170Z   Using cached httptools-0.6.4-cp312-cp312-manylinux_2_5_x86_64.manylinux1_x86_64.manylinux_2_17_x86_64.manylinux2014_x86_64.whl.metadata (3.6 kB)
2025-08-17T02:58:34.4427871Z Collecting uvloop>=0.15.1 (from uvicorn[standard]>=0.12.0; extra == "all"->fastapi[all]->-r requirements-dev.txt (line 10))
2025-08-17T02:58:34.4440345Z   Using cached uvloop-0.21.0-cp312-cp312-manylinux_2_17_x86_64.manylinux2014_x86_64.whl.metadata (4.9 kB)
2025-08-17T02:58:34.5203892Z Collecting watchfiles>=0.13 (from uvicorn[standard]>=0.12.0; extra == "all"->fastapi[all]->-r requirements-dev.txt (line 10))
2025-08-17T02:58:34.5217357Z   Using cached watchfiles-1.1.0-cp312-cp312-manylinux_2_17_x86_64.manylinux2014_x86_64.whl.metadata (4.9 kB)
2025-08-17T02:58:34.6141159Z Collecting websockets>=10.4 (from uvicorn[standard]>=0.12.0; extra == "all"->fastapi[all]->-r requirements-dev.txt (line 10))
2025-08-17T02:58:34.6154922Z   Using cached websockets-15.0.1-cp312-cp312-manylinux_2_5_x86_64.manylinux1_x86_64.manylinux_2_17_x86_64.manylinux2014_x86_64.whl.metadata (6.8 kB)
2025-08-17T02:58:34.6824116Z Using cached jinja2-3.1.6-py3-none-any.whl (134 kB)
2025-08-17T02:58:34.6837329Z Using cached alembic-1.13.1-py3-none-any.whl (233 kB)
2025-08-17T02:58:34.6850640Z Using cached APScheduler-3.10.4-py3-none-any.whl (59 kB)
2025-08-17T02:58:34.6862201Z Using cached asyncpg-0.30.0-cp312-cp312-manylinux_2_17_x86_64.manylinux2014_x86_64.whl (3.6 MB)
2025-08-17T02:58:34.6899596Z Using cached black-25.1.0-cp312-cp312-manylinux_2_17_x86_64.manylinux2014_x86_64.manylinux_2_28_x86_64.whl (1.8 MB)
2025-08-17T02:58:34.6923269Z Using cached celery-5.4.0-py3-none-any.whl (425 kB)
2025-08-17T02:58:34.6937081Z Using cached fastapi-0.116.1-py3-none-any.whl (95 kB)
2025-08-17T02:58:34.6948706Z Using cached pydantic-2.11.7-py3-none-any.whl (444 kB)
2025-08-17T02:58:34.6963269Z Using cached IMAPClient-3.0.1-py2.py3-none-any.whl (182 kB)
2025-08-17T02:58:34.6984148Z Using cached mypy_extensions-1.1.0-py3-none-any.whl (5.0 kB)
2025-08-17T02:58:34.6987271Z Using cached openpyxl-3.1.5-py2.py3-none-any.whl (250 kB)
2025-08-17T02:58:34.7001938Z Using cached pandas-2.3.1-cp312-cp312-manylinux_2_17_x86_64.manylinux2014_x86_64.whl (12.0 MB)
2025-08-17T02:58:34.7103178Z Using cached psycopg2_binary-2.9.9-cp312-cp312-manylinux_2_17_x86_64.manylinux2014_x86_64.whl (3.0 MB)
2025-08-17T02:58:34.7135497Z Using cached psycopg-3.2.9-py3-none-any.whl (202 kB)
2025-08-17T02:58:34.7148182Z Using cached pytest_asyncio-0.23.6-py3-none-any.whl (17 kB)
2025-08-17T02:58:34.7159284Z Using cached pytest_cov-6.2.1-py3-none-any.whl (24 kB)
2025-08-17T02:58:34.7170607Z Using cached pytest_postgresql-7.0.2-py3-none-any.whl (41 kB)
2025-08-17T02:58:34.7182191Z Using cached python_telegram_bot-22.2-py3-none-any.whl (708 kB)
2025-08-17T02:58:34.7198259Z Using cached requests-2.32.4-py3-none-any.whl (64 kB)
2025-08-17T02:58:34.7209645Z Using cached respx-0.22.0-py2.py3-none-any.whl (25 kB)
2025-08-17T02:58:34.7221185Z Using cached ruff-0.4.4-py3-none-manylinux_2_17_x86_64.manylinux2014_x86_64.whl (8.7 MB)
2025-08-17T02:58:34.7294233Z Using cached SQLAlchemy-2.0.29-cp312-cp312-manylinux_2_17_x86_64.manylinux2014_x86_64.whl (3.2 MB)
2025-08-17T02:58:34.7327205Z Using cached testcontainers-4.10.0-py3-none-any.whl (107 kB)
2025-08-17T02:58:34.7339240Z Using cached types_requests-2.32.0.20240602-py3-none-any.whl (15 kB)
2025-08-17T02:58:34.7350571Z Using cached docspec_python-2.2.2-py3-none-any.whl (15 kB)
2025-08-17T02:58:34.7361623Z Using cached pydoc_markdown-4.8.2-py3-none-any.whl (67 kB)
2025-08-17T02:58:34.7372859Z Using cached docspec-2.2.1-py3-none-any.whl (9.8 kB)
2025-08-17T02:58:34.7384380Z Using cached psycopg_binary-3.2.9-cp312-cp312-manylinux_2_17_x86_64.manylinux2014_x86_64.whl (4.4 MB)
2025-08-17T02:58:34.7426104Z Using cached pydantic_core-2.33.2-cp312-cp312-manylinux_2_17_x86_64.manylinux2014_x86_64.whl (2.0 MB)
2025-08-17T02:58:34.7451551Z Using cached httpx-0.28.1-py3-none-any.whl (73 kB)
2025-08-17T02:58:34.7463729Z Using cached mypy-1.17.1-cp312-cp312-manylinux2014_x86_64.manylinux_2_17_x86_64.manylinux_2_28_x86_64.whl (12.7 MB)
2025-08-17T02:58:34.7565120Z Using cached billiard-4.2.1-py3-none-any.whl (86 kB)
2025-08-17T02:58:34.7578371Z Using cached charset_normalizer-3.4.3-cp312-cp312-manylinux2014_x86_64.manylinux_2_17_x86_64.manylinux_2_28_x86_64.whl (151 kB)
2025-08-17T02:58:34.7590476Z Using cached click-8.2.1-py3-none-any.whl (102 kB)
2025-08-17T02:58:34.7602296Z Using cached databind.core-4.5.2-py3-none-any.whl (1.5 kB)
2025-08-17T02:58:34.7613288Z Using cached databind-4.5.2-py3-none-any.whl (49 kB)
2025-08-17T02:58:34.7624674Z Using cached databind.json-4.5.2-py3-none-any.whl (1.5 kB)
2025-08-17T02:58:34.7635819Z Using cached Deprecated-1.2.18-py2.py3-none-any.whl (10.0 kB)
2025-08-17T02:58:34.7647270Z Using cached httpcore-1.0.9-py3-none-any.whl (78 kB)
2025-08-17T02:58:34.7658640Z Using cached idna-3.10-py3-none-any.whl (70 kB)
2025-08-17T02:58:34.7670195Z Using cached kombu-5.5.4-py3-none-any.whl (210 kB)
2025-08-17T02:58:34.7682521Z Using cached vine-5.1.0-py3-none-any.whl (9.6 kB)
2025-08-17T02:58:34.7693470Z Using cached amqp-5.3.1-py3-none-any.whl (50 kB)
2025-08-17T02:58:34.7704788Z Using cached nr_date-2.1.0-py3-none-any.whl (10 kB)
2025-08-17T02:58:34.7715899Z Using cached nr_stream-1.1.5-py3-none-any.whl (10 kB)
2025-08-17T02:58:34.7727028Z Using cached nr.util-0.8.12-py3-none-any.whl (90 kB)
2025-08-17T02:58:34.7738869Z Using cached pytest-8.4.1-py3-none-any.whl (365 kB)
2025-08-17T02:58:34.7752411Z Using cached pluggy-1.6.0-py3-none-any.whl (20 kB)
2025-08-17T02:58:34.7763962Z Using cached PyYAML-6.0.2-cp312-cp312-manylinux_2_17_x86_64.manylinux2014_x86_64.whl (767 kB)
2025-08-17T02:58:34.7781041Z Using cached starlette-0.47.2-py3-none-any.whl (72 kB)
2025-08-17T02:58:34.7792727Z Using cached anyio-4.10.0-py3-none-any.whl (107 kB)
2025-08-17T02:58:34.7805003Z Using cached tomli-2.2.1-cp312-cp312-manylinux_2_17_x86_64.manylinux2014_x86_64.whl (242 kB)
2025-08-17T02:58:34.7818586Z Using cached tomli_w-1.2.0-py3-none-any.whl (6.7 kB)
2025-08-17T02:58:34.7831069Z Using cached typeapi-2.2.4-py3-none-any.whl (26 kB)
2025-08-17T02:58:34.7842219Z Using cached typing_extensions-4.14.1-py3-none-any.whl (43 kB)
2025-08-17T02:58:34.7853145Z Using cached urllib3-2.5.0-py3-none-any.whl (129 kB)
2025-08-17T02:58:34.7865147Z Using cached wrapt-1.17.3-cp312-cp312-manylinux1_x86_64.manylinux_2_28_x86_64.manylinux_2_5_x86_64.whl (88 kB)
2025-08-17T02:58:34.7967412Z Downloading boto3-1.40.11-py3-none-any.whl (140 kB)
2025-08-17T02:58:34.8261292Z Downloading botocore-1.40.11-py3-none-any.whl (14.0 MB)
2025-08-17T02:58:34.9287857Z    ━━━━━━━━━━━━━━━━━━━━━━━━━━━━━━━━━━━━━━━━ 14.0/14.0 MB 150.4 MB/s  0:00:00
2025-08-17T02:58:34.9301123Z Using cached jmespath-1.0.1-py3-none-any.whl (20 kB)
2025-08-17T02:58:34.9313151Z Using cached python_dateutil-2.9.0.post0-py2.py3-none-any.whl (229 kB)
2025-08-17T02:58:34.9325778Z Using cached s3transfer-0.13.1-py3-none-any.whl (85 kB)
2025-08-17T02:58:34.9337727Z Using cached itsdangerous-2.2.0-py3-none-any.whl (16 kB)
2025-08-17T02:58:34.9349202Z Using cached setuptools-80.9.0-py3-none-any.whl (1.2 MB)
2025-08-17T02:58:34.9368817Z Using cached python_dotenv-1.1.1-py3-none-any.whl (20 kB)
2025-08-17T02:58:34.9380194Z Using cached python_multipart-0.0.20-py3-none-any.whl (24 kB)
2025-08-17T02:58:34.9391786Z Using cached annotated_types-0.7.0-py3-none-any.whl (13 kB)
2025-08-17T02:58:34.9403258Z Using cached certifi-2025.8.3-py3-none-any.whl (161 kB)
2025-08-17T02:58:34.9415453Z Using cached click_didyoumean-0.3.1-py3-none-any.whl (3.6 kB)
2025-08-17T02:58:34.9426734Z Using cached click_plugins-1.1.1.2-py2.py3-none-any.whl (11 kB)
2025-08-17T02:58:34.9437783Z Using cached click_repl-0.3.0-py3-none-any.whl (10 kB)
2025-08-17T02:58:34.9550788Z Downloading coverage-7.10.4-cp312-cp312-manylinux1_x86_64.manylinux_2_28_x86_64.manylinux_2_5_x86_64.whl (251 kB)
2025-08-17T02:58:34.9592033Z Using cached email_validator-2.2.0-py3-none-any.whl (33 kB)
2025-08-17T02:58:34.9603535Z Using cached dnspython-2.7.0-py3-none-any.whl (313 kB)
2025-08-17T02:58:34.9616990Z Using cached fastapi_cli-0.0.8-py3-none-any.whl (10 kB)
2025-08-17T02:58:34.9628438Z Using cached fastapi_cloud_cli-0.1.5-py3-none-any.whl (18 kB)
2025-08-17T02:58:34.9640253Z Using cached greenlet-3.2.4-cp312-cp312-manylinux_2_24_x86_64.manylinux_2_28_x86_64.whl (607 kB)
2025-08-17T02:58:34.9656121Z Using cached h11-0.16.0-py3-none-any.whl (37 kB)
2025-08-17T02:58:34.9667821Z Using cached iniconfig-2.1.0-py3-none-any.whl (6.0 kB)
2025-08-17T02:58:34.9679531Z Using cached MarkupSafe-3.0.2-cp312-cp312-manylinux_2_17_x86_64.manylinux2014_x86_64.whl (23 kB)
2025-08-17T02:58:34.9690807Z Using cached mirakuru-2.6.1-py3-none-any.whl (26 kB)
2025-08-17T02:58:34.9702441Z Using cached numpy-2.3.2-cp312-cp312-manylinux_2_27_x86_64.manylinux_2_28_x86_64.whl (16.6 MB)
2025-08-17T02:58:34.9833287Z Using cached orjson-3.11.2-cp312-cp312-manylinux_2_17_x86_64.manylinux2014_x86_64.whl (121 kB)
2025-08-17T02:58:34.9844770Z Using cached packaging-25.0-py3-none-any.whl (66 kB)
2025-08-17T02:58:34.9856663Z Using cached pathspec-0.12.1-py3-none-any.whl (31 kB)
2025-08-17T02:58:34.9868122Z Using cached platformdirs-4.3.8-py3-none-any.whl (18 kB)
2025-08-17T02:58:34.9879347Z Using cached port_for-0.7.4-py3-none-any.whl (21 kB)
2025-08-17T02:58:34.9890914Z Using cached prompt_toolkit-3.0.51-py3-none-any.whl (387 kB)
2025-08-17T02:58:34.9905572Z Using cached psutil-7.0.0-cp36-abi3-manylinux_2_12_x86_64.manylinux2010_x86_64.manylinux_2_17_x86_64.manylinux2014_x86_64.whl (277 kB)
2025-08-17T02:58:34.9918781Z Using cached pydantic_extra_types-2.10.5-py3-none-any.whl (38 kB)
2025-08-17T02:58:34.9930407Z Using cached pydantic_settings-2.10.1-py3-none-any.whl (45 kB)
2025-08-17T02:58:34.9942154Z Using cached pygments-2.19.2-py3-none-any.whl (1.2 MB)
2025-08-17T02:58:34.9962027Z Using cached pytz-2025.2-py2.py3-none-any.whl (509 kB)
2025-08-17T02:58:34.9977613Z Using cached rich_toolkit-0.15.0-py3-none-any.whl (29 kB)
2025-08-17T02:58:34.9988881Z Using cached rich-14.1.0-py3-none-any.whl (243 kB)
2025-08-17T02:58:35.0001698Z Using cached markdown_it_py-4.0.0-py3-none-any.whl (87 kB)
2025-08-17T02:58:35.0013178Z Using cached mdurl-0.1.2-py3-none-any.whl (10.0 kB)
2025-08-17T02:58:35.0024666Z Using cached rignore-0.6.4-cp312-cp312-manylinux_2_17_x86_64.manylinux2014_x86_64.whl (949 kB)
2025-08-17T02:58:35.0132117Z Downloading sentry_sdk-2.35.0-py2.py3-none-any.whl (363 kB)
2025-08-17T02:58:35.0184462Z Using cached six-1.17.0-py2.py3-none-any.whl (11 kB)
2025-08-17T02:58:35.0195770Z Using cached sniffio-1.3.1-py3-none-any.whl (10 kB)
2025-08-17T02:58:35.0207114Z Using cached typer-0.16.0-py3-none-any.whl (46 kB)
2025-08-17T02:58:35.0218662Z Using cached shellingham-1.5.4-py2.py3-none-any.whl (9.8 kB)
2025-08-17T02:58:35.0230102Z Using cached typing_inspection-0.4.1-py3-none-any.whl (14 kB)
2025-08-17T02:58:35.0241463Z Using cached tzdata-2025.2-py2.py3-none-any.whl (347 kB)
2025-08-17T02:58:35.0254962Z Using cached tzlocal-5.3.1-py3-none-any.whl (18 kB)
2025-08-17T02:58:35.0266812Z Using cached ujson-5.10.0-cp312-cp312-manylinux_2_17_x86_64.manylinux2014_x86_64.whl (53 kB)
2025-08-17T02:58:35.0278167Z Using cached uvicorn-0.35.0-py3-none-any.whl (66 kB)
2025-08-17T02:58:35.0290767Z Using cached httptools-0.6.4-cp312-cp312-manylinux_2_5_x86_64.manylinux1_x86_64.manylinux_2_17_x86_64.manylinux2014_x86_64.whl (510 kB)
2025-08-17T02:58:35.0305298Z Using cached uvloop-0.21.0-cp312-cp312-manylinux_2_17_x86_64.manylinux2014_x86_64.whl (4.7 MB)
2025-08-17T02:58:35.0350706Z Using cached watchfiles-1.1.0-cp312-cp312-manylinux_2_17_x86_64.manylinux2014_x86_64.whl (452 kB)
2025-08-17T02:58:35.0365427Z Using cached websockets-15.0.1-cp312-cp312-manylinux_2_5_x86_64.manylinux1_x86_64.manylinux_2_17_x86_64.manylinux2014_x86_64.whl (182 kB)
2025-08-17T02:58:35.0377646Z Using cached yapf-0.43.0-py3-none-any.whl (256 kB)
2025-08-17T02:58:35.0390444Z Using cached docker-7.1.0-py3-none-any.whl (147 kB)
2025-08-17T02:58:35.0402569Z Using cached et_xmlfile-2.0.0-py3-none-any.whl (18 kB)
2025-08-17T02:58:35.0413731Z Using cached mako-1.3.10-py3-none-any.whl (78 kB)
2025-08-17T02:58:35.0425462Z Using cached watchdog-6.0.0-py3-none-manylinux2014_x86_64.whl (79 kB)
2025-08-17T02:58:35.0437039Z Using cached wcwidth-0.2.13-py2.py3-none-any.whl (34 kB)
2025-08-17T02:58:35.4726542Z Installing collected packages: wcwidth, pytz, wrapt, websockets, watchdog, vine, uvloop, urllib3, ujson, tzlocal, tzdata, typing-extensions, tomli_w, tomli, sniffio, six, shellingham, setuptools, ruff, rignore, PyYAML, python-multipart, python-dotenv, pygments, psycopg2-binary, psycopg-binary, psutil, prompt-toolkit, port-for, pluggy, platformdirs, pathspec, packaging, orjson, numpy, nr-stream, nr-date, mypy-extensions, mdurl, MarkupSafe, jmespath, itsdangerous, iniconfig, imapclient, idna, httptools, h11, greenlet, et-xmlfile, docstring-parser, dnspython, coverage, click, charset_normalizer, certifi, billiard, asyncpg, annotated-types, yapf, uvicorn, typing-inspection, types-requests, typeapi, sqlalchemy, sentry-sdk, requests, python-dateutil, pytest, pydantic-core, psycopg, openpyxl, mypy, mirakuru, markdown-it-py, Mako, Jinja2, httpcore, email-validator, Deprecated, click-repl, click-plugins, click-didyoumean, black, apscheduler, anyio, amqp, watchfiles, starlette, rich, pytest-postgresql, pytest-cov, pytest-asyncio, pydantic, pandas, nr-util, kombu, httpx, docker, databind, botocore, alembic, typer, testcontainers, s3transfer, rich-toolkit, respx, python-telegram-bot, pydantic-settings, pydantic-extra-types, fastapi, databind.json, databind.core, celery, fastapi-cloud-cli, fastapi-cli, docspec, boto3, docspec-python, pydoc-markdown
2025-08-17T02:58:52.8123298Z 
2025-08-17T02:58:52.8227762Z Successfully installed Deprecated-1.2.18 Jinja2-3.1.6 Mako-1.3.10 MarkupSafe-3.0.2 PyYAML-6.0.2 alembic-1.13.1 amqp-5.3.1 annotated-types-0.7.0 anyio-4.10.0 apscheduler-3.10.4 asyncpg-0.30.0 billiard-4.2.1 black-25.1.0 boto3-1.40.11 botocore-1.40.11 celery-5.4.0 certifi-2025.8.3 charset_normalizer-3.4.3 click-8.2.1 click-didyoumean-0.3.1 click-plugins-1.1.1.2 click-repl-0.3.0 coverage-7.10.4 databind-4.5.2 databind.core-4.5.2 databind.json-4.5.2 dnspython-2.7.0 docker-7.1.0 docspec-2.2.1 docspec-python-2.2.2 docstring-parser-0.11 email-validator-2.2.0 et-xmlfile-2.0.0 fastapi-0.116.1 fastapi-cli-0.0.8 fastapi-cloud-cli-0.1.5 greenlet-3.2.4 h11-0.16.0 httpcore-1.0.9 httptools-0.6.4 httpx-0.28.1 idna-3.10 imapclient-3.0.1 iniconfig-2.1.0 itsdangerous-2.2.0 jmespath-1.0.1 kombu-5.5.4 markdown-it-py-4.0.0 mdurl-0.1.2 mirakuru-2.6.1 mypy-1.17.1 mypy-extensions-1.1.0 nr-date-2.1.0 nr-stream-1.1.5 nr-util-0.8.12 numpy-2.3.2 openpyxl-3.1.5 orjson-3.11.2 packaging-25.0 pandas-2.3.1 pathspec-0.12.1 platformdirs-4.3.8 pluggy-1.6.0 port-for-0.7.4 prompt-toolkit-3.0.51 psutil-7.0.0 psycopg-3.2.9 psycopg-binary-3.2.9 psycopg2-binary-2.9.9 pydantic-2.11.7 pydantic-core-2.33.2 pydantic-extra-types-2.10.5 pydantic-settings-2.10.1 pydoc-markdown-4.8.2 pygments-2.19.2 pytest-8.4.1 pytest-asyncio-0.23.6 pytest-cov-6.2.1 pytest-postgresql-7.0.2 python-dateutil-2.9.0.post0 python-dotenv-1.1.1 python-multipart-0.0.20 python-telegram-bot-22.2 pytz-2025.2 requests-2.32.4 respx-0.22.0 rich-14.1.0 rich-toolkit-0.15.0 rignore-0.6.4 ruff-0.4.4 s3transfer-0.13.1 sentry-sdk-2.35.0 setuptools-80.9.0 shellingham-1.5.4 six-1.17.0 sniffio-1.3.1 sqlalchemy-2.0.29 starlette-0.47.2 testcontainers-4.10.0 tomli-2.2.1 tomli_w-1.2.0 typeapi-2.2.4 typer-0.16.0 types-requests-2.32.0.20240602 typing-extensions-4.14.1 typing-inspection-0.4.1 tzdata-2025.2 tzlocal-5.3.1 ujson-5.10.0 urllib3-2.5.0 uvicorn-0.35.0 uvloop-0.21.0 vine-5.1.0 watchdog-6.0.0 watchfiles-1.1.0 wcwidth-0.2.13 websockets-15.0.1 wrapt-1.17.3 yapf-0.43.0
2025-08-17T02:58:54.1354353Z Collecting keepa==1.3.15
2025-08-17T02:58:54.1367007Z   Using cached keepa-1.3.15-py3-none-any.whl.metadata (11 kB)
2025-08-17T02:58:54.1706592Z Collecting minio==7.1.15
2025-08-17T02:58:54.1718373Z   Using cached minio-7.1.15-py3-none-any.whl.metadata (4.2 kB)
2025-08-17T02:58:54.1741110Z Requirement already satisfied: numpy>=1.9.3 in /opt/hostedtoolcache/Python/3.12.11/x64/lib/python3.12/site-packages (from keepa==1.3.15) (2.3.2)
2025-08-17T02:58:54.1746181Z Requirement already satisfied: requests>=2.2 in /opt/hostedtoolcache/Python/3.12.11/x64/lib/python3.12/site-packages (from keepa==1.3.15) (2.32.4)
2025-08-17T02:58:54.2144448Z Collecting tqdm (from keepa==1.3.15)
2025-08-17T02:58:54.2155879Z   Using cached tqdm-4.67.1-py3-none-any.whl.metadata (57 kB)
2025-08-17T02:58:54.7042827Z Collecting aiohttp (from keepa==1.3.15)
2025-08-17T02:58:54.7056117Z   Using cached aiohttp-3.12.15-cp312-cp312-manylinux_2_17_x86_64.manylinux2014_x86_64.whl.metadata (7.7 kB)
2025-08-17T02:58:54.7091211Z Requirement already satisfied: pandas<=3.0 in /opt/hostedtoolcache/Python/3.12.11/x64/lib/python3.12/site-packages (from keepa==1.3.15) (2.3.1)
2025-08-17T02:58:54.7094875Z Requirement already satisfied: pydantic in /opt/hostedtoolcache/Python/3.12.11/x64/lib/python3.12/site-packages (from keepa==1.3.15) (2.11.7)
2025-08-17T02:58:54.7102381Z Requirement already satisfied: certifi in /opt/hostedtoolcache/Python/3.12.11/x64/lib/python3.12/site-packages (from minio==7.1.15) (2025.8.3)
2025-08-17T02:58:54.7105541Z Requirement already satisfied: urllib3 in /opt/hostedtoolcache/Python/3.12.11/x64/lib/python3.12/site-packages (from minio==7.1.15) (2.5.0)
2025-08-17T02:58:54.7159974Z Requirement already satisfied: python-dateutil>=2.8.2 in /opt/hostedtoolcache/Python/3.12.11/x64/lib/python3.12/site-packages (from pandas<=3.0->keepa==1.3.15) (2.9.0.post0)
2025-08-17T02:58:54.7164775Z Requirement already satisfied: pytz>=2020.1 in /opt/hostedtoolcache/Python/3.12.11/x64/lib/python3.12/site-packages (from pandas<=3.0->keepa==1.3.15) (2025.2)
2025-08-17T02:58:54.7169745Z Requirement already satisfied: tzdata>=2022.7 in /opt/hostedtoolcache/Python/3.12.11/x64/lib/python3.12/site-packages (from pandas<=3.0->keepa==1.3.15) (2025.2)
2025-08-17T02:58:54.7297907Z Requirement already satisfied: six>=1.5 in /opt/hostedtoolcache/Python/3.12.11/x64/lib/python3.12/site-packages (from python-dateutil>=2.8.2->pandas<=3.0->keepa==1.3.15) (1.17.0)
2025-08-17T02:58:54.7316853Z Requirement already satisfied: charset_normalizer<4,>=2 in /opt/hostedtoolcache/Python/3.12.11/x64/lib/python3.12/site-packages (from requests>=2.2->keepa==1.3.15) (3.4.3)
2025-08-17T02:58:54.7323515Z Requirement already satisfied: idna<4,>=2.5 in /opt/hostedtoolcache/Python/3.12.11/x64/lib/python3.12/site-packages (from requests>=2.2->keepa==1.3.15) (3.10)
2025-08-17T02:58:54.7586962Z Collecting aiohappyeyeballs>=2.5.0 (from aiohttp->keepa==1.3.15)
2025-08-17T02:58:54.7598387Z   Using cached aiohappyeyeballs-2.6.1-py3-none-any.whl.metadata (5.9 kB)
2025-08-17T02:58:54.7762330Z Collecting aiosignal>=1.4.0 (from aiohttp->keepa==1.3.15)
2025-08-17T02:58:54.7773538Z   Using cached aiosignal-1.4.0-py3-none-any.whl.metadata (3.7 kB)
2025-08-17T02:58:54.7981655Z Collecting attrs>=17.3.0 (from aiohttp->keepa==1.3.15)
2025-08-17T02:58:54.7993731Z   Using cached attrs-25.3.0-py3-none-any.whl.metadata (10 kB)
2025-08-17T02:58:54.8721947Z Collecting frozenlist>=1.1.1 (from aiohttp->keepa==1.3.15)
2025-08-17T02:58:54.8734290Z   Using cached frozenlist-1.7.0-cp312-cp312-manylinux_2_5_x86_64.manylinux1_x86_64.manylinux_2_17_x86_64.manylinux2014_x86_64.whl.metadata (18 kB)
2025-08-17T02:58:55.1189267Z Collecting multidict<7.0,>=4.5 (from aiohttp->keepa==1.3.15)
2025-08-17T02:58:55.1202503Z   Using cached multidict-6.6.4-cp312-cp312-manylinux2014_x86_64.manylinux_2_17_x86_64.manylinux_2_28_x86_64.whl.metadata (5.3 kB)
2025-08-17T02:58:55.1683436Z Collecting propcache>=0.2.0 (from aiohttp->keepa==1.3.15)
2025-08-17T02:58:55.1695207Z   Using cached propcache-0.3.2-cp312-cp312-manylinux_2_17_x86_64.manylinux2014_x86_64.whl.metadata (12 kB)
2025-08-17T02:58:55.4114081Z Collecting yarl<2.0,>=1.17.0 (from aiohttp->keepa==1.3.15)
2025-08-17T02:58:55.4127316Z   Using cached yarl-1.20.1-cp312-cp312-manylinux_2_17_x86_64.manylinux2014_x86_64.whl.metadata (73 kB)
2025-08-17T02:58:55.4342091Z Requirement already satisfied: typing-extensions>=4.2 in /opt/hostedtoolcache/Python/3.12.11/x64/lib/python3.12/site-packages (from aiosignal>=1.4.0->aiohttp->keepa==1.3.15) (4.14.1)
2025-08-17T02:58:55.4390233Z Requirement already satisfied: annotated-types>=0.6.0 in /opt/hostedtoolcache/Python/3.12.11/x64/lib/python3.12/site-packages (from pydantic->keepa==1.3.15) (0.7.0)
2025-08-17T02:58:55.4395729Z Requirement already satisfied: pydantic-core==2.33.2 in /opt/hostedtoolcache/Python/3.12.11/x64/lib/python3.12/site-packages (from pydantic->keepa==1.3.15) (2.33.2)
2025-08-17T02:58:55.4403054Z Requirement already satisfied: typing-inspection>=0.4.0 in /opt/hostedtoolcache/Python/3.12.11/x64/lib/python3.12/site-packages (from pydantic->keepa==1.3.15) (0.4.1)
2025-08-17T02:58:55.4462776Z Using cached keepa-1.3.15-py3-none-any.whl (38 kB)
2025-08-17T02:58:55.4473853Z Using cached minio-7.1.15-py3-none-any.whl (77 kB)
2025-08-17T02:58:55.4487724Z Using cached aiohttp-3.12.15-cp312-cp312-manylinux_2_17_x86_64.manylinux2014_x86_64.whl (1.7 MB)
2025-08-17T02:58:55.4509664Z Using cached multidict-6.6.4-cp312-cp312-manylinux2014_x86_64.manylinux_2_17_x86_64.manylinux_2_28_x86_64.whl (256 kB)
2025-08-17T02:58:55.4521766Z Using cached yarl-1.20.1-cp312-cp312-manylinux_2_17_x86_64.manylinux2014_x86_64.whl (355 kB)
2025-08-17T02:58:55.4534652Z Using cached aiohappyeyeballs-2.6.1-py3-none-any.whl (15 kB)
2025-08-17T02:58:55.4545274Z Using cached aiosignal-1.4.0-py3-none-any.whl (7.5 kB)
2025-08-17T02:58:55.4555787Z Using cached attrs-25.3.0-py3-none-any.whl (63 kB)
2025-08-17T02:58:55.4567582Z Using cached frozenlist-1.7.0-cp312-cp312-manylinux_2_5_x86_64.manylinux1_x86_64.manylinux_2_17_x86_64.manylinux2014_x86_64.whl (241 kB)
2025-08-17T02:58:55.4580068Z Using cached propcache-0.3.2-cp312-cp312-manylinux_2_17_x86_64.manylinux2014_x86_64.whl (224 kB)
2025-08-17T02:58:55.4591829Z Using cached tqdm-4.67.1-py3-none-any.whl (78 kB)
2025-08-17T02:58:55.6275644Z Installing collected packages: tqdm, propcache, multidict, minio, frozenlist, attrs, aiohappyeyeballs, yarl, aiosignal, aiohttp, keepa
2025-08-17T02:58:56.0522480Z 
2025-08-17T02:58:56.0629308Z Successfully installed aiohappyeyeballs-2.6.1 aiohttp-3.12.15 aiosignal-1.4.0 attrs-25.3.0 frozenlist-1.7.0 keepa-1.3.15 minio-7.1.15 multidict-6.6.4 propcache-0.3.2 tqdm-4.67.1 yarl-1.20.1
2025-08-17T02:58:56.2303046Z ##[group]Run for i in {1..30}; do pg_isready -h "$PG_HOST" -p "$PG_PORT" -U "$PG_USER" -d "$PG_DATABASE" && break; sleep 1; done
2025-08-17T02:58:56.2303774Z [36;1mfor i in {1..30}; do pg_isready -h "$PG_HOST" -p "$PG_PORT" -U "$PG_USER" -d "$PG_DATABASE" && break; sleep 1; done[0m
2025-08-17T02:58:56.2343542Z shell: /usr/bin/bash -e {0}
2025-08-17T02:58:56.2343776Z env:
2025-08-17T02:58:56.2343944Z   PG_USER: postgres
2025-08-17T02:58:56.2344144Z   PG_PASSWORD: pass
2025-08-17T02:58:56.2344331Z   PG_DATABASE: awa
2025-08-17T02:58:56.2344510Z   PG_HOST: localhost
2025-08-17T02:58:56.2344698Z   PG_PORT: 5432
2025-08-17T02:58:56.2345295Z   PG_SYNC_DSN: ***localhost:5432/awa
2025-08-17T02:58:56.2345717Z   PG_ASYNC_DSN: ***localhost:5432/awa
2025-08-17T02:58:56.2346112Z   DATABASE_URL: ***localhost:5432/awa
2025-08-17T02:58:56.2346528Z   DATA_DIR: /tmp/awa-data
2025-08-17T02:58:56.2346752Z   ENABLE_LIVE: 0
2025-08-17T02:58:56.2346937Z   TESTING: 1
2025-08-17T02:58:56.2347217Z   pythonLocation: /opt/hostedtoolcache/Python/3.12.11/x64
2025-08-17T02:58:56.2347643Z   PKG_CONFIG_PATH: /opt/hostedtoolcache/Python/3.12.11/x64/lib/pkgconfig
2025-08-17T02:58:56.2348056Z   Python_ROOT_DIR: /opt/hostedtoolcache/Python/3.12.11/x64
2025-08-17T02:58:56.2348428Z   Python2_ROOT_DIR: /opt/hostedtoolcache/Python/3.12.11/x64
2025-08-17T02:58:56.2348788Z   Python3_ROOT_DIR: /opt/hostedtoolcache/Python/3.12.11/x64
2025-08-17T02:58:56.2349142Z   LD_LIBRARY_PATH: /opt/hostedtoolcache/Python/3.12.11/x64/lib
2025-08-17T02:58:56.2349439Z ##[endgroup]
2025-08-17T02:58:56.3025038Z localhost:5432 - accepting connections
2025-08-17T02:58:56.3055497Z ##[group]Run alembic -c services/api/alembic.ini upgrade head
2025-08-17T02:58:56.3055936Z [36;1malembic -c services/api/alembic.ini upgrade head[0m
2025-08-17T02:58:56.3095736Z shell: /usr/bin/bash -e {0}
2025-08-17T02:58:56.3095963Z env:
2025-08-17T02:58:56.3096142Z   PG_USER: postgres
2025-08-17T02:58:56.3096527Z   PG_PASSWORD: pass
2025-08-17T02:58:56.3096725Z   PG_DATABASE: awa
2025-08-17T02:58:56.3096921Z   PG_HOST: localhost
2025-08-17T02:58:56.3097115Z   PG_PORT: 5432
2025-08-17T02:58:56.3097618Z   PG_SYNC_DSN: ***localhost:5432/awa
2025-08-17T02:58:56.3098039Z   PG_ASYNC_DSN: ***localhost:5432/awa
2025-08-17T02:58:56.3098419Z   DATABASE_URL: ***localhost:5432/awa
2025-08-17T02:58:56.3098657Z   DATA_DIR: /tmp/awa-data
2025-08-17T02:58:56.3098860Z   ENABLE_LIVE: 0
2025-08-17T02:58:56.3099030Z   TESTING: 1
2025-08-17T02:58:56.3099274Z   pythonLocation: /opt/hostedtoolcache/Python/3.12.11/x64
2025-08-17T02:58:56.3099712Z   PKG_CONFIG_PATH: /opt/hostedtoolcache/Python/3.12.11/x64/lib/pkgconfig
2025-08-17T02:58:56.3100099Z   Python_ROOT_DIR: /opt/hostedtoolcache/Python/3.12.11/x64
2025-08-17T02:58:56.3100447Z   Python2_ROOT_DIR: /opt/hostedtoolcache/Python/3.12.11/x64
2025-08-17T02:58:56.3100799Z   Python3_ROOT_DIR: /opt/hostedtoolcache/Python/3.12.11/x64
2025-08-17T02:58:56.3101148Z   LD_LIBRARY_PATH: /opt/hostedtoolcache/Python/3.12.11/x64/lib
2025-08-17T02:58:56.3101442Z ##[endgroup]
2025-08-17T02:58:57.1500732Z INFO  [alembic.runtime.migration] Context impl PostgresqlImpl.
2025-08-17T02:58:57.1501520Z INFO  [alembic.runtime.migration] Will assume transactional DDL.
2025-08-17T02:58:57.1652983Z INFO  [alembic.runtime.migration] Running upgrade  -> 0001_baseline
2025-08-17T02:58:57.1804019Z INFO  [alembic.runtime.migration] Running upgrade 0001_baseline -> 0002_create_roi_view
2025-08-17T02:58:57.1830096Z INFO  [alembic.runtime.migration] Running upgrade 0002_create_roi_view -> 3e9d5c5aff2c
2025-08-17T02:58:57.1995701Z INFO  [alembic.runtime.migration] Running upgrade 3e9d5c5aff2c -> 0003_vendor_prices
2025-08-17T02:58:57.2141881Z INFO  [alembic.runtime.migration] Running upgrade 0003_vendor_prices -> 0004_fee_cron
2025-08-17T02:58:57.2213080Z INFO  [alembic.runtime.migration] Running upgrade 0004_fee_cron -> 0006_fix_roi_views
2025-08-17T02:58:57.2244347Z INFO  [alembic.runtime.migration] Running upgrade 0006_fix_roi_views -> 0020_unified_schema
2025-08-17T02:58:57.2365454Z INFO  [alembic.runtime.migration] Running upgrade 0020_unified_schema -> 0022_fix_roi_view
2025-08-17T02:58:57.2434791Z INFO  [alembic.runtime.migration] Running upgrade 0022_fix_roi_view -> 0023_add_storage_fee
2025-08-17T02:58:57.2472814Z INFO  [alembic.runtime.migration] Running upgrade 0023_add_storage_fee -> 0024_create_buybox
2025-08-17T02:58:57.3218741Z ##[group]Run python - <<'PY'
2025-08-17T02:58:57.3219044Z [36;1mpython - <<'PY'[0m
2025-08-17T02:58:57.3219311Z [36;1mfrom fastapi.testclient import TestClient[0m
2025-08-17T02:58:57.3219629Z [36;1mfrom services.api.main import app[0m
2025-08-17T02:58:57.3219891Z [36;1mc = TestClient(app)[0m
2025-08-17T02:58:57.3220121Z [36;1mr = c.get('/roi-review')[0m
2025-08-17T02:58:57.3220377Z [36;1massert r.status_code < 500, r.text[0m
2025-08-17T02:58:57.3220620Z [36;1mPY[0m
2025-08-17T02:58:57.3259429Z shell: /usr/bin/bash -e {0}
2025-08-17T02:58:57.3259664Z env:
2025-08-17T02:58:57.3259828Z   PG_USER: postgres
2025-08-17T02:58:57.3260027Z   PG_PASSWORD: pass
2025-08-17T02:58:57.3260210Z   PG_DATABASE: awa
2025-08-17T02:58:57.3260386Z   PG_HOST: localhost
2025-08-17T02:58:57.3260578Z   PG_PORT: 5432
2025-08-17T02:58:57.3261076Z   PG_SYNC_DSN: ***localhost:5432/awa
2025-08-17T02:58:57.3261499Z   PG_ASYNC_DSN: ***localhost:5432/awa
2025-08-17T02:58:57.3261927Z   DATABASE_URL: ***localhost:5432/awa
2025-08-17T02:58:57.3262166Z   DATA_DIR: /tmp/awa-data
2025-08-17T02:58:57.3262374Z   ENABLE_LIVE: 0
2025-08-17T02:58:57.3262548Z   TESTING: 1
2025-08-17T02:58:57.3262780Z   pythonLocation: /opt/hostedtoolcache/Python/3.12.11/x64
2025-08-17T02:58:57.3263175Z   PKG_CONFIG_PATH: /opt/hostedtoolcache/Python/3.12.11/x64/lib/pkgconfig
2025-08-17T02:58:57.3263560Z   Python_ROOT_DIR: /opt/hostedtoolcache/Python/3.12.11/x64
2025-08-17T02:58:57.3263903Z   Python2_ROOT_DIR: /opt/hostedtoolcache/Python/3.12.11/x64
2025-08-17T02:58:57.3264255Z   Python3_ROOT_DIR: /opt/hostedtoolcache/Python/3.12.11/x64
2025-08-17T02:58:57.3264610Z   LD_LIBRARY_PATH: /opt/hostedtoolcache/Python/3.12.11/x64/lib
2025-08-17T02:58:57.3264902Z ##[endgroup]
2025-08-17T02:58:58.3576600Z ##[group]Run alembic -c services/api/alembic.ini downgrade base
2025-08-17T02:58:58.3577059Z [36;1malembic -c services/api/alembic.ini downgrade base[0m
2025-08-17T02:58:58.3616786Z shell: /usr/bin/bash -e {0}
2025-08-17T02:58:58.3617009Z env:
2025-08-17T02:58:58.3617184Z   PG_USER: postgres
2025-08-17T02:58:58.3617384Z   PG_PASSWORD: pass
2025-08-17T02:58:58.3617560Z   PG_DATABASE: awa
2025-08-17T02:58:58.3617745Z   PG_HOST: localhost
2025-08-17T02:58:58.3617932Z   PG_PORT: 5432
2025-08-17T02:58:58.3618353Z   PG_SYNC_DSN: ***localhost:5432/awa
2025-08-17T02:58:58.3618752Z   PG_ASYNC_DSN: ***localhost:5432/awa
2025-08-17T02:58:58.3619129Z   DATABASE_URL: ***localhost:5432/awa
2025-08-17T02:58:58.3619357Z   DATA_DIR: /tmp/awa-data
2025-08-17T02:58:58.3619560Z   ENABLE_LIVE: 0
2025-08-17T02:58:58.3619734Z   TESTING: 1
2025-08-17T02:58:58.3619968Z   pythonLocation: /opt/hostedtoolcache/Python/3.12.11/x64
2025-08-17T02:58:58.3620400Z   PKG_CONFIG_PATH: /opt/hostedtoolcache/Python/3.12.11/x64/lib/pkgconfig
2025-08-17T02:58:58.3620784Z   Python_ROOT_DIR: /opt/hostedtoolcache/Python/3.12.11/x64
2025-08-17T02:58:58.3621316Z   Python2_ROOT_DIR: /opt/hostedtoolcache/Python/3.12.11/x64
2025-08-17T02:58:58.3621667Z   Python3_ROOT_DIR: /opt/hostedtoolcache/Python/3.12.11/x64
2025-08-17T02:58:58.3622016Z   LD_LIBRARY_PATH: /opt/hostedtoolcache/Python/3.12.11/x64/lib
2025-08-17T02:58:58.3622301Z ##[endgroup]
2025-08-17T02:58:58.8206220Z INFO  [alembic.runtime.migration] Context impl PostgresqlImpl.
2025-08-17T02:58:58.8209162Z INFO  [alembic.runtime.migration] Will assume transactional DDL.
2025-08-17T02:58:58.8283823Z INFO  [alembic.runtime.migration] Running downgrade 0024_create_buybox -> 0023_add_storage_fee
2025-08-17T02:58:58.8306218Z INFO  [alembic.runtime.migration] Running downgrade 0023_add_storage_fee -> 0022_fix_roi_view
2025-08-17T02:58:58.8460557Z INFO  [alembic.runtime.migration] Running downgrade 0022_fix_roi_view -> 0020_unified_schema
2025-08-17T02:58:58.8484005Z INFO  [alembic.runtime.migration] Running downgrade 0020_unified_schema -> 0006_fix_roi_views
2025-08-17T02:58:58.8518583Z INFO  [alembic.runtime.migration] Running downgrade 0006_fix_roi_views -> 0004_fee_cron
2025-08-17T02:58:58.8530693Z INFO  [alembic.runtime.migration] Running downgrade 0004_fee_cron -> 0003_vendor_prices
2025-08-17T02:58:58.8605918Z INFO  [alembic.runtime.migration] Running downgrade 0003_vendor_prices -> 3e9d5c5aff2c
2025-08-17T02:58:58.8643597Z INFO  [alembic.runtime.migration] Running downgrade 3e9d5c5aff2c -> 0002_create_roi_view
2025-08-17T02:58:58.8680500Z INFO  [alembic.runtime.migration] Running downgrade 0002_create_roi_view -> 0001_baseline
2025-08-17T02:58:58.8689855Z INFO  [alembic.runtime.migration] Running downgrade 0001_baseline -> 
2025-08-17T02:58:58.9609810Z ##[group]Run test "$(alembic -c services/api/alembic.ini heads | wc -l)" -eq 1
2025-08-17T02:58:58.9610325Z [36;1mtest "$(alembic -c services/api/alembic.ini heads | wc -l)" -eq 1[0m
2025-08-17T02:58:58.9649977Z shell: /usr/bin/bash -e {0}
2025-08-17T02:58:58.9650212Z env:
2025-08-17T02:58:58.9650391Z   PG_USER: postgres
2025-08-17T02:58:58.9650597Z   PG_PASSWORD: pass
2025-08-17T02:58:58.9650792Z   PG_DATABASE: awa
2025-08-17T02:58:58.9650981Z   PG_HOST: localhost
2025-08-17T02:58:58.9651175Z   PG_PORT: 5432
2025-08-17T02:58:58.9651605Z   PG_SYNC_DSN: ***localhost:5432/awa
2025-08-17T02:58:58.9652029Z   PG_ASYNC_DSN: ***localhost:5432/awa
2025-08-17T02:58:58.9652424Z   DATABASE_URL: ***localhost:5432/awa
2025-08-17T02:58:58.9652663Z   DATA_DIR: /tmp/awa-data
2025-08-17T02:58:58.9652871Z   ENABLE_LIVE: 0
2025-08-17T02:58:58.9653053Z   TESTING: 1
2025-08-17T02:58:58.9653284Z   pythonLocation: /opt/hostedtoolcache/Python/3.12.11/x64
2025-08-17T02:58:58.9653724Z   PKG_CONFIG_PATH: /opt/hostedtoolcache/Python/3.12.11/x64/lib/pkgconfig
2025-08-17T02:58:58.9654110Z   Python_ROOT_DIR: /opt/hostedtoolcache/Python/3.12.11/x64
2025-08-17T02:58:58.9654457Z   Python2_ROOT_DIR: /opt/hostedtoolcache/Python/3.12.11/x64
2025-08-17T02:58:58.9654804Z   Python3_ROOT_DIR: /opt/hostedtoolcache/Python/3.12.11/x64
2025-08-17T02:58:58.9655149Z   LD_LIBRARY_PATH: /opt/hostedtoolcache/Python/3.12.11/x64/lib
2025-08-17T02:58:58.9655448Z ##[endgroup]
2025-08-17T02:58:59.3352646Z Post job cleanup.
2025-08-17T02:58:59.4839260Z Cache hit occurred on the primary key setup-python-Linux-x64-24.04-Ubuntu-python-3.12.11-pip-dee7c0c28332ec2ebb5d2650fb0d2cfddf025b3b0e96b0c826645ad2cb717961, not saving cache.
2025-08-17T02:58:59.4938725Z Post job cleanup.
2025-08-17T02:58:59.5874877Z [command]/usr/bin/git version
2025-08-17T02:58:59.5910677Z git version 2.50.1
2025-08-17T02:58:59.5961482Z Temporarily overriding HOME='/home/runner/work/_temp/5fccc586-811d-47f2-b5f0-93056a15691e' before making global git config changes
2025-08-17T02:58:59.5962872Z Adding repository directory to the temporary git global config as a safe directory
2025-08-17T02:58:59.5967816Z [command]/usr/bin/git config --global --add safe.directory /home/runner/work/AWA-App/AWA-App
2025-08-17T02:58:59.6002234Z [command]/usr/bin/git config --local --name-only --get-regexp core\.sshCommand
2025-08-17T02:58:59.6034685Z [command]/usr/bin/git submodule foreach --recursive sh -c "git config --local --name-only --get-regexp 'core\.sshCommand' && git config --local --unset-all 'core.sshCommand' || :"
2025-08-17T02:58:59.6259519Z [command]/usr/bin/git config --local --name-only --get-regexp http\.https\:\/\/github\.com\/\.extraheader
2025-08-17T02:58:59.6279835Z http.https://github.com/.extraheader
2025-08-17T02:58:59.6292892Z [command]/usr/bin/git config --local --unset-all http.https://github.com/.extraheader
2025-08-17T02:58:59.6324012Z [command]/usr/bin/git submodule foreach --recursive sh -c "git config --local --name-only --get-regexp 'http\.https\:\/\/github\.com\/\.extraheader' && git config --local --unset-all 'http.https://github.com/.extraheader' || :"
2025-08-17T02:58:59.6661476Z Print service container logs: 12af3050657048a183b29d66c2733c12_postgres15_541c51
2025-08-17T02:58:59.6666218Z ##[command]/usr/bin/docker logs --details 58834edb118b4c0063f18e8688b5a914898f6bfd60bfdf4a1c942c65e3b820dc
2025-08-17T02:58:59.6795580Z  The files belonging to this database system will be owned by user "postgres".
2025-08-17T02:58:59.6797636Z  initdb: warning: enabling "trust" authentication for local connections
2025-08-17T02:58:59.6798805Z  initdb: hint: You can change this by editing pg_hba.conf or using the option -A, or --auth-local and --auth-host, the next time you run initdb.
2025-08-17T02:58:59.6800014Z  2025-08-17 02:58:13.276 UTC [1] LOG:  starting PostgreSQL 15.14 (Debian 15.14-1.pgdg13+1) on x86_64-pc-linux-gnu, compiled by gcc (Debian 14.2.0-19) 14.2.0, 64-bit
2025-08-17T02:58:59.6801124Z  2025-08-17 02:58:13.276 UTC [1] LOG:  listening on IPv4 address "0.0.0.0", port 5432
2025-08-17T02:58:59.6801670Z  2025-08-17 02:58:13.276 UTC [1] LOG:  listening on IPv6 address "::", port 5432
2025-08-17T02:58:59.6802143Z  2025-08-17 02:58:13.277 UTC [1] LOG:  listening on Unix socket "/var/run/postgresql/.s.PGSQL.5432"
2025-08-17T02:58:59.6802631Z  2025-08-17 02:58:13.280 UTC [64] LOG:  database system was shut down at 2025-08-17 02:58:13 UTC
2025-08-17T02:58:59.6803079Z  2025-08-17 02:58:13.284 UTC [1] LOG:  database system is ready to accept connections
2025-08-17T02:58:59.6803432Z  This user must also own the server process.
2025-08-17T02:58:59.6803687Z  
2025-08-17T02:58:59.6803939Z  The database cluster will be initialized with locale "en_US.utf8".
2025-08-17T02:58:59.6804344Z  The default database encoding has accordingly been set to "UTF8".
2025-08-17T02:58:59.6804731Z  The default text search configuration will be set to "english".
2025-08-17T02:58:59.6805023Z  
2025-08-17T02:58:59.6805188Z  Data page checksums are disabled.
2025-08-17T02:58:59.6805406Z  
2025-08-17T02:58:59.6805672Z  fixing permissions on existing directory /var/lib/postgresql/data ... ok
2025-08-17T02:58:59.6806046Z  creating subdirectories ... ok
2025-08-17T02:58:59.6806540Z  selecting dynamic shared memory implementation ... posix
2025-08-17T02:58:59.6806880Z  selecting default max_connections ... 100
2025-08-17T02:58:59.6807150Z  selecting default shared_buffers ... 128MB
2025-08-17T02:58:59.6807425Z  selecting default time zone ... Etc/UTC
2025-08-17T02:58:59.6807674Z  creating configuration files ... ok
2025-08-17T02:58:59.6807921Z  running bootstrap script ... ok
2025-08-17T02:58:59.6808190Z  performing post-bootstrap initialization ... ok
2025-08-17T02:58:59.6808465Z  syncing data to disk ... ok
2025-08-17T02:58:59.6808657Z  
2025-08-17T02:58:59.6808800Z  
2025-08-17T02:58:59.6809001Z  Success. You can now start the database server using:
2025-08-17T02:58:59.6809263Z  
2025-08-17T02:58:59.6809458Z      pg_ctl -D /var/lib/postgresql/data -l logfile start
2025-08-17T02:58:59.6809718Z  
2025-08-17T02:58:59.6810262Z  waiting for server to start....2025-08-17 02:58:12.972 UTC [48] LOG:  starting PostgreSQL 15.14 (Debian 15.14-1.pgdg13+1) on x86_64-pc-linux-gnu, compiled by gcc (Debian 14.2.0-19) 14.2.0, 64-bit
2025-08-17T02:58:59.6811398Z  2025-08-17 02:58:12.973 UTC [48] LOG:  listening on Unix socket "/var/run/postgresql/.s.PGSQL.5432"
2025-08-17T02:58:59.6812143Z  2025-08-17 02:58:12.976 UTC [51] LOG:  database system was shut down at 2025-08-17 02:58:12 UTC
2025-08-17T02:58:59.6812884Z  2025-08-17 02:58:12.980 UTC [48] LOG:  database system is ready to accept connections
2025-08-17T02:58:59.6813222Z   done
2025-08-17T02:58:59.6813392Z  server started
2025-08-17T02:58:59.6813567Z  CREATE DATABASE
2025-08-17T02:58:59.6813729Z  
2025-08-17T02:58:59.6813872Z  
2025-08-17T02:58:59.6814167Z  /usr/local/bin/docker-entrypoint.sh: ignoring /docker-entrypoint-initdb.d/*
2025-08-17T02:58:59.6814535Z  
2025-08-17T02:58:59.6814755Z  2025-08-17 02:58:13.157 UTC [48] LOG:  received fast shutdown request
2025-08-17T02:58:59.6815413Z  waiting for server to shut down....2025-08-17 02:58:13.157 UTC [48] LOG:  aborting any active transactions
2025-08-17T02:58:59.6816024Z  2025-08-17 02:58:13.160 UTC [48] LOG:  background worker "logical replication launcher" (PID 54) exited with exit code 1
2025-08-17T02:58:59.6816718Z  2025-08-17 02:58:13.160 UTC [49] LOG:  shutting down
2025-08-17T02:58:59.6817072Z  2025-08-17 02:58:13.160 UTC [49] LOG:  checkpoint starting: shutdown immediate
2025-08-17T02:58:59.6817918Z  2025-08-17 02:58:13.176 UTC [49] LOG:  checkpoint complete: wrote 922 buffers (5.6%); 0 WAL file(s) added, 0 removed, 0 recycled; write=0.013 s, sync=0.002 s, total=0.017 s; sync files=301, longest=0.001 s, average=0.001 s; distance=4239 kB, estimate=4239 kB
2025-08-17T02:58:59.6818728Z  2025-08-17 02:58:13.182 UTC [48] LOG:  database system is shut down
2025-08-17T02:58:59.6819010Z   done
2025-08-17T02:58:59.6819224Z  server stopped
2025-08-17T02:58:59.6819422Z  
2025-08-17T02:58:59.6819635Z  PostgreSQL init process complete; ready for start up.
2025-08-17T02:58:59.6819916Z  
2025-08-17T02:58:59.6825178Z Stop and remove container: 12af3050657048a183b29d66c2733c12_postgres15_541c51
2025-08-17T02:58:59.6830585Z ##[command]/usr/bin/docker rm --force 58834edb118b4c0063f18e8688b5a914898f6bfd60bfdf4a1c942c65e3b820dc
2025-08-17T02:59:00.7461930Z 58834edb118b4c0063f18e8688b5a914898f6bfd60bfdf4a1c942c65e3b820dc
2025-08-17T02:59:00.7491922Z Remove container network: github_network_c3e1d09eada54c6eacf18a1f2b771aa8
2025-08-17T02:59:00.7496162Z ##[command]/usr/bin/docker network rm github_network_c3e1d09eada54c6eacf18a1f2b771aa8
2025-08-17T02:59:00.8462859Z github_network_c3e1d09eada54c6eacf18a1f2b771aa8
2025-08-17T02:59:00.8522602Z Cleaning up orphan processes
