2025-08-21T07:46:12.0615565Z Current runner version: '2.328.0'
2025-08-21T07:46:12.0648619Z ##[group]Runner Image Provisioner
2025-08-21T07:46:12.0649962Z Hosted Compute Agent
2025-08-21T07:46:12.0650893Z Version: 20250818.377
2025-08-21T07:46:12.0651942Z Commit: 3c593e9f75fe0b87e893bca80d6e12ba089c61fc
2025-08-21T07:46:12.0653217Z Build Date: 2025-08-18T14:52:18Z
2025-08-21T07:46:12.0654290Z ##[endgroup]
2025-08-21T07:46:12.0655373Z ##[group]Operating System
2025-08-21T07:46:12.0656467Z Ubuntu
2025-08-21T07:46:12.0657274Z 24.04.2
2025-08-21T07:46:12.0658077Z LTS
2025-08-21T07:46:12.0658968Z ##[endgroup]
2025-08-21T07:46:12.0659746Z ##[group]Runner Image
2025-08-21T07:46:12.0660725Z Image: ubuntu-24.04
2025-08-21T07:46:12.0661646Z Version: 20250818.1.0
2025-08-21T07:46:12.0663488Z Included Software: https://github.com/actions/runner-images/blob/ubuntu24/20250818.1/images/ubuntu/Ubuntu2404-Readme.md
2025-08-21T07:46:12.0666750Z Image Release: https://github.com/actions/runner-images/releases/tag/ubuntu24%2F20250818.1
2025-08-21T07:46:12.0668508Z ##[endgroup]
2025-08-21T07:46:12.0673136Z ##[group]GITHUB_TOKEN Permissions
2025-08-21T07:46:12.0676262Z Actions: write
2025-08-21T07:46:12.0677191Z Attestations: write
2025-08-21T07:46:12.0678051Z Checks: write
2025-08-21T07:46:12.0678840Z Contents: write
2025-08-21T07:46:12.0679922Z Deployments: write
2025-08-21T07:46:12.0680791Z Discussions: write
2025-08-21T07:46:12.0681701Z Issues: write
2025-08-21T07:46:12.0682670Z Metadata: read
2025-08-21T07:46:12.0683551Z Models: read
2025-08-21T07:46:12.0684368Z Packages: write
2025-08-21T07:46:12.0685662Z Pages: write
2025-08-21T07:46:12.0686564Z PullRequests: write
2025-08-21T07:46:12.0687404Z RepositoryProjects: write
2025-08-21T07:46:12.0688507Z SecurityEvents: write
2025-08-21T07:46:12.0689490Z Statuses: write
2025-08-21T07:46:12.0690354Z ##[endgroup]
2025-08-21T07:46:12.0693544Z Secret source: Actions
2025-08-21T07:46:12.0694800Z Prepare workflow directory
2025-08-21T07:46:12.1331698Z Prepare all required actions
2025-08-21T07:46:12.1388686Z Getting action download info
2025-08-21T07:46:12.5732622Z Download action repository 'actions/checkout@v5' (SHA:08c6903cd8c0fde910a37f88322edcfb5dd907a8)
2025-08-21T07:46:12.6735386Z Download action repository 'actions/setup-python@v5' (SHA:a26af69be951a213d495a4c3e4e4022e16d87065)
2025-08-21T07:46:12.8646900Z Complete job name: migrations-check
2025-08-21T07:46:12.9150190Z ##[group]Checking docker version
2025-08-21T07:46:12.9163319Z ##[command]/usr/bin/docker version --format '{{.Server.APIVersion}}'
2025-08-21T07:46:13.9708963Z '1.48'
2025-08-21T07:46:13.9725028Z Docker daemon API version: '1.48'
2025-08-21T07:46:13.9726114Z ##[command]/usr/bin/docker version --format '{{.Client.APIVersion}}'
2025-08-21T07:46:13.9971800Z '1.48'
2025-08-21T07:46:13.9985190Z Docker client API version: '1.48'
2025-08-21T07:46:13.9991618Z ##[endgroup]
2025-08-21T07:46:13.9994917Z ##[group]Clean up resources from previous jobs
2025-08-21T07:46:14.0001302Z ##[command]/usr/bin/docker ps --all --quiet --no-trunc --filter "label=fa6ad1"
2025-08-21T07:46:14.0143714Z ##[command]/usr/bin/docker network prune --force --filter "label=fa6ad1"
2025-08-21T07:46:14.0280364Z ##[endgroup]
2025-08-21T07:46:14.0281446Z ##[group]Create local container network
2025-08-21T07:46:14.0292935Z ##[command]/usr/bin/docker network create --label fa6ad1 github_network_d3e45c8b6cd94d479d2edbb81de1466e
2025-08-21T07:46:14.0790155Z 46d87f24e99e4e04672b9ef9ffc2d1c4e9ec33331f38b95b82a9d7f450e01dde
2025-08-21T07:46:14.0810775Z ##[endgroup]
2025-08-21T07:46:14.0837600Z ##[group]Starting postgres service container
2025-08-21T07:46:14.0858338Z ##[command]/usr/bin/docker pull postgres:15
2025-08-21T07:46:14.3412053Z 15: Pulling from library/postgres
2025-08-21T07:46:14.4044673Z 396b1da7636e: Pulling fs layer
2025-08-21T07:46:14.4045243Z fca2566eba32: Pulling fs layer
2025-08-21T07:46:14.4045479Z 631fe8c6d606: Pulling fs layer
2025-08-21T07:46:14.4045714Z 77c7671c4414: Pulling fs layer
2025-08-21T07:46:14.4045922Z 2d9e29180a27: Pulling fs layer
2025-08-21T07:46:14.4046139Z c6bcc2c9a041: Pulling fs layer
2025-08-21T07:46:14.4046696Z ac4b721eb66f: Pulling fs layer
2025-08-21T07:46:14.4046919Z 606bd164980e: Pulling fs layer
2025-08-21T07:46:14.4047153Z f5dfd246bc6e: Pulling fs layer
2025-08-21T07:46:14.4047366Z ba7036bb0a60: Pulling fs layer
2025-08-21T07:46:14.4047567Z 799f859abbbd: Pulling fs layer
2025-08-21T07:46:14.4047772Z d903e777080c: Pulling fs layer
2025-08-21T07:46:14.4047978Z 04adcb462801: Pulling fs layer
2025-08-21T07:46:14.4048189Z 5c10925b29ff: Pulling fs layer
2025-08-21T07:46:14.4048382Z 77c7671c4414: Waiting
2025-08-21T07:46:14.4048571Z 2d9e29180a27: Waiting
2025-08-21T07:46:14.4048750Z c6bcc2c9a041: Waiting
2025-08-21T07:46:14.4048926Z ac4b721eb66f: Waiting
2025-08-21T07:46:14.4049097Z f5dfd246bc6e: Waiting
2025-08-21T07:46:14.4049262Z 606bd164980e: Waiting
2025-08-21T07:46:14.4049428Z ba7036bb0a60: Waiting
2025-08-21T07:46:14.4049595Z 04adcb462801: Waiting
2025-08-21T07:46:14.4049756Z 799f859abbbd: Waiting
2025-08-21T07:46:14.4049929Z d903e777080c: Waiting
2025-08-21T07:46:14.4050102Z 5c10925b29ff: Waiting
2025-08-21T07:46:14.4678740Z fca2566eba32: Verifying Checksum
2025-08-21T07:46:14.4679253Z fca2566eba32: Download complete
2025-08-21T07:46:14.4852463Z 631fe8c6d606: Verifying Checksum
2025-08-21T07:46:14.4852972Z 631fe8c6d606: Download complete
2025-08-21T07:46:14.5422164Z 77c7671c4414: Verifying Checksum
2025-08-21T07:46:14.5422725Z 77c7671c4414: Download complete
2025-08-21T07:46:14.5833070Z 2d9e29180a27: Verifying Checksum
2025-08-21T07:46:14.5834264Z 2d9e29180a27: Download complete
2025-08-21T07:46:14.5933444Z 396b1da7636e: Verifying Checksum
2025-08-21T07:46:14.5934020Z 396b1da7636e: Download complete
2025-08-21T07:46:14.6103182Z c6bcc2c9a041: Verifying Checksum
2025-08-21T07:46:14.6103670Z c6bcc2c9a041: Download complete
2025-08-21T07:46:14.6361725Z 606bd164980e: Verifying Checksum
2025-08-21T07:46:14.6363388Z 606bd164980e: Download complete
2025-08-21T07:46:14.6498005Z ac4b721eb66f: Verifying Checksum
2025-08-21T07:46:14.6498581Z ac4b721eb66f: Download complete
2025-08-21T07:46:14.6828236Z ba7036bb0a60: Verifying Checksum
2025-08-21T07:46:14.6828824Z ba7036bb0a60: Download complete
2025-08-21T07:46:14.7155980Z 799f859abbbd: Verifying Checksum
2025-08-21T07:46:14.7157417Z 799f859abbbd: Download complete
2025-08-21T07:46:14.7455474Z d903e777080c: Verifying Checksum
2025-08-21T07:46:14.7457382Z d903e777080c: Download complete
2025-08-21T07:46:14.7716951Z 04adcb462801: Verifying Checksum
2025-08-21T07:46:14.7718420Z 04adcb462801: Download complete
2025-08-21T07:46:14.7971130Z 5c10925b29ff: Verifying Checksum
2025-08-21T07:46:14.7971634Z 5c10925b29ff: Download complete
2025-08-21T07:46:15.1719772Z f5dfd246bc6e: Verifying Checksum
2025-08-21T07:46:15.1720296Z f5dfd246bc6e: Download complete
2025-08-21T07:46:15.6311000Z 396b1da7636e: Pull complete
2025-08-21T07:46:15.9089049Z fca2566eba32: Pull complete
2025-08-21T07:46:16.0923353Z 631fe8c6d606: Pull complete
2025-08-21T07:46:16.1437949Z 77c7671c4414: Pull complete
2025-08-21T07:46:16.4446121Z 2d9e29180a27: Pull complete
2025-08-21T07:46:16.5641179Z c6bcc2c9a041: Pull complete
2025-08-21T07:46:16.5738608Z ac4b721eb66f: Pull complete
2025-08-21T07:46:16.5855403Z 606bd164980e: Pull complete
2025-08-21T07:46:19.5575062Z f5dfd246bc6e: Pull complete
2025-08-21T07:46:19.5729225Z ba7036bb0a60: Pull complete
2025-08-21T07:46:19.5861100Z 799f859abbbd: Pull complete
2025-08-21T07:46:19.5972122Z d903e777080c: Pull complete
2025-08-21T07:46:19.6080409Z 04adcb462801: Pull complete
2025-08-21T07:46:19.6185685Z 5c10925b29ff: Pull complete
2025-08-21T07:46:19.6227222Z Digest: sha256:bc51cf4f1fe02cce7ed2370b20128a9b00b4eb804573a77d2a0d877aaa9c82b1
2025-08-21T07:46:19.6244017Z Status: Downloaded newer image for postgres:15
2025-08-21T07:46:19.6268274Z docker.io/library/postgres:15
2025-08-21T07:46:19.6332708Z ##[command]/usr/bin/docker create --name a4b3a988f2e64e98a1446ba114d2d68f_postgres15_ccb82a --label fa6ad1 --network github_network_d3e45c8b6cd94d479d2edbb81de1466e --network-alias postgres -p 5432:5432 --health-cmd="pg_isready -U postgres -d awa" --health-interval=5s --health-timeout=5s --health-retries=10 -e "POSTGRES_USER=postgres" -e "POSTGRES_PASSWORD=pass" -e "POSTGRES_DB=awa" -e GITHUB_ACTIONS=true -e CI=true postgres:15
2025-08-21T07:46:19.6645819Z b19d82c6c487eb421da711cd74f1999ecaea7b852eb98dd8ae9c397495d73cc8
2025-08-21T07:46:19.6669099Z ##[command]/usr/bin/docker start b19d82c6c487eb421da711cd74f1999ecaea7b852eb98dd8ae9c397495d73cc8
2025-08-21T07:46:20.5187742Z b19d82c6c487eb421da711cd74f1999ecaea7b852eb98dd8ae9c397495d73cc8
2025-08-21T07:46:20.5209035Z ##[command]/usr/bin/docker ps --all --filter id=b19d82c6c487eb421da711cd74f1999ecaea7b852eb98dd8ae9c397495d73cc8 --filter status=running --no-trunc --format "{{.ID}} {{.Status}}"
2025-08-21T07:46:20.5337926Z b19d82c6c487eb421da711cd74f1999ecaea7b852eb98dd8ae9c397495d73cc8 Up Less than a second (health: starting)
2025-08-21T07:46:20.5365602Z ##[command]/usr/bin/docker port b19d82c6c487eb421da711cd74f1999ecaea7b852eb98dd8ae9c397495d73cc8
2025-08-21T07:46:20.5500278Z 5432/tcp -> 0.0.0.0:5432
2025-08-21T07:46:20.5502622Z 5432/tcp -> [::]:5432
2025-08-21T07:46:20.5546390Z ##[endgroup]
2025-08-21T07:46:20.5547302Z ##[group]Starting redis service container
2025-08-21T07:46:20.5548469Z ##[command]/usr/bin/docker pull redis:7-alpine
2025-08-21T07:46:20.7365963Z 7-alpine: Pulling from library/redis
2025-08-21T07:46:20.8537503Z 0368fd46e3c6: Pulling fs layer
2025-08-21T07:46:20.8549353Z 4c55286bbede: Pulling fs layer
2025-08-21T07:46:20.8549911Z 5e28347af205: Pulling fs layer
2025-08-21T07:46:20.8550293Z 311eca34042e: Pulling fs layer
2025-08-21T07:46:20.8551003Z e6fe6f07e192: Pulling fs layer
2025-08-21T07:46:20.8556544Z a2cadbfeca72: Pulling fs layer
2025-08-21T07:46:20.8556942Z 4f4fb700ef54: Pulling fs layer
2025-08-21T07:46:20.8557298Z a976ed7e7808: Pulling fs layer
2025-08-21T07:46:20.8557631Z a2cadbfeca72: Waiting
2025-08-21T07:46:20.8557937Z 4f4fb700ef54: Waiting
2025-08-21T07:46:20.8558220Z a976ed7e7808: Waiting
2025-08-21T07:46:20.8558500Z 311eca34042e: Waiting
2025-08-21T07:46:20.8558813Z e6fe6f07e192: Waiting
2025-08-21T07:46:20.9053116Z 4c55286bbede: Verifying Checksum
2025-08-21T07:46:20.9053986Z 4c55286bbede: Download complete
2025-08-21T07:46:20.9065054Z 5e28347af205: Verifying Checksum
2025-08-21T07:46:20.9071519Z 5e28347af205: Download complete
2025-08-21T07:46:20.9412211Z 0368fd46e3c6: Download complete
2025-08-21T07:46:20.9808952Z 311eca34042e: Verifying Checksum
2025-08-21T07:46:20.9810738Z 311eca34042e: Download complete
2025-08-21T07:46:20.9868562Z a2cadbfeca72: Verifying Checksum
2025-08-21T07:46:20.9874799Z a2cadbfeca72: Download complete
2025-08-21T07:46:21.0045519Z e6fe6f07e192: Verifying Checksum
2025-08-21T07:46:21.0046016Z e6fe6f07e192: Download complete
2025-08-21T07:46:21.0454678Z 4f4fb700ef54: Verifying Checksum
2025-08-21T07:46:21.0455130Z 4f4fb700ef54: Download complete
2025-08-21T07:46:21.0472997Z a976ed7e7808: Verifying Checksum
2025-08-21T07:46:21.0473690Z a976ed7e7808: Download complete
2025-08-21T07:46:21.0684966Z 0368fd46e3c6: Pull complete
2025-08-21T07:46:21.1569172Z 4c55286bbede: Pull complete
2025-08-21T07:46:21.3110973Z 5e28347af205: Pull complete
2025-08-21T07:46:21.3380492Z 311eca34042e: Pull complete
2025-08-21T07:46:21.5422240Z e6fe6f07e192: Pull complete
2025-08-21T07:46:21.5503787Z a2cadbfeca72: Pull complete
2025-08-21T07:46:21.5584140Z 4f4fb700ef54: Pull complete
2025-08-21T07:46:21.5687348Z a976ed7e7808: Pull complete
2025-08-21T07:46:21.5725855Z Digest: sha256:bb186d083732f669da90be8b0f975a37812b15e913465bb14d845db72a4e3e08
2025-08-21T07:46:21.5736978Z Status: Downloaded newer image for redis:7-alpine
2025-08-21T07:46:21.5744841Z docker.io/library/redis:7-alpine
2025-08-21T07:46:21.5761102Z ##[command]/usr/bin/docker create --name bfd4b0f755dc4677adfd7ec3500b3581_redis7alpine_e78dc4 --label fa6ad1 --network github_network_d3e45c8b6cd94d479d2edbb81de1466e --network-alias redis -p 6379:6379  -e GITHUB_ACTIONS=true -e CI=true redis:7-alpine
2025-08-21T07:46:21.6041098Z 22fdc6c000f9303664d97d114f0dd5ad801a5d35d78fd8db5e51d45a11fe6df4
2025-08-21T07:46:21.6055988Z ##[command]/usr/bin/docker start 22fdc6c000f9303664d97d114f0dd5ad801a5d35d78fd8db5e51d45a11fe6df4
2025-08-21T07:46:21.7658686Z 22fdc6c000f9303664d97d114f0dd5ad801a5d35d78fd8db5e51d45a11fe6df4
2025-08-21T07:46:21.7676303Z ##[command]/usr/bin/docker ps --all --filter id=22fdc6c000f9303664d97d114f0dd5ad801a5d35d78fd8db5e51d45a11fe6df4 --filter status=running --no-trunc --format "{{.ID}} {{.Status}}"
2025-08-21T07:46:21.7793733Z 22fdc6c000f9303664d97d114f0dd5ad801a5d35d78fd8db5e51d45a11fe6df4 Up Less than a second
2025-08-21T07:46:21.7807619Z ##[command]/usr/bin/docker port 22fdc6c000f9303664d97d114f0dd5ad801a5d35d78fd8db5e51d45a11fe6df4
2025-08-21T07:46:21.7913902Z 6379/tcp -> 0.0.0.0:6379
2025-08-21T07:46:21.7914343Z 6379/tcp -> [::]:6379
2025-08-21T07:46:21.7928417Z ##[endgroup]
2025-08-21T07:46:21.7939558Z ##[group]Waiting for all services to be ready
2025-08-21T07:46:21.7952992Z ##[command]/usr/bin/docker inspect --format="{{if .Config.Healthcheck}}{{print .State.Health.Status}}{{end}}" b19d82c6c487eb421da711cd74f1999ecaea7b852eb98dd8ae9c397495d73cc8
2025-08-21T07:46:21.8070313Z starting
2025-08-21T07:46:21.8090705Z postgres service is starting, waiting 2 seconds before checking again.
2025-08-21T07:46:23.8083960Z ##[command]/usr/bin/docker inspect --format="{{if .Config.Healthcheck}}{{print .State.Health.Status}}{{end}}" b19d82c6c487eb421da711cd74f1999ecaea7b852eb98dd8ae9c397495d73cc8
2025-08-21T07:46:23.8201812Z starting
2025-08-21T07:46:23.8215454Z postgres service is starting, waiting 3 seconds before checking again.
2025-08-21T07:46:27.6520523Z ##[command]/usr/bin/docker inspect --format="{{if .Config.Healthcheck}}{{print .State.Health.Status}}{{end}}" b19d82c6c487eb421da711cd74f1999ecaea7b852eb98dd8ae9c397495d73cc8
2025-08-21T07:46:27.6636541Z healthy
2025-08-21T07:46:27.6653820Z postgres service is healthy.
2025-08-21T07:46:27.6654855Z ##[command]/usr/bin/docker inspect --format="{{if .Config.Healthcheck}}{{print .State.Health.Status}}{{end}}" 22fdc6c000f9303664d97d114f0dd5ad801a5d35d78fd8db5e51d45a11fe6df4
2025-08-21T07:46:27.6776966Z redis service is healthy.
2025-08-21T07:46:27.6777329Z ##[endgroup]
2025-08-21T07:46:27.7083758Z ##[group]Run actions/checkout@v5
2025-08-21T07:46:27.7084292Z with:
2025-08-21T07:46:27.7084647Z   repository: AlexBomber12/AWA-App
2025-08-21T07:46:27.7085075Z   token: ***
2025-08-21T07:46:27.7085258Z   ssh-strict: true
2025-08-21T07:46:27.7085441Z   ssh-user: git
2025-08-21T07:46:27.7085632Z   persist-credentials: true
2025-08-21T07:46:27.7085834Z   clean: true
2025-08-21T07:46:27.7086023Z   sparse-checkout-cone-mode: true
2025-08-21T07:46:27.7086242Z   fetch-depth: 1
2025-08-21T07:46:27.7086414Z   fetch-tags: false
2025-08-21T07:46:27.7086591Z   show-progress: true
2025-08-21T07:46:27.7086772Z   lfs: false
2025-08-21T07:46:27.7086930Z   submodules: false
2025-08-21T07:46:27.7087104Z   set-safe-directory: true
2025-08-21T07:46:27.7087521Z env:
2025-08-21T07:46:27.7087734Z   REDIS_URL: redis://localhost:6379/0
2025-08-21T07:46:27.7087996Z   RATE_LIMIT_DEFAULT: 100/minute
2025-08-21T07:46:27.7088227Z   TRUST_X_FORWARDED: 1
2025-08-21T07:46:27.7088412Z ##[endgroup]
2025-08-21T07:46:27.7998040Z Syncing repository: AlexBomber12/AWA-App
2025-08-21T07:46:27.7999314Z ##[group]Getting Git version info
2025-08-21T07:46:27.7999668Z Working directory is '/home/runner/work/AWA-App/AWA-App'
2025-08-21T07:46:27.8000164Z [command]/usr/bin/git version
2025-08-21T07:46:27.8072447Z git version 2.51.0
2025-08-21T07:46:27.8093200Z ##[endgroup]
2025-08-21T07:46:27.8109468Z Temporarily overriding HOME='/home/runner/work/_temp/a961b820-b941-4a07-8efb-94e1f158286c' before making global git config changes
2025-08-21T07:46:27.8110753Z Adding repository directory to the temporary git global config as a safe directory
2025-08-21T07:46:27.8115225Z [command]/usr/bin/git config --global --add safe.directory /home/runner/work/AWA-App/AWA-App
2025-08-21T07:46:27.8152585Z Deleting the contents of '/home/runner/work/AWA-App/AWA-App'
2025-08-21T07:46:27.8156390Z ##[group]Initializing the repository
2025-08-21T07:46:27.8161056Z [command]/usr/bin/git init /home/runner/work/AWA-App/AWA-App
2025-08-21T07:46:27.8243167Z hint: Using 'master' as the name for the initial branch. This default branch name
2025-08-21T07:46:27.8243948Z hint: is subject to change. To configure the initial branch name to use in all
2025-08-21T07:46:27.8244999Z hint: of your new repositories, which will suppress this warning, call:
2025-08-21T07:46:27.8245571Z hint:
2025-08-21T07:46:27.8245978Z hint: 	git config --global init.defaultBranch <name>
2025-08-21T07:46:27.8246458Z hint:
2025-08-21T07:46:27.8246911Z hint: Names commonly chosen instead of 'master' are 'main', 'trunk' and
2025-08-21T07:46:27.8247669Z hint: 'development'. The just-created branch can be renamed via this command:
2025-08-21T07:46:27.8248228Z hint:
2025-08-21T07:46:27.8248512Z hint: 	git branch -m <name>
2025-08-21T07:46:27.8248834Z hint:
2025-08-21T07:46:27.8249241Z hint: Disable this message with "git config set advice.defaultBranchName false"
2025-08-21T07:46:27.8249742Z Initialized empty Git repository in /home/runner/work/AWA-App/AWA-App/.git/
2025-08-21T07:46:27.8259081Z [command]/usr/bin/git remote add origin https://github.com/AlexBomber12/AWA-App
2025-08-21T07:46:27.8296857Z ##[endgroup]
2025-08-21T07:46:27.8297228Z ##[group]Disabling automatic garbage collection
2025-08-21T07:46:27.8300701Z [command]/usr/bin/git config --local gc.auto 0
2025-08-21T07:46:27.8329054Z ##[endgroup]
2025-08-21T07:46:27.8329629Z ##[group]Setting up auth
2025-08-21T07:46:27.8336299Z [command]/usr/bin/git config --local --name-only --get-regexp core\.sshCommand
2025-08-21T07:46:27.8366733Z [command]/usr/bin/git submodule foreach --recursive sh -c "git config --local --name-only --get-regexp 'core\.sshCommand' && git config --local --unset-all 'core.sshCommand' || :"
2025-08-21T07:46:27.8698762Z [command]/usr/bin/git config --local --name-only --get-regexp http\.https\:\/\/github\.com\/\.extraheader
2025-08-21T07:46:27.8729111Z [command]/usr/bin/git submodule foreach --recursive sh -c "git config --local --name-only --get-regexp 'http\.https\:\/\/github\.com\/\.extraheader' && git config --local --unset-all 'http.https://github.com/.extraheader' || :"
2025-08-21T07:46:27.8980796Z [command]/usr/bin/git config --local http.https://github.com/.extraheader AUTHORIZATION: basic ***
2025-08-21T07:46:27.9016572Z ##[endgroup]
2025-08-21T07:46:27.9017196Z ##[group]Fetching the repository
2025-08-21T07:46:27.9026309Z [command]/usr/bin/git -c protocol.version=2 fetch --no-tags --prune --no-recurse-submodules --depth=1 origin +5a2cfa617d6c77bd014ea849227a8e7c7b6a6c49:refs/remotes/pull/326/merge
2025-08-21T07:46:28.1531836Z From https://github.com/AlexBomber12/AWA-App
2025-08-21T07:46:28.1532531Z  * [new ref]         5a2cfa617d6c77bd014ea849227a8e7c7b6a6c49 -> pull/326/merge
2025-08-21T07:46:28.1565457Z ##[endgroup]
2025-08-21T07:46:28.1565994Z ##[group]Determining the checkout info
2025-08-21T07:46:28.1568112Z ##[endgroup]
2025-08-21T07:46:28.1572991Z [command]/usr/bin/git sparse-checkout disable
2025-08-21T07:46:28.1613404Z [command]/usr/bin/git config --local --unset-all extensions.worktreeConfig
2025-08-21T07:46:28.1642992Z ##[group]Checking out the ref
2025-08-21T07:46:28.1643578Z [command]/usr/bin/git checkout --progress --force refs/remotes/pull/326/merge
2025-08-21T07:46:28.1974974Z Note: switching to 'refs/remotes/pull/326/merge'.
2025-08-21T07:46:28.1975397Z 
2025-08-21T07:46:28.1975770Z You are in 'detached HEAD' state. You can look around, make experimental
2025-08-21T07:46:28.1976481Z changes and commit them, and you can discard any commits you make in this
2025-08-21T07:46:28.1977200Z state without impacting any branches by switching back to a branch.
2025-08-21T07:46:28.1977621Z 
2025-08-21T07:46:28.1977901Z If you want to create a new branch to retain commits you create, you may
2025-08-21T07:46:28.1978536Z do so (now or later) by using -c with the switch command. Example:
2025-08-21T07:46:28.1978898Z 
2025-08-21T07:46:28.1979054Z   git switch -c <new-branch-name>
2025-08-21T07:46:28.1979316Z 
2025-08-21T07:46:28.1979739Z Or undo this operation with:
2025-08-21T07:46:28.1979987Z 
2025-08-21T07:46:28.1980123Z   git switch -
2025-08-21T07:46:28.1980337Z 
2025-08-21T07:46:28.1980649Z Turn off this advice by setting config variable advice.detachedHead to false
2025-08-21T07:46:28.1981067Z 
2025-08-21T07:46:28.1981394Z HEAD is now at 5a2cfa6 Merge ceca38ee80f91c5671fe64123eeaef5d757da599 into a2ca9fd9366763e4801b7c22e42b694dad430817
2025-08-21T07:46:28.1985981Z ##[endgroup]
2025-08-21T07:46:28.2028088Z [command]/usr/bin/git log -1 --format=%H
2025-08-21T07:46:28.2051149Z 5a2cfa617d6c77bd014ea849227a8e7c7b6a6c49
2025-08-21T07:46:28.2230897Z ##[group]Run cat .env.ci >> "$GITHUB_ENV"
2025-08-21T07:46:28.2231249Z [36;1mcat .env.ci >> "$GITHUB_ENV"[0m
2025-08-21T07:46:28.2231934Z [36;1mecho "DATABASE_URL=***localhost:5432/awa" >> "$GITHUB_ENV"[0m
2025-08-21T07:46:28.2232287Z [36;1mecho "PG_HOST=localhost" >> "$GITHUB_ENV"[0m
2025-08-21T07:46:28.2232572Z [36;1mecho "PG_PORT=5432" >> "$GITHUB_ENV"[0m
2025-08-21T07:46:28.2232877Z [36;1mecho "PG_USER=postgres" >> "$GITHUB_ENV"[0m
2025-08-21T07:46:28.2233154Z [36;1mecho "PG_PASSWORD=pass" >> "$GITHUB_ENV"[0m
2025-08-21T07:46:28.2233428Z [36;1mecho "PG_DATABASE=awa" >> "$GITHUB_ENV"[0m
2025-08-21T07:46:28.2281196Z shell: /usr/bin/bash -e {0}
2025-08-21T07:46:28.2281429Z env:
2025-08-21T07:46:28.2281644Z   REDIS_URL: redis://localhost:6379/0
2025-08-21T07:46:28.2281906Z   RATE_LIMIT_DEFAULT: 100/minute
2025-08-21T07:46:28.2282135Z   TRUST_X_FORWARDED: 1
2025-08-21T07:46:28.2282319Z ##[endgroup]
2025-08-21T07:46:28.2466043Z ##[group]Run actions/setup-python@v5
2025-08-21T07:46:28.2466337Z with:
2025-08-21T07:46:28.2466517Z   python-version: 3.12
2025-08-21T07:46:28.2466726Z   cache: pip
2025-08-21T07:46:28.2466944Z   cache-dependency-path: requirements-dev.txt
2025-08-21T07:46:28.2467220Z   check-latest: false
2025-08-21T07:46:28.2467552Z   token: ***
2025-08-21T07:46:28.2467743Z   update-environment: true
2025-08-21T07:46:28.2467958Z   allow-prereleases: false
2025-08-21T07:46:28.2468191Z   freethreaded: false
2025-08-21T07:46:28.2468370Z env:
2025-08-21T07:46:28.2468554Z   REDIS_URL: redis://localhost:6379/0
2025-08-21T07:46:28.2468802Z   RATE_LIMIT_DEFAULT: 100/minute
2025-08-21T07:46:28.2469008Z   TRUST_X_FORWARDED: 1
2025-08-21T07:46:28.2469198Z   PG_USER: postgres
2025-08-21T07:46:28.2469374Z   PG_PASSWORD: pass
2025-08-21T07:46:28.2469548Z   PG_DATABASE: awa
2025-08-21T07:46:28.2469719Z   PG_HOST: localhost
2025-08-21T07:46:28.2469889Z   PG_PORT: 5432
2025-08-21T07:46:28.2470294Z   PG_SYNC_DSN: ***localhost:5432/awa
2025-08-21T07:46:28.2470691Z   PG_ASYNC_DSN: ***localhost:5432/awa
2025-08-21T07:46:28.2471071Z   DATABASE_URL: ***localhost:5432/awa
2025-08-21T07:46:28.2471290Z   DATA_DIR: /tmp/awa-data
2025-08-21T07:46:28.2471484Z   ENABLE_LIVE: 0
2025-08-21T07:46:28.2471644Z   TESTING: 1
2025-08-21T07:46:28.2471804Z ##[endgroup]
2025-08-21T07:46:28.4117240Z ##[group]Installed versions
2025-08-21T07:46:28.4217529Z Successfully set up CPython (3.12.11)
2025-08-21T07:46:28.4218338Z ##[endgroup]
2025-08-21T07:46:28.4553283Z [command]/opt/hostedtoolcache/Python/3.12.11/x64/bin/pip cache dir
2025-08-21T07:46:29.8393939Z /home/runner/.cache/pip
2025-08-21T07:46:29.9671831Z Cache hit for: setup-python-Linux-x64-24.04-Ubuntu-python-3.12.11-pip-cc13ccef493b9f3a93ad5651164d9fb09282c1111f6f72ce20e0657de16de6b4
2025-08-21T07:46:31.0354114Z Received 134217728 of 376053341 (35.7%), 127.9 MBs/sec
2025-08-21T07:46:32.0351884Z Received 364904448 of 376053341 (97.0%), 173.9 MBs/sec
2025-08-21T07:46:32.1436591Z Received 376053341 of 376053341 (100.0%), 170.0 MBs/sec
2025-08-21T07:46:32.1439735Z Cache Size: ~359 MB (376053341 B)
2025-08-21T07:46:32.1566204Z [command]/usr/bin/tar -xf /home/runner/work/_temp/021b7b1c-c82e-4f57-9928-fd00d571b4c5/cache.tzst -P -C /home/runner/work/AWA-App/AWA-App --use-compress-program unzstd
2025-08-21T07:46:32.7332207Z Cache restored successfully
2025-08-21T07:46:32.8027928Z Cache restored from key: setup-python-Linux-x64-24.04-Ubuntu-python-3.12.11-pip-cc13ccef493b9f3a93ad5651164d9fb09282c1111f6f72ce20e0657de16de6b4
2025-08-21T07:46:32.8175109Z ##[group]Run pip install --break-system-packages -r requirements-dev.txt
2025-08-21T07:46:32.8175657Z [36;1mpip install --break-system-packages -r requirements-dev.txt[0m
2025-08-21T07:46:32.8176098Z [36;1mpip install --break-system-packages keepa==1.3.15 minio==7.1.15[0m
2025-08-21T07:46:32.8219282Z shell: /usr/bin/bash -e {0}
2025-08-21T07:46:32.8219506Z env:
2025-08-21T07:46:32.8219708Z   REDIS_URL: redis://localhost:6379/0
2025-08-21T07:46:32.8219976Z   RATE_LIMIT_DEFAULT: 100/minute
2025-08-21T07:46:32.8220195Z   TRUST_X_FORWARDED: 1
2025-08-21T07:46:32.8220394Z   PG_USER: postgres
2025-08-21T07:46:32.8220579Z   PG_PASSWORD: pass
2025-08-21T07:46:32.8220755Z   PG_DATABASE: awa
2025-08-21T07:46:32.8220936Z   PG_HOST: localhost
2025-08-21T07:46:32.8221122Z   PG_PORT: 5432
2025-08-21T07:46:32.8221741Z   PG_SYNC_DSN: ***localhost:5432/awa
2025-08-21T07:46:32.8222252Z   PG_ASYNC_DSN: ***localhost:5432/awa
2025-08-21T07:46:32.8222666Z   DATABASE_URL: ***localhost:5432/awa
2025-08-21T07:46:32.8222932Z   DATA_DIR: /tmp/awa-data
2025-08-21T07:46:32.8223143Z   ENABLE_LIVE: 0
2025-08-21T07:46:32.8223316Z   TESTING: 1
2025-08-21T07:46:32.8223553Z   pythonLocation: /opt/hostedtoolcache/Python/3.12.11/x64
2025-08-21T07:46:32.8223957Z   PKG_CONFIG_PATH: /opt/hostedtoolcache/Python/3.12.11/x64/lib/pkgconfig
2025-08-21T07:46:32.8224337Z   Python_ROOT_DIR: /opt/hostedtoolcache/Python/3.12.11/x64
2025-08-21T07:46:32.8224968Z   Python2_ROOT_DIR: /opt/hostedtoolcache/Python/3.12.11/x64
2025-08-21T07:46:32.8225313Z   Python3_ROOT_DIR: /opt/hostedtoolcache/Python/3.12.11/x64
2025-08-21T07:46:32.8225663Z   LD_LIBRARY_PATH: /opt/hostedtoolcache/Python/3.12.11/x64/lib
2025-08-21T07:46:32.8225949Z ##[endgroup]
2025-08-21T07:46:33.8635625Z Collecting Jinja2==3.1.6 (from -r requirements-dev.txt (line 2))
2025-08-21T07:46:33.8649120Z   Using cached jinja2-3.1.6-py3-none-any.whl.metadata (2.9 kB)
2025-08-21T07:46:33.8859647Z Collecting alembic==1.16.4 (from -r requirements-dev.txt (line 3))
2025-08-21T07:46:33.8871664Z   Using cached alembic-1.16.4-py3-none-any.whl.metadata (7.3 kB)
2025-08-21T07:46:33.9022498Z Collecting apscheduler==3.10.4 (from -r requirements-dev.txt (line 4))
2025-08-21T07:46:33.9034050Z   Using cached APScheduler-3.10.4-py3-none-any.whl.metadata (5.7 kB)
2025-08-21T07:46:33.9177573Z Collecting asgi-correlation-id==4.3.1 (from -r requirements-dev.txt (line 5))
2025-08-21T07:46:33.9189034Z   Using cached asgi_correlation_id-4.3.1-py3-none-any.whl.metadata (28 kB)
2025-08-21T07:46:33.9581933Z Collecting asyncpg==0.30.0 (from -r requirements-dev.txt (line 6))
2025-08-21T07:46:33.9593947Z   Using cached asyncpg-0.30.0-cp312-cp312-manylinux_2_17_x86_64.manylinux2014_x86_64.whl.metadata (5.0 kB)
2025-08-21T07:46:34.0011566Z Collecting black==25.1.0 (from -r requirements-dev.txt (line 7))
2025-08-21T07:46:34.0025530Z   Using cached black-25.1.0-cp312-cp312-manylinux_2_17_x86_64.manylinux2014_x86_64.manylinux_2_28_x86_64.whl.metadata (81 kB)
2025-08-21T07:46:34.3240898Z Collecting boto3 (from -r requirements-dev.txt (line 8))
2025-08-21T07:46:34.3253961Z   Using cached boto3-1.40.14-py3-none-any.whl.metadata (6.7 kB)
2025-08-21T07:46:34.3528178Z Collecting redis==6.* (from -r requirements-dev.txt (line 9))
2025-08-21T07:46:34.3539544Z   Using cached redis-6.4.0-py3-none-any.whl.metadata (10 kB)
2025-08-21T07:46:34.3841179Z Collecting minio==7.* (from -r requirements-dev.txt (line 10))
2025-08-21T07:46:34.3852400Z   Using cached minio-7.2.16-py3-none-any.whl.metadata (6.5 kB)
2025-08-21T07:46:34.3990798Z Collecting vulture==2.10 (from -r requirements-dev.txt (line 11))
2025-08-21T07:46:34.4001994Z   Using cached vulture-2.10-py2.py3-none-any.whl.metadata (23 kB)
2025-08-21T07:46:34.4295904Z Collecting celery==5.5.3 (from -r requirements-dev.txt (line 12))
2025-08-21T07:46:34.4306912Z   Using cached celery-5.5.3-py3-none-any.whl.metadata (22 kB)
2025-08-21T07:46:34.4863644Z Collecting fastapi==0.116.1 (from -r requirements-dev.txt (line 13))
2025-08-21T07:46:34.4875505Z   Using cached fastapi-0.116.1-py3-none-any.whl.metadata (28 kB)
2025-08-21T07:46:34.5012098Z Collecting fastapi-limiter==0.1.6 (from -r requirements-dev.txt (line 15))
2025-08-21T07:46:34.5022839Z   Using cached fastapi_limiter-0.1.6-py3-none-any.whl.metadata (5.3 kB)
2025-08-21T07:46:34.5197439Z Collecting httpx<0.29,>=0.27 (from -r requirements-dev.txt (line 16))
2025-08-21T07:46:34.5208620Z   Using cached httpx-0.28.1-py3-none-any.whl.metadata (7.1 kB)
2025-08-21T07:46:34.5314049Z Collecting imapclient==3.0.1 (from -r requirements-dev.txt (line 17))
2025-08-21T07:46:34.5325219Z   Using cached IMAPClient-3.0.1-py2.py3-none-any.whl.metadata (1.7 kB)
2025-08-21T07:46:34.5542732Z Collecting itsdangerous (from -r requirements-dev.txt (line 18))
2025-08-21T07:46:34.5553705Z   Using cached itsdangerous-2.2.0-py3-none-any.whl.metadata (1.9 kB)
2025-08-21T07:46:34.6512456Z Collecting mypy==1.* (from -r requirements-dev.txt (line 19))
2025-08-21T07:46:34.6525944Z   Using cached mypy-1.17.1-cp312-cp312-manylinux2014_x86_64.manylinux_2_17_x86_64.manylinux_2_28_x86_64.whl.metadata (2.2 kB)
2025-08-21T07:46:34.6620275Z Collecting mypy-extensions==1.1.0 (from -r requirements-dev.txt (line 20))
2025-08-21T07:46:34.6636323Z   Using cached mypy_extensions-1.1.0-py3-none-any.whl.metadata (1.1 kB)
2025-08-21T07:46:34.8419431Z Collecting numpy<2 (from -r requirements-dev.txt (line 21))
2025-08-21T07:46:34.8432771Z   Using cached numpy-1.26.4-cp312-cp312-manylinux_2_17_x86_64.manylinux2014_x86_64.whl.metadata (61 kB)
2025-08-21T07:46:34.8674968Z Collecting openpyxl==3.1.5 (from -r requirements-dev.txt (line 22))
2025-08-21T07:46:34.8686128Z   Using cached openpyxl-3.1.5-py2.py3-none-any.whl.metadata (2.5 kB)
2025-08-21T07:46:34.9760653Z Collecting pandas==2.2.* (from -r requirements-dev.txt (line 23))
2025-08-21T07:46:34.9773615Z   Using cached pandas-2.2.3-cp312-cp312-manylinux_2_17_x86_64.manylinux2014_x86_64.whl.metadata (89 kB)
2025-08-21T07:46:35.0684711Z Collecting psycopg2-binary==2.9.10 (from -r requirements-dev.txt (line 24))
2025-08-21T07:46:35.0698511Z   Using cached psycopg2_binary-2.9.10-cp312-cp312-manylinux_2_17_x86_64.manylinux2014_x86_64.whl.metadata (4.9 kB)
2025-08-21T07:46:35.0842490Z Collecting psycopg==3.2.9 (from psycopg[binary]==3.2.9->-r requirements-dev.txt (line 25))
2025-08-21T07:46:35.0853928Z   Using cached psycopg-3.2.9-py3-none-any.whl.metadata (4.5 kB)
2025-08-21T07:46:35.1916033Z Collecting pydantic==2.11.7 (from -r requirements-dev.txt (line 26))
2025-08-21T07:46:35.1929322Z   Using cached pydantic-2.11.7-py3-none-any.whl.metadata (67 kB)
2025-08-21T07:46:35.3125244Z Collecting setuptools (from -r requirements-dev.txt (line 27))
2025-08-21T07:46:35.3138815Z   Using cached setuptools-80.9.0-py3-none-any.whl.metadata (6.6 kB)
2025-08-21T07:46:35.3430851Z Collecting pytest-asyncio==1.1.0 (from -r requirements-dev.txt (line 28))
2025-08-21T07:46:35.3442403Z   Using cached pytest_asyncio-1.1.0-py3-none-any.whl.metadata (4.1 kB)
2025-08-21T07:46:35.3581695Z Collecting pytest-cov==6.2.1 (from -r requirements-dev.txt (line 29))
2025-08-21T07:46:35.3593254Z   Using cached pytest_cov-6.2.1-py3-none-any.whl.metadata (30 kB)
2025-08-21T07:46:35.3751491Z Collecting pytest-postgresql==7.0.2 (from -r requirements-dev.txt (line 30))
2025-08-21T07:46:35.3763159Z   Using cached pytest_postgresql-7.0.2-py3-none-any.whl.metadata (18 kB)
2025-08-21T07:46:35.3923420Z Collecting python-dotenv (from -r requirements-dev.txt (line 31))
2025-08-21T07:46:35.3935159Z   Using cached python_dotenv-1.1.1-py3-none-any.whl.metadata (24 kB)
2025-08-21T07:46:35.4049614Z Collecting python-multipart (from -r requirements-dev.txt (line 32))
2025-08-21T07:46:35.4061257Z   Using cached python_multipart-0.0.20-py3-none-any.whl.metadata (1.8 kB)
2025-08-21T07:46:35.4342700Z Collecting python-telegram-bot==22.3 (from -r requirements-dev.txt (line 33))
2025-08-21T07:46:35.4355367Z   Using cached python_telegram_bot-22.3-py3-none-any.whl.metadata (17 kB)
2025-08-21T07:46:35.4634027Z Collecting requests==2.32.4 (from -r requirements-dev.txt (line 34))
2025-08-21T07:46:35.4647034Z   Using cached requests-2.32.4-py3-none-any.whl.metadata (4.9 kB)
2025-08-21T07:46:35.4793355Z Collecting respx==0.22.0 (from -r requirements-dev.txt (line 35))
2025-08-21T07:46:35.4805080Z   Using cached respx-0.22.0-py2.py3-none-any.whl.metadata (4.1 kB)
2025-08-21T07:46:35.8437569Z Collecting ruff==0.9.9 (from -r requirements-dev.txt (line 36))
2025-08-21T07:46:35.8450491Z   Using cached ruff-0.9.9-py3-none-manylinux_2_17_x86_64.manylinux2014_x86_64.whl.metadata (25 kB)
2025-08-21T07:46:36.0929893Z Collecting sqlalchemy==2.0.43 (from -r requirements-dev.txt (line 37))
2025-08-21T07:46:36.0943650Z   Using cached sqlalchemy-2.0.43-cp312-cp312-manylinux_2_17_x86_64.manylinux2014_x86_64.whl.metadata (9.6 kB)
2025-08-21T07:46:36.1148320Z Collecting structlog==24.1.0 (from -r requirements-dev.txt (line 38))
2025-08-21T07:46:36.1159979Z   Using cached structlog-24.1.0-py3-none-any.whl.metadata (6.9 kB)
2025-08-21T07:46:36.1347873Z Collecting testcontainers==4.12.0 (from testcontainers[postgres]==4.12.0->-r requirements-dev.txt (line 39))
2025-08-21T07:46:36.1359491Z   Using cached testcontainers-4.12.0-py3-none-any.whl.metadata (8.3 kB)
2025-08-21T07:46:36.1724103Z Collecting types-requests==2.32.4.20250809 (from -r requirements-dev.txt (line 40))
2025-08-21T07:46:36.1736006Z   Using cached types_requests-2.32.4.20250809-py3-none-any.whl.metadata (2.0 kB)
2025-08-21T07:46:36.1847069Z Collecting docspec-python==2.2.2 (from -r requirements-dev.txt (line 41))
2025-08-21T07:46:36.1858512Z   Using cached docspec_python-2.2.2-py3-none-any.whl.metadata (1.0 kB)
2025-08-21T07:46:36.2024697Z Collecting pydoc-markdown==4.8.2 (from -r requirements-dev.txt (line 42))
2025-08-21T07:46:36.2036208Z   Using cached pydoc_markdown-4.8.2-py3-none-any.whl.metadata (5.9 kB)
2025-08-21T07:46:36.2762706Z Collecting pandera==0.19.* (from -r requirements-dev.txt (line 43))
2025-08-21T07:46:36.2776164Z   Using cached pandera-0.19.3-py3-none-any.whl.metadata (15 kB)
2025-08-21T07:46:36.3308081Z Collecting MarkupSafe>=2.0 (from Jinja2==3.1.6->-r requirements-dev.txt (line 2))
2025-08-21T07:46:36.3320620Z   Using cached MarkupSafe-3.0.2-cp312-cp312-manylinux_2_17_x86_64.manylinux2014_x86_64.whl.metadata (4.0 kB)
2025-08-21T07:46:36.3595679Z Collecting Mako (from alembic==1.16.4->-r requirements-dev.txt (line 3))
2025-08-21T07:46:36.3607126Z   Using cached mako-1.3.10-py3-none-any.whl.metadata (2.9 kB)
2025-08-21T07:46:36.3760010Z Collecting typing-extensions>=4.12 (from alembic==1.16.4->-r requirements-dev.txt (line 3))
2025-08-21T07:46:36.3771800Z   Using cached typing_extensions-4.14.1-py3-none-any.whl.metadata (3.0 kB)
2025-08-21T07:46:36.3898768Z Collecting six>=1.4.0 (from apscheduler==3.10.4->-r requirements-dev.txt (line 4))
2025-08-21T07:46:36.3910277Z   Using cached six-1.17.0-py2.py3-none-any.whl.metadata (1.7 kB)
2025-08-21T07:46:36.4238887Z Collecting pytz (from apscheduler==3.10.4->-r requirements-dev.txt (line 4))
2025-08-21T07:46:36.4251164Z   Using cached pytz-2025.2-py2.py3-none-any.whl.metadata (22 kB)
2025-08-21T07:46:36.4409773Z Collecting tzlocal!=3.*,>=2.0 (from apscheduler==3.10.4->-r requirements-dev.txt (line 4))
2025-08-21T07:46:36.4420928Z   Using cached tzlocal-5.3.1-py3-none-any.whl.metadata (7.6 kB)
2025-08-21T07:46:36.4708014Z Collecting starlette>=0.18 (from asgi-correlation-id==4.3.1->-r requirements-dev.txt (line 5))
2025-08-21T07:46:36.4718879Z   Using cached starlette-0.47.2-py3-none-any.whl.metadata (6.2 kB)
2025-08-21T07:46:36.4904340Z Collecting click>=8.0.0 (from black==25.1.0->-r requirements-dev.txt (line 7))
2025-08-21T07:46:36.4915630Z   Using cached click-8.2.1-py3-none-any.whl.metadata (2.5 kB)
2025-08-21T07:46:36.5121112Z Collecting packaging>=22.0 (from black==25.1.0->-r requirements-dev.txt (line 7))
2025-08-21T07:46:36.5132394Z   Using cached packaging-25.0-py3-none-any.whl.metadata (3.3 kB)
2025-08-21T07:46:36.5256508Z Collecting pathspec>=0.9.0 (from black==25.1.0->-r requirements-dev.txt (line 7))
2025-08-21T07:46:36.5267490Z   Using cached pathspec-0.12.1-py3-none-any.whl.metadata (21 kB)
2025-08-21T07:46:36.5439558Z Collecting platformdirs>=2 (from black==25.1.0->-r requirements-dev.txt (line 7))
2025-08-21T07:46:36.5450700Z   Using cached platformdirs-4.3.8-py3-none-any.whl.metadata (12 kB)
2025-08-21T07:46:36.5562074Z Collecting toml (from vulture==2.10->-r requirements-dev.txt (line 11))
2025-08-21T07:46:36.5573473Z   Using cached toml-0.10.2-py2.py3-none-any.whl.metadata (7.1 kB)
2025-08-21T07:46:36.5751310Z Collecting billiard<5.0,>=4.2.1 (from celery==5.5.3->-r requirements-dev.txt (line 12))
2025-08-21T07:46:36.5762102Z   Using cached billiard-4.2.1-py3-none-any.whl.metadata (4.4 kB)
2025-08-21T07:46:36.6022266Z Collecting kombu<5.6,>=5.5.2 (from celery==5.5.3->-r requirements-dev.txt (line 12))
2025-08-21T07:46:36.6033185Z   Using cached kombu-5.5.4-py3-none-any.whl.metadata (3.5 kB)
2025-08-21T07:46:36.6173325Z Collecting vine<6.0,>=5.1.0 (from celery==5.5.3->-r requirements-dev.txt (line 12))
2025-08-21T07:46:36.6184132Z   Using cached vine-5.1.0-py3-none-any.whl.metadata (2.7 kB)
2025-08-21T07:46:36.6302621Z Collecting click-didyoumean>=0.3.0 (from celery==5.5.3->-r requirements-dev.txt (line 12))
2025-08-21T07:46:36.6313535Z   Using cached click_didyoumean-0.3.1-py3-none-any.whl.metadata (3.9 kB)
2025-08-21T07:46:36.6448619Z Collecting click-repl>=0.2.0 (from celery==5.5.3->-r requirements-dev.txt (line 12))
2025-08-21T07:46:36.6459622Z   Using cached click_repl-0.3.0-py3-none-any.whl.metadata (3.6 kB)
2025-08-21T07:46:36.6550155Z Collecting click-plugins>=1.1.1 (from celery==5.5.3->-r requirements-dev.txt (line 12))
2025-08-21T07:46:36.6561183Z   Using cached click_plugins-1.1.1.2-py2.py3-none-any.whl.metadata (6.5 kB)
2025-08-21T07:46:36.6676761Z Collecting python-dateutil>=2.8.2 (from celery==5.5.3->-r requirements-dev.txt (line 12))
2025-08-21T07:46:36.6687796Z   Using cached python_dateutil-2.9.0.post0-py2.py3-none-any.whl.metadata (8.4 kB)
2025-08-21T07:46:36.7078854Z Collecting annotated-types>=0.6.0 (from pydantic==2.11.7->-r requirements-dev.txt (line 26))
2025-08-21T07:46:36.7090094Z   Using cached annotated_types-0.7.0-py3-none-any.whl.metadata (15 kB)
2025-08-21T07:46:37.3569902Z Collecting pydantic-core==2.33.2 (from pydantic==2.11.7->-r requirements-dev.txt (line 26))
2025-08-21T07:46:37.3584672Z   Using cached pydantic_core-2.33.2-cp312-cp312-manylinux_2_17_x86_64.manylinux2014_x86_64.whl.metadata (6.8 kB)
2025-08-21T07:46:37.3707453Z Collecting typing-inspection>=0.4.0 (from pydantic==2.11.7->-r requirements-dev.txt (line 26))
2025-08-21T07:46:37.3718719Z   Using cached typing_inspection-0.4.1-py3-none-any.whl.metadata (2.6 kB)
2025-08-21T07:46:37.3963289Z Collecting et-xmlfile (from openpyxl==3.1.5->-r requirements-dev.txt (line 22))
2025-08-21T07:46:37.3974835Z   Using cached et_xmlfile-2.0.0-py3-none-any.whl.metadata (2.7 kB)
2025-08-21T07:46:37.4359579Z Collecting pytest<9,>=8.2 (from pytest-asyncio==1.1.0->-r requirements-dev.txt (line 28))
2025-08-21T07:46:37.4370665Z   Using cached pytest-8.4.1-py3-none-any.whl.metadata (7.7 kB)
2025-08-21T07:46:37.7391054Z Collecting coverage>=7.5 (from coverage[toml]>=7.5->pytest-cov==6.2.1->-r requirements-dev.txt (line 29))
2025-08-21T07:46:37.7404922Z   Using cached coverage-7.10.4-cp312-cp312-manylinux1_x86_64.manylinux_2_28_x86_64.manylinux_2_5_x86_64.whl.metadata (8.9 kB)
2025-08-21T07:46:37.7523706Z Collecting pluggy>=1.2 (from pytest-cov==6.2.1->-r requirements-dev.txt (line 29))
2025-08-21T07:46:37.7535384Z   Using cached pluggy-1.6.0-py3-none-any.whl.metadata (4.8 kB)
2025-08-21T07:46:37.7757500Z Collecting port-for>=0.7.3 (from pytest-postgresql==7.0.2->-r requirements-dev.txt (line 30))
2025-08-21T07:46:37.7768767Z   Using cached port_for-0.7.4-py3-none-any.whl.metadata (7.1 kB)
2025-08-21T07:46:37.7899370Z Collecting mirakuru>=2.6.0 (from pytest-postgresql==7.0.2->-r requirements-dev.txt (line 30))
2025-08-21T07:46:37.7910676Z   Using cached mirakuru-2.6.1-py3-none-any.whl.metadata (10 kB)
2025-08-21T07:46:37.8746226Z Collecting charset_normalizer<4,>=2 (from requests==2.32.4->-r requirements-dev.txt (line 34))
2025-08-21T07:46:37.8779240Z   Using cached charset_normalizer-3.4.3-cp312-cp312-manylinux2014_x86_64.manylinux_2_17_x86_64.manylinux_2_28_x86_64.whl.metadata (36 kB)
2025-08-21T07:46:37.8916100Z Collecting idna<4,>=2.5 (from requests==2.32.4->-r requirements-dev.txt (line 34))
2025-08-21T07:46:37.8927636Z   Using cached idna-3.10-py3-none-any.whl.metadata (10 kB)
2025-08-21T07:46:37.9193091Z Collecting urllib3<3,>=1.21.1 (from requests==2.32.4->-r requirements-dev.txt (line 34))
2025-08-21T07:46:37.9204852Z   Using cached urllib3-2.5.0-py3-none-any.whl.metadata (6.5 kB)
2025-08-21T07:46:37.9395680Z Collecting certifi>=2017.4.17 (from requests==2.32.4->-r requirements-dev.txt (line 34))
2025-08-21T07:46:37.9407282Z   Using cached certifi-2025.8.3-py3-none-any.whl.metadata (2.4 kB)
2025-08-21T07:46:38.1419202Z Collecting greenlet>=1 (from sqlalchemy==2.0.43->-r requirements-dev.txt (line 37))
2025-08-21T07:46:38.1432496Z   Using cached greenlet-3.2.4-cp312-cp312-manylinux_2_24_x86_64.manylinux_2_28_x86_64.whl.metadata (4.1 kB)
2025-08-21T07:46:38.1655356Z Collecting docker (from testcontainers==4.12.0->testcontainers[postgres]==4.12.0->-r requirements-dev.txt (line 39))
2025-08-21T07:46:38.1666806Z   Using cached docker-7.1.0-py3-none-any.whl.metadata (3.8 kB)
2025-08-21T07:46:38.2608184Z Collecting wrapt (from testcontainers==4.12.0->testcontainers[postgres]==4.12.0->-r requirements-dev.txt (line 39))
2025-08-21T07:46:38.2621595Z   Using cached wrapt-1.17.3-cp312-cp312-manylinux1_x86_64.manylinux_2_28_x86_64.manylinux_2_5_x86_64.whl.metadata (6.4 kB)
2025-08-21T07:46:38.2840704Z Collecting docspec==2.2.1 (from docspec-python==2.2.2->-r requirements-dev.txt (line 41))
2025-08-21T07:46:38.2851997Z   Using cached docspec-2.2.1-py3-none-any.whl.metadata (1.5 kB)
2025-08-21T07:46:38.3001223Z Collecting nr-util>=0.8.12 (from docspec-python==2.2.2->-r requirements-dev.txt (line 41))
2025-08-21T07:46:38.3012728Z   Using cached nr.util-0.8.12-py3-none-any.whl.metadata (813 bytes)
2025-08-21T07:46:38.3357446Z Collecting PyYAML<7.0,>=5.0 (from pydoc-markdown==4.8.2->-r requirements-dev.txt (line 42))
2025-08-21T07:46:38.3370059Z   Using cached PyYAML-6.0.2-cp312-cp312-manylinux_2_17_x86_64.manylinux2014_x86_64.whl.metadata (2.1 kB)
2025-08-21T07:46:38.3639198Z Collecting databind.core<5.0.0,>=4.4.0 (from pydoc-markdown==4.8.2->-r requirements-dev.txt (line 42))
2025-08-21T07:46:38.3651044Z   Using cached databind.core-4.5.2-py3-none-any.whl.metadata (1.1 kB)
2025-08-21T07:46:38.3860093Z Collecting databind.json<5.0.0,>=4.4.0 (from pydoc-markdown==4.8.2->-r requirements-dev.txt (line 42))
2025-08-21T07:46:38.3873002Z   Using cached databind.json-4.5.2-py3-none-any.whl.metadata (1.1 kB)
2025-08-21T07:46:38.4016532Z Collecting docstring-parser<0.12,>=0.11 (from pydoc-markdown==4.8.2->-r requirements-dev.txt (line 42))
2025-08-21T07:46:38.4017873Z   Using cached docstring_parser-0.11-py3-none-any.whl
2025-08-21T07:46:38.4347365Z Collecting tomli<3.0.0,>=2.0.0 (from pydoc-markdown==4.8.2->-r requirements-dev.txt (line 42))
2025-08-21T07:46:38.4359600Z   Using cached tomli-2.2.1-cp312-cp312-manylinux_2_17_x86_64.manylinux2014_x86_64.whl.metadata (11 kB)
2025-08-21T07:46:38.4452939Z Collecting tomli_w<2.0.0,>=1.0.0 (from pydoc-markdown==4.8.2->-r requirements-dev.txt (line 42))
2025-08-21T07:46:38.4464719Z   Using cached tomli_w-1.2.0-py3-none-any.whl.metadata (5.7 kB)
2025-08-21T07:46:38.4890777Z Collecting watchdog (from pydoc-markdown==4.8.2->-r requirements-dev.txt (line 42))
2025-08-21T07:46:38.4903931Z   Using cached watchdog-6.0.0-py3-none-manylinux2014_x86_64.whl.metadata (44 kB)
2025-08-21T07:46:38.5104780Z Collecting yapf>=0.30.0 (from pydoc-markdown==4.8.2->-r requirements-dev.txt (line 42))
2025-08-21T07:46:38.5116108Z   Using cached yapf-0.43.0-py3-none-any.whl.metadata (46 kB)
2025-08-21T07:46:38.5292320Z Collecting Deprecated<2.0.0,>=1.2.12 (from docspec==2.2.1->docspec-python==2.2.2->-r requirements-dev.txt (line 41))
2025-08-21T07:46:38.5303933Z   Using cached Deprecated-1.2.18-py2.py3-none-any.whl.metadata (5.7 kB)
2025-08-21T07:46:38.6845864Z Collecting psycopg-binary==3.2.9 (from psycopg[binary]==3.2.9->-r requirements-dev.txt (line 25))
2025-08-21T07:46:38.6859400Z   Using cached psycopg_binary-3.2.9-cp312-cp312-manylinux_2_17_x86_64.manylinux2014_x86_64.whl.metadata (2.9 kB)
2025-08-21T07:46:38.7167558Z Collecting argon2-cffi (from minio==7.*->-r requirements-dev.txt (line 10))
2025-08-21T07:46:38.7180138Z   Using cached argon2_cffi-25.1.0-py3-none-any.whl.metadata (4.1 kB)
2025-08-21T07:46:38.7961846Z Collecting pycryptodome (from minio==7.*->-r requirements-dev.txt (line 10))
2025-08-21T07:46:38.7979371Z   Using cached pycryptodome-3.23.0-cp37-abi3-manylinux_2_17_x86_64.manylinux2014_x86_64.whl.metadata (3.4 kB)
2025-08-21T07:46:38.8172132Z Collecting anyio (from httpx<0.29,>=0.27->-r requirements-dev.txt (line 16))
2025-08-21T07:46:38.8184347Z   Using cached anyio-4.10.0-py3-none-any.whl.metadata (4.0 kB)
2025-08-21T07:46:38.8364868Z Collecting httpcore==1.* (from httpx<0.29,>=0.27->-r requirements-dev.txt (line 16))
2025-08-21T07:46:38.8376136Z   Using cached httpcore-1.0.9-py3-none-any.whl.metadata (21 kB)
2025-08-21T07:46:38.8685391Z Collecting tzdata>=2022.7 (from pandas==2.2.*->-r requirements-dev.txt (line 23))
2025-08-21T07:46:38.8696921Z   Using cached tzdata-2025.2-py2.py3-none-any.whl.metadata (1.4 kB)
2025-08-21T07:46:38.8832963Z Collecting multimethod<=1.10.0 (from pandera==0.19.*->-r requirements-dev.txt (line 43))
2025-08-21T07:46:38.8844188Z   Using cached multimethod-1.10-py3-none-any.whl.metadata (8.2 kB)
2025-08-21T07:46:38.9197353Z Collecting typeguard (from pandera==0.19.*->-r requirements-dev.txt (line 43))
2025-08-21T07:46:38.9208390Z   Using cached typeguard-4.4.4-py3-none-any.whl.metadata (3.3 kB)
2025-08-21T07:46:38.9310695Z Collecting typing-inspect>=0.6.0 (from pandera==0.19.*->-r requirements-dev.txt (line 43))
2025-08-21T07:46:38.9321665Z   Using cached typing_inspect-0.9.0-py3-none-any.whl.metadata (1.5 kB)
2025-08-21T07:46:38.9596111Z Collecting databind<5.0.0,>=4.5.2 (from databind.core<5.0.0,>=4.4.0->pydoc-markdown==4.8.2->-r requirements-dev.txt (line 42))
2025-08-21T07:46:38.9607118Z   Using cached databind-4.5.2-py3-none-any.whl.metadata (4.3 kB)
2025-08-21T07:46:38.9718053Z Collecting nr-date<3.0.0,>=2.0.0 (from databind<5.0.0,>=4.5.2->databind.core<5.0.0,>=4.4.0->pydoc-markdown==4.8.2->-r requirements-dev.txt (line 42))
2025-08-21T07:46:38.9729087Z   Using cached nr_date-2.1.0-py3-none-any.whl.metadata (746 bytes)
2025-08-21T07:46:38.9844378Z Collecting nr-stream<2.0.0,>=1.0.0 (from databind<5.0.0,>=4.5.2->databind.core<5.0.0,>=4.4.0->pydoc-markdown==4.8.2->-r requirements-dev.txt (line 42))
2025-08-21T07:46:38.9855494Z   Using cached nr_stream-1.1.5-py3-none-any.whl.metadata (3.6 kB)
2025-08-21T07:46:39.0009057Z Collecting typeapi<3,>=2.0.1 (from databind<5.0.0,>=4.5.2->databind.core<5.0.0,>=4.4.0->pydoc-markdown==4.8.2->-r requirements-dev.txt (line 42))
2025-08-21T07:46:39.0020004Z   Using cached typeapi-2.2.4-py3-none-any.whl.metadata (1.5 kB)
2025-08-21T07:46:39.0276973Z Collecting h11>=0.16 (from httpcore==1.*->httpx<0.29,>=0.27->-r requirements-dev.txt (line 16))
2025-08-21T07:46:39.0288893Z   Using cached h11-0.16.0-py3-none-any.whl.metadata (8.3 kB)
2025-08-21T07:46:39.0503973Z Collecting amqp<6.0.0,>=5.1.1 (from kombu<5.6,>=5.5.2->celery==5.5.3->-r requirements-dev.txt (line 12))
2025-08-21T07:46:39.0515856Z   Using cached amqp-5.3.1-py3-none-any.whl.metadata (8.9 kB)
2025-08-21T07:46:39.0879946Z Collecting iniconfig>=1 (from pytest<9,>=8.2->pytest-asyncio==1.1.0->-r requirements-dev.txt (line 28))
2025-08-21T07:46:39.0892010Z   Using cached iniconfig-2.1.0-py3-none-any.whl.metadata (2.7 kB)
2025-08-21T07:46:39.1099776Z Collecting pygments>=2.7.2 (from pytest<9,>=8.2->pytest-asyncio==1.1.0->-r requirements-dev.txt (line 28))
2025-08-21T07:46:39.1112059Z   Using cached pygments-2.19.2-py3-none-any.whl.metadata (2.5 kB)
2025-08-21T07:46:39.1425533Z Collecting sniffio>=1.1 (from anyio->httpx<0.29,>=0.27->-r requirements-dev.txt (line 16))
2025-08-21T07:46:39.1437816Z   Using cached sniffio-1.3.1-py3-none-any.whl.metadata (3.9 kB)
2025-08-21T07:46:39.5632245Z Collecting botocore<1.41.0,>=1.40.14 (from boto3->-r requirements-dev.txt (line 8))
2025-08-21T07:46:39.5645582Z   Using cached botocore-1.40.14-py3-none-any.whl.metadata (5.7 kB)
2025-08-21T07:46:39.5768056Z Collecting jmespath<2.0.0,>=0.7.1 (from boto3->-r requirements-dev.txt (line 8))
2025-08-21T07:46:39.5779605Z   Using cached jmespath-1.0.1-py3-none-any.whl.metadata (7.6 kB)
2025-08-21T07:46:39.5924137Z Collecting s3transfer<0.14.0,>=0.13.0 (from boto3->-r requirements-dev.txt (line 8))
2025-08-21T07:46:39.5936000Z   Using cached s3transfer-0.13.1-py3-none-any.whl.metadata (1.7 kB)
2025-08-21T07:46:39.7996466Z Collecting fastapi-cli>=0.0.8 (from fastapi-cli[standard]>=0.0.8; extra == "all"->fastapi[all]->-r requirements-dev.txt (line 14))
2025-08-21T07:46:39.8007895Z   Using cached fastapi_cli-0.0.8-py3-none-any.whl.metadata (6.3 kB)
2025-08-21T07:46:39.8713916Z Collecting ujson!=4.0.2,!=4.1.0,!=4.2.0,!=4.3.0,!=5.0.0,!=5.1.0,>=4.0.1 (from fastapi[all]->-r requirements-dev.txt (line 14))
2025-08-21T07:46:39.8727168Z   Using cached ujson-5.11.0-cp312-cp312-manylinux_2_24_x86_64.manylinux_2_28_x86_64.whl.metadata (9.4 kB)
2025-08-21T07:46:40.0977628Z Collecting orjson>=3.2.1 (from fastapi[all]->-r requirements-dev.txt (line 14))
2025-08-21T07:46:40.0991412Z   Using cached orjson-3.11.2-cp312-cp312-manylinux_2_17_x86_64.manylinux2014_x86_64.whl.metadata (1.2 kB)
2025-08-21T07:46:40.1111390Z Collecting email-validator>=2.0.0 (from fastapi[all]->-r requirements-dev.txt (line 14))
2025-08-21T07:46:40.1123772Z   Using cached email_validator-2.2.0-py3-none-any.whl.metadata (25 kB)
2025-08-21T07:46:40.1398002Z Collecting uvicorn>=0.12.0 (from uvicorn[standard]>=0.12.0; extra == "all"->fastapi[all]->-r requirements-dev.txt (line 14))
2025-08-21T07:46:40.1409895Z   Using cached uvicorn-0.35.0-py3-none-any.whl.metadata (6.5 kB)
2025-08-21T07:46:40.1566115Z Collecting pydantic-settings>=2.0.0 (from fastapi[all]->-r requirements-dev.txt (line 14))
2025-08-21T07:46:40.1577704Z   Using cached pydantic_settings-2.10.1-py3-none-any.whl.metadata (3.4 kB)
2025-08-21T07:46:40.1699103Z Collecting pydantic-extra-types>=2.0.0 (from fastapi[all]->-r requirements-dev.txt (line 14))
2025-08-21T07:46:40.1710760Z   Using cached pydantic_extra_types-2.10.5-py3-none-any.whl.metadata (3.9 kB)
2025-08-21T07:46:40.2351058Z Collecting prompt-toolkit>=3.0.36 (from click-repl>=0.2.0->celery==5.5.3->-r requirements-dev.txt (line 12))
2025-08-21T07:46:40.2362910Z   Using cached prompt_toolkit-3.0.51-py3-none-any.whl.metadata (6.4 kB)
2025-08-21T07:46:40.2541166Z Collecting dnspython>=2.0.0 (from email-validator>=2.0.0->fastapi[all]->-r requirements-dev.txt (line 14))
2025-08-21T07:46:40.2553077Z   Using cached dnspython-2.7.0-py3-none-any.whl.metadata (5.8 kB)
2025-08-21T07:46:40.2830460Z Collecting typer>=0.15.1 (from fastapi-cli>=0.0.8->fastapi-cli[standard]>=0.0.8; extra == "all"->fastapi[all]->-r requirements-dev.txt (line 14))
2025-08-21T07:46:40.2842299Z   Using cached typer-0.16.1-py3-none-any.whl.metadata (15 kB)
2025-08-21T07:46:40.3094762Z Collecting rich-toolkit>=0.14.8 (from fastapi-cli>=0.0.8->fastapi-cli[standard]>=0.0.8; extra == "all"->fastapi[all]->-r requirements-dev.txt (line 14))
2025-08-21T07:46:40.3106551Z   Using cached rich_toolkit-0.15.0-py3-none-any.whl.metadata (1.0 kB)
2025-08-21T07:46:40.3215882Z Collecting fastapi-cloud-cli>=0.1.1 (from fastapi-cli[standard]>=0.0.8; extra == "all"->fastapi[all]->-r requirements-dev.txt (line 14))
2025-08-21T07:46:40.3227541Z   Using cached fastapi_cloud_cli-0.1.5-py3-none-any.whl.metadata (3.2 kB)
2025-08-21T07:46:40.3939560Z Collecting rignore>=0.5.1 (from fastapi-cloud-cli>=0.1.1->fastapi-cli[standard]>=0.0.8; extra == "all"->fastapi[all]->-r requirements-dev.txt (line 14))
2025-08-21T07:46:40.3952563Z   Using cached rignore-0.6.4-cp312-cp312-manylinux_2_17_x86_64.manylinux2014_x86_64.whl.metadata (3.8 kB)
2025-08-21T07:46:40.4595232Z Collecting sentry-sdk>=2.20.0 (from fastapi-cloud-cli>=0.1.1->fastapi-cli[standard]>=0.0.8; extra == "all"->fastapi[all]->-r requirements-dev.txt (line 14))
2025-08-21T07:46:40.4607562Z   Using cached sentry_sdk-2.35.0-py2.py3-none-any.whl.metadata (10 kB)
2025-08-21T07:46:40.5516344Z Collecting psutil>=4.0.0 (from mirakuru>=2.6.0->pytest-postgresql==7.0.2->-r requirements-dev.txt (line 30))
2025-08-21T07:46:40.5529113Z   Using cached psutil-7.0.0-cp36-abi3-manylinux_2_12_x86_64.manylinux2010_x86_64.manylinux_2_17_x86_64.manylinux2014_x86_64.whl.metadata (22 kB)
2025-08-21T07:46:40.5844892Z Collecting wcwidth (from prompt-toolkit>=3.0.36->click-repl>=0.2.0->celery==5.5.3->-r requirements-dev.txt (line 12))
2025-08-21T07:46:40.5856374Z   Using cached wcwidth-0.2.13-py2.py3-none-any.whl.metadata (14 kB)
2025-08-21T07:46:40.6770896Z Collecting rich>=13.7.1 (from rich-toolkit>=0.14.8->fastapi-cli>=0.0.8->fastapi-cli[standard]>=0.0.8; extra == "all"->fastapi[all]->-r requirements-dev.txt (line 14))
2025-08-21T07:46:40.6782501Z   Using cached rich-14.1.0-py3-none-any.whl.metadata (18 kB)
2025-08-21T07:46:40.6961936Z Collecting markdown-it-py>=2.2.0 (from rich>=13.7.1->rich-toolkit>=0.14.8->fastapi-cli>=0.0.8->fastapi-cli[standard]>=0.0.8; extra == "all"->fastapi[all]->-r requirements-dev.txt (line 14))
2025-08-21T07:46:40.6973320Z   Using cached markdown_it_py-4.0.0-py3-none-any.whl.metadata (7.3 kB)
2025-08-21T07:46:40.7164681Z Collecting mdurl~=0.1 (from markdown-it-py>=2.2.0->rich>=13.7.1->rich-toolkit>=0.14.8->fastapi-cli>=0.0.8->fastapi-cli[standard]>=0.0.8; extra == "all"->fastapi[all]->-r requirements-dev.txt (line 14))
2025-08-21T07:46:40.7176839Z   Using cached mdurl-0.1.2-py3-none-any.whl.metadata (1.6 kB)
2025-08-21T07:46:40.7786405Z Collecting shellingham>=1.3.0 (from typer>=0.15.1->fastapi-cli>=0.0.8->fastapi-cli[standard]>=0.0.8; extra == "all"->fastapi[all]->-r requirements-dev.txt (line 14))
2025-08-21T07:46:40.7798245Z   Using cached shellingham-1.5.4-py2.py3-none-any.whl.metadata (3.5 kB)
2025-08-21T07:46:40.8505983Z Collecting httptools>=0.6.3 (from uvicorn[standard]>=0.12.0; extra == "all"->fastapi[all]->-r requirements-dev.txt (line 14))
2025-08-21T07:46:40.8518455Z   Using cached httptools-0.6.4-cp312-cp312-manylinux_2_5_x86_64.manylinux1_x86_64.manylinux_2_17_x86_64.manylinux2014_x86_64.whl.metadata (3.6 kB)
2025-08-21T07:46:40.8916586Z Collecting uvloop>=0.15.1 (from uvicorn[standard]>=0.12.0; extra == "all"->fastapi[all]->-r requirements-dev.txt (line 14))
2025-08-21T07:46:40.8928624Z   Using cached uvloop-0.21.0-cp312-cp312-manylinux_2_17_x86_64.manylinux2014_x86_64.whl.metadata (4.9 kB)
2025-08-21T07:46:40.9607321Z Collecting watchfiles>=0.13 (from uvicorn[standard]>=0.12.0; extra == "all"->fastapi[all]->-r requirements-dev.txt (line 14))
2025-08-21T07:46:40.9620195Z   Using cached watchfiles-1.1.0-cp312-cp312-manylinux_2_17_x86_64.manylinux2014_x86_64.whl.metadata (4.9 kB)
2025-08-21T07:46:41.1610271Z Collecting websockets>=10.4 (from uvicorn[standard]>=0.12.0; extra == "all"->fastapi[all]->-r requirements-dev.txt (line 14))
2025-08-21T07:46:41.1624741Z   Using cached websockets-15.0.1-cp312-cp312-manylinux_2_5_x86_64.manylinux1_x86_64.manylinux_2_17_x86_64.manylinux2014_x86_64.whl.metadata (6.8 kB)
2025-08-21T07:46:41.2075595Z Collecting argon2-cffi-bindings (from argon2-cffi->minio==7.*->-r requirements-dev.txt (line 10))
2025-08-21T07:46:41.2087956Z   Using cached argon2_cffi_bindings-25.1.0-cp39-abi3-manylinux_2_26_x86_64.manylinux_2_28_x86_64.whl.metadata (7.4 kB)
2025-08-21T07:46:41.3101301Z Collecting cffi>=1.0.1 (from argon2-cffi-bindings->argon2-cffi->minio==7.*->-r requirements-dev.txt (line 10))
2025-08-21T07:46:41.3115256Z   Using cached cffi-1.17.1-cp312-cp312-manylinux_2_17_x86_64.manylinux2014_x86_64.whl.metadata (1.5 kB)
2025-08-21T07:46:41.3240536Z Collecting pycparser (from cffi>=1.0.1->argon2-cffi-bindings->argon2-cffi->minio==7.*->-r requirements-dev.txt (line 10))
2025-08-21T07:46:41.3251956Z   Using cached pycparser-2.22-py3-none-any.whl.metadata (943 bytes)
2025-08-21T07:46:41.3889371Z Using cached jinja2-3.1.6-py3-none-any.whl (134 kB)
2025-08-21T07:46:41.3901700Z Using cached alembic-1.16.4-py3-none-any.whl (247 kB)
2025-08-21T07:46:41.3914712Z Using cached APScheduler-3.10.4-py3-none-any.whl (59 kB)
2025-08-21T07:46:41.3926063Z Using cached asgi_correlation_id-4.3.1-py3-none-any.whl (15 kB)
2025-08-21T07:46:41.3937551Z Using cached asyncpg-0.30.0-cp312-cp312-manylinux_2_17_x86_64.manylinux2014_x86_64.whl (3.6 MB)
2025-08-21T07:46:41.3974697Z Using cached black-25.1.0-cp312-cp312-manylinux_2_17_x86_64.manylinux2014_x86_64.manylinux_2_28_x86_64.whl (1.8 MB)
2025-08-21T07:46:41.3998508Z Using cached vulture-2.10-py2.py3-none-any.whl (27 kB)
2025-08-21T07:46:41.4009843Z Using cached celery-5.5.3-py3-none-any.whl (438 kB)
2025-08-21T07:46:41.4024665Z Using cached fastapi-0.116.1-py3-none-any.whl (95 kB)
2025-08-21T07:46:41.4036383Z Using cached pydantic-2.11.7-py3-none-any.whl (444 kB)
2025-08-21T07:46:41.4050348Z Using cached fastapi_limiter-0.1.6-py3-none-any.whl (15 kB)
2025-08-21T07:46:41.4061641Z Using cached IMAPClient-3.0.1-py2.py3-none-any.whl (182 kB)
2025-08-21T07:46:41.4074190Z Using cached mypy_extensions-1.1.0-py3-none-any.whl (5.0 kB)
2025-08-21T07:46:41.4085297Z Using cached openpyxl-3.1.5-py2.py3-none-any.whl (250 kB)
2025-08-21T07:46:41.4098514Z Using cached psycopg2_binary-2.9.10-cp312-cp312-manylinux_2_17_x86_64.manylinux2014_x86_64.whl (3.0 MB)
2025-08-21T07:46:41.4131262Z Using cached psycopg-3.2.9-py3-none-any.whl (202 kB)
2025-08-21T07:46:41.4143590Z Using cached pytest_asyncio-1.1.0-py3-none-any.whl (15 kB)
2025-08-21T07:46:41.4154888Z Using cached pytest_cov-6.2.1-py3-none-any.whl (24 kB)
2025-08-21T07:46:41.4166351Z Using cached pytest_postgresql-7.0.2-py3-none-any.whl (41 kB)
2025-08-21T07:46:41.4177790Z Using cached python_telegram_bot-22.3-py3-none-any.whl (717 kB)
2025-08-21T07:46:41.4193794Z Using cached requests-2.32.4-py3-none-any.whl (64 kB)
2025-08-21T07:46:41.4205806Z Using cached respx-0.22.0-py2.py3-none-any.whl (25 kB)
2025-08-21T07:46:41.4217612Z Using cached ruff-0.9.9-py3-none-manylinux_2_17_x86_64.manylinux2014_x86_64.whl (11.2 MB)
2025-08-21T07:46:41.4308373Z Using cached sqlalchemy-2.0.43-cp312-cp312-manylinux_2_17_x86_64.manylinux2014_x86_64.whl (3.3 MB)
2025-08-21T07:46:41.4343221Z Using cached structlog-24.1.0-py3-none-any.whl (65 kB)
2025-08-21T07:46:41.4354795Z Using cached testcontainers-4.12.0-py3-none-any.whl (111 kB)
2025-08-21T07:46:41.4366777Z Using cached types_requests-2.32.4.20250809-py3-none-any.whl (20 kB)
2025-08-21T07:46:41.4377988Z Using cached docspec_python-2.2.2-py3-none-any.whl (15 kB)
2025-08-21T07:46:41.4389218Z Using cached pydoc_markdown-4.8.2-py3-none-any.whl (67 kB)
2025-08-21T07:46:41.4400567Z Using cached docspec-2.2.1-py3-none-any.whl (9.8 kB)
2025-08-21T07:46:41.4412429Z Using cached psycopg_binary-3.2.9-cp312-cp312-manylinux_2_17_x86_64.manylinux2014_x86_64.whl (4.4 MB)
2025-08-21T07:46:41.4454980Z Using cached pydantic_core-2.33.2-cp312-cp312-manylinux_2_17_x86_64.manylinux2014_x86_64.whl (2.0 MB)
2025-08-21T07:46:41.4480336Z Using cached redis-6.4.0-py3-none-any.whl (279 kB)
2025-08-21T07:46:41.4493235Z Using cached minio-7.2.16-py3-none-any.whl (95 kB)
2025-08-21T07:46:41.4504977Z Using cached httpx-0.28.1-py3-none-any.whl (73 kB)
2025-08-21T07:46:41.4517210Z Using cached mypy-1.17.1-cp312-cp312-manylinux2014_x86_64.manylinux_2_17_x86_64.manylinux_2_28_x86_64.whl (12.7 MB)
2025-08-21T07:46:41.4619738Z Using cached numpy-1.26.4-cp312-cp312-manylinux_2_17_x86_64.manylinux2014_x86_64.whl (18.0 MB)
2025-08-21T07:46:41.4757571Z Using cached pandas-2.2.3-cp312-cp312-manylinux_2_17_x86_64.manylinux2014_x86_64.whl (12.7 MB)
2025-08-21T07:46:41.4858641Z Using cached pandera-0.19.3-py3-none-any.whl (251 kB)
2025-08-21T07:46:41.4871366Z Using cached billiard-4.2.1-py3-none-any.whl (86 kB)
2025-08-21T07:46:41.4883872Z Using cached charset_normalizer-3.4.3-cp312-cp312-manylinux2014_x86_64.manylinux_2_17_x86_64.manylinux_2_28_x86_64.whl (151 kB)
2025-08-21T07:46:41.4896033Z Using cached click-8.2.1-py3-none-any.whl (102 kB)
2025-08-21T07:46:41.4908041Z Using cached databind.core-4.5.2-py3-none-any.whl (1.5 kB)
2025-08-21T07:46:41.4919458Z Using cached databind-4.5.2-py3-none-any.whl (49 kB)
2025-08-21T07:46:41.4930968Z Using cached databind.json-4.5.2-py3-none-any.whl (1.5 kB)
2025-08-21T07:46:41.4942243Z Using cached Deprecated-1.2.18-py2.py3-none-any.whl (10.0 kB)
2025-08-21T07:46:41.4953767Z Using cached httpcore-1.0.9-py3-none-any.whl (78 kB)
2025-08-21T07:46:41.4965614Z Using cached idna-3.10-py3-none-any.whl (70 kB)
2025-08-21T07:46:41.4977234Z Using cached kombu-5.5.4-py3-none-any.whl (210 kB)
2025-08-21T07:46:41.4989641Z Using cached vine-5.1.0-py3-none-any.whl (9.6 kB)
2025-08-21T07:46:41.5000799Z Using cached amqp-5.3.1-py3-none-any.whl (50 kB)
2025-08-21T07:46:41.5012133Z Using cached multimethod-1.10-py3-none-any.whl (9.9 kB)
2025-08-21T07:46:41.5023082Z Using cached nr_date-2.1.0-py3-none-any.whl (10 kB)
2025-08-21T07:46:41.5034317Z Using cached nr_stream-1.1.5-py3-none-any.whl (10 kB)
2025-08-21T07:46:41.5045621Z Using cached nr.util-0.8.12-py3-none-any.whl (90 kB)
2025-08-21T07:46:41.5057662Z Using cached pytest-8.4.1-py3-none-any.whl (365 kB)
2025-08-21T07:46:41.5071446Z Using cached pluggy-1.6.0-py3-none-any.whl (20 kB)
2025-08-21T07:46:41.5083163Z Using cached PyYAML-6.0.2-cp312-cp312-manylinux_2_17_x86_64.manylinux2014_x86_64.whl (767 kB)
2025-08-21T07:46:41.5099790Z Using cached starlette-0.47.2-py3-none-any.whl (72 kB)
2025-08-21T07:46:41.5111442Z Using cached anyio-4.10.0-py3-none-any.whl (107 kB)
2025-08-21T07:46:41.5123713Z Using cached tomli-2.2.1-cp312-cp312-manylinux_2_17_x86_64.manylinux2014_x86_64.whl (242 kB)
2025-08-21T07:46:41.5136519Z Using cached tomli_w-1.2.0-py3-none-any.whl (6.7 kB)
2025-08-21T07:46:41.5147591Z Using cached typeapi-2.2.4-py3-none-any.whl (26 kB)
2025-08-21T07:46:41.5159095Z Using cached typing_extensions-4.14.1-py3-none-any.whl (43 kB)
2025-08-21T07:46:41.5170649Z Using cached urllib3-2.5.0-py3-none-any.whl (129 kB)
2025-08-21T07:46:41.5183042Z Using cached wrapt-1.17.3-cp312-cp312-manylinux1_x86_64.manylinux_2_28_x86_64.manylinux_2_5_x86_64.whl (88 kB)
2025-08-21T07:46:41.5194644Z Using cached boto3-1.40.14-py3-none-any.whl (140 kB)
2025-08-21T07:46:41.5206805Z Using cached botocore-1.40.14-py3-none-any.whl (14.0 MB)
2025-08-21T07:46:41.5316255Z Using cached jmespath-1.0.1-py3-none-any.whl (20 kB)
2025-08-21T07:46:41.5327796Z Using cached python_dateutil-2.9.0.post0-py2.py3-none-any.whl (229 kB)
2025-08-21T07:46:41.5340495Z Using cached s3transfer-0.13.1-py3-none-any.whl (85 kB)
2025-08-21T07:46:41.5352238Z Using cached itsdangerous-2.2.0-py3-none-any.whl (16 kB)
2025-08-21T07:46:41.5364289Z Using cached setuptools-80.9.0-py3-none-any.whl (1.2 MB)
2025-08-21T07:46:41.5384140Z Using cached python_dotenv-1.1.1-py3-none-any.whl (20 kB)
2025-08-21T07:46:41.5395746Z Using cached python_multipart-0.0.20-py3-none-any.whl (24 kB)
2025-08-21T07:46:41.5407090Z Using cached annotated_types-0.7.0-py3-none-any.whl (13 kB)
2025-08-21T07:46:41.5418499Z Using cached certifi-2025.8.3-py3-none-any.whl (161 kB)
2025-08-21T07:46:41.5430606Z Using cached click_didyoumean-0.3.1-py3-none-any.whl (3.6 kB)
2025-08-21T07:46:41.5442464Z Using cached click_plugins-1.1.1.2-py2.py3-none-any.whl (11 kB)
2025-08-21T07:46:41.5453388Z Using cached click_repl-0.3.0-py3-none-any.whl (10 kB)
2025-08-21T07:46:41.5465152Z Using cached coverage-7.10.4-cp312-cp312-manylinux1_x86_64.manylinux_2_28_x86_64.manylinux_2_5_x86_64.whl (251 kB)
2025-08-21T07:46:41.5477762Z Using cached email_validator-2.2.0-py3-none-any.whl (33 kB)
2025-08-21T07:46:41.5489303Z Using cached dnspython-2.7.0-py3-none-any.whl (313 kB)
2025-08-21T07:46:41.5502586Z Using cached fastapi_cli-0.0.8-py3-none-any.whl (10 kB)
2025-08-21T07:46:41.5513788Z Using cached fastapi_cloud_cli-0.1.5-py3-none-any.whl (18 kB)
2025-08-21T07:46:41.5525468Z Using cached greenlet-3.2.4-cp312-cp312-manylinux_2_24_x86_64.manylinux_2_28_x86_64.whl (607 kB)
2025-08-21T07:46:41.5540806Z Using cached h11-0.16.0-py3-none-any.whl (37 kB)
2025-08-21T07:46:41.5552147Z Using cached iniconfig-2.1.0-py3-none-any.whl (6.0 kB)
2025-08-21T07:46:41.5564047Z Using cached MarkupSafe-3.0.2-cp312-cp312-manylinux_2_17_x86_64.manylinux2014_x86_64.whl (23 kB)
2025-08-21T07:46:41.5575433Z Using cached mirakuru-2.6.1-py3-none-any.whl (26 kB)
2025-08-21T07:46:41.5586984Z Using cached orjson-3.11.2-cp312-cp312-manylinux_2_17_x86_64.manylinux2014_x86_64.whl (121 kB)
2025-08-21T07:46:41.5598760Z Using cached packaging-25.0-py3-none-any.whl (66 kB)
2025-08-21T07:46:41.5610410Z Using cached pathspec-0.12.1-py3-none-any.whl (31 kB)
2025-08-21T07:46:41.5621648Z Using cached platformdirs-4.3.8-py3-none-any.whl (18 kB)
2025-08-21T07:46:41.5632695Z Using cached port_for-0.7.4-py3-none-any.whl (21 kB)
2025-08-21T07:46:41.5644010Z Using cached prompt_toolkit-3.0.51-py3-none-any.whl (387 kB)
2025-08-21T07:46:41.5658765Z Using cached psutil-7.0.0-cp36-abi3-manylinux_2_12_x86_64.manylinux2010_x86_64.manylinux_2_17_x86_64.manylinux2014_x86_64.whl (277 kB)
2025-08-21T07:46:41.5671728Z Using cached pydantic_extra_types-2.10.5-py3-none-any.whl (38 kB)
2025-08-21T07:46:41.5683281Z Using cached pydantic_settings-2.10.1-py3-none-any.whl (45 kB)
2025-08-21T07:46:41.5694912Z Using cached pygments-2.19.2-py3-none-any.whl (1.2 MB)
2025-08-21T07:46:41.5715340Z Using cached pytz-2025.2-py2.py3-none-any.whl (509 kB)
2025-08-21T07:46:41.5732037Z Using cached rich_toolkit-0.15.0-py3-none-any.whl (29 kB)
2025-08-21T07:46:41.5743392Z Using cached rich-14.1.0-py3-none-any.whl (243 kB)
2025-08-21T07:46:41.5756403Z Using cached markdown_it_py-4.0.0-py3-none-any.whl (87 kB)
2025-08-21T07:46:41.5768027Z Using cached mdurl-0.1.2-py3-none-any.whl (10.0 kB)
2025-08-21T07:46:41.5779665Z Using cached rignore-0.6.4-cp312-cp312-manylinux_2_17_x86_64.manylinux2014_x86_64.whl (949 kB)
2025-08-21T07:46:41.5797419Z Using cached sentry_sdk-2.35.0-py2.py3-none-any.whl (363 kB)
2025-08-21T07:46:41.5811065Z Using cached six-1.17.0-py2.py3-none-any.whl (11 kB)
2025-08-21T07:46:41.5822367Z Using cached sniffio-1.3.1-py3-none-any.whl (10 kB)
2025-08-21T07:46:41.5833396Z Using cached typer-0.16.1-py3-none-any.whl (46 kB)
2025-08-21T07:46:41.5845080Z Using cached shellingham-1.5.4-py2.py3-none-any.whl (9.8 kB)
2025-08-21T07:46:41.5856155Z Using cached typing_inspect-0.9.0-py3-none-any.whl (8.8 kB)
2025-08-21T07:46:41.5867451Z Using cached typing_inspection-0.4.1-py3-none-any.whl (14 kB)
2025-08-21T07:46:41.5878792Z Using cached tzdata-2025.2-py2.py3-none-any.whl (347 kB)
2025-08-21T07:46:41.5892355Z Using cached tzlocal-5.3.1-py3-none-any.whl (18 kB)
2025-08-21T07:46:41.5903890Z Using cached ujson-5.11.0-cp312-cp312-manylinux_2_24_x86_64.manylinux_2_28_x86_64.whl (57 kB)
2025-08-21T07:46:41.5915475Z Using cached uvicorn-0.35.0-py3-none-any.whl (66 kB)
2025-08-21T07:46:41.5927703Z Using cached httptools-0.6.4-cp312-cp312-manylinux_2_5_x86_64.manylinux1_x86_64.manylinux_2_17_x86_64.manylinux2014_x86_64.whl (510 kB)
2025-08-21T07:46:41.5942347Z Using cached uvloop-0.21.0-cp312-cp312-manylinux_2_17_x86_64.manylinux2014_x86_64.whl (4.7 MB)
2025-08-21T07:46:41.5986978Z Using cached watchfiles-1.1.0-cp312-cp312-manylinux_2_17_x86_64.manylinux2014_x86_64.whl (452 kB)
2025-08-21T07:46:41.6002303Z Using cached websockets-15.0.1-cp312-cp312-manylinux_2_5_x86_64.manylinux1_x86_64.manylinux_2_17_x86_64.manylinux2014_x86_64.whl (182 kB)
2025-08-21T07:46:41.6014236Z Using cached yapf-0.43.0-py3-none-any.whl (256 kB)
2025-08-21T07:46:41.6027240Z Using cached argon2_cffi-25.1.0-py3-none-any.whl (14 kB)
2025-08-21T07:46:41.6039048Z Using cached argon2_cffi_bindings-25.1.0-cp39-abi3-manylinux_2_26_x86_64.manylinux_2_28_x86_64.whl (87 kB)
2025-08-21T07:46:41.6050985Z Using cached cffi-1.17.1-cp312-cp312-manylinux_2_17_x86_64.manylinux2014_x86_64.whl (479 kB)
2025-08-21T07:46:41.6065278Z Using cached docker-7.1.0-py3-none-any.whl (147 kB)
2025-08-21T07:46:41.6077571Z Using cached et_xmlfile-2.0.0-py3-none-any.whl (18 kB)
2025-08-21T07:46:41.6088731Z Using cached mako-1.3.10-py3-none-any.whl (78 kB)
2025-08-21T07:46:41.6100384Z Using cached pycparser-2.22-py3-none-any.whl (117 kB)
2025-08-21T07:46:41.6112862Z Using cached pycryptodome-3.23.0-cp37-abi3-manylinux_2_17_x86_64.manylinux2014_x86_64.whl (2.3 MB)
2025-08-21T07:46:41.6139884Z Using cached toml-0.10.2-py2.py3-none-any.whl (16 kB)
2025-08-21T07:46:41.6150941Z Using cached typeguard-4.4.4-py3-none-any.whl (34 kB)
2025-08-21T07:46:41.6162289Z Using cached watchdog-6.0.0-py3-none-manylinux2014_x86_64.whl (79 kB)
2025-08-21T07:46:41.6173857Z Using cached wcwidth-0.2.13-py2.py3-none-any.whl (34 kB)
2025-08-21T07:46:42.0942319Z Installing collected packages: wcwidth, pytz, wrapt, websockets, watchdog, vine, uvloop, urllib3, ujson, tzlocal, tzdata, typing-extensions, tomli_w, tomli, toml, structlog, sniffio, six, shellingham, setuptools, ruff, rignore, redis, PyYAML, python-multipart, python-dotenv, pygments, pycryptodome, pycparser, psycopg2-binary, psycopg-binary, psutil, prompt-toolkit, port-for, pluggy, platformdirs, pathspec, packaging, orjson, numpy, nr-stream, nr-date, mypy-extensions, multimethod, mdurl, MarkupSafe, jmespath, itsdangerous, iniconfig, imapclient, idna, httptools, h11, greenlet, et-xmlfile, docstring-parser, dnspython, coverage, click, charset_normalizer, certifi, billiard, asyncpg, annotated-types, yapf, vulture, uvicorn, typing-inspection, typing-inspect, types-requests, typeguard, typeapi, sqlalchemy, sentry-sdk, requests, python-dateutil, pytest, pydantic-core, psycopg, openpyxl, mypy, mirakuru, markdown-it-py, Mako, Jinja2, httpcore, email-validator, Deprecated, click-repl, click-plugins, click-didyoumean, cffi, black, apscheduler, anyio, amqp, watchfiles, starlette, rich, pytest-postgresql, pytest-cov, pytest-asyncio, pydantic, pandas, nr-util, kombu, httpx, docker, databind, botocore, argon2-cffi-bindings, alembic, typer, testcontainers, s3transfer, rich-toolkit, respx, python-telegram-bot, pydantic-settings, pydantic-extra-types, pandera, fastapi, databind.json, databind.core, celery, asgi-correlation-id, argon2-cffi, minio, fastapi-limiter, fastapi-cloud-cli, fastapi-cli, docspec, boto3, docspec-python, pydoc-markdown
2025-08-21T07:47:01.5790313Z 
2025-08-21T07:47:01.5915817Z Successfully installed Deprecated-1.2.18 Jinja2-3.1.6 Mako-1.3.10 MarkupSafe-3.0.2 PyYAML-6.0.2 alembic-1.16.4 amqp-5.3.1 annotated-types-0.7.0 anyio-4.10.0 apscheduler-3.10.4 argon2-cffi-25.1.0 argon2-cffi-bindings-25.1.0 asgi-correlation-id-4.3.1 asyncpg-0.30.0 billiard-4.2.1 black-25.1.0 boto3-1.40.14 botocore-1.40.14 celery-5.5.3 certifi-2025.8.3 cffi-1.17.1 charset_normalizer-3.4.3 click-8.2.1 click-didyoumean-0.3.1 click-plugins-1.1.1.2 click-repl-0.3.0 coverage-7.10.4 databind-4.5.2 databind.core-4.5.2 databind.json-4.5.2 dnspython-2.7.0 docker-7.1.0 docspec-2.2.1 docspec-python-2.2.2 docstring-parser-0.11 email-validator-2.2.0 et-xmlfile-2.0.0 fastapi-0.116.1 fastapi-cli-0.0.8 fastapi-cloud-cli-0.1.5 fastapi-limiter-0.1.6 greenlet-3.2.4 h11-0.16.0 httpcore-1.0.9 httptools-0.6.4 httpx-0.28.1 idna-3.10 imapclient-3.0.1 iniconfig-2.1.0 itsdangerous-2.2.0 jmespath-1.0.1 kombu-5.5.4 markdown-it-py-4.0.0 mdurl-0.1.2 minio-7.2.16 mirakuru-2.6.1 multimethod-1.10 mypy-1.17.1 mypy-extensions-1.1.0 nr-date-2.1.0 nr-stream-1.1.5 nr-util-0.8.12 numpy-1.26.4 openpyxl-3.1.5 orjson-3.11.2 packaging-25.0 pandas-2.2.3 pandera-0.19.3 pathspec-0.12.1 platformdirs-4.3.8 pluggy-1.6.0 port-for-0.7.4 prompt-toolkit-3.0.51 psutil-7.0.0 psycopg-3.2.9 psycopg-binary-3.2.9 psycopg2-binary-2.9.10 pycparser-2.22 pycryptodome-3.23.0 pydantic-2.11.7 pydantic-core-2.33.2 pydantic-extra-types-2.10.5 pydantic-settings-2.10.1 pydoc-markdown-4.8.2 pygments-2.19.2 pytest-8.4.1 pytest-asyncio-1.1.0 pytest-cov-6.2.1 pytest-postgresql-7.0.2 python-dateutil-2.9.0.post0 python-dotenv-1.1.1 python-multipart-0.0.20 python-telegram-bot-22.3 pytz-2025.2 redis-6.4.0 requests-2.32.4 respx-0.22.0 rich-14.1.0 rich-toolkit-0.15.0 rignore-0.6.4 ruff-0.9.9 s3transfer-0.13.1 sentry-sdk-2.35.0 setuptools-80.9.0 shellingham-1.5.4 six-1.17.0 sniffio-1.3.1 sqlalchemy-2.0.43 starlette-0.47.2 structlog-24.1.0 testcontainers-4.12.0 toml-0.10.2 tomli-2.2.1 tomli_w-1.2.0 typeapi-2.2.4 typeguard-4.4.4 typer-0.16.1 types-requests-2.32.4.20250809 typing-extensions-4.14.1 typing-inspect-0.9.0 typing-inspection-0.4.1 tzdata-2025.2 tzlocal-5.3.1 ujson-5.11.0 urllib3-2.5.0 uvicorn-0.35.0 uvloop-0.21.0 vine-5.1.0 vulture-2.10 watchdog-6.0.0 watchfiles-1.1.0 wcwidth-0.2.13 websockets-15.0.1 wrapt-1.17.3 yapf-0.43.0
2025-08-21T07:47:03.0107806Z Collecting keepa==1.3.15
2025-08-21T07:47:03.0122448Z   Using cached keepa-1.3.15-py3-none-any.whl.metadata (11 kB)
2025-08-21T07:47:03.0521062Z Collecting minio==7.1.15
2025-08-21T07:47:03.0533839Z   Using cached minio-7.1.15-py3-none-any.whl.metadata (4.2 kB)
2025-08-21T07:47:03.0562937Z Requirement already satisfied: numpy>=1.9.3 in /opt/hostedtoolcache/Python/3.12.11/x64/lib/python3.12/site-packages (from keepa==1.3.15) (1.26.4)
2025-08-21T07:47:03.0568376Z Requirement already satisfied: requests>=2.2 in /opt/hostedtoolcache/Python/3.12.11/x64/lib/python3.12/site-packages (from keepa==1.3.15) (2.32.4)
2025-08-21T07:47:03.1281650Z Collecting tqdm (from keepa==1.3.15)
2025-08-21T07:47:03.1294833Z   Using cached tqdm-4.67.1-py3-none-any.whl.metadata (57 kB)
2025-08-21T07:47:03.6374360Z Collecting aiohttp (from keepa==1.3.15)
2025-08-21T07:47:03.6388094Z   Using cached aiohttp-3.12.15-cp312-cp312-manylinux_2_17_x86_64.manylinux2014_x86_64.whl.metadata (7.7 kB)
2025-08-21T07:47:03.6425419Z Requirement already satisfied: pandas<=3.0 in /opt/hostedtoolcache/Python/3.12.11/x64/lib/python3.12/site-packages (from keepa==1.3.15) (2.2.3)
2025-08-21T07:47:03.6429610Z Requirement already satisfied: pydantic in /opt/hostedtoolcache/Python/3.12.11/x64/lib/python3.12/site-packages (from keepa==1.3.15) (2.11.7)
2025-08-21T07:47:03.6438998Z Requirement already satisfied: certifi in /opt/hostedtoolcache/Python/3.12.11/x64/lib/python3.12/site-packages (from minio==7.1.15) (2025.8.3)
2025-08-21T07:47:03.6442915Z Requirement already satisfied: urllib3 in /opt/hostedtoolcache/Python/3.12.11/x64/lib/python3.12/site-packages (from minio==7.1.15) (2.5.0)
2025-08-21T07:47:03.6500226Z Requirement already satisfied: python-dateutil>=2.8.2 in /opt/hostedtoolcache/Python/3.12.11/x64/lib/python3.12/site-packages (from pandas<=3.0->keepa==1.3.15) (2.9.0.post0)
2025-08-21T07:47:03.6505552Z Requirement already satisfied: pytz>=2020.1 in /opt/hostedtoolcache/Python/3.12.11/x64/lib/python3.12/site-packages (from pandas<=3.0->keepa==1.3.15) (2025.2)
2025-08-21T07:47:03.6510324Z Requirement already satisfied: tzdata>=2022.7 in /opt/hostedtoolcache/Python/3.12.11/x64/lib/python3.12/site-packages (from pandas<=3.0->keepa==1.3.15) (2025.2)
2025-08-21T07:47:03.6637291Z Requirement already satisfied: six>=1.5 in /opt/hostedtoolcache/Python/3.12.11/x64/lib/python3.12/site-packages (from python-dateutil>=2.8.2->pandas<=3.0->keepa==1.3.15) (1.17.0)
2025-08-21T07:47:03.6656572Z Requirement already satisfied: charset_normalizer<4,>=2 in /opt/hostedtoolcache/Python/3.12.11/x64/lib/python3.12/site-packages (from requests>=2.2->keepa==1.3.15) (3.4.3)
2025-08-21T07:47:03.6662872Z Requirement already satisfied: idna<4,>=2.5 in /opt/hostedtoolcache/Python/3.12.11/x64/lib/python3.12/site-packages (from requests>=2.2->keepa==1.3.15) (3.10)
2025-08-21T07:47:03.9571991Z Collecting aiohappyeyeballs>=2.5.0 (from aiohttp->keepa==1.3.15)
2025-08-21T07:47:03.9584221Z   Using cached aiohappyeyeballs-2.6.1-py3-none-any.whl.metadata (5.9 kB)
2025-08-21T07:47:03.9699501Z Collecting aiosignal>=1.4.0 (from aiohttp->keepa==1.3.15)
2025-08-21T07:47:03.9710874Z   Using cached aiosignal-1.4.0-py3-none-any.whl.metadata (3.7 kB)
2025-08-21T07:47:03.9873226Z Collecting attrs>=17.3.0 (from aiohttp->keepa==1.3.15)
2025-08-21T07:47:03.9884545Z   Using cached attrs-25.3.0-py3-none-any.whl.metadata (10 kB)
2025-08-21T07:47:04.0622503Z Collecting frozenlist>=1.1.1 (from aiohttp->keepa==1.3.15)
2025-08-21T07:47:04.0636617Z   Using cached frozenlist-1.7.0-cp312-cp312-manylinux_2_5_x86_64.manylinux1_x86_64.manylinux_2_17_x86_64.manylinux2014_x86_64.whl.metadata (18 kB)
2025-08-21T07:47:04.3030402Z Collecting multidict<7.0,>=4.5 (from aiohttp->keepa==1.3.15)
2025-08-21T07:47:04.3044824Z   Using cached multidict-6.6.4-cp312-cp312-manylinux2014_x86_64.manylinux_2_17_x86_64.manylinux_2_28_x86_64.whl.metadata (5.3 kB)
2025-08-21T07:47:04.3450158Z Collecting propcache>=0.2.0 (from aiohttp->keepa==1.3.15)
2025-08-21T07:47:04.3464069Z   Using cached propcache-0.3.2-cp312-cp312-manylinux_2_17_x86_64.manylinux2014_x86_64.whl.metadata (12 kB)
2025-08-21T07:47:04.5838658Z Collecting yarl<2.0,>=1.17.0 (from aiohttp->keepa==1.3.15)
2025-08-21T07:47:04.5852676Z   Using cached yarl-1.20.1-cp312-cp312-manylinux_2_17_x86_64.manylinux2014_x86_64.whl.metadata (73 kB)
2025-08-21T07:47:04.6078064Z Requirement already satisfied: typing-extensions>=4.2 in /opt/hostedtoolcache/Python/3.12.11/x64/lib/python3.12/site-packages (from aiosignal>=1.4.0->aiohttp->keepa==1.3.15) (4.14.1)
2025-08-21T07:47:04.6127248Z Requirement already satisfied: annotated-types>=0.6.0 in /opt/hostedtoolcache/Python/3.12.11/x64/lib/python3.12/site-packages (from pydantic->keepa==1.3.15) (0.7.0)
2025-08-21T07:47:04.6133106Z Requirement already satisfied: pydantic-core==2.33.2 in /opt/hostedtoolcache/Python/3.12.11/x64/lib/python3.12/site-packages (from pydantic->keepa==1.3.15) (2.33.2)
2025-08-21T07:47:04.6140920Z Requirement already satisfied: typing-inspection>=0.4.0 in /opt/hostedtoolcache/Python/3.12.11/x64/lib/python3.12/site-packages (from pydantic->keepa==1.3.15) (0.4.1)
2025-08-21T07:47:04.6201417Z Using cached keepa-1.3.15-py3-none-any.whl (38 kB)
2025-08-21T07:47:04.6212783Z Using cached minio-7.1.15-py3-none-any.whl (77 kB)
2025-08-21T07:47:04.6225005Z Using cached aiohttp-3.12.15-cp312-cp312-manylinux_2_17_x86_64.manylinux2014_x86_64.whl (1.7 MB)
2025-08-21T07:47:04.6248957Z Using cached multidict-6.6.4-cp312-cp312-manylinux2014_x86_64.manylinux_2_17_x86_64.manylinux_2_28_x86_64.whl (256 kB)
2025-08-21T07:47:04.6261544Z Using cached yarl-1.20.1-cp312-cp312-manylinux_2_17_x86_64.manylinux2014_x86_64.whl (355 kB)
2025-08-21T07:47:04.6275081Z Using cached aiohappyeyeballs-2.6.1-py3-none-any.whl (15 kB)
2025-08-21T07:47:04.6286433Z Using cached aiosignal-1.4.0-py3-none-any.whl (7.5 kB)
2025-08-21T07:47:04.6297446Z Using cached attrs-25.3.0-py3-none-any.whl (63 kB)
2025-08-21T07:47:04.6309373Z Using cached frozenlist-1.7.0-cp312-cp312-manylinux_2_5_x86_64.manylinux1_x86_64.manylinux_2_17_x86_64.manylinux2014_x86_64.whl (241 kB)
2025-08-21T07:47:04.6322010Z Using cached propcache-0.3.2-cp312-cp312-manylinux_2_17_x86_64.manylinux2014_x86_64.whl (224 kB)
2025-08-21T07:47:04.6334243Z Using cached tqdm-4.67.1-py3-none-any.whl (78 kB)
2025-08-21T07:47:04.8137517Z Installing collected packages: tqdm, propcache, multidict, minio, frozenlist, attrs, aiohappyeyeballs, yarl, aiosignal, aiohttp, keepa
2025-08-21T07:47:04.8878762Z   Attempting uninstall: minio
2025-08-21T07:47:04.8927865Z     Found existing installation: minio 7.2.16
2025-08-21T07:47:04.8965032Z     Uninstalling minio-7.2.16:
2025-08-21T07:47:04.8975334Z       Successfully uninstalled minio-7.2.16
2025-08-21T07:47:05.2600852Z 
2025-08-21T07:47:05.2715646Z Successfully installed aiohappyeyeballs-2.6.1 aiohttp-3.12.15 aiosignal-1.4.0 attrs-25.3.0 frozenlist-1.7.0 keepa-1.3.15 minio-7.1.15 multidict-6.6.4 propcache-0.3.2 tqdm-4.67.1 yarl-1.20.1
2025-08-21T07:47:05.4513138Z ##[group]Run for i in {1..30}; do pg_isready -h "$PG_HOST" -p "$PG_PORT" -U "$PG_USER" -d "$PG_DATABASE" && break; sleep 1; done
2025-08-21T07:47:05.4513781Z [36;1mfor i in {1..30}; do pg_isready -h "$PG_HOST" -p "$PG_PORT" -U "$PG_USER" -d "$PG_DATABASE" && break; sleep 1; done[0m
2025-08-21T07:47:05.4554772Z shell: /usr/bin/bash -e {0}
2025-08-21T07:47:05.4555114Z env:
2025-08-21T07:47:05.4555336Z   REDIS_URL: redis://localhost:6379/0
2025-08-21T07:47:05.4555601Z   RATE_LIMIT_DEFAULT: 100/minute
2025-08-21T07:47:05.4555830Z   TRUST_X_FORWARDED: 1
2025-08-21T07:47:05.4556019Z   PG_USER: postgres
2025-08-21T07:47:05.4556206Z   PG_PASSWORD: pass
2025-08-21T07:47:05.4556384Z   PG_DATABASE: awa
2025-08-21T07:47:05.4556570Z   PG_HOST: localhost
2025-08-21T07:47:05.4556754Z   PG_PORT: 5432
2025-08-21T07:47:05.4557190Z   PG_SYNC_DSN: ***localhost:5432/awa
2025-08-21T07:47:05.4557791Z   PG_ASYNC_DSN: ***localhost:5432/awa
2025-08-21T07:47:05.4558195Z   DATABASE_URL: ***localhost:5432/awa
2025-08-21T07:47:05.4558426Z   DATA_DIR: /tmp/awa-data
2025-08-21T07:47:05.4558625Z   ENABLE_LIVE: 0
2025-08-21T07:47:05.4558797Z   TESTING: 1
2025-08-21T07:47:05.4559023Z   pythonLocation: /opt/hostedtoolcache/Python/3.12.11/x64
2025-08-21T07:47:05.4559403Z   PKG_CONFIG_PATH: /opt/hostedtoolcache/Python/3.12.11/x64/lib/pkgconfig
2025-08-21T07:47:05.4559778Z   Python_ROOT_DIR: /opt/hostedtoolcache/Python/3.12.11/x64
2025-08-21T07:47:05.4560117Z   Python2_ROOT_DIR: /opt/hostedtoolcache/Python/3.12.11/x64
2025-08-21T07:47:05.4560449Z   Python3_ROOT_DIR: /opt/hostedtoolcache/Python/3.12.11/x64
2025-08-21T07:47:05.4560787Z   LD_LIBRARY_PATH: /opt/hostedtoolcache/Python/3.12.11/x64/lib
2025-08-21T07:47:05.4561067Z ##[endgroup]
2025-08-21T07:47:05.5458254Z localhost:5432 - accepting connections
2025-08-21T07:47:05.5491716Z ##[group]Run alembic -c services/api/alembic.ini upgrade head
2025-08-21T07:47:05.5492163Z [36;1malembic -c services/api/alembic.ini upgrade head[0m
2025-08-21T07:47:05.5532416Z shell: /usr/bin/bash -e {0}
2025-08-21T07:47:05.5532645Z env:
2025-08-21T07:47:05.5532851Z   REDIS_URL: redis://localhost:6379/0
2025-08-21T07:47:05.5533110Z   RATE_LIMIT_DEFAULT: 100/minute
2025-08-21T07:47:05.5533334Z   TRUST_X_FORWARDED: 1
2025-08-21T07:47:05.5533529Z   PG_USER: postgres
2025-08-21T07:47:05.5533708Z   PG_PASSWORD: pass
2025-08-21T07:47:05.5533890Z   PG_DATABASE: awa
2025-08-21T07:47:05.5534069Z   PG_HOST: localhost
2025-08-21T07:47:05.5534253Z   PG_PORT: 5432
2025-08-21T07:47:05.5534875Z   PG_SYNC_DSN: ***localhost:5432/awa
2025-08-21T07:47:05.5535279Z   PG_ASYNC_DSN: ***localhost:5432/awa
2025-08-21T07:47:05.5535653Z   DATABASE_URL: ***localhost:5432/awa
2025-08-21T07:47:05.5535887Z   DATA_DIR: /tmp/awa-data
2025-08-21T07:47:05.5536084Z   ENABLE_LIVE: 0
2025-08-21T07:47:05.5536277Z   TESTING: 1
2025-08-21T07:47:05.5536507Z   pythonLocation: /opt/hostedtoolcache/Python/3.12.11/x64
2025-08-21T07:47:05.5536907Z   PKG_CONFIG_PATH: /opt/hostedtoolcache/Python/3.12.11/x64/lib/pkgconfig
2025-08-21T07:47:05.5537285Z   Python_ROOT_DIR: /opt/hostedtoolcache/Python/3.12.11/x64
2025-08-21T07:47:05.5537631Z   Python2_ROOT_DIR: /opt/hostedtoolcache/Python/3.12.11/x64
2025-08-21T07:47:05.5537970Z   Python3_ROOT_DIR: /opt/hostedtoolcache/Python/3.12.11/x64
2025-08-21T07:47:05.5538323Z   LD_LIBRARY_PATH: /opt/hostedtoolcache/Python/3.12.11/x64/lib
2025-08-21T07:47:05.5538611Z ##[endgroup]
2025-08-21T07:47:06.3896101Z INFO  [alembic.runtime.migration] Context impl PostgresqlImpl.
2025-08-21T07:47:06.3896638Z INFO  [alembic.runtime.migration] Will assume transactional DDL.
2025-08-21T07:47:06.4086092Z INFO  [alembic.runtime.migration] Running upgrade  -> 0001_baseline
2025-08-21T07:47:06.4236585Z INFO  [alembic.runtime.migration] Running upgrade 0001_baseline -> 0002_create_roi_view
2025-08-21T07:47:06.4262659Z INFO  [alembic.runtime.migration] Running upgrade 0002_create_roi_view -> 3e9d5c5aff2c
2025-08-21T07:47:06.4439969Z INFO  [alembic.runtime.migration] Running upgrade 3e9d5c5aff2c -> 0003_vendor_prices
2025-08-21T07:47:06.4605751Z INFO  [alembic.runtime.migration] Running upgrade 0003_vendor_prices -> 0004_fee_cron
2025-08-21T07:47:06.4677762Z INFO  [alembic.runtime.migration] Running upgrade 0004_fee_cron -> 0006_fix_roi_views
2025-08-21T07:47:06.4709835Z INFO  [alembic.runtime.migration] Running upgrade 0006_fix_roi_views -> 0020_unified_schema
2025-08-21T07:47:06.4827597Z INFO  [alembic.runtime.migration] Running upgrade 0020_unified_schema -> 0022_fix_roi_view
2025-08-21T07:47:06.4898499Z INFO  [alembic.runtime.migration] Running upgrade 0022_fix_roi_view -> 0023_add_storage_fee
2025-08-21T07:47:06.4938601Z INFO  [alembic.runtime.migration] Running upgrade 0023_add_storage_fee -> 0024_create_buybox
2025-08-21T07:47:06.4961625Z INFO  [alembic.runtime.migration] Running upgrade 0024_create_buybox -> 0025_pr4_indexes_loadlog
2025-08-21T07:47:06.5167164Z INFO  [alembic.runtime.migration] Running upgrade 0025_pr4_indexes_loadlog -> 0026_amazon_new_reports
2025-08-21T07:47:06.6184638Z ##[group]Run python - <<'PY'
2025-08-21T07:47:06.6184958Z [36;1mpython - <<'PY'[0m
2025-08-21T07:47:06.6185220Z [36;1mfrom fastapi.testclient import TestClient[0m
2025-08-21T07:47:06.6185528Z [36;1mfrom services.api.main import app[0m
2025-08-21T07:47:06.6185799Z [36;1mwith TestClient(app) as c:[0m
2025-08-21T07:47:06.6186041Z [36;1m    r = c.get('/roi-review')[0m
2025-08-21T07:47:06.6186296Z [36;1m    assert r.status_code < 500, r.text[0m
2025-08-21T07:47:06.6186547Z [36;1mPY[0m
2025-08-21T07:47:06.6225981Z shell: /usr/bin/bash -e {0}
2025-08-21T07:47:06.6226210Z env:
2025-08-21T07:47:06.6226407Z   REDIS_URL: redis://localhost:6379/0
2025-08-21T07:47:06.6226681Z   RATE_LIMIT_DEFAULT: 100/minute
2025-08-21T07:47:06.6226908Z   TRUST_X_FORWARDED: 1
2025-08-21T07:47:06.6227101Z   PG_USER: postgres
2025-08-21T07:47:06.6227290Z   PG_PASSWORD: pass
2025-08-21T07:47:06.6227472Z   PG_DATABASE: awa
2025-08-21T07:47:06.6227659Z   PG_HOST: localhost
2025-08-21T07:47:06.6227868Z   PG_PORT: 5432
2025-08-21T07:47:06.6228296Z   PG_SYNC_DSN: ***localhost:5432/awa
2025-08-21T07:47:06.6228695Z   PG_ASYNC_DSN: ***localhost:5432/awa
2025-08-21T07:47:06.6229083Z   DATABASE_URL: ***localhost:5432/awa
2025-08-21T07:47:06.6229311Z   DATA_DIR: /tmp/awa-data
2025-08-21T07:47:06.6229513Z   ENABLE_LIVE: 0
2025-08-21T07:47:06.6229686Z   TESTING: 1
2025-08-21T07:47:06.6229913Z   pythonLocation: /opt/hostedtoolcache/Python/3.12.11/x64
2025-08-21T07:47:06.6230303Z   PKG_CONFIG_PATH: /opt/hostedtoolcache/Python/3.12.11/x64/lib/pkgconfig
2025-08-21T07:47:06.6230686Z   Python_ROOT_DIR: /opt/hostedtoolcache/Python/3.12.11/x64
2025-08-21T07:47:06.6231024Z   Python2_ROOT_DIR: /opt/hostedtoolcache/Python/3.12.11/x64
2025-08-21T07:47:06.6231369Z   Python3_ROOT_DIR: /opt/hostedtoolcache/Python/3.12.11/x64
2025-08-21T07:47:06.6231710Z   LD_LIBRARY_PATH: /opt/hostedtoolcache/Python/3.12.11/x64/lib
2025-08-21T07:47:06.6231996Z ##[endgroup]
2025-08-21T07:47:08.0296455Z WARNING:services.api.errors:{"status_code": 401, "detail": "Not authenticated", "event": "http_error", "request_id": "7bb238875a1345209a26418df2a487f0", "level": "warning", "timestamp": "2025-08-21T07:47:08.029298Z"}
2025-08-21T07:47:08.0301013Z INFO:httpx:HTTP Request: GET http://testserver/roi-review "HTTP/1.1 401 Unauthorized"
2025-08-21T07:47:08.2159729Z ##[group]Run alembic -c services/api/alembic.ini downgrade base
2025-08-21T07:47:08.2160500Z [36;1malembic -c services/api/alembic.ini downgrade base[0m
2025-08-21T07:47:08.2217150Z shell: /usr/bin/bash -e {0}
2025-08-21T07:47:08.2217407Z env:
2025-08-21T07:47:08.2217627Z   REDIS_URL: redis://localhost:6379/0
2025-08-21T07:47:08.2217904Z   RATE_LIMIT_DEFAULT: 100/minute
2025-08-21T07:47:08.2218130Z   TRUST_X_FORWARDED: 1
2025-08-21T07:47:08.2218331Z   PG_USER: postgres
2025-08-21T07:47:08.2218514Z   PG_PASSWORD: pass
2025-08-21T07:47:08.2218688Z   PG_DATABASE: awa
2025-08-21T07:47:08.2218864Z   PG_HOST: localhost
2025-08-21T07:47:08.2219046Z   PG_PORT: 5432
2025-08-21T07:47:08.2219488Z   PG_SYNC_DSN: ***localhost:5432/awa
2025-08-21T07:47:08.2219905Z   PG_ASYNC_DSN: ***localhost:5432/awa
2025-08-21T07:47:08.2220396Z   DATABASE_URL: ***localhost:5432/awa
2025-08-21T07:47:08.2220823Z   DATA_DIR: /tmp/awa-data
2025-08-21T07:47:08.2221185Z   ENABLE_LIVE: 0
2025-08-21T07:47:08.2221525Z   TESTING: 1
2025-08-21T07:47:08.2221936Z   pythonLocation: /opt/hostedtoolcache/Python/3.12.11/x64
2025-08-21T07:47:08.2222633Z   PKG_CONFIG_PATH: /opt/hostedtoolcache/Python/3.12.11/x64/lib/pkgconfig
2025-08-21T07:47:08.2223318Z   Python_ROOT_DIR: /opt/hostedtoolcache/Python/3.12.11/x64
2025-08-21T07:47:08.2223933Z   Python2_ROOT_DIR: /opt/hostedtoolcache/Python/3.12.11/x64
2025-08-21T07:47:08.2224821Z   Python3_ROOT_DIR: /opt/hostedtoolcache/Python/3.12.11/x64
2025-08-21T07:47:08.2225480Z   LD_LIBRARY_PATH: /opt/hostedtoolcache/Python/3.12.11/x64/lib
2025-08-21T07:47:08.2226008Z ##[endgroup]
2025-08-21T07:47:08.6803554Z INFO  [alembic.runtime.migration] Context impl PostgresqlImpl.
2025-08-21T07:47:08.6804632Z INFO  [alembic.runtime.migration] Will assume transactional DDL.
2025-08-21T07:47:08.6893446Z INFO  [alembic.runtime.migration] Running downgrade 0026_amazon_new_reports -> 0025_pr4_indexes_loadlog
2025-08-21T07:47:08.6986294Z INFO  [alembic.runtime.migration] Running downgrade 0025_pr4_indexes_loadlog -> 0024_create_buybox
2025-08-21T07:47:08.7033081Z INFO  [alembic.runtime.migration] Running downgrade 0024_create_buybox -> 0023_add_storage_fee
2025-08-21T07:47:08.7047847Z INFO  [alembic.runtime.migration] Running downgrade 0023_add_storage_fee -> 0022_fix_roi_view
2025-08-21T07:47:08.7235308Z INFO  [alembic.runtime.migration] Running downgrade 0022_fix_roi_view -> 0020_unified_schema
2025-08-21T07:47:08.7260650Z INFO  [alembic.runtime.migration] Running downgrade 0020_unified_schema -> 0006_fix_roi_views
2025-08-21T07:47:08.7298881Z INFO  [alembic.runtime.migration] Running downgrade 0006_fix_roi_views -> 0004_fee_cron
2025-08-21T07:47:08.7311095Z INFO  [alembic.runtime.migration] Running downgrade 0004_fee_cron -> 0003_vendor_prices
2025-08-21T07:47:08.7389268Z INFO  [alembic.runtime.migration] Running downgrade 0003_vendor_prices -> 3e9d5c5aff2c
2025-08-21T07:47:08.7427439Z INFO  [alembic.runtime.migration] Running downgrade 3e9d5c5aff2c -> 0002_create_roi_view
2025-08-21T07:47:08.7475230Z INFO  [alembic.runtime.migration] Running downgrade 0002_create_roi_view -> 0001_baseline
2025-08-21T07:47:08.7484331Z INFO  [alembic.runtime.migration] Running downgrade 0001_baseline -> 
2025-08-21T07:47:08.8311857Z ##[group]Run test "$(alembic -c services/api/alembic.ini heads | wc -l)" -eq 1
2025-08-21T07:47:08.8312360Z [36;1mtest "$(alembic -c services/api/alembic.ini heads | wc -l)" -eq 1[0m
2025-08-21T07:47:08.8352101Z shell: /usr/bin/bash -e {0}
2025-08-21T07:47:08.8352330Z env:
2025-08-21T07:47:08.8352526Z   REDIS_URL: redis://localhost:6379/0
2025-08-21T07:47:08.8352789Z   RATE_LIMIT_DEFAULT: 100/minute
2025-08-21T07:47:08.8353014Z   TRUST_X_FORWARDED: 1
2025-08-21T07:47:08.8353223Z   PG_USER: postgres
2025-08-21T07:47:08.8353423Z   PG_PASSWORD: pass
2025-08-21T07:47:08.8353610Z   PG_DATABASE: awa
2025-08-21T07:47:08.8353789Z   PG_HOST: localhost
2025-08-21T07:47:08.8353971Z   PG_PORT: 5432
2025-08-21T07:47:08.8354534Z   PG_SYNC_DSN: ***localhost:5432/awa
2025-08-21T07:47:08.8354932Z   PG_ASYNC_DSN: ***localhost:5432/awa
2025-08-21T07:47:08.8355304Z   DATABASE_URL: ***localhost:5432/awa
2025-08-21T07:47:08.8355539Z   DATA_DIR: /tmp/awa-data
2025-08-21T07:47:08.8355774Z   ENABLE_LIVE: 0
2025-08-21T07:47:08.8355946Z   TESTING: 1
2025-08-21T07:47:08.8356189Z   pythonLocation: /opt/hostedtoolcache/Python/3.12.11/x64
2025-08-21T07:47:08.8356601Z   PKG_CONFIG_PATH: /opt/hostedtoolcache/Python/3.12.11/x64/lib/pkgconfig
2025-08-21T07:47:08.8356990Z   Python_ROOT_DIR: /opt/hostedtoolcache/Python/3.12.11/x64
2025-08-21T07:47:08.8357329Z   Python2_ROOT_DIR: /opt/hostedtoolcache/Python/3.12.11/x64
2025-08-21T07:47:08.8357667Z   Python3_ROOT_DIR: /opt/hostedtoolcache/Python/3.12.11/x64
2025-08-21T07:47:08.8358023Z   LD_LIBRARY_PATH: /opt/hostedtoolcache/Python/3.12.11/x64/lib
2025-08-21T07:47:08.8358310Z ##[endgroup]
2025-08-21T07:47:09.1996864Z ##[group]Run pytest tests/migrations/test_migration_roundtrip.py -q -m integration
2025-08-21T07:47:09.1997468Z [36;1mpytest tests/migrations/test_migration_roundtrip.py -q -m integration[0m
2025-08-21T07:47:09.2037913Z shell: /usr/bin/bash -e {0}
2025-08-21T07:47:09.2038207Z env:
2025-08-21T07:47:09.2038493Z   REDIS_URL: redis://localhost:6379/0
2025-08-21T07:47:09.2038838Z   RATE_LIMIT_DEFAULT: 100/minute
2025-08-21T07:47:09.2039137Z   TRUST_X_FORWARDED: 1
2025-08-21T07:47:09.2039394Z   PG_USER: postgres
2025-08-21T07:47:09.2039658Z   PG_PASSWORD: pass
2025-08-21T07:47:09.2039900Z   PG_DATABASE: awa
2025-08-21T07:47:09.2040162Z   PG_HOST: localhost
2025-08-21T07:47:09.2040408Z   PG_PORT: 5432
2025-08-21T07:47:09.2040898Z   PG_SYNC_DSN: ***localhost:5432/awa
2025-08-21T07:47:09.2041343Z   PG_ASYNC_DSN: ***localhost:5432/awa
2025-08-21T07:47:09.2041960Z   DATABASE_URL: ***localhost:5432/awa
2025-08-21T07:47:09.2042259Z   DATA_DIR: /tmp/awa-data
2025-08-21T07:47:09.2042550Z   ENABLE_LIVE: 0
2025-08-21T07:47:09.2042797Z   TESTING: 1
2025-08-21T07:47:09.2043077Z   pythonLocation: /opt/hostedtoolcache/Python/3.12.11/x64
2025-08-21T07:47:09.2043514Z   PKG_CONFIG_PATH: /opt/hostedtoolcache/Python/3.12.11/x64/lib/pkgconfig
2025-08-21T07:47:09.2043959Z   Python_ROOT_DIR: /opt/hostedtoolcache/Python/3.12.11/x64
2025-08-21T07:47:09.2044359Z   Python2_ROOT_DIR: /opt/hostedtoolcache/Python/3.12.11/x64
2025-08-21T07:47:09.2045023Z   Python3_ROOT_DIR: /opt/hostedtoolcache/Python/3.12.11/x64
2025-08-21T07:47:09.2045437Z   LD_LIBRARY_PATH: /opt/hostedtoolcache/Python/3.12.11/x64/lib
2025-08-21T07:47:09.2045771Z ##[endgroup]
2025-08-21T07:47:11.0876332Z /opt/hostedtoolcache/Python/3.12.11/x64/lib/python3.12/site-packages/coverage/control.py:943: CoverageWarning: No data was collected. (no-data-collected)
2025-08-21T07:47:11.0877679Z   self._warn("No data was collected.", slug="no-data-collected")
2025-08-21T07:47:11.2885539Z s                                                                        [100%]
2025-08-21T07:47:11.2886299Z ================================ tests coverage ================================
2025-08-21T07:47:11.2887110Z _______________ coverage: platform linux, python 3.12.11-final-0 _______________
2025-08-21T07:47:11.2887677Z 
2025-08-21T07:47:11.2887895Z Coverage XML written to file coverage.xml
2025-08-21T07:47:11.4306116Z Post job cleanup.
2025-08-21T07:47:11.5817168Z Cache hit occurred on the primary key setup-python-Linux-x64-24.04-Ubuntu-python-3.12.11-pip-cc13ccef493b9f3a93ad5651164d9fb09282c1111f6f72ce20e0657de16de6b4, not saving cache.
2025-08-21T07:47:11.5912409Z Post job cleanup.
2025-08-21T07:47:11.6706409Z [command]/usr/bin/git version
2025-08-21T07:47:11.6748539Z git version 2.51.0
2025-08-21T07:47:11.6787834Z Temporarily overriding HOME='/home/runner/work/_temp/9a698a06-80f0-47dd-b27f-3de1e87348c1' before making global git config changes
2025-08-21T07:47:11.6789369Z Adding repository directory to the temporary git global config as a safe directory
2025-08-21T07:47:11.6794562Z [command]/usr/bin/git config --global --add safe.directory /home/runner/work/AWA-App/AWA-App
2025-08-21T07:47:11.6831320Z [command]/usr/bin/git config --local --name-only --get-regexp core\.sshCommand
2025-08-21T07:47:11.6865354Z [command]/usr/bin/git submodule foreach --recursive sh -c "git config --local --name-only --get-regexp 'core\.sshCommand' && git config --local --unset-all 'core.sshCommand' || :"
2025-08-21T07:47:11.7109813Z [command]/usr/bin/git config --local --name-only --get-regexp http\.https\:\/\/github\.com\/\.extraheader
2025-08-21T07:47:11.7131685Z http.https://github.com/.extraheader
2025-08-21T07:47:11.7141195Z [command]/usr/bin/git config --local --unset-all http.https://github.com/.extraheader
2025-08-21T07:47:11.7172911Z [command]/usr/bin/git submodule foreach --recursive sh -c "git config --local --name-only --get-regexp 'http\.https\:\/\/github\.com\/\.extraheader' && git config --local --unset-all 'http.https://github.com/.extraheader' || :"
2025-08-21T07:47:11.7484301Z Print service container logs: a4b3a988f2e64e98a1446ba114d2d68f_postgres15_ccb82a
2025-08-21T07:47:11.7489389Z ##[command]/usr/bin/docker logs --details b19d82c6c487eb421da711cd74f1999ecaea7b852eb98dd8ae9c397495d73cc8
2025-08-21T07:47:11.7609778Z  The files belonging to this database system will be owned by user "postgres".
2025-08-21T07:47:11.7610892Z  This user must also own the server process.
2025-08-21T07:47:11.7613733Z  initdb: warning: enabling "trust" authentication for local connections
2025-08-21T07:47:11.7615052Z  initdb: hint: You can change this by editing pg_hba.conf or using the option -A, or --auth-local and --auth-host, the next time you run initdb.
2025-08-21T07:47:11.7615908Z  
2025-08-21T07:47:11.7616329Z  The database cluster will be initialized with locale "en_US.utf8".
2025-08-21T07:47:11.7617005Z  The default database encoding has accordingly been set to "UTF8".
2025-08-21T07:47:11.7617669Z  The default text search configuration will be set to "english".
2025-08-21T07:47:11.7617996Z  
2025-08-21T07:47:11.7618164Z  Data page checksums are disabled.
2025-08-21T07:47:11.7618392Z  
2025-08-21T07:47:11.7618660Z  fixing permissions on existing directory /var/lib/postgresql/data ... ok
2025-08-21T07:47:11.7619024Z  creating subdirectories ... ok
2025-08-21T07:47:11.7619316Z  selecting dynamic shared memory implementation ... posix
2025-08-21T07:47:11.7619633Z  selecting default max_connections ... 100
2025-08-21T07:47:11.7619904Z  selecting default shared_buffers ... 128MB
2025-08-21T07:47:11.7620161Z  selecting default time zone ... Etc/UTC
2025-08-21T07:47:11.7620407Z  creating configuration files ... ok
2025-08-21T07:47:11.7620650Z  running bootstrap script ... ok
2025-08-21T07:47:11.7620915Z  performing post-bootstrap initialization ... ok
2025-08-21T07:47:11.7621190Z  syncing data to disk ... ok
2025-08-21T07:47:11.7621385Z  
2025-08-21T07:47:11.7621533Z  
2025-08-21T07:47:11.7621746Z  Success. You can now start the database server using:
2025-08-21T07:47:11.7622021Z  
2025-08-21T07:47:11.7622218Z      pg_ctl -D /var/lib/postgresql/data -l logfile start
2025-08-21T07:47:11.7622476Z  
2025-08-21T07:47:11.7623020Z  waiting for server to start....2025-08-21 07:46:21.261 UTC [48] LOG:  starting PostgreSQL 15.14 (Debian 15.14-1.pgdg13+1) on x86_64-pc-linux-gnu, compiled by gcc (Debian 14.2.0-19) 14.2.0, 64-bit
2025-08-21T07:47:11.7623761Z  2025-08-21 07:46:21.262 UTC [48] LOG:  listening on Unix socket "/var/run/postgresql/.s.PGSQL.5432"
2025-08-21T07:47:11.7624241Z  2025-08-21 07:46:21.265 UTC [51] LOG:  database system was shut down at 2025-08-21 07:46:21 UTC
2025-08-21T07:47:11.7624915Z  2025-08-21 07:46:21.269 UTC [48] LOG:  database system is ready to accept connections
2025-08-21T07:47:11.7625235Z   done
2025-08-21T07:47:11.7625392Z  server started
2025-08-21T07:47:11.7625566Z  CREATE DATABASE
2025-08-21T07:47:11.7625726Z  
2025-08-21T07:47:11.7625864Z  
2025-08-21T07:47:11.7626154Z  /usr/local/bin/docker-entrypoint.sh: ignoring /docker-entrypoint-initdb.d/*
2025-08-21T07:47:11.7626506Z  
2025-08-21T07:47:11.7626799Z  waiting for server to shut down...2025-08-21 07:46:21.483 UTC [48] LOG:  received fast shutdown request
2025-08-21T07:47:11.7627248Z  .2025-08-21 07:46:21.484 UTC [48] LOG:  aborting any active transactions
2025-08-21T07:47:11.7628138Z  2025-08-21 07:46:21.486 UTC [48] LOG:  background worker "logical replication launcher" (PID 54) exited with exit code 1
2025-08-21T07:47:11.7629113Z  2025-08-21 07:46:21.486 UTC [49] LOG:  shutting down
2025-08-21T07:47:11.7629676Z  2025-08-21 07:46:21.487 UTC [49] LOG:  checkpoint starting: shutdown immediate
2025-08-21T07:47:11.7630602Z  2025-08-21 07:46:21.510 UTC [49] LOG:  checkpoint complete: wrote 922 buffers (5.6%); 0 WAL file(s) added, 0 removed, 0 recycled; write=0.019 s, sync=0.003 s, total=0.024 s; sync files=301, longest=0.001 s, average=0.001 s; distance=4239 kB, estimate=4239 kB
2025-08-21T07:47:11.7631415Z  2025-08-21 07:46:21.518 UTC [48] LOG:  database system is shut down
2025-08-21T07:47:11.7631999Z   done
2025-08-21T07:47:11.7632175Z  server stopped
2025-08-21T07:47:11.7632342Z  
2025-08-21T07:47:11.7632556Z  PostgreSQL init process complete; ready for start up.
2025-08-21T07:47:11.7632837Z  
2025-08-21T07:47:11.7633312Z  2025-08-21 07:46:21.606 UTC [1] LOG:  starting PostgreSQL 15.14 (Debian 15.14-1.pgdg13+1) on x86_64-pc-linux-gnu, compiled by gcc (Debian 14.2.0-19) 14.2.0, 64-bit
2025-08-21T07:47:11.7633911Z  2025-08-21 07:46:21.606 UTC [1] LOG:  listening on IPv4 address "0.0.0.0", port 5432
2025-08-21T07:47:11.7634320Z  2025-08-21 07:46:21.606 UTC [1] LOG:  listening on IPv6 address "::", port 5432
2025-08-21T07:47:11.7634952Z  2025-08-21 07:46:21.607 UTC [1] LOG:  listening on Unix socket "/var/run/postgresql/.s.PGSQL.5432"
2025-08-21T07:47:11.7635429Z  2025-08-21 07:46:21.610 UTC [64] LOG:  database system was shut down at 2025-08-21 07:46:21 UTC
2025-08-21T07:47:11.7635868Z  2025-08-21 07:46:21.614 UTC [1] LOG:  database system is ready to accept connections
2025-08-21T07:47:11.7641487Z Stop and remove container: a4b3a988f2e64e98a1446ba114d2d68f_postgres15_ccb82a
2025-08-21T07:47:11.7646317Z ##[command]/usr/bin/docker rm --force b19d82c6c487eb421da711cd74f1999ecaea7b852eb98dd8ae9c397495d73cc8
2025-08-21T07:47:12.1024667Z b19d82c6c487eb421da711cd74f1999ecaea7b852eb98dd8ae9c397495d73cc8
2025-08-21T07:47:12.1045598Z Print service container logs: bfd4b0f755dc4677adfd7ec3500b3581_redis7alpine_e78dc4
2025-08-21T07:47:12.1046903Z ##[command]/usr/bin/docker logs --details 22fdc6c000f9303664d97d114f0dd5ad801a5d35d78fd8db5e51d45a11fe6df4
2025-08-21T07:47:12.1165967Z  1:C 21 Aug 2025 07:46:21.772 # WARNING Memory overcommit must be enabled! Without it, a background save or replication may fail under low memory condition. Being disabled, it can also cause failures without low memory condition, see https://github.com/jemalloc/jemalloc/issues/1328. To fix this issue add 'vm.overcommit_memory = 1' to /etc/sysctl.conf and then reboot or run the command 'sysctl vm.overcommit_memory=1' for this to take effect.
2025-08-21T07:47:12.1167524Z  1:C 21 Aug 2025 07:46:21.772 * oO0OoO0OoO0Oo Redis is starting oO0OoO0OoO0Oo
2025-08-21T07:47:12.1167995Z  1:C 21 Aug 2025 07:46:21.772 * Redis version=7.4.5, bits=64, commit=00000000, modified=0, pid=1, just started
2025-08-21T07:47:12.1168709Z  1:C 21 Aug 2025 07:46:21.772 # Warning: no config file specified, using the default config. In order to specify a config file use redis-server /path/to/redis.conf
2025-08-21T07:47:12.1169308Z  1:M 21 Aug 2025 07:46:21.772 * monotonic clock: POSIX clock_gettime
2025-08-21T07:47:12.1169668Z  1:M 21 Aug 2025 07:46:21.772 * Running mode=standalone, port=6379.
2025-08-21T07:47:12.1169974Z  1:M 21 Aug 2025 07:46:21.773 * Server initialized
2025-08-21T07:47:12.1170279Z  1:M 21 Aug 2025 07:46:21.773 * Ready to accept connections tcp
2025-08-21T07:47:12.1177383Z Stop and remove container: bfd4b0f755dc4677adfd7ec3500b3581_redis7alpine_e78dc4
2025-08-21T07:47:12.1178129Z ##[command]/usr/bin/docker rm --force 22fdc6c000f9303664d97d114f0dd5ad801a5d35d78fd8db5e51d45a11fe6df4
2025-08-21T07:47:12.2488174Z 22fdc6c000f9303664d97d114f0dd5ad801a5d35d78fd8db5e51d45a11fe6df4
2025-08-21T07:47:12.2512240Z Remove container network: github_network_d3e45c8b6cd94d479d2edbb81de1466e
2025-08-21T07:47:12.2517688Z ##[command]/usr/bin/docker network rm github_network_d3e45c8b6cd94d479d2edbb81de1466e
2025-08-21T07:47:12.3954001Z github_network_d3e45c8b6cd94d479d2edbb81de1466e
2025-08-21T07:47:12.4010546Z Cleaning up orphan processes
