2025-08-22T20:46:40.7993703Z Current runner version: '2.328.0'
2025-08-22T20:46:40.8024728Z ##[group]Runner Image Provisioner
2025-08-22T20:46:40.8025812Z Hosted Compute Agent
2025-08-22T20:46:40.8026701Z Version: 20250818.377
2025-08-22T20:46:40.8027626Z Commit: 3c593e9f75fe0b87e893bca80d6e12ba089c61fc
2025-08-22T20:46:40.8028735Z Build Date: 2025-08-18T14:52:18Z
2025-08-22T20:46:40.8029716Z ##[endgroup]
2025-08-22T20:46:40.8030533Z ##[group]Operating System
2025-08-22T20:46:40.8031454Z Ubuntu
2025-08-22T20:46:40.8032193Z 24.04.2
2025-08-22T20:46:40.8032901Z LTS
2025-08-22T20:46:40.8033554Z ##[endgroup]
2025-08-22T20:46:40.8034765Z ##[group]Runner Image
2025-08-22T20:46:40.8035648Z Image: ubuntu-24.04
2025-08-22T20:46:40.8036490Z Version: 20250818.1.0
2025-08-22T20:46:40.8038251Z Included Software: https://github.com/actions/runner-images/blob/ubuntu24/20250818.1/images/ubuntu/Ubuntu2404-Readme.md
2025-08-22T20:46:40.8040755Z Image Release: https://github.com/actions/runner-images/releases/tag/ubuntu24%2F20250818.1
2025-08-22T20:46:40.8042375Z ##[endgroup]
2025-08-22T20:46:40.8046588Z ##[group]GITHUB_TOKEN Permissions
2025-08-22T20:46:40.8049258Z Actions: write
2025-08-22T20:46:40.8050122Z Attestations: write
2025-08-22T20:46:40.8050902Z Checks: write
2025-08-22T20:46:40.8051767Z Contents: write
2025-08-22T20:46:40.8052585Z Deployments: write
2025-08-22T20:46:40.8053366Z Discussions: write
2025-08-22T20:46:40.8054489Z Issues: write
2025-08-22T20:46:40.8055228Z Metadata: read
2025-08-22T20:46:40.8055970Z Models: read
2025-08-22T20:46:40.8056831Z Packages: write
2025-08-22T20:46:40.8057688Z Pages: write
2025-08-22T20:46:40.8058412Z PullRequests: write
2025-08-22T20:46:40.8059314Z RepositoryProjects: write
2025-08-22T20:46:40.8060200Z SecurityEvents: write
2025-08-22T20:46:40.8061165Z Statuses: write
2025-08-22T20:46:40.8062071Z ##[endgroup]
2025-08-22T20:46:40.8065133Z Secret source: Actions
2025-08-22T20:46:40.8066149Z Prepare workflow directory
2025-08-22T20:46:40.8666523Z Prepare all required actions
2025-08-22T20:46:40.8721021Z Getting action download info
2025-08-22T20:46:41.1088839Z Download action repository 'actions/checkout@v5' (SHA:08c6903cd8c0fde910a37f88322edcfb5dd907a8)
2025-08-22T20:46:41.1992839Z Download action repository 'actions/setup-python@v5' (SHA:a26af69be951a213d495a4c3e4e4022e16d87065)
2025-08-22T20:46:41.4259227Z Complete job name: migrations-check
2025-08-22T20:46:41.4751371Z ##[group]Checking docker version
2025-08-22T20:46:41.4764704Z ##[command]/usr/bin/docker version --format '{{.Server.APIVersion}}'
2025-08-22T20:46:41.5163815Z '1.48'
2025-08-22T20:46:41.5178360Z Docker daemon API version: '1.48'
2025-08-22T20:46:41.5179112Z ##[command]/usr/bin/docker version --format '{{.Client.APIVersion}}'
2025-08-22T20:46:41.5330885Z '1.48'
2025-08-22T20:46:41.5344951Z Docker client API version: '1.48'
2025-08-22T20:46:41.5350330Z ##[endgroup]
2025-08-22T20:46:41.5353432Z ##[group]Clean up resources from previous jobs
2025-08-22T20:46:41.5358889Z ##[command]/usr/bin/docker ps --all --quiet --no-trunc --filter "label=d8d757"
2025-08-22T20:46:41.5495046Z ##[command]/usr/bin/docker network prune --force --filter "label=d8d757"
2025-08-22T20:46:41.5621057Z ##[endgroup]
2025-08-22T20:46:41.5621518Z ##[group]Create local container network
2025-08-22T20:46:41.5631259Z ##[command]/usr/bin/docker network create --label d8d757 github_network_a3a752629ef343f3aa1aefebfa7af43a
2025-08-22T20:46:41.6200218Z 5217cb36dbe7666e14e91cbf138fb50d5217cb78ce7956d3823aa102317b4793
2025-08-22T20:46:41.6219890Z ##[endgroup]
2025-08-22T20:46:41.6243475Z ##[group]Starting postgres service container
2025-08-22T20:46:41.6262601Z ##[command]/usr/bin/docker pull postgres:15
2025-08-22T20:46:41.8737238Z 15: Pulling from library/postgres
2025-08-22T20:46:41.9257135Z 396b1da7636e: Pulling fs layer
2025-08-22T20:46:41.9259480Z fca2566eba32: Pulling fs layer
2025-08-22T20:46:41.9260517Z 631fe8c6d606: Pulling fs layer
2025-08-22T20:46:41.9261325Z 77c7671c4414: Pulling fs layer
2025-08-22T20:46:41.9261887Z 2d9e29180a27: Pulling fs layer
2025-08-22T20:46:41.9262483Z c6bcc2c9a041: Pulling fs layer
2025-08-22T20:46:41.9263333Z ac4b721eb66f: Pulling fs layer
2025-08-22T20:46:41.9263836Z 606bd164980e: Pulling fs layer
2025-08-22T20:46:41.9264619Z f5dfd246bc6e: Pulling fs layer
2025-08-22T20:46:41.9265155Z ba7036bb0a60: Pulling fs layer
2025-08-22T20:46:41.9265660Z 799f859abbbd: Pulling fs layer
2025-08-22T20:46:41.9266221Z d903e777080c: Pulling fs layer
2025-08-22T20:46:41.9266705Z 04adcb462801: Pulling fs layer
2025-08-22T20:46:41.9267192Z 5c10925b29ff: Pulling fs layer
2025-08-22T20:46:41.9267671Z 77c7671c4414: Waiting
2025-08-22T20:46:41.9268107Z f5dfd246bc6e: Waiting
2025-08-22T20:46:41.9268526Z ba7036bb0a60: Waiting
2025-08-22T20:46:41.9268947Z 2d9e29180a27: Waiting
2025-08-22T20:46:41.9269363Z 799f859abbbd: Waiting
2025-08-22T20:46:41.9269777Z 04adcb462801: Waiting
2025-08-22T20:46:41.9270197Z c6bcc2c9a041: Waiting
2025-08-22T20:46:41.9270622Z ac4b721eb66f: Waiting
2025-08-22T20:46:41.9271039Z 606bd164980e: Waiting
2025-08-22T20:46:41.9271454Z d903e777080c: Waiting
2025-08-22T20:46:41.9925017Z fca2566eba32: Download complete
2025-08-22T20:46:42.0426320Z 631fe8c6d606: Verifying Checksum
2025-08-22T20:46:42.0427425Z 631fe8c6d606: Download complete
2025-08-22T20:46:42.1157990Z 77c7671c4414: Verifying Checksum
2025-08-22T20:46:42.1159582Z 77c7671c4414: Download complete
2025-08-22T20:46:42.2216080Z c6bcc2c9a041: Verifying Checksum
2025-08-22T20:46:42.2217409Z c6bcc2c9a041: Download complete
2025-08-22T20:46:42.2948573Z 2d9e29180a27: Verifying Checksum
2025-08-22T20:46:42.2950135Z 2d9e29180a27: Download complete
2025-08-22T20:46:42.3191541Z ac4b721eb66f: Verifying Checksum
2025-08-22T20:46:42.3192861Z ac4b721eb66f: Download complete
2025-08-22T20:46:42.3627143Z 606bd164980e: Verifying Checksum
2025-08-22T20:46:42.3628639Z 606bd164980e: Download complete
2025-08-22T20:46:42.4184204Z ba7036bb0a60: Verifying Checksum
2025-08-22T20:46:42.4185975Z ba7036bb0a60: Download complete
2025-08-22T20:46:42.4740658Z 799f859abbbd: Download complete
2025-08-22T20:46:42.5603570Z d903e777080c: Verifying Checksum
2025-08-22T20:46:42.5605161Z d903e777080c: Download complete
2025-08-22T20:46:42.6300068Z 04adcb462801: Verifying Checksum
2025-08-22T20:46:42.6302548Z 04adcb462801: Download complete
2025-08-22T20:46:42.7057202Z 5c10925b29ff: Verifying Checksum
2025-08-22T20:46:42.7058525Z 5c10925b29ff: Download complete
2025-08-22T20:46:43.0750352Z 396b1da7636e: Verifying Checksum
2025-08-22T20:46:43.0752139Z 396b1da7636e: Download complete
2025-08-22T20:46:43.8533003Z f5dfd246bc6e: Verifying Checksum
2025-08-22T20:46:43.8533720Z f5dfd246bc6e: Download complete
2025-08-22T20:46:44.0438857Z 396b1da7636e: Pull complete
2025-08-22T20:46:45.0796812Z fca2566eba32: Pull complete
2025-08-22T20:46:45.2495194Z 631fe8c6d606: Pull complete
2025-08-22T20:46:45.2971281Z 77c7671c4414: Pull complete
2025-08-22T20:46:45.5968551Z 2d9e29180a27: Pull complete
2025-08-22T20:46:45.6881772Z c6bcc2c9a041: Pull complete
2025-08-22T20:46:45.6978241Z ac4b721eb66f: Pull complete
2025-08-22T20:46:45.7086386Z 606bd164980e: Pull complete
2025-08-22T20:46:48.5855470Z f5dfd246bc6e: Pull complete
2025-08-22T20:46:48.6364667Z ba7036bb0a60: Pull complete
2025-08-22T20:46:48.6477810Z 799f859abbbd: Pull complete
2025-08-22T20:46:48.6598549Z d903e777080c: Pull complete
2025-08-22T20:46:48.6719614Z 04adcb462801: Pull complete
2025-08-22T20:46:48.6823055Z 5c10925b29ff: Pull complete
2025-08-22T20:46:48.6874971Z Digest: sha256:bc51cf4f1fe02cce7ed2370b20128a9b00b4eb804573a77d2a0d877aaa9c82b1
2025-08-22T20:46:48.6890135Z Status: Downloaded newer image for postgres:15
2025-08-22T20:46:48.6900826Z docker.io/library/postgres:15
2025-08-22T20:46:48.6961478Z ##[command]/usr/bin/docker create --name fd6e2fb5d2024efdb2fa2b902a0dc1dc_postgres15_97726b --label d8d757 --network github_network_a3a752629ef343f3aa1aefebfa7af43a --network-alias postgres -p 5432:5432 --health-cmd="pg_isready -U postgres -d awa" --health-interval=5s --health-timeout=5s --health-retries=10 -e "POSTGRES_USER=postgres" -e "POSTGRES_PASSWORD=pass" -e "POSTGRES_DB=awa" -e GITHUB_ACTIONS=true -e CI=true postgres:15
2025-08-22T20:46:48.7227048Z dc646d15f20b72d59edf9cef4d511f2ac4bb086420a7db6dbfc7e351e7a2bbae
2025-08-22T20:46:48.7249780Z ##[command]/usr/bin/docker start dc646d15f20b72d59edf9cef4d511f2ac4bb086420a7db6dbfc7e351e7a2bbae
2025-08-22T20:46:48.9132629Z dc646d15f20b72d59edf9cef4d511f2ac4bb086420a7db6dbfc7e351e7a2bbae
2025-08-22T20:46:48.9160941Z ##[command]/usr/bin/docker ps --all --filter id=dc646d15f20b72d59edf9cef4d511f2ac4bb086420a7db6dbfc7e351e7a2bbae --filter status=running --no-trunc --format "{{.ID}} {{.Status}}"
2025-08-22T20:46:48.9289407Z dc646d15f20b72d59edf9cef4d511f2ac4bb086420a7db6dbfc7e351e7a2bbae Up Less than a second (health: starting)
2025-08-22T20:46:48.9309731Z ##[command]/usr/bin/docker port dc646d15f20b72d59edf9cef4d511f2ac4bb086420a7db6dbfc7e351e7a2bbae
2025-08-22T20:46:48.9436884Z 5432/tcp -> 0.0.0.0:5432
2025-08-22T20:46:48.9437343Z 5432/tcp -> [::]:5432
2025-08-22T20:46:48.9491429Z ##[endgroup]
2025-08-22T20:46:48.9492380Z ##[group]Starting redis service container
2025-08-22T20:46:48.9493658Z ##[command]/usr/bin/docker pull redis:7-alpine
2025-08-22T20:46:49.1384806Z 7-alpine: Pulling from library/redis
2025-08-22T20:46:49.1883306Z 0368fd46e3c6: Pulling fs layer
2025-08-22T20:46:49.1884043Z 4c55286bbede: Pulling fs layer
2025-08-22T20:46:49.1889839Z 5e28347af205: Pulling fs layer
2025-08-22T20:46:49.1893215Z 311eca34042e: Pulling fs layer
2025-08-22T20:46:49.1893647Z e6fe6f07e192: Pulling fs layer
2025-08-22T20:46:49.1895772Z a2cadbfeca72: Pulling fs layer
2025-08-22T20:46:49.1896947Z 4f4fb700ef54: Pulling fs layer
2025-08-22T20:46:49.1897379Z a976ed7e7808: Pulling fs layer
2025-08-22T20:46:49.1897765Z a2cadbfeca72: Waiting
2025-08-22T20:46:49.1898093Z 4f4fb700ef54: Waiting
2025-08-22T20:46:49.1898390Z a976ed7e7808: Waiting
2025-08-22T20:46:49.1898702Z e6fe6f07e192: Waiting
2025-08-22T20:46:49.1899007Z 311eca34042e: Waiting
2025-08-22T20:46:49.2390213Z 5e28347af205: Download complete
2025-08-22T20:46:49.2558065Z 4c55286bbede: Download complete
2025-08-22T20:46:49.3058198Z 311eca34042e: Verifying Checksum
2025-08-22T20:46:49.3059599Z 311eca34042e: Download complete
2025-08-22T20:46:49.3664270Z a2cadbfeca72: Verifying Checksum
2025-08-22T20:46:49.3664974Z a2cadbfeca72: Download complete
2025-08-22T20:46:49.4286780Z 0368fd46e3c6: Verifying Checksum
2025-08-22T20:46:49.4287605Z 0368fd46e3c6: Download complete
2025-08-22T20:46:49.4922694Z a976ed7e7808: Verifying Checksum
2025-08-22T20:46:49.4923131Z a976ed7e7808: Download complete
2025-08-22T20:46:49.5000583Z e6fe6f07e192: Verifying Checksum
2025-08-22T20:46:49.5029194Z e6fe6f07e192: Download complete
2025-08-22T20:46:49.5467013Z 4f4fb700ef54: Verifying Checksum
2025-08-22T20:46:49.5467432Z 4f4fb700ef54: Download complete
2025-08-22T20:46:49.5535125Z 0368fd46e3c6: Pull complete
2025-08-22T20:46:49.5860731Z 4c55286bbede: Pull complete
2025-08-22T20:46:49.7268858Z 5e28347af205: Pull complete
2025-08-22T20:46:49.7552963Z 311eca34042e: Pull complete
2025-08-22T20:46:49.9606828Z e6fe6f07e192: Pull complete
2025-08-22T20:46:49.9717627Z a2cadbfeca72: Pull complete
2025-08-22T20:46:49.9801125Z 4f4fb700ef54: Pull complete
2025-08-22T20:46:49.9908519Z a976ed7e7808: Pull complete
2025-08-22T20:46:49.9948457Z Digest: sha256:bb186d083732f669da90be8b0f975a37812b15e913465bb14d845db72a4e3e08
2025-08-22T20:46:49.9959601Z Status: Downloaded newer image for redis:7-alpine
2025-08-22T20:46:49.9968067Z docker.io/library/redis:7-alpine
2025-08-22T20:46:49.9985934Z ##[command]/usr/bin/docker create --name f91adfabdd194777a2c4fe82c8b03738_redis7alpine_302096 --label d8d757 --network github_network_a3a752629ef343f3aa1aefebfa7af43a --network-alias redis -p 6379:6379  -e GITHUB_ACTIONS=true -e CI=true redis:7-alpine
2025-08-22T20:46:50.0210396Z 15e65deda49bf5e122c6a822da040cf204be0146c67c07b49075e44d9425cf6f
2025-08-22T20:46:50.0224539Z ##[command]/usr/bin/docker start 15e65deda49bf5e122c6a822da040cf204be0146c67c07b49075e44d9425cf6f
2025-08-22T20:46:50.1598743Z 15e65deda49bf5e122c6a822da040cf204be0146c67c07b49075e44d9425cf6f
2025-08-22T20:46:50.1616964Z ##[command]/usr/bin/docker ps --all --filter id=15e65deda49bf5e122c6a822da040cf204be0146c67c07b49075e44d9425cf6f --filter status=running --no-trunc --format "{{.ID}} {{.Status}}"
2025-08-22T20:46:50.1741327Z 15e65deda49bf5e122c6a822da040cf204be0146c67c07b49075e44d9425cf6f Up Less than a second
2025-08-22T20:46:50.1754714Z ##[command]/usr/bin/docker port 15e65deda49bf5e122c6a822da040cf204be0146c67c07b49075e44d9425cf6f
2025-08-22T20:46:50.1867357Z 6379/tcp -> 0.0.0.0:6379
2025-08-22T20:46:50.1867743Z 6379/tcp -> [::]:6379
2025-08-22T20:46:50.1881039Z ##[endgroup]
2025-08-22T20:46:50.1892760Z ##[group]Waiting for all services to be ready
2025-08-22T20:46:50.1906385Z ##[command]/usr/bin/docker inspect --format="{{if .Config.Healthcheck}}{{print .State.Health.Status}}{{end}}" dc646d15f20b72d59edf9cef4d511f2ac4bb086420a7db6dbfc7e351e7a2bbae
2025-08-22T20:46:50.2020768Z starting
2025-08-22T20:46:50.2041207Z postgres service is starting, waiting 2 seconds before checking again.
2025-08-22T20:46:52.2046939Z ##[command]/usr/bin/docker inspect --format="{{if .Config.Healthcheck}}{{print .State.Health.Status}}{{end}}" dc646d15f20b72d59edf9cef4d511f2ac4bb086420a7db6dbfc7e351e7a2bbae
2025-08-22T20:46:52.2215289Z starting
2025-08-22T20:46:52.2230817Z postgres service is starting, waiting 4 seconds before checking again.
2025-08-22T20:46:56.6216007Z ##[command]/usr/bin/docker inspect --format="{{if .Config.Healthcheck}}{{print .State.Health.Status}}{{end}}" dc646d15f20b72d59edf9cef4d511f2ac4bb086420a7db6dbfc7e351e7a2bbae
2025-08-22T20:46:56.6334809Z healthy
2025-08-22T20:46:56.6350931Z postgres service is healthy.
2025-08-22T20:46:56.6351810Z ##[command]/usr/bin/docker inspect --format="{{if .Config.Healthcheck}}{{print .State.Health.Status}}{{end}}" 15e65deda49bf5e122c6a822da040cf204be0146c67c07b49075e44d9425cf6f
2025-08-22T20:46:56.6474280Z redis service is healthy.
2025-08-22T20:46:56.6475112Z ##[endgroup]
2025-08-22T20:46:56.6780495Z ##[group]Run actions/checkout@v5
2025-08-22T20:46:56.6781008Z with:
2025-08-22T20:46:56.6781211Z   repository: AlexBomber12/AWA-App
2025-08-22T20:46:56.6781589Z   token: ***
2025-08-22T20:46:56.6781771Z   ssh-strict: true
2025-08-22T20:46:56.6781943Z   ssh-user: git
2025-08-22T20:46:56.6782129Z   persist-credentials: true
2025-08-22T20:46:56.6782329Z   clean: true
2025-08-22T20:46:56.6782517Z   sparse-checkout-cone-mode: true
2025-08-22T20:46:56.6782737Z   fetch-depth: 1
2025-08-22T20:46:56.6782899Z   fetch-tags: false
2025-08-22T20:46:56.6783076Z   show-progress: true
2025-08-22T20:46:56.6783245Z   lfs: false
2025-08-22T20:46:56.6783398Z   submodules: false
2025-08-22T20:46:56.6783568Z   set-safe-directory: true
2025-08-22T20:46:56.6783943Z env:
2025-08-22T20:46:56.6784151Z   REDIS_URL: redis://localhost:6379/0
2025-08-22T20:46:56.6784578Z   RATE_LIMIT_DEFAULT: 100/minute
2025-08-22T20:46:56.6784790Z   TRUST_X_FORWARDED: 1
2025-08-22T20:46:56.6784969Z ##[endgroup]
2025-08-22T20:46:56.7718233Z Syncing repository: AlexBomber12/AWA-App
2025-08-22T20:46:56.7719509Z ##[group]Getting Git version info
2025-08-22T20:46:56.7719871Z Working directory is '/home/runner/work/AWA-App/AWA-App'
2025-08-22T20:46:56.7720363Z [command]/usr/bin/git version
2025-08-22T20:46:56.7736348Z git version 2.51.0
2025-08-22T20:46:56.7756249Z ##[endgroup]
2025-08-22T20:46:56.7769824Z Temporarily overriding HOME='/home/runner/work/_temp/f0c0028e-27de-4308-8048-9c27195f0448' before making global git config changes
2025-08-22T20:46:56.7770978Z Adding repository directory to the temporary git global config as a safe directory
2025-08-22T20:46:56.7775015Z [command]/usr/bin/git config --global --add safe.directory /home/runner/work/AWA-App/AWA-App
2025-08-22T20:46:56.7809949Z Deleting the contents of '/home/runner/work/AWA-App/AWA-App'
2025-08-22T20:46:56.7813337Z ##[group]Initializing the repository
2025-08-22T20:46:56.7818232Z [command]/usr/bin/git init /home/runner/work/AWA-App/AWA-App
2025-08-22T20:46:56.7877157Z hint: Using 'master' as the name for the initial branch. This default branch name
2025-08-22T20:46:56.7878282Z hint: is subject to change. To configure the initial branch name to use in all
2025-08-22T20:46:56.7879398Z hint: of your new repositories, which will suppress this warning, call:
2025-08-22T20:46:56.7880075Z hint:
2025-08-22T20:46:56.7880553Z hint: 	git config --global init.defaultBranch <name>
2025-08-22T20:46:56.7881123Z hint:
2025-08-22T20:46:56.7881590Z hint: Names commonly chosen instead of 'master' are 'main', 'trunk' and
2025-08-22T20:46:56.7882278Z hint: 'development'. The just-created branch can be renamed via this command:
2025-08-22T20:46:56.7882952Z hint:
2025-08-22T20:46:56.7883306Z hint: 	git branch -m <name>
2025-08-22T20:46:56.7883570Z hint:
2025-08-22T20:46:56.7884014Z hint: Disable this message with "git config set advice.defaultBranchName false"
2025-08-22T20:46:56.7885274Z Initialized empty Git repository in /home/runner/work/AWA-App/AWA-App/.git/
2025-08-22T20:46:56.7890465Z [command]/usr/bin/git remote add origin https://github.com/AlexBomber12/AWA-App
2025-08-22T20:46:56.7924829Z ##[endgroup]
2025-08-22T20:46:56.7925224Z ##[group]Disabling automatic garbage collection
2025-08-22T20:46:56.7928730Z [command]/usr/bin/git config --local gc.auto 0
2025-08-22T20:46:56.7956128Z ##[endgroup]
2025-08-22T20:46:56.7956570Z ##[group]Setting up auth
2025-08-22T20:46:56.7962641Z [command]/usr/bin/git config --local --name-only --get-regexp core\.sshCommand
2025-08-22T20:46:56.7992264Z [command]/usr/bin/git submodule foreach --recursive sh -c "git config --local --name-only --get-regexp 'core\.sshCommand' && git config --local --unset-all 'core.sshCommand' || :"
2025-08-22T20:46:56.8266534Z [command]/usr/bin/git config --local --name-only --get-regexp http\.https\:\/\/github\.com\/\.extraheader
2025-08-22T20:46:56.8297612Z [command]/usr/bin/git submodule foreach --recursive sh -c "git config --local --name-only --get-regexp 'http\.https\:\/\/github\.com\/\.extraheader' && git config --local --unset-all 'http.https://github.com/.extraheader' || :"
2025-08-22T20:46:56.8518899Z [command]/usr/bin/git config --local http.https://github.com/.extraheader AUTHORIZATION: basic ***
2025-08-22T20:46:56.8554940Z ##[endgroup]
2025-08-22T20:46:56.8555578Z ##[group]Fetching the repository
2025-08-22T20:46:56.8563931Z [command]/usr/bin/git -c protocol.version=2 fetch --no-tags --prune --no-recurse-submodules --depth=1 origin +0c43f66ec8ef712da3ca9d4492c82dcffcbf64a9:refs/remotes/pull/346/merge
2025-08-22T20:46:57.1126450Z From https://github.com/AlexBomber12/AWA-App
2025-08-22T20:46:57.1126974Z  * [new ref]         0c43f66ec8ef712da3ca9d4492c82dcffcbf64a9 -> pull/346/merge
2025-08-22T20:46:57.1157242Z ##[endgroup]
2025-08-22T20:46:57.1159204Z ##[group]Determining the checkout info
2025-08-22T20:46:57.1160854Z ##[endgroup]
2025-08-22T20:46:57.1166597Z [command]/usr/bin/git sparse-checkout disable
2025-08-22T20:46:57.1205736Z [command]/usr/bin/git config --local --unset-all extensions.worktreeConfig
2025-08-22T20:46:57.1231625Z ##[group]Checking out the ref
2025-08-22T20:46:57.1237053Z [command]/usr/bin/git checkout --progress --force refs/remotes/pull/346/merge
2025-08-22T20:46:57.1566123Z Note: switching to 'refs/remotes/pull/346/merge'.
2025-08-22T20:46:57.1566507Z 
2025-08-22T20:46:57.1566801Z You are in 'detached HEAD' state. You can look around, make experimental
2025-08-22T20:46:57.1567496Z changes and commit them, and you can discard any commits you make in this
2025-08-22T20:46:57.1568200Z state without impacting any branches by switching back to a branch.
2025-08-22T20:46:57.1568610Z 
2025-08-22T20:46:57.1568873Z If you want to create a new branch to retain commits you create, you may
2025-08-22T20:46:57.1569499Z do so (now or later) by using -c with the switch command. Example:
2025-08-22T20:46:57.1569869Z 
2025-08-22T20:46:57.1570027Z   git switch -c <new-branch-name>
2025-08-22T20:46:57.1570281Z 
2025-08-22T20:46:57.1570423Z Or undo this operation with:
2025-08-22T20:46:57.1570660Z 
2025-08-22T20:46:57.1570817Z   git switch -
2025-08-22T20:46:57.1570985Z 
2025-08-22T20:46:57.1571286Z Turn off this advice by setting config variable advice.detachedHead to false
2025-08-22T20:46:57.1571915Z 
2025-08-22T20:46:57.1572241Z HEAD is now at 0c43f66 Merge ea4d09275885e5fe306867489d6ee9f38b968caf into 9a784613b8c81df20485e5a366c33de0b218460f
2025-08-22T20:46:57.1576337Z ##[endgroup]
2025-08-22T20:46:57.1615058Z [command]/usr/bin/git log -1 --format=%H
2025-08-22T20:46:57.1637520Z 0c43f66ec8ef712da3ca9d4492c82dcffcbf64a9
2025-08-22T20:46:57.1807079Z ##[group]Run cat .env.ci >> "$GITHUB_ENV"
2025-08-22T20:46:57.1807449Z [36;1mcat .env.ci >> "$GITHUB_ENV"[0m
2025-08-22T20:46:57.1808120Z [36;1mecho "DATABASE_URL=***localhost:5432/awa" >> "$GITHUB_ENV"[0m
2025-08-22T20:46:57.1808468Z [36;1mecho "PG_HOST=localhost" >> "$GITHUB_ENV"[0m
2025-08-22T20:46:57.1808750Z [36;1mecho "PG_PORT=5432" >> "$GITHUB_ENV"[0m
2025-08-22T20:46:57.1809051Z [36;1mecho "PG_USER=postgres" >> "$GITHUB_ENV"[0m
2025-08-22T20:46:57.1809337Z [36;1mecho "PG_PASSWORD=pass" >> "$GITHUB_ENV"[0m
2025-08-22T20:46:57.1809606Z [36;1mecho "PG_DATABASE=awa" >> "$GITHUB_ENV"[0m
2025-08-22T20:46:57.1852920Z shell: /usr/bin/bash -e {0}
2025-08-22T20:46:57.1853147Z env:
2025-08-22T20:46:57.1853354Z   REDIS_URL: redis://localhost:6379/0
2025-08-22T20:46:57.1853606Z   RATE_LIMIT_DEFAULT: 100/minute
2025-08-22T20:46:57.1853823Z   TRUST_X_FORWARDED: 1
2025-08-22T20:46:57.1854014Z ##[endgroup]
2025-08-22T20:46:57.2025291Z ##[group]Run actions/setup-python@v5
2025-08-22T20:46:57.2025581Z with:
2025-08-22T20:46:57.2025769Z   python-version: 3.12
2025-08-22T20:46:57.2025972Z   cache: pip
2025-08-22T20:46:57.2026193Z   cache-dependency-path: requirements-dev.txt
2025-08-22T20:46:57.2026455Z   check-latest: false
2025-08-22T20:46:57.2026770Z   token: ***
2025-08-22T20:46:57.2026958Z   update-environment: true
2025-08-22T20:46:57.2027172Z   allow-prereleases: false
2025-08-22T20:46:57.2027372Z   freethreaded: false
2025-08-22T20:46:57.2027544Z env:
2025-08-22T20:46:57.2027725Z   REDIS_URL: redis://localhost:6379/0
2025-08-22T20:46:57.2027965Z   RATE_LIMIT_DEFAULT: 100/minute
2025-08-22T20:46:57.2028189Z   TRUST_X_FORWARDED: 1
2025-08-22T20:46:57.2028368Z   PG_USER: postgres
2025-08-22T20:46:57.2028544Z   PG_PASSWORD: pass
2025-08-22T20:46:57.2028709Z   PG_DATABASE: awa
2025-08-22T20:46:57.2028879Z   PG_HOST: localhost
2025-08-22T20:46:57.2029055Z   PG_PORT: 5432
2025-08-22T20:46:57.2029448Z   PG_SYNC_DSN: ***localhost:5432/awa
2025-08-22T20:46:57.2029818Z   PG_ASYNC_DSN: ***localhost:5432/awa
2025-08-22T20:46:57.2030181Z   DATABASE_URL: ***localhost:5432/awa
2025-08-22T20:46:57.2030396Z   DATA_DIR: /tmp/awa-data
2025-08-22T20:46:57.2030583Z   ENABLE_LIVE: 0
2025-08-22T20:46:57.2030741Z   TESTING: 1
2025-08-22T20:46:57.2030904Z ##[endgroup]
2025-08-22T20:46:57.3677222Z ##[group]Installed versions
2025-08-22T20:46:57.4358650Z Successfully set up CPython (3.12.11)
2025-08-22T20:46:57.4359488Z ##[endgroup]
2025-08-22T20:46:57.4696888Z [command]/opt/hostedtoolcache/Python/3.12.11/x64/bin/pip cache dir
2025-08-22T20:46:59.0831716Z /home/runner/.cache/pip
2025-08-22T20:46:59.2176233Z Cache hit for: setup-python-Linux-x64-24.04-Ubuntu-python-3.12.11-pip-cc13ccef493b9f3a93ad5651164d9fb09282c1111f6f72ce20e0657de16de6b4
2025-08-22T20:47:00.2886263Z Received 222298112 of 376053341 (59.1%), 210.5 MBs/sec
2025-08-22T20:47:00.9506066Z Received 376053341 of 376053341 (100.0%), 214.9 MBs/sec
2025-08-22T20:47:00.9508173Z Cache Size: ~359 MB (376053341 B)
2025-08-22T20:47:00.9620723Z [command]/usr/bin/tar -xf /home/runner/work/_temp/1504d7d9-2921-4c1c-b8ff-c803975a819f/cache.tzst -P -C /home/runner/work/AWA-App/AWA-App --use-compress-program unzstd
2025-08-22T20:47:01.5402832Z Cache restored successfully
2025-08-22T20:47:01.6109792Z Cache restored from key: setup-python-Linux-x64-24.04-Ubuntu-python-3.12.11-pip-cc13ccef493b9f3a93ad5651164d9fb09282c1111f6f72ce20e0657de16de6b4
2025-08-22T20:47:01.6261120Z ##[group]Run pip install --break-system-packages -r requirements-dev.txt
2025-08-22T20:47:01.6261642Z [36;1mpip install --break-system-packages -r requirements-dev.txt[0m
2025-08-22T20:47:01.6262075Z [36;1mpip install --break-system-packages keepa==1.3.15 minio==7.1.15[0m
2025-08-22T20:47:01.6309244Z shell: /usr/bin/bash -e {0}
2025-08-22T20:47:01.6309478Z env:
2025-08-22T20:47:01.6309688Z   REDIS_URL: redis://localhost:6379/0
2025-08-22T20:47:01.6309952Z   RATE_LIMIT_DEFAULT: 100/minute
2025-08-22T20:47:01.6310178Z   TRUST_X_FORWARDED: 1
2025-08-22T20:47:01.6310381Z   PG_USER: postgres
2025-08-22T20:47:01.6310576Z   PG_PASSWORD: pass
2025-08-22T20:47:01.6310751Z   PG_DATABASE: awa
2025-08-22T20:47:01.6310928Z   PG_HOST: localhost
2025-08-22T20:47:01.6311112Z   PG_PORT: 5432
2025-08-22T20:47:01.6311622Z   PG_SYNC_DSN: ***localhost:5432/awa
2025-08-22T20:47:01.6312088Z   PG_ASYNC_DSN: ***localhost:5432/awa
2025-08-22T20:47:01.6312473Z   DATABASE_URL: ***localhost:5432/awa
2025-08-22T20:47:01.6312749Z   DATA_DIR: /tmp/awa-data
2025-08-22T20:47:01.6312949Z   ENABLE_LIVE: 0
2025-08-22T20:47:01.6313119Z   TESTING: 1
2025-08-22T20:47:01.6313356Z   pythonLocation: /opt/hostedtoolcache/Python/3.12.11/x64
2025-08-22T20:47:01.6313763Z   PKG_CONFIG_PATH: /opt/hostedtoolcache/Python/3.12.11/x64/lib/pkgconfig
2025-08-22T20:47:01.6314136Z   Python_ROOT_DIR: /opt/hostedtoolcache/Python/3.12.11/x64
2025-08-22T20:47:01.6314758Z   Python2_ROOT_DIR: /opt/hostedtoolcache/Python/3.12.11/x64
2025-08-22T20:47:01.6315102Z   Python3_ROOT_DIR: /opt/hostedtoolcache/Python/3.12.11/x64
2025-08-22T20:47:01.6315453Z   LD_LIBRARY_PATH: /opt/hostedtoolcache/Python/3.12.11/x64/lib
2025-08-22T20:47:01.6315741Z ##[endgroup]
2025-08-22T20:47:03.0315812Z Collecting Jinja2==3.1.6 (from -r requirements-dev.txt (line 2))
2025-08-22T20:47:03.0329336Z   Using cached jinja2-3.1.6-py3-none-any.whl.metadata (2.9 kB)
2025-08-22T20:47:03.0551324Z Collecting alembic==1.16.4 (from -r requirements-dev.txt (line 3))
2025-08-22T20:47:03.0563454Z   Using cached alembic-1.16.4-py3-none-any.whl.metadata (7.3 kB)
2025-08-22T20:47:03.0720682Z Collecting apscheduler==3.10.4 (from -r requirements-dev.txt (line 4))
2025-08-22T20:47:03.0732429Z   Using cached APScheduler-3.10.4-py3-none-any.whl.metadata (5.7 kB)
2025-08-22T20:47:03.0882261Z Collecting asgi-correlation-id==4.3.1 (from -r requirements-dev.txt (line 5))
2025-08-22T20:47:03.0893833Z   Using cached asgi_correlation_id-4.3.1-py3-none-any.whl.metadata (28 kB)
2025-08-22T20:47:03.1302143Z Collecting asyncpg==0.30.0 (from -r requirements-dev.txt (line 6))
2025-08-22T20:47:03.1314200Z   Using cached asyncpg-0.30.0-cp312-cp312-manylinux_2_17_x86_64.manylinux2014_x86_64.whl.metadata (5.0 kB)
2025-08-22T20:47:03.1751791Z Collecting black==25.1.0 (from -r requirements-dev.txt (line 7))
2025-08-22T20:47:03.1763713Z   Using cached black-25.1.0-cp312-cp312-manylinux_2_17_x86_64.manylinux2014_x86_64.manylinux_2_28_x86_64.whl.metadata (81 kB)
2025-08-22T20:47:03.5318963Z Collecting boto3 (from -r requirements-dev.txt (line 8))
2025-08-22T20:47:03.5705989Z   Downloading boto3-1.40.16-py3-none-any.whl.metadata (6.7 kB)
2025-08-22T20:47:03.6005752Z Collecting redis==6.* (from -r requirements-dev.txt (line 9))
2025-08-22T20:47:03.6017401Z   Using cached redis-6.4.0-py3-none-any.whl.metadata (10 kB)
2025-08-22T20:47:03.6322594Z Collecting minio==7.* (from -r requirements-dev.txt (line 10))
2025-08-22T20:47:03.6333916Z   Using cached minio-7.2.16-py3-none-any.whl.metadata (6.5 kB)
2025-08-22T20:47:03.6465543Z Collecting vulture==2.10 (from -r requirements-dev.txt (line 11))
2025-08-22T20:47:03.6476899Z   Using cached vulture-2.10-py2.py3-none-any.whl.metadata (23 kB)
2025-08-22T20:47:03.6784229Z Collecting celery==5.5.3 (from -r requirements-dev.txt (line 12))
2025-08-22T20:47:03.6796022Z   Using cached celery-5.5.3-py3-none-any.whl.metadata (22 kB)
2025-08-22T20:47:03.7372645Z Collecting fastapi==0.116.1 (from -r requirements-dev.txt (line 13))
2025-08-22T20:47:03.7384789Z   Using cached fastapi-0.116.1-py3-none-any.whl.metadata (28 kB)
2025-08-22T20:47:03.7518644Z Collecting fastapi-limiter==0.1.6 (from -r requirements-dev.txt (line 15))
2025-08-22T20:47:03.7529698Z   Using cached fastapi_limiter-0.1.6-py3-none-any.whl.metadata (5.3 kB)
2025-08-22T20:47:03.7706049Z Collecting httpx<0.29,>=0.27 (from -r requirements-dev.txt (line 16))
2025-08-22T20:47:03.7716943Z   Using cached httpx-0.28.1-py3-none-any.whl.metadata (7.1 kB)
2025-08-22T20:47:03.7832753Z Collecting imapclient==3.0.1 (from -r requirements-dev.txt (line 17))
2025-08-22T20:47:03.7843803Z   Using cached IMAPClient-3.0.1-py2.py3-none-any.whl.metadata (1.7 kB)
2025-08-22T20:47:03.7941698Z Collecting itsdangerous (from -r requirements-dev.txt (line 18))
2025-08-22T20:47:03.7952740Z   Using cached itsdangerous-2.2.0-py3-none-any.whl.metadata (1.9 kB)
2025-08-22T20:47:03.8947577Z Collecting mypy==1.* (from -r requirements-dev.txt (line 19))
2025-08-22T20:47:03.8960137Z   Using cached mypy-1.17.1-cp312-cp312-manylinux2014_x86_64.manylinux_2_17_x86_64.manylinux_2_28_x86_64.whl.metadata (2.2 kB)
2025-08-22T20:47:03.9053959Z Collecting mypy-extensions==1.1.0 (from -r requirements-dev.txt (line 20))
2025-08-22T20:47:03.9065527Z   Using cached mypy_extensions-1.1.0-py3-none-any.whl.metadata (1.1 kB)
2025-08-22T20:47:04.1076851Z Collecting numpy<2 (from -r requirements-dev.txt (line 21))
2025-08-22T20:47:04.1090462Z   Using cached numpy-1.26.4-cp312-cp312-manylinux_2_17_x86_64.manylinux2014_x86_64.whl.metadata (61 kB)
2025-08-22T20:47:04.1342589Z Collecting openpyxl==3.1.5 (from -r requirements-dev.txt (line 22))
2025-08-22T20:47:04.1355187Z   Using cached openpyxl-3.1.5-py2.py3-none-any.whl.metadata (2.5 kB)
2025-08-22T20:47:04.2554534Z Collecting pandas==2.2.* (from -r requirements-dev.txt (line 23))
2025-08-22T20:47:04.2567909Z   Using cached pandas-2.2.3-cp312-cp312-manylinux_2_17_x86_64.manylinux2014_x86_64.whl.metadata (89 kB)
2025-08-22T20:47:04.3501269Z Collecting psycopg2-binary==2.9.10 (from -r requirements-dev.txt (line 24))
2025-08-22T20:47:04.3514557Z   Using cached psycopg2_binary-2.9.10-cp312-cp312-manylinux_2_17_x86_64.manylinux2014_x86_64.whl.metadata (4.9 kB)
2025-08-22T20:47:04.3662582Z Collecting psycopg==3.2.9 (from psycopg[binary]==3.2.9->-r requirements-dev.txt (line 25))
2025-08-22T20:47:04.3674184Z   Using cached psycopg-3.2.9-py3-none-any.whl.metadata (4.5 kB)
2025-08-22T20:47:04.4783063Z Collecting pydantic==2.11.7 (from -r requirements-dev.txt (line 26))
2025-08-22T20:47:04.4796039Z   Using cached pydantic-2.11.7-py3-none-any.whl.metadata (67 kB)
2025-08-22T20:47:04.6026630Z Collecting setuptools (from -r requirements-dev.txt (line 27))
2025-08-22T20:47:04.6039786Z   Using cached setuptools-80.9.0-py3-none-any.whl.metadata (6.6 kB)
2025-08-22T20:47:04.6369476Z Collecting pytest-asyncio==1.1.0 (from -r requirements-dev.txt (line 28))
2025-08-22T20:47:04.6381244Z   Using cached pytest_asyncio-1.1.0-py3-none-any.whl.metadata (4.1 kB)
2025-08-22T20:47:04.6527073Z Collecting pytest-cov==6.2.1 (from -r requirements-dev.txt (line 29))
2025-08-22T20:47:04.6539040Z   Using cached pytest_cov-6.2.1-py3-none-any.whl.metadata (30 kB)
2025-08-22T20:47:04.6687110Z Collecting pytest-postgresql==7.0.2 (from -r requirements-dev.txt (line 30))
2025-08-22T20:47:04.6698799Z   Using cached pytest_postgresql-7.0.2-py3-none-any.whl.metadata (18 kB)
2025-08-22T20:47:04.6863694Z Collecting python-dotenv (from -r requirements-dev.txt (line 31))
2025-08-22T20:47:04.6875590Z   Using cached python_dotenv-1.1.1-py3-none-any.whl.metadata (24 kB)
2025-08-22T20:47:04.6993846Z Collecting python-multipart (from -r requirements-dev.txt (line 32))
2025-08-22T20:47:04.7005817Z   Using cached python_multipart-0.0.20-py3-none-any.whl.metadata (1.8 kB)
2025-08-22T20:47:04.7308363Z Collecting python-telegram-bot==22.3 (from -r requirements-dev.txt (line 33))
2025-08-22T20:47:04.7320218Z   Using cached python_telegram_bot-22.3-py3-none-any.whl.metadata (17 kB)
2025-08-22T20:47:04.7603645Z Collecting requests==2.32.4 (from -r requirements-dev.txt (line 34))
2025-08-22T20:47:04.7615792Z   Using cached requests-2.32.4-py3-none-any.whl.metadata (4.9 kB)
2025-08-22T20:47:04.7763387Z Collecting respx==0.22.0 (from -r requirements-dev.txt (line 35))
2025-08-22T20:47:04.7774865Z   Using cached respx-0.22.0-py2.py3-none-any.whl.metadata (4.1 kB)
2025-08-22T20:47:05.1597823Z Collecting ruff==0.9.9 (from -r requirements-dev.txt (line 36))
2025-08-22T20:47:05.1611579Z   Using cached ruff-0.9.9-py3-none-manylinux_2_17_x86_64.manylinux2014_x86_64.whl.metadata (25 kB)
2025-08-22T20:47:05.4221887Z Collecting sqlalchemy==2.0.43 (from -r requirements-dev.txt (line 37))
2025-08-22T20:47:05.4235346Z   Using cached sqlalchemy-2.0.43-cp312-cp312-manylinux_2_17_x86_64.manylinux2014_x86_64.whl.metadata (9.6 kB)
2025-08-22T20:47:05.4453916Z Collecting structlog==24.1.0 (from -r requirements-dev.txt (line 38))
2025-08-22T20:47:05.4465655Z   Using cached structlog-24.1.0-py3-none-any.whl.metadata (6.9 kB)
2025-08-22T20:47:05.4639198Z Collecting testcontainers==4.12.0 (from testcontainers[postgres]==4.12.0->-r requirements-dev.txt (line 39))
2025-08-22T20:47:05.4650179Z   Using cached testcontainers-4.12.0-py3-none-any.whl.metadata (8.3 kB)
2025-08-22T20:47:05.5031659Z Collecting types-requests==2.32.4.20250809 (from -r requirements-dev.txt (line 40))
2025-08-22T20:47:05.5043003Z   Using cached types_requests-2.32.4.20250809-py3-none-any.whl.metadata (2.0 kB)
2025-08-22T20:47:05.5185974Z Collecting docspec-python==2.2.2 (from -r requirements-dev.txt (line 41))
2025-08-22T20:47:05.5197086Z   Using cached docspec_python-2.2.2-py3-none-any.whl.metadata (1.0 kB)
2025-08-22T20:47:05.5380782Z Collecting pydoc-markdown==4.8.2 (from -r requirements-dev.txt (line 42))
2025-08-22T20:47:05.5391836Z   Using cached pydoc_markdown-4.8.2-py3-none-any.whl.metadata (5.9 kB)
2025-08-22T20:47:05.6110410Z Collecting pandera==0.19.* (from -r requirements-dev.txt (line 43))
2025-08-22T20:47:05.6123816Z   Using cached pandera-0.19.3-py3-none-any.whl.metadata (15 kB)
2025-08-22T20:47:05.6668176Z Collecting MarkupSafe>=2.0 (from Jinja2==3.1.6->-r requirements-dev.txt (line 2))
2025-08-22T20:47:05.6680098Z   Using cached MarkupSafe-3.0.2-cp312-cp312-manylinux_2_17_x86_64.manylinux2014_x86_64.whl.metadata (4.0 kB)
2025-08-22T20:47:05.6965735Z Collecting Mako (from alembic==1.16.4->-r requirements-dev.txt (line 3))
2025-08-22T20:47:05.6977180Z   Using cached mako-1.3.10-py3-none-any.whl.metadata (2.9 kB)
2025-08-22T20:47:05.7212815Z Collecting typing-extensions>=4.12 (from alembic==1.16.4->-r requirements-dev.txt (line 3))
2025-08-22T20:47:05.7224225Z   Using cached typing_extensions-4.14.1-py3-none-any.whl.metadata (3.0 kB)
2025-08-22T20:47:05.7356108Z Collecting six>=1.4.0 (from apscheduler==3.10.4->-r requirements-dev.txt (line 4))
2025-08-22T20:47:05.7367114Z   Using cached six-1.17.0-py2.py3-none-any.whl.metadata (1.7 kB)
2025-08-22T20:47:05.7704793Z Collecting pytz (from apscheduler==3.10.4->-r requirements-dev.txt (line 4))
2025-08-22T20:47:05.7716727Z   Using cached pytz-2025.2-py2.py3-none-any.whl.metadata (22 kB)
2025-08-22T20:47:05.7874916Z Collecting tzlocal!=3.*,>=2.0 (from apscheduler==3.10.4->-r requirements-dev.txt (line 4))
2025-08-22T20:47:05.7886367Z   Using cached tzlocal-5.3.1-py3-none-any.whl.metadata (7.6 kB)
2025-08-22T20:47:05.8187679Z Collecting starlette>=0.18 (from asgi-correlation-id==4.3.1->-r requirements-dev.txt (line 5))
2025-08-22T20:47:05.8199411Z   Using cached starlette-0.47.2-py3-none-any.whl.metadata (6.2 kB)
2025-08-22T20:47:05.8389512Z Collecting click>=8.0.0 (from black==25.1.0->-r requirements-dev.txt (line 7))
2025-08-22T20:47:05.8401098Z   Using cached click-8.2.1-py3-none-any.whl.metadata (2.5 kB)
2025-08-22T20:47:05.8562206Z Collecting packaging>=22.0 (from black==25.1.0->-r requirements-dev.txt (line 7))
2025-08-22T20:47:05.8573816Z   Using cached packaging-25.0-py3-none-any.whl.metadata (3.3 kB)
2025-08-22T20:47:05.8681765Z Collecting pathspec>=0.9.0 (from black==25.1.0->-r requirements-dev.txt (line 7))
2025-08-22T20:47:05.8693263Z   Using cached pathspec-0.12.1-py3-none-any.whl.metadata (21 kB)
2025-08-22T20:47:05.8874609Z Collecting platformdirs>=2 (from black==25.1.0->-r requirements-dev.txt (line 7))
2025-08-22T20:47:05.8886073Z   Using cached platformdirs-4.3.8-py3-none-any.whl.metadata (12 kB)
2025-08-22T20:47:05.9003407Z Collecting toml (from vulture==2.10->-r requirements-dev.txt (line 11))
2025-08-22T20:47:05.9015073Z   Using cached toml-0.10.2-py2.py3-none-any.whl.metadata (7.1 kB)
2025-08-22T20:47:05.9195889Z Collecting billiard<5.0,>=4.2.1 (from celery==5.5.3->-r requirements-dev.txt (line 12))
2025-08-22T20:47:05.9207286Z   Using cached billiard-4.2.1-py3-none-any.whl.metadata (4.4 kB)
2025-08-22T20:47:05.9503746Z Collecting kombu<5.6,>=5.5.2 (from celery==5.5.3->-r requirements-dev.txt (line 12))
2025-08-22T20:47:05.9515002Z   Using cached kombu-5.5.4-py3-none-any.whl.metadata (3.5 kB)
2025-08-22T20:47:05.9662967Z Collecting vine<6.0,>=5.1.0 (from celery==5.5.3->-r requirements-dev.txt (line 12))
2025-08-22T20:47:05.9674558Z   Using cached vine-5.1.0-py3-none-any.whl.metadata (2.7 kB)
2025-08-22T20:47:05.9799576Z Collecting click-didyoumean>=0.3.0 (from celery==5.5.3->-r requirements-dev.txt (line 12))
2025-08-22T20:47:05.9810858Z   Using cached click_didyoumean-0.3.1-py3-none-any.whl.metadata (3.9 kB)
2025-08-22T20:47:05.9897917Z Collecting click-repl>=0.2.0 (from celery==5.5.3->-r requirements-dev.txt (line 12))
2025-08-22T20:47:05.9909237Z   Using cached click_repl-0.3.0-py3-none-any.whl.metadata (3.6 kB)
2025-08-22T20:47:06.0003174Z Collecting click-plugins>=1.1.1 (from celery==5.5.3->-r requirements-dev.txt (line 12))
2025-08-22T20:47:06.0014836Z   Using cached click_plugins-1.1.1.2-py2.py3-none-any.whl.metadata (6.5 kB)
2025-08-22T20:47:06.0138574Z Collecting python-dateutil>=2.8.2 (from celery==5.5.3->-r requirements-dev.txt (line 12))
2025-08-22T20:47:06.0150171Z   Using cached python_dateutil-2.9.0.post0-py2.py3-none-any.whl.metadata (8.4 kB)
2025-08-22T20:47:06.0821268Z Collecting annotated-types>=0.6.0 (from pydantic==2.11.7->-r requirements-dev.txt (line 26))
2025-08-22T20:47:06.0832883Z   Using cached annotated_types-0.7.0-py3-none-any.whl.metadata (15 kB)
2025-08-22T20:47:06.7715529Z Collecting pydantic-core==2.33.2 (from pydantic==2.11.7->-r requirements-dev.txt (line 26))
2025-08-22T20:47:06.7729646Z   Using cached pydantic_core-2.33.2-cp312-cp312-manylinux_2_17_x86_64.manylinux2014_x86_64.whl.metadata (6.8 kB)
2025-08-22T20:47:06.7855607Z Collecting typing-inspection>=0.4.0 (from pydantic==2.11.7->-r requirements-dev.txt (line 26))
2025-08-22T20:47:06.7867388Z   Using cached typing_inspection-0.4.1-py3-none-any.whl.metadata (2.6 kB)
2025-08-22T20:47:06.8120523Z Collecting et-xmlfile (from openpyxl==3.1.5->-r requirements-dev.txt (line 22))
2025-08-22T20:47:06.8132130Z   Using cached et_xmlfile-2.0.0-py3-none-any.whl.metadata (2.7 kB)
2025-08-22T20:47:06.8565740Z Collecting pytest<9,>=8.2 (from pytest-asyncio==1.1.0->-r requirements-dev.txt (line 28))
2025-08-22T20:47:06.8577877Z   Using cached pytest-8.4.1-py3-none-any.whl.metadata (7.7 kB)
2025-08-22T20:47:07.1827972Z Collecting coverage>=7.5 (from coverage[toml]>=7.5->pytest-cov==6.2.1->-r requirements-dev.txt (line 29))
2025-08-22T20:47:07.1829342Z   Using cached coverage-7.10.4-cp312-cp312-manylinux1_x86_64.manylinux_2_28_x86_64.manylinux_2_5_x86_64.whl.metadata (8.9 kB)
2025-08-22T20:47:07.1985642Z Collecting pluggy>=1.2 (from pytest-cov==6.2.1->-r requirements-dev.txt (line 29))
2025-08-22T20:47:07.1997618Z   Using cached pluggy-1.6.0-py3-none-any.whl.metadata (4.8 kB)
2025-08-22T20:47:07.2230763Z Collecting port-for>=0.7.3 (from pytest-postgresql==7.0.2->-r requirements-dev.txt (line 30))
2025-08-22T20:47:07.2242406Z   Using cached port_for-0.7.4-py3-none-any.whl.metadata (7.1 kB)
2025-08-22T20:47:07.2371603Z Collecting mirakuru>=2.6.0 (from pytest-postgresql==7.0.2->-r requirements-dev.txt (line 30))
2025-08-22T20:47:07.2383019Z   Using cached mirakuru-2.6.1-py3-none-any.whl.metadata (10 kB)
2025-08-22T20:47:07.3211887Z Collecting charset_normalizer<4,>=2 (from requests==2.32.4->-r requirements-dev.txt (line 34))
2025-08-22T20:47:07.3225381Z   Using cached charset_normalizer-3.4.3-cp312-cp312-manylinux2014_x86_64.manylinux_2_17_x86_64.manylinux_2_28_x86_64.whl.metadata (36 kB)
2025-08-22T20:47:07.3369609Z Collecting idna<4,>=2.5 (from requests==2.32.4->-r requirements-dev.txt (line 34))
2025-08-22T20:47:07.3380798Z   Using cached idna-3.10-py3-none-any.whl.metadata (10 kB)
2025-08-22T20:47:07.3656503Z Collecting urllib3<3,>=1.21.1 (from requests==2.32.4->-r requirements-dev.txt (line 34))
2025-08-22T20:47:07.3667494Z   Using cached urllib3-2.5.0-py3-none-any.whl.metadata (6.5 kB)
2025-08-22T20:47:07.3867035Z Collecting certifi>=2017.4.17 (from requests==2.32.4->-r requirements-dev.txt (line 34))
2025-08-22T20:47:07.3878266Z   Using cached certifi-2025.8.3-py3-none-any.whl.metadata (2.4 kB)
2025-08-22T20:47:07.5892899Z Collecting greenlet>=1 (from sqlalchemy==2.0.43->-r requirements-dev.txt (line 37))
2025-08-22T20:47:07.5906504Z   Using cached greenlet-3.2.4-cp312-cp312-manylinux_2_24_x86_64.manylinux_2_28_x86_64.whl.metadata (4.1 kB)
2025-08-22T20:47:07.6134931Z Collecting docker (from testcontainers==4.12.0->testcontainers[postgres]==4.12.0->-r requirements-dev.txt (line 39))
2025-08-22T20:47:07.6146187Z   Using cached docker-7.1.0-py3-none-any.whl.metadata (3.8 kB)
2025-08-22T20:47:07.7141121Z Collecting wrapt (from testcontainers==4.12.0->testcontainers[postgres]==4.12.0->-r requirements-dev.txt (line 39))
2025-08-22T20:47:07.7154002Z   Using cached wrapt-1.17.3-cp312-cp312-manylinux1_x86_64.manylinux_2_28_x86_64.manylinux_2_5_x86_64.whl.metadata (6.4 kB)
2025-08-22T20:47:07.7419133Z Collecting docspec==2.2.1 (from docspec-python==2.2.2->-r requirements-dev.txt (line 41))
2025-08-22T20:47:07.7430679Z   Using cached docspec-2.2.1-py3-none-any.whl.metadata (1.5 kB)
2025-08-22T20:47:07.7592284Z Collecting nr-util>=0.8.12 (from docspec-python==2.2.2->-r requirements-dev.txt (line 41))
2025-08-22T20:47:07.7603321Z   Using cached nr.util-0.8.12-py3-none-any.whl.metadata (813 bytes)
2025-08-22T20:47:07.7940848Z Collecting PyYAML<7.0,>=5.0 (from pydoc-markdown==4.8.2->-r requirements-dev.txt (line 42))
2025-08-22T20:47:07.7952034Z   Using cached PyYAML-6.0.2-cp312-cp312-manylinux_2_17_x86_64.manylinux2014_x86_64.whl.metadata (2.1 kB)
2025-08-22T20:47:07.8222065Z Collecting databind.core<5.0.0,>=4.4.0 (from pydoc-markdown==4.8.2->-r requirements-dev.txt (line 42))
2025-08-22T20:47:07.8233042Z   Using cached databind.core-4.5.2-py3-none-any.whl.metadata (1.1 kB)
2025-08-22T20:47:07.8450849Z Collecting databind.json<5.0.0,>=4.4.0 (from pydoc-markdown==4.8.2->-r requirements-dev.txt (line 42))
2025-08-22T20:47:07.8461979Z   Using cached databind.json-4.5.2-py3-none-any.whl.metadata (1.1 kB)
2025-08-22T20:47:07.8605040Z Collecting docstring-parser<0.12,>=0.11 (from pydoc-markdown==4.8.2->-r requirements-dev.txt (line 42))
2025-08-22T20:47:07.8606403Z   Using cached docstring_parser-0.11-py3-none-any.whl
2025-08-22T20:47:07.8940931Z Collecting tomli<3.0.0,>=2.0.0 (from pydoc-markdown==4.8.2->-r requirements-dev.txt (line 42))
2025-08-22T20:47:07.8952271Z   Using cached tomli-2.2.1-cp312-cp312-manylinux_2_17_x86_64.manylinux2014_x86_64.whl.metadata (11 kB)
2025-08-22T20:47:07.9047981Z Collecting tomli_w<2.0.0,>=1.0.0 (from pydoc-markdown==4.8.2->-r requirements-dev.txt (line 42))
2025-08-22T20:47:07.9058880Z   Using cached tomli_w-1.2.0-py3-none-any.whl.metadata (5.7 kB)
2025-08-22T20:47:07.9498754Z Collecting watchdog (from pydoc-markdown==4.8.2->-r requirements-dev.txt (line 42))
2025-08-22T20:47:07.9510720Z   Using cached watchdog-6.0.0-py3-none-manylinux2014_x86_64.whl.metadata (44 kB)
2025-08-22T20:47:07.9717260Z Collecting yapf>=0.30.0 (from pydoc-markdown==4.8.2->-r requirements-dev.txt (line 42))
2025-08-22T20:47:07.9728193Z   Using cached yapf-0.43.0-py3-none-any.whl.metadata (46 kB)
2025-08-22T20:47:07.9910338Z Collecting Deprecated<2.0.0,>=1.2.12 (from docspec==2.2.1->docspec-python==2.2.2->-r requirements-dev.txt (line 41))
2025-08-22T20:47:07.9921278Z   Using cached Deprecated-1.2.18-py2.py3-none-any.whl.metadata (5.7 kB)
2025-08-22T20:47:08.1504681Z Collecting psycopg-binary==3.2.9 (from psycopg[binary]==3.2.9->-r requirements-dev.txt (line 25))
2025-08-22T20:47:08.1518398Z   Using cached psycopg_binary-3.2.9-cp312-cp312-manylinux_2_17_x86_64.manylinux2014_x86_64.whl.metadata (2.9 kB)
2025-08-22T20:47:08.1836808Z Collecting argon2-cffi (from minio==7.*->-r requirements-dev.txt (line 10))
2025-08-22T20:47:08.1848554Z   Using cached argon2_cffi-25.1.0-py3-none-any.whl.metadata (4.1 kB)
2025-08-22T20:47:08.2662793Z Collecting pycryptodome (from minio==7.*->-r requirements-dev.txt (line 10))
2025-08-22T20:47:08.2676325Z   Using cached pycryptodome-3.23.0-cp37-abi3-manylinux_2_17_x86_64.manylinux2014_x86_64.whl.metadata (3.4 kB)
2025-08-22T20:47:08.2880010Z Collecting anyio (from httpx<0.29,>=0.27->-r requirements-dev.txt (line 16))
2025-08-22T20:47:08.2891577Z   Using cached anyio-4.10.0-py3-none-any.whl.metadata (4.0 kB)
2025-08-22T20:47:08.3077274Z Collecting httpcore==1.* (from httpx<0.29,>=0.27->-r requirements-dev.txt (line 16))
2025-08-22T20:47:08.3088490Z   Using cached httpcore-1.0.9-py3-none-any.whl.metadata (21 kB)
2025-08-22T20:47:08.3401396Z Collecting tzdata>=2022.7 (from pandas==2.2.*->-r requirements-dev.txt (line 23))
2025-08-22T20:47:08.3412638Z   Using cached tzdata-2025.2-py2.py3-none-any.whl.metadata (1.4 kB)
2025-08-22T20:47:08.3552848Z Collecting multimethod<=1.10.0 (from pandera==0.19.*->-r requirements-dev.txt (line 43))
2025-08-22T20:47:08.3563775Z   Using cached multimethod-1.10-py3-none-any.whl.metadata (8.2 kB)
2025-08-22T20:47:08.3946291Z Collecting typeguard (from pandera==0.19.*->-r requirements-dev.txt (line 43))
2025-08-22T20:47:08.3958756Z   Using cached typeguard-4.4.4-py3-none-any.whl.metadata (3.3 kB)
2025-08-22T20:47:08.4065016Z Collecting typing-inspect>=0.6.0 (from pandera==0.19.*->-r requirements-dev.txt (line 43))
2025-08-22T20:47:08.4076751Z   Using cached typing_inspect-0.9.0-py3-none-any.whl.metadata (1.5 kB)
2025-08-22T20:47:08.4454071Z Collecting databind<5.0.0,>=4.5.2 (from databind.core<5.0.0,>=4.4.0->pydoc-markdown==4.8.2->-r requirements-dev.txt (line 42))
2025-08-22T20:47:08.4465327Z   Using cached databind-4.5.2-py3-none-any.whl.metadata (4.3 kB)
2025-08-22T20:47:08.4583635Z Collecting nr-date<3.0.0,>=2.0.0 (from databind<5.0.0,>=4.5.2->databind.core<5.0.0,>=4.4.0->pydoc-markdown==4.8.2->-r requirements-dev.txt (line 42))
2025-08-22T20:47:08.4594763Z   Using cached nr_date-2.1.0-py3-none-any.whl.metadata (746 bytes)
2025-08-22T20:47:08.4721488Z Collecting nr-stream<2.0.0,>=1.0.0 (from databind<5.0.0,>=4.5.2->databind.core<5.0.0,>=4.4.0->pydoc-markdown==4.8.2->-r requirements-dev.txt (line 42))
2025-08-22T20:47:08.4732187Z   Using cached nr_stream-1.1.5-py3-none-any.whl.metadata (3.6 kB)
2025-08-22T20:47:08.4885884Z Collecting typeapi<3,>=2.0.1 (from databind<5.0.0,>=4.5.2->databind.core<5.0.0,>=4.4.0->pydoc-markdown==4.8.2->-r requirements-dev.txt (line 42))
2025-08-22T20:47:08.4896592Z   Using cached typeapi-2.2.4-py3-none-any.whl.metadata (1.5 kB)
2025-08-22T20:47:08.5152781Z Collecting h11>=0.16 (from httpcore==1.*->httpx<0.29,>=0.27->-r requirements-dev.txt (line 16))
2025-08-22T20:47:08.5163848Z   Using cached h11-0.16.0-py3-none-any.whl.metadata (8.3 kB)
2025-08-22T20:47:08.5382292Z Collecting amqp<6.0.0,>=5.1.1 (from kombu<5.6,>=5.5.2->celery==5.5.3->-r requirements-dev.txt (line 12))
2025-08-22T20:47:08.5393313Z   Using cached amqp-5.3.1-py3-none-any.whl.metadata (8.9 kB)
2025-08-22T20:47:08.5766264Z Collecting iniconfig>=1 (from pytest<9,>=8.2->pytest-asyncio==1.1.0->-r requirements-dev.txt (line 28))
2025-08-22T20:47:08.5777419Z   Using cached iniconfig-2.1.0-py3-none-any.whl.metadata (2.7 kB)
2025-08-22T20:47:08.5977619Z Collecting pygments>=2.7.2 (from pytest<9,>=8.2->pytest-asyncio==1.1.0->-r requirements-dev.txt (line 28))
2025-08-22T20:47:08.5988576Z   Using cached pygments-2.19.2-py3-none-any.whl.metadata (2.5 kB)
2025-08-22T20:47:08.6303562Z Collecting sniffio>=1.1 (from anyio->httpx<0.29,>=0.27->-r requirements-dev.txt (line 16))
2025-08-22T20:47:08.6315432Z   Using cached sniffio-1.3.1-py3-none-any.whl.metadata (3.9 kB)
2025-08-22T20:47:09.1477873Z Collecting botocore<1.41.0,>=1.40.16 (from boto3->-r requirements-dev.txt (line 8))
2025-08-22T20:47:09.1516741Z   Downloading botocore-1.40.16-py3-none-any.whl.metadata (5.7 kB)
2025-08-22T20:47:09.1665942Z Collecting jmespath<2.0.0,>=0.7.1 (from boto3->-r requirements-dev.txt (line 8))
2025-08-22T20:47:09.1678726Z   Using cached jmespath-1.0.1-py3-none-any.whl.metadata (7.6 kB)
2025-08-22T20:47:09.1845075Z Collecting s3transfer<0.14.0,>=0.13.0 (from boto3->-r requirements-dev.txt (line 8))
2025-08-22T20:47:09.1857646Z   Using cached s3transfer-0.13.1-py3-none-any.whl.metadata (1.7 kB)
2025-08-22T20:47:09.4458387Z Collecting fastapi-cli>=0.0.8 (from fastapi-cli[standard]>=0.0.8; extra == "all"->fastapi[all]->-r requirements-dev.txt (line 14))
2025-08-22T20:47:09.4470108Z   Using cached fastapi_cli-0.0.8-py3-none-any.whl.metadata (6.3 kB)
2025-08-22T20:47:09.5231598Z Collecting ujson!=4.0.2,!=4.1.0,!=4.2.0,!=4.3.0,!=5.0.0,!=5.1.0,>=4.0.1 (from fastapi[all]->-r requirements-dev.txt (line 14))
2025-08-22T20:47:09.5244682Z   Using cached ujson-5.11.0-cp312-cp312-manylinux_2_24_x86_64.manylinux_2_28_x86_64.whl.metadata (9.4 kB)
2025-08-22T20:47:09.7622622Z Collecting orjson>=3.2.1 (from fastapi[all]->-r requirements-dev.txt (line 14))
2025-08-22T20:47:09.7636670Z   Using cached orjson-3.11.2-cp312-cp312-manylinux_2_17_x86_64.manylinux2014_x86_64.whl.metadata (1.2 kB)
2025-08-22T20:47:09.7771948Z Collecting email-validator>=2.0.0 (from fastapi[all]->-r requirements-dev.txt (line 14))
2025-08-22T20:47:09.7784778Z   Using cached email_validator-2.2.0-py3-none-any.whl.metadata (25 kB)
2025-08-22T20:47:09.8074599Z Collecting uvicorn>=0.12.0 (from uvicorn[standard]>=0.12.0; extra == "all"->fastapi[all]->-r requirements-dev.txt (line 14))
2025-08-22T20:47:09.8086731Z   Using cached uvicorn-0.35.0-py3-none-any.whl.metadata (6.5 kB)
2025-08-22T20:47:09.8249385Z Collecting pydantic-settings>=2.0.0 (from fastapi[all]->-r requirements-dev.txt (line 14))
2025-08-22T20:47:09.8261296Z   Using cached pydantic_settings-2.10.1-py3-none-any.whl.metadata (3.4 kB)
2025-08-22T20:47:09.8389728Z Collecting pydantic-extra-types>=2.0.0 (from fastapi[all]->-r requirements-dev.txt (line 14))
2025-08-22T20:47:09.8401718Z   Using cached pydantic_extra_types-2.10.5-py3-none-any.whl.metadata (3.9 kB)
2025-08-22T20:47:09.9063500Z Collecting prompt-toolkit>=3.0.36 (from click-repl>=0.2.0->celery==5.5.3->-r requirements-dev.txt (line 12))
2025-08-22T20:47:09.9075650Z   Using cached prompt_toolkit-3.0.51-py3-none-any.whl.metadata (6.4 kB)
2025-08-22T20:47:09.9254172Z Collecting dnspython>=2.0.0 (from email-validator>=2.0.0->fastapi[all]->-r requirements-dev.txt (line 14))
2025-08-22T20:47:09.9265935Z   Using cached dnspython-2.7.0-py3-none-any.whl.metadata (5.8 kB)
2025-08-22T20:47:09.9542782Z Collecting typer>=0.15.1 (from fastapi-cli>=0.0.8->fastapi-cli[standard]>=0.0.8; extra == "all"->fastapi[all]->-r requirements-dev.txt (line 14))
2025-08-22T20:47:09.9554953Z   Using cached typer-0.16.1-py3-none-any.whl.metadata (15 kB)
2025-08-22T20:47:09.9810102Z Collecting rich-toolkit>=0.14.8 (from fastapi-cli>=0.0.8->fastapi-cli[standard]>=0.0.8; extra == "all"->fastapi[all]->-r requirements-dev.txt (line 14))
2025-08-22T20:47:09.9821338Z   Using cached rich_toolkit-0.15.0-py3-none-any.whl.metadata (1.0 kB)
2025-08-22T20:47:09.9930763Z Collecting fastapi-cloud-cli>=0.1.1 (from fastapi-cli[standard]>=0.0.8; extra == "all"->fastapi[all]->-r requirements-dev.txt (line 14))
2025-08-22T20:47:09.9942256Z   Using cached fastapi_cloud_cli-0.1.5-py3-none-any.whl.metadata (3.2 kB)
2025-08-22T20:47:10.0675519Z Collecting rignore>=0.5.1 (from fastapi-cloud-cli>=0.1.1->fastapi-cli[standard]>=0.0.8; extra == "all"->fastapi[all]->-r requirements-dev.txt (line 14))
2025-08-22T20:47:10.0688511Z   Using cached rignore-0.6.4-cp312-cp312-manylinux_2_17_x86_64.manylinux2014_x86_64.whl.metadata (3.8 kB)
2025-08-22T20:47:10.1596344Z Collecting sentry-sdk>=2.20.0 (from fastapi-cloud-cli>=0.1.1->fastapi-cli[standard]>=0.0.8; extra == "all"->fastapi[all]->-r requirements-dev.txt (line 14))
2025-08-22T20:47:10.1607558Z   Using cached sentry_sdk-2.35.0-py2.py3-none-any.whl.metadata (10 kB)
2025-08-22T20:47:10.2553107Z Collecting psutil>=4.0.0 (from mirakuru>=2.6.0->pytest-postgresql==7.0.2->-r requirements-dev.txt (line 30))
2025-08-22T20:47:10.2565595Z   Using cached psutil-7.0.0-cp36-abi3-manylinux_2_12_x86_64.manylinux2010_x86_64.manylinux_2_17_x86_64.manylinux2014_x86_64.whl.metadata (22 kB)
2025-08-22T20:47:10.2886156Z Collecting wcwidth (from prompt-toolkit>=3.0.36->click-repl>=0.2.0->celery==5.5.3->-r requirements-dev.txt (line 12))
2025-08-22T20:47:10.2897329Z   Using cached wcwidth-0.2.13-py2.py3-none-any.whl.metadata (14 kB)
2025-08-22T20:47:10.4118537Z Collecting rich>=13.7.1 (from rich-toolkit>=0.14.8->fastapi-cli>=0.0.8->fastapi-cli[standard]>=0.0.8; extra == "all"->fastapi[all]->-r requirements-dev.txt (line 14))
2025-08-22T20:47:10.4131426Z   Using cached rich-14.1.0-py3-none-any.whl.metadata (18 kB)
2025-08-22T20:47:10.4329905Z Collecting markdown-it-py>=2.2.0 (from rich>=13.7.1->rich-toolkit>=0.14.8->fastapi-cli>=0.0.8->fastapi-cli[standard]>=0.0.8; extra == "all"->fastapi[all]->-r requirements-dev.txt (line 14))
2025-08-22T20:47:10.4341756Z   Using cached markdown_it_py-4.0.0-py3-none-any.whl.metadata (7.3 kB)
2025-08-22T20:47:10.4542632Z Collecting mdurl~=0.1 (from markdown-it-py>=2.2.0->rich>=13.7.1->rich-toolkit>=0.14.8->fastapi-cli>=0.0.8->fastapi-cli[standard]>=0.0.8; extra == "all"->fastapi[all]->-r requirements-dev.txt (line 14))
2025-08-22T20:47:10.4555039Z   Using cached mdurl-0.1.2-py3-none-any.whl.metadata (1.6 kB)
2025-08-22T20:47:10.5005479Z Collecting shellingham>=1.3.0 (from typer>=0.15.1->fastapi-cli>=0.0.8->fastapi-cli[standard]>=0.0.8; extra == "all"->fastapi[all]->-r requirements-dev.txt (line 14))
2025-08-22T20:47:10.5017010Z   Using cached shellingham-1.5.4-py2.py3-none-any.whl.metadata (3.5 kB)
2025-08-22T20:47:10.5725388Z Collecting httptools>=0.6.3 (from uvicorn[standard]>=0.12.0; extra == "all"->fastapi[all]->-r requirements-dev.txt (line 14))
2025-08-22T20:47:10.5738322Z   Using cached httptools-0.6.4-cp312-cp312-manylinux_2_5_x86_64.manylinux1_x86_64.manylinux_2_17_x86_64.manylinux2014_x86_64.whl.metadata (3.6 kB)
2025-08-22T20:47:10.6169984Z Collecting uvloop>=0.15.1 (from uvicorn[standard]>=0.12.0; extra == "all"->fastapi[all]->-r requirements-dev.txt (line 14))
2025-08-22T20:47:10.6182164Z   Using cached uvloop-0.21.0-cp312-cp312-manylinux_2_17_x86_64.manylinux2014_x86_64.whl.metadata (4.9 kB)
2025-08-22T20:47:10.6897615Z Collecting watchfiles>=0.13 (from uvicorn[standard]>=0.12.0; extra == "all"->fastapi[all]->-r requirements-dev.txt (line 14))
2025-08-22T20:47:10.6910749Z   Using cached watchfiles-1.1.0-cp312-cp312-manylinux_2_17_x86_64.manylinux2014_x86_64.whl.metadata (4.9 kB)
2025-08-22T20:47:10.7781435Z Collecting websockets>=10.4 (from uvicorn[standard]>=0.12.0; extra == "all"->fastapi[all]->-r requirements-dev.txt (line 14))
2025-08-22T20:47:10.7794757Z   Using cached websockets-15.0.1-cp312-cp312-manylinux_2_5_x86_64.manylinux1_x86_64.manylinux_2_17_x86_64.manylinux2014_x86_64.whl.metadata (6.8 kB)
2025-08-22T20:47:10.8245708Z Collecting argon2-cffi-bindings (from argon2-cffi->minio==7.*->-r requirements-dev.txt (line 10))
2025-08-22T20:47:10.8258075Z   Using cached argon2_cffi_bindings-25.1.0-cp39-abi3-manylinux_2_26_x86_64.manylinux_2_28_x86_64.whl.metadata (7.4 kB)
2025-08-22T20:47:11.0532315Z Collecting cffi>=1.0.1 (from argon2-cffi-bindings->argon2-cffi->minio==7.*->-r requirements-dev.txt (line 10))
2025-08-22T20:47:11.0545296Z   Using cached cffi-1.17.1-cp312-cp312-manylinux_2_17_x86_64.manylinux2014_x86_64.whl.metadata (1.5 kB)
2025-08-22T20:47:11.0674107Z Collecting pycparser (from cffi>=1.0.1->argon2-cffi-bindings->argon2-cffi->minio==7.*->-r requirements-dev.txt (line 10))
2025-08-22T20:47:11.0685608Z   Using cached pycparser-2.22-py3-none-any.whl.metadata (943 bytes)
2025-08-22T20:47:11.1273914Z Using cached jinja2-3.1.6-py3-none-any.whl (134 kB)
2025-08-22T20:47:11.1286747Z Using cached alembic-1.16.4-py3-none-any.whl (247 kB)
2025-08-22T20:47:11.1299538Z Using cached APScheduler-3.10.4-py3-none-any.whl (59 kB)
2025-08-22T20:47:11.1310929Z Using cached asgi_correlation_id-4.3.1-py3-none-any.whl (15 kB)
2025-08-22T20:47:11.1322076Z Using cached asyncpg-0.30.0-cp312-cp312-manylinux_2_17_x86_64.manylinux2014_x86_64.whl (3.6 MB)
2025-08-22T20:47:11.1359375Z Using cached black-25.1.0-cp312-cp312-manylinux_2_17_x86_64.manylinux2014_x86_64.manylinux_2_28_x86_64.whl (1.8 MB)
2025-08-22T20:47:11.1382919Z Using cached vulture-2.10-py2.py3-none-any.whl (27 kB)
2025-08-22T20:47:11.1393202Z Using cached celery-5.5.3-py3-none-any.whl (438 kB)
2025-08-22T20:47:11.1407079Z Using cached fastapi-0.116.1-py3-none-any.whl (95 kB)
2025-08-22T20:47:11.1418424Z Using cached pydantic-2.11.7-py3-none-any.whl (444 kB)
2025-08-22T20:47:11.1432293Z Using cached fastapi_limiter-0.1.6-py3-none-any.whl (15 kB)
2025-08-22T20:47:11.1442957Z Using cached IMAPClient-3.0.1-py2.py3-none-any.whl (182 kB)
2025-08-22T20:47:11.1455050Z Using cached mypy_extensions-1.1.0-py3-none-any.whl (5.0 kB)
2025-08-22T20:47:11.1465982Z Using cached openpyxl-3.1.5-py2.py3-none-any.whl (250 kB)
2025-08-22T20:47:11.1478685Z Using cached psycopg2_binary-2.9.10-cp312-cp312-manylinux_2_17_x86_64.manylinux2014_x86_64.whl (3.0 MB)
2025-08-22T20:47:11.1510997Z Using cached psycopg-3.2.9-py3-none-any.whl (202 kB)
2025-08-22T20:47:11.1522893Z Using cached pytest_asyncio-1.1.0-py3-none-any.whl (15 kB)
2025-08-22T20:47:11.1533423Z Using cached pytest_cov-6.2.1-py3-none-any.whl (24 kB)
2025-08-22T20:47:11.1544555Z Using cached pytest_postgresql-7.0.2-py3-none-any.whl (41 kB)
2025-08-22T20:47:11.1555364Z Using cached python_telegram_bot-22.3-py3-none-any.whl (717 kB)
2025-08-22T20:47:11.1571105Z Using cached requests-2.32.4-py3-none-any.whl (64 kB)
2025-08-22T20:47:11.1582081Z Using cached respx-0.22.0-py2.py3-none-any.whl (25 kB)
2025-08-22T20:47:11.1593110Z Using cached ruff-0.9.9-py3-none-manylinux_2_17_x86_64.manylinux2014_x86_64.whl (11.2 MB)
2025-08-22T20:47:11.1685050Z Using cached sqlalchemy-2.0.43-cp312-cp312-manylinux_2_17_x86_64.manylinux2014_x86_64.whl (3.3 MB)
2025-08-22T20:47:11.1719721Z Using cached structlog-24.1.0-py3-none-any.whl (65 kB)
2025-08-22T20:47:11.1730813Z Using cached testcontainers-4.12.0-py3-none-any.whl (111 kB)
2025-08-22T20:47:11.1742744Z Using cached types_requests-2.32.4.20250809-py3-none-any.whl (20 kB)
2025-08-22T20:47:11.1753914Z Using cached docspec_python-2.2.2-py3-none-any.whl (15 kB)
2025-08-22T20:47:11.1764701Z Using cached pydoc_markdown-4.8.2-py3-none-any.whl (67 kB)
2025-08-22T20:47:11.1775725Z Using cached docspec-2.2.1-py3-none-any.whl (9.8 kB)
2025-08-22T20:47:11.1788967Z Using cached psycopg_binary-3.2.9-cp312-cp312-manylinux_2_17_x86_64.manylinux2014_x86_64.whl (4.4 MB)
2025-08-22T20:47:11.1831708Z Using cached pydantic_core-2.33.2-cp312-cp312-manylinux_2_17_x86_64.manylinux2014_x86_64.whl (2.0 MB)
2025-08-22T20:47:11.1856414Z Using cached redis-6.4.0-py3-none-any.whl (279 kB)
2025-08-22T20:47:11.1869154Z Using cached minio-7.2.16-py3-none-any.whl (95 kB)
2025-08-22T20:47:11.1880546Z Using cached httpx-0.28.1-py3-none-any.whl (73 kB)
2025-08-22T20:47:11.1892220Z Using cached mypy-1.17.1-cp312-cp312-manylinux2014_x86_64.manylinux_2_17_x86_64.manylinux_2_28_x86_64.whl (12.7 MB)
2025-08-22T20:47:11.1993463Z Using cached numpy-1.26.4-cp312-cp312-manylinux_2_17_x86_64.manylinux2014_x86_64.whl (18.0 MB)
2025-08-22T20:47:11.2133189Z Using cached pandas-2.2.3-cp312-cp312-manylinux_2_17_x86_64.manylinux2014_x86_64.whl (12.7 MB)
2025-08-22T20:47:11.2234706Z Using cached pandera-0.19.3-py3-none-any.whl (251 kB)
2025-08-22T20:47:11.2246987Z Using cached billiard-4.2.1-py3-none-any.whl (86 kB)
2025-08-22T20:47:11.2258853Z Using cached charset_normalizer-3.4.3-cp312-cp312-manylinux2014_x86_64.manylinux_2_17_x86_64.manylinux_2_28_x86_64.whl (151 kB)
2025-08-22T20:47:11.2270356Z Using cached click-8.2.1-py3-none-any.whl (102 kB)
2025-08-22T20:47:11.2281971Z Using cached databind.core-4.5.2-py3-none-any.whl (1.5 kB)
2025-08-22T20:47:11.2292917Z Using cached databind-4.5.2-py3-none-any.whl (49 kB)
2025-08-22T20:47:11.2303939Z Using cached databind.json-4.5.2-py3-none-any.whl (1.5 kB)
2025-08-22T20:47:11.2314739Z Using cached Deprecated-1.2.18-py2.py3-none-any.whl (10.0 kB)
2025-08-22T20:47:11.2325950Z Using cached httpcore-1.0.9-py3-none-any.whl (78 kB)
2025-08-22T20:47:11.2337189Z Using cached idna-3.10-py3-none-any.whl (70 kB)
2025-08-22T20:47:11.2348261Z Using cached kombu-5.5.4-py3-none-any.whl (210 kB)
2025-08-22T20:47:11.2360181Z Using cached vine-5.1.0-py3-none-any.whl (9.6 kB)
2025-08-22T20:47:11.2370960Z Using cached amqp-5.3.1-py3-none-any.whl (50 kB)
2025-08-22T20:47:11.2381822Z Using cached multimethod-1.10-py3-none-any.whl (9.9 kB)
2025-08-22T20:47:11.2392322Z Using cached nr_date-2.1.0-py3-none-any.whl (10 kB)
2025-08-22T20:47:11.2403044Z Using cached nr_stream-1.1.5-py3-none-any.whl (10 kB)
2025-08-22T20:47:11.2413703Z Using cached nr.util-0.8.12-py3-none-any.whl (90 kB)
2025-08-22T20:47:11.2425046Z Using cached pytest-8.4.1-py3-none-any.whl (365 kB)
2025-08-22T20:47:11.2438626Z Using cached pluggy-1.6.0-py3-none-any.whl (20 kB)
2025-08-22T20:47:11.2449660Z Using cached PyYAML-6.0.2-cp312-cp312-manylinux_2_17_x86_64.manylinux2014_x86_64.whl (767 kB)
2025-08-22T20:47:11.2465842Z Using cached starlette-0.47.2-py3-none-any.whl (72 kB)
2025-08-22T20:47:11.2477020Z Using cached anyio-4.10.0-py3-none-any.whl (107 kB)
2025-08-22T20:47:11.2488648Z Using cached tomli-2.2.1-cp312-cp312-manylinux_2_17_x86_64.manylinux2014_x86_64.whl (242 kB)
2025-08-22T20:47:11.2500852Z Using cached tomli_w-1.2.0-py3-none-any.whl (6.7 kB)
2025-08-22T20:47:11.2511528Z Using cached typeapi-2.2.4-py3-none-any.whl (26 kB)
2025-08-22T20:47:11.2522545Z Using cached typing_extensions-4.14.1-py3-none-any.whl (43 kB)
2025-08-22T20:47:11.2533552Z Using cached urllib3-2.5.0-py3-none-any.whl (129 kB)
2025-08-22T20:47:11.2545733Z Using cached wrapt-1.17.3-cp312-cp312-manylinux1_x86_64.manylinux_2_28_x86_64.manylinux_2_5_x86_64.whl (88 kB)
2025-08-22T20:47:11.2582011Z Downloading boto3-1.40.16-py3-none-any.whl (140 kB)
2025-08-22T20:47:11.2760222Z Downloading botocore-1.40.16-py3-none-any.whl (14.0 MB)
2025-08-22T20:47:11.3499866Z    ━━━━━━━━━━━━━━━━━━━━━━━━━━━━━━━━━━━━━━━━ 14.0/14.0 MB 195.5 MB/s  0:00:00
2025-08-22T20:47:11.3512700Z Using cached jmespath-1.0.1-py3-none-any.whl (20 kB)
2025-08-22T20:47:11.3524746Z Using cached python_dateutil-2.9.0.post0-py2.py3-none-any.whl (229 kB)
2025-08-22T20:47:11.3537608Z Using cached s3transfer-0.13.1-py3-none-any.whl (85 kB)
2025-08-22T20:47:11.3549329Z Using cached itsdangerous-2.2.0-py3-none-any.whl (16 kB)
2025-08-22T20:47:11.3560645Z Using cached setuptools-80.9.0-py3-none-any.whl (1.2 MB)
2025-08-22T20:47:11.3580796Z Using cached python_dotenv-1.1.1-py3-none-any.whl (20 kB)
2025-08-22T20:47:11.3592182Z Using cached python_multipart-0.0.20-py3-none-any.whl (24 kB)
2025-08-22T20:47:11.3603377Z Using cached annotated_types-0.7.0-py3-none-any.whl (13 kB)
2025-08-22T20:47:11.3614738Z Using cached certifi-2025.8.3-py3-none-any.whl (161 kB)
2025-08-22T20:47:11.3626934Z Using cached click_didyoumean-0.3.1-py3-none-any.whl (3.6 kB)
2025-08-22T20:47:11.3638614Z Using cached click_plugins-1.1.1.2-py2.py3-none-any.whl (11 kB)
2025-08-22T20:47:11.3649640Z Using cached click_repl-0.3.0-py3-none-any.whl (10 kB)
2025-08-22T20:47:11.3661234Z Using cached coverage-7.10.4-cp312-cp312-manylinux1_x86_64.manylinux_2_28_x86_64.manylinux_2_5_x86_64.whl (251 kB)
2025-08-22T20:47:11.3673743Z Using cached email_validator-2.2.0-py3-none-any.whl (33 kB)
2025-08-22T20:47:11.3685023Z Using cached dnspython-2.7.0-py3-none-any.whl (313 kB)
2025-08-22T20:47:11.3698593Z Using cached fastapi_cli-0.0.8-py3-none-any.whl (10 kB)
2025-08-22T20:47:11.3709727Z Using cached fastapi_cloud_cli-0.1.5-py3-none-any.whl (18 kB)
2025-08-22T20:47:11.3721285Z Using cached greenlet-3.2.4-cp312-cp312-manylinux_2_24_x86_64.manylinux_2_28_x86_64.whl (607 kB)
2025-08-22T20:47:11.3736570Z Using cached h11-0.16.0-py3-none-any.whl (37 kB)
2025-08-22T20:47:11.3748178Z Using cached iniconfig-2.1.0-py3-none-any.whl (6.0 kB)
2025-08-22T20:47:11.3759834Z Using cached MarkupSafe-3.0.2-cp312-cp312-manylinux_2_17_x86_64.manylinux2014_x86_64.whl (23 kB)
2025-08-22T20:47:11.3771041Z Using cached mirakuru-2.6.1-py3-none-any.whl (26 kB)
2025-08-22T20:47:11.3782601Z Using cached orjson-3.11.2-cp312-cp312-manylinux_2_17_x86_64.manylinux2014_x86_64.whl (121 kB)
2025-08-22T20:47:11.3794960Z Using cached packaging-25.0-py3-none-any.whl (66 kB)
2025-08-22T20:47:11.3806428Z Using cached pathspec-0.12.1-py3-none-any.whl (31 kB)
2025-08-22T20:47:11.3817760Z Using cached platformdirs-4.3.8-py3-none-any.whl (18 kB)
2025-08-22T20:47:11.3828872Z Using cached port_for-0.7.4-py3-none-any.whl (21 kB)
2025-08-22T20:47:11.3840107Z Using cached prompt_toolkit-3.0.51-py3-none-any.whl (387 kB)
2025-08-22T20:47:11.3854721Z Using cached psutil-7.0.0-cp36-abi3-manylinux_2_12_x86_64.manylinux2010_x86_64.manylinux_2_17_x86_64.manylinux2014_x86_64.whl (277 kB)
2025-08-22T20:47:11.3867740Z Using cached pydantic_extra_types-2.10.5-py3-none-any.whl (38 kB)
2025-08-22T20:47:11.3879111Z Using cached pydantic_settings-2.10.1-py3-none-any.whl (45 kB)
2025-08-22T20:47:11.3891277Z Using cached pygments-2.19.2-py3-none-any.whl (1.2 MB)
2025-08-22T20:47:11.3911148Z Using cached pytz-2025.2-py2.py3-none-any.whl (509 kB)
2025-08-22T20:47:11.3925804Z Using cached rich_toolkit-0.15.0-py3-none-any.whl (29 kB)
2025-08-22T20:47:11.3937010Z Using cached rich-14.1.0-py3-none-any.whl (243 kB)
2025-08-22T20:47:11.3949871Z Using cached markdown_it_py-4.0.0-py3-none-any.whl (87 kB)
2025-08-22T20:47:11.3961360Z Using cached mdurl-0.1.2-py3-none-any.whl (10.0 kB)
2025-08-22T20:47:11.3972866Z Using cached rignore-0.6.4-cp312-cp312-manylinux_2_17_x86_64.manylinux2014_x86_64.whl (949 kB)
2025-08-22T20:47:11.3990902Z Using cached sentry_sdk-2.35.0-py2.py3-none-any.whl (363 kB)
2025-08-22T20:47:11.4004626Z Using cached six-1.17.0-py2.py3-none-any.whl (11 kB)
2025-08-22T20:47:11.4015828Z Using cached sniffio-1.3.1-py3-none-any.whl (10 kB)
2025-08-22T20:47:11.4026871Z Using cached typer-0.16.1-py3-none-any.whl (46 kB)
2025-08-22T20:47:11.4038232Z Using cached shellingham-1.5.4-py2.py3-none-any.whl (9.8 kB)
2025-08-22T20:47:11.4049215Z Using cached typing_inspect-0.9.0-py3-none-any.whl (8.8 kB)
2025-08-22T20:47:11.4060415Z Using cached typing_inspection-0.4.1-py3-none-any.whl (14 kB)
2025-08-22T20:47:11.4071582Z Using cached tzdata-2025.2-py2.py3-none-any.whl (347 kB)
2025-08-22T20:47:11.4085003Z Using cached tzlocal-5.3.1-py3-none-any.whl (18 kB)
2025-08-22T20:47:11.4096677Z Using cached ujson-5.11.0-cp312-cp312-manylinux_2_24_x86_64.manylinux_2_28_x86_64.whl (57 kB)
2025-08-22T20:47:11.4108289Z Using cached uvicorn-0.35.0-py3-none-any.whl (66 kB)
2025-08-22T20:47:11.4120689Z Using cached httptools-0.6.4-cp312-cp312-manylinux_2_5_x86_64.manylinux1_x86_64.manylinux_2_17_x86_64.manylinux2014_x86_64.whl (510 kB)
2025-08-22T20:47:11.4135289Z Using cached uvloop-0.21.0-cp312-cp312-manylinux_2_17_x86_64.manylinux2014_x86_64.whl (4.7 MB)
2025-08-22T20:47:11.4180393Z Using cached watchfiles-1.1.0-cp312-cp312-manylinux_2_17_x86_64.manylinux2014_x86_64.whl (452 kB)
2025-08-22T20:47:11.4195341Z Using cached websockets-15.0.1-cp312-cp312-manylinux_2_5_x86_64.manylinux1_x86_64.manylinux_2_17_x86_64.manylinux2014_x86_64.whl (182 kB)
2025-08-22T20:47:11.4207423Z Using cached yapf-0.43.0-py3-none-any.whl (256 kB)
2025-08-22T20:47:11.4220221Z Using cached argon2_cffi-25.1.0-py3-none-any.whl (14 kB)
2025-08-22T20:47:11.4231912Z Using cached argon2_cffi_bindings-25.1.0-cp39-abi3-manylinux_2_26_x86_64.manylinux_2_28_x86_64.whl (87 kB)
2025-08-22T20:47:11.4243747Z Using cached cffi-1.17.1-cp312-cp312-manylinux_2_17_x86_64.manylinux2014_x86_64.whl (479 kB)
2025-08-22T20:47:11.4258625Z Using cached docker-7.1.0-py3-none-any.whl (147 kB)
2025-08-22T20:47:11.4270758Z Using cached et_xmlfile-2.0.0-py3-none-any.whl (18 kB)
2025-08-22T20:47:11.4281907Z Using cached mako-1.3.10-py3-none-any.whl (78 kB)
2025-08-22T20:47:11.4293561Z Using cached pycparser-2.22-py3-none-any.whl (117 kB)
2025-08-22T20:47:11.4306256Z Using cached pycryptodome-3.23.0-cp37-abi3-manylinux_2_17_x86_64.manylinux2014_x86_64.whl (2.3 MB)
2025-08-22T20:47:11.4333011Z Using cached toml-0.10.2-py2.py3-none-any.whl (16 kB)
2025-08-22T20:47:11.4344125Z Using cached typeguard-4.4.4-py3-none-any.whl (34 kB)
2025-08-22T20:47:11.4355891Z Using cached watchdog-6.0.0-py3-none-manylinux2014_x86_64.whl (79 kB)
2025-08-22T20:47:11.4367406Z Using cached wcwidth-0.2.13-py2.py3-none-any.whl (34 kB)
2025-08-22T20:47:11.9101087Z Installing collected packages: wcwidth, pytz, wrapt, websockets, watchdog, vine, uvloop, urllib3, ujson, tzlocal, tzdata, typing-extensions, tomli_w, tomli, toml, structlog, sniffio, six, shellingham, setuptools, ruff, rignore, redis, PyYAML, python-multipart, python-dotenv, pygments, pycryptodome, pycparser, psycopg2-binary, psycopg-binary, psutil, prompt-toolkit, port-for, pluggy, platformdirs, pathspec, packaging, orjson, numpy, nr-stream, nr-date, mypy-extensions, multimethod, mdurl, MarkupSafe, jmespath, itsdangerous, iniconfig, imapclient, idna, httptools, h11, greenlet, et-xmlfile, docstring-parser, dnspython, coverage, click, charset_normalizer, certifi, billiard, asyncpg, annotated-types, yapf, vulture, uvicorn, typing-inspection, typing-inspect, types-requests, typeguard, typeapi, sqlalchemy, sentry-sdk, requests, python-dateutil, pytest, pydantic-core, psycopg, openpyxl, mypy, mirakuru, markdown-it-py, Mako, Jinja2, httpcore, email-validator, Deprecated, click-repl, click-plugins, click-didyoumean, cffi, black, apscheduler, anyio, amqp, watchfiles, starlette, rich, pytest-postgresql, pytest-cov, pytest-asyncio, pydantic, pandas, nr-util, kombu, httpx, docker, databind, botocore, argon2-cffi-bindings, alembic, typer, testcontainers, s3transfer, rich-toolkit, respx, python-telegram-bot, pydantic-settings, pydantic-extra-types, pandera, fastapi, databind.json, databind.core, celery, asgi-correlation-id, argon2-cffi, minio, fastapi-limiter, fastapi-cloud-cli, fastapi-cli, docspec, boto3, docspec-python, pydoc-markdown
2025-08-22T20:47:31.0875448Z 
2025-08-22T20:47:31.0999654Z Successfully installed Deprecated-1.2.18 Jinja2-3.1.6 Mako-1.3.10 MarkupSafe-3.0.2 PyYAML-6.0.2 alembic-1.16.4 amqp-5.3.1 annotated-types-0.7.0 anyio-4.10.0 apscheduler-3.10.4 argon2-cffi-25.1.0 argon2-cffi-bindings-25.1.0 asgi-correlation-id-4.3.1 asyncpg-0.30.0 billiard-4.2.1 black-25.1.0 boto3-1.40.16 botocore-1.40.16 celery-5.5.3 certifi-2025.8.3 cffi-1.17.1 charset_normalizer-3.4.3 click-8.2.1 click-didyoumean-0.3.1 click-plugins-1.1.1.2 click-repl-0.3.0 coverage-7.10.4 databind-4.5.2 databind.core-4.5.2 databind.json-4.5.2 dnspython-2.7.0 docker-7.1.0 docspec-2.2.1 docspec-python-2.2.2 docstring-parser-0.11 email-validator-2.2.0 et-xmlfile-2.0.0 fastapi-0.116.1 fastapi-cli-0.0.8 fastapi-cloud-cli-0.1.5 fastapi-limiter-0.1.6 greenlet-3.2.4 h11-0.16.0 httpcore-1.0.9 httptools-0.6.4 httpx-0.28.1 idna-3.10 imapclient-3.0.1 iniconfig-2.1.0 itsdangerous-2.2.0 jmespath-1.0.1 kombu-5.5.4 markdown-it-py-4.0.0 mdurl-0.1.2 minio-7.2.16 mirakuru-2.6.1 multimethod-1.10 mypy-1.17.1 mypy-extensions-1.1.0 nr-date-2.1.0 nr-stream-1.1.5 nr-util-0.8.12 numpy-1.26.4 openpyxl-3.1.5 orjson-3.11.2 packaging-25.0 pandas-2.2.3 pandera-0.19.3 pathspec-0.12.1 platformdirs-4.3.8 pluggy-1.6.0 port-for-0.7.4 prompt-toolkit-3.0.51 psutil-7.0.0 psycopg-3.2.9 psycopg-binary-3.2.9 psycopg2-binary-2.9.10 pycparser-2.22 pycryptodome-3.23.0 pydantic-2.11.7 pydantic-core-2.33.2 pydantic-extra-types-2.10.5 pydantic-settings-2.10.1 pydoc-markdown-4.8.2 pygments-2.19.2 pytest-8.4.1 pytest-asyncio-1.1.0 pytest-cov-6.2.1 pytest-postgresql-7.0.2 python-dateutil-2.9.0.post0 python-dotenv-1.1.1 python-multipart-0.0.20 python-telegram-bot-22.3 pytz-2025.2 redis-6.4.0 requests-2.32.4 respx-0.22.0 rich-14.1.0 rich-toolkit-0.15.0 rignore-0.6.4 ruff-0.9.9 s3transfer-0.13.1 sentry-sdk-2.35.0 setuptools-80.9.0 shellingham-1.5.4 six-1.17.0 sniffio-1.3.1 sqlalchemy-2.0.43 starlette-0.47.2 structlog-24.1.0 testcontainers-4.12.0 toml-0.10.2 tomli-2.2.1 tomli_w-1.2.0 typeapi-2.2.4 typeguard-4.4.4 typer-0.16.1 types-requests-2.32.4.20250809 typing-extensions-4.14.1 typing-inspect-0.9.0 typing-inspection-0.4.1 tzdata-2025.2 tzlocal-5.3.1 ujson-5.11.0 urllib3-2.5.0 uvicorn-0.35.0 uvloop-0.21.0 vine-5.1.0 vulture-2.10 watchdog-6.0.0 watchfiles-1.1.0 wcwidth-0.2.13 websockets-15.0.1 wrapt-1.17.3 yapf-0.43.0
2025-08-22T20:47:32.8640810Z Collecting keepa==1.3.15
2025-08-22T20:47:32.8653617Z   Using cached keepa-1.3.15-py3-none-any.whl.metadata (11 kB)
2025-08-22T20:47:32.9000030Z Collecting minio==7.1.15
2025-08-22T20:47:32.9012062Z   Using cached minio-7.1.15-py3-none-any.whl.metadata (4.2 kB)
2025-08-22T20:47:32.9039069Z Requirement already satisfied: numpy>=1.9.3 in /opt/hostedtoolcache/Python/3.12.11/x64/lib/python3.12/site-packages (from keepa==1.3.15) (1.26.4)
2025-08-22T20:47:32.9045186Z Requirement already satisfied: requests>=2.2 in /opt/hostedtoolcache/Python/3.12.11/x64/lib/python3.12/site-packages (from keepa==1.3.15) (2.32.4)
2025-08-22T20:47:32.9357697Z Collecting tqdm (from keepa==1.3.15)
2025-08-22T20:47:32.9369047Z   Using cached tqdm-4.67.1-py3-none-any.whl.metadata (57 kB)
2025-08-22T20:47:33.4148283Z Collecting aiohttp (from keepa==1.3.15)
2025-08-22T20:47:33.4162328Z   Using cached aiohttp-3.12.15-cp312-cp312-manylinux_2_17_x86_64.manylinux2014_x86_64.whl.metadata (7.7 kB)
2025-08-22T20:47:33.4197787Z Requirement already satisfied: pandas<=3.0 in /opt/hostedtoolcache/Python/3.12.11/x64/lib/python3.12/site-packages (from keepa==1.3.15) (2.2.3)
2025-08-22T20:47:33.4202446Z Requirement already satisfied: pydantic in /opt/hostedtoolcache/Python/3.12.11/x64/lib/python3.12/site-packages (from keepa==1.3.15) (2.11.7)
2025-08-22T20:47:33.4210840Z Requirement already satisfied: certifi in /opt/hostedtoolcache/Python/3.12.11/x64/lib/python3.12/site-packages (from minio==7.1.15) (2025.8.3)
2025-08-22T20:47:33.4214827Z Requirement already satisfied: urllib3 in /opt/hostedtoolcache/Python/3.12.11/x64/lib/python3.12/site-packages (from minio==7.1.15) (2.5.0)
2025-08-22T20:47:33.4272588Z Requirement already satisfied: python-dateutil>=2.8.2 in /opt/hostedtoolcache/Python/3.12.11/x64/lib/python3.12/site-packages (from pandas<=3.0->keepa==1.3.15) (2.9.0.post0)
2025-08-22T20:47:33.4278461Z Requirement already satisfied: pytz>=2020.1 in /opt/hostedtoolcache/Python/3.12.11/x64/lib/python3.12/site-packages (from pandas<=3.0->keepa==1.3.15) (2025.2)
2025-08-22T20:47:33.4284168Z Requirement already satisfied: tzdata>=2022.7 in /opt/hostedtoolcache/Python/3.12.11/x64/lib/python3.12/site-packages (from pandas<=3.0->keepa==1.3.15) (2025.2)
2025-08-22T20:47:33.4411402Z Requirement already satisfied: six>=1.5 in /opt/hostedtoolcache/Python/3.12.11/x64/lib/python3.12/site-packages (from python-dateutil>=2.8.2->pandas<=3.0->keepa==1.3.15) (1.17.0)
2025-08-22T20:47:33.4431376Z Requirement already satisfied: charset_normalizer<4,>=2 in /opt/hostedtoolcache/Python/3.12.11/x64/lib/python3.12/site-packages (from requests>=2.2->keepa==1.3.15) (3.4.3)
2025-08-22T20:47:33.4438505Z Requirement already satisfied: idna<4,>=2.5 in /opt/hostedtoolcache/Python/3.12.11/x64/lib/python3.12/site-packages (from requests>=2.2->keepa==1.3.15) (3.10)
2025-08-22T20:47:33.4629478Z Collecting aiohappyeyeballs>=2.5.0 (from aiohttp->keepa==1.3.15)
2025-08-22T20:47:33.4641804Z   Using cached aiohappyeyeballs-2.6.1-py3-none-any.whl.metadata (5.9 kB)
2025-08-22T20:47:33.4728544Z Collecting aiosignal>=1.4.0 (from aiohttp->keepa==1.3.15)
2025-08-22T20:47:33.4740196Z   Using cached aiosignal-1.4.0-py3-none-any.whl.metadata (3.7 kB)
2025-08-22T20:47:33.4879210Z Collecting attrs>=17.3.0 (from aiohttp->keepa==1.3.15)
2025-08-22T20:47:33.4890787Z   Using cached attrs-25.3.0-py3-none-any.whl.metadata (10 kB)
2025-08-22T20:47:33.5545621Z Collecting frozenlist>=1.1.1 (from aiohttp->keepa==1.3.15)
2025-08-22T20:47:33.5559896Z   Using cached frozenlist-1.7.0-cp312-cp312-manylinux_2_5_x86_64.manylinux1_x86_64.manylinux_2_17_x86_64.manylinux2014_x86_64.whl.metadata (18 kB)
2025-08-22T20:47:33.7933118Z Collecting multidict<7.0,>=4.5 (from aiohttp->keepa==1.3.15)
2025-08-22T20:47:33.7947351Z   Using cached multidict-6.6.4-cp312-cp312-manylinux2014_x86_64.manylinux_2_17_x86_64.manylinux_2_28_x86_64.whl.metadata (5.3 kB)
2025-08-22T20:47:33.8351093Z Collecting propcache>=0.2.0 (from aiohttp->keepa==1.3.15)
2025-08-22T20:47:33.8363442Z   Using cached propcache-0.3.2-cp312-cp312-manylinux_2_17_x86_64.manylinux2014_x86_64.whl.metadata (12 kB)
2025-08-22T20:47:34.0668907Z Collecting yarl<2.0,>=1.17.0 (from aiohttp->keepa==1.3.15)
2025-08-22T20:47:34.0682731Z   Using cached yarl-1.20.1-cp312-cp312-manylinux_2_17_x86_64.manylinux2014_x86_64.whl.metadata (73 kB)
2025-08-22T20:47:34.0900001Z Requirement already satisfied: typing-extensions>=4.2 in /opt/hostedtoolcache/Python/3.12.11/x64/lib/python3.12/site-packages (from aiosignal>=1.4.0->aiohttp->keepa==1.3.15) (4.14.1)
2025-08-22T20:47:34.0949611Z Requirement already satisfied: annotated-types>=0.6.0 in /opt/hostedtoolcache/Python/3.12.11/x64/lib/python3.12/site-packages (from pydantic->keepa==1.3.15) (0.7.0)
2025-08-22T20:47:34.0955818Z Requirement already satisfied: pydantic-core==2.33.2 in /opt/hostedtoolcache/Python/3.12.11/x64/lib/python3.12/site-packages (from pydantic->keepa==1.3.15) (2.33.2)
2025-08-22T20:47:34.0963784Z Requirement already satisfied: typing-inspection>=0.4.0 in /opt/hostedtoolcache/Python/3.12.11/x64/lib/python3.12/site-packages (from pydantic->keepa==1.3.15) (0.4.1)
2025-08-22T20:47:34.1024824Z Using cached keepa-1.3.15-py3-none-any.whl (38 kB)
2025-08-22T20:47:34.1036164Z Using cached minio-7.1.15-py3-none-any.whl (77 kB)
2025-08-22T20:47:34.1048154Z Using cached aiohttp-3.12.15-cp312-cp312-manylinux_2_17_x86_64.manylinux2014_x86_64.whl (1.7 MB)
2025-08-22T20:47:34.1072324Z Using cached multidict-6.6.4-cp312-cp312-manylinux2014_x86_64.manylinux_2_17_x86_64.manylinux_2_28_x86_64.whl (256 kB)
2025-08-22T20:47:34.1085174Z Using cached yarl-1.20.1-cp312-cp312-manylinux_2_17_x86_64.manylinux2014_x86_64.whl (355 kB)
2025-08-22T20:47:34.1098702Z Using cached aiohappyeyeballs-2.6.1-py3-none-any.whl (15 kB)
2025-08-22T20:47:34.1109788Z Using cached aiosignal-1.4.0-py3-none-any.whl (7.5 kB)
2025-08-22T20:47:34.1120896Z Using cached attrs-25.3.0-py3-none-any.whl (63 kB)
2025-08-22T20:47:34.1132850Z Using cached frozenlist-1.7.0-cp312-cp312-manylinux_2_5_x86_64.manylinux1_x86_64.manylinux_2_17_x86_64.manylinux2014_x86_64.whl (241 kB)
2025-08-22T20:47:34.1145699Z Using cached propcache-0.3.2-cp312-cp312-manylinux_2_17_x86_64.manylinux2014_x86_64.whl (224 kB)
2025-08-22T20:47:34.1157975Z Using cached tqdm-4.67.1-py3-none-any.whl (78 kB)
2025-08-22T20:47:34.2960106Z Installing collected packages: tqdm, propcache, multidict, minio, frozenlist, attrs, aiohappyeyeballs, yarl, aiosignal, aiohttp, keepa
2025-08-22T20:47:34.3710639Z   Attempting uninstall: minio
2025-08-22T20:47:34.3760016Z     Found existing installation: minio 7.2.16
2025-08-22T20:47:34.3797614Z     Uninstalling minio-7.2.16:
2025-08-22T20:47:34.3808283Z       Successfully uninstalled minio-7.2.16
2025-08-22T20:47:34.7483911Z 
2025-08-22T20:47:34.7599081Z Successfully installed aiohappyeyeballs-2.6.1 aiohttp-3.12.15 aiosignal-1.4.0 attrs-25.3.0 frozenlist-1.7.0 keepa-1.3.15 minio-7.1.15 multidict-6.6.4 propcache-0.3.2 tqdm-4.67.1 yarl-1.20.1
2025-08-22T20:47:34.9165861Z ##[group]Run for i in {1..30}; do pg_isready -h "$PG_HOST" -p "$PG_PORT" -U "$PG_USER" -d "$PG_DATABASE" && break; sleep 1; done
2025-08-22T20:47:34.9166540Z [36;1mfor i in {1..30}; do pg_isready -h "$PG_HOST" -p "$PG_PORT" -U "$PG_USER" -d "$PG_DATABASE" && break; sleep 1; done[0m
2025-08-22T20:47:34.9208129Z shell: /usr/bin/bash -e {0}
2025-08-22T20:47:34.9208362Z env:
2025-08-22T20:47:34.9208561Z   REDIS_URL: redis://localhost:6379/0
2025-08-22T20:47:34.9208820Z   RATE_LIMIT_DEFAULT: 100/minute
2025-08-22T20:47:34.9209041Z   TRUST_X_FORWARDED: 1
2025-08-22T20:47:34.9209240Z   PG_USER: postgres
2025-08-22T20:47:34.9209439Z   PG_PASSWORD: pass
2025-08-22T20:47:34.9209624Z   PG_DATABASE: awa
2025-08-22T20:47:34.9209802Z   PG_HOST: localhost
2025-08-22T20:47:34.9209986Z   PG_PORT: 5432
2025-08-22T20:47:34.9210436Z   PG_SYNC_DSN: ***localhost:5432/awa
2025-08-22T20:47:34.9210839Z   PG_ASYNC_DSN: ***localhost:5432/awa
2025-08-22T20:47:34.9211273Z   DATABASE_URL: ***localhost:5432/awa
2025-08-22T20:47:34.9211522Z   DATA_DIR: /tmp/awa-data
2025-08-22T20:47:34.9211718Z   ENABLE_LIVE: 0
2025-08-22T20:47:34.9212074Z   TESTING: 1
2025-08-22T20:47:34.9212318Z   pythonLocation: /opt/hostedtoolcache/Python/3.12.11/x64
2025-08-22T20:47:34.9212712Z   PKG_CONFIG_PATH: /opt/hostedtoolcache/Python/3.12.11/x64/lib/pkgconfig
2025-08-22T20:47:34.9213101Z   Python_ROOT_DIR: /opt/hostedtoolcache/Python/3.12.11/x64
2025-08-22T20:47:34.9213448Z   Python2_ROOT_DIR: /opt/hostedtoolcache/Python/3.12.11/x64
2025-08-22T20:47:34.9213806Z   Python3_ROOT_DIR: /opt/hostedtoolcache/Python/3.12.11/x64
2025-08-22T20:47:34.9214152Z   LD_LIBRARY_PATH: /opt/hostedtoolcache/Python/3.12.11/x64/lib
2025-08-22T20:47:34.9214631Z ##[endgroup]
2025-08-22T20:47:34.9818647Z localhost:5432 - accepting connections
2025-08-22T20:47:34.9850651Z ##[group]Run alembic -c services/api/alembic.ini upgrade head
2025-08-22T20:47:34.9851068Z [36;1malembic -c services/api/alembic.ini upgrade head[0m
2025-08-22T20:47:34.9890978Z shell: /usr/bin/bash -e {0}
2025-08-22T20:47:34.9891202Z env:
2025-08-22T20:47:34.9891413Z   REDIS_URL: redis://localhost:6379/0
2025-08-22T20:47:34.9891696Z   RATE_LIMIT_DEFAULT: 100/minute
2025-08-22T20:47:34.9891914Z   TRUST_X_FORWARDED: 1
2025-08-22T20:47:34.9892121Z   PG_USER: postgres
2025-08-22T20:47:34.9892311Z   PG_PASSWORD: pass
2025-08-22T20:47:34.9892488Z   PG_DATABASE: awa
2025-08-22T20:47:34.9892659Z   PG_HOST: localhost
2025-08-22T20:47:34.9892840Z   PG_PORT: 5432
2025-08-22T20:47:34.9893261Z   PG_SYNC_DSN: ***localhost:5432/awa
2025-08-22T20:47:34.9893642Z   PG_ASYNC_DSN: ***localhost:5432/awa
2025-08-22T20:47:34.9894022Z   DATABASE_URL: ***localhost:5432/awa
2025-08-22T20:47:34.9894259Z   DATA_DIR: /tmp/awa-data
2025-08-22T20:47:34.9894657Z   ENABLE_LIVE: 0
2025-08-22T20:47:34.9894860Z   TESTING: 1
2025-08-22T20:47:34.9895096Z   pythonLocation: /opt/hostedtoolcache/Python/3.12.11/x64
2025-08-22T20:47:34.9895491Z   PKG_CONFIG_PATH: /opt/hostedtoolcache/Python/3.12.11/x64/lib/pkgconfig
2025-08-22T20:47:34.9895881Z   Python_ROOT_DIR: /opt/hostedtoolcache/Python/3.12.11/x64
2025-08-22T20:47:34.9896223Z   Python2_ROOT_DIR: /opt/hostedtoolcache/Python/3.12.11/x64
2025-08-22T20:47:34.9896572Z   Python3_ROOT_DIR: /opt/hostedtoolcache/Python/3.12.11/x64
2025-08-22T20:47:34.9896925Z   LD_LIBRARY_PATH: /opt/hostedtoolcache/Python/3.12.11/x64/lib
2025-08-22T20:47:34.9897211Z ##[endgroup]
2025-08-22T20:47:35.8150884Z INFO  [alembic.runtime.migration] Context impl PostgresqlImpl.
2025-08-22T20:47:35.8151397Z INFO  [alembic.runtime.migration] Will assume transactional DDL.
2025-08-22T20:47:35.8401531Z INFO  [alembic.runtime.migration] Running upgrade  -> 0001_baseline
2025-08-22T20:47:35.8551062Z INFO  [alembic.runtime.migration] Running upgrade 0001_baseline -> 0002_create_roi_view
2025-08-22T20:47:35.8577031Z INFO  [alembic.runtime.migration] Running upgrade 0002_create_roi_view -> 3e9d5c5aff2c
2025-08-22T20:47:35.8740563Z INFO  [alembic.runtime.migration] Running upgrade 3e9d5c5aff2c -> 0003_vendor_prices
2025-08-22T20:47:35.8890460Z INFO  [alembic.runtime.migration] Running upgrade 0003_vendor_prices -> 0004_fee_cron
2025-08-22T20:47:35.8963248Z INFO  [alembic.runtime.migration] Running upgrade 0004_fee_cron -> 0006_fix_roi_views
2025-08-22T20:47:35.8996265Z INFO  [alembic.runtime.migration] Running upgrade 0006_fix_roi_views -> 0020_unified_schema
2025-08-22T20:47:35.9108889Z INFO  [alembic.runtime.migration] Running upgrade 0020_unified_schema -> 0022_fix_roi_view
2025-08-22T20:47:35.9186174Z INFO  [alembic.runtime.migration] Running upgrade 0022_fix_roi_view -> 0023_add_storage_fee
2025-08-22T20:47:35.9223229Z INFO  [alembic.runtime.migration] Running upgrade 0023_add_storage_fee -> 0024_create_buybox
2025-08-22T20:47:35.9250494Z INFO  [alembic.runtime.migration] Running upgrade 0024_create_buybox -> 0025_pr4_indexes_loadlog
2025-08-22T20:47:35.9459732Z INFO  [alembic.runtime.migration] Running upgrade 0025_pr4_indexes_loadlog -> 0026_fix_refund_views
2025-08-22T20:47:35.9517824Z INFO  [alembic.runtime.migration] Running upgrade 0025_pr4_indexes_loadlog -> 0026_amazon_new_reports
2025-08-22T20:47:35.9710092Z INFO  [alembic.runtime.migration] Running upgrade 0026_amazon_new_reports, 0026_fix_refund_views -> 0027_merge_reports_refund_heads
2025-08-22T20:47:36.0491692Z ##[group]Run python - <<'PY'
2025-08-22T20:47:36.0491995Z [36;1mpython - <<'PY'[0m
2025-08-22T20:47:36.0492265Z [36;1mfrom fastapi.testclient import TestClient[0m
2025-08-22T20:47:36.0492576Z [36;1mfrom services.api.main import app[0m
2025-08-22T20:47:36.0492843Z [36;1mwith TestClient(app) as c:[0m
2025-08-22T20:47:36.0493085Z [36;1m    r = c.get('/roi-review')[0m
2025-08-22T20:47:36.0493348Z [36;1m    assert r.status_code < 500, r.text[0m
2025-08-22T20:47:36.0493595Z [36;1mPY[0m
2025-08-22T20:47:36.0533305Z shell: /usr/bin/bash -e {0}
2025-08-22T20:47:36.0533531Z env:
2025-08-22T20:47:36.0533724Z   REDIS_URL: redis://localhost:6379/0
2025-08-22T20:47:36.0533980Z   RATE_LIMIT_DEFAULT: 100/minute
2025-08-22T20:47:36.0534206Z   TRUST_X_FORWARDED: 1
2025-08-22T20:47:36.0534714Z   PG_USER: postgres
2025-08-22T20:47:36.0534910Z   PG_PASSWORD: pass
2025-08-22T20:47:36.0535102Z   PG_DATABASE: awa
2025-08-22T20:47:36.0535273Z   PG_HOST: localhost
2025-08-22T20:47:36.0535492Z   PG_PORT: 5432
2025-08-22T20:47:36.0536093Z   PG_SYNC_DSN: ***localhost:5432/awa
2025-08-22T20:47:36.0536501Z   PG_ASYNC_DSN: ***localhost:5432/awa
2025-08-22T20:47:36.0536866Z   DATABASE_URL: ***localhost:5432/awa
2025-08-22T20:47:36.0537093Z   DATA_DIR: /tmp/awa-data
2025-08-22T20:47:36.0537300Z   ENABLE_LIVE: 0
2025-08-22T20:47:36.0537475Z   TESTING: 1
2025-08-22T20:47:36.0537704Z   pythonLocation: /opt/hostedtoolcache/Python/3.12.11/x64
2025-08-22T20:47:36.0538127Z   PKG_CONFIG_PATH: /opt/hostedtoolcache/Python/3.12.11/x64/lib/pkgconfig
2025-08-22T20:47:36.0538529Z   Python_ROOT_DIR: /opt/hostedtoolcache/Python/3.12.11/x64
2025-08-22T20:47:36.0538871Z   Python2_ROOT_DIR: /opt/hostedtoolcache/Python/3.12.11/x64
2025-08-22T20:47:36.0539224Z   Python3_ROOT_DIR: /opt/hostedtoolcache/Python/3.12.11/x64
2025-08-22T20:47:36.0539606Z   LD_LIBRARY_PATH: /opt/hostedtoolcache/Python/3.12.11/x64/lib
2025-08-22T20:47:36.0539922Z ##[endgroup]
2025-08-22T20:47:37.5254664Z WARNING:services.api.errors:{"status_code": 401, "detail": "Not authenticated", "event": "http_error", "request_id": "c125f7c9676c4a1983628f407284ef1d", "level": "warning", "timestamp": "2025-08-22T20:47:37.525083Z"}
2025-08-22T20:47:37.5259488Z INFO:httpx:HTTP Request: GET http://testserver/roi-review "HTTP/1.1 401 Unauthorized"
2025-08-22T20:47:37.7000103Z ##[group]Run alembic -c services/api/alembic.ini downgrade base
2025-08-22T20:47:37.7000843Z [36;1malembic -c services/api/alembic.ini downgrade base[0m
2025-08-22T20:47:37.7060464Z shell: /usr/bin/bash -e {0}
2025-08-22T20:47:37.7060829Z env:
2025-08-22T20:47:37.7061187Z   REDIS_URL: redis://localhost:6379/0
2025-08-22T20:47:37.7061645Z   RATE_LIMIT_DEFAULT: 100/minute
2025-08-22T20:47:37.7062027Z   TRUST_X_FORWARDED: 1
2025-08-22T20:47:37.7062373Z   PG_USER: postgres
2025-08-22T20:47:37.7062713Z   PG_PASSWORD: pass
2025-08-22T20:47:37.7063018Z   PG_DATABASE: awa
2025-08-22T20:47:37.7063339Z   PG_HOST: localhost
2025-08-22T20:47:37.7063663Z   PG_PORT: 5432
2025-08-22T20:47:37.7064631Z   PG_SYNC_DSN: ***localhost:5432/awa
2025-08-22T20:47:37.7065185Z   PG_ASYNC_DSN: ***localhost:5432/awa
2025-08-22T20:47:37.7065586Z   DATABASE_URL: ***localhost:5432/awa
2025-08-22T20:47:37.7065828Z   DATA_DIR: /tmp/awa-data
2025-08-22T20:47:37.7066036Z   ENABLE_LIVE: 0
2025-08-22T20:47:37.7066250Z   TESTING: 1
2025-08-22T20:47:37.7066493Z   pythonLocation: /opt/hostedtoolcache/Python/3.12.11/x64
2025-08-22T20:47:37.7066890Z   PKG_CONFIG_PATH: /opt/hostedtoolcache/Python/3.12.11/x64/lib/pkgconfig
2025-08-22T20:47:37.7067291Z   Python_ROOT_DIR: /opt/hostedtoolcache/Python/3.12.11/x64
2025-08-22T20:47:37.7067642Z   Python2_ROOT_DIR: /opt/hostedtoolcache/Python/3.12.11/x64
2025-08-22T20:47:37.7067985Z   Python3_ROOT_DIR: /opt/hostedtoolcache/Python/3.12.11/x64
2025-08-22T20:47:37.7068334Z   LD_LIBRARY_PATH: /opt/hostedtoolcache/Python/3.12.11/x64/lib
2025-08-22T20:47:37.7068625Z ##[endgroup]
2025-08-22T20:47:38.1606636Z INFO  [alembic.runtime.migration] Context impl PostgresqlImpl.
2025-08-22T20:47:38.1607297Z INFO  [alembic.runtime.migration] Will assume transactional DDL.
2025-08-22T20:47:38.1706897Z INFO  [alembic.runtime.migration] Running downgrade 0027_merge_reports_refund_heads -> 0026_amazon_new_reports, 0026_fix_refund_views
2025-08-22T20:47:38.1728690Z INFO  [alembic.runtime.migration] Running downgrade 0026_amazon_new_reports -> 0025_pr4_indexes_loadlog
2025-08-22T20:47:38.1813474Z INFO  [alembic.runtime.migration] Running downgrade 0026_fix_refund_views -> 0025_pr4_indexes_loadlog
2025-08-22T20:47:38.1871925Z INFO  [alembic.runtime.migration] Running downgrade 0025_pr4_indexes_loadlog -> 0024_create_buybox
2025-08-22T20:47:38.1913515Z INFO  [alembic.runtime.migration] Running downgrade 0024_create_buybox -> 0023_add_storage_fee
2025-08-22T20:47:38.1930489Z INFO  [alembic.runtime.migration] Running downgrade 0023_add_storage_fee -> 0022_fix_roi_view
2025-08-22T20:47:38.2096892Z INFO  [alembic.runtime.migration] Running downgrade 0022_fix_roi_view -> 0020_unified_schema
2025-08-22T20:47:38.2121084Z INFO  [alembic.runtime.migration] Running downgrade 0020_unified_schema -> 0006_fix_roi_views
2025-08-22T20:47:38.2154004Z INFO  [alembic.runtime.migration] Running downgrade 0006_fix_roi_views -> 0004_fee_cron
2025-08-22T20:47:38.2175731Z INFO  [alembic.runtime.migration] Running downgrade 0004_fee_cron -> 0003_vendor_prices
2025-08-22T20:47:38.2247389Z INFO  [alembic.runtime.migration] Running downgrade 0003_vendor_prices -> 3e9d5c5aff2c
2025-08-22T20:47:38.2284921Z INFO  [alembic.runtime.migration] Running downgrade 3e9d5c5aff2c -> 0002_create_roi_view
2025-08-22T20:47:38.2321477Z INFO  [alembic.runtime.migration] Running downgrade 0002_create_roi_view -> 0001_baseline
2025-08-22T20:47:38.2330781Z INFO  [alembic.runtime.migration] Running downgrade 0001_baseline -> 
2025-08-22T20:47:38.3178898Z ##[group]Run test "$(alembic -c services/api/alembic.ini heads | wc -l)" -eq 1
2025-08-22T20:47:38.3179784Z [36;1mtest "$(alembic -c services/api/alembic.ini heads | wc -l)" -eq 1[0m
2025-08-22T20:47:38.3233507Z shell: /usr/bin/bash -e {0}
2025-08-22T20:47:38.3233750Z env:
2025-08-22T20:47:38.3233960Z   REDIS_URL: redis://localhost:6379/0
2025-08-22T20:47:38.3234241Z   RATE_LIMIT_DEFAULT: 100/minute
2025-08-22T20:47:38.3234701Z   TRUST_X_FORWARDED: 1
2025-08-22T20:47:38.3234908Z   PG_USER: postgres
2025-08-22T20:47:38.3235098Z   PG_PASSWORD: pass
2025-08-22T20:47:38.3235272Z   PG_DATABASE: awa
2025-08-22T20:47:38.3235450Z   PG_HOST: localhost
2025-08-22T20:47:38.3235637Z   PG_PORT: 5432
2025-08-22T20:47:38.3236115Z   PG_SYNC_DSN: ***localhost:5432/awa
2025-08-22T20:47:38.3236515Z   PG_ASYNC_DSN: ***localhost:5432/awa
2025-08-22T20:47:38.3236979Z   DATABASE_URL: ***localhost:5432/awa
2025-08-22T20:47:38.3237425Z   DATA_DIR: /tmp/awa-data
2025-08-22T20:47:38.3237848Z   ENABLE_LIVE: 0
2025-08-22T20:47:38.3238182Z   TESTING: 1
2025-08-22T20:47:38.3238435Z   pythonLocation: /opt/hostedtoolcache/Python/3.12.11/x64
2025-08-22T20:47:38.3238849Z   PKG_CONFIG_PATH: /opt/hostedtoolcache/Python/3.12.11/x64/lib/pkgconfig
2025-08-22T20:47:38.3239228Z   Python_ROOT_DIR: /opt/hostedtoolcache/Python/3.12.11/x64
2025-08-22T20:47:38.3239590Z   Python2_ROOT_DIR: /opt/hostedtoolcache/Python/3.12.11/x64
2025-08-22T20:47:38.3239936Z   Python3_ROOT_DIR: /opt/hostedtoolcache/Python/3.12.11/x64
2025-08-22T20:47:38.3240285Z   LD_LIBRARY_PATH: /opt/hostedtoolcache/Python/3.12.11/x64/lib
2025-08-22T20:47:38.3240573Z ##[endgroup]
2025-08-22T20:47:38.6838459Z ##[group]Run pytest tests/migrations/test_migration_roundtrip.py -q -m integration
2025-08-22T20:47:38.6839415Z [36;1mpytest tests/migrations/test_migration_roundtrip.py -q -m integration[0m
2025-08-22T20:47:38.6880150Z shell: /usr/bin/bash -e {0}
2025-08-22T20:47:38.6880524Z env:
2025-08-22T20:47:38.6880868Z   REDIS_URL: redis://localhost:6379/0
2025-08-22T20:47:38.6881331Z   RATE_LIMIT_DEFAULT: 100/minute
2025-08-22T20:47:38.6881728Z   TRUST_X_FORWARDED: 1
2025-08-22T20:47:38.6882072Z   PG_USER: postgres
2025-08-22T20:47:38.6882688Z   PG_PASSWORD: pass
2025-08-22T20:47:38.6882901Z   PG_DATABASE: awa
2025-08-22T20:47:38.6883085Z   PG_HOST: localhost
2025-08-22T20:47:38.6883270Z   PG_PORT: 5432
2025-08-22T20:47:38.6883711Z   PG_SYNC_DSN: ***localhost:5432/awa
2025-08-22T20:47:38.6884215Z   PG_ASYNC_DSN: ***localhost:5432/awa
2025-08-22T20:47:38.6885150Z   DATABASE_URL: ***localhost:5432/awa
2025-08-22T20:47:38.6885551Z   DATA_DIR: /tmp/awa-data
2025-08-22T20:47:38.6885811Z   ENABLE_LIVE: 0
2025-08-22T20:47:38.6885985Z   TESTING: 1
2025-08-22T20:47:38.6886223Z   pythonLocation: /opt/hostedtoolcache/Python/3.12.11/x64
2025-08-22T20:47:38.6886639Z   PKG_CONFIG_PATH: /opt/hostedtoolcache/Python/3.12.11/x64/lib/pkgconfig
2025-08-22T20:47:38.6887028Z   Python_ROOT_DIR: /opt/hostedtoolcache/Python/3.12.11/x64
2025-08-22T20:47:38.6887365Z   Python2_ROOT_DIR: /opt/hostedtoolcache/Python/3.12.11/x64
2025-08-22T20:47:38.6887710Z   Python3_ROOT_DIR: /opt/hostedtoolcache/Python/3.12.11/x64
2025-08-22T20:47:38.6888076Z   LD_LIBRARY_PATH: /opt/hostedtoolcache/Python/3.12.11/x64/lib
2025-08-22T20:47:38.6888366Z ##[endgroup]
2025-08-22T20:47:40.4164480Z /opt/hostedtoolcache/Python/3.12.11/x64/lib/python3.12/site-packages/coverage/control.py:943: CoverageWarning: No data was collected. (no-data-collected)
2025-08-22T20:47:40.4166176Z   self._warn("No data was collected.", slug="no-data-collected")
2025-08-22T20:47:40.6155677Z s                                                                        [100%]
2025-08-22T20:47:40.6156705Z ================================ tests coverage ================================
2025-08-22T20:47:40.6157827Z _______________ coverage: platform linux, python 3.12.11-final-0 _______________
2025-08-22T20:47:40.6158584Z 
2025-08-22T20:47:40.6158856Z Coverage XML written to file coverage.xml
2025-08-22T20:47:40.7721373Z Post job cleanup.
2025-08-22T20:47:40.9237693Z Cache hit occurred on the primary key setup-python-Linux-x64-24.04-Ubuntu-python-3.12.11-pip-cc13ccef493b9f3a93ad5651164d9fb09282c1111f6f72ce20e0657de16de6b4, not saving cache.
2025-08-22T20:47:40.9341188Z Post job cleanup.
2025-08-22T20:47:41.0141831Z [command]/usr/bin/git version
2025-08-22T20:47:41.0178313Z git version 2.51.0
2025-08-22T20:47:41.0216994Z Temporarily overriding HOME='/home/runner/work/_temp/f8c558c5-e48d-4a27-971e-466c7c7b382d' before making global git config changes
2025-08-22T20:47:41.0218246Z Adding repository directory to the temporary git global config as a safe directory
2025-08-22T20:47:41.0222946Z [command]/usr/bin/git config --global --add safe.directory /home/runner/work/AWA-App/AWA-App
2025-08-22T20:47:41.0259190Z [command]/usr/bin/git config --local --name-only --get-regexp core\.sshCommand
2025-08-22T20:47:41.0291156Z [command]/usr/bin/git submodule foreach --recursive sh -c "git config --local --name-only --get-regexp 'core\.sshCommand' && git config --local --unset-all 'core.sshCommand' || :"
2025-08-22T20:47:41.0518990Z [command]/usr/bin/git config --local --name-only --get-regexp http\.https\:\/\/github\.com\/\.extraheader
2025-08-22T20:47:41.0541235Z http.https://github.com/.extraheader
2025-08-22T20:47:41.0551497Z [command]/usr/bin/git config --local --unset-all http.https://github.com/.extraheader
2025-08-22T20:47:41.0583634Z [command]/usr/bin/git submodule foreach --recursive sh -c "git config --local --name-only --get-regexp 'http\.https\:\/\/github\.com\/\.extraheader' && git config --local --unset-all 'http.https://github.com/.extraheader' || :"
2025-08-22T20:47:41.0898152Z Print service container logs: fd6e2fb5d2024efdb2fa2b902a0dc1dc_postgres15_97726b
2025-08-22T20:47:41.0902658Z ##[command]/usr/bin/docker logs --details dc646d15f20b72d59edf9cef4d511f2ac4bb086420a7db6dbfc7e351e7a2bbae
2025-08-22T20:47:41.1028302Z  The files belonging to this database system will be owned by user "postgres".
2025-08-22T20:47:41.1029028Z  This user must also own the server process.
2025-08-22T20:47:41.1029463Z  
2025-08-22T20:47:41.1029891Z  The database cluster will be initialized with locale "en_US.utf8".
2025-08-22T20:47:41.1030897Z  The default database encoding has accordingly been set to "UTF8".
2025-08-22T20:47:41.1031551Z  The default text search configuration will be set to "english".
2025-08-22T20:47:41.1032024Z  
2025-08-22T20:47:41.1032290Z  Data page checksums are disabled.
2025-08-22T20:47:41.1032649Z  
2025-08-22T20:47:41.1033060Z  fixing permissions on existing directory /var/lib/postgresql/data ... ok
2025-08-22T20:47:41.1033675Z  creating subdirectories ... ok
2025-08-22T20:47:41.1034133Z  selecting dynamic shared memory implementation ... posix
2025-08-22T20:47:41.1034827Z  selecting default max_connections ... 100
2025-08-22T20:47:41.1035266Z  selecting default shared_buffers ... 128MB
2025-08-22T20:47:41.1035684Z  selecting default time zone ... Etc/UTC
2025-08-22T20:47:41.1036101Z  creating configuration files ... ok
2025-08-22T20:47:41.1036492Z  running bootstrap script ... ok
2025-08-22T20:47:41.1036919Z  performing post-bootstrap initialization ... ok
2025-08-22T20:47:41.1037363Z  syncing data to disk ... ok
2025-08-22T20:47:41.1037700Z  
2025-08-22T20:47:41.1037924Z  
2025-08-22T20:47:41.1038247Z  Success. You can now start the database server using:
2025-08-22T20:47:41.1038678Z  
2025-08-22T20:47:41.1039002Z      pg_ctl -D /var/lib/postgresql/data -l logfile start
2025-08-22T20:47:41.1039409Z  
2025-08-22T20:47:41.1040273Z  waiting for server to start....2025-08-22 20:46:49.637 UTC [48] LOG:  starting PostgreSQL 15.14 (Debian 15.14-1.pgdg13+1) on x86_64-pc-linux-gnu, compiled by gcc (Debian 14.2.0-19) 14.2.0, 64-bit
2025-08-22T20:47:41.1041484Z  2025-08-22 20:46:49.638 UTC [48] LOG:  listening on Unix socket "/var/run/postgresql/.s.PGSQL.5432"
2025-08-22T20:47:41.1042257Z  2025-08-22 20:46:49.641 UTC [51] LOG:  database system was shut down at 2025-08-22 20:46:49 UTC
2025-08-22T20:47:41.1043011Z  2025-08-22 20:46:49.644 UTC [48] LOG:  database system is ready to accept connections
2025-08-22T20:47:41.1043544Z   done
2025-08-22T20:47:41.1043804Z  server started
2025-08-22T20:47:41.1044103Z  CREATE DATABASE
2025-08-22T20:47:41.1044512Z  
2025-08-22T20:47:41.1044730Z  
2025-08-22T20:47:41.1045178Z  /usr/local/bin/docker-entrypoint.sh: ignoring /docker-entrypoint-initdb.d/*
2025-08-22T20:47:41.1047054Z  initdb: warning: enabling "trust" authentication for local connections
2025-08-22T20:47:41.1048097Z  initdb: hint: You can change this by editing pg_hba.conf or using the option -A, or --auth-local and --auth-host, the next time you run initdb.
2025-08-22T20:47:41.1049606Z  2025-08-22 20:46:49.980 UTC [1] LOG:  starting PostgreSQL 15.14 (Debian 15.14-1.pgdg13+1) on x86_64-pc-linux-gnu, compiled by gcc (Debian 14.2.0-19) 14.2.0, 64-bit
2025-08-22T20:47:41.1050608Z  2025-08-22 20:46:49.980 UTC [1] LOG:  listening on IPv4 address "0.0.0.0", port 5432
2025-08-22T20:47:41.1051135Z  2025-08-22 20:46:49.980 UTC [1] LOG:  listening on IPv6 address "::", port 5432
2025-08-22T20:47:41.1051598Z  2025-08-22 20:46:49.981 UTC [1] LOG:  listening on Unix socket "/var/run/postgresql/.s.PGSQL.5432"
2025-08-22T20:47:41.1052099Z  2025-08-22 20:46:49.984 UTC [64] LOG:  database system was shut down at 2025-08-22 20:46:49 UTC
2025-08-22T20:47:41.1052529Z  2025-08-22 20:46:49.988 UTC [1] LOG:  database system is ready to accept connections
2025-08-22T20:47:41.1052841Z  
2025-08-22T20:47:41.1053061Z  2025-08-22 20:46:49.856 UTC [48] LOG:  received fast shutdown request
2025-08-22T20:47:41.1053755Z  waiting for server to shut down....2025-08-22 20:46:49.857 UTC [48] LOG:  aborting any active transactions
2025-08-22T20:47:41.1054572Z  2025-08-22 20:46:49.859 UTC [48] LOG:  background worker "logical replication launcher" (PID 54) exited with exit code 1
2025-08-22T20:47:41.1055111Z  2025-08-22 20:46:49.860 UTC [49] LOG:  shutting down
2025-08-22T20:47:41.1055453Z  2025-08-22 20:46:49.860 UTC [49] LOG:  checkpoint starting: shutdown immediate
2025-08-22T20:47:41.1056303Z  2025-08-22 20:46:49.880 UTC [49] LOG:  checkpoint complete: wrote 922 buffers (5.6%); 0 WAL file(s) added, 0 removed, 0 recycled; write=0.017 s, sync=0.002 s, total=0.021 s; sync files=301, longest=0.001 s, average=0.001 s; distance=4239 kB, estimate=4239 kB
2025-08-22T20:47:41.1057262Z  2025-08-22 20:46:49.887 UTC [48] LOG:  database system is shut down
2025-08-22T20:47:41.1057548Z   done
2025-08-22T20:47:41.1057705Z  server stopped
2025-08-22T20:47:41.1057877Z  
2025-08-22T20:47:41.1058091Z  PostgreSQL init process complete; ready for start up.
2025-08-22T20:47:41.1058363Z  
2025-08-22T20:47:41.1063577Z Stop and remove container: fd6e2fb5d2024efdb2fa2b902a0dc1dc_postgres15_97726b
2025-08-22T20:47:41.1069117Z ##[command]/usr/bin/docker rm --force dc646d15f20b72d59edf9cef4d511f2ac4bb086420a7db6dbfc7e351e7a2bbae
2025-08-22T20:47:41.9851052Z dc646d15f20b72d59edf9cef4d511f2ac4bb086420a7db6dbfc7e351e7a2bbae
2025-08-22T20:47:41.9878228Z Print service container logs: f91adfabdd194777a2c4fe82c8b03738_redis7alpine_302096
2025-08-22T20:47:41.9879375Z ##[command]/usr/bin/docker logs --details 15e65deda49bf5e122c6a822da040cf204be0146c67c07b49075e44d9425cf6f
2025-08-22T20:47:41.9998452Z  1:C 22 Aug 2025 20:46:50.167 # WARNING Memory overcommit must be enabled! Without it, a background save or replication may fail under low memory condition. Being disabled, it can also cause failures without low memory condition, see https://github.com/jemalloc/jemalloc/issues/1328. To fix this issue add 'vm.overcommit_memory = 1' to /etc/sysctl.conf and then reboot or run the command 'sysctl vm.overcommit_memory=1' for this to take effect.
2025-08-22T20:47:42.0000165Z  1:C 22 Aug 2025 20:46:50.167 * oO0OoO0OoO0Oo Redis is starting oO0OoO0OoO0Oo
2025-08-22T20:47:42.0000687Z  1:C 22 Aug 2025 20:46:50.167 * Redis version=7.4.5, bits=64, commit=00000000, modified=0, pid=1, just started
2025-08-22T20:47:42.0001463Z  1:C 22 Aug 2025 20:46:50.167 # Warning: no config file specified, using the default config. In order to specify a config file use redis-server /path/to/redis.conf
2025-08-22T20:47:42.0002153Z  1:M 22 Aug 2025 20:46:50.168 * monotonic clock: POSIX clock_gettime
2025-08-22T20:47:42.0002561Z  1:M 22 Aug 2025 20:46:50.168 * Running mode=standalone, port=6379.
2025-08-22T20:47:42.0002926Z  1:M 22 Aug 2025 20:46:50.168 * Server initialized
2025-08-22T20:47:42.0003269Z  1:M 22 Aug 2025 20:46:50.168 * Ready to accept connections tcp
2025-08-22T20:47:42.0010180Z Stop and remove container: f91adfabdd194777a2c4fe82c8b03738_redis7alpine_302096
2025-08-22T20:47:42.0010902Z ##[command]/usr/bin/docker rm --force 15e65deda49bf5e122c6a822da040cf204be0146c67c07b49075e44d9425cf6f
2025-08-22T20:47:42.1093816Z 15e65deda49bf5e122c6a822da040cf204be0146c67c07b49075e44d9425cf6f
2025-08-22T20:47:42.1120841Z Remove container network: github_network_a3a752629ef343f3aa1aefebfa7af43a
2025-08-22T20:47:42.1125989Z ##[command]/usr/bin/docker network rm github_network_a3a752629ef343f3aa1aefebfa7af43a
2025-08-22T20:47:42.2180115Z github_network_a3a752629ef343f3aa1aefebfa7af43a
2025-08-22T20:47:42.2258058Z Cleaning up orphan processes
