2025-08-23T13:00:20.0870072Z Current runner version: '2.328.0'
2025-08-23T13:00:20.0905210Z ##[group]Runner Image Provisioner
2025-08-23T13:00:20.0906407Z Hosted Compute Agent
2025-08-23T13:00:20.0907233Z Version: 20250818.377
2025-08-23T13:00:20.0908230Z Commit: 3c593e9f75fe0b87e893bca80d6e12ba089c61fc
2025-08-23T13:00:20.0909364Z Build Date: 2025-08-18T14:52:18Z
2025-08-23T13:00:20.0910347Z ##[endgroup]
2025-08-23T13:00:20.0911355Z ##[group]Operating System
2025-08-23T13:00:20.0912697Z Ubuntu
2025-08-23T13:00:20.0913494Z 24.04.2
2025-08-23T13:00:20.0914412Z LTS
2025-08-23T13:00:20.0915111Z ##[endgroup]
2025-08-23T13:00:20.0915921Z ##[group]Runner Image
2025-08-23T13:00:20.0916891Z Image: ubuntu-24.04
2025-08-23T13:00:20.0917858Z Version: 20250818.1.0
2025-08-23T13:00:20.0919732Z Included Software: https://github.com/actions/runner-images/blob/ubuntu24/20250818.1/images/ubuntu/Ubuntu2404-Readme.md
2025-08-23T13:00:20.0922814Z Image Release: https://github.com/actions/runner-images/releases/tag/ubuntu24%2F20250818.1
2025-08-23T13:00:20.0924429Z ##[endgroup]
2025-08-23T13:00:20.0928609Z ##[group]GITHUB_TOKEN Permissions
2025-08-23T13:00:20.0931829Z Actions: write
2025-08-23T13:00:20.0933740Z Attestations: write
2025-08-23T13:00:20.0934668Z Checks: write
2025-08-23T13:00:20.0935526Z Contents: write
2025-08-23T13:00:20.0936500Z Deployments: write
2025-08-23T13:00:20.0937376Z Discussions: write
2025-08-23T13:00:20.0938357Z Issues: write
2025-08-23T13:00:20.0939266Z Metadata: read
2025-08-23T13:00:20.0940137Z Models: read
2025-08-23T13:00:20.0940978Z Packages: write
2025-08-23T13:00:20.0942223Z Pages: write
2025-08-23T13:00:20.0943085Z PullRequests: write
2025-08-23T13:00:20.0944122Z RepositoryProjects: write
2025-08-23T13:00:20.0945235Z SecurityEvents: write
2025-08-23T13:00:20.0946353Z Statuses: write
2025-08-23T13:00:20.0947238Z ##[endgroup]
2025-08-23T13:00:20.0950339Z Secret source: Actions
2025-08-23T13:00:20.0951630Z Prepare workflow directory
2025-08-23T13:00:20.1511862Z Prepare all required actions
2025-08-23T13:00:20.1569189Z Getting action download info
2025-08-23T13:00:20.4417651Z Download action repository 'actions/checkout@v5' (SHA:08c6903cd8c0fde910a37f88322edcfb5dd907a8)
2025-08-23T13:00:20.6294038Z Download action repository 'actions/setup-python@v5' (SHA:a26af69be951a213d495a4c3e4e4022e16d87065)
2025-08-23T13:00:20.8047347Z Complete job name: migrations-check
2025-08-23T13:00:20.8554275Z ##[group]Checking docker version
2025-08-23T13:00:20.8567788Z ##[command]/usr/bin/docker version --format '{{.Server.APIVersion}}'
2025-08-23T13:00:20.9446175Z '1.48'
2025-08-23T13:00:20.9459541Z Docker daemon API version: '1.48'
2025-08-23T13:00:20.9460272Z ##[command]/usr/bin/docker version --format '{{.Client.APIVersion}}'
2025-08-23T13:00:20.9631781Z '1.48'
2025-08-23T13:00:20.9646435Z Docker client API version: '1.48'
2025-08-23T13:00:20.9652403Z ##[endgroup]
2025-08-23T13:00:20.9655923Z ##[group]Clean up resources from previous jobs
2025-08-23T13:00:20.9661237Z ##[command]/usr/bin/docker ps --all --quiet --no-trunc --filter "label=dba6f6"
2025-08-23T13:00:20.9805619Z ##[command]/usr/bin/docker network prune --force --filter "label=dba6f6"
2025-08-23T13:00:20.9939792Z ##[endgroup]
2025-08-23T13:00:20.9940274Z ##[group]Create local container network
2025-08-23T13:00:20.9951000Z ##[command]/usr/bin/docker network create --label dba6f6 github_network_da486fa77573408eb4e0e83f60bf4fad
2025-08-23T13:00:21.0533846Z 465d75be19b07845a102a49b423a75b730804854abde518305eaeb0b6ecb4326
2025-08-23T13:00:21.0555669Z ##[endgroup]
2025-08-23T13:00:21.0579597Z ##[group]Starting postgres service container
2025-08-23T13:00:21.0600111Z ##[command]/usr/bin/docker pull postgres:15
2025-08-23T13:00:21.6722958Z 15: Pulling from library/postgres
2025-08-23T13:00:21.8006974Z 396b1da7636e: Pulling fs layer
2025-08-23T13:00:21.8008122Z fca2566eba32: Pulling fs layer
2025-08-23T13:00:21.8008864Z 631fe8c6d606: Pulling fs layer
2025-08-23T13:00:21.8009437Z 77c7671c4414: Pulling fs layer
2025-08-23T13:00:21.8009982Z 2d9e29180a27: Pulling fs layer
2025-08-23T13:00:21.8010528Z c6bcc2c9a041: Pulling fs layer
2025-08-23T13:00:21.8011521Z ac4b721eb66f: Pulling fs layer
2025-08-23T13:00:21.8012267Z 606bd164980e: Pulling fs layer
2025-08-23T13:00:21.8012822Z f5dfd246bc6e: Pulling fs layer
2025-08-23T13:00:21.8013372Z ba7036bb0a60: Pulling fs layer
2025-08-23T13:00:21.8013931Z 799f859abbbd: Pulling fs layer
2025-08-23T13:00:21.8014466Z d903e777080c: Pulling fs layer
2025-08-23T13:00:21.8014999Z 04adcb462801: Pulling fs layer
2025-08-23T13:00:21.8015563Z 5c10925b29ff: Pulling fs layer
2025-08-23T13:00:21.8016187Z f5dfd246bc6e: Waiting
2025-08-23T13:00:21.8016661Z ba7036bb0a60: Waiting
2025-08-23T13:00:21.8017149Z 799f859abbbd: Waiting
2025-08-23T13:00:21.8017699Z d903e777080c: Waiting
2025-08-23T13:00:21.8018163Z 04adcb462801: Waiting
2025-08-23T13:00:21.8018627Z 5c10925b29ff: Waiting
2025-08-23T13:00:21.8019092Z 606bd164980e: Waiting
2025-08-23T13:00:21.8019563Z c6bcc2c9a041: Waiting
2025-08-23T13:00:21.8020041Z ac4b721eb66f: Waiting
2025-08-23T13:00:21.8020510Z 77c7671c4414: Waiting
2025-08-23T13:00:21.8020985Z 2d9e29180a27: Waiting
2025-08-23T13:00:22.0087645Z fca2566eba32: Verifying Checksum
2025-08-23T13:00:22.0088932Z fca2566eba32: Download complete
2025-08-23T13:00:22.1486917Z 631fe8c6d606: Verifying Checksum
2025-08-23T13:00:22.1488755Z 631fe8c6d606: Download complete
2025-08-23T13:00:22.2365898Z 396b1da7636e: Verifying Checksum
2025-08-23T13:00:22.2367220Z 396b1da7636e: Download complete
2025-08-23T13:00:22.2396389Z 77c7671c4414: Verifying Checksum
2025-08-23T13:00:22.2397989Z 77c7671c4414: Download complete
2025-08-23T13:00:22.4216005Z ac4b721eb66f: Download complete
2025-08-23T13:00:22.4421272Z 2d9e29180a27: Verifying Checksum
2025-08-23T13:00:22.4422653Z 2d9e29180a27: Download complete
2025-08-23T13:00:22.4803180Z c6bcc2c9a041: Verifying Checksum
2025-08-23T13:00:22.4805586Z c6bcc2c9a041: Download complete
2025-08-23T13:00:22.6014911Z 606bd164980e: Verifying Checksum
2025-08-23T13:00:22.6017374Z 606bd164980e: Download complete
2025-08-23T13:00:22.6981663Z ba7036bb0a60: Verifying Checksum
2025-08-23T13:00:22.6982534Z ba7036bb0a60: Download complete
2025-08-23T13:00:22.8142156Z 799f859abbbd: Verifying Checksum
2025-08-23T13:00:22.8146369Z 799f859abbbd: Download complete
2025-08-23T13:00:22.8775386Z d903e777080c: Verifying Checksum
2025-08-23T13:00:22.8780652Z d903e777080c: Download complete
2025-08-23T13:00:23.0918303Z 5c10925b29ff: Download complete
2025-08-23T13:00:23.1481132Z 04adcb462801: Verifying Checksum
2025-08-23T13:00:23.1482810Z 04adcb462801: Download complete
2025-08-23T13:00:23.2581275Z 396b1da7636e: Pull complete
2025-08-23T13:00:23.7793249Z f5dfd246bc6e: Verifying Checksum
2025-08-23T13:00:23.7793751Z f5dfd246bc6e: Download complete
2025-08-23T13:00:24.1837488Z fca2566eba32: Pull complete
2025-08-23T13:00:24.3961848Z 631fe8c6d606: Pull complete
2025-08-23T13:00:24.4448420Z 77c7671c4414: Pull complete
2025-08-23T13:00:24.7680204Z 2d9e29180a27: Pull complete
2025-08-23T13:00:24.8740374Z c6bcc2c9a041: Pull complete
2025-08-23T13:00:24.8865475Z ac4b721eb66f: Pull complete
2025-08-23T13:00:24.9025249Z 606bd164980e: Pull complete
2025-08-23T13:00:27.8359933Z f5dfd246bc6e: Pull complete
2025-08-23T13:00:27.8587392Z ba7036bb0a60: Pull complete
2025-08-23T13:00:27.8757080Z 799f859abbbd: Pull complete
2025-08-23T13:00:27.8920078Z d903e777080c: Pull complete
2025-08-23T13:00:27.9087493Z 04adcb462801: Pull complete
2025-08-23T13:00:27.9255168Z 5c10925b29ff: Pull complete
2025-08-23T13:00:27.9302713Z Digest: sha256:bc51cf4f1fe02cce7ed2370b20128a9b00b4eb804573a77d2a0d877aaa9c82b1
2025-08-23T13:00:27.9328097Z Status: Downloaded newer image for postgres:15
2025-08-23T13:00:27.9348572Z docker.io/library/postgres:15
2025-08-23T13:00:27.9410190Z ##[command]/usr/bin/docker create --name 8b6a4527fdd144a18efa3785351416c8_postgres15_20983d --label dba6f6 --network github_network_da486fa77573408eb4e0e83f60bf4fad --network-alias postgres -p 5432:5432 --health-cmd="pg_isready -U postgres -d awa" --health-interval=5s --health-timeout=5s --health-retries=10 -e "POSTGRES_USER=postgres" -e "POSTGRES_PASSWORD=pass" -e "POSTGRES_DB=awa" -e GITHUB_ACTIONS=true -e CI=true postgres:15
2025-08-23T13:00:27.9710483Z c609e5bc0a84df4a2c3cb96dd9c242f3a3b87ce30286e04e8ab90163b8df2680
2025-08-23T13:00:27.9737261Z ##[command]/usr/bin/docker start c609e5bc0a84df4a2c3cb96dd9c242f3a3b87ce30286e04e8ab90163b8df2680
2025-08-23T13:00:28.3017253Z c609e5bc0a84df4a2c3cb96dd9c242f3a3b87ce30286e04e8ab90163b8df2680
2025-08-23T13:00:28.3041796Z ##[command]/usr/bin/docker ps --all --filter id=c609e5bc0a84df4a2c3cb96dd9c242f3a3b87ce30286e04e8ab90163b8df2680 --filter status=running --no-trunc --format "{{.ID}} {{.Status}}"
2025-08-23T13:00:28.3174456Z c609e5bc0a84df4a2c3cb96dd9c242f3a3b87ce30286e04e8ab90163b8df2680 Up Less than a second (health: starting)
2025-08-23T13:00:28.3197275Z ##[command]/usr/bin/docker port c609e5bc0a84df4a2c3cb96dd9c242f3a3b87ce30286e04e8ab90163b8df2680
2025-08-23T13:00:28.3330209Z 5432/tcp -> 0.0.0.0:5432
2025-08-23T13:00:28.3330642Z 5432/tcp -> [::]:5432
2025-08-23T13:00:28.3383217Z ##[endgroup]
2025-08-23T13:00:28.3384647Z ##[group]Starting redis service container
2025-08-23T13:00:28.3386083Z ##[command]/usr/bin/docker pull redis:7-alpine
2025-08-23T13:00:28.8922898Z 7-alpine: Pulling from library/redis
2025-08-23T13:00:29.0475150Z 0368fd46e3c6: Pulling fs layer
2025-08-23T13:00:29.0475748Z 4c55286bbede: Pulling fs layer
2025-08-23T13:00:29.0476150Z 5e28347af205: Pulling fs layer
2025-08-23T13:00:29.0476475Z 311eca34042e: Pulling fs layer
2025-08-23T13:00:29.0476801Z e6fe6f07e192: Pulling fs layer
2025-08-23T13:00:29.0477136Z a2cadbfeca72: Pulling fs layer
2025-08-23T13:00:29.0477473Z 4f4fb700ef54: Pulling fs layer
2025-08-23T13:00:29.0477792Z a976ed7e7808: Pulling fs layer
2025-08-23T13:00:29.0478117Z e6fe6f07e192: Waiting
2025-08-23T13:00:29.0478434Z a2cadbfeca72: Waiting
2025-08-23T13:00:29.0478706Z 4f4fb700ef54: Waiting
2025-08-23T13:00:29.0478996Z a976ed7e7808: Waiting
2025-08-23T13:00:29.0479284Z 311eca34042e: Waiting
2025-08-23T13:00:29.2594867Z 4c55286bbede: Verifying Checksum
2025-08-23T13:00:29.2595371Z 4c55286bbede: Download complete
2025-08-23T13:00:29.2609389Z 5e28347af205: Verifying Checksum
2025-08-23T13:00:29.2611463Z 5e28347af205: Download complete
2025-08-23T13:00:29.3434381Z 0368fd46e3c6: Verifying Checksum
2025-08-23T13:00:29.4495521Z 0368fd46e3c6: Download complete
2025-08-23T13:00:29.4495958Z 0368fd46e3c6: Pull complete
2025-08-23T13:00:29.4730937Z 4c55286bbede: Pull complete
2025-08-23T13:00:29.5201904Z 311eca34042e: Verifying Checksum
2025-08-23T13:00:29.5202793Z 311eca34042e: Download complete
2025-08-23T13:00:29.5406723Z a2cadbfeca72: Verifying Checksum
2025-08-23T13:00:29.5407473Z a2cadbfeca72: Download complete
2025-08-23T13:00:29.5822939Z e6fe6f07e192: Verifying Checksum
2025-08-23T13:00:29.5823707Z e6fe6f07e192: Download complete
2025-08-23T13:00:29.6267576Z 5e28347af205: Pull complete
2025-08-23T13:00:29.6575472Z 311eca34042e: Pull complete
2025-08-23T13:00:29.7350339Z a976ed7e7808: Verifying Checksum
2025-08-23T13:00:29.7350777Z a976ed7e7808: Download complete
2025-08-23T13:00:29.7499105Z 4f4fb700ef54: Verifying Checksum
2025-08-23T13:00:29.7501894Z 4f4fb700ef54: Download complete
2025-08-23T13:00:29.8523387Z e6fe6f07e192: Pull complete
2025-08-23T13:00:29.8613829Z a2cadbfeca72: Pull complete
2025-08-23T13:00:29.8720291Z 4f4fb700ef54: Pull complete
2025-08-23T13:00:29.8841092Z a976ed7e7808: Pull complete
2025-08-23T13:00:29.8889127Z Digest: sha256:bb186d083732f669da90be8b0f975a37812b15e913465bb14d845db72a4e3e08
2025-08-23T13:00:29.8903027Z Status: Downloaded newer image for redis:7-alpine
2025-08-23T13:00:29.8911187Z docker.io/library/redis:7-alpine
2025-08-23T13:00:29.8930106Z ##[command]/usr/bin/docker create --name 97e174464a2043bfb3cbe8f5bf5392be_redis7alpine_2a4b66 --label dba6f6 --network github_network_da486fa77573408eb4e0e83f60bf4fad --network-alias redis -p 6379:6379  -e GITHUB_ACTIONS=true -e CI=true redis:7-alpine
2025-08-23T13:00:29.9208377Z 17f445e3597a2478afb6f50030ae857063cd9f96ee8c337d83931e108cd1011b
2025-08-23T13:00:29.9224507Z ##[command]/usr/bin/docker start 17f445e3597a2478afb6f50030ae857063cd9f96ee8c337d83931e108cd1011b
2025-08-23T13:00:30.0624099Z 17f445e3597a2478afb6f50030ae857063cd9f96ee8c337d83931e108cd1011b
2025-08-23T13:00:30.0644754Z ##[command]/usr/bin/docker ps --all --filter id=17f445e3597a2478afb6f50030ae857063cd9f96ee8c337d83931e108cd1011b --filter status=running --no-trunc --format "{{.ID}} {{.Status}}"
2025-08-23T13:00:30.0775890Z 17f445e3597a2478afb6f50030ae857063cd9f96ee8c337d83931e108cd1011b Up Less than a second
2025-08-23T13:00:30.0792952Z ##[command]/usr/bin/docker port 17f445e3597a2478afb6f50030ae857063cd9f96ee8c337d83931e108cd1011b
2025-08-23T13:00:30.0914803Z 6379/tcp -> 0.0.0.0:6379
2025-08-23T13:00:30.0915219Z 6379/tcp -> [::]:6379
2025-08-23T13:00:30.0930557Z ##[endgroup]
2025-08-23T13:00:30.0941362Z ##[group]Waiting for all services to be ready
2025-08-23T13:00:30.0955130Z ##[command]/usr/bin/docker inspect --format="{{if .Config.Healthcheck}}{{print .State.Health.Status}}{{end}}" c609e5bc0a84df4a2c3cb96dd9c242f3a3b87ce30286e04e8ab90163b8df2680
2025-08-23T13:00:30.1077235Z starting
2025-08-23T13:00:30.1100900Z postgres service is starting, waiting 2 seconds before checking again.
2025-08-23T13:00:32.1094524Z ##[command]/usr/bin/docker inspect --format="{{if .Config.Healthcheck}}{{print .State.Health.Status}}{{end}}" c609e5bc0a84df4a2c3cb96dd9c242f3a3b87ce30286e04e8ab90163b8df2680
2025-08-23T13:00:32.1220461Z starting
2025-08-23T13:00:32.1235751Z postgres service is starting, waiting 4 seconds before checking again.
2025-08-23T13:00:36.1973357Z ##[command]/usr/bin/docker inspect --format="{{if .Config.Healthcheck}}{{print .State.Health.Status}}{{end}}" c609e5bc0a84df4a2c3cb96dd9c242f3a3b87ce30286e04e8ab90163b8df2680
2025-08-23T13:00:36.2096770Z healthy
2025-08-23T13:00:36.2114256Z postgres service is healthy.
2025-08-23T13:00:36.2115039Z ##[command]/usr/bin/docker inspect --format="{{if .Config.Healthcheck}}{{print .State.Health.Status}}{{end}}" 17f445e3597a2478afb6f50030ae857063cd9f96ee8c337d83931e108cd1011b
2025-08-23T13:00:36.2242487Z redis service is healthy.
2025-08-23T13:00:36.2242866Z ##[endgroup]
2025-08-23T13:00:36.2483593Z ##[group]Run actions/checkout@v5
2025-08-23T13:00:36.2484115Z with:
2025-08-23T13:00:36.2484308Z   repository: AlexBomber12/AWA-App
2025-08-23T13:00:36.2484688Z   token: ***
2025-08-23T13:00:36.2484864Z   ssh-strict: true
2025-08-23T13:00:36.2485035Z   ssh-user: git
2025-08-23T13:00:36.2485218Z   persist-credentials: true
2025-08-23T13:00:36.2485419Z   clean: true
2025-08-23T13:00:36.2485612Z   sparse-checkout-cone-mode: true
2025-08-23T13:00:36.2485845Z   fetch-depth: 1
2025-08-23T13:00:36.2486020Z   fetch-tags: false
2025-08-23T13:00:36.2486200Z   show-progress: true
2025-08-23T13:00:36.2486378Z   lfs: false
2025-08-23T13:00:36.2486539Z   submodules: false
2025-08-23T13:00:36.2486714Z   set-safe-directory: true
2025-08-23T13:00:36.2487080Z env:
2025-08-23T13:00:36.2487284Z   REDIS_URL: redis://localhost:6379/0
2025-08-23T13:00:36.2487554Z   RATE_LIMIT_DEFAULT: 100/minute
2025-08-23T13:00:36.2487759Z   TRUST_X_FORWARDED: 1
2025-08-23T13:00:36.2487950Z ##[endgroup]
2025-08-23T13:00:36.3500075Z Syncing repository: AlexBomber12/AWA-App
2025-08-23T13:00:36.3501459Z ##[group]Getting Git version info
2025-08-23T13:00:36.3501813Z Working directory is '/home/runner/work/AWA-App/AWA-App'
2025-08-23T13:00:36.3502493Z [command]/usr/bin/git version
2025-08-23T13:00:36.3587860Z git version 2.51.0
2025-08-23T13:00:36.3608542Z ##[endgroup]
2025-08-23T13:00:36.3622255Z Temporarily overriding HOME='/home/runner/work/_temp/384706b9-ffe9-42e7-9c3a-7d7ecbc071ec' before making global git config changes
2025-08-23T13:00:36.3623468Z Adding repository directory to the temporary git global config as a safe directory
2025-08-23T13:00:36.3627184Z [command]/usr/bin/git config --global --add safe.directory /home/runner/work/AWA-App/AWA-App
2025-08-23T13:00:36.3665502Z Deleting the contents of '/home/runner/work/AWA-App/AWA-App'
2025-08-23T13:00:36.3668881Z ##[group]Initializing the repository
2025-08-23T13:00:36.3673550Z [command]/usr/bin/git init /home/runner/work/AWA-App/AWA-App
2025-08-23T13:00:36.3800241Z hint: Using 'master' as the name for the initial branch. This default branch name
2025-08-23T13:00:36.3801056Z hint: is subject to change. To configure the initial branch name to use in all
2025-08-23T13:00:36.3801811Z hint: of your new repositories, which will suppress this warning, call:
2025-08-23T13:00:36.3802516Z hint:
2025-08-23T13:00:36.3802954Z hint: 	git config --global init.defaultBranch <name>
2025-08-23T13:00:36.3803296Z hint:
2025-08-23T13:00:36.3803580Z hint: Names commonly chosen instead of 'master' are 'main', 'trunk' and
2025-08-23T13:00:36.3804072Z hint: 'development'. The just-created branch can be renamed via this command:
2025-08-23T13:00:36.3804448Z hint:
2025-08-23T13:00:36.3804639Z hint: 	git branch -m <name>
2025-08-23T13:00:36.3804977Z hint:
2025-08-23T13:00:36.3805716Z hint: Disable this message with "git config set advice.defaultBranchName false"
2025-08-23T13:00:36.3809500Z Initialized empty Git repository in /home/runner/work/AWA-App/AWA-App/.git/
2025-08-23T13:00:36.3819990Z [command]/usr/bin/git remote add origin https://github.com/AlexBomber12/AWA-App
2025-08-23T13:00:36.3857438Z ##[endgroup]
2025-08-23T13:00:36.3857946Z ##[group]Disabling automatic garbage collection
2025-08-23T13:00:36.3862687Z [command]/usr/bin/git config --local gc.auto 0
2025-08-23T13:00:36.3889862Z ##[endgroup]
2025-08-23T13:00:36.3890420Z ##[group]Setting up auth
2025-08-23T13:00:36.3897495Z [command]/usr/bin/git config --local --name-only --get-regexp core\.sshCommand
2025-08-23T13:00:36.3927892Z [command]/usr/bin/git submodule foreach --recursive sh -c "git config --local --name-only --get-regexp 'core\.sshCommand' && git config --local --unset-all 'core.sshCommand' || :"
2025-08-23T13:00:36.4278877Z [command]/usr/bin/git config --local --name-only --get-regexp http\.https\:\/\/github\.com\/\.extraheader
2025-08-23T13:00:36.4308986Z [command]/usr/bin/git submodule foreach --recursive sh -c "git config --local --name-only --get-regexp 'http\.https\:\/\/github\.com\/\.extraheader' && git config --local --unset-all 'http.https://github.com/.extraheader' || :"
2025-08-23T13:00:36.4533350Z [command]/usr/bin/git config --local http.https://github.com/.extraheader AUTHORIZATION: basic ***
2025-08-23T13:00:36.4569637Z ##[endgroup]
2025-08-23T13:00:36.4570203Z ##[group]Fetching the repository
2025-08-23T13:00:36.4579108Z [command]/usr/bin/git -c protocol.version=2 fetch --no-tags --prune --no-recurse-submodules --depth=1 origin +2fa5f4208be786a376c373e814dd11a3dc608ea5:refs/remotes/origin/main
2025-08-23T13:00:36.8474510Z From https://github.com/AlexBomber12/AWA-App
2025-08-23T13:00:36.8475392Z  * [new ref]         2fa5f4208be786a376c373e814dd11a3dc608ea5 -> origin/main
2025-08-23T13:00:36.8513614Z ##[endgroup]
2025-08-23T13:00:36.8514356Z ##[group]Determining the checkout info
2025-08-23T13:00:36.8516661Z ##[endgroup]
2025-08-23T13:00:36.8522987Z [command]/usr/bin/git sparse-checkout disable
2025-08-23T13:00:36.8578565Z [command]/usr/bin/git config --local --unset-all extensions.worktreeConfig
2025-08-23T13:00:36.8608481Z ##[group]Checking out the ref
2025-08-23T13:00:36.8613694Z [command]/usr/bin/git checkout --progress --force -B main refs/remotes/origin/main
2025-08-23T13:00:36.8956053Z Switched to a new branch 'main'
2025-08-23T13:00:36.8958652Z branch 'main' set up to track 'origin/main'.
2025-08-23T13:00:36.8968539Z ##[endgroup]
2025-08-23T13:00:36.9015673Z [command]/usr/bin/git log -1 --format=%H
2025-08-23T13:00:36.9040456Z 2fa5f4208be786a376c373e814dd11a3dc608ea5
2025-08-23T13:00:36.9215094Z ##[group]Run cat .env.ci >> "$GITHUB_ENV"
2025-08-23T13:00:36.9215423Z [36;1mcat .env.ci >> "$GITHUB_ENV"[0m
2025-08-23T13:00:36.9216109Z [36;1mecho "DATABASE_URL=***localhost:5432/awa" >> "$GITHUB_ENV"[0m
2025-08-23T13:00:36.9216469Z [36;1mecho "PG_HOST=localhost" >> "$GITHUB_ENV"[0m
2025-08-23T13:00:36.9216756Z [36;1mecho "PG_PORT=5432" >> "$GITHUB_ENV"[0m
2025-08-23T13:00:36.9217035Z [36;1mecho "PG_USER=postgres" >> "$GITHUB_ENV"[0m
2025-08-23T13:00:36.9217312Z [36;1mecho "PG_PASSWORD=pass" >> "$GITHUB_ENV"[0m
2025-08-23T13:00:36.9217787Z [36;1mecho "PG_DATABASE=awa" >> "$GITHUB_ENV"[0m
2025-08-23T13:00:36.9262544Z shell: /usr/bin/bash -e {0}
2025-08-23T13:00:36.9262769Z env:
2025-08-23T13:00:36.9262970Z   REDIS_URL: redis://localhost:6379/0
2025-08-23T13:00:36.9263241Z   RATE_LIMIT_DEFAULT: 100/minute
2025-08-23T13:00:36.9263454Z   TRUST_X_FORWARDED: 1
2025-08-23T13:00:36.9263644Z ##[endgroup]
2025-08-23T13:00:36.9443860Z ##[group]Run actions/setup-python@v5
2025-08-23T13:00:36.9444152Z with:
2025-08-23T13:00:36.9444333Z   python-version: 3.12
2025-08-23T13:00:36.9444549Z   cache: pip
2025-08-23T13:00:36.9444792Z   cache-dependency-path: requirements-dev.txt
2025-08-23T13:00:36.9445082Z   check-latest: false
2025-08-23T13:00:36.9445429Z   token: ***
2025-08-23T13:00:36.9445620Z   update-environment: true
2025-08-23T13:00:36.9445849Z   allow-prereleases: false
2025-08-23T13:00:36.9446055Z   freethreaded: false
2025-08-23T13:00:36.9446243Z env:
2025-08-23T13:00:36.9446444Z   REDIS_URL: redis://localhost:6379/0
2025-08-23T13:00:36.9446701Z   RATE_LIMIT_DEFAULT: 100/minute
2025-08-23T13:00:36.9446914Z   TRUST_X_FORWARDED: 1
2025-08-23T13:00:36.9447112Z   PG_USER: postgres
2025-08-23T13:00:36.9447300Z   PG_PASSWORD: pass
2025-08-23T13:00:36.9447482Z   PG_DATABASE: awa
2025-08-23T13:00:36.9447658Z   PG_HOST: localhost
2025-08-23T13:00:36.9447847Z   PG_PORT: 5432
2025-08-23T13:00:36.9448269Z   PG_SYNC_DSN: ***localhost:5432/awa
2025-08-23T13:00:36.9448659Z   PG_ASYNC_DSN: ***localhost:5432/awa
2025-08-23T13:00:36.9449041Z   DATABASE_URL: ***localhost:5432/awa
2025-08-23T13:00:36.9449274Z   DATA_DIR: /tmp/awa-data
2025-08-23T13:00:36.9449478Z   ENABLE_LIVE: 0
2025-08-23T13:00:36.9449650Z   TESTING: 1
2025-08-23T13:00:36.9449819Z ##[endgroup]
2025-08-23T13:00:37.1136549Z ##[group]Installed versions
2025-08-23T13:00:37.1244484Z Successfully set up CPython (3.12.11)
2025-08-23T13:00:37.1245234Z ##[endgroup]
2025-08-23T13:00:37.1539702Z [command]/opt/hostedtoolcache/Python/3.12.11/x64/bin/pip cache dir
2025-08-23T13:00:37.6732150Z /home/runner/.cache/pip
2025-08-23T13:00:37.8661367Z Cache hit for: setup-python-Linux-x64-24.04-Ubuntu-python-3.12.11-pip-cc13ccef493b9f3a93ad5651164d9fb09282c1111f6f72ce20e0657de16de6b4
2025-08-23T13:00:39.0384863Z Received 79691776 of 376053341 (21.2%), 75.9 MBs/sec
2025-08-23T13:00:40.0391109Z Received 255852544 of 376053341 (68.0%), 121.9 MBs/sec
2025-08-23T13:00:40.9129210Z Received 376053341 of 376053341 (100.0%), 124.7 MBs/sec
2025-08-23T13:00:40.9132154Z Cache Size: ~359 MB (376053341 B)
2025-08-23T13:00:40.9250969Z [command]/usr/bin/tar -xf /home/runner/work/_temp/5baf0138-0288-45d9-8f04-58cc27b323a0/cache.tzst -P -C /home/runner/work/AWA-App/AWA-App --use-compress-program unzstd
2025-08-23T13:00:41.5440712Z Cache restored successfully
2025-08-23T13:00:41.6149747Z Cache restored from key: setup-python-Linux-x64-24.04-Ubuntu-python-3.12.11-pip-cc13ccef493b9f3a93ad5651164d9fb09282c1111f6f72ce20e0657de16de6b4
2025-08-23T13:00:41.6289875Z ##[group]Run pip install --break-system-packages -r requirements-dev.txt
2025-08-23T13:00:41.6290403Z [36;1mpip install --break-system-packages -r requirements-dev.txt[0m
2025-08-23T13:00:41.6290830Z [36;1mpip install --break-system-packages keepa==1.3.15 minio==7.1.15[0m
2025-08-23T13:00:41.6335389Z shell: /usr/bin/bash -e {0}
2025-08-23T13:00:41.6335622Z env:
2025-08-23T13:00:41.6335826Z   REDIS_URL: redis://localhost:6379/0
2025-08-23T13:00:41.6336092Z   RATE_LIMIT_DEFAULT: 100/minute
2025-08-23T13:00:41.6336314Z   TRUST_X_FORWARDED: 1
2025-08-23T13:00:41.6336518Z   PG_USER: postgres
2025-08-23T13:00:41.6336713Z   PG_PASSWORD: pass
2025-08-23T13:00:41.6336895Z   PG_DATABASE: awa
2025-08-23T13:00:41.6337081Z   PG_HOST: localhost
2025-08-23T13:00:41.6337274Z   PG_PORT: 5432
2025-08-23T13:00:41.6337793Z   PG_SYNC_DSN: ***localhost:5432/awa
2025-08-23T13:00:41.6338253Z   PG_ASYNC_DSN: ***localhost:5432/awa
2025-08-23T13:00:41.6338646Z   DATABASE_URL: ***localhost:5432/awa
2025-08-23T13:00:41.6338915Z   DATA_DIR: /tmp/awa-data
2025-08-23T13:00:41.6339290Z   ENABLE_LIVE: 0
2025-08-23T13:00:41.6339461Z   TESTING: 1
2025-08-23T13:00:41.6339699Z   pythonLocation: /opt/hostedtoolcache/Python/3.12.11/x64
2025-08-23T13:00:41.6340113Z   PKG_CONFIG_PATH: /opt/hostedtoolcache/Python/3.12.11/x64/lib/pkgconfig
2025-08-23T13:00:41.6340500Z   Python_ROOT_DIR: /opt/hostedtoolcache/Python/3.12.11/x64
2025-08-23T13:00:41.6340847Z   Python2_ROOT_DIR: /opt/hostedtoolcache/Python/3.12.11/x64
2025-08-23T13:00:41.6341323Z   Python3_ROOT_DIR: /opt/hostedtoolcache/Python/3.12.11/x64
2025-08-23T13:00:41.6341880Z   LD_LIBRARY_PATH: /opt/hostedtoolcache/Python/3.12.11/x64/lib
2025-08-23T13:00:41.6342521Z ##[endgroup]
2025-08-23T13:00:42.4987845Z Collecting Jinja2==3.1.6 (from -r requirements-dev.txt (line 2))
2025-08-23T13:00:42.5000831Z   Using cached jinja2-3.1.6-py3-none-any.whl.metadata (2.9 kB)
2025-08-23T13:00:42.5337166Z Collecting alembic==1.16.4 (from -r requirements-dev.txt (line 3))
2025-08-23T13:00:42.5348817Z   Using cached alembic-1.16.4-py3-none-any.whl.metadata (7.3 kB)
2025-08-23T13:00:42.5642129Z Collecting apscheduler==3.10.4 (from -r requirements-dev.txt (line 4))
2025-08-23T13:00:42.5653739Z   Using cached APScheduler-3.10.4-py3-none-any.whl.metadata (5.7 kB)
2025-08-23T13:00:42.5932106Z Collecting asgi-correlation-id==4.3.1 (from -r requirements-dev.txt (line 5))
2025-08-23T13:00:42.5943634Z   Using cached asgi_correlation_id-4.3.1-py3-none-any.whl.metadata (28 kB)
2025-08-23T13:00:42.6458589Z Collecting asyncpg==0.30.0 (from -r requirements-dev.txt (line 6))
2025-08-23T13:00:42.6470786Z   Using cached asyncpg-0.30.0-cp312-cp312-manylinux_2_17_x86_64.manylinux2014_x86_64.whl.metadata (5.0 kB)
2025-08-23T13:00:42.7029339Z Collecting black==25.1.0 (from -r requirements-dev.txt (line 7))
2025-08-23T13:00:42.7041878Z   Using cached black-25.1.0-cp312-cp312-manylinux_2_17_x86_64.manylinux2014_x86_64.manylinux_2_28_x86_64.whl.metadata (81 kB)
2025-08-23T13:00:43.1262346Z Collecting boto3 (from -r requirements-dev.txt (line 8))
2025-08-23T13:00:43.3803734Z   Downloading boto3-1.40.16-py3-none-any.whl.metadata (6.7 kB)
2025-08-23T13:00:43.4223042Z Collecting redis==6.* (from -r requirements-dev.txt (line 9))
2025-08-23T13:00:43.4234611Z   Using cached redis-6.4.0-py3-none-any.whl.metadata (10 kB)
2025-08-23T13:00:43.4683079Z Collecting minio==7.* (from -r requirements-dev.txt (line 10))
2025-08-23T13:00:43.4695875Z   Using cached minio-7.2.16-py3-none-any.whl.metadata (6.5 kB)
2025-08-23T13:00:43.4972159Z Collecting vulture==2.10 (from -r requirements-dev.txt (line 11))
2025-08-23T13:00:43.4983915Z   Using cached vulture-2.10-py2.py3-none-any.whl.metadata (23 kB)
2025-08-23T13:00:43.5412463Z Collecting celery==5.5.3 (from -r requirements-dev.txt (line 12))
2025-08-23T13:00:43.5426044Z   Using cached celery-5.5.3-py3-none-any.whl.metadata (22 kB)
2025-08-23T13:00:43.6107611Z Collecting fastapi==0.116.1 (from -r requirements-dev.txt (line 13))
2025-08-23T13:00:43.6120369Z   Using cached fastapi-0.116.1-py3-none-any.whl.metadata (28 kB)
2025-08-23T13:00:43.6384906Z Collecting fastapi-limiter==0.1.6 (from -r requirements-dev.txt (line 15))
2025-08-23T13:00:43.6396344Z   Using cached fastapi_limiter-0.1.6-py3-none-any.whl.metadata (5.3 kB)
2025-08-23T13:00:43.6727195Z Collecting httpx<0.29,>=0.27 (from -r requirements-dev.txt (line 16))
2025-08-23T13:00:43.6739353Z   Using cached httpx-0.28.1-py3-none-any.whl.metadata (7.1 kB)
2025-08-23T13:00:43.7037097Z Collecting imapclient==3.0.1 (from -r requirements-dev.txt (line 17))
2025-08-23T13:00:43.7049052Z   Using cached IMAPClient-3.0.1-py2.py3-none-any.whl.metadata (1.7 kB)
2025-08-23T13:00:43.7275082Z Collecting itsdangerous (from -r requirements-dev.txt (line 18))
2025-08-23T13:00:43.7287180Z   Using cached itsdangerous-2.2.0-py3-none-any.whl.metadata (1.9 kB)
2025-08-23T13:00:43.8366010Z Collecting mypy==1.* (from -r requirements-dev.txt (line 19))
2025-08-23T13:00:43.8382606Z   Using cached mypy-1.17.1-cp312-cp312-manylinux2014_x86_64.manylinux_2_17_x86_64.manylinux_2_28_x86_64.whl.metadata (2.2 kB)
2025-08-23T13:00:43.8602801Z Collecting mypy-extensions==1.1.0 (from -r requirements-dev.txt (line 20))
2025-08-23T13:00:43.8615326Z   Using cached mypy_extensions-1.1.0-py3-none-any.whl.metadata (1.1 kB)
2025-08-23T13:00:44.0576621Z Collecting numpy<2 (from -r requirements-dev.txt (line 21))
2025-08-23T13:00:44.0590446Z   Using cached numpy-1.26.4-cp312-cp312-manylinux_2_17_x86_64.manylinux2014_x86_64.whl.metadata (61 kB)
2025-08-23T13:00:44.0958056Z Collecting openpyxl==3.1.5 (from -r requirements-dev.txt (line 22))
2025-08-23T13:00:44.0969761Z   Using cached openpyxl-3.1.5-py2.py3-none-any.whl.metadata (2.5 kB)
2025-08-23T13:00:44.2513909Z Collecting pandas==2.2.* (from -r requirements-dev.txt (line 23))
2025-08-23T13:00:44.2527378Z   Using cached pandas-2.2.3-cp312-cp312-manylinux_2_17_x86_64.manylinux2014_x86_64.whl.metadata (89 kB)
2025-08-23T13:00:44.3567051Z Collecting psycopg2-binary==2.9.10 (from -r requirements-dev.txt (line 24))
2025-08-23T13:00:44.3580418Z   Using cached psycopg2_binary-2.9.10-cp312-cp312-manylinux_2_17_x86_64.manylinux2014_x86_64.whl.metadata (4.9 kB)
2025-08-23T13:00:44.3858300Z Collecting psycopg==3.2.9 (from psycopg[binary]==3.2.9->-r requirements-dev.txt (line 25))
2025-08-23T13:00:44.3870301Z   Using cached psycopg-3.2.9-py3-none-any.whl.metadata (4.5 kB)
2025-08-23T13:00:44.5070003Z Collecting pydantic==2.11.7 (from -r requirements-dev.txt (line 26))
2025-08-23T13:00:44.5083859Z   Using cached pydantic-2.11.7-py3-none-any.whl.metadata (67 kB)
2025-08-23T13:00:44.6400396Z Collecting setuptools (from -r requirements-dev.txt (line 27))
2025-08-23T13:00:44.6412651Z   Using cached setuptools-80.9.0-py3-none-any.whl.metadata (6.6 kB)
2025-08-23T13:00:44.6781440Z Collecting pytest-asyncio==1.1.0 (from -r requirements-dev.txt (line 28))
2025-08-23T13:00:44.6797962Z   Using cached pytest_asyncio-1.1.0-py3-none-any.whl.metadata (4.1 kB)
2025-08-23T13:00:44.7064962Z Collecting pytest-cov==6.2.1 (from -r requirements-dev.txt (line 29))
2025-08-23T13:00:44.7076565Z   Using cached pytest_cov-6.2.1-py3-none-any.whl.metadata (30 kB)
2025-08-23T13:00:44.7357199Z Collecting pytest-postgresql==7.0.2 (from -r requirements-dev.txt (line 30))
2025-08-23T13:00:44.7368623Z   Using cached pytest_postgresql-7.0.2-py3-none-any.whl.metadata (18 kB)
2025-08-23T13:00:44.7647428Z Collecting python-dotenv (from -r requirements-dev.txt (line 31))
2025-08-23T13:00:44.7659002Z   Using cached python_dotenv-1.1.1-py3-none-any.whl.metadata (24 kB)
2025-08-23T13:00:44.7895365Z Collecting python-multipart (from -r requirements-dev.txt (line 32))
2025-08-23T13:00:44.7906931Z   Using cached python_multipart-0.0.20-py3-none-any.whl.metadata (1.8 kB)
2025-08-23T13:00:44.8310541Z Collecting python-telegram-bot==22.3 (from -r requirements-dev.txt (line 33))
2025-08-23T13:00:44.8322295Z   Using cached python_telegram_bot-22.3-py3-none-any.whl.metadata (17 kB)
2025-08-23T13:00:44.8721478Z Collecting requests==2.32.4 (from -r requirements-dev.txt (line 34))
2025-08-23T13:00:44.8733500Z   Using cached requests-2.32.4-py3-none-any.whl.metadata (4.9 kB)
2025-08-23T13:00:44.9376469Z Collecting respx==0.22.0 (from -r requirements-dev.txt (line 35))
2025-08-23T13:00:44.9388511Z   Using cached respx-0.22.0-py2.py3-none-any.whl.metadata (4.1 kB)
2025-08-23T13:00:45.3935425Z Collecting ruff==0.9.9 (from -r requirements-dev.txt (line 36))
2025-08-23T13:00:45.3948464Z   Using cached ruff-0.9.9-py3-none-manylinux_2_17_x86_64.manylinux2014_x86_64.whl.metadata (25 kB)
2025-08-23T13:00:45.6549099Z Collecting sqlalchemy==2.0.43 (from -r requirements-dev.txt (line 37))
2025-08-23T13:00:45.6566288Z   Using cached sqlalchemy-2.0.43-cp312-cp312-manylinux_2_17_x86_64.manylinux2014_x86_64.whl.metadata (9.6 kB)
2025-08-23T13:00:45.6938785Z Collecting structlog==24.1.0 (from -r requirements-dev.txt (line 38))
2025-08-23T13:00:45.6950449Z   Using cached structlog-24.1.0-py3-none-any.whl.metadata (6.9 kB)
2025-08-23T13:00:45.7249505Z Collecting testcontainers==4.12.0 (from testcontainers[postgres]==4.12.0->-r requirements-dev.txt (line 39))
2025-08-23T13:00:45.7260593Z   Using cached testcontainers-4.12.0-py3-none-any.whl.metadata (8.3 kB)
2025-08-23T13:00:45.7753423Z Collecting types-requests==2.32.4.20250809 (from -r requirements-dev.txt (line 40))
2025-08-23T13:00:45.7765087Z   Using cached types_requests-2.32.4.20250809-py3-none-any.whl.metadata (2.0 kB)
2025-08-23T13:00:45.8001760Z Collecting docspec-python==2.2.2 (from -r requirements-dev.txt (line 41))
2025-08-23T13:00:45.8012728Z   Using cached docspec_python-2.2.2-py3-none-any.whl.metadata (1.0 kB)
2025-08-23T13:00:45.8278016Z Collecting pydoc-markdown==4.8.2 (from -r requirements-dev.txt (line 42))
2025-08-23T13:00:45.8288827Z   Using cached pydoc_markdown-4.8.2-py3-none-any.whl.metadata (5.9 kB)
2025-08-23T13:00:45.9148090Z Collecting pandera==0.19.* (from -r requirements-dev.txt (line 43))
2025-08-23T13:00:45.9160523Z   Using cached pandera-0.19.3-py3-none-any.whl.metadata (15 kB)
2025-08-23T13:00:45.9815091Z Collecting MarkupSafe>=2.0 (from Jinja2==3.1.6->-r requirements-dev.txt (line 2))
2025-08-23T13:00:45.9826804Z   Using cached MarkupSafe-3.0.2-cp312-cp312-manylinux_2_17_x86_64.manylinux2014_x86_64.whl.metadata (4.0 kB)
2025-08-23T13:00:46.0220097Z Collecting Mako (from alembic==1.16.4->-r requirements-dev.txt (line 3))
2025-08-23T13:00:46.0231264Z   Using cached mako-1.3.10-py3-none-any.whl.metadata (2.9 kB)
2025-08-23T13:00:46.0500755Z Collecting typing-extensions>=4.12 (from alembic==1.16.4->-r requirements-dev.txt (line 3))
2025-08-23T13:00:46.0512364Z   Using cached typing_extensions-4.14.1-py3-none-any.whl.metadata (3.0 kB)
2025-08-23T13:00:46.0770749Z Collecting six>=1.4.0 (from apscheduler==3.10.4->-r requirements-dev.txt (line 4))
2025-08-23T13:00:46.0783463Z   Using cached six-1.17.0-py2.py3-none-any.whl.metadata (1.7 kB)
2025-08-23T13:00:46.1240946Z Collecting pytz (from apscheduler==3.10.4->-r requirements-dev.txt (line 4))
2025-08-23T13:00:46.1252839Z   Using cached pytz-2025.2-py2.py3-none-any.whl.metadata (22 kB)
2025-08-23T13:00:46.1529244Z Collecting tzlocal!=3.*,>=2.0 (from apscheduler==3.10.4->-r requirements-dev.txt (line 4))
2025-08-23T13:00:46.1540449Z   Using cached tzlocal-5.3.1-py3-none-any.whl.metadata (7.6 kB)
2025-08-23T13:00:46.1947329Z Collecting starlette>=0.18 (from asgi-correlation-id==4.3.1->-r requirements-dev.txt (line 5))
2025-08-23T13:00:46.1958555Z   Using cached starlette-0.47.2-py3-none-any.whl.metadata (6.2 kB)
2025-08-23T13:00:46.2265361Z Collecting click>=8.0.0 (from black==25.1.0->-r requirements-dev.txt (line 7))
2025-08-23T13:00:46.2276596Z   Using cached click-8.2.1-py3-none-any.whl.metadata (2.5 kB)
2025-08-23T13:00:46.2556634Z Collecting packaging>=22.0 (from black==25.1.0->-r requirements-dev.txt (line 7))
2025-08-23T13:00:46.2568051Z   Using cached packaging-25.0-py3-none-any.whl.metadata (3.3 kB)
2025-08-23T13:00:46.2794955Z Collecting pathspec>=0.9.0 (from black==25.1.0->-r requirements-dev.txt (line 7))
2025-08-23T13:00:46.2806092Z   Using cached pathspec-0.12.1-py3-none-any.whl.metadata (21 kB)
2025-08-23T13:00:46.3109474Z Collecting platformdirs>=2 (from black==25.1.0->-r requirements-dev.txt (line 7))
2025-08-23T13:00:46.3120642Z   Using cached platformdirs-4.3.8-py3-none-any.whl.metadata (12 kB)
2025-08-23T13:00:46.3348417Z Collecting toml (from vulture==2.10->-r requirements-dev.txt (line 11))
2025-08-23T13:00:46.3359136Z   Using cached toml-0.10.2-py2.py3-none-any.whl.metadata (7.1 kB)
2025-08-23T13:00:46.3655701Z Collecting billiard<5.0,>=4.2.1 (from celery==5.5.3->-r requirements-dev.txt (line 12))
2025-08-23T13:00:46.3667169Z   Using cached billiard-4.2.1-py3-none-any.whl.metadata (4.4 kB)
2025-08-23T13:00:46.4058023Z Collecting kombu<5.6,>=5.5.2 (from celery==5.5.3->-r requirements-dev.txt (line 12))
2025-08-23T13:00:46.4069782Z   Using cached kombu-5.5.4-py3-none-any.whl.metadata (3.5 kB)
2025-08-23T13:00:46.4332668Z Collecting vine<6.0,>=5.1.0 (from celery==5.5.3->-r requirements-dev.txt (line 12))
2025-08-23T13:00:46.4344108Z   Using cached vine-5.1.0-py3-none-any.whl.metadata (2.7 kB)
2025-08-23T13:00:46.4597590Z Collecting click-didyoumean>=0.3.0 (from celery==5.5.3->-r requirements-dev.txt (line 12))
2025-08-23T13:00:46.4609490Z   Using cached click_didyoumean-0.3.1-py3-none-any.whl.metadata (3.9 kB)
2025-08-23T13:00:46.4819675Z Collecting click-repl>=0.2.0 (from celery==5.5.3->-r requirements-dev.txt (line 12))
2025-08-23T13:00:46.4830900Z   Using cached click_repl-0.3.0-py3-none-any.whl.metadata (3.6 kB)
2025-08-23T13:00:46.5038291Z Collecting click-plugins>=1.1.1 (from celery==5.5.3->-r requirements-dev.txt (line 12))
2025-08-23T13:00:46.5049589Z   Using cached click_plugins-1.1.1.2-py2.py3-none-any.whl.metadata (6.5 kB)
2025-08-23T13:00:46.5309926Z Collecting python-dateutil>=2.8.2 (from celery==5.5.3->-r requirements-dev.txt (line 12))
2025-08-23T13:00:46.5320849Z   Using cached python_dateutil-2.9.0.post0-py2.py3-none-any.whl.metadata (8.4 kB)
2025-08-23T13:00:46.5838474Z Collecting annotated-types>=0.6.0 (from pydantic==2.11.7->-r requirements-dev.txt (line 26))
2025-08-23T13:00:46.5850047Z   Using cached annotated_types-0.7.0-py3-none-any.whl.metadata (15 kB)
2025-08-23T13:00:47.2568378Z Collecting pydantic-core==2.33.2 (from pydantic==2.11.7->-r requirements-dev.txt (line 26))
2025-08-23T13:00:47.2582306Z   Using cached pydantic_core-2.33.2-cp312-cp312-manylinux_2_17_x86_64.manylinux2014_x86_64.whl.metadata (6.8 kB)
2025-08-23T13:00:47.2821669Z Collecting typing-inspection>=0.4.0 (from pydantic==2.11.7->-r requirements-dev.txt (line 26))
2025-08-23T13:00:47.2833754Z   Using cached typing_inspection-0.4.1-py3-none-any.whl.metadata (2.6 kB)
2025-08-23T13:00:47.3214771Z Collecting et-xmlfile (from openpyxl==3.1.5->-r requirements-dev.txt (line 22))
2025-08-23T13:00:47.3226711Z   Using cached et_xmlfile-2.0.0-py3-none-any.whl.metadata (2.7 kB)
2025-08-23T13:00:47.3789333Z Collecting pytest<9,>=8.2 (from pytest-asyncio==1.1.0->-r requirements-dev.txt (line 28))
2025-08-23T13:00:47.3800743Z   Using cached pytest-8.4.1-py3-none-any.whl.metadata (7.7 kB)
2025-08-23T13:00:47.6981329Z Collecting coverage>=7.5 (from coverage[toml]>=7.5->pytest-cov==6.2.1->-r requirements-dev.txt (line 29))
2025-08-23T13:00:47.6995076Z   Using cached coverage-7.10.4-cp312-cp312-manylinux1_x86_64.manylinux_2_28_x86_64.manylinux_2_5_x86_64.whl.metadata (8.9 kB)
2025-08-23T13:00:47.7237915Z Collecting pluggy>=1.2 (from pytest-cov==6.2.1->-r requirements-dev.txt (line 29))
2025-08-23T13:00:47.7249389Z   Using cached pluggy-1.6.0-py3-none-any.whl.metadata (4.8 kB)
2025-08-23T13:00:47.7604907Z Collecting port-for>=0.7.3 (from pytest-postgresql==7.0.2->-r requirements-dev.txt (line 30))
2025-08-23T13:00:47.7616222Z   Using cached port_for-0.7.4-py3-none-any.whl.metadata (7.1 kB)
2025-08-23T13:00:47.7871687Z Collecting mirakuru>=2.6.0 (from pytest-postgresql==7.0.2->-r requirements-dev.txt (line 30))
2025-08-23T13:00:47.7882636Z   Using cached mirakuru-2.6.1-py3-none-any.whl.metadata (10 kB)
2025-08-23T13:00:47.8832577Z Collecting charset_normalizer<4,>=2 (from requests==2.32.4->-r requirements-dev.txt (line 34))
2025-08-23T13:00:47.8845064Z   Using cached charset_normalizer-3.4.3-cp312-cp312-manylinux2014_x86_64.manylinux_2_17_x86_64.manylinux_2_28_x86_64.whl.metadata (36 kB)
2025-08-23T13:00:47.9104666Z Collecting idna<4,>=2.5 (from requests==2.32.4->-r requirements-dev.txt (line 34))
2025-08-23T13:00:47.9116221Z   Using cached idna-3.10-py3-none-any.whl.metadata (10 kB)
2025-08-23T13:00:47.9494720Z Collecting urllib3<3,>=1.21.1 (from requests==2.32.4->-r requirements-dev.txt (line 34))
2025-08-23T13:00:47.9505746Z   Using cached urllib3-2.5.0-py3-none-any.whl.metadata (6.5 kB)
2025-08-23T13:00:47.9819468Z Collecting certifi>=2017.4.17 (from requests==2.32.4->-r requirements-dev.txt (line 34))
2025-08-23T13:00:47.9830590Z   Using cached certifi-2025.8.3-py3-none-any.whl.metadata (2.4 kB)
2025-08-23T13:00:48.1986098Z Collecting greenlet>=1 (from sqlalchemy==2.0.43->-r requirements-dev.txt (line 37))
2025-08-23T13:00:48.2000381Z   Using cached greenlet-3.2.4-cp312-cp312-manylinux_2_24_x86_64.manylinux_2_28_x86_64.whl.metadata (4.1 kB)
2025-08-23T13:00:48.2355413Z Collecting docker (from testcontainers==4.12.0->testcontainers[postgres]==4.12.0->-r requirements-dev.txt (line 39))
2025-08-23T13:00:48.2366769Z   Using cached docker-7.1.0-py3-none-any.whl.metadata (3.8 kB)
2025-08-23T13:00:48.3483490Z Collecting wrapt (from testcontainers==4.12.0->testcontainers[postgres]==4.12.0->-r requirements-dev.txt (line 39))
2025-08-23T13:00:48.3496998Z   Using cached wrapt-1.17.3-cp312-cp312-manylinux1_x86_64.manylinux_2_28_x86_64.manylinux_2_5_x86_64.whl.metadata (6.4 kB)
2025-08-23T13:00:48.3860652Z Collecting docspec==2.2.1 (from docspec-python==2.2.2->-r requirements-dev.txt (line 41))
2025-08-23T13:00:48.3872364Z   Using cached docspec-2.2.1-py3-none-any.whl.metadata (1.5 kB)
2025-08-23T13:00:48.4208824Z Collecting nr-util>=0.8.12 (from docspec-python==2.2.2->-r requirements-dev.txt (line 41))
2025-08-23T13:00:48.4219877Z   Using cached nr.util-0.8.12-py3-none-any.whl.metadata (813 bytes)
2025-08-23T13:00:48.4660619Z Collecting PyYAML<7.0,>=5.0 (from pydoc-markdown==4.8.2->-r requirements-dev.txt (line 42))
2025-08-23T13:00:48.4672476Z   Using cached PyYAML-6.0.2-cp312-cp312-manylinux_2_17_x86_64.manylinux2014_x86_64.whl.metadata (2.1 kB)
2025-08-23T13:00:48.5076138Z Collecting databind.core<5.0.0,>=4.4.0 (from pydoc-markdown==4.8.2->-r requirements-dev.txt (line 42))
2025-08-23T13:00:48.5087449Z   Using cached databind.core-4.5.2-py3-none-any.whl.metadata (1.1 kB)
2025-08-23T13:00:48.5423289Z Collecting databind.json<5.0.0,>=4.4.0 (from pydoc-markdown==4.8.2->-r requirements-dev.txt (line 42))
2025-08-23T13:00:48.5434838Z   Using cached databind.json-4.5.2-py3-none-any.whl.metadata (1.1 kB)
2025-08-23T13:00:48.5762381Z Collecting docstring-parser<0.12,>=0.11 (from pydoc-markdown==4.8.2->-r requirements-dev.txt (line 42))
2025-08-23T13:00:48.5763400Z   Using cached docstring_parser-0.11-py3-none-any.whl
2025-08-23T13:00:48.6201872Z Collecting tomli<3.0.0,>=2.0.0 (from pydoc-markdown==4.8.2->-r requirements-dev.txt (line 42))
2025-08-23T13:00:48.6214318Z   Using cached tomli-2.2.1-cp312-cp312-manylinux_2_17_x86_64.manylinux2014_x86_64.whl.metadata (11 kB)
2025-08-23T13:00:48.6430097Z Collecting tomli_w<2.0.0,>=1.0.0 (from pydoc-markdown==4.8.2->-r requirements-dev.txt (line 42))
2025-08-23T13:00:48.6441790Z   Using cached tomli_w-1.2.0-py3-none-any.whl.metadata (5.7 kB)
2025-08-23T13:00:48.7003081Z Collecting watchdog (from pydoc-markdown==4.8.2->-r requirements-dev.txt (line 42))
2025-08-23T13:00:48.7016622Z   Using cached watchdog-6.0.0-py3-none-manylinux2014_x86_64.whl.metadata (44 kB)
2025-08-23T13:00:48.7342530Z Collecting yapf>=0.30.0 (from pydoc-markdown==4.8.2->-r requirements-dev.txt (line 42))
2025-08-23T13:00:48.7354815Z   Using cached yapf-0.43.0-py3-none-any.whl.metadata (46 kB)
2025-08-23T13:00:48.7685580Z Collecting Deprecated<2.0.0,>=1.2.12 (from docspec==2.2.1->docspec-python==2.2.2->-r requirements-dev.txt (line 41))
2025-08-23T13:00:48.7697884Z   Using cached Deprecated-1.2.18-py2.py3-none-any.whl.metadata (5.7 kB)
2025-08-23T13:00:48.9372757Z Collecting psycopg-binary==3.2.9 (from psycopg[binary]==3.2.9->-r requirements-dev.txt (line 25))
2025-08-23T13:00:48.9387134Z   Using cached psycopg_binary-3.2.9-cp312-cp312-manylinux_2_17_x86_64.manylinux2014_x86_64.whl.metadata (2.9 kB)
2025-08-23T13:00:48.9831245Z Collecting argon2-cffi (from minio==7.*->-r requirements-dev.txt (line 10))
2025-08-23T13:00:48.9844171Z   Using cached argon2_cffi-25.1.0-py3-none-any.whl.metadata (4.1 kB)
2025-08-23T13:00:49.0776974Z Collecting pycryptodome (from minio==7.*->-r requirements-dev.txt (line 10))
2025-08-23T13:00:49.0792231Z   Using cached pycryptodome-3.23.0-cp37-abi3-manylinux_2_17_x86_64.manylinux2014_x86_64.whl.metadata (3.4 kB)
2025-08-23T13:00:49.1108472Z Collecting anyio (from httpx<0.29,>=0.27->-r requirements-dev.txt (line 16))
2025-08-23T13:00:49.1121909Z   Using cached anyio-4.10.0-py3-none-any.whl.metadata (4.0 kB)
2025-08-23T13:00:49.1438023Z Collecting httpcore==1.* (from httpx<0.29,>=0.27->-r requirements-dev.txt (line 16))
2025-08-23T13:00:49.1451413Z   Using cached httpcore-1.0.9-py3-none-any.whl.metadata (21 kB)
2025-08-23T13:00:49.1898166Z Collecting tzdata>=2022.7 (from pandas==2.2.*->-r requirements-dev.txt (line 23))
2025-08-23T13:00:49.1911301Z   Using cached tzdata-2025.2-py2.py3-none-any.whl.metadata (1.4 kB)
2025-08-23T13:00:49.2187042Z Collecting multimethod<=1.10.0 (from pandera==0.19.*->-r requirements-dev.txt (line 43))
2025-08-23T13:00:49.2200061Z   Using cached multimethod-1.10-py3-none-any.whl.metadata (8.2 kB)
2025-08-23T13:00:49.2703171Z Collecting typeguard (from pandera==0.19.*->-r requirements-dev.txt (line 43))
2025-08-23T13:00:49.2715398Z   Using cached typeguard-4.4.4-py3-none-any.whl.metadata (3.3 kB)
2025-08-23T13:00:49.2929744Z Collecting typing-inspect>=0.6.0 (from pandera==0.19.*->-r requirements-dev.txt (line 43))
2025-08-23T13:00:49.2941572Z   Using cached typing_inspect-0.9.0-py3-none-any.whl.metadata (1.5 kB)
2025-08-23T13:00:49.3339027Z Collecting databind<5.0.0,>=4.5.2 (from databind.core<5.0.0,>=4.4.0->pydoc-markdown==4.8.2->-r requirements-dev.txt (line 42))
2025-08-23T13:00:49.3351000Z   Using cached databind-4.5.2-py3-none-any.whl.metadata (4.3 kB)
2025-08-23T13:00:49.3591104Z Collecting nr-date<3.0.0,>=2.0.0 (from databind<5.0.0,>=4.5.2->databind.core<5.0.0,>=4.4.0->pydoc-markdown==4.8.2->-r requirements-dev.txt (line 42))
2025-08-23T13:00:49.3602842Z   Using cached nr_date-2.1.0-py3-none-any.whl.metadata (746 bytes)
2025-08-23T13:00:49.3835746Z Collecting nr-stream<2.0.0,>=1.0.0 (from databind<5.0.0,>=4.5.2->databind.core<5.0.0,>=4.4.0->pydoc-markdown==4.8.2->-r requirements-dev.txt (line 42))
2025-08-23T13:00:49.3847759Z   Using cached nr_stream-1.1.5-py3-none-any.whl.metadata (3.6 kB)
2025-08-23T13:00:49.4127331Z Collecting typeapi<3,>=2.0.1 (from databind<5.0.0,>=4.5.2->databind.core<5.0.0,>=4.4.0->pydoc-markdown==4.8.2->-r requirements-dev.txt (line 42))
2025-08-23T13:00:49.4139545Z   Using cached typeapi-2.2.4-py3-none-any.whl.metadata (1.5 kB)
2025-08-23T13:00:49.4539755Z Collecting h11>=0.16 (from httpcore==1.*->httpx<0.29,>=0.27->-r requirements-dev.txt (line 16))
2025-08-23T13:00:49.4551143Z   Using cached h11-0.16.0-py3-none-any.whl.metadata (8.3 kB)
2025-08-23T13:00:49.4878290Z Collecting amqp<6.0.0,>=5.1.1 (from kombu<5.6,>=5.5.2->celery==5.5.3->-r requirements-dev.txt (line 12))
2025-08-23T13:00:49.4890008Z   Using cached amqp-5.3.1-py3-none-any.whl.metadata (8.9 kB)
2025-08-23T13:00:49.5400666Z Collecting iniconfig>=1 (from pytest<9,>=8.2->pytest-asyncio==1.1.0->-r requirements-dev.txt (line 28))
2025-08-23T13:00:49.5413574Z   Using cached iniconfig-2.1.0-py3-none-any.whl.metadata (2.7 kB)
2025-08-23T13:00:49.5740984Z Collecting pygments>=2.7.2 (from pytest<9,>=8.2->pytest-asyncio==1.1.0->-r requirements-dev.txt (line 28))
2025-08-23T13:00:49.5753272Z   Using cached pygments-2.19.2-py3-none-any.whl.metadata (2.5 kB)
2025-08-23T13:00:49.6187820Z Collecting sniffio>=1.1 (from anyio->httpx<0.29,>=0.27->-r requirements-dev.txt (line 16))
2025-08-23T13:00:49.6199599Z   Using cached sniffio-1.3.1-py3-none-any.whl.metadata (3.9 kB)
2025-08-23T13:00:50.1757759Z Collecting botocore<1.41.0,>=1.40.16 (from boto3->-r requirements-dev.txt (line 8))
2025-08-23T13:00:50.1868341Z   Downloading botocore-1.40.16-py3-none-any.whl.metadata (5.7 kB)
2025-08-23T13:00:50.2139875Z Collecting jmespath<2.0.0,>=0.7.1 (from boto3->-r requirements-dev.txt (line 8))
2025-08-23T13:00:50.2153568Z   Using cached jmespath-1.0.1-py3-none-any.whl.metadata (7.6 kB)
2025-08-23T13:00:50.2431489Z Collecting s3transfer<0.14.0,>=0.13.0 (from boto3->-r requirements-dev.txt (line 8))
2025-08-23T13:00:50.2443719Z   Using cached s3transfer-0.13.1-py3-none-any.whl.metadata (1.7 kB)
2025-08-23T13:00:50.4070940Z Collecting fastapi-cli>=0.0.8 (from fastapi-cli[standard]>=0.0.8; extra == "all"->fastapi[all]->-r requirements-dev.txt (line 14))
2025-08-23T13:00:50.4083180Z   Using cached fastapi_cli-0.0.8-py3-none-any.whl.metadata (6.3 kB)
2025-08-23T13:00:50.4959433Z Collecting ujson!=4.0.2,!=4.1.0,!=4.2.0,!=4.3.0,!=5.0.0,!=5.1.0,>=4.0.1 (from fastapi[all]->-r requirements-dev.txt (line 14))
2025-08-23T13:00:50.4972480Z   Using cached ujson-5.11.0-cp312-cp312-manylinux_2_24_x86_64.manylinux_2_28_x86_64.whl.metadata (9.4 kB)
2025-08-23T13:00:50.7400691Z Collecting orjson>=3.2.1 (from fastapi[all]->-r requirements-dev.txt (line 14))
2025-08-23T13:00:50.7415305Z   Using cached orjson-3.11.2-cp312-cp312-manylinux_2_17_x86_64.manylinux2014_x86_64.whl.metadata (1.2 kB)
2025-08-23T13:00:50.7668792Z Collecting email-validator>=2.0.0 (from fastapi[all]->-r requirements-dev.txt (line 14))
2025-08-23T13:00:50.7682725Z   Using cached email_validator-2.2.0-py3-none-any.whl.metadata (25 kB)
2025-08-23T13:00:50.8083177Z Collecting uvicorn>=0.12.0 (from uvicorn[standard]>=0.12.0; extra == "all"->fastapi[all]->-r requirements-dev.txt (line 14))
2025-08-23T13:00:50.8096204Z   Using cached uvicorn-0.35.0-py3-none-any.whl.metadata (6.5 kB)
2025-08-23T13:00:50.8388434Z Collecting pydantic-settings>=2.0.0 (from fastapi[all]->-r requirements-dev.txt (line 14))
2025-08-23T13:00:50.8400586Z   Using cached pydantic_settings-2.10.1-py3-none-any.whl.metadata (3.4 kB)
2025-08-23T13:00:50.8686862Z Collecting pydantic-extra-types>=2.0.0 (from fastapi[all]->-r requirements-dev.txt (line 14))
2025-08-23T13:00:50.8688134Z   Using cached pydantic_extra_types-2.10.5-py3-none-any.whl.metadata (3.9 kB)
2025-08-23T13:00:50.9471242Z Collecting prompt-toolkit>=3.0.36 (from click-repl>=0.2.0->celery==5.5.3->-r requirements-dev.txt (line 12))
2025-08-23T13:00:50.9483954Z   Using cached prompt_toolkit-3.0.51-py3-none-any.whl.metadata (6.4 kB)
2025-08-23T13:00:50.9791465Z Collecting dnspython>=2.0.0 (from email-validator>=2.0.0->fastapi[all]->-r requirements-dev.txt (line 14))
2025-08-23T13:00:50.9803431Z   Using cached dnspython-2.7.0-py3-none-any.whl.metadata (5.8 kB)
2025-08-23T13:00:51.0206999Z Collecting typer>=0.15.1 (from fastapi-cli>=0.0.8->fastapi-cli[standard]>=0.0.8; extra == "all"->fastapi[all]->-r requirements-dev.txt (line 14))
2025-08-23T13:00:51.0220011Z   Using cached typer-0.16.1-py3-none-any.whl.metadata (15 kB)
2025-08-23T13:00:51.0600841Z Collecting rich-toolkit>=0.14.8 (from fastapi-cli>=0.0.8->fastapi-cli[standard]>=0.0.8; extra == "all"->fastapi[all]->-r requirements-dev.txt (line 14))
2025-08-23T13:00:51.0613577Z   Using cached rich_toolkit-0.15.0-py3-none-any.whl.metadata (1.0 kB)
2025-08-23T13:00:51.0849767Z Collecting fastapi-cloud-cli>=0.1.1 (from fastapi-cli[standard]>=0.0.8; extra == "all"->fastapi[all]->-r requirements-dev.txt (line 14))
2025-08-23T13:00:51.0861710Z   Using cached fastapi_cloud_cli-0.1.5-py3-none-any.whl.metadata (3.2 kB)
2025-08-23T13:00:51.1695369Z Collecting rignore>=0.5.1 (from fastapi-cloud-cli>=0.1.1->fastapi-cli[standard]>=0.0.8; extra == "all"->fastapi[all]->-r requirements-dev.txt (line 14))
2025-08-23T13:00:51.1708870Z   Using cached rignore-0.6.4-cp312-cp312-manylinux_2_17_x86_64.manylinux2014_x86_64.whl.metadata (3.8 kB)
2025-08-23T13:00:51.2480083Z Collecting sentry-sdk>=2.20.0 (from fastapi-cloud-cli>=0.1.1->fastapi-cli[standard]>=0.0.8; extra == "all"->fastapi[all]->-r requirements-dev.txt (line 14))
2025-08-23T13:00:51.2493846Z   Using cached sentry_sdk-2.35.0-py2.py3-none-any.whl.metadata (10 kB)
2025-08-23T13:00:51.3528386Z Collecting psutil>=4.0.0 (from mirakuru>=2.6.0->pytest-postgresql==7.0.2->-r requirements-dev.txt (line 30))
2025-08-23T13:00:51.3541538Z   Using cached psutil-7.0.0-cp36-abi3-manylinux_2_12_x86_64.manylinux2010_x86_64.manylinux_2_17_x86_64.manylinux2014_x86_64.whl.metadata (22 kB)
2025-08-23T13:00:51.4007849Z Collecting wcwidth (from prompt-toolkit>=3.0.36->click-repl>=0.2.0->celery==5.5.3->-r requirements-dev.txt (line 12))
2025-08-23T13:00:51.4019569Z   Using cached wcwidth-0.2.13-py2.py3-none-any.whl.metadata (14 kB)
2025-08-23T13:00:51.5003931Z Collecting rich>=13.7.1 (from rich-toolkit>=0.14.8->fastapi-cli>=0.0.8->fastapi-cli[standard]>=0.0.8; extra == "all"->fastapi[all]->-r requirements-dev.txt (line 14))
2025-08-23T13:00:51.5015936Z   Using cached rich-14.1.0-py3-none-any.whl.metadata (18 kB)
2025-08-23T13:00:51.5315662Z Collecting markdown-it-py>=2.2.0 (from rich>=13.7.1->rich-toolkit>=0.14.8->fastapi-cli>=0.0.8->fastapi-cli[standard]>=0.0.8; extra == "all"->fastapi[all]->-r requirements-dev.txt (line 14))
2025-08-23T13:00:51.5327822Z   Using cached markdown_it_py-4.0.0-py3-none-any.whl.metadata (7.3 kB)
2025-08-23T13:00:51.5662327Z Collecting mdurl~=0.1 (from markdown-it-py>=2.2.0->rich>=13.7.1->rich-toolkit>=0.14.8->fastapi-cli>=0.0.8->fastapi-cli[standard]>=0.0.8; extra == "all"->fastapi[all]->-r requirements-dev.txt (line 14))
2025-08-23T13:00:51.5675409Z   Using cached mdurl-0.1.2-py3-none-any.whl.metadata (1.6 kB)
2025-08-23T13:00:51.6294601Z Collecting shellingham>=1.3.0 (from typer>=0.15.1->fastapi-cli>=0.0.8->fastapi-cli[standard]>=0.0.8; extra == "all"->fastapi[all]->-r requirements-dev.txt (line 14))
2025-08-23T13:00:51.6307118Z   Using cached shellingham-1.5.4-py2.py3-none-any.whl.metadata (3.5 kB)
2025-08-23T13:00:51.7153027Z Collecting httptools>=0.6.3 (from uvicorn[standard]>=0.12.0; extra == "all"->fastapi[all]->-r requirements-dev.txt (line 14))
2025-08-23T13:00:51.7167712Z   Using cached httptools-0.6.4-cp312-cp312-manylinux_2_5_x86_64.manylinux1_x86_64.manylinux_2_17_x86_64.manylinux2014_x86_64.whl.metadata (3.6 kB)
2025-08-23T13:00:51.7701214Z Collecting uvloop>=0.15.1 (from uvicorn[standard]>=0.12.0; extra == "all"->fastapi[all]->-r requirements-dev.txt (line 14))
2025-08-23T13:00:51.7714531Z   Using cached uvloop-0.21.0-cp312-cp312-manylinux_2_17_x86_64.manylinux2014_x86_64.whl.metadata (4.9 kB)
2025-08-23T13:00:51.8523311Z Collecting watchfiles>=0.13 (from uvicorn[standard]>=0.12.0; extra == "all"->fastapi[all]->-r requirements-dev.txt (line 14))
2025-08-23T13:00:51.8537105Z   Using cached watchfiles-1.1.0-cp312-cp312-manylinux_2_17_x86_64.manylinux2014_x86_64.whl.metadata (4.9 kB)
2025-08-23T13:00:52.0638437Z Collecting websockets>=10.4 (from uvicorn[standard]>=0.12.0; extra == "all"->fastapi[all]->-r requirements-dev.txt (line 14))
2025-08-23T13:00:52.0653159Z   Using cached websockets-15.0.1-cp312-cp312-manylinux_2_5_x86_64.manylinux1_x86_64.manylinux_2_17_x86_64.manylinux2014_x86_64.whl.metadata (6.8 kB)
2025-08-23T13:00:52.1216527Z Collecting argon2-cffi-bindings (from argon2-cffi->minio==7.*->-r requirements-dev.txt (line 10))
2025-08-23T13:00:52.1228772Z   Using cached argon2_cffi_bindings-25.1.0-cp39-abi3-manylinux_2_26_x86_64.manylinux_2_28_x86_64.whl.metadata (7.4 kB)
2025-08-23T13:00:52.2345218Z Collecting cffi>=1.0.1 (from argon2-cffi-bindings->argon2-cffi->minio==7.*->-r requirements-dev.txt (line 10))
2025-08-23T13:00:52.2358434Z   Using cached cffi-1.17.1-cp312-cp312-manylinux_2_17_x86_64.manylinux2014_x86_64.whl.metadata (1.5 kB)
2025-08-23T13:00:52.2611588Z Collecting pycparser (from cffi>=1.0.1->argon2-cffi-bindings->argon2-cffi->minio==7.*->-r requirements-dev.txt (line 10))
2025-08-23T13:00:52.2623410Z   Using cached pycparser-2.22-py3-none-any.whl.metadata (943 bytes)
2025-08-23T13:00:52.3216867Z Using cached jinja2-3.1.6-py3-none-any.whl (134 kB)
2025-08-23T13:00:52.3229676Z Using cached alembic-1.16.4-py3-none-any.whl (247 kB)
2025-08-23T13:00:52.3242560Z Using cached APScheduler-3.10.4-py3-none-any.whl (59 kB)
2025-08-23T13:00:52.3254270Z Using cached asgi_correlation_id-4.3.1-py3-none-any.whl (15 kB)
2025-08-23T13:00:52.3265688Z Using cached asyncpg-0.30.0-cp312-cp312-manylinux_2_17_x86_64.manylinux2014_x86_64.whl (3.6 MB)
2025-08-23T13:00:52.3303997Z Using cached black-25.1.0-cp312-cp312-manylinux_2_17_x86_64.manylinux2014_x86_64.manylinux_2_28_x86_64.whl (1.8 MB)
2025-08-23T13:00:52.3327801Z Using cached vulture-2.10-py2.py3-none-any.whl (27 kB)
2025-08-23T13:00:52.3339065Z Using cached celery-5.5.3-py3-none-any.whl (438 kB)
2025-08-23T13:00:52.3353230Z Using cached fastapi-0.116.1-py3-none-any.whl (95 kB)
2025-08-23T13:00:52.3364978Z Using cached pydantic-2.11.7-py3-none-any.whl (444 kB)
2025-08-23T13:00:52.3379466Z Using cached fastapi_limiter-0.1.6-py3-none-any.whl (15 kB)
2025-08-23T13:00:52.3390832Z Using cached IMAPClient-3.0.1-py2.py3-none-any.whl (182 kB)
2025-08-23T13:00:52.3403354Z Using cached mypy_extensions-1.1.0-py3-none-any.whl (5.0 kB)
2025-08-23T13:00:52.3415363Z Using cached openpyxl-3.1.5-py2.py3-none-any.whl (250 kB)
2025-08-23T13:00:52.3428698Z Using cached psycopg2_binary-2.9.10-cp312-cp312-manylinux_2_17_x86_64.manylinux2014_x86_64.whl (3.0 MB)
2025-08-23T13:00:52.3462234Z Using cached psycopg-3.2.9-py3-none-any.whl (202 kB)
2025-08-23T13:00:52.3474422Z Using cached pytest_asyncio-1.1.0-py3-none-any.whl (15 kB)
2025-08-23T13:00:52.3485258Z Using cached pytest_cov-6.2.1-py3-none-any.whl (24 kB)
2025-08-23T13:00:52.3496214Z Using cached pytest_postgresql-7.0.2-py3-none-any.whl (41 kB)
2025-08-23T13:00:52.3507268Z Using cached python_telegram_bot-22.3-py3-none-any.whl (717 kB)
2025-08-23T13:00:52.3524608Z Using cached requests-2.32.4-py3-none-any.whl (64 kB)
2025-08-23T13:00:52.3535793Z Using cached respx-0.22.0-py2.py3-none-any.whl (25 kB)
2025-08-23T13:00:52.3547036Z Using cached ruff-0.9.9-py3-none-manylinux_2_17_x86_64.manylinux2014_x86_64.whl (11.2 MB)
2025-08-23T13:00:52.3639878Z Using cached sqlalchemy-2.0.43-cp312-cp312-manylinux_2_17_x86_64.manylinux2014_x86_64.whl (3.3 MB)
2025-08-23T13:00:52.3674274Z Using cached structlog-24.1.0-py3-none-any.whl (65 kB)
2025-08-23T13:00:52.3685642Z Using cached testcontainers-4.12.0-py3-none-any.whl (111 kB)
2025-08-23T13:00:52.3697804Z Using cached types_requests-2.32.4.20250809-py3-none-any.whl (20 kB)
2025-08-23T13:00:52.3708707Z Using cached docspec_python-2.2.2-py3-none-any.whl (15 kB)
2025-08-23T13:00:52.3719608Z Using cached pydoc_markdown-4.8.2-py3-none-any.whl (67 kB)
2025-08-23T13:00:52.3730646Z Using cached docspec-2.2.1-py3-none-any.whl (9.8 kB)
2025-08-23T13:00:52.3742180Z Using cached psycopg_binary-3.2.9-cp312-cp312-manylinux_2_17_x86_64.manylinux2014_x86_64.whl (4.4 MB)
2025-08-23T13:00:52.3784957Z Using cached pydantic_core-2.33.2-cp312-cp312-manylinux_2_17_x86_64.manylinux2014_x86_64.whl (2.0 MB)
2025-08-23T13:00:52.3809573Z Using cached redis-6.4.0-py3-none-any.whl (279 kB)
2025-08-23T13:00:52.3822703Z Using cached minio-7.2.16-py3-none-any.whl (95 kB)
2025-08-23T13:00:52.3834083Z Using cached httpx-0.28.1-py3-none-any.whl (73 kB)
2025-08-23T13:00:52.3845745Z Using cached mypy-1.17.1-cp312-cp312-manylinux2014_x86_64.manylinux_2_17_x86_64.manylinux_2_28_x86_64.whl (12.7 MB)
2025-08-23T13:00:52.3947922Z Using cached numpy-1.26.4-cp312-cp312-manylinux_2_17_x86_64.manylinux2014_x86_64.whl (18.0 MB)
2025-08-23T13:00:52.4086308Z Using cached pandas-2.2.3-cp312-cp312-manylinux_2_17_x86_64.manylinux2014_x86_64.whl (12.7 MB)
2025-08-23T13:00:52.4186752Z Using cached pandera-0.19.3-py3-none-any.whl (251 kB)
2025-08-23T13:00:52.4199952Z Using cached billiard-4.2.1-py3-none-any.whl (86 kB)
2025-08-23T13:00:52.4212553Z Using cached charset_normalizer-3.4.3-cp312-cp312-manylinux2014_x86_64.manylinux_2_17_x86_64.manylinux_2_28_x86_64.whl (151 kB)
2025-08-23T13:00:52.4224344Z Using cached click-8.2.1-py3-none-any.whl (102 kB)
2025-08-23T13:00:52.4236032Z Using cached databind.core-4.5.2-py3-none-any.whl (1.5 kB)
2025-08-23T13:00:52.4247053Z Using cached databind-4.5.2-py3-none-any.whl (49 kB)
2025-08-23T13:00:52.4258077Z Using cached databind.json-4.5.2-py3-none-any.whl (1.5 kB)
2025-08-23T13:00:52.4268886Z Using cached Deprecated-1.2.18-py2.py3-none-any.whl (10.0 kB)
2025-08-23T13:00:52.4279739Z Using cached httpcore-1.0.9-py3-none-any.whl (78 kB)
2025-08-23T13:00:52.4290936Z Using cached idna-3.10-py3-none-any.whl (70 kB)
2025-08-23T13:00:52.4302309Z Using cached kombu-5.5.4-py3-none-any.whl (210 kB)
2025-08-23T13:00:52.4314311Z Using cached vine-5.1.0-py3-none-any.whl (9.6 kB)
2025-08-23T13:00:52.4325617Z Using cached amqp-5.3.1-py3-none-any.whl (50 kB)
2025-08-23T13:00:52.4336578Z Using cached multimethod-1.10-py3-none-any.whl (9.9 kB)
2025-08-23T13:00:52.4347255Z Using cached nr_date-2.1.0-py3-none-any.whl (10 kB)
2025-08-23T13:00:52.4358207Z Using cached nr_stream-1.1.5-py3-none-any.whl (10 kB)
2025-08-23T13:00:52.4369117Z Using cached nr.util-0.8.12-py3-none-any.whl (90 kB)
2025-08-23T13:00:52.4380578Z Using cached pytest-8.4.1-py3-none-any.whl (365 kB)
2025-08-23T13:00:52.4394825Z Using cached pluggy-1.6.0-py3-none-any.whl (20 kB)
2025-08-23T13:00:52.4407141Z Using cached PyYAML-6.0.2-cp312-cp312-manylinux_2_17_x86_64.manylinux2014_x86_64.whl (767 kB)
2025-08-23T13:00:52.4424256Z Using cached starlette-0.47.2-py3-none-any.whl (72 kB)
2025-08-23T13:00:52.4436004Z Using cached anyio-4.10.0-py3-none-any.whl (107 kB)
2025-08-23T13:00:52.4448075Z Using cached tomli-2.2.1-cp312-cp312-manylinux_2_17_x86_64.manylinux2014_x86_64.whl (242 kB)
2025-08-23T13:00:52.4460636Z Using cached tomli_w-1.2.0-py3-none-any.whl (6.7 kB)
2025-08-23T13:00:52.4471671Z Using cached typeapi-2.2.4-py3-none-any.whl (26 kB)
2025-08-23T13:00:52.4483257Z Using cached typing_extensions-4.14.1-py3-none-any.whl (43 kB)
2025-08-23T13:00:52.4494655Z Using cached urllib3-2.5.0-py3-none-any.whl (129 kB)
2025-08-23T13:00:52.4507086Z Using cached wrapt-1.17.3-cp312-cp312-manylinux1_x86_64.manylinux_2_28_x86_64.manylinux_2_5_x86_64.whl (88 kB)
2025-08-23T13:00:52.4615220Z Downloading boto3-1.40.16-py3-none-any.whl (140 kB)
2025-08-23T13:00:52.4948858Z Downloading botocore-1.40.16-py3-none-any.whl (14.0 MB)
2025-08-23T13:00:52.5822744Z    ━━━━━━━━━━━━━━━━━━━━━━━━━━━━━━━━━━━━━━━━ 14.0/14.0 MB 181.2 MB/s  0:00:00
2025-08-23T13:00:52.5836741Z Using cached jmespath-1.0.1-py3-none-any.whl (20 kB)
2025-08-23T13:00:52.5849074Z Using cached python_dateutil-2.9.0.post0-py2.py3-none-any.whl (229 kB)
2025-08-23T13:00:52.5862336Z Using cached s3transfer-0.13.1-py3-none-any.whl (85 kB)
2025-08-23T13:00:52.5874315Z Using cached itsdangerous-2.2.0-py3-none-any.whl (16 kB)
2025-08-23T13:00:52.5885882Z Using cached setuptools-80.9.0-py3-none-any.whl (1.2 MB)
2025-08-23T13:00:52.5905985Z Using cached python_dotenv-1.1.1-py3-none-any.whl (20 kB)
2025-08-23T13:00:52.5917492Z Using cached python_multipart-0.0.20-py3-none-any.whl (24 kB)
2025-08-23T13:00:52.5928955Z Using cached annotated_types-0.7.0-py3-none-any.whl (13 kB)
2025-08-23T13:00:52.5940359Z Using cached certifi-2025.8.3-py3-none-any.whl (161 kB)
2025-08-23T13:00:52.5952554Z Using cached click_didyoumean-0.3.1-py3-none-any.whl (3.6 kB)
2025-08-23T13:00:52.5964611Z Using cached click_plugins-1.1.1.2-py2.py3-none-any.whl (11 kB)
2025-08-23T13:00:52.5975755Z Using cached click_repl-0.3.0-py3-none-any.whl (10 kB)
2025-08-23T13:00:52.5987579Z Using cached coverage-7.10.4-cp312-cp312-manylinux1_x86_64.manylinux_2_28_x86_64.manylinux_2_5_x86_64.whl (251 kB)
2025-08-23T13:00:52.6000124Z Using cached email_validator-2.2.0-py3-none-any.whl (33 kB)
2025-08-23T13:00:52.6011552Z Using cached dnspython-2.7.0-py3-none-any.whl (313 kB)
2025-08-23T13:00:52.6025037Z Using cached fastapi_cli-0.0.8-py3-none-any.whl (10 kB)
2025-08-23T13:00:52.6036273Z Using cached fastapi_cloud_cli-0.1.5-py3-none-any.whl (18 kB)
2025-08-23T13:00:52.6048132Z Using cached greenlet-3.2.4-cp312-cp312-manylinux_2_24_x86_64.manylinux_2_28_x86_64.whl (607 kB)
2025-08-23T13:00:52.6063801Z Using cached h11-0.16.0-py3-none-any.whl (37 kB)
2025-08-23T13:00:52.6075743Z Using cached iniconfig-2.1.0-py3-none-any.whl (6.0 kB)
2025-08-23T13:00:52.6087410Z Using cached MarkupSafe-3.0.2-cp312-cp312-manylinux_2_17_x86_64.manylinux2014_x86_64.whl (23 kB)
2025-08-23T13:00:52.6098657Z Using cached mirakuru-2.6.1-py3-none-any.whl (26 kB)
2025-08-23T13:00:52.6110513Z Using cached orjson-3.11.2-cp312-cp312-manylinux_2_17_x86_64.manylinux2014_x86_64.whl (121 kB)
2025-08-23T13:00:52.6122501Z Using cached packaging-25.0-py3-none-any.whl (66 kB)
2025-08-23T13:00:52.6134041Z Using cached pathspec-0.12.1-py3-none-any.whl (31 kB)
2025-08-23T13:00:52.6145357Z Using cached platformdirs-4.3.8-py3-none-any.whl (18 kB)
2025-08-23T13:00:52.6156651Z Using cached port_for-0.7.4-py3-none-any.whl (21 kB)
2025-08-23T13:00:52.6168121Z Using cached prompt_toolkit-3.0.51-py3-none-any.whl (387 kB)
2025-08-23T13:00:52.6182813Z Using cached psutil-7.0.0-cp36-abi3-manylinux_2_12_x86_64.manylinux2010_x86_64.manylinux_2_17_x86_64.manylinux2014_x86_64.whl (277 kB)
2025-08-23T13:00:52.6195758Z Using cached pydantic_extra_types-2.10.5-py3-none-any.whl (38 kB)
2025-08-23T13:00:52.6207409Z Using cached pydantic_settings-2.10.1-py3-none-any.whl (45 kB)
2025-08-23T13:00:52.6219031Z Using cached pygments-2.19.2-py3-none-any.whl (1.2 MB)
2025-08-23T13:00:52.6239087Z Using cached pytz-2025.2-py2.py3-none-any.whl (509 kB)
2025-08-23T13:00:52.6254151Z Using cached rich_toolkit-0.15.0-py3-none-any.whl (29 kB)
2025-08-23T13:00:52.6265638Z Using cached rich-14.1.0-py3-none-any.whl (243 kB)
2025-08-23T13:00:52.6278505Z Using cached markdown_it_py-4.0.0-py3-none-any.whl (87 kB)
2025-08-23T13:00:52.6290266Z Using cached mdurl-0.1.2-py3-none-any.whl (10.0 kB)
2025-08-23T13:00:52.6301756Z Using cached rignore-0.6.4-cp312-cp312-manylinux_2_17_x86_64.manylinux2014_x86_64.whl (949 kB)
2025-08-23T13:00:52.6319833Z Using cached sentry_sdk-2.35.0-py2.py3-none-any.whl (363 kB)
2025-08-23T13:00:52.6333799Z Using cached six-1.17.0-py2.py3-none-any.whl (11 kB)
2025-08-23T13:00:52.6345134Z Using cached sniffio-1.3.1-py3-none-any.whl (10 kB)
2025-08-23T13:00:52.6356473Z Using cached typer-0.16.1-py3-none-any.whl (46 kB)
2025-08-23T13:00:52.6368021Z Using cached shellingham-1.5.4-py2.py3-none-any.whl (9.8 kB)
2025-08-23T13:00:52.6379262Z Using cached typing_inspect-0.9.0-py3-none-any.whl (8.8 kB)
2025-08-23T13:00:52.6390542Z Using cached typing_inspection-0.4.1-py3-none-any.whl (14 kB)
2025-08-23T13:00:52.6402541Z Using cached tzdata-2025.2-py2.py3-none-any.whl (347 kB)
2025-08-23T13:00:52.6416426Z Using cached tzlocal-5.3.1-py3-none-any.whl (18 kB)
2025-08-23T13:00:52.6428017Z Using cached ujson-5.11.0-cp312-cp312-manylinux_2_24_x86_64.manylinux_2_28_x86_64.whl (57 kB)
2025-08-23T13:00:52.6439366Z Using cached uvicorn-0.35.0-py3-none-any.whl (66 kB)
2025-08-23T13:00:52.6451650Z Using cached httptools-0.6.4-cp312-cp312-manylinux_2_5_x86_64.manylinux1_x86_64.manylinux_2_17_x86_64.manylinux2014_x86_64.whl (510 kB)
2025-08-23T13:00:52.6466854Z Using cached uvloop-0.21.0-cp312-cp312-manylinux_2_17_x86_64.manylinux2014_x86_64.whl (4.7 MB)
2025-08-23T13:00:52.6511736Z Using cached watchfiles-1.1.0-cp312-cp312-manylinux_2_17_x86_64.manylinux2014_x86_64.whl (452 kB)
2025-08-23T13:00:52.6526856Z Using cached websockets-15.0.1-cp312-cp312-manylinux_2_5_x86_64.manylinux1_x86_64.manylinux_2_17_x86_64.manylinux2014_x86_64.whl (182 kB)
2025-08-23T13:00:52.6538900Z Using cached yapf-0.43.0-py3-none-any.whl (256 kB)
2025-08-23T13:00:52.6551888Z Using cached argon2_cffi-25.1.0-py3-none-any.whl (14 kB)
2025-08-23T13:00:52.6564002Z Using cached argon2_cffi_bindings-25.1.0-cp39-abi3-manylinux_2_26_x86_64.manylinux_2_28_x86_64.whl (87 kB)
2025-08-23T13:00:52.6577960Z Using cached cffi-1.17.1-cp312-cp312-manylinux_2_17_x86_64.manylinux2014_x86_64.whl (479 kB)
2025-08-23T13:00:52.6592596Z Using cached docker-7.1.0-py3-none-any.whl (147 kB)
2025-08-23T13:00:52.6604957Z Using cached et_xmlfile-2.0.0-py3-none-any.whl (18 kB)
2025-08-23T13:00:52.6616320Z Using cached mako-1.3.10-py3-none-any.whl (78 kB)
2025-08-23T13:00:52.6628230Z Using cached pycparser-2.22-py3-none-any.whl (117 kB)
2025-08-23T13:00:52.6640910Z Using cached pycryptodome-3.23.0-cp37-abi3-manylinux_2_17_x86_64.manylinux2014_x86_64.whl (2.3 MB)
2025-08-23T13:00:52.6667630Z Using cached toml-0.10.2-py2.py3-none-any.whl (16 kB)
2025-08-23T13:00:52.6679046Z Using cached typeguard-4.4.4-py3-none-any.whl (34 kB)
2025-08-23T13:00:52.6690528Z Using cached watchdog-6.0.0-py3-none-manylinux2014_x86_64.whl (79 kB)
2025-08-23T13:00:52.6702392Z Using cached wcwidth-0.2.13-py2.py3-none-any.whl (34 kB)
2025-08-23T13:00:53.1493729Z Installing collected packages: wcwidth, pytz, wrapt, websockets, watchdog, vine, uvloop, urllib3, ujson, tzlocal, tzdata, typing-extensions, tomli_w, tomli, toml, structlog, sniffio, six, shellingham, setuptools, ruff, rignore, redis, PyYAML, python-multipart, python-dotenv, pygments, pycryptodome, pycparser, psycopg2-binary, psycopg-binary, psutil, prompt-toolkit, port-for, pluggy, platformdirs, pathspec, packaging, orjson, numpy, nr-stream, nr-date, mypy-extensions, multimethod, mdurl, MarkupSafe, jmespath, itsdangerous, iniconfig, imapclient, idna, httptools, h11, greenlet, et-xmlfile, docstring-parser, dnspython, coverage, click, charset_normalizer, certifi, billiard, asyncpg, annotated-types, yapf, vulture, uvicorn, typing-inspection, typing-inspect, types-requests, typeguard, typeapi, sqlalchemy, sentry-sdk, requests, python-dateutil, pytest, pydantic-core, psycopg, openpyxl, mypy, mirakuru, markdown-it-py, Mako, Jinja2, httpcore, email-validator, Deprecated, click-repl, click-plugins, click-didyoumean, cffi, black, apscheduler, anyio, amqp, watchfiles, starlette, rich, pytest-postgresql, pytest-cov, pytest-asyncio, pydantic, pandas, nr-util, kombu, httpx, docker, databind, botocore, argon2-cffi-bindings, alembic, typer, testcontainers, s3transfer, rich-toolkit, respx, python-telegram-bot, pydantic-settings, pydantic-extra-types, pandera, fastapi, databind.json, databind.core, celery, asgi-correlation-id, argon2-cffi, minio, fastapi-limiter, fastapi-cloud-cli, fastapi-cli, docspec, boto3, docspec-python, pydoc-markdown
2025-08-23T13:01:12.4976497Z 
2025-08-23T13:01:12.5097275Z Successfully installed Deprecated-1.2.18 Jinja2-3.1.6 Mako-1.3.10 MarkupSafe-3.0.2 PyYAML-6.0.2 alembic-1.16.4 amqp-5.3.1 annotated-types-0.7.0 anyio-4.10.0 apscheduler-3.10.4 argon2-cffi-25.1.0 argon2-cffi-bindings-25.1.0 asgi-correlation-id-4.3.1 asyncpg-0.30.0 billiard-4.2.1 black-25.1.0 boto3-1.40.16 botocore-1.40.16 celery-5.5.3 certifi-2025.8.3 cffi-1.17.1 charset_normalizer-3.4.3 click-8.2.1 click-didyoumean-0.3.1 click-plugins-1.1.1.2 click-repl-0.3.0 coverage-7.10.4 databind-4.5.2 databind.core-4.5.2 databind.json-4.5.2 dnspython-2.7.0 docker-7.1.0 docspec-2.2.1 docspec-python-2.2.2 docstring-parser-0.11 email-validator-2.2.0 et-xmlfile-2.0.0 fastapi-0.116.1 fastapi-cli-0.0.8 fastapi-cloud-cli-0.1.5 fastapi-limiter-0.1.6 greenlet-3.2.4 h11-0.16.0 httpcore-1.0.9 httptools-0.6.4 httpx-0.28.1 idna-3.10 imapclient-3.0.1 iniconfig-2.1.0 itsdangerous-2.2.0 jmespath-1.0.1 kombu-5.5.4 markdown-it-py-4.0.0 mdurl-0.1.2 minio-7.2.16 mirakuru-2.6.1 multimethod-1.10 mypy-1.17.1 mypy-extensions-1.1.0 nr-date-2.1.0 nr-stream-1.1.5 nr-util-0.8.12 numpy-1.26.4 openpyxl-3.1.5 orjson-3.11.2 packaging-25.0 pandas-2.2.3 pandera-0.19.3 pathspec-0.12.1 platformdirs-4.3.8 pluggy-1.6.0 port-for-0.7.4 prompt-toolkit-3.0.51 psutil-7.0.0 psycopg-3.2.9 psycopg-binary-3.2.9 psycopg2-binary-2.9.10 pycparser-2.22 pycryptodome-3.23.0 pydantic-2.11.7 pydantic-core-2.33.2 pydantic-extra-types-2.10.5 pydantic-settings-2.10.1 pydoc-markdown-4.8.2 pygments-2.19.2 pytest-8.4.1 pytest-asyncio-1.1.0 pytest-cov-6.2.1 pytest-postgresql-7.0.2 python-dateutil-2.9.0.post0 python-dotenv-1.1.1 python-multipart-0.0.20 python-telegram-bot-22.3 pytz-2025.2 redis-6.4.0 requests-2.32.4 respx-0.22.0 rich-14.1.0 rich-toolkit-0.15.0 rignore-0.6.4 ruff-0.9.9 s3transfer-0.13.1 sentry-sdk-2.35.0 setuptools-80.9.0 shellingham-1.5.4 six-1.17.0 sniffio-1.3.1 sqlalchemy-2.0.43 starlette-0.47.2 structlog-24.1.0 testcontainers-4.12.0 toml-0.10.2 tomli-2.2.1 tomli_w-1.2.0 typeapi-2.2.4 typeguard-4.4.4 typer-0.16.1 types-requests-2.32.4.20250809 typing-extensions-4.14.1 typing-inspect-0.9.0 typing-inspection-0.4.1 tzdata-2025.2 tzlocal-5.3.1 ujson-5.11.0 urllib3-2.5.0 uvicorn-0.35.0 uvloop-0.21.0 vine-5.1.0 vulture-2.10 watchdog-6.0.0 watchfiles-1.1.0 wcwidth-0.2.13 websockets-15.0.1 wrapt-1.17.3 yapf-0.43.0
2025-08-23T13:01:13.8358921Z Collecting keepa==1.3.15
2025-08-23T13:01:13.8373049Z   Using cached keepa-1.3.15-py3-none-any.whl.metadata (11 kB)
2025-08-23T13:01:13.8762894Z Collecting minio==7.1.15
2025-08-23T13:01:13.8782555Z   Using cached minio-7.1.15-py3-none-any.whl.metadata (4.2 kB)
2025-08-23T13:01:13.8816534Z Requirement already satisfied: numpy>=1.9.3 in /opt/hostedtoolcache/Python/3.12.11/x64/lib/python3.12/site-packages (from keepa==1.3.15) (1.26.4)
2025-08-23T13:01:13.8824168Z Requirement already satisfied: requests>=2.2 in /opt/hostedtoolcache/Python/3.12.11/x64/lib/python3.12/site-packages (from keepa==1.3.15) (2.32.4)
2025-08-23T13:01:13.9232513Z Collecting tqdm (from keepa==1.3.15)
2025-08-23T13:01:13.9246283Z   Using cached tqdm-4.67.1-py3-none-any.whl.metadata (57 kB)
2025-08-23T13:01:14.4219729Z Collecting aiohttp (from keepa==1.3.15)
2025-08-23T13:01:14.4234506Z   Using cached aiohttp-3.12.15-cp312-cp312-manylinux_2_17_x86_64.manylinux2014_x86_64.whl.metadata (7.7 kB)
2025-08-23T13:01:14.4270640Z Requirement already satisfied: pandas<=3.0 in /opt/hostedtoolcache/Python/3.12.11/x64/lib/python3.12/site-packages (from keepa==1.3.15) (2.2.3)
2025-08-23T13:01:14.4274796Z Requirement already satisfied: pydantic in /opt/hostedtoolcache/Python/3.12.11/x64/lib/python3.12/site-packages (from keepa==1.3.15) (2.11.7)
2025-08-23T13:01:14.4282353Z Requirement already satisfied: certifi in /opt/hostedtoolcache/Python/3.12.11/x64/lib/python3.12/site-packages (from minio==7.1.15) (2025.8.3)
2025-08-23T13:01:14.4285831Z Requirement already satisfied: urllib3 in /opt/hostedtoolcache/Python/3.12.11/x64/lib/python3.12/site-packages (from minio==7.1.15) (2.5.0)
2025-08-23T13:01:14.4344465Z Requirement already satisfied: python-dateutil>=2.8.2 in /opt/hostedtoolcache/Python/3.12.11/x64/lib/python3.12/site-packages (from pandas<=3.0->keepa==1.3.15) (2.9.0.post0)
2025-08-23T13:01:14.4349278Z Requirement already satisfied: pytz>=2020.1 in /opt/hostedtoolcache/Python/3.12.11/x64/lib/python3.12/site-packages (from pandas<=3.0->keepa==1.3.15) (2025.2)
2025-08-23T13:01:14.4354204Z Requirement already satisfied: tzdata>=2022.7 in /opt/hostedtoolcache/Python/3.12.11/x64/lib/python3.12/site-packages (from pandas<=3.0->keepa==1.3.15) (2025.2)
2025-08-23T13:01:14.4480065Z Requirement already satisfied: six>=1.5 in /opt/hostedtoolcache/Python/3.12.11/x64/lib/python3.12/site-packages (from python-dateutil>=2.8.2->pandas<=3.0->keepa==1.3.15) (1.17.0)
2025-08-23T13:01:14.4499415Z Requirement already satisfied: charset_normalizer<4,>=2 in /opt/hostedtoolcache/Python/3.12.11/x64/lib/python3.12/site-packages (from requests>=2.2->keepa==1.3.15) (3.4.3)
2025-08-23T13:01:14.4505757Z Requirement already satisfied: idna<4,>=2.5 in /opt/hostedtoolcache/Python/3.12.11/x64/lib/python3.12/site-packages (from requests>=2.2->keepa==1.3.15) (3.10)
2025-08-23T13:01:14.4795673Z Collecting aiohappyeyeballs>=2.5.0 (from aiohttp->keepa==1.3.15)
2025-08-23T13:01:14.4808875Z   Using cached aiohappyeyeballs-2.6.1-py3-none-any.whl.metadata (5.9 kB)
2025-08-23T13:01:14.4978948Z Collecting aiosignal>=1.4.0 (from aiohttp->keepa==1.3.15)
2025-08-23T13:01:14.4991490Z   Using cached aiosignal-1.4.0-py3-none-any.whl.metadata (3.7 kB)
2025-08-23T13:01:14.5213875Z Collecting attrs>=17.3.0 (from aiohttp->keepa==1.3.15)
2025-08-23T13:01:14.5226605Z   Using cached attrs-25.3.0-py3-none-any.whl.metadata (10 kB)
2025-08-23T13:01:14.5980722Z Collecting frozenlist>=1.1.1 (from aiohttp->keepa==1.3.15)
2025-08-23T13:01:14.5995352Z   Using cached frozenlist-1.7.0-cp312-cp312-manylinux_2_5_x86_64.manylinux1_x86_64.manylinux_2_17_x86_64.manylinux2014_x86_64.whl.metadata (18 kB)
2025-08-23T13:01:14.8583679Z Collecting multidict<7.0,>=4.5 (from aiohttp->keepa==1.3.15)
2025-08-23T13:01:14.8597926Z   Using cached multidict-6.6.4-cp312-cp312-manylinux2014_x86_64.manylinux_2_17_x86_64.manylinux_2_28_x86_64.whl.metadata (5.3 kB)
2025-08-23T13:01:14.9098636Z Collecting propcache>=0.2.0 (from aiohttp->keepa==1.3.15)
2025-08-23T13:01:14.9112455Z   Using cached propcache-0.3.2-cp312-cp312-manylinux_2_17_x86_64.manylinux2014_x86_64.whl.metadata (12 kB)
2025-08-23T13:01:15.1594517Z Collecting yarl<2.0,>=1.17.0 (from aiohttp->keepa==1.3.15)
2025-08-23T13:01:15.1609408Z   Using cached yarl-1.20.1-cp312-cp312-manylinux_2_17_x86_64.manylinux2014_x86_64.whl.metadata (73 kB)
2025-08-23T13:01:15.1831645Z Requirement already satisfied: typing-extensions>=4.2 in /opt/hostedtoolcache/Python/3.12.11/x64/lib/python3.12/site-packages (from aiosignal>=1.4.0->aiohttp->keepa==1.3.15) (4.14.1)
2025-08-23T13:01:15.1881570Z Requirement already satisfied: annotated-types>=0.6.0 in /opt/hostedtoolcache/Python/3.12.11/x64/lib/python3.12/site-packages (from pydantic->keepa==1.3.15) (0.7.0)
2025-08-23T13:01:15.1887806Z Requirement already satisfied: pydantic-core==2.33.2 in /opt/hostedtoolcache/Python/3.12.11/x64/lib/python3.12/site-packages (from pydantic->keepa==1.3.15) (2.33.2)
2025-08-23T13:01:15.1895807Z Requirement already satisfied: typing-inspection>=0.4.0 in /opt/hostedtoolcache/Python/3.12.11/x64/lib/python3.12/site-packages (from pydantic->keepa==1.3.15) (0.4.1)
2025-08-23T13:01:15.1958826Z Using cached keepa-1.3.15-py3-none-any.whl (38 kB)
2025-08-23T13:01:15.1972146Z Using cached minio-7.1.15-py3-none-any.whl (77 kB)
2025-08-23T13:01:15.1985593Z Using cached aiohttp-3.12.15-cp312-cp312-manylinux_2_17_x86_64.manylinux2014_x86_64.whl (1.7 MB)
2025-08-23T13:01:15.2011666Z Using cached multidict-6.6.4-cp312-cp312-manylinux2014_x86_64.manylinux_2_17_x86_64.manylinux_2_28_x86_64.whl (256 kB)
2025-08-23T13:01:15.2025348Z Using cached yarl-1.20.1-cp312-cp312-manylinux_2_17_x86_64.manylinux2014_x86_64.whl (355 kB)
2025-08-23T13:01:15.2039170Z Using cached aiohappyeyeballs-2.6.1-py3-none-any.whl (15 kB)
2025-08-23T13:01:15.2050548Z Using cached aiosignal-1.4.0-py3-none-any.whl (7.5 kB)
2025-08-23T13:01:15.2061706Z Using cached attrs-25.3.0-py3-none-any.whl (63 kB)
2025-08-23T13:01:15.2074171Z Using cached frozenlist-1.7.0-cp312-cp312-manylinux_2_5_x86_64.manylinux1_x86_64.manylinux_2_17_x86_64.manylinux2014_x86_64.whl (241 kB)
2025-08-23T13:01:15.2087190Z Using cached propcache-0.3.2-cp312-cp312-manylinux_2_17_x86_64.manylinux2014_x86_64.whl (224 kB)
2025-08-23T13:01:15.2099686Z Using cached tqdm-4.67.1-py3-none-any.whl (78 kB)
2025-08-23T13:01:15.3924784Z Installing collected packages: tqdm, propcache, multidict, minio, frozenlist, attrs, aiohappyeyeballs, yarl, aiosignal, aiohttp, keepa
2025-08-23T13:01:15.4701738Z   Attempting uninstall: minio
2025-08-23T13:01:15.4754232Z     Found existing installation: minio 7.2.16
2025-08-23T13:01:15.4794166Z     Uninstalling minio-7.2.16:
2025-08-23T13:01:15.4805638Z       Successfully uninstalled minio-7.2.16
2025-08-23T13:01:15.8560363Z 
2025-08-23T13:01:15.8677372Z Successfully installed aiohappyeyeballs-2.6.1 aiohttp-3.12.15 aiosignal-1.4.0 attrs-25.3.0 frozenlist-1.7.0 keepa-1.3.15 minio-7.1.15 multidict-6.6.4 propcache-0.3.2 tqdm-4.67.1 yarl-1.20.1
2025-08-23T13:01:16.0669537Z ##[group]Run for i in {1..30}; do pg_isready -h "$PG_HOST" -p "$PG_PORT" -U "$PG_USER" -d "$PG_DATABASE" && break; sleep 1; done
2025-08-23T13:01:16.0670211Z [36;1mfor i in {1..30}; do pg_isready -h "$PG_HOST" -p "$PG_PORT" -U "$PG_USER" -d "$PG_DATABASE" && break; sleep 1; done[0m
2025-08-23T13:01:16.0711467Z shell: /usr/bin/bash -e {0}
2025-08-23T13:01:16.0711700Z env:
2025-08-23T13:01:16.0711901Z   REDIS_URL: redis://localhost:6379/0
2025-08-23T13:01:16.0712493Z   RATE_LIMIT_DEFAULT: 100/minute
2025-08-23T13:01:16.0712728Z   TRUST_X_FORWARDED: 1
2025-08-23T13:01:16.0712928Z   PG_USER: postgres
2025-08-23T13:01:16.0713133Z   PG_PASSWORD: pass
2025-08-23T13:01:16.0713330Z   PG_DATABASE: awa
2025-08-23T13:01:16.0713516Z   PG_HOST: localhost
2025-08-23T13:01:16.0713703Z   PG_PORT: 5432
2025-08-23T13:01:16.0714151Z   PG_SYNC_DSN: ***localhost:5432/awa
2025-08-23T13:01:16.0714562Z   PG_ASYNC_DSN: ***localhost:5432/awa
2025-08-23T13:01:16.0714996Z   DATABASE_URL: ***localhost:5432/awa
2025-08-23T13:01:16.0715235Z   DATA_DIR: /tmp/awa-data
2025-08-23T13:01:16.0715444Z   ENABLE_LIVE: 0
2025-08-23T13:01:16.0715626Z   TESTING: 1
2025-08-23T13:01:16.0715867Z   pythonLocation: /opt/hostedtoolcache/Python/3.12.11/x64
2025-08-23T13:01:16.0716290Z   PKG_CONFIG_PATH: /opt/hostedtoolcache/Python/3.12.11/x64/lib/pkgconfig
2025-08-23T13:01:16.0716697Z   Python_ROOT_DIR: /opt/hostedtoolcache/Python/3.12.11/x64
2025-08-23T13:01:16.0717058Z   Python2_ROOT_DIR: /opt/hostedtoolcache/Python/3.12.11/x64
2025-08-23T13:01:16.0717415Z   Python3_ROOT_DIR: /opt/hostedtoolcache/Python/3.12.11/x64
2025-08-23T13:01:16.0717777Z   LD_LIBRARY_PATH: /opt/hostedtoolcache/Python/3.12.11/x64/lib
2025-08-23T13:01:16.0718084Z ##[endgroup]
2025-08-23T13:01:16.1620501Z localhost:5432 - accepting connections
2025-08-23T13:01:16.1652681Z ##[group]Run alembic -c services/api/alembic.ini upgrade head
2025-08-23T13:01:16.1653283Z [36;1malembic -c services/api/alembic.ini upgrade head[0m
2025-08-23T13:01:16.1693967Z shell: /usr/bin/bash -e {0}
2025-08-23T13:01:16.1694187Z env:
2025-08-23T13:01:16.1694386Z   REDIS_URL: redis://localhost:6379/0
2025-08-23T13:01:16.1694641Z   RATE_LIMIT_DEFAULT: 100/minute
2025-08-23T13:01:16.1694854Z   TRUST_X_FORWARDED: 1
2025-08-23T13:01:16.1695046Z   PG_USER: postgres
2025-08-23T13:01:16.1695230Z   PG_PASSWORD: pass
2025-08-23T13:01:16.1695401Z   PG_DATABASE: awa
2025-08-23T13:01:16.1695577Z   PG_HOST: localhost
2025-08-23T13:01:16.1695765Z   PG_PORT: 5432
2025-08-23T13:01:16.1696199Z   PG_SYNC_DSN: ***localhost:5432/awa
2025-08-23T13:01:16.1696596Z   PG_ASYNC_DSN: ***localhost:5432/awa
2025-08-23T13:01:16.1696962Z   DATABASE_URL: ***localhost:5432/awa
2025-08-23T13:01:16.1697189Z   DATA_DIR: /tmp/awa-data
2025-08-23T13:01:16.1697398Z   ENABLE_LIVE: 0
2025-08-23T13:01:16.1697601Z   TESTING: 1
2025-08-23T13:01:16.1697838Z   pythonLocation: /opt/hostedtoolcache/Python/3.12.11/x64
2025-08-23T13:01:16.1698227Z   PKG_CONFIG_PATH: /opt/hostedtoolcache/Python/3.12.11/x64/lib/pkgconfig
2025-08-23T13:01:16.1698617Z   Python_ROOT_DIR: /opt/hostedtoolcache/Python/3.12.11/x64
2025-08-23T13:01:16.1698960Z   Python2_ROOT_DIR: /opt/hostedtoolcache/Python/3.12.11/x64
2025-08-23T13:01:16.1699316Z   Python3_ROOT_DIR: /opt/hostedtoolcache/Python/3.12.11/x64
2025-08-23T13:01:16.1699667Z   LD_LIBRARY_PATH: /opt/hostedtoolcache/Python/3.12.11/x64/lib
2025-08-23T13:01:16.1699958Z ##[endgroup]
2025-08-23T13:01:17.3756684Z INFO  [alembic.runtime.migration] Context impl PostgresqlImpl.
2025-08-23T13:01:17.3757179Z INFO  [alembic.runtime.migration] Will assume transactional DDL.
2025-08-23T13:01:17.3987782Z INFO  [alembic.runtime.migration] Running upgrade  -> 0001_baseline
2025-08-23T13:01:17.4158412Z INFO  [alembic.runtime.migration] Running upgrade 0001_baseline -> 0002_create_roi_view
2025-08-23T13:01:17.4185678Z INFO  [alembic.runtime.migration] Running upgrade 0002_create_roi_view -> 3e9d5c5aff2c
2025-08-23T13:01:17.4357483Z INFO  [alembic.runtime.migration] Running upgrade 3e9d5c5aff2c -> 0003_vendor_prices
2025-08-23T13:01:17.4527216Z INFO  [alembic.runtime.migration] Running upgrade 0003_vendor_prices -> 0004_fee_cron
2025-08-23T13:01:17.4628958Z INFO  [alembic.runtime.migration] Running upgrade 0004_fee_cron -> 0006_fix_roi_views
2025-08-23T13:01:17.4675356Z INFO  [alembic.runtime.migration] Running upgrade 0006_fix_roi_views -> 0020_unified_schema
2025-08-23T13:01:17.4813125Z INFO  [alembic.runtime.migration] Running upgrade 0020_unified_schema -> 0022_fix_roi_view
2025-08-23T13:01:17.4903775Z INFO  [alembic.runtime.migration] Running upgrade 0022_fix_roi_view -> 0023_add_storage_fee
2025-08-23T13:01:17.4946830Z INFO  [alembic.runtime.migration] Running upgrade 0023_add_storage_fee -> 0024_create_buybox
2025-08-23T13:01:17.4977579Z INFO  [alembic.runtime.migration] Running upgrade 0024_create_buybox -> 0025_pr4_indexes_loadlog
2025-08-23T13:01:17.5207080Z INFO  [alembic.runtime.migration] Running upgrade 0025_pr4_indexes_loadlog -> 0026_fix_refund_views
2025-08-23T13:01:17.5268600Z INFO  [alembic.runtime.migration] Running upgrade 0025_pr4_indexes_loadlog -> 0026_amazon_new_reports
2025-08-23T13:01:17.5487375Z INFO  [alembic.runtime.migration] Running upgrade 0026_amazon_new_reports, 0026_fix_refund_views -> 0027_merge_reports_refund_heads
2025-08-23T13:01:17.6264798Z ##[group]Run python - <<'PY'
2025-08-23T13:01:17.6265116Z [36;1mpython - <<'PY'[0m
2025-08-23T13:01:17.6265401Z [36;1mfrom fastapi.testclient import TestClient[0m
2025-08-23T13:01:17.6265741Z [36;1mfrom services.api.main import app[0m
2025-08-23T13:01:17.6266068Z [36;1mwith TestClient(app) as c:[0m
2025-08-23T13:01:17.6266326Z [36;1m    r = c.get('/roi-review')[0m
2025-08-23T13:01:17.6266599Z [36;1m    assert r.status_code < 500, r.text[0m
2025-08-23T13:01:17.6266857Z [36;1mPY[0m
2025-08-23T13:01:17.6308124Z shell: /usr/bin/bash -e {0}
2025-08-23T13:01:17.6308369Z env:
2025-08-23T13:01:17.6308584Z   REDIS_URL: redis://localhost:6379/0
2025-08-23T13:01:17.6309041Z   RATE_LIMIT_DEFAULT: 100/minute
2025-08-23T13:01:17.6309283Z   TRUST_X_FORWARDED: 1
2025-08-23T13:01:17.6309489Z   PG_USER: postgres
2025-08-23T13:01:17.6309692Z   PG_PASSWORD: pass
2025-08-23T13:01:17.6309901Z   PG_DATABASE: awa
2025-08-23T13:01:17.6310098Z   PG_HOST: localhost
2025-08-23T13:01:17.6310361Z   PG_PORT: 5432
2025-08-23T13:01:17.6310969Z   PG_SYNC_DSN: ***localhost:5432/awa
2025-08-23T13:01:17.6311399Z   PG_ASYNC_DSN: ***localhost:5432/awa
2025-08-23T13:01:17.6311793Z   DATABASE_URL: ***localhost:5432/awa
2025-08-23T13:01:17.6312340Z   DATA_DIR: /tmp/awa-data
2025-08-23T13:01:17.6312572Z   ENABLE_LIVE: 0
2025-08-23T13:01:17.6312764Z   TESTING: 1
2025-08-23T13:01:17.6313014Z   pythonLocation: /opt/hostedtoolcache/Python/3.12.11/x64
2025-08-23T13:01:17.6313435Z   PKG_CONFIG_PATH: /opt/hostedtoolcache/Python/3.12.11/x64/lib/pkgconfig
2025-08-23T13:01:17.6313858Z   Python_ROOT_DIR: /opt/hostedtoolcache/Python/3.12.11/x64
2025-08-23T13:01:17.6314229Z   Python2_ROOT_DIR: /opt/hostedtoolcache/Python/3.12.11/x64
2025-08-23T13:01:17.6314619Z   Python3_ROOT_DIR: /opt/hostedtoolcache/Python/3.12.11/x64
2025-08-23T13:01:17.6314999Z   LD_LIBRARY_PATH: /opt/hostedtoolcache/Python/3.12.11/x64/lib
2025-08-23T13:01:17.6315319Z ##[endgroup]
2025-08-23T13:01:19.0515079Z WARNING:services.api.errors:{"status_code": 401, "detail": "Not authenticated", "event": "http_error", "request_id": "6203ef0a7b374bceaf605ece0f32cfbf", "level": "warning", "timestamp": "2025-08-23T13:01:19.051120Z"}
2025-08-23T13:01:19.0520282Z INFO:httpx:HTTP Request: GET http://testserver/roi-review "HTTP/1.1 401 Unauthorized"
2025-08-23T13:01:19.2868460Z ##[group]Run alembic -c services/api/alembic.ini downgrade base
2025-08-23T13:01:19.2868903Z [36;1malembic -c services/api/alembic.ini downgrade base[0m
2025-08-23T13:01:19.2909681Z shell: /usr/bin/bash -e {0}
2025-08-23T13:01:19.2909918Z env:
2025-08-23T13:01:19.2910138Z   REDIS_URL: redis://localhost:6379/0
2025-08-23T13:01:19.2910422Z   RATE_LIMIT_DEFAULT: 100/minute
2025-08-23T13:01:19.2910669Z   TRUST_X_FORWARDED: 1
2025-08-23T13:01:19.2910882Z   PG_USER: postgres
2025-08-23T13:01:19.2911083Z   PG_PASSWORD: pass
2025-08-23T13:01:19.2911274Z   PG_DATABASE: awa
2025-08-23T13:01:19.2911458Z   PG_HOST: localhost
2025-08-23T13:01:19.2911650Z   PG_PORT: 5432
2025-08-23T13:01:19.2912290Z   PG_SYNC_DSN: ***localhost:5432/awa
2025-08-23T13:01:19.2912706Z   PG_ASYNC_DSN: ***localhost:5432/awa
2025-08-23T13:01:19.2913110Z   DATABASE_URL: ***localhost:5432/awa
2025-08-23T13:01:19.2913353Z   DATA_DIR: /tmp/awa-data
2025-08-23T13:01:19.2913568Z   ENABLE_LIVE: 0
2025-08-23T13:01:19.2913782Z   TESTING: 1
2025-08-23T13:01:19.2914034Z   pythonLocation: /opt/hostedtoolcache/Python/3.12.11/x64
2025-08-23T13:01:19.2914440Z   PKG_CONFIG_PATH: /opt/hostedtoolcache/Python/3.12.11/x64/lib/pkgconfig
2025-08-23T13:01:19.2914835Z   Python_ROOT_DIR: /opt/hostedtoolcache/Python/3.12.11/x64
2025-08-23T13:01:19.2915186Z   Python2_ROOT_DIR: /opt/hostedtoolcache/Python/3.12.11/x64
2025-08-23T13:01:19.2915560Z   Python3_ROOT_DIR: /opt/hostedtoolcache/Python/3.12.11/x64
2025-08-23T13:01:19.2915925Z   LD_LIBRARY_PATH: /opt/hostedtoolcache/Python/3.12.11/x64/lib
2025-08-23T13:01:19.2916224Z ##[endgroup]
2025-08-23T13:01:19.7675924Z INFO  [alembic.runtime.migration] Context impl PostgresqlImpl.
2025-08-23T13:01:19.7676635Z INFO  [alembic.runtime.migration] Will assume transactional DDL.
2025-08-23T13:01:19.7780357Z INFO  [alembic.runtime.migration] Running downgrade 0027_merge_reports_refund_heads -> 0026_amazon_new_reports, 0026_fix_refund_views
2025-08-23T13:01:19.7804492Z INFO  [alembic.runtime.migration] Running downgrade 0026_amazon_new_reports -> 0025_pr4_indexes_loadlog
2025-08-23T13:01:19.7894694Z INFO  [alembic.runtime.migration] Running downgrade 0026_fix_refund_views -> 0025_pr4_indexes_loadlog
2025-08-23T13:01:19.7956663Z INFO  [alembic.runtime.migration] Running downgrade 0025_pr4_indexes_loadlog -> 0024_create_buybox
2025-08-23T13:01:19.8004570Z INFO  [alembic.runtime.migration] Running downgrade 0024_create_buybox -> 0023_add_storage_fee
2025-08-23T13:01:19.8024221Z INFO  [alembic.runtime.migration] Running downgrade 0023_add_storage_fee -> 0022_fix_roi_view
2025-08-23T13:01:19.8191908Z INFO  [alembic.runtime.migration] Running downgrade 0022_fix_roi_view -> 0020_unified_schema
2025-08-23T13:01:19.8215570Z INFO  [alembic.runtime.migration] Running downgrade 0020_unified_schema -> 0006_fix_roi_views
2025-08-23T13:01:19.8249532Z INFO  [alembic.runtime.migration] Running downgrade 0006_fix_roi_views -> 0004_fee_cron
2025-08-23T13:01:19.8271099Z INFO  [alembic.runtime.migration] Running downgrade 0004_fee_cron -> 0003_vendor_prices
2025-08-23T13:01:19.8342161Z INFO  [alembic.runtime.migration] Running downgrade 0003_vendor_prices -> 3e9d5c5aff2c
2025-08-23T13:01:19.8379546Z INFO  [alembic.runtime.migration] Running downgrade 3e9d5c5aff2c -> 0002_create_roi_view
2025-08-23T13:01:19.8416345Z INFO  [alembic.runtime.migration] Running downgrade 0002_create_roi_view -> 0001_baseline
2025-08-23T13:01:19.8425483Z INFO  [alembic.runtime.migration] Running downgrade 0001_baseline -> 
2025-08-23T13:01:19.9303514Z ##[group]Run test "$(alembic -c services/api/alembic.ini heads | wc -l)" -eq 1
2025-08-23T13:01:19.9304012Z [36;1mtest "$(alembic -c services/api/alembic.ini heads | wc -l)" -eq 1[0m
2025-08-23T13:01:19.9344355Z shell: /usr/bin/bash -e {0}
2025-08-23T13:01:19.9344573Z env:
2025-08-23T13:01:19.9344781Z   REDIS_URL: redis://localhost:6379/0
2025-08-23T13:01:19.9345042Z   RATE_LIMIT_DEFAULT: 100/minute
2025-08-23T13:01:19.9345267Z   TRUST_X_FORWARDED: 1
2025-08-23T13:01:19.9345458Z   PG_USER: postgres
2025-08-23T13:01:19.9345654Z   PG_PASSWORD: pass
2025-08-23T13:01:19.9345844Z   PG_DATABASE: awa
2025-08-23T13:01:19.9346022Z   PG_HOST: localhost
2025-08-23T13:01:19.9346205Z   PG_PORT: 5432
2025-08-23T13:01:19.9346656Z   PG_SYNC_DSN: ***localhost:5432/awa
2025-08-23T13:01:19.9347173Z   PG_ASYNC_DSN: ***localhost:5432/awa
2025-08-23T13:01:19.9347563Z   DATABASE_URL: ***localhost:5432/awa
2025-08-23T13:01:19.9347807Z   DATA_DIR: /tmp/awa-data
2025-08-23T13:01:19.9358096Z   ENABLE_LIVE: 0
2025-08-23T13:01:19.9358401Z   TESTING: 1
2025-08-23T13:01:19.9358797Z   pythonLocation: /opt/hostedtoolcache/Python/3.12.11/x64
2025-08-23T13:01:19.9359331Z   PKG_CONFIG_PATH: /opt/hostedtoolcache/Python/3.12.11/x64/lib/pkgconfig
2025-08-23T13:01:19.9359745Z   Python_ROOT_DIR: /opt/hostedtoolcache/Python/3.12.11/x64
2025-08-23T13:01:19.9360106Z   Python2_ROOT_DIR: /opt/hostedtoolcache/Python/3.12.11/x64
2025-08-23T13:01:19.9360458Z   Python3_ROOT_DIR: /opt/hostedtoolcache/Python/3.12.11/x64
2025-08-23T13:01:19.9360808Z   LD_LIBRARY_PATH: /opt/hostedtoolcache/Python/3.12.11/x64/lib
2025-08-23T13:01:19.9361099Z ##[endgroup]
2025-08-23T13:01:20.3127741Z ##[group]Run pytest tests/migrations/test_migration_roundtrip.py -q -m integration
2025-08-23T13:01:20.3128341Z [36;1mpytest tests/migrations/test_migration_roundtrip.py -q -m integration[0m
2025-08-23T13:01:20.3168774Z shell: /usr/bin/bash -e {0}
2025-08-23T13:01:20.3169014Z env:
2025-08-23T13:01:20.3169243Z   REDIS_URL: redis://localhost:6379/0
2025-08-23T13:01:20.3169514Z   RATE_LIMIT_DEFAULT: 100/minute
2025-08-23T13:01:20.3169748Z   TRUST_X_FORWARDED: 1
2025-08-23T13:01:20.3169954Z   PG_USER: postgres
2025-08-23T13:01:20.3170162Z   PG_PASSWORD: pass
2025-08-23T13:01:20.3170371Z   PG_DATABASE: awa
2025-08-23T13:01:20.3170566Z   PG_HOST: localhost
2025-08-23T13:01:20.3170770Z   PG_PORT: 5432
2025-08-23T13:01:20.3171352Z   PG_SYNC_DSN: ***localhost:5432/awa
2025-08-23T13:01:20.3171791Z   PG_ASYNC_DSN: ***localhost:5432/awa
2025-08-23T13:01:20.3172415Z   DATABASE_URL: ***localhost:5432/awa
2025-08-23T13:01:20.3172670Z   DATA_DIR: /tmp/awa-data
2025-08-23T13:01:20.3172921Z   ENABLE_LIVE: 0
2025-08-23T13:01:20.3173109Z   TESTING: 1
2025-08-23T13:01:20.3173362Z   pythonLocation: /opt/hostedtoolcache/Python/3.12.11/x64
2025-08-23T13:01:20.3173779Z   PKG_CONFIG_PATH: /opt/hostedtoolcache/Python/3.12.11/x64/lib/pkgconfig
2025-08-23T13:01:20.3174186Z   Python_ROOT_DIR: /opt/hostedtoolcache/Python/3.12.11/x64
2025-08-23T13:01:20.3174737Z   Python2_ROOT_DIR: /opt/hostedtoolcache/Python/3.12.11/x64
2025-08-23T13:01:20.3175101Z   Python3_ROOT_DIR: /opt/hostedtoolcache/Python/3.12.11/x64
2025-08-23T13:01:20.3175470Z   LD_LIBRARY_PATH: /opt/hostedtoolcache/Python/3.12.11/x64/lib
2025-08-23T13:01:20.3175783Z ##[endgroup]
2025-08-23T13:01:22.3511847Z /opt/hostedtoolcache/Python/3.12.11/x64/lib/python3.12/site-packages/coverage/control.py:943: CoverageWarning: No data was collected. (no-data-collected)
2025-08-23T13:01:22.3513185Z   self._warn("No data was collected.", slug="no-data-collected")
2025-08-23T13:01:22.5423219Z s                                                                        [100%]
2025-08-23T13:01:22.5423941Z ================================ tests coverage ================================
2025-08-23T13:01:22.5424468Z _______________ coverage: platform linux, python 3.12.11-final-0 _______________
2025-08-23T13:01:22.5424821Z 
2025-08-23T13:01:22.5424950Z Coverage XML written to file coverage.xml
2025-08-23T13:01:22.6819159Z Post job cleanup.
2025-08-23T13:01:22.8358025Z Cache hit occurred on the primary key setup-python-Linux-x64-24.04-Ubuntu-python-3.12.11-pip-cc13ccef493b9f3a93ad5651164d9fb09282c1111f6f72ce20e0657de16de6b4, not saving cache.
2025-08-23T13:01:22.8455992Z Post job cleanup.
2025-08-23T13:01:22.9218234Z [command]/usr/bin/git version
2025-08-23T13:01:22.9254421Z git version 2.51.0
2025-08-23T13:01:22.9290196Z Temporarily overriding HOME='/home/runner/work/_temp/581286d9-7d44-4ead-be42-3691c444d66c' before making global git config changes
2025-08-23T13:01:22.9291397Z Adding repository directory to the temporary git global config as a safe directory
2025-08-23T13:01:22.9296041Z [command]/usr/bin/git config --global --add safe.directory /home/runner/work/AWA-App/AWA-App
2025-08-23T13:01:22.9330519Z [command]/usr/bin/git config --local --name-only --get-regexp core\.sshCommand
2025-08-23T13:01:22.9362358Z [command]/usr/bin/git submodule foreach --recursive sh -c "git config --local --name-only --get-regexp 'core\.sshCommand' && git config --local --unset-all 'core.sshCommand' || :"
2025-08-23T13:01:22.9590150Z [command]/usr/bin/git config --local --name-only --get-regexp http\.https\:\/\/github\.com\/\.extraheader
2025-08-23T13:01:22.9611874Z http.https://github.com/.extraheader
2025-08-23T13:01:22.9621665Z [command]/usr/bin/git config --local --unset-all http.https://github.com/.extraheader
2025-08-23T13:01:22.9653906Z [command]/usr/bin/git submodule foreach --recursive sh -c "git config --local --name-only --get-regexp 'http\.https\:\/\/github\.com\/\.extraheader' && git config --local --unset-all 'http.https://github.com/.extraheader' || :"
2025-08-23T13:01:22.9966779Z Print service container logs: 8b6a4527fdd144a18efa3785351416c8_postgres15_20983d
2025-08-23T13:01:22.9971258Z ##[command]/usr/bin/docker logs --details c609e5bc0a84df4a2c3cb96dd9c242f3a3b87ce30286e04e8ab90163b8df2680
2025-08-23T13:01:23.0095719Z  The files belonging to this database system will be owned by user "postgres".
2025-08-23T13:01:23.0097662Z  initdb: warning: enabling "trust" authentication for local connections
2025-08-23T13:01:23.0098768Z  initdb: hint: You can change this by editing pg_hba.conf or using the option -A, or --auth-local and --auth-host, the next time you run initdb.
2025-08-23T13:01:23.0100153Z  2025-08-23 13:00:29.278 UTC [1] LOG:  starting PostgreSQL 15.14 (Debian 15.14-1.pgdg13+1) on x86_64-pc-linux-gnu, compiled by gcc (Debian 14.2.0-19) 14.2.0, 64-bit
2025-08-23T13:01:23.0100909Z  2025-08-23 13:00:29.278 UTC [1] LOG:  listening on IPv4 address "0.0.0.0", port 5432
2025-08-23T13:01:23.0101393Z  2025-08-23 13:00:29.278 UTC [1] LOG:  listening on IPv6 address "::", port 5432
2025-08-23T13:01:23.0101862Z  2025-08-23 13:00:29.280 UTC [1] LOG:  listening on Unix socket "/var/run/postgresql/.s.PGSQL.5432"
2025-08-23T13:01:23.0102679Z  2025-08-23 13:00:29.284 UTC [64] LOG:  database system was shut down at 2025-08-23 13:00:29 UTC
2025-08-23T13:01:23.0103138Z  2025-08-23 13:00:29.288 UTC [1] LOG:  database system is ready to accept connections
2025-08-23T13:01:23.0103773Z  This user must also own the server process.
2025-08-23T13:01:23.0104024Z  
2025-08-23T13:01:23.0104281Z  The database cluster will be initialized with locale "en_US.utf8".
2025-08-23T13:01:23.0104688Z  The default database encoding has accordingly been set to "UTF8".
2025-08-23T13:01:23.0105079Z  The default text search configuration will be set to "english".
2025-08-23T13:01:23.0105378Z  
2025-08-23T13:01:23.0105550Z  Data page checksums are disabled.
2025-08-23T13:01:23.0105772Z  
2025-08-23T13:01:23.0106042Z  fixing permissions on existing directory /var/lib/postgresql/data ... ok
2025-08-23T13:01:23.0106402Z  creating subdirectories ... ok
2025-08-23T13:01:23.0106696Z  selecting dynamic shared memory implementation ... posix
2025-08-23T13:01:23.0107006Z  selecting default max_connections ... 100
2025-08-23T13:01:23.0107279Z  selecting default shared_buffers ... 128MB
2025-08-23T13:01:23.0107541Z  selecting default time zone ... Etc/UTC
2025-08-23T13:01:23.0107801Z  creating configuration files ... ok
2025-08-23T13:01:23.0108051Z  running bootstrap script ... ok
2025-08-23T13:01:23.0108321Z  performing post-bootstrap initialization ... ok
2025-08-23T13:01:23.0108598Z  syncing data to disk ... ok
2025-08-23T13:01:23.0108803Z  
2025-08-23T13:01:23.0108943Z  
2025-08-23T13:01:23.0109148Z  Success. You can now start the database server using:
2025-08-23T13:01:23.0109729Z  
2025-08-23T13:01:23.0110089Z      pg_ctl -D /var/lib/postgresql/data -l logfile start
2025-08-23T13:01:23.0110531Z  
2025-08-23T13:01:23.0111178Z  waiting for server to start....2025-08-23 13:00:28.960 UTC [48] LOG:  starting PostgreSQL 15.14 (Debian 15.14-1.pgdg13+1) on x86_64-pc-linux-gnu, compiled by gcc (Debian 14.2.0-19) 14.2.0, 64-bit
2025-08-23T13:01:23.0112110Z  2025-08-23 13:00:28.961 UTC [48] LOG:  listening on Unix socket "/var/run/postgresql/.s.PGSQL.5432"
2025-08-23T13:01:23.0112635Z  2025-08-23 13:00:28.964 UTC [51] LOG:  database system was shut down at 2025-08-23 13:00:28 UTC
2025-08-23T13:01:23.0113084Z  2025-08-23 13:00:28.968 UTC [48] LOG:  database system is ready to accept connections
2025-08-23T13:01:23.0113402Z   done
2025-08-23T13:01:23.0113560Z  server started
2025-08-23T13:01:23.0113736Z  CREATE DATABASE
2025-08-23T13:01:23.0113904Z  
2025-08-23T13:01:23.0114042Z  
2025-08-23T13:01:23.0114333Z  /usr/local/bin/docker-entrypoint.sh: ignoring /docker-entrypoint-initdb.d/*
2025-08-23T13:01:23.0114691Z  
2025-08-23T13:01:23.0114909Z  2025-08-23 13:00:29.156 UTC [48] LOG:  received fast shutdown request
2025-08-23T13:01:23.0115593Z  waiting for server to shut down....2025-08-23 13:00:29.156 UTC [48] LOG:  aborting any active transactions
2025-08-23T13:01:23.0116255Z  2025-08-23 13:00:29.158 UTC [48] LOG:  background worker "logical replication launcher" (PID 54) exited with exit code 1
2025-08-23T13:01:23.0116719Z  2025-08-23 13:00:29.158 UTC [49] LOG:  shutting down
2025-08-23T13:01:23.0117059Z  2025-08-23 13:00:29.159 UTC [49] LOG:  checkpoint starting: shutdown immediate
2025-08-23T13:01:23.0117890Z  2025-08-23 13:00:29.178 UTC [49] LOG:  checkpoint complete: wrote 922 buffers (5.6%); 0 WAL file(s) added, 0 removed, 0 recycled; write=0.015 s, sync=0.003 s, total=0.020 s; sync files=301, longest=0.001 s, average=0.001 s; distance=4239 kB, estimate=4239 kB
2025-08-23T13:01:23.0118699Z  2025-08-23 13:00:29.185 UTC [48] LOG:  database system is shut down
2025-08-23T13:01:23.0118982Z   done
2025-08-23T13:01:23.0119145Z  server stopped
2025-08-23T13:01:23.0119315Z  
2025-08-23T13:01:23.0119520Z  PostgreSQL init process complete; ready for start up.
2025-08-23T13:01:23.0119787Z  
2025-08-23T13:01:23.0125332Z Stop and remove container: 8b6a4527fdd144a18efa3785351416c8_postgres15_20983d
2025-08-23T13:01:23.0130421Z ##[command]/usr/bin/docker rm --force c609e5bc0a84df4a2c3cb96dd9c242f3a3b87ce30286e04e8ab90163b8df2680
2025-08-23T13:01:23.7830849Z c609e5bc0a84df4a2c3cb96dd9c242f3a3b87ce30286e04e8ab90163b8df2680
2025-08-23T13:01:23.7854984Z Print service container logs: 97e174464a2043bfb3cbe8f5bf5392be_redis7alpine_2a4b66
2025-08-23T13:01:23.7856536Z ##[command]/usr/bin/docker logs --details 17f445e3597a2478afb6f50030ae857063cd9f96ee8c337d83931e108cd1011b
2025-08-23T13:01:23.7978618Z  1:C 23 Aug 2025 13:00:30.070 # WARNING Memory overcommit must be enabled! Without it, a background save or replication may fail under low memory condition. Being disabled, it can also cause failures without low memory condition, see https://github.com/jemalloc/jemalloc/issues/1328. To fix this issue add 'vm.overcommit_memory = 1' to /etc/sysctl.conf and then reboot or run the command 'sysctl vm.overcommit_memory=1' for this to take effect.
2025-08-23T13:01:23.7981296Z  1:C 23 Aug 2025 13:00:30.070 * oO0OoO0OoO0Oo Redis is starting oO0OoO0OoO0Oo
2025-08-23T13:01:23.7982269Z  1:C 23 Aug 2025 13:00:30.070 * Redis version=7.4.5, bits=64, commit=00000000, modified=0, pid=1, just started
2025-08-23T13:01:23.7983465Z  1:C 23 Aug 2025 13:00:30.070 # Warning: no config file specified, using the default config. In order to specify a config file use redis-server /path/to/redis.conf
2025-08-23T13:01:23.7984507Z  1:M 23 Aug 2025 13:00:30.070 * monotonic clock: POSIX clock_gettime
2025-08-23T13:01:23.7985052Z  1:M 23 Aug 2025 13:00:30.071 * Running mode=standalone, port=6379.
2025-08-23T13:01:23.7985534Z  1:M 23 Aug 2025 13:00:30.071 * Server initialized
2025-08-23T13:01:23.7986016Z  1:M 23 Aug 2025 13:00:30.071 * Ready to accept connections tcp
2025-08-23T13:01:23.7994278Z Stop and remove container: 97e174464a2043bfb3cbe8f5bf5392be_redis7alpine_2a4b66
2025-08-23T13:01:23.7995041Z ##[command]/usr/bin/docker rm --force 17f445e3597a2478afb6f50030ae857063cd9f96ee8c337d83931e108cd1011b
2025-08-23T13:01:23.9071593Z 17f445e3597a2478afb6f50030ae857063cd9f96ee8c337d83931e108cd1011b
2025-08-23T13:01:23.9096938Z Remove container network: github_network_da486fa77573408eb4e0e83f60bf4fad
2025-08-23T13:01:23.9101383Z ##[command]/usr/bin/docker network rm github_network_da486fa77573408eb4e0e83f60bf4fad
2025-08-23T13:01:24.0492088Z github_network_da486fa77573408eb4e0e83f60bf4fad
2025-08-23T13:01:24.0556253Z Cleaning up orphan processes
