2025-08-21T15:54:40.9590737Z Current runner version: '2.328.0'
2025-08-21T15:54:40.9614991Z ##[group]Runner Image Provisioner
2025-08-21T15:54:40.9616047Z Hosted Compute Agent
2025-08-21T15:54:40.9616561Z Version: 20250818.377
2025-08-21T15:54:40.9617225Z Commit: 3c593e9f75fe0b87e893bca80d6e12ba089c61fc
2025-08-21T15:54:40.9617931Z Build Date: 2025-08-18T14:52:18Z
2025-08-21T15:54:40.9618483Z ##[endgroup]
2025-08-21T15:54:40.9619086Z ##[group]Operating System
2025-08-21T15:54:40.9619606Z Ubuntu
2025-08-21T15:54:40.9620295Z 24.04.2
2025-08-21T15:54:40.9620763Z LTS
2025-08-21T15:54:40.9621231Z ##[endgroup]
2025-08-21T15:54:40.9621692Z ##[group]Runner Image
2025-08-21T15:54:40.9622302Z Image: ubuntu-24.04
2025-08-21T15:54:40.9622816Z Version: 20250818.1.0
2025-08-21T15:54:40.9623759Z Included Software: https://github.com/actions/runner-images/blob/ubuntu24/20250818.1/images/ubuntu/Ubuntu2404-Readme.md
2025-08-21T15:54:40.9625326Z Image Release: https://github.com/actions/runner-images/releases/tag/ubuntu24%2F20250818.1
2025-08-21T15:54:40.9626237Z ##[endgroup]
2025-08-21T15:54:40.9629192Z ##[group]GITHUB_TOKEN Permissions
2025-08-21T15:54:40.9631914Z Actions: write
2025-08-21T15:54:40.9632570Z Attestations: write
2025-08-21T15:54:40.9633157Z Checks: write
2025-08-21T15:54:40.9633686Z Contents: write
2025-08-21T15:54:40.9634229Z Deployments: write
2025-08-21T15:54:40.9634804Z Discussions: write
2025-08-21T15:54:40.9635258Z Issues: write
2025-08-21T15:54:40.9635761Z Metadata: read
2025-08-21T15:54:40.9636221Z Models: read
2025-08-21T15:54:40.9636701Z Packages: write
2025-08-21T15:54:40.9637150Z Pages: write
2025-08-21T15:54:40.9637739Z PullRequests: write
2025-08-21T15:54:40.9638262Z RepositoryProjects: write
2025-08-21T15:54:40.9638771Z SecurityEvents: write
2025-08-21T15:54:40.9639447Z Statuses: write
2025-08-21T15:54:40.9640061Z ##[endgroup]
2025-08-21T15:54:40.9642514Z Secret source: Actions
2025-08-21T15:54:40.9643418Z Prepare workflow directory
2025-08-21T15:54:41.0065153Z Prepare all required actions
2025-08-21T15:54:41.0102591Z Getting action download info
2025-08-21T15:54:41.2928944Z Download action repository 'actions/checkout@v5' (SHA:08c6903cd8c0fde910a37f88322edcfb5dd907a8)
2025-08-21T15:54:41.3625640Z Download action repository 'actions/setup-python@v5' (SHA:a26af69be951a213d495a4c3e4e4022e16d87065)
2025-08-21T15:54:41.5344359Z Complete job name: migrations-check
2025-08-21T15:54:41.5836784Z ##[group]Checking docker version
2025-08-21T15:54:41.5849317Z ##[command]/usr/bin/docker version --format '{{.Server.APIVersion}}'
2025-08-21T15:54:41.6244895Z '1.48'
2025-08-21T15:54:41.6256580Z Docker daemon API version: '1.48'
2025-08-21T15:54:41.6257372Z ##[command]/usr/bin/docker version --format '{{.Client.APIVersion}}'
2025-08-21T15:54:41.6416987Z '1.48'
2025-08-21T15:54:41.6431021Z Docker client API version: '1.48'
2025-08-21T15:54:41.6435972Z ##[endgroup]
2025-08-21T15:54:41.6438715Z ##[group]Clean up resources from previous jobs
2025-08-21T15:54:41.6444652Z ##[command]/usr/bin/docker ps --all --quiet --no-trunc --filter "label=473099"
2025-08-21T15:54:41.6586513Z ##[command]/usr/bin/docker network prune --force --filter "label=473099"
2025-08-21T15:54:41.6722075Z ##[endgroup]
2025-08-21T15:54:41.6722561Z ##[group]Create local container network
2025-08-21T15:54:41.6732628Z ##[command]/usr/bin/docker network create --label 473099 github_network_7274d460212a4729b366033058a9f4b6
2025-08-21T15:54:41.7295265Z 013996cba5ccd67d0cb8371f79e6f425019195eacfc43a6ccc60157bc441e903
2025-08-21T15:54:41.7313907Z ##[endgroup]
2025-08-21T15:54:41.7338188Z ##[group]Starting postgres service container
2025-08-21T15:54:41.7357405Z ##[command]/usr/bin/docker pull postgres:15
2025-08-21T15:54:41.9066474Z 15: Pulling from library/postgres
2025-08-21T15:54:41.9603044Z 396b1da7636e: Pulling fs layer
2025-08-21T15:54:41.9604270Z fca2566eba32: Pulling fs layer
2025-08-21T15:54:41.9605243Z 631fe8c6d606: Pulling fs layer
2025-08-21T15:54:41.9606352Z 77c7671c4414: Pulling fs layer
2025-08-21T15:54:41.9607330Z 2d9e29180a27: Pulling fs layer
2025-08-21T15:54:41.9608243Z c6bcc2c9a041: Pulling fs layer
2025-08-21T15:54:41.9609599Z ac4b721eb66f: Pulling fs layer
2025-08-21T15:54:41.9610762Z 606bd164980e: Pulling fs layer
2025-08-21T15:54:41.9611718Z f5dfd246bc6e: Pulling fs layer
2025-08-21T15:54:41.9612709Z ba7036bb0a60: Pulling fs layer
2025-08-21T15:54:41.9613690Z 799f859abbbd: Pulling fs layer
2025-08-21T15:54:41.9614736Z d903e777080c: Pulling fs layer
2025-08-21T15:54:41.9615714Z 04adcb462801: Pulling fs layer
2025-08-21T15:54:41.9616708Z 5c10925b29ff: Pulling fs layer
2025-08-21T15:54:41.9617743Z 2d9e29180a27: Waiting
2025-08-21T15:54:41.9618602Z c6bcc2c9a041: Waiting
2025-08-21T15:54:41.9619557Z ac4b721eb66f: Waiting
2025-08-21T15:54:41.9620598Z 606bd164980e: Waiting
2025-08-21T15:54:41.9621415Z f5dfd246bc6e: Waiting
2025-08-21T15:54:41.9622273Z ba7036bb0a60: Waiting
2025-08-21T15:54:41.9623105Z 799f859abbbd: Waiting
2025-08-21T15:54:41.9623941Z d903e777080c: Waiting
2025-08-21T15:54:41.9624725Z 04adcb462801: Waiting
2025-08-21T15:54:41.9625547Z 5c10925b29ff: Waiting
2025-08-21T15:54:41.9626331Z 77c7671c4414: Waiting
2025-08-21T15:54:42.1013497Z fca2566eba32: Verifying Checksum
2025-08-21T15:54:42.1014639Z fca2566eba32: Download complete
2025-08-21T15:54:42.1130681Z 631fe8c6d606: Verifying Checksum
2025-08-21T15:54:42.1132034Z 631fe8c6d606: Download complete
2025-08-21T15:54:42.2112085Z 77c7671c4414: Verifying Checksum
2025-08-21T15:54:42.2113195Z 77c7671c4414: Download complete
2025-08-21T15:54:42.3268170Z c6bcc2c9a041: Verifying Checksum
2025-08-21T15:54:42.3269455Z c6bcc2c9a041: Download complete
2025-08-21T15:54:42.3767147Z 2d9e29180a27: Verifying Checksum
2025-08-21T15:54:42.3768549Z 2d9e29180a27: Download complete
2025-08-21T15:54:42.3979356Z ac4b721eb66f: Verifying Checksum
2025-08-21T15:54:42.3987074Z ac4b721eb66f: Download complete
2025-08-21T15:54:42.4102300Z 396b1da7636e: Verifying Checksum
2025-08-21T15:54:42.4103730Z 396b1da7636e: Download complete
2025-08-21T15:54:42.4799709Z ba7036bb0a60: Verifying Checksum
2025-08-21T15:54:42.4806680Z ba7036bb0a60: Download complete
2025-08-21T15:54:42.5133265Z 606bd164980e: Download complete
2025-08-21T15:54:42.5769259Z 799f859abbbd: Verifying Checksum
2025-08-21T15:54:42.5770740Z 799f859abbbd: Download complete
2025-08-21T15:54:42.5901826Z d903e777080c: Verifying Checksum
2025-08-21T15:54:42.5903246Z d903e777080c: Download complete
2025-08-21T15:54:42.6705420Z 04adcb462801: Verifying Checksum
2025-08-21T15:54:42.6713716Z 04adcb462801: Download complete
2025-08-21T15:54:42.6844058Z 5c10925b29ff: Verifying Checksum
2025-08-21T15:54:42.6845355Z 5c10925b29ff: Download complete
2025-08-21T15:54:42.9172008Z f5dfd246bc6e: Verifying Checksum
2025-08-21T15:54:42.9173707Z f5dfd246bc6e: Download complete
2025-08-21T15:54:43.4827907Z 396b1da7636e: Pull complete
2025-08-21T15:54:45.1398288Z fca2566eba32: Pull complete
2025-08-21T15:54:45.3139023Z 631fe8c6d606: Pull complete
2025-08-21T15:54:45.3562382Z 77c7671c4414: Pull complete
2025-08-21T15:54:45.6581079Z 2d9e29180a27: Pull complete
2025-08-21T15:54:45.7527158Z c6bcc2c9a041: Pull complete
2025-08-21T15:54:45.7643988Z ac4b721eb66f: Pull complete
2025-08-21T15:54:45.7744923Z 606bd164980e: Pull complete
2025-08-21T15:54:48.6764116Z f5dfd246bc6e: Pull complete
2025-08-21T15:54:48.6909001Z ba7036bb0a60: Pull complete
2025-08-21T15:54:48.7041020Z 799f859abbbd: Pull complete
2025-08-21T15:54:48.7145990Z d903e777080c: Pull complete
2025-08-21T15:54:48.7263313Z 04adcb462801: Pull complete
2025-08-21T15:54:48.7365930Z 5c10925b29ff: Pull complete
2025-08-21T15:54:48.7403837Z Digest: sha256:bc51cf4f1fe02cce7ed2370b20128a9b00b4eb804573a77d2a0d877aaa9c82b1
2025-08-21T15:54:48.7416956Z Status: Downloaded newer image for postgres:15
2025-08-21T15:54:48.7426769Z docker.io/library/postgres:15
2025-08-21T15:54:48.7485418Z ##[command]/usr/bin/docker create --name 49d97c0360ae464992d554d783ba7009_postgres15_809821 --label 473099 --network github_network_7274d460212a4729b366033058a9f4b6 --network-alias postgres -p 5432:5432 --health-cmd="pg_isready -U postgres -d awa" --health-interval=5s --health-timeout=5s --health-retries=10 -e "POSTGRES_USER=postgres" -e "POSTGRES_PASSWORD=pass" -e "POSTGRES_DB=awa" -e GITHUB_ACTIONS=true -e CI=true postgres:15
2025-08-21T15:54:48.7743287Z c31aeaa3fd36b6212f67d96a22cea405d4965b7c24cba2c55695ccad5162bc48
2025-08-21T15:54:48.7769369Z ##[command]/usr/bin/docker start c31aeaa3fd36b6212f67d96a22cea405d4965b7c24cba2c55695ccad5162bc48
2025-08-21T15:54:48.9554061Z c31aeaa3fd36b6212f67d96a22cea405d4965b7c24cba2c55695ccad5162bc48
2025-08-21T15:54:48.9583191Z ##[command]/usr/bin/docker ps --all --filter id=c31aeaa3fd36b6212f67d96a22cea405d4965b7c24cba2c55695ccad5162bc48 --filter status=running --no-trunc --format "{{.ID}} {{.Status}}"
2025-08-21T15:54:48.9715418Z c31aeaa3fd36b6212f67d96a22cea405d4965b7c24cba2c55695ccad5162bc48 Up Less than a second (health: starting)
2025-08-21T15:54:48.9743380Z ##[command]/usr/bin/docker port c31aeaa3fd36b6212f67d96a22cea405d4965b7c24cba2c55695ccad5162bc48
2025-08-21T15:54:48.9874422Z 5432/tcp -> 0.0.0.0:5432
2025-08-21T15:54:48.9875349Z 5432/tcp -> [::]:5432
2025-08-21T15:54:48.9920902Z ##[endgroup]
2025-08-21T15:54:48.9921808Z ##[group]Starting redis service container
2025-08-21T15:54:48.9923051Z ##[command]/usr/bin/docker pull redis:7-alpine
2025-08-21T15:54:49.2022988Z 7-alpine: Pulling from library/redis
2025-08-21T15:54:49.2876781Z 0368fd46e3c6: Pulling fs layer
2025-08-21T15:54:49.2877423Z 4c55286bbede: Pulling fs layer
2025-08-21T15:54:49.2877784Z 5e28347af205: Pulling fs layer
2025-08-21T15:54:49.2878235Z 311eca34042e: Pulling fs layer
2025-08-21T15:54:49.2878586Z e6fe6f07e192: Pulling fs layer
2025-08-21T15:54:49.2878901Z a2cadbfeca72: Pulling fs layer
2025-08-21T15:54:49.2879230Z 4f4fb700ef54: Pulling fs layer
2025-08-21T15:54:49.2879537Z a976ed7e7808: Pulling fs layer
2025-08-21T15:54:49.2880045Z 311eca34042e: Waiting
2025-08-21T15:54:49.2880497Z e6fe6f07e192: Waiting
2025-08-21T15:54:49.2880797Z a2cadbfeca72: Waiting
2025-08-21T15:54:49.2881080Z 4f4fb700ef54: Waiting
2025-08-21T15:54:49.2881352Z a976ed7e7808: Waiting
2025-08-21T15:54:49.3402701Z 5e28347af205: Verifying Checksum
2025-08-21T15:54:49.3403449Z 5e28347af205: Download complete
2025-08-21T15:54:49.3688186Z 0368fd46e3c6: Verifying Checksum
2025-08-21T15:54:49.3697106Z 0368fd46e3c6: Download complete
2025-08-21T15:54:49.4335725Z 4c55286bbede: Download complete
2025-08-21T15:54:49.4503663Z 311eca34042e: Verifying Checksum
2025-08-21T15:54:49.4504410Z 311eca34042e: Download complete
2025-08-21T15:54:49.4988524Z 4f4fb700ef54: Verifying Checksum
2025-08-21T15:54:49.4989414Z 4f4fb700ef54: Download complete
2025-08-21T15:54:49.5038343Z 0368fd46e3c6: Pull complete
2025-08-21T15:54:49.5081592Z a2cadbfeca72: Verifying Checksum
2025-08-21T15:54:49.5082012Z a2cadbfeca72: Download complete
2025-08-21T15:54:49.5424642Z 4c55286bbede: Pull complete
2025-08-21T15:54:49.5848433Z a976ed7e7808: Verifying Checksum
2025-08-21T15:54:49.5848911Z a976ed7e7808: Download complete
2025-08-21T15:54:49.6737305Z e6fe6f07e192: Verifying Checksum
2025-08-21T15:54:49.6739246Z e6fe6f07e192: Download complete
2025-08-21T15:54:49.7011216Z 5e28347af205: Pull complete
2025-08-21T15:54:49.7291136Z 311eca34042e: Pull complete
2025-08-21T15:54:49.9181549Z e6fe6f07e192: Pull complete
2025-08-21T15:54:49.9383683Z a2cadbfeca72: Pull complete
2025-08-21T15:54:49.9492638Z 4f4fb700ef54: Pull complete
2025-08-21T15:54:49.9661608Z a976ed7e7808: Pull complete
2025-08-21T15:54:49.9697971Z Digest: sha256:bb186d083732f669da90be8b0f975a37812b15e913465bb14d845db72a4e3e08
2025-08-21T15:54:49.9709284Z Status: Downloaded newer image for redis:7-alpine
2025-08-21T15:54:49.9717346Z docker.io/library/redis:7-alpine
2025-08-21T15:54:49.9739031Z ##[command]/usr/bin/docker create --name 849e500e0c9d4374be33214e56f0675e_redis7alpine_8a361d --label 473099 --network github_network_7274d460212a4729b366033058a9f4b6 --network-alias redis -p 6379:6379  -e GITHUB_ACTIONS=true -e CI=true redis:7-alpine
2025-08-21T15:54:49.9960021Z 96f89811eb8abfda80753bfa98e15ad14fcc90917efa59daa4a9ea0454421c08
2025-08-21T15:54:49.9973588Z ##[command]/usr/bin/docker start 96f89811eb8abfda80753bfa98e15ad14fcc90917efa59daa4a9ea0454421c08
2025-08-21T15:54:50.1289231Z 96f89811eb8abfda80753bfa98e15ad14fcc90917efa59daa4a9ea0454421c08
2025-08-21T15:54:50.1308099Z ##[command]/usr/bin/docker ps --all --filter id=96f89811eb8abfda80753bfa98e15ad14fcc90917efa59daa4a9ea0454421c08 --filter status=running --no-trunc --format "{{.ID}} {{.Status}}"
2025-08-21T15:54:50.1447957Z 96f89811eb8abfda80753bfa98e15ad14fcc90917efa59daa4a9ea0454421c08 Up Less than a second
2025-08-21T15:54:50.1461549Z ##[command]/usr/bin/docker port 96f89811eb8abfda80753bfa98e15ad14fcc90917efa59daa4a9ea0454421c08
2025-08-21T15:54:50.1587314Z 6379/tcp -> 0.0.0.0:6379
2025-08-21T15:54:50.1587708Z 6379/tcp -> [::]:6379
2025-08-21T15:54:50.1601219Z ##[endgroup]
2025-08-21T15:54:50.1612798Z ##[group]Waiting for all services to be ready
2025-08-21T15:54:50.1626154Z ##[command]/usr/bin/docker inspect --format="{{if .Config.Healthcheck}}{{print .State.Health.Status}}{{end}}" c31aeaa3fd36b6212f67d96a22cea405d4965b7c24cba2c55695ccad5162bc48
2025-08-21T15:54:50.1744570Z starting
2025-08-21T15:54:50.1766249Z postgres service is starting, waiting 2 seconds before checking again.
2025-08-21T15:54:52.1764802Z ##[command]/usr/bin/docker inspect --format="{{if .Config.Healthcheck}}{{print .State.Health.Status}}{{end}}" c31aeaa3fd36b6212f67d96a22cea405d4965b7c24cba2c55695ccad5162bc48
2025-08-21T15:54:52.1883399Z starting
2025-08-21T15:54:52.1903751Z postgres service is starting, waiting 4 seconds before checking again.
2025-08-21T15:54:56.5253014Z ##[command]/usr/bin/docker inspect --format="{{if .Config.Healthcheck}}{{print .State.Health.Status}}{{end}}" c31aeaa3fd36b6212f67d96a22cea405d4965b7c24cba2c55695ccad5162bc48
2025-08-21T15:54:56.5371480Z healthy
2025-08-21T15:54:56.5388630Z postgres service is healthy.
2025-08-21T15:54:56.5389439Z ##[command]/usr/bin/docker inspect --format="{{if .Config.Healthcheck}}{{print .State.Health.Status}}{{end}}" 96f89811eb8abfda80753bfa98e15ad14fcc90917efa59daa4a9ea0454421c08
2025-08-21T15:54:56.5510077Z redis service is healthy.
2025-08-21T15:54:56.5510477Z ##[endgroup]
2025-08-21T15:54:56.5744400Z ##[group]Run actions/checkout@v5
2025-08-21T15:54:56.5744914Z with:
2025-08-21T15:54:56.5745115Z   repository: AlexBomber12/AWA-App
2025-08-21T15:54:56.5745498Z   token: ***
2025-08-21T15:54:56.5745672Z   ssh-strict: true
2025-08-21T15:54:56.5745848Z   ssh-user: git
2025-08-21T15:54:56.5746024Z   persist-credentials: true
2025-08-21T15:54:56.5746232Z   clean: true
2025-08-21T15:54:56.5746414Z   sparse-checkout-cone-mode: true
2025-08-21T15:54:56.5746639Z   fetch-depth: 1
2025-08-21T15:54:56.5746813Z   fetch-tags: false
2025-08-21T15:54:56.5746990Z   show-progress: true
2025-08-21T15:54:56.5747160Z   lfs: false
2025-08-21T15:54:56.5747318Z   submodules: false
2025-08-21T15:54:56.5747486Z   set-safe-directory: true
2025-08-21T15:54:56.5747852Z env:
2025-08-21T15:54:56.5748067Z   REDIS_URL: redis://localhost:6379/0
2025-08-21T15:54:56.5748316Z   RATE_LIMIT_DEFAULT: 100/minute
2025-08-21T15:54:56.5748530Z   TRUST_X_FORWARDED: 1
2025-08-21T15:54:56.5748721Z ##[endgroup]
2025-08-21T15:54:56.6751077Z Syncing repository: AlexBomber12/AWA-App
2025-08-21T15:54:56.6752949Z ##[group]Getting Git version info
2025-08-21T15:54:56.6753533Z Working directory is '/home/runner/work/AWA-App/AWA-App'
2025-08-21T15:54:56.6754377Z [command]/usr/bin/git version
2025-08-21T15:54:56.6756338Z git version 2.51.0
2025-08-21T15:54:56.6777025Z ##[endgroup]
2025-08-21T15:54:56.6792596Z Temporarily overriding HOME='/home/runner/work/_temp/8781a85b-aeb3-453c-9564-43164e270a34' before making global git config changes
2025-08-21T15:54:56.6793833Z Adding repository directory to the temporary git global config as a safe directory
2025-08-21T15:54:56.6798194Z [command]/usr/bin/git config --global --add safe.directory /home/runner/work/AWA-App/AWA-App
2025-08-21T15:54:56.6832794Z Deleting the contents of '/home/runner/work/AWA-App/AWA-App'
2025-08-21T15:54:56.6836313Z ##[group]Initializing the repository
2025-08-21T15:54:56.6840635Z [command]/usr/bin/git init /home/runner/work/AWA-App/AWA-App
2025-08-21T15:54:56.6893723Z hint: Using 'master' as the name for the initial branch. This default branch name
2025-08-21T15:54:56.6894550Z hint: is subject to change. To configure the initial branch name to use in all
2025-08-21T15:54:56.6895300Z hint: of your new repositories, which will suppress this warning, call:
2025-08-21T15:54:56.6895830Z hint:
2025-08-21T15:54:56.6896238Z hint: 	git config --global init.defaultBranch <name>
2025-08-21T15:54:56.6896700Z hint:
2025-08-21T15:54:56.6897127Z hint: Names commonly chosen instead of 'master' are 'main', 'trunk' and
2025-08-21T15:54:56.6897818Z hint: 'development'. The just-created branch can be renamed via this command:
2025-08-21T15:54:56.6898147Z hint:
2025-08-21T15:54:56.6898310Z hint: 	git branch -m <name>
2025-08-21T15:54:56.6898515Z hint:
2025-08-21T15:54:56.6898796Z hint: Disable this message with "git config set advice.defaultBranchName false"
2025-08-21T15:54:56.6899261Z Initialized empty Git repository in /home/runner/work/AWA-App/AWA-App/.git/
2025-08-21T15:54:56.6907037Z [command]/usr/bin/git remote add origin https://github.com/AlexBomber12/AWA-App
2025-08-21T15:54:56.6938631Z ##[endgroup]
2025-08-21T15:54:56.6939113Z ##[group]Disabling automatic garbage collection
2025-08-21T15:54:56.6942484Z [command]/usr/bin/git config --local gc.auto 0
2025-08-21T15:54:56.6969225Z ##[endgroup]
2025-08-21T15:54:56.6969648Z ##[group]Setting up auth
2025-08-21T15:54:56.6976008Z [command]/usr/bin/git config --local --name-only --get-regexp core\.sshCommand
2025-08-21T15:54:56.7005261Z [command]/usr/bin/git submodule foreach --recursive sh -c "git config --local --name-only --get-regexp 'core\.sshCommand' && git config --local --unset-all 'core.sshCommand' || :"
2025-08-21T15:54:56.7266285Z [command]/usr/bin/git config --local --name-only --get-regexp http\.https\:\/\/github\.com\/\.extraheader
2025-08-21T15:54:56.7295904Z [command]/usr/bin/git submodule foreach --recursive sh -c "git config --local --name-only --get-regexp 'http\.https\:\/\/github\.com\/\.extraheader' && git config --local --unset-all 'http.https://github.com/.extraheader' || :"
2025-08-21T15:54:56.7514491Z [command]/usr/bin/git config --local http.https://github.com/.extraheader AUTHORIZATION: basic ***
2025-08-21T15:54:56.7549186Z ##[endgroup]
2025-08-21T15:54:56.7549740Z ##[group]Fetching the repository
2025-08-21T15:54:56.7558687Z [command]/usr/bin/git -c protocol.version=2 fetch --no-tags --prune --no-recurse-submodules --depth=1 origin +82062e61f1ba2797f0d3fb948e52853f3bb87db6:refs/remotes/origin/main
2025-08-21T15:54:56.9849142Z From https://github.com/AlexBomber12/AWA-App
2025-08-21T15:54:56.9850395Z  * [new ref]         82062e61f1ba2797f0d3fb948e52853f3bb87db6 -> origin/main
2025-08-21T15:54:56.9880717Z ##[endgroup]
2025-08-21T15:54:56.9881322Z ##[group]Determining the checkout info
2025-08-21T15:54:56.9883796Z ##[endgroup]
2025-08-21T15:54:56.9889401Z [command]/usr/bin/git sparse-checkout disable
2025-08-21T15:54:56.9930642Z [command]/usr/bin/git config --local --unset-all extensions.worktreeConfig
2025-08-21T15:54:56.9959770Z ##[group]Checking out the ref
2025-08-21T15:54:56.9965634Z [command]/usr/bin/git checkout --progress --force -B main refs/remotes/origin/main
2025-08-21T15:54:57.0257016Z Switched to a new branch 'main'
2025-08-21T15:54:57.0258048Z branch 'main' set up to track 'origin/main'.
2025-08-21T15:54:57.0269156Z ##[endgroup]
2025-08-21T15:54:57.0316490Z [command]/usr/bin/git log -1 --format=%H
2025-08-21T15:54:57.0341335Z 82062e61f1ba2797f0d3fb948e52853f3bb87db6
2025-08-21T15:54:57.0512354Z ##[group]Run cat .env.ci >> "$GITHUB_ENV"
2025-08-21T15:54:57.0512797Z [36;1mcat .env.ci >> "$GITHUB_ENV"[0m
2025-08-21T15:54:57.0513505Z [36;1mecho "DATABASE_URL=***localhost:5432/awa" >> "$GITHUB_ENV"[0m
2025-08-21T15:54:57.0513863Z [36;1mecho "PG_HOST=localhost" >> "$GITHUB_ENV"[0m
2025-08-21T15:54:57.0514157Z [36;1mecho "PG_PORT=5432" >> "$GITHUB_ENV"[0m
2025-08-21T15:54:57.0514430Z [36;1mecho "PG_USER=postgres" >> "$GITHUB_ENV"[0m
2025-08-21T15:54:57.0514716Z [36;1mecho "PG_PASSWORD=pass" >> "$GITHUB_ENV"[0m
2025-08-21T15:54:57.0515186Z [36;1mecho "PG_DATABASE=awa" >> "$GITHUB_ENV"[0m
2025-08-21T15:54:57.0560234Z shell: /usr/bin/bash -e {0}
2025-08-21T15:54:57.0560476Z env:
2025-08-21T15:54:57.0560684Z   REDIS_URL: redis://localhost:6379/0
2025-08-21T15:54:57.0560963Z   RATE_LIMIT_DEFAULT: 100/minute
2025-08-21T15:54:57.0561183Z   TRUST_X_FORWARDED: 1
2025-08-21T15:54:57.0561375Z ##[endgroup]
2025-08-21T15:54:57.0744046Z ##[group]Run actions/setup-python@v5
2025-08-21T15:54:57.0744342Z with:
2025-08-21T15:54:57.0744524Z   python-version: 3.12
2025-08-21T15:54:57.0744725Z   cache: pip
2025-08-21T15:54:57.0744930Z   cache-dependency-path: requirements-dev.txt
2025-08-21T15:54:57.0745199Z   check-latest: false
2025-08-21T15:54:57.0745517Z   token: ***
2025-08-21T15:54:57.0745701Z   update-environment: true
2025-08-21T15:54:57.0745920Z   allow-prereleases: false
2025-08-21T15:54:57.0746112Z   freethreaded: false
2025-08-21T15:54:57.0746289Z env:
2025-08-21T15:54:57.0746482Z   REDIS_URL: redis://localhost:6379/0
2025-08-21T15:54:57.0746729Z   RATE_LIMIT_DEFAULT: 100/minute
2025-08-21T15:54:57.0746934Z   TRUST_X_FORWARDED: 1
2025-08-21T15:54:57.0747118Z   PG_USER: postgres
2025-08-21T15:54:57.0747291Z   PG_PASSWORD: pass
2025-08-21T15:54:57.0747468Z   PG_DATABASE: awa
2025-08-21T15:54:57.0747638Z   PG_HOST: localhost
2025-08-21T15:54:57.0747822Z   PG_PORT: 5432
2025-08-21T15:54:57.0748243Z   PG_SYNC_DSN: ***localhost:5432/awa
2025-08-21T15:54:57.0748620Z   PG_ASYNC_DSN: ***localhost:5432/awa
2025-08-21T15:54:57.0748994Z   DATABASE_URL: ***localhost:5432/awa
2025-08-21T15:54:57.0749211Z   DATA_DIR: /tmp/awa-data
2025-08-21T15:54:57.0749403Z   ENABLE_LIVE: 0
2025-08-21T15:54:57.0749565Z   TESTING: 1
2025-08-21T15:54:57.0749724Z ##[endgroup]
2025-08-21T15:54:57.2417316Z ##[group]Installed versions
2025-08-21T15:54:57.2495207Z Successfully set up CPython (3.12.11)
2025-08-21T15:54:57.2495854Z ##[endgroup]
2025-08-21T15:54:57.2882863Z [command]/opt/hostedtoolcache/Python/3.12.11/x64/bin/pip cache dir
2025-08-21T15:55:01.0696892Z /home/runner/.cache/pip
2025-08-21T15:55:01.2416680Z Cache hit for: setup-python-Linux-x64-24.04-Ubuntu-python-3.12.11-pip-cc13ccef493b9f3a93ad5651164d9fb09282c1111f6f72ce20e0657de16de6b4
2025-08-21T15:55:02.2995261Z Received 188743680 of 376053341 (50.2%), 179.8 MBs/sec
2025-08-21T15:55:03.1793140Z Received 376053341 of 376053341 (100.0%), 190.7 MBs/sec
2025-08-21T15:55:03.1795552Z Cache Size: ~359 MB (376053341 B)
2025-08-21T15:55:03.1910915Z [command]/usr/bin/tar -xf /home/runner/work/_temp/dab35d78-13e2-4cef-bf90-04ee92830e1f/cache.tzst -P -C /home/runner/work/AWA-App/AWA-App --use-compress-program unzstd
2025-08-21T15:55:03.7777520Z Cache restored successfully
2025-08-21T15:55:03.8476833Z Cache restored from key: setup-python-Linux-x64-24.04-Ubuntu-python-3.12.11-pip-cc13ccef493b9f3a93ad5651164d9fb09282c1111f6f72ce20e0657de16de6b4
2025-08-21T15:55:03.8615516Z ##[group]Run pip install --break-system-packages -r requirements-dev.txt
2025-08-21T15:55:03.8616063Z [36;1mpip install --break-system-packages -r requirements-dev.txt[0m
2025-08-21T15:55:03.8616509Z [36;1mpip install --break-system-packages keepa==1.3.15 minio==7.1.15[0m
2025-08-21T15:55:03.8662829Z shell: /usr/bin/bash -e {0}
2025-08-21T15:55:03.8663068Z env:
2025-08-21T15:55:03.8663285Z   REDIS_URL: redis://localhost:6379/0
2025-08-21T15:55:03.8663567Z   RATE_LIMIT_DEFAULT: 100/minute
2025-08-21T15:55:03.8663788Z   TRUST_X_FORWARDED: 1
2025-08-21T15:55:03.8663998Z   PG_USER: postgres
2025-08-21T15:55:03.8664194Z   PG_PASSWORD: pass
2025-08-21T15:55:03.8664368Z   PG_DATABASE: awa
2025-08-21T15:55:03.8664549Z   PG_HOST: localhost
2025-08-21T15:55:03.8664737Z   PG_PORT: 5432
2025-08-21T15:55:03.8665274Z   PG_SYNC_DSN: ***localhost:5432/awa
2025-08-21T15:55:03.8665774Z   PG_ASYNC_DSN: ***localhost:5432/awa
2025-08-21T15:55:03.8666169Z   DATABASE_URL: ***localhost:5432/awa
2025-08-21T15:55:03.8666443Z   DATA_DIR: /tmp/awa-data
2025-08-21T15:55:03.8666643Z   ENABLE_LIVE: 0
2025-08-21T15:55:03.8666820Z   TESTING: 1
2025-08-21T15:55:03.8667256Z   pythonLocation: /opt/hostedtoolcache/Python/3.12.11/x64
2025-08-21T15:55:03.8667678Z   PKG_CONFIG_PATH: /opt/hostedtoolcache/Python/3.12.11/x64/lib/pkgconfig
2025-08-21T15:55:03.8668064Z   Python_ROOT_DIR: /opt/hostedtoolcache/Python/3.12.11/x64
2025-08-21T15:55:03.8668426Z   Python2_ROOT_DIR: /opt/hostedtoolcache/Python/3.12.11/x64
2025-08-21T15:55:03.8668788Z   Python3_ROOT_DIR: /opt/hostedtoolcache/Python/3.12.11/x64
2025-08-21T15:55:03.8669142Z   LD_LIBRARY_PATH: /opt/hostedtoolcache/Python/3.12.11/x64/lib
2025-08-21T15:55:03.8669433Z ##[endgroup]
2025-08-21T15:55:05.4742163Z Collecting Jinja2==3.1.6 (from -r requirements-dev.txt (line 2))
2025-08-21T15:55:05.4756217Z   Using cached jinja2-3.1.6-py3-none-any.whl.metadata (2.9 kB)
2025-08-21T15:55:05.4968796Z Collecting alembic==1.16.4 (from -r requirements-dev.txt (line 3))
2025-08-21T15:55:05.4981654Z   Using cached alembic-1.16.4-py3-none-any.whl.metadata (7.3 kB)
2025-08-21T15:55:05.5132245Z Collecting apscheduler==3.10.4 (from -r requirements-dev.txt (line 4))
2025-08-21T15:55:05.5144069Z   Using cached APScheduler-3.10.4-py3-none-any.whl.metadata (5.7 kB)
2025-08-21T15:55:05.5300041Z Collecting asgi-correlation-id==4.3.1 (from -r requirements-dev.txt (line 5))
2025-08-21T15:55:05.5311736Z   Using cached asgi_correlation_id-4.3.1-py3-none-any.whl.metadata (28 kB)
2025-08-21T15:55:05.5716594Z Collecting asyncpg==0.30.0 (from -r requirements-dev.txt (line 6))
2025-08-21T15:55:05.5730204Z   Using cached asyncpg-0.30.0-cp312-cp312-manylinux_2_17_x86_64.manylinux2014_x86_64.whl.metadata (5.0 kB)
2025-08-21T15:55:05.6161090Z Collecting black==25.1.0 (from -r requirements-dev.txt (line 7))
2025-08-21T15:55:05.6175435Z   Using cached black-25.1.0-cp312-cp312-manylinux_2_17_x86_64.manylinux2014_x86_64.manylinux_2_28_x86_64.whl.metadata (81 kB)
2025-08-21T15:55:05.9587725Z Collecting boto3 (from -r requirements-dev.txt (line 8))
2025-08-21T15:55:05.9600671Z   Using cached boto3-1.40.14-py3-none-any.whl.metadata (6.7 kB)
2025-08-21T15:55:06.0523870Z Collecting redis==6.* (from -r requirements-dev.txt (line 9))
2025-08-21T15:55:06.0536818Z   Using cached redis-6.4.0-py3-none-any.whl.metadata (10 kB)
2025-08-21T15:55:06.0854748Z Collecting minio==7.* (from -r requirements-dev.txt (line 10))
2025-08-21T15:55:06.0867102Z   Using cached minio-7.2.16-py3-none-any.whl.metadata (6.5 kB)
2025-08-21T15:55:06.0999218Z Collecting vulture==2.10 (from -r requirements-dev.txt (line 11))
2025-08-21T15:55:06.1011121Z   Using cached vulture-2.10-py2.py3-none-any.whl.metadata (23 kB)
2025-08-21T15:55:06.1311028Z Collecting celery==5.5.3 (from -r requirements-dev.txt (line 12))
2025-08-21T15:55:06.1323463Z   Using cached celery-5.5.3-py3-none-any.whl.metadata (22 kB)
2025-08-21T15:55:06.1890669Z Collecting fastapi==0.116.1 (from -r requirements-dev.txt (line 13))
2025-08-21T15:55:06.1903908Z   Using cached fastapi-0.116.1-py3-none-any.whl.metadata (28 kB)
2025-08-21T15:55:06.2037952Z Collecting fastapi-limiter==0.1.6 (from -r requirements-dev.txt (line 15))
2025-08-21T15:55:06.2049708Z   Using cached fastapi_limiter-0.1.6-py3-none-any.whl.metadata (5.3 kB)
2025-08-21T15:55:06.2234406Z Collecting httpx<0.29,>=0.27 (from -r requirements-dev.txt (line 16))
2025-08-21T15:55:06.2247735Z   Using cached httpx-0.28.1-py3-none-any.whl.metadata (7.1 kB)
2025-08-21T15:55:06.2363358Z Collecting imapclient==3.0.1 (from -r requirements-dev.txt (line 17))
2025-08-21T15:55:06.2375369Z   Using cached IMAPClient-3.0.1-py2.py3-none-any.whl.metadata (1.7 kB)
2025-08-21T15:55:06.2465055Z Collecting itsdangerous (from -r requirements-dev.txt (line 18))
2025-08-21T15:55:06.2476789Z   Using cached itsdangerous-2.2.0-py3-none-any.whl.metadata (1.9 kB)
2025-08-21T15:55:06.3448993Z Collecting mypy==1.* (from -r requirements-dev.txt (line 19))
2025-08-21T15:55:06.3463434Z   Using cached mypy-1.17.1-cp312-cp312-manylinux2014_x86_64.manylinux_2_17_x86_64.manylinux_2_28_x86_64.whl.metadata (2.2 kB)
2025-08-21T15:55:06.3557871Z Collecting mypy-extensions==1.1.0 (from -r requirements-dev.txt (line 20))
2025-08-21T15:55:06.3570459Z   Using cached mypy_extensions-1.1.0-py3-none-any.whl.metadata (1.1 kB)
2025-08-21T15:55:06.5413955Z Collecting numpy<2 (from -r requirements-dev.txt (line 21))
2025-08-21T15:55:06.5427414Z   Using cached numpy-1.26.4-cp312-cp312-manylinux_2_17_x86_64.manylinux2014_x86_64.whl.metadata (61 kB)
2025-08-21T15:55:06.5677471Z Collecting openpyxl==3.1.5 (from -r requirements-dev.txt (line 22))
2025-08-21T15:55:06.5689742Z   Using cached openpyxl-3.1.5-py2.py3-none-any.whl.metadata (2.5 kB)
2025-08-21T15:55:06.6881087Z Collecting pandas==2.2.* (from -r requirements-dev.txt (line 23))
2025-08-21T15:55:06.6895199Z   Using cached pandas-2.2.3-cp312-cp312-manylinux_2_17_x86_64.manylinux2014_x86_64.whl.metadata (89 kB)
2025-08-21T15:55:06.7821114Z Collecting psycopg2-binary==2.9.10 (from -r requirements-dev.txt (line 24))
2025-08-21T15:55:06.7835161Z   Using cached psycopg2_binary-2.9.10-cp312-cp312-manylinux_2_17_x86_64.manylinux2014_x86_64.whl.metadata (4.9 kB)
2025-08-21T15:55:06.7976833Z Collecting psycopg==3.2.9 (from psycopg[binary]==3.2.9->-r requirements-dev.txt (line 25))
2025-08-21T15:55:06.7988873Z   Using cached psycopg-3.2.9-py3-none-any.whl.metadata (4.5 kB)
2025-08-21T15:55:06.9075062Z Collecting pydantic==2.11.7 (from -r requirements-dev.txt (line 26))
2025-08-21T15:55:06.9088856Z   Using cached pydantic-2.11.7-py3-none-any.whl.metadata (67 kB)
2025-08-21T15:55:07.0312064Z Collecting setuptools (from -r requirements-dev.txt (line 27))
2025-08-21T15:55:07.0325871Z   Using cached setuptools-80.9.0-py3-none-any.whl.metadata (6.6 kB)
2025-08-21T15:55:07.0579117Z Collecting pytest-asyncio==1.1.0 (from -r requirements-dev.txt (line 28))
2025-08-21T15:55:07.0591737Z   Using cached pytest_asyncio-1.1.0-py3-none-any.whl.metadata (4.1 kB)
2025-08-21T15:55:07.0736562Z Collecting pytest-cov==6.2.1 (from -r requirements-dev.txt (line 29))
2025-08-21T15:55:07.0748910Z   Using cached pytest_cov-6.2.1-py3-none-any.whl.metadata (30 kB)
2025-08-21T15:55:07.0897175Z Collecting pytest-postgresql==7.0.2 (from -r requirements-dev.txt (line 30))
2025-08-21T15:55:07.0908866Z   Using cached pytest_postgresql-7.0.2-py3-none-any.whl.metadata (18 kB)
2025-08-21T15:55:07.1064649Z Collecting python-dotenv (from -r requirements-dev.txt (line 31))
2025-08-21T15:55:07.1076668Z   Using cached python_dotenv-1.1.1-py3-none-any.whl.metadata (24 kB)
2025-08-21T15:55:07.1193479Z Collecting python-multipart (from -r requirements-dev.txt (line 32))
2025-08-21T15:55:07.1205299Z   Using cached python_multipart-0.0.20-py3-none-any.whl.metadata (1.8 kB)
2025-08-21T15:55:07.1491339Z Collecting python-telegram-bot==22.3 (from -r requirements-dev.txt (line 33))
2025-08-21T15:55:07.1503222Z   Using cached python_telegram_bot-22.3-py3-none-any.whl.metadata (17 kB)
2025-08-21T15:55:07.1793655Z Collecting requests==2.32.4 (from -r requirements-dev.txt (line 34))
2025-08-21T15:55:07.1806516Z   Using cached requests-2.32.4-py3-none-any.whl.metadata (4.9 kB)
2025-08-21T15:55:07.1958359Z Collecting respx==0.22.0 (from -r requirements-dev.txt (line 35))
2025-08-21T15:55:07.1970419Z   Using cached respx-0.22.0-py2.py3-none-any.whl.metadata (4.1 kB)
2025-08-21T15:55:07.5596920Z Collecting ruff==0.9.9 (from -r requirements-dev.txt (line 36))
2025-08-21T15:55:07.5611172Z   Using cached ruff-0.9.9-py3-none-manylinux_2_17_x86_64.manylinux2014_x86_64.whl.metadata (25 kB)
2025-08-21T15:55:07.8155806Z Collecting sqlalchemy==2.0.43 (from -r requirements-dev.txt (line 37))
2025-08-21T15:55:07.8169822Z   Using cached sqlalchemy-2.0.43-cp312-cp312-manylinux_2_17_x86_64.manylinux2014_x86_64.whl.metadata (9.6 kB)
2025-08-21T15:55:07.8394126Z Collecting structlog==24.1.0 (from -r requirements-dev.txt (line 38))
2025-08-21T15:55:07.8405840Z   Using cached structlog-24.1.0-py3-none-any.whl.metadata (6.9 kB)
2025-08-21T15:55:07.8579067Z Collecting testcontainers==4.12.0 (from testcontainers[postgres]==4.12.0->-r requirements-dev.txt (line 39))
2025-08-21T15:55:07.8590889Z   Using cached testcontainers-4.12.0-py3-none-any.whl.metadata (8.3 kB)
2025-08-21T15:55:07.8974953Z Collecting types-requests==2.32.4.20250809 (from -r requirements-dev.txt (line 40))
2025-08-21T15:55:07.8986702Z   Using cached types_requests-2.32.4.20250809-py3-none-any.whl.metadata (2.0 kB)
2025-08-21T15:55:07.9106865Z Collecting docspec-python==2.2.2 (from -r requirements-dev.txt (line 41))
2025-08-21T15:55:07.9118834Z   Using cached docspec_python-2.2.2-py3-none-any.whl.metadata (1.0 kB)
2025-08-21T15:55:07.9275649Z Collecting pydoc-markdown==4.8.2 (from -r requirements-dev.txt (line 42))
2025-08-21T15:55:07.9287057Z   Using cached pydoc_markdown-4.8.2-py3-none-any.whl.metadata (5.9 kB)
2025-08-21T15:55:08.0032749Z Collecting pandera==0.19.* (from -r requirements-dev.txt (line 43))
2025-08-21T15:55:08.0045517Z   Using cached pandera-0.19.3-py3-none-any.whl.metadata (15 kB)
2025-08-21T15:55:08.0575867Z Collecting MarkupSafe>=2.0 (from Jinja2==3.1.6->-r requirements-dev.txt (line 2))
2025-08-21T15:55:08.0588460Z   Using cached MarkupSafe-3.0.2-cp312-cp312-manylinux_2_17_x86_64.manylinux2014_x86_64.whl.metadata (4.0 kB)
2025-08-21T15:55:08.0868923Z Collecting Mako (from alembic==1.16.4->-r requirements-dev.txt (line 3))
2025-08-21T15:55:08.0880867Z   Using cached mako-1.3.10-py3-none-any.whl.metadata (2.9 kB)
2025-08-21T15:55:08.1032424Z Collecting typing-extensions>=4.12 (from alembic==1.16.4->-r requirements-dev.txt (line 3))
2025-08-21T15:55:08.1044078Z   Using cached typing_extensions-4.14.1-py3-none-any.whl.metadata (3.0 kB)
2025-08-21T15:55:08.1171344Z Collecting six>=1.4.0 (from apscheduler==3.10.4->-r requirements-dev.txt (line 4))
2025-08-21T15:55:08.1183099Z   Using cached six-1.17.0-py2.py3-none-any.whl.metadata (1.7 kB)
2025-08-21T15:55:08.1519711Z Collecting pytz (from apscheduler==3.10.4->-r requirements-dev.txt (line 4))
2025-08-21T15:55:08.1533628Z   Using cached pytz-2025.2-py2.py3-none-any.whl.metadata (22 kB)
2025-08-21T15:55:08.1693662Z Collecting tzlocal!=3.*,>=2.0 (from apscheduler==3.10.4->-r requirements-dev.txt (line 4))
2025-08-21T15:55:08.1705944Z   Using cached tzlocal-5.3.1-py3-none-any.whl.metadata (7.6 kB)
2025-08-21T15:55:08.1997616Z Collecting starlette>=0.18 (from asgi-correlation-id==4.3.1->-r requirements-dev.txt (line 5))
2025-08-21T15:55:08.2009613Z   Using cached starlette-0.47.2-py3-none-any.whl.metadata (6.2 kB)
2025-08-21T15:55:08.2199712Z Collecting click>=8.0.0 (from black==25.1.0->-r requirements-dev.txt (line 7))
2025-08-21T15:55:08.2214070Z   Using cached click-8.2.1-py3-none-any.whl.metadata (2.5 kB)
2025-08-21T15:55:08.2360145Z Collecting packaging>=22.0 (from black==25.1.0->-r requirements-dev.txt (line 7))
2025-08-21T15:55:08.2372338Z   Using cached packaging-25.0-py3-none-any.whl.metadata (3.3 kB)
2025-08-21T15:55:08.2470859Z Collecting pathspec>=0.9.0 (from black==25.1.0->-r requirements-dev.txt (line 7))
2025-08-21T15:55:08.2482637Z   Using cached pathspec-0.12.1-py3-none-any.whl.metadata (21 kB)
2025-08-21T15:55:08.2668567Z Collecting platformdirs>=2 (from black==25.1.0->-r requirements-dev.txt (line 7))
2025-08-21T15:55:08.2680828Z   Using cached platformdirs-4.3.8-py3-none-any.whl.metadata (12 kB)
2025-08-21T15:55:08.2825701Z Collecting toml (from vulture==2.10->-r requirements-dev.txt (line 11))
2025-08-21T15:55:08.2837457Z   Using cached toml-0.10.2-py2.py3-none-any.whl.metadata (7.1 kB)
2025-08-21T15:55:08.2999265Z Collecting billiard<5.0,>=4.2.1 (from celery==5.5.3->-r requirements-dev.txt (line 12))
2025-08-21T15:55:08.3011524Z   Using cached billiard-4.2.1-py3-none-any.whl.metadata (4.4 kB)
2025-08-21T15:55:08.3307151Z Collecting kombu<5.6,>=5.5.2 (from celery==5.5.3->-r requirements-dev.txt (line 12))
2025-08-21T15:55:08.3320367Z   Using cached kombu-5.5.4-py3-none-any.whl.metadata (3.5 kB)
2025-08-21T15:55:08.3460930Z Collecting vine<6.0,>=5.1.0 (from celery==5.5.3->-r requirements-dev.txt (line 12))
2025-08-21T15:55:08.3472745Z   Using cached vine-5.1.0-py3-none-any.whl.metadata (2.7 kB)
2025-08-21T15:55:08.3594505Z Collecting click-didyoumean>=0.3.0 (from celery==5.5.3->-r requirements-dev.txt (line 12))
2025-08-21T15:55:08.3607312Z   Using cached click_didyoumean-0.3.1-py3-none-any.whl.metadata (3.9 kB)
2025-08-21T15:55:08.3685798Z Collecting click-repl>=0.2.0 (from celery==5.5.3->-r requirements-dev.txt (line 12))
2025-08-21T15:55:08.3697381Z   Using cached click_repl-0.3.0-py3-none-any.whl.metadata (3.6 kB)
2025-08-21T15:55:08.3779217Z Collecting click-plugins>=1.1.1 (from celery==5.5.3->-r requirements-dev.txt (line 12))
2025-08-21T15:55:08.3790887Z   Using cached click_plugins-1.1.1.2-py2.py3-none-any.whl.metadata (6.5 kB)
2025-08-21T15:55:08.3904348Z Collecting python-dateutil>=2.8.2 (from celery==5.5.3->-r requirements-dev.txt (line 12))
2025-08-21T15:55:08.3916360Z   Using cached python_dateutil-2.9.0.post0-py2.py3-none-any.whl.metadata (8.4 kB)
2025-08-21T15:55:08.4270189Z Collecting annotated-types>=0.6.0 (from pydantic==2.11.7->-r requirements-dev.txt (line 26))
2025-08-21T15:55:08.4282976Z   Using cached annotated_types-0.7.0-py3-none-any.whl.metadata (15 kB)
2025-08-21T15:55:09.0924266Z Collecting pydantic-core==2.33.2 (from pydantic==2.11.7->-r requirements-dev.txt (line 26))
2025-08-21T15:55:09.0938672Z   Using cached pydantic_core-2.33.2-cp312-cp312-manylinux_2_17_x86_64.manylinux2014_x86_64.whl.metadata (6.8 kB)
2025-08-21T15:55:09.1061099Z Collecting typing-inspection>=0.4.0 (from pydantic==2.11.7->-r requirements-dev.txt (line 26))
2025-08-21T15:55:09.1073373Z   Using cached typing_inspection-0.4.1-py3-none-any.whl.metadata (2.6 kB)
2025-08-21T15:55:09.1317284Z Collecting et-xmlfile (from openpyxl==3.1.5->-r requirements-dev.txt (line 22))
2025-08-21T15:55:09.1329416Z   Using cached et_xmlfile-2.0.0-py3-none-any.whl.metadata (2.7 kB)
2025-08-21T15:55:09.1722549Z Collecting pytest<9,>=8.2 (from pytest-asyncio==1.1.0->-r requirements-dev.txt (line 28))
2025-08-21T15:55:09.1740365Z   Using cached pytest-8.4.1-py3-none-any.whl.metadata (7.7 kB)
2025-08-21T15:55:09.4866623Z Collecting coverage>=7.5 (from coverage[toml]>=7.5->pytest-cov==6.2.1->-r requirements-dev.txt (line 29))
2025-08-21T15:55:09.4880842Z   Using cached coverage-7.10.4-cp312-cp312-manylinux1_x86_64.manylinux_2_28_x86_64.manylinux_2_5_x86_64.whl.metadata (8.9 kB)
2025-08-21T15:55:09.5035983Z Collecting pluggy>=1.2 (from pytest-cov==6.2.1->-r requirements-dev.txt (line 29))
2025-08-21T15:55:09.5047942Z   Using cached pluggy-1.6.0-py3-none-any.whl.metadata (4.8 kB)
2025-08-21T15:55:09.5262954Z Collecting port-for>=0.7.3 (from pytest-postgresql==7.0.2->-r requirements-dev.txt (line 30))
2025-08-21T15:55:09.5275209Z   Using cached port_for-0.7.4-py3-none-any.whl.metadata (7.1 kB)
2025-08-21T15:55:09.5400702Z Collecting mirakuru>=2.6.0 (from pytest-postgresql==7.0.2->-r requirements-dev.txt (line 30))
2025-08-21T15:55:09.5412275Z   Using cached mirakuru-2.6.1-py3-none-any.whl.metadata (10 kB)
2025-08-21T15:55:09.6262832Z Collecting charset_normalizer<4,>=2 (from requests==2.32.4->-r requirements-dev.txt (line 34))
2025-08-21T15:55:09.6277985Z   Using cached charset_normalizer-3.4.3-cp312-cp312-manylinux2014_x86_64.manylinux_2_17_x86_64.manylinux_2_28_x86_64.whl.metadata (36 kB)
2025-08-21T15:55:09.6422260Z Collecting idna<4,>=2.5 (from requests==2.32.4->-r requirements-dev.txt (line 34))
2025-08-21T15:55:09.6434456Z   Using cached idna-3.10-py3-none-any.whl.metadata (10 kB)
2025-08-21T15:55:09.6695820Z Collecting urllib3<3,>=1.21.1 (from requests==2.32.4->-r requirements-dev.txt (line 34))
2025-08-21T15:55:09.6709087Z   Using cached urllib3-2.5.0-py3-none-any.whl.metadata (6.5 kB)
2025-08-21T15:55:09.6903793Z Collecting certifi>=2017.4.17 (from requests==2.32.4->-r requirements-dev.txt (line 34))
2025-08-21T15:55:09.6915675Z   Using cached certifi-2025.8.3-py3-none-any.whl.metadata (2.4 kB)
2025-08-21T15:55:09.8934567Z Collecting greenlet>=1 (from sqlalchemy==2.0.43->-r requirements-dev.txt (line 37))
2025-08-21T15:55:09.8948163Z   Using cached greenlet-3.2.4-cp312-cp312-manylinux_2_24_x86_64.manylinux_2_28_x86_64.whl.metadata (4.1 kB)
2025-08-21T15:55:09.9175587Z Collecting docker (from testcontainers==4.12.0->testcontainers[postgres]==4.12.0->-r requirements-dev.txt (line 39))
2025-08-21T15:55:09.9188112Z   Using cached docker-7.1.0-py3-none-any.whl.metadata (3.8 kB)
2025-08-21T15:55:10.0152862Z Collecting wrapt (from testcontainers==4.12.0->testcontainers[postgres]==4.12.0->-r requirements-dev.txt (line 39))
2025-08-21T15:55:10.0167033Z   Using cached wrapt-1.17.3-cp312-cp312-manylinux1_x86_64.manylinux_2_28_x86_64.manylinux_2_5_x86_64.whl.metadata (6.4 kB)
2025-08-21T15:55:10.0419814Z Collecting docspec==2.2.1 (from docspec-python==2.2.2->-r requirements-dev.txt (line 41))
2025-08-21T15:55:10.0432064Z   Using cached docspec-2.2.1-py3-none-any.whl.metadata (1.5 kB)
2025-08-21T15:55:10.0593098Z Collecting nr-util>=0.8.12 (from docspec-python==2.2.2->-r requirements-dev.txt (line 41))
2025-08-21T15:55:10.0605673Z   Using cached nr.util-0.8.12-py3-none-any.whl.metadata (813 bytes)
2025-08-21T15:55:10.0937656Z Collecting PyYAML<7.0,>=5.0 (from pydoc-markdown==4.8.2->-r requirements-dev.txt (line 42))
2025-08-21T15:55:10.0950651Z   Using cached PyYAML-6.0.2-cp312-cp312-manylinux_2_17_x86_64.manylinux2014_x86_64.whl.metadata (2.1 kB)
2025-08-21T15:55:10.1206243Z Collecting databind.core<5.0.0,>=4.4.0 (from pydoc-markdown==4.8.2->-r requirements-dev.txt (line 42))
2025-08-21T15:55:10.1218853Z   Using cached databind.core-4.5.2-py3-none-any.whl.metadata (1.1 kB)
2025-08-21T15:55:10.1449245Z Collecting databind.json<5.0.0,>=4.4.0 (from pydoc-markdown==4.8.2->-r requirements-dev.txt (line 42))
2025-08-21T15:55:10.1461466Z   Using cached databind.json-4.5.2-py3-none-any.whl.metadata (1.1 kB)
2025-08-21T15:55:10.1597135Z Collecting docstring-parser<0.12,>=0.11 (from pydoc-markdown==4.8.2->-r requirements-dev.txt (line 42))
2025-08-21T15:55:10.1598472Z   Using cached docstring_parser-0.11-py3-none-any.whl
2025-08-21T15:55:10.1903269Z Collecting tomli<3.0.0,>=2.0.0 (from pydoc-markdown==4.8.2->-r requirements-dev.txt (line 42))
2025-08-21T15:55:10.1915295Z   Using cached tomli-2.2.1-cp312-cp312-manylinux_2_17_x86_64.manylinux2014_x86_64.whl.metadata (11 kB)
2025-08-21T15:55:10.2002188Z Collecting tomli_w<2.0.0,>=1.0.0 (from pydoc-markdown==4.8.2->-r requirements-dev.txt (line 42))
2025-08-21T15:55:10.2013811Z   Using cached tomli_w-1.2.0-py3-none-any.whl.metadata (5.7 kB)
2025-08-21T15:55:10.2450094Z Collecting watchdog (from pydoc-markdown==4.8.2->-r requirements-dev.txt (line 42))
2025-08-21T15:55:10.2463767Z   Using cached watchdog-6.0.0-py3-none-manylinux2014_x86_64.whl.metadata (44 kB)
2025-08-21T15:55:10.2668839Z Collecting yapf>=0.30.0 (from pydoc-markdown==4.8.2->-r requirements-dev.txt (line 42))
2025-08-21T15:55:10.2680584Z   Using cached yapf-0.43.0-py3-none-any.whl.metadata (46 kB)
2025-08-21T15:55:10.2855307Z Collecting Deprecated<2.0.0,>=1.2.12 (from docspec==2.2.1->docspec-python==2.2.2->-r requirements-dev.txt (line 41))
2025-08-21T15:55:10.2866195Z   Using cached Deprecated-1.2.18-py2.py3-none-any.whl.metadata (5.7 kB)
2025-08-21T15:55:10.4420371Z Collecting psycopg-binary==3.2.9 (from psycopg[binary]==3.2.9->-r requirements-dev.txt (line 25))
2025-08-21T15:55:10.4433576Z   Using cached psycopg_binary-3.2.9-cp312-cp312-manylinux_2_17_x86_64.manylinux2014_x86_64.whl.metadata (2.9 kB)
2025-08-21T15:55:10.4746466Z Collecting argon2-cffi (from minio==7.*->-r requirements-dev.txt (line 10))
2025-08-21T15:55:10.4761068Z   Using cached argon2_cffi-25.1.0-py3-none-any.whl.metadata (4.1 kB)
2025-08-21T15:55:10.5537171Z Collecting pycryptodome (from minio==7.*->-r requirements-dev.txt (line 10))
2025-08-21T15:55:10.5555583Z   Using cached pycryptodome-3.23.0-cp37-abi3-manylinux_2_17_x86_64.manylinux2014_x86_64.whl.metadata (3.4 kB)
2025-08-21T15:55:10.5749144Z Collecting anyio (from httpx<0.29,>=0.27->-r requirements-dev.txt (line 16))
2025-08-21T15:55:10.5763011Z   Using cached anyio-4.10.0-py3-none-any.whl.metadata (4.0 kB)
2025-08-21T15:55:10.5949010Z Collecting httpcore==1.* (from httpx<0.29,>=0.27->-r requirements-dev.txt (line 16))
2025-08-21T15:55:10.5960571Z   Using cached httpcore-1.0.9-py3-none-any.whl.metadata (21 kB)
2025-08-21T15:55:10.6268390Z Collecting tzdata>=2022.7 (from pandas==2.2.*->-r requirements-dev.txt (line 23))
2025-08-21T15:55:10.6280494Z   Using cached tzdata-2025.2-py2.py3-none-any.whl.metadata (1.4 kB)
2025-08-21T15:55:10.6410190Z Collecting multimethod<=1.10.0 (from pandera==0.19.*->-r requirements-dev.txt (line 43))
2025-08-21T15:55:10.6421660Z   Using cached multimethod-1.10-py3-none-any.whl.metadata (8.2 kB)
2025-08-21T15:55:10.6765330Z Collecting typeguard (from pandera==0.19.*->-r requirements-dev.txt (line 43))
2025-08-21T15:55:10.6776571Z   Using cached typeguard-4.4.4-py3-none-any.whl.metadata (3.3 kB)
2025-08-21T15:55:10.6871089Z Collecting typing-inspect>=0.6.0 (from pandera==0.19.*->-r requirements-dev.txt (line 43))
2025-08-21T15:55:10.6881885Z   Using cached typing_inspect-0.9.0-py3-none-any.whl.metadata (1.5 kB)
2025-08-21T15:55:10.7132070Z Collecting databind<5.0.0,>=4.5.2 (from databind.core<5.0.0,>=4.4.0->pydoc-markdown==4.8.2->-r requirements-dev.txt (line 42))
2025-08-21T15:55:10.7143028Z   Using cached databind-4.5.2-py3-none-any.whl.metadata (4.3 kB)
2025-08-21T15:55:10.7257456Z Collecting nr-date<3.0.0,>=2.0.0 (from databind<5.0.0,>=4.5.2->databind.core<5.0.0,>=4.4.0->pydoc-markdown==4.8.2->-r requirements-dev.txt (line 42))
2025-08-21T15:55:10.7268210Z   Using cached nr_date-2.1.0-py3-none-any.whl.metadata (746 bytes)
2025-08-21T15:55:10.7377114Z Collecting nr-stream<2.0.0,>=1.0.0 (from databind<5.0.0,>=4.5.2->databind.core<5.0.0,>=4.4.0->pydoc-markdown==4.8.2->-r requirements-dev.txt (line 42))
2025-08-21T15:55:10.7387858Z   Using cached nr_stream-1.1.5-py3-none-any.whl.metadata (3.6 kB)
2025-08-21T15:55:10.7532791Z Collecting typeapi<3,>=2.0.1 (from databind<5.0.0,>=4.5.2->databind.core<5.0.0,>=4.4.0->pydoc-markdown==4.8.2->-r requirements-dev.txt (line 42))
2025-08-21T15:55:10.7543493Z   Using cached typeapi-2.2.4-py3-none-any.whl.metadata (1.5 kB)
2025-08-21T15:55:10.7797481Z Collecting h11>=0.16 (from httpcore==1.*->httpx<0.29,>=0.27->-r requirements-dev.txt (line 16))
2025-08-21T15:55:10.7808611Z   Using cached h11-0.16.0-py3-none-any.whl.metadata (8.3 kB)
2025-08-21T15:55:10.8008456Z Collecting amqp<6.0.0,>=5.1.1 (from kombu<5.6,>=5.5.2->celery==5.5.3->-r requirements-dev.txt (line 12))
2025-08-21T15:55:10.8019767Z   Using cached amqp-5.3.1-py3-none-any.whl.metadata (8.9 kB)
2025-08-21T15:55:10.8371457Z Collecting iniconfig>=1 (from pytest<9,>=8.2->pytest-asyncio==1.1.0->-r requirements-dev.txt (line 28))
2025-08-21T15:55:10.8387800Z   Using cached iniconfig-2.1.0-py3-none-any.whl.metadata (2.7 kB)
2025-08-21T15:55:10.8589200Z Collecting pygments>=2.7.2 (from pytest<9,>=8.2->pytest-asyncio==1.1.0->-r requirements-dev.txt (line 28))
2025-08-21T15:55:10.8601325Z   Using cached pygments-2.19.2-py3-none-any.whl.metadata (2.5 kB)
2025-08-21T15:55:10.8919226Z Collecting sniffio>=1.1 (from anyio->httpx<0.29,>=0.27->-r requirements-dev.txt (line 16))
2025-08-21T15:55:10.8931224Z   Using cached sniffio-1.3.1-py3-none-any.whl.metadata (3.9 kB)
2025-08-21T15:55:11.3774691Z Collecting botocore<1.41.0,>=1.40.14 (from boto3->-r requirements-dev.txt (line 8))
2025-08-21T15:55:11.3788707Z   Using cached botocore-1.40.14-py3-none-any.whl.metadata (5.7 kB)
2025-08-21T15:55:11.4263891Z Collecting jmespath<2.0.0,>=0.7.1 (from boto3->-r requirements-dev.txt (line 8))
2025-08-21T15:55:11.4276764Z   Using cached jmespath-1.0.1-py3-none-any.whl.metadata (7.6 kB)
2025-08-21T15:55:11.5328269Z Collecting s3transfer<0.14.0,>=0.13.0 (from boto3->-r requirements-dev.txt (line 8))
2025-08-21T15:55:11.5340720Z   Using cached s3transfer-0.13.1-py3-none-any.whl.metadata (1.7 kB)
2025-08-21T15:55:11.8005204Z Collecting fastapi-cli>=0.0.8 (from fastapi-cli[standard]>=0.0.8; extra == "all"->fastapi[all]->-r requirements-dev.txt (line 14))
2025-08-21T15:55:11.8016581Z   Using cached fastapi_cli-0.0.8-py3-none-any.whl.metadata (6.3 kB)
2025-08-21T15:55:11.8768124Z Collecting ujson!=4.0.2,!=4.1.0,!=4.2.0,!=4.3.0,!=5.0.0,!=5.1.0,>=4.0.1 (from fastapi[all]->-r requirements-dev.txt (line 14))
2025-08-21T15:55:11.8781699Z   Using cached ujson-5.11.0-cp312-cp312-manylinux_2_24_x86_64.manylinux_2_28_x86_64.whl.metadata (9.4 kB)
2025-08-21T15:55:12.1075353Z Collecting orjson>=3.2.1 (from fastapi[all]->-r requirements-dev.txt (line 14))
2025-08-21T15:55:12.1089035Z   Using cached orjson-3.11.2-cp312-cp312-manylinux_2_17_x86_64.manylinux2014_x86_64.whl.metadata (1.2 kB)
2025-08-21T15:55:12.1208311Z Collecting email-validator>=2.0.0 (from fastapi[all]->-r requirements-dev.txt (line 14))
2025-08-21T15:55:12.1222774Z   Using cached email_validator-2.2.0-py3-none-any.whl.metadata (25 kB)
2025-08-21T15:55:12.1503062Z Collecting uvicorn>=0.12.0 (from uvicorn[standard]>=0.12.0; extra == "all"->fastapi[all]->-r requirements-dev.txt (line 14))
2025-08-21T15:55:12.1514679Z   Using cached uvicorn-0.35.0-py3-none-any.whl.metadata (6.5 kB)
2025-08-21T15:55:12.1692428Z Collecting pydantic-settings>=2.0.0 (from fastapi[all]->-r requirements-dev.txt (line 14))
2025-08-21T15:55:12.1703975Z   Using cached pydantic_settings-2.10.1-py3-none-any.whl.metadata (3.4 kB)
2025-08-21T15:55:12.1828580Z Collecting pydantic-extra-types>=2.0.0 (from fastapi[all]->-r requirements-dev.txt (line 14))
2025-08-21T15:55:12.1840033Z   Using cached pydantic_extra_types-2.10.5-py3-none-any.whl.metadata (3.9 kB)
2025-08-21T15:55:12.2549334Z Collecting prompt-toolkit>=3.0.36 (from click-repl>=0.2.0->celery==5.5.3->-r requirements-dev.txt (line 12))
2025-08-21T15:55:12.2562006Z   Using cached prompt_toolkit-3.0.51-py3-none-any.whl.metadata (6.4 kB)
2025-08-21T15:55:12.2771718Z Collecting dnspython>=2.0.0 (from email-validator>=2.0.0->fastapi[all]->-r requirements-dev.txt (line 14))
2025-08-21T15:55:12.2772748Z   Using cached dnspython-2.7.0-py3-none-any.whl.metadata (5.8 kB)
2025-08-21T15:55:12.3036287Z Collecting typer>=0.15.1 (from fastapi-cli>=0.0.8->fastapi-cli[standard]>=0.0.8; extra == "all"->fastapi[all]->-r requirements-dev.txt (line 14))
2025-08-21T15:55:12.3048883Z   Using cached typer-0.16.1-py3-none-any.whl.metadata (15 kB)
2025-08-21T15:55:12.3304356Z Collecting rich-toolkit>=0.14.8 (from fastapi-cli>=0.0.8->fastapi-cli[standard]>=0.0.8; extra == "all"->fastapi[all]->-r requirements-dev.txt (line 14))
2025-08-21T15:55:12.3315844Z   Using cached rich_toolkit-0.15.0-py3-none-any.whl.metadata (1.0 kB)
2025-08-21T15:55:12.3420883Z Collecting fastapi-cloud-cli>=0.1.1 (from fastapi-cli[standard]>=0.0.8; extra == "all"->fastapi[all]->-r requirements-dev.txt (line 14))
2025-08-21T15:55:12.3432708Z   Using cached fastapi_cloud_cli-0.1.5-py3-none-any.whl.metadata (3.2 kB)
2025-08-21T15:55:12.4141532Z Collecting rignore>=0.5.1 (from fastapi-cloud-cli>=0.1.1->fastapi-cli[standard]>=0.0.8; extra == "all"->fastapi[all]->-r requirements-dev.txt (line 14))
2025-08-21T15:55:12.4155610Z   Using cached rignore-0.6.4-cp312-cp312-manylinux_2_17_x86_64.manylinux2014_x86_64.whl.metadata (3.8 kB)
2025-08-21T15:55:12.4757341Z Collecting sentry-sdk>=2.20.0 (from fastapi-cloud-cli>=0.1.1->fastapi-cli[standard]>=0.0.8; extra == "all"->fastapi[all]->-r requirements-dev.txt (line 14))
2025-08-21T15:55:12.4771418Z   Using cached sentry_sdk-2.35.0-py2.py3-none-any.whl.metadata (10 kB)
2025-08-21T15:55:12.5690731Z Collecting psutil>=4.0.0 (from mirakuru>=2.6.0->pytest-postgresql==7.0.2->-r requirements-dev.txt (line 30))
2025-08-21T15:55:12.5704114Z   Using cached psutil-7.0.0-cp36-abi3-manylinux_2_12_x86_64.manylinux2010_x86_64.manylinux_2_17_x86_64.manylinux2014_x86_64.whl.metadata (22 kB)
2025-08-21T15:55:12.6027656Z Collecting wcwidth (from prompt-toolkit>=3.0.36->click-repl>=0.2.0->celery==5.5.3->-r requirements-dev.txt (line 12))
2025-08-21T15:55:12.6038840Z   Using cached wcwidth-0.2.13-py2.py3-none-any.whl.metadata (14 kB)
2025-08-21T15:55:12.6851204Z Collecting rich>=13.7.1 (from rich-toolkit>=0.14.8->fastapi-cli>=0.0.8->fastapi-cli[standard]>=0.0.8; extra == "all"->fastapi[all]->-r requirements-dev.txt (line 14))
2025-08-21T15:55:12.6863566Z   Using cached rich-14.1.0-py3-none-any.whl.metadata (18 kB)
2025-08-21T15:55:12.7060701Z Collecting markdown-it-py>=2.2.0 (from rich>=13.7.1->rich-toolkit>=0.14.8->fastapi-cli>=0.0.8->fastapi-cli[standard]>=0.0.8; extra == "all"->fastapi[all]->-r requirements-dev.txt (line 14))
2025-08-21T15:55:12.7071953Z   Using cached markdown_it_py-4.0.0-py3-none-any.whl.metadata (7.3 kB)
2025-08-21T15:55:12.7268906Z Collecting mdurl~=0.1 (from markdown-it-py>=2.2.0->rich>=13.7.1->rich-toolkit>=0.14.8->fastapi-cli>=0.0.8->fastapi-cli[standard]>=0.0.8; extra == "all"->fastapi[all]->-r requirements-dev.txt (line 14))
2025-08-21T15:55:12.7287620Z   Using cached mdurl-0.1.2-py3-none-any.whl.metadata (1.6 kB)
2025-08-21T15:55:12.7773031Z Collecting shellingham>=1.3.0 (from typer>=0.15.1->fastapi-cli>=0.0.8->fastapi-cli[standard]>=0.0.8; extra == "all"->fastapi[all]->-r requirements-dev.txt (line 14))
2025-08-21T15:55:12.7785510Z   Using cached shellingham-1.5.4-py2.py3-none-any.whl.metadata (3.5 kB)
2025-08-21T15:55:12.8482232Z Collecting httptools>=0.6.3 (from uvicorn[standard]>=0.12.0; extra == "all"->fastapi[all]->-r requirements-dev.txt (line 14))
2025-08-21T15:55:12.8496340Z   Using cached httptools-0.6.4-cp312-cp312-manylinux_2_5_x86_64.manylinux1_x86_64.manylinux_2_17_x86_64.manylinux2014_x86_64.whl.metadata (3.6 kB)
2025-08-21T15:55:12.8921260Z Collecting uvloop>=0.15.1 (from uvicorn[standard]>=0.12.0; extra == "all"->fastapi[all]->-r requirements-dev.txt (line 14))
2025-08-21T15:55:12.8935656Z   Using cached uvloop-0.21.0-cp312-cp312-manylinux_2_17_x86_64.manylinux2014_x86_64.whl.metadata (4.9 kB)
2025-08-21T15:55:12.9631738Z Collecting watchfiles>=0.13 (from uvicorn[standard]>=0.12.0; extra == "all"->fastapi[all]->-r requirements-dev.txt (line 14))
2025-08-21T15:55:12.9646098Z   Using cached watchfiles-1.1.0-cp312-cp312-manylinux_2_17_x86_64.manylinux2014_x86_64.whl.metadata (4.9 kB)
2025-08-21T15:55:13.1668169Z Collecting websockets>=10.4 (from uvicorn[standard]>=0.12.0; extra == "all"->fastapi[all]->-r requirements-dev.txt (line 14))
2025-08-21T15:55:13.1682537Z   Using cached websockets-15.0.1-cp312-cp312-manylinux_2_5_x86_64.manylinux1_x86_64.manylinux_2_17_x86_64.manylinux2014_x86_64.whl.metadata (6.8 kB)
2025-08-21T15:55:13.2124549Z Collecting argon2-cffi-bindings (from argon2-cffi->minio==7.*->-r requirements-dev.txt (line 10))
2025-08-21T15:55:13.2137446Z   Using cached argon2_cffi_bindings-25.1.0-cp39-abi3-manylinux_2_26_x86_64.manylinux_2_28_x86_64.whl.metadata (7.4 kB)
2025-08-21T15:55:13.3161211Z Collecting cffi>=1.0.1 (from argon2-cffi-bindings->argon2-cffi->minio==7.*->-r requirements-dev.txt (line 10))
2025-08-21T15:55:13.3175488Z   Using cached cffi-1.17.1-cp312-cp312-manylinux_2_17_x86_64.manylinux2014_x86_64.whl.metadata (1.5 kB)
2025-08-21T15:55:13.3301760Z Collecting pycparser (from cffi>=1.0.1->argon2-cffi-bindings->argon2-cffi->minio==7.*->-r requirements-dev.txt (line 10))
2025-08-21T15:55:13.3314053Z   Using cached pycparser-2.22-py3-none-any.whl.metadata (943 bytes)
2025-08-21T15:55:13.3964206Z Using cached jinja2-3.1.6-py3-none-any.whl (134 kB)
2025-08-21T15:55:13.3977686Z Using cached alembic-1.16.4-py3-none-any.whl (247 kB)
2025-08-21T15:55:13.3990547Z Using cached APScheduler-3.10.4-py3-none-any.whl (59 kB)
2025-08-21T15:55:13.4002615Z Using cached asgi_correlation_id-4.3.1-py3-none-any.whl (15 kB)
2025-08-21T15:55:13.4014377Z Using cached asyncpg-0.30.0-cp312-cp312-manylinux_2_17_x86_64.manylinux2014_x86_64.whl (3.6 MB)
2025-08-21T15:55:13.4051192Z Using cached black-25.1.0-cp312-cp312-manylinux_2_17_x86_64.manylinux2014_x86_64.manylinux_2_28_x86_64.whl (1.8 MB)
2025-08-21T15:55:13.4074941Z Using cached vulture-2.10-py2.py3-none-any.whl (27 kB)
2025-08-21T15:55:13.4086911Z Using cached celery-5.5.3-py3-none-any.whl (438 kB)
2025-08-21T15:55:13.4101137Z Using cached fastapi-0.116.1-py3-none-any.whl (95 kB)
2025-08-21T15:55:13.4112943Z Using cached pydantic-2.11.7-py3-none-any.whl (444 kB)
2025-08-21T15:55:13.4127060Z Using cached fastapi_limiter-0.1.6-py3-none-any.whl (15 kB)
2025-08-21T15:55:13.4138171Z Using cached IMAPClient-3.0.1-py2.py3-none-any.whl (182 kB)
2025-08-21T15:55:13.4150709Z Using cached mypy_extensions-1.1.0-py3-none-any.whl (5.0 kB)
2025-08-21T15:55:13.4162073Z Using cached openpyxl-3.1.5-py2.py3-none-any.whl (250 kB)
2025-08-21T15:55:13.4175273Z Using cached psycopg2_binary-2.9.10-cp312-cp312-manylinux_2_17_x86_64.manylinux2014_x86_64.whl (3.0 MB)
2025-08-21T15:55:13.4207007Z Using cached psycopg-3.2.9-py3-none-any.whl (202 kB)
2025-08-21T15:55:13.4219292Z Using cached pytest_asyncio-1.1.0-py3-none-any.whl (15 kB)
2025-08-21T15:55:13.4230482Z Using cached pytest_cov-6.2.1-py3-none-any.whl (24 kB)
2025-08-21T15:55:13.4241920Z Using cached pytest_postgresql-7.0.2-py3-none-any.whl (41 kB)
2025-08-21T15:55:13.4253215Z Using cached python_telegram_bot-22.3-py3-none-any.whl (717 kB)
2025-08-21T15:55:13.4269140Z Using cached requests-2.32.4-py3-none-any.whl (64 kB)
2025-08-21T15:55:13.4280530Z Using cached respx-0.22.0-py2.py3-none-any.whl (25 kB)
2025-08-21T15:55:13.4292235Z Using cached ruff-0.9.9-py3-none-manylinux_2_17_x86_64.manylinux2014_x86_64.whl (11.2 MB)
2025-08-21T15:55:13.4381962Z Using cached sqlalchemy-2.0.43-cp312-cp312-manylinux_2_17_x86_64.manylinux2014_x86_64.whl (3.3 MB)
2025-08-21T15:55:13.4415695Z Using cached structlog-24.1.0-py3-none-any.whl (65 kB)
2025-08-21T15:55:13.4427215Z Using cached testcontainers-4.12.0-py3-none-any.whl (111 kB)
2025-08-21T15:55:13.4439056Z Using cached types_requests-2.32.4.20250809-py3-none-any.whl (20 kB)
2025-08-21T15:55:13.4451256Z Using cached docspec_python-2.2.2-py3-none-any.whl (15 kB)
2025-08-21T15:55:13.4461994Z Using cached pydoc_markdown-4.8.2-py3-none-any.whl (67 kB)
2025-08-21T15:55:13.4472806Z Using cached docspec-2.2.1-py3-none-any.whl (9.8 kB)
2025-08-21T15:55:13.4483800Z Using cached psycopg_binary-3.2.9-cp312-cp312-manylinux_2_17_x86_64.manylinux2014_x86_64.whl (4.4 MB)
2025-08-21T15:55:13.4526132Z Using cached pydantic_core-2.33.2-cp312-cp312-manylinux_2_17_x86_64.manylinux2014_x86_64.whl (2.0 MB)
2025-08-21T15:55:13.4551239Z Using cached redis-6.4.0-py3-none-any.whl (279 kB)
2025-08-21T15:55:13.4564153Z Using cached minio-7.2.16-py3-none-any.whl (95 kB)
2025-08-21T15:55:13.4575196Z Using cached httpx-0.28.1-py3-none-any.whl (73 kB)
2025-08-21T15:55:13.4586674Z Using cached mypy-1.17.1-cp312-cp312-manylinux2014_x86_64.manylinux_2_17_x86_64.manylinux_2_28_x86_64.whl (12.7 MB)
2025-08-21T15:55:13.4689687Z Using cached numpy-1.26.4-cp312-cp312-manylinux_2_17_x86_64.manylinux2014_x86_64.whl (18.0 MB)
2025-08-21T15:55:13.4835267Z Using cached pandas-2.2.3-cp312-cp312-manylinux_2_17_x86_64.manylinux2014_x86_64.whl (12.7 MB)
2025-08-21T15:55:13.4935061Z Using cached pandera-0.19.3-py3-none-any.whl (251 kB)
2025-08-21T15:55:13.4948554Z Using cached billiard-4.2.1-py3-none-any.whl (86 kB)
2025-08-21T15:55:13.4961007Z Using cached charset_normalizer-3.4.3-cp312-cp312-manylinux2014_x86_64.manylinux_2_17_x86_64.manylinux_2_28_x86_64.whl (151 kB)
2025-08-21T15:55:13.4972256Z Using cached click-8.2.1-py3-none-any.whl (102 kB)
2025-08-21T15:55:13.4983557Z Using cached databind.core-4.5.2-py3-none-any.whl (1.5 kB)
2025-08-21T15:55:13.4994469Z Using cached databind-4.5.2-py3-none-any.whl (49 kB)
2025-08-21T15:55:13.5005098Z Using cached databind.json-4.5.2-py3-none-any.whl (1.5 kB)
2025-08-21T15:55:13.5015616Z Using cached Deprecated-1.2.18-py2.py3-none-any.whl (10.0 kB)
2025-08-21T15:55:13.5026247Z Using cached httpcore-1.0.9-py3-none-any.whl (78 kB)
2025-08-21T15:55:13.5037179Z Using cached idna-3.10-py3-none-any.whl (70 kB)
2025-08-21T15:55:13.5047992Z Using cached kombu-5.5.4-py3-none-any.whl (210 kB)
2025-08-21T15:55:13.5059640Z Using cached vine-5.1.0-py3-none-any.whl (9.6 kB)
2025-08-21T15:55:13.5070299Z Using cached amqp-5.3.1-py3-none-any.whl (50 kB)
2025-08-21T15:55:13.5081145Z Using cached multimethod-1.10-py3-none-any.whl (9.9 kB)
2025-08-21T15:55:13.5091558Z Using cached nr_date-2.1.0-py3-none-any.whl (10 kB)
2025-08-21T15:55:13.5102126Z Using cached nr_stream-1.1.5-py3-none-any.whl (10 kB)
2025-08-21T15:55:13.5112767Z Using cached nr.util-0.8.12-py3-none-any.whl (90 kB)
2025-08-21T15:55:13.5124022Z Using cached pytest-8.4.1-py3-none-any.whl (365 kB)
2025-08-21T15:55:13.5137005Z Using cached pluggy-1.6.0-py3-none-any.whl (20 kB)
2025-08-21T15:55:13.5148074Z Using cached PyYAML-6.0.2-cp312-cp312-manylinux_2_17_x86_64.manylinux2014_x86_64.whl (767 kB)
2025-08-21T15:55:13.5163957Z Using cached starlette-0.47.2-py3-none-any.whl (72 kB)
2025-08-21T15:55:13.5175015Z Using cached anyio-4.10.0-py3-none-any.whl (107 kB)
2025-08-21T15:55:13.5186555Z Using cached tomli-2.2.1-cp312-cp312-manylinux_2_17_x86_64.manylinux2014_x86_64.whl (242 kB)
2025-08-21T15:55:13.5198524Z Using cached tomli_w-1.2.0-py3-none-any.whl (6.7 kB)
2025-08-21T15:55:13.5208988Z Using cached typeapi-2.2.4-py3-none-any.whl (26 kB)
2025-08-21T15:55:13.5219726Z Using cached typing_extensions-4.14.1-py3-none-any.whl (43 kB)
2025-08-21T15:55:13.5230569Z Using cached urllib3-2.5.0-py3-none-any.whl (129 kB)
2025-08-21T15:55:13.5242519Z Using cached wrapt-1.17.3-cp312-cp312-manylinux1_x86_64.manylinux_2_28_x86_64.manylinux_2_5_x86_64.whl (88 kB)
2025-08-21T15:55:13.5253173Z Using cached boto3-1.40.14-py3-none-any.whl (140 kB)
2025-08-21T15:55:13.5264726Z Using cached botocore-1.40.14-py3-none-any.whl (14.0 MB)
2025-08-21T15:55:13.5373053Z Using cached jmespath-1.0.1-py3-none-any.whl (20 kB)
2025-08-21T15:55:13.5384123Z Using cached python_dateutil-2.9.0.post0-py2.py3-none-any.whl (229 kB)
2025-08-21T15:55:13.5395949Z Using cached s3transfer-0.13.1-py3-none-any.whl (85 kB)
2025-08-21T15:55:13.5407109Z Using cached itsdangerous-2.2.0-py3-none-any.whl (16 kB)
2025-08-21T15:55:13.5417714Z Using cached setuptools-80.9.0-py3-none-any.whl (1.2 MB)
2025-08-21T15:55:13.5436908Z Using cached python_dotenv-1.1.1-py3-none-any.whl (20 kB)
2025-08-21T15:55:13.5447685Z Using cached python_multipart-0.0.20-py3-none-any.whl (24 kB)
2025-08-21T15:55:13.5458378Z Using cached annotated_types-0.7.0-py3-none-any.whl (13 kB)
2025-08-21T15:55:13.5469027Z Using cached certifi-2025.8.3-py3-none-any.whl (161 kB)
2025-08-21T15:55:13.5480514Z Using cached click_didyoumean-0.3.1-py3-none-any.whl (3.6 kB)
2025-08-21T15:55:13.5495015Z Using cached click_plugins-1.1.1.2-py2.py3-none-any.whl (11 kB)
2025-08-21T15:55:13.5505522Z Using cached click_repl-0.3.0-py3-none-any.whl (10 kB)
2025-08-21T15:55:13.5516789Z Using cached coverage-7.10.4-cp312-cp312-manylinux1_x86_64.manylinux_2_28_x86_64.manylinux_2_5_x86_64.whl (251 kB)
2025-08-21T15:55:13.5528618Z Using cached email_validator-2.2.0-py3-none-any.whl (33 kB)
2025-08-21T15:55:13.5539350Z Using cached dnspython-2.7.0-py3-none-any.whl (313 kB)
2025-08-21T15:55:13.5552294Z Using cached fastapi_cli-0.0.8-py3-none-any.whl (10 kB)
2025-08-21T15:55:13.5562989Z Using cached fastapi_cloud_cli-0.1.5-py3-none-any.whl (18 kB)
2025-08-21T15:55:13.5574059Z Using cached greenlet-3.2.4-cp312-cp312-manylinux_2_24_x86_64.manylinux_2_28_x86_64.whl (607 kB)
2025-08-21T15:55:13.5588454Z Using cached h11-0.16.0-py3-none-any.whl (37 kB)
2025-08-21T15:55:13.5599389Z Using cached iniconfig-2.1.0-py3-none-any.whl (6.0 kB)
2025-08-21T15:55:13.5610792Z Using cached MarkupSafe-3.0.2-cp312-cp312-manylinux_2_17_x86_64.manylinux2014_x86_64.whl (23 kB)
2025-08-21T15:55:13.5620966Z Using cached mirakuru-2.6.1-py3-none-any.whl (26 kB)
2025-08-21T15:55:13.5631907Z Using cached orjson-3.11.2-cp312-cp312-manylinux_2_17_x86_64.manylinux2014_x86_64.whl (121 kB)
2025-08-21T15:55:13.5642952Z Using cached packaging-25.0-py3-none-any.whl (66 kB)
2025-08-21T15:55:13.5653945Z Using cached pathspec-0.12.1-py3-none-any.whl (31 kB)
2025-08-21T15:55:13.5664695Z Using cached platformdirs-4.3.8-py3-none-any.whl (18 kB)
2025-08-21T15:55:13.5675130Z Using cached port_for-0.7.4-py3-none-any.whl (21 kB)
2025-08-21T15:55:13.5685872Z Using cached prompt_toolkit-3.0.51-py3-none-any.whl (387 kB)
2025-08-21T15:55:13.5700016Z Using cached psutil-7.0.0-cp36-abi3-manylinux_2_12_x86_64.manylinux2010_x86_64.manylinux_2_17_x86_64.manylinux2014_x86_64.whl (277 kB)
2025-08-21T15:55:13.5712268Z Using cached pydantic_extra_types-2.10.5-py3-none-any.whl (38 kB)
2025-08-21T15:55:13.5723080Z Using cached pydantic_settings-2.10.1-py3-none-any.whl (45 kB)
2025-08-21T15:55:13.5733919Z Using cached pygments-2.19.2-py3-none-any.whl (1.2 MB)
2025-08-21T15:55:13.5753039Z Using cached pytz-2025.2-py2.py3-none-any.whl (509 kB)
2025-08-21T15:55:13.5766936Z Using cached rich_toolkit-0.15.0-py3-none-any.whl (29 kB)
2025-08-21T15:55:13.5777568Z Using cached rich-14.1.0-py3-none-any.whl (243 kB)
2025-08-21T15:55:13.5789711Z Using cached markdown_it_py-4.0.0-py3-none-any.whl (87 kB)
2025-08-21T15:55:13.5801034Z Using cached mdurl-0.1.2-py3-none-any.whl (10.0 kB)
2025-08-21T15:55:13.5811919Z Using cached rignore-0.6.4-cp312-cp312-manylinux_2_17_x86_64.manylinux2014_x86_64.whl (949 kB)
2025-08-21T15:55:13.5828770Z Using cached sentry_sdk-2.35.0-py2.py3-none-any.whl (363 kB)
2025-08-21T15:55:13.5841892Z Using cached six-1.17.0-py2.py3-none-any.whl (11 kB)
2025-08-21T15:55:13.5852552Z Using cached sniffio-1.3.1-py3-none-any.whl (10 kB)
2025-08-21T15:55:13.5863146Z Using cached typer-0.16.1-py3-none-any.whl (46 kB)
2025-08-21T15:55:13.5874679Z Using cached shellingham-1.5.4-py2.py3-none-any.whl (9.8 kB)
2025-08-21T15:55:13.5885086Z Using cached typing_inspect-0.9.0-py3-none-any.whl (8.8 kB)
2025-08-21T15:55:13.5895693Z Using cached typing_inspection-0.4.1-py3-none-any.whl (14 kB)
2025-08-21T15:55:13.5906364Z Using cached tzdata-2025.2-py2.py3-none-any.whl (347 kB)
2025-08-21T15:55:13.5919212Z Using cached tzlocal-5.3.1-py3-none-any.whl (18 kB)
2025-08-21T15:55:13.5930316Z Using cached ujson-5.11.0-cp312-cp312-manylinux_2_24_x86_64.manylinux_2_28_x86_64.whl (57 kB)
2025-08-21T15:55:13.5941059Z Using cached uvicorn-0.35.0-py3-none-any.whl (66 kB)
2025-08-21T15:55:13.5954129Z Using cached httptools-0.6.4-cp312-cp312-manylinux_2_5_x86_64.manylinux1_x86_64.manylinux_2_17_x86_64.manylinux2014_x86_64.whl (510 kB)
2025-08-21T15:55:13.5968078Z Using cached uvloop-0.21.0-cp312-cp312-manylinux_2_17_x86_64.manylinux2014_x86_64.whl (4.7 MB)
2025-08-21T15:55:13.6011292Z Using cached watchfiles-1.1.0-cp312-cp312-manylinux_2_17_x86_64.manylinux2014_x86_64.whl (452 kB)
2025-08-21T15:55:13.6025208Z Using cached websockets-15.0.1-cp312-cp312-manylinux_2_5_x86_64.manylinux1_x86_64.manylinux_2_17_x86_64.manylinux2014_x86_64.whl (182 kB)
2025-08-21T15:55:13.6036487Z Using cached yapf-0.43.0-py3-none-any.whl (256 kB)
2025-08-21T15:55:13.6048583Z Using cached argon2_cffi-25.1.0-py3-none-any.whl (14 kB)
2025-08-21T15:55:13.6059694Z Using cached argon2_cffi_bindings-25.1.0-cp39-abi3-manylinux_2_26_x86_64.manylinux_2_28_x86_64.whl (87 kB)
2025-08-21T15:55:13.6071191Z Using cached cffi-1.17.1-cp312-cp312-manylinux_2_17_x86_64.manylinux2014_x86_64.whl (479 kB)
2025-08-21T15:55:13.6084861Z Using cached docker-7.1.0-py3-none-any.whl (147 kB)
2025-08-21T15:55:13.6096562Z Using cached et_xmlfile-2.0.0-py3-none-any.whl (18 kB)
2025-08-21T15:55:13.6107078Z Using cached mako-1.3.10-py3-none-any.whl (78 kB)
2025-08-21T15:55:13.6118095Z Using cached pycparser-2.22-py3-none-any.whl (117 kB)
2025-08-21T15:55:13.6130266Z Using cached pycryptodome-3.23.0-cp37-abi3-manylinux_2_17_x86_64.manylinux2014_x86_64.whl (2.3 MB)
2025-08-21T15:55:13.6156911Z Using cached toml-0.10.2-py2.py3-none-any.whl (16 kB)
2025-08-21T15:55:13.6167459Z Using cached typeguard-4.4.4-py3-none-any.whl (34 kB)
2025-08-21T15:55:13.6178328Z Using cached watchdog-6.0.0-py3-none-manylinux2014_x86_64.whl (79 kB)
2025-08-21T15:55:13.6189343Z Using cached wcwidth-0.2.13-py2.py3-none-any.whl (34 kB)
2025-08-21T15:55:14.0887733Z Installing collected packages: wcwidth, pytz, wrapt, websockets, watchdog, vine, uvloop, urllib3, ujson, tzlocal, tzdata, typing-extensions, tomli_w, tomli, toml, structlog, sniffio, six, shellingham, setuptools, ruff, rignore, redis, PyYAML, python-multipart, python-dotenv, pygments, pycryptodome, pycparser, psycopg2-binary, psycopg-binary, psutil, prompt-toolkit, port-for, pluggy, platformdirs, pathspec, packaging, orjson, numpy, nr-stream, nr-date, mypy-extensions, multimethod, mdurl, MarkupSafe, jmespath, itsdangerous, iniconfig, imapclient, idna, httptools, h11, greenlet, et-xmlfile, docstring-parser, dnspython, coverage, click, charset_normalizer, certifi, billiard, asyncpg, annotated-types, yapf, vulture, uvicorn, typing-inspection, typing-inspect, types-requests, typeguard, typeapi, sqlalchemy, sentry-sdk, requests, python-dateutil, pytest, pydantic-core, psycopg, openpyxl, mypy, mirakuru, markdown-it-py, Mako, Jinja2, httpcore, email-validator, Deprecated, click-repl, click-plugins, click-didyoumean, cffi, black, apscheduler, anyio, amqp, watchfiles, starlette, rich, pytest-postgresql, pytest-cov, pytest-asyncio, pydantic, pandas, nr-util, kombu, httpx, docker, databind, botocore, argon2-cffi-bindings, alembic, typer, testcontainers, s3transfer, rich-toolkit, respx, python-telegram-bot, pydantic-settings, pydantic-extra-types, pandera, fastapi, databind.json, databind.core, celery, asgi-correlation-id, argon2-cffi, minio, fastapi-limiter, fastapi-cloud-cli, fastapi-cli, docspec, boto3, docspec-python, pydoc-markdown
2025-08-21T15:55:33.4722882Z 
2025-08-21T15:55:33.4851599Z Successfully installed Deprecated-1.2.18 Jinja2-3.1.6 Mako-1.3.10 MarkupSafe-3.0.2 PyYAML-6.0.2 alembic-1.16.4 amqp-5.3.1 annotated-types-0.7.0 anyio-4.10.0 apscheduler-3.10.4 argon2-cffi-25.1.0 argon2-cffi-bindings-25.1.0 asgi-correlation-id-4.3.1 asyncpg-0.30.0 billiard-4.2.1 black-25.1.0 boto3-1.40.14 botocore-1.40.14 celery-5.5.3 certifi-2025.8.3 cffi-1.17.1 charset_normalizer-3.4.3 click-8.2.1 click-didyoumean-0.3.1 click-plugins-1.1.1.2 click-repl-0.3.0 coverage-7.10.4 databind-4.5.2 databind.core-4.5.2 databind.json-4.5.2 dnspython-2.7.0 docker-7.1.0 docspec-2.2.1 docspec-python-2.2.2 docstring-parser-0.11 email-validator-2.2.0 et-xmlfile-2.0.0 fastapi-0.116.1 fastapi-cli-0.0.8 fastapi-cloud-cli-0.1.5 fastapi-limiter-0.1.6 greenlet-3.2.4 h11-0.16.0 httpcore-1.0.9 httptools-0.6.4 httpx-0.28.1 idna-3.10 imapclient-3.0.1 iniconfig-2.1.0 itsdangerous-2.2.0 jmespath-1.0.1 kombu-5.5.4 markdown-it-py-4.0.0 mdurl-0.1.2 minio-7.2.16 mirakuru-2.6.1 multimethod-1.10 mypy-1.17.1 mypy-extensions-1.1.0 nr-date-2.1.0 nr-stream-1.1.5 nr-util-0.8.12 numpy-1.26.4 openpyxl-3.1.5 orjson-3.11.2 packaging-25.0 pandas-2.2.3 pandera-0.19.3 pathspec-0.12.1 platformdirs-4.3.8 pluggy-1.6.0 port-for-0.7.4 prompt-toolkit-3.0.51 psutil-7.0.0 psycopg-3.2.9 psycopg-binary-3.2.9 psycopg2-binary-2.9.10 pycparser-2.22 pycryptodome-3.23.0 pydantic-2.11.7 pydantic-core-2.33.2 pydantic-extra-types-2.10.5 pydantic-settings-2.10.1 pydoc-markdown-4.8.2 pygments-2.19.2 pytest-8.4.1 pytest-asyncio-1.1.0 pytest-cov-6.2.1 pytest-postgresql-7.0.2 python-dateutil-2.9.0.post0 python-dotenv-1.1.1 python-multipart-0.0.20 python-telegram-bot-22.3 pytz-2025.2 redis-6.4.0 requests-2.32.4 respx-0.22.0 rich-14.1.0 rich-toolkit-0.15.0 rignore-0.6.4 ruff-0.9.9 s3transfer-0.13.1 sentry-sdk-2.35.0 setuptools-80.9.0 shellingham-1.5.4 six-1.17.0 sniffio-1.3.1 sqlalchemy-2.0.43 starlette-0.47.2 structlog-24.1.0 testcontainers-4.12.0 toml-0.10.2 tomli-2.2.1 tomli_w-1.2.0 typeapi-2.2.4 typeguard-4.4.4 typer-0.16.1 types-requests-2.32.4.20250809 typing-extensions-4.14.1 typing-inspect-0.9.0 typing-inspection-0.4.1 tzdata-2025.2 tzlocal-5.3.1 ujson-5.11.0 urllib3-2.5.0 uvicorn-0.35.0 uvloop-0.21.0 vine-5.1.0 vulture-2.10 watchdog-6.0.0 watchfiles-1.1.0 wcwidth-0.2.13 websockets-15.0.1 wrapt-1.17.3 yapf-0.43.0
2025-08-21T15:55:34.8996920Z Collecting keepa==1.3.15
2025-08-21T15:55:34.9010883Z   Using cached keepa-1.3.15-py3-none-any.whl.metadata (11 kB)
2025-08-21T15:55:34.9279627Z Collecting minio==7.1.15
2025-08-21T15:55:34.9292725Z   Using cached minio-7.1.15-py3-none-any.whl.metadata (4.2 kB)
2025-08-21T15:55:34.9321036Z Requirement already satisfied: numpy>=1.9.3 in /opt/hostedtoolcache/Python/3.12.11/x64/lib/python3.12/site-packages (from keepa==1.3.15) (1.26.4)
2025-08-21T15:55:34.9326208Z Requirement already satisfied: requests>=2.2 in /opt/hostedtoolcache/Python/3.12.11/x64/lib/python3.12/site-packages (from keepa==1.3.15) (2.32.4)
2025-08-21T15:55:34.9634164Z Collecting tqdm (from keepa==1.3.15)
2025-08-21T15:55:34.9647125Z   Using cached tqdm-4.67.1-py3-none-any.whl.metadata (57 kB)
2025-08-21T15:55:35.4455309Z Collecting aiohttp (from keepa==1.3.15)
2025-08-21T15:55:35.4469079Z   Using cached aiohttp-3.12.15-cp312-cp312-manylinux_2_17_x86_64.manylinux2014_x86_64.whl.metadata (7.7 kB)
2025-08-21T15:55:35.4505105Z Requirement already satisfied: pandas<=3.0 in /opt/hostedtoolcache/Python/3.12.11/x64/lib/python3.12/site-packages (from keepa==1.3.15) (2.2.3)
2025-08-21T15:55:35.4509107Z Requirement already satisfied: pydantic in /opt/hostedtoolcache/Python/3.12.11/x64/lib/python3.12/site-packages (from keepa==1.3.15) (2.11.7)
2025-08-21T15:55:35.4518856Z Requirement already satisfied: certifi in /opt/hostedtoolcache/Python/3.12.11/x64/lib/python3.12/site-packages (from minio==7.1.15) (2025.8.3)
2025-08-21T15:55:35.4522476Z Requirement already satisfied: urllib3 in /opt/hostedtoolcache/Python/3.12.11/x64/lib/python3.12/site-packages (from minio==7.1.15) (2.5.0)
2025-08-21T15:55:35.4581520Z Requirement already satisfied: python-dateutil>=2.8.2 in /opt/hostedtoolcache/Python/3.12.11/x64/lib/python3.12/site-packages (from pandas<=3.0->keepa==1.3.15) (2.9.0.post0)
2025-08-21T15:55:35.4586278Z Requirement already satisfied: pytz>=2020.1 in /opt/hostedtoolcache/Python/3.12.11/x64/lib/python3.12/site-packages (from pandas<=3.0->keepa==1.3.15) (2025.2)
2025-08-21T15:55:35.4591033Z Requirement already satisfied: tzdata>=2022.7 in /opt/hostedtoolcache/Python/3.12.11/x64/lib/python3.12/site-packages (from pandas<=3.0->keepa==1.3.15) (2025.2)
2025-08-21T15:55:35.4718170Z Requirement already satisfied: six>=1.5 in /opt/hostedtoolcache/Python/3.12.11/x64/lib/python3.12/site-packages (from python-dateutil>=2.8.2->pandas<=3.0->keepa==1.3.15) (1.17.0)
2025-08-21T15:55:35.4737644Z Requirement already satisfied: charset_normalizer<4,>=2 in /opt/hostedtoolcache/Python/3.12.11/x64/lib/python3.12/site-packages (from requests>=2.2->keepa==1.3.15) (3.4.3)
2025-08-21T15:55:35.4744133Z Requirement already satisfied: idna<4,>=2.5 in /opt/hostedtoolcache/Python/3.12.11/x64/lib/python3.12/site-packages (from requests>=2.2->keepa==1.3.15) (3.10)
2025-08-21T15:55:35.4929540Z Collecting aiohappyeyeballs>=2.5.0 (from aiohttp->keepa==1.3.15)
2025-08-21T15:55:35.4942173Z   Using cached aiohappyeyeballs-2.6.1-py3-none-any.whl.metadata (5.9 kB)
2025-08-21T15:55:35.5019098Z Collecting aiosignal>=1.4.0 (from aiohttp->keepa==1.3.15)
2025-08-21T15:55:35.5030705Z   Using cached aiosignal-1.4.0-py3-none-any.whl.metadata (3.7 kB)
2025-08-21T15:55:35.5161809Z Collecting attrs>=17.3.0 (from aiohttp->keepa==1.3.15)
2025-08-21T15:55:35.5173666Z   Using cached attrs-25.3.0-py3-none-any.whl.metadata (10 kB)
2025-08-21T15:55:35.5845809Z Collecting frozenlist>=1.1.1 (from aiohttp->keepa==1.3.15)
2025-08-21T15:55:35.5859194Z   Using cached frozenlist-1.7.0-cp312-cp312-manylinux_2_5_x86_64.manylinux1_x86_64.manylinux_2_17_x86_64.manylinux2014_x86_64.whl.metadata (18 kB)
2025-08-21T15:55:35.8265666Z Collecting multidict<7.0,>=4.5 (from aiohttp->keepa==1.3.15)
2025-08-21T15:55:35.8279515Z   Using cached multidict-6.6.4-cp312-cp312-manylinux2014_x86_64.manylinux_2_17_x86_64.manylinux_2_28_x86_64.whl.metadata (5.3 kB)
2025-08-21T15:55:35.8685444Z Collecting propcache>=0.2.0 (from aiohttp->keepa==1.3.15)
2025-08-21T15:55:35.8698734Z   Using cached propcache-0.3.2-cp312-cp312-manylinux_2_17_x86_64.manylinux2014_x86_64.whl.metadata (12 kB)
2025-08-21T15:55:36.1025226Z Collecting yarl<2.0,>=1.17.0 (from aiohttp->keepa==1.3.15)
2025-08-21T15:55:36.1039078Z   Using cached yarl-1.20.1-cp312-cp312-manylinux_2_17_x86_64.manylinux2014_x86_64.whl.metadata (73 kB)
2025-08-21T15:55:36.1261545Z Requirement already satisfied: typing-extensions>=4.2 in /opt/hostedtoolcache/Python/3.12.11/x64/lib/python3.12/site-packages (from aiosignal>=1.4.0->aiohttp->keepa==1.3.15) (4.14.1)
2025-08-21T15:55:36.1311191Z Requirement already satisfied: annotated-types>=0.6.0 in /opt/hostedtoolcache/Python/3.12.11/x64/lib/python3.12/site-packages (from pydantic->keepa==1.3.15) (0.7.0)
2025-08-21T15:55:36.1317536Z Requirement already satisfied: pydantic-core==2.33.2 in /opt/hostedtoolcache/Python/3.12.11/x64/lib/python3.12/site-packages (from pydantic->keepa==1.3.15) (2.33.2)
2025-08-21T15:55:36.1325255Z Requirement already satisfied: typing-inspection>=0.4.0 in /opt/hostedtoolcache/Python/3.12.11/x64/lib/python3.12/site-packages (from pydantic->keepa==1.3.15) (0.4.1)
2025-08-21T15:55:36.1385919Z Using cached keepa-1.3.15-py3-none-any.whl (38 kB)
2025-08-21T15:55:36.1397592Z Using cached minio-7.1.15-py3-none-any.whl (77 kB)
2025-08-21T15:55:36.1409553Z Using cached aiohttp-3.12.15-cp312-cp312-manylinux_2_17_x86_64.manylinux2014_x86_64.whl (1.7 MB)
2025-08-21T15:55:36.1433482Z Using cached multidict-6.6.4-cp312-cp312-manylinux2014_x86_64.manylinux_2_17_x86_64.manylinux_2_28_x86_64.whl (256 kB)
2025-08-21T15:55:36.1446545Z Using cached yarl-1.20.1-cp312-cp312-manylinux_2_17_x86_64.manylinux2014_x86_64.whl (355 kB)
2025-08-21T15:55:36.1459821Z Using cached aiohappyeyeballs-2.6.1-py3-none-any.whl (15 kB)
2025-08-21T15:55:36.1471260Z Using cached aiosignal-1.4.0-py3-none-any.whl (7.5 kB)
2025-08-21T15:55:36.1482078Z Using cached attrs-25.3.0-py3-none-any.whl (63 kB)
2025-08-21T15:55:36.1493999Z Using cached frozenlist-1.7.0-cp312-cp312-manylinux_2_5_x86_64.manylinux1_x86_64.manylinux_2_17_x86_64.manylinux2014_x86_64.whl (241 kB)
2025-08-21T15:55:36.1506644Z Using cached propcache-0.3.2-cp312-cp312-manylinux_2_17_x86_64.manylinux2014_x86_64.whl (224 kB)
2025-08-21T15:55:36.1518892Z Using cached tqdm-4.67.1-py3-none-any.whl (78 kB)
2025-08-21T15:55:36.3319040Z Installing collected packages: tqdm, propcache, multidict, minio, frozenlist, attrs, aiohappyeyeballs, yarl, aiosignal, aiohttp, keepa
2025-08-21T15:55:36.4049243Z   Attempting uninstall: minio
2025-08-21T15:55:36.4097885Z     Found existing installation: minio 7.2.16
2025-08-21T15:55:36.4134958Z     Uninstalling minio-7.2.16:
2025-08-21T15:55:36.4145523Z       Successfully uninstalled minio-7.2.16
2025-08-21T15:55:36.7766161Z 
2025-08-21T15:55:36.7880606Z Successfully installed aiohappyeyeballs-2.6.1 aiohttp-3.12.15 aiosignal-1.4.0 attrs-25.3.0 frozenlist-1.7.0 keepa-1.3.15 minio-7.1.15 multidict-6.6.4 propcache-0.3.2 tqdm-4.67.1 yarl-1.20.1
2025-08-21T15:55:36.9711960Z ##[group]Run for i in {1..30}; do pg_isready -h "$PG_HOST" -p "$PG_PORT" -U "$PG_USER" -d "$PG_DATABASE" && break; sleep 1; done
2025-08-21T15:55:36.9712638Z [36;1mfor i in {1..30}; do pg_isready -h "$PG_HOST" -p "$PG_PORT" -U "$PG_USER" -d "$PG_DATABASE" && break; sleep 1; done[0m
2025-08-21T15:55:36.9754075Z shell: /usr/bin/bash -e {0}
2025-08-21T15:55:36.9754301Z env:
2025-08-21T15:55:36.9754496Z   REDIS_URL: redis://localhost:6379/0
2025-08-21T15:55:36.9754754Z   RATE_LIMIT_DEFAULT: 100/minute
2025-08-21T15:55:36.9754974Z   TRUST_X_FORWARDED: 1
2025-08-21T15:55:36.9755161Z   PG_USER: postgres
2025-08-21T15:55:36.9755358Z   PG_PASSWORD: pass
2025-08-21T15:55:36.9755538Z   PG_DATABASE: awa
2025-08-21T15:55:36.9755716Z   PG_HOST: localhost
2025-08-21T15:55:36.9755900Z   PG_PORT: 5432
2025-08-21T15:55:36.9756329Z   PG_SYNC_DSN: ***localhost:5432/awa
2025-08-21T15:55:36.9756714Z   PG_ASYNC_DSN: ***localhost:5432/awa
2025-08-21T15:55:36.9757140Z   DATABASE_URL: ***localhost:5432/awa
2025-08-21T15:55:36.9757368Z   DATA_DIR: /tmp/awa-data
2025-08-21T15:55:36.9757572Z   ENABLE_LIVE: 0
2025-08-21T15:55:36.9757744Z   TESTING: 1
2025-08-21T15:55:36.9757969Z   pythonLocation: /opt/hostedtoolcache/Python/3.12.11/x64
2025-08-21T15:55:36.9758364Z   PKG_CONFIG_PATH: /opt/hostedtoolcache/Python/3.12.11/x64/lib/pkgconfig
2025-08-21T15:55:36.9758742Z   Python_ROOT_DIR: /opt/hostedtoolcache/Python/3.12.11/x64
2025-08-21T15:55:36.9759080Z   Python2_ROOT_DIR: /opt/hostedtoolcache/Python/3.12.11/x64
2025-08-21T15:55:36.9759423Z   Python3_ROOT_DIR: /opt/hostedtoolcache/Python/3.12.11/x64
2025-08-21T15:55:36.9759770Z   LD_LIBRARY_PATH: /opt/hostedtoolcache/Python/3.12.11/x64/lib
2025-08-21T15:55:36.9760239Z ##[endgroup]
2025-08-21T15:55:37.0879481Z localhost:5432 - accepting connections
2025-08-21T15:55:37.0911750Z ##[group]Run alembic -c services/api/alembic.ini upgrade head
2025-08-21T15:55:37.0912166Z [36;1malembic -c services/api/alembic.ini upgrade head[0m
2025-08-21T15:55:37.0953914Z shell: /usr/bin/bash -e {0}
2025-08-21T15:55:37.0954139Z env:
2025-08-21T15:55:37.0954546Z   REDIS_URL: redis://localhost:6379/0
2025-08-21T15:55:37.0954813Z   RATE_LIMIT_DEFAULT: 100/minute
2025-08-21T15:55:37.0955028Z   TRUST_X_FORWARDED: 1
2025-08-21T15:55:37.0955223Z   PG_USER: postgres
2025-08-21T15:55:37.0955411Z   PG_PASSWORD: pass
2025-08-21T15:55:37.0955588Z   PG_DATABASE: awa
2025-08-21T15:55:37.0955767Z   PG_HOST: localhost
2025-08-21T15:55:37.0955947Z   PG_PORT: 5432
2025-08-21T15:55:37.0956398Z   PG_SYNC_DSN: ***localhost:5432/awa
2025-08-21T15:55:37.0956781Z   PG_ASYNC_DSN: ***localhost:5432/awa
2025-08-21T15:55:37.0957150Z   DATABASE_URL: ***localhost:5432/awa
2025-08-21T15:55:37.0957377Z   DATA_DIR: /tmp/awa-data
2025-08-21T15:55:37.0957580Z   ENABLE_LIVE: 0
2025-08-21T15:55:37.0957790Z   TESTING: 1
2025-08-21T15:55:37.0958022Z   pythonLocation: /opt/hostedtoolcache/Python/3.12.11/x64
2025-08-21T15:55:37.0958417Z   PKG_CONFIG_PATH: /opt/hostedtoolcache/Python/3.12.11/x64/lib/pkgconfig
2025-08-21T15:55:37.0958804Z   Python_ROOT_DIR: /opt/hostedtoolcache/Python/3.12.11/x64
2025-08-21T15:55:37.0959160Z   Python2_ROOT_DIR: /opt/hostedtoolcache/Python/3.12.11/x64
2025-08-21T15:55:37.0959498Z   Python3_ROOT_DIR: /opt/hostedtoolcache/Python/3.12.11/x64
2025-08-21T15:55:37.0960060Z   LD_LIBRARY_PATH: /opt/hostedtoolcache/Python/3.12.11/x64/lib
2025-08-21T15:55:37.0960402Z ##[endgroup]
2025-08-21T15:55:37.9389000Z INFO  [alembic.runtime.migration] Context impl PostgresqlImpl.
2025-08-21T15:55:37.9389728Z INFO  [alembic.runtime.migration] Will assume transactional DDL.
2025-08-21T15:55:37.9580805Z INFO  [alembic.runtime.migration] Running upgrade  -> 0001_baseline
2025-08-21T15:55:37.9735884Z INFO  [alembic.runtime.migration] Running upgrade 0001_baseline -> 0002_create_roi_view
2025-08-21T15:55:37.9764087Z INFO  [alembic.runtime.migration] Running upgrade 0002_create_roi_view -> 3e9d5c5aff2c
2025-08-21T15:55:37.9942987Z INFO  [alembic.runtime.migration] Running upgrade 3e9d5c5aff2c -> 0003_vendor_prices
2025-08-21T15:55:38.0088276Z INFO  [alembic.runtime.migration] Running upgrade 0003_vendor_prices -> 0004_fee_cron
2025-08-21T15:55:38.0164345Z INFO  [alembic.runtime.migration] Running upgrade 0004_fee_cron -> 0006_fix_roi_views
2025-08-21T15:55:38.0197424Z INFO  [alembic.runtime.migration] Running upgrade 0006_fix_roi_views -> 0020_unified_schema
2025-08-21T15:55:38.0307663Z INFO  [alembic.runtime.migration] Running upgrade 0020_unified_schema -> 0022_fix_roi_view
2025-08-21T15:55:38.0374184Z INFO  [alembic.runtime.migration] Running upgrade 0022_fix_roi_view -> 0023_add_storage_fee
2025-08-21T15:55:38.0413118Z INFO  [alembic.runtime.migration] Running upgrade 0023_add_storage_fee -> 0024_create_buybox
2025-08-21T15:55:38.0436727Z INFO  [alembic.runtime.migration] Running upgrade 0024_create_buybox -> 0025_pr4_indexes_loadlog
2025-08-21T15:55:38.0651048Z INFO  [alembic.runtime.migration] Running upgrade 0025_pr4_indexes_loadlog -> 0026_amazon_new_reports
2025-08-21T15:55:38.1779261Z ##[group]Run python - <<'PY'
2025-08-21T15:55:38.1779559Z [36;1mpython - <<'PY'[0m
2025-08-21T15:55:38.1779988Z [36;1mfrom fastapi.testclient import TestClient[0m
2025-08-21T15:55:38.1780306Z [36;1mfrom services.api.main import app[0m
2025-08-21T15:55:38.1780573Z [36;1mwith TestClient(app) as c:[0m
2025-08-21T15:55:38.1780811Z [36;1m    r = c.get('/roi-review')[0m
2025-08-21T15:55:38.1781066Z [36;1m    assert r.status_code < 500, r.text[0m
2025-08-21T15:55:38.1781306Z [36;1mPY[0m
2025-08-21T15:55:38.1821710Z shell: /usr/bin/bash -e {0}
2025-08-21T15:55:38.1821951Z env:
2025-08-21T15:55:38.1822150Z   REDIS_URL: redis://localhost:6379/0
2025-08-21T15:55:38.1822412Z   RATE_LIMIT_DEFAULT: 100/minute
2025-08-21T15:55:38.1822632Z   TRUST_X_FORWARDED: 1
2025-08-21T15:55:38.1822819Z   PG_USER: postgres
2025-08-21T15:55:38.1823014Z   PG_PASSWORD: pass
2025-08-21T15:55:38.1823192Z   PG_DATABASE: awa
2025-08-21T15:55:38.1823363Z   PG_HOST: localhost
2025-08-21T15:55:38.1823592Z   PG_PORT: 5432
2025-08-21T15:55:38.1824171Z   PG_SYNC_DSN: ***localhost:5432/awa
2025-08-21T15:55:38.1824636Z   PG_ASYNC_DSN: ***localhost:5432/awa
2025-08-21T15:55:38.1825186Z   DATABASE_URL: ***localhost:5432/awa
2025-08-21T15:55:38.1825419Z   DATA_DIR: /tmp/awa-data
2025-08-21T15:55:38.1825622Z   ENABLE_LIVE: 0
2025-08-21T15:55:38.1825797Z   TESTING: 1
2025-08-21T15:55:38.1826029Z   pythonLocation: /opt/hostedtoolcache/Python/3.12.11/x64
2025-08-21T15:55:38.1826424Z   PKG_CONFIG_PATH: /opt/hostedtoolcache/Python/3.12.11/x64/lib/pkgconfig
2025-08-21T15:55:38.1826808Z   Python_ROOT_DIR: /opt/hostedtoolcache/Python/3.12.11/x64
2025-08-21T15:55:38.1827148Z   Python2_ROOT_DIR: /opt/hostedtoolcache/Python/3.12.11/x64
2025-08-21T15:55:38.1827499Z   Python3_ROOT_DIR: /opt/hostedtoolcache/Python/3.12.11/x64
2025-08-21T15:55:38.1827854Z   LD_LIBRARY_PATH: /opt/hostedtoolcache/Python/3.12.11/x64/lib
2025-08-21T15:55:38.1828149Z ##[endgroup]
2025-08-21T15:55:39.6163758Z WARNING:services.api.errors:{"status_code": 401, "detail": "Not authenticated", "event": "http_error", "request_id": "51220fd6c9b0433a8a346ffc2435c412", "level": "warning", "timestamp": "2025-08-21T15:55:39.615883Z"}
2025-08-21T15:55:39.6167567Z INFO:httpx:HTTP Request: GET http://testserver/roi-review "HTTP/1.1 401 Unauthorized"
2025-08-21T15:55:39.8548271Z ##[group]Run alembic -c services/api/alembic.ini downgrade base
2025-08-21T15:55:39.8548719Z [36;1malembic -c services/api/alembic.ini downgrade base[0m
2025-08-21T15:55:39.8588776Z shell: /usr/bin/bash -e {0}
2025-08-21T15:55:39.8588994Z env:
2025-08-21T15:55:39.8589202Z   REDIS_URL: redis://localhost:6379/0
2025-08-21T15:55:39.8589463Z   RATE_LIMIT_DEFAULT: 100/minute
2025-08-21T15:55:39.8589684Z   TRUST_X_FORWARDED: 1
2025-08-21T15:55:39.8590110Z   PG_USER: postgres
2025-08-21T15:55:39.8590313Z   PG_PASSWORD: pass
2025-08-21T15:55:39.8590496Z   PG_DATABASE: awa
2025-08-21T15:55:39.8590679Z   PG_HOST: localhost
2025-08-21T15:55:39.8590862Z   PG_PORT: 5432
2025-08-21T15:55:39.8591317Z   PG_SYNC_DSN: ***localhost:5432/awa
2025-08-21T15:55:39.8591743Z   PG_ASYNC_DSN: ***localhost:5432/awa
2025-08-21T15:55:39.8592126Z   DATABASE_URL: ***localhost:5432/awa
2025-08-21T15:55:39.8592369Z   DATA_DIR: /tmp/awa-data
2025-08-21T15:55:39.8592570Z   ENABLE_LIVE: 0
2025-08-21T15:55:39.8592778Z   TESTING: 1
2025-08-21T15:55:39.8593011Z   pythonLocation: /opt/hostedtoolcache/Python/3.12.11/x64
2025-08-21T15:55:39.8593395Z   PKG_CONFIG_PATH: /opt/hostedtoolcache/Python/3.12.11/x64/lib/pkgconfig
2025-08-21T15:55:39.8593797Z   Python_ROOT_DIR: /opt/hostedtoolcache/Python/3.12.11/x64
2025-08-21T15:55:39.8594143Z   Python2_ROOT_DIR: /opt/hostedtoolcache/Python/3.12.11/x64
2025-08-21T15:55:39.8594484Z   Python3_ROOT_DIR: /opt/hostedtoolcache/Python/3.12.11/x64
2025-08-21T15:55:39.8594826Z   LD_LIBRARY_PATH: /opt/hostedtoolcache/Python/3.12.11/x64/lib
2025-08-21T15:55:39.8595112Z ##[endgroup]
2025-08-21T15:55:40.3334929Z INFO  [alembic.runtime.migration] Context impl PostgresqlImpl.
2025-08-21T15:55:40.3335406Z INFO  [alembic.runtime.migration] Will assume transactional DDL.
2025-08-21T15:55:40.3424546Z INFO  [alembic.runtime.migration] Running downgrade 0026_amazon_new_reports -> 0025_pr4_indexes_loadlog
2025-08-21T15:55:40.3517399Z INFO  [alembic.runtime.migration] Running downgrade 0025_pr4_indexes_loadlog -> 0024_create_buybox
2025-08-21T15:55:40.3562413Z INFO  [alembic.runtime.migration] Running downgrade 0024_create_buybox -> 0023_add_storage_fee
2025-08-21T15:55:40.3574772Z INFO  [alembic.runtime.migration] Running downgrade 0023_add_storage_fee -> 0022_fix_roi_view
2025-08-21T15:55:40.3735367Z INFO  [alembic.runtime.migration] Running downgrade 0022_fix_roi_view -> 0020_unified_schema
2025-08-21T15:55:40.3760559Z INFO  [alembic.runtime.migration] Running downgrade 0020_unified_schema -> 0006_fix_roi_views
2025-08-21T15:55:40.3798062Z INFO  [alembic.runtime.migration] Running downgrade 0006_fix_roi_views -> 0004_fee_cron
2025-08-21T15:55:40.3810703Z INFO  [alembic.runtime.migration] Running downgrade 0004_fee_cron -> 0003_vendor_prices
2025-08-21T15:55:40.3888508Z INFO  [alembic.runtime.migration] Running downgrade 0003_vendor_prices -> 3e9d5c5aff2c
2025-08-21T15:55:40.3930667Z INFO  [alembic.runtime.migration] Running downgrade 3e9d5c5aff2c -> 0002_create_roi_view
2025-08-21T15:55:40.3983572Z INFO  [alembic.runtime.migration] Running downgrade 0002_create_roi_view -> 0001_baseline
2025-08-21T15:55:40.3993521Z INFO  [alembic.runtime.migration] Running downgrade 0001_baseline -> 
2025-08-21T15:55:40.4893302Z ##[group]Run test "$(alembic -c services/api/alembic.ini heads | wc -l)" -eq 1
2025-08-21T15:55:40.4894139Z [36;1mtest "$(alembic -c services/api/alembic.ini heads | wc -l)" -eq 1[0m
2025-08-21T15:55:40.4952873Z shell: /usr/bin/bash -e {0}
2025-08-21T15:55:40.4953261Z env:
2025-08-21T15:55:40.4953649Z   REDIS_URL: redis://localhost:6379/0
2025-08-21T15:55:40.4954134Z   RATE_LIMIT_DEFAULT: 100/minute
2025-08-21T15:55:40.4954563Z   TRUST_X_FORWARDED: 1
2025-08-21T15:55:40.4954899Z   PG_USER: postgres
2025-08-21T15:55:40.4955211Z   PG_PASSWORD: pass
2025-08-21T15:55:40.4955424Z   PG_DATABASE: awa
2025-08-21T15:55:40.4955613Z   PG_HOST: localhost
2025-08-21T15:55:40.4955852Z   PG_PORT: 5432
2025-08-21T15:55:40.4956392Z   PG_SYNC_DSN: ***localhost:5432/awa
2025-08-21T15:55:40.4956815Z   PG_ASYNC_DSN: ***localhost:5432/awa
2025-08-21T15:55:40.4957196Z   DATABASE_URL: ***localhost:5432/awa
2025-08-21T15:55:40.4957426Z   DATA_DIR: /tmp/awa-data
2025-08-21T15:55:40.4957652Z   ENABLE_LIVE: 0
2025-08-21T15:55:40.4957826Z   TESTING: 1
2025-08-21T15:55:40.4958061Z   pythonLocation: /opt/hostedtoolcache/Python/3.12.11/x64
2025-08-21T15:55:40.4970252Z   PKG_CONFIG_PATH: /opt/hostedtoolcache/Python/3.12.11/x64/lib/pkgconfig
2025-08-21T15:55:40.4970783Z   Python_ROOT_DIR: /opt/hostedtoolcache/Python/3.12.11/x64
2025-08-21T15:55:40.4971440Z   Python2_ROOT_DIR: /opt/hostedtoolcache/Python/3.12.11/x64
2025-08-21T15:55:40.4972081Z   Python3_ROOT_DIR: /opt/hostedtoolcache/Python/3.12.11/x64
2025-08-21T15:55:40.4972723Z   LD_LIBRARY_PATH: /opt/hostedtoolcache/Python/3.12.11/x64/lib
2025-08-21T15:55:40.4973296Z ##[endgroup]
2025-08-21T15:55:40.8690936Z ##[group]Run pytest tests/migrations/test_migration_roundtrip.py -q -m integration
2025-08-21T15:55:40.8691542Z [36;1mpytest tests/migrations/test_migration_roundtrip.py -q -m integration[0m
2025-08-21T15:55:40.8732580Z shell: /usr/bin/bash -e {0}
2025-08-21T15:55:40.8732813Z env:
2025-08-21T15:55:40.8733007Z   REDIS_URL: redis://localhost:6379/0
2025-08-21T15:55:40.8733275Z   RATE_LIMIT_DEFAULT: 100/minute
2025-08-21T15:55:40.8733492Z   TRUST_X_FORWARDED: 1
2025-08-21T15:55:40.8733679Z   PG_USER: postgres
2025-08-21T15:55:40.8733869Z   PG_PASSWORD: pass
2025-08-21T15:55:40.8734051Z   PG_DATABASE: awa
2025-08-21T15:55:40.8734230Z   PG_HOST: localhost
2025-08-21T15:55:40.8734411Z   PG_PORT: 5432
2025-08-21T15:55:40.8734834Z   PG_SYNC_DSN: ***localhost:5432/awa
2025-08-21T15:55:40.8735287Z   PG_ASYNC_DSN: ***localhost:5432/awa
2025-08-21T15:55:40.8735663Z   DATABASE_URL: ***localhost:5432/awa
2025-08-21T15:55:40.8735893Z   DATA_DIR: /tmp/awa-data
2025-08-21T15:55:40.8736128Z   ENABLE_LIVE: 0
2025-08-21T15:55:40.8736302Z   TESTING: 1
2025-08-21T15:55:40.8736545Z   pythonLocation: /opt/hostedtoolcache/Python/3.12.11/x64
2025-08-21T15:55:40.8736941Z   PKG_CONFIG_PATH: /opt/hostedtoolcache/Python/3.12.11/x64/lib/pkgconfig
2025-08-21T15:55:40.8737325Z   Python_ROOT_DIR: /opt/hostedtoolcache/Python/3.12.11/x64
2025-08-21T15:55:40.8737663Z   Python2_ROOT_DIR: /opt/hostedtoolcache/Python/3.12.11/x64
2025-08-21T15:55:40.8738006Z   Python3_ROOT_DIR: /opt/hostedtoolcache/Python/3.12.11/x64
2025-08-21T15:55:40.8738350Z   LD_LIBRARY_PATH: /opt/hostedtoolcache/Python/3.12.11/x64/lib
2025-08-21T15:55:40.8738628Z ##[endgroup]
2025-08-21T15:55:42.5651704Z /opt/hostedtoolcache/Python/3.12.11/x64/lib/python3.12/site-packages/coverage/control.py:943: CoverageWarning: No data was collected. (no-data-collected)
2025-08-21T15:55:42.5652966Z   self._warn("No data was collected.", slug="no-data-collected")
2025-08-21T15:55:42.7751550Z s                                                                        [100%]
2025-08-21T15:55:42.7752081Z ================================ tests coverage ================================
2025-08-21T15:55:42.7753182Z _______________ coverage: platform linux, python 3.12.11-final-0 _______________
2025-08-21T15:55:42.7753685Z 
2025-08-21T15:55:42.7753865Z Coverage XML written to file coverage.xml
2025-08-21T15:55:42.9314956Z Post job cleanup.
2025-08-21T15:55:43.0817595Z Cache hit occurred on the primary key setup-python-Linux-x64-24.04-Ubuntu-python-3.12.11-pip-cc13ccef493b9f3a93ad5651164d9fb09282c1111f6f72ce20e0657de16de6b4, not saving cache.
2025-08-21T15:55:43.0912129Z Post job cleanup.
2025-08-21T15:55:43.1669100Z [command]/usr/bin/git version
2025-08-21T15:55:43.1705515Z git version 2.51.0
2025-08-21T15:55:43.1773477Z Temporarily overriding HOME='/home/runner/work/_temp/59f7d415-cf49-4c26-ae1e-77ba9dbb99e5' before making global git config changes
2025-08-21T15:55:43.1774433Z Adding repository directory to the temporary git global config as a safe directory
2025-08-21T15:55:43.1779013Z [command]/usr/bin/git config --global --add safe.directory /home/runner/work/AWA-App/AWA-App
2025-08-21T15:55:43.1817119Z [command]/usr/bin/git config --local --name-only --get-regexp core\.sshCommand
2025-08-21T15:55:43.1851146Z [command]/usr/bin/git submodule foreach --recursive sh -c "git config --local --name-only --get-regexp 'core\.sshCommand' && git config --local --unset-all 'core.sshCommand' || :"
2025-08-21T15:55:43.2080361Z [command]/usr/bin/git config --local --name-only --get-regexp http\.https\:\/\/github\.com\/\.extraheader
2025-08-21T15:55:43.2104483Z http.https://github.com/.extraheader
2025-08-21T15:55:43.2114668Z [command]/usr/bin/git config --local --unset-all http.https://github.com/.extraheader
2025-08-21T15:55:43.2146300Z [command]/usr/bin/git submodule foreach --recursive sh -c "git config --local --name-only --get-regexp 'http\.https\:\/\/github\.com\/\.extraheader' && git config --local --unset-all 'http.https://github.com/.extraheader' || :"
2025-08-21T15:55:43.2466161Z Print service container logs: 49d97c0360ae464992d554d783ba7009_postgres15_809821
2025-08-21T15:55:43.2471243Z ##[command]/usr/bin/docker logs --details c31aeaa3fd36b6212f67d96a22cea405d4965b7c24cba2c55695ccad5162bc48
2025-08-21T15:55:43.2602789Z  initdb: warning: enabling "trust" authentication for local connections
2025-08-21T15:55:43.2603493Z  initdb: hint: You can change this by editing pg_hba.conf or using the option -A, or --auth-local and --auth-host, the next time you run initdb.
2025-08-21T15:55:43.2604123Z  The files belonging to this database system will be owned by user "postgres".
2025-08-21T15:55:43.2604830Z  2025-08-21 15:54:50.061 UTC [1] LOG:  starting PostgreSQL 15.14 (Debian 15.14-1.pgdg13+1) on x86_64-pc-linux-gnu, compiled by gcc (Debian 14.2.0-19) 14.2.0, 64-bit
2025-08-21T15:55:43.2605434Z  2025-08-21 15:54:50.061 UTC [1] LOG:  listening on IPv4 address "0.0.0.0", port 5432
2025-08-21T15:55:43.2605894Z  2025-08-21 15:54:50.061 UTC [1] LOG:  listening on IPv6 address "::", port 5432
2025-08-21T15:55:43.2606360Z  2025-08-21 15:54:50.062 UTC [1] LOG:  listening on Unix socket "/var/run/postgresql/.s.PGSQL.5432"
2025-08-21T15:55:43.2606853Z  2025-08-21 15:54:50.065 UTC [64] LOG:  database system was shut down at 2025-08-21 15:54:49 UTC
2025-08-21T15:55:43.2607288Z  2025-08-21 15:54:50.069 UTC [1] LOG:  database system is ready to accept connections
2025-08-21T15:55:43.2607636Z  This user must also own the server process.
2025-08-21T15:55:43.2607880Z  
2025-08-21T15:55:43.2608126Z  The database cluster will be initialized with locale "en_US.utf8".
2025-08-21T15:55:43.2608516Z  The default database encoding has accordingly been set to "UTF8".
2025-08-21T15:55:43.2608895Z  The default text search configuration will be set to "english".
2025-08-21T15:55:43.2609181Z  
2025-08-21T15:55:43.2609345Z  Data page checksums are disabled.
2025-08-21T15:55:43.2609551Z  
2025-08-21T15:55:43.2609810Z  fixing permissions on existing directory /var/lib/postgresql/data ... ok
2025-08-21T15:55:43.2610456Z  creating subdirectories ... ok
2025-08-21T15:55:43.2610744Z  selecting dynamic shared memory implementation ... posix
2025-08-21T15:55:43.2611345Z  selecting default max_connections ... 100
2025-08-21T15:55:43.2611613Z  selecting default shared_buffers ... 128MB
2025-08-21T15:55:43.2611873Z  selecting default time zone ... Etc/UTC
2025-08-21T15:55:43.2612120Z  creating configuration files ... ok
2025-08-21T15:55:43.2612358Z  running bootstrap script ... ok
2025-08-21T15:55:43.2612629Z  performing post-bootstrap initialization ... ok
2025-08-21T15:55:43.2612900Z  syncing data to disk ... ok
2025-08-21T15:55:43.2613102Z  
2025-08-21T15:55:43.2613239Z  
2025-08-21T15:55:43.2613439Z  Success. You can now start the database server using:
2025-08-21T15:55:43.2613704Z  
2025-08-21T15:55:43.2614186Z      pg_ctl -D /var/lib/postgresql/data -l logfile start
2025-08-21T15:55:43.2614628Z  
2025-08-21T15:55:43.2615522Z  waiting for server to start....2025-08-21 15:54:49.703 UTC [48] LOG:  starting PostgreSQL 15.14 (Debian 15.14-1.pgdg13+1) on x86_64-pc-linux-gnu, compiled by gcc (Debian 14.2.0-19) 14.2.0, 64-bit
2025-08-21T15:55:43.2616383Z  2025-08-21 15:54:49.704 UTC [48] LOG:  listening on Unix socket "/var/run/postgresql/.s.PGSQL.5432"
2025-08-21T15:55:43.2616861Z  2025-08-21 15:54:49.708 UTC [51] LOG:  database system was shut down at 2025-08-21 15:54:49 UTC
2025-08-21T15:55:43.2617300Z  2025-08-21 15:54:49.712 UTC [48] LOG:  database system is ready to accept connections
2025-08-21T15:55:43.2617613Z   done
2025-08-21T15:55:43.2617779Z  server started
2025-08-21T15:55:43.2617956Z  CREATE DATABASE
2025-08-21T15:55:43.2618126Z  
2025-08-21T15:55:43.2618263Z  
2025-08-21T15:55:43.2618552Z  /usr/local/bin/docker-entrypoint.sh: ignoring /docker-entrypoint-initdb.d/*
2025-08-21T15:55:43.2618905Z  
2025-08-21T15:55:43.2619117Z  2025-08-21 15:54:49.941 UTC [48] LOG:  received fast shutdown request
2025-08-21T15:55:43.2619795Z  waiting for server to shut down....2025-08-21 15:54:49.942 UTC [48] LOG:  aborting any active transactions
2025-08-21T15:55:43.2620647Z  2025-08-21 15:54:49.943 UTC [48] LOG:  background worker "logical replication launcher" (PID 54) exited with exit code 1
2025-08-21T15:55:43.2621122Z  2025-08-21 15:54:49.944 UTC [49] LOG:  shutting down
2025-08-21T15:55:43.2621461Z  2025-08-21 15:54:49.944 UTC [49] LOG:  checkpoint starting: shutdown immediate
2025-08-21T15:55:43.2622274Z  2025-08-21 15:54:49.967 UTC [49] LOG:  checkpoint complete: wrote 922 buffers (5.6%); 0 WAL file(s) added, 0 removed, 0 recycled; write=0.020 s, sync=0.001 s, total=0.024 s; sync files=301, longest=0.001 s, average=0.001 s; distance=4239 kB, estimate=4239 kB
2025-08-21T15:55:43.2623081Z  2025-08-21 15:54:49.975 UTC [48] LOG:  database system is shut down
2025-08-21T15:55:43.2623361Z   done
2025-08-21T15:55:43.2623521Z  server stopped
2025-08-21T15:55:43.2623690Z  
2025-08-21T15:55:43.2623898Z  PostgreSQL init process complete; ready for start up.
2025-08-21T15:55:43.2624173Z  
2025-08-21T15:55:43.2629617Z Stop and remove container: 49d97c0360ae464992d554d783ba7009_postgres15_809821
2025-08-21T15:55:43.2634966Z ##[command]/usr/bin/docker rm --force c31aeaa3fd36b6212f67d96a22cea405d4965b7c24cba2c55695ccad5162bc48
2025-08-21T15:55:44.4374527Z c31aeaa3fd36b6212f67d96a22cea405d4965b7c24cba2c55695ccad5162bc48
2025-08-21T15:55:44.4395878Z Print service container logs: 849e500e0c9d4374be33214e56f0675e_redis7alpine_8a361d
2025-08-21T15:55:44.4396945Z ##[command]/usr/bin/docker logs --details 96f89811eb8abfda80753bfa98e15ad14fcc90917efa59daa4a9ea0454421c08
2025-08-21T15:55:44.4518656Z  1:C 21 Aug 2025 15:54:50.136 # WARNING Memory overcommit must be enabled! Without it, a background save or replication may fail under low memory condition. Being disabled, it can also cause failures without low memory condition, see https://github.com/jemalloc/jemalloc/issues/1328. To fix this issue add 'vm.overcommit_memory = 1' to /etc/sysctl.conf and then reboot or run the command 'sysctl vm.overcommit_memory=1' for this to take effect.
2025-08-21T15:55:44.4521381Z  1:C 21 Aug 2025 15:54:50.136 * oO0OoO0OoO0Oo Redis is starting oO0OoO0OoO0Oo
2025-08-21T15:55:44.4522449Z  1:C 21 Aug 2025 15:54:50.136 * Redis version=7.4.5, bits=64, commit=00000000, modified=0, pid=1, just started
2025-08-21T15:55:44.4523593Z  1:C 21 Aug 2025 15:54:50.136 # Warning: no config file specified, using the default config. In order to specify a config file use redis-server /path/to/redis.conf
2025-08-21T15:55:44.4524531Z  1:M 21 Aug 2025 15:54:50.136 * monotonic clock: POSIX clock_gettime
2025-08-21T15:55:44.4525100Z  1:M 21 Aug 2025 15:54:50.137 * Running mode=standalone, port=6379.
2025-08-21T15:55:44.4525613Z  1:M 21 Aug 2025 15:54:50.137 * Server initialized
2025-08-21T15:55:44.4526113Z  1:M 21 Aug 2025 15:54:50.137 * Ready to accept connections tcp
2025-08-21T15:55:44.4533253Z Stop and remove container: 849e500e0c9d4374be33214e56f0675e_redis7alpine_8a361d
2025-08-21T15:55:44.4534058Z ##[command]/usr/bin/docker rm --force 96f89811eb8abfda80753bfa98e15ad14fcc90917efa59daa4a9ea0454421c08
2025-08-21T15:55:44.5665099Z 96f89811eb8abfda80753bfa98e15ad14fcc90917efa59daa4a9ea0454421c08
2025-08-21T15:55:44.5690565Z Remove container network: github_network_7274d460212a4729b366033058a9f4b6
2025-08-21T15:55:44.5695272Z ##[command]/usr/bin/docker network rm github_network_7274d460212a4729b366033058a9f4b6
2025-08-21T15:55:44.6848879Z github_network_7274d460212a4729b366033058a9f4b6
2025-08-21T15:55:44.6908154Z Cleaning up orphan processes
