2025-08-18T23:51:33.1250874Z Current runner version: '2.327.1'
2025-08-18T23:51:33.1284133Z ##[group]Runner Image Provisioner
2025-08-18T23:51:33.1285291Z Hosted Compute Agent
2025-08-18T23:51:33.1286058Z Version: 20250818.377
2025-08-18T23:51:33.1287163Z Commit: 3c593e9f75fe0b87e893bca80d6e12ba089c61fc
2025-08-18T23:51:33.1288300Z Build Date: 2025-08-18T14:52:18Z
2025-08-18T23:51:33.1289184Z ##[endgroup]
2025-08-18T23:51:33.1290069Z ##[group]Operating System
2025-08-18T23:51:33.1290998Z Ubuntu
2025-08-18T23:51:33.1291903Z 24.04.2
2025-08-18T23:51:33.1292694Z LTS
2025-08-18T23:51:33.1293490Z ##[endgroup]
2025-08-18T23:51:33.1294229Z ##[group]Runner Image
2025-08-18T23:51:33.1295191Z Image: ubuntu-24.04
2025-08-18T23:51:33.1295927Z Version: 20250810.1.0
2025-08-18T23:51:33.1297603Z Included Software: https://github.com/actions/runner-images/blob/ubuntu24/20250810.1/images/ubuntu/Ubuntu2404-Readme.md
2025-08-18T23:51:33.1300443Z Image Release: https://github.com/actions/runner-images/releases/tag/ubuntu24%2F20250810.1
2025-08-18T23:51:33.1302864Z ##[endgroup]
2025-08-18T23:51:33.1307014Z ##[group]GITHUB_TOKEN Permissions
2025-08-18T23:51:33.1310144Z Actions: write
2025-08-18T23:51:33.1310981Z Attestations: write
2025-08-18T23:51:33.1312021Z Checks: write
2025-08-18T23:51:33.1312814Z Contents: write
2025-08-18T23:51:33.1313641Z Deployments: write
2025-08-18T23:51:33.1314445Z Discussions: write
2025-08-18T23:51:33.1315354Z Issues: write
2025-08-18T23:51:33.1316117Z Metadata: read
2025-08-18T23:51:33.1316828Z Models: read
2025-08-18T23:51:33.1317733Z Packages: write
2025-08-18T23:51:33.1318525Z Pages: write
2025-08-18T23:51:33.1319293Z PullRequests: write
2025-08-18T23:51:33.1320132Z RepositoryProjects: write
2025-08-18T23:51:33.1321106Z SecurityEvents: write
2025-08-18T23:51:33.1322341Z Statuses: write
2025-08-18T23:51:33.1323136Z ##[endgroup]
2025-08-18T23:51:33.1326518Z Secret source: Actions
2025-08-18T23:51:33.1328012Z Prepare workflow directory
2025-08-18T23:51:33.1941175Z Prepare all required actions
2025-08-18T23:51:33.1995028Z Getting action download info
2025-08-18T23:51:33.5099018Z Download action repository 'actions/checkout@v4' (SHA:08eba0b27e820071cde6df949e0beb9ba4906955)
2025-08-18T23:51:33.7512156Z Download action repository 'actions/setup-python@v5' (SHA:a26af69be951a213d495a4c3e4e4022e16d87065)
2025-08-18T23:51:34.1526851Z Complete job name: migrations-check
2025-08-18T23:51:34.2047111Z ##[group]Checking docker version
2025-08-18T23:51:34.2059954Z ##[command]/usr/bin/docker version --format '{{.Server.APIVersion}}'
2025-08-18T23:51:35.4326631Z '1.48'
2025-08-18T23:51:35.4339578Z Docker daemon API version: '1.48'
2025-08-18T23:51:35.4340100Z ##[command]/usr/bin/docker version --format '{{.Client.APIVersion}}'
2025-08-18T23:51:35.4551596Z '1.48'
2025-08-18T23:51:35.4565787Z Docker client API version: '1.48'
2025-08-18T23:51:35.4572243Z ##[endgroup]
2025-08-18T23:51:35.4575064Z ##[group]Clean up resources from previous jobs
2025-08-18T23:51:35.4580076Z ##[command]/usr/bin/docker ps --all --quiet --no-trunc --filter "label=fd7d86"
2025-08-18T23:51:35.4732981Z ##[command]/usr/bin/docker network prune --force --filter "label=fd7d86"
2025-08-18T23:51:35.4862866Z ##[endgroup]
2025-08-18T23:51:35.4863222Z ##[group]Create local container network
2025-08-18T23:51:35.4873557Z ##[command]/usr/bin/docker network create --label fd7d86 github_network_e7d970035ec340c58495442405873651
2025-08-18T23:51:35.5378247Z 2d017152ad79401a5d49bb12f0b069cd19bca167a0905596cd5775781568c0c8
2025-08-18T23:51:35.5396377Z ##[endgroup]
2025-08-18T23:51:35.5419797Z ##[group]Starting postgres service container
2025-08-18T23:51:35.5439796Z ##[command]/usr/bin/docker pull postgres:15
2025-08-18T23:51:35.7499334Z 15: Pulling from library/postgres
2025-08-18T23:51:35.7979380Z 396b1da7636e: Pulling fs layer
2025-08-18T23:51:35.7980427Z fca2566eba32: Pulling fs layer
2025-08-18T23:51:35.7981197Z 631fe8c6d606: Pulling fs layer
2025-08-18T23:51:35.7984232Z 77c7671c4414: Pulling fs layer
2025-08-18T23:51:35.7984740Z 2d9e29180a27: Pulling fs layer
2025-08-18T23:51:35.7985209Z c6bcc2c9a041: Pulling fs layer
2025-08-18T23:51:35.7986039Z ac4b721eb66f: Pulling fs layer
2025-08-18T23:51:35.7986325Z 606bd164980e: Pulling fs layer
2025-08-18T23:51:35.7986617Z f5dfd246bc6e: Pulling fs layer
2025-08-18T23:51:35.7986941Z ba7036bb0a60: Pulling fs layer
2025-08-18T23:51:35.7987234Z 799f859abbbd: Pulling fs layer
2025-08-18T23:51:35.7987500Z d903e777080c: Pulling fs layer
2025-08-18T23:51:35.7987761Z 04adcb462801: Pulling fs layer
2025-08-18T23:51:35.7988022Z 5c10925b29ff: Pulling fs layer
2025-08-18T23:51:35.7988281Z 606bd164980e: Waiting
2025-08-18T23:51:35.7988514Z f5dfd246bc6e: Waiting
2025-08-18T23:51:35.7988740Z ba7036bb0a60: Waiting
2025-08-18T23:51:35.7988952Z 799f859abbbd: Waiting
2025-08-18T23:51:35.7989174Z 04adcb462801: Waiting
2025-08-18T23:51:35.7989397Z 5c10925b29ff: Waiting
2025-08-18T23:51:35.7989610Z d903e777080c: Waiting
2025-08-18T23:51:35.7989828Z 77c7671c4414: Waiting
2025-08-18T23:51:35.7990038Z 2d9e29180a27: Waiting
2025-08-18T23:51:35.7990256Z c6bcc2c9a041: Waiting
2025-08-18T23:51:35.7990477Z ac4b721eb66f: Waiting
2025-08-18T23:51:35.8782957Z fca2566eba32: Verifying Checksum
2025-08-18T23:51:35.8783541Z fca2566eba32: Download complete
2025-08-18T23:51:35.9289316Z 631fe8c6d606: Verifying Checksum
2025-08-18T23:51:35.9292051Z 631fe8c6d606: Download complete
2025-08-18T23:51:35.9549345Z 77c7671c4414: Verifying Checksum
2025-08-18T23:51:35.9549936Z 77c7671c4414: Download complete
2025-08-18T23:51:36.0115149Z c6bcc2c9a041: Verifying Checksum
2025-08-18T23:51:36.0115811Z c6bcc2c9a041: Download complete
2025-08-18T23:51:36.0652766Z ac4b721eb66f: Verifying Checksum
2025-08-18T23:51:36.0655728Z ac4b721eb66f: Download complete
2025-08-18T23:51:36.0670283Z 2d9e29180a27: Verifying Checksum
2025-08-18T23:51:36.1528137Z 2d9e29180a27: Download complete
2025-08-18T23:51:36.1528679Z 606bd164980e: Verifying Checksum
2025-08-18T23:51:36.1529542Z 606bd164980e: Download complete
2025-08-18T23:51:36.2003420Z 396b1da7636e: Verifying Checksum
2025-08-18T23:51:36.2005792Z 396b1da7636e: Download complete
2025-08-18T23:51:36.2299664Z ba7036bb0a60: Verifying Checksum
2025-08-18T23:51:36.2300187Z ba7036bb0a60: Download complete
2025-08-18T23:51:36.2515535Z 799f859abbbd: Verifying Checksum
2025-08-18T23:51:36.2851229Z 799f859abbbd: Download complete
2025-08-18T23:51:36.2854886Z d903e777080c: Verifying Checksum
2025-08-18T23:51:36.2855793Z d903e777080c: Download complete
2025-08-18T23:51:36.3219188Z 04adcb462801: Verifying Checksum
2025-08-18T23:51:36.3219899Z 04adcb462801: Download complete
2025-08-18T23:51:36.3537991Z 5c10925b29ff: Verifying Checksum
2025-08-18T23:51:36.3538479Z 5c10925b29ff: Download complete
2025-08-18T23:51:37.1914495Z 396b1da7636e: Pull complete
2025-08-18T23:51:37.4357097Z f5dfd246bc6e: Verifying Checksum
2025-08-18T23:51:37.4357594Z f5dfd246bc6e: Download complete
2025-08-18T23:51:38.2634067Z fca2566eba32: Pull complete
2025-08-18T23:51:38.4379171Z 631fe8c6d606: Pull complete
2025-08-18T23:51:38.4814551Z 77c7671c4414: Pull complete
2025-08-18T23:51:38.7752962Z 2d9e29180a27: Pull complete
2025-08-18T23:51:38.8790269Z c6bcc2c9a041: Pull complete
2025-08-18T23:51:38.8876249Z ac4b721eb66f: Pull complete
2025-08-18T23:51:38.8987102Z 606bd164980e: Pull complete
2025-08-18T23:51:41.8172801Z f5dfd246bc6e: Pull complete
2025-08-18T23:51:41.8326830Z ba7036bb0a60: Pull complete
2025-08-18T23:51:41.8432136Z 799f859abbbd: Pull complete
2025-08-18T23:51:41.8537140Z d903e777080c: Pull complete
2025-08-18T23:51:41.8662846Z 04adcb462801: Pull complete
2025-08-18T23:51:41.8769744Z 5c10925b29ff: Pull complete
2025-08-18T23:51:41.8811782Z Digest: sha256:bc51cf4f1fe02cce7ed2370b20128a9b00b4eb804573a77d2a0d877aaa9c82b1
2025-08-18T23:51:41.8824745Z Status: Downloaded newer image for postgres:15
2025-08-18T23:51:41.8835641Z docker.io/library/postgres:15
2025-08-18T23:51:41.8897308Z ##[command]/usr/bin/docker create --name 071bbe61d7fd4beab41dc3cc8003ddab_postgres15_55be79 --label fd7d86 --network github_network_e7d970035ec340c58495442405873651 --network-alias postgres -p 5432:5432 --health-cmd="pg_isready -U postgres -d awa" --health-interval=5s --health-timeout=5s --health-retries=10 -e "POSTGRES_USER=postgres" -e "POSTGRES_PASSWORD=pass" -e "POSTGRES_DB=awa" -e GITHUB_ACTIONS=true -e CI=true postgres:15
2025-08-18T23:51:41.9164577Z 76bae95250e17cf8e87223552aebe9ec3b672b9fcc39b9c74369c1914059ad7d
2025-08-18T23:51:41.9188383Z ##[command]/usr/bin/docker start 76bae95250e17cf8e87223552aebe9ec3b672b9fcc39b9c74369c1914059ad7d
2025-08-18T23:51:42.3518482Z 76bae95250e17cf8e87223552aebe9ec3b672b9fcc39b9c74369c1914059ad7d
2025-08-18T23:51:42.3542522Z ##[command]/usr/bin/docker ps --all --filter id=76bae95250e17cf8e87223552aebe9ec3b672b9fcc39b9c74369c1914059ad7d --filter status=running --no-trunc --format "{{.ID}} {{.Status}}"
2025-08-18T23:51:42.3673745Z 76bae95250e17cf8e87223552aebe9ec3b672b9fcc39b9c74369c1914059ad7d Up Less than a second (health: starting)
2025-08-18T23:51:42.3694989Z ##[command]/usr/bin/docker port 76bae95250e17cf8e87223552aebe9ec3b672b9fcc39b9c74369c1914059ad7d
2025-08-18T23:51:42.3837036Z 5432/tcp -> 0.0.0.0:5432
2025-08-18T23:51:42.3837499Z 5432/tcp -> [::]:5432
2025-08-18T23:51:42.3885076Z ##[endgroup]
2025-08-18T23:51:42.3885959Z ##[group]Starting redis service container
2025-08-18T23:51:42.3887035Z ##[command]/usr/bin/docker pull redis:7-alpine
2025-08-18T23:51:42.5787256Z 7-alpine: Pulling from library/redis
2025-08-18T23:51:42.6511170Z 0368fd46e3c6: Pulling fs layer
2025-08-18T23:51:42.6513620Z 4c55286bbede: Pulling fs layer
2025-08-18T23:51:42.6514271Z 5e28347af205: Pulling fs layer
2025-08-18T23:51:42.6514849Z 311eca34042e: Pulling fs layer
2025-08-18T23:51:42.6515234Z e6fe6f07e192: Pulling fs layer
2025-08-18T23:51:42.6515825Z a2cadbfeca72: Pulling fs layer
2025-08-18T23:51:42.6516197Z 4f4fb700ef54: Pulling fs layer
2025-08-18T23:51:42.6516819Z a976ed7e7808: Pulling fs layer
2025-08-18T23:51:42.6517401Z 311eca34042e: Waiting
2025-08-18T23:51:42.6517752Z a2cadbfeca72: Waiting
2025-08-18T23:51:42.6518300Z e6fe6f07e192: Waiting
2025-08-18T23:51:42.6518627Z 4f4fb700ef54: Waiting
2025-08-18T23:51:42.6519210Z a976ed7e7808: Waiting
2025-08-18T23:51:42.7230040Z 5e28347af205: Verifying Checksum
2025-08-18T23:51:42.7232670Z 5e28347af205: Download complete
2025-08-18T23:51:42.7249198Z 4c55286bbede: Verifying Checksum
2025-08-18T23:51:42.7252544Z 4c55286bbede: Download complete
2025-08-18T23:51:42.7540510Z 0368fd46e3c6: Verifying Checksum
2025-08-18T23:51:42.7543112Z 0368fd46e3c6: Download complete
2025-08-18T23:51:42.7842299Z 311eca34042e: Verifying Checksum
2025-08-18T23:51:42.7848383Z 311eca34042e: Download complete
2025-08-18T23:51:42.8099504Z a2cadbfeca72: Verifying Checksum
2025-08-18T23:51:42.8107369Z a2cadbfeca72: Download complete
2025-08-18T23:51:42.8602524Z 4f4fb700ef54: Verifying Checksum
2025-08-18T23:51:42.8603693Z 4f4fb700ef54: Download complete
2025-08-18T23:51:42.8844693Z 0368fd46e3c6: Pull complete
2025-08-18T23:51:42.9112603Z e6fe6f07e192: Verifying Checksum
2025-08-18T23:51:42.9113315Z e6fe6f07e192: Download complete
2025-08-18T23:51:42.9127088Z a976ed7e7808: Download complete
2025-08-18T23:51:42.9182342Z 4c55286bbede: Pull complete
2025-08-18T23:51:43.0823490Z 5e28347af205: Pull complete
2025-08-18T23:51:43.1107569Z 311eca34042e: Pull complete
2025-08-18T23:51:43.3107561Z e6fe6f07e192: Pull complete
2025-08-18T23:51:43.3227722Z a2cadbfeca72: Pull complete
2025-08-18T23:51:43.3353270Z 4f4fb700ef54: Pull complete
2025-08-18T23:51:43.3455777Z a976ed7e7808: Pull complete
2025-08-18T23:51:43.3494483Z Digest: sha256:bb186d083732f669da90be8b0f975a37812b15e913465bb14d845db72a4e3e08
2025-08-18T23:51:43.3504525Z Status: Downloaded newer image for redis:7-alpine
2025-08-18T23:51:43.3528752Z docker.io/library/redis:7-alpine
2025-08-18T23:51:43.3547791Z ##[command]/usr/bin/docker create --name 46f0eb5d0d4c477c91801e1039fa04c3_redis7alpine_dde549 --label fd7d86 --network github_network_e7d970035ec340c58495442405873651 --network-alias redis -p 6379:6379  -e GITHUB_ACTIONS=true -e CI=true redis:7-alpine
2025-08-18T23:51:43.3777214Z 87f6e99400670640e64287bf4ed93839e9ff4174e0ce42f4cb1a077d0ac3d565
2025-08-18T23:51:43.3792174Z ##[command]/usr/bin/docker start 87f6e99400670640e64287bf4ed93839e9ff4174e0ce42f4cb1a077d0ac3d565
2025-08-18T23:51:43.5186597Z 87f6e99400670640e64287bf4ed93839e9ff4174e0ce42f4cb1a077d0ac3d565
2025-08-18T23:51:43.5204693Z ##[command]/usr/bin/docker ps --all --filter id=87f6e99400670640e64287bf4ed93839e9ff4174e0ce42f4cb1a077d0ac3d565 --filter status=running --no-trunc --format "{{.ID}} {{.Status}}"
2025-08-18T23:51:43.5333657Z 87f6e99400670640e64287bf4ed93839e9ff4174e0ce42f4cb1a077d0ac3d565 Up Less than a second
2025-08-18T23:51:43.5347650Z ##[command]/usr/bin/docker port 87f6e99400670640e64287bf4ed93839e9ff4174e0ce42f4cb1a077d0ac3d565
2025-08-18T23:51:43.5461989Z 6379/tcp -> 0.0.0.0:6379
2025-08-18T23:51:43.5462396Z 6379/tcp -> [::]:6379
2025-08-18T23:51:43.5477061Z ##[endgroup]
2025-08-18T23:51:43.5487232Z ##[group]Waiting for all services to be ready
2025-08-18T23:51:43.5500306Z ##[command]/usr/bin/docker inspect --format="{{if .Config.Healthcheck}}{{print .State.Health.Status}}{{end}}" 76bae95250e17cf8e87223552aebe9ec3b672b9fcc39b9c74369c1914059ad7d
2025-08-18T23:51:43.5624503Z starting
2025-08-18T23:51:43.5646546Z postgres service is starting, waiting 2 seconds before checking again.
2025-08-18T23:51:45.5649201Z ##[command]/usr/bin/docker inspect --format="{{if .Config.Healthcheck}}{{print .State.Health.Status}}{{end}}" 76bae95250e17cf8e87223552aebe9ec3b672b9fcc39b9c74369c1914059ad7d
2025-08-18T23:51:45.5767071Z starting
2025-08-18T23:51:45.5782627Z postgres service is starting, waiting 3 seconds before checking again.
2025-08-18T23:51:49.4157425Z ##[command]/usr/bin/docker inspect --format="{{if .Config.Healthcheck}}{{print .State.Health.Status}}{{end}}" 76bae95250e17cf8e87223552aebe9ec3b672b9fcc39b9c74369c1914059ad7d
2025-08-18T23:51:49.4281718Z healthy
2025-08-18T23:51:49.4299648Z postgres service is healthy.
2025-08-18T23:51:49.4300472Z ##[command]/usr/bin/docker inspect --format="{{if .Config.Healthcheck}}{{print .State.Health.Status}}{{end}}" 87f6e99400670640e64287bf4ed93839e9ff4174e0ce42f4cb1a077d0ac3d565
2025-08-18T23:51:49.4428596Z redis service is healthy.
2025-08-18T23:51:49.4429249Z ##[endgroup]
2025-08-18T23:51:49.4674498Z ##[group]Run actions/checkout@v4
2025-08-18T23:51:49.4675033Z with:
2025-08-18T23:51:49.4675238Z   repository: AlexBomber12/AWA-App
2025-08-18T23:51:49.4675639Z   token: ***
2025-08-18T23:51:49.4675825Z   ssh-strict: true
2025-08-18T23:51:49.4676007Z   ssh-user: git
2025-08-18T23:51:49.4676195Z   persist-credentials: true
2025-08-18T23:51:49.4676402Z   clean: true
2025-08-18T23:51:49.4676588Z   sparse-checkout-cone-mode: true
2025-08-18T23:51:49.4676806Z   fetch-depth: 1
2025-08-18T23:51:49.4676984Z   fetch-tags: false
2025-08-18T23:51:49.4677172Z   show-progress: true
2025-08-18T23:51:49.4677356Z   lfs: false
2025-08-18T23:51:49.4677520Z   submodules: false
2025-08-18T23:51:49.4677701Z   set-safe-directory: true
2025-08-18T23:51:49.4678136Z env:
2025-08-18T23:51:49.4678340Z   REDIS_URL: redis://localhost:6379/0
2025-08-18T23:51:49.4678611Z   RATE_LIMIT_DEFAULT: 100/minute
2025-08-18T23:51:49.4678841Z   TRUST_X_FORWARDED: 1
2025-08-18T23:51:49.4679029Z ##[endgroup]
2025-08-18T23:51:49.5818723Z Syncing repository: AlexBomber12/AWA-App
2025-08-18T23:51:49.5819990Z ##[group]Getting Git version info
2025-08-18T23:51:49.5820356Z Working directory is '/home/runner/work/AWA-App/AWA-App'
2025-08-18T23:51:49.5820856Z [command]/usr/bin/git version
2025-08-18T23:51:49.5886023Z git version 2.50.1
2025-08-18T23:51:49.5912176Z ##[endgroup]
2025-08-18T23:51:49.5933478Z Temporarily overriding HOME='/home/runner/work/_temp/72af6def-753d-4786-9374-35c7c6547e8b' before making global git config changes
2025-08-18T23:51:49.5934682Z Adding repository directory to the temporary git global config as a safe directory
2025-08-18T23:51:49.5938841Z [command]/usr/bin/git config --global --add safe.directory /home/runner/work/AWA-App/AWA-App
2025-08-18T23:51:49.5975580Z Deleting the contents of '/home/runner/work/AWA-App/AWA-App'
2025-08-18T23:51:49.5979063Z ##[group]Initializing the repository
2025-08-18T23:51:49.5983218Z [command]/usr/bin/git init /home/runner/work/AWA-App/AWA-App
2025-08-18T23:51:49.6052641Z hint: Using 'master' as the name for the initial branch. This default branch name
2025-08-18T23:51:49.6053506Z hint: is subject to change. To configure the initial branch name to use in all
2025-08-18T23:51:49.6054330Z hint: of your new repositories, which will suppress this warning, call:
2025-08-18T23:51:49.6054913Z hint:
2025-08-18T23:51:49.6055321Z hint: 	git config --global init.defaultBranch <name>
2025-08-18T23:51:49.6055821Z hint:
2025-08-18T23:51:49.6056225Z hint: Names commonly chosen instead of 'master' are 'main', 'trunk' and
2025-08-18T23:51:49.6057077Z hint: 'development'. The just-created branch can be renamed via this command:
2025-08-18T23:51:49.6057612Z hint:
2025-08-18T23:51:49.6057819Z hint: 	git branch -m <name>
2025-08-18T23:51:49.6058053Z hint:
2025-08-18T23:51:49.6058401Z hint: Disable this message with "git config set advice.defaultBranchName false"
2025-08-18T23:51:49.6058978Z Initialized empty Git repository in /home/runner/work/AWA-App/AWA-App/.git/
2025-08-18T23:51:49.6067952Z [command]/usr/bin/git remote add origin https://github.com/AlexBomber12/AWA-App
2025-08-18T23:51:49.6101619Z ##[endgroup]
2025-08-18T23:51:49.6102333Z ##[group]Disabling automatic garbage collection
2025-08-18T23:51:49.6106642Z [command]/usr/bin/git config --local gc.auto 0
2025-08-18T23:51:49.6136844Z ##[endgroup]
2025-08-18T23:51:49.6137404Z ##[group]Setting up auth
2025-08-18T23:51:49.6144814Z [command]/usr/bin/git config --local --name-only --get-regexp core\.sshCommand
2025-08-18T23:51:49.6174665Z [command]/usr/bin/git submodule foreach --recursive sh -c "git config --local --name-only --get-regexp 'core\.sshCommand' && git config --local --unset-all 'core.sshCommand' || :"
2025-08-18T23:51:49.6471824Z [command]/usr/bin/git config --local --name-only --get-regexp http\.https\:\/\/github\.com\/\.extraheader
2025-08-18T23:51:49.6503186Z [command]/usr/bin/git submodule foreach --recursive sh -c "git config --local --name-only --get-regexp 'http\.https\:\/\/github\.com\/\.extraheader' && git config --local --unset-all 'http.https://github.com/.extraheader' || :"
2025-08-18T23:51:49.6729285Z [command]/usr/bin/git config --local http.https://github.com/.extraheader AUTHORIZATION: basic ***
2025-08-18T23:51:49.6765169Z ##[endgroup]
2025-08-18T23:51:49.6765796Z ##[group]Fetching the repository
2025-08-18T23:51:49.6774355Z [command]/usr/bin/git -c protocol.version=2 fetch --no-tags --prune --no-recurse-submodules --depth=1 origin +0ede8016d9ec4509d2317d7ca0b02ab0b02b1738:refs/remotes/origin/main
2025-08-18T23:51:49.9125508Z From https://github.com/AlexBomber12/AWA-App
2025-08-18T23:51:49.9126797Z  * [new ref]         0ede8016d9ec4509d2317d7ca0b02ab0b02b1738 -> origin/main
2025-08-18T23:51:49.9153323Z ##[endgroup]
2025-08-18T23:51:49.9153917Z ##[group]Determining the checkout info
2025-08-18T23:51:49.9155520Z ##[endgroup]
2025-08-18T23:51:49.9161641Z [command]/usr/bin/git sparse-checkout disable
2025-08-18T23:51:49.9203751Z [command]/usr/bin/git config --local --unset-all extensions.worktreeConfig
2025-08-18T23:51:49.9232617Z ##[group]Checking out the ref
2025-08-18T23:51:49.9237736Z [command]/usr/bin/git checkout --progress --force -B main refs/remotes/origin/main
2025-08-18T23:51:49.9567774Z Switched to a new branch 'main'
2025-08-18T23:51:49.9568484Z branch 'main' set up to track 'origin/main'.
2025-08-18T23:51:49.9576458Z ##[endgroup]
2025-08-18T23:51:49.9618847Z [command]/usr/bin/git log -1 --format=%H
2025-08-18T23:51:49.9641901Z 0ede8016d9ec4509d2317d7ca0b02ab0b02b1738
2025-08-18T23:51:49.9807158Z ##[group]Run cat .env.ci >> "$GITHUB_ENV"
2025-08-18T23:51:49.9807497Z [36;1mcat .env.ci >> "$GITHUB_ENV"[0m
2025-08-18T23:51:49.9808210Z [36;1mecho "DATABASE_URL=***localhost:5432/awa" >> "$GITHUB_ENV"[0m
2025-08-18T23:51:49.9808580Z [36;1mecho "PG_HOST=localhost" >> "$GITHUB_ENV"[0m
2025-08-18T23:51:49.9808874Z [36;1mecho "PG_PORT=5432" >> "$GITHUB_ENV"[0m
2025-08-18T23:51:49.9809157Z [36;1mecho "PG_USER=postgres" >> "$GITHUB_ENV"[0m
2025-08-18T23:51:49.9809641Z [36;1mecho "PG_PASSWORD=pass" >> "$GITHUB_ENV"[0m
2025-08-18T23:51:49.9809921Z [36;1mecho "PG_DATABASE=awa" >> "$GITHUB_ENV"[0m
2025-08-18T23:51:49.9855684Z shell: /usr/bin/bash -e {0}
2025-08-18T23:51:49.9855911Z env:
2025-08-18T23:51:49.9856115Z   REDIS_URL: redis://localhost:6379/0
2025-08-18T23:51:49.9856392Z   RATE_LIMIT_DEFAULT: 100/minute
2025-08-18T23:51:49.9856612Z   TRUST_X_FORWARDED: 1
2025-08-18T23:51:49.9856811Z ##[endgroup]
2025-08-18T23:51:50.0025530Z ##[group]Run actions/setup-python@v5
2025-08-18T23:51:50.0025783Z with:
2025-08-18T23:51:50.0025962Z   python-version: 3.12
2025-08-18T23:51:50.0026160Z   cache: pip
2025-08-18T23:51:50.0026369Z   cache-dependency-path: requirements-dev.txt
2025-08-18T23:51:50.0026628Z   check-latest: false
2025-08-18T23:51:50.0026972Z   token: ***
2025-08-18T23:51:50.0027155Z   update-environment: true
2025-08-18T23:51:50.0027365Z   allow-prereleases: false
2025-08-18T23:51:50.0027571Z   freethreaded: false
2025-08-18T23:51:50.0027762Z env:
2025-08-18T23:51:50.0027949Z   REDIS_URL: redis://localhost:6379/0
2025-08-18T23:51:50.0028188Z   RATE_LIMIT_DEFAULT: 100/minute
2025-08-18T23:51:50.0028400Z   TRUST_X_FORWARDED: 1
2025-08-18T23:51:50.0028583Z   PG_USER: postgres
2025-08-18T23:51:50.0028765Z   PG_PASSWORD: pass
2025-08-18T23:51:50.0028933Z   PG_DATABASE: awa
2025-08-18T23:51:50.0029109Z   PG_HOST: localhost
2025-08-18T23:51:50.0029290Z   PG_PORT: 5432
2025-08-18T23:51:50.0029702Z   PG_SYNC_DSN: ***localhost:5432/awa
2025-08-18T23:51:50.0030084Z   PG_ASYNC_DSN: ***localhost:5432/awa
2025-08-18T23:51:50.0030467Z   DATABASE_URL: ***localhost:5432/awa
2025-08-18T23:51:50.0030689Z   DATA_DIR: /tmp/awa-data
2025-08-18T23:51:50.0030882Z   ENABLE_LIVE: 0
2025-08-18T23:51:50.0031044Z   TESTING: 1
2025-08-18T23:51:50.0031210Z ##[endgroup]
2025-08-18T23:51:50.1711248Z ##[group]Installed versions
2025-08-18T23:51:50.2290057Z Successfully set up CPython (3.12.11)
2025-08-18T23:51:50.2290853Z ##[endgroup]
2025-08-18T23:51:50.2618549Z [command]/opt/hostedtoolcache/Python/3.12.11/x64/bin/pip cache dir
2025-08-18T23:51:51.7856665Z /home/runner/.cache/pip
2025-08-18T23:51:51.8894663Z Cache hit for: setup-python-Linux-x64-24.04-Ubuntu-python-3.12.11-pip-5e718741e550cec7917fae13efe91a31293d04a98c3c0932315e8f58598cbd2c
2025-08-18T23:51:52.9301769Z Received 239075328 of 318225224 (75.1%), 227.1 MBs/sec
2025-08-18T23:51:53.3390181Z Received 318225224 of 318225224 (100.0%), 214.8 MBs/sec
2025-08-18T23:51:53.3393110Z Cache Size: ~303 MB (318225224 B)
2025-08-18T23:51:53.3456602Z [command]/usr/bin/tar -xf /home/runner/work/_temp/a1516d21-2865-44c0-b5bf-7ec742981b6b/cache.tzst -P -C /home/runner/work/AWA-App/AWA-App --use-compress-program unzstd
2025-08-18T23:51:53.8768227Z Cache restored successfully
2025-08-18T23:51:53.9365421Z Cache restored from key: setup-python-Linux-x64-24.04-Ubuntu-python-3.12.11-pip-5e718741e550cec7917fae13efe91a31293d04a98c3c0932315e8f58598cbd2c
2025-08-18T23:51:53.9517187Z ##[group]Run pip install -r requirements-dev.txt
2025-08-18T23:51:53.9517585Z [36;1mpip install -r requirements-dev.txt[0m
2025-08-18T23:51:53.9517878Z [36;1mpip install keepa==1.3.15 minio==7.1.15[0m
2025-08-18T23:51:53.9561719Z shell: /usr/bin/bash -e {0}
2025-08-18T23:51:53.9562094Z env:
2025-08-18T23:51:53.9562414Z   REDIS_URL: redis://localhost:6379/0
2025-08-18T23:51:53.9562698Z   RATE_LIMIT_DEFAULT: 100/minute
2025-08-18T23:51:53.9562921Z   TRUST_X_FORWARDED: 1
2025-08-18T23:51:53.9563120Z   PG_USER: postgres
2025-08-18T23:51:53.9563318Z   PG_PASSWORD: pass
2025-08-18T23:51:53.9563495Z   PG_DATABASE: awa
2025-08-18T23:51:53.9563681Z   PG_HOST: localhost
2025-08-18T23:51:53.9563866Z   PG_PORT: 5432
2025-08-18T23:51:53.9564336Z   PG_SYNC_DSN: ***localhost:5432/awa
2025-08-18T23:51:53.9564804Z   PG_ASYNC_DSN: ***localhost:5432/awa
2025-08-18T23:51:53.9565177Z   DATABASE_URL: ***localhost:5432/awa
2025-08-18T23:51:53.9565407Z   DATA_DIR: /tmp/awa-data
2025-08-18T23:51:53.9565641Z   ENABLE_LIVE: 0
2025-08-18T23:51:53.9565810Z   TESTING: 1
2025-08-18T23:51:53.9566243Z   pythonLocation: /opt/hostedtoolcache/Python/3.12.11/x64
2025-08-18T23:51:53.9566650Z   PKG_CONFIG_PATH: /opt/hostedtoolcache/Python/3.12.11/x64/lib/pkgconfig
2025-08-18T23:51:53.9567035Z   Python_ROOT_DIR: /opt/hostedtoolcache/Python/3.12.11/x64
2025-08-18T23:51:53.9567385Z   Python2_ROOT_DIR: /opt/hostedtoolcache/Python/3.12.11/x64
2025-08-18T23:51:53.9567739Z   Python3_ROOT_DIR: /opt/hostedtoolcache/Python/3.12.11/x64
2025-08-18T23:51:53.9568099Z   LD_LIBRARY_PATH: /opt/hostedtoolcache/Python/3.12.11/x64/lib
2025-08-18T23:51:53.9568384Z ##[endgroup]
2025-08-18T23:51:55.3786396Z Collecting Jinja2==3.1.6 (from -r requirements-dev.txt (line 2))
2025-08-18T23:51:55.3799628Z   Using cached jinja2-3.1.6-py3-none-any.whl.metadata (2.9 kB)
2025-08-18T23:51:55.4015103Z Collecting alembic==1.13.1 (from -r requirements-dev.txt (line 3))
2025-08-18T23:51:55.4026449Z   Using cached alembic-1.13.1-py3-none-any.whl.metadata (7.4 kB)
2025-08-18T23:51:55.4180477Z Collecting apscheduler==3.10.4 (from -r requirements-dev.txt (line 4))
2025-08-18T23:51:55.4191878Z   Using cached APScheduler-3.10.4-py3-none-any.whl.metadata (5.7 kB)
2025-08-18T23:51:55.4337249Z Collecting asgi-correlation-id==4.3.1 (from -r requirements-dev.txt (line 5))
2025-08-18T23:51:55.4348341Z   Using cached asgi_correlation_id-4.3.1-py3-none-any.whl.metadata (28 kB)
2025-08-18T23:51:55.4750868Z Collecting asyncpg==0.30.0 (from -r requirements-dev.txt (line 6))
2025-08-18T23:51:55.4763828Z   Using cached asyncpg-0.30.0-cp312-cp312-manylinux_2_17_x86_64.manylinux2014_x86_64.whl.metadata (5.0 kB)
2025-08-18T23:51:55.5195574Z Collecting black==25.1.0 (from -r requirements-dev.txt (line 7))
2025-08-18T23:51:55.5208505Z   Using cached black-25.1.0-cp312-cp312-manylinux_2_17_x86_64.manylinux2014_x86_64.manylinux_2_28_x86_64.whl.metadata (81 kB)
2025-08-18T23:51:55.8794748Z Collecting boto3 (from -r requirements-dev.txt (line 8))
2025-08-18T23:51:55.9172388Z   Downloading boto3-1.40.12-py3-none-any.whl.metadata (6.7 kB)
2025-08-18T23:51:55.9507094Z Collecting redis==5.* (from -r requirements-dev.txt (line 9))
2025-08-18T23:51:55.9519348Z   Using cached redis-5.3.1-py3-none-any.whl.metadata (9.2 kB)
2025-08-18T23:51:55.9821819Z Collecting minio==7.* (from -r requirements-dev.txt (line 10))
2025-08-18T23:51:55.9833142Z   Using cached minio-7.2.16-py3-none-any.whl.metadata (6.5 kB)
2025-08-18T23:51:56.0133596Z Collecting celery==5.4.0 (from -r requirements-dev.txt (line 11))
2025-08-18T23:51:56.0144674Z   Using cached celery-5.4.0-py3-none-any.whl.metadata (21 kB)
2025-08-18T23:51:56.0721289Z Collecting fastapi==0.116.1 (from -r requirements-dev.txt (line 12))
2025-08-18T23:51:56.0734544Z   Using cached fastapi-0.116.1-py3-none-any.whl.metadata (28 kB)
2025-08-18T23:51:56.0892332Z Collecting fastapi-limiter==0.1.6 (from -r requirements-dev.txt (line 14))
2025-08-18T23:51:56.0904287Z   Using cached fastapi_limiter-0.1.6-py3-none-any.whl.metadata (5.3 kB)
2025-08-18T23:51:56.1092365Z Collecting httpx<0.29,>=0.27 (from -r requirements-dev.txt (line 15))
2025-08-18T23:51:56.1104229Z   Using cached httpx-0.28.1-py3-none-any.whl.metadata (7.1 kB)
2025-08-18T23:51:56.1224809Z Collecting imapclient==3.0.1 (from -r requirements-dev.txt (line 16))
2025-08-18T23:51:56.1236670Z   Using cached IMAPClient-3.0.1-py2.py3-none-any.whl.metadata (1.7 kB)
2025-08-18T23:51:56.1330194Z Collecting itsdangerous (from -r requirements-dev.txt (line 17))
2025-08-18T23:51:56.1342217Z   Using cached itsdangerous-2.2.0-py3-none-any.whl.metadata (1.9 kB)
2025-08-18T23:51:56.2294342Z Collecting mypy==1.* (from -r requirements-dev.txt (line 18))
2025-08-18T23:51:56.2308331Z   Using cached mypy-1.17.1-cp312-cp312-manylinux2014_x86_64.manylinux_2_17_x86_64.manylinux_2_28_x86_64.whl.metadata (2.2 kB)
2025-08-18T23:51:56.2407197Z Collecting mypy-extensions==1.1.0 (from -r requirements-dev.txt (line 19))
2025-08-18T23:51:56.2419172Z   Using cached mypy_extensions-1.1.0-py3-none-any.whl.metadata (1.1 kB)
2025-08-18T23:51:56.4262524Z Collecting numpy<2 (from -r requirements-dev.txt (line 20))
2025-08-18T23:51:56.4276469Z   Using cached numpy-1.26.4-cp312-cp312-manylinux_2_17_x86_64.manylinux2014_x86_64.whl.metadata (61 kB)
2025-08-18T23:51:56.4522760Z Collecting openpyxl==3.1.5 (from -r requirements-dev.txt (line 21))
2025-08-18T23:51:56.4534369Z   Using cached openpyxl-3.1.5-py2.py3-none-any.whl.metadata (2.5 kB)
2025-08-18T23:51:56.5561039Z Collecting pandas==2.2.* (from -r requirements-dev.txt (line 22))
2025-08-18T23:51:56.5575637Z   Using cached pandas-2.2.3-cp312-cp312-manylinux_2_17_x86_64.manylinux2014_x86_64.whl.metadata (89 kB)
2025-08-18T23:51:56.6501182Z Collecting psycopg2-binary==2.9.9 (from -r requirements-dev.txt (line 23))
2025-08-18T23:51:56.6515362Z   Using cached psycopg2_binary-2.9.9-cp312-cp312-manylinux_2_17_x86_64.manylinux2014_x86_64.whl.metadata (4.4 kB)
2025-08-18T23:51:56.6664391Z Collecting psycopg==3.2.9 (from psycopg[binary]==3.2.9->-r requirements-dev.txt (line 24))
2025-08-18T23:51:56.6676383Z   Using cached psycopg-3.2.9-py3-none-any.whl.metadata (4.5 kB)
2025-08-18T23:51:56.7750249Z Collecting pydantic==2.11.7 (from -r requirements-dev.txt (line 25))
2025-08-18T23:51:56.7764248Z   Using cached pydantic-2.11.7-py3-none-any.whl.metadata (67 kB)
2025-08-18T23:51:56.8998927Z Collecting setuptools (from -r requirements-dev.txt (line 26))
2025-08-18T23:51:56.9012596Z   Using cached setuptools-80.9.0-py3-none-any.whl.metadata (6.6 kB)
2025-08-18T23:51:56.9262749Z Collecting pytest-asyncio==0.23.6 (from -r requirements-dev.txt (line 27))
2025-08-18T23:51:56.9274835Z   Using cached pytest_asyncio-0.23.6-py3-none-any.whl.metadata (3.9 kB)
2025-08-18T23:51:56.9415305Z Collecting pytest-cov==6.2.1 (from -r requirements-dev.txt (line 28))
2025-08-18T23:51:56.9427775Z   Using cached pytest_cov-6.2.1-py3-none-any.whl.metadata (30 kB)
2025-08-18T23:51:56.9582571Z Collecting pytest-postgresql==7.0.2 (from -r requirements-dev.txt (line 29))
2025-08-18T23:51:56.9594965Z   Using cached pytest_postgresql-7.0.2-py3-none-any.whl.metadata (18 kB)
2025-08-18T23:51:56.9759236Z Collecting python-dotenv (from -r requirements-dev.txt (line 30))
2025-08-18T23:51:56.9770921Z   Using cached python_dotenv-1.1.1-py3-none-any.whl.metadata (24 kB)
2025-08-18T23:51:56.9889756Z Collecting python-multipart (from -r requirements-dev.txt (line 31))
2025-08-18T23:51:56.9901667Z   Using cached python_multipart-0.0.20-py3-none-any.whl.metadata (1.8 kB)
2025-08-18T23:51:57.0172101Z Collecting python-telegram-bot==22.2 (from -r requirements-dev.txt (line 32))
2025-08-18T23:51:57.0184073Z   Using cached python_telegram_bot-22.2-py3-none-any.whl.metadata (17 kB)
2025-08-18T23:51:57.0493717Z Collecting requests==2.32.4 (from -r requirements-dev.txt (line 33))
2025-08-18T23:51:57.0505728Z   Using cached requests-2.32.4-py3-none-any.whl.metadata (4.9 kB)
2025-08-18T23:51:57.0682642Z Collecting respx==0.22.0 (from -r requirements-dev.txt (line 34))
2025-08-18T23:51:57.0694455Z   Using cached respx-0.22.0-py2.py3-none-any.whl.metadata (4.1 kB)
2025-08-18T23:51:57.4260549Z Collecting ruff==0.4.4 (from -r requirements-dev.txt (line 35))
2025-08-18T23:51:57.4274210Z   Using cached ruff-0.4.4-py3-none-manylinux_2_17_x86_64.manylinux2014_x86_64.whl.metadata (23 kB)
2025-08-18T23:51:57.6888960Z Collecting sqlalchemy==2.0.29 (from -r requirements-dev.txt (line 36))
2025-08-18T23:51:57.6902751Z   Using cached SQLAlchemy-2.0.29-cp312-cp312-manylinux_2_17_x86_64.manylinux2014_x86_64.whl.metadata (9.6 kB)
2025-08-18T23:51:57.7110893Z Collecting structlog==24.1.0 (from -r requirements-dev.txt (line 37))
2025-08-18T23:51:57.7122830Z   Using cached structlog-24.1.0-py3-none-any.whl.metadata (6.9 kB)
2025-08-18T23:51:57.7288230Z Collecting testcontainers==4.10.0 (from testcontainers[postgres]==4.10.0->-r requirements-dev.txt (line 38))
2025-08-18T23:51:57.7299850Z   Using cached testcontainers-4.10.0-py3-none-any.whl.metadata (7.8 kB)
2025-08-18T23:51:57.7652195Z Collecting types-requests==2.32.0.20240602 (from -r requirements-dev.txt (line 39))
2025-08-18T23:51:57.7665176Z   Using cached types_requests-2.32.0.20240602-py3-none-any.whl.metadata (1.8 kB)
2025-08-18T23:51:57.7788045Z Collecting docspec-python==2.2.2 (from -r requirements-dev.txt (line 40))
2025-08-18T23:51:57.7799846Z   Using cached docspec_python-2.2.2-py3-none-any.whl.metadata (1.0 kB)
2025-08-18T23:51:57.7964714Z Collecting pydoc-markdown==4.8.2 (from -r requirements-dev.txt (line 41))
2025-08-18T23:51:57.7976232Z   Using cached pydoc_markdown-4.8.2-py3-none-any.whl.metadata (5.9 kB)
2025-08-18T23:51:57.8240988Z Collecting pandera==0.19.* (from -r requirements-dev.txt (line 42))
2025-08-18T23:51:57.8252938Z   Using cached pandera-0.19.3-py3-none-any.whl.metadata (15 kB)
2025-08-18T23:51:57.9252753Z Collecting MarkupSafe>=2.0 (from Jinja2==3.1.6->-r requirements-dev.txt (line 2))
2025-08-18T23:51:57.9266190Z   Using cached MarkupSafe-3.0.2-cp312-cp312-manylinux_2_17_x86_64.manylinux2014_x86_64.whl.metadata (4.0 kB)
2025-08-18T23:51:57.9572166Z Collecting Mako (from alembic==1.13.1->-r requirements-dev.txt (line 3))
2025-08-18T23:51:57.9584156Z   Using cached mako-1.3.10-py3-none-any.whl.metadata (2.9 kB)
2025-08-18T23:51:57.9749046Z Collecting typing-extensions>=4 (from alembic==1.13.1->-r requirements-dev.txt (line 3))
2025-08-18T23:51:57.9761057Z   Using cached typing_extensions-4.14.1-py3-none-any.whl.metadata (3.0 kB)
2025-08-18T23:51:57.9893890Z Collecting six>=1.4.0 (from apscheduler==3.10.4->-r requirements-dev.txt (line 4))
2025-08-18T23:51:57.9905736Z   Using cached six-1.17.0-py2.py3-none-any.whl.metadata (1.7 kB)
2025-08-18T23:51:58.0241206Z Collecting pytz (from apscheduler==3.10.4->-r requirements-dev.txt (line 4))
2025-08-18T23:51:58.0254464Z   Using cached pytz-2025.2-py2.py3-none-any.whl.metadata (22 kB)
2025-08-18T23:51:58.0408314Z Collecting tzlocal!=3.*,>=2.0 (from apscheduler==3.10.4->-r requirements-dev.txt (line 4))
2025-08-18T23:51:58.0420613Z   Using cached tzlocal-5.3.1-py3-none-any.whl.metadata (7.6 kB)
2025-08-18T23:51:58.0718897Z Collecting starlette>=0.18 (from asgi-correlation-id==4.3.1->-r requirements-dev.txt (line 5))
2025-08-18T23:51:58.0733023Z   Using cached starlette-0.47.2-py3-none-any.whl.metadata (6.2 kB)
2025-08-18T23:51:58.0926070Z Collecting click>=8.0.0 (from black==25.1.0->-r requirements-dev.txt (line 7))
2025-08-18T23:51:58.0939088Z   Using cached click-8.2.1-py3-none-any.whl.metadata (2.5 kB)
2025-08-18T23:51:58.1094486Z Collecting packaging>=22.0 (from black==25.1.0->-r requirements-dev.txt (line 7))
2025-08-18T23:51:58.1106024Z   Using cached packaging-25.0-py3-none-any.whl.metadata (3.3 kB)
2025-08-18T23:51:58.1213194Z Collecting pathspec>=0.9.0 (from black==25.1.0->-r requirements-dev.txt (line 7))
2025-08-18T23:51:58.1224575Z   Using cached pathspec-0.12.1-py3-none-any.whl.metadata (21 kB)
2025-08-18T23:51:58.1407117Z Collecting platformdirs>=2 (from black==25.1.0->-r requirements-dev.txt (line 7))
2025-08-18T23:51:58.1418843Z   Using cached platformdirs-4.3.8-py3-none-any.whl.metadata (12 kB)
2025-08-18T23:51:58.1614156Z Collecting billiard<5.0,>=4.2.0 (from celery==5.4.0->-r requirements-dev.txt (line 11))
2025-08-18T23:51:58.1625707Z   Using cached billiard-4.2.1-py3-none-any.whl.metadata (4.4 kB)
2025-08-18T23:51:58.1924171Z Collecting kombu<6.0,>=5.3.4 (from celery==5.4.0->-r requirements-dev.txt (line 11))
2025-08-18T23:51:58.1936559Z   Using cached kombu-5.5.4-py3-none-any.whl.metadata (3.5 kB)
2025-08-18T23:51:58.2106175Z Collecting vine<6.0,>=5.1.0 (from celery==5.4.0->-r requirements-dev.txt (line 11))
2025-08-18T23:51:58.2117995Z   Using cached vine-5.1.0-py3-none-any.whl.metadata (2.7 kB)
2025-08-18T23:51:58.2242946Z Collecting click-didyoumean>=0.3.0 (from celery==5.4.0->-r requirements-dev.txt (line 11))
2025-08-18T23:51:58.2254617Z   Using cached click_didyoumean-0.3.1-py3-none-any.whl.metadata (3.9 kB)
2025-08-18T23:51:58.2344842Z Collecting click-repl>=0.2.0 (from celery==5.4.0->-r requirements-dev.txt (line 11))
2025-08-18T23:51:58.2356620Z   Using cached click_repl-0.3.0-py3-none-any.whl.metadata (3.6 kB)
2025-08-18T23:51:58.2446618Z Collecting click-plugins>=1.1.1 (from celery==5.4.0->-r requirements-dev.txt (line 11))
2025-08-18T23:51:58.2458335Z   Using cached click_plugins-1.1.1.2-py2.py3-none-any.whl.metadata (6.5 kB)
2025-08-18T23:51:58.2583070Z Collecting tzdata>=2022.7 (from celery==5.4.0->-r requirements-dev.txt (line 11))
2025-08-18T23:51:58.2594871Z   Using cached tzdata-2025.2-py2.py3-none-any.whl.metadata (1.4 kB)
2025-08-18T23:51:58.2706533Z Collecting python-dateutil>=2.8.2 (from celery==5.4.0->-r requirements-dev.txt (line 11))
2025-08-18T23:51:58.2718423Z   Using cached python_dateutil-2.9.0.post0-py2.py3-none-any.whl.metadata (8.4 kB)
2025-08-18T23:51:58.3283307Z Collecting annotated-types>=0.6.0 (from pydantic==2.11.7->-r requirements-dev.txt (line 25))
2025-08-18T23:51:58.3295270Z   Using cached annotated_types-0.7.0-py3-none-any.whl.metadata (15 kB)
2025-08-18T23:51:58.9952864Z Collecting pydantic-core==2.33.2 (from pydantic==2.11.7->-r requirements-dev.txt (line 25))
2025-08-18T23:51:58.9966056Z   Using cached pydantic_core-2.33.2-cp312-cp312-manylinux_2_17_x86_64.manylinux2014_x86_64.whl.metadata (6.8 kB)
2025-08-18T23:51:59.0101801Z Collecting typing-inspection>=0.4.0 (from pydantic==2.11.7->-r requirements-dev.txt (line 25))
2025-08-18T23:51:59.0112683Z   Using cached typing_inspection-0.4.1-py3-none-any.whl.metadata (2.6 kB)
2025-08-18T23:51:59.0377248Z Collecting et-xmlfile (from openpyxl==3.1.5->-r requirements-dev.txt (line 21))
2025-08-18T23:51:59.0388355Z   Using cached et_xmlfile-2.0.0-py3-none-any.whl.metadata (2.7 kB)
2025-08-18T23:51:59.0801176Z Collecting pytest<9,>=7.0.0 (from pytest-asyncio==0.23.6->-r requirements-dev.txt (line 27))
2025-08-18T23:51:59.0813784Z   Using cached pytest-8.4.1-py3-none-any.whl.metadata (7.7 kB)
2025-08-18T23:51:59.3921337Z Collecting coverage>=7.5 (from coverage[toml]>=7.5->pytest-cov==6.2.1->-r requirements-dev.txt (line 28))
2025-08-18T23:51:59.3934917Z   Using cached coverage-7.10.4-cp312-cp312-manylinux1_x86_64.manylinux_2_28_x86_64.manylinux_2_5_x86_64.whl.metadata (8.9 kB)
2025-08-18T23:51:59.4056103Z Collecting pluggy>=1.2 (from pytest-cov==6.2.1->-r requirements-dev.txt (line 28))
2025-08-18T23:51:59.4067329Z   Using cached pluggy-1.6.0-py3-none-any.whl.metadata (4.8 kB)
2025-08-18T23:51:59.4302568Z Collecting port-for>=0.7.3 (from pytest-postgresql==7.0.2->-r requirements-dev.txt (line 29))
2025-08-18T23:51:59.4313253Z   Using cached port_for-0.7.4-py3-none-any.whl.metadata (7.1 kB)
2025-08-18T23:51:59.4445787Z Collecting mirakuru>=2.6.0 (from pytest-postgresql==7.0.2->-r requirements-dev.txt (line 29))
2025-08-18T23:51:59.4457318Z   Using cached mirakuru-2.6.1-py3-none-any.whl.metadata (10 kB)
2025-08-18T23:51:59.5259284Z Collecting charset_normalizer<4,>=2 (from requests==2.32.4->-r requirements-dev.txt (line 33))
2025-08-18T23:51:59.5273190Z   Using cached charset_normalizer-3.4.3-cp312-cp312-manylinux2014_x86_64.manylinux_2_17_x86_64.manylinux_2_28_x86_64.whl.metadata (36 kB)
2025-08-18T23:51:59.5417464Z Collecting idna<4,>=2.5 (from requests==2.32.4->-r requirements-dev.txt (line 33))
2025-08-18T23:51:59.5428922Z   Using cached idna-3.10-py3-none-any.whl.metadata (10 kB)
2025-08-18T23:51:59.5703641Z Collecting urllib3<3,>=1.21.1 (from requests==2.32.4->-r requirements-dev.txt (line 33))
2025-08-18T23:51:59.5715669Z   Using cached urllib3-2.5.0-py3-none-any.whl.metadata (6.5 kB)
2025-08-18T23:51:59.5911180Z Collecting certifi>=2017.4.17 (from requests==2.32.4->-r requirements-dev.txt (line 33))
2025-08-18T23:51:59.5923470Z   Using cached certifi-2025.8.3-py3-none-any.whl.metadata (2.4 kB)
2025-08-18T23:51:59.7970203Z Collecting greenlet!=0.4.17 (from sqlalchemy==2.0.29->-r requirements-dev.txt (line 36))
2025-08-18T23:51:59.7984563Z   Using cached greenlet-3.2.4-cp312-cp312-manylinux_2_24_x86_64.manylinux_2_28_x86_64.whl.metadata (4.1 kB)
2025-08-18T23:51:59.8208953Z Collecting docker (from testcontainers==4.10.0->testcontainers[postgres]==4.10.0->-r requirements-dev.txt (line 38))
2025-08-18T23:51:59.8219894Z   Using cached docker-7.1.0-py3-none-any.whl.metadata (3.8 kB)
2025-08-18T23:51:59.9169854Z Collecting wrapt (from testcontainers==4.10.0->testcontainers[postgres]==4.10.0->-r requirements-dev.txt (line 38))
2025-08-18T23:51:59.9183409Z   Using cached wrapt-1.17.3-cp312-cp312-manylinux1_x86_64.manylinux_2_28_x86_64.manylinux_2_5_x86_64.whl.metadata (6.4 kB)
2025-08-18T23:51:59.9493847Z Collecting docspec==2.2.1 (from docspec-python==2.2.2->-r requirements-dev.txt (line 40))
2025-08-18T23:51:59.9505156Z   Using cached docspec-2.2.1-py3-none-any.whl.metadata (1.5 kB)
2025-08-18T23:51:59.9667270Z Collecting nr-util>=0.8.12 (from docspec-python==2.2.2->-r requirements-dev.txt (line 40))
2025-08-18T23:51:59.9678677Z   Using cached nr.util-0.8.12-py3-none-any.whl.metadata (813 bytes)
2025-08-18T23:52:00.0015575Z Collecting PyYAML<7.0,>=5.0 (from pydoc-markdown==4.8.2->-r requirements-dev.txt (line 41))
2025-08-18T23:52:00.0028459Z   Using cached PyYAML-6.0.2-cp312-cp312-manylinux_2_17_x86_64.manylinux2014_x86_64.whl.metadata (2.1 kB)
2025-08-18T23:52:00.0315359Z Collecting databind.core<5.0.0,>=4.4.0 (from pydoc-markdown==4.8.2->-r requirements-dev.txt (line 41))
2025-08-18T23:52:00.0326900Z   Using cached databind.core-4.5.2-py3-none-any.whl.metadata (1.1 kB)
2025-08-18T23:52:00.0555594Z Collecting databind.json<5.0.0,>=4.4.0 (from pydoc-markdown==4.8.2->-r requirements-dev.txt (line 41))
2025-08-18T23:52:00.0576087Z   Using cached databind.json-4.5.2-py3-none-any.whl.metadata (1.1 kB)
2025-08-18T23:52:00.0736389Z Collecting docstring-parser<0.12,>=0.11 (from pydoc-markdown==4.8.2->-r requirements-dev.txt (line 41))
2025-08-18T23:52:00.0737258Z   Using cached docstring_parser-0.11-py3-none-any.whl
2025-08-18T23:52:00.1173805Z Collecting tomli<3.0.0,>=2.0.0 (from pydoc-markdown==4.8.2->-r requirements-dev.txt (line 41))
2025-08-18T23:52:00.1185491Z   Using cached tomli-2.2.1-cp312-cp312-manylinux_2_17_x86_64.manylinux2014_x86_64.whl.metadata (11 kB)
2025-08-18T23:52:00.1279760Z Collecting tomli_w<2.0.0,>=1.0.0 (from pydoc-markdown==4.8.2->-r requirements-dev.txt (line 41))
2025-08-18T23:52:00.1291085Z   Using cached tomli_w-1.2.0-py3-none-any.whl.metadata (5.7 kB)
2025-08-18T23:52:00.1780108Z Collecting watchdog (from pydoc-markdown==4.8.2->-r requirements-dev.txt (line 41))
2025-08-18T23:52:00.1793627Z   Using cached watchdog-6.0.0-py3-none-manylinux2014_x86_64.whl.metadata (44 kB)
2025-08-18T23:52:00.1992686Z Collecting yapf>=0.30.0 (from pydoc-markdown==4.8.2->-r requirements-dev.txt (line 41))
2025-08-18T23:52:00.2005268Z   Using cached yapf-0.43.0-py3-none-any.whl.metadata (46 kB)
2025-08-18T23:52:00.2193789Z Collecting Deprecated<2.0.0,>=1.2.12 (from docspec==2.2.1->docspec-python==2.2.2->-r requirements-dev.txt (line 40))
2025-08-18T23:52:00.2205094Z   Using cached Deprecated-1.2.18-py2.py3-none-any.whl.metadata (5.7 kB)
2025-08-18T23:52:00.3725292Z Collecting psycopg-binary==3.2.9 (from psycopg[binary]==3.2.9->-r requirements-dev.txt (line 24))
2025-08-18T23:52:00.3738298Z   Using cached psycopg_binary-3.2.9-cp312-cp312-manylinux_2_17_x86_64.manylinux2014_x86_64.whl.metadata (2.9 kB)
2025-08-18T23:52:00.4013562Z Collecting PyJWT>=2.9.0 (from redis==5.*->-r requirements-dev.txt (line 9))
2025-08-18T23:52:00.4023657Z   Using cached PyJWT-2.10.1-py3-none-any.whl.metadata (4.0 kB)
2025-08-18T23:52:00.4247294Z Collecting argon2-cffi (from minio==7.*->-r requirements-dev.txt (line 10))
2025-08-18T23:52:00.4258715Z   Using cached argon2_cffi-25.1.0-py3-none-any.whl.metadata (4.1 kB)
2025-08-18T23:52:00.5039560Z Collecting pycryptodome (from minio==7.*->-r requirements-dev.txt (line 10))
2025-08-18T23:52:00.5053089Z   Using cached pycryptodome-3.23.0-cp37-abi3-manylinux_2_17_x86_64.manylinux2014_x86_64.whl.metadata (3.4 kB)
2025-08-18T23:52:00.5245483Z Collecting anyio (from httpx<0.29,>=0.27->-r requirements-dev.txt (line 15))
2025-08-18T23:52:00.5256971Z   Using cached anyio-4.10.0-py3-none-any.whl.metadata (4.0 kB)
2025-08-18T23:52:00.5435191Z Collecting httpcore==1.* (from httpx<0.29,>=0.27->-r requirements-dev.txt (line 15))
2025-08-18T23:52:00.5446742Z   Using cached httpcore-1.0.9-py3-none-any.whl.metadata (21 kB)
2025-08-18T23:52:00.5801879Z Collecting multimethod<=1.10.0 (from pandera==0.19.*->-r requirements-dev.txt (line 42))
2025-08-18T23:52:00.5812967Z   Using cached multimethod-1.10-py3-none-any.whl.metadata (8.2 kB)
2025-08-18T23:52:00.6168341Z Collecting typeguard (from pandera==0.19.*->-r requirements-dev.txt (line 42))
2025-08-18T23:52:00.6179867Z   Using cached typeguard-4.4.4-py3-none-any.whl.metadata (3.3 kB)
2025-08-18T23:52:00.6283216Z Collecting typing-inspect>=0.6.0 (from pandera==0.19.*->-r requirements-dev.txt (line 42))
2025-08-18T23:52:00.6294411Z   Using cached typing_inspect-0.9.0-py3-none-any.whl.metadata (1.5 kB)
2025-08-18T23:52:00.6564686Z Collecting databind<5.0.0,>=4.5.2 (from databind.core<5.0.0,>=4.4.0->pydoc-markdown==4.8.2->-r requirements-dev.txt (line 41))
2025-08-18T23:52:00.6575731Z   Using cached databind-4.5.2-py3-none-any.whl.metadata (4.3 kB)
2025-08-18T23:52:00.6698848Z Collecting nr-date<3.0.0,>=2.0.0 (from databind<5.0.0,>=4.5.2->databind.core<5.0.0,>=4.4.0->pydoc-markdown==4.8.2->-r requirements-dev.txt (line 41))
2025-08-18T23:52:00.6709689Z   Using cached nr_date-2.1.0-py3-none-any.whl.metadata (746 bytes)
2025-08-18T23:52:00.6829138Z Collecting nr-stream<2.0.0,>=1.0.0 (from databind<5.0.0,>=4.5.2->databind.core<5.0.0,>=4.4.0->pydoc-markdown==4.8.2->-r requirements-dev.txt (line 41))
2025-08-18T23:52:00.6840148Z   Using cached nr_stream-1.1.5-py3-none-any.whl.metadata (3.6 kB)
2025-08-18T23:52:00.6999539Z Collecting typeapi<3,>=2.0.1 (from databind<5.0.0,>=4.5.2->databind.core<5.0.0,>=4.4.0->pydoc-markdown==4.8.2->-r requirements-dev.txt (line 41))
2025-08-18T23:52:00.7012097Z   Using cached typeapi-2.2.4-py3-none-any.whl.metadata (1.5 kB)
2025-08-18T23:52:00.7276278Z Collecting h11>=0.16 (from httpcore==1.*->httpx<0.29,>=0.27->-r requirements-dev.txt (line 15))
2025-08-18T23:52:00.7287612Z   Using cached h11-0.16.0-py3-none-any.whl.metadata (8.3 kB)
2025-08-18T23:52:00.7504014Z Collecting amqp<6.0.0,>=5.1.1 (from kombu<6.0,>=5.3.4->celery==5.4.0->-r requirements-dev.txt (line 11))
2025-08-18T23:52:00.7515435Z   Using cached amqp-5.3.1-py3-none-any.whl.metadata (8.9 kB)
2025-08-18T23:52:00.7886646Z Collecting iniconfig>=1 (from pytest<9,>=7.0.0->pytest-asyncio==0.23.6->-r requirements-dev.txt (line 27))
2025-08-18T23:52:00.7898411Z   Using cached iniconfig-2.1.0-py3-none-any.whl.metadata (2.7 kB)
2025-08-18T23:52:00.8106658Z Collecting pygments>=2.7.2 (from pytest<9,>=7.0.0->pytest-asyncio==0.23.6->-r requirements-dev.txt (line 27))
2025-08-18T23:52:00.8118430Z   Using cached pygments-2.19.2-py3-none-any.whl.metadata (2.5 kB)
2025-08-18T23:52:00.8440989Z Collecting sniffio>=1.1 (from anyio->httpx<0.29,>=0.27->-r requirements-dev.txt (line 15))
2025-08-18T23:52:00.8453028Z   Using cached sniffio-1.3.1-py3-none-any.whl.metadata (3.9 kB)
2025-08-18T23:52:01.3674872Z Collecting botocore<1.41.0,>=1.40.12 (from boto3->-r requirements-dev.txt (line 8))
2025-08-18T23:52:01.3716773Z   Downloading botocore-1.40.12-py3-none-any.whl.metadata (5.7 kB)
2025-08-18T23:52:01.3856340Z Collecting jmespath<2.0.0,>=0.7.1 (from boto3->-r requirements-dev.txt (line 8))
2025-08-18T23:52:01.3869470Z   Using cached jmespath-1.0.1-py3-none-any.whl.metadata (7.6 kB)
2025-08-18T23:52:01.4033599Z Collecting s3transfer<0.14.0,>=0.13.0 (from boto3->-r requirements-dev.txt (line 8))
2025-08-18T23:52:01.4045619Z   Using cached s3transfer-0.13.1-py3-none-any.whl.metadata (1.7 kB)
2025-08-18T23:52:01.6679898Z Collecting fastapi-cli>=0.0.8 (from fastapi-cli[standard]>=0.0.8; extra == "all"->fastapi[all]->-r requirements-dev.txt (line 13))
2025-08-18T23:52:01.6691241Z   Using cached fastapi_cli-0.0.8-py3-none-any.whl.metadata (6.3 kB)
2025-08-18T23:52:01.7387408Z Collecting ujson!=4.0.2,!=4.1.0,!=4.2.0,!=4.3.0,!=5.0.0,!=5.1.0,>=4.0.1 (from fastapi[all]->-r requirements-dev.txt (line 13))
2025-08-18T23:52:01.7400768Z   Using cached ujson-5.10.0-cp312-cp312-manylinux_2_17_x86_64.manylinux2014_x86_64.whl.metadata (9.3 kB)
2025-08-18T23:52:01.9702719Z Collecting orjson>=3.2.1 (from fastapi[all]->-r requirements-dev.txt (line 13))
2025-08-18T23:52:01.9717173Z   Using cached orjson-3.11.2-cp312-cp312-manylinux_2_17_x86_64.manylinux2014_x86_64.whl.metadata (1.2 kB)
2025-08-18T23:52:01.9844363Z Collecting email-validator>=2.0.0 (from fastapi[all]->-r requirements-dev.txt (line 13))
2025-08-18T23:52:01.9863342Z   Using cached email_validator-2.2.0-py3-none-any.whl.metadata (25 kB)
2025-08-18T23:52:02.0140992Z Collecting uvicorn>=0.12.0 (from uvicorn[standard]>=0.12.0; extra == "all"->fastapi[all]->-r requirements-dev.txt (line 13))
2025-08-18T23:52:02.0153605Z   Using cached uvicorn-0.35.0-py3-none-any.whl.metadata (6.5 kB)
2025-08-18T23:52:02.0329452Z Collecting pydantic-settings>=2.0.0 (from fastapi[all]->-r requirements-dev.txt (line 13))
2025-08-18T23:52:02.0342248Z   Using cached pydantic_settings-2.10.1-py3-none-any.whl.metadata (3.4 kB)
2025-08-18T23:52:02.0475662Z Collecting pydantic-extra-types>=2.0.0 (from fastapi[all]->-r requirements-dev.txt (line 13))
2025-08-18T23:52:02.0488901Z   Using cached pydantic_extra_types-2.10.5-py3-none-any.whl.metadata (3.9 kB)
2025-08-18T23:52:02.1160382Z Collecting prompt-toolkit>=3.0.36 (from click-repl>=0.2.0->celery==5.4.0->-r requirements-dev.txt (line 11))
2025-08-18T23:52:02.1173401Z   Using cached prompt_toolkit-3.0.51-py3-none-any.whl.metadata (6.4 kB)
2025-08-18T23:52:02.1360619Z Collecting dnspython>=2.0.0 (from email-validator>=2.0.0->fastapi[all]->-r requirements-dev.txt (line 13))
2025-08-18T23:52:02.1373376Z   Using cached dnspython-2.7.0-py3-none-any.whl.metadata (5.8 kB)
2025-08-18T23:52:02.1675283Z Collecting typer>=0.15.1 (from fastapi-cli>=0.0.8->fastapi-cli[standard]>=0.0.8; extra == "all"->fastapi[all]->-r requirements-dev.txt (line 13))
2025-08-18T23:52:02.1731030Z   Downloading typer-0.16.1-py3-none-any.whl.metadata (15 kB)
2025-08-18T23:52:02.2024612Z Collecting rich-toolkit>=0.14.8 (from fastapi-cli>=0.0.8->fastapi-cli[standard]>=0.0.8; extra == "all"->fastapi[all]->-r requirements-dev.txt (line 13))
2025-08-18T23:52:02.2037127Z   Using cached rich_toolkit-0.15.0-py3-none-any.whl.metadata (1.0 kB)
2025-08-18T23:52:02.2152202Z Collecting fastapi-cloud-cli>=0.1.1 (from fastapi-cli[standard]>=0.0.8; extra == "all"->fastapi[all]->-r requirements-dev.txt (line 13))
2025-08-18T23:52:02.2164041Z   Using cached fastapi_cloud_cli-0.1.5-py3-none-any.whl.metadata (3.2 kB)
2025-08-18T23:52:02.2896056Z Collecting rignore>=0.5.1 (from fastapi-cloud-cli>=0.1.1->fastapi-cli[standard]>=0.0.8; extra == "all"->fastapi[all]->-r requirements-dev.txt (line 13))
2025-08-18T23:52:02.2919769Z   Using cached rignore-0.6.4-cp312-cp312-manylinux_2_17_x86_64.manylinux2014_x86_64.whl.metadata (3.8 kB)
2025-08-18T23:52:02.3759598Z Collecting sentry-sdk>=2.20.0 (from fastapi-cloud-cli>=0.1.1->fastapi-cli[standard]>=0.0.8; extra == "all"->fastapi[all]->-r requirements-dev.txt (line 13))
2025-08-18T23:52:02.3772540Z   Using cached sentry_sdk-2.35.0-py2.py3-none-any.whl.metadata (10 kB)
2025-08-18T23:52:02.4714995Z Collecting psutil>=4.0.0 (from mirakuru>=2.6.0->pytest-postgresql==7.0.2->-r requirements-dev.txt (line 29))
2025-08-18T23:52:02.4728981Z   Using cached psutil-7.0.0-cp36-abi3-manylinux_2_12_x86_64.manylinux2010_x86_64.manylinux_2_17_x86_64.manylinux2014_x86_64.whl.metadata (22 kB)
2025-08-18T23:52:02.5060288Z Collecting wcwidth (from prompt-toolkit>=3.0.36->click-repl>=0.2.0->celery==5.4.0->-r requirements-dev.txt (line 11))
2025-08-18T23:52:02.5071808Z   Using cached wcwidth-0.2.13-py2.py3-none-any.whl.metadata (14 kB)
2025-08-18T23:52:02.6287184Z Collecting rich>=13.7.1 (from rich-toolkit>=0.14.8->fastapi-cli>=0.0.8->fastapi-cli[standard]>=0.0.8; extra == "all"->fastapi[all]->-r requirements-dev.txt (line 13))
2025-08-18T23:52:02.6323563Z   Using cached rich-14.1.0-py3-none-any.whl.metadata (18 kB)
2025-08-18T23:52:02.6511196Z Collecting markdown-it-py>=2.2.0 (from rich>=13.7.1->rich-toolkit>=0.14.8->fastapi-cli>=0.0.8->fastapi-cli[standard]>=0.0.8; extra == "all"->fastapi[all]->-r requirements-dev.txt (line 13))
2025-08-18T23:52:02.6522219Z   Using cached markdown_it_py-4.0.0-py3-none-any.whl.metadata (7.3 kB)
2025-08-18T23:52:02.6742606Z Collecting mdurl~=0.1 (from markdown-it-py>=2.2.0->rich>=13.7.1->rich-toolkit>=0.14.8->fastapi-cli>=0.0.8->fastapi-cli[standard]>=0.0.8; extra == "all"->fastapi[all]->-r requirements-dev.txt (line 13))
2025-08-18T23:52:02.6753913Z   Using cached mdurl-0.1.2-py3-none-any.whl.metadata (1.6 kB)
2025-08-18T23:52:02.7290421Z Collecting shellingham>=1.3.0 (from typer>=0.15.1->fastapi-cli>=0.0.8->fastapi-cli[standard]>=0.0.8; extra == "all"->fastapi[all]->-r requirements-dev.txt (line 13))
2025-08-18T23:52:02.7302362Z   Using cached shellingham-1.5.4-py2.py3-none-any.whl.metadata (3.5 kB)
2025-08-18T23:52:02.8120023Z Collecting httptools>=0.6.3 (from uvicorn[standard]>=0.12.0; extra == "all"->fastapi[all]->-r requirements-dev.txt (line 13))
2025-08-18T23:52:02.8132972Z   Using cached httptools-0.6.4-cp312-cp312-manylinux_2_5_x86_64.manylinux1_x86_64.manylinux_2_17_x86_64.manylinux2014_x86_64.whl.metadata (3.6 kB)
2025-08-18T23:52:02.8544571Z Collecting uvloop>=0.15.1 (from uvicorn[standard]>=0.12.0; extra == "all"->fastapi[all]->-r requirements-dev.txt (line 13))
2025-08-18T23:52:02.8557640Z   Using cached uvloop-0.21.0-cp312-cp312-manylinux_2_17_x86_64.manylinux2014_x86_64.whl.metadata (4.9 kB)
2025-08-18T23:52:02.9303880Z Collecting watchfiles>=0.13 (from uvicorn[standard]>=0.12.0; extra == "all"->fastapi[all]->-r requirements-dev.txt (line 13))
2025-08-18T23:52:02.9317808Z   Using cached watchfiles-1.1.0-cp312-cp312-manylinux_2_17_x86_64.manylinux2014_x86_64.whl.metadata (4.9 kB)
2025-08-18T23:52:03.1440230Z Collecting websockets>=10.4 (from uvicorn[standard]>=0.12.0; extra == "all"->fastapi[all]->-r requirements-dev.txt (line 13))
2025-08-18T23:52:03.1454044Z   Using cached websockets-15.0.1-cp312-cp312-manylinux_2_5_x86_64.manylinux1_x86_64.manylinux_2_17_x86_64.manylinux2014_x86_64.whl.metadata (6.8 kB)
2025-08-18T23:52:03.1916295Z Collecting argon2-cffi-bindings (from argon2-cffi->minio==7.*->-r requirements-dev.txt (line 10))
2025-08-18T23:52:03.1928400Z   Using cached argon2_cffi_bindings-25.1.0-cp39-abi3-manylinux_2_26_x86_64.manylinux_2_28_x86_64.whl.metadata (7.4 kB)
2025-08-18T23:52:03.2967761Z Collecting cffi>=1.0.1 (from argon2-cffi-bindings->argon2-cffi->minio==7.*->-r requirements-dev.txt (line 10))
2025-08-18T23:52:03.2981845Z   Using cached cffi-1.17.1-cp312-cp312-manylinux_2_17_x86_64.manylinux2014_x86_64.whl.metadata (1.5 kB)
2025-08-18T23:52:03.3114058Z Collecting pycparser (from cffi>=1.0.1->argon2-cffi-bindings->argon2-cffi->minio==7.*->-r requirements-dev.txt (line 10))
2025-08-18T23:52:03.3127077Z   Using cached pycparser-2.22-py3-none-any.whl.metadata (943 bytes)
2025-08-18T23:52:03.3752637Z Using cached jinja2-3.1.6-py3-none-any.whl (134 kB)
2025-08-18T23:52:03.3764341Z Using cached alembic-1.13.1-py3-none-any.whl (233 kB)
2025-08-18T23:52:03.3776790Z Using cached APScheduler-3.10.4-py3-none-any.whl (59 kB)
2025-08-18T23:52:03.3788171Z Using cached asgi_correlation_id-4.3.1-py3-none-any.whl (15 kB)
2025-08-18T23:52:03.3799325Z Using cached asyncpg-0.30.0-cp312-cp312-manylinux_2_17_x86_64.manylinux2014_x86_64.whl (3.6 MB)
2025-08-18T23:52:03.3836681Z Using cached black-25.1.0-cp312-cp312-manylinux_2_17_x86_64.manylinux2014_x86_64.manylinux_2_28_x86_64.whl (1.8 MB)
2025-08-18T23:52:03.3860668Z Using cached celery-5.4.0-py3-none-any.whl (425 kB)
2025-08-18T23:52:03.3874426Z Using cached fastapi-0.116.1-py3-none-any.whl (95 kB)
2025-08-18T23:52:03.3885769Z Using cached pydantic-2.11.7-py3-none-any.whl (444 kB)
2025-08-18T23:52:03.3900572Z Using cached fastapi_limiter-0.1.6-py3-none-any.whl (15 kB)
2025-08-18T23:52:03.3911649Z Using cached IMAPClient-3.0.1-py2.py3-none-any.whl (182 kB)
2025-08-18T23:52:03.3923846Z Using cached mypy_extensions-1.1.0-py3-none-any.whl (5.0 kB)
2025-08-18T23:52:03.3934518Z Using cached openpyxl-3.1.5-py2.py3-none-any.whl (250 kB)
2025-08-18T23:52:03.3948196Z Using cached psycopg2_binary-2.9.9-cp312-cp312-manylinux_2_17_x86_64.manylinux2014_x86_64.whl (3.0 MB)
2025-08-18T23:52:03.3981005Z Using cached psycopg-3.2.9-py3-none-any.whl (202 kB)
2025-08-18T23:52:03.3993107Z Using cached pytest_asyncio-0.23.6-py3-none-any.whl (17 kB)
2025-08-18T23:52:03.4003766Z Using cached pytest_cov-6.2.1-py3-none-any.whl (24 kB)
2025-08-18T23:52:03.4014477Z Using cached pytest_postgresql-7.0.2-py3-none-any.whl (41 kB)
2025-08-18T23:52:03.4025435Z Using cached python_telegram_bot-22.2-py3-none-any.whl (708 kB)
2025-08-18T23:52:03.4042155Z Using cached requests-2.32.4-py3-none-any.whl (64 kB)
2025-08-18T23:52:03.4052951Z Using cached respx-0.22.0-py2.py3-none-any.whl (25 kB)
2025-08-18T23:52:03.4063972Z Using cached ruff-0.4.4-py3-none-manylinux_2_17_x86_64.manylinux2014_x86_64.whl (8.7 MB)
2025-08-18T23:52:03.4138679Z Using cached SQLAlchemy-2.0.29-cp312-cp312-manylinux_2_17_x86_64.manylinux2014_x86_64.whl (3.2 MB)
2025-08-18T23:52:03.4172176Z Using cached structlog-24.1.0-py3-none-any.whl (65 kB)
2025-08-18T23:52:03.4183837Z Using cached testcontainers-4.10.0-py3-none-any.whl (107 kB)
2025-08-18T23:52:03.4196196Z Using cached types_requests-2.32.0.20240602-py3-none-any.whl (15 kB)
2025-08-18T23:52:03.4207049Z Using cached docspec_python-2.2.2-py3-none-any.whl (15 kB)
2025-08-18T23:52:03.4217984Z Using cached pydoc_markdown-4.8.2-py3-none-any.whl (67 kB)
2025-08-18T23:52:03.4229023Z Using cached docspec-2.2.1-py3-none-any.whl (9.8 kB)
2025-08-18T23:52:03.4240379Z Using cached psycopg_binary-3.2.9-cp312-cp312-manylinux_2_17_x86_64.manylinux2014_x86_64.whl (4.4 MB)
2025-08-18T23:52:03.4284434Z Using cached pydantic_core-2.33.2-cp312-cp312-manylinux_2_17_x86_64.manylinux2014_x86_64.whl (2.0 MB)
2025-08-18T23:52:03.4309209Z Using cached redis-5.3.1-py3-none-any.whl (272 kB)
2025-08-18T23:52:03.4322045Z Using cached minio-7.2.16-py3-none-any.whl (95 kB)
2025-08-18T23:52:03.4333541Z Using cached httpx-0.28.1-py3-none-any.whl (73 kB)
2025-08-18T23:52:03.4345302Z Using cached mypy-1.17.1-cp312-cp312-manylinux2014_x86_64.manylinux_2_17_x86_64.manylinux_2_28_x86_64.whl (12.7 MB)
2025-08-18T23:52:03.4448723Z Using cached numpy-1.26.4-cp312-cp312-manylinux_2_17_x86_64.manylinux2014_x86_64.whl (18.0 MB)
2025-08-18T23:52:03.4591867Z Using cached pandas-2.2.3-cp312-cp312-manylinux_2_17_x86_64.manylinux2014_x86_64.whl (12.7 MB)
2025-08-18T23:52:03.4695967Z Using cached pandera-0.19.3-py3-none-any.whl (251 kB)
2025-08-18T23:52:03.4709449Z Using cached billiard-4.2.1-py3-none-any.whl (86 kB)
2025-08-18T23:52:03.4722638Z Using cached charset_normalizer-3.4.3-cp312-cp312-manylinux2014_x86_64.manylinux_2_17_x86_64.manylinux_2_28_x86_64.whl (151 kB)
2025-08-18T23:52:03.4735030Z Using cached click-8.2.1-py3-none-any.whl (102 kB)
2025-08-18T23:52:03.4746748Z Using cached databind.core-4.5.2-py3-none-any.whl (1.5 kB)
2025-08-18T23:52:03.4757327Z Using cached databind-4.5.2-py3-none-any.whl (49 kB)
2025-08-18T23:52:03.4768384Z Using cached databind.json-4.5.2-py3-none-any.whl (1.5 kB)
2025-08-18T23:52:03.4779151Z Using cached Deprecated-1.2.18-py2.py3-none-any.whl (10.0 kB)
2025-08-18T23:52:03.4790139Z Using cached httpcore-1.0.9-py3-none-any.whl (78 kB)
2025-08-18T23:52:03.4801781Z Using cached idna-3.10-py3-none-any.whl (70 kB)
2025-08-18T23:52:03.4812814Z Using cached kombu-5.5.4-py3-none-any.whl (210 kB)
2025-08-18T23:52:03.4824903Z Using cached vine-5.1.0-py3-none-any.whl (9.6 kB)
2025-08-18T23:52:03.4835511Z Using cached amqp-5.3.1-py3-none-any.whl (50 kB)
2025-08-18T23:52:03.4846405Z Using cached multimethod-1.10-py3-none-any.whl (9.9 kB)
2025-08-18T23:52:03.4856789Z Using cached nr_date-2.1.0-py3-none-any.whl (10 kB)
2025-08-18T23:52:03.4867504Z Using cached nr_stream-1.1.5-py3-none-any.whl (10 kB)
2025-08-18T23:52:03.4878361Z Using cached nr.util-0.8.12-py3-none-any.whl (90 kB)
2025-08-18T23:52:03.4889479Z Using cached pytest-8.4.1-py3-none-any.whl (365 kB)
2025-08-18T23:52:03.4902674Z Using cached pluggy-1.6.0-py3-none-any.whl (20 kB)
2025-08-18T23:52:03.4913807Z Using cached PyYAML-6.0.2-cp312-cp312-manylinux_2_17_x86_64.manylinux2014_x86_64.whl (767 kB)
2025-08-18T23:52:03.4929702Z Using cached starlette-0.47.2-py3-none-any.whl (72 kB)
2025-08-18T23:52:03.4940911Z Using cached anyio-4.10.0-py3-none-any.whl (107 kB)
2025-08-18T23:52:03.4952929Z Using cached tomli-2.2.1-cp312-cp312-manylinux_2_17_x86_64.manylinux2014_x86_64.whl (242 kB)
2025-08-18T23:52:03.4965975Z Using cached tomli_w-1.2.0-py3-none-any.whl (6.7 kB)
2025-08-18T23:52:03.4976753Z Using cached typeapi-2.2.4-py3-none-any.whl (26 kB)
2025-08-18T23:52:03.4987777Z Using cached typing_extensions-4.14.1-py3-none-any.whl (43 kB)
2025-08-18T23:52:03.4998586Z Using cached urllib3-2.5.0-py3-none-any.whl (129 kB)
2025-08-18T23:52:03.5010414Z Using cached wrapt-1.17.3-cp312-cp312-manylinux1_x86_64.manylinux_2_28_x86_64.manylinux_2_5_x86_64.whl (88 kB)
2025-08-18T23:52:03.5048282Z Downloading boto3-1.40.12-py3-none-any.whl (140 kB)
2025-08-18T23:52:03.5289872Z Downloading botocore-1.40.12-py3-none-any.whl (14.0 MB)
2025-08-18T23:52:03.6583961Z    ━━━━━━━━━━━━━━━━━━━━━━━━━━━━━━━━━━━━━━━━ 14.0/14.0 MB 113.9 MB/s  0:00:00
2025-08-18T23:52:03.6597601Z Using cached jmespath-1.0.1-py3-none-any.whl (20 kB)
2025-08-18T23:52:03.6610381Z Using cached python_dateutil-2.9.0.post0-py2.py3-none-any.whl (229 kB)
2025-08-18T23:52:03.6623967Z Using cached s3transfer-0.13.1-py3-none-any.whl (85 kB)
2025-08-18T23:52:03.6636294Z Using cached itsdangerous-2.2.0-py3-none-any.whl (16 kB)
2025-08-18T23:52:03.6648014Z Using cached setuptools-80.9.0-py3-none-any.whl (1.2 MB)
2025-08-18T23:52:03.6668254Z Using cached python_dotenv-1.1.1-py3-none-any.whl (20 kB)
2025-08-18T23:52:03.6679818Z Using cached python_multipart-0.0.20-py3-none-any.whl (24 kB)
2025-08-18T23:52:03.6690839Z Using cached annotated_types-0.7.0-py3-none-any.whl (13 kB)
2025-08-18T23:52:03.6702243Z Using cached certifi-2025.8.3-py3-none-any.whl (161 kB)
2025-08-18T23:52:03.6714079Z Using cached click_didyoumean-0.3.1-py3-none-any.whl (3.6 kB)
2025-08-18T23:52:03.6724696Z Using cached click_plugins-1.1.1.2-py2.py3-none-any.whl (11 kB)
2025-08-18T23:52:03.6735975Z Using cached click_repl-0.3.0-py3-none-any.whl (10 kB)
2025-08-18T23:52:03.6747330Z Using cached coverage-7.10.4-cp312-cp312-manylinux1_x86_64.manylinux_2_28_x86_64.manylinux_2_5_x86_64.whl (251 kB)
2025-08-18T23:52:03.6759256Z Using cached email_validator-2.2.0-py3-none-any.whl (33 kB)
2025-08-18T23:52:03.6770139Z Using cached dnspython-2.7.0-py3-none-any.whl (313 kB)
2025-08-18T23:52:03.6783181Z Using cached fastapi_cli-0.0.8-py3-none-any.whl (10 kB)
2025-08-18T23:52:03.6794010Z Using cached fastapi_cloud_cli-0.1.5-py3-none-any.whl (18 kB)
2025-08-18T23:52:03.6805240Z Using cached greenlet-3.2.4-cp312-cp312-manylinux_2_24_x86_64.manylinux_2_28_x86_64.whl (607 kB)
2025-08-18T23:52:03.6819942Z Using cached h11-0.16.0-py3-none-any.whl (37 kB)
2025-08-18T23:52:03.6831008Z Using cached iniconfig-2.1.0-py3-none-any.whl (6.0 kB)
2025-08-18T23:52:03.6842346Z Using cached MarkupSafe-3.0.2-cp312-cp312-manylinux_2_17_x86_64.manylinux2014_x86_64.whl (23 kB)
2025-08-18T23:52:03.6852965Z Using cached mirakuru-2.6.1-py3-none-any.whl (26 kB)
2025-08-18T23:52:03.6864561Z Using cached orjson-3.11.2-cp312-cp312-manylinux_2_17_x86_64.manylinux2014_x86_64.whl (121 kB)
2025-08-18T23:52:03.6875452Z Using cached packaging-25.0-py3-none-any.whl (66 kB)
2025-08-18T23:52:03.6886393Z Using cached pathspec-0.12.1-py3-none-any.whl (31 kB)
2025-08-18T23:52:03.6897154Z Using cached platformdirs-4.3.8-py3-none-any.whl (18 kB)
2025-08-18T23:52:03.6907755Z Using cached port_for-0.7.4-py3-none-any.whl (21 kB)
2025-08-18T23:52:03.6918597Z Using cached prompt_toolkit-3.0.51-py3-none-any.whl (387 kB)
2025-08-18T23:52:03.6932955Z Using cached psutil-7.0.0-cp36-abi3-manylinux_2_12_x86_64.manylinux2010_x86_64.manylinux_2_17_x86_64.manylinux2014_x86_64.whl (277 kB)
2025-08-18T23:52:03.6945408Z Using cached pydantic_extra_types-2.10.5-py3-none-any.whl (38 kB)
2025-08-18T23:52:03.6956534Z Using cached pydantic_settings-2.10.1-py3-none-any.whl (45 kB)
2025-08-18T23:52:03.6967588Z Using cached pygments-2.19.2-py3-none-any.whl (1.2 MB)
2025-08-18T23:52:03.6987221Z Using cached PyJWT-2.10.1-py3-none-any.whl (22 kB)
2025-08-18T23:52:03.6998296Z Using cached pytz-2025.2-py2.py3-none-any.whl (509 kB)
2025-08-18T23:52:03.7013243Z Using cached rich_toolkit-0.15.0-py3-none-any.whl (29 kB)
2025-08-18T23:52:03.7024113Z Using cached rich-14.1.0-py3-none-any.whl (243 kB)
2025-08-18T23:52:03.7036448Z Using cached markdown_it_py-4.0.0-py3-none-any.whl (87 kB)
2025-08-18T23:52:03.7047705Z Using cached mdurl-0.1.2-py3-none-any.whl (10.0 kB)
2025-08-18T23:52:03.7058800Z Using cached rignore-0.6.4-cp312-cp312-manylinux_2_17_x86_64.manylinux2014_x86_64.whl (949 kB)
2025-08-18T23:52:03.7076295Z Using cached sentry_sdk-2.35.0-py2.py3-none-any.whl (363 kB)
2025-08-18T23:52:03.7089454Z Using cached six-1.17.0-py2.py3-none-any.whl (11 kB)
2025-08-18T23:52:03.7100122Z Using cached sniffio-1.3.1-py3-none-any.whl (10 kB)
2025-08-18T23:52:03.7200325Z Downloading typer-0.16.1-py3-none-any.whl (46 kB)
2025-08-18T23:52:03.7237095Z Using cached shellingham-1.5.4-py2.py3-none-any.whl (9.8 kB)
2025-08-18T23:52:03.7248423Z Using cached typing_inspect-0.9.0-py3-none-any.whl (8.8 kB)
2025-08-18T23:52:03.7259826Z Using cached typing_inspection-0.4.1-py3-none-any.whl (14 kB)
2025-08-18T23:52:03.7270847Z Using cached tzdata-2025.2-py2.py3-none-any.whl (347 kB)
2025-08-18T23:52:03.7284700Z Using cached tzlocal-5.3.1-py3-none-any.whl (18 kB)
2025-08-18T23:52:03.7296119Z Using cached ujson-5.10.0-cp312-cp312-manylinux_2_17_x86_64.manylinux2014_x86_64.whl (53 kB)
2025-08-18T23:52:03.7307107Z Using cached uvicorn-0.35.0-py3-none-any.whl (66 kB)
2025-08-18T23:52:03.7319059Z Using cached httptools-0.6.4-cp312-cp312-manylinux_2_5_x86_64.manylinux1_x86_64.manylinux_2_17_x86_64.manylinux2014_x86_64.whl (510 kB)
2025-08-18T23:52:03.7333678Z Using cached uvloop-0.21.0-cp312-cp312-manylinux_2_17_x86_64.manylinux2014_x86_64.whl (4.7 MB)
2025-08-18T23:52:03.7378322Z Using cached watchfiles-1.1.0-cp312-cp312-manylinux_2_17_x86_64.manylinux2014_x86_64.whl (452 kB)
2025-08-18T23:52:03.7394531Z Using cached websockets-15.0.1-cp312-cp312-manylinux_2_5_x86_64.manylinux1_x86_64.manylinux_2_17_x86_64.manylinux2014_x86_64.whl (182 kB)
2025-08-18T23:52:03.7405814Z Using cached yapf-0.43.0-py3-none-any.whl (256 kB)
2025-08-18T23:52:03.7418338Z Using cached argon2_cffi-25.1.0-py3-none-any.whl (14 kB)
2025-08-18T23:52:03.7429733Z Using cached argon2_cffi_bindings-25.1.0-cp39-abi3-manylinux_2_26_x86_64.manylinux_2_28_x86_64.whl (87 kB)
2025-08-18T23:52:03.7441047Z Using cached cffi-1.17.1-cp312-cp312-manylinux_2_17_x86_64.manylinux2014_x86_64.whl (479 kB)
2025-08-18T23:52:03.7455189Z Using cached docker-7.1.0-py3-none-any.whl (147 kB)
2025-08-18T23:52:03.7466875Z Using cached et_xmlfile-2.0.0-py3-none-any.whl (18 kB)
2025-08-18T23:52:03.7477729Z Using cached mako-1.3.10-py3-none-any.whl (78 kB)
2025-08-18T23:52:03.7488925Z Using cached pycparser-2.22-py3-none-any.whl (117 kB)
2025-08-18T23:52:03.7500802Z Using cached pycryptodome-3.23.0-cp37-abi3-manylinux_2_17_x86_64.manylinux2014_x86_64.whl (2.3 MB)
2025-08-18T23:52:03.7526925Z Using cached typeguard-4.4.4-py3-none-any.whl (34 kB)
2025-08-18T23:52:03.7538249Z Using cached watchdog-6.0.0-py3-none-manylinux2014_x86_64.whl (79 kB)
2025-08-18T23:52:03.7549059Z Using cached wcwidth-0.2.13-py2.py3-none-any.whl (34 kB)
2025-08-18T23:52:04.2255584Z Installing collected packages: wcwidth, pytz, wrapt, websockets, watchdog, vine, uvloop, urllib3, ujson, tzlocal, tzdata, typing-extensions, tomli_w, tomli, structlog, sniffio, six, shellingham, setuptools, ruff, rignore, PyYAML, python-multipart, python-dotenv, PyJWT, pygments, pycryptodome, pycparser, psycopg2-binary, psycopg-binary, psutil, prompt-toolkit, port-for, pluggy, platformdirs, pathspec, packaging, orjson, numpy, nr-stream, nr-date, mypy-extensions, multimethod, mdurl, MarkupSafe, jmespath, itsdangerous, iniconfig, imapclient, idna, httptools, h11, greenlet, et-xmlfile, docstring-parser, dnspython, coverage, click, charset_normalizer, certifi, billiard, asyncpg, annotated-types, yapf, uvicorn, typing-inspection, typing-inspect, types-requests, typeguard, typeapi, sqlalchemy, sentry-sdk, requests, redis, python-dateutil, pytest, pydantic-core, psycopg, openpyxl, mypy, mirakuru, markdown-it-py, Mako, Jinja2, httpcore, email-validator, Deprecated, click-repl, click-plugins, click-didyoumean, cffi, black, apscheduler, anyio, amqp, watchfiles, starlette, rich, pytest-postgresql, pytest-cov, pytest-asyncio, pydantic, pandas, nr-util, kombu, httpx, docker, databind, botocore, argon2-cffi-bindings, alembic, typer, testcontainers, s3transfer, rich-toolkit, respx, python-telegram-bot, pydantic-settings, pydantic-extra-types, pandera, fastapi, databind.json, databind.core, celery, asgi-correlation-id, argon2-cffi, minio, fastapi-limiter, fastapi-cloud-cli, fastapi-cli, docspec, boto3, docspec-python, pydoc-markdown
2025-08-18T23:52:23.5394706Z 
2025-08-18T23:52:23.5518981Z Successfully installed Deprecated-1.2.18 Jinja2-3.1.6 Mako-1.3.10 MarkupSafe-3.0.2 PyJWT-2.10.1 PyYAML-6.0.2 alembic-1.13.1 amqp-5.3.1 annotated-types-0.7.0 anyio-4.10.0 apscheduler-3.10.4 argon2-cffi-25.1.0 argon2-cffi-bindings-25.1.0 asgi-correlation-id-4.3.1 asyncpg-0.30.0 billiard-4.2.1 black-25.1.0 boto3-1.40.12 botocore-1.40.12 celery-5.4.0 certifi-2025.8.3 cffi-1.17.1 charset_normalizer-3.4.3 click-8.2.1 click-didyoumean-0.3.1 click-plugins-1.1.1.2 click-repl-0.3.0 coverage-7.10.4 databind-4.5.2 databind.core-4.5.2 databind.json-4.5.2 dnspython-2.7.0 docker-7.1.0 docspec-2.2.1 docspec-python-2.2.2 docstring-parser-0.11 email-validator-2.2.0 et-xmlfile-2.0.0 fastapi-0.116.1 fastapi-cli-0.0.8 fastapi-cloud-cli-0.1.5 fastapi-limiter-0.1.6 greenlet-3.2.4 h11-0.16.0 httpcore-1.0.9 httptools-0.6.4 httpx-0.28.1 idna-3.10 imapclient-3.0.1 iniconfig-2.1.0 itsdangerous-2.2.0 jmespath-1.0.1 kombu-5.5.4 markdown-it-py-4.0.0 mdurl-0.1.2 minio-7.2.16 mirakuru-2.6.1 multimethod-1.10 mypy-1.17.1 mypy-extensions-1.1.0 nr-date-2.1.0 nr-stream-1.1.5 nr-util-0.8.12 numpy-1.26.4 openpyxl-3.1.5 orjson-3.11.2 packaging-25.0 pandas-2.2.3 pandera-0.19.3 pathspec-0.12.1 platformdirs-4.3.8 pluggy-1.6.0 port-for-0.7.4 prompt-toolkit-3.0.51 psutil-7.0.0 psycopg-3.2.9 psycopg-binary-3.2.9 psycopg2-binary-2.9.9 pycparser-2.22 pycryptodome-3.23.0 pydantic-2.11.7 pydantic-core-2.33.2 pydantic-extra-types-2.10.5 pydantic-settings-2.10.1 pydoc-markdown-4.8.2 pygments-2.19.2 pytest-8.4.1 pytest-asyncio-0.23.6 pytest-cov-6.2.1 pytest-postgresql-7.0.2 python-dateutil-2.9.0.post0 python-dotenv-1.1.1 python-multipart-0.0.20 python-telegram-bot-22.2 pytz-2025.2 redis-5.3.1 requests-2.32.4 respx-0.22.0 rich-14.1.0 rich-toolkit-0.15.0 rignore-0.6.4 ruff-0.4.4 s3transfer-0.13.1 sentry-sdk-2.35.0 setuptools-80.9.0 shellingham-1.5.4 six-1.17.0 sniffio-1.3.1 sqlalchemy-2.0.29 starlette-0.47.2 structlog-24.1.0 testcontainers-4.10.0 tomli-2.2.1 tomli_w-1.2.0 typeapi-2.2.4 typeguard-4.4.4 typer-0.16.1 types-requests-2.32.0.20240602 typing-extensions-4.14.1 typing-inspect-0.9.0 typing-inspection-0.4.1 tzdata-2025.2 tzlocal-5.3.1 ujson-5.10.0 urllib3-2.5.0 uvicorn-0.35.0 uvloop-0.21.0 vine-5.1.0 watchdog-6.0.0 watchfiles-1.1.0 wcwidth-0.2.13 websockets-15.0.1 wrapt-1.17.3 yapf-0.43.0
2025-08-18T23:52:25.4183061Z Collecting keepa==1.3.15
2025-08-18T23:52:25.4197246Z   Using cached keepa-1.3.15-py3-none-any.whl.metadata (11 kB)
2025-08-18T23:52:25.4459852Z Collecting minio==7.1.15
2025-08-18T23:52:25.4471199Z   Using cached minio-7.1.15-py3-none-any.whl.metadata (4.2 kB)
2025-08-18T23:52:25.4499436Z Requirement already satisfied: numpy>=1.9.3 in /opt/hostedtoolcache/Python/3.12.11/x64/lib/python3.12/site-packages (from keepa==1.3.15) (1.26.4)
2025-08-18T23:52:25.4504935Z Requirement already satisfied: requests>=2.2 in /opt/hostedtoolcache/Python/3.12.11/x64/lib/python3.12/site-packages (from keepa==1.3.15) (2.32.4)
2025-08-18T23:52:25.4833547Z Collecting tqdm (from keepa==1.3.15)
2025-08-18T23:52:25.4845971Z   Using cached tqdm-4.67.1-py3-none-any.whl.metadata (57 kB)
2025-08-18T23:52:25.9665499Z Collecting aiohttp (from keepa==1.3.15)
2025-08-18T23:52:25.9680616Z   Using cached aiohttp-3.12.15-cp312-cp312-manylinux_2_17_x86_64.manylinux2014_x86_64.whl.metadata (7.7 kB)
2025-08-18T23:52:25.9716433Z Requirement already satisfied: pandas<=3.0 in /opt/hostedtoolcache/Python/3.12.11/x64/lib/python3.12/site-packages (from keepa==1.3.15) (2.2.3)
2025-08-18T23:52:25.9720820Z Requirement already satisfied: pydantic in /opt/hostedtoolcache/Python/3.12.11/x64/lib/python3.12/site-packages (from keepa==1.3.15) (2.11.7)
2025-08-18T23:52:25.9729196Z Requirement already satisfied: certifi in /opt/hostedtoolcache/Python/3.12.11/x64/lib/python3.12/site-packages (from minio==7.1.15) (2025.8.3)
2025-08-18T23:52:25.9733532Z Requirement already satisfied: urllib3 in /opt/hostedtoolcache/Python/3.12.11/x64/lib/python3.12/site-packages (from minio==7.1.15) (2.5.0)
2025-08-18T23:52:25.9792199Z Requirement already satisfied: python-dateutil>=2.8.2 in /opt/hostedtoolcache/Python/3.12.11/x64/lib/python3.12/site-packages (from pandas<=3.0->keepa==1.3.15) (2.9.0.post0)
2025-08-18T23:52:25.9797723Z Requirement already satisfied: pytz>=2020.1 in /opt/hostedtoolcache/Python/3.12.11/x64/lib/python3.12/site-packages (from pandas<=3.0->keepa==1.3.15) (2025.2)
2025-08-18T23:52:25.9803763Z Requirement already satisfied: tzdata>=2022.7 in /opt/hostedtoolcache/Python/3.12.11/x64/lib/python3.12/site-packages (from pandas<=3.0->keepa==1.3.15) (2025.2)
2025-08-18T23:52:25.9930834Z Requirement already satisfied: six>=1.5 in /opt/hostedtoolcache/Python/3.12.11/x64/lib/python3.12/site-packages (from python-dateutil>=2.8.2->pandas<=3.0->keepa==1.3.15) (1.17.0)
2025-08-18T23:52:25.9950751Z Requirement already satisfied: charset_normalizer<4,>=2 in /opt/hostedtoolcache/Python/3.12.11/x64/lib/python3.12/site-packages (from requests>=2.2->keepa==1.3.15) (3.4.3)
2025-08-18T23:52:25.9957956Z Requirement already satisfied: idna<4,>=2.5 in /opt/hostedtoolcache/Python/3.12.11/x64/lib/python3.12/site-packages (from requests>=2.2->keepa==1.3.15) (3.10)
2025-08-18T23:52:26.0149647Z Collecting aiohappyeyeballs>=2.5.0 (from aiohttp->keepa==1.3.15)
2025-08-18T23:52:26.0161903Z   Using cached aiohappyeyeballs-2.6.1-py3-none-any.whl.metadata (5.9 kB)
2025-08-18T23:52:26.0251585Z Collecting aiosignal>=1.4.0 (from aiohttp->keepa==1.3.15)
2025-08-18T23:52:26.0263467Z   Using cached aiosignal-1.4.0-py3-none-any.whl.metadata (3.7 kB)
2025-08-18T23:52:26.0410092Z Collecting attrs>=17.3.0 (from aiohttp->keepa==1.3.15)
2025-08-18T23:52:26.0422119Z   Using cached attrs-25.3.0-py3-none-any.whl.metadata (10 kB)
2025-08-18T23:52:26.1082701Z Collecting frozenlist>=1.1.1 (from aiohttp->keepa==1.3.15)
2025-08-18T23:52:26.1097368Z   Using cached frozenlist-1.7.0-cp312-cp312-manylinux_2_5_x86_64.manylinux1_x86_64.manylinux_2_17_x86_64.manylinux2014_x86_64.whl.metadata (18 kB)
2025-08-18T23:52:26.3565161Z Collecting multidict<7.0,>=4.5 (from aiohttp->keepa==1.3.15)
2025-08-18T23:52:26.3581003Z   Using cached multidict-6.6.4-cp312-cp312-manylinux2014_x86_64.manylinux_2_17_x86_64.manylinux_2_28_x86_64.whl.metadata (5.3 kB)
2025-08-18T23:52:26.3993155Z Collecting propcache>=0.2.0 (from aiohttp->keepa==1.3.15)
2025-08-18T23:52:26.4007170Z   Using cached propcache-0.3.2-cp312-cp312-manylinux_2_17_x86_64.manylinux2014_x86_64.whl.metadata (12 kB)
2025-08-18T23:52:26.6356035Z Collecting yarl<2.0,>=1.17.0 (from aiohttp->keepa==1.3.15)
2025-08-18T23:52:26.6370308Z   Using cached yarl-1.20.1-cp312-cp312-manylinux_2_17_x86_64.manylinux2014_x86_64.whl.metadata (73 kB)
2025-08-18T23:52:26.6585924Z Requirement already satisfied: typing-extensions>=4.2 in /opt/hostedtoolcache/Python/3.12.11/x64/lib/python3.12/site-packages (from aiosignal>=1.4.0->aiohttp->keepa==1.3.15) (4.14.1)
2025-08-18T23:52:26.6638987Z Requirement already satisfied: annotated-types>=0.6.0 in /opt/hostedtoolcache/Python/3.12.11/x64/lib/python3.12/site-packages (from pydantic->keepa==1.3.15) (0.7.0)
2025-08-18T23:52:26.6645091Z Requirement already satisfied: pydantic-core==2.33.2 in /opt/hostedtoolcache/Python/3.12.11/x64/lib/python3.12/site-packages (from pydantic->keepa==1.3.15) (2.33.2)
2025-08-18T23:52:26.6653331Z Requirement already satisfied: typing-inspection>=0.4.0 in /opt/hostedtoolcache/Python/3.12.11/x64/lib/python3.12/site-packages (from pydantic->keepa==1.3.15) (0.4.1)
2025-08-18T23:52:26.6714904Z Using cached keepa-1.3.15-py3-none-any.whl (38 kB)
2025-08-18T23:52:26.6726472Z Using cached minio-7.1.15-py3-none-any.whl (77 kB)
2025-08-18T23:52:26.6738587Z Using cached aiohttp-3.12.15-cp312-cp312-manylinux_2_17_x86_64.manylinux2014_x86_64.whl (1.7 MB)
2025-08-18T23:52:26.6762295Z Using cached multidict-6.6.4-cp312-cp312-manylinux2014_x86_64.manylinux_2_17_x86_64.manylinux_2_28_x86_64.whl (256 kB)
2025-08-18T23:52:26.6775234Z Using cached yarl-1.20.1-cp312-cp312-manylinux_2_17_x86_64.manylinux2014_x86_64.whl (355 kB)
2025-08-18T23:52:26.6788794Z Using cached aiohappyeyeballs-2.6.1-py3-none-any.whl (15 kB)
2025-08-18T23:52:26.6799869Z Using cached aiosignal-1.4.0-py3-none-any.whl (7.5 kB)
2025-08-18T23:52:26.6810717Z Using cached attrs-25.3.0-py3-none-any.whl (63 kB)
2025-08-18T23:52:26.6822579Z Using cached frozenlist-1.7.0-cp312-cp312-manylinux_2_5_x86_64.manylinux1_x86_64.manylinux_2_17_x86_64.manylinux2014_x86_64.whl (241 kB)
2025-08-18T23:52:26.6835468Z Using cached propcache-0.3.2-cp312-cp312-manylinux_2_17_x86_64.manylinux2014_x86_64.whl (224 kB)
2025-08-18T23:52:26.6846928Z Using cached tqdm-4.67.1-py3-none-any.whl (78 kB)
2025-08-18T23:52:26.8659699Z Installing collected packages: tqdm, propcache, multidict, minio, frozenlist, attrs, aiohappyeyeballs, yarl, aiosignal, aiohttp, keepa
2025-08-18T23:52:26.9407362Z   Attempting uninstall: minio
2025-08-18T23:52:26.9457165Z     Found existing installation: minio 7.2.16
2025-08-18T23:52:26.9495047Z     Uninstalling minio-7.2.16:
2025-08-18T23:52:26.9505742Z       Successfully uninstalled minio-7.2.16
2025-08-18T23:52:27.3182179Z 
2025-08-18T23:52:27.3295308Z Successfully installed aiohappyeyeballs-2.6.1 aiohttp-3.12.15 aiosignal-1.4.0 attrs-25.3.0 frozenlist-1.7.0 keepa-1.3.15 minio-7.1.15 multidict-6.6.4 propcache-0.3.2 tqdm-4.67.1 yarl-1.20.1
2025-08-18T23:52:27.5168071Z ##[group]Run for i in {1..30}; do pg_isready -h "$PG_HOST" -p "$PG_PORT" -U "$PG_USER" -d "$PG_DATABASE" && break; sleep 1; done
2025-08-18T23:52:27.5168751Z [36;1mfor i in {1..30}; do pg_isready -h "$PG_HOST" -p "$PG_PORT" -U "$PG_USER" -d "$PG_DATABASE" && break; sleep 1; done[0m
2025-08-18T23:52:27.5210260Z shell: /usr/bin/bash -e {0}
2025-08-18T23:52:27.5210497Z env:
2025-08-18T23:52:27.5210699Z   REDIS_URL: redis://localhost:6379/0
2025-08-18T23:52:27.5210965Z   RATE_LIMIT_DEFAULT: 100/minute
2025-08-18T23:52:27.5211202Z   TRUST_X_FORWARDED: 1
2025-08-18T23:52:27.5211524Z   PG_USER: postgres
2025-08-18T23:52:27.5211724Z   PG_PASSWORD: pass
2025-08-18T23:52:27.5211906Z   PG_DATABASE: awa
2025-08-18T23:52:27.5212088Z   PG_HOST: localhost
2025-08-18T23:52:27.5212269Z   PG_PORT: 5432
2025-08-18T23:52:27.5212876Z   PG_SYNC_DSN: ***localhost:5432/awa
2025-08-18T23:52:27.5213289Z   PG_ASYNC_DSN: ***localhost:5432/awa
2025-08-18T23:52:27.5213708Z   DATABASE_URL: ***localhost:5432/awa
2025-08-18T23:52:27.5213940Z   DATA_DIR: /tmp/awa-data
2025-08-18T23:52:27.5214145Z   ENABLE_LIVE: 0
2025-08-18T23:52:27.5214322Z   TESTING: 1
2025-08-18T23:52:27.5214552Z   pythonLocation: /opt/hostedtoolcache/Python/3.12.11/x64
2025-08-18T23:52:27.5214950Z   PKG_CONFIG_PATH: /opt/hostedtoolcache/Python/3.12.11/x64/lib/pkgconfig
2025-08-18T23:52:27.5215350Z   Python_ROOT_DIR: /opt/hostedtoolcache/Python/3.12.11/x64
2025-08-18T23:52:27.5215698Z   Python2_ROOT_DIR: /opt/hostedtoolcache/Python/3.12.11/x64
2025-08-18T23:52:27.5216044Z   Python3_ROOT_DIR: /opt/hostedtoolcache/Python/3.12.11/x64
2025-08-18T23:52:27.5216393Z   LD_LIBRARY_PATH: /opt/hostedtoolcache/Python/3.12.11/x64/lib
2025-08-18T23:52:27.5216683Z ##[endgroup]
2025-08-18T23:52:27.6283524Z localhost:5432 - accepting connections
2025-08-18T23:52:27.6326532Z ##[group]Run alembic -c services/api/alembic.ini upgrade head
2025-08-18T23:52:27.6327303Z [36;1malembic -c services/api/alembic.ini upgrade head[0m
2025-08-18T23:52:27.6385860Z shell: /usr/bin/bash -e {0}
2025-08-18T23:52:27.6386245Z env:
2025-08-18T23:52:27.6386583Z   REDIS_URL: redis://localhost:6379/0
2025-08-18T23:52:27.6387045Z   RATE_LIMIT_DEFAULT: 100/minute
2025-08-18T23:52:27.6387445Z   TRUST_X_FORWARDED: 1
2025-08-18T23:52:27.6387772Z   PG_USER: postgres
2025-08-18T23:52:27.6388369Z   PG_PASSWORD: pass
2025-08-18T23:52:27.6388698Z   PG_DATABASE: awa
2025-08-18T23:52:27.6389011Z   PG_HOST: localhost
2025-08-18T23:52:27.6389328Z   PG_PORT: 5432
2025-08-18T23:52:27.6390032Z   PG_SYNC_DSN: ***localhost:5432/awa
2025-08-18T23:52:27.6390805Z   PG_ASYNC_DSN: ***localhost:5432/awa
2025-08-18T23:52:27.6391785Z   DATABASE_URL: ***localhost:5432/awa
2025-08-18T23:52:27.6392221Z   DATA_DIR: /tmp/awa-data
2025-08-18T23:52:27.6392585Z   ENABLE_LIVE: 0
2025-08-18T23:52:27.6392929Z   TESTING: 1
2025-08-18T23:52:27.6393350Z   pythonLocation: /opt/hostedtoolcache/Python/3.12.11/x64
2025-08-18T23:52:27.6394063Z   PKG_CONFIG_PATH: /opt/hostedtoolcache/Python/3.12.11/x64/lib/pkgconfig
2025-08-18T23:52:27.6394813Z   Python_ROOT_DIR: /opt/hostedtoolcache/Python/3.12.11/x64
2025-08-18T23:52:27.6395430Z   Python2_ROOT_DIR: /opt/hostedtoolcache/Python/3.12.11/x64
2025-08-18T23:52:27.6396056Z   Python3_ROOT_DIR: /opt/hostedtoolcache/Python/3.12.11/x64
2025-08-18T23:52:27.6396667Z   LD_LIBRARY_PATH: /opt/hostedtoolcache/Python/3.12.11/x64/lib
2025-08-18T23:52:27.6397193Z ##[endgroup]
2025-08-18T23:52:28.5420496Z INFO  [alembic.runtime.migration] Context impl PostgresqlImpl.
2025-08-18T23:52:28.5420996Z INFO  [alembic.runtime.migration] Will assume transactional DDL.
2025-08-18T23:52:28.5592950Z INFO  [alembic.runtime.migration] Running upgrade  -> 0001_baseline
2025-08-18T23:52:28.5745032Z INFO  [alembic.runtime.migration] Running upgrade 0001_baseline -> 0002_create_roi_view
2025-08-18T23:52:28.5771749Z INFO  [alembic.runtime.migration] Running upgrade 0002_create_roi_view -> 3e9d5c5aff2c
2025-08-18T23:52:28.5938723Z INFO  [alembic.runtime.migration] Running upgrade 3e9d5c5aff2c -> 0003_vendor_prices
2025-08-18T23:52:28.6087111Z INFO  [alembic.runtime.migration] Running upgrade 0003_vendor_prices -> 0004_fee_cron
2025-08-18T23:52:28.6160166Z INFO  [alembic.runtime.migration] Running upgrade 0004_fee_cron -> 0006_fix_roi_views
2025-08-18T23:52:28.6191676Z INFO  [alembic.runtime.migration] Running upgrade 0006_fix_roi_views -> 0020_unified_schema
2025-08-18T23:52:28.6304880Z INFO  [alembic.runtime.migration] Running upgrade 0020_unified_schema -> 0022_fix_roi_view
2025-08-18T23:52:28.6368966Z INFO  [alembic.runtime.migration] Running upgrade 0022_fix_roi_view -> 0023_add_storage_fee
2025-08-18T23:52:28.6407627Z INFO  [alembic.runtime.migration] Running upgrade 0023_add_storage_fee -> 0024_create_buybox
2025-08-18T23:52:28.6432918Z INFO  [alembic.runtime.migration] Running upgrade 0024_create_buybox -> 0025_pr4_indexes_loadlog
2025-08-18T23:52:28.6639122Z INFO  [alembic.runtime.migration] Running upgrade 0025_pr4_indexes_loadlog -> 0026_amazon_new_reports
2025-08-18T23:52:28.7669203Z ##[group]Run python - <<'PY'
2025-08-18T23:52:28.7669504Z [36;1mpython - <<'PY'[0m
2025-08-18T23:52:28.7669755Z [36;1mfrom fastapi.testclient import TestClient[0m
2025-08-18T23:52:28.7670059Z [36;1mfrom services.api.main import app[0m
2025-08-18T23:52:28.7670324Z [36;1mwith TestClient(app) as c:[0m
2025-08-18T23:52:28.7670580Z [36;1m    r = c.get('/roi-review')[0m
2025-08-18T23:52:28.7670840Z [36;1m    assert r.status_code < 500, r.text[0m
2025-08-18T23:52:28.7671084Z [36;1mPY[0m
2025-08-18T23:52:28.7711871Z shell: /usr/bin/bash -e {0}
2025-08-18T23:52:28.7712107Z env:
2025-08-18T23:52:28.7712309Z   REDIS_URL: redis://localhost:6379/0
2025-08-18T23:52:28.7712573Z   RATE_LIMIT_DEFAULT: 100/minute
2025-08-18T23:52:28.7712800Z   TRUST_X_FORWARDED: 1
2025-08-18T23:52:28.7712992Z   PG_USER: postgres
2025-08-18T23:52:28.7713179Z   PG_PASSWORD: pass
2025-08-18T23:52:28.7713368Z   PG_DATABASE: awa
2025-08-18T23:52:28.7713544Z   PG_HOST: localhost
2025-08-18T23:52:28.7713764Z   PG_PORT: 5432
2025-08-18T23:52:28.7714323Z   PG_SYNC_DSN: ***localhost:5432/awa
2025-08-18T23:52:28.7714755Z   PG_ASYNC_DSN: ***localhost:5432/awa
2025-08-18T23:52:28.7715147Z   DATABASE_URL: ***localhost:5432/awa
2025-08-18T23:52:28.7715378Z   DATA_DIR: /tmp/awa-data
2025-08-18T23:52:28.7715579Z   ENABLE_LIVE: 0
2025-08-18T23:52:28.7715957Z   TESTING: 1
2025-08-18T23:52:28.7716189Z   pythonLocation: /opt/hostedtoolcache/Python/3.12.11/x64
2025-08-18T23:52:28.7716590Z   PKG_CONFIG_PATH: /opt/hostedtoolcache/Python/3.12.11/x64/lib/pkgconfig
2025-08-18T23:52:28.7716976Z   Python_ROOT_DIR: /opt/hostedtoolcache/Python/3.12.11/x64
2025-08-18T23:52:28.7717316Z   Python2_ROOT_DIR: /opt/hostedtoolcache/Python/3.12.11/x64
2025-08-18T23:52:28.7717661Z   Python3_ROOT_DIR: /opt/hostedtoolcache/Python/3.12.11/x64
2025-08-18T23:52:28.7718002Z   LD_LIBRARY_PATH: /opt/hostedtoolcache/Python/3.12.11/x64/lib
2025-08-18T23:52:28.7718289Z ##[endgroup]
2025-08-18T23:52:30.1486384Z WARNING:services.api.errors:{"status_code": 401, "detail": "Not authenticated", "event": "http_error", "request_id": "439a7a48a75e4595a756cb3a82aaff35", "level": "warning", "timestamp": "2025-08-18T23:52:30.148282Z"}
2025-08-18T23:52:30.1490793Z INFO:httpx:HTTP Request: GET http://testserver/roi-review "HTTP/1.1 401 Unauthorized"
2025-08-18T23:52:30.3516148Z ##[group]Run alembic -c services/api/alembic.ini downgrade base
2025-08-18T23:52:30.3516639Z [36;1malembic -c services/api/alembic.ini downgrade base[0m
2025-08-18T23:52:30.3557094Z shell: /usr/bin/bash -e {0}
2025-08-18T23:52:30.3557316Z env:
2025-08-18T23:52:30.3557527Z   REDIS_URL: redis://localhost:6379/0
2025-08-18T23:52:30.3557784Z   RATE_LIMIT_DEFAULT: 100/minute
2025-08-18T23:52:30.3558016Z   TRUST_X_FORWARDED: 1
2025-08-18T23:52:30.3558215Z   PG_USER: postgres
2025-08-18T23:52:30.3558413Z   PG_PASSWORD: pass
2025-08-18T23:52:30.3558591Z   PG_DATABASE: awa
2025-08-18T23:52:30.3558773Z   PG_HOST: localhost
2025-08-18T23:52:30.3558956Z   PG_PORT: 5432
2025-08-18T23:52:30.3559394Z   PG_SYNC_DSN: ***localhost:5432/awa
2025-08-18T23:52:30.3559790Z   PG_ASYNC_DSN: ***localhost:5432/awa
2025-08-18T23:52:30.3560181Z   DATABASE_URL: ***localhost:5432/awa
2025-08-18T23:52:30.3560411Z   DATA_DIR: /tmp/awa-data
2025-08-18T23:52:30.3560617Z   ENABLE_LIVE: 0
2025-08-18T23:52:30.3560821Z   TESTING: 1
2025-08-18T23:52:30.3561063Z   pythonLocation: /opt/hostedtoolcache/Python/3.12.11/x64
2025-08-18T23:52:30.3561646Z   PKG_CONFIG_PATH: /opt/hostedtoolcache/Python/3.12.11/x64/lib/pkgconfig
2025-08-18T23:52:30.3562062Z   Python_ROOT_DIR: /opt/hostedtoolcache/Python/3.12.11/x64
2025-08-18T23:52:30.3562416Z   Python2_ROOT_DIR: /opt/hostedtoolcache/Python/3.12.11/x64
2025-08-18T23:52:30.3562757Z   Python3_ROOT_DIR: /opt/hostedtoolcache/Python/3.12.11/x64
2025-08-18T23:52:30.3563105Z   LD_LIBRARY_PATH: /opt/hostedtoolcache/Python/3.12.11/x64/lib
2025-08-18T23:52:30.3563395Z ##[endgroup]
2025-08-18T23:52:30.8193022Z INFO  [alembic.runtime.migration] Context impl PostgresqlImpl.
2025-08-18T23:52:30.8193775Z INFO  [alembic.runtime.migration] Will assume transactional DDL.
2025-08-18T23:52:30.8276939Z INFO  [alembic.runtime.migration] Running downgrade 0026_amazon_new_reports -> 0025_pr4_indexes_loadlog
2025-08-18T23:52:30.8367550Z INFO  [alembic.runtime.migration] Running downgrade 0025_pr4_indexes_loadlog -> 0024_create_buybox
2025-08-18T23:52:30.8410970Z INFO  [alembic.runtime.migration] Running downgrade 0024_create_buybox -> 0023_add_storage_fee
2025-08-18T23:52:30.8423086Z INFO  [alembic.runtime.migration] Running downgrade 0023_add_storage_fee -> 0022_fix_roi_view
2025-08-18T23:52:30.8578171Z INFO  [alembic.runtime.migration] Running downgrade 0022_fix_roi_view -> 0020_unified_schema
2025-08-18T23:52:30.8602521Z INFO  [alembic.runtime.migration] Running downgrade 0020_unified_schema -> 0006_fix_roi_views
2025-08-18T23:52:30.8638820Z INFO  [alembic.runtime.migration] Running downgrade 0006_fix_roi_views -> 0004_fee_cron
2025-08-18T23:52:30.8650414Z INFO  [alembic.runtime.migration] Running downgrade 0004_fee_cron -> 0003_vendor_prices
2025-08-18T23:52:30.8726516Z INFO  [alembic.runtime.migration] Running downgrade 0003_vendor_prices -> 3e9d5c5aff2c
2025-08-18T23:52:30.8766476Z INFO  [alembic.runtime.migration] Running downgrade 3e9d5c5aff2c -> 0002_create_roi_view
2025-08-18T23:52:30.8803874Z INFO  [alembic.runtime.migration] Running downgrade 0002_create_roi_view -> 0001_baseline
2025-08-18T23:52:30.8813342Z INFO  [alembic.runtime.migration] Running downgrade 0001_baseline -> 
2025-08-18T23:52:30.9705157Z ##[group]Run test "$(alembic -c services/api/alembic.ini heads | wc -l)" -eq 1
2025-08-18T23:52:30.9705680Z [36;1mtest "$(alembic -c services/api/alembic.ini heads | wc -l)" -eq 1[0m
2025-08-18T23:52:30.9745622Z shell: /usr/bin/bash -e {0}
2025-08-18T23:52:30.9745844Z env:
2025-08-18T23:52:30.9746052Z   REDIS_URL: redis://localhost:6379/0
2025-08-18T23:52:30.9746324Z   RATE_LIMIT_DEFAULT: 100/minute
2025-08-18T23:52:30.9746546Z   TRUST_X_FORWARDED: 1
2025-08-18T23:52:30.9746736Z   PG_USER: postgres
2025-08-18T23:52:30.9746925Z   PG_PASSWORD: pass
2025-08-18T23:52:30.9747104Z   PG_DATABASE: awa
2025-08-18T23:52:30.9747280Z   PG_HOST: localhost
2025-08-18T23:52:30.9747464Z   PG_PORT: 5432
2025-08-18T23:52:30.9747899Z   PG_SYNC_DSN: ***localhost:5432/awa
2025-08-18T23:52:30.9748295Z   PG_ASYNC_DSN: ***localhost:5432/awa
2025-08-18T23:52:30.9748683Z   DATABASE_URL: ***localhost:5432/awa
2025-08-18T23:52:30.9748927Z   DATA_DIR: /tmp/awa-data
2025-08-18T23:52:30.9749165Z   ENABLE_LIVE: 0
2025-08-18T23:52:30.9749337Z   TESTING: 1
2025-08-18T23:52:30.9749573Z   pythonLocation: /opt/hostedtoolcache/Python/3.12.11/x64
2025-08-18T23:52:30.9749965Z   PKG_CONFIG_PATH: /opt/hostedtoolcache/Python/3.12.11/x64/lib/pkgconfig
2025-08-18T23:52:30.9750349Z   Python_ROOT_DIR: /opt/hostedtoolcache/Python/3.12.11/x64
2025-08-18T23:52:30.9750684Z   Python2_ROOT_DIR: /opt/hostedtoolcache/Python/3.12.11/x64
2025-08-18T23:52:30.9751027Z   Python3_ROOT_DIR: /opt/hostedtoolcache/Python/3.12.11/x64
2025-08-18T23:52:30.9751497Z   LD_LIBRARY_PATH: /opt/hostedtoolcache/Python/3.12.11/x64/lib
2025-08-18T23:52:30.9751785Z ##[endgroup]
2025-08-18T23:52:31.3432355Z Post job cleanup.
2025-08-18T23:52:31.4987760Z Cache hit occurred on the primary key setup-python-Linux-x64-24.04-Ubuntu-python-3.12.11-pip-5e718741e550cec7917fae13efe91a31293d04a98c3c0932315e8f58598cbd2c, not saving cache.
2025-08-18T23:52:31.5092338Z Post job cleanup.
2025-08-18T23:52:31.6037905Z [command]/usr/bin/git version
2025-08-18T23:52:31.6076186Z git version 2.50.1
2025-08-18T23:52:31.6120078Z Temporarily overriding HOME='/home/runner/work/_temp/730546d0-7cec-42bd-bb76-6350871cac4a' before making global git config changes
2025-08-18T23:52:31.6121644Z Adding repository directory to the temporary git global config as a safe directory
2025-08-18T23:52:31.6134521Z [command]/usr/bin/git config --global --add safe.directory /home/runner/work/AWA-App/AWA-App
2025-08-18T23:52:31.6170162Z [command]/usr/bin/git config --local --name-only --get-regexp core\.sshCommand
2025-08-18T23:52:31.6203448Z [command]/usr/bin/git submodule foreach --recursive sh -c "git config --local --name-only --get-regexp 'core\.sshCommand' && git config --local --unset-all 'core.sshCommand' || :"
2025-08-18T23:52:31.6430882Z [command]/usr/bin/git config --local --name-only --get-regexp http\.https\:\/\/github\.com\/\.extraheader
2025-08-18T23:52:31.6451905Z http.https://github.com/.extraheader
2025-08-18T23:52:31.6467376Z [command]/usr/bin/git config --local --unset-all http.https://github.com/.extraheader
2025-08-18T23:52:31.6498820Z [command]/usr/bin/git submodule foreach --recursive sh -c "git config --local --name-only --get-regexp 'http\.https\:\/\/github\.com\/\.extraheader' && git config --local --unset-all 'http.https://github.com/.extraheader' || :"
2025-08-18T23:52:31.6817846Z Print service container logs: 071bbe61d7fd4beab41dc3cc8003ddab_postgres15_55be79
2025-08-18T23:52:31.6823908Z ##[command]/usr/bin/docker logs --details 76bae95250e17cf8e87223552aebe9ec3b672b9fcc39b9c74369c1914059ad7d
2025-08-18T23:52:31.6944844Z  initdb: warning: enabling "trust" authentication for local connections
2025-08-18T23:52:31.6945368Z  The files belonging to this database system will be owned by user "postgres".
2025-08-18T23:52:31.6946060Z  initdb: hint: You can change this by editing pg_hba.conf or using the option -A, or --auth-local and --auth-host, the next time you run initdb.
2025-08-18T23:52:31.6947164Z  2025-08-18 23:51:43.426 UTC [1] LOG:  starting PostgreSQL 15.14 (Debian 15.14-1.pgdg13+1) on x86_64-pc-linux-gnu, compiled by gcc (Debian 14.2.0-19) 14.2.0, 64-bit
2025-08-18T23:52:31.6947788Z  2025-08-18 23:51:43.426 UTC [1] LOG:  listening on IPv4 address "0.0.0.0", port 5432
2025-08-18T23:52:31.6948227Z  2025-08-18 23:51:43.426 UTC [1] LOG:  listening on IPv6 address "::", port 5432
2025-08-18T23:52:31.6948673Z  2025-08-18 23:51:43.427 UTC [1] LOG:  listening on Unix socket "/var/run/postgresql/.s.PGSQL.5432"
2025-08-18T23:52:31.6949153Z  2025-08-18 23:51:43.430 UTC [64] LOG:  database system was shut down at 2025-08-18 23:51:43 UTC
2025-08-18T23:52:31.6949600Z  2025-08-18 23:51:43.434 UTC [1] LOG:  database system is ready to accept connections
2025-08-18T23:52:31.6949965Z  This user must also own the server process.
2025-08-18T23:52:31.6950211Z  
2025-08-18T23:52:31.6950468Z  The database cluster will be initialized with locale "en_US.utf8".
2025-08-18T23:52:31.6950872Z  The default database encoding has accordingly been set to "UTF8".
2025-08-18T23:52:31.6951264Z  The default text search configuration will be set to "english".
2025-08-18T23:52:31.6951839Z  
2025-08-18T23:52:31.6952016Z  Data page checksums are disabled.
2025-08-18T23:52:31.6952232Z  
2025-08-18T23:52:31.6952502Z  fixing permissions on existing directory /var/lib/postgresql/data ... ok
2025-08-18T23:52:31.6952864Z  creating subdirectories ... ok
2025-08-18T23:52:31.6953154Z  selecting dynamic shared memory implementation ... posix
2025-08-18T23:52:31.6953461Z  selecting default max_connections ... 100
2025-08-18T23:52:31.6953731Z  selecting default shared_buffers ... 128MB
2025-08-18T23:52:31.6953990Z  selecting default time zone ... Etc/UTC
2025-08-18T23:52:31.6954244Z  creating configuration files ... ok
2025-08-18T23:52:31.6954483Z  running bootstrap script ... ok
2025-08-18T23:52:31.6954753Z  performing post-bootstrap initialization ... ok
2025-08-18T23:52:31.6955029Z  syncing data to disk ... ok
2025-08-18T23:52:31.6955235Z  
2025-08-18T23:52:31.6955373Z  
2025-08-18T23:52:31.6955577Z  Success. You can now start the database server using:
2025-08-18T23:52:31.6955852Z  
2025-08-18T23:52:31.6956059Z      pg_ctl -D /var/lib/postgresql/data -l logfile start
2025-08-18T23:52:31.6956658Z  
2025-08-18T23:52:31.6957618Z  waiting for server to start....2025-08-18 23:51:43.083 UTC [48] LOG:  starting PostgreSQL 15.14 (Debian 15.14-1.pgdg13+1) on x86_64-pc-linux-gnu, compiled by gcc (Debian 14.2.0-19) 14.2.0, 64-bit
2025-08-18T23:52:31.6958404Z  2025-08-18 23:51:43.084 UTC [48] LOG:  listening on Unix socket "/var/run/postgresql/.s.PGSQL.5432"
2025-08-18T23:52:31.6958906Z  2025-08-18 23:51:43.088 UTC [51] LOG:  database system was shut down at 2025-08-18 23:51:42 UTC
2025-08-18T23:52:31.6959347Z  2025-08-18 23:51:43.092 UTC [48] LOG:  database system is ready to accept connections
2025-08-18T23:52:31.6959660Z   done
2025-08-18T23:52:31.6959824Z  server started
2025-08-18T23:52:31.6960005Z  CREATE DATABASE
2025-08-18T23:52:31.6960176Z  
2025-08-18T23:52:31.6960313Z  
2025-08-18T23:52:31.6960607Z  /usr/local/bin/docker-entrypoint.sh: ignoring /docker-entrypoint-initdb.d/*
2025-08-18T23:52:31.6960962Z  
2025-08-18T23:52:31.6961182Z  2025-08-18 23:51:43.303 UTC [48] LOG:  received fast shutdown request
2025-08-18T23:52:31.6962276Z  waiting for server to shut down....2025-08-18 23:51:43.305 UTC [48] LOG:  aborting any active transactions
2025-08-18T23:52:31.6962912Z  2025-08-18 23:51:43.306 UTC [48] LOG:  background worker "logical replication launcher" (PID 54) exited with exit code 1
2025-08-18T23:52:31.6963367Z  2025-08-18 23:51:43.307 UTC [49] LOG:  shutting down
2025-08-18T23:52:31.6963701Z  2025-08-18 23:51:43.308 UTC [49] LOG:  checkpoint starting: shutdown immediate
2025-08-18T23:52:31.6964517Z  2025-08-18 23:51:43.330 UTC [49] LOG:  checkpoint complete: wrote 922 buffers (5.6%); 0 WAL file(s) added, 0 removed, 0 recycled; write=0.020 s, sync=0.002 s, total=0.024 s; sync files=301, longest=0.001 s, average=0.001 s; distance=4239 kB, estimate=4239 kB
2025-08-18T23:52:31.6965442Z  2025-08-18 23:51:43.338 UTC [48] LOG:  database system is shut down
2025-08-18T23:52:31.6965723Z   done
2025-08-18T23:52:31.6965884Z  server stopped
2025-08-18T23:52:31.6966053Z  
2025-08-18T23:52:31.6966260Z  PostgreSQL init process complete; ready for start up.
2025-08-18T23:52:31.6966527Z  
2025-08-18T23:52:31.6972176Z Stop and remove container: 071bbe61d7fd4beab41dc3cc8003ddab_postgres15_55be79
2025-08-18T23:52:31.6977053Z ##[command]/usr/bin/docker rm --force 76bae95250e17cf8e87223552aebe9ec3b672b9fcc39b9c74369c1914059ad7d
2025-08-18T23:52:32.3638599Z 76bae95250e17cf8e87223552aebe9ec3b672b9fcc39b9c74369c1914059ad7d
2025-08-18T23:52:32.3659585Z Print service container logs: 46f0eb5d0d4c477c91801e1039fa04c3_redis7alpine_dde549
2025-08-18T23:52:32.3660854Z ##[command]/usr/bin/docker logs --details 87f6e99400670640e64287bf4ed93839e9ff4174e0ce42f4cb1a077d0ac3d565
2025-08-18T23:52:32.3784747Z  1:C 18 Aug 2025 23:51:43.528 # WARNING Memory overcommit must be enabled! Without it, a background save or replication may fail under low memory condition. Being disabled, it can also cause failures without low memory condition, see https://github.com/jemalloc/jemalloc/issues/1328. To fix this issue add 'vm.overcommit_memory = 1' to /etc/sysctl.conf and then reboot or run the command 'sysctl vm.overcommit_memory=1' for this to take effect.
2025-08-18T23:52:32.3787352Z  1:C 18 Aug 2025 23:51:43.528 * oO0OoO0OoO0Oo Redis is starting oO0OoO0OoO0Oo
2025-08-18T23:52:32.3788117Z  1:C 18 Aug 2025 23:51:43.528 * Redis version=7.4.5, bits=64, commit=00000000, modified=0, pid=1, just started
2025-08-18T23:52:32.3789264Z  1:C 18 Aug 2025 23:51:43.528 # Warning: no config file specified, using the default config. In order to specify a config file use redis-server /path/to/redis.conf
2025-08-18T23:52:32.3790194Z  1:M 18 Aug 2025 23:51:43.528 * monotonic clock: POSIX clock_gettime
2025-08-18T23:52:32.3790739Z  1:M 18 Aug 2025 23:51:43.529 * Running mode=standalone, port=6379.
2025-08-18T23:52:32.3791252Z  1:M 18 Aug 2025 23:51:43.529 * Server initialized
2025-08-18T23:52:32.3791929Z  1:M 18 Aug 2025 23:51:43.529 * Ready to accept connections tcp
2025-08-18T23:52:32.3799135Z Stop and remove container: 46f0eb5d0d4c477c91801e1039fa04c3_redis7alpine_dde549
2025-08-18T23:52:32.3799901Z ##[command]/usr/bin/docker rm --force 87f6e99400670640e64287bf4ed93839e9ff4174e0ce42f4cb1a077d0ac3d565
2025-08-18T23:52:32.4952664Z 87f6e99400670640e64287bf4ed93839e9ff4174e0ce42f4cb1a077d0ac3d565
2025-08-18T23:52:32.4975818Z Remove container network: github_network_e7d970035ec340c58495442405873651
2025-08-18T23:52:32.4980706Z ##[command]/usr/bin/docker network rm github_network_e7d970035ec340c58495442405873651
2025-08-18T23:52:32.6237849Z github_network_e7d970035ec340c58495442405873651
2025-08-18T23:52:32.6296174Z Cleaning up orphan processes
