2025-08-20T19:20:46.2613935Z Current runner version: '2.328.0'
2025-08-20T19:20:46.2638397Z ##[group]Runner Image Provisioner
2025-08-20T19:20:46.2639412Z Hosted Compute Agent
2025-08-20T19:20:46.2639919Z Version: 20250818.377
2025-08-20T19:20:46.2640609Z Commit: 3c593e9f75fe0b87e893bca80d6e12ba089c61fc
2025-08-20T19:20:46.2641272Z Build Date: 2025-08-18T14:52:18Z
2025-08-20T19:20:46.2641860Z ##[endgroup]
2025-08-20T19:20:46.2642433Z ##[group]Operating System
2025-08-20T19:20:46.2643017Z Ubuntu
2025-08-20T19:20:46.2643460Z 24.04.2
2025-08-20T19:20:46.2643955Z LTS
2025-08-20T19:20:46.2644397Z ##[endgroup]
2025-08-20T19:20:46.2644890Z ##[group]Runner Image
2025-08-20T19:20:46.2645497Z Image: ubuntu-24.04
2025-08-20T19:20:46.2645991Z Version: 20250810.1.0
2025-08-20T19:20:46.2647293Z Included Software: https://github.com/actions/runner-images/blob/ubuntu24/20250810.1/images/ubuntu/Ubuntu2404-Readme.md
2025-08-20T19:20:46.2648903Z Image Release: https://github.com/actions/runner-images/releases/tag/ubuntu24%2F20250810.1
2025-08-20T19:20:46.2649852Z ##[endgroup]
2025-08-20T19:20:46.2652362Z ##[group]GITHUB_TOKEN Permissions
2025-08-20T19:20:46.2654649Z Actions: write
2025-08-20T19:20:46.2655268Z Attestations: write
2025-08-20T19:20:46.2655766Z Checks: write
2025-08-20T19:20:46.2656253Z Contents: write
2025-08-20T19:20:46.2656710Z Deployments: write
2025-08-20T19:20:46.2657662Z Discussions: write
2025-08-20T19:20:46.2658139Z Issues: write
2025-08-20T19:20:46.2658661Z Metadata: read
2025-08-20T19:20:46.2659128Z Models: read
2025-08-20T19:20:46.2659621Z Packages: write
2025-08-20T19:20:46.2660152Z Pages: write
2025-08-20T19:20:46.2660631Z PullRequests: write
2025-08-20T19:20:46.2661207Z RepositoryProjects: write
2025-08-20T19:20:46.2661729Z SecurityEvents: write
2025-08-20T19:20:46.2662417Z Statuses: write
2025-08-20T19:20:46.2662880Z ##[endgroup]
2025-08-20T19:20:46.2665182Z Secret source: Actions
2025-08-20T19:20:46.2666229Z Prepare workflow directory
2025-08-20T19:20:46.3086290Z Prepare all required actions
2025-08-20T19:20:46.3123195Z Getting action download info
2025-08-20T19:20:46.6172374Z Download action repository 'actions/checkout@v4' (SHA:08eba0b27e820071cde6df949e0beb9ba4906955)
2025-08-20T19:20:46.8515608Z Download action repository 'actions/setup-python@v5' (SHA:a26af69be951a213d495a4c3e4e4022e16d87065)
2025-08-20T19:20:47.1763297Z Complete job name: migrations-check
2025-08-20T19:20:47.2295694Z ##[group]Checking docker version
2025-08-20T19:20:47.2310680Z ##[command]/usr/bin/docker version --format '{{.Server.APIVersion}}'
2025-08-20T19:20:47.2683363Z '1.48'
2025-08-20T19:20:47.2695168Z Docker daemon API version: '1.48'
2025-08-20T19:20:47.2696299Z ##[command]/usr/bin/docker version --format '{{.Client.APIVersion}}'
2025-08-20T19:20:47.2872067Z '1.48'
2025-08-20T19:20:47.2885736Z Docker client API version: '1.48'
2025-08-20T19:20:47.2891938Z ##[endgroup]
2025-08-20T19:20:47.2896160Z ##[group]Clean up resources from previous jobs
2025-08-20T19:20:47.2902509Z ##[command]/usr/bin/docker ps --all --quiet --no-trunc --filter "label=b9ad49"
2025-08-20T19:20:47.3066307Z ##[command]/usr/bin/docker network prune --force --filter "label=b9ad49"
2025-08-20T19:20:47.3204184Z ##[endgroup]
2025-08-20T19:20:47.3204754Z ##[group]Create local container network
2025-08-20T19:20:47.3215608Z ##[command]/usr/bin/docker network create --label b9ad49 github_network_5648d8338bf14ce2b681ee12e4fdd84d
2025-08-20T19:20:47.3851293Z b28d561dbaeba04ca43c6717891755b10e7021a51d9767cd93601c23b6e31038
2025-08-20T19:20:47.3870967Z ##[endgroup]
2025-08-20T19:20:47.3894815Z ##[group]Starting postgres service container
2025-08-20T19:20:47.3914072Z ##[command]/usr/bin/docker pull postgres:15
2025-08-20T19:20:47.5991723Z 15: Pulling from library/postgres
2025-08-20T19:20:47.6535858Z 396b1da7636e: Pulling fs layer
2025-08-20T19:20:47.6537259Z fca2566eba32: Pulling fs layer
2025-08-20T19:20:47.6538226Z 631fe8c6d606: Pulling fs layer
2025-08-20T19:20:47.6539599Z 77c7671c4414: Pulling fs layer
2025-08-20T19:20:47.6540674Z 2d9e29180a27: Pulling fs layer
2025-08-20T19:20:47.6541560Z c6bcc2c9a041: Pulling fs layer
2025-08-20T19:20:47.6542677Z ac4b721eb66f: Pulling fs layer
2025-08-20T19:20:47.6543476Z 606bd164980e: Pulling fs layer
2025-08-20T19:20:47.6544258Z f5dfd246bc6e: Pulling fs layer
2025-08-20T19:20:47.6545072Z ba7036bb0a60: Pulling fs layer
2025-08-20T19:20:47.6545875Z 799f859abbbd: Pulling fs layer
2025-08-20T19:20:47.6546667Z d903e777080c: Pulling fs layer
2025-08-20T19:20:47.6547729Z 04adcb462801: Pulling fs layer
2025-08-20T19:20:47.6548504Z 5c10925b29ff: Pulling fs layer
2025-08-20T19:20:47.6549268Z f5dfd246bc6e: Waiting
2025-08-20T19:20:47.6549988Z ba7036bb0a60: Waiting
2025-08-20T19:20:47.6550710Z 799f859abbbd: Waiting
2025-08-20T19:20:47.6551411Z d903e777080c: Waiting
2025-08-20T19:20:47.6552527Z 04adcb462801: Waiting
2025-08-20T19:20:47.6553435Z 5c10925b29ff: Waiting
2025-08-20T19:20:47.6554256Z c6bcc2c9a041: Waiting
2025-08-20T19:20:47.6555065Z 77c7671c4414: Waiting
2025-08-20T19:20:47.6556156Z ac4b721eb66f: Waiting
2025-08-20T19:20:47.6557326Z 2d9e29180a27: Waiting
2025-08-20T19:20:47.6558468Z 606bd164980e: Waiting
2025-08-20T19:20:47.7141301Z fca2566eba32: Download complete
2025-08-20T19:20:47.7914841Z 77c7671c4414: Verifying Checksum
2025-08-20T19:20:47.7918485Z 77c7671c4414: Download complete
2025-08-20T19:20:47.8635423Z 631fe8c6d606: Verifying Checksum
2025-08-20T19:20:47.8637932Z 631fe8c6d606: Download complete
2025-08-20T19:20:47.9418984Z c6bcc2c9a041: Verifying Checksum
2025-08-20T19:20:47.9426712Z c6bcc2c9a041: Download complete
2025-08-20T19:20:47.9462591Z 2d9e29180a27: Verifying Checksum
2025-08-20T19:20:47.9464690Z 2d9e29180a27: Download complete
2025-08-20T19:20:48.0140895Z 606bd164980e: Download complete
2025-08-20T19:20:48.0271491Z ac4b721eb66f: Verifying Checksum
2025-08-20T19:20:48.0275386Z ac4b721eb66f: Download complete
2025-08-20T19:20:48.0330811Z 396b1da7636e: Verifying Checksum
2025-08-20T19:20:48.0333506Z 396b1da7636e: Download complete
2025-08-20T19:20:48.0937369Z ba7036bb0a60: Verifying Checksum
2025-08-20T19:20:48.0940846Z ba7036bb0a60: Download complete
2025-08-20T19:20:48.0967295Z 799f859abbbd: Verifying Checksum
2025-08-20T19:20:48.0971512Z 799f859abbbd: Download complete
2025-08-20T19:20:48.1654486Z 04adcb462801: Verifying Checksum
2025-08-20T19:20:48.1659111Z 04adcb462801: Download complete
2025-08-20T19:20:48.1685450Z d903e777080c: Verifying Checksum
2025-08-20T19:20:48.1687889Z d903e777080c: Download complete
2025-08-20T19:20:48.2208726Z 5c10925b29ff: Verifying Checksum
2025-08-20T19:20:48.2209982Z 5c10925b29ff: Download complete
2025-08-20T19:20:49.0941610Z 396b1da7636e: Pull complete
2025-08-20T19:20:50.2865344Z f5dfd246bc6e: Verifying Checksum
2025-08-20T19:20:50.2866276Z f5dfd246bc6e: Download complete
2025-08-20T19:20:50.7530551Z fca2566eba32: Pull complete
2025-08-20T19:20:50.9317028Z 631fe8c6d606: Pull complete
2025-08-20T19:20:50.9709390Z 77c7671c4414: Pull complete
2025-08-20T19:20:51.3034462Z 2d9e29180a27: Pull complete
2025-08-20T19:20:51.3905629Z c6bcc2c9a041: Pull complete
2025-08-20T19:20:51.3997047Z ac4b721eb66f: Pull complete
2025-08-20T19:20:51.4100960Z 606bd164980e: Pull complete
2025-08-20T19:20:54.5931942Z f5dfd246bc6e: Pull complete
2025-08-20T19:20:54.6092303Z ba7036bb0a60: Pull complete
2025-08-20T19:20:54.6189476Z 799f859abbbd: Pull complete
2025-08-20T19:20:54.6298668Z d903e777080c: Pull complete
2025-08-20T19:20:54.6393778Z 04adcb462801: Pull complete
2025-08-20T19:20:54.6519901Z 5c10925b29ff: Pull complete
2025-08-20T19:20:54.6574684Z Digest: sha256:bc51cf4f1fe02cce7ed2370b20128a9b00b4eb804573a77d2a0d877aaa9c82b1
2025-08-20T19:20:54.6589600Z Status: Downloaded newer image for postgres:15
2025-08-20T19:20:54.6599621Z docker.io/library/postgres:15
2025-08-20T19:20:54.6662341Z ##[command]/usr/bin/docker create --name 4d39ea4458fa4ac4840274c0e0fb9784_postgres15_077dfa --label b9ad49 --network github_network_5648d8338bf14ce2b681ee12e4fdd84d --network-alias postgres -p 5432:5432 --health-cmd="pg_isready -U postgres -d awa" --health-interval=5s --health-timeout=5s --health-retries=10 -e "POSTGRES_USER=postgres" -e "POSTGRES_PASSWORD=pass" -e "POSTGRES_DB=awa" -e GITHUB_ACTIONS=true -e CI=true postgres:15
2025-08-20T19:20:54.6901046Z 23859ec1b18738b51478345559a4c8c8c43b82895bac2f89df00561a2642f451
2025-08-20T19:20:54.6922304Z ##[command]/usr/bin/docker start 23859ec1b18738b51478345559a4c8c8c43b82895bac2f89df00561a2642f451
2025-08-20T19:20:54.9903708Z 23859ec1b18738b51478345559a4c8c8c43b82895bac2f89df00561a2642f451
2025-08-20T19:20:54.9927922Z ##[command]/usr/bin/docker ps --all --filter id=23859ec1b18738b51478345559a4c8c8c43b82895bac2f89df00561a2642f451 --filter status=running --no-trunc --format "{{.ID}} {{.Status}}"
2025-08-20T19:20:55.0094470Z 23859ec1b18738b51478345559a4c8c8c43b82895bac2f89df00561a2642f451 Up Less than a second (health: starting)
2025-08-20T19:20:55.0114261Z ##[command]/usr/bin/docker port 23859ec1b18738b51478345559a4c8c8c43b82895bac2f89df00561a2642f451
2025-08-20T19:20:55.0241005Z 5432/tcp -> 0.0.0.0:5432
2025-08-20T19:20:55.0241432Z 5432/tcp -> [::]:5432
2025-08-20T19:20:55.0290765Z ##[endgroup]
2025-08-20T19:20:55.0291650Z ##[group]Starting redis service container
2025-08-20T19:20:55.0292982Z ##[command]/usr/bin/docker pull redis:7-alpine
2025-08-20T19:20:55.2167282Z 7-alpine: Pulling from library/redis
2025-08-20T19:20:55.2770241Z 0368fd46e3c6: Pulling fs layer
2025-08-20T19:20:55.2771570Z 4c55286bbede: Pulling fs layer
2025-08-20T19:20:55.2779080Z 5e28347af205: Pulling fs layer
2025-08-20T19:20:55.2779504Z 311eca34042e: Pulling fs layer
2025-08-20T19:20:55.2780083Z e6fe6f07e192: Pulling fs layer
2025-08-20T19:20:55.2780492Z a2cadbfeca72: Pulling fs layer
2025-08-20T19:20:55.2780877Z 4f4fb700ef54: Pulling fs layer
2025-08-20T19:20:55.2781257Z a976ed7e7808: Pulling fs layer
2025-08-20T19:20:55.2781640Z e6fe6f07e192: Waiting
2025-08-20T19:20:55.2781989Z a2cadbfeca72: Waiting
2025-08-20T19:20:55.2782307Z 4f4fb700ef54: Waiting
2025-08-20T19:20:55.2782775Z a976ed7e7808: Waiting
2025-08-20T19:20:55.2783075Z 311eca34042e: Waiting
2025-08-20T19:20:55.3230860Z 4c55286bbede: Verifying Checksum
2025-08-20T19:20:55.3232036Z 4c55286bbede: Download complete
2025-08-20T19:20:55.3576231Z 5e28347af205: Verifying Checksum
2025-08-20T19:20:55.3577190Z 5e28347af205: Download complete
2025-08-20T19:20:55.4187837Z 0368fd46e3c6: Verifying Checksum
2025-08-20T19:20:55.4192505Z 0368fd46e3c6: Download complete
2025-08-20T19:20:55.4760355Z a2cadbfeca72: Verifying Checksum
2025-08-20T19:20:55.4763978Z a2cadbfeca72: Download complete
2025-08-20T19:20:55.5339618Z 311eca34042e: Verifying Checksum
2025-08-20T19:20:55.5340110Z 311eca34042e: Download complete
2025-08-20T19:20:55.5424855Z 4f4fb700ef54: Download complete
2025-08-20T19:20:55.5543145Z 0368fd46e3c6: Pull complete
2025-08-20T19:20:55.5880288Z 4c55286bbede: Pull complete
2025-08-20T19:20:55.5895928Z a976ed7e7808: Verifying Checksum
2025-08-20T19:20:55.5897023Z a976ed7e7808: Download complete
2025-08-20T19:20:55.6153732Z e6fe6f07e192: Verifying Checksum
2025-08-20T19:20:55.6154559Z e6fe6f07e192: Download complete
2025-08-20T19:20:55.7428558Z 5e28347af205: Pull complete
2025-08-20T19:20:55.7687947Z 311eca34042e: Pull complete
2025-08-20T19:20:55.9662724Z e6fe6f07e192: Pull complete
2025-08-20T19:20:55.9762094Z a2cadbfeca72: Pull complete
2025-08-20T19:20:55.9829541Z 4f4fb700ef54: Pull complete
2025-08-20T19:20:55.9912241Z a976ed7e7808: Pull complete
2025-08-20T19:20:55.9948394Z Digest: sha256:bb186d083732f669da90be8b0f975a37812b15e913465bb14d845db72a4e3e08
2025-08-20T19:20:55.9958138Z Status: Downloaded newer image for redis:7-alpine
2025-08-20T19:20:55.9965007Z docker.io/library/redis:7-alpine
2025-08-20T19:20:55.9982309Z ##[command]/usr/bin/docker create --name beb18d84f5ff4ffcaeec47bb950c8e40_redis7alpine_6f99a7 --label b9ad49 --network github_network_5648d8338bf14ce2b681ee12e4fdd84d --network-alias redis -p 6379:6379  -e GITHUB_ACTIONS=true -e CI=true redis:7-alpine
2025-08-20T19:20:56.0194028Z eb50551012d7cd4d1995a58b41f220b462f7d7349a0210ca11abef8e39848621
2025-08-20T19:20:56.0208516Z ##[command]/usr/bin/docker start eb50551012d7cd4d1995a58b41f220b462f7d7349a0210ca11abef8e39848621
2025-08-20T19:20:56.1584950Z eb50551012d7cd4d1995a58b41f220b462f7d7349a0210ca11abef8e39848621
2025-08-20T19:20:56.1604063Z ##[command]/usr/bin/docker ps --all --filter id=eb50551012d7cd4d1995a58b41f220b462f7d7349a0210ca11abef8e39848621 --filter status=running --no-trunc --format "{{.ID}} {{.Status}}"
2025-08-20T19:20:56.1729563Z eb50551012d7cd4d1995a58b41f220b462f7d7349a0210ca11abef8e39848621 Up Less than a second
2025-08-20T19:20:56.1742976Z ##[command]/usr/bin/docker port eb50551012d7cd4d1995a58b41f220b462f7d7349a0210ca11abef8e39848621
2025-08-20T19:20:56.1857054Z 6379/tcp -> 0.0.0.0:6379
2025-08-20T19:20:56.1857437Z 6379/tcp -> [::]:6379
2025-08-20T19:20:56.1870328Z ##[endgroup]
2025-08-20T19:20:56.1879845Z ##[group]Waiting for all services to be ready
2025-08-20T19:20:56.1893221Z ##[command]/usr/bin/docker inspect --format="{{if .Config.Healthcheck}}{{print .State.Health.Status}}{{end}}" 23859ec1b18738b51478345559a4c8c8c43b82895bac2f89df00561a2642f451
2025-08-20T19:20:56.2003346Z starting
2025-08-20T19:20:56.2023157Z postgres service is starting, waiting 2 seconds before checking again.
2025-08-20T19:20:58.2017774Z ##[command]/usr/bin/docker inspect --format="{{if .Config.Healthcheck}}{{print .State.Health.Status}}{{end}}" 23859ec1b18738b51478345559a4c8c8c43b82895bac2f89df00561a2642f451
2025-08-20T19:20:58.2136255Z starting
2025-08-20T19:20:58.2150001Z postgres service is starting, waiting 4 seconds before checking again.
2025-08-20T19:21:02.5795770Z ##[command]/usr/bin/docker inspect --format="{{if .Config.Healthcheck}}{{print .State.Health.Status}}{{end}}" 23859ec1b18738b51478345559a4c8c8c43b82895bac2f89df00561a2642f451
2025-08-20T19:21:02.5914812Z healthy
2025-08-20T19:21:02.5932529Z postgres service is healthy.
2025-08-20T19:21:02.5933295Z ##[command]/usr/bin/docker inspect --format="{{if .Config.Healthcheck}}{{print .State.Health.Status}}{{end}}" eb50551012d7cd4d1995a58b41f220b462f7d7349a0210ca11abef8e39848621
2025-08-20T19:21:02.6055245Z redis service is healthy.
2025-08-20T19:21:02.6055911Z ##[endgroup]
2025-08-20T19:21:02.6300658Z ##[group]Run actions/checkout@v4
2025-08-20T19:21:02.6301165Z with:
2025-08-20T19:21:02.6301359Z   repository: AlexBomber12/AWA-App
2025-08-20T19:21:02.6301736Z   token: ***
2025-08-20T19:21:02.6301911Z   ssh-strict: true
2025-08-20T19:21:02.6302090Z   ssh-user: git
2025-08-20T19:21:02.6302275Z   persist-credentials: true
2025-08-20T19:21:02.6302478Z   clean: true
2025-08-20T19:21:02.6302664Z   sparse-checkout-cone-mode: true
2025-08-20T19:21:02.6302887Z   fetch-depth: 1
2025-08-20T19:21:02.6303052Z   fetch-tags: false
2025-08-20T19:21:02.6303229Z   show-progress: true
2025-08-20T19:21:02.6303401Z   lfs: false
2025-08-20T19:21:02.6303560Z   submodules: false
2025-08-20T19:21:02.6303731Z   set-safe-directory: true
2025-08-20T19:21:02.6304101Z env:
2025-08-20T19:21:02.6304314Z   REDIS_URL: redis://localhost:6379/0
2025-08-20T19:21:02.6304562Z   RATE_LIMIT_DEFAULT: 100/minute
2025-08-20T19:21:02.6304766Z   TRUST_X_FORWARDED: 1
2025-08-20T19:21:02.6304944Z ##[endgroup]
2025-08-20T19:21:02.7435436Z Syncing repository: AlexBomber12/AWA-App
2025-08-20T19:21:02.7436660Z ##[group]Getting Git version info
2025-08-20T19:21:02.7437186Z Working directory is '/home/runner/work/AWA-App/AWA-App'
2025-08-20T19:21:02.7437682Z [command]/usr/bin/git version
2025-08-20T19:21:02.7461666Z git version 2.50.1
2025-08-20T19:21:02.7488552Z ##[endgroup]
2025-08-20T19:21:02.7504346Z Temporarily overriding HOME='/home/runner/work/_temp/68e59db6-2c53-4b82-ab3b-08ef14c4eee3' before making global git config changes
2025-08-20T19:21:02.7505641Z Adding repository directory to the temporary git global config as a safe directory
2025-08-20T19:21:02.7518187Z [command]/usr/bin/git config --global --add safe.directory /home/runner/work/AWA-App/AWA-App
2025-08-20T19:21:02.7551426Z Deleting the contents of '/home/runner/work/AWA-App/AWA-App'
2025-08-20T19:21:02.7554856Z ##[group]Initializing the repository
2025-08-20T19:21:02.7558939Z [command]/usr/bin/git init /home/runner/work/AWA-App/AWA-App
2025-08-20T19:21:02.7613737Z hint: Using 'master' as the name for the initial branch. This default branch name
2025-08-20T19:21:02.7614796Z hint: is subject to change. To configure the initial branch name to use in all
2025-08-20T19:21:02.7615586Z hint: of your new repositories, which will suppress this warning, call:
2025-08-20T19:21:02.7616155Z hint:
2025-08-20T19:21:02.7616563Z hint: 	git config --global init.defaultBranch <name>
2025-08-20T19:21:02.7617249Z hint:
2025-08-20T19:21:02.7617708Z hint: Names commonly chosen instead of 'master' are 'main', 'trunk' and
2025-08-20T19:21:02.7618206Z hint: 'development'. The just-created branch can be renamed via this command:
2025-08-20T19:21:02.7618543Z hint:
2025-08-20T19:21:02.7618731Z hint: 	git branch -m <name>
2025-08-20T19:21:02.7618925Z hint:
2025-08-20T19:21:02.7619217Z hint: Disable this message with "git config set advice.defaultBranchName false"
2025-08-20T19:21:02.7619682Z Initialized empty Git repository in /home/runner/work/AWA-App/AWA-App/.git/
2025-08-20T19:21:02.7627207Z [command]/usr/bin/git remote add origin https://github.com/AlexBomber12/AWA-App
2025-08-20T19:21:02.7657695Z ##[endgroup]
2025-08-20T19:21:02.7658052Z ##[group]Disabling automatic garbage collection
2025-08-20T19:21:02.7661849Z [command]/usr/bin/git config --local gc.auto 0
2025-08-20T19:21:02.7689372Z ##[endgroup]
2025-08-20T19:21:02.7689819Z ##[group]Setting up auth
2025-08-20T19:21:02.7696086Z [command]/usr/bin/git config --local --name-only --get-regexp core\.sshCommand
2025-08-20T19:21:02.7725306Z [command]/usr/bin/git submodule foreach --recursive sh -c "git config --local --name-only --get-regexp 'core\.sshCommand' && git config --local --unset-all 'core.sshCommand' || :"
2025-08-20T19:21:02.7980645Z [command]/usr/bin/git config --local --name-only --get-regexp http\.https\:\/\/github\.com\/\.extraheader
2025-08-20T19:21:02.8011612Z [command]/usr/bin/git submodule foreach --recursive sh -c "git config --local --name-only --get-regexp 'http\.https\:\/\/github\.com\/\.extraheader' && git config --local --unset-all 'http.https://github.com/.extraheader' || :"
2025-08-20T19:21:02.8233705Z [command]/usr/bin/git config --local http.https://github.com/.extraheader AUTHORIZATION: basic ***
2025-08-20T19:21:02.8269316Z ##[endgroup]
2025-08-20T19:21:02.8269940Z ##[group]Fetching the repository
2025-08-20T19:21:02.8287312Z [command]/usr/bin/git -c protocol.version=2 fetch --no-tags --prune --no-recurse-submodules --depth=1 origin +517c0dcb88728772bd595dce7ff3a805c78ac4f0:refs/remotes/origin/main
2025-08-20T19:21:03.0667092Z From https://github.com/AlexBomber12/AWA-App
2025-08-20T19:21:03.0667891Z  * [new ref]         517c0dcb88728772bd595dce7ff3a805c78ac4f0 -> origin/main
2025-08-20T19:21:03.0693412Z ##[endgroup]
2025-08-20T19:21:03.0693980Z ##[group]Determining the checkout info
2025-08-20T19:21:03.0695464Z ##[endgroup]
2025-08-20T19:21:03.0701346Z [command]/usr/bin/git sparse-checkout disable
2025-08-20T19:21:03.0742128Z [command]/usr/bin/git config --local --unset-all extensions.worktreeConfig
2025-08-20T19:21:03.0770563Z ##[group]Checking out the ref
2025-08-20T19:21:03.0774830Z [command]/usr/bin/git checkout --progress --force -B main refs/remotes/origin/main
2025-08-20T19:21:03.1121502Z Switched to a new branch 'main'
2025-08-20T19:21:03.1122435Z branch 'main' set up to track 'origin/main'.
2025-08-20T19:21:03.1130585Z ##[endgroup]
2025-08-20T19:21:03.1169968Z [command]/usr/bin/git log -1 --format=%H
2025-08-20T19:21:03.1193257Z 517c0dcb88728772bd595dce7ff3a805c78ac4f0
2025-08-20T19:21:03.1355678Z ##[group]Run cat .env.ci >> "$GITHUB_ENV"
2025-08-20T19:21:03.1356026Z [36;1mcat .env.ci >> "$GITHUB_ENV"[0m
2025-08-20T19:21:03.1356731Z [36;1mecho "DATABASE_URL=***localhost:5432/awa" >> "$GITHUB_ENV"[0m
2025-08-20T19:21:03.1357232Z [36;1mecho "PG_HOST=localhost" >> "$GITHUB_ENV"[0m
2025-08-20T19:21:03.1357520Z [36;1mecho "PG_PORT=5432" >> "$GITHUB_ENV"[0m
2025-08-20T19:21:03.1357789Z [36;1mecho "PG_USER=postgres" >> "$GITHUB_ENV"[0m
2025-08-20T19:21:03.1358077Z [36;1mecho "PG_PASSWORD=pass" >> "$GITHUB_ENV"[0m
2025-08-20T19:21:03.1358530Z [36;1mecho "PG_DATABASE=awa" >> "$GITHUB_ENV"[0m
2025-08-20T19:21:03.1404209Z shell: /usr/bin/bash -e {0}
2025-08-20T19:21:03.1404437Z env:
2025-08-20T19:21:03.1404633Z   REDIS_URL: redis://localhost:6379/0
2025-08-20T19:21:03.1404886Z   RATE_LIMIT_DEFAULT: 100/minute
2025-08-20T19:21:03.1405093Z   TRUST_X_FORWARDED: 1
2025-08-20T19:21:03.1405277Z ##[endgroup]
2025-08-20T19:21:03.1580516Z ##[group]Run actions/setup-python@v5
2025-08-20T19:21:03.1580780Z with:
2025-08-20T19:21:03.1580946Z   python-version: 3.12
2025-08-20T19:21:03.1581141Z   cache: pip
2025-08-20T19:21:03.1581339Z   cache-dependency-path: requirements-dev.txt
2025-08-20T19:21:03.1581607Z   check-latest: false
2025-08-20T19:21:03.1581913Z   token: ***
2025-08-20T19:21:03.1582092Z   update-environment: true
2025-08-20T19:21:03.1582309Z   allow-prereleases: false
2025-08-20T19:21:03.1582507Z   freethreaded: false
2025-08-20T19:21:03.1582688Z env:
2025-08-20T19:21:03.1582862Z   REDIS_URL: redis://localhost:6379/0
2025-08-20T19:21:03.1583130Z   RATE_LIMIT_DEFAULT: 100/minute
2025-08-20T19:21:03.1583338Z   TRUST_X_FORWARDED: 1
2025-08-20T19:21:03.1583530Z   PG_USER: postgres
2025-08-20T19:21:03.1583703Z   PG_PASSWORD: pass
2025-08-20T19:21:03.1583881Z   PG_DATABASE: awa
2025-08-20T19:21:03.1584049Z   PG_HOST: localhost
2025-08-20T19:21:03.1584228Z   PG_PORT: 5432
2025-08-20T19:21:03.1584627Z   PG_SYNC_DSN: ***localhost:5432/awa
2025-08-20T19:21:03.1585018Z   PG_ASYNC_DSN: ***localhost:5432/awa
2025-08-20T19:21:03.1585410Z   DATABASE_URL: ***localhost:5432/awa
2025-08-20T19:21:03.1585629Z   DATA_DIR: /tmp/awa-data
2025-08-20T19:21:03.1585820Z   ENABLE_LIVE: 0
2025-08-20T19:21:03.1585981Z   TESTING: 1
2025-08-20T19:21:03.1586143Z ##[endgroup]
2025-08-20T19:21:03.3230211Z ##[group]Installed versions
2025-08-20T19:21:03.3322764Z Successfully set up CPython (3.12.11)
2025-08-20T19:21:03.3323427Z ##[endgroup]
2025-08-20T19:21:03.3643318Z [command]/opt/hostedtoolcache/Python/3.12.11/x64/bin/pip cache dir
2025-08-20T19:21:04.6936257Z /home/runner/.cache/pip
2025-08-20T19:21:04.7964139Z Cache hit for: setup-python-Linux-x64-24.04-Ubuntu-python-3.12.11-pip-cad4f3141a3acebc51100003b786cdd8b1469fbd1e92da4bdcf4b225e9f8de52
2025-08-20T19:21:05.8847533Z Received 268435456 of 362324030 (74.1%), 245.7 MBs/sec
2025-08-20T19:21:06.2425952Z Received 362324030 of 362324030 (100.0%), 246.8 MBs/sec
2025-08-20T19:21:06.2428875Z Cache Size: ~346 MB (362324030 B)
2025-08-20T19:21:06.2492849Z [command]/usr/bin/tar -xf /home/runner/work/_temp/505c805a-b5d1-4158-9306-04c315cde9e7/cache.tzst -P -C /home/runner/work/AWA-App/AWA-App --use-compress-program unzstd
2025-08-20T19:21:06.8233242Z Cache restored successfully
2025-08-20T19:21:06.8905867Z Cache restored from key: setup-python-Linux-x64-24.04-Ubuntu-python-3.12.11-pip-cad4f3141a3acebc51100003b786cdd8b1469fbd1e92da4bdcf4b225e9f8de52
2025-08-20T19:21:06.9065971Z ##[group]Run pip install --break-system-packages -r requirements-dev.txt
2025-08-20T19:21:06.9066509Z [36;1mpip install --break-system-packages -r requirements-dev.txt[0m
2025-08-20T19:21:06.9067299Z [36;1mpip install --break-system-packages keepa==1.3.15 minio==7.1.15[0m
2025-08-20T19:21:06.9111234Z shell: /usr/bin/bash -e {0}
2025-08-20T19:21:06.9111461Z env:
2025-08-20T19:21:06.9111669Z   REDIS_URL: redis://localhost:6379/0
2025-08-20T19:21:06.9111933Z   RATE_LIMIT_DEFAULT: 100/minute
2025-08-20T19:21:06.9112148Z   TRUST_X_FORWARDED: 1
2025-08-20T19:21:06.9112345Z   PG_USER: postgres
2025-08-20T19:21:06.9112533Z   PG_PASSWORD: pass
2025-08-20T19:21:06.9112701Z   PG_DATABASE: awa
2025-08-20T19:21:06.9112881Z   PG_HOST: localhost
2025-08-20T19:21:06.9113061Z   PG_PORT: 5432
2025-08-20T19:21:06.9113592Z   PG_SYNC_DSN: ***localhost:5432/awa
2025-08-20T19:21:06.9114066Z   PG_ASYNC_DSN: ***localhost:5432/awa
2025-08-20T19:21:06.9114441Z   DATABASE_URL: ***localhost:5432/awa
2025-08-20T19:21:06.9114714Z   DATA_DIR: /tmp/awa-data
2025-08-20T19:21:06.9114911Z   ENABLE_LIVE: 0
2025-08-20T19:21:06.9115085Z   TESTING: 1
2025-08-20T19:21:06.9115324Z   pythonLocation: /opt/hostedtoolcache/Python/3.12.11/x64
2025-08-20T19:21:06.9115906Z   PKG_CONFIG_PATH: /opt/hostedtoolcache/Python/3.12.11/x64/lib/pkgconfig
2025-08-20T19:21:06.9116283Z   Python_ROOT_DIR: /opt/hostedtoolcache/Python/3.12.11/x64
2025-08-20T19:21:06.9116622Z   Python2_ROOT_DIR: /opt/hostedtoolcache/Python/3.12.11/x64
2025-08-20T19:21:06.9117178Z   Python3_ROOT_DIR: /opt/hostedtoolcache/Python/3.12.11/x64
2025-08-20T19:21:06.9117532Z   LD_LIBRARY_PATH: /opt/hostedtoolcache/Python/3.12.11/x64/lib
2025-08-20T19:21:06.9117830Z ##[endgroup]
2025-08-20T19:21:08.2368760Z Collecting Jinja2==3.1.6 (from -r requirements-dev.txt (line 2))
2025-08-20T19:21:08.2383164Z   Using cached jinja2-3.1.6-py3-none-any.whl.metadata (2.9 kB)
2025-08-20T19:21:08.2589487Z Collecting alembic==1.13.1 (from -r requirements-dev.txt (line 3))
2025-08-20T19:21:08.2601256Z   Using cached alembic-1.13.1-py3-none-any.whl.metadata (7.4 kB)
2025-08-20T19:21:08.2749621Z Collecting apscheduler==3.10.4 (from -r requirements-dev.txt (line 4))
2025-08-20T19:21:08.2761087Z   Using cached APScheduler-3.10.4-py3-none-any.whl.metadata (5.7 kB)
2025-08-20T19:21:08.2900528Z Collecting asgi-correlation-id==4.3.1 (from -r requirements-dev.txt (line 5))
2025-08-20T19:21:08.2911927Z   Using cached asgi_correlation_id-4.3.1-py3-none-any.whl.metadata (28 kB)
2025-08-20T19:21:08.3299834Z Collecting asyncpg==0.30.0 (from -r requirements-dev.txt (line 6))
2025-08-20T19:21:08.3311624Z   Using cached asyncpg-0.30.0-cp312-cp312-manylinux_2_17_x86_64.manylinux2014_x86_64.whl.metadata (5.0 kB)
2025-08-20T19:21:08.3724204Z Collecting black==25.1.0 (from -r requirements-dev.txt (line 7))
2025-08-20T19:21:08.3736377Z   Using cached black-25.1.0-cp312-cp312-manylinux_2_17_x86_64.manylinux2014_x86_64.manylinux_2_28_x86_64.whl.metadata (81 kB)
2025-08-20T19:21:08.6989950Z Collecting boto3 (from -r requirements-dev.txt (line 8))
2025-08-20T19:21:08.7004102Z   Using cached boto3-1.40.13-py3-none-any.whl.metadata (6.7 kB)
2025-08-20T19:21:08.7279328Z Collecting redis==6.* (from -r requirements-dev.txt (line 9))
2025-08-20T19:21:08.7291186Z   Using cached redis-6.4.0-py3-none-any.whl.metadata (10 kB)
2025-08-20T19:21:08.7595260Z Collecting minio==7.* (from -r requirements-dev.txt (line 10))
2025-08-20T19:21:08.7607191Z   Using cached minio-7.2.16-py3-none-any.whl.metadata (6.5 kB)
2025-08-20T19:21:08.7729252Z Collecting vulture==2.10 (from -r requirements-dev.txt (line 11))
2025-08-20T19:21:08.7740726Z   Using cached vulture-2.10-py2.py3-none-any.whl.metadata (23 kB)
2025-08-20T19:21:08.8031515Z Collecting celery==5.5.3 (from -r requirements-dev.txt (line 12))
2025-08-20T19:21:08.8043432Z   Using cached celery-5.5.3-py3-none-any.whl.metadata (22 kB)
2025-08-20T19:21:08.8597523Z Collecting fastapi==0.116.1 (from -r requirements-dev.txt (line 13))
2025-08-20T19:21:08.8610315Z   Using cached fastapi-0.116.1-py3-none-any.whl.metadata (28 kB)
2025-08-20T19:21:08.8751275Z Collecting fastapi-limiter==0.1.6 (from -r requirements-dev.txt (line 15))
2025-08-20T19:21:08.8762827Z   Using cached fastapi_limiter-0.1.6-py3-none-any.whl.metadata (5.3 kB)
2025-08-20T19:21:08.8947222Z Collecting httpx<0.29,>=0.27 (from -r requirements-dev.txt (line 16))
2025-08-20T19:21:08.8959037Z   Using cached httpx-0.28.1-py3-none-any.whl.metadata (7.1 kB)
2025-08-20T19:21:08.9071974Z Collecting imapclient==3.0.1 (from -r requirements-dev.txt (line 17))
2025-08-20T19:21:08.9085097Z   Using cached IMAPClient-3.0.1-py2.py3-none-any.whl.metadata (1.7 kB)
2025-08-20T19:21:08.9176524Z Collecting itsdangerous (from -r requirements-dev.txt (line 18))
2025-08-20T19:21:08.9188422Z   Using cached itsdangerous-2.2.0-py3-none-any.whl.metadata (1.9 kB)
2025-08-20T19:21:09.0141939Z Collecting mypy==1.* (from -r requirements-dev.txt (line 19))
2025-08-20T19:21:09.0155922Z   Using cached mypy-1.17.1-cp312-cp312-manylinux2014_x86_64.manylinux_2_17_x86_64.manylinux_2_28_x86_64.whl.metadata (2.2 kB)
2025-08-20T19:21:09.0249691Z Collecting mypy-extensions==1.1.0 (from -r requirements-dev.txt (line 20))
2025-08-20T19:21:09.0261507Z   Using cached mypy_extensions-1.1.0-py3-none-any.whl.metadata (1.1 kB)
2025-08-20T19:21:09.2078395Z Collecting numpy<2 (from -r requirements-dev.txt (line 21))
2025-08-20T19:21:09.2091910Z   Using cached numpy-1.26.4-cp312-cp312-manylinux_2_17_x86_64.manylinux2014_x86_64.whl.metadata (61 kB)
2025-08-20T19:21:09.2329451Z Collecting openpyxl==3.1.5 (from -r requirements-dev.txt (line 22))
2025-08-20T19:21:09.2341399Z   Using cached openpyxl-3.1.5-py2.py3-none-any.whl.metadata (2.5 kB)
2025-08-20T19:21:09.3350961Z Collecting pandas==2.2.* (from -r requirements-dev.txt (line 23))
2025-08-20T19:21:09.3364112Z   Using cached pandas-2.2.3-cp312-cp312-manylinux_2_17_x86_64.manylinux2014_x86_64.whl.metadata (89 kB)
2025-08-20T19:21:09.4259174Z Collecting psycopg2-binary==2.9.10 (from -r requirements-dev.txt (line 24))
2025-08-20T19:21:09.4271800Z   Using cached psycopg2_binary-2.9.10-cp312-cp312-manylinux_2_17_x86_64.manylinux2014_x86_64.whl.metadata (4.9 kB)
2025-08-20T19:21:09.4424285Z Collecting psycopg==3.2.9 (from psycopg[binary]==3.2.9->-r requirements-dev.txt (line 25))
2025-08-20T19:21:09.4435971Z   Using cached psycopg-3.2.9-py3-none-any.whl.metadata (4.5 kB)
2025-08-20T19:21:09.5503350Z Collecting pydantic==2.11.7 (from -r requirements-dev.txt (line 26))
2025-08-20T19:21:09.5517171Z   Using cached pydantic-2.11.7-py3-none-any.whl.metadata (67 kB)
2025-08-20T19:21:09.6717145Z Collecting setuptools (from -r requirements-dev.txt (line 27))
2025-08-20T19:21:09.6730018Z   Using cached setuptools-80.9.0-py3-none-any.whl.metadata (6.6 kB)
2025-08-20T19:21:09.6967444Z Collecting pytest-asyncio==0.23.6 (from -r requirements-dev.txt (line 28))
2025-08-20T19:21:09.6979331Z   Using cached pytest_asyncio-0.23.6-py3-none-any.whl.metadata (3.9 kB)
2025-08-20T19:21:09.7105339Z Collecting pytest-cov==6.2.1 (from -r requirements-dev.txt (line 29))
2025-08-20T19:21:09.7116539Z   Using cached pytest_cov-6.2.1-py3-none-any.whl.metadata (30 kB)
2025-08-20T19:21:09.7278513Z Collecting pytest-postgresql==7.0.2 (from -r requirements-dev.txt (line 30))
2025-08-20T19:21:09.7289392Z   Using cached pytest_postgresql-7.0.2-py3-none-any.whl.metadata (18 kB)
2025-08-20T19:21:09.7444536Z Collecting python-dotenv (from -r requirements-dev.txt (line 31))
2025-08-20T19:21:09.7455563Z   Using cached python_dotenv-1.1.1-py3-none-any.whl.metadata (24 kB)
2025-08-20T19:21:09.7582704Z Collecting python-multipart (from -r requirements-dev.txt (line 32))
2025-08-20T19:21:09.7593884Z   Using cached python_multipart-0.0.20-py3-none-any.whl.metadata (1.8 kB)
2025-08-20T19:21:09.7867854Z Collecting python-telegram-bot==22.3 (from -r requirements-dev.txt (line 33))
2025-08-20T19:21:09.7878681Z   Using cached python_telegram_bot-22.3-py3-none-any.whl.metadata (17 kB)
2025-08-20T19:21:09.8149064Z Collecting requests==2.32.4 (from -r requirements-dev.txt (line 34))
2025-08-20T19:21:09.8160789Z   Using cached requests-2.32.4-py3-none-any.whl.metadata (4.9 kB)
2025-08-20T19:21:09.8296433Z Collecting respx==0.22.0 (from -r requirements-dev.txt (line 35))
2025-08-20T19:21:09.8307244Z   Using cached respx-0.22.0-py2.py3-none-any.whl.metadata (4.1 kB)
2025-08-20T19:21:10.1899027Z Collecting ruff==0.9.9 (from -r requirements-dev.txt (line 36))
2025-08-20T19:21:10.1919372Z   Using cached ruff-0.9.9-py3-none-manylinux_2_17_x86_64.manylinux2014_x86_64.whl.metadata (25 kB)
2025-08-20T19:21:10.4414252Z Collecting sqlalchemy==2.0.43 (from -r requirements-dev.txt (line 37))
2025-08-20T19:21:10.4427781Z   Using cached sqlalchemy-2.0.43-cp312-cp312-manylinux_2_17_x86_64.manylinux2014_x86_64.whl.metadata (9.6 kB)
2025-08-20T19:21:10.4629391Z Collecting structlog==24.1.0 (from -r requirements-dev.txt (line 38))
2025-08-20T19:21:10.4640736Z   Using cached structlog-24.1.0-py3-none-any.whl.metadata (6.9 kB)
2025-08-20T19:21:10.4800447Z Collecting testcontainers==4.10.0 (from testcontainers[postgres]==4.10.0->-r requirements-dev.txt (line 39))
2025-08-20T19:21:10.4811960Z   Using cached testcontainers-4.10.0-py3-none-any.whl.metadata (7.8 kB)
2025-08-20T19:21:10.5148481Z Collecting types-requests==2.32.4.20250809 (from -r requirements-dev.txt (line 40))
2025-08-20T19:21:10.5160441Z   Using cached types_requests-2.32.4.20250809-py3-none-any.whl.metadata (2.0 kB)
2025-08-20T19:21:10.5265789Z Collecting docspec-python==2.2.2 (from -r requirements-dev.txt (line 41))
2025-08-20T19:21:10.5277512Z   Using cached docspec_python-2.2.2-py3-none-any.whl.metadata (1.0 kB)
2025-08-20T19:21:10.5417442Z Collecting pydoc-markdown==4.8.2 (from -r requirements-dev.txt (line 42))
2025-08-20T19:21:10.5428902Z   Using cached pydoc_markdown-4.8.2-py3-none-any.whl.metadata (5.9 kB)
2025-08-20T19:21:10.6112570Z Collecting pandera==0.19.* (from -r requirements-dev.txt (line 43))
2025-08-20T19:21:10.6125359Z   Using cached pandera-0.19.3-py3-none-any.whl.metadata (15 kB)
2025-08-20T19:21:10.6651748Z Collecting MarkupSafe>=2.0 (from Jinja2==3.1.6->-r requirements-dev.txt (line 2))
2025-08-20T19:21:10.6663244Z   Using cached MarkupSafe-3.0.2-cp312-cp312-manylinux_2_17_x86_64.manylinux2014_x86_64.whl.metadata (4.0 kB)
2025-08-20T19:21:10.6981492Z Collecting Mako (from alembic==1.13.1->-r requirements-dev.txt (line 3))
2025-08-20T19:21:10.6993410Z   Using cached mako-1.3.10-py3-none-any.whl.metadata (2.9 kB)
2025-08-20T19:21:10.7153962Z Collecting typing-extensions>=4 (from alembic==1.13.1->-r requirements-dev.txt (line 3))
2025-08-20T19:21:10.7165529Z   Using cached typing_extensions-4.14.1-py3-none-any.whl.metadata (3.0 kB)
2025-08-20T19:21:10.7287994Z Collecting six>=1.4.0 (from apscheduler==3.10.4->-r requirements-dev.txt (line 4))
2025-08-20T19:21:10.7299430Z   Using cached six-1.17.0-py2.py3-none-any.whl.metadata (1.7 kB)
2025-08-20T19:21:10.7641279Z Collecting pytz (from apscheduler==3.10.4->-r requirements-dev.txt (line 4))
2025-08-20T19:21:10.7653428Z   Using cached pytz-2025.2-py2.py3-none-any.whl.metadata (22 kB)
2025-08-20T19:21:10.7807491Z Collecting tzlocal!=3.*,>=2.0 (from apscheduler==3.10.4->-r requirements-dev.txt (line 4))
2025-08-20T19:21:10.7819168Z   Using cached tzlocal-5.3.1-py3-none-any.whl.metadata (7.6 kB)
2025-08-20T19:21:10.8105887Z Collecting starlette>=0.18 (from asgi-correlation-id==4.3.1->-r requirements-dev.txt (line 5))
2025-08-20T19:21:10.8117597Z   Using cached starlette-0.47.2-py3-none-any.whl.metadata (6.2 kB)
2025-08-20T19:21:10.8299653Z Collecting click>=8.0.0 (from black==25.1.0->-r requirements-dev.txt (line 7))
2025-08-20T19:21:10.8311320Z   Using cached click-8.2.1-py3-none-any.whl.metadata (2.5 kB)
2025-08-20T19:21:10.8460022Z Collecting packaging>=22.0 (from black==25.1.0->-r requirements-dev.txt (line 7))
2025-08-20T19:21:10.8472489Z   Using cached packaging-25.0-py3-none-any.whl.metadata (3.3 kB)
2025-08-20T19:21:10.8582830Z Collecting pathspec>=0.9.0 (from black==25.1.0->-r requirements-dev.txt (line 7))
2025-08-20T19:21:10.8594513Z   Using cached pathspec-0.12.1-py3-none-any.whl.metadata (21 kB)
2025-08-20T19:21:10.8766221Z Collecting platformdirs>=2 (from black==25.1.0->-r requirements-dev.txt (line 7))
2025-08-20T19:21:10.8778321Z   Using cached platformdirs-4.3.8-py3-none-any.whl.metadata (12 kB)
2025-08-20T19:21:10.8890837Z Collecting toml (from vulture==2.10->-r requirements-dev.txt (line 11))
2025-08-20T19:21:10.8902267Z   Using cached toml-0.10.2-py2.py3-none-any.whl.metadata (7.1 kB)
2025-08-20T19:21:10.9082045Z Collecting billiard<5.0,>=4.2.1 (from celery==5.5.3->-r requirements-dev.txt (line 12))
2025-08-20T19:21:10.9093687Z   Using cached billiard-4.2.1-py3-none-any.whl.metadata (4.4 kB)
2025-08-20T19:21:10.9377926Z Collecting kombu<5.6,>=5.5.2 (from celery==5.5.3->-r requirements-dev.txt (line 12))
2025-08-20T19:21:10.9389333Z   Using cached kombu-5.5.4-py3-none-any.whl.metadata (3.5 kB)
2025-08-20T19:21:10.9534021Z Collecting vine<6.0,>=5.1.0 (from celery==5.5.3->-r requirements-dev.txt (line 12))
2025-08-20T19:21:10.9545185Z   Using cached vine-5.1.0-py3-none-any.whl.metadata (2.7 kB)
2025-08-20T19:21:10.9673432Z Collecting click-didyoumean>=0.3.0 (from celery==5.5.3->-r requirements-dev.txt (line 12))
2025-08-20T19:21:10.9684814Z   Using cached click_didyoumean-0.3.1-py3-none-any.whl.metadata (3.9 kB)
2025-08-20T19:21:10.9763491Z Collecting click-repl>=0.2.0 (from celery==5.5.3->-r requirements-dev.txt (line 12))
2025-08-20T19:21:10.9775023Z   Using cached click_repl-0.3.0-py3-none-any.whl.metadata (3.6 kB)
2025-08-20T19:21:10.9857116Z Collecting click-plugins>=1.1.1 (from celery==5.5.3->-r requirements-dev.txt (line 12))
2025-08-20T19:21:10.9868732Z   Using cached click_plugins-1.1.1.2-py2.py3-none-any.whl.metadata (6.5 kB)
2025-08-20T19:21:10.9977879Z Collecting python-dateutil>=2.8.2 (from celery==5.5.3->-r requirements-dev.txt (line 12))
2025-08-20T19:21:10.9989581Z   Using cached python_dateutil-2.9.0.post0-py2.py3-none-any.whl.metadata (8.4 kB)
2025-08-20T19:21:11.0633809Z Collecting annotated-types>=0.6.0 (from pydantic==2.11.7->-r requirements-dev.txt (line 26))
2025-08-20T19:21:11.0646234Z   Using cached annotated_types-0.7.0-py3-none-any.whl.metadata (15 kB)
2025-08-20T19:21:11.7194586Z Collecting pydantic-core==2.33.2 (from pydantic==2.11.7->-r requirements-dev.txt (line 26))
2025-08-20T19:21:11.7208707Z   Using cached pydantic_core-2.33.2-cp312-cp312-manylinux_2_17_x86_64.manylinux2014_x86_64.whl.metadata (6.8 kB)
2025-08-20T19:21:11.7329498Z Collecting typing-inspection>=0.4.0 (from pydantic==2.11.7->-r requirements-dev.txt (line 26))
2025-08-20T19:21:11.7341665Z   Using cached typing_inspection-0.4.1-py3-none-any.whl.metadata (2.6 kB)
2025-08-20T19:21:11.7587869Z Collecting et-xmlfile (from openpyxl==3.1.5->-r requirements-dev.txt (line 22))
2025-08-20T19:21:11.7598960Z   Using cached et_xmlfile-2.0.0-py3-none-any.whl.metadata (2.7 kB)
2025-08-20T19:21:11.8024596Z Collecting pytest<9,>=7.0.0 (from pytest-asyncio==0.23.6->-r requirements-dev.txt (line 28))
2025-08-20T19:21:11.8037040Z   Using cached pytest-8.4.1-py3-none-any.whl.metadata (7.7 kB)
2025-08-20T19:21:12.1146551Z Collecting coverage>=7.5 (from coverage[toml]>=7.5->pytest-cov==6.2.1->-r requirements-dev.txt (line 29))
2025-08-20T19:21:12.1159809Z   Using cached coverage-7.10.4-cp312-cp312-manylinux1_x86_64.manylinux_2_28_x86_64.manylinux_2_5_x86_64.whl.metadata (8.9 kB)
2025-08-20T19:21:12.1270715Z Collecting pluggy>=1.2 (from pytest-cov==6.2.1->-r requirements-dev.txt (line 29))
2025-08-20T19:21:12.1281597Z   Using cached pluggy-1.6.0-py3-none-any.whl.metadata (4.8 kB)
2025-08-20T19:21:12.1553265Z Collecting port-for>=0.7.3 (from pytest-postgresql==7.0.2->-r requirements-dev.txt (line 30))
2025-08-20T19:21:12.1563969Z   Using cached port_for-0.7.4-py3-none-any.whl.metadata (7.1 kB)
2025-08-20T19:21:12.1694960Z Collecting mirakuru>=2.6.0 (from pytest-postgresql==7.0.2->-r requirements-dev.txt (line 30))
2025-08-20T19:21:12.1705795Z   Using cached mirakuru-2.6.1-py3-none-any.whl.metadata (10 kB)
2025-08-20T19:21:12.2497874Z Collecting charset_normalizer<4,>=2 (from requests==2.32.4->-r requirements-dev.txt (line 34))
2025-08-20T19:21:12.2510198Z   Using cached charset_normalizer-3.4.3-cp312-cp312-manylinux2014_x86_64.manylinux_2_17_x86_64.manylinux_2_28_x86_64.whl.metadata (36 kB)
2025-08-20T19:21:12.2641576Z Collecting idna<4,>=2.5 (from requests==2.32.4->-r requirements-dev.txt (line 34))
2025-08-20T19:21:12.2652712Z   Using cached idna-3.10-py3-none-any.whl.metadata (10 kB)
2025-08-20T19:21:12.2911280Z Collecting urllib3<3,>=1.21.1 (from requests==2.32.4->-r requirements-dev.txt (line 34))
2025-08-20T19:21:12.2922060Z   Using cached urllib3-2.5.0-py3-none-any.whl.metadata (6.5 kB)
2025-08-20T19:21:12.3100967Z Collecting certifi>=2017.4.17 (from requests==2.32.4->-r requirements-dev.txt (line 34))
2025-08-20T19:21:12.3111885Z   Using cached certifi-2025.8.3-py3-none-any.whl.metadata (2.4 kB)
2025-08-20T19:21:12.5084805Z Collecting greenlet>=1 (from sqlalchemy==2.0.43->-r requirements-dev.txt (line 37))
2025-08-20T19:21:12.5097843Z   Using cached greenlet-3.2.4-cp312-cp312-manylinux_2_24_x86_64.manylinux_2_28_x86_64.whl.metadata (4.1 kB)
2025-08-20T19:21:12.5305895Z Collecting docker (from testcontainers==4.10.0->testcontainers[postgres]==4.10.0->-r requirements-dev.txt (line 39))
2025-08-20T19:21:12.5317520Z   Using cached docker-7.1.0-py3-none-any.whl.metadata (3.8 kB)
2025-08-20T19:21:12.6260201Z Collecting wrapt (from testcontainers==4.10.0->testcontainers[postgres]==4.10.0->-r requirements-dev.txt (line 39))
2025-08-20T19:21:12.6273126Z   Using cached wrapt-1.17.3-cp312-cp312-manylinux1_x86_64.manylinux_2_28_x86_64.manylinux_2_5_x86_64.whl.metadata (6.4 kB)
2025-08-20T19:21:12.6487115Z Collecting docspec==2.2.1 (from docspec-python==2.2.2->-r requirements-dev.txt (line 41))
2025-08-20T19:21:12.6498494Z   Using cached docspec-2.2.1-py3-none-any.whl.metadata (1.5 kB)
2025-08-20T19:21:12.6629413Z Collecting nr-util>=0.8.12 (from docspec-python==2.2.2->-r requirements-dev.txt (line 41))
2025-08-20T19:21:12.6640975Z   Using cached nr.util-0.8.12-py3-none-any.whl.metadata (813 bytes)
2025-08-20T19:21:12.6960780Z Collecting PyYAML<7.0,>=5.0 (from pydoc-markdown==4.8.2->-r requirements-dev.txt (line 42))
2025-08-20T19:21:12.6972919Z   Using cached PyYAML-6.0.2-cp312-cp312-manylinux_2_17_x86_64.manylinux2014_x86_64.whl.metadata (2.1 kB)
2025-08-20T19:21:12.7231994Z Collecting databind.core<5.0.0,>=4.4.0 (from pydoc-markdown==4.8.2->-r requirements-dev.txt (line 42))
2025-08-20T19:21:12.7243660Z   Using cached databind.core-4.5.2-py3-none-any.whl.metadata (1.1 kB)
2025-08-20T19:21:12.7436290Z Collecting databind.json<5.0.0,>=4.4.0 (from pydoc-markdown==4.8.2->-r requirements-dev.txt (line 42))
2025-08-20T19:21:12.7448048Z   Using cached databind.json-4.5.2-py3-none-any.whl.metadata (1.1 kB)
2025-08-20T19:21:12.7578709Z Collecting docstring-parser<0.12,>=0.11 (from pydoc-markdown==4.8.2->-r requirements-dev.txt (line 42))
2025-08-20T19:21:12.7580260Z   Using cached docstring_parser-0.11-py3-none-any.whl
2025-08-20T19:21:12.7905856Z Collecting tomli<3.0.0,>=2.0.0 (from pydoc-markdown==4.8.2->-r requirements-dev.txt (line 42))
2025-08-20T19:21:12.7917476Z   Using cached tomli-2.2.1-cp312-cp312-manylinux_2_17_x86_64.manylinux2014_x86_64.whl.metadata (11 kB)
2025-08-20T19:21:12.8003111Z Collecting tomli_w<2.0.0,>=1.0.0 (from pydoc-markdown==4.8.2->-r requirements-dev.txt (line 42))
2025-08-20T19:21:12.8014021Z   Using cached tomli_w-1.2.0-py3-none-any.whl.metadata (5.7 kB)
2025-08-20T19:21:12.8443623Z Collecting watchdog (from pydoc-markdown==4.8.2->-r requirements-dev.txt (line 42))
2025-08-20T19:21:12.8455930Z   Using cached watchdog-6.0.0-py3-none-manylinux2014_x86_64.whl.metadata (44 kB)
2025-08-20T19:21:12.8651743Z Collecting yapf>=0.30.0 (from pydoc-markdown==4.8.2->-r requirements-dev.txt (line 42))
2025-08-20T19:21:12.8663418Z   Using cached yapf-0.43.0-py3-none-any.whl.metadata (46 kB)
2025-08-20T19:21:12.8839370Z Collecting Deprecated<2.0.0,>=1.2.12 (from docspec==2.2.1->docspec-python==2.2.2->-r requirements-dev.txt (line 41))
2025-08-20T19:21:12.8851079Z   Using cached Deprecated-1.2.18-py2.py3-none-any.whl.metadata (5.7 kB)
2025-08-20T19:21:13.0351609Z Collecting psycopg-binary==3.2.9 (from psycopg[binary]==3.2.9->-r requirements-dev.txt (line 25))
2025-08-20T19:21:13.0365395Z   Using cached psycopg_binary-3.2.9-cp312-cp312-manylinux_2_17_x86_64.manylinux2014_x86_64.whl.metadata (2.9 kB)
2025-08-20T19:21:13.0669513Z Collecting argon2-cffi (from minio==7.*->-r requirements-dev.txt (line 10))
2025-08-20T19:21:13.0681724Z   Using cached argon2_cffi-25.1.0-py3-none-any.whl.metadata (4.1 kB)
2025-08-20T19:21:13.1437520Z Collecting pycryptodome (from minio==7.*->-r requirements-dev.txt (line 10))
2025-08-20T19:21:13.1450487Z   Using cached pycryptodome-3.23.0-cp37-abi3-manylinux_2_17_x86_64.manylinux2014_x86_64.whl.metadata (3.4 kB)
2025-08-20T19:21:13.1633103Z Collecting anyio (from httpx<0.29,>=0.27->-r requirements-dev.txt (line 16))
2025-08-20T19:21:13.1645016Z   Using cached anyio-4.10.0-py3-none-any.whl.metadata (4.0 kB)
2025-08-20T19:21:13.1817888Z Collecting httpcore==1.* (from httpx<0.29,>=0.27->-r requirements-dev.txt (line 16))
2025-08-20T19:21:13.1829764Z   Using cached httpcore-1.0.9-py3-none-any.whl.metadata (21 kB)
2025-08-20T19:21:13.2123497Z Collecting tzdata>=2022.7 (from pandas==2.2.*->-r requirements-dev.txt (line 23))
2025-08-20T19:21:13.2135263Z   Using cached tzdata-2025.2-py2.py3-none-any.whl.metadata (1.4 kB)
2025-08-20T19:21:13.2264752Z Collecting multimethod<=1.10.0 (from pandera==0.19.*->-r requirements-dev.txt (line 43))
2025-08-20T19:21:13.2276353Z   Using cached multimethod-1.10-py3-none-any.whl.metadata (8.2 kB)
2025-08-20T19:21:13.2612975Z Collecting typeguard (from pandera==0.19.*->-r requirements-dev.txt (line 43))
2025-08-20T19:21:13.2624572Z   Using cached typeguard-4.4.4-py3-none-any.whl.metadata (3.3 kB)
2025-08-20T19:21:13.2712241Z Collecting typing-inspect>=0.6.0 (from pandera==0.19.*->-r requirements-dev.txt (line 43))
2025-08-20T19:21:13.2723816Z   Using cached typing_inspect-0.9.0-py3-none-any.whl.metadata (1.5 kB)
2025-08-20T19:21:13.2974067Z Collecting databind<5.0.0,>=4.5.2 (from databind.core<5.0.0,>=4.4.0->pydoc-markdown==4.8.2->-r requirements-dev.txt (line 42))
2025-08-20T19:21:13.2985624Z   Using cached databind-4.5.2-py3-none-any.whl.metadata (4.3 kB)
2025-08-20T19:21:13.3081554Z Collecting nr-date<3.0.0,>=2.0.0 (from databind<5.0.0,>=4.5.2->databind.core<5.0.0,>=4.4.0->pydoc-markdown==4.8.2->-r requirements-dev.txt (line 42))
2025-08-20T19:21:13.3093023Z   Using cached nr_date-2.1.0-py3-none-any.whl.metadata (746 bytes)
2025-08-20T19:21:13.3189421Z Collecting nr-stream<2.0.0,>=1.0.0 (from databind<5.0.0,>=4.5.2->databind.core<5.0.0,>=4.4.0->pydoc-markdown==4.8.2->-r requirements-dev.txt (line 42))
2025-08-20T19:21:13.3201251Z   Using cached nr_stream-1.1.5-py3-none-any.whl.metadata (3.6 kB)
2025-08-20T19:21:13.3333892Z Collecting typeapi<3,>=2.0.1 (from databind<5.0.0,>=4.5.2->databind.core<5.0.0,>=4.4.0->pydoc-markdown==4.8.2->-r requirements-dev.txt (line 42))
2025-08-20T19:21:13.3345470Z   Using cached typeapi-2.2.4-py3-none-any.whl.metadata (1.5 kB)
2025-08-20T19:21:13.3597412Z Collecting h11>=0.16 (from httpcore==1.*->httpx<0.29,>=0.27->-r requirements-dev.txt (line 16))
2025-08-20T19:21:13.3608815Z   Using cached h11-0.16.0-py3-none-any.whl.metadata (8.3 kB)
2025-08-20T19:21:13.3802159Z Collecting amqp<6.0.0,>=5.1.1 (from kombu<5.6,>=5.5.2->celery==5.5.3->-r requirements-dev.txt (line 12))
2025-08-20T19:21:13.3813343Z   Using cached amqp-5.3.1-py3-none-any.whl.metadata (8.9 kB)
2025-08-20T19:21:13.4167185Z Collecting iniconfig>=1 (from pytest<9,>=7.0.0->pytest-asyncio==0.23.6->-r requirements-dev.txt (line 28))
2025-08-20T19:21:13.4178434Z   Using cached iniconfig-2.1.0-py3-none-any.whl.metadata (2.7 kB)
2025-08-20T19:21:13.4367033Z Collecting pygments>=2.7.2 (from pytest<9,>=7.0.0->pytest-asyncio==0.23.6->-r requirements-dev.txt (line 28))
2025-08-20T19:21:13.4378037Z   Using cached pygments-2.19.2-py3-none-any.whl.metadata (2.5 kB)
2025-08-20T19:21:13.4685452Z Collecting sniffio>=1.1 (from anyio->httpx<0.29,>=0.27->-r requirements-dev.txt (line 16))
2025-08-20T19:21:13.4696967Z   Using cached sniffio-1.3.1-py3-none-any.whl.metadata (3.9 kB)
2025-08-20T19:21:13.9530830Z Collecting botocore<1.41.0,>=1.40.13 (from boto3->-r requirements-dev.txt (line 8))
2025-08-20T19:21:13.9545081Z   Using cached botocore-1.40.13-py3-none-any.whl.metadata (5.7 kB)
2025-08-20T19:21:13.9660866Z Collecting jmespath<2.0.0,>=0.7.1 (from boto3->-r requirements-dev.txt (line 8))
2025-08-20T19:21:13.9672640Z   Using cached jmespath-1.0.1-py3-none-any.whl.metadata (7.6 kB)
2025-08-20T19:21:13.9831511Z Collecting s3transfer<0.14.0,>=0.13.0 (from boto3->-r requirements-dev.txt (line 8))
2025-08-20T19:21:13.9843260Z   Using cached s3transfer-0.13.1-py3-none-any.whl.metadata (1.7 kB)
2025-08-20T19:21:14.2453196Z Collecting fastapi-cli>=0.0.8 (from fastapi-cli[standard]>=0.0.8; extra == "all"->fastapi[all]->-r requirements-dev.txt (line 14))
2025-08-20T19:21:14.2464696Z   Using cached fastapi_cli-0.0.8-py3-none-any.whl.metadata (6.3 kB)
2025-08-20T19:21:14.3204513Z Collecting ujson!=4.0.2,!=4.1.0,!=4.2.0,!=4.3.0,!=5.0.0,!=5.1.0,>=4.0.1 (from fastapi[all]->-r requirements-dev.txt (line 14))
2025-08-20T19:21:14.3217727Z   Using cached ujson-5.11.0-cp312-cp312-manylinux_2_24_x86_64.manylinux_2_28_x86_64.whl.metadata (9.4 kB)
2025-08-20T19:21:14.5484354Z Collecting orjson>=3.2.1 (from fastapi[all]->-r requirements-dev.txt (line 14))
2025-08-20T19:21:14.5498130Z   Using cached orjson-3.11.2-cp312-cp312-manylinux_2_17_x86_64.manylinux2014_x86_64.whl.metadata (1.2 kB)
2025-08-20T19:21:14.5608900Z Collecting email-validator>=2.0.0 (from fastapi[all]->-r requirements-dev.txt (line 14))
2025-08-20T19:21:14.5622619Z   Using cached email_validator-2.2.0-py3-none-any.whl.metadata (25 kB)
2025-08-20T19:21:14.5885149Z Collecting uvicorn>=0.12.0 (from uvicorn[standard]>=0.12.0; extra == "all"->fastapi[all]->-r requirements-dev.txt (line 14))
2025-08-20T19:21:14.5896303Z   Using cached uvicorn-0.35.0-py3-none-any.whl.metadata (6.5 kB)
2025-08-20T19:21:14.6049527Z Collecting pydantic-settings>=2.0.0 (from fastapi[all]->-r requirements-dev.txt (line 14))
2025-08-20T19:21:14.6061084Z   Using cached pydantic_settings-2.10.1-py3-none-any.whl.metadata (3.4 kB)
2025-08-20T19:21:14.6183425Z Collecting pydantic-extra-types>=2.0.0 (from fastapi[all]->-r requirements-dev.txt (line 14))
2025-08-20T19:21:14.6194896Z   Using cached pydantic_extra_types-2.10.5-py3-none-any.whl.metadata (3.9 kB)
2025-08-20T19:21:14.6894825Z Collecting prompt-toolkit>=3.0.36 (from click-repl>=0.2.0->celery==5.5.3->-r requirements-dev.txt (line 12))
2025-08-20T19:21:14.6895935Z   Using cached prompt_toolkit-3.0.51-py3-none-any.whl.metadata (6.4 kB)
2025-08-20T19:21:14.7062468Z Collecting dnspython>=2.0.0 (from email-validator>=2.0.0->fastapi[all]->-r requirements-dev.txt (line 14))
2025-08-20T19:21:14.7073908Z   Using cached dnspython-2.7.0-py3-none-any.whl.metadata (5.8 kB)
2025-08-20T19:21:14.7347350Z Collecting typer>=0.15.1 (from fastapi-cli>=0.0.8->fastapi-cli[standard]>=0.0.8; extra == "all"->fastapi[all]->-r requirements-dev.txt (line 14))
2025-08-20T19:21:14.7358865Z   Using cached typer-0.16.1-py3-none-any.whl.metadata (15 kB)
2025-08-20T19:21:14.7603278Z Collecting rich-toolkit>=0.14.8 (from fastapi-cli>=0.0.8->fastapi-cli[standard]>=0.0.8; extra == "all"->fastapi[all]->-r requirements-dev.txt (line 14))
2025-08-20T19:21:14.7614685Z   Using cached rich_toolkit-0.15.0-py3-none-any.whl.metadata (1.0 kB)
2025-08-20T19:21:14.7743215Z Collecting fastapi-cloud-cli>=0.1.1 (from fastapi-cli[standard]>=0.0.8; extra == "all"->fastapi[all]->-r requirements-dev.txt (line 14))
2025-08-20T19:21:14.7754558Z   Using cached fastapi_cloud_cli-0.1.5-py3-none-any.whl.metadata (3.2 kB)
2025-08-20T19:21:14.8453039Z Collecting rignore>=0.5.1 (from fastapi-cloud-cli>=0.1.1->fastapi-cli[standard]>=0.0.8; extra == "all"->fastapi[all]->-r requirements-dev.txt (line 14))
2025-08-20T19:21:14.8465949Z   Using cached rignore-0.6.4-cp312-cp312-manylinux_2_17_x86_64.manylinux2014_x86_64.whl.metadata (3.8 kB)
2025-08-20T19:21:14.9393960Z Collecting sentry-sdk>=2.20.0 (from fastapi-cloud-cli>=0.1.1->fastapi-cli[standard]>=0.0.8; extra == "all"->fastapi[all]->-r requirements-dev.txt (line 14))
2025-08-20T19:21:14.9405662Z   Using cached sentry_sdk-2.35.0-py2.py3-none-any.whl.metadata (10 kB)
2025-08-20T19:21:15.0322145Z Collecting psutil>=4.0.0 (from mirakuru>=2.6.0->pytest-postgresql==7.0.2->-r requirements-dev.txt (line 30))
2025-08-20T19:21:15.0335197Z   Using cached psutil-7.0.0-cp36-abi3-manylinux_2_12_x86_64.manylinux2010_x86_64.manylinux_2_17_x86_64.manylinux2014_x86_64.whl.metadata (22 kB)
2025-08-20T19:21:15.0677392Z Collecting wcwidth (from prompt-toolkit>=3.0.36->click-repl>=0.2.0->celery==5.5.3->-r requirements-dev.txt (line 12))
2025-08-20T19:21:15.0688346Z   Using cached wcwidth-0.2.13-py2.py3-none-any.whl.metadata (14 kB)
2025-08-20T19:21:15.1806320Z Collecting rich>=13.7.1 (from rich-toolkit>=0.14.8->fastapi-cli>=0.0.8->fastapi-cli[standard]>=0.0.8; extra == "all"->fastapi[all]->-r requirements-dev.txt (line 14))
2025-08-20T19:21:15.1817273Z   Using cached rich-14.1.0-py3-none-any.whl.metadata (18 kB)
2025-08-20T19:21:15.1991653Z Collecting markdown-it-py>=2.2.0 (from rich>=13.7.1->rich-toolkit>=0.14.8->fastapi-cli>=0.0.8->fastapi-cli[standard]>=0.0.8; extra == "all"->fastapi[all]->-r requirements-dev.txt (line 14))
2025-08-20T19:21:15.2002533Z   Using cached markdown_it_py-4.0.0-py3-none-any.whl.metadata (7.3 kB)
2025-08-20T19:21:15.2213259Z Collecting mdurl~=0.1 (from markdown-it-py>=2.2.0->rich>=13.7.1->rich-toolkit>=0.14.8->fastapi-cli>=0.0.8->fastapi-cli[standard]>=0.0.8; extra == "all"->fastapi[all]->-r requirements-dev.txt (line 14))
2025-08-20T19:21:15.2227778Z   Using cached mdurl-0.1.2-py3-none-any.whl.metadata (1.6 kB)
2025-08-20T19:21:15.2732536Z Collecting shellingham>=1.3.0 (from typer>=0.15.1->fastapi-cli>=0.0.8->fastapi-cli[standard]>=0.0.8; extra == "all"->fastapi[all]->-r requirements-dev.txt (line 14))
2025-08-20T19:21:15.2743591Z   Using cached shellingham-1.5.4-py2.py3-none-any.whl.metadata (3.5 kB)
2025-08-20T19:21:15.3521366Z Collecting httptools>=0.6.3 (from uvicorn[standard]>=0.12.0; extra == "all"->fastapi[all]->-r requirements-dev.txt (line 14))
2025-08-20T19:21:15.3532642Z   Using cached httptools-0.6.4-cp312-cp312-manylinux_2_5_x86_64.manylinux1_x86_64.manylinux_2_17_x86_64.manylinux2014_x86_64.whl.metadata (3.6 kB)
2025-08-20T19:21:15.3940851Z Collecting uvloop>=0.15.1 (from uvicorn[standard]>=0.12.0; extra == "all"->fastapi[all]->-r requirements-dev.txt (line 14))
2025-08-20T19:21:15.3952093Z   Using cached uvloop-0.21.0-cp312-cp312-manylinux_2_17_x86_64.manylinux2014_x86_64.whl.metadata (4.9 kB)
2025-08-20T19:21:15.4627170Z Collecting watchfiles>=0.13 (from uvicorn[standard]>=0.12.0; extra == "all"->fastapi[all]->-r requirements-dev.txt (line 14))
2025-08-20T19:21:15.4639318Z   Using cached watchfiles-1.1.0-cp312-cp312-manylinux_2_17_x86_64.manylinux2014_x86_64.whl.metadata (4.9 kB)
2025-08-20T19:21:15.5454474Z Collecting websockets>=10.4 (from uvicorn[standard]>=0.12.0; extra == "all"->fastapi[all]->-r requirements-dev.txt (line 14))
2025-08-20T19:21:15.5467316Z   Using cached websockets-15.0.1-cp312-cp312-manylinux_2_5_x86_64.manylinux1_x86_64.manylinux_2_17_x86_64.manylinux2014_x86_64.whl.metadata (6.8 kB)
2025-08-20T19:21:15.5905997Z Collecting argon2-cffi-bindings (from argon2-cffi->minio==7.*->-r requirements-dev.txt (line 10))
2025-08-20T19:21:15.5917299Z   Using cached argon2_cffi_bindings-25.1.0-cp39-abi3-manylinux_2_26_x86_64.manylinux_2_28_x86_64.whl.metadata (7.4 kB)
2025-08-20T19:21:15.8092207Z Collecting cffi>=1.0.1 (from argon2-cffi-bindings->argon2-cffi->minio==7.*->-r requirements-dev.txt (line 10))
2025-08-20T19:21:15.8105510Z   Using cached cffi-1.17.1-cp312-cp312-manylinux_2_17_x86_64.manylinux2014_x86_64.whl.metadata (1.5 kB)
2025-08-20T19:21:15.8226337Z Collecting pycparser (from cffi>=1.0.1->argon2-cffi-bindings->argon2-cffi->minio==7.*->-r requirements-dev.txt (line 10))
2025-08-20T19:21:15.8237309Z   Using cached pycparser-2.22-py3-none-any.whl.metadata (943 bytes)
2025-08-20T19:21:15.8859853Z Using cached jinja2-3.1.6-py3-none-any.whl (134 kB)
2025-08-20T19:21:15.8872647Z Using cached alembic-1.13.1-py3-none-any.whl (233 kB)
2025-08-20T19:21:15.8885051Z Using cached APScheduler-3.10.4-py3-none-any.whl (59 kB)
2025-08-20T19:21:15.8896440Z Using cached asgi_correlation_id-4.3.1-py3-none-any.whl (15 kB)
2025-08-20T19:21:15.8907897Z Using cached asyncpg-0.30.0-cp312-cp312-manylinux_2_17_x86_64.manylinux2014_x86_64.whl (3.6 MB)
2025-08-20T19:21:15.8944433Z Using cached black-25.1.0-cp312-cp312-manylinux_2_17_x86_64.manylinux2014_x86_64.manylinux_2_28_x86_64.whl (1.8 MB)
2025-08-20T19:21:15.8968139Z Using cached vulture-2.10-py2.py3-none-any.whl (27 kB)
2025-08-20T19:21:15.8978697Z Using cached celery-5.5.3-py3-none-any.whl (438 kB)
2025-08-20T19:21:15.8992275Z Using cached fastapi-0.116.1-py3-none-any.whl (95 kB)
2025-08-20T19:21:15.9003626Z Using cached pydantic-2.11.7-py3-none-any.whl (444 kB)
2025-08-20T19:21:15.9017215Z Using cached fastapi_limiter-0.1.6-py3-none-any.whl (15 kB)
2025-08-20T19:21:15.9027869Z Using cached IMAPClient-3.0.1-py2.py3-none-any.whl (182 kB)
2025-08-20T19:21:15.9039680Z Using cached mypy_extensions-1.1.0-py3-none-any.whl (5.0 kB)
2025-08-20T19:21:15.9050237Z Using cached openpyxl-3.1.5-py2.py3-none-any.whl (250 kB)
2025-08-20T19:21:15.9062843Z Using cached psycopg2_binary-2.9.10-cp312-cp312-manylinux_2_17_x86_64.manylinux2014_x86_64.whl (3.0 MB)
2025-08-20T19:21:15.9095178Z Using cached psycopg-3.2.9-py3-none-any.whl (202 kB)
2025-08-20T19:21:15.9107037Z Using cached pytest_asyncio-0.23.6-py3-none-any.whl (17 kB)
2025-08-20T19:21:15.9117468Z Using cached pytest_cov-6.2.1-py3-none-any.whl (24 kB)
2025-08-20T19:21:15.9128354Z Using cached pytest_postgresql-7.0.2-py3-none-any.whl (41 kB)
2025-08-20T19:21:15.9139021Z Using cached python_telegram_bot-22.3-py3-none-any.whl (717 kB)
2025-08-20T19:21:15.9154469Z Using cached requests-2.32.4-py3-none-any.whl (64 kB)
2025-08-20T19:21:15.9165402Z Using cached respx-0.22.0-py2.py3-none-any.whl (25 kB)
2025-08-20T19:21:15.9176254Z Using cached ruff-0.9.9-py3-none-manylinux_2_17_x86_64.manylinux2014_x86_64.whl (11.2 MB)
2025-08-20T19:21:15.9265708Z Using cached sqlalchemy-2.0.43-cp312-cp312-manylinux_2_17_x86_64.manylinux2014_x86_64.whl (3.3 MB)
2025-08-20T19:21:15.9299749Z Using cached structlog-24.1.0-py3-none-any.whl (65 kB)
2025-08-20T19:21:15.9310585Z Using cached testcontainers-4.10.0-py3-none-any.whl (107 kB)
2025-08-20T19:21:15.9322146Z Using cached types_requests-2.32.4.20250809-py3-none-any.whl (20 kB)
2025-08-20T19:21:15.9333080Z Using cached docspec_python-2.2.2-py3-none-any.whl (15 kB)
2025-08-20T19:21:15.9343661Z Using cached pydoc_markdown-4.8.2-py3-none-any.whl (67 kB)
2025-08-20T19:21:15.9354482Z Using cached docspec-2.2.1-py3-none-any.whl (9.8 kB)
2025-08-20T19:21:15.9365424Z Using cached psycopg_binary-3.2.9-cp312-cp312-manylinux_2_17_x86_64.manylinux2014_x86_64.whl (4.4 MB)
2025-08-20T19:21:15.9407126Z Using cached pydantic_core-2.33.2-cp312-cp312-manylinux_2_17_x86_64.manylinux2014_x86_64.whl (2.0 MB)
2025-08-20T19:21:15.9431360Z Using cached redis-6.4.0-py3-none-any.whl (279 kB)
2025-08-20T19:21:15.9443666Z Using cached minio-7.2.16-py3-none-any.whl (95 kB)
2025-08-20T19:21:15.9454925Z Using cached httpx-0.28.1-py3-none-any.whl (73 kB)
2025-08-20T19:21:15.9466444Z Using cached mypy-1.17.1-cp312-cp312-manylinux2014_x86_64.manylinux_2_17_x86_64.manylinux_2_28_x86_64.whl (12.7 MB)
2025-08-20T19:21:15.9567376Z Using cached numpy-1.26.4-cp312-cp312-manylinux_2_17_x86_64.manylinux2014_x86_64.whl (18.0 MB)
2025-08-20T19:21:15.9704654Z Using cached pandas-2.2.3-cp312-cp312-manylinux_2_17_x86_64.manylinux2014_x86_64.whl (12.7 MB)
2025-08-20T19:21:15.9804342Z Using cached pandera-0.19.3-py3-none-any.whl (251 kB)
2025-08-20T19:21:15.9816955Z Using cached billiard-4.2.1-py3-none-any.whl (86 kB)
2025-08-20T19:21:15.9828456Z Using cached charset_normalizer-3.4.3-cp312-cp312-manylinux2014_x86_64.manylinux_2_17_x86_64.manylinux_2_28_x86_64.whl (151 kB)
2025-08-20T19:21:15.9840007Z Using cached click-8.2.1-py3-none-any.whl (102 kB)
2025-08-20T19:21:15.9851999Z Using cached databind.core-4.5.2-py3-none-any.whl (1.5 kB)
2025-08-20T19:21:15.9863361Z Using cached databind-4.5.2-py3-none-any.whl (49 kB)
2025-08-20T19:21:15.9874658Z Using cached databind.json-4.5.2-py3-none-any.whl (1.5 kB)
2025-08-20T19:21:15.9885802Z Using cached Deprecated-1.2.18-py2.py3-none-any.whl (10.0 kB)
2025-08-20T19:21:15.9897225Z Using cached httpcore-1.0.9-py3-none-any.whl (78 kB)
2025-08-20T19:21:15.9908805Z Using cached idna-3.10-py3-none-any.whl (70 kB)
2025-08-20T19:21:15.9920139Z Using cached kombu-5.5.4-py3-none-any.whl (210 kB)
2025-08-20T19:21:15.9932352Z Using cached vine-5.1.0-py3-none-any.whl (9.6 kB)
2025-08-20T19:21:15.9943356Z Using cached amqp-5.3.1-py3-none-any.whl (50 kB)
2025-08-20T19:21:15.9954549Z Using cached multimethod-1.10-py3-none-any.whl (9.9 kB)
2025-08-20T19:21:15.9965438Z Using cached nr_date-2.1.0-py3-none-any.whl (10 kB)
2025-08-20T19:21:15.9976497Z Using cached nr_stream-1.1.5-py3-none-any.whl (10 kB)
2025-08-20T19:21:15.9987590Z Using cached nr.util-0.8.12-py3-none-any.whl (90 kB)
2025-08-20T19:21:15.9999326Z Using cached pytest-8.4.1-py3-none-any.whl (365 kB)
2025-08-20T19:21:16.0012873Z Using cached pluggy-1.6.0-py3-none-any.whl (20 kB)
2025-08-20T19:21:16.0024440Z Using cached PyYAML-6.0.2-cp312-cp312-manylinux_2_17_x86_64.manylinux2014_x86_64.whl (767 kB)
2025-08-20T19:21:16.0041219Z Using cached starlette-0.47.2-py3-none-any.whl (72 kB)
2025-08-20T19:21:16.0052780Z Using cached anyio-4.10.0-py3-none-any.whl (107 kB)
2025-08-20T19:21:16.0064972Z Using cached tomli-2.2.1-cp312-cp312-manylinux_2_17_x86_64.manylinux2014_x86_64.whl (242 kB)
2025-08-20T19:21:16.0077419Z Using cached tomli_w-1.2.0-py3-none-any.whl (6.7 kB)
2025-08-20T19:21:16.0088845Z Using cached typeapi-2.2.4-py3-none-any.whl (26 kB)
2025-08-20T19:21:16.0100248Z Using cached typing_extensions-4.14.1-py3-none-any.whl (43 kB)
2025-08-20T19:21:16.0111598Z Using cached urllib3-2.5.0-py3-none-any.whl (129 kB)
2025-08-20T19:21:16.0123823Z Using cached wrapt-1.17.3-cp312-cp312-manylinux1_x86_64.manylinux_2_28_x86_64.manylinux_2_5_x86_64.whl (88 kB)
2025-08-20T19:21:16.0135321Z Using cached boto3-1.40.13-py3-none-any.whl (140 kB)
2025-08-20T19:21:16.0147464Z Using cached botocore-1.40.13-py3-none-any.whl (14.0 MB)
2025-08-20T19:21:16.0256217Z Using cached jmespath-1.0.1-py3-none-any.whl (20 kB)
2025-08-20T19:21:16.0267964Z Using cached python_dateutil-2.9.0.post0-py2.py3-none-any.whl (229 kB)
2025-08-20T19:21:16.0280583Z Using cached s3transfer-0.13.1-py3-none-any.whl (85 kB)
2025-08-20T19:21:16.0292786Z Using cached itsdangerous-2.2.0-py3-none-any.whl (16 kB)
2025-08-20T19:21:16.0303820Z Using cached setuptools-80.9.0-py3-none-any.whl (1.2 MB)
2025-08-20T19:21:16.0322830Z Using cached python_dotenv-1.1.1-py3-none-any.whl (20 kB)
2025-08-20T19:21:16.0333627Z Using cached python_multipart-0.0.20-py3-none-any.whl (24 kB)
2025-08-20T19:21:16.0344410Z Using cached annotated_types-0.7.0-py3-none-any.whl (13 kB)
2025-08-20T19:21:16.0355262Z Using cached certifi-2025.8.3-py3-none-any.whl (161 kB)
2025-08-20T19:21:16.0366743Z Using cached click_didyoumean-0.3.1-py3-none-any.whl (3.6 kB)
2025-08-20T19:21:16.0378238Z Using cached click_plugins-1.1.1.2-py2.py3-none-any.whl (11 kB)
2025-08-20T19:21:16.0388806Z Using cached click_repl-0.3.0-py3-none-any.whl (10 kB)
2025-08-20T19:21:16.0400054Z Using cached coverage-7.10.4-cp312-cp312-manylinux1_x86_64.manylinux_2_28_x86_64.manylinux_2_5_x86_64.whl (251 kB)
2025-08-20T19:21:16.0412063Z Using cached email_validator-2.2.0-py3-none-any.whl (33 kB)
2025-08-20T19:21:16.0423074Z Using cached dnspython-2.7.0-py3-none-any.whl (313 kB)
2025-08-20T19:21:16.0435796Z Using cached fastapi_cli-0.0.8-py3-none-any.whl (10 kB)
2025-08-20T19:21:16.0446393Z Using cached fastapi_cloud_cli-0.1.5-py3-none-any.whl (18 kB)
2025-08-20T19:21:16.0457691Z Using cached greenlet-3.2.4-cp312-cp312-manylinux_2_24_x86_64.manylinux_2_28_x86_64.whl (607 kB)
2025-08-20T19:21:16.0472321Z Using cached h11-0.16.0-py3-none-any.whl (37 kB)
2025-08-20T19:21:16.0483266Z Using cached iniconfig-2.1.0-py3-none-any.whl (6.0 kB)
2025-08-20T19:21:16.0494575Z Using cached MarkupSafe-3.0.2-cp312-cp312-manylinux_2_17_x86_64.manylinux2014_x86_64.whl (23 kB)
2025-08-20T19:21:16.0504912Z Using cached mirakuru-2.6.1-py3-none-any.whl (26 kB)
2025-08-20T19:21:16.0516137Z Using cached orjson-3.11.2-cp312-cp312-manylinux_2_17_x86_64.manylinux2014_x86_64.whl (121 kB)
2025-08-20T19:21:16.0527402Z Using cached packaging-25.0-py3-none-any.whl (66 kB)
2025-08-20T19:21:16.0538464Z Using cached pathspec-0.12.1-py3-none-any.whl (31 kB)
2025-08-20T19:21:16.0549254Z Using cached platformdirs-4.3.8-py3-none-any.whl (18 kB)
2025-08-20T19:21:16.0560054Z Using cached port_for-0.7.4-py3-none-any.whl (21 kB)
2025-08-20T19:21:16.0570945Z Using cached prompt_toolkit-3.0.51-py3-none-any.whl (387 kB)
2025-08-20T19:21:16.0584828Z Using cached psutil-7.0.0-cp36-abi3-manylinux_2_12_x86_64.manylinux2010_x86_64.manylinux_2_17_x86_64.manylinux2014_x86_64.whl (277 kB)
2025-08-20T19:21:16.0597207Z Using cached pydantic_extra_types-2.10.5-py3-none-any.whl (38 kB)
2025-08-20T19:21:16.0608347Z Using cached pydantic_settings-2.10.1-py3-none-any.whl (45 kB)
2025-08-20T19:21:16.0619199Z Using cached pygments-2.19.2-py3-none-any.whl (1.2 MB)
2025-08-20T19:21:16.0638424Z Using cached pytz-2025.2-py2.py3-none-any.whl (509 kB)
2025-08-20T19:21:16.0653314Z Using cached rich_toolkit-0.15.0-py3-none-any.whl (29 kB)
2025-08-20T19:21:16.0664059Z Using cached rich-14.1.0-py3-none-any.whl (243 kB)
2025-08-20T19:21:16.0676281Z Using cached markdown_it_py-4.0.0-py3-none-any.whl (87 kB)
2025-08-20T19:21:16.0687392Z Using cached mdurl-0.1.2-py3-none-any.whl (10.0 kB)
2025-08-20T19:21:16.0698497Z Using cached rignore-0.6.4-cp312-cp312-manylinux_2_17_x86_64.manylinux2014_x86_64.whl (949 kB)
2025-08-20T19:21:16.0718027Z Using cached sentry_sdk-2.35.0-py2.py3-none-any.whl (363 kB)
2025-08-20T19:21:16.0731270Z Using cached six-1.17.0-py2.py3-none-any.whl (11 kB)
2025-08-20T19:21:16.0742065Z Using cached sniffio-1.3.1-py3-none-any.whl (10 kB)
2025-08-20T19:21:16.0752591Z Using cached typer-0.16.1-py3-none-any.whl (46 kB)
2025-08-20T19:21:16.0763589Z Using cached shellingham-1.5.4-py2.py3-none-any.whl (9.8 kB)
2025-08-20T19:21:16.0774070Z Using cached typing_inspect-0.9.0-py3-none-any.whl (8.8 kB)
2025-08-20T19:21:16.0784794Z Using cached typing_inspection-0.4.1-py3-none-any.whl (14 kB)
2025-08-20T19:21:16.0795475Z Using cached tzdata-2025.2-py2.py3-none-any.whl (347 kB)
2025-08-20T19:21:16.0808746Z Using cached tzlocal-5.3.1-py3-none-any.whl (18 kB)
2025-08-20T19:21:16.0819763Z Using cached ujson-5.11.0-cp312-cp312-manylinux_2_24_x86_64.manylinux_2_28_x86_64.whl (57 kB)
2025-08-20T19:21:16.0830481Z Using cached uvicorn-0.35.0-py3-none-any.whl (66 kB)
2025-08-20T19:21:16.0842486Z Using cached httptools-0.6.4-cp312-cp312-manylinux_2_5_x86_64.manylinux1_x86_64.manylinux_2_17_x86_64.manylinux2014_x86_64.whl (510 kB)
2025-08-20T19:21:16.0856630Z Using cached uvloop-0.21.0-cp312-cp312-manylinux_2_17_x86_64.manylinux2014_x86_64.whl (4.7 MB)
2025-08-20T19:21:16.0900083Z Using cached watchfiles-1.1.0-cp312-cp312-manylinux_2_17_x86_64.manylinux2014_x86_64.whl (452 kB)
2025-08-20T19:21:16.0915071Z Using cached websockets-15.0.1-cp312-cp312-manylinux_2_5_x86_64.manylinux1_x86_64.manylinux_2_17_x86_64.manylinux2014_x86_64.whl (182 kB)
2025-08-20T19:21:16.0926443Z Using cached yapf-0.43.0-py3-none-any.whl (256 kB)
2025-08-20T19:21:16.0939050Z Using cached argon2_cffi-25.1.0-py3-none-any.whl (14 kB)
2025-08-20T19:21:16.0950254Z Using cached argon2_cffi_bindings-25.1.0-cp39-abi3-manylinux_2_26_x86_64.manylinux_2_28_x86_64.whl (87 kB)
2025-08-20T19:21:16.0961602Z Using cached cffi-1.17.1-cp312-cp312-manylinux_2_17_x86_64.manylinux2014_x86_64.whl (479 kB)
2025-08-20T19:21:16.0975345Z Using cached docker-7.1.0-py3-none-any.whl (147 kB)
2025-08-20T19:21:16.0987119Z Using cached et_xmlfile-2.0.0-py3-none-any.whl (18 kB)
2025-08-20T19:21:16.0997803Z Using cached mako-1.3.10-py3-none-any.whl (78 kB)
2025-08-20T19:21:16.1008954Z Using cached pycparser-2.22-py3-none-any.whl (117 kB)
2025-08-20T19:21:16.1021102Z Using cached pycryptodome-3.23.0-cp37-abi3-manylinux_2_17_x86_64.manylinux2014_x86_64.whl (2.3 MB)
2025-08-20T19:21:16.1046983Z Using cached toml-0.10.2-py2.py3-none-any.whl (16 kB)
2025-08-20T19:21:16.1057521Z Using cached typeguard-4.4.4-py3-none-any.whl (34 kB)
2025-08-20T19:21:16.1068448Z Using cached watchdog-6.0.0-py3-none-manylinux2014_x86_64.whl (79 kB)
2025-08-20T19:21:16.1079441Z Using cached wcwidth-0.2.13-py2.py3-none-any.whl (34 kB)
2025-08-20T19:21:16.5768171Z Installing collected packages: wcwidth, pytz, wrapt, websockets, watchdog, vine, uvloop, urllib3, ujson, tzlocal, tzdata, typing-extensions, tomli_w, tomli, toml, structlog, sniffio, six, shellingham, setuptools, ruff, rignore, redis, PyYAML, python-multipart, python-dotenv, pygments, pycryptodome, pycparser, psycopg2-binary, psycopg-binary, psutil, prompt-toolkit, port-for, pluggy, platformdirs, pathspec, packaging, orjson, numpy, nr-stream, nr-date, mypy-extensions, multimethod, mdurl, MarkupSafe, jmespath, itsdangerous, iniconfig, imapclient, idna, httptools, h11, greenlet, et-xmlfile, docstring-parser, dnspython, coverage, click, charset_normalizer, certifi, billiard, asyncpg, annotated-types, yapf, vulture, uvicorn, typing-inspection, typing-inspect, types-requests, typeguard, typeapi, sqlalchemy, sentry-sdk, requests, python-dateutil, pytest, pydantic-core, psycopg, openpyxl, mypy, mirakuru, markdown-it-py, Mako, Jinja2, httpcore, email-validator, Deprecated, click-repl, click-plugins, click-didyoumean, cffi, black, apscheduler, anyio, amqp, watchfiles, starlette, rich, pytest-postgresql, pytest-cov, pytest-asyncio, pydantic, pandas, nr-util, kombu, httpx, docker, databind, botocore, argon2-cffi-bindings, alembic, typer, testcontainers, s3transfer, rich-toolkit, respx, python-telegram-bot, pydantic-settings, pydantic-extra-types, pandera, fastapi, databind.json, databind.core, celery, asgi-correlation-id, argon2-cffi, minio, fastapi-limiter, fastapi-cloud-cli, fastapi-cli, docspec, boto3, docspec-python, pydoc-markdown
2025-08-20T19:21:35.3523878Z 
2025-08-20T19:21:35.3649541Z Successfully installed Deprecated-1.2.18 Jinja2-3.1.6 Mako-1.3.10 MarkupSafe-3.0.2 PyYAML-6.0.2 alembic-1.13.1 amqp-5.3.1 annotated-types-0.7.0 anyio-4.10.0 apscheduler-3.10.4 argon2-cffi-25.1.0 argon2-cffi-bindings-25.1.0 asgi-correlation-id-4.3.1 asyncpg-0.30.0 billiard-4.2.1 black-25.1.0 boto3-1.40.13 botocore-1.40.13 celery-5.5.3 certifi-2025.8.3 cffi-1.17.1 charset_normalizer-3.4.3 click-8.2.1 click-didyoumean-0.3.1 click-plugins-1.1.1.2 click-repl-0.3.0 coverage-7.10.4 databind-4.5.2 databind.core-4.5.2 databind.json-4.5.2 dnspython-2.7.0 docker-7.1.0 docspec-2.2.1 docspec-python-2.2.2 docstring-parser-0.11 email-validator-2.2.0 et-xmlfile-2.0.0 fastapi-0.116.1 fastapi-cli-0.0.8 fastapi-cloud-cli-0.1.5 fastapi-limiter-0.1.6 greenlet-3.2.4 h11-0.16.0 httpcore-1.0.9 httptools-0.6.4 httpx-0.28.1 idna-3.10 imapclient-3.0.1 iniconfig-2.1.0 itsdangerous-2.2.0 jmespath-1.0.1 kombu-5.5.4 markdown-it-py-4.0.0 mdurl-0.1.2 minio-7.2.16 mirakuru-2.6.1 multimethod-1.10 mypy-1.17.1 mypy-extensions-1.1.0 nr-date-2.1.0 nr-stream-1.1.5 nr-util-0.8.12 numpy-1.26.4 openpyxl-3.1.5 orjson-3.11.2 packaging-25.0 pandas-2.2.3 pandera-0.19.3 pathspec-0.12.1 platformdirs-4.3.8 pluggy-1.6.0 port-for-0.7.4 prompt-toolkit-3.0.51 psutil-7.0.0 psycopg-3.2.9 psycopg-binary-3.2.9 psycopg2-binary-2.9.10 pycparser-2.22 pycryptodome-3.23.0 pydantic-2.11.7 pydantic-core-2.33.2 pydantic-extra-types-2.10.5 pydantic-settings-2.10.1 pydoc-markdown-4.8.2 pygments-2.19.2 pytest-8.4.1 pytest-asyncio-0.23.6 pytest-cov-6.2.1 pytest-postgresql-7.0.2 python-dateutil-2.9.0.post0 python-dotenv-1.1.1 python-multipart-0.0.20 python-telegram-bot-22.3 pytz-2025.2 redis-6.4.0 requests-2.32.4 respx-0.22.0 rich-14.1.0 rich-toolkit-0.15.0 rignore-0.6.4 ruff-0.9.9 s3transfer-0.13.1 sentry-sdk-2.35.0 setuptools-80.9.0 shellingham-1.5.4 six-1.17.0 sniffio-1.3.1 sqlalchemy-2.0.43 starlette-0.47.2 structlog-24.1.0 testcontainers-4.10.0 toml-0.10.2 tomli-2.2.1 tomli_w-1.2.0 typeapi-2.2.4 typeguard-4.4.4 typer-0.16.1 types-requests-2.32.4.20250809 typing-extensions-4.14.1 typing-inspect-0.9.0 typing-inspection-0.4.1 tzdata-2025.2 tzlocal-5.3.1 ujson-5.11.0 urllib3-2.5.0 uvicorn-0.35.0 uvloop-0.21.0 vine-5.1.0 vulture-2.10 watchdog-6.0.0 watchfiles-1.1.0 wcwidth-0.2.13 websockets-15.0.1 wrapt-1.17.3 yapf-0.43.0
2025-08-20T19:21:37.1725408Z Collecting keepa==1.3.15
2025-08-20T19:21:37.1741697Z   Using cached keepa-1.3.15-py3-none-any.whl.metadata (11 kB)
2025-08-20T19:21:37.2070419Z Collecting minio==7.1.15
2025-08-20T19:21:37.2084068Z   Using cached minio-7.1.15-py3-none-any.whl.metadata (4.2 kB)
2025-08-20T19:21:37.2112153Z Requirement already satisfied: numpy>=1.9.3 in /opt/hostedtoolcache/Python/3.12.11/x64/lib/python3.12/site-packages (from keepa==1.3.15) (1.26.4)
2025-08-20T19:21:37.2118045Z Requirement already satisfied: requests>=2.2 in /opt/hostedtoolcache/Python/3.12.11/x64/lib/python3.12/site-packages (from keepa==1.3.15) (2.32.4)
2025-08-20T19:21:37.2523004Z Collecting tqdm (from keepa==1.3.15)
2025-08-20T19:21:37.2535684Z   Using cached tqdm-4.67.1-py3-none-any.whl.metadata (57 kB)
2025-08-20T19:21:37.7771893Z Collecting aiohttp (from keepa==1.3.15)
2025-08-20T19:21:37.7785521Z   Using cached aiohttp-3.12.15-cp312-cp312-manylinux_2_17_x86_64.manylinux2014_x86_64.whl.metadata (7.7 kB)
2025-08-20T19:21:37.7820231Z Requirement already satisfied: pandas<=3.0 in /opt/hostedtoolcache/Python/3.12.11/x64/lib/python3.12/site-packages (from keepa==1.3.15) (2.2.3)
2025-08-20T19:21:37.7823768Z Requirement already satisfied: pydantic in /opt/hostedtoolcache/Python/3.12.11/x64/lib/python3.12/site-packages (from keepa==1.3.15) (2.11.7)
2025-08-20T19:21:37.7831252Z Requirement already satisfied: certifi in /opt/hostedtoolcache/Python/3.12.11/x64/lib/python3.12/site-packages (from minio==7.1.15) (2025.8.3)
2025-08-20T19:21:37.7834641Z Requirement already satisfied: urllib3 in /opt/hostedtoolcache/Python/3.12.11/x64/lib/python3.12/site-packages (from minio==7.1.15) (2.5.0)
2025-08-20T19:21:37.7890814Z Requirement already satisfied: python-dateutil>=2.8.2 in /opt/hostedtoolcache/Python/3.12.11/x64/lib/python3.12/site-packages (from pandas<=3.0->keepa==1.3.15) (2.9.0.post0)
2025-08-20T19:21:37.7895471Z Requirement already satisfied: pytz>=2020.1 in /opt/hostedtoolcache/Python/3.12.11/x64/lib/python3.12/site-packages (from pandas<=3.0->keepa==1.3.15) (2025.2)
2025-08-20T19:21:37.7900609Z Requirement already satisfied: tzdata>=2022.7 in /opt/hostedtoolcache/Python/3.12.11/x64/lib/python3.12/site-packages (from pandas<=3.0->keepa==1.3.15) (2025.2)
2025-08-20T19:21:37.8028878Z Requirement already satisfied: six>=1.5 in /opt/hostedtoolcache/Python/3.12.11/x64/lib/python3.12/site-packages (from python-dateutil>=2.8.2->pandas<=3.0->keepa==1.3.15) (1.17.0)
2025-08-20T19:21:37.8047657Z Requirement already satisfied: charset_normalizer<4,>=2 in /opt/hostedtoolcache/Python/3.12.11/x64/lib/python3.12/site-packages (from requests>=2.2->keepa==1.3.15) (3.4.3)
2025-08-20T19:21:37.8053720Z Requirement already satisfied: idna<4,>=2.5 in /opt/hostedtoolcache/Python/3.12.11/x64/lib/python3.12/site-packages (from requests>=2.2->keepa==1.3.15) (3.10)
2025-08-20T19:21:38.0363390Z Collecting aiohappyeyeballs>=2.5.0 (from aiohttp->keepa==1.3.15)
2025-08-20T19:21:38.0375147Z   Using cached aiohappyeyeballs-2.6.1-py3-none-any.whl.metadata (5.9 kB)
2025-08-20T19:21:38.0458496Z Collecting aiosignal>=1.4.0 (from aiohttp->keepa==1.3.15)
2025-08-20T19:21:38.0469428Z   Using cached aiosignal-1.4.0-py3-none-any.whl.metadata (3.7 kB)
2025-08-20T19:21:38.0604173Z Collecting attrs>=17.3.0 (from aiohttp->keepa==1.3.15)
2025-08-20T19:21:38.0615019Z   Using cached attrs-25.3.0-py3-none-any.whl.metadata (10 kB)
2025-08-20T19:21:38.1258627Z Collecting frozenlist>=1.1.1 (from aiohttp->keepa==1.3.15)
2025-08-20T19:21:38.1271737Z   Using cached frozenlist-1.7.0-cp312-cp312-manylinux_2_5_x86_64.manylinux1_x86_64.manylinux_2_17_x86_64.manylinux2014_x86_64.whl.metadata (18 kB)
2025-08-20T19:21:38.3659223Z Collecting multidict<7.0,>=4.5 (from aiohttp->keepa==1.3.15)
2025-08-20T19:21:38.3673208Z   Using cached multidict-6.6.4-cp312-cp312-manylinux2014_x86_64.manylinux_2_17_x86_64.manylinux_2_28_x86_64.whl.metadata (5.3 kB)
2025-08-20T19:21:38.4074905Z Collecting propcache>=0.2.0 (from aiohttp->keepa==1.3.15)
2025-08-20T19:21:38.4087733Z   Using cached propcache-0.3.2-cp312-cp312-manylinux_2_17_x86_64.manylinux2014_x86_64.whl.metadata (12 kB)
2025-08-20T19:21:38.6405224Z Collecting yarl<2.0,>=1.17.0 (from aiohttp->keepa==1.3.15)
2025-08-20T19:21:38.6418685Z   Using cached yarl-1.20.1-cp312-cp312-manylinux_2_17_x86_64.manylinux2014_x86_64.whl.metadata (73 kB)
2025-08-20T19:21:38.6631588Z Requirement already satisfied: typing-extensions>=4.2 in /opt/hostedtoolcache/Python/3.12.11/x64/lib/python3.12/site-packages (from aiosignal>=1.4.0->aiohttp->keepa==1.3.15) (4.14.1)
2025-08-20T19:21:38.6679256Z Requirement already satisfied: annotated-types>=0.6.0 in /opt/hostedtoolcache/Python/3.12.11/x64/lib/python3.12/site-packages (from pydantic->keepa==1.3.15) (0.7.0)
2025-08-20T19:21:38.6684560Z Requirement already satisfied: pydantic-core==2.33.2 in /opt/hostedtoolcache/Python/3.12.11/x64/lib/python3.12/site-packages (from pydantic->keepa==1.3.15) (2.33.2)
2025-08-20T19:21:38.6691574Z Requirement already satisfied: typing-inspection>=0.4.0 in /opt/hostedtoolcache/Python/3.12.11/x64/lib/python3.12/site-packages (from pydantic->keepa==1.3.15) (0.4.1)
2025-08-20T19:21:38.6751023Z Using cached keepa-1.3.15-py3-none-any.whl (38 kB)
2025-08-20T19:21:38.6762181Z Using cached minio-7.1.15-py3-none-any.whl (77 kB)
2025-08-20T19:21:38.6773831Z Using cached aiohttp-3.12.15-cp312-cp312-manylinux_2_17_x86_64.manylinux2014_x86_64.whl (1.7 MB)
2025-08-20T19:21:38.6797684Z Using cached multidict-6.6.4-cp312-cp312-manylinux2014_x86_64.manylinux_2_17_x86_64.manylinux_2_28_x86_64.whl (256 kB)
2025-08-20T19:21:38.6809724Z Using cached yarl-1.20.1-cp312-cp312-manylinux_2_17_x86_64.manylinux2014_x86_64.whl (355 kB)
2025-08-20T19:21:38.6822442Z Using cached aiohappyeyeballs-2.6.1-py3-none-any.whl (15 kB)
2025-08-20T19:21:38.6832965Z Using cached aiosignal-1.4.0-py3-none-any.whl (7.5 kB)
2025-08-20T19:21:38.6843415Z Using cached attrs-25.3.0-py3-none-any.whl (63 kB)
2025-08-20T19:21:38.6854890Z Using cached frozenlist-1.7.0-cp312-cp312-manylinux_2_5_x86_64.manylinux1_x86_64.manylinux_2_17_x86_64.manylinux2014_x86_64.whl (241 kB)
2025-08-20T19:21:38.6867093Z Using cached propcache-0.3.2-cp312-cp312-manylinux_2_17_x86_64.manylinux2014_x86_64.whl (224 kB)
2025-08-20T19:21:38.6878912Z Using cached tqdm-4.67.1-py3-none-any.whl (78 kB)
2025-08-20T19:21:38.8680951Z Installing collected packages: tqdm, propcache, multidict, minio, frozenlist, attrs, aiohappyeyeballs, yarl, aiosignal, aiohttp, keepa
2025-08-20T19:21:38.9401517Z   Attempting uninstall: minio
2025-08-20T19:21:38.9449281Z     Found existing installation: minio 7.2.16
2025-08-20T19:21:38.9486168Z     Uninstalling minio-7.2.16:
2025-08-20T19:21:38.9496288Z       Successfully uninstalled minio-7.2.16
2025-08-20T19:21:39.3032914Z 
2025-08-20T19:21:39.3150675Z Successfully installed aiohappyeyeballs-2.6.1 aiohttp-3.12.15 aiosignal-1.4.0 attrs-25.3.0 frozenlist-1.7.0 keepa-1.3.15 minio-7.1.15 multidict-6.6.4 propcache-0.3.2 tqdm-4.67.1 yarl-1.20.1
2025-08-20T19:21:39.4768719Z ##[group]Run for i in {1..30}; do pg_isready -h "$PG_HOST" -p "$PG_PORT" -U "$PG_USER" -d "$PG_DATABASE" && break; sleep 1; done
2025-08-20T19:21:39.4769859Z [36;1mfor i in {1..30}; do pg_isready -h "$PG_HOST" -p "$PG_PORT" -U "$PG_USER" -d "$PG_DATABASE" && break; sleep 1; done[0m
2025-08-20T19:21:39.4810732Z shell: /usr/bin/bash -e {0}
2025-08-20T19:21:39.4810959Z env:
2025-08-20T19:21:39.4811156Z   REDIS_URL: redis://localhost:6379/0
2025-08-20T19:21:39.4811419Z   RATE_LIMIT_DEFAULT: 100/minute
2025-08-20T19:21:39.4811639Z   TRUST_X_FORWARDED: 1
2025-08-20T19:21:39.4811828Z   PG_USER: postgres
2025-08-20T19:21:39.4812018Z   PG_PASSWORD: pass
2025-08-20T19:21:39.4812200Z   PG_DATABASE: awa
2025-08-20T19:21:39.4812380Z   PG_HOST: localhost
2025-08-20T19:21:39.4812558Z   PG_PORT: 5432
2025-08-20T19:21:39.4813173Z   PG_SYNC_DSN: ***localhost:5432/awa
2025-08-20T19:21:39.4813575Z   PG_ASYNC_DSN: ***localhost:5432/awa
2025-08-20T19:21:39.4813999Z   DATABASE_URL: ***localhost:5432/awa
2025-08-20T19:21:39.4814238Z   DATA_DIR: /tmp/awa-data
2025-08-20T19:21:39.4814446Z   ENABLE_LIVE: 0
2025-08-20T19:21:39.4814629Z   TESTING: 1
2025-08-20T19:21:39.4814859Z   pythonLocation: /opt/hostedtoolcache/Python/3.12.11/x64
2025-08-20T19:21:39.4815261Z   PKG_CONFIG_PATH: /opt/hostedtoolcache/Python/3.12.11/x64/lib/pkgconfig
2025-08-20T19:21:39.4815655Z   Python_ROOT_DIR: /opt/hostedtoolcache/Python/3.12.11/x64
2025-08-20T19:21:39.4816006Z   Python2_ROOT_DIR: /opt/hostedtoolcache/Python/3.12.11/x64
2025-08-20T19:21:39.4816362Z   Python3_ROOT_DIR: /opt/hostedtoolcache/Python/3.12.11/x64
2025-08-20T19:21:39.4816709Z   LD_LIBRARY_PATH: /opt/hostedtoolcache/Python/3.12.11/x64/lib
2025-08-20T19:21:39.4817227Z ##[endgroup]
2025-08-20T19:21:39.5662606Z localhost:5432 - accepting connections
2025-08-20T19:21:39.5693429Z ##[group]Run alembic -c services/api/alembic.ini upgrade head
2025-08-20T19:21:39.5693865Z [36;1malembic -c services/api/alembic.ini upgrade head[0m
2025-08-20T19:21:39.5733082Z shell: /usr/bin/bash -e {0}
2025-08-20T19:21:39.5733307Z env:
2025-08-20T19:21:39.5733510Z   REDIS_URL: redis://localhost:6379/0
2025-08-20T19:21:39.5733948Z   RATE_LIMIT_DEFAULT: 100/minute
2025-08-20T19:21:39.5734173Z   TRUST_X_FORWARDED: 1
2025-08-20T19:21:39.5734370Z   PG_USER: postgres
2025-08-20T19:21:39.5734556Z   PG_PASSWORD: pass
2025-08-20T19:21:39.5734740Z   PG_DATABASE: awa
2025-08-20T19:21:39.5734912Z   PG_HOST: localhost
2025-08-20T19:21:39.5735093Z   PG_PORT: 5432
2025-08-20T19:21:39.5735539Z   PG_SYNC_DSN: ***localhost:5432/awa
2025-08-20T19:21:39.5735982Z   PG_ASYNC_DSN: ***localhost:5432/awa
2025-08-20T19:21:39.5736353Z   DATABASE_URL: ***localhost:5432/awa
2025-08-20T19:21:39.5736580Z   DATA_DIR: /tmp/awa-data
2025-08-20T19:21:39.5737009Z   ENABLE_LIVE: 0
2025-08-20T19:21:39.5737229Z   TESTING: 1
2025-08-20T19:21:39.5737470Z   pythonLocation: /opt/hostedtoolcache/Python/3.12.11/x64
2025-08-20T19:21:39.5737862Z   PKG_CONFIG_PATH: /opt/hostedtoolcache/Python/3.12.11/x64/lib/pkgconfig
2025-08-20T19:21:39.5738242Z   Python_ROOT_DIR: /opt/hostedtoolcache/Python/3.12.11/x64
2025-08-20T19:21:39.5738574Z   Python2_ROOT_DIR: /opt/hostedtoolcache/Python/3.12.11/x64
2025-08-20T19:21:39.5738937Z   Python3_ROOT_DIR: /opt/hostedtoolcache/Python/3.12.11/x64
2025-08-20T19:21:39.5739289Z   LD_LIBRARY_PATH: /opt/hostedtoolcache/Python/3.12.11/x64/lib
2025-08-20T19:21:39.5739573Z ##[endgroup]
2025-08-20T19:21:40.4430057Z INFO  [alembic.runtime.migration] Context impl PostgresqlImpl.
2025-08-20T19:21:40.4430795Z INFO  [alembic.runtime.migration] Will assume transactional DDL.
2025-08-20T19:21:40.4610042Z INFO  [alembic.runtime.migration] Running upgrade  -> 0001_baseline
2025-08-20T19:21:40.4747571Z INFO  [alembic.runtime.migration] Running upgrade 0001_baseline -> 0002_create_roi_view
2025-08-20T19:21:40.4773347Z INFO  [alembic.runtime.migration] Running upgrade 0002_create_roi_view -> 3e9d5c5aff2c
2025-08-20T19:21:40.4937139Z INFO  [alembic.runtime.migration] Running upgrade 3e9d5c5aff2c -> 0003_vendor_prices
2025-08-20T19:21:40.5074552Z INFO  [alembic.runtime.migration] Running upgrade 0003_vendor_prices -> 0004_fee_cron
2025-08-20T19:21:40.5147415Z INFO  [alembic.runtime.migration] Running upgrade 0004_fee_cron -> 0006_fix_roi_views
2025-08-20T19:21:40.5178893Z INFO  [alembic.runtime.migration] Running upgrade 0006_fix_roi_views -> 0020_unified_schema
2025-08-20T19:21:40.5283417Z INFO  [alembic.runtime.migration] Running upgrade 0020_unified_schema -> 0022_fix_roi_view
2025-08-20T19:21:40.5346019Z INFO  [alembic.runtime.migration] Running upgrade 0022_fix_roi_view -> 0023_add_storage_fee
2025-08-20T19:21:40.5384406Z INFO  [alembic.runtime.migration] Running upgrade 0023_add_storage_fee -> 0024_create_buybox
2025-08-20T19:21:40.5407163Z INFO  [alembic.runtime.migration] Running upgrade 0024_create_buybox -> 0025_pr4_indexes_loadlog
2025-08-20T19:21:40.5611528Z INFO  [alembic.runtime.migration] Running upgrade 0025_pr4_indexes_loadlog -> 0026_amazon_new_reports
2025-08-20T19:21:40.6634501Z ##[group]Run python - <<'PY'
2025-08-20T19:21:40.6634812Z [36;1mpython - <<'PY'[0m
2025-08-20T19:21:40.6635073Z [36;1mfrom fastapi.testclient import TestClient[0m
2025-08-20T19:21:40.6635393Z [36;1mfrom services.api.main import app[0m
2025-08-20T19:21:40.6635651Z [36;1mwith TestClient(app) as c:[0m
2025-08-20T19:21:40.6635886Z [36;1m    r = c.get('/roi-review')[0m
2025-08-20T19:21:40.6636137Z [36;1m    assert r.status_code < 500, r.text[0m
2025-08-20T19:21:40.6636380Z [36;1mPY[0m
2025-08-20T19:21:40.6676313Z shell: /usr/bin/bash -e {0}
2025-08-20T19:21:40.6676542Z env:
2025-08-20T19:21:40.6676747Z   REDIS_URL: redis://localhost:6379/0
2025-08-20T19:21:40.6677207Z   RATE_LIMIT_DEFAULT: 100/minute
2025-08-20T19:21:40.6677430Z   TRUST_X_FORWARDED: 1
2025-08-20T19:21:40.6677619Z   PG_USER: postgres
2025-08-20T19:21:40.6677806Z   PG_PASSWORD: pass
2025-08-20T19:21:40.6677984Z   PG_DATABASE: awa
2025-08-20T19:21:40.6678158Z   PG_HOST: localhost
2025-08-20T19:21:40.6678383Z   PG_PORT: 5432
2025-08-20T19:21:40.6678940Z   PG_SYNC_DSN: ***localhost:5432/awa
2025-08-20T19:21:40.6679347Z   PG_ASYNC_DSN: ***localhost:5432/awa
2025-08-20T19:21:40.6679728Z   DATABASE_URL: ***localhost:5432/awa
2025-08-20T19:21:40.6680139Z   DATA_DIR: /tmp/awa-data
2025-08-20T19:21:40.6680340Z   ENABLE_LIVE: 0
2025-08-20T19:21:40.6680510Z   TESTING: 1
2025-08-20T19:21:40.6680735Z   pythonLocation: /opt/hostedtoolcache/Python/3.12.11/x64
2025-08-20T19:21:40.6681136Z   PKG_CONFIG_PATH: /opt/hostedtoolcache/Python/3.12.11/x64/lib/pkgconfig
2025-08-20T19:21:40.6681528Z   Python_ROOT_DIR: /opt/hostedtoolcache/Python/3.12.11/x64
2025-08-20T19:21:40.6681864Z   Python2_ROOT_DIR: /opt/hostedtoolcache/Python/3.12.11/x64
2025-08-20T19:21:40.6682209Z   Python3_ROOT_DIR: /opt/hostedtoolcache/Python/3.12.11/x64
2025-08-20T19:21:40.6682556Z   LD_LIBRARY_PATH: /opt/hostedtoolcache/Python/3.12.11/x64/lib
2025-08-20T19:21:40.6682842Z ##[endgroup]
2025-08-20T19:21:42.0393661Z WARNING:services.api.errors:{"status_code": 401, "detail": "Not authenticated", "event": "http_error", "request_id": "1be8c1a39c014b5eaae9aa3733db7919", "level": "warning", "timestamp": "2025-08-20T19:21:42.038991Z"}
2025-08-20T19:21:42.0398181Z INFO:httpx:HTTP Request: GET http://testserver/roi-review "HTTP/1.1 401 Unauthorized"
2025-08-20T19:21:42.2570109Z ##[group]Run alembic -c services/api/alembic.ini downgrade base
2025-08-20T19:21:42.2570544Z [36;1malembic -c services/api/alembic.ini downgrade base[0m
2025-08-20T19:21:42.2610800Z shell: /usr/bin/bash -e {0}
2025-08-20T19:21:42.2611020Z env:
2025-08-20T19:21:42.2611228Z   REDIS_URL: redis://localhost:6379/0
2025-08-20T19:21:42.2611493Z   RATE_LIMIT_DEFAULT: 100/minute
2025-08-20T19:21:42.2611710Z   TRUST_X_FORWARDED: 1
2025-08-20T19:21:42.2611910Z   PG_USER: postgres
2025-08-20T19:21:42.2612095Z   PG_PASSWORD: pass
2025-08-20T19:21:42.2612275Z   PG_DATABASE: awa
2025-08-20T19:21:42.2612449Z   PG_HOST: localhost
2025-08-20T19:21:42.2612632Z   PG_PORT: 5432
2025-08-20T19:21:42.2613059Z   PG_SYNC_DSN: ***localhost:5432/awa
2025-08-20T19:21:42.2613451Z   PG_ASYNC_DSN: ***localhost:5432/awa
2025-08-20T19:21:42.2613829Z   DATABASE_URL: ***localhost:5432/awa
2025-08-20T19:21:42.2614054Z   DATA_DIR: /tmp/awa-data
2025-08-20T19:21:42.2614273Z   ENABLE_LIVE: 0
2025-08-20T19:21:42.2614470Z   TESTING: 1
2025-08-20T19:21:42.2614708Z   pythonLocation: /opt/hostedtoolcache/Python/3.12.11/x64
2025-08-20T19:21:42.2615117Z   PKG_CONFIG_PATH: /opt/hostedtoolcache/Python/3.12.11/x64/lib/pkgconfig
2025-08-20T19:21:42.2615509Z   Python_ROOT_DIR: /opt/hostedtoolcache/Python/3.12.11/x64
2025-08-20T19:21:42.2615849Z   Python2_ROOT_DIR: /opt/hostedtoolcache/Python/3.12.11/x64
2025-08-20T19:21:42.2616197Z   Python3_ROOT_DIR: /opt/hostedtoolcache/Python/3.12.11/x64
2025-08-20T19:21:42.2616550Z   LD_LIBRARY_PATH: /opt/hostedtoolcache/Python/3.12.11/x64/lib
2025-08-20T19:21:42.2617099Z ##[endgroup]
2025-08-20T19:21:42.7263628Z INFO  [alembic.runtime.migration] Context impl PostgresqlImpl.
2025-08-20T19:21:42.7264498Z INFO  [alembic.runtime.migration] Will assume transactional DDL.
2025-08-20T19:21:42.7345052Z INFO  [alembic.runtime.migration] Running downgrade 0026_amazon_new_reports -> 0025_pr4_indexes_loadlog
2025-08-20T19:21:42.7441263Z INFO  [alembic.runtime.migration] Running downgrade 0025_pr4_indexes_loadlog -> 0024_create_buybox
2025-08-20T19:21:42.7490945Z INFO  [alembic.runtime.migration] Running downgrade 0024_create_buybox -> 0023_add_storage_fee
2025-08-20T19:21:42.7503101Z INFO  [alembic.runtime.migration] Running downgrade 0023_add_storage_fee -> 0022_fix_roi_view
2025-08-20T19:21:42.7662058Z INFO  [alembic.runtime.migration] Running downgrade 0022_fix_roi_view -> 0020_unified_schema
2025-08-20T19:21:42.7687145Z INFO  [alembic.runtime.migration] Running downgrade 0020_unified_schema -> 0006_fix_roi_views
2025-08-20T19:21:42.7723893Z INFO  [alembic.runtime.migration] Running downgrade 0006_fix_roi_views -> 0004_fee_cron
2025-08-20T19:21:42.7735726Z INFO  [alembic.runtime.migration] Running downgrade 0004_fee_cron -> 0003_vendor_prices
2025-08-20T19:21:42.7812884Z INFO  [alembic.runtime.migration] Running downgrade 0003_vendor_prices -> 3e9d5c5aff2c
2025-08-20T19:21:42.7851334Z INFO  [alembic.runtime.migration] Running downgrade 3e9d5c5aff2c -> 0002_create_roi_view
2025-08-20T19:21:42.7898606Z INFO  [alembic.runtime.migration] Running downgrade 0002_create_roi_view -> 0001_baseline
2025-08-20T19:21:42.7907807Z INFO  [alembic.runtime.migration] Running downgrade 0001_baseline -> 
2025-08-20T19:21:42.8886252Z ##[group]Run test "$(alembic -c services/api/alembic.ini heads | wc -l)" -eq 1
2025-08-20T19:21:42.8886752Z [36;1mtest "$(alembic -c services/api/alembic.ini heads | wc -l)" -eq 1[0m
2025-08-20T19:21:42.8927194Z shell: /usr/bin/bash -e {0}
2025-08-20T19:21:42.8927416Z env:
2025-08-20T19:21:42.8927615Z   REDIS_URL: redis://localhost:6379/0
2025-08-20T19:21:42.8927875Z   RATE_LIMIT_DEFAULT: 100/minute
2025-08-20T19:21:42.8928100Z   TRUST_X_FORWARDED: 1
2025-08-20T19:21:42.8928296Z   PG_USER: postgres
2025-08-20T19:21:42.8928485Z   PG_PASSWORD: pass
2025-08-20T19:21:42.8928662Z   PG_DATABASE: awa
2025-08-20T19:21:42.8928841Z   PG_HOST: localhost
2025-08-20T19:21:42.8929023Z   PG_PORT: 5432
2025-08-20T19:21:42.8929458Z   PG_SYNC_DSN: ***localhost:5432/awa
2025-08-20T19:21:42.8929856Z   PG_ASYNC_DSN: ***localhost:5432/awa
2025-08-20T19:21:42.8930268Z   DATABASE_URL: ***localhost:5432/awa
2025-08-20T19:21:42.8930495Z   DATA_DIR: /tmp/awa-data
2025-08-20T19:21:42.8930743Z   ENABLE_LIVE: 0
2025-08-20T19:21:42.8930916Z   TESTING: 1
2025-08-20T19:21:42.8931159Z   pythonLocation: /opt/hostedtoolcache/Python/3.12.11/x64
2025-08-20T19:21:42.8931553Z   PKG_CONFIG_PATH: /opt/hostedtoolcache/Python/3.12.11/x64/lib/pkgconfig
2025-08-20T19:21:42.8931930Z   Python_ROOT_DIR: /opt/hostedtoolcache/Python/3.12.11/x64
2025-08-20T19:21:42.8932273Z   Python2_ROOT_DIR: /opt/hostedtoolcache/Python/3.12.11/x64
2025-08-20T19:21:42.8932634Z   Python3_ROOT_DIR: /opt/hostedtoolcache/Python/3.12.11/x64
2025-08-20T19:21:42.8932990Z   LD_LIBRARY_PATH: /opt/hostedtoolcache/Python/3.12.11/x64/lib
2025-08-20T19:21:42.8933273Z ##[endgroup]
2025-08-20T19:21:43.2573121Z ##[group]Run pytest tests/migrations/test_migration_roundtrip.py -q
2025-08-20T19:21:43.2573614Z [36;1mpytest tests/migrations/test_migration_roundtrip.py -q[0m
2025-08-20T19:21:43.2613643Z shell: /usr/bin/bash -e {0}
2025-08-20T19:21:43.2613863Z env:
2025-08-20T19:21:43.2614059Z   REDIS_URL: redis://localhost:6379/0
2025-08-20T19:21:43.2614327Z   RATE_LIMIT_DEFAULT: 100/minute
2025-08-20T19:21:43.2614549Z   TRUST_X_FORWARDED: 1
2025-08-20T19:21:43.2614735Z   PG_USER: postgres
2025-08-20T19:21:43.2614924Z   PG_PASSWORD: pass
2025-08-20T19:21:43.2615101Z   PG_DATABASE: awa
2025-08-20T19:21:43.2615271Z   PG_HOST: localhost
2025-08-20T19:21:43.2615453Z   PG_PORT: 5432
2025-08-20T19:21:43.2615870Z   PG_SYNC_DSN: ***localhost:5432/awa
2025-08-20T19:21:43.2616350Z   PG_ASYNC_DSN: ***localhost:5432/awa
2025-08-20T19:21:43.2616727Z   DATABASE_URL: ***localhost:5432/awa
2025-08-20T19:21:43.2617235Z   DATA_DIR: /tmp/awa-data
2025-08-20T19:21:43.2617463Z   ENABLE_LIVE: 0
2025-08-20T19:21:43.2617674Z   TESTING: 1
2025-08-20T19:21:43.2617904Z   pythonLocation: /opt/hostedtoolcache/Python/3.12.11/x64
2025-08-20T19:21:43.2618301Z   PKG_CONFIG_PATH: /opt/hostedtoolcache/Python/3.12.11/x64/lib/pkgconfig
2025-08-20T19:21:43.2618682Z   Python_ROOT_DIR: /opt/hostedtoolcache/Python/3.12.11/x64
2025-08-20T19:21:43.2619021Z   Python2_ROOT_DIR: /opt/hostedtoolcache/Python/3.12.11/x64
2025-08-20T19:21:43.2619356Z   Python3_ROOT_DIR: /opt/hostedtoolcache/Python/3.12.11/x64
2025-08-20T19:21:43.2619693Z   LD_LIBRARY_PATH: /opt/hostedtoolcache/Python/3.12.11/x64/lib
2025-08-20T19:21:43.2619977Z ##[endgroup]
2025-08-20T19:21:44.9041730Z /opt/hostedtoolcache/Python/3.12.11/x64/lib/python3.12/site-packages/coverage/control.py:943: CoverageWarning: No data was collected. (no-data-collected)
2025-08-20T19:21:44.9042621Z   self._warn("No data was collected.", slug="no-data-collected")
2025-08-20T19:21:45.0909503Z 
2025-08-20T19:21:45.0910105Z ================================ tests coverage ================================
2025-08-20T19:21:45.0910674Z _______________ coverage: platform linux, python 3.12.11-final-0 _______________
2025-08-20T19:21:45.0911354Z 
2025-08-20T19:21:45.0911489Z Coverage XML written to file coverage.xml
2025-08-20T19:21:45.2376741Z ##[error]Process completed with exit code 5.
2025-08-20T19:21:45.2448099Z Post job cleanup.
2025-08-20T19:21:45.3371771Z [command]/usr/bin/git version
2025-08-20T19:21:45.3408484Z git version 2.50.1
2025-08-20T19:21:45.3452781Z Temporarily overriding HOME='/home/runner/work/_temp/746fdf98-d312-4a67-af57-fdc81fa4766a' before making global git config changes
2025-08-20T19:21:45.3454063Z Adding repository directory to the temporary git global config as a safe directory
2025-08-20T19:21:45.3467335Z [command]/usr/bin/git config --global --add safe.directory /home/runner/work/AWA-App/AWA-App
2025-08-20T19:21:45.3503842Z [command]/usr/bin/git config --local --name-only --get-regexp core\.sshCommand
2025-08-20T19:21:45.3536719Z [command]/usr/bin/git submodule foreach --recursive sh -c "git config --local --name-only --get-regexp 'core\.sshCommand' && git config --local --unset-all 'core.sshCommand' || :"
2025-08-20T19:21:45.3763269Z [command]/usr/bin/git config --local --name-only --get-regexp http\.https\:\/\/github\.com\/\.extraheader
2025-08-20T19:21:45.3784436Z http.https://github.com/.extraheader
2025-08-20T19:21:45.3796968Z [command]/usr/bin/git config --local --unset-all http.https://github.com/.extraheader
2025-08-20T19:21:45.3827424Z [command]/usr/bin/git submodule foreach --recursive sh -c "git config --local --name-only --get-regexp 'http\.https\:\/\/github\.com\/\.extraheader' && git config --local --unset-all 'http.https://github.com/.extraheader' || :"
2025-08-20T19:21:45.4133971Z Print service container logs: 4d39ea4458fa4ac4840274c0e0fb9784_postgres15_077dfa
2025-08-20T19:21:45.4138538Z ##[command]/usr/bin/docker logs --details 23859ec1b18738b51478345559a4c8c8c43b82895bac2f89df00561a2642f451
2025-08-20T19:21:45.4260968Z  initdb: warning: enabling "trust" authentication for local connections
2025-08-20T19:21:45.4262090Z  initdb: hint: You can change this by editing pg_hba.conf or using the option -A, or --auth-local and --auth-host, the next time you run initdb.
2025-08-20T19:21:45.4263224Z  The files belonging to this database system will be owned by user "postgres".
2025-08-20T19:21:45.4264405Z  2025-08-20 19:20:56.055 UTC [1] LOG:  starting PostgreSQL 15.14 (Debian 15.14-1.pgdg13+1) on x86_64-pc-linux-gnu, compiled by gcc (Debian 14.2.0-19) 14.2.0, 64-bit
2025-08-20T19:21:45.4265473Z  2025-08-20 19:20:56.055 UTC [1] LOG:  listening on IPv4 address "0.0.0.0", port 5432
2025-08-20T19:21:45.4266221Z  2025-08-20 19:20:56.055 UTC [1] LOG:  listening on IPv6 address "::", port 5432
2025-08-20T19:21:45.4267180Z  2025-08-20 19:20:56.056 UTC [1] LOG:  listening on Unix socket "/var/run/postgresql/.s.PGSQL.5432"
2025-08-20T19:21:45.4268005Z  2025-08-20 19:20:56.060 UTC [64] LOG:  database system was shut down at 2025-08-20 19:20:55 UTC
2025-08-20T19:21:45.4268734Z  2025-08-20 19:20:56.063 UTC [1] LOG:  database system is ready to accept connections
2025-08-20T19:21:45.4269330Z  This user must also own the server process.
2025-08-20T19:21:45.4269758Z  
2025-08-20T19:21:45.4270178Z  The database cluster will be initialized with locale "en_US.utf8".
2025-08-20T19:21:45.4270858Z  The default database encoding has accordingly been set to "UTF8".
2025-08-20T19:21:45.4271513Z  The default text search configuration will be set to "english".
2025-08-20T19:21:45.4272015Z  
2025-08-20T19:21:45.4272297Z  Data page checksums are disabled.
2025-08-20T19:21:45.4272661Z  
2025-08-20T19:21:45.4273118Z  fixing permissions on existing directory /var/lib/postgresql/data ... ok
2025-08-20T19:21:45.4273735Z  creating subdirectories ... ok
2025-08-20T19:21:45.4274225Z  selecting dynamic shared memory implementation ... posix
2025-08-20T19:21:45.4274754Z  selecting default max_connections ... 100
2025-08-20T19:21:45.4275208Z  selecting default shared_buffers ... 128MB
2025-08-20T19:21:45.4275647Z  selecting default time zone ... Etc/UTC
2025-08-20T19:21:45.4276078Z  creating configuration files ... ok
2025-08-20T19:21:45.4277154Z  running bootstrap script ... ok
2025-08-20T19:21:45.4277594Z  performing post-bootstrap initialization ... ok
2025-08-20T19:21:45.4278059Z  syncing data to disk ... ok
2025-08-20T19:21:45.4278350Z  
2025-08-20T19:21:45.4278491Z  
2025-08-20T19:21:45.4278699Z  Success. You can now start the database server using:
2025-08-20T19:21:45.4278970Z  
2025-08-20T19:21:45.4279177Z      pg_ctl -D /var/lib/postgresql/data -l logfile start
2025-08-20T19:21:45.4279451Z  
2025-08-20T19:21:45.4279995Z  waiting for server to start....2025-08-20 19:20:55.709 UTC [48] LOG:  starting PostgreSQL 15.14 (Debian 15.14-1.pgdg13+1) on x86_64-pc-linux-gnu, compiled by gcc (Debian 14.2.0-19) 14.2.0, 64-bit
2025-08-20T19:21:45.4280733Z  2025-08-20 19:20:55.712 UTC [48] LOG:  listening on Unix socket "/var/run/postgresql/.s.PGSQL.5432"
2025-08-20T19:21:45.4281211Z  2025-08-20 19:20:55.715 UTC [51] LOG:  database system was shut down at 2025-08-20 19:20:55 UTC
2025-08-20T19:21:45.4281652Z  2025-08-20 19:20:55.719 UTC [48] LOG:  database system is ready to accept connections
2025-08-20T19:21:45.4281973Z   done
2025-08-20T19:21:45.4282137Z  server started
2025-08-20T19:21:45.4282313Z  CREATE DATABASE
2025-08-20T19:21:45.4282475Z  
2025-08-20T19:21:45.4282621Z  
2025-08-20T19:21:45.4282914Z  /usr/local/bin/docker-entrypoint.sh: ignoring /docker-entrypoint-initdb.d/*
2025-08-20T19:21:45.4283266Z  
2025-08-20T19:21:45.4283479Z  2025-08-20 19:20:55.931 UTC [48] LOG:  received fast shutdown request
2025-08-20T19:21:45.4284134Z  waiting for server to shut down....2025-08-20 19:20:55.932 UTC [48] LOG:  aborting any active transactions
2025-08-20T19:21:45.4284729Z  2025-08-20 19:20:55.934 UTC [48] LOG:  background worker "logical replication launcher" (PID 54) exited with exit code 1
2025-08-20T19:21:45.4285188Z  2025-08-20 19:20:55.935 UTC [49] LOG:  shutting down
2025-08-20T19:21:45.4285520Z  2025-08-20 19:20:55.935 UTC [49] LOG:  checkpoint starting: shutdown immediate
2025-08-20T19:21:45.4286323Z  2025-08-20 19:20:55.962 UTC [49] LOG:  checkpoint complete: wrote 922 buffers (5.6%); 0 WAL file(s) added, 0 removed, 0 recycled; write=0.018 s, sync=0.008 s, total=0.028 s; sync files=301, longest=0.002 s, average=0.001 s; distance=4239 kB, estimate=4239 kB
2025-08-20T19:21:45.4287378Z  2025-08-20 19:20:55.970 UTC [48] LOG:  database system is shut down
2025-08-20T19:21:45.4287670Z   done
2025-08-20T19:21:45.4287835Z  server stopped
2025-08-20T19:21:45.4288001Z  
2025-08-20T19:21:45.4288206Z  PostgreSQL init process complete; ready for start up.
2025-08-20T19:21:45.4288475Z  
2025-08-20T19:21:45.4293783Z Stop and remove container: 4d39ea4458fa4ac4840274c0e0fb9784_postgres15_077dfa
2025-08-20T19:21:45.4298428Z ##[command]/usr/bin/docker rm --force 23859ec1b18738b51478345559a4c8c8c43b82895bac2f89df00561a2642f451
2025-08-20T19:21:45.7354169Z 23859ec1b18738b51478345559a4c8c8c43b82895bac2f89df00561a2642f451
2025-08-20T19:21:45.7374937Z Print service container logs: beb18d84f5ff4ffcaeec47bb950c8e40_redis7alpine_6f99a7
2025-08-20T19:21:45.7376040Z ##[command]/usr/bin/docker logs --details eb50551012d7cd4d1995a58b41f220b462f7d7349a0210ca11abef8e39848621
2025-08-20T19:21:45.7497908Z  1:C 20 Aug 2025 19:20:56.168 # WARNING Memory overcommit must be enabled! Without it, a background save or replication may fail under low memory condition. Being disabled, it can also cause failures without low memory condition, see https://github.com/jemalloc/jemalloc/issues/1328. To fix this issue add 'vm.overcommit_memory = 1' to /etc/sysctl.conf and then reboot or run the command 'sysctl vm.overcommit_memory=1' for this to take effect.
2025-08-20T19:21:45.7500476Z  1:C 20 Aug 2025 19:20:56.168 * oO0OoO0OoO0Oo Redis is starting oO0OoO0OoO0Oo
2025-08-20T19:21:45.7501252Z  1:C 20 Aug 2025 19:20:56.168 * Redis version=7.4.5, bits=64, commit=00000000, modified=0, pid=1, just started
2025-08-20T19:21:45.7502423Z  1:C 20 Aug 2025 19:20:56.168 # Warning: no config file specified, using the default config. In order to specify a config file use redis-server /path/to/redis.conf
2025-08-20T19:21:45.7503741Z  1:M 20 Aug 2025 19:20:56.168 * monotonic clock: POSIX clock_gettime
2025-08-20T19:21:45.7504323Z  1:M 20 Aug 2025 19:20:56.169 * Running mode=standalone, port=6379.
2025-08-20T19:21:45.7504843Z  1:M 20 Aug 2025 19:20:56.169 * Server initialized
2025-08-20T19:21:45.7505334Z  1:M 20 Aug 2025 19:20:56.169 * Ready to accept connections tcp
2025-08-20T19:21:45.7513794Z Stop and remove container: beb18d84f5ff4ffcaeec47bb950c8e40_redis7alpine_6f99a7
2025-08-20T19:21:45.7514818Z ##[command]/usr/bin/docker rm --force eb50551012d7cd4d1995a58b41f220b462f7d7349a0210ca11abef8e39848621
2025-08-20T19:21:45.8711843Z eb50551012d7cd4d1995a58b41f220b462f7d7349a0210ca11abef8e39848621
2025-08-20T19:21:45.8737228Z Remove container network: github_network_5648d8338bf14ce2b681ee12e4fdd84d
2025-08-20T19:21:45.8741569Z ##[command]/usr/bin/docker network rm github_network_5648d8338bf14ce2b681ee12e4fdd84d
2025-08-20T19:21:45.9781113Z github_network_5648d8338bf14ce2b681ee12e4fdd84d
2025-08-20T19:21:45.9838535Z Cleaning up orphan processes
