2025-08-21T14:29:54.1275040Z Current runner version: '2.328.0'
2025-08-21T14:29:54.1311030Z ##[group]Runner Image Provisioner
2025-08-21T14:29:54.1312259Z Hosted Compute Agent
2025-08-21T14:29:54.1313222Z Version: 20250818.377
2025-08-21T14:29:54.1314145Z Commit: 3c593e9f75fe0b87e893bca80d6e12ba089c61fc
2025-08-21T14:29:54.1315314Z Build Date: 2025-08-18T14:52:18Z
2025-08-21T14:29:54.1316329Z ##[endgroup]
2025-08-21T14:29:54.1317169Z ##[group]Operating System
2025-08-21T14:29:54.1318063Z Ubuntu
2025-08-21T14:29:54.1319115Z 24.04.2
2025-08-21T14:29:54.1319848Z LTS
2025-08-21T14:29:54.1320618Z ##[endgroup]
2025-08-21T14:29:54.1321480Z ##[group]Runner Image
2025-08-21T14:29:54.1322453Z Image: ubuntu-24.04
2025-08-21T14:29:54.1323247Z Version: 20250818.1.0
2025-08-21T14:29:54.1324956Z Included Software: https://github.com/actions/runner-images/blob/ubuntu24/20250818.1/images/ubuntu/Ubuntu2404-Readme.md
2025-08-21T14:29:54.1327594Z Image Release: https://github.com/actions/runner-images/releases/tag/ubuntu24%2F20250818.1
2025-08-21T14:29:54.1329544Z ##[endgroup]
2025-08-21T14:29:54.1333671Z ##[group]GITHUB_TOKEN Permissions
2025-08-21T14:29:54.1336473Z Actions: write
2025-08-21T14:29:54.1337375Z Attestations: write
2025-08-21T14:29:54.1338154Z Checks: write
2025-08-21T14:29:54.1339427Z Contents: write
2025-08-21T14:29:54.1340258Z Deployments: write
2025-08-21T14:29:54.1341103Z Discussions: write
2025-08-21T14:29:54.1341965Z Issues: write
2025-08-21T14:29:54.1342741Z Metadata: read
2025-08-21T14:29:54.1343521Z Models: read
2025-08-21T14:29:54.1344452Z Packages: write
2025-08-21T14:29:54.1345208Z Pages: write
2025-08-21T14:29:54.1346001Z PullRequests: write
2025-08-21T14:29:54.1347106Z RepositoryProjects: write
2025-08-21T14:29:54.1347990Z SecurityEvents: write
2025-08-21T14:29:54.1349169Z Statuses: write
2025-08-21T14:29:54.1350164Z ##[endgroup]
2025-08-21T14:29:54.1353121Z Secret source: Actions
2025-08-21T14:29:54.1354184Z Prepare workflow directory
2025-08-21T14:29:54.1999217Z Prepare all required actions
2025-08-21T14:29:54.2059391Z Getting action download info
2025-08-21T14:29:54.4451841Z Download action repository 'actions/checkout@v5' (SHA:08c6903cd8c0fde910a37f88322edcfb5dd907a8)
2025-08-21T14:29:54.5494476Z Download action repository 'actions/setup-python@v5' (SHA:a26af69be951a213d495a4c3e4e4022e16d87065)
2025-08-21T14:29:54.7486005Z Complete job name: migrations-check
2025-08-21T14:29:54.7973658Z ##[group]Checking docker version
2025-08-21T14:29:54.7986758Z ##[command]/usr/bin/docker version --format '{{.Server.APIVersion}}'
2025-08-21T14:29:54.8627413Z '1.48'
2025-08-21T14:29:54.8639778Z Docker daemon API version: '1.48'
2025-08-21T14:29:54.8640489Z ##[command]/usr/bin/docker version --format '{{.Client.APIVersion}}'
2025-08-21T14:29:54.9185490Z '1.48'
2025-08-21T14:29:54.9199871Z Docker client API version: '1.48'
2025-08-21T14:29:54.9205804Z ##[endgroup]
2025-08-21T14:29:54.9209211Z ##[group]Clean up resources from previous jobs
2025-08-21T14:29:54.9214705Z ##[command]/usr/bin/docker ps --all --quiet --no-trunc --filter "label=1fa88c"
2025-08-21T14:29:54.9354863Z ##[command]/usr/bin/docker network prune --force --filter "label=1fa88c"
2025-08-21T14:29:54.9484143Z ##[endgroup]
2025-08-21T14:29:54.9484628Z ##[group]Create local container network
2025-08-21T14:29:54.9495141Z ##[command]/usr/bin/docker network create --label 1fa88c github_network_e29c143c6b754ea79d5ad6019610b8d6
2025-08-21T14:29:54.9997660Z 03ee791c040a67e887d562beeff612d120cc543dbc06c97a4567ec11d5e2f533
2025-08-21T14:29:55.0016076Z ##[endgroup]
2025-08-21T14:29:55.0040311Z ##[group]Starting postgres service container
2025-08-21T14:29:55.0061114Z ##[command]/usr/bin/docker pull postgres:15
2025-08-21T14:29:55.2515760Z 15: Pulling from library/postgres
2025-08-21T14:29:55.3133897Z 396b1da7636e: Pulling fs layer
2025-08-21T14:29:55.3134905Z fca2566eba32: Pulling fs layer
2025-08-21T14:29:55.3135708Z 631fe8c6d606: Pulling fs layer
2025-08-21T14:29:55.3136380Z 77c7671c4414: Pulling fs layer
2025-08-21T14:29:55.3136905Z 2d9e29180a27: Pulling fs layer
2025-08-21T14:29:55.3137485Z c6bcc2c9a041: Pulling fs layer
2025-08-21T14:29:55.3138352Z ac4b721eb66f: Pulling fs layer
2025-08-21T14:29:55.3139054Z 606bd164980e: Pulling fs layer
2025-08-21T14:29:55.3139539Z f5dfd246bc6e: Pulling fs layer
2025-08-21T14:29:55.3139991Z ba7036bb0a60: Pulling fs layer
2025-08-21T14:29:55.3140445Z 799f859abbbd: Pulling fs layer
2025-08-21T14:29:55.3140903Z d903e777080c: Pulling fs layer
2025-08-21T14:29:55.3141340Z 04adcb462801: Pulling fs layer
2025-08-21T14:29:55.3141782Z 5c10925b29ff: Pulling fs layer
2025-08-21T14:29:55.3142201Z 77c7671c4414: Waiting
2025-08-21T14:29:55.3142597Z 2d9e29180a27: Waiting
2025-08-21T14:29:55.3142977Z f5dfd246bc6e: Waiting
2025-08-21T14:29:55.3143361Z d903e777080c: Waiting
2025-08-21T14:29:55.3143736Z c6bcc2c9a041: Waiting
2025-08-21T14:29:55.3144109Z 04adcb462801: Waiting
2025-08-21T14:29:55.3144480Z ba7036bb0a60: Waiting
2025-08-21T14:29:55.3144864Z 5c10925b29ff: Waiting
2025-08-21T14:29:55.3145233Z 799f859abbbd: Waiting
2025-08-21T14:29:55.3145617Z ac4b721eb66f: Waiting
2025-08-21T14:29:55.3146002Z 606bd164980e: Waiting
2025-08-21T14:29:55.4195097Z fca2566eba32: Download complete
2025-08-21T14:29:55.5346373Z 77c7671c4414: Verifying Checksum
2025-08-21T14:29:55.5347657Z 77c7671c4414: Download complete
2025-08-21T14:29:55.6555466Z 2d9e29180a27: Verifying Checksum
2025-08-21T14:29:55.6556794Z 2d9e29180a27: Download complete
2025-08-21T14:29:55.7662523Z 396b1da7636e: Verifying Checksum
2025-08-21T14:29:55.7664001Z 396b1da7636e: Download complete
2025-08-21T14:29:55.7780068Z c6bcc2c9a041: Verifying Checksum
2025-08-21T14:29:55.7781363Z c6bcc2c9a041: Download complete
2025-08-21T14:29:55.8503899Z ac4b721eb66f: Verifying Checksum
2025-08-21T14:29:55.8508606Z ac4b721eb66f: Download complete
2025-08-21T14:29:55.8630384Z 606bd164980e: Verifying Checksum
2025-08-21T14:29:55.8632553Z 606bd164980e: Download complete
2025-08-21T14:29:55.9626257Z ba7036bb0a60: Verifying Checksum
2025-08-21T14:29:55.9627640Z ba7036bb0a60: Download complete
2025-08-21T14:29:56.0373172Z 799f859abbbd: Download complete
2025-08-21T14:29:56.1242851Z d903e777080c: Verifying Checksum
2025-08-21T14:29:56.1244168Z d903e777080c: Download complete
2025-08-21T14:29:56.2105313Z 04adcb462801: Verifying Checksum
2025-08-21T14:29:56.2105958Z 04adcb462801: Download complete
2025-08-21T14:29:56.2998618Z 5c10925b29ff: Download complete
2025-08-21T14:29:56.7442111Z 396b1da7636e: Pull complete
2025-08-21T14:29:56.8144298Z 631fe8c6d606: Verifying Checksum
2025-08-21T14:29:56.8144881Z 631fe8c6d606: Download complete
2025-08-21T14:29:56.8772608Z fca2566eba32: Pull complete
2025-08-21T14:29:57.0580311Z 631fe8c6d606: Pull complete
2025-08-21T14:29:57.1051385Z 77c7671c4414: Pull complete
2025-08-21T14:29:57.4325224Z 2d9e29180a27: Pull complete
2025-08-21T14:29:57.5272362Z c6bcc2c9a041: Pull complete
2025-08-21T14:29:57.5400471Z ac4b721eb66f: Pull complete
2025-08-21T14:29:57.5554412Z 606bd164980e: Pull complete
2025-08-21T14:29:57.9125231Z f5dfd246bc6e: Verifying Checksum
2025-08-21T14:29:57.9125859Z f5dfd246bc6e: Download complete
2025-08-21T14:30:00.8306748Z f5dfd246bc6e: Pull complete
2025-08-21T14:30:00.8487281Z ba7036bb0a60: Pull complete
2025-08-21T14:30:00.8591039Z 799f859abbbd: Pull complete
2025-08-21T14:30:00.8797774Z d903e777080c: Pull complete
2025-08-21T14:30:00.8906678Z 04adcb462801: Pull complete
2025-08-21T14:30:00.9015781Z 5c10925b29ff: Pull complete
2025-08-21T14:30:00.9056146Z Digest: sha256:bc51cf4f1fe02cce7ed2370b20128a9b00b4eb804573a77d2a0d877aaa9c82b1
2025-08-21T14:30:00.9069730Z Status: Downloaded newer image for postgres:15
2025-08-21T14:30:00.9093879Z docker.io/library/postgres:15
2025-08-21T14:30:00.9156766Z ##[command]/usr/bin/docker create --name 7b35719179674a63a1410dfbb2479aab_postgres15_a7185f --label 1fa88c --network github_network_e29c143c6b754ea79d5ad6019610b8d6 --network-alias postgres -p 5432:5432 --health-cmd="pg_isready -U postgres -d awa" --health-interval=5s --health-timeout=5s --health-retries=10 -e "POSTGRES_USER=postgres" -e "POSTGRES_PASSWORD=pass" -e "POSTGRES_DB=awa" -e GITHUB_ACTIONS=true -e CI=true postgres:15
2025-08-21T14:30:00.9412097Z 021a3f53e172d2d83ccb183ffb4e00ff5d1d21099d882cb4f7dfcc02adc748fd
2025-08-21T14:30:00.9436875Z ##[command]/usr/bin/docker start 021a3f53e172d2d83ccb183ffb4e00ff5d1d21099d882cb4f7dfcc02adc748fd
2025-08-21T14:30:01.1464251Z 021a3f53e172d2d83ccb183ffb4e00ff5d1d21099d882cb4f7dfcc02adc748fd
2025-08-21T14:30:01.1489224Z ##[command]/usr/bin/docker ps --all --filter id=021a3f53e172d2d83ccb183ffb4e00ff5d1d21099d882cb4f7dfcc02adc748fd --filter status=running --no-trunc --format "{{.ID}} {{.Status}}"
2025-08-21T14:30:01.1626691Z 021a3f53e172d2d83ccb183ffb4e00ff5d1d21099d882cb4f7dfcc02adc748fd Up Less than a second (health: starting)
2025-08-21T14:30:01.1649456Z ##[command]/usr/bin/docker port 021a3f53e172d2d83ccb183ffb4e00ff5d1d21099d882cb4f7dfcc02adc748fd
2025-08-21T14:30:01.1793459Z 5432/tcp -> 0.0.0.0:5432
2025-08-21T14:30:01.1793854Z 5432/tcp -> [::]:5432
2025-08-21T14:30:01.1843354Z ##[endgroup]
2025-08-21T14:30:01.1844389Z ##[group]Starting redis service container
2025-08-21T14:30:01.1845563Z ##[command]/usr/bin/docker pull redis:7-alpine
2025-08-21T14:30:01.4485592Z 7-alpine: Pulling from library/redis
2025-08-21T14:30:01.5189943Z 0368fd46e3c6: Pulling fs layer
2025-08-21T14:30:01.5190583Z 4c55286bbede: Pulling fs layer
2025-08-21T14:30:01.5191150Z 5e28347af205: Pulling fs layer
2025-08-21T14:30:01.5198091Z 311eca34042e: Pulling fs layer
2025-08-21T14:30:01.5198503Z e6fe6f07e192: Pulling fs layer
2025-08-21T14:30:01.5199376Z a2cadbfeca72: Pulling fs layer
2025-08-21T14:30:01.5199798Z 4f4fb700ef54: Pulling fs layer
2025-08-21T14:30:01.5200156Z a976ed7e7808: Pulling fs layer
2025-08-21T14:30:01.5200530Z e6fe6f07e192: Waiting
2025-08-21T14:30:01.5200870Z a2cadbfeca72: Waiting
2025-08-21T14:30:01.5201200Z 4f4fb700ef54: Waiting
2025-08-21T14:30:01.5201525Z a976ed7e7808: Waiting
2025-08-21T14:30:01.5201858Z 311eca34042e: Waiting
2025-08-21T14:30:01.6325441Z 0368fd46e3c6: Verifying Checksum
2025-08-21T14:30:01.6325915Z 0368fd46e3c6: Download complete
2025-08-21T14:30:01.6516123Z 5e28347af205: Verifying Checksum
2025-08-21T14:30:01.6520130Z 5e28347af205: Download complete
2025-08-21T14:30:01.6818979Z 4c55286bbede: Verifying Checksum
2025-08-21T14:30:01.6820861Z 4c55286bbede: Download complete
2025-08-21T14:30:01.7595599Z 0368fd46e3c6: Pull complete
2025-08-21T14:30:01.8077157Z 311eca34042e: Verifying Checksum
2025-08-21T14:30:01.8183114Z 311eca34042e: Download complete
2025-08-21T14:30:01.8183530Z 4c55286bbede: Pull complete
2025-08-21T14:30:01.8205970Z a2cadbfeca72: Verifying Checksum
2025-08-21T14:30:01.8206595Z a2cadbfeca72: Download complete
2025-08-21T14:30:01.9087474Z 4f4fb700ef54: Verifying Checksum
2025-08-21T14:30:01.9088053Z 4f4fb700ef54: Download complete
2025-08-21T14:30:01.9301453Z e6fe6f07e192: Verifying Checksum
2025-08-21T14:30:01.9301896Z e6fe6f07e192: Download complete
2025-08-21T14:30:01.9398299Z a976ed7e7808: Verifying Checksum
2025-08-21T14:30:01.9398998Z a976ed7e7808: Download complete
2025-08-21T14:30:01.9695123Z 5e28347af205: Pull complete
2025-08-21T14:30:01.9973295Z 311eca34042e: Pull complete
2025-08-21T14:30:02.1936986Z e6fe6f07e192: Pull complete
2025-08-21T14:30:02.2026532Z a2cadbfeca72: Pull complete
2025-08-21T14:30:02.2129521Z 4f4fb700ef54: Pull complete
2025-08-21T14:30:02.2253323Z a976ed7e7808: Pull complete
2025-08-21T14:30:02.2299283Z Digest: sha256:bb186d083732f669da90be8b0f975a37812b15e913465bb14d845db72a4e3e08
2025-08-21T14:30:02.2311681Z Status: Downloaded newer image for redis:7-alpine
2025-08-21T14:30:02.2331274Z docker.io/library/redis:7-alpine
2025-08-21T14:30:02.2354154Z ##[command]/usr/bin/docker create --name 54e0ace96cb24dc19b1347ef7884fd49_redis7alpine_c68f0e --label 1fa88c --network github_network_e29c143c6b754ea79d5ad6019610b8d6 --network-alias redis -p 6379:6379  -e GITHUB_ACTIONS=true -e CI=true redis:7-alpine
2025-08-21T14:30:02.2584060Z cee55669007ace185bfb6118ce9fcc32ff79ef91238ad897c3dc288f4dd6f073
2025-08-21T14:30:02.2599674Z ##[command]/usr/bin/docker start cee55669007ace185bfb6118ce9fcc32ff79ef91238ad897c3dc288f4dd6f073
2025-08-21T14:30:02.4006275Z cee55669007ace185bfb6118ce9fcc32ff79ef91238ad897c3dc288f4dd6f073
2025-08-21T14:30:02.4022437Z ##[command]/usr/bin/docker ps --all --filter id=cee55669007ace185bfb6118ce9fcc32ff79ef91238ad897c3dc288f4dd6f073 --filter status=running --no-trunc --format "{{.ID}} {{.Status}}"
2025-08-21T14:30:02.4163794Z cee55669007ace185bfb6118ce9fcc32ff79ef91238ad897c3dc288f4dd6f073 Up Less than a second
2025-08-21T14:30:02.4177570Z ##[command]/usr/bin/docker port cee55669007ace185bfb6118ce9fcc32ff79ef91238ad897c3dc288f4dd6f073
2025-08-21T14:30:02.4303655Z 6379/tcp -> 0.0.0.0:6379
2025-08-21T14:30:02.4304167Z 6379/tcp -> [::]:6379
2025-08-21T14:30:02.4317926Z ##[endgroup]
2025-08-21T14:30:02.4328944Z ##[group]Waiting for all services to be ready
2025-08-21T14:30:02.4342518Z ##[command]/usr/bin/docker inspect --format="{{if .Config.Healthcheck}}{{print .State.Health.Status}}{{end}}" 021a3f53e172d2d83ccb183ffb4e00ff5d1d21099d882cb4f7dfcc02adc748fd
2025-08-21T14:30:02.4456908Z starting
2025-08-21T14:30:02.4478530Z postgres service is starting, waiting 2 seconds before checking again.
2025-08-21T14:30:04.4489900Z ##[command]/usr/bin/docker inspect --format="{{if .Config.Healthcheck}}{{print .State.Health.Status}}{{end}}" 021a3f53e172d2d83ccb183ffb4e00ff5d1d21099d882cb4f7dfcc02adc748fd
2025-08-21T14:30:04.4612465Z starting
2025-08-21T14:30:04.4626078Z postgres service is starting, waiting 4 seconds before checking again.
2025-08-21T14:30:08.6004241Z ##[command]/usr/bin/docker inspect --format="{{if .Config.Healthcheck}}{{print .State.Health.Status}}{{end}}" 021a3f53e172d2d83ccb183ffb4e00ff5d1d21099d882cb4f7dfcc02adc748fd
2025-08-21T14:30:08.6121642Z healthy
2025-08-21T14:30:08.6137561Z postgres service is healthy.
2025-08-21T14:30:08.6138360Z ##[command]/usr/bin/docker inspect --format="{{if .Config.Healthcheck}}{{print .State.Health.Status}}{{end}}" cee55669007ace185bfb6118ce9fcc32ff79ef91238ad897c3dc288f4dd6f073
2025-08-21T14:30:08.6263194Z redis service is healthy.
2025-08-21T14:30:08.6263833Z ##[endgroup]
2025-08-21T14:30:08.6565663Z ##[group]Run actions/checkout@v5
2025-08-21T14:30:08.6566167Z with:
2025-08-21T14:30:08.6566360Z   repository: AlexBomber12/AWA-App
2025-08-21T14:30:08.6566753Z   token: ***
2025-08-21T14:30:08.6566931Z   ssh-strict: true
2025-08-21T14:30:08.6567101Z   ssh-user: git
2025-08-21T14:30:08.6567283Z   persist-credentials: true
2025-08-21T14:30:08.6567477Z   clean: true
2025-08-21T14:30:08.6567663Z   sparse-checkout-cone-mode: true
2025-08-21T14:30:08.6567886Z   fetch-depth: 1
2025-08-21T14:30:08.6568051Z   fetch-tags: false
2025-08-21T14:30:08.6568224Z   show-progress: true
2025-08-21T14:30:08.6568392Z   lfs: false
2025-08-21T14:30:08.6568544Z   submodules: false
2025-08-21T14:30:08.6569228Z   set-safe-directory: true
2025-08-21T14:30:08.6569692Z env:
2025-08-21T14:30:08.6569902Z   REDIS_URL: redis://localhost:6379/0
2025-08-21T14:30:08.6570169Z   RATE_LIMIT_DEFAULT: 100/minute
2025-08-21T14:30:08.6570372Z   TRUST_X_FORWARDED: 1
2025-08-21T14:30:08.6570551Z ##[endgroup]
2025-08-21T14:30:08.7482906Z Syncing repository: AlexBomber12/AWA-App
2025-08-21T14:30:08.7484148Z ##[group]Getting Git version info
2025-08-21T14:30:08.7484491Z Working directory is '/home/runner/work/AWA-App/AWA-App'
2025-08-21T14:30:08.7484985Z [command]/usr/bin/git version
2025-08-21T14:30:08.7503491Z git version 2.51.0
2025-08-21T14:30:08.7523535Z ##[endgroup]
2025-08-21T14:30:08.7537569Z Temporarily overriding HOME='/home/runner/work/_temp/b37c4915-e3d3-4bca-ba8f-14bbd7afdabc' before making global git config changes
2025-08-21T14:30:08.7539014Z Adding repository directory to the temporary git global config as a safe directory
2025-08-21T14:30:08.7542895Z [command]/usr/bin/git config --global --add safe.directory /home/runner/work/AWA-App/AWA-App
2025-08-21T14:30:08.7578499Z Deleting the contents of '/home/runner/work/AWA-App/AWA-App'
2025-08-21T14:30:08.7582091Z ##[group]Initializing the repository
2025-08-21T14:30:08.7586539Z [command]/usr/bin/git init /home/runner/work/AWA-App/AWA-App
2025-08-21T14:30:08.7644923Z hint: Using 'master' as the name for the initial branch. This default branch name
2025-08-21T14:30:08.7646310Z hint: is subject to change. To configure the initial branch name to use in all
2025-08-21T14:30:08.7647142Z hint: of your new repositories, which will suppress this warning, call:
2025-08-21T14:30:08.7647902Z hint:
2025-08-21T14:30:08.7648418Z hint: 	git config --global init.defaultBranch <name>
2025-08-21T14:30:08.7649097Z hint:
2025-08-21T14:30:08.7649562Z hint: Names commonly chosen instead of 'master' are 'main', 'trunk' and
2025-08-21T14:30:08.7650680Z hint: 'development'. The just-created branch can be renamed via this command:
2025-08-21T14:30:08.7651486Z hint:
2025-08-21T14:30:08.7651934Z hint: 	git branch -m <name>
2025-08-21T14:30:08.7652418Z hint:
2025-08-21T14:30:08.7652927Z hint: Disable this message with "git config set advice.defaultBranchName false"
2025-08-21T14:30:08.7653645Z Initialized empty Git repository in /home/runner/work/AWA-App/AWA-App/.git/
2025-08-21T14:30:08.7657819Z [command]/usr/bin/git remote add origin https://github.com/AlexBomber12/AWA-App
2025-08-21T14:30:08.7690340Z ##[endgroup]
2025-08-21T14:30:08.7690713Z ##[group]Disabling automatic garbage collection
2025-08-21T14:30:08.7693978Z [command]/usr/bin/git config --local gc.auto 0
2025-08-21T14:30:08.7721400Z ##[endgroup]
2025-08-21T14:30:08.7721953Z ##[group]Setting up auth
2025-08-21T14:30:08.7729354Z [command]/usr/bin/git config --local --name-only --get-regexp core\.sshCommand
2025-08-21T14:30:08.7758361Z [command]/usr/bin/git submodule foreach --recursive sh -c "git config --local --name-only --get-regexp 'core\.sshCommand' && git config --local --unset-all 'core.sshCommand' || :"
2025-08-21T14:30:08.8014322Z [command]/usr/bin/git config --local --name-only --get-regexp http\.https\:\/\/github\.com\/\.extraheader
2025-08-21T14:30:08.8044652Z [command]/usr/bin/git submodule foreach --recursive sh -c "git config --local --name-only --get-regexp 'http\.https\:\/\/github\.com\/\.extraheader' && git config --local --unset-all 'http.https://github.com/.extraheader' || :"
2025-08-21T14:30:08.8266454Z [command]/usr/bin/git config --local http.https://github.com/.extraheader AUTHORIZATION: basic ***
2025-08-21T14:30:08.8303078Z ##[endgroup]
2025-08-21T14:30:08.8303720Z ##[group]Fetching the repository
2025-08-21T14:30:08.8312691Z [command]/usr/bin/git -c protocol.version=2 fetch --no-tags --prune --no-recurse-submodules --depth=1 origin +e50dc37080c57adf26f6cc893fe9477a42e39534:refs/remotes/pull/331/merge
2025-08-21T14:30:09.1332161Z From https://github.com/AlexBomber12/AWA-App
2025-08-21T14:30:09.1332898Z  * [new ref]         e50dc37080c57adf26f6cc893fe9477a42e39534 -> pull/331/merge
2025-08-21T14:30:09.1362290Z ##[endgroup]
2025-08-21T14:30:09.1362839Z ##[group]Determining the checkout info
2025-08-21T14:30:09.1364843Z ##[endgroup]
2025-08-21T14:30:09.1370151Z [command]/usr/bin/git sparse-checkout disable
2025-08-21T14:30:09.1410744Z [command]/usr/bin/git config --local --unset-all extensions.worktreeConfig
2025-08-21T14:30:09.1438112Z ##[group]Checking out the ref
2025-08-21T14:30:09.1443683Z [command]/usr/bin/git checkout --progress --force refs/remotes/pull/331/merge
2025-08-21T14:30:09.1773455Z Note: switching to 'refs/remotes/pull/331/merge'.
2025-08-21T14:30:09.1774005Z 
2025-08-21T14:30:09.1774408Z You are in 'detached HEAD' state. You can look around, make experimental
2025-08-21T14:30:09.1775099Z changes and commit them, and you can discard any commits you make in this
2025-08-21T14:30:09.1775794Z state without impacting any branches by switching back to a branch.
2025-08-21T14:30:09.1776205Z 
2025-08-21T14:30:09.1776471Z If you want to create a new branch to retain commits you create, you may
2025-08-21T14:30:09.1777112Z do so (now or later) by using -c with the switch command. Example:
2025-08-21T14:30:09.1777472Z 
2025-08-21T14:30:09.1777625Z   git switch -c <new-branch-name>
2025-08-21T14:30:09.1777871Z 
2025-08-21T14:30:09.1778004Z Or undo this operation with:
2025-08-21T14:30:09.1778235Z 
2025-08-21T14:30:09.1778387Z   git switch -
2025-08-21T14:30:09.1779205Z 
2025-08-21T14:30:09.1779556Z Turn off this advice by setting config variable advice.detachedHead to false
2025-08-21T14:30:09.1780107Z 
2025-08-21T14:30:09.1780730Z HEAD is now at e50dc37 Merge a48ba4ab8d79abb6edbcaf37d3d4b9ebf3042503 into c4f3a27b3e7a1af0589b59a9ffcfea134e3e7273
2025-08-21T14:30:09.1784867Z ##[endgroup]
2025-08-21T14:30:09.1824382Z [command]/usr/bin/git log -1 --format=%H
2025-08-21T14:30:09.1847992Z e50dc37080c57adf26f6cc893fe9477a42e39534
2025-08-21T14:30:09.2020275Z ##[group]Run cat .env.ci >> "$GITHUB_ENV"
2025-08-21T14:30:09.2020618Z [36;1mcat .env.ci >> "$GITHUB_ENV"[0m
2025-08-21T14:30:09.2021333Z [36;1mecho "DATABASE_URL=***localhost:5432/awa" >> "$GITHUB_ENV"[0m
2025-08-21T14:30:09.2021698Z [36;1mecho "PG_HOST=localhost" >> "$GITHUB_ENV"[0m
2025-08-21T14:30:09.2021980Z [36;1mecho "PG_PORT=5432" >> "$GITHUB_ENV"[0m
2025-08-21T14:30:09.2022294Z [36;1mecho "PG_USER=postgres" >> "$GITHUB_ENV"[0m
2025-08-21T14:30:09.2022567Z [36;1mecho "PG_PASSWORD=pass" >> "$GITHUB_ENV"[0m
2025-08-21T14:30:09.2022851Z [36;1mecho "PG_DATABASE=awa" >> "$GITHUB_ENV"[0m
2025-08-21T14:30:09.2067336Z shell: /usr/bin/bash -e {0}
2025-08-21T14:30:09.2067556Z env:
2025-08-21T14:30:09.2067750Z   REDIS_URL: redis://localhost:6379/0
2025-08-21T14:30:09.2068000Z   RATE_LIMIT_DEFAULT: 100/minute
2025-08-21T14:30:09.2068214Z   TRUST_X_FORWARDED: 1
2025-08-21T14:30:09.2068391Z ##[endgroup]
2025-08-21T14:30:09.2250259Z ##[group]Run actions/setup-python@v5
2025-08-21T14:30:09.2250541Z with:
2025-08-21T14:30:09.2250711Z   python-version: 3.12
2025-08-21T14:30:09.2250908Z   cache: pip
2025-08-21T14:30:09.2251114Z   cache-dependency-path: requirements-dev.txt
2025-08-21T14:30:09.2251379Z   check-latest: false
2025-08-21T14:30:09.2251689Z   token: ***
2025-08-21T14:30:09.2251878Z   update-environment: true
2025-08-21T14:30:09.2252093Z   allow-prereleases: false
2025-08-21T14:30:09.2252282Z   freethreaded: false
2025-08-21T14:30:09.2252463Z env:
2025-08-21T14:30:09.2252636Z   REDIS_URL: redis://localhost:6379/0
2025-08-21T14:30:09.2252903Z   RATE_LIMIT_DEFAULT: 100/minute
2025-08-21T14:30:09.2253108Z   TRUST_X_FORWARDED: 1
2025-08-21T14:30:09.2253294Z   PG_USER: postgres
2025-08-21T14:30:09.2253465Z   PG_PASSWORD: pass
2025-08-21T14:30:09.2253638Z   PG_DATABASE: awa
2025-08-21T14:30:09.2253801Z   PG_HOST: localhost
2025-08-21T14:30:09.2253977Z   PG_PORT: 5432
2025-08-21T14:30:09.2254418Z   PG_SYNC_DSN: ***localhost:5432/awa
2025-08-21T14:30:09.2254801Z   PG_ASYNC_DSN: ***localhost:5432/awa
2025-08-21T14:30:09.2255181Z   DATABASE_URL: ***localhost:5432/awa
2025-08-21T14:30:09.2255399Z   DATA_DIR: /tmp/awa-data
2025-08-21T14:30:09.2255587Z   ENABLE_LIVE: 0
2025-08-21T14:30:09.2255743Z   TESTING: 1
2025-08-21T14:30:09.2255900Z ##[endgroup]
2025-08-21T14:30:09.3919816Z ##[group]Installed versions
2025-08-21T14:30:09.4013542Z Successfully set up CPython (3.12.11)
2025-08-21T14:30:09.4014303Z ##[endgroup]
2025-08-21T14:30:09.4325642Z [command]/opt/hostedtoolcache/Python/3.12.11/x64/bin/pip cache dir
2025-08-21T14:30:10.9676249Z /home/runner/.cache/pip
2025-08-21T14:30:11.1318243Z Cache hit for: setup-python-Linux-x64-24.04-Ubuntu-python-3.12.11-pip-cc13ccef493b9f3a93ad5651164d9fb09282c1111f6f72ce20e0657de16de6b4
2025-08-21T14:30:12.1630937Z Received 201326592 of 376053341 (53.5%), 192.0 MBs/sec
2025-08-21T14:30:12.9237440Z Received 376053341 of 376053341 (100.0%), 203.7 MBs/sec
2025-08-21T14:30:12.9240063Z Cache Size: ~359 MB (376053341 B)
2025-08-21T14:30:12.9357440Z [command]/usr/bin/tar -xf /home/runner/work/_temp/a5f1b453-9cd2-404c-be51-679c80305a76/cache.tzst -P -C /home/runner/work/AWA-App/AWA-App --use-compress-program unzstd
2025-08-21T14:30:13.5022030Z Cache restored successfully
2025-08-21T14:30:13.5743310Z Cache restored from key: setup-python-Linux-x64-24.04-Ubuntu-python-3.12.11-pip-cc13ccef493b9f3a93ad5651164d9fb09282c1111f6f72ce20e0657de16de6b4
2025-08-21T14:30:13.5901751Z ##[group]Run pip install --break-system-packages -r requirements-dev.txt
2025-08-21T14:30:13.5902272Z [36;1mpip install --break-system-packages -r requirements-dev.txt[0m
2025-08-21T14:30:13.5902888Z [36;1mpip install --break-system-packages keepa==1.3.15 minio==7.1.15[0m
2025-08-21T14:30:13.5948285Z shell: /usr/bin/bash -e {0}
2025-08-21T14:30:13.5948514Z env:
2025-08-21T14:30:13.5948901Z   REDIS_URL: redis://localhost:6379/0
2025-08-21T14:30:13.5949170Z   RATE_LIMIT_DEFAULT: 100/minute
2025-08-21T14:30:13.5949392Z   TRUST_X_FORWARDED: 1
2025-08-21T14:30:13.5949586Z   PG_USER: postgres
2025-08-21T14:30:13.5949763Z   PG_PASSWORD: pass
2025-08-21T14:30:13.5949937Z   PG_DATABASE: awa
2025-08-21T14:30:13.5950114Z   PG_HOST: localhost
2025-08-21T14:30:13.5950287Z   PG_PORT: 5432
2025-08-21T14:30:13.5950788Z   PG_SYNC_DSN: ***localhost:5432/awa
2025-08-21T14:30:13.5951253Z   PG_ASYNC_DSN: ***localhost:5432/awa
2025-08-21T14:30:13.5951637Z   DATABASE_URL: ***localhost:5432/awa
2025-08-21T14:30:13.5951899Z   DATA_DIR: /tmp/awa-data
2025-08-21T14:30:13.5952093Z   ENABLE_LIVE: 0
2025-08-21T14:30:13.5952260Z   TESTING: 1
2025-08-21T14:30:13.5952496Z   pythonLocation: /opt/hostedtoolcache/Python/3.12.11/x64
2025-08-21T14:30:13.5952897Z   PKG_CONFIG_PATH: /opt/hostedtoolcache/Python/3.12.11/x64/lib/pkgconfig
2025-08-21T14:30:13.5953290Z   Python_ROOT_DIR: /opt/hostedtoolcache/Python/3.12.11/x64
2025-08-21T14:30:13.5953643Z   Python2_ROOT_DIR: /opt/hostedtoolcache/Python/3.12.11/x64
2025-08-21T14:30:13.5953988Z   Python3_ROOT_DIR: /opt/hostedtoolcache/Python/3.12.11/x64
2025-08-21T14:30:13.5954338Z   LD_LIBRARY_PATH: /opt/hostedtoolcache/Python/3.12.11/x64/lib
2025-08-21T14:30:13.5954619Z ##[endgroup]
2025-08-21T14:30:14.9521268Z Collecting Jinja2==3.1.6 (from -r requirements-dev.txt (line 2))
2025-08-21T14:30:14.9534895Z   Using cached jinja2-3.1.6-py3-none-any.whl.metadata (2.9 kB)
2025-08-21T14:30:14.9787290Z Collecting alembic==1.16.4 (from -r requirements-dev.txt (line 3))
2025-08-21T14:30:14.9799574Z   Using cached alembic-1.16.4-py3-none-any.whl.metadata (7.3 kB)
2025-08-21T14:30:14.9995259Z Collecting apscheduler==3.10.4 (from -r requirements-dev.txt (line 4))
2025-08-21T14:30:15.0010915Z   Using cached APScheduler-3.10.4-py3-none-any.whl.metadata (5.7 kB)
2025-08-21T14:30:15.0208317Z Collecting asgi-correlation-id==4.3.1 (from -r requirements-dev.txt (line 5))
2025-08-21T14:30:15.0220934Z   Using cached asgi_correlation_id-4.3.1-py3-none-any.whl.metadata (28 kB)
2025-08-21T14:30:15.0659848Z Collecting asyncpg==0.30.0 (from -r requirements-dev.txt (line 6))
2025-08-21T14:30:15.0674017Z   Using cached asyncpg-0.30.0-cp312-cp312-manylinux_2_17_x86_64.manylinux2014_x86_64.whl.metadata (5.0 kB)
2025-08-21T14:30:15.1139868Z Collecting black==25.1.0 (from -r requirements-dev.txt (line 7))
2025-08-21T14:30:15.1152843Z   Using cached black-25.1.0-cp312-cp312-manylinux_2_17_x86_64.manylinux2014_x86_64.manylinux_2_28_x86_64.whl.metadata (81 kB)
2025-08-21T14:30:15.4507590Z Collecting boto3 (from -r requirements-dev.txt (line 8))
2025-08-21T14:30:15.4521512Z   Using cached boto3-1.40.14-py3-none-any.whl.metadata (6.7 kB)
2025-08-21T14:30:15.4838181Z Collecting redis==6.* (from -r requirements-dev.txt (line 9))
2025-08-21T14:30:15.4851004Z   Using cached redis-6.4.0-py3-none-any.whl.metadata (10 kB)
2025-08-21T14:30:15.5203390Z Collecting minio==7.* (from -r requirements-dev.txt (line 10))
2025-08-21T14:30:15.5217606Z   Using cached minio-7.2.16-py3-none-any.whl.metadata (6.5 kB)
2025-08-21T14:30:15.5401346Z Collecting vulture==2.10 (from -r requirements-dev.txt (line 11))
2025-08-21T14:30:15.5413447Z   Using cached vulture-2.10-py2.py3-none-any.whl.metadata (23 kB)
2025-08-21T14:30:15.5751885Z Collecting celery==5.5.3 (from -r requirements-dev.txt (line 12))
2025-08-21T14:30:15.5763386Z   Using cached celery-5.5.3-py3-none-any.whl.metadata (22 kB)
2025-08-21T14:30:15.6359408Z Collecting fastapi==0.116.1 (from -r requirements-dev.txt (line 13))
2025-08-21T14:30:15.6372316Z   Using cached fastapi-0.116.1-py3-none-any.whl.metadata (28 kB)
2025-08-21T14:30:15.6556364Z Collecting fastapi-limiter==0.1.6 (from -r requirements-dev.txt (line 15))
2025-08-21T14:30:15.6567540Z   Using cached fastapi_limiter-0.1.6-py3-none-any.whl.metadata (5.3 kB)
2025-08-21T14:30:15.6797641Z Collecting httpx<0.29,>=0.27 (from -r requirements-dev.txt (line 16))
2025-08-21T14:30:15.6809585Z   Using cached httpx-0.28.1-py3-none-any.whl.metadata (7.1 kB)
2025-08-21T14:30:15.6969650Z Collecting imapclient==3.0.1 (from -r requirements-dev.txt (line 17))
2025-08-21T14:30:15.6981164Z   Using cached IMAPClient-3.0.1-py2.py3-none-any.whl.metadata (1.7 kB)
2025-08-21T14:30:15.7107848Z Collecting itsdangerous (from -r requirements-dev.txt (line 18))
2025-08-21T14:30:15.7119973Z   Using cached itsdangerous-2.2.0-py3-none-any.whl.metadata (1.9 kB)
2025-08-21T14:30:15.8143818Z Collecting mypy==1.* (from -r requirements-dev.txt (line 19))
2025-08-21T14:30:15.8157310Z   Using cached mypy-1.17.1-cp312-cp312-manylinux2014_x86_64.manylinux_2_17_x86_64.manylinux_2_28_x86_64.whl.metadata (2.2 kB)
2025-08-21T14:30:15.8289700Z Collecting mypy-extensions==1.1.0 (from -r requirements-dev.txt (line 20))
2025-08-21T14:30:15.8306449Z   Using cached mypy_extensions-1.1.0-py3-none-any.whl.metadata (1.1 kB)
2025-08-21T14:30:16.0238439Z Collecting numpy<2 (from -r requirements-dev.txt (line 21))
2025-08-21T14:30:16.0252658Z   Using cached numpy-1.26.4-cp312-cp312-manylinux_2_17_x86_64.manylinux2014_x86_64.whl.metadata (61 kB)
2025-08-21T14:30:16.0536149Z Collecting openpyxl==3.1.5 (from -r requirements-dev.txt (line 22))
2025-08-21T14:30:16.0548987Z   Using cached openpyxl-3.1.5-py2.py3-none-any.whl.metadata (2.5 kB)
2025-08-21T14:30:16.1889933Z Collecting pandas==2.2.* (from -r requirements-dev.txt (line 23))
2025-08-21T14:30:16.1904349Z   Using cached pandas-2.2.3-cp312-cp312-manylinux_2_17_x86_64.manylinux2014_x86_64.whl.metadata (89 kB)
2025-08-21T14:30:16.2869562Z Collecting psycopg2-binary==2.9.10 (from -r requirements-dev.txt (line 24))
2025-08-21T14:30:16.2882720Z   Using cached psycopg2_binary-2.9.10-cp312-cp312-manylinux_2_17_x86_64.manylinux2014_x86_64.whl.metadata (4.9 kB)
2025-08-21T14:30:16.3085560Z Collecting psycopg==3.2.9 (from psycopg[binary]==3.2.9->-r requirements-dev.txt (line 25))
2025-08-21T14:30:16.3100565Z   Using cached psycopg-3.2.9-py3-none-any.whl.metadata (4.5 kB)
2025-08-21T14:30:16.4428073Z Collecting pydantic==2.11.7 (from -r requirements-dev.txt (line 26))
2025-08-21T14:30:16.4442273Z   Using cached pydantic-2.11.7-py3-none-any.whl.metadata (67 kB)
2025-08-21T14:30:16.5693872Z Collecting setuptools (from -r requirements-dev.txt (line 27))
2025-08-21T14:30:16.5707655Z   Using cached setuptools-80.9.0-py3-none-any.whl.metadata (6.6 kB)
2025-08-21T14:30:16.6099781Z Collecting pytest-asyncio==1.1.0 (from -r requirements-dev.txt (line 28))
2025-08-21T14:30:16.6112343Z   Using cached pytest_asyncio-1.1.0-py3-none-any.whl.metadata (4.1 kB)
2025-08-21T14:30:16.6291322Z Collecting pytest-cov==6.2.1 (from -r requirements-dev.txt (line 29))
2025-08-21T14:30:16.6304603Z   Using cached pytest_cov-6.2.1-py3-none-any.whl.metadata (30 kB)
2025-08-21T14:30:16.6491594Z Collecting pytest-postgresql==7.0.2 (from -r requirements-dev.txt (line 30))
2025-08-21T14:30:16.6503544Z   Using cached pytest_postgresql-7.0.2-py3-none-any.whl.metadata (18 kB)
2025-08-21T14:30:16.6705053Z Collecting python-dotenv (from -r requirements-dev.txt (line 31))
2025-08-21T14:30:16.6717279Z   Using cached python_dotenv-1.1.1-py3-none-any.whl.metadata (24 kB)
2025-08-21T14:30:16.6873744Z Collecting python-multipart (from -r requirements-dev.txt (line 32))
2025-08-21T14:30:16.6885461Z   Using cached python_multipart-0.0.20-py3-none-any.whl.metadata (1.8 kB)
2025-08-21T14:30:16.7206740Z Collecting python-telegram-bot==22.3 (from -r requirements-dev.txt (line 33))
2025-08-21T14:30:16.7219780Z   Using cached python_telegram_bot-22.3-py3-none-any.whl.metadata (17 kB)
2025-08-21T14:30:16.7536650Z Collecting requests==2.32.4 (from -r requirements-dev.txt (line 34))
2025-08-21T14:30:16.7548536Z   Using cached requests-2.32.4-py3-none-any.whl.metadata (4.9 kB)
2025-08-21T14:30:16.7730454Z Collecting respx==0.22.0 (from -r requirements-dev.txt (line 35))
2025-08-21T14:30:16.7741748Z   Using cached respx-0.22.0-py2.py3-none-any.whl.metadata (4.1 kB)
2025-08-21T14:30:17.1365380Z Collecting ruff==0.9.9 (from -r requirements-dev.txt (line 36))
2025-08-21T14:30:17.1379637Z   Using cached ruff-0.9.9-py3-none-manylinux_2_17_x86_64.manylinux2014_x86_64.whl.metadata (25 kB)
2025-08-21T14:30:17.3967048Z Collecting sqlalchemy==2.0.43 (from -r requirements-dev.txt (line 37))
2025-08-21T14:30:17.3981070Z   Using cached sqlalchemy-2.0.43-cp312-cp312-manylinux_2_17_x86_64.manylinux2014_x86_64.whl.metadata (9.6 kB)
2025-08-21T14:30:17.4237292Z Collecting structlog==24.1.0 (from -r requirements-dev.txt (line 38))
2025-08-21T14:30:17.4249017Z   Using cached structlog-24.1.0-py3-none-any.whl.metadata (6.9 kB)
2025-08-21T14:30:17.4454397Z Collecting testcontainers==4.12.0 (from testcontainers[postgres]==4.12.0->-r requirements-dev.txt (line 39))
2025-08-21T14:30:17.4466041Z   Using cached testcontainers-4.12.0-py3-none-any.whl.metadata (8.3 kB)
2025-08-21T14:30:17.4873413Z Collecting types-requests==2.32.4.20250809 (from -r requirements-dev.txt (line 40))
2025-08-21T14:30:17.4885396Z   Using cached types_requests-2.32.4.20250809-py3-none-any.whl.metadata (2.0 kB)
2025-08-21T14:30:17.5042726Z Collecting docspec-python==2.2.2 (from -r requirements-dev.txt (line 41))
2025-08-21T14:30:17.5060599Z   Using cached docspec_python-2.2.2-py3-none-any.whl.metadata (1.0 kB)
2025-08-21T14:30:17.5262914Z Collecting pydoc-markdown==4.8.2 (from -r requirements-dev.txt (line 42))
2025-08-21T14:30:17.5275368Z   Using cached pydoc_markdown-4.8.2-py3-none-any.whl.metadata (5.9 kB)
2025-08-21T14:30:17.6111277Z Collecting pandera==0.19.* (from -r requirements-dev.txt (line 43))
2025-08-21T14:30:17.6123769Z   Using cached pandera-0.19.3-py3-none-any.whl.metadata (15 kB)
2025-08-21T14:30:17.6702311Z Collecting MarkupSafe>=2.0 (from Jinja2==3.1.6->-r requirements-dev.txt (line 2))
2025-08-21T14:30:17.6716189Z   Using cached MarkupSafe-3.0.2-cp312-cp312-manylinux_2_17_x86_64.manylinux2014_x86_64.whl.metadata (4.0 kB)
2025-08-21T14:30:17.7012462Z Collecting Mako (from alembic==1.16.4->-r requirements-dev.txt (line 3))
2025-08-21T14:30:17.7026057Z   Using cached mako-1.3.10-py3-none-any.whl.metadata (2.9 kB)
2025-08-21T14:30:17.7226192Z Collecting typing-extensions>=4.12 (from alembic==1.16.4->-r requirements-dev.txt (line 3))
2025-08-21T14:30:17.7240810Z   Using cached typing_extensions-4.14.1-py3-none-any.whl.metadata (3.0 kB)
2025-08-21T14:30:17.7412939Z Collecting six>=1.4.0 (from apscheduler==3.10.4->-r requirements-dev.txt (line 4))
2025-08-21T14:30:17.7425086Z   Using cached six-1.17.0-py2.py3-none-any.whl.metadata (1.7 kB)
2025-08-21T14:30:17.7791774Z Collecting pytz (from apscheduler==3.10.4->-r requirements-dev.txt (line 4))
2025-08-21T14:30:17.7804284Z   Using cached pytz-2025.2-py2.py3-none-any.whl.metadata (22 kB)
2025-08-21T14:30:17.7997855Z Collecting tzlocal!=3.*,>=2.0 (from apscheduler==3.10.4->-r requirements-dev.txt (line 4))
2025-08-21T14:30:17.8009297Z   Using cached tzlocal-5.3.1-py3-none-any.whl.metadata (7.6 kB)
2025-08-21T14:30:17.8336266Z Collecting starlette>=0.18 (from asgi-correlation-id==4.3.1->-r requirements-dev.txt (line 5))
2025-08-21T14:30:17.8347971Z   Using cached starlette-0.47.2-py3-none-any.whl.metadata (6.2 kB)
2025-08-21T14:30:17.8570616Z Collecting click>=8.0.0 (from black==25.1.0->-r requirements-dev.txt (line 7))
2025-08-21T14:30:17.8582083Z   Using cached click-8.2.1-py3-none-any.whl.metadata (2.5 kB)
2025-08-21T14:30:17.8773367Z Collecting packaging>=22.0 (from black==25.1.0->-r requirements-dev.txt (line 7))
2025-08-21T14:30:17.8784936Z   Using cached packaging-25.0-py3-none-any.whl.metadata (3.3 kB)
2025-08-21T14:30:17.8927558Z Collecting pathspec>=0.9.0 (from black==25.1.0->-r requirements-dev.txt (line 7))
2025-08-21T14:30:17.8939126Z   Using cached pathspec-0.12.1-py3-none-any.whl.metadata (21 kB)
2025-08-21T14:30:17.9156655Z Collecting platformdirs>=2 (from black==25.1.0->-r requirements-dev.txt (line 7))
2025-08-21T14:30:17.9169185Z   Using cached platformdirs-4.3.8-py3-none-any.whl.metadata (12 kB)
2025-08-21T14:30:17.9330657Z Collecting toml (from vulture==2.10->-r requirements-dev.txt (line 11))
2025-08-21T14:30:17.9343753Z   Using cached toml-0.10.2-py2.py3-none-any.whl.metadata (7.1 kB)
2025-08-21T14:30:17.9559377Z Collecting billiard<5.0,>=4.2.1 (from celery==5.5.3->-r requirements-dev.txt (line 12))
2025-08-21T14:30:17.9573014Z   Using cached billiard-4.2.1-py3-none-any.whl.metadata (4.4 kB)
2025-08-21T14:30:17.9910492Z Collecting kombu<5.6,>=5.5.2 (from celery==5.5.3->-r requirements-dev.txt (line 12))
2025-08-21T14:30:17.9924637Z   Using cached kombu-5.5.4-py3-none-any.whl.metadata (3.5 kB)
2025-08-21T14:30:18.0127839Z Collecting vine<6.0,>=5.1.0 (from celery==5.5.3->-r requirements-dev.txt (line 12))
2025-08-21T14:30:18.0140879Z   Using cached vine-5.1.0-py3-none-any.whl.metadata (2.7 kB)
2025-08-21T14:30:18.0408298Z Collecting click-didyoumean>=0.3.0 (from celery==5.5.3->-r requirements-dev.txt (line 12))
2025-08-21T14:30:18.0421199Z   Using cached click_didyoumean-0.3.1-py3-none-any.whl.metadata (3.9 kB)
2025-08-21T14:30:18.0563158Z Collecting click-repl>=0.2.0 (from celery==5.5.3->-r requirements-dev.txt (line 12))
2025-08-21T14:30:18.0575077Z   Using cached click_repl-0.3.0-py3-none-any.whl.metadata (3.6 kB)
2025-08-21T14:30:18.0702966Z Collecting click-plugins>=1.1.1 (from celery==5.5.3->-r requirements-dev.txt (line 12))
2025-08-21T14:30:18.0715657Z   Using cached click_plugins-1.1.1.2-py2.py3-none-any.whl.metadata (6.5 kB)
2025-08-21T14:30:18.0876465Z Collecting python-dateutil>=2.8.2 (from celery==5.5.3->-r requirements-dev.txt (line 12))
2025-08-21T14:30:18.0889123Z   Using cached python_dateutil-2.9.0.post0-py2.py3-none-any.whl.metadata (8.4 kB)
2025-08-21T14:30:18.1530049Z Collecting annotated-types>=0.6.0 (from pydantic==2.11.7->-r requirements-dev.txt (line 26))
2025-08-21T14:30:18.1543070Z   Using cached annotated_types-0.7.0-py3-none-any.whl.metadata (15 kB)
2025-08-21T14:30:18.8403133Z Collecting pydantic-core==2.33.2 (from pydantic==2.11.7->-r requirements-dev.txt (line 26))
2025-08-21T14:30:18.8417745Z   Using cached pydantic_core-2.33.2-cp312-cp312-manylinux_2_17_x86_64.manylinux2014_x86_64.whl.metadata (6.8 kB)
2025-08-21T14:30:18.8579992Z Collecting typing-inspection>=0.4.0 (from pydantic==2.11.7->-r requirements-dev.txt (line 26))
2025-08-21T14:30:18.8592221Z   Using cached typing_inspection-0.4.1-py3-none-any.whl.metadata (2.6 kB)
2025-08-21T14:30:18.8867232Z Collecting et-xmlfile (from openpyxl==3.1.5->-r requirements-dev.txt (line 22))
2025-08-21T14:30:18.8880010Z   Using cached et_xmlfile-2.0.0-py3-none-any.whl.metadata (2.7 kB)
2025-08-21T14:30:18.9312432Z Collecting pytest<9,>=8.2 (from pytest-asyncio==1.1.0->-r requirements-dev.txt (line 28))
2025-08-21T14:30:18.9326653Z   Using cached pytest-8.4.1-py3-none-any.whl.metadata (7.7 kB)
2025-08-21T14:30:19.2468194Z Collecting coverage>=7.5 (from coverage[toml]>=7.5->pytest-cov==6.2.1->-r requirements-dev.txt (line 29))
2025-08-21T14:30:19.2516626Z   Using cached coverage-7.10.4-cp312-cp312-manylinux1_x86_64.manylinux_2_28_x86_64.manylinux_2_5_x86_64.whl.metadata (8.9 kB)
2025-08-21T14:30:19.2654843Z Collecting pluggy>=1.2 (from pytest-cov==6.2.1->-r requirements-dev.txt (line 29))
2025-08-21T14:30:19.2667364Z   Using cached pluggy-1.6.0-py3-none-any.whl.metadata (4.8 kB)
2025-08-21T14:30:19.2923658Z Collecting port-for>=0.7.3 (from pytest-postgresql==7.0.2->-r requirements-dev.txt (line 30))
2025-08-21T14:30:19.2934835Z   Using cached port_for-0.7.4-py3-none-any.whl.metadata (7.1 kB)
2025-08-21T14:30:19.3114432Z Collecting mirakuru>=2.6.0 (from pytest-postgresql==7.0.2->-r requirements-dev.txt (line 30))
2025-08-21T14:30:19.3126251Z   Using cached mirakuru-2.6.1-py3-none-any.whl.metadata (10 kB)
2025-08-21T14:30:19.3999842Z Collecting charset_normalizer<4,>=2 (from requests==2.32.4->-r requirements-dev.txt (line 34))
2025-08-21T14:30:19.4013577Z   Using cached charset_normalizer-3.4.3-cp312-cp312-manylinux2014_x86_64.manylinux_2_17_x86_64.manylinux_2_28_x86_64.whl.metadata (36 kB)
2025-08-21T14:30:19.4195180Z Collecting idna<4,>=2.5 (from requests==2.32.4->-r requirements-dev.txt (line 34))
2025-08-21T14:30:19.4206605Z   Using cached idna-3.10-py3-none-any.whl.metadata (10 kB)
2025-08-21T14:30:19.4507897Z Collecting urllib3<3,>=1.21.1 (from requests==2.32.4->-r requirements-dev.txt (line 34))
2025-08-21T14:30:19.4520537Z   Using cached urllib3-2.5.0-py3-none-any.whl.metadata (6.5 kB)
2025-08-21T14:30:19.4755922Z Collecting certifi>=2017.4.17 (from requests==2.32.4->-r requirements-dev.txt (line 34))
2025-08-21T14:30:19.4767600Z   Using cached certifi-2025.8.3-py3-none-any.whl.metadata (2.4 kB)
2025-08-21T14:30:19.6828653Z Collecting greenlet>=1 (from sqlalchemy==2.0.43->-r requirements-dev.txt (line 37))
2025-08-21T14:30:19.6842500Z   Using cached greenlet-3.2.4-cp312-cp312-manylinux_2_24_x86_64.manylinux_2_28_x86_64.whl.metadata (4.1 kB)
2025-08-21T14:30:19.7101790Z Collecting docker (from testcontainers==4.12.0->testcontainers[postgres]==4.12.0->-r requirements-dev.txt (line 39))
2025-08-21T14:30:19.7113124Z   Using cached docker-7.1.0-py3-none-any.whl.metadata (3.8 kB)
2025-08-21T14:30:19.8116016Z Collecting wrapt (from testcontainers==4.12.0->testcontainers[postgres]==4.12.0->-r requirements-dev.txt (line 39))
2025-08-21T14:30:19.8130917Z   Using cached wrapt-1.17.3-cp312-cp312-manylinux1_x86_64.manylinux_2_28_x86_64.manylinux_2_5_x86_64.whl.metadata (6.4 kB)
2025-08-21T14:30:19.8443328Z Collecting docspec==2.2.1 (from docspec-python==2.2.2->-r requirements-dev.txt (line 41))
2025-08-21T14:30:19.8455662Z   Using cached docspec-2.2.1-py3-none-any.whl.metadata (1.5 kB)
2025-08-21T14:30:19.8649163Z Collecting nr-util>=0.8.12 (from docspec-python==2.2.2->-r requirements-dev.txt (line 41))
2025-08-21T14:30:19.8662177Z   Using cached nr.util-0.8.12-py3-none-any.whl.metadata (813 bytes)
2025-08-21T14:30:19.9053123Z Collecting PyYAML<7.0,>=5.0 (from pydoc-markdown==4.8.2->-r requirements-dev.txt (line 42))
2025-08-21T14:30:19.9067250Z   Using cached PyYAML-6.0.2-cp312-cp312-manylinux_2_17_x86_64.manylinux2014_x86_64.whl.metadata (2.1 kB)
2025-08-21T14:30:19.9393869Z Collecting databind.core<5.0.0,>=4.4.0 (from pydoc-markdown==4.8.2->-r requirements-dev.txt (line 42))
2025-08-21T14:30:19.9405916Z   Using cached databind.core-4.5.2-py3-none-any.whl.metadata (1.1 kB)
2025-08-21T14:30:19.9636794Z Collecting databind.json<5.0.0,>=4.4.0 (from pydoc-markdown==4.8.2->-r requirements-dev.txt (line 42))
2025-08-21T14:30:19.9648883Z   Using cached databind.json-4.5.2-py3-none-any.whl.metadata (1.1 kB)
2025-08-21T14:30:19.9835840Z Collecting docstring-parser<0.12,>=0.11 (from pydoc-markdown==4.8.2->-r requirements-dev.txt (line 42))
2025-08-21T14:30:19.9837285Z   Using cached docstring_parser-0.11-py3-none-any.whl
2025-08-21T14:30:20.0196542Z Collecting tomli<3.0.0,>=2.0.0 (from pydoc-markdown==4.8.2->-r requirements-dev.txt (line 42))
2025-08-21T14:30:20.0209441Z   Using cached tomli-2.2.1-cp312-cp312-manylinux_2_17_x86_64.manylinux2014_x86_64.whl.metadata (11 kB)
2025-08-21T14:30:20.0337290Z Collecting tomli_w<2.0.0,>=1.0.0 (from pydoc-markdown==4.8.2->-r requirements-dev.txt (line 42))
2025-08-21T14:30:20.0349430Z   Using cached tomli_w-1.2.0-py3-none-any.whl.metadata (5.7 kB)
2025-08-21T14:30:20.0821174Z Collecting watchdog (from pydoc-markdown==4.8.2->-r requirements-dev.txt (line 42))
2025-08-21T14:30:20.0834155Z   Using cached watchdog-6.0.0-py3-none-manylinux2014_x86_64.whl.metadata (44 kB)
2025-08-21T14:30:20.1078317Z Collecting yapf>=0.30.0 (from pydoc-markdown==4.8.2->-r requirements-dev.txt (line 42))
2025-08-21T14:30:20.1090288Z   Using cached yapf-0.43.0-py3-none-any.whl.metadata (46 kB)
2025-08-21T14:30:20.1307957Z Collecting Deprecated<2.0.0,>=1.2.12 (from docspec==2.2.1->docspec-python==2.2.2->-r requirements-dev.txt (line 41))
2025-08-21T14:30:20.1320479Z   Using cached Deprecated-1.2.18-py2.py3-none-any.whl.metadata (5.7 kB)
2025-08-21T14:30:20.2837904Z Collecting psycopg-binary==3.2.9 (from psycopg[binary]==3.2.9->-r requirements-dev.txt (line 25))
2025-08-21T14:30:20.2852197Z   Using cached psycopg_binary-3.2.9-cp312-cp312-manylinux_2_17_x86_64.manylinux2014_x86_64.whl.metadata (2.9 kB)
2025-08-21T14:30:20.3220756Z Collecting argon2-cffi (from minio==7.*->-r requirements-dev.txt (line 10))
2025-08-21T14:30:20.3233835Z   Using cached argon2_cffi-25.1.0-py3-none-any.whl.metadata (4.1 kB)
2025-08-21T14:30:20.4079916Z Collecting pycryptodome (from minio==7.*->-r requirements-dev.txt (line 10))
2025-08-21T14:30:20.4101487Z   Using cached pycryptodome-3.23.0-cp37-abi3-manylinux_2_17_x86_64.manylinux2014_x86_64.whl.metadata (3.4 kB)
2025-08-21T14:30:20.4334444Z Collecting anyio (from httpx<0.29,>=0.27->-r requirements-dev.txt (line 16))
2025-08-21T14:30:20.4347136Z   Using cached anyio-4.10.0-py3-none-any.whl.metadata (4.0 kB)
2025-08-21T14:30:20.4573405Z Collecting httpcore==1.* (from httpx<0.29,>=0.27->-r requirements-dev.txt (line 16))
2025-08-21T14:30:20.4586857Z   Using cached httpcore-1.0.9-py3-none-any.whl.metadata (21 kB)
2025-08-21T14:30:20.4955973Z Collecting tzdata>=2022.7 (from pandas==2.2.*->-r requirements-dev.txt (line 23))
2025-08-21T14:30:20.4968599Z   Using cached tzdata-2025.2-py2.py3-none-any.whl.metadata (1.4 kB)
2025-08-21T14:30:20.5151759Z Collecting multimethod<=1.10.0 (from pandera==0.19.*->-r requirements-dev.txt (line 43))
2025-08-21T14:30:20.5164319Z   Using cached multimethod-1.10-py3-none-any.whl.metadata (8.2 kB)
2025-08-21T14:30:20.5577205Z Collecting typeguard (from pandera==0.19.*->-r requirements-dev.txt (line 43))
2025-08-21T14:30:20.5590711Z   Using cached typeguard-4.4.4-py3-none-any.whl.metadata (3.3 kB)
2025-08-21T14:30:20.5729534Z Collecting typing-inspect>=0.6.0 (from pandera==0.19.*->-r requirements-dev.txt (line 43))
2025-08-21T14:30:20.5741713Z   Using cached typing_inspect-0.9.0-py3-none-any.whl.metadata (1.5 kB)
2025-08-21T14:30:20.6052009Z Collecting databind<5.0.0,>=4.5.2 (from databind.core<5.0.0,>=4.4.0->pydoc-markdown==4.8.2->-r requirements-dev.txt (line 42))
2025-08-21T14:30:20.6064714Z   Using cached databind-4.5.2-py3-none-any.whl.metadata (4.3 kB)
2025-08-21T14:30:20.6225339Z Collecting nr-date<3.0.0,>=2.0.0 (from databind<5.0.0,>=4.5.2->databind.core<5.0.0,>=4.4.0->pydoc-markdown==4.8.2->-r requirements-dev.txt (line 42))
2025-08-21T14:30:20.6237290Z   Using cached nr_date-2.1.0-py3-none-any.whl.metadata (746 bytes)
2025-08-21T14:30:20.6403478Z Collecting nr-stream<2.0.0,>=1.0.0 (from databind<5.0.0,>=4.5.2->databind.core<5.0.0,>=4.4.0->pydoc-markdown==4.8.2->-r requirements-dev.txt (line 42))
2025-08-21T14:30:20.6415366Z   Using cached nr_stream-1.1.5-py3-none-any.whl.metadata (3.6 kB)
2025-08-21T14:30:20.6625789Z Collecting typeapi<3,>=2.0.1 (from databind<5.0.0,>=4.5.2->databind.core<5.0.0,>=4.4.0->pydoc-markdown==4.8.2->-r requirements-dev.txt (line 42))
2025-08-21T14:30:20.6638455Z   Using cached typeapi-2.2.4-py3-none-any.whl.metadata (1.5 kB)
2025-08-21T14:30:20.6954906Z Collecting h11>=0.16 (from httpcore==1.*->httpx<0.29,>=0.27->-r requirements-dev.txt (line 16))
2025-08-21T14:30:20.6967371Z   Using cached h11-0.16.0-py3-none-any.whl.metadata (8.3 kB)
2025-08-21T14:30:20.7219409Z Collecting amqp<6.0.0,>=5.1.1 (from kombu<5.6,>=5.5.2->celery==5.5.3->-r requirements-dev.txt (line 12))
2025-08-21T14:30:20.7233033Z   Using cached amqp-5.3.1-py3-none-any.whl.metadata (8.9 kB)
2025-08-21T14:30:20.7689387Z Collecting iniconfig>=1 (from pytest<9,>=8.2->pytest-asyncio==1.1.0->-r requirements-dev.txt (line 28))
2025-08-21T14:30:20.7710340Z   Using cached iniconfig-2.1.0-py3-none-any.whl.metadata (2.7 kB)
2025-08-21T14:30:20.7953651Z Collecting pygments>=2.7.2 (from pytest<9,>=8.2->pytest-asyncio==1.1.0->-r requirements-dev.txt (line 28))
2025-08-21T14:30:20.7966689Z   Using cached pygments-2.19.2-py3-none-any.whl.metadata (2.5 kB)
2025-08-21T14:30:20.8349164Z Collecting sniffio>=1.1 (from anyio->httpx<0.29,>=0.27->-r requirements-dev.txt (line 16))
2025-08-21T14:30:20.8362707Z   Using cached sniffio-1.3.1-py3-none-any.whl.metadata (3.9 kB)
2025-08-21T14:30:21.3386226Z Collecting botocore<1.41.0,>=1.40.14 (from boto3->-r requirements-dev.txt (line 8))
2025-08-21T14:30:21.3401598Z   Using cached botocore-1.40.14-py3-none-any.whl.metadata (5.7 kB)
2025-08-21T14:30:21.3562326Z Collecting jmespath<2.0.0,>=0.7.1 (from boto3->-r requirements-dev.txt (line 8))
2025-08-21T14:30:21.3575023Z   Using cached jmespath-1.0.1-py3-none-any.whl.metadata (7.6 kB)
2025-08-21T14:30:21.3798899Z Collecting s3transfer<0.14.0,>=0.13.0 (from boto3->-r requirements-dev.txt (line 8))
2025-08-21T14:30:21.3818080Z   Using cached s3transfer-0.13.1-py3-none-any.whl.metadata (1.7 kB)
2025-08-21T14:30:21.5967097Z Collecting fastapi-cli>=0.0.8 (from fastapi-cli[standard]>=0.0.8; extra == "all"->fastapi[all]->-r requirements-dev.txt (line 14))
2025-08-21T14:30:21.5979391Z   Using cached fastapi_cli-0.0.8-py3-none-any.whl.metadata (6.3 kB)
2025-08-21T14:30:21.6798171Z Collecting ujson!=4.0.2,!=4.1.0,!=4.2.0,!=4.3.0,!=5.0.0,!=5.1.0,>=4.0.1 (from fastapi[all]->-r requirements-dev.txt (line 14))
2025-08-21T14:30:21.6812284Z   Using cached ujson-5.11.0-cp312-cp312-manylinux_2_24_x86_64.manylinux_2_28_x86_64.whl.metadata (9.4 kB)
2025-08-21T14:30:21.9185341Z Collecting orjson>=3.2.1 (from fastapi[all]->-r requirements-dev.txt (line 14))
2025-08-21T14:30:21.9199378Z   Using cached orjson-3.11.2-cp312-cp312-manylinux_2_17_x86_64.manylinux2014_x86_64.whl.metadata (1.2 kB)
2025-08-21T14:30:21.9357948Z Collecting email-validator>=2.0.0 (from fastapi[all]->-r requirements-dev.txt (line 14))
2025-08-21T14:30:21.9371801Z   Using cached email_validator-2.2.0-py3-none-any.whl.metadata (25 kB)
2025-08-21T14:30:21.9700948Z Collecting uvicorn>=0.12.0 (from uvicorn[standard]>=0.12.0; extra == "all"->fastapi[all]->-r requirements-dev.txt (line 14))
2025-08-21T14:30:21.9714666Z   Using cached uvicorn-0.35.0-py3-none-any.whl.metadata (6.5 kB)
2025-08-21T14:30:21.9914921Z Collecting pydantic-settings>=2.0.0 (from fastapi[all]->-r requirements-dev.txt (line 14))
2025-08-21T14:30:21.9927182Z   Using cached pydantic_settings-2.10.1-py3-none-any.whl.metadata (3.4 kB)
2025-08-21T14:30:22.0183864Z Collecting pydantic-extra-types>=2.0.0 (from fastapi[all]->-r requirements-dev.txt (line 14))
2025-08-21T14:30:22.0197061Z   Using cached pydantic_extra_types-2.10.5-py3-none-any.whl.metadata (3.9 kB)
2025-08-21T14:30:22.0933541Z Collecting prompt-toolkit>=3.0.36 (from click-repl>=0.2.0->celery==5.5.3->-r requirements-dev.txt (line 12))
2025-08-21T14:30:22.0946249Z   Using cached prompt_toolkit-3.0.51-py3-none-any.whl.metadata (6.4 kB)
2025-08-21T14:30:22.1171037Z Collecting dnspython>=2.0.0 (from email-validator>=2.0.0->fastapi[all]->-r requirements-dev.txt (line 14))
2025-08-21T14:30:22.1182260Z   Using cached dnspython-2.7.0-py3-none-any.whl.metadata (5.8 kB)
2025-08-21T14:30:22.1503752Z Collecting typer>=0.15.1 (from fastapi-cli>=0.0.8->fastapi-cli[standard]>=0.0.8; extra == "all"->fastapi[all]->-r requirements-dev.txt (line 14))
2025-08-21T14:30:22.1516040Z   Using cached typer-0.16.1-py3-none-any.whl.metadata (15 kB)
2025-08-21T14:30:22.1812428Z Collecting rich-toolkit>=0.14.8 (from fastapi-cli>=0.0.8->fastapi-cli[standard]>=0.0.8; extra == "all"->fastapi[all]->-r requirements-dev.txt (line 14))
2025-08-21T14:30:22.1823703Z   Using cached rich_toolkit-0.15.0-py3-none-any.whl.metadata (1.0 kB)
2025-08-21T14:30:22.1972060Z Collecting fastapi-cloud-cli>=0.1.1 (from fastapi-cli[standard]>=0.0.8; extra == "all"->fastapi[all]->-r requirements-dev.txt (line 14))
2025-08-21T14:30:22.1983856Z   Using cached fastapi_cloud_cli-0.1.5-py3-none-any.whl.metadata (3.2 kB)
2025-08-21T14:30:22.2739204Z Collecting rignore>=0.5.1 (from fastapi-cloud-cli>=0.1.1->fastapi-cli[standard]>=0.0.8; extra == "all"->fastapi[all]->-r requirements-dev.txt (line 14))
2025-08-21T14:30:22.2751959Z   Using cached rignore-0.6.4-cp312-cp312-manylinux_2_17_x86_64.manylinux2014_x86_64.whl.metadata (3.8 kB)
2025-08-21T14:30:22.3666992Z Collecting sentry-sdk>=2.20.0 (from fastapi-cloud-cli>=0.1.1->fastapi-cli[standard]>=0.0.8; extra == "all"->fastapi[all]->-r requirements-dev.txt (line 14))
2025-08-21T14:30:22.3681124Z   Using cached sentry_sdk-2.35.0-py2.py3-none-any.whl.metadata (10 kB)
2025-08-21T14:30:22.4634194Z Collecting psutil>=4.0.0 (from mirakuru>=2.6.0->pytest-postgresql==7.0.2->-r requirements-dev.txt (line 30))
2025-08-21T14:30:22.4647944Z   Using cached psutil-7.0.0-cp36-abi3-manylinux_2_12_x86_64.manylinux2010_x86_64.manylinux_2_17_x86_64.manylinux2014_x86_64.whl.metadata (22 kB)
2025-08-21T14:30:22.5005698Z Collecting wcwidth (from prompt-toolkit>=3.0.36->click-repl>=0.2.0->celery==5.5.3->-r requirements-dev.txt (line 12))
2025-08-21T14:30:22.5017881Z   Using cached wcwidth-0.2.13-py2.py3-none-any.whl.metadata (14 kB)
2025-08-21T14:30:22.6372951Z Collecting rich>=13.7.1 (from rich-toolkit>=0.14.8->fastapi-cli>=0.0.8->fastapi-cli[standard]>=0.0.8; extra == "all"->fastapi[all]->-r requirements-dev.txt (line 14))
2025-08-21T14:30:22.6386218Z   Using cached rich-14.1.0-py3-none-any.whl.metadata (18 kB)
2025-08-21T14:30:22.6627767Z Collecting markdown-it-py>=2.2.0 (from rich>=13.7.1->rich-toolkit>=0.14.8->fastapi-cli>=0.0.8->fastapi-cli[standard]>=0.0.8; extra == "all"->fastapi[all]->-r requirements-dev.txt (line 14))
2025-08-21T14:30:22.6640365Z   Using cached markdown_it_py-4.0.0-py3-none-any.whl.metadata (7.3 kB)
2025-08-21T14:30:22.6890642Z Collecting mdurl~=0.1 (from markdown-it-py>=2.2.0->rich>=13.7.1->rich-toolkit>=0.14.8->fastapi-cli>=0.0.8->fastapi-cli[standard]>=0.0.8; extra == "all"->fastapi[all]->-r requirements-dev.txt (line 14))
2025-08-21T14:30:22.6904966Z   Using cached mdurl-0.1.2-py3-none-any.whl.metadata (1.6 kB)
2025-08-21T14:30:22.7504648Z Collecting shellingham>=1.3.0 (from typer>=0.15.1->fastapi-cli>=0.0.8->fastapi-cli[standard]>=0.0.8; extra == "all"->fastapi[all]->-r requirements-dev.txt (line 14))
2025-08-21T14:30:22.7516571Z   Using cached shellingham-1.5.4-py2.py3-none-any.whl.metadata (3.5 kB)
2025-08-21T14:30:22.8312965Z Collecting httptools>=0.6.3 (from uvicorn[standard]>=0.12.0; extra == "all"->fastapi[all]->-r requirements-dev.txt (line 14))
2025-08-21T14:30:22.8326804Z   Using cached httptools-0.6.4-cp312-cp312-manylinux_2_5_x86_64.manylinux1_x86_64.manylinux_2_17_x86_64.manylinux2014_x86_64.whl.metadata (3.6 kB)
2025-08-21T14:30:22.8777119Z Collecting uvloop>=0.15.1 (from uvicorn[standard]>=0.12.0; extra == "all"->fastapi[all]->-r requirements-dev.txt (line 14))
2025-08-21T14:30:22.8791273Z   Using cached uvloop-0.21.0-cp312-cp312-manylinux_2_17_x86_64.manylinux2014_x86_64.whl.metadata (4.9 kB)
2025-08-21T14:30:22.9546662Z Collecting watchfiles>=0.13 (from uvicorn[standard]>=0.12.0; extra == "all"->fastapi[all]->-r requirements-dev.txt (line 14))
2025-08-21T14:30:22.9561762Z   Using cached watchfiles-1.1.0-cp312-cp312-manylinux_2_17_x86_64.manylinux2014_x86_64.whl.metadata (4.9 kB)
2025-08-21T14:30:23.0466095Z Collecting websockets>=10.4 (from uvicorn[standard]>=0.12.0; extra == "all"->fastapi[all]->-r requirements-dev.txt (line 14))
2025-08-21T14:30:23.0480995Z   Using cached websockets-15.0.1-cp312-cp312-manylinux_2_5_x86_64.manylinux1_x86_64.manylinux_2_17_x86_64.manylinux2014_x86_64.whl.metadata (6.8 kB)
2025-08-21T14:30:23.2199368Z Collecting argon2-cffi-bindings (from argon2-cffi->minio==7.*->-r requirements-dev.txt (line 10))
2025-08-21T14:30:23.2211691Z   Using cached argon2_cffi_bindings-25.1.0-cp39-abi3-manylinux_2_26_x86_64.manylinux_2_28_x86_64.whl.metadata (7.4 kB)
2025-08-21T14:30:23.3287321Z Collecting cffi>=1.0.1 (from argon2-cffi-bindings->argon2-cffi->minio==7.*->-r requirements-dev.txt (line 10))
2025-08-21T14:30:23.3302501Z   Using cached cffi-1.17.1-cp312-cp312-manylinux_2_17_x86_64.manylinux2014_x86_64.whl.metadata (1.5 kB)
2025-08-21T14:30:23.3481990Z Collecting pycparser (from cffi>=1.0.1->argon2-cffi-bindings->argon2-cffi->minio==7.*->-r requirements-dev.txt (line 10))
2025-08-21T14:30:23.3494608Z   Using cached pycparser-2.22-py3-none-any.whl.metadata (943 bytes)
2025-08-21T14:30:23.4199869Z Using cached jinja2-3.1.6-py3-none-any.whl (134 kB)
2025-08-21T14:30:23.4213822Z Using cached alembic-1.16.4-py3-none-any.whl (247 kB)
2025-08-21T14:30:23.4227194Z Using cached APScheduler-3.10.4-py3-none-any.whl (59 kB)
2025-08-21T14:30:23.4239472Z Using cached asgi_correlation_id-4.3.1-py3-none-any.whl (15 kB)
2025-08-21T14:30:23.4251674Z Using cached asyncpg-0.30.0-cp312-cp312-manylinux_2_17_x86_64.manylinux2014_x86_64.whl (3.6 MB)
2025-08-21T14:30:23.4289187Z Using cached black-25.1.0-cp312-cp312-manylinux_2_17_x86_64.manylinux2014_x86_64.manylinux_2_28_x86_64.whl (1.8 MB)
2025-08-21T14:30:23.4313393Z Using cached vulture-2.10-py2.py3-none-any.whl (27 kB)
2025-08-21T14:30:23.4324909Z Using cached celery-5.5.3-py3-none-any.whl (438 kB)
2025-08-21T14:30:23.4339205Z Using cached fastapi-0.116.1-py3-none-any.whl (95 kB)
2025-08-21T14:30:23.4351204Z Using cached pydantic-2.11.7-py3-none-any.whl (444 kB)
2025-08-21T14:30:23.4365392Z Using cached fastapi_limiter-0.1.6-py3-none-any.whl (15 kB)
2025-08-21T14:30:23.4376643Z Using cached IMAPClient-3.0.1-py2.py3-none-any.whl (182 kB)
2025-08-21T14:30:23.4389476Z Using cached mypy_extensions-1.1.0-py3-none-any.whl (5.0 kB)
2025-08-21T14:30:23.4401080Z Using cached openpyxl-3.1.5-py2.py3-none-any.whl (250 kB)
2025-08-21T14:30:23.4414759Z Using cached psycopg2_binary-2.9.10-cp312-cp312-manylinux_2_17_x86_64.manylinux2014_x86_64.whl (3.0 MB)
2025-08-21T14:30:23.4447871Z Using cached psycopg-3.2.9-py3-none-any.whl (202 kB)
2025-08-21T14:30:23.4460716Z Using cached pytest_asyncio-1.1.0-py3-none-any.whl (15 kB)
2025-08-21T14:30:23.4472061Z Using cached pytest_cov-6.2.1-py3-none-any.whl (24 kB)
2025-08-21T14:30:23.4483451Z Using cached pytest_postgresql-7.0.2-py3-none-any.whl (41 kB)
2025-08-21T14:30:23.4494826Z Using cached python_telegram_bot-22.3-py3-none-any.whl (717 kB)
2025-08-21T14:30:23.4511219Z Using cached requests-2.32.4-py3-none-any.whl (64 kB)
2025-08-21T14:30:23.4523554Z Using cached respx-0.22.0-py2.py3-none-any.whl (25 kB)
2025-08-21T14:30:23.4535775Z Using cached ruff-0.9.9-py3-none-manylinux_2_17_x86_64.manylinux2014_x86_64.whl (11.2 MB)
2025-08-21T14:30:23.4633437Z Using cached sqlalchemy-2.0.43-cp312-cp312-manylinux_2_17_x86_64.manylinux2014_x86_64.whl (3.3 MB)
2025-08-21T14:30:23.4670470Z Using cached structlog-24.1.0-py3-none-any.whl (65 kB)
2025-08-21T14:30:23.4684174Z Using cached testcontainers-4.12.0-py3-none-any.whl (111 kB)
2025-08-21T14:30:23.4697855Z Using cached types_requests-2.32.4.20250809-py3-none-any.whl (20 kB)
2025-08-21T14:30:23.4710826Z Using cached docspec_python-2.2.2-py3-none-any.whl (15 kB)
2025-08-21T14:30:23.4723424Z Using cached pydoc_markdown-4.8.2-py3-none-any.whl (67 kB)
2025-08-21T14:30:23.4736150Z Using cached docspec-2.2.1-py3-none-any.whl (9.8 kB)
2025-08-21T14:30:23.4749260Z Using cached psycopg_binary-3.2.9-cp312-cp312-manylinux_2_17_x86_64.manylinux2014_x86_64.whl (4.4 MB)
2025-08-21T14:30:23.4793613Z Using cached pydantic_core-2.33.2-cp312-cp312-manylinux_2_17_x86_64.manylinux2014_x86_64.whl (2.0 MB)
2025-08-21T14:30:23.4819712Z Using cached redis-6.4.0-py3-none-any.whl (279 kB)
2025-08-21T14:30:23.4833752Z Using cached minio-7.2.16-py3-none-any.whl (95 kB)
2025-08-21T14:30:23.4846661Z Using cached httpx-0.28.1-py3-none-any.whl (73 kB)
2025-08-21T14:30:23.4859734Z Using cached mypy-1.17.1-cp312-cp312-manylinux2014_x86_64.manylinux_2_17_x86_64.manylinux_2_28_x86_64.whl (12.7 MB)
2025-08-21T14:30:23.4967977Z Using cached numpy-1.26.4-cp312-cp312-manylinux_2_17_x86_64.manylinux2014_x86_64.whl (18.0 MB)
2025-08-21T14:30:23.5114686Z Using cached pandas-2.2.3-cp312-cp312-manylinux_2_17_x86_64.manylinux2014_x86_64.whl (12.7 MB)
2025-08-21T14:30:23.5223242Z Using cached pandera-0.19.3-py3-none-any.whl (251 kB)
2025-08-21T14:30:23.5236836Z Using cached billiard-4.2.1-py3-none-any.whl (86 kB)
2025-08-21T14:30:23.5249739Z Using cached charset_normalizer-3.4.3-cp312-cp312-manylinux2014_x86_64.manylinux_2_17_x86_64.manylinux_2_28_x86_64.whl (151 kB)
2025-08-21T14:30:23.5262059Z Using cached click-8.2.1-py3-none-any.whl (102 kB)
2025-08-21T14:30:23.5274107Z Using cached databind.core-4.5.2-py3-none-any.whl (1.5 kB)
2025-08-21T14:30:23.5285566Z Using cached databind-4.5.2-py3-none-any.whl (49 kB)
2025-08-21T14:30:23.5296816Z Using cached databind.json-4.5.2-py3-none-any.whl (1.5 kB)
2025-08-21T14:30:23.5308071Z Using cached Deprecated-1.2.18-py2.py3-none-any.whl (10.0 kB)
2025-08-21T14:30:23.5319376Z Using cached httpcore-1.0.9-py3-none-any.whl (78 kB)
2025-08-21T14:30:23.5331225Z Using cached idna-3.10-py3-none-any.whl (70 kB)
2025-08-21T14:30:23.5342788Z Using cached kombu-5.5.4-py3-none-any.whl (210 kB)
2025-08-21T14:30:23.5355136Z Using cached vine-5.1.0-py3-none-any.whl (9.6 kB)
2025-08-21T14:30:23.5366140Z Using cached amqp-5.3.1-py3-none-any.whl (50 kB)
2025-08-21T14:30:23.5377338Z Using cached multimethod-1.10-py3-none-any.whl (9.9 kB)
2025-08-21T14:30:23.5388254Z Using cached nr_date-2.1.0-py3-none-any.whl (10 kB)
2025-08-21T14:30:23.5399385Z Using cached nr_stream-1.1.5-py3-none-any.whl (10 kB)
2025-08-21T14:30:23.5410798Z Using cached nr.util-0.8.12-py3-none-any.whl (90 kB)
2025-08-21T14:30:23.5422597Z Using cached pytest-8.4.1-py3-none-any.whl (365 kB)
2025-08-21T14:30:23.5436278Z Using cached pluggy-1.6.0-py3-none-any.whl (20 kB)
2025-08-21T14:30:23.5447894Z Using cached PyYAML-6.0.2-cp312-cp312-manylinux_2_17_x86_64.manylinux2014_x86_64.whl (767 kB)
2025-08-21T14:30:23.5464921Z Using cached starlette-0.47.2-py3-none-any.whl (72 kB)
2025-08-21T14:30:23.5476526Z Using cached anyio-4.10.0-py3-none-any.whl (107 kB)
2025-08-21T14:30:23.5488646Z Using cached tomli-2.2.1-cp312-cp312-manylinux_2_17_x86_64.manylinux2014_x86_64.whl (242 kB)
2025-08-21T14:30:23.5501591Z Using cached tomli_w-1.2.0-py3-none-any.whl (6.7 kB)
2025-08-21T14:30:23.5513118Z Using cached typeapi-2.2.4-py3-none-any.whl (26 kB)
2025-08-21T14:30:23.5524536Z Using cached typing_extensions-4.14.1-py3-none-any.whl (43 kB)
2025-08-21T14:30:23.5536027Z Using cached urllib3-2.5.0-py3-none-any.whl (129 kB)
2025-08-21T14:30:23.5548403Z Using cached wrapt-1.17.3-cp312-cp312-manylinux1_x86_64.manylinux_2_28_x86_64.manylinux_2_5_x86_64.whl (88 kB)
2025-08-21T14:30:23.5560244Z Using cached boto3-1.40.14-py3-none-any.whl (140 kB)
2025-08-21T14:30:23.5572396Z Using cached botocore-1.40.14-py3-none-any.whl (14.0 MB)
2025-08-21T14:30:23.5684115Z Using cached jmespath-1.0.1-py3-none-any.whl (20 kB)
2025-08-21T14:30:23.5695926Z Using cached python_dateutil-2.9.0.post0-py2.py3-none-any.whl (229 kB)
2025-08-21T14:30:23.5708623Z Using cached s3transfer-0.13.1-py3-none-any.whl (85 kB)
2025-08-21T14:30:23.5720765Z Using cached itsdangerous-2.2.0-py3-none-any.whl (16 kB)
2025-08-21T14:30:23.5732052Z Using cached setuptools-80.9.0-py3-none-any.whl (1.2 MB)
2025-08-21T14:30:23.5751668Z Using cached python_dotenv-1.1.1-py3-none-any.whl (20 kB)
2025-08-21T14:30:23.5763121Z Using cached python_multipart-0.0.20-py3-none-any.whl (24 kB)
2025-08-21T14:30:23.5774470Z Using cached annotated_types-0.7.0-py3-none-any.whl (13 kB)
2025-08-21T14:30:23.5785657Z Using cached certifi-2025.8.3-py3-none-any.whl (161 kB)
2025-08-21T14:30:23.5798514Z Using cached click_didyoumean-0.3.1-py3-none-any.whl (3.6 kB)
2025-08-21T14:30:23.5810916Z Using cached click_plugins-1.1.1.2-py2.py3-none-any.whl (11 kB)
2025-08-21T14:30:23.5821979Z Using cached click_repl-0.3.0-py3-none-any.whl (10 kB)
2025-08-21T14:30:23.5833932Z Using cached coverage-7.10.4-cp312-cp312-manylinux1_x86_64.manylinux_2_28_x86_64.manylinux_2_5_x86_64.whl (251 kB)
2025-08-21T14:30:23.5846320Z Using cached email_validator-2.2.0-py3-none-any.whl (33 kB)
2025-08-21T14:30:23.5858433Z Using cached dnspython-2.7.0-py3-none-any.whl (313 kB)
2025-08-21T14:30:23.5872145Z Using cached fastapi_cli-0.0.8-py3-none-any.whl (10 kB)
2025-08-21T14:30:23.5883236Z Using cached fastapi_cloud_cli-0.1.5-py3-none-any.whl (18 kB)
2025-08-21T14:30:23.5895043Z Using cached greenlet-3.2.4-cp312-cp312-manylinux_2_24_x86_64.manylinux_2_28_x86_64.whl (607 kB)
2025-08-21T14:30:23.5910661Z Using cached h11-0.16.0-py3-none-any.whl (37 kB)
2025-08-21T14:30:23.5922234Z Using cached iniconfig-2.1.0-py3-none-any.whl (6.0 kB)
2025-08-21T14:30:23.5934293Z Using cached MarkupSafe-3.0.2-cp312-cp312-manylinux_2_17_x86_64.manylinux2014_x86_64.whl (23 kB)
2025-08-21T14:30:23.5945367Z Using cached mirakuru-2.6.1-py3-none-any.whl (26 kB)
2025-08-21T14:30:23.5957075Z Using cached orjson-3.11.2-cp312-cp312-manylinux_2_17_x86_64.manylinux2014_x86_64.whl (121 kB)
2025-08-21T14:30:23.5969088Z Using cached packaging-25.0-py3-none-any.whl (66 kB)
2025-08-21T14:30:23.5980759Z Using cached pathspec-0.12.1-py3-none-any.whl (31 kB)
2025-08-21T14:30:23.5992118Z Using cached platformdirs-4.3.8-py3-none-any.whl (18 kB)
2025-08-21T14:30:23.6003268Z Using cached port_for-0.7.4-py3-none-any.whl (21 kB)
2025-08-21T14:30:23.6014645Z Using cached prompt_toolkit-3.0.51-py3-none-any.whl (387 kB)
2025-08-21T14:30:23.6029364Z Using cached psutil-7.0.0-cp36-abi3-manylinux_2_12_x86_64.manylinux2010_x86_64.manylinux_2_17_x86_64.manylinux2014_x86_64.whl (277 kB)
2025-08-21T14:30:23.6042370Z Using cached pydantic_extra_types-2.10.5-py3-none-any.whl (38 kB)
2025-08-21T14:30:23.6054014Z Using cached pydantic_settings-2.10.1-py3-none-any.whl (45 kB)
2025-08-21T14:30:23.6065463Z Using cached pygments-2.19.2-py3-none-any.whl (1.2 MB)
2025-08-21T14:30:23.6085872Z Using cached pytz-2025.2-py2.py3-none-any.whl (509 kB)
2025-08-21T14:30:23.6100749Z Using cached rich_toolkit-0.15.0-py3-none-any.whl (29 kB)
2025-08-21T14:30:23.6112138Z Using cached rich-14.1.0-py3-none-any.whl (243 kB)
2025-08-21T14:30:23.6125031Z Using cached markdown_it_py-4.0.0-py3-none-any.whl (87 kB)
2025-08-21T14:30:23.6136948Z Using cached mdurl-0.1.2-py3-none-any.whl (10.0 kB)
2025-08-21T14:30:23.6148384Z Using cached rignore-0.6.4-cp312-cp312-manylinux_2_17_x86_64.manylinux2014_x86_64.whl (949 kB)
2025-08-21T14:30:23.6166390Z Using cached sentry_sdk-2.35.0-py2.py3-none-any.whl (363 kB)
2025-08-21T14:30:23.6180137Z Using cached six-1.17.0-py2.py3-none-any.whl (11 kB)
2025-08-21T14:30:23.6191372Z Using cached sniffio-1.3.1-py3-none-any.whl (10 kB)
2025-08-21T14:30:23.6202531Z Using cached typer-0.16.1-py3-none-any.whl (46 kB)
2025-08-21T14:30:23.6213945Z Using cached shellingham-1.5.4-py2.py3-none-any.whl (9.8 kB)
2025-08-21T14:30:23.6225080Z Using cached typing_inspect-0.9.0-py3-none-any.whl (8.8 kB)
2025-08-21T14:30:23.6236366Z Using cached typing_inspection-0.4.1-py3-none-any.whl (14 kB)
2025-08-21T14:30:23.6247788Z Using cached tzdata-2025.2-py2.py3-none-any.whl (347 kB)
2025-08-21T14:30:23.6261625Z Using cached tzlocal-5.3.1-py3-none-any.whl (18 kB)
2025-08-21T14:30:23.6273207Z Using cached ujson-5.11.0-cp312-cp312-manylinux_2_24_x86_64.manylinux_2_28_x86_64.whl (57 kB)
2025-08-21T14:30:23.6284478Z Using cached uvicorn-0.35.0-py3-none-any.whl (66 kB)
2025-08-21T14:30:23.6296691Z Using cached httptools-0.6.4-cp312-cp312-manylinux_2_5_x86_64.manylinux1_x86_64.manylinux_2_17_x86_64.manylinux2014_x86_64.whl (510 kB)
2025-08-21T14:30:23.6311473Z Using cached uvloop-0.21.0-cp312-cp312-manylinux_2_17_x86_64.manylinux2014_x86_64.whl (4.7 MB)
2025-08-21T14:30:23.6355954Z Using cached watchfiles-1.1.0-cp312-cp312-manylinux_2_17_x86_64.manylinux2014_x86_64.whl (452 kB)
2025-08-21T14:30:23.6370927Z Using cached websockets-15.0.1-cp312-cp312-manylinux_2_5_x86_64.manylinux1_x86_64.manylinux_2_17_x86_64.manylinux2014_x86_64.whl (182 kB)
2025-08-21T14:30:23.6382978Z Using cached yapf-0.43.0-py3-none-any.whl (256 kB)
2025-08-21T14:30:23.6395807Z Using cached argon2_cffi-25.1.0-py3-none-any.whl (14 kB)
2025-08-21T14:30:23.6409618Z Using cached argon2_cffi_bindings-25.1.0-cp39-abi3-manylinux_2_26_x86_64.manylinux_2_28_x86_64.whl (87 kB)
2025-08-21T14:30:23.6422489Z Using cached cffi-1.17.1-cp312-cp312-manylinux_2_17_x86_64.manylinux2014_x86_64.whl (479 kB)
2025-08-21T14:30:23.6437317Z Using cached docker-7.1.0-py3-none-any.whl (147 kB)
2025-08-21T14:30:23.6450038Z Using cached et_xmlfile-2.0.0-py3-none-any.whl (18 kB)
2025-08-21T14:30:23.6461174Z Using cached mako-1.3.10-py3-none-any.whl (78 kB)
2025-08-21T14:30:23.6472967Z Using cached pycparser-2.22-py3-none-any.whl (117 kB)
2025-08-21T14:30:23.6485550Z Using cached pycryptodome-3.23.0-cp37-abi3-manylinux_2_17_x86_64.manylinux2014_x86_64.whl (2.3 MB)
2025-08-21T14:30:23.6512263Z Using cached toml-0.10.2-py2.py3-none-any.whl (16 kB)
2025-08-21T14:30:23.6523448Z Using cached typeguard-4.4.4-py3-none-any.whl (34 kB)
2025-08-21T14:30:23.6535335Z Using cached watchdog-6.0.0-py3-none-manylinux2014_x86_64.whl (79 kB)
2025-08-21T14:30:23.6546947Z Using cached wcwidth-0.2.13-py2.py3-none-any.whl (34 kB)
2025-08-21T14:30:24.1318598Z Installing collected packages: wcwidth, pytz, wrapt, websockets, watchdog, vine, uvloop, urllib3, ujson, tzlocal, tzdata, typing-extensions, tomli_w, tomli, toml, structlog, sniffio, six, shellingham, setuptools, ruff, rignore, redis, PyYAML, python-multipart, python-dotenv, pygments, pycryptodome, pycparser, psycopg2-binary, psycopg-binary, psutil, prompt-toolkit, port-for, pluggy, platformdirs, pathspec, packaging, orjson, numpy, nr-stream, nr-date, mypy-extensions, multimethod, mdurl, MarkupSafe, jmespath, itsdangerous, iniconfig, imapclient, idna, httptools, h11, greenlet, et-xmlfile, docstring-parser, dnspython, coverage, click, charset_normalizer, certifi, billiard, asyncpg, annotated-types, yapf, vulture, uvicorn, typing-inspection, typing-inspect, types-requests, typeguard, typeapi, sqlalchemy, sentry-sdk, requests, python-dateutil, pytest, pydantic-core, psycopg, openpyxl, mypy, mirakuru, markdown-it-py, Mako, Jinja2, httpcore, email-validator, Deprecated, click-repl, click-plugins, click-didyoumean, cffi, black, apscheduler, anyio, amqp, watchfiles, starlette, rich, pytest-postgresql, pytest-cov, pytest-asyncio, pydantic, pandas, nr-util, kombu, httpx, docker, databind, botocore, argon2-cffi-bindings, alembic, typer, testcontainers, s3transfer, rich-toolkit, respx, python-telegram-bot, pydantic-settings, pydantic-extra-types, pandera, fastapi, databind.json, databind.core, celery, asgi-correlation-id, argon2-cffi, minio, fastapi-limiter, fastapi-cloud-cli, fastapi-cli, docspec, boto3, docspec-python, pydoc-markdown
2025-08-21T14:30:43.5419203Z 
2025-08-21T14:30:43.5552137Z Successfully installed Deprecated-1.2.18 Jinja2-3.1.6 Mako-1.3.10 MarkupSafe-3.0.2 PyYAML-6.0.2 alembic-1.16.4 amqp-5.3.1 annotated-types-0.7.0 anyio-4.10.0 apscheduler-3.10.4 argon2-cffi-25.1.0 argon2-cffi-bindings-25.1.0 asgi-correlation-id-4.3.1 asyncpg-0.30.0 billiard-4.2.1 black-25.1.0 boto3-1.40.14 botocore-1.40.14 celery-5.5.3 certifi-2025.8.3 cffi-1.17.1 charset_normalizer-3.4.3 click-8.2.1 click-didyoumean-0.3.1 click-plugins-1.1.1.2 click-repl-0.3.0 coverage-7.10.4 databind-4.5.2 databind.core-4.5.2 databind.json-4.5.2 dnspython-2.7.0 docker-7.1.0 docspec-2.2.1 docspec-python-2.2.2 docstring-parser-0.11 email-validator-2.2.0 et-xmlfile-2.0.0 fastapi-0.116.1 fastapi-cli-0.0.8 fastapi-cloud-cli-0.1.5 fastapi-limiter-0.1.6 greenlet-3.2.4 h11-0.16.0 httpcore-1.0.9 httptools-0.6.4 httpx-0.28.1 idna-3.10 imapclient-3.0.1 iniconfig-2.1.0 itsdangerous-2.2.0 jmespath-1.0.1 kombu-5.5.4 markdown-it-py-4.0.0 mdurl-0.1.2 minio-7.2.16 mirakuru-2.6.1 multimethod-1.10 mypy-1.17.1 mypy-extensions-1.1.0 nr-date-2.1.0 nr-stream-1.1.5 nr-util-0.8.12 numpy-1.26.4 openpyxl-3.1.5 orjson-3.11.2 packaging-25.0 pandas-2.2.3 pandera-0.19.3 pathspec-0.12.1 platformdirs-4.3.8 pluggy-1.6.0 port-for-0.7.4 prompt-toolkit-3.0.51 psutil-7.0.0 psycopg-3.2.9 psycopg-binary-3.2.9 psycopg2-binary-2.9.10 pycparser-2.22 pycryptodome-3.23.0 pydantic-2.11.7 pydantic-core-2.33.2 pydantic-extra-types-2.10.5 pydantic-settings-2.10.1 pydoc-markdown-4.8.2 pygments-2.19.2 pytest-8.4.1 pytest-asyncio-1.1.0 pytest-cov-6.2.1 pytest-postgresql-7.0.2 python-dateutil-2.9.0.post0 python-dotenv-1.1.1 python-multipart-0.0.20 python-telegram-bot-22.3 pytz-2025.2 redis-6.4.0 requests-2.32.4 respx-0.22.0 rich-14.1.0 rich-toolkit-0.15.0 rignore-0.6.4 ruff-0.9.9 s3transfer-0.13.1 sentry-sdk-2.35.0 setuptools-80.9.0 shellingham-1.5.4 six-1.17.0 sniffio-1.3.1 sqlalchemy-2.0.43 starlette-0.47.2 structlog-24.1.0 testcontainers-4.12.0 toml-0.10.2 tomli-2.2.1 tomli_w-1.2.0 typeapi-2.2.4 typeguard-4.4.4 typer-0.16.1 types-requests-2.32.4.20250809 typing-extensions-4.14.1 typing-inspect-0.9.0 typing-inspection-0.4.1 tzdata-2025.2 tzlocal-5.3.1 ujson-5.11.0 urllib3-2.5.0 uvicorn-0.35.0 uvloop-0.21.0 vine-5.1.0 vulture-2.10 watchdog-6.0.0 watchfiles-1.1.0 wcwidth-0.2.13 websockets-15.0.1 wrapt-1.17.3 yapf-0.43.0
2025-08-21T14:30:45.3081617Z Collecting keepa==1.3.15
2025-08-21T14:30:45.3095913Z   Using cached keepa-1.3.15-py3-none-any.whl.metadata (11 kB)
2025-08-21T14:30:45.3421394Z Collecting minio==7.1.15
2025-08-21T14:30:45.3434885Z   Using cached minio-7.1.15-py3-none-any.whl.metadata (4.2 kB)
2025-08-21T14:30:45.3463990Z Requirement already satisfied: numpy>=1.9.3 in /opt/hostedtoolcache/Python/3.12.11/x64/lib/python3.12/site-packages (from keepa==1.3.15) (1.26.4)
2025-08-21T14:30:45.3470081Z Requirement already satisfied: requests>=2.2 in /opt/hostedtoolcache/Python/3.12.11/x64/lib/python3.12/site-packages (from keepa==1.3.15) (2.32.4)
2025-08-21T14:30:45.3825156Z Collecting tqdm (from keepa==1.3.15)
2025-08-21T14:30:45.3838508Z   Using cached tqdm-4.67.1-py3-none-any.whl.metadata (57 kB)
2025-08-21T14:30:45.8869762Z Collecting aiohttp (from keepa==1.3.15)
2025-08-21T14:30:45.8884400Z   Using cached aiohttp-3.12.15-cp312-cp312-manylinux_2_17_x86_64.manylinux2014_x86_64.whl.metadata (7.7 kB)
2025-08-21T14:30:45.8920398Z Requirement already satisfied: pandas<=3.0 in /opt/hostedtoolcache/Python/3.12.11/x64/lib/python3.12/site-packages (from keepa==1.3.15) (2.2.3)
2025-08-21T14:30:45.8924940Z Requirement already satisfied: pydantic in /opt/hostedtoolcache/Python/3.12.11/x64/lib/python3.12/site-packages (from keepa==1.3.15) (2.11.7)
2025-08-21T14:30:45.8933332Z Requirement already satisfied: certifi in /opt/hostedtoolcache/Python/3.12.11/x64/lib/python3.12/site-packages (from minio==7.1.15) (2025.8.3)
2025-08-21T14:30:45.8937373Z Requirement already satisfied: urllib3 in /opt/hostedtoolcache/Python/3.12.11/x64/lib/python3.12/site-packages (from minio==7.1.15) (2.5.0)
2025-08-21T14:30:45.8996475Z Requirement already satisfied: python-dateutil>=2.8.2 in /opt/hostedtoolcache/Python/3.12.11/x64/lib/python3.12/site-packages (from pandas<=3.0->keepa==1.3.15) (2.9.0.post0)
2025-08-21T14:30:45.9002358Z Requirement already satisfied: pytz>=2020.1 in /opt/hostedtoolcache/Python/3.12.11/x64/lib/python3.12/site-packages (from pandas<=3.0->keepa==1.3.15) (2025.2)
2025-08-21T14:30:45.9008061Z Requirement already satisfied: tzdata>=2022.7 in /opt/hostedtoolcache/Python/3.12.11/x64/lib/python3.12/site-packages (from pandas<=3.0->keepa==1.3.15) (2025.2)
2025-08-21T14:30:45.9137749Z Requirement already satisfied: six>=1.5 in /opt/hostedtoolcache/Python/3.12.11/x64/lib/python3.12/site-packages (from python-dateutil>=2.8.2->pandas<=3.0->keepa==1.3.15) (1.17.0)
2025-08-21T14:30:45.9158266Z Requirement already satisfied: charset_normalizer<4,>=2 in /opt/hostedtoolcache/Python/3.12.11/x64/lib/python3.12/site-packages (from requests>=2.2->keepa==1.3.15) (3.4.3)
2025-08-21T14:30:45.9165615Z Requirement already satisfied: idna<4,>=2.5 in /opt/hostedtoolcache/Python/3.12.11/x64/lib/python3.12/site-packages (from requests>=2.2->keepa==1.3.15) (3.10)
2025-08-21T14:30:45.9397763Z Collecting aiohappyeyeballs>=2.5.0 (from aiohttp->keepa==1.3.15)
2025-08-21T14:30:45.9410573Z   Using cached aiohappyeyeballs-2.6.1-py3-none-any.whl.metadata (5.9 kB)
2025-08-21T14:30:45.9533391Z Collecting aiosignal>=1.4.0 (from aiohttp->keepa==1.3.15)
2025-08-21T14:30:45.9545079Z   Using cached aiosignal-1.4.0-py3-none-any.whl.metadata (3.7 kB)
2025-08-21T14:30:45.9721324Z Collecting attrs>=17.3.0 (from aiohttp->keepa==1.3.15)
2025-08-21T14:30:45.9733019Z   Using cached attrs-25.3.0-py3-none-any.whl.metadata (10 kB)
2025-08-21T14:30:46.0438367Z Collecting frozenlist>=1.1.1 (from aiohttp->keepa==1.3.15)
2025-08-21T14:30:46.0452880Z   Using cached frozenlist-1.7.0-cp312-cp312-manylinux_2_5_x86_64.manylinux1_x86_64.manylinux_2_17_x86_64.manylinux2014_x86_64.whl.metadata (18 kB)
2025-08-21T14:30:46.2964136Z Collecting multidict<7.0,>=4.5 (from aiohttp->keepa==1.3.15)
2025-08-21T14:30:46.2979965Z   Using cached multidict-6.6.4-cp312-cp312-manylinux2014_x86_64.manylinux_2_17_x86_64.manylinux_2_28_x86_64.whl.metadata (5.3 kB)
2025-08-21T14:30:46.3469100Z Collecting propcache>=0.2.0 (from aiohttp->keepa==1.3.15)
2025-08-21T14:30:46.3483576Z   Using cached propcache-0.3.2-cp312-cp312-manylinux_2_17_x86_64.manylinux2014_x86_64.whl.metadata (12 kB)
2025-08-21T14:30:46.5888251Z Collecting yarl<2.0,>=1.17.0 (from aiohttp->keepa==1.3.15)
2025-08-21T14:30:46.5902839Z   Using cached yarl-1.20.1-cp312-cp312-manylinux_2_17_x86_64.manylinux2014_x86_64.whl.metadata (73 kB)
2025-08-21T14:30:46.6117751Z Requirement already satisfied: typing-extensions>=4.2 in /opt/hostedtoolcache/Python/3.12.11/x64/lib/python3.12/site-packages (from aiosignal>=1.4.0->aiohttp->keepa==1.3.15) (4.14.1)
2025-08-21T14:30:46.6167035Z Requirement already satisfied: annotated-types>=0.6.0 in /opt/hostedtoolcache/Python/3.12.11/x64/lib/python3.12/site-packages (from pydantic->keepa==1.3.15) (0.7.0)
2025-08-21T14:30:46.6173294Z Requirement already satisfied: pydantic-core==2.33.2 in /opt/hostedtoolcache/Python/3.12.11/x64/lib/python3.12/site-packages (from pydantic->keepa==1.3.15) (2.33.2)
2025-08-21T14:30:46.6181205Z Requirement already satisfied: typing-inspection>=0.4.0 in /opt/hostedtoolcache/Python/3.12.11/x64/lib/python3.12/site-packages (from pydantic->keepa==1.3.15) (0.4.1)
2025-08-21T14:30:46.6242995Z Using cached keepa-1.3.15-py3-none-any.whl (38 kB)
2025-08-21T14:30:46.6254012Z Using cached minio-7.1.15-py3-none-any.whl (77 kB)
2025-08-21T14:30:46.6265847Z Using cached aiohttp-3.12.15-cp312-cp312-manylinux_2_17_x86_64.manylinux2014_x86_64.whl (1.7 MB)
2025-08-21T14:30:46.6289705Z Using cached multidict-6.6.4-cp312-cp312-manylinux2014_x86_64.manylinux_2_17_x86_64.manylinux_2_28_x86_64.whl (256 kB)
2025-08-21T14:30:46.6301833Z Using cached yarl-1.20.1-cp312-cp312-manylinux_2_17_x86_64.manylinux2014_x86_64.whl (355 kB)
2025-08-21T14:30:46.6314694Z Using cached aiohappyeyeballs-2.6.1-py3-none-any.whl (15 kB)
2025-08-21T14:30:46.6325276Z Using cached aiosignal-1.4.0-py3-none-any.whl (7.5 kB)
2025-08-21T14:30:46.6335800Z Using cached attrs-25.3.0-py3-none-any.whl (63 kB)
2025-08-21T14:30:46.6347231Z Using cached frozenlist-1.7.0-cp312-cp312-manylinux_2_5_x86_64.manylinux1_x86_64.manylinux_2_17_x86_64.manylinux2014_x86_64.whl (241 kB)
2025-08-21T14:30:46.6359472Z Using cached propcache-0.3.2-cp312-cp312-manylinux_2_17_x86_64.manylinux2014_x86_64.whl (224 kB)
2025-08-21T14:30:46.6371164Z Using cached tqdm-4.67.1-py3-none-any.whl (78 kB)
2025-08-21T14:30:46.8350048Z Installing collected packages: tqdm, propcache, multidict, minio, frozenlist, attrs, aiohappyeyeballs, yarl, aiosignal, aiohttp, keepa
2025-08-21T14:30:46.9076273Z   Attempting uninstall: minio
2025-08-21T14:30:46.9126122Z     Found existing installation: minio 7.2.16
2025-08-21T14:30:46.9162911Z     Uninstalling minio-7.2.16:
2025-08-21T14:30:46.9172976Z       Successfully uninstalled minio-7.2.16
2025-08-21T14:30:47.2745742Z 
2025-08-21T14:30:47.2862546Z Successfully installed aiohappyeyeballs-2.6.1 aiohttp-3.12.15 aiosignal-1.4.0 attrs-25.3.0 frozenlist-1.7.0 keepa-1.3.15 minio-7.1.15 multidict-6.6.4 propcache-0.3.2 tqdm-4.67.1 yarl-1.20.1
2025-08-21T14:30:47.4541760Z ##[group]Run for i in {1..30}; do pg_isready -h "$PG_HOST" -p "$PG_PORT" -U "$PG_USER" -d "$PG_DATABASE" && break; sleep 1; done
2025-08-21T14:30:47.4542431Z [36;1mfor i in {1..30}; do pg_isready -h "$PG_HOST" -p "$PG_PORT" -U "$PG_USER" -d "$PG_DATABASE" && break; sleep 1; done[0m
2025-08-21T14:30:47.4583771Z shell: /usr/bin/bash -e {0}
2025-08-21T14:30:47.4584000Z env:
2025-08-21T14:30:47.4584195Z   REDIS_URL: redis://localhost:6379/0
2025-08-21T14:30:47.4584455Z   RATE_LIMIT_DEFAULT: 100/minute
2025-08-21T14:30:47.4584684Z   TRUST_X_FORWARDED: 1
2025-08-21T14:30:47.4584868Z   PG_USER: postgres
2025-08-21T14:30:47.4585057Z   PG_PASSWORD: pass
2025-08-21T14:30:47.4585247Z   PG_DATABASE: awa
2025-08-21T14:30:47.4585433Z   PG_HOST: localhost
2025-08-21T14:30:47.4585609Z   PG_PORT: 5432
2025-08-21T14:30:47.4586045Z   PG_SYNC_DSN: ***localhost:5432/awa
2025-08-21T14:30:47.4586423Z   PG_ASYNC_DSN: ***localhost:5432/awa
2025-08-21T14:30:47.4586838Z   DATABASE_URL: ***localhost:5432/awa
2025-08-21T14:30:47.4587063Z   DATA_DIR: /tmp/awa-data
2025-08-21T14:30:47.4587434Z   ENABLE_LIVE: 0
2025-08-21T14:30:47.4587603Z   TESTING: 1
2025-08-21T14:30:47.4587825Z   pythonLocation: /opt/hostedtoolcache/Python/3.12.11/x64
2025-08-21T14:30:47.4588219Z   PKG_CONFIG_PATH: /opt/hostedtoolcache/Python/3.12.11/x64/lib/pkgconfig
2025-08-21T14:30:47.4588599Z   Python_ROOT_DIR: /opt/hostedtoolcache/Python/3.12.11/x64
2025-08-21T14:30:47.4589068Z   Python2_ROOT_DIR: /opt/hostedtoolcache/Python/3.12.11/x64
2025-08-21T14:30:47.4589412Z   Python3_ROOT_DIR: /opt/hostedtoolcache/Python/3.12.11/x64
2025-08-21T14:30:47.4589770Z   LD_LIBRARY_PATH: /opt/hostedtoolcache/Python/3.12.11/x64/lib
2025-08-21T14:30:47.4590064Z ##[endgroup]
2025-08-21T14:30:47.5745184Z localhost:5432 - accepting connections
2025-08-21T14:30:47.5778073Z ##[group]Run alembic -c services/api/alembic.ini upgrade head
2025-08-21T14:30:47.5778493Z [36;1malembic -c services/api/alembic.ini upgrade head[0m
2025-08-21T14:30:47.5819497Z shell: /usr/bin/bash -e {0}
2025-08-21T14:30:47.5819713Z env:
2025-08-21T14:30:47.5819918Z   REDIS_URL: redis://localhost:6379/0
2025-08-21T14:30:47.5820201Z   RATE_LIMIT_DEFAULT: 100/minute
2025-08-21T14:30:47.5820414Z   TRUST_X_FORWARDED: 1
2025-08-21T14:30:47.5820606Z   PG_USER: postgres
2025-08-21T14:30:47.5820792Z   PG_PASSWORD: pass
2025-08-21T14:30:47.5820970Z   PG_DATABASE: awa
2025-08-21T14:30:47.5821139Z   PG_HOST: localhost
2025-08-21T14:30:47.5821316Z   PG_PORT: 5432
2025-08-21T14:30:47.5821731Z   PG_SYNC_DSN: ***localhost:5432/awa
2025-08-21T14:30:47.5822130Z   PG_ASYNC_DSN: ***localhost:5432/awa
2025-08-21T14:30:47.5822502Z   DATABASE_URL: ***localhost:5432/awa
2025-08-21T14:30:47.5822725Z   DATA_DIR: /tmp/awa-data
2025-08-21T14:30:47.5822921Z   ENABLE_LIVE: 0
2025-08-21T14:30:47.5823120Z   TESTING: 1
2025-08-21T14:30:47.5823348Z   pythonLocation: /opt/hostedtoolcache/Python/3.12.11/x64
2025-08-21T14:30:47.5823733Z   PKG_CONFIG_PATH: /opt/hostedtoolcache/Python/3.12.11/x64/lib/pkgconfig
2025-08-21T14:30:47.5824114Z   Python_ROOT_DIR: /opt/hostedtoolcache/Python/3.12.11/x64
2025-08-21T14:30:47.5824451Z   Python2_ROOT_DIR: /opt/hostedtoolcache/Python/3.12.11/x64
2025-08-21T14:30:47.5824793Z   Python3_ROOT_DIR: /opt/hostedtoolcache/Python/3.12.11/x64
2025-08-21T14:30:47.5825141Z   LD_LIBRARY_PATH: /opt/hostedtoolcache/Python/3.12.11/x64/lib
2025-08-21T14:30:47.5825424Z ##[endgroup]
2025-08-21T14:30:48.6872213Z INFO  [alembic.runtime.migration] Context impl PostgresqlImpl.
2025-08-21T14:30:48.6872964Z INFO  [alembic.runtime.migration] Will assume transactional DDL.
2025-08-21T14:30:48.7057514Z INFO  [alembic.runtime.migration] Running upgrade  -> 0001_baseline
2025-08-21T14:30:48.7200440Z INFO  [alembic.runtime.migration] Running upgrade 0001_baseline -> 0002_create_roi_view
2025-08-21T14:30:48.7226443Z INFO  [alembic.runtime.migration] Running upgrade 0002_create_roi_view -> 3e9d5c5aff2c
2025-08-21T14:30:48.7392972Z INFO  [alembic.runtime.migration] Running upgrade 3e9d5c5aff2c -> 0003_vendor_prices
2025-08-21T14:30:48.7530429Z INFO  [alembic.runtime.migration] Running upgrade 0003_vendor_prices -> 0004_fee_cron
2025-08-21T14:30:48.7600656Z INFO  [alembic.runtime.migration] Running upgrade 0004_fee_cron -> 0006_fix_roi_views
2025-08-21T14:30:48.7631414Z INFO  [alembic.runtime.migration] Running upgrade 0006_fix_roi_views -> 0020_unified_schema
2025-08-21T14:30:48.7753487Z INFO  [alembic.runtime.migration] Running upgrade 0020_unified_schema -> 0022_fix_roi_view
2025-08-21T14:30:48.7817101Z INFO  [alembic.runtime.migration] Running upgrade 0022_fix_roi_view -> 0023_add_storage_fee
2025-08-21T14:30:48.7854096Z INFO  [alembic.runtime.migration] Running upgrade 0023_add_storage_fee -> 0024_create_buybox
2025-08-21T14:30:48.7875545Z INFO  [alembic.runtime.migration] Running upgrade 0024_create_buybox -> 0025_pr4_indexes_loadlog
2025-08-21T14:30:48.8080306Z INFO  [alembic.runtime.migration] Running upgrade 0025_pr4_indexes_loadlog -> 0026_amazon_new_reports
2025-08-21T14:30:48.9152873Z ##[group]Run python - <<'PY'
2025-08-21T14:30:48.9153170Z [36;1mpython - <<'PY'[0m
2025-08-21T14:30:48.9153436Z [36;1mfrom fastapi.testclient import TestClient[0m
2025-08-21T14:30:48.9153913Z [36;1mfrom services.api.main import app[0m
2025-08-21T14:30:48.9154180Z [36;1mwith TestClient(app) as c:[0m
2025-08-21T14:30:48.9154426Z [36;1m    r = c.get('/roi-review')[0m
2025-08-21T14:30:48.9154690Z [36;1m    assert r.status_code < 500, r.text[0m
2025-08-21T14:30:48.9154934Z [36;1mPY[0m
2025-08-21T14:30:48.9195910Z shell: /usr/bin/bash -e {0}
2025-08-21T14:30:48.9196137Z env:
2025-08-21T14:30:48.9196332Z   REDIS_URL: redis://localhost:6379/0
2025-08-21T14:30:48.9196596Z   RATE_LIMIT_DEFAULT: 100/minute
2025-08-21T14:30:48.9196814Z   TRUST_X_FORWARDED: 1
2025-08-21T14:30:48.9197003Z   PG_USER: postgres
2025-08-21T14:30:48.9197189Z   PG_PASSWORD: pass
2025-08-21T14:30:48.9197370Z   PG_DATABASE: awa
2025-08-21T14:30:48.9197542Z   PG_HOST: localhost
2025-08-21T14:30:48.9197765Z   PG_PORT: 5432
2025-08-21T14:30:48.9198395Z   PG_SYNC_DSN: ***localhost:5432/awa
2025-08-21T14:30:48.9199095Z   PG_ASYNC_DSN: ***localhost:5432/awa
2025-08-21T14:30:48.9199503Z   DATABASE_URL: ***localhost:5432/awa
2025-08-21T14:30:48.9199731Z   DATA_DIR: /tmp/awa-data
2025-08-21T14:30:48.9199932Z   ENABLE_LIVE: 0
2025-08-21T14:30:48.9200103Z   TESTING: 1
2025-08-21T14:30:48.9200329Z   pythonLocation: /opt/hostedtoolcache/Python/3.12.11/x64
2025-08-21T14:30:48.9200725Z   PKG_CONFIG_PATH: /opt/hostedtoolcache/Python/3.12.11/x64/lib/pkgconfig
2025-08-21T14:30:48.9201113Z   Python_ROOT_DIR: /opt/hostedtoolcache/Python/3.12.11/x64
2025-08-21T14:30:48.9201453Z   Python2_ROOT_DIR: /opt/hostedtoolcache/Python/3.12.11/x64
2025-08-21T14:30:48.9201805Z   Python3_ROOT_DIR: /opt/hostedtoolcache/Python/3.12.11/x64
2025-08-21T14:30:48.9202155Z   LD_LIBRARY_PATH: /opt/hostedtoolcache/Python/3.12.11/x64/lib
2025-08-21T14:30:48.9202446Z ##[endgroup]
2025-08-21T14:30:50.7102333Z WARNING:services.api.errors:{"status_code": 401, "detail": "Not authenticated", "event": "http_error", "request_id": "90e9ef26d5fd44efada55cc72f275ae6", "level": "warning", "timestamp": "2025-08-21T14:30:50.709860Z"}
2025-08-21T14:30:50.7106619Z INFO:httpx:HTTP Request: GET http://testserver/roi-review "HTTP/1.1 401 Unauthorized"
2025-08-21T14:30:50.9284525Z ##[group]Run alembic -c services/api/alembic.ini downgrade base
2025-08-21T14:30:50.9285290Z [36;1malembic -c services/api/alembic.ini downgrade base[0m
2025-08-21T14:30:50.9334253Z shell: /usr/bin/bash -e {0}
2025-08-21T14:30:50.9334482Z env:
2025-08-21T14:30:50.9334698Z   REDIS_URL: redis://localhost:6379/0
2025-08-21T14:30:50.9334961Z   RATE_LIMIT_DEFAULT: 100/minute
2025-08-21T14:30:50.9335172Z   TRUST_X_FORWARDED: 1
2025-08-21T14:30:50.9335375Z   PG_USER: postgres
2025-08-21T14:30:50.9335562Z   PG_PASSWORD: pass
2025-08-21T14:30:50.9335730Z   PG_DATABASE: awa
2025-08-21T14:30:50.9335906Z   PG_HOST: localhost
2025-08-21T14:30:50.9336087Z   PG_PORT: 5432
2025-08-21T14:30:50.9336580Z   PG_SYNC_DSN: ***localhost:5432/awa
2025-08-21T14:30:50.9336984Z   PG_ASYNC_DSN: ***localhost:5432/awa
2025-08-21T14:30:50.9337358Z   DATABASE_URL: ***localhost:5432/awa
2025-08-21T14:30:50.9337596Z   DATA_DIR: /tmp/awa-data
2025-08-21T14:30:50.9337796Z   ENABLE_LIVE: 0
2025-08-21T14:30:50.9337995Z   TESTING: 1
2025-08-21T14:30:50.9338229Z   pythonLocation: /opt/hostedtoolcache/Python/3.12.11/x64
2025-08-21T14:30:50.9338616Z   PKG_CONFIG_PATH: /opt/hostedtoolcache/Python/3.12.11/x64/lib/pkgconfig
2025-08-21T14:30:50.9339194Z   Python_ROOT_DIR: /opt/hostedtoolcache/Python/3.12.11/x64
2025-08-21T14:30:50.9339540Z   Python2_ROOT_DIR: /opt/hostedtoolcache/Python/3.12.11/x64
2025-08-21T14:30:50.9339882Z   Python3_ROOT_DIR: /opt/hostedtoolcache/Python/3.12.11/x64
2025-08-21T14:30:50.9340229Z   LD_LIBRARY_PATH: /opt/hostedtoolcache/Python/3.12.11/x64/lib
2025-08-21T14:30:50.9340519Z ##[endgroup]
2025-08-21T14:30:51.4084929Z INFO  [alembic.runtime.migration] Context impl PostgresqlImpl.
2025-08-21T14:30:51.4085666Z INFO  [alembic.runtime.migration] Will assume transactional DDL.
2025-08-21T14:30:51.4182214Z INFO  [alembic.runtime.migration] Running downgrade 0026_amazon_new_reports -> 0025_pr4_indexes_loadlog
2025-08-21T14:30:51.4282178Z INFO  [alembic.runtime.migration] Running downgrade 0025_pr4_indexes_loadlog -> 0024_create_buybox
2025-08-21T14:30:51.4327999Z INFO  [alembic.runtime.migration] Running downgrade 0024_create_buybox -> 0023_add_storage_fee
2025-08-21T14:30:51.4341494Z INFO  [alembic.runtime.migration] Running downgrade 0023_add_storage_fee -> 0022_fix_roi_view
2025-08-21T14:30:51.4510943Z INFO  [alembic.runtime.migration] Running downgrade 0022_fix_roi_view -> 0020_unified_schema
2025-08-21T14:30:51.4537133Z INFO  [alembic.runtime.migration] Running downgrade 0020_unified_schema -> 0006_fix_roi_views
2025-08-21T14:30:51.4577566Z INFO  [alembic.runtime.migration] Running downgrade 0006_fix_roi_views -> 0004_fee_cron
2025-08-21T14:30:51.4591798Z INFO  [alembic.runtime.migration] Running downgrade 0004_fee_cron -> 0003_vendor_prices
2025-08-21T14:30:51.4677883Z INFO  [alembic.runtime.migration] Running downgrade 0003_vendor_prices -> 3e9d5c5aff2c
2025-08-21T14:30:51.4738051Z INFO  [alembic.runtime.migration] Running downgrade 3e9d5c5aff2c -> 0002_create_roi_view
2025-08-21T14:30:51.4805859Z INFO  [alembic.runtime.migration] Running downgrade 0002_create_roi_view -> 0001_baseline
2025-08-21T14:30:51.4817460Z INFO  [alembic.runtime.migration] Running downgrade 0001_baseline -> 
2025-08-21T14:30:51.5791195Z ##[group]Run test "$(alembic -c services/api/alembic.ini heads | wc -l)" -eq 1
2025-08-21T14:30:51.5791699Z [36;1mtest "$(alembic -c services/api/alembic.ini heads | wc -l)" -eq 1[0m
2025-08-21T14:30:51.5832123Z shell: /usr/bin/bash -e {0}
2025-08-21T14:30:51.5832347Z env:
2025-08-21T14:30:51.5832537Z   REDIS_URL: redis://localhost:6379/0
2025-08-21T14:30:51.5832808Z   RATE_LIMIT_DEFAULT: 100/minute
2025-08-21T14:30:51.5833029Z   TRUST_X_FORWARDED: 1
2025-08-21T14:30:51.5833221Z   PG_USER: postgres
2025-08-21T14:30:51.5833409Z   PG_PASSWORD: pass
2025-08-21T14:30:51.5833584Z   PG_DATABASE: awa
2025-08-21T14:30:51.5833755Z   PG_HOST: localhost
2025-08-21T14:30:51.5833948Z   PG_PORT: 5432
2025-08-21T14:30:51.5834392Z   PG_SYNC_DSN: ***localhost:5432/awa
2025-08-21T14:30:51.5834906Z   PG_ASYNC_DSN: ***localhost:5432/awa
2025-08-21T14:30:51.5835288Z   DATABASE_URL: ***localhost:5432/awa
2025-08-21T14:30:51.5835516Z   DATA_DIR: /tmp/awa-data
2025-08-21T14:30:51.5835755Z   ENABLE_LIVE: 0
2025-08-21T14:30:51.5835923Z   TESTING: 1
2025-08-21T14:30:51.5836159Z   pythonLocation: /opt/hostedtoolcache/Python/3.12.11/x64
2025-08-21T14:30:51.5836549Z   PKG_CONFIG_PATH: /opt/hostedtoolcache/Python/3.12.11/x64/lib/pkgconfig
2025-08-21T14:30:51.5836928Z   Python_ROOT_DIR: /opt/hostedtoolcache/Python/3.12.11/x64
2025-08-21T14:30:51.5837264Z   Python2_ROOT_DIR: /opt/hostedtoolcache/Python/3.12.11/x64
2025-08-21T14:30:51.5837608Z   Python3_ROOT_DIR: /opt/hostedtoolcache/Python/3.12.11/x64
2025-08-21T14:30:51.5837951Z   LD_LIBRARY_PATH: /opt/hostedtoolcache/Python/3.12.11/x64/lib
2025-08-21T14:30:51.5838235Z ##[endgroup]
2025-08-21T14:30:51.9637416Z ##[group]Run pytest tests/migrations/test_migration_roundtrip.py -q -m integration
2025-08-21T14:30:51.9638022Z [36;1mpytest tests/migrations/test_migration_roundtrip.py -q -m integration[0m
2025-08-21T14:30:51.9678843Z shell: /usr/bin/bash -e {0}
2025-08-21T14:30:51.9679093Z env:
2025-08-21T14:30:51.9679288Z   REDIS_URL: redis://localhost:6379/0
2025-08-21T14:30:51.9679551Z   RATE_LIMIT_DEFAULT: 100/minute
2025-08-21T14:30:51.9679767Z   TRUST_X_FORWARDED: 1
2025-08-21T14:30:51.9679961Z   PG_USER: postgres
2025-08-21T14:30:51.9680148Z   PG_PASSWORD: pass
2025-08-21T14:30:51.9680323Z   PG_DATABASE: awa
2025-08-21T14:30:51.9680502Z   PG_HOST: localhost
2025-08-21T14:30:51.9680689Z   PG_PORT: 5432
2025-08-21T14:30:51.9681208Z   PG_SYNC_DSN: ***localhost:5432/awa
2025-08-21T14:30:51.9681621Z   PG_ASYNC_DSN: ***localhost:5432/awa
2025-08-21T14:30:51.9682121Z   DATABASE_URL: ***localhost:5432/awa
2025-08-21T14:30:51.9682352Z   DATA_DIR: /tmp/awa-data
2025-08-21T14:30:51.9682592Z   ENABLE_LIVE: 0
2025-08-21T14:30:51.9682760Z   TESTING: 1
2025-08-21T14:30:51.9683182Z   pythonLocation: /opt/hostedtoolcache/Python/3.12.11/x64
2025-08-21T14:30:51.9683586Z   PKG_CONFIG_PATH: /opt/hostedtoolcache/Python/3.12.11/x64/lib/pkgconfig
2025-08-21T14:30:51.9683969Z   Python_ROOT_DIR: /opt/hostedtoolcache/Python/3.12.11/x64
2025-08-21T14:30:51.9684316Z   Python2_ROOT_DIR: /opt/hostedtoolcache/Python/3.12.11/x64
2025-08-21T14:30:51.9684665Z   Python3_ROOT_DIR: /opt/hostedtoolcache/Python/3.12.11/x64
2025-08-21T14:30:51.9685010Z   LD_LIBRARY_PATH: /opt/hostedtoolcache/Python/3.12.11/x64/lib
2025-08-21T14:30:51.9685309Z ##[endgroup]
2025-08-21T14:30:54.1955343Z /opt/hostedtoolcache/Python/3.12.11/x64/lib/python3.12/site-packages/coverage/control.py:943: CoverageWarning: No data was collected. (no-data-collected)
2025-08-21T14:30:54.1956103Z   self._warn("No data was collected.", slug="no-data-collected")
2025-08-21T14:30:54.4163383Z s                                                                        [100%]
2025-08-21T14:30:54.4163952Z ================================ tests coverage ================================
2025-08-21T14:30:54.4164557Z _______________ coverage: platform linux, python 3.12.11-final-0 _______________
2025-08-21T14:30:54.4165079Z 
2025-08-21T14:30:54.4165261Z Coverage XML written to file coverage.xml
2025-08-21T14:30:54.5683195Z Post job cleanup.
2025-08-21T14:30:54.7302335Z Cache hit occurred on the primary key setup-python-Linux-x64-24.04-Ubuntu-python-3.12.11-pip-cc13ccef493b9f3a93ad5651164d9fb09282c1111f6f72ce20e0657de16de6b4, not saving cache.
2025-08-21T14:30:54.7402393Z Post job cleanup.
2025-08-21T14:30:54.8172569Z [command]/usr/bin/git version
2025-08-21T14:30:54.8209028Z git version 2.51.0
2025-08-21T14:30:54.8243909Z Temporarily overriding HOME='/home/runner/work/_temp/b2d14c60-bb35-4a03-9aec-00b42926e11e' before making global git config changes
2025-08-21T14:30:54.8245454Z Adding repository directory to the temporary git global config as a safe directory
2025-08-21T14:30:54.8249413Z [command]/usr/bin/git config --global --add safe.directory /home/runner/work/AWA-App/AWA-App
2025-08-21T14:30:54.8284884Z [command]/usr/bin/git config --local --name-only --get-regexp core\.sshCommand
2025-08-21T14:30:54.8318605Z [command]/usr/bin/git submodule foreach --recursive sh -c "git config --local --name-only --get-regexp 'core\.sshCommand' && git config --local --unset-all 'core.sshCommand' || :"
2025-08-21T14:30:54.8544984Z [command]/usr/bin/git config --local --name-only --get-regexp http\.https\:\/\/github\.com\/\.extraheader
2025-08-21T14:30:54.8568923Z http.https://github.com/.extraheader
2025-08-21T14:30:54.8578581Z [command]/usr/bin/git config --local --unset-all http.https://github.com/.extraheader
2025-08-21T14:30:54.8610750Z [command]/usr/bin/git submodule foreach --recursive sh -c "git config --local --name-only --get-regexp 'http\.https\:\/\/github\.com\/\.extraheader' && git config --local --unset-all 'http.https://github.com/.extraheader' || :"
2025-08-21T14:30:54.8925725Z Print service container logs: 7b35719179674a63a1410dfbb2479aab_postgres15_a7185f
2025-08-21T14:30:54.8931158Z ##[command]/usr/bin/docker logs --details 021a3f53e172d2d83ccb183ffb4e00ff5d1d21099d882cb4f7dfcc02adc748fd
2025-08-21T14:30:54.9050674Z  initdb: warning: enabling "trust" authentication for local connections
2025-08-21T14:30:54.9051491Z  The files belonging to this database system will be owned by user "postgres".
2025-08-21T14:30:54.9052625Z  initdb: hint: You can change this by editing pg_hba.conf or using the option -A, or --auth-local and --auth-host, the next time you run initdb.
2025-08-21T14:30:54.9054015Z  2025-08-21 14:30:02.220 UTC [1] LOG:  starting PostgreSQL 15.14 (Debian 15.14-1.pgdg13+1) on x86_64-pc-linux-gnu, compiled by gcc (Debian 14.2.0-19) 14.2.0, 64-bit
2025-08-21T14:30:54.9054890Z  2025-08-21 14:30:02.220 UTC [1] LOG:  listening on IPv4 address "0.0.0.0", port 5432
2025-08-21T14:30:54.9055386Z  2025-08-21 14:30:02.220 UTC [1] LOG:  listening on IPv6 address "::", port 5432
2025-08-21T14:30:54.9055861Z  2025-08-21 14:30:02.222 UTC [1] LOG:  listening on Unix socket "/var/run/postgresql/.s.PGSQL.5432"
2025-08-21T14:30:54.9056621Z  2025-08-21 14:30:02.225 UTC [64] LOG:  database system was shut down at 2025-08-21 14:30:02 UTC
2025-08-21T14:30:54.9057065Z  2025-08-21 14:30:02.229 UTC [1] LOG:  database system is ready to accept connections
2025-08-21T14:30:54.9057423Z  This user must also own the server process.
2025-08-21T14:30:54.9057664Z  
2025-08-21T14:30:54.9057919Z  The database cluster will be initialized with locale "en_US.utf8".
2025-08-21T14:30:54.9058322Z  The default database encoding has accordingly been set to "UTF8".
2025-08-21T14:30:54.9058924Z  The default text search configuration will be set to "english".
2025-08-21T14:30:54.9059238Z  
2025-08-21T14:30:54.9059411Z  Data page checksums are disabled.
2025-08-21T14:30:54.9059626Z  
2025-08-21T14:30:54.9059890Z  fixing permissions on existing directory /var/lib/postgresql/data ... ok
2025-08-21T14:30:54.9060253Z  creating subdirectories ... ok
2025-08-21T14:30:54.9060545Z  selecting dynamic shared memory implementation ... posix
2025-08-21T14:30:54.9060860Z  selecting default max_connections ... 100
2025-08-21T14:30:54.9061130Z  selecting default shared_buffers ... 128MB
2025-08-21T14:30:54.9061389Z  selecting default time zone ... Etc/UTC
2025-08-21T14:30:54.9061641Z  creating configuration files ... ok
2025-08-21T14:30:54.9061881Z  running bootstrap script ... ok
2025-08-21T14:30:54.9062150Z  performing post-bootstrap initialization ... ok
2025-08-21T14:30:54.9062427Z  syncing data to disk ... ok
2025-08-21T14:30:54.9062626Z  
2025-08-21T14:30:54.9062760Z  
2025-08-21T14:30:54.9062959Z  Success. You can now start the database server using:
2025-08-21T14:30:54.9063227Z  
2025-08-21T14:30:54.9063433Z      pg_ctl -D /var/lib/postgresql/data -l logfile start
2025-08-21T14:30:54.9063686Z  
2025-08-21T14:30:54.9064229Z  waiting for server to start....2025-08-21 14:30:01.876 UTC [48] LOG:  starting PostgreSQL 15.14 (Debian 15.14-1.pgdg13+1) on x86_64-pc-linux-gnu, compiled by gcc (Debian 14.2.0-19) 14.2.0, 64-bit
2025-08-21T14:30:54.9065519Z  2025-08-21 14:30:01.877 UTC [48] LOG:  listening on Unix socket "/var/run/postgresql/.s.PGSQL.5432"
2025-08-21T14:30:54.9066361Z  2025-08-21 14:30:01.881 UTC [51] LOG:  database system was shut down at 2025-08-21 14:30:01 UTC
2025-08-21T14:30:54.9066986Z  2025-08-21 14:30:01.885 UTC [48] LOG:  database system is ready to accept connections
2025-08-21T14:30:54.9067308Z   done
2025-08-21T14:30:54.9067467Z  server started
2025-08-21T14:30:54.9067639Z  CREATE DATABASE
2025-08-21T14:30:54.9067802Z  
2025-08-21T14:30:54.9067935Z  
2025-08-21T14:30:54.9068221Z  /usr/local/bin/docker-entrypoint.sh: ignoring /docker-entrypoint-initdb.d/*
2025-08-21T14:30:54.9068576Z  
2025-08-21T14:30:54.9069078Z  waiting for server to shut down...2025-08-21 14:30:02.097 UTC [48] LOG:  received fast shutdown request
2025-08-21T14:30:54.9069762Z  .2025-08-21 14:30:02.097 UTC [48] LOG:  aborting any active transactions
2025-08-21T14:30:54.9070270Z  2025-08-21 14:30:02.100 UTC [48] LOG:  background worker "logical replication launcher" (PID 54) exited with exit code 1
2025-08-21T14:30:54.9070734Z  2025-08-21 14:30:02.101 UTC [49] LOG:  shutting down
2025-08-21T14:30:54.9071069Z  2025-08-21 14:30:02.101 UTC [49] LOG:  checkpoint starting: shutdown immediate
2025-08-21T14:30:54.9071890Z  2025-08-21 14:30:02.124 UTC [49] LOG:  checkpoint complete: wrote 922 buffers (5.6%); 0 WAL file(s) added, 0 removed, 0 recycled; write=0.019 s, sync=0.003 s, total=0.024 s; sync files=301, longest=0.001 s, average=0.001 s; distance=4239 kB, estimate=4239 kB
2025-08-21T14:30:54.9072694Z  2025-08-21 14:30:02.133 UTC [48] LOG:  database system is shut down
2025-08-21T14:30:54.9072974Z   done
2025-08-21T14:30:54.9073132Z  server stopped
2025-08-21T14:30:54.9073298Z  
2025-08-21T14:30:54.9073505Z  PostgreSQL init process complete; ready for start up.
2025-08-21T14:30:54.9073779Z  
2025-08-21T14:30:54.9079702Z Stop and remove container: 7b35719179674a63a1410dfbb2479aab_postgres15_a7185f
2025-08-21T14:30:54.9084176Z ##[command]/usr/bin/docker rm --force 021a3f53e172d2d83ccb183ffb4e00ff5d1d21099d882cb4f7dfcc02adc748fd
2025-08-21T14:30:55.2752868Z 021a3f53e172d2d83ccb183ffb4e00ff5d1d21099d882cb4f7dfcc02adc748fd
2025-08-21T14:30:55.2775596Z Print service container logs: 54e0ace96cb24dc19b1347ef7884fd49_redis7alpine_c68f0e
2025-08-21T14:30:55.2776808Z ##[command]/usr/bin/docker logs --details cee55669007ace185bfb6118ce9fcc32ff79ef91238ad897c3dc288f4dd6f073
2025-08-21T14:30:55.2903658Z  1:C 21 Aug 2025 14:30:02.409 # WARNING Memory overcommit must be enabled! Without it, a background save or replication may fail under low memory condition. Being disabled, it can also cause failures without low memory condition, see https://github.com/jemalloc/jemalloc/issues/1328. To fix this issue add 'vm.overcommit_memory = 1' to /etc/sysctl.conf and then reboot or run the command 'sysctl vm.overcommit_memory=1' for this to take effect.
2025-08-21T14:30:55.2906446Z  1:C 21 Aug 2025 14:30:02.409 * oO0OoO0OoO0Oo Redis is starting oO0OoO0OoO0Oo
2025-08-21T14:30:55.2907265Z  1:C 21 Aug 2025 14:30:02.409 * Redis version=7.4.5, bits=64, commit=00000000, modified=0, pid=1, just started
2025-08-21T14:30:55.2908486Z  1:C 21 Aug 2025 14:30:02.409 # Warning: no config file specified, using the default config. In order to specify a config file use redis-server /path/to/redis.conf
2025-08-21T14:30:55.2909683Z  1:M 21 Aug 2025 14:30:02.409 * monotonic clock: POSIX clock_gettime
2025-08-21T14:30:55.2910268Z  1:M 21 Aug 2025 14:30:02.410 * Running mode=standalone, port=6379.
2025-08-21T14:30:55.2910816Z  1:M 21 Aug 2025 14:30:02.410 * Server initialized
2025-08-21T14:30:55.2911326Z  1:M 21 Aug 2025 14:30:02.410 * Ready to accept connections tcp
2025-08-21T14:30:55.2918354Z Stop and remove container: 54e0ace96cb24dc19b1347ef7884fd49_redis7alpine_c68f0e
2025-08-21T14:30:55.2919342Z ##[command]/usr/bin/docker rm --force cee55669007ace185bfb6118ce9fcc32ff79ef91238ad897c3dc288f4dd6f073
2025-08-21T14:30:55.4094642Z cee55669007ace185bfb6118ce9fcc32ff79ef91238ad897c3dc288f4dd6f073
2025-08-21T14:30:55.4117788Z Remove container network: github_network_e29c143c6b754ea79d5ad6019610b8d6
2025-08-21T14:30:55.4122653Z ##[command]/usr/bin/docker network rm github_network_e29c143c6b754ea79d5ad6019610b8d6
2025-08-21T14:30:55.5262795Z github_network_e29c143c6b754ea79d5ad6019610b8d6
2025-08-21T14:30:55.5323885Z Cleaning up orphan processes
