2025-08-16T23:22:18.0850413Z Current runner version: '2.327.1'
2025-08-16T23:22:18.0873260Z ##[group]Runner Image Provisioner
2025-08-16T23:22:18.0874034Z Hosted Compute Agent
2025-08-16T23:22:18.0874587Z Version: 20250812.370
2025-08-16T23:22:18.0875265Z Commit: 4a2b2bf7520004e3e907c2150c8cabe342a3da32
2025-08-16T23:22:18.0875917Z Build Date: 2025-08-12T16:08:14Z
2025-08-16T23:22:18.0876504Z ##[endgroup]
2025-08-16T23:22:18.0877060Z ##[group]Operating System
2025-08-16T23:22:18.0877808Z Ubuntu
2025-08-16T23:22:18.0878247Z 24.04.2
2025-08-16T23:22:18.0878749Z LTS
2025-08-16T23:22:18.0879180Z ##[endgroup]
2025-08-16T23:22:18.0879671Z ##[group]Runner Image
2025-08-16T23:22:18.0880286Z Image: ubuntu-24.04
2025-08-16T23:22:18.0880767Z Version: 20250810.1.0
2025-08-16T23:22:18.0881760Z Included Software: https://github.com/actions/runner-images/blob/ubuntu24/20250810.1/images/ubuntu/Ubuntu2404-Readme.md
2025-08-16T23:22:18.0883288Z Image Release: https://github.com/actions/runner-images/releases/tag/ubuntu24%2F20250810.1
2025-08-16T23:22:18.0884232Z ##[endgroup]
2025-08-16T23:22:18.0886630Z ##[group]GITHUB_TOKEN Permissions
2025-08-16T23:22:18.0888829Z Actions: write
2025-08-16T23:22:18.0889369Z Attestations: write
2025-08-16T23:22:18.0889999Z Checks: write
2025-08-16T23:22:18.0890453Z Contents: write
2025-08-16T23:22:18.0890973Z Deployments: write
2025-08-16T23:22:18.0891517Z Discussions: write
2025-08-16T23:22:18.0892047Z Issues: write
2025-08-16T23:22:18.0892487Z Metadata: read
2025-08-16T23:22:18.0893019Z Models: read
2025-08-16T23:22:18.0893480Z Packages: write
2025-08-16T23:22:18.0894025Z Pages: write
2025-08-16T23:22:18.0894513Z PullRequests: write
2025-08-16T23:22:18.0895061Z RepositoryProjects: write
2025-08-16T23:22:18.0895623Z SecurityEvents: write
2025-08-16T23:22:18.0896219Z Statuses: write
2025-08-16T23:22:18.0896733Z ##[endgroup]
2025-08-16T23:22:18.0898977Z Secret source: Actions
2025-08-16T23:22:18.0899747Z Prepare workflow directory
2025-08-16T23:22:18.1312039Z Prepare all required actions
2025-08-16T23:22:18.1350184Z Getting action download info
2025-08-16T23:22:18.5522574Z Download action repository 'actions/checkout@v4' (SHA:08eba0b27e820071cde6df949e0beb9ba4906955)
2025-08-16T23:22:19.1063969Z Download action repository 'actions/setup-python@v5' (SHA:a26af69be951a213d495a4c3e4e4022e16d87065)
2025-08-16T23:22:19.7206983Z Complete job name: migrations-check
2025-08-16T23:22:19.7702959Z ##[group]Checking docker version
2025-08-16T23:22:19.7715565Z ##[command]/usr/bin/docker version --format '{{.Server.APIVersion}}'
2025-08-16T23:22:19.8438277Z '1.48'
2025-08-16T23:22:19.8450211Z Docker daemon API version: '1.48'
2025-08-16T23:22:19.8450975Z ##[command]/usr/bin/docker version --format '{{.Client.APIVersion}}'
2025-08-16T23:22:19.8604084Z '1.48'
2025-08-16T23:22:19.8617092Z Docker client API version: '1.48'
2025-08-16T23:22:19.8622519Z ##[endgroup]
2025-08-16T23:22:19.8625999Z ##[group]Clean up resources from previous jobs
2025-08-16T23:22:19.8631673Z ##[command]/usr/bin/docker ps --all --quiet --no-trunc --filter "label=a95520"
2025-08-16T23:22:19.8765025Z ##[command]/usr/bin/docker network prune --force --filter "label=a95520"
2025-08-16T23:22:19.8893195Z ##[endgroup]
2025-08-16T23:22:19.8893711Z ##[group]Create local container network
2025-08-16T23:22:19.8903805Z ##[command]/usr/bin/docker network create --label a95520 github_network_07b5f174ffba4263bb46a67f6c35f796
2025-08-16T23:22:19.9374532Z 3f4d2817efbb8b4f898b25475ef2a55e415fbc1bf819b4d8c94950e13df2c3fc
2025-08-16T23:22:19.9392818Z ##[endgroup]
2025-08-16T23:22:19.9417235Z ##[group]Starting postgres service container
2025-08-16T23:22:19.9436755Z ##[command]/usr/bin/docker pull postgres:15
2025-08-16T23:22:20.9568363Z 15: Pulling from library/postgres
2025-08-16T23:22:21.2083641Z 396b1da7636e: Pulling fs layer
2025-08-16T23:22:21.2085317Z fca2566eba32: Pulling fs layer
2025-08-16T23:22:21.2086051Z 631fe8c6d606: Pulling fs layer
2025-08-16T23:22:21.2087158Z 77c7671c4414: Pulling fs layer
2025-08-16T23:22:21.2088424Z 2d9e29180a27: Pulling fs layer
2025-08-16T23:22:21.2089352Z c6bcc2c9a041: Pulling fs layer
2025-08-16T23:22:21.2090528Z ac4b721eb66f: Pulling fs layer
2025-08-16T23:22:21.2091217Z 606bd164980e: Pulling fs layer
2025-08-16T23:22:21.2091918Z f5dfd246bc6e: Pulling fs layer
2025-08-16T23:22:21.2092620Z ba7036bb0a60: Pulling fs layer
2025-08-16T23:22:21.2093301Z 799f859abbbd: Pulling fs layer
2025-08-16T23:22:21.2093974Z d903e777080c: Pulling fs layer
2025-08-16T23:22:21.2094643Z 04adcb462801: Pulling fs layer
2025-08-16T23:22:21.2095323Z 5c10925b29ff: Pulling fs layer
2025-08-16T23:22:21.2096028Z 2d9e29180a27: Waiting
2025-08-16T23:22:21.2096660Z c6bcc2c9a041: Waiting
2025-08-16T23:22:21.2097515Z ac4b721eb66f: Waiting
2025-08-16T23:22:21.2098241Z 606bd164980e: Waiting
2025-08-16T23:22:21.2098885Z f5dfd246bc6e: Waiting
2025-08-16T23:22:21.2099588Z d903e777080c: Waiting
2025-08-16T23:22:21.2100222Z 04adcb462801: Waiting
2025-08-16T23:22:21.2100856Z ba7036bb0a60: Waiting
2025-08-16T23:22:21.2101505Z 5c10925b29ff: Waiting
2025-08-16T23:22:21.2102136Z 799f859abbbd: Waiting
2025-08-16T23:22:21.2102797Z 77c7671c4414: Waiting
2025-08-16T23:22:21.4877715Z fca2566eba32: Verifying Checksum
2025-08-16T23:22:21.4879343Z fca2566eba32: Download complete
2025-08-16T23:22:21.5917965Z 631fe8c6d606: Verifying Checksum
2025-08-16T23:22:21.5919719Z 631fe8c6d606: Download complete
2025-08-16T23:22:21.8360985Z 77c7671c4414: Verifying Checksum
2025-08-16T23:22:21.8361551Z 77c7671c4414: Download complete
2025-08-16T23:22:21.8369542Z 396b1da7636e: Verifying Checksum
2025-08-16T23:22:21.8370300Z 396b1da7636e: Download complete
2025-08-16T23:22:22.0116546Z 2d9e29180a27: Verifying Checksum
2025-08-16T23:22:22.0117901Z 2d9e29180a27: Download complete
2025-08-16T23:22:22.1148465Z ac4b721eb66f: Verifying Checksum
2025-08-16T23:22:22.1151197Z ac4b721eb66f: Download complete
2025-08-16T23:22:22.1361193Z c6bcc2c9a041: Verifying Checksum
2025-08-16T23:22:22.1361654Z c6bcc2c9a041: Download complete
2025-08-16T23:22:22.2985079Z 606bd164980e: Verifying Checksum
2025-08-16T23:22:22.2985744Z 606bd164980e: Download complete
2025-08-16T23:22:22.4231792Z ba7036bb0a60: Verifying Checksum
2025-08-16T23:22:22.4232322Z ba7036bb0a60: Download complete
2025-08-16T23:22:22.5907657Z 799f859abbbd: Verifying Checksum
2025-08-16T23:22:22.5908193Z 799f859abbbd: Download complete
2025-08-16T23:22:22.7174785Z d903e777080c: Verifying Checksum
2025-08-16T23:22:22.7175700Z d903e777080c: Download complete
2025-08-16T23:22:22.7787896Z 396b1da7636e: Pull complete
2025-08-16T23:22:22.8628010Z fca2566eba32: Pull complete
2025-08-16T23:22:22.8836089Z 04adcb462801: Verifying Checksum
2025-08-16T23:22:22.8836650Z 04adcb462801: Download complete
2025-08-16T23:22:23.0075914Z 5c10925b29ff: Download complete
2025-08-16T23:22:23.0450927Z 631fe8c6d606: Pull complete
2025-08-16T23:22:23.0876476Z 77c7671c4414: Pull complete
2025-08-16T23:22:23.3931638Z 2d9e29180a27: Pull complete
2025-08-16T23:22:23.4839727Z c6bcc2c9a041: Pull complete
2025-08-16T23:22:23.4970537Z ac4b721eb66f: Pull complete
2025-08-16T23:22:23.5087844Z 606bd164980e: Pull complete
2025-08-16T23:22:25.0010001Z f5dfd246bc6e: Verifying Checksum
2025-08-16T23:22:25.0010639Z f5dfd246bc6e: Download complete
2025-08-16T23:22:27.9173556Z f5dfd246bc6e: Pull complete
2025-08-16T23:22:27.9381898Z ba7036bb0a60: Pull complete
2025-08-16T23:22:27.9496436Z 799f859abbbd: Pull complete
2025-08-16T23:22:27.9616049Z d903e777080c: Pull complete
2025-08-16T23:22:27.9745690Z 04adcb462801: Pull complete
2025-08-16T23:22:27.9892308Z 5c10925b29ff: Pull complete
2025-08-16T23:22:27.9934492Z Digest: sha256:bc51cf4f1fe02cce7ed2370b20128a9b00b4eb804573a77d2a0d877aaa9c82b1
2025-08-16T23:22:27.9950550Z Status: Downloaded newer image for postgres:15
2025-08-16T23:22:27.9963373Z docker.io/library/postgres:15
2025-08-16T23:22:28.0022312Z ##[command]/usr/bin/docker create --name b84458d7dcec478d9ec35070ed12069f_postgres15_8aeb99 --label a95520 --network github_network_07b5f174ffba4263bb46a67f6c35f796 --network-alias postgres -p 5432:5432 --health-cmd="pg_isready -U postgres -d awa" --health-interval=5s --health-timeout=5s --health-retries=10 -e "POSTGRES_USER=postgres" -e "POSTGRES_PASSWORD=pass" -e "POSTGRES_DB=awa" -e GITHUB_ACTIONS=true -e CI=true postgres:15
2025-08-16T23:22:28.0309787Z 4021b6276c325cd6419d1072ca3995a2d9eb4b9295d4cff82e50a85cd7b8fc06
2025-08-16T23:22:28.0333703Z ##[command]/usr/bin/docker start 4021b6276c325cd6419d1072ca3995a2d9eb4b9295d4cff82e50a85cd7b8fc06
2025-08-16T23:22:28.2411502Z 4021b6276c325cd6419d1072ca3995a2d9eb4b9295d4cff82e50a85cd7b8fc06
2025-08-16T23:22:28.2433443Z ##[command]/usr/bin/docker ps --all --filter id=4021b6276c325cd6419d1072ca3995a2d9eb4b9295d4cff82e50a85cd7b8fc06 --filter status=running --no-trunc --format "{{.ID}} {{.Status}}"
2025-08-16T23:22:28.2563743Z 4021b6276c325cd6419d1072ca3995a2d9eb4b9295d4cff82e50a85cd7b8fc06 Up Less than a second (health: starting)
2025-08-16T23:22:28.2583786Z ##[command]/usr/bin/docker port 4021b6276c325cd6419d1072ca3995a2d9eb4b9295d4cff82e50a85cd7b8fc06
2025-08-16T23:22:28.2705866Z 5432/tcp -> 0.0.0.0:5432
2025-08-16T23:22:28.2706313Z 5432/tcp -> [::]:5432
2025-08-16T23:22:28.2756791Z ##[endgroup]
2025-08-16T23:22:28.2765438Z ##[group]Waiting for all services to be ready
2025-08-16T23:22:28.2778760Z ##[command]/usr/bin/docker inspect --format="{{if .Config.Healthcheck}}{{print .State.Health.Status}}{{end}}" 4021b6276c325cd6419d1072ca3995a2d9eb4b9295d4cff82e50a85cd7b8fc06
2025-08-16T23:22:28.2910042Z starting
2025-08-16T23:22:28.2934090Z postgres service is starting, waiting 2 seconds before checking again.
2025-08-16T23:22:30.2933703Z ##[command]/usr/bin/docker inspect --format="{{if .Config.Healthcheck}}{{print .State.Health.Status}}{{end}}" 4021b6276c325cd6419d1072ca3995a2d9eb4b9295d4cff82e50a85cd7b8fc06
2025-08-16T23:22:30.3052609Z starting
2025-08-16T23:22:30.3065776Z postgres service is starting, waiting 4 seconds before checking again.
2025-08-16T23:22:34.3894825Z ##[command]/usr/bin/docker inspect --format="{{if .Config.Healthcheck}}{{print .State.Health.Status}}{{end}}" 4021b6276c325cd6419d1072ca3995a2d9eb4b9295d4cff82e50a85cd7b8fc06
2025-08-16T23:22:34.4014587Z healthy
2025-08-16T23:22:34.4036405Z postgres service is healthy.
2025-08-16T23:22:34.4037069Z ##[endgroup]
2025-08-16T23:22:34.4292055Z ##[group]Run actions/checkout@v4
2025-08-16T23:22:34.4292818Z with:
2025-08-16T23:22:34.4293075Z   repository: AlexBomber12/AWA-App
2025-08-16T23:22:34.4293540Z   token: ***
2025-08-16T23:22:34.4293864Z   ssh-strict: true
2025-08-16T23:22:34.4294170Z   ssh-user: git
2025-08-16T23:22:34.4294409Z   persist-credentials: true
2025-08-16T23:22:34.4294753Z   clean: true
2025-08-16T23:22:34.4295021Z   sparse-checkout-cone-mode: true
2025-08-16T23:22:34.4295298Z   fetch-depth: 1
2025-08-16T23:22:34.4295599Z   fetch-tags: false
2025-08-16T23:22:34.4295831Z   show-progress: true
2025-08-16T23:22:34.4296126Z   lfs: false
2025-08-16T23:22:34.4296366Z   submodules: false
2025-08-16T23:22:34.4296650Z   set-safe-directory: true
2025-08-16T23:22:34.4297142Z ##[endgroup]
2025-08-16T23:22:34.5342188Z Syncing repository: AlexBomber12/AWA-App
2025-08-16T23:22:34.5343690Z ##[group]Getting Git version info
2025-08-16T23:22:34.5344171Z Working directory is '/home/runner/work/AWA-App/AWA-App'
2025-08-16T23:22:34.5344973Z [command]/usr/bin/git version
2025-08-16T23:22:34.5430682Z git version 2.50.1
2025-08-16T23:22:34.5455611Z ##[endgroup]
2025-08-16T23:22:34.5468708Z Temporarily overriding HOME='/home/runner/work/_temp/4751651c-408c-49ff-86fe-b3f06be65849' before making global git config changes
2025-08-16T23:22:34.5469683Z Adding repository directory to the temporary git global config as a safe directory
2025-08-16T23:22:34.5473487Z [command]/usr/bin/git config --global --add safe.directory /home/runner/work/AWA-App/AWA-App
2025-08-16T23:22:34.5520579Z Deleting the contents of '/home/runner/work/AWA-App/AWA-App'
2025-08-16T23:22:34.5583538Z ##[group]Initializing the repository
2025-08-16T23:22:34.5584107Z [command]/usr/bin/git init /home/runner/work/AWA-App/AWA-App
2025-08-16T23:22:34.5602823Z hint: Using 'master' as the name for the initial branch. This default branch name
2025-08-16T23:22:34.5603712Z hint: is subject to change. To configure the initial branch name to use in all
2025-08-16T23:22:34.5604169Z hint: of your new repositories, which will suppress this warning, call:
2025-08-16T23:22:34.5604496Z hint:
2025-08-16T23:22:34.5604738Z hint: 	git config --global init.defaultBranch <name>
2025-08-16T23:22:34.5605005Z hint:
2025-08-16T23:22:34.5605267Z hint: Names commonly chosen instead of 'master' are 'main', 'trunk' and
2025-08-16T23:22:34.5605697Z hint: 'development'. The just-created branch can be renamed via this command:
2025-08-16T23:22:34.5606008Z hint:
2025-08-16T23:22:34.5606181Z hint: 	git branch -m <name>
2025-08-16T23:22:34.5606364Z hint:
2025-08-16T23:22:34.5606637Z hint: Disable this message with "git config set advice.defaultBranchName false"
2025-08-16T23:22:34.5607920Z Initialized empty Git repository in /home/runner/work/AWA-App/AWA-App/.git/
2025-08-16T23:22:34.5619034Z [command]/usr/bin/git remote add origin https://github.com/AlexBomber12/AWA-App
2025-08-16T23:22:34.5650717Z ##[endgroup]
2025-08-16T23:22:34.5651098Z ##[group]Disabling automatic garbage collection
2025-08-16T23:22:34.5654901Z [command]/usr/bin/git config --local gc.auto 0
2025-08-16T23:22:34.5681239Z ##[endgroup]
2025-08-16T23:22:34.5681737Z ##[group]Setting up auth
2025-08-16T23:22:34.5688496Z [command]/usr/bin/git config --local --name-only --get-regexp core\.sshCommand
2025-08-16T23:22:34.5716408Z [command]/usr/bin/git submodule foreach --recursive sh -c "git config --local --name-only --get-regexp 'core\.sshCommand' && git config --local --unset-all 'core.sshCommand' || :"
2025-08-16T23:22:34.6037433Z [command]/usr/bin/git config --local --name-only --get-regexp http\.https\:\/\/github\.com\/\.extraheader
2025-08-16T23:22:34.6065683Z [command]/usr/bin/git submodule foreach --recursive sh -c "git config --local --name-only --get-regexp 'http\.https\:\/\/github\.com\/\.extraheader' && git config --local --unset-all 'http.https://github.com/.extraheader' || :"
2025-08-16T23:22:34.6281284Z [command]/usr/bin/git config --local http.https://github.com/.extraheader AUTHORIZATION: basic ***
2025-08-16T23:22:34.6314532Z ##[endgroup]
2025-08-16T23:22:34.6315243Z ##[group]Fetching the repository
2025-08-16T23:22:34.6323467Z [command]/usr/bin/git -c protocol.version=2 fetch --no-tags --prune --no-recurse-submodules --depth=1 origin +0af1ad3ec9573e8749b4126fb8f9246b3493f245:refs/remotes/pull/215/merge
2025-08-16T23:22:35.1282652Z From https://github.com/AlexBomber12/AWA-App
2025-08-16T23:22:35.1283375Z  * [new ref]         0af1ad3ec9573e8749b4126fb8f9246b3493f245 -> pull/215/merge
2025-08-16T23:22:35.1310133Z ##[endgroup]
2025-08-16T23:22:35.1310715Z ##[group]Determining the checkout info
2025-08-16T23:22:35.1312791Z ##[endgroup]
2025-08-16T23:22:35.1317875Z [command]/usr/bin/git sparse-checkout disable
2025-08-16T23:22:35.1354602Z [command]/usr/bin/git config --local --unset-all extensions.worktreeConfig
2025-08-16T23:22:35.1380730Z ##[group]Checking out the ref
2025-08-16T23:22:35.1384249Z [command]/usr/bin/git checkout --progress --force refs/remotes/pull/215/merge
2025-08-16T23:22:35.1676967Z Note: switching to 'refs/remotes/pull/215/merge'.
2025-08-16T23:22:35.1677592Z 
2025-08-16T23:22:35.1677944Z You are in 'detached HEAD' state. You can look around, make experimental
2025-08-16T23:22:35.1678736Z changes and commit them, and you can discard any commits you make in this
2025-08-16T23:22:35.1679504Z state without impacting any branches by switching back to a branch.
2025-08-16T23:22:35.1679926Z 
2025-08-16T23:22:35.1680243Z If you want to create a new branch to retain commits you create, you may
2025-08-16T23:22:35.1680926Z do so (now or later) by using -c with the switch command. Example:
2025-08-16T23:22:35.1681307Z 
2025-08-16T23:22:35.1681476Z   git switch -c <new-branch-name>
2025-08-16T23:22:35.1681745Z 
2025-08-16T23:22:35.1681902Z Or undo this operation with:
2025-08-16T23:22:35.1682136Z 
2025-08-16T23:22:35.1682265Z   git switch -
2025-08-16T23:22:35.1682435Z 
2025-08-16T23:22:35.1682794Z Turn off this advice by setting config variable advice.detachedHead to false
2025-08-16T23:22:35.1683477Z 
2025-08-16T23:22:35.1683853Z HEAD is now at 0af1ad3 Merge 362ec6cd16aca539d4402500a3717e4e1c13e1e8 into 876bcd313baad1352da4c0eeb899bc1a61f89263
2025-08-16T23:22:35.1687055Z ##[endgroup]
2025-08-16T23:22:35.1718799Z [command]/usr/bin/git log -1 --format=%H
2025-08-16T23:22:35.1739263Z 0af1ad3ec9573e8749b4126fb8f9246b3493f245
2025-08-16T23:22:35.1899474Z ##[group]Run cat .env.ci >> "$GITHUB_ENV"
2025-08-16T23:22:35.1899817Z [36;1mcat .env.ci >> "$GITHUB_ENV"[0m
2025-08-16T23:22:35.1900517Z [36;1mecho "DATABASE_URL=***localhost:5432/awa" >> "$GITHUB_ENV"[0m
2025-08-16T23:22:35.1900861Z [36;1mecho "PG_HOST=localhost" >> "$GITHUB_ENV"[0m
2025-08-16T23:22:35.1901143Z [36;1mecho "PG_PORT=5432" >> "$GITHUB_ENV"[0m
2025-08-16T23:22:35.1901420Z [36;1mecho "PG_USER=postgres" >> "$GITHUB_ENV"[0m
2025-08-16T23:22:35.1901689Z [36;1mecho "PG_PASSWORD=pass" >> "$GITHUB_ENV"[0m
2025-08-16T23:22:35.1901958Z [36;1mecho "PG_DATABASE=awa" >> "$GITHUB_ENV"[0m
2025-08-16T23:22:35.1947709Z shell: /usr/bin/bash -e {0}
2025-08-16T23:22:35.1947960Z ##[endgroup]
2025-08-16T23:22:35.2121114Z ##[group]Run actions/setup-python@v5
2025-08-16T23:22:35.2121378Z with:
2025-08-16T23:22:35.2121546Z   python-version: 3.12
2025-08-16T23:22:35.2121734Z   cache: pip
2025-08-16T23:22:35.2121931Z   cache-dependency-path: requirements-dev.txt
2025-08-16T23:22:35.2122192Z   check-latest: false
2025-08-16T23:22:35.2122494Z   token: ***
2025-08-16T23:22:35.2122669Z   update-environment: true
2025-08-16T23:22:35.2122882Z   allow-prereleases: false
2025-08-16T23:22:35.2123070Z   freethreaded: false
2025-08-16T23:22:35.2123246Z env:
2025-08-16T23:22:35.2123393Z   PG_USER: postgres
2025-08-16T23:22:35.2123569Z   PG_PASSWORD: pass
2025-08-16T23:22:35.2123735Z   PG_DATABASE: awa
2025-08-16T23:22:35.2123904Z   PG_HOST: localhost
2025-08-16T23:22:35.2124077Z   PG_PORT: 5432
2025-08-16T23:22:35.2124436Z   PG_SYNC_DSN: ***localhost:5432/awa
2025-08-16T23:22:35.2124814Z   PG_ASYNC_DSN: ***localhost:5432/awa
2025-08-16T23:22:35.2125205Z   DATABASE_URL: ***localhost:5432/awa
2025-08-16T23:22:35.2125454Z   DATA_DIR: /tmp/awa-data
2025-08-16T23:22:35.2125636Z   ENABLE_LIVE: 0
2025-08-16T23:22:35.2125797Z   TESTING: 1
2025-08-16T23:22:35.2125947Z ##[endgroup]
2025-08-16T23:22:35.3736566Z ##[group]Installed versions
2025-08-16T23:22:35.3845187Z Successfully set up CPython (3.12.11)
2025-08-16T23:22:35.3845973Z ##[endgroup]
2025-08-16T23:22:35.4188092Z [command]/opt/hostedtoolcache/Python/3.12.11/x64/bin/pip cache dir
2025-08-16T23:22:36.7524628Z /home/runner/.cache/pip
2025-08-16T23:22:37.0551170Z Cache hit for: setup-python-Linux-x64-24.04-Ubuntu-python-3.12.11-pip-dee7c0c28332ec2ebb5d2650fb0d2cfddf025b3b0e96b0c826645ad2cb717961
2025-08-16T23:22:38.3829528Z Received 0 of 271557671 (0.0%), 0.0 MBs/sec
2025-08-16T23:22:39.3839292Z Received 104857600 of 271557671 (38.6%), 50.0 MBs/sec
2025-08-16T23:22:40.3899555Z Received 230686720 of 271557671 (84.9%), 73.3 MBs/sec
2025-08-16T23:22:40.8531460Z Received 271557671 of 271557671 (100.0%), 74.6 MBs/sec
2025-08-16T23:22:40.8533808Z Cache Size: ~259 MB (271557671 B)
2025-08-16T23:22:40.8586789Z [command]/usr/bin/tar -xf /home/runner/work/_temp/c42c557e-3122-4d31-9f4b-bb3abed68a65/cache.tzst -P -C /home/runner/work/AWA-App/AWA-App --use-compress-program unzstd
2025-08-16T23:22:41.3046854Z Cache restored successfully
2025-08-16T23:22:41.3564039Z Cache restored from key: setup-python-Linux-x64-24.04-Ubuntu-python-3.12.11-pip-dee7c0c28332ec2ebb5d2650fb0d2cfddf025b3b0e96b0c826645ad2cb717961
2025-08-16T23:22:41.3701023Z ##[group]Run pip install -r requirements-dev.txt
2025-08-16T23:22:41.3701448Z [36;1mpip install -r requirements-dev.txt[0m
2025-08-16T23:22:41.3701742Z [36;1mpip install keepa==1.3.15 minio==7.1.15[0m
2025-08-16T23:22:41.3744478Z shell: /usr/bin/bash -e {0}
2025-08-16T23:22:41.3744707Z env:
2025-08-16T23:22:41.3744882Z   PG_USER: postgres
2025-08-16T23:22:41.3745075Z   PG_PASSWORD: pass
2025-08-16T23:22:41.3745263Z   PG_DATABASE: awa
2025-08-16T23:22:41.3745616Z   PG_HOST: localhost
2025-08-16T23:22:41.3745796Z   PG_PORT: 5432
2025-08-16T23:22:41.3746293Z   PG_SYNC_DSN: ***localhost:5432/awa
2025-08-16T23:22:41.3746747Z   PG_ASYNC_DSN: ***localhost:5432/awa
2025-08-16T23:22:41.3747115Z   DATABASE_URL: ***localhost:5432/awa
2025-08-16T23:22:41.3747570Z   DATA_DIR: /tmp/awa-data
2025-08-16T23:22:41.3747779Z   ENABLE_LIVE: 0
2025-08-16T23:22:41.3747949Z   TESTING: 1
2025-08-16T23:22:41.3748186Z   pythonLocation: /opt/hostedtoolcache/Python/3.12.11/x64
2025-08-16T23:22:41.3748701Z   PKG_CONFIG_PATH: /opt/hostedtoolcache/Python/3.12.11/x64/lib/pkgconfig
2025-08-16T23:22:41.3749093Z   Python_ROOT_DIR: /opt/hostedtoolcache/Python/3.12.11/x64
2025-08-16T23:22:41.3749434Z   Python2_ROOT_DIR: /opt/hostedtoolcache/Python/3.12.11/x64
2025-08-16T23:22:41.3749782Z   Python3_ROOT_DIR: /opt/hostedtoolcache/Python/3.12.11/x64
2025-08-16T23:22:41.3750120Z   LD_LIBRARY_PATH: /opt/hostedtoolcache/Python/3.12.11/x64/lib
2025-08-16T23:22:41.3750411Z ##[endgroup]
2025-08-16T23:22:42.7814381Z Collecting Jinja2==3.1.6 (from -r requirements-dev.txt (line 2))
2025-08-16T23:22:42.7827477Z   Using cached jinja2-3.1.6-py3-none-any.whl.metadata (2.9 kB)
2025-08-16T23:22:42.8047919Z Collecting alembic==1.13.1 (from -r requirements-dev.txt (line 3))
2025-08-16T23:22:42.8059689Z   Using cached alembic-1.13.1-py3-none-any.whl.metadata (7.4 kB)
2025-08-16T23:22:42.8219226Z Collecting apscheduler==3.10.4 (from -r requirements-dev.txt (line 4))
2025-08-16T23:22:42.8230353Z   Using cached APScheduler-3.10.4-py3-none-any.whl.metadata (5.7 kB)
2025-08-16T23:22:42.8625819Z Collecting asyncpg==0.30.0 (from -r requirements-dev.txt (line 5))
2025-08-16T23:22:42.8637465Z   Using cached asyncpg-0.30.0-cp312-cp312-manylinux_2_17_x86_64.manylinux2014_x86_64.whl.metadata (5.0 kB)
2025-08-16T23:22:42.9055676Z Collecting black==25.1.0 (from -r requirements-dev.txt (line 6))
2025-08-16T23:22:42.9067711Z   Using cached black-25.1.0-cp312-cp312-manylinux_2_17_x86_64.manylinux2014_x86_64.manylinux_2_28_x86_64.whl.metadata (81 kB)
2025-08-16T23:22:43.2558986Z Collecting boto3 (from -r requirements-dev.txt (line 7))
2025-08-16T23:22:43.2910047Z   Downloading boto3-1.40.11-py3-none-any.whl.metadata (6.7 kB)
2025-08-16T23:22:43.3236720Z Collecting celery==5.4.0 (from -r requirements-dev.txt (line 8))
2025-08-16T23:22:43.3252804Z   Using cached celery-5.4.0-py3-none-any.whl.metadata (21 kB)
2025-08-16T23:22:43.3841019Z Collecting fastapi==0.116.1 (from -r requirements-dev.txt (line 9))
2025-08-16T23:22:43.3856643Z   Using cached fastapi-0.116.1-py3-none-any.whl.metadata (28 kB)
2025-08-16T23:22:43.4272510Z Collecting httpx<0.29,>=0.27 (from -r requirements-dev.txt (line 11))
2025-08-16T23:22:43.4301481Z   Using cached httpx-0.28.1-py3-none-any.whl.metadata (7.1 kB)
2025-08-16T23:22:43.6009178Z Collecting imapclient==3.0.1 (from -r requirements-dev.txt (line 12))
2025-08-16T23:22:43.6021738Z   Using cached IMAPClient-3.0.1-py2.py3-none-any.whl.metadata (1.7 kB)
2025-08-16T23:22:43.6108716Z Collecting itsdangerous (from -r requirements-dev.txt (line 13))
2025-08-16T23:22:43.6121040Z   Using cached itsdangerous-2.2.0-py3-none-any.whl.metadata (1.9 kB)
2025-08-16T23:22:43.7069289Z Collecting mypy==1.* (from -r requirements-dev.txt (line 14))
2025-08-16T23:22:43.7089003Z   Using cached mypy-1.17.1-cp312-cp312-manylinux2014_x86_64.manylinux_2_17_x86_64.manylinux_2_28_x86_64.whl.metadata (2.2 kB)
2025-08-16T23:22:43.7184303Z Collecting mypy-extensions==1.1.0 (from -r requirements-dev.txt (line 15))
2025-08-16T23:22:43.7195542Z   Using cached mypy_extensions-1.1.0-py3-none-any.whl.metadata (1.1 kB)
2025-08-16T23:22:43.7327590Z Collecting openpyxl==3.1.5 (from -r requirements-dev.txt (line 16))
2025-08-16T23:22:43.7338611Z   Using cached openpyxl-3.1.5-py2.py3-none-any.whl.metadata (2.5 kB)
2025-08-16T23:22:43.8336239Z Collecting pandas==2.3.1 (from -r requirements-dev.txt (line 17))
2025-08-16T23:22:43.8349485Z   Using cached pandas-2.3.1-cp312-cp312-manylinux_2_17_x86_64.manylinux2014_x86_64.whl.metadata (91 kB)
2025-08-16T23:22:43.9448324Z Collecting psycopg2-binary==2.9.9 (from -r requirements-dev.txt (line 18))
2025-08-16T23:22:43.9460706Z   Using cached psycopg2_binary-2.9.9-cp312-cp312-manylinux_2_17_x86_64.manylinux2014_x86_64.whl.metadata (4.4 kB)
2025-08-16T23:22:43.9617480Z Collecting psycopg==3.2.9 (from psycopg[binary]==3.2.9->-r requirements-dev.txt (line 19))
2025-08-16T23:22:43.9628918Z   Using cached psycopg-3.2.9-py3-none-any.whl.metadata (4.5 kB)
2025-08-16T23:22:44.0691042Z Collecting pydantic==2.11.7 (from -r requirements-dev.txt (line 20))
2025-08-16T23:22:44.0704043Z   Using cached pydantic-2.11.7-py3-none-any.whl.metadata (67 kB)
2025-08-16T23:22:44.1925757Z Collecting setuptools (from -r requirements-dev.txt (line 21))
2025-08-16T23:22:44.1938771Z   Using cached setuptools-80.9.0-py3-none-any.whl.metadata (6.6 kB)
2025-08-16T23:22:44.2194438Z Collecting pytest-asyncio==0.23.6 (from -r requirements-dev.txt (line 22))
2025-08-16T23:22:44.2206050Z   Using cached pytest_asyncio-0.23.6-py3-none-any.whl.metadata (3.9 kB)
2025-08-16T23:22:44.2332561Z Collecting pytest-cov==6.2.1 (from -r requirements-dev.txt (line 23))
2025-08-16T23:22:44.2344092Z   Using cached pytest_cov-6.2.1-py3-none-any.whl.metadata (30 kB)
2025-08-16T23:22:44.2501097Z Collecting pytest-postgresql==7.0.2 (from -r requirements-dev.txt (line 24))
2025-08-16T23:22:44.2512445Z   Using cached pytest_postgresql-7.0.2-py3-none-any.whl.metadata (18 kB)
2025-08-16T23:22:44.2668992Z Collecting python-dotenv (from -r requirements-dev.txt (line 25))
2025-08-16T23:22:44.2680783Z   Using cached python_dotenv-1.1.1-py3-none-any.whl.metadata (24 kB)
2025-08-16T23:22:44.2795577Z Collecting python-multipart (from -r requirements-dev.txt (line 26))
2025-08-16T23:22:44.2807493Z   Using cached python_multipart-0.0.20-py3-none-any.whl.metadata (1.8 kB)
2025-08-16T23:22:44.3083414Z Collecting python-telegram-bot==22.2 (from -r requirements-dev.txt (line 27))
2025-08-16T23:22:44.3095193Z   Using cached python_telegram_bot-22.2-py3-none-any.whl.metadata (17 kB)
2025-08-16T23:22:44.3379578Z Collecting requests==2.32.4 (from -r requirements-dev.txt (line 28))
2025-08-16T23:22:44.3391316Z   Using cached requests-2.32.4-py3-none-any.whl.metadata (4.9 kB)
2025-08-16T23:22:44.3542410Z Collecting respx==0.22.0 (from -r requirements-dev.txt (line 29))
2025-08-16T23:22:44.3554240Z   Using cached respx-0.22.0-py2.py3-none-any.whl.metadata (4.1 kB)
2025-08-16T23:22:44.7156112Z Collecting ruff==0.4.4 (from -r requirements-dev.txt (line 30))
2025-08-16T23:22:44.7169611Z   Using cached ruff-0.4.4-py3-none-manylinux_2_17_x86_64.manylinux2014_x86_64.whl.metadata (23 kB)
2025-08-16T23:22:44.9675857Z Collecting sqlalchemy==2.0.29 (from -r requirements-dev.txt (line 31))
2025-08-16T23:22:44.9689828Z   Using cached SQLAlchemy-2.0.29-cp312-cp312-manylinux_2_17_x86_64.manylinux2014_x86_64.whl.metadata (9.6 kB)
2025-08-16T23:22:45.0324790Z Collecting testcontainers==4.10.0 (from testcontainers[postgres]==4.10.0->-r requirements-dev.txt (line 32))
2025-08-16T23:22:45.0336288Z   Using cached testcontainers-4.10.0-py3-none-any.whl.metadata (7.8 kB)
2025-08-16T23:22:45.0704369Z Collecting types-requests==2.32.0.20240602 (from -r requirements-dev.txt (line 33))
2025-08-16T23:22:45.0716043Z   Using cached types_requests-2.32.0.20240602-py3-none-any.whl.metadata (1.8 kB)
2025-08-16T23:22:45.1556645Z Collecting docspec-python==2.2.2 (from -r requirements-dev.txt (line 34))
2025-08-16T23:22:45.1567917Z   Using cached docspec_python-2.2.2-py3-none-any.whl.metadata (1.0 kB)
2025-08-16T23:22:45.2433043Z Collecting pydoc-markdown==4.8.2 (from -r requirements-dev.txt (line 35))
2025-08-16T23:22:45.2444232Z   Using cached pydoc_markdown-4.8.2-py3-none-any.whl.metadata (5.9 kB)
2025-08-16T23:22:45.2938474Z Collecting MarkupSafe>=2.0 (from Jinja2==3.1.6->-r requirements-dev.txt (line 2))
2025-08-16T23:22:45.2950730Z   Using cached MarkupSafe-3.0.2-cp312-cp312-manylinux_2_17_x86_64.manylinux2014_x86_64.whl.metadata (4.0 kB)
2025-08-16T23:22:45.3221925Z Collecting Mako (from alembic==1.13.1->-r requirements-dev.txt (line 3))
2025-08-16T23:22:45.3233402Z   Using cached mako-1.3.10-py3-none-any.whl.metadata (2.9 kB)
2025-08-16T23:22:45.3391008Z Collecting typing-extensions>=4 (from alembic==1.13.1->-r requirements-dev.txt (line 3))
2025-08-16T23:22:45.3402803Z   Using cached typing_extensions-4.14.1-py3-none-any.whl.metadata (3.0 kB)
2025-08-16T23:22:45.3520882Z Collecting six>=1.4.0 (from apscheduler==3.10.4->-r requirements-dev.txt (line 4))
2025-08-16T23:22:45.3532466Z   Using cached six-1.17.0-py2.py3-none-any.whl.metadata (1.7 kB)
2025-08-16T23:22:45.3856640Z Collecting pytz (from apscheduler==3.10.4->-r requirements-dev.txt (line 4))
2025-08-16T23:22:45.3869212Z   Using cached pytz-2025.2-py2.py3-none-any.whl.metadata (22 kB)
2025-08-16T23:22:45.4020016Z Collecting tzlocal!=3.*,>=2.0 (from apscheduler==3.10.4->-r requirements-dev.txt (line 4))
2025-08-16T23:22:45.4031439Z   Using cached tzlocal-5.3.1-py3-none-any.whl.metadata (7.6 kB)
2025-08-16T23:22:45.4207758Z Collecting click>=8.0.0 (from black==25.1.0->-r requirements-dev.txt (line 6))
2025-08-16T23:22:45.4219420Z   Using cached click-8.2.1-py3-none-any.whl.metadata (2.5 kB)
2025-08-16T23:22:45.4361393Z Collecting packaging>=22.0 (from black==25.1.0->-r requirements-dev.txt (line 6))
2025-08-16T23:22:45.4373090Z   Using cached packaging-25.0-py3-none-any.whl.metadata (3.3 kB)
2025-08-16T23:22:45.4475909Z Collecting pathspec>=0.9.0 (from black==25.1.0->-r requirements-dev.txt (line 6))
2025-08-16T23:22:45.4487644Z   Using cached pathspec-0.12.1-py3-none-any.whl.metadata (21 kB)
2025-08-16T23:22:45.4662059Z Collecting platformdirs>=2 (from black==25.1.0->-r requirements-dev.txt (line 6))
2025-08-16T23:22:45.4674162Z   Using cached platformdirs-4.3.8-py3-none-any.whl.metadata (12 kB)
2025-08-16T23:22:45.4869059Z Collecting billiard<5.0,>=4.2.0 (from celery==5.4.0->-r requirements-dev.txt (line 8))
2025-08-16T23:22:45.4880482Z   Using cached billiard-4.2.1-py3-none-any.whl.metadata (4.4 kB)
2025-08-16T23:22:45.5187972Z Collecting kombu<6.0,>=5.3.4 (from celery==5.4.0->-r requirements-dev.txt (line 8))
2025-08-16T23:22:45.5199281Z   Using cached kombu-5.5.4-py3-none-any.whl.metadata (3.5 kB)
2025-08-16T23:22:45.5355504Z Collecting vine<6.0,>=5.1.0 (from celery==5.4.0->-r requirements-dev.txt (line 8))
2025-08-16T23:22:45.5366786Z   Using cached vine-5.1.0-py3-none-any.whl.metadata (2.7 kB)
2025-08-16T23:22:45.5504314Z Collecting click-didyoumean>=0.3.0 (from celery==5.4.0->-r requirements-dev.txt (line 8))
2025-08-16T23:22:45.5515774Z   Using cached click_didyoumean-0.3.1-py3-none-any.whl.metadata (3.9 kB)
2025-08-16T23:22:45.5603592Z Collecting click-repl>=0.2.0 (from celery==5.4.0->-r requirements-dev.txt (line 8))
2025-08-16T23:22:45.5614861Z   Using cached click_repl-0.3.0-py3-none-any.whl.metadata (3.6 kB)
2025-08-16T23:22:45.5710544Z Collecting click-plugins>=1.1.1 (from celery==5.4.0->-r requirements-dev.txt (line 8))
2025-08-16T23:22:45.5721976Z   Using cached click_plugins-1.1.1.2-py2.py3-none-any.whl.metadata (6.5 kB)
2025-08-16T23:22:45.5858653Z Collecting tzdata>=2022.7 (from celery==5.4.0->-r requirements-dev.txt (line 8))
2025-08-16T23:22:45.5870334Z   Using cached tzdata-2025.2-py2.py3-none-any.whl.metadata (1.4 kB)
2025-08-16T23:22:45.5969259Z Collecting python-dateutil>=2.8.2 (from celery==5.4.0->-r requirements-dev.txt (line 8))
2025-08-16T23:22:45.5980892Z   Using cached python_dateutil-2.9.0.post0-py2.py3-none-any.whl.metadata (8.4 kB)
2025-08-16T23:22:45.6246965Z Collecting starlette<0.48.0,>=0.40.0 (from fastapi==0.116.1->-r requirements-dev.txt (line 9))
2025-08-16T23:22:45.6259154Z   Using cached starlette-0.47.2-py3-none-any.whl.metadata (6.2 kB)
2025-08-16T23:22:45.6580054Z Collecting annotated-types>=0.6.0 (from pydantic==2.11.7->-r requirements-dev.txt (line 20))
2025-08-16T23:22:45.6591685Z   Using cached annotated_types-0.7.0-py3-none-any.whl.metadata (15 kB)
2025-08-16T23:22:46.3278226Z Collecting pydantic-core==2.33.2 (from pydantic==2.11.7->-r requirements-dev.txt (line 20))
2025-08-16T23:22:46.3292068Z   Using cached pydantic_core-2.33.2-cp312-cp312-manylinux_2_17_x86_64.manylinux2014_x86_64.whl.metadata (6.8 kB)
2025-08-16T23:22:46.3408546Z Collecting typing-inspection>=0.4.0 (from pydantic==2.11.7->-r requirements-dev.txt (line 20))
2025-08-16T23:22:46.3420442Z   Using cached typing_inspection-0.4.1-py3-none-any.whl.metadata (2.6 kB)
2025-08-16T23:22:46.3514983Z Collecting et-xmlfile (from openpyxl==3.1.5->-r requirements-dev.txt (line 16))
2025-08-16T23:22:46.3526658Z   Using cached et_xmlfile-2.0.0-py3-none-any.whl.metadata (2.7 kB)
2025-08-16T23:22:46.5735501Z Collecting numpy>=1.26.0 (from pandas==2.3.1->-r requirements-dev.txt (line 17))
2025-08-16T23:22:46.5749974Z   Using cached numpy-2.3.2-cp312-cp312-manylinux_2_27_x86_64.manylinux_2_28_x86_64.whl.metadata (62 kB)
2025-08-16T23:22:46.6345224Z Collecting pytest<9,>=7.0.0 (from pytest-asyncio==0.23.6->-r requirements-dev.txt (line 22))
2025-08-16T23:22:46.6357209Z   Using cached pytest-8.4.1-py3-none-any.whl.metadata (7.7 kB)
2025-08-16T23:22:46.9385833Z Collecting coverage>=7.5 (from coverage[toml]>=7.5->pytest-cov==6.2.1->-r requirements-dev.txt (line 23))
2025-08-16T23:22:46.9399839Z   Using cached coverage-7.10.3-cp312-cp312-manylinux1_x86_64.manylinux_2_28_x86_64.manylinux_2_5_x86_64.whl.metadata (8.9 kB)
2025-08-16T23:22:46.9518122Z Collecting pluggy>=1.2 (from pytest-cov==6.2.1->-r requirements-dev.txt (line 23))
2025-08-16T23:22:46.9529647Z   Using cached pluggy-1.6.0-py3-none-any.whl.metadata (4.8 kB)
2025-08-16T23:22:46.9779228Z Collecting port-for>=0.7.3 (from pytest-postgresql==7.0.2->-r requirements-dev.txt (line 24))
2025-08-16T23:22:46.9790626Z   Using cached port_for-0.7.4-py3-none-any.whl.metadata (7.1 kB)
2025-08-16T23:22:46.9928395Z Collecting mirakuru>=2.6.0 (from pytest-postgresql==7.0.2->-r requirements-dev.txt (line 24))
2025-08-16T23:22:46.9939866Z   Using cached mirakuru-2.6.1-py3-none-any.whl.metadata (10 kB)
2025-08-16T23:22:47.0760395Z Collecting charset_normalizer<4,>=2 (from requests==2.32.4->-r requirements-dev.txt (line 28))
2025-08-16T23:22:47.0773255Z   Using cached charset_normalizer-3.4.3-cp312-cp312-manylinux2014_x86_64.manylinux_2_17_x86_64.manylinux_2_28_x86_64.whl.metadata (36 kB)
2025-08-16T23:22:47.0910856Z Collecting idna<4,>=2.5 (from requests==2.32.4->-r requirements-dev.txt (line 28))
2025-08-16T23:22:47.0922277Z   Using cached idna-3.10-py3-none-any.whl.metadata (10 kB)
2025-08-16T23:22:47.1181605Z Collecting urllib3<3,>=1.21.1 (from requests==2.32.4->-r requirements-dev.txt (line 28))
2025-08-16T23:22:47.1193035Z   Using cached urllib3-2.5.0-py3-none-any.whl.metadata (6.5 kB)
2025-08-16T23:22:47.1388089Z Collecting certifi>=2017.4.17 (from requests==2.32.4->-r requirements-dev.txt (line 28))
2025-08-16T23:22:47.1399801Z   Using cached certifi-2025.8.3-py3-none-any.whl.metadata (2.4 kB)
2025-08-16T23:22:47.2631616Z Collecting greenlet!=0.4.17 (from sqlalchemy==2.0.29->-r requirements-dev.txt (line 31))
2025-08-16T23:22:47.2645200Z   Using cached greenlet-3.2.4-cp312-cp312-manylinux_2_24_x86_64.manylinux_2_28_x86_64.whl.metadata (4.1 kB)
2025-08-16T23:22:47.3551601Z Collecting docker (from testcontainers==4.10.0->testcontainers[postgres]==4.10.0->-r requirements-dev.txt (line 32))
2025-08-16T23:22:47.3565218Z   Using cached docker-7.1.0-py3-none-any.whl.metadata (3.8 kB)
2025-08-16T23:22:47.4488378Z Collecting wrapt (from testcontainers==4.10.0->testcontainers[postgres]==4.10.0->-r requirements-dev.txt (line 32))
2025-08-16T23:22:47.4501262Z   Using cached wrapt-1.17.3-cp312-cp312-manylinux1_x86_64.manylinux_2_28_x86_64.manylinux_2_5_x86_64.whl.metadata (6.4 kB)
2025-08-16T23:22:47.5485188Z Collecting docspec==2.2.1 (from docspec-python==2.2.2->-r requirements-dev.txt (line 34))
2025-08-16T23:22:47.5496695Z   Using cached docspec-2.2.1-py3-none-any.whl.metadata (1.5 kB)
2025-08-16T23:22:47.6342414Z Collecting nr-util>=0.8.12 (from docspec-python==2.2.2->-r requirements-dev.txt (line 34))
2025-08-16T23:22:47.6354096Z   Using cached nr.util-0.8.12-py3-none-any.whl.metadata (813 bytes)
2025-08-16T23:22:47.6689696Z Collecting PyYAML<7.0,>=5.0 (from pydoc-markdown==4.8.2->-r requirements-dev.txt (line 35))
2025-08-16T23:22:47.6701583Z   Using cached PyYAML-6.0.2-cp312-cp312-manylinux_2_17_x86_64.manylinux2014_x86_64.whl.metadata (2.1 kB)
2025-08-16T23:22:47.7671465Z Collecting databind.core<5.0.0,>=4.4.0 (from pydoc-markdown==4.8.2->-r requirements-dev.txt (line 35))
2025-08-16T23:22:47.7683072Z   Using cached databind.core-4.5.2-py3-none-any.whl.metadata (1.1 kB)
2025-08-16T23:22:47.8530125Z Collecting databind.json<5.0.0,>=4.4.0 (from pydoc-markdown==4.8.2->-r requirements-dev.txt (line 35))
2025-08-16T23:22:47.8541198Z   Using cached databind.json-4.5.2-py3-none-any.whl.metadata (1.1 kB)
2025-08-16T23:22:47.8703747Z Collecting docstring-parser<0.12,>=0.11 (from pydoc-markdown==4.8.2->-r requirements-dev.txt (line 35))
2025-08-16T23:22:47.8705247Z   Using cached docstring_parser-0.11-py3-none-any.whl
2025-08-16T23:22:47.9015597Z Collecting tomli<3.0.0,>=2.0.0 (from pydoc-markdown==4.8.2->-r requirements-dev.txt (line 35))
2025-08-16T23:22:47.9026981Z   Using cached tomli-2.2.1-cp312-cp312-manylinux_2_17_x86_64.manylinux2014_x86_64.whl.metadata (11 kB)
2025-08-16T23:22:47.9131968Z Collecting tomli_w<2.0.0,>=1.0.0 (from pydoc-markdown==4.8.2->-r requirements-dev.txt (line 35))
2025-08-16T23:22:47.9143824Z   Using cached tomli_w-1.2.0-py3-none-any.whl.metadata (5.7 kB)
2025-08-16T23:22:47.9595830Z Collecting watchdog (from pydoc-markdown==4.8.2->-r requirements-dev.txt (line 35))
2025-08-16T23:22:47.9607545Z   Using cached watchdog-6.0.0-py3-none-manylinux2014_x86_64.whl.metadata (44 kB)
2025-08-16T23:22:47.9811276Z Collecting yapf>=0.30.0 (from pydoc-markdown==4.8.2->-r requirements-dev.txt (line 35))
2025-08-16T23:22:47.9823924Z   Using cached yapf-0.43.0-py3-none-any.whl.metadata (46 kB)
2025-08-16T23:22:47.9997012Z Collecting Deprecated<2.0.0,>=1.2.12 (from docspec==2.2.1->docspec-python==2.2.2->-r requirements-dev.txt (line 34))
2025-08-16T23:22:48.0009963Z   Using cached Deprecated-1.2.18-py2.py3-none-any.whl.metadata (5.7 kB)
2025-08-16T23:22:48.2101902Z Collecting psycopg-binary==3.2.9 (from psycopg[binary]==3.2.9->-r requirements-dev.txt (line 19))
2025-08-16T23:22:48.2115790Z   Using cached psycopg_binary-3.2.9-cp312-cp312-manylinux_2_17_x86_64.manylinux2014_x86_64.whl.metadata (2.9 kB)
2025-08-16T23:22:48.2387169Z Collecting anyio (from httpx<0.29,>=0.27->-r requirements-dev.txt (line 11))
2025-08-16T23:22:48.2398462Z   Using cached anyio-4.10.0-py3-none-any.whl.metadata (4.0 kB)
2025-08-16T23:22:48.2579381Z Collecting httpcore==1.* (from httpx<0.29,>=0.27->-r requirements-dev.txt (line 11))
2025-08-16T23:22:48.2590418Z   Using cached httpcore-1.0.9-py3-none-any.whl.metadata (21 kB)
2025-08-16T23:22:48.3592934Z Collecting databind<5.0.0,>=4.5.2 (from databind.core<5.0.0,>=4.4.0->pydoc-markdown==4.8.2->-r requirements-dev.txt (line 35))
2025-08-16T23:22:48.3604856Z   Using cached databind-4.5.2-py3-none-any.whl.metadata (4.3 kB)
2025-08-16T23:22:48.3734321Z Collecting nr-date<3.0.0,>=2.0.0 (from databind<5.0.0,>=4.5.2->databind.core<5.0.0,>=4.4.0->pydoc-markdown==4.8.2->-r requirements-dev.txt (line 35))
2025-08-16T23:22:48.3745625Z   Using cached nr_date-2.1.0-py3-none-any.whl.metadata (746 bytes)
2025-08-16T23:22:48.3856636Z Collecting nr-stream<2.0.0,>=1.0.0 (from databind<5.0.0,>=4.5.2->databind.core<5.0.0,>=4.4.0->pydoc-markdown==4.8.2->-r requirements-dev.txt (line 35))
2025-08-16T23:22:48.3868032Z   Using cached nr_stream-1.1.5-py3-none-any.whl.metadata (3.6 kB)
2025-08-16T23:22:48.4029664Z Collecting typeapi<3,>=2.0.1 (from databind<5.0.0,>=4.5.2->databind.core<5.0.0,>=4.4.0->pydoc-markdown==4.8.2->-r requirements-dev.txt (line 35))
2025-08-16T23:22:48.4041734Z   Using cached typeapi-2.2.4-py3-none-any.whl.metadata (1.5 kB)
2025-08-16T23:22:48.4277618Z Collecting h11>=0.16 (from httpcore==1.*->httpx<0.29,>=0.27->-r requirements-dev.txt (line 11))
2025-08-16T23:22:48.4289067Z   Using cached h11-0.16.0-py3-none-any.whl.metadata (8.3 kB)
2025-08-16T23:22:48.4509422Z Collecting amqp<6.0.0,>=5.1.1 (from kombu<6.0,>=5.3.4->celery==5.4.0->-r requirements-dev.txt (line 8))
2025-08-16T23:22:48.4521063Z   Using cached amqp-5.3.1-py3-none-any.whl.metadata (8.9 kB)
2025-08-16T23:22:48.4843715Z Collecting iniconfig>=1 (from pytest<9,>=7.0.0->pytest-asyncio==0.23.6->-r requirements-dev.txt (line 22))
2025-08-16T23:22:48.4855136Z   Using cached iniconfig-2.1.0-py3-none-any.whl.metadata (2.7 kB)
2025-08-16T23:22:48.5072771Z Collecting pygments>=2.7.2 (from pytest<9,>=7.0.0->pytest-asyncio==0.23.6->-r requirements-dev.txt (line 22))
2025-08-16T23:22:48.5084260Z   Using cached pygments-2.19.2-py3-none-any.whl.metadata (2.5 kB)
2025-08-16T23:22:48.5461366Z Collecting sniffio>=1.1 (from anyio->httpx<0.29,>=0.27->-r requirements-dev.txt (line 11))
2025-08-16T23:22:48.5472095Z   Using cached sniffio-1.3.1-py3-none-any.whl.metadata (3.9 kB)
2025-08-16T23:22:48.9582124Z Collecting botocore<1.41.0,>=1.40.11 (from boto3->-r requirements-dev.txt (line 7))
2025-08-16T23:22:48.9618486Z   Downloading botocore-1.40.11-py3-none-any.whl.metadata (5.7 kB)
2025-08-16T23:22:48.9756179Z Collecting jmespath<2.0.0,>=0.7.1 (from boto3->-r requirements-dev.txt (line 7))
2025-08-16T23:22:48.9767902Z   Using cached jmespath-1.0.1-py3-none-any.whl.metadata (7.6 kB)
2025-08-16T23:22:48.9947164Z Collecting s3transfer<0.14.0,>=0.13.0 (from boto3->-r requirements-dev.txt (line 7))
2025-08-16T23:22:48.9958977Z   Using cached s3transfer-0.13.1-py3-none-any.whl.metadata (1.7 kB)
2025-08-16T23:22:49.2317787Z Collecting fastapi-cli>=0.0.8 (from fastapi-cli[standard]>=0.0.8; extra == "all"->fastapi[all]->-r requirements-dev.txt (line 10))
2025-08-16T23:22:49.2330065Z   Using cached fastapi_cli-0.0.8-py3-none-any.whl.metadata (6.3 kB)
2025-08-16T23:22:49.3015829Z Collecting ujson!=4.0.2,!=4.1.0,!=4.2.0,!=4.3.0,!=5.0.0,!=5.1.0,>=4.0.1 (from fastapi[all]->-r requirements-dev.txt (line 10))
2025-08-16T23:22:49.3028523Z   Using cached ujson-5.10.0-cp312-cp312-manylinux_2_17_x86_64.manylinux2014_x86_64.whl.metadata (9.3 kB)
2025-08-16T23:22:49.5325658Z Collecting orjson>=3.2.1 (from fastapi[all]->-r requirements-dev.txt (line 10))
2025-08-16T23:22:49.5339464Z   Using cached orjson-3.11.2-cp312-cp312-manylinux_2_17_x86_64.manylinux2014_x86_64.whl.metadata (1.2 kB)
2025-08-16T23:22:49.5480307Z Collecting email-validator>=2.0.0 (from fastapi[all]->-r requirements-dev.txt (line 10))
2025-08-16T23:22:49.5492578Z   Using cached email_validator-2.2.0-py3-none-any.whl.metadata (25 kB)
2025-08-16T23:22:49.5761694Z Collecting uvicorn>=0.12.0 (from uvicorn[standard]>=0.12.0; extra == "all"->fastapi[all]->-r requirements-dev.txt (line 10))
2025-08-16T23:22:49.5773185Z   Using cached uvicorn-0.35.0-py3-none-any.whl.metadata (6.5 kB)
2025-08-16T23:22:49.5980862Z Collecting pydantic-settings>=2.0.0 (from fastapi[all]->-r requirements-dev.txt (line 10))
2025-08-16T23:22:49.5992423Z   Using cached pydantic_settings-2.10.1-py3-none-any.whl.metadata (3.4 kB)
2025-08-16T23:22:49.6176549Z Collecting pydantic-extra-types>=2.0.0 (from fastapi[all]->-r requirements-dev.txt (line 10))
2025-08-16T23:22:49.6188282Z   Using cached pydantic_extra_types-2.10.5-py3-none-any.whl.metadata (3.9 kB)
2025-08-16T23:22:49.6839919Z Collecting prompt-toolkit>=3.0.36 (from click-repl>=0.2.0->celery==5.4.0->-r requirements-dev.txt (line 8))
2025-08-16T23:22:49.6851511Z   Using cached prompt_toolkit-3.0.51-py3-none-any.whl.metadata (6.4 kB)
2025-08-16T23:22:49.7029326Z Collecting dnspython>=2.0.0 (from email-validator>=2.0.0->fastapi[all]->-r requirements-dev.txt (line 10))
2025-08-16T23:22:49.7041098Z   Using cached dnspython-2.7.0-py3-none-any.whl.metadata (5.8 kB)
2025-08-16T23:22:49.7314084Z Collecting typer>=0.15.1 (from fastapi-cli>=0.0.8->fastapi-cli[standard]>=0.0.8; extra == "all"->fastapi[all]->-r requirements-dev.txt (line 10))
2025-08-16T23:22:49.7325345Z   Using cached typer-0.16.0-py3-none-any.whl.metadata (15 kB)
2025-08-16T23:22:49.7577694Z Collecting rich-toolkit>=0.14.8 (from fastapi-cli>=0.0.8->fastapi-cli[standard]>=0.0.8; extra == "all"->fastapi[all]->-r requirements-dev.txt (line 10))
2025-08-16T23:22:49.7589272Z   Using cached rich_toolkit-0.15.0-py3-none-any.whl.metadata (1.0 kB)
2025-08-16T23:22:49.7721170Z Collecting fastapi-cloud-cli>=0.1.1 (from fastapi-cli[standard]>=0.0.8; extra == "all"->fastapi[all]->-r requirements-dev.txt (line 10))
2025-08-16T23:22:49.7732699Z   Using cached fastapi_cloud_cli-0.1.5-py3-none-any.whl.metadata (3.2 kB)
2025-08-16T23:22:49.8452051Z Collecting rignore>=0.5.1 (from fastapi-cloud-cli>=0.1.1->fastapi-cli[standard]>=0.0.8; extra == "all"->fastapi[all]->-r requirements-dev.txt (line 10))
2025-08-16T23:22:49.8464330Z   Using cached rignore-0.6.4-cp312-cp312-manylinux_2_17_x86_64.manylinux2014_x86_64.whl.metadata (3.8 kB)
2025-08-16T23:22:49.9209321Z Collecting sentry-sdk>=2.20.0 (from fastapi-cloud-cli>=0.1.1->fastapi-cli[standard]>=0.0.8; extra == "all"->fastapi[all]->-r requirements-dev.txt (line 10))
2025-08-16T23:22:49.9253360Z   Downloading sentry_sdk-2.35.0-py2.py3-none-any.whl.metadata (10 kB)
2025-08-16T23:22:50.0162171Z Collecting psutil>=4.0.0 (from mirakuru>=2.6.0->pytest-postgresql==7.0.2->-r requirements-dev.txt (line 24))
2025-08-16T23:22:50.0174991Z   Using cached psutil-7.0.0-cp36-abi3-manylinux_2_12_x86_64.manylinux2010_x86_64.manylinux_2_17_x86_64.manylinux2014_x86_64.whl.metadata (22 kB)
2025-08-16T23:22:50.0494707Z Collecting wcwidth (from prompt-toolkit>=3.0.36->click-repl>=0.2.0->celery==5.4.0->-r requirements-dev.txt (line 8))
2025-08-16T23:22:50.0505957Z   Using cached wcwidth-0.2.13-py2.py3-none-any.whl.metadata (14 kB)
2025-08-16T23:22:50.1501565Z Collecting rich>=13.7.1 (from rich-toolkit>=0.14.8->fastapi-cli>=0.0.8->fastapi-cli[standard]>=0.0.8; extra == "all"->fastapi[all]->-r requirements-dev.txt (line 10))
2025-08-16T23:22:50.1512832Z   Using cached rich-14.1.0-py3-none-any.whl.metadata (18 kB)
2025-08-16T23:22:50.1686038Z Collecting markdown-it-py>=2.2.0 (from rich>=13.7.1->rich-toolkit>=0.14.8->fastapi-cli>=0.0.8->fastapi-cli[standard]>=0.0.8; extra == "all"->fastapi[all]->-r requirements-dev.txt (line 10))
2025-08-16T23:22:50.1697446Z   Using cached markdown_it_py-4.0.0-py3-none-any.whl.metadata (7.3 kB)
2025-08-16T23:22:50.1899389Z Collecting mdurl~=0.1 (from markdown-it-py>=2.2.0->rich>=13.7.1->rich-toolkit>=0.14.8->fastapi-cli>=0.0.8->fastapi-cli[standard]>=0.0.8; extra == "all"->fastapi[all]->-r requirements-dev.txt (line 10))
2025-08-16T23:22:50.1909765Z   Using cached mdurl-0.1.2-py3-none-any.whl.metadata (1.6 kB)
2025-08-16T23:22:50.2406178Z Collecting shellingham>=1.3.0 (from typer>=0.15.1->fastapi-cli>=0.0.8->fastapi-cli[standard]>=0.0.8; extra == "all"->fastapi[all]->-r requirements-dev.txt (line 10))
2025-08-16T23:22:50.2417086Z   Using cached shellingham-1.5.4-py2.py3-none-any.whl.metadata (3.5 kB)
2025-08-16T23:22:50.3058654Z Collecting httptools>=0.6.3 (from uvicorn[standard]>=0.12.0; extra == "all"->fastapi[all]->-r requirements-dev.txt (line 10))
2025-08-16T23:22:50.3071579Z   Using cached httptools-0.6.4-cp312-cp312-manylinux_2_5_x86_64.manylinux1_x86_64.manylinux_2_17_x86_64.manylinux2014_x86_64.whl.metadata (3.6 kB)
2025-08-16T23:22:50.3482193Z Collecting uvloop>=0.15.1 (from uvicorn[standard]>=0.12.0; extra == "all"->fastapi[all]->-r requirements-dev.txt (line 10))
2025-08-16T23:22:50.3494279Z   Using cached uvloop-0.21.0-cp312-cp312-manylinux_2_17_x86_64.manylinux2014_x86_64.whl.metadata (4.9 kB)
2025-08-16T23:22:50.4228750Z Collecting watchfiles>=0.13 (from uvicorn[standard]>=0.12.0; extra == "all"->fastapi[all]->-r requirements-dev.txt (line 10))
2025-08-16T23:22:50.4242228Z   Using cached watchfiles-1.1.0-cp312-cp312-manylinux_2_17_x86_64.manylinux2014_x86_64.whl.metadata (4.9 kB)
2025-08-16T23:22:50.5547204Z Collecting websockets>=10.4 (from uvicorn[standard]>=0.12.0; extra == "all"->fastapi[all]->-r requirements-dev.txt (line 10))
2025-08-16T23:22:50.5559381Z   Using cached websockets-15.0.1-cp312-cp312-manylinux_2_5_x86_64.manylinux1_x86_64.manylinux_2_17_x86_64.manylinux2014_x86_64.whl.metadata (6.8 kB)
2025-08-16T23:22:50.6224616Z Using cached jinja2-3.1.6-py3-none-any.whl (134 kB)
2025-08-16T23:22:50.6236306Z Using cached alembic-1.13.1-py3-none-any.whl (233 kB)
2025-08-16T23:22:50.6248615Z Using cached APScheduler-3.10.4-py3-none-any.whl (59 kB)
2025-08-16T23:22:50.6260013Z Using cached asyncpg-0.30.0-cp312-cp312-manylinux_2_17_x86_64.manylinux2014_x86_64.whl (3.6 MB)
2025-08-16T23:22:50.6296717Z Using cached black-25.1.0-cp312-cp312-manylinux_2_17_x86_64.manylinux2014_x86_64.manylinux_2_28_x86_64.whl (1.8 MB)
2025-08-16T23:22:50.6320227Z Using cached celery-5.4.0-py3-none-any.whl (425 kB)
2025-08-16T23:22:50.6333846Z Using cached fastapi-0.116.1-py3-none-any.whl (95 kB)
2025-08-16T23:22:50.6345246Z Using cached pydantic-2.11.7-py3-none-any.whl (444 kB)
2025-08-16T23:22:50.6359239Z Using cached IMAPClient-3.0.1-py2.py3-none-any.whl (182 kB)
2025-08-16T23:22:50.6371081Z Using cached mypy_extensions-1.1.0-py3-none-any.whl (5.0 kB)
2025-08-16T23:22:50.6381972Z Using cached openpyxl-3.1.5-py2.py3-none-any.whl (250 kB)
2025-08-16T23:22:50.6404227Z Using cached pandas-2.3.1-cp312-cp312-manylinux_2_17_x86_64.manylinux2014_x86_64.whl (12.0 MB)
2025-08-16T23:22:50.6496063Z Using cached psycopg2_binary-2.9.9-cp312-cp312-manylinux_2_17_x86_64.manylinux2014_x86_64.whl (3.0 MB)
2025-08-16T23:22:50.6528415Z Using cached psycopg-3.2.9-py3-none-any.whl (202 kB)
2025-08-16T23:22:50.6540289Z Using cached pytest_asyncio-0.23.6-py3-none-any.whl (17 kB)
2025-08-16T23:22:50.6550839Z Using cached pytest_cov-6.2.1-py3-none-any.whl (24 kB)
2025-08-16T23:22:50.6561522Z Using cached pytest_postgresql-7.0.2-py3-none-any.whl (41 kB)
2025-08-16T23:22:50.6572302Z Using cached python_telegram_bot-22.2-py3-none-any.whl (708 kB)
2025-08-16T23:22:50.6587739Z Using cached requests-2.32.4-py3-none-any.whl (64 kB)
2025-08-16T23:22:50.6598681Z Using cached respx-0.22.0-py2.py3-none-any.whl (25 kB)
2025-08-16T23:22:50.6609628Z Using cached ruff-0.4.4-py3-none-manylinux_2_17_x86_64.manylinux2014_x86_64.whl (8.7 MB)
2025-08-16T23:22:50.6683172Z Using cached SQLAlchemy-2.0.29-cp312-cp312-manylinux_2_17_x86_64.manylinux2014_x86_64.whl (3.2 MB)
2025-08-16T23:22:50.6717131Z Using cached testcontainers-4.10.0-py3-none-any.whl (107 kB)
2025-08-16T23:22:50.6728842Z Using cached types_requests-2.32.0.20240602-py3-none-any.whl (15 kB)
2025-08-16T23:22:50.6739425Z Using cached docspec_python-2.2.2-py3-none-any.whl (15 kB)
2025-08-16T23:22:50.6749953Z Using cached pydoc_markdown-4.8.2-py3-none-any.whl (67 kB)
2025-08-16T23:22:50.6760778Z Using cached docspec-2.2.1-py3-none-any.whl (9.8 kB)
2025-08-16T23:22:50.6771701Z Using cached psycopg_binary-3.2.9-cp312-cp312-manylinux_2_17_x86_64.manylinux2014_x86_64.whl (4.4 MB)
2025-08-16T23:22:50.6815006Z Using cached pydantic_core-2.33.2-cp312-cp312-manylinux_2_17_x86_64.manylinux2014_x86_64.whl (2.0 MB)
2025-08-16T23:22:50.6840530Z Using cached httpx-0.28.1-py3-none-any.whl (73 kB)
2025-08-16T23:22:50.6853089Z Using cached mypy-1.17.1-cp312-cp312-manylinux2014_x86_64.manylinux_2_17_x86_64.manylinux_2_28_x86_64.whl (12.7 MB)
2025-08-16T23:22:50.6954854Z Using cached billiard-4.2.1-py3-none-any.whl (86 kB)
2025-08-16T23:22:50.6966969Z Using cached charset_normalizer-3.4.3-cp312-cp312-manylinux2014_x86_64.manylinux_2_17_x86_64.manylinux_2_28_x86_64.whl (151 kB)
2025-08-16T23:22:50.6978562Z Using cached click-8.2.1-py3-none-any.whl (102 kB)
2025-08-16T23:22:50.6989987Z Using cached databind.core-4.5.2-py3-none-any.whl (1.5 kB)
2025-08-16T23:22:50.7000366Z Using cached databind-4.5.2-py3-none-any.whl (49 kB)
2025-08-16T23:22:50.7011309Z Using cached databind.json-4.5.2-py3-none-any.whl (1.5 kB)
2025-08-16T23:22:50.7021955Z Using cached Deprecated-1.2.18-py2.py3-none-any.whl (10.0 kB)
2025-08-16T23:22:50.7032766Z Using cached httpcore-1.0.9-py3-none-any.whl (78 kB)
2025-08-16T23:22:50.7043562Z Using cached idna-3.10-py3-none-any.whl (70 kB)
2025-08-16T23:22:50.7054528Z Using cached kombu-5.5.4-py3-none-any.whl (210 kB)
2025-08-16T23:22:50.7066262Z Using cached vine-5.1.0-py3-none-any.whl (9.6 kB)
2025-08-16T23:22:50.7076903Z Using cached amqp-5.3.1-py3-none-any.whl (50 kB)
2025-08-16T23:22:50.7087720Z Using cached nr_date-2.1.0-py3-none-any.whl (10 kB)
2025-08-16T23:22:50.7098584Z Using cached nr_stream-1.1.5-py3-none-any.whl (10 kB)
2025-08-16T23:22:50.7109423Z Using cached nr.util-0.8.12-py3-none-any.whl (90 kB)
2025-08-16T23:22:50.7121018Z Using cached pytest-8.4.1-py3-none-any.whl (365 kB)
2025-08-16T23:22:50.7134221Z Using cached pluggy-1.6.0-py3-none-any.whl (20 kB)
2025-08-16T23:22:50.7145324Z Using cached PyYAML-6.0.2-cp312-cp312-manylinux_2_17_x86_64.manylinux2014_x86_64.whl (767 kB)
2025-08-16T23:22:50.7161383Z Using cached starlette-0.47.2-py3-none-any.whl (72 kB)
2025-08-16T23:22:50.7172449Z Using cached anyio-4.10.0-py3-none-any.whl (107 kB)
2025-08-16T23:22:50.7183970Z Using cached tomli-2.2.1-cp312-cp312-manylinux_2_17_x86_64.manylinux2014_x86_64.whl (242 kB)
2025-08-16T23:22:50.7195866Z Using cached tomli_w-1.2.0-py3-none-any.whl (6.7 kB)
2025-08-16T23:22:50.7206321Z Using cached typeapi-2.2.4-py3-none-any.whl (26 kB)
2025-08-16T23:22:50.7217219Z Using cached typing_extensions-4.14.1-py3-none-any.whl (43 kB)
2025-08-16T23:22:50.7228163Z Using cached urllib3-2.5.0-py3-none-any.whl (129 kB)
2025-08-16T23:22:50.7240449Z Using cached wrapt-1.17.3-cp312-cp312-manylinux1_x86_64.manylinux_2_28_x86_64.manylinux_2_5_x86_64.whl (88 kB)
2025-08-16T23:22:50.7280011Z Downloading boto3-1.40.11-py3-none-any.whl (140 kB)
2025-08-16T23:22:50.7457610Z Downloading botocore-1.40.11-py3-none-any.whl (14.0 MB)
2025-08-16T23:22:50.8720476Z    ━━━━━━━━━━━━━━━━━━━━━━━━━━━━━━━━━━━━━━━━ 14.0/14.0 MB 112.8 MB/s  0:00:00
2025-08-16T23:22:50.8732452Z Using cached jmespath-1.0.1-py3-none-any.whl (20 kB)
2025-08-16T23:22:50.8743953Z Using cached python_dateutil-2.9.0.post0-py2.py3-none-any.whl (229 kB)
2025-08-16T23:22:50.8755986Z Using cached s3transfer-0.13.1-py3-none-any.whl (85 kB)
2025-08-16T23:22:50.8767411Z Using cached itsdangerous-2.2.0-py3-none-any.whl (16 kB)
2025-08-16T23:22:50.8778617Z Using cached setuptools-80.9.0-py3-none-any.whl (1.2 MB)
2025-08-16T23:22:50.8797698Z Using cached python_dotenv-1.1.1-py3-none-any.whl (20 kB)
2025-08-16T23:22:50.8808947Z Using cached python_multipart-0.0.20-py3-none-any.whl (24 kB)
2025-08-16T23:22:50.8819763Z Using cached annotated_types-0.7.0-py3-none-any.whl (13 kB)
2025-08-16T23:22:50.8830528Z Using cached certifi-2025.8.3-py3-none-any.whl (161 kB)
2025-08-16T23:22:50.8842227Z Using cached click_didyoumean-0.3.1-py3-none-any.whl (3.6 kB)
2025-08-16T23:22:50.8852755Z Using cached click_plugins-1.1.1.2-py2.py3-none-any.whl (11 kB)
2025-08-16T23:22:50.8863199Z Using cached click_repl-0.3.0-py3-none-any.whl (10 kB)
2025-08-16T23:22:50.8874584Z Using cached coverage-7.10.3-cp312-cp312-manylinux1_x86_64.manylinux_2_28_x86_64.manylinux_2_5_x86_64.whl (250 kB)
2025-08-16T23:22:50.8886387Z Using cached email_validator-2.2.0-py3-none-any.whl (33 kB)
2025-08-16T23:22:50.8897542Z Using cached dnspython-2.7.0-py3-none-any.whl (313 kB)
2025-08-16T23:22:50.8910658Z Using cached fastapi_cli-0.0.8-py3-none-any.whl (10 kB)
2025-08-16T23:22:50.8921374Z Using cached fastapi_cloud_cli-0.1.5-py3-none-any.whl (18 kB)
2025-08-16T23:22:50.8932481Z Using cached greenlet-3.2.4-cp312-cp312-manylinux_2_24_x86_64.manylinux_2_28_x86_64.whl (607 kB)
2025-08-16T23:22:50.8947615Z Using cached h11-0.16.0-py3-none-any.whl (37 kB)
2025-08-16T23:22:50.8958846Z Using cached iniconfig-2.1.0-py3-none-any.whl (6.0 kB)
2025-08-16T23:22:50.8969983Z Using cached MarkupSafe-3.0.2-cp312-cp312-manylinux_2_17_x86_64.manylinux2014_x86_64.whl (23 kB)
2025-08-16T23:22:50.8980455Z Using cached mirakuru-2.6.1-py3-none-any.whl (26 kB)
2025-08-16T23:22:50.8991670Z Using cached numpy-2.3.2-cp312-cp312-manylinux_2_27_x86_64.manylinux_2_28_x86_64.whl (16.6 MB)
2025-08-16T23:22:50.9123426Z Using cached orjson-3.11.2-cp312-cp312-manylinux_2_17_x86_64.manylinux2014_x86_64.whl (121 kB)
2025-08-16T23:22:50.9134218Z Using cached packaging-25.0-py3-none-any.whl (66 kB)
2025-08-16T23:22:50.9145379Z Using cached pathspec-0.12.1-py3-none-any.whl (31 kB)
2025-08-16T23:22:50.9156210Z Using cached platformdirs-4.3.8-py3-none-any.whl (18 kB)
2025-08-16T23:22:50.9166991Z Using cached port_for-0.7.4-py3-none-any.whl (21 kB)
2025-08-16T23:22:50.9178088Z Using cached prompt_toolkit-3.0.51-py3-none-any.whl (387 kB)
2025-08-16T23:22:50.9192754Z Using cached psutil-7.0.0-cp36-abi3-manylinux_2_12_x86_64.manylinux2010_x86_64.manylinux_2_17_x86_64.manylinux2014_x86_64.whl (277 kB)
2025-08-16T23:22:50.9204754Z Using cached pydantic_extra_types-2.10.5-py3-none-any.whl (38 kB)
2025-08-16T23:22:50.9215563Z Using cached pydantic_settings-2.10.1-py3-none-any.whl (45 kB)
2025-08-16T23:22:50.9226425Z Using cached pygments-2.19.2-py3-none-any.whl (1.2 MB)
2025-08-16T23:22:50.9246970Z Using cached pytz-2025.2-py2.py3-none-any.whl (509 kB)
2025-08-16T23:22:50.9261310Z Using cached rich_toolkit-0.15.0-py3-none-any.whl (29 kB)
2025-08-16T23:22:50.9272178Z Using cached rich-14.1.0-py3-none-any.whl (243 kB)
2025-08-16T23:22:50.9284297Z Using cached markdown_it_py-4.0.0-py3-none-any.whl (87 kB)
2025-08-16T23:22:50.9295363Z Using cached mdurl-0.1.2-py3-none-any.whl (10.0 kB)
2025-08-16T23:22:50.9306376Z Using cached rignore-0.6.4-cp312-cp312-manylinux_2_17_x86_64.manylinux2014_x86_64.whl (949 kB)
2025-08-16T23:22:50.9345729Z Downloading sentry_sdk-2.35.0-py2.py3-none-any.whl (363 kB)
2025-08-16T23:22:50.9407654Z Using cached six-1.17.0-py2.py3-none-any.whl (11 kB)
2025-08-16T23:22:50.9418906Z Using cached sniffio-1.3.1-py3-none-any.whl (10 kB)
2025-08-16T23:22:50.9429710Z Using cached typer-0.16.0-py3-none-any.whl (46 kB)
2025-08-16T23:22:50.9440630Z Using cached shellingham-1.5.4-py2.py3-none-any.whl (9.8 kB)
2025-08-16T23:22:50.9451585Z Using cached typing_inspection-0.4.1-py3-none-any.whl (14 kB)
2025-08-16T23:22:50.9462545Z Using cached tzdata-2025.2-py2.py3-none-any.whl (347 kB)
2025-08-16T23:22:50.9475666Z Using cached tzlocal-5.3.1-py3-none-any.whl (18 kB)
2025-08-16T23:22:50.9486700Z Using cached ujson-5.10.0-cp312-cp312-manylinux_2_17_x86_64.manylinux2014_x86_64.whl (53 kB)
2025-08-16T23:22:50.9497567Z Using cached uvicorn-0.35.0-py3-none-any.whl (66 kB)
2025-08-16T23:22:50.9509562Z Using cached httptools-0.6.4-cp312-cp312-manylinux_2_5_x86_64.manylinux1_x86_64.manylinux_2_17_x86_64.manylinux2014_x86_64.whl (510 kB)
2025-08-16T23:22:50.9523442Z Using cached uvloop-0.21.0-cp312-cp312-manylinux_2_17_x86_64.manylinux2014_x86_64.whl (4.7 MB)
2025-08-16T23:22:50.9567993Z Using cached watchfiles-1.1.0-cp312-cp312-manylinux_2_17_x86_64.manylinux2014_x86_64.whl (452 kB)
2025-08-16T23:22:50.9582597Z Using cached websockets-15.0.1-cp312-cp312-manylinux_2_5_x86_64.manylinux1_x86_64.manylinux_2_17_x86_64.manylinux2014_x86_64.whl (182 kB)
2025-08-16T23:22:50.9593929Z Using cached yapf-0.43.0-py3-none-any.whl (256 kB)
2025-08-16T23:22:50.9606260Z Using cached docker-7.1.0-py3-none-any.whl (147 kB)
2025-08-16T23:22:50.9618294Z Using cached et_xmlfile-2.0.0-py3-none-any.whl (18 kB)
2025-08-16T23:22:50.9629066Z Using cached mako-1.3.10-py3-none-any.whl (78 kB)
2025-08-16T23:22:50.9640315Z Using cached watchdog-6.0.0-py3-none-manylinux2014_x86_64.whl (79 kB)
2025-08-16T23:22:50.9651353Z Using cached wcwidth-0.2.13-py2.py3-none-any.whl (34 kB)
2025-08-16T23:22:51.3938990Z Installing collected packages: wcwidth, pytz, wrapt, websockets, watchdog, vine, uvloop, urllib3, ujson, tzlocal, tzdata, typing-extensions, tomli_w, tomli, sniffio, six, shellingham, setuptools, ruff, rignore, PyYAML, python-multipart, python-dotenv, pygments, psycopg2-binary, psycopg-binary, psutil, prompt-toolkit, port-for, pluggy, platformdirs, pathspec, packaging, orjson, numpy, nr-stream, nr-date, mypy-extensions, mdurl, MarkupSafe, jmespath, itsdangerous, iniconfig, imapclient, idna, httptools, h11, greenlet, et-xmlfile, docstring-parser, dnspython, coverage, click, charset_normalizer, certifi, billiard, asyncpg, annotated-types, yapf, uvicorn, typing-inspection, types-requests, typeapi, sqlalchemy, sentry-sdk, requests, python-dateutil, pytest, pydantic-core, psycopg, openpyxl, mypy, mirakuru, markdown-it-py, Mako, Jinja2, httpcore, email-validator, Deprecated, click-repl, click-plugins, click-didyoumean, black, apscheduler, anyio, amqp, watchfiles, starlette, rich, pytest-postgresql, pytest-cov, pytest-asyncio, pydantic, pandas, nr-util, kombu, httpx, docker, databind, botocore, alembic, typer, testcontainers, s3transfer, rich-toolkit, respx, python-telegram-bot, pydantic-settings, pydantic-extra-types, fastapi, databind.json, databind.core, celery, fastapi-cloud-cli, fastapi-cli, docspec, boto3, docspec-python, pydoc-markdown
2025-08-16T23:23:09.1587679Z 
2025-08-16T23:23:09.1697601Z Successfully installed Deprecated-1.2.18 Jinja2-3.1.6 Mako-1.3.10 MarkupSafe-3.0.2 PyYAML-6.0.2 alembic-1.13.1 amqp-5.3.1 annotated-types-0.7.0 anyio-4.10.0 apscheduler-3.10.4 asyncpg-0.30.0 billiard-4.2.1 black-25.1.0 boto3-1.40.11 botocore-1.40.11 celery-5.4.0 certifi-2025.8.3 charset_normalizer-3.4.3 click-8.2.1 click-didyoumean-0.3.1 click-plugins-1.1.1.2 click-repl-0.3.0 coverage-7.10.3 databind-4.5.2 databind.core-4.5.2 databind.json-4.5.2 dnspython-2.7.0 docker-7.1.0 docspec-2.2.1 docspec-python-2.2.2 docstring-parser-0.11 email-validator-2.2.0 et-xmlfile-2.0.0 fastapi-0.116.1 fastapi-cli-0.0.8 fastapi-cloud-cli-0.1.5 greenlet-3.2.4 h11-0.16.0 httpcore-1.0.9 httptools-0.6.4 httpx-0.28.1 idna-3.10 imapclient-3.0.1 iniconfig-2.1.0 itsdangerous-2.2.0 jmespath-1.0.1 kombu-5.5.4 markdown-it-py-4.0.0 mdurl-0.1.2 mirakuru-2.6.1 mypy-1.17.1 mypy-extensions-1.1.0 nr-date-2.1.0 nr-stream-1.1.5 nr-util-0.8.12 numpy-2.3.2 openpyxl-3.1.5 orjson-3.11.2 packaging-25.0 pandas-2.3.1 pathspec-0.12.1 platformdirs-4.3.8 pluggy-1.6.0 port-for-0.7.4 prompt-toolkit-3.0.51 psutil-7.0.0 psycopg-3.2.9 psycopg-binary-3.2.9 psycopg2-binary-2.9.9 pydantic-2.11.7 pydantic-core-2.33.2 pydantic-extra-types-2.10.5 pydantic-settings-2.10.1 pydoc-markdown-4.8.2 pygments-2.19.2 pytest-8.4.1 pytest-asyncio-0.23.6 pytest-cov-6.2.1 pytest-postgresql-7.0.2 python-dateutil-2.9.0.post0 python-dotenv-1.1.1 python-multipart-0.0.20 python-telegram-bot-22.2 pytz-2025.2 requests-2.32.4 respx-0.22.0 rich-14.1.0 rich-toolkit-0.15.0 rignore-0.6.4 ruff-0.4.4 s3transfer-0.13.1 sentry-sdk-2.35.0 setuptools-80.9.0 shellingham-1.5.4 six-1.17.0 sniffio-1.3.1 sqlalchemy-2.0.29 starlette-0.47.2 testcontainers-4.10.0 tomli-2.2.1 tomli_w-1.2.0 typeapi-2.2.4 typer-0.16.0 types-requests-2.32.0.20240602 typing-extensions-4.14.1 typing-inspection-0.4.1 tzdata-2025.2 tzlocal-5.3.1 ujson-5.10.0 urllib3-2.5.0 uvicorn-0.35.0 uvloop-0.21.0 vine-5.1.0 watchdog-6.0.0 watchfiles-1.1.0 wcwidth-0.2.13 websockets-15.0.1 wrapt-1.17.3 yapf-0.43.0
2025-08-16T23:23:10.7679136Z Collecting keepa==1.3.15
2025-08-16T23:23:10.7692299Z   Using cached keepa-1.3.15-py3-none-any.whl.metadata (11 kB)
2025-08-16T23:23:10.7965697Z Collecting minio==7.1.15
2025-08-16T23:23:10.7977765Z   Using cached minio-7.1.15-py3-none-any.whl.metadata (4.2 kB)
2025-08-16T23:23:10.8000205Z Requirement already satisfied: numpy>=1.9.3 in /opt/hostedtoolcache/Python/3.12.11/x64/lib/python3.12/site-packages (from keepa==1.3.15) (2.3.2)
2025-08-16T23:23:10.8005474Z Requirement already satisfied: requests>=2.2 in /opt/hostedtoolcache/Python/3.12.11/x64/lib/python3.12/site-packages (from keepa==1.3.15) (2.32.4)
2025-08-16T23:23:10.8313482Z Collecting tqdm (from keepa==1.3.15)
2025-08-16T23:23:10.8325028Z   Using cached tqdm-4.67.1-py3-none-any.whl.metadata (57 kB)
2025-08-16T23:23:11.3100391Z Collecting aiohttp (from keepa==1.3.15)
2025-08-16T23:23:11.3114180Z   Using cached aiohttp-3.12.15-cp312-cp312-manylinux_2_17_x86_64.manylinux2014_x86_64.whl.metadata (7.7 kB)
2025-08-16T23:23:11.3148796Z Requirement already satisfied: pandas<=3.0 in /opt/hostedtoolcache/Python/3.12.11/x64/lib/python3.12/site-packages (from keepa==1.3.15) (2.3.1)
2025-08-16T23:23:11.3153699Z Requirement already satisfied: pydantic in /opt/hostedtoolcache/Python/3.12.11/x64/lib/python3.12/site-packages (from keepa==1.3.15) (2.11.7)
2025-08-16T23:23:11.3161783Z Requirement already satisfied: certifi in /opt/hostedtoolcache/Python/3.12.11/x64/lib/python3.12/site-packages (from minio==7.1.15) (2025.8.3)
2025-08-16T23:23:11.3165809Z Requirement already satisfied: urllib3 in /opt/hostedtoolcache/Python/3.12.11/x64/lib/python3.12/site-packages (from minio==7.1.15) (2.5.0)
2025-08-16T23:23:11.3220655Z Requirement already satisfied: python-dateutil>=2.8.2 in /opt/hostedtoolcache/Python/3.12.11/x64/lib/python3.12/site-packages (from pandas<=3.0->keepa==1.3.15) (2.9.0.post0)
2025-08-16T23:23:11.3226052Z Requirement already satisfied: pytz>=2020.1 in /opt/hostedtoolcache/Python/3.12.11/x64/lib/python3.12/site-packages (from pandas<=3.0->keepa==1.3.15) (2025.2)
2025-08-16T23:23:11.3231915Z Requirement already satisfied: tzdata>=2022.7 in /opt/hostedtoolcache/Python/3.12.11/x64/lib/python3.12/site-packages (from pandas<=3.0->keepa==1.3.15) (2025.2)
2025-08-16T23:23:11.3364819Z Requirement already satisfied: six>=1.5 in /opt/hostedtoolcache/Python/3.12.11/x64/lib/python3.12/site-packages (from python-dateutil>=2.8.2->pandas<=3.0->keepa==1.3.15) (1.17.0)
2025-08-16T23:23:11.3384568Z Requirement already satisfied: charset_normalizer<4,>=2 in /opt/hostedtoolcache/Python/3.12.11/x64/lib/python3.12/site-packages (from requests>=2.2->keepa==1.3.15) (3.4.3)
2025-08-16T23:23:11.3391654Z Requirement already satisfied: idna<4,>=2.5 in /opt/hostedtoolcache/Python/3.12.11/x64/lib/python3.12/site-packages (from requests>=2.2->keepa==1.3.15) (3.10)
2025-08-16T23:23:11.3575659Z Collecting aiohappyeyeballs>=2.5.0 (from aiohttp->keepa==1.3.15)
2025-08-16T23:23:11.3587893Z   Using cached aiohappyeyeballs-2.6.1-py3-none-any.whl.metadata (5.9 kB)
2025-08-16T23:23:11.3677650Z Collecting aiosignal>=1.4.0 (from aiohttp->keepa==1.3.15)
2025-08-16T23:23:11.3689330Z   Using cached aiosignal-1.4.0-py3-none-any.whl.metadata (3.7 kB)
2025-08-16T23:23:11.3826682Z Collecting attrs>=17.3.0 (from aiohttp->keepa==1.3.15)
2025-08-16T23:23:11.3838292Z   Using cached attrs-25.3.0-py3-none-any.whl.metadata (10 kB)
2025-08-16T23:23:11.4498280Z Collecting frozenlist>=1.1.1 (from aiohttp->keepa==1.3.15)
2025-08-16T23:23:11.4512132Z   Using cached frozenlist-1.7.0-cp312-cp312-manylinux_2_5_x86_64.manylinux1_x86_64.manylinux_2_17_x86_64.manylinux2014_x86_64.whl.metadata (18 kB)
2025-08-16T23:23:11.6903163Z Collecting multidict<7.0,>=4.5 (from aiohttp->keepa==1.3.15)
2025-08-16T23:23:11.6916710Z   Using cached multidict-6.6.4-cp312-cp312-manylinux2014_x86_64.manylinux_2_17_x86_64.manylinux_2_28_x86_64.whl.metadata (5.3 kB)
2025-08-16T23:23:11.7311903Z Collecting propcache>=0.2.0 (from aiohttp->keepa==1.3.15)
2025-08-16T23:23:11.7324143Z   Using cached propcache-0.3.2-cp312-cp312-manylinux_2_17_x86_64.manylinux2014_x86_64.whl.metadata (12 kB)
2025-08-16T23:23:11.9627040Z Collecting yarl<2.0,>=1.17.0 (from aiohttp->keepa==1.3.15)
2025-08-16T23:23:11.9640828Z   Using cached yarl-1.20.1-cp312-cp312-manylinux_2_17_x86_64.manylinux2014_x86_64.whl.metadata (73 kB)
2025-08-16T23:23:11.9851349Z Requirement already satisfied: typing-extensions>=4.2 in /opt/hostedtoolcache/Python/3.12.11/x64/lib/python3.12/site-packages (from aiosignal>=1.4.0->aiohttp->keepa==1.3.15) (4.14.1)
2025-08-16T23:23:11.9901917Z Requirement already satisfied: annotated-types>=0.6.0 in /opt/hostedtoolcache/Python/3.12.11/x64/lib/python3.12/site-packages (from pydantic->keepa==1.3.15) (0.7.0)
2025-08-16T23:23:11.9908367Z Requirement already satisfied: pydantic-core==2.33.2 in /opt/hostedtoolcache/Python/3.12.11/x64/lib/python3.12/site-packages (from pydantic->keepa==1.3.15) (2.33.2)
2025-08-16T23:23:11.9916028Z Requirement already satisfied: typing-inspection>=0.4.0 in /opt/hostedtoolcache/Python/3.12.11/x64/lib/python3.12/site-packages (from pydantic->keepa==1.3.15) (0.4.1)
2025-08-16T23:23:11.9975503Z Using cached keepa-1.3.15-py3-none-any.whl (38 kB)
2025-08-16T23:23:11.9986779Z Using cached minio-7.1.15-py3-none-any.whl (77 kB)
2025-08-16T23:23:11.9999047Z Using cached aiohttp-3.12.15-cp312-cp312-manylinux_2_17_x86_64.manylinux2014_x86_64.whl (1.7 MB)
2025-08-16T23:23:12.0022776Z Using cached multidict-6.6.4-cp312-cp312-manylinux2014_x86_64.manylinux_2_17_x86_64.manylinux_2_28_x86_64.whl (256 kB)
2025-08-16T23:23:12.0035361Z Using cached yarl-1.20.1-cp312-cp312-manylinux_2_17_x86_64.manylinux2014_x86_64.whl (355 kB)
2025-08-16T23:23:12.0048883Z Using cached aiohappyeyeballs-2.6.1-py3-none-any.whl (15 kB)
2025-08-16T23:23:12.0060081Z Using cached aiosignal-1.4.0-py3-none-any.whl (7.5 kB)
2025-08-16T23:23:12.0071011Z Using cached attrs-25.3.0-py3-none-any.whl (63 kB)
2025-08-16T23:23:12.0082874Z Using cached frozenlist-1.7.0-cp312-cp312-manylinux_2_5_x86_64.manylinux1_x86_64.manylinux_2_17_x86_64.manylinux2014_x86_64.whl (241 kB)
2025-08-16T23:23:12.0095496Z Using cached propcache-0.3.2-cp312-cp312-manylinux_2_17_x86_64.manylinux2014_x86_64.whl (224 kB)
2025-08-16T23:23:12.0107783Z Using cached tqdm-4.67.1-py3-none-any.whl (78 kB)
2025-08-16T23:23:12.1773465Z Installing collected packages: tqdm, propcache, multidict, minio, frozenlist, attrs, aiohappyeyeballs, yarl, aiosignal, aiohttp, keepa
2025-08-16T23:23:12.6076431Z 
2025-08-16T23:23:12.6182617Z Successfully installed aiohappyeyeballs-2.6.1 aiohttp-3.12.15 aiosignal-1.4.0 attrs-25.3.0 frozenlist-1.7.0 keepa-1.3.15 minio-7.1.15 multidict-6.6.4 propcache-0.3.2 tqdm-4.67.1 yarl-1.20.1
2025-08-16T23:23:12.7761323Z ##[group]Run for i in {1..30}; do pg_isready -h "$PG_HOST" -p "$PG_PORT" -U "$PG_USER" -d "$PG_DATABASE" && break; sleep 1; done
2025-08-16T23:23:12.7762005Z [36;1mfor i in {1..30}; do pg_isready -h "$PG_HOST" -p "$PG_PORT" -U "$PG_USER" -d "$PG_DATABASE" && break; sleep 1; done[0m
2025-08-16T23:23:12.7802753Z shell: /usr/bin/bash -e {0}
2025-08-16T23:23:12.7802976Z env:
2025-08-16T23:23:12.7803140Z   PG_USER: postgres
2025-08-16T23:23:12.7803337Z   PG_PASSWORD: pass
2025-08-16T23:23:12.7803544Z   PG_DATABASE: awa
2025-08-16T23:23:12.7803713Z   PG_HOST: localhost
2025-08-16T23:23:12.7803897Z   PG_PORT: 5432
2025-08-16T23:23:12.7804482Z   PG_SYNC_DSN: ***localhost:5432/awa
2025-08-16T23:23:12.7804884Z   PG_ASYNC_DSN: ***localhost:5432/awa
2025-08-16T23:23:12.7805272Z   DATABASE_URL: ***localhost:5432/awa
2025-08-16T23:23:12.7805495Z   DATA_DIR: /tmp/awa-data
2025-08-16T23:23:12.7805694Z   ENABLE_LIVE: 0
2025-08-16T23:23:12.7805871Z   TESTING: 1
2025-08-16T23:23:12.7806137Z   pythonLocation: /opt/hostedtoolcache/Python/3.12.11/x64
2025-08-16T23:23:12.7806524Z   PKG_CONFIG_PATH: /opt/hostedtoolcache/Python/3.12.11/x64/lib/pkgconfig
2025-08-16T23:23:12.7806905Z   Python_ROOT_DIR: /opt/hostedtoolcache/Python/3.12.11/x64
2025-08-16T23:23:12.7807427Z   Python2_ROOT_DIR: /opt/hostedtoolcache/Python/3.12.11/x64
2025-08-16T23:23:12.7807905Z   Python3_ROOT_DIR: /opt/hostedtoolcache/Python/3.12.11/x64
2025-08-16T23:23:12.7808248Z   LD_LIBRARY_PATH: /opt/hostedtoolcache/Python/3.12.11/x64/lib
2025-08-16T23:23:12.7808532Z ##[endgroup]
2025-08-16T23:23:12.8776022Z localhost:5432 - accepting connections
2025-08-16T23:23:12.8810104Z ##[group]Run alembic -c services/api/alembic.ini upgrade head
2025-08-16T23:23:12.8810552Z [36;1malembic -c services/api/alembic.ini upgrade head[0m
2025-08-16T23:23:12.8850449Z shell: /usr/bin/bash -e {0}
2025-08-16T23:23:12.8850777Z env:
2025-08-16T23:23:12.8851029Z   PG_USER: postgres
2025-08-16T23:23:12.8851317Z   PG_PASSWORD: pass
2025-08-16T23:23:12.8851588Z   PG_DATABASE: awa
2025-08-16T23:23:12.8851875Z   PG_HOST: localhost
2025-08-16T23:23:12.8852249Z   PG_PORT: 5432
2025-08-16T23:23:12.8852937Z   PG_SYNC_DSN: ***localhost:5432/awa
2025-08-16T23:23:12.8853675Z   PG_ASYNC_DSN: ***localhost:5432/awa
2025-08-16T23:23:12.8854400Z   DATABASE_URL: ***localhost:5432/awa
2025-08-16T23:23:12.8854799Z   DATA_DIR: /tmp/awa-data
2025-08-16T23:23:12.8855139Z   ENABLE_LIVE: 0
2025-08-16T23:23:12.8855420Z   TESTING: 1
2025-08-16T23:23:12.8855809Z   pythonLocation: /opt/hostedtoolcache/Python/3.12.11/x64
2025-08-16T23:23:12.8856516Z   PKG_CONFIG_PATH: /opt/hostedtoolcache/Python/3.12.11/x64/lib/pkgconfig
2025-08-16T23:23:12.8857184Z   Python_ROOT_DIR: /opt/hostedtoolcache/Python/3.12.11/x64
2025-08-16T23:23:12.8858106Z   Python2_ROOT_DIR: /opt/hostedtoolcache/Python/3.12.11/x64
2025-08-16T23:23:12.8858764Z   Python3_ROOT_DIR: /opt/hostedtoolcache/Python/3.12.11/x64
2025-08-16T23:23:12.8859406Z   LD_LIBRARY_PATH: /opt/hostedtoolcache/Python/3.12.11/x64/lib
2025-08-16T23:23:12.8859919Z ##[endgroup]
2025-08-16T23:23:13.7558122Z INFO  [alembic.runtime.migration] Context impl PostgresqlImpl.
2025-08-16T23:23:13.7559051Z INFO  [alembic.runtime.migration] Will assume transactional DDL.
2025-08-16T23:23:13.7711229Z INFO  [alembic.runtime.migration] Running upgrade  -> 0001_baseline
2025-08-16T23:23:13.7859892Z INFO  [alembic.runtime.migration] Running upgrade 0001_baseline -> 0002_create_roi_view
2025-08-16T23:23:13.7885450Z INFO  [alembic.runtime.migration] Running upgrade 0002_create_roi_view -> 3e9d5c5aff2c
2025-08-16T23:23:13.8056435Z INFO  [alembic.runtime.migration] Running upgrade 3e9d5c5aff2c -> 0003_vendor_prices
2025-08-16T23:23:13.8205182Z INFO  [alembic.runtime.migration] Running upgrade 0003_vendor_prices -> 0004_fee_cron
2025-08-16T23:23:13.8282244Z INFO  [alembic.runtime.migration] Running upgrade 0004_fee_cron -> 0006_fix_roi_views
2025-08-16T23:23:13.8316700Z INFO  [alembic.runtime.migration] Running upgrade 0006_fix_roi_views -> 0020_unified_schema
2025-08-16T23:23:13.8424898Z INFO  [alembic.runtime.migration] Running upgrade 0020_unified_schema -> 0022_fix_roi_view
2025-08-16T23:23:13.8492232Z INFO  [alembic.runtime.migration] Running upgrade 0022_fix_roi_view -> 0023_add_storage_fee
2025-08-16T23:23:13.8529981Z INFO  [alembic.runtime.migration] Running upgrade 0023_add_storage_fee -> 0024_create_buybox
2025-08-16T23:23:13.9349120Z ##[group]Run python - <<'PY'
2025-08-16T23:23:13.9349424Z [36;1mpython - <<'PY'[0m
2025-08-16T23:23:13.9349684Z [36;1mfrom fastapi.testclient import TestClient[0m
2025-08-16T23:23:13.9349996Z [36;1mfrom services.api.main import app[0m
2025-08-16T23:23:13.9350249Z [36;1mc = TestClient(app)[0m
2025-08-16T23:23:13.9350470Z [36;1mr = c.get('/roi-review')[0m
2025-08-16T23:23:13.9350722Z [36;1massert r.status_code < 500, r.text[0m
2025-08-16T23:23:13.9350955Z [36;1mPY[0m
2025-08-16T23:23:13.9391031Z shell: /usr/bin/bash -e {0}
2025-08-16T23:23:13.9391254Z env:
2025-08-16T23:23:13.9391418Z   PG_USER: postgres
2025-08-16T23:23:13.9391614Z   PG_PASSWORD: pass
2025-08-16T23:23:13.9391796Z   PG_DATABASE: awa
2025-08-16T23:23:13.9391995Z   PG_HOST: localhost
2025-08-16T23:23:13.9392185Z   PG_PORT: 5432
2025-08-16T23:23:13.9392684Z   PG_SYNC_DSN: ***localhost:5432/awa
2025-08-16T23:23:13.9393074Z   PG_ASYNC_DSN: ***localhost:5432/awa
2025-08-16T23:23:13.9393484Z   DATABASE_URL: ***localhost:5432/awa
2025-08-16T23:23:13.9393717Z   DATA_DIR: /tmp/awa-data
2025-08-16T23:23:13.9393913Z   ENABLE_LIVE: 0
2025-08-16T23:23:13.9394084Z   TESTING: 1
2025-08-16T23:23:13.9394316Z   pythonLocation: /opt/hostedtoolcache/Python/3.12.11/x64
2025-08-16T23:23:13.9394708Z   PKG_CONFIG_PATH: /opt/hostedtoolcache/Python/3.12.11/x64/lib/pkgconfig
2025-08-16T23:23:13.9395088Z   Python_ROOT_DIR: /opt/hostedtoolcache/Python/3.12.11/x64
2025-08-16T23:23:13.9395427Z   Python2_ROOT_DIR: /opt/hostedtoolcache/Python/3.12.11/x64
2025-08-16T23:23:13.9395774Z   Python3_ROOT_DIR: /opt/hostedtoolcache/Python/3.12.11/x64
2025-08-16T23:23:13.9396121Z   LD_LIBRARY_PATH: /opt/hostedtoolcache/Python/3.12.11/x64/lib
2025-08-16T23:23:13.9396413Z ##[endgroup]
2025-08-16T23:23:15.0156074Z ##[group]Run alembic -c services/api/alembic.ini downgrade base
2025-08-16T23:23:15.0156524Z [36;1malembic -c services/api/alembic.ini downgrade base[0m
2025-08-16T23:23:15.0197978Z shell: /usr/bin/bash -e {0}
2025-08-16T23:23:15.0198208Z env:
2025-08-16T23:23:15.0198378Z   PG_USER: postgres
2025-08-16T23:23:15.0198572Z   PG_PASSWORD: pass
2025-08-16T23:23:15.0198757Z   PG_DATABASE: awa
2025-08-16T23:23:15.0198940Z   PG_HOST: localhost
2025-08-16T23:23:15.0199118Z   PG_PORT: 5432
2025-08-16T23:23:15.0199540Z   PG_SYNC_DSN: ***localhost:5432/awa
2025-08-16T23:23:15.0199928Z   PG_ASYNC_DSN: ***localhost:5432/awa
2025-08-16T23:23:15.0200300Z   DATABASE_URL: ***localhost:5432/awa
2025-08-16T23:23:15.0200529Z   DATA_DIR: /tmp/awa-data
2025-08-16T23:23:15.0200729Z   ENABLE_LIVE: 0
2025-08-16T23:23:15.0200896Z   TESTING: 1
2025-08-16T23:23:15.0201122Z   pythonLocation: /opt/hostedtoolcache/Python/3.12.11/x64
2025-08-16T23:23:15.0201540Z   PKG_CONFIG_PATH: /opt/hostedtoolcache/Python/3.12.11/x64/lib/pkgconfig
2025-08-16T23:23:15.0202111Z   Python_ROOT_DIR: /opt/hostedtoolcache/Python/3.12.11/x64
2025-08-16T23:23:15.0202451Z   Python2_ROOT_DIR: /opt/hostedtoolcache/Python/3.12.11/x64
2025-08-16T23:23:15.0202791Z   Python3_ROOT_DIR: /opt/hostedtoolcache/Python/3.12.11/x64
2025-08-16T23:23:15.0203129Z   LD_LIBRARY_PATH: /opt/hostedtoolcache/Python/3.12.11/x64/lib
2025-08-16T23:23:15.0203418Z ##[endgroup]
2025-08-16T23:23:15.4804664Z INFO  [alembic.runtime.migration] Context impl PostgresqlImpl.
2025-08-16T23:23:15.4805173Z INFO  [alembic.runtime.migration] Will assume transactional DDL.
2025-08-16T23:23:15.4881207Z INFO  [alembic.runtime.migration] Running downgrade 0024_create_buybox -> 0023_add_storage_fee
2025-08-16T23:23:15.4903983Z INFO  [alembic.runtime.migration] Running downgrade 0023_add_storage_fee -> 0022_fix_roi_view
2025-08-16T23:23:15.5061795Z INFO  [alembic.runtime.migration] Running downgrade 0022_fix_roi_view -> 0020_unified_schema
2025-08-16T23:23:15.5086125Z INFO  [alembic.runtime.migration] Running downgrade 0020_unified_schema -> 0006_fix_roi_views
2025-08-16T23:23:15.5121534Z INFO  [alembic.runtime.migration] Running downgrade 0006_fix_roi_views -> 0004_fee_cron
2025-08-16T23:23:15.5133597Z INFO  [alembic.runtime.migration] Running downgrade 0004_fee_cron -> 0003_vendor_prices
2025-08-16T23:23:15.5214957Z INFO  [alembic.runtime.migration] Running downgrade 0003_vendor_prices -> 3e9d5c5aff2c
2025-08-16T23:23:15.5254955Z INFO  [alembic.runtime.migration] Running downgrade 3e9d5c5aff2c -> 0002_create_roi_view
2025-08-16T23:23:15.5293552Z INFO  [alembic.runtime.migration] Running downgrade 0002_create_roi_view -> 0001_baseline
2025-08-16T23:23:15.5302930Z INFO  [alembic.runtime.migration] Running downgrade 0001_baseline -> 
2025-08-16T23:23:15.6178291Z ##[group]Run test "$(alembic -c services/api/alembic.ini heads | wc -l)" -eq 1
2025-08-16T23:23:15.6178814Z [36;1mtest "$(alembic -c services/api/alembic.ini heads | wc -l)" -eq 1[0m
2025-08-16T23:23:15.6218780Z shell: /usr/bin/bash -e {0}
2025-08-16T23:23:15.6219022Z env:
2025-08-16T23:23:15.6219192Z   PG_USER: postgres
2025-08-16T23:23:15.6219390Z   PG_PASSWORD: pass
2025-08-16T23:23:15.6219575Z   PG_DATABASE: awa
2025-08-16T23:23:15.6219763Z   PG_HOST: localhost
2025-08-16T23:23:15.6219946Z   PG_PORT: 5432
2025-08-16T23:23:15.6220378Z   PG_SYNC_DSN: ***localhost:5432/awa
2025-08-16T23:23:15.6220789Z   PG_ASYNC_DSN: ***localhost:5432/awa
2025-08-16T23:23:15.6221175Z   DATABASE_URL: ***localhost:5432/awa
2025-08-16T23:23:15.6221412Z   DATA_DIR: /tmp/awa-data
2025-08-16T23:23:15.6221612Z   ENABLE_LIVE: 0
2025-08-16T23:23:15.6221785Z   TESTING: 1
2025-08-16T23:23:15.6222022Z   pythonLocation: /opt/hostedtoolcache/Python/3.12.11/x64
2025-08-16T23:23:15.6222456Z   PKG_CONFIG_PATH: /opt/hostedtoolcache/Python/3.12.11/x64/lib/pkgconfig
2025-08-16T23:23:15.6222854Z   Python_ROOT_DIR: /opt/hostedtoolcache/Python/3.12.11/x64
2025-08-16T23:23:15.6223208Z   Python2_ROOT_DIR: /opt/hostedtoolcache/Python/3.12.11/x64
2025-08-16T23:23:15.6223565Z   Python3_ROOT_DIR: /opt/hostedtoolcache/Python/3.12.11/x64
2025-08-16T23:23:15.6223919Z   LD_LIBRARY_PATH: /opt/hostedtoolcache/Python/3.12.11/x64/lib
2025-08-16T23:23:15.6224207Z ##[endgroup]
2025-08-16T23:23:16.0165011Z Post job cleanup.
2025-08-16T23:23:16.1696904Z Cache hit occurred on the primary key setup-python-Linux-x64-24.04-Ubuntu-python-3.12.11-pip-dee7c0c28332ec2ebb5d2650fb0d2cfddf025b3b0e96b0c826645ad2cb717961, not saving cache.
2025-08-16T23:23:16.1805115Z Post job cleanup.
2025-08-16T23:23:16.2754531Z [command]/usr/bin/git version
2025-08-16T23:23:16.2797505Z git version 2.50.1
2025-08-16T23:23:16.2840942Z Temporarily overriding HOME='/home/runner/work/_temp/e72273fe-7060-43b0-8a5c-5963eddfb0c5' before making global git config changes
2025-08-16T23:23:16.2842272Z Adding repository directory to the temporary git global config as a safe directory
2025-08-16T23:23:16.2847104Z [command]/usr/bin/git config --global --add safe.directory /home/runner/work/AWA-App/AWA-App
2025-08-16T23:23:16.2882619Z [command]/usr/bin/git config --local --name-only --get-regexp core\.sshCommand
2025-08-16T23:23:16.2915601Z [command]/usr/bin/git submodule foreach --recursive sh -c "git config --local --name-only --get-regexp 'core\.sshCommand' && git config --local --unset-all 'core.sshCommand' || :"
2025-08-16T23:23:16.3147737Z [command]/usr/bin/git config --local --name-only --get-regexp http\.https\:\/\/github\.com\/\.extraheader
2025-08-16T23:23:16.3172505Z http.https://github.com/.extraheader
2025-08-16T23:23:16.3189788Z [command]/usr/bin/git config --local --unset-all http.https://github.com/.extraheader
2025-08-16T23:23:16.3227800Z [command]/usr/bin/git submodule foreach --recursive sh -c "git config --local --name-only --get-regexp 'http\.https\:\/\/github\.com\/\.extraheader' && git config --local --unset-all 'http.https://github.com/.extraheader' || :"
2025-08-16T23:23:16.3570668Z Print service container logs: b84458d7dcec478d9ec35070ed12069f_postgres15_8aeb99
2025-08-16T23:23:16.3575017Z ##[command]/usr/bin/docker logs --details 4021b6276c325cd6419d1072ca3995a2d9eb4b9295d4cff82e50a85cd7b8fc06
2025-08-16T23:23:16.3713260Z  The files belonging to this database system will be owned by user "postgres".
2025-08-16T23:23:16.3713994Z  This user must also own the server process.
2025-08-16T23:23:16.3714390Z  
2025-08-16T23:23:16.3714811Z  The database cluster will be initialized with locale "en_US.utf8".
2025-08-16T23:23:16.3715490Z  The default database encoding has accordingly been set to "UTF8".
2025-08-16T23:23:16.3716143Z  The default text search configuration will be set to "english".
2025-08-16T23:23:16.3716642Z  
2025-08-16T23:23:16.3716919Z  Data page checksums are disabled.
2025-08-16T23:23:16.3717477Z  
2025-08-16T23:23:16.3717789Z  fixing permissions on existing directory /var/lib/postgresql/data ... ok
2025-08-16T23:23:16.3718224Z  creating subdirectories ... ok
2025-08-16T23:23:16.3718509Z  selecting dynamic shared memory implementation ... posix
2025-08-16T23:23:16.3718822Z  selecting default max_connections ... 100
2025-08-16T23:23:16.3719101Z  selecting default shared_buffers ... 128MB
2025-08-16T23:23:16.3719362Z  selecting default time zone ... Etc/UTC
2025-08-16T23:23:16.3719608Z  creating configuration files ... ok
2025-08-16T23:23:16.3719854Z  running bootstrap script ... ok
2025-08-16T23:23:16.3720124Z  performing post-bootstrap initialization ... ok
2025-08-16T23:23:16.3720398Z  syncing data to disk ... ok
2025-08-16T23:23:16.3720595Z  
2025-08-16T23:23:16.3720742Z  
2025-08-16T23:23:16.3720950Z  Success. You can now start the database server using:
2025-08-16T23:23:16.3721213Z  
2025-08-16T23:23:16.3721429Z      pg_ctl -D /var/lib/postgresql/data -l logfile start
2025-08-16T23:23:16.3721701Z  
2025-08-16T23:23:16.3723089Z  initdb: warning: enabling "trust" authentication for local connections
2025-08-16T23:23:16.3723733Z  initdb: hint: You can change this by editing pg_hba.conf or using the option -A, or --auth-local and --auth-host, the next time you run initdb.
2025-08-16T23:23:16.3725328Z  2025-08-16 23:22:29.164 UTC [1] LOG:  starting PostgreSQL 15.14 (Debian 15.14-1.pgdg13+1) on x86_64-pc-linux-gnu, compiled by gcc (Debian 14.2.0-19) 14.2.0, 64-bit
2025-08-16T23:23:16.3726314Z  2025-08-16 23:22:29.164 UTC [1] LOG:  listening on IPv4 address "0.0.0.0", port 5432
2025-08-16T23:23:16.3726999Z  2025-08-16 23:22:29.164 UTC [1] LOG:  listening on IPv6 address "::", port 5432
2025-08-16T23:23:16.3727688Z  2025-08-16 23:22:29.166 UTC [1] LOG:  listening on Unix socket "/var/run/postgresql/.s.PGSQL.5432"
2025-08-16T23:23:16.3728180Z  2025-08-16 23:22:29.169 UTC [64] LOG:  database system was shut down at 2025-08-16 23:22:29 UTC
2025-08-16T23:23:16.3728611Z  2025-08-16 23:22:29.172 UTC [1] LOG:  database system is ready to accept connections
2025-08-16T23:23:16.3729310Z  waiting for server to start....2025-08-16 23:22:28.860 UTC [48] LOG:  starting PostgreSQL 15.14 (Debian 15.14-1.pgdg13+1) on x86_64-pc-linux-gnu, compiled by gcc (Debian 14.2.0-19) 14.2.0, 64-bit
2025-08-16T23:23:16.3730041Z  2025-08-16 23:22:28.861 UTC [48] LOG:  listening on Unix socket "/var/run/postgresql/.s.PGSQL.5432"
2025-08-16T23:23:16.3730746Z  2025-08-16 23:22:28.864 UTC [51] LOG:  database system was shut down at 2025-08-16 23:22:28 UTC
2025-08-16T23:23:16.3731172Z  2025-08-16 23:22:28.868 UTC [48] LOG:  database system is ready to accept connections
2025-08-16T23:23:16.3731483Z   done
2025-08-16T23:23:16.3731634Z  server started
2025-08-16T23:23:16.3731808Z  CREATE DATABASE
2025-08-16T23:23:16.3731982Z  
2025-08-16T23:23:16.3732127Z  
2025-08-16T23:23:16.3732412Z  /usr/local/bin/docker-entrypoint.sh: ignoring /docker-entrypoint-initdb.d/*
2025-08-16T23:23:16.3732766Z  
2025-08-16T23:23:16.3732987Z  2025-08-16 23:22:29.045 UTC [48] LOG:  received fast shutdown request
2025-08-16T23:23:16.3733633Z  waiting for server to shut down....2025-08-16 23:22:29.046 UTC [48] LOG:  aborting any active transactions
2025-08-16T23:23:16.3734224Z  2025-08-16 23:22:29.047 UTC [48] LOG:  background worker "logical replication launcher" (PID 54) exited with exit code 1
2025-08-16T23:23:16.3734683Z  2025-08-16 23:22:29.047 UTC [49] LOG:  shutting down
2025-08-16T23:23:16.3735020Z  2025-08-16 23:22:29.048 UTC [49] LOG:  checkpoint starting: shutdown immediate
2025-08-16T23:23:16.3735838Z  2025-08-16 23:22:29.065 UTC [49] LOG:  checkpoint complete: wrote 922 buffers (5.6%); 0 WAL file(s) added, 0 removed, 0 recycled; write=0.013 s, sync=0.003 s, total=0.018 s; sync files=301, longest=0.002 s, average=0.001 s; distance=4239 kB, estimate=4239 kB
2025-08-16T23:23:16.3736631Z  2025-08-16 23:22:29.071 UTC [48] LOG:  database system is shut down
2025-08-16T23:23:16.3736905Z   done
2025-08-16T23:23:16.3737170Z  server stopped
2025-08-16T23:23:16.3737587Z  
2025-08-16T23:23:16.3737801Z  PostgreSQL init process complete; ready for start up.
2025-08-16T23:23:16.3738069Z  
2025-08-16T23:23:16.3743398Z Stop and remove container: b84458d7dcec478d9ec35070ed12069f_postgres15_8aeb99
2025-08-16T23:23:16.3748439Z ##[command]/usr/bin/docker rm --force 4021b6276c325cd6419d1072ca3995a2d9eb4b9295d4cff82e50a85cd7b8fc06
2025-08-16T23:23:17.4677817Z 4021b6276c325cd6419d1072ca3995a2d9eb4b9295d4cff82e50a85cd7b8fc06
2025-08-16T23:23:17.4708378Z Remove container network: github_network_07b5f174ffba4263bb46a67f6c35f796
2025-08-16T23:23:17.4713025Z ##[command]/usr/bin/docker network rm github_network_07b5f174ffba4263bb46a67f6c35f796
2025-08-16T23:23:17.5828967Z github_network_07b5f174ffba4263bb46a67f6c35f796
2025-08-16T23:23:17.5888110Z Cleaning up orphan processes
