2025-08-24T15:51:11.4339240Z Current runner version: '2.328.0'
2025-08-24T15:51:11.4365062Z ##[group]Runner Image Provisioner
2025-08-24T15:51:11.4365909Z Hosted Compute Agent
2025-08-24T15:51:11.4366466Z Version: 20250821.380
2025-08-24T15:51:11.4367086Z Commit: 438d12cb4fe092871db9867344e3bc0bc5319035
2025-08-24T15:51:11.4367812Z Build Date: 2025-08-21T20:49:43Z
2025-08-24T15:51:11.4368407Z ##[endgroup]
2025-08-24T15:51:11.4368927Z ##[group]Operating System
2025-08-24T15:51:11.4369538Z Ubuntu
2025-08-24T15:51:11.4369977Z 24.04.2
2025-08-24T15:51:11.4370432Z LTS
2025-08-24T15:51:11.4370868Z ##[endgroup]
2025-08-24T15:51:11.4371818Z ##[group]Runner Image
2025-08-24T15:51:11.4372442Z Image: ubuntu-24.04
2025-08-24T15:51:11.4372974Z Version: 20250818.1.0
2025-08-24T15:51:11.4374005Z Included Software: https://github.com/actions/runner-images/blob/ubuntu24/20250818.1/images/ubuntu/Ubuntu2404-Readme.md
2025-08-24T15:51:11.4375493Z Image Release: https://github.com/actions/runner-images/releases/tag/ubuntu24%2F20250818.1
2025-08-24T15:51:11.4376527Z ##[endgroup]
2025-08-24T15:51:11.4378929Z ##[group]GITHUB_TOKEN Permissions
2025-08-24T15:51:11.4381526Z Actions: write
2025-08-24T15:51:11.4382193Z Attestations: write
2025-08-24T15:51:11.4382807Z Checks: write
2025-08-24T15:51:11.4383281Z Contents: write
2025-08-24T15:51:11.4383850Z Deployments: write
2025-08-24T15:51:11.4384323Z Discussions: write
2025-08-24T15:51:11.4384914Z Issues: write
2025-08-24T15:51:11.4385363Z Metadata: read
2025-08-24T15:51:11.4385828Z Models: read
2025-08-24T15:51:11.4386475Z Packages: write
2025-08-24T15:51:11.4386976Z Pages: write
2025-08-24T15:51:11.4387432Z PullRequests: write
2025-08-24T15:51:11.4388045Z RepositoryProjects: write
2025-08-24T15:51:11.4388601Z SecurityEvents: write
2025-08-24T15:51:11.4389180Z Statuses: write
2025-08-24T15:51:11.4389747Z ##[endgroup]
2025-08-24T15:51:11.4392059Z Secret source: Actions
2025-08-24T15:51:11.4393078Z Prepare workflow directory
2025-08-24T15:51:11.4818998Z Prepare all required actions
2025-08-24T15:51:11.4856602Z Getting action download info
2025-08-24T15:51:11.7607909Z Download action repository 'actions/checkout@v5' (SHA:08c6903cd8c0fde910a37f88322edcfb5dd907a8)
2025-08-24T15:51:11.8364109Z Download action repository 'actions/setup-python@v5' (SHA:a26af69be951a213d495a4c3e4e4022e16d87065)
2025-08-24T15:51:11.9994343Z Complete job name: migrations-check
2025-08-24T15:51:12.0474642Z ##[group]Checking docker version
2025-08-24T15:51:12.0487646Z ##[command]/usr/bin/docker version --format '{{.Server.APIVersion}}'
2025-08-24T15:51:12.0918213Z '1.48'
2025-08-24T15:51:12.0931841Z Docker daemon API version: '1.48'
2025-08-24T15:51:12.0932596Z ##[command]/usr/bin/docker version --format '{{.Client.APIVersion}}'
2025-08-24T15:51:12.1084521Z '1.48'
2025-08-24T15:51:12.1097569Z Docker client API version: '1.48'
2025-08-24T15:51:12.1102427Z ##[endgroup]
2025-08-24T15:51:12.1105599Z ##[group]Clean up resources from previous jobs
2025-08-24T15:51:12.1110745Z ##[command]/usr/bin/docker ps --all --quiet --no-trunc --filter "label=d1911d"
2025-08-24T15:51:12.1250213Z ##[command]/usr/bin/docker network prune --force --filter "label=d1911d"
2025-08-24T15:51:12.1371222Z ##[endgroup]
2025-08-24T15:51:12.1371958Z ##[group]Create local container network
2025-08-24T15:51:12.1382058Z ##[command]/usr/bin/docker network create --label d1911d github_network_326d11bd30e041dca3e5bebdd6fba7ca
2025-08-24T15:51:12.1863843Z 83ddf906835f642f1b4bc5fdf06efaa567b794eb85e13b31bb1a53f2f9b580ba
2025-08-24T15:51:12.1880113Z ##[endgroup]
2025-08-24T15:51:12.1904175Z ##[group]Starting postgres service container
2025-08-24T15:51:12.1923324Z ##[command]/usr/bin/docker pull postgres:15
2025-08-24T15:51:12.4910165Z 15: Pulling from library/postgres
2025-08-24T15:51:12.5742043Z 396b1da7636e: Pulling fs layer
2025-08-24T15:51:12.5743036Z fca2566eba32: Pulling fs layer
2025-08-24T15:51:12.5744005Z 631fe8c6d606: Pulling fs layer
2025-08-24T15:51:12.5744761Z 77c7671c4414: Pulling fs layer
2025-08-24T15:51:12.5745435Z 2d9e29180a27: Pulling fs layer
2025-08-24T15:51:12.5746008Z c6bcc2c9a041: Pulling fs layer
2025-08-24T15:51:12.5746851Z ac4b721eb66f: Pulling fs layer
2025-08-24T15:51:12.5747384Z 606bd164980e: Pulling fs layer
2025-08-24T15:51:12.5747924Z f5dfd246bc6e: Pulling fs layer
2025-08-24T15:51:12.5748476Z ba7036bb0a60: Pulling fs layer
2025-08-24T15:51:12.5749034Z 799f859abbbd: Pulling fs layer
2025-08-24T15:51:12.5749609Z d903e777080c: Pulling fs layer
2025-08-24T15:51:12.5750144Z 04adcb462801: Pulling fs layer
2025-08-24T15:51:12.5750694Z 5c10925b29ff: Pulling fs layer
2025-08-24T15:51:12.5751219Z 77c7671c4414: Waiting
2025-08-24T15:51:12.5751944Z 2d9e29180a27: Waiting
2025-08-24T15:51:12.5752438Z f5dfd246bc6e: Waiting
2025-08-24T15:51:12.5752913Z c6bcc2c9a041: Waiting
2025-08-24T15:51:12.5753404Z ac4b721eb66f: Waiting
2025-08-24T15:51:12.5753870Z ba7036bb0a60: Waiting
2025-08-24T15:51:12.5754348Z 606bd164980e: Waiting
2025-08-24T15:51:12.5754837Z 799f859abbbd: Waiting
2025-08-24T15:51:12.5755313Z 5c10925b29ff: Waiting
2025-08-24T15:51:12.5755777Z d903e777080c: Waiting
2025-08-24T15:51:12.6606003Z fca2566eba32: Verifying Checksum
2025-08-24T15:51:12.7141584Z fca2566eba32: Download complete
2025-08-24T15:51:12.7142527Z 631fe8c6d606: Verifying Checksum
2025-08-24T15:51:12.7145760Z 631fe8c6d606: Download complete
2025-08-24T15:51:12.7827786Z 77c7671c4414: Verifying Checksum
2025-08-24T15:51:12.7828859Z 77c7671c4414: Download complete
2025-08-24T15:51:12.8808174Z 2d9e29180a27: Verifying Checksum
2025-08-24T15:51:12.8809777Z 2d9e29180a27: Download complete
2025-08-24T15:51:12.9037042Z c6bcc2c9a041: Verifying Checksum
2025-08-24T15:51:12.9038419Z c6bcc2c9a041: Download complete
2025-08-24T15:51:12.9589392Z ac4b721eb66f: Verifying Checksum
2025-08-24T15:51:12.9592268Z ac4b721eb66f: Download complete
2025-08-24T15:51:12.9778336Z 606bd164980e: Download complete
2025-08-24T15:51:13.0130660Z 396b1da7636e: Verifying Checksum
2025-08-24T15:51:13.0132222Z 396b1da7636e: Download complete
2025-08-24T15:51:13.0568647Z ba7036bb0a60: Verifying Checksum
2025-08-24T15:51:13.0570053Z ba7036bb0a60: Download complete
2025-08-24T15:51:13.1021534Z 799f859abbbd: Verifying Checksum
2025-08-24T15:51:13.1034169Z 799f859abbbd: Download complete
2025-08-24T15:51:13.1404940Z d903e777080c: Verifying Checksum
2025-08-24T15:51:13.1408202Z d903e777080c: Download complete
2025-08-24T15:51:13.1900433Z 04adcb462801: Verifying Checksum
2025-08-24T15:51:13.1902434Z 04adcb462801: Download complete
2025-08-24T15:51:13.2376995Z 5c10925b29ff: Verifying Checksum
2025-08-24T15:51:13.2378353Z 5c10925b29ff: Download complete
2025-08-24T15:51:14.0088759Z 396b1da7636e: Pull complete
2025-08-24T15:51:14.2134912Z fca2566eba32: Pull complete
2025-08-24T15:51:14.4102686Z 631fe8c6d606: Pull complete
2025-08-24T15:51:14.4539972Z f5dfd246bc6e: Verifying Checksum
2025-08-24T15:51:14.4540556Z f5dfd246bc6e: Download complete
2025-08-24T15:51:14.4605780Z 77c7671c4414: Pull complete
2025-08-24T15:51:14.7532534Z 2d9e29180a27: Pull complete
2025-08-24T15:51:14.8316074Z c6bcc2c9a041: Pull complete
2025-08-24T15:51:14.8399897Z ac4b721eb66f: Pull complete
2025-08-24T15:51:14.8503873Z 606bd164980e: Pull complete
2025-08-24T15:51:17.7167247Z f5dfd246bc6e: Pull complete
2025-08-24T15:51:17.7316832Z ba7036bb0a60: Pull complete
2025-08-24T15:51:17.7424348Z 799f859abbbd: Pull complete
2025-08-24T15:51:17.7531210Z d903e777080c: Pull complete
2025-08-24T15:51:17.7645698Z 04adcb462801: Pull complete
2025-08-24T15:51:17.7746153Z 5c10925b29ff: Pull complete
2025-08-24T15:51:17.7782843Z Digest: sha256:bc51cf4f1fe02cce7ed2370b20128a9b00b4eb804573a77d2a0d877aaa9c82b1
2025-08-24T15:51:17.7796044Z Status: Downloaded newer image for postgres:15
2025-08-24T15:51:17.7805859Z docker.io/library/postgres:15
2025-08-24T15:51:17.7866443Z ##[command]/usr/bin/docker create --name 430abd890f484d9485adbfca54f86436_postgres15_d6130a --label d1911d --network github_network_326d11bd30e041dca3e5bebdd6fba7ca --network-alias postgres -p 5432:5432 --health-cmd="pg_isready -U postgres -d awa" --health-interval=5s --health-timeout=5s --health-retries=10 -e "POSTGRES_USER=postgres" -e "POSTGRES_PASSWORD=pass" -e "POSTGRES_DB=awa" -e GITHUB_ACTIONS=true -e CI=true postgres:15
2025-08-24T15:51:17.8123499Z 1b87516964b2bee2f15e2f8ba08cc9a8f416647ee2272c1157fe4f0bcdb177d1
2025-08-24T15:51:17.8147493Z ##[command]/usr/bin/docker start 1b87516964b2bee2f15e2f8ba08cc9a8f416647ee2272c1157fe4f0bcdb177d1
2025-08-24T15:51:17.9921424Z 1b87516964b2bee2f15e2f8ba08cc9a8f416647ee2272c1157fe4f0bcdb177d1
2025-08-24T15:51:17.9945874Z ##[command]/usr/bin/docker ps --all --filter id=1b87516964b2bee2f15e2f8ba08cc9a8f416647ee2272c1157fe4f0bcdb177d1 --filter status=running --no-trunc --format "{{.ID}} {{.Status}}"
2025-08-24T15:51:18.0068898Z 1b87516964b2bee2f15e2f8ba08cc9a8f416647ee2272c1157fe4f0bcdb177d1 Up Less than a second (health: starting)
2025-08-24T15:51:18.0091855Z ##[command]/usr/bin/docker port 1b87516964b2bee2f15e2f8ba08cc9a8f416647ee2272c1157fe4f0bcdb177d1
2025-08-24T15:51:18.0219515Z 5432/tcp -> 0.0.0.0:5432
2025-08-24T15:51:18.0219935Z 5432/tcp -> [::]:5432
2025-08-24T15:51:18.0266431Z ##[endgroup]
2025-08-24T15:51:18.0267394Z ##[group]Starting redis service container
2025-08-24T15:51:18.0268734Z ##[command]/usr/bin/docker pull redis:7-alpine
2025-08-24T15:51:18.2578320Z 7-alpine: Pulling from library/redis
2025-08-24T15:51:18.3235753Z 0368fd46e3c6: Pulling fs layer
2025-08-24T15:51:18.3236230Z 4c55286bbede: Pulling fs layer
2025-08-24T15:51:18.3236825Z 5e28347af205: Pulling fs layer
2025-08-24T15:51:18.3237362Z 311eca34042e: Pulling fs layer
2025-08-24T15:51:18.3238198Z e6fe6f07e192: Pulling fs layer
2025-08-24T15:51:18.3238661Z a2cadbfeca72: Pulling fs layer
2025-08-24T15:51:18.3239411Z 4f4fb700ef54: Pulling fs layer
2025-08-24T15:51:18.3240091Z a976ed7e7808: Pulling fs layer
2025-08-24T15:51:18.3241020Z e6fe6f07e192: Waiting
2025-08-24T15:51:18.3242367Z a2cadbfeca72: Waiting
2025-08-24T15:51:18.3243211Z 4f4fb700ef54: Waiting
2025-08-24T15:51:18.3243814Z a976ed7e7808: Waiting
2025-08-24T15:51:18.3244316Z 311eca34042e: Waiting
2025-08-24T15:51:18.4059598Z 4c55286bbede: Verifying Checksum
2025-08-24T15:51:18.4060315Z 4c55286bbede: Download complete
2025-08-24T15:51:18.4145665Z 5e28347af205: Verifying Checksum
2025-08-24T15:51:18.4146328Z 5e28347af205: Download complete
2025-08-24T15:51:18.4406772Z 0368fd46e3c6: Verifying Checksum
2025-08-24T15:51:18.4409315Z 0368fd46e3c6: Download complete
2025-08-24T15:51:18.5097719Z 311eca34042e: Verifying Checksum
2025-08-24T15:51:18.5100585Z 311eca34042e: Download complete
2025-08-24T15:51:18.5353007Z a2cadbfeca72: Verifying Checksum
2025-08-24T15:51:18.5353733Z a2cadbfeca72: Download complete
2025-08-24T15:51:18.5937256Z 0368fd46e3c6: Pull complete
2025-08-24T15:51:18.5984088Z 4f4fb700ef54: Verifying Checksum
2025-08-24T15:51:18.5985807Z 4f4fb700ef54: Download complete
2025-08-24T15:51:18.6130510Z e6fe6f07e192: Verifying Checksum
2025-08-24T15:51:18.6131630Z e6fe6f07e192: Download complete
2025-08-24T15:51:18.6323942Z 4c55286bbede: Pull complete
2025-08-24T15:51:18.6789552Z a976ed7e7808: Verifying Checksum
2025-08-24T15:51:18.6789960Z a976ed7e7808: Download complete
2025-08-24T15:51:18.7780644Z 5e28347af205: Pull complete
2025-08-24T15:51:18.8045590Z 311eca34042e: Pull complete
2025-08-24T15:51:19.0055964Z e6fe6f07e192: Pull complete
2025-08-24T15:51:19.0126942Z a2cadbfeca72: Pull complete
2025-08-24T15:51:19.0212654Z 4f4fb700ef54: Pull complete
2025-08-24T15:51:19.0315886Z a976ed7e7808: Pull complete
2025-08-24T15:51:19.0347988Z Digest: sha256:bb186d083732f669da90be8b0f975a37812b15e913465bb14d845db72a4e3e08
2025-08-24T15:51:19.0358463Z Status: Downloaded newer image for redis:7-alpine
2025-08-24T15:51:19.0366691Z docker.io/library/redis:7-alpine
2025-08-24T15:51:19.0383286Z ##[command]/usr/bin/docker create --name 0b97dc95983d48f0adc97b37c62d2fc0_redis7alpine_9a2072 --label d1911d --network github_network_326d11bd30e041dca3e5bebdd6fba7ca --network-alias redis -p 6379:6379  -e GITHUB_ACTIONS=true -e CI=true redis:7-alpine
2025-08-24T15:51:19.0623278Z ed99d4f4e3470c6f9d58c20300bc2eb51a2bce950cd997810dda034aa2f6f596
2025-08-24T15:51:19.0643481Z ##[command]/usr/bin/docker start ed99d4f4e3470c6f9d58c20300bc2eb51a2bce950cd997810dda034aa2f6f596
2025-08-24T15:51:19.1938532Z ed99d4f4e3470c6f9d58c20300bc2eb51a2bce950cd997810dda034aa2f6f596
2025-08-24T15:51:19.1956026Z ##[command]/usr/bin/docker ps --all --filter id=ed99d4f4e3470c6f9d58c20300bc2eb51a2bce950cd997810dda034aa2f6f596 --filter status=running --no-trunc --format "{{.ID}} {{.Status}}"
2025-08-24T15:51:19.2074517Z ed99d4f4e3470c6f9d58c20300bc2eb51a2bce950cd997810dda034aa2f6f596 Up Less than a second
2025-08-24T15:51:19.2087831Z ##[command]/usr/bin/docker port ed99d4f4e3470c6f9d58c20300bc2eb51a2bce950cd997810dda034aa2f6f596
2025-08-24T15:51:19.2191181Z 6379/tcp -> 0.0.0.0:6379
2025-08-24T15:51:19.2192041Z 6379/tcp -> [::]:6379
2025-08-24T15:51:19.2204624Z ##[endgroup]
2025-08-24T15:51:19.2216068Z ##[group]Waiting for all services to be ready
2025-08-24T15:51:19.2229317Z ##[command]/usr/bin/docker inspect --format="{{if .Config.Healthcheck}}{{print .State.Health.Status}}{{end}}" 1b87516964b2bee2f15e2f8ba08cc9a8f416647ee2272c1157fe4f0bcdb177d1
2025-08-24T15:51:19.2342393Z starting
2025-08-24T15:51:19.2362432Z postgres service is starting, waiting 2 seconds before checking again.
2025-08-24T15:51:21.2367878Z ##[command]/usr/bin/docker inspect --format="{{if .Config.Healthcheck}}{{print .State.Health.Status}}{{end}}" 1b87516964b2bee2f15e2f8ba08cc9a8f416647ee2272c1157fe4f0bcdb177d1
2025-08-24T15:51:21.2486206Z starting
2025-08-24T15:51:21.2499644Z postgres service is starting, waiting 4 seconds before checking again.
2025-08-24T15:51:25.5860180Z ##[command]/usr/bin/docker inspect --format="{{if .Config.Healthcheck}}{{print .State.Health.Status}}{{end}}" 1b87516964b2bee2f15e2f8ba08cc9a8f416647ee2272c1157fe4f0bcdb177d1
2025-08-24T15:51:25.5978569Z healthy
2025-08-24T15:51:25.5995084Z postgres service is healthy.
2025-08-24T15:51:25.5995881Z ##[command]/usr/bin/docker inspect --format="{{if .Config.Healthcheck}}{{print .State.Health.Status}}{{end}}" ed99d4f4e3470c6f9d58c20300bc2eb51a2bce950cd997810dda034aa2f6f596
2025-08-24T15:51:25.6114347Z redis service is healthy.
2025-08-24T15:51:25.6114975Z ##[endgroup]
2025-08-24T15:51:25.6420405Z ##[group]Run actions/checkout@v5
2025-08-24T15:51:25.6420927Z with:
2025-08-24T15:51:25.6421129Z   repository: AlexBomber12/AWA-App
2025-08-24T15:51:25.6421662Z   token: ***
2025-08-24T15:51:25.6421841Z   ssh-strict: true
2025-08-24T15:51:25.6422009Z   ssh-user: git
2025-08-24T15:51:25.6422193Z   persist-credentials: true
2025-08-24T15:51:25.6422391Z   clean: true
2025-08-24T15:51:25.6422581Z   sparse-checkout-cone-mode: true
2025-08-24T15:51:25.6422800Z   fetch-depth: 1
2025-08-24T15:51:25.6422962Z   fetch-tags: false
2025-08-24T15:51:25.6423139Z   show-progress: true
2025-08-24T15:51:25.6423309Z   lfs: false
2025-08-24T15:51:25.6423464Z   submodules: false
2025-08-24T15:51:25.6423637Z   set-safe-directory: true
2025-08-24T15:51:25.6424036Z env:
2025-08-24T15:51:25.6424255Z   REDIS_URL: redis://localhost:6379/0
2025-08-24T15:51:25.6424511Z   RATE_LIMIT_DEFAULT: 100/minute
2025-08-24T15:51:25.6424714Z   TRUST_X_FORWARDED: 1
2025-08-24T15:51:25.6424906Z ##[endgroup]
2025-08-24T15:51:25.7334817Z Syncing repository: AlexBomber12/AWA-App
2025-08-24T15:51:25.7336209Z ##[group]Getting Git version info
2025-08-24T15:51:25.7336570Z Working directory is '/home/runner/work/AWA-App/AWA-App'
2025-08-24T15:51:25.7337081Z [command]/usr/bin/git version
2025-08-24T15:51:25.7353935Z git version 2.51.0
2025-08-24T15:51:25.7373889Z ##[endgroup]
2025-08-24T15:51:25.7386342Z Temporarily overriding HOME='/home/runner/work/_temp/464e05a0-a98e-4e3c-ba97-ec6372d4794f' before making global git config changes
2025-08-24T15:51:25.7387139Z Adding repository directory to the temporary git global config as a safe directory
2025-08-24T15:51:25.7392134Z [command]/usr/bin/git config --global --add safe.directory /home/runner/work/AWA-App/AWA-App
2025-08-24T15:51:25.7425710Z Deleting the contents of '/home/runner/work/AWA-App/AWA-App'
2025-08-24T15:51:25.7429312Z ##[group]Initializing the repository
2025-08-24T15:51:25.7433765Z [command]/usr/bin/git init /home/runner/work/AWA-App/AWA-App
2025-08-24T15:51:25.7493217Z hint: Using 'master' as the name for the initial branch. This default branch name
2025-08-24T15:51:25.7494072Z hint: is subject to change. To configure the initial branch name to use in all
2025-08-24T15:51:25.7494866Z hint: of your new repositories, which will suppress this warning, call:
2025-08-24T15:51:25.7495415Z hint:
2025-08-24T15:51:25.7495832Z hint: 	git config --global init.defaultBranch <name>
2025-08-24T15:51:25.7496290Z hint:
2025-08-24T15:51:25.7496725Z hint: Names commonly chosen instead of 'master' are 'main', 'trunk' and
2025-08-24T15:51:25.7497487Z hint: 'development'. The just-created branch can be renamed via this command:
2025-08-24T15:51:25.7498107Z hint:
2025-08-24T15:51:25.7498433Z hint: 	git branch -m <name>
2025-08-24T15:51:25.7498800Z hint:
2025-08-24T15:51:25.7499320Z hint: Disable this message with "git config set advice.defaultBranchName false"
2025-08-24T15:51:25.7500200Z Initialized empty Git repository in /home/runner/work/AWA-App/AWA-App/.git/
2025-08-24T15:51:25.7507615Z [command]/usr/bin/git remote add origin https://github.com/AlexBomber12/AWA-App
2025-08-24T15:51:25.7539736Z ##[endgroup]
2025-08-24T15:51:25.7540310Z ##[group]Disabling automatic garbage collection
2025-08-24T15:51:25.7544268Z [command]/usr/bin/git config --local gc.auto 0
2025-08-24T15:51:25.7571545Z ##[endgroup]
2025-08-24T15:51:25.7572170Z ##[group]Setting up auth
2025-08-24T15:51:25.7578429Z [command]/usr/bin/git config --local --name-only --get-regexp core\.sshCommand
2025-08-24T15:51:25.7608004Z [command]/usr/bin/git submodule foreach --recursive sh -c "git config --local --name-only --get-regexp 'core\.sshCommand' && git config --local --unset-all 'core.sshCommand' || :"
2025-08-24T15:51:25.7868360Z [command]/usr/bin/git config --local --name-only --get-regexp http\.https\:\/\/github\.com\/\.extraheader
2025-08-24T15:51:25.7898148Z [command]/usr/bin/git submodule foreach --recursive sh -c "git config --local --name-only --get-regexp 'http\.https\:\/\/github\.com\/\.extraheader' && git config --local --unset-all 'http.https://github.com/.extraheader' || :"
2025-08-24T15:51:25.8116373Z [command]/usr/bin/git config --local http.https://github.com/.extraheader AUTHORIZATION: basic ***
2025-08-24T15:51:25.8149818Z ##[endgroup]
2025-08-24T15:51:25.8150377Z ##[group]Fetching the repository
2025-08-24T15:51:25.8158722Z [command]/usr/bin/git -c protocol.version=2 fetch --no-tags --prune --no-recurse-submodules --depth=1 origin +3c765048ed0205a6d25ecfd53863513b4915eb54:refs/remotes/pull/357/merge
2025-08-24T15:51:26.0414840Z From https://github.com/AlexBomber12/AWA-App
2025-08-24T15:51:26.0415547Z  * [new ref]         3c765048ed0205a6d25ecfd53863513b4915eb54 -> pull/357/merge
2025-08-24T15:51:26.0444458Z ##[endgroup]
2025-08-24T15:51:26.0445033Z ##[group]Determining the checkout info
2025-08-24T15:51:26.0447048Z ##[endgroup]
2025-08-24T15:51:26.0451931Z [command]/usr/bin/git sparse-checkout disable
2025-08-24T15:51:26.0491509Z [command]/usr/bin/git config --local --unset-all extensions.worktreeConfig
2025-08-24T15:51:26.0516394Z ##[group]Checking out the ref
2025-08-24T15:51:26.0520259Z [command]/usr/bin/git checkout --progress --force refs/remotes/pull/357/merge
2025-08-24T15:51:26.0849341Z Note: switching to 'refs/remotes/pull/357/merge'.
2025-08-24T15:51:26.0849733Z 
2025-08-24T15:51:26.0850044Z You are in 'detached HEAD' state. You can look around, make experimental
2025-08-24T15:51:26.0850773Z changes and commit them, and you can discard any commits you make in this
2025-08-24T15:51:26.0851645Z state without impacting any branches by switching back to a branch.
2025-08-24T15:51:26.0852071Z 
2025-08-24T15:51:26.0852363Z If you want to create a new branch to retain commits you create, you may
2025-08-24T15:51:26.0852820Z do so (now or later) by using -c with the switch command. Example:
2025-08-24T15:51:26.0853066Z 
2025-08-24T15:51:26.0853167Z   git switch -c <new-branch-name>
2025-08-24T15:51:26.0853326Z 
2025-08-24T15:51:26.0853424Z Or undo this operation with:
2025-08-24T15:51:26.0853824Z 
2025-08-24T15:51:26.0853914Z   git switch -
2025-08-24T15:51:26.0854052Z 
2025-08-24T15:51:26.0854340Z Turn off this advice by setting config variable advice.detachedHead to false
2025-08-24T15:51:26.0854844Z 
2025-08-24T15:51:26.0855453Z HEAD is now at 3c76504 Merge dac59087e56a265255ae837a81c4bff880d3e9e7 into 3fbb8a22a76efa3b88a3bd2ff2ae91c9c15c0152
2025-08-24T15:51:26.0859287Z ##[endgroup]
2025-08-24T15:51:26.0895670Z [command]/usr/bin/git log -1 --format=%H
2025-08-24T15:51:26.0919659Z 3c765048ed0205a6d25ecfd53863513b4915eb54
2025-08-24T15:51:26.1117733Z ##[group]Run cat .env.ci >> "$GITHUB_ENV"
2025-08-24T15:51:26.1118079Z [36;1mcat .env.ci >> "$GITHUB_ENV"[0m
2025-08-24T15:51:26.1118761Z [36;1mecho "DATABASE_URL=***localhost:5432/awa" >> "$GITHUB_ENV"[0m
2025-08-24T15:51:26.1119110Z [36;1mecho "PG_HOST=localhost" >> "$GITHUB_ENV"[0m
2025-08-24T15:51:26.1119393Z [36;1mecho "PG_PORT=5432" >> "$GITHUB_ENV"[0m
2025-08-24T15:51:26.1119668Z [36;1mecho "PG_USER=postgres" >> "$GITHUB_ENV"[0m
2025-08-24T15:51:26.1119973Z [36;1mecho "PG_PASSWORD=pass" >> "$GITHUB_ENV"[0m
2025-08-24T15:51:26.1120254Z [36;1mecho "PG_DATABASE=awa" >> "$GITHUB_ENV"[0m
2025-08-24T15:51:26.1164645Z shell: /usr/bin/bash -e {0}
2025-08-24T15:51:26.1164881Z env:
2025-08-24T15:51:26.1165079Z   REDIS_URL: redis://localhost:6379/0
2025-08-24T15:51:26.1165325Z   RATE_LIMIT_DEFAULT: 100/minute
2025-08-24T15:51:26.1165542Z   TRUST_X_FORWARDED: 1
2025-08-24T15:51:26.1165722Z ##[endgroup]
2025-08-24T15:51:26.1340942Z ##[group]Run actions/setup-python@v5
2025-08-24T15:51:26.1341224Z with:
2025-08-24T15:51:26.1341699Z   python-version: 3.12
2025-08-24T15:51:26.1341925Z   cache: pip
2025-08-24T15:51:26.1342138Z   cache-dependency-path: requirements-dev.txt
2025-08-24T15:51:26.1342412Z   check-latest: false
2025-08-24T15:51:26.1342718Z   token: ***
2025-08-24T15:51:26.1342905Z   update-environment: true
2025-08-24T15:51:26.1343116Z   allow-prereleases: false
2025-08-24T15:51:26.1343308Z   freethreaded: false
2025-08-24T15:51:26.1343494Z env:
2025-08-24T15:51:26.1343669Z   REDIS_URL: redis://localhost:6379/0
2025-08-24T15:51:26.1343921Z   RATE_LIMIT_DEFAULT: 100/minute
2025-08-24T15:51:26.1344133Z   TRUST_X_FORWARDED: 1
2025-08-24T15:51:26.1344316Z   PG_USER: postgres
2025-08-24T15:51:26.1344494Z   PG_PASSWORD: pass
2025-08-24T15:51:26.1344662Z   PG_DATABASE: awa
2025-08-24T15:51:26.1344831Z   PG_HOST: localhost
2025-08-24T15:51:26.1345002Z   PG_PORT: 5432
2025-08-24T15:51:26.1345407Z   PG_SYNC_DSN: ***localhost:5432/awa
2025-08-24T15:51:26.1346053Z   PG_ASYNC_DSN: ***localhost:5432/awa
2025-08-24T15:51:26.1346690Z   DATABASE_URL: ***localhost:5432/awa
2025-08-24T15:51:26.1347062Z   DATA_DIR: /tmp/awa-data
2025-08-24T15:51:26.1347379Z   ENABLE_LIVE: 0
2025-08-24T15:51:26.1347645Z   TESTING: 1
2025-08-24T15:51:26.1347902Z ##[endgroup]
2025-08-24T15:51:26.2977655Z ##[group]Installed versions
2025-08-24T15:51:26.3059642Z Successfully set up CPython (3.12.11)
2025-08-24T15:51:26.3060416Z ##[endgroup]
2025-08-24T15:51:26.3357449Z [command]/opt/hostedtoolcache/Python/3.12.11/x64/bin/pip cache dir
2025-08-24T15:51:27.4881199Z /home/runner/.cache/pip
2025-08-24T15:51:27.6188914Z Cache hit for: setup-python-Linux-x64-24.04-Ubuntu-python-3.12.11-pip-cc13ccef493b9f3a93ad5651164d9fb09282c1111f6f72ce20e0657de16de6b4
2025-08-24T15:51:28.6516343Z Received 255852544 of 376053341 (68.0%), 244.0 MBs/sec
2025-08-24T15:51:29.2829701Z Received 376053341 of 376053341 (100.0%), 219.9 MBs/sec
2025-08-24T15:51:29.2831827Z Cache Size: ~359 MB (376053341 B)
2025-08-24T15:51:29.2946013Z [command]/usr/bin/tar -xf /home/runner/work/_temp/f6075a9b-18f9-4b39-befb-84f2b673daf4/cache.tzst -P -C /home/runner/work/AWA-App/AWA-App --use-compress-program unzstd
2025-08-24T15:51:29.8855968Z Cache restored successfully
2025-08-24T15:51:29.9552509Z Cache restored from key: setup-python-Linux-x64-24.04-Ubuntu-python-3.12.11-pip-cc13ccef493b9f3a93ad5651164d9fb09282c1111f6f72ce20e0657de16de6b4
2025-08-24T15:51:29.9689963Z ##[group]Run pip install --break-system-packages -r requirements-dev.txt
2025-08-24T15:51:29.9690667Z [36;1mpip install --break-system-packages -r requirements-dev.txt[0m
2025-08-24T15:51:29.9691101Z [36;1mpip install --break-system-packages keepa==1.3.15 minio==7.1.15[0m
2025-08-24T15:51:29.9735377Z shell: /usr/bin/bash -e {0}
2025-08-24T15:51:29.9735608Z env:
2025-08-24T15:51:29.9735815Z   REDIS_URL: redis://localhost:6379/0
2025-08-24T15:51:29.9736082Z   RATE_LIMIT_DEFAULT: 100/minute
2025-08-24T15:51:29.9736307Z   TRUST_X_FORWARDED: 1
2025-08-24T15:51:29.9736511Z   PG_USER: postgres
2025-08-24T15:51:29.9736702Z   PG_PASSWORD: pass
2025-08-24T15:51:29.9736876Z   PG_DATABASE: awa
2025-08-24T15:51:29.9737058Z   PG_HOST: localhost
2025-08-24T15:51:29.9737245Z   PG_PORT: 5432
2025-08-24T15:51:29.9737745Z   PG_SYNC_DSN: ***localhost:5432/awa
2025-08-24T15:51:29.9738223Z   PG_ASYNC_DSN: ***localhost:5432/awa
2025-08-24T15:51:29.9738612Z   DATABASE_URL: ***localhost:5432/awa
2025-08-24T15:51:29.9738896Z   DATA_DIR: /tmp/awa-data
2025-08-24T15:51:29.9739096Z   ENABLE_LIVE: 0
2025-08-24T15:51:29.9739266Z   TESTING: 1
2025-08-24T15:51:29.9739498Z   pythonLocation: /opt/hostedtoolcache/Python/3.12.11/x64
2025-08-24T15:51:29.9739919Z   PKG_CONFIG_PATH: /opt/hostedtoolcache/Python/3.12.11/x64/lib/pkgconfig
2025-08-24T15:51:29.9740314Z   Python_ROOT_DIR: /opt/hostedtoolcache/Python/3.12.11/x64
2025-08-24T15:51:29.9740655Z   Python2_ROOT_DIR: /opt/hostedtoolcache/Python/3.12.11/x64
2025-08-24T15:51:29.9741005Z   Python3_ROOT_DIR: /opt/hostedtoolcache/Python/3.12.11/x64
2025-08-24T15:51:29.9741566Z   LD_LIBRARY_PATH: /opt/hostedtoolcache/Python/3.12.11/x64/lib
2025-08-24T15:51:29.9741860Z ##[endgroup]
2025-08-24T15:51:30.8303816Z Collecting Jinja2==3.1.6 (from -r requirements-dev.txt (line 2))
2025-08-24T15:51:30.8316569Z   Using cached jinja2-3.1.6-py3-none-any.whl.metadata (2.9 kB)
2025-08-24T15:51:30.8562492Z Collecting alembic==1.16.4 (from -r requirements-dev.txt (line 3))
2025-08-24T15:51:30.8574133Z   Using cached alembic-1.16.4-py3-none-any.whl.metadata (7.3 kB)
2025-08-24T15:51:30.8761713Z Collecting apscheduler==3.10.4 (from -r requirements-dev.txt (line 4))
2025-08-24T15:51:30.8772745Z   Using cached APScheduler-3.10.4-py3-none-any.whl.metadata (5.7 kB)
2025-08-24T15:51:30.8952914Z Collecting asgi-correlation-id==4.3.1 (from -r requirements-dev.txt (line 5))
2025-08-24T15:51:30.8964106Z   Using cached asgi_correlation_id-4.3.1-py3-none-any.whl.metadata (28 kB)
2025-08-24T15:51:30.9590867Z Collecting asyncpg==0.30.0 (from -r requirements-dev.txt (line 6))
2025-08-24T15:51:30.9603448Z   Using cached asyncpg-0.30.0-cp312-cp312-manylinux_2_17_x86_64.manylinux2014_x86_64.whl.metadata (5.0 kB)
2025-08-24T15:51:31.0064905Z Collecting black==25.1.0 (from -r requirements-dev.txt (line 7))
2025-08-24T15:51:31.0076658Z   Using cached black-25.1.0-cp312-cp312-manylinux_2_17_x86_64.manylinux2014_x86_64.manylinux_2_28_x86_64.whl.metadata (81 kB)
2025-08-24T15:51:31.3693486Z Collecting boto3 (from -r requirements-dev.txt (line 8))
2025-08-24T15:51:31.4257270Z   Downloading boto3-1.40.16-py3-none-any.whl.metadata (6.7 kB)
2025-08-24T15:51:31.4616125Z Collecting redis==6.* (from -r requirements-dev.txt (line 9))
2025-08-24T15:51:31.4627629Z   Using cached redis-6.4.0-py3-none-any.whl.metadata (10 kB)
2025-08-24T15:51:31.4982459Z Collecting minio==7.* (from -r requirements-dev.txt (line 10))
2025-08-24T15:51:31.4993386Z   Using cached minio-7.2.16-py3-none-any.whl.metadata (6.5 kB)
2025-08-24T15:51:31.5171193Z Collecting vulture==2.10 (from -r requirements-dev.txt (line 11))
2025-08-24T15:51:31.5182966Z   Using cached vulture-2.10-py2.py3-none-any.whl.metadata (23 kB)
2025-08-24T15:51:31.5513380Z Collecting celery==5.5.3 (from -r requirements-dev.txt (line 12))
2025-08-24T15:51:31.5524912Z   Using cached celery-5.5.3-py3-none-any.whl.metadata (22 kB)
2025-08-24T15:51:31.6121538Z Collecting fastapi==0.116.1 (from -r requirements-dev.txt (line 13))
2025-08-24T15:51:31.6133951Z   Using cached fastapi-0.116.1-py3-none-any.whl.metadata (28 kB)
2025-08-24T15:51:31.6322776Z Collecting fastapi-limiter==0.1.6 (from -r requirements-dev.txt (line 15))
2025-08-24T15:51:31.6333772Z   Using cached fastapi_limiter-0.1.6-py3-none-any.whl.metadata (5.3 kB)
2025-08-24T15:51:31.6545713Z Collecting httpx<0.29,>=0.27 (from -r requirements-dev.txt (line 16))
2025-08-24T15:51:31.6556794Z   Using cached httpx-0.28.1-py3-none-any.whl.metadata (7.1 kB)
2025-08-24T15:51:31.6699380Z Collecting imapclient==3.0.1 (from -r requirements-dev.txt (line 17))
2025-08-24T15:51:31.6710438Z   Using cached IMAPClient-3.0.1-py2.py3-none-any.whl.metadata (1.7 kB)
2025-08-24T15:51:31.6845397Z Collecting itsdangerous (from -r requirements-dev.txt (line 18))
2025-08-24T15:51:31.6856333Z   Using cached itsdangerous-2.2.0-py3-none-any.whl.metadata (1.9 kB)
2025-08-24T15:51:31.7848022Z Collecting mypy==1.* (from -r requirements-dev.txt (line 19))
2025-08-24T15:51:31.7859704Z   Using cached mypy-1.17.1-cp312-cp312-manylinux2014_x86_64.manylinux_2_17_x86_64.manylinux_2_28_x86_64.whl.metadata (2.2 kB)
2025-08-24T15:51:31.7986012Z Collecting mypy-extensions==1.1.0 (from -r requirements-dev.txt (line 20))
2025-08-24T15:51:31.7997394Z   Using cached mypy_extensions-1.1.0-py3-none-any.whl.metadata (1.1 kB)
2025-08-24T15:51:31.9797723Z Collecting numpy<2 (from -r requirements-dev.txt (line 21))
2025-08-24T15:51:31.9810827Z   Using cached numpy-1.26.4-cp312-cp312-manylinux_2_17_x86_64.manylinux2014_x86_64.whl.metadata (61 kB)
2025-08-24T15:51:32.0090891Z Collecting openpyxl==3.1.5 (from -r requirements-dev.txt (line 22))
2025-08-24T15:51:32.0102252Z   Using cached openpyxl-3.1.5-py2.py3-none-any.whl.metadata (2.5 kB)
2025-08-24T15:51:32.1385893Z Collecting pandas==2.2.* (from -r requirements-dev.txt (line 23))
2025-08-24T15:51:32.1399327Z   Using cached pandas-2.2.3-cp312-cp312-manylinux_2_17_x86_64.manylinux2014_x86_64.whl.metadata (89 kB)
2025-08-24T15:51:32.2357491Z Collecting psycopg2-binary==2.9.10 (from -r requirements-dev.txt (line 24))
2025-08-24T15:51:32.2369909Z   Using cached psycopg2_binary-2.9.10-cp312-cp312-manylinux_2_17_x86_64.manylinux2014_x86_64.whl.metadata (4.9 kB)
2025-08-24T15:51:32.2566613Z Collecting psycopg==3.2.9 (from psycopg[binary]==3.2.9->-r requirements-dev.txt (line 25))
2025-08-24T15:51:32.2578126Z   Using cached psycopg-3.2.9-py3-none-any.whl.metadata (4.5 kB)
2025-08-24T15:51:32.3660439Z Collecting pydantic==2.11.7 (from -r requirements-dev.txt (line 26))
2025-08-24T15:51:32.3672776Z   Using cached pydantic-2.11.7-py3-none-any.whl.metadata (67 kB)
2025-08-24T15:51:32.4905190Z Collecting setuptools (from -r requirements-dev.txt (line 27))
2025-08-24T15:51:32.4917746Z   Using cached setuptools-80.9.0-py3-none-any.whl.metadata (6.6 kB)
2025-08-24T15:51:32.5199334Z Collecting pytest-asyncio==1.1.0 (from -r requirements-dev.txt (line 28))
2025-08-24T15:51:32.5211082Z   Using cached pytest_asyncio-1.1.0-py3-none-any.whl.metadata (4.1 kB)
2025-08-24T15:51:32.5386664Z Collecting pytest-cov==6.2.1 (from -r requirements-dev.txt (line 29))
2025-08-24T15:51:32.5398244Z   Using cached pytest_cov-6.2.1-py3-none-any.whl.metadata (30 kB)
2025-08-24T15:51:32.5584235Z Collecting pytest-postgresql==7.0.2 (from -r requirements-dev.txt (line 30))
2025-08-24T15:51:32.5595674Z   Using cached pytest_postgresql-7.0.2-py3-none-any.whl.metadata (18 kB)
2025-08-24T15:51:32.5792126Z Collecting python-dotenv (from -r requirements-dev.txt (line 31))
2025-08-24T15:51:32.5803375Z   Using cached python_dotenv-1.1.1-py3-none-any.whl.metadata (24 kB)
2025-08-24T15:51:32.5956086Z Collecting python-multipart (from -r requirements-dev.txt (line 32))
2025-08-24T15:51:32.5967295Z   Using cached python_multipart-0.0.20-py3-none-any.whl.metadata (1.8 kB)
2025-08-24T15:51:32.6276982Z Collecting python-telegram-bot==22.3 (from -r requirements-dev.txt (line 33))
2025-08-24T15:51:32.6287906Z   Using cached python_telegram_bot-22.3-py3-none-any.whl.metadata (17 kB)
2025-08-24T15:51:32.6596306Z Collecting requests==2.32.4 (from -r requirements-dev.txt (line 34))
2025-08-24T15:51:32.6608025Z   Using cached requests-2.32.4-py3-none-any.whl.metadata (4.9 kB)
2025-08-24T15:51:32.6786569Z Collecting respx==0.22.0 (from -r requirements-dev.txt (line 35))
2025-08-24T15:51:32.6797905Z   Using cached respx-0.22.0-py2.py3-none-any.whl.metadata (4.1 kB)
2025-08-24T15:51:33.0763867Z Collecting ruff==0.9.9 (from -r requirements-dev.txt (line 36))
2025-08-24T15:51:33.0777173Z   Using cached ruff-0.9.9-py3-none-manylinux_2_17_x86_64.manylinux2014_x86_64.whl.metadata (25 kB)
2025-08-24T15:51:33.3407766Z Collecting sqlalchemy==2.0.43 (from -r requirements-dev.txt (line 37))
2025-08-24T15:51:33.3420657Z   Using cached sqlalchemy-2.0.43-cp312-cp312-manylinux_2_17_x86_64.manylinux2014_x86_64.whl.metadata (9.6 kB)
2025-08-24T15:51:33.3665874Z Collecting structlog==24.1.0 (from -r requirements-dev.txt (line 38))
2025-08-24T15:51:33.3677157Z   Using cached structlog-24.1.0-py3-none-any.whl.metadata (6.9 kB)
2025-08-24T15:51:33.3879882Z Collecting testcontainers==4.12.0 (from testcontainers[postgres]==4.12.0->-r requirements-dev.txt (line 39))
2025-08-24T15:51:33.3891427Z   Using cached testcontainers-4.12.0-py3-none-any.whl.metadata (8.3 kB)
2025-08-24T15:51:33.4293974Z Collecting types-requests==2.32.4.20250809 (from -r requirements-dev.txt (line 40))
2025-08-24T15:51:33.4305635Z   Using cached types_requests-2.32.4.20250809-py3-none-any.whl.metadata (2.0 kB)
2025-08-24T15:51:33.4460807Z Collecting docspec-python==2.2.2 (from -r requirements-dev.txt (line 41))
2025-08-24T15:51:33.4472507Z   Using cached docspec_python-2.2.2-py3-none-any.whl.metadata (1.0 kB)
2025-08-24T15:51:33.4666863Z Collecting pydoc-markdown==4.8.2 (from -r requirements-dev.txt (line 42))
2025-08-24T15:51:33.4678208Z   Using cached pydoc_markdown-4.8.2-py3-none-any.whl.metadata (5.9 kB)
2025-08-24T15:51:33.5383900Z Collecting pandera==0.19.* (from -r requirements-dev.txt (line 43))
2025-08-24T15:51:33.5396978Z   Using cached pandera-0.19.3-py3-none-any.whl.metadata (15 kB)
2025-08-24T15:51:33.5956486Z Collecting MarkupSafe>=2.0 (from Jinja2==3.1.6->-r requirements-dev.txt (line 2))
2025-08-24T15:51:33.5968762Z   Using cached MarkupSafe-3.0.2-cp312-cp312-manylinux_2_17_x86_64.manylinux2014_x86_64.whl.metadata (4.0 kB)
2025-08-24T15:51:33.6245214Z Collecting Mako (from alembic==1.16.4->-r requirements-dev.txt (line 3))
2025-08-24T15:51:33.6257167Z   Using cached mako-1.3.10-py3-none-any.whl.metadata (2.9 kB)
2025-08-24T15:51:33.6451939Z Collecting typing-extensions>=4.12 (from alembic==1.16.4->-r requirements-dev.txt (line 3))
2025-08-24T15:51:33.6463735Z   Using cached typing_extensions-4.14.1-py3-none-any.whl.metadata (3.0 kB)
2025-08-24T15:51:33.6629872Z Collecting six>=1.4.0 (from apscheduler==3.10.4->-r requirements-dev.txt (line 4))
2025-08-24T15:51:33.6641575Z   Using cached six-1.17.0-py2.py3-none-any.whl.metadata (1.7 kB)
2025-08-24T15:51:33.7007778Z Collecting pytz (from apscheduler==3.10.4->-r requirements-dev.txt (line 4))
2025-08-24T15:51:33.7019821Z   Using cached pytz-2025.2-py2.py3-none-any.whl.metadata (22 kB)
2025-08-24T15:51:33.7206066Z Collecting tzlocal!=3.*,>=2.0 (from apscheduler==3.10.4->-r requirements-dev.txt (line 4))
2025-08-24T15:51:33.7217393Z   Using cached tzlocal-5.3.1-py3-none-any.whl.metadata (7.6 kB)
2025-08-24T15:51:33.7587640Z Collecting starlette>=0.18 (from asgi-correlation-id==4.3.1->-r requirements-dev.txt (line 5))
2025-08-24T15:51:33.7663114Z   Downloading starlette-0.47.3-py3-none-any.whl.metadata (6.2 kB)
2025-08-24T15:51:33.7910364Z Collecting click>=8.0.0 (from black==25.1.0->-r requirements-dev.txt (line 7))
2025-08-24T15:51:33.7922140Z   Using cached click-8.2.1-py3-none-any.whl.metadata (2.5 kB)
2025-08-24T15:51:33.8110376Z Collecting packaging>=22.0 (from black==25.1.0->-r requirements-dev.txt (line 7))
2025-08-24T15:51:33.8121921Z   Using cached packaging-25.0-py3-none-any.whl.metadata (3.3 kB)
2025-08-24T15:51:33.8263875Z Collecting pathspec>=0.9.0 (from black==25.1.0->-r requirements-dev.txt (line 7))
2025-08-24T15:51:33.8275418Z   Using cached pathspec-0.12.1-py3-none-any.whl.metadata (21 kB)
2025-08-24T15:51:33.8485976Z Collecting platformdirs>=2 (from black==25.1.0->-r requirements-dev.txt (line 7))
2025-08-24T15:51:33.8497565Z   Using cached platformdirs-4.3.8-py3-none-any.whl.metadata (12 kB)
2025-08-24T15:51:33.8648596Z Collecting toml (from vulture==2.10->-r requirements-dev.txt (line 11))
2025-08-24T15:51:33.8660414Z   Using cached toml-0.10.2-py2.py3-none-any.whl.metadata (7.1 kB)
2025-08-24T15:51:33.8859547Z Collecting billiard<5.0,>=4.2.1 (from celery==5.5.3->-r requirements-dev.txt (line 12))
2025-08-24T15:51:33.8871421Z   Using cached billiard-4.2.1-py3-none-any.whl.metadata (4.4 kB)
2025-08-24T15:51:33.9191893Z Collecting kombu<5.6,>=5.5.2 (from celery==5.5.3->-r requirements-dev.txt (line 12))
2025-08-24T15:51:33.9203492Z   Using cached kombu-5.5.4-py3-none-any.whl.metadata (3.5 kB)
2025-08-24T15:51:33.9381831Z Collecting vine<6.0,>=5.1.0 (from celery==5.5.3->-r requirements-dev.txt (line 12))
2025-08-24T15:51:33.9393529Z   Using cached vine-5.1.0-py3-none-any.whl.metadata (2.7 kB)
2025-08-24T15:51:33.9551667Z Collecting click-didyoumean>=0.3.0 (from celery==5.5.3->-r requirements-dev.txt (line 12))
2025-08-24T15:51:33.9563241Z   Using cached click_didyoumean-0.3.1-py3-none-any.whl.metadata (3.9 kB)
2025-08-24T15:51:33.9683963Z Collecting click-repl>=0.2.0 (from celery==5.5.3->-r requirements-dev.txt (line 12))
2025-08-24T15:51:33.9695505Z   Using cached click_repl-0.3.0-py3-none-any.whl.metadata (3.6 kB)
2025-08-24T15:51:33.9816658Z Collecting click-plugins>=1.1.1 (from celery==5.5.3->-r requirements-dev.txt (line 12))
2025-08-24T15:51:33.9828260Z   Using cached click_plugins-1.1.1.2-py2.py3-none-any.whl.metadata (6.5 kB)
2025-08-24T15:51:33.9980490Z Collecting python-dateutil>=2.8.2 (from celery==5.5.3->-r requirements-dev.txt (line 12))
2025-08-24T15:51:33.9992877Z   Using cached python_dateutil-2.9.0.post0-py2.py3-none-any.whl.metadata (8.4 kB)
2025-08-24T15:51:34.0360923Z Collecting annotated-types>=0.6.0 (from pydantic==2.11.7->-r requirements-dev.txt (line 26))
2025-08-24T15:51:34.0372462Z   Using cached annotated_types-0.7.0-py3-none-any.whl.metadata (15 kB)
2025-08-24T15:51:34.6894677Z Collecting pydantic-core==2.33.2 (from pydantic==2.11.7->-r requirements-dev.txt (line 26))
2025-08-24T15:51:34.6908231Z   Using cached pydantic_core-2.33.2-cp312-cp312-manylinux_2_17_x86_64.manylinux2014_x86_64.whl.metadata (6.8 kB)
2025-08-24T15:51:34.7071706Z Collecting typing-inspection>=0.4.0 (from pydantic==2.11.7->-r requirements-dev.txt (line 26))
2025-08-24T15:51:34.7083570Z   Using cached typing_inspection-0.4.1-py3-none-any.whl.metadata (2.6 kB)
2025-08-24T15:51:34.7346357Z Collecting et-xmlfile (from openpyxl==3.1.5->-r requirements-dev.txt (line 22))
2025-08-24T15:51:34.7357815Z   Using cached et_xmlfile-2.0.0-py3-none-any.whl.metadata (2.7 kB)
2025-08-24T15:51:34.7769187Z Collecting pytest<9,>=8.2 (from pytest-asyncio==1.1.0->-r requirements-dev.txt (line 28))
2025-08-24T15:51:34.7813829Z   Using cached pytest-8.4.1-py3-none-any.whl.metadata (7.7 kB)
2025-08-24T15:51:35.1181892Z Collecting coverage>=7.5 (from coverage[toml]>=7.5->pytest-cov==6.2.1->-r requirements-dev.txt (line 29))
2025-08-24T15:51:35.1259928Z   Downloading coverage-7.10.5-cp312-cp312-manylinux1_x86_64.manylinux_2_28_x86_64.manylinux_2_5_x86_64.whl.metadata (8.9 kB)
2025-08-24T15:51:35.1429237Z Collecting pluggy>=1.2 (from pytest-cov==6.2.1->-r requirements-dev.txt (line 29))
2025-08-24T15:51:35.1441035Z   Using cached pluggy-1.6.0-py3-none-any.whl.metadata (4.8 kB)
2025-08-24T15:51:35.1683222Z Collecting port-for>=0.7.3 (from pytest-postgresql==7.0.2->-r requirements-dev.txt (line 30))
2025-08-24T15:51:35.1694534Z   Using cached port_for-0.7.4-py3-none-any.whl.metadata (7.1 kB)
2025-08-24T15:51:35.1860780Z Collecting mirakuru>=2.6.0 (from pytest-postgresql==7.0.2->-r requirements-dev.txt (line 30))
2025-08-24T15:51:35.1873179Z   Using cached mirakuru-2.6.1-py3-none-any.whl.metadata (10 kB)
2025-08-24T15:51:35.2707159Z Collecting charset_normalizer<4,>=2 (from requests==2.32.4->-r requirements-dev.txt (line 34))
2025-08-24T15:51:35.2720396Z   Using cached charset_normalizer-3.4.3-cp312-cp312-manylinux2014_x86_64.manylinux_2_17_x86_64.manylinux_2_28_x86_64.whl.metadata (36 kB)
2025-08-24T15:51:35.2900419Z Collecting idna<4,>=2.5 (from requests==2.32.4->-r requirements-dev.txt (line 34))
2025-08-24T15:51:35.2911989Z   Using cached idna-3.10-py3-none-any.whl.metadata (10 kB)
2025-08-24T15:51:35.3213012Z Collecting urllib3<3,>=1.21.1 (from requests==2.32.4->-r requirements-dev.txt (line 34))
2025-08-24T15:51:35.3224442Z   Using cached urllib3-2.5.0-py3-none-any.whl.metadata (6.5 kB)
2025-08-24T15:51:35.3456011Z Collecting certifi>=2017.4.17 (from requests==2.32.4->-r requirements-dev.txt (line 34))
2025-08-24T15:51:35.3467540Z   Using cached certifi-2025.8.3-py3-none-any.whl.metadata (2.4 kB)
2025-08-24T15:51:35.5417494Z Collecting greenlet>=1 (from sqlalchemy==2.0.43->-r requirements-dev.txt (line 37))
2025-08-24T15:51:35.5430299Z   Using cached greenlet-3.2.4-cp312-cp312-manylinux_2_24_x86_64.manylinux_2_28_x86_64.whl.metadata (4.1 kB)
2025-08-24T15:51:35.5687302Z Collecting docker (from testcontainers==4.12.0->testcontainers[postgres]==4.12.0->-r requirements-dev.txt (line 39))
2025-08-24T15:51:35.5698839Z   Using cached docker-7.1.0-py3-none-any.whl.metadata (3.8 kB)
2025-08-24T15:51:35.6670145Z Collecting wrapt (from testcontainers==4.12.0->testcontainers[postgres]==4.12.0->-r requirements-dev.txt (line 39))
2025-08-24T15:51:35.6683397Z   Using cached wrapt-1.17.3-cp312-cp312-manylinux1_x86_64.manylinux_2_28_x86_64.manylinux_2_5_x86_64.whl.metadata (6.4 kB)
2025-08-24T15:51:35.6953863Z Collecting docspec==2.2.1 (from docspec-python==2.2.2->-r requirements-dev.txt (line 41))
2025-08-24T15:51:35.6965252Z   Using cached docspec-2.2.1-py3-none-any.whl.metadata (1.5 kB)
2025-08-24T15:51:35.7155247Z Collecting nr-util>=0.8.12 (from docspec-python==2.2.2->-r requirements-dev.txt (line 41))
2025-08-24T15:51:35.7166818Z   Using cached nr.util-0.8.12-py3-none-any.whl.metadata (813 bytes)
2025-08-24T15:51:35.7527801Z Collecting PyYAML<7.0,>=5.0 (from pydoc-markdown==4.8.2->-r requirements-dev.txt (line 42))
2025-08-24T15:51:35.7539499Z   Using cached PyYAML-6.0.2-cp312-cp312-manylinux_2_17_x86_64.manylinux2014_x86_64.whl.metadata (2.1 kB)
2025-08-24T15:51:35.7825174Z Collecting databind.core<5.0.0,>=4.4.0 (from pydoc-markdown==4.8.2->-r requirements-dev.txt (line 42))
2025-08-24T15:51:35.7837319Z   Using cached databind.core-4.5.2-py3-none-any.whl.metadata (1.1 kB)
2025-08-24T15:51:35.8065358Z Collecting databind.json<5.0.0,>=4.4.0 (from pydoc-markdown==4.8.2->-r requirements-dev.txt (line 42))
2025-08-24T15:51:35.8076738Z   Using cached databind.json-4.5.2-py3-none-any.whl.metadata (1.1 kB)
2025-08-24T15:51:35.8242384Z Collecting docstring-parser<0.12,>=0.11 (from pydoc-markdown==4.8.2->-r requirements-dev.txt (line 42))
2025-08-24T15:51:35.8244296Z   Using cached docstring_parser-0.11-py3-none-any.whl
2025-08-24T15:51:35.8580060Z Collecting tomli<3.0.0,>=2.0.0 (from pydoc-markdown==4.8.2->-r requirements-dev.txt (line 42))
2025-08-24T15:51:35.8592178Z   Using cached tomli-2.2.1-cp312-cp312-manylinux_2_17_x86_64.manylinux2014_x86_64.whl.metadata (11 kB)
2025-08-24T15:51:35.8722712Z Collecting tomli_w<2.0.0,>=1.0.0 (from pydoc-markdown==4.8.2->-r requirements-dev.txt (line 42))
2025-08-24T15:51:35.8734183Z   Using cached tomli_w-1.2.0-py3-none-any.whl.metadata (5.7 kB)
2025-08-24T15:51:35.9203269Z Collecting watchdog (from pydoc-markdown==4.8.2->-r requirements-dev.txt (line 42))
2025-08-24T15:51:35.9214934Z   Using cached watchdog-6.0.0-py3-none-manylinux2014_x86_64.whl.metadata (44 kB)
2025-08-24T15:51:35.9451425Z Collecting yapf>=0.30.0 (from pydoc-markdown==4.8.2->-r requirements-dev.txt (line 42))
2025-08-24T15:51:35.9462843Z   Using cached yapf-0.43.0-py3-none-any.whl.metadata (46 kB)
2025-08-24T15:51:35.9699948Z Collecting Deprecated<2.0.0,>=1.2.12 (from docspec==2.2.1->docspec-python==2.2.2->-r requirements-dev.txt (line 41))
2025-08-24T15:51:35.9711550Z   Using cached Deprecated-1.2.18-py2.py3-none-any.whl.metadata (5.7 kB)
2025-08-24T15:51:36.1195365Z Collecting psycopg-binary==3.2.9 (from psycopg[binary]==3.2.9->-r requirements-dev.txt (line 25))
2025-08-24T15:51:36.1208533Z   Using cached psycopg_binary-3.2.9-cp312-cp312-manylinux_2_17_x86_64.manylinux2014_x86_64.whl.metadata (2.9 kB)
2025-08-24T15:51:36.1565058Z Collecting argon2-cffi (from minio==7.*->-r requirements-dev.txt (line 10))
2025-08-24T15:51:36.1576570Z   Using cached argon2_cffi-25.1.0-py3-none-any.whl.metadata (4.1 kB)
2025-08-24T15:51:36.2382896Z Collecting pycryptodome (from minio==7.*->-r requirements-dev.txt (line 10))
2025-08-24T15:51:36.2399094Z   Using cached pycryptodome-3.23.0-cp37-abi3-manylinux_2_17_x86_64.manylinux2014_x86_64.whl.metadata (3.4 kB)
2025-08-24T15:51:36.2625605Z Collecting anyio (from httpx<0.29,>=0.27->-r requirements-dev.txt (line 16))
2025-08-24T15:51:36.2636982Z   Using cached anyio-4.10.0-py3-none-any.whl.metadata (4.0 kB)
2025-08-24T15:51:36.2850642Z Collecting httpcore==1.* (from httpx<0.29,>=0.27->-r requirements-dev.txt (line 16))
2025-08-24T15:51:36.2862432Z   Using cached httpcore-1.0.9-py3-none-any.whl.metadata (21 kB)
2025-08-24T15:51:36.3212385Z Collecting tzdata>=2022.7 (from pandas==2.2.*->-r requirements-dev.txt (line 23))
2025-08-24T15:51:36.3223981Z   Using cached tzdata-2025.2-py2.py3-none-any.whl.metadata (1.4 kB)
2025-08-24T15:51:36.3393894Z Collecting multimethod<=1.10.0 (from pandera==0.19.*->-r requirements-dev.txt (line 43))
2025-08-24T15:51:36.3405083Z   Using cached multimethod-1.10-py3-none-any.whl.metadata (8.2 kB)
2025-08-24T15:51:36.3804119Z Collecting typeguard (from pandera==0.19.*->-r requirements-dev.txt (line 43))
2025-08-24T15:51:36.3815768Z   Using cached typeguard-4.4.4-py3-none-any.whl.metadata (3.3 kB)
2025-08-24T15:51:36.3945102Z Collecting typing-inspect>=0.6.0 (from pandera==0.19.*->-r requirements-dev.txt (line 43))
2025-08-24T15:51:36.3956366Z   Using cached typing_inspect-0.9.0-py3-none-any.whl.metadata (1.5 kB)
2025-08-24T15:51:36.4257606Z Collecting databind<5.0.0,>=4.5.2 (from databind.core<5.0.0,>=4.4.0->pydoc-markdown==4.8.2->-r requirements-dev.txt (line 42))
2025-08-24T15:51:36.4269180Z   Using cached databind-4.5.2-py3-none-any.whl.metadata (4.3 kB)
2025-08-24T15:51:36.4422509Z Collecting nr-date<3.0.0,>=2.0.0 (from databind<5.0.0,>=4.5.2->databind.core<5.0.0,>=4.4.0->pydoc-markdown==4.8.2->-r requirements-dev.txt (line 42))
2025-08-24T15:51:36.4433902Z   Using cached nr_date-2.1.0-py3-none-any.whl.metadata (746 bytes)
2025-08-24T15:51:36.4587171Z Collecting nr-stream<2.0.0,>=1.0.0 (from databind<5.0.0,>=4.5.2->databind.core<5.0.0,>=4.4.0->pydoc-markdown==4.8.2->-r requirements-dev.txt (line 42))
2025-08-24T15:51:36.4598811Z   Using cached nr_stream-1.1.5-py3-none-any.whl.metadata (3.6 kB)
2025-08-24T15:51:36.4779677Z Collecting typeapi<3,>=2.0.1 (from databind<5.0.0,>=4.5.2->databind.core<5.0.0,>=4.4.0->pydoc-markdown==4.8.2->-r requirements-dev.txt (line 42))
2025-08-24T15:51:36.4791091Z   Using cached typeapi-2.2.4-py3-none-any.whl.metadata (1.5 kB)
2025-08-24T15:51:36.5107126Z Collecting h11>=0.16 (from httpcore==1.*->httpx<0.29,>=0.27->-r requirements-dev.txt (line 16))
2025-08-24T15:51:36.5118596Z   Using cached h11-0.16.0-py3-none-any.whl.metadata (8.3 kB)
2025-08-24T15:51:36.5353782Z Collecting amqp<6.0.0,>=5.1.1 (from kombu<5.6,>=5.5.2->celery==5.5.3->-r requirements-dev.txt (line 12))
2025-08-24T15:51:36.5365381Z   Using cached amqp-5.3.1-py3-none-any.whl.metadata (8.9 kB)
2025-08-24T15:51:36.5783134Z Collecting iniconfig>=1 (from pytest<9,>=8.2->pytest-asyncio==1.1.0->-r requirements-dev.txt (line 28))
2025-08-24T15:51:36.5799399Z   Using cached iniconfig-2.1.0-py3-none-any.whl.metadata (2.7 kB)
2025-08-24T15:51:36.6033890Z Collecting pygments>=2.7.2 (from pytest<9,>=8.2->pytest-asyncio==1.1.0->-r requirements-dev.txt (line 28))
2025-08-24T15:51:36.6044605Z   Using cached pygments-2.19.2-py3-none-any.whl.metadata (2.5 kB)
2025-08-24T15:51:36.6392649Z Collecting sniffio>=1.1 (from anyio->httpx<0.29,>=0.27->-r requirements-dev.txt (line 16))
2025-08-24T15:51:36.6404420Z   Using cached sniffio-1.3.1-py3-none-any.whl.metadata (3.9 kB)
2025-08-24T15:51:37.1366461Z Collecting botocore<1.41.0,>=1.40.16 (from boto3->-r requirements-dev.txt (line 8))
2025-08-24T15:51:37.1443326Z   Downloading botocore-1.40.16-py3-none-any.whl.metadata (5.7 kB)
2025-08-24T15:51:37.1622799Z Collecting jmespath<2.0.0,>=0.7.1 (from boto3->-r requirements-dev.txt (line 8))
2025-08-24T15:51:37.1635047Z   Using cached jmespath-1.0.1-py3-none-any.whl.metadata (7.6 kB)
2025-08-24T15:51:37.1823212Z Collecting s3transfer<0.14.0,>=0.13.0 (from boto3->-r requirements-dev.txt (line 8))
2025-08-24T15:51:37.1834293Z   Using cached s3transfer-0.13.1-py3-none-any.whl.metadata (1.7 kB)
2025-08-24T15:51:37.3859177Z Collecting fastapi-cli>=0.0.8 (from fastapi-cli[standard]>=0.0.8; extra == "all"->fastapi[all]->-r requirements-dev.txt (line 14))
2025-08-24T15:51:37.3906574Z   Using cached fastapi_cli-0.0.8-py3-none-any.whl.metadata (6.3 kB)
2025-08-24T15:51:37.4646624Z Collecting ujson!=4.0.2,!=4.1.0,!=4.2.0,!=4.3.0,!=5.0.0,!=5.1.0,>=4.0.1 (from fastapi[all]->-r requirements-dev.txt (line 14))
2025-08-24T15:51:37.4658496Z   Using cached ujson-5.11.0-cp312-cp312-manylinux_2_24_x86_64.manylinux_2_28_x86_64.whl.metadata (9.4 kB)
2025-08-24T15:51:37.6953880Z Collecting orjson>=3.2.1 (from fastapi[all]->-r requirements-dev.txt (line 14))
2025-08-24T15:51:37.6967328Z   Using cached orjson-3.11.2-cp312-cp312-manylinux_2_17_x86_64.manylinux2014_x86_64.whl.metadata (1.2 kB)
2025-08-24T15:51:37.7120647Z Collecting email-validator>=2.0.0 (from fastapi[all]->-r requirements-dev.txt (line 14))
2025-08-24T15:51:37.7132338Z   Using cached email_validator-2.2.0-py3-none-any.whl.metadata (25 kB)
2025-08-24T15:51:37.7449989Z Collecting uvicorn>=0.12.0 (from uvicorn[standard]>=0.12.0; extra == "all"->fastapi[all]->-r requirements-dev.txt (line 14))
2025-08-24T15:51:37.7460794Z   Using cached uvicorn-0.35.0-py3-none-any.whl.metadata (6.5 kB)
2025-08-24T15:51:37.7655218Z Collecting pydantic-settings>=2.0.0 (from fastapi[all]->-r requirements-dev.txt (line 14))
2025-08-24T15:51:37.7666331Z   Using cached pydantic_settings-2.10.1-py3-none-any.whl.metadata (3.4 kB)
2025-08-24T15:51:37.7824474Z Collecting pydantic-extra-types>=2.0.0 (from fastapi[all]->-r requirements-dev.txt (line 14))
2025-08-24T15:51:37.7835731Z   Using cached pydantic_extra_types-2.10.5-py3-none-any.whl.metadata (3.9 kB)
2025-08-24T15:51:37.8526754Z Collecting prompt-toolkit>=3.0.36 (from click-repl>=0.2.0->celery==5.5.3->-r requirements-dev.txt (line 12))
2025-08-24T15:51:37.8537599Z   Using cached prompt_toolkit-3.0.51-py3-none-any.whl.metadata (6.4 kB)
2025-08-24T15:51:37.8748830Z Collecting dnspython>=2.0.0 (from email-validator>=2.0.0->fastapi[all]->-r requirements-dev.txt (line 14))
2025-08-24T15:51:37.8759610Z   Using cached dnspython-2.7.0-py3-none-any.whl.metadata (5.8 kB)
2025-08-24T15:51:37.9071631Z Collecting typer>=0.15.1 (from fastapi-cli>=0.0.8->fastapi-cli[standard]>=0.0.8; extra == "all"->fastapi[all]->-r requirements-dev.txt (line 14))
2025-08-24T15:51:37.9082171Z   Using cached typer-0.16.1-py3-none-any.whl.metadata (15 kB)
2025-08-24T15:51:37.9368504Z Collecting rich-toolkit>=0.14.8 (from fastapi-cli>=0.0.8->fastapi-cli[standard]>=0.0.8; extra == "all"->fastapi[all]->-r requirements-dev.txt (line 14))
2025-08-24T15:51:37.9379724Z   Using cached rich_toolkit-0.15.0-py3-none-any.whl.metadata (1.0 kB)
2025-08-24T15:51:37.9531687Z Collecting fastapi-cloud-cli>=0.1.1 (from fastapi-cli[standard]>=0.0.8; extra == "all"->fastapi[all]->-r requirements-dev.txt (line 14))
2025-08-24T15:51:37.9543347Z   Using cached fastapi_cloud_cli-0.1.5-py3-none-any.whl.metadata (3.2 kB)
2025-08-24T15:51:38.0291627Z Collecting rignore>=0.5.1 (from fastapi-cloud-cli>=0.1.1->fastapi-cli[standard]>=0.0.8; extra == "all"->fastapi[all]->-r requirements-dev.txt (line 14))
2025-08-24T15:51:38.0303490Z   Using cached rignore-0.6.4-cp312-cp312-manylinux_2_17_x86_64.manylinux2014_x86_64.whl.metadata (3.8 kB)
2025-08-24T15:51:38.0938728Z Collecting sentry-sdk>=2.20.0 (from fastapi-cloud-cli>=0.1.1->fastapi-cli[standard]>=0.0.8; extra == "all"->fastapi[all]->-r requirements-dev.txt (line 14))
2025-08-24T15:51:38.0950926Z   Using cached sentry_sdk-2.35.0-py2.py3-none-any.whl.metadata (10 kB)
2025-08-24T15:51:38.1908386Z Collecting psutil>=4.0.0 (from mirakuru>=2.6.0->pytest-postgresql==7.0.2->-r requirements-dev.txt (line 30))
2025-08-24T15:51:38.1921146Z   Using cached psutil-7.0.0-cp36-abi3-manylinux_2_12_x86_64.manylinux2010_x86_64.manylinux_2_17_x86_64.manylinux2014_x86_64.whl.metadata (22 kB)
2025-08-24T15:51:38.2277623Z Collecting wcwidth (from prompt-toolkit>=3.0.36->click-repl>=0.2.0->celery==5.5.3->-r requirements-dev.txt (line 12))
2025-08-24T15:51:38.2292320Z   Using cached wcwidth-0.2.13-py2.py3-none-any.whl.metadata (14 kB)
2025-08-24T15:51:38.3291006Z Collecting rich>=13.7.1 (from rich-toolkit>=0.14.8->fastapi-cli>=0.0.8->fastapi-cli[standard]>=0.0.8; extra == "all"->fastapi[all]->-r requirements-dev.txt (line 14))
2025-08-24T15:51:38.3302957Z   Using cached rich-14.1.0-py3-none-any.whl.metadata (18 kB)
2025-08-24T15:51:38.3520534Z Collecting markdown-it-py>=2.2.0 (from rich>=13.7.1->rich-toolkit>=0.14.8->fastapi-cli>=0.0.8->fastapi-cli[standard]>=0.0.8; extra == "all"->fastapi[all]->-r requirements-dev.txt (line 14))
2025-08-24T15:51:38.3532324Z   Using cached markdown_it_py-4.0.0-py3-none-any.whl.metadata (7.3 kB)
2025-08-24T15:51:38.3767263Z Collecting mdurl~=0.1 (from markdown-it-py>=2.2.0->rich>=13.7.1->rich-toolkit>=0.14.8->fastapi-cli>=0.0.8->fastapi-cli[standard]>=0.0.8; extra == "all"->fastapi[all]->-r requirements-dev.txt (line 14))
2025-08-24T15:51:38.3779483Z   Using cached mdurl-0.1.2-py3-none-any.whl.metadata (1.6 kB)
2025-08-24T15:51:38.4288213Z Collecting shellingham>=1.3.0 (from typer>=0.15.1->fastapi-cli>=0.0.8->fastapi-cli[standard]>=0.0.8; extra == "all"->fastapi[all]->-r requirements-dev.txt (line 14))
2025-08-24T15:51:38.4299642Z   Using cached shellingham-1.5.4-py2.py3-none-any.whl.metadata (3.5 kB)
2025-08-24T15:51:38.5039830Z Collecting httptools>=0.6.3 (from uvicorn[standard]>=0.12.0; extra == "all"->fastapi[all]->-r requirements-dev.txt (line 14))
2025-08-24T15:51:38.5052446Z   Using cached httptools-0.6.4-cp312-cp312-manylinux_2_5_x86_64.manylinux1_x86_64.manylinux_2_17_x86_64.manylinux2014_x86_64.whl.metadata (3.6 kB)
2025-08-24T15:51:38.5494222Z Collecting uvloop>=0.15.1 (from uvicorn[standard]>=0.12.0; extra == "all"->fastapi[all]->-r requirements-dev.txt (line 14))
2025-08-24T15:51:38.5506221Z   Using cached uvloop-0.21.0-cp312-cp312-manylinux_2_17_x86_64.manylinux2014_x86_64.whl.metadata (4.9 kB)
2025-08-24T15:51:38.6229683Z Collecting watchfiles>=0.13 (from uvicorn[standard]>=0.12.0; extra == "all"->fastapi[all]->-r requirements-dev.txt (line 14))
2025-08-24T15:51:38.6242113Z   Using cached watchfiles-1.1.0-cp312-cp312-manylinux_2_17_x86_64.manylinux2014_x86_64.whl.metadata (4.9 kB)
2025-08-24T15:51:38.7110676Z Collecting websockets>=10.4 (from uvicorn[standard]>=0.12.0; extra == "all"->fastapi[all]->-r requirements-dev.txt (line 14))
2025-08-24T15:51:38.7123295Z   Using cached websockets-15.0.1-cp312-cp312-manylinux_2_5_x86_64.manylinux1_x86_64.manylinux_2_17_x86_64.manylinux2014_x86_64.whl.metadata (6.8 kB)
2025-08-24T15:51:38.8647832Z Collecting argon2-cffi-bindings (from argon2-cffi->minio==7.*->-r requirements-dev.txt (line 10))
2025-08-24T15:51:38.8660015Z   Using cached argon2_cffi_bindings-25.1.0-cp39-abi3-manylinux_2_26_x86_64.manylinux_2_28_x86_64.whl.metadata (7.4 kB)
2025-08-24T15:51:38.9700260Z Collecting cffi>=1.0.1 (from argon2-cffi-bindings->argon2-cffi->minio==7.*->-r requirements-dev.txt (line 10))
2025-08-24T15:51:38.9713174Z   Using cached cffi-1.17.1-cp312-cp312-manylinux_2_17_x86_64.manylinux2014_x86_64.whl.metadata (1.5 kB)
2025-08-24T15:51:38.9870556Z Collecting pycparser (from cffi>=1.0.1->argon2-cffi-bindings->argon2-cffi->minio==7.*->-r requirements-dev.txt (line 10))
2025-08-24T15:51:38.9881970Z   Using cached pycparser-2.22-py3-none-any.whl.metadata (943 bytes)
2025-08-24T15:51:39.0483673Z Using cached jinja2-3.1.6-py3-none-any.whl (134 kB)
2025-08-24T15:51:39.0496217Z Using cached alembic-1.16.4-py3-none-any.whl (247 kB)
2025-08-24T15:51:39.0508606Z Using cached APScheduler-3.10.4-py3-none-any.whl (59 kB)
2025-08-24T15:51:39.0520218Z Using cached asgi_correlation_id-4.3.1-py3-none-any.whl (15 kB)
2025-08-24T15:51:39.0531805Z Using cached asyncpg-0.30.0-cp312-cp312-manylinux_2_17_x86_64.manylinux2014_x86_64.whl (3.6 MB)
2025-08-24T15:51:39.0568721Z Using cached black-25.1.0-cp312-cp312-manylinux_2_17_x86_64.manylinux2014_x86_64.manylinux_2_28_x86_64.whl (1.8 MB)
2025-08-24T15:51:39.0591945Z Using cached vulture-2.10-py2.py3-none-any.whl (27 kB)
2025-08-24T15:51:39.0603120Z Using cached celery-5.5.3-py3-none-any.whl (438 kB)
2025-08-24T15:51:39.0617050Z Using cached fastapi-0.116.1-py3-none-any.whl (95 kB)
2025-08-24T15:51:39.0628802Z Using cached pydantic-2.11.7-py3-none-any.whl (444 kB)
2025-08-24T15:51:39.0642990Z Using cached fastapi_limiter-0.1.6-py3-none-any.whl (15 kB)
2025-08-24T15:51:39.0654039Z Using cached IMAPClient-3.0.1-py2.py3-none-any.whl (182 kB)
2025-08-24T15:51:39.0666339Z Using cached mypy_extensions-1.1.0-py3-none-any.whl (5.0 kB)
2025-08-24T15:51:39.0677501Z Using cached openpyxl-3.1.5-py2.py3-none-any.whl (250 kB)
2025-08-24T15:51:39.0691085Z Using cached psycopg2_binary-2.9.10-cp312-cp312-manylinux_2_17_x86_64.manylinux2014_x86_64.whl (3.0 MB)
2025-08-24T15:51:39.0723807Z Using cached psycopg-3.2.9-py3-none-any.whl (202 kB)
2025-08-24T15:51:39.0736035Z Using cached pytest_asyncio-1.1.0-py3-none-any.whl (15 kB)
2025-08-24T15:51:39.0747020Z Using cached pytest_cov-6.2.1-py3-none-any.whl (24 kB)
2025-08-24T15:51:39.0758118Z Using cached pytest_postgresql-7.0.2-py3-none-any.whl (41 kB)
2025-08-24T15:51:39.0769428Z Using cached python_telegram_bot-22.3-py3-none-any.whl (717 kB)
2025-08-24T15:51:39.0785382Z Using cached requests-2.32.4-py3-none-any.whl (64 kB)
2025-08-24T15:51:39.0797025Z Using cached respx-0.22.0-py2.py3-none-any.whl (25 kB)
2025-08-24T15:51:39.0808471Z Using cached ruff-0.9.9-py3-none-manylinux_2_17_x86_64.manylinux2014_x86_64.whl (11.2 MB)
2025-08-24T15:51:39.0897583Z Using cached sqlalchemy-2.0.43-cp312-cp312-manylinux_2_17_x86_64.manylinux2014_x86_64.whl (3.3 MB)
2025-08-24T15:51:39.0931922Z Using cached structlog-24.1.0-py3-none-any.whl (65 kB)
2025-08-24T15:51:39.0943500Z Using cached testcontainers-4.12.0-py3-none-any.whl (111 kB)
2025-08-24T15:51:39.0955254Z Using cached types_requests-2.32.4.20250809-py3-none-any.whl (20 kB)
2025-08-24T15:51:39.0966665Z Using cached docspec_python-2.2.2-py3-none-any.whl (15 kB)
2025-08-24T15:51:39.0977729Z Using cached pydoc_markdown-4.8.2-py3-none-any.whl (67 kB)
2025-08-24T15:51:39.0988885Z Using cached docspec-2.2.1-py3-none-any.whl (9.8 kB)
2025-08-24T15:51:39.1000736Z Using cached psycopg_binary-3.2.9-cp312-cp312-manylinux_2_17_x86_64.manylinux2014_x86_64.whl (4.4 MB)
2025-08-24T15:51:39.1042943Z Using cached pydantic_core-2.33.2-cp312-cp312-manylinux_2_17_x86_64.manylinux2014_x86_64.whl (2.0 MB)
2025-08-24T15:51:39.1067692Z Using cached redis-6.4.0-py3-none-any.whl (279 kB)
2025-08-24T15:51:39.1080596Z Using cached minio-7.2.16-py3-none-any.whl (95 kB)
2025-08-24T15:51:39.1092456Z Using cached httpx-0.28.1-py3-none-any.whl (73 kB)
2025-08-24T15:51:39.1104406Z Using cached mypy-1.17.1-cp312-cp312-manylinux2014_x86_64.manylinux_2_17_x86_64.manylinux_2_28_x86_64.whl (12.7 MB)
2025-08-24T15:51:39.1204278Z Using cached numpy-1.26.4-cp312-cp312-manylinux_2_17_x86_64.manylinux2014_x86_64.whl (18.0 MB)
2025-08-24T15:51:39.1340156Z Using cached pandas-2.2.3-cp312-cp312-manylinux_2_17_x86_64.manylinux2014_x86_64.whl (12.7 MB)
2025-08-24T15:51:39.1440186Z Using cached pandera-0.19.3-py3-none-any.whl (251 kB)
2025-08-24T15:51:39.1453199Z Using cached billiard-4.2.1-py3-none-any.whl (86 kB)
2025-08-24T15:51:39.1465680Z Using cached charset_normalizer-3.4.3-cp312-cp312-manylinux2014_x86_64.manylinux_2_17_x86_64.manylinux_2_28_x86_64.whl (151 kB)
2025-08-24T15:51:39.1477495Z Using cached click-8.2.1-py3-none-any.whl (102 kB)
2025-08-24T15:51:39.1489252Z Using cached databind.core-4.5.2-py3-none-any.whl (1.5 kB)
2025-08-24T15:51:39.1500455Z Using cached databind-4.5.2-py3-none-any.whl (49 kB)
2025-08-24T15:51:39.1511516Z Using cached databind.json-4.5.2-py3-none-any.whl (1.5 kB)
2025-08-24T15:51:39.1522324Z Using cached Deprecated-1.2.18-py2.py3-none-any.whl (10.0 kB)
2025-08-24T15:51:39.1533132Z Using cached httpcore-1.0.9-py3-none-any.whl (78 kB)
2025-08-24T15:51:39.1544268Z Using cached idna-3.10-py3-none-any.whl (70 kB)
2025-08-24T15:51:39.1555355Z Using cached kombu-5.5.4-py3-none-any.whl (210 kB)
2025-08-24T15:51:39.1567327Z Using cached vine-5.1.0-py3-none-any.whl (9.6 kB)
2025-08-24T15:51:39.1578416Z Using cached amqp-5.3.1-py3-none-any.whl (50 kB)
2025-08-24T15:51:39.1589565Z Using cached multimethod-1.10-py3-none-any.whl (9.9 kB)
2025-08-24T15:51:39.1600640Z Using cached nr_date-2.1.0-py3-none-any.whl (10 kB)
2025-08-24T15:51:39.1611945Z Using cached nr_stream-1.1.5-py3-none-any.whl (10 kB)
2025-08-24T15:51:39.1623251Z Using cached nr.util-0.8.12-py3-none-any.whl (90 kB)
2025-08-24T15:51:39.1634801Z Using cached pytest-8.4.1-py3-none-any.whl (365 kB)
2025-08-24T15:51:39.1648648Z Using cached pluggy-1.6.0-py3-none-any.whl (20 kB)
2025-08-24T15:51:39.1660181Z Using cached PyYAML-6.0.2-cp312-cp312-manylinux_2_17_x86_64.manylinux2014_x86_64.whl (767 kB)
2025-08-24T15:51:39.1741101Z Downloading starlette-0.47.3-py3-none-any.whl (72 kB)
2025-08-24T15:51:39.1834875Z Using cached anyio-4.10.0-py3-none-any.whl (107 kB)
2025-08-24T15:51:39.1847155Z Using cached tomli-2.2.1-cp312-cp312-manylinux_2_17_x86_64.manylinux2014_x86_64.whl (242 kB)
2025-08-24T15:51:39.1859768Z Using cached tomli_w-1.2.0-py3-none-any.whl (6.7 kB)
2025-08-24T15:51:39.1870867Z Using cached typeapi-2.2.4-py3-none-any.whl (26 kB)
2025-08-24T15:51:39.1882560Z Using cached typing_extensions-4.14.1-py3-none-any.whl (43 kB)
2025-08-24T15:51:39.1894111Z Using cached urllib3-2.5.0-py3-none-any.whl (129 kB)
2025-08-24T15:51:39.1909617Z Using cached wrapt-1.17.3-cp312-cp312-manylinux1_x86_64.manylinux_2_28_x86_64.manylinux_2_5_x86_64.whl (88 kB)
2025-08-24T15:51:39.1984374Z Downloading boto3-1.40.16-py3-none-any.whl (140 kB)
2025-08-24T15:51:39.2123806Z Downloading botocore-1.40.16-py3-none-any.whl (14.0 MB)
2025-08-24T15:51:39.2849657Z    ━━━━━━━━━━━━━━━━━━━━━━━━━━━━━━━━━━━━━━━━ 14.0/14.0 MB 210.4 MB/s  0:00:00
2025-08-24T15:51:39.2863173Z Using cached jmespath-1.0.1-py3-none-any.whl (20 kB)
2025-08-24T15:51:39.2874891Z Using cached python_dateutil-2.9.0.post0-py2.py3-none-any.whl (229 kB)
2025-08-24T15:51:39.2887895Z Using cached s3transfer-0.13.1-py3-none-any.whl (85 kB)
2025-08-24T15:51:39.2899674Z Using cached itsdangerous-2.2.0-py3-none-any.whl (16 kB)
2025-08-24T15:51:39.2911237Z Using cached setuptools-80.9.0-py3-none-any.whl (1.2 MB)
2025-08-24T15:51:39.2931721Z Using cached python_dotenv-1.1.1-py3-none-any.whl (20 kB)
2025-08-24T15:51:39.2943173Z Using cached python_multipart-0.0.20-py3-none-any.whl (24 kB)
2025-08-24T15:51:39.2954752Z Using cached annotated_types-0.7.0-py3-none-any.whl (13 kB)
2025-08-24T15:51:39.2966602Z Using cached certifi-2025.8.3-py3-none-any.whl (161 kB)
2025-08-24T15:51:39.2978768Z Using cached click_didyoumean-0.3.1-py3-none-any.whl (3.6 kB)
2025-08-24T15:51:39.2990399Z Using cached click_plugins-1.1.1.2-py2.py3-none-any.whl (11 kB)
2025-08-24T15:51:39.3001696Z Using cached click_repl-0.3.0-py3-none-any.whl (10 kB)
2025-08-24T15:51:39.3075663Z Downloading coverage-7.10.5-cp312-cp312-manylinux1_x86_64.manylinux_2_28_x86_64.manylinux_2_5_x86_64.whl (251 kB)
2025-08-24T15:51:39.3122823Z Using cached email_validator-2.2.0-py3-none-any.whl (33 kB)
2025-08-24T15:51:39.3134522Z Using cached dnspython-2.7.0-py3-none-any.whl (313 kB)
2025-08-24T15:51:39.3147832Z Using cached fastapi_cli-0.0.8-py3-none-any.whl (10 kB)
2025-08-24T15:51:39.3159265Z Using cached fastapi_cloud_cli-0.1.5-py3-none-any.whl (18 kB)
2025-08-24T15:51:39.3170985Z Using cached greenlet-3.2.4-cp312-cp312-manylinux_2_24_x86_64.manylinux_2_28_x86_64.whl (607 kB)
2025-08-24T15:51:39.3186626Z Using cached h11-0.16.0-py3-none-any.whl (37 kB)
2025-08-24T15:51:39.3198539Z Using cached iniconfig-2.1.0-py3-none-any.whl (6.0 kB)
2025-08-24T15:51:39.3210145Z Using cached MarkupSafe-3.0.2-cp312-cp312-manylinux_2_17_x86_64.manylinux2014_x86_64.whl (23 kB)
2025-08-24T15:51:39.3221701Z Using cached mirakuru-2.6.1-py3-none-any.whl (26 kB)
2025-08-24T15:51:39.3233659Z Using cached orjson-3.11.2-cp312-cp312-manylinux_2_17_x86_64.manylinux2014_x86_64.whl (121 kB)
2025-08-24T15:51:39.3245488Z Using cached packaging-25.0-py3-none-any.whl (66 kB)
2025-08-24T15:51:39.3257210Z Using cached pathspec-0.12.1-py3-none-any.whl (31 kB)
2025-08-24T15:51:39.3268554Z Using cached platformdirs-4.3.8-py3-none-any.whl (18 kB)
2025-08-24T15:51:39.3279673Z Using cached port_for-0.7.4-py3-none-any.whl (21 kB)
2025-08-24T15:51:39.3290978Z Using cached prompt_toolkit-3.0.51-py3-none-any.whl (387 kB)
2025-08-24T15:51:39.3305797Z Using cached psutil-7.0.0-cp36-abi3-manylinux_2_12_x86_64.manylinux2010_x86_64.manylinux_2_17_x86_64.manylinux2014_x86_64.whl (277 kB)
2025-08-24T15:51:39.3318791Z Using cached pydantic_extra_types-2.10.5-py3-none-any.whl (38 kB)
2025-08-24T15:51:39.3330305Z Using cached pydantic_settings-2.10.1-py3-none-any.whl (45 kB)
2025-08-24T15:51:39.3341855Z Using cached pygments-2.19.2-py3-none-any.whl (1.2 MB)
2025-08-24T15:51:39.3361858Z Using cached pytz-2025.2-py2.py3-none-any.whl (509 kB)
2025-08-24T15:51:39.3376676Z Using cached rich_toolkit-0.15.0-py3-none-any.whl (29 kB)
2025-08-24T15:51:39.3387942Z Using cached rich-14.1.0-py3-none-any.whl (243 kB)
2025-08-24T15:51:39.3400724Z Using cached markdown_it_py-4.0.0-py3-none-any.whl (87 kB)
2025-08-24T15:51:39.3412609Z Using cached mdurl-0.1.2-py3-none-any.whl (10.0 kB)
2025-08-24T15:51:39.3424004Z Using cached rignore-0.6.4-cp312-cp312-manylinux_2_17_x86_64.manylinux2014_x86_64.whl (949 kB)
2025-08-24T15:51:39.3441952Z Using cached sentry_sdk-2.35.0-py2.py3-none-any.whl (363 kB)
2025-08-24T15:51:39.3455604Z Using cached six-1.17.0-py2.py3-none-any.whl (11 kB)
2025-08-24T15:51:39.3466887Z Using cached sniffio-1.3.1-py3-none-any.whl (10 kB)
2025-08-24T15:51:39.3477918Z Using cached typer-0.16.1-py3-none-any.whl (46 kB)
2025-08-24T15:51:39.3489180Z Using cached shellingham-1.5.4-py2.py3-none-any.whl (9.8 kB)
2025-08-24T15:51:39.3500220Z Using cached typing_inspect-0.9.0-py3-none-any.whl (8.8 kB)
2025-08-24T15:51:39.3511718Z Using cached typing_inspection-0.4.1-py3-none-any.whl (14 kB)
2025-08-24T15:51:39.3523193Z Using cached tzdata-2025.2-py2.py3-none-any.whl (347 kB)
2025-08-24T15:51:39.3536660Z Using cached tzlocal-5.3.1-py3-none-any.whl (18 kB)
2025-08-24T15:51:39.3548070Z Using cached ujson-5.11.0-cp312-cp312-manylinux_2_24_x86_64.manylinux_2_28_x86_64.whl (57 kB)
2025-08-24T15:51:39.3559380Z Using cached uvicorn-0.35.0-py3-none-any.whl (66 kB)
2025-08-24T15:51:39.3572375Z Using cached httptools-0.6.4-cp312-cp312-manylinux_2_5_x86_64.manylinux1_x86_64.manylinux_2_17_x86_64.manylinux2014_x86_64.whl (510 kB)
2025-08-24T15:51:39.3587175Z Using cached uvloop-0.21.0-cp312-cp312-manylinux_2_17_x86_64.manylinux2014_x86_64.whl (4.7 MB)
2025-08-24T15:51:39.3631563Z Using cached watchfiles-1.1.0-cp312-cp312-manylinux_2_17_x86_64.manylinux2014_x86_64.whl (452 kB)
2025-08-24T15:51:39.3646503Z Using cached websockets-15.0.1-cp312-cp312-manylinux_2_5_x86_64.manylinux1_x86_64.manylinux_2_17_x86_64.manylinux2014_x86_64.whl (182 kB)
2025-08-24T15:51:39.3658530Z Using cached yapf-0.43.0-py3-none-any.whl (256 kB)
2025-08-24T15:51:39.3671698Z Using cached argon2_cffi-25.1.0-py3-none-any.whl (14 kB)
2025-08-24T15:51:39.3683539Z Using cached argon2_cffi_bindings-25.1.0-cp39-abi3-manylinux_2_26_x86_64.manylinux_2_28_x86_64.whl (87 kB)
2025-08-24T15:51:39.3695553Z Using cached cffi-1.17.1-cp312-cp312-manylinux_2_17_x86_64.manylinux2014_x86_64.whl (479 kB)
2025-08-24T15:51:39.3709760Z Using cached docker-7.1.0-py3-none-any.whl (147 kB)
2025-08-24T15:51:39.3722163Z Using cached et_xmlfile-2.0.0-py3-none-any.whl (18 kB)
2025-08-24T15:51:39.3733432Z Using cached mako-1.3.10-py3-none-any.whl (78 kB)
2025-08-24T15:51:39.3745039Z Using cached pycparser-2.22-py3-none-any.whl (117 kB)
2025-08-24T15:51:39.3757635Z Using cached pycryptodome-3.23.0-cp37-abi3-manylinux_2_17_x86_64.manylinux2014_x86_64.whl (2.3 MB)
2025-08-24T15:51:39.3784316Z Using cached toml-0.10.2-py2.py3-none-any.whl (16 kB)
2025-08-24T15:51:39.3795359Z Using cached typeguard-4.4.4-py3-none-any.whl (34 kB)
2025-08-24T15:51:39.3806876Z Using cached watchdog-6.0.0-py3-none-manylinux2014_x86_64.whl (79 kB)
2025-08-24T15:51:39.3818445Z Using cached wcwidth-0.2.13-py2.py3-none-any.whl (34 kB)
2025-08-24T15:51:39.8546387Z Installing collected packages: wcwidth, pytz, wrapt, websockets, watchdog, vine, uvloop, urllib3, ujson, tzlocal, tzdata, typing-extensions, tomli_w, tomli, toml, structlog, sniffio, six, shellingham, setuptools, ruff, rignore, redis, PyYAML, python-multipart, python-dotenv, pygments, pycryptodome, pycparser, psycopg2-binary, psycopg-binary, psutil, prompt-toolkit, port-for, pluggy, platformdirs, pathspec, packaging, orjson, numpy, nr-stream, nr-date, mypy-extensions, multimethod, mdurl, MarkupSafe, jmespath, itsdangerous, iniconfig, imapclient, idna, httptools, h11, greenlet, et-xmlfile, docstring-parser, dnspython, coverage, click, charset_normalizer, certifi, billiard, asyncpg, annotated-types, yapf, vulture, uvicorn, typing-inspection, typing-inspect, types-requests, typeguard, typeapi, sqlalchemy, sentry-sdk, requests, python-dateutil, pytest, pydantic-core, psycopg, openpyxl, mypy, mirakuru, markdown-it-py, Mako, Jinja2, httpcore, email-validator, Deprecated, click-repl, click-plugins, click-didyoumean, cffi, black, apscheduler, anyio, amqp, watchfiles, starlette, rich, pytest-postgresql, pytest-cov, pytest-asyncio, pydantic, pandas, nr-util, kombu, httpx, docker, databind, botocore, argon2-cffi-bindings, alembic, typer, testcontainers, s3transfer, rich-toolkit, respx, python-telegram-bot, pydantic-settings, pydantic-extra-types, pandera, fastapi, databind.json, databind.core, celery, asgi-correlation-id, argon2-cffi, minio, fastapi-limiter, fastapi-cloud-cli, fastapi-cli, docspec, boto3, docspec-python, pydoc-markdown
2025-08-24T15:51:58.7143628Z 
2025-08-24T15:51:58.7267316Z Successfully installed Deprecated-1.2.18 Jinja2-3.1.6 Mako-1.3.10 MarkupSafe-3.0.2 PyYAML-6.0.2 alembic-1.16.4 amqp-5.3.1 annotated-types-0.7.0 anyio-4.10.0 apscheduler-3.10.4 argon2-cffi-25.1.0 argon2-cffi-bindings-25.1.0 asgi-correlation-id-4.3.1 asyncpg-0.30.0 billiard-4.2.1 black-25.1.0 boto3-1.40.16 botocore-1.40.16 celery-5.5.3 certifi-2025.8.3 cffi-1.17.1 charset_normalizer-3.4.3 click-8.2.1 click-didyoumean-0.3.1 click-plugins-1.1.1.2 click-repl-0.3.0 coverage-7.10.5 databind-4.5.2 databind.core-4.5.2 databind.json-4.5.2 dnspython-2.7.0 docker-7.1.0 docspec-2.2.1 docspec-python-2.2.2 docstring-parser-0.11 email-validator-2.2.0 et-xmlfile-2.0.0 fastapi-0.116.1 fastapi-cli-0.0.8 fastapi-cloud-cli-0.1.5 fastapi-limiter-0.1.6 greenlet-3.2.4 h11-0.16.0 httpcore-1.0.9 httptools-0.6.4 httpx-0.28.1 idna-3.10 imapclient-3.0.1 iniconfig-2.1.0 itsdangerous-2.2.0 jmespath-1.0.1 kombu-5.5.4 markdown-it-py-4.0.0 mdurl-0.1.2 minio-7.2.16 mirakuru-2.6.1 multimethod-1.10 mypy-1.17.1 mypy-extensions-1.1.0 nr-date-2.1.0 nr-stream-1.1.5 nr-util-0.8.12 numpy-1.26.4 openpyxl-3.1.5 orjson-3.11.2 packaging-25.0 pandas-2.2.3 pandera-0.19.3 pathspec-0.12.1 platformdirs-4.3.8 pluggy-1.6.0 port-for-0.7.4 prompt-toolkit-3.0.51 psutil-7.0.0 psycopg-3.2.9 psycopg-binary-3.2.9 psycopg2-binary-2.9.10 pycparser-2.22 pycryptodome-3.23.0 pydantic-2.11.7 pydantic-core-2.33.2 pydantic-extra-types-2.10.5 pydantic-settings-2.10.1 pydoc-markdown-4.8.2 pygments-2.19.2 pytest-8.4.1 pytest-asyncio-1.1.0 pytest-cov-6.2.1 pytest-postgresql-7.0.2 python-dateutil-2.9.0.post0 python-dotenv-1.1.1 python-multipart-0.0.20 python-telegram-bot-22.3 pytz-2025.2 redis-6.4.0 requests-2.32.4 respx-0.22.0 rich-14.1.0 rich-toolkit-0.15.0 rignore-0.6.4 ruff-0.9.9 s3transfer-0.13.1 sentry-sdk-2.35.0 setuptools-80.9.0 shellingham-1.5.4 six-1.17.0 sniffio-1.3.1 sqlalchemy-2.0.43 starlette-0.47.3 structlog-24.1.0 testcontainers-4.12.0 toml-0.10.2 tomli-2.2.1 tomli_w-1.2.0 typeapi-2.2.4 typeguard-4.4.4 typer-0.16.1 types-requests-2.32.4.20250809 typing-extensions-4.14.1 typing-inspect-0.9.0 typing-inspection-0.4.1 tzdata-2025.2 tzlocal-5.3.1 ujson-5.11.0 urllib3-2.5.0 uvicorn-0.35.0 uvloop-0.21.0 vine-5.1.0 vulture-2.10 watchdog-6.0.0 watchfiles-1.1.0 wcwidth-0.2.13 websockets-15.0.1 wrapt-1.17.3 yapf-0.43.0
2025-08-24T15:51:59.9762114Z Collecting keepa==1.3.15
2025-08-24T15:51:59.9775419Z   Using cached keepa-1.3.15-py3-none-any.whl.metadata (11 kB)
2025-08-24T15:52:00.0092728Z Collecting minio==7.1.15
2025-08-24T15:52:00.0104800Z   Using cached minio-7.1.15-py3-none-any.whl.metadata (4.2 kB)
2025-08-24T15:52:00.0132469Z Requirement already satisfied: numpy>=1.9.3 in /opt/hostedtoolcache/Python/3.12.11/x64/lib/python3.12/site-packages (from keepa==1.3.15) (1.26.4)
2025-08-24T15:52:00.0138313Z Requirement already satisfied: requests>=2.2 in /opt/hostedtoolcache/Python/3.12.11/x64/lib/python3.12/site-packages (from keepa==1.3.15) (2.32.4)
2025-08-24T15:52:00.0487799Z Collecting tqdm (from keepa==1.3.15)
2025-08-24T15:52:00.0499780Z   Using cached tqdm-4.67.1-py3-none-any.whl.metadata (57 kB)
2025-08-24T15:52:00.5932083Z Collecting aiohttp (from keepa==1.3.15)
2025-08-24T15:52:00.5946111Z   Using cached aiohttp-3.12.15-cp312-cp312-manylinux_2_17_x86_64.manylinux2014_x86_64.whl.metadata (7.7 kB)
2025-08-24T15:52:00.5980846Z Requirement already satisfied: pandas<=3.0 in /opt/hostedtoolcache/Python/3.12.11/x64/lib/python3.12/site-packages (from keepa==1.3.15) (2.2.3)
2025-08-24T15:52:00.5985282Z Requirement already satisfied: pydantic in /opt/hostedtoolcache/Python/3.12.11/x64/lib/python3.12/site-packages (from keepa==1.3.15) (2.11.7)
2025-08-24T15:52:00.5993863Z Requirement already satisfied: certifi in /opt/hostedtoolcache/Python/3.12.11/x64/lib/python3.12/site-packages (from minio==7.1.15) (2025.8.3)
2025-08-24T15:52:00.5998050Z Requirement already satisfied: urllib3 in /opt/hostedtoolcache/Python/3.12.11/x64/lib/python3.12/site-packages (from minio==7.1.15) (2.5.0)
2025-08-24T15:52:00.6080045Z Requirement already satisfied: python-dateutil>=2.8.2 in /opt/hostedtoolcache/Python/3.12.11/x64/lib/python3.12/site-packages (from pandas<=3.0->keepa==1.3.15) (2.9.0.post0)
2025-08-24T15:52:00.6085994Z Requirement already satisfied: pytz>=2020.1 in /opt/hostedtoolcache/Python/3.12.11/x64/lib/python3.12/site-packages (from pandas<=3.0->keepa==1.3.15) (2025.2)
2025-08-24T15:52:00.6091775Z Requirement already satisfied: tzdata>=2022.7 in /opt/hostedtoolcache/Python/3.12.11/x64/lib/python3.12/site-packages (from pandas<=3.0->keepa==1.3.15) (2025.2)
2025-08-24T15:52:00.6218054Z Requirement already satisfied: six>=1.5 in /opt/hostedtoolcache/Python/3.12.11/x64/lib/python3.12/site-packages (from python-dateutil>=2.8.2->pandas<=3.0->keepa==1.3.15) (1.17.0)
2025-08-24T15:52:00.6238179Z Requirement already satisfied: charset_normalizer<4,>=2 in /opt/hostedtoolcache/Python/3.12.11/x64/lib/python3.12/site-packages (from requests>=2.2->keepa==1.3.15) (3.4.3)
2025-08-24T15:52:00.6245438Z Requirement already satisfied: idna<4,>=2.5 in /opt/hostedtoolcache/Python/3.12.11/x64/lib/python3.12/site-packages (from requests>=2.2->keepa==1.3.15) (3.10)
2025-08-24T15:52:00.7243170Z Collecting aiohappyeyeballs>=2.5.0 (from aiohttp->keepa==1.3.15)
2025-08-24T15:52:00.7256052Z   Using cached aiohappyeyeballs-2.6.1-py3-none-any.whl.metadata (5.9 kB)
2025-08-24T15:52:01.1206803Z Collecting aiosignal>=1.4.0 (from aiohttp->keepa==1.3.15)
2025-08-24T15:52:01.1222281Z   Using cached aiosignal-1.4.0-py3-none-any.whl.metadata (3.7 kB)
2025-08-24T15:52:01.1411399Z Collecting attrs>=17.3.0 (from aiohttp->keepa==1.3.15)
2025-08-24T15:52:01.1422456Z   Using cached attrs-25.3.0-py3-none-any.whl.metadata (10 kB)
2025-08-24T15:52:01.2108419Z Collecting frozenlist>=1.1.1 (from aiohttp->keepa==1.3.15)
2025-08-24T15:52:01.2120290Z   Using cached frozenlist-1.7.0-cp312-cp312-manylinux_2_5_x86_64.manylinux1_x86_64.manylinux_2_17_x86_64.manylinux2014_x86_64.whl.metadata (18 kB)
2025-08-24T15:52:01.4503549Z Collecting multidict<7.0,>=4.5 (from aiohttp->keepa==1.3.15)
2025-08-24T15:52:01.4517481Z   Using cached multidict-6.6.4-cp312-cp312-manylinux2014_x86_64.manylinux_2_17_x86_64.manylinux_2_28_x86_64.whl.metadata (5.3 kB)
2025-08-24T15:52:01.4952279Z Collecting propcache>=0.2.0 (from aiohttp->keepa==1.3.15)
2025-08-24T15:52:01.4964329Z   Using cached propcache-0.3.2-cp312-cp312-manylinux_2_17_x86_64.manylinux2014_x86_64.whl.metadata (12 kB)
2025-08-24T15:52:01.7312145Z Collecting yarl<2.0,>=1.17.0 (from aiohttp->keepa==1.3.15)
2025-08-24T15:52:01.7326299Z   Using cached yarl-1.20.1-cp312-cp312-manylinux_2_17_x86_64.manylinux2014_x86_64.whl.metadata (73 kB)
2025-08-24T15:52:01.7543759Z Requirement already satisfied: typing-extensions>=4.2 in /opt/hostedtoolcache/Python/3.12.11/x64/lib/python3.12/site-packages (from aiosignal>=1.4.0->aiohttp->keepa==1.3.15) (4.14.1)
2025-08-24T15:52:01.7592678Z Requirement already satisfied: annotated-types>=0.6.0 in /opt/hostedtoolcache/Python/3.12.11/x64/lib/python3.12/site-packages (from pydantic->keepa==1.3.15) (0.7.0)
2025-08-24T15:52:01.7598269Z Requirement already satisfied: pydantic-core==2.33.2 in /opt/hostedtoolcache/Python/3.12.11/x64/lib/python3.12/site-packages (from pydantic->keepa==1.3.15) (2.33.2)
2025-08-24T15:52:01.7606730Z Requirement already satisfied: typing-inspection>=0.4.0 in /opt/hostedtoolcache/Python/3.12.11/x64/lib/python3.12/site-packages (from pydantic->keepa==1.3.15) (0.4.1)
2025-08-24T15:52:01.7667164Z Using cached keepa-1.3.15-py3-none-any.whl (38 kB)
2025-08-24T15:52:01.7678541Z Using cached minio-7.1.15-py3-none-any.whl (77 kB)
2025-08-24T15:52:01.7690835Z Using cached aiohttp-3.12.15-cp312-cp312-manylinux_2_17_x86_64.manylinux2014_x86_64.whl (1.7 MB)
2025-08-24T15:52:01.7715134Z Using cached multidict-6.6.4-cp312-cp312-manylinux2014_x86_64.manylinux_2_17_x86_64.manylinux_2_28_x86_64.whl (256 kB)
2025-08-24T15:52:01.7727959Z Using cached yarl-1.20.1-cp312-cp312-manylinux_2_17_x86_64.manylinux2014_x86_64.whl (355 kB)
2025-08-24T15:52:01.7741858Z Using cached aiohappyeyeballs-2.6.1-py3-none-any.whl (15 kB)
2025-08-24T15:52:01.7753158Z Using cached aiosignal-1.4.0-py3-none-any.whl (7.5 kB)
2025-08-24T15:52:01.7764114Z Using cached attrs-25.3.0-py3-none-any.whl (63 kB)
2025-08-24T15:52:01.7776104Z Using cached frozenlist-1.7.0-cp312-cp312-manylinux_2_5_x86_64.manylinux1_x86_64.manylinux_2_17_x86_64.manylinux2014_x86_64.whl (241 kB)
2025-08-24T15:52:01.7788930Z Using cached propcache-0.3.2-cp312-cp312-manylinux_2_17_x86_64.manylinux2014_x86_64.whl (224 kB)
2025-08-24T15:52:01.7801219Z Using cached tqdm-4.67.1-py3-none-any.whl (78 kB)
2025-08-24T15:52:01.9591443Z Installing collected packages: tqdm, propcache, multidict, minio, frozenlist, attrs, aiohappyeyeballs, yarl, aiosignal, aiohttp, keepa
2025-08-24T15:52:02.0329954Z   Attempting uninstall: minio
2025-08-24T15:52:02.0379370Z     Found existing installation: minio 7.2.16
2025-08-24T15:52:02.0416620Z     Uninstalling minio-7.2.16:
2025-08-24T15:52:02.0427127Z       Successfully uninstalled minio-7.2.16
2025-08-24T15:52:02.4011954Z 
2025-08-24T15:52:02.4126300Z Successfully installed aiohappyeyeballs-2.6.1 aiohttp-3.12.15 aiosignal-1.4.0 attrs-25.3.0 frozenlist-1.7.0 keepa-1.3.15 minio-7.1.15 multidict-6.6.4 propcache-0.3.2 tqdm-4.67.1 yarl-1.20.1
2025-08-24T15:52:02.5628969Z ##[group]Run for i in {1..30}; do pg_isready -h "$PG_HOST" -p "$PG_PORT" -U "$PG_USER" -d "$PG_DATABASE" && break; sleep 1; done
2025-08-24T15:52:02.5629636Z [36;1mfor i in {1..30}; do pg_isready -h "$PG_HOST" -p "$PG_PORT" -U "$PG_USER" -d "$PG_DATABASE" && break; sleep 1; done[0m
2025-08-24T15:52:02.5670288Z shell: /usr/bin/bash -e {0}
2025-08-24T15:52:02.5670514Z env:
2025-08-24T15:52:02.5670711Z   REDIS_URL: redis://localhost:6379/0
2025-08-24T15:52:02.5670969Z   RATE_LIMIT_DEFAULT: 100/minute
2025-08-24T15:52:02.5671188Z   TRUST_X_FORWARDED: 1
2025-08-24T15:52:02.5671543Z   PG_USER: postgres
2025-08-24T15:52:02.5671735Z   PG_PASSWORD: pass
2025-08-24T15:52:02.5671914Z   PG_DATABASE: awa
2025-08-24T15:52:02.5672094Z   PG_HOST: localhost
2025-08-24T15:52:02.5672269Z   PG_PORT: 5432
2025-08-24T15:52:02.5672709Z   PG_SYNC_DSN: ***localhost:5432/awa
2025-08-24T15:52:02.5673105Z   PG_ASYNC_DSN: ***localhost:5432/awa
2025-08-24T15:52:02.5673719Z   DATABASE_URL: ***localhost:5432/awa
2025-08-24T15:52:02.5673946Z   DATA_DIR: /tmp/awa-data
2025-08-24T15:52:02.5674146Z   ENABLE_LIVE: 0
2025-08-24T15:52:02.5674322Z   TESTING: 1
2025-08-24T15:52:02.5674547Z   pythonLocation: /opt/hostedtoolcache/Python/3.12.11/x64
2025-08-24T15:52:02.5674936Z   PKG_CONFIG_PATH: /opt/hostedtoolcache/Python/3.12.11/x64/lib/pkgconfig
2025-08-24T15:52:02.5675320Z   Python_ROOT_DIR: /opt/hostedtoolcache/Python/3.12.11/x64
2025-08-24T15:52:02.5675661Z   Python2_ROOT_DIR: /opt/hostedtoolcache/Python/3.12.11/x64
2025-08-24T15:52:02.5676001Z   Python3_ROOT_DIR: /opt/hostedtoolcache/Python/3.12.11/x64
2025-08-24T15:52:02.5676343Z   LD_LIBRARY_PATH: /opt/hostedtoolcache/Python/3.12.11/x64/lib
2025-08-24T15:52:02.5676630Z ##[endgroup]
2025-08-24T15:52:02.6412283Z localhost:5432 - accepting connections
2025-08-24T15:52:02.6442687Z ##[group]Run alembic -c services/api/alembic.ini upgrade head
2025-08-24T15:52:02.6443114Z [36;1malembic -c services/api/alembic.ini upgrade head[0m
2025-08-24T15:52:02.6481685Z shell: /usr/bin/bash -e {0}
2025-08-24T15:52:02.6481908Z env:
2025-08-24T15:52:02.6482106Z   REDIS_URL: redis://localhost:6379/0
2025-08-24T15:52:02.6482366Z   RATE_LIMIT_DEFAULT: 100/minute
2025-08-24T15:52:02.6482586Z   TRUST_X_FORWARDED: 1
2025-08-24T15:52:02.6482784Z   PG_USER: postgres
2025-08-24T15:52:02.6482973Z   PG_PASSWORD: pass
2025-08-24T15:52:02.6483150Z   PG_DATABASE: awa
2025-08-24T15:52:02.6483330Z   PG_HOST: localhost
2025-08-24T15:52:02.6483516Z   PG_PORT: 5432
2025-08-24T15:52:02.6483926Z   PG_SYNC_DSN: ***localhost:5432/awa
2025-08-24T15:52:02.6484328Z   PG_ASYNC_DSN: ***localhost:5432/awa
2025-08-24T15:52:02.6484703Z   DATABASE_URL: ***localhost:5432/awa
2025-08-24T15:52:02.6484933Z   DATA_DIR: /tmp/awa-data
2025-08-24T15:52:02.6485138Z   ENABLE_LIVE: 0
2025-08-24T15:52:02.6485343Z   TESTING: 1
2025-08-24T15:52:02.6485577Z   pythonLocation: /opt/hostedtoolcache/Python/3.12.11/x64
2025-08-24T15:52:02.6485987Z   PKG_CONFIG_PATH: /opt/hostedtoolcache/Python/3.12.11/x64/lib/pkgconfig
2025-08-24T15:52:02.6486384Z   Python_ROOT_DIR: /opt/hostedtoolcache/Python/3.12.11/x64
2025-08-24T15:52:02.6486728Z   Python2_ROOT_DIR: /opt/hostedtoolcache/Python/3.12.11/x64
2025-08-24T15:52:02.6487074Z   Python3_ROOT_DIR: /opt/hostedtoolcache/Python/3.12.11/x64
2025-08-24T15:52:02.6487431Z   LD_LIBRARY_PATH: /opt/hostedtoolcache/Python/3.12.11/x64/lib
2025-08-24T15:52:02.6487720Z ##[endgroup]
2025-08-24T15:52:03.4128885Z INFO  [alembic.runtime.migration] Context impl PostgresqlImpl.
2025-08-24T15:52:03.4129642Z INFO  [alembic.runtime.migration] Will assume transactional DDL.
2025-08-24T15:52:03.4340741Z INFO  [alembic.runtime.migration] Running upgrade  -> 0001_baseline
2025-08-24T15:52:03.4481626Z INFO  [alembic.runtime.migration] Running upgrade 0001_baseline -> 0002_create_roi_view
2025-08-24T15:52:03.4507730Z INFO  [alembic.runtime.migration] Running upgrade 0002_create_roi_view -> 3e9d5c5aff2c
2025-08-24T15:52:03.4669577Z INFO  [alembic.runtime.migration] Running upgrade 3e9d5c5aff2c -> 0003_vendor_prices
2025-08-24T15:52:03.4817999Z INFO  [alembic.runtime.migration] Running upgrade 0003_vendor_prices -> 0004_fee_cron
2025-08-24T15:52:03.4888216Z INFO  [alembic.runtime.migration] Running upgrade 0004_fee_cron -> 0006_fix_roi_views
2025-08-24T15:52:03.4921213Z INFO  [alembic.runtime.migration] Running upgrade 0006_fix_roi_views -> 0020_unified_schema
2025-08-24T15:52:03.5028031Z INFO  [alembic.runtime.migration] Running upgrade 0020_unified_schema -> 0022_fix_roi_view
2025-08-24T15:52:03.5099016Z INFO  [alembic.runtime.migration] Running upgrade 0022_fix_roi_view -> 0023_add_storage_fee
2025-08-24T15:52:03.5134986Z INFO  [alembic.runtime.migration] Running upgrade 0023_add_storage_fee -> 0024_create_buybox
2025-08-24T15:52:03.5162132Z INFO  [alembic.runtime.migration] Running upgrade 0024_create_buybox -> 0025_pr4_indexes_loadlog
2025-08-24T15:52:03.5371730Z INFO  [alembic.runtime.migration] Running upgrade 0025_pr4_indexes_loadlog -> 0026_fix_refund_views
2025-08-24T15:52:03.5429567Z INFO  [alembic.runtime.migration] Running upgrade 0025_pr4_indexes_loadlog -> 0026_amazon_new_reports
2025-08-24T15:52:03.5615022Z INFO  [alembic.runtime.migration] Running upgrade 0026_amazon_new_reports, 0026_fix_refund_views -> 0027_merge_reports_refund_heads
2025-08-24T15:52:03.6447726Z ##[group]Run python - <<'PY'
2025-08-24T15:52:03.6448006Z [36;1mpython - <<'PY'[0m
2025-08-24T15:52:03.6448259Z [36;1mfrom fastapi.testclient import TestClient[0m
2025-08-24T15:52:03.6448563Z [36;1mfrom services.api.main import app[0m
2025-08-24T15:52:03.6448824Z [36;1mwith TestClient(app) as c:[0m
2025-08-24T15:52:03.6449066Z [36;1m    r = c.get('/roi-review')[0m
2025-08-24T15:52:03.6449322Z [36;1m    assert r.status_code < 500, r.text[0m
2025-08-24T15:52:03.6449562Z [36;1mPY[0m
2025-08-24T15:52:03.6490095Z shell: /usr/bin/bash -e {0}
2025-08-24T15:52:03.6490320Z env:
2025-08-24T15:52:03.6490527Z   REDIS_URL: redis://localhost:6379/0
2025-08-24T15:52:03.6490784Z   RATE_LIMIT_DEFAULT: 100/minute
2025-08-24T15:52:03.6491011Z   TRUST_X_FORWARDED: 1
2025-08-24T15:52:03.6491209Z   PG_USER: postgres
2025-08-24T15:52:03.6491601Z   PG_PASSWORD: pass
2025-08-24T15:52:03.6491774Z   PG_DATABASE: awa
2025-08-24T15:52:03.6491954Z   PG_HOST: localhost
2025-08-24T15:52:03.6492177Z   PG_PORT: 5432
2025-08-24T15:52:03.6492937Z   PG_SYNC_DSN: ***localhost:5432/awa
2025-08-24T15:52:03.6493359Z   PG_ASYNC_DSN: ***localhost:5432/awa
2025-08-24T15:52:03.6493732Z   DATABASE_URL: ***localhost:5432/awa
2025-08-24T15:52:03.6493997Z   DATA_DIR: /tmp/awa-data
2025-08-24T15:52:03.6494203Z   ENABLE_LIVE: 0
2025-08-24T15:52:03.6494373Z   TESTING: 1
2025-08-24T15:52:03.6494612Z   pythonLocation: /opt/hostedtoolcache/Python/3.12.11/x64
2025-08-24T15:52:03.6495011Z   PKG_CONFIG_PATH: /opt/hostedtoolcache/Python/3.12.11/x64/lib/pkgconfig
2025-08-24T15:52:03.6495388Z   Python_ROOT_DIR: /opt/hostedtoolcache/Python/3.12.11/x64
2025-08-24T15:52:03.6495734Z   Python2_ROOT_DIR: /opt/hostedtoolcache/Python/3.12.11/x64
2025-08-24T15:52:03.6496092Z   Python3_ROOT_DIR: /opt/hostedtoolcache/Python/3.12.11/x64
2025-08-24T15:52:03.6496437Z   LD_LIBRARY_PATH: /opt/hostedtoolcache/Python/3.12.11/x64/lib
2025-08-24T15:52:03.6496724Z ##[endgroup]
2025-08-24T15:52:04.9648764Z WARNING:services.api.errors:{"status_code": 401, "detail": "Not authenticated", "event": "http_error", "request_id": "4ea7aef26e0447358c328415e89ce2f3", "level": "warning", "timestamp": "2025-08-24T15:52:04.964572Z"}
2025-08-24T15:52:04.9653147Z INFO:httpx:HTTP Request: GET http://testserver/roi-review "HTTP/1.1 401 Unauthorized"
2025-08-24T15:52:05.1308901Z ##[group]Run alembic -c services/api/alembic.ini downgrade base
2025-08-24T15:52:05.1309348Z [36;1malembic -c services/api/alembic.ini downgrade base[0m
2025-08-24T15:52:05.1349288Z shell: /usr/bin/bash -e {0}
2025-08-24T15:52:05.1349518Z env:
2025-08-24T15:52:05.1349716Z   REDIS_URL: redis://localhost:6379/0
2025-08-24T15:52:05.1349969Z   RATE_LIMIT_DEFAULT: 100/minute
2025-08-24T15:52:05.1350204Z   TRUST_X_FORWARDED: 1
2025-08-24T15:52:05.1350400Z   PG_USER: postgres
2025-08-24T15:52:05.1350590Z   PG_PASSWORD: pass
2025-08-24T15:52:05.1350768Z   PG_DATABASE: awa
2025-08-24T15:52:05.1350944Z   PG_HOST: localhost
2025-08-24T15:52:05.1351118Z   PG_PORT: 5432
2025-08-24T15:52:05.1351791Z   PG_SYNC_DSN: ***localhost:5432/awa
2025-08-24T15:52:05.1352236Z   PG_ASYNC_DSN: ***localhost:5432/awa
2025-08-24T15:52:05.1352625Z   DATABASE_URL: ***localhost:5432/awa
2025-08-24T15:52:05.1352860Z   DATA_DIR: /tmp/awa-data
2025-08-24T15:52:05.1353055Z   ENABLE_LIVE: 0
2025-08-24T15:52:05.1353271Z   TESTING: 1
2025-08-24T15:52:05.1353499Z   pythonLocation: /opt/hostedtoolcache/Python/3.12.11/x64
2025-08-24T15:52:05.1353886Z   PKG_CONFIG_PATH: /opt/hostedtoolcache/Python/3.12.11/x64/lib/pkgconfig
2025-08-24T15:52:05.1354291Z   Python_ROOT_DIR: /opt/hostedtoolcache/Python/3.12.11/x64
2025-08-24T15:52:05.1354632Z   Python2_ROOT_DIR: /opt/hostedtoolcache/Python/3.12.11/x64
2025-08-24T15:52:05.1354975Z   Python3_ROOT_DIR: /opt/hostedtoolcache/Python/3.12.11/x64
2025-08-24T15:52:05.1355521Z   LD_LIBRARY_PATH: /opt/hostedtoolcache/Python/3.12.11/x64/lib
2025-08-24T15:52:05.1355807Z ##[endgroup]
2025-08-24T15:52:05.5864696Z INFO  [alembic.runtime.migration] Context impl PostgresqlImpl.
2025-08-24T15:52:05.5865206Z INFO  [alembic.runtime.migration] Will assume transactional DDL.
2025-08-24T15:52:05.5963283Z INFO  [alembic.runtime.migration] Running downgrade 0027_merge_reports_refund_heads -> 0026_amazon_new_reports, 0026_fix_refund_views
2025-08-24T15:52:05.5985403Z INFO  [alembic.runtime.migration] Running downgrade 0026_amazon_new_reports -> 0025_pr4_indexes_loadlog
2025-08-24T15:52:05.6069794Z INFO  [alembic.runtime.migration] Running downgrade 0026_fix_refund_views -> 0025_pr4_indexes_loadlog
2025-08-24T15:52:05.6128295Z INFO  [alembic.runtime.migration] Running downgrade 0025_pr4_indexes_loadlog -> 0024_create_buybox
2025-08-24T15:52:05.6172580Z INFO  [alembic.runtime.migration] Running downgrade 0024_create_buybox -> 0023_add_storage_fee
2025-08-24T15:52:05.6189833Z INFO  [alembic.runtime.migration] Running downgrade 0023_add_storage_fee -> 0022_fix_roi_view
2025-08-24T15:52:05.6355393Z INFO  [alembic.runtime.migration] Running downgrade 0022_fix_roi_view -> 0020_unified_schema
2025-08-24T15:52:05.6381862Z INFO  [alembic.runtime.migration] Running downgrade 0020_unified_schema -> 0006_fix_roi_views
2025-08-24T15:52:05.6415926Z INFO  [alembic.runtime.migration] Running downgrade 0006_fix_roi_views -> 0004_fee_cron
2025-08-24T15:52:05.6436188Z INFO  [alembic.runtime.migration] Running downgrade 0004_fee_cron -> 0003_vendor_prices
2025-08-24T15:52:05.6507118Z INFO  [alembic.runtime.migration] Running downgrade 0003_vendor_prices -> 3e9d5c5aff2c
2025-08-24T15:52:05.6544424Z INFO  [alembic.runtime.migration] Running downgrade 3e9d5c5aff2c -> 0002_create_roi_view
2025-08-24T15:52:05.6580457Z INFO  [alembic.runtime.migration] Running downgrade 0002_create_roi_view -> 0001_baseline
2025-08-24T15:52:05.6589786Z INFO  [alembic.runtime.migration] Running downgrade 0001_baseline -> 
2025-08-24T15:52:05.7381687Z ##[group]Run test "$(alembic -c services/api/alembic.ini heads | wc -l)" -eq 1
2025-08-24T15:52:05.7382583Z [36;1mtest "$(alembic -c services/api/alembic.ini heads | wc -l)" -eq 1[0m
2025-08-24T15:52:05.7440510Z shell: /usr/bin/bash -e {0}
2025-08-24T15:52:05.7440747Z env:
2025-08-24T15:52:05.7440970Z   REDIS_URL: redis://localhost:6379/0
2025-08-24T15:52:05.7441240Z   RATE_LIMIT_DEFAULT: 100/minute
2025-08-24T15:52:05.7441735Z   TRUST_X_FORWARDED: 1
2025-08-24T15:52:05.7441935Z   PG_USER: postgres
2025-08-24T15:52:05.7442129Z   PG_PASSWORD: pass
2025-08-24T15:52:05.7442299Z   PG_DATABASE: awa
2025-08-24T15:52:05.7442477Z   PG_HOST: localhost
2025-08-24T15:52:05.7442659Z   PG_PORT: 5432
2025-08-24T15:52:05.7443133Z   PG_SYNC_DSN: ***localhost:5432/awa
2025-08-24T15:52:05.7443544Z   PG_ASYNC_DSN: ***localhost:5432/awa
2025-08-24T15:52:05.7443921Z   DATABASE_URL: ***localhost:5432/awa
2025-08-24T15:52:05.7444151Z   DATA_DIR: /tmp/awa-data
2025-08-24T15:52:05.7444399Z   ENABLE_LIVE: 0
2025-08-24T15:52:05.7444572Z   TESTING: 1
2025-08-24T15:52:05.7444866Z   pythonLocation: /opt/hostedtoolcache/Python/3.12.11/x64
2025-08-24T15:52:05.7445403Z   PKG_CONFIG_PATH: /opt/hostedtoolcache/Python/3.12.11/x64/lib/pkgconfig
2025-08-24T15:52:05.7445783Z   Python_ROOT_DIR: /opt/hostedtoolcache/Python/3.12.11/x64
2025-08-24T15:52:05.7446147Z   Python2_ROOT_DIR: /opt/hostedtoolcache/Python/3.12.11/x64
2025-08-24T15:52:05.7446494Z   Python3_ROOT_DIR: /opt/hostedtoolcache/Python/3.12.11/x64
2025-08-24T15:52:05.7446833Z   LD_LIBRARY_PATH: /opt/hostedtoolcache/Python/3.12.11/x64/lib
2025-08-24T15:52:05.7447128Z ##[endgroup]
2025-08-24T15:52:06.1029239Z ##[group]Run pytest tests/migrations/test_migration_roundtrip.py -q -m integration
2025-08-24T15:52:06.1029807Z [36;1mpytest tests/migrations/test_migration_roundtrip.py -q -m integration[0m
2025-08-24T15:52:06.1074889Z shell: /usr/bin/bash -e {0}
2025-08-24T15:52:06.1075264Z env:
2025-08-24T15:52:06.1075624Z   REDIS_URL: redis://localhost:6379/0
2025-08-24T15:52:06.1076378Z   RATE_LIMIT_DEFAULT: 100/minute
2025-08-24T15:52:06.1076788Z   TRUST_X_FORWARDED: 1
2025-08-24T15:52:06.1077131Z   PG_USER: postgres
2025-08-24T15:52:06.1077466Z   PG_PASSWORD: pass
2025-08-24T15:52:06.1077796Z   PG_DATABASE: awa
2025-08-24T15:52:06.1078110Z   PG_HOST: localhost
2025-08-24T15:52:06.1078437Z   PG_PORT: 5432
2025-08-24T15:52:06.1079129Z   PG_SYNC_DSN: ***localhost:5432/awa
2025-08-24T15:52:06.1079865Z   PG_ASYNC_DSN: ***localhost:5432/awa
2025-08-24T15:52:06.1080637Z   DATABASE_URL: ***localhost:5432/awa
2025-08-24T15:52:06.1081070Z   DATA_DIR: /tmp/awa-data
2025-08-24T15:52:06.1081756Z   ENABLE_LIVE: 0
2025-08-24T15:52:06.1082061Z   TESTING: 1
2025-08-24T15:52:06.1082488Z   pythonLocation: /opt/hostedtoolcache/Python/3.12.11/x64
2025-08-24T15:52:06.1083183Z   PKG_CONFIG_PATH: /opt/hostedtoolcache/Python/3.12.11/x64/lib/pkgconfig
2025-08-24T15:52:06.1083875Z   Python_ROOT_DIR: /opt/hostedtoolcache/Python/3.12.11/x64
2025-08-24T15:52:06.1084504Z   Python2_ROOT_DIR: /opt/hostedtoolcache/Python/3.12.11/x64
2025-08-24T15:52:06.1085176Z   Python3_ROOT_DIR: /opt/hostedtoolcache/Python/3.12.11/x64
2025-08-24T15:52:06.1085795Z   LD_LIBRARY_PATH: /opt/hostedtoolcache/Python/3.12.11/x64/lib
2025-08-24T15:52:06.1086273Z ##[endgroup]
2025-08-24T15:52:07.6968447Z /opt/hostedtoolcache/Python/3.12.11/x64/lib/python3.12/site-packages/coverage/control.py:945: CoverageWarning: No data was collected. (no-data-collected)
2025-08-24T15:52:07.6969693Z   self._warn("No data was collected.", slug="no-data-collected")
2025-08-24T15:52:07.8682578Z s                                                                        [100%]
2025-08-24T15:52:07.8683289Z ================================ tests coverage ================================
2025-08-24T15:52:07.8683788Z _______________ coverage: platform linux, python 3.12.11-final-0 _______________
2025-08-24T15:52:07.8684109Z 
2025-08-24T15:52:07.8684235Z Coverage XML written to file coverage.xml
2025-08-24T15:52:07.9993332Z Post job cleanup.
2025-08-24T15:52:08.1651976Z Cache hit occurred on the primary key setup-python-Linux-x64-24.04-Ubuntu-python-3.12.11-pip-cc13ccef493b9f3a93ad5651164d9fb09282c1111f6f72ce20e0657de16de6b4, not saving cache.
2025-08-24T15:52:08.1748345Z Post job cleanup.
2025-08-24T15:52:08.2509633Z [command]/usr/bin/git version
2025-08-24T15:52:08.2546054Z git version 2.51.0
2025-08-24T15:52:08.2580881Z Temporarily overriding HOME='/home/runner/work/_temp/20abc61d-7074-403c-a818-a78d92ca1789' before making global git config changes
2025-08-24T15:52:08.2581853Z Adding repository directory to the temporary git global config as a safe directory
2025-08-24T15:52:08.2586353Z [command]/usr/bin/git config --global --add safe.directory /home/runner/work/AWA-App/AWA-App
2025-08-24T15:52:08.2622677Z [command]/usr/bin/git config --local --name-only --get-regexp core\.sshCommand
2025-08-24T15:52:08.2654559Z [command]/usr/bin/git submodule foreach --recursive sh -c "git config --local --name-only --get-regexp 'core\.sshCommand' && git config --local --unset-all 'core.sshCommand' || :"
2025-08-24T15:52:08.2883477Z [command]/usr/bin/git config --local --name-only --get-regexp http\.https\:\/\/github\.com\/\.extraheader
2025-08-24T15:52:08.2905636Z http.https://github.com/.extraheader
2025-08-24T15:52:08.2915190Z [command]/usr/bin/git config --local --unset-all http.https://github.com/.extraheader
2025-08-24T15:52:08.2945974Z [command]/usr/bin/git submodule foreach --recursive sh -c "git config --local --name-only --get-regexp 'http\.https\:\/\/github\.com\/\.extraheader' && git config --local --unset-all 'http.https://github.com/.extraheader' || :"
2025-08-24T15:52:08.3256742Z Print service container logs: 430abd890f484d9485adbfca54f86436_postgres15_d6130a
2025-08-24T15:52:08.3261051Z ##[command]/usr/bin/docker logs --details 1b87516964b2bee2f15e2f8ba08cc9a8f416647ee2272c1157fe4f0bcdb177d1
2025-08-24T15:52:08.3379024Z  The files belonging to this database system will be owned by user "postgres".
2025-08-24T15:52:08.3380925Z  initdb: warning: enabling "trust" authentication for local connections
2025-08-24T15:52:08.3382140Z  initdb: hint: You can change this by editing pg_hba.conf or using the option -A, or --auth-local and --auth-host, the next time you run initdb.
2025-08-24T15:52:08.3383513Z  2025-08-24 15:51:19.062 UTC [1] LOG:  starting PostgreSQL 15.14 (Debian 15.14-1.pgdg13+1) on x86_64-pc-linux-gnu, compiled by gcc (Debian 14.2.0-19) 14.2.0, 64-bit
2025-08-24T15:52:08.3384544Z  2025-08-24 15:51:19.062 UTC [1] LOG:  listening on IPv4 address "0.0.0.0", port 5432
2025-08-24T15:52:08.3385267Z  2025-08-24 15:51:19.062 UTC [1] LOG:  listening on IPv6 address "::", port 5432
2025-08-24T15:52:08.3386017Z  2025-08-24 15:51:19.063 UTC [1] LOG:  listening on Unix socket "/var/run/postgresql/.s.PGSQL.5432"
2025-08-24T15:52:08.3386822Z  2025-08-24 15:51:19.066 UTC [64] LOG:  database system was shut down at 2025-08-24 15:51:18 UTC
2025-08-24T15:52:08.3387574Z  2025-08-24 15:51:19.070 UTC [1] LOG:  database system is ready to accept connections
2025-08-24T15:52:08.3388192Z  This user must also own the server process.
2025-08-24T15:52:08.3388598Z  
2025-08-24T15:52:08.3389003Z  The database cluster will be initialized with locale "en_US.utf8".
2025-08-24T15:52:08.3389664Z  The default database encoding has accordingly been set to "UTF8".
2025-08-24T15:52:08.3390311Z  The default text search configuration will be set to "english".
2025-08-24T15:52:08.3390801Z  
2025-08-24T15:52:08.3391078Z  Data page checksums are disabled.
2025-08-24T15:52:08.3391609Z  
2025-08-24T15:52:08.3392052Z  fixing permissions on existing directory /var/lib/postgresql/data ... ok
2025-08-24T15:52:08.3392660Z  creating subdirectories ... ok
2025-08-24T15:52:08.3393146Z  selecting dynamic shared memory implementation ... posix
2025-08-24T15:52:08.3393672Z  selecting default max_connections ... 100
2025-08-24T15:52:08.3394126Z  selecting default shared_buffers ... 128MB
2025-08-24T15:52:08.3394572Z  selecting default time zone ... Etc/UTC
2025-08-24T15:52:08.3395005Z  creating configuration files ... ok
2025-08-24T15:52:08.3395410Z  running bootstrap script ... ok
2025-08-24T15:52:08.3395859Z  performing post-bootstrap initialization ... ok
2025-08-24T15:52:08.3396326Z  syncing data to disk ... ok
2025-08-24T15:52:08.3396667Z  
2025-08-24T15:52:08.3396898Z  
2025-08-24T15:52:08.3397233Z  Success. You can now start the database server using:
2025-08-24T15:52:08.3397857Z  
2025-08-24T15:52:08.3398203Z      pg_ctl -D /var/lib/postgresql/data -l logfile start
2025-08-24T15:52:08.3398626Z  
2025-08-24T15:52:08.3399457Z  waiting for server to start....2025-08-24 15:51:18.721 UTC [48] LOG:  starting PostgreSQL 15.14 (Debian 15.14-1.pgdg13+1) on x86_64-pc-linux-gnu, compiled by gcc (Debian 14.2.0-19) 14.2.0, 64-bit
2025-08-24T15:52:08.3400249Z  2025-08-24 15:51:18.722 UTC [48] LOG:  listening on Unix socket "/var/run/postgresql/.s.PGSQL.5432"
2025-08-24T15:52:08.3400763Z  2025-08-24 15:51:18.725 UTC [51] LOG:  database system was shut down at 2025-08-24 15:51:18 UTC
2025-08-24T15:52:08.3401207Z  2025-08-24 15:51:18.729 UTC [48] LOG:  database system is ready to accept connections
2025-08-24T15:52:08.3401748Z   done
2025-08-24T15:52:08.3401915Z  server started
2025-08-24T15:52:08.3402098Z  CREATE DATABASE
2025-08-24T15:52:08.3402270Z  
2025-08-24T15:52:08.3402412Z  
2025-08-24T15:52:08.3402710Z  /usr/local/bin/docker-entrypoint.sh: ignoring /docker-entrypoint-initdb.d/*
2025-08-24T15:52:08.3403075Z  
2025-08-24T15:52:08.3403383Z  waiting for server to shut down...2025-08-24 15:51:18.941 UTC [48] LOG:  received fast shutdown request
2025-08-24T15:52:08.3404063Z  .2025-08-24 15:51:18.941 UTC [48] LOG:  aborting any active transactions
2025-08-24T15:52:08.3404579Z  2025-08-24 15:51:18.943 UTC [48] LOG:  background worker "logical replication launcher" (PID 54) exited with exit code 1
2025-08-24T15:52:08.3405050Z  2025-08-24 15:51:18.943 UTC [49] LOG:  shutting down
2025-08-24T15:52:08.3405395Z  2025-08-24 15:51:18.944 UTC [49] LOG:  checkpoint starting: shutdown immediate
2025-08-24T15:52:08.3406338Z  2025-08-24 15:51:18.965 UTC [49] LOG:  checkpoint complete: wrote 922 buffers (5.6%); 0 WAL file(s) added, 0 removed, 0 recycled; write=0.018 s, sync=0.003 s, total=0.022 s; sync files=301, longest=0.001 s, average=0.001 s; distance=4239 kB, estimate=4239 kB
2025-08-24T15:52:08.3407138Z  2025-08-24 15:51:18.974 UTC [48] LOG:  database system is shut down
2025-08-24T15:52:08.3407423Z   done
2025-08-24T15:52:08.3407585Z  server stopped
2025-08-24T15:52:08.3407762Z  
2025-08-24T15:52:08.3407966Z  PostgreSQL init process complete; ready for start up.
2025-08-24T15:52:08.3408236Z  
2025-08-24T15:52:08.3413684Z Stop and remove container: 430abd890f484d9485adbfca54f86436_postgres15_d6130a
2025-08-24T15:52:08.3417980Z ##[command]/usr/bin/docker rm --force 1b87516964b2bee2f15e2f8ba08cc9a8f416647ee2272c1157fe4f0bcdb177d1
2025-08-24T15:52:08.6633677Z 1b87516964b2bee2f15e2f8ba08cc9a8f416647ee2272c1157fe4f0bcdb177d1
2025-08-24T15:52:08.6654646Z Print service container logs: 0b97dc95983d48f0adc97b37c62d2fc0_redis7alpine_9a2072
2025-08-24T15:52:08.6655809Z ##[command]/usr/bin/docker logs --details ed99d4f4e3470c6f9d58c20300bc2eb51a2bce950cd997810dda034aa2f6f596
2025-08-24T15:52:08.6773376Z  1:C 24 Aug 2025 15:51:19.200 # WARNING Memory overcommit must be enabled! Without it, a background save or replication may fail under low memory condition. Being disabled, it can also cause failures without low memory condition, see https://github.com/jemalloc/jemalloc/issues/1328. To fix this issue add 'vm.overcommit_memory = 1' to /etc/sysctl.conf and then reboot or run the command 'sysctl vm.overcommit_memory=1' for this to take effect.
2025-08-24T15:52:08.6775981Z  1:C 24 Aug 2025 15:51:19.200 * oO0OoO0OoO0Oo Redis is starting oO0OoO0OoO0Oo
2025-08-24T15:52:08.6776763Z  1:C 24 Aug 2025 15:51:19.200 * Redis version=7.4.5, bits=64, commit=00000000, modified=0, pid=1, just started
2025-08-24T15:52:08.6777953Z  1:C 24 Aug 2025 15:51:19.200 # Warning: no config file specified, using the default config. In order to specify a config file use redis-server /path/to/redis.conf
2025-08-24T15:52:08.6779017Z  1:M 24 Aug 2025 15:51:19.200 * monotonic clock: POSIX clock_gettime
2025-08-24T15:52:08.6779604Z  1:M 24 Aug 2025 15:51:19.201 * Running mode=standalone, port=6379.
2025-08-24T15:52:08.6780129Z  1:M 24 Aug 2025 15:51:19.201 * Server initialized
2025-08-24T15:52:08.6780630Z  1:M 24 Aug 2025 15:51:19.201 * Ready to accept connections tcp
2025-08-24T15:52:08.6787288Z Stop and remove container: 0b97dc95983d48f0adc97b37c62d2fc0_redis7alpine_9a2072
2025-08-24T15:52:08.6788030Z ##[command]/usr/bin/docker rm --force ed99d4f4e3470c6f9d58c20300bc2eb51a2bce950cd997810dda034aa2f6f596
2025-08-24T15:52:08.7952203Z ed99d4f4e3470c6f9d58c20300bc2eb51a2bce950cd997810dda034aa2f6f596
2025-08-24T15:52:08.7974874Z Remove container network: github_network_326d11bd30e041dca3e5bebdd6fba7ca
2025-08-24T15:52:08.7979090Z ##[command]/usr/bin/docker network rm github_network_326d11bd30e041dca3e5bebdd6fba7ca
2025-08-24T15:52:08.8992867Z github_network_326d11bd30e041dca3e5bebdd6fba7ca
2025-08-24T15:52:08.9053723Z Cleaning up orphan processes
