2025-08-21T12:27:21.5659549Z Current runner version: '2.328.0'
2025-08-21T12:27:21.5689966Z ##[group]Runner Image Provisioner
2025-08-21T12:27:21.5691058Z Hosted Compute Agent
2025-08-21T12:27:21.5691655Z Version: 20250818.377
2025-08-21T12:27:21.5692291Z Commit: 3c593e9f75fe0b87e893bca80d6e12ba089c61fc
2025-08-21T12:27:21.5692950Z Build Date: 2025-08-18T14:52:18Z
2025-08-21T12:27:21.5693576Z ##[endgroup]
2025-08-21T12:27:21.5694096Z ##[group]Operating System
2025-08-21T12:27:21.5694697Z Ubuntu
2025-08-21T12:27:21.5695254Z 24.04.2
2025-08-21T12:27:21.5695785Z LTS
2025-08-21T12:27:21.5696242Z ##[endgroup]
2025-08-21T12:27:21.5696685Z ##[group]Runner Image
2025-08-21T12:27:21.5697357Z Image: ubuntu-24.04
2025-08-21T12:27:21.5697838Z Version: 20250818.1.0
2025-08-21T12:27:21.5699007Z Included Software: https://github.com/actions/runner-images/blob/ubuntu24/20250818.1/images/ubuntu/Ubuntu2404-Readme.md
2025-08-21T12:27:21.5700599Z Image Release: https://github.com/actions/runner-images/releases/tag/ubuntu24%2F20250818.1
2025-08-21T12:27:21.5701616Z ##[endgroup]
2025-08-21T12:27:21.5703999Z ##[group]GITHUB_TOKEN Permissions
2025-08-21T12:27:21.5706379Z Actions: write
2025-08-21T12:27:21.5706963Z Attestations: write
2025-08-21T12:27:21.5707477Z Checks: write
2025-08-21T12:27:21.5707919Z Contents: write
2025-08-21T12:27:21.5708507Z Deployments: write
2025-08-21T12:27:21.5709316Z Discussions: write
2025-08-21T12:27:21.5709865Z Issues: write
2025-08-21T12:27:21.5710411Z Metadata: read
2025-08-21T12:27:21.5710904Z Models: read
2025-08-21T12:27:21.5711380Z Packages: write
2025-08-21T12:27:21.5711938Z Pages: write
2025-08-21T12:27:21.5712458Z PullRequests: write
2025-08-21T12:27:21.5712973Z RepositoryProjects: write
2025-08-21T12:27:21.5713612Z SecurityEvents: write
2025-08-21T12:27:21.5714231Z Statuses: write
2025-08-21T12:27:21.5715105Z ##[endgroup]
2025-08-21T12:27:21.5717697Z Secret source: Actions
2025-08-21T12:27:21.5718765Z Prepare workflow directory
2025-08-21T12:27:21.6051585Z Prepare all required actions
2025-08-21T12:27:21.6091741Z Getting action download info
2025-08-21T12:27:21.8701325Z Download action repository 'actions/checkout@v5' (SHA:08c6903cd8c0fde910a37f88322edcfb5dd907a8)
2025-08-21T12:27:22.2749528Z Download action repository 'actions/upload-artifact@v4' (SHA:ea165f8d65b6e75b540449e92b4886f43607fa02)
2025-08-21T12:27:22.5193686Z Complete job name: compose-health
2025-08-21T12:27:22.5911351Z ##[group]Run actions/checkout@v5
2025-08-21T12:27:22.5912193Z with:
2025-08-21T12:27:22.5912592Z   repository: AlexBomber12/AWA-App
2025-08-21T12:27:22.5913277Z   token: ***
2025-08-21T12:27:22.5913662Z   ssh-strict: true
2025-08-21T12:27:22.5914050Z   ssh-user: git
2025-08-21T12:27:22.5914447Z   persist-credentials: true
2025-08-21T12:27:22.5914882Z   clean: true
2025-08-21T12:27:22.5915288Z   sparse-checkout-cone-mode: true
2025-08-21T12:27:22.5915760Z   fetch-depth: 1
2025-08-21T12:27:22.5916148Z   fetch-tags: false
2025-08-21T12:27:22.5916548Z   show-progress: true
2025-08-21T12:27:22.5916947Z   lfs: false
2025-08-21T12:27:22.5917313Z   submodules: false
2025-08-21T12:27:22.5917736Z   set-safe-directory: true
2025-08-21T12:27:22.5918396Z ##[endgroup]
2025-08-21T12:27:22.6886846Z Syncing repository: AlexBomber12/AWA-App
2025-08-21T12:27:22.6888818Z ##[group]Getting Git version info
2025-08-21T12:27:22.6889725Z Working directory is '/home/runner/work/AWA-App/AWA-App'
2025-08-21T12:27:22.6890730Z [command]/usr/bin/git version
2025-08-21T12:27:22.7727665Z git version 2.51.0
2025-08-21T12:27:22.7749711Z ##[endgroup]
2025-08-21T12:27:22.7765179Z Temporarily overriding HOME='/home/runner/work/_temp/028e4d05-1128-4739-be00-6c1408e61a55' before making global git config changes
2025-08-21T12:27:22.7770825Z Adding repository directory to the temporary git global config as a safe directory
2025-08-21T12:27:22.7772078Z [command]/usr/bin/git config --global --add safe.directory /home/runner/work/AWA-App/AWA-App
2025-08-21T12:27:22.7848906Z Deleting the contents of '/home/runner/work/AWA-App/AWA-App'
2025-08-21T12:27:22.7852401Z ##[group]Initializing the repository
2025-08-21T12:27:22.7858111Z [command]/usr/bin/git init /home/runner/work/AWA-App/AWA-App
2025-08-21T12:27:22.8657357Z hint: Using 'master' as the name for the initial branch. This default branch name
2025-08-21T12:27:22.8658797Z hint: is subject to change. To configure the initial branch name to use in all
2025-08-21T12:27:22.8659980Z hint: of your new repositories, which will suppress this warning, call:
2025-08-21T12:27:22.8660772Z hint:
2025-08-21T12:27:22.8661329Z hint: 	git config --global init.defaultBranch <name>
2025-08-21T12:27:22.8661994Z hint:
2025-08-21T12:27:22.8662624Z hint: Names commonly chosen instead of 'master' are 'main', 'trunk' and
2025-08-21T12:27:22.8663680Z hint: 'development'. The just-created branch can be renamed via this command:
2025-08-21T12:27:22.8664517Z hint:
2025-08-21T12:27:22.8664951Z hint: 	git branch -m <name>
2025-08-21T12:27:22.8665456Z hint:
2025-08-21T12:27:22.8666139Z hint: Disable this message with "git config set advice.defaultBranchName false"
2025-08-21T12:27:22.8695928Z Initialized empty Git repository in /home/runner/work/AWA-App/AWA-App/.git/
2025-08-21T12:27:22.8709186Z [command]/usr/bin/git remote add origin https://github.com/AlexBomber12/AWA-App
2025-08-21T12:27:22.8852735Z ##[endgroup]
2025-08-21T12:27:22.8854108Z ##[group]Disabling automatic garbage collection
2025-08-21T12:27:22.8857718Z [command]/usr/bin/git config --local gc.auto 0
2025-08-21T12:27:22.8889493Z ##[endgroup]
2025-08-21T12:27:22.8890685Z ##[group]Setting up auth
2025-08-21T12:27:22.8897690Z [command]/usr/bin/git config --local --name-only --get-regexp core\.sshCommand
2025-08-21T12:27:22.8932450Z [command]/usr/bin/git submodule foreach --recursive sh -c "git config --local --name-only --get-regexp 'core\.sshCommand' && git config --local --unset-all 'core.sshCommand' || :"
2025-08-21T12:27:23.0449675Z [command]/usr/bin/git config --local --name-only --get-regexp http\.https\:\/\/github\.com\/\.extraheader
2025-08-21T12:27:23.0482938Z [command]/usr/bin/git submodule foreach --recursive sh -c "git config --local --name-only --get-regexp 'http\.https\:\/\/github\.com\/\.extraheader' && git config --local --unset-all 'http.https://github.com/.extraheader' || :"
2025-08-21T12:27:23.0711323Z [command]/usr/bin/git config --local http.https://github.com/.extraheader AUTHORIZATION: basic ***
2025-08-21T12:27:23.0746590Z ##[endgroup]
2025-08-21T12:27:23.0747613Z ##[group]Fetching the repository
2025-08-21T12:27:23.0756182Z [command]/usr/bin/git -c protocol.version=2 fetch --no-tags --prune --no-recurse-submodules --depth=1 origin +93358a0048700600171f4d16062335db0bbdf0af:refs/remotes/origin/main
2025-08-21T12:27:23.4223728Z From https://github.com/AlexBomber12/AWA-App
2025-08-21T12:27:23.4225867Z  * [new ref]         93358a0048700600171f4d16062335db0bbdf0af -> origin/main
2025-08-21T12:27:23.4292489Z ##[endgroup]
2025-08-21T12:27:23.4294251Z ##[group]Determining the checkout info
2025-08-21T12:27:23.4296150Z ##[endgroup]
2025-08-21T12:27:23.4299773Z [command]/usr/bin/git sparse-checkout disable
2025-08-21T12:27:23.4378522Z [command]/usr/bin/git config --local --unset-all extensions.worktreeConfig
2025-08-21T12:27:23.4406730Z ##[group]Checking out the ref
2025-08-21T12:27:23.4409758Z [command]/usr/bin/git checkout --progress --force -B main refs/remotes/origin/main
2025-08-21T12:27:23.4774181Z Switched to a new branch 'main'
2025-08-21T12:27:23.4775859Z branch 'main' set up to track 'origin/main'.
2025-08-21T12:27:23.4784058Z ##[endgroup]
2025-08-21T12:27:23.4822651Z [command]/usr/bin/git log -1 --format=%H
2025-08-21T12:27:23.4845658Z 93358a0048700600171f4d16062335db0bbdf0af
2025-08-21T12:27:23.5072627Z ##[group]Run echo "GITHUB_SHA=${GITHUB_SHA}" >> "$GITHUB_ENV"
2025-08-21T12:27:23.5074495Z [36;1mecho "GITHUB_SHA=${GITHUB_SHA}" >> "$GITHUB_ENV"[0m
2025-08-21T12:27:23.5252362Z shell: /usr/bin/bash -e {0}
2025-08-21T12:27:23.5253586Z ##[endgroup]
2025-08-21T12:27:23.5446581Z ##[group]Run cat .env.ci >> "$GITHUB_ENV"
2025-08-21T12:27:23.5447891Z [36;1mcat .env.ci >> "$GITHUB_ENV"[0m
2025-08-21T12:27:23.5450814Z [36;1mecho "DATABASE_URL=***postgres:5432/awa" >> "$GITHUB_ENV"[0m
2025-08-21T12:27:23.5452478Z [36;1mecho "PG_HOST=postgres" >> "$GITHUB_ENV"[0m
2025-08-21T12:27:23.5453852Z [36;1mecho "PG_PORT=5432" >> "$GITHUB_ENV"[0m
2025-08-21T12:27:23.5455210Z [36;1mecho "PG_USER=postgres" >> "$GITHUB_ENV"[0m
2025-08-21T12:27:23.5456665Z [36;1mecho "PG_PASSWORD=pass" >> "$GITHUB_ENV"[0m
2025-08-21T12:27:23.5458053Z [36;1mecho "PG_DATABASE=awa" >> "$GITHUB_ENV"[0m
2025-08-21T12:27:23.5499787Z shell: /usr/bin/bash -e {0}
2025-08-21T12:27:23.5500753Z env:
2025-08-21T12:27:23.5501670Z   GITHUB_SHA: 93358a0048700600171f4d16062335db0bbdf0af
2025-08-21T12:27:23.5502919Z ##[endgroup]
2025-08-21T12:27:23.5644246Z ##[group]Run export COMPOSE_DOCKER_CLI_BUILD=1 DOCKER_BUILDKIT=1
2025-08-21T12:27:23.5646054Z [36;1mexport COMPOSE_DOCKER_CLI_BUILD=1 DOCKER_BUILDKIT=1[0m
2025-08-21T12:27:23.5647570Z [36;1mdocker compose --progress=plain \[0m
2025-08-21T12:27:23.5649057Z [36;1m  -f docker-compose.yml \[0m
2025-08-21T12:27:23.5650220Z [36;1m  -f docker-compose.ci.yml \[0m
2025-08-21T12:27:23.5651442Z [36;1m  -f docker-compose.postgres.yml \[0m
2025-08-21T12:27:23.5652634Z [36;1m  build[0m
2025-08-21T12:27:23.5694098Z shell: /usr/bin/bash -e {0}
2025-08-21T12:27:23.5695043Z env:
2025-08-21T12:27:23.5695916Z   GITHUB_SHA: 93358a0048700600171f4d16062335db0bbdf0af
2025-08-21T12:27:23.5697144Z   PG_USER: postgres
2025-08-21T12:27:23.5697994Z   PG_PASSWORD: pass
2025-08-21T12:27:23.5699028Z   PG_DATABASE: awa
2025-08-21T12:27:23.5699866Z   PG_HOST: postgres
2025-08-21T12:27:23.5700682Z   PG_PORT: 5432
2025-08-21T12:27:23.5702337Z   PG_SYNC_DSN: ***localhost:5432/awa
2025-08-21T12:27:23.5704063Z   PG_ASYNC_DSN: ***localhost:5432/awa
2025-08-21T12:27:23.5705704Z   DATABASE_URL: ***postgres:5432/awa
2025-08-21T12:27:23.5706799Z   DATA_DIR: /tmp/awa-data
2025-08-21T12:27:23.5707734Z   ENABLE_LIVE: 0
2025-08-21T12:27:23.5708525Z   TESTING: 1
2025-08-21T12:27:23.5709405Z ##[endgroup]
2025-08-21T12:27:28.5884427Z #1 [internal] load local bake definitions
2025-08-21T12:27:28.7387664Z #1 reading from stdin 1.88kB done
2025-08-21T12:27:28.7388414Z #1 DONE 0.0s
2025-08-21T12:27:29.0020215Z 
2025-08-21T12:27:29.0020887Z #2 [postgres internal] load build definition from Dockerfile
2025-08-21T12:27:29.0021570Z #2 transferring dockerfile: 807B done
2025-08-21T12:27:29.0022050Z #2 DONE 0.0s
2025-08-21T12:27:29.0022274Z 
2025-08-21T12:27:29.0022546Z #3 [fees_h10 internal] load build definition from Dockerfile
2025-08-21T12:27:29.0023210Z #3 transferring dockerfile: 962B done
2025-08-21T12:27:29.0023747Z #3 DONE 0.0s
2025-08-21T12:27:29.0024027Z 
2025-08-21T12:27:29.0024411Z #4 [api internal] load build definition from Dockerfile
2025-08-21T12:27:29.0025044Z #4 transferring dockerfile: 1.48kB done
2025-08-21T12:27:29.0025611Z #4 DONE 0.0s
2025-08-21T12:27:29.0025886Z 
2025-08-21T12:27:29.0026146Z #5 [etl internal] load build definition from Dockerfile
2025-08-21T12:27:29.0026819Z #5 transferring dockerfile: 1.31kB done
2025-08-21T12:27:29.0027399Z #5 DONE 0.0s
2025-08-21T12:27:29.0027686Z 
2025-08-21T12:27:29.0028036Z #6 [auth] docker/dockerfile:pull token for registry-1.docker.io
2025-08-21T12:27:29.0028955Z #6 DONE 0.0s
2025-08-21T12:27:29.0029210Z 
2025-08-21T12:27:29.0029586Z #7 [auth] library/postgres:pull token for registry-1.docker.io
2025-08-21T12:27:29.0030212Z #7 DONE 0.0s
2025-08-21T12:27:29.0030446Z 
2025-08-21T12:27:29.0030910Z #8 [etl] resolve image config for docker-image://docker.io/docker/dockerfile:1.6
2025-08-21T12:27:29.3624732Z #8 DONE 0.5s
2025-08-21T12:27:29.3624997Z 
2025-08-21T12:27:29.3626726Z #9 [postgres internal] load metadata for docker.io/library/postgres:16
2025-08-21T12:27:29.3628012Z #9 DONE 0.5s
2025-08-21T12:27:29.3628211Z 
2025-08-21T12:27:29.3628407Z #10 [postgres internal] load .dockerignore
2025-08-21T12:27:29.3629089Z #10 transferring context: 265B done
2025-08-21T12:27:29.3629516Z #10 DONE 0.0s
2025-08-21T12:27:29.3629696Z 
2025-08-21T12:27:29.3629879Z #11 [postgres internal] load build context
2025-08-21T12:27:29.3630988Z #11 transferring context: 582B done
2025-08-21T12:27:29.3631398Z #11 DONE 0.0s
2025-08-21T12:27:29.3631610Z 
2025-08-21T12:27:29.3632470Z #12 [etl] docker-image://docker.io/docker/dockerfile:1.6@sha256:ac85f380a63b13dfcefa89046420e1781752bab202122f8f50032edf31be0021
2025-08-21T12:27:29.3634141Z #12 resolve docker.io/docker/dockerfile:1.6@sha256:ac85f380a63b13dfcefa89046420e1781752bab202122f8f50032edf31be0021 done
2025-08-21T12:27:29.3635484Z #12 sha256:ac85f380a63b13dfcefa89046420e1781752bab202122f8f50032edf31be0021 8.40kB / 8.40kB done
2025-08-21T12:27:29.3636644Z #12 sha256:657fcc512c7369f4cb3d94ea329150f8daf626bc838b1a1e81f1834c73ecc77e 482B / 482B done
2025-08-21T12:27:29.3638047Z #12 sha256:a17ee7fff8f5e97b974f5b48f51647d2cf28d543f2aa6c11aaa0ea431b44bb89 1.27kB / 1.27kB done
2025-08-21T12:27:29.3639485Z #12 sha256:9d9c93f4b00be908ab694a4df732570bced3b8a96b7515d70ff93402179ad232 1.05MB / 11.80MB 0.1s
2025-08-21T12:27:29.4873341Z #12 sha256:ac85f380a63b13dfcefa89046420e1781752bab202122f8f50032edf31be0021 8.40kB / 8.40kB done
2025-08-21T12:27:29.4874513Z #12 sha256:657fcc512c7369f4cb3d94ea329150f8daf626bc838b1a1e81f1834c73ecc77e 482B / 482B done
2025-08-21T12:27:29.4877855Z #12 sha256:a17ee7fff8f5e97b974f5b48f51647d2cf28d543f2aa6c11aaa0ea431b44bb89 1.27kB / 1.27kB done
2025-08-21T12:27:29.4879249Z #12 sha256:9d9c93f4b00be908ab694a4df732570bced3b8a96b7515d70ff93402179ad232 6.29MB / 11.80MB 0.2s
2025-08-21T12:27:29.6489523Z #12 sha256:9d9c93f4b00be908ab694a4df732570bced3b8a96b7515d70ff93402179ad232 11.80MB / 11.80MB 0.3s done
2025-08-21T12:27:29.6490568Z #12 extracting sha256:9d9c93f4b00be908ab694a4df732570bced3b8a96b7515d70ff93402179ad232 0.1s
2025-08-21T12:27:29.7753033Z #12 extracting sha256:9d9c93f4b00be908ab694a4df732570bced3b8a96b7515d70ff93402179ad232 0.1s done
2025-08-21T12:27:29.7755805Z #12 DONE 0.4s
2025-08-21T12:27:29.7756469Z 
2025-08-21T12:27:29.7757701Z #13 [postgres 1/6] FROM docker.io/library/postgres:16@sha256:66a5efb5677ffac1037774a0e141fd3a4c035c9c0c0e624c9cc980dfa10f45e5
2025-08-21T12:27:29.7765594Z #13 resolve docker.io/library/postgres:16@sha256:66a5efb5677ffac1037774a0e141fd3a4c035c9c0c0e624c9cc980dfa10f45e5 done
2025-08-21T12:27:29.7767274Z #13 sha256:4b802c5161ddfa2ae4beac272c4e24aa5e162a20451c8489cbb952a88507732f 9.89kB / 9.89kB done
2025-08-21T12:27:29.7769619Z #13 sha256:3084fa1fadd59e7633ec56d318f1e4de01be744f446c5c35df7cd801fbc34894 3.63kB / 3.63kB done
2025-08-21T12:27:29.7786754Z #13 sha256:396b1da7636e2dcd10565cb4f2f952cbb4a8a38b58d3b86a2cacb172fb70117c 20.97MB / 29.77MB 0.4s
2025-08-21T12:27:29.7787926Z #13 sha256:7f09385d08f9e8f578f9dad57582fff30d6ca3ef0f4d66ab5e1bf92c88862341 6.44MB / 6.44MB 0.2s done
2025-08-21T12:27:29.7792871Z #13 sha256:66a5efb5677ffac1037774a0e141fd3a4c035c9c0c0e624c9cc980dfa10f45e5 10.24kB / 10.24kB done
2025-08-21T12:27:29.7794214Z #13 sha256:fb850b0e3049060bf4eb46c8806d7ceea916d67e5cc56d6b295511e27463e56b 1.17kB / 1.17kB 0.0s done
2025-08-21T12:27:29.7795352Z #13 sha256:534f45d26d937460abe84bd086361a04c27e624a23f9384ff13f11c24c64c7bb 1.45MB / 1.45MB 0.2s done
2025-08-21T12:27:29.7796448Z #13 sha256:320fa150e60fca9bb108771a06f08d5464ad8b7474b7bf3f4b44d723b686ee72 0B / 1.31MB 0.3s
2025-08-21T12:27:29.7797479Z #13 sha256:2b6532633f5d125e9a709f56f26af5a07390c859a5c77142b74da1d4e3c79fee 5.12MB / 8.20MB 0.3s
2025-08-21T12:27:29.7798510Z #13 sha256:19947f6cc5d3035f6c922fa1d6047c79e044256ad948080adb59cec60717b9f8 0B / 116B 0.4s
2025-08-21T12:27:29.7800617Z #13 sha256:e787bdd7824bfcb30d11087160de825f724620c952958f4f725c13421499b724 0B / 3.14kB 0.4s
2025-08-21T12:27:29.8874667Z #13 ...
2025-08-21T12:27:29.8874932Z 
2025-08-21T12:27:29.8875268Z #14 [celery_worker internal] load build definition from Dockerfile
2025-08-21T12:27:29.8875886Z #14 transferring dockerfile: 1.31kB done
2025-08-21T12:27:29.8876295Z #14 DONE 0.0s
2025-08-21T12:27:29.8876458Z 
2025-08-21T12:27:29.8876661Z #15 [etl internal] load build definition from Dockerfile
2025-08-21T12:27:29.8877155Z #15 transferring dockerfile: 1.31kB done
2025-08-21T12:27:29.8877532Z #15 DONE 0.0s
2025-08-21T12:27:29.8878035Z 
2025-08-21T12:27:29.8878292Z #16 [auth] library/python:pull token for registry-1.docker.io
2025-08-21T12:27:29.8878956Z #16 DONE 0.0s
2025-08-21T12:27:29.8879118Z 
2025-08-21T12:27:29.8879721Z #13 [postgres 1/6] FROM docker.io/library/postgres:16@sha256:66a5efb5677ffac1037774a0e141fd3a4c035c9c0c0e624c9cc980dfa10f45e5
2025-08-21T12:27:29.8880949Z #13 sha256:396b1da7636e2dcd10565cb4f2f952cbb4a8a38b58d3b86a2cacb172fb70117c 29.77MB / 29.77MB 0.5s done
2025-08-21T12:27:29.8882055Z #13 sha256:19947f6cc5d3035f6c922fa1d6047c79e044256ad948080adb59cec60717b9f8 116B / 116B 0.4s done
2025-08-21T12:27:29.8883348Z #13 sha256:e787bdd7824bfcb30d11087160de825f724620c952958f4f725c13421499b724 3.14kB / 3.14kB 0.4s done
2025-08-21T12:27:29.8884489Z #13 sha256:987c1b4919ea2d87df20824aaef43a9de0575ac7df684579ad267c7e48c8eeea 10.01kB / 10.01kB 0.5s done
2025-08-21T12:27:29.8885593Z #13 sha256:a1e4ad56dcecf442fba1cec05cd565ededfdc663e5172df9ef9394d96d4c96f8 10.49MB / 113.19MB 0.6s
2025-08-21T12:27:29.8886694Z #13 sha256:a858bd6d34e86a481a2e028e3ba489e662b3ac7713eba9a5d3bb97002c7d797e 128B / 128B 0.5s done
2025-08-21T12:27:29.8887695Z #13 extracting sha256:396b1da7636e2dcd10565cb4f2f952cbb4a8a38b58d3b86a2cacb172fb70117c
2025-08-21T12:27:29.8888930Z #13 sha256:f1b3502db45ad485f0affe43e32fc81d699ddac01c023f198271a0a7e1cecd4c 169B / 169B 0.6s done
2025-08-21T12:27:29.8890036Z #13 sha256:25ef78fb127c1934630de29a3d38f46e544360b1dcf5cfc09b25507fbe88fd75 5.92kB / 5.92kB 0.6s done
2025-08-21T12:27:29.8891098Z #13 sha256:240810240d04caaaccb11d51ba7c3a7f7d6f470ec2a80ee420a3d33899d9a303 0B / 184B 0.6s
2025-08-21T12:27:29.9872198Z #13 sha256:a1e4ad56dcecf442fba1cec05cd565ededfdc663e5172df9ef9394d96d4c96f8 20.97MB / 113.19MB 0.7s
2025-08-21T12:27:29.9874928Z #13 sha256:240810240d04caaaccb11d51ba7c3a7f7d6f470ec2a80ee420a3d33899d9a303 184B / 184B 0.6s done
2025-08-21T12:27:30.1090268Z #13 sha256:a1e4ad56dcecf442fba1cec05cd565ededfdc663e5172df9ef9394d96d4c96f8 33.01MB / 113.19MB 0.8s
2025-08-21T12:27:30.2726089Z #13 ...
2025-08-21T12:27:30.2726449Z 
2025-08-21T12:27:30.2728053Z #17 [fees_h10 internal] load metadata for docker.io/library/python:3.12-slim
2025-08-21T12:27:30.2738846Z #17 DONE 0.3s
2025-08-21T12:27:30.2739027Z 
2025-08-21T12:27:30.2739185Z #18 [fees_h10 internal] load .dockerignore
2025-08-21T12:27:30.2838506Z #18 transferring context: 2B done
2025-08-21T12:27:30.2839218Z #18 DONE 0.0s
2025-08-21T12:27:30.2839394Z 
2025-08-21T12:27:30.2839545Z #19 [api internal] load .dockerignore
2025-08-21T12:27:30.2839978Z #19 transferring context: 265B done
2025-08-21T12:27:30.2840313Z #19 DONE 0.0s
2025-08-21T12:27:30.2840456Z 
2025-08-21T12:27:30.2840643Z #20 [celery_worker internal] load .dockerignore
2025-08-21T12:27:30.2841057Z #20 transferring context: 265B done
2025-08-21T12:27:30.2841379Z #20 DONE 0.0s
2025-08-21T12:27:30.2841526Z 
2025-08-21T12:27:30.2841678Z #21 [etl internal] load .dockerignore
2025-08-21T12:27:30.2842084Z #21 transferring context: 265B done
2025-08-21T12:27:30.2842438Z #21 DONE 0.0s
2025-08-21T12:27:30.2842643Z 
2025-08-21T12:27:30.2843304Z #13 [postgres 1/6] FROM docker.io/library/postgres:16@sha256:66a5efb5677ffac1037774a0e141fd3a4c035c9c0c0e624c9cc980dfa10f45e5
2025-08-21T12:27:30.2844702Z #13 sha256:a1e4ad56dcecf442fba1cec05cd565ededfdc663e5172df9ef9394d96d4c96f8 44.04MB / 113.19MB 0.9s
2025-08-21T12:27:30.3869504Z #13 sha256:a1e4ad56dcecf442fba1cec05cd565ededfdc663e5172df9ef9394d96d4c96f8 56.62MB / 113.19MB 1.1s
2025-08-21T12:27:30.6359182Z #13 sha256:a1e4ad56dcecf442fba1cec05cd565ededfdc663e5172df9ef9394d96d4c96f8 70.25MB / 113.19MB 1.3s
2025-08-21T12:27:30.7729389Z #13 sha256:a1e4ad56dcecf442fba1cec05cd565ededfdc663e5172df9ef9394d96d4c96f8 89.44MB / 113.19MB 1.4s
2025-08-21T12:27:30.8808808Z #13 sha256:a1e4ad56dcecf442fba1cec05cd565ededfdc663e5172df9ef9394d96d4c96f8 98.57MB / 113.19MB 1.5s
2025-08-21T12:27:30.9874999Z #13 sha256:a1e4ad56dcecf442fba1cec05cd565ededfdc663e5172df9ef9394d96d4c96f8 110.10MB / 113.19MB 1.7s
2025-08-21T12:27:31.4175639Z #13 sha256:a1e4ad56dcecf442fba1cec05cd565ededfdc663e5172df9ef9394d96d4c96f8 113.19MB / 113.19MB 2.1s done
2025-08-21T12:27:31.5179961Z #13 ...
2025-08-21T12:27:31.5180695Z 
2025-08-21T12:27:31.5181030Z #22 [fees_h10 internal] load build context
2025-08-21T12:27:31.5181881Z #22 transferring context: 8.31kB done
2025-08-21T12:27:31.5182277Z #22 DONE 0.1s
2025-08-21T12:27:31.5182448Z 
2025-08-21T12:27:31.5183161Z #23 [celery_worker internal] load build context
2025-08-21T12:27:31.5183722Z #23 transferring context: 41.18kB 0.0s done
2025-08-21T12:27:31.5184139Z #23 DONE 0.0s
2025-08-21T12:27:31.5184325Z 
2025-08-21T12:27:31.5184487Z #24 [etl internal] load build context
2025-08-21T12:27:31.5185614Z #24 transferring context: 41.18kB 0.0s done
2025-08-21T12:27:31.5186237Z #24 DONE 0.0s
2025-08-21T12:27:31.5186416Z 
2025-08-21T12:27:31.5186563Z #25 [api internal] load build context
2025-08-21T12:27:31.5186990Z #25 transferring context: 160.83kB 0.0s done
2025-08-21T12:27:31.5187396Z #25 DONE 0.0s
2025-08-21T12:27:31.5187559Z 
2025-08-21T12:27:31.5188179Z #13 [postgres 1/6] FROM docker.io/library/postgres:16@sha256:66a5efb5677ffac1037774a0e141fd3a4c035c9c0c0e624c9cc980dfa10f45e5
2025-08-21T12:27:31.6279064Z #13 extracting sha256:396b1da7636e2dcd10565cb4f2f952cbb4a8a38b58d3b86a2cacb172fb70117c 1.8s done
2025-08-21T12:27:31.7360652Z #13 extracting sha256:fb850b0e3049060bf4eb46c8806d7ceea916d67e5cc56d6b295511e27463e56b done
2025-08-21T12:27:31.7361862Z #13 extracting sha256:7f09385d08f9e8f578f9dad57582fff30d6ca3ef0f4d66ab5e1bf92c88862341
2025-08-21T12:27:31.8780944Z #13 extracting sha256:7f09385d08f9e8f578f9dad57582fff30d6ca3ef0f4d66ab5e1bf92c88862341 0.1s done
2025-08-21T12:27:31.8783710Z #13 extracting sha256:534f45d26d937460abe84bd086361a04c27e624a23f9384ff13f11c24c64c7bb
2025-08-21T12:27:32.0184347Z #13 extracting sha256:534f45d26d937460abe84bd086361a04c27e624a23f9384ff13f11c24c64c7bb 0.0s done
2025-08-21T12:27:32.0186103Z #13 extracting sha256:2b6532633f5d125e9a709f56f26af5a07390c859a5c77142b74da1d4e3c79fee
2025-08-21T12:27:32.3361143Z #13 extracting sha256:2b6532633f5d125e9a709f56f26af5a07390c859a5c77142b74da1d4e3c79fee 0.3s done
2025-08-21T12:27:32.4373814Z #13 extracting sha256:320fa150e60fca9bb108771a06f08d5464ad8b7474b7bf3f4b44d723b686ee72 0.1s done
2025-08-21T12:27:32.4375071Z #13 extracting sha256:19947f6cc5d3035f6c922fa1d6047c79e044256ad948080adb59cec60717b9f8
2025-08-21T12:27:32.5441967Z #13 extracting sha256:19947f6cc5d3035f6c922fa1d6047c79e044256ad948080adb59cec60717b9f8 done
2025-08-21T12:27:32.5442960Z #13 extracting sha256:e787bdd7824bfcb30d11087160de825f724620c952958f4f725c13421499b724 done
2025-08-21T12:27:32.5443949Z #13 extracting sha256:a1e4ad56dcecf442fba1cec05cd565ededfdc663e5172df9ef9394d96d4c96f8
2025-08-21T12:27:32.6732338Z #13 ...
2025-08-21T12:27:32.6733029Z 
2025-08-21T12:27:32.6733707Z #26 [fees_h10 base 1/6] FROM docker.io/library/python:3.12-slim@sha256:d67a7b66b989ad6b6d6b10d428dcc5e0bfc3e5f88906e67d490c4d3daac57047
2025-08-21T12:27:32.6735204Z #26 resolve docker.io/library/python:3.12-slim@sha256:d67a7b66b989ad6b6d6b10d428dcc5e0bfc3e5f88906e67d490c4d3daac57047 done
2025-08-21T12:27:32.6736470Z #26 extracting sha256:396b1da7636e2dcd10565cb4f2f952cbb4a8a38b58d3b86a2cacb172fb70117c 0.2s done
2025-08-21T12:27:32.6737553Z #26 sha256:d67a7b66b989ad6b6d6b10d428dcc5e0bfc3e5f88906e67d490c4d3daac57047 10.37kB / 10.37kB done
2025-08-21T12:27:32.6738913Z #26 sha256:8f3d1de1b41cd7340a89b024d6f7a10043f7b0d07d97eb36ba76f22fcfa9a235 1.75kB / 1.75kB done
2025-08-21T12:27:32.6740022Z #26 sha256:bad5eac7befe06d25bef9d4d894d7467355bac08745c745a88977774933fa032 5.58kB / 5.58kB done
2025-08-21T12:27:32.6741114Z #26 sha256:396b1da7636e2dcd10565cb4f2f952cbb4a8a38b58d3b86a2cacb172fb70117c 29.77MB / 29.77MB done
2025-08-21T12:27:32.6742276Z #26 sha256:e5c05dcf47fbdb2f18dc242ad1b7f48fbd3813c0027ffcfb8e81e4aa7e0965f4 12.11MB / 12.11MB 0.3s done
2025-08-21T12:27:32.6743406Z #26 sha256:d76206d463c08ba2a3f7bbab2de2a933ad73f33ab4ab813eafe50c9dff9edc12 251B / 251B 0.1s done
2025-08-21T12:27:32.6744493Z #26 sha256:5d587318e932a89b94608393c99dd30ee5092a6991c1656f717bd4f4e13d60df 1.29MB / 1.29MB 0.1s done
2025-08-21T12:27:32.6745854Z #26 extracting sha256:5d587318e932a89b94608393c99dd30ee5092a6991c1656f717bd4f4e13d60df 0.1s done
2025-08-21T12:27:32.6746895Z #26 extracting sha256:e5c05dcf47fbdb2f18dc242ad1b7f48fbd3813c0027ffcfb8e81e4aa7e0965f4 0.7s done
2025-08-21T12:27:32.6747961Z #26 extracting sha256:d76206d463c08ba2a3f7bbab2de2a933ad73f33ab4ab813eafe50c9dff9edc12 done
2025-08-21T12:27:32.6748859Z #26 DONE 1.2s
2025-08-21T12:27:32.6749032Z 
2025-08-21T12:27:32.6749212Z #27 [etl stage-1 2/5] WORKDIR /app/services/etl
2025-08-21T12:27:32.6749627Z #27 DONE 0.0s
2025-08-21T12:27:32.6749799Z 
2025-08-21T12:27:32.6749952Z #28 [celery_worker base 2/6] WORKDIR /app
2025-08-21T12:27:32.6750598Z #28 DONE 0.0s
2025-08-21T12:27:32.6750789Z 
2025-08-21T12:27:32.6751080Z #29 [api base  3/13] COPY services/api/requirements.txt ./requirements.txt
2025-08-21T12:27:32.6751618Z #29 DONE 0.0s
2025-08-21T12:27:32.6751785Z 
2025-08-21T12:27:32.6752209Z #30 [etl base 3/7] COPY services/etl/requirements*.txt services/etl/constraints.txt ./
2025-08-21T12:27:32.6752856Z #30 DONE 0.0s
2025-08-21T12:27:32.6753025Z 
2025-08-21T12:27:32.6753295Z #31 [fees_h10 base 3/6] COPY requirements*.txt constraints.txt ./fees_h10/
2025-08-21T12:27:32.6753835Z #31 DONE 0.0s
2025-08-21T12:27:32.6754006Z 
2025-08-21T12:27:32.6754633Z #13 [postgres 1/6] FROM docker.io/library/postgres:16@sha256:66a5efb5677ffac1037774a0e141fd3a4c035c9c0c0e624c9cc980dfa10f45e5
2025-08-21T12:27:37.7213177Z #13 extracting sha256:a1e4ad56dcecf442fba1cec05cd565ededfdc663e5172df9ef9394d96d4c96f8 5.1s
2025-08-21T12:27:38.7894394Z #13 extracting sha256:a1e4ad56dcecf442fba1cec05cd565ededfdc663e5172df9ef9394d96d4c96f8 6.2s done
2025-08-21T12:27:38.8988888Z #13 ...
2025-08-21T12:27:38.8989439Z 
2025-08-21T12:27:38.8990557Z #32 [fees_h10 base 4/6] RUN if [ -n "" ] && [ -f "fees_h10/" ]; then         pip install -r fees_h10/requirements.txt -c fees_h10/;     else         pip install -r fees_h10/requirements.txt;     fi
2025-08-21T12:27:38.8991659Z #32 3.368 Collecting celery==5.4.* (from celery[redis]==5.4.*->-r fees_h10/requirements.txt (line 1))
2025-08-21T12:27:38.8992287Z #32 3.432   Downloading celery-5.4.0-py3-none-any.whl.metadata (21 kB)
2025-08-21T12:27:38.8992838Z #32 3.583 Collecting asyncpg (from -r fees_h10/requirements.txt (line 2))
2025-08-21T12:27:38.8993498Z #32 3.592   Downloading asyncpg-0.30.0-cp312-cp312-manylinux_2_17_x86_64.manylinux2014_x86_64.whl.metadata (5.0 kB)
2025-08-21T12:27:38.8994170Z #32 3.641 Collecting httpx (from -r fees_h10/requirements.txt (line 3))
2025-08-21T12:27:38.8994688Z #32 3.652   Downloading httpx-0.28.1-py3-none-any.whl.metadata (7.1 kB)
2025-08-21T12:27:38.8995224Z #32 4.126 Collecting sqlalchemy (from -r fees_h10/requirements.txt (line 4))
2025-08-21T12:27:38.8995911Z #32 4.145   Downloading sqlalchemy-2.0.43-cp312-cp312-manylinux_2_17_x86_64.manylinux2014_x86_64.whl.metadata (9.6 kB)
2025-08-21T12:27:38.8996919Z #32 4.220 Collecting billiard<5.0,>=4.2.0 (from celery==5.4.*->celery[redis]==5.4.*->-r fees_h10/requirements.txt (line 1))
2025-08-21T12:27:38.8997602Z #32 4.233   Downloading billiard-4.2.1-py3-none-any.whl.metadata (4.4 kB)
2025-08-21T12:27:38.8998224Z #32 4.323 Collecting kombu<6.0,>=5.3.4 (from celery==5.4.*->celery[redis]==5.4.*->-r fees_h10/requirements.txt (line 1))
2025-08-21T12:27:38.8999053Z #32 4.336   Downloading kombu-5.5.4-py3-none-any.whl.metadata (3.5 kB)
2025-08-21T12:27:38.8999661Z #32 4.383 Collecting vine<6.0,>=5.1.0 (from celery==5.4.*->celery[redis]==5.4.*->-r fees_h10/requirements.txt (line 1))
2025-08-21T12:27:38.9000247Z #32 4.393   Downloading vine-5.1.0-py3-none-any.whl.metadata (2.7 kB)
2025-08-21T12:27:38.9000838Z #32 4.439 Collecting click<9.0,>=8.1.2 (from celery==5.4.*->celery[redis]==5.4.*->-r fees_h10/requirements.txt (line 1))
2025-08-21T12:27:38.9001439Z #32 4.448   Downloading click-8.2.1-py3-none-any.whl.metadata (2.5 kB)
2025-08-21T12:27:38.9002090Z #32 4.485 Collecting click-didyoumean>=0.3.0 (from celery==5.4.*->celery[redis]==5.4.*->-r fees_h10/requirements.txt (line 1))
2025-08-21T12:27:38.9240784Z #32 4.496   Downloading click_didyoumean-0.3.1-py3-none-any.whl.metadata (3.9 kB)
2025-08-21T12:27:38.9241745Z #32 4.526 Collecting click-repl>=0.2.0 (from celery==5.4.*->celery[redis]==5.4.*->-r fees_h10/requirements.txt (line 1))
2025-08-21T12:27:38.9242685Z #32 4.535   Downloading click_repl-0.3.0-py3-none-any.whl.metadata (3.6 kB)
2025-08-21T12:27:38.9243583Z #32 4.566 Collecting click-plugins>=1.1.1 (from celery==5.4.*->celery[redis]==5.4.*->-r fees_h10/requirements.txt (line 1))
2025-08-21T12:27:38.9244540Z #32 4.569   Downloading click_plugins-1.1.1.2-py2.py3-none-any.whl.metadata (6.5 kB)
2025-08-21T12:27:38.9245792Z #32 4.607 Collecting tzdata>=2022.7 (from celery==5.4.*->celery[redis]==5.4.*->-r fees_h10/requirements.txt (line 1))
2025-08-21T12:27:38.9246831Z #32 4.616   Downloading tzdata-2025.2-py2.py3-none-any.whl.metadata (1.4 kB)
2025-08-21T12:27:38.9247831Z #32 4.643 Collecting python-dateutil>=2.8.2 (from celery==5.4.*->celery[redis]==5.4.*->-r fees_h10/requirements.txt (line 1))
2025-08-21T12:27:38.9249124Z #32 4.651   Downloading python_dateutil-2.9.0.post0-py2.py3-none-any.whl.metadata (8.4 kB)
2025-08-21T12:27:38.9250254Z #32 4.732 Collecting redis!=4.5.5,<6.0.0,>=4.5.2 (from celery[redis]==5.4.*->-r fees_h10/requirements.txt (line 1))
2025-08-21T12:27:38.9251151Z #32 4.748   Downloading redis-5.3.1-py3-none-any.whl.metadata (9.2 kB)
2025-08-21T12:27:38.9252002Z #32 4.791 Collecting anyio (from httpx->-r fees_h10/requirements.txt (line 3))
2025-08-21T12:27:38.9252779Z #32 4.803   Downloading anyio-4.10.0-py3-none-any.whl.metadata (4.0 kB)
2025-08-21T12:27:38.9253559Z #32 4.852 Collecting certifi (from httpx->-r fees_h10/requirements.txt (line 3))
2025-08-21T12:27:38.9254369Z #32 4.861   Downloading certifi-2025.8.3-py3-none-any.whl.metadata (2.4 kB)
2025-08-21T12:27:38.9255184Z #32 4.928 Collecting httpcore==1.* (from httpx->-r fees_h10/requirements.txt (line 3))
2025-08-21T12:27:38.9256014Z #32 4.936   Downloading httpcore-1.0.9-py3-none-any.whl.metadata (21 kB)
2025-08-21T12:27:38.9256794Z #32 4.992 Collecting idna (from httpx->-r fees_h10/requirements.txt (line 3))
2025-08-21T12:27:38.9257489Z #32 5.002   Downloading idna-3.10-py3-none-any.whl.metadata (10 kB)
2025-08-21T12:27:38.9258252Z #32 5.054 Collecting h11>=0.16 (from httpcore==1.*->httpx->-r fees_h10/requirements.txt (line 3))
2025-08-21T12:27:38.9259170Z #32 5.068   Downloading h11-0.16.0-py3-none-any.whl.metadata (8.3 kB)
2025-08-21T12:27:38.9259931Z #32 5.321 Collecting greenlet>=1 (from sqlalchemy->-r fees_h10/requirements.txt (line 4))
2025-08-21T12:27:38.9260946Z #32 5.331   Downloading greenlet-3.2.4-cp312-cp312-manylinux_2_24_x86_64.manylinux_2_28_x86_64.whl.metadata (4.1 kB)
2025-08-21T12:27:38.9262019Z #32 5.389 Collecting typing-extensions>=4.6.0 (from sqlalchemy->-r fees_h10/requirements.txt (line 4))
2025-08-21T12:27:38.9263281Z #32 5.399   Downloading typing_extensions-4.14.1-py3-none-any.whl.metadata (3.0 kB)
2025-08-21T12:27:38.9264371Z #32 5.513 Collecting prompt-toolkit>=3.0.36 (from click-repl>=0.2.0->celery==5.4.*->celery[redis]==5.4.*->-r fees_h10/requirements.txt (line 1))
2025-08-21T12:27:38.9265452Z #32 5.523   Downloading prompt_toolkit-3.0.51-py3-none-any.whl.metadata (6.4 kB)
2025-08-21T12:27:38.9266365Z #32 5.568 Collecting amqp<6.0.0,>=5.1.1 (from kombu<6.0,>=5.3.4->celery==5.4.*->celery[redis]==5.4.*->-r fees_h10/requirements.txt (line 1))
2025-08-21T12:27:38.9267202Z #32 5.578   Downloading amqp-5.3.1-py3-none-any.whl.metadata (8.9 kB)
2025-08-21T12:27:38.9268057Z #32 5.622 Collecting packaging (from kombu<6.0,>=5.3.4->celery==5.4.*->celery[redis]==5.4.*->-r fees_h10/requirements.txt (line 1))
2025-08-21T12:27:38.9269216Z #32 5.630   Downloading packaging-25.0-py3-none-any.whl.metadata (3.3 kB)
2025-08-21T12:27:38.9270208Z #32 5.688 Collecting six>=1.5 (from python-dateutil>=2.8.2->celery==5.4.*->celery[redis]==5.4.*->-r fees_h10/requirements.txt (line 1))
2025-08-21T12:27:38.9271174Z #32 5.707   Downloading six-1.17.0-py2.py3-none-any.whl.metadata (1.7 kB)
2025-08-21T12:27:38.9272256Z #32 5.757 Collecting PyJWT>=2.9.0 (from redis!=4.5.5,<6.0.0,>=4.5.2->celery[redis]==5.4.*->-r fees_h10/requirements.txt (line 1))
2025-08-21T12:27:38.9273145Z #32 5.766   Downloading PyJWT-2.10.1-py3-none-any.whl.metadata (4.0 kB)
2025-08-21T12:27:38.9273929Z #32 5.806 Collecting sniffio>=1.1 (from anyio->httpx->-r fees_h10/requirements.txt (line 3))
2025-08-21T12:27:38.9274727Z #32 5.816   Downloading sniffio-1.3.1-py3-none-any.whl.metadata (3.9 kB)
2025-08-21T12:27:38.9275794Z #32 5.870 Collecting wcwidth (from prompt-toolkit>=3.0.36->click-repl>=0.2.0->celery==5.4.*->celery[redis]==5.4.*->-r fees_h10/requirements.txt (line 1))
2025-08-21T12:27:38.9277035Z #32 5.879   Downloading wcwidth-0.2.13-py2.py3-none-any.whl.metadata (14 kB)
2025-08-21T12:27:38.9277727Z #32 5.906 Downloading celery-5.4.0-py3-none-any.whl (425 kB)
2025-08-21T12:27:38.9278531Z #32 5.977 Downloading asyncpg-0.30.0-cp312-cp312-manylinux_2_17_x86_64.manylinux2014_x86_64.whl (3.6 MB)
2025-08-21T12:27:38.9280019Z #32 6.028    ━━━━━━━━━━━━━━━━━━━━━━━━━━━━━━━━━━━━━━━━ 3.6/3.6 MB 80.0 MB/s eta 0:00:00
2025-08-21T12:27:38.9280664Z #32 6.035 Downloading httpx-0.28.1-py3-none-any.whl (73 kB)
2025-08-21T12:27:38.9281259Z #32 6.050 Downloading httpcore-1.0.9-py3-none-any.whl (78 kB)
2025-08-21T12:27:38.9282107Z #32 6.063 Downloading sqlalchemy-2.0.43-cp312-cp312-manylinux_2_17_x86_64.manylinux2014_x86_64.whl (3.3 MB)
2025-08-21T12:27:38.9283195Z #32 6.249    ━━━━━━━━━━━━━━━━━━━━━━━━━━━━━━━━━━━━━━━━ 3.3/3.3 MB 17.2 MB/s eta 0:00:00
2025-08-21T12:27:39.0711241Z #32 6.297 Downloading billiard-4.2.1-py3-none-any.whl (86 kB)
2025-08-21T12:27:39.1765337Z #32 6.511 Downloading click-8.2.1-py3-none-any.whl (102 kB)
2025-08-21T12:27:39.4363273Z #32 6.713 Downloading click_didyoumean-0.3.1-py3-none-any.whl (3.6 kB)
2025-08-21T12:27:39.4364083Z #32 6.787 Downloading click_plugins-1.1.1.2-py2.py3-none-any.whl (11 kB)
2025-08-21T12:27:39.4364622Z #32 6.802 Downloading click_repl-0.3.0-py3-none-any.whl (10 kB)
2025-08-21T12:27:39.5492363Z #32 6.818 Downloading greenlet-3.2.4-cp312-cp312-manylinux_2_24_x86_64.manylinux_2_28_x86_64.whl (607 kB)
2025-08-21T12:27:39.5494304Z #32 6.843    ━━━━━━━━━━━━━━━━━━━━━━━━━━━━━━━━━━━━━━━━ 607.6/607.6 kB 17.2 MB/s eta 0:00:00
2025-08-21T12:27:39.5495353Z #32 6.851 Downloading kombu-5.5.4-py3-none-any.whl (210 kB)
2025-08-21T12:27:39.5500077Z #32 6.873 Downloading vine-5.1.0-py3-none-any.whl (9.6 kB)
2025-08-21T12:27:39.5501103Z #32 6.897 Downloading python_dateutil-2.9.0.post0-py2.py3-none-any.whl (229 kB)
2025-08-21T12:27:39.5502026Z #32 6.920 Downloading redis-5.3.1-py3-none-any.whl (272 kB)
2025-08-21T12:27:39.5502726Z #32 ...
2025-08-21T12:27:39.5505187Z 
2025-08-21T12:27:39.5509835Z #13 [postgres 1/6] FROM docker.io/library/postgres:16@sha256:66a5efb5677ffac1037774a0e141fd3a4c035c9c0c0e624c9cc980dfa10f45e5
2025-08-21T12:27:39.5511419Z #13 extracting sha256:987c1b4919ea2d87df20824aaef43a9de0575ac7df684579ad267c7e48c8eeea done
2025-08-21T12:27:39.5512842Z #13 extracting sha256:a858bd6d34e86a481a2e028e3ba489e662b3ac7713eba9a5d3bb97002c7d797e done
2025-08-21T12:27:39.6592244Z #13 extracting sha256:f1b3502db45ad485f0affe43e32fc81d699ddac01c023f198271a0a7e1cecd4c done
2025-08-21T12:27:39.6593102Z #13 extracting sha256:25ef78fb127c1934630de29a3d38f46e544360b1dcf5cfc09b25507fbe88fd75 done
2025-08-21T12:27:39.6593873Z #13 extracting sha256:240810240d04caaaccb11d51ba7c3a7f7d6f470ec2a80ee420a3d33899d9a303 done
2025-08-21T12:27:39.7698090Z #13 DONE 10.5s
2025-08-21T12:27:39.7699136Z 
2025-08-21T12:27:39.7701973Z #32 [fees_h10 base 4/6] RUN if [ -n "" ] && [ -f "fees_h10/" ]; then         pip install -r fees_h10/requirements.txt -c fees_h10/;     else         pip install -r fees_h10/requirements.txt;     fi
2025-08-21T12:27:39.7703443Z #32 6.937 Downloading typing_extensions-4.14.1-py3-none-any.whl (43 kB)
2025-08-21T12:27:39.7704431Z #32 6.955 Downloading tzdata-2025.2-py2.py3-none-any.whl (347 kB)
2025-08-21T12:27:39.7705553Z #32 6.974 Downloading anyio-4.10.0-py3-none-any.whl (107 kB)
2025-08-21T12:27:39.7706349Z #32 7.015 Downloading idna-3.10-py3-none-any.whl (70 kB)
2025-08-21T12:27:39.7707541Z #32 7.030 Downloading certifi-2025.8.3-py3-none-any.whl (161 kB)
2025-08-21T12:27:39.7708274Z #32 7.042 Downloading amqp-5.3.1-py3-none-any.whl (50 kB)
2025-08-21T12:27:39.7708974Z #32 7.060 Downloading h11-0.16.0-py3-none-any.whl (37 kB)
2025-08-21T12:27:39.7709589Z #32 7.073 Downloading prompt_toolkit-3.0.51-py3-none-any.whl (387 kB)
2025-08-21T12:27:39.7710224Z #32 7.086 Downloading PyJWT-2.10.1-py3-none-any.whl (22 kB)
2025-08-21T12:27:39.7710792Z #32 7.099 Downloading six-1.17.0-py2.py3-none-any.whl (11 kB)
2025-08-21T12:27:39.7711370Z #32 7.112 Downloading sniffio-1.3.1-py3-none-any.whl (10 kB)
2025-08-21T12:27:39.7712283Z #32 7.141 Downloading packaging-25.0-py3-none-any.whl (66 kB)
2025-08-21T12:27:39.9337172Z #32 7.155 Downloading wcwidth-0.2.13-py2.py3-none-any.whl (34 kB)
2025-08-21T12:27:39.9603551Z #32 7.329 Installing collected packages: wcwidth, vine, tzdata, typing-extensions, sniffio, six, PyJWT, prompt-toolkit, packaging, idna, h11, greenlet, click, certifi, billiard, asyncpg, sqlalchemy, redis, python-dateutil, httpcore, click-repl, click-plugins, click-didyoumean, anyio, amqp, kombu, httpx, celery
2025-08-21T12:27:42.6274648Z #32 ...
2025-08-21T12:27:42.6274896Z 
2025-08-21T12:27:42.6276409Z #33 [api stage-1 3/6] RUN set -eux;     if [ -f /etc/apt/sources.list ]; then         sed -i 's|http://deb.debian.org|https://deb.debian.org|g' /etc/apt/sources.list;     fi;     apt-get update;     apt-get install -y --no-install-recommends tzdata postgresql-client curl;     rm -rf /var/lib/apt/lists/*
2025-08-21T12:27:42.6278150Z #33 0.287 + [ -f /etc/apt/sources.list ]
2025-08-21T12:27:42.6278787Z #33 0.287 + apt-get update
2025-08-21T12:27:42.6279258Z #33 0.353 Hit:1 http://deb.debian.org/debian trixie InRelease
2025-08-21T12:27:42.6280089Z #33 0.353 Get:2 http://deb.debian.org/debian trixie-updates InRelease [47.1 kB]
2025-08-21T12:27:42.6280953Z #33 0.354 Get:3 http://deb.debian.org/debian-security trixie-security InRelease [43.4 kB]
2025-08-21T12:27:42.6281841Z #33 0.379 Get:4 http://deb.debian.org/debian trixie/main amd64 Packages [9668 kB]
2025-08-21T12:27:42.6282689Z #33 0.485 Get:5 http://deb.debian.org/debian trixie-updates/main amd64 Packages [2432 B]
2025-08-21T12:27:42.6283658Z #33 0.486 Get:6 http://deb.debian.org/debian-security trixie-security/main amd64 Packages [20.5 kB]
2025-08-21T12:27:42.6284419Z #33 1.313 Fetched 9781 kB in 1s (9850 kB/s)
2025-08-21T12:27:42.6284875Z #33 1.313 Reading package lists...
2025-08-21T12:27:42.6285512Z #33 2.262 + apt-get install -y --no-install-recommends tzdata postgresql-client curl
2025-08-21T12:27:42.6286162Z #33 2.288 Reading package lists...
2025-08-21T12:27:42.6286593Z #33 3.167 Building dependency tree...
2025-08-21T12:27:42.6287021Z #33 3.409 Reading state information...
2025-08-21T12:27:42.6287519Z #33 3.692 tzdata is already the newest version (2025b-4).
2025-08-21T12:27:42.6288115Z #33 3.692 The following additional packages will be installed:
2025-08-21T12:27:42.6305470Z #33 3.692   libbrotli1 libcom-err2 libcurl4t64 libgdbm-compat4t64 libgnutls30t64
2025-08-21T12:27:42.6306358Z #33 3.692   libgssapi-krb5-2 libidn2-0 libk5crypto3 libkeyutils1 libkrb5-3
2025-08-21T12:27:42.6309058Z #33 3.692   libkrb5support0 libldap2 libnghttp2-14 libnghttp3-9 libp11-kit0 libperl5.40
2025-08-21T12:27:42.6310279Z #33 3.693   libpq5 libpsl5t64 librtmp1 libsasl2-2 libsasl2-modules-db libssh2-1t64
2025-08-21T12:27:42.6327250Z #33 3.694   libtasn1-6 libunistring5 perl perl-modules-5.40 postgresql-client-17
2025-08-21T12:27:42.6327986Z #33 3.694   postgresql-client-common sensible-utils
2025-08-21T12:27:42.6328483Z #33 3.696 Suggested packages:
2025-08-21T12:27:42.6329287Z #33 3.696   gnutls-bin krb5-doc krb5-user perl-doc libterm-readline-gnu-perl
2025-08-21T12:27:42.6330187Z #33 3.696   | libterm-readline-perl-perl make libtap-harness-archive-perl postgresql-17
2025-08-21T12:27:42.6330881Z #33 3.696   postgresql-doc-17
2025-08-21T12:27:42.6331281Z #33 3.696 Recommended packages:
2025-08-21T12:27:42.6332225Z #33 3.696   bash-completion krb5-locales libldap-common publicsuffix libsasl2-modules
2025-08-21T12:27:42.6332977Z #33 3.948 The following NEW packages will be installed:
2025-08-21T12:27:42.6333685Z #33 3.948   curl libbrotli1 libcom-err2 libcurl4t64 libgdbm-compat4t64 libgnutls30t64
2025-08-21T12:27:42.6334519Z #33 3.948   libgssapi-krb5-2 libidn2-0 libk5crypto3 libkeyutils1 libkrb5-3
2025-08-21T12:27:42.6335378Z #33 3.948   libkrb5support0 libldap2 libnghttp2-14 libnghttp3-9 libp11-kit0 libperl5.40
2025-08-21T12:27:42.6336283Z #33 3.949   libpq5 libpsl5t64 librtmp1 libsasl2-2 libsasl2-modules-db libssh2-1t64
2025-08-21T12:27:42.6337376Z #33 3.949   libtasn1-6 libunistring5 perl perl-modules-5.40 postgresql-client
2025-08-21T12:27:42.6338211Z #33 3.949   postgresql-client-17 postgresql-client-common sensible-utils
2025-08-21T12:27:42.6339158Z #33 3.997 0 upgraded, 31 newly installed, 0 to remove and 0 not upgraded.
2025-08-21T12:27:42.6339749Z #33 3.997 Need to get 14.9 MB of archives.
2025-08-21T12:27:42.6340361Z #33 3.997 After this operation, 78.1 MB of additional disk space will be used.
2025-08-21T12:27:42.6341255Z #33 3.997 Get:1 http://deb.debian.org/debian trixie/main amd64 sensible-utils all 0.0.25 [25.0 kB]
2025-08-21T12:27:42.6342268Z #33 4.004 Get:2 http://deb.debian.org/debian trixie/main amd64 perl-modules-5.40 all 5.40.1-6 [3019 kB]
2025-08-21T12:27:42.6343311Z #33 4.045 Get:3 http://deb.debian.org/debian trixie/main amd64 libgdbm-compat4t64 amd64 1.24-2 [50.3 kB]
2025-08-21T12:27:42.6344316Z #33 4.048 Get:4 http://deb.debian.org/debian trixie/main amd64 libperl5.40 amd64 5.40.1-6 [4341 kB]
2025-08-21T12:27:42.6345294Z #33 4.076 Get:5 http://deb.debian.org/debian trixie/main amd64 perl amd64 5.40.1-6 [267 kB]
2025-08-21T12:27:42.6346246Z #33 4.079 Get:6 http://deb.debian.org/debian trixie/main amd64 libbrotli1 amd64 1.1.0-2+b7 [307 kB]
2025-08-21T12:27:42.6347263Z #33 4.082 Get:7 http://deb.debian.org/debian trixie/main amd64 libkrb5support0 amd64 1.21.3-5 [33.0 kB]
2025-08-21T12:27:42.6348307Z #33 4.083 Get:8 http://deb.debian.org/debian trixie/main amd64 libcom-err2 amd64 1.47.2-3+b3 [25.0 kB]
2025-08-21T12:27:42.6349521Z #33 4.085 Get:9 http://deb.debian.org/debian trixie/main amd64 libk5crypto3 amd64 1.21.3-5 [81.5 kB]
2025-08-21T12:27:42.6350609Z #33 4.085 Get:10 http://deb.debian.org/debian trixie/main amd64 libkeyutils1 amd64 1.6.3-6 [9456 B]
2025-08-21T12:27:42.6351581Z #33 4.085 Get:11 http://deb.debian.org/debian trixie/main amd64 libkrb5-3 amd64 1.21.3-5 [326 kB]
2025-08-21T12:27:42.6352582Z #33 4.088 Get:12 http://deb.debian.org/debian trixie/main amd64 libgssapi-krb5-2 amd64 1.21.3-5 [138 kB]
2025-08-21T12:27:42.6353597Z #33 4.090 Get:13 http://deb.debian.org/debian trixie/main amd64 libunistring5 amd64 1.3-2 [477 kB]
2025-08-21T12:27:42.6354552Z #33 4.092 Get:14 http://deb.debian.org/debian trixie/main amd64 libidn2-0 amd64 2.3.8-2 [109 kB]
2025-08-21T12:27:42.6355607Z #33 4.094 Get:15 http://deb.debian.org/debian trixie/main amd64 libsasl2-modules-db amd64 2.1.28+dfsg1-9 [19.8 kB]
2025-08-21T12:27:42.6356708Z #33 4.094 Get:16 http://deb.debian.org/debian trixie/main amd64 libsasl2-2 amd64 2.1.28+dfsg1-9 [57.5 kB]
2025-08-21T12:27:42.6357734Z #33 4.095 Get:17 http://deb.debian.org/debian trixie/main amd64 libldap2 amd64 2.6.10+dfsg-1 [194 kB]
2025-08-21T12:27:42.6359780Z #33 4.097 Get:18 http://deb.debian.org/debian trixie/main amd64 libnghttp2-14 amd64 1.64.0-1.1 [76.0 kB]
2025-08-21T12:27:42.6360902Z #33 4.099 Get:19 http://deb.debian.org/debian trixie/main amd64 libnghttp3-9 amd64 1.8.0-1 [67.7 kB]
2025-08-21T12:27:42.6379051Z #33 4.099 Get:20 http://deb.debian.org/debian trixie/main amd64 libpsl5t64 amd64 0.21.2-1.1+b1 [57.2 kB]
2025-08-21T12:27:42.6380134Z #33 4.100 Get:21 http://deb.debian.org/debian trixie/main amd64 libp11-kit0 amd64 0.25.5-3 [425 kB]
2025-08-21T12:27:42.6381144Z #33 4.107 Get:22 http://deb.debian.org/debian trixie/main amd64 libtasn1-6 amd64 4.20.0-2 [49.9 kB]
2025-08-21T12:27:42.6382157Z #33 4.107 Get:23 http://deb.debian.org/debian trixie/main amd64 libgnutls30t64 amd64 3.8.9-3 [1465 kB]
2025-08-21T12:27:42.6383589Z #33 4.121 Get:24 http://deb.debian.org/debian trixie/main amd64 librtmp1 amd64 2.4+20151223.gitfa8646d.1-2+b5 [58.8 kB]
2025-08-21T12:27:42.6384694Z #33 4.122 Get:25 http://deb.debian.org/debian trixie/main amd64 libssh2-1t64 amd64 1.11.1-1 [245 kB]
2025-08-21T12:27:42.6385682Z #33 4.127 Get:26 http://deb.debian.org/debian trixie/main amd64 libcurl4t64 amd64 8.14.1-2 [391 kB]
2025-08-21T12:27:42.6386626Z #33 4.131 Get:27 http://deb.debian.org/debian trixie/main amd64 curl amd64 8.14.1-2 [269 kB]
2025-08-21T12:27:42.6387531Z #33 4.133 Get:28 http://deb.debian.org/debian trixie/main amd64 libpq5 amd64 17.5-1 [226 kB]
2025-08-21T12:27:42.6404993Z #33 4.133 Get:29 http://deb.debian.org/debian trixie/main amd64 postgresql-client-common all 278 [47.1 kB]
2025-08-21T12:27:42.6406251Z #33 4.134 Get:30 http://deb.debian.org/debian trixie/main amd64 postgresql-client-17 amd64 17.5-1 [2025 kB]
2025-08-21T12:27:42.6407330Z #33 4.142 Get:31 http://deb.debian.org/debian trixie/main amd64 postgresql-client all 17+278 [14.0 kB]
2025-08-21T12:27:42.6408106Z #33 6.288 Fetched 14.9 MB in 0s (83.2 MB/s)
2025-08-21T12:27:42.6408862Z #33 6.759 Selecting previously unselected package sensible-utils.
2025-08-21T12:27:42.6409497Z #33 6.759 (Reading database ... 
2025-08-21T12:27:42.6409899Z (Reading database ... 5%
2025-08-21T12:27:42.6410255Z (Reading database ... 10%
2025-08-21T12:27:42.6410619Z (Reading database ... 15%
2025-08-21T12:27:42.6410967Z (Reading database ... 20%
2025-08-21T12:27:42.6411326Z (Reading database ... 25%
2025-08-21T12:27:42.6411668Z (Reading database ... 30%
2025-08-21T12:27:42.6412017Z (Reading database ... 35%
2025-08-21T12:27:42.6412367Z (Reading database ... 40%
2025-08-21T12:27:42.6412717Z (Reading database ... 45%
2025-08-21T12:27:42.6413056Z (Reading database ... 50%
2025-08-21T12:27:42.6413405Z (Reading database ... 55%
2025-08-21T12:27:42.6413753Z (Reading database ... 60%
2025-08-21T12:27:42.6414091Z (Reading database ... 65%
2025-08-21T12:27:42.6414449Z (Reading database ... 70%
2025-08-21T12:27:42.6414795Z (Reading database ... 75%
2025-08-21T12:27:42.6415159Z (Reading database ... 80%
2025-08-21T12:27:42.6415506Z (Reading database ... 85%
2025-08-21T12:27:42.6415858Z (Reading database ... 90%
2025-08-21T12:27:42.6416199Z (Reading database ... 95%
2025-08-21T12:27:42.6416555Z (Reading database ... 100%
2025-08-21T12:27:42.6417071Z (Reading database ... 5643 files and directories currently installed.)
2025-08-21T12:27:42.6417805Z #33 6.767 Preparing to unpack .../00-sensible-utils_0.0.25_all.deb ...
2025-08-21T12:27:42.6418423Z #33 6.799 Unpacking sensible-utils (0.0.25) ...
2025-08-21T12:27:42.6419358Z #33 6.893 Selecting previously unselected package perl-modules-5.40.
2025-08-21T12:27:42.6420133Z #33 6.895 Preparing to unpack .../01-perl-modules-5.40_5.40.1-6_all.deb ...
2025-08-21T12:27:42.6420803Z #33 6.897 Unpacking perl-modules-5.40 (5.40.1-6) ...
2025-08-21T12:27:42.6421462Z #33 7.451 Selecting previously unselected package libgdbm-compat4t64:amd64.
2025-08-21T12:27:42.6422248Z #33 7.452 Preparing to unpack .../02-libgdbm-compat4t64_1.24-2_amd64.deb ...
2025-08-21T12:27:42.6422921Z #33 7.461 Unpacking libgdbm-compat4t64:amd64 (1.24-2) ...
2025-08-21T12:27:42.6423567Z #33 7.517 Selecting previously unselected package libperl5.40:amd64.
2025-08-21T12:27:42.6424266Z #33 7.522 Preparing to unpack .../03-libperl5.40_5.40.1-6_amd64.deb ...
2025-08-21T12:27:42.6424879Z #33 7.526 Unpacking libperl5.40:amd64 (5.40.1-6) ...
2025-08-21T12:27:42.6425412Z #33 7.982 Selecting previously unselected package perl.
2025-08-21T12:27:42.6426019Z #33 7.985 Preparing to unpack .../04-perl_5.40.1-6_amd64.deb ...
2025-08-21T12:27:42.6426558Z #33 7.990 Unpacking perl (5.40.1-6) ...
2025-08-21T12:27:42.6427126Z #33 8.045 Selecting previously unselected package libbrotli1:amd64.
2025-08-21T12:27:42.6427824Z #33 8.045 Preparing to unpack .../05-libbrotli1_1.1.0-2+b7_amd64.deb ...
2025-08-21T12:27:42.6428441Z #33 8.051 Unpacking libbrotli1:amd64 (1.1.0-2+b7) ...
2025-08-21T12:27:42.6429550Z #33 8.105 Selecting previously unselected package libkrb5support0:amd64.
2025-08-21T12:27:42.6430305Z #33 8.106 Preparing to unpack .../06-libkrb5support0_1.21.3-5_amd64.deb ...
2025-08-21T12:27:42.6430963Z #33 8.107 Unpacking libkrb5support0:amd64 (1.21.3-5) ...
2025-08-21T12:27:42.6431597Z #33 8.146 Selecting previously unselected package libcom-err2:amd64.
2025-08-21T12:27:42.6432319Z #33 8.148 Preparing to unpack .../07-libcom-err2_1.47.2-3+b3_amd64.deb ...
2025-08-21T12:27:42.6432939Z #33 8.150 Unpacking libcom-err2:amd64 (1.47.2-3+b3) ...
2025-08-21T12:27:42.6433588Z #33 8.199 Selecting previously unselected package libk5crypto3:amd64.
2025-08-21T12:27:42.6434489Z #33 8.200 Preparing to unpack .../08-libk5crypto3_1.21.3-5_amd64.deb ...
2025-08-21T12:27:42.6435126Z #33 8.205 Unpacking libk5crypto3:amd64 (1.21.3-5) ...
2025-08-21T12:27:42.6435760Z #33 8.256 Selecting previously unselected package libkeyutils1:amd64.
2025-08-21T12:27:42.6436467Z #33 8.256 Preparing to unpack .../09-libkeyutils1_1.6.3-6_amd64.deb ...
2025-08-21T12:27:42.6437090Z #33 8.262 Unpacking libkeyutils1:amd64 (1.6.3-6) ...
2025-08-21T12:27:42.6437710Z #33 8.304 Selecting previously unselected package libkrb5-3:amd64.
2025-08-21T12:27:42.6438407Z #33 8.306 Preparing to unpack .../10-libkrb5-3_1.21.3-5_amd64.deb ...
2025-08-21T12:27:42.6439182Z #33 8.308 Unpacking libkrb5-3:amd64 (1.21.3-5) ...
2025-08-21T12:27:42.6439821Z #33 8.366 Selecting previously unselected package libgssapi-krb5-2:amd64.
2025-08-21T12:27:42.6440594Z #33 8.368 Preparing to unpack .../11-libgssapi-krb5-2_1.21.3-5_amd64.deb ...
2025-08-21T12:27:42.6441314Z #33 8.379 Unpacking libgssapi-krb5-2:amd64 (1.21.3-5) ...
2025-08-21T12:27:42.6441994Z #33 8.417 Selecting previously unselected package libunistring5:amd64.
2025-08-21T12:27:42.6442731Z #33 8.419 Preparing to unpack .../12-libunistring5_1.3-2_amd64.deb ...
2025-08-21T12:27:42.6443372Z #33 8.421 Unpacking libunistring5:amd64 (1.3-2) ...
2025-08-21T12:27:42.6443974Z #33 8.495 Selecting previously unselected package libidn2-0:amd64.
2025-08-21T12:27:42.6444731Z #33 8.497 Preparing to unpack .../13-libidn2-0_2.3.8-2_amd64.deb ...
2025-08-21T12:27:42.6445307Z #33 8.499 Unpacking libidn2-0:amd64 (2.3.8-2) ...
2025-08-21T12:27:42.6445962Z #33 8.559 Selecting previously unselected package libsasl2-modules-db:amd64.
2025-08-21T12:27:42.6446794Z #33 8.560 Preparing to unpack .../14-libsasl2-modules-db_2.1.28+dfsg1-9_amd64.deb ...
2025-08-21T12:27:42.6447547Z #33 8.569 Unpacking libsasl2-modules-db:amd64 (2.1.28+dfsg1-9) ...
2025-08-21T12:27:42.6448242Z #33 8.614 Selecting previously unselected package libsasl2-2:amd64.
2025-08-21T12:27:42.6452366Z #33 8.614 Preparing to unpack .../15-libsasl2-2_2.1.28+dfsg1-9_amd64.deb ...
2025-08-21T12:27:42.6453070Z #33 8.616 Unpacking libsasl2-2:amd64 (2.1.28+dfsg1-9) ...
2025-08-21T12:27:42.6453695Z #33 8.662 Selecting previously unselected package libldap2:amd64.
2025-08-21T12:27:42.6454588Z #33 8.664 Preparing to unpack .../16-libldap2_2.6.10+dfsg-1_amd64.deb ...
2025-08-21T12:27:42.6455234Z #33 8.666 Unpacking libldap2:amd64 (2.6.10+dfsg-1) ...
2025-08-21T12:27:42.6455879Z #33 8.715 Selecting previously unselected package libnghttp2-14:amd64.
2025-08-21T12:27:42.6456656Z #33 8.718 Preparing to unpack .../17-libnghttp2-14_1.64.0-1.1_amd64.deb ...
2025-08-21T12:27:42.6457302Z #33 8.721 Unpacking libnghttp2-14:amd64 (1.64.0-1.1) ...
2025-08-21T12:27:42.6457948Z #33 8.775 Selecting previously unselected package libnghttp3-9:amd64.
2025-08-21T12:27:42.6459578Z #33 8.782 Preparing to unpack .../18-libnghttp3-9_1.8.0-1_amd64.deb ...
2025-08-21T12:27:42.6460258Z #33 8.784 Unpacking libnghttp3-9:amd64 (1.8.0-1) ...
2025-08-21T12:27:42.6460906Z #33 8.837 Selecting previously unselected package libpsl5t64:amd64.
2025-08-21T12:27:42.6461900Z #33 8.837 Preparing to unpack .../19-libpsl5t64_0.21.2-1.1+b1_amd64.deb ...
2025-08-21T12:27:42.6462676Z #33 8.841 Unpacking libpsl5t64:amd64 (0.21.2-1.1+b1) ...
2025-08-21T12:27:42.6463318Z #33 8.888 Selecting previously unselected package libp11-kit0:amd64.
2025-08-21T12:27:42.6464343Z #33 8.899 Preparing to unpack .../20-libp11-kit0_0.25.5-3_amd64.deb ...
2025-08-21T12:27:42.6464954Z #33 8.906 Unpacking libp11-kit0:amd64 (0.25.5-3) ...
2025-08-21T12:27:42.6465569Z #33 8.985 Selecting previously unselected package libtasn1-6:amd64.
2025-08-21T12:27:42.6466267Z #33 8.986 Preparing to unpack .../21-libtasn1-6_4.20.0-2_amd64.deb ...
2025-08-21T12:27:42.6466870Z #33 8.992 Unpacking libtasn1-6:amd64 (4.20.0-2) ...
2025-08-21T12:27:42.6467499Z #33 9.066 Selecting previously unselected package libgnutls30t64:amd64.
2025-08-21T12:27:42.6468223Z #33 9.073 Preparing to unpack .../22-libgnutls30t64_3.8.9-3_amd64.deb ...
2025-08-21T12:27:42.6469296Z #33 9.079 Unpacking libgnutls30t64:amd64 (3.8.9-3) ...
2025-08-21T12:27:42.6475666Z #33 9.293 Selecting previously unselected package librtmp1:amd64.
2025-08-21T12:27:42.6476547Z #33 9.293 Preparing to unpack .../23-librtmp1_2.4+20151223.gitfa8646d.1-2+b5_amd64.deb ...
2025-08-21T12:27:42.6477358Z #33 9.302 Unpacking librtmp1:amd64 (2.4+20151223.gitfa8646d.1-2+b5) ...
2025-08-21T12:27:42.6478102Z #33 9.378 Selecting previously unselected package libssh2-1t64:amd64.
2025-08-21T12:27:42.6479059Z #33 9.382 Preparing to unpack .../24-libssh2-1t64_1.11.1-1_amd64.deb ...
2025-08-21T12:27:42.6479693Z #33 9.392 Unpacking libssh2-1t64:amd64 (1.11.1-1) ...
2025-08-21T12:27:42.6480323Z #33 9.500 Selecting previously unselected package libcurl4t64:amd64.
2025-08-21T12:27:42.6497079Z #33 9.501 Preparing to unpack .../25-libcurl4t64_8.14.1-2_amd64.deb ...
2025-08-21T12:27:42.6497732Z #33 9.506 Unpacking libcurl4t64:amd64 (8.14.1-2) ...
2025-08-21T12:27:42.6498309Z #33 9.615 Selecting previously unselected package curl.
2025-08-21T12:27:42.6499129Z #33 9.617 Preparing to unpack .../26-curl_8.14.1-2_amd64.deb ...
2025-08-21T12:27:42.6499699Z #33 9.619 Unpacking curl (8.14.1-2) ...
2025-08-21T12:27:42.6500241Z #33 9.714 Selecting previously unselected package libpq5:amd64.
2025-08-21T12:27:42.6500895Z #33 9.718 Preparing to unpack .../27-libpq5_17.5-1_amd64.deb ...
2025-08-21T12:27:42.6501461Z #33 9.722 Unpacking libpq5:amd64 (17.5-1) ...
2025-08-21T12:27:42.6502114Z #33 9.801 Selecting previously unselected package postgresql-client-common.
2025-08-21T12:27:42.6502928Z #33 9.803 Preparing to unpack .../28-postgresql-client-common_278_all.deb ...
2025-08-21T12:27:42.6503615Z #33 9.826 Unpacking postgresql-client-common (278) ...
2025-08-21T12:27:42.6504295Z #33 9.890 Selecting previously unselected package postgresql-client-17.
2025-08-21T12:27:42.6505064Z #33 9.892 Preparing to unpack .../29-postgresql-client-17_17.5-1_amd64.deb ...
2025-08-21T12:27:42.6505733Z #33 9.894 Unpacking postgresql-client-17 (17.5-1) ...
2025-08-21T12:27:42.7338486Z #33 10.09 Selecting previously unselected package postgresql-client.
2025-08-21T12:27:42.7361617Z #33 10.09 Preparing to unpack .../30-postgresql-client_17+278_all.deb ...
2025-08-21T12:27:42.7362638Z #33 10.10 Unpacking postgresql-client (17+278) ...
2025-08-21T12:27:42.7363526Z #33 10.16 Setting up libkeyutils1:amd64 (1.6.3-6) ...
2025-08-21T12:27:42.7363981Z #33 ...
2025-08-21T12:27:42.7364134Z 
2025-08-21T12:27:42.7364479Z #34 [api base  4/13] RUN pip install --no-cache-dir -r requirements.txt
2025-08-21T12:27:42.7365187Z #34 3.078 Collecting uvicorn==0.29.0 (from -r requirements.txt (line 1))
2025-08-21T12:27:42.7365987Z #34 3.124   Downloading uvicorn-0.29.0-py3-none-any.whl.metadata (6.3 kB)
2025-08-21T12:27:42.7366754Z #34 3.161 Collecting pydantic-settings==2.2.1 (from -r requirements.txt (line 2))
2025-08-21T12:27:42.7367681Z #34 3.169   Downloading pydantic_settings-2.2.1-py3-none-any.whl.metadata (3.1 kB)
2025-08-21T12:27:42.7368554Z #34 3.252 Collecting fastapi==0.111.0 (from -r requirements.txt (line 3))
2025-08-21T12:27:42.7369996Z #34 3.265   Downloading fastapi-0.111.0-py3-none-any.whl.metadata (25 kB)
2025-08-21T12:27:42.7370741Z #34 3.728 Collecting sqlalchemy==2.0.29 (from -r requirements.txt (line 4))
2025-08-21T12:27:42.7371671Z #34 3.736   Downloading SQLAlchemy-2.0.29-cp312-cp312-manylinux_2_17_x86_64.manylinux2014_x86_64.whl.metadata (9.6 kB)
2025-08-21T12:27:42.7372948Z #34 3.811 Collecting alembic==1.13.1 (from -r requirements.txt (line 5))
2025-08-21T12:27:42.7373697Z #34 3.822   Downloading alembic-1.13.1-py3-none-any.whl.metadata (7.4 kB)
2025-08-21T12:27:42.7374714Z #34 3.865 Collecting psycopg==3.2.9 (from psycopg[binary]==3.2.9->-r requirements.txt (line 6))
2025-08-21T12:27:42.7375617Z #34 3.879   Downloading psycopg-3.2.9-py3-none-any.whl.metadata (4.5 kB)
2025-08-21T12:27:42.7376362Z #34 3.945 Collecting httpx==0.27.2 (from -r requirements.txt (line 7))
2025-08-21T12:27:42.7377347Z #34 3.953   Downloading httpx-0.27.2-py3-none-any.whl.metadata (7.1 kB)
2025-08-21T12:27:42.7378069Z #34 4.029 Collecting asyncpg==0.29.0 (from -r requirements.txt (line 8))
2025-08-21T12:27:42.7379149Z #34 4.040   Downloading asyncpg-0.29.0-cp312-cp312-manylinux_2_17_x86_64.manylinux2014_x86_64.whl.metadata (4.4 kB)
2025-08-21T12:27:42.7380057Z #34 4.531 Collecting boto3==1.34.162 (from -r requirements.txt (line 9))
2025-08-21T12:27:42.7380801Z #34 4.546   Downloading boto3-1.34.162-py3-none-any.whl.metadata (6.6 kB)
2025-08-21T12:27:42.7381546Z #34 4.574 Collecting Jinja2==3.1.5 (from -r requirements.txt (line 10))
2025-08-21T12:27:42.7382289Z #34 4.587   Downloading jinja2-3.1.5-py3-none-any.whl.metadata (2.6 kB)
2025-08-21T12:27:42.7382935Z #34 4.643 Collecting celery==5.3.* (from -r requirements.txt (line 11))
2025-08-21T12:27:42.7383625Z #34 4.651   Downloading celery-5.3.6-py3-none-any.whl.metadata (21 kB)
2025-08-21T12:27:42.7384350Z #34 4.717 Collecting structlog==24.1.0 (from -r requirements.txt (line 12))
2025-08-21T12:27:42.7385123Z #34 4.725   Downloading structlog-24.1.0-py3-none-any.whl.metadata (6.9 kB)
2025-08-21T12:27:42.7385944Z #34 4.753 Collecting asgi-correlation-id==4.3.1 (from -r requirements.txt (line 13))
2025-08-21T12:27:42.7386754Z #34 4.763   Downloading asgi_correlation_id-4.3.1-py3-none-any.whl.metadata (28 kB)
2025-08-21T12:27:42.7387588Z #34 4.786 Collecting fastapi-limiter==0.1.6 (from -r requirements.txt (line 14))
2025-08-21T12:27:42.7388390Z #34 4.795   Downloading fastapi_limiter-0.1.6-py3-none-any.whl.metadata (5.3 kB)
2025-08-21T12:27:42.7390367Z #34 4.838 Collecting redis==5.0.8 (from -r requirements.txt (line 15))
2025-08-21T12:27:42.7391106Z #34 4.846   Downloading redis-5.0.8-py3-none-any.whl.metadata (9.2 kB)
2025-08-21T12:27:42.7392049Z #34 4.937 Collecting sentry-sdk==2.9.0 (from sentry-sdk[celery,fastapi,sqlalchemy]==2.9.0->-r requirements.txt (line 16))
2025-08-21T12:27:42.7393058Z #34 4.950   Downloading sentry_sdk-2.9.0-py2.py3-none-any.whl.metadata (14 kB)
2025-08-21T12:27:42.7393858Z #34 5.078 Collecting click>=7.0 (from uvicorn==0.29.0->-r requirements.txt (line 1))
2025-08-21T12:27:42.7394627Z #34 5.086   Downloading click-8.2.1-py3-none-any.whl.metadata (2.5 kB)
2025-08-21T12:27:42.7395348Z #34 5.102 Collecting h11>=0.8 (from uvicorn==0.29.0->-r requirements.txt (line 1))
2025-08-21T12:27:42.7399698Z #34 5.111   Downloading h11-0.16.0-py3-none-any.whl.metadata (8.3 kB)
2025-08-21T12:27:42.7401402Z #34 5.329 Collecting pydantic>=2.3.0 (from pydantic-settings==2.2.1->-r requirements.txt (line 2))
2025-08-21T12:27:42.7403441Z #34 5.343   Downloading pydantic-2.11.7-py3-none-any.whl.metadata (67 kB)
2025-08-21T12:27:42.7404319Z #34 5.376 Collecting python-dotenv>=0.21.0 (from pydantic-settings==2.2.1->-r requirements.txt (line 2))
2025-08-21T12:27:42.7405258Z #34 5.385   Downloading python_dotenv-1.1.1-py3-none-any.whl.metadata (24 kB)
2025-08-21T12:27:42.7406112Z #34 5.446 Collecting starlette<0.38.0,>=0.37.2 (from fastapi==0.111.0->-r requirements.txt (line 3))
2025-08-21T12:27:42.7407036Z #34 5.458   Downloading starlette-0.37.2-py3-none-any.whl.metadata (5.9 kB)
2025-08-21T12:27:42.7408186Z #34 5.573 Collecting typing-extensions>=4.8.0 (from fastapi==0.111.0->-r requirements.txt (line 3))
2025-08-21T12:27:42.7409656Z #34 5.582   Downloading typing_extensions-4.14.1-py3-none-any.whl.metadata (3.0 kB)
2025-08-21T12:27:42.7410671Z #34 5.595 Collecting fastapi-cli>=0.0.2 (from fastapi==0.111.0->-r requirements.txt (line 3))
2025-08-21T12:27:42.7411778Z #34 5.610   Downloading fastapi_cli-0.0.8-py3-none-any.whl.metadata (6.3 kB)
2025-08-21T12:27:42.7412612Z #34 5.641 Collecting python-multipart>=0.0.7 (from fastapi==0.111.0->-r requirements.txt (line 3))
2025-08-21T12:27:42.7413521Z #34 5.650   Downloading python_multipart-0.0.20-py3-none-any.whl.metadata (1.8 kB)
2025-08-21T12:27:42.7414495Z #34 5.745 Collecting ujson!=4.0.2,!=4.1.0,!=4.2.0,!=4.3.0,!=5.0.0,!=5.1.0,>=4.0.1 (from fastapi==0.111.0->-r requirements.txt (line 3))
2025-08-21T12:27:42.7415752Z #34 5.759   Downloading ujson-5.11.0-cp312-cp312-manylinux_2_24_x86_64.manylinux_2_28_x86_64.whl.metadata (9.4 kB)
2025-08-21T12:27:42.7416674Z #34 6.080 Collecting orjson>=3.2.1 (from fastapi==0.111.0->-r requirements.txt (line 3))
2025-08-21T12:27:42.7417660Z #34 6.089   Downloading orjson-3.11.2-cp312-cp312-manylinux_2_17_x86_64.manylinux2014_x86_64.whl.metadata (1.2 kB)
2025-08-21T12:27:42.7419795Z #34 6.107 Collecting email_validator>=2.0.0 (from fastapi==0.111.0->-r requirements.txt (line 3))
2025-08-21T12:27:42.7420749Z #34 6.115   Downloading email_validator-2.2.0-py3-none-any.whl.metadata (25 kB)
2025-08-21T12:27:42.7421547Z #34 6.291 Collecting greenlet!=0.4.17 (from sqlalchemy==2.0.29->-r requirements.txt (line 4))
2025-08-21T12:27:42.7422530Z #34 6.354   Downloading greenlet-3.2.4-cp312-cp312-manylinux_2_24_x86_64.manylinux_2_28_x86_64.whl.metadata (4.1 kB)
2025-08-21T12:27:42.7423462Z #34 6.491 Collecting Mako (from alembic==1.13.1->-r requirements.txt (line 5))
2025-08-21T12:27:42.7424159Z #34 6.531   Downloading mako-1.3.10-py3-none-any.whl.metadata (2.9 kB)
2025-08-21T12:27:42.7424857Z #34 6.561 Collecting anyio (from httpx==0.27.2->-r requirements.txt (line 7))
2025-08-21T12:27:42.7425542Z #34 6.569   Downloading anyio-4.10.0-py3-none-any.whl.metadata (4.0 kB)
2025-08-21T12:27:42.7426254Z #34 6.736 Collecting certifi (from httpx==0.27.2->-r requirements.txt (line 7))
2025-08-21T12:27:42.7426982Z #34 6.743   Downloading certifi-2025.8.3-py3-none-any.whl.metadata (2.4 kB)
2025-08-21T12:27:42.7427731Z #34 6.764 Collecting httpcore==1.* (from httpx==0.27.2->-r requirements.txt (line 7))
2025-08-21T12:27:42.7428477Z #34 6.772   Downloading httpcore-1.0.9-py3-none-any.whl.metadata (21 kB)
2025-08-21T12:27:42.7429362Z #34 6.829 Collecting idna (from httpx==0.27.2->-r requirements.txt (line 7))
2025-08-21T12:27:42.7430009Z #34 6.837   Downloading idna-3.10-py3-none-any.whl.metadata (10 kB)
2025-08-21T12:27:42.7430682Z #34 6.855 Collecting sniffio (from httpx==0.27.2->-r requirements.txt (line 7))
2025-08-21T12:27:42.7431435Z #34 6.863   Downloading sniffio-1.3.1-py3-none-any.whl.metadata (3.9 kB)
2025-08-21T12:27:42.7432201Z #34 7.520 Collecting botocore<1.35.0,>=1.34.162 (from boto3==1.34.162->-r requirements.txt (line 9))
2025-08-21T12:27:42.7432989Z #34 7.533   Downloading botocore-1.34.162-py3-none-any.whl.metadata (5.7 kB)
2025-08-21T12:27:42.7433752Z #34 7.563 Collecting jmespath<2.0.0,>=0.7.1 (from boto3==1.34.162->-r requirements.txt (line 9))
2025-08-21T12:27:42.7434518Z #34 7.573   Downloading jmespath-1.0.1-py3-none-any.whl.metadata (7.6 kB)
2025-08-21T12:27:42.7435288Z #34 7.619 Collecting s3transfer<0.11.0,>=0.10.0 (from boto3==1.34.162->-r requirements.txt (line 9))
2025-08-21T12:27:42.7436073Z #34 7.627   Downloading s3transfer-0.10.4-py3-none-any.whl.metadata (1.7 kB)
2025-08-21T12:27:42.7436844Z #34 7.709 Collecting MarkupSafe>=2.0 (from Jinja2==3.1.5->-r requirements.txt (line 10))
2025-08-21T12:27:42.7437810Z #34 7.717   Downloading MarkupSafe-3.0.2-cp312-cp312-manylinux_2_17_x86_64.manylinux2014_x86_64.whl.metadata (4.0 kB)
2025-08-21T12:27:42.7438986Z #34 7.755 Collecting billiard<5.0,>=4.2.0 (from celery==5.3.*->-r requirements.txt (line 11))
2025-08-21T12:27:42.7439783Z #34 7.769   Downloading billiard-4.2.1-py3-none-any.whl.metadata (4.4 kB)
2025-08-21T12:27:42.7440574Z #34 7.782 Collecting click-didyoumean>=0.3.0 (from celery==5.3.*->-r requirements.txt (line 11))
2025-08-21T12:27:42.7443067Z #34 7.792   Downloading click_didyoumean-0.3.1-py3-none-any.whl.metadata (3.9 kB)
2025-08-21T12:27:42.7443947Z #34 7.809 Collecting click-plugins>=1.1.1 (from celery==5.3.*->-r requirements.txt (line 11))
2025-08-21T12:27:42.7444849Z #34 7.820   Downloading click_plugins-1.1.1.2-py2.py3-none-any.whl.metadata (6.5 kB)
2025-08-21T12:27:42.7445711Z #34 7.834 Collecting click-repl>=0.2.0 (from celery==5.3.*->-r requirements.txt (line 11))
2025-08-21T12:27:42.7446517Z #34 7.843   Downloading click_repl-0.3.0-py3-none-any.whl.metadata (3.6 kB)
2025-08-21T12:27:42.7447293Z #34 7.942 Collecting kombu<6.0,>=5.3.4 (from celery==5.3.*->-r requirements.txt (line 11))
2025-08-21T12:27:42.7448256Z #34 7.951   Downloading kombu-5.5.4-py3-none-any.whl.metadata (3.5 kB)
2025-08-21T12:27:42.7449335Z #34 7.983 Collecting python-dateutil>=2.8.2 (from celery==5.3.*->-r requirements.txt (line 11))
2025-08-21T12:27:42.7450234Z #34 7.993   Downloading python_dateutil-2.9.0.post0-py2.py3-none-any.whl.metadata (8.4 kB)
2025-08-21T12:27:42.7451071Z #34 8.017 Collecting tzdata>=2022.7 (from celery==5.3.*->-r requirements.txt (line 11))
2025-08-21T12:27:42.7451817Z #34 8.026   Downloading tzdata-2025.2-py2.py3-none-any.whl.metadata (1.4 kB)
2025-08-21T12:27:42.7452575Z #34 8.049 Collecting vine<6.0,>=5.1.0 (from celery==5.3.*->-r requirements.txt (line 11))
2025-08-21T12:27:42.7453279Z #34 8.058   Downloading vine-5.1.0-py3-none-any.whl.metadata (2.7 kB)
2025-08-21T12:27:42.7454230Z #34 8.150 Collecting urllib3>=1.26.11 (from sentry-sdk==2.9.0->sentry-sdk[celery,fastapi,sqlalchemy]==2.9.0->-r requirements.txt (line 16))
2025-08-21T12:27:42.7455205Z #34 8.158   Downloading urllib3-2.5.0-py3-none-any.whl.metadata (6.5 kB)
2025-08-21T12:27:42.7456022Z #34 8.380 Collecting psycopg-binary==3.2.9 (from psycopg[binary]==3.2.9->-r requirements.txt (line 6))
2025-08-21T12:27:42.7457060Z #34 8.389   Downloading psycopg_binary-3.2.9-cp312-cp312-manylinux_2_17_x86_64.manylinux2014_x86_64.whl.metadata (2.9 kB)
2025-08-21T12:27:42.7458165Z #34 8.557 Collecting prompt-toolkit>=3.0.36 (from click-repl>=0.2.0->celery==5.3.*->-r requirements.txt (line 11))
2025-08-21T12:27:42.7459281Z #34 8.566   Downloading prompt_toolkit-3.0.51-py3-none-any.whl.metadata (6.4 kB)
2025-08-21T12:27:42.7460213Z #34 8.587 Collecting dnspython>=2.0.0 (from email_validator>=2.0.0->fastapi==0.111.0->-r requirements.txt (line 3))
2025-08-21T12:27:42.7461159Z #34 8.595   Downloading dnspython-2.7.0-py3-none-any.whl.metadata (5.8 kB)
2025-08-21T12:27:42.7462038Z #34 8.627 Collecting typer>=0.15.1 (from fastapi-cli>=0.0.2->fastapi==0.111.0->-r requirements.txt (line 3))
2025-08-21T12:27:42.7462887Z #34 8.635   Downloading typer-0.16.1-py3-none-any.whl.metadata (15 kB)
2025-08-21T12:27:42.7463739Z #34 8.683 Collecting rich-toolkit>=0.14.8 (from fastapi-cli>=0.0.2->fastapi==0.111.0->-r requirements.txt (line 3))
2025-08-21T12:27:42.7464697Z #34 8.691   Downloading rich_toolkit-0.15.0-py3-none-any.whl.metadata (1.0 kB)
2025-08-21T12:27:42.7465567Z #34 8.732 Collecting amqp<6.0.0,>=5.1.1 (from kombu<6.0,>=5.3.4->celery==5.3.*->-r requirements.txt (line 11))
2025-08-21T12:27:42.7466428Z #34 8.741   Downloading amqp-5.3.1-py3-none-any.whl.metadata (8.9 kB)
2025-08-21T12:27:42.7467769Z #34 8.776 Collecting packaging (from kombu<6.0,>=5.3.4->celery==5.3.*->-r requirements.txt (line 11))
2025-08-21T12:27:42.7469218Z #34 8.788   Downloading packaging-25.0-py3-none-any.whl.metadata (3.3 kB)
2025-08-21T12:27:42.7471109Z #34 8.812 Collecting annotated-types>=0.6.0 (from pydantic>=2.3.0->pydantic-settings==2.2.1->-r requirements.txt (line 2))
2025-08-21T12:27:42.7472593Z #34 8.821   Downloading annotated_types-0.7.0-py3-none-any.whl.metadata (15 kB)
2025-08-21T12:27:42.7473819Z #34 9.855 Collecting pydantic-core==2.33.2 (from pydantic>=2.3.0->pydantic-settings==2.2.1->-r requirements.txt (line 2))
2025-08-21T12:27:42.7475042Z #34 9.865   Downloading pydantic_core-2.33.2-cp312-cp312-manylinux_2_17_x86_64.manylinux2014_x86_64.whl.metadata (6.8 kB)
2025-08-21T12:27:42.7476302Z #34 9.892 Collecting typing-inspection>=0.4.0 (from pydantic>=2.3.0->pydantic-settings==2.2.1->-r requirements.txt (line 2))
2025-08-21T12:27:42.7477678Z #34 9.902   Downloading typing_inspection-0.4.1-py3-none-any.whl.metadata (2.6 kB)
2025-08-21T12:27:42.7478857Z #34 9.943 Collecting six>=1.5 (from python-dateutil>=2.8.2->celery==5.3.*->-r requirements.txt (line 11))
2025-08-21T12:27:42.7479652Z #34 9.951   Downloading six-1.17.0-py2.py3-none-any.whl.metadata (1.7 kB)
2025-08-21T12:27:42.8430128Z #34 ...
2025-08-21T12:27:42.8550284Z 
2025-08-21T12:27:42.8552089Z #35 [etl base 4/7] RUN if [ -n "" ] && [ -f "" ]; then         pip install -r requirements.txt -c "";     else         pip install -r requirements.txt;     fi
2025-08-21T12:27:42.8553523Z #35 3.122 Collecting keepa==1.3.14 (from -r requirements.txt (line 1))
2025-08-21T12:27:42.8554722Z #35 3.182   Downloading keepa-1.3.14-py3-none-any.whl.metadata (10 kB)
2025-08-21T12:27:42.8555853Z #35 3.262 Collecting minio==7.1.15 (from -r requirements.txt (line 2))
2025-08-21T12:27:42.8557027Z #35 3.271   Downloading minio-7.1.15-py3-none-any.whl.metadata (4.2 kB)
2025-08-21T12:27:42.8558180Z #35 3.337 Collecting celery==5.3.* (from -r requirements.txt (line 3))
2025-08-21T12:27:42.8559471Z #35 3.347   Downloading celery-5.3.6-py3-none-any.whl.metadata (21 kB)
2025-08-21T12:27:42.8560998Z #35 3.436 Collecting redis==5.* (from -r requirements.txt (line 4))
2025-08-21T12:27:42.8562025Z #35 3.449   Downloading redis-5.3.1-py3-none-any.whl.metadata (9.2 kB)
2025-08-21T12:27:42.8563283Z #35 3.575 Collecting python-amazon-sp-api==0.8.0 (from -r requirements.txt (line 5))
2025-08-21T12:27:42.8564606Z #35 3.595   Downloading python_amazon_sp_api-0.8.0-py3-none-any.whl.metadata (3.2 kB)
2025-08-21T12:27:42.8565949Z #35 3.630 Collecting pydantic-settings==2.2.1 (from -r requirements.txt (line 6))
2025-08-21T12:27:42.8567472Z #35 3.646   Downloading pydantic_settings-2.2.1-py3-none-any.whl.metadata (3.1 kB)
2025-08-21T12:27:42.8569200Z #35 4.002 Collecting numpy<2 (from -r requirements.txt (line 7))
2025-08-21T12:27:42.8570148Z #35 4.013   Downloading numpy-1.26.4-cp312-cp312-manylinux_2_17_x86_64.manylinux2014_x86_64.whl.metadata (61 kB)
2025-08-21T12:27:42.8571137Z #35 4.219 Collecting pandas==2.2.* (from -r requirements.txt (line 8))
2025-08-21T12:27:42.8572113Z #35 4.229   Downloading pandas-2.2.3-cp312-cp312-manylinux_2_17_x86_64.manylinux2014_x86_64.whl.metadata (89 kB)
2025-08-21T12:27:42.8573083Z #35 4.361 Collecting pandera==0.19.* (from -r requirements.txt (line 9))
2025-08-21T12:27:42.8573863Z #35 4.370   Downloading pandera-0.19.3-py3-none-any.whl.metadata (15 kB)
2025-08-21T12:27:42.8574643Z #35 4.434 Collecting openpyxl==3.1.* (from -r requirements.txt (line 10))
2025-08-21T12:27:42.8575469Z #35 4.444   Downloading openpyxl-3.1.5-py2.py3-none-any.whl.metadata (2.5 kB)
2025-08-21T12:27:42.8576376Z #35 4.478 Collecting psycopg==3.2.9 (from psycopg[binary]==3.2.9->-r requirements.txt (line 11))
2025-08-21T12:27:42.8577264Z #35 4.489   Downloading psycopg-3.2.9-py3-none-any.whl.metadata (4.5 kB)
2025-08-21T12:27:42.8578103Z #35 4.612 Collecting psycopg2-binary==2.9.* (from -r requirements.txt (line 12))
2025-08-21T12:27:42.8643840Z #35 4.619   Downloading psycopg2_binary-2.9.10-cp312-cp312-manylinux_2_17_x86_64.manylinux2014_x86_64.whl.metadata (4.9 kB)
2025-08-21T12:27:42.8645151Z #35 4.693 Collecting requests>=2.2 (from keepa==1.3.14->-r requirements.txt (line 1))
2025-08-21T12:27:42.8646000Z #35 4.705   Downloading requests-2.32.5-py3-none-any.whl.metadata (4.9 kB)
2025-08-21T12:27:42.8646810Z #35 4.774 Collecting tqdm (from keepa==1.3.14->-r requirements.txt (line 1))
2025-08-21T12:27:42.8647579Z #35 4.787   Downloading tqdm-4.67.1-py3-none-any.whl.metadata (57 kB)
2025-08-21T12:27:42.8648387Z #35 5.557 Collecting aiohttp (from keepa==1.3.14->-r requirements.txt (line 1))
2025-08-21T12:27:42.8649602Z #35 5.567   Downloading aiohttp-3.12.15-cp312-cp312-manylinux_2_17_x86_64.manylinux2014_x86_64.whl.metadata (7.7 kB)
2025-08-21T12:27:42.8650630Z #35 5.771 Collecting pydantic (from keepa==1.3.14->-r requirements.txt (line 1))
2025-08-21T12:27:42.8651794Z #35 5.782   Downloading pydantic-2.11.7-py3-none-any.whl.metadata (67 kB)
2025-08-21T12:27:42.8652601Z #35 5.841 Collecting certifi (from minio==7.1.15->-r requirements.txt (line 2))
2025-08-21T12:27:42.8653423Z #35 5.854   Downloading certifi-2025.8.3-py3-none-any.whl.metadata (2.4 kB)
2025-08-21T12:27:42.8654233Z #35 5.926 Collecting urllib3 (from minio==7.1.15->-r requirements.txt (line 2))
2025-08-21T12:27:42.8655017Z #35 5.942   Downloading urllib3-2.5.0-py3-none-any.whl.metadata (6.5 kB)
2025-08-21T12:27:42.8655853Z #35 6.001 Collecting billiard<5.0,>=4.2.0 (from celery==5.3.*->-r requirements.txt (line 3))
2025-08-21T12:27:42.8656909Z #35 6.011   Downloading billiard-4.2.1-py3-none-any.whl.metadata (4.4 kB)
2025-08-21T12:27:42.8657830Z #35 6.038 Collecting click-didyoumean>=0.3.0 (from celery==5.3.*->-r requirements.txt (line 3))
2025-08-21T12:27:42.8658934Z #35 6.047   Downloading click_didyoumean-0.3.1-py3-none-any.whl.metadata (3.9 kB)
2025-08-21T12:27:42.8659849Z #35 6.073 Collecting click-plugins>=1.1.1 (from celery==5.3.*->-r requirements.txt (line 3))
2025-08-21T12:27:42.8660788Z #35 6.082   Downloading click_plugins-1.1.1.2-py2.py3-none-any.whl.metadata (6.5 kB)
2025-08-21T12:27:42.8661681Z #35 6.108 Collecting click-repl>=0.2.0 (from celery==5.3.*->-r requirements.txt (line 3))
2025-08-21T12:27:42.8662518Z #35 6.117   Downloading click_repl-0.3.0-py3-none-any.whl.metadata (3.6 kB)
2025-08-21T12:27:42.8663341Z #35 6.167 Collecting click<9.0,>=8.1.2 (from celery==5.3.*->-r requirements.txt (line 3))
2025-08-21T12:27:42.8664141Z #35 6.178   Downloading click-8.2.1-py3-none-any.whl.metadata (2.5 kB)
2025-08-21T12:27:42.8664928Z #35 6.261 Collecting kombu<6.0,>=5.3.4 (from celery==5.3.*->-r requirements.txt (line 3))
2025-08-21T12:27:42.8665713Z #35 6.451   Downloading kombu-5.5.4-py3-none-any.whl.metadata (3.5 kB)
2025-08-21T12:27:42.8666564Z #35 6.762 Collecting python-dateutil>=2.8.2 (from celery==5.3.*->-r requirements.txt (line 3))
2025-08-21T12:27:42.8667544Z #35 6.803   Downloading python_dateutil-2.9.0.post0-py2.py3-none-any.whl.metadata (8.4 kB)
2025-08-21T12:27:42.8668472Z #35 6.832 Collecting tzdata>=2022.7 (from celery==5.3.*->-r requirements.txt (line 3))
2025-08-21T12:27:42.8669454Z #35 6.840   Downloading tzdata-2025.2-py2.py3-none-any.whl.metadata (1.4 kB)
2025-08-21T12:27:42.8670200Z #35 6.877 Collecting vine<6.0,>=5.1.0 (from celery==5.3.*->-r requirements.txt (line 3))
2025-08-21T12:27:42.8709145Z #35 6.886   Downloading vine-5.1.0-py3-none-any.whl.metadata (2.7 kB)
2025-08-21T12:27:42.8709881Z #35 6.935 Collecting PyJWT>=2.9.0 (from redis==5.*->-r requirements.txt (line 4))
2025-08-21T12:27:42.8710598Z #35 6.951   Downloading PyJWT-2.10.1-py3-none-any.whl.metadata (4.0 kB)
2025-08-21T12:27:42.8711386Z #35 7.016 Collecting six<2,>=1.15 (from python-amazon-sp-api==0.8.0->-r requirements.txt (line 5))
2025-08-21T12:27:42.8712284Z #35 7.028   Downloading six-1.17.0-py2.py3-none-any.whl.metadata (1.7 kB)
2025-08-21T12:27:42.8713197Z #35 7.732 Collecting boto3<2,>=1.16.39 (from python-amazon-sp-api==0.8.0->-r requirements.txt (line 5))
2025-08-21T12:27:42.8714096Z #35 7.744   Downloading boto3-1.40.14-py3-none-any.whl.metadata (6.7 kB)
2025-08-21T12:27:42.8715025Z #35 7.794 Collecting cachetools~=4.2.0 (from python-amazon-sp-api==0.8.0->-r requirements.txt (line 5))
2025-08-21T12:27:42.8715976Z #35 7.808   Downloading cachetools-4.2.4-py3-none-any.whl.metadata (4.8 kB)
2025-08-21T12:27:42.8716932Z #35 7.925 Collecting pycryptodome (from python-amazon-sp-api==0.8.0->-r requirements.txt (line 5))
2025-08-21T12:27:42.8718111Z #35 7.936   Downloading pycryptodome-3.23.0-cp37-abi3-manylinux_2_17_x86_64.manylinux2014_x86_64.whl.metadata (3.4 kB)
2025-08-21T12:27:42.8719891Z #35 8.015 Collecting pytz (from python-amazon-sp-api==0.8.0->-r requirements.txt (line 5))
2025-08-21T12:27:42.8721517Z #35 8.026   Downloading pytz-2025.2-py2.py3-none-any.whl.metadata (22 kB)
2025-08-21T12:27:42.8722324Z #35 8.057 Collecting confuse~=1.4.0 (from python-amazon-sp-api==0.8.0->-r requirements.txt (line 5))
2025-08-21T12:27:42.8723554Z #35 8.070   Downloading confuse-1.4.0-py2.py3-none-any.whl.metadata (3.8 kB)
2025-08-21T12:27:42.8724546Z #35 8.119 Collecting python-dotenv>=0.21.0 (from pydantic-settings==2.2.1->-r requirements.txt (line 6))
2025-08-21T12:27:42.8725490Z #35 8.129   Downloading python_dotenv-1.1.1-py3-none-any.whl.metadata (24 kB)
2025-08-21T12:27:42.8726335Z #35 8.188 Collecting multimethod<=1.10.0 (from pandera==0.19.*->-r requirements.txt (line 9))
2025-08-21T12:27:42.8727178Z #35 8.197   Downloading multimethod-1.10-py3-none-any.whl.metadata (8.2 kB)
2025-08-21T12:27:42.8728258Z #35 8.256 Collecting packaging>=20.0 (from pandera==0.19.*->-r requirements.txt (line 9))
2025-08-21T12:27:42.8729439Z #35 8.267   Downloading packaging-25.0-py3-none-any.whl.metadata (3.3 kB)
2025-08-21T12:27:42.8730437Z #35 8.339 Collecting typeguard (from pandera==0.19.*->-r requirements.txt (line 9))
2025-08-21T12:27:42.8731418Z #35 8.348   Downloading typeguard-4.4.4-py3-none-any.whl.metadata (3.3 kB)
2025-08-21T12:27:42.8732400Z #35 8.373 Collecting typing-inspect>=0.6.0 (from pandera==0.19.*->-r requirements.txt (line 9))
2025-08-21T12:27:42.8733355Z #35 8.384   Downloading typing_inspect-0.9.0-py3-none-any.whl.metadata (1.5 kB)
2025-08-21T12:27:42.8763224Z #35 8.564 Collecting wrapt (from pandera==0.19.*->-r requirements.txt (line 9))
2025-08-21T12:27:42.8764459Z #35 8.573   Downloading wrapt-1.17.3-cp312-cp312-manylinux1_x86_64.manylinux_2_28_x86_64.manylinux_2_5_x86_64.whl.metadata (6.4 kB)
2025-08-21T12:27:42.8765612Z #35 8.595 Collecting et-xmlfile (from openpyxl==3.1.*->-r requirements.txt (line 10))
2025-08-21T12:27:42.8766497Z #35 8.604   Downloading et_xmlfile-2.0.0-py3-none-any.whl.metadata (2.7 kB)
2025-08-21T12:27:42.8767558Z #35 8.646 Collecting typing-extensions>=4.6 (from psycopg==3.2.9->psycopg[binary]==3.2.9->-r requirements.txt (line 11))
2025-08-21T12:27:42.8768815Z #35 8.656   Downloading typing_extensions-4.14.1-py3-none-any.whl.metadata (3.0 kB)
2025-08-21T12:27:42.8769832Z #35 8.874 Collecting psycopg-binary==3.2.9 (from psycopg[binary]==3.2.9->-r requirements.txt (line 11))
2025-08-21T12:27:42.8771013Z #35 8.886   Downloading psycopg_binary-3.2.9-cp312-cp312-manylinux_2_17_x86_64.manylinux2014_x86_64.whl.metadata (2.9 kB)
2025-08-21T12:27:42.8772261Z #35 9.679 Collecting botocore<1.41.0,>=1.40.14 (from boto3<2,>=1.16.39->python-amazon-sp-api==0.8.0->-r requirements.txt (line 5))
2025-08-21T12:27:42.8773273Z #35 9.689   Downloading botocore-1.40.14-py3-none-any.whl.metadata (5.7 kB)
2025-08-21T12:27:42.8774295Z #35 9.734 Collecting jmespath<2.0.0,>=0.7.1 (from boto3<2,>=1.16.39->python-amazon-sp-api==0.8.0->-r requirements.txt (line 5))
2025-08-21T12:27:42.8775310Z #35 9.744   Downloading jmespath-1.0.1-py3-none-any.whl.metadata (7.6 kB)
2025-08-21T12:27:42.8776353Z #35 9.779 Collecting s3transfer<0.14.0,>=0.13.0 (from boto3<2,>=1.16.39->python-amazon-sp-api==0.8.0->-r requirements.txt (line 5))
2025-08-21T12:27:42.8777385Z #35 9.787   Downloading s3transfer-0.13.1-py3-none-any.whl.metadata (1.7 kB)
2025-08-21T12:27:42.8778382Z #35 9.888 Collecting prompt-toolkit>=3.0.36 (from click-repl>=0.2.0->celery==5.3.*->-r requirements.txt (line 3))
2025-08-21T12:27:42.8779551Z #35 9.898   Downloading prompt_toolkit-3.0.51-py3-none-any.whl.metadata (6.4 kB)
2025-08-21T12:27:42.8780559Z #35 10.00 Collecting pyyaml (from confuse~=1.4.0->python-amazon-sp-api==0.8.0->-r requirements.txt (line 5))
2025-08-21T12:27:42.8781704Z #35 10.02   Downloading PyYAML-6.0.2-cp312-cp312-manylinux_2_17_x86_64.manylinux2014_x86_64.whl.metadata (2.1 kB)
2025-08-21T12:27:42.8782784Z #35 10.07 Collecting amqp<6.0.0,>=5.1.1 (from kombu<6.0,>=5.3.4->celery==5.3.*->-r requirements.txt (line 3))
2025-08-21T12:27:42.8783636Z #35 10.08   Downloading amqp-5.3.1-py3-none-any.whl.metadata (8.9 kB)
2025-08-21T12:27:42.8784533Z #35 10.13 Collecting annotated-types>=0.6.0 (from pydantic->keepa==1.3.14->-r requirements.txt (line 1))
2025-08-21T12:27:42.8785493Z #35 10.14   Downloading annotated_types-0.7.0-py3-none-any.whl.metadata (15 kB)
2025-08-21T12:27:42.9462204Z #35 ...
2025-08-21T12:27:42.9464650Z 
2025-08-21T12:27:42.9467264Z #33 [api stage-1 3/6] RUN set -eux;     if [ -f /etc/apt/sources.list ]; then         sed -i 's|http://deb.debian.org|https://deb.debian.org|g' /etc/apt/sources.list;     fi;     apt-get update;     apt-get install -y --no-install-recommends tzdata postgresql-client curl;     rm -rf /var/lib/apt/lists/*
2025-08-21T12:27:42.9480817Z #33 10.17 Setting up libgdbm-compat4t64:amd64 (1.24-2) ...
2025-08-21T12:27:42.9482730Z #33 10.17 Setting up libbrotli1:amd64 (1.1.0-2+b7) ...
2025-08-21T12:27:42.9485003Z #33 10.18 Setting up libnghttp2-14:amd64 (1.64.0-1.1) ...
2025-08-21T12:27:42.9500382Z #33 10.19 Setting up libcom-err2:amd64 (1.47.2-3+b3) ...
2025-08-21T12:27:42.9502303Z #33 10.20 Setting up libkrb5support0:amd64 (1.21.3-5) ...
2025-08-21T12:27:42.9504300Z #33 10.20 Setting up libsasl2-modules-db:amd64 (2.1.28+dfsg1-9) ...
2025-08-21T12:27:42.9506198Z #33 10.21 Setting up libp11-kit0:amd64 (0.25.5-3) ...
2025-08-21T12:27:42.9508049Z #33 10.22 Setting up libunistring5:amd64 (1.3-2) ...
2025-08-21T12:27:42.9519437Z #33 10.23 Setting up libk5crypto3:amd64 (1.21.3-5) ...
2025-08-21T12:27:42.9519982Z #33 10.23 Setting up libsasl2-2:amd64 (2.1.28+dfsg1-9) ...
2025-08-21T12:27:42.9520512Z #33 10.23 Setting up libnghttp3-9:amd64 (1.8.0-1) ...
2025-08-21T12:27:42.9521007Z #33 10.24 Setting up perl-modules-5.40 (5.40.1-6) ...
2025-08-21T12:27:42.9521495Z #33 10.26 Setting up sensible-utils (0.0.25) ...
2025-08-21T12:27:42.9521936Z #33 10.26 Setting up libtasn1-6:amd64 (4.20.0-2) ...
2025-08-21T12:27:42.9522377Z #33 10.26 Setting up libkrb5-3:amd64 (1.21.3-5) ...
2025-08-21T12:27:42.9522876Z #33 10.27 Setting up libssh2-1t64:amd64 (1.11.1-1) ...
2025-08-21T12:27:42.9523367Z #33 10.27 Setting up libldap2:amd64 (2.6.10+dfsg-1) ...
2025-08-21T12:27:42.9523862Z #33 10.28 Setting up libidn2-0:amd64 (2.3.8-2) ...
2025-08-21T12:27:42.9524325Z #33 10.30 Setting up libperl5.40:amd64 (5.40.1-6) ...
2025-08-21T12:27:42.9524797Z #33 10.30 Setting up perl (5.40.1-6) ...
2025-08-21T12:27:42.9525264Z #33 10.33 Setting up libgssapi-krb5-2:amd64 (1.21.3-5) ...
2025-08-21T12:27:42.9525770Z #33 10.34 Setting up libgnutls30t64:amd64 (3.8.9-3) ...
2025-08-21T12:27:42.9526285Z #33 10.34 Setting up postgresql-client-common (278) ...
2025-08-21T12:27:42.9526781Z #33 10.37 Setting up libpsl5t64:amd64 (0.21.2-1.1+b1) ...
2025-08-21T12:27:43.0672618Z #33 10.38 Setting up libpq5:amd64 (17.5-1) ...
2025-08-21T12:27:43.0674777Z #33 10.38 Setting up librtmp1:amd64 (2.4+20151223.gitfa8646d.1-2+b5) ...
2025-08-21T12:27:43.0689513Z #33 10.39 Setting up libcurl4t64:amd64 (8.14.1-2) ...
2025-08-21T12:27:43.0693908Z #33 10.39 Setting up postgresql-client-17 (17.5-1) ...
2025-08-21T12:27:43.8571885Z #33 11.21 update-alternatives: using /usr/share/postgresql/17/man/man1/psql.1.gz to provide /usr/share/man/man1/psql.1.gz (psql.1.gz) in auto mode
2025-08-21T12:27:43.9764783Z #33 11.28 Setting up curl (8.14.1-2) ...
2025-08-21T12:27:43.9765393Z #33 11.29 Setting up postgresql-client (17+278) ...
2025-08-21T12:27:43.9765913Z #33 11.29 Processing triggers for libc-bin (2.41-12) ...
2025-08-21T12:27:43.9769645Z #33 11.35 + rm -rf /var/lib/apt/lists/auxfiles /var/lib/apt/lists/deb.debian.org_debian-security_dists_trixie-security_InRelease /var/lib/apt/lists/deb.debian.org_debian-security_dists_trixie-security_main_binary-amd64_Packages.lz4 /var/lib/apt/lists/deb.debian.org_debian_dists_trixie-updates_InRelease /var/lib/apt/lists/deb.debian.org_debian_dists_trixie-updates_main_binary-amd64_Packages.lz4 /var/lib/apt/lists/deb.debian.org_debian_dists_trixie_InRelease /var/lib/apt/lists/deb.debian.org_debian_dists_trixie_main_binary-amd64_Packages.lz4 /var/lib/apt/lists/lock /var/lib/apt/lists/partial
2025-08-21T12:27:44.0860886Z #33 DONE 11.5s
2025-08-21T12:27:44.0861149Z 
2025-08-21T12:27:44.0861465Z #34 [api base  4/13] RUN pip install --no-cache-dir -r requirements.txt
2025-08-21T12:27:44.0862444Z #34 10.40 Collecting httptools>=0.5.0 (from uvicorn[standard]>=0.12.0->fastapi==0.111.0->-r requirements.txt (line 3))
2025-08-21T12:27:44.0864135Z #34 10.41   Downloading httptools-0.6.4-cp312-cp312-manylinux_2_5_x86_64.manylinux1_x86_64.manylinux_2_17_x86_64.manylinux2014_x86_64.whl.metadata (3.6 kB)
2025-08-21T12:27:44.0865465Z #34 10.46 Collecting pyyaml>=5.1 (from uvicorn[standard]>=0.12.0->fastapi==0.111.0->-r requirements.txt (line 3))
2025-08-21T12:27:44.0866698Z #34 10.47   Downloading PyYAML-6.0.2-cp312-cp312-manylinux_2_17_x86_64.manylinux2014_x86_64.whl.metadata (2.1 kB)
2025-08-21T12:27:44.0868159Z #34 10.53 Collecting uvloop!=0.15.0,!=0.15.1,>=0.14.0 (from uvicorn[standard]>=0.12.0->fastapi==0.111.0->-r requirements.txt (line 3))
2025-08-21T12:27:44.0899849Z #34 10.53   Downloading uvloop-0.21.0-cp312-cp312-manylinux_2_17_x86_64.manylinux2014_x86_64.whl.metadata (4.9 kB)
2025-08-21T12:27:44.0901026Z #34 10.73 Collecting watchfiles>=0.13 (from uvicorn[standard]>=0.12.0->fastapi==0.111.0->-r requirements.txt (line 3))
2025-08-21T12:27:44.0902191Z #34 10.73   Downloading watchfiles-1.1.0-cp312-cp312-manylinux_2_17_x86_64.manylinux2014_x86_64.whl.metadata (4.9 kB)
2025-08-21T12:27:44.0903240Z #34 10.91 Collecting websockets>=10.4 (from uvicorn[standard]>=0.12.0->fastapi==0.111.0->-r requirements.txt (line 3))
2025-08-21T12:27:44.0904531Z #34 10.92   Downloading websockets-15.0.1-cp312-cp312-manylinux_2_5_x86_64.manylinux1_x86_64.manylinux_2_17_x86_64.manylinux2014_x86_64.whl.metadata (6.8 kB)
2025-08-21T12:27:44.0905890Z #34 10.97 Collecting wcwidth (from prompt-toolkit>=3.0.36->click-repl>=0.2.0->celery==5.3.*->-r requirements.txt (line 11))
2025-08-21T12:27:44.0906891Z #34 10.98   Downloading wcwidth-0.2.13-py2.py3-none-any.whl.metadata (14 kB)
2025-08-21T12:27:44.0907864Z #34 11.10 Collecting rich>=13.7.1 (from rich-toolkit>=0.14.8->fastapi-cli>=0.0.2->fastapi==0.111.0->-r requirements.txt (line 3))
2025-08-21T12:27:44.0913337Z #34 11.11   Downloading rich-14.1.0-py3-none-any.whl.metadata (18 kB)
2025-08-21T12:27:44.0914314Z #34 11.19 Collecting shellingham>=1.3.0 (from typer>=0.15.1->fastapi-cli>=0.0.2->fastapi==0.111.0->-r requirements.txt (line 3))
2025-08-21T12:27:44.0915336Z #34 11.20   Downloading shellingham-1.5.4-py2.py3-none-any.whl.metadata (3.5 kB)
2025-08-21T12:27:44.0916464Z #34 11.31 Collecting markdown-it-py>=2.2.0 (from rich>=13.7.1->rich-toolkit>=0.14.8->fastapi-cli>=0.0.2->fastapi==0.111.0->-r requirements.txt (line 3))
2025-08-21T12:27:44.0917492Z #34 11.32   Downloading markdown_it_py-4.0.0-py3-none-any.whl.metadata (7.3 kB)
2025-08-21T12:27:44.0918900Z #34 11.37 Collecting pygments<3.0.0,>=2.13.0 (from rich>=13.7.1->rich-toolkit>=0.14.8->fastapi-cli>=0.0.2->fastapi==0.111.0->-r requirements.txt (line 3))
2025-08-21T12:27:44.0919998Z #34 11.38   Downloading pygments-2.19.2-py3-none-any.whl.metadata (2.5 kB)
2025-08-21T12:27:44.0921157Z #34 11.46 Collecting mdurl~=0.1 (from markdown-it-py>=2.2.0->rich>=13.7.1->rich-toolkit>=0.14.8->fastapi-cli>=0.0.2->fastapi==0.111.0->-r requirements.txt (line 3))
2025-08-21T12:27:44.0922064Z #34 11.46   Downloading mdurl-0.1.2-py3-none-any.whl.metadata (1.6 kB)
2025-08-21T12:27:44.1877065Z #34 11.49 Downloading uvicorn-0.29.0-py3-none-any.whl (60 kB)
2025-08-21T12:27:44.1879860Z #34 11.50 Downloading pydantic_settings-2.2.1-py3-none-any.whl (13 kB)
2025-08-21T12:27:44.1880592Z #34 11.51 Downloading fastapi-0.111.0-py3-none-any.whl (91 kB)
2025-08-21T12:27:44.1881509Z #34 11.52 Downloading SQLAlchemy-2.0.29-cp312-cp312-manylinux_2_17_x86_64.manylinux2014_x86_64.whl (3.2 MB)
2025-08-21T12:27:44.1882860Z #34 11.55    ━━━━━━━━━━━━━━━━━━━━━━━━━━━━━━━━━━━━━━━━ 3.2/3.2 MB 153.7 MB/s eta 0:00:00
2025-08-21T12:27:44.1883522Z #34 11.56 Downloading alembic-1.13.1-py3-none-any.whl (233 kB)
2025-08-21T12:27:44.1884141Z #34 11.57 Downloading psycopg-3.2.9-py3-none-any.whl (202 kB)
2025-08-21T12:27:44.1884754Z #34 11.58 Downloading httpx-0.27.2-py3-none-any.whl (76 kB)
2025-08-21T12:27:44.2933451Z #34 11.59 Downloading asyncpg-0.29.0-cp312-cp312-manylinux_2_17_x86_64.manylinux2014_x86_64.whl (3.3 MB)
2025-08-21T12:27:44.2936720Z #34 11.60    ━━━━━━━━━━━━━━━━━━━━━━━━━━━━━━━━━━━━━━━━ 3.3/3.3 MB 223.0 MB/s eta 0:00:00
2025-08-21T12:27:44.2938558Z #34 11.61 Downloading boto3-1.34.162-py3-none-any.whl (139 kB)
2025-08-21T12:27:44.2939395Z #34 11.62 Downloading jinja2-3.1.5-py3-none-any.whl (134 kB)
2025-08-21T12:27:44.2939994Z #34 11.63 Downloading celery-5.3.6-py3-none-any.whl (422 kB)
2025-08-21T12:27:44.2940620Z #34 11.64 Downloading structlog-24.1.0-py3-none-any.whl (65 kB)
2025-08-21T12:27:44.2941391Z #34 11.65 Downloading asgi_correlation_id-4.3.1-py3-none-any.whl (15 kB)
2025-08-21T12:27:44.2942089Z #34 11.66 Downloading fastapi_limiter-0.1.6-py3-none-any.whl (15 kB)
2025-08-21T12:27:44.2943083Z #34 11.67 Downloading redis-5.0.8-py3-none-any.whl (255 kB)
2025-08-21T12:27:44.2943740Z #34 11.68 Downloading sentry_sdk-2.9.0-py2.py3-none-any.whl (301 kB)
2025-08-21T12:27:44.2944395Z #34 11.68 Downloading httpcore-1.0.9-py3-none-any.whl (78 kB)
2025-08-21T12:27:44.3990423Z #34 11.70 Downloading psycopg_binary-3.2.9-cp312-cp312-manylinux_2_17_x86_64.manylinux2014_x86_64.whl (4.4 MB)
2025-08-21T12:27:44.3994507Z #34 11.71    ━━━━━━━━━━━━━━━━━━━━━━━━━━━━━━━━━━━━━━━━ 4.4/4.4 MB 317.5 MB/s eta 0:00:00
2025-08-21T12:27:44.3995032Z #34 11.72 Downloading billiard-4.2.1-py3-none-any.whl (86 kB)
2025-08-21T12:27:44.3995569Z #34 11.73 Downloading botocore-1.34.162-py3-none-any.whl (12.5 MB)
2025-08-21T12:27:44.3996207Z #34 11.78    ━━━━━━━━━━━━━━━━━━━━━━━━━━━━━━━━━━━━━━━━ 12.5/12.5 MB 288.9 MB/s eta 0:00:00
2025-08-21T12:27:44.3996681Z #34 11.79 Downloading click-8.2.1-py3-none-any.whl (102 kB)
2025-08-21T12:27:44.5019138Z #34 11.80 Downloading click_didyoumean-0.3.1-py3-none-any.whl (3.6 kB)
2025-08-21T12:27:44.5020514Z #34 11.81 Downloading click_plugins-1.1.1.2-py2.py3-none-any.whl (11 kB)
2025-08-21T12:27:44.5021650Z #34 11.81 Downloading click_repl-0.3.0-py3-none-any.whl (10 kB)
2025-08-21T12:27:44.5024145Z #34 11.82 Downloading email_validator-2.2.0-py3-none-any.whl (33 kB)
2025-08-21T12:27:44.5024748Z #34 11.83 Downloading fastapi_cli-0.0.8-py3-none-any.whl (10 kB)
2025-08-21T12:27:44.5025545Z #34 11.84 Downloading greenlet-3.2.4-cp312-cp312-manylinux_2_24_x86_64.manylinux_2_28_x86_64.whl (607 kB)
2025-08-21T12:27:44.5026724Z #34 11.84    ━━━━━━━━━━━━━━━━━━━━━━━━━━━━━━━━━━━━━━━ 607.6/607.6 kB 391.6 MB/s eta 0:00:00
2025-08-21T12:27:44.5027302Z #34 11.85 Downloading h11-0.16.0-py3-none-any.whl (37 kB)
2025-08-21T12:27:44.5027839Z #34 11.86 Downloading idna-3.10-py3-none-any.whl (70 kB)
2025-08-21T12:27:44.5028319Z #34 11.87 Downloading jmespath-1.0.1-py3-none-any.whl (20 kB)
2025-08-21T12:27:44.5029093Z #34 11.88 Downloading kombu-5.5.4-py3-none-any.whl (210 kB)
2025-08-21T12:27:44.5029562Z #34 11.89 Downloading vine-5.1.0-py3-none-any.whl (9.6 kB)
2025-08-21T12:27:44.5030274Z #34 11.89 Downloading MarkupSafe-3.0.2-cp312-cp312-manylinux_2_17_x86_64.manylinux2014_x86_64.whl (23 kB)
2025-08-21T12:27:44.6096432Z #34 11.90 Downloading orjson-3.11.2-cp312-cp312-manylinux_2_17_x86_64.manylinux2014_x86_64.whl (121 kB)
2025-08-21T12:27:44.6097867Z #34 11.91 Downloading pydantic-2.11.7-py3-none-any.whl (444 kB)
2025-08-21T12:27:44.6099351Z #34 11.92 Downloading pydantic_core-2.33.2-cp312-cp312-manylinux_2_17_x86_64.manylinux2014_x86_64.whl (2.0 MB)
2025-08-21T12:27:44.6101015Z #34 11.93    ━━━━━━━━━━━━━━━━━━━━━━━━━━━━━━━━━━━━━━━━ 2.0/2.0 MB 386.2 MB/s eta 0:00:00
2025-08-21T12:27:44.6102027Z #34 11.94 Downloading python_dateutil-2.9.0.post0-py2.py3-none-any.whl (229 kB)
2025-08-21T12:27:44.6103132Z #34 11.95 Downloading python_dotenv-1.1.1-py3-none-any.whl (20 kB)
2025-08-21T12:27:44.6104069Z #34 11.96 Downloading python_multipart-0.0.20-py3-none-any.whl (24 kB)
2025-08-21T12:27:44.6105034Z #34 11.97 Downloading s3transfer-0.10.4-py3-none-any.whl (83 kB)
2025-08-21T12:27:44.6106018Z #34 11.97 Downloading starlette-0.37.2-py3-none-any.whl (71 kB)
2025-08-21T12:27:44.6106888Z #34 11.98 Downloading anyio-4.10.0-py3-none-any.whl (107 kB)
2025-08-21T12:27:44.6107521Z #34 11.99 Downloading sniffio-1.3.1-py3-none-any.whl (10 kB)
2025-08-21T12:27:44.6108552Z #34 12.00 Downloading typing_extensions-4.14.1-py3-none-any.whl (43 kB)
2025-08-21T12:27:44.7149032Z #34 12.01 Downloading tzdata-2025.2-py2.py3-none-any.whl (347 kB)
2025-08-21T12:27:44.7157389Z #34 12.03 Downloading ujson-5.11.0-cp312-cp312-manylinux_2_24_x86_64.manylinux_2_28_x86_64.whl (57 kB)
2025-08-21T12:27:44.7159012Z #34 12.04 Downloading urllib3-2.5.0-py3-none-any.whl (129 kB)
2025-08-21T12:27:44.7160730Z #34 12.04 Downloading certifi-2025.8.3-py3-none-any.whl (161 kB)
2025-08-21T12:27:44.7161638Z #34 12.05 Downloading mako-1.3.10-py3-none-any.whl (78 kB)
2025-08-21T12:27:44.7162624Z #34 12.06 Downloading amqp-5.3.1-py3-none-any.whl (50 kB)
2025-08-21T12:27:44.7163839Z #34 12.07 Downloading annotated_types-0.7.0-py3-none-any.whl (13 kB)
2025-08-21T12:27:44.7164748Z #34 12.08 Downloading dnspython-2.7.0-py3-none-any.whl (313 kB)
2025-08-21T12:27:44.7166299Z #34 12.09 Downloading httptools-0.6.4-cp312-cp312-manylinux_2_5_x86_64.manylinux1_x86_64.manylinux_2_17_x86_64.manylinux2014_x86_64.whl (510 kB)
2025-08-21T12:27:44.7179782Z #34 12.10 Downloading prompt_toolkit-3.0.51-py3-none-any.whl (387 kB)
2025-08-21T12:27:44.7181061Z #34 12.11 Downloading PyYAML-6.0.2-cp312-cp312-manylinux_2_17_x86_64.manylinux2014_x86_64.whl (767 kB)
2025-08-21T12:27:44.8157541Z #34 12.12    ━━━━━━━━━━━━━━━━━━━━━━━━━━━━━━━━━━━━━━━ 767.5/767.5 kB 198.8 MB/s eta 0:00:00
2025-08-21T12:27:44.8158757Z #34 12.13 Downloading rich_toolkit-0.15.0-py3-none-any.whl (29 kB)
2025-08-21T12:27:44.8159718Z #34 12.13 Downloading six-1.17.0-py2.py3-none-any.whl (11 kB)
2025-08-21T12:27:44.8160502Z #34 12.14 Downloading typer-0.16.1-py3-none-any.whl (46 kB)
2025-08-21T12:27:44.8161452Z #34 12.15 Downloading typing_inspection-0.4.1-py3-none-any.whl (14 kB)
2025-08-21T12:27:44.8162427Z #34 12.16 Downloading uvloop-0.21.0-cp312-cp312-manylinux_2_17_x86_64.manylinux2014_x86_64.whl (4.7 MB)
2025-08-21T12:27:44.8163690Z #34 12.17    ━━━━━━━━━━━━━━━━━━━━━━━━━━━━━━━━━━━━━━━━ 4.7/4.7 MB 346.3 MB/s eta 0:00:00
2025-08-21T12:27:44.8164593Z #34 12.19 Downloading watchfiles-1.1.0-cp312-cp312-manylinux_2_17_x86_64.manylinux2014_x86_64.whl (452 kB)
2025-08-21T12:27:44.8177950Z #34 12.20 Downloading websockets-15.0.1-cp312-cp312-manylinux_2_5_x86_64.manylinux1_x86_64.manylinux_2_17_x86_64.manylinux2014_x86_64.whl (182 kB)
2025-08-21T12:27:44.8179423Z #34 12.21 Downloading packaging-25.0-py3-none-any.whl (66 kB)
2025-08-21T12:27:45.0248780Z #34 12.22 Downloading rich-14.1.0-py3-none-any.whl (243 kB)
2025-08-21T12:27:45.0249976Z #34 12.23 Downloading shellingham-1.5.4-py2.py3-none-any.whl (9.8 kB)
2025-08-21T12:27:45.0250952Z #34 12.23 Downloading wcwidth-0.2.13-py2.py3-none-any.whl (34 kB)
2025-08-21T12:27:45.0251946Z #34 12.24 Downloading markdown_it_py-4.0.0-py3-none-any.whl (87 kB)
2025-08-21T12:27:45.0252864Z #34 12.25 Downloading pygments-2.19.2-py3-none-any.whl (1.2 MB)
2025-08-21T12:27:45.0259689Z #34 12.26    ━━━━━━━━━━━━━━━━━━━━━━━━━━━━━━━━━━━━━━━━ 1.2/1.2 MB 328.0 MB/s eta 0:00:00
2025-08-21T12:27:45.0260706Z #34 12.26 Downloading mdurl-0.1.2-py3-none-any.whl (10.0 kB)
2025-08-21T12:27:45.2717579Z #34 12.60 Installing collected packages: wcwidth, websockets, vine, uvloop, urllib3, ujson, tzdata, typing-extensions, structlog, sniffio, six, shellingham, redis, pyyaml, python-multipart, python-dotenv, pygments, psycopg-binary, prompt-toolkit, packaging, orjson, mdurl, MarkupSafe, jmespath, idna, httptools, h11, greenlet, dnspython, click, certifi, billiard, asyncpg, annotated-types, uvicorn, typing-inspection, sqlalchemy, sentry-sdk, python-dateutil, pydantic-core, psycopg, markdown-it-py, Mako, Jinja2, httpcore, email_validator, click-repl, click-plugins, click-didyoumean, anyio, amqp, watchfiles, starlette, rich, pydantic, kombu, httpx, botocore, alembic, typer, s3transfer, rich-toolkit, pydantic-settings, celery, asgi-correlation-id, fastapi-cli, boto3, fastapi, fastapi-limiter
2025-08-21T12:27:45.5679057Z #34 ...
2025-08-21T12:27:45.5679327Z 
2025-08-21T12:27:45.5684961Z #32 [fees_h10 base 4/6] RUN if [ -n "" ] && [ -f "fees_h10/" ]; then         pip install -r fees_h10/requirements.txt -c fees_h10/;     else         pip install -r fees_h10/requirements.txt;     fi
2025-08-21T12:27:45.5696031Z #32 12.55 Successfully installed PyJWT-2.10.1 amqp-5.3.1 anyio-4.10.0 asyncpg-0.30.0 billiard-4.2.1 celery-5.4.0 certifi-2025.8.3 click-8.2.1 click-didyoumean-0.3.1 click-plugins-1.1.1.2 click-repl-0.3.0 greenlet-3.2.4 h11-0.16.0 httpcore-1.0.9 httpx-0.28.1 idna-3.10 kombu-5.5.4 packaging-25.0 prompt-toolkit-3.0.51 python-dateutil-2.9.0.post0 redis-5.3.1 six-1.17.0 sniffio-1.3.1 sqlalchemy-2.0.43 typing-extensions-4.14.1 tzdata-2025.2 vine-5.1.0 wcwidth-0.2.13
2025-08-21T12:27:45.5706245Z #32 12.55 WARNING: Running pip as the 'root' user can result in broken permissions and conflicting behaviour with the system package manager, possibly rendering your system unusable. It is recommended to use a virtual environment instead: https://pip.pypa.io/warnings/venv. Use the --root-user-action option if you know what you are doing and want to suppress this warning.
2025-08-21T12:27:45.5718735Z #32 12.66 
2025-08-21T12:27:45.5719237Z #32 12.66 [notice] A new release of pip is available: 25.0.1 -> 25.2
2025-08-21T12:27:45.5719863Z #32 12.66 [notice] To update, run: pip install --upgrade pip
2025-08-21T12:27:45.5720354Z #32 DONE 12.9s
2025-08-21T12:27:45.6872356Z 
2025-08-21T12:27:45.6872887Z #36 [fees_h10 base 5/6] COPY . ./fees_h10
2025-08-21T12:27:45.6873358Z #36 DONE 0.0s
2025-08-21T12:27:45.6873545Z 
2025-08-21T12:27:45.6874072Z #37 [fees_h10 base 6/6] COPY start.sh ./start.sh
2025-08-21T12:27:45.6934547Z #37 DONE 0.0s
2025-08-21T12:27:45.6934759Z 
2025-08-21T12:27:45.6938242Z #38 [postgres 2/6] RUN set -eux;     if [ -f /etc/apt/sources.list ]; then         sed -i 's|http://deb.debian.org|https://deb.debian.org|g' /etc/apt/sources.list;     fi;     apt-get update;     apt-get install -y locales;     locale-gen en_US.UTF-8;     rm -rf /var/lib/apt/lists/*
2025-08-21T12:27:45.6944375Z #38 0.308 + [ -f /etc/apt/sources.list ]
2025-08-21T12:27:45.6946020Z #38 0.310 + apt-get update
2025-08-21T12:27:45.6947718Z #38 0.378 Get:1 http://deb.debian.org/debian trixie InRelease [138 kB]
2025-08-21T12:27:45.6953112Z #38 0.378 Get:2 http://apt.postgresql.org/pub/repos/apt trixie-pgdg InRelease [107 kB]
2025-08-21T12:27:45.6954307Z #38 0.403 Get:3 http://deb.debian.org/debian trixie-updates InRelease [47.1 kB]
2025-08-21T12:27:45.6955550Z #38 0.404 Get:4 http://deb.debian.org/debian-security trixie-security InRelease [43.4 kB]
2025-08-21T12:27:45.6957249Z #38 0.439 Get:5 http://apt.postgresql.org/pub/repos/apt trixie-pgdg/16 amd64 Packages [2,574 B]
2025-08-21T12:27:45.6958331Z #38 0.475 Get:6 http://apt.postgresql.org/pub/repos/apt trixie-pgdg/main amd64 Packages [334 kB]
2025-08-21T12:27:45.6959939Z #38 0.479 Get:7 http://deb.debian.org/debian trixie/main amd64 Packages [9,668 kB]
2025-08-21T12:27:45.6961791Z #38 0.596 Get:8 http://deb.debian.org/debian trixie-updates/main amd64 Packages [2,432 B]
2025-08-21T12:27:45.6969421Z #38 0.596 Get:9 http://deb.debian.org/debian-security trixie-security/main amd64 Packages [20.5 kB]
2025-08-21T12:27:45.6970281Z #38 1.523 Fetched 10.4 MB in 1s (8,831 kB/s)
2025-08-21T12:27:45.6970734Z #38 1.523 Reading package lists...
2025-08-21T12:27:45.6973680Z #38 2.427 + apt-get install -y locales
2025-08-21T12:27:45.6974142Z #38 2.442 Reading package lists...
2025-08-21T12:27:45.6975743Z #38 3.387 Building dependency tree...
2025-08-21T12:27:45.6977338Z #38 3.650 Reading state information...
2025-08-21T12:27:45.6979172Z #38 4.027 locales is already the newest version (2.41-12).
2025-08-21T12:27:45.6981878Z #38 4.027 0 upgraded, 0 newly installed, 0 to remove and 1 not upgraded.
2025-08-21T12:27:45.6983666Z #38 4.029 + locale-gen en_US.UTF-8
2025-08-21T12:27:45.6984407Z #38 4.035 Generating locales (this might take a while)...
2025-08-21T12:27:45.6986024Z #38 4.062   en_US.UTF-8... done
2025-08-21T12:27:45.6986440Z #38 5.895 Generation complete.
2025-08-21T12:27:45.6993027Z #38 5.895 + rm -rf /var/lib/apt/lists/apt.postgresql.org_pub_repos_apt_dists_trixie-pgdg_16_binary-amd64_Packages.lz4 /var/lib/apt/lists/apt.postgresql.org_pub_repos_apt_dists_trixie-pgdg_InRelease /var/lib/apt/lists/apt.postgresql.org_pub_repos_apt_dists_trixie-pgdg_main_binary-amd64_Packages.lz4 /var/lib/apt/lists/auxfiles /var/lib/apt/lists/deb.debian.org_debian-security_dists_trixie-security_InRelease /var/lib/apt/lists/deb.debian.org_debian-security_dists_trixie-security_main_binary-amd64_Packages.lz4 /var/lib/apt/lists/deb.debian.org_debian_dists_trixie-updates_InRelease /var/lib/apt/lists/deb.debian.org_debian_dists_trixie-updates_main_binary-amd64_Packages.lz4 /var/lib/apt/lists/deb.debian.org_debian_dists_trixie_InRelease /var/lib/apt/lists/deb.debian.org_debian_dists_trixie_main_binary-amd64_Packages.lz4 /var/lib/apt/lists/lock /var/lib/apt/lists/partial
2025-08-21T12:27:45.6998961Z #38 DONE 5.9s
2025-08-21T12:27:45.6999161Z 
2025-08-21T12:27:45.7002771Z #39 [postgres 3/6] COPY docker/postgres/pg_hba.conf /etc/postgresql/pg_hba.conf
2025-08-21T12:27:45.7003424Z #39 DONE 0.0s
2025-08-21T12:27:45.7003612Z 
2025-08-21T12:27:45.7004134Z #35 [etl base 4/7] RUN if [ -n "" ] && [ -f "" ]; then         pip install -r requirements.txt -c "";     else         pip install -r requirements.txt;     fi
2025-08-21T12:27:45.7005218Z #35 11.24 Collecting pydantic-core==2.33.2 (from pydantic->keepa==1.3.14->-r requirements.txt (line 1))
2025-08-21T12:27:45.7006269Z #35 11.25   Downloading pydantic_core-2.33.2-cp312-cp312-manylinux_2_17_x86_64.manylinux2014_x86_64.whl.metadata (6.8 kB)
2025-08-21T12:27:45.7007456Z #35 11.29 Collecting typing-inspection>=0.4.0 (from pydantic->keepa==1.3.14->-r requirements.txt (line 1))
2025-08-21T12:27:45.7008504Z #35 11.30   Downloading typing_inspection-0.4.1-py3-none-any.whl.metadata (2.6 kB)
2025-08-21T12:27:45.7009660Z #35 11.50 Collecting charset_normalizer<4,>=2 (from requests>=2.2->keepa==1.3.14->-r requirements.txt (line 1))
2025-08-21T12:27:45.7011035Z #35 11.50   Downloading charset_normalizer-3.4.3-cp312-cp312-manylinux2014_x86_64.manylinux_2_17_x86_64.manylinux_2_28_x86_64.whl.metadata (36 kB)
2025-08-21T12:27:45.7012278Z #35 11.53 Collecting idna<4,>=2.5 (from requests>=2.2->keepa==1.3.14->-r requirements.txt (line 1))
2025-08-21T12:27:45.7013059Z #35 11.54   Downloading idna-3.10-py3-none-any.whl.metadata (10 kB)
2025-08-21T12:27:45.7013989Z #35 11.59 Collecting mypy-extensions>=0.3.0 (from typing-inspect>=0.6.0->pandera==0.19.*->-r requirements.txt (line 9))
2025-08-21T12:27:45.7015031Z #35 11.60   Downloading mypy_extensions-1.1.0-py3-none-any.whl.metadata (1.1 kB)
2025-08-21T12:27:45.7016286Z #35 11.63 Collecting aiohappyeyeballs>=2.5.0 (from aiohttp->keepa==1.3.14->-r requirements.txt (line 1))
2025-08-21T12:27:45.7017301Z #35 11.64   Downloading aiohappyeyeballs-2.6.1-py3-none-any.whl.metadata (5.9 kB)
2025-08-21T12:27:45.7018222Z #35 11.66 Collecting aiosignal>=1.4.0 (from aiohttp->keepa==1.3.14->-r requirements.txt (line 1))
2025-08-21T12:27:45.7019385Z #35 11.67   Downloading aiosignal-1.4.0-py3-none-any.whl.metadata (3.7 kB)
2025-08-21T12:27:45.7020226Z #35 11.69 Collecting attrs>=17.3.0 (from aiohttp->keepa==1.3.14->-r requirements.txt (line 1))
2025-08-21T12:27:45.7021055Z #35 11.70   Downloading attrs-25.3.0-py3-none-any.whl.metadata (10 kB)
2025-08-21T12:27:45.7021893Z #35 11.80 Collecting frozenlist>=1.1.1 (from aiohttp->keepa==1.3.14->-r requirements.txt (line 1))
2025-08-21T12:27:45.7023103Z #35 11.81   Downloading frozenlist-1.7.0-cp312-cp312-manylinux_2_5_x86_64.manylinux1_x86_64.manylinux_2_17_x86_64.manylinux2014_x86_64.whl.metadata (18 kB)
2025-08-21T12:27:45.7024304Z #35 12.04 Collecting multidict<7.0,>=4.5 (from aiohttp->keepa==1.3.14->-r requirements.txt (line 1))
2025-08-21T12:27:45.7025440Z #35 12.05   Downloading multidict-6.6.4-cp312-cp312-manylinux2014_x86_64.manylinux_2_17_x86_64.manylinux_2_28_x86_64.whl.metadata (5.3 kB)
2025-08-21T12:27:45.7026600Z #35 12.13 Collecting propcache>=0.2.0 (from aiohttp->keepa==1.3.14->-r requirements.txt (line 1))
2025-08-21T12:27:45.7027651Z #35 12.13   Downloading propcache-0.3.2-cp312-cp312-manylinux_2_17_x86_64.manylinux2014_x86_64.whl.metadata (12 kB)
2025-08-21T12:27:45.7029176Z #35 12.50 Collecting yarl<2.0,>=1.17.0 (from aiohttp->keepa==1.3.14->-r requirements.txt (line 1))
2025-08-21T12:27:45.7030121Z #35 12.51   Downloading yarl-1.20.1-cp312-cp312-manylinux_2_17_x86_64.manylinux2014_x86_64.whl.metadata (73 kB)
2025-08-21T12:27:45.7031303Z #35 12.65 Collecting wcwidth (from prompt-toolkit>=3.0.36->click-repl>=0.2.0->celery==5.3.*->-r requirements.txt (line 3))
2025-08-21T12:27:45.7032260Z #35 12.66   Downloading wcwidth-0.2.13-py2.py3-none-any.whl.metadata (14 kB)
2025-08-21T12:27:45.7032930Z #35 13.01 Downloading keepa-1.3.14-py3-none-any.whl (33 kB)
2025-08-21T12:27:45.7033732Z #35 13.03 Downloading minio-7.1.15-py3-none-any.whl (77 kB)
2025-08-21T12:27:45.7034285Z #35 13.04 Downloading celery-5.3.6-py3-none-any.whl (422 kB)
2025-08-21T12:27:45.8596395Z 
2025-08-21T12:27:45.8600440Z #35 ...
2025-08-21T12:27:45.8600708Z 
2025-08-21T12:27:45.8601266Z #40 [postgres 4/6] COPY docker/postgres/init-pg_hba.sh /docker-entrypoint-initdb.d/10_init_pg_hba.sh
2025-08-21T12:27:45.8602019Z #40 DONE 0.0s
2025-08-21T12:27:45.8602196Z 
2025-08-21T12:27:45.8602587Z #41 [postgres 5/6] COPY docker/postgres/postgresql.conf /etc/postgresql/postgresql.conf
2025-08-21T12:27:45.8603237Z #41 DONE 0.0s
2025-08-21T12:27:45.8603426Z 
2025-08-21T12:27:45.8603978Z #35 [etl base 4/7] RUN if [ -n "" ] && [ -f "" ]; then         pip install -r requirements.txt -c "";     else         pip install -r requirements.txt;     fi
2025-08-21T12:27:45.8604926Z #35 13.07 Downloading redis-5.3.1-py3-none-any.whl (272 kB)
2025-08-21T12:27:45.8605608Z #35 13.09 Downloading python_amazon_sp_api-0.8.0-py3-none-any.whl (93 kB)
2025-08-21T12:27:45.8606379Z #35 13.11 Downloading pydantic_settings-2.2.1-py3-none-any.whl (13 kB)
2025-08-21T12:27:45.8607284Z #35 13.12 Downloading pandas-2.2.3-cp312-cp312-manylinux_2_17_x86_64.manylinux2014_x86_64.whl (12.7 MB)
2025-08-21T12:27:45.9606332Z #35 13.24    ━━━━━━━━━━━━━━━━━━━━━━━━━━━━━━━━━━━━━━━━ 12.7/12.7 MB 108.3 MB/s eta 0:00:00#35 ...
2025-08-21T12:27:45.9618219Z 
2025-08-21T12:27:45.9619023Z #42 [postgres 6/6] RUN chmod 0644 /etc/postgresql/pg_hba.conf &&     chmod +x /docker-entrypoint-initdb.d/10_init_pg_hba.sh
2025-08-21T12:27:45.9619876Z #42 DONE 0.2s
2025-08-21T12:27:45.9620074Z 
2025-08-21T12:27:45.9620611Z #35 [etl base 4/7] RUN if [ -n "" ] && [ -f "" ]; then         pip install -r requirements.txt -c "";     else         pip install -r requirements.txt;     fi
2025-08-21T12:27:45.9621760Z #35 13.24    ━━━━━━━━━━━━━━━━━━━━━━━━━━━━━━━━━━━━━━━━ 12.7/12.7 MB 108.3 MB/s eta 0:00:00
2025-08-21T12:27:45.9622404Z #35 13.25 Downloading pandera-0.19.3-py3-none-any.whl (251 kB)
2025-08-21T12:27:45.9623099Z #35 13.27 Downloading openpyxl-3.1.5-py2.py3-none-any.whl (250 kB)
2025-08-21T12:27:45.9623731Z #35 13.29 Downloading psycopg-3.2.9-py3-none-any.whl (202 kB)
2025-08-21T12:27:45.9624637Z #35 13.31 Downloading psycopg2_binary-2.9.10-cp312-cp312-manylinux_2_17_x86_64.manylinux2014_x86_64.whl (3.0 MB)
2025-08-21T12:27:46.1444733Z #35 13.34    ━━━━━━━━━━━━━━━━━━━━━━━━━━━━━━━━━━━━━━━━ 3.0/3.0 MB 121.6 MB/s eta 0:00:00
2025-08-21T12:27:46.1450045Z #35 13.35 Downloading psycopg_binary-3.2.9-cp312-cp312-manylinux_2_17_x86_64.manylinux2014_x86_64.whl (4.4 MB)
2025-08-21T12:27:46.1451228Z #35 13.40    ━━━━━━━━━━━━━━━━━━━━━━━━━━━━━━━━━━━━━━━━ 4.4/4.4 MB 107.4 MB/s eta 0:00:00
2025-08-21T12:27:46.1454088Z #35 13.40 Downloading numpy-1.26.4-cp312-cp312-manylinux_2_17_x86_64.manylinux2014_x86_64.whl (18.0 MB)
2025-08-21T12:27:46.1455180Z #35 13.52    ━━━━━━━━━━━━━━━━━━━━━━━━━━━━━━━━━━━━━━━━ 18.0/18.0 MB 166.4 MB/s eta 0:00:00
2025-08-21T12:27:46.2461905Z #35 13.53 Downloading billiard-4.2.1-py3-none-any.whl (86 kB)
2025-08-21T12:27:46.2463062Z #35 13.55 Downloading boto3-1.40.14-py3-none-any.whl (140 kB)
2025-08-21T12:27:46.2467583Z #35 13.56 Downloading cachetools-4.2.4-py3-none-any.whl (10 kB)
2025-08-21T12:27:46.2469461Z #35 13.57 Downloading click-8.2.1-py3-none-any.whl (102 kB)
2025-08-21T12:27:46.2470348Z #35 13.59 Downloading click_didyoumean-0.3.1-py3-none-any.whl (3.6 kB)
2025-08-21T12:27:46.2471709Z #35 13.60 Downloading click_plugins-1.1.1.2-py2.py3-none-any.whl (11 kB)
2025-08-21T12:27:46.2472559Z #35 13.62 Downloading click_repl-0.3.0-py3-none-any.whl (10 kB)
2025-08-21T12:27:46.3748953Z #35 13.63 Downloading confuse-1.4.0-py2.py3-none-any.whl (21 kB)
2025-08-21T12:27:46.3753213Z #35 13.64 Downloading kombu-5.5.4-py3-none-any.whl (210 kB)
2025-08-21T12:27:46.3757460Z #35 13.65 Downloading vine-5.1.0-py3-none-any.whl (9.6 kB)
2025-08-21T12:27:46.3787930Z #35 13.67 Downloading multimethod-1.10-py3-none-any.whl (9.9 kB)
2025-08-21T12:27:46.3793016Z #35 13.68 Downloading packaging-25.0-py3-none-any.whl (66 kB)
2025-08-21T12:27:46.3796500Z #35 13.69 Downloading pydantic-2.11.7-py3-none-any.whl (444 kB)
2025-08-21T12:27:46.3801880Z #35 13.70 Downloading pydantic_core-2.33.2-cp312-cp312-manylinux_2_17_x86_64.manylinux2014_x86_64.whl (2.0 MB)
2025-08-21T12:27:46.3803132Z #35 13.74    ━━━━━━━━━━━━━━━━━━━━━━━━━━━━━━━━━━━━━━━━ 2.0/2.0 MB 99.6 MB/s eta 0:00:00
2025-08-21T12:27:46.4843614Z #35 13.75 Downloading PyJWT-2.10.1-py3-none-any.whl (22 kB)
2025-08-21T12:27:46.4845075Z #35 13.76 Downloading python_dateutil-2.9.0.post0-py2.py3-none-any.whl (229 kB)
2025-08-21T12:27:46.4846072Z #35 13.78 Downloading python_dotenv-1.1.1-py3-none-any.whl (20 kB)
2025-08-21T12:27:46.4847495Z #35 13.79 Downloading pytz-2025.2-py2.py3-none-any.whl (509 kB)
2025-08-21T12:27:46.4848148Z #35 13.82 Downloading requests-2.32.5-py3-none-any.whl (64 kB)
2025-08-21T12:27:46.4848975Z #35 13.83 Downloading certifi-2025.8.3-py3-none-any.whl (161 kB)
2025-08-21T12:27:46.4849603Z #35 13.85 Downloading six-1.17.0-py2.py3-none-any.whl (11 kB)
2025-08-21T12:27:46.6051896Z #35 13.86 Downloading typing_extensions-4.14.1-py3-none-any.whl (43 kB)
2025-08-21T12:27:46.6060785Z #35 13.90 Downloading typing_inspect-0.9.0-py3-none-any.whl (8.8 kB)
2025-08-21T12:27:46.6061536Z #35 13.90 Downloading tzdata-2025.2-py2.py3-none-any.whl (347 kB)
2025-08-21T12:27:46.6062186Z #35 13.90 Downloading urllib3-2.5.0-py3-none-any.whl (129 kB)
2025-08-21T12:27:46.6063049Z #35 13.93 Downloading aiohttp-3.12.15-cp312-cp312-manylinux_2_17_x86_64.manylinux2014_x86_64.whl (1.7 MB)
2025-08-21T12:27:46.6064283Z #35 13.94    ━━━━━━━━━━━━━━━━━━━━━━━━━━━━━━━━━━━━━━━━ 1.7/1.7 MB 79.7 MB/s eta 0:00:00
2025-08-21T12:27:46.6064914Z #35 13.95 Downloading et_xmlfile-2.0.0-py3-none-any.whl (18 kB)
2025-08-21T12:27:46.7139052Z #35 13.99 Downloading pycryptodome-3.23.0-cp37-abi3-manylinux_2_17_x86_64.manylinux2014_x86_64.whl (2.3 MB)
2025-08-21T12:27:46.7143635Z #35 13.99    ━━━━━━━━━━━━━━━━━━━━━━━━━━━━━━━━━━━━━━━━ 2.3/2.3 MB 85.6 MB/s eta 0:00:00
2025-08-21T12:27:46.7144301Z #35 14.00 Downloading tqdm-4.67.1-py3-none-any.whl (78 kB)
2025-08-21T12:27:46.7144925Z #35 14.02 Downloading typeguard-4.4.4-py3-none-any.whl (34 kB)
2025-08-21T12:27:46.7145853Z #35 14.04 Downloading wrapt-1.17.3-cp312-cp312-manylinux1_x86_64.manylinux_2_28_x86_64.manylinux_2_5_x86_64.whl (88 kB)
2025-08-21T12:27:46.7146787Z #35 14.05 Downloading aiohappyeyeballs-2.6.1-py3-none-any.whl (15 kB)
2025-08-21T12:27:46.7147851Z #35 14.07 Downloading aiosignal-1.4.0-py3-none-any.whl (7.5 kB)
2025-08-21T12:27:46.7148472Z #35 14.08 Downloading amqp-5.3.1-py3-none-any.whl (50 kB)
2025-08-21T12:27:46.8524101Z #35 14.09 Downloading annotated_types-0.7.0-py3-none-any.whl (13 kB)
2025-08-21T12:27:46.8528480Z #35 14.11 Downloading attrs-25.3.0-py3-none-any.whl (63 kB)
2025-08-21T12:27:46.8537073Z #35 14.13 Downloading botocore-1.40.14-py3-none-any.whl (14.0 MB)
2025-08-21T12:27:46.9659461Z #35 14.23    ━━━━━━━━━━━━━━━━━━━━━━━━━━━━━━━━━━━━━━━━ 14.0/14.0 MB 133.3 MB/s eta 0:00:00
2025-08-21T12:27:46.9661474Z #35 14.25 Downloading charset_normalizer-3.4.3-cp312-cp312-manylinux2014_x86_64.manylinux_2_17_x86_64.manylinux_2_28_x86_64.whl (151 kB)
2025-08-21T12:27:46.9665147Z #35 14.28 Downloading frozenlist-1.7.0-cp312-cp312-manylinux_2_5_x86_64.manylinux1_x86_64.manylinux_2_17_x86_64.manylinux2014_x86_64.whl (241 kB)
2025-08-21T12:27:46.9666175Z #35 14.28 Downloading idna-3.10-py3-none-any.whl (70 kB)
2025-08-21T12:27:46.9666792Z #35 14.29 Downloading jmespath-1.0.1-py3-none-any.whl (20 kB)
2025-08-21T12:27:46.9667736Z #35 14.30 Downloading multidict-6.6.4-cp312-cp312-manylinux2014_x86_64.manylinux_2_17_x86_64.manylinux_2_28_x86_64.whl (256 kB)
2025-08-21T12:27:46.9668949Z #35 14.31 Downloading mypy_extensions-1.1.0-py3-none-any.whl (5.0 kB)
2025-08-21T12:27:46.9669657Z #35 14.33 Downloading prompt_toolkit-3.0.51-py3-none-any.whl (387 kB)
2025-08-21T12:27:47.1923281Z #35 14.34 Downloading propcache-0.3.2-cp312-cp312-manylinux_2_17_x86_64.manylinux2014_x86_64.whl (224 kB)
2025-08-21T12:27:47.1926037Z #35 14.36 Downloading s3transfer-0.13.1-py3-none-any.whl (85 kB)
2025-08-21T12:27:47.1926751Z #35 14.37 Downloading typing_inspection-0.4.1-py3-none-any.whl (14 kB)
2025-08-21T12:27:47.1927593Z #35 14.38 Downloading yarl-1.20.1-cp312-cp312-manylinux_2_17_x86_64.manylinux2014_x86_64.whl (355 kB)
2025-08-21T12:27:47.1928803Z #35 14.40 Downloading PyYAML-6.0.2-cp312-cp312-manylinux_2_17_x86_64.manylinux2014_x86_64.whl (767 kB)
2025-08-21T12:27:47.1930039Z #35 14.41    ━━━━━━━━━━━━━━━━━━━━━━━━━━━━━━━━━━━━━━━━ 767.5/767.5 kB 63.0 MB/s eta 0:00:00
2025-08-21T12:27:47.1930672Z #35 14.42 Downloading wcwidth-0.2.13-py2.py3-none-any.whl (34 kB)
2025-08-21T12:27:47.7222308Z #35 ...
2025-08-21T12:27:47.7223255Z 
2025-08-21T12:27:47.7223594Z #43 [postgres] exporting to image
2025-08-21T12:27:47.7224062Z #43 exporting layers 1.6s done
2025-08-21T12:27:47.7224781Z #43 writing image sha256:ee7b8693eaef84dae7674ef44b72ba77b9228982b9fc2335c43fc58da69af603 done
2025-08-21T12:27:47.7225654Z #43 naming to docker.io/library/awa-app-postgres done
2025-08-21T12:27:47.7226171Z #43 DONE 1.6s
2025-08-21T12:27:47.7226357Z 
2025-08-21T12:27:47.7226572Z #44 [postgres] resolving provenance for metadata file
2025-08-21T12:27:47.7227052Z #44 DONE 0.0s
2025-08-21T12:27:47.7227225Z 
2025-08-21T12:27:47.7227771Z #35 [etl base 4/7] RUN if [ -n "" ] && [ -f "" ]; then         pip install -r requirements.txt -c "";     else         pip install -r requirements.txt;     fi
2025-08-21T12:27:47.7232945Z #35 14.95 Installing collected packages: wcwidth, pytz, wrapt, vine, urllib3, tzdata, typing-extensions, tqdm, six, pyyaml, python-dotenv, PyJWT, pycryptodome, psycopg2-binary, psycopg-binary, propcache, prompt-toolkit, packaging, numpy, mypy-extensions, multimethod, multidict, jmespath, idna, frozenlist, et-xmlfile, click, charset_normalizer, certifi, cachetools, billiard, attrs, annotated-types, aiohappyeyeballs, yarl, typing-inspection, typing-inspect, typeguard, requests, redis, python-dateutil, pydantic-core, psycopg, openpyxl, minio, confuse, click-repl, click-plugins, click-didyoumean, amqp, aiosignal, pydantic, pandas, kombu, botocore, aiohttp, s3transfer, pydantic-settings, pandera, keepa, celery, boto3, python-amazon-sp-api
2025-08-21T12:27:48.7650588Z #35 ...
2025-08-21T12:27:48.7650842Z 
2025-08-21T12:27:48.7651175Z #45 [fees_h10 stage-1 3/5] COPY --from=base /usr/local /usr/local
2025-08-21T12:27:48.7651694Z #45 DONE 1.4s
2025-08-21T12:27:48.9377951Z 
2025-08-21T12:27:48.9379653Z #46 [fees_h10 stage-1 4/5] COPY --from=base /app /app
2025-08-21T12:27:48.9380782Z #46 DONE 0.0s
2025-08-21T12:27:48.9381333Z 
2025-08-21T12:27:48.9381734Z #47 [fees_h10 stage-1 5/5] RUN chmod +x ./start.sh
2025-08-21T12:27:48.9721495Z #47 DONE 0.2s
2025-08-21T12:27:48.9722118Z 
2025-08-21T12:27:48.9722713Z #34 [api base  4/13] RUN pip install --no-cache-dir -r requirements.txt
2025-08-21T12:27:49.1242731Z #34 ...
2025-08-21T12:27:49.1242956Z 
2025-08-21T12:27:49.1243195Z #48 [fees_h10] exporting to image
2025-08-21T12:27:50.4940290Z #48 exporting layers 1.5s done
2025-08-21T12:27:50.6851689Z #48 writing image sha256:4ddcb2d75d6e791d4b8e9c78c6374f92cc28ebfcd2f0845e168d33660e745571 done
2025-08-21T12:27:50.6852580Z #48 naming to docker.io/library/awa-app-fees_h10 done
2025-08-21T12:27:50.6853111Z #48 DONE 1.5s
2025-08-21T12:27:50.6853292Z 
2025-08-21T12:27:50.6853504Z #49 [fees_h10] resolving provenance for metadata file
2025-08-21T12:27:50.6853972Z #49 DONE 0.0s
2025-08-21T12:27:50.6854154Z 
2025-08-21T12:27:50.6854424Z #34 [api base  4/13] RUN pip install --no-cache-dir -r requirements.txt
2025-08-21T12:27:53.6908925Z #34 21.08 Successfully installed Jinja2-3.1.5 Mako-1.3.10 MarkupSafe-3.0.2 alembic-1.13.1 amqp-5.3.1 annotated-types-0.7.0 anyio-4.10.0 asgi-correlation-id-4.3.1 asyncpg-0.29.0 billiard-4.2.1 boto3-1.34.162 botocore-1.34.162 celery-5.3.6 certifi-2025.8.3 click-8.2.1 click-didyoumean-0.3.1 click-plugins-1.1.1.2 click-repl-0.3.0 dnspython-2.7.0 email_validator-2.2.0 fastapi-0.111.0 fastapi-cli-0.0.8 fastapi-limiter-0.1.6 greenlet-3.2.4 h11-0.16.0 httpcore-1.0.9 httptools-0.6.4 httpx-0.27.2 idna-3.10 jmespath-1.0.1 kombu-5.5.4 markdown-it-py-4.0.0 mdurl-0.1.2 orjson-3.11.2 packaging-25.0 prompt-toolkit-3.0.51 psycopg-3.2.9 psycopg-binary-3.2.9 pydantic-2.11.7 pydantic-core-2.33.2 pydantic-settings-2.2.1 pygments-2.19.2 python-dateutil-2.9.0.post0 python-dotenv-1.1.1 python-multipart-0.0.20 pyyaml-6.0.2 redis-5.0.8 rich-14.1.0 rich-toolkit-0.15.0 s3transfer-0.10.4 sentry-sdk-2.9.0 shellingham-1.5.4 six-1.17.0 sniffio-1.3.1 sqlalchemy-2.0.29 starlette-0.37.2 structlog-24.1.0 typer-0.16.1 typing-extensions-4.14.1 typing-inspection-0.4.1 tzdata-2025.2 ujson-5.11.0 urllib3-2.5.0 uvicorn-0.29.0 uvloop-0.21.0 vine-5.1.0 watchfiles-1.1.0 wcwidth-0.2.13 websockets-15.0.1
2025-08-21T12:27:53.9179486Z #34 21.08 WARNING: Running pip as the 'root' user can result in broken permissions and conflicting behaviour with the system package manager, possibly rendering your system unusable. It is recommended to use a virtual environment instead: https://pip.pypa.io/warnings/venv. Use the --root-user-action option if you know what you are doing and want to suppress this warning.
2025-08-21T12:27:53.9181224Z #34 21.16 
2025-08-21T12:27:53.9181547Z #34 21.16 [notice] A new release of pip is available: 25.0.1 -> 25.2
2025-08-21T12:27:53.9182033Z #34 21.16 [notice] To update, run: pip install --upgrade pip
2025-08-21T12:27:54.2759612Z #34 DONE 21.7s
2025-08-21T12:27:54.2759948Z 
2025-08-21T12:27:54.2760572Z #35 [etl base 4/7] RUN if [ -n "" ] && [ -f "" ]; then         pip install -r requirements.txt -c "";     else         pip install -r requirements.txt;     fi
2025-08-21T12:27:54.3765187Z #35 ...
2025-08-21T12:27:54.3765495Z 
2025-08-21T12:27:54.3765875Z #50 [api base  5/13] COPY services/api/ ./services/api
2025-08-21T12:27:54.3766343Z #50 DONE 0.0s
2025-08-21T12:27:54.3766593Z 
2025-08-21T12:27:54.3767061Z #51 [api base  6/13] COPY services/common/ ./services/common
2025-08-21T12:27:54.3767569Z #51 DONE 0.0s
2025-08-21T12:27:54.3772047Z 
2025-08-21T12:27:54.3772648Z #52 [api base  7/13] COPY services/ingest/ ./services/ingest
2025-08-21T12:27:54.3773424Z #52 DONE 0.0s
2025-08-21T12:27:54.3773772Z 
2025-08-21T12:27:54.3774171Z #53 [api base  8/13] COPY services/etl/ ./services/etl
2025-08-21T12:27:54.3774907Z #53 DONE 0.0s
2025-08-21T12:27:54.3775335Z 
2025-08-21T12:27:54.3775550Z #54 [api base  9/13] COPY api/ ./api
2025-08-21T12:27:54.3775964Z #54 DONE 0.0s
2025-08-21T12:27:54.3776430Z 
2025-08-21T12:27:54.3776699Z #55 [api base 10/13] COPY services/api/alembic.ini ./alembic.ini
2025-08-21T12:27:54.3777210Z #55 DONE 0.0s
2025-08-21T12:27:54.3777390Z 
2025-08-21T12:27:54.3777551Z #56 [api base 11/13] COPY alembic/ ./alembic/
2025-08-21T12:27:54.3777968Z #56 DONE 0.0s
2025-08-21T12:27:54.5288984Z 
2025-08-21T12:27:54.5311060Z #57 [api base 12/13] COPY services/api/entrypoint.sh ./entrypoint.sh
2025-08-21T12:27:54.5313083Z #57 DONE 0.0s
2025-08-21T12:27:54.5313290Z 
2025-08-21T12:27:54.5313471Z #58 [api base 13/13] RUN chmod +x ./entrypoint.sh
2025-08-21T12:27:54.5313905Z #58 DONE 0.1s
2025-08-21T12:27:54.5314088Z 
2025-08-21T12:27:54.5315019Z #35 [etl base 4/7] RUN if [ -n "" ] && [ -f "" ]; then         pip install -r requirements.txt -c "";     else         pip install -r requirements.txt;     fi
2025-08-21T12:27:55.6051029Z #35 ...
2025-08-21T12:27:55.6051619Z 
2025-08-21T12:27:55.6052275Z #59 [api stage-1 4/6] COPY --from=base /usr/local /usr/local
2025-08-21T12:27:57.5034317Z #59 DONE 1.9s
2025-08-21T12:27:57.5034581Z 
2025-08-21T12:27:57.5037314Z #35 [etl base 4/7] RUN if [ -n "" ] && [ -f "" ]; then         pip install -r requirements.txt -c "";     else         pip install -r requirements.txt;     fi
2025-08-21T12:27:57.6639926Z #35 ...
2025-08-21T12:27:57.6642735Z 
2025-08-21T12:27:57.6642997Z #60 [api stage-1 5/6] COPY --from=base /app /app
2025-08-21T12:27:57.6643489Z #60 DONE 0.0s
2025-08-21T12:27:57.6643687Z 
2025-08-21T12:27:57.6643890Z #61 [api stage-1 6/6] RUN chmod +x /app/entrypoint.sh
2025-08-21T12:27:57.6644349Z #61 DONE 0.1s
2025-08-21T12:27:57.8158383Z 
2025-08-21T12:27:57.8159374Z #62 [api] exporting to image
2025-08-21T12:27:57.8160077Z #62 exporting layers
2025-08-21T12:28:00.0266650Z #62 exporting layers 2.4s done
2025-08-21T12:28:00.2114316Z #62 writing image sha256:74145ea66fe92fb70b8c7054455bcd969eb81ff2879e7cd360a30ced81e4e15b done
2025-08-21T12:28:00.2115083Z #62 naming to docker.io/library/awa-app-api done
2025-08-21T12:28:00.2115421Z #62 DONE 2.4s
2025-08-21T12:28:00.2115581Z 
2025-08-21T12:28:00.2115715Z #63 [api] resolving provenance for metadata file
2025-08-21T12:28:00.2116038Z #63 DONE 0.0s
2025-08-21T12:28:00.2116156Z 
2025-08-21T12:28:00.2116558Z #35 [etl base 4/7] RUN if [ -n "" ] && [ -f "" ]; then         pip install -r requirements.txt -c "";     else         pip install -r requirements.txt;     fi
2025-08-21T12:28:00.3240392Z #35 27.70 Successfully installed PyJWT-2.10.1 aiohappyeyeballs-2.6.1 aiohttp-3.12.15 aiosignal-1.4.0 amqp-5.3.1 annotated-types-0.7.0 attrs-25.3.0 billiard-4.2.1 boto3-1.40.14 botocore-1.40.14 cachetools-4.2.4 celery-5.3.6 certifi-2025.8.3 charset_normalizer-3.4.3 click-8.2.1 click-didyoumean-0.3.1 click-plugins-1.1.1.2 click-repl-0.3.0 confuse-1.4.0 et-xmlfile-2.0.0 frozenlist-1.7.0 idna-3.10 jmespath-1.0.1 keepa-1.3.14 kombu-5.5.4 minio-7.1.15 multidict-6.6.4 multimethod-1.10 mypy-extensions-1.1.0 numpy-1.26.4 openpyxl-3.1.5 packaging-25.0 pandas-2.2.3 pandera-0.19.3 prompt-toolkit-3.0.51 propcache-0.3.2 psycopg-3.2.9 psycopg-binary-3.2.9 psycopg2-binary-2.9.10 pycryptodome-3.23.0 pydantic-2.11.7 pydantic-core-2.33.2 pydantic-settings-2.2.1 python-amazon-sp-api-0.8.0 python-dateutil-2.9.0.post0 python-dotenv-1.1.1 pytz-2025.2 pyyaml-6.0.2 redis-5.3.1 requests-2.32.5 s3transfer-0.13.1 six-1.17.0 tqdm-4.67.1 typeguard-4.4.4 typing-extensions-4.14.1 typing-inspect-0.9.0 typing-inspection-0.4.1 tzdata-2025.2 urllib3-2.5.0 vine-5.1.0 wcwidth-0.2.13 wrapt-1.17.3 yarl-1.20.1
2025-08-21T12:28:00.5537738Z #35 27.70 WARNING: Running pip as the 'root' user can result in broken permissions and conflicting behaviour with the system package manager, possibly rendering your system unusable. It is recommended to use a virtual environment instead: https://pip.pypa.io/warnings/venv. Use the --root-user-action option if you know what you are doing and want to suppress this warning.
2025-08-21T12:28:00.5539650Z #35 27.78 
2025-08-21T12:28:00.5539947Z #35 27.78 [notice] A new release of pip is available: 25.0.1 -> 25.2
2025-08-21T12:28:00.5540859Z #35 27.78 [notice] To update, run: pip install --upgrade pip
2025-08-21T12:28:00.9241264Z #35 DONE 28.2s
2025-08-21T12:28:00.9241727Z 
2025-08-21T12:28:00.9242497Z #64 [celery_worker base 5/7] COPY services/common/ ./services/common
2025-08-21T12:28:00.9243084Z #64 DONE 0.0s
2025-08-21T12:28:00.9243258Z 
2025-08-21T12:28:00.9243495Z #65 [celery_worker base 6/7] COPY services/etl/ ./services/etl
2025-08-21T12:28:00.9243990Z #65 DONE 0.0s
2025-08-21T12:28:00.9244157Z 
2025-08-21T12:28:00.9244569Z #66 [celery_worker base 7/7] RUN chmod +x services/etl/wait-for-it.sh services/etl/entrypoint.sh
2025-08-21T12:28:01.0745765Z #66 DONE 0.1s
2025-08-21T12:28:02.2396768Z 
2025-08-21T12:28:02.2397822Z #67 [celery_worker stage-1 3/5] COPY --from=base /usr/local /usr/local
2025-08-21T12:28:04.9509550Z #67 DONE 2.6s
2025-08-21T12:28:04.9509815Z 
2025-08-21T12:28:04.9510038Z #68 [etl stage-1 4/5] COPY --from=base /app /app
2025-08-21T12:28:04.9510559Z #68 DONE 0.0s
2025-08-21T12:28:04.9510713Z 
2025-08-21T12:28:04.9511730Z #69 [etl stage-1 5/5] RUN set -eux;     if [ -f /etc/apt/sources.list ]; then         sed -i 's|http://deb.debian.org|https://deb.debian.org|g' /etc/apt/sources.list;     fi;     apt-get update;     apt-get install -y --no-install-recommends tzdata;     rm -rf /var/lib/apt/lists/*
2025-08-21T12:28:04.9512998Z #69 0.123 + [ -f /etc/apt/sources.list ]
2025-08-21T12:28:04.9513332Z #69 0.123 + apt-get update
2025-08-21T12:28:05.0908549Z #69 0.174 Hit:1 http://deb.debian.org/debian trixie InRelease
2025-08-21T12:28:05.0909678Z #69 0.174 Get:2 http://deb.debian.org/debian trixie-updates InRelease [47.1 kB]
2025-08-21T12:28:05.0910665Z #69 0.182 Get:3 http://deb.debian.org/debian-security trixie-security InRelease [43.4 kB]
2025-08-21T12:28:05.0911632Z #69 0.196 Get:4 http://deb.debian.org/debian trixie/main amd64 Packages [9668 kB]
2025-08-21T12:28:05.0912589Z #69 0.262 Get:5 http://deb.debian.org/debian trixie-updates/main amd64 Packages [2432 B]
2025-08-21T12:28:05.2413645Z #69 0.263 Get:6 http://deb.debian.org/debian-security trixie-security/main amd64 Packages [20.5 kB]
2025-08-21T12:28:05.8768380Z #69 0.898 Fetched 9781 kB in 1s (13.0 MB/s)
2025-08-21T12:28:06.4065411Z #69 0.898 Reading package lists...
2025-08-21T12:28:06.4065962Z #69 1.420 + apt-get install -y --no-install-recommends tzdata
2025-08-21T12:28:06.8923144Z #69 1.428 Reading package lists...
2025-08-21T12:28:07.0425436Z #69 1.933 Building dependency tree...
2025-08-21T12:28:07.0425901Z #69 2.064 Reading state information...
2025-08-21T12:28:07.2199587Z #69 2.214 tzdata is already the newest version (2025b-4).
2025-08-21T12:28:07.2201290Z #69 2.214 0 upgraded, 0 newly installed, 0 to remove and 0 not upgraded.
2025-08-21T12:28:07.2206480Z #69 2.215 + rm -rf /var/lib/apt/lists/auxfiles /var/lib/apt/lists/deb.debian.org_debian-security_dists_trixie-security_InRelease /var/lib/apt/lists/deb.debian.org_debian-security_dists_trixie-security_main_binary-amd64_Packages.lz4 /var/lib/apt/lists/deb.debian.org_debian_dists_trixie-updates_InRelease /var/lib/apt/lists/deb.debian.org_debian_dists_trixie-updates_main_binary-amd64_Packages.lz4 /var/lib/apt/lists/deb.debian.org_debian_dists_trixie_InRelease /var/lib/apt/lists/deb.debian.org_debian_dists_trixie_main_binary-amd64_Packages.lz4 /var/lib/apt/lists/lock /var/lib/apt/lists/partial
2025-08-21T12:28:07.2209856Z #69 DONE 2.2s
2025-08-21T12:28:07.2210035Z 
2025-08-21T12:28:07.2210188Z #70 [celery_worker] exporting to image
2025-08-21T12:28:07.2210584Z #70 exporting layers
2025-08-21T12:28:09.3094157Z #70 exporting layers 2.2s done
2025-08-21T12:28:09.3494592Z #70 writing image sha256:98db0aa64c35446c4b33bd14e3c2c43fa7ecab5f59fea7df813aa447e15933f2 done
2025-08-21T12:28:09.3495498Z #70 naming to docker.io/library/awa-app-celery_worker done
2025-08-21T12:28:09.3495973Z #70 DONE 2.3s
2025-08-21T12:28:09.3496138Z 
2025-08-21T12:28:09.3496276Z #71 [etl] exporting to image
2025-08-21T12:28:09.3496631Z #71 exporting layers 2.2s done
2025-08-21T12:28:09.3497311Z #71 writing image sha256:98db0aa64c35446c4b33bd14e3c2c43fa7ecab5f59fea7df813aa447e15933f2 done
2025-08-21T12:28:09.3499066Z #71 naming to docker.io/library/awa-app-etl done
2025-08-21T12:28:09.3499493Z #71 DONE 2.3s
2025-08-21T12:28:09.3499653Z 
2025-08-21T12:28:09.3499824Z #72 [etl] resolving provenance for metadata file
2025-08-21T12:28:09.3500237Z #72 DONE 0.0s
2025-08-21T12:28:09.3500386Z 
2025-08-21T12:28:09.3500525Z #73 [celery_worker] resolving provenance for metadata file
2025-08-21T12:28:09.3500810Z #73 DONE 0.0s
2025-08-21T12:28:09.3500990Z  fees_h10  Built
2025-08-21T12:28:09.3501155Z  api  Built
2025-08-21T12:28:09.3501323Z  celery_worker  Built
2025-08-21T12:28:09.3501503Z  postgres  Built
2025-08-21T12:28:09.3501852Z  etl  Built
2025-08-21T12:28:09.3566814Z ##[group]Run export COMPOSE_DOCKER_CLI_BUILD=1 DOCKER_BUILDKIT=1
2025-08-21T12:28:09.3567305Z [36;1mexport COMPOSE_DOCKER_CLI_BUILD=1 DOCKER_BUILDKIT=1[0m
2025-08-21T12:28:09.3567622Z [36;1mdocker compose \[0m
2025-08-21T12:28:09.3567848Z [36;1m  -f docker-compose.yml \[0m
2025-08-21T12:28:09.3568129Z [36;1m  -f docker-compose.ci.yml \[0m
2025-08-21T12:28:09.3568400Z [36;1m  -f docker-compose.postgres.yml \[0m
2025-08-21T12:28:09.3568932Z [36;1m  pull[0m
2025-08-21T12:28:09.3612207Z shell: /usr/bin/bash -e {0}
2025-08-21T12:28:09.3612445Z env:
2025-08-21T12:28:09.3612667Z   GITHUB_SHA: 93358a0048700600171f4d16062335db0bbdf0af
2025-08-21T12:28:09.3612954Z   PG_USER: postgres
2025-08-21T12:28:09.3613151Z   PG_PASSWORD: pass
2025-08-21T12:28:09.3613327Z   PG_DATABASE: awa
2025-08-21T12:28:09.3613513Z   PG_HOST: postgres
2025-08-21T12:28:09.3613688Z   PG_PORT: 5432
2025-08-21T12:28:09.3614264Z   PG_SYNC_DSN: ***localhost:5432/awa
2025-08-21T12:28:09.3614801Z   PG_ASYNC_DSN: ***localhost:5432/awa
2025-08-21T12:28:09.3615210Z   DATABASE_URL: ***postgres:5432/awa
2025-08-21T12:28:09.3615460Z   DATA_DIR: /tmp/awa-data
2025-08-21T12:28:09.3615659Z   ENABLE_LIVE: 0
2025-08-21T12:28:09.3615836Z   TESTING: 1
2025-08-21T12:28:09.3616003Z ##[endgroup]
2025-08-21T12:28:09.4698334Z  celery_worker Skipped - No image to be pulled 
2025-08-21T12:28:09.4699507Z  etl Skipped - No image to be pulled 
2025-08-21T12:28:09.4700161Z  fees_h10 Skipped - No image to be pulled 
2025-08-21T12:28:09.4700575Z  api Skipped - No image to be pulled 
2025-08-21T12:28:09.4701228Z  postgres Skipped - No image to be pulled 
2025-08-21T12:28:09.4701869Z  redis Pulling 
2025-08-21T12:28:09.4702161Z  minio Pulling 
2025-08-21T12:28:09.7488336Z  dd15713b0f22 Pulling fs layer 
2025-08-21T12:28:09.7489088Z  fd312a3c94fc Pulling fs layer 
2025-08-21T12:28:09.7489574Z  02e05d20c69e Pulling fs layer 
2025-08-21T12:28:09.7490054Z  1f08d9fb7d7d Pulling fs layer 
2025-08-21T12:28:09.7490560Z  b452b5fb7338 Pulling fs layer 
2025-08-21T12:28:09.7491040Z  e14ab7c7ae26 Pulling fs layer 
2025-08-21T12:28:09.7491506Z  3bf7f4428838 Pulling fs layer 
2025-08-21T12:28:09.7491969Z  adc9ba906e83 Pulling fs layer 
2025-08-21T12:28:09.7492277Z  1611ffcaf8be Pulling fs layer 
2025-08-21T12:28:09.7492626Z  e14ab7c7ae26 Waiting 
2025-08-21T12:28:09.7492935Z  3bf7f4428838 Waiting 
2025-08-21T12:28:09.7493185Z  1f08d9fb7d7d Waiting 
2025-08-21T12:28:09.7493515Z  b452b5fb7338 Waiting 
2025-08-21T12:28:09.7493934Z  adc9ba906e83 Waiting 
2025-08-21T12:28:09.7494342Z  1611ffcaf8be Waiting 
2025-08-21T12:28:09.7577779Z  0368fd46e3c6 Pulling fs layer 
2025-08-21T12:28:09.7578549Z  4c55286bbede Pulling fs layer 
2025-08-21T12:28:09.7579162Z  5e28347af205 Pulling fs layer 
2025-08-21T12:28:09.7579547Z  311eca34042e Pulling fs layer 
2025-08-21T12:28:09.7579903Z  e6fe6f07e192 Pulling fs layer 
2025-08-21T12:28:09.7580233Z  a2cadbfeca72 Pulling fs layer 
2025-08-21T12:28:09.7580574Z  0368fd46e3c6 Waiting 
2025-08-21T12:28:09.7580896Z  4f4fb700ef54 Pulling fs layer 
2025-08-21T12:28:09.7581251Z  4c55286bbede Waiting 
2025-08-21T12:28:09.7581583Z  a976ed7e7808 Pulling fs layer 
2025-08-21T12:28:09.7581911Z  5e28347af205 Waiting 
2025-08-21T12:28:09.7582218Z  311eca34042e Waiting 
2025-08-21T12:28:09.7582507Z  4f4fb700ef54 Waiting 
2025-08-21T12:28:09.7582802Z  e6fe6f07e192 Waiting 
2025-08-21T12:28:09.7583374Z  a976ed7e7808 Waiting 
2025-08-21T12:28:09.7583706Z  a2cadbfeca72 Waiting 
2025-08-21T12:28:09.8258997Z  fd312a3c94fc Downloading [>                                                  ]  17.36kB/1.637MB
2025-08-21T12:28:09.8438480Z  dd15713b0f22 Downloading [>                                                  ]  73.56kB/7.24MB
2025-08-21T12:28:09.8513224Z  fd312a3c94fc Verifying Checksum 
2025-08-21T12:28:09.8513633Z  fd312a3c94fc Download complete 
2025-08-21T12:28:09.8708379Z  02e05d20c69e Downloading [>                                                  ]  2.301kB/122.7kB
2025-08-21T12:28:09.8771387Z  02e05d20c69e Downloading [==================================================>]  122.7kB/122.7kB
2025-08-21T12:28:09.8773873Z  02e05d20c69e Verifying Checksum 
2025-08-21T12:28:09.8774281Z  02e05d20c69e Download complete 
2025-08-21T12:28:09.8840445Z  dd15713b0f22 Verifying Checksum 
2025-08-21T12:28:09.8841723Z  dd15713b0f22 Download complete 
2025-08-21T12:28:09.8851528Z  dd15713b0f22 Extracting [>                                                  ]   98.3kB/7.24MB
2025-08-21T12:28:09.9525854Z  1f08d9fb7d7d Downloading [>                                                  ]  404.9kB/39.39MB
2025-08-21T12:28:09.9638148Z  b452b5fb7338 Downloading [>                                                  ]  115.7kB/11.19MB
2025-08-21T12:28:09.9856509Z  e14ab7c7ae26 Downloading [>                                                  ]  24.69kB/2.402MB
2025-08-21T12:28:09.9993913Z  dd15713b0f22 Extracting [==============>                                    ]  2.163MB/7.24MB
2025-08-21T12:28:10.0282402Z  e14ab7c7ae26 Verifying Checksum 
2025-08-21T12:28:10.0283144Z  e14ab7c7ae26 Download complete 
2025-08-21T12:28:10.0659673Z  1f08d9fb7d7d Downloading [==================>                                ]  14.55MB/39.39MB
2025-08-21T12:28:10.0662144Z  b452b5fb7338 Verifying Checksum 
2025-08-21T12:28:10.0662605Z  b452b5fb7338 Download complete 
2025-08-21T12:28:10.1313390Z  dd15713b0f22 Extracting [============================================>      ]  6.488MB/7.24MB
2025-08-21T12:28:10.1345151Z  3bf7f4428838 Downloading [>                                                  ]  2.302kB/180.3kB
2025-08-21T12:28:10.1411651Z  adc9ba906e83 Downloading [===>                                               ]     932B/11.88kB
2025-08-21T12:28:10.1413820Z  adc9ba906e83 Downloading [==================================================>]  11.88kB/11.88kB
2025-08-21T12:28:10.1415140Z  adc9ba906e83 Verifying Checksum 
2025-08-21T12:28:10.1415834Z  adc9ba906e83 Download complete 
2025-08-21T12:28:10.1453188Z  3bf7f4428838 Verifying Checksum 
2025-08-21T12:28:10.1453654Z  3bf7f4428838 Download complete 
2025-08-21T12:28:10.1596706Z  dd15713b0f22 Extracting [==================================================>]   7.24MB/7.24MB
2025-08-21T12:28:10.1668376Z  1f08d9fb7d7d Downloading [==================================>                ]  27.43MB/39.39MB
2025-08-21T12:28:10.1691413Z  dd15713b0f22 Pull complete 
2025-08-21T12:28:10.1704540Z  fd312a3c94fc Extracting [=>                                                 ]  32.77kB/1.637MB
2025-08-21T12:28:10.2100198Z  fd312a3c94fc Extracting [==================================================>]  1.637MB/1.637MB
2025-08-21T12:28:10.2122239Z  fd312a3c94fc Extracting [==================================================>]  1.637MB/1.637MB
2025-08-21T12:28:10.2245578Z  1611ffcaf8be Downloading [==================================================>]     498B/498B
2025-08-21T12:28:10.2246274Z  1611ffcaf8be Download complete 
2025-08-21T12:28:10.2257976Z  0368fd46e3c6 Downloading [>                                                  ]  36.96kB/3.638MB
2025-08-21T12:28:10.2730050Z  fd312a3c94fc Pull complete 
2025-08-21T12:28:10.2742510Z  02e05d20c69e Extracting [=============>                                     ]  32.77kB/122.7kB
2025-08-21T12:28:10.2755139Z  0368fd46e3c6 Downloading [==================================================>]  3.638MB/3.638MB
2025-08-21T12:28:10.2756168Z  0368fd46e3c6 Verifying Checksum 
2025-08-21T12:28:10.2758224Z  0368fd46e3c6 Download complete 
2025-08-21T12:28:10.2771758Z  02e05d20c69e Extracting [==================================================>]  122.7kB/122.7kB
2025-08-21T12:28:10.2774856Z  0368fd46e3c6 Extracting [>                                                  ]  65.54kB/3.638MB
2025-08-21T12:28:10.2802293Z  1f08d9fb7d7d Downloading [============================================>      ]   35.1MB/39.39MB
2025-08-21T12:28:10.2898850Z  02e05d20c69e Pull complete 
2025-08-21T12:28:10.3152001Z  4c55286bbede Downloading [=================================================> ]     935B/950B
2025-08-21T12:28:10.3153148Z  4c55286bbede Downloading [==================================================>]     950B/950B
2025-08-21T12:28:10.3153735Z  4c55286bbede Verifying Checksum 
2025-08-21T12:28:10.3154132Z  4c55286bbede Download complete 
2025-08-21T12:28:10.3566454Z  1f08d9fb7d7d Verifying Checksum 
2025-08-21T12:28:10.3567262Z  1f08d9fb7d7d Download complete 
2025-08-21T12:28:10.3594686Z  5e28347af205 Downloading [>                                                  ]  2.302kB/173.2kB
2025-08-21T12:28:10.3679292Z  1f08d9fb7d7d Extracting [>                                                  ]    426kB/39.39MB
2025-08-21T12:28:10.3707395Z  5e28347af205 Verifying Checksum 
2025-08-21T12:28:10.3707978Z  5e28347af205 Download complete 
2025-08-21T12:28:10.3736099Z  0368fd46e3c6 Extracting [==================================================>]  3.638MB/3.638MB
2025-08-21T12:28:10.3957343Z  311eca34042e Downloading [>                                                  ]  10.52kB/1.003MB
2025-08-21T12:28:10.3972348Z  0368fd46e3c6 Pull complete 
2025-08-21T12:28:10.3986085Z  4c55286bbede Extracting [==================================================>]     950B/950B
2025-08-21T12:28:10.3990162Z  4c55286bbede Extracting [==================================================>]     950B/950B
2025-08-21T12:28:10.4163666Z  311eca34042e Downloading [==================================================>]  1.003MB/1.003MB
2025-08-21T12:28:10.4166227Z  311eca34042e Verifying Checksum 
2025-08-21T12:28:10.4166634Z  311eca34042e Download complete 
2025-08-21T12:28:10.4233013Z  4c55286bbede Pull complete 
2025-08-21T12:28:10.4245928Z  5e28347af205 Extracting [=========>                                         ]  32.77kB/173.2kB
2025-08-21T12:28:10.4264425Z  5e28347af205 Extracting [==================================================>]  173.2kB/173.2kB
2025-08-21T12:28:10.4556997Z  a2cadbfeca72 Downloading [==================================================>]      99B/99B
2025-08-21T12:28:10.4557664Z  a2cadbfeca72 Verifying Checksum 
2025-08-21T12:28:10.4558066Z  a2cadbfeca72 Download complete 
2025-08-21T12:28:10.4566920Z  5e28347af205 Extracting [==================================================>]  173.2kB/173.2kB
2025-08-21T12:28:10.4593561Z  e6fe6f07e192 Downloading [>                                                  ]  126.4kB/12.41MB
2025-08-21T12:28:10.4696718Z  1f08d9fb7d7d Extracting [========>                                          ]  6.816MB/39.39MB
2025-08-21T12:28:10.4962117Z  4f4fb700ef54 Downloading [==================================================>]      32B/32B
2025-08-21T12:28:10.4962948Z  4f4fb700ef54 Verifying Checksum 
2025-08-21T12:28:10.4963409Z  4f4fb700ef54 Download complete 
2025-08-21T12:28:10.5279107Z  a976ed7e7808 Downloading [==================================================>]     574B/574B
2025-08-21T12:28:10.5280617Z  a976ed7e7808 Verifying Checksum 
2025-08-21T12:28:10.5281140Z  a976ed7e7808 Download complete 
2025-08-21T12:28:10.5603959Z  e6fe6f07e192 Downloading [==============================>                    ]  7.543MB/12.41MB
2025-08-21T12:28:10.5720146Z  1f08d9fb7d7d Extracting [================>                                  ]  12.78MB/39.39MB
2025-08-21T12:28:10.6210312Z  5e28347af205 Pull complete 
2025-08-21T12:28:10.6220670Z  311eca34042e Extracting [=>                                                 ]  32.77kB/1.003MB
2025-08-21T12:28:10.6447721Z  311eca34042e Extracting [==================================================>]  1.003MB/1.003MB
2025-08-21T12:28:10.6451218Z  311eca34042e Extracting [==================================================>]  1.003MB/1.003MB
2025-08-21T12:28:10.6564982Z  311eca34042e Pull complete 
2025-08-21T12:28:10.6623702Z  e6fe6f07e192 Downloading [==========================================>        ]  10.46MB/12.41MB
2025-08-21T12:28:10.6754421Z  1f08d9fb7d7d Extracting [===========================>                       ]   21.3MB/39.39MB
2025-08-21T12:28:10.6834974Z  e6fe6f07e192 Verifying Checksum 
2025-08-21T12:28:10.6835593Z  e6fe6f07e192 Download complete 
2025-08-21T12:28:10.6851686Z  e6fe6f07e192 Extracting [>                                                  ]  131.1kB/12.41MB
2025-08-21T12:28:10.7856693Z  e6fe6f07e192 Extracting [=====================>                             ]  5.243MB/12.41MB
2025-08-21T12:28:10.7892709Z  1f08d9fb7d7d Extracting [======================================>            ]  30.24MB/39.39MB
2025-08-21T12:28:10.8856483Z  e6fe6f07e192 Extracting [==================================================>]  12.41MB/12.41MB
2025-08-21T12:28:10.8946245Z  1f08d9fb7d7d Extracting [================================================>  ]  38.34MB/39.39MB
2025-08-21T12:28:10.9173681Z  1f08d9fb7d7d Extracting [==================================================>]  39.39MB/39.39MB
2025-08-21T12:28:10.9194793Z  e6fe6f07e192 Pull complete 
2025-08-21T12:28:10.9209608Z  a2cadbfeca72 Extracting [==================================================>]      99B/99B
2025-08-21T12:28:10.9216815Z  a2cadbfeca72 Extracting [==================================================>]      99B/99B
2025-08-21T12:28:10.9274011Z  1f08d9fb7d7d Pull complete 
2025-08-21T12:28:10.9296658Z  b452b5fb7338 Extracting [>                                                  ]  131.1kB/11.19MB
2025-08-21T12:28:10.9299269Z  a2cadbfeca72 Pull complete 
2025-08-21T12:28:10.9311540Z  4f4fb700ef54 Extracting [==================================================>]      32B/32B
2025-08-21T12:28:10.9316144Z  4f4fb700ef54 Extracting [==================================================>]      32B/32B
2025-08-21T12:28:10.9421126Z  4f4fb700ef54 Pull complete 
2025-08-21T12:28:10.9435236Z  a976ed7e7808 Extracting [==================================================>]     574B/574B
2025-08-21T12:28:10.9440731Z  a976ed7e7808 Extracting [==================================================>]     574B/574B
2025-08-21T12:28:10.9553084Z  a976ed7e7808 Pull complete 
2025-08-21T12:28:10.9622043Z  redis Pulled 
2025-08-21T12:28:11.0307581Z  b452b5fb7338 Extracting [==================================>                ]  7.733MB/11.19MB
2025-08-21T12:28:11.0652588Z  b452b5fb7338 Extracting [==================================================>]  11.19MB/11.19MB
2025-08-21T12:28:11.0829939Z  b452b5fb7338 Pull complete 
2025-08-21T12:28:11.0841766Z  e14ab7c7ae26 Extracting [>                                                  ]  32.77kB/2.402MB
2025-08-21T12:28:11.1106142Z  e14ab7c7ae26 Extracting [==================================================>]  2.402MB/2.402MB
2025-08-21T12:28:11.1187768Z  e14ab7c7ae26 Pull complete 
2025-08-21T12:28:11.1198866Z  3bf7f4428838 Extracting [=========>                                         ]  32.77kB/180.3kB
2025-08-21T12:28:11.1246901Z  3bf7f4428838 Extracting [==================================================>]  180.3kB/180.3kB
2025-08-21T12:28:11.1260061Z  3bf7f4428838 Extracting [==================================================>]  180.3kB/180.3kB
2025-08-21T12:28:11.1351011Z  3bf7f4428838 Pull complete 
2025-08-21T12:28:11.1361520Z  adc9ba906e83 Extracting [==================================================>]  11.88kB/11.88kB
2025-08-21T12:28:11.1365064Z  adc9ba906e83 Extracting [==================================================>]  11.88kB/11.88kB
2025-08-21T12:28:11.1440128Z  adc9ba906e83 Pull complete 
2025-08-21T12:28:11.1450282Z  1611ffcaf8be Extracting [==================================================>]     498B/498B
2025-08-21T12:28:11.1453340Z  1611ffcaf8be Extracting [==================================================>]     498B/498B
2025-08-21T12:28:11.1527542Z  1611ffcaf8be Pull complete 
2025-08-21T12:28:11.1590817Z  minio Pulled 
2025-08-21T12:28:11.1656667Z ##[group]Run export COMPOSE_DOCKER_CLI_BUILD=1 DOCKER_BUILDKIT=1
2025-08-21T12:28:11.1657134Z [36;1mexport COMPOSE_DOCKER_CLI_BUILD=1 DOCKER_BUILDKIT=1[0m
2025-08-21T12:28:11.1657439Z [36;1mdocker compose \[0m
2025-08-21T12:28:11.1657657Z [36;1m  -f docker-compose.yml \[0m
2025-08-21T12:28:11.1657911Z [36;1m  -f docker-compose.ci.yml \[0m
2025-08-21T12:28:11.1658180Z [36;1m  -f docker-compose.postgres.yml \[0m
2025-08-21T12:28:11.1658496Z [36;1m  up -d --wait --no-build --pull always[0m
2025-08-21T12:28:11.1701320Z shell: /usr/bin/bash -e {0}
2025-08-21T12:28:11.1701541Z env:
2025-08-21T12:28:11.1701750Z   GITHUB_SHA: 93358a0048700600171f4d16062335db0bbdf0af
2025-08-21T12:28:11.1702020Z   PG_USER: postgres
2025-08-21T12:28:11.1702215Z   PG_PASSWORD: pass
2025-08-21T12:28:11.1702397Z   PG_DATABASE: awa
2025-08-21T12:28:11.1702593Z   PG_HOST: postgres
2025-08-21T12:28:11.1702765Z   PG_PORT: 5432
2025-08-21T12:28:11.1703236Z   PG_SYNC_DSN: ***localhost:5432/awa
2025-08-21T12:28:11.1703695Z   PG_ASYNC_DSN: ***localhost:5432/awa
2025-08-21T12:28:11.1704074Z   DATABASE_URL: ***postgres:5432/awa
2025-08-21T12:28:11.1704310Z   DATA_DIR: /tmp/awa-data
2025-08-21T12:28:11.1704506Z   ENABLE_LIVE: 0
2025-08-21T12:28:11.1704680Z   TESTING: 1
2025-08-21T12:28:11.1704841Z ##[endgroup]
2025-08-21T12:28:11.2856860Z  redis Pulling 
2025-08-21T12:28:11.4471795Z  minio Pulling 
2025-08-21T12:28:11.4472162Z  redis Pulled 
2025-08-21T12:28:11.4703727Z  minio Pulled 
2025-08-21T12:28:11.4722309Z  Network awa-app_awa-net  Creating
2025-08-21T12:28:11.5105845Z  Network awa-app_awa-net  Created
2025-08-21T12:28:11.5149113Z  Volume "awa-app_awa-data"  Creating
2025-08-21T12:28:11.5162091Z  Volume "awa-app_awa-data"  Created
2025-08-21T12:28:11.5165772Z  Volume "awa-app_awa-pgdata"  Creating
2025-08-21T12:28:11.5175016Z  Volume "awa-app_awa-pgdata"  Created
2025-08-21T12:28:11.5177828Z  Volume "awa-app_miniodata"  Creating
2025-08-21T12:28:11.5185515Z  Volume "awa-app_miniodata"  Created
2025-08-21T12:28:11.5190740Z  Container awa-app-postgres-1  Creating
2025-08-21T12:28:11.5191748Z  Container awa-app-minio-1  Creating
2025-08-21T12:28:11.5192308Z  Container awa-app-redis-1  Creating
2025-08-21T12:28:11.5505463Z  Container awa-app-minio-1  Created
2025-08-21T12:28:11.5505993Z  Container awa-app-postgres-1  Created
2025-08-21T12:28:11.5512846Z  Container awa-app-etl-1  Creating
2025-08-21T12:28:11.5513726Z  Container awa-app-api-1  Creating
2025-08-21T12:28:11.5531009Z  Container awa-app-redis-1  Created
2025-08-21T12:28:11.5532349Z  Container awa-app-celery_worker-1  Creating
2025-08-21T12:28:11.5532858Z  Container awa-app-fees_h10-1  Creating
2025-08-21T12:28:11.5735835Z  Container awa-app-api-1  Created
2025-08-21T12:28:11.5737446Z  Container awa-app-etl-1  Created
2025-08-21T12:28:11.5755982Z  Container awa-app-fees_h10-1  Created
2025-08-21T12:28:11.5759546Z  Container awa-app-celery_worker-1  Created
2025-08-21T12:28:11.5776688Z  Container awa-app-minio-1  Starting
2025-08-21T12:28:11.5777331Z  Container awa-app-redis-1  Starting
2025-08-21T12:28:11.5777815Z  Container awa-app-postgres-1  Starting
2025-08-21T12:28:12.3045394Z  Container awa-app-redis-1  Started
2025-08-21T12:28:12.3155754Z  Container awa-app-postgres-1  Started
2025-08-21T12:28:12.3156636Z  Container awa-app-postgres-1  Waiting
2025-08-21T12:28:12.3157251Z  Container awa-app-postgres-1  Waiting
2025-08-21T12:28:12.3157683Z  Container awa-app-postgres-1  Waiting
2025-08-21T12:28:12.3158086Z  Container awa-app-redis-1  Waiting
2025-08-21T12:28:12.3271171Z  Container awa-app-minio-1  Started
2025-08-21T12:28:12.3272036Z  Container awa-app-postgres-1  Waiting
2025-08-21T12:28:17.8182234Z  Container awa-app-redis-1  Healthy
2025-08-21T12:28:17.8182782Z  Container awa-app-postgres-1  Healthy
2025-08-21T12:28:17.8183194Z  Container awa-app-fees_h10-1  Starting
2025-08-21T12:28:17.8183969Z  Container awa-app-postgres-1  Healthy
2025-08-21T12:28:17.8184422Z  Container awa-app-celery_worker-1  Starting
2025-08-21T12:28:17.8185146Z  Container awa-app-postgres-1  Healthy
2025-08-21T12:28:17.8185590Z  Container awa-app-api-1  Starting
2025-08-21T12:28:17.8294071Z  Container awa-app-postgres-1  Healthy
2025-08-21T12:28:17.8294847Z  Container awa-app-etl-1  Starting
2025-08-21T12:28:18.0141097Z  Container awa-app-fees_h10-1  Started
2025-08-21T12:28:18.0462975Z  Container awa-app-etl-1  Started
2025-08-21T12:28:18.0502167Z  Container awa-app-api-1  Started
2025-08-21T12:28:18.0710133Z  Container awa-app-celery_worker-1  Started
2025-08-21T12:28:18.0711060Z  Container awa-app-redis-1  Waiting
2025-08-21T12:28:18.0712064Z  Container awa-app-postgres-1  Waiting
2025-08-21T12:28:18.0712827Z  Container awa-app-minio-1  Waiting
2025-08-21T12:28:18.0714465Z  Container awa-app-fees_h10-1  Waiting
2025-08-21T12:28:18.0714939Z  Container awa-app-celery_worker-1  Waiting
2025-08-21T12:28:18.0715442Z  Container awa-app-api-1  Waiting
2025-08-21T12:28:18.0715865Z  Container awa-app-etl-1  Waiting
2025-08-21T12:28:18.5739877Z  Container awa-app-postgres-1  Healthy
2025-08-21T12:28:18.5741234Z  Container awa-app-redis-1  Healthy
2025-08-21T12:28:18.5742011Z  Container awa-app-minio-1  Healthy
2025-08-21T12:28:23.5712155Z  Container awa-app-etl-1  Healthy
2025-08-21T12:28:48.5718403Z  Container awa-app-fees_h10-1  Healthy
2025-08-21T12:30:19.0723216Z container awa-app-api-1 exited (1)
2025-08-21T12:30:19.0791107Z ##[error]Process completed with exit code 1.
2025-08-21T12:30:19.0852144Z ##[group]Run export COMPOSE_DOCKER_CLI_BUILD=1
2025-08-21T12:30:19.0852493Z [36;1mexport COMPOSE_DOCKER_CLI_BUILD=1[0m
2025-08-21T12:30:19.0852758Z [36;1mexport DOCKER_BUILDKIT=1[0m
2025-08-21T12:30:19.0853001Z [36;1mdocker compose logs > logs.txt[0m
2025-08-21T12:30:19.0892864Z shell: /usr/bin/bash -e {0}
2025-08-21T12:30:19.0893084Z env:
2025-08-21T12:30:19.0893280Z   GITHUB_SHA: 93358a0048700600171f4d16062335db0bbdf0af
2025-08-21T12:30:19.0893561Z   PG_USER: postgres
2025-08-21T12:30:19.0893743Z   PG_PASSWORD: pass
2025-08-21T12:30:19.0893920Z   PG_DATABASE: awa
2025-08-21T12:30:19.0894097Z   PG_HOST: postgres
2025-08-21T12:30:19.0894261Z   PG_PORT: 5432
2025-08-21T12:30:19.0894722Z   PG_SYNC_DSN: ***localhost:5432/awa
2025-08-21T12:30:19.0895100Z   PG_ASYNC_DSN: ***localhost:5432/awa
2025-08-21T12:30:19.0895453Z   DATABASE_URL: ***postgres:5432/awa
2025-08-21T12:30:19.0895680Z   DATA_DIR: /tmp/awa-data
2025-08-21T12:30:19.0895875Z   ENABLE_LIVE: 0
2025-08-21T12:30:19.0896070Z   TESTING: 1
2025-08-21T12:30:19.0896229Z ##[endgroup]
2025-08-21T12:30:19.1956596Z ##[group]Run actions/upload-artifact@v4
2025-08-21T12:30:19.1956894Z with:
2025-08-21T12:30:19.1957059Z   name: docker-logs
2025-08-21T12:30:19.1957247Z   path: logs.txt
2025-08-21T12:30:19.1957435Z   if-no-files-found: warn
2025-08-21T12:30:19.1957645Z   compression-level: 6
2025-08-21T12:30:19.1957829Z   overwrite: false
2025-08-21T12:30:19.1958021Z   include-hidden-files: false
2025-08-21T12:30:19.1958231Z env:
2025-08-21T12:30:19.1958423Z   GITHUB_SHA: 93358a0048700600171f4d16062335db0bbdf0af
2025-08-21T12:30:19.1958850Z   PG_USER: postgres
2025-08-21T12:30:19.1959041Z   PG_PASSWORD: pass
2025-08-21T12:30:19.1959218Z   PG_DATABASE: awa
2025-08-21T12:30:19.1959390Z   PG_HOST: postgres
2025-08-21T12:30:19.1959559Z   PG_PORT: 5432
2025-08-21T12:30:19.1960013Z   PG_SYNC_DSN: ***localhost:5432/awa
2025-08-21T12:30:19.1960411Z   PG_ASYNC_DSN: ***localhost:5432/awa
2025-08-21T12:30:19.1960773Z   DATABASE_URL: ***postgres:5432/awa
2025-08-21T12:30:19.1961029Z   DATA_DIR: /tmp/awa-data
2025-08-21T12:30:19.1961218Z   ENABLE_LIVE: 0
2025-08-21T12:30:19.1961381Z   TESTING: 1
2025-08-21T12:30:19.1961536Z ##[endgroup]
2025-08-21T12:30:19.4123309Z With the provided path, there will be 1 file uploaded
2025-08-21T12:30:19.4127743Z Artifact name is valid!
2025-08-21T12:30:19.4128987Z Root directory input is valid!
2025-08-21T12:30:19.5497604Z Beginning upload of artifact content to blob storage
2025-08-21T12:30:19.5929971Z Uploaded bytes 4507
2025-08-21T12:30:19.6063267Z Finished uploading artifact content to blob storage!
2025-08-21T12:30:19.6066600Z SHA256 digest of uploaded artifact zip is 2a428f8659b933040dcaab75e017de7e4c63fcf115f2153de6cbe8843887b5ea
2025-08-21T12:30:19.6068546Z Finalizing artifact upload
2025-08-21T12:30:19.6910924Z Artifact docker-logs.zip successfully finalized. Artifact ID 3818619442
2025-08-21T12:30:19.6912318Z Artifact docker-logs has been successfully uploaded! Final size is 4507 bytes. Artifact ID is 3818619442
2025-08-21T12:30:19.6920009Z Artifact download URL: https://github.com/AlexBomber12/AWA-App/actions/runs/17126782029/artifacts/3818619442
2025-08-21T12:30:19.7093126Z Post job cleanup.
2025-08-21T12:30:19.7933951Z [command]/usr/bin/git version
2025-08-21T12:30:19.7971527Z git version 2.51.0
2025-08-21T12:30:19.8009336Z Temporarily overriding HOME='/home/runner/work/_temp/016458c2-87b2-4c7c-a419-7324623a205f' before making global git config changes
2025-08-21T12:30:19.8010615Z Adding repository directory to the temporary git global config as a safe directory
2025-08-21T12:30:19.8015290Z [command]/usr/bin/git config --global --add safe.directory /home/runner/work/AWA-App/AWA-App
2025-08-21T12:30:19.8050936Z [command]/usr/bin/git config --local --name-only --get-regexp core\.sshCommand
2025-08-21T12:30:19.8083961Z [command]/usr/bin/git submodule foreach --recursive sh -c "git config --local --name-only --get-regexp 'core\.sshCommand' && git config --local --unset-all 'core.sshCommand' || :"
2025-08-21T12:30:19.8308407Z [command]/usr/bin/git config --local --name-only --get-regexp http\.https\:\/\/github\.com\/\.extraheader
2025-08-21T12:30:19.8331503Z http.https://github.com/.extraheader
2025-08-21T12:30:19.8341465Z [command]/usr/bin/git config --local --unset-all http.https://github.com/.extraheader
2025-08-21T12:30:19.8372001Z [command]/usr/bin/git submodule foreach --recursive sh -c "git config --local --name-only --get-regexp 'http\.https\:\/\/github\.com\/\.extraheader' && git config --local --unset-all 'http.https://github.com/.extraheader' || :"
2025-08-21T12:30:19.8715922Z Cleaning up orphan processes
