2025-08-16T23:12:01.6213377Z Current runner version: '2.327.1'
2025-08-16T23:12:01.6239067Z ##[group]Runner Image Provisioner
2025-08-16T23:12:01.6240046Z Hosted Compute Agent
2025-08-16T23:12:01.6240679Z Version: 20250812.370
2025-08-16T23:12:01.6241312Z Commit: 4a2b2bf7520004e3e907c2150c8cabe342a3da32
2025-08-16T23:12:01.6242026Z Build Date: 2025-08-12T16:08:14Z
2025-08-16T23:12:01.6242626Z ##[endgroup]
2025-08-16T23:12:01.6243227Z ##[group]Operating System
2025-08-16T23:12:01.6243762Z Ubuntu
2025-08-16T23:12:01.6244285Z 24.04.2
2025-08-16T23:12:01.6244737Z LTS
2025-08-16T23:12:01.6245200Z ##[endgroup]
2025-08-16T23:12:01.6245643Z ##[group]Runner Image
2025-08-16T23:12:01.6246300Z Image: ubuntu-24.04
2025-08-16T23:12:01.6246811Z Version: 20250810.1.0
2025-08-16T23:12:01.6247798Z Included Software: https://github.com/actions/runner-images/blob/ubuntu24/20250810.1/images/ubuntu/Ubuntu2404-Readme.md
2025-08-16T23:12:01.6249641Z Image Release: https://github.com/actions/runner-images/releases/tag/ubuntu24%2F20250810.1
2025-08-16T23:12:01.6250659Z ##[endgroup]
2025-08-16T23:12:01.6253153Z ##[group]GITHUB_TOKEN Permissions
2025-08-16T23:12:01.6255334Z Actions: write
2025-08-16T23:12:01.6255975Z Attestations: write
2025-08-16T23:12:01.6256498Z Checks: write
2025-08-16T23:12:01.6256953Z Contents: write
2025-08-16T23:12:01.6257506Z Deployments: write
2025-08-16T23:12:01.6258020Z Discussions: write
2025-08-16T23:12:01.6258846Z Issues: write
2025-08-16T23:12:01.6259396Z Metadata: read
2025-08-16T23:12:01.6259846Z Models: read
2025-08-16T23:12:01.6260336Z Packages: write
2025-08-16T23:12:01.6260853Z Pages: write
2025-08-16T23:12:01.6261379Z PullRequests: write
2025-08-16T23:12:01.6261948Z RepositoryProjects: write
2025-08-16T23:12:01.6262877Z SecurityEvents: write
2025-08-16T23:12:01.6263569Z Statuses: write
2025-08-16T23:12:01.6264041Z ##[endgroup]
2025-08-16T23:12:01.6266122Z Secret source: Actions
2025-08-16T23:12:01.6267220Z Prepare workflow directory
2025-08-16T23:12:01.6592010Z Prepare all required actions
2025-08-16T23:12:01.6630683Z Getting action download info
2025-08-16T23:12:01.9619171Z Download action repository 'actions/checkout@v4' (SHA:08eba0b27e820071cde6df949e0beb9ba4906955)
2025-08-16T23:12:02.4280270Z Download action repository 'actions/upload-artifact@v4' (SHA:ea165f8d65b6e75b540449e92b4886f43607fa02)
2025-08-16T23:12:02.6115915Z Complete job name: compose-health
2025-08-16T23:12:02.6792988Z ##[group]Run actions/checkout@v4
2025-08-16T23:12:02.6793824Z with:
2025-08-16T23:12:02.6794236Z   repository: AlexBomber12/AWA-App
2025-08-16T23:12:02.6794880Z   token: ***
2025-08-16T23:12:02.6795266Z   ssh-strict: true
2025-08-16T23:12:02.6795663Z   ssh-user: git
2025-08-16T23:12:02.6796054Z   persist-credentials: true
2025-08-16T23:12:02.6796512Z   clean: true
2025-08-16T23:12:02.6796917Z   sparse-checkout-cone-mode: true
2025-08-16T23:12:02.6797397Z   fetch-depth: 1
2025-08-16T23:12:02.6797786Z   fetch-tags: false
2025-08-16T23:12:02.6798343Z   show-progress: true
2025-08-16T23:12:02.6798755Z   lfs: false
2025-08-16T23:12:02.6799122Z   submodules: false
2025-08-16T23:12:02.6799547Z   set-safe-directory: true
2025-08-16T23:12:02.6800289Z ##[endgroup]
2025-08-16T23:12:02.7892256Z Syncing repository: AlexBomber12/AWA-App
2025-08-16T23:12:02.7894300Z ##[group]Getting Git version info
2025-08-16T23:12:02.7895451Z Working directory is '/home/runner/work/AWA-App/AWA-App'
2025-08-16T23:12:02.7897158Z [command]/usr/bin/git version
2025-08-16T23:12:02.7929150Z git version 2.50.1
2025-08-16T23:12:02.7955096Z ##[endgroup]
2025-08-16T23:12:02.7970661Z Temporarily overriding HOME='/home/runner/work/_temp/44bdbd36-3b32-48b7-bf89-48810968b629' before making global git config changes
2025-08-16T23:12:02.7973023Z Adding repository directory to the temporary git global config as a safe directory
2025-08-16T23:12:02.7983880Z [command]/usr/bin/git config --global --add safe.directory /home/runner/work/AWA-App/AWA-App
2025-08-16T23:12:02.8016737Z Deleting the contents of '/home/runner/work/AWA-App/AWA-App'
2025-08-16T23:12:02.8020833Z ##[group]Initializing the repository
2025-08-16T23:12:02.8025286Z [command]/usr/bin/git init /home/runner/work/AWA-App/AWA-App
2025-08-16T23:12:02.8083248Z hint: Using 'master' as the name for the initial branch. This default branch name
2025-08-16T23:12:02.8084582Z hint: is subject to change. To configure the initial branch name to use in all
2025-08-16T23:12:02.8085815Z hint: of your new repositories, which will suppress this warning, call:
2025-08-16T23:12:02.8086766Z hint:
2025-08-16T23:12:02.8087268Z hint: 	git config --global init.defaultBranch <name>
2025-08-16T23:12:02.8088488Z hint:
2025-08-16T23:12:02.8089482Z hint: Names commonly chosen instead of 'master' are 'main', 'trunk' and
2025-08-16T23:12:02.8091062Z hint: 'development'. The just-created branch can be renamed via this command:
2025-08-16T23:12:02.8092348Z hint:
2025-08-16T23:12:02.8093049Z hint: 	git branch -m <name>
2025-08-16T23:12:02.8093848Z hint:
2025-08-16T23:12:02.8094818Z hint: Disable this message with "git config set advice.defaultBranchName false"
2025-08-16T23:12:02.8096483Z Initialized empty Git repository in /home/runner/work/AWA-App/AWA-App/.git/
2025-08-16T23:12:02.8100113Z [command]/usr/bin/git remote add origin https://github.com/AlexBomber12/AWA-App
2025-08-16T23:12:02.8132666Z ##[endgroup]
2025-08-16T23:12:02.8133838Z ##[group]Disabling automatic garbage collection
2025-08-16T23:12:02.8137373Z [command]/usr/bin/git config --local gc.auto 0
2025-08-16T23:12:02.8165987Z ##[endgroup]
2025-08-16T23:12:02.8167201Z ##[group]Setting up auth
2025-08-16T23:12:02.8173415Z [command]/usr/bin/git config --local --name-only --get-regexp core\.sshCommand
2025-08-16T23:12:02.8203545Z [command]/usr/bin/git submodule foreach --recursive sh -c "git config --local --name-only --get-regexp 'core\.sshCommand' && git config --local --unset-all 'core.sshCommand' || :"
2025-08-16T23:12:02.8467708Z [command]/usr/bin/git config --local --name-only --get-regexp http\.https\:\/\/github\.com\/\.extraheader
2025-08-16T23:12:02.8497108Z [command]/usr/bin/git submodule foreach --recursive sh -c "git config --local --name-only --get-regexp 'http\.https\:\/\/github\.com\/\.extraheader' && git config --local --unset-all 'http.https://github.com/.extraheader' || :"
2025-08-16T23:12:02.8717172Z [command]/usr/bin/git config --local http.https://github.com/.extraheader AUTHORIZATION: basic ***
2025-08-16T23:12:02.8751184Z ##[endgroup]
2025-08-16T23:12:02.8752274Z ##[group]Fetching the repository
2025-08-16T23:12:02.8769228Z [command]/usr/bin/git -c protocol.version=2 fetch --no-tags --prune --no-recurse-submodules --depth=1 origin +58260334249d84dabf3231478f60be8fa1538493:refs/remotes/origin/main
2025-08-16T23:12:03.2180648Z From https://github.com/AlexBomber12/AWA-App
2025-08-16T23:12:03.2182635Z  * [new ref]         58260334249d84dabf3231478f60be8fa1538493 -> origin/main
2025-08-16T23:12:03.2203299Z ##[endgroup]
2025-08-16T23:12:03.2204491Z ##[group]Determining the checkout info
2025-08-16T23:12:03.2206098Z ##[endgroup]
2025-08-16T23:12:03.2210153Z [command]/usr/bin/git sparse-checkout disable
2025-08-16T23:12:03.2246542Z [command]/usr/bin/git config --local --unset-all extensions.worktreeConfig
2025-08-16T23:12:03.2275405Z ##[group]Checking out the ref
2025-08-16T23:12:03.2279436Z [command]/usr/bin/git checkout --progress --force -B main refs/remotes/origin/main
2025-08-16T23:12:03.2576529Z Switched to a new branch 'main'
2025-08-16T23:12:03.2579115Z branch 'main' set up to track 'origin/main'.
2025-08-16T23:12:03.2586764Z ##[endgroup]
2025-08-16T23:12:03.2619385Z [command]/usr/bin/git log -1 --format=%H
2025-08-16T23:12:03.2639566Z 58260334249d84dabf3231478f60be8fa1538493
2025-08-16T23:12:03.2853450Z ##[group]Run echo "GITHUB_SHA=${GITHUB_SHA}" >> "$GITHUB_ENV"
2025-08-16T23:12:03.2855171Z [36;1mecho "GITHUB_SHA=${GITHUB_SHA}" >> "$GITHUB_ENV"[0m
2025-08-16T23:12:03.2923883Z shell: /usr/bin/bash -e {0}
2025-08-16T23:12:03.2924878Z ##[endgroup]
2025-08-16T23:12:03.3075625Z ##[group]Run export COMPOSE_DOCKER_CLI_BUILD=1 DOCKER_BUILDKIT=1
2025-08-16T23:12:03.3077338Z [36;1mexport COMPOSE_DOCKER_CLI_BUILD=1 DOCKER_BUILDKIT=1[0m
2025-08-16T23:12:03.3079110Z [36;1mdocker compose \[0m
2025-08-16T23:12:03.3080086Z [36;1m  -f docker-compose.yml \[0m
2025-08-16T23:12:03.3081178Z [36;1m  -f docker-compose.ci.yml \[0m
2025-08-16T23:12:03.3082350Z [36;1m  -f docker-compose.postgres.yml \[0m
2025-08-16T23:12:03.3083528Z [36;1m  build --progress plain[0m
2025-08-16T23:12:03.3121127Z shell: /usr/bin/bash -e {0}
2025-08-16T23:12:03.3122055Z env:
2025-08-16T23:12:03.3122900Z   GITHUB_SHA: 58260334249d84dabf3231478f60be8fa1538493
2025-08-16T23:12:03.3124089Z ##[endgroup]
2025-08-16T23:12:05.3414883Z --progress is a global compose flag, better use `docker compose --progress xx build ...
2025-08-16T23:12:05.3775026Z time="2025-08-16T23:12:05Z" level=warning msg="/home/runner/work/AWA-App/AWA-App/docker-compose.postgres.yml: the attribute `version` is obsolete, it will be ignored, please remove it to avoid potential confusion"
2025-08-16T23:12:07.4998328Z #1 [internal] load local bake definitions
2025-08-16T23:12:07.6501518Z #1 reading from stdin 1.82kB done
2025-08-16T23:12:07.6502003Z #1 DONE 0.0s
2025-08-16T23:12:07.7874263Z 
2025-08-16T23:12:07.7874847Z #2 [api internal] load build definition from Dockerfile
2025-08-16T23:12:07.7875465Z #2 transferring dockerfile: 1.44kB done
2025-08-16T23:12:07.7875909Z #2 DONE 0.0s
2025-08-16T23:12:07.7876120Z 
2025-08-16T23:12:07.7876367Z #3 [fees_h10 internal] load build definition from Dockerfile
2025-08-16T23:12:07.7876851Z #3 transferring dockerfile: 627B done
2025-08-16T23:12:07.7877237Z #3 DONE 0.0s
2025-08-16T23:12:07.7877411Z 
2025-08-16T23:12:07.7877646Z #4 [etl internal] load build definition from Dockerfile
2025-08-16T23:12:07.7878402Z #4 transferring dockerfile: 1.15kB done
2025-08-16T23:12:07.7878706Z #4 DONE 0.0s
2025-08-16T23:12:07.7878822Z 
2025-08-16T23:12:07.7879198Z #5 [logistics_etl internal] load build definition from Dockerfile
2025-08-16T23:12:07.7879545Z #5 transferring dockerfile: 578B done
2025-08-16T23:12:07.7879774Z #5 DONE 0.0s
2025-08-16T23:12:07.7879892Z 
2025-08-16T23:12:07.7880045Z #6 [postgres internal] load build definition from Dockerfile
2025-08-16T23:12:07.7880367Z #6 transferring dockerfile: 807B done
2025-08-16T23:12:07.7880599Z #6 DONE 0.0s
2025-08-16T23:12:07.7880713Z 
2025-08-16T23:12:07.7880878Z #7 [auth] library/postgres:pull token for registry-1.docker.io
2025-08-16T23:12:07.9379216Z #7 DONE 0.0s
2025-08-16T23:12:07.9379532Z 
2025-08-16T23:12:07.9379843Z #8 [auth] docker/dockerfile:pull token for registry-1.docker.io
2025-08-16T23:12:07.9380435Z #8 DONE 0.0s
2025-08-16T23:12:07.9380645Z 
2025-08-16T23:12:07.9382981Z #9 [logistics_etl] resolve image config for docker-image://docker.io/docker/dockerfile:1.6
2025-08-16T23:12:08.3079568Z #9 DONE 0.5s
2025-08-16T23:12:08.3079974Z 
2025-08-16T23:12:08.3080392Z #10 [postgres internal] load metadata for docker.io/library/postgres:16
2025-08-16T23:12:08.3080905Z #10 DONE 0.5s
2025-08-16T23:12:08.3081098Z 
2025-08-16T23:12:08.3081232Z #11 [postgres internal] load .dockerignore
2025-08-16T23:12:08.3081551Z #11 transferring context: 265B done
2025-08-16T23:12:08.3081779Z #11 DONE 0.0s
2025-08-16T23:12:08.3081888Z 
2025-08-16T23:12:08.3081981Z #12 [postgres internal] load build context
2025-08-16T23:12:08.3082237Z #12 transferring context: 582B done
2025-08-16T23:12:08.3082466Z #12 DONE 0.0s
2025-08-16T23:12:08.3082571Z 
2025-08-16T23:12:08.3083056Z #13 [logistics_etl] docker-image://docker.io/docker/dockerfile:1.6@sha256:ac85f380a63b13dfcefa89046420e1781752bab202122f8f50032edf31be0021
2025-08-16T23:12:08.3083894Z #13 resolve docker.io/docker/dockerfile:1.6@sha256:ac85f380a63b13dfcefa89046420e1781752bab202122f8f50032edf31be0021 done
2025-08-16T23:12:08.3084570Z #13 sha256:657fcc512c7369f4cb3d94ea329150f8daf626bc838b1a1e81f1834c73ecc77e 482B / 482B done
2025-08-16T23:12:08.3085530Z #13 sha256:a17ee7fff8f5e97b974f5b48f51647d2cf28d543f2aa6c11aaa0ea431b44bb89 1.27kB / 1.27kB done
2025-08-16T23:12:08.3086171Z #13 sha256:9d9c93f4b00be908ab694a4df732570bced3b8a96b7515d70ff93402179ad232 5.24MB / 11.80MB 0.1s
2025-08-16T23:12:08.3086924Z #13 sha256:ac85f380a63b13dfcefa89046420e1781752bab202122f8f50032edf31be0021 8.40kB / 8.40kB done
2025-08-16T23:12:08.4083891Z #13 sha256:657fcc512c7369f4cb3d94ea329150f8daf626bc838b1a1e81f1834c73ecc77e 482B / 482B done
2025-08-16T23:12:08.4085031Z #13 sha256:a17ee7fff8f5e97b974f5b48f51647d2cf28d543f2aa6c11aaa0ea431b44bb89 1.27kB / 1.27kB done
2025-08-16T23:12:08.4086140Z #13 sha256:9d9c93f4b00be908ab694a4df732570bced3b8a96b7515d70ff93402179ad232 11.80MB / 11.80MB 0.2s done
2025-08-16T23:12:08.4087212Z #13 sha256:ac85f380a63b13dfcefa89046420e1781752bab202122f8f50032edf31be0021 8.40kB / 8.40kB done
2025-08-16T23:12:08.4088388Z #13 extracting sha256:9d9c93f4b00be908ab694a4df732570bced3b8a96b7515d70ff93402179ad232
2025-08-16T23:12:08.5494104Z #13 sha256:9d9c93f4b00be908ab694a4df732570bced3b8a96b7515d70ff93402179ad232 11.80MB / 11.80MB 0.2s done
2025-08-16T23:12:08.5495721Z #13 extracting sha256:9d9c93f4b00be908ab694a4df732570bced3b8a96b7515d70ff93402179ad232 0.1s done
2025-08-16T23:12:08.5497510Z #13 DONE 0.3s
2025-08-16T23:12:08.5497686Z 
2025-08-16T23:12:08.5498403Z #14 [postgres 1/6] FROM docker.io/library/postgres:16@sha256:66a5efb5677ffac1037774a0e141fd3a4c035c9c0c0e624c9cc980dfa10f45e5
2025-08-16T23:12:08.5499611Z #14 resolve docker.io/library/postgres:16@sha256:66a5efb5677ffac1037774a0e141fd3a4c035c9c0c0e624c9cc980dfa10f45e5 done
2025-08-16T23:12:08.5500707Z #14 sha256:396b1da7636e2dcd10565cb4f2f952cbb4a8a38b58d3b86a2cacb172fb70117c 7.34MB / 29.77MB 0.3s
2025-08-16T23:12:08.5501670Z #14 sha256:66a5efb5677ffac1037774a0e141fd3a4c035c9c0c0e624c9cc980dfa10f45e5 10.24kB / 10.24kB done
2025-08-16T23:12:08.5502599Z #14 sha256:4b802c5161ddfa2ae4beac272c4e24aa5e162a20451c8489cbb952a88507732f 9.89kB / 9.89kB done
2025-08-16T23:12:08.5503509Z #14 sha256:3084fa1fadd59e7633ec56d318f1e4de01be744f446c5c35df7cd801fbc34894 3.63kB / 3.63kB done
2025-08-16T23:12:08.5504518Z #14 sha256:fb850b0e3049060bf4eb46c8806d7ceea916d67e5cc56d6b295511e27463e56b 1.17kB / 1.17kB 0.1s done
2025-08-16T23:12:08.5505645Z #14 sha256:7f09385d08f9e8f578f9dad57582fff30d6ca3ef0f4d66ab5e1bf92c88862341 6.44MB / 6.44MB 0.2s done
2025-08-16T23:12:08.5506616Z #14 sha256:534f45d26d937460abe84bd086361a04c27e624a23f9384ff13f11c24c64c7bb 0B / 1.45MB 0.2s
2025-08-16T23:12:08.5507589Z #14 sha256:2b6532633f5d125e9a709f56f26af5a07390c859a5c77142b74da1d4e3c79fee 7.34MB / 8.20MB 0.3s
2025-08-16T23:12:08.5509978Z #14 sha256:320fa150e60fca9bb108771a06f08d5464ad8b7474b7bf3f4b44d723b686ee72 1.31MB / 1.31MB 0.3s done
2025-08-16T23:12:08.5511021Z #14 sha256:19947f6cc5d3035f6c922fa1d6047c79e044256ad948080adb59cec60717b9f8 0B / 116B 0.3s
2025-08-16T23:12:08.6544965Z #14 sha256:2b6532633f5d125e9a709f56f26af5a07390c859a5c77142b74da1d4e3c79fee 8.20MB / 8.20MB 0.3s done
2025-08-16T23:12:08.6546806Z #14 sha256:19947f6cc5d3035f6c922fa1d6047c79e044256ad948080adb59cec60717b9f8 116B / 116B 0.3s done
2025-08-16T23:12:08.6547458Z #14 sha256:e787bdd7824bfcb30d11087160de825f724620c952958f4f725c13421499b724 3.14kB / 3.14kB 0.4s done
2025-08-16T23:12:08.6548954Z #14 sha256:a1e4ad56dcecf442fba1cec05cd565ededfdc663e5172df9ef9394d96d4c96f8 0B / 113.19MB 0.4s
2025-08-16T23:12:08.6549561Z #14 sha256:987c1b4919ea2d87df20824aaef43a9de0575ac7df684579ad267c7e48c8eeea 0B / 10.01kB 0.4s
2025-08-16T23:12:08.8442087Z #14 ...
2025-08-16T23:12:08.8442334Z 
2025-08-16T23:12:08.8442521Z #15 [auth] library/python:pull token for registry-1.docker.io
2025-08-16T23:12:08.8442839Z #15 DONE 0.0s
2025-08-16T23:12:08.8442953Z 
2025-08-16T23:12:08.8443329Z #14 [postgres 1/6] FROM docker.io/library/postgres:16@sha256:66a5efb5677ffac1037774a0e141fd3a4c035c9c0c0e624c9cc980dfa10f45e5
2025-08-16T23:12:08.8444045Z #14 sha256:396b1da7636e2dcd10565cb4f2f952cbb4a8a38b58d3b86a2cacb172fb70117c 24.12MB / 29.77MB 0.6s
2025-08-16T23:12:08.8444687Z #14 sha256:a1e4ad56dcecf442fba1cec05cd565ededfdc663e5172df9ef9394d96d4c96f8 26.21MB / 113.19MB 0.6s
2025-08-16T23:12:08.8445653Z #14 sha256:987c1b4919ea2d87df20824aaef43a9de0575ac7df684579ad267c7e48c8eeea 10.01kB / 10.01kB 0.4s done
2025-08-16T23:12:08.8446302Z #14 sha256:f1b3502db45ad485f0affe43e32fc81d699ddac01c023f198271a0a7e1cecd4c 169B / 169B 0.6s done
2025-08-16T23:12:08.8447249Z #14 sha256:a858bd6d34e86a481a2e028e3ba489e662b3ac7713eba9a5d3bb97002c7d797e 128B / 128B 0.5s done
2025-08-16T23:12:08.8447930Z #14 sha256:25ef78fb127c1934630de29a3d38f46e544360b1dcf5cfc09b25507fbe88fd75 0B / 5.92kB 0.6s
2025-08-16T23:12:08.9975751Z #14 sha256:396b1da7636e2dcd10565cb4f2f952cbb4a8a38b58d3b86a2cacb172fb70117c 29.77MB / 29.77MB 0.7s done
2025-08-16T23:12:08.9987630Z #14 sha256:a1e4ad56dcecf442fba1cec05cd565ededfdc663e5172df9ef9394d96d4c96f8 33.55MB / 113.19MB 0.7s
2025-08-16T23:12:08.9989115Z #14 sha256:25ef78fb127c1934630de29a3d38f46e544360b1dcf5cfc09b25507fbe88fd75 5.92kB / 5.92kB 0.6s done
2025-08-16T23:12:08.9995920Z #14 extracting sha256:396b1da7636e2dcd10565cb4f2f952cbb4a8a38b58d3b86a2cacb172fb70117c
2025-08-16T23:12:08.9997510Z #14 sha256:240810240d04caaaccb11d51ba7c3a7f7d6f470ec2a80ee420a3d33899d9a303 184B / 184B 0.7s done
2025-08-16T23:12:09.1437129Z #14 ...
2025-08-16T23:12:09.1437419Z 
2025-08-16T23:12:09.1438010Z #16 [fees_h10 internal] load metadata for docker.io/library/python:3.12-slim
2025-08-16T23:12:09.1438785Z #16 DONE 0.4s
2025-08-16T23:12:09.1439126Z 
2025-08-16T23:12:09.1439676Z #17 [logistics_etl internal] load .dockerignore
2025-08-16T23:12:09.1440161Z #17 transferring context: 2B done
2025-08-16T23:12:09.1440530Z #17 DONE 0.0s
2025-08-16T23:12:09.1440701Z 
2025-08-16T23:12:09.1440865Z #18 [fees_h10 internal] load .dockerignore
2025-08-16T23:12:09.1441300Z #18 transferring context: 2B done
2025-08-16T23:12:09.1441665Z #18 DONE 0.0s
2025-08-16T23:12:09.1441830Z 
2025-08-16T23:12:09.1441973Z #19 [api internal] load .dockerignore
2025-08-16T23:12:09.1442395Z #19 transferring context: 265B done
2025-08-16T23:12:09.1442919Z #19 DONE 0.0s
2025-08-16T23:12:09.1443251Z 
2025-08-16T23:12:09.1443695Z #20 [etl internal] load .dockerignore
2025-08-16T23:12:09.1444126Z #20 transferring context: 265B done
2025-08-16T23:12:09.1444524Z #20 DONE 0.0s
2025-08-16T23:12:09.1444717Z 
2025-08-16T23:12:09.1445321Z #14 [postgres 1/6] FROM docker.io/library/postgres:16@sha256:66a5efb5677ffac1037774a0e141fd3a4c035c9c0c0e624c9cc980dfa10f45e5
2025-08-16T23:12:09.1446586Z #14 sha256:a1e4ad56dcecf442fba1cec05cd565ededfdc663e5172df9ef9394d96d4c96f8 60.82MB / 113.19MB 0.9s
2025-08-16T23:12:09.2527154Z #14 sha256:a1e4ad56dcecf442fba1cec05cd565ededfdc663e5172df9ef9394d96d4c96f8 70.25MB / 113.19MB 1.0s
2025-08-16T23:12:09.6442900Z #14 sha256:a1e4ad56dcecf442fba1cec05cd565ededfdc663e5172df9ef9394d96d4c96f8 79.69MB / 113.19MB 1.4s
2025-08-16T23:12:09.8441805Z #14 sha256:a1e4ad56dcecf442fba1cec05cd565ededfdc663e5172df9ef9394d96d4c96f8 88.08MB / 113.19MB 1.6s
2025-08-16T23:12:10.0217483Z #14 sha256:a1e4ad56dcecf442fba1cec05cd565ededfdc663e5172df9ef9394d96d4c96f8 100.66MB / 113.19MB 1.7s
2025-08-16T23:12:10.1320246Z #14 ...
2025-08-16T23:12:10.1320494Z 
2025-08-16T23:12:10.1320637Z #21 [etl internal] load build context
2025-08-16T23:12:10.1321077Z #21 transferring context: 11.44kB 0.0s done
2025-08-16T23:12:10.1321457Z #21 DONE 0.0s
2025-08-16T23:12:10.1321620Z 
2025-08-16T23:12:10.1321786Z #22 [logistics_etl internal] load build context
2025-08-16T23:12:10.1322226Z #22 transferring context: 11.24kB 0.0s done
2025-08-16T23:12:10.1322605Z #22 DONE 0.1s
2025-08-16T23:12:10.1322762Z 
2025-08-16T23:12:10.1322910Z #23 [fees_h10 internal] load build context
2025-08-16T23:12:10.1323347Z #23 transferring context: 4.52kB 0.0s done
2025-08-16T23:12:10.1323739Z #23 DONE 0.1s
2025-08-16T23:12:10.1323909Z 
2025-08-16T23:12:10.1324060Z #24 [api internal] load build context
2025-08-16T23:12:10.1324482Z #24 transferring context: 79.45kB 0.0s done
2025-08-16T23:12:10.1324895Z #24 DONE 0.1s
2025-08-16T23:12:10.1325066Z 
2025-08-16T23:12:10.1326037Z #14 [postgres 1/6] FROM docker.io/library/postgres:16@sha256:66a5efb5677ffac1037774a0e141fd3a4c035c9c0c0e624c9cc980dfa10f45e5
2025-08-16T23:12:10.1327398Z #14 sha256:a1e4ad56dcecf442fba1cec05cd565ededfdc663e5172df9ef9394d96d4c96f8 106.95MB / 113.19MB 1.8s
2025-08-16T23:12:10.3319903Z #14 sha256:a1e4ad56dcecf442fba1cec05cd565ededfdc663e5172df9ef9394d96d4c96f8 113.19MB / 113.19MB 1.9s done
2025-08-16T23:12:10.6182104Z #14 extracting sha256:396b1da7636e2dcd10565cb4f2f952cbb4a8a38b58d3b86a2cacb172fb70117c 1.6s done
2025-08-16T23:12:10.6183218Z #14 extracting sha256:fb850b0e3049060bf4eb46c8806d7ceea916d67e5cc56d6b295511e27463e56b done
2025-08-16T23:12:10.6183983Z #14 extracting sha256:7f09385d08f9e8f578f9dad57582fff30d6ca3ef0f4d66ab5e1bf92c88862341
2025-08-16T23:12:10.8272409Z #14 extracting sha256:7f09385d08f9e8f578f9dad57582fff30d6ca3ef0f4d66ab5e1bf92c88862341 0.1s done
2025-08-16T23:12:10.8273624Z #14 extracting sha256:534f45d26d937460abe84bd086361a04c27e624a23f9384ff13f11c24c64c7bb
2025-08-16T23:12:10.9462173Z #14 extracting sha256:534f45d26d937460abe84bd086361a04c27e624a23f9384ff13f11c24c64c7bb 0.0s done
2025-08-16T23:12:10.9465241Z #14 extracting sha256:2b6532633f5d125e9a709f56f26af5a07390c859a5c77142b74da1d4e3c79fee
2025-08-16T23:12:11.2648903Z #14 extracting sha256:2b6532633f5d125e9a709f56f26af5a07390c859a5c77142b74da1d4e3c79fee 0.3s done
2025-08-16T23:12:11.2650020Z #14 extracting sha256:320fa150e60fca9bb108771a06f08d5464ad8b7474b7bf3f4b44d723b686ee72
2025-08-16T23:12:11.3710107Z #14 extracting sha256:320fa150e60fca9bb108771a06f08d5464ad8b7474b7bf3f4b44d723b686ee72 0.1s done
2025-08-16T23:12:11.3711181Z #14 extracting sha256:19947f6cc5d3035f6c922fa1d6047c79e044256ad948080adb59cec60717b9f8
2025-08-16T23:12:11.4728827Z #14 extracting sha256:19947f6cc5d3035f6c922fa1d6047c79e044256ad948080adb59cec60717b9f8 done
2025-08-16T23:12:11.4730728Z #14 extracting sha256:e787bdd7824bfcb30d11087160de825f724620c952958f4f725c13421499b724 done
2025-08-16T23:12:11.5989475Z #14 ...
2025-08-16T23:12:11.5989956Z 
2025-08-16T23:12:11.5990857Z #25 [fees_h10 stage-1 1/4] FROM docker.io/library/python:3.12-slim@sha256:d67a7b66b989ad6b6d6b10d428dcc5e0bfc3e5f88906e67d490c4d3daac57047
2025-08-16T23:12:11.6000008Z #25 resolve docker.io/library/python:3.12-slim@sha256:d67a7b66b989ad6b6d6b10d428dcc5e0bfc3e5f88906e67d490c4d3daac57047 done
2025-08-16T23:12:11.6008472Z #25 extracting sha256:396b1da7636e2dcd10565cb4f2f952cbb4a8a38b58d3b86a2cacb172fb70117c 0.5s done
2025-08-16T23:12:11.6009580Z #25 sha256:d67a7b66b989ad6b6d6b10d428dcc5e0bfc3e5f88906e67d490c4d3daac57047 10.37kB / 10.37kB done
2025-08-16T23:12:11.6010654Z #25 sha256:8f3d1de1b41cd7340a89b024d6f7a10043f7b0d07d97eb36ba76f22fcfa9a235 1.75kB / 1.75kB done
2025-08-16T23:12:11.6011701Z #25 sha256:bad5eac7befe06d25bef9d4d894d7467355bac08745c745a88977774933fa032 5.58kB / 5.58kB done
2025-08-16T23:12:11.6012754Z #25 sha256:396b1da7636e2dcd10565cb4f2f952cbb4a8a38b58d3b86a2cacb172fb70117c 29.77MB / 29.77MB done
2025-08-16T23:12:11.6013803Z #25 sha256:5d587318e932a89b94608393c99dd30ee5092a6991c1656f717bd4f4e13d60df 1.29MB / 1.29MB 0.1s done
2025-08-16T23:12:11.6014920Z #25 sha256:e5c05dcf47fbdb2f18dc242ad1b7f48fbd3813c0027ffcfb8e81e4aa7e0965f4 12.11MB / 12.11MB 0.3s done
2025-08-16T23:12:11.6016021Z #25 sha256:d76206d463c08ba2a3f7bbab2de2a933ad73f33ab4ab813eafe50c9dff9edc12 251B / 251B 0.1s done
2025-08-16T23:12:11.6017055Z #25 extracting sha256:5d587318e932a89b94608393c99dd30ee5092a6991c1656f717bd4f4e13d60df 0.1s done
2025-08-16T23:12:11.6018205Z #25 extracting sha256:e5c05dcf47fbdb2f18dc242ad1b7f48fbd3813c0027ffcfb8e81e4aa7e0965f4 0.7s done
2025-08-16T23:12:11.6019252Z #25 extracting sha256:d76206d463c08ba2a3f7bbab2de2a933ad73f33ab4ab813eafe50c9dff9edc12 done
2025-08-16T23:12:11.6019924Z #25 DONE 1.5s
2025-08-16T23:12:11.6020090Z 
2025-08-16T23:12:11.6020222Z #26 [api stage-1 2/4] WORKDIR /app
2025-08-16T23:12:11.6020586Z #26 DONE 0.0s
2025-08-16T23:12:11.6020754Z 
2025-08-16T23:12:11.6021043Z #27 [logistics_etl base 3/5] COPY requirements*.txt constraints.txt ./
2025-08-16T23:12:11.6021578Z #27 DONE 0.0s
2025-08-16T23:12:11.6021740Z 
2025-08-16T23:12:11.6022269Z #28 [fees_h10 base 3/5] COPY requirements*.txt constraints.txt ./
2025-08-16T23:12:11.6022770Z #28 DONE 0.0s
2025-08-16T23:12:11.6022930Z 
2025-08-16T23:12:11.6023207Z #29 [api base  3/12] COPY services/api/requirements.txt ./requirements.txt
2025-08-16T23:12:11.6023946Z #29 DONE 0.0s
2025-08-16T23:12:11.6024118Z 
2025-08-16T23:12:11.6024465Z #30 [etl base 3/5] COPY services/etl/requirements*.txt services/etl/constraints.txt ./
2025-08-16T23:12:11.6025058Z #30 DONE 0.0s
2025-08-16T23:12:11.6025238Z 
2025-08-16T23:12:11.6025835Z #14 [postgres 1/6] FROM docker.io/library/postgres:16@sha256:66a5efb5677ffac1037774a0e141fd3a4c035c9c0c0e624c9cc980dfa10f45e5
2025-08-16T23:12:11.6027139Z #14 extracting sha256:a1e4ad56dcecf442fba1cec05cd565ededfdc663e5172df9ef9394d96d4c96f8 0.1s
2025-08-16T23:12:15.7820304Z #14 ...
2025-08-16T23:12:15.7820577Z 
2025-08-16T23:12:15.7876398Z #31 [logistics_etl base 4/5] RUN if [ -n "" ] && [ -f "" ]; then         pip install -r requirements.txt -c "";     else         pip install -r requirements.txt;     fi
2025-08-16T23:12:15.7884512Z #31 3.583 WARNING: Running pip as the 'root' user can result in broken permissions and conflicting behaviour with the system package manager, possibly rendering your system unusable. It is recommended to use a virtual environment instead: https://pip.pypa.io/warnings/venv. Use the --root-user-action option if you know what you are doing and want to suppress this warning.
2025-08-16T23:12:15.7886784Z #31 3.706 
2025-08-16T23:12:15.7887191Z #31 3.706 [notice] A new release of pip is available: 25.0.1 -> 25.2
2025-08-16T23:12:15.7887789Z #31 3.706 [notice] To update, run: pip install --upgrade pip
2025-08-16T23:12:15.7888405Z #31 DONE 4.1s
2025-08-16T23:12:15.7888571Z 
2025-08-16T23:12:15.7888711Z #32 [logistics_etl base 5/5] COPY . .
2025-08-16T23:12:15.7889083Z #32 DONE 0.1s
2025-08-16T23:12:15.8715480Z 
2025-08-16T23:12:15.8720434Z #14 [postgres 1/6] FROM docker.io/library/postgres:16@sha256:66a5efb5677ffac1037774a0e141fd3a4c035c9c0c0e624c9cc980dfa10f45e5
2025-08-16T23:12:16.8565628Z #14 extracting sha256:a1e4ad56dcecf442fba1cec05cd565ededfdc663e5172df9ef9394d96d4c96f8 5.4s
2025-08-16T23:12:17.9293374Z #14 ...
2025-08-16T23:12:17.9293600Z 
2025-08-16T23:12:17.9293947Z #33 [logistics_etl stage-1 3/4] COPY --from=base /usr/local /usr/local
2025-08-16T23:12:17.9294491Z #33 DONE 1.5s
2025-08-16T23:12:18.0753043Z 
2025-08-16T23:12:18.0753548Z #34 [logistics_etl stage-1 4/4] COPY --from=base /app /app
2025-08-16T23:12:18.0754266Z #34 DONE 0.0s
2025-08-16T23:12:18.0754920Z 
2025-08-16T23:12:18.0756806Z #35 [logistics_etl] exporting to image
2025-08-16T23:12:18.0757434Z #35 exporting layers
2025-08-16T23:12:19.3648881Z #35 exporting layers 1.4s done
2025-08-16T23:12:19.3650125Z #35 writing image sha256:ad5dde5cc3a79473139ee26e6c81bd7915d44f9b1688d3b6b20898081ff64313 done
2025-08-16T23:12:19.3652543Z #35 naming to docker.io/library/awa-app-logistics_etl done
2025-08-16T23:12:19.3654096Z #35 DONE 1.4s
2025-08-16T23:12:19.3654296Z 
2025-08-16T23:12:19.3655666Z #36 [api stage-1 3/6] RUN set -eux;     if [ -f /etc/apt/sources.list ]; then         sed -i 's|http://deb.debian.org|https://deb.debian.org|g' /etc/apt/sources.list;     fi;     apt-get update;     apt-get install -y --no-install-recommends tzdata postgresql-client curl;     rm -rf /var/lib/apt/lists/*
2025-08-16T23:12:19.3663610Z #36 0.285 + [ -f /etc/apt/sources.list ]
2025-08-16T23:12:19.3664045Z #36 0.285 + apt-get update
2025-08-16T23:12:19.3664506Z #36 0.420 Hit:1 http://deb.debian.org/debian trixie InRelease
2025-08-16T23:12:19.3665183Z #36 0.420 Get:2 http://deb.debian.org/debian trixie-updates InRelease [47.1 kB]
2025-08-16T23:12:19.3702248Z #36 0.434 Get:3 http://deb.debian.org/debian-security trixie-security InRelease [43.4 kB]
2025-08-16T23:12:19.3703138Z #36 0.485 Get:4 http://deb.debian.org/debian trixie/main amd64 Packages [9668 kB]
2025-08-16T23:12:19.3703950Z #36 0.646 Get:5 http://deb.debian.org/debian trixie-updates/main amd64 Packages [2432 B]
2025-08-16T23:12:19.3710506Z #36 0.647 Get:6 http://deb.debian.org/debian-security trixie-security/main amd64 Packages [8780 B]
2025-08-16T23:12:19.3711272Z #36 1.770 Fetched 9769 kB in 1s (6741 kB/s)
2025-08-16T23:12:19.3711730Z #36 1.770 Reading package lists...
2025-08-16T23:12:19.3712581Z #36 2.702 + apt-get install -y --no-install-recommends tzdata postgresql-client curl
2025-08-16T23:12:19.3713238Z #36 2.726 Reading package lists...
2025-08-16T23:12:19.3713622Z #36 3.684 Building dependency tree...
2025-08-16T23:12:19.3714025Z #36 3.963 Reading state information...
2025-08-16T23:12:19.3714510Z #36 4.128 tzdata is already the newest version (2025b-4).
2025-08-16T23:12:19.3715049Z #36 4.128 The following additional packages will be installed:
2025-08-16T23:12:19.3715742Z #36 4.128   libbrotli1 libcom-err2 libcurl4t64 libgdbm-compat4t64 libgnutls30t64
2025-08-16T23:12:19.3716492Z #36 4.128   libgssapi-krb5-2 libidn2-0 libk5crypto3 libkeyutils1 libkrb5-3
2025-08-16T23:12:19.3717273Z #36 4.128   libkrb5support0 libldap2 libnghttp2-14 libnghttp3-9 libp11-kit0 libperl5.40
2025-08-16T23:12:19.3718305Z #36 4.128   libpq5 libpsl5t64 librtmp1 libsasl2-2 libsasl2-modules-db libssh2-1t64
2025-08-16T23:12:19.3725391Z #36 4.128   libtasn1-6 libunistring5 perl perl-modules-5.40 postgresql-client-17
2025-08-16T23:12:19.3726157Z #36 4.128   postgresql-client-common sensible-utils
2025-08-16T23:12:19.3726683Z #36 4.128 Suggested packages:
2025-08-16T23:12:19.3727259Z #36 4.128   gnutls-bin krb5-doc krb5-user perl-doc libterm-readline-gnu-perl
2025-08-16T23:12:19.3728234Z #36 4.128   | libterm-readline-perl-perl make libtap-harness-archive-perl postgresql-17
2025-08-16T23:12:19.3728901Z #36 4.128   postgresql-doc-17
2025-08-16T23:12:19.3729256Z #36 4.128 Recommended packages:
2025-08-16T23:12:19.3729850Z #36 4.128   bash-completion krb5-locales libldap-common publicsuffix libsasl2-modules
2025-08-16T23:12:19.3730555Z #36 4.421 The following NEW packages will be installed:
2025-08-16T23:12:19.3731224Z #36 4.422   curl libbrotli1 libcom-err2 libcurl4t64 libgdbm-compat4t64 libgnutls30t64
2025-08-16T23:12:19.3731990Z #36 4.422   libgssapi-krb5-2 libidn2-0 libk5crypto3 libkeyutils1 libkrb5-3
2025-08-16T23:12:19.3732821Z #36 4.422   libkrb5support0 libldap2 libnghttp2-14 libnghttp3-9 libp11-kit0 libperl5.40
2025-08-16T23:12:19.3733664Z #36 4.423   libpq5 libpsl5t64 librtmp1 libsasl2-2 libsasl2-modules-db libssh2-1t64
2025-08-16T23:12:19.3734432Z #36 4.423   libtasn1-6 libunistring5 perl perl-modules-5.40 postgresql-client
2025-08-16T23:12:19.3735170Z #36 4.423   postgresql-client-17 postgresql-client-common sensible-utils
2025-08-16T23:12:19.3735866Z #36 4.496 0 upgraded, 31 newly installed, 0 to remove and 0 not upgraded.
2025-08-16T23:12:19.3736398Z #36 4.496 Need to get 14.9 MB of archives.
2025-08-16T23:12:19.3736995Z #36 4.496 After this operation, 78.1 MB of additional disk space will be used.
2025-08-16T23:12:19.3737843Z #36 4.496 Get:1 http://deb.debian.org/debian trixie/main amd64 sensible-utils all 0.0.25 [25.0 kB]
2025-08-16T23:12:19.3749398Z #36 4.513 Get:2 http://deb.debian.org/debian trixie/main amd64 perl-modules-5.40 all 5.40.1-6 [3019 kB]
2025-08-16T23:12:19.3750441Z #36 4.596 Get:3 http://deb.debian.org/debian trixie/main amd64 libgdbm-compat4t64 amd64 1.24-2 [50.3 kB]
2025-08-16T23:12:19.3751406Z #36 4.601 Get:4 http://deb.debian.org/debian trixie/main amd64 libperl5.40 amd64 5.40.1-6 [4341 kB]
2025-08-16T23:12:19.3752289Z #36 4.629 Get:5 http://deb.debian.org/debian trixie/main amd64 perl amd64 5.40.1-6 [267 kB]
2025-08-16T23:12:19.3753169Z #36 4.634 Get:6 http://deb.debian.org/debian trixie/main amd64 libbrotli1 amd64 1.1.0-2+b7 [307 kB]
2025-08-16T23:12:19.3754089Z #36 4.635 Get:7 http://deb.debian.org/debian trixie/main amd64 libkrb5support0 amd64 1.21.3-5 [33.0 kB]
2025-08-16T23:12:19.3755042Z #36 4.639 Get:8 http://deb.debian.org/debian trixie/main amd64 libcom-err2 amd64 1.47.2-3+b3 [25.0 kB]
2025-08-16T23:12:19.3755967Z #36 4.639 Get:9 http://deb.debian.org/debian trixie/main amd64 libk5crypto3 amd64 1.21.3-5 [81.5 kB]
2025-08-16T23:12:19.3757081Z #36 4.640 Get:10 http://deb.debian.org/debian trixie/main amd64 libkeyutils1 amd64 1.6.3-6 [9456 B]
2025-08-16T23:12:19.3758183Z #36 4.641 Get:11 http://deb.debian.org/debian trixie/main amd64 libkrb5-3 amd64 1.21.3-5 [326 kB]
2025-08-16T23:12:19.3759297Z #36 4.649 Get:12 http://deb.debian.org/debian trixie/main amd64 libgssapi-krb5-2 amd64 1.21.3-5 [138 kB]
2025-08-16T23:12:19.3760241Z #36 4.649 Get:13 http://deb.debian.org/debian trixie/main amd64 libunistring5 amd64 1.3-2 [477 kB]
2025-08-16T23:12:19.3761114Z #36 4.655 Get:14 http://deb.debian.org/debian trixie/main amd64 libidn2-0 amd64 2.3.8-2 [109 kB]
2025-08-16T23:12:19.3762092Z #36 4.655 Get:15 http://deb.debian.org/debian trixie/main amd64 libsasl2-modules-db amd64 2.1.28+dfsg1-9 [19.8 kB]
2025-08-16T23:12:19.3763117Z #36 4.656 Get:16 http://deb.debian.org/debian trixie/main amd64 libsasl2-2 amd64 2.1.28+dfsg1-9 [57.5 kB]
2025-08-16T23:12:19.3764058Z #36 4.662 Get:17 http://deb.debian.org/debian trixie/main amd64 libldap2 amd64 2.6.10+dfsg-1 [194 kB]
2025-08-16T23:12:19.3765020Z #36 4.662 Get:18 http://deb.debian.org/debian trixie/main amd64 libnghttp2-14 amd64 1.64.0-1.1 [76.0 kB]
2025-08-16T23:12:19.3765956Z #36 4.662 Get:19 http://deb.debian.org/debian trixie/main amd64 libnghttp3-9 amd64 1.8.0-1 [67.7 kB]
2025-08-16T23:12:19.3766897Z #36 4.669 Get:20 http://deb.debian.org/debian trixie/main amd64 libpsl5t64 amd64 0.21.2-1.1+b1 [57.2 kB]
2025-08-16T23:12:19.3767824Z #36 4.672 Get:21 http://deb.debian.org/debian trixie/main amd64 libp11-kit0 amd64 0.25.5-3 [425 kB]
2025-08-16T23:12:19.3788919Z #36 4.680 Get:22 http://deb.debian.org/debian trixie/main amd64 libtasn1-6 amd64 4.20.0-2 [49.9 kB]
2025-08-16T23:12:19.3789952Z #36 4.702 Get:23 http://deb.debian.org/debian trixie/main amd64 libgnutls30t64 amd64 3.8.9-3 [1465 kB]
2025-08-16T23:12:19.3791102Z #36 4.702 Get:24 http://deb.debian.org/debian trixie/main amd64 librtmp1 amd64 2.4+20151223.gitfa8646d.1-2+b5 [58.8 kB]
2025-08-16T23:12:19.3792164Z #36 4.702 Get:25 http://deb.debian.org/debian trixie/main amd64 libssh2-1t64 amd64 1.11.1-1 [245 kB]
2025-08-16T23:12:19.3793098Z #36 4.702 Get:26 http://deb.debian.org/debian trixie/main amd64 libcurl4t64 amd64 8.14.1-2 [391 kB]
2025-08-16T23:12:19.3793964Z #36 4.712 Get:27 http://deb.debian.org/debian trixie/main amd64 curl amd64 8.14.1-2 [269 kB]
2025-08-16T23:12:19.3794806Z #36 4.718 Get:28 http://deb.debian.org/debian trixie/main amd64 libpq5 amd64 17.5-1 [226 kB]
2025-08-16T23:12:19.3795746Z #36 4.718 Get:29 http://deb.debian.org/debian trixie/main amd64 postgresql-client-common all 278 [47.1 kB]
2025-08-16T23:12:19.3796747Z #36 4.718 Get:30 http://deb.debian.org/debian trixie/main amd64 postgresql-client-17 amd64 17.5-1 [2025 kB]
2025-08-16T23:12:19.3797731Z #36 4.729 Get:31 http://deb.debian.org/debian trixie/main amd64 postgresql-client all 17+278 [14.0 kB]
2025-08-16T23:12:19.3822090Z #36 6.657 Fetched 14.9 MB in 0s (50.9 MB/s)
2025-08-16T23:12:19.3822697Z #36 6.698 Selecting previously unselected package sensible-utils.
2025-08-16T23:12:19.3823223Z #36 6.698 (Reading database ... 
2025-08-16T23:12:19.3823626Z (Reading database ... 5%
2025-08-16T23:12:19.3823988Z (Reading database ... 10%
2025-08-16T23:12:19.3824320Z (Reading database ... 15%
2025-08-16T23:12:19.3824745Z (Reading database ... 20%
2025-08-16T23:12:19.3825098Z (Reading database ... 25%
2025-08-16T23:12:19.3825423Z (Reading database ... 30%
2025-08-16T23:12:19.3825744Z (Reading database ... 35%
2025-08-16T23:12:19.3826095Z (Reading database ... 40%
2025-08-16T23:12:19.3826426Z (Reading database ... 45%
2025-08-16T23:12:19.3826739Z (Reading database ... 50%
2025-08-16T23:12:19.3827074Z (Reading database ... 55%
2025-08-16T23:12:19.3827430Z (Reading database ... 60%
2025-08-16T23:12:19.3827752Z (Reading database ... 65%
2025-08-16T23:12:19.3828196Z (Reading database ... 70%
2025-08-16T23:12:19.3828551Z (Reading database ... 75%
2025-08-16T23:12:19.3828886Z (Reading database ... 80%
2025-08-16T23:12:19.3829198Z (Reading database ... 85%
2025-08-16T23:12:19.3829530Z (Reading database ... 90%
2025-08-16T23:12:19.3829879Z (Reading database ... 95%
2025-08-16T23:12:19.3830383Z (Reading database ... 100%
2025-08-16T23:12:19.3830904Z (Reading database ... 5643 files and directories currently installed.)
2025-08-16T23:12:19.3831603Z #36 6.712 Preparing to unpack .../00-sensible-utils_0.0.25_all.deb ...
2025-08-16T23:12:19.3832378Z #36 6.712 Unpacking sensible-utils (0.0.25) ...
2025-08-16T23:12:19.3832946Z #36 6.785 Selecting previously unselected package perl-modules-5.40.
2025-08-16T23:12:19.3833643Z #36 6.788 Preparing to unpack .../01-perl-modules-5.40_5.40.1-6_all.deb ...
2025-08-16T23:12:19.3834240Z #36 6.788 Unpacking perl-modules-5.40 (5.40.1-6) ...
2025-08-16T23:12:19.3834862Z #36 7.449 Selecting previously unselected package libgdbm-compat4t64:amd64.
2025-08-16T23:12:19.3835589Z #36 7.449 Preparing to unpack .../02-libgdbm-compat4t64_1.24-2_amd64.deb ...
2025-08-16T23:12:19.3836209Z #36 7.450 Unpacking libgdbm-compat4t64:amd64 (1.24-2) ...
2025-08-16T23:12:19.3836822Z #36 7.518 Selecting previously unselected package libperl5.40:amd64.
2025-08-16T23:12:19.3837520Z #36 7.518 Preparing to unpack .../03-libperl5.40_5.40.1-6_amd64.deb ...
2025-08-16T23:12:19.3887357Z #36 7.518 Unpacking libperl5.40:amd64 (5.40.1-6) ...
2025-08-16T23:12:19.5015095Z #36 ...
2025-08-16T23:12:19.5021045Z 
2025-08-16T23:12:19.5021350Z #37 [logistics_etl] resolving provenance for metadata file
2025-08-16T23:12:19.5021861Z #37 DONE 0.0s
2025-08-16T23:12:19.5022038Z 
2025-08-16T23:12:19.5023391Z #36 [api stage-1 3/6] RUN set -eux;     if [ -f /etc/apt/sources.list ]; then         sed -i 's|http://deb.debian.org|https://deb.debian.org|g' /etc/apt/sources.list;     fi;     apt-get update;     apt-get install -y --no-install-recommends tzdata postgresql-client curl;     rm -rf /var/lib/apt/lists/*
2025-08-16T23:12:19.5025070Z #36 8.012 Selecting previously unselected package perl.
2025-08-16T23:12:19.5025532Z #36 ...
2025-08-16T23:12:19.5025674Z 
2025-08-16T23:12:19.5025941Z #38 [api base  4/12] RUN pip install --no-cache-dir -r requirements.txt
2025-08-16T23:12:19.5026647Z #38 3.821 Collecting uvicorn==0.29.0 (from -r requirements.txt (line 1))
2025-08-16T23:12:19.5027382Z #38 3.983   Downloading uvicorn-0.29.0-py3-none-any.whl.metadata (6.3 kB)
2025-08-16T23:12:19.5028379Z #38 4.004 Collecting pydantic-settings==2.2.1 (from -r requirements.txt (line 2))
2025-08-16T23:12:19.5029227Z #38 4.025   Downloading pydantic_settings-2.2.1-py3-none-any.whl.metadata (3.1 kB)
2025-08-16T23:12:19.5030009Z #38 4.090 Collecting fastapi==0.111.0 (from -r requirements.txt (line 3))
2025-08-16T23:12:19.5030721Z #38 4.165   Downloading fastapi-0.111.0-py3-none-any.whl.metadata (25 kB)
2025-08-16T23:12:19.5031462Z #38 4.680 Collecting sqlalchemy==2.0.29 (from -r requirements.txt (line 4))
2025-08-16T23:12:19.5032423Z #38 4.707   Downloading SQLAlchemy-2.0.29-cp312-cp312-manylinux_2_17_x86_64.manylinux2014_x86_64.whl.metadata (9.6 kB)
2025-08-16T23:12:19.5033367Z #38 4.758 Collecting alembic==1.13.1 (from -r requirements.txt (line 5))
2025-08-16T23:12:19.5034084Z #38 4.785   Downloading alembic-1.13.1-py3-none-any.whl.metadata (7.4 kB)
2025-08-16T23:12:19.5034909Z #38 4.813 Collecting psycopg==3.2.9 (from psycopg[binary]==3.2.9->-r requirements.txt (line 6))
2025-08-16T23:12:19.5035727Z #38 4.835   Downloading psycopg-3.2.9-py3-none-any.whl.metadata (4.5 kB)
2025-08-16T23:12:19.5036429Z #38 4.885 Collecting httpx==0.27.2 (from -r requirements.txt (line 7))
2025-08-16T23:12:19.5037121Z #38 4.904   Downloading httpx-0.27.2-py3-none-any.whl.metadata (7.1 kB)
2025-08-16T23:12:19.5037808Z #38 4.971 Collecting asyncpg==0.29.0 (from -r requirements.txt (line 8))
2025-08-16T23:12:19.5067619Z #38 4.992   Downloading asyncpg-0.29.0-cp312-cp312-manylinux_2_17_x86_64.manylinux2014_x86_64.whl.metadata (4.4 kB)
2025-08-16T23:12:19.5068730Z #38 5.507 Collecting boto3==1.34.162 (from -r requirements.txt (line 9))
2025-08-16T23:12:19.5069448Z #38 5.527   Downloading boto3-1.34.162-py3-none-any.whl.metadata (6.6 kB)
2025-08-16T23:12:19.5070152Z #38 5.553 Collecting Jinja2==3.1.5 (from -r requirements.txt (line 10))
2025-08-16T23:12:19.5071119Z #38 5.575   Downloading jinja2-3.1.5-py3-none-any.whl.metadata (2.6 kB)
2025-08-16T23:12:19.5072072Z #38 5.602 Collecting click>=7.0 (from uvicorn==0.29.0->-r requirements.txt (line 1))
2025-08-16T23:12:19.5073049Z #38 5.625   Downloading click-8.2.1-py3-none-any.whl.metadata (2.5 kB)
2025-08-16T23:12:19.5073783Z #38 5.638 Collecting h11>=0.8 (from uvicorn==0.29.0->-r requirements.txt (line 1))
2025-08-16T23:12:19.5074504Z #38 5.659   Downloading h11-0.16.0-py3-none-any.whl.metadata (8.3 kB)
2025-08-16T23:12:19.5075324Z #38 5.812 Collecting pydantic>=2.3.0 (from pydantic-settings==2.2.1->-r requirements.txt (line 2))
2025-08-16T23:12:19.5076166Z #38 5.832   Downloading pydantic-2.11.7-py3-none-any.whl.metadata (67 kB)
2025-08-16T23:12:19.5077053Z #38 5.890 Collecting python-dotenv>=0.21.0 (from pydantic-settings==2.2.1->-r requirements.txt (line 2))
2025-08-16T23:12:19.5077951Z #38 5.917   Downloading python_dotenv-1.1.1-py3-none-any.whl.metadata (24 kB)
2025-08-16T23:12:19.5079059Z #38 5.983 Collecting starlette<0.38.0,>=0.37.2 (from fastapi==0.111.0->-r requirements.txt (line 3))
2025-08-16T23:12:19.5079918Z #38 6.004   Downloading starlette-0.37.2-py3-none-any.whl.metadata (5.9 kB)
2025-08-16T23:12:19.5080795Z #38 6.095 Collecting typing-extensions>=4.8.0 (from fastapi==0.111.0->-r requirements.txt (line 3))
2025-08-16T23:12:19.5081702Z #38 6.116   Downloading typing_extensions-4.14.1-py3-none-any.whl.metadata (3.0 kB)
2025-08-16T23:12:19.5082560Z #38 6.133 Collecting fastapi-cli>=0.0.2 (from fastapi==0.111.0->-r requirements.txt (line 3))
2025-08-16T23:12:19.5083362Z #38 6.156   Downloading fastapi_cli-0.0.8-py3-none-any.whl.metadata (6.3 kB)
2025-08-16T23:12:19.5084220Z #38 6.213 Collecting python-multipart>=0.0.7 (from fastapi==0.111.0->-r requirements.txt (line 3))
2025-08-16T23:12:19.5085103Z #38 6.233   Downloading python_multipart-0.0.20-py3-none-any.whl.metadata (1.8 kB)
2025-08-16T23:12:19.5086026Z #38 6.372 Collecting ujson!=4.0.2,!=4.1.0,!=4.2.0,!=4.3.0,!=5.0.0,!=5.1.0,>=4.0.1 (from fastapi==0.111.0->-r requirements.txt (line 3))
2025-08-16T23:12:19.5087064Z #38 6.397   Downloading ujson-5.10.0-cp312-cp312-manylinux_2_17_x86_64.manylinux2014_x86_64.whl.metadata (9.3 kB)
2025-08-16T23:12:19.5112574Z #38 6.762 Collecting orjson>=3.2.1 (from fastapi==0.111.0->-r requirements.txt (line 3))
2025-08-16T23:12:19.5113709Z #38 6.789   Downloading orjson-3.11.2-cp312-cp312-manylinux_2_17_x86_64.manylinux2014_x86_64.whl.metadata (1.2 kB)
2025-08-16T23:12:19.5114738Z #38 6.824 Collecting email_validator>=2.0.0 (from fastapi==0.111.0->-r requirements.txt (line 3))
2025-08-16T23:12:19.5115623Z #38 6.824   Downloading email_validator-2.2.0-py3-none-any.whl.metadata (25 kB)
2025-08-16T23:12:19.5116466Z #38 7.077 Collecting greenlet!=0.4.17 (from sqlalchemy==2.0.29->-r requirements.txt (line 4))
2025-08-16T23:12:19.5117481Z #38 7.096   Downloading greenlet-3.2.4-cp312-cp312-manylinux_2_24_x86_64.manylinux_2_28_x86_64.whl.metadata (4.1 kB)
2025-08-16T23:12:19.5131449Z #38 7.192 Collecting Mako (from alembic==1.13.1->-r requirements.txt (line 5))
2025-08-16T23:12:19.5132214Z #38 7.192   Downloading mako-1.3.10-py3-none-any.whl.metadata (2.9 kB)
2025-08-16T23:12:19.5132959Z #38 7.275 Collecting anyio (from httpx==0.27.2->-r requirements.txt (line 7))
2025-08-16T23:12:19.5133719Z #38 7.389   Downloading anyio-4.10.0-py3-none-any.whl.metadata (4.0 kB)
2025-08-16T23:12:19.5134462Z #38 7.424 Collecting certifi (from httpx==0.27.2->-r requirements.txt (line 7))
2025-08-16T23:12:19.5135222Z #38 7.449   Downloading certifi-2025.8.3-py3-none-any.whl.metadata (2.4 kB)
2025-08-16T23:12:19.5135999Z #38 7.496 Collecting httpcore==1.* (from httpx==0.27.2->-r requirements.txt (line 7))
2025-08-16T23:12:19.5136774Z #38 7.517   Downloading httpcore-1.0.9-py3-none-any.whl.metadata (21 kB)
2025-08-16T23:12:19.5137501Z #38 7.548 Collecting idna (from httpx==0.27.2->-r requirements.txt (line 7))
2025-08-16T23:12:19.5138430Z #38 7.571   Downloading idna-3.10-py3-none-any.whl.metadata (10 kB)
2025-08-16T23:12:19.5139386Z #38 7.599 Collecting sniffio (from httpx==0.27.2->-r requirements.txt (line 7))
2025-08-16T23:12:19.5140151Z #38 7.616   Downloading sniffio-1.3.1-py3-none-any.whl.metadata (3.9 kB)
2025-08-16T23:12:19.6335468Z #38 ...
2025-08-16T23:12:19.6337958Z 
2025-08-16T23:12:19.6341000Z #36 [api stage-1 3/6] RUN set -eux;     if [ -f /etc/apt/sources.list ]; then         sed -i 's|http://deb.debian.org|https://deb.debian.org|g' /etc/apt/sources.list;     fi;     apt-get update;     apt-get install -y --no-install-recommends tzdata postgresql-client curl;     rm -rf /var/lib/apt/lists/*
2025-08-16T23:12:19.6356988Z #36 8.017 Preparing to unpack .../04-perl_5.40.1-6_amd64.deb ...
2025-08-16T23:12:19.6357555Z #36 8.020 Unpacking perl (5.40.1-6) ...
2025-08-16T23:12:19.6358305Z #36 8.142 Selecting previously unselected package libbrotli1:amd64.
2025-08-16T23:12:19.7541333Z #36 8.144 Preparing to unpack .../05-libbrotli1_1.1.0-2+b7_amd64.deb ...
2025-08-16T23:12:19.7546121Z #36 8.151 Unpacking libbrotli1:amd64 (1.1.0-2+b7) ...
2025-08-16T23:12:19.7547310Z #36 8.217 Selecting previously unselected package libkrb5support0:amd64.
2025-08-16T23:12:19.7548273Z #36 8.218 Preparing to unpack .../06-libkrb5support0_1.21.3-5_amd64.deb ...
2025-08-16T23:12:19.7548983Z #36 8.222 Unpacking libkrb5support0:amd64 (1.21.3-5) ...
2025-08-16T23:12:19.8575194Z #36 8.312 Selecting previously unselected package libcom-err2:amd64.
2025-08-16T23:12:19.8582674Z #36 8.312 Preparing to unpack .../07-libcom-err2_1.47.2-3+b3_amd64.deb ...
2025-08-16T23:12:19.8612683Z #36 8.320 Unpacking libcom-err2:amd64 (1.47.2-3+b3) ...
2025-08-16T23:12:19.8617041Z #36 8.350 Selecting previously unselected package libk5crypto3:amd64.
2025-08-16T23:12:19.8621455Z #36 8.353 Preparing to unpack .../08-libk5crypto3_1.21.3-5_amd64.deb ...
2025-08-16T23:12:19.8625669Z #36 8.354 Unpacking libk5crypto3:amd64 (1.21.3-5) ...
2025-08-16T23:12:19.9814146Z #36 8.386 Selecting previously unselected package libkeyutils1:amd64.
2025-08-16T23:12:19.9849947Z #36 8.389 Preparing to unpack .../09-libkeyutils1_1.6.3-6_amd64.deb ...
2025-08-16T23:12:19.9850576Z #36 8.396 Unpacking libkeyutils1:amd64 (1.6.3-6) ...
2025-08-16T23:12:19.9851153Z #36 8.437 Selecting previously unselected package libkrb5-3:amd64.
2025-08-16T23:12:19.9851838Z #36 8.438 Preparing to unpack .../10-libkrb5-3_1.21.3-5_amd64.deb ...
2025-08-16T23:12:19.9852397Z #36 8.442 Unpacking libkrb5-3:amd64 (1.21.3-5) ...
2025-08-16T23:12:20.0833548Z #36 8.527 Selecting previously unselected package libgssapi-krb5-2:amd64.
2025-08-16T23:12:20.0836654Z #36 8.529 Preparing to unpack .../11-libgssapi-krb5-2_1.21.3-5_amd64.deb ...
2025-08-16T23:12:20.0837356Z #36 8.531 Unpacking libgssapi-krb5-2:amd64 (1.21.3-5) ...
2025-08-16T23:12:20.0838010Z #36 8.594 Selecting previously unselected package libunistring5:amd64.
2025-08-16T23:12:20.2232360Z #36 8.598 Preparing to unpack .../12-libunistring5_1.3-2_amd64.deb ...
2025-08-16T23:12:20.2233326Z #36 8.604 Unpacking libunistring5:amd64 (1.3-2) ...
2025-08-16T23:12:20.2234204Z #36 8.734 Selecting previously unselected package libidn2-0:amd64.
2025-08-16T23:12:20.3251621Z #36 8.737 Preparing to unpack .../13-libidn2-0_2.3.8-2_amd64.deb ...
2025-08-16T23:12:20.3254992Z #36 8.745 Unpacking libidn2-0:amd64 (2.3.8-2) ...
2025-08-16T23:12:20.3256939Z #36 8.799 Selecting previously unselected package libsasl2-modules-db:amd64.
2025-08-16T23:12:20.3258381Z #36 8.799 Preparing to unpack .../14-libsasl2-modules-db_2.1.28+dfsg1-9_amd64.deb ...
2025-08-16T23:12:20.3265545Z #36 8.803 Unpacking libsasl2-modules-db:amd64 (2.1.28+dfsg1-9) ...
2025-08-16T23:12:20.3300802Z #36 8.836 Selecting previously unselected package libsasl2-2:amd64.
2025-08-16T23:12:20.4410261Z #36 ...
2025-08-16T23:12:20.4410546Z 
2025-08-16T23:12:20.4412215Z #14 [postgres 1/6] FROM docker.io/library/postgres:16@sha256:66a5efb5677ffac1037774a0e141fd3a4c035c9c0c0e624c9cc980dfa10f45e5
2025-08-16T23:12:20.4415700Z #14 extracting sha256:a1e4ad56dcecf442fba1cec05cd565ededfdc663e5172df9ef9394d96d4c96f8 8.6s done
2025-08-16T23:12:20.4420591Z #14 extracting sha256:987c1b4919ea2d87df20824aaef43a9de0575ac7df684579ad267c7e48c8eeea done
2025-08-16T23:12:20.4421585Z #14 extracting sha256:a858bd6d34e86a481a2e028e3ba489e662b3ac7713eba9a5d3bb97002c7d797e done
2025-08-16T23:12:20.4422713Z #14 extracting sha256:f1b3502db45ad485f0affe43e32fc81d699ddac01c023f198271a0a7e1cecd4c done
2025-08-16T23:12:20.4423659Z #14 extracting sha256:25ef78fb127c1934630de29a3d38f46e544360b1dcf5cfc09b25507fbe88fd75 done
2025-08-16T23:12:20.4424604Z #14 extracting sha256:240810240d04caaaccb11d51ba7c3a7f7d6f470ec2a80ee420a3d33899d9a303 done
2025-08-16T23:12:20.4425237Z #14 DONE 12.2s
2025-08-16T23:12:20.4425399Z 
2025-08-16T23:12:20.4426609Z #36 [api stage-1 3/6] RUN set -eux;     if [ -f /etc/apt/sources.list ]; then         sed -i 's|http://deb.debian.org|https://deb.debian.org|g' /etc/apt/sources.list;     fi;     apt-get update;     apt-get install -y --no-install-recommends tzdata postgresql-client curl;     rm -rf /var/lib/apt/lists/*
2025-08-16T23:12:20.4442474Z #36 8.838 Preparing to unpack .../15-libsasl2-2_2.1.28+dfsg1-9_amd64.deb ...
2025-08-16T23:12:20.4443284Z #36 8.842 Unpacking libsasl2-2:amd64 (2.1.28+dfsg1-9) ...
2025-08-16T23:12:20.4443903Z #36 8.874 Selecting previously unselected package libldap2:amd64.
2025-08-16T23:12:20.4444566Z #36 8.878 Preparing to unpack .../16-libldap2_2.6.10+dfsg-1_amd64.deb ...
2025-08-16T23:12:20.4445195Z #36 8.879 Unpacking libldap2:amd64 (2.6.10+dfsg-1) ...
2025-08-16T23:12:20.4445834Z #36 8.914 Selecting previously unselected package libnghttp2-14:amd64.
2025-08-16T23:12:20.4446555Z #36 8.916 Preparing to unpack .../17-libnghttp2-14_1.64.0-1.1_amd64.deb ...
2025-08-16T23:12:20.4447157Z #36 8.918 Unpacking libnghttp2-14:amd64 (1.64.0-1.1) ...
2025-08-16T23:12:20.5499707Z #36 ...
2025-08-16T23:12:20.5500719Z 
2025-08-16T23:12:20.5501527Z #39 [fees_h10 base 4/5] RUN if [ -n "" ] && [ -f "" ]; then         pip install -r requirements.txt -c "";     else         pip install -r requirements.txt;     fi
2025-08-16T23:12:20.5502883Z #39 3.571 Collecting celery==5.4.* (from celery[redis]==5.4.*->-r requirements.txt (line 1))
2025-08-16T23:12:20.5503858Z #39 3.659   Downloading celery-5.4.0-py3-none-any.whl.metadata (21 kB)
2025-08-16T23:12:20.5504741Z #39 3.789 Collecting billiard<5.0,>=4.2.0 (from celery==5.4.*->celery[redis]==5.4.*->-r requirements.txt (line 1))
2025-08-16T23:12:20.5505606Z #39 3.808   Downloading billiard-4.2.1-py3-none-any.whl.metadata (4.4 kB)
2025-08-16T23:12:20.5506433Z #39 3.946 Collecting kombu<6.0,>=5.3.4 (from celery==5.4.*->celery[redis]==5.4.*->-r requirements.txt (line 1))
2025-08-16T23:12:20.5507662Z #39 3.967   Downloading kombu-5.5.4-py3-none-any.whl.metadata (3.5 kB)
2025-08-16T23:12:20.5509785Z #39 4.192 Collecting vine<6.0,>=5.1.0 (from celery==5.4.*->celery[redis]==5.4.*->-r requirements.txt (line 1))
2025-08-16T23:12:20.5510613Z #39 4.226   Downloading vine-5.1.0-py3-none-any.whl.metadata (2.7 kB)
2025-08-16T23:12:20.5511816Z #39 4.258 Collecting click<9.0,>=8.1.2 (from celery==5.4.*->celery[redis]==5.4.*->-r requirements.txt (line 1))
2025-08-16T23:12:20.5513448Z #39 4.279   Downloading click-8.2.1-py3-none-any.whl.metadata (2.5 kB)
2025-08-16T23:12:20.5514279Z #39 4.306 Collecting click-didyoumean>=0.3.0 (from celery==5.4.*->celery[redis]==5.4.*->-r requirements.txt (line 1))
2025-08-16T23:12:20.5515395Z #39 4.328   Downloading click_didyoumean-0.3.1-py3-none-any.whl.metadata (3.9 kB)
2025-08-16T23:12:20.5516323Z #39 4.358 Collecting click-repl>=0.2.0 (from celery==5.4.*->celery[redis]==5.4.*->-r requirements.txt (line 1))
2025-08-16T23:12:20.5517207Z #39 4.381   Downloading click_repl-0.3.0-py3-none-any.whl.metadata (3.6 kB)
2025-08-16T23:12:20.5518713Z #39 4.412 Collecting click-plugins>=1.1.1 (from celery==5.4.*->celery[redis]==5.4.*->-r requirements.txt (line 1))
2025-08-16T23:12:20.5519688Z #39 4.437   Downloading click_plugins-1.1.1.2-py2.py3-none-any.whl.metadata (6.5 kB)
2025-08-16T23:12:20.5520603Z #39 4.488 Collecting tzdata>=2022.7 (from celery==5.4.*->celery[redis]==5.4.*->-r requirements.txt (line 1))
2025-08-16T23:12:20.5521741Z #39 4.508   Downloading tzdata-2025.2-py2.py3-none-any.whl.metadata (1.4 kB)
2025-08-16T23:12:20.5522686Z #39 4.551 Collecting python-dateutil>=2.8.2 (from celery==5.4.*->celery[redis]==5.4.*->-r requirements.txt (line 1))
2025-08-16T23:12:20.5523898Z #39 4.569   Downloading python_dateutil-2.9.0.post0-py2.py3-none-any.whl.metadata (8.4 kB)
2025-08-16T23:12:20.5524803Z #39 4.681 Collecting redis!=4.5.5,<6.0.0,>=4.5.2 (from celery[redis]==5.4.*->-r requirements.txt (line 1))
2025-08-16T23:12:20.5525590Z #39 4.705   Downloading redis-5.3.1-py3-none-any.whl.metadata (9.2 kB)
2025-08-16T23:12:20.5526534Z #39 4.800 Collecting prompt-toolkit>=3.0.36 (from click-repl>=0.2.0->celery==5.4.*->celery[redis]==5.4.*->-r requirements.txt (line 1))
2025-08-16T23:12:20.5527804Z #39 4.827   Downloading prompt_toolkit-3.0.51-py3-none-any.whl.metadata (6.4 kB)
2025-08-16T23:12:20.5529534Z #39 4.874 Collecting amqp<6.0.0,>=5.1.1 (from kombu<6.0,>=5.3.4->celery==5.4.*->celery[redis]==5.4.*->-r requirements.txt (line 1))
2025-08-16T23:12:20.5530358Z #39 4.894   Downloading amqp-5.3.1-py3-none-any.whl.metadata (8.9 kB)
2025-08-16T23:12:20.5531221Z #39 4.949 Collecting packaging (from kombu<6.0,>=5.3.4->celery==5.4.*->celery[redis]==5.4.*->-r requirements.txt (line 1))
2025-08-16T23:12:20.5532126Z #39 4.970   Downloading packaging-25.0-py3-none-any.whl.metadata (3.3 kB)
2025-08-16T23:12:20.5533046Z #39 5.004 Collecting six>=1.5 (from python-dateutil>=2.8.2->celery==5.4.*->celery[redis]==5.4.*->-r requirements.txt (line 1))
2025-08-16T23:12:20.5533970Z #39 5.048   Downloading six-1.17.0-py2.py3-none-any.whl.metadata (1.7 kB)
2025-08-16T23:12:20.5534825Z #39 5.074 Collecting PyJWT>=2.9.0 (from redis!=4.5.5,<6.0.0,>=4.5.2->celery[redis]==5.4.*->-r requirements.txt (line 1))
2025-08-16T23:12:20.5535686Z #39 5.094   Downloading PyJWT-2.10.1-py3-none-any.whl.metadata (4.0 kB)
2025-08-16T23:12:20.5536681Z #39 5.190 Collecting wcwidth (from prompt-toolkit>=3.0.36->click-repl>=0.2.0->celery==5.4.*->celery[redis]==5.4.*->-r requirements.txt (line 1))
2025-08-16T23:12:20.5537708Z #39 5.208   Downloading wcwidth-0.2.13-py2.py3-none-any.whl.metadata (14 kB)
2025-08-16T23:12:20.5538594Z #39 5.262 Downloading celery-5.4.0-py3-none-any.whl (425 kB)
2025-08-16T23:12:20.5539259Z #39 5.343 Downloading billiard-4.2.1-py3-none-any.whl (86 kB)
2025-08-16T23:12:20.5539876Z #39 5.368 Downloading click-8.2.1-py3-none-any.whl (102 kB)
2025-08-16T23:12:20.5540521Z #39 5.397 Downloading click_didyoumean-0.3.1-py3-none-any.whl (3.6 kB)
2025-08-16T23:12:20.5541287Z #39 5.422 Downloading click_plugins-1.1.1.2-py2.py3-none-any.whl (11 kB)
2025-08-16T23:12:20.5542009Z #39 5.454 Downloading click_repl-0.3.0-py3-none-any.whl (10 kB)
2025-08-16T23:12:20.5542627Z #39 5.479 Downloading kombu-5.5.4-py3-none-any.whl (210 kB)
2025-08-16T23:12:20.5543477Z #39 5.508 Downloading vine-5.1.0-py3-none-any.whl (9.6 kB)
2025-08-16T23:12:20.5544205Z #39 5.533 Downloading python_dateutil-2.9.0.post0-py2.py3-none-any.whl (229 kB)
2025-08-16T23:12:20.5545137Z #39 5.561 Downloading redis-5.3.1-py3-none-any.whl (272 kB)
2025-08-16T23:12:20.5578890Z #39 5.590 Downloading tzdata-2025.2-py2.py3-none-any.whl (347 kB)
2025-08-16T23:12:20.5579483Z #39 5.623 Downloading amqp-5.3.1-py3-none-any.whl (50 kB)
2025-08-16T23:12:20.5580084Z #39 5.646 Downloading prompt_toolkit-3.0.51-py3-none-any.whl (387 kB)
2025-08-16T23:12:20.5580660Z #39 5.673 Downloading PyJWT-2.10.1-py3-none-any.whl (22 kB)
2025-08-16T23:12:20.5581188Z #39 5.700 Downloading six-1.17.0-py2.py3-none-any.whl (11 kB)
2025-08-16T23:12:20.5581750Z #39 5.725 Downloading packaging-25.0-py3-none-any.whl (66 kB)
2025-08-16T23:12:20.5582348Z #39 5.755 Downloading wcwidth-0.2.13-py2.py3-none-any.whl (34 kB)
2025-08-16T23:12:20.5583693Z #39 5.903 Installing collected packages: wcwidth, vine, tzdata, six, PyJWT, prompt-toolkit, packaging, click, billiard, redis, python-dateutil, click-repl, click-plugins, click-didyoumean, amqp, kombu, celery
2025-08-16T23:12:20.5600774Z #39 8.642 WARNING: Running pip as the 'root' user can result in broken permissions and conflicting behaviour with the system package manager, possibly rendering your system unusable. It is recommended to use a virtual environment instead: https://pip.pypa.io/warnings/venv. Use the --root-user-action option if you know what you are doing and want to suppress this warning.
2025-08-16T23:12:20.5604820Z #39 8.642 Successfully installed PyJWT-2.10.1 amqp-5.3.1 billiard-4.2.1 celery-5.4.0 click-8.2.1 click-didyoumean-0.3.1 click-plugins-1.1.1.2 click-repl-0.3.0 kombu-5.5.4 packaging-25.0 prompt-toolkit-3.0.51 python-dateutil-2.9.0.post0 redis-5.3.1 six-1.17.0 tzdata-2025.2 vine-5.1.0 wcwidth-0.2.13
2025-08-16T23:12:20.5606387Z #39 8.784 
2025-08-16T23:12:20.5606761Z #39 8.784 [notice] A new release of pip is available: 25.0.1 -> 25.2
2025-08-16T23:12:20.5607352Z #39 8.784 [notice] To update, run: pip install --upgrade pip
2025-08-16T23:12:20.5607785Z #39 DONE 8.9s
2025-08-16T23:12:20.5607959Z 
2025-08-16T23:12:20.5608225Z #40 [fees_h10 base 5/5] COPY . .
2025-08-16T23:12:20.5608570Z #40 DONE 0.0s
2025-08-16T23:12:20.5608725Z 
2025-08-16T23:12:20.5610023Z #36 [api stage-1 3/6] RUN set -eux;     if [ -f /etc/apt/sources.list ]; then         sed -i 's|http://deb.debian.org|https://deb.debian.org|g' /etc/apt/sources.list;     fi;     apt-get update;     apt-get install -y --no-install-recommends tzdata postgresql-client curl;     rm -rf /var/lib/apt/lists/*
2025-08-16T23:12:20.5611746Z #36 8.956 Selecting previously unselected package libnghttp3-9:amd64.
2025-08-16T23:12:20.5612409Z #36 8.958 Preparing to unpack .../18-libnghttp3-9_1.8.0-1_amd64.deb ...
2025-08-16T23:12:20.5612971Z #36 8.960 Unpacking libnghttp3-9:amd64 (1.8.0-1) ...
2025-08-16T23:12:20.5613516Z #36 9.030 Selecting previously unselected package libpsl5t64:amd64.
2025-08-16T23:12:20.5614164Z #36 9.030 Preparing to unpack .../19-libpsl5t64_0.21.2-1.1+b1_amd64.deb ...
2025-08-16T23:12:20.5614741Z #36 9.033 Unpacking libpsl5t64:amd64 (0.21.2-1.1+b1) ...
2025-08-16T23:12:20.6521247Z #36 9.072 Selecting previously unselected package libp11-kit0:amd64.
2025-08-16T23:12:20.6539931Z #36 9.072 Preparing to unpack .../20-libp11-kit0_0.25.5-3_amd64.deb ...
2025-08-16T23:12:20.6540593Z #36 9.076 Unpacking libp11-kit0:amd64 (0.25.5-3) ...
2025-08-16T23:12:20.6541235Z #36 9.122 Selecting previously unselected package libtasn1-6:amd64.
2025-08-16T23:12:20.6541958Z #36 9.124 Preparing to unpack .../21-libtasn1-6_4.20.0-2_amd64.deb ...
2025-08-16T23:12:20.6542618Z #36 9.126 Unpacking libtasn1-6:amd64 (4.20.0-2) ...
2025-08-16T23:12:20.6543253Z #36 9.152 Selecting previously unselected package libgnutls30t64:amd64.
2025-08-16T23:12:20.6543984Z #36 9.154 Preparing to unpack .../22-libgnutls30t64_3.8.9-3_amd64.deb ...
2025-08-16T23:12:20.6544624Z #36 9.162 Unpacking libgnutls30t64:amd64 (3.8.9-3) ...
2025-08-16T23:12:20.7538845Z #36 9.236 Selecting previously unselected package librtmp1:amd64.
2025-08-16T23:12:20.7544428Z #36 9.236 Preparing to unpack .../23-librtmp1_2.4+20151223.gitfa8646d.1-2+b5_amd64.deb ...
2025-08-16T23:12:20.7545241Z #36 9.238 Unpacking librtmp1:amd64 (2.4+20151223.gitfa8646d.1-2+b5) ...
2025-08-16T23:12:20.8624503Z #36 9.285 Selecting previously unselected package libssh2-1t64:amd64.
2025-08-16T23:12:20.8631690Z #36 9.288 Preparing to unpack .../24-libssh2-1t64_1.11.1-1_amd64.deb ...
2025-08-16T23:12:20.8632305Z #36 9.289 Unpacking libssh2-1t64:amd64 (1.11.1-1) ...
2025-08-16T23:12:20.8632902Z #36 9.338 Selecting previously unselected package libcurl4t64:amd64.
2025-08-16T23:12:20.8633571Z #36 9.346 Preparing to unpack .../25-libcurl4t64_8.14.1-2_amd64.deb ...
2025-08-16T23:12:20.8634158Z #36 9.346 Unpacking libcurl4t64:amd64 (8.14.1-2) ...
2025-08-16T23:12:21.0076346Z #36 9.424 Selecting previously unselected package curl.
2025-08-16T23:12:21.0076988Z #36 9.424 Preparing to unpack .../26-curl_8.14.1-2_amd64.deb ...
2025-08-16T23:12:21.0077497Z #36 9.424 Unpacking curl (8.14.1-2) ...
2025-08-16T23:12:21.0077969Z #36 9.516 Selecting previously unselected package libpq5:amd64.
2025-08-16T23:12:21.1240665Z #36 9.520 Preparing to unpack .../27-libpq5_17.5-1_amd64.deb ...
2025-08-16T23:12:21.1242422Z #36 9.525 Unpacking libpq5:amd64 (17.5-1) ...
2025-08-16T23:12:21.1243234Z #36 9.635 Selecting previously unselected package postgresql-client-common.
2025-08-16T23:12:21.2265743Z #36 9.641 Preparing to unpack .../28-postgresql-client-common_278_all.deb ...
2025-08-16T23:12:21.2270859Z #36 9.678 Unpacking postgresql-client-common (278) ...
2025-08-16T23:12:21.2272363Z #36 9.734 Selecting previously unselected package postgresql-client-17.
2025-08-16T23:12:21.2273038Z #36 9.737 Preparing to unpack .../29-postgresql-client-17_17.5-1_amd64.deb ...
2025-08-16T23:12:21.4172011Z #36 9.741 Unpacking postgresql-client-17 (17.5-1) ...
2025-08-16T23:12:21.5251510Z #36 9.978 Selecting previously unselected package postgresql-client.
2025-08-16T23:12:21.5267039Z #36 9.978 Preparing to unpack .../30-postgresql-client_17+278_all.deb ...
2025-08-16T23:12:21.5270515Z #36 9.982 Unpacking postgresql-client (17+278) ...
2025-08-16T23:12:21.5272204Z #36 10.04 Setting up libkeyutils1:amd64 (1.6.3-6) ...
2025-08-16T23:12:21.6302417Z #36 10.04 Setting up libgdbm-compat4t64:amd64 (1.24-2) ...
2025-08-16T23:12:21.6303716Z #36 10.05 Setting up libbrotli1:amd64 (1.1.0-2+b7) ...
2025-08-16T23:12:21.6304882Z #36 10.07 Setting up libnghttp2-14:amd64 (1.64.0-1.1) ...
2025-08-16T23:12:21.6305731Z #36 10.08 Setting up libcom-err2:amd64 (1.47.2-3+b3) ...
2025-08-16T23:12:21.6306561Z #36 10.09 Setting up libkrb5support0:amd64 (1.21.3-5) ...
2025-08-16T23:12:21.6307429Z #36 10.09 Setting up libsasl2-modules-db:amd64 (2.1.28+dfsg1-9) ...
2025-08-16T23:12:21.6316912Z #36 10.10 Setting up libp11-kit0:amd64 (0.25.5-3) ...
2025-08-16T23:12:21.6317455Z #36 10.10 Setting up libunistring5:amd64 (1.3-2) ...
2025-08-16T23:12:21.6317992Z #36 10.11 Setting up libk5crypto3:amd64 (1.21.3-5) ...
2025-08-16T23:12:21.6318721Z #36 10.11 Setting up libsasl2-2:amd64 (2.1.28+dfsg1-9) ...
2025-08-16T23:12:21.6319266Z #36 10.12 Setting up libnghttp3-9:amd64 (1.8.0-1) ...
2025-08-16T23:12:21.6319794Z #36 10.13 Setting up perl-modules-5.40 (5.40.1-6) ...
2025-08-16T23:12:21.6320306Z #36 10.14 Setting up sensible-utils (0.0.25) ...
2025-08-16T23:12:21.6320732Z #36 ...
2025-08-16T23:12:21.6320906Z 
2025-08-16T23:12:21.6321446Z #41 [etl base 4/5] RUN if [ -n "" ] && [ -f "" ]; then         pip install -r requirements.txt -c "";     else         pip install -r requirements.txt;     fi
2025-08-16T23:12:21.6322448Z #41 3.287 Collecting keepa==1.3.14 (from -r requirements.txt (line 1))
2025-08-16T23:12:21.6323176Z #41 3.336   Downloading keepa-1.3.14-py3-none-any.whl.metadata (10 kB)
2025-08-16T23:12:21.6323893Z #41 3.430 Collecting minio==7.1.15 (from -r requirements.txt (line 2))
2025-08-16T23:12:21.6324601Z #41 3.441   Downloading minio-7.1.15-py3-none-any.whl.metadata (4.2 kB)
2025-08-16T23:12:21.6325422Z #41 3.564 Collecting python-amazon-sp-api==0.8.0 (from -r requirements.txt (line 3))
2025-08-16T23:12:21.6326322Z #41 3.571   Downloading python_amazon_sp_api-0.8.0-py3-none-any.whl.metadata (3.2 kB)
2025-08-16T23:12:21.6327216Z #41 3.619 Collecting pydantic-settings==2.2.1 (from -r requirements.txt (line 4))
2025-08-16T23:12:21.6328247Z #41 3.626   Downloading pydantic_settings-2.2.1-py3-none-any.whl.metadata (3.1 kB)
2025-08-16T23:12:21.6329129Z #41 3.952 Collecting numpy>=1.9.3 (from keepa==1.3.14->-r requirements.txt (line 1))
2025-08-16T23:12:21.6330109Z #41 3.957   Downloading numpy-2.3.2-cp312-cp312-manylinux_2_27_x86_64.manylinux_2_28_x86_64.whl.metadata (62 kB)
2025-08-16T23:12:21.6331085Z #41 4.212 Collecting requests>=2.2 (from keepa==1.3.14->-r requirements.txt (line 1))
2025-08-16T23:12:21.6331905Z #41 4.221   Downloading requests-2.32.4-py3-none-any.whl.metadata (4.9 kB)
2025-08-16T23:12:21.6332660Z #41 4.303 Collecting tqdm (from keepa==1.3.14->-r requirements.txt (line 1))
2025-08-16T23:12:21.6333393Z #41 4.313   Downloading tqdm-4.67.1-py3-none-any.whl.metadata (57 kB)
2025-08-16T23:12:21.6334146Z #41 5.035 Collecting aiohttp (from keepa==1.3.14->-r requirements.txt (line 1))
2025-08-16T23:12:21.6335440Z #41 5.041   Downloading aiohttp-3.12.15-cp312-cp312-manylinux_2_17_x86_64.manylinux2014_x86_64.whl.metadata (7.7 kB)
2025-08-16T23:12:21.6336483Z #41 5.236 Collecting pandas<=3.0 (from keepa==1.3.14->-r requirements.txt (line 1))
2025-08-16T23:12:21.6337740Z #41 5.246   Downloading pandas-2.3.1-cp312-cp312-manylinux_2_17_x86_64.manylinux2014_x86_64.whl.metadata (91 kB)
2025-08-16T23:12:21.6338995Z #41 5.513 Collecting pydantic (from keepa==1.3.14->-r requirements.txt (line 1))
2025-08-16T23:12:21.6339809Z #41 5.519   Downloading pydantic-2.11.7-py3-none-any.whl.metadata (67 kB)
2025-08-16T23:12:21.6340598Z #41 5.572 Collecting certifi (from minio==7.1.15->-r requirements.txt (line 2))
2025-08-16T23:12:21.6341400Z #41 5.580   Downloading certifi-2025.8.3-py3-none-any.whl.metadata (2.4 kB)
2025-08-16T23:12:21.6342182Z #41 5.624 Collecting urllib3 (from minio==7.1.15->-r requirements.txt (line 2))
2025-08-16T23:12:21.6342969Z #41 5.631   Downloading urllib3-2.5.0-py3-none-any.whl.metadata (6.5 kB)
2025-08-16T23:12:21.6343832Z #41 5.659 Collecting six<2,>=1.15 (from python-amazon-sp-api==0.8.0->-r requirements.txt (line 3))
2025-08-16T23:12:21.6344689Z #41 5.667   Downloading six-1.17.0-py2.py3-none-any.whl.metadata (1.7 kB)
2025-08-16T23:12:21.6345574Z #41 6.276 Collecting boto3<2,>=1.16.39 (from python-amazon-sp-api==0.8.0->-r requirements.txt (line 3))
2025-08-16T23:12:21.6346430Z #41 6.285   Downloading boto3-1.40.11-py3-none-any.whl.metadata (6.7 kB)
2025-08-16T23:12:21.6347322Z #41 6.349 Collecting cachetools~=4.2.0 (from python-amazon-sp-api==0.8.0->-r requirements.txt (line 3))
2025-08-16T23:12:21.6348387Z #41 6.360   Downloading cachetools-4.2.4-py3-none-any.whl.metadata (4.8 kB)
2025-08-16T23:12:21.6349310Z #41 6.532 Collecting pycryptodome (from python-amazon-sp-api==0.8.0->-r requirements.txt (line 3))
2025-08-16T23:12:21.6350458Z #41 6.532   Downloading pycryptodome-3.23.0-cp37-abi3-manylinux_2_17_x86_64.manylinux2014_x86_64.whl.metadata (3.4 kB)
2025-08-16T23:12:21.6351542Z #41 6.621 Collecting pytz (from python-amazon-sp-api==0.8.0->-r requirements.txt (line 3))
2025-08-16T23:12:21.6352399Z #41 6.633   Downloading pytz-2025.2-py2.py3-none-any.whl.metadata (22 kB)
2025-08-16T23:12:21.6353285Z #41 6.659 Collecting confuse~=1.4.0 (from python-amazon-sp-api==0.8.0->-r requirements.txt (line 3))
2025-08-16T23:12:21.6354194Z #41 6.666   Downloading confuse-1.4.0-py2.py3-none-any.whl.metadata (3.8 kB)
2025-08-16T23:12:21.6355115Z #41 6.735 Collecting python-dotenv>=0.21.0 (from pydantic-settings==2.2.1->-r requirements.txt (line 4))
2025-08-16T23:12:21.6356047Z #41 6.743   Downloading python_dotenv-1.1.1-py3-none-any.whl.metadata (24 kB)
2025-08-16T23:12:21.6357088Z #41 7.422 Collecting botocore<1.41.0,>=1.40.11 (from boto3<2,>=1.16.39->python-amazon-sp-api==0.8.0->-r requirements.txt (line 3))
2025-08-16T23:12:21.6358285Z #41 7.428   Downloading botocore-1.40.11-py3-none-any.whl.metadata (5.7 kB)
2025-08-16T23:12:21.6359291Z #41 7.475 Collecting jmespath<2.0.0,>=0.7.1 (from boto3<2,>=1.16.39->python-amazon-sp-api==0.8.0->-r requirements.txt (line 3))
2025-08-16T23:12:21.6360255Z #41 7.486   Downloading jmespath-1.0.1-py3-none-any.whl.metadata (7.6 kB)
2025-08-16T23:12:21.6361246Z #41 7.532 Collecting s3transfer<0.14.0,>=0.13.0 (from boto3<2,>=1.16.39->python-amazon-sp-api==0.8.0->-r requirements.txt (line 3))
2025-08-16T23:12:21.6362271Z #41 7.537   Downloading s3transfer-0.13.1-py3-none-any.whl.metadata (1.7 kB)
2025-08-16T23:12:21.6363208Z #41 7.639 Collecting pyyaml (from confuse~=1.4.0->python-amazon-sp-api==0.8.0->-r requirements.txt (line 3))
2025-08-16T23:12:21.6364338Z #41 7.660   Downloading PyYAML-6.0.2-cp312-cp312-manylinux_2_17_x86_64.manylinux2014_x86_64.whl.metadata (2.1 kB)
2025-08-16T23:12:21.6365438Z #41 7.709 Collecting python-dateutil>=2.8.2 (from pandas<=3.0->keepa==1.3.14->-r requirements.txt (line 1))
2025-08-16T23:12:21.6366456Z #41 7.749   Downloading python_dateutil-2.9.0.post0-py2.py3-none-any.whl.metadata (8.4 kB)
2025-08-16T23:12:21.6367646Z #41 7.789 Collecting tzdata>=2022.7 (from pandas<=3.0->keepa==1.3.14->-r requirements.txt (line 1))
2025-08-16T23:12:21.6376777Z #41 7.794   Downloading tzdata-2025.2-py2.py3-none-any.whl.metadata (1.4 kB)
2025-08-16T23:12:21.6378182Z #41 7.822 Collecting annotated-types>=0.6.0 (from pydantic->keepa==1.3.14->-r requirements.txt (line 1))
2025-08-16T23:12:21.6379191Z #41 7.827   Downloading annotated_types-0.7.0-py3-none-any.whl.metadata (15 kB)
2025-08-16T23:12:21.6380126Z #41 8.903 Collecting pydantic-core==2.33.2 (from pydantic->keepa==1.3.14->-r requirements.txt (line 1))
2025-08-16T23:12:21.6381262Z #41 8.907   Downloading pydantic_core-2.33.2-cp312-cp312-manylinux_2_17_x86_64.manylinux2014_x86_64.whl.metadata (6.8 kB)
2025-08-16T23:12:21.6382438Z #41 8.952 Collecting typing-extensions>=4.12.2 (from pydantic->keepa==1.3.14->-r requirements.txt (line 1))
2025-08-16T23:12:21.6383442Z #41 8.958   Downloading typing_extensions-4.14.1-py3-none-any.whl.metadata (3.0 kB)
2025-08-16T23:12:21.6384428Z #41 8.983 Collecting typing-inspection>=0.4.0 (from pydantic->keepa==1.3.14->-r requirements.txt (line 1))
2025-08-16T23:12:21.6385409Z #41 8.988   Downloading typing_inspection-0.4.1-py3-none-any.whl.metadata (2.6 kB)
2025-08-16T23:12:21.6386415Z #41 9.119 Collecting charset_normalizer<4,>=2 (from requests>=2.2->keepa==1.3.14->-r requirements.txt (line 1))
2025-08-16T23:12:21.6387730Z #41 9.126   Downloading charset_normalizer-3.4.3-cp312-cp312-manylinux2014_x86_64.manylinux_2_17_x86_64.manylinux_2_28_x86_64.whl.metadata (36 kB)
2025-08-16T23:12:21.6389290Z #41 9.147 Collecting idna<4,>=2.5 (from requests>=2.2->keepa==1.3.14->-r requirements.txt (line 1))
2025-08-16T23:12:21.6390102Z #41 9.152   Downloading idna-3.10-py3-none-any.whl.metadata (10 kB)
2025-08-16T23:12:21.6390970Z #41 9.217 Collecting aiohappyeyeballs>=2.5.0 (from aiohttp->keepa==1.3.14->-r requirements.txt (line 1))
2025-08-16T23:12:21.6391964Z #41 9.222   Downloading aiohappyeyeballs-2.6.1-py3-none-any.whl.metadata (5.9 kB)
2025-08-16T23:12:21.6392919Z #41 9.247 Collecting aiosignal>=1.4.0 (from aiohttp->keepa==1.3.14->-r requirements.txt (line 1))
2025-08-16T23:12:21.6393808Z #41 9.252   Downloading aiosignal-1.4.0-py3-none-any.whl.metadata (3.7 kB)
2025-08-16T23:12:21.6394924Z #41 9.286 Collecting attrs>=17.3.0 (from aiohttp->keepa==1.3.14->-r requirements.txt (line 1))
2025-08-16T23:12:21.6395760Z #41 9.293   Downloading attrs-25.3.0-py3-none-any.whl.metadata (10 kB)
2025-08-16T23:12:21.6396596Z #41 9.407 Collecting frozenlist>=1.1.1 (from aiohttp->keepa==1.3.14->-r requirements.txt (line 1))
2025-08-16T23:12:21.6397890Z #41 9.413   Downloading frozenlist-1.7.0-cp312-cp312-manylinux_2_5_x86_64.manylinux1_x86_64.manylinux_2_17_x86_64.manylinux2014_x86_64.whl.metadata (18 kB)
2025-08-16T23:12:21.6399338Z #41 9.749 Collecting multidict<7.0,>=4.5 (from aiohttp->keepa==1.3.14->-r requirements.txt (line 1))
2025-08-16T23:12:21.6400565Z #41 9.757   Downloading multidict-6.6.4-cp312-cp312-manylinux2014_x86_64.manylinux_2_17_x86_64.manylinux_2_28_x86_64.whl.metadata (5.3 kB)
2025-08-16T23:12:21.6401754Z #41 9.875 Collecting propcache>=0.2.0 (from aiohttp->keepa==1.3.14->-r requirements.txt (line 1))
2025-08-16T23:12:21.6402841Z #41 9.880   Downloading propcache-0.3.2-cp312-cp312-manylinux_2_17_x86_64.manylinux2014_x86_64.whl.metadata (12 kB)
2025-08-16T23:12:21.7310383Z #41 ...
2025-08-16T23:12:21.7323804Z 
2025-08-16T23:12:21.7325380Z #36 [api stage-1 3/6] RUN set -eux;     if [ -f /etc/apt/sources.list ]; then         sed -i 's|http://deb.debian.org|https://deb.debian.org|g' /etc/apt/sources.list;     fi;     apt-get update;     apt-get install -y --no-install-recommends tzdata postgresql-client curl;     rm -rf /var/lib/apt/lists/*
2025-08-16T23:12:21.7327131Z #36 10.15 Setting up libtasn1-6:amd64 (4.20.0-2) ...
2025-08-16T23:12:21.7327644Z #36 10.15 Setting up libkrb5-3:amd64 (1.21.3-5) ...
2025-08-16T23:12:21.7339426Z #36 10.16 Setting up libssh2-1t64:amd64 (1.11.1-1) ...
2025-08-16T23:12:21.7339991Z #36 10.17 Setting up libldap2:amd64 (2.6.10+dfsg-1) ...
2025-08-16T23:12:21.7344158Z #36 10.19 Setting up libidn2-0:amd64 (2.3.8-2) ...
2025-08-16T23:12:21.7344684Z #36 10.19 Setting up libperl5.40:amd64 (5.40.1-6) ...
2025-08-16T23:12:21.7345166Z #36 10.20 Setting up perl (5.40.1-6) ...
2025-08-16T23:12:21.7345857Z #36 10.21 Setting up libgssapi-krb5-2:amd64 (1.21.3-5) ...
2025-08-16T23:12:21.7347521Z #36 10.21 Setting up libgnutls30t64:amd64 (3.8.9-3) ...
2025-08-16T23:12:21.7349072Z #36 10.22 Setting up postgresql-client-common (278) ...
2025-08-16T23:12:21.7351421Z #36 10.23 Setting up libpsl5t64:amd64 (0.21.2-1.1+b1) ...
2025-08-16T23:12:21.7352152Z #36 10.24 Setting up libpq5:amd64 (17.5-1) ...
2025-08-16T23:12:21.7352978Z #36 10.24 Setting up librtmp1:amd64 (2.4+20151223.gitfa8646d.1-2+b5) ...
2025-08-16T23:12:21.8508939Z #36 10.25 Setting up libcurl4t64:amd64 (8.14.1-2) ...
2025-08-16T23:12:21.8511427Z #36 10.26 Setting up postgresql-client-17 (17.5-1) ...
2025-08-16T23:12:22.3945838Z #36 10.91 update-alternatives: using /usr/share/postgresql/17/man/man1/psql.1.gz to provide /usr/share/man/man1/psql.1.gz (psql.1.gz) in auto mode
2025-08-16T23:12:22.5032519Z #36 11.00 Setting up curl (8.14.1-2) ...
2025-08-16T23:12:22.5034521Z #36 11.01 Setting up postgresql-client (17+278) ...
2025-08-16T23:12:22.6255453Z #36 11.02 Processing triggers for libc-bin (2.41-12) ...
2025-08-16T23:12:22.6260957Z #36 11.08 + rm -rf /var/lib/apt/lists/auxfiles /var/lib/apt/lists/deb.debian.org_debian-security_dists_trixie-security_InRelease /var/lib/apt/lists/deb.debian.org_debian-security_dists_trixie-security_main_binary-amd64_Packages.lz4 /var/lib/apt/lists/deb.debian.org_debian_dists_trixie-updates_InRelease /var/lib/apt/lists/deb.debian.org_debian_dists_trixie-updates_main_binary-amd64_Packages.lz4 /var/lib/apt/lists/deb.debian.org_debian_dists_trixie_InRelease /var/lib/apt/lists/deb.debian.org_debian_dists_trixie_main_binary-amd64_Packages.lz4 /var/lib/apt/lists/lock /var/lib/apt/lists/partial
2025-08-16T23:12:22.7338701Z #36 DONE 11.2s
2025-08-16T23:12:22.7343108Z 
2025-08-16T23:12:22.7343704Z #42 [fees_h10 stage-1 3/6] COPY --from=base /usr/local /usr/local
2025-08-16T23:12:22.7344445Z #42 DONE 1.5s
2025-08-16T23:12:22.7344940Z 
2025-08-16T23:12:22.7346058Z #43 [fees_h10 stage-1 4/6] COPY --from=base /app /app
2025-08-16T23:12:22.8975084Z #43 DONE 0.0s
2025-08-16T23:12:22.8975641Z 
2025-08-16T23:12:22.8976168Z #44 [fees_h10 stage-1 5/6] COPY start.sh ./start.sh
2025-08-16T23:12:22.8976859Z #44 DONE 0.0s
2025-08-16T23:12:22.8977048Z 
2025-08-16T23:12:22.8978709Z #41 [etl base 4/5] RUN if [ -n "" ] && [ -f "" ]; then         pip install -r requirements.txt -c "";     else         pip install -r requirements.txt;     fi
2025-08-16T23:12:22.8979944Z #41 10.34 Collecting yarl<2.0,>=1.17.0 (from aiohttp->keepa==1.3.14->-r requirements.txt (line 1))
2025-08-16T23:12:22.8980830Z #41 10.34   Downloading yarl-1.20.1-cp312-cp312-manylinux_2_17_x86_64.manylinux2014_x86_64.whl.metadata (73 kB)
2025-08-16T23:12:22.8981549Z #41 10.73 Downloading keepa-1.3.14-py3-none-any.whl (33 kB)
2025-08-16T23:12:22.8982080Z #41 10.74 Downloading minio-7.1.15-py3-none-any.whl (77 kB)
2025-08-16T23:12:22.8982636Z #41 10.75 Downloading python_amazon_sp_api-0.8.0-py3-none-any.whl (93 kB)
2025-08-16T23:12:22.8983242Z #41 10.76 Downloading pydantic_settings-2.2.1-py3-none-any.whl (13 kB)
2025-08-16T23:12:22.8983808Z #41 10.77 Downloading boto3-1.40.11-py3-none-any.whl (140 kB)
2025-08-16T23:12:22.8984317Z #41 10.78 Downloading cachetools-4.2.4-py3-none-any.whl (10 kB)
2025-08-16T23:12:22.8984844Z #41 10.80 Downloading confuse-1.4.0-py2.py3-none-any.whl (21 kB)
2025-08-16T23:12:22.8985545Z #41 10.82 Downloading numpy-2.3.2-cp312-cp312-manylinux_2_27_x86_64.manylinux_2_28_x86_64.whl (16.6 MB)
2025-08-16T23:12:22.8986695Z #41 10.93    ━━━━━━━━━━━━━━━━━━━━━━━━━━━━━━━━━━━━━━━━ 16.6/16.6 MB 150.6 MB/s eta 0:00:00
2025-08-16T23:12:22.8987407Z #41 10.94 Downloading pandas-2.3.1-cp312-cp312-manylinux_2_17_x86_64.manylinux2014_x86_64.whl (12.0 MB)
2025-08-16T23:12:22.8988413Z #41 11.03    ━━━━━━━━━━━━━━━━━━━━━━━━━━━━━━━━━━━━━━━━ 12.0/12.0 MB 147.9 MB/s eta 0:00:00
2025-08-16T23:12:22.8989278Z #41 11.03 Downloading pydantic-2.11.7-py3-none-any.whl (444 kB)
2025-08-16T23:12:22.8990031Z #41 11.05 Downloading pydantic_core-2.33.2-cp312-cp312-manylinux_2_17_x86_64.manylinux2014_x86_64.whl (2.0 MB)
2025-08-16T23:12:22.8991166Z #41 11.08    ━━━━━━━━━━━━━━━━━━━━━━━━━━━━━━━━━━━━━━━━ 2.0/2.0 MB 53.7 MB/s eta 0:00:00
2025-08-16T23:12:22.8991707Z #41 11.09 Downloading python_dotenv-1.1.1-py3-none-any.whl (20 kB)
2025-08-16T23:12:22.8992244Z #41 11.10 Downloading pytz-2025.2-py2.py3-none-any.whl (509 kB)
2025-08-16T23:12:22.8992817Z #41 11.13 Downloading requests-2.32.4-py3-none-any.whl (64 kB)
2025-08-16T23:12:22.8993341Z #41 11.14 Downloading certifi-2025.8.3-py3-none-any.whl (161 kB)
2025-08-16T23:12:22.8993852Z #41 11.16 Downloading six-1.17.0-py2.py3-none-any.whl (11 kB)
2025-08-16T23:12:22.8994342Z #41 11.16 Downloading urllib3-2.5.0-py3-none-any.whl (129 kB)
2025-08-16T23:12:22.8995051Z #41 11.18 Downloading aiohttp-3.12.15-cp312-cp312-manylinux_2_17_x86_64.manylinux2014_x86_64.whl (1.7 MB)
2025-08-16T23:12:22.8999169Z #41 11.19    ━━━━━━━━━━━━━━━━━━━━━━━━━━━━━━━━━━━━━━━━ 1.7/1.7 MB 113.0 MB/s eta 0:00:00
2025-08-16T23:12:22.9000278Z #41 11.20 Downloading pycryptodome-3.23.0-cp37-abi3-manylinux_2_17_x86_64.manylinux2014_x86_64.whl (2.3 MB)
2025-08-16T23:12:22.9003056Z #41 11.22    ━━━━━━━━━━━━━━━━━━━━━━━━━━━━━━━━━━━━━━━━ 2.3/2.3 MB 127.5 MB/s eta 0:00:00
2025-08-16T23:12:22.9005171Z #41 11.22 Downloading tqdm-4.67.1-py3-none-any.whl (78 kB)
2025-08-16T23:12:22.9006827Z #41 11.24 Downloading aiohappyeyeballs-2.6.1-py3-none-any.whl (15 kB)
2025-08-16T23:12:22.9007514Z #41 11.25 Downloading aiosignal-1.4.0-py3-none-any.whl (7.5 kB)
2025-08-16T23:12:22.9008374Z #41 11.27 Downloading annotated_types-0.7.0-py3-none-any.whl (13 kB)
2025-08-16T23:12:22.9009003Z #41 11.27 Downloading attrs-25.3.0-py3-none-any.whl (63 kB)
2025-08-16T23:12:22.9009594Z #41 11.28 Downloading botocore-1.40.11-py3-none-any.whl (14.0 MB)
2025-08-16T23:12:22.9010431Z #41 11.36    ━━━━━━━━━━━━━━━━━━━━━━━━━━━━━━━━━━━━━━━━ 14.0/14.0 MB 199.5 MB/s eta 0:00:00
2025-08-16T23:12:23.0064924Z #41 ...
2025-08-16T23:12:23.0067136Z 
2025-08-16T23:12:23.0068488Z #45 [fees_h10 stage-1 6/6] RUN chmod +x ./start.sh
2025-08-16T23:12:23.0069370Z #45 DONE 0.2s
2025-08-16T23:12:23.0081850Z 
2025-08-16T23:12:23.0084098Z #41 [etl base 4/5] RUN if [ -n "" ] && [ -f "" ]; then         pip install -r requirements.txt -c "";     else         pip install -r requirements.txt;     fi
2025-08-16T23:12:23.0085498Z #41 11.36 Downloading charset_normalizer-3.4.3-cp312-cp312-manylinux2014_x86_64.manylinux_2_17_x86_64.manylinux_2_28_x86_64.whl (151 kB)
2025-08-16T23:12:23.0087023Z #41 11.37 Downloading frozenlist-1.7.0-cp312-cp312-manylinux_2_5_x86_64.manylinux1_x86_64.manylinux_2_17_x86_64.manylinux2014_x86_64.whl (241 kB)
2025-08-16T23:12:23.0088251Z #41 11.39 Downloading idna-3.10-py3-none-any.whl (70 kB)
2025-08-16T23:12:23.0088834Z #41 11.39 Downloading jmespath-1.0.1-py3-none-any.whl (20 kB)
2025-08-16T23:12:23.0089788Z #41 11.41 Downloading multidict-6.6.4-cp312-cp312-manylinux2014_x86_64.manylinux_2_17_x86_64.manylinux_2_28_x86_64.whl (256 kB)
2025-08-16T23:12:23.0090941Z #41 11.43 Downloading propcache-0.3.2-cp312-cp312-manylinux_2_17_x86_64.manylinux2014_x86_64.whl (224 kB)
2025-08-16T23:12:23.0091867Z #41 11.44 Downloading python_dateutil-2.9.0.post0-py2.py3-none-any.whl (229 kB)
2025-08-16T23:12:23.0092562Z #41 11.45 Downloading s3transfer-0.13.1-py3-none-any.whl (85 kB)
2025-08-16T23:12:23.0093226Z #41 11.46 Downloading typing_extensions-4.14.1-py3-none-any.whl (43 kB)
2025-08-16T23:12:23.1228556Z #41 11.47 Downloading typing_inspection-0.4.1-py3-none-any.whl (14 kB)
2025-08-16T23:12:23.1230192Z #41 11.48 Downloading tzdata-2025.2-py2.py3-none-any.whl (347 kB)
2025-08-16T23:12:23.1232563Z #41 11.50 Downloading yarl-1.20.1-cp312-cp312-manylinux_2_17_x86_64.manylinux2014_x86_64.whl (355 kB)
2025-08-16T23:12:23.1233588Z #41 11.51 Downloading PyYAML-6.0.2-cp312-cp312-manylinux_2_17_x86_64.manylinux2014_x86_64.whl (767 kB)
2025-08-16T23:12:23.1235118Z #41 11.53    ━━━━━━━━━━━━━━━━━━━━━━━━━━━━━━━━━━━━━━━━ 767.5/767.5 kB 79.3 MB/s eta 0:00:00
2025-08-16T23:12:23.4992797Z #41 11.84 Installing collected packages: pytz, urllib3, tzdata, typing-extensions, tqdm, six, pyyaml, python-dotenv, pycryptodome, propcache, numpy, multidict, jmespath, idna, frozenlist, charset_normalizer, certifi, cachetools, attrs, annotated-types, aiohappyeyeballs, yarl, typing-inspection, requests, python-dateutil, pydantic-core, minio, confuse, aiosignal, pydantic, pandas, botocore, aiohttp, s3transfer, pydantic-settings, keepa, boto3, python-amazon-sp-api
2025-08-16T23:12:24.3207770Z #41 ...
2025-08-16T23:12:24.3208586Z 
2025-08-16T23:12:24.3208942Z #46 [fees_h10] exporting to image
2025-08-16T23:12:24.3209722Z #46 exporting layers 1.3s done
2025-08-16T23:12:24.3210479Z #46 writing image sha256:28ddfbb9b45f4287cd209a2e02ddede59314bcd854d409cf8351d5e27df64ec4 done
2025-08-16T23:12:24.3211276Z #46 naming to docker.io/library/awa-app-fees_h10 done
2025-08-16T23:12:24.3211735Z #46 DONE 1.3s
2025-08-16T23:12:24.3211936Z 
2025-08-16T23:12:24.3212123Z #47 [fees_h10] resolving provenance for metadata file
2025-08-16T23:12:24.3212564Z #47 DONE 0.0s
2025-08-16T23:12:24.4283049Z 
2025-08-16T23:12:24.4303696Z #38 [api base  4/12] RUN pip install --no-cache-dir -r requirements.txt
2025-08-16T23:12:24.4304615Z #38 8.269 Collecting botocore<1.35.0,>=1.34.162 (from boto3==1.34.162->-r requirements.txt (line 9))
2025-08-16T23:12:24.4305461Z #38 8.292   Downloading botocore-1.34.162-py3-none-any.whl.metadata (5.7 kB)
2025-08-16T23:12:24.4306303Z #38 8.306 Collecting jmespath<2.0.0,>=0.7.1 (from boto3==1.34.162->-r requirements.txt (line 9))
2025-08-16T23:12:24.4307128Z #38 8.325   Downloading jmespath-1.0.1-py3-none-any.whl.metadata (7.6 kB)
2025-08-16T23:12:24.4307943Z #38 8.356 Collecting s3transfer<0.11.0,>=0.10.0 (from boto3==1.34.162->-r requirements.txt (line 9))
2025-08-16T23:12:24.4308998Z #38 8.375   Downloading s3transfer-0.10.4-py3-none-any.whl.metadata (1.7 kB)
2025-08-16T23:12:24.4309828Z #38 8.449 Collecting MarkupSafe>=2.0 (from Jinja2==3.1.5->-r requirements.txt (line 10))
2025-08-16T23:12:24.4310859Z #38 8.468   Downloading MarkupSafe-3.0.2-cp312-cp312-manylinux_2_17_x86_64.manylinux2014_x86_64.whl.metadata (4.0 kB)
2025-08-16T23:12:24.4311961Z #38 8.717 Collecting psycopg-binary==3.2.9 (from psycopg[binary]==3.2.9->-r requirements.txt (line 6))
2025-08-16T23:12:24.4313080Z #38 8.741   Downloading psycopg_binary-3.2.9-cp312-cp312-manylinux_2_17_x86_64.manylinux2014_x86_64.whl.metadata (2.9 kB)
2025-08-16T23:12:24.4314276Z #38 8.776 Collecting python-dateutil<3.0.0,>=2.1 (from botocore<1.35.0,>=1.34.162->boto3==1.34.162->-r requirements.txt (line 9))
2025-08-16T23:12:24.4315283Z #38 8.799   Downloading python_dateutil-2.9.0.post0-py2.py3-none-any.whl.metadata (8.4 kB)
2025-08-16T23:12:24.4316275Z #38 8.843 Collecting urllib3!=2.2.0,<3,>=1.25.4 (from botocore<1.35.0,>=1.34.162->boto3==1.34.162->-r requirements.txt (line 9))
2025-08-16T23:12:24.4317199Z #38 8.863   Downloading urllib3-2.5.0-py3-none-any.whl.metadata (6.5 kB)
2025-08-16T23:12:24.4318289Z #38 8.888 Collecting dnspython>=2.0.0 (from email_validator>=2.0.0->fastapi==0.111.0->-r requirements.txt (line 3))
2025-08-16T23:12:24.4319235Z #38 8.909   Downloading dnspython-2.7.0-py3-none-any.whl.metadata (5.8 kB)
2025-08-16T23:12:24.4320068Z #38 8.957 Collecting typer>=0.15.1 (from fastapi-cli>=0.0.2->fastapi==0.111.0->-r requirements.txt (line 3))
2025-08-16T23:12:24.4320932Z #38 8.979   Downloading typer-0.16.0-py3-none-any.whl.metadata (15 kB)
2025-08-16T23:12:24.4321765Z #38 9.017 Collecting rich-toolkit>=0.14.8 (from fastapi-cli>=0.0.2->fastapi==0.111.0->-r requirements.txt (line 3))
2025-08-16T23:12:24.4322692Z #38 9.047   Downloading rich_toolkit-0.15.0-py3-none-any.whl.metadata (1.0 kB)
2025-08-16T23:12:24.4323708Z #38 9.060 Collecting annotated-types>=0.6.0 (from pydantic>=2.3.0->pydantic-settings==2.2.1->-r requirements.txt (line 2))
2025-08-16T23:12:24.4324712Z #38 9.196   Downloading annotated_types-0.7.0-py3-none-any.whl.metadata (15 kB)
2025-08-16T23:12:24.4326031Z #38 10.14 Collecting pydantic-core==2.33.2 (from pydantic>=2.3.0->pydantic-settings==2.2.1->-r requirements.txt (line 2))
2025-08-16T23:12:24.4327454Z #38 10.16   Downloading pydantic_core-2.33.2-cp312-cp312-manylinux_2_17_x86_64.manylinux2014_x86_64.whl.metadata (6.8 kB)
2025-08-16T23:12:24.4328916Z #38 10.19 Collecting typing-inspection>=0.4.0 (from pydantic>=2.3.0->pydantic-settings==2.2.1->-r requirements.txt (line 2))
2025-08-16T23:12:24.4329977Z #38 10.21   Downloading typing_inspection-0.4.1-py3-none-any.whl.metadata (2.6 kB)
2025-08-16T23:12:24.4330988Z #38 10.53 Collecting httptools>=0.5.0 (from uvicorn[standard]>=0.12.0->fastapi==0.111.0->-r requirements.txt (line 3))
2025-08-16T23:12:24.4332335Z #38 10.55   Downloading httptools-0.6.4-cp312-cp312-manylinux_2_5_x86_64.manylinux1_x86_64.manylinux_2_17_x86_64.manylinux2014_x86_64.whl.metadata (3.6 kB)
2025-08-16T23:12:24.4333693Z #38 10.64 Collecting pyyaml>=5.1 (from uvicorn[standard]>=0.12.0->fastapi==0.111.0->-r requirements.txt (line 3))
2025-08-16T23:12:24.4334840Z #38 10.66   Downloading PyYAML-6.0.2-cp312-cp312-manylinux_2_17_x86_64.manylinux2014_x86_64.whl.metadata (2.1 kB)
2025-08-16T23:12:24.4336004Z #38 10.73 Collecting uvloop!=0.15.0,!=0.15.1,>=0.14.0 (from uvicorn[standard]>=0.12.0->fastapi==0.111.0->-r requirements.txt (line 3))
2025-08-16T23:12:24.4337163Z #38 10.75   Downloading uvloop-0.21.0-cp312-cp312-manylinux_2_17_x86_64.manylinux2014_x86_64.whl.metadata (4.9 kB)
2025-08-16T23:12:24.4338504Z #38 10.89 Collecting watchfiles>=0.13 (from uvicorn[standard]>=0.12.0->fastapi==0.111.0->-r requirements.txt (line 3))
2025-08-16T23:12:24.4339665Z #38 10.92   Downloading watchfiles-1.1.0-cp312-cp312-manylinux_2_17_x86_64.manylinux2014_x86_64.whl.metadata (4.9 kB)
2025-08-16T23:12:24.4340833Z #38 11.03 Collecting websockets>=10.4 (from uvicorn[standard]>=0.12.0->fastapi==0.111.0->-r requirements.txt (line 3))
2025-08-16T23:12:24.4342229Z #38 11.06   Downloading websockets-15.0.1-cp312-cp312-manylinux_2_5_x86_64.manylinux1_x86_64.manylinux_2_17_x86_64.manylinux2014_x86_64.whl.metadata (6.8 kB)
2025-08-16T23:12:24.4343650Z #38 11.10 Collecting six>=1.5 (from python-dateutil<3.0.0,>=2.1->botocore<1.35.0,>=1.34.162->boto3==1.34.162->-r requirements.txt (line 9))
2025-08-16T23:12:24.4344669Z #38 11.13   Downloading six-1.17.0-py2.py3-none-any.whl.metadata (1.7 kB)
2025-08-16T23:12:24.4345621Z #38 11.20 Collecting rich>=13.7.1 (from rich-toolkit>=0.14.8->fastapi-cli>=0.0.2->fastapi==0.111.0->-r requirements.txt (line 3))
2025-08-16T23:12:24.4346570Z #38 11.22   Downloading rich-14.1.0-py3-none-any.whl.metadata (18 kB)
2025-08-16T23:12:24.4347521Z #38 11.28 Collecting shellingham>=1.3.0 (from typer>=0.15.1->fastapi-cli>=0.0.2->fastapi==0.111.0->-r requirements.txt (line 3))
2025-08-16T23:12:24.4348797Z #38 11.30   Downloading shellingham-1.5.4-py2.py3-none-any.whl.metadata (3.5 kB)
2025-08-16T23:12:24.4349920Z #38 11.39 Collecting markdown-it-py>=2.2.0 (from rich>=13.7.1->rich-toolkit>=0.14.8->fastapi-cli>=0.0.2->fastapi==0.111.0->-r requirements.txt (line 3))
2025-08-16T23:12:24.4351010Z #38 11.41   Downloading markdown_it_py-4.0.0-py3-none-any.whl.metadata (7.3 kB)
2025-08-16T23:12:24.4352066Z #38 11.46 Collecting pygments<3.0.0,>=2.13.0 (from rich>=13.7.1->rich-toolkit>=0.14.8->fastapi-cli>=0.0.2->fastapi==0.111.0->-r requirements.txt (line 3))
2025-08-16T23:12:24.4353133Z #38 11.48   Downloading pygments-2.19.2-py3-none-any.whl.metadata (2.5 kB)
2025-08-16T23:12:24.4354248Z #38 11.50 Collecting mdurl~=0.1 (from markdown-it-py>=2.2.0->rich>=13.7.1->rich-toolkit>=0.14.8->fastapi-cli>=0.0.2->fastapi==0.111.0->-r requirements.txt (line 3))
2025-08-16T23:12:24.4355331Z #38 11.53   Downloading mdurl-0.1.2-py3-none-any.whl.metadata (1.6 kB)
2025-08-16T23:12:24.4355991Z #38 11.57 Downloading uvicorn-0.29.0-py3-none-any.whl (60 kB)
2025-08-16T23:12:24.4356660Z #38 11.59 Downloading pydantic_settings-2.2.1-py3-none-any.whl (13 kB)
2025-08-16T23:12:24.4357319Z #38 11.61 Downloading fastapi-0.111.0-py3-none-any.whl (91 kB)
2025-08-16T23:12:24.4358532Z #38 11.64 Downloading SQLAlchemy-2.0.29-cp312-cp312-manylinux_2_17_x86_64.manylinux2014_x86_64.whl (3.2 MB)
2025-08-16T23:12:24.4359823Z #38 11.85    ━━━━━━━━━━━━━━━━━━━━━━━━━━━━━━━━━━━━━━━━ 3.2/3.2 MB 16.4 MB/s eta 0:00:00
2025-08-16T23:12:24.4360632Z #38 11.87 Downloading alembic-1.13.1-py3-none-any.whl (233 kB)
2025-08-16T23:12:24.4361250Z #38 11.89 Downloading psycopg-3.2.9-py3-none-any.whl (202 kB)
2025-08-16T23:12:24.4361831Z #38 11.92 Downloading httpx-0.27.2-py3-none-any.whl (76 kB)
2025-08-16T23:12:24.4362617Z #38 11.94 Downloading asyncpg-0.29.0-cp312-cp312-manylinux_2_17_x86_64.manylinux2014_x86_64.whl (3.3 MB)
2025-08-16T23:12:24.4363606Z #38 11.97    ━━━━━━━━━━━━━━━━━━━━━━━━━━━━━━━━━━━━━━━━ 3.3/3.3 MB 183.0 MB/s eta 0:00:00
2025-08-16T23:12:24.4364155Z #38 12.00 Downloading boto3-1.34.162-py3-none-any.whl (139 kB)
2025-08-16T23:12:24.4364744Z #38 12.02 Downloading jinja2-3.1.5-py3-none-any.whl (134 kB)
2025-08-16T23:12:24.4365324Z #38 12.04 Downloading httpcore-1.0.9-py3-none-any.whl (78 kB)
2025-08-16T23:12:24.4366172Z #38 12.06 Downloading psycopg_binary-3.2.9-cp312-cp312-manylinux_2_17_x86_64.manylinux2014_x86_64.whl (4.4 MB)
2025-08-16T23:12:24.4367226Z #38 12.09    ━━━━━━━━━━━━━━━━━━━━━━━━━━━━━━━━━━━━━━━━ 4.4/4.4 MB 206.8 MB/s eta 0:00:00
2025-08-16T23:12:24.4367860Z #38 12.12 Downloading botocore-1.34.162-py3-none-any.whl (12.5 MB)
2025-08-16T23:12:24.4368913Z #38 12.20    ━━━━━━━━━━━━━━━━━━━━━━━━━━━━━━━━━━━━━━━━ 12.5/12.5 MB 167.5 MB/s eta 0:00:00
2025-08-16T23:12:24.4369580Z #38 12.22 Downloading click-8.2.1-py3-none-any.whl (102 kB)
2025-08-16T23:12:24.4370249Z #38 12.24 Downloading email_validator-2.2.0-py3-none-any.whl (33 kB)
2025-08-16T23:12:24.4370938Z #38 12.27 Downloading fastapi_cli-0.0.8-py3-none-any.whl (10 kB)
2025-08-16T23:12:24.4371793Z #38 12.29 Downloading greenlet-3.2.4-cp312-cp312-manylinux_2_24_x86_64.manylinux_2_28_x86_64.whl (607 kB)
2025-08-16T23:12:24.4372856Z #38 12.30    ━━━━━━━━━━━━━━━━━━━━━━━━━━━━━━━━━━━━━━━ 607.6/607.6 kB 470.4 MB/s eta 0:00:00
2025-08-16T23:12:24.4373462Z #38 12.32 Downloading h11-0.16.0-py3-none-any.whl (37 kB)
2025-08-16T23:12:24.4374025Z #38 12.35 Downloading idna-3.10-py3-none-any.whl (70 kB)
2025-08-16T23:12:24.4374614Z #38 12.36 Downloading jmespath-1.0.1-py3-none-any.whl (20 kB)
2025-08-16T23:12:24.4375452Z #38 12.39 Downloading MarkupSafe-3.0.2-cp312-cp312-manylinux_2_17_x86_64.manylinux2014_x86_64.whl (23 kB)
2025-08-16T23:12:24.4376455Z #38 12.42 Downloading orjson-3.11.2-cp312-cp312-manylinux_2_17_x86_64.manylinux2014_x86_64.whl (121 kB)
2025-08-16T23:12:24.4377314Z #38 12.44 Downloading pydantic-2.11.7-py3-none-any.whl (444 kB)
2025-08-16T23:12:24.4378389Z #38 12.47 Downloading pydantic_core-2.33.2-cp312-cp312-manylinux_2_17_x86_64.manylinux2014_x86_64.whl (2.0 MB)
2025-08-16T23:12:24.4379434Z #38 12.47    ━━━━━━━━━━━━━━━━━━━━━━━━━━━━━━━━━━━━━━━━ 2.0/2.0 MB 459.5 MB/s eta 0:00:00
2025-08-16T23:12:24.4380072Z #38 12.50 Downloading python_dotenv-1.1.1-py3-none-any.whl (20 kB)
2025-08-16T23:12:24.4380968Z #38 12.59 Downloading python_multipart-0.0.20-py3-none-any.whl (24 kB)
2025-08-16T23:12:24.4381675Z #38 12.63 Downloading s3transfer-0.10.4-py3-none-any.whl (83 kB)
2025-08-16T23:12:24.4382302Z #38 12.65 Downloading starlette-0.37.2-py3-none-any.whl (71 kB)
2025-08-16T23:12:24.4383093Z #38 12.67 Downloading anyio-4.10.0-py3-none-any.whl (107 kB)
2025-08-16T23:12:24.4383689Z #38 12.69 Downloading sniffio-1.3.1-py3-none-any.whl (10 kB)
2025-08-16T23:12:24.4384348Z #38 12.71 Downloading typing_extensions-4.14.1-py3-none-any.whl (43 kB)
2025-08-16T23:12:24.4385224Z #38 12.73 Downloading ujson-5.10.0-cp312-cp312-manylinux_2_17_x86_64.manylinux2014_x86_64.whl (53 kB)
2025-08-16T23:12:24.4386050Z #38 12.75 Downloading certifi-2025.8.3-py3-none-any.whl (161 kB)
2025-08-16T23:12:24.4386674Z #38 12.77 Downloading mako-1.3.10-py3-none-any.whl (78 kB)
2025-08-16T23:12:24.4387270Z #38 12.79 Downloading annotated_types-0.7.0-py3-none-any.whl (13 kB)
2025-08-16T23:12:24.4387913Z #38 12.81 Downloading dnspython-2.7.0-py3-none-any.whl (313 kB)
2025-08-16T23:12:24.4389139Z #38 12.83 Downloading httptools-0.6.4-cp312-cp312-manylinux_2_5_x86_64.manylinux1_x86_64.manylinux_2_17_x86_64.manylinux2014_x86_64.whl (510 kB)
2025-08-16T23:12:24.4390290Z #38 12.85 Downloading python_dateutil-2.9.0.post0-py2.py3-none-any.whl (229 kB)
2025-08-16T23:12:24.4391209Z #38 12.87 Downloading PyYAML-6.0.2-cp312-cp312-manylinux_2_17_x86_64.manylinux2014_x86_64.whl (767 kB)
2025-08-16T23:12:24.4392226Z #38 12.88    ━━━━━━━━━━━━━━━━━━━━━━━━━━━━━━━━━━━━━━━ 767.5/767.5 kB 438.1 MB/s eta 0:00:00
2025-08-16T23:12:24.4392845Z #38 12.90 Downloading rich_toolkit-0.15.0-py3-none-any.whl (29 kB)
2025-08-16T23:12:24.5401624Z #38 12.92 Downloading typer-0.16.0-py3-none-any.whl (46 kB)
2025-08-16T23:12:24.5403771Z #38 12.94 Downloading typing_inspection-0.4.1-py3-none-any.whl (14 kB)
2025-08-16T23:12:24.5404502Z #38 12.96 Downloading urllib3-2.5.0-py3-none-any.whl (129 kB)
2025-08-16T23:12:24.5419784Z #38 12.98 Downloading uvloop-0.21.0-cp312-cp312-manylinux_2_17_x86_64.manylinux2014_x86_64.whl (4.7 MB)
2025-08-16T23:12:24.6409584Z #38 13.01    ━━━━━━━━━━━━━━━━━━━━━━━━━━━━━━━━━━━━━━━━ 4.7/4.7 MB 229.3 MB/s eta 0:00:00
2025-08-16T23:12:24.6410809Z #38 13.03 Downloading watchfiles-1.1.0-cp312-cp312-manylinux_2_17_x86_64.manylinux2014_x86_64.whl (452 kB)
2025-08-16T23:12:24.6412440Z #38 13.05 Downloading websockets-15.0.1-cp312-cp312-manylinux_2_5_x86_64.manylinux1_x86_64.manylinux_2_17_x86_64.manylinux2014_x86_64.whl (182 kB)
2025-08-16T23:12:24.6413668Z #38 13.07 Downloading rich-14.1.0-py3-none-any.whl (243 kB)
2025-08-16T23:12:24.6414804Z #38 13.09 Downloading shellingham-1.5.4-py2.py3-none-any.whl (9.8 kB)
2025-08-16T23:12:24.6416631Z #38 13.11 Downloading six-1.17.0-py2.py3-none-any.whl (11 kB)
2025-08-16T23:12:24.8566929Z #38 13.13 Downloading markdown_it_py-4.0.0-py3-none-any.whl (87 kB)
2025-08-16T23:12:24.8570347Z #38 13.15 Downloading pygments-2.19.2-py3-none-any.whl (1.2 MB)
2025-08-16T23:12:24.8571322Z #38 13.16    ━━━━━━━━━━━━━━━━━━━━━━━━━━━━━━━━━━━━━━━━ 1.2/1.2 MB 404.6 MB/s eta 0:00:00
2025-08-16T23:12:24.8571931Z #38 13.17 Downloading mdurl-0.1.2-py3-none-any.whl (10.0 kB)
2025-08-16T23:12:24.9516020Z #38 13.42 Installing collected packages: websockets, uvloop, urllib3, ujson, typing-extensions, sniffio, six, shellingham, pyyaml, python-multipart, python-dotenv, pygments, psycopg-binary, orjson, mdurl, MarkupSafe, jmespath, idna, httptools, h11, greenlet, dnspython, click, certifi, asyncpg, annotated-types, uvicorn, typing-inspection, sqlalchemy, python-dateutil, pydantic-core, psycopg, markdown-it-py, Mako, Jinja2, httpcore, email_validator, anyio, watchfiles, starlette, rich, pydantic, httpx, botocore, alembic, typer, s3transfer, rich-toolkit, pydantic-settings, fastapi-cli, boto3, fastapi
2025-08-16T23:12:25.5957948Z #38 ...
2025-08-16T23:12:25.5960968Z 
2025-08-16T23:12:25.5962598Z #48 [postgres 2/6] RUN set -eux;     if [ -f /etc/apt/sources.list ]; then         sed -i 's|http://deb.debian.org|https://deb.debian.org|g' /etc/apt/sources.list;     fi;     apt-get update;     apt-get install -y locales;     locale-gen en_US.UTF-8;     rm -rf /var/lib/apt/lists/*
2025-08-16T23:12:25.5964229Z #48 0.221 + [ -f /etc/apt/sources.list ]
2025-08-16T23:12:25.5964980Z #48 0.222 + apt-get update
2025-08-16T23:12:25.5965569Z #48 0.268 Get:1 http://apt.postgresql.org/pub/repos/apt trixie-pgdg InRelease [107 kB]
2025-08-16T23:12:25.5966516Z #48 0.305 Get:2 http://apt.postgresql.org/pub/repos/apt trixie-pgdg/main amd64 Packages [334 kB]
2025-08-16T23:12:25.5967488Z #48 0.330 Get:3 http://apt.postgresql.org/pub/repos/apt trixie-pgdg/16 amd64 Packages [2,574 B]
2025-08-16T23:12:25.5968356Z #48 0.380 Get:4 http://deb.debian.org/debian trixie InRelease [138 kB]
2025-08-16T23:12:25.5969106Z #48 0.387 Get:5 http://deb.debian.org/debian trixie-updates InRelease [47.1 kB]
2025-08-16T23:12:25.5969924Z #48 0.400 Get:6 http://deb.debian.org/debian-security trixie-security InRelease [43.4 kB]
2025-08-16T23:12:25.5970449Z #48 0.436 Get:7 http://deb.debian.org/debian trixie/main amd64 Packages [9,668 kB]
2025-08-16T23:12:25.5971093Z #48 0.510 Get:8 http://deb.debian.org/debian trixie-updates/main amd64 Packages [2,432 B]
2025-08-16T23:12:25.5971886Z #48 0.510 Get:9 http://deb.debian.org/debian-security trixie-security/main amd64 Packages [8,780 B]
2025-08-16T23:12:25.5972380Z #48 1.427 Fetched 10.3 MB in 1s (8,892 kB/s)
2025-08-16T23:12:25.5972813Z #48 1.427 Reading package lists...
2025-08-16T23:12:25.5973248Z #48 2.264 + apt-get install -y locales
2025-08-16T23:12:25.5973606Z #48 2.276 Reading package lists...
2025-08-16T23:12:25.5973897Z #48 3.197 Building dependency tree...
2025-08-16T23:12:25.5974333Z #48 3.468 Reading state information...
2025-08-16T23:12:25.5974831Z #48 3.662 locales is already the newest version (2.41-12).
2025-08-16T23:12:25.5975480Z #48 3.662 0 upgraded, 0 newly installed, 0 to remove and 0 not upgraded.
2025-08-16T23:12:25.5976011Z #48 3.662 + locale-gen en_US.UTF-8
2025-08-16T23:12:25.5976318Z #48 3.665 Generating locales (this might take a while)...
2025-08-16T23:12:25.5976598Z #48 3.686   en_US.UTF-8... done
2025-08-16T23:12:25.5976921Z #48 5.067 Generation complete.
2025-08-16T23:12:25.5981329Z #48 5.067 + rm -rf /var/lib/apt/lists/apt.postgresql.org_pub_repos_apt_dists_trixie-pgdg_16_binary-amd64_Packages.lz4 /var/lib/apt/lists/apt.postgresql.org_pub_repos_apt_dists_trixie-pgdg_InRelease /var/lib/apt/lists/apt.postgresql.org_pub_repos_apt_dists_trixie-pgdg_main_binary-amd64_Packages.lz4 /var/lib/apt/lists/auxfiles /var/lib/apt/lists/deb.debian.org_debian-security_dists_trixie-security_InRelease /var/lib/apt/lists/deb.debian.org_debian-security_dists_trixie-security_main_binary-amd64_Packages.lz4 /var/lib/apt/lists/deb.debian.org_debian_dists_trixie-updates_InRelease /var/lib/apt/lists/deb.debian.org_debian_dists_trixie-updates_main_binary-amd64_Packages.lz4 /var/lib/apt/lists/deb.debian.org_debian_dists_trixie_InRelease /var/lib/apt/lists/deb.debian.org_debian_dists_trixie_main_binary-amd64_Packages.lz4 /var/lib/apt/lists/lock /var/lib/apt/lists/partial
2025-08-16T23:12:25.5986011Z #48 DONE 5.1s
2025-08-16T23:12:25.5986209Z 
2025-08-16T23:12:25.5986546Z #49 [postgres 3/6] COPY docker/postgres/pg_hba.conf /etc/postgresql/pg_hba.conf
2025-08-16T23:12:25.5987105Z #49 DONE 0.0s
2025-08-16T23:12:25.7741940Z 
2025-08-16T23:12:25.7744268Z #50 [postgres 4/6] COPY docker/postgres/init-pg_hba.sh /docker-entrypoint-initdb.d/10_init_pg_hba.sh
2025-08-16T23:12:25.7747059Z #50 DONE 0.0s
2025-08-16T23:12:25.7751182Z 
2025-08-16T23:12:25.7759171Z #51 [postgres 5/6] COPY docker/postgres/postgresql.conf /etc/postgresql/postgresql.conf
2025-08-16T23:12:25.7759878Z #51 DONE 0.0s
2025-08-16T23:12:25.7760065Z 
2025-08-16T23:12:25.7760592Z #52 [postgres 6/6] RUN chmod 0644 /etc/postgresql/pg_hba.conf &&     chmod +x /docker-entrypoint-initdb.d/10_init_pg_hba.sh
2025-08-16T23:12:25.7860990Z #52 DONE 0.2s
2025-08-16T23:12:25.7861447Z 
2025-08-16T23:12:25.7864409Z #41 [etl base 4/5] RUN if [ -n "" ] && [ -f "" ]; then         pip install -r requirements.txt -c "";     else         pip install -r requirements.txt;     fi
2025-08-16T23:12:27.3123924Z #41 ...
2025-08-16T23:12:27.3124099Z 
2025-08-16T23:12:27.3124252Z #53 [postgres] exporting to image
2025-08-16T23:12:27.3124690Z #53 exporting layers 1.3s done
2025-08-16T23:12:27.3125632Z #53 writing image sha256:8b620a36b7ede2405976e5a3908e1dc6478654327a95251e8ddefdb9aa3f7128 done
2025-08-16T23:12:27.3126410Z #53 naming to docker.io/library/awa-app-postgres done
2025-08-16T23:12:27.3126858Z #53 DONE 1.4s
2025-08-16T23:12:27.3127020Z 
2025-08-16T23:12:27.3127228Z #54 [postgres] resolving provenance for metadata file
2025-08-16T23:12:27.3127706Z #54 DONE 0.0s
2025-08-16T23:12:27.4625874Z 
2025-08-16T23:12:27.4626723Z #38 [api base  4/12] RUN pip install --no-cache-dir -r requirements.txt
2025-08-16T23:12:30.6460304Z #38 19.11 Successfully installed Jinja2-3.1.5 Mako-1.3.10 MarkupSafe-3.0.2 alembic-1.13.1 annotated-types-0.7.0 anyio-4.10.0 asyncpg-0.29.0 boto3-1.34.162 botocore-1.34.162 certifi-2025.8.3 click-8.2.1 dnspython-2.7.0 email_validator-2.2.0 fastapi-0.111.0 fastapi-cli-0.0.8 greenlet-3.2.4 h11-0.16.0 httpcore-1.0.9 httptools-0.6.4 httpx-0.27.2 idna-3.10 jmespath-1.0.1 markdown-it-py-4.0.0 mdurl-0.1.2 orjson-3.11.2 psycopg-3.2.9 psycopg-binary-3.2.9 pydantic-2.11.7 pydantic-core-2.33.2 pydantic-settings-2.2.1 pygments-2.19.2 python-dateutil-2.9.0.post0 python-dotenv-1.1.1 python-multipart-0.0.20 pyyaml-6.0.2 rich-14.1.0 rich-toolkit-0.15.0 s3transfer-0.10.4 shellingham-1.5.4 six-1.17.0 sniffio-1.3.1 sqlalchemy-2.0.29 starlette-0.37.2 typer-0.16.0 typing-extensions-4.14.1 typing-inspection-0.4.1 ujson-5.10.0 urllib3-2.5.0 uvicorn-0.29.0 uvloop-0.21.0 watchfiles-1.1.0 websockets-15.0.1
2025-08-16T23:12:30.8598410Z #38 19.11 WARNING: Running pip as the 'root' user can result in broken permissions and conflicting behaviour with the system package manager, possibly rendering your system unusable. It is recommended to use a virtual environment instead: https://pip.pypa.io/warnings/venv. Use the --root-user-action option if you know what you are doing and want to suppress this warning.
2025-08-16T23:12:30.8601912Z #38 19.18 
2025-08-16T23:12:30.8602359Z #38 19.18 [notice] A new release of pip is available: 25.0.1 -> 25.2
2025-08-16T23:12:30.8602977Z #38 19.18 [notice] To update, run: pip install --upgrade pip
2025-08-16T23:12:31.1199681Z #38 DONE 19.6s
2025-08-16T23:12:31.1200049Z 
2025-08-16T23:12:31.1201335Z #41 [etl base 4/5] RUN if [ -n "" ] && [ -f "" ]; then         pip install -r requirements.txt -c "";     else         pip install -r requirements.txt;     fi
2025-08-16T23:12:31.3309899Z #41 ...
2025-08-16T23:12:31.3310146Z 
2025-08-16T23:12:31.3310384Z #55 [api base  5/12] COPY services/api/ ./services/api
2025-08-16T23:12:31.3310849Z #55 DONE 0.0s
2025-08-16T23:12:31.3311028Z 
2025-08-16T23:12:31.3311606Z #56 [api base  6/12] COPY services/common/ ./services/common
2025-08-16T23:12:31.3312092Z #56 DONE 0.0s
2025-08-16T23:12:31.3312255Z 
2025-08-16T23:12:31.3312466Z #57 [api base  7/12] COPY services/ingest/ ./services/ingest
2025-08-16T23:12:31.3312904Z #57 DONE 0.0s
2025-08-16T23:12:31.3313091Z 
2025-08-16T23:12:31.3313275Z #58 [api base  8/12] COPY services/etl/ ./services/etl
2025-08-16T23:12:31.3313708Z #58 DONE 0.0s
2025-08-16T23:12:31.3313910Z 
2025-08-16T23:12:31.3314137Z #59 [api base  9/12] COPY services/api/alembic.ini ./alembic.ini
2025-08-16T23:12:31.3314619Z #59 DONE 0.0s
2025-08-16T23:12:31.3314777Z 
2025-08-16T23:12:31.3314923Z #60 [api base 10/12] COPY alembic/ ./alembic/
2025-08-16T23:12:31.3315338Z #60 DONE 0.0s
2025-08-16T23:12:31.3315499Z 
2025-08-16T23:12:31.3315754Z #61 [api base 11/12] COPY services/api/entrypoint.sh ./entrypoint.sh
2025-08-16T23:12:31.3316267Z #61 DONE 0.0s
2025-08-16T23:12:31.3316428Z 
2025-08-16T23:12:31.3316596Z #62 [api base 12/12] RUN chmod +x ./entrypoint.sh
2025-08-16T23:12:31.3317024Z #62 DONE 0.1s
2025-08-16T23:12:31.4812147Z 
2025-08-16T23:12:31.4813007Z #41 [etl base 4/5] RUN if [ -n "" ] && [ -f "" ]; then         pip install -r requirements.txt -c "";     else         pip install -r requirements.txt;     fi
2025-08-16T23:12:32.1307073Z #41 ...
2025-08-16T23:12:32.1338832Z 
2025-08-16T23:12:32.1339215Z #63 [api stage-1 4/6] COPY --from=base /usr/local /usr/local
2025-08-16T23:12:33.8640219Z #63 ...
2025-08-16T23:12:33.8640850Z 
2025-08-16T23:12:33.8641486Z #41 [etl base 4/5] RUN if [ -n "" ] && [ -f "" ]; then         pip install -r requirements.txt -c "";     else         pip install -r requirements.txt;     fi
2025-08-16T23:12:33.8649391Z #41 21.91 Successfully installed aiohappyeyeballs-2.6.1 aiohttp-3.12.15 aiosignal-1.4.0 annotated-types-0.7.0 attrs-25.3.0 boto3-1.40.11 botocore-1.40.11 cachetools-4.2.4 certifi-2025.8.3 charset_normalizer-3.4.3 confuse-1.4.0 frozenlist-1.7.0 idna-3.10 jmespath-1.0.1 keepa-1.3.14 minio-7.1.15 multidict-6.6.4 numpy-2.3.2 pandas-2.3.1 propcache-0.3.2 pycryptodome-3.23.0 pydantic-2.11.7 pydantic-core-2.33.2 pydantic-settings-2.2.1 python-amazon-sp-api-0.8.0 python-dateutil-2.9.0.post0 python-dotenv-1.1.1 pytz-2025.2 pyyaml-6.0.2 requests-2.32.4 s3transfer-0.13.1 six-1.17.0 tqdm-4.67.1 typing-extensions-4.14.1 typing-inspection-0.4.1 tzdata-2025.2 urllib3-2.5.0 yarl-1.20.1
2025-08-16T23:12:33.8656141Z #41 21.91 WARNING: Running pip as the 'root' user can result in broken permissions and conflicting behaviour with the system package manager, possibly rendering your system unusable. It is recommended to use a virtual environment instead: https://pip.pypa.io/warnings/venv. Use the --root-user-action option if you know what you are doing and want to suppress this warning.
2025-08-16T23:12:33.8658467Z #41 22.01 
2025-08-16T23:12:33.8658915Z #41 22.01 [notice] A new release of pip is available: 25.0.1 -> 25.2
2025-08-16T23:12:33.8659540Z #41 22.01 [notice] To update, run: pip install --upgrade pip
2025-08-16T23:12:33.8660036Z #41 DONE 22.3s
2025-08-16T23:12:34.0700962Z 
2025-08-16T23:12:34.0703165Z #64 [etl base 5/5] COPY services/etl/ .
2025-08-16T23:12:34.0704164Z #64 DONE 0.0s
2025-08-16T23:12:34.0704500Z 
2025-08-16T23:12:34.0704928Z #63 [api stage-1 4/6] COPY --from=base /usr/local /usr/local
2025-08-16T23:12:34.0705485Z #63 DONE 1.8s
2025-08-16T23:12:34.0705666Z 
2025-08-16T23:12:34.0705846Z #65 [api stage-1 5/6] COPY --from=base /app /app
2025-08-16T23:12:34.0706292Z #65 DONE 0.0s
2025-08-16T23:12:34.0706479Z 
2025-08-16T23:12:34.0706675Z #66 [api stage-1 6/6] RUN chmod +x /app/entrypoint.sh
2025-08-16T23:12:34.0707126Z #66 DONE 0.2s
2025-08-16T23:12:34.2217049Z 
2025-08-16T23:12:34.2217448Z #67 [api] exporting to image
2025-08-16T23:12:34.2217871Z #67 exporting layers
2025-08-16T23:12:35.9580069Z #67 exporting layers 1.9s done
2025-08-16T23:12:36.1317454Z #67 writing image sha256:aa19082c475d1a460ba80ad59084ee20589e431cf795077c40c02676df2925ca done
2025-08-16T23:12:36.1318579Z #67 naming to docker.io/library/awa-app-api done
2025-08-16T23:12:36.1319038Z #67 DONE 1.9s
2025-08-16T23:12:36.1319208Z 
2025-08-16T23:12:36.1319387Z #68 [api] resolving provenance for metadata file
2025-08-16T23:12:36.1319841Z #68 DONE 0.0s
2025-08-16T23:12:36.1320013Z 
2025-08-16T23:12:36.1320255Z #69 [etl stage-1 3/9] COPY --from=base /usr/local /usr/local
2025-08-16T23:12:37.7995976Z #69 DONE 2.2s
2025-08-16T23:12:37.9289052Z 
2025-08-16T23:12:37.9289485Z #70 [etl stage-1 4/9] COPY --from=base /app /app
2025-08-16T23:12:37.9289931Z #70 DONE 0.0s
2025-08-16T23:12:37.9290038Z 
2025-08-16T23:12:37.9290899Z #71 [etl stage-1 5/9] RUN set -eux;     if [ -f /etc/apt/sources.list ]; then         sed -i 's|http://deb.debian.org|https://deb.debian.org|g' /etc/apt/sources.list;     fi;     apt-get update;     apt-get install -y --no-install-recommends tzdata;     rm -rf /var/lib/apt/lists/*
2025-08-16T23:12:37.9291914Z #71 0.113 + [ -f /etc/apt/sources.list ]
2025-08-16T23:12:37.9292274Z #71 0.113 + apt-get update
2025-08-16T23:12:38.0318957Z #71 0.150 Hit:1 http://deb.debian.org/debian trixie InRelease
2025-08-16T23:12:38.0319709Z #71 0.150 Get:2 http://deb.debian.org/debian trixie-updates InRelease [47.1 kB]
2025-08-16T23:12:38.0320510Z #71 0.152 Get:3 http://deb.debian.org/debian-security trixie-security InRelease [43.4 kB]
2025-08-16T23:12:38.0321631Z #71 0.167 Get:4 http://deb.debian.org/debian trixie/main amd64 Packages [9668 kB]
2025-08-16T23:12:38.0322464Z #71 0.216 Get:5 http://deb.debian.org/debian trixie-updates/main amd64 Packages [2432 B]
2025-08-16T23:12:38.1824008Z #71 0.216 Get:6 http://deb.debian.org/debian-security trixie-security/main amd64 Packages [8780 B]
2025-08-16T23:12:38.6573054Z #71 0.842 Fetched 9769 kB in 1s (13.8 MB/s)
2025-08-16T23:12:39.0937121Z #71 0.842 Reading package lists...
2025-08-16T23:12:39.2608743Z #71 1.287 + apt-get install -y --no-install-recommends tzdata
2025-08-16T23:12:39.5434347Z #71 1.295 Reading package lists...
2025-08-16T23:12:39.6557970Z #71 1.736 Building dependency tree...
2025-08-16T23:12:39.6558732Z #71 1.840 Reading state information...
2025-08-16T23:12:39.7932768Z #71 1.978 tzdata is already the newest version (2025b-4).
2025-08-16T23:12:39.7933445Z #71 1.978 0 upgraded, 0 newly installed, 0 to remove and 0 not upgraded.
2025-08-16T23:12:39.9570439Z #71 1.979 + rm -rf /var/lib/apt/lists/auxfiles /var/lib/apt/lists/deb.debian.org_debian-security_dists_trixie-security_InRelease /var/lib/apt/lists/deb.debian.org_debian-security_dists_trixie-security_main_binary-amd64_Packages.lz4 /var/lib/apt/lists/deb.debian.org_debian_dists_trixie-updates_InRelease /var/lib/apt/lists/deb.debian.org_debian_dists_trixie-updates_main_binary-amd64_Packages.lz4 /var/lib/apt/lists/deb.debian.org_debian_dists_trixie_InRelease /var/lib/apt/lists/deb.debian.org_debian_dists_trixie_main_binary-amd64_Packages.lz4 /var/lib/apt/lists/lock /var/lib/apt/lists/partial
2025-08-16T23:12:39.9574066Z #71 DONE 2.0s
2025-08-16T23:12:39.9574272Z 
2025-08-16T23:12:39.9574642Z #72 [etl stage-1 6/9] COPY services/etl/wait-for-it.sh /usr/local/bin/wait-for-it.sh
2025-08-16T23:12:39.9575084Z #72 DONE 0.0s
2025-08-16T23:12:39.9575283Z 
2025-08-16T23:12:39.9575482Z #73 [etl stage-1 7/9] RUN chmod +x /usr/local/bin/wait-for-it.sh
2025-08-16T23:12:39.9575841Z #73 DONE 0.1s
2025-08-16T23:12:40.1104783Z 
2025-08-16T23:12:40.1105483Z #74 [etl stage-1 8/9] COPY services/etl/entrypoint.sh /app/entrypoint.sh
2025-08-16T23:12:40.1106069Z #74 DONE 0.0s
2025-08-16T23:12:40.1106249Z 
2025-08-16T23:12:40.1106433Z #75 [etl stage-1 9/9] RUN chmod +x /app/entrypoint.sh
2025-08-16T23:12:40.1106735Z #75 DONE 0.1s
2025-08-16T23:12:40.2623837Z 
2025-08-16T23:12:40.2624267Z #76 [etl] exporting to image
2025-08-16T23:12:42.8232241Z #76 exporting layers 2.7s done
2025-08-16T23:12:42.8626467Z #76 writing image sha256:2d83f426a5d6f364fc523c4f3a07d5f7fe2497f8e3f053be2b5fd4889ea6373e done
2025-08-16T23:12:42.8627177Z #76 naming to docker.io/library/awa-app-etl done
2025-08-16T23:12:42.8627477Z #76 DONE 2.7s
2025-08-16T23:12:42.8627639Z 
2025-08-16T23:12:42.8627829Z #77 [etl] resolving provenance for metadata file
2025-08-16T23:12:42.8628420Z #77 DONE 0.0s
2025-08-16T23:12:42.8628664Z  logistics_etl  Built
2025-08-16T23:12:42.8628990Z  etl  Built
2025-08-16T23:12:42.8629269Z  api  Built
2025-08-16T23:12:42.8629524Z  postgres  Built
2025-08-16T23:12:42.8629826Z  fees_h10  Built
2025-08-16T23:12:42.8696224Z ##[group]Run export COMPOSE_DOCKER_CLI_BUILD=1 DOCKER_BUILDKIT=1
2025-08-16T23:12:42.8696674Z [36;1mexport COMPOSE_DOCKER_CLI_BUILD=1 DOCKER_BUILDKIT=1[0m
2025-08-16T23:12:42.8697005Z [36;1mdocker compose \[0m
2025-08-16T23:12:42.8697227Z [36;1m  -f docker-compose.yml \[0m
2025-08-16T23:12:42.8697479Z [36;1m  -f docker-compose.ci.yml \[0m
2025-08-16T23:12:42.8697744Z [36;1m  -f docker-compose.postgres.yml \[0m
2025-08-16T23:12:42.8697999Z [36;1m  pull[0m
2025-08-16T23:12:42.8739896Z shell: /usr/bin/bash -e {0}
2025-08-16T23:12:42.8740114Z env:
2025-08-16T23:12:42.8740327Z   GITHUB_SHA: 58260334249d84dabf3231478f60be8fa1538493
2025-08-16T23:12:42.8740601Z ##[endgroup]
2025-08-16T23:12:42.9897531Z time="2025-08-16T23:12:42Z" level=warning msg="/home/runner/work/AWA-App/AWA-App/docker-compose.postgres.yml: the attribute `version` is obsolete, it will be ignored, please remove it to avoid potential confusion"
2025-08-16T23:12:42.9977839Z  fees_h10 Skipped - No image to be pulled 
2025-08-16T23:12:42.9978508Z  etl Skipped - No image to be pulled 
2025-08-16T23:12:42.9978946Z  api Skipped - No image to be pulled 
2025-08-16T23:12:42.9979740Z  postgres Skipped - No image to be pulled 
2025-08-16T23:12:42.9980481Z  logistics_etl Skipped - No image to be pulled 
2025-08-16T23:12:42.9981076Z  minio Pulling 
2025-08-16T23:12:43.5471018Z  dd15713b0f22 Pulling fs layer 
2025-08-16T23:12:43.5471546Z  fd312a3c94fc Pulling fs layer 
2025-08-16T23:12:43.5471943Z  02e05d20c69e Pulling fs layer 
2025-08-16T23:12:43.5472331Z  1f08d9fb7d7d Pulling fs layer 
2025-08-16T23:12:43.5472707Z  b452b5fb7338 Pulling fs layer 
2025-08-16T23:12:43.5473084Z  e14ab7c7ae26 Pulling fs layer 
2025-08-16T23:12:43.5473459Z  3bf7f4428838 Pulling fs layer 
2025-08-16T23:12:43.5473823Z  adc9ba906e83 Pulling fs layer 
2025-08-16T23:12:43.5474202Z  1611ffcaf8be Pulling fs layer 
2025-08-16T23:12:43.5474556Z  1f08d9fb7d7d Waiting 
2025-08-16T23:12:43.5474930Z  b452b5fb7338 Waiting 
2025-08-16T23:12:43.5475284Z  e14ab7c7ae26 Waiting 
2025-08-16T23:12:43.5475611Z  3bf7f4428838 Waiting 
2025-08-16T23:12:43.5475930Z  adc9ba906e83 Waiting 
2025-08-16T23:12:43.5476254Z  1611ffcaf8be Waiting 
2025-08-16T23:12:43.6589049Z  02e05d20c69e Downloading [>                                                  ]  2.302kB/122.7kB
2025-08-16T23:12:43.6597968Z  dd15713b0f22 Downloading [>                                                  ]  73.47kB/7.24MB
2025-08-16T23:12:43.6623480Z  02e05d20c69e Download complete 
2025-08-16T23:12:43.6843591Z  fd312a3c94fc Downloading [>                                                  ]  17.36kB/1.637MB
2025-08-16T23:12:43.7051296Z  fd312a3c94fc Verifying Checksum 
2025-08-16T23:12:43.7052089Z  fd312a3c94fc Download complete 
2025-08-16T23:12:43.7165121Z  dd15713b0f22 Download complete 
2025-08-16T23:12:43.7171975Z  dd15713b0f22 Extracting [>                                                  ]   98.3kB/7.24MB
2025-08-16T23:12:43.8180890Z  dd15713b0f22 Extracting [===============>                                   ]  2.261MB/7.24MB
2025-08-16T23:12:43.8189540Z  b452b5fb7338 Downloading [>                                                  ]  114.3kB/11.19MB
2025-08-16T23:12:43.8197083Z  1f08d9fb7d7d Downloading [>                                                  ]    408kB/39.39MB
2025-08-16T23:12:43.9083590Z  b452b5fb7338 Downloading [==================================================>]  11.19MB/11.19MB
2025-08-16T23:12:43.9084217Z  b452b5fb7338 Verifying Checksum 
2025-08-16T23:12:43.9084607Z  b452b5fb7338 Download complete 
2025-08-16T23:12:43.9336022Z  1f08d9fb7d7d Downloading [===========>                                       ]  9.305MB/39.39MB
2025-08-16T23:12:43.9412394Z  e14ab7c7ae26 Downloading [>                                                  ]  24.75kB/2.402MB
2025-08-16T23:12:43.9423153Z  dd15713b0f22 Extracting [============================================>      ]  6.488MB/7.24MB
2025-08-16T23:12:43.9584544Z  e14ab7c7ae26 Verifying Checksum 
2025-08-16T23:12:43.9590229Z  e14ab7c7ae26 Download complete 
2025-08-16T23:12:43.9691079Z  dd15713b0f22 Extracting [==================================================>]   7.24MB/7.24MB
2025-08-16T23:12:43.9780568Z  dd15713b0f22 Pull complete 
2025-08-16T23:12:43.9791462Z  fd312a3c94fc Extracting [=>                                                 ]  32.77kB/1.637MB
2025-08-16T23:12:44.0144370Z  fd312a3c94fc Extracting [==================================================>]  1.637MB/1.637MB
2025-08-16T23:12:44.0167548Z  fd312a3c94fc Extracting [==================================================>]  1.637MB/1.637MB
2025-08-16T23:12:44.0419917Z  1f08d9fb7d7d Downloading [==================>                                ]  14.55MB/39.39MB
2025-08-16T23:12:44.0477559Z  3bf7f4428838 Downloading [>                                                  ]  2.301kB/180.3kB
2025-08-16T23:12:44.0516689Z  3bf7f4428838 Verifying Checksum 
2025-08-16T23:12:44.0517108Z  3bf7f4428838 Download complete 
2025-08-16T23:12:44.0683492Z  fd312a3c94fc Pull complete 
2025-08-16T23:12:44.0700232Z  02e05d20c69e Extracting [=============>                                     ]  32.77kB/122.7kB
2025-08-16T23:12:44.0711290Z  02e05d20c69e Extracting [==================================================>]  122.7kB/122.7kB
2025-08-16T23:12:44.0713061Z  02e05d20c69e Extracting [==================================================>]  122.7kB/122.7kB
2025-08-16T23:12:44.0818589Z  02e05d20c69e Pull complete 
2025-08-16T23:12:44.1382338Z  adc9ba906e83 Downloading [===>                                               ]     933B/11.88kB
2025-08-16T23:12:44.1384279Z  adc9ba906e83 Downloading [==================================================>]  11.88kB/11.88kB
2025-08-16T23:12:44.1384951Z  adc9ba906e83 Verifying Checksum 
2025-08-16T23:12:44.1385254Z  adc9ba906e83 Download complete 
2025-08-16T23:12:44.1439611Z  1f08d9fb7d7d Downloading [=========================>                         ]   20.2MB/39.39MB
2025-08-16T23:12:44.1807808Z  1611ffcaf8be Downloading [==================================================>]     498B/498B
2025-08-16T23:12:44.1808677Z  1611ffcaf8be Download complete 
2025-08-16T23:12:44.2579471Z  1f08d9fb7d7d Downloading [===============================>                   ]  25.05MB/39.39MB
2025-08-16T23:12:44.3643352Z  1f08d9fb7d7d Downloading [======================================>            ]  30.71MB/39.39MB
2025-08-16T23:12:44.4682281Z  1f08d9fb7d7d Downloading [===============================================>   ]  37.17MB/39.39MB
2025-08-16T23:12:44.4950387Z  1f08d9fb7d7d Verifying Checksum 
2025-08-16T23:12:44.4950745Z  1f08d9fb7d7d Download complete 
2025-08-16T23:12:44.5027158Z  1f08d9fb7d7d Extracting [>                                                  ]    426kB/39.39MB
2025-08-16T23:12:44.6050434Z  1f08d9fb7d7d Extracting [===========>                                       ]  8.946MB/39.39MB
2025-08-16T23:12:44.7082996Z  1f08d9fb7d7d Extracting [=====================>                             ]  17.04MB/39.39MB
2025-08-16T23:12:44.8119854Z  1f08d9fb7d7d Extracting [=====================================>             ]  29.82MB/39.39MB
2025-08-16T23:12:44.9149254Z  1f08d9fb7d7d Extracting [================================================>  ]  37.91MB/39.39MB
2025-08-16T23:12:44.9314575Z  1f08d9fb7d7d Extracting [==================================================>]  39.39MB/39.39MB
2025-08-16T23:12:44.9706146Z  1f08d9fb7d7d Pull complete 
2025-08-16T23:12:44.9728703Z  b452b5fb7338 Extracting [>                                                  ]  131.1kB/11.19MB
2025-08-16T23:12:45.0740613Z  b452b5fb7338 Extracting [====================================>              ]  8.258MB/11.19MB
2025-08-16T23:12:45.1032979Z  b452b5fb7338 Extracting [==================================================>]  11.19MB/11.19MB
2025-08-16T23:12:45.1190769Z  b452b5fb7338 Pull complete 
2025-08-16T23:12:45.1203980Z  e14ab7c7ae26 Extracting [>                                                  ]  32.77kB/2.402MB
2025-08-16T23:12:45.1477850Z  e14ab7c7ae26 Extracting [==================================================>]  2.402MB/2.402MB
2025-08-16T23:12:45.1559736Z  e14ab7c7ae26 Pull complete 
2025-08-16T23:12:45.1572852Z  3bf7f4428838 Extracting [=========>                                         ]  32.77kB/180.3kB
2025-08-16T23:12:45.1632219Z  3bf7f4428838 Extracting [==================================================>]  180.3kB/180.3kB
2025-08-16T23:12:45.1648406Z  3bf7f4428838 Extracting [==================================================>]  180.3kB/180.3kB
2025-08-16T23:12:45.1733668Z  3bf7f4428838 Pull complete 
2025-08-16T23:12:45.1744390Z  adc9ba906e83 Extracting [==================================================>]  11.88kB/11.88kB
2025-08-16T23:12:45.1747902Z  adc9ba906e83 Extracting [==================================================>]  11.88kB/11.88kB
2025-08-16T23:12:45.1815764Z  adc9ba906e83 Pull complete 
2025-08-16T23:12:45.1828622Z  1611ffcaf8be Extracting [==================================================>]     498B/498B
2025-08-16T23:12:45.1832907Z  1611ffcaf8be Extracting [==================================================>]     498B/498B
2025-08-16T23:12:45.1997911Z  1611ffcaf8be Pull complete 
2025-08-16T23:12:45.2058859Z  minio Pulled 
2025-08-16T23:12:45.2126101Z ##[group]Run export COMPOSE_DOCKER_CLI_BUILD=1 DOCKER_BUILDKIT=1
2025-08-16T23:12:45.2126739Z [36;1mexport COMPOSE_DOCKER_CLI_BUILD=1 DOCKER_BUILDKIT=1[0m
2025-08-16T23:12:45.2127083Z [36;1mdocker compose --profile ci-skip \[0m
2025-08-16T23:12:45.2127352Z [36;1m  -f docker-compose.yml \[0m
2025-08-16T23:12:45.2127596Z [36;1m  -f docker-compose.ci.yml \[0m
2025-08-16T23:12:45.2127859Z [36;1m  -f docker-compose.postgres.yml \[0m
2025-08-16T23:12:45.2128698Z [36;1m  up -d --wait --no-build --pull always[0m
2025-08-16T23:12:45.2169539Z shell: /usr/bin/bash -e {0}
2025-08-16T23:12:45.2169758Z env:
2025-08-16T23:12:45.2169976Z   GITHUB_SHA: 58260334249d84dabf3231478f60be8fa1538493
2025-08-16T23:12:45.2170240Z ##[endgroup]
2025-08-16T23:12:45.3052205Z time="2025-08-16T23:12:45Z" level=warning msg="/home/runner/work/AWA-App/AWA-App/docker-compose.postgres.yml: the attribute `version` is obsolete, it will be ignored, please remove it to avoid potential confusion"
2025-08-16T23:12:45.3193850Z  minio Pulling 
2025-08-16T23:12:45.6291429Z  minio Pulled 
2025-08-16T23:12:45.6309493Z  Network awa-app_awa-net  Creating
2025-08-16T23:12:45.6641185Z  Network awa-app_awa-net  Created
2025-08-16T23:12:45.7030007Z  Volume "awa-app_miniodata"  Creating
2025-08-16T23:12:45.7043730Z  Volume "awa-app_miniodata"  Created
2025-08-16T23:12:45.7046901Z  Volume "awa-app_awa-pgdata"  Creating
2025-08-16T23:12:45.7054336Z  Volume "awa-app_awa-pgdata"  Created
2025-08-16T23:12:45.7057060Z  Volume "awa-app_awa-data"  Creating
2025-08-16T23:12:45.7064149Z  Volume "awa-app_awa-data"  Created
2025-08-16T23:12:45.7068851Z  Container awa-app-postgres-1  Creating
2025-08-16T23:12:45.7069154Z  Container awa-app-minio-1  Creating
2025-08-16T23:12:45.7336745Z  Container awa-app-minio-1  Created
2025-08-16T23:12:45.7337233Z  Container awa-app-postgres-1  Created
2025-08-16T23:12:45.7337653Z  Container awa-app-fees_h10-1  Creating
2025-08-16T23:12:45.7338305Z  Container awa-app-api-1  Creating
2025-08-16T23:12:45.7341992Z  Container awa-app-etl-1  Creating
2025-08-16T23:12:45.7342862Z  Container awa-app-logistics_etl-1  Creating
2025-08-16T23:12:45.7711508Z  Container awa-app-fees_h10-1  Created
2025-08-16T23:12:45.7723050Z  Container awa-app-etl-1  Created
2025-08-16T23:12:45.7732444Z  Container awa-app-logistics_etl-1  Created
2025-08-16T23:12:45.7733119Z  Container awa-app-api-1  Created
2025-08-16T23:12:45.7733857Z  Container awa-app-repricer-1  Creating
2025-08-16T23:12:45.7735991Z  Container awa-app-web-1  Creating
2025-08-16T23:12:45.7740189Z  Container awa-app-repricer-1  Error response from daemon: No such image: awa-app-repricer:latest
2025-08-16T23:12:45.7742674Z Error response from daemon: No such image: awa-app-repricer:latest
2025-08-16T23:12:45.7791090Z ##[error]Process completed with exit code 1.
2025-08-16T23:12:45.7849990Z ##[group]Run export COMPOSE_DOCKER_CLI_BUILD=1
2025-08-16T23:12:45.7850344Z [36;1mexport COMPOSE_DOCKER_CLI_BUILD=1[0m
2025-08-16T23:12:45.7850608Z [36;1mexport DOCKER_BUILDKIT=1[0m
2025-08-16T23:12:45.7850860Z [36;1mdocker compose logs > logs.txt[0m
2025-08-16T23:12:45.7889945Z shell: /usr/bin/bash -e {0}
2025-08-16T23:12:45.7890165Z env:
2025-08-16T23:12:45.7890365Z   GITHUB_SHA: 58260334249d84dabf3231478f60be8fa1538493
2025-08-16T23:12:45.7890632Z ##[endgroup]
2025-08-16T23:12:45.8766874Z ##[group]Run actions/upload-artifact@v4
2025-08-16T23:12:45.8767156Z with:
2025-08-16T23:12:45.8767322Z   name: docker-logs
2025-08-16T23:12:45.8767493Z   path: logs.txt
2025-08-16T23:12:45.8767676Z   if-no-files-found: warn
2025-08-16T23:12:45.8767876Z   compression-level: 6
2025-08-16T23:12:45.8768281Z   overwrite: false
2025-08-16T23:12:45.8768505Z   include-hidden-files: false
2025-08-16T23:12:45.8768706Z env:
2025-08-16T23:12:45.8768897Z   GITHUB_SHA: 58260334249d84dabf3231478f60be8fa1538493
2025-08-16T23:12:45.8769160Z ##[endgroup]
2025-08-16T23:12:46.0881479Z With the provided path, there will be 1 file uploaded
2025-08-16T23:12:46.0887961Z Artifact name is valid!
2025-08-16T23:12:46.0889909Z Root directory input is valid!
2025-08-16T23:12:46.2226955Z Beginning upload of artifact content to blob storage
2025-08-16T23:12:46.3737842Z Uploaded bytes 132
2025-08-16T23:12:46.4096674Z Finished uploading artifact content to blob storage!
2025-08-16T23:12:46.4100618Z SHA256 digest of uploaded artifact zip is 79a35637dc8cf4ff274badb57eec03373559dcd4e11872cc888c737eb3f1d359
2025-08-16T23:12:46.4102274Z Finalizing artifact upload
2025-08-16T23:12:46.5220687Z Artifact docker-logs.zip successfully finalized. Artifact ID 3780980363
2025-08-16T23:12:46.5221985Z Artifact docker-logs has been successfully uploaded! Final size is 132 bytes. Artifact ID is 3780980363
2025-08-16T23:12:46.5230196Z Artifact download URL: https://github.com/AlexBomber12/AWA-App/actions/runs/17013906070/artifacts/3780980363
2025-08-16T23:12:46.5372486Z Post job cleanup.
2025-08-16T23:12:46.6291358Z [command]/usr/bin/git version
2025-08-16T23:12:46.6327298Z git version 2.50.1
2025-08-16T23:12:46.6369923Z Temporarily overriding HOME='/home/runner/work/_temp/bce13718-de40-41d0-90c5-e13e78a07fdd' before making global git config changes
2025-08-16T23:12:46.6371224Z Adding repository directory to the temporary git global config as a safe directory
2025-08-16T23:12:46.6376003Z [command]/usr/bin/git config --global --add safe.directory /home/runner/work/AWA-App/AWA-App
2025-08-16T23:12:46.6411741Z [command]/usr/bin/git config --local --name-only --get-regexp core\.sshCommand
2025-08-16T23:12:46.6443200Z [command]/usr/bin/git submodule foreach --recursive sh -c "git config --local --name-only --get-regexp 'core\.sshCommand' && git config --local --unset-all 'core.sshCommand' || :"
2025-08-16T23:12:46.6663804Z [command]/usr/bin/git config --local --name-only --get-regexp http\.https\:\/\/github\.com\/\.extraheader
2025-08-16T23:12:46.6684558Z http.https://github.com/.extraheader
2025-08-16T23:12:46.6697568Z [command]/usr/bin/git config --local --unset-all http.https://github.com/.extraheader
2025-08-16T23:12:46.6727587Z [command]/usr/bin/git submodule foreach --recursive sh -c "git config --local --name-only --get-regexp 'http\.https\:\/\/github\.com\/\.extraheader' && git config --local --unset-all 'http.https://github.com/.extraheader' || :"
2025-08-16T23:12:46.7066919Z Cleaning up orphan processes
