2025-08-19T21:38:53.0934475Z Current runner version: '2.327.1'
2025-08-19T21:38:53.0957723Z ##[group]Runner Image Provisioner
2025-08-19T21:38:53.0958489Z Hosted Compute Agent
2025-08-19T21:38:53.0958990Z Version: 20250818.377
2025-08-19T21:38:53.0959646Z Commit: 3c593e9f75fe0b87e893bca80d6e12ba089c61fc
2025-08-19T21:38:53.0960287Z Build Date: 2025-08-18T14:52:18Z
2025-08-19T21:38:53.0960859Z ##[endgroup]
2025-08-19T21:38:53.0961452Z ##[group]Operating System
2025-08-19T21:38:53.0961967Z Ubuntu
2025-08-19T21:38:53.0962430Z 24.04.2
2025-08-19T21:38:53.0962880Z LTS
2025-08-19T21:38:53.0963344Z ##[endgroup]
2025-08-19T21:38:53.0963791Z ##[group]Runner Image
2025-08-19T21:38:53.0964688Z Image: ubuntu-24.04
2025-08-19T21:38:53.0965181Z Version: 20250810.1.0
2025-08-19T21:38:53.0966165Z Included Software: https://github.com/actions/runner-images/blob/ubuntu24/20250810.1/images/ubuntu/Ubuntu2404-Readme.md
2025-08-19T21:38:53.0967721Z Image Release: https://github.com/actions/runner-images/releases/tag/ubuntu24%2F20250810.1
2025-08-19T21:38:53.0968662Z ##[endgroup]
2025-08-19T21:38:53.0971112Z ##[group]GITHUB_TOKEN Permissions
2025-08-19T21:38:53.0973259Z Actions: write
2025-08-19T21:38:53.0973823Z Attestations: write
2025-08-19T21:38:53.0974664Z Checks: write
2025-08-19T21:38:53.0975119Z Contents: write
2025-08-19T21:38:53.0975659Z Deployments: write
2025-08-19T21:38:53.0976183Z Discussions: write
2025-08-19T21:38:53.0976671Z Issues: write
2025-08-19T21:38:53.0977231Z Metadata: read
2025-08-19T21:38:53.0977681Z Models: read
2025-08-19T21:38:53.0978159Z Packages: write
2025-08-19T21:38:53.0978598Z Pages: write
2025-08-19T21:38:53.0979139Z PullRequests: write
2025-08-19T21:38:53.0979661Z RepositoryProjects: write
2025-08-19T21:38:53.0980200Z SecurityEvents: write
2025-08-19T21:38:53.0980878Z Statuses: write
2025-08-19T21:38:53.0981332Z ##[endgroup]
2025-08-19T21:38:53.0983375Z Secret source: Actions
2025-08-19T21:38:53.0984362Z Prepare workflow directory
2025-08-19T21:38:53.1296853Z Prepare all required actions
2025-08-19T21:38:53.1333088Z Getting action download info
2025-08-19T21:38:53.3932091Z Download action repository 'actions/checkout@v4' (SHA:08eba0b27e820071cde6df949e0beb9ba4906955)
2025-08-19T21:38:53.6032755Z Download action repository 'actions/upload-artifact@v4' (SHA:ea165f8d65b6e75b540449e92b4886f43607fa02)
2025-08-19T21:38:53.7903187Z Complete job name: compose-health
2025-08-19T21:38:53.8573680Z ##[group]Run actions/checkout@v4
2025-08-19T21:38:53.8574672Z with:
2025-08-19T21:38:53.8575079Z   repository: AlexBomber12/AWA-App
2025-08-19T21:38:53.8575713Z   token: ***
2025-08-19T21:38:53.8576083Z   ssh-strict: true
2025-08-19T21:38:53.8576459Z   ssh-user: git
2025-08-19T21:38:53.8576843Z   persist-credentials: true
2025-08-19T21:38:53.8577286Z   clean: true
2025-08-19T21:38:53.8577671Z   sparse-checkout-cone-mode: true
2025-08-19T21:38:53.8578145Z   fetch-depth: 1
2025-08-19T21:38:53.8578522Z   fetch-tags: false
2025-08-19T21:38:53.8578915Z   show-progress: true
2025-08-19T21:38:53.8579299Z   lfs: false
2025-08-19T21:38:53.8579657Z   submodules: false
2025-08-19T21:38:53.8580066Z   set-safe-directory: true
2025-08-19T21:38:53.8580703Z ##[endgroup]
2025-08-19T21:38:53.9629574Z Syncing repository: AlexBomber12/AWA-App
2025-08-19T21:38:53.9631328Z ##[group]Getting Git version info
2025-08-19T21:38:53.9632001Z Working directory is '/home/runner/work/AWA-App/AWA-App'
2025-08-19T21:38:53.9633083Z [command]/usr/bin/git version
2025-08-19T21:38:53.9663159Z git version 2.50.1
2025-08-19T21:38:53.9688448Z ##[endgroup]
2025-08-19T21:38:53.9702446Z Temporarily overriding HOME='/home/runner/work/_temp/9277fb70-af2b-49a5-8f2a-059f00ccbcf1' before making global git config changes
2025-08-19T21:38:53.9707835Z Adding repository directory to the temporary git global config as a safe directory
2025-08-19T21:38:53.9709054Z [command]/usr/bin/git config --global --add safe.directory /home/runner/work/AWA-App/AWA-App
2025-08-19T21:38:53.9740895Z Deleting the contents of '/home/runner/work/AWA-App/AWA-App'
2025-08-19T21:38:53.9744442Z ##[group]Initializing the repository
2025-08-19T21:38:53.9748529Z [command]/usr/bin/git init /home/runner/work/AWA-App/AWA-App
2025-08-19T21:38:53.9802530Z hint: Using 'master' as the name for the initial branch. This default branch name
2025-08-19T21:38:53.9803987Z hint: is subject to change. To configure the initial branch name to use in all
2025-08-19T21:38:53.9805566Z hint: of your new repositories, which will suppress this warning, call:
2025-08-19T21:38:53.9806311Z hint:
2025-08-19T21:38:53.9806779Z hint: 	git config --global init.defaultBranch <name>
2025-08-19T21:38:53.9807337Z hint:
2025-08-19T21:38:53.9807863Z hint: Names commonly chosen instead of 'master' are 'main', 'trunk' and
2025-08-19T21:38:53.9808725Z hint: 'development'. The just-created branch can be renamed via this command:
2025-08-19T21:38:53.9809394Z hint:
2025-08-19T21:38:53.9809754Z hint: 	git branch -m <name>
2025-08-19T21:38:53.9810370Z hint:
2025-08-19T21:38:53.9811316Z hint: Disable this message with "git config set advice.defaultBranchName false"
2025-08-19T21:38:53.9812388Z Initialized empty Git repository in /home/runner/work/AWA-App/AWA-App/.git/
2025-08-19T21:38:53.9816607Z [command]/usr/bin/git remote add origin https://github.com/AlexBomber12/AWA-App
2025-08-19T21:38:53.9846965Z ##[endgroup]
2025-08-19T21:38:53.9847653Z ##[group]Disabling automatic garbage collection
2025-08-19T21:38:53.9850886Z [command]/usr/bin/git config --local gc.auto 0
2025-08-19T21:38:53.9879937Z ##[endgroup]
2025-08-19T21:38:53.9881100Z ##[group]Setting up auth
2025-08-19T21:38:53.9887667Z [command]/usr/bin/git config --local --name-only --get-regexp core\.sshCommand
2025-08-19T21:38:53.9918356Z [command]/usr/bin/git submodule foreach --recursive sh -c "git config --local --name-only --get-regexp 'core\.sshCommand' && git config --local --unset-all 'core.sshCommand' || :"
2025-08-19T21:38:54.0169193Z [command]/usr/bin/git config --local --name-only --get-regexp http\.https\:\/\/github\.com\/\.extraheader
2025-08-19T21:38:54.0199745Z [command]/usr/bin/git submodule foreach --recursive sh -c "git config --local --name-only --get-regexp 'http\.https\:\/\/github\.com\/\.extraheader' && git config --local --unset-all 'http.https://github.com/.extraheader' || :"
2025-08-19T21:38:54.0415513Z [command]/usr/bin/git config --local http.https://github.com/.extraheader AUTHORIZATION: basic ***
2025-08-19T21:38:54.0449878Z ##[endgroup]
2025-08-19T21:38:54.0450638Z ##[group]Fetching the repository
2025-08-19T21:38:54.0457951Z [command]/usr/bin/git -c protocol.version=2 fetch --no-tags --prune --no-recurse-submodules --depth=1 origin +a8df8bab45d8006d78e11c2d4b27ab9fa8caadbe:refs/remotes/pull/289/merge
2025-08-19T21:38:54.2907745Z From https://github.com/AlexBomber12/AWA-App
2025-08-19T21:38:54.2908982Z  * [new ref]         a8df8bab45d8006d78e11c2d4b27ab9fa8caadbe -> pull/289/merge
2025-08-19T21:38:54.2931628Z ##[endgroup]
2025-08-19T21:38:54.2932783Z ##[group]Determining the checkout info
2025-08-19T21:38:54.2934428Z ##[endgroup]
2025-08-19T21:38:54.2939292Z [command]/usr/bin/git sparse-checkout disable
2025-08-19T21:38:54.2977125Z [command]/usr/bin/git config --local --unset-all extensions.worktreeConfig
2025-08-19T21:38:54.3003545Z ##[group]Checking out the ref
2025-08-19T21:38:54.3007371Z [command]/usr/bin/git checkout --progress --force refs/remotes/pull/289/merge
2025-08-19T21:38:54.3301185Z Note: switching to 'refs/remotes/pull/289/merge'.
2025-08-19T21:38:54.3301937Z 
2025-08-19T21:38:54.3302526Z You are in 'detached HEAD' state. You can look around, make experimental
2025-08-19T21:38:54.3303901Z changes and commit them, and you can discard any commits you make in this
2025-08-19T21:38:54.3305520Z state without impacting any branches by switching back to a branch.
2025-08-19T21:38:54.3306325Z 
2025-08-19T21:38:54.3306841Z If you want to create a new branch to retain commits you create, you may
2025-08-19T21:38:54.3307633Z do so (now or later) by using -c with the switch command. Example:
2025-08-19T21:38:54.3308084Z 
2025-08-19T21:38:54.3308282Z   git switch -c <new-branch-name>
2025-08-19T21:38:54.3308824Z 
2025-08-19T21:38:54.3309010Z Or undo this operation with:
2025-08-19T21:38:54.3309305Z 
2025-08-19T21:38:54.3309535Z   git switch -
2025-08-19T21:38:54.3309896Z 
2025-08-19T21:38:54.3310516Z Turn off this advice by setting config variable advice.detachedHead to false
2025-08-19T21:38:54.3311394Z 
2025-08-19T21:38:54.3312033Z HEAD is now at a8df8ba Merge 51a10feaf44eb497b3482af49ea9462f0233fb85 into 50da85183b578c6c7de4d0df7c66731f7d41e40d
2025-08-19T21:38:54.3313736Z ##[endgroup]
2025-08-19T21:38:54.3344265Z [command]/usr/bin/git log -1 --format=%H
2025-08-19T21:38:54.3365619Z a8df8bab45d8006d78e11c2d4b27ab9fa8caadbe
2025-08-19T21:38:54.3553489Z ##[group]Run echo "GITHUB_SHA=${GITHUB_SHA}" >> "$GITHUB_ENV"
2025-08-19T21:38:54.3554522Z [36;1mecho "GITHUB_SHA=${GITHUB_SHA}" >> "$GITHUB_ENV"[0m
2025-08-19T21:38:54.3620809Z shell: /usr/bin/bash -e {0}
2025-08-19T21:38:54.3621284Z ##[endgroup]
2025-08-19T21:38:54.3743739Z ##[group]Run export COMPOSE_DOCKER_CLI_BUILD=1 DOCKER_BUILDKIT=1
2025-08-19T21:38:54.3744825Z [36;1mexport COMPOSE_DOCKER_CLI_BUILD=1 DOCKER_BUILDKIT=1[0m
2025-08-19T21:38:54.3745430Z [36;1mdocker compose \[0m
2025-08-19T21:38:54.3745882Z [36;1m  -f docker-compose.yml \[0m
2025-08-19T21:38:54.3746387Z [36;1m  -f docker-compose.ci.yml \[0m
2025-08-19T21:38:54.3746912Z [36;1m  -f docker-compose.postgres.yml \[0m
2025-08-19T21:38:54.3747451Z [36;1m  build --progress plain[0m
2025-08-19T21:38:54.3783801Z shell: /usr/bin/bash -e {0}
2025-08-19T21:38:54.3784528Z env:
2025-08-19T21:38:54.3784959Z   GITHUB_SHA: a8df8bab45d8006d78e11c2d4b27ab9fa8caadbe
2025-08-19T21:38:54.3785492Z ##[endgroup]
2025-08-19T21:38:56.7933887Z --progress is a global compose flag, better use `docker compose --progress xx build ...
2025-08-19T21:38:56.8352088Z time="2025-08-19T21:38:56Z" level=warning msg="/home/runner/work/AWA-App/AWA-App/docker-compose.postgres.yml: the attribute `version` is obsolete, it will be ignored, please remove it to avoid potential confusion"
2025-08-19T21:38:56.9910320Z #1 [internal] load local bake definitions
2025-08-19T21:38:57.0960988Z #1 reading from stdin 1.88kB done
2025-08-19T21:38:57.0962266Z #1 DONE 0.0s
2025-08-19T21:38:57.2236546Z 
2025-08-19T21:38:57.2237217Z #2 [api internal] load build definition from Dockerfile
2025-08-19T21:38:57.2238384Z #2 transferring dockerfile: 1.48kB done
2025-08-19T21:38:57.2239021Z #2 DONE 0.0s
2025-08-19T21:38:57.2240070Z 
2025-08-19T21:38:57.2240404Z #3 [postgres internal] load build definition from Dockerfile
2025-08-19T21:38:57.2245876Z #3 transferring dockerfile: 807B done
2025-08-19T21:38:57.2246413Z #3 DONE 0.0s
2025-08-19T21:38:57.2246634Z 
2025-08-19T21:38:57.2246906Z #4 [etl internal] load build definition from Dockerfile
2025-08-19T21:38:57.2247541Z #4 transferring dockerfile: 1.15kB done
2025-08-19T21:38:57.2248062Z #4 DONE 0.0s
2025-08-19T21:38:57.2248331Z 
2025-08-19T21:38:57.2248711Z #5 [fees_h10 internal] load build definition from Dockerfile
2025-08-19T21:38:57.2249316Z #5 transferring dockerfile: 962B done
2025-08-19T21:38:57.2249818Z #5 DONE 0.0s
2025-08-19T21:38:57.2250095Z 
2025-08-19T21:38:57.2250420Z #6 [auth] docker/dockerfile:pull token for registry-1.docker.io
2025-08-19T21:38:57.3741211Z #6 DONE 0.0s
2025-08-19T21:38:57.3741529Z 
2025-08-19T21:38:57.3741898Z #7 [auth] library/postgres:pull token for registry-1.docker.io
2025-08-19T21:38:57.3742358Z #7 DONE 0.0s
2025-08-19T21:38:57.3742527Z 
2025-08-19T21:38:57.3742891Z #8 [fees_h10] resolve image config for docker-image://docker.io/docker/dockerfile:1.6
2025-08-19T21:38:57.4819260Z #8 ...
2025-08-19T21:38:57.4819578Z 
2025-08-19T21:38:57.4819979Z #9 [postgres internal] load metadata for docker.io/library/postgres:16
2025-08-19T21:38:57.4820691Z #9 DONE 0.4s
2025-08-19T21:38:57.6009694Z 
2025-08-19T21:38:57.6010071Z #10 [postgres internal] load .dockerignore
2025-08-19T21:38:57.6010710Z #10 transferring context: 265B done
2025-08-19T21:38:57.6011215Z #10 DONE 0.0s
2025-08-19T21:38:57.6011460Z 
2025-08-19T21:38:57.6012034Z #8 [api] resolve image config for docker-image://docker.io/docker/dockerfile:1.6
2025-08-19T21:38:57.6013226Z #8 DONE 0.4s
2025-08-19T21:38:57.6013479Z 
2025-08-19T21:38:57.6013691Z #11 [postgres internal] load build context
2025-08-19T21:38:57.6014408Z #11 transferring context: 582B done
2025-08-19T21:38:57.6014946Z #11 DONE 0.0s
2025-08-19T21:38:57.6015149Z 
2025-08-19T21:38:57.6015780Z #12 [celery_worker] docker-image://docker.io/docker/dockerfile:1.6@sha256:ac85f380a63b13dfcefa89046420e1781752bab202122f8f50032edf31be0021
2025-08-19T21:38:57.6016694Z #12 resolve docker.io/docker/dockerfile:1.6@sha256:ac85f380a63b13dfcefa89046420e1781752bab202122f8f50032edf31be0021 done
2025-08-19T21:38:57.6017422Z #12 sha256:ac85f380a63b13dfcefa89046420e1781752bab202122f8f50032edf31be0021 8.40kB / 8.40kB done
2025-08-19T21:38:57.6018059Z #12 sha256:657fcc512c7369f4cb3d94ea329150f8daf626bc838b1a1e81f1834c73ecc77e 482B / 482B done
2025-08-19T21:38:57.6018967Z #12 sha256:a17ee7fff8f5e97b974f5b48f51647d2cf28d543f2aa6c11aaa0ea431b44bb89 1.27kB / 1.27kB done
2025-08-19T21:38:57.6019659Z #12 sha256:9d9c93f4b00be908ab694a4df732570bced3b8a96b7515d70ff93402179ad232 4.19MB / 11.80MB 0.1s
2025-08-19T21:38:57.7041541Z #12 sha256:ac85f380a63b13dfcefa89046420e1781752bab202122f8f50032edf31be0021 8.40kB / 8.40kB done
2025-08-19T21:38:57.7043073Z #12 sha256:657fcc512c7369f4cb3d94ea329150f8daf626bc838b1a1e81f1834c73ecc77e 482B / 482B done
2025-08-19T21:38:57.7045231Z #12 sha256:a17ee7fff8f5e97b974f5b48f51647d2cf28d543f2aa6c11aaa0ea431b44bb89 1.27kB / 1.27kB done
2025-08-19T21:38:57.7049381Z #12 sha256:9d9c93f4b00be908ab694a4df732570bced3b8a96b7515d70ff93402179ad232 11.80MB / 11.80MB 0.2s
2025-08-19T21:38:57.7050507Z #12 extracting sha256:9d9c93f4b00be908ab694a4df732570bced3b8a96b7515d70ff93402179ad232
2025-08-19T21:38:57.8045021Z #12 sha256:9d9c93f4b00be908ab694a4df732570bced3b8a96b7515d70ff93402179ad232 11.80MB / 11.80MB 0.2s done
2025-08-19T21:38:57.9114339Z #12 extracting sha256:9d9c93f4b00be908ab694a4df732570bced3b8a96b7515d70ff93402179ad232 0.1s done
2025-08-19T21:38:57.9116934Z #12 DONE 0.3s
2025-08-19T21:38:57.9117153Z 
2025-08-19T21:38:57.9117709Z #13 [postgres 1/6] FROM docker.io/library/postgres:16@sha256:66a5efb5677ffac1037774a0e141fd3a4c035c9c0c0e624c9cc980dfa10f45e5
2025-08-19T21:38:57.9118848Z #13 resolve docker.io/library/postgres:16@sha256:66a5efb5677ffac1037774a0e141fd3a4c035c9c0c0e624c9cc980dfa10f45e5 done
2025-08-19T21:38:57.9119977Z #13 sha256:fb850b0e3049060bf4eb46c8806d7ceea916d67e5cc56d6b295511e27463e56b 1.17kB / 1.17kB 0.2s done
2025-08-19T21:38:57.9120925Z #13 sha256:4b802c5161ddfa2ae4beac272c4e24aa5e162a20451c8489cbb952a88507732f 9.89kB / 9.89kB done
2025-08-19T21:38:57.9121849Z #13 sha256:66a5efb5677ffac1037774a0e141fd3a4c035c9c0c0e624c9cc980dfa10f45e5 10.24kB / 10.24kB done
2025-08-19T21:38:57.9122765Z #13 sha256:3084fa1fadd59e7633ec56d318f1e4de01be744f446c5c35df7cd801fbc34894 3.63kB / 3.63kB done
2025-08-19T21:38:57.9123698Z #13 sha256:396b1da7636e2dcd10565cb4f2f952cbb4a8a38b58d3b86a2cacb172fb70117c 26.86MB / 29.77MB 0.4s
2025-08-19T21:38:57.9145607Z #13 sha256:7f09385d08f9e8f578f9dad57582fff30d6ca3ef0f4d66ab5e1bf92c88862341 6.44MB / 6.44MB 0.3s done
2025-08-19T21:38:57.9146840Z #13 sha256:534f45d26d937460abe84bd086361a04c27e624a23f9384ff13f11c24c64c7bb 1.45MB / 1.45MB 0.3s done
2025-08-19T21:38:57.9147960Z #13 sha256:320fa150e60fca9bb108771a06f08d5464ad8b7474b7bf3f4b44d723b686ee72 0B / 1.31MB 0.3s
2025-08-19T21:38:57.9149031Z #13 sha256:2b6532633f5d125e9a709f56f26af5a07390c859a5c77142b74da1d4e3c79fee 7.34MB / 8.20MB 0.4s
2025-08-19T21:38:57.9150130Z #13 sha256:19947f6cc5d3035f6c922fa1d6047c79e044256ad948080adb59cec60717b9f8 116B / 116B 0.3s done
2025-08-19T21:38:57.9151268Z #13 sha256:e787bdd7824bfcb30d11087160de825f724620c952958f4f725c13421499b724 3.14kB / 3.14kB 0.4s
2025-08-19T21:38:58.0882149Z #13 ...
2025-08-19T21:38:58.0882521Z 
2025-08-19T21:38:58.0882828Z #14 [celery_worker internal] load build definition from Dockerfile
2025-08-19T21:38:58.0983727Z #14 transferring dockerfile: 1.15kB done
2025-08-19T21:38:58.0985160Z #14 DONE 0.0s
2025-08-19T21:38:58.0985684Z 
2025-08-19T21:38:58.0986540Z #15 [etl internal] load build definition from Dockerfile
2025-08-19T21:38:58.0993030Z #15 transferring dockerfile: 1.15kB done
2025-08-19T21:38:58.0993474Z #15 DONE 0.0s
2025-08-19T21:38:58.0993670Z 
2025-08-19T21:38:58.0993900Z #16 [auth] library/python:pull token for registry-1.docker.io
2025-08-19T21:38:58.0994592Z #16 DONE 0.0s
2025-08-19T21:38:58.0994765Z 
2025-08-19T21:38:58.0995353Z #13 [postgres 1/6] FROM docker.io/library/postgres:16@sha256:66a5efb5677ffac1037774a0e141fd3a4c035c9c0c0e624c9cc980dfa10f45e5
2025-08-19T21:38:58.0996534Z #13 sha256:396b1da7636e2dcd10565cb4f2f952cbb4a8a38b58d3b86a2cacb172fb70117c 29.77MB / 29.77MB 0.4s done
2025-08-19T21:38:58.0997516Z #13 sha256:2b6532633f5d125e9a709f56f26af5a07390c859a5c77142b74da1d4e3c79fee 8.20MB / 8.20MB 0.4s done
2025-08-19T21:38:58.0998740Z #13 sha256:e787bdd7824bfcb30d11087160de825f724620c952958f4f725c13421499b724 3.14kB / 3.14kB 0.4s done
2025-08-19T21:38:58.0999817Z #13 extracting sha256:396b1da7636e2dcd10565cb4f2f952cbb4a8a38b58d3b86a2cacb172fb70117c 0.1s
2025-08-19T21:38:58.1000835Z #13 sha256:a858bd6d34e86a481a2e028e3ba489e662b3ac7713eba9a5d3bb97002c7d797e 128B / 128B 0.5s done
2025-08-19T21:38:58.1001751Z #13 sha256:f1b3502db45ad485f0affe43e32fc81d699ddac01c023f198271a0a7e1cecd4c 0B / 169B 0.5s
2025-08-19T21:38:58.1002660Z #13 sha256:a1e4ad56dcecf442fba1cec05cd565ededfdc663e5172df9ef9394d96d4c96f8 5.24MB / 113.19MB 0.5s
2025-08-19T21:38:58.1003690Z #13 sha256:987c1b4919ea2d87df20824aaef43a9de0575ac7df684579ad267c7e48c8eeea 10.01kB / 10.01kB 0.5s done
2025-08-19T21:38:58.1883156Z #13 sha256:f1b3502db45ad485f0affe43e32fc81d699ddac01c023f198271a0a7e1cecd4c 169B / 169B 0.5s done
2025-08-19T21:38:58.1884671Z #13 sha256:a1e4ad56dcecf442fba1cec05cd565ededfdc663e5172df9ef9394d96d4c96f8 18.93MB / 113.19MB 0.6s
2025-08-19T21:38:58.1885916Z #13 sha256:25ef78fb127c1934630de29a3d38f46e544360b1dcf5cfc09b25507fbe88fd75 5.92kB / 5.92kB 0.5s done
2025-08-19T21:38:58.1886683Z #13 sha256:240810240d04caaaccb11d51ba7c3a7f7d6f470ec2a80ee420a3d33899d9a303 184B / 184B 0.5s done
2025-08-19T21:38:58.2960299Z #13 ...
2025-08-19T21:38:58.2960534Z 
2025-08-19T21:38:58.2960922Z #17 [celery_worker internal] load metadata for docker.io/library/python:3.12-slim
2025-08-19T21:38:58.2961640Z #17 DONE 0.3s
2025-08-19T21:38:58.2961840Z 
2025-08-19T21:38:58.2962001Z #18 [fees_h10 internal] load .dockerignore
2025-08-19T21:38:58.2962443Z #18 transferring context: 2B done
2025-08-19T21:38:58.2962877Z #18 DONE 0.0s
2025-08-19T21:38:58.2963061Z 
2025-08-19T21:38:58.2963219Z #19 [api internal] load .dockerignore
2025-08-19T21:38:58.2963626Z #19 transferring context: 265B done
2025-08-19T21:38:58.2964000Z #19 DONE 0.0s
2025-08-19T21:38:58.2964349Z 
2025-08-19T21:38:58.2964514Z #20 [celery_worker internal] load .dockerignore
2025-08-19T21:38:58.2964958Z #20 transferring context: 265B done
2025-08-19T21:38:58.2965319Z #20 DONE 0.0s
2025-08-19T21:38:58.2965484Z 
2025-08-19T21:38:58.2965695Z #21 [etl internal] load .dockerignore
2025-08-19T21:38:58.2966085Z #21 transferring context: 265B done
2025-08-19T21:38:58.2966451Z #21 DONE 0.0s
2025-08-19T21:38:58.2966610Z 
2025-08-19T21:38:58.2967210Z #13 [postgres 1/6] FROM docker.io/library/postgres:16@sha256:66a5efb5677ffac1037774a0e141fd3a4c035c9c0c0e624c9cc980dfa10f45e5
2025-08-19T21:38:58.2968433Z #13 sha256:a1e4ad56dcecf442fba1cec05cd565ededfdc663e5172df9ef9394d96d4c96f8 28.31MB / 113.19MB 0.7s
2025-08-19T21:38:58.3962481Z #13 ...
2025-08-19T21:38:58.3962910Z 
2025-08-19T21:38:58.3963065Z #22 [fees_h10 internal] load build context
2025-08-19T21:38:58.3963656Z #22 transferring context: 8.32kB done
2025-08-19T21:38:58.3964307Z #22 DONE 0.0s
2025-08-19T21:38:58.3964494Z 
2025-08-19T21:38:58.3964658Z #23 [celery_worker internal] load build context
2025-08-19T21:38:58.3965104Z #23 transferring context: 25.45kB 0.0s done
2025-08-19T21:38:58.3965478Z #23 DONE 0.0s
2025-08-19T21:38:58.3965641Z 
2025-08-19T21:38:58.3965833Z #24 [etl internal] load build context
2025-08-19T21:38:58.3966272Z #24 transferring context: 25.45kB 0.0s done
2025-08-19T21:38:58.3966992Z #24 DONE 0.0s
2025-08-19T21:38:58.3967159Z 
2025-08-19T21:38:58.3967304Z #25 [api internal] load build context
2025-08-19T21:38:58.3967773Z #25 transferring context: 151.54kB 0.0s done
2025-08-19T21:38:58.3968190Z #25 DONE 0.0s
2025-08-19T21:38:58.3968359Z 
2025-08-19T21:38:58.3968989Z #13 [postgres 1/6] FROM docker.io/library/postgres:16@sha256:66a5efb5677ffac1037774a0e141fd3a4c035c9c0c0e624c9cc980dfa10f45e5
2025-08-19T21:38:58.5008564Z #13 sha256:a1e4ad56dcecf442fba1cec05cd565ededfdc663e5172df9ef9394d96d4c96f8 44.04MB / 113.19MB 0.9s
2025-08-19T21:38:58.6050236Z #13 sha256:a1e4ad56dcecf442fba1cec05cd565ededfdc663e5172df9ef9394d96d4c96f8 52.43MB / 113.19MB 1.1s
2025-08-19T21:38:58.8051018Z #13 sha256:a1e4ad56dcecf442fba1cec05cd565ededfdc663e5172df9ef9394d96d4c96f8 66.06MB / 113.19MB 1.3s
2025-08-19T21:38:58.9351555Z #13 sha256:a1e4ad56dcecf442fba1cec05cd565ededfdc663e5172df9ef9394d96d4c96f8 74.45MB / 113.19MB 1.4s
2025-08-19T21:38:59.1050887Z #13 extracting sha256:396b1da7636e2dcd10565cb4f2f952cbb4a8a38b58d3b86a2cacb172fb70117c 1.0s done
2025-08-19T21:38:59.1052072Z #13 sha256:a1e4ad56dcecf442fba1cec05cd565ededfdc663e5172df9ef9394d96d4c96f8 87.03MB / 113.19MB 1.6s
2025-08-19T21:38:59.1053181Z #13 extracting sha256:fb850b0e3049060bf4eb46c8806d7ceea916d67e5cc56d6b295511e27463e56b done
2025-08-19T21:38:59.2054194Z #13 extracting sha256:7f09385d08f9e8f578f9dad57582fff30d6ca3ef0f4d66ab5e1bf92c88862341
2025-08-19T21:38:59.3059710Z #13 sha256:a1e4ad56dcecf442fba1cec05cd565ededfdc663e5172df9ef9394d96d4c96f8 110.10MB / 113.19MB 1.8s
2025-08-19T21:38:59.3061042Z #13 extracting sha256:7f09385d08f9e8f578f9dad57582fff30d6ca3ef0f4d66ab5e1bf92c88862341 0.1s done
2025-08-19T21:38:59.4125642Z #13 sha256:a1e4ad56dcecf442fba1cec05cd565ededfdc663e5172df9ef9394d96d4c96f8 113.19MB / 113.19MB 1.8s done
2025-08-19T21:38:59.4127360Z #13 extracting sha256:534f45d26d937460abe84bd086361a04c27e624a23f9384ff13f11c24c64c7bb 0.0s done
2025-08-19T21:38:59.4128360Z #13 extracting sha256:2b6532633f5d125e9a709f56f26af5a07390c859a5c77142b74da1d4e3c79fee
2025-08-19T21:38:59.7235322Z #13 extracting sha256:2b6532633f5d125e9a709f56f26af5a07390c859a5c77142b74da1d4e3c79fee 0.3s done
2025-08-19T21:38:59.8240883Z #13 extracting sha256:320fa150e60fca9bb108771a06f08d5464ad8b7474b7bf3f4b44d723b686ee72
2025-08-19T21:38:59.9262197Z #13 ...
2025-08-19T21:38:59.9262809Z 
2025-08-19T21:38:59.9263924Z #26 [etl base 1/6] FROM docker.io/library/python:3.12-slim@sha256:d67a7b66b989ad6b6d6b10d428dcc5e0bfc3e5f88906e67d490c4d3daac57047
2025-08-19T21:38:59.9265805Z #26 resolve docker.io/library/python:3.12-slim@sha256:d67a7b66b989ad6b6d6b10d428dcc5e0bfc3e5f88906e67d490c4d3daac57047 done
2025-08-19T21:38:59.9268182Z #26 extracting sha256:396b1da7636e2dcd10565cb4f2f952cbb4a8a38b58d3b86a2cacb172fb70117c 0.7s done
2025-08-19T21:38:59.9269257Z #26 sha256:396b1da7636e2dcd10565cb4f2f952cbb4a8a38b58d3b86a2cacb172fb70117c 29.77MB / 29.77MB done
2025-08-19T21:38:59.9270359Z #26 sha256:5d587318e932a89b94608393c99dd30ee5092a6991c1656f717bd4f4e13d60df 1.29MB / 1.29MB 0.1s done
2025-08-19T21:38:59.9271482Z #26 sha256:e5c05dcf47fbdb2f18dc242ad1b7f48fbd3813c0027ffcfb8e81e4aa7e0965f4 12.11MB / 12.11MB 0.2s done
2025-08-19T21:38:59.9272584Z #26 sha256:d76206d463c08ba2a3f7bbab2de2a933ad73f33ab4ab813eafe50c9dff9edc12 251B / 251B 0.1s done
2025-08-19T21:38:59.9273641Z #26 sha256:d67a7b66b989ad6b6d6b10d428dcc5e0bfc3e5f88906e67d490c4d3daac57047 10.37kB / 10.37kB done
2025-08-19T21:38:59.9275152Z #26 sha256:8f3d1de1b41cd7340a89b024d6f7a10043f7b0d07d97eb36ba76f22fcfa9a235 1.75kB / 1.75kB done
2025-08-19T21:38:59.9276189Z #26 sha256:bad5eac7befe06d25bef9d4d894d7467355bac08745c745a88977774933fa032 5.58kB / 5.58kB done
2025-08-19T21:38:59.9277206Z #26 extracting sha256:5d587318e932a89b94608393c99dd30ee5092a6991c1656f717bd4f4e13d60df 0.1s done
2025-08-19T21:38:59.9278219Z #26 extracting sha256:e5c05dcf47fbdb2f18dc242ad1b7f48fbd3813c0027ffcfb8e81e4aa7e0965f4 0.6s done
2025-08-19T21:38:59.9279249Z #26 extracting sha256:d76206d463c08ba2a3f7bbab2de2a933ad73f33ab4ab813eafe50c9dff9edc12 done
2025-08-19T21:38:59.9280215Z #26 DONE 1.6s
2025-08-19T21:38:59.9280392Z 
2025-08-19T21:38:59.9280983Z #13 [postgres 1/6] FROM docker.io/library/postgres:16@sha256:66a5efb5677ffac1037774a0e141fd3a4c035c9c0c0e624c9cc980dfa10f45e5
2025-08-19T21:38:59.9282140Z #13 extracting sha256:320fa150e60fca9bb108771a06f08d5464ad8b7474b7bf3f4b44d723b686ee72 0.1s done
2025-08-19T21:38:59.9283114Z #13 extracting sha256:19947f6cc5d3035f6c922fa1d6047c79e044256ad948080adb59cec60717b9f8 done
2025-08-19T21:38:59.9284200Z #13 extracting sha256:e787bdd7824bfcb30d11087160de825f724620c952958f4f725c13421499b724 done
2025-08-19T21:39:00.1231709Z #13 ...
2025-08-19T21:39:00.1232025Z 
2025-08-19T21:39:00.1233427Z #27 [etl base 2/6] WORKDIR /app
2025-08-19T21:39:00.1234915Z #27 DONE 0.0s
2025-08-19T21:39:00.1235484Z 
2025-08-19T21:39:00.1254731Z #28 [etl base 3/5] COPY services/etl/requirements*.txt services/etl/constraints.txt ./
2025-08-19T21:39:00.1258062Z #28 DONE 0.0s
2025-08-19T21:39:00.1262907Z 
2025-08-19T21:39:00.1263343Z #29 [api base  3/13] COPY services/api/requirements.txt ./requirements.txt
2025-08-19T21:39:00.1263933Z #29 DONE 0.0s
2025-08-19T21:39:00.1265254Z 
2025-08-19T21:39:00.1265560Z #30 [fees_h10 base 3/6] COPY requirements*.txt constraints.txt ./fees_h10/
2025-08-19T21:39:00.1266131Z #30 DONE 0.0s
2025-08-19T21:39:00.1266298Z 
2025-08-19T21:39:00.1266919Z #13 [postgres 1/6] FROM docker.io/library/postgres:16@sha256:66a5efb5677ffac1037774a0e141fd3a4c035c9c0c0e624c9cc980dfa10f45e5
2025-08-19T21:39:00.1268082Z #13 extracting sha256:a1e4ad56dcecf442fba1cec05cd565ededfdc663e5172df9ef9394d96d4c96f8
2025-08-19T21:39:05.1755827Z #13 extracting sha256:a1e4ad56dcecf442fba1cec05cd565ededfdc663e5172df9ef9394d96d4c96f8 5.0s
2025-08-19T21:39:06.1946368Z #13 ...
2025-08-19T21:39:06.1946676Z 
2025-08-19T21:39:06.1948875Z #31 [fees_h10 base 4/6] RUN if [ -n "" ] && [ -f "fees_h10/" ]; then         pip install -r fees_h10/requirements.txt -c fees_h10/;     else         pip install -r fees_h10/requirements.txt;     fi
2025-08-19T21:39:06.1950228Z #31 3.167 Collecting celery==5.4.* (from celery[redis]==5.4.*->-r fees_h10/requirements.txt (line 1))
2025-08-19T21:39:06.1951134Z #31 3.202   Downloading celery-5.4.0-py3-none-any.whl.metadata (21 kB)
2025-08-19T21:39:06.1951876Z #31 3.294 Collecting asyncpg (from -r fees_h10/requirements.txt (line 2))
2025-08-19T21:39:06.1952827Z #31 3.299   Downloading asyncpg-0.30.0-cp312-cp312-manylinux_2_17_x86_64.manylinux2014_x86_64.whl.metadata (5.0 kB)
2025-08-19T21:39:06.1953762Z #31 3.331 Collecting httpx (from -r fees_h10/requirements.txt (line 3))
2025-08-19T21:39:06.1954659Z #31 3.335   Downloading httpx-0.28.1-py3-none-any.whl.metadata (7.1 kB)
2025-08-19T21:39:06.1955397Z #31 3.871 Collecting sqlalchemy (from -r fees_h10/requirements.txt (line 4))
2025-08-19T21:39:06.1956399Z #31 3.878   Downloading sqlalchemy-2.0.43-cp312-cp312-manylinux_2_17_x86_64.manylinux2014_x86_64.whl.metadata (9.6 kB)
2025-08-19T21:39:06.1957658Z #31 3.930 Collecting billiard<5.0,>=4.2.0 (from celery==5.4.*->celery[redis]==5.4.*->-r fees_h10/requirements.txt (line 1))
2025-08-19T21:39:06.1958622Z #31 3.935   Downloading billiard-4.2.1-py3-none-any.whl.metadata (4.4 kB)
2025-08-19T21:39:06.1959554Z #31 4.000 Collecting kombu<6.0,>=5.3.4 (from celery==5.4.*->celery[redis]==5.4.*->-r fees_h10/requirements.txt (line 1))
2025-08-19T21:39:06.1960443Z #31 4.006   Downloading kombu-5.5.4-py3-none-any.whl.metadata (3.5 kB)
2025-08-19T21:39:06.1961324Z #31 4.052 Collecting vine<6.0,>=5.1.0 (from celery==5.4.*->celery[redis]==5.4.*->-r fees_h10/requirements.txt (line 1))
2025-08-19T21:39:06.1962214Z #31 4.059   Downloading vine-5.1.0-py3-none-any.whl.metadata (2.7 kB)
2025-08-19T21:39:06.1963097Z #31 4.114 Collecting click<9.0,>=8.1.2 (from celery==5.4.*->celery[redis]==5.4.*->-r fees_h10/requirements.txt (line 1))
2025-08-19T21:39:06.1964171Z #31 4.123   Downloading click-8.2.1-py3-none-any.whl.metadata (2.5 kB)
2025-08-19T21:39:06.1965163Z #31 4.157 Collecting click-didyoumean>=0.3.0 (from celery==5.4.*->celery[redis]==5.4.*->-r fees_h10/requirements.txt (line 1))
2025-08-19T21:39:06.1966521Z #31 4.165   Downloading click_didyoumean-0.3.1-py3-none-any.whl.metadata (3.9 kB)
2025-08-19T21:39:06.1967527Z #31 4.187 Collecting click-repl>=0.2.0 (from celery==5.4.*->celery[redis]==5.4.*->-r fees_h10/requirements.txt (line 1))
2025-08-19T21:39:06.1968451Z #31 4.194   Downloading click_repl-0.3.0-py3-none-any.whl.metadata (3.6 kB)
2025-08-19T21:39:06.1969587Z #31 4.227 Collecting click-plugins>=1.1.1 (from celery==5.4.*->celery[redis]==5.4.*->-r fees_h10/requirements.txt (line 1))
2025-08-19T21:39:06.1970624Z #31 4.237   Downloading click_plugins-1.1.1.2-py2.py3-none-any.whl.metadata (6.5 kB)
2025-08-19T21:39:06.1971601Z #31 4.277 Collecting tzdata>=2022.7 (from celery==5.4.*->celery[redis]==5.4.*->-r fees_h10/requirements.txt (line 1))
2025-08-19T21:39:06.1972786Z #31 4.283   Downloading tzdata-2025.2-py2.py3-none-any.whl.metadata (1.4 kB)
2025-08-19T21:39:06.1973789Z #31 4.323 Collecting python-dateutil>=2.8.2 (from celery==5.4.*->celery[redis]==5.4.*->-r fees_h10/requirements.txt (line 1))
2025-08-19T21:39:06.2011992Z #31 4.335   Downloading python_dateutil-2.9.0.post0-py2.py3-none-any.whl.metadata (8.4 kB)
2025-08-19T21:39:06.2013052Z #31 4.419 Collecting redis!=4.5.5,<6.0.0,>=4.5.2 (from celery[redis]==5.4.*->-r fees_h10/requirements.txt (line 1))
2025-08-19T21:39:06.2013936Z #31 4.424   Downloading redis-5.3.1-py3-none-any.whl.metadata (9.2 kB)
2025-08-19T21:39:06.2015145Z #31 4.477 Collecting anyio (from httpx->-r fees_h10/requirements.txt (line 3))
2025-08-19T21:39:06.2015957Z #31 4.481   Downloading anyio-4.10.0-py3-none-any.whl.metadata (4.0 kB)
2025-08-19T21:39:06.2016773Z #31 4.512 Collecting certifi (from httpx->-r fees_h10/requirements.txt (line 3))
2025-08-19T21:39:06.2017585Z #31 4.516   Downloading certifi-2025.8.3-py3-none-any.whl.metadata (2.4 kB)
2025-08-19T21:39:06.2018446Z #31 4.557 Collecting httpcore==1.* (from httpx->-r fees_h10/requirements.txt (line 3))
2025-08-19T21:39:06.2019303Z #31 4.563   Downloading httpcore-1.0.9-py3-none-any.whl.metadata (21 kB)
2025-08-19T21:39:06.2020075Z #31 4.592 Collecting idna (from httpx->-r fees_h10/requirements.txt (line 3))
2025-08-19T21:39:06.2020813Z #31 4.597   Downloading idna-3.10-py3-none-any.whl.metadata (10 kB)
2025-08-19T21:39:06.2021601Z #31 4.630 Collecting h11>=0.16 (from httpcore==1.*->httpx->-r fees_h10/requirements.txt (line 3))
2025-08-19T21:39:06.2022439Z #31 4.637   Downloading h11-0.16.0-py3-none-any.whl.metadata (8.3 kB)
2025-08-19T21:39:06.2023237Z #31 4.886 Collecting greenlet>=1 (from sqlalchemy->-r fees_h10/requirements.txt (line 4))
2025-08-19T21:39:06.2024442Z #31 4.892   Downloading greenlet-3.2.4-cp312-cp312-manylinux_2_24_x86_64.manylinux_2_28_x86_64.whl.metadata (4.1 kB)
2025-08-19T21:39:06.2025655Z #31 4.942 Collecting typing-extensions>=4.6.0 (from sqlalchemy->-r fees_h10/requirements.txt (line 4))
2025-08-19T21:39:06.2026608Z #31 4.951   Downloading typing_extensions-4.14.1-py3-none-any.whl.metadata (3.0 kB)
2025-08-19T21:39:06.2027776Z #31 5.040 Collecting prompt-toolkit>=3.0.36 (from click-repl>=0.2.0->celery==5.4.*->celery[redis]==5.4.*->-r fees_h10/requirements.txt (line 1))
2025-08-19T21:39:06.2028901Z #31 5.044   Downloading prompt_toolkit-3.0.51-py3-none-any.whl.metadata (6.4 kB)
2025-08-19T21:39:06.2029933Z #31 5.084 Collecting amqp<6.0.0,>=5.1.1 (from kombu<6.0,>=5.3.4->celery==5.4.*->celery[redis]==5.4.*->-r fees_h10/requirements.txt (line 1))
2025-08-19T21:39:06.2030896Z #31 5.091   Downloading amqp-5.3.1-py3-none-any.whl.metadata (8.9 kB)
2025-08-19T21:39:06.2031880Z #31 5.142 Collecting packaging (from kombu<6.0,>=5.3.4->celery==5.4.*->celery[redis]==5.4.*->-r fees_h10/requirements.txt (line 1))
2025-08-19T21:39:06.2032914Z #31 5.152   Downloading packaging-25.0-py3-none-any.whl.metadata (3.3 kB)
2025-08-19T21:39:06.2033949Z #31 5.192 Collecting six>=1.5 (from python-dateutil>=2.8.2->celery==5.4.*->celery[redis]==5.4.*->-r fees_h10/requirements.txt (line 1))
2025-08-19T21:39:06.2052620Z #31 5.203   Downloading six-1.17.0-py2.py3-none-any.whl.metadata (1.7 kB)
2025-08-19T21:39:06.2053876Z #31 5.251 Collecting PyJWT>=2.9.0 (from redis!=4.5.5,<6.0.0,>=4.5.2->celery[redis]==5.4.*->-r fees_h10/requirements.txt (line 1))
2025-08-19T21:39:06.2055134Z #31 5.255   Downloading PyJWT-2.10.1-py3-none-any.whl.metadata (4.0 kB)
2025-08-19T21:39:06.2056025Z #31 5.302 Collecting sniffio>=1.1 (from anyio->httpx->-r fees_h10/requirements.txt (line 3))
2025-08-19T21:39:06.2056851Z #31 5.307   Downloading sniffio-1.3.1-py3-none-any.whl.metadata (3.9 kB)
2025-08-19T21:39:06.2057966Z #31 5.378 Collecting wcwidth (from prompt-toolkit>=3.0.36->click-repl>=0.2.0->celery==5.4.*->celery[redis]==5.4.*->-r fees_h10/requirements.txt (line 1))
2025-08-19T21:39:06.2058901Z #31 5.382   Downloading wcwidth-0.2.13-py2.py3-none-any.whl.metadata (14 kB)
2025-08-19T21:39:06.2059329Z #31 5.424 Downloading celery-5.4.0-py3-none-any.whl (425 kB)
2025-08-19T21:39:06.2059991Z #31 5.447 Downloading asyncpg-0.30.0-cp312-cp312-manylinux_2_17_x86_64.manylinux2014_x86_64.whl (3.6 MB)
2025-08-19T21:39:06.2061016Z #31 5.500    ━━━━━━━━━━━━━━━━━━━━━━━━━━━━━━━━━━━━━━━━ 3.6/3.6 MB 72.4 MB/s eta 0:00:00
2025-08-19T21:39:06.2061713Z #31 5.505 Downloading httpx-0.28.1-py3-none-any.whl (73 kB)
2025-08-19T21:39:06.2062342Z #31 5.515 Downloading httpcore-1.0.9-py3-none-any.whl (78 kB)
2025-08-19T21:39:06.2063228Z #31 5.529 Downloading sqlalchemy-2.0.43-cp312-cp312-manylinux_2_17_x86_64.manylinux2014_x86_64.whl (3.3 MB)
2025-08-19T21:39:06.2064698Z #31 5.577    ━━━━━━━━━━━━━━━━━━━━━━━━━━━━━━━━━━━━━━━━ 3.3/3.3 MB 80.1 MB/s eta 0:00:00
2025-08-19T21:39:06.2084714Z #31 5.582 Downloading billiard-4.2.1-py3-none-any.whl (86 kB)
2025-08-19T21:39:06.2085451Z #31 5.596 Downloading click-8.2.1-py3-none-any.whl (102 kB)
2025-08-19T21:39:06.2086118Z #31 5.609 Downloading click_didyoumean-0.3.1-py3-none-any.whl (3.6 kB)
2025-08-19T21:39:06.2086834Z #31 5.618 Downloading click_plugins-1.1.1.2-py2.py3-none-any.whl (11 kB)
2025-08-19T21:39:06.2087558Z #31 5.625 Downloading click_repl-0.3.0-py3-none-any.whl (10 kB)
2025-08-19T21:39:06.2088439Z #31 5.633 Downloading greenlet-3.2.4-cp312-cp312-manylinux_2_24_x86_64.manylinux_2_28_x86_64.whl (607 kB)
2025-08-19T21:39:06.2089534Z #31 5.645    ━━━━━━━━━━━━━━━━━━━━━━━━━━━━━━━━━━━━━━━━ 607.6/607.6 kB 72.4 MB/s eta 0:00:00
2025-08-19T21:39:06.2090144Z #31 5.649 Downloading kombu-5.5.4-py3-none-any.whl (210 kB)
2025-08-19T21:39:06.2090731Z #31 5.663 Downloading vine-5.1.0-py3-none-any.whl (9.6 kB)
2025-08-19T21:39:06.2091449Z #31 5.675 Downloading python_dateutil-2.9.0.post0-py2.py3-none-any.whl (229 kB)
2025-08-19T21:39:06.2092156Z #31 5.687 Downloading redis-5.3.1-py3-none-any.whl (272 kB)
2025-08-19T21:39:06.2092805Z #31 5.701 Downloading typing_extensions-4.14.1-py3-none-any.whl (43 kB)
2025-08-19T21:39:06.2093482Z #31 5.717 Downloading tzdata-2025.2-py2.py3-none-any.whl (347 kB)
2025-08-19T21:39:06.2115662Z #31 5.728 Downloading anyio-4.10.0-py3-none-any.whl (107 kB)
2025-08-19T21:39:06.2116362Z #31 5.738 Downloading idna-3.10-py3-none-any.whl (70 kB)
2025-08-19T21:39:06.2117056Z #31 5.747 Downloading certifi-2025.8.3-py3-none-any.whl (161 kB)
2025-08-19T21:39:06.2117702Z #31 5.758 Downloading amqp-5.3.1-py3-none-any.whl (50 kB)
2025-08-19T21:39:06.2118281Z #31 5.767 Downloading h11-0.16.0-py3-none-any.whl (37 kB)
2025-08-19T21:39:06.2118934Z #31 5.778 Downloading prompt_toolkit-3.0.51-py3-none-any.whl (387 kB)
2025-08-19T21:39:06.2119611Z #31 5.793 Downloading PyJWT-2.10.1-py3-none-any.whl (22 kB)
2025-08-19T21:39:06.2123026Z #31 5.802 Downloading six-1.17.0-py2.py3-none-any.whl (11 kB)
2025-08-19T21:39:06.2123670Z #31 5.814 Downloading sniffio-1.3.1-py3-none-any.whl (10 kB)
2025-08-19T21:39:06.2124575Z #31 5.823 Downloading packaging-25.0-py3-none-any.whl (66 kB)
2025-08-19T21:39:06.2125211Z #31 5.835 Downloading wcwidth-0.2.13-py2.py3-none-any.whl (34 kB)
2025-08-19T21:39:06.2127254Z #31 5.985 Installing collected packages: wcwidth, vine, tzdata, typing-extensions, sniffio, six, PyJWT, prompt-toolkit, packaging, idna, h11, greenlet, click, certifi, billiard, asyncpg, sqlalchemy, redis, python-dateutil, httpcore, click-repl, click-plugins, click-didyoumean, anyio, amqp, kombu, httpx, celery
2025-08-19T21:39:07.3539321Z #31 ...
2025-08-19T21:39:07.3539926Z 
2025-08-19T21:39:07.3540463Z #32 [api base  4/13] RUN pip install --no-cache-dir -r requirements.txt
2025-08-19T21:39:07.3541582Z #32 3.087 Collecting uvicorn==0.29.0 (from -r requirements.txt (line 1))
2025-08-19T21:39:07.3542540Z #32 3.121   Downloading uvicorn-0.29.0-py3-none-any.whl.metadata (6.3 kB)
2025-08-19T21:39:07.3543840Z #32 3.149 Collecting pydantic-settings==2.2.1 (from -r requirements.txt (line 2))
2025-08-19T21:39:07.3545447Z #32 3.155   Downloading pydantic_settings-2.2.1-py3-none-any.whl.metadata (3.1 kB)
2025-08-19T21:39:07.3546550Z #32 3.231 Collecting fastapi==0.111.0 (from -r requirements.txt (line 3))
2025-08-19T21:39:07.3550554Z #32 3.235   Downloading fastapi-0.111.0-py3-none-any.whl.metadata (25 kB)
2025-08-19T21:39:07.3551640Z #32 3.708 Collecting sqlalchemy==2.0.29 (from -r requirements.txt (line 4))
2025-08-19T21:39:07.3552634Z #32 3.717   Downloading SQLAlchemy-2.0.29-cp312-cp312-manylinux_2_17_x86_64.manylinux2014_x86_64.whl.metadata (9.6 kB)
2025-08-19T21:39:07.3553570Z #32 3.764 Collecting alembic==1.13.1 (from -r requirements.txt (line 5))
2025-08-19T21:39:07.3555412Z #32 3.769   Downloading alembic-1.13.1-py3-none-any.whl.metadata (7.4 kB)
2025-08-19T21:39:07.3556213Z #32 3.812 Collecting psycopg==3.2.9 (from psycopg[binary]==3.2.9->-r requirements.txt (line 6))
2025-08-19T21:39:07.3556996Z #32 3.820   Downloading psycopg-3.2.9-py3-none-any.whl.metadata (4.5 kB)
2025-08-19T21:39:07.3557681Z #32 3.885 Collecting httpx==0.27.2 (from -r requirements.txt (line 7))
2025-08-19T21:39:07.3559758Z #32 3.889   Downloading httpx-0.27.2-py3-none-any.whl.metadata (7.1 kB)
2025-08-19T21:39:07.3560503Z #32 3.971 Collecting asyncpg==0.29.0 (from -r requirements.txt (line 8))
2025-08-19T21:39:07.3561424Z #32 3.980   Downloading asyncpg-0.29.0-cp312-cp312-manylinux_2_17_x86_64.manylinux2014_x86_64.whl.metadata (4.4 kB)
2025-08-19T21:39:07.3562385Z #32 4.526 Collecting boto3==1.34.162 (from -r requirements.txt (line 9))
2025-08-19T21:39:07.3563058Z #32 4.531   Downloading boto3-1.34.162-py3-none-any.whl.metadata (6.6 kB)
2025-08-19T21:39:07.3563717Z #32 4.557 Collecting Jinja2==3.1.5 (from -r requirements.txt (line 10))
2025-08-19T21:39:07.3569560Z #32 4.562   Downloading jinja2-3.1.5-py3-none-any.whl.metadata (2.6 kB)
2025-08-19T21:39:07.3571015Z #32 4.615 Collecting celery==5.3.* (from -r requirements.txt (line 11))
2025-08-19T21:39:07.3571718Z #32 4.621   Downloading celery-5.3.6-py3-none-any.whl.metadata (21 kB)
2025-08-19T21:39:07.3572449Z #32 4.681 Collecting structlog==24.1.0 (from -r requirements.txt (line 12))
2025-08-19T21:39:07.3573213Z #32 4.688   Downloading structlog-24.1.0-py3-none-any.whl.metadata (6.9 kB)
2025-08-19T21:39:07.3577207Z #32 4.708 Collecting asgi-correlation-id==4.3.1 (from -r requirements.txt (line 13))
2025-08-19T21:39:07.3581285Z #32 4.721   Downloading asgi_correlation_id-4.3.1-py3-none-any.whl.metadata (28 kB)
2025-08-19T21:39:07.3582192Z #32 4.734 Collecting fastapi-limiter==0.1.6 (from -r requirements.txt (line 14))
2025-08-19T21:39:07.3583013Z #32 4.741   Downloading fastapi_limiter-0.1.6-py3-none-any.whl.metadata (5.3 kB)
2025-08-19T21:39:07.3584694Z #32 4.788 Collecting redis==5.0.8 (from -r requirements.txt (line 15))
2025-08-19T21:39:07.3585418Z #32 4.792   Downloading redis-5.0.8-py3-none-any.whl.metadata (9.2 kB)
2025-08-19T21:39:07.3586352Z #32 4.885 Collecting sentry-sdk==2.9.0 (from sentry-sdk[celery,fastapi,sqlalchemy]==2.9.0->-r requirements.txt (line 16))
2025-08-19T21:39:07.3587380Z #32 4.892   Downloading sentry_sdk-2.9.0-py2.py3-none-any.whl.metadata (14 kB)
2025-08-19T21:39:07.3588202Z #32 5.011 Collecting click>=7.0 (from uvicorn==0.29.0->-r requirements.txt (line 1))
2025-08-19T21:39:07.3588942Z #32 5.017   Downloading click-8.2.1-py3-none-any.whl.metadata (2.5 kB)
2025-08-19T21:39:07.3589698Z #32 5.046 Collecting h11>=0.8 (from uvicorn==0.29.0->-r requirements.txt (line 1))
2025-08-19T21:39:07.3590707Z #32 5.053   Downloading h11-0.16.0-py3-none-any.whl.metadata (8.3 kB)
2025-08-19T21:39:07.3591534Z #32 5.249 Collecting pydantic>=2.3.0 (from pydantic-settings==2.2.1->-r requirements.txt (line 2))
2025-08-19T21:39:07.3592386Z #32 5.254   Downloading pydantic-2.11.7-py3-none-any.whl.metadata (67 kB)
2025-08-19T21:39:07.3593299Z #32 5.295 Collecting python-dotenv>=0.21.0 (from pydantic-settings==2.2.1->-r requirements.txt (line 2))
2025-08-19T21:39:07.3596585Z #32 5.300   Downloading python_dotenv-1.1.1-py3-none-any.whl.metadata (24 kB)
2025-08-19T21:39:07.3597493Z #32 5.342 Collecting starlette<0.38.0,>=0.37.2 (from fastapi==0.111.0->-r requirements.txt (line 3))
2025-08-19T21:39:07.3598383Z #32 5.350   Downloading starlette-0.37.2-py3-none-any.whl.metadata (5.9 kB)
2025-08-19T21:39:07.3599555Z #32 5.436 Collecting typing-extensions>=4.8.0 (from fastapi==0.111.0->-r requirements.txt (line 3))
2025-08-19T21:39:07.3600546Z #32 5.444   Downloading typing_extensions-4.14.1-py3-none-any.whl.metadata (3.0 kB)
2025-08-19T21:39:07.3601433Z #32 5.464 Collecting fastapi-cli>=0.0.2 (from fastapi==0.111.0->-r requirements.txt (line 3))
2025-08-19T21:39:07.3602226Z #32 5.472   Downloading fastapi_cli-0.0.8-py3-none-any.whl.metadata (6.3 kB)
2025-08-19T21:39:07.3603041Z #32 5.502 Collecting python-multipart>=0.0.7 (from fastapi==0.111.0->-r requirements.txt (line 3))
2025-08-19T21:39:07.3603944Z #32 5.506   Downloading python_multipart-0.0.20-py3-none-any.whl.metadata (1.8 kB)
2025-08-19T21:39:07.3605123Z #32 5.608 Collecting ujson!=4.0.2,!=4.1.0,!=4.2.0,!=4.3.0,!=5.0.0,!=5.1.0,>=4.0.1 (from fastapi==0.111.0->-r requirements.txt (line 3))
2025-08-19T21:39:07.3606139Z #32 5.612   Downloading ujson-5.10.0-cp312-cp312-manylinux_2_17_x86_64.manylinux2014_x86_64.whl.metadata (9.3 kB)
2025-08-19T21:39:07.3607088Z #32 5.992 Collecting orjson>=3.2.1 (from fastapi==0.111.0->-r requirements.txt (line 3))
2025-08-19T21:39:07.3608068Z #32 5.998   Downloading orjson-3.11.2-cp312-cp312-manylinux_2_17_x86_64.manylinux2014_x86_64.whl.metadata (1.2 kB)
2025-08-19T21:39:07.3609136Z #32 6.018 Collecting email_validator>=2.0.0 (from fastapi==0.111.0->-r requirements.txt (line 3))
2025-08-19T21:39:07.3610037Z #32 6.023   Downloading email_validator-2.2.0-py3-none-any.whl.metadata (25 kB)
2025-08-19T21:39:07.3610918Z #32 6.216 Collecting greenlet!=0.4.17 (from sqlalchemy==2.0.29->-r requirements.txt (line 4))
2025-08-19T21:39:07.3611970Z #32 6.223   Downloading greenlet-3.2.4-cp312-cp312-manylinux_2_24_x86_64.manylinux_2_28_x86_64.whl.metadata (4.1 kB)
2025-08-19T21:39:07.3612959Z #32 6.263 Collecting Mako (from alembic==1.13.1->-r requirements.txt (line 5))
2025-08-19T21:39:07.3613734Z #32 6.268   Downloading mako-1.3.10-py3-none-any.whl.metadata (2.9 kB)
2025-08-19T21:39:07.3614691Z #32 6.305 Collecting anyio (from httpx==0.27.2->-r requirements.txt (line 7))
2025-08-19T21:39:07.3615404Z #32 6.311   Downloading anyio-4.10.0-py3-none-any.whl.metadata (4.0 kB)
2025-08-19T21:39:07.3616156Z #32 6.352 Collecting certifi (from httpx==0.27.2->-r requirements.txt (line 7))
2025-08-19T21:39:07.3616923Z #32 6.357   Downloading certifi-2025.8.3-py3-none-any.whl.metadata (2.4 kB)
2025-08-19T21:39:07.3617693Z #32 6.386 Collecting httpcore==1.* (from httpx==0.27.2->-r requirements.txt (line 7))
2025-08-19T21:39:07.3618459Z #32 6.391   Downloading httpcore-1.0.9-py3-none-any.whl.metadata (21 kB)
2025-08-19T21:39:07.3619168Z #32 6.414 Collecting idna (from httpx==0.27.2->-r requirements.txt (line 7))
2025-08-19T21:39:07.3619843Z #32 6.421   Downloading idna-3.10-py3-none-any.whl.metadata (10 kB)
2025-08-19T21:39:07.3620523Z #32 6.434 Collecting sniffio (from httpx==0.27.2->-r requirements.txt (line 7))
2025-08-19T21:39:07.3621288Z #32 6.441   Downloading sniffio-1.3.1-py3-none-any.whl.metadata (3.9 kB)
2025-08-19T21:39:07.3622082Z #32 6.853 Collecting botocore<1.35.0,>=1.34.162 (from boto3==1.34.162->-r requirements.txt (line 9))
2025-08-19T21:39:07.3622912Z #32 6.894   Downloading botocore-1.34.162-py3-none-any.whl.metadata (5.7 kB)
2025-08-19T21:39:07.3623790Z #32 6.908 Collecting jmespath<2.0.0,>=0.7.1 (from boto3==1.34.162->-r requirements.txt (line 9))
2025-08-19T21:39:07.3655117Z #32 6.911   Downloading jmespath-1.0.1-py3-none-any.whl.metadata (7.6 kB)
2025-08-19T21:39:07.3656013Z #32 6.934 Collecting s3transfer<0.11.0,>=0.10.0 (from boto3==1.34.162->-r requirements.txt (line 9))
2025-08-19T21:39:07.3675912Z #32 6.938   Downloading s3transfer-0.10.4-py3-none-any.whl.metadata (1.7 kB)
2025-08-19T21:39:07.3676783Z #32 6.976 Collecting MarkupSafe>=2.0 (from Jinja2==3.1.5->-r requirements.txt (line 10))
2025-08-19T21:39:07.3677858Z #32 7.121   Downloading MarkupSafe-3.0.2-cp312-cp312-manylinux_2_17_x86_64.manylinux2014_x86_64.whl.metadata (4.0 kB)
2025-08-19T21:39:07.3678901Z #32 7.149 Collecting billiard<5.0,>=4.2.0 (from celery==5.3.*->-r requirements.txt (line 11))
2025-08-19T21:39:07.3679956Z #32 7.153   Downloading billiard-4.2.1-py3-none-any.whl.metadata (4.4 kB)
2025-08-19T21:39:07.3680848Z #32 7.161 Collecting click-didyoumean>=0.3.0 (from celery==5.3.*->-r requirements.txt (line 11))
2025-08-19T21:39:07.3681779Z #32 7.165   Downloading click_didyoumean-0.3.1-py3-none-any.whl.metadata (3.9 kB)
2025-08-19T21:39:07.3682665Z #32 7.174 Collecting click-plugins>=1.1.1 (from celery==5.3.*->-r requirements.txt (line 11))
2025-08-19T21:39:07.3683533Z #32 7.178   Downloading click_plugins-1.1.1.2-py2.py3-none-any.whl.metadata (6.5 kB)
2025-08-19T21:39:07.3684659Z #32 7.189 Collecting click-repl>=0.2.0 (from celery==5.3.*->-r requirements.txt (line 11))
2025-08-19T21:39:07.3685469Z #32 7.195   Downloading click_repl-0.3.0-py3-none-any.whl.metadata (3.6 kB)
2025-08-19T21:39:07.3686286Z #32 7.239 Collecting kombu<6.0,>=5.3.4 (from celery==5.3.*->-r requirements.txt (line 11))
2025-08-19T21:39:07.3687054Z #32 7.243   Downloading kombu-5.5.4-py3-none-any.whl.metadata (3.5 kB)
2025-08-19T21:39:07.3687877Z #32 7.265 Collecting python-dateutil>=2.8.2 (from celery==5.3.*->-r requirements.txt (line 11))
2025-08-19T21:39:07.3688855Z #32 7.269   Downloading python_dateutil-2.9.0.post0-py2.py3-none-any.whl.metadata (8.4 kB)
2025-08-19T21:39:07.3689773Z #32 7.284 Collecting tzdata>=2022.7 (from celery==5.3.*->-r requirements.txt (line 11))
2025-08-19T21:39:07.3690613Z #32 7.287   Downloading tzdata-2025.2-py2.py3-none-any.whl.metadata (1.4 kB)
2025-08-19T21:39:07.3691421Z #32 7.302 Collecting vine<6.0,>=5.1.0 (from celery==5.3.*->-r requirements.txt (line 11))
2025-08-19T21:39:07.3692186Z #32 7.308   Downloading vine-5.1.0-py3-none-any.whl.metadata (2.7 kB)
2025-08-19T21:39:07.4559405Z #32 7.378 Collecting urllib3>=1.26.11 (from sentry-sdk==2.9.0->sentry-sdk[celery,fastapi,sqlalchemy]==2.9.0->-r requirements.txt (line 16))
2025-08-19T21:39:07.4561563Z #32 7.384   Downloading urllib3-2.5.0-py3-none-any.whl.metadata (6.5 kB)
2025-08-19T21:39:07.5726171Z #32 ...
2025-08-19T21:39:07.5730576Z 
2025-08-19T21:39:07.5731972Z #33 [api stage-1 3/6] RUN set -eux;     if [ -f /etc/apt/sources.list ]; then         sed -i 's|http://deb.debian.org|https://deb.debian.org|g' /etc/apt/sources.list;     fi;     apt-get update;     apt-get install -y --no-install-recommends tzdata postgresql-client curl;     rm -rf /var/lib/apt/lists/*
2025-08-19T21:39:07.5734005Z #33 0.255 + [ -f /etc/apt/sources.list ]
2025-08-19T21:39:07.5734609Z #33 0.255 + apt-get update
2025-08-19T21:39:07.5735009Z #33 0.335 Hit:1 http://deb.debian.org/debian trixie InRelease
2025-08-19T21:39:07.5735655Z #33 0.335 Get:2 http://deb.debian.org/debian trixie-updates InRelease [47.1 kB]
2025-08-19T21:39:07.5736497Z #33 0.346 Get:3 http://deb.debian.org/debian-security trixie-security InRelease [43.4 kB]
2025-08-19T21:39:07.5737372Z #33 0.385 Get:4 http://deb.debian.org/debian trixie/main amd64 Packages [9668 kB]
2025-08-19T21:39:07.5738223Z #33 0.478 Get:5 http://deb.debian.org/debian trixie-updates/main amd64 Packages [2432 B]
2025-08-19T21:39:07.5739181Z #33 0.481 Get:6 http://deb.debian.org/debian-security trixie-security/main amd64 Packages [11.6 kB]
2025-08-19T21:39:07.5739944Z #33 1.377 Fetched 9772 kB in 1s (9057 kB/s)
2025-08-19T21:39:07.5740731Z #33 1.377 Reading package lists...
2025-08-19T21:39:07.5741354Z #33 2.182 + apt-get install -y --no-install-recommends tzdata postgresql-client curl
2025-08-19T21:39:07.5741994Z #33 2.193 Reading package lists...
2025-08-19T21:39:07.5742412Z #33 3.050 Building dependency tree...
2025-08-19T21:39:07.5742818Z #33 3.231 Reading state information...
2025-08-19T21:39:07.5743301Z #33 3.418 tzdata is already the newest version (2025b-4).
2025-08-19T21:39:07.5743883Z #33 3.418 The following additional packages will be installed:
2025-08-19T21:39:07.5744744Z #33 3.419   libbrotli1 libcom-err2 libcurl4t64 libgdbm-compat4t64 libgnutls30t64
2025-08-19T21:39:07.5745524Z #33 3.419   libgssapi-krb5-2 libidn2-0 libk5crypto3 libkeyutils1 libkrb5-3
2025-08-19T21:39:07.5746356Z #33 3.419   libkrb5support0 libldap2 libnghttp2-14 libnghttp3-9 libp11-kit0 libperl5.40
2025-08-19T21:39:07.5747554Z #33 3.420   libpq5 libpsl5t64 librtmp1 libsasl2-2 libsasl2-modules-db libssh2-1t64
2025-08-19T21:39:07.5748459Z #33 3.422   libtasn1-6 libunistring5 perl perl-modules-5.40 postgresql-client-17
2025-08-19T21:39:07.5749245Z #33 3.422   postgresql-client-common sensible-utils
2025-08-19T21:39:07.5749734Z #33 3.422 Suggested packages:
2025-08-19T21:39:07.5750322Z #33 3.422   gnutls-bin krb5-doc krb5-user perl-doc libterm-readline-gnu-perl
2025-08-19T21:39:07.5751219Z #33 3.422   | libterm-readline-perl-perl make libtap-harness-archive-perl postgresql-17
2025-08-19T21:39:07.5751925Z #33 3.422   postgresql-doc-17
2025-08-19T21:39:07.5752324Z #33 3.422 Recommended packages:
2025-08-19T21:39:07.5752953Z #33 3.422   bash-completion krb5-locales libldap-common publicsuffix libsasl2-modules
2025-08-19T21:39:07.5753705Z #33 3.751 The following NEW packages will be installed:
2025-08-19T21:39:07.5773005Z #33 3.752   curl libbrotli1 libcom-err2 libcurl4t64 libgdbm-compat4t64 libgnutls30t64
2025-08-19T21:39:07.5803338Z #33 3.752   libgssapi-krb5-2 libidn2-0 libk5crypto3 libkeyutils1 libkrb5-3
2025-08-19T21:39:07.5804407Z #33 3.752   libkrb5support0 libldap2 libnghttp2-14 libnghttp3-9 libp11-kit0 libperl5.40
2025-08-19T21:39:07.5805308Z #33 3.752   libpq5 libpsl5t64 librtmp1 libsasl2-2 libsasl2-modules-db libssh2-1t64
2025-08-19T21:39:07.5806142Z #33 3.753   libtasn1-6 libunistring5 perl perl-modules-5.40 postgresql-client
2025-08-19T21:39:07.5806955Z #33 3.754   postgresql-client-17 postgresql-client-common sensible-utils
2025-08-19T21:39:07.5807718Z #33 3.797 0 upgraded, 31 newly installed, 0 to remove and 0 not upgraded.
2025-08-19T21:39:07.5808329Z #33 3.797 Need to get 14.9 MB of archives.
2025-08-19T21:39:07.5808953Z #33 3.797 After this operation, 78.1 MB of additional disk space will be used.
2025-08-19T21:39:07.5809841Z #33 3.797 Get:1 http://deb.debian.org/debian trixie/main amd64 sensible-utils all 0.0.25 [25.0 kB]
2025-08-19T21:39:07.5810841Z #33 3.806 Get:2 http://deb.debian.org/debian trixie/main amd64 perl-modules-5.40 all 5.40.1-6 [3019 kB]
2025-08-19T21:39:07.5811951Z #33 3.828 Get:3 http://deb.debian.org/debian trixie/main amd64 libgdbm-compat4t64 amd64 1.24-2 [50.3 kB]
2025-08-19T21:39:07.5812970Z #33 3.828 Get:4 http://deb.debian.org/debian trixie/main amd64 libperl5.40 amd64 5.40.1-6 [4341 kB]
2025-08-19T21:39:07.5813885Z #33 3.845 Get:5 http://deb.debian.org/debian trixie/main amd64 perl amd64 5.40.1-6 [267 kB]
2025-08-19T21:39:07.5815016Z #33 3.849 Get:6 http://deb.debian.org/debian trixie/main amd64 libbrotli1 amd64 1.1.0-2+b7 [307 kB]
2025-08-19T21:39:07.5816000Z #33 3.850 Get:7 http://deb.debian.org/debian trixie/main amd64 libkrb5support0 amd64 1.21.3-5 [33.0 kB]
2025-08-19T21:39:07.5816937Z #33 3.850 Get:8 http://deb.debian.org/debian trixie/main amd64 libcom-err2 amd64 1.47.2-3+b3 [25.0 kB]
2025-08-19T21:39:07.5817866Z #33 3.850 Get:9 http://deb.debian.org/debian trixie/main amd64 libk5crypto3 amd64 1.21.3-5 [81.5 kB]
2025-08-19T21:39:07.5818794Z #33 3.851 Get:10 http://deb.debian.org/debian trixie/main amd64 libkeyutils1 amd64 1.6.3-6 [9456 B]
2025-08-19T21:39:07.5819727Z #33 3.852 Get:11 http://deb.debian.org/debian trixie/main amd64 libkrb5-3 amd64 1.21.3-5 [326 kB]
2025-08-19T21:39:07.5826255Z #33 3.854 Get:12 http://deb.debian.org/debian trixie/main amd64 libgssapi-krb5-2 amd64 1.21.3-5 [138 kB]
2025-08-19T21:39:07.5830486Z #33 3.855 Get:13 http://deb.debian.org/debian trixie/main amd64 libunistring5 amd64 1.3-2 [477 kB]
2025-08-19T21:39:07.5831455Z #33 3.857 Get:14 http://deb.debian.org/debian trixie/main amd64 libidn2-0 amd64 2.3.8-2 [109 kB]
2025-08-19T21:39:07.5832456Z #33 3.859 Get:15 http://deb.debian.org/debian trixie/main amd64 libsasl2-modules-db amd64 2.1.28+dfsg1-9 [19.8 kB]
2025-08-19T21:39:07.5833521Z #33 3.859 Get:16 http://deb.debian.org/debian trixie/main amd64 libsasl2-2 amd64 2.1.28+dfsg1-9 [57.5 kB]
2025-08-19T21:39:07.5834839Z #33 3.862 Get:17 http://deb.debian.org/debian trixie/main amd64 libldap2 amd64 2.6.10+dfsg-1 [194 kB]
2025-08-19T21:39:07.5836046Z #33 3.862 Get:18 http://deb.debian.org/debian trixie/main amd64 libnghttp2-14 amd64 1.64.0-1.1 [76.0 kB]
2025-08-19T21:39:07.5837041Z #33 3.863 Get:19 http://deb.debian.org/debian trixie/main amd64 libnghttp3-9 amd64 1.8.0-1 [67.7 kB]
2025-08-19T21:39:07.5838009Z #33 3.864 Get:20 http://deb.debian.org/debian trixie/main amd64 libpsl5t64 amd64 0.21.2-1.1+b1 [57.2 kB]
2025-08-19T21:39:07.5838953Z #33 3.865 Get:21 http://deb.debian.org/debian trixie/main amd64 libp11-kit0 amd64 0.25.5-3 [425 kB]
2025-08-19T21:39:07.5839896Z #33 3.869 Get:22 http://deb.debian.org/debian trixie/main amd64 libtasn1-6 amd64 4.20.0-2 [49.9 kB]
2025-08-19T21:39:07.5840992Z #33 3.869 Get:23 http://deb.debian.org/debian trixie/main amd64 libgnutls30t64 amd64 3.8.9-3 [1465 kB]
2025-08-19T21:39:07.5842053Z #33 3.874 Get:24 http://deb.debian.org/debian trixie/main amd64 librtmp1 amd64 2.4+20151223.gitfa8646d.1-2+b5 [58.8 kB]
2025-08-19T21:39:07.5843112Z #33 3.875 Get:25 http://deb.debian.org/debian trixie/main amd64 libssh2-1t64 amd64 1.11.1-1 [245 kB]
2025-08-19T21:39:07.5844228Z #33 3.877 Get:26 http://deb.debian.org/debian trixie/main amd64 libcurl4t64 amd64 8.14.1-2 [391 kB]
2025-08-19T21:39:07.5845120Z #33 3.879 Get:27 http://deb.debian.org/debian trixie/main amd64 curl amd64 8.14.1-2 [269 kB]
2025-08-19T21:39:07.5845955Z #33 3.881 Get:28 http://deb.debian.org/debian trixie/main amd64 libpq5 amd64 17.5-1 [226 kB]
2025-08-19T21:39:07.5846908Z #33 3.882 Get:29 http://deb.debian.org/debian trixie/main amd64 postgresql-client-common all 278 [47.1 kB]
2025-08-19T21:39:07.5847912Z #33 3.883 Get:30 http://deb.debian.org/debian trixie/main amd64 postgresql-client-17 amd64 17.5-1 [2025 kB]
2025-08-19T21:39:07.5848981Z #33 3.892 Get:31 http://deb.debian.org/debian trixie/main amd64 postgresql-client all 17+278 [14.0 kB]
2025-08-19T21:39:07.5849697Z #33 5.774 Fetched 14.9 MB in 0s (120 MB/s)
2025-08-19T21:39:07.5850255Z #33 5.796 Selecting previously unselected package sensible-utils.
2025-08-19T21:39:07.5850827Z #33 5.796 (Reading database ... 
2025-08-19T21:39:07.5851220Z (Reading database ... 5%
2025-08-19T21:39:07.5851583Z (Reading database ... 10%
2025-08-19T21:39:07.5851931Z (Reading database ... 15%
2025-08-19T21:39:07.5852298Z (Reading database ... 20%
2025-08-19T21:39:07.5852655Z (Reading database ... 25%
2025-08-19T21:39:07.5853004Z (Reading database ... 30%
2025-08-19T21:39:07.5853358Z (Reading database ... 35%
2025-08-19T21:39:07.5853708Z (Reading database ... 40%
2025-08-19T21:39:07.5854387Z (Reading database ... 45%
2025-08-19T21:39:07.5854749Z (Reading database ... 50%
2025-08-19T21:39:07.5855114Z (Reading database ... 55%
2025-08-19T21:39:07.5855435Z (Reading database ... 60%
2025-08-19T21:39:07.5855774Z (Reading database ... 65%
2025-08-19T21:39:07.5856098Z (Reading database ... 70%
2025-08-19T21:39:07.5856420Z (Reading database ... 75%
2025-08-19T21:39:07.5856767Z (Reading database ... 80%
2025-08-19T21:39:07.5857113Z (Reading database ... 85%
2025-08-19T21:39:07.5857473Z (Reading database ... 90%
2025-08-19T21:39:07.5857812Z (Reading database ... 95%
2025-08-19T21:39:07.5858182Z (Reading database ... 100%
2025-08-19T21:39:07.5858688Z (Reading database ... 5643 files and directories currently installed.)
2025-08-19T21:39:07.5859672Z #33 5.808 Preparing to unpack .../00-sensible-utils_0.0.25_all.deb ...
2025-08-19T21:39:07.5860383Z #33 5.810 Unpacking sensible-utils (0.0.25) ...
2025-08-19T21:39:07.5861000Z #33 5.842 Selecting previously unselected package perl-modules-5.40.
2025-08-19T21:39:07.5861718Z #33 5.844 Preparing to unpack .../01-perl-modules-5.40_5.40.1-6_all.deb ...
2025-08-19T21:39:07.5862364Z #33 5.845 Unpacking perl-modules-5.40 (5.40.1-6) ...
2025-08-19T21:39:07.5863030Z #33 6.413 Selecting previously unselected package libgdbm-compat4t64:amd64.
2025-08-19T21:39:07.5863780Z #33 6.416 Preparing to unpack .../02-libgdbm-compat4t64_1.24-2_amd64.deb ...
2025-08-19T21:39:07.5864657Z #33 6.423 Unpacking libgdbm-compat4t64:amd64 (1.24-2) ...
2025-08-19T21:39:07.5865307Z #33 6.482 Selecting previously unselected package libperl5.40:amd64.
2025-08-19T21:39:07.5866213Z #33 6.482 Preparing to unpack .../03-libperl5.40_5.40.1-6_amd64.deb ...
2025-08-19T21:39:07.5866847Z #33 6.486 Unpacking libperl5.40:amd64 (5.40.1-6) ...
2025-08-19T21:39:07.5867403Z #33 7.355 Selecting previously unselected package perl.
2025-08-19T21:39:07.5867996Z #33 7.356 Preparing to unpack .../04-perl_5.40.1-6_amd64.deb ...
2025-08-19T21:39:07.5868503Z #33 7.359 Unpacking perl (5.40.1-6) ...
2025-08-19T21:39:07.5869064Z #33 7.449 Selecting previously unselected package libbrotli1:amd64.
2025-08-19T21:39:07.5869770Z #33 7.451 Preparing to unpack .../05-libbrotli1_1.1.0-2+b7_amd64.deb ...
2025-08-19T21:39:07.5870384Z #33 7.457 Unpacking libbrotli1:amd64 (1.1.0-2+b7) ...
2025-08-19T21:39:07.5871030Z #33 7.546 Selecting previously unselected package libkrb5support0:amd64.
2025-08-19T21:39:07.5871792Z #33 7.546 Preparing to unpack .../06-libkrb5support0_1.21.3-5_amd64.deb ...
2025-08-19T21:39:07.5872458Z #33 7.549 Unpacking libkrb5support0:amd64 (1.21.3-5) ...
2025-08-19T21:39:07.5873111Z #33 7.584 Selecting previously unselected package libcom-err2:amd64.
2025-08-19T21:39:07.5873843Z #33 7.584 Preparing to unpack .../07-libcom-err2_1.47.2-3+b3_amd64.deb ...
2025-08-19T21:39:07.5874649Z #33 7.586 Unpacking libcom-err2:amd64 (1.47.2-3+b3) ...
2025-08-19T21:39:07.5875291Z #33 7.611 Selecting previously unselected package libk5crypto3:amd64.
2025-08-19T21:39:07.5876014Z #33 7.611 Preparing to unpack .../08-libk5crypto3_1.21.3-5_amd64.deb ...
2025-08-19T21:39:07.5876637Z #33 7.612 Unpacking libk5crypto3:amd64 (1.21.3-5) ...
2025-08-19T21:39:07.5877271Z #33 7.644 Selecting previously unselected package libkeyutils1:amd64.
2025-08-19T21:39:07.6906038Z #33 ...
2025-08-19T21:39:07.6907712Z 
2025-08-19T21:39:07.6908433Z #13 [postgres 1/6] FROM docker.io/library/postgres:16@sha256:66a5efb5677ffac1037774a0e141fd3a4c035c9c0c0e624c9cc980dfa10f45e5
2025-08-19T21:39:07.6909713Z #13 extracting sha256:a1e4ad56dcecf442fba1cec05cd565ededfdc663e5172df9ef9394d96d4c96f8 6.2s done
2025-08-19T21:39:07.6910837Z #13 extracting sha256:987c1b4919ea2d87df20824aaef43a9de0575ac7df684579ad267c7e48c8eeea done
2025-08-19T21:39:07.6911880Z #13 extracting sha256:a858bd6d34e86a481a2e028e3ba489e662b3ac7713eba9a5d3bb97002c7d797e done
2025-08-19T21:39:07.6912942Z #13 extracting sha256:f1b3502db45ad485f0affe43e32fc81d699ddac01c023f198271a0a7e1cecd4c done
2025-08-19T21:39:07.6913995Z #13 extracting sha256:25ef78fb127c1934630de29a3d38f46e544360b1dcf5cfc09b25507fbe88fd75 done
2025-08-19T21:39:07.6915186Z #13 extracting sha256:240810240d04caaaccb11d51ba7c3a7f7d6f470ec2a80ee420a3d33899d9a303 done
2025-08-19T21:39:07.6915892Z #13 DONE 10.1s
2025-08-19T21:39:07.6916083Z 
2025-08-19T21:39:07.6917490Z #33 [api stage-1 3/6] RUN set -eux;     if [ -f /etc/apt/sources.list ]; then         sed -i 's|http://deb.debian.org|https://deb.debian.org|g' /etc/apt/sources.list;     fi;     apt-get update;     apt-get install -y --no-install-recommends tzdata postgresql-client curl;     rm -rf /var/lib/apt/lists/*
2025-08-19T21:39:07.6919344Z #33 7.649 Preparing to unpack .../09-libkeyutils1_1.6.3-6_amd64.deb ...
2025-08-19T21:39:07.6919981Z #33 7.649 Unpacking libkeyutils1:amd64 (1.6.3-6) ...
2025-08-19T21:39:07.6920989Z #33 7.706 Selecting previously unselected package libkrb5-3:amd64.
2025-08-19T21:39:07.6921680Z #33 7.706 Preparing to unpack .../10-libkrb5-3_1.21.3-5_amd64.deb ...
2025-08-19T21:39:07.6922255Z #33 7.713 Unpacking libkrb5-3:amd64 (1.21.3-5) ...
2025-08-19T21:39:07.6922699Z #33 ...
2025-08-19T21:39:07.6922852Z 
2025-08-19T21:39:07.6923123Z #32 [api base  4/13] RUN pip install --no-cache-dir -r requirements.txt
2025-08-19T21:39:07.6923985Z #32 7.613 Collecting psycopg-binary==3.2.9 (from psycopg[binary]==3.2.9->-r requirements.txt (line 6))
2025-08-19T21:39:07.6925367Z #32 7.618   Downloading psycopg_binary-3.2.9-cp312-cp312-manylinux_2_17_x86_64.manylinux2014_x86_64.whl.metadata (2.9 kB)
2025-08-19T21:39:07.7945214Z #32 7.817 Collecting prompt-toolkit>=3.0.36 (from click-repl>=0.2.0->celery==5.3.*->-r requirements.txt (line 11))
2025-08-19T21:39:07.8972148Z #32 7.821   Downloading prompt_toolkit-3.0.51-py3-none-any.whl.metadata (6.4 kB)
2025-08-19T21:39:07.8992970Z #32 7.840 Collecting dnspython>=2.0.0 (from email_validator>=2.0.0->fastapi==0.111.0->-r requirements.txt (line 3))
2025-08-19T21:39:07.8994238Z #32 7.842   Downloading dnspython-2.7.0-py3-none-any.whl.metadata (5.8 kB)
2025-08-19T21:39:07.8995205Z #32 7.875 Collecting typer>=0.15.1 (from fastapi-cli>=0.0.2->fastapi==0.111.0->-r requirements.txt (line 3))
2025-08-19T21:39:07.8996095Z #32 7.879   Downloading typer-0.16.1-py3-none-any.whl.metadata (15 kB)
2025-08-19T21:39:07.8997015Z #32 7.919 Collecting rich-toolkit>=0.14.8 (from fastapi-cli>=0.0.2->fastapi==0.111.0->-r requirements.txt (line 3))
2025-08-19T21:39:08.0041245Z #32 7.925   Downloading rich_toolkit-0.15.0-py3-none-any.whl.metadata (1.0 kB)
2025-08-19T21:39:08.0043716Z #32 7.967 Collecting amqp<6.0.0,>=5.1.1 (from kombu<6.0,>=5.3.4->celery==5.3.*->-r requirements.txt (line 11))
2025-08-19T21:39:08.0047237Z #32 7.972   Downloading amqp-5.3.1-py3-none-any.whl.metadata (8.9 kB)
2025-08-19T21:39:08.0048119Z #32 7.999 Collecting packaging (from kombu<6.0,>=5.3.4->celery==5.3.*->-r requirements.txt (line 11))
2025-08-19T21:39:08.0049016Z #32 8.004   Downloading packaging-25.0-py3-none-any.whl.metadata (3.3 kB)
2025-08-19T21:39:08.1337297Z #32 8.028 Collecting annotated-types>=0.6.0 (from pydantic>=2.3.0->pydantic-settings==2.2.1->-r requirements.txt (line 2))
2025-08-19T21:39:08.1354979Z #32 8.033   Downloading annotated_types-0.7.0-py3-none-any.whl.metadata (15 kB)
2025-08-19T21:39:09.0298237Z #32 8.983 Collecting pydantic-core==2.33.2 (from pydantic>=2.3.0->pydantic-settings==2.2.1->-r requirements.txt (line 2))
2025-08-19T21:39:09.0299491Z #32 8.989   Downloading pydantic_core-2.33.2-cp312-cp312-manylinux_2_17_x86_64.manylinux2014_x86_64.whl.metadata (6.8 kB)
2025-08-19T21:39:09.0300703Z #32 9.007 Collecting typing-inspection>=0.4.0 (from pydantic>=2.3.0->pydantic-settings==2.2.1->-r requirements.txt (line 2))
2025-08-19T21:39:09.0301794Z #32 9.013   Downloading typing_inspection-0.4.1-py3-none-any.whl.metadata (2.6 kB)
2025-08-19T21:39:09.0302733Z #32 9.052 Collecting six>=1.5 (from python-dateutil>=2.8.2->celery==5.3.*->-r requirements.txt (line 11))
2025-08-19T21:39:09.2706379Z #32 9.058   Downloading six-1.17.0-py2.py3-none-any.whl.metadata (1.7 kB)
2025-08-19T21:39:09.5911367Z #32 9.614 Collecting httptools>=0.5.0 (from uvicorn[standard]>=0.12.0->fastapi==0.111.0->-r requirements.txt (line 3))
2025-08-19T21:39:09.7410044Z #32 9.619   Downloading httptools-0.6.4-cp312-cp312-manylinux_2_5_x86_64.manylinux1_x86_64.manylinux_2_17_x86_64.manylinux2014_x86_64.whl.metadata (3.6 kB)
2025-08-19T21:39:09.7416112Z #32 9.697 Collecting pyyaml>=5.1 (from uvicorn[standard]>=0.12.0->fastapi==0.111.0->-r requirements.txt (line 3))
2025-08-19T21:39:09.7437857Z #32 9.703   Downloading PyYAML-6.0.2-cp312-cp312-manylinux_2_17_x86_64.manylinux2014_x86_64.whl.metadata (2.1 kB)
2025-08-19T21:39:09.7442854Z #32 9.763 Collecting uvloop!=0.15.0,!=0.15.1,>=0.14.0 (from uvicorn[standard]>=0.12.0->fastapi==0.111.0->-r requirements.txt (line 3))
2025-08-19T21:39:09.9001737Z #32 9.769   Downloading uvloop-0.21.0-cp312-cp312-manylinux_2_17_x86_64.manylinux2014_x86_64.whl.metadata (4.9 kB)
2025-08-19T21:39:10.1123892Z #32 10.03 Collecting watchfiles>=0.13 (from uvicorn[standard]>=0.12.0->fastapi==0.111.0->-r requirements.txt (line 3))
2025-08-19T21:39:10.1134481Z #32 10.04   Downloading watchfiles-1.1.0-cp312-cp312-manylinux_2_17_x86_64.manylinux2014_x86_64.whl.metadata (4.9 kB)
2025-08-19T21:39:10.1135320Z #32 ...
2025-08-19T21:39:10.1135489Z 
2025-08-19T21:39:10.1136061Z #34 [etl base 4/5] RUN if [ -n "" ] && [ -f "" ]; then         pip install -r requirements.txt -c "";     else         pip install -r requirements.txt;     fi
2025-08-19T21:39:10.1137035Z #34 3.025 Collecting keepa==1.3.14 (from -r requirements.txt (line 1))
2025-08-19T21:39:10.1137771Z #34 3.062   Downloading keepa-1.3.14-py3-none-any.whl.metadata (10 kB)
2025-08-19T21:39:10.1138812Z #34 3.143 Collecting minio==7.1.15 (from -r requirements.txt (line 2))
2025-08-19T21:39:10.1139548Z #34 3.151   Downloading minio-7.1.15-py3-none-any.whl.metadata (4.2 kB)
2025-08-19T21:39:10.1140295Z #34 3.221 Collecting celery==5.3.* (from -r requirements.txt (line 3))
2025-08-19T21:39:10.1141022Z #34 3.228   Downloading celery-5.3.6-py3-none-any.whl.metadata (21 kB)
2025-08-19T21:39:10.1141741Z #34 3.369 Collecting redis==5.* (from -r requirements.txt (line 4))
2025-08-19T21:39:10.1142441Z #34 3.375   Downloading redis-5.3.1-py3-none-any.whl.metadata (9.2 kB)
2025-08-19T21:39:10.1143249Z #34 3.498 Collecting python-amazon-sp-api==0.8.0 (from -r requirements.txt (line 5))
2025-08-19T21:39:10.1164427Z #34 3.521   Downloading python_amazon_sp_api-0.8.0-py3-none-any.whl.metadata (3.2 kB)
2025-08-19T21:39:10.1165388Z #34 3.554 Collecting pydantic-settings==2.2.1 (from -r requirements.txt (line 6))
2025-08-19T21:39:10.1166296Z #34 3.564   Downloading pydantic_settings-2.2.1-py3-none-any.whl.metadata (3.1 kB)
2025-08-19T21:39:10.1167092Z #34 3.899 Collecting numpy<2 (from -r requirements.txt (line 7))
2025-08-19T21:39:10.1168002Z #34 3.906   Downloading numpy-1.26.4-cp312-cp312-manylinux_2_17_x86_64.manylinux2014_x86_64.whl.metadata (61 kB)
2025-08-19T21:39:10.1168974Z #34 4.104 Collecting pandas==2.2.* (from -r requirements.txt (line 8))
2025-08-19T21:39:10.1169925Z #34 4.109   Downloading pandas-2.2.3-cp312-cp312-manylinux_2_17_x86_64.manylinux2014_x86_64.whl.metadata (89 kB)
2025-08-19T21:39:10.1170881Z #34 4.234 Collecting pandera==0.19.* (from -r requirements.txt (line 9))
2025-08-19T21:39:10.1171640Z #34 4.241   Downloading pandera-0.19.3-py3-none-any.whl.metadata (15 kB)
2025-08-19T21:39:10.1172410Z #34 4.291 Collecting openpyxl==3.1.* (from -r requirements.txt (line 10))
2025-08-19T21:39:10.1173199Z #34 4.296   Downloading openpyxl-3.1.5-py2.py3-none-any.whl.metadata (2.5 kB)
2025-08-19T21:39:10.1174246Z #34 4.396 Collecting psycopg2-binary==2.9.* (from -r requirements.txt (line 11))
2025-08-19T21:39:10.1175350Z #34 4.402   Downloading psycopg2_binary-2.9.10-cp312-cp312-manylinux_2_17_x86_64.manylinux2014_x86_64.whl.metadata (4.9 kB)
2025-08-19T21:39:10.1176414Z #34 4.486 Collecting requests>=2.2 (from keepa==1.3.14->-r requirements.txt (line 1))
2025-08-19T21:39:10.1177235Z #34 4.492   Downloading requests-2.32.5-py3-none-any.whl.metadata (4.9 kB)
2025-08-19T21:39:10.1178008Z #34 4.564 Collecting tqdm (from keepa==1.3.14->-r requirements.txt (line 1))
2025-08-19T21:39:10.1178746Z #34 4.573   Downloading tqdm-4.67.1-py3-none-any.whl.metadata (57 kB)
2025-08-19T21:39:10.1179512Z #34 5.377 Collecting aiohttp (from keepa==1.3.14->-r requirements.txt (line 1))
2025-08-19T21:39:10.1180521Z #34 5.384   Downloading aiohttp-3.12.15-cp312-cp312-manylinux_2_17_x86_64.manylinux2014_x86_64.whl.metadata (7.7 kB)
2025-08-19T21:39:10.1181538Z #34 5.576 Collecting pydantic (from keepa==1.3.14->-r requirements.txt (line 1))
2025-08-19T21:39:10.1182323Z #34 5.591   Downloading pydantic-2.11.7-py3-none-any.whl.metadata (67 kB)
2025-08-19T21:39:10.1183121Z #34 5.632 Collecting certifi (from minio==7.1.15->-r requirements.txt (line 2))
2025-08-19T21:39:10.1183923Z #34 5.639   Downloading certifi-2025.8.3-py3-none-any.whl.metadata (2.4 kB)
2025-08-19T21:39:10.1185158Z #34 5.685 Collecting urllib3 (from minio==7.1.15->-r requirements.txt (line 2))
2025-08-19T21:39:10.1185940Z #34 5.693   Downloading urllib3-2.5.0-py3-none-any.whl.metadata (6.5 kB)
2025-08-19T21:39:10.1186759Z #34 5.731 Collecting billiard<5.0,>=4.2.0 (from celery==5.3.*->-r requirements.txt (line 3))
2025-08-19T21:39:10.1187588Z #34 5.737   Downloading billiard-4.2.1-py3-none-any.whl.metadata (4.4 kB)
2025-08-19T21:39:10.1188449Z #34 5.756 Collecting click-didyoumean>=0.3.0 (from celery==5.3.*->-r requirements.txt (line 3))
2025-08-19T21:39:10.1189355Z #34 5.761   Downloading click_didyoumean-0.3.1-py3-none-any.whl.metadata (3.9 kB)
2025-08-19T21:39:10.1190247Z #34 5.783 Collecting click-plugins>=1.1.1 (from celery==5.3.*->-r requirements.txt (line 3))
2025-08-19T21:39:10.1191315Z #34 5.788   Downloading click_plugins-1.1.1.2-py2.py3-none-any.whl.metadata (6.5 kB)
2025-08-19T21:39:10.1192208Z #34 5.810 Collecting click-repl>=0.2.0 (from celery==5.3.*->-r requirements.txt (line 3))
2025-08-19T21:39:10.1193042Z #34 5.816   Downloading click_repl-0.3.0-py3-none-any.whl.metadata (3.6 kB)
2025-08-19T21:39:10.1193850Z #34 5.864 Collecting click<9.0,>=8.1.2 (from celery==5.3.*->-r requirements.txt (line 3))
2025-08-19T21:39:10.1225777Z #34 5.873   Downloading click-8.2.1-py3-none-any.whl.metadata (2.5 kB)
2025-08-19T21:39:10.1226581Z #34 5.951 Collecting kombu<6.0,>=5.3.4 (from celery==5.3.*->-r requirements.txt (line 3))
2025-08-19T21:39:10.1227369Z #34 5.956   Downloading kombu-5.5.4-py3-none-any.whl.metadata (3.5 kB)
2025-08-19T21:39:10.1228201Z #34 6.017 Collecting python-dateutil>=2.8.2 (from celery==5.3.*->-r requirements.txt (line 3))
2025-08-19T21:39:10.1229161Z #34 6.023   Downloading python_dateutil-2.9.0.post0-py2.py3-none-any.whl.metadata (8.4 kB)
2025-08-19T21:39:10.1230058Z #34 6.062 Collecting tzdata>=2022.7 (from celery==5.3.*->-r requirements.txt (line 3))
2025-08-19T21:39:10.1230872Z #34 6.063   Downloading tzdata-2025.2-py2.py3-none-any.whl.metadata (1.4 kB)
2025-08-19T21:39:10.1231665Z #34 6.087 Collecting vine<6.0,>=5.1.0 (from celery==5.3.*->-r requirements.txt (line 3))
2025-08-19T21:39:10.1232452Z #34 6.094   Downloading vine-5.1.0-py3-none-any.whl.metadata (2.7 kB)
2025-08-19T21:39:10.1233142Z #34 6.137 Collecting PyJWT>=2.9.0 (from redis==5.*->-r requirements.txt (line 4))
2025-08-19T21:39:10.1247567Z #34 6.145   Downloading PyJWT-2.10.1-py3-none-any.whl.metadata (4.0 kB)
2025-08-19T21:39:10.1248479Z #34 6.174 Collecting six<2,>=1.15 (from python-amazon-sp-api==0.8.0->-r requirements.txt (line 5))
2025-08-19T21:39:10.1249312Z #34 6.182   Downloading six-1.17.0-py2.py3-none-any.whl.metadata (1.7 kB)
2025-08-19T21:39:10.1250142Z #34 6.806 Collecting boto3<2,>=1.16.39 (from python-amazon-sp-api==0.8.0->-r requirements.txt (line 5))
2025-08-19T21:39:10.1250983Z #34 6.902   Downloading boto3-1.40.13-py3-none-any.whl.metadata (6.7 kB)
2025-08-19T21:39:10.1252043Z #34 7.206 Collecting cachetools~=4.2.0 (from python-amazon-sp-api==0.8.0->-r requirements.txt (line 5))
2025-08-19T21:39:10.1252956Z #34 7.212   Downloading cachetools-4.2.4-py3-none-any.whl.metadata (4.8 kB)
2025-08-19T21:39:10.1253846Z #34 7.389 Collecting pycryptodome (from python-amazon-sp-api==0.8.0->-r requirements.txt (line 5))
2025-08-19T21:39:10.1255093Z #34 7.395   Downloading pycryptodome-3.23.0-cp37-abi3-manylinux_2_17_x86_64.manylinux2014_x86_64.whl.metadata (3.4 kB)
2025-08-19T21:39:10.1256125Z #34 7.470 Collecting pytz (from python-amazon-sp-api==0.8.0->-r requirements.txt (line 5))
2025-08-19T21:39:10.1256930Z #34 7.479   Downloading pytz-2025.2-py2.py3-none-any.whl.metadata (22 kB)
2025-08-19T21:39:10.1257801Z #34 7.515 Collecting confuse~=1.4.0 (from python-amazon-sp-api==0.8.0->-r requirements.txt (line 5))
2025-08-19T21:39:10.1258663Z #34 7.522   Downloading confuse-1.4.0-py2.py3-none-any.whl.metadata (3.8 kB)
2025-08-19T21:39:10.1259526Z #34 7.573 Collecting python-dotenv>=0.21.0 (from pydantic-settings==2.2.1->-r requirements.txt (line 6))
2025-08-19T21:39:10.1260655Z #34 7.578   Downloading python_dotenv-1.1.1-py3-none-any.whl.metadata (24 kB)
2025-08-19T21:39:10.1261471Z #34 7.654 Collecting multimethod<=1.10.0 (from pandera==0.19.*->-r requirements.txt (line 9))
2025-08-19T21:39:10.1262287Z #34 7.654   Downloading multimethod-1.10-py3-none-any.whl.metadata (8.2 kB)
2025-08-19T21:39:10.1263082Z #34 7.723 Collecting packaging>=20.0 (from pandera==0.19.*->-r requirements.txt (line 9))
2025-08-19T21:39:10.1263851Z #34 7.727   Downloading packaging-25.0-py3-none-any.whl.metadata (3.3 kB)
2025-08-19T21:39:10.1285247Z #34 7.782 Collecting typeguard (from pandera==0.19.*->-r requirements.txt (line 9))
2025-08-19T21:39:10.1286106Z #34 7.787   Downloading typeguard-4.4.4-py3-none-any.whl.metadata (3.3 kB)
2025-08-19T21:39:10.1286960Z #34 7.810 Collecting typing-inspect>=0.6.0 (from pandera==0.19.*->-r requirements.txt (line 9))
2025-08-19T21:39:10.1288063Z #34 7.819   Downloading typing_inspect-0.9.0-py3-none-any.whl.metadata (1.5 kB)
2025-08-19T21:39:10.1288881Z #34 7.981 Collecting wrapt (from pandera==0.19.*->-r requirements.txt (line 9))
2025-08-19T21:39:10.1289906Z #34 7.987   Downloading wrapt-1.17.3-cp312-cp312-manylinux1_x86_64.manylinux_2_28_x86_64.manylinux_2_5_x86_64.whl.metadata (6.4 kB)
2025-08-19T21:39:10.1290947Z #34 8.015 Collecting et-xmlfile (from openpyxl==3.1.*->-r requirements.txt (line 10))
2025-08-19T21:39:10.1291775Z #34 8.024   Downloading et_xmlfile-2.0.0-py3-none-any.whl.metadata (2.7 kB)
2025-08-19T21:39:10.1292738Z #34 8.728 Collecting botocore<1.41.0,>=1.40.13 (from boto3<2,>=1.16.39->python-amazon-sp-api==0.8.0->-r requirements.txt (line 5))
2025-08-19T21:39:10.1293689Z #34 8.735   Downloading botocore-1.40.13-py3-none-any.whl.metadata (5.7 kB)
2025-08-19T21:39:10.1294809Z #34 8.765 Collecting jmespath<2.0.0,>=0.7.1 (from boto3<2,>=1.16.39->python-amazon-sp-api==0.8.0->-r requirements.txt (line 5))
2025-08-19T21:39:10.1295747Z #34 8.774   Downloading jmespath-1.0.1-py3-none-any.whl.metadata (7.6 kB)
2025-08-19T21:39:10.1296692Z #34 8.804 Collecting s3transfer<0.14.0,>=0.13.0 (from boto3<2,>=1.16.39->python-amazon-sp-api==0.8.0->-r requirements.txt (line 5))
2025-08-19T21:39:10.1297653Z #34 8.811   Downloading s3transfer-0.13.1-py3-none-any.whl.metadata (1.7 kB)
2025-08-19T21:39:10.1298591Z #34 8.885 Collecting prompt-toolkit>=3.0.36 (from click-repl>=0.2.0->celery==5.3.*->-r requirements.txt (line 3))
2025-08-19T21:39:10.1299534Z #34 8.890   Downloading prompt_toolkit-3.0.51-py3-none-any.whl.metadata (6.4 kB)
2025-08-19T21:39:10.1300456Z #34 8.957 Collecting pyyaml (from confuse~=1.4.0->python-amazon-sp-api==0.8.0->-r requirements.txt (line 5))
2025-08-19T21:39:10.1301528Z #34 8.964   Downloading PyYAML-6.0.2-cp312-cp312-manylinux_2_17_x86_64.manylinux2014_x86_64.whl.metadata (2.1 kB)
2025-08-19T21:39:10.1302546Z #34 9.065 Collecting amqp<6.0.0,>=5.1.1 (from kombu<6.0,>=5.3.4->celery==5.3.*->-r requirements.txt (line 3))
2025-08-19T21:39:10.1303343Z #34 9.070   Downloading amqp-5.3.1-py3-none-any.whl.metadata (8.9 kB)
2025-08-19T21:39:10.1304409Z #34 9.106 Collecting annotated-types>=0.6.0 (from pydantic->keepa==1.3.14->-r requirements.txt (line 1))
2025-08-19T21:39:10.1305352Z #34 9.109   Downloading annotated_types-0.7.0-py3-none-any.whl.metadata (15 kB)
2025-08-19T21:39:10.1306234Z #34 10.08 Collecting pydantic-core==2.33.2 (from pydantic->keepa==1.3.14->-r requirements.txt (line 1))
2025-08-19T21:39:10.1307316Z #34 10.09   Downloading pydantic_core-2.33.2-cp312-cp312-manylinux_2_17_x86_64.manylinux2014_x86_64.whl.metadata (6.8 kB)
2025-08-19T21:39:10.1308422Z #34 10.15 Collecting typing-extensions>=4.12.2 (from pydantic->keepa==1.3.14->-r requirements.txt (line 1))
2025-08-19T21:39:10.3011684Z #34 10.16   Downloading typing_extensions-4.14.1-py3-none-any.whl.metadata (3.0 kB)
2025-08-19T21:39:10.3026100Z #34 10.18 Collecting typing-inspection>=0.4.0 (from pydantic->keepa==1.3.14->-r requirements.txt (line 1))
2025-08-19T21:39:10.3034183Z #34 10.19   Downloading typing_inspection-0.4.1-py3-none-any.whl.metadata (2.6 kB)
2025-08-19T21:39:10.3035135Z #34 ...
2025-08-19T21:39:10.3035292Z 
2025-08-19T21:39:10.3036624Z #33 [api stage-1 3/6] RUN set -eux;     if [ -f /etc/apt/sources.list ]; then         sed -i 's|http://deb.debian.org|https://deb.debian.org|g' /etc/apt/sources.list;     fi;     apt-get update;     apt-get install -y --no-install-recommends tzdata postgresql-client curl;     rm -rf /var/lib/apt/lists/*
2025-08-19T21:39:10.3038477Z #33 7.801 Selecting previously unselected package libgssapi-krb5-2:amd64.
2025-08-19T21:39:10.3039215Z #33 7.801 Preparing to unpack .../11-libgssapi-krb5-2_1.21.3-5_amd64.deb ...
2025-08-19T21:39:10.3039856Z #33 7.802 Unpacking libgssapi-krb5-2:amd64 (1.21.3-5) ...
2025-08-19T21:39:10.3040474Z #33 7.843 Selecting previously unselected package libunistring5:amd64.
2025-08-19T21:39:10.3041154Z #33 7.845 Preparing to unpack .../12-libunistring5_1.3-2_amd64.deb ...
2025-08-19T21:39:10.3041938Z #33 7.848 Unpacking libunistring5:amd64 (1.3-2) ...
2025-08-19T21:39:10.3042517Z #33 7.918 Selecting previously unselected package libidn2-0:amd64.
2025-08-19T21:39:10.3043148Z #33 7.918 Preparing to unpack .../13-libidn2-0_2.3.8-2_amd64.deb ...
2025-08-19T21:39:10.3043690Z #33 7.919 Unpacking libidn2-0:amd64 (2.3.8-2) ...
2025-08-19T21:39:10.3044452Z #33 7.954 Selecting previously unselected package libsasl2-modules-db:amd64.
2025-08-19T21:39:10.3045222Z #33 7.954 Preparing to unpack .../14-libsasl2-modules-db_2.1.28+dfsg1-9_amd64.deb ...
2025-08-19T21:39:10.3045939Z #33 7.955 Unpacking libsasl2-modules-db:amd64 (2.1.28+dfsg1-9) ...
2025-08-19T21:39:10.3046564Z #33 7.998 Selecting previously unselected package libsasl2-2:amd64.
2025-08-19T21:39:10.3047249Z #33 7.998 Preparing to unpack .../15-libsasl2-2_2.1.28+dfsg1-9_amd64.deb ...
2025-08-19T21:39:10.3047861Z #33 8.010 Unpacking libsasl2-2:amd64 (2.1.28+dfsg1-9) ...
2025-08-19T21:39:10.3048442Z #33 8.057 Selecting previously unselected package libldap2:amd64.
2025-08-19T21:39:10.3049094Z #33 8.059 Preparing to unpack .../16-libldap2_2.6.10+dfsg-1_amd64.deb ...
2025-08-19T21:39:10.3049688Z #33 8.066 Unpacking libldap2:amd64 (2.6.10+dfsg-1) ...
2025-08-19T21:39:10.3050287Z #33 8.126 Selecting previously unselected package libnghttp2-14:amd64.
2025-08-19T21:39:10.3050977Z #33 8.126 Preparing to unpack .../17-libnghttp2-14_1.64.0-1.1_amd64.deb ...
2025-08-19T21:39:10.3051593Z #33 8.129 Unpacking libnghttp2-14:amd64 (1.64.0-1.1) ...
2025-08-19T21:39:10.3052186Z #33 8.206 Selecting previously unselected package libnghttp3-9:amd64.
2025-08-19T21:39:10.3052877Z #33 8.210 Preparing to unpack .../18-libnghttp3-9_1.8.0-1_amd64.deb ...
2025-08-19T21:39:10.3053461Z #33 8.211 Unpacking libnghttp3-9:amd64 (1.8.0-1) ...
2025-08-19T21:39:10.3085401Z #33 8.274 Selecting previously unselected package libpsl5t64:amd64.
2025-08-19T21:39:10.3087948Z #33 8.277 Preparing to unpack .../19-libpsl5t64_0.21.2-1.1+b1_amd64.deb ...
2025-08-19T21:39:10.3089769Z #33 8.281 Unpacking libpsl5t64:amd64 (0.21.2-1.1+b1) ...
2025-08-19T21:39:10.3090417Z #33 8.360 Selecting previously unselected package libp11-kit0:amd64.
2025-08-19T21:39:10.3091099Z #33 8.360 Preparing to unpack .../20-libp11-kit0_0.25.5-3_amd64.deb ...
2025-08-19T21:39:10.3091693Z #33 8.363 Unpacking libp11-kit0:amd64 (0.25.5-3) ...
2025-08-19T21:39:10.3092277Z #33 8.478 Selecting previously unselected package libtasn1-6:amd64.
2025-08-19T21:39:10.3092996Z #33 8.483 Preparing to unpack .../21-libtasn1-6_4.20.0-2_amd64.deb ...
2025-08-19T21:39:10.3093592Z #33 8.491 Unpacking libtasn1-6:amd64 (4.20.0-2) ...
2025-08-19T21:39:10.3094342Z #33 8.572 Selecting previously unselected package libgnutls30t64:amd64.
2025-08-19T21:39:10.3095042Z #33 8.580 Preparing to unpack .../22-libgnutls30t64_3.8.9-3_amd64.deb ...
2025-08-19T21:39:10.3095630Z #33 8.590 Unpacking libgnutls30t64:amd64 (3.8.9-3) ...
2025-08-19T21:39:10.3096201Z #33 8.778 Selecting previously unselected package librtmp1:amd64.
2025-08-19T21:39:10.3096938Z #33 8.778 Preparing to unpack .../23-librtmp1_2.4+20151223.gitfa8646d.1-2+b5_amd64.deb ...
2025-08-19T21:39:10.3097677Z #33 8.782 Unpacking librtmp1:amd64 (2.4+20151223.gitfa8646d.1-2+b5) ...
2025-08-19T21:39:10.3098598Z #33 8.821 Selecting previously unselected package libssh2-1t64:amd64.
2025-08-19T21:39:10.3099269Z #33 8.822 Preparing to unpack .../24-libssh2-1t64_1.11.1-1_amd64.deb ...
2025-08-19T21:39:10.3099858Z #33 8.825 Unpacking libssh2-1t64:amd64 (1.11.1-1) ...
2025-08-19T21:39:10.3100435Z #33 8.891 Selecting previously unselected package libcurl4t64:amd64.
2025-08-19T21:39:10.3101100Z #33 8.898 Preparing to unpack .../25-libcurl4t64_8.14.1-2_amd64.deb ...
2025-08-19T21:39:10.3101683Z #33 8.899 Unpacking libcurl4t64:amd64 (8.14.1-2) ...
2025-08-19T21:39:10.3102189Z #33 8.980 Selecting previously unselected package curl.
2025-08-19T21:39:10.3102746Z #33 8.982 Preparing to unpack .../26-curl_8.14.1-2_amd64.deb ...
2025-08-19T21:39:10.3103243Z #33 8.988 Unpacking curl (8.14.1-2) ...
2025-08-19T21:39:10.3103929Z #33 9.050 Selecting previously unselected package libpq5:amd64.
2025-08-19T21:39:10.3104696Z #33 9.052 Preparing to unpack .../27-libpq5_17.5-1_amd64.deb ...
2025-08-19T21:39:10.3105239Z #33 9.055 Unpacking libpq5:amd64 (17.5-1) ...
2025-08-19T21:39:10.3105859Z #33 9.107 Selecting previously unselected package postgresql-client-common.
2025-08-19T21:39:10.3106612Z #33 9.107 Preparing to unpack .../28-postgresql-client-common_278_all.deb ...
2025-08-19T21:39:10.3107250Z #33 9.124 Unpacking postgresql-client-common (278) ...
2025-08-19T21:39:10.3107866Z #33 9.176 Selecting previously unselected package postgresql-client-17.
2025-08-19T21:39:10.3108586Z #33 9.183 Preparing to unpack .../29-postgresql-client-17_17.5-1_amd64.deb ...
2025-08-19T21:39:10.3109193Z #33 9.190 Unpacking postgresql-client-17 (17.5-1) ...
2025-08-19T21:39:10.3109787Z #33 9.459 Selecting previously unselected package postgresql-client.
2025-08-19T21:39:10.3110475Z #33 9.463 Preparing to unpack .../30-postgresql-client_17+278_all.deb ...
2025-08-19T21:39:10.3111082Z #33 9.467 Unpacking postgresql-client (17+278) ...
2025-08-19T21:39:10.3111582Z #33 9.546 Setting up libkeyutils1:amd64 (1.6.3-6) ...
2025-08-19T21:39:10.3112096Z #33 9.552 Setting up libgdbm-compat4t64:amd64 (1.24-2) ...
2025-08-19T21:39:10.3112619Z #33 9.554 Setting up libbrotli1:amd64 (1.1.0-2+b7) ...
2025-08-19T21:39:10.3113123Z #33 9.558 Setting up libnghttp2-14:amd64 (1.64.0-1.1) ...
2025-08-19T21:39:10.3113638Z #33 9.563 Setting up libcom-err2:amd64 (1.47.2-3+b3) ...
2025-08-19T21:39:10.3131313Z #33 9.568 Setting up libkrb5support0:amd64 (1.21.3-5) ...
2025-08-19T21:39:10.3132604Z #33 9.573 Setting up libsasl2-modules-db:amd64 (2.1.28+dfsg1-9) ...
2025-08-19T21:39:10.3133334Z #33 9.577 Setting up libp11-kit0:amd64 (0.25.5-3) ...
2025-08-19T21:39:10.3135218Z #33 9.582 Setting up libunistring5:amd64 (1.3-2) ...
2025-08-19T21:39:10.3135837Z #33 9.602 Setting up libk5crypto3:amd64 (1.21.3-5) ...
2025-08-19T21:39:10.3136360Z #33 9.602 Setting up libsasl2-2:amd64 (2.1.28+dfsg1-9) ...
2025-08-19T21:39:10.3136931Z #33 9.602 Setting up libnghttp3-9:amd64 (1.8.0-1) ...
2025-08-19T21:39:10.3137431Z #33 9.604 Setting up perl-modules-5.40 (5.40.1-6) ...
2025-08-19T21:39:10.3137923Z #33 9.609 Setting up sensible-utils (0.0.25) ...
2025-08-19T21:39:10.3138392Z #33 9.617 Setting up libtasn1-6:amd64 (4.20.0-2) ...
2025-08-19T21:39:10.3138859Z #33 9.626 Setting up libkrb5-3:amd64 (1.21.3-5) ...
2025-08-19T21:39:10.3139336Z #33 9.626 Setting up libssh2-1t64:amd64 (1.11.1-1) ...
2025-08-19T21:39:10.3139826Z #33 9.630 Setting up libldap2:amd64 (2.6.10+dfsg-1) ...
2025-08-19T21:39:10.3140302Z #33 9.636 Setting up libidn2-0:amd64 (2.3.8-2) ...
2025-08-19T21:39:10.3140767Z #33 9.645 Setting up libperl5.40:amd64 (5.40.1-6) ...
2025-08-19T21:39:10.3141214Z #33 9.650 Setting up perl (5.40.1-6) ...
2025-08-19T21:39:10.3141686Z #33 9.666 Setting up libgssapi-krb5-2:amd64 (1.21.3-5) ...
2025-08-19T21:39:10.3142196Z #33 9.674 Setting up libgnutls30t64:amd64 (3.8.9-3) ...
2025-08-19T21:39:10.3142719Z #33 9.679 Setting up postgresql-client-common (278) ...
2025-08-19T21:39:10.3143230Z #33 9.692 Setting up libpsl5t64:amd64 (0.21.2-1.1+b1) ...
2025-08-19T21:39:10.3143975Z #33 9.696 Setting up libpq5:amd64 (17.5-1) ...
2025-08-19T21:39:10.3144680Z #33 9.699 Setting up librtmp1:amd64 (2.4+20151223.gitfa8646d.1-2+b5) ...
2025-08-19T21:39:10.3145254Z #33 9.704 Setting up libcurl4t64:amd64 (8.14.1-2) ...
2025-08-19T21:39:10.3145743Z #33 9.708 Setting up postgresql-client-17 (17.5-1) ...
2025-08-19T21:39:10.4181590Z #33 10.39 update-alternatives: using /usr/share/postgresql/17/man/man1/psql.1.gz to provide /usr/share/man/man1/psql.1.gz (psql.1.gz) in auto mode
2025-08-19T21:39:10.4185460Z #33 10.49 Setting up curl (8.14.1-2) ...
2025-08-19T21:39:10.5208379Z #33 10.50 Setting up postgresql-client (17+278) ...
2025-08-19T21:39:10.5212806Z #33 10.51 Processing triggers for libc-bin (2.41-12) ...
2025-08-19T21:39:10.5216942Z #33 10.57 + rm -rf /var/lib/apt/lists/auxfiles /var/lib/apt/lists/deb.debian.org_debian-security_dists_trixie-security_InRelease /var/lib/apt/lists/deb.debian.org_debian-security_dists_trixie-security_main_binary-amd64_Packages.lz4 /var/lib/apt/lists/deb.debian.org_debian_dists_trixie-updates_InRelease /var/lib/apt/lists/deb.debian.org_debian_dists_trixie-updates_main_binary-amd64_Packages.lz4 /var/lib/apt/lists/deb.debian.org_debian_dists_trixie_InRelease /var/lib/apt/lists/deb.debian.org_debian_dists_trixie_main_binary-amd64_Packages.lz4 /var/lib/apt/lists/lock /var/lib/apt/lists/partial
2025-08-19T21:39:10.6250741Z #33 DONE 10.7s
2025-08-19T21:39:10.6253044Z 
2025-08-19T21:39:10.6283710Z #34 [etl base 4/5] RUN if [ -n "" ] && [ -f "" ]; then         pip install -r requirements.txt -c "";     else         pip install -r requirements.txt;     fi
2025-08-19T21:39:10.6285525Z #34 10.37 Collecting charset_normalizer<4,>=2 (from requests>=2.2->keepa==1.3.14->-r requirements.txt (line 1))
2025-08-19T21:39:10.6288076Z #34 10.39   Downloading charset_normalizer-3.4.3-cp312-cp312-manylinux2014_x86_64.manylinux_2_17_x86_64.manylinux_2_28_x86_64.whl.metadata (36 kB)
2025-08-19T21:39:10.6289255Z #34 10.42 Collecting idna<4,>=2.5 (from requests>=2.2->keepa==1.3.14->-r requirements.txt (line 1))
2025-08-19T21:39:10.6290015Z #34 10.43   Downloading idna-3.10-py3-none-any.whl.metadata (10 kB)
2025-08-19T21:39:10.6290873Z #34 10.50 Collecting mypy-extensions>=0.3.0 (from typing-inspect>=0.6.0->pandera==0.19.*->-r requirements.txt (line 9))
2025-08-19T21:39:10.6291835Z #34 10.51   Downloading mypy_extensions-1.1.0-py3-none-any.whl.metadata (1.1 kB)
2025-08-19T21:39:10.6292710Z #34 10.59 Collecting aiohappyeyeballs>=2.5.0 (from aiohttp->keepa==1.3.14->-r requirements.txt (line 1))
2025-08-19T21:39:10.6293564Z #34 10.59   Downloading aiohappyeyeballs-2.6.1-py3-none-any.whl.metadata (5.9 kB)
2025-08-19T21:39:10.6294875Z #34 10.64 Collecting aiosignal>=1.4.0 (from aiohttp->keepa==1.3.14->-r requirements.txt (line 1))
2025-08-19T21:39:10.6295663Z #34 10.65   Downloading aiosignal-1.4.0-py3-none-any.whl.metadata (3.7 kB)
2025-08-19T21:39:10.7307372Z #34 10.68 Collecting attrs>=17.3.0 (from aiohttp->keepa==1.3.14->-r requirements.txt (line 1))
2025-08-19T21:39:10.7309204Z #34 10.68   Downloading attrs-25.3.0-py3-none-any.whl.metadata (10 kB)
2025-08-19T21:39:10.8359129Z #34 10.85 Collecting frozenlist>=1.1.1 (from aiohttp->keepa==1.3.14->-r requirements.txt (line 1))
2025-08-19T21:39:10.8362137Z #34 10.86   Downloading frozenlist-1.7.0-cp312-cp312-manylinux_2_5_x86_64.manylinux1_x86_64.manylinux_2_17_x86_64.manylinux2014_x86_64.whl.metadata (18 kB)
2025-08-19T21:39:11.1415086Z #34 11.12 Collecting multidict<7.0,>=4.5 (from aiohttp->keepa==1.3.14->-r requirements.txt (line 1))
2025-08-19T21:39:11.1416425Z #34 11.12   Downloading multidict-6.6.4-cp312-cp312-manylinux2014_x86_64.manylinux_2_17_x86_64.manylinux_2_28_x86_64.whl.metadata (5.3 kB)
2025-08-19T21:39:11.2872453Z #34 11.18 Collecting propcache>=0.2.0 (from aiohttp->keepa==1.3.14->-r requirements.txt (line 1))
2025-08-19T21:39:11.2873627Z #34 11.19   Downloading propcache-0.3.2-cp312-cp312-manylinux_2_17_x86_64.manylinux2014_x86_64.whl.metadata (12 kB)
2025-08-19T21:39:11.6499809Z #34 11.54 Collecting yarl<2.0,>=1.17.0 (from aiohttp->keepa==1.3.14->-r requirements.txt (line 1))
2025-08-19T21:39:11.6503403Z #34 11.55   Downloading yarl-1.20.1-cp312-cp312-manylinux_2_17_x86_64.manylinux2014_x86_64.whl.metadata (73 kB)
2025-08-19T21:39:11.7665990Z #34 ...
2025-08-19T21:39:11.7666692Z 
2025-08-19T21:39:11.7669013Z #31 [fees_h10 base 4/6] RUN if [ -n "" ] && [ -f "fees_h10/" ]; then         pip install -r fees_h10/requirements.txt -c fees_h10/;     else         pip install -r fees_h10/requirements.txt;     fi
2025-08-19T21:39:11.7672846Z #31 11.50 Successfully installed PyJWT-2.10.1 amqp-5.3.1 anyio-4.10.0 asyncpg-0.30.0 billiard-4.2.1 celery-5.4.0 certifi-2025.8.3 click-8.2.1 click-didyoumean-0.3.1 click-plugins-1.1.1.2 click-repl-0.3.0 greenlet-3.2.4 h11-0.16.0 httpcore-1.0.9 httpx-0.28.1 idna-3.10 kombu-5.5.4 packaging-25.0 prompt-toolkit-3.0.51 python-dateutil-2.9.0.post0 redis-5.3.1 six-1.17.0 sniffio-1.3.1 sqlalchemy-2.0.43 typing-extensions-4.14.1 tzdata-2025.2 vine-5.1.0 wcwidth-0.2.13
2025-08-19T21:39:11.7677896Z #31 11.50 WARNING: Running pip as the 'root' user can result in broken permissions and conflicting behaviour with the system package manager, possibly rendering your system unusable. It is recommended to use a virtual environment instead: https://pip.pypa.io/warnings/venv. Use the --root-user-action option if you know what you are doing and want to suppress this warning.
2025-08-19T21:39:11.7700043Z #31 11.59 
2025-08-19T21:39:11.7700509Z #31 11.59 [notice] A new release of pip is available: 25.0.1 -> 25.2
2025-08-19T21:39:11.7701171Z #31 11.59 [notice] To update, run: pip install --upgrade pip
2025-08-19T21:39:11.7701660Z #31 DONE 11.8s
2025-08-19T21:39:11.7701839Z 
2025-08-19T21:39:11.7702402Z #34 [etl base 4/5] RUN if [ -n "" ] && [ -f "" ]; then         pip install -r requirements.txt -c "";     else         pip install -r requirements.txt;     fi
2025-08-19T21:39:11.7703669Z #34 11.68 Collecting wcwidth (from prompt-toolkit>=3.0.36->click-repl>=0.2.0->celery==5.3.*->-r requirements.txt (line 3))
2025-08-19T21:39:11.7718075Z #34 11.69   Downloading wcwidth-0.2.13-py2.py3-none-any.whl.metadata (14 kB)
2025-08-19T21:39:11.9816718Z #34 ...
2025-08-19T21:39:11.9821932Z 
2025-08-19T21:39:11.9822170Z #35 [fees_h10 base 5/6] COPY . ./fees_h10
2025-08-19T21:39:11.9822630Z #35 DONE 0.0s
2025-08-19T21:39:11.9822811Z 
2025-08-19T21:39:11.9822990Z #36 [fees_h10 base 6/6] COPY start.sh ./start.sh
2025-08-19T21:39:11.9823450Z #36 DONE 0.0s
2025-08-19T21:39:12.1255493Z 
2025-08-19T21:39:12.1256411Z #32 [api base  4/13] RUN pip install --no-cache-dir -r requirements.txt
2025-08-19T21:39:12.1257827Z #32 10.16 Collecting websockets>=10.4 (from uvicorn[standard]>=0.12.0->fastapi==0.111.0->-r requirements.txt (line 3))
2025-08-19T21:39:12.1262289Z #32 10.17   Downloading websockets-15.0.1-cp312-cp312-manylinux_2_5_x86_64.manylinux1_x86_64.manylinux_2_17_x86_64.manylinux2014_x86_64.whl.metadata (6.8 kB)
2025-08-19T21:39:12.1263786Z #32 10.22 Collecting wcwidth (from prompt-toolkit>=3.0.36->click-repl>=0.2.0->celery==5.3.*->-r requirements.txt (line 11))
2025-08-19T21:39:12.1265126Z #32 10.22   Downloading wcwidth-0.2.13-py2.py3-none-any.whl.metadata (14 kB)
2025-08-19T21:39:12.1266177Z #32 10.32 Collecting rich>=13.7.1 (from rich-toolkit>=0.14.8->fastapi-cli>=0.0.2->fastapi==0.111.0->-r requirements.txt (line 3))
2025-08-19T21:39:12.1267162Z #32 10.33   Downloading rich-14.1.0-py3-none-any.whl.metadata (18 kB)
2025-08-19T21:39:12.1268143Z #32 10.40 Collecting shellingham>=1.3.0 (from typer>=0.15.1->fastapi-cli>=0.0.2->fastapi==0.111.0->-r requirements.txt (line 3))
2025-08-19T21:39:12.1269226Z #32 10.40   Downloading shellingham-1.5.4-py2.py3-none-any.whl.metadata (3.5 kB)
2025-08-19T21:39:12.1270397Z #32 10.49 Collecting markdown-it-py>=2.2.0 (from rich>=13.7.1->rich-toolkit>=0.14.8->fastapi-cli>=0.0.2->fastapi==0.111.0->-r requirements.txt (line 3))
2025-08-19T21:39:12.1271553Z #32 10.50   Downloading markdown_it_py-4.0.0-py3-none-any.whl.metadata (7.3 kB)
2025-08-19T21:39:12.1272666Z #32 10.54 Collecting pygments<3.0.0,>=2.13.0 (from rich>=13.7.1->rich-toolkit>=0.14.8->fastapi-cli>=0.0.2->fastapi==0.111.0->-r requirements.txt (line 3))
2025-08-19T21:39:12.1274310Z #32 10.59   Downloading pygments-2.19.2-py3-none-any.whl.metadata (2.5 kB)
2025-08-19T21:39:12.1275521Z #32 10.61 Collecting mdurl~=0.1 (from markdown-it-py>=2.2.0->rich>=13.7.1->rich-toolkit>=0.14.8->fastapi-cli>=0.0.2->fastapi==0.111.0->-r requirements.txt (line 3))
2025-08-19T21:39:12.1276690Z #32 10.61   Downloading mdurl-0.1.2-py3-none-any.whl.metadata (1.6 kB)
2025-08-19T21:39:12.1277378Z #32 10.65 Downloading uvicorn-0.29.0-py3-none-any.whl (60 kB)
2025-08-19T21:39:12.1278070Z #32 10.65 Downloading pydantic_settings-2.2.1-py3-none-any.whl (13 kB)
2025-08-19T21:39:12.1278769Z #32 10.66 Downloading fastapi-0.111.0-py3-none-any.whl (91 kB)
2025-08-19T21:39:12.1279901Z #32 10.66 Downloading SQLAlchemy-2.0.29-cp312-cp312-manylinux_2_17_x86_64.manylinux2014_x86_64.whl (3.2 MB)
2025-08-19T21:39:12.1281241Z #32 10.69    ━━━━━━━━━━━━━━━━━━━━━━━━━━━━━━━━━━━━━━━━ 3.2/3.2 MB 206.9 MB/s eta 0:00:00
2025-08-19T21:39:12.1281896Z #32 10.69 Downloading alembic-1.13.1-py3-none-any.whl (233 kB)
2025-08-19T21:39:12.1282544Z #32 10.70 Downloading psycopg-3.2.9-py3-none-any.whl (202 kB)
2025-08-19T21:39:12.1283163Z #32 10.70 Downloading httpx-0.27.2-py3-none-any.whl (76 kB)
2025-08-19T21:39:12.1284205Z #32 10.71 Downloading asyncpg-0.29.0-cp312-cp312-manylinux_2_17_x86_64.manylinux2014_x86_64.whl (3.3 MB)
2025-08-19T21:39:12.1285220Z #32 10.72    ━━━━━━━━━━━━━━━━━━━━━━━━━━━━━━━━━━━━━━━━ 3.3/3.3 MB 279.7 MB/s eta 0:00:00
2025-08-19T21:39:12.1285792Z #32 10.73 Downloading boto3-1.34.162-py3-none-any.whl (139 kB)
2025-08-19T21:39:12.1286394Z #32 10.73 Downloading jinja2-3.1.5-py3-none-any.whl (134 kB)
2025-08-19T21:39:12.1300232Z #32 10.74 Downloading celery-5.3.6-py3-none-any.whl (422 kB)
2025-08-19T21:39:12.1300975Z #32 10.75 Downloading structlog-24.1.0-py3-none-any.whl (65 kB)
2025-08-19T21:39:12.1301699Z #32 10.76 Downloading asgi_correlation_id-4.3.1-py3-none-any.whl (15 kB)
2025-08-19T21:39:12.1302446Z #32 10.76 Downloading fastapi_limiter-0.1.6-py3-none-any.whl (15 kB)
2025-08-19T21:39:12.1303125Z #32 10.77 Downloading redis-5.0.8-py3-none-any.whl (255 kB)
2025-08-19T21:39:12.1303772Z #32 10.77 Downloading sentry_sdk-2.9.0-py2.py3-none-any.whl (301 kB)
2025-08-19T21:39:12.1304918Z #32 10.78 Downloading httpcore-1.0.9-py3-none-any.whl (78 kB)
2025-08-19T21:39:12.1305810Z #32 10.78 Downloading psycopg_binary-3.2.9-cp312-cp312-manylinux_2_17_x86_64.manylinux2014_x86_64.whl (4.4 MB)
2025-08-19T21:39:12.1306976Z #32 10.81    ━━━━━━━━━━━━━━━━━━━━━━━━━━━━━━━━━━━━━━━━ 4.4/4.4 MB 211.1 MB/s eta 0:00:00
2025-08-19T21:39:12.1307614Z #32 10.81 Downloading billiard-4.2.1-py3-none-any.whl (86 kB)
2025-08-19T21:39:12.1308276Z #32 10.82 Downloading botocore-1.34.162-py3-none-any.whl (12.5 MB)
2025-08-19T21:39:12.1309159Z #32 10.86    ━━━━━━━━━━━━━━━━━━━━━━━━━━━━━━━━━━━━━━━━ 12.5/12.5 MB 335.5 MB/s eta 0:00:00
2025-08-19T21:39:12.1309769Z #32 10.86 Downloading click-8.2.1-py3-none-any.whl (102 kB)
2025-08-19T21:39:12.1310526Z #32 10.87 Downloading click_didyoumean-0.3.1-py3-none-any.whl (3.6 kB)
2025-08-19T21:39:12.1311273Z #32 10.87 Downloading click_plugins-1.1.1.2-py2.py3-none-any.whl (11 kB)
2025-08-19T21:39:12.1311988Z #32 10.88 Downloading click_repl-0.3.0-py3-none-any.whl (10 kB)
2025-08-19T21:39:12.1312815Z #32 10.88 Downloading email_validator-2.2.0-py3-none-any.whl (33 kB)
2025-08-19T21:39:12.1341198Z #32 10.89 Downloading fastapi_cli-0.0.8-py3-none-any.whl (10 kB)
2025-08-19T21:39:12.1342123Z #32 10.89 Downloading greenlet-3.2.4-cp312-cp312-manylinux_2_24_x86_64.manylinux_2_28_x86_64.whl (607 kB)
2025-08-19T21:39:12.1343251Z #32 10.90    ━━━━━━━━━━━━━━━━━━━━━━━━━━━━━━━━━━━━━━━ 607.6/607.6 kB 289.9 MB/s eta 0:00:00
2025-08-19T21:39:12.1343870Z #32 10.90 Downloading h11-0.16.0-py3-none-any.whl (37 kB)
2025-08-19T21:39:12.1352729Z #32 10.91 Downloading idna-3.10-py3-none-any.whl (70 kB)
2025-08-19T21:39:12.1353377Z #32 10.91 Downloading jmespath-1.0.1-py3-none-any.whl (20 kB)
2025-08-19T21:39:12.1354485Z #32 10.92 Downloading kombu-5.5.4-py3-none-any.whl (210 kB)
2025-08-19T21:39:12.1355119Z #32 10.92 Downloading vine-5.1.0-py3-none-any.whl (9.6 kB)
2025-08-19T21:39:12.1355978Z #32 10.94 Downloading MarkupSafe-3.0.2-cp312-cp312-manylinux_2_17_x86_64.manylinux2014_x86_64.whl (23 kB)
2025-08-19T21:39:12.1357101Z #32 10.96 Downloading orjson-3.11.2-cp312-cp312-manylinux_2_17_x86_64.manylinux2014_x86_64.whl (121 kB)
2025-08-19T21:39:12.1357980Z #32 10.96 Downloading pydantic-2.11.7-py3-none-any.whl (444 kB)
2025-08-19T21:39:12.1358904Z #32 10.97 Downloading pydantic_core-2.33.2-cp312-cp312-manylinux_2_17_x86_64.manylinux2014_x86_64.whl (2.0 MB)
2025-08-19T21:39:12.1360023Z #32 10.98    ━━━━━━━━━━━━━━━━━━━━━━━━━━━━━━━━━━━━━━━━ 2.0/2.0 MB 345.0 MB/s eta 0:00:00
2025-08-19T21:39:12.1360792Z #32 10.98 Downloading python_dateutil-2.9.0.post0-py2.py3-none-any.whl (229 kB)
2025-08-19T21:39:12.1361821Z #32 10.99 Downloading python_dotenv-1.1.1-py3-none-any.whl (20 kB)
2025-08-19T21:39:12.1362561Z #32 10.99 Downloading python_multipart-0.0.20-py3-none-any.whl (24 kB)
2025-08-19T21:39:12.1363288Z #32 11.00 Downloading s3transfer-0.10.4-py3-none-any.whl (83 kB)
2025-08-19T21:39:12.1363948Z #32 11.00 Downloading starlette-0.37.2-py3-none-any.whl (71 kB)
2025-08-19T21:39:12.1364792Z #32 11.01 Downloading anyio-4.10.0-py3-none-any.whl (107 kB)
2025-08-19T21:39:12.1365408Z #32 11.01 Downloading sniffio-1.3.1-py3-none-any.whl (10 kB)
2025-08-19T21:39:12.1366107Z #32 11.03 Downloading typing_extensions-4.14.1-py3-none-any.whl (43 kB)
2025-08-19T21:39:12.1366839Z #32 11.03 Downloading tzdata-2025.2-py2.py3-none-any.whl (347 kB)
2025-08-19T21:39:12.1367697Z #32 11.04 Downloading ujson-5.10.0-cp312-cp312-manylinux_2_17_x86_64.manylinux2014_x86_64.whl (53 kB)
2025-08-19T21:39:12.1368550Z #32 11.04 Downloading urllib3-2.5.0-py3-none-any.whl (129 kB)
2025-08-19T21:39:12.1369205Z #32 11.05 Downloading certifi-2025.8.3-py3-none-any.whl (161 kB)
2025-08-19T21:39:12.1369840Z #32 11.05 Downloading mako-1.3.10-py3-none-any.whl (78 kB)
2025-08-19T21:39:12.1370438Z #32 11.06 Downloading amqp-5.3.1-py3-none-any.whl (50 kB)
2025-08-19T21:39:12.1371071Z #32 11.06 Downloading annotated_types-0.7.0-py3-none-any.whl (13 kB)
2025-08-19T21:39:12.1371764Z #32 11.07 Downloading dnspython-2.7.0-py3-none-any.whl (313 kB)
2025-08-19T21:39:12.1372841Z #32 11.07 Downloading httptools-0.6.4-cp312-cp312-manylinux_2_5_x86_64.manylinux1_x86_64.manylinux_2_17_x86_64.manylinux2014_x86_64.whl (510 kB)
2025-08-19T21:39:12.1373986Z #32 11.08 Downloading prompt_toolkit-3.0.51-py3-none-any.whl (387 kB)
2025-08-19T21:39:12.1375090Z #32 11.09 Downloading PyYAML-6.0.2-cp312-cp312-manylinux_2_17_x86_64.manylinux2014_x86_64.whl (767 kB)
2025-08-19T21:39:12.1376186Z #32 11.09    ━━━━━━━━━━━━━━━━━━━━━━━━━━━━━━━━━━━━━━━ 767.5/767.5 kB 410.3 MB/s eta 0:00:00
2025-08-19T21:39:12.1376855Z #32 11.10 Downloading rich_toolkit-0.15.0-py3-none-any.whl (29 kB)
2025-08-19T21:39:12.1377535Z #32 11.10 Downloading six-1.17.0-py2.py3-none-any.whl (11 kB)
2025-08-19T21:39:12.1378158Z #32 11.11 Downloading typer-0.16.1-py3-none-any.whl (46 kB)
2025-08-19T21:39:12.1378838Z #32 11.11 Downloading typing_inspection-0.4.1-py3-none-any.whl (14 kB)
2025-08-19T21:39:12.1379746Z #32 11.12 Downloading uvloop-0.21.0-cp312-cp312-manylinux_2_17_x86_64.manylinux2014_x86_64.whl (4.7 MB)
2025-08-19T21:39:12.1380797Z #32 11.13    ━━━━━━━━━━━━━━━━━━━━━━━━━━━━━━━━━━━━━━━━ 4.7/4.7 MB 428.0 MB/s eta 0:00:00
2025-08-19T21:39:12.1381680Z #32 11.14 Downloading watchfiles-1.1.0-cp312-cp312-manylinux_2_17_x86_64.manylinux2014_x86_64.whl (452 kB)
2025-08-19T21:39:12.1383024Z #32 11.14 Downloading websockets-15.0.1-cp312-cp312-manylinux_2_5_x86_64.manylinux1_x86_64.manylinux_2_17_x86_64.manylinux2014_x86_64.whl (182 kB)
2025-08-19T21:39:12.1384677Z #32 11.15 Downloading packaging-25.0-py3-none-any.whl (66 kB)
2025-08-19T21:39:12.1385321Z #32 11.15 Downloading rich-14.1.0-py3-none-any.whl (243 kB)
2025-08-19T21:39:12.1385994Z #32 11.16 Downloading shellingham-1.5.4-py2.py3-none-any.whl (9.8 kB)
2025-08-19T21:39:12.1386920Z #32 11.16 Downloading wcwidth-0.2.13-py2.py3-none-any.whl (34 kB)
2025-08-19T21:39:12.1387595Z #32 11.17 Downloading markdown_it_py-4.0.0-py3-none-any.whl (87 kB)
2025-08-19T21:39:12.1388268Z #32 11.17 Downloading pygments-2.19.2-py3-none-any.whl (1.2 MB)
2025-08-19T21:39:12.1389126Z #32 11.18    ━━━━━━━━━━━━━━━━━━━━━━━━━━━━━━━━━━━━━━━━ 1.2/1.2 MB 449.2 MB/s eta 0:00:00
2025-08-19T21:39:12.1389742Z #32 11.18 Downloading mdurl-0.1.2-py3-none-any.whl (10.0 kB)
2025-08-19T21:39:12.1394884Z #32 11.52 Installing collected packages: wcwidth, websockets, vine, uvloop, urllib3, ujson, tzdata, typing-extensions, structlog, sniffio, six, shellingham, redis, pyyaml, python-multipart, python-dotenv, pygments, psycopg-binary, prompt-toolkit, packaging, orjson, mdurl, MarkupSafe, jmespath, idna, httptools, h11, greenlet, dnspython, click, certifi, billiard, asyncpg, annotated-types, uvicorn, typing-inspection, sqlalchemy, sentry-sdk, python-dateutil, pydantic-core, psycopg, markdown-it-py, Mako, Jinja2, httpcore, email_validator, click-repl, click-plugins, click-didyoumean, anyio, amqp, watchfiles, starlette, rich, pydantic, kombu, httpx, botocore, alembic, typer, s3transfer, rich-toolkit, pydantic-settings, celery, asgi-correlation-id, fastapi-cli, boto3, fastapi, fastapi-limiter
2025-08-19T21:39:13.0596927Z #32 ...
2025-08-19T21:39:13.0597241Z 
2025-08-19T21:39:13.0598542Z #37 [postgres 2/6] RUN set -eux;     if [ -f /etc/apt/sources.list ]; then         sed -i 's|http://deb.debian.org|https://deb.debian.org|g' /etc/apt/sources.list;     fi;     apt-get update;     apt-get install -y locales;     locale-gen en_US.UTF-8;     rm -rf /var/lib/apt/lists/*
2025-08-19T21:39:13.0600066Z #37 0.205 + [ -f /etc/apt/sources.list ]
2025-08-19T21:39:13.0600478Z #37 0.205 + apt-get update
2025-08-19T21:39:13.0600947Z #37 0.291 Get:1 http://deb.debian.org/debian trixie InRelease [138 kB]
2025-08-19T21:39:13.0601654Z #37 0.325 Get:2 http://deb.debian.org/debian trixie-updates InRelease [47.1 kB]
2025-08-19T21:39:13.0602191Z #37 0.327 Get:3 http://deb.debian.org/debian-security trixie-security InRelease [43.4 kB]
2025-08-19T21:39:13.0602697Z #37 0.360 Get:4 http://deb.debian.org/debian trixie/main amd64 Packages [9,668 kB]
2025-08-19T21:39:13.0603286Z #37 0.383 Get:5 http://apt.postgresql.org/pub/repos/apt trixie-pgdg InRelease [107 kB]
2025-08-19T21:39:13.0604004Z #37 0.426 Get:6 http://apt.postgresql.org/pub/repos/apt trixie-pgdg/16 amd64 Packages [2,574 B]
2025-08-19T21:39:13.0605187Z #37 0.455 Get:7 http://deb.debian.org/debian trixie-updates/main amd64 Packages [2,432 B]
2025-08-19T21:39:13.0606125Z #37 0.456 Get:8 http://apt.postgresql.org/pub/repos/apt trixie-pgdg/main amd64 Packages [334 kB]
2025-08-19T21:39:13.0607140Z #37 0.457 Get:9 http://deb.debian.org/debian-security trixie-security/main amd64 Packages [11.6 kB]
2025-08-19T21:39:13.0607887Z #37 1.478 Fetched 10.4 MB in 1s (8,444 kB/s)
2025-08-19T21:39:13.0608324Z #37 1.478 Reading package lists...
2025-08-19T21:39:13.0608736Z #37 2.412 + apt-get install -y locales
2025-08-19T21:39:13.0609152Z #37 2.440 Reading package lists...
2025-08-19T21:39:13.0609556Z #37 3.321 Building dependency tree...
2025-08-19T21:39:13.0609977Z #37 3.508 Reading state information...
2025-08-19T21:39:13.0610463Z #37 3.709 locales is already the newest version (2.41-12).
2025-08-19T21:39:13.0611085Z #37 3.709 0 upgraded, 0 newly installed, 0 to remove and 1 not upgraded.
2025-08-19T21:39:13.0611635Z #37 3.712 + locale-gen en_US.UTF-8
2025-08-19T21:39:13.0612099Z #37 3.714 Generating locales (this might take a while)...
2025-08-19T21:39:13.0612569Z #37 3.727   en_US.UTF-8... done
2025-08-19T21:39:13.0612947Z #37 5.384 Generation complete.
2025-08-19T21:39:13.0618200Z #37 5.385 + rm -rf /var/lib/apt/lists/apt.postgresql.org_pub_repos_apt_dists_trixie-pgdg_16_binary-amd64_Packages.lz4 /var/lib/apt/lists/apt.postgresql.org_pub_repos_apt_dists_trixie-pgdg_InRelease /var/lib/apt/lists/apt.postgresql.org_pub_repos_apt_dists_trixie-pgdg_main_binary-amd64_Packages.lz4 /var/lib/apt/lists/auxfiles /var/lib/apt/lists/deb.debian.org_debian-security_dists_trixie-security_InRelease /var/lib/apt/lists/deb.debian.org_debian-security_dists_trixie-security_main_binary-amd64_Packages.lz4 /var/lib/apt/lists/deb.debian.org_debian_dists_trixie-updates_InRelease /var/lib/apt/lists/deb.debian.org_debian_dists_trixie-updates_main_binary-amd64_Packages.lz4 /var/lib/apt/lists/deb.debian.org_debian_dists_trixie_InRelease /var/lib/apt/lists/deb.debian.org_debian_dists_trixie_main_binary-amd64_Packages.lz4 /var/lib/apt/lists/lock /var/lib/apt/lists/partial
2025-08-19T21:39:13.0623187Z #37 DONE 5.5s
2025-08-19T21:39:13.3053994Z 
2025-08-19T21:39:13.3061218Z #38 [postgres 3/6] COPY docker/postgres/pg_hba.conf /etc/postgresql/pg_hba.conf
2025-08-19T21:39:13.3063556Z #38 DONE 0.0s
2025-08-19T21:39:13.3063742Z 
2025-08-19T21:39:13.3064644Z #39 [postgres 4/6] COPY docker/postgres/init-pg_hba.sh /docker-entrypoint-initdb.d/10_init_pg_hba.sh
2025-08-19T21:39:13.3065360Z #39 DONE 0.0s
2025-08-19T21:39:13.3065528Z 
2025-08-19T21:39:13.3065904Z #40 [postgres 5/6] COPY docker/postgres/postgresql.conf /etc/postgresql/postgresql.conf
2025-08-19T21:39:13.3066544Z #40 DONE 0.0s
2025-08-19T21:39:13.3066709Z 
2025-08-19T21:39:13.3067227Z #34 [etl base 4/5] RUN if [ -n "" ] && [ -f "" ]; then         pip install -r requirements.txt -c "";     else         pip install -r requirements.txt;     fi
2025-08-19T21:39:13.3068084Z #34 12.16 Downloading keepa-1.3.14-py3-none-any.whl (33 kB)
2025-08-19T21:39:13.3068640Z #34 12.18 Downloading minio-7.1.15-py3-none-any.whl (77 kB)
2025-08-19T21:39:13.3069196Z #34 12.19 Downloading celery-5.3.6-py3-none-any.whl (422 kB)
2025-08-19T21:39:13.3069734Z #34 12.21 Downloading redis-5.3.1-py3-none-any.whl (272 kB)
2025-08-19T21:39:13.3074729Z #34 12.22 Downloading python_amazon_sp_api-0.8.0-py3-none-any.whl (93 kB)
2025-08-19T21:39:13.3075502Z #34 12.23 Downloading pydantic_settings-2.2.1-py3-none-any.whl (13 kB)
2025-08-19T21:39:13.3076379Z #34 12.23 Downloading pandas-2.2.3-cp312-cp312-manylinux_2_17_x86_64.manylinux2014_x86_64.whl (12.7 MB)
2025-08-19T21:39:13.3077550Z #34 12.31    ━━━━━━━━━━━━━━━━━━━━━━━━━━━━━━━━━━━━━━━━ 12.7/12.7 MB 178.9 MB/s eta 0:00:00
2025-08-19T21:39:13.3078136Z #34 12.32 Downloading pandera-0.19.3-py3-none-any.whl (251 kB)
2025-08-19T21:39:13.3078760Z #34 12.33 Downloading openpyxl-3.1.5-py2.py3-none-any.whl (250 kB)
2025-08-19T21:39:13.3079623Z #34 12.34 Downloading psycopg2_binary-2.9.10-cp312-cp312-manylinux_2_17_x86_64.manylinux2014_x86_64.whl (3.0 MB)
2025-08-19T21:39:13.3080612Z #34 12.37    ━━━━━━━━━━━━━━━━━━━━━━━━━━━━━━━━━━━━━━━━ 3.0/3.0 MB 101.7 MB/s eta 0:00:00
2025-08-19T21:39:13.3081365Z #34 12.37 Downloading numpy-1.26.4-cp312-cp312-manylinux_2_17_x86_64.manylinux2014_x86_64.whl (18.0 MB)
2025-08-19T21:39:13.3082280Z #34 12.51    ━━━━━━━━━━━━━━━━━━━━━━━━━━━━━━━━━━━━━━━━ 18.0/18.0 MB 130.6 MB/s eta 0:00:00
2025-08-19T21:39:13.3082864Z #34 12.52 Downloading billiard-4.2.1-py3-none-any.whl (86 kB)
2025-08-19T21:39:13.3083420Z #34 12.53 Downloading boto3-1.40.13-py3-none-any.whl (140 kB)
2025-08-19T21:39:13.3094873Z #34 12.54 Downloading cachetools-4.2.4-py3-none-any.whl (10 kB)
2025-08-19T21:39:13.3095462Z #34 12.55 Downloading click-8.2.1-py3-none-any.whl (102 kB)
2025-08-19T21:39:13.3096075Z #34 12.56 Downloading click_didyoumean-0.3.1-py3-none-any.whl (3.6 kB)
2025-08-19T21:39:13.3096759Z #34 12.57 Downloading click_plugins-1.1.1.2-py2.py3-none-any.whl (11 kB)
2025-08-19T21:39:13.3097377Z #34 12.57 Downloading click_repl-0.3.0-py3-none-any.whl (10 kB)
2025-08-19T21:39:13.3097937Z #34 12.59 Downloading confuse-1.4.0-py2.py3-none-any.whl (21 kB)
2025-08-19T21:39:13.3098491Z #34 12.59 Downloading kombu-5.5.4-py3-none-any.whl (210 kB)
2025-08-19T21:39:13.3099049Z #34 12.60 Downloading vine-5.1.0-py3-none-any.whl (9.6 kB)
2025-08-19T21:39:13.3099598Z #34 12.61 Downloading multimethod-1.10-py3-none-any.whl (9.9 kB)
2025-08-19T21:39:13.3100427Z #34 12.62 Downloading packaging-25.0-py3-none-any.whl (66 kB)
2025-08-19T21:39:13.3101032Z #34 12.63 Downloading pydantic-2.11.7-py3-none-any.whl (444 kB)
2025-08-19T21:39:13.3101905Z #34 12.66 Downloading pydantic_core-2.33.2-cp312-cp312-manylinux_2_17_x86_64.manylinux2014_x86_64.whl (2.0 MB)
2025-08-19T21:39:13.3102968Z #34 12.68    ━━━━━━━━━━━━━━━━━━━━━━━━━━━━━━━━━━━━━━━━ 2.0/2.0 MB 84.0 MB/s eta 0:00:00
2025-08-19T21:39:13.3103545Z #34 12.69 Downloading PyJWT-2.10.1-py3-none-any.whl (22 kB)
2025-08-19T21:39:13.3105818Z #34 12.69 Downloading python_dateutil-2.9.0.post0-py2.py3-none-any.whl (229 kB)
2025-08-19T21:39:13.3107040Z #34 12.70 Downloading python_dotenv-1.1.1-py3-none-any.whl (20 kB)
2025-08-19T21:39:13.3107969Z #34 12.72 Downloading pytz-2025.2-py2.py3-none-any.whl (509 kB)
2025-08-19T21:39:13.3108571Z #34 12.73 Downloading requests-2.32.5-py3-none-any.whl (64 kB)
2025-08-19T21:39:13.3109196Z #34 12.74 Downloading certifi-2025.8.3-py3-none-any.whl (161 kB)
2025-08-19T21:39:13.3109795Z #34 12.75 Downloading six-1.17.0-py2.py3-none-any.whl (11 kB)
2025-08-19T21:39:13.3110428Z #34 12.76 Downloading typing_inspect-0.9.0-py3-none-any.whl (8.8 kB)
2025-08-19T21:39:13.3111017Z #34 12.77 Downloading tzdata-2025.2-py2.py3-none-any.whl (347 kB)
2025-08-19T21:39:13.3111594Z #34 12.78 Downloading urllib3-2.5.0-py3-none-any.whl (129 kB)
2025-08-19T21:39:13.3112591Z #34 12.79 Downloading aiohttp-3.12.15-cp312-cp312-manylinux_2_17_x86_64.manylinux2014_x86_64.whl (1.7 MB)
2025-08-19T21:39:13.3113825Z #34 12.81    ━━━━━━━━━━━━━━━━━━━━━━━━━━━━━━━━━━━━━━━━ 1.7/1.7 MB 95.0 MB/s eta 0:00:00
2025-08-19T21:39:13.3114620Z #34 12.81 Downloading et_xmlfile-2.0.0-py3-none-any.whl (18 kB)
2025-08-19T21:39:13.3115497Z #34 12.82 Downloading pycryptodome-3.23.0-cp37-abi3-manylinux_2_17_x86_64.manylinux2014_x86_64.whl (2.3 MB)
2025-08-19T21:39:13.3116934Z #34 12.83    ━━━━━━━━━━━━━━━━━━━━━━━━━━━━━━━━━━━━━━━━ 2.3/2.3 MB 168.1 MB/s eta 0:00:00
2025-08-19T21:39:13.3117334Z #34 12.84 Downloading tqdm-4.67.1-py3-none-any.whl (78 kB)
2025-08-19T21:39:13.3117820Z #34 12.85 Downloading typeguard-4.4.4-py3-none-any.whl (34 kB)
2025-08-19T21:39:13.3118545Z #34 12.86 Downloading wrapt-1.17.3-cp312-cp312-manylinux1_x86_64.manylinux_2_28_x86_64.manylinux_2_5_x86_64.whl (88 kB)
2025-08-19T21:39:13.3119515Z #34 12.86 Downloading aiohappyeyeballs-2.6.1-py3-none-any.whl (15 kB)
2025-08-19T21:39:13.3121493Z #34 12.87 Downloading aiosignal-1.4.0-py3-none-any.whl (7.5 kB)
2025-08-19T21:39:13.3122129Z #34 12.88 Downloading amqp-5.3.1-py3-none-any.whl (50 kB)
2025-08-19T21:39:13.3122746Z #34 12.89 Downloading annotated_types-0.7.0-py3-none-any.whl (13 kB)
2025-08-19T21:39:13.3123387Z #34 12.90 Downloading attrs-25.3.0-py3-none-any.whl (63 kB)
2025-08-19T21:39:13.3123995Z #34 12.91 Downloading botocore-1.40.13-py3-none-any.whl (14.0 MB)
2025-08-19T21:39:13.3125048Z #34 12.98    ━━━━━━━━━━━━━━━━━━━━━━━━━━━━━━━━━━━━━━━━ 14.0/14.0 MB 186.7 MB/s eta 0:00:00
2025-08-19T21:39:13.3126105Z #34 12.99 Downloading charset_normalizer-3.4.3-cp312-cp312-manylinux2014_x86_64.manylinux_2_17_x86_64.manylinux_2_28_x86_64.whl (151 kB)
2025-08-19T21:39:13.3127574Z #34 13.00 Downloading frozenlist-1.7.0-cp312-cp312-manylinux_2_5_x86_64.manylinux1_x86_64.manylinux_2_17_x86_64.manylinux2014_x86_64.whl (241 kB)
2025-08-19T21:39:13.3128857Z #34 13.00 Downloading idna-3.10-py3-none-any.whl (70 kB)
2025-08-19T21:39:13.3129446Z #34 13.02 Downloading jmespath-1.0.1-py3-none-any.whl (20 kB)
2025-08-19T21:39:13.3130421Z #34 13.05 Downloading multidict-6.6.4-cp312-cp312-manylinux2014_x86_64.manylinux_2_17_x86_64.manylinux_2_28_x86_64.whl (256 kB)
2025-08-19T21:39:13.3131456Z #34 13.07 Downloading mypy_extensions-1.1.0-py3-none-any.whl (5.0 kB)
2025-08-19T21:39:13.3132147Z #34 13.08 Downloading prompt_toolkit-3.0.51-py3-none-any.whl (387 kB)
2025-08-19T21:39:13.3133040Z #34 13.09 Downloading propcache-0.3.2-cp312-cp312-manylinux_2_17_x86_64.manylinux2014_x86_64.whl (224 kB)
2025-08-19T21:39:13.3133901Z #34 13.11 Downloading s3transfer-0.13.1-py3-none-any.whl (85 kB)
2025-08-19T21:39:13.3136598Z #34 13.11 Downloading typing_extensions-4.14.1-py3-none-any.whl (43 kB)
2025-08-19T21:39:13.3138614Z #34 13.13 Downloading typing_inspection-0.4.1-py3-none-any.whl (14 kB)
2025-08-19T21:39:13.3145886Z #34 13.14 Downloading yarl-1.20.1-cp312-cp312-manylinux_2_17_x86_64.manylinux2014_x86_64.whl (355 kB)
2025-08-19T21:39:13.3146966Z #34 13.15 Downloading PyYAML-6.0.2-cp312-cp312-manylinux_2_17_x86_64.manylinux2014_x86_64.whl (767 kB)
2025-08-19T21:39:13.3148984Z #34 13.18    ━━━━━━━━━━━━━━━━━━━━━━━━━━━━━━━━━━━━━━━━ 767.5/767.5 kB 23.5 MB/s eta 0:00:00
2025-08-19T21:39:13.3149595Z #34 13.19 Downloading wcwidth-0.2.13-py2.py3-none-any.whl (34 kB)
2025-08-19T21:39:13.3169282Z #34 ...
2025-08-19T21:39:13.3169724Z 
2025-08-19T21:39:13.3171119Z #41 [postgres 6/6] RUN chmod 0644 /etc/postgresql/pg_hba.conf &&     chmod +x /docker-entrypoint-initdb.d/10_init_pg_hba.sh
2025-08-19T21:39:13.3171932Z #41 DONE 0.2s
2025-08-19T21:39:13.4801009Z 
2025-08-19T21:39:13.4802640Z #42 [postgres] exporting to image
2025-08-19T21:39:13.4803078Z #42 exporting layers
2025-08-19T21:39:14.8062207Z #42 exporting layers 1.5s done
2025-08-19T21:39:15.0503887Z #42 writing image sha256:6236fa51ed3071d72dab32fa092c836940aa28109348f30a04d3bf40309aeb2d done
2025-08-19T21:39:15.0522649Z #42 naming to docker.io/library/awa-app-postgres done
2025-08-19T21:39:15.0523287Z #42 DONE 1.5s
2025-08-19T21:39:15.0523515Z 
2025-08-19T21:39:15.0523779Z #43 [postgres] resolving provenance for metadata file
2025-08-19T21:39:15.0524500Z #43 DONE 0.0s
2025-08-19T21:39:15.0524939Z 
2025-08-19T21:39:15.0525246Z #44 [fees_h10 stage-1 3/5] COPY --from=base /usr/local /usr/local
2025-08-19T21:39:15.0525729Z #44 DONE 2.2s
2025-08-19T21:39:15.0525905Z 
2025-08-19T21:39:15.0526103Z #45 [fees_h10 stage-1 4/5] COPY --from=base /app /app
2025-08-19T21:39:15.0526550Z #45 DONE 0.0s
2025-08-19T21:39:15.0526724Z 
2025-08-19T21:39:15.0526892Z #46 [fees_h10 stage-1 5/5] RUN chmod +x ./start.sh
2025-08-19T21:39:15.0666334Z #46 DONE 0.2s
2025-08-19T21:39:15.0666924Z 
2025-08-19T21:39:15.0667602Z #34 [etl base 4/5] RUN if [ -n "" ] && [ -f "" ]; then         pip install -r requirements.txt -c "";     else         pip install -r requirements.txt;     fi
2025-08-19T21:39:15.0672321Z #34 13.63 Installing collected packages: wcwidth, pytz, wrapt, vine, urllib3, tzdata, typing-extensions, tqdm, six, pyyaml, python-dotenv, PyJWT, pycryptodome, psycopg2-binary, propcache, prompt-toolkit, packaging, numpy, mypy-extensions, multimethod, multidict, jmespath, idna, frozenlist, et-xmlfile, click, charset_normalizer, certifi, cachetools, billiard, attrs, annotated-types, aiohappyeyeballs, yarl, typing-inspection, typing-inspect, typeguard, requests, redis, python-dateutil, pydantic-core, openpyxl, minio, confuse, click-repl, click-plugins, click-didyoumean, amqp, aiosignal, pydantic, pandas, kombu, botocore, aiohttp, s3transfer, pydantic-settings, pandera, keepa, celery, boto3, python-amazon-sp-api
2025-08-19T21:39:16.5605443Z #34 ...
2025-08-19T21:39:16.5605686Z 
2025-08-19T21:39:16.5605838Z #47 [fees_h10] exporting to image
2025-08-19T21:39:16.5606305Z #47 exporting layers 1.3s done
2025-08-19T21:39:16.5607208Z #47 writing image sha256:ba2d79ce1b7157b1295624b45450878da8d76c849182b60056e2d4bfe3850923 done
2025-08-19T21:39:16.5608508Z #47 naming to docker.io/library/awa-app-fees_h10 done
2025-08-19T21:39:16.5609123Z #47 DONE 1.3s
2025-08-19T21:39:16.5609318Z 
2025-08-19T21:39:16.5609531Z #48 [fees_h10] resolving provenance for metadata file
2025-08-19T21:39:16.5610002Z #48 DONE 0.0s
2025-08-19T21:39:16.7107091Z 
2025-08-19T21:39:16.7107857Z #32 [api base  4/13] RUN pip install --no-cache-dir -r requirements.txt
2025-08-19T21:39:19.7186805Z #32 19.74 Successfully installed Jinja2-3.1.5 Mako-1.3.10 MarkupSafe-3.0.2 alembic-1.13.1 amqp-5.3.1 annotated-types-0.7.0 anyio-4.10.0 asgi-correlation-id-4.3.1 asyncpg-0.29.0 billiard-4.2.1 boto3-1.34.162 botocore-1.34.162 celery-5.3.6 certifi-2025.8.3 click-8.2.1 click-didyoumean-0.3.1 click-plugins-1.1.1.2 click-repl-0.3.0 dnspython-2.7.0 email_validator-2.2.0 fastapi-0.111.0 fastapi-cli-0.0.8 fastapi-limiter-0.1.6 greenlet-3.2.4 h11-0.16.0 httpcore-1.0.9 httptools-0.6.4 httpx-0.27.2 idna-3.10 jmespath-1.0.1 kombu-5.5.4 markdown-it-py-4.0.0 mdurl-0.1.2 orjson-3.11.2 packaging-25.0 prompt-toolkit-3.0.51 psycopg-3.2.9 psycopg-binary-3.2.9 pydantic-2.11.7 pydantic-core-2.33.2 pydantic-settings-2.2.1 pygments-2.19.2 python-dateutil-2.9.0.post0 python-dotenv-1.1.1 python-multipart-0.0.20 pyyaml-6.0.2 redis-5.0.8 rich-14.1.0 rich-toolkit-0.15.0 s3transfer-0.10.4 sentry-sdk-2.9.0 shellingham-1.5.4 six-1.17.0 sniffio-1.3.1 sqlalchemy-2.0.29 starlette-0.37.2 structlog-24.1.0 typer-0.16.1 typing-extensions-4.14.1 typing-inspection-0.4.1 tzdata-2025.2 ujson-5.10.0 urllib3-2.5.0 uvicorn-0.29.0 uvloop-0.21.0 vine-5.1.0 watchfiles-1.1.0 wcwidth-0.2.13 websockets-15.0.1
2025-08-19T21:39:19.9339124Z #32 19.74 WARNING: Running pip as the 'root' user can result in broken permissions and conflicting behaviour with the system package manager, possibly rendering your system unusable. It is recommended to use a virtual environment instead: https://pip.pypa.io/warnings/venv. Use the --root-user-action option if you know what you are doing and want to suppress this warning.
2025-08-19T21:39:19.9341706Z #32 19.81 
2025-08-19T21:39:19.9342132Z #32 19.81 [notice] A new release of pip is available: 25.0.1 -> 25.2
2025-08-19T21:39:19.9342758Z #32 19.81 [notice] To update, run: pip install --upgrade pip
2025-08-19T21:39:20.3516173Z #32 DONE 20.4s
2025-08-19T21:39:20.3517833Z 
2025-08-19T21:39:20.3518809Z #34 [etl base 4/5] RUN if [ -n "" ] && [ -f "" ]; then         pip install -r requirements.txt -c "";     else         pip install -r requirements.txt;     fi
2025-08-19T21:39:20.5827991Z #34 ...
2025-08-19T21:39:20.5842781Z 
2025-08-19T21:39:20.5865044Z #49 [api base  5/13] COPY services/api/ ./services/api
2025-08-19T21:39:20.5865701Z #49 DONE 0.0s
2025-08-19T21:39:20.5865982Z 
2025-08-19T21:39:20.5866346Z #50 [api base  6/13] COPY services/common/ ./services/common
2025-08-19T21:39:20.5866837Z #50 DONE 0.0s
2025-08-19T21:39:20.5867034Z 
2025-08-19T21:39:20.5867299Z #51 [api base  7/13] COPY services/ingest/ ./services/ingest
2025-08-19T21:39:20.5890596Z #51 DONE 0.0s
2025-08-19T21:39:20.5890823Z 
2025-08-19T21:39:20.5891027Z #52 [api base  8/13] COPY services/etl/ ./services/etl
2025-08-19T21:39:20.5891477Z #52 DONE 0.0s
2025-08-19T21:39:20.5891644Z 
2025-08-19T21:39:20.5891779Z #53 [api base  9/13] COPY api/ ./api
2025-08-19T21:39:20.5892169Z #53 DONE 0.0s
2025-08-19T21:39:20.5892334Z 
2025-08-19T21:39:20.5892569Z #54 [api base 10/13] COPY services/api/alembic.ini ./alembic.ini
2025-08-19T21:39:20.5893068Z #54 DONE 0.0s
2025-08-19T21:39:20.5893236Z 
2025-08-19T21:39:20.5893389Z #55 [api base 11/13] COPY alembic/ ./alembic/
2025-08-19T21:39:20.5893790Z #55 DONE 0.0s
2025-08-19T21:39:20.5893950Z 
2025-08-19T21:39:20.5894519Z #56 [api base 12/13] COPY services/api/entrypoint.sh ./entrypoint.sh
2025-08-19T21:39:20.5895026Z #56 DONE 0.0s
2025-08-19T21:39:20.5895183Z 
2025-08-19T21:39:20.5895359Z #57 [api base 13/13] RUN chmod +x ./entrypoint.sh
2025-08-19T21:39:20.5895782Z #57 DONE 0.1s
2025-08-19T21:39:20.7331714Z 
2025-08-19T21:39:20.7332943Z #34 [etl base 4/5] RUN if [ -n "" ] && [ -f "" ]; then         pip install -r requirements.txt -c "";     else         pip install -r requirements.txt;     fi
2025-08-19T21:39:21.6287725Z #34 ...
2025-08-19T21:39:21.6289013Z 
2025-08-19T21:39:21.6289473Z #58 [api stage-1 4/6] COPY --from=base /usr/local /usr/local
2025-08-19T21:39:23.5162450Z #58 DONE 1.9s
2025-08-19T21:39:23.5162705Z 
2025-08-19T21:39:23.5163329Z #34 [etl base 4/5] RUN if [ -n "" ] && [ -f "" ]; then         pip install -r requirements.txt -c "";     else         pip install -r requirements.txt;     fi
2025-08-19T21:39:23.6795944Z #34 ...
2025-08-19T21:39:23.6796375Z 
2025-08-19T21:39:23.6796860Z #59 [api stage-1 5/6] COPY --from=base /app /app
2025-08-19T21:39:23.6797517Z #59 DONE 0.0s
2025-08-19T21:39:23.6797685Z 
2025-08-19T21:39:23.6797893Z #60 [api stage-1 6/6] RUN chmod +x /app/entrypoint.sh
2025-08-19T21:39:23.6798999Z #60 DONE 0.1s
2025-08-19T21:39:23.8314925Z 
2025-08-19T21:39:23.8316423Z #61 [api] exporting to image
2025-08-19T21:39:23.8317377Z #61 exporting layers
2025-08-19T21:39:26.0327869Z #61 exporting layers 2.3s done
2025-08-19T21:39:26.0329774Z #61 writing image sha256:d593172a3ae8cbbf392fd5f58d9796fb8d9b6e180c906da3039bde22a5ab88b1 done
2025-08-19T21:39:26.0330499Z #61 naming to docker.io/library/awa-app-api done
2025-08-19T21:39:26.0330917Z #61 DONE 2.3s
2025-08-19T21:39:26.0331083Z 
2025-08-19T21:39:26.0331265Z #62 [api] resolving provenance for metadata file
2025-08-19T21:39:26.0331679Z #62 DONE 0.0s
2025-08-19T21:39:26.0331837Z 
2025-08-19T21:39:26.0332360Z #34 [etl base 4/5] RUN if [ -n "" ] && [ -f "" ]; then         pip install -r requirements.txt -c "";     else         pip install -r requirements.txt;     fi
2025-08-19T21:39:26.0338225Z #34 25.96 Successfully installed PyJWT-2.10.1 aiohappyeyeballs-2.6.1 aiohttp-3.12.15 aiosignal-1.4.0 amqp-5.3.1 annotated-types-0.7.0 attrs-25.3.0 billiard-4.2.1 boto3-1.40.13 botocore-1.40.13 cachetools-4.2.4 celery-5.3.6 certifi-2025.8.3 charset_normalizer-3.4.3 click-8.2.1 click-didyoumean-0.3.1 click-plugins-1.1.1.2 click-repl-0.3.0 confuse-1.4.0 et-xmlfile-2.0.0 frozenlist-1.7.0 idna-3.10 jmespath-1.0.1 keepa-1.3.14 kombu-5.5.4 minio-7.1.15 multidict-6.6.4 multimethod-1.10 mypy-extensions-1.1.0 numpy-1.26.4 openpyxl-3.1.5 packaging-25.0 pandas-2.2.3 pandera-0.19.3 prompt-toolkit-3.0.51 propcache-0.3.2 psycopg2-binary-2.9.10 pycryptodome-3.23.0 pydantic-2.11.7 pydantic-core-2.33.2 pydantic-settings-2.2.1 python-amazon-sp-api-0.8.0 python-dateutil-2.9.0.post0 python-dotenv-1.1.1 pytz-2025.2 pyyaml-6.0.2 redis-5.3.1 requests-2.32.5 s3transfer-0.13.1 six-1.17.0 tqdm-4.67.1 typeguard-4.4.4 typing-extensions-4.14.1 typing-inspect-0.9.0 typing-inspection-0.4.1 tzdata-2025.2 urllib3-2.5.0 vine-5.1.0 wcwidth-0.2.13 wrapt-1.17.3 yarl-1.20.1
2025-08-19T21:39:26.0345936Z #34 25.96 WARNING: Running pip as the 'root' user can result in broken permissions and conflicting behaviour with the system package manager, possibly rendering your system unusable. It is recommended to use a virtual environment instead: https://pip.pypa.io/warnings/venv. Use the --root-user-action option if you know what you are doing and want to suppress this warning.
2025-08-19T21:39:26.0348062Z #34 26.05 
2025-08-19T21:39:26.0348628Z #34 26.05 [notice] A new release of pip is available: 25.0.1 -> 25.2
2025-08-19T21:39:26.0349260Z #34 26.05 [notice] To update, run: pip install --upgrade pip
2025-08-19T21:39:26.4533732Z #34 DONE 26.3s
2025-08-19T21:39:26.4533998Z 
2025-08-19T21:39:26.4534364Z #63 [etl base 5/5] COPY services/etl/ .
2025-08-19T21:39:26.4534785Z #63 DONE 0.0s
2025-08-19T21:39:27.5462956Z 
2025-08-19T21:39:27.5463404Z #64 [etl stage-1 3/9] COPY --from=base /usr/local /usr/local
2025-08-19T21:39:30.1126412Z #64 DONE 2.4s
2025-08-19T21:39:30.1126667Z 
2025-08-19T21:39:30.1126933Z #65 [celery_worker stage-1 4/9] COPY --from=base /app /app
2025-08-19T21:39:30.1127455Z #65 DONE 0.0s
2025-08-19T21:39:30.1127640Z 
2025-08-19T21:39:30.1128876Z #66 [etl stage-1 5/9] RUN set -eux;     if [ -f /etc/apt/sources.list ]; then         sed -i 's|http://deb.debian.org|https://deb.debian.org|g' /etc/apt/sources.list;     fi;     apt-get update;     apt-get install -y --no-install-recommends tzdata;     rm -rf /var/lib/apt/lists/*
2025-08-19T21:39:30.1130725Z #66 0.110 + [ -f /etc/apt/sources.list ]
2025-08-19T21:39:30.1131146Z #66 0.110 + apt-get update
2025-08-19T21:39:30.2366799Z #66 0.163 Hit:1 http://deb.debian.org/debian trixie InRelease
2025-08-19T21:39:30.2367554Z #66 0.163 Get:2 http://deb.debian.org/debian trixie-updates InRelease [47.1 kB]
2025-08-19T21:39:30.2368372Z #66 0.164 Get:3 http://deb.debian.org/debian-security trixie-security InRelease [43.4 kB]
2025-08-19T21:39:30.2369266Z #66 0.178 Get:4 http://deb.debian.org/debian trixie/main amd64 Packages [9668 kB]
2025-08-19T21:39:30.2370066Z #66 0.234 Get:5 http://deb.debian.org/debian trixie-updates/main amd64 Packages [2432 B]
2025-08-19T21:39:30.3877737Z #66 0.234 Get:6 http://deb.debian.org/debian-security trixie-security/main amd64 Packages [11.6 kB]
2025-08-19T21:39:31.0092793Z #66 0.856 Fetched 9772 kB in 1s (13.5 MB/s)
2025-08-19T21:39:31.4746174Z #66 0.856 Reading package lists...
2025-08-19T21:39:31.4746714Z #66 1.313 + apt-get install -y --no-install-recommends tzdata
2025-08-19T21:39:31.8607102Z #66 1.321 Reading package lists...
2025-08-19T21:39:31.8607678Z #66 1.755 Building dependency tree...
2025-08-19T21:39:31.8608128Z #66 1.858 Reading state information...
2025-08-19T21:39:32.1820097Z #66 1.993 tzdata is already the newest version (2025b-4).
2025-08-19T21:39:32.1820797Z #66 1.993 0 upgraded, 0 newly installed, 0 to remove and 0 not upgraded.
2025-08-19T21:39:32.1825145Z #66 1.994 + rm -rf /var/lib/apt/lists/auxfiles /var/lib/apt/lists/deb.debian.org_debian-security_dists_trixie-security_InRelease /var/lib/apt/lists/deb.debian.org_debian-security_dists_trixie-security_main_binary-amd64_Packages.lz4 /var/lib/apt/lists/deb.debian.org_debian_dists_trixie-updates_InRelease /var/lib/apt/lists/deb.debian.org_debian_dists_trixie-updates_main_binary-amd64_Packages.lz4 /var/lib/apt/lists/deb.debian.org_debian_dists_trixie_InRelease /var/lib/apt/lists/deb.debian.org_debian_dists_trixie_main_binary-amd64_Packages.lz4 /var/lib/apt/lists/lock /var/lib/apt/lists/partial
2025-08-19T21:39:32.1828899Z #66 DONE 2.0s
2025-08-19T21:39:32.1829085Z 
2025-08-19T21:39:32.1829439Z #67 [etl stage-1 6/9] COPY services/etl/wait-for-it.sh /usr/local/bin/wait-for-it.sh
2025-08-19T21:39:32.1830053Z #67 DONE 0.1s
2025-08-19T21:39:32.1830224Z 
2025-08-19T21:39:32.1830453Z #68 [etl stage-1 7/9] RUN chmod +x /usr/local/bin/wait-for-it.sh
2025-08-19T21:39:32.3338110Z #68 DONE 0.1s
2025-08-19T21:39:32.3338652Z 
2025-08-19T21:39:32.3339133Z #69 [celery_worker stage-1 8/9] COPY services/etl/entrypoint.sh /app/entrypoint.sh
2025-08-19T21:39:32.3342537Z #69 DONE 0.0s
2025-08-19T21:39:32.3342741Z 
2025-08-19T21:39:32.3342944Z #70 [etl stage-1 9/9] RUN chmod +x /app/entrypoint.sh
2025-08-19T21:39:32.4860061Z #70 DONE 0.1s
2025-08-19T21:39:32.4860686Z 
2025-08-19T21:39:32.4861075Z #71 [celery_worker] exporting to image
2025-08-19T21:39:32.4861842Z #71 exporting layers
2025-08-19T21:39:35.4270207Z #71 exporting layers 3.1s done
2025-08-19T21:39:35.4635567Z #71 writing image sha256:dab8d16ae0a62b8e407d76bb16be53091104a50f502f961dadee1a78a1e05187 done
2025-08-19T21:39:35.4636425Z #71 naming to docker.io/library/awa-app-celery_worker done
2025-08-19T21:39:35.4636892Z #71 DONE 3.1s
2025-08-19T21:39:35.4637074Z 
2025-08-19T21:39:35.4637189Z #72 [etl] exporting to image
2025-08-19T21:39:35.4637506Z #72 exporting layers 3.1s done
2025-08-19T21:39:35.4638078Z #72 writing image sha256:dab8d16ae0a62b8e407d76bb16be53091104a50f502f961dadee1a78a1e05187 done
2025-08-19T21:39:35.4638826Z #72 naming to docker.io/library/awa-app-etl done
2025-08-19T21:39:35.4639250Z #72 DONE 3.1s
2025-08-19T21:39:35.4639413Z 
2025-08-19T21:39:35.4639629Z #73 [celery_worker] resolving provenance for metadata file
2025-08-19T21:39:35.4640094Z #73 DONE 0.0s
2025-08-19T21:39:35.4640279Z 
2025-08-19T21:39:35.4640450Z #74 [etl] resolving provenance for metadata file
2025-08-19T21:39:35.4641143Z #74 DONE 0.0s
2025-08-19T21:39:35.4641414Z  etl  Built
2025-08-19T21:39:35.4641676Z  celery_worker  Built
2025-08-19T21:39:35.4641973Z  api  Built
2025-08-19T21:39:35.4642224Z  fees_h10  Built
2025-08-19T21:39:35.4642498Z  postgres  Built
2025-08-19T21:39:35.4706843Z ##[group]Run export COMPOSE_DOCKER_CLI_BUILD=1 DOCKER_BUILDKIT=1
2025-08-19T21:39:35.4707283Z [36;1mexport COMPOSE_DOCKER_CLI_BUILD=1 DOCKER_BUILDKIT=1[0m
2025-08-19T21:39:35.4707583Z [36;1mdocker compose \[0m
2025-08-19T21:39:35.4707804Z [36;1m  -f docker-compose.yml \[0m
2025-08-19T21:39:35.4708057Z [36;1m  -f docker-compose.ci.yml \[0m
2025-08-19T21:39:35.4708330Z [36;1m  -f docker-compose.postgres.yml \[0m
2025-08-19T21:39:35.4708575Z [36;1m  pull[0m
2025-08-19T21:39:35.4749566Z shell: /usr/bin/bash -e {0}
2025-08-19T21:39:35.4749784Z env:
2025-08-19T21:39:35.4750010Z   GITHUB_SHA: a8df8bab45d8006d78e11c2d4b27ab9fa8caadbe
2025-08-19T21:39:35.4750289Z ##[endgroup]
2025-08-19T21:39:35.5785033Z time="2025-08-19T21:39:35Z" level=warning msg="/home/runner/work/AWA-App/AWA-App/docker-compose.postgres.yml: the attribute `version` is obsolete, it will be ignored, please remove it to avoid potential confusion"
2025-08-19T21:39:35.5881162Z  etl Skipped - No image to be pulled 
2025-08-19T21:39:35.5885867Z  api Skipped - No image to be pulled 
2025-08-19T21:39:35.5886363Z  celery_worker Skipped - No image to be pulled 
2025-08-19T21:39:35.5886838Z  postgres Skipped - No image to be pulled 
2025-08-19T21:39:35.5887289Z  fees_h10 Skipped - No image to be pulled 
2025-08-19T21:39:35.5887652Z  minio Pulling 
2025-08-19T21:39:35.5887933Z  redis Pulling 
2025-08-19T21:39:35.8090517Z  0368fd46e3c6 Pulling fs layer 
2025-08-19T21:39:35.8091049Z  4c55286bbede Pulling fs layer 
2025-08-19T21:39:35.8091434Z  5e28347af205 Pulling fs layer 
2025-08-19T21:39:35.8091796Z  311eca34042e Pulling fs layer 
2025-08-19T21:39:35.8092160Z  e6fe6f07e192 Pulling fs layer 
2025-08-19T21:39:35.8092509Z  a2cadbfeca72 Pulling fs layer 
2025-08-19T21:39:35.8092900Z  4f4fb700ef54 Pulling fs layer 
2025-08-19T21:39:35.8093254Z  a976ed7e7808 Pulling fs layer 
2025-08-19T21:39:35.8093594Z  a2cadbfeca72 Waiting 
2025-08-19T21:39:35.8093902Z  311eca34042e Waiting 
2025-08-19T21:39:35.8094376Z  4f4fb700ef54 Waiting 
2025-08-19T21:39:35.8094672Z  e6fe6f07e192 Waiting 
2025-08-19T21:39:35.8094954Z  a976ed7e7808 Waiting 
2025-08-19T21:39:35.8156428Z  dd15713b0f22 Pulling fs layer 
2025-08-19T21:39:35.8157724Z  fd312a3c94fc Pulling fs layer 
2025-08-19T21:39:35.8158109Z  02e05d20c69e Pulling fs layer 
2025-08-19T21:39:35.8158468Z  1f08d9fb7d7d Pulling fs layer 
2025-08-19T21:39:35.8158817Z  b452b5fb7338 Pulling fs layer 
2025-08-19T21:39:35.8159180Z  e14ab7c7ae26 Pulling fs layer 
2025-08-19T21:39:35.8159519Z  3bf7f4428838 Pulling fs layer 
2025-08-19T21:39:35.8159863Z  adc9ba906e83 Pulling fs layer 
2025-08-19T21:39:35.8160227Z  1611ffcaf8be Pulling fs layer 
2025-08-19T21:39:35.8160563Z  02e05d20c69e Waiting 
2025-08-19T21:39:35.8160875Z  1f08d9fb7d7d Waiting 
2025-08-19T21:39:35.8161184Z  b452b5fb7338 Waiting 
2025-08-19T21:39:35.8161464Z  e14ab7c7ae26 Waiting 
2025-08-19T21:39:35.8161765Z  3bf7f4428838 Waiting 
2025-08-19T21:39:35.8162045Z  adc9ba906e83 Waiting 
2025-08-19T21:39:35.8162335Z  1611ffcaf8be Waiting 
2025-08-19T21:39:35.8162653Z  dd15713b0f22 Waiting 
2025-08-19T21:39:35.8163006Z  fd312a3c94fc Waiting 
2025-08-19T21:39:35.8617367Z  0368fd46e3c6 Downloading [>                                                  ]  37.02kB/3.638MB
2025-08-19T21:39:35.8826184Z  5e28347af205 Downloading [>                                                  ]  2.301kB/173.2kB
2025-08-19T21:39:35.8831761Z  4c55286bbede Downloading [=================================================> ]     935B/950B
2025-08-19T21:39:35.8832578Z  4c55286bbede Downloading [==================================================>]     950B/950B
2025-08-19T21:39:35.8836200Z  4c55286bbede Download complete 
2025-08-19T21:39:35.8862807Z  5e28347af205 Downloading [==================================================>]  173.2kB/173.2kB
2025-08-19T21:39:35.8869546Z  5e28347af205 Verifying Checksum 
2025-08-19T21:39:35.8869962Z  5e28347af205 Download complete 
2025-08-19T21:39:35.8883731Z  0368fd46e3c6 Verifying Checksum 
2025-08-19T21:39:35.8885079Z  0368fd46e3c6 Download complete 
2025-08-19T21:39:35.8891214Z  0368fd46e3c6 Extracting [>                                                  ]  65.54kB/3.638MB
2025-08-19T21:39:35.9439901Z  311eca34042e Downloading [>                                                  ]  10.51kB/1.003MB
2025-08-19T21:39:35.9507140Z  a2cadbfeca72 Downloading [==================================================>]      99B/99B
2025-08-19T21:39:35.9517722Z  a2cadbfeca72 Verifying Checksum 
2025-08-19T21:39:35.9519101Z  a2cadbfeca72 Download complete 
2025-08-19T21:39:35.9522365Z  311eca34042e Verifying Checksum 
2025-08-19T21:39:35.9523083Z  311eca34042e Download complete 
2025-08-19T21:39:35.9903327Z  0368fd46e3c6 Extracting [==================================================>]  3.638MB/3.638MB
2025-08-19T21:39:35.9909354Z  e6fe6f07e192 Downloading [>                                                  ]  127.9kB/12.41MB
2025-08-19T21:39:36.0079957Z  a976ed7e7808 Downloading [==================================================>]     574B/574B
2025-08-19T21:39:36.0081277Z  a976ed7e7808 Verifying Checksum 
2025-08-19T21:39:36.0082220Z  a976ed7e7808 Download complete 
2025-08-19T21:39:36.0087923Z  4f4fb700ef54 Downloading [==================================================>]      32B/32B
2025-08-19T21:39:36.0088853Z  4f4fb700ef54 Verifying Checksum 
2025-08-19T21:39:36.0092591Z  4f4fb700ef54 Download complete 
2025-08-19T21:39:36.0160131Z  0368fd46e3c6 Pull complete 
2025-08-19T21:39:36.0174519Z  4c55286bbede Extracting [==================================================>]     950B/950B
2025-08-19T21:39:36.0181150Z  4c55286bbede Extracting [==================================================>]     950B/950B
2025-08-19T21:39:36.0383531Z  4c55286bbede Pull complete 
2025-08-19T21:39:36.0393683Z  5e28347af205 Extracting [=========>                                         ]  32.77kB/173.2kB
2025-08-19T21:39:36.0443447Z  5e28347af205 Extracting [==================================================>]  173.2kB/173.2kB
2025-08-19T21:39:36.0637799Z  5e28347af205 Extracting [==================================================>]  173.2kB/173.2kB
2025-08-19T21:39:36.0752225Z  fd312a3c94fc Downloading [>                                                  ]  17.36kB/1.637MB
2025-08-19T21:39:36.0876312Z  dd15713b0f22 Downloading [>                                                  ]  76.58kB/7.24MB
2025-08-19T21:39:36.0911690Z  e6fe6f07e192 Downloading [==============================================>    ]  11.64MB/12.41MB
2025-08-19T21:39:36.0942370Z  e6fe6f07e192 Download complete 
2025-08-19T21:39:36.1099496Z  fd312a3c94fc Verifying Checksum 
2025-08-19T21:39:36.1100685Z  fd312a3c94fc Download complete 
2025-08-19T21:39:36.1523739Z  02e05d20c69e Downloading [>                                                  ]  2.301kB/122.7kB
2025-08-19T21:39:36.1543549Z  02e05d20c69e Downloading [==================================================>]  122.7kB/122.7kB
2025-08-19T21:39:36.1544498Z  02e05d20c69e Verifying Checksum 
2025-08-19T21:39:36.1544913Z  02e05d20c69e Download complete 
2025-08-19T21:39:36.1659892Z  dd15713b0f22 Verifying Checksum 
2025-08-19T21:39:36.1660352Z  dd15713b0f22 Download complete 
2025-08-19T21:39:36.1667293Z  dd15713b0f22 Extracting [>                                                  ]   98.3kB/7.24MB
2025-08-19T21:39:36.1819567Z  1f08d9fb7d7d Downloading [>                                                  ]  400.8kB/39.39MB
2025-08-19T21:39:36.1930832Z  5e28347af205 Pull complete 
2025-08-19T21:39:36.1943016Z  311eca34042e Extracting [=>                                                 ]  32.77kB/1.003MB
2025-08-19T21:39:36.2151743Z  311eca34042e Extracting [==================================================>]  1.003MB/1.003MB
2025-08-19T21:39:36.2158006Z  311eca34042e Extracting [==================================================>]  1.003MB/1.003MB
2025-08-19T21:39:36.2201320Z  b452b5fb7338 Downloading [>                                                  ]  114.7kB/11.19MB
2025-08-19T21:39:36.2235703Z  e14ab7c7ae26 Downloading [>                                                  ]  24.72kB/2.402MB
2025-08-19T21:39:36.2299168Z  311eca34042e Pull complete 
2025-08-19T21:39:36.2341930Z  e6fe6f07e192 Extracting [>                                                  ]  131.1kB/12.41MB
2025-08-19T21:39:36.2407552Z  e14ab7c7ae26 Verifying Checksum 
2025-08-19T21:39:36.2408211Z  e14ab7c7ae26 Download complete 
2025-08-19T21:39:36.2827072Z  dd15713b0f22 Extracting [==============>                                    ]  2.064MB/7.24MB
2025-08-19T21:39:36.2909078Z  1f08d9fb7d7d Downloading [==========>                                        ]  8.047MB/39.39MB
2025-08-19T21:39:36.3225222Z  b452b5fb7338 Downloading [=========================================>         ]  9.337MB/11.19MB
2025-08-19T21:39:36.3325205Z  3bf7f4428838 Downloading [>                                                  ]  2.301kB/180.3kB
2025-08-19T21:39:36.3350182Z  e6fe6f07e192 Extracting [===================>                               ]  4.719MB/12.41MB
2025-08-19T21:39:36.3363564Z  3bf7f4428838 Download complete 
2025-08-19T21:39:36.3692338Z  b452b5fb7338 Verifying Checksum 
2025-08-19T21:39:36.3693082Z  b452b5fb7338 Download complete 
2025-08-19T21:39:36.3828046Z  dd15713b0f22 Extracting [==========================================>        ]  6.095MB/7.24MB
2025-08-19T21:39:36.3846659Z  adc9ba906e83 Downloading [===>                                               ]     932B/11.88kB
2025-08-19T21:39:36.3849907Z  adc9ba906e83 Downloading [==================================================>]  11.88kB/11.88kB
2025-08-19T21:39:36.3851761Z  adc9ba906e83 Verifying Checksum 
2025-08-19T21:39:36.3855819Z  adc9ba906e83 Download complete 
2025-08-19T21:39:36.4064836Z  1f08d9fb7d7d Downloading [=============>                                     ]  10.87MB/39.39MB
2025-08-19T21:39:36.4359757Z  e6fe6f07e192 Extracting [===============================================>   ]   11.8MB/12.41MB
2025-08-19T21:39:36.4446036Z  e6fe6f07e192 Extracting [==================================================>]  12.41MB/12.41MB
2025-08-19T21:39:36.4510649Z  1611ffcaf8be Downloading [==================================================>]     498B/498B
2025-08-19T21:39:36.4511554Z  1611ffcaf8be Verifying Checksum 
2025-08-19T21:39:36.4517196Z  1611ffcaf8be Download complete 
2025-08-19T21:39:36.4799073Z  e6fe6f07e192 Pull complete 
2025-08-19T21:39:36.4812107Z  a2cadbfeca72 Extracting [==================================================>]      99B/99B
2025-08-19T21:39:36.4819375Z  a2cadbfeca72 Extracting [==================================================>]      99B/99B
2025-08-19T21:39:36.4841848Z  dd15713b0f22 Extracting [================================================>  ]  7.078MB/7.24MB
2025-08-19T21:39:36.4906266Z  dd15713b0f22 Extracting [==================================================>]   7.24MB/7.24MB
2025-08-19T21:39:36.4935999Z  a2cadbfeca72 Pull complete 
2025-08-19T21:39:36.4947241Z  4f4fb700ef54 Extracting [==================================================>]      32B/32B
2025-08-19T21:39:36.4953525Z  4f4fb700ef54 Extracting [==================================================>]      32B/32B
2025-08-19T21:39:36.5024738Z  dd15713b0f22 Pull complete 
2025-08-19T21:39:36.5038162Z  fd312a3c94fc Extracting [=>                                                 ]  32.77kB/1.637MB
2025-08-19T21:39:36.5072304Z  4f4fb700ef54 Pull complete 
2025-08-19T21:39:36.5110240Z  a976ed7e7808 Extracting [==================================================>]     574B/574B
2025-08-19T21:39:36.5112049Z  a976ed7e7808 Extracting [==================================================>]     574B/574B
2025-08-19T21:39:36.5155688Z  1f08d9fb7d7d Downloading [========================>                          ]  19.34MB/39.39MB
2025-08-19T21:39:36.5212275Z  a976ed7e7808 Pull complete 
2025-08-19T21:39:36.5280587Z  redis Pulled 
2025-08-19T21:39:36.5421847Z  fd312a3c94fc Extracting [==================================================>]  1.637MB/1.637MB
2025-08-19T21:39:36.5446694Z  fd312a3c94fc Extracting [==================================================>]  1.637MB/1.637MB
2025-08-19T21:39:36.5809726Z  fd312a3c94fc Pull complete 
2025-08-19T21:39:36.5820308Z  02e05d20c69e Extracting [=============>                                     ]  32.77kB/122.7kB
2025-08-19T21:39:36.5830078Z  02e05d20c69e Extracting [==================================================>]  122.7kB/122.7kB
2025-08-19T21:39:36.5909939Z  02e05d20c69e Pull complete 
2025-08-19T21:39:36.6220727Z  1f08d9fb7d7d Downloading [================================>                  ]  25.37MB/39.39MB
2025-08-19T21:39:36.7272749Z  1f08d9fb7d7d Downloading [====================================>              ]  28.61MB/39.39MB
2025-08-19T21:39:36.8293593Z  1f08d9fb7d7d Downloading [=========================================>         ]  32.65MB/39.39MB
2025-08-19T21:39:36.9381428Z  1f08d9fb7d7d Downloading [=================================================> ]  38.71MB/39.39MB
2025-08-19T21:39:36.9592992Z  1f08d9fb7d7d Verifying Checksum 
2025-08-19T21:39:36.9593498Z  1f08d9fb7d7d Download complete 
2025-08-19T21:39:36.9659184Z  1f08d9fb7d7d Extracting [>                                                  ]    426kB/39.39MB
2025-08-19T21:39:37.0692551Z  1f08d9fb7d7d Extracting [===========>                                       ]  8.946MB/39.39MB
2025-08-19T21:39:37.1700333Z  1f08d9fb7d7d Extracting [=====================>                             ]  16.61MB/39.39MB
2025-08-19T21:39:37.2701925Z  1f08d9fb7d7d Extracting [=====================================>             ]  29.39MB/39.39MB
2025-08-19T21:39:37.3723166Z  1f08d9fb7d7d Extracting [===============================================>   ]  37.49MB/39.39MB
2025-08-19T21:39:37.3968981Z  1f08d9fb7d7d Extracting [==================================================>]  39.39MB/39.39MB
2025-08-19T21:39:37.4348798Z  1f08d9fb7d7d Pull complete 
2025-08-19T21:39:37.4369460Z  b452b5fb7338 Extracting [>                                                  ]  131.1kB/11.19MB
2025-08-19T21:39:37.5378919Z  b452b5fb7338 Extracting [====================================>              ]  8.126MB/11.19MB
2025-08-19T21:39:37.5679063Z  b452b5fb7338 Extracting [==================================================>]  11.19MB/11.19MB
2025-08-19T21:39:37.5826619Z  b452b5fb7338 Pull complete 
2025-08-19T21:39:37.5837846Z  e14ab7c7ae26 Extracting [>                                                  ]  32.77kB/2.402MB
2025-08-19T21:39:37.6105604Z  e14ab7c7ae26 Extracting [==================================================>]  2.402MB/2.402MB
2025-08-19T21:39:37.6181991Z  e14ab7c7ae26 Pull complete 
2025-08-19T21:39:37.6192878Z  3bf7f4428838 Extracting [=========>                                         ]  32.77kB/180.3kB
2025-08-19T21:39:37.6243048Z  3bf7f4428838 Extracting [==================================================>]  180.3kB/180.3kB
2025-08-19T21:39:37.6255534Z  3bf7f4428838 Extracting [==================================================>]  180.3kB/180.3kB
2025-08-19T21:39:37.6332405Z  3bf7f4428838 Pull complete 
2025-08-19T21:39:37.6343603Z  adc9ba906e83 Extracting [==================================================>]  11.88kB/11.88kB
2025-08-19T21:39:37.6346819Z  adc9ba906e83 Extracting [==================================================>]  11.88kB/11.88kB
2025-08-19T21:39:37.6413528Z  adc9ba906e83 Pull complete 
2025-08-19T21:39:37.6423354Z  1611ffcaf8be Extracting [==================================================>]     498B/498B
2025-08-19T21:39:37.6426914Z  1611ffcaf8be Extracting [==================================================>]     498B/498B
2025-08-19T21:39:37.6494959Z  1611ffcaf8be Pull complete 
2025-08-19T21:39:37.6548488Z  minio Pulled 
2025-08-19T21:39:37.6623511Z ##[group]Run export COMPOSE_DOCKER_CLI_BUILD=1 DOCKER_BUILDKIT=1
2025-08-19T21:39:37.6623953Z [36;1mexport COMPOSE_DOCKER_CLI_BUILD=1 DOCKER_BUILDKIT=1[0m
2025-08-19T21:39:37.6624490Z [36;1mdocker compose \[0m
2025-08-19T21:39:37.6624922Z [36;1m  -f docker-compose.yml \[0m
2025-08-19T21:39:37.6625170Z [36;1m  -f docker-compose.ci.yml \[0m
2025-08-19T21:39:37.6625434Z [36;1m  -f docker-compose.postgres.yml \[0m
2025-08-19T21:39:37.6625725Z [36;1m  up -d --wait --no-build --pull always[0m
2025-08-19T21:39:37.6667606Z shell: /usr/bin/bash -e {0}
2025-08-19T21:39:37.6667831Z env:
2025-08-19T21:39:37.6668049Z   GITHUB_SHA: a8df8bab45d8006d78e11c2d4b27ab9fa8caadbe
2025-08-19T21:39:37.6668331Z ##[endgroup]
2025-08-19T21:39:37.7594817Z time="2025-08-19T21:39:37Z" level=warning msg="/home/runner/work/AWA-App/AWA-App/docker-compose.postgres.yml: the attribute `version` is obsolete, it will be ignored, please remove it to avoid potential confusion"
2025-08-19T21:39:37.7761634Z  minio Pulling 
2025-08-19T21:39:37.7762911Z  redis Pulling 
2025-08-19T21:39:37.8869913Z  minio Pulled 
2025-08-19T21:39:37.8987940Z  redis Pulled 
2025-08-19T21:39:37.9006620Z  Network awa-app_awa-net  Creating
2025-08-19T21:39:37.9371336Z  Network awa-app_awa-net  Created
2025-08-19T21:39:37.9424432Z  Volume "awa-app_awa-data"  Creating
2025-08-19T21:39:37.9439359Z  Volume "awa-app_awa-data"  Created
2025-08-19T21:39:37.9443237Z  Volume "awa-app_awa-pgdata"  Creating
2025-08-19T21:39:37.9452363Z  Volume "awa-app_awa-pgdata"  Created
2025-08-19T21:39:37.9456426Z  Volume "awa-app_miniodata"  Creating
2025-08-19T21:39:37.9463735Z  Volume "awa-app_miniodata"  Created
2025-08-19T21:39:37.9468842Z  Container awa-app-redis-1  Creating
2025-08-19T21:39:37.9470434Z  Container awa-app-postgres-1  Creating
2025-08-19T21:39:37.9471854Z  Container awa-app-minio-1  Creating
2025-08-19T21:39:37.9770446Z  Container awa-app-redis-1  Created
2025-08-19T21:39:37.9771328Z  Container awa-app-postgres-1  Created
2025-08-19T21:39:37.9772156Z  Container awa-app-minio-1  Created
2025-08-19T21:39:37.9773382Z  Container awa-app-celery_worker-1  Creating
2025-08-19T21:39:37.9775600Z  Container awa-app-etl-1  Creating
2025-08-19T21:39:37.9776024Z  Container awa-app-api-1  Creating
2025-08-19T21:39:37.9776459Z  Container awa-app-fees_h10-1  Creating
2025-08-19T21:39:37.9962825Z  Container awa-app-etl-1  Created
2025-08-19T21:39:37.9994972Z  Container awa-app-celery_worker-1  Created
2025-08-19T21:39:37.9997935Z  Container awa-app-fees_h10-1  Created
2025-08-19T21:39:38.0015661Z  Container awa-app-api-1  Created
2025-08-19T21:39:38.0035801Z  Container awa-app-minio-1  Starting
2025-08-19T21:39:38.0036650Z  Container awa-app-postgres-1  Starting
2025-08-19T21:39:38.0037336Z  Container awa-app-redis-1  Starting
2025-08-19T21:39:38.3174559Z  Container awa-app-redis-1  Started
2025-08-19T21:39:38.3180597Z  Container awa-app-postgres-1  Started
2025-08-19T21:39:38.3181353Z  Container awa-app-postgres-1  Waiting
2025-08-19T21:39:38.3181881Z  Container awa-app-redis-1  Waiting
2025-08-19T21:39:38.3182486Z  Container awa-app-postgres-1  Waiting
2025-08-19T21:39:38.3182900Z  Container awa-app-postgres-1  Waiting
2025-08-19T21:39:38.3309311Z  Container awa-app-minio-1  Started
2025-08-19T21:39:38.3310802Z  Container awa-app-postgres-1  Waiting
2025-08-19T21:39:43.8191567Z  Container awa-app-redis-1  Healthy
2025-08-19T21:39:43.8192074Z  Container awa-app-postgres-1  Healthy
2025-08-19T21:39:43.8192557Z  Container awa-app-api-1  Starting
2025-08-19T21:39:43.8196307Z  Container awa-app-postgres-1  Healthy
2025-08-19T21:39:43.8198154Z  Container awa-app-fees_h10-1  Starting
2025-08-19T21:39:43.8199183Z  Container awa-app-postgres-1  Healthy
2025-08-19T21:39:43.8199963Z  Container awa-app-celery_worker-1  Starting
2025-08-19T21:39:43.8337591Z  Container awa-app-postgres-1  Healthy
2025-08-19T21:39:43.8338434Z  Container awa-app-etl-1  Starting
2025-08-19T21:39:44.0031054Z  Container awa-app-celery_worker-1  Started
2025-08-19T21:39:44.0142876Z  Container awa-app-etl-1  Started
2025-08-19T21:39:44.0289269Z  Container awa-app-fees_h10-1  Started
2025-08-19T21:39:44.0425895Z  Container awa-app-api-1  Started
2025-08-19T21:39:44.0426389Z  Container awa-app-fees_h10-1  Waiting
2025-08-19T21:39:44.0427168Z  Container awa-app-postgres-1  Waiting
2025-08-19T21:39:44.0427564Z  Container awa-app-etl-1  Waiting
2025-08-19T21:39:44.0427969Z  Container awa-app-redis-1  Waiting
2025-08-19T21:39:44.0428369Z  Container awa-app-api-1  Waiting
2025-08-19T21:39:44.0428754Z  Container awa-app-minio-1  Waiting
2025-08-19T21:39:44.0429184Z  Container awa-app-celery_worker-1  Waiting
2025-08-19T21:39:44.5450590Z  Container awa-app-postgres-1  Healthy
2025-08-19T21:39:44.5463766Z  Container awa-app-minio-1  Healthy
2025-08-19T21:39:44.5468567Z  Container awa-app-redis-1  Healthy
2025-08-19T21:39:49.5439302Z  Container awa-app-api-1  Healthy
2025-08-19T21:40:14.5436479Z  Container awa-app-etl-1  Healthy
2025-08-19T21:40:14.5436951Z  Container awa-app-fees_h10-1  Healthy
2025-08-19T21:40:14.5437420Z  Container awa-app-celery_worker-1  Healthy
2025-08-19T21:40:14.5551140Z ##[group]Run for i in {1..60}; do pg_isready -h localhost -p 5432 && break; sleep 1; done
2025-08-19T21:40:14.5551667Z [36;1mfor i in {1..60}; do pg_isready -h localhost -p 5432 && break; sleep 1; done[0m
2025-08-19T21:40:14.5592261Z shell: /usr/bin/bash -e {0}
2025-08-19T21:40:14.5592479Z env:
2025-08-19T21:40:14.5592698Z   GITHUB_SHA: a8df8bab45d8006d78e11c2d4b27ab9fa8caadbe
2025-08-19T21:40:14.5592970Z ##[endgroup]
2025-08-19T21:40:14.6387171Z localhost:5432 - accepting connections
2025-08-19T21:40:14.6423204Z ##[group]Run [ "$(psql -U postgres -h localhost -tAc "select 1 from pg_database where datname='awa'")" = '1' ] || psql -U postgres -h localhost -c "create database awa"
2025-08-19T21:40:14.6424394Z [36;1m[ "$(psql -U postgres -h localhost -tAc "select 1 from pg_database where datname='awa'")" = '1' ] || psql -U postgres -h localhost -c "create database awa"[0m
2025-08-19T21:40:14.6461768Z shell: /usr/bin/bash -e {0}
2025-08-19T21:40:14.6461990Z env:
2025-08-19T21:40:14.6462201Z   GITHUB_SHA: a8df8bab45d8006d78e11c2d4b27ab9fa8caadbe
2025-08-19T21:40:14.6462489Z   PGPASSWORD: pass
2025-08-19T21:40:14.6462675Z ##[endgroup]
2025-08-19T21:40:14.7322024Z ##[group]Run docker compose \
2025-08-19T21:40:14.7322305Z [36;1mdocker compose \[0m
2025-08-19T21:40:14.7322526Z [36;1m  -f docker-compose.yml \[0m
2025-08-19T21:40:14.7322768Z [36;1m  -f docker-compose.ci.yml \[0m
2025-08-19T21:40:14.7323034Z [36;1m  -f docker-compose.postgres.yml \[0m
2025-08-19T21:40:14.7323287Z [36;1m  config | grep image:[0m
2025-08-19T21:40:14.7363127Z shell: /usr/bin/bash -e {0}
2025-08-19T21:40:14.7363354Z env:
2025-08-19T21:40:14.7363563Z   GITHUB_SHA: a8df8bab45d8006d78e11c2d4b27ab9fa8caadbe
2025-08-19T21:40:14.7363834Z ##[endgroup]
2025-08-19T21:40:14.8276467Z time="2025-08-19T21:40:14Z" level=warning msg="/home/runner/work/AWA-App/AWA-App/docker-compose.postgres.yml: the attribute `version` is obsolete, it will be ignored, please remove it to avoid potential confusion"
2025-08-19T21:40:14.8390673Z     image: minio/minio
2025-08-19T21:40:14.8391037Z     image: redis:7-alpine
2025-08-19T21:40:14.8419662Z ##[group]Run export COMPOSE_DOCKER_CLI_BUILD=1 DOCKER_BUILDKIT=1
2025-08-19T21:40:14.8420096Z [36;1mexport COMPOSE_DOCKER_CLI_BUILD=1 DOCKER_BUILDKIT=1[0m
2025-08-19T21:40:14.8420401Z [36;1mdocker compose ps[0m
2025-08-19T21:40:14.8461627Z shell: /usr/bin/bash -e {0}
2025-08-19T21:40:14.8461852Z env:
2025-08-19T21:40:14.8462069Z   GITHUB_SHA: a8df8bab45d8006d78e11c2d4b27ab9fa8caadbe
2025-08-19T21:40:14.8462341Z ##[endgroup]
2025-08-19T21:40:14.9314633Z NAME                      IMAGE                   COMMAND                  SERVICE         CREATED          STATUS                    PORTS
2025-08-19T21:40:14.9321024Z awa-app-api-1             awa-app-api             "bash /app/entrypoin…"   api             37 seconds ago   Up 31 seconds (healthy)   0.0.0.0:8000->8000/tcp, [::]:8000->8000/tcp
2025-08-19T21:40:14.9321991Z awa-app-celery_worker-1   awa-app-celery_worker   "/bin/bash /app/entr…"   celery_worker   37 seconds ago   Up 31 seconds (healthy)   
2025-08-19T21:40:14.9322835Z awa-app-etl-1             awa-app-etl             "/bin/bash /app/entr…"   etl             37 seconds ago   Up 31 seconds (healthy)   
2025-08-19T21:40:14.9323886Z awa-app-fees_h10-1        awa-app-fees_h10        "./start.sh celery -…"   fees_h10        37 seconds ago   Up 31 seconds (healthy)   
2025-08-19T21:40:14.9325208Z awa-app-minio-1           minio/minio             "/usr/bin/docker-ent…"   minio           37 seconds ago   Up 36 seconds             0.0.0.0:9000-9001->9000-9001/tcp, [::]:9000-9001->9000-9001/tcp
2025-08-19T21:40:14.9326282Z awa-app-postgres-1        awa-app-postgres        "docker-entrypoint.s…"   postgres        37 seconds ago   Up 36 seconds (healthy)   0.0.0.0:5432->5432/tcp, [::]:5432->5432/tcp
2025-08-19T21:40:14.9327323Z awa-app-redis-1           redis:7-alpine          "docker-entrypoint.s…"   redis           37 seconds ago   Up 36 seconds (healthy)   0.0.0.0:6379->6379/tcp, [::]:6379->6379/tcp
2025-08-19T21:40:14.9432172Z Post job cleanup.
2025-08-19T21:40:15.0351397Z [command]/usr/bin/git version
2025-08-19T21:40:15.0386086Z git version 2.50.1
2025-08-19T21:40:15.0427854Z Temporarily overriding HOME='/home/runner/work/_temp/49325eca-fb95-458e-8d50-814569d9e2b9' before making global git config changes
2025-08-19T21:40:15.0428750Z Adding repository directory to the temporary git global config as a safe directory
2025-08-19T21:40:15.0440167Z [command]/usr/bin/git config --global --add safe.directory /home/runner/work/AWA-App/AWA-App
2025-08-19T21:40:15.0473473Z [command]/usr/bin/git config --local --name-only --get-regexp core\.sshCommand
2025-08-19T21:40:15.0504479Z [command]/usr/bin/git submodule foreach --recursive sh -c "git config --local --name-only --get-regexp 'core\.sshCommand' && git config --local --unset-all 'core.sshCommand' || :"
2025-08-19T21:40:15.0729142Z [command]/usr/bin/git config --local --name-only --get-regexp http\.https\:\/\/github\.com\/\.extraheader
2025-08-19T21:40:15.0751759Z http.https://github.com/.extraheader
2025-08-19T21:40:15.0764601Z [command]/usr/bin/git config --local --unset-all http.https://github.com/.extraheader
2025-08-19T21:40:15.0796778Z [command]/usr/bin/git submodule foreach --recursive sh -c "git config --local --name-only --get-regexp 'http\.https\:\/\/github\.com\/\.extraheader' && git config --local --unset-all 'http.https://github.com/.extraheader' || :"
2025-08-19T21:40:15.1155491Z Cleaning up orphan processes
