2025-08-16T23:53:02.8898200Z Current runner version: '2.327.1'
2025-08-16T23:53:02.8932639Z ##[group]Runner Image Provisioner
2025-08-16T23:53:02.8933865Z Hosted Compute Agent
2025-08-16T23:53:02.8934907Z Version: 20250812.370
2025-08-16T23:53:02.8936164Z Commit: 4a2b2bf7520004e3e907c2150c8cabe342a3da32
2025-08-16T23:53:02.8937562Z Build Date: 2025-08-12T16:08:14Z
2025-08-16T23:53:02.8938568Z ##[endgroup]
2025-08-16T23:53:02.8939524Z ##[group]Operating System
2025-08-16T23:53:02.8940522Z Ubuntu
2025-08-16T23:53:02.8941388Z 24.04.2
2025-08-16T23:53:02.8942344Z LTS
2025-08-16T23:53:02.8943190Z ##[endgroup]
2025-08-16T23:53:02.8944141Z ##[group]Runner Image
2025-08-16T23:53:02.8945288Z Image: ubuntu-24.04
2025-08-16T23:53:02.8946134Z Version: 20250810.1.0
2025-08-16T23:53:02.8948179Z Included Software: https://github.com/actions/runner-images/blob/ubuntu24/20250810.1/images/ubuntu/Ubuntu2404-Readme.md
2025-08-16T23:53:02.8950886Z Image Release: https://github.com/actions/runner-images/releases/tag/ubuntu24%2F20250810.1
2025-08-16T23:53:02.8952541Z ##[endgroup]
2025-08-16T23:53:02.8957190Z ##[group]GITHUB_TOKEN Permissions
2025-08-16T23:53:02.8960299Z Actions: write
2025-08-16T23:53:02.8961384Z Attestations: write
2025-08-16T23:53:02.8962319Z Checks: write
2025-08-16T23:53:02.8963281Z Contents: write
2025-08-16T23:53:02.8964594Z Deployments: write
2025-08-16T23:53:02.8965614Z Discussions: write
2025-08-16T23:53:02.8966934Z Issues: write
2025-08-16T23:53:02.8967875Z Metadata: read
2025-08-16T23:53:02.8968886Z Models: read
2025-08-16T23:53:02.8969732Z Packages: write
2025-08-16T23:53:02.8970726Z Pages: write
2025-08-16T23:53:02.8971636Z PullRequests: write
2025-08-16T23:53:02.8972729Z RepositoryProjects: write
2025-08-16T23:53:02.8974454Z SecurityEvents: write
2025-08-16T23:53:02.8975567Z Statuses: write
2025-08-16T23:53:02.8976763Z ##[endgroup]
2025-08-16T23:53:02.8979701Z Secret source: Actions
2025-08-16T23:53:02.8981762Z Prepare workflow directory
2025-08-16T23:53:02.9330308Z Prepare all required actions
2025-08-16T23:53:02.9370180Z Getting action download info
2025-08-16T23:53:03.2376463Z Download action repository 'actions/checkout@v4' (SHA:08eba0b27e820071cde6df949e0beb9ba4906955)
2025-08-16T23:53:03.6858383Z Download action repository 'actions/upload-artifact@v4' (SHA:ea165f8d65b6e75b540449e92b4886f43607fa02)
2025-08-16T23:53:03.8725154Z Complete job name: compose-health
2025-08-16T23:53:03.9439376Z ##[group]Run actions/checkout@v4
2025-08-16T23:53:03.9440229Z with:
2025-08-16T23:53:03.9440664Z   repository: AlexBomber12/AWA-App
2025-08-16T23:53:03.9441351Z   token: ***
2025-08-16T23:53:03.9441752Z   ssh-strict: true
2025-08-16T23:53:03.9442171Z   ssh-user: git
2025-08-16T23:53:03.9442588Z   persist-credentials: true
2025-08-16T23:53:03.9443058Z   clean: true
2025-08-16T23:53:03.9443473Z   sparse-checkout-cone-mode: true
2025-08-16T23:53:03.9443971Z   fetch-depth: 1
2025-08-16T23:53:03.9444376Z   fetch-tags: false
2025-08-16T23:53:03.9444789Z   show-progress: true
2025-08-16T23:53:03.9445211Z   lfs: false
2025-08-16T23:53:03.9445594Z   submodules: false
2025-08-16T23:53:03.9446040Z   set-safe-directory: true
2025-08-16T23:53:03.9447011Z ##[endgroup]
2025-08-16T23:53:04.0580322Z Syncing repository: AlexBomber12/AWA-App
2025-08-16T23:53:04.0583178Z ##[group]Getting Git version info
2025-08-16T23:53:04.0584336Z Working directory is '/home/runner/work/AWA-App/AWA-App'
2025-08-16T23:53:04.0586115Z [command]/usr/bin/git version
2025-08-16T23:53:04.0608834Z git version 2.50.1
2025-08-16T23:53:04.0635765Z ##[endgroup]
2025-08-16T23:53:04.0650463Z Temporarily overriding HOME='/home/runner/work/_temp/02515eb1-a6a0-40e6-8f25-0d860082ea4e' before making global git config changes
2025-08-16T23:53:04.0652599Z Adding repository directory to the temporary git global config as a safe directory
2025-08-16T23:53:04.0663124Z [command]/usr/bin/git config --global --add safe.directory /home/runner/work/AWA-App/AWA-App
2025-08-16T23:53:04.0698130Z Deleting the contents of '/home/runner/work/AWA-App/AWA-App'
2025-08-16T23:53:04.0701990Z ##[group]Initializing the repository
2025-08-16T23:53:04.0706055Z [command]/usr/bin/git init /home/runner/work/AWA-App/AWA-App
2025-08-16T23:53:04.0761535Z hint: Using 'master' as the name for the initial branch. This default branch name
2025-08-16T23:53:04.0763112Z hint: is subject to change. To configure the initial branch name to use in all
2025-08-16T23:53:04.0764624Z hint: of your new repositories, which will suppress this warning, call:
2025-08-16T23:53:04.0765447Z hint:
2025-08-16T23:53:04.0765949Z hint: 	git config --global init.defaultBranch <name>
2025-08-16T23:53:04.0766751Z hint:
2025-08-16T23:53:04.0767321Z hint: Names commonly chosen instead of 'master' are 'main', 'trunk' and
2025-08-16T23:53:04.0768227Z hint: 'development'. The just-created branch can be renamed via this command:
2025-08-16T23:53:04.0769075Z hint:
2025-08-16T23:53:04.0769693Z hint: 	git branch -m <name>
2025-08-16T23:53:04.0770309Z hint:
2025-08-16T23:53:04.0770912Z hint: Disable this message with "git config set advice.defaultBranchName false"
2025-08-16T23:53:04.0771904Z Initialized empty Git repository in /home/runner/work/AWA-App/AWA-App/.git/
2025-08-16T23:53:04.0775504Z [command]/usr/bin/git remote add origin https://github.com/AlexBomber12/AWA-App
2025-08-16T23:53:04.0808849Z ##[endgroup]
2025-08-16T23:53:04.0809948Z ##[group]Disabling automatic garbage collection
2025-08-16T23:53:04.0812732Z [command]/usr/bin/git config --local gc.auto 0
2025-08-16T23:53:04.0842259Z ##[endgroup]
2025-08-16T23:53:04.0843280Z ##[group]Setting up auth
2025-08-16T23:53:04.0848905Z [command]/usr/bin/git config --local --name-only --get-regexp core\.sshCommand
2025-08-16T23:53:04.0879155Z [command]/usr/bin/git submodule foreach --recursive sh -c "git config --local --name-only --get-regexp 'core\.sshCommand' && git config --local --unset-all 'core.sshCommand' || :"
2025-08-16T23:53:04.1135605Z [command]/usr/bin/git config --local --name-only --get-regexp http\.https\:\/\/github\.com\/\.extraheader
2025-08-16T23:53:04.1165500Z [command]/usr/bin/git submodule foreach --recursive sh -c "git config --local --name-only --get-regexp 'http\.https\:\/\/github\.com\/\.extraheader' && git config --local --unset-all 'http.https://github.com/.extraheader' || :"
2025-08-16T23:53:04.1393974Z [command]/usr/bin/git config --local http.https://github.com/.extraheader AUTHORIZATION: basic ***
2025-08-16T23:53:04.1430852Z ##[endgroup]
2025-08-16T23:53:04.1432046Z ##[group]Fetching the repository
2025-08-16T23:53:04.1448056Z [command]/usr/bin/git -c protocol.version=2 fetch --no-tags --prune --no-recurse-submodules --depth=1 origin +f94725fb8599fcd57698581180ff6426e9f6959f:refs/remotes/origin/main
2025-08-16T23:53:04.5510850Z From https://github.com/AlexBomber12/AWA-App
2025-08-16T23:53:04.5512229Z  * [new ref]         f94725fb8599fcd57698581180ff6426e9f6959f -> origin/main
2025-08-16T23:53:04.5533786Z ##[endgroup]
2025-08-16T23:53:04.5534828Z ##[group]Determining the checkout info
2025-08-16T23:53:04.5536190Z ##[endgroup]
2025-08-16T23:53:04.5542772Z [command]/usr/bin/git sparse-checkout disable
2025-08-16T23:53:04.5581225Z [command]/usr/bin/git config --local --unset-all extensions.worktreeConfig
2025-08-16T23:53:04.5609525Z ##[group]Checking out the ref
2025-08-16T23:53:04.5612768Z [command]/usr/bin/git checkout --progress --force -B main refs/remotes/origin/main
2025-08-16T23:53:04.5921796Z Switched to a new branch 'main'
2025-08-16T23:53:04.5923331Z branch 'main' set up to track 'origin/main'.
2025-08-16T23:53:04.5932227Z ##[endgroup]
2025-08-16T23:53:04.5971192Z [command]/usr/bin/git log -1 --format=%H
2025-08-16T23:53:04.5993883Z f94725fb8599fcd57698581180ff6426e9f6959f
2025-08-16T23:53:04.6221245Z ##[group]Run echo "GITHUB_SHA=${GITHUB_SHA}" >> "$GITHUB_ENV"
2025-08-16T23:53:04.6223067Z [36;1mecho "GITHUB_SHA=${GITHUB_SHA}" >> "$GITHUB_ENV"[0m
2025-08-16T23:53:04.6293390Z shell: /usr/bin/bash -e {0}
2025-08-16T23:53:04.6294445Z ##[endgroup]
2025-08-16T23:53:04.6461329Z ##[group]Run export COMPOSE_DOCKER_CLI_BUILD=1 DOCKER_BUILDKIT=1
2025-08-16T23:53:04.6463154Z [36;1mexport COMPOSE_DOCKER_CLI_BUILD=1 DOCKER_BUILDKIT=1[0m
2025-08-16T23:53:04.6464821Z [36;1mdocker compose \[0m
2025-08-16T23:53:04.6465836Z [36;1m  -f docker-compose.yml \[0m
2025-08-16T23:53:04.6467218Z [36;1m  -f docker-compose.ci.yml \[0m
2025-08-16T23:53:04.6468443Z [36;1m  -f docker-compose.postgres.yml \[0m
2025-08-16T23:53:04.6469679Z [36;1m  build --progress plain[0m
2025-08-16T23:53:04.6511449Z shell: /usr/bin/bash -e {0}
2025-08-16T23:53:04.6512387Z env:
2025-08-16T23:53:04.6513284Z   GITHUB_SHA: f94725fb8599fcd57698581180ff6426e9f6959f
2025-08-16T23:53:04.6514537Z ##[endgroup]
2025-08-16T23:53:06.3739135Z --progress is a global compose flag, better use `docker compose --progress xx build ...
2025-08-16T23:53:06.4075378Z time="2025-08-16T23:53:06Z" level=warning msg="/home/runner/work/AWA-App/AWA-App/docker-compose.postgres.yml: the attribute `version` is obsolete, it will be ignored, please remove it to avoid potential confusion"
2025-08-16T23:53:08.2176580Z #1 [internal] load local bake definitions
2025-08-16T23:53:08.3512367Z #1 reading from stdin 1.47kB done
2025-08-16T23:53:08.3513294Z #1 DONE 0.0s
2025-08-16T23:53:08.5111790Z 
2025-08-16T23:53:08.5112408Z #2 [fees_h10 internal] load build definition from Dockerfile
2025-08-16T23:53:08.5113154Z #2 transferring dockerfile: 627B done
2025-08-16T23:53:08.5113655Z #2 DONE 0.0s
2025-08-16T23:53:08.5113883Z 
2025-08-16T23:53:08.5114206Z #3 [postgres internal] load build definition from Dockerfile
2025-08-16T23:53:08.5114867Z #3 transferring dockerfile: 807B done
2025-08-16T23:53:08.5115331Z #3 DONE 0.0s
2025-08-16T23:53:08.5115564Z 
2025-08-16T23:53:08.5115848Z #4 [api internal] load build definition from Dockerfile
2025-08-16T23:53:08.5116758Z #4 transferring dockerfile: 1.44kB done
2025-08-16T23:53:08.5117280Z #4 DONE 0.0s
2025-08-16T23:53:08.5117511Z 
2025-08-16T23:53:08.5117905Z #5 [etl internal] load build definition from Dockerfile
2025-08-16T23:53:08.5118506Z #5 transferring dockerfile: 1.15kB done
2025-08-16T23:53:08.5119004Z #5 DONE 0.0s
2025-08-16T23:53:08.5119245Z 
2025-08-16T23:53:08.5119534Z #6 [auth] docker/dockerfile:pull token for registry-1.docker.io
2025-08-16T23:53:08.6617427Z #6 DONE 0.0s
2025-08-16T23:53:08.6617726Z 
2025-08-16T23:53:08.6617940Z #7 [auth] library/postgres:pull token for registry-1.docker.io
2025-08-16T23:53:08.6618306Z #7 DONE 0.0s
2025-08-16T23:53:08.6618431Z 
2025-08-16T23:53:08.6618715Z #8 [etl] resolve image config for docker-image://docker.io/docker/dockerfile:1.6
2025-08-16T23:53:09.2162913Z #8 DONE 0.7s
2025-08-16T23:53:09.2163196Z 
2025-08-16T23:53:09.2163574Z #9 [postgres internal] load metadata for docker.io/library/postgres:16
2025-08-16T23:53:09.2164062Z #9 DONE 0.8s
2025-08-16T23:53:09.2164220Z 
2025-08-16T23:53:09.2164332Z #10 [postgres internal] load .dockerignore
2025-08-16T23:53:09.2164640Z #10 transferring context: 265B done
2025-08-16T23:53:09.2164946Z #10 DONE 0.0s
2025-08-16T23:53:09.2165065Z 
2025-08-16T23:53:09.2165166Z #11 [postgres internal] load build context
2025-08-16T23:53:09.2165451Z #11 transferring context: 582B done
2025-08-16T23:53:09.2165714Z #11 DONE 0.0s
2025-08-16T23:53:09.2165821Z 
2025-08-16T23:53:09.2166622Z #12 [fees_h10] docker-image://docker.io/docker/dockerfile:1.6@sha256:ac85f380a63b13dfcefa89046420e1781752bab202122f8f50032edf31be0021
2025-08-16T23:53:09.2167586Z #12 resolve docker.io/docker/dockerfile:1.6@sha256:ac85f380a63b13dfcefa89046420e1781752bab202122f8f50032edf31be0021 done
2025-08-16T23:53:09.2168356Z #12 sha256:ac85f380a63b13dfcefa89046420e1781752bab202122f8f50032edf31be0021 8.40kB / 8.40kB done
2025-08-16T23:53:09.2169020Z #12 sha256:657fcc512c7369f4cb3d94ea329150f8daf626bc838b1a1e81f1834c73ecc77e 482B / 482B done
2025-08-16T23:53:09.2169686Z #12 sha256:a17ee7fff8f5e97b974f5b48f51647d2cf28d543f2aa6c11aaa0ea431b44bb89 1.27kB / 1.27kB done
2025-08-16T23:53:09.2170889Z #12 sha256:9d9c93f4b00be908ab694a4df732570bced3b8a96b7515d70ff93402179ad232 0B / 11.80MB 0.1s
2025-08-16T23:53:09.3619817Z #12 sha256:ac85f380a63b13dfcefa89046420e1781752bab202122f8f50032edf31be0021 8.40kB / 8.40kB done
2025-08-16T23:53:09.3621149Z #12 sha256:657fcc512c7369f4cb3d94ea329150f8daf626bc838b1a1e81f1834c73ecc77e 482B / 482B done
2025-08-16T23:53:09.3621779Z #12 sha256:a17ee7fff8f5e97b974f5b48f51647d2cf28d543f2aa6c11aaa0ea431b44bb89 1.27kB / 1.27kB done
2025-08-16T23:53:09.3622415Z #12 sha256:9d9c93f4b00be908ab694a4df732570bced3b8a96b7515d70ff93402179ad232 6.29MB / 11.80MB 0.2s
2025-08-16T23:53:09.5155719Z #12 sha256:9d9c93f4b00be908ab694a4df732570bced3b8a96b7515d70ff93402179ad232 11.80MB / 11.80MB 0.3s done
2025-08-16T23:53:09.5158539Z #12 extracting sha256:9d9c93f4b00be908ab694a4df732570bced3b8a96b7515d70ff93402179ad232
2025-08-16T23:53:09.6626548Z #12 sha256:9d9c93f4b00be908ab694a4df732570bced3b8a96b7515d70ff93402179ad232 11.80MB / 11.80MB 0.3s done
2025-08-16T23:53:09.6630249Z #12 extracting sha256:9d9c93f4b00be908ab694a4df732570bced3b8a96b7515d70ff93402179ad232 0.1s done
2025-08-16T23:53:09.6631257Z #12 DONE 0.5s
2025-08-16T23:53:09.6633255Z 
2025-08-16T23:53:09.6659143Z #13 [postgres 1/6] FROM docker.io/library/postgres:16@sha256:66a5efb5677ffac1037774a0e141fd3a4c035c9c0c0e624c9cc980dfa10f45e5
2025-08-16T23:53:09.6660609Z #13 resolve docker.io/library/postgres:16@sha256:66a5efb5677ffac1037774a0e141fd3a4c035c9c0c0e624c9cc980dfa10f45e5 done
2025-08-16T23:53:09.6668371Z #13 sha256:7f09385d08f9e8f578f9dad57582fff30d6ca3ef0f4d66ab5e1bf92c88862341 6.44MB / 6.44MB 0.3s done
2025-08-16T23:53:09.6669554Z #13 sha256:fb850b0e3049060bf4eb46c8806d7ceea916d67e5cc56d6b295511e27463e56b 1.17kB / 1.17kB 0.1s done
2025-08-16T23:53:09.6670455Z #13 sha256:396b1da7636e2dcd10565cb4f2f952cbb4a8a38b58d3b86a2cacb172fb70117c 26.21MB / 29.77MB 0.5s
2025-08-16T23:53:09.6671602Z #13 sha256:3084fa1fadd59e7633ec56d318f1e4de01be744f446c5c35df7cd801fbc34894 3.63kB / 3.63kB done
2025-08-16T23:53:09.6672782Z #13 sha256:4b802c5161ddfa2ae4beac272c4e24aa5e162a20451c8489cbb952a88507732f 9.89kB / 9.89kB done
2025-08-16T23:53:09.6673920Z #13 sha256:66a5efb5677ffac1037774a0e141fd3a4c035c9c0c0e624c9cc980dfa10f45e5 10.24kB / 10.24kB done
2025-08-16T23:53:09.6675084Z #13 sha256:2b6532633f5d125e9a709f56f26af5a07390c859a5c77142b74da1d4e3c79fee 8.20MB / 8.20MB 0.5s
2025-08-16T23:53:09.6676231Z #13 sha256:534f45d26d937460abe84bd086361a04c27e624a23f9384ff13f11c24c64c7bb 1.45MB / 1.45MB 0.4s done
2025-08-16T23:53:09.6677628Z #13 sha256:320fa150e60fca9bb108771a06f08d5464ad8b7474b7bf3f4b44d723b686ee72 1.31MB / 1.31MB 0.5s done
2025-08-16T23:53:09.6678509Z #13 sha256:19947f6cc5d3035f6c922fa1d6047c79e044256ad948080adb59cec60717b9f8 0B / 116B 0.5s
2025-08-16T23:53:09.7683407Z #13 sha256:396b1da7636e2dcd10565cb4f2f952cbb4a8a38b58d3b86a2cacb172fb70117c 29.77MB / 29.77MB 0.6s done
2025-08-16T23:53:09.7684940Z #13 sha256:2b6532633f5d125e9a709f56f26af5a07390c859a5c77142b74da1d4e3c79fee 8.20MB / 8.20MB 0.5s done
2025-08-16T23:53:09.7686136Z #13 sha256:19947f6cc5d3035f6c922fa1d6047c79e044256ad948080adb59cec60717b9f8 116B / 116B 0.6s done
2025-08-16T23:53:09.7687362Z #13 sha256:987c1b4919ea2d87df20824aaef43a9de0575ac7df684579ad267c7e48c8eeea 0B / 10.01kB 0.6s
2025-08-16T23:53:09.7687990Z #13 sha256:a1e4ad56dcecf442fba1cec05cd565ededfdc663e5172df9ef9394d96d4c96f8 0B / 113.19MB 0.6s
2025-08-16T23:53:09.7688754Z #13 sha256:a858bd6d34e86a481a2e028e3ba489e662b3ac7713eba9a5d3bb97002c7d797e 0B / 128B 0.6s
2025-08-16T23:53:09.7689560Z #13 sha256:e787bdd7824bfcb30d11087160de825f724620c952958f4f725c13421499b724 3.14kB / 3.14kB 0.6s done
2025-08-16T23:53:09.7690195Z #13 extracting sha256:396b1da7636e2dcd10565cb4f2f952cbb4a8a38b58d3b86a2cacb172fb70117c
2025-08-16T23:53:09.8727681Z #13 ...
2025-08-16T23:53:09.8728141Z 
2025-08-16T23:53:09.8728568Z #14 [auth] library/python:pull token for registry-1.docker.io
2025-08-16T23:53:09.8729487Z #14 DONE 0.0s
2025-08-16T23:53:09.8729684Z 
2025-08-16T23:53:09.8730313Z #13 [postgres 1/6] FROM docker.io/library/postgres:16@sha256:66a5efb5677ffac1037774a0e141fd3a4c035c9c0c0e624c9cc980dfa10f45e5
2025-08-16T23:53:09.8734795Z #13 sha256:987c1b4919ea2d87df20824aaef43a9de0575ac7df684579ad267c7e48c8eeea 10.01kB / 10.01kB 0.7s done
2025-08-16T23:53:09.8735492Z #13 sha256:a858bd6d34e86a481a2e028e3ba489e662b3ac7713eba9a5d3bb97002c7d797e 128B / 128B 0.7s done
2025-08-16T23:53:09.8736227Z #13 sha256:f1b3502db45ad485f0affe43e32fc81d699ddac01c023f198271a0a7e1cecd4c 0B / 169B 0.7s
2025-08-16T23:53:09.8736972Z #13 sha256:25ef78fb127c1934630de29a3d38f46e544360b1dcf5cfc09b25507fbe88fd75 0B / 5.92kB 0.7s
2025-08-16T23:53:09.9910442Z #13 sha256:a1e4ad56dcecf442fba1cec05cd565ededfdc663e5172df9ef9394d96d4c96f8 10.06MB / 113.19MB 0.8s
2025-08-16T23:53:09.9912998Z #13 sha256:f1b3502db45ad485f0affe43e32fc81d699ddac01c023f198271a0a7e1cecd4c 169B / 169B 0.8s done
2025-08-16T23:53:09.9914053Z #13 sha256:25ef78fb127c1934630de29a3d38f46e544360b1dcf5cfc09b25507fbe88fd75 5.92kB / 5.92kB 0.8s done
2025-08-16T23:53:09.9915065Z #13 sha256:240810240d04caaaccb11d51ba7c3a7f7d6f470ec2a80ee420a3d33899d9a303 0B / 184B 0.8s
2025-08-16T23:53:10.0944945Z #13 sha256:a1e4ad56dcecf442fba1cec05cd565ededfdc663e5172df9ef9394d96d4c96f8 23.07MB / 113.19MB 0.9s
2025-08-16T23:53:10.0945814Z #13 sha256:240810240d04caaaccb11d51ba7c3a7f7d6f470ec2a80ee420a3d33899d9a303 184B / 184B 0.8s done
2025-08-16T23:53:10.1953038Z #13 sha256:a1e4ad56dcecf442fba1cec05cd565ededfdc663e5172df9ef9394d96d4c96f8 32.51MB / 113.19MB 1.0s
2025-08-16T23:53:10.3615091Z #13 ...
2025-08-16T23:53:10.3615772Z 
2025-08-16T23:53:10.3616431Z #15 [fees_h10 internal] load metadata for docker.io/library/python:3.12-slim
2025-08-16T23:53:10.3617057Z #15 DONE 0.6s
2025-08-16T23:53:10.3617261Z 
2025-08-16T23:53:10.3617410Z #16 [etl internal] load .dockerignore
2025-08-16T23:53:10.3617781Z #16 transferring context: 265B done
2025-08-16T23:53:10.3618122Z #16 DONE 0.0s
2025-08-16T23:53:10.3618277Z 
2025-08-16T23:53:10.3618425Z #17 [api internal] load .dockerignore
2025-08-16T23:53:10.3618801Z #17 transferring context: 265B done
2025-08-16T23:53:10.3619148Z #17 DONE 0.0s
2025-08-16T23:53:10.3619318Z 
2025-08-16T23:53:10.3619492Z #18 [fees_h10 internal] load .dockerignore
2025-08-16T23:53:10.3619906Z #18 transferring context: 2B done
2025-08-16T23:53:10.3620246Z #18 DONE 0.0s
2025-08-16T23:53:10.3620429Z 
2025-08-16T23:53:10.3621012Z #13 [postgres 1/6] FROM docker.io/library/postgres:16@sha256:66a5efb5677ffac1037774a0e141fd3a4c035c9c0c0e624c9cc980dfa10f45e5
2025-08-16T23:53:10.3622420Z #13 sha256:a1e4ad56dcecf442fba1cec05cd565ededfdc663e5172df9ef9394d96d4c96f8 51.38MB / 113.19MB 1.2s
2025-08-16T23:53:10.6615138Z #13 sha256:a1e4ad56dcecf442fba1cec05cd565ededfdc663e5172df9ef9394d96d4c96f8 74.45MB / 113.19MB 1.5s
2025-08-16T23:53:10.9616584Z #13 sha256:a1e4ad56dcecf442fba1cec05cd565ededfdc663e5172df9ef9394d96d4c96f8 81.79MB / 113.19MB 1.8s
2025-08-16T23:53:11.2614059Z #13 sha256:a1e4ad56dcecf442fba1cec05cd565ededfdc663e5172df9ef9394d96d4c96f8 90.18MB / 113.19MB 2.1s
2025-08-16T23:53:11.3617192Z #13 ...
2025-08-16T23:53:11.3617360Z 
2025-08-16T23:53:11.3617477Z #19 [etl internal] load build context
2025-08-16T23:53:11.3617901Z #19 DONE 0.0s
2025-08-16T23:53:11.3618022Z 
2025-08-16T23:53:11.3618414Z #13 [postgres 1/6] FROM docker.io/library/postgres:16@sha256:66a5efb5677ffac1037774a0e141fd3a4c035c9c0c0e624c9cc980dfa10f45e5
2025-08-16T23:53:11.3619213Z #13 sha256:a1e4ad56dcecf442fba1cec05cd565ededfdc663e5172df9ef9394d96d4c96f8 102.76MB / 113.19MB 2.2s
2025-08-16T23:53:11.4750219Z #13 ...
2025-08-16T23:53:11.4753625Z 
2025-08-16T23:53:11.4754330Z #19 [etl internal] load build context
2025-08-16T23:53:11.4754873Z #19 transferring context: 11.44kB done
2025-08-16T23:53:11.4755301Z #19 DONE 0.0s
2025-08-16T23:53:11.4755463Z 
2025-08-16T23:53:11.4755567Z #20 [fees_h10 internal] load build context
2025-08-16T23:53:11.4755871Z #20 transferring context: 5.05kB done
2025-08-16T23:53:11.4756103Z #20 DONE 0.0s
2025-08-16T23:53:11.4756204Z 
2025-08-16T23:53:11.4756522Z #21 [api internal] load build context
2025-08-16T23:53:11.4757011Z #21 transferring context: 79.45kB 0.0s done
2025-08-16T23:53:11.4757383Z #21 DONE 0.0s
2025-08-16T23:53:11.4757828Z 
2025-08-16T23:53:11.4758458Z #13 [postgres 1/6] FROM docker.io/library/postgres:16@sha256:66a5efb5677ffac1037774a0e141fd3a4c035c9c0c0e624c9cc980dfa10f45e5
2025-08-16T23:53:11.5752366Z #13 sha256:a1e4ad56dcecf442fba1cec05cd565ededfdc663e5172df9ef9394d96d4c96f8 111.63MB / 113.19MB 2.4s
2025-08-16T23:53:11.5753601Z #13 extracting sha256:396b1da7636e2dcd10565cb4f2f952cbb4a8a38b58d3b86a2cacb172fb70117c 1.7s done
2025-08-16T23:53:11.5754821Z #13 extracting sha256:fb850b0e3049060bf4eb46c8806d7ceea916d67e5cc56d6b295511e27463e56b done
2025-08-16T23:53:11.5755817Z #13 extracting sha256:7f09385d08f9e8f578f9dad57582fff30d6ca3ef0f4d66ab5e1bf92c88862341
2025-08-16T23:53:11.6900339Z #13 sha256:a1e4ad56dcecf442fba1cec05cd565ededfdc663e5172df9ef9394d96d4c96f8 113.19MB / 113.19MB 2.4s done
2025-08-16T23:53:11.6906070Z #13 extracting sha256:7f09385d08f9e8f578f9dad57582fff30d6ca3ef0f4d66ab5e1bf92c88862341 0.1s done
2025-08-16T23:53:11.7912264Z #13 extracting sha256:534f45d26d937460abe84bd086361a04c27e624a23f9384ff13f11c24c64c7bb 0.0s done
2025-08-16T23:53:11.9204861Z #13 extracting sha256:2b6532633f5d125e9a709f56f26af5a07390c859a5c77142b74da1d4e3c79fee 0.1s
2025-08-16T23:53:12.1410147Z #13 extracting sha256:2b6532633f5d125e9a709f56f26af5a07390c859a5c77142b74da1d4e3c79fee 0.3s done
2025-08-16T23:53:12.2445313Z #13 extracting sha256:320fa150e60fca9bb108771a06f08d5464ad8b7474b7bf3f4b44d723b686ee72 0.1s done
2025-08-16T23:53:12.3462688Z #13 extracting sha256:19947f6cc5d3035f6c922fa1d6047c79e044256ad948080adb59cec60717b9f8 done
2025-08-16T23:53:12.3463452Z #13 extracting sha256:e787bdd7824bfcb30d11087160de825f724620c952958f4f725c13421499b724 done
2025-08-16T23:53:12.4467706Z #13 extracting sha256:a1e4ad56dcecf442fba1cec05cd565ededfdc663e5172df9ef9394d96d4c96f8
2025-08-16T23:53:12.9314520Z #13 ...
2025-08-16T23:53:12.9318578Z 
2025-08-16T23:53:12.9319589Z #22 [fees_h10 base 1/5] FROM docker.io/library/python:3.12-slim@sha256:d67a7b66b989ad6b6d6b10d428dcc5e0bfc3e5f88906e67d490c4d3daac57047
2025-08-16T23:53:12.9335868Z #22 resolve docker.io/library/python:3.12-slim@sha256:d67a7b66b989ad6b6d6b10d428dcc5e0bfc3e5f88906e67d490c4d3daac57047 0.0s done
2025-08-16T23:53:12.9337453Z #22 extracting sha256:396b1da7636e2dcd10565cb4f2f952cbb4a8a38b58d3b86a2cacb172fb70117c 0.1s done
2025-08-16T23:53:12.9338592Z #22 sha256:8f3d1de1b41cd7340a89b024d6f7a10043f7b0d07d97eb36ba76f22fcfa9a235 1.75kB / 1.75kB done
2025-08-16T23:53:12.9339693Z #22 sha256:bad5eac7befe06d25bef9d4d894d7467355bac08745c745a88977774933fa032 5.58kB / 5.58kB done
2025-08-16T23:53:12.9340800Z #22 sha256:396b1da7636e2dcd10565cb4f2f952cbb4a8a38b58d3b86a2cacb172fb70117c 29.77MB / 29.77MB done
2025-08-16T23:53:12.9341912Z #22 sha256:5d587318e932a89b94608393c99dd30ee5092a6991c1656f717bd4f4e13d60df 1.29MB / 1.29MB 0.2s done
2025-08-16T23:53:12.9343056Z #22 sha256:e5c05dcf47fbdb2f18dc242ad1b7f48fbd3813c0027ffcfb8e81e4aa7e0965f4 12.11MB / 12.11MB 0.7s done
2025-08-16T23:53:12.9344197Z #22 sha256:d67a7b66b989ad6b6d6b10d428dcc5e0bfc3e5f88906e67d490c4d3daac57047 10.37kB / 10.37kB done
2025-08-16T23:53:12.9345282Z #22 extracting sha256:5d587318e932a89b94608393c99dd30ee5092a6991c1656f717bd4f4e13d60df 0.2s done
2025-08-16T23:53:12.9347677Z #22 sha256:d76206d463c08ba2a3f7bbab2de2a933ad73f33ab4ab813eafe50c9dff9edc12 251B / 251B 0.3s done
2025-08-16T23:53:12.9348828Z #22 extracting sha256:e5c05dcf47fbdb2f18dc242ad1b7f48fbd3813c0027ffcfb8e81e4aa7e0965f4 0.7s done
2025-08-16T23:53:12.9349900Z #22 extracting sha256:d76206d463c08ba2a3f7bbab2de2a933ad73f33ab4ab813eafe50c9dff9edc12 done
2025-08-16T23:53:12.9350628Z #22 DONE 1.5s
2025-08-16T23:53:12.9350808Z 
2025-08-16T23:53:12.9350947Z #23 [api base 2/5] WORKDIR /app
2025-08-16T23:53:12.9351465Z #23 DONE 0.0s
2025-08-16T23:53:12.9351639Z 
2025-08-16T23:53:12.9351949Z #24 [api base  3/12] COPY services/api/requirements.txt ./requirements.txt
2025-08-16T23:53:12.9352493Z #24 DONE 0.0s
2025-08-16T23:53:12.9352666Z 
2025-08-16T23:53:12.9353061Z #25 [etl base 3/5] COPY services/etl/requirements*.txt services/etl/constraints.txt ./
2025-08-16T23:53:12.9354039Z #25 DONE 0.0s
2025-08-16T23:53:12.9354239Z 
2025-08-16T23:53:12.9354480Z #26 [fees_h10 base 3/5] COPY requirements*.txt constraints.txt ./
2025-08-16T23:53:12.9355195Z #26 DONE 0.0s
2025-08-16T23:53:12.9355376Z 
2025-08-16T23:53:12.9355976Z #13 [postgres 1/6] FROM docker.io/library/postgres:16@sha256:66a5efb5677ffac1037774a0e141fd3a4c035c9c0c0e624c9cc980dfa10f45e5
2025-08-16T23:53:17.4545077Z #13 extracting sha256:a1e4ad56dcecf442fba1cec05cd565ededfdc663e5172df9ef9394d96d4c96f8 5.1s
2025-08-16T23:53:18.1301776Z #13 extracting sha256:a1e4ad56dcecf442fba1cec05cd565ededfdc663e5172df9ef9394d96d4c96f8 5.7s done
2025-08-16T23:53:18.7407753Z #13 extracting sha256:987c1b4919ea2d87df20824aaef43a9de0575ac7df684579ad267c7e48c8eeea done
2025-08-16T23:53:18.8546975Z #13 extracting sha256:a858bd6d34e86a481a2e028e3ba489e662b3ac7713eba9a5d3bb97002c7d797e done
2025-08-16T23:53:18.8551594Z #13 extracting sha256:f1b3502db45ad485f0affe43e32fc81d699ddac01c023f198271a0a7e1cecd4c done
2025-08-16T23:53:18.8552546Z #13 extracting sha256:25ef78fb127c1934630de29a3d38f46e544360b1dcf5cfc09b25507fbe88fd75 done
2025-08-16T23:53:18.8553409Z #13 extracting sha256:240810240d04caaaccb11d51ba7c3a7f7d6f470ec2a80ee420a3d33899d9a303
2025-08-16T23:53:18.9648926Z #13 extracting sha256:240810240d04caaaccb11d51ba7c3a7f7d6f470ec2a80ee420a3d33899d9a303 done
2025-08-16T23:53:18.9650825Z #13 DONE 9.8s
2025-08-16T23:53:18.9989131Z 
2025-08-16T23:53:18.9990583Z #27 [postgres 2/6] RUN set -eux;     if [ -f /etc/apt/sources.list ]; then         sed -i 's|http://deb.debian.org|https://deb.debian.org|g' /etc/apt/sources.list;     fi;     apt-get update;     apt-get install -y locales;     locale-gen en_US.UTF-8;     rm -rf /var/lib/apt/lists/*
2025-08-16T23:53:19.1749211Z #27 0.198 + [ -f /etc/apt/sources.list ]
2025-08-16T23:53:19.1780819Z #27 0.198 + apt-get update
2025-08-16T23:53:19.2762560Z #27 0.282 Get:1 http://deb.debian.org/debian trixie InRelease [138 kB]
2025-08-16T23:53:19.2763947Z #27 0.324 Get:2 http://deb.debian.org/debian trixie-updates InRelease [47.1 kB]
2025-08-16T23:53:19.4017831Z #27 0.336 Get:3 http://deb.debian.org/debian-security trixie-security InRelease [43.4 kB]
2025-08-16T23:53:19.4018805Z #27 0.370 Get:4 http://deb.debian.org/debian trixie/main amd64 Packages [9,668 kB]
2025-08-16T23:53:19.5121769Z #27 0.504 Get:5 http://deb.debian.org/debian trixie-updates/main amd64 Packages [2,432 B]
2025-08-16T23:53:19.5124514Z #27 0.504 Get:6 http://deb.debian.org/debian-security trixie-security/main amd64 Packages [8,780 B]
2025-08-16T23:53:20.1585997Z #27 1.213 Get:7 http://apt.postgresql.org/pub/repos/apt trixie-pgdg InRelease [107 kB]
2025-08-16T23:53:20.2676045Z #27 1.280 Get:8 http://apt.postgresql.org/pub/repos/apt trixie-pgdg/main amd64 Packages [334 kB]
2025-08-16T23:53:20.3784359Z #27 1.328 Get:9 http://apt.postgresql.org/pub/repos/apt trixie-pgdg/16 amd64 Packages [2,574 B]
2025-08-16T23:53:20.4887740Z #27 1.488 Fetched 10.3 MB in 1s (8,299 kB/s)
2025-08-16T23:53:21.3842848Z #27 1.488 Reading package lists...
2025-08-16T23:53:21.3843415Z #27 2.417 + apt-get install -y locales
2025-08-16T23:53:22.4530087Z #27 2.436 Reading package lists...
2025-08-16T23:53:22.8005522Z #27 3.522 Building dependency tree...
2025-08-16T23:53:22.8010025Z #27 3.796 Reading state information...
2025-08-16T23:53:22.9156867Z #27 ...
2025-08-16T23:53:22.9187907Z 
2025-08-16T23:53:22.9189918Z #28 [api stage-1 3/6] RUN set -eux;     if [ -f /etc/apt/sources.list ]; then         sed -i 's|http://deb.debian.org|https://deb.debian.org|g' /etc/apt/sources.list;     fi;     apt-get update;     apt-get install -y --no-install-recommends tzdata postgresql-client curl;     rm -rf /var/lib/apt/lists/*
2025-08-16T23:53:22.9192063Z #28 0.221 + [ -f /etc/apt/sources.list ]
2025-08-16T23:53:22.9192610Z #28 0.222 + apt-get update
2025-08-16T23:53:22.9193186Z #28 0.326 Hit:1 http://deb.debian.org/debian trixie InRelease
2025-08-16T23:53:22.9193979Z #28 0.328 Get:2 http://deb.debian.org/debian trixie-updates InRelease [47.1 kB]
2025-08-16T23:53:22.9197178Z #28 0.365 Get:3 http://deb.debian.org/debian-security trixie-security InRelease [43.4 kB]
2025-08-16T23:53:22.9198061Z #28 0.387 Get:4 http://deb.debian.org/debian trixie/main amd64 Packages [9668 kB]
2025-08-16T23:53:22.9199113Z #28 0.518 Get:5 http://deb.debian.org/debian trixie-updates/main amd64 Packages [2432 B]
2025-08-16T23:53:22.9200049Z #28 0.519 Get:6 http://deb.debian.org/debian-security trixie-security/main amd64 Packages [8780 B]
2025-08-16T23:53:22.9200766Z #28 1.439 Fetched 9769 kB in 1s (8393 kB/s)
2025-08-16T23:53:22.9201206Z #28 1.439 Reading package lists...
2025-08-16T23:53:22.9201805Z #28 2.318 + apt-get install -y --no-install-recommends tzdata postgresql-client curl
2025-08-16T23:53:22.9202442Z #28 2.350 Reading package lists...
2025-08-16T23:53:22.9202842Z #28 3.227 Building dependency tree...
2025-08-16T23:53:22.9203263Z #28 3.470 Reading state information...
2025-08-16T23:53:22.9203747Z #28 3.803 tzdata is already the newest version (2025b-4).
2025-08-16T23:53:22.9204336Z #28 3.803 The following additional packages will be installed:
2025-08-16T23:53:22.9205051Z #28 3.803   libbrotli1 libcom-err2 libcurl4t64 libgdbm-compat4t64 libgnutls30t64
2025-08-16T23:53:22.9205825Z #28 3.803   libgssapi-krb5-2 libidn2-0 libk5crypto3 libkeyutils1 libkrb5-3
2025-08-16T23:53:22.9250307Z #28 3.803   libkrb5support0 libldap2 libnghttp2-14 libnghttp3-9 libp11-kit0 libperl5.40
2025-08-16T23:53:22.9253064Z #28 3.804   libpq5 libpsl5t64 librtmp1 libsasl2-2 libsasl2-modules-db libssh2-1t64
2025-08-16T23:53:22.9253855Z #28 3.804   libtasn1-6 libunistring5 perl perl-modules-5.40 postgresql-client-17
2025-08-16T23:53:22.9254527Z #28 3.804   postgresql-client-common sensible-utils
2025-08-16T23:53:22.9254997Z #28 3.806 Suggested packages:
2025-08-16T23:53:22.9255524Z #28 3.806   gnutls-bin krb5-doc krb5-user perl-doc libterm-readline-gnu-perl
2025-08-16T23:53:22.9256567Z #28 3.806   | libterm-readline-perl-perl make libtap-harness-archive-perl postgresql-17
2025-08-16T23:53:22.9257252Z #28 3.806   postgresql-doc-17
2025-08-16T23:53:22.9257666Z #28 3.806 Recommended packages:
2025-08-16T23:53:22.9258268Z #28 3.806   bash-completion krb5-locales libldap-common publicsuffix libsasl2-modules
2025-08-16T23:53:22.9259009Z #28 4.067 The following NEW packages will be installed:
2025-08-16T23:53:22.9259697Z #28 4.067   curl libbrotli1 libcom-err2 libcurl4t64 libgdbm-compat4t64 libgnutls30t64
2025-08-16T23:53:22.9260514Z #28 4.067   libgssapi-krb5-2 libidn2-0 libk5crypto3 libkeyutils1 libkrb5-3
2025-08-16T23:53:22.9261395Z #28 4.068   libkrb5support0 libldap2 libnghttp2-14 libnghttp3-9 libp11-kit0 libperl5.40
2025-08-16T23:53:22.9262335Z #28 4.068   libpq5 libpsl5t64 librtmp1 libsasl2-2 libsasl2-modules-db libssh2-1t64
2025-08-16T23:53:22.9263168Z #28 4.071   libtasn1-6 libunistring5 perl perl-modules-5.40 postgresql-client
2025-08-16T23:53:22.9263912Z #28 4.071   postgresql-client-17 postgresql-client-common sensible-utils
2025-08-16T23:53:22.9264625Z #28 4.153 0 upgraded, 31 newly installed, 0 to remove and 0 not upgraded.
2025-08-16T23:53:22.9265168Z #28 4.153 Need to get 14.9 MB of archives.
2025-08-16T23:53:22.9265691Z #28 4.153 After this operation, 78.1 MB of additional disk space will be used.
2025-08-16T23:53:22.9266751Z #28 4.153 Get:1 http://deb.debian.org/debian trixie/main amd64 sensible-utils all 0.0.25 [25.0 kB]
2025-08-16T23:53:22.9267772Z #28 4.171 Get:2 http://deb.debian.org/debian trixie/main amd64 perl-modules-5.40 all 5.40.1-6 [3019 kB]
2025-08-16T23:53:22.9268772Z #28 4.252 Get:3 http://deb.debian.org/debian trixie/main amd64 libgdbm-compat4t64 amd64 1.24-2 [50.3 kB]
2025-08-16T23:53:22.9269725Z #28 4.256 Get:4 http://deb.debian.org/debian trixie/main amd64 libperl5.40 amd64 5.40.1-6 [4341 kB]
2025-08-16T23:53:22.9270612Z #28 4.285 Get:5 http://deb.debian.org/debian trixie/main amd64 perl amd64 5.40.1-6 [267 kB]
2025-08-16T23:53:22.9271476Z #28 4.285 Get:6 http://deb.debian.org/debian trixie/main amd64 libbrotli1 amd64 1.1.0-2+b7 [307 kB]
2025-08-16T23:53:22.9278888Z #28 4.289 Get:7 http://deb.debian.org/debian trixie/main amd64 libkrb5support0 amd64 1.21.3-5 [33.0 kB]
2025-08-16T23:53:22.9279989Z #28 4.289 Get:8 http://deb.debian.org/debian trixie/main amd64 libcom-err2 amd64 1.47.2-3+b3 [25.0 kB]
2025-08-16T23:53:22.9281136Z #28 4.290 Get:9 http://deb.debian.org/debian trixie/main amd64 libk5crypto3 amd64 1.21.3-5 [81.5 kB]
2025-08-16T23:53:22.9282082Z #28 4.290 Get:10 http://deb.debian.org/debian trixie/main amd64 libkeyutils1 amd64 1.6.3-6 [9456 B]
2025-08-16T23:53:22.9282996Z #28 4.291 Get:11 http://deb.debian.org/debian trixie/main amd64 libkrb5-3 amd64 1.21.3-5 [326 kB]
2025-08-16T23:53:22.9283866Z #28 4.293 Get:12 http://deb.debian.org/debian trixie/main amd64 libgssapi-krb5-2 amd64 1.21.3-5 [138 kB]
2025-08-16T23:53:22.9284752Z #28 4.294 Get:13 http://deb.debian.org/debian trixie/main amd64 libunistring5 amd64 1.3-2 [477 kB]
2025-08-16T23:53:22.9285606Z #28 4.303 Get:14 http://deb.debian.org/debian trixie/main amd64 libidn2-0 amd64 2.3.8-2 [109 kB]
2025-08-16T23:53:22.9286777Z #28 4.316 Get:15 http://deb.debian.org/debian trixie/main amd64 libsasl2-modules-db amd64 2.1.28+dfsg1-9 [19.8 kB]
2025-08-16T23:53:22.9287723Z #28 4.318 Get:16 http://deb.debian.org/debian trixie/main amd64 libsasl2-2 amd64 2.1.28+dfsg1-9 [57.5 kB]
2025-08-16T23:53:22.9288657Z #28 4.319 Get:17 http://deb.debian.org/debian trixie/main amd64 libldap2 amd64 2.6.10+dfsg-1 [194 kB]
2025-08-16T23:53:22.9289590Z #28 4.321 Get:18 http://deb.debian.org/debian trixie/main amd64 libnghttp2-14 amd64 1.64.0-1.1 [76.0 kB]
2025-08-16T23:53:22.9290466Z #28 4.322 Get:19 http://deb.debian.org/debian trixie/main amd64 libnghttp3-9 amd64 1.8.0-1 [67.7 kB]
2025-08-16T23:53:22.9291316Z #28 4.326 Get:20 http://deb.debian.org/debian trixie/main amd64 libpsl5t64 amd64 0.21.2-1.1+b1 [57.2 kB]
2025-08-16T23:53:22.9292228Z #28 4.328 Get:21 http://deb.debian.org/debian trixie/main amd64 libp11-kit0 amd64 0.25.5-3 [425 kB]
2025-08-16T23:53:22.9293152Z #28 4.332 Get:22 http://deb.debian.org/debian trixie/main amd64 libtasn1-6 amd64 4.20.0-2 [49.9 kB]
2025-08-16T23:53:22.9294102Z #28 4.333 Get:23 http://deb.debian.org/debian trixie/main amd64 libgnutls30t64 amd64 3.8.9-3 [1465 kB]
2025-08-16T23:53:22.9295156Z #28 4.342 Get:24 http://deb.debian.org/debian trixie/main amd64 librtmp1 amd64 2.4+20151223.gitfa8646d.1-2+b5 [58.8 kB]
2025-08-16T23:53:22.9296186Z #28 4.345 Get:25 http://deb.debian.org/debian trixie/main amd64 libssh2-1t64 amd64 1.11.1-1 [245 kB]
2025-08-16T23:53:22.9299102Z #28 4.350 Get:26 http://deb.debian.org/debian trixie/main amd64 libcurl4t64 amd64 8.14.1-2 [391 kB]
2025-08-16T23:53:22.9300090Z #28 4.354 Get:27 http://deb.debian.org/debian trixie/main amd64 curl amd64 8.14.1-2 [269 kB]
2025-08-16T23:53:22.9300943Z #28 4.358 Get:28 http://deb.debian.org/debian trixie/main amd64 libpq5 amd64 17.5-1 [226 kB]
2025-08-16T23:53:22.9301915Z #28 4.359 Get:29 http://deb.debian.org/debian trixie/main amd64 postgresql-client-common all 278 [47.1 kB]
2025-08-16T23:53:22.9302998Z #28 4.360 Get:30 http://deb.debian.org/debian trixie/main amd64 postgresql-client-17 amd64 17.5-1 [2025 kB]
2025-08-16T23:53:22.9304025Z #28 4.376 Get:31 http://deb.debian.org/debian trixie/main amd64 postgresql-client all 17+278 [14.0 kB]
2025-08-16T23:53:22.9304748Z #28 6.287 Fetched 14.9 MB in 0s (52.4 MB/s)
2025-08-16T23:53:22.9305311Z #28 6.311 Selecting previously unselected package sensible-utils.
2025-08-16T23:53:22.9305848Z #28 6.311 (Reading database ... 
2025-08-16T23:53:22.9306555Z (Reading database ... 5%
2025-08-16T23:53:22.9306917Z (Reading database ... 10%
2025-08-16T23:53:22.9307276Z (Reading database ... 15%
2025-08-16T23:53:22.9307646Z (Reading database ... 20%
2025-08-16T23:53:22.9307985Z (Reading database ... 25%
2025-08-16T23:53:22.9308319Z (Reading database ... 30%
2025-08-16T23:53:22.9308693Z (Reading database ... 35%
2025-08-16T23:53:22.9309047Z (Reading database ... 40%
2025-08-16T23:53:22.9309387Z (Reading database ... 45%
2025-08-16T23:53:22.9309741Z (Reading database ... 50%
2025-08-16T23:53:22.9310073Z (Reading database ... 55%
2025-08-16T23:53:22.9310417Z (Reading database ... 60%
2025-08-16T23:53:22.9311013Z (Reading database ... 65%
2025-08-16T23:53:22.9311389Z (Reading database ... 70%
2025-08-16T23:53:22.9311748Z (Reading database ... 75%
2025-08-16T23:53:22.9312373Z (Reading database ... 80%
2025-08-16T23:53:22.9312722Z (Reading database ... 85%
2025-08-16T23:53:22.9313057Z (Reading database ... 90%
2025-08-16T23:53:22.9313411Z (Reading database ... 95%
2025-08-16T23:53:22.9313737Z (Reading database ... 100%
2025-08-16T23:53:22.9314163Z (Reading database ... 5643 files and directories currently installed.)
2025-08-16T23:53:22.9314885Z #28 6.324 Preparing to unpack .../00-sensible-utils_0.0.25_all.deb ...
2025-08-16T23:53:22.9315489Z #28 6.327 Unpacking sensible-utils (0.0.25) ...
2025-08-16T23:53:22.9316095Z #28 6.352 Selecting previously unselected package perl-modules-5.40.
2025-08-16T23:53:22.9317148Z #28 6.354 Preparing to unpack .../01-perl-modules-5.40_5.40.1-6_all.deb ...
2025-08-16T23:53:22.9317849Z #28 6.361 Unpacking perl-modules-5.40 (5.40.1-6) ...
2025-08-16T23:53:22.9318468Z #28 6.757 Selecting previously unselected package libgdbm-compat4t64:amd64.
2025-08-16T23:53:22.9319224Z #28 6.759 Preparing to unpack .../02-libgdbm-compat4t64_1.24-2_amd64.deb ...
2025-08-16T23:53:22.9319871Z #28 6.763 Unpacking libgdbm-compat4t64:amd64 (1.24-2) ...
2025-08-16T23:53:22.9320485Z #28 6.787 Selecting previously unselected package libperl5.40:amd64.
2025-08-16T23:53:22.9321151Z #28 6.787 Preparing to unpack .../03-libperl5.40_5.40.1-6_amd64.deb ...
2025-08-16T23:53:22.9321710Z #28 6.790 Unpacking libperl5.40:amd64 (5.40.1-6) ...
2025-08-16T23:53:22.9322266Z #28 7.156 Selecting previously unselected package perl.
2025-08-16T23:53:22.9322791Z #28 7.156 Preparing to unpack .../04-perl_5.40.1-6_amd64.deb ...
2025-08-16T23:53:22.9323348Z #28 7.160 Unpacking perl (5.40.1-6) ...
2025-08-16T23:53:22.9323922Z #28 7.199 Selecting previously unselected package libbrotli1:amd64.
2025-08-16T23:53:22.9324637Z #28 7.201 Preparing to unpack .../05-libbrotli1_1.1.0-2+b7_amd64.deb ...
2025-08-16T23:53:22.9325245Z #28 7.202 Unpacking libbrotli1:amd64 (1.1.0-2+b7) ...
2025-08-16T23:53:22.9325851Z #28 7.271 Selecting previously unselected package libkrb5support0:amd64.
2025-08-16T23:53:22.9326709Z #28 7.277 Preparing to unpack .../06-libkrb5support0_1.21.3-5_amd64.deb ...
2025-08-16T23:53:22.9327366Z #28 7.283 Unpacking libkrb5support0:amd64 (1.21.3-5) ...
2025-08-16T23:53:22.9327998Z #28 7.360 Selecting previously unselected package libcom-err2:amd64.
2025-08-16T23:53:22.9328720Z #28 7.368 Preparing to unpack .../07-libcom-err2_1.47.2-3+b3_amd64.deb ...
2025-08-16T23:53:22.9329353Z #28 7.369 Unpacking libcom-err2:amd64 (1.47.2-3+b3) ...
2025-08-16T23:53:22.9329975Z #28 7.411 Selecting previously unselected package libk5crypto3:amd64.
2025-08-16T23:53:22.9330696Z #28 7.411 Preparing to unpack .../08-libk5crypto3_1.21.3-5_amd64.deb ...
2025-08-16T23:53:22.9331368Z #28 7.417 Unpacking libk5crypto3:amd64 (1.21.3-5) ...
2025-08-16T23:53:22.9331984Z #28 7.450 Selecting previously unselected package libkeyutils1:amd64.
2025-08-16T23:53:22.9332705Z #28 7.452 Preparing to unpack .../09-libkeyutils1_1.6.3-6_amd64.deb ...
2025-08-16T23:53:22.9333256Z #28 7.453 Unpacking libkeyutils1:amd64 (1.6.3-6) ...
2025-08-16T23:53:22.9333743Z #28 7.484 Selecting previously unselected package libkrb5-3:amd64.
2025-08-16T23:53:22.9334302Z #28 7.493 Preparing to unpack .../10-libkrb5-3_1.21.3-5_amd64.deb ...
2025-08-16T23:53:22.9334892Z #28 7.495 Unpacking libkrb5-3:amd64 (1.21.3-5) ...
2025-08-16T23:53:22.9335552Z #28 7.562 Selecting previously unselected package libgssapi-krb5-2:amd64.
2025-08-16T23:53:22.9336477Z #28 7.562 Preparing to unpack .../11-libgssapi-krb5-2_1.21.3-5_amd64.deb ...
2025-08-16T23:53:22.9337143Z #28 7.566 Unpacking libgssapi-krb5-2:amd64 (1.21.3-5) ...
2025-08-16T23:53:22.9337796Z #28 7.633 Selecting previously unselected package libunistring5:amd64.
2025-08-16T23:53:22.9338543Z #28 7.633 Preparing to unpack .../12-libunistring5_1.3-2_amd64.deb ...
2025-08-16T23:53:22.9339156Z #28 7.639 Unpacking libunistring5:amd64 (1.3-2) ...
2025-08-16T23:53:22.9340002Z #28 7.732 Selecting previously unselected package libidn2-0:amd64.
2025-08-16T23:53:22.9340756Z #28 7.734 Preparing to unpack .../13-libidn2-0_2.3.8-2_amd64.deb ...
2025-08-16T23:53:22.9341517Z #28 7.740 Unpacking libidn2-0:amd64 (2.3.8-2) ...
2025-08-16T23:53:22.9342163Z #28 7.822 Selecting previously unselected package libsasl2-modules-db:amd64.
2025-08-16T23:53:22.9342983Z #28 7.822 Preparing to unpack .../14-libsasl2-modules-db_2.1.28+dfsg1-9_amd64.deb ...
2025-08-16T23:53:22.9343735Z #28 7.824 Unpacking libsasl2-modules-db:amd64 (2.1.28+dfsg1-9) ...
2025-08-16T23:53:22.9344418Z #28 7.874 Selecting previously unselected package libsasl2-2:amd64.
2025-08-16T23:53:22.9345137Z #28 7.876 Preparing to unpack .../15-libsasl2-2_2.1.28+dfsg1-9_amd64.deb ...
2025-08-16T23:53:22.9345775Z #28 7.877 Unpacking libsasl2-2:amd64 (2.1.28+dfsg1-9) ...
2025-08-16T23:53:22.9346720Z #28 7.914 Selecting previously unselected package libldap2:amd64.
2025-08-16T23:53:22.9347441Z #28 7.914 Preparing to unpack .../16-libldap2_2.6.10+dfsg-1_amd64.deb ...
2025-08-16T23:53:22.9348068Z #28 7.916 Unpacking libldap2:amd64 (2.6.10+dfsg-1) ...
2025-08-16T23:53:22.9348706Z #28 7.962 Selecting previously unselected package libnghttp2-14:amd64.
2025-08-16T23:53:22.9349433Z #28 7.965 Preparing to unpack .../17-libnghttp2-14_1.64.0-1.1_amd64.deb ...
2025-08-16T23:53:22.9350072Z #28 7.967 Unpacking libnghttp2-14:amd64 (1.64.0-1.1) ...
2025-08-16T23:53:22.9350711Z #28 7.996 Selecting previously unselected package libnghttp3-9:amd64.
2025-08-16T23:53:22.9351436Z #28 7.998 Preparing to unpack .../18-libnghttp3-9_1.8.0-1_amd64.deb ...
2025-08-16T23:53:22.9352039Z #28 8.000 Unpacking libnghttp3-9:amd64 (1.8.0-1) ...
2025-08-16T23:53:22.9352518Z #28 8.030 Selecting previously unselected package libpsl5t64:amd64.
2025-08-16T23:53:22.9353060Z #28 8.031 Preparing to unpack .../19-libpsl5t64_0.21.2-1.1+b1_amd64.deb ...
2025-08-16T23:53:22.9353564Z #28 8.032 Unpacking libpsl5t64:amd64 (0.21.2-1.1+b1) ...
2025-08-16T23:53:22.9354049Z #28 8.058 Selecting previously unselected package libp11-kit0:amd64.
2025-08-16T23:53:22.9354705Z #28 8.061 Preparing to unpack .../20-libp11-kit0_0.25.5-3_amd64.deb ...
2025-08-16T23:53:22.9355319Z #28 8.065 Unpacking libp11-kit0:amd64 (0.25.5-3) ...
2025-08-16T23:53:22.9355908Z #28 8.113 Selecting previously unselected package libtasn1-6:amd64.
2025-08-16T23:53:22.9356836Z #28 8.116 Preparing to unpack .../21-libtasn1-6_4.20.0-2_amd64.deb ...
2025-08-16T23:53:22.9357441Z #28 8.118 Unpacking libtasn1-6:amd64 (4.20.0-2) ...
2025-08-16T23:53:22.9358072Z #28 8.159 Selecting previously unselected package libgnutls30t64:amd64.
2025-08-16T23:53:22.9358784Z #28 8.162 Preparing to unpack .../22-libgnutls30t64_3.8.9-3_amd64.deb ...
2025-08-16T23:53:22.9359395Z #28 8.164 Unpacking libgnutls30t64:amd64 (3.8.9-3) ...
2025-08-16T23:53:22.9359991Z #28 8.246 Selecting previously unselected package librtmp1:amd64.
2025-08-16T23:53:22.9360751Z #28 8.249 Preparing to unpack .../23-librtmp1_2.4+20151223.gitfa8646d.1-2+b5_amd64.deb ...
2025-08-16T23:53:22.9361534Z #28 8.250 Unpacking librtmp1:amd64 (2.4+20151223.gitfa8646d.1-2+b5) ...
2025-08-16T23:53:22.9362234Z #28 8.278 Selecting previously unselected package libssh2-1t64:amd64.
2025-08-16T23:53:22.9362953Z #28 8.280 Preparing to unpack .../24-libssh2-1t64_1.11.1-1_amd64.deb ...
2025-08-16T23:53:22.9363582Z #28 8.281 Unpacking libssh2-1t64:amd64 (1.11.1-1) ...
2025-08-16T23:53:22.9364183Z #28 8.319 Selecting previously unselected package libcurl4t64:amd64.
2025-08-16T23:53:22.9364903Z #28 8.322 Preparing to unpack .../25-libcurl4t64_8.14.1-2_amd64.deb ...
2025-08-16T23:53:22.9365506Z #28 8.324 Unpacking libcurl4t64:amd64 (8.14.1-2) ...
2025-08-16T23:53:22.9366050Z #28 8.382 Selecting previously unselected package curl.
2025-08-16T23:53:22.9367052Z #28 8.384 Preparing to unpack .../26-curl_8.14.1-2_amd64.deb ...
2025-08-16T23:53:22.9367594Z #28 8.387 Unpacking curl (8.14.1-2) ...
2025-08-16T23:53:22.9368118Z #28 8.427 Selecting previously unselected package libpq5:amd64.
2025-08-16T23:53:22.9368971Z #28 8.428 Preparing to unpack .../27-libpq5_17.5-1_amd64.deb ...
2025-08-16T23:53:22.9369543Z #28 8.434 Unpacking libpq5:amd64 (17.5-1) ...
2025-08-16T23:53:22.9370352Z #28 8.529 Selecting previously unselected package postgresql-client-common.
2025-08-16T23:53:22.9371150Z #28 8.529 Preparing to unpack .../28-postgresql-client-common_278_all.deb ...
2025-08-16T23:53:22.9371825Z #28 8.548 Unpacking postgresql-client-common (278) ...
2025-08-16T23:53:22.9372487Z #28 8.635 Selecting previously unselected package postgresql-client-17.
2025-08-16T23:53:22.9373239Z #28 8.635 Preparing to unpack .../29-postgresql-client-17_17.5-1_amd64.deb ...
2025-08-16T23:53:22.9373896Z #28 8.641 Unpacking postgresql-client-17 (17.5-1) ...
2025-08-16T23:53:22.9374537Z #28 8.919 Selecting previously unselected package postgresql-client.
2025-08-16T23:53:22.9375250Z #28 8.919 Preparing to unpack .../30-postgresql-client_17+278_all.deb ...
2025-08-16T23:53:22.9375885Z #28 8.921 Unpacking postgresql-client (17+278) ...
2025-08-16T23:53:22.9376573Z #28 8.988 Setting up libkeyutils1:amd64 (1.6.3-6) ...
2025-08-16T23:53:22.9377136Z #28 8.999 Setting up libgdbm-compat4t64:amd64 (1.24-2) ...
2025-08-16T23:53:22.9377695Z #28 9.010 Setting up libbrotli1:amd64 (1.1.0-2+b7) ...
2025-08-16T23:53:22.9378243Z #28 9.021 Setting up libnghttp2-14:amd64 (1.64.0-1.1) ...
2025-08-16T23:53:22.9378791Z #28 9.029 Setting up libcom-err2:amd64 (1.47.2-3+b3) ...
2025-08-16T23:53:22.9379329Z #28 9.034 Setting up libkrb5support0:amd64 (1.21.3-5) ...
2025-08-16T23:53:22.9379967Z #28 9.038 Setting up libsasl2-modules-db:amd64 (2.1.28+dfsg1-9) ...
2025-08-16T23:53:22.9380551Z #28 9.046 Setting up libp11-kit0:amd64 (0.25.5-3) ...
2025-08-16T23:53:22.9381049Z #28 9.050 Setting up libunistring5:amd64 (1.3-2) ...
2025-08-16T23:53:22.9381567Z #28 9.055 Setting up libk5crypto3:amd64 (1.21.3-5) ...
2025-08-16T23:53:22.9382109Z #28 9.059 Setting up libsasl2-2:amd64 (2.1.28+dfsg1-9) ...
2025-08-16T23:53:22.9382641Z #28 9.064 Setting up libnghttp3-9:amd64 (1.8.0-1) ...
2025-08-16T23:53:22.9383151Z #28 9.066 Setting up perl-modules-5.40 (5.40.1-6) ...
2025-08-16T23:53:22.9383635Z #28 9.071 Setting up sensible-utils (0.0.25) ...
2025-08-16T23:53:22.9384140Z #28 9.077 Setting up libtasn1-6:amd64 (4.20.0-2) ...
2025-08-16T23:53:22.9384650Z #28 9.080 Setting up libkrb5-3:amd64 (1.21.3-5) ...
2025-08-16T23:53:22.9385154Z #28 9.086 Setting up libssh2-1t64:amd64 (1.11.1-1) ...
2025-08-16T23:53:22.9385665Z #28 9.089 Setting up libldap2:amd64 (2.6.10+dfsg-1) ...
2025-08-16T23:53:22.9386176Z #28 9.095 Setting up libidn2-0:amd64 (2.3.8-2) ...
2025-08-16T23:53:22.9386858Z #28 9.102 Setting up libperl5.40:amd64 (5.40.1-6) ...
2025-08-16T23:53:22.9387236Z #28 9.108 Setting up perl (5.40.1-6) ...
2025-08-16T23:53:22.9387647Z #28 9.125 Setting up libgssapi-krb5-2:amd64 (1.21.3-5) ...
2025-08-16T23:53:22.9388064Z #28 9.143 Setting up libgnutls30t64:amd64 (3.8.9-3) ...
2025-08-16T23:53:22.9388499Z #28 9.149 Setting up postgresql-client-common (278) ...
2025-08-16T23:53:22.9388928Z #28 9.181 Setting up libpsl5t64:amd64 (0.21.2-1.1+b1) ...
2025-08-16T23:53:22.9389327Z #28 9.188 Setting up libpq5:amd64 (17.5-1) ...
2025-08-16T23:53:22.9389780Z #28 9.195 Setting up librtmp1:amd64 (2.4+20151223.gitfa8646d.1-2+b5) ...
2025-08-16T23:53:22.9390251Z #28 9.207 Setting up libcurl4t64:amd64 (8.14.1-2) ...
2025-08-16T23:53:22.9390655Z #28 9.214 Setting up postgresql-client-17 (17.5-1) ...
2025-08-16T23:53:22.9391544Z #28 10.01 update-alternatives: using /usr/share/postgresql/17/man/man1/psql.1.gz to provide /usr/share/man/man1/psql.1.gz (psql.1.gz) in auto mode
2025-08-16T23:53:23.0192461Z #28 10.08 Setting up curl (8.14.1-2) ...
2025-08-16T23:53:23.0193482Z #28 10.09 Setting up postgresql-client (17+278) ...
2025-08-16T23:53:23.0195629Z #28 10.10 Processing triggers for libc-bin (2.41-12) ...
2025-08-16T23:53:23.0214770Z #28 10.14 + rm -rf /var/lib/apt/lists/auxfiles /var/lib/apt/lists/deb.debian.org_debian-security_dists_trixie-security_InRelease /var/lib/apt/lists/deb.debian.org_debian-security_dists_trixie-security_main_binary-amd64_Packages.lz4 /var/lib/apt/lists/deb.debian.org_debian_dists_trixie-updates_InRelease /var/lib/apt/lists/deb.debian.org_debian_dists_trixie-updates_main_binary-amd64_Packages.lz4 /var/lib/apt/lists/deb.debian.org_debian_dists_trixie_InRelease /var/lib/apt/lists/deb.debian.org_debian_dists_trixie_main_binary-amd64_Packages.lz4 /var/lib/apt/lists/lock /var/lib/apt/lists/partial
2025-08-16T23:53:23.0218451Z #28 ...
2025-08-16T23:53:23.0218597Z 
2025-08-16T23:53:23.0219067Z #29 [etl base 4/5] RUN if [ -n "" ] && [ -f "" ]; then         pip install -r requirements.txt -c "";     else         pip install -r requirements.txt;     fi
2025-08-16T23:53:23.0219840Z #29 2.976 Collecting keepa==1.3.14 (from -r requirements.txt (line 1))
2025-08-16T23:53:23.0220425Z #29 3.089   Downloading keepa-1.3.14-py3-none-any.whl.metadata (10 kB)
2025-08-16T23:53:23.0220991Z #29 3.157 Collecting minio==7.1.15 (from -r requirements.txt (line 2))
2025-08-16T23:53:23.0221579Z #29 3.183   Downloading minio-7.1.15-py3-none-any.whl.metadata (4.2 kB)
2025-08-16T23:53:23.0222230Z #29 3.335 Collecting python-amazon-sp-api==0.8.0 (from -r requirements.txt (line 3))
2025-08-16T23:53:23.0222948Z #29 3.364   Downloading python_amazon_sp_api-0.8.0-py3-none-any.whl.metadata (3.2 kB)
2025-08-16T23:53:23.0223640Z #29 3.405 Collecting pydantic-settings==2.2.1 (from -r requirements.txt (line 4))
2025-08-16T23:53:23.0224318Z #29 3.424   Downloading pydantic_settings-2.2.1-py3-none-any.whl.metadata (3.1 kB)
2025-08-16T23:53:23.0225060Z #29 3.777 Collecting numpy>=1.9.3 (from keepa==1.3.14->-r requirements.txt (line 1))
2025-08-16T23:53:23.0225829Z #29 3.792   Downloading numpy-2.3.2-cp312-cp312-manylinux_2_27_x86_64.manylinux_2_28_x86_64.whl.metadata (62 kB)
2025-08-16T23:53:23.0227071Z #29 3.883 Collecting requests>=2.2 (from keepa==1.3.14->-r requirements.txt (line 1))
2025-08-16T23:53:23.0227717Z #29 3.900   Downloading requests-2.32.4-py3-none-any.whl.metadata (4.9 kB)
2025-08-16T23:53:23.0228329Z #29 3.977 Collecting tqdm (from keepa==1.3.14->-r requirements.txt (line 1))
2025-08-16T23:53:23.0228910Z #29 3.995   Downloading tqdm-4.67.1-py3-none-any.whl.metadata (57 kB)
2025-08-16T23:53:23.0229511Z #29 4.777 Collecting aiohttp (from keepa==1.3.14->-r requirements.txt (line 1))
2025-08-16T23:53:23.0230303Z #29 4.793   Downloading aiohttp-3.12.15-cp312-cp312-manylinux_2_17_x86_64.manylinux2014_x86_64.whl.metadata (7.7 kB)
2025-08-16T23:53:23.0231134Z #29 4.981 Collecting pandas<=3.0 (from keepa==1.3.14->-r requirements.txt (line 1))
2025-08-16T23:53:23.0231927Z #29 4.998   Downloading pandas-2.3.1-cp312-cp312-manylinux_2_17_x86_64.manylinux2014_x86_64.whl.metadata (91 kB)
2025-08-16T23:53:23.0232714Z #29 5.277 Collecting pydantic (from keepa==1.3.14->-r requirements.txt (line 1))
2025-08-16T23:53:23.0233340Z #29 5.436   Downloading pydantic-2.11.7-py3-none-any.whl.metadata (67 kB)
2025-08-16T23:53:23.0233971Z #29 5.750 Collecting certifi (from minio==7.1.15->-r requirements.txt (line 2))
2025-08-16T23:53:23.0234607Z #29 5.767   Downloading certifi-2025.8.3-py3-none-any.whl.metadata (2.4 kB)
2025-08-16T23:53:23.0235233Z #29 5.853 Collecting urllib3 (from minio==7.1.15->-r requirements.txt (line 2))
2025-08-16T23:53:23.0235853Z #29 5.873   Downloading urllib3-2.5.0-py3-none-any.whl.metadata (6.5 kB)
2025-08-16T23:53:23.0236684Z #29 5.920 Collecting six<2,>=1.15 (from python-amazon-sp-api==0.8.0->-r requirements.txt (line 3))
2025-08-16T23:53:23.0237371Z #29 5.938   Downloading six-1.17.0-py2.py3-none-any.whl.metadata (1.7 kB)
2025-08-16T23:53:23.0238055Z #29 6.618 Collecting boto3<2,>=1.16.39 (from python-amazon-sp-api==0.8.0->-r requirements.txt (line 3))
2025-08-16T23:53:23.0238758Z #29 6.636   Downloading boto3-1.40.11-py3-none-any.whl.metadata (6.7 kB)
2025-08-16T23:53:23.0239469Z #29 6.674 Collecting cachetools~=4.2.0 (from python-amazon-sp-api==0.8.0->-r requirements.txt (line 3))
2025-08-16T23:53:23.0240201Z #29 6.688   Downloading cachetools-4.2.4-py3-none-any.whl.metadata (4.8 kB)
2025-08-16T23:53:23.0241252Z #29 6.828 Collecting pycryptodome (from python-amazon-sp-api==0.8.0->-r requirements.txt (line 3))
2025-08-16T23:53:23.0242271Z #29 6.844   Downloading pycryptodome-3.23.0-cp37-abi3-manylinux_2_17_x86_64.manylinux2014_x86_64.whl.metadata (3.4 kB)
2025-08-16T23:53:23.0243339Z #29 6.953 Collecting pytz (from python-amazon-sp-api==0.8.0->-r requirements.txt (line 3))
2025-08-16T23:53:23.0244020Z #29 6.971   Downloading pytz-2025.2-py2.py3-none-any.whl.metadata (22 kB)
2025-08-16T23:53:23.0244732Z #29 7.039 Collecting confuse~=1.4.0 (from python-amazon-sp-api==0.8.0->-r requirements.txt (line 3))
2025-08-16T23:53:23.0245463Z #29 7.063   Downloading confuse-1.4.0-py2.py3-none-any.whl.metadata (3.8 kB)
2025-08-16T23:53:23.0246229Z #29 7.122 Collecting python-dotenv>=0.21.0 (from pydantic-settings==2.2.1->-r requirements.txt (line 4))
2025-08-16T23:53:23.0265723Z #29 7.140   Downloading python_dotenv-1.1.1-py3-none-any.whl.metadata (24 kB)
2025-08-16T23:53:23.0290041Z #29 7.899 Collecting botocore<1.41.0,>=1.40.11 (from boto3<2,>=1.16.39->python-amazon-sp-api==0.8.0->-r requirements.txt (line 3))
2025-08-16T23:53:23.0291908Z #29 7.919   Downloading botocore-1.40.11-py3-none-any.whl.metadata (5.7 kB)
2025-08-16T23:53:23.0295507Z #29 7.959 Collecting jmespath<2.0.0,>=0.7.1 (from boto3<2,>=1.16.39->python-amazon-sp-api==0.8.0->-r requirements.txt (line 3))
2025-08-16T23:53:23.0298189Z #29 7.978   Downloading jmespath-1.0.1-py3-none-any.whl.metadata (7.6 kB)
2025-08-16T23:53:23.0300031Z #29 8.019 Collecting s3transfer<0.14.0,>=0.13.0 (from boto3<2,>=1.16.39->python-amazon-sp-api==0.8.0->-r requirements.txt (line 3))
2025-08-16T23:53:23.0302840Z #29 8.036   Downloading s3transfer-0.13.1-py3-none-any.whl.metadata (1.7 kB)
2025-08-16T23:53:23.0305445Z #29 8.112 Collecting pyyaml (from confuse~=1.4.0->python-amazon-sp-api==0.8.0->-r requirements.txt (line 3))
2025-08-16T23:53:23.0308034Z #29 8.133   Downloading PyYAML-6.0.2-cp312-cp312-manylinux_2_17_x86_64.manylinux2014_x86_64.whl.metadata (2.1 kB)
2025-08-16T23:53:23.0308978Z #29 8.196 Collecting python-dateutil>=2.8.2 (from pandas<=3.0->keepa==1.3.14->-r requirements.txt (line 1))
2025-08-16T23:53:23.0313884Z #29 8.212   Downloading python_dateutil-2.9.0.post0-py2.py3-none-any.whl.metadata (8.4 kB)
2025-08-16T23:53:23.0314697Z #29 8.262 Collecting tzdata>=2022.7 (from pandas<=3.0->keepa==1.3.14->-r requirements.txt (line 1))
2025-08-16T23:53:23.0315427Z #29 8.279   Downloading tzdata-2025.2-py2.py3-none-any.whl.metadata (1.4 kB)
2025-08-16T23:53:23.0316184Z #29 8.321 Collecting annotated-types>=0.6.0 (from pydantic->keepa==1.3.14->-r requirements.txt (line 1))
2025-08-16T23:53:23.0317104Z #29 8.341   Downloading annotated_types-0.7.0-py3-none-any.whl.metadata (15 kB)
2025-08-16T23:53:23.0317874Z #29 9.321 Collecting pydantic-core==2.33.2 (from pydantic->keepa==1.3.14->-r requirements.txt (line 1))
2025-08-16T23:53:23.0318801Z #29 9.339   Downloading pydantic_core-2.33.2-cp312-cp312-manylinux_2_17_x86_64.manylinux2014_x86_64.whl.metadata (6.8 kB)
2025-08-16T23:53:23.0319757Z #29 9.387 Collecting typing-extensions>=4.12.2 (from pydantic->keepa==1.3.14->-r requirements.txt (line 1))
2025-08-16T23:53:23.0320672Z #29 9.406   Downloading typing_extensions-4.14.1-py3-none-any.whl.metadata (3.0 kB)
2025-08-16T23:53:23.0321478Z #29 9.443 Collecting typing-inspection>=0.4.0 (from pydantic->keepa==1.3.14->-r requirements.txt (line 1))
2025-08-16T23:53:23.0322277Z #29 9.461   Downloading typing_inspection-0.4.1-py3-none-any.whl.metadata (2.6 kB)
2025-08-16T23:53:23.0323072Z #29 9.609 Collecting charset_normalizer<4,>=2 (from requests>=2.2->keepa==1.3.14->-r requirements.txt (line 1))
2025-08-16T23:53:23.0324153Z #29 9.627   Downloading charset_normalizer-3.4.3-cp312-cp312-manylinux2014_x86_64.manylinux_2_17_x86_64.manylinux_2_28_x86_64.whl.metadata (36 kB)
2025-08-16T23:53:23.0325162Z #29 9.681 Collecting idna<4,>=2.5 (from requests>=2.2->keepa==1.3.14->-r requirements.txt (line 1))
2025-08-16T23:53:23.0325823Z #29 9.699   Downloading idna-3.10-py3-none-any.whl.metadata (10 kB)
2025-08-16T23:53:23.0347194Z #29 9.795 Collecting aiohappyeyeballs>=2.5.0 (from aiohttp->keepa==1.3.14->-r requirements.txt (line 1))
2025-08-16T23:53:23.0348045Z #29 9.817   Downloading aiohappyeyeballs-2.6.1-py3-none-any.whl.metadata (5.9 kB)
2025-08-16T23:53:23.0349019Z #29 9.860 Collecting aiosignal>=1.4.0 (from aiohttp->keepa==1.3.14->-r requirements.txt (line 1))
2025-08-16T23:53:23.0349728Z #29 9.878   Downloading aiosignal-1.4.0-py3-none-any.whl.metadata (3.7 kB)
2025-08-16T23:53:23.0350418Z #29 9.925 Collecting attrs>=17.3.0 (from aiohttp->keepa==1.3.14->-r requirements.txt (line 1))
2025-08-16T23:53:23.0351081Z #29 9.942   Downloading attrs-25.3.0-py3-none-any.whl.metadata (10 kB)
2025-08-16T23:53:23.0351763Z #29 10.06 Collecting frozenlist>=1.1.1 (from aiohttp->keepa==1.3.14->-r requirements.txt (line 1))
2025-08-16T23:53:23.0352808Z #29 10.08   Downloading frozenlist-1.7.0-cp312-cp312-manylinux_2_5_x86_64.manylinux1_x86_64.manylinux_2_17_x86_64.manylinux2014_x86_64.whl.metadata (18 kB)
2025-08-16T23:53:23.1698338Z #29 ...
2025-08-16T23:53:23.1702485Z 
2025-08-16T23:53:23.1702853Z #30 [api base  4/12] RUN pip install --no-cache-dir -r requirements.txt
2025-08-16T23:53:23.1703637Z #30 2.991 Collecting uvicorn==0.29.0 (from -r requirements.txt (line 1))
2025-08-16T23:53:23.1710211Z #30 3.071   Downloading uvicorn-0.29.0-py3-none-any.whl.metadata (6.3 kB)
2025-08-16T23:53:23.1711212Z #30 3.102 Collecting pydantic-settings==2.2.1 (from -r requirements.txt (line 2))
2025-08-16T23:53:23.1727702Z #30 3.123   Downloading pydantic_settings-2.2.1-py3-none-any.whl.metadata (3.1 kB)
2025-08-16T23:53:23.1730567Z #30 3.219 Collecting fastapi==0.111.0 (from -r requirements.txt (line 3))
2025-08-16T23:53:23.1731374Z #30 3.241   Downloading fastapi-0.111.0-py3-none-any.whl.metadata (25 kB)
2025-08-16T23:53:23.1732372Z #30 3.655 Collecting sqlalchemy==2.0.29 (from -r requirements.txt (line 4))
2025-08-16T23:53:23.1733483Z #30 3.676   Downloading SQLAlchemy-2.0.29-cp312-cp312-manylinux_2_17_x86_64.manylinux2014_x86_64.whl.metadata (9.6 kB)
2025-08-16T23:53:23.1734535Z #30 3.754 Collecting alembic==1.13.1 (from -r requirements.txt (line 5))
2025-08-16T23:53:23.1735326Z #30 3.775   Downloading alembic-1.13.1-py3-none-any.whl.metadata (7.4 kB)
2025-08-16T23:53:23.1736210Z #30 3.818 Collecting psycopg==3.2.9 (from psycopg[binary]==3.2.9->-r requirements.txt (line 6))
2025-08-16T23:53:23.1771981Z #30 3.840   Downloading psycopg-3.2.9-py3-none-any.whl.metadata (4.5 kB)
2025-08-16T23:53:23.1772785Z #30 3.902 Collecting httpx==0.27.2 (from -r requirements.txt (line 7))
2025-08-16T23:53:23.1773531Z #30 3.919   Downloading httpx-0.27.2-py3-none-any.whl.metadata (7.1 kB)
2025-08-16T23:53:23.1774283Z #30 4.005 Collecting asyncpg==0.29.0 (from -r requirements.txt (line 8))
2025-08-16T23:53:23.1775251Z #30 4.029   Downloading asyncpg-0.29.0-cp312-cp312-manylinux_2_17_x86_64.manylinux2014_x86_64.whl.metadata (4.4 kB)
2025-08-16T23:53:23.1776220Z #30 4.519 Collecting boto3==1.34.162 (from -r requirements.txt (line 9))
2025-08-16T23:53:23.1777219Z #30 4.544   Downloading boto3-1.34.162-py3-none-any.whl.metadata (6.6 kB)
2025-08-16T23:53:23.1777981Z #30 4.578 Collecting Jinja2==3.1.5 (from -r requirements.txt (line 10))
2025-08-16T23:53:23.1778733Z #30 4.595   Downloading jinja2-3.1.5-py3-none-any.whl.metadata (2.6 kB)
2025-08-16T23:53:23.1779524Z #30 4.653 Collecting click>=7.0 (from uvicorn==0.29.0->-r requirements.txt (line 1))
2025-08-16T23:53:23.1780338Z #30 4.682   Downloading click-8.2.1-py3-none-any.whl.metadata (2.5 kB)
2025-08-16T23:53:23.1781104Z #30 4.704 Collecting h11>=0.8 (from uvicorn==0.29.0->-r requirements.txt (line 1))
2025-08-16T23:53:23.1781854Z #30 4.722   Downloading h11-0.16.0-py3-none-any.whl.metadata (8.3 kB)
2025-08-16T23:53:23.1782701Z #30 4.896 Collecting pydantic>=2.3.0 (from pydantic-settings==2.2.1->-r requirements.txt (line 2))
2025-08-16T23:53:23.1783606Z #30 4.917   Downloading pydantic-2.11.7-py3-none-any.whl.metadata (67 kB)
2025-08-16T23:53:23.1784879Z #30 4.968 Collecting python-dotenv>=0.21.0 (from pydantic-settings==2.2.1->-r requirements.txt (line 2))
2025-08-16T23:53:23.1785847Z #30 4.987   Downloading python_dotenv-1.1.1-py3-none-any.whl.metadata (24 kB)
2025-08-16T23:53:23.1787169Z #30 5.041 Collecting starlette<0.38.0,>=0.37.2 (from fastapi==0.111.0->-r requirements.txt (line 3))
2025-08-16T23:53:23.1788081Z #30 5.059   Downloading starlette-0.37.2-py3-none-any.whl.metadata (5.9 kB)
2025-08-16T23:53:23.1789002Z #30 5.199 Collecting typing-extensions>=4.8.0 (from fastapi==0.111.0->-r requirements.txt (line 3))
2025-08-16T23:53:23.1789963Z #30 5.227   Downloading typing_extensions-4.14.1-py3-none-any.whl.metadata (3.0 kB)
2025-08-16T23:53:23.1790883Z #30 5.259 Collecting fastapi-cli>=0.0.2 (from fastapi==0.111.0->-r requirements.txt (line 3))
2025-08-16T23:53:23.1791739Z #30 5.285   Downloading fastapi_cli-0.0.8-py3-none-any.whl.metadata (6.3 kB)
2025-08-16T23:53:23.1792640Z #30 5.330 Collecting python-multipart>=0.0.7 (from fastapi==0.111.0->-r requirements.txt (line 3))
2025-08-16T23:53:23.1793594Z #30 5.473   Downloading python_multipart-0.0.20-py3-none-any.whl.metadata (1.8 kB)
2025-08-16T23:53:23.1794565Z #30 5.589 Collecting ujson!=4.0.2,!=4.1.0,!=4.2.0,!=4.3.0,!=5.0.0,!=5.1.0,>=4.0.1 (from fastapi==0.111.0->-r requirements.txt (line 3))
2025-08-16T23:53:23.1795675Z #30 5.721   Downloading ujson-5.10.0-cp312-cp312-manylinux_2_17_x86_64.manylinux2014_x86_64.whl.metadata (9.3 kB)
2025-08-16T23:53:23.1825540Z #30 6.060 Collecting orjson>=3.2.1 (from fastapi==0.111.0->-r requirements.txt (line 3))
2025-08-16T23:53:23.1827467Z #30 6.087   Downloading orjson-3.11.2-cp312-cp312-manylinux_2_17_x86_64.manylinux2014_x86_64.whl.metadata (1.2 kB)
2025-08-16T23:53:23.1829539Z #30 6.125 Collecting email_validator>=2.0.0 (from fastapi==0.111.0->-r requirements.txt (line 3))
2025-08-16T23:53:23.1832685Z #30 6.134   Downloading email_validator-2.2.0-py3-none-any.whl.metadata (25 kB)
2025-08-16T23:53:23.1833595Z #30 6.355 Collecting greenlet!=0.4.17 (from sqlalchemy==2.0.29->-r requirements.txt (line 4))
2025-08-16T23:53:23.1834690Z #30 6.377   Downloading greenlet-3.2.4-cp312-cp312-manylinux_2_24_x86_64.manylinux_2_28_x86_64.whl.metadata (4.1 kB)
2025-08-16T23:53:23.1835710Z #30 6.444 Collecting Mako (from alembic==1.13.1->-r requirements.txt (line 5))
2025-08-16T23:53:23.1842176Z #30 6.463   Downloading mako-1.3.10-py3-none-any.whl.metadata (2.9 kB)
2025-08-16T23:53:23.1843190Z #30 6.525 Collecting anyio (from httpx==0.27.2->-r requirements.txt (line 7))
2025-08-16T23:53:23.1844182Z #30 6.542   Downloading anyio-4.10.0-py3-none-any.whl.metadata (4.0 kB)
2025-08-16T23:53:23.1845365Z #30 6.580 Collecting certifi (from httpx==0.27.2->-r requirements.txt (line 7))
2025-08-16T23:53:23.1846527Z #30 6.597   Downloading certifi-2025.8.3-py3-none-any.whl.metadata (2.4 kB)
2025-08-16T23:53:23.1847580Z #30 6.635 Collecting httpcore==1.* (from httpx==0.27.2->-r requirements.txt (line 7))
2025-08-16T23:53:23.1848895Z #30 6.652   Downloading httpcore-1.0.9-py3-none-any.whl.metadata (21 kB)
2025-08-16T23:53:23.1849966Z #30 6.685 Collecting idna (from httpx==0.27.2->-r requirements.txt (line 7))
2025-08-16T23:53:23.1851215Z #30 6.702   Downloading idna-3.10-py3-none-any.whl.metadata (10 kB)
2025-08-16T23:53:23.1852198Z #30 6.724 Collecting sniffio (from httpx==0.27.2->-r requirements.txt (line 7))
2025-08-16T23:53:23.1853111Z #30 6.742   Downloading sniffio-1.3.1-py3-none-any.whl.metadata (3.9 kB)
2025-08-16T23:53:23.1853973Z #30 7.374 Collecting botocore<1.35.0,>=1.34.162 (from boto3==1.34.162->-r requirements.txt (line 9))
2025-08-16T23:53:23.1854862Z #30 7.391   Downloading botocore-1.34.162-py3-none-any.whl.metadata (5.7 kB)
2025-08-16T23:53:23.1855731Z #30 7.421 Collecting jmespath<2.0.0,>=0.7.1 (from boto3==1.34.162->-r requirements.txt (line 9))
2025-08-16T23:53:23.1856752Z #30 7.439   Downloading jmespath-1.0.1-py3-none-any.whl.metadata (7.6 kB)
2025-08-16T23:53:23.1857625Z #30 7.481 Collecting s3transfer<0.11.0,>=0.10.0 (from boto3==1.34.162->-r requirements.txt (line 9))
2025-08-16T23:53:23.1858801Z #30 7.500   Downloading s3transfer-0.10.4-py3-none-any.whl.metadata (1.7 kB)
2025-08-16T23:53:23.1859677Z #30 7.594 Collecting MarkupSafe>=2.0 (from Jinja2==3.1.5->-r requirements.txt (line 10))
2025-08-16T23:53:23.1860961Z #30 7.612   Downloading MarkupSafe-3.0.2-cp312-cp312-manylinux_2_17_x86_64.manylinux2014_x86_64.whl.metadata (4.0 kB)
2025-08-16T23:53:23.1862120Z #30 7.851 Collecting psycopg-binary==3.2.9 (from psycopg[binary]==3.2.9->-r requirements.txt (line 6))
2025-08-16T23:53:23.1863304Z #30 7.872   Downloading psycopg_binary-3.2.9-cp312-cp312-manylinux_2_17_x86_64.manylinux2014_x86_64.whl.metadata (2.9 kB)
2025-08-16T23:53:23.1864540Z #30 7.912 Collecting python-dateutil<3.0.0,>=2.1 (from botocore<1.35.0,>=1.34.162->boto3==1.34.162->-r requirements.txt (line 9))
2025-08-16T23:53:23.1865631Z #30 7.930   Downloading python_dateutil-2.9.0.post0-py2.py3-none-any.whl.metadata (8.4 kB)
2025-08-16T23:53:23.1867039Z #30 7.998 Collecting urllib3!=2.2.0,<3,>=1.25.4 (from botocore<1.35.0,>=1.34.162->boto3==1.34.162->-r requirements.txt (line 9))
2025-08-16T23:53:23.1868420Z #30 8.017   Downloading urllib3-2.5.0-py3-none-any.whl.metadata (6.5 kB)
2025-08-16T23:53:23.1869628Z #30 8.053 Collecting dnspython>=2.0.0 (from email_validator>=2.0.0->fastapi==0.111.0->-r requirements.txt (line 3))
2025-08-16T23:53:23.1871053Z #30 8.073   Downloading dnspython-2.7.0-py3-none-any.whl.metadata (5.8 kB)
2025-08-16T23:53:23.1872183Z #30 8.120 Collecting typer>=0.15.1 (from fastapi-cli>=0.0.2->fastapi==0.111.0->-r requirements.txt (line 3))
2025-08-16T23:53:23.1873495Z #30 8.140   Downloading typer-0.16.0-py3-none-any.whl.metadata (15 kB)
2025-08-16T23:53:23.1874639Z #30 8.199 Collecting rich-toolkit>=0.14.8 (from fastapi-cli>=0.0.2->fastapi==0.111.0->-r requirements.txt (line 3))
2025-08-16T23:53:23.1878421Z #30 8.217   Downloading rich_toolkit-0.15.0-py3-none-any.whl.metadata (1.0 kB)
2025-08-16T23:53:23.1879716Z #30 8.254 Collecting annotated-types>=0.6.0 (from pydantic>=2.3.0->pydantic-settings==2.2.1->-r requirements.txt (line 2))
2025-08-16T23:53:23.1881195Z #30 8.271   Downloading annotated_types-0.7.0-py3-none-any.whl.metadata (15 kB)
2025-08-16T23:53:23.1882627Z #30 9.333 Collecting pydantic-core==2.33.2 (from pydantic>=2.3.0->pydantic-settings==2.2.1->-r requirements.txt (line 2))
2025-08-16T23:53:23.1884298Z #30 9.351   Downloading pydantic_core-2.33.2-cp312-cp312-manylinux_2_17_x86_64.manylinux2014_x86_64.whl.metadata (6.8 kB)
2025-08-16T23:53:23.1886022Z #30 9.390 Collecting typing-inspection>=0.4.0 (from pydantic>=2.3.0->pydantic-settings==2.2.1->-r requirements.txt (line 2))
2025-08-16T23:53:23.1887914Z #30 9.409   Downloading typing_inspection-0.4.1-py3-none-any.whl.metadata (2.6 kB)
2025-08-16T23:53:23.1889367Z #30 9.924 Collecting httptools>=0.5.0 (from uvicorn[standard]>=0.12.0->fastapi==0.111.0->-r requirements.txt (line 3))
2025-08-16T23:53:23.1891205Z #30 9.941   Downloading httptools-0.6.4-cp312-cp312-manylinux_2_5_x86_64.manylinux1_x86_64.manylinux_2_17_x86_64.manylinux2014_x86_64.whl.metadata (3.6 kB)
2025-08-16T23:53:23.1892928Z #30 10.02 Collecting pyyaml>=5.1 (from uvicorn[standard]>=0.12.0->fastapi==0.111.0->-r requirements.txt (line 3))
2025-08-16T23:53:23.1894462Z #30 10.04   Downloading PyYAML-6.0.2-cp312-cp312-manylinux_2_17_x86_64.manylinux2014_x86_64.whl.metadata (2.1 kB)
2025-08-16T23:53:23.1895863Z #30 10.12 Collecting uvloop!=0.15.0,!=0.15.1,>=0.14.0 (from uvicorn[standard]>=0.12.0->fastapi==0.111.0->-r requirements.txt (line 3))
2025-08-16T23:53:23.1897356Z #30 10.14   Downloading uvloop-0.21.0-cp312-cp312-manylinux_2_17_x86_64.manylinux2014_x86_64.whl.metadata (4.9 kB)
2025-08-16T23:53:23.1898352Z #30 ...
2025-08-16T23:53:23.1898516Z 
2025-08-16T23:53:23.1900158Z #28 [api stage-1 3/6] RUN set -eux;     if [ -f /etc/apt/sources.list ]; then         sed -i 's|http://deb.debian.org|https://deb.debian.org|g' /etc/apt/sources.list;     fi;     apt-get update;     apt-get install -y --no-install-recommends tzdata postgresql-client curl;     rm -rf /var/lib/apt/lists/*
2025-08-16T23:53:23.1901859Z #28 DONE 10.3s
2025-08-16T23:53:23.1902046Z 
2025-08-16T23:53:23.1902998Z #31 [fees_h10 base 4/5] RUN if [ -n "" ] && [ -f "" ]; then         pip install -r requirements.txt -c "";     else         pip install -r requirements.txt;     fi
2025-08-16T23:53:23.1904573Z #31 3.148 Collecting celery==5.4.* (from celery[redis]==5.4.*->-r requirements.txt (line 1))
2025-08-16T23:53:23.1905418Z #31 3.232   Downloading celery-5.4.0-py3-none-any.whl.metadata (21 kB)
2025-08-16T23:53:23.1906129Z #31 3.357 Collecting asyncpg (from -r requirements.txt (line 2))
2025-08-16T23:53:23.1907214Z #31 3.377   Downloading asyncpg-0.30.0-cp312-cp312-manylinux_2_17_x86_64.manylinux2014_x86_64.whl.metadata (5.0 kB)
2025-08-16T23:53:23.1908139Z #31 3.429 Collecting httpx (from -r requirements.txt (line 3))
2025-08-16T23:53:23.1908826Z #31 3.446   Downloading httpx-0.28.1-py3-none-any.whl.metadata (7.1 kB)
2025-08-16T23:53:23.1909564Z #31 3.943 Collecting sqlalchemy (from -r requirements.txt (line 4))
2025-08-16T23:53:23.1910540Z #31 3.961   Downloading sqlalchemy-2.0.43-cp312-cp312-manylinux_2_17_x86_64.manylinux2014_x86_64.whl.metadata (9.6 kB)
2025-08-16T23:53:23.1911942Z #31 4.034 Collecting billiard<5.0,>=4.2.0 (from celery==5.4.*->celery[redis]==5.4.*->-r requirements.txt (line 1))
2025-08-16T23:53:23.1912883Z #31 4.052   Downloading billiard-4.2.1-py3-none-any.whl.metadata (4.4 kB)
2025-08-16T23:53:23.1913774Z #31 4.115 Collecting kombu<6.0,>=5.3.4 (from celery==5.4.*->celery[redis]==5.4.*->-r requirements.txt (line 1))
2025-08-16T23:53:23.1914666Z #31 4.133   Downloading kombu-5.5.4-py3-none-any.whl.metadata (3.5 kB)
2025-08-16T23:53:23.1915521Z #31 4.179 Collecting vine<6.0,>=5.1.0 (from celery==5.4.*->celery[redis]==5.4.*->-r requirements.txt (line 1))
2025-08-16T23:53:23.1916566Z #31 4.195   Downloading vine-5.1.0-py3-none-any.whl.metadata (2.7 kB)
2025-08-16T23:53:23.1917445Z #31 4.259 Collecting click<9.0,>=8.1.2 (from celery==5.4.*->celery[redis]==5.4.*->-r requirements.txt (line 1))
2025-08-16T23:53:23.1918315Z #31 4.279   Downloading click-8.2.1-py3-none-any.whl.metadata (2.5 kB)
2025-08-16T23:53:23.1919269Z #31 4.313 Collecting click-didyoumean>=0.3.0 (from celery==5.4.*->celery[redis]==5.4.*->-r requirements.txt (line 1))
2025-08-16T23:53:23.1920300Z #31 4.333   Downloading click_didyoumean-0.3.1-py3-none-any.whl.metadata (3.9 kB)
2025-08-16T23:53:23.1921276Z #31 4.374 Collecting click-repl>=0.2.0 (from celery==5.4.*->celery[redis]==5.4.*->-r requirements.txt (line 1))
2025-08-16T23:53:23.1922205Z #31 4.403   Downloading click_repl-0.3.0-py3-none-any.whl.metadata (3.6 kB)
2025-08-16T23:53:23.1923142Z #31 4.451 Collecting click-plugins>=1.1.1 (from celery==5.4.*->celery[redis]==5.4.*->-r requirements.txt (line 1))
2025-08-16T23:53:23.1924406Z #31 4.471   Downloading click_plugins-1.1.1.2-py2.py3-none-any.whl.metadata (6.5 kB)
2025-08-16T23:53:23.1925401Z #31 4.518 Collecting tzdata>=2022.7 (from celery==5.4.*->celery[redis]==5.4.*->-r requirements.txt (line 1))
2025-08-16T23:53:23.1926491Z #31 4.532   Downloading tzdata-2025.2-py2.py3-none-any.whl.metadata (1.4 kB)
2025-08-16T23:53:23.1927481Z #31 4.569 Collecting python-dateutil>=2.8.2 (from celery==5.4.*->celery[redis]==5.4.*->-r requirements.txt (line 1))
2025-08-16T23:53:23.1928535Z #31 4.586   Downloading python_dateutil-2.9.0.post0-py2.py3-none-any.whl.metadata (8.4 kB)
2025-08-16T23:53:23.1929505Z #31 4.666 Collecting redis!=4.5.5,<6.0.0,>=4.5.2 (from celery[redis]==5.4.*->-r requirements.txt (line 1))
2025-08-16T23:53:23.1930379Z #31 4.687   Downloading redis-5.3.1-py3-none-any.whl.metadata (9.2 kB)
2025-08-16T23:53:23.1931111Z #31 4.741 Collecting anyio (from httpx->-r requirements.txt (line 3))
2025-08-16T23:53:23.1931830Z #31 4.758   Downloading anyio-4.10.0-py3-none-any.whl.metadata (4.0 kB)
2025-08-16T23:53:23.1932636Z #31 4.809 Collecting certifi (from httpx->-r requirements.txt (line 3))
2025-08-16T23:53:23.1933456Z #31 4.828   Downloading certifi-2025.8.3-py3-none-any.whl.metadata (2.4 kB)
2025-08-16T23:53:23.1934239Z #31 4.891 Collecting httpcore==1.* (from httpx->-r requirements.txt (line 3))
2025-08-16T23:53:23.1935252Z #31 4.911   Downloading httpcore-1.0.9-py3-none-any.whl.metadata (21 kB)
2025-08-16T23:53:23.1936021Z #31 4.953 Collecting idna (from httpx->-r requirements.txt (line 3))
2025-08-16T23:53:23.1937202Z #31 4.970   Downloading idna-3.10-py3-none-any.whl.metadata (10 kB)
2025-08-16T23:53:23.1937977Z #31 5.006 Collecting h11>=0.16 (from httpcore==1.*->httpx->-r requirements.txt (line 3))
2025-08-16T23:53:23.1938767Z #31 5.025   Downloading h11-0.16.0-py3-none-any.whl.metadata (8.3 kB)
2025-08-16T23:53:23.1939541Z #31 5.225 Collecting greenlet>=1 (from sqlalchemy->-r requirements.txt (line 4))
2025-08-16T23:53:23.1940562Z #31 5.249   Downloading greenlet-3.2.4-cp312-cp312-manylinux_2_24_x86_64.manylinux_2_28_x86_64.whl.metadata (4.1 kB)
2025-08-16T23:53:23.1941654Z #31 5.739 Collecting typing-extensions>=4.6.0 (from sqlalchemy->-r requirements.txt (line 4))
2025-08-16T23:53:23.1942589Z #31 5.756   Downloading typing_extensions-4.14.1-py3-none-any.whl.metadata (3.0 kB)
2025-08-16T23:53:23.1943700Z #31 5.882 Collecting prompt-toolkit>=3.0.36 (from click-repl>=0.2.0->celery==5.4.*->celery[redis]==5.4.*->-r requirements.txt (line 1))
2025-08-16T23:53:23.1944794Z #31 5.901   Downloading prompt_toolkit-3.0.51-py3-none-any.whl.metadata (6.4 kB)
2025-08-16T23:53:23.1945786Z #31 5.967 Collecting amqp<6.0.0,>=5.1.1 (from kombu<6.0,>=5.3.4->celery==5.4.*->celery[redis]==5.4.*->-r requirements.txt (line 1))
2025-08-16T23:53:23.1946891Z #31 5.984   Downloading amqp-5.3.1-py3-none-any.whl.metadata (8.9 kB)
2025-08-16T23:53:23.1947847Z #31 6.027 Collecting packaging (from kombu<6.0,>=5.3.4->celery==5.4.*->celery[redis]==5.4.*->-r requirements.txt (line 1))
2025-08-16T23:53:23.1948847Z #31 6.044   Downloading packaging-25.0-py3-none-any.whl.metadata (3.3 kB)
2025-08-16T23:53:23.1949848Z #31 6.104 Collecting six>=1.5 (from python-dateutil>=2.8.2->celery==5.4.*->celery[redis]==5.4.*->-r requirements.txt (line 1))
2025-08-16T23:53:23.1950819Z #31 6.122   Downloading six-1.17.0-py2.py3-none-any.whl.metadata (1.7 kB)
2025-08-16T23:53:23.1951730Z #31 6.170 Collecting PyJWT>=2.9.0 (from redis!=4.5.5,<6.0.0,>=4.5.2->celery[redis]==5.4.*->-r requirements.txt (line 1))
2025-08-16T23:53:23.1952619Z #31 6.186   Downloading PyJWT-2.10.1-py3-none-any.whl.metadata (4.0 kB)
2025-08-16T23:53:23.1953420Z #31 6.237 Collecting sniffio>=1.1 (from anyio->httpx->-r requirements.txt (line 3))
2025-08-16T23:53:23.1954225Z #31 6.255   Downloading sniffio-1.3.1-py3-none-any.whl.metadata (3.9 kB)
2025-08-16T23:53:23.1955300Z #31 6.315 Collecting wcwidth (from prompt-toolkit>=3.0.36->click-repl>=0.2.0->celery==5.4.*->celery[redis]==5.4.*->-r requirements.txt (line 1))
2025-08-16T23:53:23.1956732Z #31 6.336   Downloading wcwidth-0.2.13-py2.py3-none-any.whl.metadata (14 kB)
2025-08-16T23:53:23.1957479Z #31 6.374 Downloading celery-5.4.0-py3-none-any.whl (425 kB)
2025-08-16T23:53:23.1958333Z #31 6.438 Downloading asyncpg-0.30.0-cp312-cp312-manylinux_2_17_x86_64.manylinux2014_x86_64.whl (3.6 MB)
2025-08-16T23:53:23.1960362Z #31 6.510    ━━━━━━━━━━━━━━━━━━━━━━━━━━━━━━━━━━━━━━━━ 3.6/3.6 MB 52.2 MB/s eta 0:00:00
2025-08-16T23:53:23.1961016Z #31 6.528 Downloading httpx-0.28.1-py3-none-any.whl (73 kB)
2025-08-16T23:53:23.1961648Z #31 6.550 Downloading httpcore-1.0.9-py3-none-any.whl (78 kB)
2025-08-16T23:53:23.1962542Z #31 6.575 Downloading sqlalchemy-2.0.43-cp312-cp312-manylinux_2_17_x86_64.manylinux2014_x86_64.whl (3.3 MB)
2025-08-16T23:53:23.1963618Z #31 6.612    ━━━━━━━━━━━━━━━━━━━━━━━━━━━━━━━━━━━━━━━━ 3.3/3.3 MB 100.1 MB/s eta 0:00:00
2025-08-16T23:53:23.1964253Z #31 6.631 Downloading billiard-4.2.1-py3-none-any.whl (86 kB)
2025-08-16T23:53:23.1964863Z #31 6.652 Downloading click-8.2.1-py3-none-any.whl (102 kB)
2025-08-16T23:53:23.1965539Z #31 6.674 Downloading click_didyoumean-0.3.1-py3-none-any.whl (3.6 kB)
2025-08-16T23:53:23.1966485Z #31 6.695 Downloading click_plugins-1.1.1.2-py2.py3-none-any.whl (11 kB)
2025-08-16T23:53:23.1967230Z #31 6.716 Downloading click_repl-0.3.0-py3-none-any.whl (10 kB)
2025-08-16T23:53:23.1968396Z #31 6.742 Downloading greenlet-3.2.4-cp312-cp312-manylinux_2_24_x86_64.manylinux_2_28_x86_64.whl (607 kB)
2025-08-16T23:53:23.1969500Z #31 6.762    ━━━━━━━━━━━━━━━━━━━━━━━━━━━━━━━━━━━━━━━━ 607.6/607.6 kB 29.6 MB/s eta 0:00:00
2025-08-16T23:53:23.1970304Z #31 6.783 Downloading kombu-5.5.4-py3-none-any.whl (210 kB)
2025-08-16T23:53:23.1970849Z #31 6.813 Downloading vine-5.1.0-py3-none-any.whl (9.6 kB)
2025-08-16T23:53:23.1971530Z #31 6.836 Downloading python_dateutil-2.9.0.post0-py2.py3-none-any.whl (229 kB)
2025-08-16T23:53:23.1972185Z #31 6.863 Downloading redis-5.3.1-py3-none-any.whl (272 kB)
2025-08-16T23:53:23.1972759Z #31 6.898 Downloading typing_extensions-4.14.1-py3-none-any.whl (43 kB)
2025-08-16T23:53:23.1973359Z #31 6.918 Downloading tzdata-2025.2-py2.py3-none-any.whl (347 kB)
2025-08-16T23:53:23.1973963Z #31 6.942 Downloading anyio-4.10.0-py3-none-any.whl (107 kB)
2025-08-16T23:53:23.1974477Z #31 6.964 Downloading idna-3.10-py3-none-any.whl (70 kB)
2025-08-16T23:53:23.1974998Z #31 6.986 Downloading certifi-2025.8.3-py3-none-any.whl (161 kB)
2025-08-16T23:53:23.1975576Z #31 7.006 Downloading amqp-5.3.1-py3-none-any.whl (50 kB)
2025-08-16T23:53:23.1976116Z #31 7.028 Downloading h11-0.16.0-py3-none-any.whl (37 kB)
2025-08-16T23:53:23.1976928Z #31 7.060 Downloading prompt_toolkit-3.0.51-py3-none-any.whl (387 kB)
2025-08-16T23:53:23.1977573Z #31 7.087 Downloading PyJWT-2.10.1-py3-none-any.whl (22 kB)
2025-08-16T23:53:23.1978133Z #31 7.112 Downloading six-1.17.0-py2.py3-none-any.whl (11 kB)
2025-08-16T23:53:23.1978636Z #31 7.138 Downloading sniffio-1.3.1-py3-none-any.whl (10 kB)
2025-08-16T23:53:23.1979253Z #31 7.157 Downloading packaging-25.0-py3-none-any.whl (66 kB)
2025-08-16T23:53:23.1979911Z #31 7.180 Downloading wcwidth-0.2.13-py2.py3-none-any.whl (34 kB)
2025-08-16T23:53:23.1981978Z #31 7.330 Installing collected packages: wcwidth, vine, tzdata, typing-extensions, sniffio, six, PyJWT, prompt-toolkit, packaging, idna, h11, greenlet, click, certifi, billiard, asyncpg, sqlalchemy, redis, python-dateutil, httpcore, click-repl, click-plugins, click-didyoumean, anyio, amqp, kombu, httpx, celery
2025-08-16T23:53:23.3404634Z #31 ...
2025-08-16T23:53:23.3418991Z 
2025-08-16T23:53:23.3420410Z #27 [postgres 2/6] RUN set -eux;     if [ -f /etc/apt/sources.list ]; then         sed -i 's|http://deb.debian.org|https://deb.debian.org|g' /etc/apt/sources.list;     fi;     apt-get update;     apt-get install -y locales;     locale-gen en_US.UTF-8;     rm -rf /var/lib/apt/lists/*
2025-08-16T23:53:23.3422614Z #27 4.294 locales is already the newest version (2.41-12).
2025-08-16T23:53:23.3423589Z #27 4.294 0 upgraded, 0 newly installed, 0 to remove and 0 not upgraded.
2025-08-16T23:53:23.3425092Z #27 4.295 + locale-gen en_US.UTF-8
2025-08-16T23:53:23.3425786Z #27 4.299 Generating locales (this might take a while)...
2025-08-16T23:53:24.8949139Z #27 4.314   en_US.UTF-8... done
2025-08-16T23:53:24.8949943Z #27 5.866 Generation complete.
2025-08-16T23:53:24.8955780Z #27 5.867 + rm -rf /var/lib/apt/lists/apt.postgresql.org_pub_repos_apt_dists_trixie-pgdg_16_binary-amd64_Packages.lz4 /var/lib/apt/lists/apt.postgresql.org_pub_repos_apt_dists_trixie-pgdg_InRelease /var/lib/apt/lists/apt.postgresql.org_pub_repos_apt_dists_trixie-pgdg_main_binary-amd64_Packages.lz4 /var/lib/apt/lists/auxfiles /var/lib/apt/lists/deb.debian.org_debian-security_dists_trixie-security_InRelease /var/lib/apt/lists/deb.debian.org_debian-security_dists_trixie-security_main_binary-amd64_Packages.lz4 /var/lib/apt/lists/deb.debian.org_debian_dists_trixie-updates_InRelease /var/lib/apt/lists/deb.debian.org_debian_dists_trixie-updates_main_binary-amd64_Packages.lz4 /var/lib/apt/lists/deb.debian.org_debian_dists_trixie_InRelease /var/lib/apt/lists/deb.debian.org_debian_dists_trixie_main_binary-amd64_Packages.lz4 /var/lib/apt/lists/lock /var/lib/apt/lists/partial
2025-08-16T23:53:24.8971144Z #27 DONE 5.9s
2025-08-16T23:53:24.8996655Z 
2025-08-16T23:53:24.8997282Z #32 [postgres 3/6] COPY docker/postgres/pg_hba.conf /etc/postgresql/pg_hba.conf
2025-08-16T23:53:24.9990754Z #32 DONE 0.0s
2025-08-16T23:53:24.9993966Z 
2025-08-16T23:53:24.9995531Z #33 [postgres 4/6] COPY docker/postgres/init-pg_hba.sh /docker-entrypoint-initdb.d/10_init_pg_hba.sh
2025-08-16T23:53:24.9996504Z #33 DONE 0.0s
2025-08-16T23:53:24.9996980Z 
2025-08-16T23:53:24.9997378Z #34 [postgres 5/6] COPY docker/postgres/postgresql.conf /etc/postgresql/postgresql.conf
2025-08-16T23:53:24.9998061Z #34 DONE 0.0s
2025-08-16T23:53:24.9998245Z 
2025-08-16T23:53:24.9998522Z #30 [api base  4/12] RUN pip install --no-cache-dir -r requirements.txt
2025-08-16T23:53:24.9999426Z #30 10.31 Collecting watchfiles>=0.13 (from uvicorn[standard]>=0.12.0->fastapi==0.111.0->-r requirements.txt (line 3))
2025-08-16T23:53:25.0000544Z #30 10.33   Downloading watchfiles-1.1.0-cp312-cp312-manylinux_2_17_x86_64.manylinux2014_x86_64.whl.metadata (4.9 kB)
2025-08-16T23:53:25.0001237Z #30 10.46 Collecting websockets>=10.4 (from uvicorn[standard]>=0.12.0->fastapi==0.111.0->-r requirements.txt (line 3))
2025-08-16T23:53:25.0002034Z #30 10.48   Downloading websockets-15.0.1-cp312-cp312-manylinux_2_5_x86_64.manylinux1_x86_64.manylinux_2_17_x86_64.manylinux2014_x86_64.whl.metadata (6.8 kB)
2025-08-16T23:53:25.0002847Z #30 10.52 Collecting six>=1.5 (from python-dateutil<3.0.0,>=2.1->botocore<1.35.0,>=1.34.162->boto3==1.34.162->-r requirements.txt (line 9))
2025-08-16T23:53:25.0003413Z #30 10.54   Downloading six-1.17.0-py2.py3-none-any.whl.metadata (1.7 kB)
2025-08-16T23:53:25.0003964Z #30 10.61 Collecting rich>=13.7.1 (from rich-toolkit>=0.14.8->fastapi-cli>=0.0.2->fastapi==0.111.0->-r requirements.txt (line 3))
2025-08-16T23:53:25.0004497Z #30 10.63   Downloading rich-14.1.0-py3-none-any.whl.metadata (18 kB)
2025-08-16T23:53:25.0005026Z #30 10.68 Collecting shellingham>=1.3.0 (from typer>=0.15.1->fastapi-cli>=0.0.2->fastapi==0.111.0->-r requirements.txt (line 3))
2025-08-16T23:53:25.0005601Z #30 10.69   Downloading shellingham-1.5.4-py2.py3-none-any.whl.metadata (3.5 kB)
2025-08-16T23:53:25.0006224Z #30 10.77 Collecting markdown-it-py>=2.2.0 (from rich>=13.7.1->rich-toolkit>=0.14.8->fastapi-cli>=0.0.2->fastapi==0.111.0->-r requirements.txt (line 3))
2025-08-16T23:53:25.0007371Z #30 10.79   Downloading markdown_it_py-4.0.0-py3-none-any.whl.metadata (7.3 kB)
2025-08-16T23:53:25.0008110Z #30 10.84 Collecting pygments<3.0.0,>=2.13.0 (from rich>=13.7.1->rich-toolkit>=0.14.8->fastapi-cli>=0.0.2->fastapi==0.111.0->-r requirements.txt (line 3))
2025-08-16T23:53:25.0008711Z #30 10.86   Downloading pygments-2.19.2-py3-none-any.whl.metadata (2.5 kB)
2025-08-16T23:53:25.0009346Z #30 10.89 Collecting mdurl~=0.1 (from markdown-it-py>=2.2.0->rich>=13.7.1->rich-toolkit>=0.14.8->fastapi-cli>=0.0.2->fastapi==0.111.0->-r requirements.txt (line 3))
2025-08-16T23:53:25.0009991Z #30 10.91   Downloading mdurl-0.1.2-py3-none-any.whl.metadata (1.6 kB)
2025-08-16T23:53:25.0010368Z #30 10.93 Downloading uvicorn-0.29.0-py3-none-any.whl (60 kB)
2025-08-16T23:53:25.0010747Z #30 10.95 Downloading pydantic_settings-2.2.1-py3-none-any.whl (13 kB)
2025-08-16T23:53:25.0011134Z #30 10.97 Downloading fastapi-0.111.0-py3-none-any.whl (91 kB)
2025-08-16T23:53:25.0011625Z #30 11.00 Downloading SQLAlchemy-2.0.29-cp312-cp312-manylinux_2_17_x86_64.manylinux2014_x86_64.whl (3.2 MB)
2025-08-16T23:53:25.0012392Z #30 11.06    ━━━━━━━━━━━━━━━━━━━━━━━━━━━━━━━━━━━━━━━━ 3.2/3.2 MB 71.0 MB/s eta 0:00:00
2025-08-16T23:53:25.0012737Z #30 11.08 Downloading alembic-1.13.1-py3-none-any.whl (233 kB)
2025-08-16T23:53:25.0013086Z #30 11.10 Downloading psycopg-3.2.9-py3-none-any.whl (202 kB)
2025-08-16T23:53:25.0013417Z #30 11.11 Downloading httpx-0.27.2-py3-none-any.whl (76 kB)
2025-08-16T23:53:25.0013882Z #30 11.14 Downloading asyncpg-0.29.0-cp312-cp312-manylinux_2_17_x86_64.manylinux2014_x86_64.whl (3.3 MB)
2025-08-16T23:53:25.0014424Z #30 11.16    ━━━━━━━━━━━━━━━━━━━━━━━━━━━━━━━━━━━━━━━━ 3.3/3.3 MB 200.7 MB/s eta 0:00:00
2025-08-16T23:53:25.0014763Z #30 11.18 Downloading boto3-1.34.162-py3-none-any.whl (139 kB)
2025-08-16T23:53:25.0015099Z #30 11.20 Downloading jinja2-3.1.5-py3-none-any.whl (134 kB)
2025-08-16T23:53:25.0015617Z #30 11.22 Downloading httpcore-1.0.9-py3-none-any.whl (78 kB)
2025-08-16T23:53:25.0016144Z #30 11.24 Downloading psycopg_binary-3.2.9-cp312-cp312-manylinux_2_17_x86_64.manylinux2014_x86_64.whl (4.4 MB)
2025-08-16T23:53:25.0017296Z #30 11.28    ━━━━━━━━━━━━━━━━━━━━━━━━━━━━━━━━━━━━━━━━ 4.4/4.4 MB 127.8 MB/s eta 0:00:00
2025-08-16T23:53:25.0017666Z #30 11.29 Downloading botocore-1.34.162-py3-none-any.whl (12.5 MB)
2025-08-16T23:53:25.0018132Z #30 11.36    ━━━━━━━━━━━━━━━━━━━━━━━━━━━━━━━━━━━━━━━━ 12.5/12.5 MB 212.6 MB/s eta 0:00:00
2025-08-16T23:53:25.0018473Z #30 11.38 Downloading click-8.2.1-py3-none-any.whl (102 kB)
2025-08-16T23:53:25.0018849Z #30 11.39 Downloading email_validator-2.2.0-py3-none-any.whl (33 kB)
2025-08-16T23:53:25.0019224Z #30 11.41 Downloading fastapi_cli-0.0.8-py3-none-any.whl (10 kB)
2025-08-16T23:53:25.0019707Z #30 11.43 Downloading greenlet-3.2.4-cp312-cp312-manylinux_2_24_x86_64.manylinux_2_28_x86_64.whl (607 kB)
2025-08-16T23:53:25.0020304Z #30 11.43    ━━━━━━━━━━━━━━━━━━━━━━━━━━━━━━━━━━━━━━━ 607.6/607.6 kB 394.8 MB/s eta 0:00:00
2025-08-16T23:53:25.0020638Z #30 11.45 Downloading h11-0.16.0-py3-none-any.whl (37 kB)
2025-08-16T23:53:25.0020957Z #30 11.47 Downloading idna-3.10-py3-none-any.whl (70 kB)
2025-08-16T23:53:25.0021289Z #30 11.49 Downloading jmespath-1.0.1-py3-none-any.whl (20 kB)
2025-08-16T23:53:25.0021764Z #30 11.50 Downloading MarkupSafe-3.0.2-cp312-cp312-manylinux_2_17_x86_64.manylinux2014_x86_64.whl (23 kB)
2025-08-16T23:53:25.0022346Z #30 11.52 Downloading orjson-3.11.2-cp312-cp312-manylinux_2_17_x86_64.manylinux2014_x86_64.whl (121 kB)
2025-08-16T23:53:25.0022815Z #30 11.54 Downloading pydantic-2.11.7-py3-none-any.whl (444 kB)
2025-08-16T23:53:25.0023295Z #30 11.56 Downloading pydantic_core-2.33.2-cp312-cp312-manylinux_2_17_x86_64.manylinux2014_x86_64.whl (2.0 MB)
2025-08-16T23:53:25.0023862Z #30 11.57    ━━━━━━━━━━━━━━━━━━━━━━━━━━━━━━━━━━━━━━━━ 2.0/2.0 MB 365.3 MB/s eta 0:00:00
2025-08-16T23:53:25.0024219Z #30 11.58 Downloading python_dotenv-1.1.1-py3-none-any.whl (20 kB)
2025-08-16T23:53:25.0024631Z #30 11.60 Downloading python_multipart-0.0.20-py3-none-any.whl (24 kB)
2025-08-16T23:53:25.0025016Z #30 11.62 Downloading s3transfer-0.10.4-py3-none-any.whl (83 kB)
2025-08-16T23:53:25.0025377Z #30 11.64 Downloading starlette-0.37.2-py3-none-any.whl (71 kB)
2025-08-16T23:53:25.0025714Z #30 11.66 Downloading anyio-4.10.0-py3-none-any.whl (107 kB)
2025-08-16T23:53:25.0026042Z #30 11.68 Downloading sniffio-1.3.1-py3-none-any.whl (10 kB)
2025-08-16T23:53:25.0026591Z #30 11.70 Downloading typing_extensions-4.14.1-py3-none-any.whl (43 kB)
2025-08-16T23:53:25.0027090Z #30 11.72 Downloading ujson-5.10.0-cp312-cp312-manylinux_2_17_x86_64.manylinux2014_x86_64.whl (53 kB)
2025-08-16T23:53:25.0027686Z #30 11.73 Downloading certifi-2025.8.3-py3-none-any.whl (161 kB)
2025-08-16T23:53:25.0028220Z #30 11.75 Downloading mako-1.3.10-py3-none-any.whl (78 kB)
2025-08-16T23:53:25.0028578Z #30 11.77 Downloading annotated_types-0.7.0-py3-none-any.whl (13 kB)
2025-08-16T23:53:25.0028951Z #30 11.79 Downloading dnspython-2.7.0-py3-none-any.whl (313 kB)
2025-08-16T23:53:25.0029537Z #30 11.81 Downloading httptools-0.6.4-cp312-cp312-manylinux_2_5_x86_64.manylinux1_x86_64.manylinux_2_17_x86_64.manylinux2014_x86_64.whl (510 kB)
2025-08-16T23:53:25.0030178Z #30 11.83 Downloading python_dateutil-2.9.0.post0-py2.py3-none-any.whl (229 kB)
2025-08-16T23:53:25.0030696Z #30 11.85 Downloading PyYAML-6.0.2-cp312-cp312-manylinux_2_17_x86_64.manylinux2014_x86_64.whl (767 kB)
2025-08-16T23:53:25.0031261Z #30 11.86    ━━━━━━━━━━━━━━━━━━━━━━━━━━━━━━━━━━━━━━━ 767.5/767.5 kB 400.9 MB/s eta 0:00:00
2025-08-16T23:53:25.0031625Z #30 11.88 Downloading rich_toolkit-0.15.0-py3-none-any.whl (29 kB)
2025-08-16T23:53:25.0031985Z #30 11.90 Downloading typer-0.16.0-py3-none-any.whl (46 kB)
2025-08-16T23:53:25.0032343Z #30 11.92 Downloading typing_inspection-0.4.1-py3-none-any.whl (14 kB)
2025-08-16T23:53:25.0032710Z #30 11.94 Downloading urllib3-2.5.0-py3-none-any.whl (129 kB)
2025-08-16T23:53:25.0033316Z #30 11.98 Downloading uvloop-0.21.0-cp312-cp312-manylinux_2_17_x86_64.manylinux2014_x86_64.whl (4.7 MB)
2025-08-16T23:53:25.0033883Z #30 11.99    ━━━━━━━━━━━━━━━━━━━━━━━━━━━━━━━━━━━━━━━━ 4.7/4.7 MB 263.0 MB/s eta 0:00:00
2025-08-16T23:53:25.0034497Z #30 12.00 Downloading watchfiles-1.1.0-cp312-cp312-manylinux_2_17_x86_64.manylinux2014_x86_64.whl (452 kB)
2025-08-16T23:53:25.0035216Z #30 12.03 Downloading websockets-15.0.1-cp312-cp312-manylinux_2_5_x86_64.manylinux1_x86_64.manylinux_2_17_x86_64.manylinux2014_x86_64.whl (182 kB)
2025-08-16T23:53:25.0035800Z #30 12.05 Downloading rich-14.1.0-py3-none-any.whl (243 kB)
2025-08-16T23:53:25.0036167Z #30 12.06 Downloading shellingham-1.5.4-py2.py3-none-any.whl (9.8 kB)
2025-08-16T23:53:25.0036752Z #30 12.08 Downloading six-1.17.0-py2.py3-none-any.whl (11 kB)
2025-08-16T23:53:25.0037115Z #30 12.10 Downloading markdown_it_py-4.0.0-py3-none-any.whl (87 kB)
2025-08-16T23:53:25.0037481Z #30 12.12 Downloading pygments-2.19.2-py3-none-any.whl (1.2 MB)
2025-08-16T23:53:25.1088356Z #30 12.12    ━━━━━━━━━━━━━━━━━━━━━━━━━━━━━━━━━━━━━━━━ 1.2/1.2 MB 390.1 MB/s eta 0:00:00#30 ...
2025-08-16T23:53:25.1089181Z 
2025-08-16T23:53:25.1090112Z #35 [postgres 6/6] RUN chmod 0644 /etc/postgresql/pg_hba.conf &&     chmod +x /docker-entrypoint-initdb.d/10_init_pg_hba.sh
2025-08-16T23:53:25.1091214Z #35 DONE 0.1s
2025-08-16T23:53:25.1093781Z 
2025-08-16T23:53:25.1094487Z #30 [api base  4/12] RUN pip install --no-cache-dir -r requirements.txt
2025-08-16T23:53:25.1095445Z #30 12.12    ━━━━━━━━━━━━━━━━━━━━━━━━━━━━━━━━━━━━━━━━ 1.2/1.2 MB 390.1 MB/s eta 0:00:00
2025-08-16T23:53:25.1096630Z #30 12.15 Downloading mdurl-0.1.2-py3-none-any.whl (10.0 kB)
2025-08-16T23:53:25.3264600Z #30 12.44 Installing collected packages: websockets, uvloop, urllib3, ujson, typing-extensions, sniffio, six, shellingham, pyyaml, python-multipart, python-dotenv, pygments, psycopg-binary, orjson, mdurl, MarkupSafe, jmespath, idna, httptools, h11, greenlet, dnspython, click, certifi, asyncpg, annotated-types, uvicorn, typing-inspection, sqlalchemy, python-dateutil, pydantic-core, psycopg, markdown-it-py, Mako, Jinja2, httpcore, email_validator, anyio, watchfiles, starlette, rich, pydantic, httpx, botocore, alembic, typer, s3transfer, rich-toolkit, pydantic-settings, fastapi-cli, boto3, fastapi
2025-08-16T23:53:25.4649692Z #30 ...
2025-08-16T23:53:25.4677668Z 
2025-08-16T23:53:25.4678453Z #31 [fees_h10 base 4/5] RUN if [ -n "" ] && [ -f "" ]; then         pip install -r requirements.txt -c "";     else         pip install -r requirements.txt;     fi
2025-08-16T23:53:25.4681397Z #31 12.03 Successfully installed PyJWT-2.10.1 amqp-5.3.1 anyio-4.10.0 asyncpg-0.30.0 billiard-4.2.1 celery-5.4.0 certifi-2025.8.3 click-8.2.1 click-didyoumean-0.3.1 click-plugins-1.1.1.2 click-repl-0.3.0 greenlet-3.2.4 h11-0.16.0 httpcore-1.0.9 httpx-0.28.1 idna-3.10 kombu-5.5.4 packaging-25.0 prompt-toolkit-3.0.51 python-dateutil-2.9.0.post0 redis-5.3.1 six-1.17.0 sniffio-1.3.1 sqlalchemy-2.0.43 typing-extensions-4.14.1 tzdata-2025.2 vine-5.1.0 wcwidth-0.2.13
2025-08-16T23:53:25.4686060Z #31 12.03 WARNING: Running pip as the 'root' user can result in broken permissions and conflicting behaviour with the system package manager, possibly rendering your system unusable. It is recommended to use a virtual environment instead: https://pip.pypa.io/warnings/venv. Use the --root-user-action option if you know what you are doing and want to suppress this warning.
2025-08-16T23:53:25.4688732Z #31 12.18 
2025-08-16T23:53:25.4689162Z #31 12.18 [notice] A new release of pip is available: 25.0.1 -> 25.2
2025-08-16T23:53:25.4689786Z #31 12.18 [notice] To update, run: pip install --upgrade pip
2025-08-16T23:53:25.4690293Z #31 DONE 12.5s
2025-08-16T23:53:25.4690471Z 
2025-08-16T23:53:25.4690628Z #36 [fees_h10 base 5/5] COPY . .
2025-08-16T23:53:25.4690995Z #36 DONE 0.1s
2025-08-16T23:53:25.5739414Z 
2025-08-16T23:53:25.5742605Z #29 [etl base 4/5] RUN if [ -n "" ] && [ -f "" ]; then         pip install -r requirements.txt -c "";     else         pip install -r requirements.txt;     fi
2025-08-16T23:53:25.5760872Z #29 10.49 Collecting multidict<7.0,>=4.5 (from aiohttp->keepa==1.3.14->-r requirements.txt (line 1))
2025-08-16T23:53:25.5762098Z #29 10.51   Downloading multidict-6.6.4-cp312-cp312-manylinux2014_x86_64.manylinux_2_17_x86_64.manylinux_2_28_x86_64.whl.metadata (5.3 kB)
2025-08-16T23:53:25.5763318Z #29 10.58 Collecting propcache>=0.2.0 (from aiohttp->keepa==1.3.14->-r requirements.txt (line 1))
2025-08-16T23:53:25.5764390Z #29 10.60   Downloading propcache-0.3.2-cp312-cp312-manylinux_2_17_x86_64.manylinux2014_x86_64.whl.metadata (12 kB)
2025-08-16T23:53:25.5765516Z #29 11.02 Collecting yarl<2.0,>=1.17.0 (from aiohttp->keepa==1.3.14->-r requirements.txt (line 1))
2025-08-16T23:53:25.5766647Z #29 11.03   Downloading yarl-1.20.1-cp312-cp312-manylinux_2_17_x86_64.manylinux2014_x86_64.whl.metadata (73 kB)
2025-08-16T23:53:25.5767483Z #29 11.52 Downloading keepa-1.3.14-py3-none-any.whl (33 kB)
2025-08-16T23:53:25.5768082Z #29 11.54 Downloading minio-7.1.15-py3-none-any.whl (77 kB)
2025-08-16T23:53:25.5768742Z #29 11.56 Downloading python_amazon_sp_api-0.8.0-py3-none-any.whl (93 kB)
2025-08-16T23:53:25.5769482Z #29 11.59 Downloading pydantic_settings-2.2.1-py3-none-any.whl (13 kB)
2025-08-16T23:53:25.5770150Z #29 11.61 Downloading boto3-1.40.11-py3-none-any.whl (140 kB)
2025-08-16T23:53:25.5770751Z #29 11.63 Downloading cachetools-4.2.4-py3-none-any.whl (10 kB)
2025-08-16T23:53:25.5771385Z #29 11.68 Downloading confuse-1.4.0-py2.py3-none-any.whl (21 kB)
2025-08-16T23:53:25.5772237Z #29 11.70 Downloading numpy-2.3.2-cp312-cp312-manylinux_2_27_x86_64.manylinux_2_28_x86_64.whl (16.6 MB)
2025-08-16T23:53:25.5773450Z #29 11.84    ━━━━━━━━━━━━━━━━━━━━━━━━━━━━━━━━━━━━━━━━ 16.6/16.6 MB 132.0 MB/s eta 0:00:00
2025-08-16T23:53:25.5774271Z #29 11.86 Downloading pandas-2.3.1-cp312-cp312-manylinux_2_17_x86_64.manylinux2014_x86_64.whl (12.0 MB)
2025-08-16T23:53:25.5775249Z #29 11.99    ━━━━━━━━━━━━━━━━━━━━━━━━━━━━━━━━━━━━━━━━ 12.0/12.0 MB 90.6 MB/s eta 0:00:00
2025-08-16T23:53:25.5775874Z #29 12.01 Downloading pydantic-2.11.7-py3-none-any.whl (444 kB)
2025-08-16T23:53:25.5787139Z #29 12.05 Downloading pydantic_core-2.33.2-cp312-cp312-manylinux_2_17_x86_64.manylinux2014_x86_64.whl (2.0 MB)
2025-08-16T23:53:25.5788305Z #29 12.08    ━━━━━━━━━━━━━━━━━━━━━━━━━━━━━━━━━━━━━━━━ 2.0/2.0 MB 70.9 MB/s eta 0:00:00
2025-08-16T23:53:25.5789011Z #29 12.09 Downloading python_dotenv-1.1.1-py3-none-any.whl (20 kB)
2025-08-16T23:53:25.5789709Z #29 12.11 Downloading pytz-2025.2-py2.py3-none-any.whl (509 kB)
2025-08-16T23:53:25.5790363Z #29 12.14 Downloading requests-2.32.4-py3-none-any.whl (64 kB)
2025-08-16T23:53:25.5791027Z #29 12.16 Downloading certifi-2025.8.3-py3-none-any.whl (161 kB)
2025-08-16T23:53:25.5791668Z #29 12.18 Downloading six-1.17.0-py2.py3-none-any.whl (11 kB)
2025-08-16T23:53:25.5792267Z #29 12.21 Downloading urllib3-2.5.0-py3-none-any.whl (129 kB)
2025-08-16T23:53:25.5793115Z #29 12.23 Downloading aiohttp-3.12.15-cp312-cp312-manylinux_2_17_x86_64.manylinux2014_x86_64.whl (1.7 MB)
2025-08-16T23:53:25.5794456Z #29 12.27    ━━━━━━━━━━━━━━━━━━━━━━━━━━━━━━━━━━━━━━━━ 1.7/1.7 MB 63.4 MB/s eta 0:00:00
2025-08-16T23:53:25.5795381Z #29 12.30 Downloading pycryptodome-3.23.0-cp37-abi3-manylinux_2_17_x86_64.manylinux2014_x86_64.whl (2.3 MB)
2025-08-16T23:53:25.5796949Z #29 12.31    ━━━━━━━━━━━━━━━━━━━━━━━━━━━━━━━━━━━━━━━━ 2.3/2.3 MB 136.7 MB/s eta 0:00:00
2025-08-16T23:53:25.5797606Z #29 12.33 Downloading tqdm-4.67.1-py3-none-any.whl (78 kB)
2025-08-16T23:53:25.5798292Z #29 12.35 Downloading aiohappyeyeballs-2.6.1-py3-none-any.whl (15 kB)
2025-08-16T23:53:25.5799017Z #29 12.38 Downloading aiosignal-1.4.0-py3-none-any.whl (7.5 kB)
2025-08-16T23:53:25.5799688Z #29 12.40 Downloading annotated_types-0.7.0-py3-none-any.whl (13 kB)
2025-08-16T23:53:25.5800416Z #29 12.43 Downloading attrs-25.3.0-py3-none-any.whl (63 kB)
2025-08-16T23:53:25.5801049Z #29 12.46 Downloading botocore-1.40.11-py3-none-any.whl (14.0 MB)
2025-08-16T23:53:25.5801891Z #29 12.61    ━━━━━━━━━━━━━━━━━━━━━━━━━━━━━━━━━━━━━━━━ 14.0/14.0 MB 101.5 MB/s eta 0:00:00
2025-08-16T23:53:25.5802946Z #29 12.63 Downloading charset_normalizer-3.4.3-cp312-cp312-manylinux2014_x86_64.manylinux_2_17_x86_64.manylinux_2_28_x86_64.whl (151 kB)
2025-08-16T23:53:25.5804430Z #29 12.66 Downloading frozenlist-1.7.0-cp312-cp312-manylinux_2_5_x86_64.manylinux1_x86_64.manylinux_2_17_x86_64.manylinux2014_x86_64.whl (241 kB)
2025-08-16T23:53:25.5805491Z #29 12.67 Downloading idna-3.10-py3-none-any.whl (70 kB)
2025-08-16T23:53:25.6951645Z #29 12.69 Downloading jmespath-1.0.1-py3-none-any.whl (20 kB)
2025-08-16T23:53:25.6953908Z #29 12.75 Downloading multidict-6.6.4-cp312-cp312-manylinux2014_x86_64.manylinux_2_17_x86_64.manylinux_2_28_x86_64.whl (256 kB)
2025-08-16T23:53:25.6955108Z #29 12.75 Downloading propcache-0.3.2-cp312-cp312-manylinux_2_17_x86_64.manylinux2014_x86_64.whl (224 kB)
2025-08-16T23:53:25.6956043Z #29 12.77 Downloading python_dateutil-2.9.0.post0-py2.py3-none-any.whl (229 kB)
2025-08-16T23:53:25.6956937Z #29 12.80 Downloading s3transfer-0.13.1-py3-none-any.whl (85 kB)
2025-08-16T23:53:25.8053415Z #29 12.82 Downloading typing_extensions-4.14.1-py3-none-any.whl (43 kB)
2025-08-16T23:53:25.8054433Z #29 12.85 Downloading typing_inspection-0.4.1-py3-none-any.whl (14 kB)
2025-08-16T23:53:25.8055207Z #29 12.87 Downloading tzdata-2025.2-py2.py3-none-any.whl (347 kB)
2025-08-16T23:53:25.8056154Z #29 12.91 Downloading yarl-1.20.1-cp312-cp312-manylinux_2_17_x86_64.manylinux2014_x86_64.whl (355 kB)
2025-08-16T23:53:26.0280748Z #29 12.94 Downloading PyYAML-6.0.2-cp312-cp312-manylinux_2_17_x86_64.manylinux2014_x86_64.whl (767 kB)
2025-08-16T23:53:26.0281968Z #29 12.96    ━━━━━━━━━━━━━━━━━━━━━━━━━━━━━━━━━━━━━━━━ 767.5/767.5 kB 43.3 MB/s eta 0:00:00
2025-08-16T23:53:26.2475560Z #29 13.35 Installing collected packages: pytz, urllib3, tzdata, typing-extensions, tqdm, six, pyyaml, python-dotenv, pycryptodome, propcache, numpy, multidict, jmespath, idna, frozenlist, charset_normalizer, certifi, cachetools, attrs, annotated-types, aiohappyeyeballs, yarl, typing-inspection, requests, python-dateutil, pydantic-core, minio, confuse, aiosignal, pydantic, pandas, botocore, aiohttp, s3transfer, pydantic-settings, keepa, boto3, python-amazon-sp-api
2025-08-16T23:53:26.7871384Z #29 ...
2025-08-16T23:53:26.7873800Z 
2025-08-16T23:53:26.7874035Z #37 [postgres] exporting to image
2025-08-16T23:53:26.7874490Z #37 exporting layers 1.5s done
2025-08-16T23:53:26.7875182Z #37 writing image sha256:a81ad61ea986e2b54bfd9a3d619698503a3d1e90f5bb2b9791568db91b050b50 done
2025-08-16T23:53:26.7876454Z #37 naming to docker.io/library/awa-app-postgres done
2025-08-16T23:53:26.7876952Z #37 DONE 1.5s
2025-08-16T23:53:26.7877138Z 
2025-08-16T23:53:26.7877348Z #38 [postgres] resolving provenance for metadata file
2025-08-16T23:53:26.7877825Z #38 DONE 0.0s
2025-08-16T23:53:26.8303943Z 
2025-08-16T23:53:26.8305706Z #39 [fees_h10 stage-1 3/6] COPY --from=base /usr/local /usr/local
2025-08-16T23:53:28.3549001Z #39 DONE 1.5s
2025-08-16T23:53:28.3549611Z 
2025-08-16T23:53:28.3550743Z #29 [etl base 4/5] RUN if [ -n "" ] && [ -f "" ]; then         pip install -r requirements.txt -c "";     else         pip install -r requirements.txt;     fi
2025-08-16T23:53:28.5479150Z #29 ...
2025-08-16T23:53:28.5480597Z 
2025-08-16T23:53:28.5481738Z #40 [fees_h10 stage-1 4/6] COPY --from=base /app /app
2025-08-16T23:53:28.5484700Z #40 DONE 0.0s
2025-08-16T23:53:28.5485132Z 
2025-08-16T23:53:28.5486711Z #41 [fees_h10 stage-1 5/6] COPY start.sh ./start.sh
2025-08-16T23:53:28.5487389Z #41 DONE 0.0s
2025-08-16T23:53:28.5488128Z 
2025-08-16T23:53:28.5488554Z #42 [fees_h10 stage-1 6/6] RUN chmod +x ./start.sh
2025-08-16T23:53:28.5671843Z #42 DONE 0.2s
2025-08-16T23:53:28.5676906Z 
2025-08-16T23:53:28.5681355Z #29 [etl base 4/5] RUN if [ -n "" ] && [ -f "" ]; then         pip install -r requirements.txt -c "";     else         pip install -r requirements.txt;     fi
2025-08-16T23:53:28.7229487Z #29 ...
2025-08-16T23:53:28.7233146Z 
2025-08-16T23:53:28.7233339Z #43 [fees_h10] exporting to image
2025-08-16T23:53:30.3028576Z #43 exporting layers 1.7s done
2025-08-16T23:53:30.4807921Z #43 writing image sha256:d01f8f924f43b31b0e18ea422e9ed81533b00eea84dbed395dcb62d4637d5fb7 done
2025-08-16T23:53:30.4809450Z #43 naming to docker.io/library/awa-app-fees_h10 done
2025-08-16T23:53:30.4810255Z #43 DONE 1.7s
2025-08-16T23:53:30.4810491Z 
2025-08-16T23:53:30.4810708Z #44 [fees_h10] resolving provenance for metadata file
2025-08-16T23:53:30.4811198Z #44 DONE 0.0s
2025-08-16T23:53:30.4812150Z 
2025-08-16T23:53:30.4812460Z #30 [api base  4/12] RUN pip install --no-cache-dir -r requirements.txt
2025-08-16T23:53:32.1631004Z #30 19.29 Successfully installed Jinja2-3.1.5 Mako-1.3.10 MarkupSafe-3.0.2 alembic-1.13.1 annotated-types-0.7.0 anyio-4.10.0 asyncpg-0.29.0 boto3-1.34.162 botocore-1.34.162 certifi-2025.8.3 click-8.2.1 dnspython-2.7.0 email_validator-2.2.0 fastapi-0.111.0 fastapi-cli-0.0.8 greenlet-3.2.4 h11-0.16.0 httpcore-1.0.9 httptools-0.6.4 httpx-0.27.2 idna-3.10 jmespath-1.0.1 markdown-it-py-4.0.0 mdurl-0.1.2 orjson-3.11.2 psycopg-3.2.9 psycopg-binary-3.2.9 pydantic-2.11.7 pydantic-core-2.33.2 pydantic-settings-2.2.1 pygments-2.19.2 python-dateutil-2.9.0.post0 python-dotenv-1.1.1 python-multipart-0.0.20 pyyaml-6.0.2 rich-14.1.0 rich-toolkit-0.15.0 s3transfer-0.10.4 shellingham-1.5.4 six-1.17.0 sniffio-1.3.1 sqlalchemy-2.0.29 starlette-0.37.2 typer-0.16.0 typing-extensions-4.14.1 typing-inspection-0.4.1 ujson-5.10.0 urllib3-2.5.0 uvicorn-0.29.0 uvloop-0.21.0 watchfiles-1.1.0 websockets-15.0.1
2025-08-16T23:53:32.2711596Z #30 19.29 WARNING: Running pip as the 'root' user can result in broken permissions and conflicting behaviour with the system package manager, possibly rendering your system unusable. It is recommended to use a virtual environment instead: https://pip.pypa.io/warnings/venv. Use the --root-user-action option if you know what you are doing and want to suppress this warning.
2025-08-16T23:53:32.2713902Z #30 19.39 
2025-08-16T23:53:32.2714330Z #30 19.39 [notice] A new release of pip is available: 25.0.1 -> 25.2
2025-08-16T23:53:32.2714931Z #30 19.39 [notice] To update, run: pip install --upgrade pip
2025-08-16T23:53:32.7405026Z #30 DONE 19.9s
2025-08-16T23:53:32.7405285Z 
2025-08-16T23:53:32.7405866Z #29 [etl base 4/5] RUN if [ -n "" ] && [ -f "" ]; then         pip install -r requirements.txt -c "";     else         pip install -r requirements.txt;     fi
2025-08-16T23:53:32.9768792Z #29 ...
2025-08-16T23:53:32.9769248Z 
2025-08-16T23:53:32.9769612Z #45 [api base  5/12] COPY services/api/ ./services/api
2025-08-16T23:53:32.9770137Z #45 DONE 0.0s
2025-08-16T23:53:32.9770659Z 
2025-08-16T23:53:32.9771017Z #46 [api base  6/12] COPY services/common/ ./services/common
2025-08-16T23:53:32.9771637Z #46 DONE 0.0s
2025-08-16T23:53:32.9771813Z 
2025-08-16T23:53:32.9772146Z #47 [api base  7/12] COPY services/ingest/ ./services/ingest
2025-08-16T23:53:32.9772619Z #47 DONE 0.0s
2025-08-16T23:53:32.9772909Z 
2025-08-16T23:53:32.9773096Z #48 [api base  8/12] COPY services/etl/ ./services/etl
2025-08-16T23:53:32.9773666Z #48 DONE 0.0s
2025-08-16T23:53:32.9773831Z 
2025-08-16T23:53:32.9774056Z #49 [api base  9/12] COPY services/api/alembic.ini ./alembic.ini
2025-08-16T23:53:32.9774971Z #49 DONE 0.0s
2025-08-16T23:53:32.9775295Z 
2025-08-16T23:53:32.9775453Z #50 [api base 10/12] COPY alembic/ ./alembic/
2025-08-16T23:53:32.9776182Z #50 DONE 0.0s
2025-08-16T23:53:32.9776601Z 
2025-08-16T23:53:32.9776864Z #51 [api base 11/12] COPY services/api/entrypoint.sh ./entrypoint.sh
2025-08-16T23:53:32.9777471Z #51 DONE 0.0s
2025-08-16T23:53:32.9777631Z 
2025-08-16T23:53:32.9777804Z #52 [api base 12/12] RUN chmod +x ./entrypoint.sh
2025-08-16T23:53:32.9816756Z #52 DONE 0.2s
2025-08-16T23:53:32.9817984Z 
2025-08-16T23:53:32.9818578Z #29 [etl base 4/5] RUN if [ -n "" ] && [ -f "" ]; then         pip install -r requirements.txt -c "";     else         pip install -r requirements.txt;     fi
2025-08-16T23:53:33.7607883Z #29 ...
2025-08-16T23:53:33.7618045Z 
2025-08-16T23:53:33.7637235Z #53 [api stage-1 4/6] COPY --from=base /usr/local /usr/local
2025-08-16T23:53:35.3608134Z #53 DONE 1.6s
2025-08-16T23:53:35.3608416Z 
2025-08-16T23:53:35.3609578Z #29 [etl base 4/5] RUN if [ -n "" ] && [ -f "" ]; then         pip install -r requirements.txt -c "";     else         pip install -r requirements.txt;     fi
2025-08-16T23:53:35.5253291Z #29 ...
2025-08-16T23:53:35.5253569Z 
2025-08-16T23:53:35.5253776Z #54 [api stage-1 5/6] COPY --from=base /app /app
2025-08-16T23:53:35.5254244Z #54 DONE 0.0s
2025-08-16T23:53:35.5254414Z 
2025-08-16T23:53:35.5254618Z #55 [api stage-1 6/6] RUN chmod +x /app/entrypoint.sh
2025-08-16T23:53:35.5255079Z #55 DONE 0.1s
2025-08-16T23:53:35.6782781Z 
2025-08-16T23:53:35.6783438Z #56 [api] exporting to image
2025-08-16T23:53:35.6783991Z #56 exporting layers
2025-08-16T23:53:37.6412819Z #56 exporting layers 2.0s done
2025-08-16T23:53:37.6413864Z #56 writing image sha256:5f37e903f822054cd5619b2af8f857530ee4ee8d9ad4edd36dc0d37755cee9a6 done
2025-08-16T23:53:37.6414574Z #56 naming to docker.io/library/awa-app-api done
2025-08-16T23:53:37.6414937Z #56 DONE 2.0s
2025-08-16T23:53:37.6415085Z 
2025-08-16T23:53:37.6415229Z #57 [api] resolving provenance for metadata file
2025-08-16T23:53:37.6415594Z #57 DONE 0.0s
2025-08-16T23:53:37.6415745Z 
2025-08-16T23:53:37.6416182Z #29 [etl base 4/5] RUN if [ -n "" ] && [ -f "" ]; then         pip install -r requirements.txt -c "";     else         pip install -r requirements.txt;     fi
2025-08-16T23:53:37.6435018Z #29 24.62 Successfully installed aiohappyeyeballs-2.6.1 aiohttp-3.12.15 aiosignal-1.4.0 annotated-types-0.7.0 attrs-25.3.0 boto3-1.40.11 botocore-1.40.11 cachetools-4.2.4 certifi-2025.8.3 charset_normalizer-3.4.3 confuse-1.4.0 frozenlist-1.7.0 idna-3.10 jmespath-1.0.1 keepa-1.3.14 minio-7.1.15 multidict-6.6.4 numpy-2.3.2 pandas-2.3.1 propcache-0.3.2 pycryptodome-3.23.0 pydantic-2.11.7 pydantic-core-2.33.2 pydantic-settings-2.2.1 python-amazon-sp-api-0.8.0 python-dateutil-2.9.0.post0 python-dotenv-1.1.1 pytz-2025.2 pyyaml-6.0.2 requests-2.32.4 s3transfer-0.13.1 six-1.17.0 tqdm-4.67.1 typing-extensions-4.14.1 typing-inspection-0.4.1 tzdata-2025.2 urllib3-2.5.0 yarl-1.20.1
2025-08-16T23:53:37.6438243Z #29 24.62 WARNING: Running pip as the 'root' user can result in broken permissions and conflicting behaviour with the system package manager, possibly rendering your system unusable. It is recommended to use a virtual environment instead: https://pip.pypa.io/warnings/venv. Use the --root-user-action option if you know what you are doing and want to suppress this warning.
2025-08-16T23:53:37.6439548Z #29 24.74 
2025-08-16T23:53:37.6439792Z #29 24.74 [notice] A new release of pip is available: 25.0.1 -> 25.2
2025-08-16T23:53:37.6440158Z #29 24.74 [notice] To update, run: pip install --upgrade pip
2025-08-16T23:53:37.9676677Z #29 DONE 25.1s
2025-08-16T23:53:38.1297654Z 
2025-08-16T23:53:38.1298083Z #58 [etl base 5/5] COPY services/etl/ .
2025-08-16T23:53:38.1298536Z #58 DONE 0.0s
2025-08-16T23:53:39.1035141Z 
2025-08-16T23:53:39.1037024Z #59 [etl stage-1 3/9] COPY --from=base /usr/local /usr/local
2025-08-16T23:53:41.2492371Z #59 DONE 2.1s
2025-08-16T23:53:41.3771458Z 
2025-08-16T23:53:41.3772601Z #60 [etl stage-1 4/9] COPY --from=base /app /app
2025-08-16T23:53:41.3773074Z #60 DONE 0.0s
2025-08-16T23:53:41.3773256Z 
2025-08-16T23:53:41.3774435Z #61 [etl stage-1 5/9] RUN set -eux;     if [ -f /etc/apt/sources.list ]; then         sed -i 's|http://deb.debian.org|https://deb.debian.org|g' /etc/apt/sources.list;     fi;     apt-get update;     apt-get install -y --no-install-recommends tzdata;     rm -rf /var/lib/apt/lists/*
2025-08-16T23:53:41.3776917Z #61 0.110 + [ -f /etc/apt/sources.list ]
2025-08-16T23:53:41.3777388Z #61 0.110 + apt-get update
2025-08-16T23:53:41.4907921Z #61 0.171 Hit:1 http://deb.debian.org/debian trixie InRelease
2025-08-16T23:53:41.4908460Z #61 0.178 Get:2 http://deb.debian.org/debian trixie-updates InRelease [47.1 kB]
2025-08-16T23:53:41.4909083Z #61 0.205 Get:3 http://deb.debian.org/debian-security trixie-security InRelease [43.4 kB]
2025-08-16T23:53:41.4909661Z #61 0.223 Get:4 http://deb.debian.org/debian trixie/main amd64 Packages [9668 kB]
2025-08-16T23:53:41.5995391Z #61 0.332 Get:5 http://deb.debian.org/debian trixie-updates/main amd64 Packages [2432 B]
2025-08-16T23:53:41.7651514Z #61 0.347 Get:6 http://deb.debian.org/debian-security trixie-security/main amd64 Packages [8780 B]
2025-08-16T23:53:42.2424715Z #61 0.975 Fetched 9769 kB in 1s (11.6 MB/s)
2025-08-16T23:53:42.7280784Z #61 0.975 Reading package lists...
2025-08-16T23:53:42.8966754Z #61 1.470 + apt-get install -y --no-install-recommends tzdata
2025-08-16T23:53:43.2237579Z #61 1.479 Reading package lists...
2025-08-16T23:53:43.3843248Z #61 1.965 Building dependency tree...
2025-08-16T23:53:43.5347323Z #61 2.117 Reading state information...
2025-08-16T23:53:43.5560824Z #61 2.288 tzdata is already the newest version (2025b-4).
2025-08-16T23:53:43.5561296Z #61 2.288 0 upgraded, 0 newly installed, 0 to remove and 0 not upgraded.
2025-08-16T23:53:43.7337495Z #61 2.290 + rm -rf /var/lib/apt/lists/auxfiles /var/lib/apt/lists/deb.debian.org_debian-security_dists_trixie-security_InRelease /var/lib/apt/lists/deb.debian.org_debian-security_dists_trixie-security_main_binary-amd64_Packages.lz4 /var/lib/apt/lists/deb.debian.org_debian_dists_trixie-updates_InRelease /var/lib/apt/lists/deb.debian.org_debian_dists_trixie-updates_main_binary-amd64_Packages.lz4 /var/lib/apt/lists/deb.debian.org_debian_dists_trixie_InRelease /var/lib/apt/lists/deb.debian.org_debian_dists_trixie_main_binary-amd64_Packages.lz4 /var/lib/apt/lists/lock /var/lib/apt/lists/partial
2025-08-16T23:53:43.7340950Z #61 DONE 2.3s
2025-08-16T23:53:43.7341158Z 
2025-08-16T23:53:43.7341525Z #62 [etl stage-1 6/9] COPY services/etl/wait-for-it.sh /usr/local/bin/wait-for-it.sh
2025-08-16T23:53:43.7342185Z #62 DONE 0.0s
2025-08-16T23:53:43.7342370Z 
2025-08-16T23:53:43.7342618Z #63 [etl stage-1 7/9] RUN chmod +x /usr/local/bin/wait-for-it.sh
2025-08-16T23:53:43.7343141Z #63 DONE 0.1s
2025-08-16T23:53:43.8836118Z 
2025-08-16T23:53:43.8838611Z #64 [etl stage-1 8/9] COPY services/etl/entrypoint.sh /app/entrypoint.sh
2025-08-16T23:53:43.8839200Z #64 DONE 0.0s
2025-08-16T23:53:43.8839383Z 
2025-08-16T23:53:43.8839613Z #65 [etl stage-1 9/9] RUN chmod +x /app/entrypoint.sh
2025-08-16T23:53:43.8840073Z #65 DONE 0.1s
2025-08-16T23:53:44.0353801Z 
2025-08-16T23:53:44.0354559Z #66 [etl] exporting to image
2025-08-16T23:53:44.0355533Z #66 exporting layers
2025-08-16T23:53:46.6928302Z #66 exporting layers 2.8s done
2025-08-16T23:53:46.7174791Z #66 writing image sha256:5833ffb7c87d661df586bf68dcb29ac2d03ce614c506691e013728c0d4113572 done
2025-08-16T23:53:46.7175569Z #66 naming to docker.io/library/awa-app-etl done
2025-08-16T23:53:46.7176032Z #66 DONE 2.8s
2025-08-16T23:53:46.7176179Z 
2025-08-16T23:53:46.7176585Z #67 [etl] resolving provenance for metadata file
2025-08-16T23:53:46.7176903Z #67 DONE 0.0s
2025-08-16T23:53:46.7177111Z  etl  Built
2025-08-16T23:53:46.7177383Z  fees_h10  Built
2025-08-16T23:53:46.7177678Z  api  Built
2025-08-16T23:53:46.7177976Z  postgres  Built
2025-08-16T23:53:46.7246950Z ##[group]Run export COMPOSE_DOCKER_CLI_BUILD=1 DOCKER_BUILDKIT=1
2025-08-16T23:53:46.7247444Z [36;1mexport COMPOSE_DOCKER_CLI_BUILD=1 DOCKER_BUILDKIT=1[0m
2025-08-16T23:53:46.7247759Z [36;1mdocker compose \[0m
2025-08-16T23:53:46.7247997Z [36;1m  -f docker-compose.yml \[0m
2025-08-16T23:53:46.7248462Z [36;1m  -f docker-compose.ci.yml \[0m
2025-08-16T23:53:46.7248732Z [36;1m  -f docker-compose.postgres.yml \[0m
2025-08-16T23:53:46.7248985Z [36;1m  pull[0m
2025-08-16T23:53:46.7291955Z shell: /usr/bin/bash -e {0}
2025-08-16T23:53:46.7292191Z env:
2025-08-16T23:53:46.7292419Z   GITHUB_SHA: f94725fb8599fcd57698581180ff6426e9f6959f
2025-08-16T23:53:46.7292692Z ##[endgroup]
2025-08-16T23:53:46.8253119Z time="2025-08-16T23:53:46Z" level=warning msg="/home/runner/work/AWA-App/AWA-App/docker-compose.postgres.yml: the attribute `version` is obsolete, it will be ignored, please remove it to avoid potential confusion"
2025-08-16T23:53:46.8334497Z  api Skipped - No image to be pulled 
2025-08-16T23:53:46.8339591Z  etl Skipped - No image to be pulled 
2025-08-16T23:53:46.8340070Z  postgres Skipped - No image to be pulled 
2025-08-16T23:53:46.8340531Z  fees_h10 Skipped - No image to be pulled 
2025-08-16T23:53:46.8340954Z  minio Pulling 
2025-08-16T23:53:47.5382867Z  dd15713b0f22 Pulling fs layer 
2025-08-16T23:53:47.5383430Z  fd312a3c94fc Pulling fs layer 
2025-08-16T23:53:47.5383862Z  02e05d20c69e Pulling fs layer 
2025-08-16T23:53:47.5384267Z  1f08d9fb7d7d Pulling fs layer 
2025-08-16T23:53:47.5384666Z  b452b5fb7338 Pulling fs layer 
2025-08-16T23:53:47.5385073Z  e14ab7c7ae26 Pulling fs layer 
2025-08-16T23:53:47.5385497Z  3bf7f4428838 Pulling fs layer 
2025-08-16T23:53:47.5385874Z  adc9ba906e83 Pulling fs layer 
2025-08-16T23:53:47.5386177Z  1611ffcaf8be Pulling fs layer 
2025-08-16T23:53:47.5386746Z  e14ab7c7ae26 Waiting 
2025-08-16T23:53:47.5387017Z  adc9ba906e83 Waiting 
2025-08-16T23:53:47.5387221Z  1611ffcaf8be Waiting 
2025-08-16T23:53:47.5387430Z  3bf7f4428838 Waiting 
2025-08-16T23:53:47.5387738Z  1f08d9fb7d7d Waiting 
2025-08-16T23:53:47.5387934Z  b452b5fb7338 Waiting 
2025-08-16T23:53:47.7457928Z  02e05d20c69e Downloading [>                                                  ]  2.301kB/122.7kB
2025-08-16T23:53:47.7541063Z  dd15713b0f22 Downloading [>                                                  ]  73.95kB/7.24MB
2025-08-16T23:53:47.7610189Z  02e05d20c69e Verifying Checksum 
2025-08-16T23:53:47.7610627Z  02e05d20c69e Download complete 
2025-08-16T23:53:47.8116140Z  fd312a3c94fc Downloading [>                                                  ]  17.36kB/1.637MB
2025-08-16T23:53:47.8544997Z  dd15713b0f22 Downloading [==========================>                        ]  3.832MB/7.24MB
2025-08-16T23:53:47.8970745Z  dd15713b0f22 Verifying Checksum 
2025-08-16T23:53:47.8971184Z  dd15713b0f22 Download complete 
2025-08-16T23:53:47.8978206Z  dd15713b0f22 Extracting [>                                                  ]   98.3kB/7.24MB
2025-08-16T23:53:47.9120047Z  fd312a3c94fc Downloading [============================================>      ]  1.473MB/1.637MB
2025-08-16T23:53:47.9147651Z  fd312a3c94fc Verifying Checksum 
2025-08-16T23:53:47.9148119Z  fd312a3c94fc Download complete 
2025-08-16T23:53:47.9978076Z  dd15713b0f22 Extracting [================>                                  ]  2.458MB/7.24MB
2025-08-16T23:53:48.0106864Z  1f08d9fb7d7d Downloading [>                                                  ]  404.9kB/39.39MB
2025-08-16T23:53:48.1110644Z  1f08d9fb7d7d Downloading [=============>                                     ]  10.93MB/39.39MB
2025-08-16T23:53:48.1157708Z  dd15713b0f22 Extracting [============================================>      ]  6.488MB/7.24MB
2025-08-16T23:53:48.1204665Z  b452b5fb7338 Downloading [>                                                  ]  114.3kB/11.19MB
2025-08-16T23:53:48.1240910Z  e14ab7c7ae26 Downloading [>                                                  ]  24.72kB/2.402MB
2025-08-16T23:53:48.1455075Z  dd15713b0f22 Extracting [==================================================>]   7.24MB/7.24MB
2025-08-16T23:53:48.1565083Z  dd15713b0f22 Pull complete 
2025-08-16T23:53:48.1578853Z  fd312a3c94fc Extracting [=>                                                 ]  32.77kB/1.637MB
2025-08-16T23:53:48.1961467Z  e14ab7c7ae26 Verifying Checksum 
2025-08-16T23:53:48.1962262Z  e14ab7c7ae26 Download complete 
2025-08-16T23:53:48.2042606Z  fd312a3c94fc Extracting [==================================================>]  1.637MB/1.637MB
2025-08-16T23:53:48.2068678Z  fd312a3c94fc Extracting [==================================================>]  1.637MB/1.637MB
2025-08-16T23:53:48.2197051Z  1f08d9fb7d7d Downloading [=================================>                 ]  26.66MB/39.39MB
2025-08-16T23:53:48.2240076Z  b452b5fb7338 Downloading [=============================>                     ]  6.552MB/11.19MB
2025-08-16T23:53:48.2540100Z  fd312a3c94fc Pull complete 
2025-08-16T23:53:48.2613674Z  02e05d20c69e Extracting [=============>                                     ]  32.77kB/122.7kB
2025-08-16T23:53:48.2652546Z  02e05d20c69e Extracting [==================================================>]  122.7kB/122.7kB
2025-08-16T23:53:48.2754074Z  02e05d20c69e Pull complete 
2025-08-16T23:53:48.3208772Z  1f08d9fb7d7d Downloading [===========================================>       ]  34.28MB/39.39MB
2025-08-16T23:53:48.3264422Z  b452b5fb7338 Downloading [=================================================> ]  11.16MB/11.19MB
2025-08-16T23:53:48.3268262Z  b452b5fb7338 Verifying Checksum 
2025-08-16T23:53:48.3269621Z  b452b5fb7338 Download complete 
2025-08-16T23:53:48.3459524Z  1f08d9fb7d7d Verifying Checksum 
2025-08-16T23:53:48.3459973Z  1f08d9fb7d7d Download complete 
2025-08-16T23:53:48.3540970Z  1f08d9fb7d7d Extracting [>                                                  ]    426kB/39.39MB
2025-08-16T23:53:48.4069067Z  3bf7f4428838 Downloading [>                                                  ]  2.301kB/180.3kB
2025-08-16T23:53:48.4343341Z  3bf7f4428838 Verifying Checksum 
2025-08-16T23:53:48.4344027Z  3bf7f4428838 Download complete 
2025-08-16T23:53:48.4571198Z  1f08d9fb7d7d Extracting [===========>                                       ]  8.946MB/39.39MB
2025-08-16T23:53:48.5488364Z  1611ffcaf8be Downloading [==================================================>]     498B/498B
2025-08-16T23:53:48.5489056Z  1611ffcaf8be Verifying Checksum 
2025-08-16T23:53:48.5489484Z  1611ffcaf8be Download complete 
2025-08-16T23:53:48.5516092Z  adc9ba906e83 Downloading [===>                                               ]     933B/11.88kB
2025-08-16T23:53:48.5517160Z  adc9ba906e83 Downloading [==================================================>]  11.88kB/11.88kB
2025-08-16T23:53:48.5517801Z  adc9ba906e83 Verifying Checksum 
2025-08-16T23:53:48.5518162Z  adc9ba906e83 Download complete 
2025-08-16T23:53:48.5572702Z  1f08d9fb7d7d Extracting [=====================>                             ]  16.61MB/39.39MB
2025-08-16T23:53:48.6600814Z  1f08d9fb7d7d Extracting [=====================================>             ]  29.39MB/39.39MB
2025-08-16T23:53:48.7621811Z  1f08d9fb7d7d Extracting [===============================================>   ]  37.49MB/39.39MB
2025-08-16T23:53:48.7850392Z  1f08d9fb7d7d Extracting [==================================================>]  39.39MB/39.39MB
2025-08-16T23:53:48.8196087Z  1f08d9fb7d7d Pull complete 
2025-08-16T23:53:48.8217778Z  b452b5fb7338 Extracting [>                                                  ]  131.1kB/11.19MB
2025-08-16T23:53:48.9224975Z  b452b5fb7338 Extracting [=====================================>             ]  8.389MB/11.19MB
2025-08-16T23:53:48.9508588Z  b452b5fb7338 Extracting [==================================================>]  11.19MB/11.19MB
2025-08-16T23:53:48.9681962Z  b452b5fb7338 Pull complete 
2025-08-16T23:53:48.9693054Z  e14ab7c7ae26 Extracting [>                                                  ]  32.77kB/2.402MB
2025-08-16T23:53:48.9959350Z  e14ab7c7ae26 Extracting [==================================================>]  2.402MB/2.402MB
2025-08-16T23:53:49.0067310Z  e14ab7c7ae26 Pull complete 
2025-08-16T23:53:49.0075677Z  3bf7f4428838 Extracting [=========>                                         ]  32.77kB/180.3kB
2025-08-16T23:53:49.0125125Z  3bf7f4428838 Extracting [==================================================>]  180.3kB/180.3kB
2025-08-16T23:53:49.0139272Z  3bf7f4428838 Extracting [==================================================>]  180.3kB/180.3kB
2025-08-16T23:53:49.0221061Z  3bf7f4428838 Pull complete 
2025-08-16T23:53:49.0230823Z  adc9ba906e83 Extracting [==================================================>]  11.88kB/11.88kB
2025-08-16T23:53:49.0235173Z  adc9ba906e83 Extracting [==================================================>]  11.88kB/11.88kB
2025-08-16T23:53:49.0292669Z  adc9ba906e83 Pull complete 
2025-08-16T23:53:49.0302366Z  1611ffcaf8be Extracting [==================================================>]     498B/498B
2025-08-16T23:53:49.0307012Z  1611ffcaf8be Extracting [==================================================>]     498B/498B
2025-08-16T23:53:49.0375648Z  1611ffcaf8be Pull complete 
2025-08-16T23:53:49.0429564Z  minio Pulled 
2025-08-16T23:53:49.0497993Z ##[group]Run export COMPOSE_DOCKER_CLI_BUILD=1 DOCKER_BUILDKIT=1
2025-08-16T23:53:49.0498459Z [36;1mexport COMPOSE_DOCKER_CLI_BUILD=1 DOCKER_BUILDKIT=1[0m
2025-08-16T23:53:49.0498779Z [36;1mdocker compose \[0m
2025-08-16T23:53:49.0499011Z [36;1m  -f docker-compose.yml \[0m
2025-08-16T23:53:49.0499268Z [36;1m  -f docker-compose.ci.yml \[0m
2025-08-16T23:53:49.0499539Z [36;1m  -f docker-compose.postgres.yml \[0m
2025-08-16T23:53:49.0499835Z [36;1m  up -d --wait --no-build --pull always[0m
2025-08-16T23:53:49.0540753Z shell: /usr/bin/bash -e {0}
2025-08-16T23:53:49.0540985Z env:
2025-08-16T23:53:49.0541203Z   GITHUB_SHA: f94725fb8599fcd57698581180ff6426e9f6959f
2025-08-16T23:53:49.0541476Z ##[endgroup]
2025-08-16T23:53:49.1443628Z time="2025-08-16T23:53:49Z" level=warning msg="/home/runner/work/AWA-App/AWA-App/docker-compose.postgres.yml: the attribute `version` is obsolete, it will be ignored, please remove it to avoid potential confusion"
2025-08-16T23:53:49.1584447Z  minio Pulling 
2025-08-16T23:53:49.5752217Z  minio Pulled 
2025-08-16T23:53:49.5770734Z  Network awa-app_awa-net  Creating
2025-08-16T23:53:49.6110846Z  Network awa-app_awa-net  Created
2025-08-16T23:53:49.6154252Z  Volume "awa-app_awa-pgdata"  Creating
2025-08-16T23:53:49.6167458Z  Volume "awa-app_awa-pgdata"  Created
2025-08-16T23:53:49.6170597Z  Volume "awa-app_awa-data"  Creating
2025-08-16T23:53:49.6178670Z  Volume "awa-app_awa-data"  Created
2025-08-16T23:53:49.6182484Z  Volume "awa-app_miniodata"  Creating
2025-08-16T23:53:49.6189493Z  Volume "awa-app_miniodata"  Created
2025-08-16T23:53:49.6194635Z  Container awa-app-postgres-1  Creating
2025-08-16T23:53:49.6195164Z  Container awa-app-minio-1  Creating
2025-08-16T23:53:49.6470603Z  Container awa-app-minio-1  Created
2025-08-16T23:53:49.6471476Z  Container awa-app-postgres-1  Created
2025-08-16T23:53:49.6473523Z  Container awa-app-etl-1  Creating
2025-08-16T23:53:49.6474971Z  Container awa-app-fees_h10-1  Creating
2025-08-16T23:53:49.6476462Z  Container awa-app-api-1  Creating
2025-08-16T23:53:49.6628310Z  Container awa-app-fees_h10-1  Created
2025-08-16T23:53:49.6630350Z  Container awa-app-api-1  Created
2025-08-16T23:53:49.6636714Z  Container awa-app-etl-1  Created
2025-08-16T23:53:49.6647997Z  Container awa-app-postgres-1  Starting
2025-08-16T23:53:49.6648499Z  Container awa-app-minio-1  Starting
2025-08-16T23:53:49.9354263Z  Container awa-app-postgres-1  Started
2025-08-16T23:53:49.9354842Z  Container awa-app-minio-1  Started
2025-08-16T23:53:49.9355591Z  Container awa-app-postgres-1  Waiting
2025-08-16T23:53:49.9356070Z  Container awa-app-postgres-1  Waiting
2025-08-16T23:53:49.9356824Z  Container awa-app-postgres-1  Waiting
2025-08-16T23:53:55.4367564Z  Container awa-app-postgres-1  Healthy
2025-08-16T23:53:55.4370592Z  Container awa-app-fees_h10-1  Starting
2025-08-16T23:53:55.4372560Z  Container awa-app-postgres-1  Healthy
2025-08-16T23:53:55.4373466Z  Container awa-app-api-1  Starting
2025-08-16T23:53:55.4375037Z  Container awa-app-postgres-1  Healthy
2025-08-16T23:53:55.4375466Z  Container awa-app-etl-1  Starting
2025-08-16T23:53:55.6202633Z  Container awa-app-etl-1  Started
2025-08-16T23:53:55.6339918Z  Container awa-app-fees_h10-1  Started
2025-08-16T23:53:55.6468981Z  Container awa-app-api-1  Started
2025-08-16T23:53:55.6469510Z  Container awa-app-etl-1  Waiting
2025-08-16T23:53:55.6469924Z  Container awa-app-minio-1  Waiting
2025-08-16T23:53:55.6470357Z  Container awa-app-postgres-1  Waiting
2025-08-16T23:53:55.6470783Z  Container awa-app-api-1  Waiting
2025-08-16T23:53:55.6471176Z  Container awa-app-fees_h10-1  Waiting
2025-08-16T23:53:56.1489089Z  Container awa-app-minio-1  Healthy
2025-08-16T23:53:56.1490361Z  Container awa-app-postgres-1  Healthy
2025-08-16T23:54:01.1495243Z  Container awa-app-api-1  Healthy
2025-08-16T23:54:26.1481672Z  Container awa-app-etl-1  Healthy
2025-08-16T23:54:26.1482232Z container awa-app-fees_h10-1 exited (2)
2025-08-16T23:54:26.1532900Z ##[error]Process completed with exit code 1.
2025-08-16T23:54:26.1592802Z ##[group]Run export COMPOSE_DOCKER_CLI_BUILD=1
2025-08-16T23:54:26.1593167Z [36;1mexport COMPOSE_DOCKER_CLI_BUILD=1[0m
2025-08-16T23:54:26.1593437Z [36;1mexport DOCKER_BUILDKIT=1[0m
2025-08-16T23:54:26.1593695Z [36;1mdocker compose logs > logs.txt[0m
2025-08-16T23:54:26.1633081Z shell: /usr/bin/bash -e {0}
2025-08-16T23:54:26.1633312Z env:
2025-08-16T23:54:26.1633527Z   GITHUB_SHA: f94725fb8599fcd57698581180ff6426e9f6959f
2025-08-16T23:54:26.1633811Z ##[endgroup]
2025-08-16T23:54:26.2651340Z ##[group]Run actions/upload-artifact@v4
2025-08-16T23:54:26.2651637Z with:
2025-08-16T23:54:26.2651841Z   name: docker-logs
2025-08-16T23:54:26.2652031Z   path: logs.txt
2025-08-16T23:54:26.2652227Z   if-no-files-found: warn
2025-08-16T23:54:26.2652439Z   compression-level: 6
2025-08-16T23:54:26.2652641Z   overwrite: false
2025-08-16T23:54:26.2652834Z   include-hidden-files: false
2025-08-16T23:54:26.2653049Z env:
2025-08-16T23:54:26.2653249Z   GITHUB_SHA: f94725fb8599fcd57698581180ff6426e9f6959f
2025-08-16T23:54:26.2653524Z ##[endgroup]
2025-08-16T23:54:26.4873646Z With the provided path, there will be 1 file uploaded
2025-08-16T23:54:26.4879920Z Artifact name is valid!
2025-08-16T23:54:26.4880438Z Root directory input is valid!
2025-08-16T23:54:26.7012784Z Beginning upload of artifact content to blob storage
2025-08-16T23:54:26.9534985Z Uploaded bytes 2809
2025-08-16T23:54:27.0225726Z Finished uploading artifact content to blob storage!
2025-08-16T23:54:27.0228903Z SHA256 digest of uploaded artifact zip is 1c61295c0dc09e72a4bd5f4cafa1c2cd7b5a71cfe4de392c9404ad15802ed2a2
2025-08-16T23:54:27.0231310Z Finalizing artifact upload
2025-08-16T23:54:27.1166930Z Artifact docker-logs.zip successfully finalized. Artifact ID 3781052317
2025-08-16T23:54:27.1167977Z Artifact docker-logs has been successfully uploaded! Final size is 2809 bytes. Artifact ID is 3781052317
2025-08-16T23:54:27.1175210Z Artifact download URL: https://github.com/AlexBomber12/AWA-App/actions/runs/17014243213/artifacts/3781052317
2025-08-16T23:54:27.1330276Z Post job cleanup.
2025-08-16T23:54:27.2299175Z [command]/usr/bin/git version
2025-08-16T23:54:27.2339177Z git version 2.50.1
2025-08-16T23:54:27.2383919Z Temporarily overriding HOME='/home/runner/work/_temp/f860bb8b-535f-4931-b10a-c22509269730' before making global git config changes
2025-08-16T23:54:27.2384852Z Adding repository directory to the temporary git global config as a safe directory
2025-08-16T23:54:27.2389859Z [command]/usr/bin/git config --global --add safe.directory /home/runner/work/AWA-App/AWA-App
2025-08-16T23:54:27.2427820Z [command]/usr/bin/git config --local --name-only --get-regexp core\.sshCommand
2025-08-16T23:54:27.2462210Z [command]/usr/bin/git submodule foreach --recursive sh -c "git config --local --name-only --get-regexp 'core\.sshCommand' && git config --local --unset-all 'core.sshCommand' || :"
2025-08-16T23:54:27.2693547Z [command]/usr/bin/git config --local --name-only --get-regexp http\.https\:\/\/github\.com\/\.extraheader
2025-08-16T23:54:27.2716166Z http.https://github.com/.extraheader
2025-08-16T23:54:27.2730211Z [command]/usr/bin/git config --local --unset-all http.https://github.com/.extraheader
2025-08-16T23:54:27.2761830Z [command]/usr/bin/git submodule foreach --recursive sh -c "git config --local --name-only --get-regexp 'http\.https\:\/\/github\.com\/\.extraheader' && git config --local --unset-all 'http.https://github.com/.extraheader' || :"
2025-08-16T23:54:27.3132177Z Cleaning up orphan processes
