2025-08-23T13:44:16.1085910Z Current runner version: '2.328.0'
2025-08-23T13:44:16.1120243Z ##[group]Runner Image Provisioner
2025-08-23T13:44:16.1121532Z Hosted Compute Agent
2025-08-23T13:44:16.1122633Z Version: 20250818.377
2025-08-23T13:44:16.1123688Z Commit: 3c593e9f75fe0b87e893bca80d6e12ba089c61fc
2025-08-23T13:44:16.1124788Z Build Date: 2025-08-18T14:52:18Z
2025-08-23T13:44:16.1125716Z ##[endgroup]
2025-08-23T13:44:16.1126538Z ##[group]Operating System
2025-08-23T13:44:16.1127563Z Ubuntu
2025-08-23T13:44:16.1128278Z 24.04.2
2025-08-23T13:44:16.1128984Z LTS
2025-08-23T13:44:16.1129808Z ##[endgroup]
2025-08-23T13:44:16.1130671Z ##[group]Runner Image
2025-08-23T13:44:16.1131671Z Image: ubuntu-24.04
2025-08-23T13:44:16.1132920Z Version: 20250818.1.0
2025-08-23T13:44:16.1134796Z Included Software: https://github.com/actions/runner-images/blob/ubuntu24/20250818.1/images/ubuntu/Ubuntu2404-Readme.md
2025-08-23T13:44:16.1137534Z Image Release: https://github.com/actions/runner-images/releases/tag/ubuntu24%2F20250818.1
2025-08-23T13:44:16.1139180Z ##[endgroup]
2025-08-23T13:44:16.1143724Z ##[group]GITHUB_TOKEN Permissions
2025-08-23T13:44:16.1147238Z Actions: write
2025-08-23T13:44:16.1148250Z Attestations: write
2025-08-23T13:44:16.1149098Z Checks: write
2025-08-23T13:44:16.1149997Z Contents: write
2025-08-23T13:44:16.1150771Z Deployments: write
2025-08-23T13:44:16.1151830Z Discussions: write
2025-08-23T13:44:16.1152961Z Issues: write
2025-08-23T13:44:16.1153831Z Metadata: read
2025-08-23T13:44:16.1154794Z Models: read
2025-08-23T13:44:16.1155567Z Packages: write
2025-08-23T13:44:16.1156407Z Pages: write
2025-08-23T13:44:16.1157303Z PullRequests: write
2025-08-23T13:44:16.1158319Z RepositoryProjects: write
2025-08-23T13:44:16.1159754Z SecurityEvents: write
2025-08-23T13:44:16.1161044Z Statuses: write
2025-08-23T13:44:16.1161942Z ##[endgroup]
2025-08-23T13:44:16.1165531Z Secret source: Actions
2025-08-23T13:44:16.1166723Z Prepare workflow directory
2025-08-23T13:44:16.1630915Z Prepare all required actions
2025-08-23T13:44:16.1687748Z Getting action download info
2025-08-23T13:44:16.4058909Z Download action repository 'actions/checkout@v5' (SHA:08c6903cd8c0fde910a37f88322edcfb5dd907a8)
2025-08-23T13:44:16.4997576Z Download action repository 'actions/upload-artifact@v4' (SHA:ea165f8d65b6e75b540449e92b4886f43607fa02)
2025-08-23T13:44:16.6923949Z Complete job name: compose-health
2025-08-23T13:44:16.7600721Z ##[group]Run actions/checkout@v5
2025-08-23T13:44:16.7601533Z with:
2025-08-23T13:44:16.7601943Z   repository: AlexBomber12/AWA-App
2025-08-23T13:44:16.7602826Z   token: ***
2025-08-23T13:44:16.7603207Z   ssh-strict: true
2025-08-23T13:44:16.7603605Z   ssh-user: git
2025-08-23T13:44:16.7604001Z   persist-credentials: true
2025-08-23T13:44:16.7604441Z   clean: true
2025-08-23T13:44:16.7604836Z   sparse-checkout-cone-mode: true
2025-08-23T13:44:16.7605317Z   fetch-depth: 1
2025-08-23T13:44:16.7605704Z   fetch-tags: false
2025-08-23T13:44:16.7606103Z   show-progress: true
2025-08-23T13:44:16.7606499Z   lfs: false
2025-08-23T13:44:16.7606863Z   submodules: false
2025-08-23T13:44:16.7607275Z   set-safe-directory: true
2025-08-23T13:44:16.7607977Z ##[endgroup]
2025-08-23T13:44:16.8538164Z Syncing repository: AlexBomber12/AWA-App
2025-08-23T13:44:16.8539810Z ##[group]Getting Git version info
2025-08-23T13:44:16.8540489Z Working directory is '/home/runner/work/AWA-App/AWA-App'
2025-08-23T13:44:16.8541489Z [command]/usr/bin/git version
2025-08-23T13:44:16.8559183Z git version 2.51.0
2025-08-23T13:44:16.8579730Z ##[endgroup]
2025-08-23T13:44:16.8592909Z Temporarily overriding HOME='/home/runner/work/_temp/e76599f5-8830-4023-b987-ba387a566df9' before making global git config changes
2025-08-23T13:44:16.8594820Z Adding repository directory to the temporary git global config as a safe directory
2025-08-23T13:44:16.8598122Z [command]/usr/bin/git config --global --add safe.directory /home/runner/work/AWA-App/AWA-App
2025-08-23T13:44:16.8631610Z Deleting the contents of '/home/runner/work/AWA-App/AWA-App'
2025-08-23T13:44:16.8635429Z ##[group]Initializing the repository
2025-08-23T13:44:16.8639448Z [command]/usr/bin/git init /home/runner/work/AWA-App/AWA-App
2025-08-23T13:44:16.8703267Z hint: Using 'master' as the name for the initial branch. This default branch name
2025-08-23T13:44:16.8704671Z hint: is subject to change. To configure the initial branch name to use in all
2025-08-23T13:44:16.8705582Z hint: of your new repositories, which will suppress this warning, call:
2025-08-23T13:44:16.8706391Z hint:
2025-08-23T13:44:16.8707131Z hint: 	git config --global init.defaultBranch <name>
2025-08-23T13:44:16.8707758Z hint:
2025-08-23T13:44:16.8708318Z hint: Names commonly chosen instead of 'master' are 'main', 'trunk' and
2025-08-23T13:44:16.8709650Z hint: 'development'. The just-created branch can be renamed via this command:
2025-08-23T13:44:16.8710833Z hint:
2025-08-23T13:44:16.8711449Z hint: 	git branch -m <name>
2025-08-23T13:44:16.8711915Z hint:
2025-08-23T13:44:16.8712779Z hint: Disable this message with "git config set advice.defaultBranchName false"
2025-08-23T13:44:16.8713760Z Initialized empty Git repository in /home/runner/work/AWA-App/AWA-App/.git/
2025-08-23T13:44:16.8716355Z [command]/usr/bin/git remote add origin https://github.com/AlexBomber12/AWA-App
2025-08-23T13:44:16.8747801Z ##[endgroup]
2025-08-23T13:44:16.8748524Z ##[group]Disabling automatic garbage collection
2025-08-23T13:44:16.8751337Z [command]/usr/bin/git config --local gc.auto 0
2025-08-23T13:44:16.8777875Z ##[endgroup]
2025-08-23T13:44:16.8778551Z ##[group]Setting up auth
2025-08-23T13:44:16.8784659Z [command]/usr/bin/git config --local --name-only --get-regexp core\.sshCommand
2025-08-23T13:44:16.8813903Z [command]/usr/bin/git submodule foreach --recursive sh -c "git config --local --name-only --get-regexp 'core\.sshCommand' && git config --local --unset-all 'core.sshCommand' || :"
2025-08-23T13:44:16.9075918Z [command]/usr/bin/git config --local --name-only --get-regexp http\.https\:\/\/github\.com\/\.extraheader
2025-08-23T13:44:16.9103856Z [command]/usr/bin/git submodule foreach --recursive sh -c "git config --local --name-only --get-regexp 'http\.https\:\/\/github\.com\/\.extraheader' && git config --local --unset-all 'http.https://github.com/.extraheader' || :"
2025-08-23T13:44:16.9316168Z [command]/usr/bin/git config --local http.https://github.com/.extraheader AUTHORIZATION: basic ***
2025-08-23T13:44:16.9348548Z ##[endgroup]
2025-08-23T13:44:16.9349297Z ##[group]Fetching the repository
2025-08-23T13:44:16.9357584Z [command]/usr/bin/git -c protocol.version=2 fetch --no-tags --prune --no-recurse-submodules --depth=1 origin +e9a1f777401d1cc523c2cb7e0b46d4a2b0202320:refs/remotes/origin/main
2025-08-23T13:44:17.2544611Z From https://github.com/AlexBomber12/AWA-App
2025-08-23T13:44:17.2546107Z  * [new ref]         e9a1f777401d1cc523c2cb7e0b46d4a2b0202320 -> origin/main
2025-08-23T13:44:17.2574666Z ##[endgroup]
2025-08-23T13:44:17.2575436Z ##[group]Determining the checkout info
2025-08-23T13:44:17.2578155Z ##[endgroup]
2025-08-23T13:44:17.2584331Z [command]/usr/bin/git sparse-checkout disable
2025-08-23T13:44:17.2642706Z [command]/usr/bin/git config --local --unset-all extensions.worktreeConfig
2025-08-23T13:44:17.2670789Z ##[group]Checking out the ref
2025-08-23T13:44:17.2675425Z [command]/usr/bin/git checkout --progress --force -B main refs/remotes/origin/main
2025-08-23T13:44:17.3011671Z Switched to a new branch 'main'
2025-08-23T13:44:17.3014322Z branch 'main' set up to track 'origin/main'.
2025-08-23T13:44:17.3021685Z ##[endgroup]
2025-08-23T13:44:17.3056734Z [command]/usr/bin/git log -1 --format=%H
2025-08-23T13:44:17.3079467Z e9a1f777401d1cc523c2cb7e0b46d4a2b0202320
2025-08-23T13:44:17.3272645Z ##[group]Run echo "GITHUB_SHA=${GITHUB_SHA}" >> "$GITHUB_ENV"
2025-08-23T13:44:17.3273537Z [36;1mecho "GITHUB_SHA=${GITHUB_SHA}" >> "$GITHUB_ENV"[0m
2025-08-23T13:44:17.3343535Z shell: /usr/bin/bash -e {0}
2025-08-23T13:44:17.3344066Z ##[endgroup]
2025-08-23T13:44:17.3471496Z ##[group]Run cat .env.ci >> "$GITHUB_ENV"
2025-08-23T13:44:17.3472439Z [36;1mcat .env.ci >> "$GITHUB_ENV"[0m
2025-08-23T13:44:17.3473834Z [36;1mecho "DATABASE_URL=***postgres:5432/awa" >> "$GITHUB_ENV"[0m
2025-08-23T13:44:17.3474560Z [36;1mecho "PG_HOST=postgres" >> "$GITHUB_ENV"[0m
2025-08-23T13:44:17.3475177Z [36;1mecho "PG_PORT=5432" >> "$GITHUB_ENV"[0m
2025-08-23T13:44:17.3475780Z [36;1mecho "PG_USER=postgres" >> "$GITHUB_ENV"[0m
2025-08-23T13:44:17.3476402Z [36;1mecho "PG_PASSWORD=pass" >> "$GITHUB_ENV"[0m
2025-08-23T13:44:17.3477017Z [36;1mecho "PG_DATABASE=awa" >> "$GITHUB_ENV"[0m
2025-08-23T13:44:17.3478061Z [36;1mecho "PG_SYNC_DSN=***postgres:5432/awa" >> "$GITHUB_ENV"[0m
2025-08-23T13:44:17.3479121Z [36;1mecho "PG_ASYNC_DSN=***postgres:5432/awa" >> "$GITHUB_ENV"[0m
2025-08-23T13:44:17.3479846Z [36;1mecho "POSTGRES_USER=postgres" >> "$GITHUB_ENV"[0m
2025-08-23T13:44:17.3480541Z [36;1mecho "POSTGRES_PASSWORD=pass" >> "$GITHUB_ENV"[0m
2025-08-23T13:44:17.3481243Z [36;1mecho "POSTGRES_DB=awa" >> "$GITHUB_ENV"[0m
2025-08-23T13:44:17.3517408Z shell: /usr/bin/bash -e {0}
2025-08-23T13:44:17.3517903Z env:
2025-08-23T13:44:17.3518380Z   GITHUB_SHA: e9a1f777401d1cc523c2cb7e0b46d4a2b0202320
2025-08-23T13:44:17.3518963Z ##[endgroup]
2025-08-23T13:44:17.3624819Z ##[group]Run export COMPOSE_DOCKER_CLI_BUILD=1 DOCKER_BUILDKIT=1
2025-08-23T13:44:17.3625661Z [36;1mexport COMPOSE_DOCKER_CLI_BUILD=1 DOCKER_BUILDKIT=1[0m
2025-08-23T13:44:17.3626348Z [36;1mdocker compose --progress=plain \[0m
2025-08-23T13:44:17.3626928Z [36;1m  -f docker-compose.yml \[0m
2025-08-23T13:44:17.3627455Z [36;1m  -f docker-compose.ci.yml \[0m
2025-08-23T13:44:17.3628025Z [36;1m  -f docker-compose.postgres.yml \[0m
2025-08-23T13:44:17.3628558Z [36;1m  build[0m
2025-08-23T13:44:17.3664785Z shell: /usr/bin/bash -e {0}
2025-08-23T13:44:17.3665279Z env:
2025-08-23T13:44:17.3665737Z   GITHUB_SHA: e9a1f777401d1cc523c2cb7e0b46d4a2b0202320
2025-08-23T13:44:17.3666334Z   PG_USER: postgres
2025-08-23T13:44:17.3666750Z   PG_PASSWORD: pass
2025-08-23T13:44:17.3667172Z   PG_DATABASE: awa
2025-08-23T13:44:17.3667579Z   PG_HOST: postgres
2025-08-23T13:44:17.3668002Z   PG_PORT: 5432
2025-08-23T13:44:17.3668734Z   PG_SYNC_DSN: ***postgres:5432/awa
2025-08-23T13:44:17.3669544Z   PG_ASYNC_DSN: ***postgres:5432/awa
2025-08-23T13:44:17.3670312Z   DATABASE_URL: ***postgres:5432/awa
2025-08-23T13:44:17.3670832Z   DATA_DIR: /tmp/awa-data
2025-08-23T13:44:17.3671275Z   ENABLE_LIVE: 0
2025-08-23T13:44:17.3671681Z   TESTING: 1
2025-08-23T13:44:17.3672226Z   POSTGRES_USER: postgres
2025-08-23T13:44:17.3672780Z   POSTGRES_PASSWORD: pass
2025-08-23T13:44:17.3673232Z   POSTGRES_DB: awa
2025-08-23T13:44:17.3673631Z ##[endgroup]
2025-08-23T13:44:18.4113520Z #1 [internal] load local bake definitions
2025-08-23T13:44:18.5174312Z #1 reading from stdin 1.88kB done
2025-08-23T13:44:18.5174846Z #1 DONE 0.0s
2025-08-23T13:44:18.5175115Z 
2025-08-23T13:44:18.5175456Z #2 [celery_worker internal] load build definition from Dockerfile
2025-08-23T13:44:18.6188598Z #2 transferring dockerfile: 1.35kB done
2025-08-23T13:44:18.6189217Z #2 DONE 0.0s
2025-08-23T13:44:18.6189456Z 
2025-08-23T13:44:18.6190026Z #3 [postgres internal] load build definition from Dockerfile
2025-08-23T13:44:18.6190730Z #3 transferring dockerfile: 807B done
2025-08-23T13:44:18.6191191Z #3 DONE 0.0s
2025-08-23T13:44:18.6191354Z 
2025-08-23T13:44:18.6191712Z #4 [fees_h10 internal] load build definition from Dockerfile
2025-08-23T13:44:18.6192535Z #4 transferring dockerfile: 962B done
2025-08-23T13:44:18.6192858Z #4 DONE 0.0s
2025-08-23T13:44:18.6193057Z 
2025-08-23T13:44:18.6193342Z #5 [api internal] load build definition from Dockerfile
2025-08-23T13:44:18.6193864Z #5 transferring dockerfile: 1.48kB done
2025-08-23T13:44:18.6194374Z #5 DONE 0.0s
2025-08-23T13:44:18.6194515Z 
2025-08-23T13:44:18.6194868Z #6 [auth] library/postgres:pull token for registry-1.docker.io
2025-08-23T13:44:18.7693576Z #6 DONE 0.0s
2025-08-23T13:44:18.7693901Z 
2025-08-23T13:44:18.7694161Z #7 [auth] docker/dockerfile:pull token for registry-1.docker.io
2025-08-23T13:44:18.7694557Z #7 DONE 0.0s
2025-08-23T13:44:18.7694704Z 
2025-08-23T13:44:18.7695356Z #8 [api] resolve image config for docker-image://docker.io/docker/dockerfile:1.6
2025-08-23T13:44:19.1399766Z #8 DONE 0.5s
2025-08-23T13:44:19.1400149Z 
2025-08-23T13:44:19.1400771Z #9 [postgres internal] load metadata for docker.io/library/postgres:16
2025-08-23T13:44:19.1401316Z #9 DONE 0.5s
2025-08-23T13:44:19.1401437Z 
2025-08-23T13:44:19.1401548Z #10 [postgres internal] load .dockerignore
2025-08-23T13:44:19.1401854Z #10 transferring context: 265B done
2025-08-23T13:44:19.1402303Z #10 DONE 0.0s
2025-08-23T13:44:19.1402436Z 
2025-08-23T13:44:19.1402543Z #11 [postgres internal] load build context
2025-08-23T13:44:19.1402827Z #11 transferring context: 582B done
2025-08-23T13:44:19.1403048Z #11 DONE 0.0s
2025-08-23T13:44:19.1403156Z 
2025-08-23T13:44:19.1403590Z #12 [fees_h10] docker-image://docker.io/docker/dockerfile:1.6@sha256:ac85f380a63b13dfcefa89046420e1781752bab202122f8f50032edf31be0021
2025-08-23T13:44:19.1404423Z #12 resolve docker.io/docker/dockerfile:1.6@sha256:ac85f380a63b13dfcefa89046420e1781752bab202122f8f50032edf31be0021 done
2025-08-23T13:44:19.1405379Z #12 sha256:ac85f380a63b13dfcefa89046420e1781752bab202122f8f50032edf31be0021 8.40kB / 8.40kB done
2025-08-23T13:44:19.1405963Z #12 sha256:657fcc512c7369f4cb3d94ea329150f8daf626bc838b1a1e81f1834c73ecc77e 482B / 482B done
2025-08-23T13:44:19.1406543Z #12 sha256:a17ee7fff8f5e97b974f5b48f51647d2cf28d543f2aa6c11aaa0ea431b44bb89 1.27kB / 1.27kB done
2025-08-23T13:44:19.1407127Z #12 sha256:9d9c93f4b00be908ab694a4df732570bced3b8a96b7515d70ff93402179ad232 2.10MB / 11.80MB 0.1s
2025-08-23T13:44:19.2400635Z #12 sha256:ac85f380a63b13dfcefa89046420e1781752bab202122f8f50032edf31be0021 8.40kB / 8.40kB done
2025-08-23T13:44:19.2401845Z #12 sha256:657fcc512c7369f4cb3d94ea329150f8daf626bc838b1a1e81f1834c73ecc77e 482B / 482B done
2025-08-23T13:44:19.2407480Z #12 sha256:a17ee7fff8f5e97b974f5b48f51647d2cf28d543f2aa6c11aaa0ea431b44bb89 1.27kB / 1.27kB done
2025-08-23T13:44:19.2408327Z #12 sha256:9d9c93f4b00be908ab694a4df732570bced3b8a96b7515d70ff93402179ad232 11.80MB / 11.80MB 0.2s done
2025-08-23T13:44:19.2409495Z #12 extracting sha256:9d9c93f4b00be908ab694a4df732570bced3b8a96b7515d70ff93402179ad232
2025-08-23T13:44:19.3719317Z #12 sha256:9d9c93f4b00be908ab694a4df732570bced3b8a96b7515d70ff93402179ad232 11.80MB / 11.80MB 0.2s done
2025-08-23T13:44:19.3720499Z #12 extracting sha256:9d9c93f4b00be908ab694a4df732570bced3b8a96b7515d70ff93402179ad232 0.1s done
2025-08-23T13:44:19.3721185Z #12 DONE 0.3s
2025-08-23T13:44:19.3721357Z 
2025-08-23T13:44:19.3721954Z #13 [postgres 1/6] FROM docker.io/library/postgres:16@sha256:66a5efb5677ffac1037774a0e141fd3a4c035c9c0c0e624c9cc980dfa10f45e5
2025-08-23T13:44:19.3726181Z #13 resolve docker.io/library/postgres:16@sha256:66a5efb5677ffac1037774a0e141fd3a4c035c9c0c0e624c9cc980dfa10f45e5 done
2025-08-23T13:44:19.3727771Z #13 sha256:4b802c5161ddfa2ae4beac272c4e24aa5e162a20451c8489cbb952a88507732f 9.89kB / 9.89kB done
2025-08-23T13:44:19.3731808Z #13 sha256:7f09385d08f9e8f578f9dad57582fff30d6ca3ef0f4d66ab5e1bf92c88862341 6.44MB / 6.44MB 0.2s done
2025-08-23T13:44:19.3733313Z #13 sha256:fb850b0e3049060bf4eb46c8806d7ceea916d67e5cc56d6b295511e27463e56b 1.17kB / 1.17kB 0.1s done
2025-08-23T13:44:19.3734419Z #13 sha256:66a5efb5677ffac1037774a0e141fd3a4c035c9c0c0e624c9cc980dfa10f45e5 10.24kB / 10.24kB done
2025-08-23T13:44:19.3735525Z #13 sha256:3084fa1fadd59e7633ec56d318f1e4de01be744f446c5c35df7cd801fbc34894 3.63kB / 3.63kB done
2025-08-23T13:44:19.3736619Z #13 sha256:396b1da7636e2dcd10565cb4f2f952cbb4a8a38b58d3b86a2cacb172fb70117c 16.78MB / 29.77MB 0.3s
2025-08-23T13:44:19.3737708Z #13 sha256:534f45d26d937460abe84bd086361a04c27e624a23f9384ff13f11c24c64c7bb 1.05MB / 1.45MB 0.2s
2025-08-23T13:44:19.3740398Z #13 sha256:2b6532633f5d125e9a709f56f26af5a07390c859a5c77142b74da1d4e3c79fee 0B / 8.20MB 0.2s
2025-08-23T13:44:19.3741591Z #13 sha256:320fa150e60fca9bb108771a06f08d5464ad8b7474b7bf3f4b44d723b686ee72 1.31MB / 1.31MB 0.3s
2025-08-23T13:44:19.5193445Z #13 ...
2025-08-23T13:44:19.5193711Z 
2025-08-23T13:44:19.5196103Z #14 [etl internal] load build definition from Dockerfile
2025-08-23T13:44:19.5196721Z #14 transferring dockerfile: 1.35kB done
2025-08-23T13:44:19.5196990Z #14 DONE 0.0s
2025-08-23T13:44:19.5197097Z 
2025-08-23T13:44:19.5197262Z #15 [celery_worker internal] load build definition from Dockerfile
2025-08-23T13:44:19.5197593Z #15 transferring dockerfile: 1.35kB done
2025-08-23T13:44:19.5197817Z #15 DONE 0.0s
2025-08-23T13:44:19.5197921Z 
2025-08-23T13:44:19.5198274Z #13 [postgres 1/6] FROM docker.io/library/postgres:16@sha256:66a5efb5677ffac1037774a0e141fd3a4c035c9c0c0e624c9cc980dfa10f45e5
2025-08-23T13:44:19.5200999Z #13 sha256:396b1da7636e2dcd10565cb4f2f952cbb4a8a38b58d3b86a2cacb172fb70117c 22.02MB / 29.77MB 0.4s
2025-08-23T13:44:19.5201608Z #13 sha256:2b6532633f5d125e9a709f56f26af5a07390c859a5c77142b74da1d4e3c79fee 8.20MB / 8.20MB 0.3s done
2025-08-23T13:44:19.5202421Z #13 sha256:320fa150e60fca9bb108771a06f08d5464ad8b7474b7bf3f4b44d723b686ee72 1.31MB / 1.31MB 0.3s done
2025-08-23T13:44:19.5203001Z #13 sha256:987c1b4919ea2d87df20824aaef43a9de0575ac7df684579ad267c7e48c8eeea 0B / 10.01kB 0.4s
2025-08-23T13:44:19.5205820Z #13 sha256:19947f6cc5d3035f6c922fa1d6047c79e044256ad948080adb59cec60717b9f8 116B / 116B 0.4s done
2025-08-23T13:44:19.5206493Z #13 sha256:e787bdd7824bfcb30d11087160de825f724620c952958f4f725c13421499b724 3.14kB / 3.14kB 0.4s done
2025-08-23T13:44:19.5207096Z #13 sha256:a1e4ad56dcecf442fba1cec05cd565ededfdc663e5172df9ef9394d96d4c96f8 0B / 113.19MB 0.4s
2025-08-23T13:44:19.6680929Z #13 ...
2025-08-23T13:44:19.6681149Z 
2025-08-23T13:44:19.6681417Z #16 [auth] library/python:pull token for registry-1.docker.io
2025-08-23T13:44:19.6681933Z #16 DONE 0.0s
2025-08-23T13:44:19.6682313Z 
2025-08-23T13:44:19.6682914Z #13 [postgres 1/6] FROM docker.io/library/postgres:16@sha256:66a5efb5677ffac1037774a0e141fd3a4c035c9c0c0e624c9cc980dfa10f45e5
2025-08-23T13:44:19.6684165Z #13 sha256:396b1da7636e2dcd10565cb4f2f952cbb4a8a38b58d3b86a2cacb172fb70117c 29.77MB / 29.77MB 0.5s done
2025-08-23T13:44:19.6686100Z #13 sha256:987c1b4919ea2d87df20824aaef43a9de0575ac7df684579ad267c7e48c8eeea 10.01kB / 10.01kB 0.4s done
2025-08-23T13:44:19.6687254Z #13 sha256:a1e4ad56dcecf442fba1cec05cd565ededfdc663e5172df9ef9394d96d4c96f8 51.38MB / 113.19MB 0.6s
2025-08-23T13:44:19.6688216Z #13 sha256:f1b3502db45ad485f0affe43e32fc81d699ddac01c023f198271a0a7e1cecd4c 169B / 169B 0.5s done
2025-08-23T13:44:19.6773874Z #13 sha256:a858bd6d34e86a481a2e028e3ba489e662b3ac7713eba9a5d3bb97002c7d797e 128B / 128B 0.5s done
2025-08-23T13:44:19.6774936Z #13 sha256:25ef78fb127c1934630de29a3d38f46e544360b1dcf5cfc09b25507fbe88fd75 5.92kB / 5.92kB 0.5s done
2025-08-23T13:44:19.6776105Z #13 extracting sha256:396b1da7636e2dcd10565cb4f2f952cbb4a8a38b58d3b86a2cacb172fb70117c
2025-08-23T13:44:19.6777145Z #13 sha256:240810240d04caaaccb11d51ba7c3a7f7d6f470ec2a80ee420a3d33899d9a303 184B / 184B 0.6s done
2025-08-23T13:44:19.7680764Z #13 sha256:a1e4ad56dcecf442fba1cec05cd565ededfdc663e5172df9ef9394d96d4c96f8 77.59MB / 113.19MB 0.7s
2025-08-23T13:44:19.8724465Z #13 sha256:a1e4ad56dcecf442fba1cec05cd565ededfdc663e5172df9ef9394d96d4c96f8 102.76MB / 113.19MB 0.8s
2025-08-23T13:44:20.0596090Z #13 ...
2025-08-23T13:44:20.0596355Z 
2025-08-23T13:44:20.0602806Z #17 [etl internal] load metadata for docker.io/library/python:3.12-slim
2025-08-23T13:44:20.0603492Z #17 DONE 0.4s
2025-08-23T13:44:20.0603798Z 
2025-08-23T13:44:20.0604242Z #18 [etl internal] load .dockerignore
2025-08-23T13:44:20.0604683Z #18 transferring context: 265B done
2025-08-23T13:44:20.0605189Z #18 DONE 0.0s
2025-08-23T13:44:20.0605376Z 
2025-08-23T13:44:20.0605771Z #19 [fees_h10 internal] load .dockerignore
2025-08-23T13:44:20.0606981Z #19 transferring context: 2B done
2025-08-23T13:44:20.0607353Z #19 DONE 0.0s
2025-08-23T13:44:20.0607514Z 
2025-08-23T13:44:20.0607658Z #20 [api internal] load .dockerignore
2025-08-23T13:44:20.0608059Z #20 transferring context: 265B done
2025-08-23T13:44:20.0608408Z #20 DONE 0.0s
2025-08-23T13:44:20.0608574Z 
2025-08-23T13:44:20.0609151Z #13 [postgres 1/6] FROM docker.io/library/postgres:16@sha256:66a5efb5677ffac1037774a0e141fd3a4c035c9c0c0e624c9cc980dfa10f45e5
2025-08-23T13:44:20.0610213Z #13 sha256:a1e4ad56dcecf442fba1cec05cd565ededfdc663e5172df9ef9394d96d4c96f8 113.19MB / 113.19MB 0.9s
2025-08-23T13:44:20.1619723Z #13 ...
2025-08-23T13:44:20.1620180Z 
2025-08-23T13:44:20.1620570Z #21 [celery_worker internal] load .dockerignore
2025-08-23T13:44:20.1621210Z #21 transferring context: 265B done
2025-08-23T13:44:20.1621588Z #21 DONE 0.3s
2025-08-23T13:44:20.1621763Z 
2025-08-23T13:44:20.1622515Z #13 [postgres 1/6] FROM docker.io/library/postgres:16@sha256:66a5efb5677ffac1037774a0e141fd3a4c035c9c0c0e624c9cc980dfa10f45e5
2025-08-23T13:44:20.2929680Z #13 sha256:a1e4ad56dcecf442fba1cec05cd565ededfdc663e5172df9ef9394d96d4c96f8 113.19MB / 113.19MB 1.0s done
2025-08-23T13:44:21.0707605Z #13 ...
2025-08-23T13:44:21.0708585Z 
2025-08-23T13:44:21.0708752Z #22 [fees_h10 internal] load build context
2025-08-23T13:44:21.0709568Z #22 transferring context: 8.31kB 0.0s done
2025-08-23T13:44:21.0709966Z #22 DONE 0.0s
2025-08-23T13:44:21.0710169Z 
2025-08-23T13:44:21.0710334Z #23 [celery_worker internal] load build context
2025-08-23T13:44:21.0711079Z #23 transferring context: 62.00kB 0.0s done
2025-08-23T13:44:21.0711483Z #23 DONE 0.0s
2025-08-23T13:44:21.0711645Z 
2025-08-23T13:44:21.0711802Z #24 [etl internal] load build context
2025-08-23T13:44:21.0712422Z #24 transferring context: 62.00kB 0.0s done
2025-08-23T13:44:21.0712828Z #24 DONE 0.0s
2025-08-23T13:44:21.0712999Z 
2025-08-23T13:44:21.0713145Z #25 [api internal] load build context
2025-08-23T13:44:21.0713574Z #25 transferring context: 170.46kB 0.0s done
2025-08-23T13:44:21.0713980Z #25 DONE 0.0s
2025-08-23T13:44:21.0714169Z 
2025-08-23T13:44:21.0714634Z #13 [postgres 1/6] FROM docker.io/library/postgres:16@sha256:66a5efb5677ffac1037774a0e141fd3a4c035c9c0c0e624c9cc980dfa10f45e5
2025-08-23T13:44:21.3300972Z #13 extracting sha256:396b1da7636e2dcd10565cb4f2f952cbb4a8a38b58d3b86a2cacb172fb70117c 1.6s done
2025-08-23T13:44:21.3306585Z #13 extracting sha256:fb850b0e3049060bf4eb46c8806d7ceea916d67e5cc56d6b295511e27463e56b done
2025-08-23T13:44:21.3309091Z #13 extracting sha256:7f09385d08f9e8f578f9dad57582fff30d6ca3ef0f4d66ab5e1bf92c88862341
2025-08-23T13:44:21.4824015Z #13 extracting sha256:7f09385d08f9e8f578f9dad57582fff30d6ca3ef0f4d66ab5e1bf92c88862341 0.1s done
2025-08-23T13:44:21.4827053Z #13 extracting sha256:534f45d26d937460abe84bd086361a04c27e624a23f9384ff13f11c24c64c7bb
2025-08-23T13:44:21.6346087Z #13 extracting sha256:534f45d26d937460abe84bd086361a04c27e624a23f9384ff13f11c24c64c7bb 0.0s done
2025-08-23T13:44:21.6346963Z #13 extracting sha256:2b6532633f5d125e9a709f56f26af5a07390c859a5c77142b74da1d4e3c79fee
2025-08-23T13:44:21.9744532Z #13 extracting sha256:2b6532633f5d125e9a709f56f26af5a07390c859a5c77142b74da1d4e3c79fee 0.3s done
2025-08-23T13:44:21.9745440Z #13 extracting sha256:320fa150e60fca9bb108771a06f08d5464ad8b7474b7bf3f4b44d723b686ee72
2025-08-23T13:44:22.0865969Z #13 extracting sha256:320fa150e60fca9bb108771a06f08d5464ad8b7474b7bf3f4b44d723b686ee72 0.1s done
2025-08-23T13:44:22.0867008Z #13 extracting sha256:19947f6cc5d3035f6c922fa1d6047c79e044256ad948080adb59cec60717b9f8 done
2025-08-23T13:44:22.0867886Z #13 extracting sha256:e787bdd7824bfcb30d11087160de825f724620c952958f4f725c13421499b724 done
2025-08-23T13:44:22.2117703Z #13 ...
2025-08-23T13:44:22.2117924Z 
2025-08-23T13:44:22.2123586Z #26 [etl base 1/8] FROM docker.io/library/python:3.12-slim@sha256:d67a7b66b989ad6b6d6b10d428dcc5e0bfc3e5f88906e67d490c4d3daac57047
2025-08-23T13:44:22.2128233Z #26 resolve docker.io/library/python:3.12-slim@sha256:d67a7b66b989ad6b6d6b10d428dcc5e0bfc3e5f88906e67d490c4d3daac57047 done
2025-08-23T13:44:22.2129466Z #26 extracting sha256:396b1da7636e2dcd10565cb4f2f952cbb4a8a38b58d3b86a2cacb172fb70117c 0.2s done
2025-08-23T13:44:22.2135997Z #26 sha256:d76206d463c08ba2a3f7bbab2de2a933ad73f33ab4ab813eafe50c9dff9edc12 251B / 251B 0.1s done
2025-08-23T13:44:22.2137082Z #26 sha256:d67a7b66b989ad6b6d6b10d428dcc5e0bfc3e5f88906e67d490c4d3daac57047 10.37kB / 10.37kB done
2025-08-23T13:44:22.2138167Z #26 sha256:8f3d1de1b41cd7340a89b024d6f7a10043f7b0d07d97eb36ba76f22fcfa9a235 1.75kB / 1.75kB done
2025-08-23T13:44:22.2139538Z #26 sha256:bad5eac7befe06d25bef9d4d894d7467355bac08745c745a88977774933fa032 5.58kB / 5.58kB done
2025-08-23T13:44:22.2140583Z #26 sha256:396b1da7636e2dcd10565cb4f2f952cbb4a8a38b58d3b86a2cacb172fb70117c 29.77MB / 29.77MB done
2025-08-23T13:44:22.2141645Z #26 sha256:5d587318e932a89b94608393c99dd30ee5092a6991c1656f717bd4f4e13d60df 1.29MB / 1.29MB 0.1s done
2025-08-23T13:44:22.2142945Z #26 sha256:e5c05dcf47fbdb2f18dc242ad1b7f48fbd3813c0027ffcfb8e81e4aa7e0965f4 12.11MB / 12.11MB 0.2s done
2025-08-23T13:44:22.2144008Z #26 extracting sha256:5d587318e932a89b94608393c99dd30ee5092a6991c1656f717bd4f4e13d60df 0.2s done
2025-08-23T13:44:22.2145021Z #26 extracting sha256:e5c05dcf47fbdb2f18dc242ad1b7f48fbd3813c0027ffcfb8e81e4aa7e0965f4 0.7s done
2025-08-23T13:44:22.2146005Z #26 extracting sha256:d76206d463c08ba2a3f7bbab2de2a933ad73f33ab4ab813eafe50c9dff9edc12 done
2025-08-23T13:44:22.2146672Z #26 DONE 1.2s
2025-08-23T13:44:22.2146842Z 
2025-08-23T13:44:22.2146980Z #27 [fees_h10 base 2/8] WORKDIR /app
2025-08-23T13:44:22.2147553Z #27 DONE 0.0s
2025-08-23T13:44:22.2147725Z 
2025-08-23T13:44:22.2147946Z #28 [celery_worker stage-1 2/5] WORKDIR /app/services/etl
2025-08-23T13:44:22.2148396Z #28 DONE 0.0s
2025-08-23T13:44:22.2148544Z 
2025-08-23T13:44:22.2148797Z #29 [api base  3/13] COPY services/api/requirements.txt ./requirements.txt
2025-08-23T13:44:22.2149327Z #29 DONE 0.0s
2025-08-23T13:44:22.2149481Z 
2025-08-23T13:44:22.2150063Z #13 [postgres 1/6] FROM docker.io/library/postgres:16@sha256:66a5efb5677ffac1037774a0e141fd3a4c035c9c0c0e624c9cc980dfa10f45e5
2025-08-23T13:44:22.2151171Z #13 extracting sha256:a1e4ad56dcecf442fba1cec05cd565ededfdc663e5172df9ef9394d96d4c96f8
2025-08-23T13:44:22.3473981Z #13 ...
2025-08-23T13:44:22.3474738Z 
2025-08-23T13:44:22.3475689Z #30 [celery_worker base 3/8] COPY services/etl/requirements*.txt services/etl/constraints.txt ./
2025-08-23T13:44:22.3476847Z #30 DONE 0.0s
2025-08-23T13:44:22.3477962Z 
2025-08-23T13:44:22.3478947Z #31 [fees_h10 base 3/6] COPY requirements*.txt constraints.txt ./fees_h10/
2025-08-23T13:44:22.3479583Z #31 DONE 0.0s
2025-08-23T13:44:22.3480299Z 
2025-08-23T13:44:22.3480911Z #13 [postgres 1/6] FROM docker.io/library/postgres:16@sha256:66a5efb5677ffac1037774a0e141fd3a4c035c9c0c0e624c9cc980dfa10f45e5
2025-08-23T13:44:27.2961029Z #13 extracting sha256:a1e4ad56dcecf442fba1cec05cd565ededfdc663e5172df9ef9394d96d4c96f8 5.1s
2025-08-23T13:44:28.0503558Z #13 extracting sha256:a1e4ad56dcecf442fba1cec05cd565ededfdc663e5172df9ef9394d96d4c96f8 5.9s done
2025-08-23T13:44:28.5411220Z #13 ...
2025-08-23T13:44:28.5429572Z 
2025-08-23T13:44:28.5431084Z #32 [fees_h10 base 4/6] RUN if [ -n "" ] && [ -f "fees_h10/" ]; then         pip install -r fees_h10/requirements.txt -c fees_h10/;     else         pip install -r fees_h10/requirements.txt;     fi
2025-08-23T13:44:28.5432867Z #32 2.818 Collecting celery==5.4.* (from celery[redis]==5.4.*->-r fees_h10/requirements.txt (line 1))
2025-08-23T13:44:28.5436501Z #32 2.911   Downloading celery-5.4.0-py3-none-any.whl.metadata (21 kB)
2025-08-23T13:44:28.5437238Z #32 3.025 Collecting asyncpg (from -r fees_h10/requirements.txt (line 2))
2025-08-23T13:44:28.5438078Z #32 3.047   Downloading asyncpg-0.30.0-cp312-cp312-manylinux_2_17_x86_64.manylinux2014_x86_64.whl.metadata (5.0 kB)
2025-08-23T13:44:28.5439255Z #32 3.106 Collecting httpx (from -r fees_h10/requirements.txt (line 3))
2025-08-23T13:44:28.5444272Z #32 3.129   Downloading httpx-0.28.1-py3-none-any.whl.metadata (7.1 kB)
2025-08-23T13:44:28.5445218Z #32 3.526 Collecting sqlalchemy (from -r fees_h10/requirements.txt (line 4))
2025-08-23T13:44:28.5446180Z #32 3.548   Downloading sqlalchemy-2.0.43-cp312-cp312-manylinux_2_17_x86_64.manylinux2014_x86_64.whl.metadata (9.6 kB)
2025-08-23T13:44:28.5448147Z #32 3.620 Collecting billiard<5.0,>=4.2.0 (from celery==5.4.*->celery[redis]==5.4.*->-r fees_h10/requirements.txt (line 1))
2025-08-23T13:44:28.5449061Z #32 3.645   Downloading billiard-4.2.1-py3-none-any.whl.metadata (4.4 kB)
2025-08-23T13:44:28.5450303Z #32 3.717 Collecting kombu<6.0,>=5.3.4 (from celery==5.4.*->celery[redis]==5.4.*->-r fees_h10/requirements.txt (line 1))
2025-08-23T13:44:28.5451140Z #32 3.736   Downloading kombu-5.5.4-py3-none-any.whl.metadata (3.5 kB)
2025-08-23T13:44:28.5451977Z #32 3.773 Collecting vine<6.0,>=5.1.0 (from celery==5.4.*->celery[redis]==5.4.*->-r fees_h10/requirements.txt (line 1))
2025-08-23T13:44:28.5453043Z #32 3.796   Downloading vine-5.1.0-py3-none-any.whl.metadata (2.7 kB)
2025-08-23T13:44:28.5453884Z #32 3.823 Collecting click<9.0,>=8.1.2 (from celery==5.4.*->celery[redis]==5.4.*->-r fees_h10/requirements.txt (line 1))
2025-08-23T13:44:28.5454972Z #32 3.844   Downloading click-8.2.1-py3-none-any.whl.metadata (2.5 kB)
2025-08-23T13:44:28.5455911Z #32 3.858 Collecting click-didyoumean>=0.3.0 (from celery==5.4.*->celery[redis]==5.4.*->-r fees_h10/requirements.txt (line 1))
2025-08-23T13:44:28.5456921Z #32 3.883   Downloading click_didyoumean-0.3.1-py3-none-any.whl.metadata (3.9 kB)
2025-08-23T13:44:28.5458117Z #32 3.905 Collecting click-repl>=0.2.0 (from celery==5.4.*->celery[redis]==5.4.*->-r fees_h10/requirements.txt (line 1))
2025-08-23T13:44:28.5459078Z #32 3.928   Downloading click_repl-0.3.0-py3-none-any.whl.metadata (3.6 kB)
2025-08-23T13:44:28.5460016Z #32 3.945 Collecting click-plugins>=1.1.1 (from celery==5.4.*->celery[redis]==5.4.*->-r fees_h10/requirements.txt (line 1))
2025-08-23T13:44:28.5461012Z #32 3.965   Downloading click_plugins-1.1.1.2-py2.py3-none-any.whl.metadata (6.5 kB)
2025-08-23T13:44:28.5461976Z #32 3.995 Collecting tzdata>=2022.7 (from celery==5.4.*->celery[redis]==5.4.*->-r fees_h10/requirements.txt (line 1))
2025-08-23T13:44:28.5463122Z #32 4.013   Downloading tzdata-2025.2-py2.py3-none-any.whl.metadata (1.4 kB)
2025-08-23T13:44:28.5464097Z #32 4.050 Collecting python-dateutil>=2.8.2 (from celery==5.4.*->celery[redis]==5.4.*->-r fees_h10/requirements.txt (line 1))
2025-08-23T13:44:28.5465168Z #32 4.073   Downloading python_dateutil-2.9.0.post0-py2.py3-none-any.whl.metadata (8.4 kB)
2025-08-23T13:44:28.5466144Z #32 4.147 Collecting redis!=4.5.5,<6.0.0,>=4.5.2 (from celery[redis]==5.4.*->-r fees_h10/requirements.txt (line 1))
2025-08-23T13:44:28.5466989Z #32 4.167   Downloading redis-5.3.1-py3-none-any.whl.metadata (9.2 kB)
2025-08-23T13:44:28.5467702Z #32 4.211 Collecting anyio (from httpx->-r fees_h10/requirements.txt (line 3))
2025-08-23T13:44:28.5468459Z #32 4.232   Downloading anyio-4.10.0-py3-none-any.whl.metadata (4.0 kB)
2025-08-23T13:44:28.5469218Z #32 4.295 Collecting certifi (from httpx->-r fees_h10/requirements.txt (line 3))
2025-08-23T13:44:28.5470001Z #32 4.319   Downloading certifi-2025.8.3-py3-none-any.whl.metadata (2.4 kB)
2025-08-23T13:44:28.5470804Z #32 4.388 Collecting httpcore==1.* (from httpx->-r fees_h10/requirements.txt (line 3))
2025-08-23T13:44:28.5471569Z #32 4.428   Downloading httpcore-1.0.9-py3-none-any.whl.metadata (21 kB)
2025-08-23T13:44:28.5497815Z #32 4.467 Collecting idna (from httpx->-r fees_h10/requirements.txt (line 3))
2025-08-23T13:44:28.5498581Z #32 4.586   Downloading idna-3.10-py3-none-any.whl.metadata (10 kB)
2025-08-23T13:44:28.5499357Z #32 4.610 Collecting h11>=0.16 (from httpcore==1.*->httpx->-r fees_h10/requirements.txt (line 3))
2025-08-23T13:44:28.5500131Z #32 4.632   Downloading h11-0.16.0-py3-none-any.whl.metadata (8.3 kB)
2025-08-23T13:44:28.5500904Z #32 4.826 Collecting greenlet>=1 (from sqlalchemy->-r fees_h10/requirements.txt (line 4))
2025-08-23T13:44:28.5501905Z #32 4.848   Downloading greenlet-3.2.4-cp312-cp312-manylinux_2_24_x86_64.manylinux_2_28_x86_64.whl.metadata (4.1 kB)
2025-08-23T13:44:28.5503102Z #32 4.884 Collecting typing-extensions>=4.6.0 (from sqlalchemy->-r fees_h10/requirements.txt (line 4))
2025-08-23T13:44:28.5504016Z #32 4.904   Downloading typing_extensions-4.14.1-py3-none-any.whl.metadata (3.0 kB)
2025-08-23T13:44:28.5505082Z #32 4.987 Collecting prompt-toolkit>=3.0.36 (from click-repl>=0.2.0->celery==5.4.*->celery[redis]==5.4.*->-r fees_h10/requirements.txt (line 1))
2025-08-23T13:44:28.5506348Z #32 5.010   Downloading prompt_toolkit-3.0.51-py3-none-any.whl.metadata (6.4 kB)
2025-08-23T13:44:28.5507314Z #32 5.073 Collecting amqp<6.0.0,>=5.1.1 (from kombu<6.0,>=5.3.4->celery==5.4.*->celery[redis]==5.4.*->-r fees_h10/requirements.txt (line 1))
2025-08-23T13:44:28.5508191Z #32 5.093   Downloading amqp-5.3.1-py3-none-any.whl.metadata (8.9 kB)
2025-08-23T13:44:28.5509097Z #32 5.162 Collecting packaging (from kombu<6.0,>=5.3.4->celery==5.4.*->celery[redis]==5.4.*->-r fees_h10/requirements.txt (line 1))
2025-08-23T13:44:28.5510035Z #32 5.188   Downloading packaging-25.0-py3-none-any.whl.metadata (3.3 kB)
2025-08-23T13:44:28.5511002Z #32 5.224 Collecting six>=1.5 (from python-dateutil>=2.8.2->celery==5.4.*->celery[redis]==5.4.*->-r fees_h10/requirements.txt (line 1))
2025-08-23T13:44:28.5511940Z #32 5.244   Downloading six-1.17.0-py2.py3-none-any.whl.metadata (1.7 kB)
2025-08-23T13:44:28.5518624Z #32 5.284 Collecting PyJWT>=2.9.0 (from redis!=4.5.5,<6.0.0,>=4.5.2->celery[redis]==5.4.*->-r fees_h10/requirements.txt (line 1))
2025-08-23T13:44:28.5519724Z #32 5.306   Downloading PyJWT-2.10.1-py3-none-any.whl.metadata (4.0 kB)
2025-08-23T13:44:28.5520515Z #32 5.354 Collecting sniffio>=1.1 (from anyio->httpx->-r fees_h10/requirements.txt (line 3))
2025-08-23T13:44:28.5521303Z #32 5.375   Downloading sniffio-1.3.1-py3-none-any.whl.metadata (3.9 kB)
2025-08-23T13:44:28.5522565Z #32 5.421 Collecting wcwidth (from prompt-toolkit>=3.0.36->click-repl>=0.2.0->celery==5.4.*->celery[redis]==5.4.*->-r fees_h10/requirements.txt (line 1))
2025-08-23T13:44:28.5523614Z #32 5.442   Downloading wcwidth-0.2.13-py2.py3-none-any.whl.metadata (14 kB)
2025-08-23T13:44:28.5524291Z #32 5.485 Downloading celery-5.4.0-py3-none-any.whl (425 kB)
2025-08-23T13:44:28.5525081Z #32 5.567 Downloading asyncpg-0.30.0-cp312-cp312-manylinux_2_17_x86_64.manylinux2014_x86_64.whl (3.6 MB)
2025-08-23T13:44:28.5534878Z #32 5.639    ━━━━━━━━━━━━━━━━━━━━━━━━━━━━━━━━━━━━━━━━ 3.6/3.6 MB 51.8 MB/s eta 0:00:00
2025-08-23T13:44:28.5543858Z #32 5.664 Downloading httpx-0.28.1-py3-none-any.whl (73 kB)
2025-08-23T13:44:28.5544726Z #32 5.689 Downloading httpcore-1.0.9-py3-none-any.whl (78 kB)
2025-08-23T13:44:28.5545612Z #32 5.713 Downloading sqlalchemy-2.0.43-cp312-cp312-manylinux_2_17_x86_64.manylinux2014_x86_64.whl (3.3 MB)
2025-08-23T13:44:28.5546691Z #32 5.746    ━━━━━━━━━━━━━━━━━━━━━━━━━━━━━━━━━━━━━━━━ 3.3/3.3 MB 105.7 MB/s eta 0:00:00
2025-08-23T13:44:28.5547329Z #32 5.769 Downloading billiard-4.2.1-py3-none-any.whl (86 kB)
2025-08-23T13:44:28.5548137Z #32 5.795 Downloading click-8.2.1-py3-none-any.whl (102 kB)
2025-08-23T13:44:28.5548775Z #32 5.826 Downloading click_didyoumean-0.3.1-py3-none-any.whl (3.6 kB)
2025-08-23T13:44:28.5549514Z #32 5.868 Downloading click_plugins-1.1.1.2-py2.py3-none-any.whl (11 kB)
2025-08-23T13:44:28.5550200Z #32 5.898 Downloading click_repl-0.3.0-py3-none-any.whl (10 kB)
2025-08-23T13:44:28.5551060Z #32 5.967 Downloading greenlet-3.2.4-cp312-cp312-manylinux_2_24_x86_64.manylinux_2_28_x86_64.whl (607 kB)
2025-08-23T13:44:28.5557690Z #32 6.082    ━━━━━━━━━━━━━━━━━━━━━━━━━━━━━━━━━━━━━━━━ 607.6/607.6 kB 5.1 MB/s eta 0:00:00
2025-08-23T13:44:28.5558358Z #32 6.132 Downloading kombu-5.5.4-py3-none-any.whl (210 kB)
2025-08-23T13:44:28.5558942Z #32 6.317 Downloading vine-5.1.0-py3-none-any.whl (9.6 kB)
2025-08-23T13:44:28.6540795Z #32 6.343 Downloading python_dateutil-2.9.0.post0-py2.py3-none-any.whl (229 kB)
2025-08-23T13:44:28.7643097Z #32 6.437 Downloading redis-5.3.1-py3-none-any.whl (272 kB)
2025-08-23T13:44:28.7643823Z #32 6.501 Downloading typing_extensions-4.14.1-py3-none-any.whl (43 kB)
2025-08-23T13:44:28.8677628Z #32 6.549 Downloading tzdata-2025.2-py2.py3-none-any.whl (347 kB)
2025-08-23T13:44:28.8680457Z #32 6.579 Downloading anyio-4.10.0-py3-none-any.whl (107 kB)
2025-08-23T13:44:28.8683968Z #32 6.610 Downloading idna-3.10-py3-none-any.whl (70 kB)
2025-08-23T13:44:28.8686282Z #32 6.644 Downloading certifi-2025.8.3-py3-none-any.whl (161 kB)
2025-08-23T13:44:28.8689686Z #32 ...
2025-08-23T13:44:28.8689862Z 
2025-08-23T13:44:28.8690782Z #13 [postgres 1/6] FROM docker.io/library/postgres:16@sha256:66a5efb5677ffac1037774a0e141fd3a4c035c9c0c0e624c9cc980dfa10f45e5
2025-08-23T13:44:28.8692284Z #13 extracting sha256:987c1b4919ea2d87df20824aaef43a9de0575ac7df684579ad267c7e48c8eeea done
2025-08-23T13:44:28.8693456Z #13 extracting sha256:a858bd6d34e86a481a2e028e3ba489e662b3ac7713eba9a5d3bb97002c7d797e done
2025-08-23T13:44:28.8694628Z #13 extracting sha256:f1b3502db45ad485f0affe43e32fc81d699ddac01c023f198271a0a7e1cecd4c done
2025-08-23T13:44:28.9711648Z #13 extracting sha256:25ef78fb127c1934630de29a3d38f46e544360b1dcf5cfc09b25507fbe88fd75 done
2025-08-23T13:44:28.9715775Z #13 extracting sha256:240810240d04caaaccb11d51ba7c3a7f7d6f470ec2a80ee420a3d33899d9a303 done
2025-08-23T13:44:28.9717342Z #13 DONE 9.9s
2025-08-23T13:44:28.9742634Z 
2025-08-23T13:44:28.9743511Z #32 [fees_h10 base 4/6] RUN if [ -n "" ] && [ -f "fees_h10/" ]; then         pip install -r fees_h10/requirements.txt -c fees_h10/;     else         pip install -r fees_h10/requirements.txt;     fi
2025-08-23T13:44:28.9744849Z #32 6.669 Downloading amqp-5.3.1-py3-none-any.whl (50 kB)
2025-08-23T13:44:28.9745883Z #32 6.695 Downloading h11-0.16.0-py3-none-any.whl (37 kB)
2025-08-23T13:44:29.0979246Z #32 6.785 Downloading prompt_toolkit-3.0.51-py3-none-any.whl (387 kB)
2025-08-23T13:44:29.0983529Z #32 6.809 Downloading PyJWT-2.10.1-py3-none-any.whl (22 kB)
2025-08-23T13:44:29.0987422Z #32 6.844 Downloading six-1.17.0-py2.py3-none-any.whl (11 kB)
2025-08-23T13:44:29.0991166Z #32 6.875 Downloading sniffio-1.3.1-py3-none-any.whl (10 kB)
2025-08-23T13:44:29.2539448Z #32 6.903 Downloading packaging-25.0-py3-none-any.whl (66 kB)
2025-08-23T13:44:29.2540638Z #32 6.932 Downloading wcwidth-0.2.13-py2.py3-none-any.whl (34 kB)
2025-08-23T13:44:29.3614263Z #32 7.138 Installing collected packages: wcwidth, vine, tzdata, typing-extensions, sniffio, six, PyJWT, prompt-toolkit, packaging, idna, h11, greenlet, click, certifi, billiard, asyncpg, sqlalchemy, redis, python-dateutil, httpcore, click-repl, click-plugins, click-didyoumean, anyio, amqp, kombu, httpx, celery
2025-08-23T13:44:32.3469231Z #32 ...
2025-08-23T13:44:32.3469512Z 
2025-08-23T13:44:32.3470192Z #33 [celery_worker base 4/8] RUN if [ -n "" ] && [ -f "" ]; then         pip install -r requirements.txt -c "";     else         pip install -r requirements.txt;     fi
2025-08-23T13:44:32.3471246Z #33 2.978 Collecting keepa==1.3.14 (from -r requirements.txt (line 1))
2025-08-23T13:44:32.3472010Z #33 3.027   Downloading keepa-1.3.14-py3-none-any.whl.metadata (10 kB)
2025-08-23T13:44:32.3472911Z #33 3.083 Collecting minio==7.1.15 (from -r requirements.txt (line 2))
2025-08-23T13:44:32.3478820Z #33 3.088   Downloading minio-7.1.15-py3-none-any.whl.metadata (4.2 kB)
2025-08-23T13:44:32.3480674Z #33 3.153 Collecting celery==5.3.* (from -r requirements.txt (line 3))
2025-08-23T13:44:32.3482709Z #33 3.158   Downloading celery-5.3.6-py3-none-any.whl.metadata (21 kB)
2025-08-23T13:44:32.3492838Z #33 3.256 Collecting redis==5.* (from -r requirements.txt (line 4))
2025-08-23T13:44:32.3493587Z #33 3.263   Downloading redis-5.3.1-py3-none-any.whl.metadata (9.2 kB)
2025-08-23T13:44:32.3494422Z #33 3.363 Collecting python-amazon-sp-api==0.8.0 (from -r requirements.txt (line 5))
2025-08-23T13:44:32.3495294Z #33 3.372   Downloading python_amazon_sp_api-0.8.0-py3-none-any.whl.metadata (3.2 kB)
2025-08-23T13:44:32.3496150Z #33 3.419 Collecting pydantic-settings==2.2.1 (from -r requirements.txt (line 6))
2025-08-23T13:44:32.3497014Z #33 3.423   Downloading pydantic_settings-2.2.1-py3-none-any.whl.metadata (3.1 kB)
2025-08-23T13:44:32.3497783Z #33 3.775 Collecting numpy<2 (from -r requirements.txt (line 7))
2025-08-23T13:44:32.3498672Z #33 3.779   Downloading numpy-1.26.4-cp312-cp312-manylinux_2_17_x86_64.manylinux2014_x86_64.whl.metadata (61 kB)
2025-08-23T13:44:32.3499616Z #33 3.959 Collecting pandas==2.2.* (from -r requirements.txt (line 8))
2025-08-23T13:44:32.3500551Z #33 3.964   Downloading pandas-2.2.3-cp312-cp312-manylinux_2_17_x86_64.manylinux2014_x86_64.whl.metadata (89 kB)
2025-08-23T13:44:32.3501875Z #33 4.067 Collecting pandera==0.19.* (from -r requirements.txt (line 9))
2025-08-23T13:44:32.3502835Z #33 4.076   Downloading pandera-0.19.3-py3-none-any.whl.metadata (15 kB)
2025-08-23T13:44:32.3503587Z #33 4.127 Collecting openpyxl==3.1.* (from -r requirements.txt (line 10))
2025-08-23T13:44:32.3504370Z #33 4.136   Downloading openpyxl-3.1.5-py2.py3-none-any.whl.metadata (2.5 kB)
2025-08-23T13:44:32.3505237Z #33 4.174 Collecting psycopg==3.2.9 (from psycopg[binary]==3.2.9->-r requirements.txt (line 11))
2025-08-23T13:44:32.3506089Z #33 4.180   Downloading psycopg-3.2.9-py3-none-any.whl.metadata (4.5 kB)
2025-08-23T13:44:32.3506868Z #33 4.289 Collecting psycopg2-binary==2.9.* (from -r requirements.txt (line 12))
2025-08-23T13:44:32.3507918Z #33 4.298   Downloading psycopg2_binary-2.9.10-cp312-cp312-manylinux_2_17_x86_64.manylinux2014_x86_64.whl.metadata (4.9 kB)
2025-08-23T13:44:32.3508921Z #33 4.391 Collecting sentry-sdk==2.9.0 (from -r requirements.txt (line 13))
2025-08-23T13:44:32.3509714Z #33 4.398   Downloading sentry_sdk-2.9.0-py2.py3-none-any.whl.metadata (14 kB)
2025-08-23T13:44:32.3510758Z #33 4.504 Collecting requests>=2.2 (from keepa==1.3.14->-r requirements.txt (line 1))
2025-08-23T13:44:32.3511578Z #33 4.508   Downloading requests-2.32.5-py3-none-any.whl.metadata (4.9 kB)
2025-08-23T13:44:32.3512662Z #33 4.558 Collecting tqdm (from keepa==1.3.14->-r requirements.txt (line 1))
2025-08-23T13:44:32.3513379Z #33 4.563   Downloading tqdm-4.67.1-py3-none-any.whl.metadata (57 kB)
2025-08-23T13:44:32.3514113Z #33 5.354 Collecting aiohttp (from keepa==1.3.14->-r requirements.txt (line 1))
2025-08-23T13:44:32.3515085Z #33 5.363   Downloading aiohttp-3.12.15-cp312-cp312-manylinux_2_17_x86_64.manylinux2014_x86_64.whl.metadata (7.7 kB)
2025-08-23T13:44:32.3516040Z #33 5.578 Collecting pydantic (from keepa==1.3.14->-r requirements.txt (line 1))
2025-08-23T13:44:32.3516799Z #33 5.582   Downloading pydantic-2.11.7-py3-none-any.whl.metadata (67 kB)
2025-08-23T13:44:32.3517556Z #33 5.628 Collecting certifi (from minio==7.1.15->-r requirements.txt (line 2))
2025-08-23T13:44:32.3518327Z #33 5.633   Downloading certifi-2025.8.3-py3-none-any.whl.metadata (2.4 kB)
2025-08-23T13:44:32.3519071Z #33 5.676 Collecting urllib3 (from minio==7.1.15->-r requirements.txt (line 2))
2025-08-23T13:44:32.3519817Z #33 5.681   Downloading urllib3-2.5.0-py3-none-any.whl.metadata (6.5 kB)
2025-08-23T13:44:32.3520597Z #33 5.719 Collecting billiard<5.0,>=4.2.0 (from celery==5.3.*->-r requirements.txt (line 3))
2025-08-23T13:44:32.3521391Z #33 5.725   Downloading billiard-4.2.1-py3-none-any.whl.metadata (4.4 kB)
2025-08-23T13:44:32.3522413Z #33 5.741 Collecting click-didyoumean>=0.3.0 (from celery==5.3.*->-r requirements.txt (line 3))
2025-08-23T13:44:32.3523299Z #33 5.745   Downloading click_didyoumean-0.3.1-py3-none-any.whl.metadata (3.9 kB)
2025-08-23T13:44:32.3524153Z #33 5.763 Collecting click-plugins>=1.1.1 (from celery==5.3.*->-r requirements.txt (line 3))
2025-08-23T13:44:32.3525020Z #33 5.767   Downloading click_plugins-1.1.1.2-py2.py3-none-any.whl.metadata (6.5 kB)
2025-08-23T13:44:32.3525875Z #33 5.784 Collecting click-repl>=0.2.0 (from celery==5.3.*->-r requirements.txt (line 3))
2025-08-23T13:44:32.3526675Z #33 5.788   Downloading click_repl-0.3.0-py3-none-any.whl.metadata (3.6 kB)
2025-08-23T13:44:32.3527438Z #33 5.814 Collecting click<9.0,>=8.1.2 (from celery==5.3.*->-r requirements.txt (line 3))
2025-08-23T13:44:32.3528187Z #33 5.817   Downloading click-8.2.1-py3-none-any.whl.metadata (2.5 kB)
2025-08-23T13:44:32.3528889Z #33 5.892 Collecting kombu<6.0,>=5.3.4 (from celery==5.3.*->-r requirements.txt (line 3))
2025-08-23T13:44:32.3529623Z #33 5.895   Downloading kombu-5.5.4-py3-none-any.whl.metadata (3.5 kB)
2025-08-23T13:44:32.3530395Z #33 5.981 Collecting python-dateutil>=2.8.2 (from celery==5.3.*->-r requirements.txt (line 3))
2025-08-23T13:44:32.3531309Z #33 6.028   Downloading python_dateutil-2.9.0.post0-py2.py3-none-any.whl.metadata (8.4 kB)
2025-08-23T13:44:32.3532321Z #33 6.338 Collecting tzdata>=2022.7 (from celery==5.3.*->-r requirements.txt (line 3))
2025-08-23T13:44:32.3533410Z #33 6.341   Downloading tzdata-2025.2-py2.py3-none-any.whl.metadata (1.4 kB)
2025-08-23T13:44:32.3534189Z #33 6.492 Collecting vine<6.0,>=5.1.0 (from celery==5.3.*->-r requirements.txt (line 3))
2025-08-23T13:44:32.3534930Z #33 6.497   Downloading vine-5.1.0-py3-none-any.whl.metadata (2.7 kB)
2025-08-23T13:44:32.3535623Z #33 6.548 Collecting PyJWT>=2.9.0 (from redis==5.*->-r requirements.txt (line 4))
2025-08-23T13:44:32.3536353Z #33 6.552   Downloading PyJWT-2.10.1-py3-none-any.whl.metadata (4.0 kB)
2025-08-23T13:44:32.3537156Z #33 6.578 Collecting six<2,>=1.15 (from python-amazon-sp-api==0.8.0->-r requirements.txt (line 5))
2025-08-23T13:44:32.3537996Z #33 6.583   Downloading six-1.17.0-py2.py3-none-any.whl.metadata (1.7 kB)
2025-08-23T13:44:32.3538836Z #33 7.301 Collecting boto3<2,>=1.16.39 (from python-amazon-sp-api==0.8.0->-r requirements.txt (line 5))
2025-08-23T13:44:32.3539656Z #33 7.308   Downloading boto3-1.40.16-py3-none-any.whl.metadata (6.7 kB)
2025-08-23T13:44:32.3540755Z #33 7.345 Collecting cachetools~=4.2.0 (from python-amazon-sp-api==0.8.0->-r requirements.txt (line 5))
2025-08-23T13:44:32.3541657Z #33 7.354   Downloading cachetools-4.2.4-py3-none-any.whl.metadata (4.8 kB)
2025-08-23T13:44:32.3582868Z #33 7.484 Collecting pycryptodome (from python-amazon-sp-api==0.8.0->-r requirements.txt (line 5))
2025-08-23T13:44:32.3584043Z #33 7.489   Downloading pycryptodome-3.23.0-cp37-abi3-manylinux_2_17_x86_64.manylinux2014_x86_64.whl.metadata (3.4 kB)
2025-08-23T13:44:32.3585092Z #33 7.557 Collecting pytz (from python-amazon-sp-api==0.8.0->-r requirements.txt (line 5))
2025-08-23T13:44:32.3585909Z #33 7.560   Downloading pytz-2025.2-py2.py3-none-any.whl.metadata (22 kB)
2025-08-23T13:44:32.3586769Z #33 7.580 Collecting confuse~=1.4.0 (from python-amazon-sp-api==0.8.0->-r requirements.txt (line 5))
2025-08-23T13:44:32.3587690Z #33 7.586   Downloading confuse-1.4.0-py2.py3-none-any.whl.metadata (3.8 kB)
2025-08-23T13:44:32.3588599Z #33 7.625 Collecting python-dotenv>=0.21.0 (from pydantic-settings==2.2.1->-r requirements.txt (line 6))
2025-08-23T13:44:32.3589530Z #33 7.629   Downloading python_dotenv-1.1.1-py3-none-any.whl.metadata (24 kB)
2025-08-23T13:44:32.3590367Z #33 7.682 Collecting multimethod<=1.10.0 (from pandera==0.19.*->-r requirements.txt (line 9))
2025-08-23T13:44:32.3591206Z #33 7.691   Downloading multimethod-1.10-py3-none-any.whl.metadata (8.2 kB)
2025-08-23T13:44:32.3592005Z #33 7.736 Collecting packaging>=20.0 (from pandera==0.19.*->-r requirements.txt (line 9))
2025-08-23T13:44:32.3593037Z #33 7.741   Downloading packaging-25.0-py3-none-any.whl.metadata (3.3 kB)
2025-08-23T13:44:32.3593821Z #33 7.789 Collecting typeguard (from pandera==0.19.*->-r requirements.txt (line 9))
2025-08-23T13:44:32.3594622Z #33 7.794   Downloading typeguard-4.4.4-py3-none-any.whl.metadata (3.3 kB)
2025-08-23T13:44:32.3595455Z #33 7.815 Collecting typing-inspect>=0.6.0 (from pandera==0.19.*->-r requirements.txt (line 9))
2025-08-23T13:44:32.3596337Z #33 7.819   Downloading typing_inspect-0.9.0-py3-none-any.whl.metadata (1.5 kB)
2025-08-23T13:44:32.3597137Z #33 7.965 Collecting wrapt (from pandera==0.19.*->-r requirements.txt (line 9))
2025-08-23T13:44:32.3598180Z #33 7.970   Downloading wrapt-1.17.3-cp312-cp312-manylinux1_x86_64.manylinux_2_28_x86_64.manylinux_2_5_x86_64.whl.metadata (6.4 kB)
2025-08-23T13:44:32.3599235Z #33 7.986 Collecting et-xmlfile (from openpyxl==3.1.*->-r requirements.txt (line 10))
2025-08-23T13:44:32.3600039Z #33 7.990   Downloading et_xmlfile-2.0.0-py3-none-any.whl.metadata (2.7 kB)
2025-08-23T13:44:32.3600994Z #33 8.028 Collecting typing-extensions>=4.6 (from psycopg==3.2.9->psycopg[binary]==3.2.9->-r requirements.txt (line 11))
2025-08-23T13:44:32.3602030Z #33 8.032   Downloading typing_extensions-4.14.1-py3-none-any.whl.metadata (3.0 kB)
2025-08-23T13:44:32.3603142Z #33 8.253 Collecting psycopg-binary==3.2.9 (from psycopg[binary]==3.2.9->-r requirements.txt (line 11))
2025-08-23T13:44:32.3604537Z #33 8.258   Downloading psycopg_binary-3.2.9-cp312-cp312-manylinux_2_17_x86_64.manylinux2014_x86_64.whl.metadata (2.9 kB)
2025-08-23T13:44:32.3605688Z #33 8.883 Collecting botocore<1.41.0,>=1.40.16 (from boto3<2,>=1.16.39->python-amazon-sp-api==0.8.0->-r requirements.txt (line 5))
2025-08-23T13:44:32.3606623Z #33 8.888   Downloading botocore-1.40.16-py3-none-any.whl.metadata (5.7 kB)
2025-08-23T13:44:32.3607553Z #33 8.918 Collecting jmespath<2.0.0,>=0.7.1 (from boto3<2,>=1.16.39->python-amazon-sp-api==0.8.0->-r requirements.txt (line 5))
2025-08-23T13:44:32.3608469Z #33 8.924   Downloading jmespath-1.0.1-py3-none-any.whl.metadata (7.6 kB)
2025-08-23T13:44:32.3609419Z #33 8.958 Collecting s3transfer<0.14.0,>=0.13.0 (from boto3<2,>=1.16.39->python-amazon-sp-api==0.8.0->-r requirements.txt (line 5))
2025-08-23T13:44:32.3610384Z #33 8.969   Downloading s3transfer-0.13.1-py3-none-any.whl.metadata (1.7 kB)
2025-08-23T13:44:32.3611302Z #33 9.049 Collecting prompt-toolkit>=3.0.36 (from click-repl>=0.2.0->celery==5.3.*->-r requirements.txt (line 3))
2025-08-23T13:44:32.3633133Z #33 9.058   Downloading prompt_toolkit-3.0.51-py3-none-any.whl.metadata (6.4 kB)
2025-08-23T13:44:32.3634193Z #33 9.122 Collecting pyyaml (from confuse~=1.4.0->python-amazon-sp-api==0.8.0->-r requirements.txt (line 5))
2025-08-23T13:44:32.3635324Z #33 9.128   Downloading PyYAML-6.0.2-cp312-cp312-manylinux_2_17_x86_64.manylinux2014_x86_64.whl.metadata (2.1 kB)
2025-08-23T13:44:32.3636381Z #33 9.168 Collecting amqp<6.0.0,>=5.1.1 (from kombu<6.0,>=5.3.4->celery==5.3.*->-r requirements.txt (line 3))
2025-08-23T13:44:32.3637216Z #33 9.173   Downloading amqp-5.3.1-py3-none-any.whl.metadata (8.9 kB)
2025-08-23T13:44:32.3638093Z #33 9.228 Collecting annotated-types>=0.6.0 (from pydantic->keepa==1.3.14->-r requirements.txt (line 1))
2025-08-23T13:44:32.3639018Z #33 9.234   Downloading annotated_types-0.7.0-py3-none-any.whl.metadata (15 kB)
2025-08-23T13:44:32.4082720Z #33 ...
2025-08-23T13:44:32.4088884Z 
2025-08-23T13:44:32.4090501Z #34 [api stage-1 3/6] RUN set -eux;     if [ -f /etc/apt/sources.list ]; then         sed -i 's|http://deb.debian.org|https://deb.debian.org|g' /etc/apt/sources.list;     fi;     apt-get update;     apt-get install -y --no-install-recommends tzdata postgresql-client curl;     rm -rf /var/lib/apt/lists/*
2025-08-23T13:44:32.4113446Z #34 0.241 + [ -f /etc/apt/sources.list ]
2025-08-23T13:44:32.4113909Z #34 0.241 + apt-get update
2025-08-23T13:44:32.4114375Z #34 0.332 Hit:1 http://deb.debian.org/debian trixie InRelease
2025-08-23T13:44:32.4115073Z #34 0.337 Get:2 http://deb.debian.org/debian trixie-updates InRelease [47.1 kB]
2025-08-23T13:44:32.4115913Z #34 0.381 Get:3 http://deb.debian.org/debian-security trixie-security InRelease [43.4 kB]
2025-08-23T13:44:32.4116733Z #34 0.409 Get:4 http://deb.debian.org/debian trixie/main amd64 Packages [9668 kB]
2025-08-23T13:44:32.4117551Z #34 0.570 Get:5 http://deb.debian.org/debian trixie-updates/main amd64 Packages [2432 B]
2025-08-23T13:44:32.4118487Z #34 0.570 Get:6 http://deb.debian.org/debian-security trixie-security/main amd64 Packages [23.9 kB]
2025-08-23T13:44:32.4119241Z #34 1.540 Fetched 9784 kB in 1s (7773 kB/s)
2025-08-23T13:44:32.4119664Z #34 1.540 Reading package lists...
2025-08-23T13:44:32.4120260Z #34 2.387 + apt-get install -y --no-install-recommends tzdata postgresql-client curl
2025-08-23T13:44:32.4120887Z #34 2.399 Reading package lists...
2025-08-23T13:44:32.4121280Z #34 3.199 Building dependency tree...
2025-08-23T13:44:32.4121695Z #34 3.415 Reading state information...
2025-08-23T13:44:32.4122776Z #34 3.649 tzdata is already the newest version (2025b-4).
2025-08-23T13:44:32.4123374Z #34 3.649 The following additional packages will be installed:
2025-08-23T13:44:32.4124084Z #34 3.650   libbrotli1 libcom-err2 libcurl4t64 libgdbm-compat4t64 libgnutls30t64
2025-08-23T13:44:32.4124848Z #34 3.650   libgssapi-krb5-2 libidn2-0 libk5crypto3 libkeyutils1 libkrb5-3
2025-08-23T13:44:32.4125670Z #34 3.650   libkrb5support0 libldap2 libnghttp2-14 libnghttp3-9 libp11-kit0 libperl5.40
2025-08-23T13:44:32.4126864Z #34 3.650   libpq5 libpsl5t64 librtmp1 libsasl2-2 libsasl2-modules-db libssh2-1t64
2025-08-23T13:44:32.4127686Z #34 3.650   libtasn1-6 libunistring5 perl perl-modules-5.40 postgresql-client-17
2025-08-23T13:44:32.4128341Z #34 3.650   postgresql-client-common sensible-utils
2025-08-23T13:44:32.4128794Z #34 3.651 Suggested packages:
2025-08-23T13:44:32.4129324Z #34 3.651   gnutls-bin krb5-doc krb5-user perl-doc libterm-readline-gnu-perl
2025-08-23T13:44:32.4130137Z #34 3.651   | libterm-readline-perl-perl make libtap-harness-archive-perl postgresql-17
2025-08-23T13:44:32.4130794Z #34 3.651   postgresql-doc-17
2025-08-23T13:44:32.4131151Z #34 3.651 Recommended packages:
2025-08-23T13:44:32.4131743Z #34 3.651   bash-completion krb5-locales libldap-common publicsuffix libsasl2-modules
2025-08-23T13:44:32.4132766Z #34 3.944 The following NEW packages will be installed:
2025-08-23T13:44:32.4133457Z #34 3.946   curl libbrotli1 libcom-err2 libcurl4t64 libgdbm-compat4t64 libgnutls30t64
2025-08-23T13:44:32.4134266Z #34 3.946   libgssapi-krb5-2 libidn2-0 libk5crypto3 libkeyutils1 libkrb5-3
2025-08-23T13:44:32.4135293Z #34 3.946   libkrb5support0 libldap2 libnghttp2-14 libnghttp3-9 libp11-kit0 libperl5.40
2025-08-23T13:44:32.4136198Z #34 3.947   libpq5 libpsl5t64 librtmp1 libsasl2-2 libsasl2-modules-db libssh2-1t64
2025-08-23T13:44:32.4136971Z #34 3.947   libtasn1-6 libunistring5 perl perl-modules-5.40 postgresql-client
2025-08-23T13:44:32.4137691Z #34 3.947   postgresql-client-17 postgresql-client-common sensible-utils
2025-08-23T13:44:32.4138393Z #34 4.001 0 upgraded, 31 newly installed, 0 to remove and 0 not upgraded.
2025-08-23T13:44:32.4138950Z #34 4.001 Need to get 14.9 MB of archives.
2025-08-23T13:44:32.4139528Z #34 4.001 After this operation, 78.1 MB of additional disk space will be used.
2025-08-23T13:44:32.4140371Z #34 4.001 Get:1 http://deb.debian.org/debian trixie/main amd64 sensible-utils all 0.0.25 [25.0 kB]
2025-08-23T13:44:32.4141352Z #34 4.003 Get:2 http://deb.debian.org/debian trixie/main amd64 perl-modules-5.40 all 5.40.1-6 [3019 kB]
2025-08-23T13:44:32.4142590Z #34 4.022 Get:3 http://deb.debian.org/debian trixie/main amd64 libgdbm-compat4t64 amd64 1.24-2 [50.3 kB]
2025-08-23T13:44:32.4143565Z #34 4.023 Get:4 http://deb.debian.org/debian trixie/main amd64 libperl5.40 amd64 5.40.1-6 [4341 kB]
2025-08-23T13:44:32.4144466Z #34 4.043 Get:5 http://deb.debian.org/debian trixie/main amd64 perl amd64 5.40.1-6 [267 kB]
2025-08-23T13:44:32.4145364Z #34 4.046 Get:6 http://deb.debian.org/debian trixie/main amd64 libbrotli1 amd64 1.1.0-2+b7 [307 kB]
2025-08-23T13:44:32.4146339Z #34 4.049 Get:7 http://deb.debian.org/debian trixie/main amd64 libkrb5support0 amd64 1.21.3-5 [33.0 kB]
2025-08-23T13:44:32.4147304Z #34 4.049 Get:8 http://deb.debian.org/debian trixie/main amd64 libcom-err2 amd64 1.47.2-3+b3 [25.0 kB]
2025-08-23T13:44:32.4148263Z #34 4.049 Get:9 http://deb.debian.org/debian trixie/main amd64 libk5crypto3 amd64 1.21.3-5 [81.5 kB]
2025-08-23T13:44:32.4149204Z #34 4.050 Get:10 http://deb.debian.org/debian trixie/main amd64 libkeyutils1 amd64 1.6.3-6 [9456 B]
2025-08-23T13:44:32.4150139Z #34 4.050 Get:11 http://deb.debian.org/debian trixie/main amd64 libkrb5-3 amd64 1.21.3-5 [326 kB]
2025-08-23T13:44:32.4151074Z #34 4.053 Get:12 http://deb.debian.org/debian trixie/main amd64 libgssapi-krb5-2 amd64 1.21.3-5 [138 kB]
2025-08-23T13:44:32.4152013Z #34 4.053 Get:13 http://deb.debian.org/debian trixie/main amd64 libunistring5 amd64 1.3-2 [477 kB]
2025-08-23T13:44:32.4213478Z #34 4.060 Get:14 http://deb.debian.org/debian trixie/main amd64 libidn2-0 amd64 2.3.8-2 [109 kB]
2025-08-23T13:44:32.4214513Z #34 4.060 Get:15 http://deb.debian.org/debian trixie/main amd64 libsasl2-modules-db amd64 2.1.28+dfsg1-9 [19.8 kB]
2025-08-23T13:44:32.4215575Z #34 4.060 Get:16 http://deb.debian.org/debian trixie/main amd64 libsasl2-2 amd64 2.1.28+dfsg1-9 [57.5 kB]
2025-08-23T13:44:32.4216538Z #34 4.060 Get:17 http://deb.debian.org/debian trixie/main amd64 libldap2 amd64 2.6.10+dfsg-1 [194 kB]
2025-08-23T13:44:32.4217784Z #34 4.060 Get:18 http://deb.debian.org/debian trixie/main amd64 libnghttp2-14 amd64 1.64.0-1.1 [76.0 kB]
2025-08-23T13:44:32.4218764Z #34 4.060 Get:19 http://deb.debian.org/debian trixie/main amd64 libnghttp3-9 amd64 1.8.0-1 [67.7 kB]
2025-08-23T13:44:32.4219716Z #34 4.060 Get:20 http://deb.debian.org/debian trixie/main amd64 libpsl5t64 amd64 0.21.2-1.1+b1 [57.2 kB]
2025-08-23T13:44:32.4220657Z #34 4.062 Get:21 http://deb.debian.org/debian trixie/main amd64 libp11-kit0 amd64 0.25.5-3 [425 kB]
2025-08-23T13:44:32.4221589Z #34 4.063 Get:22 http://deb.debian.org/debian trixie/main amd64 libtasn1-6 amd64 4.20.0-2 [49.9 kB]
2025-08-23T13:44:32.4222712Z #34 4.064 Get:23 http://deb.debian.org/debian trixie/main amd64 libgnutls30t64 amd64 3.8.9-3 [1465 kB]
2025-08-23T13:44:32.4223769Z #34 4.070 Get:24 http://deb.debian.org/debian trixie/main amd64 librtmp1 amd64 2.4+20151223.gitfa8646d.1-2+b5 [58.8 kB]
2025-08-23T13:44:32.4224829Z #34 4.071 Get:25 http://deb.debian.org/debian trixie/main amd64 libssh2-1t64 amd64 1.11.1-1 [245 kB]
2025-08-23T13:44:32.4226017Z #34 4.072 Get:26 http://deb.debian.org/debian trixie/main amd64 libcurl4t64 amd64 8.14.1-2 [391 kB]
2025-08-23T13:44:32.4226979Z #34 4.076 Get:27 http://deb.debian.org/debian trixie/main amd64 curl amd64 8.14.1-2 [269 kB]
2025-08-23T13:44:32.4227843Z #34 4.076 Get:28 http://deb.debian.org/debian trixie/main amd64 libpq5 amd64 17.5-1 [226 kB]
2025-08-23T13:44:32.4228773Z #34 4.078 Get:29 http://deb.debian.org/debian trixie/main amd64 postgresql-client-common all 278 [47.1 kB]
2025-08-23T13:44:32.4229801Z #34 4.078 Get:30 http://deb.debian.org/debian trixie/main amd64 postgresql-client-17 amd64 17.5-1 [2025 kB]
2025-08-23T13:44:32.4230808Z #34 4.088 Get:31 http://deb.debian.org/debian trixie/main amd64 postgresql-client all 17+278 [14.0 kB]
2025-08-23T13:44:32.4231528Z #34 5.839 Fetched 14.9 MB in 0s (117 MB/s)
2025-08-23T13:44:32.4232060Z #34 5.864 Selecting previously unselected package sensible-utils.
2025-08-23T13:44:32.4262839Z #34 5.871 (Reading database ... 
2025-08-23T13:44:32.4263274Z (Reading database ... 5%
2025-08-23T13:44:32.4263644Z (Reading database ... 10%
2025-08-23T13:44:32.4264011Z (Reading database ... 15%
2025-08-23T13:44:32.4264352Z (Reading database ... 20%
2025-08-23T13:44:32.4264690Z (Reading database ... 25%
2025-08-23T13:44:32.4265024Z (Reading database ... 30%
2025-08-23T13:44:32.4265363Z (Reading database ... 35%
2025-08-23T13:44:32.4265691Z (Reading database ... 40%
2025-08-23T13:44:32.4266019Z (Reading database ... 45%
2025-08-23T13:44:32.4266348Z (Reading database ... 50%
2025-08-23T13:44:32.4266689Z (Reading database ... 55%
2025-08-23T13:44:32.4267015Z (Reading database ... 60%
2025-08-23T13:44:32.4267349Z (Reading database ... 65%
2025-08-23T13:44:32.4267677Z (Reading database ... 70%
2025-08-23T13:44:32.4268013Z (Reading database ... 75%
2025-08-23T13:44:32.4268346Z (Reading database ... 80%
2025-08-23T13:44:32.4268657Z (Reading database ... 85%
2025-08-23T13:44:32.4268982Z (Reading database ... 90%
2025-08-23T13:44:32.4269286Z (Reading database ... 95%
2025-08-23T13:44:32.4269618Z (Reading database ... 100%
2025-08-23T13:44:32.4270122Z (Reading database ... 5643 files and directories currently installed.)
2025-08-23T13:44:32.4270809Z #34 5.881 Preparing to unpack .../00-sensible-utils_0.0.25_all.deb ...
2025-08-23T13:44:32.4271376Z #34 5.898 Unpacking sensible-utils (0.0.25) ...
2025-08-23T13:44:32.4271962Z #34 6.123 Selecting previously unselected package perl-modules-5.40.
2025-08-23T13:44:32.4303072Z #34 6.125 Preparing to unpack .../01-perl-modules-5.40_5.40.1-6_all.deb ...
2025-08-23T13:44:32.4303714Z #34 6.181 Unpacking perl-modules-5.40 (5.40.1-6) ...
2025-08-23T13:44:32.4304369Z #34 6.767 Selecting previously unselected package libgdbm-compat4t64:amd64.
2025-08-23T13:44:32.4305122Z #34 6.769 Preparing to unpack .../02-libgdbm-compat4t64_1.24-2_amd64.deb ...
2025-08-23T13:44:32.4305769Z #34 6.771 Unpacking libgdbm-compat4t64:amd64 (1.24-2) ...
2025-08-23T13:44:32.4306383Z #34 6.797 Selecting previously unselected package libperl5.40:amd64.
2025-08-23T13:44:32.4307346Z #34 6.797 Preparing to unpack .../03-libperl5.40_5.40.1-6_amd64.deb ...
2025-08-23T13:44:32.4307940Z #34 6.800 Unpacking libperl5.40:amd64 (5.40.1-6) ...
2025-08-23T13:44:32.4308463Z #34 7.327 Selecting previously unselected package perl.
2025-08-23T13:44:32.4309040Z #34 7.332 Preparing to unpack .../04-perl_5.40.1-6_amd64.deb ...
2025-08-23T13:44:32.4309553Z #34 7.337 Unpacking perl (5.40.1-6) ...
2025-08-23T13:44:32.4310085Z #34 7.387 Selecting previously unselected package libbrotli1:amd64.
2025-08-23T13:44:32.4310746Z #34 7.389 Preparing to unpack .../05-libbrotli1_1.1.0-2+b7_amd64.deb ...
2025-08-23T13:44:32.4311340Z #34 7.391 Unpacking libbrotli1:amd64 (1.1.0-2+b7) ...
2025-08-23T13:44:32.4311965Z #34 7.451 Selecting previously unselected package libkrb5support0:amd64.
2025-08-23T13:44:32.4312872Z #34 7.451 Preparing to unpack .../06-libkrb5support0_1.21.3-5_amd64.deb ...
2025-08-23T13:44:32.4313478Z #34 7.454 Unpacking libkrb5support0:amd64 (1.21.3-5) ...
2025-08-23T13:44:32.4314085Z #34 7.500 Selecting previously unselected package libcom-err2:amd64.
2025-08-23T13:44:32.4314982Z #34 7.505 Preparing to unpack .../07-libcom-err2_1.47.2-3+b3_amd64.deb ...
2025-08-23T13:44:32.4315616Z #34 7.506 Unpacking libcom-err2:amd64 (1.47.2-3+b3) ...
2025-08-23T13:44:32.4316231Z #34 7.541 Selecting previously unselected package libk5crypto3:amd64.
2025-08-23T13:44:32.4316940Z #34 7.541 Preparing to unpack .../08-libk5crypto3_1.21.3-5_amd64.deb ...
2025-08-23T13:44:32.4317527Z #34 7.543 Unpacking libk5crypto3:amd64 (1.21.3-5) ...
2025-08-23T13:44:32.4318128Z #34 7.589 Selecting previously unselected package libkeyutils1:amd64.
2025-08-23T13:44:32.4318805Z #34 7.589 Preparing to unpack .../09-libkeyutils1_1.6.3-6_amd64.deb ...
2025-08-23T13:44:32.4319386Z #34 7.591 Unpacking libkeyutils1:amd64 (1.6.3-6) ...
2025-08-23T13:44:32.4319953Z #34 7.621 Selecting previously unselected package libkrb5-3:amd64.
2025-08-23T13:44:32.4320608Z #34 7.623 Preparing to unpack .../10-libkrb5-3_1.21.3-5_amd64.deb ...
2025-08-23T13:44:32.4321182Z #34 7.624 Unpacking libkrb5-3:amd64 (1.21.3-5) ...
2025-08-23T13:44:32.4321792Z #34 7.676 Selecting previously unselected package libgssapi-krb5-2:amd64.
2025-08-23T13:44:32.4322709Z #34 7.676 Preparing to unpack .../11-libgssapi-krb5-2_1.21.3-5_amd64.deb ...
2025-08-23T13:44:32.4323384Z #34 7.679 Unpacking libgssapi-krb5-2:amd64 (1.21.3-5) ...
2025-08-23T13:44:32.4324014Z #34 7.719 Selecting previously unselected package libunistring5:amd64.
2025-08-23T13:44:32.4324718Z #34 7.719 Preparing to unpack .../12-libunistring5_1.3-2_amd64.deb ...
2025-08-23T13:44:32.4325312Z #34 7.723 Unpacking libunistring5:amd64 (1.3-2) ...
2025-08-23T13:44:32.4325900Z #34 7.808 Selecting previously unselected package libidn2-0:amd64.
2025-08-23T13:44:32.4326565Z #34 7.808 Preparing to unpack .../13-libidn2-0_2.3.8-2_amd64.deb ...
2025-08-23T13:44:32.4327266Z #34 7.810 Unpacking libidn2-0:amd64 (2.3.8-2) ...
2025-08-23T13:44:32.4327803Z #34 7.846 Selecting previously unselected package libsasl2-modules-db:amd64.
2025-08-23T13:44:32.4328511Z #34 7.846 Preparing to unpack .../14-libsasl2-modules-db_2.1.28+dfsg1-9_amd64.deb ...
2025-08-23T13:44:32.4329170Z #34 7.847 Unpacking libsasl2-modules-db:amd64 (2.1.28+dfsg1-9) ...
2025-08-23T13:44:32.4329766Z #34 7.871 Selecting previously unselected package libsasl2-2:amd64.
2025-08-23T13:44:32.4330377Z #34 7.871 Preparing to unpack .../15-libsasl2-2_2.1.28+dfsg1-9_amd64.deb ...
2025-08-23T13:44:32.4331009Z #34 7.876 Unpacking libsasl2-2:amd64 (2.1.28+dfsg1-9) ...
2025-08-23T13:44:32.4331597Z #34 7.906 Selecting previously unselected package libldap2:amd64.
2025-08-23T13:44:32.4362656Z #34 7.906 Preparing to unpack .../16-libldap2_2.6.10+dfsg-1_amd64.deb ...
2025-08-23T13:44:32.4363311Z #34 7.912 Unpacking libldap2:amd64 (2.6.10+dfsg-1) ...
2025-08-23T13:44:32.4363945Z #34 7.991 Selecting previously unselected package libnghttp2-14:amd64.
2025-08-23T13:44:32.4364658Z #34 7.992 Preparing to unpack .../17-libnghttp2-14_1.64.0-1.1_amd64.deb ...
2025-08-23T13:44:32.4365513Z #34 7.993 Unpacking libnghttp2-14:amd64 (1.64.0-1.1) ...
2025-08-23T13:44:32.4366163Z #34 8.027 Selecting previously unselected package libnghttp3-9:amd64.
2025-08-23T13:44:32.4366856Z #34 8.030 Preparing to unpack .../18-libnghttp3-9_1.8.0-1_amd64.deb ...
2025-08-23T13:44:32.4367452Z #34 8.036 Unpacking libnghttp3-9:amd64 (1.8.0-1) ...
2025-08-23T13:44:32.4368053Z #34 8.087 Selecting previously unselected package libpsl5t64:amd64.
2025-08-23T13:44:32.4368746Z #34 8.092 Preparing to unpack .../19-libpsl5t64_0.21.2-1.1+b1_amd64.deb ...
2025-08-23T13:44:32.4369356Z #34 8.093 Unpacking libpsl5t64:amd64 (0.21.2-1.1+b1) ...
2025-08-23T13:44:32.4369963Z #34 8.146 Selecting previously unselected package libp11-kit0:amd64.
2025-08-23T13:44:32.4370638Z #34 8.147 Preparing to unpack .../20-libp11-kit0_0.25.5-3_amd64.deb ...
2025-08-23T13:44:32.4371210Z #34 8.150 Unpacking libp11-kit0:amd64 (0.25.5-3) ...
2025-08-23T13:44:32.4371806Z #34 8.222 Selecting previously unselected package libtasn1-6:amd64.
2025-08-23T13:44:32.4372699Z #34 8.222 Preparing to unpack .../21-libtasn1-6_4.20.0-2_amd64.deb ...
2025-08-23T13:44:32.4373506Z #34 8.223 Unpacking libtasn1-6:amd64 (4.20.0-2) ...
2025-08-23T13:44:32.4374125Z #34 8.242 Selecting previously unselected package libgnutls30t64:amd64.
2025-08-23T13:44:32.4374839Z #34 8.245 Preparing to unpack .../22-libgnutls30t64_3.8.9-3_amd64.deb ...
2025-08-23T13:44:32.4375437Z #34 8.246 Unpacking libgnutls30t64:amd64 (3.8.9-3) ...
2025-08-23T13:44:32.4376008Z #34 8.339 Selecting previously unselected package librtmp1:amd64.
2025-08-23T13:44:32.4376743Z #34 8.343 Preparing to unpack .../23-librtmp1_2.4+20151223.gitfa8646d.1-2+b5_amd64.deb ...
2025-08-23T13:44:32.4377485Z #34 8.348 Unpacking librtmp1:amd64 (2.4+20151223.gitfa8646d.1-2+b5) ...
2025-08-23T13:44:32.4378175Z #34 8.383 Selecting previously unselected package libssh2-1t64:amd64.
2025-08-23T13:44:32.4378854Z #34 8.385 Preparing to unpack .../24-libssh2-1t64_1.11.1-1_amd64.deb ...
2025-08-23T13:44:32.4379451Z #34 8.394 Unpacking libssh2-1t64:amd64 (1.11.1-1) ...
2025-08-23T13:44:32.4380050Z #34 8.432 Selecting previously unselected package libcurl4t64:amd64.
2025-08-23T13:44:32.4380715Z #34 8.432 Preparing to unpack .../25-libcurl4t64_8.14.1-2_amd64.deb ...
2025-08-23T13:44:32.4381292Z #34 8.433 Unpacking libcurl4t64:amd64 (8.14.1-2) ...
2025-08-23T13:44:32.4381807Z #34 8.487 Selecting previously unselected package curl.
2025-08-23T13:44:32.4382566Z #34 8.487 Preparing to unpack .../26-curl_8.14.1-2_amd64.deb ...
2025-08-23T13:44:32.4383061Z #34 8.493 Unpacking curl (8.14.1-2) ...
2025-08-23T13:44:32.4383572Z #34 8.552 Selecting previously unselected package libpq5:amd64.
2025-08-23T13:44:32.4384193Z #34 8.555 Preparing to unpack .../27-libpq5_17.5-1_amd64.deb ...
2025-08-23T13:44:32.4384716Z #34 8.562 Unpacking libpq5:amd64 (17.5-1) ...
2025-08-23T13:44:32.4385329Z #34 8.631 Selecting previously unselected package postgresql-client-common.
2025-08-23T13:44:32.4386066Z #34 8.631 Preparing to unpack .../28-postgresql-client-common_278_all.deb ...
2025-08-23T13:44:32.4386724Z #34 8.646 Unpacking postgresql-client-common (278) ...
2025-08-23T13:44:32.4387352Z #34 8.698 Selecting previously unselected package postgresql-client-17.
2025-08-23T13:44:32.4388123Z #34 8.700 Preparing to unpack .../29-postgresql-client-17_17.5-1_amd64.deb ...
2025-08-23T13:44:32.4388768Z #34 8.705 Unpacking postgresql-client-17 (17.5-1) ...
2025-08-23T13:44:32.4389362Z #34 8.952 Selecting previously unselected package postgresql-client.
2025-08-23T13:44:32.4390052Z #34 8.954 Preparing to unpack .../30-postgresql-client_17+278_all.deb ...
2025-08-23T13:44:32.4390647Z #34 8.958 Unpacking postgresql-client (17+278) ...
2025-08-23T13:44:32.4391158Z #34 9.022 Setting up libkeyutils1:amd64 (1.6.3-6) ...
2025-08-23T13:44:32.4391685Z #34 9.030 Setting up libgdbm-compat4t64:amd64 (1.24-2) ...
2025-08-23T13:44:32.4432639Z #34 9.040 Setting up libbrotli1:amd64 (1.1.0-2+b7) ...
2025-08-23T13:44:32.4433216Z #34 9.044 Setting up libnghttp2-14:amd64 (1.64.0-1.1) ...
2025-08-23T13:44:32.4434004Z #34 9.057 Setting up libcom-err2:amd64 (1.47.2-3+b3) ...
2025-08-23T13:44:32.4434546Z #34 9.061 Setting up libkrb5support0:amd64 (1.21.3-5) ...
2025-08-23T13:44:32.4435129Z #34 9.065 Setting up libsasl2-modules-db:amd64 (2.1.28+dfsg1-9) ...
2025-08-23T13:44:32.4435707Z #34 9.070 Setting up libp11-kit0:amd64 (0.25.5-3) ...
2025-08-23T13:44:32.4436196Z #34 9.076 Setting up libunistring5:amd64 (1.3-2) ...
2025-08-23T13:44:32.4436714Z #34 9.079 Setting up libk5crypto3:amd64 (1.21.3-5) ...
2025-08-23T13:44:32.4437232Z #34 9.084 Setting up libsasl2-2:amd64 (2.1.28+dfsg1-9) ...
2025-08-23T13:44:32.4437764Z #34 9.086 Setting up libnghttp3-9:amd64 (1.8.0-1) ...
2025-08-23T13:44:32.4438266Z #34 9.090 Setting up perl-modules-5.40 (5.40.1-6) ...
2025-08-23T13:44:32.4438746Z #34 9.097 Setting up sensible-utils (0.0.25) ...
2025-08-23T13:44:32.4439230Z #34 9.100 Setting up libtasn1-6:amd64 (4.20.0-2) ...
2025-08-23T13:44:32.4439705Z #34 9.103 Setting up libkrb5-3:amd64 (1.21.3-5) ...
2025-08-23T13:44:32.4440208Z #34 9.108 Setting up libssh2-1t64:amd64 (1.11.1-1) ...
2025-08-23T13:44:32.4440880Z #34 9.111 Setting up libldap2:amd64 (2.6.10+dfsg-1) ...
2025-08-23T13:44:32.4441393Z #34 9.114 Setting up libidn2-0:amd64 (2.3.8-2) ...
2025-08-23T13:44:32.4441882Z #34 9.126 Setting up libperl5.40:amd64 (5.40.1-6) ...
2025-08-23T13:44:32.4442530Z #34 9.128 Setting up perl (5.40.1-6) ...
2025-08-23T13:44:32.4443015Z #34 9.146 Setting up libgssapi-krb5-2:amd64 (1.21.3-5) ...
2025-08-23T13:44:32.4443539Z #34 9.155 Setting up libgnutls30t64:amd64 (3.8.9-3) ...
2025-08-23T13:44:32.4444056Z #34 9.164 Setting up postgresql-client-common (278) ...
2025-08-23T13:44:32.4444580Z #34 9.185 Setting up libpsl5t64:amd64 (0.21.2-1.1+b1) ...
2025-08-23T13:44:32.4445074Z #34 9.192 Setting up libpq5:amd64 (17.5-1) ...
2025-08-23T13:44:32.4445624Z #34 9.198 Setting up librtmp1:amd64 (2.4+20151223.gitfa8646d.1-2+b5) ...
2025-08-23T13:44:32.4446204Z #34 9.201 Setting up libcurl4t64:amd64 (8.14.1-2) ...
2025-08-23T13:44:32.4446768Z #34 9.205 Setting up postgresql-client-17 (17.5-1) ...
2025-08-23T13:44:32.5215208Z #34 10.34 update-alternatives: using /usr/share/postgresql/17/man/man1/psql.1.gz to provide /usr/share/man/man1/psql.1.gz (psql.1.gz) in auto mode
2025-08-23T13:44:32.5220211Z #34 ...
2025-08-23T13:44:32.5220393Z 
2025-08-23T13:44:32.5220678Z #35 [api base  4/13] RUN pip install --no-cache-dir -r requirements.txt
2025-08-23T13:44:32.5221414Z #35 3.105 Collecting uvicorn==0.29.0 (from -r requirements.txt (line 1))
2025-08-23T13:44:32.5222496Z #35 3.190   Downloading uvicorn-0.29.0-py3-none-any.whl.metadata (6.3 kB)
2025-08-23T13:44:32.5223515Z #35 3.226 Collecting pydantic-settings==2.2.1 (from -r requirements.txt (line 2))
2025-08-23T13:44:32.5224605Z #35 3.249   Downloading pydantic_settings-2.2.1-py3-none-any.whl.metadata (3.1 kB)
2025-08-23T13:44:32.5225793Z #35 3.321 Collecting fastapi==0.111.0 (from -r requirements.txt (line 3))
2025-08-23T13:44:32.5226729Z #35 3.343   Downloading fastapi-0.111.0-py3-none-any.whl.metadata (25 kB)
2025-08-23T13:44:32.5227726Z #35 3.741 Collecting sqlalchemy==2.0.29 (from -r requirements.txt (line 4))
2025-08-23T13:44:32.5229056Z #35 3.764   Downloading SQLAlchemy-2.0.29-cp312-cp312-manylinux_2_17_x86_64.manylinux2014_x86_64.whl.metadata (9.6 kB)
2025-08-23T13:44:32.5230211Z #35 3.808 Collecting alembic==1.13.1 (from -r requirements.txt (line 5))
2025-08-23T13:44:32.5231090Z #35 3.830   Downloading alembic-1.13.1-py3-none-any.whl.metadata (7.4 kB)
2025-08-23T13:44:32.5232909Z #35 3.851 Collecting psycopg==3.2.9 (from psycopg[binary]==3.2.9->-r requirements.txt (line 6))
2025-08-23T13:44:32.5234463Z #35 3.872   Downloading psycopg-3.2.9-py3-none-any.whl.metadata (4.5 kB)
2025-08-23T13:44:32.5237843Z #35 3.904 Collecting httpx==0.27.2 (from -r requirements.txt (line 7))
2025-08-23T13:44:32.5240073Z #35 3.925   Downloading httpx-0.27.2-py3-none-any.whl.metadata (7.1 kB)
2025-08-23T13:44:32.5273040Z #35 3.981 Collecting asyncpg==0.29.0 (from -r requirements.txt (line 8))
2025-08-23T13:44:32.5274373Z #35 4.007   Downloading asyncpg-0.29.0-cp312-cp312-manylinux_2_17_x86_64.manylinux2014_x86_64.whl.metadata (4.4 kB)
2025-08-23T13:44:32.5275327Z #35 4.474 Collecting boto3==1.34.162 (from -r requirements.txt (line 9))
2025-08-23T13:44:32.5276053Z #35 4.592   Downloading boto3-1.34.162-py3-none-any.whl.metadata (6.6 kB)
2025-08-23T13:44:32.5276804Z #35 4.617 Collecting Jinja2==3.1.5 (from -r requirements.txt (line 10))
2025-08-23T13:44:32.5277511Z #35 4.636   Downloading jinja2-3.1.5-py3-none-any.whl.metadata (2.6 kB)
2025-08-23T13:44:32.5278233Z #35 4.696 Collecting celery==5.3.* (from -r requirements.txt (line 11))
2025-08-23T13:44:32.5278951Z #35 4.714   Downloading celery-5.3.6-py3-none-any.whl.metadata (21 kB)
2025-08-23T13:44:32.5279679Z #35 4.810 Collecting structlog==24.1.0 (from -r requirements.txt (line 12))
2025-08-23T13:44:32.5280350Z #35 4.834   Downloading structlog-24.1.0-py3-none-any.whl.metadata (6.9 kB)
2025-08-23T13:44:32.5281011Z #35 4.859 Collecting asgi-correlation-id==4.3.1 (from -r requirements.txt (line 13))
2025-08-23T13:44:32.5281921Z #35 4.879   Downloading asgi_correlation_id-4.3.1-py3-none-any.whl.metadata (28 kB)
2025-08-23T13:44:32.5282895Z #35 4.902 Collecting fastapi-limiter==0.1.6 (from -r requirements.txt (line 14))
2025-08-23T13:44:32.5283784Z #35 4.926   Downloading fastapi_limiter-0.1.6-py3-none-any.whl.metadata (5.3 kB)
2025-08-23T13:44:32.5284549Z #35 4.967 Collecting redis==5.0.8 (from -r requirements.txt (line 15))
2025-08-23T13:44:32.5285241Z #35 4.988   Downloading redis-5.0.8-py3-none-any.whl.metadata (9.2 kB)
2025-08-23T13:44:32.5286195Z #35 5.089 Collecting sentry-sdk==2.9.0 (from sentry-sdk[celery,fastapi,sqlalchemy]==2.9.0->-r requirements.txt (line 16))
2025-08-23T13:44:32.5287196Z #35 5.109   Downloading sentry_sdk-2.9.0-py2.py3-none-any.whl.metadata (14 kB)
2025-08-23T13:44:32.5288040Z #35 5.219 Collecting click>=7.0 (from uvicorn==0.29.0->-r requirements.txt (line 1))
2025-08-23T13:44:32.5288782Z #35 5.238   Downloading click-8.2.1-py3-none-any.whl.metadata (2.5 kB)
2025-08-23T13:44:32.5289524Z #35 5.250 Collecting h11>=0.8 (from uvicorn==0.29.0->-r requirements.txt (line 1))
2025-08-23T13:44:32.5290241Z #35 5.270   Downloading h11-0.16.0-py3-none-any.whl.metadata (8.3 kB)
2025-08-23T13:44:32.5291049Z #35 5.465 Collecting pydantic>=2.3.0 (from pydantic-settings==2.2.1->-r requirements.txt (line 2))
2025-08-23T13:44:32.5291917Z #35 5.485   Downloading pydantic-2.11.7-py3-none-any.whl.metadata (67 kB)
2025-08-23T13:44:32.5293061Z #35 5.528 Collecting python-dotenv>=0.21.0 (from pydantic-settings==2.2.1->-r requirements.txt (line 2))
2025-08-23T13:44:32.5293981Z #35 5.548   Downloading python_dotenv-1.1.1-py3-none-any.whl.metadata (24 kB)
2025-08-23T13:44:32.5294829Z #35 5.595 Collecting starlette<0.38.0,>=0.37.2 (from fastapi==0.111.0->-r requirements.txt (line 3))
2025-08-23T13:44:32.5295667Z #35 5.615   Downloading starlette-0.37.2-py3-none-any.whl.metadata (5.9 kB)
2025-08-23T13:44:32.5296532Z #35 5.716 Collecting typing-extensions>=4.8.0 (from fastapi==0.111.0->-r requirements.txt (line 3))
2025-08-23T13:44:32.5297461Z #35 5.735   Downloading typing_extensions-4.14.1-py3-none-any.whl.metadata (3.0 kB)
2025-08-23T13:44:32.5298341Z #35 5.748 Collecting fastapi-cli>=0.0.2 (from fastapi==0.111.0->-r requirements.txt (line 3))
2025-08-23T13:44:32.5299173Z #35 5.767   Downloading fastapi_cli-0.0.8-py3-none-any.whl.metadata (6.3 kB)
2025-08-23T13:44:32.5300027Z #35 5.793 Collecting python-multipart>=0.0.7 (from fastapi==0.111.0->-r requirements.txt (line 3))
2025-08-23T13:44:32.5300928Z #35 5.813   Downloading python_multipart-0.0.20-py3-none-any.whl.metadata (1.8 kB)
2025-08-23T13:44:32.5301857Z #35 5.901 Collecting ujson!=4.0.2,!=4.1.0,!=4.2.0,!=4.3.0,!=5.0.0,!=5.1.0,>=4.0.1 (from fastapi==0.111.0->-r requirements.txt (line 3))
2025-08-23T13:44:32.5303063Z #35 5.924   Downloading ujson-5.11.0-cp312-cp312-manylinux_2_24_x86_64.manylinux_2_28_x86_64.whl.metadata (9.4 kB)
2025-08-23T13:44:32.5304037Z #35 6.120 Collecting orjson>=3.2.1 (from fastapi==0.111.0->-r requirements.txt (line 3))
2025-08-23T13:44:32.5305283Z #35 6.161   Downloading orjson-3.11.2-cp312-cp312-manylinux_2_17_x86_64.manylinux2014_x86_64.whl.metadata (1.2 kB)
2025-08-23T13:44:32.5306308Z #35 6.194 Collecting email_validator>=2.0.0 (from fastapi==0.111.0->-r requirements.txt (line 3))
2025-08-23T13:44:32.5307180Z #35 6.251   Downloading email_validator-2.2.0-py3-none-any.whl.metadata (25 kB)
2025-08-23T13:44:32.5308044Z #35 6.405 Collecting greenlet!=0.4.17 (from sqlalchemy==2.0.29->-r requirements.txt (line 4))
2025-08-23T13:44:32.5309057Z #35 6.443   Downloading greenlet-3.2.4-cp312-cp312-manylinux_2_24_x86_64.manylinux_2_28_x86_64.whl.metadata (4.1 kB)
2025-08-23T13:44:32.5310024Z #35 6.476 Collecting Mako (from alembic==1.13.1->-r requirements.txt (line 5))
2025-08-23T13:44:32.5310761Z #35 6.496   Downloading mako-1.3.10-py3-none-any.whl.metadata (2.9 kB)
2025-08-23T13:44:32.5311454Z #35 6.523 Collecting anyio (from httpx==0.27.2->-r requirements.txt (line 7))
2025-08-23T13:44:32.5331938Z #35 6.543   Downloading anyio-4.10.0-py3-none-any.whl.metadata (4.0 kB)
2025-08-23T13:44:32.5333509Z #35 6.566 Collecting certifi (from httpx==0.27.2->-r requirements.txt (line 7))
2025-08-23T13:44:32.5334311Z #35 6.587   Downloading certifi-2025.8.3-py3-none-any.whl.metadata (2.4 kB)
2025-08-23T13:44:32.5335096Z #35 6.617 Collecting httpcore==1.* (from httpx==0.27.2->-r requirements.txt (line 7))
2025-08-23T13:44:32.5335876Z #35 6.636   Downloading httpcore-1.0.9-py3-none-any.whl.metadata (21 kB)
2025-08-23T13:44:32.5336578Z #35 6.654 Collecting idna (from httpx==0.27.2->-r requirements.txt (line 7))
2025-08-23T13:44:32.5337232Z #35 6.673   Downloading idna-3.10-py3-none-any.whl.metadata (10 kB)
2025-08-23T13:44:32.5337896Z #35 6.684 Collecting sniffio (from httpx==0.27.2->-r requirements.txt (line 7))
2025-08-23T13:44:32.5338595Z #35 6.703   Downloading sniffio-1.3.1-py3-none-any.whl.metadata (3.9 kB)
2025-08-23T13:44:32.5339307Z #35 7.306 Collecting botocore<1.35.0,>=1.34.162 (from boto3==1.34.162->-r requirements.txt (line 9))
2025-08-23T13:44:32.5340041Z #35 7.327   Downloading botocore-1.34.162-py3-none-any.whl.metadata (5.7 kB)
2025-08-23T13:44:32.5340708Z #35 7.344 Collecting jmespath<2.0.0,>=0.7.1 (from boto3==1.34.162->-r requirements.txt (line 9))
2025-08-23T13:44:32.5341412Z #35 7.366   Downloading jmespath-1.0.1-py3-none-any.whl.metadata (7.6 kB)
2025-08-23T13:44:32.5342611Z #35 7.393 Collecting s3transfer<0.11.0,>=0.10.0 (from boto3==1.34.162->-r requirements.txt (line 9))
2025-08-23T13:44:32.5343437Z #35 7.412   Downloading s3transfer-0.10.4-py3-none-any.whl.metadata (1.7 kB)
2025-08-23T13:44:32.5344466Z #35 7.494 Collecting MarkupSafe>=2.0 (from Jinja2==3.1.5->-r requirements.txt (line 10))
2025-08-23T13:44:32.5345386Z #35 7.516   Downloading MarkupSafe-3.0.2-cp312-cp312-manylinux_2_17_x86_64.manylinux2014_x86_64.whl.metadata (4.0 kB)
2025-08-23T13:44:32.5346354Z #35 7.547 Collecting billiard<5.0,>=4.2.0 (from celery==5.3.*->-r requirements.txt (line 11))
2025-08-23T13:44:32.5347121Z #35 7.567   Downloading billiard-4.2.1-py3-none-any.whl.metadata (4.4 kB)
2025-08-23T13:44:32.5347960Z #35 7.578 Collecting click-didyoumean>=0.3.0 (from celery==5.3.*->-r requirements.txt (line 11))
2025-08-23T13:44:32.5348807Z #35 7.596   Downloading click_didyoumean-0.3.1-py3-none-any.whl.metadata (3.9 kB)
2025-08-23T13:44:32.5349648Z #35 7.614 Collecting click-plugins>=1.1.1 (from celery==5.3.*->-r requirements.txt (line 11))
2025-08-23T13:44:32.5350501Z #35 7.634   Downloading click_plugins-1.1.1.2-py2.py3-none-any.whl.metadata (6.5 kB)
2025-08-23T13:44:32.5351324Z #35 7.645 Collecting click-repl>=0.2.0 (from celery==5.3.*->-r requirements.txt (line 11))
2025-08-23T13:44:32.5352434Z #35 7.666   Downloading click_repl-0.3.0-py3-none-any.whl.metadata (3.6 kB)
2025-08-23T13:44:32.5353198Z #35 7.714 Collecting kombu<6.0,>=5.3.4 (from celery==5.3.*->-r requirements.txt (line 11))
2025-08-23T13:44:32.5353951Z #35 7.734   Downloading kombu-5.5.4-py3-none-any.whl.metadata (3.5 kB)
2025-08-23T13:44:32.5354751Z #35 7.758 Collecting python-dateutil>=2.8.2 (from celery==5.3.*->-r requirements.txt (line 11))
2025-08-23T13:44:32.5355966Z #35 7.782   Downloading python_dateutil-2.9.0.post0-py2.py3-none-any.whl.metadata (8.4 kB)
2025-08-23T13:44:32.5356837Z #35 7.804 Collecting tzdata>=2022.7 (from celery==5.3.*->-r requirements.txt (line 11))
2025-08-23T13:44:32.5357627Z #35 7.829   Downloading tzdata-2025.2-py2.py3-none-any.whl.metadata (1.4 kB)
2025-08-23T13:44:32.5358398Z #35 7.843 Collecting vine<6.0,>=5.1.0 (from celery==5.3.*->-r requirements.txt (line 11))
2025-08-23T13:44:32.5359120Z #35 7.866   Downloading vine-5.1.0-py3-none-any.whl.metadata (2.7 kB)
2025-08-23T13:44:32.5360123Z #35 7.946 Collecting urllib3>=1.26.11 (from sentry-sdk==2.9.0->sentry-sdk[celery,fastapi,sqlalchemy]==2.9.0->-r requirements.txt (line 16))
2025-08-23T13:44:32.5361146Z #35 7.967   Downloading urllib3-2.5.0-py3-none-any.whl.metadata (6.5 kB)
2025-08-23T13:44:32.5361983Z #35 8.191 Collecting psycopg-binary==3.2.9 (from psycopg[binary]==3.2.9->-r requirements.txt (line 6))
2025-08-23T13:44:32.5403756Z #35 8.211   Downloading psycopg_binary-3.2.9-cp312-cp312-manylinux_2_17_x86_64.manylinux2014_x86_64.whl.metadata (2.9 kB)
2025-08-23T13:44:32.5404936Z #35 8.383 Collecting prompt-toolkit>=3.0.36 (from click-repl>=0.2.0->celery==5.3.*->-r requirements.txt (line 11))
2025-08-23T13:44:32.5405884Z #35 8.405   Downloading prompt_toolkit-3.0.51-py3-none-any.whl.metadata (6.4 kB)
2025-08-23T13:44:32.5406831Z #35 8.432 Collecting dnspython>=2.0.0 (from email_validator>=2.0.0->fastapi==0.111.0->-r requirements.txt (line 3))
2025-08-23T13:44:32.5407732Z #35 8.453   Downloading dnspython-2.7.0-py3-none-any.whl.metadata (5.8 kB)
2025-08-23T13:44:32.5408583Z #35 8.499 Collecting typer>=0.15.1 (from fastapi-cli>=0.0.2->fastapi==0.111.0->-r requirements.txt (line 3))
2025-08-23T13:44:32.5409421Z #35 8.519   Downloading typer-0.16.1-py3-none-any.whl.metadata (15 kB)
2025-08-23T13:44:32.5410293Z #35 8.561 Collecting rich-toolkit>=0.14.8 (from fastapi-cli>=0.0.2->fastapi==0.111.0->-r requirements.txt (line 3))
2025-08-23T13:44:32.5411239Z #35 8.581   Downloading rich_toolkit-0.15.0-py3-none-any.whl.metadata (1.0 kB)
2025-08-23T13:44:32.5412059Z #35 8.617 Collecting amqp<6.0.0,>=5.1.1 (from kombu<6.0,>=5.3.4->celery==5.3.*->-r requirements.txt (line 11))
2025-08-23T13:44:32.5413148Z #35 8.638   Downloading amqp-5.3.1-py3-none-any.whl.metadata (8.9 kB)
2025-08-23T13:44:32.5413952Z #35 8.670 Collecting packaging (from kombu<6.0,>=5.3.4->celery==5.3.*->-r requirements.txt (line 11))
2025-08-23T13:44:32.5414827Z #35 8.695   Downloading packaging-25.0-py3-none-any.whl.metadata (3.3 kB)
2025-08-23T13:44:32.5415807Z #35 8.723 Collecting annotated-types>=0.6.0 (from pydantic>=2.3.0->pydantic-settings==2.2.1->-r requirements.txt (line 2))
2025-08-23T13:44:32.5416803Z #35 8.746   Downloading annotated_types-0.7.0-py3-none-any.whl.metadata (15 kB)
2025-08-23T13:44:32.5417810Z #35 9.796 Collecting pydantic-core==2.33.2 (from pydantic>=2.3.0->pydantic-settings==2.2.1->-r requirements.txt (line 2))
2025-08-23T13:44:32.5418999Z #35 9.820   Downloading pydantic_core-2.33.2-cp312-cp312-manylinux_2_17_x86_64.manylinux2014_x86_64.whl.metadata (6.8 kB)
2025-08-23T13:44:32.5420208Z #35 9.857 Collecting typing-inspection>=0.4.0 (from pydantic>=2.3.0->pydantic-settings==2.2.1->-r requirements.txt (line 2))
2025-08-23T13:44:32.5421252Z #35 9.878   Downloading typing_inspection-0.4.1-py3-none-any.whl.metadata (2.6 kB)
2025-08-23T13:44:32.5422497Z #35 9.940 Collecting six>=1.5 (from python-dateutil>=2.8.2->celery==5.3.*->-r requirements.txt (line 11))
2025-08-23T13:44:32.5423382Z #35 9.984   Downloading six-1.17.0-py2.py3-none-any.whl.metadata (1.7 kB)
2025-08-23T13:44:32.6226748Z #35 ...
2025-08-23T13:44:32.6230974Z 
2025-08-23T13:44:32.6237786Z #34 [api stage-1 3/6] RUN set -eux;     if [ -f /etc/apt/sources.list ]; then         sed -i 's|http://deb.debian.org|https://deb.debian.org|g' /etc/apt/sources.list;     fi;     apt-get update;     apt-get install -y --no-install-recommends tzdata postgresql-client curl;     rm -rf /var/lib/apt/lists/*
2025-08-23T13:44:32.6243142Z #34 10.44 Setting up curl (8.14.1-2) ...
2025-08-23T13:44:32.6243672Z #34 10.44 Setting up postgresql-client (17+278) ...
2025-08-23T13:44:32.7231963Z #34 10.45 Processing triggers for libc-bin (2.41-12) ...
2025-08-23T13:44:32.7238097Z #34 10.54 + rm -rf /var/lib/apt/lists/auxfiles /var/lib/apt/lists/deb.debian.org_debian-security_dists_trixie-security_InRelease /var/lib/apt/lists/deb.debian.org_debian-security_dists_trixie-security_main_binary-amd64_Packages.lz4 /var/lib/apt/lists/deb.debian.org_debian_dists_trixie-updates_InRelease /var/lib/apt/lists/deb.debian.org_debian_dists_trixie-updates_main_binary-amd64_Packages.lz4 /var/lib/apt/lists/deb.debian.org_debian_dists_trixie_InRelease /var/lib/apt/lists/deb.debian.org_debian_dists_trixie_main_binary-amd64_Packages.lz4 /var/lib/apt/lists/lock /var/lib/apt/lists/partial
2025-08-23T13:44:32.9424689Z #34 DONE 10.7s
2025-08-23T13:44:32.9428526Z 
2025-08-23T13:44:32.9429502Z #33 [celery_worker base 4/8] RUN if [ -n "" ] && [ -f "" ]; then         pip install -r requirements.txt -c "";     else         pip install -r requirements.txt;     fi
2025-08-23T13:44:32.9431110Z #33 10.28 Collecting pydantic-core==2.33.2 (from pydantic->keepa==1.3.14->-r requirements.txt (line 1))
2025-08-23T13:44:32.9432431Z #33 10.29   Downloading pydantic_core-2.33.2-cp312-cp312-manylinux_2_17_x86_64.manylinux2014_x86_64.whl.metadata (6.8 kB)
2025-08-23T13:44:32.9433504Z #33 10.32 Collecting typing-inspection>=0.4.0 (from pydantic->keepa==1.3.14->-r requirements.txt (line 1))
2025-08-23T13:44:32.9434404Z #33 10.33   Downloading typing_inspection-0.4.1-py3-none-any.whl.metadata (2.6 kB)
2025-08-23T13:44:32.9435695Z #33 10.51 Collecting charset_normalizer<4,>=2 (from requests>=2.2->keepa==1.3.14->-r requirements.txt (line 1))
2025-08-23T13:44:32.9436894Z #33 10.52   Downloading charset_normalizer-3.4.3-cp312-cp312-manylinux2014_x86_64.manylinux_2_17_x86_64.manylinux_2_28_x86_64.whl.metadata (36 kB)
2025-08-23T13:44:32.9438002Z #33 10.62 Collecting idna<4,>=2.5 (from requests>=2.2->keepa==1.3.14->-r requirements.txt (line 1))
2025-08-23T13:44:32.9438763Z #33 10.63   Downloading idna-3.10-py3-none-any.whl.metadata (10 kB)
2025-08-23T13:44:32.9439627Z #33 10.69 Collecting mypy-extensions>=0.3.0 (from typing-inspect>=0.6.0->pandera==0.19.*->-r requirements.txt (line 9))
2025-08-23T13:44:32.9440558Z #33 10.69   Downloading mypy_extensions-1.1.0-py3-none-any.whl.metadata (1.1 kB)
2025-08-23T13:44:32.9441412Z #33 10.73 Collecting aiohappyeyeballs>=2.5.0 (from aiohttp->keepa==1.3.14->-r requirements.txt (line 1))
2025-08-23T13:44:33.0426356Z #33 10.73   Downloading aiohappyeyeballs-2.6.1-py3-none-any.whl.metadata (5.9 kB)
2025-08-23T13:44:33.0453844Z #33 10.74 Collecting aiosignal>=1.4.0 (from aiohttp->keepa==1.3.14->-r requirements.txt (line 1))
2025-08-23T13:44:33.0454772Z #33 10.75   Downloading aiosignal-1.4.0-py3-none-any.whl.metadata (3.7 kB)
2025-08-23T13:44:33.0458752Z #33 10.77 Collecting attrs>=17.3.0 (from aiohttp->keepa==1.3.14->-r requirements.txt (line 1))
2025-08-23T13:44:33.0459587Z #33 10.77   Downloading attrs-25.3.0-py3-none-any.whl.metadata (10 kB)
2025-08-23T13:44:33.1627352Z #33 10.87 Collecting frozenlist>=1.1.1 (from aiohttp->keepa==1.3.14->-r requirements.txt (line 1))
2025-08-23T13:44:33.1629045Z #33 10.87   Downloading frozenlist-1.7.0-cp312-cp312-manylinux_2_5_x86_64.manylinux1_x86_64.manylinux_2_17_x86_64.manylinux2014_x86_64.whl.metadata (18 kB)
2025-08-23T13:44:33.4218336Z #33 11.15 Collecting multidict<7.0,>=4.5 (from aiohttp->keepa==1.3.14->-r requirements.txt (line 1))
2025-08-23T13:44:33.4220949Z #33 11.16   Downloading multidict-6.6.4-cp312-cp312-manylinux2014_x86_64.manylinux_2_17_x86_64.manylinux_2_28_x86_64.whl.metadata (5.3 kB)
2025-08-23T13:44:33.4226566Z #33 11.21 Collecting propcache>=0.2.0 (from aiohttp->keepa==1.3.14->-r requirements.txt (line 1))
2025-08-23T13:44:33.5372916Z #33 11.21   Downloading propcache-0.3.2-cp312-cp312-manylinux_2_17_x86_64.manylinux2014_x86_64.whl.metadata (12 kB)
2025-08-23T13:44:33.7763653Z #33 11.47 Collecting yarl<2.0,>=1.17.0 (from aiohttp->keepa==1.3.14->-r requirements.txt (line 1))
2025-08-23T13:44:33.7767533Z #33 11.47   Downloading yarl-1.20.1-cp312-cp312-manylinux_2_17_x86_64.manylinux2014_x86_64.whl.metadata (73 kB)
2025-08-23T13:44:33.8862679Z #33 11.58 Collecting wcwidth (from prompt-toolkit>=3.0.36->click-repl>=0.2.0->celery==5.3.*->-r requirements.txt (line 3))
2025-08-23T13:44:33.8865804Z #33 11.58   Downloading wcwidth-0.2.13-py2.py3-none-any.whl.metadata (14 kB)
2025-08-23T13:44:33.9880589Z #33 11.74 Downloading keepa-1.3.14-py3-none-any.whl (33 kB)
2025-08-23T13:44:33.9886525Z #33 11.75 Downloading minio-7.1.15-py3-none-any.whl (77 kB)
2025-08-23T13:44:33.9887178Z #33 11.76 Downloading celery-5.3.6-py3-none-any.whl (422 kB)
2025-08-23T13:44:34.0942348Z #33 11.77 Downloading redis-5.3.1-py3-none-any.whl (272 kB)
2025-08-23T13:44:34.0943581Z #33 11.78 Downloading python_amazon_sp_api-0.8.0-py3-none-any.whl (93 kB)
2025-08-23T13:44:34.0944710Z #33 11.79 Downloading pydantic_settings-2.2.1-py3-none-any.whl (13 kB)
2025-08-23T13:44:34.0946357Z #33 11.80 Downloading pandas-2.2.3-cp312-cp312-manylinux_2_17_x86_64.manylinux2014_x86_64.whl (12.7 MB)
2025-08-23T13:44:34.2107780Z #33 11.89    ━━━━━━━━━━━━━━━━━━━━━━━━━━━━━━━━━━━━━━━━ 12.7/12.7 MB 146.7 MB/s eta 0:00:00
2025-08-23T13:44:34.2108516Z #33 11.90 Downloading pandera-0.19.3-py3-none-any.whl (251 kB)
2025-08-23T13:44:34.2109158Z #33 11.91 Downloading openpyxl-3.1.5-py2.py3-none-any.whl (250 kB)
2025-08-23T13:44:34.2109773Z #33 11.92 Downloading psycopg-3.2.9-py3-none-any.whl (202 kB)
2025-08-23T13:44:34.2110646Z #33 11.93 Downloading psycopg2_binary-2.9.10-cp312-cp312-manylinux_2_17_x86_64.manylinux2014_x86_64.whl (3.0 MB)
2025-08-23T13:44:34.2111649Z #33 11.95    ━━━━━━━━━━━━━━━━━━━━━━━━━━━━━━━━━━━━━━━━ 3.0/3.0 MB 146.2 MB/s eta 0:00:00
2025-08-23T13:44:34.2116548Z #33 11.96 Downloading sentry_sdk-2.9.0-py2.py3-none-any.whl (301 kB)
2025-08-23T13:44:34.2117441Z #33 11.97 Downloading psycopg_binary-3.2.9-cp312-cp312-manylinux_2_17_x86_64.manylinux2014_x86_64.whl (4.4 MB)
2025-08-23T13:44:34.3137410Z #33 11.99    ━━━━━━━━━━━━━━━━━━━━━━━━━━━━━━━━━━━━━━━━ 4.4/4.4 MB 158.3 MB/s eta 0:00:00
2025-08-23T13:44:34.3140310Z #33 12.00 Downloading numpy-1.26.4-cp312-cp312-manylinux_2_17_x86_64.manylinux2014_x86_64.whl (18.0 MB)
2025-08-23T13:44:34.4125015Z #33 ...
2025-08-23T13:44:34.4132426Z 
2025-08-23T13:44:34.4133374Z #32 [fees_h10 base 4/6] RUN if [ -n "" ] && [ -f "fees_h10/" ]; then         pip install -r fees_h10/requirements.txt -c fees_h10/;     else         pip install -r fees_h10/requirements.txt;     fi
2025-08-23T13:44:34.4136290Z #32 11.84 Successfully installed PyJWT-2.10.1 amqp-5.3.1 anyio-4.10.0 asyncpg-0.30.0 billiard-4.2.1 celery-5.4.0 certifi-2025.8.3 click-8.2.1 click-didyoumean-0.3.1 click-plugins-1.1.1.2 click-repl-0.3.0 greenlet-3.2.4 h11-0.16.0 httpcore-1.0.9 httpx-0.28.1 idna-3.10 kombu-5.5.4 packaging-25.0 prompt-toolkit-3.0.51 python-dateutil-2.9.0.post0 redis-5.3.1 six-1.17.0 sniffio-1.3.1 sqlalchemy-2.0.43 typing-extensions-4.14.1 tzdata-2025.2 vine-5.1.0 wcwidth-0.2.13
2025-08-23T13:44:34.4140484Z #32 11.84 WARNING: Running pip as the 'root' user can result in broken permissions and conflicting behaviour with the system package manager, possibly rendering your system unusable. It is recommended to use a virtual environment instead: https://pip.pypa.io/warnings/venv. Use the --root-user-action option if you know what you are doing and want to suppress this warning.
2025-08-23T13:44:34.4142779Z #32 11.92 
2025-08-23T13:44:34.4143188Z #32 11.92 [notice] A new release of pip is available: 25.0.1 -> 25.2
2025-08-23T13:44:34.4143766Z #32 11.92 [notice] To update, run: pip install --upgrade pip
2025-08-23T13:44:34.4144200Z #32 DONE 12.1s
2025-08-23T13:44:34.4144303Z 
2025-08-23T13:44:34.4144399Z #36 [fees_h10 base 5/6] COPY . ./fees_h10
2025-08-23T13:44:34.4144635Z #36 DONE 0.0s
2025-08-23T13:44:34.4144732Z 
2025-08-23T13:44:34.4144838Z #37 [fees_h10 base 6/6] COPY start.sh ./start.sh
2025-08-23T13:44:34.4145345Z #37 DONE 0.0s
2025-08-23T13:44:34.4145450Z 
2025-08-23T13:44:34.4145834Z #33 [celery_worker base 4/8] RUN if [ -n "" ] && [ -f "" ]; then         pip install -r requirements.txt -c "";     else         pip install -r requirements.txt;     fi
2025-08-23T13:44:34.4147100Z #33 12.11    ━━━━━━━━━━━━━━━━━━━━━━━━━━━━━━━━━━━━━━━━ 18.0/18.0 MB 197.4 MB/s eta 0:00:00
2025-08-23T13:44:34.4147459Z #33 12.11 Downloading billiard-4.2.1-py3-none-any.whl (86 kB)
2025-08-23T13:44:34.4147793Z #33 12.14 Downloading boto3-1.40.16-py3-none-any.whl (140 kB)
2025-08-23T13:44:34.4148120Z #33 12.15 Downloading cachetools-4.2.4-py3-none-any.whl (10 kB)
2025-08-23T13:44:34.4148514Z #33 12.16 Downloading click-8.2.1-py3-none-any.whl (102 kB)
2025-08-23T13:44:34.4148984Z #33 12.17 Downloading click_didyoumean-0.3.1-py3-none-any.whl (3.6 kB)
2025-08-23T13:44:34.4149523Z #33 12.18 Downloading click_plugins-1.1.1.2-py2.py3-none-any.whl (11 kB)
2025-08-23T13:44:34.4150193Z #33 12.18 Downloading click_repl-0.3.0-py3-none-any.whl (10 kB)
2025-08-23T13:44:34.4150808Z #33 12.19 Downloading confuse-1.4.0-py2.py3-none-any.whl (21 kB)
2025-08-23T13:44:34.5167056Z #33 12.20 Downloading kombu-5.5.4-py3-none-any.whl (210 kB)
2025-08-23T13:44:34.5169467Z #33 12.20 Downloading vine-5.1.0-py3-none-any.whl (9.6 kB)
2025-08-23T13:44:34.5170689Z #33 12.21 Downloading multimethod-1.10-py3-none-any.whl (9.9 kB)
2025-08-23T13:44:34.5171653Z #33 12.22 Downloading packaging-25.0-py3-none-any.whl (66 kB)
2025-08-23T13:44:34.5173665Z #33 12.23 Downloading pydantic-2.11.7-py3-none-any.whl (444 kB)
2025-08-23T13:44:34.5178305Z #33 12.24 Downloading pydantic_core-2.33.2-cp312-cp312-manylinux_2_17_x86_64.manylinux2014_x86_64.whl (2.0 MB)
2025-08-23T13:44:34.5179535Z #33 12.25    ━━━━━━━━━━━━━━━━━━━━━━━━━━━━━━━━━━━━━━━━ 2.0/2.0 MB 128.3 MB/s eta 0:00:00
2025-08-23T13:44:34.5180114Z #33 12.26 Downloading PyJWT-2.10.1-py3-none-any.whl (22 kB)
2025-08-23T13:44:34.5180795Z #33 12.27 Downloading python_dateutil-2.9.0.post0-py2.py3-none-any.whl (229 kB)
2025-08-23T13:44:34.5181541Z #33 12.28 Downloading python_dotenv-1.1.1-py3-none-any.whl (20 kB)
2025-08-23T13:44:34.5182322Z #33 12.28 Downloading pytz-2025.2-py2.py3-none-any.whl (509 kB)
2025-08-23T13:44:34.5182915Z #33 12.29 Downloading requests-2.32.5-py3-none-any.whl (64 kB)
2025-08-23T13:44:34.6188715Z #33 ...
2025-08-23T13:44:34.6189004Z 
2025-08-23T13:44:34.6190791Z #38 [postgres 2/6] RUN set -eux;     if [ -f /etc/apt/sources.list ]; then         sed -i 's|http://deb.debian.org|https://deb.debian.org|g' /etc/apt/sources.list;     fi;     apt-get update;     apt-get install -y locales;     locale-gen en_US.UTF-8;     rm -rf /var/lib/apt/lists/*
2025-08-23T13:44:34.6192649Z #38 0.278 + [ -f /etc/apt/sources.list ]
2025-08-23T13:44:34.6193037Z #38 0.278 + apt-get update
2025-08-23T13:44:34.6193506Z #38 0.353 Get:1 http://deb.debian.org/debian trixie InRelease [138 kB]
2025-08-23T13:44:34.6194220Z #38 0.366 Get:2 http://deb.debian.org/debian trixie-updates InRelease [47.1 kB]
2025-08-23T13:44:34.6195274Z #38 0.368 Get:3 http://deb.debian.org/debian-security trixie-security InRelease [43.4 kB]
2025-08-23T13:44:34.6196070Z #38 0.457 Get:4 http://deb.debian.org/debian trixie/main amd64 Packages [9,668 kB]
2025-08-23T13:44:34.6196820Z #38 0.561 Get:5 http://deb.debian.org/debian trixie-updates/main amd64 Packages [2,432 B]
2025-08-23T13:44:34.6197917Z #38 0.563 Get:6 http://deb.debian.org/debian-security trixie-security/main amd64 Packages [23.9 kB]
2025-08-23T13:44:34.6206822Z #38 1.386 Get:7 http://apt.postgresql.org/pub/repos/apt trixie-pgdg InRelease [107 kB]
2025-08-23T13:44:34.6207765Z #38 1.517 Get:8 http://apt.postgresql.org/pub/repos/apt trixie-pgdg/16 amd64 Packages [2,574 B]
2025-08-23T13:44:34.6208740Z #38 1.527 Get:9 http://apt.postgresql.org/pub/repos/apt trixie-pgdg/main amd64 Packages [334 kB]
2025-08-23T13:44:34.6209880Z #38 1.620 Fetched 10.4 MB in 1s (8,030 kB/s)
2025-08-23T13:44:34.6210327Z #38 1.620 Reading package lists...
2025-08-23T13:44:34.6210996Z #38 2.536 + apt-get install -y locales
2025-08-23T13:44:34.6212217Z #38 2.553 Reading package lists...
2025-08-23T13:44:34.6212632Z #38 3.451 Building dependency tree...
2025-08-23T13:44:34.6213058Z #38 3.652 Reading state information...
2025-08-23T13:44:34.6229287Z #38 3.925 locales is already the newest version (2.41-12).
2025-08-23T13:44:34.6229879Z #38 3.925 0 upgraded, 0 newly installed, 0 to remove and 1 not upgraded.
2025-08-23T13:44:34.6230390Z #38 3.926 + locale-gen en_US.UTF-8
2025-08-23T13:44:34.6230799Z #38 3.933 Generating locales (this might take a while)...
2025-08-23T13:44:34.6231268Z #38 3.944   en_US.UTF-8... done
2025-08-23T13:44:34.6231626Z #38 5.577 Generation complete.
2025-08-23T13:44:34.6237046Z #38 5.577 + rm -rf /var/lib/apt/lists/apt.postgresql.org_pub_repos_apt_dists_trixie-pgdg_16_binary-amd64_Packages.lz4 /var/lib/apt/lists/apt.postgresql.org_pub_repos_apt_dists_trixie-pgdg_InRelease /var/lib/apt/lists/apt.postgresql.org_pub_repos_apt_dists_trixie-pgdg_main_binary-amd64_Packages.lz4 /var/lib/apt/lists/auxfiles /var/lib/apt/lists/deb.debian.org_debian-security_dists_trixie-security_InRelease /var/lib/apt/lists/deb.debian.org_debian-security_dists_trixie-security_main_binary-amd64_Packages.lz4 /var/lib/apt/lists/deb.debian.org_debian_dists_trixie-updates_InRelease /var/lib/apt/lists/deb.debian.org_debian_dists_trixie-updates_main_binary-amd64_Packages.lz4 /var/lib/apt/lists/deb.debian.org_debian_dists_trixie_InRelease /var/lib/apt/lists/deb.debian.org_debian_dists_trixie_main_binary-amd64_Packages.lz4 /var/lib/apt/lists/lock /var/lib/apt/lists/partial
2025-08-23T13:44:34.6274206Z #38 DONE 5.6s
2025-08-23T13:44:34.6274397Z 
2025-08-23T13:44:34.6274621Z #39 [postgres 3/6] COPY docker/postgres/pg_hba.conf /etc/postgresql/pg_hba.conf
2025-08-23T13:44:34.6275234Z #39 DONE 0.0s
2025-08-23T13:44:34.6275410Z 
2025-08-23T13:44:34.6276053Z #33 [celery_worker base 4/8] RUN if [ -n "" ] && [ -f "" ]; then         pip install -r requirements.txt -c "";     else         pip install -r requirements.txt;     fi
2025-08-23T13:44:34.6277207Z #33 12.30 Downloading certifi-2025.8.3-py3-none-any.whl (161 kB)
2025-08-23T13:44:34.6277870Z #33 12.31 Downloading six-1.17.0-py2.py3-none-any.whl (11 kB)
2025-08-23T13:44:34.6278539Z #33 12.32 Downloading typing_extensions-4.14.1-py3-none-any.whl (43 kB)
2025-08-23T13:44:34.6279569Z #33 12.32 Downloading typing_inspect-0.9.0-py3-none-any.whl (8.8 kB)
2025-08-23T13:44:34.6280421Z #33 12.33 Downloading tzdata-2025.2-py2.py3-none-any.whl (347 kB)
2025-08-23T13:44:34.6281057Z #33 12.34 Downloading urllib3-2.5.0-py3-none-any.whl (129 kB)
2025-08-23T13:44:34.6281883Z #33 12.35 Downloading aiohttp-3.12.15-cp312-cp312-manylinux_2_17_x86_64.manylinux2014_x86_64.whl (1.7 MB)
2025-08-23T13:44:34.6283721Z #33 12.36    ━━━━━━━━━━━━━━━━━━━━━━━━━━━━━━━━━━━━━━━━ 1.7/1.7 MB 144.3 MB/s eta 0:00:00
2025-08-23T13:44:34.6284365Z #33 12.37 Downloading et_xmlfile-2.0.0-py3-none-any.whl (18 kB)
2025-08-23T13:44:34.6285580Z #33 12.38 Downloading pycryptodome-3.23.0-cp37-abi3-manylinux_2_17_x86_64.manylinux2014_x86_64.whl (2.3 MB)
2025-08-23T13:44:34.7253667Z #33 ...
2025-08-23T13:44:34.7263863Z 
2025-08-23T13:44:34.7264718Z #40 [postgres 4/6] COPY docker/postgres/init-pg_hba.sh /docker-entrypoint-initdb.d/10_init_pg_hba.sh
2025-08-23T13:44:34.7267572Z #40 DONE 0.0s
2025-08-23T13:44:34.7267780Z 
2025-08-23T13:44:34.7268195Z #41 [postgres 5/6] COPY docker/postgres/postgresql.conf /etc/postgresql/postgresql.conf
2025-08-23T13:44:34.7268897Z #41 DONE 0.0s
2025-08-23T13:44:34.7269086Z 
2025-08-23T13:44:34.7269680Z #33 [celery_worker base 4/8] RUN if [ -n "" ] && [ -f "" ]; then         pip install -r requirements.txt -c "";     else         pip install -r requirements.txt;     fi
2025-08-23T13:44:34.7271010Z #33 12.40    ━━━━━━━━━━━━━━━━━━━━━━━━━━━━━━━━━━━━━━━━ 2.3/2.3 MB 129.2 MB/s eta 0:00:00
2025-08-23T13:44:34.7271599Z #33 12.41 Downloading tqdm-4.67.1-py3-none-any.whl (78 kB)
2025-08-23T13:44:34.7272390Z #33 12.42 Downloading typeguard-4.4.4-py3-none-any.whl (34 kB)
2025-08-23T13:44:34.7273284Z #33 12.43 Downloading wrapt-1.17.3-cp312-cp312-manylinux1_x86_64.manylinux_2_28_x86_64.manylinux_2_5_x86_64.whl (88 kB)
2025-08-23T13:44:34.7274584Z #33 12.43 Downloading aiohappyeyeballs-2.6.1-py3-none-any.whl (15 kB)
2025-08-23T13:44:34.7275269Z #33 12.44 Downloading aiosignal-1.4.0-py3-none-any.whl (7.5 kB)
2025-08-23T13:44:34.7275853Z #33 12.46 Downloading amqp-5.3.1-py3-none-any.whl (50 kB)
2025-08-23T13:44:34.7276472Z #33 12.46 Downloading annotated_types-0.7.0-py3-none-any.whl (13 kB)
2025-08-23T13:44:34.7277098Z #33 12.47 Downloading attrs-25.3.0-py3-none-any.whl (63 kB)
2025-08-23T13:44:34.7277697Z #33 12.48 Downloading botocore-1.40.16-py3-none-any.whl (14.0 MB)
2025-08-23T13:44:34.8280028Z #33 12.55    ━━━━━━━━━━━━━━━━━━━━━━━━━━━━━━━━━━━━━━━━ 14.0/14.0 MB 210.3 MB/s eta 0:00:00
2025-08-23T13:44:34.8292010Z #33 12.55 Downloading charset_normalizer-3.4.3-cp312-cp312-manylinux2014_x86_64.manylinux_2_17_x86_64.manylinux_2_28_x86_64.whl (151 kB)
2025-08-23T13:44:34.8293641Z #33 12.56 Downloading frozenlist-1.7.0-cp312-cp312-manylinux_2_5_x86_64.manylinux1_x86_64.manylinux_2_17_x86_64.manylinux2014_x86_64.whl (241 kB)
2025-08-23T13:44:34.8294900Z #33 12.57 Downloading idna-3.10-py3-none-any.whl (70 kB)
2025-08-23T13:44:34.8295483Z #33 12.58 Downloading jmespath-1.0.1-py3-none-any.whl (20 kB)
2025-08-23T13:44:34.8296415Z #33 12.59 Downloading multidict-6.6.4-cp312-cp312-manylinux2014_x86_64.manylinux_2_17_x86_64.manylinux_2_28_x86_64.whl (256 kB)
2025-08-23T13:44:34.8297389Z #33 12.60 Downloading mypy_extensions-1.1.0-py3-none-any.whl (5.0 kB)
2025-08-23T13:44:34.9505578Z #33 ...
2025-08-23T13:44:34.9509466Z 
2025-08-23T13:44:34.9510106Z #42 [postgres 6/6] RUN chmod 0644 /etc/postgresql/pg_hba.conf &&     chmod +x /docker-entrypoint-initdb.d/10_init_pg_hba.sh
2025-08-23T13:44:34.9510934Z #42 DONE 0.2s
2025-08-23T13:44:34.9511112Z 
2025-08-23T13:44:34.9511704Z #33 [celery_worker base 4/8] RUN if [ -n "" ] && [ -f "" ]; then         pip install -r requirements.txt -c "";     else         pip install -r requirements.txt;     fi
2025-08-23T13:44:34.9512910Z #33 12.62 Downloading prompt_toolkit-3.0.51-py3-none-any.whl (387 kB)
2025-08-23T13:44:34.9513862Z #33 12.64 Downloading propcache-0.3.2-cp312-cp312-manylinux_2_17_x86_64.manylinux2014_x86_64.whl (224 kB)
2025-08-23T13:44:34.9514719Z #33 12.64 Downloading s3transfer-0.13.1-py3-none-any.whl (85 kB)
2025-08-23T13:44:34.9515425Z #33 12.66 Downloading typing_inspection-0.4.1-py3-none-any.whl (14 kB)
2025-08-23T13:44:34.9516275Z #33 12.66 Downloading yarl-1.20.1-cp312-cp312-manylinux_2_17_x86_64.manylinux2014_x86_64.whl (355 kB)
2025-08-23T13:44:34.9517268Z #33 12.67 Downloading PyYAML-6.0.2-cp312-cp312-manylinux_2_17_x86_64.manylinux2014_x86_64.whl (767 kB)
2025-08-23T13:44:34.9518437Z #33 12.69    ━━━━━━━━━━━━━━━━━━━━━━━━━━━━━━━━━━━━━━━━ 767.5/767.5 kB 58.1 MB/s eta 0:00:00
2025-08-23T13:44:34.9519063Z #33 12.70 Downloading wcwidth-0.2.13-py2.py3-none-any.whl (34 kB)
2025-08-23T13:44:35.5908639Z #33 13.22 Installing collected packages: wcwidth, pytz, wrapt, vine, urllib3, tzdata, typing-extensions, tqdm, six, pyyaml, python-dotenv, PyJWT, pycryptodome, psycopg2-binary, psycopg-binary, propcache, prompt-toolkit, packaging, numpy, mypy-extensions, multimethod, multidict, jmespath, idna, frozenlist, et-xmlfile, click, charset_normalizer, certifi, cachetools, billiard, attrs, annotated-types, aiohappyeyeballs, yarl, typing-inspection, typing-inspect, typeguard, sentry-sdk, requests, redis, python-dateutil, pydantic-core, psycopg, openpyxl, minio, confuse, click-repl, click-plugins, click-didyoumean, amqp, aiosignal, pydantic, pandas, kombu, botocore, aiohttp, s3transfer, pydantic-settings, pandera, keepa, celery, boto3, python-amazon-sp-api
2025-08-23T13:44:36.3660668Z #33 ...
2025-08-23T13:44:36.3666781Z 
2025-08-23T13:44:36.3671559Z #43 [postgres] exporting to image
2025-08-23T13:44:36.3677429Z #43 exporting layers 1.3s done
2025-08-23T13:44:36.3684749Z #43 writing image sha256:7f911935c28be42b875cbe5cfa427ebfa350a979a8abf44c83fa09c7a09a59f5 done
2025-08-23T13:44:36.3690455Z #43 naming to docker.io/library/awa-app-postgres done
2025-08-23T13:44:36.3691359Z #43 DONE 1.3s
2025-08-23T13:44:36.3691546Z 
2025-08-23T13:44:36.3691769Z #44 [postgres] resolving provenance for metadata file
2025-08-23T13:44:36.3692386Z #44 DONE 0.0s
2025-08-23T13:44:36.5162784Z 
2025-08-23T13:44:36.5163353Z #35 [api base  4/13] RUN pip install --no-cache-dir -r requirements.txt
2025-08-23T13:44:36.5164313Z #35 10.43 Collecting httptools>=0.5.0 (from uvicorn[standard]>=0.12.0->fastapi==0.111.0->-r requirements.txt (line 3))
2025-08-23T13:44:36.5165661Z #35 10.45   Downloading httptools-0.6.4-cp312-cp312-manylinux_2_5_x86_64.manylinux1_x86_64.manylinux_2_17_x86_64.manylinux2014_x86_64.whl.metadata (3.6 kB)
2025-08-23T13:44:36.5166975Z #35 10.53 Collecting pyyaml>=5.1 (from uvicorn[standard]>=0.12.0->fastapi==0.111.0->-r requirements.txt (line 3))
2025-08-23T13:44:36.5168050Z #35 10.56   Downloading PyYAML-6.0.2-cp312-cp312-manylinux_2_17_x86_64.manylinux2014_x86_64.whl.metadata (2.1 kB)
2025-08-23T13:44:36.5169181Z #35 10.63 Collecting uvloop!=0.15.0,!=0.15.1,>=0.14.0 (from uvicorn[standard]>=0.12.0->fastapi==0.111.0->-r requirements.txt (line 3))
2025-08-23T13:44:36.5170627Z #35 10.65   Downloading uvloop-0.21.0-cp312-cp312-manylinux_2_17_x86_64.manylinux2014_x86_64.whl.metadata (4.9 kB)
2025-08-23T13:44:36.5171782Z #35 10.81 Collecting watchfiles>=0.13 (from uvicorn[standard]>=0.12.0->fastapi==0.111.0->-r requirements.txt (line 3))
2025-08-23T13:44:36.5173146Z #35 10.83   Downloading watchfiles-1.1.0-cp312-cp312-manylinux_2_17_x86_64.manylinux2014_x86_64.whl.metadata (4.9 kB)
2025-08-23T13:44:36.5174311Z #35 10.95 Collecting websockets>=10.4 (from uvicorn[standard]>=0.12.0->fastapi==0.111.0->-r requirements.txt (line 3))
2025-08-23T13:44:36.5175677Z #35 10.97   Downloading websockets-15.0.1-cp312-cp312-manylinux_2_5_x86_64.manylinux1_x86_64.manylinux_2_17_x86_64.manylinux2014_x86_64.whl.metadata (6.8 kB)
2025-08-23T13:44:36.5177097Z #35 11.01 Collecting wcwidth (from prompt-toolkit>=3.0.36->click-repl>=0.2.0->celery==5.3.*->-r requirements.txt (line 11))
2025-08-23T13:44:36.5178135Z #35 11.03   Downloading wcwidth-0.2.13-py2.py3-none-any.whl.metadata (14 kB)
2025-08-23T13:44:36.5179141Z #35 11.10 Collecting rich>=13.7.1 (from rich-toolkit>=0.14.8->fastapi-cli>=0.0.2->fastapi==0.111.0->-r requirements.txt (line 3))
2025-08-23T13:44:36.5180073Z #35 11.12   Downloading rich-14.1.0-py3-none-any.whl.metadata (18 kB)
2025-08-23T13:44:36.5181008Z #35 11.17 Collecting shellingham>=1.3.0 (from typer>=0.15.1->fastapi-cli>=0.0.2->fastapi==0.111.0->-r requirements.txt (line 3))
2025-08-23T13:44:36.5182039Z #35 11.19   Downloading shellingham-1.5.4-py2.py3-none-any.whl.metadata (3.5 kB)
2025-08-23T13:44:36.5183166Z #35 11.27 Collecting markdown-it-py>=2.2.0 (from rich>=13.7.1->rich-toolkit>=0.14.8->fastapi-cli>=0.0.2->fastapi==0.111.0->-r requirements.txt (line 3))
2025-08-23T13:44:36.5183774Z #35 11.29   Downloading markdown_it_py-4.0.0-py3-none-any.whl.metadata (7.3 kB)
2025-08-23T13:44:36.5184588Z #35 11.33 Collecting pygments<3.0.0,>=2.13.0 (from rich>=13.7.1->rich-toolkit>=0.14.8->fastapi-cli>=0.0.2->fastapi==0.111.0->-r requirements.txt (line 3))
2025-08-23T13:44:36.5185666Z #35 11.35   Downloading pygments-2.19.2-py3-none-any.whl.metadata (2.5 kB)
2025-08-23T13:44:36.5186814Z #35 11.37 Collecting mdurl~=0.1 (from markdown-it-py>=2.2.0->rich>=13.7.1->rich-toolkit>=0.14.8->fastapi-cli>=0.0.2->fastapi==0.111.0->-r requirements.txt (line 3))
2025-08-23T13:44:36.5187930Z #35 11.39   Downloading mdurl-0.1.2-py3-none-any.whl.metadata (1.6 kB)
2025-08-23T13:44:36.5188592Z #35 11.42 Downloading uvicorn-0.29.0-py3-none-any.whl (60 kB)
2025-08-23T13:44:36.5189260Z #35 11.45 Downloading pydantic_settings-2.2.1-py3-none-any.whl (13 kB)
2025-08-23T13:44:36.5189920Z #35 11.47 Downloading fastapi-0.111.0-py3-none-any.whl (91 kB)
2025-08-23T13:44:36.5190786Z #35 11.49 Downloading SQLAlchemy-2.0.29-cp312-cp312-manylinux_2_17_x86_64.manylinux2014_x86_64.whl (3.2 MB)
2025-08-23T13:44:36.5192014Z #35 11.57    ━━━━━━━━━━━━━━━━━━━━━━━━━━━━━━━━━━━━━━━━ 3.2/3.2 MB 57.8 MB/s eta 0:00:00
2025-08-23T13:44:36.5193107Z #35 11.59 Downloading alembic-1.13.1-py3-none-any.whl (233 kB)
2025-08-23T13:44:36.5193912Z #35 11.61 Downloading psycopg-3.2.9-py3-none-any.whl (202 kB)
2025-08-23T13:44:36.5194508Z #35 11.63 Downloading httpx-0.27.2-py3-none-any.whl (76 kB)
2025-08-23T13:44:36.5195310Z #35 11.65 Downloading asyncpg-0.29.0-cp312-cp312-manylinux_2_17_x86_64.manylinux2014_x86_64.whl (3.3 MB)
2025-08-23T13:44:36.5196323Z #35 11.67    ━━━━━━━━━━━━━━━━━━━━━━━━━━━━━━━━━━━━━━━━ 3.3/3.3 MB 191.2 MB/s eta 0:00:00
2025-08-23T13:44:36.5196926Z #35 11.70 Downloading boto3-1.34.162-py3-none-any.whl (139 kB)
2025-08-23T13:44:36.5197530Z #35 11.72 Downloading jinja2-3.1.5-py3-none-any.whl (134 kB)
2025-08-23T13:44:36.5198107Z #35 11.73 Downloading celery-5.3.6-py3-none-any.whl (422 kB)
2025-08-23T13:44:36.5198716Z #35 11.76 Downloading structlog-24.1.0-py3-none-any.whl (65 kB)
2025-08-23T13:44:36.5199451Z #35 11.78 Downloading asgi_correlation_id-4.3.1-py3-none-any.whl (15 kB)
2025-08-23T13:44:36.5200166Z #35 11.82 Downloading fastapi_limiter-0.1.6-py3-none-any.whl (15 kB)
2025-08-23T13:44:36.5200852Z #35 11.84 Downloading redis-5.0.8-py3-none-any.whl (255 kB)
2025-08-23T13:44:36.5201492Z #35 11.86 Downloading sentry_sdk-2.9.0-py2.py3-none-any.whl (301 kB)
2025-08-23T13:44:36.5202462Z #35 11.88 Downloading httpcore-1.0.9-py3-none-any.whl (78 kB)
2025-08-23T13:44:36.5203368Z #35 11.90 Downloading psycopg_binary-3.2.9-cp312-cp312-manylinux_2_17_x86_64.manylinux2014_x86_64.whl (4.4 MB)
2025-08-23T13:44:36.5204452Z #35 11.93    ━━━━━━━━━━━━━━━━━━━━━━━━━━━━━━━━━━━━━━━━ 4.4/4.4 MB 243.8 MB/s eta 0:00:00
2025-08-23T13:44:36.5205054Z #35 11.95 Downloading billiard-4.2.1-py3-none-any.whl (86 kB)
2025-08-23T13:44:36.5205684Z #35 11.97 Downloading botocore-1.34.162-py3-none-any.whl (12.5 MB)
2025-08-23T13:44:36.5206735Z #35 12.03    ━━━━━━━━━━━━━━━━━━━━━━━━━━━━━━━━━━━━━━━━ 12.5/12.5 MB 212.3 MB/s eta 0:00:00
2025-08-23T13:44:36.5207337Z #35 12.06 Downloading click-8.2.1-py3-none-any.whl (102 kB)
2025-08-23T13:44:36.5207997Z #35 12.08 Downloading click_didyoumean-0.3.1-py3-none-any.whl (3.6 kB)
2025-08-23T13:44:36.5208750Z #35 12.10 Downloading click_plugins-1.1.1.2-py2.py3-none-any.whl (11 kB)
2025-08-23T13:44:36.5209426Z #35 12.12 Downloading click_repl-0.3.0-py3-none-any.whl (10 kB)
2025-08-23T13:44:36.5210091Z #35 12.14 Downloading email_validator-2.2.0-py3-none-any.whl (33 kB)
2025-08-23T13:44:36.5210743Z #35 12.16 Downloading fastapi_cli-0.0.8-py3-none-any.whl (10 kB)
2025-08-23T13:44:36.5211600Z #35 12.18 Downloading greenlet-3.2.4-cp312-cp312-manylinux_2_24_x86_64.manylinux_2_28_x86_64.whl (607 kB)
2025-08-23T13:44:36.5212850Z #35 12.19    ━━━━━━━━━━━━━━━━━━━━━━━━━━━━━━━━━━━━━━━ 607.6/607.6 kB 349.6 MB/s eta 0:00:00
2025-08-23T13:44:36.5213436Z #35 12.21 Downloading h11-0.16.0-py3-none-any.whl (37 kB)
2025-08-23T13:44:36.5213992Z #35 12.23 Downloading idna-3.10-py3-none-any.whl (70 kB)
2025-08-23T13:44:36.5214571Z #35 12.25 Downloading jmespath-1.0.1-py3-none-any.whl (20 kB)
2025-08-23T13:44:36.5215159Z #35 12.27 Downloading kombu-5.5.4-py3-none-any.whl (210 kB)
2025-08-23T13:44:36.5215981Z #35 12.29 Downloading vine-5.1.0-py3-none-any.whl (9.6 kB)
2025-08-23T13:44:36.5216813Z #35 12.31 Downloading MarkupSafe-3.0.2-cp312-cp312-manylinux_2_17_x86_64.manylinux2014_x86_64.whl (23 kB)
2025-08-23T13:44:36.5217855Z #35 12.33 Downloading orjson-3.11.2-cp312-cp312-manylinux_2_17_x86_64.manylinux2014_x86_64.whl (121 kB)
2025-08-23T13:44:36.5218670Z #35 12.35 Downloading pydantic-2.11.7-py3-none-any.whl (444 kB)
2025-08-23T13:44:36.5219513Z #35 12.38 Downloading pydantic_core-2.33.2-cp312-cp312-manylinux_2_17_x86_64.manylinux2014_x86_64.whl (2.0 MB)
2025-08-23T13:44:36.5220550Z #35 12.39    ━━━━━━━━━━━━━━━━━━━━━━━━━━━━━━━━━━━━━━━━ 2.0/2.0 MB 313.1 MB/s eta 0:00:00
2025-08-23T13:44:36.5221253Z #35 12.41 Downloading python_dateutil-2.9.0.post0-py2.py3-none-any.whl (229 kB)
2025-08-23T13:44:36.5222009Z #35 12.43 Downloading python_dotenv-1.1.1-py3-none-any.whl (20 kB)
2025-08-23T13:44:36.5222898Z #35 12.46 Downloading python_multipart-0.0.20-py3-none-any.whl (24 kB)
2025-08-23T13:44:36.5223594Z #35 12.47 Downloading s3transfer-0.10.4-py3-none-any.whl (83 kB)
2025-08-23T13:44:36.5224452Z #35 12.49 Downloading starlette-0.37.2-py3-none-any.whl (71 kB)
2025-08-23T13:44:36.5225105Z #35 12.51 Downloading anyio-4.10.0-py3-none-any.whl (107 kB)
2025-08-23T13:44:36.5225696Z #35 12.54 Downloading sniffio-1.3.1-py3-none-any.whl (10 kB)
2025-08-23T13:44:36.5226356Z #35 12.56 Downloading typing_extensions-4.14.1-py3-none-any.whl (43 kB)
2025-08-23T13:44:36.5227041Z #35 12.58 Downloading tzdata-2025.2-py2.py3-none-any.whl (347 kB)
2025-08-23T13:44:36.5227867Z #35 12.60 Downloading ujson-5.11.0-cp312-cp312-manylinux_2_24_x86_64.manylinux_2_28_x86_64.whl (57 kB)
2025-08-23T13:44:36.5228666Z #35 12.62 Downloading urllib3-2.5.0-py3-none-any.whl (129 kB)
2025-08-23T13:44:36.5229270Z #35 12.65 Downloading certifi-2025.8.3-py3-none-any.whl (161 kB)
2025-08-23T13:44:36.5229863Z #35 12.67 Downloading mako-1.3.10-py3-none-any.whl (78 kB)
2025-08-23T13:44:36.5230408Z #35 12.68 Downloading amqp-5.3.1-py3-none-any.whl (50 kB)
2025-08-23T13:44:36.5231037Z #35 12.70 Downloading annotated_types-0.7.0-py3-none-any.whl (13 kB)
2025-08-23T13:44:36.5231695Z #35 12.74 Downloading dnspython-2.7.0-py3-none-any.whl (313 kB)
2025-08-23T13:44:36.5232905Z #35 12.75 Downloading httptools-0.6.4-cp312-cp312-manylinux_2_5_x86_64.manylinux1_x86_64.manylinux_2_17_x86_64.manylinux2014_x86_64.whl (510 kB)
2025-08-23T13:44:36.5234011Z #35 12.79 Downloading prompt_toolkit-3.0.51-py3-none-any.whl (387 kB)
2025-08-23T13:44:36.5234884Z #35 12.82 Downloading PyYAML-6.0.2-cp312-cp312-manylinux_2_17_x86_64.manylinux2014_x86_64.whl (767 kB)
2025-08-23T13:44:36.5235934Z #35 12.82    ━━━━━━━━━━━━━━━━━━━━━━━━━━━━━━━━━━━━━━━ 767.5/767.5 kB 384.6 MB/s eta 0:00:00
2025-08-23T13:44:36.5236572Z #35 12.83 Downloading rich_toolkit-0.15.0-py3-none-any.whl (29 kB)
2025-08-23T13:44:36.5237197Z #35 12.85 Downloading six-1.17.0-py2.py3-none-any.whl (11 kB)
2025-08-23T13:44:36.5237772Z #35 12.88 Downloading typer-0.16.1-py3-none-any.whl (46 kB)
2025-08-23T13:44:36.5238441Z #35 12.90 Downloading typing_inspection-0.4.1-py3-none-any.whl (14 kB)
2025-08-23T13:44:36.5239312Z #35 12.93 Downloading uvloop-0.21.0-cp312-cp312-manylinux_2_17_x86_64.manylinux2014_x86_64.whl (4.7 MB)
2025-08-23T13:44:36.5240312Z #35 12.95    ━━━━━━━━━━━━━━━━━━━━━━━━━━━━━━━━━━━━━━━━ 4.7/4.7 MB 170.4 MB/s eta 0:00:00
2025-08-23T13:44:36.5241142Z #35 12.98 Downloading watchfiles-1.1.0-cp312-cp312-manylinux_2_17_x86_64.manylinux2014_x86_64.whl (452 kB)
2025-08-23T13:44:36.5242634Z #35 13.00 Downloading websockets-15.0.1-cp312-cp312-manylinux_2_5_x86_64.manylinux1_x86_64.manylinux_2_17_x86_64.manylinux2014_x86_64.whl (182 kB)
2025-08-23T13:44:36.5243703Z #35 13.04 Downloading packaging-25.0-py3-none-any.whl (66 kB)
2025-08-23T13:44:36.5244307Z #35 13.06 Downloading rich-14.1.0-py3-none-any.whl (243 kB)
2025-08-23T13:44:36.5244955Z #35 13.07 Downloading shellingham-1.5.4-py2.py3-none-any.whl (9.8 kB)
2025-08-23T13:44:36.5245649Z #35 13.10 Downloading wcwidth-0.2.13-py2.py3-none-any.whl (34 kB)
2025-08-23T13:44:36.5246537Z #35 13.11 Downloading markdown_it_py-4.0.0-py3-none-any.whl (87 kB)
2025-08-23T13:44:36.5247199Z #35 13.15 Downloading pygments-2.19.2-py3-none-any.whl (1.2 MB)
2025-08-23T13:44:36.5248016Z #35 13.15    ━━━━━━━━━━━━━━━━━━━━━━━━━━━━━━━━━━━━━━━━ 1.2/1.2 MB 112.9 MB/s eta 0:00:00
2025-08-23T13:44:36.5248613Z #35 13.18 Downloading mdurl-0.1.2-py3-none-any.whl (10.0 kB)
2025-08-23T13:44:36.5253728Z #35 13.56 Installing collected packages: wcwidth, websockets, vine, uvloop, urllib3, ujson, tzdata, typing-extensions, structlog, sniffio, six, shellingham, redis, pyyaml, python-multipart, python-dotenv, pygments, psycopg-binary, prompt-toolkit, packaging, orjson, mdurl, MarkupSafe, jmespath, idna, httptools, h11, greenlet, dnspython, click, certifi, billiard, asyncpg, annotated-types, uvicorn, typing-inspection, sqlalchemy, sentry-sdk, python-dateutil, pydantic-core, psycopg, markdown-it-py, Mako, Jinja2, httpcore, email_validator, click-repl, click-plugins, click-didyoumean, anyio, amqp, watchfiles, starlette, rich, pydantic, kombu, httpx, botocore, alembic, typer, s3transfer, rich-toolkit, pydantic-settings, celery, asgi-correlation-id, fastapi-cli, boto3, fastapi, fastapi-limiter
2025-08-23T13:44:37.2133134Z #35 ...
2025-08-23T13:44:37.2133480Z 
2025-08-23T13:44:37.2133992Z #45 [fees_h10 stage-1 3/5] COPY --from=base /usr/local /usr/local
2025-08-23T13:44:37.2134891Z #45 DONE 1.9s
2025-08-23T13:44:37.3857921Z 
2025-08-23T13:44:37.3860523Z #46 [fees_h10 stage-1 4/5] COPY --from=base /app /app
2025-08-23T13:44:37.3873178Z #46 DONE 0.0s
2025-08-23T13:44:37.3873677Z 
2025-08-23T13:44:37.3874009Z #47 [fees_h10 stage-1 5/5] RUN chmod +x ./start.sh
2025-08-23T13:44:37.3889868Z #47 DONE 0.2s
2025-08-23T13:44:37.3906897Z 
2025-08-23T13:44:37.3911452Z #33 [celery_worker base 4/8] RUN if [ -n "" ] && [ -f "" ]; then         pip install -r requirements.txt -c "";     else         pip install -r requirements.txt;     fi
2025-08-23T13:44:38.8774854Z #33 ...
2025-08-23T13:44:38.8775114Z 
2025-08-23T13:44:38.8775264Z #48 [fees_h10] exporting to image
2025-08-23T13:44:38.8775720Z #48 exporting layers 1.3s done
2025-08-23T13:44:38.8776401Z #48 writing image sha256:80ab0ea9c6d5bb559954590ec8fb9c124ca4678c1f9782a08da9a3443e7414a4 done
2025-08-23T13:44:38.8777181Z #48 naming to docker.io/library/awa-app-fees_h10 done
2025-08-23T13:44:38.8777656Z #48 DONE 1.3s
2025-08-23T13:44:38.8777824Z 
2025-08-23T13:44:38.8778013Z #49 [fees_h10] resolving provenance for metadata file
2025-08-23T13:44:38.8778448Z #49 DONE 0.0s
2025-08-23T13:44:39.0276264Z 
2025-08-23T13:44:39.0276801Z #35 [api base  4/13] RUN pip install --no-cache-dir -r requirements.txt
2025-08-23T13:44:43.0598131Z #35 20.85 Successfully installed Jinja2-3.1.5 Mako-1.3.10 MarkupSafe-3.0.2 alembic-1.13.1 amqp-5.3.1 annotated-types-0.7.0 anyio-4.10.0 asgi-correlation-id-4.3.1 asyncpg-0.29.0 billiard-4.2.1 boto3-1.34.162 botocore-1.34.162 celery-5.3.6 certifi-2025.8.3 click-8.2.1 click-didyoumean-0.3.1 click-plugins-1.1.1.2 click-repl-0.3.0 dnspython-2.7.0 email_validator-2.2.0 fastapi-0.111.0 fastapi-cli-0.0.8 fastapi-limiter-0.1.6 greenlet-3.2.4 h11-0.16.0 httpcore-1.0.9 httptools-0.6.4 httpx-0.27.2 idna-3.10 jmespath-1.0.1 kombu-5.5.4 markdown-it-py-4.0.0 mdurl-0.1.2 orjson-3.11.2 packaging-25.0 prompt-toolkit-3.0.51 psycopg-3.2.9 psycopg-binary-3.2.9 pydantic-2.11.7 pydantic-core-2.33.2 pydantic-settings-2.2.1 pygments-2.19.2 python-dateutil-2.9.0.post0 python-dotenv-1.1.1 python-multipart-0.0.20 pyyaml-6.0.2 redis-5.0.8 rich-14.1.0 rich-toolkit-0.15.0 s3transfer-0.10.4 sentry-sdk-2.9.0 shellingham-1.5.4 six-1.17.0 sniffio-1.3.1 sqlalchemy-2.0.29 starlette-0.37.2 structlog-24.1.0 typer-0.16.1 typing-extensions-4.14.1 typing-inspection-0.4.1 tzdata-2025.2 ujson-5.11.0 urllib3-2.5.0 uvicorn-0.29.0 uvloop-0.21.0 vine-5.1.0 watchfiles-1.1.0 wcwidth-0.2.13 websockets-15.0.1
2025-08-23T13:44:43.2695557Z #35 20.85 WARNING: Running pip as the 'root' user can result in broken permissions and conflicting behaviour with the system package manager, possibly rendering your system unusable. It is recommended to use a virtual environment instead: https://pip.pypa.io/warnings/venv. Use the --root-user-action option if you know what you are doing and want to suppress this warning.
2025-08-23T13:44:43.2697958Z #35 20.91 
2025-08-23T13:44:43.2698311Z #35 20.91 [notice] A new release of pip is available: 25.0.1 -> 25.2
2025-08-23T13:44:43.2698829Z #35 20.91 [notice] To update, run: pip install --upgrade pip
2025-08-23T13:44:43.6455010Z #35 DONE 21.4s
2025-08-23T13:44:43.6456763Z 
2025-08-23T13:44:43.6458400Z #33 [celery_worker base 4/8] RUN if [ -n "" ] && [ -f "" ]; then         pip install -r requirements.txt -c "";     else         pip install -r requirements.txt;     fi
2025-08-23T13:44:43.7549577Z #33 ...
2025-08-23T13:44:43.7550021Z 
2025-08-23T13:44:43.7550328Z #50 [api base  5/13] COPY services/api/ ./services/api
2025-08-23T13:44:43.7550822Z #50 DONE 0.0s
2025-08-23T13:44:43.7550997Z 
2025-08-23T13:44:43.7551218Z #51 [api base  6/13] COPY services/common/ ./services/common
2025-08-23T13:44:43.7551718Z #51 DONE 0.0s
2025-08-23T13:44:43.7551891Z 
2025-08-23T13:44:43.7552693Z #52 [api base  7/13] COPY services/ingest/ ./services/ingest
2025-08-23T13:44:43.7553231Z #52 DONE 0.0s
2025-08-23T13:44:43.7553411Z 
2025-08-23T13:44:43.7553596Z #53 [api base  8/13] COPY services/etl/ ./services/etl
2025-08-23T13:44:43.7554035Z #53 DONE 0.0s
2025-08-23T13:44:43.7554192Z 
2025-08-23T13:44:43.7554341Z #54 [api base  9/13] COPY api/ ./api
2025-08-23T13:44:43.7554716Z #54 DONE 0.0s
2025-08-23T13:44:43.7554880Z 
2025-08-23T13:44:43.7555108Z #55 [api base 10/13] COPY services/api/alembic.ini ./alembic.ini
2025-08-23T13:44:43.7555609Z #55 DONE 0.0s
2025-08-23T13:44:43.9044343Z 
2025-08-23T13:44:43.9045300Z #56 [api base 11/13] COPY alembic/ ./alembic/
2025-08-23T13:44:43.9046952Z #56 DONE 0.0s
2025-08-23T13:44:43.9047144Z 
2025-08-23T13:44:43.9047416Z #57 [api base 12/13] COPY services/api/entrypoint.sh ./entrypoint.sh
2025-08-23T13:44:43.9047951Z #57 DONE 0.0s
2025-08-23T13:44:43.9048153Z 
2025-08-23T13:44:43.9048329Z #58 [api base 13/13] RUN chmod +x ./entrypoint.sh
2025-08-23T13:44:43.9048756Z #58 DONE 0.1s
2025-08-23T13:44:43.9048917Z 
2025-08-23T13:44:43.9049478Z #33 [celery_worker base 4/8] RUN if [ -n "" ] && [ -f "" ]; then         pip install -r requirements.txt -c "";     else         pip install -r requirements.txt;     fi
2025-08-23T13:44:44.9816626Z #33 ...
2025-08-23T13:44:44.9817057Z 
2025-08-23T13:44:44.9817595Z #59 [api stage-1 4/6] COPY --from=base /usr/local /usr/local
2025-08-23T13:44:47.0179471Z #59 DONE 2.0s
2025-08-23T13:44:47.0179732Z 
2025-08-23T13:44:47.0180611Z #33 [celery_worker base 4/8] RUN if [ -n "" ] && [ -f "" ]; then         pip install -r requirements.txt -c "";     else         pip install -r requirements.txt;     fi
2025-08-23T13:44:47.1969471Z #33 ...
2025-08-23T13:44:47.1969699Z 
2025-08-23T13:44:47.1970010Z #60 [api stage-1 5/6] COPY --from=base /app /app
2025-08-23T13:44:47.1970467Z #60 DONE 0.0s
2025-08-23T13:44:47.1970629Z 
2025-08-23T13:44:47.1970846Z #61 [api stage-1 6/6] RUN chmod +x /app/entrypoint.sh
2025-08-23T13:44:47.1971277Z #61 DONE 0.1s
2025-08-23T13:44:47.3488236Z 
2025-08-23T13:44:47.3489319Z #62 [api] exporting to image
2025-08-23T13:44:47.3491011Z #62 exporting layers
2025-08-23T13:44:48.7907033Z #62 ...
2025-08-23T13:44:48.7907848Z 
2025-08-23T13:44:48.7908505Z #33 [celery_worker base 4/8] RUN if [ -n "" ] && [ -f "" ]; then         pip install -r requirements.txt -c "";     else         pip install -r requirements.txt;     fi
2025-08-23T13:44:48.7911091Z #33 25.80 WARNING: Running pip as the 'root' user can result in broken permissions and conflicting behaviour with the system package manager, possibly rendering your system unusable. It is recommended to use a virtual environment instead: https://pip.pypa.io/warnings/venv. Use the --root-user-action option if you know what you are doing and want to suppress this warning.
2025-08-23T13:44:48.7918102Z #33 25.81 Successfully installed PyJWT-2.10.1 aiohappyeyeballs-2.6.1 aiohttp-3.12.15 aiosignal-1.4.0 amqp-5.3.1 annotated-types-0.7.0 attrs-25.3.0 billiard-4.2.1 boto3-1.40.16 botocore-1.40.16 cachetools-4.2.4 celery-5.3.6 certifi-2025.8.3 charset_normalizer-3.4.3 click-8.2.1 click-didyoumean-0.3.1 click-plugins-1.1.1.2 click-repl-0.3.0 confuse-1.4.0 et-xmlfile-2.0.0 frozenlist-1.7.0 idna-3.10 jmespath-1.0.1 keepa-1.3.14 kombu-5.5.4 minio-7.1.15 multidict-6.6.4 multimethod-1.10 mypy-extensions-1.1.0 numpy-1.26.4 openpyxl-3.1.5 packaging-25.0 pandas-2.2.3 pandera-0.19.3 prompt-toolkit-3.0.51 propcache-0.3.2 psycopg-3.2.9 psycopg-binary-3.2.9 psycopg2-binary-2.9.10 pycryptodome-3.23.0 pydantic-2.11.7 pydantic-core-2.33.2 pydantic-settings-2.2.1 python-amazon-sp-api-0.8.0 python-dateutil-2.9.0.post0 python-dotenv-1.1.1 pytz-2025.2 pyyaml-6.0.2 redis-5.3.1 requests-2.32.5 s3transfer-0.13.1 sentry-sdk-2.9.0 six-1.17.0 tqdm-4.67.1 typeguard-4.4.4 typing-extensions-4.14.1 typing-inspect-0.9.0 typing-inspection-0.4.1 tzdata-2025.2 urllib3-2.5.0 vine-5.1.0 wcwidth-0.2.13 wrapt-1.17.3 yarl-1.20.1
2025-08-23T13:44:48.7923955Z #33 25.91 
2025-08-23T13:44:48.7924645Z #33 25.91 [notice] A new release of pip is available: 25.0.1 -> 25.2
2025-08-23T13:44:48.7925582Z #33 25.91 [notice] To update, run: pip install --upgrade pip
2025-08-23T13:44:48.7926010Z #33 DONE 26.4s
2025-08-23T13:44:48.7926117Z 
2025-08-23T13:44:48.7926281Z #63 [celery_worker base 5/8] COPY services/common/ ./services/common
2025-08-23T13:44:48.7926584Z #63 DONE 0.0s
2025-08-23T13:44:48.7926680Z 
2025-08-23T13:44:48.7926822Z #64 [celery_worker base 6/8] COPY services/ingest/ ./services/ingest
2025-08-23T13:44:48.7927125Z #64 DONE 0.0s
2025-08-23T13:44:48.7927219Z 
2025-08-23T13:44:48.7927326Z #65 [etl base 7/8] COPY services/etl/ ./services/etl
2025-08-23T13:44:48.7927570Z #65 DONE 0.0s
2025-08-23T13:44:48.8007445Z 
2025-08-23T13:44:48.8009514Z #66 [celery_worker base 8/8] RUN chmod +x services/etl/wait-for-it.sh services/etl/entrypoint.sh
2025-08-23T13:44:48.9512675Z #66 DONE 0.2s
2025-08-23T13:44:48.9513020Z 
2025-08-23T13:44:48.9513436Z #62 [api] exporting to image
2025-08-23T13:44:49.5571280Z #62 exporting layers 2.3s done
2025-08-23T13:44:49.5572058Z #62 writing image sha256:5c363a8825f9106b1a1c8fcffee47aafb77b169ae57c48750b52004eb93d194b done
2025-08-23T13:44:49.5573031Z #62 naming to docker.io/library/awa-app-api done
2025-08-23T13:44:49.5573483Z #62 DONE 2.4s
2025-08-23T13:44:49.7237227Z 
2025-08-23T13:44:49.7237664Z #67 [api] resolving provenance for metadata file
2025-08-23T13:44:49.7238080Z #67 DONE 0.0s
2025-08-23T13:44:50.2689562Z 
2025-08-23T13:44:50.2693210Z #68 [celery_worker stage-1 3/5] COPY --from=base /usr/local /usr/local
2025-08-23T13:44:53.0715884Z #68 DONE 2.7s
2025-08-23T13:44:53.0716118Z 
2025-08-23T13:44:53.0716309Z #69 [etl stage-1 4/5] COPY --from=base /app /app
2025-08-23T13:44:53.0716648Z #69 DONE 0.0s
2025-08-23T13:44:53.0716748Z 
2025-08-23T13:44:53.0717517Z #70 [celery_worker stage-1 5/5] RUN set -eux;     if [ -f /etc/apt/sources.list ]; then         sed -i 's|http://deb.debian.org|https://deb.debian.org|g' /etc/apt/sources.list;     fi;     apt-get update;     apt-get install -y --no-install-recommends tzdata;     rm -rf /var/lib/apt/lists/*
2025-08-23T13:44:53.1836667Z #70 0.110 + [ -f /etc/apt/sources.list ]
2025-08-23T13:44:53.1837045Z #70 0.110 + apt-get update
2025-08-23T13:44:53.1837375Z #70 0.179 Hit:1 http://deb.debian.org/debian trixie InRelease
2025-08-23T13:44:53.1837886Z #70 0.189 Get:2 http://deb.debian.org/debian trixie-updates InRelease [47.1 kB]
2025-08-23T13:44:53.1838447Z #70 0.223 Get:3 http://deb.debian.org/debian-security trixie-security InRelease [43.4 kB]
2025-08-23T13:44:53.3388280Z #70 0.244 Get:4 http://deb.debian.org/debian trixie/main amd64 Packages [9668 kB]
2025-08-23T13:44:53.3389011Z #70 0.378 Get:5 http://deb.debian.org/debian trixie-updates/main amd64 Packages [2432 B]
2025-08-23T13:44:53.5068484Z #70 0.395 Get:6 http://deb.debian.org/debian-security trixie-security/main amd64 Packages [23.9 kB]
2025-08-23T13:44:53.9633732Z #70 1.002 Fetched 9784 kB in 1s (11.2 MB/s)
2025-08-23T13:44:54.3788158Z #70 1.002 Reading package lists...
2025-08-23T13:44:54.5459974Z #70 1.426 + apt-get install -y --no-install-recommends tzdata
2025-08-23T13:44:55.0356211Z #70 1.434 Reading package lists...
2025-08-23T13:44:55.0356572Z #70 1.859 Building dependency tree...
2025-08-23T13:44:55.0356850Z #70 1.946 Reading state information...
2025-08-23T13:44:55.2034090Z #70 2.074 tzdata is already the newest version (2025b-4).
2025-08-23T13:44:55.2036895Z #70 2.074 0 upgraded, 0 newly installed, 0 to remove and 0 not upgraded.
2025-08-23T13:44:55.2040972Z #70 2.075 + rm -rf /var/lib/apt/lists/auxfiles /var/lib/apt/lists/deb.debian.org_debian-security_dists_trixie-security_InRelease /var/lib/apt/lists/deb.debian.org_debian-security_dists_trixie-security_main_binary-amd64_Packages.lz4 /var/lib/apt/lists/deb.debian.org_debian_dists_trixie-updates_InRelease /var/lib/apt/lists/deb.debian.org_debian_dists_trixie-updates_main_binary-amd64_Packages.lz4 /var/lib/apt/lists/deb.debian.org_debian_dists_trixie_InRelease /var/lib/apt/lists/deb.debian.org_debian_dists_trixie_main_binary-amd64_Packages.lz4 /var/lib/apt/lists/lock /var/lib/apt/lists/partial
2025-08-23T13:44:55.2044798Z #70 DONE 2.1s
2025-08-23T13:44:55.2044971Z 
2025-08-23T13:44:55.2045105Z #71 [etl] exporting to image
2025-08-23T13:44:55.2045470Z #71 exporting layers
2025-08-23T13:44:57.3013319Z #71 exporting layers 2.2s done
2025-08-23T13:44:57.3013821Z #71 writing image sha256:8f96706b02f9a2805cd86115d114ba2b7f8526faeca0e30f3dda01177d750560 done
2025-08-23T13:44:57.3014377Z #71 naming to docker.io/library/awa-app-etl done
2025-08-23T13:44:57.3014642Z #71 DONE 2.2s
2025-08-23T13:44:57.3014822Z 
2025-08-23T13:44:57.3014968Z #72 [celery_worker] exporting to image
2025-08-23T13:44:57.3015369Z #72 exporting layers 2.2s done
2025-08-23T13:44:57.3016018Z #72 writing image sha256:8f96706b02f9a2805cd86115d114ba2b7f8526faeca0e30f3dda01177d750560 done
2025-08-23T13:44:57.3016778Z #72 naming to docker.io/library/awa-app-celery_worker done
2025-08-23T13:44:57.3017238Z #72 DONE 2.2s
2025-08-23T13:44:57.3017434Z 
2025-08-23T13:44:57.3017599Z #73 [etl] resolving provenance for metadata file
2025-08-23T13:44:57.3018016Z #73 DONE 0.0s
2025-08-23T13:44:57.3018172Z 
2025-08-23T13:44:57.3018380Z #74 [celery_worker] resolving provenance for metadata file
2025-08-23T13:44:57.3018821Z #74 DONE 0.0s
2025-08-23T13:44:57.3019086Z  fees_h10  Built
2025-08-23T13:44:57.3019333Z  etl  Built
2025-08-23T13:44:57.3019575Z  postgres  Built
2025-08-23T13:44:57.3019835Z  api  Built
2025-08-23T13:44:57.3020081Z  celery_worker  Built
2025-08-23T13:44:57.3086230Z ##[group]Run export COMPOSE_DOCKER_CLI_BUILD=1 DOCKER_BUILDKIT=1
2025-08-23T13:44:57.3086670Z [36;1mexport COMPOSE_DOCKER_CLI_BUILD=1 DOCKER_BUILDKIT=1[0m
2025-08-23T13:44:57.3086978Z [36;1mdocker compose \[0m
2025-08-23T13:44:57.3087204Z [36;1m  -f docker-compose.yml \[0m
2025-08-23T13:44:57.3087461Z [36;1m  -f docker-compose.ci.yml \[0m
2025-08-23T13:44:57.3087741Z [36;1m  -f docker-compose.postgres.yml \[0m
2025-08-23T13:44:57.3088006Z [36;1m  pull[0m
2025-08-23T13:44:57.3130746Z shell: /usr/bin/bash -e {0}
2025-08-23T13:44:57.3130965Z env:
2025-08-23T13:44:57.3131177Z   GITHUB_SHA: e9a1f777401d1cc523c2cb7e0b46d4a2b0202320
2025-08-23T13:44:57.3131451Z   PG_USER: postgres
2025-08-23T13:44:57.3131630Z   PG_PASSWORD: pass
2025-08-23T13:44:57.3131825Z   PG_DATABASE: awa
2025-08-23T13:44:57.3131994Z   PG_HOST: postgres
2025-08-23T13:44:57.3132393Z   PG_PORT: 5432
2025-08-23T13:44:57.3132995Z   PG_SYNC_DSN: ***postgres:5432/awa
2025-08-23T13:44:57.3133518Z   PG_ASYNC_DSN: ***postgres:5432/awa
2025-08-23T13:44:57.3133903Z   DATABASE_URL: ***postgres:5432/awa
2025-08-23T13:44:57.3134118Z   DATA_DIR: /tmp/awa-data
2025-08-23T13:44:57.3134313Z   ENABLE_LIVE: 0
2025-08-23T13:44:57.3134480Z   TESTING: 1
2025-08-23T13:44:57.3134645Z   POSTGRES_USER: postgres
2025-08-23T13:44:57.3134844Z   POSTGRES_PASSWORD: pass
2025-08-23T13:44:57.3135023Z   POSTGRES_DB: awa
2025-08-23T13:44:57.3135196Z ##[endgroup]
2025-08-23T13:44:57.4243293Z  etl Skipped - No image to be pulled 
2025-08-23T13:44:57.4244385Z  celery_worker Skipped - No image to be pulled 
2025-08-23T13:44:57.4245155Z  postgres Skipped - No image to be pulled 
2025-08-23T13:44:57.4245598Z  api Skipped - No image to be pulled 
2025-08-23T13:44:57.4245932Z  fees_h10 Skipped - No image to be pulled 
2025-08-23T13:44:57.4246274Z  minio Pulling 
2025-08-23T13:44:57.4246452Z  redis Pulling 
2025-08-23T13:44:58.0086534Z  0368fd46e3c6 Pulling fs layer 
2025-08-23T13:44:58.0087016Z  4c55286bbede Pulling fs layer 
2025-08-23T13:44:58.0087486Z  5e28347af205 Pulling fs layer 
2025-08-23T13:44:58.0087939Z  311eca34042e Pulling fs layer 
2025-08-23T13:44:58.0088345Z  e6fe6f07e192 Pulling fs layer 
2025-08-23T13:44:58.0088755Z  a2cadbfeca72 Pulling fs layer 
2025-08-23T13:44:58.0089045Z  4f4fb700ef54 Pulling fs layer 
2025-08-23T13:44:58.0089345Z  a976ed7e7808 Pulling fs layer 
2025-08-23T13:44:58.0089679Z  e6fe6f07e192 Waiting 
2025-08-23T13:44:58.0089900Z  a2cadbfeca72 Waiting 
2025-08-23T13:44:58.0090112Z  4f4fb700ef54 Waiting 
2025-08-23T13:44:58.0090426Z  a976ed7e7808 Waiting 
2025-08-23T13:44:58.0090632Z  311eca34042e Waiting 
2025-08-23T13:44:58.0234939Z  dd15713b0f22 Pulling fs layer 
2025-08-23T13:44:58.0235410Z  fd312a3c94fc Pulling fs layer 
2025-08-23T13:44:58.0235864Z  02e05d20c69e Pulling fs layer 
2025-08-23T13:44:58.0236342Z  1f08d9fb7d7d Pulling fs layer 
2025-08-23T13:44:58.0236757Z  b452b5fb7338 Pulling fs layer 
2025-08-23T13:44:58.0237166Z  e14ab7c7ae26 Pulling fs layer 
2025-08-23T13:44:58.0237607Z  3bf7f4428838 Pulling fs layer 
2025-08-23T13:44:58.0238057Z  adc9ba906e83 Pulling fs layer 
2025-08-23T13:44:58.0238494Z  1611ffcaf8be Pulling fs layer 
2025-08-23T13:44:58.0238846Z  02e05d20c69e Waiting 
2025-08-23T13:44:58.0239063Z  fd312a3c94fc Waiting 
2025-08-23T13:44:58.0239268Z  1f08d9fb7d7d Waiting 
2025-08-23T13:44:58.0239476Z  3bf7f4428838 Waiting 
2025-08-23T13:44:58.0239754Z  adc9ba906e83 Waiting 
2025-08-23T13:44:58.0240104Z  b452b5fb7338 Waiting 
2025-08-23T13:44:58.0240437Z  1611ffcaf8be Waiting 
2025-08-23T13:44:58.0240741Z  e14ab7c7ae26 Waiting 
2025-08-23T13:44:58.0240949Z  dd15713b0f22 Waiting 
2025-08-23T13:44:58.1106817Z  0368fd46e3c6 Downloading [>                                                  ]  37.73kB/3.638MB
2025-08-23T13:44:58.1284908Z  0368fd46e3c6 Download complete 
2025-08-23T13:44:58.1290973Z  0368fd46e3c6 Extracting [>                                                  ]  65.54kB/3.638MB
2025-08-23T13:44:58.1384117Z  5e28347af205 Downloading [>                                                  ]  2.301kB/173.2kB
2025-08-23T13:44:58.1421357Z  4c55286bbede Downloading [=================================================> ]     935B/950B
2025-08-23T13:44:58.1424275Z  4c55286bbede Downloading [==================================================>]     950B/950B
2025-08-23T13:44:58.1427400Z  4c55286bbede Verifying Checksum 
2025-08-23T13:44:58.1428168Z  4c55286bbede Download complete 
2025-08-23T13:44:58.1432713Z  5e28347af205 Verifying Checksum 
2025-08-23T13:44:58.1438822Z  5e28347af205 Download complete 
2025-08-23T13:44:58.2268064Z  0368fd46e3c6 Extracting [==================================================>]  3.638MB/3.638MB
2025-08-23T13:44:58.2413727Z  311eca34042e Downloading [>                                                  ]  11.03kB/1.003MB
2025-08-23T13:44:58.2480658Z  0368fd46e3c6 Pull complete 
2025-08-23T13:44:58.2492720Z  4c55286bbede Extracting [==================================================>]     950B/950B
2025-08-23T13:44:58.2497737Z  4c55286bbede Extracting [==================================================>]     950B/950B
2025-08-23T13:44:58.2499487Z  311eca34042e Downloading [==================================================>]  1.003MB/1.003MB
2025-08-23T13:44:58.2502435Z  311eca34042e Verifying Checksum 
2025-08-23T13:44:58.2503552Z  311eca34042e Download complete 
2025-08-23T13:44:58.2657246Z  4c55286bbede Pull complete 
2025-08-23T13:44:58.2667781Z  5e28347af205 Extracting [=========>                                         ]  32.77kB/173.2kB
2025-08-23T13:44:58.2684890Z  5e28347af205 Extracting [==================================================>]  173.2kB/173.2kB
2025-08-23T13:44:58.2690438Z  e6fe6f07e192 Downloading [>                                                  ]  126.4kB/12.41MB
2025-08-23T13:44:58.2770679Z  a2cadbfeca72 Downloading [==================================================>]      99B/99B
2025-08-23T13:44:58.2771518Z  a2cadbfeca72 Verifying Checksum 
2025-08-23T13:44:58.2772802Z  a2cadbfeca72 Download complete 
2025-08-23T13:44:58.2926148Z  5e28347af205 Extracting [==================================================>]  173.2kB/173.2kB
2025-08-23T13:44:58.3721474Z  e6fe6f07e192 Downloading [==================================>                ]  8.469MB/12.41MB
2025-08-23T13:44:58.3756313Z  4f4fb700ef54 Downloading [==================================================>]      32B/32B
2025-08-23T13:44:58.3758987Z  4f4fb700ef54 Verifying Checksum 
2025-08-23T13:44:58.3759423Z  4f4fb700ef54 Download complete 
2025-08-23T13:44:58.3891261Z  e6fe6f07e192 Verifying Checksum 
2025-08-23T13:44:58.3891733Z  e6fe6f07e192 Download complete 
2025-08-23T13:44:58.3950932Z  a976ed7e7808 Downloading [==================================================>]     574B/574B
2025-08-23T13:44:58.3952708Z  a976ed7e7808 Verifying Checksum 
2025-08-23T13:44:58.3954037Z  a976ed7e7808 Download complete 
2025-08-23T13:44:58.4083674Z  5e28347af205 Pull complete 
2025-08-23T13:44:58.4094573Z  311eca34042e Extracting [=>                                                 ]  32.77kB/1.003MB
2025-08-23T13:44:58.4288138Z  311eca34042e Extracting [==================================================>]  1.003MB/1.003MB
2025-08-23T13:44:58.4292476Z  311eca34042e Extracting [==================================================>]  1.003MB/1.003MB
2025-08-23T13:44:58.4369395Z  311eca34042e Pull complete 
2025-08-23T13:44:58.4390071Z  e6fe6f07e192 Extracting [>                                                  ]  131.1kB/12.41MB
2025-08-23T13:44:58.4981668Z  dd15713b0f22 Downloading [>                                                  ]  76.59kB/7.24MB
2025-08-23T13:44:58.5075619Z  fd312a3c94fc Downloading [>                                                  ]  17.22kB/1.637MB
2025-08-23T13:44:58.5245828Z  fd312a3c94fc Download complete 
2025-08-23T13:44:58.5285059Z  02e05d20c69e Downloading [>                                                  ]  2.304kB/122.7kB
2025-08-23T13:44:58.5306852Z  dd15713b0f22 Verifying Checksum 
2025-08-23T13:44:58.5312716Z  dd15713b0f22 Download complete 
2025-08-23T13:44:58.5315066Z  dd15713b0f22 Extracting [>                                                  ]   98.3kB/7.24MB
2025-08-23T13:44:58.5323729Z  02e05d20c69e Verifying Checksum 
2025-08-23T13:44:58.5324227Z  02e05d20c69e Download complete 
2025-08-23T13:44:58.5400237Z  e6fe6f07e192 Extracting [=========================>                         ]  6.423MB/12.41MB
2025-08-23T13:44:58.6211017Z  e6fe6f07e192 Extracting [==================================================>]  12.41MB/12.41MB
2025-08-23T13:44:58.6489424Z  dd15713b0f22 Extracting [==============>                                    ]  2.064MB/7.24MB
2025-08-23T13:44:58.6540438Z  1f08d9fb7d7d Downloading [>                                                  ]  404.9kB/39.39MB
2025-08-23T13:44:58.6559455Z  e6fe6f07e192 Pull complete 
2025-08-23T13:44:58.6568239Z  b452b5fb7338 Downloading [>                                                  ]  113.6kB/11.19MB
2025-08-23T13:44:58.6591468Z  a2cadbfeca72 Extracting [==================================================>]      99B/99B
2025-08-23T13:44:58.6592596Z  a2cadbfeca72 Extracting [==================================================>]      99B/99B
2025-08-23T13:44:58.6708644Z  a2cadbfeca72 Pull complete 
2025-08-23T13:44:58.6722445Z  4f4fb700ef54 Extracting [==================================================>]      32B/32B
2025-08-23T13:44:58.6725969Z  4f4fb700ef54 Extracting [==================================================>]      32B/32B
2025-08-23T13:44:58.6825729Z  4f4fb700ef54 Pull complete 
2025-08-23T13:44:58.6840412Z  a976ed7e7808 Extracting [==================================================>]     574B/574B
2025-08-23T13:44:58.6845004Z  a976ed7e7808 Extracting [==================================================>]     574B/574B
2025-08-23T13:44:58.6952507Z  a976ed7e7808 Pull complete 
2025-08-23T13:44:58.7043831Z  redis Pulled 
2025-08-23T13:44:58.7517757Z  dd15713b0f22 Extracting [============================================>      ]   6.39MB/7.24MB
2025-08-23T13:44:58.7526220Z  b452b5fb7338 Verifying Checksum 
2025-08-23T13:44:58.7526659Z  b452b5fb7338 Download complete 
2025-08-23T13:44:58.7556743Z  1f08d9fb7d7d Downloading [===============>                                   ]  12.47MB/39.39MB
2025-08-23T13:44:58.8300562Z  dd15713b0f22 Extracting [==================================================>]   7.24MB/7.24MB
2025-08-23T13:44:58.8396414Z  dd15713b0f22 Pull complete 
2025-08-23T13:44:58.8406462Z  fd312a3c94fc Extracting [=>                                                 ]  32.77kB/1.637MB
2025-08-23T13:44:58.8618120Z  3bf7f4428838 Downloading [>                                                  ]  2.301kB/180.3kB
2025-08-23T13:44:58.8675745Z  3bf7f4428838 Download complete 
2025-08-23T13:44:58.8688432Z  1f08d9fb7d7d Downloading [==================================>                ]  27.02MB/39.39MB
2025-08-23T13:44:58.8755345Z  fd312a3c94fc Extracting [==================================================>]  1.637MB/1.637MB
2025-08-23T13:44:58.8778134Z  fd312a3c94fc Extracting [==================================================>]  1.637MB/1.637MB
2025-08-23T13:44:58.9200051Z  1f08d9fb7d7d Download complete 
2025-08-23T13:44:58.9317825Z  fd312a3c94fc Pull complete 
2025-08-23T13:44:58.9331256Z  02e05d20c69e Extracting [=============>                                     ]  32.77kB/122.7kB
2025-08-23T13:44:58.9342299Z  02e05d20c69e Extracting [==================================================>]  122.7kB/122.7kB
2025-08-23T13:44:58.9345009Z  02e05d20c69e Extracting [==================================================>]  122.7kB/122.7kB
2025-08-23T13:44:58.9417949Z  02e05d20c69e Pull complete 
2025-08-23T13:44:58.9490794Z  1f08d9fb7d7d Extracting [>                                                  ]    426kB/39.39MB
2025-08-23T13:44:58.9930329Z  adc9ba906e83 Downloading [===>                                               ]     933B/11.88kB
2025-08-23T13:44:58.9932432Z  adc9ba906e83 Downloading [==================================================>]  11.88kB/11.88kB
2025-08-23T13:44:58.9934348Z  adc9ba906e83 Verifying Checksum 
2025-08-23T13:44:58.9935660Z  adc9ba906e83 Download complete 
2025-08-23T13:44:59.0337814Z  1611ffcaf8be Downloading [==================================================>]     498B/498B
2025-08-23T13:44:59.0338914Z  1611ffcaf8be Verifying Checksum 
2025-08-23T13:44:59.0339359Z  1611ffcaf8be Download complete 
2025-08-23T13:44:59.0496380Z  1f08d9fb7d7d Extracting [===========>                                       ]  8.946MB/39.39MB
2025-08-23T13:44:59.0549408Z  e14ab7c7ae26 Downloading [>                                                  ]   24.2kB/2.402MB
2025-08-23T13:44:59.1525585Z  1f08d9fb7d7d Extracting [=====================>                             ]  17.04MB/39.39MB
2025-08-23T13:44:59.1559832Z  e14ab7c7ae26 Downloading [=>                                                 ]  74.26kB/2.402MB
2025-08-23T13:44:59.2564484Z  1f08d9fb7d7d Extracting [=====================================>             ]  29.82MB/39.39MB
2025-08-23T13:44:59.2584299Z  e14ab7c7ae26 Downloading [===>                                               ]  172.6kB/2.402MB
2025-08-23T13:44:59.3569790Z  1f08d9fb7d7d Extracting [================================================>  ]  37.91MB/39.39MB
2025-08-23T13:44:59.3607772Z  e14ab7c7ae26 Downloading [=========>                                         ]  450.6kB/2.402MB
2025-08-23T13:44:59.3756054Z  1f08d9fb7d7d Extracting [==================================================>]  39.39MB/39.39MB
2025-08-23T13:44:59.4153992Z  1f08d9fb7d7d Pull complete 
2025-08-23T13:44:59.4177043Z  b452b5fb7338 Extracting [>                                                  ]  131.1kB/11.19MB
2025-08-23T13:44:59.4631152Z  e14ab7c7ae26 Downloading [=====================>                             ]  1.021MB/2.402MB
2025-08-23T13:44:59.5188197Z  b452b5fb7338 Extracting [====================================>              ]  8.126MB/11.19MB
2025-08-23T13:44:59.5494581Z  b452b5fb7338 Extracting [==================================================>]  11.19MB/11.19MB
2025-08-23T13:44:59.5653957Z  e14ab7c7ae26 Downloading [======================================>            ]  1.839MB/2.402MB
2025-08-23T13:44:59.5704633Z  b452b5fb7338 Pull complete 
2025-08-23T13:44:59.5841012Z  e14ab7c7ae26 Verifying Checksum 
2025-08-23T13:44:59.5841533Z  e14ab7c7ae26 Download complete 
2025-08-23T13:44:59.5843192Z  e14ab7c7ae26 Extracting [>                                                  ]  32.77kB/2.402MB
2025-08-23T13:44:59.6120295Z  e14ab7c7ae26 Extracting [==================================================>]  2.402MB/2.402MB
2025-08-23T13:44:59.6205841Z  e14ab7c7ae26 Pull complete 
2025-08-23T13:44:59.6217992Z  3bf7f4428838 Extracting [=========>                                         ]  32.77kB/180.3kB
2025-08-23T13:44:59.6307160Z  3bf7f4428838 Extracting [==================================================>]  180.3kB/180.3kB
2025-08-23T13:44:59.6419132Z  3bf7f4428838 Pull complete 
2025-08-23T13:44:59.6430982Z  adc9ba906e83 Extracting [==================================================>]  11.88kB/11.88kB
2025-08-23T13:44:59.6434998Z  adc9ba906e83 Extracting [==================================================>]  11.88kB/11.88kB
2025-08-23T13:44:59.6524038Z  adc9ba906e83 Pull complete 
2025-08-23T13:44:59.6536355Z  1611ffcaf8be Extracting [==================================================>]     498B/498B
2025-08-23T13:44:59.6538715Z  1611ffcaf8be Extracting [==================================================>]     498B/498B
2025-08-23T13:44:59.6620603Z  1611ffcaf8be Pull complete 
2025-08-23T13:44:59.6680405Z  minio Pulled 
2025-08-23T13:44:59.6750097Z ##[group]Run export COMPOSE_DOCKER_CLI_BUILD=1 DOCKER_BUILDKIT=1
2025-08-23T13:44:59.6750535Z [36;1mexport COMPOSE_DOCKER_CLI_BUILD=1 DOCKER_BUILDKIT=1[0m
2025-08-23T13:44:59.6750843Z [36;1mdocker compose \[0m
2025-08-23T13:44:59.6751059Z [36;1m  -f docker-compose.yml \[0m
2025-08-23T13:44:59.6751303Z [36;1m  -f docker-compose.ci.yml \[0m
2025-08-23T13:44:59.6751569Z [36;1m  -f docker-compose.postgres.yml \[0m
2025-08-23T13:44:59.6751850Z [36;1m  up -d --wait --no-build --pull always[0m
2025-08-23T13:44:59.6793501Z shell: /usr/bin/bash -e {0}
2025-08-23T13:44:59.6793711Z env:
2025-08-23T13:44:59.6793930Z   GITHUB_SHA: e9a1f777401d1cc523c2cb7e0b46d4a2b0202320
2025-08-23T13:44:59.6794213Z   PG_USER: postgres
2025-08-23T13:44:59.6794391Z   PG_PASSWORD: pass
2025-08-23T13:44:59.6794568Z   PG_DATABASE: awa
2025-08-23T13:44:59.6794735Z   PG_HOST: postgres
2025-08-23T13:44:59.6794910Z   PG_PORT: 5432
2025-08-23T13:44:59.6795347Z   PG_SYNC_DSN: ***postgres:5432/awa
2025-08-23T13:44:59.6795769Z   PG_ASYNC_DSN: ***postgres:5432/awa
2025-08-23T13:44:59.6796128Z   DATABASE_URL: ***postgres:5432/awa
2025-08-23T13:44:59.6796347Z   DATA_DIR: /tmp/awa-data
2025-08-23T13:44:59.6796532Z   ENABLE_LIVE: 0
2025-08-23T13:44:59.6796694Z   TESTING: 1
2025-08-23T13:44:59.6796860Z   POSTGRES_USER: postgres
2025-08-23T13:44:59.6797059Z   POSTGRES_PASSWORD: pass
2025-08-23T13:44:59.6797246Z   POSTGRES_DB: awa
2025-08-23T13:44:59.6797410Z ##[endgroup]
2025-08-23T13:44:59.7842415Z  redis Pulling 
2025-08-23T13:44:59.7843432Z  minio Pulling 
2025-08-23T13:45:00.0846587Z  redis Pulled 
2025-08-23T13:45:00.0878036Z  minio Pulled 
2025-08-23T13:45:00.0895187Z  Network awa-app_awa-net  Creating
2025-08-23T13:45:00.1223597Z  Network awa-app_awa-net  Created
2025-08-23T13:45:00.1286309Z  Volume "awa-app_awa-pgdata"  Creating
2025-08-23T13:45:00.1298662Z  Volume "awa-app_awa-pgdata"  Created
2025-08-23T13:45:00.1301363Z  Volume "awa-app_miniodata"  Creating
2025-08-23T13:45:00.1319087Z  Volume "awa-app_miniodata"  Created
2025-08-23T13:45:00.1322477Z  Volume "awa-app_awa-data"  Creating
2025-08-23T13:45:00.1330028Z  Volume "awa-app_awa-data"  Created
2025-08-23T13:45:00.1335639Z  Container awa-app-minio-1  Creating
2025-08-23T13:45:00.1336362Z  Container awa-app-redis-1  Creating
2025-08-23T13:45:00.1336661Z  Container awa-app-postgres-1  Creating
2025-08-23T13:45:00.1642955Z  Container awa-app-postgres-1  Created
2025-08-23T13:45:00.1643434Z  Container awa-app-minio-1  Created
2025-08-23T13:45:00.1643887Z  Container awa-app-api-1  Creating
2025-08-23T13:45:00.1644998Z  Container awa-app-etl-1  Creating
2025-08-23T13:45:00.1656358Z  Container awa-app-redis-1  Created
2025-08-23T13:45:00.1657440Z  Container awa-app-fees_h10-1  Creating
2025-08-23T13:45:00.1658646Z  Container awa-app-celery_worker-1  Creating
2025-08-23T13:45:00.1817431Z  Container awa-app-api-1  Created
2025-08-23T13:45:00.1853040Z  Container awa-app-etl-1  Created
2025-08-23T13:45:00.1854557Z  Container awa-app-celery_worker-1  Created
2025-08-23T13:45:00.1856476Z  Container awa-app-fees_h10-1  Created
2025-08-23T13:45:00.1872362Z  Container awa-app-redis-1  Starting
2025-08-23T13:45:00.1873102Z  Container awa-app-postgres-1  Starting
2025-08-23T13:45:00.1874109Z  Container awa-app-minio-1  Starting
2025-08-23T13:45:00.4405915Z  Container awa-app-postgres-1  Started
2025-08-23T13:45:00.4406705Z  Container awa-app-postgres-1  Waiting
2025-08-23T13:45:00.4423118Z  Container awa-app-redis-1  Started
2025-08-23T13:45:00.4424532Z  Container awa-app-postgres-1  Waiting
2025-08-23T13:45:00.4425016Z  Container awa-app-redis-1  Waiting
2025-08-23T13:45:00.4425452Z  Container awa-app-postgres-1  Waiting
2025-08-23T13:45:00.4514201Z  Container awa-app-minio-1  Started
2025-08-23T13:45:00.4516249Z  Container awa-app-postgres-1  Waiting
2025-08-23T13:45:05.9419251Z  Container awa-app-postgres-1  Healthy
2025-08-23T13:45:05.9419857Z  Container awa-app-api-1  Starting
2025-08-23T13:45:05.9443611Z  Container awa-app-postgres-1  Healthy
2025-08-23T13:45:05.9448263Z  Container awa-app-redis-1  Healthy
2025-08-23T13:45:05.9458237Z  Container awa-app-fees_h10-1  Starting
2025-08-23T13:45:05.9459949Z  Container awa-app-postgres-1  Healthy
2025-08-23T13:45:05.9460405Z  Container awa-app-celery_worker-1  Starting
2025-08-23T13:45:05.9531146Z  Container awa-app-postgres-1  Healthy
2025-08-23T13:45:05.9535061Z  Container awa-app-etl-1  Starting
2025-08-23T13:45:06.1538329Z  Container awa-app-celery_worker-1  Started
2025-08-23T13:45:06.1555204Z  Container awa-app-etl-1  Started
2025-08-23T13:45:06.1666513Z  Container awa-app-api-1  Started
2025-08-23T13:45:06.1831499Z  Container awa-app-fees_h10-1  Started
2025-08-23T13:45:06.1852820Z  Container awa-app-minio-1  Waiting
2025-08-23T13:45:06.1853328Z  Container awa-app-celery_worker-1  Waiting
2025-08-23T13:45:06.1853801Z  Container awa-app-api-1  Waiting
2025-08-23T13:45:06.1854252Z  Container awa-app-redis-1  Waiting
2025-08-23T13:45:06.1854680Z  Container awa-app-etl-1  Waiting
2025-08-23T13:45:06.1855149Z  Container awa-app-postgres-1  Waiting
2025-08-23T13:45:06.1855624Z  Container awa-app-fees_h10-1  Waiting
2025-08-23T13:45:06.6860441Z  Container awa-app-minio-1  Healthy
2025-08-23T13:45:06.6863036Z  Container awa-app-postgres-1  Healthy
2025-08-23T13:45:06.6863497Z  Container awa-app-redis-1  Healthy
2025-08-23T13:45:11.6848491Z  Container awa-app-etl-1  Healthy
2025-08-23T13:45:36.6845096Z  Container awa-app-fees_h10-1  Healthy
2025-08-23T13:47:10.6841620Z container awa-app-api-1 exited (1)
2025-08-23T13:47:10.6894706Z ##[error]Process completed with exit code 1.
2025-08-23T13:47:10.6954162Z ##[group]Run export COMPOSE_DOCKER_CLI_BUILD=1
2025-08-23T13:47:10.6954495Z [36;1mexport COMPOSE_DOCKER_CLI_BUILD=1[0m
2025-08-23T13:47:10.6954754Z [36;1mexport DOCKER_BUILDKIT=1[0m
2025-08-23T13:47:10.6954987Z [36;1mdocker compose logs > logs.txt[0m
2025-08-23T13:47:10.6994264Z shell: /usr/bin/bash -e {0}
2025-08-23T13:47:10.6994480Z env:
2025-08-23T13:47:10.6994681Z   GITHUB_SHA: e9a1f777401d1cc523c2cb7e0b46d4a2b0202320
2025-08-23T13:47:10.6995129Z   PG_USER: postgres
2025-08-23T13:47:10.6995313Z   PG_PASSWORD: pass
2025-08-23T13:47:10.6995489Z   PG_DATABASE: awa
2025-08-23T13:47:10.6995652Z   PG_HOST: postgres
2025-08-23T13:47:10.6995825Z   PG_PORT: 5432
2025-08-23T13:47:10.6996258Z   PG_SYNC_DSN: ***postgres:5432/awa
2025-08-23T13:47:10.6996634Z   PG_ASYNC_DSN: ***postgres:5432/awa
2025-08-23T13:47:10.6996986Z   DATABASE_URL: ***postgres:5432/awa
2025-08-23T13:47:10.6997205Z   DATA_DIR: /tmp/awa-data
2025-08-23T13:47:10.6997389Z   ENABLE_LIVE: 0
2025-08-23T13:47:10.6997582Z   TESTING: 1
2025-08-23T13:47:10.6997753Z   POSTGRES_USER: postgres
2025-08-23T13:47:10.6997951Z   POSTGRES_PASSWORD: pass
2025-08-23T13:47:10.6998128Z   POSTGRES_DB: awa
2025-08-23T13:47:10.6998301Z ##[endgroup]
2025-08-23T13:47:10.8014867Z ##[group]Run actions/upload-artifact@v4
2025-08-23T13:47:10.8015157Z with:
2025-08-23T13:47:10.8015326Z   name: docker-logs
2025-08-23T13:47:10.8015508Z   path: logs.txt
2025-08-23T13:47:10.8015691Z   if-no-files-found: warn
2025-08-23T13:47:10.8015918Z   compression-level: 6
2025-08-23T13:47:10.8016111Z   overwrite: false
2025-08-23T13:47:10.8016294Z   include-hidden-files: false
2025-08-23T13:47:10.8016487Z env:
2025-08-23T13:47:10.8016678Z   GITHUB_SHA: e9a1f777401d1cc523c2cb7e0b46d4a2b0202320
2025-08-23T13:47:10.8016936Z   PG_USER: postgres
2025-08-23T13:47:10.8017115Z   PG_PASSWORD: pass
2025-08-23T13:47:10.8017282Z   PG_DATABASE: awa
2025-08-23T13:47:10.8017448Z   PG_HOST: postgres
2025-08-23T13:47:10.8017611Z   PG_PORT: 5432
2025-08-23T13:47:10.8018052Z   PG_SYNC_DSN: ***postgres:5432/awa
2025-08-23T13:47:10.8018428Z   PG_ASYNC_DSN: ***postgres:5432/awa
2025-08-23T13:47:10.8018773Z   DATABASE_URL: ***postgres:5432/awa
2025-08-23T13:47:10.8018987Z   DATA_DIR: /tmp/awa-data
2025-08-23T13:47:10.8019202Z   ENABLE_LIVE: 0
2025-08-23T13:47:10.8019360Z   TESTING: 1
2025-08-23T13:47:10.8019522Z   POSTGRES_USER: postgres
2025-08-23T13:47:10.8019711Z   POSTGRES_PASSWORD: pass
2025-08-23T13:47:10.8019899Z   POSTGRES_DB: awa
2025-08-23T13:47:10.8020064Z ##[endgroup]
2025-08-23T13:47:11.0224018Z With the provided path, there will be 1 file uploaded
2025-08-23T13:47:11.0228721Z Artifact name is valid!
2025-08-23T13:47:11.0230036Z Root directory input is valid!
2025-08-23T13:47:11.1726244Z Beginning upload of artifact content to blob storage
2025-08-23T13:47:11.3068424Z Uploaded bytes 4382
2025-08-23T13:47:11.3425981Z Finished uploading artifact content to blob storage!
2025-08-23T13:47:11.3429725Z SHA256 digest of uploaded artifact zip is ce3d36d6c62593b16adc38f3c7e4ebd6b4761dffd29e4440928a69c25f575992
2025-08-23T13:47:11.3431422Z Finalizing artifact upload
2025-08-23T13:47:11.4255735Z Artifact docker-logs.zip successfully finalized. Artifact ID 3834780342
2025-08-23T13:47:11.4257236Z Artifact docker-logs has been successfully uploaded! Final size is 4382 bytes. Artifact ID is 3834780342
2025-08-23T13:47:11.4264053Z Artifact download URL: https://github.com/AlexBomber12/AWA-App/actions/runs/17176139112/artifacts/3834780342
2025-08-23T13:47:11.4412361Z Post job cleanup.
2025-08-23T13:47:11.5238548Z [command]/usr/bin/git version
2025-08-23T13:47:11.5274136Z git version 2.51.0
2025-08-23T13:47:11.5310042Z Temporarily overriding HOME='/home/runner/work/_temp/c7621072-ce98-496d-a6ac-78be0ba855f0' before making global git config changes
2025-08-23T13:47:11.5310928Z Adding repository directory to the temporary git global config as a safe directory
2025-08-23T13:47:11.5315655Z [command]/usr/bin/git config --global --add safe.directory /home/runner/work/AWA-App/AWA-App
2025-08-23T13:47:11.5351042Z [command]/usr/bin/git config --local --name-only --get-regexp core\.sshCommand
2025-08-23T13:47:11.5383440Z [command]/usr/bin/git submodule foreach --recursive sh -c "git config --local --name-only --get-regexp 'core\.sshCommand' && git config --local --unset-all 'core.sshCommand' || :"
2025-08-23T13:47:11.5609776Z [command]/usr/bin/git config --local --name-only --get-regexp http\.https\:\/\/github\.com\/\.extraheader
2025-08-23T13:47:11.5630961Z http.https://github.com/.extraheader
2025-08-23T13:47:11.5641597Z [command]/usr/bin/git config --local --unset-all http.https://github.com/.extraheader
2025-08-23T13:47:11.5671613Z [command]/usr/bin/git submodule foreach --recursive sh -c "git config --local --name-only --get-regexp 'http\.https\:\/\/github\.com\/\.extraheader' && git config --local --unset-all 'http.https://github.com/.extraheader' || :"
2025-08-23T13:47:11.5996378Z Cleaning up orphan processes
